07-07 16:49:08.484  3566  3566 I Finalizer: Couldn't access Thread.inheritableThreadLocals. Reference finalizer threads will inherit thread local values.
07-07 16:49:08.617  3566  3567 D dalvikvm: GC_CONCURRENT freed 324K, 4% free 9844K/10247K, paused 36ms+3ms
07-07 16:49:08.699 27668 27670 D dalvikvm: GC_CONCURRENT freed 1766K, 12% free 15794K/17799K, paused 401ms+84ms
07-07 16:49:08.707  3580  3582 D dalvikvm: GC_CONCURRENT freed 171K, 3% free 9361K/9607K, paused 2ms+23ms
07-07 16:49:08.804 27668 27668 D dalvikvm: GC_FOR_ALLOC freed 438K, 14% free 15375K/17799K, paused 91ms
07-07 16:49:09.203  3566  3567 D dalvikvm: GC_CONCURRENT freed 364K, 5% free 9978K/10439K, paused 4ms+4ms
07-07 16:49:09.414  3580  3582 D dalvikvm: GC_CONCURRENT freed 131K, 3% free 9672K/9927K, paused 3ms+73ms
07-07 16:49:09.863   145   145 I ActivityManager: Process edu.buffalo.cse.phonelab.phonelabservices (pid 2206) has died.
07-07 16:49:09.914   145   145 W ActivityManager: Scheduling restart of crashed service edu.buffalo.cse.phonelab.phonelabservices/edu.buffalo.cse.phonelab.datalogger.LoggerService in 35337ms
07-07 16:49:10.613 27668 27670 D dalvikvm: GC_CONCURRENT freed 1786K, 13% free 15637K/17799K, paused 170ms+36ms
07-07 16:49:10.953   145  1189 W InputManagerService: Window already focused, ignoring focus gain of: com.android.internal.view.IInputMethodClient$Stub$Proxy@4154e220
07-07 16:49:11.043  2121  2123 D dalvikvm: GC_CONCURRENT freed 398K, 7% free 10516K/11207K, paused 6ms+22ms
07-07 16:49:11.078   145   913 I ActivityManager: Process com.android.sprintmenu (pid 3357) has died.
07-07 16:49:11.078   145   913 W ActivityManager: Scheduling restart of crashed service com.android.sprintmenu/.HiddenPhoneService in 44175ms
07-07 16:49:11.429  3566  3567 D dalvikvm: GC_CONCURRENT freed 327K, 5% free 10071K/10503K, paused 40ms+7ms
07-07 16:49:11.695  3454  3456 D dalvikvm: GC_CONCURRENT freed 259K, 4% free 9624K/9991K, paused 77ms+24ms
07-07 16:49:11.812  3580  3582 D dalvikvm: GC_CONCURRENT freed 271K, 4% free 9877K/10247K, paused 77ms+5ms
07-07 16:49:12.273   145   156 I ActivityManager: Process com.google.android.apps.plus (pid 3498) has died.
07-07 16:49:12.273   145   156 W ActivityManager: Scheduling restart of crashed service com.google.android.apps.plus/.hangout.GCommService in 52980ms
07-07 16:49:12.367 27668 27670 D dalvikvm: GC_CONCURRENT freed 2053K, 13% free 15632K/17799K, paused 2ms+12ms
07-07 16:49:12.410  3566  3567 D dalvikvm: GC_CONCURRENT freed 264K, 4% free 10271K/10631K, paused 2ms+89ms
07-07 16:49:12.496  3566  3605 W Resources: Converting to string: TypedValue{t=0x10/d=0xffffffff a=-1}
07-07 16:49:12.558  3580  3585 I dalvikvm: Total arena pages for JIT: 11
07-07 16:49:12.558  3580  3585 I dalvikvm: Total arena pages for JIT: 12
07-07 16:49:12.562  3580  3585 I dalvikvm: Total arena pages for JIT: 13
07-07 16:49:12.562  3580  3585 I dalvikvm: Total arena pages for JIT: 14
07-07 16:49:12.562  3580  3585 I dalvikvm: Total arena pages for JIT: 15
07-07 16:49:12.562  3580  3585 I dalvikvm: Total arena pages for JIT: 16
07-07 16:49:12.570  3580  3585 I dalvikvm: Total arena pages for JIT: 17
07-07 16:49:13.136 27668 27670 D dalvikvm: GC_CONCURRENT freed 2086K, 13% free 15594K/17799K, paused 3ms+8ms
07-07 16:49:13.258 27668 27702 D dalvikvm: GC_FOR_ALLOC freed 413K, 13% free 15520K/17799K, paused 52ms
07-07 16:49:13.258 27668 27702 I dalvikvm-heap: Grow heap (frag case) to 15.321MB for 95220-byte allocation
07-07 16:49:13.312 27668  3412 D dalvikvm: GC_FOR_ALLOC freed <1K, 13% free 15612K/17927K, paused 46ms
07-07 16:49:13.390 27668 27702 D dalvikvm: GC_FOR_ALLOC freed 154K, 14% free 15532K/17927K, paused 50ms
07-07 16:49:13.461 27668 27702 D dalvikvm: GC_FOR_ALLOC freed 347K, 14% free 15535K/17927K, paused 52ms
07-07 16:49:13.515 27668 27702 D dalvikvm: GC_FOR_ALLOC freed 254K, 14% free 15541K/17927K, paused 45ms
07-07 16:49:13.515 27668 27702 I dalvikvm-heap: Grow heap (frag case) to 15.424MB for 182844-byte allocation
07-07 16:49:13.566 27668 27702 D dalvikvm: GC_FOR_ALLOC freed <1K, 14% free 15719K/18119K, paused 49ms
07-07 16:49:13.644 27668 27702 D dalvikvm: GC_FOR_ALLOC freed 533K, 15% free 15531K/18119K, paused 54ms
07-07 16:49:13.730 27668 27702 D dalvikvm: GC_FOR_ALLOC freed 721K, 15% free 15520K/18119K, paused 49ms
07-07 16:49:13.867 27668 27702 D dalvikvm: GC_FOR_ALLOC freed 1157K, 15% free 15519K/18119K, paused 57ms
07-07 16:49:13.968 27668 27702 D dalvikvm: GC_FOR_ALLOC freed 1267K, 15% free 15507K/18119K, paused 48ms
07-07 16:49:14.340 27668 27670 D dalvikvm: GC_CONCURRENT freed 1972K, 15% free 15540K/18119K, paused 2ms+4ms
07-07 16:49:14.476 27668 27702 D dalvikvm: GC_FOR_ALLOC freed 1257K, 15% free 15492K/18119K, paused 51ms
07-07 16:49:14.590 27668 27702 D dalvikvm: GC_FOR_ALLOC freed 935K, 15% free 15525K/18119K, paused 50ms
07-07 16:49:14.703 27668 27702 D dalvikvm: GC_FOR_ALLOC freed 990K, 15% free 15530K/18119K, paused 59ms
07-07 16:49:14.797 27668 27702 D dalvikvm: GC_FOR_ALLOC freed 716K, 15% free 15527K/18119K, paused 49ms
07-07 16:49:14.902 27668 27702 D dalvikvm: GC_FOR_ALLOC freed 244K, 15% free 15558K/18119K, paused 82ms
07-07 16:49:14.961 27668 27702 D dalvikvm: GC_FOR_ALLOC freed 430K, 15% free 15533K/18119K, paused 47ms
07-07 16:49:15.035 27668 27702 D dalvikvm: GC_FOR_ALLOC freed 613K, 15% free 15551K/18119K, paused 50ms
07-07 16:49:15.054  3580  3585 I dalvikvm: Total arena pages for JIT: 18
07-07 16:49:15.113 27668 27702 D dalvikvm: GC_FOR_ALLOC freed 394K, 15% free 15546K/18119K, paused 53ms
07-07 16:49:15.187 27668 27702 D dalvikvm: GC_FOR_ALLOC freed 818K, 15% free 15513K/18119K, paused 50ms
07-07 16:49:15.285 27668 27702 D dalvikvm: GC_FOR_ALLOC freed 849K, 15% free 15523K/18119K, paused 55ms
07-07 16:49:15.379 27668 27702 D dalvikvm: GC_FOR_ALLOC freed 892K, 15% free 15513K/18119K, paused 46ms
07-07 16:49:15.461 27668 27702 D dalvikvm: GC_FOR_ALLOC freed 743K, 15% free 15510K/18119K, paused 51ms
07-07 16:49:15.554 27668 27702 D dalvikvm: GC_FOR_ALLOC freed 775K, 15% free 15515K/18119K, paused 47ms
07-07 16:49:15.617  3580  3582 D dalvikvm: GC_CONCURRENT freed 426K, 5% free 10005K/10503K, paused 107ms+54ms
07-07 16:49:15.629 27668 27702 D dalvikvm: GC_FOR_ALLOC freed 664K, 15% free 15530K/18119K, paused 48ms
07-07 16:49:15.711 27668 27702 D dalvikvm: GC_FOR_ALLOC freed 594K, 15% free 15537K/18119K, paused 47ms
07-07 16:49:15.785 27668 27702 D dalvikvm: GC_FOR_ALLOC freed 314K, 15% free 15538K/18119K, paused 46ms
07-07 16:49:15.883 27668 27702 D dalvikvm: GC_FOR_ALLOC freed 752K, 15% free 15512K/18119K, paused 51ms
07-07 16:49:15.988 27668 27702 D dalvikvm: GC_FOR_ALLOC freed 672K, 15% free 15532K/18119K, paused 51ms
07-07 16:49:16.039   145   162 I ActivityManager: Start proc com.google.android.apps.plus for broadcast com.google.android.apps.plus/.service.CameraMonitor: pid=3624 uid=10060 gids={3003, 3002, 1015, 1006}
07-07 16:49:16.086   145   162 I ActivityManager: Start proc com.google.android.apps.googlevoice for service com.google.android.apps.googlevoice/.UpdateService: pid=3635 uid=10054 gids={3003, 1015}
07-07 16:49:16.140 27668 27702 D dalvikvm: GC_FOR_ALLOC freed 278K, 15% free 15549K/18119K, paused 129ms
07-07 16:49:16.218   145   156 I ActivityManager: Process android.process.acore (pid 3454) has died.
07-07 16:49:16.254  3566  3567 D dalvikvm: GC_CONCURRENT freed 356K, 5% free 10372K/10823K, paused 49ms+101ms
07-07 16:49:16.320 27668 27702 D dalvikvm: GC_FOR_ALLOC freed 397K, 15% free 15538K/18119K, paused 85ms
07-07 16:49:16.761  3624  3625 D dalvikvm: GC_CONCURRENT freed 169K, 3% free 9362K/9607K, paused 32ms+8ms
07-07 16:49:16.894 27668 27702 D dalvikvm: GC_FOR_ALLOC freed 805K, 15% free 15514K/18119K, paused 187ms
07-07 16:49:17.109 27668 27702 D dalvikvm: GC_FOR_ALLOC freed 493K, 15% free 15574K/18119K, paused 93ms
07-07 16:49:17.121  3624  3624 I ActivityThread: Pub com.google.android.apps.plus.content.ApiProvider: com.google.android.apps.plus.content.EsApiProvider
07-07 16:49:17.195  3624  3624 I ActivityThread: Pub com.google.android.apps.plus.content.EsGooglePhotoProvider: com.google.android.picasasync.PicasaContentProvider
07-07 16:49:17.215 27668 27702 D dalvikvm: GC_FOR_ALLOC freed 498K, 15% free 15494K/18119K, paused 59ms
07-07 16:49:17.261  3635  3638 D dalvikvm: GC_CONCURRENT freed 251K, 4% free 9281K/9607K, paused 117ms+155ms
07-07 16:49:17.343  3624  3625 D dalvikvm: GC_CONCURRENT freed 337K, 5% free 9576K/9991K, paused 2ms+5ms
07-07 16:49:17.398  3624  3624 I ActivityThread: Pub com.google.android.apps.plus.content.EsPicasaStoreProvider: com.google.android.picasastore.PicasaPhotoContentProvider
07-07 16:49:17.414 27668 27702 D dalvikvm: GC_FOR_ALLOC freed 68K, 13% free 15868K/18119K, paused 120ms
07-07 16:49:17.449  3624  3624 I ActivityThread: Pub com.google.plus.platform: com.google.android.apps.plus.content.AdsProvider
07-07 16:49:17.457  3624  3624 I ActivityThread: Pub com.google.android.apps.plus.iu.EsGoogleIuProvider: com.google.android.apps.plus.iu.InstantUploadProvider
07-07 16:49:17.515   145   394 I ActivityManager: Start proc android.process.acore for content provider com.android.providers.contacts/.VoicemailContentProvider: pid=3656 uid=10000 gids={3003, 1015}
07-07 16:49:17.562  3624  3625 D dalvikvm: GC_CONCURRENT freed 500K, 6% free 9604K/10183K, paused 2ms+7ms
07-07 16:49:17.570  3624  3624 I ActivityThread: Pub com.google.android.apps.plus.content.EsProvider: com.google.android.apps.plus.content.EsProvider
07-07 16:49:17.609    79    79 D dalvikvm: GC_EXPLICIT freed 38K, 4% free 9027K/9347K, paused 2ms+10ms
07-07 16:49:17.695 27668 27702 D dalvikvm: JIT unchain all for threadid=29
07-07 16:49:17.707    79    79 D dalvikvm: GC_EXPLICIT freed <1K, 4% free 9027K/9347K, paused 1ms+20ms
07-07 16:49:17.754    79    79 D dalvikvm: GC_EXPLICIT freed <1K, 4% free 9027K/9347K, paused 4ms+3ms
07-07 16:49:17.785   145   408 I ActivityManager: Process com.google.android.apps.maps:LocationFriendService (pid 3580) has died.
07-07 16:49:17.793  3656  3656 I ActivityThread: Pub call_log: com.android.providers.contacts.CallLogProvider
07-07 16:49:17.840  3656  3656 I ActivityThread: Pub com.android.voicemail: com.android.providers.contacts.VoicemailContentProvider
07-07 16:49:17.840  3656  3656 I ActivityThread: Pub user_dictionary: com.android.providers.userdictionary.UserDictionaryProvider
07-07 16:49:17.925   145  1184 I ActivityManager: Start proc android.process.media for content provider com.android.providers.media/.MediaProvider: pid=3673 uid=10012 gids={1015, 1023, 1024, 2001, 3003, 3007}
07-07 16:49:17.988  3656  3656 I ActivityThread: Pub com.android.social: com.android.providers.contacts.SocialProvider
07-07 16:49:17.988  3656  3656 I ActivityThread: Pub applications: com.android.providers.applications.ApplicationsProvider
07-07 16:49:17.992 27668 27702 D dalvikvm: GC_FOR_ALLOC freed 509K, 15% free 15548K/18119K, paused 135ms
07-07 16:49:18.066  3673  3673 I ActivityThread: Pub downloads: com.android.providers.downloads.DownloadProvider
07-07 16:49:18.187  3673  3673 I ActivityThread: Pub drm: com.android.providers.drm.DrmProvider
07-07 16:49:18.191  3673  3686 I DownloadManager: in removeSpuriousFiles
07-07 16:49:18.218  3673  3686 I DownloadManager: in removeSpuriousFiles, preserving file /data/data/com.android.providers.downloads/cache/metadata.json
07-07 16:49:18.218  3673  3686 I DownloadManager: in removeSpuriousFiles, preserving file /data/data/com.android.providers.downloads/cache/en_general.htm
07-07 16:49:18.218  3673  3686 I DownloadManager: in removeSpuriousFiles, preserving file /mnt/sdcard/Download/img-thing.jpeg
07-07 16:49:18.218  3673  3686 I DownloadManager: in removeSpuriousFiles, preserving file /data/data/com.android.providers.downloads/cache/metadata-1.json
07-07 16:49:18.218  3673  3686 I DownloadManager: in removeSpuriousFiles, preserving file /data/data/com.android.providers.downloads/cache/downloadfile.jpeg
07-07 16:49:18.218  3673  3686 I DownloadManager: in removeSpuriousFiles, preserving file /data/data/com.android.providers.downloads/cache/metadata-2.json
07-07 16:49:18.222  3673  3686 I DownloadManager: in removeSpuriousFiles, preserving file /data/data/com.android.providers.downloads/cache/metadata-3.json
07-07 16:49:18.222  3673  3686 I DownloadManager: in removeSpuriousFiles, preserving file /data/data/com.android.providers.downloads/cache/downloadfile-1.jpeg
07-07 16:49:18.222  3673  3686 I DownloadManager: in removeSpuriousFiles, preserving file /data/data/com.android.providers.downloads/cache/downloadfile-2.jpeg
07-07 16:49:18.222  3673  3686 I DownloadManager: in removeSpuriousFiles, preserving file /data/data/com.android.providers.downloads/cache/metadata-4.json
07-07 16:49:18.222  3673  3686 I DownloadManager: deleting spurious file /cache/backup
07-07 16:49:18.230   145   380 I ActivityManager: Process com.google.android.apps.plus (pid 3624) has died.
07-07 16:49:18.242  3673  3673 I ActivityThread: Pub media: com.android.providers.media.MediaProvider
07-07 16:49:18.504  3656  3656 I ActivityThread: Pub contacts;com.android.contacts: com.android.providers.contacts.ContactsProvider2
07-07 16:49:18.535  3656  3658 D dalvikvm: GC_CONCURRENT freed 362K, 5% free 9169K/9607K, paused 168ms+5ms
07-07 16:49:18.586 27668 27702 D dalvikvm: GC_FOR_ALLOC freed 1326K, 14% free 15656K/18119K, paused 155ms
07-07 16:49:18.769  3673  3675 D dalvikvm: GC_CONCURRENT freed 348K, 5% free 9151K/9607K, paused 2ms+4ms
07-07 16:49:19.375  2121  2123 D dalvikvm: GC_CONCURRENT freed 503K, 7% free 10525K/11207K, paused 2ms+8ms
07-07 16:49:19.511   145   145 I ActivityManager: Start proc com.google.android.apps.maps:LocationFriendService for service com.google.android.apps.maps/com.google.googlenav.friend.reporting.LocationReceiverService: pid=3695 uid=10056 gids={3003, 1015}
07-07 16:49:19.949  3695  3697 D dalvikvm: GC_CONCURRENT freed 156K, 3% free 9376K/9607K, paused 2ms+9ms
07-07 16:49:20.078  3635  3638 D dalvikvm: GC_CONCURRENT freed 373K, 5% free 9407K/9863K, paused 2ms+2ms
07-07 16:49:20.078  3635  3647 W CursorWrapperInner: Cursor finalized without prior close()
07-07 16:49:20.078  3635  3647 W CursorWrapperInner: Cursor finalized without prior close()
07-07 16:49:20.078  3635  3647 W CursorWrapperInner: Cursor finalized without prior close()
07-07 16:49:20.324 27668 27702 D dalvikvm: GC_FOR_ALLOC freed 1755K, 13% free 15782K/18119K, paused 163ms
07-07 16:49:20.465  3635  3638 D dalvikvm: GC_CONCURRENT freed 379K, 5% free 9526K/9991K, paused 1ms+12ms
07-07 16:49:20.519  3695  3697 D dalvikvm: GC_CONCURRENT freed 154K, 3% free 9658K/9927K, paused 2ms+21ms
07-07 16:49:20.722 27668 27702 D dalvikvm: GC_FOR_ALLOC freed 1057K, 14% free 15700K/18119K, paused 104ms
07-07 16:49:20.758  3566  3567 D dalvikvm: GC_CONCURRENT freed 393K, 5% free 10424K/10951K, paused 27ms+93ms
07-07 16:49:20.847  3656  3658 D dalvikvm: GC_CONCURRENT freed 191K, 4% free 9422K/9735K, paused 171ms+2ms
07-07 16:49:20.937   145  1188 I ActivityManager: Process android.process.media (pid 3673) has died.
07-07 16:49:21.050  3695  3697 D dalvikvm: GC_CONCURRENT freed 247K, 4% free 9875K/10247K, paused 1ms+2ms
07-07 16:49:21.133 27668 27702 D dalvikvm: GC_FOR_ALLOC freed 594K, 14% free 15704K/18119K, paused 91ms
07-07 16:49:21.230 27668 27702 D dalvikvm: GC_FOR_ALLOC freed 707K, 14% free 15710K/18119K, paused 48ms
07-07 16:49:21.304 27668 27702 D dalvikvm: GC_FOR_ALLOC freed 530K, 14% free 15708K/18119K, paused 48ms
07-07 16:49:21.398 27668 27702 D dalvikvm: GC_FOR_ALLOC freed 698K, 14% free 15688K/18119K, paused 54ms
07-07 16:49:21.484 27668 27702 D dalvikvm: GC_FOR_ALLOC freed 724K, 14% free 15704K/18119K, paused 55ms
07-07 16:49:21.613 27668 27702 D dalvikvm: GC_FOR_ALLOC freed 1506K, 14% free 15676K/18119K, paused 51ms
07-07 16:49:21.695  3695  3701 I dalvikvm: Total arena pages for JIT: 11
07-07 16:49:21.699  3695  3701 I dalvikvm: Total arena pages for JIT: 12
07-07 16:49:21.699  3695  3701 I dalvikvm: Total arena pages for JIT: 13
07-07 16:49:21.699  3695  3701 I dalvikvm: Total arena pages for JIT: 14
07-07 16:49:21.703  3695  3701 I dalvikvm: Total arena pages for JIT: 15
07-07 16:49:21.703  3695  3701 I dalvikvm: Total arena pages for JIT: 16
07-07 16:49:21.703  3695  3701 I dalvikvm: Total arena pages for JIT: 17
07-07 16:49:21.879 27668 27702 D dalvikvm: GC_FOR_ALLOC freed 1453K, 14% free 15693K/18119K, paused 59ms
07-07 16:49:22.000 27668 27702 D dalvikvm: GC_FOR_ALLOC freed 1166K, 14% free 15679K/18119K, paused 49ms
07-07 16:49:22.113 27668 27702 D dalvikvm: GC_FOR_ALLOC freed 1026K, 14% free 15699K/18119K, paused 52ms
07-07 16:49:22.218 27668 27702 D dalvikvm: GC_FOR_ALLOC freed 1008K, 14% free 15689K/18119K, paused 55ms
07-07 16:49:22.320 27668 27702 D dalvikvm: GC_FOR_ALLOC freed 751K, 14% free 15695K/18119K, paused 67ms
07-07 16:49:22.425 27668 27702 D dalvikvm: GC_FOR_ALLOC freed 817K, 14% free 15694K/18119K, paused 53ms
07-07 16:49:22.523 27668 27702 D dalvikvm: GC_FOR_ALLOC freed 429K, 14% free 15695K/18119K, paused 53ms
07-07 16:49:22.633 27668 27702 D dalvikvm: GC_FOR_ALLOC freed 762K, 14% free 15691K/18119K, paused 57ms
07-07 16:49:22.722 27668 27702 D dalvikvm: GC_FOR_ALLOC freed 583K, 14% free 15695K/18119K, paused 51ms
07-07 16:49:22.859 27668 27702 D dalvikvm: GC_FOR_ALLOC freed 605K, 14% free 15687K/18119K, paused 79ms
07-07 16:49:22.996 27668 27702 D dalvikvm: GC_FOR_ALLOC freed 961K, 14% free 15684K/18119K, paused 50ms
07-07 16:49:23.300 27668 27670 D dalvikvm: GC_CONCURRENT freed 1997K, 14% free 15735K/18119K, paused 3ms+5ms
07-07 16:49:23.773 27668 27670 D dalvikvm: GC_CONCURRENT freed 1997K, 13% free 15785K/18119K, paused 39ms+11ms
07-07 16:49:24.160   145   384 D dalvikvm: GC_EXPLICIT freed 690K, 21% free 16643K/20999K, paused 28ms+20ms
07-07 16:49:24.593 27668 27670 D dalvikvm: GC_CONCURRENT freed 1840K, 12% free 15993K/18119K, paused 5ms+8ms
07-07 16:49:24.816  3695  3701 I dalvikvm: Total arena pages for JIT: 18
07-07 16:49:24.898  3695  3697 D dalvikvm: GC_CONCURRENT freed 451K, 6% free 9970K/10503K, paused 175ms+4ms
07-07 16:49:24.980 27668 27670 D dalvikvm: GC_CONCURRENT freed 2068K, 12% free 15965K/18119K, paused 3ms+5ms
07-07 16:49:25.242   145   329 D CountryDetector: The first listener is added
07-07 16:49:25.449 27668 27670 D dalvikvm: GC_CONCURRENT freed 2144K, 13% free 15868K/18119K, paused 7ms+14ms
07-07 16:49:25.531  3656  3658 D dalvikvm: GC_CONCURRENT freed 235K, 4% free 9744K/10055K, paused 8ms+6ms
07-07 16:49:25.890 27668 27670 D dalvikvm: GC_CONCURRENT freed 1977K, 13% free 15939K/18119K, paused 2ms+6ms
07-07 16:49:26.019 27668 27702 D dalvikvm: GC_FOR_ALLOC freed 284K, 13% free 15891K/18119K, paused 59ms
07-07 16:49:26.019 27668 27702 I dalvikvm-heap: Grow heap (frag case) to 15.732MB for 146240-byte allocation
07-07 16:49:26.078 27668 27702 D dalvikvm: GC_FOR_ALLOC freed <1K, 13% free 16034K/18311K, paused 56ms
07-07 16:49:26.175 27668 27702 D dalvikvm: GC_FOR_ALLOC freed 437K, 14% free 15899K/18311K, paused 58ms
07-07 16:49:26.254 27668 27702 D dalvikvm: GC_FOR_ALLOC freed 280K, 14% free 15900K/18311K, paused 60ms
07-07 16:49:26.328 27668 27702 D dalvikvm: GC_FOR_ALLOC freed 294K, 14% free 15908K/18311K, paused 53ms
07-07 16:49:26.429 27668 27702 D dalvikvm: GC_FOR_ALLOC freed 337K, 14% free 15912K/18311K, paused 56ms
07-07 16:49:26.539 27668 27702 D dalvikvm: GC_FOR_ALLOC freed 364K, 14% free 15903K/18311K, paused 52ms
07-07 16:49:26.613 27668 27702 D dalvikvm: GC_FOR_ALLOC freed 492K, 14% free 15885K/18311K, paused 51ms
07-07 16:49:26.707 27668 27702 D dalvikvm: GC_FOR_ALLOC freed 630K, 14% free 15880K/18311K, paused 51ms
07-07 16:49:26.793 27668 27702 D dalvikvm: GC_FOR_ALLOC freed 429K, 14% free 15910K/18311K, paused 52ms
07-07 16:49:26.871 27668 27702 D dalvikvm: GC_FOR_ALLOC freed 500K, 14% free 15869K/18311K, paused 61ms
07-07 16:49:27.019 27668 27702 D dalvikvm: GC_FOR_ALLOC freed 742K, 14% free 15888K/18311K, paused 54ms
07-07 16:49:27.156 27668 27702 D dalvikvm: GC_FOR_ALLOC freed 690K, 14% free 15871K/18311K, paused 65ms
07-07 16:49:27.195   145   912 I ActivityManager: Process com.google.android.apps.maps:LocationFriendService (pid 3695) has died.
07-07 16:49:27.465 27668 27702 D dalvikvm: GC_FOR_ALLOC freed 659K, 14% free 15888K/18311K, paused 123ms
07-07 16:49:27.613 27668 27702 D dalvikvm: GC_FOR_ALLOC freed 647K, 14% free 15894K/18311K, paused 93ms
07-07 16:49:27.765 27668 27702 D dalvikvm: GC_FOR_ALLOC freed 576K, 14% free 15874K/18311K, paused 97ms
07-07 16:49:28.398 27668 27670 D dalvikvm: GC_CONCURRENT freed 2043K, 14% free 15879K/18311K, paused 11ms+11ms
07-07 16:49:29.363  2121  2123 D dalvikvm: GC_CONCURRENT freed 510K, 7% free 10527K/11207K, paused 2ms+9ms
07-07 16:49:29.535   145   156 I ActivityManager: Start proc com.google.android.apps.maps:LocationFriendService for service com.google.android.apps.maps/com.google.googlenav.friend.reporting.LocationReceiverService: pid=3738 uid=10056 gids={3003, 1015}
07-07 16:49:29.777 27668 27670 D dalvikvm: GC_CONCURRENT freed 1831K, 13% free 16096K/18311K, paused 32ms+22ms
07-07 16:49:30.074  3738  3740 D dalvikvm: GC_CONCURRENT freed 158K, 3% free 9374K/9607K, paused 27ms+10ms
07-07 16:49:30.617 27668 27675 I dalvikvm: Jit: resizing JitTable from 8192 to 16384
07-07 16:49:30.871 27668 27675 D dalvikvm: JIT unchain all for threadid=29
07-07 16:49:31.000   145  3732 I ActivityManager: Applications Memory Usage (kB):
07-07 16:49:31.000   145  3732 I ActivityManager: Uptime: 90856532 Realtime: 94883318
07-07 16:49:31.000   145  3732 I ActivityManager: Total PSS by OOM adjustment:
07-07 16:49:31.000   145  3732 I ActivityManager:     27877 kB: System
07-07 16:49:31.000   145  3732 I ActivityManager:                27877 kB: system (pid 145)
07-07 16:49:31.000   145  3732 I ActivityManager:     26898 kB: Persistent
07-07 16:49:31.000   145  3732 I ActivityManager:                11683 kB: com.android.systemui (pid 215)
07-07 16:49:31.000   145  3732 I ActivityManager:                11008 kB: com.android.phone (pid 344)
07-07 16:49:31.000   145  3732 I ActivityManager:                 4207 kB: com.android.nfc (pid 358)
07-07 16:49:31.000   145  3732 I ActivityManager:     42299 kB: Foreground
07-07 16:49:31.000   145  3732 I ActivityManager:                42299 kB: com.google.android.apps.maps (pid 27668)
07-07 16:49:31.000   145  3732 I ActivityManager:     23211 kB: Visible
07-07 16:49:31.000   145  3732 I ActivityManager:                12264 kB: com.google.process.gapps (pid 27783)
07-07 16:49:31.000   145  3732 I ActivityManager:                 7825 kB: com.google.android.apps.maps:NetworkLocationService (pid 2121)
07-07 16:49:31.000   145  3732 I ActivityManager:                 3122 kB: com.android.smspush (pid 442)
07-07 16:49:31.000   145  3732 I ActivityManager:     21726 kB: Perceptible
07-07 16:49:31.000   145  3732 I ActivityManager:                14610 kB: com.spotify.mobile.android.service (pid 1433)
07-07 16:49:31.000   145  3732 I ActivityManager:                 7116 kB: com.klye.ime.latin (pid 323)
07-07 16:49:31.000   145  3732 I ActivityManager:     18189 kB: A Services
07-07 16:49:31.000   145  3732 I ActivityManager:                10812 kB: android.process.acore (pid 3656)
07-07 16:49:31.000   145  3732 I ActivityManager:                 7377 kB: com.google.android.apps.googlevoice (pid 3635)
07-07 16:49:31.000   145  3732 I ActivityManager:     12027 kB: Home
07-07 16:49:31.000   145  3732 I ActivityManager:                12027 kB: com.android.launcher (pid 373)
07-07 16:49:31.000   145  3732 I ActivityManager:     75952 kB: Previous
07-07 16:49:31.000   145  3732 I ActivityManager:                75952 kB: org.mozilla.firefox_beta (pid 2880)
07-07 16:49:31.000   145  3732 I ActivityManager:     11559 kB: B Services
07-07 16:49:31.000   145  3732 I ActivityManager:                11559 kB: com.facebook.katana (pid 3566)
07-07 16:49:31.000   145  3732 I ActivityManager: 
07-07 16:49:31.000   145  3732 I ActivityManager: Total PSS: 259738 kB
07-07 16:49:31.000   145  3732 I ActivityManager:   PID      Vss      Rss      Pss      Uss  cmdline
07-07 16:49:31.000   145  3732 I ActivityManager:  2880   94436K   94380K   75952K   74416K  org.mozilla.firefox_beta
07-07 16:49:31.000   145  3732 I ActivityManager: 27668   72240K   72208K   46990K   40312K  com.google.android.apps.maps
07-07 16:49:31.000   145  3732 I ActivityManager:   145   44316K   44240K   27939K   26532K  system_server
07-07 16:49:31.000   145  3732 I ActivityManager:  1433   31404K   31292K   14518K   13276K  com.spotify.mobile.android.service
07-07 16:49:31.000   145  3732 I ActivityManager:    78   23272K   20272K   13007K    6632K  /system/bin/surfaceflinger
07-07 16:49:31.000   145  3732 I ActivityManager: 27783   28908K   28824K   12233K   11056K  com.google.process.gapps
07-07 16:49:31.000   145  3732 I ActivityManager:   373   28920K   28836K   12004K   10680K  com.android.launcher
07-07 16:49:31.000   145  3732 I ActivityManager:   215   31160K   31072K   11735K    7492K  com.android.systemui
07-07 16:49:31.000   145  3732 I ActivityManager:  3656   31696K   31632K   11509K    9116K  android.process.acore
07-07 16:49:31.000   145  3732 I ActivityManager:   344   27216K   27144K   10998K    9884K  com.android.phone
07-07 16:49:31.000   145  3732 I ActivityManager:  3566   30540K   30472K   10963K    8888K  com.facebook.katana
07-07 16:49:31.000   145  3732 I ActivityManager:  2121   24872K   24812K    7806K    6444K  com.google.android.apps.maps:NetworkLocationService
07-07 16:49:31.000   145  3732 I ActivityManager:   323   23184K   23092K    7168K    5984K  com.klye.ime.latin
07-07 16:49:31.000   145  3732 I ActivityManager:  3635   26576K   26512K    7033K    5136K  com.google.android.apps.googlevoice
07-07 16:49:31.000   145  3732 I ActivityManager:   358   20148K   20056K    4182K    3112K  com.android.nfc
07-07 16:49:31.000   145  3732 I ActivityManager:   442   19384K   19272K    3048K    1848K  com.android.smspush
07-07 16:49:31.000   145  3732 I ActivityManager:    79   19148K   19020K    2896K    1496K  zygote
07-07 16:49:31.000   145  3732 I ActivityManager:    81    2520K    2520K    1983K    1852K  /system/bin/mediaserver
07-07 16:49:31.000   145  3732 I ActivityManager:    80    1216K    1216K     890K     876K  /system/bin/drmserver
07-07 16:49:31.000   145  3732 I ActivityManager:  1466    1000K     996K     848K     844K  logcat
07-07 16:49:31.000   145  3732 I ActivityManager:    77    1056K    1056K     728K     708K  /system/bin/rild
07-07 16:49:31.000   145  3732 I ActivityManager:    75     816K     812K     620K     600K  /system/bin/netd
07-07 16:49:31.000   145  3732 I ActivityManager:  3734     664K     656K     526K     520K  procrank
07-07 16:49:31.000   145  3732 I ActivityManager:   275     740K     736K     525K     512K  /system/bin/wpa_supplicant
07-07 16:49:31.000   145  3732 I ActivityManager:    86     580K     576K     353K     340K  /system/vendor/bin/gpsd
07-07 16:49:31.000   145  3732 I ActivityManager:   298     436K     436K     281K     276K  /system/bin/bluetoothd
07-07 16:49:31.000   145  3732 I ActivityManager:    72     440K     436K     277K     268K  /system/bin/vold
07-07 16:49:31.000   145  3732 I ActivityManager:    88     200K     200K     184K     184K  /sbin/adbd
07-07 16:49:31.000   145  3732 I ActivityManager:    85     264K     256K     162K     160K  /system/bin/keystore
07-07 16:49:31.000   145  3732 I ActivityManager: 32220     308K     304K     152K     148K  /system/bin/dhcpcd
07-07 16:49:31.000   145  3732 I ActivityManager:    82     284K     276K     144K     140K  /system/bin/dbus-daemon
07-07 16:49:31.000   145  3732 I ActivityManager:     1     204K     204K     142K     104K  /init
07-07 16:49:31.000   145  3732 I ActivityManager:    61     160K     160K     122K      84K  /sbin/ueventd
07-07 16:49:31.000   145  3732 I ActivityManager:    87     212K     208K     107K     104K  /system/bin/sh
07-07 16:49:31.000   145  3732 I ActivityManager:    83     244K     236K     100K      96K  /system/bin/installd
07-07 16:49:31.000   145  3732 I ActivityManager:    71     212K     204K      95K      92K  /system/bin/servicemanager
07-07 16:49:31.000   145  3732 I ActivityManager:   203     220K     212K      91K      88K  /system/bin/brcm_patchram_plus
07-07 16:49:31.000   145  3732 I ActivityManager:    76     184K     176K      74K      72K  /system/bin/debuggerd
07-07 16:49:31.000   145  3732 I ActivityManager:                           ------   ------  ------
07-07 16:49:31.000   145  3732 I ActivityManager:                          288401K  250372K  TOTAL
07-07 16:49:31.000   145  3732 I ActivityManager: RAM: 342896K total, 2380K free, 812K buffers, 57344K cached, 18768K shmem, 9092K slab
07-07 16:49:31.164  3738  3740 D dalvikvm: GC_CONCURRENT freed 152K, 3% free 9660K/9927K, paused 15ms+2ms
07-07 16:49:31.261 27668 27670 D dalvikvm: GC_CONCURRENT freed 2145K, 13% free 15998K/18311K, paused 4ms+8ms
07-07 16:49:31.300  3566  3567 D dalvikvm: GC_CONCURRENT freed 275K, 4% free 10558K/10951K, paused 309ms+76ms
07-07 16:49:31.492 27668 27702 D dalvikvm: GC_FOR_ALLOC freed 415K, 13% free 15967K/18311K, paused 111ms
07-07 16:49:31.660   145  1184 I ActivityManager: Process com.facebook.katana (pid 3566) has died.
07-07 16:49:31.660   145  1184 W ActivityManager: Scheduling restart of crashed service com.facebook.katana/.service.MediaUploadService in 43592ms
07-07 16:49:31.660   145  1184 W ActivityManager: Scheduling restart of crashed service com.facebook.katana/.service.FacebookService in 53592ms
07-07 16:49:31.761 27668 27702 D dalvikvm: GC_FOR_ALLOC freed 546K, 13% free 15937K/18311K, paused 123ms
07-07 16:49:31.890  3738  3740 D dalvikvm: GC_CONCURRENT freed 239K, 4% free 9880K/10247K, paused 2ms+2ms
07-07 16:49:31.957 27668 27702 D dalvikvm: GC_FOR_ALLOC freed 418K, 14% free 15929K/18311K, paused 116ms
07-07 16:49:32.035 27668 27702 D dalvikvm: GC_FOR_ALLOC freed 485K, 14% free 15927K/18311K, paused 56ms
07-07 16:49:32.117 27668 27702 D dalvikvm: GC_FOR_ALLOC freed 553K, 14% free 15913K/18311K, paused 53ms
07-07 16:49:32.211 27668 27702 D dalvikvm: GC_FOR_ALLOC freed 598K, 14% free 15888K/18311K, paused 55ms
07-07 16:49:32.242  3738  3745 I dalvikvm: Total arena pages for JIT: 11
07-07 16:49:32.246  3738  3745 I dalvikvm: Total arena pages for JIT: 12
07-07 16:49:32.246  3738  3745 I dalvikvm: Total arena pages for JIT: 13
07-07 16:49:32.246  3738  3745 I dalvikvm: Total arena pages for JIT: 14
07-07 16:49:32.246  3738  3745 I dalvikvm: Total arena pages for JIT: 15
07-07 16:49:32.269  3738  3745 I dalvikvm: Total arena pages for JIT: 16
07-07 16:49:32.269  3738  3745 I dalvikvm: Total arena pages for JIT: 17
07-07 16:49:32.613 27668 27702 D dalvikvm: GC_FOR_ALLOC freed 1025K, 14% free 15905K/18311K, paused 52ms
07-07 16:49:32.722 27668 27702 D dalvikvm: GC_FOR_ALLOC freed 936K, 14% free 15889K/18311K, paused 55ms
07-07 16:49:32.972  3656  3658 D dalvikvm: GC_CONCURRENT freed 317K, 5% free 9873K/10311K, paused 7ms+18ms
07-07 16:49:32.980  3635  3714 D dalvikvm: GC_FOR_ALLOC freed 128K, 5% free 9652K/10119K, paused 192ms
07-07 16:49:33.707 27668 27670 D dalvikvm: GC_CONCURRENT freed 1582K, 12% free 16253K/18311K, paused 6ms+9ms
07-07 16:49:33.777   145   913 I ActivityManager: Process com.google.android.apps.maps:LocationFriendService (pid 3738) has died.
07-07 16:49:34.265   145   912 I ActivityManager: Start proc com.google.android.apps.maps:LocationFriendService for service com.google.android.apps.maps/com.google.googlenav.friend.reporting.LocationReceiverService: pid=3776 uid=10056 gids={3003, 1015}
07-07 16:49:34.742  3776  3779 D dalvikvm: GC_CONCURRENT freed 161K, 3% free 9371K/9607K, paused 74ms+5ms
07-07 16:49:35.144 27668 27670 D dalvikvm: GC_CONCURRENT freed 1512K, 9% free 16856K/18375K, paused 3ms+11ms
07-07 16:49:35.281   145   162 I ActivityManager: Start proc com.whatsapp for service com.whatsapp/.messaging.MessageService: pid=3802 uid=10068 gids={1015, 3003}
07-07 16:49:35.293  3802  3802 I dalvikvm: Turning on JNI app bug workarounds for target SDK version 7...
07-07 16:49:35.461  3776  3779 D dalvikvm: GC_CONCURRENT freed 186K, 3% free 9654K/9927K, paused 14ms+15ms
07-07 16:49:35.847  3802  3804 D dalvikvm: GC_CONCURRENT freed 171K, 3% free 9360K/9607K, paused 3ms+13ms
07-07 16:49:35.918  3776  3779 D dalvikvm: GC_CONCURRENT freed 280K, 4% free 9889K/10247K, paused 2ms+6ms
07-07 16:49:36.008  3635  3714 D dalvikvm: GC_FOR_ALLOC freed 101K, 5% free 9775K/10247K, paused 251ms
07-07 16:49:36.312   145  1189 I ActivityManager: Process android.process.acore (pid 3656) has died.
07-07 16:49:36.312   145  1189 I ActivityManager: Kill com.google.android.apps.googlevoice (pid 3635): provider com.android.providers.contacts.ContactsProvider2 in dying process android.process.acore
07-07 16:49:36.320   145   329 D CountryDetector: No listener is left
07-07 16:49:36.343   145   408 I ActivityManager: Process com.google.android.apps.googlevoice (pid 3635) has died.
07-07 16:49:36.343   145   408 W ActivityManager: Scheduling restart of crashed service com.google.android.apps.googlevoice/.CallLogService in 108160ms
07-07 16:49:36.343   145   408 W ActivityManager: Scheduling restart of crashed service com.google.android.apps.googlevoice/.UpdateService in 68160ms
07-07 16:49:36.902  3802  3804 D dalvikvm: GC_CONCURRENT freed 289K, 4% free 9617K/9991K, paused 2ms+3ms
07-07 16:49:36.949 27668 27670 D dalvikvm: GC_CONCURRENT freed 2206K, 12% free 16737K/19015K, paused 37ms+39ms
07-07 16:49:37.207   145   408 I ActivityManager: Start proc android.process.acore for content provider com.android.providers.contacts/.ContactsProvider2: pid=3831 uid=10000 gids={3003, 1015}
07-07 16:49:37.285  3831  3831 I ActivityThread: Pub call_log: com.android.providers.contacts.CallLogProvider
07-07 16:49:37.340  3831  3831 I ActivityThread: Pub com.android.voicemail: com.android.providers.contacts.VoicemailContentProvider
07-07 16:49:37.343  3831  3831 I ActivityThread: Pub user_dictionary: com.android.providers.userdictionary.UserDictionaryProvider
07-07 16:49:37.383  3831  3831 I ActivityThread: Pub com.android.social: com.android.providers.contacts.SocialProvider
07-07 16:49:37.383  3831  3831 I ActivityThread: Pub applications: com.android.providers.applications.ApplicationsProvider
07-07 16:49:37.476  3802  3802 I dalvikvm: Could not find method android.media.MediaMetadataRetriever.captureFrame, referenced from method com.whatsapp.q3.a
07-07 16:49:37.476  3802  3802 W dalvikvm: VFY: unable to resolve virtual method 502: Landroid/media/MediaMetadataRetriever;.captureFrame ()Landroid/graphics/Bitmap;
07-07 16:49:37.476  3802  3802 D dalvikvm: VFY: replacing opcode 0x6e at 0x0134
07-07 16:49:37.511  3831  3831 I ActivityThread: Pub contacts;com.android.contacts: com.android.providers.contacts.ContactsProvider2
07-07 16:49:37.586  3831  3833 D dalvikvm: GC_CONCURRENT freed 350K, 5% free 9182K/9607K, paused 2ms+11ms
07-07 16:49:37.758  3802  3804 D dalvikvm: GC_CONCURRENT freed 431K, 6% free 9734K/10247K, paused 22ms+3ms
07-07 16:49:38.187 27668 27702 D dalvikvm: GC_FOR_ALLOC freed 986K, 13% free 16716K/19015K, paused 72ms
07-07 16:49:38.304 27668 27702 D dalvikvm: GC_FOR_ALLOC freed 119K, 13% free 16630K/19015K, paused 69ms
07-07 16:49:38.304 27668 27702 I dalvikvm-heap: Grow heap (frag case) to 16.441MB for 133252-byte allocation
07-07 16:49:38.386 27668 27702 D dalvikvm: GC_FOR_ALLOC freed 1K, 13% free 16759K/19207K, paused 66ms
07-07 16:49:38.527 27668 27702 D dalvikvm: GC_FOR_ALLOC freed 221K, 14% free 16638K/19207K, paused 73ms
07-07 16:49:38.531 27668 27702 I dalvikvm-heap: Grow heap (frag case) to 16.482MB for 168252-byte allocation
07-07 16:49:38.605 27668 27702 D dalvikvm: GC_FOR_ALLOC freed <1K, 14% free 16802K/19399K, paused 63ms
07-07 16:49:38.625  3802  3804 D dalvikvm: GC_CONCURRENT freed 219K, 4% free 10001K/10311K, paused 3ms+135ms
07-07 16:49:38.722 27668 27702 D dalvikvm: GC_FOR_ALLOC freed 279K, 15% free 16631K/19399K, paused 59ms
07-07 16:49:38.855 27668 27702 D dalvikvm: GC_FOR_ALLOC freed 436K, 15% free 16634K/19399K, paused 69ms
07-07 16:49:38.933 27668 27702 D dalvikvm: GC_FOR_ALLOC freed 249K, 15% free 16641K/19399K, paused 58ms
07-07 16:49:39.035 27668 27702 D dalvikvm: GC_FOR_ALLOC freed 291K, 15% free 16639K/19399K, paused 61ms
07-07 16:49:39.156 27668 27702 D dalvikvm: GC_FOR_ALLOC freed 278K, 14% free 16769K/19399K, paused 60ms
07-07 16:49:39.285 27668 27702 D dalvikvm: GC_FOR_ALLOC freed 228K, 14% free 16810K/19399K, paused 63ms
07-07 16:49:39.406  2121  2123 D dalvikvm: GC_CONCURRENT freed 508K, 7% free 10530K/11207K, paused 2ms+10ms
07-07 16:49:39.461 27668 27702 D dalvikvm: GC_FOR_ALLOC freed 279K, 15% free 16657K/19399K, paused 147ms
07-07 16:49:39.461 27668 27702 I dalvikvm-heap: Grow heap (frag case) to 16.580MB for 251112-byte allocation
07-07 16:49:39.539 27668  3557 D dalvikvm: GC_FOR_ALLOC freed <1K, 15% free 16902K/19655K, paused 65ms
07-07 16:49:39.593  3776  3783 I dalvikvm: Total arena pages for JIT: 11
07-07 16:49:39.593  3776  3783 I dalvikvm: Total arena pages for JIT: 12
07-07 16:49:39.593  3776  3783 I dalvikvm: Total arena pages for JIT: 13
07-07 16:49:39.593  3776  3783 I dalvikvm: Total arena pages for JIT: 14
07-07 16:49:39.597  3776  3783 I dalvikvm: Total arena pages for JIT: 15
07-07 16:49:39.597  3776  3783 I dalvikvm: Total arena pages for JIT: 16
07-07 16:49:39.597  3776  3783 I dalvikvm: Total arena pages for JIT: 17
07-07 16:49:39.636  3776  3783 I dalvikvm: Total arena pages for JIT: 18
07-07 16:49:39.722 27668 27702 D dalvikvm: GC_FOR_ALLOC freed 398K, 16% free 16659K/19655K, paused 70ms
07-07 16:49:39.883  3776  3779 D dalvikvm: GC_CONCURRENT freed 468K, 6% free 9948K/10503K, paused 67ms+5ms
07-07 16:49:39.992   145  1189 D dalvikvm: GC_EXPLICIT freed 1462K, 21% free 16640K/20999K, paused 7ms+8ms
07-07 16:49:40.211 27668 27702 D dalvikvm: GC_FOR_ALLOC freed 1091K, 18% free 16238K/19655K, paused 74ms
07-07 16:49:40.316   323   325 D dalvikvm: GC_CONCURRENT freed 389K, 22% free 10103K/12807K, paused 6ms+3ms
07-07 16:49:40.383  3831  3833 D dalvikvm: GC_CONCURRENT freed 142K, 3% free 9455K/9735K, paused 2ms+5ms
07-07 16:49:40.660 27668 27702 D dalvikvm: GC_FOR_ALLOC freed 824K, 18% free 16245K/19655K, paused 116ms
07-07 16:49:40.879 27668 27702 D dalvikvm: GC_FOR_ALLOC freed 522K, 18% free 16192K/19655K, paused 119ms
07-07 16:49:41.101 27668 27702 D dalvikvm: GC_FOR_ALLOC freed 729K, 18% free 16203K/19655K, paused 128ms
07-07 16:49:41.351 27668 27702 D dalvikvm: GC_FOR_ALLOC freed 671K, 18% free 16183K/19655K, paused 122ms
07-07 16:49:41.945   145   314 I ActivityManager: Process com.google.android.apps.maps:LocationFriendService (pid 3776) has died.
07-07 16:49:42.066 27668 27702 D dalvikvm: GC_FOR_ALLOC freed 648K, 17% free 16394K/19655K, paused 64ms
07-07 16:49:42.160 27668 27702 D dalvikvm: GC_FOR_ALLOC freed 806K, 18% free 16202K/19655K, paused 56ms
07-07 16:49:42.242 27668 27702 D dalvikvm: GC_FOR_ALLOC freed 589K, 18% free 16193K/19655K, paused 61ms
07-07 16:49:42.340 27668 27702 D dalvikvm: GC_FOR_ALLOC freed 575K, 18% free 16197K/19655K, paused 59ms
07-07 16:49:42.457 27668 27702 D dalvikvm: GC_FOR_ALLOC freed 702K, 18% free 16201K/19655K, paused 64ms
07-07 16:49:42.558 27668 27702 D dalvikvm: GC_FOR_ALLOC freed 671K, 18% free 16209K/19655K, paused 58ms
07-07 16:49:42.644 27668 27702 D dalvikvm: GC_FOR_ALLOC freed 370K, 17% free 16480K/19655K, paused 59ms
07-07 16:49:42.730 27668 27702 D dalvikvm: GC_FOR_ALLOC freed 420K, 18% free 16198K/19655K, paused 64ms
07-07 16:49:42.918 27668 27702 D dalvikvm: GC_FOR_ALLOC freed 804K, 18% free 16210K/19655K, paused 72ms
07-07 16:49:43.015 27668 27702 D dalvikvm: GC_FOR_ALLOC freed 378K, 17% free 16505K/19655K, paused 66ms
07-07 16:49:43.191 27668 27702 D dalvikvm: GC_FOR_ALLOC freed 452K, 18% free 16224K/19655K, paused 132ms
07-07 16:49:43.207  2121  2121 D dalvikvm: GC_EXPLICIT freed 85K, 7% free 10520K/11207K, paused 3ms+19ms
07-07 16:49:43.308 27668 27702 D dalvikvm: GC_FOR_ALLOC freed 805K, 18% free 16153K/19655K, paused 57ms
07-07 16:49:43.406 27668 27702 D dalvikvm: GC_FOR_ALLOC freed 536K, 18% free 16220K/19655K, paused 60ms
07-07 16:49:43.508 27668 27702 D dalvikvm: GC_FOR_ALLOC freed 416K, 18% free 16235K/19655K, paused 61ms
07-07 16:49:43.508 27668 27702 I dalvikvm-heap: Grow heap (frag case) to 16.247MB for 333460-byte allocation
07-07 16:49:43.566 27668  3397 D dalvikvm: GC_FOR_ALLOC freed <1K, 18% free 16560K/20039K, paused 60ms
07-07 16:49:43.691 27668 27702 D dalvikvm: GC_FOR_ALLOC freed 1008K, 20% free 16211K/20039K, paused 70ms
07-07 16:49:43.953 27668 27702 D dalvikvm: GC_FOR_ALLOC freed 1203K, 19% free 16250K/20039K, paused 130ms
07-07 16:49:44.148 27668 27702 D dalvikvm: GC_FOR_ALLOC freed 859K, 19% free 16259K/20039K, paused 115ms
07-07 16:49:44.261   215   217 D dalvikvm: GC_CONCURRENT freed 470K, 31% free 10153K/14663K, paused 3ms+11ms
07-07 16:49:44.359   215   217 D dalvikvm: GC_CONCURRENT freed 480K, 31% free 10170K/14663K, paused 2ms+10ms
07-07 16:49:44.461 27668 27702 D dalvikvm: GC_FOR_ALLOC freed 1091K, 19% free 16238K/20039K, paused 150ms
07-07 16:49:44.590   145  1185 I ActivityManager: Start proc com.google.android.apps.maps:LocationFriendService for service com.google.android.apps.maps/com.google.googlenav.friend.reporting.LocationReceiverService: pid=3857 uid=10056 gids={3003, 1015}
07-07 16:49:44.718 27668 27702 D dalvikvm: GC_FOR_ALLOC freed 997K, 19% free 16246K/20039K, paused 111ms
07-07 16:49:44.832  3857  3859 D dalvikvm: GC_CONCURRENT freed 168K, 3% free 9364K/9607K, paused 3ms+8ms
07-07 16:49:44.906 27668 27702 D dalvikvm: GC_FOR_ALLOC freed 868K, 20% free 16222K/20039K, paused 139ms
07-07 16:49:45.082 27668 27702 D dalvikvm: GC_FOR_ALLOC freed 1092K, 19% free 16245K/20039K, paused 105ms
07-07 16:49:45.215   145   162 I ActivityManager: Start proc com.spotify.mobile.android.ui for broadcast com.spotify.mobile.android.ui/.widget.SpotifyWidget: pid=3872 uid=10055 gids={3003, 1015}
07-07 16:49:45.328   145   162 I ActivityManager: Start proc edu.buffalo.cse.phonelab.phonelabservices for service edu.buffalo.cse.phonelab.phonelabservices/edu.buffalo.cse.phonelab.datalogger.LoggerService: pid=3885 uid=10037 gids={3003, 1015, 1007, 2001}
07-07 16:49:45.336  3872  3872 I ActivityThread: Pub com.spotify.mobile.android: com.spotify.mobile.android.provider.SpotifyProvider
07-07 16:49:45.340  3872  3872 I ActivityThread: Pub com.spotify.mobile.android.util.SpotifySuggestionProvider: com.spotify.mobile.android.util.SpotifySuggestionProvider
07-07 16:49:45.468  3885  3885 I PhoneLab-LoggerService: Start Logger Service
07-07 16:49:45.496 27668 27702 D dalvikvm: GC_FOR_ALLOC freed 1021K, 20% free 16221K/20039K, paused 89ms
07-07 16:49:45.511  3857  3859 D dalvikvm: GC_CONCURRENT freed 175K, 4% free 9626K/9927K, paused 6ms+5ms
07-07 16:49:45.617  1433  1433 D dalvikvm: GC_FOR_ALLOC freed 703K, 9% free 12347K/13511K, paused 231ms
07-07 16:49:45.660  3885  3898 I PhoneLab-: Service Running
07-07 16:49:45.687  3872  3872 D dalvikvm: GC_FOR_ALLOC freed 275K, 5% free 9132K/9543K, paused 41ms
07-07 16:49:45.855 27668 27702 D dalvikvm: GC_FOR_ALLOC freed 1117K, 19% free 16242K/20039K, paused 76ms
07-07 16:49:46.097   145   912 I ActivityManager: Process com.spotify.mobile.android.ui (pid 3872) has died.
07-07 16:49:46.226 27668 27702 D dalvikvm: GC_FOR_ALLOC freed 960K, 19% free 16261K/20039K, paused 197ms
07-07 16:49:46.289  3885  3898 I PhoneLab-LoggerService: app_37    1466  1     1436   996   c00f181c 400107b4 S logcat
07-07 16:49:46.289  3885  3898 I PhoneLab-LoggerService: Logcat pid from database 1466
07-07 16:49:46.289  3885  3898 I PhoneLab-LoggerService: Logcat process found 1466
07-07 16:49:46.293  3885  3898 I PhoneLab-LoggerService: Checking Threshold
07-07 16:49:46.453  3885  3898 I PhoneLab-LoggerService: Starting to rename files
07-07 16:49:46.465 27668 27702 D dalvikvm: GC_FOR_ALLOC freed 1221K, 19% free 16237K/20039K, paused 58ms
07-07 16:49:46.476  3885  3898 I PhoneLab-LoggerService: Files found .. 3
07-07 16:49:46.488  3885  3898 I PhoneLab-LoggerService: File 1 log.out.1
07-07 16:49:46.539  3885  3898 I PhoneLab-LoggerService: Renamed successfully
07-07 16:49:46.574  3857  3859 D dalvikvm: GC_CONCURRENT freed 274K, 4% free 9894K/10247K, paused 6ms+3ms
07-07 16:49:47.097    81   124 D AudioHardware: AudioHardware pcm playback is going to standby.
07-07 16:49:47.097    81   124 D AudioHardware: closePcmOut_l() mPcmOpenCnt: 1
07-07 16:49:47.195   145  1185 I ActivityManager: Process com.google.android.apps.maps:LocationFriendService (pid 3857) has died.
07-07 16:49:47.226 27668 27670 D dalvikvm: GC_CONCURRENT freed 1469K, 17% free 16800K/20039K, paused 3ms+8ms
07-07 16:49:47.656 27668 27683 D dalvikvm: GC_FOR_ALLOC freed 1328K, 15% free 17150K/20039K, paused 71ms
07-07 16:49:47.832  3831  3833 D dalvikvm: GC_CONCURRENT freed 273K, 4% free 9625K/9991K, paused 27ms+5ms
07-07 16:49:48.074 27668 27683 D dalvikvm: GC_FOR_ALLOC freed 760K, 14% free 17300K/20039K, paused 99ms
07-07 16:49:48.242 27668 27683 D dalvikvm: GC_FOR_ALLOC freed 126K, 13% free 17536K/20039K, paused 100ms
07-07 16:49:48.332 27668 27683 D dalvikvm: GC_FOR_ALLOC freed 100K, 13% free 17487K/20039K, paused 67ms
07-07 16:49:48.332 27668 27683 I dalvikvm-heap: Grow heap (frag case) to 17.212MB for 64502-byte allocation
07-07 16:49:48.410 27668  3919 D dalvikvm: GC_FOR_ALLOC freed 0K, 13% free 17550K/20103K, paused 68ms
07-07 16:49:48.511 27668 27683 D dalvikvm: GC_FOR_ALLOC freed 1K, 13% free 17550K/20103K, paused 79ms
07-07 16:49:48.511 27668 27683 I dalvikvm-heap: Grow heap (frag case) to 17.458MB for 257852-byte allocation
07-07 16:49:48.625 27668  3919 D dalvikvm: GC_FOR_ALLOC freed 0K, 13% free 17802K/20359K, paused 101ms
07-07 16:49:48.703 27668 27683 D dalvikvm: GC_FOR_ALLOC freed <1K, 13% free 17803K/20359K, paused 70ms
07-07 16:49:48.703 27668 27683 I dalvikvm-heap: Grow heap (frag case) to 17.520MB for 63493-byte allocation
07-07 16:49:48.812 27668  3919 D dalvikvm: GC_FOR_ALLOC freed <1K, 13% free 17865K/20423K, paused 96ms
07-07 16:49:48.894 27668 27683 D dalvikvm: GC_FOR_ALLOC freed 215K, 14% free 17669K/20423K, paused 70ms
07-07 16:49:48.965 27668 27683 D dalvikvm: GC_FOR_ALLOC freed 191K, 14% free 17707K/20423K, paused 62ms
07-07 16:49:49.086 27668  3919 D dalvikvm: GC_FOR_ALLOC freed 96K, 13% free 17924K/20423K, paused 87ms
07-07 16:49:49.086 27668  3919 I dalvikvm-heap: Grow heap (frag case) to 17.634MB for 60016-byte allocation
07-07 16:49:49.172 27668 27683 D dalvikvm: GC_FOR_ALLOC freed 0K, 13% free 17982K/20487K, paused 75ms
07-07 16:49:49.258 27668  3919 D dalvikvm: GC_FOR_ALLOC freed 63K, 13% free 17924K/20487K, paused 75ms
07-07 16:49:49.261 27668  3919 I dalvikvm-heap: Grow heap (frag case) to 17.639MB for 64373-byte allocation
07-07 16:49:49.359 27668 27683 D dalvikvm: GC_FOR_ALLOC freed 0K, 13% free 17987K/20551K, paused 89ms
07-07 16:49:49.558 27668  3919 D dalvikvm: GC_FOR_ALLOC freed 9K, 13% free 18000K/20551K, paused 187ms
07-07 16:49:49.558 27668  3919 I dalvikvm-heap: Grow heap (frag case) to 17.713MB for 64381-byte allocation
07-07 16:49:49.562  2121  2123 D dalvikvm: GC_CONCURRENT freed 498K, 7% free 10534K/11207K, paused 2ms+4ms
07-07 16:49:49.597   145   408 I ActivityManager: Process android.process.acore (pid 3831) has died.
07-07 16:49:49.652 27668 27683 D dalvikvm: GC_FOR_ALLOC freed <1K, 13% free 18063K/20615K, paused 82ms
07-07 16:49:49.683   145   157 I ActivityManager: Start proc com.google.android.apps.maps:LocationFriendService for service com.google.android.apps.maps/com.google.googlenav.friend.reporting.LocationReceiverService: pid=3923 uid=10056 gids={3003, 1015}
07-07 16:49:49.824 27668 27683 D dalvikvm: GC_FOR_ALLOC freed 72K, 13% free 18110K/20615K, paused 136ms
07-07 16:49:49.925  3923  3925 D dalvikvm: GC_CONCURRENT freed 176K, 3% free 9356K/9607K, paused 5ms+4ms
07-07 16:49:49.976 27668 27683 D dalvikvm: GC_FOR_ALLOC freed 125K, 12% free 18179K/20615K, paused 133ms
07-07 16:49:50.015   145   384 I ActivityManager: Process com.whatsapp (pid 3802) has died.
07-07 16:49:50.019   145   384 W ActivityManager: Scheduling restart of crashed service com.whatsapp/.messaging.MessageService in 64486ms
07-07 16:49:50.086 27668  3918 D dalvikvm: GC_FOR_ALLOC freed 516K, 15% free 17707K/20615K, paused 93ms
07-07 16:49:50.086 27668  3918 I dalvikvm-heap: Grow heap (frag case) to 17.491MB for 131088-byte allocation
07-07 16:49:50.172 27668  3918 D dalvikvm: GC_FOR_ALLOC freed 38K, 15% free 17797K/20807K, paused 87ms
07-07 16:49:50.285 27668 27683 D dalvikvm: GC_FOR_ALLOC freed 282K, 14% free 18064K/20807K, paused 58ms
07-07 16:49:50.285 27668 27683 I dalvikvm-heap: Grow heap (frag case) to 17.771MB for 59048-byte allocation
07-07 16:49:50.343 27668 27683 D dalvikvm: GC_FOR_ALLOC freed <1K, 14% free 18121K/20871K, paused 58ms
07-07 16:49:50.422 27668  3919 D dalvikvm: GC_FOR_ALLOC freed 2K, 14% free 18121K/20871K, paused 59ms
07-07 16:49:50.422 27668  3919 I dalvikvm-heap: Grow heap (frag case) to 17.830MB for 62653-byte allocation
07-07 16:49:50.488 27668  3919 D dalvikvm: GC_FOR_ALLOC freed <1K, 14% free 18182K/20935K, paused 66ms
07-07 16:49:50.570  3923  3925 D dalvikvm: GC_CONCURRENT freed 145K, 3% free 9678K/9927K, paused 56ms+3ms
07-07 16:49:50.609 27668 27683 D dalvikvm: GC_FOR_ALLOC freed 64K, 14% free 18130K/20935K, paused 108ms
07-07 16:49:50.699 27668 27683 D dalvikvm: GC_FOR_ALLOC freed <1K, 14% free 18189K/20935K, paused 72ms
07-07 16:49:50.699 27668 27683 I dalvikvm-heap: Grow heap (frag case) to 17.894MB for 60040-byte allocation
07-07 16:49:50.832 27668  3919 D dalvikvm: GC_FOR_ALLOC freed 0K, 14% free 18248K/20999K, paused 122ms
07-07 16:49:51.015 27668 27683 D dalvikvm: GC_FOR_ALLOC freed 232K, 14% free 18268K/20999K, paused 126ms
07-07 16:49:51.093 27668  3919 D dalvikvm: GC_FOR_ALLOC freed 56K, 13% free 18331K/20999K, paused 60ms
07-07 16:49:51.093 27668  3919 I dalvikvm-heap: Grow heap (frag case) to 18.033MB for 60774-byte allocation
07-07 16:49:51.152 27668  3919 D dalvikvm: GC_FOR_ALLOC freed <1K, 13% free 18390K/21063K, paused 58ms
07-07 16:49:51.164  3923  3925 D dalvikvm: GC_CONCURRENT freed 283K, 4% free 9907K/10311K, paused 1ms+43ms
07-07 16:49:51.226 27668 27683 D dalvikvm: GC_FOR_ALLOC freed <1K, 13% free 18391K/21063K, paused 61ms
07-07 16:49:51.226 27668 27683 I dalvikvm-heap: Grow heap (frag case) to 18.094MB for 63533-byte allocation
07-07 16:49:51.285 27668 27683 D dalvikvm: GC_FOR_ALLOC freed <1K, 13% free 18453K/21127K, paused 59ms
07-07 16:49:51.343 27668 27683 D dalvikvm: GC_FOR_ALLOC freed 5K, 13% free 18464K/21127K, paused 58ms
07-07 16:49:51.343 27668 27683 I dalvikvm-heap: Grow heap (frag case) to 18.166MB for 64405-byte allocation
07-07 16:49:51.414 27668  3918 D dalvikvm: GC_FOR_ALLOC freed <1K, 13% free 18527K/21191K, paused 58ms
07-07 16:49:51.488 27668  3919 D dalvikvm: GC_FOR_ALLOC freed 17K, 13% free 18527K/21191K, paused 62ms
07-07 16:49:51.488 27668  3919 I dalvikvm-heap: Grow heap (frag case) to 18.224MB for 60782-byte allocation
07-07 16:49:51.558 27668 27683 D dalvikvm: GC_FOR_ALLOC freed 0K, 13% free 18586K/21255K, paused 59ms
07-07 16:49:51.617 27668 27683 D dalvikvm: GC_FOR_ALLOC freed <1K, 13% free 18586K/21255K, paused 59ms
07-07 16:49:51.617 27668 27683 I dalvikvm-heap: Grow heap (frag case) to 18.286MB for 64405-byte allocation
07-07 16:49:51.687 27668  3918 D dalvikvm: GC_FOR_ALLOC freed <1K, 13% free 18649K/21319K, paused 58ms
07-07 16:49:51.758 27668  3919 D dalvikvm: GC_FOR_ALLOC freed 126K, 14% free 18527K/21319K, paused 61ms
07-07 16:49:51.859 27668  3919 D dalvikvm: GC_FOR_ALLOC freed 685K, 16% free 17978K/21319K, paused 66ms
07-07 16:49:51.957 27668 27683 D dalvikvm: GC_FOR_ALLOC freed 489K, 14% free 18361K/21319K, paused 60ms
07-07 16:49:52.078 27668 27683 D dalvikvm: GC_FOR_ALLOC freed 84K, 13% free 18617K/21319K, paused 61ms
07-07 16:49:52.078 27668 27683 I dalvikvm-heap: Grow heap (frag case) to 18.314MB for 62677-byte allocation
07-07 16:49:52.136 27668 27683 D dalvikvm: GC_FOR_ALLOC freed <1K, 13% free 18678K/21383K, paused 58ms
07-07 16:49:52.218 27668  3919 D dalvikvm: GC_FOR_ALLOC freed 124K, 13% free 18659K/21383K, paused 63ms
07-07 16:49:52.218 27668  3919 I dalvikvm-heap: Grow heap (frag case) to 18.358MB for 65644-byte allocation
07-07 16:49:52.285 27668  3919 D dalvikvm: GC_FOR_ALLOC freed <1K, 13% free 18722K/21511K, paused 67ms
07-07 16:49:52.371 27668 27683 D dalvikvm: GC_FOR_ALLOC freed 802K, 16% free 18230K/21511K, paused 57ms
07-07 16:49:52.472 27668 27683 D dalvikvm: GC_FOR_ALLOC freed 473K, 15% free 18489K/21511K, paused 58ms
07-07 16:49:52.550 27668 27683 D dalvikvm: GC_FOR_ALLOC freed 381K, 15% free 18442K/21511K, paused 57ms
07-07 16:49:52.648 27668 27683 D dalvikvm: GC_FOR_ALLOC freed 381K, 14% free 18662K/21511K, paused 61ms
07-07 16:49:52.648 27668 27683 I dalvikvm-heap: Grow heap (frag case) to 18.548MB for 262420-byte allocation
07-07 16:49:52.707 27668  3412 D dalvikvm: GC_FOR_ALLOC freed <1K, 14% free 18918K/21831K, paused 60ms
07-07 16:49:52.781 27668 27683 D dalvikvm: GC_FOR_ALLOC freed 258K, 14% free 18806K/21831K, paused 58ms
07-07 16:49:53.316 27668 27670 D dalvikvm: GC_CONCURRENT freed 1565K, 13% free 19167K/21831K, paused 3ms+9ms
07-07 16:49:53.875 27668 27670 D dalvikvm: GC_CONCURRENT freed 1506K, 10% free 19709K/21831K, paused 2ms+14ms
07-07 16:49:54.379 27668 27670 D dalvikvm: GC_CONCURRENT freed 1213K, 6% free 20596K/21895K, paused 3ms+5ms
07-07 16:49:54.601  3923  3930 I dalvikvm: Total arena pages for JIT: 11
07-07 16:49:54.601  3923  3930 I dalvikvm: Total arena pages for JIT: 12
07-07 16:49:54.601  3923  3930 I dalvikvm: Total arena pages for JIT: 13
07-07 16:49:54.601  3923  3930 I dalvikvm: Total arena pages for JIT: 14
07-07 16:49:54.605  3923  3930 I dalvikvm: Total arena pages for JIT: 15
07-07 16:49:54.605  3923  3930 I dalvikvm: Total arena pages for JIT: 16
07-07 16:49:54.605  3923  3930 I dalvikvm: Total arena pages for JIT: 17
07-07 16:49:54.726  3923  3925 D dalvikvm: GC_CONCURRENT freed 472K, 6% free 9955K/10503K, paused 3ms+5ms
07-07 16:49:54.898 27668 27683 D dalvikvm: GC_FOR_ALLOC freed 2402K, 15% free 19507K/22727K, paused 93ms
07-07 16:49:55.273   145   162 I ActivityManager: Start proc com.android.sprintmenu for service com.android.sprintmenu/.HiddenPhoneService: pid=3960 uid=1001 gids={3002, 3001, 3003, 1015}
07-07 16:49:55.320    79    79 D dalvikvm: GC_EXPLICIT freed 38K, 4% free 9027K/9347K, paused 2ms+9ms
07-07 16:49:55.351    79    79 D dalvikvm: GC_EXPLICIT freed <1K, 4% free 9027K/9347K, paused 2ms+5ms
07-07 16:49:55.383    79    79 D dalvikvm: GC_EXPLICIT freed <1K, 4% free 9027K/9347K, paused 1ms+2ms
07-07 16:49:56.636 27668 27670 D dalvikvm: GC_CONCURRENT freed 2418K, 16% free 19125K/22727K, paused 2ms+6ms
07-07 16:49:58.062 27668  3957 D dalvikvm: GC_FOR_ALLOC freed 831K, 14% free 19767K/22727K, paused 1270ms
07-07 16:49:58.285 27668  3957 D dalvikvm: GC_FOR_ALLOC freed 343K, 12% free 20050K/22727K, paused 116ms
07-07 16:49:58.379 27668 27683 D dalvikvm: GC_FOR_ALLOC freed 105K, 12% free 20221K/22727K, paused 77ms
07-07 16:49:58.453 27668 27683 D dalvikvm: GC_FOR_ALLOC freed <1K, 11% free 20252K/22727K, paused 71ms
07-07 16:49:58.453 27668 27683 I dalvikvm-heap: Grow heap (frag case) to 19.881MB for 31713-byte allocation
07-07 16:49:58.535 27668  3957 D dalvikvm: GC_FOR_ALLOC freed 0K, 12% free 20283K/22791K, paused 72ms
07-07 16:49:58.629 27668  3976 D dalvikvm: GC_FOR_ALLOC freed 1800K, 19% free 18536K/22791K, paused 73ms
07-07 16:49:59.093 27668 27670 D dalvikvm: GC_CONCURRENT freed 1291K, 16% free 19178K/22791K, paused 3ms+7ms
07-07 16:49:59.586  2121  2123 D dalvikvm: GC_CONCURRENT freed 507K, 6% free 10538K/11207K, paused 2ms+5ms
07-07 16:49:59.644  3923  3930 I dalvikvm: Total arena pages for JIT: 18
07-07 16:50:00.769 27668  3397 D dalvikvm: JIT code cache reset in 4 ms (1048512 bytes 1/0)
07-07 16:50:00.781 27668  3397 D dalvikvm: GC_FOR_ALLOC freed 1585K, 16% free 19208K/22791K, paused 90ms
07-07 16:50:00.789 27668  3397 I dalvikvm-heap: Grow heap (frag case) to 18.962MB for 138256-byte allocation
07-07 16:50:00.875 27668  3412 D dalvikvm: GC_FOR_ALLOC freed 163K, 17% free 19179K/22983K, paused 72ms
07-07 16:50:01.558 27668 27670 D dalvikvm: GC_CONCURRENT freed 1339K, 14% free 19885K/22983K, paused 4ms+6ms
07-07 16:50:01.730 27668  3978 D dalvikvm: GC_FOR_ALLOC freed 1817K, 20% free 18607K/22983K, paused 80ms
07-07 16:50:02.398 27668 27668 D dalvikvm: GC_FOR_ALLOC freed 2169K, 21% free 18184K/22983K, paused 76ms
07-07 16:50:03.113   145   394 I ActivityManager: Process com.google.android.apps.maps:LocationFriendService (pid 3923) has died.
07-07 16:50:03.133 27668 27670 D dalvikvm: GC_CONCURRENT freed 1498K, 19% free 18703K/22983K, paused 7ms+8ms
07-07 16:50:03.449 27668  3995 D dalvikvm: GC_FOR_ALLOC freed 998K, 16% free 19518K/22983K, paused 98ms
07-07 16:50:03.648 27668 27683 D dalvikvm: GC_FOR_ALLOC freed 555K, 13% free 20015K/22983K, paused 83ms
07-07 16:50:03.789 27668  3412 D dalvikvm: GC_FOR_ALLOC freed 144K, 12% free 20280K/22983K, paused 88ms
07-07 16:50:03.789 27668  3412 I dalvikvm-heap: Grow heap (frag case) to 19.941MB for 65552-byte allocation
07-07 16:50:03.883 27668  3995 D dalvikvm: GC_FOR_ALLOC freed 1K, 12% free 20343K/23111K, paused 84ms
07-07 16:50:04.015 27668  3995 D dalvikvm: GC_FOR_ALLOC freed 285K, 12% free 20504K/23111K, paused 84ms
07-07 16:50:04.129 27668  3995 D dalvikvm: GC_FOR_ALLOC freed 59K, 11% free 20581K/23111K, paused 83ms
07-07 16:50:04.133 27668  3995 I dalvikvm-heap: Grow heap (frag case) to 20.213MB for 42764-byte allocation
07-07 16:50:04.226 27668 27683 D dalvikvm: GC_FOR_ALLOC freed <1K, 12% free 20623K/23175K, paused 83ms
07-07 16:50:04.371 27668 27683 D dalvikvm: GC_FOR_ALLOC freed 922K, 14% free 20126K/23175K, paused 84ms
07-07 16:50:04.664 27668 27683 D dalvikvm: GC_FOR_ALLOC freed 400K, 13% free 20392K/23175K, paused 94ms
07-07 16:50:04.679   145   384 I ActivityManager: Start proc com.google.android.apps.maps:LocationFriendService for service com.google.android.apps.maps/com.google.googlenav.friend.reporting.LocationReceiverService: pid=4007 uid=10056 gids={3003, 1015}
07-07 16:50:04.828  4007  4010 D dalvikvm: GC_CONCURRENT freed 153K, 3% free 9379K/9607K, paused 3ms+2ms
07-07 16:50:04.988  4007  4010 D dalvikvm: GC_CONCURRENT freed 131K, 3% free 9679K/9927K, paused 3ms+2ms
07-07 16:50:05.300   145   162 I ActivityManager: Start proc com.google.android.apps.plus for service com.google.android.apps.plus/.hangout.GCommService: pid=4025 uid=10060 gids={3003, 3002, 1015, 1006}
07-07 16:50:05.359 27783 27840 D dalvikvm: GC_EXPLICIT freed 301K, 5% free 10534K/11015K, paused 8ms+23ms
07-07 16:50:05.711 27668  3997 D dalvikvm: GC_FOR_ALLOC freed 1638K, 18% free 19130K/23175K, paused 266ms
07-07 16:50:05.746  4025  4027 D dalvikvm: GC_CONCURRENT freed 152K, 3% free 9380K/9607K, paused 2ms+14ms
07-07 16:50:05.961 27668 27702 D dalvikvm: GC_FOR_ALLOC freed 361K, 17% free 19306K/23175K, paused 121ms
07-07 16:50:05.961 27668 27702 I dalvikvm-heap: Grow heap (frag case) to 19.088MB for 168316-byte allocation
07-07 16:50:05.988  4025  4025 I ActivityThread: Pub com.google.android.apps.plus.content.ApiProvider: com.google.android.apps.plus.content.EsApiProvider
07-07 16:50:06.027  4025  4025 I ActivityThread: Pub com.google.android.apps.plus.content.EsGooglePhotoProvider: com.google.android.picasasync.PicasaContentProvider
07-07 16:50:06.097 27668 27668 D dalvikvm: GC_FOR_ALLOC freed <1K, 17% free 19471K/23367K, paused 124ms
07-07 16:50:06.113  4007  4010 D dalvikvm: GC_CONCURRENT freed 345K, 5% free 9889K/10311K, paused 2ms+133ms
07-07 16:50:06.164  4025  4027 D dalvikvm: GC_CONCURRENT freed 337K, 5% free 9575K/9991K, paused 2ms+2ms
07-07 16:50:06.191  4025  4025 I ActivityThread: Pub com.google.android.apps.plus.content.EsPicasaStoreProvider: com.google.android.picasastore.PicasaPhotoContentProvider
07-07 16:50:06.316  4025  4025 I ActivityThread: Pub com.google.plus.platform: com.google.android.apps.plus.content.AdsProvider
07-07 16:50:06.316  4025  4025 I ActivityThread: Pub com.google.android.apps.plus.iu.EsGoogleIuProvider: com.google.android.apps.plus.iu.InstantUploadProvider
07-07 16:50:06.375 27668 27702 D dalvikvm: GC_FOR_ALLOC freed 270K, 18% free 19302K/23367K, paused 109ms
07-07 16:50:06.465  4025  4027 D dalvikvm: GC_CONCURRENT freed 503K, 6% free 9602K/10183K, paused 6ms+5ms
07-07 16:50:06.472  4025  4025 I ActivityThread: Pub com.google.android.apps.plus.content.EsProvider: com.google.android.apps.plus.content.EsProvider
07-07 16:50:06.570 27668 27702 D dalvikvm: GC_FOR_ALLOC freed 240K, 18% free 19310K/23367K, paused 163ms
07-07 16:50:06.683   145   384 I ActivityManager: Start proc android.process.media for content provider com.android.providers.media/.MediaProvider: pid=4056 uid=10012 gids={1015, 1023, 1024, 2001, 3003, 3007}
07-07 16:50:06.773  4056  4056 I ActivityThread: Pub downloads: com.android.providers.downloads.DownloadProvider
07-07 16:50:06.789  4025  4027 D dalvikvm: GC_CONCURRENT freed 205K, 3% free 9962K/10247K, paused 2ms+5ms
07-07 16:50:06.840  4056  4056 I ActivityThread: Pub drm: com.android.providers.drm.DrmProvider
07-07 16:50:06.840  4056  4069 I DownloadManager: in removeSpuriousFiles
07-07 16:50:06.863  4056  4056 I ActivityThread: Pub media: com.android.providers.media.MediaProvider
07-07 16:50:06.902  4056  4069 I DownloadManager: in removeSpuriousFiles, preserving file /data/data/com.android.providers.downloads/cache/metadata.json
07-07 16:50:06.902  4056  4069 I DownloadManager: in removeSpuriousFiles, preserving file /data/data/com.android.providers.downloads/cache/en_general.htm
07-07 16:50:06.902  4056  4069 I DownloadManager: in removeSpuriousFiles, preserving file /mnt/sdcard/Download/img-thing.jpeg
07-07 16:50:06.902  4056  4069 I DownloadManager: in removeSpuriousFiles, preserving file /data/data/com.android.providers.downloads/cache/metadata-1.json
07-07 16:50:06.902  4056  4069 I DownloadManager: in removeSpuriousFiles, preserving file /data/data/com.android.providers.downloads/cache/downloadfile.jpeg
07-07 16:50:06.902  4056  4069 I DownloadManager: in removeSpuriousFiles, preserving file /data/data/com.android.providers.downloads/cache/metadata-2.json
07-07 16:50:06.902  4056  4069 I DownloadManager: in removeSpuriousFiles, preserving file /data/data/com.android.providers.downloads/cache/metadata-3.json
07-07 16:50:06.902  4056  4069 I DownloadManager: in removeSpuriousFiles, preserving file /data/data/com.android.providers.downloads/cache/downloadfile-1.jpeg
07-07 16:50:06.906  4056  4069 I DownloadManager: in removeSpuriousFiles, preserving file /data/data/com.android.providers.downloads/cache/downloadfile-2.jpeg
07-07 16:50:06.906  4056  4069 I DownloadManager: in removeSpuriousFiles, preserving file /data/data/com.android.providers.downloads/cache/metadata-4.json
07-07 16:50:06.906  4056  4069 I DownloadManager: deleting spurious file /cache/backup
07-07 16:50:07.129  4025  4027 D dalvikvm: GC_CONCURRENT freed 150K, 3% free 10318K/10567K, paused 2ms+26ms
07-07 16:50:07.359  4056  4059 D dalvikvm: GC_CONCURRENT freed 327K, 5% free 9205K/9607K, paused 2ms+16ms
07-07 16:50:07.402  4025  4027 D dalvikvm: GC_CONCURRENT freed 309K, 5% free 10443K/10951K, paused 2ms+18ms
07-07 16:50:07.484  4025  4025 D dalvikvm: GC_FOR_ALLOC freed 0K, 5% free 10443K/10951K, paused 80ms
07-07 16:50:07.496  4025  4025 I dalvikvm-heap: Grow heap (frag case) to 10.518MB for 260112-byte allocation
07-07 16:50:07.558  4025  4025 D dalvikvm: GC_FOR_ALLOC freed 126K, 6% free 10571K/11207K, paused 47ms
07-07 16:50:07.613   145   380 I ActivityManager: Process com.google.android.apps.maps:LocationFriendService (pid 4007) has died.
07-07 16:50:07.656 27668 27670 D dalvikvm: GC_CONCURRENT freed 2359K, 19% free 18955K/23367K, paused 3ms+12ms
07-07 16:50:07.711  4025  4025 D dalvikvm: GC_FOR_ALLOC freed 311K, 6% free 10564K/11207K, paused 66ms
07-07 16:50:07.765  4025  4025 D dalvikvm: GC_FOR_ALLOC freed 62K, 6% free 10628K/11207K, paused 40ms
07-07 16:50:07.769  4025  4025 I dalvikvm-heap: Grow heap (frag case) to 10.700MB for 260112-byte allocation
07-07 16:50:07.800  4025  4025 D dalvikvm: GC_FOR_ALLOC freed 126K, 7% free 10756K/11463K, paused 26ms
07-07 16:50:07.832  4025  4025 D dalvikvm: GC_FOR_ALLOC freed 307K, 7% free 10748K/11463K, paused 24ms
07-07 16:50:07.871  4025  4025 D dalvikvm: GC_FOR_ALLOC freed 63K, 6% free 10811K/11463K, paused 25ms
07-07 16:50:07.871  4025  4025 I dalvikvm-heap: Grow heap (frag case) to 10.878MB for 260112-byte allocation
07-07 16:50:07.902  4025  4025 D dalvikvm: GC_FOR_ALLOC freed 126K, 7% free 10939K/11719K, paused 30ms
07-07 16:50:08.050  4025  4027 D dalvikvm: GC_CONCURRENT freed 348K, 5% free 11227K/11719K, paused 2ms+3ms
07-07 16:50:08.109  4025  4043 D PicasaPhotoCP: set fsid first time:-1
07-07 16:50:08.304  4025  4027 D dalvikvm: GC_CONCURRENT freed 159K, 2% free 11805K/12039K, paused 2ms+3ms
07-07 16:50:08.605  4025  4027 D dalvikvm: GC_CONCURRENT freed 584K, 6% free 12212K/12871K, paused 2ms+4ms
07-07 16:50:08.855  4025  4027 D dalvikvm: GC_CONCURRENT freed 247K, 3% free 13061K/13383K, paused 2ms+4ms
07-07 16:50:08.957  4025  4025 D dalvikvm: Trying to load lib /data/data/com.google.android.apps.plus/lib/libgcomm_jni.so 0x41304010
07-07 16:50:09.269  4025  4025 D dalvikvm: Added shared lib /data/data/com.google.android.apps.plus/lib/libgcomm_jni.so 0x41304010
07-07 16:50:09.269  4025  4025 V gcomm_native: [static void util::JniHelper::SetJavaVm(JavaVM*) jni_helper.cpp(15) 400e3488] JavaVM 0x26e3e0
07-07 16:50:09.269  4025  4025 V gcomm_native: [jint JNI_OnLoad(JavaVM*, void*) jni_helper.cpp(97) 400e3488] JNI_OnLoad
07-07 16:50:09.269  4025  4025 I gcomm_native: [jboolean Java_com_google_android_apps_plus_hangout_GCommNativeWrapper_nativeStaticInitialize(JNIEnv*, _jclass*, _jobject*, _jstring*, _jstring*, _jstring*, jboolean, _jstring*, _jstring*) gcomm_native_wrapper.cpp(972) 400e3488] GComm Static Native initializing
07-07 16:50:09.590 27668 27670 D dalvikvm: GC_CONCURRENT freed 1835K, 19% free 19042K/23367K, paused 5ms+8ms
07-07 16:50:09.754  2121  2123 D dalvikvm: GC_CONCURRENT freed 442K, 6% free 10607K/11207K, paused 128ms+3ms
07-07 16:50:09.808   145   408 I ActivityManager: Start proc com.google.android.apps.maps:LocationFriendService for service com.google.android.apps.maps/com.google.googlenav.friend.reporting.LocationReceiverService: pid=4078 uid=10056 gids={3003, 1015}
07-07 16:50:09.965  4078  4080 D dalvikvm: GC_CONCURRENT freed 161K, 3% free 9371K/9607K, paused 2ms+3ms
07-07 16:50:10.175  4078  4080 D dalvikvm: GC_CONCURRENT freed 190K, 3% free 9648K/9927K, paused 2ms+4ms
07-07 16:50:10.754   145  1185 I ActivityManager: Process com.spotify.mobile.android.service (pid 1433) has died.
07-07 16:50:10.769   145  1187 W AudioService:   RemoteControlClient died
07-07 16:50:10.769   145   394 W AudioService:   AudioFocus   audio focus client died
07-07 16:50:10.800   145   394 I AudioService:  AudioFocus  abandonAudioFocus(): removing entry for android.media.AudioManager@4132f648com.spotify.mobile.android.service.s@41337890
07-07 16:50:10.875   145  1185 W ActivityManager: Scheduling restart of crashed service com.spotify.mobile.android.ui/com.spotify.mobile.android.service.SpotifyService in 53752ms
07-07 16:50:10.988   145   212 W AudioService: Dead client in setNewRcClientGenerationOnClients_syncRcsCurrc()android.os.DeadObjectException
07-07 16:50:11.484   145   384 D dalvikvm: GC_EXPLICIT freed 1485K, 21% free 16713K/20999K, paused 37ms+65ms
07-07 16:50:11.840 27668 27670 D dalvikvm: GC_CONCURRENT freed 1383K, 16% free 19707K/23367K, paused 3ms+84ms
07-07 16:50:11.961  4078  4080 D dalvikvm: GC_CONCURRENT freed 210K, 4% free 9877K/10183K, paused 18ms+6ms
07-07 16:50:12.211 27668  4070 D dalvikvm: GC_FOR_ALLOC freed 1155K, 16% free 19673K/23367K, paused 87ms
07-07 16:50:12.258  4078  4085 I dalvikvm: Total arena pages for JIT: 11
07-07 16:50:12.261  4078  4085 I dalvikvm: Total arena pages for JIT: 12
07-07 16:50:12.261  4078  4085 I dalvikvm: Total arena pages for JIT: 13
07-07 16:50:12.261  4078  4085 I dalvikvm: Total arena pages for JIT: 14
07-07 16:50:12.261  4078  4085 I dalvikvm: Total arena pages for JIT: 15
07-07 16:50:12.265  4078  4085 I dalvikvm: Total arena pages for JIT: 16
07-07 16:50:12.273  4078  4085 I dalvikvm: Total arena pages for JIT: 17
07-07 16:50:12.457 27668 27683 D dalvikvm: GC_FOR_ALLOC freed 1247K, 15% free 19863K/23367K, paused 95ms
07-07 16:50:13.172 27668  3397 D dalvikvm: GC_FOR_ALLOC freed 1042K, 15% free 19932K/23367K, paused 98ms
07-07 16:50:13.371 27668  3397 D dalvikvm: GC_FOR_ALLOC freed 940K, 15% free 19909K/23367K, paused 121ms
07-07 16:50:13.554 27668  3397 D dalvikvm: GC_FOR_ALLOC freed 942K, 15% free 19913K/23367K, paused 97ms
07-07 16:50:14.050 27668  3412 D dalvikvm: GC_FOR_ALLOC freed 1169K, 14% free 20286K/23367K, paused 113ms
07-07 16:50:14.222 27668 27683 D dalvikvm: GC_FOR_ALLOC freed 206K, 13% free 20471K/23367K, paused 97ms
07-07 16:50:14.340 27668 27683 D dalvikvm: GC_FOR_ALLOC freed 187K, 13% free 20502K/23367K, paused 86ms
07-07 16:50:14.644 27668 27683 D dalvikvm: GC_FOR_ALLOC freed 370K, 12% free 20582K/23367K, paused 214ms
07-07 16:50:14.797  4078  4085 I dalvikvm: Total arena pages for JIT: 18
07-07 16:50:14.914 27668  4114 D dalvikvm: GC_FOR_ALLOC freed 257K, 12% free 20723K/23367K, paused 95ms
07-07 16:50:15.011 27668 27683 D dalvikvm: GC_FOR_ALLOC freed 44K, 12% free 20718K/23367K, paused 95ms
07-07 16:50:15.117 27668  4102 D dalvikvm: GC_FOR_ALLOC freed 1358K, 17% free 19413K/23367K, paused 87ms
07-07 16:50:15.148  4078  4080 D dalvikvm: GC_CONCURRENT freed 434K, 6% free 9967K/10503K, paused 4ms+65ms
07-07 16:50:15.285   145   162 I ActivityManager: Start proc com.facebook.katana for service com.facebook.katana/.service.MediaUploadService: pid=4118 uid=10071 gids={3003, 1006, 1015}
07-07 16:50:15.453  4118  4118 I dalvikvm: Turning on JNI app bug workarounds for target SDK version 7...
07-07 16:50:15.941  4118  4119 D dalvikvm: GC_CONCURRENT freed 158K, 3% free 9373K/9607K, paused 2ms+5ms
07-07 16:50:16.086 27668  4115 D dalvikvm: GC_FOR_ALLOC freed 2113K, 19% free 19007K/23367K, paused 199ms
07-07 16:50:16.207  4118  4118 I ActivityThread: Pub com.facebook.katana.provider.LoggingProvider: com.facebook.katana.provider.LoggingProvider
07-07 16:50:16.234  4118  4118 I ActivityThread: Pub com.facebook.katana.provider.KeyValueProvider: com.facebook.katana.provider.KeyValueProvider
07-07 16:50:16.238  4118  4118 I ActivityThread: Pub com.facebook.katana.provider.CacheProvider: com.facebook.katana.provider.CacheProvider
07-07 16:50:16.238  4118  4118 I ActivityThread: Pub com.facebook.katana.provider.MailboxProvider: com.facebook.katana.provider.MailboxProvider
07-07 16:50:16.246  4118  4118 I ActivityThread: Pub com.facebook.katana.provider.UserStatusesProvider: com.facebook.katana.provider.UserStatusesProvider
07-07 16:50:16.250  4118  4118 I ActivityThread: Pub com.facebook.katana.provider.EventsProvider: com.facebook.katana.provider.EventsProvider
07-07 16:50:16.254  4118  4118 I ActivityThread: Pub com.facebook.katana.provider.NotificationsProvider: com.facebook.katana.provider.NotificationsProvider
07-07 16:50:16.261  4118  4118 I ActivityThread: Pub com.facebook.katana.provider.UserValuesProvider: com.facebook.katana.provider.UserValuesProvider
07-07 16:50:16.265  4118  4118 I ActivityThread: Pub com.facebook.katana.provider.PagesProvider: com.facebook.katana.provider.PagesProvider
07-07 16:50:16.269  4118  4118 I ActivityThread: Pub com.facebook.katana.provider.MobileEventLogProvider: com.facebook.katana.provider.MobileEventLogProvider
07-07 16:50:16.269  4118  4118 I ActivityThread: Pub com.facebook.katana.provider.PushNotificationsProvider: com.facebook.katana.provider.PushNotificationsProvider
07-07 16:50:16.273  4118  4118 I ActivityThread: Pub com.facebook.katana.provider.PhotosProvider: com.facebook.katana.provider.PhotosProvider
07-07 16:50:16.293  4118  4118 I ActivityThread: Pub com.facebook.katana.provider.ConnectionsProvider: com.facebook.katana.provider.ConnectionsProvider
07-07 16:50:16.297  4118  4119 D dalvikvm: GC_CONCURRENT freed 160K, 3% free 9723K/9991K, paused 2ms+4ms
07-07 16:50:16.324  4118  4118 I ActivityThread: Pub com.facebook.orca.notify.FbandroidMessagesForegroundProvider: com.facebook.orca.notify.FbandroidMessagesForegroundProvider
07-07 16:50:16.383  4118  4118 D ACRA    : Retrieve application default SharedPreferences.
07-07 16:50:16.390  4118  4118 D ACRA    : Set OnSharedPreferenceChangeListener.
07-07 16:50:16.402  4118  4118 D ACRA    : ACRA is enabled for com.facebook.katana, intializing...
07-07 16:50:16.484 27668 27670 D dalvikvm: GC_CONCURRENT freed 1455K, 17% free 19578K/23367K, paused 5ms+9ms
07-07 16:50:16.535  4118  4118 D ACRA    : Looking for error files in /data/data/com.facebook.katana/app_acra-reports
07-07 16:50:16.707   145   156 I ActivityManager: Process android.process.media (pid 4056) has died.
07-07 16:50:17.488  4118  4118 W nalizableReferenceQueue: Could not load Finalizer in its own class loader.Loading Finalizer in the current class loader instead. As a result, you will not be ableto garbage collect this class loader. To support reclaiming this class loader, eitherresolve the underlying issue, or move Google Collections to your system class path.
07-07 16:50:17.488  4118  4118 W nalizableReferenceQueue: java.io.FileNotFoundException: com/google/common/base/internal/Finalizer.class
07-07 16:50:17.488  4118  4118 W nalizableReferenceQueue: 	at com.google.common.base.FinalizableReferenceQueue$DecoupledLoader.getBaseUrl(FinalizableReferenceQueue.java:243)
07-07 16:50:17.488  4118  4118 W nalizableReferenceQueue: 	at com.google.common.base.FinalizableReferenceQueue$DecoupledLoader.loadFinalizer(FinalizableReferenceQueue.java:227)
07-07 16:50:17.488  4118  4118 W nalizableReferenceQueue: 	at com.google.common.base.FinalizableReferenceQueue.loadFinalizer(FinalizableReferenceQueue.java:155)
07-07 16:50:17.488  4118  4118 W nalizableReferenceQueue: 	at com.google.common.base.FinalizableReferenceQueue.<clinit>(FinalizableReferenceQueue.java:84)
07-07 16:50:17.488  4118  4118 W nalizableReferenceQueue: 	at com.google.common.collect.CustomConcurrentHashMap$QueueHolder.<clinit>(CustomConcurrentHashMap.java:650)
07-07 16:50:17.488  4118  4118 W nalizableReferenceQueue: 	at com.google.common.collect.CustomConcurrentHashMap$WeakEntry.<init>(CustomConcurrentHashMap.java:1342)
07-07 16:50:17.488  4118  4118 W nalizableReferenceQueue: 	at com.google.common.collect.CustomConcurrentHashMap$EntryFactory$9.newEntry(CustomConcurrentHashMap.java:453)
07-07 16:50:17.488  4118  4118 W nalizableReferenceQueue: 	at com.google.common.collect.CustomConcurrentHashMap.a(CustomConcurrentHashMap.java:1715)
07-07 16:50:17.488  4118  4118 W nalizableReferenceQueue: 	at com.google.common.collect.ComputingConcurrentHashMap$ComputingSegment.a(ComputingConcurrentHashMap.java:123)
07-07 16:50:17.488  4118  4118 W nalizableReferenceQueue: 	at com.google.common.collect.ComputingConcurrentHashMap.apply(ComputingConcurrentHashMap.java:71)
07-07 16:50:17.488  4118  4118 W nalizableReferenceQueue: 	at com.google.common.collect.MapMaker$ComputingMapAdapter.get(MapMaker.java:848)
07-07 16:50:17.488  4118  4118 W nalizableReferenceQueue: 	at com.google.inject.internal.Annotations$AnnotationChecker.a(Annotations.java:94)
07-07 16:50:17.488  4118  4118 W nalizableReferenceQueue: 	at com.google.inject.internal.Annotations.c(Annotations.java:112)
07-07 16:50:17.488  4118  4118 W nalizableReferenceQueue: 	at com.google.inject.Key.d(Key.java:369)
07-07 16:50:17.488  4118  4118 W nalizableReferenceQueue: 	at com.google.inject.Key.b(Key.java:356)
07-07 16:50:17.488  4118  4118 W nalizableReferenceQueue: 	at com.google.inject.Key.a(Key.java:267)
07-07 16:50:17.488  4118  4118 W nalizableReferenceQueue: 	at com.facebook.orca.inject.binder.AnnotatedBindingBuilderImpl.a(AnnotatedBindingBuilderImpl.java:22)
07-07 16:50:17.488  4118  4118 W nalizableReferenceQueue: 	at com.facebook.orca.app.FbBaseModule.a(FbBaseModule.java:74)
07-07 16:50:17.488  4118  4118 W nalizableReferenceQueue: 	at com.facebook.orca.inject.AbstractModule.a(AbstractModule.java:19)
07-07 16:50:17.488  4118  4118 W nalizableReferenceQueue: 	at com.facebook.orca.inject.FbInjectorImpl.a(FbInjectorImpl.java:61)
07-07 16:50:17.488  4118  4118 W nalizableReferenceQueue: 	at com.facebook.orca.inject.FbInjectorImpl.<init>(FbInjectorImpl.java:41)
07-07 16:50:17.488  4118  4118 W nalizableReferenceQueue: 	at com.facebook.orca.inject.FbInjector.a(FbInjector.java:40)
07-07 16:50:17.488  4118  4118 W nalizableReferenceQueue: 	at com.facebook.katana.FacebookApplication.onCreate(FacebookApplication.java:86)
07-07 16:50:17.488  4118  4118 W nalizableReferenceQueue: 	at android.app.Instrumentation.callApplicationOnCreate(Instrumentation.java:969)
07-07 16:50:17.488  4118  4118 W nalizableReferenceQueue: 	at android.app.ActivityThread.handleBindApplication(ActivityThread.java:3954)
07-07 16:50:17.488  4118  4118 W nalizableReferenceQueue: 	at android.app.ActivityThread.access$1300(ActivityThread.java:123)
07-07 16:50:17.488  4118  4118 W nalizableReferenceQueue: 	at android.app.ActivityThread$H.handleMessage(ActivityThread.java:1185)
07-07 16:50:17.488  4118  4118 W nalizableReferenceQueue: 	at android.os.Handler.dispatchMessage(Handler.java:99)
07-07 16:50:17.488  4118  4118 W nalizableReferenceQueue: 	at android.os.Looper.loop(Looper.java:137)
07-07 16:50:17.488  4118  4118 W nalizableReferenceQueue: 	at android.app.ActivityThread.main(ActivityThread.java:4424)
07-07 16:50:17.488  4118  4118 W nalizableReferenceQueue: 	at java.lang.reflect.Method.invokeNative(Native Method)
07-07 16:50:17.488  4118  4118 W nalizableReferenceQueue: 	at java.lang.reflect.Method.invoke(Method.java:511)
07-07 16:50:17.488  4118  4118 W nalizableReferenceQueue: 	at com.android.internal.os.ZygoteInit$MethodAndArgsCaller.run(ZygoteInit.java:784)
07-07 16:50:17.488  4118  4118 W nalizableReferenceQueue: 	at com.android.internal.os.ZygoteInit.main(ZygoteInit.java:551)
07-07 16:50:17.488  4118  4118 W nalizableReferenceQueue: 	at dalvik.system.NativeStart.main(Native Method)
07-07 16:50:17.488  4118  4118 I Finalizer: Couldn't access Thread.inheritableThreadLocals. Reference finalizer threads will inherit thread local values.
07-07 16:50:17.586  4118  4119 D dalvikvm: GC_CONCURRENT freed 304K, 5% free 9831K/10247K, paused 5ms+2ms
07-07 16:50:17.804  4118  4119 D dalvikvm: GC_CONCURRENT freed 380K, 5% free 9984K/10439K, paused 2ms+3ms
07-07 16:50:18.379  4118  4119 D dalvikvm: GC_CONCURRENT freed 360K, 5% free 10120K/10567K, paused 11ms+4ms
07-07 16:50:18.890  4118  4135 W Resources: Converting to string: TypedValue{t=0x10/d=0xffffffff a=-1}
07-07 16:50:19.129  4118  4119 D dalvikvm: GC_CONCURRENT freed 364K, 5% free 10310K/10759K, paused 4ms+3ms
07-07 16:50:19.683  2121  2123 D dalvikvm: GC_CONCURRENT freed 601K, 7% free 10583K/11271K, paused 8ms+3ms
07-07 16:50:19.765 27668 27670 D dalvikvm: GC_CONCURRENT freed 2806K, 20% free 18820K/23367K, paused 4ms+15ms
07-07 16:50:20.140  4078  4080 D dalvikvm: GC_CONCURRENT freed 437K, 6% free 9928K/10503K, paused 8ms+3ms
07-07 16:50:20.254  4118  4119 D dalvikvm: GC_CONCURRENT freed 359K, 5% free 10419K/10887K, paused 2ms+6ms
07-07 16:50:20.570  4118  4119 D dalvikvm: GC_CONCURRENT freed 343K, 5% free 10473K/10951K, paused 3ms+7ms
07-07 16:50:20.808  4118  4119 D dalvikvm: GC_CONCURRENT freed 362K, 5% free 10519K/11015K, paused 2ms+4ms
07-07 16:50:21.004  4118  4119 D dalvikvm: GC_CONCURRENT freed 274K, 4% free 10671K/11079K, paused 3ms+3ms
07-07 16:50:21.543 27668 27670 D dalvikvm: GC_CONCURRENT freed 801K, 15% free 20067K/23367K, paused 3ms+17ms
07-07 16:50:21.937   145   156 I ActivityManager: Process com.google.android.apps.maps:LocationFriendService (pid 4078) has died.
07-07 16:50:22.004   145   314 I ActivityManager: Start proc android.process.media for content provider com.android.providers.media/.MediaProvider: pid=4169 uid=10012 gids={1015, 1023, 1024, 2001, 3003, 3007}
07-07 16:50:22.152  4169  4169 I ActivityThread: Pub downloads: com.android.providers.downloads.DownloadProvider
07-07 16:50:22.191  4169  4169 I ActivityThread: Pub drm: com.android.providers.drm.DrmProvider
07-07 16:50:22.195  4169  4182 I DownloadManager: in removeSpuriousFiles
07-07 16:50:22.207  4169  4169 I ActivityThread: Pub media: com.android.providers.media.MediaProvider
07-07 16:50:22.242  4169  4182 I DownloadManager: in removeSpuriousFiles, preserving file /data/data/com.android.providers.downloads/cache/metadata.json
07-07 16:50:22.242  4169  4182 I DownloadManager: in removeSpuriousFiles, preserving file /data/data/com.android.providers.downloads/cache/en_general.htm
07-07 16:50:22.242  4169  4182 I DownloadManager: in removeSpuriousFiles, preserving file /mnt/sdcard/Download/img-thing.jpeg
07-07 16:50:22.242  4169  4182 I DownloadManager: in removeSpuriousFiles, preserving file /data/data/com.android.providers.downloads/cache/metadata-1.json
07-07 16:50:22.242  4169  4182 I DownloadManager: in removeSpuriousFiles, preserving file /data/data/com.android.providers.downloads/cache/downloadfile.jpeg
07-07 16:50:22.246  4169  4182 I DownloadManager: in removeSpuriousFiles, preserving file /data/data/com.android.providers.downloads/cache/metadata-2.json
07-07 16:50:22.246  4169  4182 I DownloadManager: in removeSpuriousFiles, preserving file /data/data/com.android.providers.downloads/cache/metadata-3.json
07-07 16:50:22.246  4169  4182 I DownloadManager: in removeSpuriousFiles, preserving file /data/data/com.android.providers.downloads/cache/downloadfile-1.jpeg
07-07 16:50:22.246  4169  4182 I DownloadManager: in removeSpuriousFiles, preserving file /data/data/com.android.providers.downloads/cache/downloadfile-2.jpeg
07-07 16:50:22.246  4169  4182 I DownloadManager: in removeSpuriousFiles, preserving file /data/data/com.android.providers.downloads/cache/metadata-4.json
07-07 16:50:22.250  4169  4182 I DownloadManager: deleting spurious file /cache/backup
07-07 16:50:22.484   145   912 I ActivityManager: Process edu.buffalo.cse.phonelab.phonelabservices (pid 3885) has died.
07-07 16:50:22.543   145   912 W ActivityManager: Scheduling restart of crashed service edu.buffalo.cse.phonelab.phonelabservices/edu.buffalo.cse.phonelab.datalogger.LoggerService in 141348ms
07-07 16:50:22.613  4169  4171 D dalvikvm: GC_CONCURRENT freed 309K, 5% free 9203K/9607K, paused 3ms+16ms
07-07 16:50:23.468 27668 27670 D dalvikvm: GC_CONCURRENT freed 3111K, 19% free 19070K/23367K, paused 12ms+9ms
07-07 16:50:24.765   145  1187 I ActivityManager: Start proc com.google.android.apps.maps:LocationFriendService for service com.google.android.apps.maps/com.google.googlenav.friend.reporting.LocationReceiverService: pid=4199 uid=10056 gids={3003, 1015}
07-07 16:50:24.843  2121  2123 D dalvikvm: GC_CONCURRENT freed 454K, 7% free 10530K/11271K, paused 6ms+27ms
07-07 16:50:25.062  4199  4202 D dalvikvm: GC_CONCURRENT freed 168K, 3% free 9363K/9607K, paused 5ms+5ms
07-07 16:50:25.402 27668 27670 D dalvikvm: GC_CONCURRENT freed 840K, 14% free 20276K/23367K, paused 3ms+10ms
07-07 16:50:25.570  4199  4202 D dalvikvm: GC_CONCURRENT freed 157K, 3% free 9680K/9927K, paused 3ms+3ms
07-07 16:50:26.121  4199  4202 D dalvikvm: GC_CONCURRENT freed 276K, 4% free 9916K/10311K, paused 2ms+2ms
07-07 16:50:26.140  4199  4206 I dalvikvm: Total arena pages for JIT: 11
07-07 16:50:26.144  4199  4206 I dalvikvm: Total arena pages for JIT: 12
07-07 16:50:26.144  4199  4206 I dalvikvm: Total arena pages for JIT: 13
07-07 16:50:26.144  4199  4206 I dalvikvm: Total arena pages for JIT: 14
07-07 16:50:26.144  4199  4206 I dalvikvm: Total arena pages for JIT: 15
07-07 16:50:26.144  4199  4206 I dalvikvm: Total arena pages for JIT: 16
07-07 16:50:26.144  4199  4206 I dalvikvm: Total arena pages for JIT: 17
07-07 16:50:27.199 27668 27670 D dalvikvm: GC_CONCURRENT freed 3503K, 20% free 18821K/23367K, paused 3ms+9ms
07-07 16:50:28.691 27668 27670 D dalvikvm: GC_CONCURRENT freed 750K, 14% free 20118K/23367K, paused 3ms+9ms
07-07 16:50:29.699  4199  4206 I dalvikvm: Total arena pages for JIT: 18
07-07 16:50:29.793  4199  4202 D dalvikvm: GC_CONCURRENT freed 476K, 6% free 9951K/10503K, paused 3ms+3ms
07-07 16:50:30.394 27668 27670 D dalvikvm: GC_CONCURRENT freed 3377K, 20% free 18788K/23367K, paused 3ms+9ms
07-07 16:50:30.769  4118  4119 D dalvikvm: GC_CONCURRENT freed 514K, 6% free 10623K/11271K, paused 19ms+4ms
07-07 16:50:31.609 27668 27670 D dalvikvm: GC_CONCURRENT freed 839K, 15% free 19997K/23367K, paused 3ms+9ms
07-07 16:50:33.113 27668 27670 D dalvikvm: GC_CONCURRENT freed 1524K, 13% free 20521K/23367K, paused 7ms+10ms
07-07 16:50:33.183   145   329 I ActivityManager: Process android.process.media (pid 4169) has died.
07-07 16:50:34.687  2121  2123 D dalvikvm: GC_CONCURRENT freed 499K, 7% free 10542K/11271K, paused 2ms+3ms
07-07 16:50:35.621 27668 27670 D dalvikvm: GC_CONCURRENT freed 3333K, 18% free 19236K/23367K, paused 3ms+9ms
07-07 16:50:36.996 27668 27670 D dalvikvm: GC_CONCURRENT freed 2947K, 22% free 18336K/23367K, paused 3ms+8ms
07-07 16:50:38.222 27668 27670 D dalvikvm: GC_CONCURRENT freed 1154K, 18% free 19230K/23367K, paused 3ms+19ms
07-07 16:50:38.738 27668 27670 D dalvikvm: GC_CONCURRENT freed 651K, 12% free 20623K/23367K, paused 4ms+10ms
07-07 16:50:39.925   145  1189 D dalvikvm: GC_EXPLICIT freed 1316K, 21% free 16632K/20999K, paused 12ms+11ms
07-07 16:50:40.398 27668 27670 D dalvikvm: GC_CONCURRENT freed 3684K, 19% free 18986K/23367K, paused 5ms+14ms
07-07 16:50:40.515  4199  4202 D dalvikvm: GC_CONCURRENT freed 509K, 6% free 9956K/10567K, paused 32ms+69ms
07-07 16:50:41.769 27668 27670 D dalvikvm: GC_CONCURRENT freed 1771K, 18% free 19258K/23367K, paused 3ms+7ms
07-07 16:50:43.457 27668 27670 D dalvikvm: GC_CONCURRENT freed 871K, 13% free 20435K/23367K, paused 4ms+9ms
07-07 16:50:44.531   145   162 I ActivityManager: Start proc com.google.android.apps.googlevoice for service com.google.android.apps.googlevoice/.UpdateService: pid=4302 uid=10054 gids={3003, 1015}
07-07 16:50:44.777  2121  2123 D dalvikvm: GC_CONCURRENT freed 484K, 7% free 10570K/11271K, paused 3ms+3ms
07-07 16:50:45.004  4302  4304 D dalvikvm: GC_CONCURRENT freed 241K, 4% free 9285K/9607K, paused 10ms+4ms
07-07 16:50:45.058   145  1184 I ActivityManager: Start proc android.process.acore for content provider com.android.providers.contacts/.VoicemailContentProvider: pid=4319 uid=10000 gids={3003, 1015}
07-07 16:50:45.136  4319  4319 I ActivityThread: Pub call_log: com.android.providers.contacts.CallLogProvider
07-07 16:50:45.140  4199  4202 D dalvikvm: GC_CONCURRENT freed 434K, 6% free 9950K/10567K, paused 24ms+24ms
07-07 16:50:45.179  4319  4319 I ActivityThread: Pub com.android.voicemail: com.android.providers.contacts.VoicemailContentProvider
07-07 16:50:45.183  4319  4319 I ActivityThread: Pub user_dictionary: com.android.providers.userdictionary.UserDictionaryProvider
07-07 16:50:45.211  4319  4319 I ActivityThread: Pub com.android.social: com.android.providers.contacts.SocialProvider
07-07 16:50:45.215  4319  4319 I ActivityThread: Pub applications: com.android.providers.applications.ApplicationsProvider
07-07 16:50:45.320  4319  4319 I ActivityThread: Pub contacts;com.android.contacts: com.android.providers.contacts.ContactsProvider2
07-07 16:50:45.371  4319  4321 D dalvikvm: GC_CONCURRENT freed 343K, 5% free 9153K/9607K, paused 4ms+12ms
07-07 16:50:45.734   145   408 I ActivityManager: Process com.google.android.apps.maps:LocationFriendService (pid 4199) has died.
07-07 16:50:46.011 27668 27670 D dalvikvm: GC_CONCURRENT freed 3328K, 19% free 19135K/23367K, paused 4ms+57ms
07-07 16:50:46.324  4302  4304 D dalvikvm: GC_CONCURRENT freed 398K, 5% free 9438K/9927K, paused 2ms+4ms
07-07 16:50:46.324  4302  4311 W CursorWrapperInner: Cursor finalized without prior close()
07-07 16:50:46.324  4302  4311 W CursorWrapperInner: Cursor finalized without prior close()
07-07 16:50:46.324  4302  4311 W CursorWrapperInner: Cursor finalized without prior close()
07-07 16:50:46.406 27668 27683 D dalvikvm: GC_FOR_ALLOC freed 606K, 16% free 19827K/23367K, paused 210ms
07-07 16:50:46.558 27668 27683 D dalvikvm: GC_FOR_ALLOC freed 210K, 16% free 19798K/23367K, paused 135ms
07-07 16:50:46.668 27668 27683 D dalvikvm: GC_FOR_ALLOC freed 237K, 16% free 19806K/23367K, paused 90ms
07-07 16:50:46.804 27668 27683 D dalvikvm: GC_FOR_ALLOC freed 444K, 15% free 19889K/23367K, paused 92ms
07-07 16:50:46.840  4302  4304 D dalvikvm: GC_CONCURRENT freed 356K, 5% free 9525K/9991K, paused 2ms+49ms
07-07 16:50:46.976 27668 27683 D dalvikvm: GC_FOR_ALLOC freed 441K, 15% free 20062K/23367K, paused 100ms
07-07 16:50:47.093 27668  4301 D dalvikvm: GC_FOR_ALLOC freed 1175K, 19% free 19015K/23367K, paused 95ms
07-07 16:50:47.148  4319  4321 D dalvikvm: GC_CONCURRENT freed 203K, 4% free 9400K/9735K, paused 9ms+4ms
07-07 16:50:47.742   145   394 D CountryDetector: The first listener is added
07-07 16:50:47.910  4319  4321 D dalvikvm: GC_CONCURRENT freed 197K, 3% free 9735K/9991K, paused 33ms+6ms
07-07 16:50:48.234   145  1185 I ActivityManager: Process com.facebook.katana (pid 4118) has died.
07-07 16:50:48.238   145  1185 W ActivityManager: Scheduling restart of crashed service com.facebook.katana/.service.MediaUploadService in 46268ms
07-07 16:50:49.066 27668 27670 D dalvikvm: GC_CONCURRENT freed 1835K, 18% free 19224K/23367K, paused 3ms+10ms
07-07 16:50:50.226   145   384 I ActivityManager: Start proc com.google.android.apps.maps:LocationFriendService for service com.google.android.apps.maps/com.google.googlenav.friend.reporting.LocationReceiverService: pid=4359 uid=10056 gids={3003, 1015}
07-07 16:50:50.312  2121  2123 D dalvikvm: GC_CONCURRENT freed 419K, 7% free 10549K/11271K, paused 3ms+100ms
07-07 16:50:50.957  4359  4361 D dalvikvm: GC_CONCURRENT freed 176K, 3% free 9356K/9607K, paused 3ms+2ms
07-07 16:50:51.242   145  1187 I ActivityManager: Process com.google.android.apps.plus (pid 4025) has died.
07-07 16:50:51.246   145  1187 W ActivityManager: Scheduling restart of crashed service com.google.android.apps.plus/.hangout.GCommService in 53261ms
07-07 16:50:51.379  4359  4361 D dalvikvm: GC_CONCURRENT freed 160K, 3% free 9660K/9927K, paused 14ms+7ms
07-07 16:50:51.574  4319  4321 D dalvikvm: GC_CONCURRENT freed 320K, 5% free 9887K/10311K, paused 123ms+4ms
07-07 16:50:51.675 27668 27670 D dalvikvm: GC_CONCURRENT freed 1800K, 17% free 19472K/23367K, paused 10ms+14ms
07-07 16:50:52.093  4359  4361 D dalvikvm: GC_CONCURRENT freed 248K, 4% free 9892K/10247K, paused 11ms+3ms
07-07 16:50:52.152  4359  4366 I dalvikvm: Total arena pages for JIT: 11
07-07 16:50:52.152  4359  4366 I dalvikvm: Total arena pages for JIT: 12
07-07 16:50:52.156  4359  4366 I dalvikvm: Total arena pages for JIT: 13
07-07 16:50:52.156  4359  4366 I dalvikvm: Total arena pages for JIT: 14
07-07 16:50:52.156  4359  4366 I dalvikvm: Total arena pages for JIT: 15
07-07 16:50:52.160  4359  4366 I dalvikvm: Total arena pages for JIT: 16
07-07 16:50:52.160  4359  4366 I dalvikvm: Total arena pages for JIT: 17
07-07 16:50:52.179  4302  4342 D dalvikvm: GC_FOR_ALLOC freed 126K, 5% free 9661K/10119K, paused 175ms
07-07 16:50:52.535 27668 27670 D dalvikvm: GC_CONCURRENT freed 1046K, 13% free 20405K/23367K, paused 3ms+8ms
07-07 16:50:53.687 27668 27670 D dalvikvm: GC_CONCURRENT freed 2192K, 14% free 20240K/23367K, paused 6ms+9ms
07-07 16:50:53.691  4302  4342 D dalvikvm: GC_FOR_ALLOC freed 102K, 5% free 9762K/10247K, paused 22ms
07-07 16:50:54.031 27668 27670 D dalvikvm: GC_CONCURRENT freed 2066K, 14% free 20206K/23367K, paused 3ms+19ms
07-07 16:50:54.390 27668 27670 D dalvikvm: GC_CONCURRENT freed 2030K, 14% free 20168K/23367K, paused 3ms+9ms
07-07 16:50:54.566   145   162 I ActivityManager: Start proc com.whatsapp for service com.whatsapp/.messaging.MessageService: pid=4385 uid=10068 gids={1015, 3003}
07-07 16:50:54.613  4385  4385 I dalvikvm: Turning on JNI app bug workarounds for target SDK version 7...
07-07 16:50:54.664    79    79 D dalvikvm: GC_EXPLICIT freed 38K, 4% free 9027K/9347K, paused 1ms+15ms
07-07 16:50:54.851    79    79 D dalvikvm: GC_EXPLICIT freed <1K, 4% free 9027K/9347K, paused 47ms+10ms
07-07 16:50:54.984    79    79 D dalvikvm: GC_EXPLICIT freed <1K, 4% free 9027K/9347K, paused 7ms+9ms
07-07 16:50:55.047 27668 27670 D dalvikvm: GC_CONCURRENT freed 3696K, 21% free 18517K/23367K, paused 3ms+20ms
07-07 16:50:55.133  4385  4386 D dalvikvm: GC_CONCURRENT freed 179K, 3% free 9338K/9607K, paused 3ms+3ms
07-07 16:50:55.406  4359  4366 I dalvikvm: Total arena pages for JIT: 18
07-07 16:50:55.519  4319  4321 D dalvikvm: GC_CONCURRENT freed 409K, 6% free 9915K/10439K, paused 59ms+162ms
07-07 16:50:55.863  4385  4386 D dalvikvm: GC_CONCURRENT freed 285K, 4% free 9565K/9927K, paused 7ms+12ms
07-07 16:50:55.984  4359  4361 D dalvikvm: GC_CONCURRENT freed 437K, 6% free 9953K/10503K, paused 5ms+3ms
07-07 16:50:56.031 27668 27670 D dalvikvm: GC_CONCURRENT freed 1399K, 18% free 19166K/23367K, paused 3ms+17ms
07-07 16:50:56.293  4385  4385 I dalvikvm: Could not find method android.media.MediaMetadataRetriever.captureFrame, referenced from method com.whatsapp.q3.a
07-07 16:50:56.293  4385  4385 W dalvikvm: VFY: unable to resolve virtual method 502: Landroid/media/MediaMetadataRetriever;.captureFrame ()Landroid/graphics/Bitmap;
07-07 16:50:56.293  4385  4385 D dalvikvm: VFY: replacing opcode 0x6e at 0x0134
07-07 16:50:56.531  4385  4386 D dalvikvm: GC_CONCURRENT freed 249K, 4% free 9797K/10183K, paused 3ms+4ms
07-07 16:50:56.828  4385  4386 D dalvikvm: GC_CONCURRENT freed 345K, 5% free 9970K/10439K, paused 3ms+5ms
07-07 16:50:57.277 27668 27670 D dalvikvm: GC_CONCURRENT freed 753K, 13% free 20460K/23367K, paused 7ms+19ms
07-07 16:50:57.914   145   408 I ActivityManager: Process com.google.android.apps.maps:LocationFriendService (pid 4359) has died.
07-07 16:50:57.918  4385  4386 D dalvikvm: GC_CONCURRENT freed 275K, 4% free 10145K/10503K, paused 70ms+15ms
07-07 16:50:59.902  2121  2123 D dalvikvm: GC_CONCURRENT freed 513K, 7% free 10548K/11271K, paused 3ms+3ms
07-07 16:51:00.125   145  1188 D dalvikvm: GC_EXPLICIT freed 749K, 21% free 16597K/20999K, paused 11ms+9ms
07-07 16:51:00.152   145  1188 I ActivityManager: Start proc com.google.android.apps.maps:LocationFriendService for service com.google.android.apps.maps/com.google.googlenav.friend.reporting.LocationReceiverService: pid=4427 uid=10056 gids={3003, 1015}
07-07 16:51:00.304  4427  4430 D dalvikvm: GC_CONCURRENT freed 153K, 3% free 9379K/9607K, paused 2ms+2ms
07-07 16:51:00.523  4427  4430 D dalvikvm: GC_CONCURRENT freed 159K, 3% free 9679K/9927K, paused 7ms+2ms
07-07 16:51:01.004  4427  4430 D dalvikvm: GC_CONCURRENT freed 327K, 4% free 9908K/10311K, paused 3ms+3ms
07-07 16:51:04.539   145   162 I ActivityManager: Start proc com.spotify.mobile.android.service for service com.spotify.mobile.android.ui/com.spotify.mobile.android.service.SpotifyService: pid=4450 uid=10055 gids={3003, 1015}
07-07 16:51:04.652  4450  4450 D dalvikvm: Trying to load lib /data/data/com.spotify.mobile.android.ui/lib/liborbit-jni-spotify.so 0x41300d38
07-07 16:51:04.761  4450  4450 D dalvikvm: Added shared lib /data/data/com.spotify.mobile.android.ui/lib/liborbit-jni-spotify.so 0x41300d38
07-07 16:51:04.961  4427  4434 I dalvikvm: Total arena pages for JIT: 11
07-07 16:51:04.961  4427  4434 I dalvikvm: Total arena pages for JIT: 12
07-07 16:51:04.961  4427  4434 I dalvikvm: Total arena pages for JIT: 13
07-07 16:51:04.961  4427  4434 I dalvikvm: Total arena pages for JIT: 14
07-07 16:51:04.961  4427  4434 I dalvikvm: Total arena pages for JIT: 15
07-07 16:51:04.961  4427  4434 I dalvikvm: Total arena pages for JIT: 16
07-07 16:51:04.961  4427  4434 I dalvikvm: Total arena pages for JIT: 17
07-07 16:51:05.035  4427  4434 I dalvikvm: Total arena pages for JIT: 18
07-07 16:51:05.179  4427  4430 D dalvikvm: GC_CONCURRENT freed 456K, 6% free 9955K/10503K, paused 6ms+4ms
07-07 16:51:06.047   145   408 I ActivityManager: Process android.process.acore (pid 4319) has died.
07-07 16:51:06.086   145  1188 D CountryDetector: No listener is left
07-07 16:51:09.902  2121  2123 D dalvikvm: GC_CONCURRENT freed 458K, 6% free 10685K/11271K, paused 2ms+3ms
07-07 16:51:13.793   145  1184 I ActivityManager: Start proc android.process.acore for content provider com.android.providers.contacts/.ContactsProvider2: pid=4476 uid=10000 gids={3003, 1015}
07-07 16:51:13.832  4476  4476 I ActivityThread: Pub call_log: com.android.providers.contacts.CallLogProvider
07-07 16:51:13.871  4476  4476 I ActivityThread: Pub com.android.voicemail: com.android.providers.contacts.VoicemailContentProvider
07-07 16:51:13.871  4476  4476 I ActivityThread: Pub user_dictionary: com.android.providers.userdictionary.UserDictionaryProvider
07-07 16:51:13.902  4476  4476 I ActivityThread: Pub com.android.social: com.android.providers.contacts.SocialProvider
07-07 16:51:13.906  4476  4476 I ActivityThread: Pub applications: com.android.providers.applications.ApplicationsProvider
07-07 16:51:14.008  4476  4476 I ActivityThread: Pub contacts;com.android.contacts: com.android.providers.contacts.ContactsProvider2
07-07 16:51:14.011  4476  4478 D dalvikvm: GC_CONCURRENT freed 333K, 5% free 9141K/9607K, paused 2ms+3ms
07-07 16:51:14.328  4476  4478 D dalvikvm: GC_CONCURRENT freed 191K, 4% free 9346K/9671K, paused 2ms+2ms
07-07 16:51:15.199  4427  4430 D dalvikvm: GC_CONCURRENT freed 500K, 6% free 10009K/10567K, paused 90ms+3ms
07-07 16:51:15.851  4476  4478 D dalvikvm: GC_CONCURRENT freed 215K, 4% free 9574K/9927K, paused 5ms+4ms
07-07 16:51:18.785   145  1188 I ActivityManager: Process com.spotify.mobile.android.service (pid 4450) has died.
07-07 16:51:18.789   145  1188 W ActivityManager: Scheduling restart of crashed service com.spotify.mobile.android.ui/com.spotify.mobile.android.service.SpotifyService in 215008ms
07-07 16:51:20.011  2121  2123 D dalvikvm: GC_CONCURRENT freed 702K, 7% free 10547K/11335K, paused 2ms+4ms
07-07 16:51:25.090  4427  4430 D dalvikvm: GC_CONCURRENT freed 578K, 7% free 9971K/10631K, paused 3ms+4ms
07-07 16:51:29.984  2121  2123 D dalvikvm: GC_CONCURRENT freed 509K, 7% free 10550K/11335K, paused 2ms+3ms
07-07 16:51:30.179  4427  4430 D dalvikvm: GC_CONCURRENT freed 435K, 7% free 9942K/10631K, paused 2ms+3ms
07-07 16:51:34.562   145   162 I ActivityManager: Start proc com.facebook.katana for service com.facebook.katana/.service.MediaUploadService: pid=4502 uid=10071 gids={3003, 1006, 1015}
07-07 16:51:34.582  4502  4502 I dalvikvm: Turning on JNI app bug workarounds for target SDK version 7...
07-07 16:51:34.773  4502  4505 D dalvikvm: GC_CONCURRENT freed 155K, 3% free 9376K/9607K, paused 7ms+2ms
07-07 16:51:35.070  4502  4502 I ActivityThread: Pub com.facebook.katana.provider.LoggingProvider: com.facebook.katana.provider.LoggingProvider
07-07 16:51:35.097  4502  4502 I ActivityThread: Pub com.facebook.katana.provider.KeyValueProvider: com.facebook.katana.provider.KeyValueProvider
07-07 16:51:35.097  4502  4502 I ActivityThread: Pub com.facebook.katana.provider.CacheProvider: com.facebook.katana.provider.CacheProvider
07-07 16:51:35.101  4502  4502 I ActivityThread: Pub com.facebook.katana.provider.MailboxProvider: com.facebook.katana.provider.MailboxProvider
07-07 16:51:35.101  2121  2123 D dalvikvm: GC_CONCURRENT freed 397K, 8% free 10539K/11335K, paused 13ms+6ms
07-07 16:51:35.105  4502  4502 I ActivityThread: Pub com.facebook.katana.provider.UserStatusesProvider: com.facebook.katana.provider.UserStatusesProvider
07-07 16:51:35.113  4502  4502 I ActivityThread: Pub com.facebook.katana.provider.EventsProvider: com.facebook.katana.provider.EventsProvider
07-07 16:51:35.121  4502  4502 I ActivityThread: Pub com.facebook.katana.provider.NotificationsProvider: com.facebook.katana.provider.NotificationsProvider
07-07 16:51:35.121  4502  4502 I ActivityThread: Pub com.facebook.katana.provider.UserValuesProvider: com.facebook.katana.provider.UserValuesProvider
07-07 16:51:35.125  4502  4502 I ActivityThread: Pub com.facebook.katana.provider.PagesProvider: com.facebook.katana.provider.PagesProvider
07-07 16:51:35.207  4502  4502 I ActivityThread: Pub com.facebook.katana.provider.MobileEventLogProvider: com.facebook.katana.provider.MobileEventLogProvider
07-07 16:51:35.207  4502  4502 I ActivityThread: Pub com.facebook.katana.provider.PushNotificationsProvider: com.facebook.katana.provider.PushNotificationsProvider
07-07 16:51:35.211  4502  4505 D dalvikvm: GC_CONCURRENT freed 154K, 3% free 9708K/9991K, paused 9ms+4ms
07-07 16:51:35.215  4502  4502 I ActivityThread: Pub com.facebook.katana.provider.PhotosProvider: com.facebook.katana.provider.PhotosProvider
07-07 16:51:35.215  4502  4502 I ActivityThread: Pub com.facebook.katana.provider.ConnectionsProvider: com.facebook.katana.provider.ConnectionsProvider
07-07 16:51:35.238  4502  4502 I ActivityThread: Pub com.facebook.orca.notify.FbandroidMessagesForegroundProvider: com.facebook.orca.notify.FbandroidMessagesForegroundProvider
07-07 16:51:35.308  4502  4502 D ACRA    : Retrieve application default SharedPreferences.
07-07 16:51:35.308  4502  4502 D ACRA    : Set OnSharedPreferenceChangeListener.
07-07 16:51:35.324  4502  4502 D ACRA    : ACRA is enabled for com.facebook.katana, intializing...
07-07 16:51:35.367  4502  4502 D ACRA    : Looking for error files in /data/data/com.facebook.katana/app_acra-reports
07-07 16:51:35.453  4502  4502 W nalizableReferenceQueue: Could not load Finalizer in its own class loader.Loading Finalizer in the current class loader instead. As a result, you will not be ableto garbage collect this class loader. To support reclaiming this class loader, eitherresolve the underlying issue, or move Google Collections to your system class path.
07-07 16:51:35.453  4502  4502 W nalizableReferenceQueue: java.io.FileNotFoundException: com/google/common/base/internal/Finalizer.class
07-07 16:51:35.453  4502  4502 W nalizableReferenceQueue: 	at com.google.common.base.FinalizableReferenceQueue$DecoupledLoader.getBaseUrl(FinalizableReferenceQueue.java:243)
07-07 16:51:35.453  4502  4502 W nalizableReferenceQueue: 	at com.google.common.base.FinalizableReferenceQueue$DecoupledLoader.loadFinalizer(FinalizableReferenceQueue.java:227)
07-07 16:51:35.453  4502  4502 W nalizableReferenceQueue: 	at com.google.common.base.FinalizableReferenceQueue.loadFinalizer(FinalizableReferenceQueue.java:155)
07-07 16:51:35.453  4502  4502 W nalizableReferenceQueue: 	at com.google.common.base.FinalizableReferenceQueue.<clinit>(FinalizableReferenceQueue.java:84)
07-07 16:51:35.453  4502  4502 W nalizableReferenceQueue: 	at com.google.common.collect.CustomConcurrentHashMap$QueueHolder.<clinit>(CustomConcurrentHashMap.java:650)
07-07 16:51:35.453  4502  4502 W nalizableReferenceQueue: 	at com.google.common.collect.CustomConcurrentHashMap$WeakEntry.<init>(CustomConcurrentHashMap.java:1342)
07-07 16:51:35.453  4502  4502 W nalizableReferenceQueue: 	at com.google.common.collect.CustomConcurrentHashMap$EntryFactory$9.newEntry(CustomConcurrentHashMap.java:453)
07-07 16:51:35.453  4502  4502 W nalizableReferenceQueue: 	at com.google.common.collect.CustomConcurrentHashMap.a(CustomConcurrentHashMap.java:1715)
07-07 16:51:35.453  4502  4502 W nalizableReferenceQueue: 	at com.google.common.collect.ComputingConcurrentHashMap$ComputingSegment.a(ComputingConcurrentHashMap.java:123)
07-07 16:51:35.453  4502  4502 W nalizableReferenceQueue: 	at com.google.common.collect.ComputingConcurrentHashMap.apply(ComputingConcurrentHashMap.java:71)
07-07 16:51:35.453  4502  4502 W nalizableReferenceQueue: 	at com.google.common.collect.MapMaker$ComputingMapAdapter.get(MapMaker.java:848)
07-07 16:51:35.453  4502  4502 W nalizableReferenceQueue: 	at com.google.inject.internal.Annotations$AnnotationChecker.a(Annotations.java:94)
07-07 16:51:35.453  4502  4502 W nalizableReferenceQueue: 	at com.google.inject.internal.Annotations.c(Annotations.java:112)
07-07 16:51:35.453  4502  4502 W nalizableReferenceQueue: 	at com.google.inject.Key.d(Key.java:369)
07-07 16:51:35.453  4502  4502 W nalizableReferenceQueue: 	at com.google.inject.Key.b(Key.java:356)
07-07 16:51:35.453  4502  4502 W nalizableReferenceQueue: 	at com.google.inject.Key.a(Key.java:267)
07-07 16:51:35.453  4502  4502 W nalizableReferenceQueue: 	at com.facebook.orca.inject.binder.AnnotatedBindingBuilderImpl.a(AnnotatedBindingBuilderImpl.java:22)
07-07 16:51:35.453  4502  4502 W nalizableReferenceQueue: 	at com.facebook.orca.app.FbBaseModule.a(FbBaseModule.java:74)
07-07 16:51:35.453  4502  4502 W nalizableReferenceQueue: 	at com.facebook.orca.inject.AbstractModule.a(AbstractModule.java:19)
07-07 16:51:35.453  4502  4502 W nalizableReferenceQueue: 	at com.facebook.orca.inject.FbInjectorImpl.a(FbInjectorImpl.java:61)
07-07 16:51:35.453  4502  4502 W nalizableReferenceQueue: 	at com.facebook.orca.inject.FbInjectorImpl.<init>(FbInjectorImpl.java:41)
07-07 16:51:35.453  4502  4502 W nalizableReferenceQueue: 	at com.facebook.orca.inject.FbInjector.a(FbInjector.java:40)
07-07 16:51:35.453  4502  4502 W nalizableReferenceQueue: 	at com.facebook.katana.FacebookApplication.onCreate(FacebookApplication.java:86)
07-07 16:51:35.453  4502  4502 W nalizableReferenceQueue: 	at android.app.Instrumentation.callApplicationOnCreate(Instrumentation.java:969)
07-07 16:51:35.453  4502  4502 W nalizableReferenceQueue: 	at android.app.ActivityThread.handleBindApplication(ActivityThread.java:3954)
07-07 16:51:35.453  4502  4502 W nalizableReferenceQueue: 	at android.app.ActivityThread.access$1300(ActivityThread.java:123)
07-07 16:51:35.453  4502  4502 W nalizableReferenceQueue: 	at android.app.ActivityThread$H.handleMessage(ActivityThread.java:1185)
07-07 16:51:35.453  4502  4502 W nalizableReferenceQueue: 	at android.os.Handler.dispatchMessage(Handler.java:99)
07-07 16:51:35.453  4502  4502 W nalizableReferenceQueue: 	at android.os.Looper.loop(Looper.java:137)
07-07 16:51:35.453  4502  4502 W nalizableReferenceQueue: 	at android.app.ActivityThread.main(ActivityThread.java:4424)
07-07 16:51:35.453  4502  4502 W nalizableReferenceQueue: 	at java.lang.reflect.Method.invokeNative(Native Method)
07-07 16:51:35.453  4502  4502 W nalizableReferenceQueue: 	at java.lang.reflect.Method.invoke(Method.java:511)
07-07 16:51:35.453  4502  4502 W nalizableReferenceQueue: 	at com.android.internal.os.ZygoteInit$MethodAndArgsCaller.run(ZygoteInit.java:784)
07-07 16:51:35.453  4502  4502 W nalizableReferenceQueue: 	at com.android.internal.os.ZygoteInit.main(ZygoteInit.java:551)
07-07 16:51:35.453  4502  4502 W nalizableReferenceQueue: 	at dalvik.system.NativeStart.main(Native Method)
07-07 16:51:35.457  4502  4502 I Finalizer: Couldn't access Thread.inheritableThreadLocals. Reference finalizer threads will inherit thread local values.
07-07 16:51:35.543  4502  4505 D dalvikvm: GC_CONCURRENT freed 373K, 5% free 9863K/10311K, paused 2ms+3ms
07-07 16:51:35.718  4502  4505 D dalvikvm: GC_CONCURRENT freed 413K, 5% free 10001K/10503K, paused 4ms+3ms
07-07 16:51:35.851   145  1184 I ActivityManager: Process android.process.acore (pid 4476) has died.
07-07 16:51:36.054  4502  4505 D dalvikvm: GC_CONCURRENT freed 373K, 5% free 10177K/10631K, paused 8ms+5ms
07-07 16:51:36.375   145  1185 I ActivityManager: Process com.google.android.apps.maps:LocationFriendService (pid 4427) has died.
07-07 16:51:36.496  4502  4520 W Resources: Converting to string: TypedValue{t=0x10/d=0xffffffff a=-1}
07-07 16:51:37.070  4502  4505 D dalvikvm: GC_CONCURRENT freed 343K, 4% free 10341K/10759K, paused 5ms+3ms
07-07 16:51:37.605  4502  4505 D dalvikvm: GC_CONCURRENT freed 312K, 5% free 10438K/10887K, paused 5ms+3ms
07-07 16:51:38.871   145  1186 D dalvikvm: GC_EXPLICIT freed 911K, 21% free 16656K/20999K, paused 15ms+11ms
07-07 16:51:40.281 27783 27785 D dalvikvm: GC_CONCURRENT freed 393K, 5% free 10553K/11079K, paused 6ms+42ms
07-07 16:51:40.285   145  1188 I ActivityManager: Start proc com.google.android.apps.maps:LocationFriendService for service com.google.android.apps.maps/com.google.googlenav.friend.reporting.LocationReceiverService: pid=4533 uid=10056 gids={3003, 1015}
07-07 16:51:40.539 27668 27670 D dalvikvm: GC_CONCURRENT freed 4145K, 22% free 18241K/23367K, paused 15ms+9ms
07-07 16:51:40.574  4533  4535 D dalvikvm: GC_CONCURRENT freed 163K, 3% free 9369K/9607K, paused 3ms+5ms
07-07 16:51:40.832  4533  4535 D dalvikvm: GC_CONCURRENT freed 149K, 3% free 9705K/9927K, paused 3ms+5ms
07-07 16:51:41.265  4533  4535 D dalvikvm: GC_CONCURRENT freed 316K, 4% free 9910K/10311K, paused 3ms+3ms
07-07 16:51:44.531   145   162 I ActivityManager: Start proc com.google.android.apps.plus for service com.google.android.apps.plus/.hangout.GCommService: pid=4556 uid=10060 gids={3003, 3002, 1015, 1006}
07-07 16:51:44.804  4556  4559 D dalvikvm: GC_CONCURRENT freed 162K, 3% free 9370K/9607K, paused 3ms+3ms
07-07 16:51:44.972  4556  4556 I ActivityThread: Pub com.google.android.apps.plus.content.ApiProvider: com.google.android.apps.plus.content.EsApiProvider
07-07 16:51:45.008  4556  4556 I ActivityThread: Pub com.google.android.apps.plus.content.EsGooglePhotoProvider: com.google.android.picasasync.PicasaContentProvider
07-07 16:51:45.203  4556  4559 D dalvikvm: GC_CONCURRENT freed 336K, 5% free 9577K/9991K, paused 2ms+6ms
07-07 16:51:45.269  4556  4556 I ActivityThread: Pub com.google.android.apps.plus.content.EsPicasaStoreProvider: com.google.android.picasastore.PicasaPhotoContentProvider
07-07 16:51:45.300  4556  4556 I ActivityThread: Pub com.google.plus.platform: com.google.android.apps.plus.content.AdsProvider
07-07 16:51:45.300  4556  4556 I ActivityThread: Pub com.google.android.apps.plus.iu.EsGoogleIuProvider: com.google.android.apps.plus.iu.InstantUploadProvider
07-07 16:51:45.304  2121  2123 D dalvikvm: GC_CONCURRENT freed 502K, 7% free 10548K/11335K, paused 3ms+4ms
07-07 16:51:45.437  4556  4559 D dalvikvm: GC_CONCURRENT freed 484K, 6% free 9620K/10183K, paused 2ms+3ms
07-07 16:51:45.445  4556  4556 I ActivityThread: Pub com.google.android.apps.plus.content.EsProvider: com.google.android.apps.plus.content.EsProvider
07-07 16:51:45.504   145   156 I ActivityManager: Start proc android.process.media for content provider com.android.providers.media/.MediaProvider: pid=4574 uid=10012 gids={1015, 1023, 1024, 2001, 3003, 3007}
07-07 16:51:45.550  4574  4574 I ActivityThread: Pub downloads: com.android.providers.downloads.DownloadProvider
07-07 16:51:45.554  4533  4540 I dalvikvm: Total arena pages for JIT: 11
07-07 16:51:45.554  4533  4540 I dalvikvm: Total arena pages for JIT: 12
07-07 16:51:45.558  4533  4540 I dalvikvm: Total arena pages for JIT: 13
07-07 16:51:45.558  4533  4540 I dalvikvm: Total arena pages for JIT: 14
07-07 16:51:45.562  4533  4540 I dalvikvm: Total arena pages for JIT: 15
07-07 16:51:45.562  4533  4540 I dalvikvm: Total arena pages for JIT: 16
07-07 16:51:45.562  4533  4540 I dalvikvm: Total arena pages for JIT: 17
07-07 16:51:45.601  4574  4574 I ActivityThread: Pub drm: com.android.providers.drm.DrmProvider
07-07 16:51:45.605  4574  4587 I DownloadManager: in removeSpuriousFiles
07-07 16:51:45.621  4574  4574 I ActivityThread: Pub media: com.android.providers.media.MediaProvider
07-07 16:51:45.672  4574  4587 I DownloadManager: in removeSpuriousFiles, preserving file /data/data/com.android.providers.downloads/cache/metadata.json
07-07 16:51:45.672  4574  4587 I DownloadManager: in removeSpuriousFiles, preserving file /data/data/com.android.providers.downloads/cache/en_general.htm
07-07 16:51:45.672  4574  4587 I DownloadManager: in removeSpuriousFiles, preserving file /mnt/sdcard/Download/img-thing.jpeg
07-07 16:51:45.672  4574  4587 I DownloadManager: in removeSpuriousFiles, preserving file /data/data/com.android.providers.downloads/cache/metadata-1.json
07-07 16:51:45.672  4574  4587 I DownloadManager: in removeSpuriousFiles, preserving file /data/data/com.android.providers.downloads/cache/downloadfile.jpeg
07-07 16:51:45.672  4574  4587 I DownloadManager: in removeSpuriousFiles, preserving file /data/data/com.android.providers.downloads/cache/metadata-2.json
07-07 16:51:45.672  4574  4587 I DownloadManager: in removeSpuriousFiles, preserving file /data/data/com.android.providers.downloads/cache/metadata-3.json
07-07 16:51:45.672  4574  4587 I DownloadManager: in removeSpuriousFiles, preserving file /data/data/com.android.providers.downloads/cache/downloadfile-1.jpeg
07-07 16:51:45.675  4574  4587 I DownloadManager: in removeSpuriousFiles, preserving file /data/data/com.android.providers.downloads/cache/downloadfile-2.jpeg
07-07 16:51:45.675  4574  4587 I DownloadManager: in removeSpuriousFiles, preserving file /data/data/com.android.providers.downloads/cache/metadata-4.json
07-07 16:51:45.675  4574  4587 I DownloadManager: deleting spurious file /cache/backup
07-07 16:51:45.773  4533  4535 D dalvikvm: GC_CONCURRENT freed 461K, 6% free 9946K/10503K, paused 7ms+3ms
07-07 16:51:45.910  4556  4559 D dalvikvm: GC_CONCURRENT freed 221K, 3% free 9945K/10247K, paused 86ms+4ms
07-07 16:51:45.953  4574  4576 D dalvikvm: GC_CONCURRENT freed 362K, 5% free 9170K/9607K, paused 3ms+5ms
07-07 16:51:46.113  4556  4559 D dalvikvm: GC_CONCURRENT freed 159K, 3% free 10313K/10567K, paused 2ms+6ms
07-07 16:51:46.152  4556  4570 D PicasaPhotoCP: set fsid first time:-1
07-07 16:51:46.211  4556  4559 D dalvikvm: GC_CONCURRENT freed 311K, 5% free 10444K/10951K, paused 2ms+1ms
07-07 16:51:46.238  4556  4556 D dalvikvm: GC_FOR_ALLOC freed <1K, 5% free 10443K/10951K, paused 26ms
07-07 16:51:46.238  4556  4556 I dalvikvm-heap: Grow heap (frag case) to 10.519MB for 260112-byte allocation
07-07 16:51:46.273  4556  4556 D dalvikvm: GC_FOR_ALLOC freed 126K, 6% free 10571K/11207K, paused 24ms
07-07 16:51:46.304  4556  4556 D dalvikvm: GC_FOR_ALLOC freed 311K, 6% free 10564K/11207K, paused 24ms
07-07 16:51:46.336  4556  4556 D dalvikvm: GC_FOR_ALLOC freed 62K, 6% free 10628K/11207K, paused 26ms
07-07 16:51:46.336  4556  4556 I dalvikvm-heap: Grow heap (frag case) to 10.700MB for 260112-byte allocation
07-07 16:51:46.383  4556  4556 D dalvikvm: GC_FOR_ALLOC freed 126K, 7% free 10756K/11463K, paused 42ms
07-07 16:51:46.398   145  1184 I ActivityManager: Process com.google.android.apps.maps:LocationFriendService (pid 4533) has died.
07-07 16:51:46.437  4556  4556 D dalvikvm: GC_FOR_ALLOC freed 307K, 7% free 10748K/11463K, paused 52ms
07-07 16:51:46.465  4556  4556 D dalvikvm: GC_FOR_ALLOC freed 62K, 6% free 10812K/11463K, paused 24ms
07-07 16:51:46.468  4556  4556 I dalvikvm-heap: Grow heap (frag case) to 10.878MB for 260112-byte allocation
07-07 16:51:46.496  4556  4556 D dalvikvm: GC_FOR_ALLOC freed 126K, 7% free 10940K/11719K, paused 24ms
07-07 16:51:46.652  4556  4559 D dalvikvm: GC_CONCURRENT freed 349K, 5% free 11230K/11719K, paused 3ms+4ms
07-07 16:51:46.875  4556  4559 D dalvikvm: GC_CONCURRENT freed 163K, 2% free 11865K/12103K, paused 1ms+4ms
07-07 16:51:47.148  4556  4559 D dalvikvm: GC_CONCURRENT freed 592K, 6% free 12268K/12935K, paused 3ms+5ms
07-07 16:51:47.472  4556  4559 D dalvikvm: GC_CONCURRENT freed 396K, 4% free 12976K/13447K, paused 3ms+4ms
07-07 16:51:47.504  4502  4505 D dalvikvm: GC_CONCURRENT freed 404K, 5% free 10481K/11015K, paused 4ms+17ms
07-07 16:51:47.590  4556  4556 D dalvikvm: Trying to load lib /data/data/com.google.android.apps.plus/lib/libgcomm_jni.so 0x41307760
07-07 16:51:48.008  4556  4556 D dalvikvm: Added shared lib /data/data/com.google.android.apps.plus/lib/libgcomm_jni.so 0x41307760
07-07 16:51:48.008  4556  4556 V gcomm_native: [static void util::JniHelper::SetJavaVm(JavaVM*) jni_helper.cpp(15) 400e3488] JavaVM 0x26e3e0
07-07 16:51:48.008  4556  4556 V gcomm_native: [jint JNI_OnLoad(JavaVM*, void*) jni_helper.cpp(97) 400e3488] JNI_OnLoad
07-07 16:51:48.008  4556  4556 I gcomm_native: [jboolean Java_com_google_android_apps_plus_hangout_GCommNativeWrapper_nativeStaticInitialize(JNIEnv*, _jclass*, _jobject*, _jstring*, _jstring*, _jstring*, jboolean, _jstring*, _jstring*) gcomm_native_wrapper.cpp(972) 400e3488] GComm Static Native initializing
07-07 16:51:49.429   145  1186 I ActivityManager: Process android.process.media (pid 4574) has died.
07-07 16:51:50.199   145  1185 I ActivityManager: Start proc com.google.android.apps.maps:LocationFriendService for service com.google.android.apps.maps/com.google.googlenav.friend.reporting.LocationReceiverService: pid=4599 uid=10056 gids={3003, 1015}
07-07 16:51:50.367  4599  4602 D dalvikvm: GC_CONCURRENT freed 171K, 3% free 9361K/9607K, paused 3ms+2ms
07-07 16:51:50.554  4599  4602 D dalvikvm: GC_CONCURRENT freed 178K, 4% free 9626K/9927K, paused 1ms+2ms
07-07 16:51:51.008  4599  4602 D dalvikvm: GC_CONCURRENT freed 271K, 4% free 9893K/10247K, paused 2ms+3ms
07-07 16:51:55.234  2121  2123 D dalvikvm: GC_CONCURRENT freed 516K, 7% free 10544K/11335K, paused 2ms+3ms
07-07 16:51:55.340  4599  4606 I dalvikvm: Total arena pages for JIT: 11
07-07 16:51:55.340  4599  4606 I dalvikvm: Total arena pages for JIT: 12
07-07 16:51:55.340  4599  4606 I dalvikvm: Total arena pages for JIT: 13
07-07 16:51:55.343  4599  4606 I dalvikvm: Total arena pages for JIT: 14
07-07 16:51:55.343  4599  4606 I dalvikvm: Total arena pages for JIT: 15
07-07 16:51:55.343  4599  4606 I dalvikvm: Total arena pages for JIT: 16
07-07 16:51:55.343  4599  4606 I dalvikvm: Total arena pages for JIT: 17
07-07 16:51:55.504  4599  4602 D dalvikvm: GC_CONCURRENT freed 475K, 6% free 9952K/10503K, paused 3ms+3ms
07-07 16:51:55.547   145  1187 I ActivityManager: Process com.whatsapp (pid 4385) has died.
07-07 16:51:55.547   145  1187 W ActivityManager: Scheduling restart of crashed service com.whatsapp/.messaging.MessageService in 5000ms
07-07 16:52:00.304  4599  4606 I dalvikvm: Total arena pages for JIT: 18
07-07 16:52:00.531   145   913 I ActivityManager: Start proc android.process.media for content provider com.android.providers.media/.MediaProvider: pid=4629 uid=10012 gids={1015, 1023, 1024, 2001, 3003, 3007}
07-07 16:52:00.574  4629  4629 I ActivityThread: Pub downloads: com.android.providers.downloads.DownloadProvider
07-07 16:52:00.574   145   162 I ActivityManager: Start proc com.whatsapp for service com.whatsapp/.messaging.MessageService: pid=4641 uid=10068 gids={1015, 3003}
07-07 16:52:00.590  4641  4641 I dalvikvm: Turning on JNI app bug workarounds for target SDK version 7...
07-07 16:52:00.613  4629  4629 I ActivityThread: Pub drm: com.android.providers.drm.DrmProvider
07-07 16:52:00.617  4629  4654 I DownloadManager: in removeSpuriousFiles
07-07 16:52:00.672  4629  4629 I ActivityThread: Pub media: com.android.providers.media.MediaProvider
07-07 16:52:00.703  4629  4654 I DownloadManager: in removeSpuriousFiles, preserving file /data/data/com.android.providers.downloads/cache/metadata.json
07-07 16:52:00.703  4629  4654 I DownloadManager: in removeSpuriousFiles, preserving file /data/data/com.android.providers.downloads/cache/en_general.htm
07-07 16:52:00.703  4629  4654 I DownloadManager: in removeSpuriousFiles, preserving file /mnt/sdcard/Download/img-thing.jpeg
07-07 16:52:00.707  4629  4654 I DownloadManager: in removeSpuriousFiles, preserving file /data/data/com.android.providers.downloads/cache/metadata-1.json
07-07 16:52:00.707  4629  4654 I DownloadManager: in removeSpuriousFiles, preserving file /data/data/com.android.providers.downloads/cache/downloadfile.jpeg
07-07 16:52:00.707  4629  4654 I DownloadManager: in removeSpuriousFiles, preserving file /data/data/com.android.providers.downloads/cache/metadata-2.json
07-07 16:52:00.707  4629  4654 I DownloadManager: in removeSpuriousFiles, preserving file /data/data/com.android.providers.downloads/cache/metadata-3.json
07-07 16:52:00.707  4629  4654 I DownloadManager: in removeSpuriousFiles, preserving file /data/data/com.android.providers.downloads/cache/downloadfile-1.jpeg
07-07 16:52:00.707  4629  4654 I DownloadManager: in removeSpuriousFiles, preserving file /data/data/com.android.providers.downloads/cache/downloadfile-2.jpeg
07-07 16:52:00.707  4629  4654 I DownloadManager: in removeSpuriousFiles, preserving file /data/data/com.android.providers.downloads/cache/metadata-4.json
07-07 16:52:00.711  4629  4654 I DownloadManager: deleting spurious file /cache/backup
07-07 16:52:01.004  4641  4644 D dalvikvm: GC_CONCURRENT freed 180K, 3% free 9352K/9607K, paused 3ms+4ms
07-07 16:52:01.050   145   145 I ActivityManager: Process com.google.android.apps.maps:LocationFriendService (pid 4599) has died.
07-07 16:52:01.168  4629  4631 D dalvikvm: GC_CONCURRENT freed 368K, 5% free 9163K/9607K, paused 43ms+3ms
07-07 16:52:01.468  4641  4644 D dalvikvm: GC_CONCURRENT freed 285K, 4% free 9609K/9991K, paused 6ms+3ms
07-07 16:52:01.898   145   314 D dalvikvm: GC_EXPLICIT freed 704K, 21% free 16619K/20999K, paused 9ms+12ms
07-07 16:52:01.918   145   912 I ActivityManager: Start proc android.process.acore for content provider com.android.providers.contacts/.ContactsProvider2: pid=4666 uid=10000 gids={3003, 1015}
07-07 16:52:02.000    79    79 D dalvikvm: GC_EXPLICIT freed 38K, 4% free 9027K/9347K, paused 7ms+5ms
07-07 16:52:02.054  4641  4641 I dalvikvm: Could not find method android.media.MediaMetadataRetriever.captureFrame, referenced from method com.whatsapp.q3.a
07-07 16:52:02.054  4641  4641 W dalvikvm: VFY: unable to resolve virtual method 502: Landroid/media/MediaMetadataRetriever;.captureFrame ()Landroid/graphics/Bitmap;
07-07 16:52:02.054  4641  4641 D dalvikvm: VFY: replacing opcode 0x6e at 0x0134
07-07 16:52:02.097  4666  4666 I ActivityThread: Pub call_log: com.android.providers.contacts.CallLogProvider
07-07 16:52:02.101    79    79 D dalvikvm: GC_EXPLICIT freed <1K, 4% free 9027K/9347K, paused 6ms+7ms
07-07 16:52:02.136    79    79 D dalvikvm: GC_EXPLICIT freed <1K, 4% free 9027K/9347K, paused 2ms+5ms
07-07 16:52:02.148  4666  4666 I ActivityThread: Pub com.android.voicemail: com.android.providers.contacts.VoicemailContentProvider
07-07 16:52:02.152  4666  4666 I ActivityThread: Pub user_dictionary: com.android.providers.userdictionary.UserDictionaryProvider
07-07 16:52:02.168   145   157 I ActivityManager: Process android.process.media (pid 4629) has died.
07-07 16:52:02.172  4666  4666 I ActivityThread: Pub com.android.social: com.android.providers.contacts.SocialProvider
07-07 16:52:02.172  4666  4666 I ActivityThread: Pub applications: com.android.providers.applications.ApplicationsProvider
07-07 16:52:02.386  4666  4666 I ActivityThread: Pub contacts;com.android.contacts: com.android.providers.contacts.ContactsProvider2
07-07 16:52:02.429  4666  4669 D dalvikvm: GC_CONCURRENT freed 362K, 5% free 9170K/9607K, paused 2ms+6ms
07-07 16:52:02.445  4641  4644 D dalvikvm: GC_CONCURRENT freed 342K, 5% free 9827K/10247K, paused 3ms+6ms
07-07 16:52:02.754  4641  4644 D dalvikvm: GC_CONCURRENT freed 290K, 4% free 9978K/10375K, paused 3ms+5ms
07-07 16:52:04.203  4666  4669 D dalvikvm: GC_CONCURRENT freed 236K, 4% free 9364K/9735K, paused 5ms+3ms
07-07 16:52:04.258  4641  4644 D dalvikvm: GC_CONCURRENT freed 496K, 6% free 9890K/10503K, paused 13ms+5ms
07-07 16:52:05.300  2121  2123 D dalvikvm: GC_CONCURRENT freed 510K, 7% free 10545K/11335K, paused 3ms+6ms
07-07 16:52:05.355   145  1186 I ActivityManager: Start proc com.google.android.apps.maps:LocationFriendService for service com.google.android.apps.maps/com.google.googlenav.friend.reporting.LocationReceiverService: pid=4689 uid=10056 gids={3003, 1015}
07-07 16:52:05.609  4689  4692 D dalvikvm: GC_CONCURRENT freed 153K, 3% free 9379K/9607K, paused 3ms+2ms
07-07 16:52:06.054  4689  4692 D dalvikvm: GC_CONCURRENT freed 153K, 3% free 9657K/9927K, paused 13ms+41ms
07-07 16:52:06.093   145   408 I ActivityManager: Process android.process.acore (pid 4666) has died.
07-07 16:52:06.660  4689  4692 D dalvikvm: GC_CONCURRENT freed 244K, 4% free 9876K/10247K, paused 3ms+4ms
07-07 16:52:06.711  4689  4696 I dalvikvm: Total arena pages for JIT: 11
07-07 16:52:06.715  4689  4696 I dalvikvm: Total arena pages for JIT: 12
07-07 16:52:06.715  4689  4696 I dalvikvm: Total arena pages for JIT: 13
07-07 16:52:06.715  4689  4696 I dalvikvm: Total arena pages for JIT: 14
07-07 16:52:06.715  4689  4696 I dalvikvm: Total arena pages for JIT: 15
07-07 16:52:06.718  4689  4696 I dalvikvm: Total arena pages for JIT: 16
07-07 16:52:06.718  4689  4696 I dalvikvm: Total arena pages for JIT: 17
07-07 16:52:10.371  2121  2123 D dalvikvm: GC_CONCURRENT freed 408K, 8% free 10534K/11335K, paused 2ms+6ms
07-07 16:52:10.425 27783 31003 D dalvikvm: GC_EXPLICIT freed 226K, 6% free 10457K/11079K, paused 6ms+4ms
07-07 16:52:10.492  4689  4696 I dalvikvm: Total arena pages for JIT: 18
07-07 16:52:10.562  4689  4692 D dalvikvm: GC_CONCURRENT freed 442K, 6% free 9977K/10503K, paused 3ms+4ms
07-07 16:52:15.515  4689  4692 D dalvikvm: GC_CONCURRENT freed 444K, 6% free 9942K/10503K, paused 3ms+2ms
07-07 16:52:20.437  2121  2123 D dalvikvm: GC_CONCURRENT freed 504K, 8% free 10541K/11335K, paused 2ms+4ms
07-07 16:52:23.824   145   174 I ActivityManager: Start proc com.twitter.android for service com.twitter.android/.client.AppService: pid=4719 uid=10064 gids={3003, 1015}
07-07 16:52:23.883  4719  4719 I dalvikvm: Turning on JNI app bug workarounds for target SDK version 11...
07-07 16:52:23.906   145   156 I ActivityManager: Process com.google.android.apps.maps:LocationFriendService (pid 4689) has died.
07-07 16:52:24.019  4719  4719 I ActivityThread: Pub com.twitter.android.provider.GlobalDatabaseProvider: com.twitter.android.provider.GlobalDatabaseProvider
07-07 16:52:24.031  4719  4719 I ActivityThread: Pub com.twitter.android.provider.TwitterProvider: com.twitter.android.provider.TwitterProvider
07-07 16:52:24.199  4719  4721 D dalvikvm: GC_CONCURRENT freed 203K, 3% free 9265K/9543K, paused 2ms+7ms
07-07 16:52:24.468  4719  4721 D dalvikvm: GC_CONCURRENT freed 170K, 4% free 9493K/9799K, paused 1ms+5ms
07-07 16:52:24.687  4719  4721 D dalvikvm: GC_CONCURRENT freed 298K, 5% free 9621K/10055K, paused 1ms+2ms
07-07 16:52:24.855  4719  4721 D dalvikvm: GC_CONCURRENT freed 299K, 5% free 9752K/10183K, paused 2ms+3ms
07-07 16:52:25.023  4719  4721 D dalvikvm: GC_CONCURRENT freed 300K, 5% free 9889K/10311K, paused 2ms+3ms
07-07 16:52:25.179  4719  4721 D dalvikvm: GC_CONCURRENT freed 303K, 5% free 10005K/10439K, paused 2ms+2ms
07-07 16:52:25.269  2121  2128 I dalvikvm: Jit: resizing JitTable from 4096 to 8192
07-07 16:52:25.375   145  1186 I ActivityManager: Start proc com.google.android.apps.maps:LocationFriendService for service com.google.android.apps.maps/com.google.googlenav.friend.reporting.LocationReceiverService: pid=4734 uid=10056 gids={3003, 1015}
07-07 16:52:25.578  4734  4736 D dalvikvm: GC_CONCURRENT freed 158K, 3% free 9374K/9607K, paused 3ms+5ms
07-07 16:52:25.664   145  1184 I ActivityManager: Process com.facebook.katana (pid 4502) has died.
07-07 16:52:25.664   145  1184 W ActivityManager: Scheduling restart of crashed service com.facebook.katana/.service.MediaUploadService in 5000ms
07-07 16:52:25.765  4719  4721 D dalvikvm: GC_CONCURRENT freed 299K, 5% free 10137K/10567K, paused 3ms+3ms
07-07 16:52:25.820  4734  4736 D dalvikvm: GC_CONCURRENT freed 162K, 3% free 9681K/9927K, paused 1ms+2ms
07-07 16:52:26.121  4734  4736 D dalvikvm: GC_CONCURRENT freed 236K, 4% free 9918K/10247K, paused 2ms+3ms
07-07 16:52:26.164  4734  4741 I dalvikvm: Total arena pages for JIT: 11
07-07 16:52:26.164  4734  4741 I dalvikvm: Total arena pages for JIT: 12
07-07 16:52:26.164  4734  4741 I dalvikvm: Total arena pages for JIT: 13
07-07 16:52:26.164  4734  4741 I dalvikvm: Total arena pages for JIT: 14
07-07 16:52:26.168  4734  4741 I dalvikvm: Total arena pages for JIT: 15
07-07 16:52:26.168  4734  4741 I dalvikvm: Total arena pages for JIT: 16
07-07 16:52:26.168  4734  4741 I dalvikvm: Total arena pages for JIT: 17
07-07 16:52:26.386  4719  4721 D dalvikvm: GC_CONCURRENT freed 299K, 5% free 10266K/10695K, paused 2ms+2ms
07-07 16:52:26.593  4719  4721 D dalvikvm: GC_CONCURRENT freed 478K, 6% free 10213K/10823K, paused 2ms+3ms
07-07 16:52:26.750  4719  4721 D dalvikvm: GC_CONCURRENT freed 319K, 5% free 10290K/10823K, paused 3ms+3ms
07-07 16:52:26.929  4719  4721 D dalvikvm: GC_CONCURRENT freed 317K, 5% free 10374K/10823K, paused 2ms+3ms
07-07 16:52:27.101  4719  4721 D dalvikvm: GC_CONCURRENT freed 366K, 5% free 10464K/10951K, paused 2ms+3ms
07-07 16:52:27.246  4719  4721 D dalvikvm: GC_CONCURRENT freed 344K, 5% free 10550K/11015K, paused 2ms+2ms
07-07 16:52:27.410  4719  4721 D dalvikvm: GC_CONCURRENT freed 330K, 5% free 10624K/11079K, paused 2ms+2ms
07-07 16:52:27.578  4719  4721 D dalvikvm: GC_CONCURRENT freed 369K, 5% free 10713K/11207K, paused 4ms+3ms
07-07 16:52:27.754  4719  4721 D dalvikvm: GC_CONCURRENT freed 399K, 5% free 10808K/11335K, paused 2ms+2ms
07-07 16:52:28.578  4719  4721 D dalvikvm: GC_CONCURRENT freed 340K, 5% free 10995K/11463K, paused 2ms+3ms
07-07 16:52:29.707   145  1185 I ActivityManager: Process com.google.android.apps.maps:LocationFriendService (pid 4734) has died.
07-07 16:52:30.359  4719  4721 D dalvikvm: GC_CONCURRENT freed 424K, 5% free 11223K/11783K, paused 2ms+15ms
07-07 16:52:30.425  2121  2123 D dalvikvm: GC_CONCURRENT freed 508K, 7% free 10545K/11335K, paused 3ms+3ms
07-07 16:52:30.468   145   380 I ActivityManager: Start proc com.google.android.apps.maps:LocationFriendService for service com.google.android.apps.maps/com.google.googlenav.friend.reporting.LocationReceiverService: pid=4762 uid=10056 gids={3003, 1015}
07-07 16:52:30.625  4762  4764 D dalvikvm: GC_CONCURRENT freed 161K, 3% free 9371K/9607K, paused 10ms+2ms
07-07 16:52:30.683   145   162 I ActivityManager: Start proc com.facebook.katana for service com.facebook.katana/.service.MediaUploadService: pid=4775 uid=10071 gids={3003, 1006, 1015}
07-07 16:52:30.715  4775  4775 I dalvikvm: Turning on JNI app bug workarounds for target SDK version 7...
07-07 16:52:30.902  4762  4764 D dalvikvm: GC_CONCURRENT freed 132K, 3% free 9669K/9927K, paused 3ms+37ms
07-07 16:52:30.996  4775  4778 D dalvikvm: GC_CONCURRENT freed 158K, 3% free 9374K/9607K, paused 5ms+25ms
07-07 16:52:31.285   145   913 I ActivityManager: Process com.twitter.android (pid 4719) has died.
07-07 16:52:31.312  4762  4764 D dalvikvm: GC_CONCURRENT freed 331K, 5% free 9897K/10311K, paused 6ms+6ms
07-07 16:52:31.324  4775  4775 I ActivityThread: Pub com.facebook.katana.provider.LoggingProvider: com.facebook.katana.provider.LoggingProvider
07-07 16:52:31.343  4775  4775 I ActivityThread: Pub com.facebook.katana.provider.KeyValueProvider: com.facebook.katana.provider.KeyValueProvider
07-07 16:52:31.343  4775  4775 I ActivityThread: Pub com.facebook.katana.provider.CacheProvider: com.facebook.katana.provider.CacheProvider
07-07 16:52:31.347  4775  4775 I ActivityThread: Pub com.facebook.katana.provider.MailboxProvider: com.facebook.katana.provider.MailboxProvider
07-07 16:52:31.359  4775  4775 I ActivityThread: Pub com.facebook.katana.provider.UserStatusesProvider: com.facebook.katana.provider.UserStatusesProvider
07-07 16:52:31.363  4775  4775 I ActivityThread: Pub com.facebook.katana.provider.EventsProvider: com.facebook.katana.provider.EventsProvider
07-07 16:52:31.363  4775  4775 I ActivityThread: Pub com.facebook.katana.provider.NotificationsProvider: com.facebook.katana.provider.NotificationsProvider
07-07 16:52:31.371  4775  4775 I ActivityThread: Pub com.facebook.katana.provider.UserValuesProvider: com.facebook.katana.provider.UserValuesProvider
07-07 16:52:31.371  4775  4775 I ActivityThread: Pub com.facebook.katana.provider.PagesProvider: com.facebook.katana.provider.PagesProvider
07-07 16:52:31.371  4775  4775 I ActivityThread: Pub com.facebook.katana.provider.MobileEventLogProvider: com.facebook.katana.provider.MobileEventLogProvider
07-07 16:52:31.375  4775  4775 I ActivityThread: Pub com.facebook.katana.provider.PushNotificationsProvider: com.facebook.katana.provider.PushNotificationsProvider
07-07 16:52:31.379  4775  4775 I ActivityThread: Pub com.facebook.katana.provider.PhotosProvider: com.facebook.katana.provider.PhotosProvider
07-07 16:52:31.379  4775  4775 I ActivityThread: Pub com.facebook.katana.provider.ConnectionsProvider: com.facebook.katana.provider.ConnectionsProvider
07-07 16:52:31.390  4775  4778 D dalvikvm: GC_CONCURRENT freed 162K, 3% free 9722K/9991K, paused 2ms+8ms
07-07 16:52:31.414  4775  4775 I ActivityThread: Pub com.facebook.orca.notify.FbandroidMessagesForegroundProvider: com.facebook.orca.notify.FbandroidMessagesForegroundProvider
07-07 16:52:31.468  4775  4775 D ACRA    : Retrieve application default SharedPreferences.
07-07 16:52:31.472  4775  4775 D ACRA    : Set OnSharedPreferenceChangeListener.
07-07 16:52:31.480  4775  4775 D ACRA    : ACRA is enabled for com.facebook.katana, intializing...
07-07 16:52:31.539  4775  4775 D ACRA    : Looking for error files in /data/data/com.facebook.katana/app_acra-reports
07-07 16:52:31.633  4775  4775 W nalizableReferenceQueue: Could not load Finalizer in its own class loader.Loading Finalizer in the current class loader instead. As a result, you will not be ableto garbage collect this class loader. To support reclaiming this class loader, eitherresolve the underlying issue, or move Google Collections to your system class path.
07-07 16:52:31.633  4775  4775 W nalizableReferenceQueue: java.io.FileNotFoundException: com/google/common/base/internal/Finalizer.class
07-07 16:52:31.633  4775  4775 W nalizableReferenceQueue: 	at com.google.common.base.FinalizableReferenceQueue$DecoupledLoader.getBaseUrl(FinalizableReferenceQueue.java:243)
07-07 16:52:31.633  4775  4775 W nalizableReferenceQueue: 	at com.google.common.base.FinalizableReferenceQueue$DecoupledLoader.loadFinalizer(FinalizableReferenceQueue.java:227)
07-07 16:52:31.633  4775  4775 W nalizableReferenceQueue: 	at com.google.common.base.FinalizableReferenceQueue.loadFinalizer(FinalizableReferenceQueue.java:155)
07-07 16:52:31.633  4775  4775 W nalizableReferenceQueue: 	at com.google.common.base.FinalizableReferenceQueue.<clinit>(FinalizableReferenceQueue.java:84)
07-07 16:52:31.633  4775  4775 W nalizableReferenceQueue: 	at com.google.common.collect.CustomConcurrentHashMap$QueueHolder.<clinit>(CustomConcurrentHashMap.java:650)
07-07 16:52:31.633  4775  4775 W nalizableReferenceQueue: 	at com.google.common.collect.CustomConcurrentHashMap$WeakEntry.<init>(CustomConcurrentHashMap.java:1342)
07-07 16:52:31.633  4775  4775 W nalizableReferenceQueue: 	at com.google.common.collect.CustomConcurrentHashMap$EntryFactory$9.newEntry(CustomConcurrentHashMap.java:453)
07-07 16:52:31.633  4775  4775 W nalizableReferenceQueue: 	at com.google.common.collect.CustomConcurrentHashMap.a(CustomConcurrentHashMap.java:1715)
07-07 16:52:31.633  4775  4775 W nalizableReferenceQueue: 	at com.google.common.collect.ComputingConcurrentHashMap$ComputingSegment.a(ComputingConcurrentHashMap.java:123)
07-07 16:52:31.633  4775  4775 W nalizableReferenceQueue: 	at com.google.common.collect.ComputingConcurrentHashMap.apply(ComputingConcurrentHashMap.java:71)
07-07 16:52:31.633  4775  4775 W nalizableReferenceQueue: 	at com.google.common.collect.MapMaker$ComputingMapAdapter.get(MapMaker.java:848)
07-07 16:52:31.633  4775  4775 W nalizableReferenceQueue: 	at com.google.inject.internal.Annotations$AnnotationChecker.a(Annotations.java:94)
07-07 16:52:31.633  4775  4775 W nalizableReferenceQueue: 	at com.google.inject.internal.Annotations.c(Annotations.java:112)
07-07 16:52:31.633  4775  4775 W nalizableReferenceQueue: 	at com.google.inject.Key.d(Key.java:369)
07-07 16:52:31.633  4775  4775 W nalizableReferenceQueue: 	at com.google.inject.Key.b(Key.java:356)
07-07 16:52:31.633  4775  4775 W nalizableReferenceQueue: 	at com.google.inject.Key.a(Key.java:267)
07-07 16:52:31.633  4775  4775 W nalizableReferenceQueue: 	at com.facebook.orca.inject.binder.AnnotatedBindingBuilderImpl.a(AnnotatedBindingBuilderImpl.java:22)
07-07 16:52:31.633  4775  4775 W nalizableReferenceQueue: 	at com.facebook.orca.app.FbBaseModule.a(FbBaseModule.java:74)
07-07 16:52:31.633  4775  4775 W nalizableReferenceQueue: 	at com.facebook.orca.inject.AbstractModule.a(AbstractModule.java:19)
07-07 16:52:31.633  4775  4775 W nalizableReferenceQueue: 	at com.facebook.orca.inject.FbInjectorImpl.a(FbInjectorImpl.java:61)
07-07 16:52:31.633  4775  4775 W nalizableReferenceQueue: 	at com.facebook.orca.inject.FbInjectorImpl.<init>(FbInjectorImpl.java:41)
07-07 16:52:31.633  4775  4775 W nalizableReferenceQueue: 	at com.facebook.orca.inject.FbInjector.a(FbInjector.java:40)
07-07 16:52:31.633  4775  4775 W nalizableReferenceQueue: 	at com.facebook.katana.FacebookApplication.onCreate(FacebookApplication.java:86)
07-07 16:52:31.633  4775  4775 W nalizableReferenceQueue: 	at android.app.Instrumentation.callApplicationOnCreate(Instrumentation.java:969)
07-07 16:52:31.633  4775  4775 W nalizableReferenceQueue: 	at android.app.ActivityThread.handleBindApplication(ActivityThread.java:3954)
07-07 16:52:31.633  4775  4775 W nalizableReferenceQueue: 	at android.app.ActivityThread.access$1300(ActivityThread.java:123)
07-07 16:52:31.633  4775  4775 W nalizableReferenceQueue: 	at android.app.ActivityThread$H.handleMessage(ActivityThread.java:1185)
07-07 16:52:31.633  4775  4775 W nalizableReferenceQueue: 	at android.os.Handler.dispatchMessage(Handler.java:99)
07-07 16:52:31.633  4775  4775 W nalizableReferenceQueue: 	at android.os.Looper.loop(Looper.java:137)
07-07 16:52:31.633  4775  4775 W nalizableReferenceQueue: 	at android.app.ActivityThread.main(ActivityThread.java:4424)
07-07 16:52:31.633  4775  4775 W nalizableReferenceQueue: 	at java.lang.reflect.Method.invokeNative(Native Method)
07-07 16:52:31.633  4775  4775 W nalizableReferenceQueue: 	at java.lang.reflect.Method.invoke(Method.java:511)
07-07 16:52:31.633  4775  4775 W nalizableReferenceQueue: 	at com.android.internal.os.ZygoteInit$MethodAndArgsCaller.run(ZygoteInit.java:784)
07-07 16:52:31.633  4775  4775 W nalizableReferenceQueue: 	at com.android.internal.os.ZygoteInit.main(ZygoteInit.java:551)
07-07 16:52:31.633  4775  4775 W nalizableReferenceQueue: 	at dalvik.system.NativeStart.main(Native Method)
07-07 16:52:31.633  4775  4775 I Finalizer: Couldn't access Thread.inheritableThreadLocals. Reference finalizer threads will inherit thread local values.
07-07 16:52:31.718   145   380 I ActivityManager: Process com.google.android.apps.maps:LocationFriendService (pid 4762) has died.
07-07 16:52:31.742  4775  4778 D dalvikvm: GC_CONCURRENT freed 372K, 5% free 9872K/10311K, paused 2ms+4ms
07-07 16:52:31.910  4775  4778 D dalvikvm: GC_CONCURRENT freed 384K, 5% free 10000K/10503K, paused 2ms+2ms
07-07 16:52:32.152  4775  4778 D dalvikvm: GC_CONCURRENT freed 400K, 5% free 10156K/10631K, paused 3ms+4ms
07-07 16:52:32.418  4775  4802 W Resources: Converting to string: TypedValue{t=0x10/d=0xffffffff a=-1}
07-07 16:52:32.933   145  1189 I ActivityManager: Process com.google.android.apps.googlevoice (pid 4302) has died.
07-07 16:52:32.961   145  1189 W ActivityManager: Scheduling restart of crashed service com.google.android.apps.googlevoice/.CallLogService in 20929ms
07-07 16:52:32.961   145  1189 W ActivityManager: Scheduling restart of crashed service com.google.android.apps.googlevoice/.UpdateService in 30928ms
07-07 16:52:33.035  4775  4778 D dalvikvm: GC_CONCURRENT freed 288K, 5% free 10279K/10759K, paused 3ms+11ms
07-07 16:52:33.504   145  1186 D dalvikvm: GC_EXPLICIT freed 935K, 21% free 16655K/20999K, paused 14ms+12ms
07-07 16:52:33.832  4775  4778 D dalvikvm: GC_CONCURRENT freed 278K, 4% free 10407K/10823K, paused 3ms+4ms
07-07 16:52:34.418  4775  4778 D dalvikvm: GC_CONCURRENT freed 337K, 5% free 10490K/10951K, paused 3ms+3ms
07-07 16:52:35.457   145   912 I ActivityManager: Start proc com.google.android.apps.maps:LocationFriendService for service com.google.android.apps.maps/com.google.googlenav.friend.reporting.LocationReceiverService: pid=4815 uid=10056 gids={3003, 1015}
07-07 16:52:35.711  4815  4817 D dalvikvm: GC_CONCURRENT freed 166K, 3% free 9366K/9607K, paused 3ms+4ms
07-07 16:52:35.750 27668 27670 D dalvikvm: GC_CONCURRENT freed 1922K, 22% free 18241K/23367K, paused 16ms+20ms
07-07 16:52:35.992  4815  4817 D dalvikvm: GC_CONCURRENT freed 191K, 3% free 9726K/9991K, paused 7ms+3ms
07-07 16:52:36.351  4815  4817 D dalvikvm: GC_CONCURRENT freed 318K, 5% free 9934K/10375K, paused 3ms+3ms
07-07 16:52:40.496  2121  2123 D dalvikvm: GC_CONCURRENT freed 512K, 7% free 10545K/11335K, paused 4ms+3ms
07-07 16:52:40.558  4815  4822 I dalvikvm: Total arena pages for JIT: 11
07-07 16:52:40.558  4815  4822 I dalvikvm: Total arena pages for JIT: 12
07-07 16:52:40.562  4815  4822 I dalvikvm: Total arena pages for JIT: 13
07-07 16:52:40.562  4815  4822 I dalvikvm: Total arena pages for JIT: 14
07-07 16:52:40.562  4815  4822 I dalvikvm: Total arena pages for JIT: 15
07-07 16:52:40.562  4815  4822 I dalvikvm: Total arena pages for JIT: 16
07-07 16:52:40.562  4815  4822 I dalvikvm: Total arena pages for JIT: 17
07-07 16:52:40.609  4815  4822 I dalvikvm: Total arena pages for JIT: 18
07-07 16:52:40.707  4815  4817 D dalvikvm: GC_CONCURRENT freed 507K, 6% free 9963K/10567K, paused 3ms+4ms
07-07 16:52:43.914   145   162 I ActivityManager: Start proc edu.buffalo.cse.phonelab.phonelabservices for service edu.buffalo.cse.phonelab.phonelabservices/edu.buffalo.cse.phonelab.datalogger.LoggerService: pid=4842 uid=10037 gids={3003, 1015, 1007, 2001}
07-07 16:52:43.984  4842  4842 I PhoneLab-LoggerService: Start Logger Service
07-07 16:52:44.004  4842  4855 I PhoneLab-: Service Running
07-07 16:52:44.043  4775  4778 D dalvikvm: GC_CONCURRENT freed 330K, 5% free 10550K/11015K, paused 5ms+6ms
07-07 16:52:44.101  4842  4855 I PhoneLab-LoggerService: app_37    1466  1     1436   996   c00f181c 400107b4 S logcat
07-07 16:52:44.101  4842  4855 I PhoneLab-LoggerService: Logcat pid from database 1466
07-07 16:52:44.101  4842  4855 I PhoneLab-LoggerService: Logcat process found 1466
07-07 16:52:44.101  4842  4855 I PhoneLab-LoggerService: Checking Threshold
07-07 16:52:44.109  4842  4855 I PhoneLab-LoggerService: Starting to rename files
07-07 16:52:44.113  4842  4855 I PhoneLab-LoggerService: Files found .. 3
07-07 16:52:45.633  2121  2123 D dalvikvm: GC_CONCURRENT freed 419K, 8% free 10530K/11335K, paused 2ms+4ms
07-07 16:52:50.691  4815  4817 D dalvikvm: GC_CONCURRENT freed 484K, 6% free 10014K/10567K, paused 3ms+4ms
07-07 16:52:51.445   145   408 I ActivityManager: Process com.google.android.apps.maps:LocationFriendService (pid 4815) has died.
07-07 16:52:53.902   145   162 I ActivityManager: Start proc com.google.android.apps.googlevoice for service com.google.android.apps.googlevoice/.CallLogService: pid=4866 uid=10054 gids={3003, 1015}
07-07 16:52:54.281  4866  4869 D dalvikvm: GC_CONCURRENT freed 241K, 4% free 9284K/9607K, paused 4ms+3ms
07-07 16:52:54.379   145   913 I ActivityManager: Start proc android.process.acore for content provider com.android.providers.contacts/.VoicemailContentProvider: pid=4881 uid=10000 gids={3003, 1015}
07-07 16:52:54.476  4881  4881 I ActivityThread: Pub call_log: com.android.providers.contacts.CallLogProvider
07-07 16:52:54.531  4881  4881 I ActivityThread: Pub com.android.voicemail: com.android.providers.contacts.VoicemailContentProvider
07-07 16:52:54.531  4881  4881 I ActivityThread: Pub user_dictionary: com.android.providers.userdictionary.UserDictionaryProvider
07-07 16:52:54.558  4881  4881 I ActivityThread: Pub com.android.social: com.android.providers.contacts.SocialProvider
07-07 16:52:54.562  4881  4881 I ActivityThread: Pub applications: com.android.providers.applications.ApplicationsProvider
07-07 16:52:54.664  4881  4881 I ActivityThread: Pub contacts;com.android.contacts: com.android.providers.contacts.ContactsProvider2
07-07 16:52:54.691  4881  4885 D dalvikvm: GC_CONCURRENT freed 345K, 5% free 9176K/9607K, paused 5ms+3ms
07-07 16:52:54.918   145   380 I ActivityManager: Process com.google.android.apps.plus (pid 4556) has died.
07-07 16:52:54.918   145   380 W ActivityManager: Scheduling restart of crashed service com.google.android.apps.plus/.hangout.GCommService in 18971ms
07-07 16:52:55.234  4881  4885 D dalvikvm: GC_CONCURRENT freed 259K, 4% free 9377K/9735K, paused 2ms+4ms
07-07 16:52:55.590  2121  2123 D dalvikvm: GC_CONCURRENT freed 498K, 7% free 10543K/11335K, paused 2ms+4ms
07-07 16:52:55.629   145   380 I ActivityManager: Start proc com.google.android.apps.maps:LocationFriendService for service com.google.android.apps.maps/com.google.googlenav.friend.reporting.LocationReceiverService: pid=4903 uid=10056 gids={3003, 1015}
07-07 16:52:55.793  4903  4905 D dalvikvm: GC_CONCURRENT freed 176K, 3% free 9356K/9607K, paused 3ms+3ms
07-07 16:52:56.043  4903  4905 D dalvikvm: GC_CONCURRENT freed 201K, 3% free 9714K/9991K, paused 3ms+9ms
07-07 16:52:56.258  4903  4910 I dalvikvm: Total arena pages for JIT: 11
07-07 16:52:56.258  4903  4910 I dalvikvm: Total arena pages for JIT: 12
07-07 16:52:56.258  4903  4910 I dalvikvm: Total arena pages for JIT: 13
07-07 16:52:56.261  4903  4910 I dalvikvm: Total arena pages for JIT: 14
07-07 16:52:56.261  4903  4910 I dalvikvm: Total arena pages for JIT: 15
07-07 16:52:56.261  4903  4910 I dalvikvm: Total arena pages for JIT: 16
07-07 16:52:56.265  4903  4910 I dalvikvm: Total arena pages for JIT: 17
07-07 16:52:56.300  4903  4905 D dalvikvm: GC_CONCURRENT freed 283K, 4% free 9931K/10311K, paused 6ms+3ms
07-07 16:52:56.496   145   157 I ActivityManager: Process com.google.android.apps.maps:LocationFriendService (pid 4903) has died.
07-07 16:52:57.269  4881  4885 D dalvikvm: GC_CONCURRENT freed 184K, 4% free 9617K/9927K, paused 7ms+3ms
07-07 16:53:00.625   145   384 I ActivityManager: Start proc com.google.android.apps.maps:LocationFriendService for service com.google.android.apps.maps/com.google.googlenav.friend.reporting.LocationReceiverService: pid=4928 uid=10056 gids={3003, 1015}
07-07 16:53:00.699    79    79 D dalvikvm: GC_EXPLICIT freed 38K, 4% free 9027K/9347K, paused 3ms+12ms
07-07 16:53:00.754    79    79 D dalvikvm: GC_EXPLICIT freed <1K, 4% free 9027K/9347K, paused 3ms+4ms
07-07 16:53:00.804    79    79 D dalvikvm: GC_EXPLICIT freed <1K, 4% free 9027K/9347K, paused 2ms+6ms
07-07 16:53:00.859  4928  4930 D dalvikvm: GC_CONCURRENT freed 178K, 3% free 9354K/9607K, paused 7ms+3ms
07-07 16:53:01.105  4928  4930 D dalvikvm: GC_CONCURRENT freed 170K, 3% free 9707K/9991K, paused 6ms+3ms
07-07 16:53:01.379  4928  4930 D dalvikvm: GC_CONCURRENT freed 312K, 4% free 9901K/10311K, paused 2ms+2ms
07-07 16:53:01.379  4928  4935 I dalvikvm: Total arena pages for JIT: 11
07-07 16:53:01.386  4928  4935 I dalvikvm: Total arena pages for JIT: 12
07-07 16:53:01.386  4928  4935 I dalvikvm: Total arena pages for JIT: 13
07-07 16:53:01.386  4928  4935 I dalvikvm: Total arena pages for JIT: 14
07-07 16:53:01.390  4928  4935 I dalvikvm: Total arena pages for JIT: 15
07-07 16:53:01.390  4928  4935 I dalvikvm: Total arena pages for JIT: 16
07-07 16:53:01.390  4928  4935 I dalvikvm: Total arena pages for JIT: 17
07-07 16:53:01.914 27668 27670 D dalvikvm: GC_CONCURRENT freed 1863K, 22% free 18311K/23367K, paused 14ms+8ms
07-07 16:53:04.484   145   913 D CountryDetector: The first listener is added
07-07 16:53:04.558  4866  4869 D dalvikvm: GC_CONCURRENT freed 369K, 5% free 9398K/9863K, paused 4ms+2ms
07-07 16:53:04.558  4866  4875 W CursorWrapperInner: Cursor finalized without prior close()
07-07 16:53:04.558  4866  4875 W CursorWrapperInner: Cursor finalized without prior close()
07-07 16:53:04.558  4866  4875 W CursorWrapperInner: Cursor finalized without prior close()
07-07 16:53:04.797  4881  4885 D dalvikvm: GC_CONCURRENT freed 509K, 6% free 9640K/10247K, paused 6ms+4ms
07-07 16:53:04.933  4866  4869 D dalvikvm: GC_CONCURRENT freed 317K, 5% free 9505K/9927K, paused 2ms+2ms
07-07 16:53:04.988   145   314 I ActivityManager: Process com.google.android.apps.maps:LocationFriendService (pid 4928) has died.
07-07 16:53:05.441   145  1187 D dalvikvm: GC_EXPLICIT freed 820K, 21% free 16646K/20999K, paused 12ms+11ms
07-07 16:53:05.703  2121  2123 D dalvikvm: GC_CONCURRENT freed 400K, 7% free 10608K/11335K, paused 8ms+4ms
07-07 16:53:05.754   145  1186 I ActivityManager: Start proc com.google.android.apps.maps:LocationFriendService for service com.google.android.apps.maps/com.google.googlenav.friend.reporting.LocationReceiverService: pid=4955 uid=10056 gids={3003, 1015}
07-07 16:53:05.906  4955  4958 D dalvikvm: GC_CONCURRENT freed 153K, 3% free 9379K/9607K, paused 3ms+2ms
07-07 16:53:06.133  4955  4958 D dalvikvm: GC_CONCURRENT freed 195K, 3% free 9719K/9991K, paused 2ms+3ms
07-07 16:53:06.304  4866  4869 D dalvikvm: GC_CONCURRENT freed 222K, 5% free 9714K/10119K, paused 65ms+5ms
07-07 16:53:06.367  4881  4885 D dalvikvm: GC_CONCURRENT freed 266K, 5% free 9820K/10247K, paused 23ms+133ms
07-07 16:53:06.422  4955  4962 I dalvikvm: Total arena pages for JIT: 11
07-07 16:53:06.433  4955  4962 I dalvikvm: Total arena pages for JIT: 12
07-07 16:53:06.433  4955  4962 I dalvikvm: Total arena pages for JIT: 13
07-07 16:53:06.472  4955  4962 I dalvikvm: Total arena pages for JIT: 14
07-07 16:53:06.480  4955  4962 I dalvikvm: Total arena pages for JIT: 15
07-07 16:53:06.480  4955  4962 I dalvikvm: Total arena pages for JIT: 16
07-07 16:53:06.484  4955  4962 I dalvikvm: Total arena pages for JIT: 17
07-07 16:53:06.593  4955  4958 D dalvikvm: GC_CONCURRENT freed 294K, 4% free 9938K/10311K, paused 2ms+11ms
07-07 16:53:10.765  2121  2123 D dalvikvm: GC_CONCURRENT freed 537K, 8% free 10540K/11335K, paused 2ms+3ms
07-07 16:53:10.824  4955  4962 I dalvikvm: Total arena pages for JIT: 18
07-07 16:53:10.937  4955  4958 D dalvikvm: GC_CONCURRENT freed 498K, 6% free 9982K/10567K, paused 3ms+3ms
07-07 16:53:13.949   145   162 I ActivityManager: Start proc com.google.android.apps.plus for service com.google.android.apps.plus/.hangout.GCommService: pid=4981 uid=10060 gids={3003, 3002, 1015, 1006}
07-07 16:53:14.140  4981  4984 D dalvikvm: GC_CONCURRENT freed 152K, 3% free 9380K/9607K, paused 3ms+3ms
07-07 16:53:14.320  4981  4981 I ActivityThread: Pub com.google.android.apps.plus.content.ApiProvider: com.google.android.apps.plus.content.EsApiProvider
07-07 16:53:14.363  4981  4981 I ActivityThread: Pub com.google.android.apps.plus.content.EsGooglePhotoProvider: com.google.android.picasasync.PicasaContentProvider
07-07 16:53:14.511  4981  4984 D dalvikvm: GC_CONCURRENT freed 337K, 5% free 9575K/9991K, paused 3ms+5ms
07-07 16:53:14.562  4981  4981 I ActivityThread: Pub com.google.android.apps.plus.content.EsPicasaStoreProvider: com.google.android.picasastore.PicasaPhotoContentProvider
07-07 16:53:14.625  4981  4981 I ActivityThread: Pub com.google.plus.platform: com.google.android.apps.plus.content.AdsProvider
07-07 16:53:14.648  4981  4981 I ActivityThread: Pub com.google.android.apps.plus.iu.EsGoogleIuProvider: com.google.android.apps.plus.iu.InstantUploadProvider
07-07 16:53:14.711   145   384 I ActivityManager: Process com.google.android.apps.maps:LocationFriendService (pid 4955) has died.
07-07 16:53:14.949  4981  4984 D dalvikvm: GC_CONCURRENT freed 470K, 6% free 9643K/10183K, paused 17ms+16ms
07-07 16:53:14.961  4981  4981 I ActivityThread: Pub com.google.android.apps.plus.content.EsProvider: com.google.android.apps.plus.content.EsProvider
07-07 16:53:14.976   145   314 I ActivityManager: Start proc android.process.media for content provider com.android.providers.media/.MediaProvider: pid=4996 uid=10012 gids={1015, 1023, 1024, 2001, 3003, 3007}
07-07 16:53:15.093  4996  4996 I ActivityThread: Pub downloads: com.android.providers.downloads.DownloadProvider
07-07 16:53:15.199  4996  4996 I ActivityThread: Pub drm: com.android.providers.drm.DrmProvider
07-07 16:53:15.203  4996  5010 I DownloadManager: in removeSpuriousFiles
07-07 16:53:15.242  4996  4996 I ActivityThread: Pub media: com.android.providers.media.MediaProvider
07-07 16:53:15.277  4981  4981 D dalvikvm: GC_FOR_ALLOC freed 163K, 5% free 9776K/10247K, paused 67ms
07-07 16:53:15.297  4996  5010 I DownloadManager: in removeSpuriousFiles, preserving file /data/data/com.android.providers.downloads/cache/metadata.json
07-07 16:53:15.297  4996  5010 I DownloadManager: in removeSpuriousFiles, preserving file /data/data/com.android.providers.downloads/cache/en_general.htm
07-07 16:53:15.297  4996  5010 I DownloadManager: in removeSpuriousFiles, preserving file /mnt/sdcard/Download/img-thing.jpeg
07-07 16:53:15.297  4996  5010 I DownloadManager: in removeSpuriousFiles, preserving file /data/data/com.android.providers.downloads/cache/metadata-1.json
07-07 16:53:15.297  4996  5010 I DownloadManager: in removeSpuriousFiles, preserving file /data/data/com.android.providers.downloads/cache/downloadfile.jpeg
07-07 16:53:15.297  4996  5010 I DownloadManager: in removeSpuriousFiles, preserving file /data/data/com.android.providers.downloads/cache/metadata-2.json
07-07 16:53:15.297  4996  5010 I DownloadManager: in removeSpuriousFiles, preserving file /data/data/com.android.providers.downloads/cache/metadata-3.json
07-07 16:53:15.297  4996  5010 I DownloadManager: in removeSpuriousFiles, preserving file /data/data/com.android.providers.downloads/cache/downloadfile-1.jpeg
07-07 16:53:15.297  4996  5010 I DownloadManager: in removeSpuriousFiles, preserving file /data/data/com.android.providers.downloads/cache/downloadfile-2.jpeg
07-07 16:53:15.300  4996  5010 I DownloadManager: in removeSpuriousFiles, preserving file /data/data/com.android.providers.downloads/cache/metadata-4.json
07-07 16:53:15.300  4996  5010 I DownloadManager: deleting spurious file /cache/backup
07-07 16:53:15.605  4981  4984 D dalvikvm: GC_CONCURRENT freed 122K, 3% free 10053K/10311K, paused 8ms+3ms
07-07 16:53:15.750  4996  4998 D dalvikvm: GC_CONCURRENT freed 370K, 5% free 9162K/9607K, paused 2ms+6ms
07-07 16:53:15.820  4981  4995 D PicasaPhotoCP: set fsid first time:-1
07-07 16:53:15.855   145  1186 I ActivityManager: Start proc com.google.android.apps.maps:LocationFriendService for service com.google.android.apps.maps/com.google.googlenav.friend.reporting.LocationReceiverService: pid=5014 uid=10056 gids={3003, 1015}
07-07 16:53:16.019  5014  5017 D dalvikvm: GC_CONCURRENT freed 161K, 3% free 9371K/9607K, paused 3ms+2ms
07-07 16:53:16.250   145   912 I ActivityManager: Process android.process.acore (pid 4881) has died.
07-07 16:53:16.250   145   157 D CountryDetector: No listener is left
07-07 16:53:16.429  4981  4984 D dalvikvm: GC_CONCURRENT freed 182K, 3% free 10317K/10631K, paused 2ms+2ms
07-07 16:53:16.429  5014  5017 D dalvikvm: GC_CONCURRENT freed 185K, 3% free 9645K/9927K, paused 5ms+3ms
07-07 16:53:16.644  4981  5009 D dalvikvm: GC_FOR_ALLOC freed 236K, 5% free 10444K/10887K, paused 24ms
07-07 16:53:16.644  4981  5009 I dalvikvm-heap: Grow heap (frag case) to 10.519MB for 260112-byte allocation
07-07 16:53:16.711  4981  5009 D dalvikvm: GC_FOR_ALLOC freed 126K, 6% free 10572K/11143K, paused 60ms
07-07 16:53:16.773  5014  5017 D dalvikvm: GC_CONCURRENT freed 241K, 4% free 9904K/10247K, paused 3ms+3ms
07-07 16:53:16.832  4981  5009 D dalvikvm: GC_FOR_ALLOC freed 311K, 6% free 10565K/11207K, paused 25ms
07-07 16:53:16.898  4981  5009 D dalvikvm: GC_FOR_ALLOC freed 62K, 6% free 10628K/11207K, paused 24ms
07-07 16:53:16.992  4981  5009 D dalvikvm: GC_FOR_ALLOC freed 126K, 5% free 10756K/11207K, paused 26ms
07-07 16:53:16.996   145  1184 I ActivityManager: Process com.facebook.katana (pid 4775) has died.
07-07 16:53:16.996   145  1184 W ActivityManager: Scheduling restart of crashed service com.facebook.katana/.service.MediaUploadService in 5000ms
07-07 16:53:17.070  4981  5009 D dalvikvm: GC_FOR_ALLOC freed 307K, 6% free 10748K/11399K, paused 26ms
07-07 16:53:17.105  4981  5009 D dalvikvm: GC_FOR_ALLOC freed 62K, 6% free 10812K/11399K, paused 22ms
07-07 16:53:17.105  4981  5009 I dalvikvm-heap: Grow heap (frag case) to 10.879MB for 260112-byte allocation
07-07 16:53:17.136  4981  5009 D dalvikvm: GC_FOR_ALLOC freed 126K, 7% free 10940K/11655K, paused 25ms
07-07 16:53:17.320  4981  4984 D dalvikvm: GC_CONCURRENT freed 329K, 5% free 11136K/11655K, paused 2ms+3ms
07-07 16:53:17.468  4981  4984 D dalvikvm: GC_CONCURRENT freed 134K, 3% free 11639K/11911K, paused 2ms+2ms
07-07 16:53:17.722  4981  4984 D dalvikvm: GC_CONCURRENT freed 342K, 4% free 12164K/12615K, paused 3ms+3ms
07-07 16:53:17.965  4981  4984 D dalvikvm: GC_CONCURRENT freed 426K, 5% free 12707K/13255K, paused 2ms+2ms
07-07 16:53:18.156  4981  4981 D dalvikvm: Trying to load lib /data/data/com.google.android.apps.plus/lib/libgcomm_jni.so 0x41304028
07-07 16:53:18.492  4981  4981 D dalvikvm: Added shared lib /data/data/com.google.android.apps.plus/lib/libgcomm_jni.so 0x41304028
07-07 16:53:18.492  4981  4981 V gcomm_native: [static void util::JniHelper::SetJavaVm(JavaVM*) jni_helper.cpp(15) 400e3488] JavaVM 0x26e3e0
07-07 16:53:18.492  4981  4981 V gcomm_native: [jint JNI_OnLoad(JavaVM*, void*) jni_helper.cpp(97) 400e3488] JNI_OnLoad
07-07 16:53:18.496  4981  4981 I gcomm_native: [jboolean Java_com_google_android_apps_plus_hangout_GCommNativeWrapper_nativeStaticInitialize(JNIEnv*, _jclass*, _jobject*, _jstring*, _jstring*, _jstring*, jboolean, _jstring*, _jstring*) gcomm_native_wrapper.cpp(972) 400e3488] GComm Static Native initializing
07-07 16:53:18.816   145  1189 I ActivityManager: Process com.google.android.apps.maps:LocationFriendService (pid 5014) has died.
07-07 16:53:19.058   145  1187 I ActivityManager: Process com.whatsapp (pid 4641) has died.
07-07 16:53:19.058   145  1187 W ActivityManager: Scheduling restart of crashed service com.whatsapp/.messaging.MessageService in 12936ms
07-07 16:53:20.808  2121  2123 D dalvikvm: GC_CONCURRENT freed 503K, 7% free 10549K/11335K, paused 4ms+4ms
07-07 16:53:20.843   145   394 I ActivityManager: Start proc com.google.android.apps.maps:LocationFriendService for service com.google.android.apps.maps/com.google.googlenav.friend.reporting.LocationReceiverService: pid=5043 uid=10056 gids={3003, 1015}
07-07 16:53:21.000  5043  5045 D dalvikvm: GC_CONCURRENT freed 164K, 3% free 9368K/9607K, paused 7ms+3ms
07-07 16:53:21.324  5043  5045 D dalvikvm: GC_CONCURRENT freed 194K, 3% free 9720K/9991K, paused 6ms+10ms
07-07 16:53:21.543  5043  5045 D dalvikvm: GC_CONCURRENT freed 285K, 4% free 9930K/10311K, paused 3ms+5ms
07-07 16:53:22.070   145   162 I ActivityManager: Start proc com.facebook.katana for service com.facebook.katana/.service.MediaUploadService: pid=5066 uid=10071 gids={3003, 1006, 1015}
07-07 16:53:22.082  5066  5066 I dalvikvm: Turning on JNI app bug workarounds for target SDK version 7...
07-07 16:53:22.281  5066  5069 D dalvikvm: GC_CONCURRENT freed 161K, 3% free 9371K/9607K, paused 2ms+2ms
07-07 16:53:22.508  5066  5066 I ActivityThread: Pub com.facebook.katana.provider.LoggingProvider: com.facebook.katana.provider.LoggingProvider
07-07 16:53:22.547  5066  5066 I ActivityThread: Pub com.facebook.katana.provider.KeyValueProvider: com.facebook.katana.provider.KeyValueProvider
07-07 16:53:22.547  5066  5066 I ActivityThread: Pub com.facebook.katana.provider.CacheProvider: com.facebook.katana.provider.CacheProvider
07-07 16:53:22.547  5066  5066 I ActivityThread: Pub com.facebook.katana.provider.MailboxProvider: com.facebook.katana.provider.MailboxProvider
07-07 16:53:22.554  5066  5066 I ActivityThread: Pub com.facebook.katana.provider.UserStatusesProvider: com.facebook.katana.provider.UserStatusesProvider
07-07 16:53:22.558  5066  5066 I ActivityThread: Pub com.facebook.katana.provider.EventsProvider: com.facebook.katana.provider.EventsProvider
07-07 16:53:22.558  5066  5066 I ActivityThread: Pub com.facebook.katana.provider.NotificationsProvider: com.facebook.katana.provider.NotificationsProvider
07-07 16:53:22.574  5066  5066 I ActivityThread: Pub com.facebook.katana.provider.UserValuesProvider: com.facebook.katana.provider.UserValuesProvider
07-07 16:53:22.574  5066  5066 I ActivityThread: Pub com.facebook.katana.provider.PagesProvider: com.facebook.katana.provider.PagesProvider
07-07 16:53:22.574  5066  5066 I ActivityThread: Pub com.facebook.katana.provider.MobileEventLogProvider: com.facebook.katana.provider.MobileEventLogProvider
07-07 16:53:22.574  5066  5066 I ActivityThread: Pub com.facebook.katana.provider.PushNotificationsProvider: com.facebook.katana.provider.PushNotificationsProvider
07-07 16:53:22.578  5066  5069 D dalvikvm: GC_CONCURRENT freed 154K, 3% free 9710K/9991K, paused 3ms+3ms
07-07 16:53:22.578  5066  5066 I ActivityThread: Pub com.facebook.katana.provider.PhotosProvider: com.facebook.katana.provider.PhotosProvider
07-07 16:53:22.582  5066  5066 I ActivityThread: Pub com.facebook.katana.provider.ConnectionsProvider: com.facebook.katana.provider.ConnectionsProvider
07-07 16:53:22.601  5066  5066 I ActivityThread: Pub com.facebook.orca.notify.FbandroidMessagesForegroundProvider: com.facebook.orca.notify.FbandroidMessagesForegroundProvider
07-07 16:53:22.808   145  1188 D dalvikvm: GC_EXPLICIT freed 581K, 21% free 16615K/20999K, paused 14ms+10ms
07-07 16:53:22.855  5066  5066 D ACRA    : Retrieve application default SharedPreferences.
07-07 16:53:22.859  5066  5066 D ACRA    : Set OnSharedPreferenceChangeListener.
07-07 16:53:22.871  5066  5066 D ACRA    : ACRA is enabled for com.facebook.katana, intializing...
07-07 16:53:22.992  5066  5066 D ACRA    : Looking for error files in /data/data/com.facebook.katana/app_acra-reports
07-07 16:53:23.074  5066  5066 W nalizableReferenceQueue: Could not load Finalizer in its own class loader.Loading Finalizer in the current class loader instead. As a result, you will not be ableto garbage collect this class loader. To support reclaiming this class loader, eitherresolve the underlying issue, or move Google Collections to your system class path.
07-07 16:53:23.074  5066  5066 W nalizableReferenceQueue: java.io.FileNotFoundException: com/google/common/base/internal/Finalizer.class
07-07 16:53:23.074  5066  5066 W nalizableReferenceQueue: 	at com.google.common.base.FinalizableReferenceQueue$DecoupledLoader.getBaseUrl(FinalizableReferenceQueue.java:243)
07-07 16:53:23.074  5066  5066 W nalizableReferenceQueue: 	at com.google.common.base.FinalizableReferenceQueue$DecoupledLoader.loadFinalizer(FinalizableReferenceQueue.java:227)
07-07 16:53:23.074  5066  5066 W nalizableReferenceQueue: 	at com.google.common.base.FinalizableReferenceQueue.loadFinalizer(FinalizableReferenceQueue.java:155)
07-07 16:53:23.074  5066  5066 W nalizableReferenceQueue: 	at com.google.common.base.FinalizableReferenceQueue.<clinit>(FinalizableReferenceQueue.java:84)
07-07 16:53:23.074  5066  5066 W nalizableReferenceQueue: 	at com.google.common.collect.CustomConcurrentHashMap$QueueHolder.<clinit>(CustomConcurrentHashMap.java:650)
07-07 16:53:23.074  5066  5066 W nalizableReferenceQueue: 	at com.google.common.collect.CustomConcurrentHashMap$WeakEntry.<init>(CustomConcurrentHashMap.java:1342)
07-07 16:53:23.074  5066  5066 W nalizableReferenceQueue: 	at com.google.common.collect.CustomConcurrentHashMap$EntryFactory$9.newEntry(CustomConcurrentHashMap.java:453)
07-07 16:53:23.074  5066  5066 W nalizableReferenceQueue: 	at com.google.common.collect.CustomConcurrentHashMap.a(CustomConcurrentHashMap.java:1715)
07-07 16:53:23.074  5066  5066 W nalizableReferenceQueue: 	at com.google.common.collect.ComputingConcurrentHashMap$ComputingSegment.a(ComputingConcurrentHashMap.java:123)
07-07 16:53:23.074  5066  5066 W nalizableReferenceQueue: 	at com.google.common.collect.ComputingConcurrentHashMap.apply(ComputingConcurrentHashMap.java:71)
07-07 16:53:23.074  5066  5066 W nalizableReferenceQueue: 	at com.google.common.collect.MapMaker$ComputingMapAdapter.get(MapMaker.java:848)
07-07 16:53:23.074  5066  5066 W nalizableReferenceQueue: 	at com.google.inject.internal.Annotations$AnnotationChecker.a(Annotations.java:94)
07-07 16:53:23.074  5066  5066 W nalizableReferenceQueue: 	at com.google.inject.internal.Annotations.c(Annotations.java:112)
07-07 16:53:23.074  5066  5066 W nalizableReferenceQueue: 	at com.google.inject.Key.d(Key.java:369)
07-07 16:53:23.074  5066  5066 W nalizableReferenceQueue: 	at com.google.inject.Key.b(Key.java:356)
07-07 16:53:23.074  5066  5066 W nalizableReferenceQueue: 	at com.google.inject.Key.a(Key.java:267)
07-07 16:53:23.074  5066  5066 W nalizableReferenceQueue: 	at com.facebook.orca.inject.binder.AnnotatedBindingBuilderImpl.a(AnnotatedBindingBuilderImpl.java:22)
07-07 16:53:23.074  5066  5066 W nalizableReferenceQueue: 	at com.facebook.orca.app.FbBaseModule.a(FbBaseModule.java:74)
07-07 16:53:23.074  5066  5066 W nalizableReferenceQueue: 	at com.facebook.orca.inject.AbstractModule.a(AbstractModule.java:19)
07-07 16:53:23.074  5066  5066 W nalizableReferenceQueue: 	at com.facebook.orca.inject.FbInjectorImpl.a(FbInjectorImpl.java:61)
07-07 16:53:23.074  5066  5066 W nalizableReferenceQueue: 	at com.facebook.orca.inject.FbInjectorImpl.<init>(FbInjectorImpl.java:41)
07-07 16:53:23.074  5066  5066 W nalizableReferenceQueue: 	at com.facebook.orca.inject.FbInjector.a(FbInjector.java:40)
07-07 16:53:23.074  5066  5066 W nalizableReferenceQueue: 	at com.facebook.katana.FacebookApplication.onCreate(FacebookApplication.java:86)
07-07 16:53:23.074  5066  5066 W nalizableReferenceQueue: 	at android.app.Instrumentation.callApplicationOnCreate(Instrumentation.java:969)
07-07 16:53:23.074  5066  5066 W nalizableReferenceQueue: 	at android.app.ActivityThread.handleBindApplication(ActivityThread.java:3954)
07-07 16:53:23.074  5066  5066 W nalizableReferenceQueue: 	at android.app.ActivityThread.access$1300(ActivityThread.java:123)
07-07 16:53:23.074  5066  5066 W nalizableReferenceQueue: 	at android.app.ActivityThread$H.handleMessage(ActivityThread.java:1185)
07-07 16:53:23.074  5066  5066 W nalizableReferenceQueue: 	at android.os.Handler.dispatchMessage(Handler.java:99)
07-07 16:53:23.074  5066  5066 W nalizableReferenceQueue: 	at android.os.Looper.loop(Looper.java:137)
07-07 16:53:23.074  5066  5066 W nalizableReferenceQueue: 	at android.app.ActivityThread.main(ActivityThread.java:4424)
07-07 16:53:23.074  5066  5066 W nalizableReferenceQueue: 	at java.lang.reflect.Method.invokeNative(Native Method)
07-07 16:53:23.074  5066  5066 W nalizableReferenceQueue: 	at java.lang.reflect.Method.invoke(Method.java:511)
07-07 16:53:23.074  5066  5066 W nalizableReferenceQueue: 	at com.android.internal.os.ZygoteInit$MethodAndArgsCaller.run(ZygoteInit.java:784)
07-07 16:53:23.074  5066  5066 W nalizableReferenceQueue: 	at com.android.internal.os.ZygoteInit.main(ZygoteInit.java:551)
07-07 16:53:23.074  5066  5066 W nalizableReferenceQueue: 	at dalvik.system.NativeStart.main(Native Method)
07-07 16:53:23.093  5066  5066 I Finalizer: Couldn't access Thread.inheritableThreadLocals. Reference finalizer threads will inherit thread local values.
07-07 16:53:23.172  5066  5069 D dalvikvm: GC_CONCURRENT freed 348K, 5% free 9845K/10311K, paused 3ms+2ms
07-07 16:53:23.336  5066  5069 D dalvikvm: GC_CONCURRENT freed 379K, 5% free 9984K/10439K, paused 2ms+3ms
07-07 16:53:23.488   145  1188 I ActivityManager: Process com.google.android.apps.maps:LocationFriendService (pid 5043) has died.
07-07 16:53:23.777  5066  5069 D dalvikvm: GC_CONCURRENT freed 425K, 5% free 10129K/10631K, paused 4ms+3ms
07-07 16:53:24.179  5066  5082 W Resources: Converting to string: TypedValue{t=0x10/d=0xffffffff a=-1}
07-07 16:53:24.543  5066  5069 D dalvikvm: GC_CONCURRENT freed 293K, 5% free 10292K/10759K, paused 91ms+7ms
07-07 16:53:25.078  5066  5069 D dalvikvm: GC_CONCURRENT freed 278K, 4% free 10407K/10823K, paused 2ms+4ms
07-07 16:53:25.586  5066  5069 D dalvikvm: GC_CONCURRENT freed 331K, 5% free 10488K/10951K, paused 4ms+4ms
07-07 16:53:25.793 27783 27785 D dalvikvm: GC_CONCURRENT freed 283K, 5% free 10562K/11079K, paused 6ms+17ms
07-07 16:53:25.836   145   394 I ActivityManager: Start proc com.google.android.apps.maps:LocationFriendService for service com.google.android.apps.maps/com.google.googlenav.friend.reporting.LocationReceiverService: pid=5095 uid=10056 gids={3003, 1015}
07-07 16:53:25.988  5095  5097 D dalvikvm: GC_CONCURRENT freed 168K, 3% free 9363K/9607K, paused 4ms+2ms
07-07 16:53:26.230  5095  5097 D dalvikvm: GC_CONCURRENT freed 192K, 3% free 9709K/9991K, paused 2ms+5ms
07-07 16:53:26.289   145   329 I ActivityManager: Process android.process.media (pid 4996) has died.
07-07 16:53:26.597  5095  5102 I dalvikvm: Total arena pages for JIT: 11
07-07 16:53:26.601  5095  5102 I dalvikvm: Total arena pages for JIT: 12
07-07 16:53:26.601  5095  5102 I dalvikvm: Total arena pages for JIT: 13
07-07 16:53:26.601  5095  5102 I dalvikvm: Total arena pages for JIT: 14
07-07 16:53:26.605  5095  5102 I dalvikvm: Total arena pages for JIT: 15
07-07 16:53:26.605  5095  5102 I dalvikvm: Total arena pages for JIT: 16
07-07 16:53:26.605  5095  5102 I dalvikvm: Total arena pages for JIT: 17
07-07 16:53:26.644  5095  5097 D dalvikvm: GC_CONCURRENT freed 297K, 4% free 9935K/10311K, paused 2ms+3ms
07-07 16:53:30.863  2121  2123 D dalvikvm: GC_CONCURRENT freed 495K, 7% free 10566K/11335K, paused 44ms+3ms
07-07 16:53:30.980  5095  5102 I dalvikvm: Total arena pages for JIT: 18
07-07 16:53:31.125  5095  5097 D dalvikvm: GC_CONCURRENT freed 493K, 6% free 9987K/10567K, paused 3ms+3ms
07-07 16:53:31.281   145   394 I ActivityManager: Process com.google.android.apps.maps:LocationFriendService (pid 5095) has died.
07-07 16:53:31.320   145   384 I ActivityManager: Start proc android.process.media for content provider com.android.providers.media/.MediaProvider: pid=5123 uid=10012 gids={1015, 1023, 1024, 2001, 3003, 3007}
07-07 16:53:31.355  5123  5123 I ActivityThread: Pub downloads: com.android.providers.downloads.DownloadProvider
07-07 16:53:31.394  5123  5123 I ActivityThread: Pub drm: com.android.providers.drm.DrmProvider
07-07 16:53:31.394  5123  5136 I DownloadManager: in removeSpuriousFiles
07-07 16:53:31.410  5123  5123 I ActivityThread: Pub media: com.android.providers.media.MediaProvider
07-07 16:53:31.425  5123  5136 I DownloadManager: in removeSpuriousFiles, preserving file /data/data/com.android.providers.downloads/cache/metadata.json
07-07 16:53:31.429  5123  5136 I DownloadManager: in removeSpuriousFiles, preserving file /data/data/com.android.providers.downloads/cache/en_general.htm
07-07 16:53:31.429  5123  5136 I DownloadManager: in removeSpuriousFiles, preserving file /mnt/sdcard/Download/img-thing.jpeg
07-07 16:53:31.429  5123  5136 I DownloadManager: in removeSpuriousFiles, preserving file /data/data/com.android.providers.downloads/cache/metadata-1.json
07-07 16:53:31.429  5123  5136 I DownloadManager: in removeSpuriousFiles, preserving file /data/data/com.android.providers.downloads/cache/downloadfile.jpeg
07-07 16:53:31.429  5123  5136 I DownloadManager: in removeSpuriousFiles, preserving file /data/data/com.android.providers.downloads/cache/metadata-2.json
07-07 16:53:31.429  5123  5136 I DownloadManager: in removeSpuriousFiles, preserving file /data/data/com.android.providers.downloads/cache/metadata-3.json
07-07 16:53:31.429  5123  5136 I DownloadManager: in removeSpuriousFiles, preserving file /data/data/com.android.providers.downloads/cache/downloadfile-1.jpeg
07-07 16:53:31.429  5123  5136 I DownloadManager: in removeSpuriousFiles, preserving file /data/data/com.android.providers.downloads/cache/downloadfile-2.jpeg
07-07 16:53:31.429  5123  5136 I DownloadManager: in removeSpuriousFiles, preserving file /data/data/com.android.providers.downloads/cache/metadata-4.json
07-07 16:53:31.433  5123  5136 I DownloadManager: deleting spurious file /cache/backup
07-07 16:53:31.804  5123  5125 D dalvikvm: GC_CONCURRENT freed 365K, 5% free 9167K/9607K, paused 2ms+3ms
07-07 16:53:32.008   145   162 I ActivityManager: Start proc com.whatsapp for service com.whatsapp/.messaging.MessageService: pid=5140 uid=10068 gids={1015, 3003}
07-07 16:53:32.019  5140  5140 I dalvikvm: Turning on JNI app bug workarounds for target SDK version 7...
07-07 16:53:32.293  5140  5143 D dalvikvm: GC_CONCURRENT freed 180K, 3% free 9352K/9607K, paused 3ms+5ms
07-07 16:53:32.367   145   913 I ActivityManager: Process android.process.media (pid 5123) has died.
07-07 16:53:32.769  5140  5143 D dalvikvm: GC_CONCURRENT freed 287K, 4% free 9610K/9991K, paused 3ms+4ms
07-07 16:53:32.996   145  1186 I ActivityManager: Start proc android.process.acore for content provider com.android.providers.contacts/.ContactsProvider2: pid=5161 uid=10000 gids={3003, 1015}
07-07 16:53:33.082  5161  5161 I ActivityThread: Pub call_log: com.android.providers.contacts.CallLogProvider
07-07 16:53:33.101  5140  5140 I dalvikvm: Could not find method android.media.MediaMetadataRetriever.captureFrame, referenced from method com.whatsapp.q3.a
07-07 16:53:33.101  5140  5140 W dalvikvm: VFY: unable to resolve virtual method 502: Landroid/media/MediaMetadataRetriever;.captureFrame ()Landroid/graphics/Bitmap;
07-07 16:53:33.101  5140  5140 D dalvikvm: VFY: replacing opcode 0x6e at 0x0134
07-07 16:53:33.144  5161  5161 I ActivityThread: Pub com.android.voicemail: com.android.providers.contacts.VoicemailContentProvider
07-07 16:53:33.148  5161  5161 I ActivityThread: Pub user_dictionary: com.android.providers.userdictionary.UserDictionaryProvider
07-07 16:53:33.215  5161  5161 I ActivityThread: Pub com.android.social: com.android.providers.contacts.SocialProvider
07-07 16:53:33.218  5161  5161 I ActivityThread: Pub applications: com.android.providers.applications.ApplicationsProvider
07-07 16:53:33.351  5140  5143 D dalvikvm: GC_CONCURRENT freed 447K, 6% free 9722K/10247K, paused 8ms+3ms
07-07 16:53:33.398  5161  5161 I ActivityThread: Pub contacts;com.android.contacts: com.android.providers.contacts.ContactsProvider2
07-07 16:53:33.441  5161  5163 D dalvikvm: GC_CONCURRENT freed 360K, 5% free 9172K/9607K, paused 2ms+8ms
07-07 16:53:33.718  5140  5143 D dalvikvm: GC_CONCURRENT freed 168K, 3% free 9983K/10247K, paused 2ms+6ms
07-07 16:53:35.496  5161  5163 D dalvikvm: GC_CONCURRENT freed 185K, 4% free 9415K/9735K, paused 3ms+3ms
07-07 16:53:35.886  2121  2123 D dalvikvm: GC_CONCURRENT freed 416K, 8% free 10538K/11335K, paused 2ms+4ms
07-07 16:53:35.890   145  1184 I ActivityManager: Start proc com.google.android.apps.maps:LocationFriendService for service com.google.android.apps.maps/com.google.googlenav.friend.reporting.LocationReceiverService: pid=5186 uid=10056 gids={3003, 1015}
07-07 16:53:35.965    79    79 D dalvikvm: GC_EXPLICIT freed 38K, 4% free 9027K/9347K, paused 12ms+7ms
07-07 16:53:36.019    79    79 D dalvikvm: GC_EXPLICIT freed <1K, 4% free 9027K/9347K, paused 4ms+4ms
07-07 16:53:36.082    79    79 D dalvikvm: GC_EXPLICIT freed <1K, 4% free 9027K/9347K, paused 9ms+3ms
07-07 16:53:36.140  5186  5188 D dalvikvm: GC_CONCURRENT freed 178K, 3% free 9353K/9607K, paused 4ms+3ms
07-07 16:53:36.277   145  1184 I ActivityManager: Process com.google.android.apps.plus (pid 4981) has died.
07-07 16:53:36.277   145  1184 W ActivityManager: Scheduling restart of crashed service com.google.android.apps.plus/.hangout.GCommService in 5000ms
07-07 16:53:36.504  5186  5188 D dalvikvm: GC_CONCURRENT freed 160K, 3% free 9658K/9927K, paused 10ms+10ms
07-07 16:53:36.535   145   913 I ActivityManager: Process com.google.android.apps.googlevoice (pid 4866) has died.
07-07 16:53:36.535   145   913 W ActivityManager: Scheduling restart of crashed service com.google.android.apps.googlevoice/.UpdateService in 123712ms
07-07 16:53:36.535   145   913 W ActivityManager: Scheduling restart of crashed service com.google.android.apps.googlevoice/.CallLogService in 87260ms
07-07 16:53:36.855  5186  5188 D dalvikvm: GC_CONCURRENT freed 215K, 4% free 9833K/10183K, paused 3ms+4ms
07-07 16:53:37.086 27783 31003 D dalvikvm: GC_EXPLICIT freed 175K, 6% free 10442K/11079K, paused 6ms+5ms
07-07 16:53:37.449  5066  5069 D dalvikvm: GC_CONCURRENT freed 331K, 5% free 10549K/11015K, paused 12ms+3ms
07-07 16:53:37.601   145  1188 I ActivityManager: Process com.google.android.apps.maps:LocationFriendService (pid 5186) has died.
07-07 16:53:38.644  5161  5163 D dalvikvm: GC_CONCURRENT freed 243K, 4% free 9612K/9991K, paused 8ms+41ms
07-07 16:53:39.980  5210  5210 D dalvikvm: Late-enabling CheckJNI
07-07 16:53:39.984   145   162 I ActivityManager: Start proc com.chess for broadcast com.chess/.backend.AlarmReceiver: pid=5210 uid=10079 gids={3003, 1015}
07-07 16:53:40.402   145  1188 W InputManagerService: Window already focused, ignoring focus gain of: com.android.internal.view.IInputMethodClient$Stub$Proxy@419cc2f0
07-07 16:53:40.472  5210  5213 D dalvikvm: GC_CONCURRENT freed 152K, 3% free 9380K/9607K, paused 7ms+3ms
07-07 16:53:40.644  5210  5224 D GetStringObjTask: retrieving from url = http://www.chess.com/api/get_move_status?id=y3ICtufzg6w7rQqcD3KFujVaIanpYba4bIpaeKElV1LNz3Sz4Fk9Yh5CeWaj8h4bQ2RY0CxFVgA%2ByBE5DE%2B1cAuw4i%2Bp2GVj5RbuDPEUotReGbS25iAukuBsuUd%2Fl5dp
07-07 16:53:41.054   145  1188 I ActivityManager: Start proc com.google.android.apps.maps:LocationFriendService for service com.google.android.apps.maps/com.google.googlenav.friend.reporting.LocationReceiverService: pid=5226 uid=10056 gids={3003, 1015}
07-07 16:53:41.144  5210  5224 D GetStringObjTask: WebRequest SERVER RESPONSE: Success+0
07-07 16:53:41.258   145  1186 D dalvikvm: GC_EXPLICIT freed 797K, 21% free 16617K/20999K, paused 14ms+9ms
07-07 16:53:41.343   145   162 I ActivityManager: Start proc com.google.android.apps.plus for service com.google.android.apps.plus/.hangout.GCommService: pid=5239 uid=10060 gids={3003, 3002, 1015, 1006}
07-07 16:53:41.550  5226  5228 D dalvikvm: GC_CONCURRENT freed 156K, 3% free 9376K/9607K, paused 3ms+3ms
07-07 16:53:41.996  5239  5241 D dalvikvm: GC_CONCURRENT freed 154K, 3% free 9377K/9607K, paused 4ms+18ms
07-07 16:53:42.136   145  1185 I ActivityManager: Process android.process.acore (pid 5161) has died.
07-07 16:53:42.156  5239  5239 I ActivityThread: Pub com.google.android.apps.plus.content.ApiProvider: com.google.android.apps.plus.content.EsApiProvider
07-07 16:53:42.207  5239  5239 I ActivityThread: Pub com.google.android.apps.plus.content.EsGooglePhotoProvider: com.google.android.picasasync.PicasaContentProvider
07-07 16:53:42.222   145   157 W InputManagerService: Starting input on non-focused client com.android.internal.view.IInputMethodClient$Stub$Proxy@4183fd40 (uid=10056 pid=27668)
07-07 16:53:42.316   145   161 I Process : Sending signal. PID: 373 SIG: 3
07-07 16:53:42.320   373   382 I dalvikvm: threadid=3: reacting to signal 3
07-07 16:53:42.406   373   382 I dalvikvm: Wrote stack traces to '/data/anr/traces.txt'
07-07 16:53:42.511   145   380 I ActivityManager: Process com.chess (pid 5210) has died.
07-07 16:53:42.535 27668 27668 D OpenGLRenderer: Flushing caches (mode 0)
07-07 16:53:42.605  5239  5241 D dalvikvm: GC_CONCURRENT freed 336K, 5% free 9576K/9991K, paused 162ms+12ms
07-07 16:53:42.613  5226  5228 D dalvikvm: GC_CONCURRENT freed 156K, 3% free 9684K/9927K, paused 93ms+4ms
07-07 16:53:42.761  5239  5239 I ActivityThread: Pub com.google.android.apps.plus.content.EsPicasaStoreProvider: com.google.android.picasastore.PicasaPhotoContentProvider
07-07 16:53:42.808  5239  5239 I ActivityThread: Pub com.google.plus.platform: com.google.android.apps.plus.content.AdsProvider
07-07 16:53:42.808  5239  5239 I ActivityThread: Pub com.google.android.apps.plus.iu.EsGoogleIuProvider: com.google.android.apps.plus.iu.InstantUploadProvider
07-07 16:53:42.929  5239  5241 D dalvikvm: GC_CONCURRENT freed 501K, 6% free 9603K/10183K, paused 2ms+4ms
07-07 16:53:42.937  5239  5239 I ActivityThread: Pub com.google.android.apps.plus.content.EsProvider: com.google.android.apps.plus.content.EsProvider
07-07 16:53:43.211  5239  5241 D dalvikvm: GC_CONCURRENT freed 202K, 3% free 9964K/10247K, paused 21ms+5ms
07-07 16:53:43.402  5239  5241 D dalvikvm: GC_CONCURRENT freed 150K, 3% free 10320K/10567K, paused 3ms+9ms
07-07 16:53:43.496  5226  5233 I dalvikvm: Total arena pages for JIT: 11
07-07 16:53:43.500   145  1188 I ActivityManager: Start proc android.process.media for content provider com.android.providers.media/.MediaProvider: pid=5265 uid=10012 gids={1015, 1023, 1024, 2001, 3003, 3007}
07-07 16:53:43.508  5226  5233 I dalvikvm: Total arena pages for JIT: 12
07-07 16:53:43.511  5226  5233 I dalvikvm: Total arena pages for JIT: 13
07-07 16:53:43.511  5226  5233 I dalvikvm: Total arena pages for JIT: 14
07-07 16:53:43.511  5226  5233 I dalvikvm: Total arena pages for JIT: 15
07-07 16:53:43.511  5226  5233 I dalvikvm: Total arena pages for JIT: 16
07-07 16:53:43.515  5226  5233 I dalvikvm: Total arena pages for JIT: 17
07-07 16:53:43.578  5265  5265 I ActivityThread: Pub downloads: com.android.providers.downloads.DownloadProvider
07-07 16:53:43.590  5239  5241 D dalvikvm: GC_CONCURRENT freed 310K, 5% free 10441K/10951K, paused 2ms+4ms
07-07 16:53:43.621  5265  5265 I ActivityThread: Pub drm: com.android.providers.drm.DrmProvider
07-07 16:53:43.625  5265  5279 I DownloadManager: in removeSpuriousFiles
07-07 16:53:43.644  5239  5239 D dalvikvm: GC_FOR_ALLOC freed <1K, 5% free 10441K/10951K, paused 53ms
07-07 16:53:43.648  5265  5265 I ActivityThread: Pub media: com.android.providers.media.MediaProvider
07-07 16:53:43.648  5239  5239 I dalvikvm-heap: Grow heap (frag case) to 10.517MB for 260112-byte allocation
07-07 16:53:43.672  5226  5228 D dalvikvm: GC_CONCURRENT freed 331K, 4% free 9904K/10311K, paused 4ms+11ms
07-07 16:53:43.675  5265  5279 I DownloadManager: in removeSpuriousFiles, preserving file /data/data/com.android.providers.downloads/cache/metadata.json
07-07 16:53:43.675  5265  5279 I DownloadManager: in removeSpuriousFiles, preserving file /data/data/com.android.providers.downloads/cache/en_general.htm
07-07 16:53:43.675  5265  5279 I DownloadManager: in removeSpuriousFiles, preserving file /mnt/sdcard/Download/img-thing.jpeg
07-07 16:53:43.679  5265  5279 I DownloadManager: in removeSpuriousFiles, preserving file /data/data/com.android.providers.downloads/cache/metadata-1.json
07-07 16:53:43.679  5265  5279 I DownloadManager: in removeSpuriousFiles, preserving file /data/data/com.android.providers.downloads/cache/downloadfile.jpeg
07-07 16:53:43.679  5265  5279 I DownloadManager: in removeSpuriousFiles, preserving file /data/data/com.android.providers.downloads/cache/metadata-2.json
07-07 16:53:43.683  5265  5279 I DownloadManager: in removeSpuriousFiles, preserving file /data/data/com.android.providers.downloads/cache/metadata-3.json
07-07 16:53:43.683  5265  5279 I DownloadManager: in removeSpuriousFiles, preserving file /data/data/com.android.providers.downloads/cache/downloadfile-1.jpeg
07-07 16:53:43.683  5265  5279 I DownloadManager: in removeSpuriousFiles, preserving file /data/data/com.android.providers.downloads/cache/downloadfile-2.jpeg
07-07 16:53:43.683  5265  5279 I DownloadManager: in removeSpuriousFiles, preserving file /data/data/com.android.providers.downloads/cache/metadata-4.json
07-07 16:53:43.683  5265  5279 I DownloadManager: deleting spurious file /cache/backup
07-07 16:53:43.726  5239  5239 D dalvikvm: GC_FOR_ALLOC freed 126K, 6% free 10569K/11207K, paused 55ms
07-07 16:53:43.765  5239  5239 D dalvikvm: GC_FOR_ALLOC freed 311K, 6% free 10562K/11207K, paused 29ms
07-07 16:53:43.793  5239  5239 D dalvikvm: GC_FOR_ALLOC freed 62K, 6% free 10626K/11207K, paused 24ms
07-07 16:53:43.793  5239  5239 I dalvikvm-heap: Grow heap (frag case) to 10.698MB for 260112-byte allocation
07-07 16:53:43.820  5239  5239 D dalvikvm: GC_FOR_ALLOC freed 126K, 7% free 10754K/11463K, paused 24ms
07-07 16:53:43.863  5239  5239 D dalvikvm: GC_FOR_ALLOC freed 307K, 7% free 10745K/11463K, paused 35ms
07-07 16:53:43.886  5239  5239 D dalvikvm: GC_FOR_ALLOC freed 62K, 6% free 10809K/11463K, paused 23ms
07-07 16:53:43.886  5239  5239 I dalvikvm-heap: Grow heap (frag case) to 10.876MB for 260112-byte allocation
07-07 16:53:43.925  5239  5261 D dalvikvm: GC_FOR_ALLOC freed 126K, 7% free 10937K/11719K, paused 25ms
07-07 16:53:43.992  5265  5267 D dalvikvm: GC_CONCURRENT freed 326K, 5% free 9205K/9607K, paused 2ms+5ms
07-07 16:53:44.160  5239  5241 D dalvikvm: GC_CONCURRENT freed 351K, 5% free 11225K/11719K, paused 2ms+5ms
07-07 16:53:44.375  5239  5241 D dalvikvm: GC_CONCURRENT freed 159K, 2% free 11805K/12039K, paused 2ms+4ms
07-07 16:53:44.640  5239  5260 D PicasaPhotoCP: set fsid first time:-1
07-07 16:53:44.691  5239  5241 D dalvikvm: GC_CONCURRENT freed 585K, 6% free 12211K/12871K, paused 3ms+4ms
07-07 16:53:44.906   145   408 I ActivityManager: START {act=android.intent.action.MAIN cat=[android.intent.category.LAUNCHER] flg=0x10000000 pkg=com.spotify.mobile.android.ui cmp=com.spotify.mobile.android.ui/.activity.MainActivity bnds=[288,706][384,802]} from pid 373
07-07 16:53:45.062  5239  5241 D dalvikvm: GC_CONCURRENT freed 248K, 3% free 13059K/13383K, paused 9ms+9ms
07-07 16:53:45.109   145   145 I ActivityManager: Start proc com.spotify.mobile.android.ui for activity com.spotify.mobile.android.ui/.activity.MainActivity: pid=5284 uid=10055 gids={3003, 1015}
07-07 16:53:45.246  5239  5239 D dalvikvm: Trying to load lib /data/data/com.google.android.apps.plus/lib/libgcomm_jni.so 0x41304ef0
07-07 16:53:45.246   373   373 D OpenGLRenderer: Flushing caches (mode 1)
07-07 16:53:45.496   145   511 W GpsLocationProvider: Unneeded remove listener for uid 1000
07-07 16:53:45.496   373   373 D OpenGLRenderer: Flushing caches (mode 0)
07-07 16:53:45.496   145   394 I WindowManager: WIN DEATH: Window{417a2410 com.google.android.apps.maps/com.google.android.maps.MapsActivity paused=false}
07-07 16:53:45.523   145   394 W WindowManager: Force-removing child win Window{419fce20 SurfaceView paused=false} from container Window{417a2410 com.google.android.apps.maps/com.google.android.maps.MapsActivity paused=false}
07-07 16:53:45.609   145   157 I ActivityManager: Process com.google.android.apps.maps (pid 27668) has died.
07-07 16:53:45.613   145   157 W ActivityManager: Scheduling restart of crashed service com.google.android.apps.maps/com.google.googlenav.android.background.MapWorkerService in 5000ms
07-07 16:53:45.621   145  1185 W WindowManager: Failed looking up window
07-07 16:53:45.621   145  1185 W WindowManager: java.lang.IllegalArgumentException: Requested window android.os.BinderProxy@4179e1d8 does not exist
07-07 16:53:45.621   145  1185 W WindowManager: 	at com.android.server.wm.WindowManagerService.windowForClientLocked(WindowManagerService.java:7163)
07-07 16:53:45.621   145  1185 W WindowManager: 	at com.android.server.wm.WindowManagerService.windowForClientLocked(WindowManagerService.java:7154)
07-07 16:53:45.621   145  1185 W WindowManager: 	at com.android.server.wm.WindowState$DeathRecipient.binderDied(WindowState.java:1545)
07-07 16:53:45.621   145  1185 W WindowManager: 	at android.os.BinderProxy.sendDeathNotice(Binder.java:417)
07-07 16:53:45.621   145  1185 W WindowManager: 	at dalvik.system.NativeStart.run(Native Method)
07-07 16:53:45.621   145  1185 I WindowManager: WIN DEATH: null
07-07 16:53:45.652  5239  5239 D dalvikvm: Added shared lib /data/data/com.google.android.apps.plus/lib/libgcomm_jni.so 0x41304ef0
07-07 16:53:45.652  5239  5239 V gcomm_native: [static void util::JniHelper::SetJavaVm(JavaVM*) jni_helper.cpp(15) 400e3488] JavaVM 0x26e3e0
07-07 16:53:45.652  5239  5239 V gcomm_native: [jint JNI_OnLoad(JavaVM*, void*) jni_helper.cpp(97) 400e3488] JNI_OnLoad
07-07 16:53:45.652  5239  5239 I gcomm_native: [jboolean Java_com_google_android_apps_plus_hangout_GCommNativeWrapper_nativeStaticInitialize(JNIEnv*, _jclass*, _jobject*, _jstring*, _jstring*, _jstring*, jboolean, _jstring*, _jstring*) gcomm_native_wrapper.cpp(972) 400e3488] GComm Static Native initializing
07-07 16:53:45.691   145   161 I Process : Sending signal. PID: 5284 SIG: 3
07-07 16:53:45.691  5284  5289 I dalvikvm: threadid=3: reacting to signal 3
07-07 16:53:45.707  5284  5284 I ActivityThread: Pub com.spotify.mobile.android: com.spotify.mobile.android.provider.SpotifyProvider
07-07 16:53:45.707  5284  5289 I dalvikvm: Wrote stack traces to '/data/anr/traces.txt'
07-07 16:53:45.750  5284  5284 I ActivityThread: Pub com.spotify.mobile.android.util.SpotifySuggestionProvider: com.spotify.mobile.android.util.SpotifySuggestionProvider
07-07 16:53:46.054   215   215 D dalvikvm: GC_FOR_ALLOC freed 789K, 34% free 9735K/14663K, paused 39ms
07-07 16:53:46.062  5284  5284 D HockeyApp: Current handler class = com.android.internal.os.RuntimeInit$UncaughtHandler
07-07 16:53:46.160   215   217 D dalvikvm: GC_CONCURRENT freed 405K, 33% free 9836K/14663K, paused 2ms+7ms
07-07 16:53:46.179  5284  5287 D dalvikvm: GC_CONCURRENT freed 189K, 3% free 9337K/9607K, paused 2ms+5ms
07-07 16:53:46.183   145   161 I Process : Sending signal. PID: 5284 SIG: 3
07-07 16:53:46.183  5284  5289 I dalvikvm: threadid=3: reacting to signal 3
07-07 16:53:46.218  5284  5289 I dalvikvm: Wrote stack traces to '/data/anr/traces.txt'
07-07 16:53:46.340   145   156 I ActivityManager: Start proc com.spotify.mobile.android.service for service com.spotify.mobile.android.ui/com.spotify.mobile.android.service.SpotifyService: pid=5306 uid=10055 gids={3003, 1015}
07-07 16:53:46.347  5284  5287 D dalvikvm: GC_CONCURRENT freed 69K, 3% free 9668K/9927K, paused 2ms+5ms
07-07 16:53:46.441  5306  5306 D dalvikvm: Trying to load lib /data/data/com.spotify.mobile.android.ui/lib/liborbit-jni-spotify.so 0x41305048
07-07 16:53:46.484  2121  2123 D dalvikvm: GC_CONCURRENT freed 502K, 7% free 10547K/11335K, paused 2ms+5ms
07-07 16:53:46.515  5306  5306 D dalvikvm: Added shared lib /data/data/com.spotify.mobile.android.ui/lib/liborbit-jni-spotify.so 0x41305048
07-07 16:53:46.543  5284  5284 W PlayerFragment: No song information associated with position: 0
07-07 16:53:46.617  5284  5284 D libEGL  : loaded /system/lib/egl/libGLES_android.so
07-07 16:53:46.625   145  1186 I AudioService:   Remote Control   registerMediaButtonIntent() for PendingIntent{416c8630: PendingIntentRecord{417f2f60 com.spotify.mobile.android.ui broadcastIntent}}
07-07 16:53:46.652  5284  5284 D libEGL  : loaded /vendor/lib/egl/libEGL_POWERVR_SGX540_120.so
07-07 16:53:46.664  5226  5233 I dalvikvm: Total arena pages for JIT: 18
07-07 16:53:46.683   145   161 I Process : Sending signal. PID: 5284 SIG: 3
07-07 16:53:46.683  5284  5289 I dalvikvm: threadid=3: reacting to signal 3
07-07 16:53:46.711  5284  5289 I dalvikvm: Wrote stack traces to '/data/anr/traces.txt'
07-07 16:53:46.750  5284  5284 D libEGL  : loaded /vendor/lib/egl/libGLESv1_CM_POWERVR_SGX540_120.so
07-07 16:53:46.750  5284  5284 D libEGL  : loaded /vendor/lib/egl/libGLESv2_POWERVR_SGX540_120.so
07-07 16:53:46.847  5284  5284 D OpenGLRenderer: Enabling debug mode 0
07-07 16:53:46.855  5226  5228 D dalvikvm: GC_CONCURRENT freed 450K, 6% free 9957K/10503K, paused 3ms+4ms
07-07 16:53:47.183   145   161 I Process : Sending signal. PID: 5284 SIG: 3
07-07 16:53:47.183  5284  5289 I dalvikvm: threadid=3: reacting to signal 3
07-07 16:53:47.523  5284  5289 I dalvikvm: Wrote stack traces to '/data/anr/traces.txt'
07-07 16:53:47.687   145   161 I Process : Sending signal. PID: 5284 SIG: 3
07-07 16:53:47.687  5284  5289 I dalvikvm: threadid=3: reacting to signal 3
07-07 16:53:47.922  5284  5289 I dalvikvm: Wrote stack traces to '/data/anr/traces.txt'
07-07 16:53:47.922   145   175 I ActivityManager: Displayed com.spotify.mobile.android.ui/.activity.MainActivity: +2s987ms
07-07 16:53:48.062   373   373 D OpenGLRenderer: Flushing caches (mode 2)
07-07 16:53:48.074   373   373 D OpenGLRenderer: Flushing caches (mode 0)
07-07 16:53:48.383   145  1184 D dalvikvm: GC_EXPLICIT freed 746K, 21% free 16590K/20999K, paused 12ms+8ms
07-07 16:53:48.539  5284  5287 D dalvikvm: GC_CONCURRENT freed 157K, 3% free 9999K/10247K, paused 13ms+6ms
07-07 16:53:49.035   145   156 I ActivityManager: Start proc android.process.acore for content provider com.android.providers.contacts/.ContactsProvider2: pid=5365 uid=10000 gids={3003, 1015}
07-07 16:53:49.074  5365  5365 I ActivityThread: Pub call_log: com.android.providers.contacts.CallLogProvider
07-07 16:53:49.117  5365  5365 I ActivityThread: Pub com.android.voicemail: com.android.providers.contacts.VoicemailContentProvider
07-07 16:53:49.121  5365  5365 I ActivityThread: Pub user_dictionary: com.android.providers.userdictionary.UserDictionaryProvider
07-07 16:53:49.156  5365  5365 I ActivityThread: Pub com.android.social: com.android.providers.contacts.SocialProvider
07-07 16:53:49.160  5365  5365 I ActivityThread: Pub applications: com.android.providers.applications.ApplicationsProvider
07-07 16:53:49.234  5365  5365 I ActivityThread: Pub contacts;com.android.contacts: com.android.providers.contacts.ContactsProvider2
07-07 16:53:49.261  5365  5368 D dalvikvm: GC_CONCURRENT freed 350K, 5% free 9182K/9607K, paused 2ms+5ms
07-07 16:53:49.621  5365  5368 D dalvikvm: GC_CONCURRENT freed 235K, 4% free 9365K/9735K, paused 2ms+3ms
07-07 16:53:51.101  5140  5143 D dalvikvm: GC_CONCURRENT freed 550K, 7% free 9880K/10567K, paused 11ms+7ms
07-07 16:53:51.265  5226  5228 D dalvikvm: GC_CONCURRENT freed 437K, 6% free 9928K/10503K, paused 3ms+3ms
07-07 16:53:51.312  5365  5368 D dalvikvm: GC_CONCURRENT freed 199K, 4% free 9604K/9927K, paused 7ms+3ms
07-07 16:53:52.152  5284  5287 D dalvikvm: GC_CONCURRENT freed 241K, 4% free 10190K/10567K, paused 156ms+8ms
07-07 16:53:52.554   145   161 W ActivityManager: Activity destroy timeout for ActivityRecord{41637a40 com.google.android.apps.maps/com.google.android.maps.MapsActivity}
07-07 16:53:53.660  5306  5308 D dalvikvm: GC_CONCURRENT freed 320K, 5% free 9154K/9607K, paused 4ms+2ms
07-07 16:53:53.879  5284  5287 D dalvikvm: GC_CONCURRENT freed 237K, 4% free 10390K/10759K, paused 117ms+7ms
07-07 16:54:04.203  5306  5322 W dalvikvm: dvmFindClassByName rejecting 'com/spotify/mobile/android/core/internal/SoundDriver'
07-07 16:54:04.265   145   156 I AudioService:  AudioFocus  requestAudioFocus() from android.media.AudioManager@4132eb88com.spotify.mobile.android.service.s@413362c0
07-07 16:54:04.343  5306  5326 D ActivityThread: Loading provider com.spotify.mobile.android: com.spotify.mobile.android.provider.SpotifyProvider
07-07 16:54:04.718  5306  5406 D dalvikvm: GC_FOR_ALLOC freed 103K, 5% free 9186K/9607K, paused 36ms
07-07 16:54:04.726  5306  5406 I dalvikvm-heap: Grow heap (frag case) to 9.350MB for 321616-byte allocation
07-07 16:54:04.773  5306  5402 D dalvikvm: GC_FOR_ALLOC freed <1K, 5% free 9500K/9927K, paused 26ms
07-07 16:54:04.840  5306  5306 D dalvikvm: GC_FOR_ALLOC freed 89K, 5% free 9502K/9927K, paused 42ms
07-07 16:54:04.840  5306  5306 I dalvikvm-heap: Grow heap (frag case) to 9.575MB for 234512-byte allocation
07-07 16:54:04.875  5306  5306 D dalvikvm: GC_FOR_ALLOC freed <1K, 5% free 9730K/10183K, paused 34ms
07-07 16:54:04.996  5284  5287 D dalvikvm: GC_CONCURRENT freed 321K, 5% free 10502K/10951K, paused 10ms+10ms
07-07 16:54:05.289    81   124 D AudioHardware: AudioHardware pcm playback is exiting standby.
07-07 16:54:05.289    81   124 D AudioHardware: openPcmOut_l() mPcmOpenCnt: 0
07-07 16:54:10.074   358   358 D dalvikvm: GC_EXPLICIT freed <1K, 6% free 9098K/9607K, paused 4ms+6ms
07-07 16:54:15.090  2121  2121 D dalvikvm: GC_EXPLICIT freed 343K, 8% free 10533K/11335K, paused 10ms+10ms
07-07 16:54:20.222   145   161 D dalvikvm: GC_EXPLICIT freed 501K, 22% free 16572K/20999K, paused 32ms+14ms
07-07 16:54:25.109   215   215 D dalvikvm: GC_EXPLICIT freed 281K, 34% free 9685K/14663K, paused 10ms+3ms
07-07 16:54:30.160   344   344 D dalvikvm: GC_EXPLICIT freed 74K, 22% free 9954K/12743K, paused 19ms+3ms
07-07 16:54:35.160   442   442 D dalvikvm: GC_EXPLICIT freed <1K, 4% free 9033K/9347K, paused 61ms+3ms
07-07 16:54:40.160 27783 27783 D dalvikvm: GC_EXPLICIT freed 110K, 6% free 10451K/11079K, paused 6ms+4ms
07-07 16:54:44.015  4842  4855 I PhoneLab-: Service Running
07-07 16:54:44.172  4842  4855 I PhoneLab-LoggerService: app_37    1466  1     1436   996   c00f181c 400107b4 S logcat
07-07 16:54:44.172  4842  4855 I PhoneLab-LoggerService: Logcat pid from database 1466
07-07 16:54:44.172  4842  4855 I PhoneLab-LoggerService: Logcat process found 1466
07-07 16:54:44.172  4842  4855 I PhoneLab-LoggerService: Checking Threshold
07-07 16:54:44.175  4842  4855 I PhoneLab-LoggerService: Starting to rename files
07-07 16:54:44.175  4842  4855 I PhoneLab-LoggerService: Files found .. 3
07-07 16:54:45.129   323   323 D dalvikvm: GC_EXPLICIT freed 132K, 22% free 10102K/12807K, paused 29ms+4ms
07-07 16:54:56.047  3960  3960 D dalvikvm: GC_EXPLICIT freed 175K, 4% free 9052K/9347K, paused 7ms+2ms
07-07 16:55:03.867   145   162 I ActivityManager: Start proc com.google.android.apps.googlevoice for service com.google.android.apps.googlevoice/.CallLogService: pid=5421 uid=10054 gids={3003, 1015}
07-07 16:55:04.414  5421  5424 D dalvikvm: GC_CONCURRENT freed 260K, 4% free 9271K/9607K, paused 8ms+3ms
07-07 16:55:05.062  2880  2880 E GeckoApp: low memory
07-07 16:55:05.183  2880  2880 D dalvikvm: GC_EXPLICIT freed 2068K, 32% free 10864K/15943K, paused 2ms+5ms
07-07 16:55:10.144   373   373 D dalvikvm: GC_EXPLICIT freed 546K, 22% free 11719K/14983K, paused 11ms+5ms
07-07 16:55:14.308   145  1188 D dalvikvm: GC_EXPLICIT freed 216K, 22% free 16566K/20999K, paused 3ms+12ms
07-07 16:55:15.093  4842  4842 D dalvikvm: GC_EXPLICIT freed 240K, 4% free 9050K/9415K, paused 6ms+2ms
07-07 16:55:40.500   145   912 D CountryDetector: The first listener is added
07-07 16:55:40.675  5421  5424 D dalvikvm: GC_CONCURRENT freed 345K, 5% free 9374K/9799K, paused 92ms+2ms
07-07 16:55:40.699  5421  5430 W CursorWrapperInner: Cursor finalized without prior close()
07-07 16:55:40.734  5421  5430 W CursorWrapperInner: Cursor finalized without prior close()
07-07 16:55:40.734  5421  5430 W CursorWrapperInner: Cursor finalized without prior close()
07-07 16:55:40.812  5365  5368 D dalvikvm: GC_CONCURRENT freed 515K, 6% free 9656K/10247K, paused 2ms+3ms
07-07 16:55:40.984  5421  5424 D dalvikvm: GC_CONCURRENT freed 310K, 5% free 9504K/9927K, paused 2ms+4ms
07-07 16:55:41.324  5421  5443 D dalvikvm: GC_FOR_ALLOC freed 202K, 5% free 9712K/10119K, paused 16ms
07-07 16:55:41.500  5365  5368 D dalvikvm: GC_CONCURRENT freed 362K, 5% free 9805K/10247K, paused 10ms+6ms
07-07 16:55:51.113  2121  2123 D dalvikvm: GC_CONCURRENT freed 504K, 8% free 10540K/11335K, paused 2ms+8ms
07-07 16:55:51.277  5226  5228 D dalvikvm: GC_CONCURRENT freed 486K, 6% free 10001K/10567K, paused 12ms+3ms
07-07 16:55:54.605  5306  5306 D dalvikvm: GC_FOR_ALLOC freed 156K, 5% free 9744K/10183K, paused 27ms
07-07 16:55:54.605  5306  5306 I dalvikvm-heap: Grow heap (frag case) to 9.812MB for 234512-byte allocation
07-07 16:55:54.613  5284  5284 D dalvikvm: GC_FOR_ALLOC freed 510K, 7% free 10312K/11079K, paused 38ms
07-07 16:55:54.644  5306  5326 D dalvikvm: GC_FOR_ALLOC freed 2K, 5% free 9971K/10439K, paused 28ms
07-07 16:55:54.718  5306  5306 D dalvikvm: GC_FOR_ALLOC freed 340K, 7% free 9742K/10439K, paused 24ms
07-07 16:55:54.758  5284  5284 D dalvikvm: GC_FOR_ALLOC freed 146K, 8% free 10284K/11079K, paused 37ms
07-07 16:55:54.793  5306  5306 D dalvikvm: GC_FOR_ALLOC freed 321K, 7% free 9740K/10439K, paused 49ms
07-07 16:55:54.820  5306  5306 D dalvikvm: GC_FOR_ALLOC freed 320K, 7% free 9740K/10439K, paused 13ms
07-07 16:55:54.843  5284  5284 D dalvikvm: GC_FOR_ALLOC freed 97K, 8% free 10289K/11079K, paused 22ms
07-07 16:55:54.910  5284  5284 D dalvikvm: GC_FOR_ALLOC freed 147K, 8% free 10275K/11079K, paused 19ms
07-07 16:55:57.496    81   124 D AudioHardware: AudioHardware pcm playback is going to standby.
07-07 16:55:57.496    81   124 D AudioHardware: closePcmOut_l() mPcmOpenCnt: 1
07-07 16:56:27.539  5365  5387 D dalvikvm: GC_EXPLICIT freed 238K, 6% free 9705K/10247K, paused 34ms+3ms
07-07 16:56:35.082   145   180 I ActivityManager: START {act=android.intent.action.MAIN cat=[android.intent.category.HOME] flg=0x10200000 cmp=com.android.launcher/com.android.launcher2.Launcher} from pid 145
07-07 16:56:35.523   145   384 I ActivityManager: Process android.process.media (pid 5265) has died.
07-07 16:56:35.547  5284  5284 D OpenGLRenderer: Flushing caches (mode 0)
07-07 16:56:35.570   145  1187 W InputManagerService: Starting input on non-focused client com.android.internal.view.IInputMethodClient$Stub$Proxy@415a9a38 (uid=10055 pid=5284)
07-07 16:56:35.707  5284  5284 D OpenGLRenderer: Flushing caches (mode 1)
07-07 16:56:35.726  5284  5284 D OpenGLRenderer: Flushing caches (mode 2)
07-07 16:56:35.738  5284  5284 D OpenGLRenderer: Flushing caches (mode 0)
07-07 16:56:40.265   145   145 I ActivityManager: START {act=android.intent.action.MAIN cat=[android.intent.category.LAUNCHER] flg=0x10200000 cmp=com.google.android.youtube/.app.honeycomb.Shell$HomeActivity bnds=[240,254][360,404]} from pid 373
07-07 16:56:40.429   145   408 I ActivityManager: Start proc com.google.android.youtube for activity com.google.android.youtube/.app.honeycomb.Shell$HomeActivity: pid=5452 uid=10057 gids={3003, 1015, 1006}
07-07 16:56:40.648  5452  5453 D dalvikvm: GC_CONCURRENT freed 169K, 3% free 9353K/9607K, paused 12ms+3ms
07-07 16:56:40.726   145   384 I ActivityManager: Process org.mozilla.firefox_beta (pid 2880) has died.
07-07 16:56:40.730   145   156 I WindowManager: WIN DEATH: Window{41617580 org.mozilla.firefox_beta/org.mozilla.firefox_beta.App paused=false}
07-07 16:56:40.730   145   156 W WindowManager: Force-removing child win Window{416dd530 SurfaceView paused=false} from container Window{41617580 org.mozilla.firefox_beta/org.mozilla.firefox_beta.App paused=false}
07-07 16:56:40.734  5452  5452 I ActivityThread: Pub com.google.android.youtube.SuggestionProvider: com.google.android.youtube.core.suggest.SuggestionProvider
07-07 16:56:41.269  5452  5453 D dalvikvm: GC_CONCURRENT freed 339K, 5% free 9467K/9927K, paused 2ms+2ms
07-07 16:56:41.269  5452  5459 W CursorWrapperInner: Cursor finalized without prior close()
07-07 16:56:41.269  5452  5459 W CursorWrapperInner: Cursor finalized without prior close()
07-07 16:56:41.386  5452  5453 D dalvikvm: GC_CONCURRENT freed 264K, 4% free 9715K/10055K, paused 2ms+3ms
07-07 16:56:41.488  5452  5453 D dalvikvm: GC_CONCURRENT freed 376K, 5% free 9860K/10311K, paused 2ms+2ms
07-07 16:56:41.597  5452  5453 D dalvikvm: GC_CONCURRENT freed 422K, 5% free 10005K/10503K, paused 3ms+3ms
07-07 16:56:41.644   145   156 I ActivityManager: Start proc com.google.android.gsf.login for service com.google.android.gsf.login/com.google.android.gsf.loginservice.GoogleLoginService: pid=5487 uid=10009 gids={3003, 1015, 1007, 2001, 3006}
07-07 16:56:41.722  5452  5453 D dalvikvm: GC_CONCURRENT freed 346K, 4% free 10210K/10631K, paused 2ms+3ms
07-07 16:56:42.058   145   380 I ActivityManager: START {act=android.intent.action.MAIN cat=[android.intent.category.LAUNCHER] cmp=com.google.android.youtube/.app.honeycomb.phone.HomeActivity bnds=[240,254][360,404]} from pid 5452
07-07 16:56:42.175   373   373 D OpenGLRenderer: Flushing caches (mode 1)
07-07 16:56:42.250  5452  5453 D dalvikvm: GC_CONCURRENT freed 387K, 5% free 10326K/10823K, paused 2ms+19ms
07-07 16:56:42.566  5452  5452 D dalvikvm: GC_FOR_ALLOC freed 164K, 5% free 10429K/10951K, paused 61ms
07-07 16:56:42.605  5487  5490 D dalvikvm: GC_CONCURRENT freed 326K, 5% free 9174K/9607K, paused 2ms+31ms
07-07 16:56:42.617   145   161 I Process : Sending signal. PID: 5452 SIG: 3
07-07 16:56:42.617  5452  5454 I dalvikvm: threadid=3: reacting to signal 3
07-07 16:56:42.711  5452  5452 D dalvikvm: GC_FOR_ALLOC freed 229K, 6% free 10422K/11015K, paused 44ms
07-07 16:56:42.722  5452  5454 I dalvikvm: Wrote stack traces to '/data/anr/traces.txt'
07-07 16:56:42.789  5452  5452 D dalvikvm: GC_FOR_ALLOC freed 209K, 6% free 10431K/11015K, paused 56ms
07-07 16:56:42.847  5452  5452 D dalvikvm: GC_FOR_ALLOC freed 285K, 6% free 10436K/11079K, paused 26ms
07-07 16:56:42.898  5452  5452 D dalvikvm: GC_FOR_ALLOC freed 285K, 6% free 10438K/11079K, paused 21ms
07-07 16:56:42.945  5452  5452 D libEGL  : loaded /system/lib/egl/libGLES_android.so
07-07 16:56:42.953  5452  5452 D libEGL  : loaded /vendor/lib/egl/libEGL_POWERVR_SGX540_120.so
07-07 16:56:42.965  5452  5452 D libEGL  : loaded /vendor/lib/egl/libGLESv1_CM_POWERVR_SGX540_120.so
07-07 16:56:42.968  5452  5452 D libEGL  : loaded /vendor/lib/egl/libGLESv2_POWERVR_SGX540_120.so
07-07 16:56:43.050  5452  5452 D OpenGLRenderer: Enabling debug mode 0
07-07 16:56:43.117   145   161 I Process : Sending signal. PID: 5452 SIG: 3
07-07 16:56:43.117  5452  5454 I dalvikvm: threadid=3: reacting to signal 3
07-07 16:56:43.261  5452  5454 I dalvikvm: Wrote stack traces to '/data/anr/traces.txt'
07-07 16:56:43.441   145   175 I ActivityManager: Displayed com.google.android.youtube/.app.honeycomb.phone.HomeActivity: +1s328ms (total +3s56ms)
07-07 16:56:43.468   373   373 D OpenGLRenderer: Flushing caches (mode 0)
07-07 16:56:43.550  5452  5453 D dalvikvm: GC_CONCURRENT freed 352K, 5% free 10597K/11079K, paused 7ms+4ms
07-07 16:56:43.840   145  1184 D dalvikvm: GC_EXPLICIT freed 1144K, 21% free 16629K/20999K, paused 8ms+14ms
07-07 16:56:43.980   373   373 D OpenGLRenderer: Flushing caches (mode 2)
07-07 16:56:44.004  5452  5453 D dalvikvm: GC_CONCURRENT freed 285K, 4% free 10814K/11207K, paused 2ms+4ms
07-07 16:56:44.082   373   373 D OpenGLRenderer: Flushing caches (mode 0)
07-07 16:56:44.125  4842  4855 I PhoneLab-: Service Running
07-07 16:56:44.265  4842  4855 I PhoneLab-LoggerService: app_37    1466  1     1436   996   c00f181c 400107b4 S logcat
07-07 16:56:44.265  4842  4855 I PhoneLab-LoggerService: Logcat pid from database 1466
07-07 16:56:44.265  4842  4855 I PhoneLab-LoggerService: Logcat process found 1466
07-07 16:56:44.265  4842  4855 I PhoneLab-LoggerService: Checking Threshold
07-07 16:56:44.269  4842  4855 I PhoneLab-LoggerService: Starting to rename files
07-07 16:56:44.269  4842  4855 I PhoneLab-LoggerService: Files found .. 3
07-07 16:56:44.715  5452  5453 D dalvikvm: GC_CONCURRENT freed 448K, 5% free 10930K/11463K, paused 2ms+3ms
07-07 16:56:45.074  5452  5453 D dalvikvm: GC_CONCURRENT freed 336K, 4% free 11244K/11655K, paused 3ms+10ms
07-07 16:56:45.562  5452  5453 D dalvikvm: GC_CONCURRENT freed 633K, 6% free 11395K/12103K, paused 2ms+4ms
07-07 16:56:45.738   145   181 I InputReader: Reconfiguring input devices.  changes=0x00000004
07-07 16:56:45.738   145   181 I InputReader: Device reconfigured: id=7, name='mxt224_ts_input', surface size is now 480x800, mode is 1
07-07 16:56:45.754   145   161 I ActivityManager: Config changed: {0.85 310mcc120mnc en_US layoutdir=0 sw320dp w533dp h294dp nrml long land finger -keyb/v/h -nav/h s.26}
07-07 16:56:45.949   323   325 D dalvikvm: GC_CONCURRENT freed 367K, 21% free 10183K/12807K, paused 5ms+15ms
07-07 16:56:46.043  5452  5452 D OpenGLRenderer: Flushing caches (mode 0)
07-07 16:56:46.480  5452  5453 D dalvikvm: GC_CONCURRENT freed 649K, 7% free 11542K/12295K, paused 8ms+4ms
07-07 16:56:46.820  5452  5453 D dalvikvm: GC_CONCURRENT freed 759K, 7% free 11624K/12487K, paused 2ms+3ms
07-07 16:56:47.109  5452  5453 D dalvikvm: GC_CONCURRENT freed 772K, 7% free 11734K/12615K, paused 2ms+3ms
07-07 16:56:47.199  5452  5452 D dalvikvm: GC_FOR_ALLOC freed 95K, 7% free 11749K/12615K, paused 29ms
07-07 16:56:47.199  5452  5452 I dalvikvm-heap: Grow heap (frag case) to 12.535MB for 1036816-byte allocation
07-07 16:56:47.246  5452  5453 D dalvikvm: GC_CONCURRENT freed 7K, 7% free 12754K/13639K, paused 2ms+3ms
07-07 16:56:47.972  5452  5453 D dalvikvm: GC_CONCURRENT freed 906K, 8% free 13091K/14087K, paused 2ms+5ms
07-07 16:56:48.039  5452  5452 D dalvikvm: GC_FOR_ALLOC freed 833K, 11% free 13047K/14535K, paused 30ms
07-07 16:56:48.297   145   175 D dalvikvm: GC_EXPLICIT freed 212K, 22% free 16513K/20999K, paused 4ms+7ms
07-07 16:56:48.629  5452  5453 D dalvikvm: GC_CONCURRENT freed 1132K, 9% free 13247K/14535K, paused 3ms+5ms
07-07 16:56:49.101  5452  5453 D dalvikvm: GC_CONCURRENT freed 1181K, 9% free 13528K/14791K, paused 2ms+6ms
07-07 16:56:50.992  5452  5453 D dalvikvm: GC_CONCURRENT freed 1330K, 10% free 13698K/15111K, paused 2ms+6ms
07-07 16:56:52.800  5452  5453 D dalvikvm: GC_CONCURRENT freed 1263K, 9% free 14023K/15367K, paused 2ms+6ms
07-07 16:56:52.808  5452  5480 E YouTube : Http error: status=[403] msg=[Forbidden, GData error(s):
07-07 16:56:52.808  5452  5480 E YouTube :   [{domain:GData,code:ServiceForbiddenException,location:null,internalReason:User account suspended}]]
07-07 16:56:52.968  5452  5470 E YouTube : Http error: status=[403] msg=[Forbidden, GData error(s):
07-07 16:56:52.968  5452  5470 E YouTube :   [{domain:GData,code:ServiceForbiddenException,location:null,internalReason:User account suspended}]]
07-07 16:56:53.152  5452  5456 I dalvikvm: Jit: resizing JitTable from 4096 to 8192
07-07 16:56:53.152  5452  5452 D dalvikvm: GC_FOR_ALLOC freed 1179K, 11% free 14151K/15815K, paused 40ms
07-07 16:56:53.261  5452  5452 D dalvikvm: GC_FOR_ALLOC freed 829K, 12% free 14168K/15943K, paused 37ms
07-07 16:56:55.082  5452  5453 D dalvikvm: GC_CONCURRENT freed 1486K, 10% free 14439K/16007K, paused 2ms+5ms
07-07 16:56:56.871  5452  5453 D dalvikvm: GC_CONCURRENT freed 1538K, 10% free 14706K/16327K, paused 3ms+5ms
07-07 16:56:57.847  5452  5453 D dalvikvm: GC_CONCURRENT freed 1665K, 11% free 14982K/16711K, paused 3ms+7ms
07-07 16:56:58.390  5452  5452 D dalvikvm: GC_FOR_ALLOC freed 703K, 13% free 14910K/17095K, paused 40ms
07-07 16:56:58.453  5452  5452 D dalvikvm: GC_FOR_ALLOC freed 649K, 13% free 14914K/17095K, paused 41ms
07-07 16:57:02.062  5452  5522 E YouTube : Http error: status=[403] msg=[Forbidden, GData error(s):
07-07 16:57:02.062  5452  5522 E YouTube :   [{domain:GData,code:ServiceForbiddenException,location:null,internalReason:User account suspended}]]
07-07 16:57:02.765  5452  5511 E YouTube : Http error: status=[403] msg=[Forbidden, GData error(s):
07-07 16:57:02.765  5452  5511 E YouTube :   [{domain:GData,code:ServiceForbiddenException,location:null,internalReason:User account suspended}]]
07-07 16:57:03.566  5452  5452 D dalvikvm: GC_FOR_ALLOC freed 894K, 13% free 14937K/17095K, paused 43ms
07-07 16:57:03.636  5452  5452 D dalvikvm: GC_FOR_ALLOC freed 689K, 13% free 14933K/17095K, paused 42ms
07-07 16:57:04.906  5452  5525 E YouTube : Http error: status=[403] msg=[Forbidden, GData error(s):
07-07 16:57:04.906  5452  5525 E YouTube :   [{domain:GData,code:ServiceForbiddenException,location:null,internalReason:User account suspended}]]
07-07 16:57:04.914  5452  5528 E YouTube : Http error: status=[403] msg=[Forbidden, GData error(s):
07-07 16:57:04.914  5452  5528 E YouTube :   [{domain:GData,code:ServiceForbiddenException,location:null,internalReason:User account suspended}]]
07-07 16:57:05.601  5452  5453 D dalvikvm: GC_CONCURRENT freed 1451K, 10% free 15453K/17095K, paused 3ms+8ms
07-07 16:57:06.363  5452  5453 D dalvikvm: GC_CONCURRENT freed 2856K, 17% free 14659K/17607K, paused 2ms+6ms
07-07 16:57:06.476  5452  5486 D dalvikvm: GC_FOR_ALLOC freed 108K, 12% free 15654K/17607K, paused 45ms
07-07 16:57:08.722  5452  5452 D dalvikvm: GC_FOR_ALLOC freed 1223K, 13% free 15550K/17799K, paused 50ms
07-07 16:57:08.777  5452  5452 D dalvikvm: GC_FOR_ALLOC freed 318K, 13% free 15525K/17799K, paused 44ms
07-07 16:57:08.832  5452  5452 D dalvikvm: GC_FOR_ALLOC freed 319K, 13% free 15528K/17799K, paused 43ms
07-07 16:57:08.890  5452  5452 D dalvikvm: GC_FOR_ALLOC freed 323K, 13% free 15531K/17799K, paused 44ms
07-07 16:57:08.949  5452  5452 D dalvikvm: GC_FOR_ALLOC freed 324K, 13% free 15533K/17799K, paused 43ms
07-07 16:57:10.453   145  1189 I ActivityManager: START {cmp=com.google.android.youtube/.app.honeycomb.phone.WatchActivity (has extras)} from pid 5452
07-07 16:57:10.656  5452  5452 D dalvikvm: GC_FOR_ALLOC freed 148K, 12% free 15768K/17799K, paused 53ms
07-07 16:57:10.758  5452  5452 D dalvikvm: GC_FOR_ALLOC freed 85K, 11% free 15997K/17927K, paused 46ms
07-07 16:57:10.812  5452  5452 D dalvikvm: GC_FOR_ALLOC freed 87K, 12% free 16110K/18119K, paused 45ms
07-07 16:57:10.894  5452  5452 D dalvikvm: GC_FOR_ALLOC freed 23K, 11% free 16393K/18247K, paused 46ms
07-07 16:57:10.898  5452  5452 I dalvikvm-heap: Grow heap (frag case) to 18.058MB for 2073616-byte allocation
07-07 16:57:10.988  5452  5453 D dalvikvm: GC_CONCURRENT freed 2K, 10% free 18415K/20295K, paused 3ms+5ms
07-07 16:57:11.000   145   161 I Process : Sending signal. PID: 5452 SIG: 3
07-07 16:57:11.000  5452  5454 I dalvikvm: threadid=3: reacting to signal 3
07-07 16:57:11.066  5452  5454 I dalvikvm: Wrote stack traces to '/data/anr/traces.txt'
07-07 16:57:11.148  5452  5452 D dalvikvm: GC_FOR_ALLOC freed 16K, 9% free 18652K/20423K, paused 47ms
07-07 16:57:11.289  5487  5490 D dalvikvm: GC_CONCURRENT freed 334K, 5% free 9265K/9735K, paused 1ms+1ms
07-07 16:57:11.320   145  1188 I AudioService:  AudioFocus  requestAudioFocus() from android.media.AudioManager@414457f8
07-07 16:57:11.511   145   161 I Process : Sending signal. PID: 5452 SIG: 3
07-07 16:57:11.511  5452  5454 I dalvikvm: threadid=3: reacting to signal 3
07-07 16:57:11.566  5452  5454 I dalvikvm: Wrote stack traces to '/data/anr/traces.txt'
07-07 16:57:11.695   145   175 I ActivityManager: Displayed com.google.android.youtube/.app.honeycomb.phone.WatchActivity: +1s198ms
07-07 16:57:11.812  5452  5589 D MediaPlayer: Couldn't open file on client side, trying server side
07-07 16:57:11.843    81   125 I AwesomePlayer: setDataSource_l('http://redirector.c.youtube.com/videoplayback?id=42cf7dda09148619&itag=18&source=youtube&uaopt=no-save&upn=Mpp6qAAvGaQ&el=user_uploads&devKey=ATpxuMO4AN5NR1nGmfaQDBQO88HsQjpE1a8d1GxQnGDm&app=youtube_gdata&ip=0.0.0.0&ipbits=0&expire=1341723425&sparams=id,itag,source,uaopt,upn,ip,ipbits,expire&signature=820ED1B47632318DBD25FA104EF7DC29711F78D6.8BB1814DA681F3D3F77A36D4DFA154EB49380B9C&key=yta1&androidcid=android-google&dnc=1')
07-07 16:57:11.879  5452  5452 D OpenGLRenderer: Flushing caches (mode 0)
07-07 16:57:11.918    81  5594 V ChromiumHTTPDataSource: connect on behalf of uid 10057
07-07 16:57:11.918    81  5594 I ChromiumHTTPDataSource: connect to http://redirector.c.youtube.com/videoplayback?id=42cf7dda09148619&itag=18&source=youtube&uaopt=no-save&upn=Mpp6qAAvGaQ&el=user_uploads&devKey=ATpxuMO4AN5NR1nGmfaQDBQO88HsQjpE1a8d1GxQnGDm&app=youtube_gdata&ip=0.0.0.0&ipbits=0&expire=1341723425&sparams=id,itag,source,uaopt,upn,ip,ipbits,expire&signature=820ED1B47632318DBD25FA104EF7DC29711F78D6.8BB1814DA681F3D3F77A36D4DFA154EB49380B9C&key=yta1&androidcid=android-google&dnc=1 @0
07-07 16:57:12.441  5452  5453 D dalvikvm: GC_CONCURRENT freed 1466K, 8% free 19263K/20807K, paused 2ms+7ms
07-07 16:57:13.175    81  5594 I OMXCodec: [OMX.SEC.AVC.Decoder] AVC profile = 66 (Baseline), level = 30
07-07 16:57:13.175    81  5594 I OMXCodec: [OMX.SEC.AVC.Decoder] video dimensions are 640 x 360
07-07 16:57:14.113  5452  5452 D dalvikvm: GC_FOR_ALLOC freed 1649K, 10% free 19380K/21447K, paused 58ms
07-07 16:57:14.797    81  5604 I OMXCodec: [OMX.SEC.AVC.Decoder] video dimensions are 640 x 368
07-07 16:57:14.800    81  5604 I OMXCodec: [OMX.SEC.AVC.Decoder] Crop rect is 640 x 360 @ (0, 0)
07-07 16:57:14.894    81   124 D AudioHardware: AudioHardware pcm playback is exiting standby.
07-07 16:57:14.894    81   124 D AudioHardware: openPcmOut_l() mPcmOpenCnt: 0
07-07 16:57:19.258  5452  5452 D dalvikvm: GC_FOR_ALLOC freed 1032K, 10% free 19516K/21511K, paused 63ms
07-07 16:57:24.379  5452  5452 D dalvikvm: GC_FOR_ALLOC freed 1116K, 10% free 19507K/21639K, paused 63ms
07-07 16:57:29.543  5452  5452 D dalvikvm: GC_FOR_ALLOC freed 1093K, 10% free 19509K/21639K, paused 105ms
07-07 16:57:29.672  5452  5452 D dalvikvm: GC_FOR_ALLOC freed 1050K, 10% free 19514K/21639K, paused 67ms
07-07 16:57:29.914   145   174 I ActivityManager: Start proc com.twitter.android for service com.twitter.android/.client.AppService: pid=5628 uid=10064 gids={3003, 1015}
07-07 16:57:29.945  5628  5628 I dalvikvm: Turning on JNI app bug workarounds for target SDK version 11...
07-07 16:57:29.968    79    79 D dalvikvm: GC_EXPLICIT freed 38K, 4% free 9027K/9347K, paused 3ms+18ms
07-07 16:57:30.015    79    79 D dalvikvm: GC_EXPLICIT freed <1K, 4% free 9027K/9347K, paused 2ms+7ms
07-07 16:57:30.070    79    79 D dalvikvm: GC_EXPLICIT freed <1K, 4% free 9027K/9347K, paused 4ms+4ms
07-07 16:57:30.117  5628  5628 I ActivityThread: Pub com.twitter.android.provider.GlobalDatabaseProvider: com.twitter.android.provider.GlobalDatabaseProvider
07-07 16:57:30.129  5628  5628 I ActivityThread: Pub com.twitter.android.provider.TwitterProvider: com.twitter.android.provider.TwitterProvider
07-07 16:57:30.226  5628  5630 D dalvikvm: GC_CONCURRENT freed 202K, 4% free 9289K/9607K, paused 5ms+5ms
07-07 16:57:30.476  5628  5630 D dalvikvm: GC_CONCURRENT freed 225K, 4% free 9502K/9863K, paused 2ms+2ms
07-07 16:57:30.656  5628  5630 D dalvikvm: GC_CONCURRENT freed 295K, 5% free 9631K/10055K, paused 4ms+3ms
07-07 16:57:30.808  5628  5630 D dalvikvm: GC_CONCURRENT freed 295K, 5% free 9757K/10183K, paused 1ms+2ms
07-07 16:57:30.980  5628  5630 D dalvikvm: GC_CONCURRENT freed 296K, 5% free 9881K/10311K, paused 3ms+3ms
07-07 16:57:31.129  5628  5630 D dalvikvm: GC_CONCURRENT freed 297K, 5% free 10010K/10439K, paused 2ms+2ms
07-07 16:57:31.277  5628  5630 D dalvikvm: GC_CONCURRENT freed 302K, 5% free 10139K/10567K, paused 3ms+2ms
07-07 16:57:31.437  5628  5630 D dalvikvm: GC_CONCURRENT freed 300K, 4% free 10271K/10695K, paused 2ms+3ms
07-07 16:57:31.715  5628  5630 D dalvikvm: GC_CONCURRENT freed 479K, 6% free 10214K/10823K, paused 4ms+2ms
07-07 16:57:31.918  5628  5630 D dalvikvm: GC_CONCURRENT freed 320K, 5% free 10290K/10823K, paused 2ms+2ms
07-07 16:57:32.093  5628  5630 D dalvikvm: GC_CONCURRENT freed 319K, 5% free 10378K/10823K, paused 4ms+3ms
07-07 16:57:32.269  5628  5630 D dalvikvm: GC_CONCURRENT freed 363K, 5% free 10463K/10951K, paused 2ms+16ms
07-07 16:57:32.422  5628  5630 D dalvikvm: GC_CONCURRENT freed 342K, 5% free 10545K/11015K, paused 2ms+2ms
07-07 16:57:32.574  5628  5630 D dalvikvm: GC_CONCURRENT freed 329K, 5% free 10635K/11079K, paused 2ms+3ms
07-07 16:57:32.726  5628  5630 D dalvikvm: GC_CONCURRENT freed 371K, 5% free 10714K/11207K, paused 5ms+2ms
07-07 16:57:32.894  5628  5630 D dalvikvm: GC_CONCURRENT freed 404K, 5% free 10815K/11335K, paused 3ms+3ms
07-07 16:57:33.699  5628  5630 D dalvikvm: GC_CONCURRENT freed 336K, 5% free 11003K/11463K, paused 3ms+2ms
07-07 16:57:34.824  5452  5452 D dalvikvm: GC_FOR_ALLOC freed 1110K, 10% free 19510K/21639K, paused 69ms
07-07 16:57:35.472  5628  5630 D dalvikvm: GC_CONCURRENT freed 412K, 5% free 11222K/11719K, paused 2ms+4ms
07-07 16:57:39.988  5452  5452 D dalvikvm: GC_FOR_ALLOC freed 1111K, 10% free 19513K/21639K, paused 66ms
07-07 16:57:45.195  5452  5452 D dalvikvm: GC_FOR_ALLOC freed 1077K, 10% free 19511K/21639K, paused 67ms
07-07 16:57:50.347  5452  5452 D dalvikvm: GC_FOR_ALLOC freed 1137K, 10% free 19507K/21639K, paused 62ms
07-07 16:57:51.195  2121  2123 D dalvikvm: GC_CONCURRENT freed 524K, 8% free 10528K/11335K, paused 3ms+3ms
07-07 16:57:51.336  5226  5228 D dalvikvm: GC_CONCURRENT freed 585K, 7% free 9940K/10631K, paused 9ms+6ms
07-07 16:57:52.199   145   147 D dalvikvm: GC_CONCURRENT freed 1856K, 22% free 16533K/20999K, paused 6ms+9ms
07-07 16:57:55.531  5452  5452 D dalvikvm: GC_FOR_ALLOC freed 1093K, 10% free 19509K/21639K, paused 75ms
07-07 16:57:55.644  5452  5452 D dalvikvm: GC_FOR_ALLOC freed 1069K, 10% free 19494K/21639K, paused 72ms
07-07 16:58:00.804  5452  5452 D dalvikvm: GC_FOR_ALLOC freed 1100K, 10% free 19492K/21639K, paused 66ms
07-07 16:58:04.039   145   174 I ActivityManager: Start proc com.google.android.apps.maps for service com.google.android.apps.maps/com.google.googlenav.prefetch.android.PrefetcherService: pid=5674 uid=10056 gids={3003, 1015}
07-07 16:58:04.308  5674  5677 D dalvikvm: GC_CONCURRENT freed 149K, 3% free 9383K/9607K, paused 6ms+6ms
07-07 16:58:04.457   145  1186 D dalvikvm: GC_EXPLICIT freed 115K, 22% free 16475K/20999K, paused 4ms+12ms
07-07 16:58:04.504  5674  5674 I ActivityThread: Pub com.google.android.maps.SearchHistoryProvider: com.google.googlenav.provider.SearchHistoryProvider
07-07 16:58:04.519  5674  5674 I ActivityThread: Pub com.google.android.maps.SuggestionProvider: com.google.googlenav.suggest.android.SuggestContentProvider
07-07 16:58:04.531   145   157 I ActivityManager: Start proc com.facebook.orca for broadcast com.facebook.orca/.analytics.HoneyAnalyticsPeriodicReporter$ReporterBroadcastReceiver: pid=5687 uid=10062 gids={3003, 1015, 1006}
07-07 16:58:04.570  5687  5687 I dalvikvm: Turning on JNI app bug workarounds for target SDK version 10...
07-07 16:58:04.582  5674  5674 I ActivityThread: Pub com.google.android.maps.LayerInfoProvider: com.google.googlenav.layer.LayerInfoProvider
07-07 16:58:04.593  5674  5674 I ActivityThread: Pub com.google.android.maps.TrafficAppWidgetProvider: com.google.googlenav.appwidget.traffic.TrafficAppWidgetProvider
07-07 16:58:04.605  5674  5674 I ActivityThread: Pub com.google.android.maps.LocalActivePlacesProvider: com.google.googlenav.provider.LocalActivePlacesProvider
07-07 16:58:04.609  5674  5674 I ActivityThread: Pub com.google.android.maps.StarredItemProvider: com.google.googlenav.provider.StarredItemProvider
07-07 16:58:04.734  5674  5677 D dalvikvm: GC_CONCURRENT freed 159K, 3% free 9665K/9927K, paused 3ms+2ms
07-07 16:58:04.949  5687  5687 I ActivityThread: Pub com.facebook.orca.notify.MessengerLoggedInUserProvider: com.facebook.orca.notify.MessengerLoggedInUserProvider
07-07 16:58:04.961  5674  5674 I ActivityThread: Pub com.google.android.maps.LocalSuggestionProvider: com.google.googlenav.provider.LocalSuggestionProvider
07-07 16:58:04.965  5674  5674 I ActivityThread: Pub com.google.android.maps.NavigationAvailabilityProvider: com.google.googlenav.provider.NavigationAvailabilityProvider
07-07 16:58:04.976  5687  5687 I ActivityThread: Pub com.facebook.orca.notify.MessengerForegroundProvider: com.facebook.orca.notify.MessengerForegroundProvider
07-07 16:58:04.984  5687  5687 V orca:OrcaApplication: Forcing initialization of AsyncTask
07-07 16:58:05.054  5674  5677 D dalvikvm: GC_CONCURRENT freed 241K, 4% free 9908K/10247K, paused 2ms+5ms
07-07 16:58:05.156  5687  5689 D dalvikvm: GC_CONCURRENT freed 222K, 4% free 9310K/9607K, paused 5ms+6ms
07-07 16:58:05.156  5687  5687 I Finalizer: Couldn't access Thread.inheritableThreadLocals. Reference finalizer threads will inherit thread local values.
07-07 16:58:05.222  5674  5703 D dalvikvm: GC_FOR_ALLOC freed 77K, 4% free 10146K/10503K, paused 44ms
07-07 16:58:05.425  5687  5689 D dalvikvm: GC_CONCURRENT freed 376K, 5% free 9451K/9927K, paused 4ms+2ms
07-07 16:58:05.465  5674  5677 D dalvikvm: GC_CONCURRENT freed 127K, 3% free 10470K/10759K, paused 2ms+34ms
07-07 16:58:05.523  5687  5687 W OrcaGuiceModule: Sig: ijxLJi1yGs1JpL-X1SExmchvork
07-07 16:58:05.629  5687  5689 D dalvikvm: GC_CONCURRENT freed 351K, 5% free 9608K/10055K, paused 2ms+4ms
07-07 16:58:05.707  5674  5713 D dalvikvm: GC_FOR_ALLOC freed 110K, 4% free 10701K/11079K, paused 38ms
07-07 16:58:05.929  5452  5452 D dalvikvm: GC_FOR_ALLOC freed 1098K, 10% free 19493K/21639K, paused 66ms
07-07 16:58:06.011  5687  5722 W Resources: Converting to string: TypedValue{t=0x10/d=0xffffffff a=-1}
07-07 16:58:06.156  5687  5689 D dalvikvm: GC_CONCURRENT freed 291K, 4% free 9880K/10247K, paused 3ms+6ms
07-07 16:58:06.230  5687  5687 D ACRA    : Retrieve application default SharedPreferences.
07-07 16:58:06.230  5687  5687 D ACRA    : Set OnSharedPreferenceChangeListener.
07-07 16:58:06.234  5687  5687 D ACRA    : ACRA is enabled for com.facebook.orca, intializing...
07-07 16:58:06.304  5687  5687 D ACRA    : Looking for error files in /data/data/com.facebook.orca/app_acra-reports
07-07 16:58:06.394  5066  5069 D dalvikvm: GC_CONCURRENT freed 389K, 5% free 10628K/11143K, paused 9ms+5ms
07-07 16:58:06.422  5687  5689 D dalvikvm: GC_CONCURRENT freed 296K, 4% free 10113K/10503K, paused 3ms+2ms
07-07 16:58:06.531  5687  5722 D dalvikvm: GC_FOR_ALLOC freed 278K, 6% free 10181K/10759K, paused 47ms
07-07 16:58:06.605  5687  5722 D dalvikvm: GC_FOR_ALLOC freed 292K, 6% free 10275K/10823K, paused 26ms
07-07 16:58:06.636  5687  5722 D dalvikvm: GC_FOR_ALLOC freed 77K, 5% free 10343K/10823K, paused 23ms
07-07 16:58:06.883  5687  5689 D dalvikvm: GC_CONCURRENT freed 355K, 4% free 10521K/10951K, paused 5ms+5ms
07-07 16:58:07.047  5687  5689 D dalvikvm: GC_CONCURRENT freed 152K, 3% free 10916K/11143K, paused 5ms+3ms
07-07 16:58:07.269  5687  5689 D dalvikvm: GC_CONCURRENT freed 355K, 4% free 11224K/11655K, paused 3ms+3ms
07-07 16:58:11.160  5452  5452 D dalvikvm: GC_FOR_ALLOC freed 1077K, 10% free 19492K/21639K, paused 80ms
07-07 16:58:16.320  5452  5452 D dalvikvm: GC_FOR_ALLOC freed 1107K, 10% free 19486K/21639K, paused 60ms
07-07 16:58:21.472  5452  5452 D dalvikvm: GC_FOR_ALLOC freed 1098K, 10% free 19489K/21639K, paused 67ms
07-07 16:58:21.590  5452  5452 D dalvikvm: GC_FOR_ALLOC freed 1050K, 10% free 19494K/21639K, paused 68ms
07-07 16:58:26.726  5452  5452 D dalvikvm: GC_FOR_ALLOC freed 1099K, 10% free 19491K/21639K, paused 60ms
07-07 16:58:31.910  5452  5452 D dalvikvm: GC_FOR_ALLOC freed 1089K, 10% free 19494K/21639K, paused 61ms
07-07 16:58:37.105  5452  5452 D dalvikvm: GC_FOR_ALLOC freed 1086K, 10% free 19493K/21639K, paused 65ms
07-07 16:58:40.047  5763  5763 D dalvikvm: Late-enabling CheckJNI
07-07 16:58:40.105   145   162 I ActivityManager: Start proc com.chess for broadcast com.chess/.backend.AlarmReceiver: pid=5763 uid=10079 gids={3003, 1015}
07-07 16:58:40.324  5763  5765 D dalvikvm: GC_CONCURRENT freed 157K, 3% free 9375K/9607K, paused 2ms+2ms
07-07 16:58:40.468  5763  5777 D GetStringObjTask: retrieving from url = http://www.chess.com/api/get_move_status?id=y3ICtufzg6w7rQqcD3KFujVaIanpYba4bIpaeKElV1LNz3Sz4Fk9Yh5CeWaj8h4bQ2RY0CxFVgA%2ByBE5DE%2B1cAuw4i%2Bp2GVj5RbuDPEUotReGbS25iAukuBsuUd%2Fl5dp
07-07 16:58:40.773  5763  5777 D GetStringObjTask: WebRequest SERVER RESPONSE: Success+0
07-07 16:58:42.269  5452  5452 D dalvikvm: GC_FOR_ALLOC freed 1106K, 10% free 19487K/21639K, paused 63ms
07-07 16:58:42.383  5452  5452 D dalvikvm: GC_FOR_ALLOC freed 1062K, 10% free 19497K/21639K, paused 66ms
07-07 16:58:44.066  4842  4855 I PhoneLab-: Service Running
07-07 16:58:44.121  4842  4855 I PhoneLab-LoggerService: app_37    1466  1     1436   996   c00f181c 400107b4 S logcat
07-07 16:58:44.121  4842  4855 I PhoneLab-LoggerService: Logcat pid from database 1466
07-07 16:58:44.121  4842  4855 I PhoneLab-LoggerService: Logcat process found 1466
07-07 16:58:44.121  4842  4855 I PhoneLab-LoggerService: Checking Threshold
07-07 16:58:44.125  4842  4855 I PhoneLab-LoggerService: Starting to rename files
07-07 16:58:44.125  4842  4855 I PhoneLab-LoggerService: Files found .. 3
07-07 16:58:47.531  5452  5452 D dalvikvm: GC_FOR_ALLOC freed 1084K, 10% free 19498K/21639K, paused 71ms
07-07 16:58:51.390  5226  5228 D dalvikvm: GC_CONCURRENT freed 443K, 6% free 10002K/10631K, paused 1ms+5ms
07-07 16:58:52.734  5452  5452 D dalvikvm: GC_FOR_ALLOC freed 1102K, 10% free 19493K/21639K, paused 88ms
07-07 16:58:57.894  5452  5452 D dalvikvm: GC_FOR_ALLOC freed 1088K, 10% free 19496K/21639K, paused 62ms
07-07 16:59:01.957 27783 29022 I EventLogService: Aggregate from 1341692941837 (log), 1341692941837 (data)
07-07 16:59:02.133 27783 28082 D dalvikvm: GC_FOR_ALLOC freed 302K, 6% free 10516K/11079K, paused 92ms
07-07 16:59:03.050  5452  5452 D dalvikvm: GC_FOR_ALLOC freed 1081K, 10% free 19494K/21639K, paused 75ms
07-07 16:59:08.238  5452  5452 D dalvikvm: GC_FOR_ALLOC freed 1114K, 10% free 19487K/21639K, paused 65ms
07-07 16:59:08.347  5452  5452 D dalvikvm: GC_FOR_ALLOC freed 1062K, 10% free 19495K/21639K, paused 66ms
07-07 16:59:13.539  5452  5452 D dalvikvm: GC_FOR_ALLOC freed 1073K, 10% free 19495K/21639K, paused 85ms
07-07 16:59:18.699  5452  5452 D dalvikvm: GC_FOR_ALLOC freed 1112K, 10% free 19490K/21639K, paused 67ms
07-07 16:59:23.847  5452  5452 D dalvikvm: GC_FOR_ALLOC freed 1088K, 10% free 19494K/21639K, paused 67ms
07-07 16:59:29.070  5452  5452 D dalvikvm: GC_FOR_ALLOC freed 1081K, 10% free 19491K/21639K, paused 61ms
07-07 16:59:34.238  5452  5452 D dalvikvm: GC_FOR_ALLOC freed 1112K, 10% free 19486K/21639K, paused 88ms
07-07 16:59:34.367  5452  5452 D dalvikvm: GC_FOR_ALLOC freed 1062K, 10% free 19495K/21639K, paused 64ms
07-07 16:59:36.035   145   147 D dalvikvm: GC_CONCURRENT freed 1746K, 22% free 16523K/20999K, paused 12ms+7ms
07-07 16:59:39.523  5452  5452 D dalvikvm: GC_FOR_ALLOC freed 1073K, 10% free 19495K/21639K, paused 67ms
07-07 16:59:44.672  5452  5452 D dalvikvm: GC_FOR_ALLOC freed 1103K, 10% free 19490K/21639K, paused 60ms
07-07 16:59:49.820  5452  5452 D dalvikvm: GC_FOR_ALLOC freed 1099K, 10% free 19493K/21639K, paused 62ms
07-07 16:59:51.320  2121  2123 D dalvikvm: GC_CONCURRENT freed 518K, 8% free 10522K/11335K, paused 6ms+3ms
07-07 16:59:51.957  5226  5228 D dalvikvm: GC_CONCURRENT freed 413K, 6% free 10035K/10631K, paused 3ms+4ms
07-07 16:59:52.207  5226  5228 D dalvikvm: GC_CONCURRENT freed 277K, 5% free 10179K/10631K, paused 9ms+3ms
07-07 16:59:55.011  5452  5452 D dalvikvm: GC_FOR_ALLOC freed 1081K, 10% free 19491K/21639K, paused 79ms
07-07 16:59:55.136  5452  5452 D dalvikvm: GC_FOR_ALLOC freed 1076K, 10% free 19493K/21639K, paused 61ms
07-07 17:00:00.297  5452  5452 D dalvikvm: GC_FOR_ALLOC freed 1095K, 10% free 19496K/21639K, paused 68ms
07-07 17:00:05.488  5452  5452 D dalvikvm: GC_FOR_ALLOC freed 1075K, 10% free 19495K/21639K, paused 67ms
07-07 17:00:09.242   145   912 I ActivityManager: Process com.twitter.android (pid 5628) has died.
07-07 17:00:10.613  5452  5452 D dalvikvm: GC_FOR_ALLOC freed 1102K, 10% free 19490K/21639K, paused 63ms
07-07 17:00:15.793  5452  5452 D dalvikvm: GC_FOR_ALLOC freed 1094K, 10% free 19492K/21639K, paused 70ms
07-07 17:00:20.972  5452  5452 D dalvikvm: GC_FOR_ALLOC freed 1086K, 10% free 19491K/21639K, paused 66ms
07-07 17:00:21.086  5452  5452 D dalvikvm: GC_FOR_ALLOC freed 1076K, 10% free 19492K/21639K, paused 66ms
07-07 17:00:26.261  5452  5452 D dalvikvm: GC_FOR_ALLOC freed 1085K, 10% free 19497K/21639K, paused 65ms
07-07 17:00:27.957    81  5600 I NuCachedSource2: Cache full, done prefetching for now
07-07 17:00:31.418  5452  5452 D dalvikvm: GC_FOR_ALLOC freed 1086K, 10% free 19494K/21639K, paused 60ms
07-07 17:00:36.558  5452  5452 D dalvikvm: GC_FOR_ALLOC freed 1103K, 10% free 19490K/21639K, paused 68ms
07-07 17:00:41.718  5452  5452 D dalvikvm: GC_FOR_ALLOC freed 1094K, 10% free 19491K/21639K, paused 67ms
07-07 17:00:41.828  5452  5452 D dalvikvm: GC_FOR_ALLOC freed 1050K, 10% free 19498K/21639K, paused 61ms
07-07 17:00:44.019  4842  4855 I PhoneLab-: Service Running
07-07 17:00:44.136  4842  4855 I PhoneLab-LoggerService: app_37    1466  1     1436   996   c00f181c 400107b4 S logcat
07-07 17:00:44.136  4842  4855 I PhoneLab-LoggerService: Logcat pid from database 1466
07-07 17:00:44.136  4842  4855 I PhoneLab-LoggerService: Logcat process found 1466
07-07 17:00:44.136  4842  4855 I PhoneLab-LoggerService: Checking Threshold
07-07 17:00:44.140  4842  4855 I PhoneLab-LoggerService: Starting to rename files
07-07 17:00:44.140  4842  4855 I PhoneLab-LoggerService: Files found .. 3
07-07 17:00:46.961  5452  5452 D dalvikvm: GC_FOR_ALLOC freed 1109K, 10% free 19493K/21639K, paused 64ms
07-07 17:00:48.672   145   176 I InputQueue-JNI: Sending finished signal for input channel 'hidden nav (client)' since it is being unregistered while an input message is still in progress.
07-07 17:00:48.672   145   176 I InputQueue-JNI: Ignoring finish signal on channel that is no longer registered.
07-07 17:00:51.476  5226  5228 D dalvikvm: GC_CONCURRENT freed 635K, 7% free 10108K/10823K, paused 2ms+2ms
07-07 17:00:51.738    81  5594 W TimedEventQueue: Event 18077 was not found in the queue, already cancelled?
07-07 17:00:51.789    81   125 W AudioFlinger: session id 160 not found for pid 5452
07-07 17:00:52.050  5452  5478 E YouTube : Http error: status=[403] msg=[Forbidden, GData error(s):
07-07 17:00:52.050  5452  5478 E YouTube :   [{domain:GData,code:ServiceForbiddenException,location:null,internalReason:User account suspended}]]
07-07 17:00:52.050  5452  5481 E YouTube : Http error: status=[403] msg=[Forbidden, GData error(s):
07-07 17:00:52.050  5452  5481 E YouTube :   [{domain:GData,code:ServiceForbiddenException,location:null,internalReason:User account suspended}]]
07-07 17:00:52.140  5452  5452 D dalvikvm: GC_FOR_ALLOC freed 1259K, 11% free 19430K/21639K, paused 55ms
07-07 17:00:52.168  5452  5452 D OpenGLRenderer: Flushing caches (mode 0)
07-07 17:00:52.203   145   394 I AudioService:  AudioFocus  abandonAudioFocus() from android.media.AudioManager@414457f8
07-07 17:00:52.711    81   124 D AudioHardware: AudioHardware pcm playback is going to standby.
07-07 17:00:52.711    81   124 D AudioHardware: closePcmOut_l() mPcmOpenCnt: 1
07-07 17:00:53.843   323   325 D dalvikvm: GC_CONCURRENT freed 496K, 21% free 10198K/12807K, paused 2ms+9ms
07-07 17:00:53.925   323   323 D dalvikvm: GC_FOR_ALLOC freed 565K, 21% free 10122K/12807K, paused 16ms
07-07 17:00:53.980   323   333 I dalvikvm: Jit: resizing JitTable from 4096 to 8192
07-07 17:00:54.152   323   325 D dalvikvm: GC_CONCURRENT freed 132K, 22% free 10115K/12807K, paused 2ms+123ms
07-07 17:00:54.168   323   323 D dalvikvm: GC_FOR_ALLOC freed <1K, 22% free 10114K/12807K, paused 15ms
07-07 17:00:54.172   323   323 I dalvikvm-heap: Grow heap (frag case) to 10.854MB for 947216-byte allocation
07-07 17:00:54.187   323   323 D dalvikvm: GC_FOR_ALLOC freed 0K, 14% free 11039K/12807K, paused 15ms
07-07 17:00:54.383   215   217 D dalvikvm: GC_CONCURRENT freed 148K, 32% free 10028K/14663K, paused 2ms+2ms
07-07 17:00:54.406   215   215 D dalvikvm: GC_FOR_ALLOC freed 591K, 34% free 9715K/14663K, paused 17ms
07-07 17:00:54.453   215   217 D dalvikvm: GC_CONCURRENT freed 256K, 33% free 9924K/14663K, paused 1ms+3ms
07-07 17:00:54.519   215   217 D dalvikvm: GC_CONCURRENT freed 697K, 34% free 9715K/14663K, paused 2ms+3ms
07-07 17:00:54.617   215   217 D dalvikvm: GC_CONCURRENT freed 105K, 32% free 10016K/14663K, paused 2ms+3ms
07-07 17:00:57.297  5452  5452 D dalvikvm: GC_FOR_ALLOC freed 1246K, 10% free 19546K/21639K, paused 54ms
07-07 17:01:02.453  5452  5452 D dalvikvm: GC_FOR_ALLOC freed 1432K, 10% free 19575K/21703K, paused 61ms
07-07 17:01:02.761 27783 32258 D dalvikvm: GC_EXPLICIT freed 239K, 6% free 10456K/11079K, paused 6ms+4ms
07-07 17:01:06.644   145   380 I ActivityManager: START {act=android.intent.action.SEARCH flg=0x10000000 cmp=com.google.android.youtube/.app.honeycomb.Shell$ResultsActivity (has extras)} from pid 5452
07-07 17:01:06.902   145  1189 I ActivityManager: START {act=android.intent.action.SEARCH cmp=com.google.android.youtube/.app.honeycomb.phone.ResultsActivity (has extras)} from pid 5452
07-07 17:01:06.945   215   215 D dalvikvm: GC_FOR_ALLOC freed 614K, 34% free 9709K/14663K, paused 49ms
07-07 17:01:07.023   215   217 D dalvikvm: GC_CONCURRENT freed 267K, 33% free 9942K/14663K, paused 2ms+5ms
07-07 17:01:07.207   145   175 I ActivityManager: Displayed com.google.android.youtube/.app.honeycomb.phone.ResultsActivity: +294ms (total +381ms)
07-07 17:01:07.218   323   323 E InputMethodService: Unexpected null in startExtractingText : mExtractedText = null, input connection = com.android.internal.view.InputConnectionWrapper@41329f80
07-07 17:01:07.289  5452  5452 D OpenGLRenderer: Flushing caches (mode 0)
07-07 17:01:07.343   323   325 D dalvikvm: GC_CONCURRENT freed 1509K, 22% free 10099K/12807K, paused 2ms+8ms
07-07 17:01:07.586  5452  5452 D dalvikvm: GC_FOR_ALLOC freed 1701K, 9% free 19786K/21703K, paused 63ms
07-07 17:01:07.996  5452  5453 D dalvikvm: GC_CONCURRENT freed 1938K, 10% free 19932K/21959K, paused 5ms+7ms
07-07 17:01:08.883  5452  5453 D dalvikvm: GC_CONCURRENT freed 1646K, 8% free 20354K/22087K, paused 3ms+7ms
07-07 17:01:09.773  5452  5453 D dalvikvm: GC_CONCURRENT freed 1698K, 8% free 20754K/22535K, paused 3ms+7ms
07-07 17:01:09.894  5452  5456 I dalvikvm: Jit: resizing JitTable from 8192 to 16384
07-07 17:01:12.883  5452  5453 D dalvikvm: GC_CONCURRENT freed 2103K, 10% free 20727K/22919K, paused 28ms+7ms
07-07 17:01:12.953  5452  5452 D dalvikvm: GC_FOR_ALLOC freed 356K, 10% free 20685K/22919K, paused 59ms
07-07 17:01:13.043  5452  5452 D dalvikvm: GC_FOR_ALLOC freed 327K, 10% free 20690K/22919K, paused 58ms
07-07 17:01:13.113  5452  5452 D dalvikvm: GC_FOR_ALLOC freed 324K, 10% free 20692K/22919K, paused 58ms
07-07 17:01:18.226  5452  5452 D dalvikvm: GC_FOR_ALLOC freed 521K, 10% free 20788K/22919K, paused 77ms
07-07 17:01:18.297  5452  5452 D dalvikvm: GC_FOR_ALLOC freed 328K, 10% free 20774K/22919K, paused 60ms
07-07 17:01:18.367  5452  5452 D dalvikvm: GC_FOR_ALLOC freed 323K, 10% free 20784K/22919K, paused 59ms
07-07 17:01:18.437  5452  5452 D dalvikvm: GC_FOR_ALLOC freed 324K, 10% free 20786K/22919K, paused 59ms
07-07 17:01:19.675  5452  5481 D dalvikvm: GC_FOR_ALLOC freed 348K, 10% free 20795K/22919K, paused 69ms
07-07 17:01:23.586  5452  5452 D dalvikvm: GC_FOR_ALLOC freed 542K, 9% free 20862K/22919K, paused 64ms
07-07 17:01:23.660  5452  5452 D dalvikvm: GC_FOR_ALLOC freed 433K, 10% free 20852K/23047K, paused 60ms
07-07 17:01:23.734  5452  5452 D dalvikvm: GC_FOR_ALLOC freed 424K, 10% free 20859K/23047K, paused 59ms
07-07 17:01:24.789   145   380 I ActivityManager: START {cmp=com.google.android.youtube/.app.honeycomb.phone.WatchActivity (has extras)} from pid 5452
07-07 17:01:25.062  5452  5452 D dalvikvm: GC_FOR_ALLOC freed 432K, 9% free 21141K/23047K, paused 63ms
07-07 17:01:25.265   145   380 D dalvikvm: GC_EXPLICIT freed 1450K, 22% free 16566K/20999K, paused 3ms+12ms
07-07 17:01:25.293   145   157 I AudioService:  AudioFocus  requestAudioFocus() from android.media.AudioManager@41fa7800
07-07 17:01:25.355   145   161 I Process : Sending signal. PID: 5452 SIG: 3
07-07 17:01:25.355  5452  5454 I dalvikvm: threadid=3: reacting to signal 3
07-07 17:01:25.445  5452  5454 I dalvikvm: Wrote stack traces to '/data/anr/traces.txt'
07-07 17:01:25.511  5452  5925 D MediaPlayer: Couldn't open file on client side, trying server side
07-07 17:01:25.527    81   125 I AwesomePlayer: setDataSource_l('http://redirector.c.youtube.com/videoplayback?id=c93202ea516440da&itag=18&source=youtube&uaopt=no-save&upn=H9bgwg9XrTM&el=videos&devKey=ATpxuMO4AN5NR1nGmfaQDBQO88HsQjpE1a8d1GxQnGDm&app=youtube_gdata&ip=0.0.0.0&ipbits=0&expire=1341723667&sparams=id,itag,source,uaopt,upn,ip,ipbits,expire&signature=3C74FBA921EAC1EE37EBC851013FBBDA553E8051.4677AC3DC4B472DB45357B75B06D5124FC1FB910&key=yta1&androidcid=android-google&dnc=1')
07-07 17:01:25.535    81  5928 V ChromiumHTTPDataSource: connect on behalf of uid 10057
07-07 17:01:25.535    81  5928 I ChromiumHTTPDataSource: connect to http://redirector.c.youtube.com/videoplayback?id=c93202ea516440da&itag=18&source=youtube&uaopt=no-save&upn=H9bgwg9XrTM&el=videos&devKey=ATpxuMO4AN5NR1nGmfaQDBQO88HsQjpE1a8d1GxQnGDm&app=youtube_gdata&ip=0.0.0.0&ipbits=0&expire=1341723667&sparams=id,itag,source,uaopt,upn,ip,ipbits,expire&signature=3C74FBA921EAC1EE37EBC851013FBBDA553E8051.4677AC3DC4B472DB45357B75B06D5124FC1FB910&key=yta1&androidcid=android-google&dnc=1 @0
07-07 17:01:25.566   145   175 I ActivityManager: Displayed com.google.android.youtube/.app.honeycomb.phone.WatchActivity: +717ms
07-07 17:01:25.683  5452  5452 D OpenGLRenderer: Flushing caches (mode 0)
07-07 17:01:26.851    81  5928 I OMXCodec: [OMX.SEC.AVC.Decoder] AVC profile = 66 (Baseline), level = 13
07-07 17:01:26.851    81  5928 I OMXCodec: [OMX.SEC.AVC.Decoder] video dimensions are 320 x 144
07-07 17:01:27.058  5452  5453 D dalvikvm: GC_CONCURRENT freed 1489K, 7% free 21726K/23303K, paused 7ms+8ms
07-07 17:01:28.523    81   124 D AudioHardware: AudioHardware pcm playback is exiting standby.
07-07 17:01:28.523    81   124 D AudioHardware: openPcmOut_l() mPcmOpenCnt: 0
07-07 17:01:28.945  5452  5453 D dalvikvm: GC_CONCURRENT freed 1804K, 8% free 21983K/23879K, paused 3ms+11ms
07-07 17:01:34.133  5452  5452 D dalvikvm: GC_FOR_ALLOC freed 1074K, 10% free 21954K/24135K, paused 77ms
07-07 17:01:39.297  5452  5452 D dalvikvm: GC_FOR_ALLOC freed 1069K, 10% free 21956K/24135K, paused 79ms
07-07 17:01:39.425  5452  5452 D dalvikvm: GC_FOR_ALLOC freed 1050K, 10% free 21961K/24135K, paused 92ms
07-07 17:01:44.617  5452  5452 D dalvikvm: GC_FOR_ALLOC freed 1074K, 10% free 21962K/24135K, paused 97ms
07-07 17:01:49.800  5452  5452 D dalvikvm: GC_FOR_ALLOC freed 1110K, 10% free 21960K/24135K, paused 94ms
07-07 17:01:51.410  2121  2123 D dalvikvm: GC_CONCURRENT freed 509K, 8% free 10524K/11335K, paused 2ms+3ms
07-07 17:01:51.562  5226  5228 D dalvikvm: GC_CONCURRENT freed 446K, 7% free 10101K/10823K, paused 2ms+2ms
07-07 17:01:55.008  5452  5452 D dalvikvm: GC_FOR_ALLOC freed 1078K, 10% free 21959K/24135K, paused 77ms
07-07 17:02:00.168  5452  5452 D dalvikvm: GC_FOR_ALLOC freed 1106K, 10% free 21957K/24135K, paused 81ms
07-07 17:02:00.285  5452  5452 D dalvikvm: GC_FOR_ALLOC freed 1063K, 10% free 21958K/24135K, paused 78ms
07-07 17:02:05.258  4842  4842 I PhoneLab-Locks: wake lock acquired
07-07 17:02:05.269  4842  5969 I PhoneLab-PeriodicCheckService: User info is synched
07-07 17:02:05.269  4842  5969 I PhoneLab-PeriodicCheckService: Logger Service is running
07-07 17:02:05.277  4842  4842 I PhoneLab-Locks: wake lock acquired
07-07 17:02:05.285  4842  4842 I PhoneLab-StatusMonitor: Status Monitoring is started
07-07 17:02:05.289  4842  5969 I PhoneLab-Locks: wake lock acquired
07-07 17:02:05.300  4842  5969 I PhoneLab-PeriodicCheckService: Rescheduling periodic checking...
07-07 17:02:05.308  4842  4842 E PhoneLab-PhoneLabManifest: java.io.FileNotFoundException: /data/data/edu.buffalo.cse.phonelab.phonelabservices/files/manifest.xml: open failed: ENOENT (No such file or directory)
07-07 17:02:05.308  4842  5969 I PhoneLab-Locks: wake lock released
07-07 17:02:05.359  4842  4842 I PhoneLab-Locks: wake lock released
07-07 17:02:05.363  4842  4842 I PhoneLab-UploadLogs: Transfering log files now
07-07 17:02:05.492  4842  4845 D dalvikvm: GC_CONCURRENT freed 433K, 6% free 9161K/9671K, paused 4ms+7ms
07-07 17:02:05.558  4842  4842 D dalvikvm: GC_FOR_ALLOC freed 142K, 6% free 9186K/9735K, paused 28ms
07-07 17:02:05.558  4842  4842 I dalvikvm-heap: Grow heap (frag case) to 9.163MB for 123476-byte allocation
07-07 17:02:05.570  5452  5452 D dalvikvm: GC_FOR_ALLOC freed 1084K, 9% free 21966K/24135K, paused 217ms
07-07 17:02:05.593  4842  4842 D dalvikvm: GC_FOR_ALLOC freed 56K, 7% free 9250K/9863K, paused 28ms
07-07 17:02:05.597  4842  4842 I dalvikvm-heap: Grow heap (frag case) to 9.350MB for 254548-byte allocation
07-07 17:02:05.617  4842  4842 D dalvikvm: GC_FOR_ALLOC freed 120K, 8% free 9378K/10119K, paused 17ms
07-07 17:02:05.617  4842  4842 I dalvikvm-heap: Grow heap (frag case) to 9.725MB for 516692-byte allocation
07-07 17:02:05.652  4842  4845 D dalvikvm: GC_CONCURRENT freed 248K, 10% free 9634K/10631K, paused 2ms+4ms
07-07 17:02:05.652  4842  4842 I PhoneLab-UploadLogs: OnStartCommand
07-07 17:02:05.726  4842  5975 D dalvikvm: GC_FOR_ALLOC freed 383K, 10% free 9618K/10631K, paused 17ms
07-07 17:02:05.750  4842  5975 D dalvikvm: GC_FOR_ALLOC freed 301K, 10% free 9618K/10631K, paused 21ms
07-07 17:02:05.769  4842  5975 D dalvikvm: GC_FOR_ALLOC freed 301K, 10% free 9625K/10631K, paused 17ms
07-07 17:02:06.090  4842  4842 I PhoneLab-: 1341693536158.log is deleted
07-07 17:02:06.090  4842  4842 I PhoneLab-: Response: {"data": "done", "err": ""}
07-07 17:02:06.195  4842  4845 D dalvikvm: GC_CONCURRENT freed 953K, 14% free 9162K/10631K, paused 4ms+6ms
07-07 17:02:06.269  4842  4845 D dalvikvm: GC_CONCURRENT freed 305K, 13% free 9266K/10631K, paused 2ms+2ms
07-07 17:02:06.289  4842  4842 D dalvikvm: GC_FOR_ALLOC freed 120K, 12% free 9393K/10631K, paused 15ms
07-07 17:02:06.324  4842  4845 D dalvikvm: GC_CONCURRENT freed 298K, 10% free 9607K/10631K, paused 2ms+2ms
07-07 17:02:06.359  4842  5977 D dalvikvm: GC_FOR_ALLOC freed 310K, 10% free 9628K/10631K, paused 18ms
07-07 17:02:06.375  4842  5977 D dalvikvm: GC_FOR_ALLOC freed 305K, 10% free 9628K/10631K, paused 15ms
07-07 17:02:06.390  4842  5977 D dalvikvm: GC_FOR_ALLOC freed 306K, 10% free 9629K/10631K, paused 15ms
07-07 17:02:06.613  4842  4842 I PhoneLab-: 1341694186490.log is deleted
07-07 17:02:06.613  4842  4842 I PhoneLab-: Response: {"data": "done", "err": ""}
07-07 17:02:06.613  4842  4842 I PhoneLab-UploadLogs: No log files to transfer
07-07 17:02:06.613  4842  4842 I PhoneLab-Locks: wake lock released
07-07 17:02:10.758  5452  5452 D dalvikvm: GC_FOR_ALLOC freed 1076K, 9% free 21965K/24135K, paused 82ms
07-07 17:02:15.925  5452  5452 D dalvikvm: GC_FOR_ALLOC freed 1077K, 9% free 21964K/24135K, paused 77ms
07-07 17:02:21.113  5452  5452 D dalvikvm: GC_FOR_ALLOC freed 1081K, 10% free 21962K/24135K, paused 78ms
07-07 17:02:26.304  5452  5452 D dalvikvm: GC_FOR_ALLOC freed 1087K, 10% free 21960K/24135K, paused 118ms
07-07 17:02:26.422  5452  5452 D dalvikvm: GC_FOR_ALLOC freed 1051K, 9% free 21965K/24135K, paused 80ms
07-07 17:02:31.586  5452  5452 D dalvikvm: GC_FOR_ALLOC freed 1073K, 9% free 21965K/24135K, paused 78ms
07-07 17:02:35.152   145   174 I ActivityManager: Start proc com.twitter.android for service com.twitter.android/.client.AppService: pid=5998 uid=10064 gids={3003, 1015}
07-07 17:02:35.168  5998  5998 I dalvikvm: Turning on JNI app bug workarounds for target SDK version 11...
07-07 17:02:35.304  5998  5998 I ActivityThread: Pub com.twitter.android.provider.GlobalDatabaseProvider: com.twitter.android.provider.GlobalDatabaseProvider
07-07 17:02:35.347  5998  5998 I ActivityThread: Pub com.twitter.android.provider.TwitterProvider: com.twitter.android.provider.TwitterProvider
07-07 17:02:35.664  5998  6000 D dalvikvm: GC_CONCURRENT freed 206K, 3% free 9261K/9543K, paused 6ms+2ms
07-07 17:02:35.754   145   147 D dalvikvm: GC_CONCURRENT freed 1801K, 22% free 16559K/20999K, paused 8ms+6ms
07-07 17:02:35.988  5998  6000 D dalvikvm: GC_CONCURRENT freed 172K, 4% free 9491K/9799K, paused 5ms+3ms
07-07 17:02:36.175  5998  6000 D dalvikvm: GC_CONCURRENT freed 299K, 5% free 9623K/10055K, paused 3ms+2ms
07-07 17:02:36.320  5998  6000 D dalvikvm: GC_CONCURRENT freed 299K, 5% free 9754K/10183K, paused 3ms+2ms
07-07 17:02:36.461  5998  6000 D dalvikvm: GC_CONCURRENT freed 300K, 5% free 9877K/10311K, paused 2ms+2ms
07-07 17:02:36.675  5998  6000 D dalvikvm: GC_CONCURRENT freed 305K, 5% free 10007K/10439K, paused 2ms+3ms
07-07 17:02:36.707  5452  5452 D dalvikvm: GC_FOR_ALLOC freed 1077K, 9% free 21964K/24135K, paused 80ms
07-07 17:02:36.894  5998  6000 D dalvikvm: GC_CONCURRENT freed 297K, 5% free 10137K/10567K, paused 2ms+2ms
07-07 17:02:37.047  5998  6000 D dalvikvm: GC_CONCURRENT freed 298K, 4% free 10280K/10695K, paused 2ms+3ms
07-07 17:02:37.215  5998  6000 D dalvikvm: GC_CONCURRENT freed 481K, 6% free 10213K/10823K, paused 2ms+2ms
07-07 17:02:37.367  5998  6000 D dalvikvm: GC_CONCURRENT freed 318K, 5% free 10286K/10823K, paused 1ms+3ms
07-07 17:02:37.535  5998  6000 D dalvikvm: GC_CONCURRENT freed 325K, 5% free 10376K/10823K, paused 1ms+6ms
07-07 17:02:37.687  5998  6000 D dalvikvm: GC_CONCURRENT freed 360K, 5% free 10462K/10951K, paused 2ms+2ms
07-07 17:02:37.832  5998  6000 D dalvikvm: GC_CONCURRENT freed 345K, 5% free 10543K/11015K, paused 2ms+2ms
07-07 17:02:37.968  5998  6000 D dalvikvm: GC_CONCURRENT freed 326K, 4% free 10638K/11079K, paused 1ms+1ms
07-07 17:02:38.113  5998  6000 D dalvikvm: GC_CONCURRENT freed 368K, 5% free 10711K/11207K, paused 2ms+2ms
07-07 17:02:38.281  5998  6000 D dalvikvm: GC_CONCURRENT freed 405K, 5% free 10820K/11335K, paused 2ms+13ms
07-07 17:02:39.082  5998  6000 D dalvikvm: GC_CONCURRENT freed 340K, 5% free 10999K/11463K, paused 3ms+2ms
07-07 17:02:41.133  5998  6000 D dalvikvm: GC_CONCURRENT freed 451K, 6% free 11193K/11783K, paused 5ms+6ms
07-07 17:02:41.898  5452  5452 D dalvikvm: GC_FOR_ALLOC freed 1092K, 10% free 21957K/24135K, paused 82ms
07-07 17:02:44.031  4842  4855 I PhoneLab-: Service Running
07-07 17:02:44.101  4842  4855 I PhoneLab-LoggerService: app_37    1466  1     1436   996   c00f181c 400107b4 S logcat
07-07 17:02:44.101  4842  4855 I PhoneLab-LoggerService: Logcat pid from database 1466
07-07 17:02:44.101  4842  4855 I PhoneLab-LoggerService: Logcat process found 1466
07-07 17:02:44.101  4842  4855 I PhoneLab-LoggerService: Checking Threshold
07-07 17:02:47.125  5452  5452 D dalvikvm: GC_FOR_ALLOC freed 1082K, 10% free 21955K/24135K, paused 113ms
07-07 17:02:47.242  5452  5452 D dalvikvm: GC_FOR_ALLOC freed 1050K, 10% free 21960K/24135K, paused 76ms
07-07 17:02:52.379  5452  5452 D dalvikvm: GC_FOR_ALLOC freed 1074K, 10% free 21961K/24135K, paused 77ms
07-07 17:02:57.601  5452  5452 D dalvikvm: GC_FOR_ALLOC freed 1086K, 10% free 21958K/24135K, paused 101ms
07-07 17:03:02.812  5452  5452 D dalvikvm: GC_FOR_ALLOC freed 1078K, 10% free 21958K/24135K, paused 79ms
07-07 17:03:08.008  5452  5452 D dalvikvm: GC_FOR_ALLOC freed 1081K, 10% free 21955K/24135K, paused 78ms
07-07 17:03:08.125  5452  5452 D dalvikvm: GC_FOR_ALLOC freed 1050K, 10% free 21961K/24135K, paused 76ms
07-07 17:03:13.300  5452  5452 D dalvikvm: GC_FOR_ALLOC freed 1084K, 10% free 21961K/24135K, paused 81ms
07-07 17:03:18.500  5452  5452 D dalvikvm: GC_FOR_ALLOC freed 1076K, 10% free 21959K/24135K, paused 79ms
07-07 17:03:23.691  5452  5452 D dalvikvm: GC_FOR_ALLOC freed 1077K, 10% free 21958K/24135K, paused 78ms
07-07 17:03:23.738   145  1188 I ActivityManager: Process com.facebook.orca (pid 5687) has died.
07-07 17:03:28.871  5452  5452 D dalvikvm: GC_FOR_ALLOC freed 1081K, 10% free 21956K/24135K, paused 78ms
07-07 17:03:34.043  5452  5452 D dalvikvm: GC_FOR_ALLOC freed 1086K, 10% free 21954K/24135K, paused 107ms
07-07 17:03:34.179  5452  5452 D dalvikvm: GC_FOR_ALLOC freed 1051K, 10% free 21960K/24135K, paused 96ms
07-07 17:03:39.383  5452  5452 D dalvikvm: GC_FOR_ALLOC freed 1073K, 10% free 21960K/24135K, paused 77ms
07-07 17:03:40.050  5763  6073 D GetStringObjTask: retrieving from url = http://www.chess.com/api/get_move_status?id=y3ICtufzg6w7rQqcD3KFujVaIanpYba4bIpaeKElV1LNz3Sz4Fk9Yh5CeWaj8h4bQ2RY0CxFVgA%2ByBE5DE%2B1cAuw4i%2Bp2GVj5RbuDPEUotReGbS25iAukuBsuUd%2Fl5dp
07-07 17:03:40.304  5763  6073 D GetStringObjTask: WebRequest SERVER RESPONSE: Success+0
07-07 17:03:44.578  5452  5452 D dalvikvm: GC_FOR_ALLOC freed 1077K, 10% free 21958K/24135K, paused 76ms
07-07 17:03:49.722  5452  5452 D dalvikvm: GC_FOR_ALLOC freed 1086K, 10% free 21957K/24135K, paused 78ms
07-07 17:03:51.535  2121  2123 D dalvikvm: GC_CONCURRENT freed 514K, 8% free 10522K/11335K, paused 3ms+5ms
07-07 17:03:51.679  5226  5228 D dalvikvm: GC_CONCURRENT freed 510K, 7% free 10102K/10823K, paused 2ms+9ms
07-07 17:03:51.855  5226  5228 D dalvikvm: GC_CONCURRENT freed 217K, 6% free 10271K/10823K, paused 2ms+4ms
07-07 17:03:54.859  5452  5452 D dalvikvm: GC_FOR_ALLOC freed 1082K, 10% free 21955K/24135K, paused 77ms
07-07 17:03:54.976  5452  5452 D dalvikvm: GC_FOR_ALLOC freed 1050K, 10% free 21960K/24135K, paused 76ms
07-07 17:04:00.179  5452  5452 D dalvikvm: GC_FOR_ALLOC freed 1073K, 10% free 21961K/24135K, paused 78ms
07-07 17:04:05.343  5452  5452 D dalvikvm: GC_FOR_ALLOC freed 1086K, 10% free 21959K/24135K, paused 77ms
07-07 17:04:10.496  5452  5452 D dalvikvm: GC_FOR_ALLOC freed 1078K, 10% free 21958K/24135K, paused 79ms
07-07 17:04:15.683  5452  5452 D dalvikvm: GC_FOR_ALLOC freed 1081K, 10% free 21955K/24135K, paused 82ms
07-07 17:04:15.804  5452  5452 D dalvikvm: GC_FOR_ALLOC freed 1050K, 10% free 21961K/24135K, paused 76ms
07-07 17:04:16.148   145  1185 I ActivityManager: Process android.process.acore (pid 5365) has died.
07-07 17:04:16.152   145   912 D CountryDetector: No listener is left
07-07 17:04:20.972  5452  5452 D dalvikvm: GC_FOR_ALLOC freed 1084K, 10% free 21961K/24135K, paused 82ms
07-07 17:04:26.152  5452  5452 D dalvikvm: GC_FOR_ALLOC freed 1075K, 10% free 21959K/24135K, paused 77ms
07-07 17:04:28.804   145   147 D dalvikvm: GC_CONCURRENT freed 1841K, 22% free 16540K/20999K, paused 4ms+7ms
07-07 17:04:29.656   145   161 V BackupManagerService: Running a backup pass
07-07 17:04:29.687   145   214 V BackupManagerService: clearing pending backups
07-07 17:04:29.687   145   214 V PerformBackupTask: Beginning backup of 1 targets
07-07 17:04:29.804   145   214 V BackupServiceBinder: doBackup() invoked
07-07 17:04:29.804   145   214 D PerformBackupTask: processOneBackup doBackup() on @pm@
07-07 17:04:29.816   145   214 I PerformBackupTask: no backup data written; not calling transport
07-07 17:04:29.820   145   214 D PerformBackupTask: starting agent for backup of BackupRequest{pkg=com.android.providers.settings}
07-07 17:04:29.820   145   161 V ActivityThread: handleCreateBackupAgent: CreateBackupAgentData{appInfo=ApplicationInfo{414b1cf8 com.android.providers.settings} backupAgent=com.android.providers.settings.SettingsBackupAgent mode=0}
07-07 17:04:29.820   145   161 V ActivityThread: Initializing agent class com.android.providers.settings.SettingsBackupAgent
07-07 17:04:29.820   145   214 D BackupManagerService: awaiting agent for ApplicationInfo{414b1cf8 com.android.providers.settings}
07-07 17:04:29.824   145   161 D SettingsBackupAgent: onCreate() invoked
07-07 17:04:29.824   145   161 D BackupManagerService: agentConnected pkg=com.android.providers.settings agent=android.app.backup.BackupAgent$BackupServiceBinder@41bda3a0
07-07 17:04:29.824   145   214 D PerformBackupTask: processOneBackup doBackup() on com.android.providers.settings
07-07 17:04:29.828   145   214 V BackupServiceBinder: doBackup() invoked
07-07 17:04:29.875   145   161 V ActivityThread: handleDestroyBackupAgent: CreateBackupAgentData{appInfo=ApplicationInfo{414b1cf8 com.android.providers.settings} backupAgent=com.android.providers.settings.SettingsBackupAgent mode=0}
07-07 17:04:29.879   145   214 V LocalTransport: performBackup() pkg=com.android.providers.settings
07-07 17:04:29.883   145   214 V LocalTransport: Got change set key=system size=1077 key64=c3lzdGVt
07-07 17:04:29.890   145   214 V LocalTransport:   data size 1077
07-07 17:04:29.894   145   214 V LocalTransport: finishBackup()
07-07 17:04:29.898   145   214 I PerformBackupTask: Backup pass finished.
07-07 17:04:31.332  5452  5452 D dalvikvm: GC_FOR_ALLOC freed 1077K, 10% free 21958K/24135K, paused 77ms
07-07 17:04:36.523  5452  5452 D dalvikvm: GC_FOR_ALLOC freed 1081K, 10% free 21956K/24135K, paused 77ms
07-07 17:04:41.679  5452  5452 D dalvikvm: GC_FOR_ALLOC freed 1087K, 10% free 21954K/24135K, paused 81ms
07-07 17:04:41.816  5452  5452 D dalvikvm: GC_FOR_ALLOC freed 1051K, 10% free 21959K/24135K, paused 92ms
07-07 17:04:44.004  4842  4855 I PhoneLab-: Service Running
07-07 17:04:44.050  4842  4845 D dalvikvm: GC_CONCURRENT freed 892K, 15% free 9143K/10631K, paused 2ms+3ms
07-07 17:04:44.062  4842  4855 I PhoneLab-LoggerService: app_37    1466  1     1436   996   c00f181c 400107b4 S logcat
07-07 17:04:44.062  4842  4855 I PhoneLab-LoggerService: Logcat pid from database 1466
07-07 17:04:44.066  4842  4855 I PhoneLab-LoggerService: Logcat process found 1466
07-07 17:04:44.066  4842  4855 I PhoneLab-LoggerService: Checking Threshold
07-07 17:04:47.047  5452  5452 D dalvikvm: GC_FOR_ALLOC freed 1073K, 10% free 21959K/24135K, paused 82ms
07-07 17:04:51.648  2121  2123 D dalvikvm: GC_CONCURRENT freed 467K, 8% free 10520K/11335K, paused 2ms+5ms
07-07 17:04:51.718  5226  5228 D dalvikvm: GC_CONCURRENT freed 650K, 8% free 10102K/10887K, paused 2ms+3ms
07-07 17:04:52.230  5452  5452 D dalvikvm: GC_FOR_ALLOC freed 1076K, 10% free 21958K/24135K, paused 80ms
07-07 17:04:57.351  5452  5452 D dalvikvm: GC_FOR_ALLOC freed 1086K, 10% free 21957K/24135K, paused 78ms
07-07 17:05:00.922    81  5931 I NuCachedSource2: Cache full, done prefetching for now
07-07 17:05:02.539  5452  5452 D dalvikvm: GC_FOR_ALLOC freed 1081K, 10% free 21955K/24135K, paused 113ms
07-07 17:05:02.664  5452  5452 D dalvikvm: GC_FOR_ALLOC freed 1050K, 10% free 21960K/24135K, paused 80ms
07-07 17:05:07.828  5452  5452 D dalvikvm: GC_FOR_ALLOC freed 1074K, 10% free 21961K/24135K, paused 82ms
07-07 17:05:12.019   145   913 I ActivityManager: Start proc android.process.acore for content provider com.android.providers.contacts/.ContactsProvider2: pid=6151 uid=10000 gids={3003, 1015}
07-07 17:05:12.070  6151  6151 I ActivityThread: Pub call_log: com.android.providers.contacts.CallLogProvider
07-07 17:05:12.121  6151  6151 I ActivityThread: Pub com.android.voicemail: com.android.providers.contacts.VoicemailContentProvider
07-07 17:05:12.129  6151  6151 I ActivityThread: Pub user_dictionary: com.android.providers.userdictionary.UserDictionaryProvider
07-07 17:05:12.175  6151  6151 I ActivityThread: Pub com.android.social: com.android.providers.contacts.SocialProvider
07-07 17:05:12.175  6151  6151 I ActivityThread: Pub applications: com.android.providers.applications.ApplicationsProvider
07-07 17:05:12.328  6151  6151 I ActivityThread: Pub contacts;com.android.contacts: com.android.providers.contacts.ContactsProvider2
07-07 17:05:12.328  6151  6153 D dalvikvm: GC_CONCURRENT freed 329K, 5% free 9152K/9607K, paused 7ms+2ms
07-07 17:05:12.754  6151  6153 D dalvikvm: GC_CONCURRENT freed 230K, 4% free 9368K/9735K, paused 2ms+2ms
07-07 17:05:12.996  5452  5452 D dalvikvm: GC_FOR_ALLOC freed 1086K, 10% free 21958K/24135K, paused 85ms
07-07 17:05:14.414  6151  6153 D dalvikvm: GC_CONCURRENT freed 200K, 4% free 9590K/9927K, paused 10ms+3ms
07-07 17:05:15.093   145   176 I InputQueue-JNI: Sending finished signal for input channel 'hidden nav (client)' since it is being unregistered while an input message is still in progress.
07-07 17:05:15.097   145   176 I InputQueue-JNI: Ignoring finish signal on channel that is no longer registered.
07-07 17:05:18.172  5452  5452 D dalvikvm: GC_FOR_ALLOC freed 1167K, 10% free 21888K/24135K, paused 70ms
07-07 17:05:18.961    81   124 D AudioHardware: AudioHardware pcm playback is going to standby.
07-07 17:05:18.961    81   124 D AudioHardware: closePcmOut_l() mPcmOpenCnt: 1
07-07 17:05:23.347  5452  5452 D dalvikvm: GC_FOR_ALLOC freed 1162K, 10% free 21884K/24135K, paused 68ms
07-07 17:05:28.523  5452  5452 D dalvikvm: GC_FOR_ALLOC freed 1165K, 10% free 21884K/24135K, paused 80ms
07-07 17:05:28.629  5452  5452 D dalvikvm: GC_FOR_ALLOC freed 1156K, 10% free 21882K/24135K, paused 68ms
07-07 17:05:33.785  5452  5452 D dalvikvm: GC_FOR_ALLOC freed 1175K, 10% free 21890K/24135K, paused 68ms
07-07 17:05:38.941  5452  5452 D dalvikvm: GC_FOR_ALLOC freed 1154K, 10% free 21890K/24135K, paused 71ms
07-07 17:05:44.082  5452  5452 D dalvikvm: GC_FOR_ALLOC freed 1191K, 10% free 21880K/24135K, paused 68ms
07-07 17:05:49.246  5452  5452 D dalvikvm: GC_FOR_ALLOC freed 1178K, 10% free 21887K/24135K, paused 68ms
07-07 17:05:54.402  5452  5452 D dalvikvm: GC_FOR_ALLOC freed 1156K, 10% free 21887K/24135K, paused 69ms
07-07 17:05:59.550    81   124 D AudioHardware: AudioHardware pcm playback is exiting standby.
07-07 17:05:59.550    81   124 D AudioHardware: openPcmOut_l() mPcmOpenCnt: 0
07-07 17:05:59.644  5452  5452 D dalvikvm: GC_FOR_ALLOC freed 1192K, 10% free 21878K/24135K, paused 136ms
07-07 17:06:04.840  5452  5452 D dalvikvm: GC_FOR_ALLOC freed 1111K, 10% free 21962K/24135K, paused 79ms
07-07 17:06:04.972  5452  5452 D dalvikvm: GC_FOR_ALLOC freed 1053K, 9% free 21964K/24135K, paused 79ms
07-07 17:06:10.156  5452  5452 D dalvikvm: GC_FOR_ALLOC freed 1074K, 9% free 21966K/24135K, paused 77ms
07-07 17:06:15.308  5452  5452 D dalvikvm: GC_FOR_ALLOC freed 1086K, 10% free 21963K/24135K, paused 77ms
07-07 17:06:20.476  5452  5452 D dalvikvm: GC_FOR_ALLOC freed 1077K, 10% free 21962K/24135K, paused 77ms
07-07 17:06:25.660  5452  5452 D dalvikvm: GC_FOR_ALLOC freed 1082K, 10% free 21960K/24135K, paused 78ms
07-07 17:06:25.773  5452  5452 D dalvikvm: GC_FOR_ALLOC freed 1051K, 9% free 21966K/24135K, paused 78ms
07-07 17:06:30.957  5452  5452 D dalvikvm: GC_FOR_ALLOC freed 1083K, 9% free 21965K/24135K, paused 78ms
07-07 17:06:36.117  5452  5452 D dalvikvm: GC_FOR_ALLOC freed 1076K, 9% free 21964K/24135K, paused 81ms
07-07 17:06:41.304  5452  5452 D dalvikvm: GC_FOR_ALLOC freed 1077K, 10% free 21962K/24135K, paused 80ms
07-07 17:06:44.004  4842  4855 I PhoneLab-: Service Running
07-07 17:06:44.043  4842  4855 I PhoneLab-LoggerService: app_37    1466  1     1436   996   c00f181c 400107b4 S logcat
07-07 17:06:44.043  4842  4855 I PhoneLab-LoggerService: Logcat pid from database 1466
07-07 17:06:44.043  4842  4855 I PhoneLab-LoggerService: Logcat process found 1466
07-07 17:06:44.043  4842  4855 I PhoneLab-LoggerService: Checking Threshold
07-07 17:06:46.496  5452  5452 D dalvikvm: GC_FOR_ALLOC freed 1082K, 10% free 21960K/24135K, paused 82ms
07-07 17:06:51.718  5452  5452 D dalvikvm: GC_FOR_ALLOC freed 1087K, 10% free 21959K/24135K, paused 88ms
07-07 17:06:51.843  5452  5452 D dalvikvm: GC_FOR_ALLOC freed 1050K, 9% free 21964K/24135K, paused 83ms
07-07 17:06:52.019  2121  2123 D dalvikvm: GC_CONCURRENT freed 509K, 8% free 10523K/11335K, paused 2ms+23ms
07-07 17:06:52.097  5226  5228 D dalvikvm: GC_CONCURRENT freed 499K, 8% free 10115K/10887K, paused 15ms+2ms
07-07 17:06:57.023  5452  5452 D dalvikvm: GC_FOR_ALLOC freed 1073K, 9% free 21964K/24135K, paused 76ms
07-07 17:07:02.195  5452  5452 D dalvikvm: GC_FOR_ALLOC freed 1078K, 10% free 21963K/24135K, paused 77ms
07-07 17:07:07.383  5452  5452 D dalvikvm: GC_FOR_ALLOC freed 1086K, 10% free 21962K/24135K, paused 77ms
07-07 17:07:12.566  5452  5452 D dalvikvm: GC_FOR_ALLOC freed 1082K, 10% free 21959K/24135K, paused 83ms
07-07 17:07:12.683  5452  5452 D dalvikvm: GC_FOR_ALLOC freed 1050K, 9% free 21964K/24135K, paused 77ms
07-07 17:07:16.683   145   176 I InputQueue-JNI: Sending finished signal for input channel 'hidden nav (client)' since it is being unregistered while an input message is still in progress.
07-07 17:07:16.718   145   176 I InputQueue-JNI: Ignoring finish signal on channel that is no longer registered.
07-07 17:07:17.859  5452  5452 D dalvikvm: GC_FOR_ALLOC freed 1083K, 9% free 21967K/24135K, paused 78ms
07-07 17:07:20.164   145   176 I InputQueue-JNI: Sending finished signal for input channel 'hidden nav (client)' since it is being unregistered while an input message is still in progress.
07-07 17:07:20.320   145  1186 D dalvikvm: GC_EXPLICIT freed 1332K, 22% free 16580K/20999K, paused 15ms+24ms
07-07 17:07:20.363   145   176 I InputQueue-JNI: Ignoring finish signal on channel that is no longer registered.
07-07 17:07:22.320    81  5931 I NuCachedSource2: restarting prefetcher, totalSize = 3473408
07-07 17:07:22.320    81  5931 E NuCachedSource2: source returned error -38, 10 retries left
07-07 17:07:23.039  5452  5452 D dalvikvm: GC_FOR_ALLOC freed 1135K, 9% free 21968K/24135K, paused 79ms
07-07 17:07:24.090    81  5931 I NuCachedSource2: new range: offset= 24336612
07-07 17:07:25.324    81  5931 E NuCachedSource2: source returned error -38, 10 retries left
07-07 17:07:26.597    81   124 D AudioHardware: AudioHardware pcm playback is going to standby.
07-07 17:07:26.597    81   124 D AudioHardware: closePcmOut_l() mPcmOpenCnt: 1
07-07 17:07:28.273  5452  5452 D dalvikvm: GC_FOR_ALLOC freed 1115K, 9% free 21966K/24135K, paused 168ms
07-07 17:07:28.324    81  5931 I ChromiumHTTPDataSource: Reconnecting...
07-07 17:07:28.324    81  5931 I ChromiumHTTPDataSource: connect to http://redirector.c.youtube.com/videoplayback?id=c93202ea516440da&itag=18&source=youtube&uaopt=no-save&upn=H9bgwg9XrTM&el=videos&devKey=ATpxuMO4AN5NR1nGmfaQDBQO88HsQjpE1a8d1GxQnGDm&app=youtube_gdata&ip=0.0.0.0&ipbits=0&expire=1341723667&sparams=id,itag,source,uaopt,upn,ip,ipbits,expire&signature=3C74FBA921EAC1EE37EBC851013FBBDA553E8051.4677AC3DC4B472DB45357B75B06D5124FC1FB910&key=yta1&androidcid=android-google&dnc=1 @24336612
07-07 17:07:28.359    81  5928 E OMXCodec: [OMX.SEC.AVC.Decoder] Timed out waiting for output buffers: 5/1
07-07 17:07:28.363  5452  5463 E MediaPlayer: error (1, -110)
07-07 17:07:28.402  5452  5452 E MediaPlayer: Error (1,-110)
07-07 17:07:28.410  5452  5452 W YouTube : MediaPlayer error during playback [what=1, extra=-110]
07-07 17:07:28.410  5452  5452 W YouTube : Retrying MediaPlayer error [retry=1, max=3]
07-07 17:07:28.425    81  5928 W TimedEventQueue: Event 28698 was not found in the queue, already cancelled?
07-07 17:07:28.441    81   125 W AudioFlinger: session id 161 not found for pid 5452
07-07 17:07:28.484  5452  5925 D MediaPlayer: Couldn't open file on client side, trying server side
07-07 17:07:28.496    81 10002 I AwesomePlayer: setDataSource_l('http://redirector.c.youtube.com/videoplayback?id=c93202ea516440da&itag=18&source=youtube&uaopt=no-save&upn=H9bgwg9XrTM&el=videos&devKey=ATpxuMO4AN5NR1nGmfaQDBQO88HsQjpE1a8d1GxQnGDm&app=youtube_gdata&ip=0.0.0.0&ipbits=0&expire=1341723667&sparams=id,itag,source,uaopt,upn,ip,ipbits,expire&signature=3C74FBA921EAC1EE37EBC851013FBBDA553E8051.4677AC3DC4B472DB45357B75B06D5124FC1FB910&key=yta1&androidcid=android-google&dnc=1')
07-07 17:07:28.519    81  6306 V ChromiumHTTPDataSource: connect on behalf of uid 10057
07-07 17:07:28.519    81  6306 I ChromiumHTTPDataSource: connect to http://redirector.c.youtube.com/videoplayback?id=c93202ea516440da&itag=18&source=youtube&uaopt=no-save&upn=H9bgwg9XrTM&el=videos&devKey=ATpxuMO4AN5NR1nGmfaQDBQO88HsQjpE1a8d1GxQnGDm&app=youtube_gdata&ip=0.0.0.0&ipbits=0&expire=1341723667&sparams=id,itag,source,uaopt,upn,ip,ipbits,expire&signature=3C74FBA921EAC1EE37EBC851013FBBDA553E8051.4677AC3DC4B472DB45357B75B06D5124FC1FB910&key=yta1&androidcid=android-google&dnc=1 @0
07-07 17:07:29.144    81  5931 I NuCachedSource2: retrying a previously failed read succeeded.
07-07 17:07:29.328    81  6306 I OMXCodec: [OMX.SEC.AVC.Decoder] AVC profile = 66 (Baseline), level = 13
07-07 17:07:29.328    81  6306 I OMXCodec: [OMX.SEC.AVC.Decoder] video dimensions are 320 x 144
07-07 17:07:30.949    81  6308 I NuCachedSource2: new range: offset= 24336612
07-07 17:07:30.949    81  6308 I ChromiumHTTPDataSource: connect to http://redirector.c.youtube.com/videoplayback?id=c93202ea516440da&itag=18&source=youtube&uaopt=no-save&upn=H9bgwg9XrTM&el=videos&devKey=ATpxuMO4AN5NR1nGmfaQDBQO88HsQjpE1a8d1GxQnGDm&app=youtube_gdata&ip=0.0.0.0&ipbits=0&expire=1341723667&sparams=id,itag,source,uaopt,upn,ip,ipbits,expire&signature=3C74FBA921EAC1EE37EBC851013FBBDA553E8051.4677AC3DC4B472DB45357B75B06D5124FC1FB910&key=yta1&androidcid=android-google&dnc=1 @24336612
07-07 17:07:31.535    81   124 D AudioHardware: AudioHardware pcm playback is exiting standby.
07-07 17:07:31.535    81   124 D AudioHardware: openPcmOut_l() mPcmOpenCnt: 0
07-07 17:07:32.797   145   176 I InputQueue-JNI: Sending finished signal for input channel 'hidden nav (client)' since it is being unregistered while an input message is still in progress.
07-07 17:07:32.812   145   176 I InputQueue-JNI: Ignoring finish signal on channel that is no longer registered.
07-07 17:07:33.511  5452  5452 D dalvikvm: GC_FOR_ALLOC freed 1113K, 9% free 21966K/24135K, paused 84ms
07-07 17:07:33.629  5452  5452 D dalvikvm: GC_FOR_ALLOC freed 1056K, 9% free 21967K/24135K, paused 77ms
07-07 17:07:34.750    81  6308 I NuCachedSource2: new range: offset= 22749474
07-07 17:07:34.761    81  6308 I ChromiumHTTPDataSource: connect to http://redirector.c.youtube.com/videoplayback?id=c93202ea516440da&itag=18&source=youtube&uaopt=no-save&upn=H9bgwg9XrTM&el=videos&devKey=ATpxuMO4AN5NR1nGmfaQDBQO88HsQjpE1a8d1GxQnGDm&app=youtube_gdata&ip=0.0.0.0&ipbits=0&expire=1341723667&sparams=id,itag,source,uaopt,upn,ip,ipbits,expire&signature=3C74FBA921EAC1EE37EBC851013FBBDA553E8051.4677AC3DC4B472DB45357B75B06D5124FC1FB910&key=yta1&androidcid=android-google&dnc=1 @22749474
07-07 17:07:36.812    81  6308 I NuCachedSource2: new range: offset= 20939994
07-07 17:07:36.816    81  6308 I ChromiumHTTPDataSource: connect to http://redirector.c.youtube.com/videoplayback?id=c93202ea516440da&itag=18&source=youtube&uaopt=no-save&upn=H9bgwg9XrTM&el=videos&devKey=ATpxuMO4AN5NR1nGmfaQDBQO88HsQjpE1a8d1GxQnGDm&app=youtube_gdata&ip=0.0.0.0&ipbits=0&expire=1341723667&sparams=id,itag,source,uaopt,upn,ip,ipbits,expire&signature=3C74FBA921EAC1EE37EBC851013FBBDA553E8051.4677AC3DC4B472DB45357B75B06D5124FC1FB910&key=yta1&androidcid=android-google&dnc=1 @20939994
07-07 17:07:38.824  5452  5452 D dalvikvm: GC_FOR_ALLOC freed 1130K, 9% free 21970K/24135K, paused 80ms
07-07 17:07:44.015  5452  5452 D dalvikvm: GC_FOR_ALLOC freed 1091K, 9% free 21965K/24135K, paused 77ms
07-07 17:07:49.230  5452  5452 D dalvikvm: GC_FOR_ALLOC freed 1079K, 10% free 21963K/24135K, paused 94ms
07-07 17:07:54.418  5452  5452 D dalvikvm: GC_FOR_ALLOC freed 1082K, 10% free 21961K/24135K, paused 98ms
07-07 17:07:59.590  5452  5452 D dalvikvm: GC_FOR_ALLOC freed 1086K, 10% free 21959K/24135K, paused 76ms
07-07 17:07:59.711  5452  5452 D dalvikvm: GC_FOR_ALLOC freed 1050K, 9% free 21964K/24135K, paused 76ms
07-07 17:08:04.859  5452  5452 D dalvikvm: GC_FOR_ALLOC freed 1073K, 9% free 21966K/24135K, paused 77ms
07-07 17:08:08.465   145   147 D dalvikvm: GC_CONCURRENT freed 1825K, 22% free 16548K/20999K, paused 3ms+9ms
07-07 17:08:10.050  5452  5452 D dalvikvm: GC_FOR_ALLOC freed 1078K, 9% free 21963K/24135K, paused 76ms
07-07 17:08:15.203  5452  5452 D dalvikvm: GC_FOR_ALLOC freed 1086K, 10% free 21962K/24135K, paused 77ms
07-07 17:08:20.371  5452  5452 D dalvikvm: GC_FOR_ALLOC freed 1082K, 10% free 21960K/24135K, paused 76ms
07-07 17:08:20.492  5452  5452 D dalvikvm: GC_FOR_ALLOC freed 1050K, 9% free 21966K/24135K, paused 77ms
07-07 17:08:25.644  5452  5452 D dalvikvm: GC_FOR_ALLOC freed 1073K, 9% free 21966K/24135K, paused 76ms
07-07 17:08:30.808  5452  5452 D dalvikvm: GC_FOR_ALLOC freed 1087K, 9% free 21964K/24135K, paused 78ms
07-07 17:08:35.980  5452  5452 D dalvikvm: GC_FOR_ALLOC freed 1077K, 10% free 21963K/24135K, paused 76ms
07-07 17:08:40.000  5763  6375 D GetStringObjTask: retrieving from url = http://www.chess.com/api/get_move_status?id=y3ICtufzg6w7rQqcD3KFujVaIanpYba4bIpaeKElV1LNz3Sz4Fk9Yh5CeWaj8h4bQ2RY0CxFVgA%2ByBE5DE%2B1cAuw4i%2Bp2GVj5RbuDPEUotReGbS25iAukuBsuUd%2Fl5dp
07-07 17:08:40.238  5763  6375 D GetStringObjTask: WebRequest SERVER RESPONSE: Success+0
07-07 17:08:41.148  5452  5452 D dalvikvm: GC_FOR_ALLOC freed 1082K, 10% free 21960K/24135K, paused 78ms
07-07 17:08:41.269  5452  5452 D dalvikvm: GC_FOR_ALLOC freed 1050K, 9% free 21967K/24135K, paused 80ms
07-07 17:08:44.015  4842  4855 I PhoneLab-: Service Running
07-07 17:08:44.086  4842  4855 I PhoneLab-LoggerService: app_37    1466  1     1436   996   c00f181c 400107b4 S logcat
07-07 17:08:44.086  4842  4855 I PhoneLab-LoggerService: Logcat pid from database 1466
07-07 17:08:44.086  4842  4855 I PhoneLab-LoggerService: Logcat process found 1466
07-07 17:08:44.086  4842  4855 I PhoneLab-LoggerService: Checking Threshold
07-07 17:08:46.468  5452  5452 D dalvikvm: GC_FOR_ALLOC freed 1084K, 9% free 21966K/24135K, paused 81ms
07-07 17:08:51.644  5452  5452 D dalvikvm: GC_FOR_ALLOC freed 1075K, 9% free 21964K/24135K, paused 85ms
07-07 17:08:51.789  2121  2123 D dalvikvm: GC_CONCURRENT freed 509K, 8% free 10526K/11335K, paused 2ms+3ms
07-07 17:08:51.918  5226  5228 D dalvikvm: GC_CONCURRENT freed 518K, 8% free 10106K/10887K, paused 2ms+2ms
07-07 17:08:56.832  5452  5452 D dalvikvm: GC_FOR_ALLOC freed 1077K, 10% free 21963K/24135K, paused 98ms
07-07 17:09:02.031  5452  5452 D dalvikvm: GC_FOR_ALLOC freed 1081K, 10% free 21961K/24135K, paused 97ms
07-07 17:09:07.222  5452  5452 D dalvikvm: GC_FOR_ALLOC freed 1087K, 10% free 21959K/24135K, paused 78ms
07-07 17:09:07.343  5452  5452 D dalvikvm: GC_FOR_ALLOC freed 1050K, 9% free 21964K/24135K, paused 83ms
07-07 17:09:12.508  5452  5452 D dalvikvm: GC_FOR_ALLOC freed 1074K, 9% free 21965K/24135K, paused 77ms
07-07 17:09:17.664  5452  5452 D dalvikvm: GC_FOR_ALLOC freed 1077K, 9% free 21963K/24135K, paused 77ms
07-07 17:09:22.851  5452  5452 D dalvikvm: GC_FOR_ALLOC freed 1086K, 10% free 21962K/24135K, paused 78ms
07-07 17:09:28.047  5452  5452 D dalvikvm: GC_FOR_ALLOC freed 1081K, 10% free 21960K/24135K, paused 109ms
07-07 17:09:28.164  5452  5452 D dalvikvm: GC_FOR_ALLOC freed 1050K, 9% free 21966K/24135K, paused 78ms
07-07 17:09:33.324  5452  5452 D dalvikvm: GC_FOR_ALLOC freed 1074K, 9% free 21966K/24135K, paused 76ms
07-07 17:09:38.496  5452  5452 D dalvikvm: GC_FOR_ALLOC freed 1086K, 9% free 21964K/24135K, paused 78ms
07-07 17:09:43.679  5452  5452 D dalvikvm: GC_FOR_ALLOC freed 1076K, 10% free 21962K/24135K, paused 81ms
07-07 17:09:48.871  5452  5452 D dalvikvm: GC_FOR_ALLOC freed 1081K, 10% free 21960K/24135K, paused 77ms
07-07 17:09:48.992  5452  5452 D dalvikvm: GC_FOR_ALLOC freed 1050K, 9% free 21966K/24135K, paused 79ms
07-07 17:09:51.925  5226  5228 D dalvikvm: GC_CONCURRENT freed 445K, 8% free 10097K/10887K, paused 2ms+2ms
07-07 17:09:54.175  5452  5452 D dalvikvm: GC_FOR_ALLOC freed 1083K, 9% free 21966K/24135K, paused 99ms
07-07 17:09:59.383  5452  5452 D dalvikvm: GC_FOR_ALLOC freed 1076K, 9% free 21964K/24135K, paused 95ms
07-07 17:10:02.652   145   147 D dalvikvm: JIT code cache reset in 5 ms (1048540 bytes 18/0)
07-07 17:10:02.672   145   147 D dalvikvm: GC_CONCURRENT freed 1885K, 22% free 16537K/20999K, paused 3ms+12ms
07-07 17:10:04.593  5452  5452 D dalvikvm: GC_FOR_ALLOC freed 1077K, 10% free 21963K/24135K, paused 87ms
07-07 17:10:09.758  5452  5452 D dalvikvm: GC_FOR_ALLOC freed 1081K, 10% free 21961K/24135K, paused 77ms
07-07 17:10:14.918  5452  5452 D dalvikvm: GC_FOR_ALLOC freed 1087K, 10% free 21959K/24135K, paused 84ms
07-07 17:10:15.039  5452  5452 D dalvikvm: GC_FOR_ALLOC freed 1050K, 9% free 21964K/24135K, paused 77ms
07-07 17:10:20.211  5452  5452 D dalvikvm: GC_FOR_ALLOC freed 1073K, 9% free 21965K/24135K, paused 77ms
07-07 17:10:25.340  5452  5452 D dalvikvm: GC_FOR_ALLOC freed 1077K, 9% free 21963K/24135K, paused 83ms
07-07 17:10:30.527  5452  5452 D dalvikvm: GC_FOR_ALLOC freed 1086K, 10% free 21962K/24135K, paused 82ms
07-07 17:10:35.703  5452  5452 D dalvikvm: GC_FOR_ALLOC freed 1081K, 10% free 21960K/24135K, paused 79ms
07-07 17:10:35.820  5452  5452 D dalvikvm: GC_FOR_ALLOC freed 1050K, 9% free 21966K/24135K, paused 78ms
07-07 17:10:41.000  5452  5452 D dalvikvm: GC_FOR_ALLOC freed 1074K, 9% free 21966K/24135K, paused 83ms
07-07 17:10:41.343   145   394 I ActivityManager: Process com.google.android.gsf.login (pid 5487) has died.
07-07 17:10:44.004  4842  4855 I PhoneLab-: Service Running
07-07 17:10:44.074  4842  4855 I PhoneLab-LoggerService: app_37    1466  1     1436   996   c00f181c 400107b4 S logcat
07-07 17:10:44.074  4842  4855 I PhoneLab-LoggerService: Logcat pid from database 1466
07-07 17:10:44.074  4842  4855 I PhoneLab-LoggerService: Logcat process found 1466
07-07 17:10:44.074  4842  4855 I PhoneLab-LoggerService: Checking Threshold
07-07 17:10:46.191  5452  5452 D dalvikvm: GC_FOR_ALLOC freed 1086K, 9% free 21964K/24135K, paused 76ms
07-07 17:10:51.375  5452  5452 D dalvikvm: GC_FOR_ALLOC freed 1077K, 10% free 21963K/24135K, paused 79ms
07-07 17:10:52.031  2121  2123 D dalvikvm: GC_CONCURRENT freed 513K, 8% free 10524K/11335K, paused 3ms+9ms
07-07 17:10:56.550  5452  5452 D dalvikvm: GC_FOR_ALLOC freed 1081K, 10% free 21960K/24135K, paused 77ms
07-07 17:10:56.683  5452  5452 D dalvikvm: GC_FOR_ALLOC freed 1051K, 9% free 21966K/24135K, paused 97ms
07-07 17:11:01.125    81  6308 I NuCachedSource2: ERROR_END_OF_STREAM
07-07 17:11:01.871  5452  5452 D dalvikvm: GC_FOR_ALLOC freed 1084K, 9% free 21966K/24135K, paused 78ms
07-07 17:11:07.050  5452  5452 D dalvikvm: GC_FOR_ALLOC freed 1076K, 9% free 21964K/24135K, paused 78ms
07-07 17:11:09.691  6151  6153 D dalvikvm: GC_CONCURRENT freed 494K, 7% free 9488K/10119K, paused 12ms+3ms
07-07 17:11:12.195  5452  5452 D dalvikvm: GC_FOR_ALLOC freed 1077K, 10% free 21963K/24135K, paused 77ms
07-07 17:11:17.386  5452  5452 D dalvikvm: GC_FOR_ALLOC freed 1082K, 10% free 21961K/24135K, paused 76ms
07-07 17:11:22.562  5452  5452 D dalvikvm: GC_FOR_ALLOC freed 1086K, 10% free 21959K/24135K, paused 79ms
07-07 17:11:22.679  5452  5452 D dalvikvm: GC_FOR_ALLOC freed 1050K, 9% free 21964K/24135K, paused 80ms
07-07 17:11:26.601 27783 27785 D dalvikvm: GC_CONCURRENT freed 341K, 6% free 10505K/11079K, paused 6ms+5ms
07-07 17:11:27.875  5452  5452 D dalvikvm: GC_FOR_ALLOC freed 1073K, 9% free 21965K/24135K, paused 81ms
07-07 17:11:33.062  5452  5452 D dalvikvm: GC_FOR_ALLOC freed 1078K, 10% free 21963K/24135K, paused 81ms
07-07 17:11:38.246  5452  5452 D dalvikvm: GC_FOR_ALLOC freed 1086K, 10% free 21962K/24135K, paused 76ms
07-07 17:11:43.414  5452  5452 D dalvikvm: GC_FOR_ALLOC freed 1082K, 10% free 21960K/24135K, paused 82ms
07-07 17:11:43.527  5452  5452 D dalvikvm: GC_FOR_ALLOC freed 1050K, 9% free 21964K/24135K, paused 77ms
07-07 17:11:48.699  5452  5452 D dalvikvm: GC_FOR_ALLOC freed 1073K, 9% free 21966K/24135K, paused 76ms
07-07 17:11:52.086  5226  5228 D dalvikvm: GC_CONCURRENT freed 461K, 7% free 10144K/10887K, paused 3ms+9ms
07-07 17:11:52.359  5226  5228 D dalvikvm: GC_CONCURRENT freed 303K, 6% free 10276K/10887K, paused 6ms+9ms
07-07 17:11:53.875  5452  5452 D dalvikvm: GC_FOR_ALLOC freed 1086K, 9% free 21964K/24135K, paused 77ms
07-07 17:11:59.050  5452  5452 D dalvikvm: GC_FOR_ALLOC freed 1077K, 10% free 21962K/24135K, paused 76ms
07-07 17:12:04.238  5452  5452 D dalvikvm: GC_FOR_ALLOC freed 1082K, 10% free 21960K/24135K, paused 77ms
07-07 17:12:04.355  5452  5452 D dalvikvm: GC_FOR_ALLOC freed 1050K, 9% free 21966K/24135K, paused 78ms
07-07 17:12:09.535  5452  5452 D dalvikvm: GC_FOR_ALLOC freed 1084K, 9% free 21965K/24135K, paused 80ms
07-07 17:12:14.715  5452  5452 D dalvikvm: GC_FOR_ALLOC freed 1075K, 9% free 21964K/24135K, paused 77ms
07-07 17:12:19.910  5452  5452 D dalvikvm: GC_FOR_ALLOC freed 1077K, 10% free 21962K/24135K, paused 78ms
07-07 17:12:25.074  5452  5452 D dalvikvm: GC_FOR_ALLOC freed 1081K, 10% free 21960K/24135K, paused 81ms
07-07 17:12:30.258  5452  5452 D dalvikvm: GC_FOR_ALLOC freed 1087K, 10% free 21959K/24135K, paused 93ms
07-07 17:12:30.375  5452  5452 D dalvikvm: GC_FOR_ALLOC freed 1050K, 9% free 21964K/24135K, paused 77ms
07-07 17:12:35.562  5452  5452 D dalvikvm: GC_FOR_ALLOC freed 1074K, 9% free 21964K/24135K, paused 78ms
07-07 17:12:40.726  5452  5452 D dalvikvm: GC_FOR_ALLOC freed 1077K, 10% free 21963K/24135K, paused 76ms
07-07 17:12:42.633  5998  6000 D dalvikvm: GC_CONCURRENT freed 537K, 6% free 11322K/11975K, paused 12ms+2ms
07-07 17:12:44.004  4842  4855 I PhoneLab-: Service Running
07-07 17:12:44.082  4842  4855 I PhoneLab-LoggerService: app_37    1466  1     1436   996   c00f181c 400107b4 S logcat
07-07 17:12:44.082  4842  4855 I PhoneLab-LoggerService: Logcat pid from database 1466
07-07 17:12:44.082  4842  4855 I PhoneLab-LoggerService: Logcat process found 1466
07-07 17:12:44.082  4842  4855 I PhoneLab-LoggerService: Checking Threshold
07-07 17:12:45.886  5452  5452 D dalvikvm: GC_FOR_ALLOC freed 1086K, 10% free 21962K/24135K, paused 80ms
07-07 17:12:51.058  5452  5452 D dalvikvm: GC_FOR_ALLOC freed 1081K, 10% free 21960K/24135K, paused 77ms
07-07 17:12:51.175  5452  5452 D dalvikvm: GC_FOR_ALLOC freed 1050K, 9% free 21966K/24135K, paused 75ms
07-07 17:12:51.890   145   176 I InputQueue-JNI: Sending finished signal for input channel 'hidden nav (client)' since it is being unregistered while an input message is still in progress.
07-07 17:12:51.898   145   176 I InputQueue-JNI: Ignoring finish signal on channel that is no longer registered.
07-07 17:12:52.117  2121  2123 D dalvikvm: GC_CONCURRENT freed 505K, 8% free 10530K/11335K, paused 3ms+4ms
07-07 17:12:52.300  5226  5228 D dalvikvm: GC_CONCURRENT freed 672K, 8% free 10112K/10887K, paused 6ms+8ms
07-07 17:12:55.371    81  6306 W TimedEventQueue: Event 29693 was not found in the queue, already cancelled?
07-07 17:12:55.418    81   125 W AudioFlinger: session id 162 not found for pid 5452
07-07 17:12:55.738  5452  5452 D OpenGLRenderer: Flushing caches (mode 0)
07-07 17:12:55.808   145   329 I AudioService:  AudioFocus  abandonAudioFocus() from android.media.AudioManager@41fa7800
07-07 17:12:56.332  5452  5452 D dalvikvm: GC_FOR_ALLOC freed 1196K, 10% free 21887K/24135K, paused 69ms
07-07 17:12:57.347   145   156 I ActivityManager: Start proc com.google.android.gsf.login for service com.google.android.gsf.login/com.google.android.gsf.loginservice.GoogleLoginService: pid=6595 uid=10009 gids={3003, 1015, 1007, 2001, 3006}
07-07 17:12:57.484  5452  5452 D OpenGLRenderer: Flushing caches (mode 0)
07-07 17:12:58.000  5452  5525 E YouTube : Http error: status=[403] msg=[Forbidden, GData error(s):
07-07 17:12:58.000  5452  5525 E YouTube :   [{domain:GData,code:ServiceForbiddenException,location:null,internalReason:User account suspended}]]
07-07 17:12:58.004  5452  5478 E YouTube : Http error: status=[403] msg=[Forbidden, GData error(s):
07-07 17:12:58.004  5452  5478 E YouTube :   [{domain:GData,code:ServiceForbiddenException,location:null,internalReason:User account suspended}]]
07-07 17:12:58.371    81   124 D AudioHardware: AudioHardware pcm playback is going to standby.
07-07 17:12:58.371    81   124 D AudioHardware: closePcmOut_l() mPcmOpenCnt: 1
07-07 17:12:59.031   145   181 I InputReader: Reconfiguring input devices.  changes=0x00000004
07-07 17:12:59.031   145   181 I InputReader: Device reconfigured: id=7, name='mxt224_ts_input', surface size is now 480x800, mode is 1
07-07 17:12:59.054   145   912 I ActivityManager: Config changed: {0.85 310mcc120mnc en_US layoutdir=0 sw320dp w320dp h508dp nrml long port finger -keyb/v/h -nav/h s.27}
07-07 17:12:59.113  5452  5452 D OpenGLRenderer: Flushing caches (mode 0)
07-07 17:12:59.117  5452  5452 D OpenGLRenderer: Flushing caches (mode 0)
07-07 17:12:59.199   323   325 D dalvikvm: GC_CONCURRENT freed 497K, 22% free 10098K/12807K, paused 83ms+6ms
07-07 17:12:59.324   145   912 W InputManagerService: Starting input on non-focused client com.android.internal.view.IInputMethodClient$Stub$Proxy@418a6720 (uid=10057 pid=5452)
07-07 17:12:59.328  5452  5452 W IInputConnectionWrapper: showStatusIcon on inactive InputConnection
07-07 17:12:59.515  5763  5765 D dalvikvm: GC_CONCURRENT freed 342K, 5% free 9447K/9927K, paused 395ms+2ms
07-07 17:12:59.570  5452  5452 D OpenGLRenderer: Flushing caches (mode 1)
07-07 17:13:01.711   145   175 D dalvikvm: GC_EXPLICIT freed 1580K, 22% free 16563K/20999K, paused 28ms+8ms
07-07 17:13:04.004   145   162 I ActivityManager: Start proc com.facebook.orca for broadcast com.facebook.orca/.analytics.HoneyAnalyticsPeriodicReporter$ReporterBroadcastReceiver: pid=6613 uid=10062 gids={3003, 1015, 1006}
07-07 17:13:04.011  6613  6613 I dalvikvm: Turning on JNI app bug workarounds for target SDK version 10...
07-07 17:13:04.179  6613  6613 I ActivityThread: Pub com.facebook.orca.notify.MessengerLoggedInUserProvider: com.facebook.orca.notify.MessengerLoggedInUserProvider
07-07 17:13:04.211  6613  6613 I ActivityThread: Pub com.facebook.orca.notify.MessengerForegroundProvider: com.facebook.orca.notify.MessengerForegroundProvider
07-07 17:13:04.226  6613  6613 V orca:OrcaApplication: Forcing initialization of AsyncTask
07-07 17:13:04.425  6613  6615 D dalvikvm: GC_CONCURRENT freed 225K, 4% free 9306K/9607K, paused 16ms+3ms
07-07 17:13:04.429  6613  6613 I Finalizer: Couldn't access Thread.inheritableThreadLocals. Reference finalizer threads will inherit thread local values.
07-07 17:13:04.586  6613  6615 D dalvikvm: GC_CONCURRENT freed 355K, 5% free 9441K/9927K, paused 2ms+3ms
07-07 17:13:04.672  6613  6613 W OrcaGuiceModule: Sig: ijxLJi1yGs1JpL-X1SExmchvork
07-07 17:13:04.742  6613  6615 D dalvikvm: GC_CONCURRENT freed 289K, 5% free 9641K/10055K, paused 2ms+4ms
07-07 17:13:05.258  6613  6628 W Resources: Converting to string: TypedValue{t=0x10/d=0xffffffff a=-1}
07-07 17:13:05.347  6613  6615 D dalvikvm: GC_CONCURRENT freed 347K, 5% free 9825K/10247K, paused 2ms+3ms
07-07 17:13:05.398   145  1189 I ActivityManager: START {act=android.intent.action.MAIN cat=[android.intent.category.LAUNCHER] flg=0x10200000 cmp=com.android.vending/.AssetBrowserActivity bnds=[120,556][240,706]} from pid 373
07-07 17:13:05.539   145   145 I ActivityManager: Start proc com.android.vending for activity com.android.vending/.AssetBrowserActivity: pid=6631 uid=10046 gids={3003, 1015}
07-07 17:13:05.574  6613  6613 D ACRA    : Retrieve application default SharedPreferences.
07-07 17:13:05.574  6613  6613 D ACRA    : Set OnSharedPreferenceChangeListener.
07-07 17:13:05.574  6613  6613 D ACRA    : ACRA is enabled for com.facebook.orca, intializing...
07-07 17:13:05.648  6613  6615 D dalvikvm: GC_CONCURRENT freed 288K, 4% free 10073K/10439K, paused 3ms+36ms
07-07 17:13:05.734  6613  6628 D dalvikvm: GC_FOR_ALLOC freed 223K, 6% free 10135K/10695K, paused 62ms
07-07 17:13:05.816  6613  6628 D dalvikvm: GC_FOR_ALLOC freed 133K, 5% free 10238K/10695K, paused 60ms
07-07 17:13:05.816  6613  6613 D ACRA    : Looking for error files in /data/data/com.facebook.orca/app_acra-reports
07-07 17:13:05.890  6631  6631 I ActivityThread: Pub com.google.android.finsky.QSBSuggestionsProvider: com.google.android.finsky.providers.QSBSuggestionsProvider
07-07 17:13:05.918  6631  6631 I ActivityThread: Pub com.google.android.finsky.AppIconProvider: com.google.android.finsky.providers.AppIconProvider
07-07 17:13:05.953  6631  6631 I ActivityThread: Pub com.google.android.finsky.RecentSuggestionsProvider: com.google.android.finsky.providers.RecentSuggestionsProvider
07-07 17:13:05.996   373   373 D OpenGLRenderer: Flushing caches (mode 1)
07-07 17:13:06.004   373   373 D OpenGLRenderer: Flushing caches (mode 0)
07-07 17:13:06.039  6613  6628 D dalvikvm: GC_FOR_ALLOC freed 215K, 6% free 10264K/10823K, paused 26ms
07-07 17:13:06.117   145   161 I Process : Sending signal. PID: 6631 SIG: 3
07-07 17:13:06.121  6631  6634 I dalvikvm: threadid=3: reacting to signal 3
07-07 17:13:06.168  6631  6634 I dalvikvm: Wrote stack traces to '/data/anr/traces.txt'
07-07 17:13:06.179  6631  6632 D dalvikvm: GC_CONCURRENT freed 202K, 3% free 9263K/9543K, paused 3ms+2ms
07-07 17:13:06.226   145   196 D dalvikvm: GC_EXPLICIT freed 779K, 22% free 16522K/20999K, paused 10ms+22ms
07-07 17:13:06.398  6631  6632 D dalvikvm: GC_CONCURRENT freed 387K, 5% free 9401K/9863K, paused 2ms+3ms
07-07 17:13:06.554  6631  6631 D Finsky  : [1] DailyHygiene.goMakeHygieneIfDirty: No need to run daily hygiene.
07-07 17:13:06.613   145   161 I Process : Sending signal. PID: 6631 SIG: 3
07-07 17:13:06.613  6631  6634 I dalvikvm: threadid=3: reacting to signal 3
07-07 17:13:06.633  6631  6634 I dalvikvm: Wrote stack traces to '/data/anr/traces.txt'
07-07 17:13:06.652  6631  6632 D dalvikvm: GC_CONCURRENT freed 434K, 6% free 9463K/9991K, paused 2ms+3ms
07-07 17:13:06.672  6613  6615 D dalvikvm: GC_CONCURRENT freed 384K, 5% free 10428K/10887K, paused 4ms+3ms
07-07 17:13:06.840  6631  6632 D dalvikvm: GC_CONCURRENT freed 371K, 5% free 9604K/10055K, paused 2ms+3ms
07-07 17:13:07.086   145  1187 I ActivityManager: Start proc android.process.media for content provider com.android.providers.downloads/.DownloadProvider: pid=6670 uid=10012 gids={1015, 1023, 1024, 2001, 3003, 3007}
07-07 17:13:07.113   145   161 I Process : Sending signal. PID: 6631 SIG: 3
07-07 17:13:07.113  6631  6634 I dalvikvm: threadid=3: reacting to signal 3
07-07 17:13:07.121  6613  6615 D dalvikvm: GC_CONCURRENT freed 197K, 3% free 10743K/11015K, paused 3ms+26ms
07-07 17:13:07.148  6631  6634 I dalvikvm: Wrote stack traces to '/data/anr/traces.txt'
07-07 17:13:07.164  6670  6670 I ActivityThread: Pub downloads: com.android.providers.downloads.DownloadProvider
07-07 17:13:07.187  6670  6670 I ActivityThread: Pub drm: com.android.providers.drm.DrmProvider
07-07 17:13:07.187  6670  6683 I DownloadManager: in removeSpuriousFiles
07-07 17:13:07.195  6670  6670 I ActivityThread: Pub media: com.android.providers.media.MediaProvider
07-07 17:13:07.265  6670  6683 I DownloadManager: in removeSpuriousFiles, preserving file /data/data/com.android.providers.downloads/cache/metadata.json
07-07 17:13:07.265  6670  6683 I DownloadManager: in removeSpuriousFiles, preserving file /data/data/com.android.providers.downloads/cache/en_general.htm
07-07 17:13:07.265  6670  6683 I DownloadManager: in removeSpuriousFiles, preserving file /mnt/sdcard/Download/img-thing.jpeg
07-07 17:13:07.265  6670  6683 I DownloadManager: in removeSpuriousFiles, preserving file /data/data/com.android.providers.downloads/cache/metadata-1.json
07-07 17:13:07.265  6670  6683 I DownloadManager: in removeSpuriousFiles, preserving file /data/data/com.android.providers.downloads/cache/downloadfile.jpeg
07-07 17:13:07.265  6670  6683 I DownloadManager: in removeSpuriousFiles, preserving file /data/data/com.android.providers.downloads/cache/metadata-2.json
07-07 17:13:07.265  6670  6683 I DownloadManager: in removeSpuriousFiles, preserving file /data/data/com.android.providers.downloads/cache/metadata-3.json
07-07 17:13:07.265  6670  6683 I DownloadManager: in removeSpuriousFiles, preserving file /data/data/com.android.providers.downloads/cache/downloadfile-1.jpeg
07-07 17:13:07.265  6670  6683 I DownloadManager: in removeSpuriousFiles, preserving file /data/data/com.android.providers.downloads/cache/downloadfile-2.jpeg
07-07 17:13:07.265  6670  6683 I DownloadManager: in removeSpuriousFiles, preserving file /data/data/com.android.providers.downloads/cache/metadata-4.json
07-07 17:13:07.269  6670  6683 I DownloadManager: deleting spurious file /cache/backup
07-07 17:13:07.347  6631  6632 D dalvikvm: GC_CONCURRENT freed 284K, 4% free 9806K/10183K, paused 2ms+7ms
07-07 17:13:07.613   145   161 I Process : Sending signal. PID: 6631 SIG: 3
07-07 17:13:07.613  6631  6634 I dalvikvm: threadid=3: reacting to signal 3
07-07 17:13:07.668  6670  6672 D dalvikvm: GC_CONCURRENT freed 366K, 5% free 9166K/9607K, paused 2ms+3ms
07-07 17:13:07.679  6631  6634 I dalvikvm: Wrote stack traces to '/data/anr/traces.txt'
07-07 17:13:07.703  6631  6632 D dalvikvm: GC_CONCURRENT freed 372K, 5% free 9934K/10439K, paused 59ms+3ms
07-07 17:13:07.898  6631  6631 D libEGL  : loaded /system/lib/egl/libGLES_android.so
07-07 17:13:07.910  6631  6631 D libEGL  : loaded /vendor/lib/egl/libEGL_POWERVR_SGX540_120.so
07-07 17:13:07.961  6631  6631 D libEGL  : loaded /vendor/lib/egl/libGLESv1_CM_POWERVR_SGX540_120.so
07-07 17:13:07.968  6631  6631 D libEGL  : loaded /vendor/lib/egl/libGLESv2_POWERVR_SGX540_120.so
07-07 17:13:08.031  6631  6632 D dalvikvm: GC_CONCURRENT freed 397K, 5% free 10062K/10567K, paused 12ms+13ms
07-07 17:13:08.066  6613  6615 D dalvikvm: GC_CONCURRENT freed 367K, 4% free 10957K/11399K, paused 93ms+128ms
07-07 17:13:08.105  6631  6631 D OpenGLRenderer: Enabling debug mode 0
07-07 17:13:08.113   145   161 I Process : Sending signal. PID: 6631 SIG: 3
07-07 17:13:08.113  6631  6634 I dalvikvm: threadid=3: reacting to signal 3
07-07 17:13:08.140  6631  6634 I dalvikvm: Wrote stack traces to '/data/anr/traces.txt'
07-07 17:13:08.148  6631  6631 D Finsky  : [1] 2.run: Loaded library for account: [JtI6dlYpn2C-CMu_fZTfqcPsfoA]
07-07 17:13:08.148  6631  6631 D Finsky  : [1] 2.run: Finished loading 1 libraries.
07-07 17:13:08.152  6631  6631 D Finsky  : [1] DownloadImpl.setState: self-update-download from null to UNQUEUED.
07-07 17:13:08.152  6631  6631 D Finsky  : [1] DownloadQueueImpl.add: Download self-update-download added to DownloadQueue
07-07 17:13:08.156  6631  6631 D Finsky  : [1] DownloadImpl.setState: self-update-download from UNQUEUED to QUEUED.
07-07 17:13:08.175    83    83 I installd: free_cache(0) avail 612233216
07-07 17:13:08.238   145   175 I ActivityManager: Displayed com.android.vending/.AssetBrowserActivity: +2s769ms
07-07 17:13:08.269  6631  6631 D Finsky  : [1] DownloadQueueImpl.startDownload: Download self-update-download starting
07-07 17:13:08.304  6631  6631 D Finsky  : [1] MainActivity.initializeBilling: Optimistically initializing billing parameters.
07-07 17:13:08.332  6631  6631 D Finsky  : [1] DownloadImpl.setState: self-update-download from QUEUED to DOWNLOADING.
07-07 17:13:08.340  6631  6631 D Finsky  : [1] DownloadQueueImpl.notifyProgress: self-update-download: onProgress 0/-1 Status: 190.
07-07 17:13:08.351  6631  6631 D Finsky  : [1] DownloadQueueImpl.onStart: self-update-download: onStart
07-07 17:13:08.367   373   373 D OpenGLRenderer: Flushing caches (mode 1)
07-07 17:13:08.418  6631  6632 D dalvikvm: GC_CONCURRENT freed 349K, 5% free 10146K/10631K, paused 5ms+2ms
07-07 17:13:08.640  6613  6615 D dalvikvm: GC_CONCURRENT freed 297K, 4% free 11347K/11719K, paused 3ms+5ms
07-07 17:13:08.992  6631  6632 D dalvikvm: GC_CONCURRENT freed 185K, 3% free 10484K/10759K, paused 1ms+8ms
07-07 17:13:09.199  6631  6632 D dalvikvm: GC_CONCURRENT freed 166K, 3% free 10832K/11079K, paused 2ms+5ms
07-07 17:13:09.402  6631  6632 D dalvikvm: GC_CONCURRENT freed 276K, 4% free 11165K/11527K, paused 2ms+3ms
07-07 17:13:09.441  6631  6631 D Finsky  : [1] DownloadQueueImpl.notifyProgress: self-update-download: onProgress 0/-1 Status: 192.
07-07 17:13:09.527  6670  6700 I DownloadManager: Initiating request for download 724
07-07 17:13:09.812  6631  6632 D dalvikvm: GC_CONCURRENT freed 840K, 8% free 10968K/11911K, paused 3ms+3ms
07-07 17:13:10.105  6631  6650 D dalvikvm: GC_FOR_ALLOC freed 118K, 7% free 11103K/11911K, paused 29ms
07-07 17:13:10.105  6631  6650 I dalvikvm-heap: Grow heap (frag case) to 10.986MB for 73744-byte allocation
07-07 17:13:10.144  6631  6631 D dalvikvm: GC_FOR_ALLOC freed 47K, 8% free 11127K/12039K, paused 27ms
07-07 17:13:10.390  6631  6632 D dalvikvm: GC_CONCURRENT freed 337K, 5% free 11494K/12039K, paused 3ms+4ms
07-07 17:13:10.593  6670  6672 D dalvikvm: GC_CONCURRENT freed 333K, 5% free 9263K/9735K, paused 2ms+3ms
07-07 17:13:11.472  6670  6700 W DownloadManager: Aborting request for download 724: http error 403, mContinuingDownload: false
07-07 17:13:11.554   145   156 I ActivityManager: Process android.process.acore (pid 6151) has died.
07-07 17:13:11.976   373   373 D OpenGLRenderer: Flushing caches (mode 2)
07-07 17:13:12.031  6631  6631 D Finsky  : [1] DownloadBroadcastReceiver.onReceive: Intent received at DownloadBroadcastReceiver
07-07 17:13:12.125   373   373 D OpenGLRenderer: Flushing caches (mode 0)
07-07 17:13:12.211  6631  6631 D Finsky  : [1] DownloadQueueImpl.notifyProgress: self-update-download: onProgress 0/-1 Status: 403.
07-07 17:13:12.230  6631  6632 D dalvikvm: GC_CONCURRENT freed 681K, 7% free 11556K/12359K, paused 44ms+4ms
07-07 17:13:12.289  6631  6631 D Finsky  : [1] DownloadImpl.setState: self-update-download from DOWNLOADING to ERROR.
07-07 17:13:12.289  6631  6631 D Finsky  : [1] DownloadQueueImpl.onError: self-update-download: onError 403.
07-07 17:13:12.297  6631  6631 D Finsky  : [1] DownloadQueueImpl.remove: Download self-update-download removed from DownloadQueue
07-07 17:13:12.308  6631  6631 E Finsky  : [1] SelfUpdateScheduler.onError: Self-update failed because of HTTP error code: 403
07-07 17:13:12.308    83    83 I installd: free_cache(0) avail 612241408
07-07 17:13:12.754   145   329 W InputManagerService: Window already focused, ignoring focus gain of: com.android.internal.view.IInputMethodClient$Stub$Proxy@41a30208
07-07 17:13:15.328   145  1184 W InputManagerService: Window already focused, ignoring focus gain of: com.android.internal.view.IInputMethodClient$Stub$Proxy@41ba45a0
07-07 17:13:17.468  6631  6632 D dalvikvm: GC_CONCURRENT freed 562K, 6% free 11723K/12423K, paused 14ms+15ms
07-07 17:13:18.472  6631  6631 D Finsky  : [1] GetBillingCountriesAction.run: Skip getting fresh list of billing countries.
07-07 17:13:19.156  6631  6632 D dalvikvm: GC_CONCURRENT freed 785K, 7% free 11875K/12743K, paused 4ms+11ms
07-07 17:13:26.363  6631  6632 D dalvikvm: GC_CONCURRENT freed 1885K, 16% free 10945K/12935K, paused 2ms+6ms
07-07 17:13:26.410  6631  6631 D dalvikvm: GC_FOR_ALLOC freed 33K, 16% free 10916K/12935K, paused 23ms
07-07 17:13:26.414  6631  6631 I dalvikvm-heap: Grow heap (frag case) to 11.107MB for 392720-byte allocation
07-07 17:13:26.468  6631  6653 D dalvikvm: GC_FOR_ALLOC freed 110K, 16% free 11189K/13319K, paused 23ms
07-07 17:13:26.504  6631  6653 D dalvikvm: GC_FOR_ALLOC freed 80K, 16% free 11205K/13319K, paused 22ms
07-07 17:13:26.504  6631  6653 I dalvikvm-heap: Grow heap (frag case) to 11.075MB for 62770-byte allocation
07-07 17:13:26.539  6631  6631 D dalvikvm: GC_FOR_ALLOC freed 32K, 17% free 11234K/13383K, paused 25ms
07-07 17:13:26.597  6631  6653 D dalvikvm: GC_FOR_ALLOC freed 62K, 17% free 11204K/13383K, paused 25ms
07-07 17:13:26.597  6631  6653 I dalvikvm-heap: Grow heap (frag case) to 11.512MB for 522256-byte allocation
07-07 17:13:26.640  6631  6631 D dalvikvm: GC_FOR_ALLOC freed <1K, 16% free 11714K/13895K, paused 25ms
07-07 17:13:26.699  6631  6653 D dalvikvm: GC_FOR_ALLOC freed 29K, 15% free 11824K/13895K, paused 24ms
07-07 17:13:26.699  6631  6653 I dalvikvm-heap: Grow heap (frag case) to 11.864MB for 256016-byte allocation
07-07 17:13:26.738  6631  6631 D dalvikvm: GC_FOR_ALLOC freed <1K, 15% free 12074K/14151K, paused 23ms
07-07 17:13:26.789  6631  6653 D dalvikvm: GC_FOR_ALLOC freed 57K, 15% free 12158K/14151K, paused 22ms
07-07 17:13:26.789  6631  6653 I dalvikvm-heap: Grow heap (frag case) to 12.002MB for 59322-byte allocation
07-07 17:13:26.820  6631  6631 D dalvikvm: GC_FOR_ALLOC freed 1K, 15% free 12215K/14215K, paused 22ms
07-07 17:13:26.855  6631  6653 D dalvikvm: GC_FOR_ALLOC freed 64K, 15% free 12151K/14215K, paused 21ms
07-07 17:13:26.855  6631  6653 I dalvikvm-heap: Grow heap (frag case) to 12.367MB for 449296-byte allocation
07-07 17:13:26.894  6631  6631 D dalvikvm: GC_FOR_ALLOC freed <1K, 15% free 12589K/14663K, paused 22ms
07-07 17:13:26.949  6631  6653 D dalvikvm: GC_FOR_ALLOC freed 60K, 14% free 12648K/14663K, paused 22ms
07-07 17:13:26.949  6631  6653 I dalvikvm-heap: Grow heap (frag case) to 12.922MB for 522256-byte allocation
07-07 17:13:26.988  6631  6631 D dalvikvm: GC_FOR_ALLOC freed <1K, 14% free 13158K/15175K, paused 22ms
07-07 17:13:27.043  6631  6653 D dalvikvm: GC_FOR_ALLOC freed 131K, 14% free 13201K/15175K, paused 22ms
07-07 17:13:27.043  6631  6653 I dalvikvm-heap: Grow heap (frag case) to 13.462MB for 522256-byte allocation
07-07 17:13:27.082  6631  6631 D dalvikvm: GC_FOR_ALLOC freed <1K, 13% free 13711K/15687K, paused 24ms
07-07 17:13:27.136  6631  6653 D dalvikvm: GC_FOR_ALLOC freed 32K, 13% free 13739K/15687K, paused 23ms
07-07 17:13:27.136  6631  6653 I dalvikvm-heap: Grow heap (frag case) to 13.614MB for 130576-byte allocation
07-07 17:13:27.172  6631  6631 D dalvikvm: GC_FOR_ALLOC freed <1K, 13% free 13866K/15815K, paused 23ms
07-07 17:13:27.211  6631  6653 D dalvikvm: GC_FOR_ALLOC freed 27K, 13% free 13879K/15815K, paused 22ms
07-07 17:13:27.211  6631  6653 I dalvikvm-heap: Grow heap (frag case) to 13.733MB for 112336-byte allocation
07-07 17:13:27.246  6631  6631 D dalvikvm: GC_FOR_ALLOC freed <1K, 13% free 13988K/15943K, paused 23ms
07-07 17:13:27.293  6631  6653 D dalvikvm: GC_FOR_ALLOC freed 27K, 13% free 13998K/15943K, paused 27ms
07-07 17:13:27.293  6631  6653 I dalvikvm-heap: Grow heap (frag case) to 13.867MB for 130576-byte allocation
07-07 17:13:27.328  6631  6631 D dalvikvm: GC_FOR_ALLOC freed <1K, 13% free 14126K/16071K, paused 23ms
07-07 17:13:27.593  6631  6631 D dalvikvm: GC_FOR_ALLOC freed 293K, 14% free 13937K/16071K, paused 57ms
07-07 17:13:27.629  5452  5452 D OpenGLRenderer: Flushing caches (mode 2)
07-07 17:13:27.828  6631  6631 D OpenGLRenderer: Flushing caches (mode 0)
07-07 17:13:27.910   145  1188 I ActivityManager: Process com.chess (pid 5763) has died.
07-07 17:13:27.972  6631  6631 D OpenGLRenderer: Flushing caches (mode 1)
07-07 17:13:28.965   145   329 I ActivityManager: START {act=android.intent.action.MAIN cat=[android.intent.category.LAUNCHER] flg=0x10000000 pkg=com.whatsapp cmp=com.whatsapp/.Main bnds=[360,405][480,555]} from pid 373
07-07 17:13:29.230  6631  6631 D OpenGLRenderer: Flushing caches (mode 1)
07-07 17:13:29.265   373   373 D OpenGLRenderer: Flushing caches (mode 1)
07-07 17:13:29.304   373   373 D OpenGLRenderer: Flushing caches (mode 0)
07-07 17:13:29.496   145   157 I ActivityManager: START {cmp=com.whatsapp/.Conversations} from pid 5140
07-07 17:13:29.793  5140  5143 D dalvikvm: GC_CONCURRENT freed 211K, 5% free 10057K/10567K, paused 10ms+4ms
07-07 17:13:29.816  5140  5140 D dalvikvm: GC_FOR_ALLOC freed 13K, 5% free 10043K/10567K, paused 22ms
07-07 17:13:29.816  5140  5140 I dalvikvm-heap: Grow heap (frag case) to 10.068MB for 196256-byte allocation
07-07 17:13:29.847  5140  5140 D dalvikvm: GC_FOR_ALLOC freed 0K, 5% free 10235K/10759K, paused 18ms
07-07 17:13:29.879  5140  5140 D dalvikvm: GC_FOR_ALLOC freed 3K, 5% free 10243K/10759K, paused 19ms
07-07 17:13:29.879  5140  5140 I dalvikvm-heap: Grow heap (frag case) to 10.223MB for 155248-byte allocation
07-07 17:13:29.902  5140  5140 D dalvikvm: GC_FOR_ALLOC freed <1K, 6% free 10394K/10951K, paused 19ms
07-07 17:13:30.015   145   161 I Process : Sending signal. PID: 5140 SIG: 3
07-07 17:13:30.015  5140  5145 I dalvikvm: threadid=3: reacting to signal 3
07-07 17:13:30.105  5140  5145 I dalvikvm: Wrote stack traces to '/data/anr/traces.txt'
07-07 17:13:30.164   215   215 V PhoneStatusBar: setLightsOn(true)
07-07 17:13:30.375   145   384 I ActivityManager: Start proc android.process.acore for content provider com.android.providers.contacts/.ContactsProvider2: pid=6711 uid=10000 gids={3003, 1015}
07-07 17:13:30.472  6711  6711 I ActivityThread: Pub call_log: com.android.providers.contacts.CallLogProvider
07-07 17:13:30.511   145   161 I Process : Sending signal. PID: 5140 SIG: 3
07-07 17:13:30.511  5140  5145 I dalvikvm: threadid=3: reacting to signal 3
07-07 17:13:30.535  6711  6711 I ActivityThread: Pub com.android.voicemail: com.android.providers.contacts.VoicemailContentProvider
07-07 17:13:30.547  6711  6711 I ActivityThread: Pub user_dictionary: com.android.providers.userdictionary.UserDictionaryProvider
07-07 17:13:30.558  5140  5145 I dalvikvm: Wrote stack traces to '/data/anr/traces.txt'
07-07 17:13:30.605  6711  6711 I ActivityThread: Pub com.android.social: com.android.providers.contacts.SocialProvider
07-07 17:13:30.605  6711  6711 I ActivityThread: Pub applications: com.android.providers.applications.ApplicationsProvider
07-07 17:13:30.730   323   325 D dalvikvm: GC_CONCURRENT freed 499K, 22% free 10041K/12807K, paused 2ms+10ms
07-07 17:13:30.785   145   175 I ActivityManager: Displayed com.whatsapp/.Conversations: +1s275ms (total +1s609ms)
07-07 17:13:30.800   373   373 D OpenGLRenderer: Flushing caches (mode 1)
07-07 17:13:30.840  6711  6711 I ActivityThread: Pub contacts;com.android.contacts: com.android.providers.contacts.ContactsProvider2
07-07 17:13:30.855  6711  6712 D dalvikvm: GC_CONCURRENT freed 359K, 5% free 9173K/9607K, paused 62ms+3ms
07-07 17:13:31.136  6711  6712 D dalvikvm: GC_CONCURRENT freed 238K, 4% free 9362K/9735K, paused 6ms+2ms
07-07 17:13:31.195  6631  6631 D OpenGLRenderer: Flushing caches (mode 1)
07-07 17:13:31.195   373   373 D OpenGLRenderer: Flushing caches (mode 1)
07-07 17:13:31.636   373   373 D OpenGLRenderer: Flushing caches (mode 1)
07-07 17:13:31.636  6631  6631 D OpenGLRenderer: Flushing caches (mode 1)
07-07 17:13:31.668   373   373 D OpenGLRenderer: Flushing caches (mode 1)
07-07 17:13:31.668  6631  6631 D OpenGLRenderer: Flushing caches (mode 1)
07-07 17:13:31.722  5140  6710 D dalvikvm: GC_FOR_ALLOC freed 108K, 4% free 10635K/11015K, paused 22ms
07-07 17:13:31.758   373   373 D OpenGLRenderer: Flushing caches (mode 1)
07-07 17:13:31.758  6631  6631 D OpenGLRenderer: Flushing caches (mode 1)
07-07 17:13:32.152   373   373 D OpenGLRenderer: Flushing caches (mode 1)
07-07 17:13:32.152  6631  6631 D OpenGLRenderer: Flushing caches (mode 1)
07-07 17:13:32.195   373   373 D OpenGLRenderer: Flushing caches (mode 1)
07-07 17:13:32.195  6631  6631 D OpenGLRenderer: Flushing caches (mode 1)
07-07 17:13:32.234   373   373 D OpenGLRenderer: Flushing caches (mode 1)
07-07 17:13:32.234  6631  6631 D OpenGLRenderer: Flushing caches (mode 1)
07-07 17:13:32.269  6711  6712 D dalvikvm: GC_CONCURRENT freed 173K, 4% free 9616K/9927K, paused 2ms+2ms
07-07 17:13:32.304  6631  6631 D OpenGLRenderer: Flushing caches (mode 1)
07-07 17:13:32.304   373   373 D OpenGLRenderer: Flushing caches (mode 1)
07-07 17:13:32.336   373   373 D OpenGLRenderer: Flushing caches (mode 1)
07-07 17:13:32.336  6631  6631 D OpenGLRenderer: Flushing caches (mode 1)
07-07 17:13:32.394   373   373 D OpenGLRenderer: Flushing caches (mode 1)
07-07 17:13:32.394  6631  6631 D OpenGLRenderer: Flushing caches (mode 1)
07-07 17:13:32.425   373   373 D OpenGLRenderer: Flushing caches (mode 1)
07-07 17:13:32.425  6631  6631 D OpenGLRenderer: Flushing caches (mode 1)
07-07 17:13:32.468   373   373 D OpenGLRenderer: Flushing caches (mode 1)
07-07 17:13:32.472  6631  6631 D OpenGLRenderer: Flushing caches (mode 1)
07-07 17:13:32.504   373   373 D OpenGLRenderer: Flushing caches (mode 1)
07-07 17:13:32.504  6631  6631 D OpenGLRenderer: Flushing caches (mode 1)
07-07 17:13:32.550   373   373 D OpenGLRenderer: Flushing caches (mode 1)
07-07 17:13:32.554  6631  6631 D OpenGLRenderer: Flushing caches (mode 1)
07-07 17:13:32.582   373   373 D OpenGLRenderer: Flushing caches (mode 1)
07-07 17:13:32.582  6631  6631 D OpenGLRenderer: Flushing caches (mode 1)
07-07 17:13:32.656   145   314 I ActivityManager: START {flg=0x14000000 cmp=com.whatsapp/.Conversation (has extras)} from pid 5140
07-07 17:13:32.828  5140  5143 D dalvikvm: GC_CONCURRENT freed 336K, 4% free 10837K/11271K, paused 3ms+4ms
07-07 17:13:32.918  5140  5143 D dalvikvm: GC_CONCURRENT freed 22K, 2% free 11315K/11527K, paused 3ms+3ms
07-07 17:13:32.922  5140  5140 D skia    : --- SkImageDecoder::Factory returned null
07-07 17:13:33.144  6631  6631 D OpenGLRenderer: Flushing caches (mode 1)
07-07 17:13:33.148   373   373 D OpenGLRenderer: Flushing caches (mode 1)
07-07 17:13:33.195   145   161 I Process : Sending signal. PID: 5140 SIG: 3
07-07 17:13:33.195  5140  5145 I dalvikvm: threadid=3: reacting to signal 3
07-07 17:13:33.222  5140  5145 I dalvikvm: Wrote stack traces to '/data/anr/traces.txt'
07-07 17:13:33.398   215   215 V PhoneStatusBar: setLightsOn(true)
07-07 17:13:33.617  5140  5140 D dalvikvm: GC_EXPLICIT freed 208K, 3% free 11378K/11719K, paused 10ms+12ms
07-07 17:13:33.695   145   161 I Process : Sending signal. PID: 5140 SIG: 3
