07-09 06:53:48.105 28077 28080 D dalvikvm: GC_CONCURRENT freed 641K, 9% free 11451K/12487K, paused 35ms+9ms
07-09 06:53:48.707 28077 28080 D dalvikvm: GC_CONCURRENT freed 749K, 9% free 11396K/12487K, paused 2ms+9ms
07-09 06:53:49.719 28142 28149 I dalvikvm: Total arena pages for JIT: 18
07-09 06:53:49.918 28142 28144 D dalvikvm: GC_CONCURRENT freed 427K, 5% free 10000K/10503K, paused 2ms+14ms
07-09 06:53:52.679 28077 28080 D dalvikvm: GC_CONCURRENT freed 656K, 9% free 11410K/12487K, paused 2ms+3ms
07-09 06:53:53.117 28077 28080 D dalvikvm: GC_CONCURRENT freed 632K, 9% free 11450K/12487K, paused 2ms+3ms
07-09 06:53:54.117 27212 27212 D dalvikvm: GC_EXPLICIT freed 444K, 7% free 10390K/11143K, paused 2ms+34ms
07-09 06:53:55.004 28077 28080 D dalvikvm: GC_CONCURRENT freed 793K, 9% free 11387K/12487K, paused 2ms+2ms
07-09 06:53:55.926 28077 28080 D dalvikvm: GC_CONCURRENT freed 701K, 9% free 11370K/12487K, paused 2ms+2ms
07-09 06:53:56.715 28077 28080 D dalvikvm: GC_CONCURRENT freed 665K, 9% free 11364K/12487K, paused 6ms+2ms
07-09 06:53:57.527 28077 28080 D dalvikvm: GC_CONCURRENT freed 589K, 9% free 11444K/12487K, paused 2ms+3ms
07-09 06:53:58.012 28077 28080 D dalvikvm: GC_CONCURRENT freed 497K, 7% free 11630K/12487K, paused 35ms+2ms
07-09 06:53:58.527 28077 28080 D dalvikvm: GC_CONCURRENT freed 653K, 6% free 11811K/12551K, paused 2ms+3ms
07-09 06:53:59.320 28077 28080 D dalvikvm: GC_CONCURRENT freed 1192K, 11% free 11484K/12807K, paused 2ms+2ms
07-09 06:53:59.941 28077 28080 D dalvikvm: GC_CONCURRENT freed 887K, 12% free 11325K/12807K, paused 7ms+2ms
07-09 06:54:03.758 28077 28100 I SyncService: sync service finished (06:54:03)
07-09 06:54:04.144   143   169 D dalvikvm: GC_EXPLICIT freed 526K, 17% free 17663K/21127K, paused 3ms+8ms
07-09 06:54:04.832 28245 28247 D dalvikvm: GC_CONCURRENT freed 173K, 4% free 9494K/9799K, paused 36ms+2ms
07-09 06:54:05.367 28245 28247 D dalvikvm: GC_CONCURRENT freed 300K, 5% free 9627K/10055K, paused 7ms+1ms
07-09 06:54:05.738 28245 28247 D dalvikvm: GC_CONCURRENT freed 304K, 5% free 9758K/10183K, paused 29ms+1ms
07-09 06:54:06.179 28245 28247 D dalvikvm: GC_CONCURRENT freed 304K, 5% free 9882K/10311K, paused 13ms+28ms
07-09 06:54:06.605 28245 28247 D dalvikvm: GC_CONCURRENT freed 301K, 5% free 10011K/10439K, paused 1ms+1ms
07-09 06:54:06.969 28245 28247 D dalvikvm: GC_CONCURRENT freed 312K, 4% free 10148K/10567K, paused 9ms+29ms
07-09 06:54:07.722 28245 28247 D dalvikvm: GC_CONCURRENT freed 307K, 4% free 10281K/10695K, paused 10ms+2ms
07-09 06:54:08.304 28245 28247 D dalvikvm: GC_CONCURRENT freed 488K, 6% free 10223K/10823K, paused 2ms+19ms
07-09 06:54:08.707 28245 28247 D dalvikvm: GC_CONCURRENT freed 330K, 5% free 10300K/10823K, paused 15ms+2ms
07-09 06:54:09.144 28245 28247 D dalvikvm: GC_CONCURRENT freed 312K, 5% free 10387K/10823K, paused 5ms+2ms
07-09 06:54:09.601 28245 28247 D dalvikvm: GC_CONCURRENT freed 358K, 5% free 10471K/10951K, paused 6ms+11ms
07-09 06:54:09.984 28245 28247 D dalvikvm: GC_CONCURRENT freed 338K, 5% free 10553K/11015K, paused 16ms+10ms
07-09 06:54:10.406 28245 28247 D dalvikvm: GC_CONCURRENT freed 333K, 5% free 10634K/11079K, paused 9ms+1ms
07-09 06:54:10.808 28245 28247 D dalvikvm: GC_CONCURRENT freed 373K, 5% free 10722K/11207K, paused 9ms+2ms
07-09 06:54:11.250 28245 28247 D dalvikvm: GC_CONCURRENT freed 394K, 5% free 10818K/11335K, paused 1ms+2ms
07-09 06:54:13.527 28245 28247 D dalvikvm: GC_CONCURRENT freed 343K, 5% free 11002K/11463K, paused 2ms+3ms
07-09 06:54:16.711 28245 28247 D dalvikvm: GC_CONCURRENT freed 447K, 5% free 11141K/11719K, paused 28ms+35ms
07-09 06:55:38.570   143   200 D DhcpInfoInternal: makeLinkProperties with empty dns2!
07-09 06:55:38.570   143   200 D DhcpInfoInternal: makeLinkProperties with empty dns2!
07-09 06:55:49.324 27212 27214 D dalvikvm: GC_CONCURRENT freed 500K, 7% free 10401K/11143K, paused 2ms+94ms
07-09 06:55:49.476 28142 28144 D dalvikvm: GC_CONCURRENT freed 593K, 7% free 9963K/10631K, paused 2ms+2ms
07-09 06:56:06.730   143   160 I ActivityManager: Start proc edu.buffalo.cse.phonelab.phonelabservices for service edu.buffalo.cse.phonelab.phonelabservices/edu.buffalo.cse.phonelab.datalogger.LoggerService: pid=28291 uid=10037 gids={3003, 1015, 1007, 2001}
07-09 06:56:06.797 28291 28291 I PhoneLab-LoggerService: Start Logger Service
07-09 06:56:06.812 28291 28304 I PhoneLab-: Service Running
07-09 06:56:07.125 28291 28304 I PhoneLab-LoggerService: app_37    1296  1     1436   1000  c00f181c 400107b4 S logcat
07-09 06:56:07.125 28291 28304 I PhoneLab-LoggerService: Logcat pid from database 1296
07-09 06:56:07.125 28291 28304 I PhoneLab-LoggerService: Logcat process found 1296
07-09 06:56:07.125 28291 28304 I PhoneLab-LoggerService: Checking Threshold
07-09 06:56:07.125 28291 28304 I PhoneLab-LoggerService: Starting to rename files
07-09 06:56:07.129 28291 28304 I PhoneLab-LoggerService: Files found .. 2
07-09 06:56:07.129 28291 28304 I PhoneLab-LoggerService: File 1 log.out.1
07-09 06:56:07.144 28291 28304 I PhoneLab-LoggerService: Renamed successfully
07-09 06:56:34.621   143   400 W ActivityManager: finishReceiver called but no pending broadcasts
07-09 06:56:34.910 27212 27214 D dalvikvm: GC_CONCURRENT freed 390K, 6% free 10522K/11143K, paused 2ms+3ms
07-09 06:56:49.824 28142 28144 D dalvikvm: GC_CONCURRENT freed 419K, 6% free 9995K/10631K, paused 2ms+3ms
07-09 06:56:50.508 28142 28144 D dalvikvm: GC_CONCURRENT freed 204K, 5% free 10179K/10631K, paused 7ms+2ms
07-09 06:56:52.707 28142 28144 D dalvikvm: GC_CONCURRENT freed 336K, 4% free 10331K/10759K, paused 2ms+2ms
07-09 06:57:27.363 25624 25626 D dalvikvm: GC_CONCURRENT freed 1116K, 20% free 12761K/15879K, paused 6ms+15ms
07-09 06:57:49.222 27212 27214 D dalvikvm: GC_CONCURRENT freed 633K, 7% free 10401K/11143K, paused 17ms+4ms
07-09 06:57:49.379   143   160 I ActivityManager: Start proc com.google.android.apps.googlevoice for service com.google.android.apps.googlevoice/.UpdateService: pid=28317 uid=10054 gids={3003, 1015}
07-09 06:57:49.812 28317 28319 D dalvikvm: GC_CONCURRENT freed 236K, 4% free 9299K/9607K, paused 13ms+2ms
07-09 06:57:50.293   143 10999 D CountryDetector: The first listener is added
07-09 06:57:50.394 28317 28319 D dalvikvm: GC_CONCURRENT freed 402K, 6% free 9418K/9927K, paused 2ms+2ms
07-09 06:57:50.394 28317 28326 W CursorWrapperInner: Cursor finalized without prior close()
07-09 06:57:50.394 28317 28326 W CursorWrapperInner: Cursor finalized without prior close()
07-09 06:57:50.394 28317 28326 W CursorWrapperInner: Cursor finalized without prior close()
07-09 06:57:50.504 28129 28131 D dalvikvm: GC_CONCURRENT freed 545K, 7% free 9628K/10247K, paused 2ms+3ms
07-09 06:57:51.414 28317 28319 D dalvikvm: GC_CONCURRENT freed 368K, 5% free 9613K/10055K, paused 2ms+2ms
07-09 06:57:52.320 28129 28131 D dalvikvm: GC_CONCURRENT freed 278K, 5% free 9760K/10247K, paused 24ms+7ms
07-09 06:57:52.355 28317 28341 D dalvikvm: GC_FOR_ALLOC freed 162K, 5% free 9739K/10247K, paused 197ms
07-09 06:58:03.410   143   200 D DhcpInfoInternal: makeLinkProperties with empty dns2!
07-09 06:58:03.410   143   200 D DhcpInfoInternal: makeLinkProperties with empty dns2!
07-09 06:58:06.812 28291 28304 I PhoneLab-: Service Running
07-09 06:58:06.914 28291 28304 I PhoneLab-LoggerService: app_37    1296  1     1436   1000  c00f181c 400107b4 S logcat
07-09 06:58:06.914 28291 28304 I PhoneLab-LoggerService: Logcat pid from database 1296
07-09 06:58:06.914 28291 28304 I PhoneLab-LoggerService: Logcat process found 1296
07-09 06:58:06.914 28291 28304 I PhoneLab-LoggerService: Checking Threshold
07-09 06:58:06.918 28291 28304 I PhoneLab-LoggerService: Starting to rename files
07-09 06:58:06.918 28291 28304 I PhoneLab-LoggerService: Files found .. 2
07-09 06:58:49.055   143   400 D dalvikvm: GC_EXPLICIT freed 615K, 17% free 17701K/21127K, paused 3ms+12ms
07-09 06:58:49.515 28142 28144 D dalvikvm: GC_CONCURRENT freed 752K, 8% free 10105K/10951K, paused 2ms+2ms
07-09 06:59:17.664 27077 28369 I EventLogService: Aggregate from 1341829757550 (log), 1341829757550 (data)
07-09 06:59:18.211 27077 27080 D dalvikvm: GC_CONCURRENT freed 210K, 5% free 9964K/10439K, paused 2ms+5ms
07-09 06:59:19.820 28245 28247 D dalvikvm: GC_CONCURRENT freed 513K, 5% free 11319K/11911K, paused 2ms+10ms
07-09 06:59:38.586   143 18119 W ActivityManager: finishReceiver called but no pending broadcasts
07-09 06:59:38.828 27212 27214 D dalvikvm: GC_CONCURRENT freed 390K, 6% free 10522K/11143K, paused 17ms+3ms
07-09 06:59:42.094   143   177 I power   : *** set_screen_state 1
07-09 06:59:42.215   143   177 I WindowManager: Lock screen displayed!
07-09 06:59:42.308    78   121 D SurfaceFlinger: Screen about to return, flinger = 0x1ddb918
07-09 06:59:42.492 27077 27094 D androidNetworkLocationListeners: Still have listener com.google.android.location.internal.client.NetworkLocationClient$1@41387b28
07-09 06:59:42.644 27077 27094 D androidNetworkLocationListeners: Still have listener com.google.android.location.internal.client.NetworkLocationClient$1@41387b28
07-09 06:59:42.972   143   159 I Process : Sending signal. PID: 25624 SIG: 3
07-09 06:59:42.972 25624 25629 I dalvikvm: threadid=3: reacting to signal 3
07-09 06:59:43.117 25624 25629 I dalvikvm: Wrote stack traces to '/data/anr/traces.txt'
07-09 06:59:43.648   221   223 D dalvikvm: GC_CONCURRENT freed 238K, 31% free 9909K/14215K, paused 3ms+6ms
07-09 06:59:43.851   221   223 D dalvikvm: GC_CONCURRENT freed 407K, 31% free 9916K/14215K, paused 3ms+9ms
07-09 06:59:43.984   143   173 I power   : *** set_screen_state 0
07-09 06:59:44.055    78   121 D SurfaceFlinger: About to give-up screen, flinger = 0x1ddb918
07-09 06:59:44.180   143   177 V TransportControlView: Create TCV com.android.internal.widget.TransportControlView@4187f870
07-09 06:59:44.375   143   177 I power   : *** set_screen_state 1
07-09 06:59:44.531   143   177 I WindowManager: Lock screen displayed!
07-09 06:59:44.578 27212 27214 D dalvikvm: GC_CONCURRENT freed 516K, 7% free 10395K/11143K, paused 2ms+4ms
07-09 06:59:44.637    78   121 D SurfaceFlinger: Screen about to return, flinger = 0x1ddb918
07-09 06:59:45.765   143   173 I power   : *** set_screen_state 0
07-09 06:59:45.808    78   121 D SurfaceFlinger: About to give-up screen, flinger = 0x1ddb918
07-09 06:59:45.855   143   177 V TransportControlView: Create TCV com.android.internal.widget.TransportControlView@41a2cca8
07-09 06:59:46.726 25624 25626 D dalvikvm: GC_CONCURRENT freed 1087K, 20% free 12810K/15879K, paused 2ms+13ms
07-09 06:59:50.816 27077 27094 D androidNetworkLocationListeners: Still have listener com.google.android.location.internal.client.NetworkLocationClient$1@41387b28
07-09 06:59:50.820 27077 27094 D androidNetworkLocationListeners: Still have listener com.google.android.location.internal.client.NetworkLocationClient$1@41387b28
07-09 06:59:50.828 27077 27094 D androidNetworkLocationListeners: Still have listener com.google.android.location.internal.client.NetworkLocationClient$1@41387b28
07-09 06:59:51.031 27077 27094 D androidNetworkLocationListeners: Still have listener com.google.android.location.internal.client.NetworkLocationClient$1@41387b28
07-09 06:59:51.199 28142 28144 D dalvikvm: GC_CONCURRENT freed 488K, 8% free 10116K/10951K, paused 73ms+4ms
07-09 06:59:51.316   221   221 D dalvikvm: GC_FOR_ALLOC freed 561K, 32% free 9731K/14215K, paused 17ms
07-09 06:59:51.387   221   223 D dalvikvm: GC_CONCURRENT freed 449K, 32% free 9728K/14215K, paused 1ms+5ms
07-09 06:59:51.832   143 24239 W ActivityManager: finishReceiver called but no pending broadcasts
07-09 06:59:51.918 27212 27214 D dalvikvm: GC_CONCURRENT freed 362K, 6% free 10543K/11143K, paused 2ms+3ms
07-09 06:59:52.129 27077 27080 D dalvikvm: GC_CONCURRENT freed 577K, 7% free 9917K/10567K, paused 2ms+3ms
07-09 07:00:06.816 28291 28304 I PhoneLab-: Service Running
07-09 07:00:06.906 28291 28304 I PhoneLab-LoggerService: app_37    1296  1     1436   1000  c00f181c 400107b4 S logcat
07-09 07:00:06.906 28291 28304 I PhoneLab-LoggerService: Logcat pid from database 1296
07-09 07:00:06.906 28291 28304 I PhoneLab-LoggerService: Logcat process found 1296
07-09 07:00:06.906 28291 28304 I PhoneLab-LoggerService: Checking Threshold
07-09 07:00:06.906 28291 28304 I PhoneLab-LoggerService: Starting to rename files
07-09 07:00:06.906 28291 28304 I PhoneLab-LoggerService: Files found .. 2
07-09 07:00:28.277   143   200 D DhcpInfoInternal: makeLinkProperties with empty dns2!
07-09 07:00:28.281   143   200 D DhcpInfoInternal: makeLinkProperties with empty dns2!
07-09 07:00:48.965 27212 27214 D dalvikvm: GC_CONCURRENT freed 653K, 7% free 10402K/11143K, paused 2ms+2ms
07-09 07:00:49.121 28142 28144 D dalvikvm: GC_CONCURRENT freed 468K, 8% free 10109K/10951K, paused 1ms+3ms
07-09 07:00:49.840   143   145 D dalvikvm: GC_CONCURRENT freed 1743K, 16% free 17889K/21127K, paused 3ms+7ms
07-09 07:01:10.871   143   177 I power   : *** set_screen_state 1
07-09 07:01:10.972   143   177 I WindowManager: Lock screen displayed!
07-09 07:01:11.074    78   121 D SurfaceFlinger: Screen about to return, flinger = 0x1ddb918
07-09 07:01:11.949   221   221 D PhoneStatusBar: disable: < expand icons alerts ticker system_info BACK HOME recent* CLOCK >
07-09 07:01:11.984   221   221 D PhoneStatusBar: disable: < expand icons alerts ticker system_info back* home* recent clock* >
07-09 07:01:12.004   221   221 V PhoneStatusBar: setLightsOn(true)
07-09 07:01:12.023   143   387 W InputManagerService: Window already focused, ignoring focus gain of: com.android.internal.view.IInputMethodClient$Stub$Proxy@41858580
07-09 07:01:12.531 27077 27080 D dalvikvm: GC_CONCURRENT freed 308K, 6% free 9998K/10567K, paused 3ms+3ms
07-09 07:01:13.109 28129 28131 D dalvikvm: GC_CONCURRENT freed 364K, 5% free 9816K/10311K, paused 21ms+3ms
07-09 07:01:13.230 28129 28333 D dalvikvm: GC_EXPLICIT freed 191K, 6% free 9713K/10311K, paused 2ms+3ms
07-09 07:01:13.254   143   181 I ActivityManager: START {act=android.intent.action.MAIN cat=[android.intent.category.HOME] flg=0x10200000 cmp=com.android.launcher/com.android.launcher2.Launcher} from pid 143
07-09 07:01:13.687 25624 25624 D OpenGLRenderer: Flushing caches (mode 0)
07-09 07:01:13.750   143 18119 W InputManagerService: Starting input on non-focused client com.android.internal.view.IInputMethodClient$Stub$Proxy@41602aa0 (uid=10071 pid=25624)
07-09 07:01:13.777 25624 25624 D OpenGLRenderer: Flushing caches (mode 1)
07-09 07:01:13.793 25624 25624 D OpenGLRenderer: Flushing caches (mode 2)
07-09 07:01:13.797 25624 25624 D OpenGLRenderer: Flushing caches (mode 0)
07-09 07:01:13.812 25624 25624 W ManagedEGLContext: doTerminate failed: EGL count is 2 but managed count is 1
07-09 07:01:13.941 25624 25626 D dalvikvm: GC_CONCURRENT freed 1204K, 20% free 12743K/15879K, paused 4ms+7ms
07-09 07:01:15.031   143   387 D dalvikvm: GC_EXPLICIT freed 601K, 17% free 17668K/21127K, paused 3ms+8ms
07-09 07:01:20.605   143   155 I ActivityManager: START {act=android.intent.action.MAIN cat=[android.intent.category.LAUNCHER] flg=0x10200000 cmp=com.google.android.apps.googlevoice/.SplashActivity bnds=[360,556][480,706]} from pid 24357
07-09 07:01:20.765   143   176 I ActivityManager: Displayed com.google.android.apps.googlevoice/.SplashActivity: +124ms
07-09 07:01:20.793   143   143 I ActivityManager: Start proc com.google.android.gsf.login for service com.google.android.gsf.login/com.google.android.gsf.loginservice.GoogleLoginService: pid=28423 uid=10009 gids={3003, 1015, 1007, 2001, 3006}
07-09 07:01:21.363   143   403 I ActivityManager: START {cmp=com.google.android.apps.googlevoice/.activity.conversationlist.ConversationListActivity (has extras)} from pid 28317
07-09 07:01:21.547 28317 28336 I System.out: [INFO:211401]: LogSource: Running flush
07-09 07:01:21.570 28317 28338 I System.out: [INFO:211423]: LogSource: Sending payload [bytes=409]
07-09 07:01:21.621 28317 28336 I System.out: [INFO:211475]: LogSource: Running flush
07-09 07:01:21.625 28317 28339 I System.out: [INFO:211480]: LogSource: Sending payload [bytes=408]
07-09 07:01:21.664 24357 24357 D OpenGLRenderer: Flushing caches (mode 2)
07-09 07:01:21.683 28317 28319 D dalvikvm: GC_CONCURRENT freed 328K, 4% free 9962K/10375K, paused 6ms+12ms
07-09 07:01:21.722 24357 24357 D OpenGLRenderer: Flushing caches (mode 0)
07-09 07:01:21.765 28317 28336 I System.out: [INFO:211618]: LogSource: Running flush
07-09 07:01:21.773 28317 28337 I System.out: [INFO:211627]: LogSource: Sending payload [bytes=483]
07-09 07:01:22.047 28317 28319 D dalvikvm: GC_CONCURRENT freed 325K, 4% free 10170K/10567K, paused 4ms+3ms
07-09 07:01:22.086   143   159 I Process : Sending signal. PID: 28317 SIG: 3
07-09 07:01:22.086 28317 28321 I dalvikvm: threadid=3: reacting to signal 3
07-09 07:01:22.133 28317 28321 I dalvikvm: Wrote stack traces to '/data/anr/traces.txt'
07-09 07:01:22.305 28129 28131 D dalvikvm: GC_CONCURRENT freed 345K, 6% free 9781K/10311K, paused 1ms+6ms
07-09 07:01:22.441 28317 28339 I System.out: [INFO:212294]: LogSource: Response [http=200,length=321]
07-09 07:01:22.441 28317 28336 I System.out: [INFO:212295]: LogSource: Read id 2, status code 200
07-09 07:01:22.441 28317 28338 I System.out: [INFO:212296]: LogSource: Response [http=200,length=254]
07-09 07:01:22.472 28317 28336 I System.out: [INFO:212326]: LogSource: Read id 1, status code 200
07-09 07:01:22.508 28317 28319 D dalvikvm: GC_CONCURRENT freed 213K, 3% free 10474K/10759K, paused 6ms+4ms
07-09 07:01:22.594   143   159 I Process : Sending signal. PID: 28317 SIG: 3
07-09 07:01:22.597 28317 28321 I dalvikvm: threadid=3: reacting to signal 3
07-09 07:01:22.625 28317 28337 I System.out: [INFO:212480]: LogSource: Response [http=200,length=288]
07-09 07:01:22.625 28317 28336 I System.out: [INFO:212480]: LogSource: Read id 4, status code 200
07-09 07:01:22.629 28317 28336 I System.out: [INFO:212482]: LogSource: Read id 5, status code 200
07-09 07:01:22.629 28317 28336 I System.out: [INFO:212482]: LogSource: Read id 3, status code 200
07-09 07:01:22.640 28317 28321 I dalvikvm: Wrote stack traces to '/data/anr/traces.txt'
07-09 07:01:23.051   143   176 I ActivityManager: Displayed com.google.android.apps.googlevoice/.activity.conversationlist.ConversationListActivity: +1s466ms
07-09 07:01:23.066 28317 28317 D GoogleVoice: com.google.android.apps.googlevoice.vvm.service.GvVvmService$Handler Handling message 1001
07-09 07:01:23.101 28317 28317 D GoogleVoice: com.google.android.apps.googlevoice.vvm.service.GvVvmService$Handler Handling message 1011
07-09 07:01:23.113 28317 28336 I System.out: [INFO:212965]: LogSource: Running flush
07-09 07:01:23.113 28317 28339 I System.out: [INFO:212967]: LogSource: Sending payload [bytes=420]
07-09 07:01:23.133 28317 28449 I GoogleVoice: Deleting all voicemails
07-09 07:01:23.219 28317 28448 D dalvikvm: GC_EXPLICIT freed 299K, 4% free 10572K/10951K, paused 2ms+7ms
07-09 07:01:23.254   143   311 W AppWidgetService: updateAppWidgetProvider: provider doesn't exist: ComponentInfo{com.google.android.apps.googlevoice/com.google.android.apps.googlevoice.widget.WidgetSettingsProvider}
07-09 07:01:23.316   143 26971 W AppWidgetService: updateAppWidgetProvider: provider doesn't exist: ComponentInfo{com.google.android.apps.googlevoice/com.google.android.apps.googlevoice.widget.WidgetInboxProvider}
07-09 07:01:23.465 28129 28131 D dalvikvm: GC_CONCURRENT freed 360K, 5% free 9865K/10311K, paused 2ms+5ms
07-09 07:01:23.976 28317 28339 I System.out: [INFO:213829]: LogSource: Response [http=200,length=4648]
07-09 07:01:23.976 28317 28336 I System.out: [INFO:213830]: LogSource: Read id 6, status code 200
07-09 07:01:24.160   143 26971 W AppWidgetService: updateAppWidgetProvider: provider doesn't exist: ComponentInfo{com.google.android.apps.googlevoice/com.google.android.apps.googlevoice.widget.WidgetSettingsProvider}
07-09 07:01:24.168   143   155 W AppWidgetService: updateAppWidgetProvider: provider doesn't exist: ComponentInfo{com.google.android.apps.googlevoice/com.google.android.apps.googlevoice.widget.WidgetInboxProvider}
07-09 07:01:24.398 28317 28319 D dalvikvm: GC_CONCURRENT freed 353K, 4% free 10710K/11143K, paused 2ms+5ms
07-09 07:01:24.594   143 10999 I ActivityManager: START {dat=googlevoice://conversations/6935f5c9e3eca2cf8b06baca6c61e52add94dc79 cmp=com.google.android.apps.googlevoice/.PhoneCallListActivity} from pid 28317
07-09 07:01:24.785 28317 28319 D dalvikvm: GC_CONCURRENT freed 348K, 5% free 10914K/11399K, paused 4ms+5ms
07-09 07:01:24.828 28317 28317 W GoogleVoice: PhoneCallListActivity: unknown action, threading as Intent.ACTION_MAIN: null
07-09 07:01:24.844 28317 28336 I System.out: [INFO:214697]: LogSource: Running flush
07-09 07:01:24.844 28317 28337 I System.out: [INFO:214699]: LogSource: Sending payload [bytes=448]
07-09 07:01:24.980 28317 28337 I System.out: [INFO:214833]: LogSource: Response [http=200,length=271]
07-09 07:01:24.980 28317 28336 I System.out: [INFO:214834]: LogSource: Read id 8, status code 200
07-09 07:01:24.980 28317 28336 I System.out: [INFO:214835]: LogSource: Read id 7, status code 200
07-09 07:01:25.121   143   159 I Process : Sending signal. PID: 28317 SIG: 3
07-09 07:01:25.121 28317 28321 I dalvikvm: threadid=3: reacting to signal 3
07-09 07:01:25.148 28317 28321 I dalvikvm: Wrote stack traces to '/data/anr/traces.txt'
07-09 07:01:25.207   143   176 I ActivityManager: Displayed com.google.android.apps.googlevoice/.PhoneCallListActivity: +588ms
07-09 07:01:26.305 28317 28336 I System.out: [INFO:216158]: LogSource: Running flush
07-09 07:01:26.308 28317 28338 I System.out: [INFO:216161]: LogSource: Sending payload [bytes=421]
07-09 07:01:26.375   325   327 D dalvikvm: GC_CONCURRENT freed 420K, 16% free 10215K/12103K, paused 7ms+5ms
07-09 07:01:26.430 28317 28338 I System.out: [INFO:216284]: LogSource: Response [http=200,length=79]
07-09 07:01:26.430 28317 28336 I System.out: [INFO:216284]: LogSource: Read id 9, status code 200
07-09 07:01:26.465   325   325 D dalvikvm: GC_FOR_ALLOC freed 444K, 17% free 10119K/12103K, paused 28ms
07-09 07:01:26.465   325   325 I dalvikvm-heap: Grow heap (frag case) to 10.657MB for 739216-byte allocation
07-09 07:01:26.500   325   325 D dalvikvm: GC_FOR_ALLOC freed 7K, 11% free 10833K/12103K, paused 16ms
07-09 07:01:26.617   221   223 D dalvikvm: GC_CONCURRENT freed 405K, 32% free 9740K/14215K, paused 2ms+15ms
07-09 07:01:26.769   221   223 D dalvikvm: GC_CONCURRENT freed 352K, 31% free 9892K/14215K, paused 2ms+3ms
07-09 07:01:26.851   221   223 D dalvikvm: GC_CONCURRENT freed 630K, 32% free 9758K/14215K, paused 2ms+3ms
07-09 07:01:30.344 28317 28319 D dalvikvm: GC_CONCURRENT freed 452K, 5% free 11023K/11591K, paused 2ms+5ms
07-09 07:01:38.180   143   182 I InputReader: Reconfiguring input devices.  changes=0x00000004
07-09 07:01:38.180   143   182 I InputReader: Device reconfigured: id=7, name='mxt224_ts_input', surface size is now 480x800, mode is 1
07-09 07:01:38.211   143   159 I ActivityManager: Config changed: {0.85 310mcc120mnc en_US layoutdir=0 sw320dp w533dp h294dp nrml long land finger -keyb/v/h -nav/h s.22}
07-09 07:01:38.394   325   327 D dalvikvm: GC_CONCURRENT freed 1190K, 16% free 10207K/12103K, paused 2ms+2ms
07-09 07:01:38.547   325   327 D dalvikvm: GC_CONCURRENT freed 288K, 15% free 10355K/12103K, paused 3ms+6ms
07-09 07:01:38.586   325   325 D dalvikvm: GC_FOR_ALLOC freed 414K, 15% free 10359K/12103K, paused 15ms
07-09 07:01:38.601   221   221 D dalvikvm: GC_FOR_ALLOC freed 287K, 32% free 9732K/14215K, paused 82ms
07-09 07:01:38.672   325   325 D dalvikvm: GC_FOR_ALLOC freed 217K, 16% free 10266K/12103K, paused 25ms
07-09 07:01:38.676   325   325 I dalvikvm-heap: Grow heap (frag case) to 10.999MB for 947216-byte allocation
07-09 07:01:38.699   325   325 D dalvikvm: GC_FOR_ALLOC freed 5K, 8% free 11186K/12103K, paused 22ms
07-09 07:01:38.859   325   327 D dalvikvm: GC_CONCURRENT freed 12K, 8% free 11188K/12103K, paused 2ms+14ms
07-09 07:01:38.875   325   325 D dalvikvm: GC_FOR_ALLOC freed 926K, 16% free 10261K/12103K, paused 17ms
07-09 07:01:38.879   325   325 I dalvikvm-heap: Grow heap (frag case) to 10.995MB for 947216-byte allocation
07-09 07:01:38.898   325   325 D dalvikvm: GC_FOR_ALLOC freed <1K, 8% free 11186K/12103K, paused 22ms
07-09 07:01:40.242   143   182 I InputReader: Reconfiguring input devices.  changes=0x00000004
07-09 07:01:40.242   143   182 I InputReader: Device reconfigured: id=7, name='mxt224_ts_input', surface size is now 480x800, mode is 1
07-09 07:01:40.301   143   159 I ActivityManager: Config changed: {0.85 310mcc120mnc en_US layoutdir=0 sw320dp w320dp h508dp nrml long port finger -keyb/v/h -nav/h s.23}
07-09 07:01:40.496   325   327 D dalvikvm: GC_CONCURRENT freed 1691K, 17% free 10133K/12103K, paused 2ms+8ms
07-09 07:01:40.609   143 11000 D dalvikvm: GC_EXPLICIT freed 1481K, 20% free 17096K/21127K, paused 7ms+10ms
07-09 07:01:40.687   325   325 D dalvikvm: GC_FOR_ALLOC freed 138K, 17% free 10113K/12103K, paused 21ms
07-09 07:01:40.691   325   325 I dalvikvm-heap: Grow heap (frag case) to 10.651MB for 739216-byte allocation
07-09 07:01:40.750   325   327 D dalvikvm: GC_CONCURRENT freed <1K, 11% free 10834K/12103K, paused 2ms+3ms
07-09 07:01:40.851   325   325 D dalvikvm: GC_FOR_ALLOC freed 732K, 17% free 10112K/12103K, paused 16ms
07-09 07:01:40.851   325   325 I dalvikvm-heap: Grow heap (frag case) to 10.650MB for 739216-byte allocation
07-09 07:01:40.871   325   325 D dalvikvm: GC_FOR_ALLOC freed <1K, 11% free 10834K/12103K, paused 20ms
07-09 07:01:40.996   221   221 D dalvikvm: GC_FOR_ALLOC freed 351K, 32% free 9741K/14215K, paused 116ms
07-09 07:01:43.203   143   176 D dalvikvm: GC_EXPLICIT freed 125K, 20% free 17023K/21127K, paused 3ms+7ms
07-09 07:01:44.555 28317 28336 I System.out: [INFO:234409]: LogSource: Running flush
07-09 07:01:44.558 28317 28337 I System.out: [INFO:234411]: LogSource: Sending payload [bytes=455]
07-09 07:01:44.703 28317 28337 I System.out: [INFO:234558]: LogSource: Response [http=200,length=96]
07-09 07:01:44.703 28317 28336 I System.out: [INFO:234558]: LogSource: Read id 11, status code 200
07-09 07:01:44.722 28317 28336 I System.out: [INFO:234575]: LogSource: Read id 10, status code 200
07-09 07:01:44.722 28317 28336 I System.out: [INFO:234576]: LogSource: Running flush
07-09 07:01:44.722 28317 28339 I System.out: [INFO:234577]: LogSource: Sending payload [bytes=409]
07-09 07:01:44.750 28317 28336 I System.out: [INFO:234603]: LogSource: Running flush
07-09 07:01:44.750 28317 28338 I System.out: [INFO:234604]: LogSource: Sending payload [bytes=463]
07-09 07:01:44.859 28317 28319 D dalvikvm: GC_CONCURRENT freed 568K, 6% free 11062K/11719K, paused 2ms+6ms
07-09 07:01:44.879 28317 28339 I System.out: [INFO:234733]: LogSource: Response [http=200,length=254]
07-09 07:01:44.883 28317 28336 I System.out: [INFO:234736]: LogSource: Read id 12, status code 200
07-09 07:01:45.316 28317 28338 I System.out: [INFO:235171]: LogSource: Response [http=200,length=85]
07-09 07:01:45.320 28317 28336 I System.out: [INFO:235173]: LogSource: Read id 13, status code 200
07-09 07:01:45.375   143 10999 W AppWidgetService: updateAppWidgetProvider: provider doesn't exist: ComponentInfo{com.google.android.apps.googlevoice/com.google.android.apps.googlevoice.widget.WidgetSettingsProvider}
07-09 07:01:45.383   143 26971 W AppWidgetService: updateAppWidgetProvider: provider doesn't exist: ComponentInfo{com.google.android.apps.googlevoice/com.google.android.apps.googlevoice.widget.WidgetInboxProvider}
07-09 07:01:45.402 28317 28336 I System.out: [INFO:235257]: LogSource: Running flush
07-09 07:01:45.406 28317 28337 I System.out: [INFO:235259]: LogSource: Sending payload [bytes=408]
07-09 07:01:45.543 28317 28337 I System.out: [INFO:235398]: LogSource: Response [http=200,length=329]
07-09 07:01:45.547 28317 28336 I System.out: [INFO:235399]: LogSource: Read id 14, status code 200
07-09 07:01:45.562 28317 28336 I System.out: [INFO:235418]: LogSource: Running flush
07-09 07:01:45.570 28317 28336 I System.out: [INFO:235423]: LogSource: Running flush
07-09 07:01:45.570 28317 28339 I System.out: [INFO:235426]: LogSource: Sending payload [bytes=767]
07-09 07:01:45.640   143   173 I power   : *** set_screen_state 0
07-09 07:01:45.680    78   121 D SurfaceFlinger: About to give-up screen, flinger = 0x1ddb918
07-09 07:01:45.789   143   177 V TransportControlView: Create TCV com.android.internal.widget.TransportControlView@417a2970
07-09 07:01:45.867 28317 28319 D dalvikvm: GC_CONCURRENT freed 683K, 7% free 11057K/11847K, paused 4ms+15ms
07-09 07:01:45.914   221   221 D PhoneStatusBar: disable: < expand icons alerts ticker system_info back home RECENT* clock >
07-09 07:01:45.961   221   223 D dalvikvm: GC_CONCURRENT freed 387K, 31% free 9861K/14215K, paused 2ms+10ms
07-09 07:01:45.965   221   221 D PhoneStatusBar: disable: < expand icons alerts ticker system_info BACK* HOME* RECENT CLOCK* >
07-09 07:01:46.090 28317 28339 I System.out: [INFO:235946]: LogSource: Response [http=200,length=5847]
07-09 07:01:46.094 28317 28336 I System.out: [INFO:235947]: LogSource: Read id 15, status code 200
07-09 07:01:46.113 28317 28336 I System.out: [INFO:235967]: LogSource: Read id 16, status code 200
07-09 07:01:46.203   143 26971 W AppWidgetService: updateAppWidgetProvider: provider doesn't exist: ComponentInfo{com.google.android.apps.googlevoice/com.google.android.apps.googlevoice.widget.WidgetSettingsProvider}
07-09 07:01:46.219   143   308 W AppWidgetService: updateAppWidgetProvider: provider doesn't exist: ComponentInfo{com.google.android.apps.googlevoice/com.google.android.apps.googlevoice.widget.WidgetInboxProvider}
07-09 07:01:46.254 28317 28317 D GoogleVoice: com.google.android.apps.googlevoice.vvm.service.GvVvmService$Handler Handling message 1001
07-09 07:01:46.254 28317 28317 D GoogleVoice: com.google.android.apps.googlevoice.vvm.service.GvVvmService$Handler Handling message 1011
07-09 07:01:46.265 28317 28462 I GoogleVoice: Deleting all voicemails
07-09 07:01:46.312   143   143 W AppWidgetService: updateAppWidgetProvider: provider doesn't exist: ComponentInfo{com.google.android.apps.googlevoice/com.google.android.apps.googlevoice.widget.WidgetSettingsProvider}
07-09 07:01:46.316   143   403 W AppWidgetService: updateAppWidgetProvider: provider doesn't exist: ComponentInfo{com.google.android.apps.googlevoice/com.google.android.apps.googlevoice.widget.WidgetInboxProvider}
07-09 07:01:46.340   143  1922 W AppWidgetService: updateAppWidgetProvider: provider doesn't exist: ComponentInfo{com.google.android.apps.googlevoice/com.google.android.apps.googlevoice.widget.WidgetSettingsProvider}
07-09 07:01:46.347   143   308 W AppWidgetService: updateAppWidgetProvider: provider doesn't exist: ComponentInfo{com.google.android.apps.googlevoice/com.google.android.apps.googlevoice.widget.WidgetInboxProvider}
07-09 07:01:46.535 28317 28319 D dalvikvm: GC_CONCURRENT freed 664K, 8% free 10996K/11847K, paused 2ms+4ms
07-09 07:01:47.414   143   175 I ActivityManager: Start proc com.google.android.gm for service com.google.android.gm/.provider.MailIndexerService: pid=28464 uid=10075 gids={3003, 1015}
07-09 07:01:47.672 28464 28464 I ActivityThread: Pub gmail-ls: com.google.android.gm.provider.MailProvider
07-09 07:01:47.699 28464 28464 I ActivityThread: Pub com.google.android.gm: com.google.android.gm.provider.PublicContentProvider
07-09 07:01:47.711 28464 28464 I ActivityThread: Pub com.google.android.gmail.SuggestionProvider: com.google.android.gm.SuggestionsProvider
07-09 07:01:48.199 25624 25624 D OpenGLRenderer: Flushing caches (mode 1)
07-09 07:01:48.281 28464 28466 D dalvikvm: GC_CONCURRENT freed 217K, 4% free 9263K/9607K, paused 2ms+2ms
07-09 07:01:48.742 28464 28482 I Gmail   : calculateUnknownSyncRationalesAndPurgeInBackground: queueing
07-09 07:01:48.781 28464 28482 I Gmail   : calculateUnknownSyncRationalesAndPurgeInBackground: queueing
07-09 07:01:48.805 28464 28482 I Gmail   : calculateUnknownSyncRationalesAndPurgeInBackground: running
07-09 07:01:48.808 28464 28482 I Gmail   : calculateUnknownSyncRationalesAndPurgeInBackground: running
07-09 07:01:49.922 27212 27214 D dalvikvm: GC_CONCURRENT freed 366K, 7% free 10420K/11143K, paused 2ms+2ms
07-09 07:01:51.965   143   145 D dalvikvm: GC_CONCURRENT freed 990K, 16% free 17914K/21127K, paused 3ms+15ms
07-09 07:01:51.969   143  2263 W ActivityManager: finishReceiver called but no pending broadcasts
07-09 07:01:52.117 27212 27214 D dalvikvm: GC_CONCURRENT freed 421K, 6% free 10511K/11143K, paused 1ms+2ms
07-09 07:02:06.812 28291 28304 I PhoneLab-: Service Running
07-09 07:02:06.851 28291 28304 I PhoneLab-LoggerService: app_37    1296  1     1436   1000  c00f181c 400107b4 S logcat
07-09 07:02:06.855 28291 28304 I PhoneLab-LoggerService: Logcat pid from database 1296
07-09 07:02:06.855 28291 28304 I PhoneLab-LoggerService: Logcat process found 1296
07-09 07:02:06.855 28291 28304 I PhoneLab-LoggerService: Checking Threshold
07-09 07:02:06.855 28291 28304 I PhoneLab-LoggerService: Starting to rename files
07-09 07:02:06.855 28291 28304 I PhoneLab-LoggerService: Files found .. 2
07-09 07:02:49.640 28142 28144 D dalvikvm: GC_CONCURRENT freed 527K, 8% free 10093K/10951K, paused 2ms+2ms
07-09 07:02:52.918   143   200 D DhcpInfoInternal: makeLinkProperties with empty dns2!
07-09 07:02:52.918   143   200 D DhcpInfoInternal: makeLinkProperties with empty dns2!
07-09 07:03:49.609 27212 27214 D dalvikvm: GC_CONCURRENT freed 622K, 7% free 10398K/11143K, paused 2ms+6ms
07-09 07:03:49.668 27212 27233 D dalvikvm: GC_EXPLICIT freed 19K, 7% free 10390K/11143K, paused 2ms+7ms
07-09 07:03:50.902 27212 27214 D dalvikvm: GC_CONCURRENT freed 270K, 6% free 10521K/11143K, paused 6ms+11ms
07-09 07:04:06.812 28291 28304 I PhoneLab-: Service Running
07-09 07:04:06.863 28291 28304 I PhoneLab-LoggerService: app_37    1296  1     1436   1000  c00f181c 400107b4 S logcat
07-09 07:04:06.863 28291 28304 I PhoneLab-LoggerService: Logcat pid from database 1296
07-09 07:04:06.867 28291 28304 I PhoneLab-LoggerService: Logcat process found 1296
07-09 07:04:06.867 28291 28304 I PhoneLab-LoggerService: Checking Threshold
07-09 07:04:06.867 28291 28304 I PhoneLab-LoggerService: Starting to rename files
07-09 07:04:06.867 28291 28304 I PhoneLab-LoggerService: Files found .. 2
07-09 07:04:19.637 25624 25624 D OpenGLRenderer: Flushing caches (mode 2)
07-09 07:04:19.637 25624 25624 D OpenGLRenderer: Flushing caches (mode 0)
07-09 07:04:19.637 25624 25624 W ManagedEGLContext: doTerminate failed: EGL count is 2 but managed count is 1
07-09 07:04:23.750 25624 25626 D dalvikvm: GC_CONCURRENT freed 1081K, 19% free 12904K/15879K, paused 9ms+9ms
07-09 07:04:48.258 25624 25624 D OpenGLRenderer: Flushing caches (mode 1)
07-09 07:04:49.629 28142 28144 D dalvikvm: GC_CONCURRENT freed 482K, 8% free 10122K/10951K, paused 2ms+2ms
07-09 07:04:53.805 27212 27214 D dalvikvm: GC_CONCURRENT freed 352K, 6% free 10553K/11143K, paused 2ms+2ms
07-09 07:04:55.781   143 10999 W ActivityManager: finishReceiver called but no pending broadcasts
07-09 07:04:55.949 27212 27214 D dalvikvm: GC_CONCURRENT freed 423K, 5% free 10642K/11143K, paused 2ms+6ms
07-09 07:05:17.574   143   200 D DhcpInfoInternal: makeLinkProperties with empty dns2!
07-09 07:05:17.574   143   200 D DhcpInfoInternal: makeLinkProperties with empty dns2!
07-09 07:05:49.574 27077 27153 D dalvikvm: GC_EXPLICIT freed 297K, 6% free 9966K/10567K, paused 2ms+4ms
07-09 07:06:06.812 28291 28304 I PhoneLab-: Service Running
07-09 07:06:06.883 28291 28304 I PhoneLab-LoggerService: app_37    1296  1     1436   1000  c00f181c 400107b4 S logcat
07-09 07:06:06.883 28291 28304 I PhoneLab-LoggerService: Logcat pid from database 1296
07-09 07:06:06.883 28291 28304 I PhoneLab-LoggerService: Logcat process found 1296
07-09 07:06:06.883 28291 28304 I PhoneLab-LoggerService: Checking Threshold
07-09 07:06:06.883 28291 28304 I PhoneLab-LoggerService: Starting to rename files
07-09 07:06:06.883 28291 28304 I PhoneLab-LoggerService: Files found .. 2
07-09 07:06:06.890 28291 28292 D dalvikvm: GC_CONCURRENT freed 402K, 6% free 9098K/9607K, paused 8ms+3ms
07-09 07:06:43.613 27377 27379 D dalvikvm: GC_CONCURRENT freed 578K, 16% free 11872K/14023K, paused 2ms+11ms
07-09 07:06:49.711 28142 28144 D dalvikvm: GC_CONCURRENT freed 506K, 8% free 10107K/10951K, paused 4ms+2ms
07-09 07:06:49.750 27212 27214 D dalvikvm: GC_CONCURRENT freed 640K, 7% free 10536K/11271K, paused 2ms+2ms
07-09 07:07:42.242   143   200 D DhcpInfoInternal: makeLinkProperties with empty dns2!
07-09 07:07:42.242   143   200 D DhcpInfoInternal: makeLinkProperties with empty dns2!
07-09 07:07:49.734   221   221 D dalvikvm: GC_FOR_ALLOC freed 463K, 32% free 9749K/14215K, paused 19ms
07-09 07:07:49.793   221   223 D dalvikvm: GC_CONCURRENT freed 499K, 32% free 9735K/14215K, paused 1ms+2ms
07-09 07:07:49.863   221   223 D dalvikvm: GC_CONCURRENT freed 397K, 32% free 9792K/14215K, paused 2ms+2ms
07-09 07:07:49.941 28142 28144 D dalvikvm: GC_CONCURRENT freed 436K, 8% free 10105K/10951K, paused 1ms+2ms
07-09 07:07:54.164   143   387 D dalvikvm: GC_EXPLICIT freed 678K, 15% free 17963K/21127K, paused 10ms+12ms
07-09 07:07:55.058 28142 28144 D dalvikvm: GC_CONCURRENT freed 512K, 8% free 10104K/10951K, paused 2ms+3ms
07-09 07:07:55.180   221   223 D dalvikvm: GC_CONCURRENT freed 543K, 32% free 9731K/14215K, paused 2ms+2ms
07-09 07:07:55.230   221   223 D dalvikvm: GC_CONCURRENT freed 446K, 32% free 9728K/14215K, paused 1ms+3ms
07-09 07:07:55.316   221   223 D dalvikvm: GC_CONCURRENT freed 411K, 32% free 9760K/14215K, paused 2ms+2ms
07-09 07:07:59.594   143   143 W ActivityManager: finishReceiver called but no pending broadcasts
07-09 07:07:59.699 27212 27214 D dalvikvm: GC_CONCURRENT freed 378K, 6% free 10669K/11271K, paused 2ms+7ms
07-09 07:08:06.812 28291 28304 I PhoneLab-: Service Running
07-09 07:08:06.859 28291 28304 I PhoneLab-LoggerService: app_37    1296  1     1436   1000  c00f181c 400107b4 S logcat
07-09 07:08:06.859 28291 28304 I PhoneLab-LoggerService: Logcat pid from database 1296
07-09 07:08:06.859 28291 28304 I PhoneLab-LoggerService: Logcat process found 1296
07-09 07:08:06.859 28291 28304 I PhoneLab-LoggerService: Checking Threshold
07-09 07:08:06.859 28291 28304 I PhoneLab-LoggerService: Starting to rename files
07-09 07:08:06.859 28291 28304 I PhoneLab-LoggerService: Files found .. 2
07-09 07:08:49.652 27212 27214 D dalvikvm: GC_CONCURRENT freed 721K, 8% free 10535K/11335K, paused 1ms+3ms
07-09 07:09:15.148 25624 25626 D dalvikvm: GC_CONCURRENT freed 1152K, 19% free 12920K/15879K, paused 45ms+19ms
07-09 07:09:22.101 25624 25624 D OpenGLRenderer: Flushing caches (mode 2)
07-09 07:09:22.105 25624 25624 D OpenGLRenderer: Flushing caches (mode 0)
07-09 07:09:22.105 25624 25624 W ManagedEGLContext: doTerminate failed: EGL count is 2 but managed count is 1
07-09 07:09:24.523 28245 28247 D dalvikvm: GC_CONCURRENT freed 646K, 7% free 11339K/12103K, paused 7ms+3ms
07-09 07:09:49.801 28142 28144 D dalvikvm: GC_CONCURRENT freed 502K, 8% free 10113K/10951K, paused 2ms+3ms
07-09 07:10:06.816 28291 28304 I PhoneLab-: Service Running
07-09 07:10:06.890   143   200 D DhcpInfoInternal: makeLinkProperties with empty dns2!
07-09 07:10:06.890   143   200 D DhcpInfoInternal: makeLinkProperties with empty dns2!
07-09 07:10:06.890 28291 28304 I PhoneLab-LoggerService: app_37    1296  1     1436   1000  c00f181c 400107b4 S logcat
07-09 07:10:06.890 28291 28304 I PhoneLab-LoggerService: Logcat pid from database 1296
07-09 07:10:06.890 28291 28304 I PhoneLab-LoggerService: Logcat process found 1296
07-09 07:10:06.894 28291 28304 I PhoneLab-LoggerService: Checking Threshold
07-09 07:10:06.894 28291 28304 I PhoneLab-LoggerService: Starting to rename files
07-09 07:10:06.894 28291 28304 I PhoneLab-LoggerService: Files found .. 2
07-09 07:10:49.734 27212 27214 D dalvikvm: GC_CONCURRENT freed 508K, 8% free 10539K/11335K, paused 2ms+14ms
07-09 07:10:49.793 28142 28142 D dalvikvm: GC_EXPLICIT freed 141K, 9% free 10044K/10951K, paused 2ms+2ms
07-09 07:11:03.383   143 24239 W ActivityManager: finishReceiver called but no pending broadcasts
07-09 07:11:03.527 27212 27214 D dalvikvm: GC_CONCURRENT freed 389K, 6% free 10661K/11335K, paused 2ms+2ms
07-09 07:11:49.726 28142 28144 D dalvikvm: GC_CONCURRENT freed 469K, 8% free 10086K/10951K, paused 2ms+3ms
07-09 07:12:06.812 28291 28304 I PhoneLab-: Service Running
07-09 07:12:06.840 28291 28304 I PhoneLab-LoggerService: app_37    1296  1     1436   1000  c00f181c 400107b4 S logcat
07-09 07:12:06.840 28291 28304 I PhoneLab-LoggerService: Logcat pid from database 1296
07-09 07:12:06.840 28291 28304 I PhoneLab-LoggerService: Logcat process found 1296
07-09 07:12:06.840 28291 28304 I PhoneLab-LoggerService: Checking Threshold
07-09 07:12:06.840 28291 28304 I PhoneLab-LoggerService: Starting to rename files
07-09 07:12:06.840 28291 28304 I PhoneLab-LoggerService: Files found .. 2
07-09 07:12:13.453   221   223 D dalvikvm: GC_CONCURRENT freed 312K, 31% free 9922K/14215K, paused 1ms+3ms
07-09 07:12:13.508   221   221 D dalvikvm: GC_FOR_ALLOC freed 619K, 32% free 9736K/14215K, paused 17ms
07-09 07:12:13.680   221   221 D dalvikvm: GC_FOR_ALLOC freed 379K, 32% free 9735K/14215K, paused 26ms
07-09 07:12:15.996 27212 27214 D dalvikvm: GC_CONCURRENT freed 484K, 7% free 10597K/11335K, paused 2ms+2ms
07-09 07:12:19.226 28142 28144 D dalvikvm: GC_CONCURRENT freed 506K, 8% free 10088K/10951K, paused 2ms+2ms
07-09 07:12:21.234 28142 28144 D dalvikvm: GC_CONCURRENT freed 511K, 8% free 10086K/10951K, paused 3ms+6ms
07-09 07:12:23.117 27212 27214 D dalvikvm: GC_CONCURRENT freed 179K, 5% free 10819K/11335K, paused 2ms+2ms
07-09 07:12:23.254 28142 28144 D dalvikvm: GC_CONCURRENT freed 495K, 8% free 10102K/10951K, paused 1ms+9ms
07-09 07:12:23.340   143  1922 W ActivityManager: finishReceiver called but no pending broadcasts
07-09 07:12:23.547   221   221 D dalvikvm: GC_FOR_ALLOC freed 385K, 32% free 9731K/14215K, paused 16ms
07-09 07:12:23.605   221   223 D dalvikvm: GC_CONCURRENT freed 320K, 31% free 9863K/14215K, paused 2ms+4ms
07-09 07:12:23.707   221   223 D dalvikvm: GC_CONCURRENT freed 529K, 32% free 9742K/14215K, paused 2ms+3ms
07-09 07:12:23.746 27212 27214 D dalvikvm: GC_CONCURRENT freed 699K, 7% free 10752K/11527K, paused 2ms+12ms
07-09 07:12:31.570   143   200 D DhcpInfoInternal: makeLinkProperties with empty dns2!
07-09 07:12:31.570   143   200 D DhcpInfoInternal: makeLinkProperties with empty dns2!
07-09 07:12:49.715 27212 27214 D dalvikvm: GC_CONCURRENT freed 366K, 5% free 10962K/11527K, paused 3ms+3ms
07-09 07:13:49.801   143 11000 D dalvikvm: GC_EXPLICIT freed 948K, 15% free 18000K/21127K, paused 3ms+8ms
07-09 07:13:49.906 28142 28144 D dalvikvm: GC_CONCURRENT freed 509K, 8% free 10104K/10951K, paused 2ms+7ms
07-09 07:14:03.551 25624 25624 D OpenGLRenderer: Flushing caches (mode 2)
07-09 07:14:03.551 25624 25624 D OpenGLRenderer: Flushing caches (mode 0)
07-09 07:14:03.551 25624 25624 W ManagedEGLContext: doTerminate failed: EGL count is 2 but managed count is 1
07-09 07:14:03.590 28464 28466 D dalvikvm: GC_CONCURRENT freed 251K, 4% free 9414K/9799K, paused 2ms+4ms
07-09 07:14:06.812 28291 28304 I PhoneLab-: Service Running
07-09 07:14:06.906 28291 28304 I PhoneLab-LoggerService: app_37    1296  1     1436   996   c00f181c 400107b4 S logcat
07-09 07:14:06.906 28291 28304 I PhoneLab-LoggerService: Logcat pid from database 1296
07-09 07:14:06.906 28291 28304 I PhoneLab-LoggerService: Logcat process found 1296
07-09 07:14:06.906 28291 28304 I PhoneLab-LoggerService: Checking Threshold
07-09 07:14:06.906 28291 28304 I PhoneLab-LoggerService: Starting to rename files
07-09 07:14:06.906 28291 28304 I PhoneLab-LoggerService: Files found .. 2
07-09 07:14:07.180 25624 25624 D OpenGLRenderer: Flushing caches (mode 2)
07-09 07:14:07.183 25624 25624 D OpenGLRenderer: Flushing caches (mode 0)
07-09 07:14:07.183   143  2263 W ActivityManager: finishReceiver called but no pending broadcasts
07-09 07:14:07.191 25624 25624 W ManagedEGLContext: doTerminate failed: EGL count is 2 but managed count is 1
07-09 07:14:07.320 27212 27214 D dalvikvm: GC_CONCURRENT freed 565K, 6% free 11076K/11719K, paused 2ms+9ms
07-09 07:14:26.402 28245 28247 D dalvikvm: GC_CONCURRENT freed 624K, 7% free 11497K/12231K, paused 3ms+7ms
07-09 07:14:48.441 25624 25624 D OpenGLRenderer: Flushing caches (mode 2)
07-09 07:14:48.441 25624 25624 D OpenGLRenderer: Flushing caches (mode 0)
07-09 07:14:48.445 25624 25624 W ManagedEGLContext: doTerminate failed: EGL count is 2 but managed count is 1
07-09 07:14:56.226   143   200 D DhcpInfoInternal: makeLinkProperties with empty dns2!
07-09 07:14:56.226   143   200 D DhcpInfoInternal: makeLinkProperties with empty dns2!
07-09 07:15:32.734 25624 25626 D dalvikvm: GC_CONCURRENT freed 1195K, 19% free 12899K/15879K, paused 24ms+17ms
07-09 07:15:48.457 25624 25624 D OpenGLRenderer: Flushing caches (mode 2)
07-09 07:15:48.457 25624 25624 D OpenGLRenderer: Flushing caches (mode 0)
07-09 07:15:48.457 25624 25624 W ManagedEGLContext: doTerminate failed: EGL count is 2 but managed count is 1
07-09 07:15:49.926 27212 27214 D dalvikvm: GC_CONCURRENT freed 1192K, 11% free 10545K/11847K, paused 1ms+15ms
07-09 07:15:49.926 28142 28144 D dalvikvm: GC_CONCURRENT freed 509K, 8% free 10103K/10951K, paused 2ms+2ms
07-09 07:16:06.812 28291 28304 I PhoneLab-: Service Running
07-09 07:16:06.840 28291 28304 I PhoneLab-LoggerService: app_37    1296  1     1436   996   c00f181c 400107b4 S logcat
07-09 07:16:06.840 28291 28304 I PhoneLab-LoggerService: Logcat pid from database 1296
07-09 07:16:06.840 28291 28304 I PhoneLab-LoggerService: Logcat process found 1296
07-09 07:16:06.840 28291 28304 I PhoneLab-LoggerService: Checking Threshold
07-09 07:16:06.840 28291 28304 I PhoneLab-LoggerService: Starting to rename files
07-09 07:16:06.847 28291 28304 I PhoneLab-LoggerService: Files found .. 2
07-09 07:16:47.363 25624 25624 D OpenGLRenderer: Flushing caches (mode 2)
07-09 07:16:47.363 25624 25624 D OpenGLRenderer: Flushing caches (mode 0)
07-09 07:16:47.363 25624 25624 W ManagedEGLContext: doTerminate failed: EGL count is 2 but managed count is 1
07-09 07:16:47.414 28464 28669 W Gmail   : Successful index run, cancel next scheduled index run
07-09 07:16:48.531 25624 25624 D OpenGLRenderer: Flushing caches (mode 2)
07-09 07:16:48.531 25624 25624 D OpenGLRenderer: Flushing caches (mode 0)
07-09 07:16:48.531 25624 25624 W ManagedEGLContext: doTerminate failed: EGL count is 2 but managed count is 1
07-09 07:16:49.930 28142 28144 D dalvikvm: GC_CONCURRENT freed 417K, 8% free 10090K/10951K, paused 1ms+2ms
07-09 07:17:07.351 25624 25624 D OpenGLRenderer: Flushing caches (mode 2)
07-09 07:17:07.351 25624 25624 D OpenGLRenderer: Flushing caches (mode 0)
07-09 07:17:07.351 25624 25624 W ManagedEGLContext: doTerminate failed: EGL count is 2 but managed count is 1
07-09 07:17:10.992 25624 25624 D OpenGLRenderer: Flushing caches (mode 2)
07-09 07:17:10.996 25624 25624 D OpenGLRenderer: Flushing caches (mode 0)
07-09 07:17:11.000 25624 25624 W ManagedEGLContext: doTerminate failed: EGL count is 2 but managed count is 1
07-09 07:17:11.004   143 24239 W ActivityManager: finishReceiver called but no pending broadcasts
07-09 07:17:11.105 27212 27214 D dalvikvm: GC_CONCURRENT freed 363K, 10% free 10693K/11847K, paused 2ms+6ms
07-09 07:17:21.105   143   200 D DhcpInfoInternal: makeLinkProperties with empty dns2!
07-09 07:17:21.105   143   200 D DhcpInfoInternal: makeLinkProperties with empty dns2!
07-09 07:17:48.531 25624 25624 D OpenGLRenderer: Flushing caches (mode 2)
07-09 07:17:48.535 25624 25624 D OpenGLRenderer: Flushing caches (mode 0)
07-09 07:17:48.535 25624 25624 W ManagedEGLContext: doTerminate failed: EGL count is 2 but managed count is 1
07-09 07:17:49.914 27212 27214 D dalvikvm: GC_CONCURRENT freed 698K, 11% free 10545K/11847K, paused 2ms+12ms
07-09 07:17:58.523   143   169 I ActivityManager: Start proc com.google.android.apps.plus for service com.google.android.apps.plus/.service.EsSyncAdapterService: pid=28695 uid=10060 gids={3003, 3002, 1015, 1006}
07-09 07:17:58.738 28695 28698 D dalvikvm: GC_CONCURRENT freed 169K, 3% free 9366K/9607K, paused 2ms+2ms
07-09 07:17:58.887 28695 28695 I ActivityThread: Pub com.google.android.apps.plus.content.ApiProvider: com.google.android.apps.plus.content.EsApiProvider
07-09 07:17:58.910 28695 28695 I ActivityThread: Pub com.google.android.apps.plus.content.EsGooglePhotoProvider: com.google.android.picasasync.PicasaContentProvider
07-09 07:17:59.027 28695 28698 D dalvikvm: GC_CONCURRENT freed 336K, 5% free 9580K/9991K, paused 3ms+2ms
07-09 07:17:59.055 28695 28695 I ActivityThread: Pub com.google.android.apps.plus.content.EsPicasaStoreProvider: com.google.android.picasastore.PicasaPhotoContentProvider
07-09 07:17:59.062 28695 28695 I ActivityThread: Pub com.google.plus.platform: com.google.android.apps.plus.content.AdsProvider
07-09 07:17:59.062 28695 28695 I ActivityThread: Pub com.google.android.apps.plus.iu.EsGoogleIuProvider: com.google.android.apps.plus.iu.InstantUploadProvider
07-09 07:17:59.125 28695 28698 D dalvikvm: GC_CONCURRENT freed 456K, 6% free 9652K/10183K, paused 4ms+2ms
07-09 07:17:59.133 28695 28695 I ActivityThread: Pub com.google.android.apps.plus.content.EsProvider: com.google.android.apps.plus.content.EsProvider
07-09 07:17:59.176   143   154 I ActivityManager: Start proc android.process.media for content provider com.android.providers.media/.MediaProvider: pid=28710 uid=10012 gids={1015, 1023, 1024, 2001, 3003, 3007}
07-09 07:17:59.262 28710 28710 I ActivityThread: Pub downloads: com.android.providers.downloads.DownloadProvider
07-09 07:17:59.293 28710 28710 I ActivityThread: Pub drm: com.android.providers.drm.DrmProvider
07-09 07:17:59.297 28710 28725 I DownloadManager: in removeSpuriousFiles
07-09 07:17:59.305 28710 28710 I ActivityThread: Pub media: com.android.providers.media.MediaProvider
07-09 07:17:59.344 28710 28725 I DownloadManager: in removeSpuriousFiles, preserving file /data/data/com.android.providers.downloads/cache/metadata.json
07-09 07:17:59.344 28710 28725 I DownloadManager: in removeSpuriousFiles, preserving file /data/data/com.android.providers.downloads/cache/en_general.htm
07-09 07:17:59.344 28710 28725 I DownloadManager: in removeSpuriousFiles, preserving file /mnt/sdcard/Download/img-thing.jpeg
07-09 07:17:59.344 28710 28725 I DownloadManager: in removeSpuriousFiles, preserving file /data/data/com.android.providers.downloads/cache/metadata-1.json
07-09 07:17:59.344 28710 28725 I DownloadManager: in removeSpuriousFiles, preserving file /data/data/com.android.providers.downloads/cache/downloadfile.jpeg
07-09 07:17:59.344 28710 28725 I DownloadManager: in removeSpuriousFiles, preserving file /data/data/com.android.providers.downloads/cache/metadata-2.json
07-09 07:17:59.344 28710 28725 I DownloadManager: in removeSpuriousFiles, preserving file /data/data/com.android.providers.downloads/cache/metadata-3.json
07-09 07:17:59.344 28710 28725 I DownloadManager: in removeSpuriousFiles, preserving file /data/data/com.android.providers.downloads/cache/downloadfile-1.jpeg
07-09 07:17:59.347 28710 28725 I DownloadManager: in removeSpuriousFiles, preserving file /data/data/com.android.providers.downloads/cache/downloadfile-2.jpeg
07-09 07:17:59.347 28710 28725 I DownloadManager: in removeSpuriousFiles, preserving file /data/data/com.android.providers.downloads/cache/metadata-4.json
07-09 07:17:59.351 28710 28725 I DownloadManager: deleting spurious file /cache/backup
07-09 07:17:59.394 28695 28726 D dalvikvm: GC_FOR_ALLOC freed 206K, 5% free 9817K/10247K, paused 34ms
07-09 07:17:59.734 28710 28713 D dalvikvm: GC_CONCURRENT freed 370K, 5% free 9166K/9607K, paused 9ms+1ms
07-09 07:17:59.824 28695 28709 D PicasaPhotoCP: set fsid first time:-1
07-09 07:18:00.055 28695 28698 D dalvikvm: GC_CONCURRENT freed 158K, 3% free 10088K/10375K, paused 3ms+1ms
07-09 07:18:00.195 28695 28698 D dalvikvm: GC_CONCURRENT freed 235K, 4% free 10325K/10695K, paused 2ms+2ms
07-09 07:18:00.250 28695 28717 D dalvikvm: GC_FOR_ALLOC freed 169K, 4% free 10453K/10823K, paused 21ms
07-09 07:18:00.289 28695 28717 D dalvikvm: GC_FOR_ALLOC freed 126K, 5% free 10581K/11079K, paused 19ms
07-09 07:18:00.316 28695 28717 D dalvikvm: GC_FOR_ALLOC freed 311K, 6% free 10574K/11143K, paused 18ms
07-09 07:18:00.336 28695 28717 D dalvikvm: GC_FOR_ALLOC freed 62K, 5% free 10637K/11143K, paused 19ms
07-09 07:18:00.359 28695 28717 D dalvikvm: GC_FOR_ALLOC freed 126K, 4% free 10765K/11143K, paused 20ms
07-09 07:18:00.410 28695 28717 D dalvikvm: GC_FOR_ALLOC freed 369K, 6% free 10821K/11463K, paused 19ms
07-09 07:18:00.433 28695 28717 D dalvikvm: GC_FOR_ALLOC freed 126K, 5% free 10949K/11463K, paused 19ms
07-09 07:18:00.617 28695 28698 D dalvikvm: GC_CONCURRENT freed 345K, 4% free 11206K/11655K, paused 2ms+2ms
07-09 07:18:00.805 28695 28698 D dalvikvm: GC_CONCURRENT freed 140K, 3% free 11732K/11975K, paused 1ms+3ms
07-09 07:18:01.015 28695 28698 D dalvikvm: GC_CONCURRENT freed 547K, 6% free 12030K/12679K, paused 1ms+3ms
07-09 07:18:01.254 28695 28698 D dalvikvm: GC_CONCURRENT freed 209K, 3% free 12751K/13063K, paused 2ms+2ms
07-09 07:18:01.422 25624 25624 D OpenGLRenderer: Flushing caches (mode 2)
07-09 07:18:01.422 25624 25624 D OpenGLRenderer: Flushing caches (mode 0)
07-09 07:18:01.422 25624 25624 W ManagedEGLContext: doTerminate failed: EGL count is 2 but managed count is 1
07-09 07:18:02.191 25624 25624 D OpenGLRenderer: Flushing caches (mode 2)
07-09 07:18:02.191 25624 25624 D OpenGLRenderer: Flushing caches (mode 0)
07-09 07:18:02.191 25624 25624 W ManagedEGLContext: doTerminate failed: EGL count is 2 but managed count is 1
07-09 07:18:04.765 28695 28698 D dalvikvm: GC_CONCURRENT freed 1048K, 9% free 12842K/14023K, paused 3ms+3ms
07-09 07:18:06.820 28291 28304 I PhoneLab-: Service Running
07-09 07:18:06.898 28291 28304 I PhoneLab-LoggerService: app_37    1296  1     1436   996   c00f181c 400107b4 S logcat
07-09 07:18:06.898 28291 28304 I PhoneLab-LoggerService: Logcat pid from database 1296
07-09 07:18:06.898 28291 28304 I PhoneLab-LoggerService: Logcat process found 1296
07-09 07:18:06.898 28291 28304 I PhoneLab-LoggerService: Checking Threshold
07-09 07:18:06.898 28291 28304 I PhoneLab-LoggerService: Starting to rename files
07-09 07:18:06.898 28291 28304 I PhoneLab-LoggerService: Files found .. 2
07-09 07:18:08.617 28695 28724 E dalvikvm: Could not find class 'android.app.Notification$InboxStyle', referenced from method com.google.android.apps.plus.service.AndroidNotification.createDigestNotification
07-09 07:18:08.617 28695 28724 W dalvikvm: VFY: unable to resolve new-instance 41 (Landroid/app/Notification$InboxStyle;) in Lcom/google/android/apps/plus/service/AndroidNotification;
07-09 07:18:08.617 28695 28724 D dalvikvm: VFY: replacing opcode 0x22 at 0x0018
07-09 07:18:08.617 28695 28724 I dalvikvm: Could not find method android.app.Notification$Builder.setPriority, referenced from method com.google.android.apps.plus.service.AndroidNotification.createRichNotification
07-09 07:18:08.617 28695 28724 W dalvikvm: VFY: unable to resolve virtual method 162: Landroid/app/Notification$Builder;.setPriority (I)Landroid/app/Notification$Builder;
07-09 07:18:08.617 28695 28724 D dalvikvm: VFY: replacing opcode 0x6e at 0x00d5
07-09 07:18:08.629 28695 28724 D dalvikvm: DexOpt: unable to opt direct call 0x00a8 at 0x1a in Lcom/google/android/apps/plus/service/AndroidNotification;.createDigestNotification
07-09 07:18:08.629 28695 28724 D dalvikvm: DexOpt: unable to opt direct call 0x0091 at 0xf1 in Lcom/google/android/apps/plus/service/AndroidNotification;.createRichNotification
07-09 07:18:08.629 28695 28724 D dalvikvm: DexOpt: unable to opt direct call 0x0095 at 0x397 in Lcom/google/android/apps/plus/service/AndroidNotification;.createRichNotification
07-09 07:18:10.387 28695 28698 D dalvikvm: GC_CONCURRENT freed 1045K, 9% free 12985K/14151K, paused 4ms+5ms
07-09 07:18:13.594 25624 25624 D OpenGLRenderer: Flushing caches (mode 2)
07-09 07:18:13.594 25624 25624 D OpenGLRenderer: Flushing caches (mode 0)
07-09 07:18:13.594 25624 25624 W ManagedEGLContext: doTerminate failed: EGL count is 2 but managed count is 1
07-09 07:18:13.625 25624 25624 D OpenGLRenderer: Flushing caches (mode 2)
07-09 07:18:13.625 25624 25624 D OpenGLRenderer: Flushing caches (mode 0)
07-09 07:18:13.625 25624 25624 W ManagedEGLContext: doTerminate failed: EGL count is 2 but managed count is 1
07-09 07:18:13.648 25624 25624 D OpenGLRenderer: Flushing caches (mode 2)
07-09 07:18:13.648 25624 25624 D OpenGLRenderer: Flushing caches (mode 0)
07-09 07:18:13.648 25624 25624 W ManagedEGLContext: doTerminate failed: EGL count is 2 but managed count is 1
07-09 07:18:13.691 25624 25624 D OpenGLRenderer: Flushing caches (mode 2)
07-09 07:18:13.691 25624 25624 D OpenGLRenderer: Flushing caches (mode 0)
07-09 07:18:13.691 25624 25624 W ManagedEGLContext: doTerminate failed: EGL count is 2 but managed count is 1
07-09 07:18:13.707 25624 25624 D OpenGLRenderer: Flushing caches (mode 2)
07-09 07:18:13.707 25624 25624 D OpenGLRenderer: Flushing caches (mode 0)
07-09 07:18:13.707 25624 25624 W ManagedEGLContext: doTerminate failed: EGL count is 2 but managed count is 1
07-09 07:18:15.035 28695 28698 D dalvikvm: GC_CONCURRENT freed 1107K, 9% free 13109K/14343K, paused 2ms+2ms
07-09 07:18:15.461 28695 28698 D dalvikvm: GC_CONCURRENT freed 1258K, 10% free 13175K/14535K, paused 3ms+3ms
07-09 07:18:15.687   143 11000 D dalvikvm: GC_EXPLICIT freed 812K, 15% free 17971K/21127K, paused 3ms+7ms
07-09 07:18:20.879 28695 28724 D dalvikvm: GC_FOR_ALLOC freed 793K, 9% free 13481K/14663K, paused 53ms
07-09 07:18:21.051 28695 28724 D dalvikvm: GC_FOR_ALLOC freed 369K, 10% free 13579K/15047K, paused 51ms
07-09 07:18:21.062 28695 28724 I dalvikvm-heap: Grow heap (frag case) to 13.663MB for 349220-byte allocation
07-09 07:18:21.113 28695 28724 D dalvikvm: GC_FOR_ALLOC freed 0K, 10% free 13920K/15431K, paused 43ms
07-09 07:18:22.117 28695 28698 D dalvikvm: GC_CONCURRENT freed 1005K, 8% free 14498K/15623K, paused 2ms+3ms
07-09 07:18:22.933 28129 28131 D dalvikvm: GC_CONCURRENT freed 483K, 6% free 9821K/10439K, paused 2ms+4ms
07-09 07:18:23.437 28129 28141 D dalvikvm: GC_EXPLICIT freed 187K, 8% free 9641K/10439K, paused 1ms+3ms
07-09 07:18:25.422 28695 28698 D dalvikvm: GC_CONCURRENT freed 1794K, 12% free 14466K/16391K, paused 2ms+4ms
07-09 07:18:31.805 28695 28698 D dalvikvm: GC_CONCURRENT freed 2931K, 20% free 13224K/16391K, paused 2ms+3ms
07-09 07:18:33.152 28107 28110 D dalvikvm: GC_CONCURRENT freed 570K, 7% free 9996K/10695K, paused 2ms+3ms
07-09 07:18:33.801 28695 28724 I SqliteDatabaseCpp: sqlite returned: error code = 1, msg = no such column: last_stats_sync_time, db=/data/data/com.google.android.apps.plus/databases/es0.db
07-09 07:18:33.816 28695 28724 E EsSyncAdapterService: Sync failure
07-09 07:18:33.816 28695 28724 E EsSyncAdapterService: android.database.sqlite.SQLiteException: no such column: last_stats_sync_time: , while compiling: SELECT last_stats_sync_time  FROM account_status
07-09 07:18:33.816 28695 28724 E EsSyncAdapterService: 	at android.database.sqlite.SQLiteCompiledSql.native_compile(Native Method)
07-09 07:18:33.816 28695 28724 E EsSyncAdapterService: 	at android.database.sqlite.SQLiteCompiledSql.<init>(SQLiteCompiledSql.java:68)
07-09 07:18:33.816 28695 28724 E EsSyncAdapterService: 	at android.database.sqlite.SQLiteProgram.compileSql(SQLiteProgram.java:143)
07-09 07:18:33.816 28695 28724 E EsSyncAdapterService: 	at android.database.sqlite.SQLiteProgram.compileAndbindAllArgs(SQLiteProgram.java:361)
07-09 07:18:33.816 28695 28724 E EsSyncAdapterService: 	at android.database.sqlite.SQLiteStatement.acquireAndLock(SQLiteStatement.java:260)
07-09 07:18:33.816 28695 28724 E EsSyncAdapterService: 	at android.database.sqlite.SQLiteStatement.simpleQueryForLong(SQLiteStatement.java:137)
07-09 07:18:33.816 28695 28724 E EsSyncAdapterService: 	at android.database.DatabaseUtils.longForQuery(DatabaseUtils.java:791)
07-09 07:18:33.816 28695 28724 E EsSyncAdapterService: 	at android.database.DatabaseUtils.longForQuery(DatabaseUtils.java:779)
07-09 07:18:33.816 28695 28724 E EsSyncAdapterService: 	at com.google.android.apps.plus.content.EsAccountsData.queryLastStatsSyncTimestamp(EsAccountsData.java:570)
07-09 07:18:33.816 28695 28724 E EsSyncAdapterService: 	at com.google.android.apps.plus.service.EsSyncAdapterService.syncContactsStatsIfNecessary(EsSyncAdapterService.java:670)
07-09 07:18:33.816 28695 28724 E EsSyncAdapterService: 	at com.google.android.apps.plus.service.EsSyncAdapterService.doFullSync(EsSyncAdapterService.java:633)
07-09 07:18:33.816 28695 28724 E EsSyncAdapterService: 	at com.google.android.apps.plus.service.EsSyncAdapterService.doSync(EsSyncAdapterService.java:566)
07-09 07:18:33.816 28695 28724 E EsSyncAdapterService: 	at com.google.android.apps.plus.service.EsSyncAdapterService.access$100(EsSyncAdapterService.java:52)
07-09 07:18:33.816 28695 28724 E EsSyncAdapterService: 	at com.google.android.apps.plus.service.EsSyncAdapterService$SyncAdapterImpl.onPerformSync(EsSyncAdapterService.java:408)
07-09 07:18:33.816 28695 28724 E EsSyncAdapterService: 	at android.content.AbstractThreadedSyncAdapter$SyncThread.run(AbstractThreadedSyncAdapter.java:247)
07-09 07:18:33.836   143   169 D SyncManager: failed sync operation lokeshmandvekar@gmail.com (com.google), com.google.android.apps.plus.content.EsProvider, SERVER, earliestRunTime 130504008, SyncResult: stats [ numParseExceptions: 1]
07-09 07:18:33.851   143   169 D SyncManager: not retrying sync operation because the error is a hard error: lokeshmandvekar@gmail.com (com.google), com.google.android.apps.plus.content.EsProvider, SERVER, earliestRunTime 133306507
07-09 07:18:38.894 28695 28698 D dalvikvm: GC_CONCURRENT freed 1232K, 19% free 13303K/16391K, paused 2ms+4ms
07-09 07:18:39.187 28695 28741 D dalvikvm: GC_EXPLICIT freed 329K, 20% free 13270K/16391K, paused 3ms+3ms
07-09 07:18:39.262 28129 28131 D dalvikvm: GC_CONCURRENT freed 263K, 7% free 9762K/10439K, paused 1ms+3ms
07-09 07:18:40.504 28129 28131 D dalvikvm: GC_CONCURRENT freed 361K, 7% free 9786K/10439K, paused 3ms+3ms
07-09 07:18:40.863 28107 28110 D dalvikvm: GC_CONCURRENT freed 367K, 7% free 10019K/10695K, paused 2ms+3ms
07-09 07:18:48.547 25624 25624 D OpenGLRenderer: Flushing caches (mode 2)
07-09 07:18:48.547 25624 25624 D OpenGLRenderer: Flushing caches (mode 0)
07-09 07:18:48.547 25624 25624 W ManagedEGLContext: doTerminate failed: EGL count is 2 but managed count is 1
07-09 07:18:49.828 25624 25624 D OpenGLRenderer: Flushing caches (mode 2)
07-09 07:18:49.828 25624 25624 D OpenGLRenderer: Flushing caches (mode 0)
07-09 07:18:49.832 25624 25624 W ManagedEGLContext: doTerminate failed: EGL count is 2 but managed count is 1
07-09 07:18:49.922 28142 28144 D dalvikvm: GC_CONCURRENT freed 509K, 8% free 10092K/10951K, paused 2ms+3ms
07-09 07:19:02.293 28129 28450 D dalvikvm: GC_EXPLICIT freed 277K, 7% free 9741K/10439K, paused 2ms+3ms
07-09 07:19:02.730   143 18119 D dalvikvm: GC_EXPLICIT freed 392K, 16% free 17925K/21127K, paused 3ms+7ms
07-09 07:19:02.816 25624 25624 D OpenGLRenderer: Flushing caches (mode 2)
07-09 07:19:02.816 25624 25624 D OpenGLRenderer: Flushing caches (mode 0)
07-09 07:19:02.816 25624 25624 W ManagedEGLContext: doTerminate failed: EGL count is 2 but managed count is 1
07-09 07:19:03.254 28107 28110 D dalvikvm: GC_CONCURRENT freed 420K, 7% free 10013K/10695K, paused 2ms+3ms
07-09 07:19:29.656 28245 28247 D dalvikvm: GC_CONCURRENT freed 736K, 7% free 11497K/12359K, paused 2ms+8ms
07-09 07:19:45.765   143   200 D DhcpInfoInternal: makeLinkProperties with empty dns2!
07-09 07:19:45.765   143   200 D DhcpInfoInternal: makeLinkProperties with empty dns2!
07-09 07:19:48.613 25624 25624 D OpenGLRenderer: Flushing caches (mode 2)
07-09 07:19:48.613 25624 25624 D OpenGLRenderer: Flushing caches (mode 0)
07-09 07:19:48.617 25624 25624 W ManagedEGLContext: doTerminate failed: EGL count is 2 but managed count is 1
07-09 07:19:49.933 25624 25624 D OpenGLRenderer: Flushing caches (mode 2)
07-09 07:19:49.933 25624 25624 D OpenGLRenderer: Flushing caches (mode 0)
07-09 07:19:49.933 25624 25624 W ManagedEGLContext: doTerminate failed: EGL count is 2 but managed count is 1
07-09 07:19:50.008 27212 27214 D dalvikvm: GC_CONCURRENT freed 505K, 11% free 10551K/11847K, paused 2ms+11ms
07-09 07:20:06.812 28291 28304 I PhoneLab-: Service Running
07-09 07:20:06.840 28291 28304 I PhoneLab-LoggerService: app_37    1296  1     1436   996   c00f181c 400107b4 S logcat
07-09 07:20:06.844 28291 28304 I PhoneLab-LoggerService: Logcat pid from database 1296
07-09 07:20:06.847 28291 28304 I PhoneLab-LoggerService: Logcat process found 1296
07-09 07:20:06.847 28291 28304 I PhoneLab-LoggerService: Checking Threshold
07-09 07:20:06.847 28291 28304 I PhoneLab-LoggerService: Starting to rename files
07-09 07:20:06.847 28291 28304 I PhoneLab-LoggerService: Files found .. 2
07-09 07:20:11.152 25624 25624 D OpenGLRenderer: Flushing caches (mode 2)
07-09 07:20:11.156 25624 25624 D OpenGLRenderer: Flushing caches (mode 0)
07-09 07:20:11.156 25624 25624 W ManagedEGLContext: doTerminate failed: EGL count is 2 but managed count is 1
07-09 07:20:14.789 25624 25624 D OpenGLRenderer: Flushing caches (mode 2)
07-09 07:20:14.793 25624 25624 D OpenGLRenderer: Flushing caches (mode 0)
07-09 07:20:14.793 25624 25624 W ManagedEGLContext: doTerminate failed: EGL count is 2 but managed count is 1
07-09 07:20:14.805   143 18119 W ActivityManager: finishReceiver called but no pending broadcasts
07-09 07:20:14.922 28077 28080 D dalvikvm: GC_CONCURRENT freed 607K, 12% free 11357K/12807K, paused 10ms+2ms
07-09 07:20:14.965 27212 27214 D dalvikvm: GC_CONCURRENT freed 392K, 10% free 10671K/11847K, paused 2ms+7ms
07-09 07:20:29.250 28291 28291 I PhoneLab-Locks: wake lock acquired
07-09 07:20:29.265 28291 28781 I PhoneLab-PeriodicCheckService: User info is synched
07-09 07:20:29.269 28291 28781 I PhoneLab-PeriodicCheckService: Logger Service is running
07-09 07:20:29.277 28291 28291 I PhoneLab-Locks: wake lock acquired
07-09 07:20:29.281 28291 28291 I PhoneLab-StatusMonitor: Status Monitoring is started
07-09 07:20:29.281 28291 28781 I PhoneLab-Locks: wake lock acquired
07-09 07:20:29.285 28291 28781 I PhoneLab-PeriodicCheckService: Rescheduling periodic checking...
07-09 07:20:29.289 28291 28781 I PhoneLab-Locks: wake lock released
07-09 07:20:29.320 28291 28291 E PhoneLab-PhoneLabManifest: java.io.FileNotFoundException: /data/data/edu.buffalo.cse.phonelab.phonelabservices/files/manifest.xml: open failed: ENOENT (No such file or directory)
07-09 07:20:29.371 28291 28292 D dalvikvm: GC_CONCURRENT freed 453K, 6% free 9098K/9671K, paused 1ms+2ms
07-09 07:20:29.394 28291 28291 I PhoneLab-Locks: wake lock released
07-09 07:20:29.402 28291 28291 I PhoneLab-UploadLogs: Transfering log files now
07-09 07:20:29.531 28291 28292 D dalvikvm: GC_CONCURRENT freed 358K, 6% free 9207K/9735K, paused 1ms+1ms
07-09 07:20:29.543 28291 28291 D dalvikvm: GC_FOR_ALLOC freed 7K, 6% free 9200K/9735K, paused 12ms
07-09 07:20:29.547 28291 28291 I dalvikvm-heap: Grow heap (frag case) to 9.171MB for 123476-byte allocation
07-09 07:20:29.574 28291 28300 D dalvikvm: GC_FOR_ALLOC freed 56K, 7% free 9264K/9863K, paused 17ms
07-09 07:20:29.601 28291 28291 D dalvikvm: GC_FOR_ALLOC freed 0K, 7% free 9264K/9863K, paused 12ms
07-09 07:20:29.605 28291 28291 I dalvikvm-heap: Grow heap (frag case) to 9.359MB for 254548-byte allocation
07-09 07:20:29.617 28291 28291 D dalvikvm: GC_FOR_ALLOC freed 120K, 8% free 9392K/10119K, paused 12ms
07-09 07:20:29.621 28291 28291 I dalvikvm-heap: Grow heap (frag case) to 9.733MB for 516692-byte allocation
07-09 07:20:29.648 28291 28292 D dalvikvm: GC_CONCURRENT freed 248K, 10% free 9647K/10631K, paused 1ms+2ms
07-09 07:20:29.652 28291 28291 I PhoneLab-UploadLogs: OnStartCommand
07-09 07:20:30.031 28291 28783 D dalvikvm: GC_FOR_ALLOC freed 383K, 10% free 9632K/10631K, paused 28ms
07-09 07:20:30.062 28291 28783 D dalvikvm: GC_FOR_ALLOC freed 301K, 10% free 9632K/10631K, paused 28ms
07-09 07:20:30.086 28291 28783 D dalvikvm: GC_FOR_ALLOC freed 301K, 10% free 9638K/10631K, paused 17ms
07-09 07:20:33.347 28291 28291 I PhoneLab-: 1341831367131.log is deleted
07-09 07:20:33.355 28291 28291 I PhoneLab-: Response: {"data": "done", "err": ""}
07-09 07:20:33.383 28291 28291 I PhoneLab-UploadLogs: No log files to transfer
07-09 07:20:33.387 28291 28291 I PhoneLab-Locks: wake lock released
07-09 07:20:48.633 25624 25624 D OpenGLRenderer: Flushing caches (mode 2)
07-09 07:20:48.637 25624 25624 D OpenGLRenderer: Flushing caches (mode 0)
07-09 07:20:48.637 25624 25624 W ManagedEGLContext: doTerminate failed: EGL count is 2 but managed count is 1
07-09 07:20:49.914 25624 25624 D OpenGLRenderer: Flushing caches (mode 2)
07-09 07:20:49.914 25624 25624 D OpenGLRenderer: Flushing caches (mode 0)
07-09 07:20:49.914 25624 25624 W ManagedEGLContext: doTerminate failed: EGL count is 2 but managed count is 1
07-09 07:20:50.008 28142 28144 D dalvikvm: GC_CONCURRENT freed 515K, 8% free 10087K/10951K, paused 2ms+2ms
07-09 07:21:31.617 25624 25626 D dalvikvm: GC_CONCURRENT freed 1176K, 19% free 12889K/15879K, paused 25ms+17ms
07-09 07:21:35.762 27377 27379 D dalvikvm: GC_CONCURRENT freed 801K, 16% free 11894K/14023K, paused 3ms+8ms
07-09 07:21:48.644 25624 25624 D OpenGLRenderer: Flushing caches (mode 2)
07-09 07:21:48.644 25624 25624 D OpenGLRenderer: Flushing caches (mode 0)
07-09 07:21:48.648 25624 25624 W ManagedEGLContext: doTerminate failed: EGL count is 2 but managed count is 1
07-09 07:21:49.918 27212 27214 D dalvikvm: GC_CONCURRENT freed 669K, 11% free 10552K/11847K, paused 2ms+2ms
07-09 07:21:49.949 25624 25624 D OpenGLRenderer: Flushing caches (mode 2)
07-09 07:21:49.953 25624 25624 D OpenGLRenderer: Flushing caches (mode 0)
07-09 07:21:49.953 25624 25624 W ManagedEGLContext: doTerminate failed: EGL count is 2 but managed count is 1
07-09 07:22:06.812 28291 28304 I PhoneLab-: Service Running
07-09 07:22:06.883 28291 28304 I PhoneLab-LoggerService: app_37    1296  1     1436   996   c00f181c 400107b4 S logcat
07-09 07:22:06.883 28291 28304 I PhoneLab-LoggerService: Logcat pid from database 1296
07-09 07:22:06.883 28291 28304 I PhoneLab-LoggerService: Logcat process found 1296
07-09 07:22:06.883 28291 28304 I PhoneLab-LoggerService: Checking Threshold
07-09 07:22:10.644   143   200 D DhcpInfoInternal: makeLinkProperties with empty dns2!
07-09 07:22:10.644   143   200 D DhcpInfoInternal: makeLinkProperties with empty dns2!
07-09 07:22:48.703 25624 25624 D OpenGLRenderer: Flushing caches (mode 2)
07-09 07:22:48.703 25624 25624 D OpenGLRenderer: Flushing caches (mode 0)
07-09 07:22:48.707 25624 25624 W ManagedEGLContext: doTerminate failed: EGL count is 2 but managed count is 1
07-09 07:22:50.023 25624 25624 D OpenGLRenderer: Flushing caches (mode 2)
07-09 07:22:50.027 25624 25624 D OpenGLRenderer: Flushing caches (mode 0)
07-09 07:22:50.027 25624 25624 W ManagedEGLContext: doTerminate failed: EGL count is 2 but managed count is 1
07-09 07:22:50.125 27077 27080 D dalvikvm: GC_CONCURRENT freed 320K, 6% free 10033K/10567K, paused 2ms+19ms
07-09 07:22:50.168 28142 28144 D dalvikvm: GC_CONCURRENT freed 500K, 8% free 10099K/10951K, paused 3ms+6ms
07-09 07:23:18.640   143   395 W ActivityManager: finishReceiver called but no pending broadcasts
07-09 07:23:18.738 27212 27214 D dalvikvm: GC_CONCURRENT freed 379K, 10% free 10684K/11847K, paused 2ms+3ms
07-09 07:23:19.797 27212 27214 D dalvikvm: GC_CONCURRENT freed 547K, 11% free 10575K/11847K, paused 6ms+2ms
07-09 07:23:44.543   143   159 V BackupManagerService: Running a backup pass
07-09 07:23:44.543   143   215 V BackupManagerService: Backup requested but nothing pending
07-09 07:23:54.801   143   177 I power   : *** set_screen_state 1
07-09 07:23:54.844 28317 28317 W GoogleVoice: PhoneCallListActivity: unknown action, threading as Intent.ACTION_MAIN: null
07-09 07:23:55.019    78   121 D SurfaceFlinger: Screen about to return, flinger = 0x1ddb918
07-09 07:23:55.074   143   177 I WindowManager: Lock screen displayed!
07-09 07:23:55.234 28317 28336 I System.out: [INFO:1565087]: LogSource: Running flush
07-09 07:23:55.250 28317 28338 I System.out: [INFO:1565100]: LogSource: Sending payload [bytes=487]
07-09 07:23:55.316   221   223 D dalvikvm: GC_CONCURRENT freed 385K, 31% free 9857K/14215K, paused 2ms+5ms
07-09 07:23:55.340   143   159 I Process : Sending signal. PID: 28317 SIG: 3
07-09 07:23:55.340 28317 28321 I dalvikvm: threadid=3: reacting to signal 3
07-09 07:23:55.465 28317 28321 I dalvikvm: Wrote stack traces to '/data/anr/traces.txt'
07-09 07:23:55.746 28317 28816 D dalvikvm: GC_FOR_ALLOC freed 478K, 7% free 11032K/11847K, paused 75ms
07-09 07:23:55.836   143   159 I Process : Sending signal. PID: 28317 SIG: 3
07-09 07:23:55.836 28317 28321 I dalvikvm: threadid=3: reacting to signal 3
07-09 07:23:55.933 28317 28816 D dalvikvm: GC_FOR_ALLOC freed 87K, 8% free 11016K/11847K, paused 71ms
07-09 07:23:55.941 28317 28321 I dalvikvm: Wrote stack traces to '/data/anr/traces.txt'
07-09 07:23:56.187 28129 28131 D dalvikvm: GC_CONCURRENT freed 313K, 6% free 9831K/10439K, paused 2ms+30ms
07-09 07:23:56.215 28317 28816 D dalvikvm: GC_FOR_ALLOC freed 69K, 8% free 11014K/11847K, paused 121ms
07-09 07:23:56.324 28317 28324 I dalvikvm: Jit: resizing JitTable from 4096 to 8192
07-09 07:23:56.445 28317 28816 D dalvikvm: GC_FOR_ALLOC freed 144K, 7% free 11019K/11847K, paused 107ms
07-09 07:23:56.672   221   221 D PhoneStatusBar: disable: < expand icons alerts ticker system_info BACK HOME recent* CLOCK >
07-09 07:23:56.746   221   221 D PhoneStatusBar: disable: < expand icons alerts ticker system_info back* home* recent clock* >
07-09 07:23:56.773   143 26971 D dalvikvm: GC_EXPLICIT freed 872K, 16% free 17879K/21127K, paused 3ms+11ms
07-09 07:23:56.773   143   143 W InputManagerService: Window already focused, ignoring focus gain of: com.android.internal.view.IInputMethodClient$Stub$Proxy@41d6abf0
07-09 07:23:56.902 28317 28816 D dalvikvm: GC_FOR_ALLOC freed 36K, 7% free 11051K/11847K, paused 85ms
07-09 07:23:56.902 28317 28816 I dalvikvm-heap: Grow heap (frag case) to 10.901MB for 36880-byte allocation
07-09 07:23:56.922   325   327 D dalvikvm: GC_CONCURRENT freed 1294K, 17% free 10126K/12103K, paused 2ms+15ms
07-09 07:23:56.949   325   325 D dalvikvm: GC_FOR_ALLOC freed 3K, 17% free 10123K/12103K, paused 17ms
07-09 07:23:56.949   325   325 I dalvikvm-heap: Grow heap (frag case) to 10.661MB for 739216-byte allocation
07-09 07:23:56.969   325   325 D dalvikvm: GC_FOR_ALLOC freed 0K, 11% free 10844K/12103K, paused 19ms
07-09 07:23:57.086 28317 28816 D dalvikvm: GC_FOR_ALLOC freed 2K, 7% free 11084K/11911K, paused 164ms
07-09 07:23:57.262 28129 28140 D dalvikvm: GC_EXPLICIT freed 287K, 7% free 9793K/10439K, paused 2ms+4ms
07-09 07:23:57.312 28317 28816 D dalvikvm: GC_FOR_ALLOC freed 135K, 7% free 11111K/11911K, paused 25ms
07-09 07:23:57.855 28317 28338 I System.out: [INFO:1567711]: LogSource: Response [http=200,length=288]
07-09 07:23:57.859 28317 28336 I System.out: [INFO:1567712]: LogSource: Read id 19, status code 200
07-09 07:23:57.894 28317 28336 I System.out: [INFO:1567748]: LogSource: Read id 18, status code 200
07-09 07:23:57.894 28317 28336 I System.out: [INFO:1567749]: LogSource: Read id 17, status code 200
07-09 07:23:58.453   221   223 D dalvikvm: GC_CONCURRENT freed 392K, 31% free 9906K/14215K, paused 2ms+3ms
07-09 07:23:58.551   221   223 D dalvikvm: GC_CONCURRENT freed 565K, 32% free 9804K/14215K, paused 2ms+4ms
07-09 07:23:58.808 28129 28131 D dalvikvm: GC_CONCURRENT freed 352K, 6% free 9836K/10439K, paused 63ms+3ms
07-09 07:23:58.992 28317 28336 I System.out: [INFO:1568847]: LogSource: Running flush
07-09 07:23:58.996 28317 28337 I System.out: [INFO:1568849]: LogSource: Sending payload [bytes=409]
07-09 07:23:59.058 28317 28819 D dalvikvm: GC_FOR_ALLOC freed 246K, 7% free 11123K/11911K, paused 33ms
07-09 07:23:59.187 28317 28337 I System.out: [INFO:1569040]: LogSource: Response [http=200,length=254]
07-09 07:23:59.187 28317 28336 I System.out: [INFO:1569041]: LogSource: Read id 20, status code 200
07-09 07:23:59.199 28317 28819 D dalvikvm: GC_EXPLICIT freed 221K, 7% free 11112K/11911K, paused 2ms+6ms
07-09 07:23:59.441 28317 28819 D dalvikvm: GC_FOR_ALLOC freed 224K, 8% free 11033K/11911K, paused 27ms
07-09 07:23:59.637 28129 28131 D dalvikvm: GC_CONCURRENT freed 402K, 5% free 9927K/10439K, paused 2ms+4ms
07-09 07:23:59.672   143   159 I Process : Sending signal. PID: 28317 SIG: 3
07-09 07:23:59.672 28317 28321 I dalvikvm: threadid=3: reacting to signal 3
07-09 07:23:59.719 28317 28819 D dalvikvm: GC_FOR_ALLOC freed 158K, 8% free 11070K/11911K, paused 40ms
07-09 07:23:59.726 28317 28317 W IInputConnectionWrapper: finishComposingText on inactive InputConnection
07-09 07:23:59.742 28317 28321 I dalvikvm: Wrote stack traces to '/data/anr/traces.txt'
07-09 07:23:59.945 28129 28333 D dalvikvm: GC_EXPLICIT freed 250K, 7% free 9774K/10439K, paused 5ms+10ms
07-09 07:24:00.008   143 11000 W InputManagerService: Starting input on non-focused client com.android.internal.view.IInputMethodClient$Stub$Proxy@418bbb10 (uid=10054 pid=28317)
07-09 07:24:00.113 28317 28819 D dalvikvm: GC_FOR_ALLOC freed 117K, 7% free 11102K/11911K, paused 73ms
07-09 07:24:00.367   143   159 I Process : Sending signal. PID: 24357 SIG: 3
07-09 07:24:00.367 24357 24362 I dalvikvm: threadid=3: reacting to signal 3
07-09 07:24:00.375 24357 24362 I dalvikvm: Wrote stack traces to '/data/anr/traces.txt'
07-09 07:24:01.043   143 11000 D dalvikvm: GC_EXPLICIT freed 686K, 17% free 17667K/21127K, paused 8ms+19ms
07-09 07:24:01.945   143   155 I ActivityManager: START {act=android.intent.action.MAIN cat=[android.intent.category.LAUNCHER] flg=0x10000000 pkg=com.whatsapp cmp=com.whatsapp/.Main bnds=[360,405][480,555]} from pid 24357
07-09 07:24:02.062 24357 24357 D OpenGLRenderer: Flushing caches (mode 1)
07-09 07:24:02.180   143 10999 I ActivityManager: START {cmp=com.whatsapp/.Conversations} from pid 28107
07-09 07:24:02.418 28107 28110 D dalvikvm: GC_CONCURRENT freed 385K, 7% free 10053K/10695K, paused 11ms+4ms
07-09 07:24:02.457 28107 28107 D dalvikvm: GC_FOR_ALLOC freed 8K, 6% free 10082K/10695K, paused 21ms
07-09 07:24:02.457 28107 28107 I dalvikvm-heap: Grow heap (frag case) to 10.101MB for 196256-byte allocation
07-09 07:24:02.484 28107 28107 D dalvikvm: GC_FOR_ALLOC freed <1K, 6% free 10273K/10887K, paused 20ms
07-09 07:24:02.515 28107 28107 D dalvikvm: GC_FOR_ALLOC freed 3K, 6% free 10281K/10887K, paused 19ms
07-09 07:24:02.519 28107 28107 I dalvikvm-heap: Grow heap (frag case) to 10.257MB for 155248-byte allocation
07-09 07:24:02.543 28107 28107 D dalvikvm: GC_FOR_ALLOC freed <1K, 6% free 10432K/11079K, paused 19ms
07-09 07:24:02.652   221   221 V PhoneStatusBar: setLightsOn(true)
07-09 07:24:02.687   143   159 I Process : Sending signal. PID: 28107 SIG: 3
07-09 07:24:02.687 28107 28112 I dalvikvm: threadid=3: reacting to signal 3
07-09 07:24:02.711 28107 28112 I dalvikvm: Wrote stack traces to '/data/anr/traces.txt'
07-09 07:24:02.926   143   176 I ActivityManager: Displayed com.whatsapp/.Conversations: +744ms (total +914ms)
07-09 07:24:02.937 24357 24357 D OpenGLRenderer: Flushing caches (mode 0)
07-09 07:24:03.168 28107 28822 D dalvikvm: GC_FOR_ALLOC freed 134K, 5% free 10629K/11079K, paused 29ms
07-09 07:24:05.301 28317 28819 D dalvikvm: GC_FOR_ALLOC freed 248K, 8% free 11025K/11911K, paused 54ms
07-09 07:24:05.484 28129 28131 D dalvikvm: GC_CONCURRENT freed 362K, 5% free 9923K/10439K, paused 2ms+9ms
07-09 07:24:05.621 28317 28819 D dalvikvm: GC_FOR_ALLOC freed 227K, 8% free 11015K/11911K, paused 57ms
07-09 07:24:05.699 28129 28450 D dalvikvm: GC_EXPLICIT freed 294K, 7% free 9755K/10439K, paused 2ms+3ms
07-09 07:24:05.902 28317 28819 D dalvikvm: GC_EXPLICIT freed 183K, 8% free 11027K/11911K, paused 6ms+10ms
07-09 07:24:06.816 28291 28304 I PhoneLab-: Service Running
07-09 07:24:06.902 28291 28292 D dalvikvm: GC_CONCURRENT freed 887K, 14% free 9155K/10631K, paused 8ms+5ms
07-09 07:24:06.941 28291 28304 I PhoneLab-LoggerService: app_37    1296  1     1436   996   c00f181c 400107b4 S logcat
07-09 07:24:06.941 28291 28304 I PhoneLab-LoggerService: Logcat pid from database 1296
07-09 07:24:06.941 28291 28304 I PhoneLab-LoggerService: Logcat process found 1296
07-09 07:24:06.941 28291 28304 I PhoneLab-LoggerService: Checking Threshold
07-09 07:24:12.785 28107 28110 D dalvikvm: GC_CONCURRENT freed 310K, 4% free 10888K/11271K, paused 4ms+5ms
07-09 07:24:12.859 28107 28107 D dalvikvm: GC_FOR_ALLOC freed 18K, 3% free 11292K/11591K, paused 24ms
07-09 07:24:12.859 28107 28107 D skia    : --- SkImageDecoder::Factory returned null
07-09 07:24:13.004   221   221 V PhoneStatusBar: setLightsOn(true)
07-09 07:24:13.051   143 24239 I ActivityManager: START {cmp=com.whatsapp/.Conversations} from pid 28107
07-09 07:24:13.086   143   155 W InputManagerService: Focus gain on non-focused client com.android.internal.view.IInputMethodClient$Stub$Proxy@41955030 (uid=10068 pid=28107)
07-09 07:24:13.129   143   159 I Process : Sending signal. PID: 28107 SIG: 3
07-09 07:24:13.129 28107 28112 I dalvikvm: threadid=3: reacting to signal 3
07-09 07:24:13.140 28107 28112 I dalvikvm: Wrote stack traces to '/data/anr/traces.txt'
07-09 07:24:13.152   143   176 I ActivityManager: Displayed com.whatsapp/.Conversation: +527ms
07-09 07:24:13.250   221   221 V PhoneStatusBar: setLightsOn(true)
07-09 07:24:13.344   143   176 I ActivityManager: Displayed com.whatsapp/.Conversations: +189ms
07-09 07:24:13.879   143 18119 W InputManagerService: Starting input on non-focused client com.android.internal.view.IInputMethodClient$Stub$Proxy@41955030 (uid=10068 pid=28107)
07-09 07:24:13.883 28107 28107 W IInputConnectionWrapper: showStatusIcon on inactive InputConnection
07-09 07:24:14.980   143   173 I power   : *** set_screen_state 0
07-09 07:24:15.031    78   121 D SurfaceFlinger: About to give-up screen, flinger = 0x1ddb918
07-09 07:24:15.320   143   177 D dalvikvm: GC_FOR_ALLOC freed 1557K, 18% free 17441K/21127K, paused 85ms
07-09 07:24:15.355   143   177 V TransportControlView: Create TCV com.android.internal.widget.TransportControlView@41815e10
07-09 07:24:15.387   221   221 D PhoneStatusBar: disable: < expand icons alerts ticker system_info back home RECENT* clock >
07-09 07:24:15.426   221   221 D PhoneStatusBar: disable: < expand icons alerts ticker system_info BACK* HOME* RECENT CLOCK* >
07-09 07:24:17.808 27212 27214 D dalvikvm: GC_CONCURRENT freed 392K, 11% free 10573K/11847K, paused 2ms+9ms
07-09 07:24:18.492   143   159 I power   : *** set_screen_state 1
07-09 07:24:18.512 28291 28291 I PhoneLab-PowerOnReceiver: Power is plugged off!
07-09 07:24:18.547   143   177 I WindowManager: Lock screen displayed!
07-09 07:24:18.683    78   121 D SurfaceFlinger: Screen about to return, flinger = 0x1ddb918
07-09 07:24:19.340 28291 28291 I PhoneLab-PowerOnReceiver: Power is plugged in!
07-09 07:24:19.340 28291 28291 I PhoneLab-PowerOnReceiver: Rescheduling periodic checking...
07-09 07:24:19.344   221   221 W PowerUI : unknown intent: Intent { act=android.intent.action.ACTION_POWER_CONNECTED flg=0x10000010 }
07-09 07:24:19.500 28291 28291 I PhoneLab-Locks: wake lock acquired
07-09 07:24:19.609   143   154 I ActivityManager: Start proc com.google.android.youtube for broadcast com.google.android.youtube/.app.prefetch.PrefetchService$DeviceStateReceiver: pid=28837 uid=10057 gids={3003, 1015, 1006}
07-09 07:24:19.629 28291 28291 I PhoneLab-UploadLogs: Transfering log files now
07-09 07:24:19.629 28291 28291 I PhoneLab-UploadLogs: No log files to transfer
07-09 07:24:19.633 28291 28291 I PhoneLab-Locks: wake lock released
07-09 07:24:19.640 28291 28291 I PhoneLab-UploadLogs: OnStartCommand
07-09 07:24:19.746    79    79 D dalvikvm: GC_EXPLICIT freed 38K, 4% free 9031K/9347K, paused 7ms+9ms
07-09 07:24:19.863    79    79 D dalvikvm: GC_EXPLICIT freed <1K, 4% free 9031K/9347K, paused 9ms+10ms
07-09 07:24:19.969    79    79 D dalvikvm: GC_EXPLICIT freed <1K, 4% free 9031K/9347K, paused 5ms+9ms
07-09 07:24:20.187 28837 28838 D dalvikvm: GC_CONCURRENT freed 176K, 3% free 9358K/9607K, paused 11ms+3ms
07-09 07:24:20.265 28837 28837 I ActivityThread: Pub com.google.android.youtube.SuggestionProvider: com.google.android.youtube.core.suggest.SuggestionProvider
07-09 07:24:20.769 28837 28838 D dalvikvm: GC_CONCURRENT freed 330K, 5% free 9507K/9927K, paused 19ms+8ms
07-09 07:24:20.773 28837 28846 W CursorWrapperInner: Cursor finalized without prior close()
07-09 07:24:20.773 28837 28846 W CursorWrapperInner: Cursor finalized without prior close()
07-09 07:24:20.937 28837 28838 D dalvikvm: GC_CONCURRENT freed 302K, 4% free 9730K/10119K, paused 2ms+6ms
07-09 07:24:20.941 27077 27088 D dalvikvm: GC_EXPLICIT freed 299K, 6% free 9992K/10567K, paused 2ms+8ms
07-09 07:24:21.047 28837 28838 D dalvikvm: GC_CONCURRENT freed 393K, 5% free 9910K/10375K, paused 2ms+3ms
07-09 07:24:21.176 28837 28838 D dalvikvm: GC_CONCURRENT freed 338K, 4% free 10094K/10503K, paused 2ms+3ms
07-09 07:24:21.301 28837 28838 D dalvikvm: GC_CONCURRENT freed 423K, 5% free 10200K/10695K, paused 2ms+5ms
07-09 07:24:21.414   143   403 D dalvikvm: GC_EXPLICIT freed 762K, 17% free 17611K/21127K, paused 3ms+11ms
07-09 07:24:21.523 28837 28838 D dalvikvm: GC_CONCURRENT freed 372K, 5% free 10259K/10759K, paused 3ms+2ms
07-09 07:24:21.683 28291 28291 I PhoneLab-PowerOnReceiver: Power is plugged off!
07-09 07:24:21.777 28291 28292 D dalvikvm: GC_CONCURRENT freed 539K, 15% free 9128K/10631K, paused 24ms+7ms
07-09 07:24:22.168 28423 28425 D dalvikvm: GC_CONCURRENT freed 317K, 5% free 9187K/9607K, paused 1ms+2ms
07-09 07:24:24.601 28837 28838 D dalvikvm: GC_CONCURRENT freed 313K, 4% free 10410K/10823K, paused 3ms+8ms
07-09 07:24:29.504 28291 28291 I PhoneLab-Locks: wake lock acquired
07-09 07:24:29.515 28291 28884 I PhoneLab-PeriodicCheckService: User info is synched
07-09 07:24:29.519 28291 28884 I PhoneLab-PeriodicCheckService: Logger Service is running
07-09 07:24:29.527 28291 28291 I PhoneLab-Locks: wake lock acquired
07-09 07:24:29.531 28291 28291 I PhoneLab-StatusMonitor: Status Monitoring is started
07-09 07:24:29.535 28291 28884 I PhoneLab-Locks: wake lock acquired
07-09 07:24:29.539 28291 28884 I PhoneLab-PeriodicCheckService: Rescheduling periodic checking...
07-09 07:24:29.543 28291 28291 E PhoneLab-PhoneLabManifest: java.io.FileNotFoundException: /data/data/edu.buffalo.cse.phonelab.phonelabservices/files/manifest.xml: open failed: ENOENT (No such file or directory)
07-09 07:24:29.543 28291 28884 I PhoneLab-Locks: wake lock released
07-09 07:24:29.558 28291 28291 I PhoneLab-Locks: wake lock released
07-09 07:24:29.562 28291 28291 I PhoneLab-UploadLogs: Transfering log files now
07-09 07:24:29.562 28291 28291 I PhoneLab-UploadLogs: No log files to transfer
07-09 07:24:29.562 28291 28291 I PhoneLab-Locks: wake lock released
07-09 07:24:29.562 28291 28291 I PhoneLab-UploadLogs: OnStartCommand
07-09 07:24:35.488   143   200 D DhcpInfoInternal: makeLinkProperties with empty dns2!
07-09 07:24:35.492   143   200 D DhcpInfoInternal: makeLinkProperties with empty dns2!
07-09 07:24:50.262 28142 28144 D dalvikvm: GC_CONCURRENT freed 490K, 8% free 10120K/10951K, paused 2ms+3ms
07-09 07:25:19.453   143   173 I power   : *** set_screen_state 0
07-09 07:25:19.500    78   121 D SurfaceFlinger: About to give-up screen, flinger = 0x1ddb918
07-09 07:25:19.601   143   177 V TransportControlView: Create TCV com.android.internal.widget.TransportControlView@4187f870
07-09 07:25:23.156 27212 27214 D dalvikvm: GC_CONCURRENT freed 379K, 11% free 10584K/11847K, paused 9ms+6ms
07-09 07:25:25.285   143   387 W ActivityManager: finishReceiver called but no pending broadcasts
07-09 07:25:25.422 27212 27214 D dalvikvm: GC_CONCURRENT freed 433K, 10% free 10671K/11847K, paused 2ms+6ms
07-09 07:26:50.171 27212 27214 D dalvikvm: GC_CONCURRENT freed 627K, 11% free 10571K/11847K, paused 2ms+2ms
07-09 07:26:50.187 28142 28144 D dalvikvm: GC_CONCURRENT freed 540K, 8% free 10090K/10951K, paused 2ms+3ms
07-09 07:26:59.804   143   403 I ActivityManager: Process com.google.android.apps.currents (pid 28077) has died.
07-09 07:27:00.148   143   200 D DhcpInfoInternal: makeLinkProperties with empty dns2!
07-09 07:27:00.148   143   200 D DhcpInfoInternal: makeLinkProperties with empty dns2!
07-09 07:27:50.246   221   223 D dalvikvm: GC_CONCURRENT freed 507K, 32% free 9749K/14215K, paused 2ms+10ms
07-09 07:27:50.304   221   223 D dalvikvm: GC_CONCURRENT freed 490K, 32% free 9734K/14215K, paused 1ms+3ms
07-09 07:27:50.375 28142 28144 D dalvikvm: GC_CONCURRENT freed 395K, 8% free 10084K/10951K, paused 12ms+22ms
07-09 07:27:50.379   221   223 D dalvikvm: GC_CONCURRENT freed 388K, 31% free 9831K/14215K, paused 2ms+8ms
07-09 07:27:56.097 28142 28144 D dalvikvm: GC_CONCURRENT freed 502K, 8% free 10092K/10951K, paused 21ms+10ms
07-09 07:27:58.031   221   223 D dalvikvm: GC_CONCURRENT freed 531K, 32% free 9726K/14215K, paused 2ms+3ms
07-09 07:28:29.074   143   403 W ActivityManager: finishReceiver called but no pending broadcasts
07-09 07:28:29.183 27212 27214 D dalvikvm: GC_CONCURRENT freed 381K, 10% free 10707K/11847K, paused 2ms+6ms
07-09 07:28:48.785 27212 27219 I dalvikvm: Jit: resizing JitTable from 4096 to 8192
07-09 07:28:50.082 27212 27214 D dalvikvm: GC_CONCURRENT freed 695K, 11% free 10573K/11847K, paused 2ms+11ms
07-09 07:28:50.164 28142 28154 D dalvikvm: GC_EXPLICIT freed 82K, 9% free 10045K/10951K, paused 8ms+7ms
07-09 07:28:50.433 27212 27214 D dalvikvm: GC_CONCURRENT freed 453K, 11% free 10618K/11847K, paused 2ms+2ms
07-09 07:28:50.711   143   177 I power   : *** set_screen_state 1
07-09 07:28:50.812   143   177 I WindowManager: Lock screen displayed!
07-09 07:28:50.933    78   121 D SurfaceFlinger: Screen about to return, flinger = 0x1ddb918
07-09 07:28:51.992   143   173 I power   : *** set_screen_state 0
07-09 07:28:52.043    78   121 D SurfaceFlinger: About to give-up screen, flinger = 0x1ddb918
07-09 07:28:52.191   143   145 D dalvikvm: GC_CONCURRENT freed 1781K, 16% free 17878K/21127K, paused 8ms+17ms
07-09 07:28:52.265   143   177 V TransportControlView: Create TCV com.android.internal.widget.TransportControlView@41334950
07-09 07:29:18.656 27077 28942 I EventLogService: Aggregate from 1341831558413 (log), 1341831558413 (data)
07-09 07:29:25.109   143   200 D DhcpInfoInternal: makeLinkProperties with empty dns2!
07-09 07:29:25.109   143   200 D DhcpInfoInternal: makeLinkProperties with empty dns2!
07-09 07:29:25.179 28291 28304 I PhoneLab-: Service Running
07-09 07:29:25.226 28291 28304 I PhoneLab-LoggerService: app_37    1296  1     1436   996   c00f181c 400107b4 S logcat
07-09 07:29:25.230 28291 28304 I PhoneLab-LoggerService: Logcat pid from database 1296
07-09 07:29:25.230 28291 28304 I PhoneLab-LoggerService: Logcat process found 1296
07-09 07:29:25.230 28291 28304 I PhoneLab-LoggerService: Checking Threshold
07-09 07:29:25.230 28291 28304 I PhoneLab-: Service Running
07-09 07:29:25.277 28291 28304 I PhoneLab-LoggerService: app_37    1296  1     1436   996   c00f181c 400107b4 S logcat
07-09 07:29:25.277 28291 28304 I PhoneLab-LoggerService: Logcat pid from database 1296
07-09 07:29:25.277 28291 28304 I PhoneLab-LoggerService: Logcat process found 1296
07-09 07:29:25.277 28291 28304 I PhoneLab-LoggerService: Checking Threshold
07-09 07:29:40.937   143  2263 W ActivityManager: finishReceiver called but no pending broadcasts
07-09 07:29:41.035 27212 27214 D dalvikvm: GC_CONCURRENT freed 447K, 10% free 10703K/11847K, paused 4ms+3ms
07-09 07:29:47.007   143   177 I power   : *** set_screen_state 1
07-09 07:29:47.086   143   177 I WindowManager: Lock screen displayed!
07-09 07:29:47.218   143   311 D dalvikvm: GC_EXPLICIT freed 1117K, 17% free 17657K/21127K, paused 11ms+13ms
07-09 07:29:47.234    78   121 D SurfaceFlinger: Screen about to return, flinger = 0x1ddb918
07-09 07:29:48.824   221   221 D PhoneStatusBar: disable: < expand icons alerts ticker system_info BACK HOME recent* CLOCK >
07-09 07:29:48.847   143   154 W InputManagerService: Window already focused, ignoring focus gain of: com.android.internal.view.IInputMethodClient$Stub$Proxy@4185f868
07-09 07:29:48.851   221   221 D PhoneStatusBar: disable: < expand icons alerts ticker system_info back* home* recent clock* >
07-09 07:29:48.937 28837 28838 D dalvikvm: GC_CONCURRENT freed 325K, 5% free 10497K/10951K, paused 9ms+5ms
07-09 07:29:49.429 28129 28131 D dalvikvm: GC_CONCURRENT freed 290K, 6% free 9853K/10439K, paused 5ms+7ms
07-09 07:29:50.172 28142 28144 D dalvikvm: GC_CONCURRENT freed 467K, 8% free 10087K/10951K, paused 2ms+5ms
07-09 07:30:06.375   143   173 I power   : *** set_screen_state 0
07-09 07:30:06.418    78   121 D SurfaceFlinger: About to give-up screen, flinger = 0x1ddb918
07-09 07:30:06.488   143   177 V TransportControlView: Create TCV com.android.internal.widget.TransportControlView@417a2970
07-09 07:30:06.511   221   221 D PhoneStatusBar: disable: < expand icons alerts ticker system_info back home RECENT* clock >
07-09 07:30:06.535   221   221 D PhoneStatusBar: disable: < expand icons alerts ticker system_info BACK* HOME* RECENT CLOCK* >
07-09 07:30:12.093   143 18119 W ActivityManager: finishReceiver called but no pending broadcasts
07-09 07:30:12.218 27212 27214 D dalvikvm: GC_CONCURRENT freed 549K, 10% free 10714K/11847K, paused 2ms+3ms
07-09 07:30:19.590   143   177 I power   : *** set_screen_state 1
07-09 07:30:19.644   143   177 I WindowManager: Lock screen displayed!
07-09 07:30:19.785    78   121 D SurfaceFlinger: Screen about to return, flinger = 0x1ddb918
07-09 07:30:21.562   221   221 D PhoneStatusBar: disable: < expand icons alerts ticker system_info BACK HOME recent* CLOCK >
07-09 07:30:21.582   143   403 W InputManagerService: Window already focused, ignoring focus gain of: com.android.internal.view.IInputMethodClient$Stub$Proxy@4195c438
07-09 07:30:21.590   221   221 D PhoneStatusBar: disable: < expand icons alerts ticker system_info back* home* recent clock* >
07-09 07:30:22.332 28291 28304 I PhoneLab-: Service Running
07-09 07:30:22.386 28291 28304 I PhoneLab-LoggerService: app_37    1296  1     1436   996   c00f181c 400107b4 S logcat
07-09 07:30:22.386 28291 28304 I PhoneLab-LoggerService: Logcat pid from database 1296
07-09 07:30:22.386 28291 28304 I PhoneLab-LoggerService: Logcat process found 1296
07-09 07:30:22.386 28291 28304 I PhoneLab-LoggerService: Checking Threshold
07-09 07:30:26.347   143   311 I ActivityManager: START {act=android.intent.action.MAIN cat=[android.intent.category.LAUNCHER] flg=0x10200000 cmp=com.google.android.talk/.SigningInActivity bnds=[96,706][192,802]} from pid 24357
07-09 07:30:26.457   143  1922 I ActivityManager: Start proc com.google.android.talk for activity com.google.android.talk/.SigningInActivity: pid=28970 uid=10045 gids={3003, 1015, 1006, 3002}
07-09 07:30:26.625 24357 24357 D OpenGLRenderer: Flushing caches (mode 1)
07-09 07:30:26.644 24357 24357 D OpenGLRenderer: Flushing caches (mode 0)
07-09 07:30:26.683 28970 28970 I ActivityThread: Pub com.google.android.talk.SuggestionProvider: com.google.android.talk.SuggestionsProvider
07-09 07:30:26.750 28970 28970 D vclib:CallStateClient: startListening
07-09 07:30:26.851 28970 28972 D dalvikvm: GC_CONCURRENT freed 163K, 3% free 9330K/9607K, paused 2ms+2ms
07-09 07:30:27.113   143   159 I Process : Sending signal. PID: 28970 SIG: 3
07-09 07:30:27.113 28970 28974 I dalvikvm: threadid=3: reacting to signal 3
07-09 07:30:27.343 28970 28974 I dalvikvm: Wrote stack traces to '/data/anr/traces.txt'
07-09 07:30:27.500   143   159 I Process : Sending signal. PID: 28970 SIG: 3
07-09 07:30:27.500 28970 28974 I dalvikvm: threadid=3: reacting to signal 3
07-09 07:30:27.562 28970 28974 I dalvikvm: Wrote stack traces to '/data/anr/traces.txt'
07-09 07:30:27.828 28970 28972 D dalvikvm: GC_CONCURRENT freed 209K, 3% free 9577K/9863K, paused 15ms+3ms
07-09 07:30:27.847 28970 28970 D vclib:CallStateClient: startListening
07-09 07:30:28.000   143   159 I Process : Sending signal. PID: 28970 SIG: 3
07-09 07:30:28.000 28970 28974 I dalvikvm: threadid=3: reacting to signal 3
07-09 07:30:28.011 28970 28974 I dalvikvm: Wrote stack traces to '/data/anr/traces.txt'
07-09 07:30:28.023 28970 28970 D libEGL  : loaded /system/lib/egl/libGLES_android.so
07-09 07:30:28.031 28970 28970 D libEGL  : loaded /vendor/lib/egl/libEGL_POWERVR_SGX540_120.so
07-09 07:30:28.074 28970 28970 D libEGL  : loaded /vendor/lib/egl/libGLESv1_CM_POWERVR_SGX540_120.so
07-09 07:30:28.078 28970 28970 D libEGL  : loaded /vendor/lib/egl/libGLESv2_POWERVR_SGX540_120.so
07-09 07:30:28.140 28970 28970 D OpenGLRenderer: Enabling debug mode 0
07-09 07:30:28.211   325   327 D dalvikvm: GC_CONCURRENT freed 1251K, 17% free 10137K/12103K, paused 2ms+6ms
07-09 07:30:28.250   143   176 I ActivityManager: Displayed com.google.android.talk/.SigningInActivity: +1s834ms
07-09 07:30:28.804 28970 28970 D vclib:CallStateClient: stopListening
07-09 07:30:28.804 28970 28970 D vclib:CallStateClient: startListening
07-09 07:30:28.941 28970 28972 D dalvikvm: GC_CONCURRENT freed 335K, 5% free 9693K/10119K, paused 2ms+2ms
07-09 07:30:29.121 28970 28972 D dalvikvm: GC_CONCURRENT freed 114K, 3% free 10070K/10311K, paused 2ms+3ms
07-09 07:30:30.547 28970 28972 D dalvikvm: GC_CONCURRENT freed 182K, 3% free 10332K/10631K, paused 2ms+7ms
07-09 07:30:30.925 28970 28972 D dalvikvm: GC_CONCURRENT freed 228K, 4% free 10585K/10951K, paused 2ms+5ms
07-09 07:30:31.996 28970 28972 D dalvikvm: GC_CONCURRENT freed 487K, 6% free 10573K/11207K, paused 1ms+5ms
07-09 07:30:32.285 28970 28972 D dalvikvm: GC_CONCURRENT freed 425K, 6% free 10586K/11207K, paused 2ms+3ms
07-09 07:30:32.949 28970 28972 D dalvikvm: GC_CONCURRENT freed 409K, 6% free 10588K/11207K, paused 2ms+3ms
07-09 07:30:34.730 28970 28972 D dalvikvm: GC_CONCURRENT freed 437K, 6% free 10643K/11207K, paused 2ms+4ms
07-09 07:30:34.902 28970 28970 D dalvikvm: GC_FOR_ALLOC freed 473K, 7% free 10570K/11271K, paused 19ms
07-09 07:30:35.097 28970 28972 D dalvikvm: GC_CONCURRENT freed 397K, 7% free 10570K/11271K, paused 2ms+3ms
07-09 07:30:35.265 28970 28972 D dalvikvm: GC_CONCURRENT freed 409K, 7% free 10549K/11271K, paused 5ms+4ms
07-09 07:30:38.570 28970 28970 D OpenGLRenderer: Flushing caches (mode 0)
07-09 07:30:38.601 28970 28970 D OpenGLRenderer: Flushing caches (mode 1)
07-09 07:30:38.617 28970 28970 D vclib:CallStateClient: stopListening
07-09 07:30:39.226   143   155 I ActivityManager: Process com.google.android.apps.maps:NetworkLocationService (pid 27212) has died.
07-09 07:30:39.226   143   155 W ActivityManager: Scheduling restart of crashed service com.google.android.apps.maps/com.google.android.location.internal.server.NetworkLocationService in 5000ms
07-09 07:30:44.254   143   160 I ActivityManager: Start proc com.google.android.apps.maps:NetworkLocationService for service com.google.android.apps.maps/com.google.android.location.internal.server.NetworkLocationService: pid=29002 uid=10056 gids={3003, 1015}
07-09 07:30:44.441 29002 29004 D dalvikvm: GC_CONCURRENT freed 156K, 3% free 9380K/9607K, paused 2ms+2ms
07-09 07:30:44.984 27077 27080 D dalvikvm: GC_CONCURRENT freed 385K, 5% free 10047K/10567K, paused 2ms+4ms
07-09 07:30:45.023 29002 29004 D dalvikvm: GC_CONCURRENT freed 189K, 3% free 9704K/9991K, paused 2ms+6ms
07-09 07:30:45.312 29002 29004 D dalvikvm: GC_CONCURRENT freed 150K, 3% free 10086K/10311K, paused 2ms+7ms
07-09 07:30:45.574 29002 29004 D dalvikvm: GC_CONCURRENT freed 651K, 7% free 9943K/10631K, paused 3ms+2ms
07-09 07:30:45.683   143   160 I ActivityManager: Start proc com.google.android.apps.maps:FriendService for broadcast com.google.android.apps.maps/com.google.googlenav.friend.android.ServiceReceiver: pid=29023 uid=10056 gids={3003, 1015}
07-09 07:30:45.816 29023 29025 D dalvikvm: GC_CONCURRENT freed 158K, 3% free 9377K/9607K, paused 2ms+2ms
07-09 07:30:46.031   143 11000 I ActivityManager: Process com.google.android.gm (pid 28464) has died.
07-09 07:30:46.043 29023 29025 D dalvikvm: GC_CONCURRENT freed 191K, 4% free 9689K/9991K, paused 1ms+2ms
07-09 07:30:46.265 29002 29009 I dalvikvm: Total arena pages for JIT: 11
07-09 07:30:46.265 29002 29009 I dalvikvm: Total arena pages for JIT: 12
07-09 07:30:46.269 29002 29009 I dalvikvm: Total arena pages for JIT: 13
07-09 07:30:46.273 29002 29009 I dalvikvm: Total arena pages for JIT: 14
07-09 07:30:46.277 29002 29009 I dalvikvm: Total arena pages for JIT: 15
07-09 07:30:46.277 29002 29009 I dalvikvm: Total arena pages for JIT: 16
07-09 07:30:46.277 29002 29009 I dalvikvm: Total arena pages for JIT: 17
07-09 07:30:46.382 29002 29009 I dalvikvm: Total arena pages for JIT: 18
07-09 07:30:46.511 29002 29004 D dalvikvm: GC_CONCURRENT freed 246K, 4% free 10209K/10631K, paused 3ms+7ms
07-09 07:30:47.101 29002 29004 D dalvikvm: GC_CONCURRENT freed 355K, 4% free 10395K/10823K, paused 3ms+3ms
07-09 07:30:48.179 29002 29004 D dalvikvm: GC_CONCURRENT freed 587K, 7% free 10349K/11015K, paused 2ms+7ms
07-09 07:30:48.355 28142 28144 D dalvikvm: GC_CONCURRENT freed 385K, 8% free 10109K/10951K, paused 2ms+11ms
07-09 07:30:52.082 24357 24360 D dalvikvm: GC_CONCURRENT freed 730K, 23% free 11821K/15303K, paused 13ms+3ms
07-09 07:30:52.125   143   155 I ActivityManager: START {act=android.intent.action.MAIN cat=[android.intent.category.LAUNCHER] flg=0x10200000 cmp=com.google.android.apps.googlevoice/.SplashActivity bnds=[360,556][480,706]} from pid 24357
07-09 07:30:52.273   143   155 D dalvikvm: GC_FOR_ALLOC freed 1285K, 14% free 18209K/21127K, paused 74ms
07-09 07:30:52.461   143   176 I ActivityManager: Displayed com.google.android.apps.googlevoice/.SplashActivity: +182ms
07-09 07:30:52.996   143   403 I ActivityManager: START {cmp=com.google.android.apps.googlevoice/.activity.conversationlist.ConversationListActivity (has extras)} from pid 28317
07-09 07:30:53.199 28317 28336 I System.out: [INFO:1983052]: LogSource: Running flush
07-09 07:30:53.203 28317 28336 I System.out: [INFO:1983058]: LogSource: Running flush
07-09 07:30:53.207 28317 28339 I System.out: [INFO:1983060]: LogSource: Sending payload [bytes=784]
07-09 07:30:53.226 24357 24357 D OpenGLRenderer: Flushing caches (mode 1)
07-09 07:30:53.433 28317 28336 I System.out: [INFO:1983286]: LogSource: Running flush
07-09 07:30:53.437 28317 28338 I System.out: [INFO:1983289]: LogSource: Sending payload [bytes=445]
07-09 07:30:53.523 28317 29038 D dalvikvm: GC_FOR_ALLOC freed 269K, 7% free 11166K/11911K, paused 33ms
07-09 07:30:53.695   143   159 I Process : Sending signal. PID: 28317 SIG: 3
07-09 07:30:53.695 28317 28321 I dalvikvm: threadid=3: reacting to signal 3
07-09 07:30:53.750 28317 28321 I dalvikvm: Wrote stack traces to '/data/anr/traces.txt'
07-09 07:30:53.828   143 10999 D dalvikvm: GC_EXPLICIT freed 1478K, 20% free 17055K/21127K, paused 3ms+16ms
07-09 07:30:53.953 28317 29038 D dalvikvm: GC_FOR_ALLOC freed 400K, 7% free 11215K/11975K, paused 29ms
07-09 07:30:54.132 28317 28339 I System.out: [INFO:1983985]: LogSource: Response [http=200,length=598]
07-09 07:30:54.132 28317 28336 I System.out: [INFO:1983986]: LogSource: Read id 22, status code 200
07-09 07:30:54.140 28317 28336 I System.out: [INFO:1983996]: LogSource: Read id 23, status code 200
07-09 07:30:54.195   143   159 I Process : Sending signal. PID: 28317 SIG: 3
07-09 07:30:54.195 28317 28321 I dalvikvm: threadid=3: reacting to signal 3
07-09 07:30:54.211 28129 28131 D dalvikvm: GC_CONCURRENT freed 416K, 6% free 9871K/10439K, paused 8ms+7ms
07-09 07:30:54.269 28129 28141 D dalvikvm: GC_EXPLICIT freed 168K, 8% free 9702K/10439K, paused 5ms+2ms
07-09 07:30:54.277 28317 28321 I dalvikvm: Can't dump thread 31: threadObj not set
07-09 07:30:54.293 28317 29038 D dalvikvm: GC_FOR_ALLOC freed 325K, 6% free 11318K/12039K, paused 80ms
07-09 07:30:54.300 28317 28336 I System.out: [INFO:1984154]: LogSource: Read id 21, status code 200
07-09 07:30:54.304 28317 28338 I System.out: [INFO:1984158]: LogSource: Response [http=200,length=271]
07-09 07:30:54.312 28317 28336 I System.out: [INFO:1984167]: LogSource: Read id 24, status code 200
07-09 07:30:54.324 28317 28336 I System.out: [INFO:1984177]: LogSource: Read id 25, status code 200
07-09 07:30:54.332 28317 28321 I dalvikvm: Wrote stack traces to '/data/anr/traces.txt'
07-09 07:30:54.695   143   159 I Process : Sending signal. PID: 28317 SIG: 3
07-09 07:30:54.695 28317 28321 I dalvikvm: threadid=3: reacting to signal 3
07-09 07:30:54.722 28317 28321 I dalvikvm: Wrote stack traces to '/data/anr/traces.txt'
07-09 07:30:54.773   143 26971 W AppWidgetService: updateAppWidgetProvider: provider doesn't exist: ComponentInfo{com.google.android.apps.googlevoice/com.google.android.apps.googlevoice.widget.WidgetSettingsProvider}
07-09 07:30:54.777   143   311 W AppWidgetService: updateAppWidgetProvider: provider doesn't exist: ComponentInfo{com.google.android.apps.googlevoice/com.google.android.apps.googlevoice.widget.WidgetInboxProvider}
07-09 07:30:54.949 28129 28131 D dalvikvm: GC_CONCURRENT freed 267K, 5% free 9931K/10439K, paused 1ms+23ms
07-09 07:30:55.000   143   176 I ActivityManager: Displayed com.google.android.apps.googlevoice/.activity.conversationlist.ConversationListActivity: +1s805ms
07-09 07:30:55.007 28317 28317 D GoogleVoice: com.google.android.apps.googlevoice.vvm.service.GvVvmService$Handler Handling message 1001
07-09 07:30:55.019   143 11000 W AppWidgetService: updateAppWidgetProvider: provider doesn't exist: ComponentInfo{com.google.android.apps.googlevoice/com.google.android.apps.googlevoice.widget.WidgetSettingsProvider}
07-09 07:30:55.023   143   143 W AppWidgetService: updateAppWidgetProvider: provider doesn't exist: ComponentInfo{com.google.android.apps.googlevoice/com.google.android.apps.googlevoice.widget.WidgetInboxProvider}
07-09 07:30:55.031 24357 24357 D OpenGLRenderer: Flushing caches (mode 0)
07-09 07:30:55.039   143   308 I ActivityManager: Process com.whatsapp (pid 28107) has died.
07-09 07:30:55.039   143   308 W ActivityManager: Scheduling restart of crashed service com.whatsapp/.messaging.MessageService in 5000ms
07-09 07:30:55.062 28317 28317 D GoogleVoice: com.google.android.apps.googlevoice.vvm.service.GvVvmService$Handler Handling message 1011
07-09 07:30:55.074 28317 28336 I System.out: [INFO:1984928]: LogSource: Running flush
07-09 07:30:55.074 28317 28337 I System.out: [INFO:1984929]: LogSource: Sending payload [bytes=420]
07-09 07:30:55.090 28317 29041 I GoogleVoice: Deleting all voicemails
07-09 07:30:55.207 28317 28319 D dalvikvm: GC_CONCURRENT freed 591K, 6% free 11429K/12103K, paused 6ms+6ms
07-09 07:30:55.871 28317 28337 I System.out: [INFO:1985725]: LogSource: Response [http=200,length=5472]
07-09 07:30:55.871 28317 28336 I System.out: [INFO:1985725]: LogSource: Read id 26, status code 200
07-09 07:30:56.035   143  1922 W AppWidgetService: updateAppWidgetProvider: provider doesn't exist: ComponentInfo{com.google.android.apps.googlevoice/com.google.android.apps.googlevoice.widget.WidgetSettingsProvider}
07-09 07:30:56.039   143 24239 W AppWidgetService: updateAppWidgetProvider: provider doesn't exist: ComponentInfo{com.google.android.apps.googlevoice/com.google.android.apps.googlevoice.widget.WidgetInboxProvider}
07-09 07:30:56.414 28317 28319 D dalvikvm: GC_CONCURRENT freed 678K, 7% free 11581K/12359K, paused 2ms+5ms
07-09 07:30:59.363 28317 28317 D GoogleVoice: A notification tickle arrived.
07-09 07:30:59.668 28317 28317 D dalvikvm: GC_EXPLICIT freed 585K, 7% free 11601K/12359K, paused 2ms+5ms
07-09 07:30:59.734   143   395 W AppWidgetService: updateAppWidgetProvider: provider doesn't exist: ComponentInfo{com.google.android.apps.googlevoice/com.google.android.apps.googlevoice.widget.WidgetSettingsProvider}
07-09 07:30:59.797   143   308 W AppWidgetService: updateAppWidgetProvider: provider doesn't exist: ComponentInfo{com.google.android.apps.googlevoice/com.google.android.apps.googlevoice.widget.WidgetInboxProvider}
07-09 07:30:59.898   143 10999 W AppWidgetService: updateAppWidgetProvider: provider doesn't exist: ComponentInfo{com.google.android.apps.googlevoice/com.google.android.apps.googlevoice.widget.WidgetSettingsProvider}
07-09 07:30:59.910   143  2263 W AppWidgetService: updateAppWidgetProvider: provider doesn't exist: ComponentInfo{com.google.android.apps.googlevoice/com.google.android.apps.googlevoice.widget.WidgetInboxProvider}
07-09 07:30:59.925 28317 28336 I System.out: [INFO:1989780]: LogSource: Running flush
07-09 07:30:59.929 28317 28336 I System.out: [INFO:1989784]: LogSource: Running flush
07-09 07:30:59.933 28317 28339 I System.out: [INFO:1989787]: LogSource: Sending payload [bytes=799]
07-09 07:30:59.972 28317 28336 I System.out: [INFO:1989827]: LogSource: Running flush
07-09 07:30:59.972 28317 28338 I System.out: [INFO:1989828]: LogSource: Sending payload [bytes=499]
07-09 07:31:00.035 28129 28333 D dalvikvm: GC_EXPLICIT freed 434K, 5% free 9922K/10439K, paused 1ms+29ms
07-09 07:31:00.078   143   160 I ActivityManager: Start proc com.whatsapp for service com.whatsapp/.messaging.MessageService: pid=29045 uid=10068 gids={1015, 3003}
07-09 07:31:00.164 29045 29045 I dalvikvm: Turning on JNI app bug workarounds for target SDK version 7...
07-09 07:31:00.175 28317 28339 I System.out: [INFO:1990028]: LogSource: Response [http=200,length=3069]
07-09 07:31:00.175 28317 28336 I System.out: [INFO:1990029]: LogSource: Read id 28, status code 200
07-09 07:31:00.175 28317 28336 I System.out: [INFO:1990030]: LogSource: Read id 29, status code 200
07-09 07:31:00.257 28317 28336 I System.out: [INFO:1990111]: LogSource: Read id 27, status code 200
07-09 07:31:00.375 28317 28338 I System.out: [INFO:1990230]: LogSource: Response [http=200,length=22]
07-09 07:31:00.375 28317 28336 I System.out: [INFO:1990231]: LogSource: Read id 30, status code 200
07-09 07:31:00.507   221   221 D dalvikvm: GC_FOR_ALLOC freed 266K, 31% free 9822K/14215K, paused 94ms
07-09 07:31:00.699   143 24239 D dalvikvm: GC_EXPLICIT freed 347K, 20% free 17072K/21127K, paused 3ms+40ms
07-09 07:31:00.703 28317 28317 D GoogleVoice: com.google.android.apps.googlevoice.vvm.service.GvVvmService$Handler Handling message 1001
07-09 07:31:00.711   143   154 W AppWidgetService: updateAppWidgetProvider: provider doesn't exist: ComponentInfo{com.google.android.apps.googlevoice/com.google.android.apps.googlevoice.widget.WidgetSettingsProvider}
07-09 07:31:00.715   143   395 W AppWidgetService: updateAppWidgetProvider: provider doesn't exist: ComponentInfo{com.google.android.apps.googlevoice/com.google.android.apps.googlevoice.widget.WidgetInboxProvider}
07-09 07:31:00.750 29045 29048 D dalvikvm: GC_CONCURRENT freed 169K, 3% free 9366K/9607K, paused 3ms+5ms
07-09 07:31:01.043 28317 28319 D dalvikvm: GC_CONCURRENT freed 901K, 8% free 11573K/12551K, paused 1ms+10ms
07-09 07:31:01.129 28317 28317 D GoogleVoice: com.google.android.apps.googlevoice.vvm.service.GvVvmService$Handler Handling message 1011
07-09 07:31:01.148 28317 29062 I GoogleVoice: Deleting all voicemails
07-09 07:31:01.320 28317 28336 I System.out: [INFO:1991173]: LogSource: Running flush
07-09 07:31:01.320 28317 28337 I System.out: [INFO:1991174]: LogSource: Sending payload [bytes=498]
07-09 07:31:01.402   143   311 W AppWidgetService: updateAppWidgetProvider: provider doesn't exist: ComponentInfo{com.google.android.apps.googlevoice/com.google.android.apps.googlevoice.widget.WidgetSettingsProvider}
07-09 07:31:01.414 29045 29048 D dalvikvm: GC_CONCURRENT freed 266K, 5% free 9587K/9991K, paused 2ms+3ms
07-09 07:31:01.418   143  1922 W AppWidgetService: updateAppWidgetProvider: provider doesn't exist: ComponentInfo{com.google.android.apps.googlevoice/com.google.android.apps.googlevoice.widget.WidgetInboxProvider}
07-09 07:31:01.511   143   308 W AppWidgetService: updateAppWidgetProvider: provider doesn't exist: ComponentInfo{com.google.android.apps.googlevoice/com.google.android.apps.googlevoice.widget.WidgetSettingsProvider}
07-09 07:31:01.515   143 26971 W AppWidgetService: updateAppWidgetProvider: provider doesn't exist: ComponentInfo{com.google.android.apps.googlevoice/com.google.android.apps.googlevoice.widget.WidgetInboxProvider}
07-09 07:31:01.613 28317 28337 I System.out: [INFO:1991466]: LogSource: Response [http=200,length=22]
07-09 07:31:01.613 28317 28336 I System.out: [INFO:1991466]: LogSource: Read id 31, status code 200
07-09 07:31:01.781 28129 28131 D dalvikvm: GC_CONCURRENT freed 502K, 6% free 9959K/10567K, paused 1ms+18ms
07-09 07:31:01.879   143   403 W AppWidgetService: updateAppWidgetProvider: provider doesn't exist: ComponentInfo{com.google.android.apps.googlevoice/com.google.android.apps.googlevoice.widget.WidgetSettingsProvider}
07-09 07:31:01.882   143   308 W AppWidgetService: updateAppWidgetProvider: provider doesn't exist: ComponentInfo{com.google.android.apps.googlevoice/com.google.android.apps.googlevoice.widget.WidgetInboxProvider}
07-09 07:31:01.886 28317 28317 D GoogleVoice: com.google.android.apps.googlevoice.vvm.service.GvVvmService$Handler Handling message 1001
07-09 07:31:01.898 28317 28336 I System.out: [INFO:1991753]: LogSource: Running flush
07-09 07:31:01.902 28317 28337 I System.out: [INFO:1991754]: LogSource: Sending payload [bytes=500]
07-09 07:31:01.941 28317 28317 D GoogleVoice: com.google.android.apps.googlevoice.vvm.service.GvVvmService$Handler Handling message 1011
07-09 07:31:01.957 28317 29065 I GoogleVoice: Deleting all voicemails
07-09 07:31:02.074 28317 28319 D dalvikvm: GC_CONCURRENT freed 801K, 8% free 11619K/12551K, paused 6ms+6ms
07-09 07:31:02.218 28317 28337 I System.out: [INFO:1992073]: LogSource: Response [http=200,length=22]
07-09 07:31:02.218 28317 28336 I System.out: [INFO:1992074]: LogSource: Read id 32, status code 200
07-09 07:31:02.320 29045 29045 I dalvikvm: Could not find method android.media.MediaMetadataRetriever.captureFrame, referenced from method com.whatsapp.q3.a
07-09 07:31:02.324 29045 29045 W dalvikvm: VFY: unable to resolve virtual method 502: Landroid/media/MediaMetadataRetriever;.captureFrame ()Landroid/graphics/Bitmap;
07-09 07:31:02.324 29045 29045 D dalvikvm: VFY: replacing opcode 0x6e at 0x0134
07-09 07:31:02.629 29045 29048 D dalvikvm: GC_CONCURRENT freed 265K, 4% free 9783K/10183K, paused 2ms+3ms
07-09 07:31:02.789 29045 29048 D dalvikvm: GC_CONCURRENT freed 342K, 5% free 9949K/10375K, paused 2ms+2ms
07-09 07:31:04.187   143   154 I ActivityManager: START {dat=googlevoice://conversations/6a610549e3cfcaf799f2d4e63bcb2ca874419209 flg=0x4000000 cmp=com.google.android.apps.googlevoice/.PhoneCallListActivity bnds=[0,119][480,215]} from pid -1
07-09 07:31:04.187   143   154 W ActivityManager: startActivity called from non-Activity context; forcing Intent.FLAG_ACTIVITY_NEW_TASK for: Intent { dat=googlevoice://conversations/6a610549e3cfcaf799f2d4e63bcb2ca874419209 flg=0x4000000 cmp=com.google.android.apps.googlevoice/.PhoneCallListActivity bnds=[0,119][480,215] }
07-09 07:31:04.218   143   395 W KeyguardViewMediator: verifyUnlock called when not externally disabled
07-09 07:31:04.414 28317 28317 W GoogleVoice: PhoneCallListActivity: unknown action, threading as Intent.ACTION_MAIN: null
07-09 07:31:04.429 28317 28336 I System.out: [INFO:1994284]: LogSource: Running flush
07-09 07:31:04.429 28317 28338 I System.out: [INFO:1994285]: LogSource: Sending payload [bytes=409]
07-09 07:31:04.660   143   155 W AppWidgetService: updateAppWidgetProvider: provider doesn't exist: ComponentInfo{com.google.android.apps.googlevoice/com.google.android.apps.googlevoice.widget.WidgetSettingsProvider}
07-09 07:31:04.664   143   311 W AppWidgetService: updateAppWidgetProvider: provider doesn't exist: ComponentInfo{com.google.android.apps.googlevoice/com.google.android.apps.googlevoice.widget.WidgetInboxProvider}
07-09 07:31:04.718   143   159 I Process : Sending signal. PID: 28317 SIG: 3
07-09 07:31:04.718 28317 28321 I dalvikvm: threadid=3: reacting to signal 3
07-09 07:31:04.761   221   223 D dalvikvm: GC_CONCURRENT freed 347K, 31% free 9919K/14215K, paused 2ms+5ms
07-09 07:31:04.785 28317 28336 I System.out: [INFO:1994638]: LogSource: Running flush
07-09 07:31:04.785 28317 28339 I System.out: [INFO:1994640]: LogSource: Sending payload [bytes=409]
07-09 07:31:04.793 28317 28338 I System.out: [INFO:1994649]: LogSource: Response [http=200,length=254]
07-09 07:31:04.797 28317 28336 I System.out: [INFO:1994649]: LogSource: Read id 33, status code 200
07-09 07:31:04.797 28317 28321 I dalvikvm: Wrote stack traces to '/data/anr/traces.txt'
07-09 07:31:04.836 28317 28336 I System.out: [INFO:1994690]: LogSource: Running flush
07-09 07:31:04.836 28317 28337 I System.out: [INFO:1994692]: LogSource: Sending payload [bytes=458]
07-09 07:31:04.984 28317 28339 I System.out: [INFO:1994840]: LogSource: Response [http=200,length=254]
07-09 07:31:04.988 28317 28336 I System.out: [INFO:1994841]: LogSource: Read id 34, status code 200
07-09 07:31:05.187 28317 28337 I System.out: [INFO:1995042]: LogSource: Response [http=200,length=22]
07-09 07:31:05.187 28317 28336 I System.out: [INFO:1995043]: LogSource: Read id 35, status code 200
07-09 07:31:05.222   143   159 I Process : Sending signal. PID: 28317 SIG: 3
07-09 07:31:05.222 28317 28321 I dalvikvm: threadid=3: reacting to signal 3
07-09 07:31:05.363 28317 28336 I System.out: [INFO:1995218]: LogSource: Running flush
07-09 07:31:05.363 28317 28321 I dalvikvm: Wrote stack traces to '/data/anr/traces.txt'
07-09 07:31:05.371 28317 28338 I System.out: [INFO:1995225]: LogSource: Sending payload [bytes=408]
07-09 07:31:05.453   143   176 I ActivityManager: Displayed com.google.android.apps.googlevoice/.PhoneCallListActivity: +1s236ms
07-09 07:31:05.496 28317 28338 I System.out: [INFO:1995351]: LogSource: Response [http=200,length=321]
07-09 07:31:05.496 28317 28336 I System.out: [INFO:1995351]: LogSource: Read id 36, status code 200
07-09 07:31:05.519 28317 28336 I System.out: [INFO:1995374]: LogSource: Running flush
07-09 07:31:05.531 28317 28336 I System.out: [INFO:1995384]: LogSource: Running flush
07-09 07:31:05.531 28317 28339 I System.out: [INFO:1995386]: LogSource: Sending payload [bytes=1470]
07-09 07:31:05.672 28317 28319 D dalvikvm: GC_CONCURRENT freed 780K, 8% free 11726K/12615K, paused 2ms+13ms
07-09 07:31:05.797 28317 28339 I System.out: [INFO:1995653]: LogSource: Response [http=200,length=10300]
07-09 07:31:05.800 28317 28336 I System.out: [INFO:1995654]: LogSource: Read id 37, status code 200
07-09 07:31:05.863 28317 28336 I System.out: [INFO:1995715]: LogSource: Read id 38, status code 200
07-09 07:31:05.890 28129 28131 D dalvikvm: GC_CONCURRENT freed 458K, 6% free 9960K/10567K, paused 1ms+24ms
07-09 07:31:05.953 28317 28336 I System.out: [INFO:1995806]: LogSource: Read id 39, status code 200
07-09 07:31:06.039 28317 28336 I System.out: [INFO:1995891]: LogSource: Read id 40, status code 200
07-09 07:31:06.179   143 18119 W AppWidgetService: updateAppWidgetProvider: provider doesn't exist: ComponentInfo{com.google.android.apps.googlevoice/com.google.android.apps.googlevoice.widget.WidgetSettingsProvider}
07-09 07:31:06.191   143   387 W AppWidgetService: updateAppWidgetProvider: provider doesn't exist: ComponentInfo{com.google.android.apps.googlevoice/com.google.android.apps.googlevoice.widget.WidgetInboxProvider}
07-09 07:31:06.351   143   395 W AppWidgetService: updateAppWidgetProvider: provider doesn't exist: ComponentInfo{com.google.android.apps.googlevoice/com.google.android.apps.googlevoice.widget.WidgetSettingsProvider}
07-09 07:31:06.355   143 11000 W AppWidgetService: updateAppWidgetProvider: provider doesn't exist: ComponentInfo{com.google.android.apps.googlevoice/com.google.android.apps.googlevoice.widget.WidgetInboxProvider}
07-09 07:31:06.488   143 18119 W AppWidgetService: updateAppWidgetProvider: provider doesn't exist: ComponentInfo{com.google.android.apps.googlevoice/com.google.android.apps.googlevoice.widget.WidgetSettingsProvider}
07-09 07:31:06.492   143   387 W AppWidgetService: updateAppWidgetProvider: provider doesn't exist: ComponentInfo{com.google.android.apps.googlevoice/com.google.android.apps.googlevoice.widget.WidgetInboxProvider}
07-09 07:31:06.496 28317 28317 D GoogleVoice: com.google.android.apps.googlevoice.vvm.service.GvVvmService$Handler Handling message 1001
07-09 07:31:06.511 28317 28317 D GoogleVoice: com.google.android.apps.googlevoice.vvm.service.GvVvmService$Handler Handling message 1011
07-09 07:31:06.531 28317 29077 I GoogleVoice: Deleting all voicemails
07-09 07:31:06.543 28317 28336 I System.out: [INFO:1996395]: LogSource: Running flush
07-09 07:31:06.543 28317 28337 I System.out: [INFO:1996397]: LogSource: Sending payload [bytes=577]
07-09 07:31:06.625 28129 28140 D dalvikvm: GC_EXPLICIT freed 283K, 8% free 9782K/10567K, paused 12ms+7ms
07-09 07:31:06.722   325   327 D dalvikvm: GC_CONCURRENT freed 520K, 17% free 10126K/12103K, paused 7ms+14ms
07-09 07:31:06.738   325   325 D dalvikvm: GC_FOR_ALLOC freed 2K, 17% free 10123K/12103K, paused 16ms
07-09 07:31:06.738   325   325 I dalvikvm-heap: Grow heap (frag case) to 10.661MB for 739216-byte allocation
07-09 07:31:06.754   325   325 D dalvikvm: GC_FOR_ALLOC freed 0K, 11% free 10845K/12103K, paused 15ms
07-09 07:31:06.793 28317 28337 I System.out: [INFO:1996646]: LogSource: Response [http=200,length=147]
07-09 07:31:06.793 28317 28336 I System.out: [INFO:1996647]: LogSource: Read id 45, status code 200
07-09 07:31:06.797 28317 28336 I System.out: [INFO:1996651]: LogSource: Read id 42, status code 200
07-09 07:31:06.797 28317 28336 I System.out: [INFO:1996651]: LogSource: Read id 44, status code 200
07-09 07:31:06.797 28317 28336 I System.out: [INFO:1996652]: LogSource: Read id 43, status code 200
07-09 07:31:06.800 28317 28336 I System.out: [INFO:1996653]: LogSource: Read id 41, status code 200
07-09 07:31:06.961 28317 28319 D dalvikvm: GC_CONCURRENT freed 962K, 9% free 11718K/12743K, paused 2ms+11ms
07-09 07:31:07.062   221   223 D dalvikvm: GC_CONCURRENT freed 456K, 31% free 9906K/14215K, paused 5ms+13ms
07-09 07:31:07.191   221   223 D dalvikvm: GC_CONCURRENT freed 417K, 31% free 9910K/14215K, paused 2ms+5ms
07-09 07:31:07.672 29045 29048 D dalvikvm: GC_CONCURRENT freed 300K, 5% free 10137K/10567K, paused 4ms+9ms
07-09 07:31:09.183 28317 28336 I System.out: [INFO:1999036]: LogSource: Running flush
07-09 07:31:09.195 28317 28338 I System.out: [INFO:1999049]: LogSource: Sending payload [bytes=455]
07-09 07:31:09.359 28317 28336 I System.out: [INFO:1999212]: LogSource: Running flush
07-09 07:31:09.359 28317 28339 I System.out: [INFO:1999213]: LogSource: Sending payload [bytes=409]
07-09 07:31:09.379 28317 28336 I System.out: [INFO:1999234]: LogSource: Running flush
07-09 07:31:09.382 28317 28337 I System.out: [INFO:1999238]: LogSource: Sending payload [bytes=448]
07-09 07:31:09.386 28317 28338 I System.out: [INFO:1999241]: LogSource: Response [http=200,length=96]
07-09 07:31:09.386 28317 28336 I System.out: [INFO:1999242]: LogSource: Read id 47, status code 200
07-09 07:31:09.390 28317 28336 I System.out: [INFO:1999243]: LogSource: Read id 46, status code 200
07-09 07:31:09.492 28317 28339 I System.out: [INFO:1999348]: LogSource: Response [http=200,length=254]
07-09 07:31:09.496 28317 28336 I System.out: [INFO:1999349]: LogSource: Read id 48, status code 200
07-09 07:31:09.695 28317 28337 I System.out: [INFO:1999550]: LogSource: Response [http=200,length=85]
07-09 07:31:09.699 28317 28336 I System.out: [INFO:1999551]: LogSource: Read id 49, status code 200
07-09 07:31:09.715 28317 28336 I System.out: [INFO:1999567]: LogSource: Running flush
07-09 07:31:09.715 28317 28338 I System.out: [INFO:1999568]: LogSource: Sending payload [bytes=408]
07-09 07:31:09.902 28317 28338 I System.out: [INFO:1999755]: LogSource: Response [http=200,length=325]
07-09 07:31:09.902 28317 28336 I System.out: [INFO:1999756]: LogSource: Read id 50, status code 200
07-09 07:31:09.922 28317 28336 I System.out: [INFO:1999774]: LogSource: Running flush
07-09 07:31:09.922 28317 28336 I System.out: [INFO:1999775]: LogSource: Running flush
07-09 07:31:09.925 28317 28339 I System.out: [INFO:1999778]: LogSource: Sending payload [bytes=1118]
07-09 07:31:10.207 28317 28339 I System.out: [INFO:2000062]: LogSource: Response [http=200,length=8870]
07-09 07:31:10.207 28317 28336 I System.out: [INFO:2000063]: LogSource: Read id 51, status code 200
07-09 07:31:10.226 28317 28336 I System.out: [INFO:2000079]: LogSource: Read id 52, status code 200
07-09 07:31:10.246 28317 28336 I System.out: [INFO:2000101]: LogSource: Read id 53, status code 200
07-09 07:31:10.359   143   154 W AppWidgetService: updateAppWidgetProvider: provider doesn't exist: ComponentInfo{com.google.android.apps.googlevoice/com.google.android.apps.googlevoice.widget.WidgetSettingsProvider}
07-09 07:31:10.363   143 11000 W AppWidgetService: updateAppWidgetProvider: provider doesn't exist: ComponentInfo{com.google.android.apps.googlevoice/com.google.android.apps.googlevoice.widget.WidgetInboxProvider}
07-09 07:31:10.492 28317 28319 D dalvikvm: GC_CONCURRENT freed 931K, 9% free 11687K/12743K, paused 2ms+18ms
07-09 07:31:10.593   143   311 W AppWidgetService: updateAppWidgetProvider: provider doesn't exist: ComponentInfo{com.google.android.apps.googlevoice/com.google.android.apps.googlevoice.widget.WidgetSettingsProvider}
07-09 07:31:10.597   143   308 W AppWidgetService: updateAppWidgetProvider: provider doesn't exist: ComponentInfo{com.google.android.apps.googlevoice/com.google.android.apps.googlevoice.widget.WidgetInboxProvider}
07-09 07:31:10.632   143   154 W AppWidgetService: updateAppWidgetProvider: provider doesn't exist: ComponentInfo{com.google.android.apps.googlevoice/com.google.android.apps.googlevoice.widget.WidgetSettingsProvider}
07-09 07:31:10.640 28317 28317 D GoogleVoice: com.google.android.apps.googlevoice.vvm.service.GvVvmService$Handler Handling message 1001
07-09 07:31:10.644   143   395 W AppWidgetService: updateAppWidgetProvider: provider doesn't exist: ComponentInfo{com.google.android.apps.googlevoice/com.google.android.apps.googlevoice.widget.WidgetInboxProvider}
07-09 07:31:10.699 28317 28317 D GoogleVoice: com.google.android.apps.googlevoice.vvm.service.GvVvmService$Handler Handling message 1011
07-09 07:31:10.715 28317 29083 I GoogleVoice: Deleting all voicemails
07-09 07:31:11.785   143   181 I ActivityManager: START {act=android.intent.action.MAIN cat=[android.intent.category.HOME] flg=0x10200000 cmp=com.android.launcher/com.android.launcher2.Launcher} from pid 143
07-09 07:31:11.988   221   221 D dalvikvm: GC_FOR_ALLOC freed 550K, 32% free 9727K/14215K, paused 46ms
07-09 07:31:12.031   143   400 W InputManagerService: Starting input on non-focused client com.android.internal.view.IInputMethodClient$Stub$Proxy@418bbb10 (uid=10054 pid=28317)
07-09 07:31:12.043 28317 28317 W IInputConnectionWrapper: showStatusIcon on inactive InputConnection
07-09 07:31:13.746   143 26971 I ActivityManager: START {act=android.intent.action.MAIN cat=[android.intent.category.LAUNCHER] flg=0x10000000 pkg=com.twitter.android cmp=com.twitter.android/.StartActivity bnds=[120,254][240,404]} from pid 24357
07-09 07:31:13.906 24357 24357 D OpenGLRenderer: Flushing caches (mode 1)
07-09 07:31:13.918 24357 24357 D OpenGLRenderer: Flushing caches (mode 0)
07-09 07:31:14.031 28245 28247 D dalvikvm: GC_CONCURRENT freed 682K, 7% free 11638K/12423K, paused 12ms+4ms
07-09 07:31:14.070 28245 28245 D dalvikvm: GC_FOR_ALLOC freed 26K, 7% free 11611K/12423K, paused 35ms
07-09 07:31:14.078 28245 28245 I dalvikvm-heap: Grow heap (frag case) to 13.953MB for 2668016-byte allocation
07-09 07:31:14.129 28245 28254 D dalvikvm: GC_FOR_ALLOC freed 0K, 6% free 14217K/15047K, paused 34ms
07-09 07:31:14.242 28245 28245 D dalvikvm: GC_FOR_ALLOC freed 38K, 6% free 14179K/15047K, paused 34ms
07-09 07:31:14.257 28245 28245 I dalvikvm-heap: Grow heap (frag case) to 19.644MB for 6006016-byte allocation
07-09 07:31:14.304 28245 28247 D dalvikvm: GC_CONCURRENT freed 0K, 5% free 20045K/20935K, paused 2ms+3ms
07-09 07:31:14.332   143   159 I Process : Sending signal. PID: 28245 SIG: 3
07-09 07:31:14.332 28245 28250 I dalvikvm: threadid=3: reacting to signal 3
07-09 07:31:14.351 28245 28250 I dalvikvm: Wrote stack traces to '/data/anr/traces.txt'
07-09 07:31:14.457   143 26971 I ActivityManager: START {flg=0x4000000 cmp=com.twitter.android/.HomeTabActivity} from pid 28245
07-09 07:31:14.789   221   221 V PhoneStatusBar: setLightsOn(true)
07-09 07:31:14.882 28245 28245 D libEGL  : loaded /system/lib/egl/libGLES_android.so
07-09 07:31:14.894 28245 28245 D libEGL  : loaded /vendor/lib/egl/libEGL_POWERVR_SGX540_120.so
07-09 07:31:14.976 28245 28245 D libEGL  : loaded /vendor/lib/egl/libGLESv1_CM_POWERVR_SGX540_120.so
07-09 07:31:14.980   143   159 I Process : Sending signal. PID: 28245 SIG: 3
07-09 07:31:14.980 28245 28250 I dalvikvm: threadid=3: reacting to signal 3
07-09 07:31:14.980 28245 28245 D libEGL  : loaded /vendor/lib/egl/libGLESv2_POWERVR_SGX540_120.so
07-09 07:31:15.074 28245 28250 I dalvikvm: Wrote stack traces to '/data/anr/traces.txt'
07-09 07:31:15.164   143   154 I ActivityManager: Process com.facebook.katana (pid 25624) has died.
07-09 07:31:15.164   143   154 W ActivityManager: Scheduling restart of crashed service com.facebook.katana/.service.FacebookService in 5000ms
07-09 07:31:15.164   143   154 W ActivityManager: Scheduling restart of crashed service com.facebook.katana/.service.BackgroundDetectionService in 15000ms
07-09 07:31:15.164   143   154 W ActivityManager: Scheduling restart of crashed service com.facebook.katana/.service.MediaUploadService in 15000ms
07-09 07:31:15.168   143   311 I WindowManager: WIN DEATH: Window{418dd658 com.facebook.katana/com.facebook.katana.activity.FbFragmentChromeActivity paused=false}
07-09 07:31:15.226 28245 28245 D OpenGLRenderer: Enabling debug mode 0
07-09 07:31:15.312   143   176 I ActivityManager: Displayed com.twitter.android/.HomeTabActivity: +837ms (total +1s484ms)
07-09 07:31:16.773 28245 28247 D dalvikvm: GC_CONCURRENT freed 3572K, 17% free 18454K/22151K, paused 6ms+6ms
07-09 07:31:18.863   143   143 I ActivityManager: START {cmp=com.twitter.android/.TweetActivity (has extras)} from pid 28245
07-09 07:31:19.015   221   221 V PhoneStatusBar: setLightsOn(true)
07-09 07:31:19.312   143   176 I ActivityManager: Displayed com.twitter.android/.TweetActivity: +413ms
07-09 07:31:19.379 28245 28245 D OpenGLRenderer: Flushing caches (mode 0)
07-09 07:31:20.222   143   160 I ActivityManager: Start proc com.facebook.katana for service com.facebook.katana/.service.FacebookService: pid=29103 uid=10071 gids={3003, 1006, 1015}
07-09 07:31:20.230 29103 29103 I dalvikvm: Turning on JNI app bug workarounds for target SDK version 7...
07-09 07:31:20.340   143   400 D dalvikvm: GC_EXPLICIT freed 1488K, 19% free 17149K/21127K, paused 3ms+13ms
07-09 07:31:20.531 29103 29105 D dalvikvm: GC_CONCURRENT freed 158K, 3% free 9377K/9607K, paused 2ms+2ms
07-09 07:31:20.722 29103 29103 I ActivityThread: Pub com.facebook.katana.provider.LoggingProvider: com.facebook.katana.provider.LoggingProvider
07-09 07:31:20.746 29103 29103 I ActivityThread: Pub com.facebook.katana.provider.KeyValueProvider: com.facebook.katana.provider.KeyValueProvider
07-09 07:31:20.746 29103 29103 I ActivityThread: Pub com.facebook.katana.provider.CacheProvider: com.facebook.katana.provider.CacheProvider
07-09 07:31:20.750 29103 29103 I ActivityThread: Pub com.facebook.katana.provider.MailboxProvider: com.facebook.katana.provider.MailboxProvider
07-09 07:31:20.761 29103 29103 I ActivityThread: Pub com.facebook.katana.provider.UserStatusesProvider: com.facebook.katana.provider.UserStatusesProvider
07-09 07:31:20.761 29103 29103 I ActivityThread: Pub com.facebook.katana.provider.EventsProvider: com.facebook.katana.provider.EventsProvider
07-09 07:31:20.761 29103 29103 I ActivityThread: Pub com.facebook.katana.provider.NotificationsProvider: com.facebook.katana.provider.NotificationsProvider
07-09 07:31:20.781 29103 29103 I ActivityThread: Pub com.facebook.katana.provider.UserValuesProvider: com.facebook.katana.provider.UserValuesProvider
07-09 07:31:20.781 29103 29103 I ActivityThread: Pub com.facebook.katana.provider.PagesProvider: com.facebook.katana.provider.PagesProvider
07-09 07:31:20.781 29103 29103 I ActivityThread: Pub com.facebook.katana.provider.MobileEventLogProvider: com.facebook.katana.provider.MobileEventLogProvider
07-09 07:31:20.781 29103 29103 I ActivityThread: Pub com.facebook.katana.provider.PushNotificationsProvider: com.facebook.katana.provider.PushNotificationsProvider
07-09 07:31:20.785 29103 29103 I ActivityThread: Pub com.facebook.katana.provider.PhotosProvider: com.facebook.katana.provider.PhotosProvider
07-09 07:31:20.785 29103 29103 I ActivityThread: Pub com.facebook.katana.provider.ConnectionsProvider: com.facebook.katana.provider.ConnectionsProvider
07-09 07:31:20.789 29103 29105 D dalvikvm: GC_CONCURRENT freed 152K, 3% free 9734K/9991K, paused 1ms+3ms
07-09 07:31:20.808 29103 29103 I ActivityThread: Pub com.facebook.orca.notify.FbandroidMessagesForegroundProvider: com.facebook.orca.notify.FbandroidMessagesForegroundProvider
07-09 07:31:20.851 29103 29103 D ACRA    : Retrieve application default SharedPreferences.
07-09 07:31:20.851 29103 29103 D ACRA    : Set OnSharedPreferenceChangeListener.
07-09 07:31:20.863 29103 29103 D ACRA    : ACRA is enabled for com.facebook.katana, intializing...
07-09 07:31:20.902 29103 29103 D ACRA    : Looking for error files in /data/data/com.facebook.katana/app_acra-reports
07-09 07:31:20.961 29103 29103 W nalizableReferenceQueue: Could not load Finalizer in its own class loader.Loading Finalizer in the current class loader instead. As a result, you will not be ableto garbage collect this class loader. To support reclaiming this class loader, eitherresolve the underlying issue, or move Google Collections to your system class path.
07-09 07:31:20.961 29103 29103 W nalizableReferenceQueue: java.io.FileNotFoundException: com/google/common/base/internal/Finalizer.class
07-09 07:31:20.961 29103 29103 W nalizableReferenceQueue: 	at com.google.common.base.FinalizableReferenceQueue$DecoupledLoader.getBaseUrl(FinalizableReferenceQueue.java:243)
07-09 07:31:20.961 29103 29103 W nalizableReferenceQueue: 	at com.google.common.base.FinalizableReferenceQueue$DecoupledLoader.loadFinalizer(FinalizableReferenceQueue.java:227)
07-09 07:31:20.961 29103 29103 W nalizableReferenceQueue: 	at com.google.common.base.FinalizableReferenceQueue.loadFinalizer(FinalizableReferenceQueue.java:155)
07-09 07:31:20.961 29103 29103 W nalizableReferenceQueue: 	at com.google.common.base.FinalizableReferenceQueue.<clinit>(FinalizableReferenceQueue.java:84)
07-09 07:31:20.961 29103 29103 W nalizableReferenceQueue: 	at com.google.common.collect.CustomConcurrentHashMap$QueueHolder.<clinit>(CustomConcurrentHashMap.java:650)
07-09 07:31:20.961 29103 29103 W nalizableReferenceQueue: 	at com.google.common.collect.CustomConcurrentHashMap$WeakEntry.<init>(CustomConcurrentHashMap.java:1342)
07-09 07:31:20.961 29103 29103 W nalizableReferenceQueue: 	at com.google.common.collect.CustomConcurrentHashMap$EntryFactory$9.newEntry(CustomConcurrentHashMap.java:453)
07-09 07:31:20.961 29103 29103 W nalizableReferenceQueue: 	at com.google.common.collect.CustomConcurrentHashMap.a(CustomConcurrentHashMap.java:1715)
07-09 07:31:20.961 29103 29103 W nalizableReferenceQueue: 	at com.google.common.collect.ComputingConcurrentHashMap$ComputingSegment.a(ComputingConcurrentHashMap.java:123)
07-09 07:31:20.961 29103 29103 W nalizableReferenceQueue: 	at com.google.common.collect.ComputingConcurrentHashMap.apply(ComputingConcurrentHashMap.java:71)
07-09 07:31:20.961 29103 29103 W nalizableReferenceQueue: 	at com.google.common.collect.MapMaker$ComputingMapAdapter.get(MapMaker.java:848)
07-09 07:31:20.961 29103 29103 W nalizableReferenceQueue: 	at com.google.inject.internal.Annotations$AnnotationChecker.a(Annotations.java:94)
07-09 07:31:20.961 29103 29103 W nalizableReferenceQueue: 	at com.google.inject.internal.Annotations.c(Annotations.java:112)
07-09 07:31:20.961 29103 29103 W nalizableReferenceQueue: 	at com.google.inject.Key.d(Key.java:369)
07-09 07:31:20.961 29103 29103 W nalizableReferenceQueue: 	at com.google.inject.Key.b(Key.java:356)
07-09 07:31:20.961 29103 29103 W nalizableReferenceQueue: 	at com.google.inject.Key.a(Key.java:267)
07-09 07:31:20.961 29103 29103 W nalizableReferenceQueue: 	at com.facebook.orca.inject.binder.AnnotatedBindingBuilderImpl.a(AnnotatedBindingBuilderImpl.java:22)
07-09 07:31:20.961 29103 29103 W nalizableReferenceQueue: 	at com.facebook.orca.app.FbBaseModule.a(FbBaseModule.java:74)
07-09 07:31:20.961 29103 29103 W nalizableReferenceQueue: 	at com.facebook.orca.inject.AbstractModule.a(AbstractModule.java:19)
07-09 07:31:20.961 29103 29103 W nalizableReferenceQueue: 	at com.facebook.orca.inject.FbInjectorImpl.a(FbInjectorImpl.java:61)
07-09 07:31:20.961 29103 29103 W nalizableReferenceQueue: 	at com.facebook.orca.inject.FbInjectorImpl.<init>(FbInjectorImpl.java:41)
07-09 07:31:20.961 29103 29103 W nalizableReferenceQueue: 	at com.facebook.orca.inject.FbInjector.a(FbInjector.java:40)
07-09 07:31:20.961 29103 29103 W nalizableReferenceQueue: 	at com.facebook.katana.FacebookApplication.onCreate(FacebookApplication.java:86)
07-09 07:31:20.961 29103 29103 W nalizableReferenceQueue: 	at android.app.Instrumentation.callApplicationOnCreate(Instrumentation.java:969)
07-09 07:31:20.961 29103 29103 W nalizableReferenceQueue: 	at android.app.ActivityThread.handleBindApplication(ActivityThread.java:3954)
07-09 07:31:20.961 29103 29103 W nalizableReferenceQueue: 	at android.app.ActivityThread.access$1300(ActivityThread.java:123)
07-09 07:31:20.961 29103 29103 W nalizableReferenceQueue: 	at android.app.ActivityThread$H.handleMessage(ActivityThread.java:1185)
07-09 07:31:20.961 29103 29103 W nalizableReferenceQueue: 	at android.os.Handler.dispatchMessage(Handler.java:99)
07-09 07:31:20.961 29103 29103 W nalizableReferenceQueue: 	at android.os.Looper.loop(Looper.java:137)
07-09 07:31:20.961 29103 29103 W nalizableReferenceQueue: 	at android.app.ActivityThread.main(ActivityThread.java:4424)
07-09 07:31:20.961 29103 29103 W nalizableReferenceQueue: 	at java.lang.reflect.Method.invokeNative(Native Method)
07-09 07:31:20.961 29103 29103 W nalizableReferenceQueue: 	at java.lang.reflect.Method.invoke(Method.java:511)
07-09 07:31:20.961 29103 29103 W nalizableReferenceQueue: 	at com.android.internal.os.ZygoteInit$MethodAndArgsCaller.run(ZygoteInit.java:784)
07-09 07:31:20.961 29103 29103 W nalizableReferenceQueue: 	at com.android.internal.os.ZygoteInit.main(ZygoteInit.java:551)
07-09 07:31:20.961 29103 29103 W nalizableReferenceQueue: 	at dalvik.system.NativeStart.main(Native Method)
07-09 07:31:20.961 29103 29103 I Finalizer: Couldn't access Thread.inheritableThreadLocals. Reference finalizer threads will inherit thread local values.
07-09 07:31:21.066 29103 29105 D dalvikvm: GC_CONCURRENT freed 396K, 5% free 9884K/10375K, paused 2ms+3ms
07-09 07:31:21.226 29103 29105 D dalvikvm: GC_CONCURRENT freed 380K, 5% free 10020K/10503K, paused 3ms+4ms
07-09 07:31:21.476 29103 29105 D dalvikvm: GC_CONCURRENT freed 388K, 5% free 10171K/10631K, paused 2ms+4ms
07-09 07:31:21.554 28245 28573 D dalvikvm: GC_FOR_ALLOC freed 7201K, 42% free 12986K/22151K, paused 63ms
07-09 07:31:21.562 28245 28573 I dalvikvm-heap: Grow heap (frag case) to 14.582MB for 1920016-byte allocation
07-09 07:31:21.644 28245 28254 D dalvikvm: GC_FOR_ALLOC freed 25K, 34% free 14835K/22151K, paused 71ms
07-09 07:31:21.707 28245 28247 D dalvikvm: GC_CONCURRENT freed 51K, 34% free 14784K/22151K, paused 2ms+6ms
07-09 07:31:21.797 29103 29119 W Resources: Converting to string: TypedValue{t=0x10/d=0xffffffff a=-1}
07-09 07:31:21.867 28245 28252 I dalvikvm: Jit: resizing JitTable from 4096 to 8192
07-09 07:31:21.875 29103 29105 D dalvikvm: GC_CONCURRENT freed 299K, 5% free 10270K/10759K, paused 3ms+3ms
07-09 07:31:22.340 29103 29105 D dalvikvm: GC_CONCURRENT freed 314K, 4% free 10423K/10823K, paused 6ms+3ms
07-09 07:31:23.265 29103 29105 D dalvikvm: GC_CONCURRENT freed 336K, 5% free 10487K/10951K, paused 7ms+4ms
07-09 07:31:23.636 29103 29105 D dalvikvm: GC_CONCURRENT freed 352K, 5% free 10531K/11015K, paused 4ms+4ms
07-09 07:31:23.929 29103 29105 D dalvikvm: GC_CONCURRENT freed 298K, 4% free 10661K/11079K, paused 3ms+4ms
07-09 07:31:27.019   221   221 V PhoneStatusBar: setLightsOn(true)
07-09 07:31:27.121 28245 28245 D OpenGLRenderer: Flushing caches (mode 0)
07-09 07:31:27.121   325   327 D dalvikvm: GC_CONCURRENT freed 1252K, 17% free 10137K/12103K, paused 6ms+17ms
07-09 07:31:33.246 29103 29105 D dalvikvm: GC_CONCURRENT freed 488K, 6% free 10652K/11271K, paused 2ms+3ms
07-09 07:31:47.574 28695 29140 I SqliteDatabaseCpp: sqlite returned: error code = 1, msg = no such column: wipeout_stats, db=/data/data/com.google.android.apps.plus/databases/es0.db
07-09 07:31:47.578 28695 29140 W System.err: android.database.sqlite.SQLiteException: no such column: wipeout_stats: , while compiling: SELECT wipeout_stats  FROM account_status
07-09 07:31:47.605 28695 29140 W System.err: 	at android.database.sqlite.SQLiteCompiledSql.native_compile(Native Method)
07-09 07:31:47.605 28695 29140 W System.err: 	at android.database.sqlite.SQLiteCompiledSql.<init>(SQLiteCompiledSql.java:68)
07-09 07:31:47.609 28695 29140 W System.err: 	at android.database.sqlite.SQLiteProgram.compileSql(SQLiteProgram.java:143)
07-09 07:31:47.609 28695 29140 W System.err: 	at android.database.sqlite.SQLiteProgram.compileAndbindAllArgs(SQLiteProgram.java:361)
07-09 07:31:47.609 28695 29140 W System.err: 	at android.database.sqlite.SQLiteStatement.acquireAndLock(SQLiteStatement.java:260)
07-09 07:31:47.609 28695 29140 W System.err: 	at android.database.sqlite.SQLiteStatement.simpleQueryForLong(SQLiteStatement.java:137)
07-09 07:31:47.609 28695 29140 W System.err: 	at android.database.DatabaseUtils.longForQuery(DatabaseUtils.java:791)
07-09 07:31:47.609 28695 29140 W System.err: 	at android.database.DatabaseUtils.longForQuery(DatabaseUtils.java:779)
07-09 07:31:47.609 28695 29140 W System.err: 	at com.google.android.apps.plus.content.EsAccountsData.isContactsStatsWipeoutNeeded(EsAccountsData.java:641)
07-09 07:31:47.609 28695 29140 W System.err: 	at com.google.android.apps.plus.service.EsService.processIntent(EsService.java:4246)
07-09 07:31:47.609 28695 29140 W System.err: 	at com.google.android.apps.plus.service.ServiceThread$1.run(ServiceThread.java:50)
07-09 07:31:47.609 28695 29140 W System.err: 	at android.os.Handler.handleCallback(Handler.java:605)
07-09 07:31:47.609 28695 29140 W System.err: 	at android.os.Handler.dispatchMessage(Handler.java:92)
07-09 07:31:47.609 28695 29140 W System.err: 	at android.os.Looper.loop(Looper.java:137)
07-09 07:31:47.613 28695 29140 W System.err: 	at com.google.android.apps.plus.service.ServiceThread.run(ServiceThread.java:122)
07-09 07:31:49.980   143   200 D DhcpInfoInternal: makeLinkProperties with empty dns2!
07-09 07:31:49.980   143   200 D DhcpInfoInternal: makeLinkProperties with empty dns2!
07-09 07:32:06.082 28245 28247 D dalvikvm: GC_CONCURRENT freed 1496K, 32% free 15093K/22151K, paused 2ms+20ms
07-09 07:32:06.824 28291 28304 I PhoneLab-: Service Running
07-09 07:32:06.949 28291 28304 I PhoneLab-LoggerService: app_37    1296  1     1436   996   c00f181c 400107b4 S logcat
07-09 07:32:06.957 28291 28304 I PhoneLab-LoggerService: Logcat pid from database 1296
07-09 07:32:06.961 28291 28304 I PhoneLab-LoggerService: Logcat process found 1296
07-09 07:32:06.961 28291 28304 I PhoneLab-LoggerService: Checking Threshold
07-09 07:32:25.093   143   181 I ActivityManager: START {act=android.intent.action.MAIN cat=[android.intent.category.HOME] flg=0x10200000 cmp=com.android.launcher/com.android.launcher2.Launcher} from pid 143
07-09 07:32:25.312 28245 28245 D OpenGLRenderer: Flushing caches (mode 0)
07-09 07:32:25.336   143   400 W InputManagerService: Starting input on non-focused client com.android.internal.view.IInputMethodClient$Stub$Proxy@417c5a28 (uid=10064 pid=28245)
07-09 07:32:25.363 28245 28245 D OpenGLRenderer: Flushing caches (mode 1)
07-09 07:32:28.847   143 18119 I ActivityManager: START {act=android.intent.action.MAIN cat=[android.intent.category.LAUNCHER] flg=0x10000000 pkg=com.instagram.android cmp=com.instagram.android/.activity.MainTabActivity bnds=[240,556][360,706]} from pid 24357
07-09 07:32:28.996   143 24239 I ActivityManager: Start proc com.instagram.android for activity com.instagram.android/.activity.MainTabActivity: pid=29165 uid=10083 gids={1006, 3003, 1015}
07-09 07:32:29.031 24357 24357 D OpenGLRenderer: Flushing caches (mode 1)
07-09 07:32:29.086 24357 24357 D OpenGLRenderer: Flushing caches (mode 0)
07-09 07:32:29.199 29165 29165 D dalvikvm: Trying to load lib /data/data/com.instagram.android/lib/libjni.so 0x41320c30
07-09 07:32:29.246 29165 29165 D dalvikvm: Added shared lib /data/data/com.instagram.android/lib/libjni.so 0x41320c30
07-09 07:32:29.363 29165 29168 D dalvikvm: GC_CONCURRENT freed 177K, 3% free 9358K/9607K, paused 7ms+4ms
07-09 07:32:29.519   143   159 I Process : Sending signal. PID: 29165 SIG: 3
07-09 07:32:29.519 29165 29170 I dalvikvm: threadid=3: reacting to signal 3
07-09 07:32:29.590 29165 29170 I dalvikvm: Wrote stack traces to '/data/anr/traces.txt'
07-09 07:32:29.945   143   400 I ActivityManager: START {flg=0x4000000 cmp=com.instagram.android/.activity.SignedOutFragmentLayout} from pid 29165
07-09 07:32:30.050 29165 29168 D dalvikvm: GC_CONCURRENT freed 299K, 4% free 9563K/9927K, paused 2ms+19ms
07-09 07:32:30.234 29165 29165 D dalvikvm: GC_FOR_ALLOC freed 30K, 4% free 9702K/10055K, paused 15ms
07-09 07:32:30.297 29165 29165 D libEGL  : loaded /system/lib/egl/libGLES_android.so
07-09 07:32:30.304 29165 29165 D libEGL  : loaded /vendor/lib/egl/libEGL_POWERVR_SGX540_120.so
07-09 07:32:30.312 29165 29165 D libEGL  : loaded /vendor/lib/egl/libGLESv1_CM_POWERVR_SGX540_120.so
07-09 07:32:30.316 29165 29165 D libEGL  : loaded /vendor/lib/egl/libGLESv2_POWERVR_SGX540_120.so
07-09 07:32:30.371 29165 29165 D OpenGLRenderer: Enabling debug mode 0
07-09 07:32:30.472   143   159 I Process : Sending signal. PID: 29165 SIG: 3
07-09 07:32:30.472 29165 29170 I dalvikvm: threadid=3: reacting to signal 3
07-09 07:32:30.492 29165 29184 D dalvikvm: GC_FOR_ALLOC freed 30K, 3% free 10028K/10247K, paused 20ms
07-09 07:32:30.515 29165 29170 I dalvikvm: Wrote stack traces to '/data/anr/traces.txt'
07-09 07:32:30.632   143   176 I ActivityManager: Displayed com.instagram.android/.activity.SignedOutFragmentLayout: +660ms (total +1s651ms)
07-09 07:32:30.703 29165 29168 D dalvikvm: GC_CONCURRENT freed 7K, 2% free 10482K/10631K, paused 2ms+2ms
07-09 07:32:30.750 29165 29186 D dalvikvm: GC_FOR_ALLOC freed <1K, 2% free 10834K/11015K, paused 19ms
07-09 07:32:30.886 29165 29168 D dalvikvm: GC_CONCURRENT freed 3K, 2% free 11361K/11527K, paused 4ms+4ms
07-09 07:32:31.113 29165 29191 D dalvikvm: GC_FOR_ALLOC freed 4K, 2% free 11977K/12167K, paused 22ms
07-09 07:32:33.218   143 26971 I ActivityManager: Process com.google.android.youtube (pid 28837) has died.
07-09 07:32:34.617   325   325 D dalvikvm: GC_FOR_ALLOC freed 390K, 17% free 10125K/12103K, paused 31ms
07-09 07:32:34.621   325   325 I dalvikvm-heap: Grow heap (frag case) to 10.663MB for 739216-byte allocation
07-09 07:32:34.691   325   327 D dalvikvm: GC_CONCURRENT freed 1K, 11% free 10845K/12103K, paused 3ms+7ms
07-09 07:32:34.898   221   223 D dalvikvm: GC_CONCURRENT freed 294K, 31% free 9909K/14215K, paused 3ms+7ms
07-09 07:32:34.961   143   403 I ActivityManager: Process com.google.android.apps.maps (pid 28212) has died.
07-09 07:32:34.961   143   403 W ActivityManager: Scheduling restart of crashed service com.google.android.apps.maps/com.google.googlenav.prefetch.android.PrefetcherService in 5000ms
07-09 07:32:35.074   221   221 D dalvikvm: GC_FOR_ALLOC freed 526K, 32% free 9724K/14215K, paused 35ms
07-09 07:32:39.980   143   160 I ActivityManager: Start proc com.google.android.apps.maps for service com.google.android.apps.maps/com.google.googlenav.prefetch.android.PrefetcherService: pid=29201 uid=10056 gids={3003, 1015}
07-09 07:32:40.156 29201 29203 D dalvikvm: GC_CONCURRENT freed 164K, 3% free 9371K/9607K, paused 5ms+2ms
07-09 07:32:40.328 29201 29201 I ActivityThread: Pub com.google.android.maps.SearchHistoryProvider: com.google.googlenav.provider.SearchHistoryProvider
07-09 07:32:40.363 29201 29201 I ActivityThread: Pub com.google.android.maps.SuggestionProvider: com.google.googlenav.suggest.android.SuggestContentProvider
07-09 07:32:40.437 29201 29201 I ActivityThread: Pub com.google.android.maps.LayerInfoProvider: com.google.googlenav.layer.LayerInfoProvider
07-09 07:32:40.535 29201 29201 I ActivityThread: Pub com.google.android.maps.TrafficAppWidgetProvider: com.google.googlenav.appwidget.traffic.TrafficAppWidgetProvider
07-09 07:32:40.539 29201 29201 I ActivityThread: Pub com.google.android.maps.LocalActivePlacesProvider: com.google.googlenav.provider.LocalActivePlacesProvider
07-09 07:32:40.539 29201 29201 I ActivityThread: Pub com.google.android.maps.StarredItemProvider: com.google.googlenav.provider.StarredItemProvider
07-09 07:32:40.660 29201 29203 D dalvikvm: GC_CONCURRENT freed 173K, 3% free 9674K/9927K, paused 5ms+2ms
07-09 07:32:40.929 29201 29201 I ActivityThread: Pub com.google.android.maps.LocalSuggestionProvider: com.google.googlenav.provider.LocalSuggestionProvider
07-09 07:32:40.929 29201 29201 I ActivityThread: Pub com.google.android.maps.NavigationAvailabilityProvider: com.google.googlenav.provider.NavigationAvailabilityProvider
07-09 07:32:41.047 29201 29203 D dalvikvm: GC_CONCURRENT freed 234K, 4% free 9913K/10247K, paused 7ms+3ms
07-09 07:32:41.125 29201 29216 D dalvikvm: GC_FOR_ALLOC freed 55K, 4% free 9955K/10311K, paused 28ms
07-09 07:32:41.183 29201 29217 D dalvikvm: GC_FOR_ALLOC freed 41K, 4% free 10163K/10567K, paused 37ms
07-09 07:32:41.183 29201 29217 I dalvikvm-heap: Grow heap (frag case) to 10.189MB for 204816-byte allocation
07-09 07:32:41.222 29201 29218 D dalvikvm: GC_FOR_ALLOC freed <1K, 5% free 10363K/10823K, paused 23ms
07-09 07:32:41.250   143   308 I ActivityManager: Process com.android.sprintmenu (pid 28173) has died.
07-09 07:32:41.250   143   308 W ActivityManager: Scheduling restart of crashed service com.android.sprintmenu/.HiddenPhoneService in 5000ms
07-09 07:32:41.277 29201 29226 D dalvikvm: GC_FOR_ALLOC freed 104K, 4% free 10438K/10823K, paused 20ms
07-09 07:32:41.316 29201 29227 D dalvikvm: GC_FOR_ALLOC freed 50K, 4% free 10653K/11079K, paused 22ms
07-09 07:32:41.320 29201 29227 I dalvikvm-heap: Grow heap (frag case) to 10.668MB for 204816-byte allocation
07-09 07:32:41.347 29201 29228 D dalvikvm: GC_FOR_ALLOC freed <1K, 5% free 10853K/11335K, paused 20ms
07-09 07:32:41.382   143   400 I ActivityManager: Process android.process.media (pid 28710) has died.
07-09 07:32:46.332   143   160 I ActivityManager: Start proc com.android.sprintmenu for service com.android.sprintmenu/.HiddenPhoneService: pid=29234 uid=1001 gids={3002, 3001, 3003, 1015}
07-09 07:32:46.449   143   143 I ActivityManager: Process com.google.android.gsf.login (pid 28423) has died.
07-09 07:32:47.410 24357 24357 D OpenGLRenderer: Flushing caches (mode 1)
07-09 07:32:47.414 28245 28245 D OpenGLRenderer: Flushing caches (mode 1)
07-09 07:32:47.468 28970 28970 D OpenGLRenderer: Flushing caches (mode 2)
07-09 07:32:48.832 29002 29004 D dalvikvm: GC_CONCURRENT freed 500K, 6% free 10360K/11015K, paused 2ms+3ms
07-09 07:32:48.867   325   325 D dalvikvm: GC_FOR_ALLOC freed 1037K, 17% free 10125K/12103K, paused 21ms
07-09 07:32:48.867   325   325 I dalvikvm-heap: Grow heap (frag case) to 10.663MB for 739216-byte allocation
07-09 07:32:48.910   325   327 D dalvikvm: GC_CONCURRENT freed 1K, 11% free 10845K/12103K, paused 2ms+2ms
07-09 07:32:49.113 28142 28144 D dalvikvm: GC_CONCURRENT freed 489K, 8% free 10131K/10951K, paused 3ms+8ms
07-09 07:32:57.746   325   325 D dalvikvm: GC_FOR_ALLOC freed 898K, 17% free 10124K/12103K, paused 18ms
07-09 07:32:57.746   325   325 I dalvikvm-heap: Grow heap (frag case) to 10.662MB for 739216-byte allocation
07-09 07:32:57.773   325   327 D dalvikvm: GC_CONCURRENT freed <1K, 11% free 10845K/12103K, paused 2ms+2ms
07-09 07:33:05.195   325   327 D dalvikvm: GC_CONCURRENT freed 961K, 15% free 10394K/12103K, paused 2ms+13ms
07-09 07:33:05.246   325   325 D dalvikvm: GC_FOR_ALLOC freed 6K, 15% free 10388K/12103K, paused 16ms
07-09 07:33:05.250   325   325 I dalvikvm-heap: Grow heap (frag case) to 10.919MB for 739216-byte allocation
07-09 07:33:05.265   325   325 D dalvikvm: GC_FOR_ALLOC freed 0K, 9% free 11110K/12103K, paused 18ms
07-09 07:33:09.793   221   223 D dalvikvm: GC_CONCURRENT freed 248K, 31% free 9929K/14215K, paused 2ms+22ms
07-09 07:33:09.937   221   223 D dalvikvm: GC_CONCURRENT freed 609K, 32% free 9808K/14215K, paused 2ms+3ms
07-09 07:33:10.675 29165 29168 D dalvikvm: GC_CONCURRENT freed 2766K, 23% free 10101K/12999K, paused 8ms+4ms
07-09 07:33:11.691 29165 29168 D dalvikvm: GC_CONCURRENT freed 338K, 22% free 10153K/12999K, paused 2ms+2ms
07-09 07:33:12.617 29165 29168 D dalvikvm: GC_CONCURRENT freed 345K, 21% free 10309K/12999K, paused 2ms+4ms
07-09 07:33:13.125 29165 29168 D dalvikvm: GC_CONCURRENT freed 346K, 21% free 10355K/12999K, paused 2ms+3ms
07-09 07:33:16.402   143 26971 I ActivityManager: START {cmp=com.instagram.android/.activity.TwitterAuthActivity} from pid 29165
07-09 07:33:16.582   143   176 I ActivityManager: Displayed com.instagram.android/.activity.TwitterAuthActivity: +136ms
07-09 07:33:16.590 29165 29165 D OpenGLRenderer: Flushing caches (mode 0)
07-09 07:33:17.332 27077 27080 D dalvikvm: GC_CONCURRENT freed 451K, 6% free 10045K/10631K, paused 3ms+4ms
07-09 07:33:19.156   325   325 D dalvikvm: GC_FOR_ALLOC freed 1110K, 15% free 10390K/12103K, paused 24ms
07-09 07:33:19.156   325   325 I dalvikvm-heap: Grow heap (frag case) to 10.921MB for 739216-byte allocation
07-09 07:33:19.203   325   327 D dalvikvm: GC_CONCURRENT freed 1K, 9% free 11110K/12103K, paused 2ms+5ms
07-09 07:33:19.355   221   223 D dalvikvm: GC_CONCURRENT freed 316K, 31% free 9908K/14215K, paused 2ms+3ms
07-09 07:33:19.402   221   221 D dalvikvm: GC_FOR_ALLOC freed 597K, 32% free 9725K/14215K, paused 18ms
07-09 07:33:19.488   221   223 D dalvikvm: GC_CONCURRENT freed 366K, 31% free 9812K/14215K, paused 2ms+3ms
07-09 07:33:27.750   325   325 D dalvikvm: GC_FOR_ALLOC freed 894K, 15% free 10389K/12103K, paused 17ms
07-09 07:33:27.754   325   325 I dalvikvm-heap: Grow heap (frag case) to 10.920MB for 739216-byte allocation
07-09 07:33:27.781   325   327 D dalvikvm: GC_CONCURRENT freed <1K, 9% free 11110K/12103K, paused 1ms+2ms
07-09 07:33:37.332 29165 29168 D dalvikvm: GC_CONCURRENT freed 327K, 20% free 10505K/12999K, paused 15ms+11ms
07-09 07:33:37.410   221   223 D dalvikvm: GC_CONCURRENT freed 309K, 31% free 9909K/14215K, paused 2ms+2ms
07-09 07:33:37.504   221   223 D dalvikvm: GC_CONCURRENT freed 571K, 31% free 9829K/14215K, paused 1ms+3ms
07-09 07:33:38.867 29165 29168 D dalvikvm: GC_CONCURRENT freed 317K, 19% free 10578K/12999K, paused 5ms+4ms
07-09 07:33:39.711 29165 29165 D OpenGLRenderer: Flushing caches (mode 0)
07-09 07:33:39.800 29165 29168 D dalvikvm: GC_CONCURRENT freed 537K, 20% free 10512K/12999K, paused 3ms+4ms
07-09 07:33:40.976 29165 29168 D dalvikvm: GC_CONCURRENT freed 164K, 18% free 10732K/12999K, paused 3ms+5ms
07-09 07:33:41.691 29165 29168 D dalvikvm: GC_CONCURRENT freed 273K, 17% free 10902K/12999K, paused 3ms+6ms
07-09 07:33:42.328 29165 29168 D dalvikvm: GC_CONCURRENT freed 489K, 17% free 10918K/12999K, paused 5ms+4ms
07-09 07:33:43.054 29165 29168 D dalvikvm: GC_CONCURRENT freed 526K, 17% free 10902K/12999K, paused 5ms+4ms
07-09 07:33:43.726 29165 29168 D dalvikvm: GC_CONCURRENT freed 539K, 17% free 10913K/12999K, paused 7ms+4ms
07-09 07:33:43.988 29165 29168 D dalvikvm: GC_CONCURRENT freed 507K, 17% free 10909K/12999K, paused 2ms+4ms
07-09 07:33:44.187 29165 29168 D dalvikvm: GC_CONCURRENT freed 448K, 16% free 10966K/12999K, paused 2ms+3ms
07-09 07:33:45.082 29165 29168 D dalvikvm: GC_CONCURRENT freed 476K, 16% free 11010K/12999K, paused 3ms+5ms
07-09 07:33:48.902   143  1922 D dalvikvm: JIT code cache reset in 4 ms (1048476 bytes 28/0)
07-09 07:33:48.933   143  1922 D dalvikvm: GC_EXPLICIT freed 1796K, 19% free 17220K/21127K, paused 5ms+23ms
07-09 07:33:49.328 29165 29172 I dalvikvm: Jit: resizing JitTable from 4096 to 8192
07-09 07:33:49.800 29165 29168 D dalvikvm: GC_CONCURRENT freed 628K, 16% free 10942K/12999K, paused 2ms+6ms
07-09 07:33:57.793 29165 29168 D dalvikvm: GC_CONCURRENT freed 499K, 16% free 10986K/12999K, paused 13ms+13ms
07-09 07:34:06.843 28291 28304 I PhoneLab-: Service Running
07-09 07:34:06.957 28291 28304 I PhoneLab-LoggerService: app_37    1296  1     1436   996   c00f181c 400107b4 S logcat
07-09 07:34:06.957 28291 28304 I PhoneLab-LoggerService: Logcat pid from database 1296
07-09 07:34:06.957 28291 28304 I PhoneLab-LoggerService: Logcat process found 1296
07-09 07:34:06.957 28291 28304 I PhoneLab-LoggerService: Checking Threshold
07-09 07:34:07.465 29165 29168 D dalvikvm: GC_CONCURRENT freed 513K, 16% free 11001K/12999K, paused 3ms+5ms
07-09 07:34:10.613 29165 29168 D dalvikvm: GC_CONCURRENT freed 542K, 16% free 11000K/12999K, paused 2ms+4ms
07-09 07:34:14.918   143   200 D DhcpInfoInternal: makeLinkProperties with empty dns2!
07-09 07:34:14.918   143   200 D DhcpInfoInternal: makeLinkProperties with empty dns2!
07-09 07:34:15.234 29165 29168 D dalvikvm: GC_CONCURRENT freed 559K, 16% free 10975K/12999K, paused 2ms+10ms
07-09 07:34:17.164 29165 29168 D dalvikvm: GC_CONCURRENT freed 488K, 16% free 11021K/12999K, paused 2ms+3ms
07-09 07:34:19.535 29165 29168 D dalvikvm: GC_CONCURRENT freed 572K, 16% free 11001K/12999K, paused 3ms+4ms
07-09 07:34:23.992 29165 29168 D dalvikvm: GC_CONCURRENT freed 572K, 16% free 10994K/12999K, paused 2ms+5ms
07-09 07:34:29.382 29165 29168 D dalvikvm: GC_CONCURRENT freed 535K, 16% free 11003K/12999K, paused 4ms+4ms
07-09 07:34:33.746 29165 29168 D dalvikvm: GC_CONCURRENT freed 555K, 16% free 10993K/12999K, paused 3ms+5ms
07-09 07:34:40.261 29165 29168 D dalvikvm: GC_CONCURRENT freed 576K, 16% free 11011K/12999K, paused 2ms+5ms
07-09 07:34:48.871 29002 29004 D dalvikvm: GC_CONCURRENT freed 507K, 6% free 10365K/11015K, paused 2ms+9ms
07-09 07:34:48.961 27077 27101 D dalvikvm: GC_EXPLICIT freed 55K, 6% free 10004K/10631K, paused 2ms+3ms
07-09 07:34:49.074 28142 28144 D dalvikvm: GC_CONCURRENT freed 524K, 8% free 10119K/10951K, paused 2ms+4ms
07-09 07:34:49.312 28142 28144 D dalvikvm: GC_CONCURRENT freed 224K, 7% free 10287K/10951K, paused 6ms+6ms
07-09 07:34:53.578 29165 29168 D dalvikvm: GC_CONCURRENT freed 545K, 16% free 11005K/12999K, paused 2ms+7ms
07-09 07:35:02.929 29165 29168 D dalvikvm: GC_CONCURRENT freed 505K, 16% free 11041K/12999K, paused 2ms+4ms
07-09 07:35:17.152 29165 29168 D dalvikvm: GC_CONCURRENT freed 703K, 17% free 10897K/12999K, paused 3ms+4ms
07-09 07:35:18.050 29165 29168 D dalvikvm: GC_CONCURRENT freed 416K, 16% free 11016K/12999K, paused 8ms+4ms
07-09 07:35:19.609   143 26971 I ActivityManager: START {cmp=com.facebook.katana/.ProxyAuth (has extras)} from pid 29165
07-09 07:35:19.722 29165 29165 D OpenGLRenderer: Flushing caches (mode 1)
07-09 07:35:20.203   143   159 I Process : Sending signal. PID: 29103 SIG: 3
07-09 07:35:20.203 29103 29108 I dalvikvm: threadid=3: reacting to signal 3
07-09 07:35:20.394 29103 29108 I dalvikvm: Wrote stack traces to '/data/anr/traces.txt'
07-09 07:35:20.695   143   159 I Process : Sending signal. PID: 29103 SIG: 3
07-09 07:35:20.695 29103 29108 I dalvikvm: threadid=3: reacting to signal 3
07-09 07:35:20.765 29103 29108 I dalvikvm: Wrote stack traces to '/data/anr/traces.txt'
07-09 07:35:20.945 29103 29103 D dalvikvm: GC_FOR_ALLOC freed 317K, 5% free 10734K/11271K, paused 73ms
07-09 07:35:20.961 29103 29103 I dalvikvm-heap: Grow heap (frag case) to 10.730MB for 187996-byte allocation
07-09 07:35:21.031 29103 29311 D dalvikvm: GC_FOR_ALLOC freed 12K, 5% free 10905K/11463K, paused 60ms
07-09 07:35:21.195   143   159 I Process : Sending signal. PID: 29103 SIG: 3
07-09 07:35:21.195 29103 29108 I dalvikvm: threadid=3: reacting to signal 3
07-09 07:35:21.218 29103 29108 I dalvikvm: Wrote stack traces to '/data/anr/traces.txt'
07-09 07:35:21.597 29103 29105 D dalvikvm: GC_CONCURRENT freed 286K, 4% free 11229K/11591K, paused 7ms+81ms
07-09 07:35:21.668   221   221 V PhoneStatusBar: setLightsOn(true)
07-09 07:35:21.707   143   159 I Process : Sending signal. PID: 29103 SIG: 3
07-09 07:35:21.711 29103 29108 I dalvikvm: threadid=3: reacting to signal 3
07-09 07:35:22.007 29103 29108 I dalvikvm: Wrote stack traces to '/data/anr/traces.txt'
07-09 07:35:22.246   143   159 I Process : Sending signal. PID: 29103 SIG: 3
07-09 07:35:22.246 29103 29108 I dalvikvm: threadid=3: reacting to signal 3
07-09 07:35:22.273 29103 29108 I dalvikvm: Wrote stack traces to '/data/anr/traces.txt'
07-09 07:35:22.359 29103 29103 D libEGL  : loaded /system/lib/egl/libGLES_android.so
07-09 07:35:22.484 29103 29103 D libEGL  : loaded /vendor/lib/egl/libEGL_POWERVR_SGX540_120.so
07-09 07:35:22.547 29103 29103 D libEGL  : loaded /vendor/lib/egl/libGLESv1_CM_POWERVR_SGX540_120.so
07-09 07:35:22.562 29103 29103 D libEGL  : loaded /vendor/lib/egl/libGLESv2_POWERVR_SGX540_120.so
07-09 07:35:22.800   143   159 I Process : Sending signal. PID: 29103 SIG: 3
07-09 07:35:22.816 29103 29108 I dalvikvm: threadid=3: reacting to signal 3
07-09 07:35:22.871 29103 29103 D OpenGLRenderer: Enabling debug mode 0
07-09 07:35:22.933 29103 29108 I dalvikvm: Wrote stack traces to '/data/anr/traces.txt'
07-09 07:35:23.273   143   159 I Process : Sending signal. PID: 29103 SIG: 3
07-09 07:35:23.273 29103 29108 I dalvikvm: threadid=3: reacting to signal 3
07-09 07:35:23.336 29165 29165 D OpenGLRenderer: Flushing caches (mode 0)
07-09 07:35:23.340 29103 29108 I dalvikvm: Wrote stack traces to '/data/anr/traces.txt'
07-09 07:35:23.351   143   176 I ActivityManager: Displayed com.facebook.katana/.ProxyAuth: +3s658ms
07-09 07:35:23.683   143 26971 W InputManagerService: Window already focused, ignoring focus gain of: com.android.internal.view.IInputMethodClient$Stub$Proxy@4179add8
07-09 07:35:23.715 29103 29103 D OpenGLRenderer: Flushing caches (mode 0)
07-09 07:35:23.746 29103 29103 D OpenGLRenderer: Flushing caches (mode 1)
07-09 07:35:24.125 27077 27178 D dalvikvm: GC_FOR_ALLOC freed 119K, 6% free 10036K/10631K, paused 63ms
07-09 07:35:24.125 27077 27178 I dalvikvm-heap: Grow heap (frag case) to 9.906MB for 36880-byte allocation
07-09 07:35:24.148 27077 27178 D dalvikvm: GC_FOR_ALLOC freed 14K, 6% free 10058K/10695K, paused 26ms
07-09 07:35:24.386   221   221 D dalvikvm: GC_FOR_ALLOC freed 330K, 31% free 9858K/14215K, paused 22ms
07-09 07:35:24.484   221   223 D dalvikvm: GC_CONCURRENT freed 341K, 30% free 9976K/14215K, paused 6ms+8ms
07-09 07:35:24.812   143   387 W WindowManager: Attempted to add application window with unknown token Token{4188fc18 ActivityRecord{4171e770 com.facebook.katana/.ProxyAuth}}.  Aborting.
07-09 07:35:25.656 29103 29105 D dalvikvm: GC_CONCURRENT freed 634K, 7% free 11244K/11975K, paused 4ms+5ms
07-09 07:35:26.851   143  1922 I ActivityManager: START {act=android.intent.action.VIEW dat=content://com.google.android.providers.talk/messagesByAccount/1 flg=0x34000000 cmp=com.google.android.talk/.SigningInActivity bnds=[96,119][480,215] (has extras)} from pid -1
07-09 07:35:26.886   143 26971 W KeyguardViewMediator: verifyUnlock called when not externally disabled
07-09 07:35:27.050 29165 29165 D OpenGLRenderer: Flushing caches (mode 1)
07-09 07:35:27.375 29165 29165 D OpenGLRenderer: Flushing caches (mode 0)
07-09 07:35:27.382   143   159 I Process : Sending signal. PID: 28970 SIG: 3
07-09 07:35:27.382 28970 28974 I dalvikvm: threadid=3: reacting to signal 3
07-09 07:35:27.429 28970 28974 I dalvikvm: Wrote stack traces to '/data/anr/traces.txt'
07-09 07:35:27.636   221   223 D dalvikvm: GC_CONCURRENT freed 358K, 30% free 10025K/14215K, paused 2ms+10ms
07-09 07:35:27.679 28970 28970 D vclib:CallStateClient: startListening
07-09 07:35:27.882   143   159 I Process : Sending signal. PID: 28970 SIG: 3
07-09 07:35:27.882 28970 28974 I dalvikvm: threadid=3: reacting to signal 3
07-09 07:35:27.984 28970 28974 I dalvikvm: Wrote stack traces to '/data/anr/traces.txt'
07-09 07:35:28.004 28970 28972 D dalvikvm: GC_CONCURRENT freed 278K, 6% free 10684K/11271K, paused 3ms+5ms
07-09 07:35:28.027   221   223 D dalvikvm: GC_CONCURRENT freed 514K, 30% free 9991K/14215K, paused 2ms+25ms
07-09 07:35:28.277   325   327 D dalvikvm: GC_CONCURRENT freed 1313K, 14% free 10452K/12103K, paused 5ms+7ms
07-09 07:35:28.289 28245 28245 D OpenGLRenderer: Flushing caches (mode 1)
07-09 07:35:28.297 24357 24357 D OpenGLRenderer: Flushing caches (mode 2)
07-09 07:35:28.297   143   154 W InputManagerService: Starting input on non-focused client com.android.internal.view.IInputMethodClient$Stub$Proxy@415debe0 (uid=10083 pid=29165)
07-09 07:35:28.304 29103 29103 D OpenGLRenderer: Flushing caches (mode 1)
07-09 07:35:28.343 24357 24357 D OpenGLRenderer: Flushing caches (mode 0)
07-09 07:35:28.382   143   159 I Process : Sending signal. PID: 28970 SIG: 3
07-09 07:35:28.382 28970 28974 I dalvikvm: threadid=3: reacting to signal 3
07-09 07:35:29.215 28970 28974 I dalvikvm: Wrote stack traces to '/data/anr/traces.txt'
07-09 07:35:29.336   143   159 I Process : Sending signal. PID: 28970 SIG: 3
07-09 07:35:29.336 28970 28974 I dalvikvm: threadid=3: reacting to signal 3
07-09 07:35:29.718 28970 28974 I dalvikvm: Wrote stack traces to '/data/anr/traces.txt'
07-09 07:35:29.875 28970 28972 D dalvikvm: GC_CONCURRENT freed 276K, 4% free 10890K/11271K, paused 53ms+46ms
07-09 07:35:29.992   143   176 I ActivityManager: Displayed com.google.android.talk/.SigningInActivity: +3s112ms
07-09 07:35:30.015   143   308 I ActivityManager: Process com.google.android.apps.maps:FriendService (pid 29023) has died.
07-09 07:35:30.078 28245 28245 D OpenGLRenderer: Flushing caches (mode 2)
07-09 07:35:30.105 29165 29165 D OpenGLRenderer: Flushing caches (mode 1)
07-09 07:35:30.117 28245 28245 D OpenGLRenderer: Flushing caches (mode 0)
07-09 07:35:30.297 29103 29103 D OpenGLRenderer: Flushing caches (mode 1)
07-09 07:35:30.871 29103 29329 I SqliteDatabaseCpp: sqlite returned: error code = 14, msg = cannot open file at line 27701 of [8609a15dfa], db=/data/data/com.facebook.katana/databases/prefs_db
07-09 07:35:30.871 29103 29329 I SqliteDatabaseCpp: sqlite returned: error code = 14, msg = os_unix.c: open() at line 27701 - "" errno=2 path=/CachedGeoposition.db, db=/data/data/com.facebook.katana/databases/prefs_db
07-09 07:35:31.082 29103 29105 D dalvikvm: GC_CONCURRENT freed 551K, 6% free 11434K/12103K, paused 7ms+11ms
07-09 07:35:31.968   325   325 D dalvikvm: GC_FOR_ALLOC freed 197K, 15% free 10390K/12103K, paused 22ms
07-09 07:35:31.972   325   325 I dalvikvm-heap: Grow heap (frag case) to 10.921MB for 739216-byte allocation
07-09 07:35:32.031   325   327 D dalvikvm: GC_CONCURRENT freed 1K, 9% free 11111K/12103K, paused 1ms+5ms
07-09 07:35:32.125   221  6405 D dalvikvm: GC_EXPLICIT freed 290K, 32% free 9706K/14215K, paused 20ms+27ms
07-09 07:35:32.320   221   223 D dalvikvm: GC_CONCURRENT freed 201K, 31% free 9905K/14215K, paused 2ms+11ms
07-09 07:35:32.492   221   223 D dalvikvm: GC_CONCURRENT freed 545K, 32% free 9752K/14215K, paused 5ms+7ms
07-09 07:35:35.457 29103 29103 D OpenGLRenderer: Flushing caches (mode 1)
07-09 07:35:35.793 29103 29105 D dalvikvm: GC_CONCURRENT freed 654K, 6% free 11633K/12359K, paused 3ms+4ms
07-09 07:35:35.898 29103 29103 D OpenGLRenderer: Flushing caches (mode 1)
07-09 07:35:37.070 29103 29103 D OpenGLRenderer: Flushing caches (mode 1)
07-09 07:35:39.992   221   221 D dalvikvm: GC_FOR_ALLOC freed 397K, 32% free 9719K/14215K, paused 38ms
07-09 07:35:40.093   221   223 D dalvikvm: GC_CONCURRENT freed 364K, 31% free 9818K/14215K, paused 2ms+5ms
07-09 07:35:49.066   325   325 D dalvikvm: GC_FOR_ALLOC freed 871K, 15% free 10390K/12103K, paused 31ms
07-09 07:35:49.070   325   325 I dalvikvm-heap: Grow heap (frag case) to 10.921MB for 739216-byte allocation
07-09 07:35:49.121   325   327 D dalvikvm: GC_CONCURRENT freed <1K, 9% free 11111K/12103K, paused 2ms+11ms
07-09 07:35:49.308   221   223 D dalvikvm: GC_CONCURRENT freed 427K, 31% free 9894K/14215K, paused 2ms+8ms
07-09 07:35:49.461   221   221 D dalvikvm: GC_FOR_ALLOC freed 506K, 32% free 9728K/14215K, paused 35ms
07-09 07:35:49.679 28142 28144 D dalvikvm: GC_CONCURRENT freed 667K, 8% free 10131K/10951K, paused 53ms+26ms
07-09 07:35:49.715 28970 29341 D MediaPlayer: Couldn't open file on client side, trying server side
07-09 07:35:49.726    81   125 E MediaPlayerService: Couldn't open fd for content://settings/system/notification_sound
07-09 07:35:49.726 28970 29341 E MediaPlayer: Unable to to create media player
07-09 07:35:49.726 28970 29341 E RingtoneManager: Failed to open ringtone content://settings/system/notification_sound
07-09 07:35:49.726 28970 29341 D talk:NotificationRingtonePlayer: creating ringtone: content://settings/system/notification_sound, failed!
07-09 07:35:50.090   325   325 D dalvikvm: GC_FOR_ALLOC freed 1120K, 15% free 10406K/12103K, paused 22ms
07-09 07:35:50.090   325   325 I dalvikvm-heap: Grow heap (frag case) to 11.077MB for 885136-byte allocation
07-09 07:35:50.132   325   327 D dalvikvm: GC_CONCURRENT freed 5K, 14% free 11265K/12999K, paused 2ms+5ms
07-09 07:35:51.597 27077 27080 D dalvikvm: GC_CONCURRENT freed 346K, 6% free 10099K/10695K, paused 2ms+5ms
07-09 07:35:52.394 29103 29103 D OpenGLRenderer: Flushing caches (mode 1)
07-09 07:35:52.429 28970 29343 D MediaPlayer: Couldn't open file on client side, trying server side
07-09 07:35:52.433    81  3963 E MediaPlayerService: Couldn't open fd for content://settings/system/notification_sound
07-09 07:35:52.433 28970 29343 E MediaPlayer: Unable to to create media player
07-09 07:35:52.433 28970 29343 E RingtoneManager: Failed to open ringtone content://settings/system/notification_sound
07-09 07:35:52.433 28970 29343 D talk:NotificationRingtonePlayer: creating ringtone: content://settings/system/notification_sound, failed!
07-09 07:35:53.000 28970 28972 D dalvikvm: GC_CONCURRENT freed 908K, 9% free 10524K/11527K, paused 3ms+5ms
07-09 07:35:53.004 28970 28979 W MediaPlayer-JNI: MediaPlayer finalized without being released
07-09 07:35:53.007 28970 28979 W MediaPlayer-JNI: MediaPlayer finalized without being released
07-09 07:35:53.679   143   143 D dalvikvm: GC_EXPLICIT freed 1420K, 19% free 17156K/21127K, paused 11ms+10ms
07-09 07:35:55.718 28970 29346 D MediaPlayer: Couldn't open file on client side, trying server side
07-09 07:35:55.722    81  3963 E MediaPlayerService: Couldn't open fd for content://settings/system/notification_sound
07-09 07:35:55.722 28970 29346 E MediaPlayer: Unable to to create media player
07-09 07:35:55.722 28970 29346 E RingtoneManager: Failed to open ringtone content://settings/system/notification_sound
07-09 07:35:55.722 28970 29346 D talk:NotificationRingtonePlayer: creating ringtone: content://settings/system/notification_sound, failed!
07-09 07:35:57.136   221   223 D dalvikvm: GC_CONCURRENT freed 209K, 31% free 9909K/14215K, paused 2ms+6ms
07-09 07:35:57.226   221   223 D dalvikvm: GC_CONCURRENT freed 586K, 32% free 9804K/14215K, paused 2ms+6ms
07-09 07:35:57.832 27077 27080 D dalvikvm: GC_CONCURRENT freed 355K, 6% free 10138K/10695K, paused 12ms+10ms
07-09 07:35:58.500   325   325 D dalvikvm: GC_FOR_ALLOC freed 1035K, 20% free 10401K/12999K, paused 21ms
07-09 07:35:58.500   325   325 I dalvikvm-heap: Grow heap (frag case) to 11.072MB for 885136-byte allocation
07-09 07:35:58.566   325   327 D dalvikvm: GC_CONCURRENT freed <1K, 14% free 11265K/12999K, paused 2ms+6ms
07-09 07:35:58.804   221   223 D dalvikvm: GC_CONCURRENT freed 287K, 31% free 9914K/14215K, paused 2ms+10ms
07-09 07:35:58.965   221   223 D dalvikvm: GC_CONCURRENT freed 586K, 32% free 9726K/14215K, paused 7ms+9ms
07-09 07:35:59.355 28970 29347 D MediaPlayer: Couldn't open file on client side, trying server side
07-09 07:35:59.355    81 28451 E MediaPlayerService: Couldn't open fd for content://settings/system/notification_sound
07-09 07:35:59.355 28970 29347 E MediaPlayer: Unable to to create media player
07-09 07:35:59.355 28970 29347 E RingtoneManager: Failed to open ringtone content://settings/system/notification_sound
07-09 07:35:59.355 28970 29347 D talk:NotificationRingtonePlayer: creating ringtone: content://settings/system/notification_sound, failed!
07-09 07:36:01.906 28970 29350 D MediaPlayer: Couldn't open file on client side, trying server side
07-09 07:36:01.906    81    81 E MediaPlayerService: Couldn't open fd for content://settings/system/notification_sound
07-09 07:36:01.906 28970 29350 E MediaPlayer: Unable to to create media player
07-09 07:36:01.906 28970 29350 E RingtoneManager: Failed to open ringtone content://settings/system/notification_sound
07-09 07:36:01.914 28970 29350 D talk:NotificationRingtonePlayer: creating ringtone: content://settings/system/notification_sound, failed!
07-09 07:36:01.961 28970 28979 W MediaPlayer-JNI: MediaPlayer finalized without being released
07-09 07:36:01.961 28970 28979 W MediaPlayer-JNI: MediaPlayer finalized without being released
07-09 07:36:01.968 28970 28979 W MediaPlayer-JNI: MediaPlayer finalized without being released
07-09 07:36:01.968 28970 28972 D dalvikvm: GC_CONCURRENT freed 465K, 10% free 10466K/11527K, paused 26ms+17ms
07-09 07:36:06.824 28291 28304 I PhoneLab-: Service Running
07-09 07:36:06.906 28291 28292 D dalvikvm: GC_CONCURRENT freed 393K, 15% free 9135K/10631K, paused 4ms+3ms
07-09 07:36:06.925 28291 28304 I PhoneLab-LoggerService: app_37    1296  1     1436   996   c00f181c 400107b4 S logcat
07-09 07:36:06.925 28291 28304 I PhoneLab-LoggerService: Logcat pid from database 1296
07-09 07:36:06.925 28291 28304 I PhoneLab-LoggerService: Logcat process found 1296
07-09 07:36:06.925 28291 28304 I PhoneLab-LoggerService: Checking Threshold
07-09 07:36:16.824 28970 29353 D MediaPlayer: Couldn't open file on client side, trying server side
07-09 07:36:16.828    81    81 E MediaPlayerService: Couldn't open fd for content://settings/system/notification_sound
07-09 07:36:16.828 28970 29353 E MediaPlayer: Unable to to create media player
07-09 07:36:16.828 28970 29353 E RingtoneManager: Failed to open ringtone content://settings/system/notification_sound
07-09 07:36:16.828 28970 29353 D talk:NotificationRingtonePlayer: creating ringtone: content://settings/system/notification_sound, failed!
07-09 07:36:17.043 27077 27080 D dalvikvm: GC_CONCURRENT freed 446K, 6% free 10114K/10695K, paused 5ms+10ms
07-09 07:36:19.304 29165 29165 D OpenGLRenderer: Flushing caches (mode 2)
07-09 07:36:19.340 29165 29165 D OpenGLRenderer: Flushing caches (mode 0)
07-09 07:36:23.402 27077 27152 D dalvikvm: GC_EXPLICIT freed 113K, 6% free 10065K/10695K, paused 4ms+5ms
07-09 07:36:26.500 28970 28979 W MediaPlayer-JNI: MediaPlayer finalized without being released
07-09 07:36:26.504 28970 29000 D dalvikvm: GC_EXPLICIT freed 284K, 10% free 10438K/11527K, paused 3ms+4ms
07-09 07:36:26.562 28970 29357 D MediaPlayer: Couldn't open file on client side, trying server side
07-09 07:36:26.566    81  3963 E MediaPlayerService: Couldn't open fd for content://settings/system/notification_sound
07-09 07:36:26.566 28970 29357 E MediaPlayer: Unable to to create media player
07-09 07:36:26.566 28970 29357 E RingtoneManager: Failed to open ringtone content://settings/system/notification_sound
07-09 07:36:26.566 28970 29357 D talk:NotificationRingtonePlayer: creating ringtone: content://settings/system/notification_sound, failed!
07-09 07:36:31.765   221   223 D dalvikvm: GC_CONCURRENT freed 227K, 31% free 9917K/14215K, paused 2ms+4ms
07-09 07:36:31.851   221   223 D dalvikvm: GC_CONCURRENT freed 592K, 32% free 9808K/14215K, paused 1ms+3ms
07-09 07:36:32.793 28970 29359 D MediaPlayer: Couldn't open file on client side, trying server side
07-09 07:36:32.797    81 28451 E MediaPlayerService: Couldn't open fd for content://settings/system/notification_sound
07-09 07:36:32.797 28970 29359 E MediaPlayer: Unable to to create media player
07-09 07:36:32.797 28970 29359 E RingtoneManager: Failed to open ringtone content://settings/system/notification_sound
07-09 07:36:32.797 28970 29359 D talk:NotificationRingtonePlayer: creating ringtone: content://settings/system/notification_sound, failed!
07-09 07:36:34.347   325   325 D dalvikvm: GC_FOR_ALLOC freed 1056K, 20% free 10401K/12999K, paused 24ms
07-09 07:36:34.351   325   325 I dalvikvm-heap: Grow heap (frag case) to 11.072MB for 885136-byte allocation
07-09 07:36:34.406   325   327 D dalvikvm: GC_CONCURRENT freed <1K, 14% free 11265K/12999K, paused 2ms+7ms
07-09 07:36:34.605   221   223 D dalvikvm: GC_CONCURRENT freed 416K, 31% free 9862K/14215K, paused 2ms+8ms
07-09 07:36:39.797   143   200 D DhcpInfoInternal: makeLinkProperties with empty dns2!
07-09 07:36:39.797   143   200 D DhcpInfoInternal: makeLinkProperties with empty dns2!
07-09 07:36:49.011 29002 29004 D dalvikvm: GC_CONCURRENT freed 508K, 6% free 10368K/11015K, paused 2ms+8ms
07-09 07:37:00.117   221   223 D dalvikvm: GC_CONCURRENT freed 338K, 31% free 9908K/14215K, paused 4ms+3ms
07-09 07:37:17.808 27077 27080 D dalvikvm: GC_CONCURRENT freed 339K, 6% free 10112K/10695K, paused 15ms+3ms
07-09 07:37:19.363 28970 28979 W MediaPlayer-JNI: MediaPlayer finalized without being released
07-09 07:37:19.371 28970 28979 W MediaPlayer-JNI: MediaPlayer finalized without being released
07-09 07:37:19.371 28970 28972 D dalvikvm: GC_CONCURRENT freed 365K, 10% free 10465K/11527K, paused 3ms+4ms
07-09 07:37:25.742 28970 29382 D MediaPlayer: Couldn't open file on client side, trying server side
07-09 07:37:25.742    81  3963 E MediaPlayerService: Couldn't open fd for content://settings/system/notification_sound
07-09 07:37:25.742 28970 29382 E MediaPlayer: Unable to to create media player
07-09 07:37:25.742 28970 29382 E RingtoneManager: Failed to open ringtone content://settings/system/notification_sound
07-09 07:37:25.742 28970 29382 D talk:NotificationRingtonePlayer: creating ringtone: content://settings/system/notification_sound, failed!
07-09 07:37:49.129 28142 28144 D dalvikvm: GC_CONCURRENT freed 496K, 8% free 10144K/10951K, paused 21ms+7ms
07-09 07:38:06.816 28291 28304 I PhoneLab-: Service Running
07-09 07:38:06.902 28291 28304 I PhoneLab-LoggerService: app_37    1296  1     1436   996   c00f181c 400107b4 S logcat
07-09 07:38:06.902 28291 28304 I PhoneLab-LoggerService: Logcat pid from database 1296
07-09 07:38:06.906 28291 28304 I PhoneLab-LoggerService: Logcat process found 1296
07-09 07:38:06.906 28291 28304 I PhoneLab-LoggerService: Checking Threshold
07-09 07:38:08.738 28970 29387 D MediaPlayer: Couldn't open file on client side, trying server side
07-09 07:38:08.742    81 28451 E MediaPlayerService: Couldn't open fd for content://settings/system/notification_sound
07-09 07:38:08.742 28970 29387 E MediaPlayer: Unable to to create media player
07-09 07:38:08.742 28970 29387 E RingtoneManager: Failed to open ringtone content://settings/system/notification_sound
07-09 07:38:08.742 28970 29387 D talk:NotificationRingtonePlayer: creating ringtone: content://settings/system/notification_sound, failed!
07-09 07:38:13.125 27077 27080 D dalvikvm: GC_CONCURRENT freed 438K, 6% free 10127K/10695K, paused 33ms+4ms
07-09 07:38:13.718   143 26971 D dalvikvm: GC_EXPLICIT freed 716K, 19% free 17118K/21127K, paused 4ms+10ms
07-09 07:38:20.590   143   181 I ActivityManager: START {act=android.intent.action.MAIN cat=[android.intent.category.HOME] flg=0x10200000 cmp=com.android.launcher/com.android.launcher2.Launcher} from pid 143
07-09 07:38:20.679   143   155 I ActivityManager: Process edu.buffalo.cse.phonelab.phonelabservices (pid 28291) has died.
07-09 07:38:20.679   143   155 W ActivityManager: Scheduling restart of crashed service edu.buffalo.cse.phonelab.phonelabservices/edu.buffalo.cse.phonelab.datalogger.LoggerService in 5000ms
07-09 07:38:20.687 29103 29103 D OpenGLRenderer: Flushing caches (mode 2)
07-09 07:38:20.840   221   223 D dalvikvm: GC_CONCURRENT freed 409K, 31% free 9893K/14215K, paused 2ms+11ms
07-09 07:38:20.965   221   223 D dalvikvm: GC_CONCURRENT freed 599K, 32% free 9765K/14215K, paused 2ms+6ms
07-09 07:38:21.070 28970 28970 D OpenGLRenderer: Flushing caches (mode 0)
07-09 07:38:21.144   143   387 W InputManagerService: Starting input on non-focused client com.android.internal.view.IInputMethodClient$Stub$Proxy@41822198 (uid=10045 pid=28970)
07-09 07:38:21.183 28970 28970 D vclib:CallStateClient: stopListening
07-09 07:38:21.199 28970 28970 W IInputConnectionWrapper: showStatusIcon on inactive InputConnection
07-09 07:38:21.203 28970 28970 D OpenGLRenderer: Flushing caches (mode 1)
07-09 07:38:21.211 28970 28970 D OpenGLRenderer: Flushing caches (mode 2)
07-09 07:38:21.215 28970 28970 D OpenGLRenderer: Flushing caches (mode 0)
07-09 07:38:23.039 24357 24360 D dalvikvm: GC_CONCURRENT freed 890K, 23% free 11853K/15303K, paused 1ms+6ms
07-09 07:38:25.050   221   223 D dalvikvm: GC_CONCURRENT freed 269K, 30% free 10005K/14215K, paused 2ms+3ms
07-09 07:38:25.699   143   160 I ActivityManager: Start proc edu.buffalo.cse.phonelab.phonelabservices for service edu.buffalo.cse.phonelab.phonelabservices/edu.buffalo.cse.phonelab.datalogger.LoggerService: pid=29388 uid=10037 gids={3003, 1015, 1007, 2001}
07-09 07:38:25.847 29388 29388 I PhoneLab-LoggerService: Start Logger Service
07-09 07:38:25.886 29388 29401 I PhoneLab-: Service Running
07-09 07:38:25.984 29388 29401 I PhoneLab-LoggerService: app_37    1296  1     1436   996   c00f181c 400107b4 S logcat
07-09 07:38:25.984 29388 29401 I PhoneLab-LoggerService: Logcat pid from database 1296
07-09 07:38:25.984 29388 29401 I PhoneLab-LoggerService: Logcat process found 1296
07-09 07:38:25.984 29388 29401 I PhoneLab-LoggerService: Checking Threshold
07-09 07:38:27.578   143 24239 I ActivityManager: START {act=android.intent.action.VIEW dat=content://com.google.android.providers.talk/messagesByAccount/1 flg=0x34000000 cmp=com.google.android.talk/.SigningInActivity bnds=[96,119][480,215] (has extras)} from pid -1
07-09 07:38:27.621   143   308 W KeyguardViewMediator: verifyUnlock called when not externally disabled
07-09 07:38:27.652 28970 28970 D vclib:CallStateClient: startListening
07-09 07:38:27.992 24357 24357 D OpenGLRenderer: Flushing caches (mode 0)
07-09 07:38:28.023   221   223 D dalvikvm: GC_CONCURRENT freed 576K, 31% free 9844K/14215K, paused 2ms+34ms
07-09 07:38:28.156 28970 28972 D dalvikvm: GC_CONCURRENT freed 457K, 10% free 10466K/11527K, paused 19ms+19ms
07-09 07:38:28.156 28970 28979 W MediaPlayer-JNI: MediaPlayer finalized without being released
07-09 07:38:28.160 28970 28979 W MediaPlayer-JNI: MediaPlayer finalized without being released
07-09 07:38:28.320 24357 24357 D OpenGLRenderer: Flushing caches (mode 1)
07-09 07:38:28.859 24357 24357 D OpenGLRenderer: Flushing caches (mode 1)
07-09 07:38:30.379   221   223 D dalvikvm: GC_CONCURRENT freed 323K, 31% free 9923K/14215K, paused 2ms+6ms
07-09 07:38:30.484   221   223 D dalvikvm: GC_CONCURRENT freed 589K, 31% free 9814K/14215K, paused 3ms+3ms
07-09 07:38:34.566   325   327 D dalvikvm: GC_CONCURRENT freed 617K, 14% free 11273K/12999K, paused 8ms+3ms
07-09 07:38:48.996 28970 28972 D dalvikvm: GC_CONCURRENT freed 395K, 10% free 10461K/11527K, paused 4ms+4ms
07-09 07:38:49.054 28970 29411 D MediaPlayer: Couldn't open file on client side, trying server side
07-09 07:38:49.054    81  3963 E MediaPlayerService: Couldn't open fd for content://settings/system/notification_sound
07-09 07:38:49.054 28970 29411 E MediaPlayer: Unable to to create media player
07-09 07:38:49.054 28970 29411 E RingtoneManager: Failed to open ringtone content://settings/system/notification_sound
07-09 07:38:49.054 28970 29411 D talk:NotificationRingtonePlayer: creating ringtone: content://settings/system/notification_sound, failed!
07-09 07:38:49.168 27077 27080 D dalvikvm: GC_CONCURRENT freed 438K, 6% free 10133K/10695K, paused 41ms+8ms
07-09 07:38:49.234 29002 29004 D dalvikvm: GC_CONCURRENT freed 507K, 6% free 10373K/11015K, paused 2ms+5ms
07-09 07:38:49.257 24357 24357 D OpenGLRenderer: Flushing caches (mode 2)
07-09 07:38:49.285 24357 24357 D OpenGLRenderer: Flushing caches (mode 0)
07-09 07:38:56.793 27077 27101 D dalvikvm: GC_EXPLICIT freed 105K, 6% free 10054K/10695K, paused 2ms+4ms
07-09 07:39:04.656   143   200 D DhcpInfoInternal: makeLinkProperties with empty dns2!
07-09 07:39:04.672   143   200 D DhcpInfoInternal: makeLinkProperties with empty dns2!
07-09 07:39:23.363   221   223 D dalvikvm: GC_CONCURRENT freed 390K, 31% free 9906K/14215K, paused 2ms+5ms
07-09 07:39:23.457   221   223 D dalvikvm: GC_CONCURRENT freed 660K, 32% free 9719K/14215K, paused 2ms+6ms
07-09 07:39:24.992   143   143 W InputManagerService: Starting input on non-focused client com.android.internal.view.IInputMethodClient$Stub$Proxy@41822198 (uid=10045 pid=28970)
07-09 07:39:25.047   325   349 D dalvikvm: GC_EXPLICIT freed 878K, 20% free 10404K/12999K, paused 7ms+6ms
07-09 07:39:25.047 28970 28970 W IInputConnectionWrapper: showStatusIcon on inactive InputConnection
07-09 07:39:25.136 28970 28970 D OpenGLRenderer: Flushing caches (mode 0)
07-09 07:39:25.175 28970 28970 D OpenGLRenderer: Flushing caches (mode 1)
07-09 07:39:25.187 28970 28970 D vclib:CallStateClient: stopListening
07-09 07:39:38.672 24357 24360 D dalvikvm: GC_CONCURRENT freed 794K, 22% free 11984K/15303K, paused 38ms+3ms
07-09 07:39:44.437 24357 24360 D dalvikvm: GC_CONCURRENT freed 849K, 21% free 12122K/15303K, paused 23ms+3ms
07-09 07:39:46.457   143   311 I ActivityManager: START {act=android.intent.action.MAIN cat=[android.intent.category.LAUNCHER] flg=0x10000000 pkg=com.instagram.android cmp=com.instagram.android/.activity.MainTabActivity bnds=[360,254][480,404]} from pid 24357
07-09 07:39:46.613 28970 28970 D OpenGLRenderer: Flushing caches (mode 1)
07-09 07:39:46.703 24357 24357 D OpenGLRenderer: Flushing caches (mode 0)
07-09 07:39:46.824 24357 24357 D OpenGLRenderer: Flushing caches (mode 1)
07-09 07:39:46.828 24357 24357 D OpenGLRenderer: Flushing caches (mode 1)
07-09 07:39:49.187 28142 28144 D dalvikvm: GC_CONCURRENT freed 511K, 8% free 10138K/10951K, paused 3ms+3ms
07-09 07:39:58.687   143   181 I ActivityManager: START {act=android.intent.action.MAIN cat=[android.intent.category.HOME] flg=0x10200000 cmp=com.android.launcher/com.android.launcher2.Launcher} from pid 143
07-09 07:39:58.797 29165 29165 D OpenGLRenderer: Flushing caches (mode 0)
07-09 07:39:58.824   143  2263 W InputManagerService: Starting input on non-focused client com.android.internal.view.IInputMethodClient$Stub$Proxy@415debe0 (uid=10083 pid=29165)
07-09 07:39:58.840 29165 29165 D OpenGLRenderer: Flushing caches (mode 1)
07-09 07:39:58.843 29165 29165 D OpenGLRenderer: Flushing caches (mode 1)
07-09 07:40:00.109   143   395 I ActivityManager: START {act=android.intent.action.MAIN cat=[android.intent.category.LAUNCHER] flg=0x10000000 pkg=com.instagram.android cmp=com.instagram.android/.activity.MainTabActivity bnds=[360,254][480,404]} from pid 24357
07-09 07:40:00.238 24357 24357 D OpenGLRenderer: Flushing caches (mode 0)
07-09 07:40:00.343 24357 24357 D OpenGLRenderer: Flushing caches (mode 1)
07-09 07:40:00.347 24357 24357 D OpenGLRenderer: Flushing caches (mode 1)
07-09 07:40:03.734   325   327 D dalvikvm: GC_CONCURRENT freed 386K, 20% free 10414K/12999K, paused 2ms+8ms
07-09 07:40:03.937 29165 29168 D dalvikvm: GC_CONCURRENT freed 530K, 15% free 11065K/12999K, paused 58ms+9ms
07-09 07:40:04.566 29165 29168 D dalvikvm: GC_CONCURRENT freed 508K, 15% free 11113K/12999K, paused 5ms+2ms
07-09 07:40:05.265 29165 29168 D dalvikvm: GC_CONCURRENT freed 565K, 15% free 11125K/12999K, paused 2ms+3ms
07-09 07:40:06.769 29165 29168 D dalvikvm: GC_CONCURRENT freed 589K, 15% free 11116K/12999K, paused 4ms+10ms
07-09 07:40:10.699 29165 29168 D dalvikvm: GC_CONCURRENT freed 482K, 14% free 11210K/12999K, paused 4ms+4ms
07-09 07:40:11.027 29165 29168 D dalvikvm: GC_CONCURRENT freed 552K, 14% free 11267K/12999K, paused 2ms+6ms
07-09 07:40:11.898 29165 29168 D dalvikvm: GC_CONCURRENT freed 639K, 14% free 11267K/12999K, paused 3ms+3ms
07-09 07:40:12.355 29165 29168 D dalvikvm: GC_CONCURRENT freed 762K, 15% free 11135K/12999K, paused 2ms+5ms
07-09 07:40:12.621 29165 29168 D dalvikvm: GC_CONCURRENT freed 470K, 14% free 11246K/12999K, paused 2ms+4ms
07-09 07:40:13.371   143   154 I ActivityManager: Process com.google.android.apps.googlevoice (pid 28317) has died.
07-09 07:40:13.371   143   154 W ActivityManager: Scheduling restart of crashed service com.google.android.apps.googlevoice/.widget.WidgetService in 5000ms
07-09 07:40:13.371   143   154 W ActivityManager: Scheduling restart of crashed service com.google.android.apps.googlevoice/.UpdateService in 15000ms
07-09 07:40:13.371   143   154 W ActivityManager: Scheduling restart of crashed service com.google.android.apps.googlevoice/.CallLogService in 25000ms
07-09 07:40:13.375   143   395 I WindowManager: WIN DEATH: Window{41844480 com.google.android.apps.googlevoice/com.google.android.apps.googlevoice.SplashActivity paused=false}
07-09 07:40:13.386   143 24239 I WindowManager: WIN DEATH: Window{41976110 com.google.android.apps.googlevoice/com.google.android.apps.googlevoice.PhoneCallListActivity paused=false}
07-09 07:40:13.386   143   311 I WindowManager: WIN DEATH: Window{418d8b88 com.google.android.apps.googlevoice/com.google.android.apps.googlevoice.activity.conversationlist.ConversationListActivity paused=false}
07-09 07:40:13.570 29165 29168 D dalvikvm: GC_CONCURRENT freed 673K, 14% free 11187K/12999K, paused 5ms+8ms
07-09 07:40:14.355 29165 29168 D dalvikvm: GC_CONCURRENT freed 599K, 14% free 11207K/12999K, paused 4ms+18ms
07-09 07:40:14.906 29165 29168 D dalvikvm: GC_CONCURRENT freed 605K, 14% free 11204K/12999K, paused 2ms+6ms
07-09 07:40:15.195 29165 29168 D dalvikvm: GC_CONCURRENT freed 658K, 15% free 11151K/12999K, paused 2ms+4ms
07-09 07:40:15.625 29165 29168 D dalvikvm: GC_CONCURRENT freed 521K, 14% free 11222K/12999K, paused 2ms+16ms
07-09 07:40:16.109 29165 29168 D dalvikvm: GC_CONCURRENT freed 562K, 14% free 11270K/12999K, paused 2ms+5ms
07-09 07:40:16.925   143   403 I ActivityManager: START {flg=0x4000000 cmp=com.instagram.android/.activity.MainTabActivity} from pid 29165
07-09 07:40:16.996 28970 28970 D OpenGLRenderer: Flushing caches (mode 2)
07-09 07:40:17.132 29165 29168 D dalvikvm: GC_CONCURRENT freed 577K, 13% free 11425K/12999K, paused 5ms+4ms
07-09 07:40:17.484   143   159 I Process : Sending signal. PID: 29165 SIG: 3
07-09 07:40:17.492 29165 29170 I dalvikvm: threadid=3: reacting to signal 3
07-09 07:40:17.578 29165 29170 I dalvikvm: Wrote stack traces to '/data/anr/traces.txt'
07-09 07:40:17.851 29165 29168 D dalvikvm: GC_CONCURRENT freed 208K, 9% free 11926K/12999K, paused 4ms+7ms
07-09 07:40:17.980   143   159 I Process : Sending signal. PID: 29165 SIG: 3
07-09 07:40:17.980 29165 29170 I dalvikvm: threadid=3: reacting to signal 3
07-09 07:40:18.019 29165 29170 I dalvikvm: Wrote stack traces to '/data/anr/traces.txt'
07-09 07:40:18.148   143   176 I ActivityManager: Displayed com.instagram.android/.activity.MainTabActivity: +1s175ms
07-09 07:40:18.203 29165 29165 D OpenGLRenderer: Flushing caches (mode 0)
07-09 07:40:18.257 27377 27379 D dalvikvm: GC_CONCURRENT freed 832K, 16% free 11894K/14023K, paused 2ms+19ms
07-09 07:40:18.398   143   160 I ActivityManager: Start proc com.google.android.apps.googlevoice for service com.google.android.apps.googlevoice/.widget.WidgetService: pid=29467 uid=10054 gids={3003, 1015}
07-09 07:40:18.847 29467 29469 D dalvikvm: GC_CONCURRENT freed 247K, 4% free 9288K/9607K, paused 21ms+6ms
07-09 07:40:19.476 28129 28131 D dalvikvm: GC_CONCURRENT freed 344K, 8% free 9825K/10567K, paused 8ms+5ms
07-09 07:40:19.914 29467 29469 D dalvikvm: GC_CONCURRENT freed 401K, 5% free 9454K/9927K, paused 6ms+6ms
07-09 07:40:19.918 29467 29476 W CursorWrapperInner: Cursor finalized without prior close()
07-09 07:40:20.300 29467 29469 D dalvikvm: GC_CONCURRENT freed 302K, 4% free 9680K/10055K, paused 2ms+13ms
07-09 07:40:20.402 28129 28131 D dalvikvm: GC_CONCURRENT freed 417K, 7% free 9855K/10567K, paused 2ms+25ms
07-09 07:40:20.582   143   154 D dalvikvm: GC_EXPLICIT freed 1841K, 19% free 17177K/21127K, paused 11ms+18ms
07-09 07:40:20.750 28129 28450 D dalvikvm: GC_EXPLICIT freed 189K, 9% free 9707K/10567K, paused 2ms+5ms
07-09 07:40:21.136 29467 29467 W GoogleVoice: WidgetService: got a null intent
07-09 07:40:22.547 29165 29168 D dalvikvm: GC_CONCURRENT freed 474K, 6% free 12294K/12999K, paused 3ms+6ms
07-09 07:40:23.308 29165 29197 D dalvikvm: GC_FOR_ALLOC freed 538K, 5% free 12742K/13383K, paused 141ms
07-09 07:40:23.832 29165 29193 D dalvikvm: GC_FOR_ALLOC freed 477K, 8% free 13000K/14087K, paused 37ms
07-09 07:40:25.340 29165 29186 D dalvikvm: GC_FOR_ALLOC freed 1107K, 10% free 12923K/14343K, paused 88ms
07-09 07:40:25.886 29388 29401 I PhoneLab-: Service Running
07-09 07:40:25.906 29165 29186 D dalvikvm: GC_FOR_ALLOC freed 1489K, 13% free 12525K/14343K, paused 52ms
07-09 07:40:25.988 29388 29401 I PhoneLab-LoggerService: app_37    1296  1     1436   996   c00ab7c8 40010474 D logcat
07-09 07:40:25.988 29388 29401 I PhoneLab-LoggerService: Logcat pid from database 1296
07-09 07:40:25.988 29388 29401 I PhoneLab-LoggerService: Logcat process found 1296
07-09 07:40:25.988 29388 29401 I PhoneLab-LoggerService: Checking Threshold
07-09 07:40:26.429 29165 29168 D dalvikvm: GC_CONCURRENT freed 749K, 11% free 12819K/14343K, paused 3ms+3ms
07-09 07:40:27.129 29165 29168 D dalvikvm: GC_CONCURRENT freed 1201K, 11% free 12804K/14343K, paused 8ms+4ms
07-09 07:40:27.722 29165 29168 D dalvikvm: GC_CONCURRENT freed 1167K, 11% free 12853K/14343K, paused 5ms+5ms
07-09 07:40:28.265 29165 29193 D dalvikvm: GC_FOR_ALLOC freed 468K, 9% free 13081K/14343K, paused 53ms
07-09 07:40:28.828 29165 29186 D dalvikvm: GC_FOR_ALLOC freed <1K, 8% free 13216K/14343K, paused 114ms
07-09 07:40:28.906 29165 29191 D dalvikvm: GC_FOR_ALLOC freed 1K, 9% free 13414K/14599K, paused 39ms
07-09 07:40:29.609 29165 29195 D dalvikvm: GC_FOR_ALLOC freed 1808K, 15% free 12853K/14983K, paused 60ms
07-09 07:40:29.625   143  1922 I ActivityManager: Process com.twitter.android (pid 28245) has died.
07-09 07:40:29.625   143  1922 I WindowManager: WIN DEATH: Window{416d2068 com.twitter.android/com.twitter.android.HomeTabActivity paused=false}
07-09 07:40:30.664 29165 29168 D dalvikvm: GC_CONCURRENT freed 1004K, 13% free 13063K/14983K, paused 2ms+5ms
07-09 07:40:31.449 29165 29168 D dalvikvm: GC_CONCURRENT freed 1477K, 15% free 12850K/14983K, paused 8ms+3ms
07-09 07:40:38.480 24357 24357 D OpenGLRenderer: Flushing caches (mode 2)
07-09 07:40:38.507 24357 24357 D OpenGLRenderer: Flushing caches (mode 0)
07-09 07:40:49.246 29002 29004 D dalvikvm: GC_CONCURRENT freed 510K, 6% free 10374K/11015K, paused 2ms+22ms
07-09 07:41:24.109   143   175 I ActivityManager: Start proc com.twitter.android for service com.twitter.android/.client.AppService: pid=29505 uid=10064 gids={3003, 1015}
07-09 07:41:24.160 29505 29505 I dalvikvm: Turning on JNI app bug workarounds for target SDK version 11...
07-09 07:41:24.195    79    79 D dalvikvm: GC_EXPLICIT freed 38K, 4% free 9031K/9347K, paused 4ms+21ms
07-09 07:41:24.293    79    79 D dalvikvm: GC_EXPLICIT freed <1K, 4% free 9031K/9347K, paused 3ms+10ms
07-09 07:41:24.386    79    79 D dalvikvm: GC_EXPLICIT freed <1K, 4% free 9031K/9347K, paused 5ms+7ms
07-09 07:41:24.422 29505 29505 I ActivityThread: Pub com.twitter.android.provider.GlobalDatabaseProvider: com.twitter.android.provider.GlobalDatabaseProvider
07-09 07:41:24.433 29505 29505 I ActivityThread: Pub com.twitter.android.provider.TwitterProvider: com.twitter.android.provider.TwitterProvider
07-09 07:41:24.574 29505 29507 D dalvikvm: GC_CONCURRENT freed 201K, 4% free 9290K/9607K, paused 13ms+5ms
07-09 07:41:24.933 29505 29507 D dalvikvm: GC_CONCURRENT freed 224K, 4% free 9518K/9863K, paused 2ms+2ms
07-09 07:41:25.121 29505 29507 D dalvikvm: GC_CONCURRENT freed 293K, 5% free 9632K/10055K, paused 4ms+3ms
07-09 07:41:25.293 29505 29507 D dalvikvm: GC_CONCURRENT freed 298K, 5% free 9759K/10183K, paused 1ms+2ms
07-09 07:41:25.425 29505 29507 D dalvikvm: GC_CONCURRENT freed 298K, 5% free 9886K/10311K, paused 1ms+2ms
07-09 07:41:25.550 29505 29507 D dalvikvm: GC_CONCURRENT freed 296K, 5% free 10014K/10439K, paused 2ms+2ms
07-09 07:41:25.816 29505 29507 D dalvikvm: GC_CONCURRENT freed 296K, 5% free 10140K/10567K, paused 2ms+2ms
07-09 07:41:26.074 29505 29507 D dalvikvm: GC_CONCURRENT freed 299K, 4% free 10284K/10695K, paused 3ms+2ms
07-09 07:41:26.379 29505 29507 D dalvikvm: GC_CONCURRENT freed 482K, 6% free 10218K/10823K, paused 2ms+2ms
07-09 07:41:26.597 29505 29507 D dalvikvm: GC_CONCURRENT freed 316K, 5% free 10290K/10823K, paused 2ms+3ms
07-09 07:41:26.761 29505 29507 D dalvikvm: GC_CONCURRENT freed 327K, 5% free 10381K/10823K, paused 4ms+3ms
07-09 07:41:26.922 29505 29507 D dalvikvm: GC_CONCURRENT freed 367K, 5% free 10468K/10951K, paused 2ms+2ms
07-09 07:41:27.265 29505 29507 D dalvikvm: GC_CONCURRENT freed 344K, 5% free 10552K/11015K, paused 8ms+4ms
07-09 07:41:27.562 29505 29507 D dalvikvm: GC_CONCURRENT freed 328K, 5% free 10633K/11079K, paused 2ms+4ms
07-09 07:41:27.722 27077 27080 D dalvikvm: GC_CONCURRENT freed 330K, 6% free 10111K/10695K, paused 134ms+4ms
07-09 07:41:28.058 29505 29507 D dalvikvm: GC_CONCURRENT freed 363K, 5% free 10718K/11207K, paused 2ms+6ms
07-09 07:41:28.359 29505 29507 D dalvikvm: GC_CONCURRENT freed 401K, 5% free 10810K/11335K, paused 8ms+2ms
07-09 07:41:29.492   143   200 D DhcpInfoInternal: makeLinkProperties with empty dns2!
07-09 07:41:29.492   143   200 D DhcpInfoInternal: makeLinkProperties with empty dns2!
07-09 07:41:29.500 29505 29507 D dalvikvm: GC_CONCURRENT freed 337K, 4% free 11007K/11463K, paused 2ms+3ms
07-09 07:41:32.074 29505 29507 D dalvikvm: GC_CONCURRENT freed 438K, 5% free 11242K/11783K, paused 4ms+7ms
07-09 07:41:49.382 28142 28144 D dalvikvm: GC_CONCURRENT freed 523K, 8% free 10126K/10951K, paused 2ms+3ms
07-09 07:42:02.011   143 10999 I ActivityManager: Process com.facebook.katana (pid 29103) has died.
07-09 07:42:02.011   143 10999 W ActivityManager: Scheduling restart of crashed service com.facebook.katana/.service.MediaUploadService in 5000ms
07-09 07:42:02.011   143 10999 W ActivityManager: Scheduling restart of crashed service com.facebook.katana/.service.BackgroundDetectionService in 15000ms
07-09 07:42:07.097   143   160 I ActivityManager: Start proc com.facebook.katana for service com.facebook.katana/.service.MediaUploadService: pid=29548 uid=10071 gids={3003, 1006, 1015}
07-09 07:42:07.125 29548 29548 I dalvikvm: Turning on JNI app bug workarounds for target SDK version 7...
07-09 07:42:07.414 29548 29551 D dalvikvm: GC_CONCURRENT freed 148K, 3% free 9387K/9607K, paused 3ms+5ms
07-09 07:42:07.672 29548 29548 I ActivityThread: Pub com.facebook.katana.provider.LoggingProvider: com.facebook.katana.provider.LoggingProvider
07-09 07:42:07.703 29548 29548 I ActivityThread: Pub com.facebook.katana.provider.KeyValueProvider: com.facebook.katana.provider.KeyValueProvider
07-09 07:42:07.703 29548 29548 I ActivityThread: Pub com.facebook.katana.provider.CacheProvider: com.facebook.katana.provider.CacheProvider
07-09 07:42:07.703 29548 29548 I ActivityThread: Pub com.facebook.katana.provider.MailboxProvider: com.facebook.katana.provider.MailboxProvider
07-09 07:42:07.718 29548 29548 I ActivityThread: Pub com.facebook.katana.provider.UserStatusesProvider: com.facebook.katana.provider.UserStatusesProvider
07-09 07:42:07.722 29548 29548 I ActivityThread: Pub com.facebook.katana.provider.EventsProvider: com.facebook.katana.provider.EventsProvider
07-09 07:42:07.722 29548 29548 I ActivityThread: Pub com.facebook.katana.provider.NotificationsProvider: com.facebook.katana.provider.NotificationsProvider
07-09 07:42:07.730 29548 29548 I ActivityThread: Pub com.facebook.katana.provider.UserValuesProvider: com.facebook.katana.provider.UserValuesProvider
07-09 07:42:07.738 29548 29548 I ActivityThread: Pub com.facebook.katana.provider.PagesProvider: com.facebook.katana.provider.PagesProvider
07-09 07:42:07.738 29548 29548 I ActivityThread: Pub com.facebook.katana.provider.MobileEventLogProvider: com.facebook.katana.provider.MobileEventLogProvider
07-09 07:42:07.742 29548 29548 I ActivityThread: Pub com.facebook.katana.provider.PushNotificationsProvider: com.facebook.katana.provider.PushNotificationsProvider
07-09 07:42:07.742 29548 29548 I ActivityThread: Pub com.facebook.katana.provider.PhotosProvider: com.facebook.katana.provider.PhotosProvider
07-09 07:42:07.750 29548 29548 I ActivityThread: Pub com.facebook.katana.provider.ConnectionsProvider: com.facebook.katana.provider.ConnectionsProvider
07-09 07:42:07.777 29548 29548 I ActivityThread: Pub com.facebook.orca.notify.FbandroidMessagesForegroundProvider: com.facebook.orca.notify.FbandroidMessagesForegroundProvider
07-09 07:42:07.777 29548 29551 D dalvikvm: GC_CONCURRENT freed 160K, 3% free 9751K/9991K, paused 2ms+3ms
07-09 07:42:07.828 29548 29548 D ACRA    : Retrieve application default SharedPreferences.
07-09 07:42:07.836 29548 29548 D ACRA    : Set OnSharedPreferenceChangeListener.
07-09 07:42:07.847 29548 29548 D ACRA    : ACRA is enabled for com.facebook.katana, intializing...
07-09 07:42:07.882 29548 29548 D ACRA    : Looking for error files in /data/data/com.facebook.katana/app_acra-reports
07-09 07:42:07.949 29548 29548 W nalizableReferenceQueue: Could not load Finalizer in its own class loader.Loading Finalizer in the current class loader instead. As a result, you will not be ableto garbage collect this class loader. To support reclaiming this class loader, eitherresolve the underlying issue, or move Google Collections to your system class path.
07-09 07:42:07.949 29548 29548 W nalizableReferenceQueue: java.io.FileNotFoundException: com/google/common/base/internal/Finalizer.class
07-09 07:42:07.949 29548 29548 W nalizableReferenceQueue: 	at com.google.common.base.FinalizableReferenceQueue$DecoupledLoader.getBaseUrl(FinalizableReferenceQueue.java:243)
07-09 07:42:07.949 29548 29548 W nalizableReferenceQueue: 	at com.google.common.base.FinalizableReferenceQueue$DecoupledLoader.loadFinalizer(FinalizableReferenceQueue.java:227)
07-09 07:42:07.949 29548 29548 W nalizableReferenceQueue: 	at com.google.common.base.FinalizableReferenceQueue.loadFinalizer(FinalizableReferenceQueue.java:155)
07-09 07:42:07.949 29548 29548 W nalizableReferenceQueue: 	at com.google.common.base.FinalizableReferenceQueue.<clinit>(FinalizableReferenceQueue.java:84)
07-09 07:42:07.949 29548 29548 W nalizableReferenceQueue: 	at com.google.common.collect.CustomConcurrentHashMap$QueueHolder.<clinit>(CustomConcurrentHashMap.java:650)
07-09 07:42:07.949 29548 29548 W nalizableReferenceQueue: 	at com.google.common.collect.CustomConcurrentHashMap$WeakEntry.<init>(CustomConcurrentHashMap.java:1342)
07-09 07:42:07.949 29548 29548 W nalizableReferenceQueue: 	at com.google.common.collect.CustomConcurrentHashMap$EntryFactory$9.newEntry(CustomConcurrentHashMap.java:453)
07-09 07:42:07.949 29548 29548 W nalizableReferenceQueue: 	at com.google.common.collect.CustomConcurrentHashMap.a(CustomConcurrentHashMap.java:1715)
07-09 07:42:07.949 29548 29548 W nalizableReferenceQueue: 	at com.google.common.collect.ComputingConcurrentHashMap$ComputingSegment.a(ComputingConcurrentHashMap.java:123)
07-09 07:42:07.949 29548 29548 W nalizableReferenceQueue: 	at com.google.common.collect.ComputingConcurrentHashMap.apply(ComputingConcurrentHashMap.java:71)
07-09 07:42:07.949 29548 29548 W nalizableReferenceQueue: 	at com.google.common.collect.MapMaker$ComputingMapAdapter.get(MapMaker.java:848)
07-09 07:42:07.949 29548 29548 W nalizableReferenceQueue: 	at com.google.inject.internal.Annotations$AnnotationChecker.a(Annotations.java:94)
07-09 07:42:07.949 29548 29548 W nalizableReferenceQueue: 	at com.google.inject.internal.Annotations.c(Annotations.java:112)
07-09 07:42:07.949 29548 29548 W nalizableReferenceQueue: 	at com.google.inject.Key.d(Key.java:369)
07-09 07:42:07.949 29548 29548 W nalizableReferenceQueue: 	at com.google.inject.Key.b(Key.java:356)
07-09 07:42:07.949 29548 29548 W nalizableReferenceQueue: 	at com.google.inject.Key.a(Key.java:267)
07-09 07:42:07.949 29548 29548 W nalizableReferenceQueue: 	at com.facebook.orca.inject.binder.AnnotatedBindingBuilderImpl.a(AnnotatedBindingBuilderImpl.java:22)
07-09 07:42:07.949 29548 29548 W nalizableReferenceQueue: 	at com.facebook.orca.app.FbBaseModule.a(FbBaseModule.java:74)
07-09 07:42:07.949 29548 29548 W nalizableReferenceQueue: 	at com.facebook.orca.inject.AbstractModule.a(AbstractModule.java:19)
07-09 07:42:07.949 29548 29548 W nalizableReferenceQueue: 	at com.facebook.orca.inject.FbInjectorImpl.a(FbInjectorImpl.java:61)
07-09 07:42:07.949 29548 29548 W nalizableReferenceQueue: 	at com.facebook.orca.inject.FbInjectorImpl.<init>(FbInjectorImpl.java:41)
07-09 07:42:07.949 29548 29548 W nalizableReferenceQueue: 	at com.facebook.orca.inject.FbInjector.a(FbInjector.java:40)
07-09 07:42:07.949 29548 29548 W nalizableReferenceQueue: 	at com.facebook.katana.FacebookApplication.onCreate(FacebookApplication.java:86)
07-09 07:42:07.949 29548 29548 W nalizableReferenceQueue: 	at android.app.Instrumentation.callApplicationOnCreate(Instrumentation.java:969)
07-09 07:42:07.949 29548 29548 W nalizableReferenceQueue: 	at android.app.ActivityThread.handleBindApplication(ActivityThread.java:3954)
07-09 07:42:07.949 29548 29548 W nalizableReferenceQueue: 	at android.app.ActivityThread.access$1300(ActivityThread.java:123)
07-09 07:42:07.949 29548 29548 W nalizableReferenceQueue: 	at android.app.ActivityThread$H.handleMessage(ActivityThread.java:1185)
07-09 07:42:07.949 29548 29548 W nalizableReferenceQueue: 	at android.os.Handler.dispatchMessage(Handler.java:99)
07-09 07:42:07.949 29548 29548 W nalizableReferenceQueue: 	at android.os.Looper.loop(Looper.java:137)
07-09 07:42:07.949 29548 29548 W nalizableReferenceQueue: 	at android.app.ActivityThread.main(ActivityThread.java:4424)
07-09 07:42:07.949 29548 29548 W nalizableReferenceQueue: 	at java.lang.reflect.Method.invokeNative(Native Method)
07-09 07:42:07.949 29548 29548 W nalizableReferenceQueue: 	at java.lang.reflect.Method.invoke(Method.java:511)
07-09 07:42:07.949 29548 29548 W nalizableReferenceQueue: 	at com.android.internal.os.ZygoteInit$MethodAndArgsCaller.run(ZygoteInit.java:784)
07-09 07:42:07.949 29548 29548 W nalizableReferenceQueue: 	at com.android.internal.os.ZygoteInit.main(ZygoteInit.java:551)
07-09 07:42:07.949 29548 29548 W nalizableReferenceQueue: 	at dalvik.system.NativeStart.main(Native Method)
07-09 07:42:07.949 29548 29548 I Finalizer: Couldn't access Thread.inheritableThreadLocals. Reference finalizer threads will inherit thread local values.
07-09 07:42:08.043 29548 29551 D dalvikvm: GC_CONCURRENT freed 395K, 5% free 9874K/10375K, paused 2ms+3ms
07-09 07:42:08.203 29548 29551 D dalvikvm: GC_CONCURRENT freed 367K, 5% free 10018K/10503K, paused 2ms+3ms
07-09 07:42:08.519 29548 29551 D dalvikvm: GC_CONCURRENT freed 387K, 5% free 10172K/10631K, paused 20ms+4ms
07-09 07:42:08.683 29548 29565 W Resources: Converting to string: TypedValue{t=0x10/d=0xffffffff a=-1}
07-09 07:42:09.066 29548 29551 D dalvikvm: GC_CONCURRENT freed 287K, 5% free 10292K/10759K, paused 10ms+4ms
07-09 07:42:09.410 29548 29551 D dalvikvm: GC_CONCURRENT freed 280K, 4% free 10413K/10823K, paused 3ms+3ms
07-09 07:42:10.566 29548 29551 D dalvikvm: GC_CONCURRENT freed 330K, 5% free 10496K/10951K, paused 3ms+2ms
07-09 07:42:20.140 29548 29551 D dalvikvm: GC_CONCURRENT freed 329K, 5% free 10553K/11015K, paused 3ms+3ms
07-09 07:42:25.910 29388 29401 I PhoneLab-: Service Running
07-09 07:42:26.039 29388 29401 I PhoneLab-LoggerService: app_37    1296  1     1436   996   c00f181c 400107b4 S logcat
07-09 07:42:26.039 29388 29401 I PhoneLab-LoggerService: Logcat pid from database 1296
07-09 07:42:26.039 29388 29401 I PhoneLab-LoggerService: Logcat process found 1296
07-09 07:42:26.039 29388 29401 I PhoneLab-LoggerService: Checking Threshold
07-09 07:42:49.394 29002 29004 D dalvikvm: GC_CONCURRENT freed 508K, 6% free 10375K/11015K, paused 3ms+6ms
07-09 07:42:56.562 29165 29168 D dalvikvm: GC_CONCURRENT freed 1305K, 16% free 12695K/14983K, paused 17ms+8ms
07-09 07:43:10.086 29165 29168 D dalvikvm: GC_CONCURRENT freed 606K, 12% free 13197K/14983K, paused 2ms+5ms
07-09 07:43:11.117 29165 29193 D dalvikvm: GC_FOR_ALLOC freed 835K, 12% free 13328K/14983K, paused 57ms
07-09 07:43:11.730 29165 29186 D dalvikvm: GC_FOR_ALLOC freed 844K, 12% free 13266K/14983K, paused 54ms
07-09 07:43:12.304 29165 29191 D dalvikvm: GC_FOR_ALLOC freed 735K, 11% free 13379K/14983K, paused 45ms
07-09 07:43:12.644 29165 29186 D dalvikvm: GC_FOR_ALLOC freed 696K, 14% free 12998K/14983K, paused 58ms
07-09 07:43:13.254 29165 29193 D dalvikvm: GC_FOR_ALLOC freed 750K, 12% free 13259K/14983K, paused 56ms
07-09 07:43:13.355 29165 29191 D dalvikvm: GC_FOR_ALLOC freed 312K, 12% free 13218K/14983K, paused 43ms
07-09 07:43:13.691 29165 29186 D dalvikvm: GC_FOR_ALLOC freed 416K, 11% free 13347K/14983K, paused 45ms
07-09 07:43:14.183 29165 29197 D dalvikvm: GC_FOR_ALLOC freed 564K, 12% free 13224K/14983K, paused 104ms
07-09 07:43:14.238   143   145 D dalvikvm: GC_CONCURRENT freed 2090K, 19% free 17114K/21127K, paused 12ms+11ms
07-09 07:43:15.090 29165 29195 D dalvikvm: GC_FOR_ALLOC freed 869K, 12% free 13240K/14983K, paused 50ms
07-09 07:43:15.746 29165 29191 D dalvikvm: GC_FOR_ALLOC freed 986K, 12% free 13255K/14983K, paused 62ms
07-09 07:43:16.312 29165 29186 D dalvikvm: GC_FOR_ALLOC freed 736K, 12% free 13304K/14983K, paused 43ms
07-09 07:43:16.332 29165 29172 I dalvikvm: Jit: resizing JitTable from 8192 to 16384
07-09 07:43:17.500 29165 29195 D dalvikvm: GC_FOR_ALLOC freed 920K, 12% free 13320K/14983K, paused 65ms
07-09 07:43:49.507 28142 28144 D dalvikvm: GC_CONCURRENT freed 471K, 8% free 10160K/10951K, paused 7ms+55ms
07-09 07:43:50.422 28142 28144 D dalvikvm: GC_CONCURRENT freed 280K, 7% free 10264K/10951K, paused 4ms+8ms
07-09 07:43:50.617 29165 29168 D dalvikvm: GC_CONCURRENT freed 1631K, 14% free 12998K/14983K, paused 6ms+7ms
07-09 07:43:53.914 28142 28144 D dalvikvm: GC_CONCURRENT freed 304K, 6% free 10384K/10951K, paused 2ms+10ms
07-09 07:43:54.375   143   200 D DhcpInfoInternal: makeLinkProperties with empty dns2!
07-09 07:43:54.375   143   200 D DhcpInfoInternal: makeLinkProperties with empty dns2!
07-09 07:44:25.886 29388 29401 I PhoneLab-: Service Running
07-09 07:44:25.961 29388 29401 I PhoneLab-LoggerService: app_37    1296  1     1436   996   c00f181c 400107b4 S logcat
07-09 07:44:25.961 29388 29401 I PhoneLab-LoggerService: Logcat pid from database 1296
07-09 07:44:25.965 29388 29401 I PhoneLab-LoggerService: Logcat process found 1296
07-09 07:44:25.965 29388 29401 I PhoneLab-LoggerService: Checking Threshold
07-09 07:44:49.609   143   154 D dalvikvm: GC_EXPLICIT freed 518K, 20% free 17055K/21127K, paused 14ms+15ms
07-09 07:44:49.695 29002 29004 D dalvikvm: GC_CONCURRENT freed 504K, 6% free 10377K/11015K, paused 2ms+7ms
07-09 07:45:17.918 29165 29168 D dalvikvm: GC_CONCURRENT freed 799K, 11% free 13402K/14983K, paused 14ms+9ms
07-09 07:45:19.109 29165 29193 D dalvikvm: GC_FOR_ALLOC freed 565K, 8% free 13847K/14983K, paused 118ms
07-09 07:45:20.109 29165 29186 D dalvikvm: GC_FOR_ALLOC freed 1451K, 12% free 13721K/15495K, paused 44ms
07-09 07:45:21.629 29165 29193 D dalvikvm: GC_FOR_ALLOC freed 1464K, 12% free 13657K/15495K, paused 66ms
07-09 07:45:22.121 29165 29193 D dalvikvm: GC_FOR_ALLOC freed 992K, 12% free 13695K/15495K, paused 70ms
07-09 07:45:22.738 29165 29193 D dalvikvm: GC_FOR_ALLOC freed 1688K, 14% free 13376K/15495K, paused 120ms
07-09 07:45:23.480 29165 29168 D dalvikvm: GC_CONCURRENT freed 858K, 11% free 13850K/15495K, paused 2ms+12ms
07-09 07:45:24.132 29165 29197 D dalvikvm: GC_FOR_ALLOC freed 701K, 11% free 13818K/15495K, paused 54ms
07-09 07:45:24.679 29165 29195 D dalvikvm: GC_FOR_ALLOC freed 1459K, 14% free 13435K/15495K, paused 53ms
07-09 07:45:25.328   143   387 I ActivityManager: Process com.google.android.apps.plus (pid 28695) has died.
07-09 07:45:26.109 29165 29168 D dalvikvm: GC_CONCURRENT freed 1136K, 12% free 13680K/15495K, paused 3ms+5ms
07-09 07:45:49.519   143 18119 I ActivityManager: Process com.google.android.talk (pid 28970) has died.
07-09 07:45:49.703 28142 28144 D dalvikvm: GC_CONCURRENT freed 733K, 8% free 10183K/11015K, paused 2ms+62ms
07-09 07:45:49.812 29002 29004 D dalvikvm: GC_CONCURRENT freed 346K, 6% free 10437K/11015K, paused 5ms+11ms
07-09 07:45:50.027 28142 28144 D dalvikvm: GC_CONCURRENT freed 209K, 6% free 10373K/11015K, paused 6ms+8ms
07-09 07:46:19.238   143   200 D DhcpInfoInternal: makeLinkProperties with empty dns2!
07-09 07:46:19.246   143   200 D DhcpInfoInternal: makeLinkProperties with empty dns2!
07-09 07:46:25.886 29388 29401 I PhoneLab-: Service Running
07-09 07:46:25.984 29388 29401 I PhoneLab-LoggerService: app_37    1296  1     1436   996   c00f181c 400107b4 S logcat
07-09 07:46:25.984 29388 29401 I PhoneLab-LoggerService: Logcat pid from database 1296
07-09 07:46:25.988 29388 29401 I PhoneLab-LoggerService: Logcat process found 1296
07-09 07:46:25.988 29388 29401 I PhoneLab-LoggerService: Checking Threshold
07-09 07:46:33.109 29505 29507 D dalvikvm: GC_CONCURRENT freed 593K, 7% free 11374K/12103K, paused 20ms+3ms
07-09 07:46:33.222 29505 29633 D dalvikvm: GC_FOR_ALLOC freed 99K, 8% free 11364K/12231K, paused 42ms
07-09 07:46:33.222 29505 29633 I dalvikvm-heap: Grow heap (frag case) to 11.343MB for 185382-byte allocation
07-09 07:46:33.265 29505 29633 D dalvikvm: GC_FOR_ALLOC freed 88K, 8% free 11456K/12423K, paused 37ms
07-09 07:46:33.300 29505 29633 D dalvikvm: GC_FOR_ALLOC freed <1K, 8% free 11456K/12423K, paused 31ms
07-09 07:46:33.300 29505 29633 I dalvikvm-heap: Grow heap (frag case) to 11.611MB for 371304-byte allocation
07-09 07:46:33.336 29505 29633 D dalvikvm: GC_FOR_ALLOC freed 181K, 10% free 11638K/12807K, paused 31ms
07-09 07:46:33.836 29505 29507 D dalvikvm: GC_CONCURRENT freed 269K, 6% free 12116K/12807K, paused 2ms+4ms
07-09 07:46:36.523 29505 29633 I DatabaseHelper: Begin cleanup.
07-09 07:46:36.613 29505 29633 I DatabaseHelper: Cleaned up: 0
07-09 07:46:47.414   143   175 I ActivityManager: Start proc com.google.android.maps.mytracks for service com.google.android.maps.mytracks/com.google.android.apps.mytracks.services.RemoveTempFilesService: pid=29637 uid=10072 gids={3003, 3002, 3001, 1015}
07-09 07:46:47.457 29637 29637 I dalvikvm: Turning on JNI app bug workarounds for target SDK version 7...
07-09 07:46:47.656 29637 29637 I ActivityThread: Pub com.google.android.maps.mytracks.search: com.google.android.apps.mytracks.content.SearchEngineProvider
07-09 07:46:47.664 29637 29637 I ActivityThread: Pub com.google.android.maps.mytracks: com.google.android.apps.mytracks.content.MyTracksProvider
07-09 07:46:48.222 29548 29551 D dalvikvm: GC_CONCURRENT freed 401K, 5% free 10641K/11143K, paused 38ms+3ms
07-09 07:46:49.172 29548 29551 D dalvikvm: GC_CONCURRENT freed 352K, 5% free 10816K/11271K, paused 2ms+4ms
07-09 07:46:49.347 29002 29004 D dalvikvm: GC_CONCURRENT freed 480K, 6% free 10524K/11079K, paused 2ms+3ms
07-09 07:47:49.468 28142 28144 D dalvikvm: GC_CONCURRENT freed 723K, 8% free 10175K/11015K, paused 2ms+4ms
07-09 07:47:49.582 28142 28144 D dalvikvm: GC_CONCURRENT freed 252K, 7% free 10317K/11015K, paused 2ms+3ms
07-09 07:48:22.672 29165 29168 D dalvikvm: GC_CONCURRENT freed 1504K, 13% free 13604K/15495K, paused 2ms+10ms
07-09 07:48:23.836 29165 29168 D dalvikvm: GC_CONCURRENT freed 606K, 7% free 14446K/15495K, paused 5ms+7ms
07-09 07:48:25.187 29165 29168 D dalvikvm: GC_CONCURRENT freed 2049K, 14% free 14145K/16327K, paused 3ms+5ms
07-09 07:48:25.886 29388 29401 I PhoneLab-: Service Running
07-09 07:48:26.011 29388 29401 I PhoneLab-LoggerService: app_37    1296  1     1436   996   c00f181c 400107b4 S logcat
07-09 07:48:26.011 29388 29401 I PhoneLab-LoggerService: Logcat pid from database 1296
07-09 07:48:26.011 29388 29401 I PhoneLab-LoggerService: Logcat process found 1296
07-09 07:48:26.011 29388 29401 I PhoneLab-LoggerService: Checking Threshold
07-09 07:48:26.043 29388 29389 D dalvikvm: GC_CONCURRENT freed 400K, 6% free 9092K/9607K, paused 2ms+3ms
07-09 07:48:26.605 29165 29168 D dalvikvm: GC_CONCURRENT freed 1646K, 14% free 14080K/16327K, paused 3ms+6ms
07-09 07:48:27.726 29165 29195 D dalvikvm: GC_FOR_ALLOC freed 1396K, 13% free 14242K/16327K, paused 63ms
07-09 07:48:29.570   143   145 D dalvikvm: GC_CONCURRENT freed 1876K, 20% free 17086K/21127K, paused 7ms+32ms
07-09 07:48:29.664 29165 29195 D dalvikvm: GC_FOR_ALLOC freed 1355K, 13% free 14360K/16327K, paused 74ms
07-09 07:48:29.957 29165 29195 D dalvikvm: GC_FOR_ALLOC freed 378K, 12% free 14418K/16327K, paused 55ms
07-09 07:48:29.957 29165 29195 I dalvikvm-heap: Grow heap (frag case) to 14.375MB for 237025-byte allocation
07-09 07:48:30.019 29165 29165 D dalvikvm: GC_FOR_ALLOC freed <1K, 12% free 14648K/16583K, paused 48ms
07-09 07:48:31.195 29165 29193 D dalvikvm: GC_FOR_ALLOC freed 1576K, 14% free 14344K/16583K, paused 60ms
07-09 07:48:44.136   143   200 D DhcpInfoInternal: makeLinkProperties with empty dns2!
07-09 07:48:44.140   143   200 D DhcpInfoInternal: makeLinkProperties with empty dns2!
07-09 07:48:49.687 29002 29004 D dalvikvm: GC_CONCURRENT freed 541K, 6% free 10516K/11143K, paused 8ms+5ms
07-09 07:48:49.754 28142 28144 D dalvikvm: GC_CONCURRENT freed 599K, 8% free 10151K/11015K, paused 1ms+3ms
07-09 07:49:24.679   143 18119 W InputManagerService: Starting input on non-focused client com.android.internal.view.IInputMethodClient$Stub$Proxy@415debe0 (uid=10083 pid=29165)
07-09 07:49:24.863 29165 29165 D OpenGLRenderer: Flushing caches (mode 0)
07-09 07:49:24.886 29165 29165 D OpenGLRenderer: Flushing caches (mode 2)
07-09 07:49:24.918 29165 29165 D OpenGLRenderer: Flushing caches (mode 0)
07-09 07:49:25.019 29165 29165 D webviewglue: nativeDestroy view: 0xbed4f0
07-09 07:49:25.019 29165 29165 D webviewglue: nativeDestroy view: 0xbefc30
07-09 07:49:28.851   143   181 I ActivityManager: START {act=android.intent.action.MAIN cat=[android.intent.category.HOME] flg=0x10200000 cmp=com.android.launcher/com.android.launcher2.Launcher} from pid 143
07-09 07:49:47.972   143   387 I ActivityManager: START {act=android.intent.action.MAIN cat=[android.intent.category.LAUNCHER] flg=0x10000000 pkg=com.instagram.android cmp=com.instagram.android/.activity.MainTabActivity bnds=[360,254][480,404]} from pid 24357
07-09 07:49:48.121 24357 24357 D OpenGLRenderer: Flushing caches (mode 1)
07-09 07:49:48.234 24357 24357 D OpenGLRenderer: Flushing caches (mode 0)
07-09 07:49:48.461   143   176 I ActivityManager: Displayed com.instagram.android/.activity.MainTabActivity: +424ms
07-09 07:49:48.953 29165 29168 D dalvikvm: GC_CONCURRENT freed 1956K, 16% free 14063K/16583K, paused 3ms+6ms
07-09 07:49:49.547 27077 27080 D dalvikvm: GC_CONCURRENT freed 395K, 6% free 10150K/10695K, paused 37ms+4ms
07-09 07:49:50.515 24357 24357 D OpenGLRenderer: Flushing caches (mode 2)
07-09 07:49:50.523 24357 24357 D OpenGLRenderer: Flushing caches (mode 0)
07-09 07:49:50.812 29165 29168 D dalvikvm: GC_CONCURRENT freed 1238K, 14% free 14387K/16583K, paused 3ms+10ms
07-09 07:49:50.914 29165 29195 D dalvikvm: GC_FOR_ALLOC freed 488K, 16% free 14034K/16583K, paused 56ms
07-09 07:49:50.914 29165 29195 I dalvikvm-heap: Grow heap (frag case) to 13.874MB for 104333-byte allocation
07-09 07:49:50.980 29165 29165 D dalvikvm: GC_FOR_ALLOC freed 0K, 16% free 14136K/16711K, paused 55ms
07-09 07:49:51.293 29165 29191 D dalvikvm: GC_FOR_ALLOC freed 144K, 15% free 14218K/16711K, paused 108ms
07-09 07:49:51.293 29165 29191 I dalvikvm-heap: Grow heap (frag case) to 14.054MB for 105272-byte allocation
07-09 07:49:51.359 29165 29165 D dalvikvm: GC_FOR_ALLOC freed <1K, 15% free 14320K/16839K, paused 52ms
07-09 07:49:51.468 29165 29186 D dalvikvm: GC_FOR_ALLOC freed 337K, 16% free 14169K/16839K, paused 56ms
07-09 07:49:51.515 29165 29195 D dalvikvm: GC_FOR_ALLOC freed 118K, 16% free 14159K/16839K, paused 46ms
07-09 07:49:51.574 29165 29193 D dalvikvm: GC_FOR_ALLOC freed 112K, 16% free 14149K/16839K, paused 45ms
07-09 07:50:24.238   143 10999 W InputManagerService: Starting input on non-focused client com.android.internal.view.IInputMethodClient$Stub$Proxy@415debe0 (uid=10083 pid=29165)
07-09 07:50:24.347 29165 29165 D OpenGLRenderer: Flushing caches (mode 0)
07-09 07:50:24.375 29165 29165 D OpenGLRenderer: Flushing caches (mode 2)
07-09 07:50:24.386 29165 29165 D OpenGLRenderer: Flushing caches (mode 0)
07-09 07:50:24.422 29165 29165 D webviewglue: nativeDestroy view: 0xa7b358
07-09 07:50:24.422 29165 29165 D webviewglue: nativeDestroy view: 0xae8480
07-09 07:50:25.886 29388 29401 I PhoneLab-: Service Running
07-09 07:50:25.965 29388 29401 I PhoneLab-LoggerService: app_37    1296  1     1436   996   c00f181c 400107b4 S logcat
07-09 07:50:25.965 29388 29401 I PhoneLab-LoggerService: Logcat pid from database 1296
07-09 07:50:25.965 29388 29401 I PhoneLab-LoggerService: Logcat process found 1296
07-09 07:50:25.965 29388 29401 I PhoneLab-LoggerService: Checking Threshold
07-09 07:50:26.789 24357 24360 D dalvikvm: GC_CONCURRENT freed 1127K, 22% free 11946K/15303K, paused 2ms+6ms
07-09 07:50:26.980 24357 27375 D dalvikvm: GC_FOR_ALLOC freed 344K, 20% free 12390K/15303K, paused 28ms
07-09 07:50:27.097 24357 27375 D dalvikvm: GC_FOR_ALLOC freed 859K, 21% free 12158K/15303K, paused 29ms
07-09 07:50:27.257 24357 27375 D dalvikvm: GC_FOR_ALLOC freed 55K, 16% free 13008K/15303K, paused 23ms
07-09 07:50:27.367 24357 30008 D dalvikvm: GC_FOR_ALLOC freed 1040K, 18% free 12593K/15303K, paused 27ms
07-09 07:50:27.617 24357 24360 D dalvikvm: GC_CONCURRENT freed 1627K, 21% free 12132K/15303K, paused 2ms+8ms
07-09 07:50:27.968 24357 27376 D dalvikvm: GC_FOR_ALLOC freed 622K, 20% free 12369K/15303K, paused 27ms
07-09 07:50:28.023 24357 27376 D dalvikvm: GC_FOR_ALLOC freed 867K, 21% free 12125K/15303K, paused 26ms
07-09 07:50:28.175 24357 24360 D dalvikvm: GC_CONCURRENT freed 8K, 15% free 13146K/15303K, paused 2ms+11ms
07-09 07:50:28.254 24357 30007 D dalvikvm: GC_FOR_ALLOC freed 1039K, 18% free 12551K/15303K, paused 26ms
07-09 07:50:28.375 24357 24360 D dalvikvm: GC_CONCURRENT freed 1193K, 19% free 12528K/15303K, paused 2ms+5ms
07-09 07:50:49.617 29002 29004 D dalvikvm: GC_CONCURRENT freed 504K, 6% free 10519K/11143K, paused 1ms+4ms
07-09 07:50:49.679 28142 28144 D dalvikvm: GC_CONCURRENT freed 499K, 8% free 10141K/11015K, paused 1ms+3ms
07-09 07:50:56.800   143   311 I ActivityManager: START {act=android.intent.action.MAIN cat=[android.intent.category.LAUNCHER] flg=0x10200000 cmp=com.whatsapp/.Main} from pid 24357
07-09 07:50:56.976 24357 24357 D OpenGLRenderer: Flushing caches (mode 1)
07-09 07:50:57.023 24357 24357 D OpenGLRenderer: Flushing caches (mode 0)
07-09 07:50:57.039   143 26971 I ActivityManager: START {cmp=com.whatsapp/.Conversations} from pid 29045
07-09 07:50:57.234 29045 29045 D dalvikvm: GC_FOR_ALLOC freed 446K, 6% free 10051K/10631K, paused 41ms
07-09 07:50:57.234 29045 29045 I dalvikvm-heap: Grow heap (frag case) to 10.072MB for 196256-byte allocation
07-09 07:50:57.261 29045 29045 D dalvikvm: GC_FOR_ALLOC freed 6K, 6% free 10236K/10823K, paused 23ms
07-09 07:50:57.297 29045 29045 D dalvikvm: GC_FOR_ALLOC freed 3K, 6% free 10244K/10823K, paused 24ms
07-09 07:50:57.297 29045 29045 I dalvikvm-heap: Grow heap (frag case) to 10.221MB for 155248-byte allocation
07-09 07:50:57.324 29045 29045 D dalvikvm: GC_FOR_ALLOC freed <1K, 6% free 10395K/11015K, paused 21ms
07-09 07:50:57.414   221   221 V PhoneStatusBar: setLightsOn(true)
07-09 07:50:57.558   143   159 I Process : Sending signal. PID: 29045 SIG: 3
07-09 07:50:57.558 29045 29050 I dalvikvm: threadid=3: reacting to signal 3
07-09 07:50:57.632 29045 29050 I dalvikvm: Wrote stack traces to '/data/anr/traces.txt'
07-09 07:50:57.640   143   154 W InputManagerService: Starting input on non-focused client com.android.internal.view.IInputMethodClient$Stub$Proxy@416c2070 (uid=10026 pid=24357)
07-09 07:50:57.754   325   327 D dalvikvm: GC_CONCURRENT freed 469K, 20% free 10404K/12999K, paused 50ms+7ms
07-09 07:50:57.781   143   176 I ActivityManager: Displayed com.whatsapp/.Conversations: +735ms (total +896ms)
07-09 07:50:57.797 24357 24357 D OpenGLRenderer: Flushing caches (mode 2)
07-09 07:50:57.820 24357 24357 D OpenGLRenderer: Flushing caches (mode 0)
07-09 07:50:57.933 29045 29696 D dalvikvm: GC_FOR_ALLOC freed 105K, 4% free 10601K/11015K, paused 21ms
07-09 07:50:58.859   143 18119 I ActivityManager: START {flg=0x14000000 cmp=com.whatsapp/.Conversation (has extras)} from pid 29045
07-09 07:50:59.011 29045 29045 D dalvikvm: GC_FOR_ALLOC freed 118K, 4% free 10851K/11207K, paused 22ms
07-09 07:50:59.054 29045 29045 D skia    : --- SkImageDecoder::Factory returned null
07-09 07:50:59.222   221   221 V PhoneStatusBar: setLightsOn(true)
07-09 07:50:59.230 29045 29048 D dalvikvm: GC_CONCURRENT freed 114K, 3% free 11310K/11591K, paused 2ms+9ms
07-09 07:50:59.328   143   176 I ActivityManager: Displayed com.whatsapp/.Conversation: +432ms
07-09 07:51:05.289   221   221 V PhoneStatusBar: setLightsOn(true)
07-09 07:51:09.023   143   200 D DhcpInfoInternal: makeLinkProperties with empty dns2!
07-09 07:51:09.043   143   200 D DhcpInfoInternal: makeLinkProperties with empty dns2!
07-09 07:51:10.461   143 10999 W InputManagerService: Window already focused, ignoring focus gain of: com.android.internal.view.IInputMethodClient$Stub$Proxy@418ddff8
07-09 07:51:12.109 29045 29048 D dalvikvm: GC_CONCURRENT freed 412K, 5% free 11593K/12103K, paused 2ms+12ms
07-09 07:51:13.445   143   308 D dalvikvm: GC_EXPLICIT freed 1708K, 19% free 17145K/21127K, paused 8ms+8ms
07-09 07:51:14.250   143   155 W InputManagerService: Window already focused, ignoring focus gain of: com.android.internal.view.IInputMethodClient$Stub$Proxy@41965898
07-09 07:51:16.468 29045 29045 W IInputConnectionWrapper: showStatusIcon on inactive InputConnection
07-09 07:51:16.468   143 11000 W InputManagerService: Starting input on non-focused client com.android.internal.view.IInputMethodClient$Stub$Proxy@41a302b8 (uid=10068 pid=29045)
07-09 07:51:16.562 24357 24373 D dalvikvm: GC_FOR_ALLOC freed 1038K, 19% free 12400K/15303K, paused 31ms
07-09 07:51:16.636 24357 24373 D dalvikvm: GC_FOR_ALLOC freed 887K, 21% free 12136K/15303K, paused 26ms
07-09 07:51:16.761   143   159 I Process : Sending signal. PID: 24357 SIG: 3
07-09 07:51:16.761 24357 24362 I dalvikvm: threadid=3: reacting to signal 3
07-09 07:51:16.879 24357 24362 I dalvikvm: Wrote stack traces to '/data/anr/traces.txt'
07-09 07:51:16.902 24357 24360 D dalvikvm: GC_CONCURRENT freed 12K, 15% free 13158K/15303K, paused 2ms+4ms
07-09 07:51:16.992 24357 27375 D dalvikvm: GC_FOR_ALLOC freed 1041K, 18% free 12558K/15303K, paused 27ms
07-09 07:51:17.300 24357 24360 D dalvikvm: GC_CONCURRENT freed 1192K, 19% free 12537K/15303K, paused 3ms+4ms
07-09 07:51:18.988   143   143 I ActivityManager: START {act=android.intent.action.MAIN cat=[android.intent.category.LAUNCHER] flg=0x10000000 pkg=com.whatsapp cmp=com.whatsapp/.Main bnds=[360,405][480,555]} from pid 24357
07-09 07:51:19.101   143 11000 I ActivityManager: START {cmp=com.whatsapp/.Conversations} from pid 29045
07-09 07:51:19.175   221   221 V PhoneStatusBar: setLightsOn(true)
07-09 07:51:19.230   143   176 I ActivityManager: Displayed com.whatsapp/.Conversations: +120ms (total +160ms)
07-09 07:51:19.265 24357 24357 D OpenGLRenderer: Flushing caches (mode 1)
07-09 07:51:19.300 24357 24357 D OpenGLRenderer: Flushing caches (mode 0)
07-09 07:51:19.375 24357 24357 D OpenGLRenderer: Flushing caches (mode 1)
07-09 07:51:20.597   143   154 I ActivityManager: START {flg=0x14000000 cmp=com.whatsapp/.Conversation (has extras)} from pid 29045
07-09 07:51:20.789 29045 29048 D dalvikvm: GC_CONCURRENT freed 1163K, 10% free 11305K/12551K, paused 2ms+5ms
07-09 07:51:20.800 29045 29045 D skia    : --- SkImageDecoder::Factory returned null
07-09 07:51:20.867   221   221 V PhoneStatusBar: setLightsOn(true)
07-09 07:51:21.047   325   327 D dalvikvm: GC_CONCURRENT freed 395K, 20% free 10402K/12999K, paused 1ms+5ms
07-09 07:51:21.148   143   159 I Process : Sending signal. PID: 29045 SIG: 3
07-09 07:51:21.148 29045 29050 I dalvikvm: threadid=3: reacting to signal 3
07-09 07:51:21.199 29045 29050 I dalvikvm: Wrote stack traces to '/data/anr/traces.txt'
07-09 07:51:21.234 29045 29048 D dalvikvm: GC_CONCURRENT freed 367K, 8% free 11583K/12551K, paused 4ms+4ms
07-09 07:51:21.484   143   176 I ActivityManager: Displayed com.whatsapp/.Conversation: +838ms
07-09 07:51:21.687 29045 29048 D dalvikvm: GC_CONCURRENT freed 559K, 7% free 11762K/12551K, paused 6ms+4ms
07-09 07:51:21.789 29045 29724 D dalvikvm: GC_FOR_ALLOC freed 254K, 7% free 11915K/12743K, paused 30ms
07-09 07:51:21.840 29045 29724 D dalvikvm: GC_FOR_ALLOC freed 245K, 8% free 12008K/12999K, paused 29ms
07-09 07:51:22.058 29045 29048 D dalvikvm: GC_CONCURRENT freed 479K, 6% free 12460K/13127K, paused 3ms+4ms
07-09 07:51:22.433 29045 29048 D dalvikvm: GC_CONCURRENT freed 486K, 5% free 13042K/13639K, paused 2ms+4ms
07-09 07:51:26.300   325   325 D dalvikvm: GC_FOR_ALLOC freed 77K, 20% free 10401K/12999K, paused 25ms
07-09 07:51:26.308   325   325 I dalvikvm-heap: Grow heap (frag case) to 11.071MB for 885136-byte allocation
07-09 07:51:26.367   325   327 D dalvikvm: GC_CONCURRENT freed <1K, 14% free 11265K/12999K, paused 2ms+6ms
07-09 07:51:26.519   221   221 D dalvikvm: GC_FOR_ALLOC freed 347K, 32% free 9745K/14215K, paused 21ms
07-09 07:51:26.629   221   223 D dalvikvm: GC_CONCURRENT freed 352K, 31% free 9886K/14215K, paused 2ms+3ms
07-09 07:51:27.894   221   223 D dalvikvm: GC_CONCURRENT freed 391K, 31% free 9895K/14215K, paused 2ms+5ms
07-09 07:51:27.976   221   223 D dalvikvm: GC_CONCURRENT freed 657K, 32% free 9718K/14215K, paused 1ms+4ms
07-09 07:51:28.925   221   221 V PhoneStatusBar: setLightsOn(true)
07-09 07:51:29.925   143   143 W InputManagerService: Starting input on non-focused client com.android.internal.view.IInputMethodClient$Stub$Proxy@41a302b8 (uid=10068 pid=29045)
07-09 07:51:29.929 29045 29045 W IInputConnectionWrapper: showStatusIcon on inactive InputConnection
07-09 07:51:31.687   143 26971 I ActivityManager: START {act=android.intent.action.MAIN cat=[android.intent.category.LAUNCHER] flg=0x10200000 cmp=com.google.android.gm/.ConversationListActivityGmail bnds=[0,556][120,706]} from pid 24357
07-09 07:51:31.894   143   400 I ActivityManager: Start proc com.google.android.gm for activity com.google.android.gm/.ConversationListActivityGmail: pid=29725 uid=10075 gids={3003, 1015}
07-09 07:51:31.968 24357 24357 D OpenGLRenderer: Flushing caches (mode 1)
07-09 07:51:32.000 24357 24357 D OpenGLRenderer: Flushing caches (mode 0)
07-09 07:51:32.043 29725 29725 I ActivityThread: Pub gmail-ls: com.google.android.gm.provider.MailProvider
07-09 07:51:32.078 29725 29725 I ActivityThread: Pub com.google.android.gm: com.google.android.gm.provider.PublicContentProvider
07-09 07:51:32.090 29725 29725 I ActivityThread: Pub com.google.android.gmail.SuggestionProvider: com.google.android.gm.SuggestionsProvider
07-09 07:51:32.230 29725 29727 D dalvikvm: GC_CONCURRENT freed 258K, 4% free 9277K/9607K, paused 5ms+5ms
07-09 07:51:32.476   143   159 I Process : Sending signal. PID: 29725 SIG: 3
07-09 07:51:32.476 29725 29729 I dalvikvm: threadid=3: reacting to signal 3
07-09 07:51:32.511 29725 29729 I dalvikvm: Wrote stack traces to '/data/anr/traces.txt'
07-09 07:51:32.750 29725 29727 D dalvikvm: GC_CONCURRENT freed 188K, 4% free 9497K/9799K, paused 2ms+2ms
07-09 07:51:32.789 29725 29742 I Gmail   : calculateUnknownSyncRationalesAndPurgeInBackground: queueing
07-09 07:51:32.800 29725 29742 I Gmail   : calculateUnknownSyncRationalesAndPurgeInBackground: queueing
07-09 07:51:32.824 29725 29742 I Gmail   : calculateUnknownSyncRationalesAndPurgeInBackground: running
07-09 07:51:32.824 29725 29742 I Gmail   : calculateUnknownSyncRationalesAndPurgeInBackground: running
07-09 07:51:32.933   143   159 I Process : Sending signal. PID: 29725 SIG: 3
07-09 07:51:32.933 29725 29729 I dalvikvm: threadid=3: reacting to signal 3
07-09 07:51:32.937 29725 29729 I dalvikvm: Wrote stack traces to '/data/anr/traces.txt'
07-09 07:51:33.062 29725 29727 D dalvikvm: GC_CONCURRENT freed 185K, 4% free 9750K/10055K, paused 3ms+6ms
07-09 07:51:33.086   143   395 I ActivityManager: Start proc com.google.android.gsf.login for service com.google.android.gsf.login/com.google.android.gsf.loginservice.GoogleLoginService: pid=29748 uid=10009 gids={3003, 1015, 1007, 2001, 3006}
07-09 07:51:33.172 29725 29725 D libEGL  : loaded /system/lib/egl/libGLES_android.so
07-09 07:51:33.179 29725 29725 D libEGL  : loaded /vendor/lib/egl/libEGL_POWERVR_SGX540_120.so
07-09 07:51:33.207 29725 29725 D libEGL  : loaded /vendor/lib/egl/libGLESv1_CM_POWERVR_SGX540_120.so
07-09 07:51:33.211 29725 29725 D libEGL  : loaded /vendor/lib/egl/libGLESv2_POWERVR_SGX540_120.so
07-09 07:51:33.285 29725 29725 D OpenGLRenderer: Enabling debug mode 0
07-09 07:51:33.433   143   159 I Process : Sending signal. PID: 29725 SIG: 3
07-09 07:51:33.433 29725 29729 I dalvikvm: threadid=3: reacting to signal 3
07-09 07:51:33.535 29725 29729 I dalvikvm: Wrote stack traces to '/data/anr/traces.txt'
07-09 07:51:33.582   143   176 I ActivityManager: Displayed com.google.android.gm/.ConversationListActivityGmail: +1s772ms
07-09 07:51:33.632 24357 24357 D OpenGLRenderer: Flushing caches (mode 1)
07-09 07:51:33.918 29725 29727 D dalvikvm: GC_CONCURRENT freed 240K, 4% free 9954K/10311K, paused 2ms+3ms
07-09 07:51:36.347 29725 29725 D dalvikvm: GC_FOR_ALLOC freed 240K, 4% free 10012K/10375K, paused 26ms
07-09 07:51:36.351 29725 29725 I dalvikvm-heap: Grow heap (frag case) to 10.580MB for 768016-byte allocation
07-09 07:51:36.386 29725 29769 D dalvikvm: GC_FOR_ALLOC freed 23K, 4% free 10739K/11143K, paused 24ms
07-09 07:51:36.578 29725 29727 D dalvikvm: GC_CONCURRENT freed 5K, 4% free 10783K/11143K, paused 3ms+97ms
07-09 07:51:37.062 29725 29725 D dalvikvm: GC_FOR_ALLOC freed 260K, 4% free 10949K/11335K, paused 23ms
07-09 07:51:37.531 29725 29727 D dalvikvm: GC_CONCURRENT freed 352K, 4% free 11199K/11655K, paused 7ms+8ms
07-09 07:51:37.781 29505 29507 D dalvikvm: GC_CONCURRENT freed 1671K, 14% free 11395K/13191K, paused 27ms+33ms
07-09 07:51:37.879 24357 24357 D OpenGLRenderer: Flushing caches (mode 2)
07-09 07:51:37.902 24357 24357 D OpenGLRenderer: Flushing caches (mode 0)
07-09 07:51:38.343 29725 29725 D dalvikvm: GC_FOR_ALLOC freed 92K, 4% free 11261K/11655K, paused 32ms
07-09 07:51:38.347 29725 29725 I dalvikvm-heap: Grow heap (frag case) to 11.798MB for 768016-byte allocation
07-09 07:51:38.382 29725 29727 D dalvikvm: GC_CONCURRENT freed 5K, 4% free 12005K/12423K, paused 2ms+2ms
07-09 07:51:41.011 29467 29476 W CursorWrapperInner: Cursor finalized without prior close()
07-09 07:51:41.011 29467 29476 W CursorWrapperInner: Cursor finalized without prior close()
07-09 07:51:41.019 29467 29469 D dalvikvm: GC_CONCURRENT freed 281K, 5% free 9833K/10247K, paused 8ms+3ms
07-09 07:51:41.250 29467 29467 D GoogleVoice: A notification tickle arrived.
07-09 07:51:41.789 29467 29469 D dalvikvm: GC_CONCURRENT freed 348K, 5% free 9951K/10375K, paused 3ms+3ms
07-09 07:51:41.871 29467 29467 W MessageQueue: Handler (android.os.Handler) {41315ad0} sending message to a Handler on a dead thread
07-09 07:51:41.871 29467 29467 W MessageQueue: java.lang.RuntimeException: Handler (android.os.Handler) {41315ad0} sending message to a Handler on a dead thread
07-09 07:51:41.871 29467 29467 W MessageQueue: 	at android.os.MessageQueue.enqueueMessage(MessageQueue.java:196)
07-09 07:51:41.871 29467 29467 W MessageQueue: 	at android.os.Handler.sendMessageAtTime(Handler.java:473)
07-09 07:51:41.871 29467 29467 W MessageQueue: 	at android.os.Handler.sendMessageDelayed(Handler.java:446)
07-09 07:51:41.871 29467 29467 W MessageQueue: 	at android.os.Handler.post(Handler.java:263)
07-09 07:51:41.871 29467 29467 W MessageQueue: 	at com.google.android.apps.googlevoice.AndroidBackgroundThread.runInBackground(AndroidBackgroundThread.java:94)
07-09 07:51:41.871 29467 29467 W MessageQueue: 	at com.google.android.apps.googlevoice.widget.WidgetServiceHandler.update(WidgetServiceHandler.java:243)
07-09 07:51:41.871 29467 29467 W MessageQueue: 	at com.google.android.apps.googlevoice.widget.WidgetServiceHandler.handleMessage(WidgetServiceHandler.java:93)
07-09 07:51:41.871 29467 29467 W MessageQueue: 	at com.google.android.apps.googlevoice.activity.MessageReceiverAsHandler.handleMessage(MessageReceiverAsHandler.java:26)
07-09 07:51:41.871 29467 29467 W MessageQueue: 	at android.os.Handler.dispatchMessage(Handler.java:99)
07-09 07:51:41.871 29467 29467 W MessageQueue: 	at android.os.Looper.loop(Looper.java:137)
07-09 07:51:41.871 29467 29467 W MessageQueue: 	at android.app.ActivityThread.main(ActivityThread.java:4424)
07-09 07:51:41.871 29467 29467 W MessageQueue: 	at java.lang.reflect.Method.invokeNative(Native Method)
07-09 07:51:41.871 29467 29467 W MessageQueue: 	at java.lang.reflect.Method.invoke(Method.java:511)
07-09 07:51:41.871 29467 29467 W MessageQueue: 	at com.android.internal.os.ZygoteInit$MethodAndArgsCaller.run(ZygoteInit.java:784)
07-09 07:51:41.871 29467 29467 W MessageQueue: 	at com.android.internal.os.ZygoteInit.main(ZygoteInit.java:551)
07-09 07:51:41.871 29467 29467 W MessageQueue: 	at dalvik.system.NativeStart.main(Native Method)
07-09 07:51:41.953 29467 29467 D GoogleVoice: com.google.android.apps.googlevoice.vvm.service.GvVvmService$Handler Handling message 1001
07-09 07:51:42.039   221   221 D dalvikvm: GC_FOR_ALLOC freed 252K, 31% free 9823K/14215K, paused 19ms
07-09 07:51:42.043 29467 29490 W System.err: com.google.android.apps.googlevoice.net.VoiceServiceException: Voice service failed [INVALID_AUTH_TOKEN]
07-09 07:51:42.062 29467 29490 W System.err: 	at com.google.android.apps.googlevoice.net.masf.MASFVoiceService.checkCredentials(MASFVoiceService.java:107)
07-09 07:51:42.062 29467 29490 W System.err: 	at com.google.android.apps.googlevoice.net.masf.MASFVoiceService.getAuthToken(MASFVoiceService.java:95)
07-09 07:51:42.062 29467 29490 W System.err: 	at com.google.android.apps.googlevoice.net.masf.MASFCheckinRpc.createRequestPayload(MASFCheckinRpc.java:38)
07-09 07:51:42.066 29467 29490 W System.err: 	at com.google.android.apps.googlevoice.net.masf.MASFApiRpc.requestSubmit(MASFApiRpc.java:160)
07-09 07:51:42.066 29467 29490 W System.err: 	at com.google.android.apps.googlevoice.net.masf.MASFApiRpc.run(MASFApiRpc.java:141)
07-09 07:51:42.066 29467 29490 W System.err: 	at com.googlex.common.task.AbstractTask.run(Unknown Source)
07-09 07:51:42.066 29467 29490 W System.err: 	at com.googlex.common.task.AbstractTask.runInternal(Unknown Source)
07-09 07:51:42.066 29467 29490 W System.err: 	at com.googlex.common.task.TaskRunner.run(Unknown Source)
07-09 07:51:42.066 29467 29490 W System.err: 	at com.googlex.common.lang.BaseThreadFactory$ThreadImpl.run(Unknown Source)
07-09 07:51:42.113   221   223 D dalvikvm: GC_CONCURRENT freed 343K, 31% free 9948K/14215K, paused 3ms+2ms
07-09 07:51:42.422   143 18119 W AppWidgetService: updateAppWidgetProvider: provider doesn't exist: ComponentInfo{com.google.android.apps.googlevoice/com.google.android.apps.googlevoice.widget.WidgetSettingsProvider}
07-09 07:51:42.453 29467 29491 I System.out: [INFO:681795]: LogSource: Running flush
07-09 07:51:42.507 29467 29492 I System.out: [INFO:681852]: LogSource: Sending payload [bytes=409]
07-09 07:51:42.511 29467 29467 D GoogleVoice: com.google.android.apps.googlevoice.vvm.service.GvVvmService$Handler Handling message 1011
07-09 07:51:42.523 29467 29491 I System.out: [INFO:681865]: LogSource: Running flush
07-09 07:51:42.523 29467 29493 I System.out: [INFO:681866]: LogSource: Sending payload [bytes=420]
07-09 07:51:42.543 29467 29467 W GoogleVoice: CheckinHelper: ApiCheckin failed
07-09 07:51:42.543   143   311 W AppWidgetService: updateAppWidgetProvider: provider doesn't exist: ComponentInfo{com.google.android.apps.googlevoice/com.google.android.apps.googlevoice.widget.WidgetInboxProvider}
07-09 07:51:42.547 29467 29792 I GoogleVoice: Deleting all voicemails
07-09 07:51:42.570 29467 29469 D dalvikvm: GC_CONCURRENT freed 411K, 5% free 10084K/10567K, paused 2ms+6ms
07-09 07:51:42.574 29467 29491 I System.out: [INFO:681915]: LogSource: Running flush
07-09 07:51:42.582 29467 29494 I System.out: [INFO:681924]: LogSource: Sending payload [bytes=498]
07-09 07:51:43.382 29467 29469 D dalvikvm: GC_CONCURRENT freed 392K, 5% free 10117K/10631K, paused 5ms+3ms
07-09 07:51:43.804 29467 29492 I System.out: [INFO:683146]: LogSource: Response [http=200,length=254]
07-09 07:51:43.804 29467 29491 I System.out: [INFO:683148]: LogSource: Read id 1, status code 200
07-09 07:51:43.988 29467 29493 I System.out: [INFO:683333]: LogSource: Response [http=200,length=2877]
07-09 07:51:43.992 29467 29494 I System.out: [INFO:683333]: LogSource: Response [http=200,length=22]
07-09 07:51:43.996 29467 29491 I System.out: [INFO:683336]: LogSource: Read id 2, status code 200
07-09 07:51:44.066 29467 29491 I System.out: [INFO:683408]: LogSource: Read id 3, status code 200
07-09 07:51:44.230 29467 29469 D dalvikvm: GC_CONCURRENT freed 428K, 5% free 10258K/10759K, paused 2ms+3ms
07-09 07:51:44.250   143   403 W AppWidgetService: updateAppWidgetProvider: provider doesn't exist: ComponentInfo{com.google.android.apps.googlevoice/com.google.android.apps.googlevoice.widget.WidgetSettingsProvider}
07-09 07:51:44.257   143  1922 W AppWidgetService: updateAppWidgetProvider: provider doesn't exist: ComponentInfo{com.google.android.apps.googlevoice/com.google.android.apps.googlevoice.widget.WidgetInboxProvider}
07-09 07:51:44.304 29467 29467 D GoogleVoice: com.google.android.apps.googlevoice.vvm.service.GvVvmService$Handler Handling message 1001
07-09 07:51:44.304 29467 29467 D GoogleVoice: com.google.android.apps.googlevoice.vvm.service.GvVvmService$Handler Handling message 1011
07-09 07:51:44.308 29467 29491 I System.out: [INFO:683653]: LogSource: Running flush
07-09 07:51:44.308   143 18119 W AppWidgetService: updateAppWidgetProvider: provider doesn't exist: ComponentInfo{com.google.android.apps.googlevoice/com.google.android.apps.googlevoice.widget.WidgetSettingsProvider}
07-09 07:51:44.312 29467 29492 I System.out: [INFO:683654]: LogSource: Sending payload [bytes=500]
07-09 07:51:44.320 29467 29798 I GoogleVoice: Deleting all voicemails
07-09 07:51:44.332   143   143 W AppWidgetService: updateAppWidgetProvider: provider doesn't exist: ComponentInfo{com.google.android.apps.googlevoice/com.google.android.apps.googlevoice.widget.WidgetInboxProvider}
07-09 07:51:44.441   143   173 I power   : *** set_screen_state 0
07-09 07:51:44.480    78   121 D SurfaceFlinger: About to give-up screen, flinger = 0x1ddb918
07-09 07:51:44.890 29467 29492 I System.out: [INFO:684233]: LogSource: Response [http=200,length=22]
07-09 07:51:44.890 29467 29491 I System.out: [INFO:684235]: LogSource: Read id 4, status code 200
07-09 07:51:45.113   221   223 D dalvikvm: GC_CONCURRENT freed 376K, 30% free 9992K/14215K, paused 1ms+121ms
07-09 07:51:45.261   143   145 D dalvikvm: GC_CONCURRENT freed 1614K, 17% free 17563K/21127K, paused 122ms+11ms
07-09 07:51:45.312   143   177 V TransportControlView: Create TCV com.android.internal.widget.TransportControlView@41952a70
07-09 07:51:45.406   221   221 D PhoneStatusBar: disable: < expand icons alerts ticker system_info back home RECENT* clock >
07-09 07:51:45.461   221   221 D PhoneStatusBar: disable: < expand icons alerts ticker system_info BACK* HOME* RECENT CLOCK* >
07-09 07:51:48.328   143   400 D dalvikvm: GC_EXPLICIT freed 185K, 15% free 17960K/21127K, paused 7ms+8ms
07-09 07:51:51.226   143 24239 W ActivityManager: finishReceiver called but no pending broadcasts
07-09 07:51:51.332 29002 29004 D dalvikvm: GC_CONCURRENT freed 366K, 5% free 10663K/11143K, paused 11ms+3ms
07-09 07:52:00.078   143 11000 W ActivityManager: finishReceiver called but no pending broadcasts
07-09 07:52:00.164 29002 29004 D dalvikvm: GC_CONCURRENT freed 573K, 6% free 10687K/11335K, paused 2ms+3ms
07-09 07:52:08.933   143   311 W ActivityManager: finishReceiver called but no pending broadcasts
07-09 07:52:09.007 29002 29004 D dalvikvm: GC_CONCURRENT freed 553K, 6% free 10688K/11335K, paused 2ms+3ms
07-09 07:52:17.816   143   143 W ActivityManager: finishReceiver called but no pending broadcasts
07-09 07:52:17.890 29002 29004 D dalvikvm: GC_CONCURRENT freed 555K, 6% free 10688K/11335K, paused 2ms+3ms
07-09 07:52:26.644   143   311 W ActivityManager: finishReceiver called but no pending broadcasts
07-09 07:52:26.715 29002 29004 D dalvikvm: GC_CONCURRENT freed 554K, 6% free 10689K/11335K, paused 1ms+3ms
07-09 07:52:35.476   143   403 W ActivityManager: finishReceiver called but no pending broadcasts
07-09 07:52:35.547 29002 29004 D dalvikvm: GC_CONCURRENT freed 555K, 6% free 10689K/11335K, paused 1ms+3ms
07-09 07:52:36.164   221   223 D dalvikvm: GC_CONCURRENT freed 327K, 29% free 10146K/14215K, paused 2ms+3ms
07-09 07:52:36.238   221   223 D dalvikvm: GC_CONCURRENT freed 466K, 29% free 10158K/14215K, paused 2ms+3ms
07-09 07:52:38.332 29002 29004 D dalvikvm: GC_CONCURRENT freed 475K, 6% free 10667K/11335K, paused 2ms+3ms
07-09 07:52:39.406 29388 29401 I PhoneLab-: Service Running
07-09 07:52:39.578 29388 29401 I PhoneLab-LoggerService: app_37    1296  1     1436   996   c00f181c 400107b4 S logcat
07-09 07:52:39.578 29388 29401 I PhoneLab-LoggerService: Logcat pid from database 1296
07-09 07:52:39.578 29388 29401 I PhoneLab-LoggerService: Logcat process found 1296
07-09 07:52:39.578 29388 29401 I PhoneLab-LoggerService: Checking Threshold
07-09 07:52:40.812   221   223 D dalvikvm: GC_CONCURRENT freed 415K, 29% free 10140K/14215K, paused 2ms+3ms
07-09 07:52:40.992 28142 28144 D dalvikvm: GC_CONCURRENT freed 489K, 8% free 10139K/11015K, paused 2ms+3ms
07-09 07:52:41.836 28142 28153 D dalvikvm: GC_EXPLICIT freed 48K, 9% free 10106K/11015K, paused 3ms+3ms
07-09 07:52:42.918 28142 28144 D dalvikvm: GC_CONCURRENT freed 455K, 8% free 10144K/11015K, paused 6ms+3ms
07-09 07:52:43.972 28142 28144 D dalvikvm: GC_CONCURRENT freed 443K, 8% free 10212K/11015K, paused 10ms+10ms
07-09 07:52:44.488 29002 29004 D dalvikvm: GC_CONCURRENT freed 129K, 4% free 10961K/11335K, paused 1ms+3ms
07-09 07:52:44.953 28142 28144 D dalvikvm: GC_CONCURRENT freed 435K, 8% free 10177K/11015K, paused 2ms+3ms
07-09 07:52:46.363 29002 29004 D dalvikvm: GC_CONCURRENT freed 438K, 5% free 11196K/11719K, paused 2ms+2ms
07-09 07:52:46.992 28142 28144 D dalvikvm: GC_CONCURRENT freed 504K, 8% free 10166K/11015K, paused 2ms+3ms
07-09 07:52:48.609 28142 28144 D dalvikvm: GC_CONCURRENT freed 492K, 8% free 10165K/11015K, paused 4ms+2ms
07-09 07:52:49.918 28142 28144 D dalvikvm: GC_CONCURRENT freed 488K, 8% free 10165K/11015K, paused 1ms+3ms
07-09 07:52:50.695   143   154 D dalvikvm: GC_EXPLICIT freed 656K, 15% free 18090K/21127K, paused 4ms+10ms
07-09 07:52:51.476 29002 29004 D dalvikvm: GC_CONCURRENT freed 1007K, 10% free 10838K/11975K, paused 15ms+3ms
07-09 07:52:51.929 28142 28144 D dalvikvm: GC_CONCURRENT freed 486K, 8% free 10166K/11015K, paused 1ms+3ms
07-09 07:52:53.957 28142 28144 D dalvikvm: GC_CONCURRENT freed 489K, 8% free 10164K/11015K, paused 2ms+2ms
07-09 07:52:55.949 28142 28144 D dalvikvm: GC_CONCURRENT freed 487K, 8% free 10165K/11015K, paused 2ms+3ms
07-09 07:52:56.308 29002 29004 D dalvikvm: GC_CONCURRENT freed 301K, 8% free 11120K/11975K, paused 2ms+3ms
07-09 07:52:56.386 29002 29829 D dalvikvm: GC_FOR_ALLOC freed 404K, 8% free 11040K/11975K, paused 28ms
07-09 07:52:56.894 27077 27153 D dalvikvm: GC_EXPLICIT freed 324K, 5% free 10182K/10695K, paused 6ms+5ms
07-09 07:52:58.004 28142 28144 D dalvikvm: GC_CONCURRENT freed 488K, 8% free 10166K/11015K, paused 2ms+2ms
07-09 07:52:59.949 28142 28144 D dalvikvm: GC_CONCURRENT freed 491K, 8% free 10163K/11015K, paused 1ms+4ms
07-09 07:53:01.949 28142 28144 D dalvikvm: GC_CONCURRENT freed 487K, 8% free 10164K/11015K, paused 2ms+3ms
07-09 07:53:03.836 29002 29004 D dalvikvm: GC_CONCURRENT freed 613K, 9% free 10979K/11975K, paused 13ms+4ms
07-09 07:53:03.961 28142 28144 D dalvikvm: GC_CONCURRENT freed 474K, 8% free 10208K/11015K, paused 1ms+3ms
07-09 07:53:05.379   291   291 I wpa_supplicant: wlan0: CTRL-EVENT-DISCONNECTED bssid=94:44:52:17:be:7d reason=0
07-09 07:53:05.382 19760 19777 D CommandListener: Clearing all IP addresses on wlan0
07-09 07:53:05.422   143   202 D ConnectivityService: ConnectivityChange for WIFI: DISCONNECTED/DISCONNECTED
07-09 07:53:05.465   143   202 D ConnectivityService: Attempting to switch to mobile
07-09 07:53:05.547   143   202 D ConnectivityService: Attempting to switch to WIMAX
07-09 07:53:05.562   143   202 D ConnectivityService: Attempting to switch to BLUETOOTH_TETHER
07-09 07:53:05.566   143   202 E ConnectivityService: Exception trying to remove a route: java.lang.IllegalStateException: Unable to communicate with native dameon to add routes - com.android.server.NativeDaemonConnectorException: Cmd {interface route remove wlan0 default 192.168.0.1 32 0.0.0.0} failed with code 400 : {Failed to remove route from default table (No such process)}
07-09 07:53:05.566   143   202 E ConnectivityService: Exception trying to remove a route: java.lang.IllegalStateException: Unable to communicate with native dameon to add routes - com.android.server.NativeDaemonConnectorException: Cmd {interface route remove wlan0 default 0.0.0.0 0 192.168.0.1} failed with code 400 : {Failed to remove route from default table (No such process)}
07-09 07:53:05.570   143   202 D NetUtils: android_net_utils_resetConnections in env=0x7a7aa0 clazz=0x50900001 iface=wlan0 mask=0x3
07-09 07:53:05.570   143   202 D ConnectivityService: resetConnections(wlan0, 3)
07-09 07:53:05.593   143   202 D ConnectivityService: ConnectivityChange for WIMAX: DISCONNECTED/SCANNING
07-09 07:53:05.597   143   202 D ConnectivityService: Attempting to switch to mobile
07-09 07:53:05.601   143   202 D ConnectivityService: Attempting to switch to WIFI
07-09 07:53:05.601   143   202 D ConnectivityService: Attempting to switch to BLUETOOTH_TETHER
07-09 07:53:05.797 27077 27176 W Smack/Packet: notify conn break (IOEx), close connection
07-09 07:53:05.949 27077 27176 I qtaguid : Failed write_ctrl(u 81) res=-1 errno=22
07-09 07:53:05.961 27077 27176 I qtaguid : Untagging socket 81 failed errno=-22
07-09 07:53:05.965 27077 27176 W NetworkManagementSocketTagger: untagSocket(81) failed with errno -22
07-09 07:53:05.968 28142 28144 D dalvikvm: GC_CONCURRENT freed 537K, 8% free 10173K/11015K, paused 2ms+6ms
07-09 07:53:05.996   143   202 D ConnectivityService: handleInetConditionChange: no active default network - ignore
07-09 07:53:06.160 29002 29004 D dalvikvm: GC_CONCURRENT freed 437K, 7% free 11152K/11975K, paused 2ms+4ms
07-09 07:53:06.199 29002 29829 D dalvikvm: GC_FOR_ALLOC freed 36K, 8% free 11116K/11975K, paused 41ms
07-09 07:53:06.203 29002 29829 I dalvikvm-heap: Grow heap (frag case) to 10.986MB for 64486-byte allocation
07-09 07:53:06.246 29002 29812 D dalvikvm: GC_FOR_ALLOC freed 31K, 8% free 11147K/12039K, paused 31ms
07-09 07:53:07.890 28142 28153 D dalvikvm: GC_EXPLICIT freed 269K, 8% free 10136K/11015K, paused 2ms+3ms
07-09 07:53:08.605   143   206 D Tethering: MasterInitialState.processMessage what=3
07-09 07:53:08.687   143   160 I ActivityManager: Start proc android.process.media for broadcast com.android.providers.downloads/.DownloadReceiver: pid=29876 uid=10012 gids={1015, 1023, 1024, 2001, 3003, 3007}
07-09 07:53:08.691   143   206 D Tethering: MasterInitialState.processMessage what=3
07-09 07:53:08.793 29876 29876 I ActivityThread: Pub downloads: com.android.providers.downloads.DownloadProvider
07-09 07:53:08.843 29876 29876 I ActivityThread: Pub drm: com.android.providers.drm.DrmProvider
07-09 07:53:08.847 29876 29890 I DownloadManager: in removeSpuriousFiles
07-09 07:53:08.875 29876 29876 I ActivityThread: Pub media: com.android.providers.media.MediaProvider
07-09 07:53:09.043   143   155 D dalvikvm: GC_EXPLICIT freed 1604K, 14% free 18183K/21127K, paused 2ms+11ms
07-09 07:53:09.043 29876 29890 I DownloadManager: in removeSpuriousFiles, preserving file /data/data/com.android.providers.downloads/cache/metadata.json
07-09 07:53:09.043 29876 29890 I DownloadManager: in removeSpuriousFiles, preserving file /data/data/com.android.providers.downloads/cache/en_general.htm
07-09 07:53:09.043 29876 29890 I DownloadManager: in removeSpuriousFiles, preserving file /mnt/sdcard/Download/img-thing.jpeg
07-09 07:53:09.043 29876 29890 I DownloadManager: in removeSpuriousFiles, preserving file /data/data/com.android.providers.downloads/cache/metadata-1.json
07-09 07:53:09.043 29876 29890 I DownloadManager: in removeSpuriousFiles, preserving file /data/data/com.android.providers.downloads/cache/downloadfile.jpeg
07-09 07:53:09.043 29876 29890 I DownloadManager: in removeSpuriousFiles, preserving file /data/data/com.android.providers.downloads/cache/metadata-2.json
07-09 07:53:09.043 29876 29890 I DownloadManager: in removeSpuriousFiles, preserving file /data/data/com.android.providers.downloads/cache/metadata-3.json
07-09 07:53:09.043 29876 29890 I DownloadManager: in removeSpuriousFiles, preserving file /data/data/com.android.providers.downloads/cache/downloadfile-1.jpeg
07-09 07:53:09.043 29876 29890 I DownloadManager: in removeSpuriousFiles, preserving file /data/data/com.android.providers.downloads/cache/downloadfile-2.jpeg
07-09 07:53:09.043 29876 29890 I DownloadManager: in removeSpuriousFiles, preserving file /data/data/com.android.providers.downloads/cache/metadata-4.json
07-09 07:53:09.047 29876 29890 I DownloadManager: deleting spurious file /cache/backup
07-09 07:53:09.191 28142 28144 D dalvikvm: GC_CONCURRENT freed 405K, 8% free 10195K/11015K, paused 5ms+2ms
07-09 07:53:09.289   143   143 I ActivityManager: Process com.instagram.android (pid 29165) has died.
07-09 07:53:09.879   143   159 I Process : Sending signal. PID: 29725 SIG: 3
07-09 07:53:09.879 29725 29729 I dalvikvm: threadid=3: reacting to signal 3
07-09 07:53:09.945 29876 29878 D dalvikvm: GC_CONCURRENT freed 313K, 5% free 9198K/9607K, paused 48ms+15ms
07-09 07:53:09.972 29725 29729 I dalvikvm: Wrote stack traces to '/data/anr/traces.txt'
07-09 07:53:09.976 29725 29725 E Gmail   : Disable UiHandler. Dropping 1 Runnables.
07-09 07:53:10.191   143   400 I ActivityManager: Start proc com.google.android.apps.uploader for broadcast com.google.android.apps.uploader/.ConnectivityBroadcastReceiver: pid=29899 uid=10030 gids={3003}
07-09 07:53:10.203 29899 29899 I dalvikvm: Turning on JNI app bug workarounds for target SDK version 11...
07-09 07:53:10.269 29899 29899 I ActivityThread: Pub com.google.android.apps.uploader: com.google.android.apps.uploader.UploadsContentProvider
07-09 07:53:10.269 29899 29899 I ActivityThread: Pub com.google.photos.provider.Album: com.google.android.apps.uploader.clients.picasa.AlbumProvider
07-09 07:53:10.277 29899 29899 D MediaUploader: UploaderApplication.onCreate
07-09 07:53:10.316 27077 27080 D dalvikvm: GC_CONCURRENT freed 627K, 7% free 10122K/10823K, paused 2ms+17ms
07-09 07:53:10.340 29899 29899 D MediaUploader: nonWifiLimit=20971520, default=20971520
07-09 07:53:10.343 29899 29899 I MediaUploader: No need to wake up
07-09 07:53:10.347 29388 29388 I PhoneLab-WiFiReceiver: Wi-Fi is disconnected!
07-09 07:53:10.492   143   311 I ActivityManager: Start proc com.google.android.apps.plus for broadcast com.google.android.apps.plus/com.google.android.picasasync.ConnectivityReceiver: pid=29916 uid=10060 gids={3003, 3002, 1015, 1006}
07-09 07:53:10.789 29916 29918 D dalvikvm: GC_CONCURRENT freed 164K, 3% free 9371K/9607K, paused 3ms+2ms
07-09 07:53:10.937 28129 28131 D dalvikvm: GC_CONCURRENT freed 307K, 8% free 9785K/10567K, paused 3ms+3ms
07-09 07:53:10.965 29916 29916 I ActivityThread: Pub com.google.android.apps.plus.content.ApiProvider: com.google.android.apps.plus.content.EsApiProvider
07-09 07:53:10.992 29916 29916 I ActivityThread: Pub com.google.android.apps.plus.content.EsGooglePhotoProvider: com.google.android.picasasync.PicasaContentProvider
07-09 07:53:11.093 29916 29918 D dalvikvm: GC_CONCURRENT freed 337K, 5% free 9579K/9991K, paused 3ms+2ms
07-09 07:53:11.121 29916 29916 I ActivityThread: Pub com.google.android.apps.plus.content.EsPicasaStoreProvider: com.google.android.picasastore.PicasaPhotoContentProvider
07-09 07:53:11.129 29916 29916 I ActivityThread: Pub com.google.plus.platform: com.google.android.apps.plus.content.AdsProvider
07-09 07:53:11.129 29916 29916 I ActivityThread: Pub com.google.android.apps.plus.iu.EsGoogleIuProvider: com.google.android.apps.plus.iu.InstantUploadProvider
07-09 07:53:11.199 29916 29918 D dalvikvm: GC_CONCURRENT freed 455K, 6% free 9653K/10183K, paused 2ms+2ms
07-09 07:53:11.207 29916 29916 I ActivityThread: Pub com.google.android.apps.plus.content.EsProvider: com.google.android.apps.plus.content.EsProvider
07-09 07:53:11.257 29916 29916 D dalvikvm: GC_FOR_ALLOC freed 183K, 5% free 9790K/10247K, paused 18ms
07-09 07:53:11.320   143   154 I ActivityManager: Start proc com.google.android.youtube for broadcast com.google.android.youtube/.app.prefetch.PrefetchService$DeviceStateReceiver: pid=29936 uid=10057 gids={3003, 1015, 1006}
07-09 07:53:11.394 29916 29932 D PicasaPhotoCP: set fsid first time:-1
07-09 07:53:11.406 29916 29937 D PicasaSync: sync account database
07-09 07:53:11.433 29916 29937 D PicasaSync: accounts in DB=1
07-09 07:53:11.433 29916 29937 D PicasaSyncManager: active network: null
07-09 07:53:11.433 29916 29937 D PicasaSyncManager: background data: true
07-09 07:53:11.566 29936 29939 D dalvikvm: GC_CONCURRENT freed 165K, 3% free 9360K/9607K, paused 3ms+2ms
07-09 07:53:11.621 29916 29937 D PicasaSyncManager: battery info: false
07-09 07:53:11.632 29936 29936 I ActivityThread: Pub com.google.android.youtube.SuggestionProvider: com.google.android.youtube.core.suggest.SuggestionProvider
07-09 07:53:11.812 29916 29918 D dalvikvm: GC_CONCURRENT freed 278K, 4% free 9909K/10311K, paused 5ms+8ms
07-09 07:53:12.027 29936 29939 D dalvikvm: GC_CONCURRENT freed 383K, 5% free 9495K/9991K, paused 3ms+2ms
07-09 07:53:12.027 29936 29946 W CursorWrapperInner: Cursor finalized without prior close()
07-09 07:53:12.027 29936 29946 W CursorWrapperInner: Cursor finalized without prior close()
07-09 07:53:12.132 29936 29939 D dalvikvm: GC_CONCURRENT freed 278K, 4% free 9770K/10119K, paused 2ms+2ms
07-09 07:53:12.226   143   177 I power   : *** set_screen_state 1
07-09 07:53:12.273   143   177 I WindowManager: Lock screen displayed!
07-09 07:53:12.328 29936 29939 D dalvikvm: GC_CONCURRENT freed 381K, 5% free 9922K/10375K, paused 3ms+23ms
07-09 07:53:12.422    78   121 D SurfaceFlinger: Screen about to return, flinger = 0x1ddb918
07-09 07:53:12.507 29936 29939 D dalvikvm: GC_CONCURRENT freed 354K, 5% free 10141K/10567K, paused 7ms+11ms
07-09 07:53:12.632 29936 29972 D dalvikvm: GC_FOR_ALLOC freed 445K, 5% free 10242K/10759K, paused 33ms
07-09 07:53:12.734 29936 29939 D dalvikvm: GC_CONCURRENT freed 127K, 4% free 10387K/10759K, paused 7ms+11ms
07-09 07:53:13.097   143   308 I ActivityManager: Start proc com.google.android.apps.docs for broadcast com.google.android.apps.docs/.receivers.NetworkChangeReceiver: pid=29983 uid=10077 gids={3003, 1015, 1006}
07-09 07:53:13.441   221   221 D PhoneStatusBar: disable: < expand icons alerts ticker system_info BACK HOME recent* CLOCK >
07-09 07:53:13.488   221   221 D PhoneStatusBar: disable: < expand icons alerts ticker system_info back* home* recent clock* >
07-09 07:53:13.554 29983 29983 I PackageInfoHelper: Provided clientMode=RELEASE, packageInfo=PackageInfo{41363738 com.google.android.apps.docs}
07-09 07:53:13.554 29983 29983 I ActivityThread: Pub com.google.android.apps.docs.files: com.google.android.apps.docs.sync.filemanager.FileProvider
07-09 07:53:13.570 29983 29983 I ActivityThread: Pub com.google.android.apps.docs.doclist.search_suggest: com.google.android.apps.docs.doclist.DocListGlobalSearchSuggestionProvider
07-09 07:53:13.703   143 11000 W InputManagerService: Window already focused, ignoring focus gain of: com.android.internal.view.IInputMethodClient$Stub$Proxy@416d46b0
07-09 07:53:13.828 29983 29986 D dalvikvm: GC_CONCURRENT freed 177K, 3% free 9338K/9607K, paused 2ms+2ms
07-09 07:53:14.004 29936 29939 D dalvikvm: GC_CONCURRENT freed 491K, 6% free 10433K/11015K, paused 5ms+14ms
07-09 07:53:14.109 29936 29998 E PlusOneController: Error loading opted-in: Unable to resolve host "www.googleapis.com": No address associated with hostname
07-09 07:53:14.250 29983 29986 D dalvikvm: GC_CONCURRENT freed 478K, 6% free 9376K/9927K, paused 6ms+2ms
07-09 07:53:14.347 29983 29986 D dalvikvm: GC_CONCURRENT freed 508K, 6% free 9408K/9991K, paused 2ms+4ms
07-09 07:53:14.449 29983 29986 D dalvikvm: GC_CONCURRENT freed 473K, 6% free 9442K/9991K, paused 2ms+4ms
07-09 07:53:14.500 29002 29004 D dalvikvm: GC_CONCURRENT freed 811K, 9% free 11036K/12039K, paused 2ms+569ms
07-09 07:53:14.543 29983 29986 D dalvikvm: GC_CONCURRENT freed 505K, 6% free 9474K/10055K, paused 2ms+4ms
07-09 07:53:14.644 29983 29986 D dalvikvm: GC_CONCURRENT freed 527K, 6% free 9516K/10119K, paused 2ms+2ms
07-09 07:53:14.734 28142 28144 D dalvikvm: GC_CONCURRENT freed 473K, 8% free 10190K/11015K, paused 106ms+191ms
07-09 07:53:14.804 29983 29986 D dalvikvm: GC_CONCURRENT freed 374K, 5% free 9628K/10119K, paused 2ms+3ms
07-09 07:53:14.945 29983 29986 D dalvikvm: GC_CONCURRENT freed 423K, 5% free 9751K/10247K, paused 3ms+4ms
07-09 07:53:14.945 29983 29983 D ContextScopeImpl: in ContextScope.getContextOrDefault for thread=1
07-09 07:53:14.945 29983 29983 D ContextScopeImpl: returning application context for thread=1
07-09 07:53:14.965 29983 29983 I FeatureCheckerImpl: Configured disabled features: []
07-09 07:53:14.968 29983 29983 D ContextScopeImpl: in ContextScope.getContextOrDefault for thread=1
07-09 07:53:14.968 29983 29983 D ContextScopeImpl: returning application context for thread=1
07-09 07:53:14.980 29983 29983 D ContextScopeImpl: in ContextScope.enter for thread=1
07-09 07:53:14.980 29983 29983 W ContextScopeImpl: thread=1 tried to enter the scope of the application context. Ignored.
07-09 07:53:14.980 29983 29983 D ContextScopeImpl: in ContextScope.getContextOrDefault for thread=1
07-09 07:53:14.980 29983 29983 D ContextScopeImpl: returning application context for thread=1
07-09 07:53:14.980 29983 29983 D DocListDatabase: openHelper points on new database: DocList.db
07-09 07:53:14.980 29983 29983 D DocListDatabase: in openWriteDatabase
07-09 07:53:14.996 29983 29983 I ActivityThread: Pub com.google.android.apps.docs.doclist.account_suggest: com.google.android.apps.docs.doclist.DocListAccountSuggestionProvider
07-09 07:53:15.004 29983 29983 D ContextScopeImpl: in ContextScope.enter for thread=1
07-09 07:53:15.004 29983 29983 W ContextScopeImpl: thread=1 tried to enter the scope of the application context. Ignored.
07-09 07:53:15.004 29983 29983 I ActivityThread: Pub com.google.android.apps.docs: com.google.android.apps.docs.providers.DocListProvider
07-09 07:53:15.004 29983 29983 D ContextScopeImpl: in ContextScope.enter for thread=1
07-09 07:53:15.004 29983 29983 W ContextScopeImpl: thread=1 tried to enter the scope of the application context. Ignored.
07-09 07:53:15.058 29983 29983 W ContextScopeImpl: thread=1 tried to enter the scope of the application context. Ignored.
07-09 07:53:15.070 29983 30001 W ContextScopeImpl: thread=4525 tried to enter the scope of the application context. Ignored.
07-09 07:53:15.168 29899 29899 I MediaUploader: No need to wake up
07-09 07:53:15.277 29916 29937 D PicasaSyncManager: active network: null
07-09 07:53:15.277 29916 29937 D PicasaSyncManager: background data: true
07-09 07:53:15.515 29916 29918 D dalvikvm: GC_CONCURRENT freed 146K, 3% free 10175K/10439K, paused 3ms+3ms
07-09 07:53:15.703 28142 28144 D dalvikvm: GC_CONCURRENT freed 530K, 8% free 10169K/11015K, paused 3ms+4ms
07-09 07:53:16.031   143   143 D dalvikvm: GC_EXPLICIT freed 1461K, 15% free 17968K/21127K, paused 3ms+19ms
07-09 07:53:16.363 29916 29918 D dalvikvm: GC_CONCURRENT freed 235K, 4% free 10357K/10695K, paused 2ms+3ms
07-09 07:53:16.492 29916 29933 D dalvikvm: GC_FOR_ALLOC freed 147K, 4% free 10484K/10823K, paused 23ms
07-09 07:53:16.504 29002 29004 D dalvikvm: GC_CONCURRENT freed 491K, 8% free 11164K/12039K, paused 7ms+4ms
07-09 07:53:16.550 29002 29829 D dalvikvm: GC_FOR_ALLOC freed 18K, 8% free 11146K/12039K, paused 50ms
07-09 07:53:16.554 29002 29829 I dalvikvm-heap: Grow heap (frag case) to 11.015MB for 64486-byte allocation
07-09 07:53:16.621 29916 29933 D dalvikvm: GC_FOR_ALLOC freed 126K, 5% free 10612K/11079K, paused 52ms
07-09 07:53:16.715 29002 29812 D dalvikvm: GC_FOR_ALLOC freed 86K, 9% free 11122K/12103K, paused 93ms
07-09 07:53:16.816   143   395 W InputManagerService: Window already focused, ignoring focus gain of: com.android.internal.view.IInputMethodClient$Stub$Proxy@418ee4a0
07-09 07:53:16.925   221   223 D dalvikvm: GC_CONCURRENT freed 396K, 29% free 10131K/14215K, paused 2ms+2ms
07-09 07:53:16.984   221   223 D dalvikvm: GC_CONCURRENT freed 463K, 30% free 10060K/14215K, paused 1ms+5ms
07-09 07:53:17.113 29916 29933 D dalvikvm: GC_FOR_ALLOC freed 373K, 6% free 10669K/11271K, paused 26ms
07-09 07:53:17.152 29916 29933 D dalvikvm: GC_FOR_ALLOC freed 126K, 5% free 10797K/11271K, paused 24ms
07-09 07:53:17.261 29916 29933 D dalvikvm: GC_FOR_ALLOC freed 369K, 5% free 10853K/11399K, paused 24ms
07-09 07:53:17.300 28142 28144 D dalvikvm: GC_CONCURRENT freed 456K, 8% free 10190K/11015K, paused 18ms+3ms
07-09 07:53:17.468 29916 29918 D dalvikvm: GC_CONCURRENT freed 404K, 6% free 10995K/11591K, paused 57ms+2ms
07-09 07:53:17.703 29916 29918 D dalvikvm: GC_CONCURRENT freed 131K, 3% free 11469K/11719K, paused 8ms+4ms
07-09 07:53:17.910   221   221 D dalvikvm: GC_FOR_ALLOC freed 682K, 32% free 9740K/14215K, paused 17ms
07-09 07:53:17.996   221   223 D dalvikvm: GC_CONCURRENT freed 340K, 31% free 9871K/14215K, paused 2ms+5ms
07-09 07:53:18.472 29916 29918 D dalvikvm: GC_CONCURRENT freed 153K, 3% free 12040K/12295K, paused 2ms+5ms
07-09 07:53:18.773 29916 29918 D dalvikvm: GC_CONCURRENT freed 564K, 6% free 12388K/13063K, paused 1ms+4ms
07-09 07:53:19.238 29916 29918 D dalvikvm: GC_CONCURRENT freed 763K, 7% free 12708K/13575K, paused 8ms+3ms
07-09 07:53:22.363 29725 29727 D dalvikvm: GC_CONCURRENT freed 1354K, 12% free 11576K/13063K, paused 19ms+7ms
07-09 07:53:30.078   143   387 I ActivityManager: START {cmp=com.google.android.gm/.ComposeActivity (has extras)} from pid 29725
07-09 07:53:30.632   143   159 I Process : Sending signal. PID: 29725 SIG: 3
07-09 07:53:30.632 29725 29729 I dalvikvm: threadid=3: reacting to signal 3
07-09 07:53:30.738 29725 29729 I dalvikvm: Wrote stack traces to '/data/anr/traces.txt'
07-09 07:53:31.129   143   159 I Process : Sending signal. PID: 29725 SIG: 3
07-09 07:53:31.129 29725 29729 I dalvikvm: threadid=3: reacting to signal 3
07-09 07:53:31.160 29725 29729 I dalvikvm: Wrote stack traces to '/data/anr/traces.txt'
07-09 07:53:31.324   325   327 D dalvikvm: GC_CONCURRENT freed 1484K, 20% free 10414K/12999K, paused 2ms+3ms
07-09 07:53:31.343   325   325 D dalvikvm: GC_FOR_ALLOC freed <1K, 20% free 10414K/12999K, paused 20ms
07-09 07:53:31.343   325   325 I dalvikvm-heap: Grow heap (frag case) to 11.084MB for 885136-byte allocation
07-09 07:53:31.363   325   325 D dalvikvm: GC_FOR_ALLOC freed 0K, 14% free 11279K/12999K, paused 19ms
07-09 07:53:31.590   221   221 D dalvikvm: GC_FOR_ALLOC freed 509K, 32% free 9740K/14215K, paused 37ms
07-09 07:53:31.625   143   176 I ActivityManager: Displayed com.google.android.gm/.ComposeActivity: +1s496ms
07-09 07:53:31.695   221   223 D dalvikvm: GC_CONCURRENT freed 324K, 31% free 9909K/14215K, paused 3ms+13ms
07-09 07:53:31.789 29725 29725 D OpenGLRenderer: Flushing caches (mode 0)
07-09 07:53:32.027 29725 29727 D dalvikvm: GC_CONCURRENT freed 343K, 9% free 11967K/13063K, paused 4ms+7ms
07-09 07:53:33.660   221   223 D dalvikvm: GC_CONCURRENT freed 436K, 31% free 9895K/14215K, paused 3ms+15ms
07-09 07:53:33.808   221   223 D dalvikvm: GC_CONCURRENT freed 541K, 32% free 9767K/14215K, paused 2ms+22ms
07-09 07:53:34.019 29725 29725 D OpenGLRenderer: Flushing caches (mode 0)
07-09 07:53:34.293 29725 29725 D webviewglue: nativeDestroy view: 0x98de48
07-09 07:53:34.300 29725 29725 D webviewglue: nativeDestroy view: 0xa44fa0
07-09 07:53:34.570   143 18119 W InputManagerService: Starting input on non-focused client com.android.internal.view.IInputMethodClient$Stub$Proxy@416896a8 (uid=10075 pid=29725)
07-09 07:53:34.707 29725 29725 D OpenGLRenderer: Flushing caches (mode 0)
07-09 07:53:36.027 29725 29725 D webviewglue: nativeDestroy view: 0xc35598
07-09 07:53:36.058 29725 29725 D OpenGLRenderer: Flushing caches (mode 1)
07-09 07:53:36.976   221   221 D PhoneStatusBar: disable: < EXPAND* icons alerts ticker system_info back home recent clock >
07-09 07:53:38.566   143   177 D ShutdownThread: Notifying thread to start shutdown longPressBehavior=1
07-09 07:53:38.675   221   221 D PhoneStatusBar: disable: < expand* icons alerts ticker system_info back home recent clock >
07-09 07:53:39.543   143 30023 I ShutdownThread: Sending shutdown broadcast...
07-09 07:53:39.550   143   159 W SyncManager: Writing sync state before shutdown...
07-09 07:53:40.015 29002 29020 W System.err: org.apache.http.conn.HttpHostConnectException: Connection to https://www.google.com refused
07-09 07:53:40.195 29002 29020 W System.err: 	at org.apache.http.impl.conn.DefaultClientConnectionOperator.openConnection(DefaultClientConnectionOperator.java:183)
07-09 07:53:40.222 29002 29020 W System.err: 	at org.apache.http.impl.conn.AbstractPoolEntry.open(AbstractPoolEntry.java:164)
07-09 07:53:40.234 29002 29020 W System.err: 	at org.apache.http.impl.conn.AbstractPooledConnAdapter.open(AbstractPooledConnAdapter.java:119)
07-09 07:53:40.254 29002 29020 W System.err: 	at org.apache.http.impl.client.DefaultRequestDirector.execute(DefaultRequestDirector.java:452)
07-09 07:53:40.254 29002 29020 W System.err: 	at org.apache.http.impl.client.AbstractHttpClient.execute(AbstractHttpClient.java:555)
07-09 07:53:40.257 29002 29020 W System.err: 	at org.apache.http.impl.client.AbstractHttpClient.execute(AbstractHttpClient.java:487)
07-09 07:53:40.269 29002 29020 W System.err: 	at android.net.http.AndroidHttpClient.execute(AndroidHttpClient.java:257)
07-09 07:53:40.269 29002 29020 W System.err: 	at e.a.a(SourceFile:202)
07-09 07:53:40.273 29002 29020 W System.err: 	at e.a.execute(SourceFile:244)
07-09 07:53:40.289   143   145 D dalvikvm: GC_CONCURRENT freed 2552K, 18% free 17463K/21127K, paused 92ms+11ms
07-09 07:53:40.347 29002 29020 W System.err: 	at e.a.execute(SourceFile:312)
07-09 07:53:40.347 29002 29020 W System.err: 	at am.c.a(SourceFile:126)
07-09 07:53:40.347 29002 29020 W System.err: 	at am.c.f(SourceFile:172)
07-09 07:53:40.351 29002 29020 W System.err: 	at p.d.run(SourceFile:419)
07-09 07:53:40.351 29002 29020 W System.err: 	at p.c.c(SourceFile:225)
07-09 07:53:40.351 29002 29020 W System.err: 	at p.c.run(SourceFile:199)
07-09 07:53:40.351 29002 29020 W System.err: 	at ao.c.run(SourceFile:96)
07-09 07:53:40.351 29002 29020 W System.err: Caused by: java.net.ConnectException: failed to connect to /173.194.75.147 (port 443) after 60000ms: connect failed: ENETUNREACH (Network is unreachable)
07-09 07:53:40.351 29002 29020 W System.err: 	at libcore.io.IoBridge.connect(IoBridge.java:114)
07-09 07:53:40.351 29002 29020 W System.err: 	at java.net.PlainSocketImpl.connect(PlainSocketImpl.java:192)
07-09 07:53:40.351 29002 29020 W System.err: 	at java.net.PlainSocketImpl.connect(PlainSocketImpl.java:459)
07-09 07:53:40.355 29002 29020 W System.err: 	at java.net.Socket.connect(Socket.java:842)
07-09 07:53:40.355 29002 29020 W System.err: 	at org.apache.http.conn.scheme.PlainSocketFactory.connectSocket(PlainSocketFactory.java:119)
07-09 07:53:40.355 29002 29020 W System.err: 	at org.apache.http.impl.conn.DefaultClientConnectionOperator.openConnection(DefaultClientConnectionOperator.java:144)
07-09 07:53:40.355 29002 29020 W System.err: 	... 15 more
07-09 07:53:40.355 29002 29020 W System.err: Caused by: libcore.io.ErrnoException: connect failed: ENETUNREACH (Network is unreachable)
07-09 07:53:40.355 29002 29020 W System.err: 	at libcore.io.Posix.connect(Native Method)
07-09 07:53:40.359 29002 29020 W System.err: 	at libcore.io.BlockGuardOs.connect(BlockGuardOs.java:85)
07-09 07:53:40.359 29002 29020 W System.err: 	at libcore.io.IoBridge.connectErrno(IoBridge.java:138)
07-09 07:53:40.359 29002 29020 W System.err: 	at libcore.io.IoBridge.connect(IoBridge.java:112)
07-09 07:53:40.359 29002 29020 W System.err: 	... 20 more
07-09 07:53:40.484   143   159 W ActivityManager: finishReceiver called but active receiver is different
07-09 07:53:40.648   143 30023 I ShutdownThread: Shutting down activity manager...
07-09 07:53:40.738   143   400 I ActivityManager: Start proc com.android.settings.wimax for broadcast com.android.settings.wimax/.widget.WimaxWidgetProvider: pid=30043 uid=10052 gids={}
07-09 07:53:41.636 19760 19774 W Netd    : No subsystem found in netlink event
07-09 07:53:41.636 19760 19774 D NetlinkEvent: Unexpected netlink message. type=0x11
07-09 07:53:41.691   143 30023 I UsageStats: Writing usage stats before shutdown...
07-09 07:53:41.699   143   202 D ConnectivityService: ConnectivityChange for WIMAX: DISCONNECTED/DISCONNECTED
07-09 07:53:41.715   143   202 D ConnectivityService: Attempting to switch to mobile
07-09 07:53:41.715   143   202 D ConnectivityService: Attempting to switch to WIFI
07-09 07:53:41.722   143   202 D ConnectivityService: Attempting to switch to BLUETOOTH_TETHER
07-09 07:53:41.925   143 30023 W BatteryStats: Writing battery stats before shutdown...
07-09 07:53:42.004   143 30023 W ShutdownThread: Turning off radio...
07-09 07:53:42.074   143 30023 I ShutdownThread: Waiting for Bluetooth and Radio...
07-09 07:53:42.191   344   344 D SAN_SERVICE: *******************************************
07-09 07:53:42.191   344   344 D SAN_SERVICE: DM App Phone Service State - 3
07-09 07:53:42.191   344   344 D SAN_SERVICE: *******************************************
07-09 07:53:42.199   143   160 I ActivityManager: Start proc com.google.android.partnersetup for broadcast com.google.android.partnersetup/.PhoneStateReceiver: pid=30056 uid=10021 gids={3003}
07-09 07:53:42.343    79    79 D dalvikvm: GC_EXPLICIT freed 37K, 4% free 9031K/9347K, paused 3ms+15ms
07-09 07:53:42.414   344   350 D dalvikvm: GC_CONCURRENT freed 418K, 7% free 9485K/10119K, paused 11ms+3ms
07-09 07:53:42.445 30056 30056 I ActivityThread: Pub com.google.android.partnersetup.rlzprovider: com.google.android.partnersetup.RlzProvider
07-09 07:53:42.457 30056 30056 I ActivityThread: Pub com.google.android.partnersetup.rlzappprovider: com.google.android.partnersetup.RlzAppProvider
07-09 07:53:42.457    79    79 D dalvikvm: GC_EXPLICIT freed <1K, 4% free 9031K/9347K, paused 1ms+9ms
07-09 07:53:42.496    79    79 D dalvikvm: GC_EXPLICIT freed <1K, 4% free 9031K/9347K, paused 6ms+7ms
07-09 07:53:42.496 27077 27105 D NetworkLocator: null cell state delivered
07-09 07:53:42.574   143 30023 I ShutdownThread: Radio and Bluetooth shutdown complete.
07-09 07:53:42.601   143 30023 I ShutdownThread: Shutting down MountService
07-09 07:53:42.601   143 30023 I MountService: Shutting down
07-09 07:53:42.613   143   209 I PackageManager: Updating external media status from mounted to unmounted
07-09 07:53:42.625    72    96 D VoldCmdListener: asec list
07-09 07:53:42.636   143   163 I PackageManager: No secure containers on sdcard
07-09 07:53:42.898    72    96 D VoldCmdListener: storage users /mnt/sdcard
07-09 07:53:43.175   143   209 W ActivityManager: Killing processes unmount media at adjustment 8
07-09 07:53:43.175   143   209 W ActivityManager: Killing ProcessRecord{417ef138 29201:com.google.android.apps.maps/10056} (adj 8): unmount media
07-09 07:53:43.175    72    96 D VoldCmdListener: storage users /mnt/sdcard
07-09 07:53:43.359   143  1922 W ActivityManager: Scheduling restart of crashed service com.google.android.apps.maps/com.google.googlenav.prefetch.android.PrefetcherService in 5000ms
07-09 07:53:43.382   143   209 I MountService: Retrying to kill storage users again
07-09 07:53:43.410   143   308 I ActivityManager: Process com.whatsapp (pid 29045) has died.
07-09 07:53:43.410   143   308 W ActivityManager: Scheduling restart of crashed service com.whatsapp/.messaging.MessageService in 14951ms
07-09 07:53:43.414    72    96 D VoldCmdListener: storage users /mnt/sdcard
07-09 07:53:43.617   143   209 W ActivityManager: Killing processes unmount media at adjustment 0
07-09 07:53:43.617    72    96 D VoldCmdListener: storage users /mnt/sdcard
07-09 07:53:43.785   143   209 I MountService: Retrying to kill storage users again
07-09 07:53:43.816    72    96 D VoldCmdListener: storage users /mnt/sdcard
07-09 07:53:43.992   143   209 W ActivityManager: Killing processes unmount media at adjustment 0
07-09 07:53:43.992    72    96 D VoldCmdListener: storage users /mnt/sdcard
07-09 07:53:44.156   143   209 I MountService: Retrying to kill storage users again
07-09 07:53:44.187    72    96 D VoldCmdListener: storage users /mnt/sdcard
07-09 07:53:44.371   143   209 W ActivityManager: Killing processes unmount media at adjustment 0
07-09 07:53:44.371    72    96 D VoldCmdListener: storage users /mnt/sdcard
07-09 07:53:44.547   143   209 I MountService: Retrying to kill storage users again
07-09 07:53:44.578    72    96 D VoldCmdListener: storage users /mnt/sdcard
07-09 07:53:44.742   143   206 D Tethering: MasterInitialState.processMessage what=3
07-09 07:53:44.808   143   209 W ActivityManager: Killing processes unmount media at adjustment 0
07-09 07:53:44.812    72    96 D VoldCmdListener: storage users /mnt/sdcard
07-09 07:53:44.863 29899 29899 I MediaUploader: No need to wake up
07-09 07:53:44.984 29916 29937 D PicasaSyncManager: active network: null
07-09 07:53:45.105 29916 29937 D PicasaSyncManager: background data: true
07-09 07:53:45.129   143   209 I MountService: Failed to unmount media inspite of 4 retries. Forcibly killing processes now
07-09 07:53:45.250   143   209 D dalvikvm: GC_EXPLICIT freed 2135K, 22% free 16658K/21127K, paused 4ms+9ms
07-09 07:53:45.250   143   209 I PackageManager: Updating external media status from unmounted to unmounted
07-09 07:53:45.250    72    96 D VoldCmdListener: volume unmount /mnt/sdcard force
07-09 07:53:45.250    72    96 D Vold    : Volume sdcard state changing 4 (Mounted) -> 5 (Unmounting)
07-09 07:53:45.250   143   211 D MountService: sendStorageIntent Intent { act=android.intent.action.MEDIA_EJECT dat=file:///mnt/sdcard (has extras) }
07-09 07:53:45.277   143   160 I ActivityManager: Start proc com.whatsapp for broadcast com.whatsapp/.ExternalMediaManager$ExternalMediaStateReceiver: pid=30072 uid=10068 gids={1015, 3003}
07-09 07:53:45.289 30072 30072 I dalvikvm: Turning on JNI app bug workarounds for target SDK version 7...
07-09 07:53:45.539 30072 30074 D dalvikvm: GC_CONCURRENT freed 156K, 3% free 9366K/9607K, paused 10ms+3ms
07-09 07:53:45.914 30072 30074 D dalvikvm: GC_CONCURRENT freed 294K, 4% free 9615K/9991K, paused 7ms+3ms
07-09 07:53:46.257    72    96 I Vold    : /mnt/secure/staging/.android_secure sucessfully unmounted
07-09 07:53:46.257    72    96 I Vold    : /mnt/secure/asec sucessfully unmounted
07-09 07:53:46.257    72    96 W Vold    : Failed to unmount /mnt/secure/staging (Device or resource busy, retries 9, action 0)
07-09 07:53:46.261 30072 30072 I dalvikvm: Could not find method android.media.MediaMetadataRetriever.captureFrame, referenced from method com.whatsapp.q3.a
07-09 07:53:46.261 30072 30072 W dalvikvm: VFY: unable to resolve virtual method 502: Landroid/media/MediaMetadataRetriever;.captureFrame ()Landroid/graphics/Bitmap;
07-09 07:53:46.261 30072 30072 D dalvikvm: VFY: replacing opcode 0x6e at 0x0134
07-09 07:53:46.531    72    96 E ProcessKiller: Process logcat (1296) has open file /mnt/secure/staging/.log/log.out
07-09 07:53:46.550 30072 30074 D dalvikvm: GC_CONCURRENT freed 451K, 6% free 9720K/10247K, paused 7ms+7ms
07-09 07:53:46.925 30072 30074 D dalvikvm: GC_CONCURRENT freed 175K, 3% free 9997K/10247K, paused 2ms+6ms
07-09 07:53:47.789    72    96 W Vold    : Failed to unmount /mnt/secure/staging (Device or resource busy, retries 8, action 0)
07-09 07:53:47.910    72    96 E ProcessKiller: Process logcat (1296) has open file /mnt/secure/staging/.log/log.out
07-09 07:53:48.414   143   160 I ActivityManager: Start proc com.google.android.apps.maps for service com.google.android.apps.maps/com.google.googlenav.prefetch.android.PrefetcherService: pid=30101 uid=10056 gids={3003, 1015}
07-09 07:53:48.824   143   155 D dalvikvm: GC_EXPLICIT freed 300K, 22% free 16622K/21127K, paused 7ms+26ms
07-09 07:53:48.871 30101 30103 D dalvikvm: GC_CONCURRENT freed 151K, 3% free 9384K/9607K, paused 3ms+4ms
07-09 07:53:49.054 30101 30101 I ActivityThread: Pub com.google.android.maps.SearchHistoryProvider: com.google.googlenav.provider.SearchHistoryProvider
07-09 07:53:49.078 30101 30101 I ActivityThread: Pub com.google.android.maps.SuggestionProvider: com.google.googlenav.suggest.android.SuggestContentProvider
07-09 07:53:49.121 30101 30101 I ActivityThread: Pub com.google.android.maps.LayerInfoProvider: com.google.googlenav.layer.LayerInfoProvider
07-09 07:53:49.121    72    96 W Vold    : Failed to unmount /mnt/secure/staging (Device or resource busy, retries 7, action 0)
07-09 07:53:49.152 30101 30101 I ActivityThread: Pub com.google.android.maps.TrafficAppWidgetProvider: com.google.googlenav.appwidget.traffic.TrafficAppWidgetProvider
07-09 07:53:49.152 30101 30101 I ActivityThread: Pub com.google.android.maps.LocalActivePlacesProvider: com.google.googlenav.provider.LocalActivePlacesProvider
07-09 07:53:49.156 30101 30101 I ActivityThread: Pub com.google.android.maps.StarredItemProvider: com.google.googlenav.provider.StarredItemProvider
07-09 07:53:49.293 30101 30103 D dalvikvm: GC_CONCURRENT freed 189K, 3% free 9704K/9991K, paused 1ms+4ms
07-09 07:53:49.332    72    96 E ProcessKiller: Process logcat (1296) has open file /mnt/secure/staging/.log/log.out
07-09 07:53:49.543 30101 30101 I ActivityThread: Pub com.google.android.maps.LocalSuggestionProvider: com.google.googlenav.provider.LocalSuggestionProvider
07-09 07:53:49.543 30101 30101 I ActivityThread: Pub com.google.android.maps.NavigationAvailabilityProvider: com.google.googlenav.provider.NavigationAvailabilityProvider
07-09 07:53:49.668 30101 30103 D dalvikvm: GC_CONCURRENT freed 244K, 4% free 9961K/10311K, paused 2ms+4ms
07-09 07:53:49.871 29002 29004 D dalvikvm: GC_CONCURRENT freed 1222K, 13% free 10600K/12103K, paused 17ms+8ms
07-09 07:53:50.035 28142 28144 D dalvikvm: GC_CONCURRENT freed 496K, 8% free 10196K/11015K, paused 3ms+4ms
07-09 07:53:50.644    72    96 W Vold    : Failed to unmount /mnt/secure/staging (Device or resource busy, retries 6, action 0)
07-09 07:53:50.781    72    96 E ProcessKiller: Process logcat (1296) has open file /mnt/secure/staging/.log/log.out
07-09 07:53:51.898    72    96 W Vold    : Failed to unmount /mnt/secure/staging (Device or resource busy, retries 5, action 0)
07-09 07:53:52.039    72    96 E ProcessKiller: Process logcat (1296) has open file /mnt/secure/staging/.log/log.out
07-09 07:53:53.148    72    96 W Vold    : Failed to unmount /mnt/secure/staging (Device or resource busy, retries 4, action 0)
07-09 07:53:53.273    72    96 E ProcessKiller: Process logcat (1296) has open file /mnt/secure/staging/.log/log.out
07-09 07:53:54.382    72    96 W Vold    : Failed to unmount /mnt/secure/staging (Device or resource busy, retries 3, action 0)
07-09 07:53:54.480    72    96 E ProcessKiller: Process logcat (1296) has open file /mnt/secure/staging/.log/log.out
07-09 07:53:55.590    72    96 W Vold    : Failed to unmount /mnt/secure/staging (Device or resource busy, retries 2, action 1)
07-09 07:53:55.707    72    96 E ProcessKiller: Process logcat (1296) has open file /mnt/secure/staging/.log/log.out
--------- beginning of /dev/log/main
07-09 07:54:15.203    76    76 I DEBUG   : debuggerd: Jun 28 2012 18:17:40
--------- beginning of /dev/log/system
07-09 07:54:15.316    72    72 I Vold    : Vold 2.1 (the revenge) firing up
07-09 07:54:15.375    72    72 D Vold    : Volume sdcard state changing -1 (Initializing) -> 0 (No-Media)
07-09 07:54:15.386    75    75 I Netd    : Netd 1.0 starting
07-09 07:54:15.449    72    95 D Vold    : Volume sdcard state changing 0 (No-Media) -> 2 (Pending)
07-09 07:54:15.449    72    95 D Vold    : Volume sdcard state changing 2 (Pending) -> 1 (Idle-Unmounted)
07-09 07:54:15.453    72    95 W Vold    : Duplicate state (1)
07-09 07:54:15.453    72    95 W Vold    : Duplicate state (1)
07-09 07:54:15.453    72    95 W Vold    : Duplicate state (1)
07-09 07:54:15.457    72    95 W Vold    : Duplicate state (1)
07-09 07:54:15.828    80    80 I         : ServiceManager: 0x3bc910
07-09 07:54:15.996    79    79 D AndroidRuntime: 
07-09 07:54:15.996    79    79 D AndroidRuntime: >>>>>> AndroidRuntime START com.android.internal.os.ZygoteInit <<<<<<
07-09 07:54:15.996    79    79 D AndroidRuntime: CheckJNI is OFF
07-09 07:54:16.058    78    78 I SurfaceFlinger: SurfaceFlinger is starting
07-09 07:54:16.066    78   119 I SurfaceFlinger: SurfaceFlinger's main thread ready to run. Initializing graphics H/W...
07-09 07:54:16.089   121   121 I recovery: Recovery image already installed 
07-09 07:54:16.160    78   119 D libEGL  : loaded /system/lib/egl/libGLES_android.so
07-09 07:54:16.187    78   119 D libEGL  : loaded /vendor/lib/egl/libEGL_POWERVR_SGX540_120.so
07-09 07:54:16.265    78   119 D libEGL  : loaded /vendor/lib/egl/libGLESv1_CM_POWERVR_SGX540_120.so
07-09 07:54:16.277    78   119 D libEGL  : loaded /vendor/lib/egl/libGLESv2_POWERVR_SGX540_120.so
07-09 07:54:16.328    78   119 I SurfaceFlinger: EGL informations:
07-09 07:54:16.328    78   119 I SurfaceFlinger: # of configs : 30
07-09 07:54:16.328    78   119 I SurfaceFlinger: vendor    : Android
07-09 07:54:16.328    78   119 I SurfaceFlinger: version   : 1.4 Android META-EGL
07-09 07:54:16.328    78   119 I SurfaceFlinger: extensions: EGL_KHR_image EGL_KHR_image_base EGL_KHR_image_base EGL_KHR_gl_texture_2D_image EGL_KHR_gl_texture_cubemap_image EGL_KHR_gl_renderbuffer_image EGL_KHR_fence_sync EGL_ANDROID_image_native_buffer EGL_ANDROID_image_native_buffer 
07-09 07:54:16.328    78   119 I SurfaceFlinger: Client API: OpenGL ES
07-09 07:54:16.328    78   119 I SurfaceFlinger: EGLSurface: 8-8-8-8, config=0x1
07-09 07:54:16.328    78   119 I SurfaceFlinger: OpenGL informations:
07-09 07:54:16.328    78   119 I SurfaceFlinger: vendor    : Imagination Technologies
07-09 07:54:16.328    78   119 I SurfaceFlinger: renderer  : PowerVR SGX 540
07-09 07:54:16.328    78   119 I SurfaceFlinger: version   : OpenGL ES-CM 1.1
07-09 07:54:16.328    78   119 I SurfaceFlinger: extensions: GL_OES_byte_coordinates GL_OES_fixed_point GL_OES_single_precision GL_OES_matrix_get GL_OES_read_format GL_OES_compressed_paletted_texture GL_OES_point_sprite GL_OES_point_size_array GL_OES_matrix_palette GL_OES_draw_texture GL_OES_query_matrix GL_OES_texture_env_crossbar GL_OES_texture_mirrored_repeat GL_OES_texture_cube_map GL_OES_blend_subtract GL_OES_blend_func_separate GL_OES_blend_equation_separate GL_OES_stencil_wrap GL_OES_extended_matrix_palette GL_OES_framebuffer_object GL_OES_rgb8_rgba8 GL_OES_depth24 GL_OES_stencil8 GL_OES_compressed_ETC1_RGB8_texture GL_OES_mapbuffer GL_OES_EGL_image GL_OES_EGL_image_external GL_EXT_multi_draw_arrays GL_OES_required_internalformat GL_IMG_read_format GL_IMG_texture_compression_pvrtc GL_IMG_texture_format_BGRA8888 GL_EXT_texture_format_BGRA8888 GL_OES_egl_sync GL_IMG_vertex_array_object
07-09 07:54:16.328    78   119 I SurfaceFlinger: GL_MAX_TEXTURE_SIZE = 2048
07-09 07:54:16.328    78   119 I SurfaceFlinger: GL_MAX_VIEWPORT_DIMS = 2048 x 2048
07-09 07:54:16.328    78   119 I SurfaceFlinger: flags = 00010000
07-09 07:54:16.335    78   119 I hwcomposer: int hwc_device_open(const hw_module_t*, const char*, hw_device_t**)::win-0 add[0] 4b7af000 
07-09 07:54:16.335    78   119 I hwcomposer: int hwc_device_open(const hw_module_t*, const char*, hw_device_t**)::win-0 add[1] 4b926000 
07-09 07:54:16.335    78   119 I hwcomposer: int hwc_device_open(const hw_module_t*, const char*, hw_device_t**)::win-0 add[2] 4ba9d000 
07-09 07:54:16.335    78   119 D hwcomposer: int hwc_device_open(const hw_module_t*, const char*, hw_device_t**):: success
07-09 07:54:16.343    81    81 I         : ServiceManager: 0x14c4958
07-09 07:54:16.371    81    81 I AudioFlinger: Loaded primary audio interface from LEGACY Audio HW HAL (audio)
07-09 07:54:16.371    81    81 I AudioFlinger: Using 'LEGACY Audio HW HAL' (audio.primary) as the primary audio interface
07-09 07:54:16.398    81    81 I AudioFlinger: Loaded a2dp audio interface from A2DP Audio HW HAL (audio)
07-09 07:54:16.398    81    81 D AudioHardwareInterface: setMode(NORMAL)
07-09 07:54:16.406    81    81 I CameraService: CameraService started (pid=81)
07-09 07:54:16.414   122   125 D libEGL  : loaded /system/lib/egl/libGLES_android.so
07-09 07:54:16.421   122   125 D libEGL  : loaded /vendor/lib/egl/libEGL_POWERVR_SGX540_120.so
07-09 07:54:16.429   122   125 D libEGL  : loaded /vendor/lib/egl/libGLESv1_CM_POWERVR_SGX540_120.so
07-09 07:54:16.433   122   125 D libEGL  : loaded /vendor/lib/egl/libGLESv2_POWERVR_SGX540_120.so
07-09 07:54:16.445    81   128 I AudioFlinger: AudioFlinger's thread 0x14c59a0 ready to run
07-09 07:54:16.445    81   128 W AudioFlinger: Thread AudioOut_1 cannot connect to the power manager service
07-09 07:54:16.445    81   128 D AudioHardware: AudioStreamOutALSA::setParameters() routing=2
07-09 07:54:16.445    81   127 D AudioHardware: ### setVoiceVolume_l
07-09 07:54:16.449    81    81 I AudioPolicyService: Loaded audio policy from LEGACY Audio Policy HAL (audio_policy)
07-09 07:54:17.308    79    79 I SamplingProfilerIntegration: Profiling disabled.
07-09 07:54:17.328    79    79 I Zygote  : Preloading classes...
07-09 07:54:17.332    79    79 D dalvikvm: GC_EXPLICIT freed 36K, 85% free 409K/2560K, paused 1ms+0ms
07-09 07:54:17.347    79    79 D dalvikvm: GC_EXPLICIT freed 4K, 82% free 473K/2560K, paused 0ms+1ms
07-09 07:54:17.382    79    79 D dalvikvm: GC_EXPLICIT freed 20K, 81% free 509K/2560K, paused 0ms+1ms
07-09 07:54:17.417    79    79 D dalvikvm: GC_EXPLICIT freed 27K, 80% free 536K/2560K, paused 0ms+0ms
07-09 07:54:17.429    79    79 D dalvikvm: GC_EXPLICIT freed 15K, 78% free 576K/2560K, paused 1ms+0ms
07-09 07:54:17.593    79    79 D dalvikvm: GC_EXPLICIT freed 27K, 77% free 603K/2560K, paused 0ms+2ms
07-09 07:54:17.777    79    79 D dalvikvm: GC_EXPLICIT freed 30K, 76% free 635K/2560K, paused 1ms+3ms
07-09 07:54:17.792    79    79 D TextLayoutCache: Using debug level: 0 - Debug Enabled: 0
07-09 07:54:17.804    79    79 W Zygote  : Class not found for preloading: android.media.AudioManager$2
07-09 07:54:17.855    79    79 I dalvikvm: threadid=1: recursive native library load attempt (/system/lib/libmedia_jni.so)
07-09 07:54:17.855    79    79 D MtpDeviceJNI: register_android_mtp_MtpDevice
07-09 07:54:17.855    79    79 I dalvikvm: threadid=1: recursive native library load attempt (/system/lib/libmedia_jni.so)
07-09 07:54:17.855    79    79 I dalvikvm: threadid=1: recursive native library load attempt (/system/lib/libmedia_jni.so)
07-09 07:54:17.878    79    79 W Zygote  : Class not found for preloading: android.media.IRemoteControlClientDispatcher
07-09 07:54:17.878    79    79 W Zygote  : Class not found for preloading: android.media.IRemoteControlClientDispatcher$Stub
07-09 07:54:17.902    79    79 D dalvikvm: GC_EXPLICIT freed 20K, 74% free 672K/2560K, paused 0ms+1ms
07-09 07:54:18.082    79    79 D dalvikvm: GC_FOR_ALLOC freed 217K, 63% free 967K/2560K, paused 7ms
07-09 07:54:18.105    79    79 D dalvikvm: GC_EXPLICIT freed 43K, 61% free 1023K/2560K, paused 0ms+1ms
07-09 07:54:18.210    79    79 D dalvikvm: GC_EXPLICIT freed 27K, 59% free 1052K/2560K, paused 2ms+2ms
07-09 07:54:18.488    79    79 D dalvikvm: GC_EXPLICIT freed 8K, 58% free 1100K/2560K, paused 1ms+2ms
07-09 07:54:18.574    79    79 D dalvikvm: GC_EXPLICIT freed 23K, 55% free 1166K/2560K, paused 9ms+1ms
07-09 07:54:18.632    79    79 D dalvikvm: GC_EXPLICIT freed 48K, 44% free 1445K/2560K, paused 1ms+5ms
07-09 07:54:18.632    79    79 W Zygote  : Class not found for preloading: android.text.TextDirectionHeuristics$CharCount
07-09 07:54:18.644    79    79 W Zygote  : Class not found for preloading: android.text.method.WordIterator$1
07-09 07:54:18.695    79    79 D dalvikvm: GC_EXPLICIT freed 35K, 43% free 1479K/2560K, paused 2ms+2ms
07-09 07:54:18.722    79    79 D dalvikvm: GC_EXPLICIT freed 32K, 42% free 1502K/2560K, paused 2ms+1ms
07-09 07:54:18.972    79    79 I dalvikvm: threadid=1: recursive native library load attempt (/system/lib/libwebcore.so)
07-09 07:54:18.972    79    79 D dalvikvm: No JNI_OnLoad found in /system/lib/libchromium_net.so 0x0, skipping init
07-09 07:54:19.058    79    79 D dalvikvm: GC_EXPLICIT freed 26K, 40% free 1550K/2560K, paused 2ms+1ms
07-09 07:54:19.089    79    79 W Zygote  : Class not found for preloading: android.widget.EdgeGlow
07-09 07:54:19.125    79    79 D dalvikvm: GC_EXPLICIT freed 25K, 39% free 1579K/2560K, paused 1ms+1ms
07-09 07:54:19.222    79    79 D dalvikvm: GC_EXPLICIT freed 71K, 37% free 1625K/2560K, paused 2ms+2ms
07-09 07:54:19.238    79    79 E PhonePolicy: Could not preload class for phone policy: com.android.internal.policy.impl.PhoneWindow$ContextMenuCallback
07-09 07:54:19.289    79    79 D dalvikvm: GC_EXPLICIT freed 33K, 36% free 1647K/2560K, paused 14ms+1ms
07-09 07:54:19.320    79    79 D dalvikvm: GC_EXPLICIT freed 28K, 35% free 1675K/2560K, paused 2ms+2ms
07-09 07:54:19.343    79    79 D dalvikvm: GC_EXPLICIT freed 26K, 34% free 1706K/2560K, paused 1ms+2ms
07-09 07:54:19.382    79    79 D dalvikvm: GC_EXPLICIT freed 32K, 33% free 1731K/2560K, paused 1ms+5ms
07-09 07:54:19.417    79    79 D dalvikvm: GC_EXPLICIT freed 31K, 32% free 1759K/2560K, paused 1ms+1ms
07-09 07:54:19.449    79    79 D dalvikvm: GC_EXPLICIT freed 71K, 30% free 1815K/2560K, paused 1ms+1ms
07-09 07:54:19.472    79    79 D dalvikvm: GC_EXPLICIT freed 39K, 29% free 1831K/2560K, paused 1ms+1ms
07-09 07:54:20.097    79    79 I System  : Loaded time zone names for  in 583ms (578ms in ICU)
07-09 07:54:20.484    79    79 I System  : Loaded time zone names for en_US in 388ms (384ms in ICU)
07-09 07:54:20.503    79    79 D dalvikvm: GC_EXPLICIT freed 324K, 24% free 1948K/2560K, paused 1ms+2ms
07-09 07:54:20.554    79    79 D dalvikvm: GC_EXPLICIT freed 15K, 22% free 2009K/2560K, paused 21ms+2ms
07-09 07:54:20.601    79    79 D dalvikvm: GC_EXPLICIT freed 51K, 21% free 2041K/2560K, paused 1ms+1ms
07-09 07:54:20.628    79    79 D dalvikvm: GC_EXPLICIT freed 28K, 20% free 2072K/2560K, paused 2ms+2ms
07-09 07:54:20.679    79    79 D dalvikvm: GC_EXPLICIT freed 37K, 19% free 2089K/2560K, paused 2ms+1ms
07-09 07:54:20.707    79    79 D dalvikvm: GC_EXPLICIT freed 32K, 18% free 2111K/2560K, paused 2ms+1ms
07-09 07:54:20.714    79    79 I Zygote  : ...preloaded 2297 classes in 3385ms.
07-09 07:54:20.730    79    79 D dalvikvm: GC_EXPLICIT freed 22K, 18% free 2116K/2560K, paused 1ms+1ms
07-09 07:54:20.730    79    79 I Zygote  : Preloading resources...
07-09 07:54:20.785    79    79 D dalvikvm: GC_EXPLICIT freed 1K, 15% free 2200K/2560K, paused 2ms+1ms
07-09 07:54:20.804    79    79 D dalvikvm: GC_EXPLICIT freed 1K, 12% free 2269K/2560K, paused 1ms+1ms
07-09 07:54:20.832    79    79 D dalvikvm: GC_EXPLICIT freed 1K, 9% free 2337K/2560K, paused 2ms+1ms
07-09 07:54:20.855    79    79 D dalvikvm: GC_EXPLICIT freed 1K, 7% free 2389K/2560K, paused 2ms+2ms
07-09 07:54:20.906    79    79 D dalvikvm: GC_EXPLICIT freed 2K, 8% free 2436K/2627K, paused 2ms+2ms
07-09 07:54:20.925    79    79 D dalvikvm: GC_EXPLICIT freed 2K, 8% free 2497K/2691K, paused 2ms+1ms
07-09 07:54:20.949    79    79 D dalvikvm: GC_EXPLICIT freed 2K, 6% free 2549K/2691K, paused 1ms+2ms
07-09 07:54:20.968    79    79 D dalvikvm: GC_EXPLICIT freed 2K, 6% free 2603K/2755K, paused 2ms+2ms
07-09 07:54:21.015    79    79 D dalvikvm: GC_EXPLICIT freed 2K, 6% free 2657K/2819K, paused 1ms+1ms
07-09 07:54:21.042    79    79 D dalvikvm: GC_EXPLICIT freed 3K, 6% free 2714K/2883K, paused 2ms+1ms
07-09 07:54:21.066    79    79 D dalvikvm: GC_EXPLICIT freed 2K, 7% free 2765K/2947K, paused 1ms+2ms
07-09 07:54:21.089    79    79 D dalvikvm: GC_EXPLICIT freed 2K, 5% free 2821K/2947K, paused 1ms+1ms
07-09 07:54:21.140    79    79 D dalvikvm: GC_EXPLICIT freed 2K, 5% free 2872K/3011K, paused 11ms+2ms
07-09 07:54:21.160    79    79 D dalvikvm: GC_EXPLICIT freed 3K, 5% free 2928K/3075K, paused 1ms+1ms
07-09 07:54:21.179    79    79 D dalvikvm: GC_EXPLICIT freed 2K, 5% free 2984K/3139K, paused 1ms+2ms
07-09 07:54:21.203    79    79 D dalvikvm: GC_EXPLICIT freed 2K, 6% free 3033K/3203K, paused 1ms+2ms
07-09 07:54:21.253    79    79 D dalvikvm: GC_EXPLICIT freed 2K, 4% free 3087K/3203K, paused 2ms+1ms
07-09 07:54:21.277    79    79 D dalvikvm: GC_EXPLICIT freed 2K, 4% free 3145K/3267K, paused 1ms+1ms
07-09 07:54:21.300    79    79 D dalvikvm: GC_EXPLICIT freed 2K, 5% free 3193K/3331K, paused 1ms+2ms
07-09 07:54:21.347    79    79 D dalvikvm: GC_EXPLICIT freed 2K, 4% free 3268K/3395K, paused 1ms+1ms
07-09 07:54:21.375    79    79 D dalvikvm: GC_EXPLICIT freed 1K, 4% free 3337K/3459K, paused 2ms+2ms
07-09 07:54:21.398    79    79 D dalvikvm: GC_EXPLICIT freed 1K, 4% free 3391K/3523K, paused 1ms+1ms
07-09 07:54:21.421    79    79 D dalvikvm: GC_EXPLICIT freed 2K, 4% free 3447K/3587K, paused 2ms+2ms
07-09 07:54:21.472    79    79 D dalvikvm: GC_EXPLICIT freed 2K, 5% free 3504K/3651K, paused 1ms+2ms
07-09 07:54:21.496    79    79 D dalvikvm: GC_EXPLICIT freed 2K, 3% free 3560K/3651K, paused 1ms+1ms
07-09 07:54:21.519    79    79 D dalvikvm: GC_EXPLICIT freed 5K, 3% free 3612K/3715K, paused 1ms+1ms
07-09 07:54:21.542    79    79 D dalvikvm: GC_EXPLICIT freed 2K, 3% free 3669K/3779K, paused 1ms+2ms
07-09 07:54:21.593    79    79 D dalvikvm: GC_EXPLICIT freed 4K, 4% free 3722K/3843K, paused 1ms+2ms
07-09 07:54:21.613    79    79 D dalvikvm: GC_EXPLICIT freed 2K, 2% free 3775K/3843K, paused 2ms+2ms
07-09 07:54:21.636    79    79 D dalvikvm: GC_EXPLICIT freed 2K, 2% free 3830K/3907K, paused 1ms+2ms
07-09 07:54:21.699    79    79 D dalvikvm: GC_EXPLICIT freed 10K, 2% free 3932K/3971K, paused 1ms+2ms
07-09 07:54:21.726    79    79 D dalvikvm: GC_EXPLICIT freed 6K, 3% free 4010K/4099K, paused 1ms+2ms
07-09 07:54:21.750    79    79 D dalvikvm: GC_EXPLICIT freed 3K, 3% free 4075K/4163K, paused 2ms+1ms
07-09 07:54:21.773    79    79 D dalvikvm: GC_EXPLICIT freed 2K, 1% free 4126K/4163K, paused 1ms+2ms
07-09 07:54:21.828    79    79 D dalvikvm: GC_EXPLICIT freed 3K, 2% free 4210K/4291K, paused 10ms+1ms
07-09 07:54:21.851    79    79 D dalvikvm: GC_EXPLICIT freed 3K, 2% free 4294K/4355K, paused 1ms+1ms
07-09 07:54:21.878    79    79 D dalvikvm: GC_EXPLICIT freed 4K, 1% free 4344K/4355K, paused 2ms+2ms
07-09 07:54:21.921    79    79 D dalvikvm: GC_EXPLICIT freed 2K, 1% free 4396K/4419K, paused 1ms+1ms
07-09 07:54:21.949    79    79 D dalvikvm: GC_EXPLICIT freed 1K, 1% free 4466K/4483K, paused 2ms+2ms
07-09 07:54:21.972    79    79 D dalvikvm: GC_EXPLICIT freed 1K, 2% free 4558K/4611K, paused 1ms+2ms
07-09 07:54:21.996    79    79 D dalvikvm: GC_EXPLICIT freed <1K, 2% free 5179K/5251K, paused 2ms+2ms
07-09 07:54:22.046    79    79 D dalvikvm: GC_EXPLICIT freed 2K, 1% free 5239K/5251K, paused 2ms+2ms
07-09 07:54:22.070    79    79 D dalvikvm: GC_EXPLICIT freed 4K, 1% free 5291K/5315K, paused 2ms+2ms
07-09 07:54:22.093    79    79 D dalvikvm: GC_EXPLICIT freed 1K, 1% free 5348K/5379K, paused 1ms+1ms
07-09 07:54:22.113    79    79 D dalvikvm: GC_EXPLICIT freed <1K, 1% free 5403K/5443K, paused 1ms+1ms
07-09 07:54:22.164    79    79 D dalvikvm: GC_EXPLICIT freed <1K, 1% free 5459K/5507K, paused 1ms+2ms
07-09 07:54:22.195    79    79 D dalvikvm: GC_EXPLICIT freed 6K, 2% free 5895K/5955K, paused 1ms+2ms
07-09 07:54:22.218    79    79 D dalvikvm: GC_EXPLICIT freed 5K, 1% free 5995K/6019K, paused 2ms+2ms
07-09 07:54:22.265    79    79 D dalvikvm: GC_EXPLICIT freed 3K, 1% free 6046K/6083K, paused 1ms+2ms
07-09 07:54:22.300    79    79 D dalvikvm: GC_EXPLICIT freed 5K, 2% free 7081K/7171K, paused 2ms+1ms
07-09 07:54:22.335    79    79 D dalvikvm: GC_EXPLICIT freed 2K, 2% free 8104K/8259K, paused 2ms+2ms
07-09 07:54:22.390    79    79 D dalvikvm: GC_EXPLICIT freed 3K, 2% free 8166K/8259K, paused 2ms+3ms
07-09 07:54:22.414    79    79 D dalvikvm: GC_EXPLICIT freed 3K, 1% free 8219K/8259K, paused 1ms+2ms
07-09 07:54:22.441    79    79 D dalvikvm: GC_EXPLICIT freed 4K, 1% free 8266K/8323K, paused 1ms+2ms
07-09 07:54:22.468    79    79 D dalvikvm: GC_EXPLICIT freed 4K, 1% free 8316K/8387K, paused 2ms+2ms
07-09 07:54:22.519    79    79 D dalvikvm: GC_EXPLICIT freed 3K, 1% free 8363K/8387K, paused 7ms+2ms
07-09 07:54:22.542    79    79 D dalvikvm: GC_EXPLICIT freed 3K, 1% free 8420K/8451K, paused 1ms+2ms
07-09 07:54:22.578    79    79 D dalvikvm: GC_EXPLICIT freed 2K, 1% free 8486K/8515K, paused 2ms+2ms
07-09 07:54:22.628    79    79 D dalvikvm: GC_EXPLICIT freed 1K, 1% free 8554K/8579K, paused 1ms+2ms
07-09 07:54:22.652    79    79 D dalvikvm: GC_EXPLICIT freed 1K, 1% free 8620K/8643K, paused 1ms+2ms
07-09 07:54:22.679    79    79 D dalvikvm: GC_EXPLICIT freed 3K, 1% free 8672K/8707K, paused 2ms+2ms
07-09 07:54:22.722    79    79 D dalvikvm: GC_EXPLICIT freed 3K, 1% free 8721K/8771K, paused 2ms+2ms
07-09 07:54:22.753    79    79 D dalvikvm: GC_EXPLICIT freed 3K, 1% free 8770K/8835K, paused 2ms+2ms
07-09 07:54:22.777    79    79 D dalvikvm: GC_EXPLICIT freed 2K, 1% free 8819K/8835K, paused 1ms+1ms
07-09 07:54:22.800    79    79 D dalvikvm: GC_EXPLICIT freed 1K, 1% free 8869K/8899K, paused 1ms+2ms
07-09 07:54:22.851    79    79 D dalvikvm: GC_EXPLICIT freed 1K, 1% free 8964K/9027K, paused 1ms+3ms
07-09 07:54:22.882    79    79 D dalvikvm: GC_EXPLICIT freed 6K, 1% free 9027K/9091K, paused 2ms+2ms
07-09 07:54:22.882    79    79 I Zygote  : ...preloaded 379 resources in 2154ms.
07-09 07:54:22.894    79    79 I Zygote  : ...preloaded 31 resources in 9ms.
07-09 07:54:22.914    79    79 D dalvikvm: GC_EXPLICIT freed 25K, 1% free 9028K/9091K, paused 2ms+2ms
07-09 07:54:22.957    79    79 D dalvikvm: GC_EXPLICIT freed 9K, 1% free 9019K/9091K, paused 1ms+7ms
07-09 07:54:22.980    79    79 D dalvikvm: GC_EXPLICIT freed <1K, 1% free 9019K/9091K, paused 4ms+2ms
07-09 07:54:22.992    79    79 I dalvikvm: System server process 144 has been created
07-09 07:54:22.996    79    79 I Zygote  : Accepting command socket connections
07-09 07:54:23.121   144   144 I sysproc : Entered system_init()
07-09 07:54:23.121   144   144 I sysproc : ServiceManager: 0x11fcb88
07-09 07:54:23.121   144   144 D SensorService: nuSensorService starting...
07-09 07:54:23.230   144   157 E AKMD2   : libkam : Unable to load settings file, using defaults.
07-09 07:54:23.269   144   144 I SensorService: KR3DM 3-axis Accelerometer
07-09 07:54:23.269   144   144 I SensorService: AK8973 3-axis Magnetic field sensor
07-09 07:54:23.269   144   144 I SensorService: AK8973 Orientation sensor
07-09 07:54:23.269   144   144 I SensorService: GP2A Light sensor
07-09 07:54:23.269   144   144 I SensorService: GP2A Proximity sensor
07-09 07:54:23.269   144   144 I SensorService: K3G Gyroscope sensor
07-09 07:54:23.269   144   144 I sysproc : System server: starting Android runtime.
07-09 07:54:23.269   144   144 I sysproc : System server: starting Android services.
07-09 07:54:23.269   144   144 I sysproc : System server: entering thread pool.
07-09 07:54:23.269   144   144 I SystemServer: Entered the Android system server!
07-09 07:54:23.269   144   160 I SystemServer: Entropy Service
07-09 07:54:23.273   144   159 D SensorService: nuSensorService thread starting...
07-09 07:54:23.285   144   160 I SystemServer: Power Manager
07-09 07:54:23.289   144   160 I SystemServer: Activity Manager
07-09 07:54:23.300   144   161 I ActivityManager: Memory class: 48
07-09 07:54:23.445   144   146 D dalvikvm: GC_CONCURRENT freed 114K, 3% free 9367K/9607K, paused 3ms+2ms
07-09 07:54:23.515   144   161 I ActivityManager: Enabled StrictMode logging for AThread's Looper
07-09 07:54:23.515   144   160 I SystemServer: Telephony Registry
07-09 07:54:23.515   144   160 I SystemServer: Package Manager
07-09 07:54:23.601   144   146 D dalvikvm: GC_CONCURRENT freed 483K, 6% free 9436K/9991K, paused 2ms+2ms
07-09 07:54:23.605   144   165 D StrictMode: No activity manager; failed to Dropbox violation.
07-09 07:54:23.710   144   146 D dalvikvm: GC_CONCURRENT freed 450K, 7% free 9445K/10055K, paused 2ms+2ms
07-09 07:54:23.984   144   146 D dalvikvm: GC_CONCURRENT freed 165K, 4% free 9699K/10055K, paused 2ms+2ms
07-09 07:54:24.296   144   160 W PackageParser: No actions in intent filter at /system/app/Bluetooth.apk Binary XML file line #125
07-09 07:54:24.660   144   160 W PackageParser: No actions in intent filter at /system/app/Contacts.apk Binary XML file line #525
07-09 07:54:24.667   144   146 D dalvikvm: GC_CONCURRENT freed 232K, 3% free 9941K/10247K, paused 6ms+3ms
07-09 07:54:25.246   144   160 W ResourceType: Failure getting entry for 0x7f02004b (t=1 e=75) in package 0 (error -75)
07-09 07:54:25.417   144   146 D dalvikvm: GC_CONCURRENT freed 223K, 4% free 10233K/10567K, paused 1ms+7ms
07-09 07:54:26.089   144   146 D dalvikvm: GC_CONCURRENT freed 254K, 4% free 10399K/10759K, paused 7ms+3ms
07-09 07:54:26.800   144   146 D dalvikvm: GC_CONCURRENT freed 245K, 4% free 10581K/10951K, paused 2ms+3ms
07-09 07:54:27.093   144   160 W PackageParser: Unknown element under <application>: category at /system/app/WiMAXHiddenMenu.apk Binary XML file line #289
07-09 07:54:27.199   144   160 D PackageManager: No files in app dir /vendor/app
07-09 07:54:27.199    83    83 I installd: new connection
