07-01 20:08:04.419   145   147 D dalvikvm: GC_CONCURRENT freed 1847K, 24% free 16550K/21639K, paused 4ms+8ms
07-01 20:08:05.841 13835 13837 D dalvikvm: GC_CONCURRENT freed 394K, 7% free 10806K/11591K, paused 28ms+3ms
07-01 20:08:06.821 13835 13934 D dalvikvm: GC_FOR_ALLOC freed 393K, 8% free 10742K/11591K, paused 88ms
07-01 20:08:07.817 13835 13934 D dalvikvm: GC_FOR_ALLOC freed 399K, 8% free 10742K/11591K, paused 22ms
07-01 20:08:08.774 13835 13837 D dalvikvm: GC_CONCURRENT freed 402K, 7% free 10807K/11591K, paused 3ms+3ms
07-01 20:08:09.849 13835 13934 D dalvikvm: GC_FOR_ALLOC freed 399K, 7% free 10804K/11591K, paused 97ms
07-01 20:08:10.845 13835 13934 D dalvikvm: GC_FOR_ALLOC freed 404K, 7% free 10805K/11591K, paused 22ms
07-01 20:08:11.841 13835 13934 D dalvikvm: GC_FOR_ALLOC freed 409K, 7% free 10805K/11591K, paused 64ms
07-01 20:08:12.044 13246 13248 D dalvikvm: GC_CONCURRENT freed 545K, 7% free 10128K/10887K, paused 7ms+4ms
07-01 20:08:12.821 13835 13934 D dalvikvm: GC_FOR_ALLOC freed 395K, 8% free 10741K/11591K, paused 23ms
07-01 20:08:13.888 13835 13934 D dalvikvm: GC_FOR_ALLOC freed 402K, 8% free 10741K/11591K, paused 22ms
07-01 20:08:14.915 13835 13837 D dalvikvm: GC_CONCURRENT freed 422K, 7% free 10804K/11591K, paused 2ms+2ms
07-01 20:08:16.017 13835 13934 D dalvikvm: GC_FOR_ALLOC freed 404K, 7% free 10805K/11591K, paused 23ms
07-01 20:08:17.126 13835 13837 D dalvikvm: GC_CONCURRENT freed 587K, 8% free 10737K/11591K, paused 3ms+3ms
07-01 20:08:18.325 13835 13837 D dalvikvm: GC_CONCURRENT freed 388K, 7% free 10804K/11591K, paused 2ms+2ms
07-01 20:08:19.364 13835 13934 D dalvikvm: GC_FOR_ALLOC freed 455K, 8% free 10742K/11591K, paused 25ms
07-01 20:08:20.532 13835 13934 D dalvikvm: GC_FOR_ALLOC freed 366K, 7% free 10804K/11591K, paused 22ms
07-01 20:08:21.645 13835 13934 D dalvikvm: GC_FOR_ALLOC freed 400K, 8% free 10741K/11591K, paused 22ms
07-01 20:08:22.759 13835 13837 D dalvikvm: GC_CONCURRENT freed 503K, 8% free 10684K/11591K, paused 15ms+3ms
07-01 20:08:22.934   345   345 D SAN_SERVICE: *******************************************
07-01 20:08:22.934   345   345 D SAN_SERVICE: DM App Phone Service State - 0
07-01 20:08:22.934   345   345 D SAN_SERVICE: *******************************************
07-01 20:08:23.169 14063 14064 D dalvikvm: GC_CONCURRENT freed 390K, 7% free 10246K/11015K, paused 20ms+2ms
07-01 20:08:23.231 14063 14079 D dalvikvm: GC_FOR_ALLOC freed 11K, 8% free 10238K/11015K, paused 26ms
07-01 20:08:23.231 14063 14079 I dalvikvm-heap: Grow heap (frag case) to 10.098MB for 32784-byte allocation
07-01 20:08:23.263 14063 14079 D dalvikvm: GC_FOR_ALLOC freed <1K, 8% free 10270K/11079K, paused 29ms
07-01 20:08:23.454 13835 13837 D dalvikvm: GC_CONCURRENT freed 409K, 8% free 10719K/11591K, paused 8ms+2ms
07-01 20:08:25.563 14063 14064 D dalvikvm: GC_CONCURRENT freed 294K, 7% free 10396K/11079K, paused 6ms+3ms
07-01 20:08:26.071 13835 13837 D dalvikvm: GC_CONCURRENT freed 473K, 8% free 10697K/11591K, paused 10ms+3ms
07-01 20:08:26.700 13756 14036 D GetStringObjTask: retrieving from url = http://www.chess.com/api/v2/get_echess_current_games?id=y3ICtufzg6w7rQqcD3KFujVaIanpYba4bIpaeKElV1LNz3Sz4Fk9Yh5CeWaj8h4bQ2RY0CxFVgA%2ByBE5DE%2B1cAuw4i%2Bp2GVj5RbuDPEUotReGbS25iAukuBsuUd%2Fl5dp&all=1
07-01 20:08:26.817   145 28236 W InputManagerService: Window already focused, ignoring focus gain of: com.android.internal.view.IInputMethodClient$Stub$Proxy@41883e90
07-01 20:08:26.892 13835 13837 D dalvikvm: GC_CONCURRENT freed 407K, 8% free 10729K/11591K, paused 3ms+2ms
07-01 20:08:27.309 13756 14036 D GetStringObjTask: WebRequest SERVER RESPONSE: Success+1:000055472248:w:1:14:hoorayforjaded:0985:23:h:59:rnbqkbnr/pppppppp/8/8/3P4/8/PPP1PPPP/RNBQKBNR b KQkq d3 1 1:1341187540:d2:d4:n:0:0:0:
07-01 20:08:27.419 13756 13756 D FlurryAgent: startSession called
07-01 20:08:27.477 13756 13756 D TEST    : onCreateOptionsMenu called 
07-01 20:08:27.489 13756 13756 D MoPub   : Ad Unit (agltb3B1Yi1pbmNyDQsSBFNpdGUYlvOBEww) going visible: enabling refresh
07-01 20:08:27.489 13756 13756 D MoPub   : Automatic refresh for agltb3B1Yi1pbmNyDQsSBFNpdGUYlvOBEww set to: true.
07-01 20:08:27.642 10674 10676 D dalvikvm: GC_CONCURRENT freed 389K, 13% free 10012K/11399K, paused 3ms+5ms
07-01 20:08:27.645 13756 13756 D OpenGLRenderer: Flushing caches (mode 0)
07-01 20:08:27.673 13756 13756 D MoPub   : Automatic refresh for agltb3B1Yi1pbmNyDQsSBFNpdGUYtfH_Egw set to: false.
07-01 20:08:27.681 13756 13756 D webviewglue: nativeDestroy view: 0xe524d0
07-01 20:08:27.950 13756 13763 I dalvikvm: Jit: resizing JitTable from 4096 to 8192
07-01 20:08:28.056 13756 14229 D GetStringObjTask: retrieving from url = http://www.chess.com/api/v2/get_echess_current_games?id=y3ICtufzg6w7rQqcD3KFujVaIanpYba4bIpaeKElV1LNz3Sz4Fk9Yh5CeWaj8h4bQ2RY0CxFVgA%2ByBE5DE%2B1cAuw4i%2Bp2GVj5RbuDPEUotReGbS25iAukuBsuUd%2Fl5dp&all=1
07-01 20:08:28.224 13835 13837 D dalvikvm: GC_CONCURRENT freed 483K, 8% free 10714K/11591K, paused 3ms+10ms
07-01 20:08:28.587 13756 14229 D GetStringObjTask: WebRequest SERVER RESPONSE: Success+1:000055472248:w:1:14:hoorayforjaded:0985:23:h:59:rnbqkbnr/pppppppp/8/8/3P4/8/PPP1PPPP/RNBQKBNR b KQkq d3 1 1:1341187540:d2:d4:n:0:0:0:
07-01 20:08:29.333 13835 13837 D dalvikvm: GC_CONCURRENT freed 455K, 8% free 10733K/11591K, paused 9ms+3ms
07-01 20:08:30.395 13835 13837 D dalvikvm: GC_CONCURRENT freed 417K, 7% free 10790K/11591K, paused 84ms+2ms
07-01 20:08:31.313 13835 13934 D dalvikvm: GC_FOR_ALLOC freed 414K, 7% free 10790K/11591K, paused 23ms
07-01 20:08:32.352 13835 13934 D dalvikvm: GC_FOR_ALLOC freed 414K, 8% free 10733K/11591K, paused 71ms
07-01 20:08:33.188   345   345 D SAN_SERVICE: *******************************************
07-01 20:08:33.188   345   345 D SAN_SERVICE: DM App Phone Service State - 0
07-01 20:08:33.188   345   345 D SAN_SERVICE: *******************************************
07-01 20:08:33.372 13835 13837 D dalvikvm: GC_CONCURRENT freed 417K, 7% free 10790K/11591K, paused 65ms+3ms
07-01 20:08:34.286 13835 13934 D dalvikvm: GC_FOR_ALLOC freed 419K, 7% free 10790K/11591K, paused 26ms
07-01 20:08:34.950   145   361 W InputManagerService: Window already focused, ignoring focus gain of: com.android.internal.view.IInputMethodClient$Stub$Proxy@41dfa768
07-01 20:08:34.970 13756 14301 D GetStringObjTask: retrieving from url = http://www.chess.com/api/echess_challenges?id=y3ICtufzg6w7rQqcD3KFujVaIanpYba4bIpaeKElV1LNz3Sz4Fk9Yh5CeWaj8h4bQ2RY0CxFVgA%2ByBE5DE%2B1cAuw4i%2Bp2GVj5RbuDPEUotReGbS25iAukuBsuUd%2Fl5dp
07-01 20:08:35.337 13835 13934 D dalvikvm: GC_FOR_ALLOC freed 419K, 7% free 10790K/11591K, paused 29ms
07-01 20:08:35.372 13756 14301 D GetStringObjTask: WebRequest SERVER RESPONSE: Success+
07-01 20:08:36.411 13835 13934 D dalvikvm: GC_FOR_ALLOC freed 424K, 7% free 10785K/11591K, paused 22ms
07-01 20:08:37.802 13835 13934 D dalvikvm: GC_FOR_ALLOC freed 554K, 8% free 10678K/11591K, paused 71ms
07-01 20:08:38.036   145   310 W InputManagerService: Starting input on non-focused client com.android.internal.view.IInputMethodClient$Stub$Proxy@41859ab0 (uid=10079 pid=13756)
07-01 20:08:38.075 13756 13756 D MoPub   : Ad Unit (agltb3B1Yi1pbmNyDQsSBFNpdGUYlvOBEww) going invisible: disabling refresh
07-01 20:08:38.075 13756 13756 D MoPub   : Automatic refresh for agltb3B1Yi1pbmNyDQsSBFNpdGUYlvOBEww set to: false.
07-01 20:08:38.075 13756 13756 D OpenGLRenderer: Flushing caches (mode 0)
07-01 20:08:38.102 13756 13756 D OpenGLRenderer: Flushing caches (mode 1)
07-01 20:08:38.114 13756 13756 D FlurryAgent: Ending session
07-01 20:08:38.134 13756 13756 D MoPub   : Automatic refresh for agltb3B1Yi1pbmNyDQsSBFNpdGUYlvOBEww set to: false.
07-01 20:08:38.161 13756 13756 D webviewglue: nativeDestroy view: 0xab6f68
07-01 20:08:38.165 13756 13756 I MoPub   : Canceling fetch ad for task #0
07-01 20:08:39.188   145   147 D dalvikvm: GC_CONCURRENT freed 1810K, 24% free 16556K/21639K, paused 3ms+13ms
07-01 20:08:39.282 13835 13837 D dalvikvm: GC_CONCURRENT freed 352K, 7% free 10791K/11591K, paused 65ms+5ms
07-01 20:08:40.384 13835 13837 D dalvikvm: GC_CONCURRENT freed 550K, 8% free 10714K/11591K, paused 3ms+7ms
07-01 20:08:41.470 13835 13837 D dalvikvm: GC_CONCURRENT freed 437K, 8% free 10731K/11591K, paused 8ms+2ms
07-01 20:08:42.466 13835 13837 D dalvikvm: GC_CONCURRENT freed 445K, 8% free 10729K/11591K, paused 27ms+20ms
07-01 20:08:43.634 13835 13837 D dalvikvm: GC_CONCURRENT freed 459K, 8% free 10730K/11591K, paused 18ms+2ms
07-01 20:08:44.665 13835 13837 D dalvikvm: GC_CONCURRENT freed 490K, 8% free 10729K/11591K, paused 2ms+3ms
07-01 20:08:45.649 13835 13837 D dalvikvm: GC_CONCURRENT freed 485K, 8% free 10729K/11591K, paused 2ms+2ms
07-01 20:08:46.727 13835 13837 D dalvikvm: GC_CONCURRENT freed 490K, 8% free 10730K/11591K, paused 33ms+13ms
07-01 20:08:47.782 13835 13837 D dalvikvm: GC_CONCURRENT freed 476K, 8% free 10724K/11591K, paused 21ms+3ms
07-01 20:08:48.227 13756 14307 D FlurryAgent: Sending report to: http://data.flurry.com/aap.do
07-01 20:08:48.642 13756 14307 D FlurryAgent: Report successful
07-01 20:08:48.642 13756 14307 D FlurryAgent: Processing report response
07-01 20:08:48.642 13756 14307 D FlurryAgent: Done sending agent report
07-01 20:08:48.892 13835 13837 D dalvikvm: GC_CONCURRENT freed 483K, 8% free 10711K/11591K, paused 2ms+3ms
07-01 20:08:50.013 13835 13837 D dalvikvm: GC_CONCURRENT freed 352K, 7% free 10799K/11591K, paused 3ms+3ms
07-01 20:08:50.048 14128 14141 I PhoneLab-: Service Running
07-01 20:08:50.102 14128 14141 I PhoneLab-LoggerService: app_37    1360  1     1436   1000  c00f181c 400107b4 S logcat
07-01 20:08:50.102 14128 14141 I PhoneLab-LoggerService: Logcat pid from database 1360
07-01 20:08:50.102 14128 14141 I PhoneLab-LoggerService: Logcat process found 1360
07-01 20:08:50.102 14128 14141 I PhoneLab-LoggerService: Checking Threshold
07-01 20:08:50.102 14128 14141 I PhoneLab-LoggerService: Starting to rename files
07-01 20:08:50.102 14128 14141 I PhoneLab-LoggerService: Files found .. 2
07-01 20:08:50.106 14128 14141 I PhoneLab-LoggerService: File 1 log.out.1
07-01 20:08:50.118 14128 14141 I PhoneLab-LoggerService: Renamed successfully
07-01 20:08:51.712 13835 13837 D dalvikvm: GC_CONCURRENT freed 513K, 8% free 10765K/11591K, paused 2ms+2ms
07-01 20:08:52.907 13835 13837 D dalvikvm: GC_CONCURRENT freed 534K, 8% free 10718K/11591K, paused 12ms+2ms
07-01 20:08:54.052 13835 13837 D dalvikvm: GC_CONCURRENT freed 462K, 8% free 10735K/11591K, paused 42ms+2ms
07-01 20:08:55.134 13835 13837 D dalvikvm: GC_CONCURRENT freed 484K, 8% free 10739K/11591K, paused 2ms+3ms
07-01 20:08:56.017   145   200 D DhcpInfoInternal: makeLinkProperties with empty dns2!
07-01 20:08:56.020   145   200 D DhcpInfoInternal: makeLinkProperties with empty dns2!
07-01 20:08:56.270 13835 13837 D dalvikvm: GC_CONCURRENT freed 488K, 8% free 10718K/11591K, paused 5ms+3ms
07-01 20:08:57.395 13835 13837 D dalvikvm: GC_CONCURRENT freed 467K, 8% free 10751K/11591K, paused 50ms+2ms
07-01 20:08:58.770 13835 13837 D dalvikvm: GC_CONCURRENT freed 517K, 8% free 10686K/11591K, paused 3ms+4ms
07-01 20:08:59.985 13835 13837 D dalvikvm: GC_CONCURRENT freed 431K, 8% free 10780K/11591K, paused 2ms+3ms
07-01 20:09:01.075 13835 13934 D dalvikvm: GC_FOR_ALLOC freed 409K, 8% free 10739K/11591K, paused 24ms
07-01 20:09:02.352 13835 13837 D dalvikvm: GC_CONCURRENT freed 454K, 7% free 10801K/11591K, paused 2ms+2ms
07-01 20:09:03.337 13835 13934 D dalvikvm: GC_FOR_ALLOC freed 409K, 8% free 10739K/11591K, paused 29ms
07-01 20:09:03.392 13993 13994 D dalvikvm: GC_CONCURRENT freed 643K, 7% free 11342K/12103K, paused 7ms+2ms
07-01 20:09:04.474 13835 13934 D dalvikvm: GC_FOR_ALLOC freed 404K, 8% free 10741K/11591K, paused 24ms
07-01 20:09:05.059 13756 13756 D OpenGLRenderer: Flushing caches (mode 2)
07-01 20:09:05.071 13756 13756 W ManagedEGLContext: doTerminate failed: EGL count is 2 but managed count is 1
07-01 20:09:05.599 13835 13934 D dalvikvm: GC_FOR_ALLOC freed 409K, 8% free 10741K/11591K, paused 38ms
07-01 20:09:06.724 13835 13837 D dalvikvm: GC_CONCURRENT freed 407K, 7% free 10804K/11591K, paused 2ms+3ms
07-01 20:09:07.282 13993 13994 D dalvikvm: GC_CONCURRENT freed 600K, 6% free 11446K/12167K, paused 18ms+3ms
07-01 20:09:07.934 13835 13934 D dalvikvm: GC_FOR_ALLOC freed 427K, 7% free 10805K/11591K, paused 23ms
07-01 20:09:08.954 13835 13934 D dalvikvm: GC_FOR_ALLOC freed 404K, 7% free 10795K/11591K, paused 23ms
07-01 20:09:10.106 13835 13934 D dalvikvm: GC_FOR_ALLOC freed 409K, 7% free 10804K/11591K, paused 23ms
07-01 20:09:11.306 13835 13934 D dalvikvm: GC_FOR_ALLOC freed 404K, 7% free 10784K/11591K, paused 25ms
07-01 20:09:11.942 13756 13756 D OpenGLRenderer: Flushing caches (mode 2)
07-01 20:09:11.942 13756 13756 W ManagedEGLContext: doTerminate failed: EGL count is 2 but managed count is 1
07-01 20:09:12.337 13835 13934 D dalvikvm: GC_FOR_ALLOC freed 405K, 8% free 10730K/11591K, paused 34ms
07-01 20:09:13.192 13756 13756 D OpenGLRenderer: Flushing caches (mode 2)
07-01 20:09:13.192 13756 13756 W ManagedEGLContext: doTerminate failed: EGL count is 2 but managed count is 1
07-01 20:09:13.454 13835 13934 D dalvikvm: GC_FOR_ALLOC freed 409K, 8% free 10732K/11591K, paused 28ms
07-01 20:09:14.692    81   129 W AudioTrack: stepServer() could not lock cblk
07-01 20:09:14.798 13835 13934 D dalvikvm: GC_FOR_ALLOC freed 419K, 8% free 10741K/11591K, paused 22ms
07-01 20:09:14.993   145   145 D dalvikvm: GC_EXPLICIT freed 1400K, 24% free 16524K/21639K, paused 7ms+11ms
07-01 20:09:15.005  3921  4002 I EventLogService: Aggregate from 1341185954194 (log), 1341185954194 (data)
07-01 20:09:15.829 13835 13837 D dalvikvm: GC_CONCURRENT freed 407K, 7% free 10805K/11591K, paused 2ms+2ms
07-01 20:09:17.786 13835 13837 D dalvikvm: GC_CONCURRENT freed 584K, 8% free 10688K/11591K, paused 5ms+2ms
07-01 20:09:19.032 13835 13837 D dalvikvm: GC_CONCURRENT freed 435K, 8% free 10769K/11591K, paused 2ms+2ms
07-01 20:09:20.227 13835 13837 D dalvikvm: GC_CONCURRENT freed 398K, 7% free 10828K/11591K, paused 11ms+10ms
07-01 20:09:21.216 13835 13934 D dalvikvm: GC_FOR_ALLOC freed 439K, 8% free 10779K/11591K, paused 23ms
07-01 20:09:22.173 13835 13837 D dalvikvm: GC_CONCURRENT freed 439K, 7% free 10828K/11591K, paused 2ms+2ms
07-01 20:09:23.181 13835 13934 D dalvikvm: GC_FOR_ALLOC freed 419K, 8% free 10779K/11591K, paused 29ms
07-01 20:09:24.294 13835 13837 D dalvikvm: GC_CONCURRENT freed 560K, 8% free 10688K/11591K, paused 3ms+6ms
07-01 20:09:26.403 13835 13837 D dalvikvm: GC_CONCURRENT freed 403K, 8% free 10750K/11591K, paused 2ms+111ms
07-01 20:09:26.989 13835 13837 D dalvikvm: GC_CONCURRENT freed 428K, 7% free 10786K/11591K, paused 2ms+4ms
07-01 20:09:28.587 13835 13934 D dalvikvm: GC_FOR_ALLOC freed 532K, 8% free 10678K/11591K, paused 96ms
07-01 20:09:29.618 13835 13837 D dalvikvm: GC_CONCURRENT freed 412K, 7% free 10794K/11591K, paused 77ms+2ms
07-01 20:09:30.708 13835 13934 D dalvikvm: GC_FOR_ALLOC freed 520K, 8% free 10678K/11591K, paused 62ms
07-01 20:09:31.767 13835 13837 D dalvikvm: GC_CONCURRENT freed 407K, 8% free 10758K/11591K, paused 75ms+3ms
07-01 20:09:33.013 13835 13934 D dalvikvm: GC_FOR_ALLOC freed 484K, 8% free 10706K/11591K, paused 49ms
07-01 20:09:34.056 13835 13837 D dalvikvm: GC_CONCURRENT freed 406K, 8% free 10765K/11591K, paused 2ms+2ms
07-01 20:09:35.102 13835 13934 D dalvikvm: GC_FOR_ALLOC freed 502K, 8% free 10704K/11591K, paused 22ms
07-01 20:09:36.630 13835 13837 D dalvikvm: GC_CONCURRENT freed 455K, 8% free 10750K/11591K, paused 2ms+3ms
07-01 20:09:37.696 13835 13837 D dalvikvm: GC_CONCURRENT freed 485K, 8% free 10716K/11591K, paused 11ms+3ms
07-01 20:09:38.813 13835 13837 D dalvikvm: GC_CONCURRENT freed 412K, 7% free 10794K/11591K, paused 2ms+2ms
07-01 20:09:39.833 13835 13837 D dalvikvm: GC_CONCURRENT freed 570K, 8% free 10686K/11591K, paused 2ms+8ms
07-01 20:09:41.091 13835 13837 D dalvikvm: GC_CONCURRENT freed 433K, 8% free 10688K/11591K, paused 2ms+3ms
07-01 20:09:41.524 13835 13837 D dalvikvm: GC_CONCURRENT freed 443K, 8% free 10683K/11591K, paused 3ms+2ms
07-01 20:09:42.774 13835 13837 D dalvikvm: GC_CONCURRENT freed 341K, 7% free 10782K/11591K, paused 2ms+3ms
07-01 20:09:44.520    81   129 W AudioTrack: stepServer() could not lock cblk
07-01 20:09:44.606 13835 13934 D dalvikvm: GC_FOR_ALLOC freed 526K, 8% free 10678K/11591K, paused 31ms
07-01 20:09:45.688 13835 13837 D dalvikvm: GC_CONCURRENT freed 406K, 7% free 10804K/11591K, paused 28ms+2ms
07-01 20:09:46.653 13835 13934 D dalvikvm: GC_FOR_ALLOC freed 404K, 7% free 10805K/11591K, paused 22ms
07-01 20:09:47.809 13835 13837 D dalvikvm: GC_CONCURRENT freed 507K, 8% free 10770K/11591K, paused 2ms+2ms
07-01 20:09:49.126 13835 13934 D dalvikvm: GC_FOR_ALLOC freed 409K, 8% free 10741K/11591K, paused 23ms
07-01 20:09:50.196 13835 13837 D dalvikvm: GC_CONCURRENT freed 412K, 7% free 10781K/11591K, paused 21ms+3ms
07-01 20:09:51.169 13835 13934 D dalvikvm: GC_FOR_ALLOC freed 419K, 7% free 10782K/11591K, paused 45ms
07-01 20:09:52.243 13835 13934 D dalvikvm: GC_FOR_ALLOC freed 557K, 8% free 10678K/11591K, paused 43ms
07-01 20:09:53.442 13835 13837 D dalvikvm: GC_CONCURRENT freed 294K, 7% free 10867K/11591K, paused 3ms+2ms
07-01 20:09:54.524 13835 13934 D dalvikvm: GC_FOR_ALLOC freed 497K, 8% free 10715K/11591K, paused 24ms
07-01 20:09:55.903 13835 13837 D dalvikvm: GC_CONCURRENT freed 336K, 7% free 10867K/11591K, paused 2ms+3ms
07-01 20:09:56.102    81   129 W AudioTrack: stepServer() could not lock cblk
07-01 20:09:56.950 13835 13934 D dalvikvm: GC_FOR_ALLOC freed 404K, 7% free 10805K/11591K, paused 22ms
07-01 20:09:57.892 13835 13934 D dalvikvm: GC_FOR_ALLOC freed 404K, 8% free 10767K/11591K, paused 26ms
07-01 20:09:58.950 13835 13837 D dalvikvm: GC_CONCURRENT freed 520K, 8% free 10714K/11591K, paused 2ms+2ms
07-01 20:10:00.083 13835 13837 D dalvikvm: GC_CONCURRENT freed 398K, 8% free 10777K/11591K, paused 2ms+3ms
07-01 20:10:01.892 13835 13837 D dalvikvm: GC_CONCURRENT freed 554K, 8% free 10682K/11591K, paused 32ms+2ms
07-01 20:10:03.122 13835 13837 D dalvikvm: GC_CONCURRENT freed 414K, 8% free 10705K/11591K, paused 9ms+3ms
07-01 20:10:03.833   145   147 D dalvikvm: GC_CONCURRENT freed 1793K, 24% free 16506K/21639K, paused 3ms+6ms
07-01 20:10:04.216 13835 13837 D dalvikvm: GC_CONCURRENT freed 441K, 8% free 10732K/11591K, paused 3ms+3ms
07-01 20:10:05.165 13835 13934 D dalvikvm: GC_FOR_ALLOC freed 404K, 8% free 10732K/11591K, paused 22ms
07-01 20:10:05.302   345   345 D SAN_SERVICE: *******************************************
07-01 20:10:05.302   345   345 D SAN_SERVICE: DM App Phone Service State - 0
07-01 20:10:05.302   345   345 D SAN_SERVICE: *******************************************
07-01 20:10:06.083   345   345 D SAN_SERVICE: *******************************************
07-01 20:10:06.083   345   345 D SAN_SERVICE: DM App Phone Service State - 0
07-01 20:10:06.083   345   345 D SAN_SERVICE: *******************************************
07-01 20:10:06.321 13835 13837 D dalvikvm: GC_CONCURRENT freed 489K, 8% free 10726K/11591K, paused 3ms+3ms
07-01 20:10:07.470 13835 13837 D dalvikvm: GC_CONCURRENT freed 385K, 7% free 10787K/11591K, paused 2ms+2ms
07-01 20:10:09.079 13835 13934 D dalvikvm: GC_FOR_ALLOC freed 403K, 8% free 10732K/11591K, paused 22ms
07-01 20:10:11.087 13835 13837 D dalvikvm: GC_CONCURRENT freed 435K, 8% free 10752K/11591K, paused 2ms+2ms
07-01 20:10:11.962 14063 14064 D dalvikvm: GC_CONCURRENT freed 521K, 7% free 10386K/11079K, paused 2ms+4ms
07-01 20:10:12.017 13835 13837 D dalvikvm: GC_CONCURRENT freed 459K, 8% free 10752K/11591K, paused 2ms+6ms
07-01 20:10:12.130 13246 13248 D dalvikvm: GC_CONCURRENT freed 493K, 7% free 10137K/10887K, paused 9ms+7ms
07-01 20:10:13.220 13835 13837 D dalvikvm: GC_CONCURRENT freed 497K, 8% free 10708K/11591K, paused 2ms+2ms
07-01 20:10:14.239 13835 13837 D dalvikvm: GC_CONCURRENT freed 422K, 8% free 10769K/11591K, paused 2ms+3ms
07-01 20:10:16.790 13835 13934 D dalvikvm: GC_FOR_ALLOC freed 531K, 8% free 10678K/11591K, paused 26ms
07-01 20:10:17.817 13835 13837 D dalvikvm: GC_CONCURRENT freed 394K, 8% free 10742K/11591K, paused 2ms+2ms
07-01 20:10:18.817 13835 13934 D dalvikvm: GC_FOR_ALLOC freed 394K, 8% free 10742K/11591K, paused 38ms
07-01 20:10:20.099 13835 13934 D dalvikvm: GC_FOR_ALLOC freed 394K, 8% free 10742K/11591K, paused 34ms
07-01 20:10:21.149 13835 13934 D dalvikvm: GC_FOR_ALLOC freed 394K, 8% free 10742K/11591K, paused 86ms
07-01 20:10:22.095 13835 13934 D dalvikvm: GC_FOR_ALLOC freed 394K, 8% free 10742K/11591K, paused 31ms
07-01 20:10:23.220 13835 13934 D dalvikvm: GC_FOR_ALLOC freed 397K, 8% free 10742K/11591K, paused 154ms
07-01 20:10:24.173 13835 13934 D dalvikvm: GC_FOR_ALLOC freed 394K, 8% free 10742K/11591K, paused 105ms
07-01 20:10:25.122 13835 13934 D dalvikvm: GC_FOR_ALLOC freed 394K, 8% free 10742K/11591K, paused 57ms
07-01 20:10:25.849   345   345 D SAN_SERVICE: *******************************************
07-01 20:10:25.849   345   345 D SAN_SERVICE: DM App Phone Service State - 0
07-01 20:10:25.849   345   345 D SAN_SERVICE: *******************************************
07-01 20:10:26.099 13835 13934 D dalvikvm: GC_FOR_ALLOC freed 394K, 8% free 10742K/11591K, paused 31ms
07-01 20:10:26.345   345   345 D SAN_SERVICE: *******************************************
07-01 20:10:26.345   345   345 D SAN_SERVICE: DM App Phone Service State - 0
07-01 20:10:26.345   345   345 D SAN_SERVICE: *******************************************
07-01 20:10:27.149 13835 13934 D dalvikvm: GC_FOR_ALLOC freed 394K, 8% free 10742K/11591K, paused 81ms
07-01 20:10:28.169 13835 13934 D dalvikvm: GC_FOR_ALLOC freed 394K, 8% free 10742K/11591K, paused 29ms
07-01 20:10:29.161 13835 13934 D dalvikvm: GC_FOR_ALLOC freed 394K, 8% free 10742K/11591K, paused 24ms
07-01 20:10:30.251 13835 13934 D dalvikvm: GC_FOR_ALLOC freed 394K, 8% free 10742K/11591K, paused 26ms
07-01 20:10:31.317 13835 13934 D dalvikvm: GC_FOR_ALLOC freed 395K, 8% free 10744K/11591K, paused 26ms
07-01 20:10:32.356 13835 13934 D dalvikvm: GC_FOR_ALLOC freed 395K, 8% free 10742K/11591K, paused 23ms
07-01 20:10:33.462 13835 13934 D dalvikvm: GC_FOR_ALLOC freed 394K, 8% free 10742K/11591K, paused 22ms
07-01 20:10:34.497 13835 13934 D dalvikvm: GC_FOR_ALLOC freed 394K, 8% free 10742K/11591K, paused 23ms
07-01 20:10:35.513 13835 13934 D dalvikvm: GC_FOR_ALLOC freed 394K, 8% free 10740K/11591K, paused 25ms
07-01 20:10:36.528 13835 13837 D dalvikvm: GC_CONCURRENT freed 402K, 7% free 10802K/11591K, paused 2ms+2ms
07-01 20:10:37.517 13835 13934 D dalvikvm: GC_FOR_ALLOC freed 404K, 7% free 10802K/11591K, paused 22ms
07-01 20:10:38.517 13835 13934 D dalvikvm: GC_FOR_ALLOC freed 404K, 7% free 10802K/11591K, paused 24ms
07-01 20:10:39.556 13835 13934 D dalvikvm: GC_FOR_ALLOC freed 404K, 7% free 10802K/11591K, paused 23ms
07-01 20:10:40.126    81   129 W AudioTrack: stepServer() could not lock cblk
07-01 20:10:40.876 13835 13934 D dalvikvm: GC_FOR_ALLOC freed 400K, 7% free 10807K/11591K, paused 22ms
07-01 20:10:41.958 13835 13934 D dalvikvm: GC_FOR_ALLOC freed 404K, 7% free 10807K/11591K, paused 22ms
07-01 20:10:42.876 13835 13934 D dalvikvm: GC_FOR_ALLOC freed 404K, 7% free 10807K/11591K, paused 22ms
07-01 20:10:43.974 13835 13837 D dalvikvm: GC_CONCURRENT freed 598K, 8% free 10685K/11591K, paused 3ms+3ms
07-01 20:10:45.337 13835 13837 D dalvikvm: GC_CONCURRENT freed 295K, 7% free 10867K/11591K, paused 2ms+2ms
07-01 20:10:46.255 13835 13934 D dalvikvm: GC_FOR_ALLOC freed 400K, 8% free 10741K/11591K, paused 23ms
07-01 20:10:47.493 13835 13837 D dalvikvm: GC_CONCURRENT freed 422K, 7% free 10804K/11591K, paused 2ms+5ms
07-01 20:10:49.458 13835 13934 D dalvikvm: GC_FOR_ALLOC freed 572K, 8% free 10687K/11591K, paused 26ms
07-01 20:10:50.048 14128 14141 I PhoneLab-: Service Running
07-01 20:10:50.130 14128 14141 I PhoneLab-LoggerService: app_37    1360  1     1436   1000  c00f181c 400107b4 S logcat
07-01 20:10:50.134 14128 14141 I PhoneLab-LoggerService: Logcat pid from database 1360
07-01 20:10:50.134 14128 14141 I PhoneLab-LoggerService: Logcat process found 1360
07-01 20:10:50.134 14128 14141 I PhoneLab-LoggerService: Checking Threshold
07-01 20:10:50.134 14128 14141 I PhoneLab-LoggerService: Starting to rename files
07-01 20:10:50.134 14128 14141 I PhoneLab-LoggerService: Files found .. 2
07-01 20:10:50.470 13835 13837 D dalvikvm: GC_CONCURRENT freed 345K, 8% free 10771K/11591K, paused 2ms+3ms
07-01 20:10:51.552 13835 13837 D dalvikvm: GC_CONCURRENT freed 544K, 8% free 10692K/11591K, paused 3ms+3ms
07-01 20:10:52.638 13835 13837 D dalvikvm: GC_CONCURRENT freed 445K, 8% free 10728K/11591K, paused 6ms+3ms
07-01 20:10:53.220   145   147 D dalvikvm: GC_CONCURRENT freed 1782K, 24% free 16515K/21639K, paused 3ms+8ms
07-01 20:10:54.247 13835 13837 D dalvikvm: GC_CONCURRENT freed 487K, 8% free 10722K/11591K, paused 28ms+3ms
07-01 20:10:55.169 13835 13837 D dalvikvm: GC_CONCURRENT freed 417K, 8% free 10767K/11591K, paused 3ms+6ms
07-01 20:10:56.188 13835 13934 D dalvikvm: GC_FOR_ALLOC freed 419K, 8% free 10767K/11591K, paused 22ms
07-01 20:10:57.224 13835 13837 D dalvikvm: GC_CONCURRENT freed 449K, 7% free 10812K/11591K, paused 25ms+3ms
07-01 20:10:58.208 13835 13934 D dalvikvm: GC_FOR_ALLOC freed 426K, 8% free 10769K/11591K, paused 67ms
07-01 20:10:59.255 13835 13934 D dalvikvm: GC_FOR_ALLOC freed 531K, 8% free 10688K/11591K, paused 23ms
07-01 20:11:00.352 13835 13837 D dalvikvm: GC_CONCURRENT freed 411K, 8% free 10706K/11591K, paused 3ms+2ms
07-01 20:11:01.142 13756 13756 D OpenGLRenderer: Flushing caches (mode 1)
07-01 20:11:01.149 13756 13770 D GetStringObjTask: retrieving from url = http://www.chess.com/api/get_move_status?id=y3ICtufzg6w7rQqcD3KFujVaIanpYba4bIpaeKElV1LNz3Sz4Fk9Yh5CeWaj8h4bQ2RY0CxFVgA%2ByBE5DE%2B1cAuw4i%2Bp2GVj5RbuDPEUotReGbS25iAukuBsuUd%2Fl5dp
07-01 20:11:01.731 13835 13837 D dalvikvm: GC_CONCURRENT freed 436K, 8% free 10734K/11591K, paused 3ms+2ms
07-01 20:11:02.243 13756 13770 D GetStringObjTask: WebRequest SERVER RESPONSE: Success+0
07-01 20:11:02.688 13835 13934 D dalvikvm: GC_FOR_ALLOC freed 404K, 8% free 10734K/11591K, paused 23ms
07-01 20:11:03.731 13835 13837 D dalvikvm: GC_CONCURRENT freed 407K, 8% free 10774K/11591K, paused 2ms+2ms
07-01 20:11:04.809 13835 13837 D dalvikvm: GC_CONCURRENT freed 552K, 8% free 10689K/11591K, paused 3ms+3ms
07-01 20:11:05.970 13835 13837 D dalvikvm: GC_CONCURRENT freed 314K, 7% free 10807K/11591K, paused 3ms+3ms
07-01 20:11:07.040 13835 13934 D dalvikvm: GC_FOR_ALLOC freed 511K, 8% free 10680K/11591K, paused 24ms
07-01 20:11:08.434 13835 13837 D dalvikvm: GC_CONCURRENT freed 321K, 7% free 10804K/11591K, paused 2ms+2ms
07-01 20:11:09.466 13835 13934 D dalvikvm: GC_FOR_ALLOC freed 411K, 8% free 10741K/11591K, paused 22ms
07-01 20:11:10.462 13835 13934 D dalvikvm: GC_FOR_ALLOC freed 404K, 8% free 10741K/11591K, paused 47ms
07-01 20:11:11.657 13835 13837 D dalvikvm: GC_CONCURRENT freed 502K, 8% free 10726K/11591K, paused 2ms+3ms
07-01 20:11:12.067 13246 13248 D dalvikvm: GC_CONCURRENT freed 424K, 8% free 10124K/10887K, paused 2ms+3ms
07-01 20:11:12.735 13835 13837 D dalvikvm: GC_CONCURRENT freed 492K, 8% free 10702K/11591K, paused 2ms+3ms
07-01 20:11:13.778 13835 13837 D dalvikvm: GC_CONCURRENT freed 452K, 8% free 10745K/11591K, paused 2ms+2ms
07-01 20:11:15.599 13835 13837 D dalvikvm: GC_CONCURRENT freed 508K, 8% free 10684K/11591K, paused 2ms+2ms
07-01 20:11:16.712 13835 13837 D dalvikvm: GC_CONCURRENT freed 428K, 7% free 10805K/11591K, paused 3ms+3ms
07-01 20:11:17.923 13835 13837 D dalvikvm: GC_CONCURRENT freed 552K, 7% free 10806K/11591K, paused 3ms+2ms
07-01 20:11:18.903 13835 13934 D dalvikvm: GC_FOR_ALLOC freed 406K, 8% free 10767K/11591K, paused 26ms
07-01 20:11:20.169 13835 13837 D dalvikvm: GC_CONCURRENT freed 528K, 8% free 10694K/11591K, paused 2ms+3ms
07-01 20:11:20.653   145   200 D DhcpInfoInternal: makeLinkProperties with empty dns2!
07-01 20:11:20.653   145   200 D DhcpInfoInternal: makeLinkProperties with empty dns2!
07-01 20:11:21.188 13835 13837 D dalvikvm: GC_CONCURRENT freed 324K, 7% free 10816K/11591K, paused 2ms+2ms
07-01 20:11:22.243 13835 13837 D dalvikvm: GC_CONCURRENT freed 597K, 8% free 10719K/11591K, paused 2ms+3ms
07-01 20:11:23.513 13835 13837 D dalvikvm: GC_CONCURRENT freed 450K, 8% free 10753K/11591K, paused 2ms+4ms
07-01 20:11:24.477 13835 13837 D dalvikvm: GC_CONCURRENT freed 514K, 8% free 10732K/11591K, paused 20ms+2ms
07-01 20:11:25.677 13835 13837 D dalvikvm: GC_CONCURRENT freed 410K, 7% free 10803K/11591K, paused 2ms+2ms
07-01 20:11:26.743 13835 13837 D dalvikvm: GC_CONCURRENT freed 505K, 7% free 10844K/11591K, paused 3ms+2ms
07-01 20:11:29.099 13835 13934 D dalvikvm: GC_FOR_ALLOC freed 568K, 8% free 10701K/11591K, paused 25ms
07-01 20:11:30.934 13835 13837 D dalvikvm: GC_CONCURRENT freed 409K, 8% free 10735K/11591K, paused 3ms+2ms
07-01 20:11:32.509 13835 13837 D dalvikvm: GC_CONCURRENT freed 494K, 8% free 10747K/11591K, paused 2ms+4ms
07-01 20:11:33.860 13835 13837 D dalvikvm: GC_CONCURRENT freed 508K, 8% free 10714K/11591K, paused 16ms+2ms
07-01 20:11:35.571 13835 13837 D dalvikvm: GC_CONCURRENT freed 469K, 8% free 10739K/11591K, paused 3ms+3ms
07-01 20:11:36.642 13835 13837 D dalvikvm: GC_CONCURRENT freed 473K, 8% free 10722K/11591K, paused 2ms+3ms
07-01 20:11:37.716 13835 13837 D dalvikvm: GC_CONCURRENT freed 460K, 8% free 10707K/11591K, paused 3ms+2ms
07-01 20:11:39.212 13835 13934 D dalvikvm: GC_FOR_ALLOC freed 438K, 8% free 10678K/11591K, paused 74ms
07-01 20:11:39.809 13756 13758 D dalvikvm: GC_CONCURRENT freed 1099K, 9% free 13494K/14727K, paused 13ms+9ms
07-01 20:11:40.239 13835 13837 D dalvikvm: GC_CONCURRENT freed 404K, 7% free 10788K/11591K, paused 25ms+2ms
07-01 20:11:41.177 13835 13934 D dalvikvm: GC_FOR_ALLOC freed 407K, 7% free 10790K/11591K, paused 34ms
07-01 20:11:42.231 13835 13934 D dalvikvm: GC_FOR_ALLOC freed 404K, 7% free 10790K/11591K, paused 22ms
07-01 20:11:43.267 13835 13934 D dalvikvm: GC_FOR_ALLOC freed 404K, 7% free 10790K/11591K, paused 28ms
07-01 20:11:44.341 13835 13934 D dalvikvm: GC_FOR_ALLOC freed 400K, 8% free 10742K/11591K, paused 22ms
07-01 20:11:45.356 13835 13934 D dalvikvm: GC_FOR_ALLOC freed 399K, 8% free 10742K/11591K, paused 28ms
07-01 20:11:46.454 13835 13934 D dalvikvm: GC_FOR_ALLOC freed 402K, 8% free 10742K/11591K, paused 22ms
07-01 20:11:47.415 13835 13934 D dalvikvm: GC_FOR_ALLOC freed 399K, 8% free 10742K/11591K, paused 32ms
07-01 20:11:48.419 13835 13934 D dalvikvm: GC_FOR_ALLOC freed 399K, 8% free 10742K/11591K, paused 28ms
07-01 20:11:49.454 13835 13934 D dalvikvm: GC_FOR_ALLOC freed 399K, 8% free 10742K/11591K, paused 23ms
07-01 20:11:50.423 13835 13934 D dalvikvm: GC_FOR_ALLOC freed 399K, 8% free 10742K/11591K, paused 63ms
07-01 20:11:51.450 13835 13934 D dalvikvm: GC_FOR_ALLOC freed 399K, 8% free 10742K/11591K, paused 82ms
07-01 20:11:52.388 13835 13934 D dalvikvm: GC_FOR_ALLOC freed 399K, 8% free 10742K/11591K, paused 23ms
07-01 20:11:53.446 13835 13934 D dalvikvm: GC_FOR_ALLOC freed 399K, 8% free 10742K/11591K, paused 82ms
07-01 20:11:54.442 13835 13934 D dalvikvm: GC_FOR_ALLOC freed 402K, 8% free 10742K/11591K, paused 22ms
07-01 20:11:55.474 13835 13934 D dalvikvm: GC_FOR_ALLOC freed 399K, 8% free 10742K/11591K, paused 23ms
07-01 20:11:56.477 13835 13934 D dalvikvm: GC_FOR_ALLOC freed 399K, 8% free 10742K/11591K, paused 27ms
07-01 20:11:57.485 13835 13934 D dalvikvm: GC_FOR_ALLOC freed 399K, 8% free 10742K/11591K, paused 27ms
07-01 20:11:58.540 13835 13934 D dalvikvm: GC_FOR_ALLOC freed 404K, 8% free 10742K/11591K, paused 89ms
07-01 20:11:59.474 13835 13934 D dalvikvm: GC_FOR_ALLOC freed 404K, 8% free 10742K/11591K, paused 23ms
07-01 20:12:00.700 13835 13837 D dalvikvm: GC_CONCURRENT freed 459K, 8% free 10747K/11591K, paused 3ms+4ms
07-01 20:12:02.145 13835 13934 D dalvikvm: GC_FOR_ALLOC freed 475K, 8% free 10717K/11591K, paused 29ms
07-01 20:12:03.165 13835 13837 D dalvikvm: GC_CONCURRENT freed 404K, 7% free 10798K/11591K, paused 2ms+3ms
07-01 20:12:04.356 13835 13934 D dalvikvm: GC_FOR_ALLOC freed 552K, 8% free 10678K/11591K, paused 31ms
07-01 20:12:05.505 13835 13837 D dalvikvm: GC_CONCURRENT freed 403K, 8% free 10750K/11591K, paused 2ms+3ms
07-01 20:12:07.153 13835 13837 D dalvikvm: GC_CONCURRENT freed 481K, 8% free 10717K/11591K, paused 5ms+2ms
07-01 20:12:08.184 13835 13837 D dalvikvm: GC_CONCURRENT freed 417K, 7% free 10797K/11591K, paused 7ms+5ms
07-01 20:12:09.517 13835 13934 D dalvikvm: GC_FOR_ALLOC freed 537K, 8% free 10678K/11591K, paused 22ms
07-01 20:12:10.169 13835 13837 D dalvikvm: GC_CONCURRENT freed 336K, 7% free 10797K/11591K, paused 2ms+2ms
07-01 20:12:11.177 13835 13934 D dalvikvm: GC_FOR_ALLOC freed 329K, 7% free 10804K/11591K, paused 22ms
07-01 20:12:12.192 14063 14064 D dalvikvm: GC_CONCURRENT freed 513K, 7% free 10385K/11079K, paused 1ms+4ms
07-01 20:12:12.227 13756 13756 D OpenGLRenderer: Flushing caches (mode 1)
07-01 20:12:12.302 13835 13934 D dalvikvm: GC_FOR_ALLOC freed 404K, 8% free 10741K/11591K, paused 25ms
07-01 20:12:13.368 13835 13837 D dalvikvm: GC_CONCURRENT freed 488K, 8% free 10705K/11591K, paused 3ms+3ms
07-01 20:12:14.485 13835 13837 D dalvikvm: GC_CONCURRENT freed 463K, 8% free 10689K/11591K, paused 2ms+3ms
07-01 20:12:15.645 13835 13837 D dalvikvm: GC_CONCURRENT freed 350K, 7% free 10794K/11591K, paused 2ms+3ms
07-01 20:12:17.017 13835 13934 D dalvikvm: GC_FOR_ALLOC freed 405K, 8% free 10741K/11591K, paused 24ms
07-01 20:12:18.106 13835 13837 D dalvikvm: GC_CONCURRENT freed 484K, 7% free 10804K/11591K, paused 2ms+2ms
07-01 20:12:19.091 13835 13934 D dalvikvm: GC_FOR_ALLOC freed 405K, 8% free 10741K/11591K, paused 31ms
07-01 20:12:20.200 13835 13837 D dalvikvm: GC_CONCURRENT freed 407K, 7% free 10811K/11591K, paused 2ms+2ms
07-01 20:12:21.161 13756 13756 D OpenGLRenderer: Flushing caches (mode 1)
07-01 20:12:21.231 12856 12858 D dalvikvm: GC_CONCURRENT freed 403K, 9% free 10290K/11207K, paused 2ms+3ms
07-01 20:12:21.325   145   147 D dalvikvm: GC_CONCURRENT freed 1843K, 24% free 16525K/21639K, paused 7ms+16ms
07-01 20:12:21.442 13835 13934 D dalvikvm: GC_FOR_ALLOC freed 462K, 8% free 10724K/11591K, paused 31ms
07-01 20:12:22.532 13835 13837 D dalvikvm: GC_CONCURRENT freed 414K, 8% free 10768K/11591K, paused 49ms+4ms
07-01 20:12:23.544 13835 13934 D dalvikvm: GC_FOR_ALLOC freed 395K, 8% free 10770K/11591K, paused 46ms
07-01 20:12:23.825 13756 13756 D OpenGLRenderer: Flushing caches (mode 1)
07-01 20:12:23.985  3921  3923 D dalvikvm: GC_CONCURRENT freed 316K, 6% free 10369K/10951K, paused 10ms+8ms
07-01 20:12:24.645 13835 13837 D dalvikvm: GC_CONCURRENT freed 502K, 8% free 10753K/11591K, paused 6ms+3ms
07-01 20:12:25.782 13835 13837 D dalvikvm: GC_CONCURRENT freed 520K, 8% free 10705K/11591K, paused 2ms+2ms
07-01 20:12:26.927 13835 13837 D dalvikvm: GC_CONCURRENT freed 453K, 8% free 10689K/11591K, paused 3ms+2ms
07-01 20:12:28.056 13835 13837 D dalvikvm: GC_CONCURRENT freed 413K, 8% free 10711K/11591K, paused 2ms+2ms
07-01 20:12:29.274 13835 13837 D dalvikvm: GC_CONCURRENT freed 454K, 7% free 10792K/11591K, paused 3ms+3ms
07-01 20:12:30.868 13835 13837 D dalvikvm: GC_CONCURRENT freed 571K, 8% free 10684K/11591K, paused 7ms+3ms
07-01 20:12:31.548 13835 13837 D dalvikvm: GC_CONCURRENT freed 425K, 8% free 10690K/11591K, paused 12ms+3ms
07-01 20:12:33.059 13835 13837 D dalvikvm: GC_CONCURRENT freed 435K, 8% free 10701K/11591K, paused 21ms+2ms
07-01 20:12:34.181 13835 13837 D dalvikvm: GC_CONCURRENT freed 456K, 8% free 10726K/11591K, paused 3ms+2ms
07-01 20:12:35.235 13835 13837 D dalvikvm: GC_CONCURRENT freed 488K, 8% free 10679K/11591K, paused 2ms+3ms
07-01 20:12:36.235 13835 13837 D dalvikvm: GC_CONCURRENT freed 396K, 8% free 10727K/11591K, paused 2ms+3ms
07-01 20:12:37.669 13835 13837 D dalvikvm: GC_CONCURRENT freed 488K, 8% free 10741K/11591K, paused 2ms+2ms
07-01 20:12:38.809 13835 13837 D dalvikvm: GC_CONCURRENT freed 446K, 7% free 10800K/11591K, paused 2ms+13ms
07-01 20:12:41.352 13835 13934 D dalvikvm: GC_FOR_ALLOC freed 570K, 8% free 10694K/11591K, paused 82ms
07-01 20:12:42.181 13835 13837 D dalvikvm: GC_CONCURRENT freed 446K, 8% free 10759K/11591K, paused 2ms+3ms
07-01 20:12:43.642 13835 13837 D dalvikvm: GC_CONCURRENT freed 505K, 8% free 10721K/11591K, paused 17ms+5ms
07-01 20:12:44.591 13835 13837 D dalvikvm: GC_CONCURRENT freed 427K, 8% free 10764K/11591K, paused 2ms+3ms
07-01 20:12:45.614 13835 13837 D dalvikvm: GC_CONCURRENT freed 424K, 7% free 10807K/11591K, paused 2ms+2ms
07-01 20:12:46.583 13835 13934 D dalvikvm: GC_FOR_ALLOC freed 419K, 8% free 10764K/11591K, paused 23ms
07-01 20:12:47.735 13835 13934 D dalvikvm: GC_FOR_ALLOC freed 419K, 8% free 10765K/11591K, paused 22ms
07-01 20:12:48.587 13835 13934 D dalvikvm: GC_FOR_ALLOC freed 414K, 8% free 10764K/11591K, paused 26ms
07-01 20:12:49.696 13835 13837 D dalvikvm: GC_CONCURRENT freed 417K, 7% free 10807K/11591K, paused 25ms+2ms
07-01 20:12:50.048 14128 14141 I PhoneLab-: Service Running
07-01 20:12:50.149 14128 14141 I PhoneLab-LoggerService: app_37    1360  1     1436   996   c00f181c 400107b4 S logcat
07-01 20:12:50.149 14128 14141 I PhoneLab-LoggerService: Logcat pid from database 1360
07-01 20:12:50.149 14128 14141 I PhoneLab-LoggerService: Logcat process found 1360
07-01 20:12:50.149 14128 14141 I PhoneLab-LoggerService: Checking Threshold
07-01 20:12:50.149 14128 14141 I PhoneLab-LoggerService: Starting to rename files
07-01 20:12:50.149 14128 14141 I PhoneLab-LoggerService: Files found .. 2
07-01 20:12:50.790 13835 13934 D dalvikvm: GC_FOR_ALLOC freed 546K, 8% free 10688K/11591K, paused 30ms
07-01 20:12:51.868 13835 13837 D dalvikvm: GC_CONCURRENT freed 437K, 8% free 10718K/11591K, paused 2ms+12ms
07-01 20:12:52.997 13835 13837 D dalvikvm: GC_CONCURRENT freed 477K, 8% free 10683K/11591K, paused 2ms+3ms
07-01 20:12:54.079 13835 13837 D dalvikvm: GC_CONCURRENT freed 432K, 8% free 10774K/11591K, paused 14ms+3ms
07-01 20:12:55.056 13835 13837 D dalvikvm: GC_CONCURRENT freed 549K, 8% free 10685K/11591K, paused 3ms+3ms
07-01 20:12:56.360 13835 13837 D dalvikvm: GC_CONCURRENT freed 317K, 7% free 10804K/11591K, paused 13ms+2ms
07-01 20:12:57.337 13835 13934 D dalvikvm: GC_FOR_ALLOC freed 409K, 8% free 10768K/11591K, paused 65ms
07-01 20:12:58.411 13835 13934 D dalvikvm: GC_FOR_ALLOC freed 412K, 8% free 10759K/11591K, paused 28ms
07-01 20:12:59.727    81   129 W AudioTrack: stepServer() could not lock cblk
07-01 20:12:59.778 13835 13934 D dalvikvm: GC_FOR_ALLOC freed 405K, 8% free 10741K/11591K, paused 24ms
07-01 20:13:00.868 13835 13934 D dalvikvm: GC_FOR_ALLOC freed 408K, 8% free 10741K/11591K, paused 24ms
07-01 20:13:01.942 13835 13837 D dalvikvm: GC_CONCURRENT freed 425K, 7% free 10804K/11591K, paused 5ms+2ms
07-01 20:13:03.001 13835 13934 D dalvikvm: GC_FOR_ALLOC freed 411K, 7% free 10805K/11591K, paused 27ms
07-01 20:13:04.149 13835 13934 D dalvikvm: GC_FOR_ALLOC freed 503K, 8% free 10717K/11591K, paused 42ms
07-01 20:13:05.204 13835 13934 D dalvikvm: GC_FOR_ALLOC freed 340K, 7% free 10804K/11591K, paused 24ms
07-01 20:13:06.556 13835 13934 D dalvikvm: GC_FOR_ALLOC freed 400K, 8% free 10741K/11591K, paused 65ms
07-01 20:13:07.556 13835 13934 D dalvikvm: GC_FOR_ALLOC freed 407K, 8% free 10741K/11591K, paused 69ms
07-01 20:13:08.606 13835 13837 D dalvikvm: GC_CONCURRENT freed 442K, 8% free 10747K/11591K, paused 8ms+2ms
07-01 20:13:09.692   345   345 D SAN_SERVICE: *******************************************
07-01 20:13:09.692   345   345 D SAN_SERVICE: DM App Phone Service State - 0
07-01 20:13:09.692   345   345 D SAN_SERVICE: *******************************************
07-01 20:13:09.727 13835 13934 D dalvikvm: GC_FOR_ALLOC freed 379K, 7% free 10798K/11591K, paused 24ms
07-01 20:13:09.954   345   345 D SAN_SERVICE: *******************************************
07-01 20:13:09.954   345   345 D SAN_SERVICE: DM App Phone Service State - 0
07-01 20:13:09.954   345   345 D SAN_SERVICE: *******************************************
07-01 20:13:10.669   345   345 D SAN_SERVICE: *******************************************
07-01 20:13:10.669   345   345 D SAN_SERVICE: DM App Phone Service State - 0
07-01 20:13:10.669   345   345 D SAN_SERVICE: *******************************************
07-01 20:13:12.052 13835 13934 D dalvikvm: GC_FOR_ALLOC freed 549K, 8% free 10711K/11591K, paused 23ms
07-01 20:13:12.145 13756 13756 D OpenGLRenderer: Flushing caches (mode 1)
07-01 20:13:12.278 13246 13248 D dalvikvm: GC_CONCURRENT freed 501K, 7% free 10131K/10887K, paused 15ms+4ms
07-01 20:13:12.665 13835 13837 D dalvikvm: GC_CONCURRENT freed 448K, 8% free 10698K/11591K, paused 4ms+8ms
07-01 20:13:13.638 13835 13837 D dalvikvm: GC_CONCURRENT freed 444K, 8% free 10732K/11591K, paused 2ms+2ms
07-01 20:13:14.520 13835 13837 D dalvikvm: GC_CONCURRENT freed 470K, 8% free 10706K/11591K, paused 3ms+3ms
07-01 20:13:15.536 13835 13837 D dalvikvm: GC_CONCURRENT freed 460K, 8% free 10711K/11591K, paused 4ms+9ms
07-01 20:13:16.673 13835 13837 D dalvikvm: GC_CONCURRENT freed 464K, 8% free 10731K/11591K, paused 9ms+2ms
07-01 20:13:17.806 13835 13837 D dalvikvm: GC_CONCURRENT freed 485K, 8% free 10750K/11591K, paused 3ms+3ms
07-01 20:13:18.794 13835 13837 D dalvikvm: GC_CONCURRENT freed 429K, 7% free 10786K/11591K, paused 3ms+2ms
07-01 20:13:19.860 13835 13934 D dalvikvm: GC_FOR_ALLOC freed 383K, 7% free 10784K/11591K, paused 30ms
07-01 20:13:21.009 13835 13934 D dalvikvm: GC_FOR_ALLOC freed 431K, 8% free 10731K/11591K, paused 24ms
07-01 20:13:22.071 13835 13837 D dalvikvm: GC_CONCURRENT freed 481K, 8% free 10692K/11591K, paused 3ms+2ms
07-01 20:13:23.399 13835 13837 D dalvikvm: GC_CONCURRENT freed 422K, 7% free 10805K/11591K, paused 2ms+2ms
07-01 20:13:24.442 13835 13934 D dalvikvm: GC_FOR_ALLOC freed 424K, 8% free 10742K/11591K, paused 31ms
07-01 20:13:25.575 13835 13934 D dalvikvm: GC_FOR_ALLOC freed 432K, 8% free 10735K/11591K, paused 23ms
07-01 20:13:26.602 13835 13934 D dalvikvm: GC_FOR_ALLOC freed 393K, 8% free 10774K/11591K, paused 27ms
07-01 20:13:27.735 13835 13934 D dalvikvm: GC_FOR_ALLOC freed 405K, 8% free 10741K/11591K, paused 25ms
07-01 20:13:28.813 13835 13934 D dalvikvm: GC_FOR_ALLOC freed 407K, 8% free 10774K/11591K, paused 72ms
07-01 20:13:29.852 13835 13837 D dalvikvm: GC_CONCURRENT freed 555K, 8% free 10712K/11591K, paused 3ms+3ms
07-01 20:13:30.224   145   175 I ActivityManager: Start proc com.google.android.apps.plus for service com.google.android.apps.plus/.service.EsService: pid=14495 uid=10060 gids={3003, 3002, 1015, 1006}
07-01 20:13:30.727 14495 14496 D dalvikvm: GC_CONCURRENT freed 156K, 3% free 9379K/9607K, paused 12ms+5ms
07-01 20:13:30.942 14495 14495 I ActivityThread: Pub com.google.android.apps.plus.content.ApiProvider: com.google.android.apps.plus.content.EsApiProvider
07-01 20:13:31.009 14495 14495 I ActivityThread: Pub com.google.android.apps.plus.content.EsGooglePhotoProvider: com.google.android.picasasync.PicasaContentProvider
07-01 20:13:31.142 14495 14496 D dalvikvm: GC_CONCURRENT freed 335K, 5% free 9581K/9991K, paused 5ms+4ms
07-01 20:13:31.192 14495 14495 I ActivityThread: Pub com.google.android.apps.plus.content.EsPicasaStoreProvider: com.google.android.picasastore.PicasaPhotoContentProvider
07-01 20:13:31.208 14495 14495 I ActivityThread: Pub com.google.plus.platform: com.google.android.apps.plus.content.AdsProvider
07-01 20:13:31.208 14495 14495 I ActivityThread: Pub com.google.android.apps.plus.iu.EsGoogleIuProvider: com.google.android.apps.plus.iu.InstantUploadProvider
07-01 20:13:31.380 14495 14496 D dalvikvm: GC_CONCURRENT freed 500K, 6% free 9609K/10183K, paused 2ms+2ms
07-01 20:13:31.388 14495 14495 I ActivityThread: Pub com.google.android.apps.plus.content.EsProvider: com.google.android.apps.plus.content.EsProvider
07-01 20:13:31.501   145  1150 I ActivityManager: Start proc android.process.media for content provider com.android.providers.media/.MediaProvider: pid=14514 uid=10012 gids={1015, 1023, 1024, 2001, 3003, 3007}
07-01 20:13:31.610 14514 14514 I ActivityThread: Pub downloads: com.android.providers.downloads.DownloadProvider
07-01 20:13:31.669 14514 14514 I ActivityThread: Pub drm: com.android.providers.drm.DrmProvider
07-01 20:13:31.669 14514 14527 I DownloadManager: in removeSpuriousFiles
07-01 20:13:31.684 14514 14514 I ActivityThread: Pub media: com.android.providers.media.MediaProvider
07-01 20:13:31.770 14514 14527 I DownloadManager: in removeSpuriousFiles, preserving file /data/data/com.android.providers.downloads/cache/metadata.json
07-01 20:13:31.774 14514 14527 I DownloadManager: in removeSpuriousFiles, preserving file /data/data/com.android.providers.downloads/cache/en_general.htm
07-01 20:13:31.774 14514 14527 I DownloadManager: in removeSpuriousFiles, preserving file /mnt/sdcard/Download/img-thing.jpeg
07-01 20:13:31.774 14514 14527 I DownloadManager: in removeSpuriousFiles, preserving file /data/data/com.android.providers.downloads/cache/metadata-1.json
07-01 20:13:31.774 14514 14527 I DownloadManager: in removeSpuriousFiles, preserving file /data/data/com.android.providers.downloads/cache/downloadfile.jpeg
07-01 20:13:31.774 14514 14527 I DownloadManager: in removeSpuriousFiles, preserving file /data/data/com.android.providers.downloads/cache/metadata-2.json
07-01 20:13:31.774 14514 14527 I DownloadManager: in removeSpuriousFiles, preserving file /data/data/com.android.providers.downloads/cache/metadata-3.json
07-01 20:13:31.786 14514 14527 I DownloadManager: deleting spurious file /cache/backup
07-01 20:13:32.102 14514 14517 D dalvikvm: GC_CONCURRENT freed 369K, 5% free 9165K/9607K, paused 7ms+5ms
07-01 20:13:32.571 14495 14510 D PicasaPhotoCP: set fsid first time:-1
07-01 20:13:32.602 14495 14496 D dalvikvm: GC_CONCURRENT freed 242K, 4% free 9924K/10247K, paused 5ms+3ms
07-01 20:13:32.634 13835 13837 D dalvikvm: GC_CONCURRENT freed 322K, 7% free 10871K/11591K, paused 3ms+2ms
07-01 20:13:32.790 14495 14496 D dalvikvm: GC_CONCURRENT freed 172K, 3% free 10306K/10567K, paused 11ms+3ms
07-01 20:13:32.903 14495 14496 D dalvikvm: GC_CONCURRENT freed 318K, 5% free 10456K/10951K, paused 3ms+2ms
07-01 20:13:32.927 14495 14513 D dalvikvm: GC_FOR_ALLOC freed 0K, 5% free 10456K/10951K, paused 22ms
07-01 20:13:32.927 14495 14513 I dalvikvm-heap: Grow heap (frag case) to 10.528MB for 260112-byte allocation
07-01 20:13:32.970 14495 14513 D dalvikvm: GC_FOR_ALLOC freed 126K, 6% free 10584K/11207K, paused 21ms
07-01 20:13:33.001 14495 14513 D dalvikvm: GC_FOR_ALLOC freed 311K, 6% free 10577K/11207K, paused 23ms
07-01 20:13:33.028 14495 14513 D dalvikvm: GC_FOR_ALLOC freed 62K, 6% free 10641K/11207K, paused 22ms
07-01 20:13:33.028 14495 14513 I dalvikvm-heap: Grow heap (frag case) to 10.708MB for 260112-byte allocation
07-01 20:13:33.052 14495 14513 D dalvikvm: GC_FOR_ALLOC freed 126K, 7% free 10769K/11463K, paused 21ms
07-01 20:13:33.079 14495 14513 D dalvikvm: GC_FOR_ALLOC freed 307K, 7% free 10760K/11463K, paused 22ms
07-01 20:13:33.114 14495 14513 D dalvikvm: GC_FOR_ALLOC freed 62K, 6% free 10824K/11463K, paused 30ms
07-01 20:13:33.114 14495 14513 I dalvikvm-heap: Grow heap (frag case) to 10.887MB for 260112-byte allocation
07-01 20:13:33.145 14495 14513 D dalvikvm: GC_FOR_ALLOC freed 126K, 7% free 10952K/11719K, paused 28ms
07-01 20:13:33.392 14495 14496 D dalvikvm: GC_CONCURRENT freed 353K, 5% free 11242K/11719K, paused 2ms+7ms
07-01 20:13:33.556 13835 13934 D dalvikvm: GC_FOR_ALLOC freed 390K, 8% free 10742K/11591K, paused 23ms
07-01 20:13:33.642 14495 14496 D dalvikvm: GC_CONCURRENT freed 159K, 3% free 11859K/12103K, paused 18ms+4ms
07-01 20:13:33.884 14495 14496 D dalvikvm: GC_CONCURRENT freed 590K, 6% free 12273K/12935K, paused 2ms+3ms
07-01 20:13:34.188 14495 14496 D dalvikvm: GC_CONCURRENT freed 269K, 3% free 13106K/13447K, paused 2ms+3ms
07-01 20:13:34.333 14495 14513 I SqliteDatabaseCpp: sqlite returned: error code = 1, msg = no such column: wipeout_stats, db=/data/data/com.google.android.apps.plus/databases/es0.db
07-01 20:13:34.333 14495 14513 W System.err: android.database.sqlite.SQLiteException: no such column: wipeout_stats: , while compiling: SELECT wipeout_stats  FROM account_status
07-01 20:13:34.341 14495 14513 W System.err: 	at android.database.sqlite.SQLiteCompiledSql.native_compile(Native Method)
07-01 20:13:34.341 14495 14513 W System.err: 	at android.database.sqlite.SQLiteCompiledSql.<init>(SQLiteCompiledSql.java:68)
07-01 20:13:34.341 14495 14513 W System.err: 	at android.database.sqlite.SQLiteProgram.compileSql(SQLiteProgram.java:143)
07-01 20:13:34.341 14495 14513 W System.err: 	at android.database.sqlite.SQLiteProgram.compileAndbindAllArgs(SQLiteProgram.java:361)
07-01 20:13:34.341 14495 14513 W System.err: 	at android.database.sqlite.SQLiteStatement.acquireAndLock(SQLiteStatement.java:260)
07-01 20:13:34.341 14495 14513 W System.err: 	at android.database.sqlite.SQLiteStatement.simpleQueryForLong(SQLiteStatement.java:137)
07-01 20:13:34.345 14495 14513 W System.err: 	at android.database.DatabaseUtils.longForQuery(DatabaseUtils.java:791)
07-01 20:13:34.345 14495 14513 W System.err: 	at android.database.DatabaseUtils.longForQuery(DatabaseUtils.java:779)
07-01 20:13:34.345 14495 14513 W System.err: 	at com.google.android.apps.plus.content.EsAccountsData.isContactsStatsWipeoutNeeded(EsAccountsData.java:641)
07-01 20:13:34.345 14495 14513 W System.err: 	at com.google.android.apps.plus.service.EsService.processIntent(EsService.java:4246)
07-01 20:13:34.345 14495 14513 W System.err: 	at com.google.android.apps.plus.service.ServiceThread$1.run(ServiceThread.java:50)
07-01 20:13:34.345 14495 14513 W System.err: 	at android.os.Handler.handleCallback(Handler.java:605)
07-01 20:13:34.372 14495 14513 W System.err: 	at android.os.Handler.dispatchMessage(Handler.java:92)
07-01 20:13:34.372 14495 14513 W System.err: 	at android.os.Looper.loop(Looper.java:137)
07-01 20:13:34.372 14495 14513 W System.err: 	at com.google.android.apps.plus.service.ServiceThread.run(ServiceThread.java:122)
07-01 20:13:34.571 13835 13934 D dalvikvm: GC_FOR_ALLOC freed 394K, 8% free 10742K/11591K, paused 42ms
07-01 20:13:35.614 13835 13934 D dalvikvm: GC_FOR_ALLOC freed 394K, 8% free 10742K/11591K, paused 79ms
07-01 20:13:36.751 13835 13934 D dalvikvm: GC_FOR_ALLOC freed 397K, 8% free 10742K/11591K, paused 26ms
07-01 20:13:37.571 13835 13934 D dalvikvm: GC_FOR_ALLOC freed 394K, 8% free 10742K/11591K, paused 34ms
07-01 20:13:37.856 14495 14496 D dalvikvm: GC_CONCURRENT freed 1437K, 11% free 12989K/14535K, paused 2ms+3ms
07-01 20:13:38.567 13835 13934 D dalvikvm: GC_FOR_ALLOC freed 394K, 8% free 10742K/11591K, paused 32ms
07-01 20:13:39.645 13835 13934 D dalvikvm: GC_FOR_ALLOC freed 394K, 8% free 10742K/11591K, paused 23ms
07-01 20:13:39.669 14495 14535 E dalvikvm: Could not find class 'android.app.Notification$InboxStyle', referenced from method com.google.android.apps.plus.service.AndroidNotification.createDigestNotification
07-01 20:13:39.669 14495 14535 W dalvikvm: VFY: unable to resolve new-instance 41 (Landroid/app/Notification$InboxStyle;) in Lcom/google/android/apps/plus/service/AndroidNotification;
07-01 20:13:39.669 14495 14535 D dalvikvm: VFY: replacing opcode 0x22 at 0x0018
07-01 20:13:39.673 14495 14535 I dalvikvm: Could not find method android.app.Notification$Builder.setPriority, referenced from method com.google.android.apps.plus.service.AndroidNotification.createRichNotification
07-01 20:13:39.673 14495 14535 W dalvikvm: VFY: unable to resolve virtual method 162: Landroid/app/Notification$Builder;.setPriority (I)Landroid/app/Notification$Builder;
07-01 20:13:39.673 14495 14535 D dalvikvm: VFY: replacing opcode 0x6e at 0x00d5
07-01 20:13:39.700 14495 14535 D dalvikvm: DexOpt: unable to opt direct call 0x00a8 at 0x1a in Lcom/google/android/apps/plus/service/AndroidNotification;.createDigestNotification
07-01 20:13:39.700 14495 14535 D dalvikvm: DexOpt: unable to opt direct call 0x0091 at 0xf1 in Lcom/google/android/apps/plus/service/AndroidNotification;.createRichNotification
07-01 20:13:39.700 14495 14535 D dalvikvm: DexOpt: unable to opt direct call 0x0095 at 0x397 in Lcom/google/android/apps/plus/service/AndroidNotification;.createRichNotification
07-01 20:13:40.677 13835 13934 D dalvikvm: GC_FOR_ALLOC freed 394K, 8% free 10742K/11591K, paused 24ms
07-01 20:13:40.708   345   345 D SAN_SERVICE: *******************************************
07-01 20:13:40.708   345   345 D SAN_SERVICE: DM App Phone Service State - 0
07-01 20:13:40.708   345   345 D SAN_SERVICE: *******************************************
07-01 20:13:41.767 13835 13934 D dalvikvm: GC_FOR_ALLOC freed 394K, 8% free 10742K/11591K, paused 131ms
07-01 20:13:42.681 13835 13934 D dalvikvm: GC_FOR_ALLOC freed 394K, 8% free 10742K/11591K, paused 29ms
07-01 20:13:43.724 13835 13934 D dalvikvm: GC_FOR_ALLOC freed 394K, 8% free 10742K/11591K, paused 86ms
07-01 20:13:43.981 14495 14496 D dalvikvm: GC_CONCURRENT freed 1217K, 11% free 12986K/14535K, paused 15ms+3ms
07-01 20:13:44.700 13835 13934 D dalvikvm: GC_FOR_ALLOC freed 397K, 8% free 10742K/11591K, paused 65ms
07-01 20:13:45.474 14495 14496 D dalvikvm: GC_CONCURRENT freed 1029K, 10% free 13151K/14535K, paused 2ms+2ms
07-01 20:13:45.513   145   200 D DhcpInfoInternal: makeLinkProperties with empty dns2!
07-01 20:13:45.513   145   200 D DhcpInfoInternal: makeLinkProperties with empty dns2!
07-01 20:13:45.751 13835 13837 D dalvikvm: GC_CONCURRENT freed 512K, 8% free 10697K/11591K, paused 3ms+3ms
07-01 20:13:46.821 13835 13934 D dalvikvm: GC_FOR_ALLOC freed 314K, 7% free 10807K/11591K, paused 25ms
07-01 20:13:46.997   145  9966 I ActivityManager: Process com.xabber.androiddev (pid 13617) has died.
07-01 20:13:46.997   145  9966 W ActivityManager: Scheduling restart of crashed service com.xabber.androiddev/com.xabber.android.service.XMPPService in 5000ms
07-01 20:13:47.017 13756 13756 D OpenGLRenderer: Flushing caches (mode 2)
07-01 20:13:47.052 13756 13756 W ManagedEGLContext: doTerminate failed: EGL count is 2 but managed count is 1
07-01 20:13:47.052 13756 13756 D OpenGLRenderer: Flushing caches (mode 2)
07-01 20:13:47.052 13756 13756 W ManagedEGLContext: doTerminate failed: EGL count is 2 but managed count is 1
07-01 20:13:47.075 13756 13756 D OpenGLRenderer: Flushing caches (mode 2)
07-01 20:13:47.075 13756 13756 W ManagedEGLContext: doTerminate failed: EGL count is 2 but managed count is 1
07-01 20:13:47.587 14495 14496 D dalvikvm: GC_CONCURRENT freed 1094K, 9% free 13336K/14535K, paused 14ms+3ms
07-01 20:13:47.989 13835 13934 D dalvikvm: GC_FOR_ALLOC freed 390K, 8% free 10735K/11591K, paused 33ms
07-01 20:13:48.122 14495 14535 D dalvikvm: GC_FOR_ALLOC freed 43K, 8% free 13623K/14663K, paused 41ms
07-01 20:13:48.181 14495 14535 D dalvikvm: GC_FOR_ALLOC freed 339K, 10% free 13623K/15047K, paused 45ms
07-01 20:13:48.181 14495 14535 I dalvikvm-heap: Grow heap (frag case) to 13.700MB for 342098-byte allocation
07-01 20:13:48.231 14495 14540 D dalvikvm: GC_FOR_ALLOC freed 0K, 10% free 13958K/15431K, paused 41ms
07-01 20:13:49.013 13835 13934 D dalvikvm: GC_FOR_ALLOC freed 398K, 8% free 10725K/11591K, paused 26ms
07-01 20:13:50.130 13835 13837 D dalvikvm: GC_CONCURRENT freed 491K, 8% free 10687K/11591K, paused 2ms+2ms
07-01 20:13:50.618   345   345 D SAN_SERVICE: *******************************************
07-01 20:13:50.618   345   345 D SAN_SERVICE: DM App Phone Service State - 0
07-01 20:13:50.618   345   345 D SAN_SERVICE: *******************************************
07-01 20:13:50.626 13756 13756 D OpenGLRenderer: Flushing caches (mode 2)
07-01 20:13:50.626 13756 13756 W ManagedEGLContext: doTerminate failed: EGL count is 2 but managed count is 1
07-01 20:13:50.782 13835 13837 D dalvikvm: GC_CONCURRENT freed 438K, 8% free 10683K/11591K, paused 2ms+5ms
07-01 20:13:50.895   145  4009 D dalvikvm: GC_EXPLICIT freed 577K, 24% free 16539K/21639K, paused 3ms+7ms
07-01 20:13:51.083 13756 13756 D OpenGLRenderer: Flushing caches (mode 2)
07-01 20:13:51.083 13756 13756 W ManagedEGLContext: doTerminate failed: EGL count is 2 but managed count is 1
07-01 20:13:51.118   345   345 D SAN_SERVICE: *******************************************
07-01 20:13:51.118   345   345 D SAN_SERVICE: DM App Phone Service State - 0
07-01 20:13:51.118   345   345 D SAN_SERVICE: *******************************************
07-01 20:13:51.431 13756 13756 D OpenGLRenderer: Flushing caches (mode 2)
07-01 20:13:51.431 13756 13756 W ManagedEGLContext: doTerminate failed: EGL count is 2 but managed count is 1
07-01 20:13:51.513 13756 13756 D OpenGLRenderer: Flushing caches (mode 2)
07-01 20:13:51.513 13756 13756 W ManagedEGLContext: doTerminate failed: EGL count is 2 but managed count is 1
07-01 20:13:51.739 14495 14496 D dalvikvm: GC_CONCURRENT freed 1087K, 8% free 14408K/15623K, paused 2ms+8ms
07-01 20:13:51.927 13835 13837 D dalvikvm: GC_CONCURRENT freed 360K, 8% free 10757K/11591K, paused 3ms+2ms
07-01 20:13:52.024 14562 14562 D dalvikvm: Late-enabling CheckJNI
07-01 20:13:52.028   145   162 I ActivityManager: Start proc com.xabber.androiddev for service com.xabber.androiddev/com.xabber.android.service.XMPPService: pid=14562 uid=10063 gids={3003, 1015}
07-01 20:13:52.114 14562 14562 I dalvikvm: Turning on JNI app bug workarounds for target SDK version 9...
07-01 20:13:52.552 14562 14564 D dalvikvm: GC_CONCURRENT freed 223K, 4% free 9313K/9607K, paused 14ms+8ms
07-01 20:13:52.583 14562 14562 D dalvikvm: GC_FOR_ALLOC freed 291K, 6% free 9427K/9927K, paused 15ms
07-01 20:13:52.720 14562 14564 D dalvikvm: GC_CONCURRENT freed 192K, 3% free 9774K/10055K, paused 2ms+2ms
07-01 20:13:52.845 14562 14564 D dalvikvm: GC_CONCURRENT freed 340K, 4% free 9964K/10375K, paused 1ms+2ms
07-01 20:13:52.974 14562 14562 I com.xabber.android.service.XMPPService@4137dc00: onCreate
07-01 20:13:52.974 14562 14562 I com.xabber.android.data.Application@4136d718: onStart
07-01 20:13:52.997 14562 14576 I com.xabber.android.data.LogManager@41370378: onLoad
07-01 20:13:53.450 14562 14564 D dalvikvm: GC_CONCURRENT freed 253K, 4% free 10118K/10503K, paused 1ms+3ms
07-01 20:13:53.977 13756 13756 D OpenGLRenderer: Flushing caches (mode 2)
07-01 20:13:53.977 13756 13756 W ManagedEGLContext: doTerminate failed: EGL count is 2 but managed count is 1
07-01 20:13:54.001 13835 13837 D dalvikvm: GC_CONCURRENT freed 511K, 8% free 10697K/11591K, paused 4ms+3ms
07-01 20:13:54.188 13756 13756 D OpenGLRenderer: Flushing caches (mode 2)
07-01 20:13:54.192 13756 13756 W ManagedEGLContext: doTerminate failed: EGL count is 2 but managed count is 1
07-01 20:13:54.352 13756 13756 D OpenGLRenderer: Flushing caches (mode 2)
07-01 20:13:54.352 13756 13756 W ManagedEGLContext: doTerminate failed: EGL count is 2 but managed count is 1
07-01 20:13:54.731 13835 13837 D dalvikvm: GC_CONCURRENT freed 447K, 8% free 10705K/11591K, paused 3ms+3ms
07-01 20:13:55.454 13835 13837 D dalvikvm: GC_CONCURRENT freed 448K, 8% free 10691K/11591K, paused 2ms+3ms
07-01 20:13:56.376   145  1150 I ActivityManager: Process com.android.sprintmenu (pid 13652) has died.
07-01 20:13:56.376   145  1150 W ActivityManager: Scheduling restart of crashed service com.android.sprintmenu/.HiddenPhoneService in 5000ms
07-01 20:13:56.442 13835 13837 D dalvikvm: GC_CONCURRENT freed 447K, 8% free 10711K/11591K, paused 3ms+3ms
07-01 20:13:56.634 14495 14496 D dalvikvm: GC_CONCURRENT freed 1691K, 12% free 14439K/16263K, paused 8ms+4ms
07-01 20:13:57.017 13756 13756 D OpenGLRenderer: Flushing caches (mode 2)
07-01 20:13:57.017 13756 13756 W ManagedEGLContext: doTerminate failed: EGL count is 2 but managed count is 1
07-01 20:13:57.427 13835 13837 D dalvikvm: GC_CONCURRENT freed 460K, 8% free 10709K/11591K, paused 2ms+3ms
07-01 20:13:58.368 13835 13837 D dalvikvm: GC_CONCURRENT freed 454K, 8% free 10702K/11591K, paused 4ms+3ms
07-01 20:13:58.477 14562 14564 D dalvikvm: GC_CONCURRENT freed 277K, 4% free 10298K/10695K, paused 2ms+4ms
07-01 20:13:59.524   306   306 I wpa_supplicant: wlan0: WPA: Group rekeying completed with 94:44:52:17:be:7d [GTK=CCMP]
07-01 20:13:59.528 13835 13837 D dalvikvm: GC_CONCURRENT freed 359K, 7% free 10835K/11591K, paused 3ms+3ms
07-01 20:13:59.903 13971 13988 D dalvikvm: GC_EXPLICIT freed 420K, 5% free 9748K/10247K, paused 3ms+5ms
07-01 20:14:00.329 14495 14535 I SqliteDatabaseCpp: sqlite returned: error code = 1, msg = no such column: last_stats_sync_time, db=/data/data/com.google.android.apps.plus/databases/es0.db
07-01 20:14:00.384 14495 14535 E EsSyncAdapterService: Sync failure
07-01 20:14:00.384 14495 14535 E EsSyncAdapterService: android.database.sqlite.SQLiteException: no such column: last_stats_sync_time: , while compiling: SELECT last_stats_sync_time  FROM account_status
07-01 20:14:00.384 14495 14535 E EsSyncAdapterService: 	at android.database.sqlite.SQLiteCompiledSql.native_compile(Native Method)
07-01 20:14:00.384 14495 14535 E EsSyncAdapterService: 	at android.database.sqlite.SQLiteCompiledSql.<init>(SQLiteCompiledSql.java:68)
07-01 20:14:00.384 14495 14535 E EsSyncAdapterService: 	at android.database.sqlite.SQLiteProgram.compileSql(SQLiteProgram.java:143)
07-01 20:14:00.384 14495 14535 E EsSyncAdapterService: 	at android.database.sqlite.SQLiteProgram.compileAndbindAllArgs(SQLiteProgram.java:361)
07-01 20:14:00.384 14495 14535 E EsSyncAdapterService: 	at android.database.sqlite.SQLiteStatement.acquireAndLock(SQLiteStatement.java:260)
07-01 20:14:00.384 14495 14535 E EsSyncAdapterService: 	at android.database.sqlite.SQLiteStatement.simpleQueryForLong(SQLiteStatement.java:137)
07-01 20:14:00.384 14495 14535 E EsSyncAdapterService: 	at android.database.DatabaseUtils.longForQuery(DatabaseUtils.java:791)
07-01 20:14:00.384 14495 14535 E EsSyncAdapterService: 	at android.database.DatabaseUtils.longForQuery(DatabaseUtils.java:779)
07-01 20:14:00.384 14495 14535 E EsSyncAdapterService: 	at com.google.android.apps.plus.content.EsAccountsData.queryLastStatsSyncTimestamp(EsAccountsData.java:570)
07-01 20:14:00.384 14495 14535 E EsSyncAdapterService: 	at com.google.android.apps.plus.service.EsSyncAdapterService.syncContactsStatsIfNecessary(EsSyncAdapterService.java:670)
07-01 20:14:00.384 14495 14535 E EsSyncAdapterService: 	at com.google.android.apps.plus.service.EsSyncAdapterService.doFullSync(EsSyncAdapterService.java:633)
07-01 20:14:00.384 14495 14535 E EsSyncAdapterService: 	at com.google.android.apps.plus.service.EsSyncAdapterService.doSync(EsSyncAdapterService.java:566)
07-01 20:14:00.384 14495 14535 E EsSyncAdapterService: 	at com.google.android.apps.plus.service.EsSyncAdapterService.access$100(EsSyncAdapterService.java:52)
07-01 20:14:00.384 14495 14535 E EsSyncAdapterService: 	at com.google.android.apps.plus.service.EsSyncAdapterService$SyncAdapterImpl.onPerformSync(EsSyncAdapterService.java:408)
07-01 20:14:00.384 14495 14535 E EsSyncAdapterService: 	at android.content.AbstractThreadedSyncAdapter$SyncThread.run(AbstractThreadedSyncAdapter.java:247)
07-01 20:14:00.462   145   169 D SyncManager: failed sync operation lokeshmandvekar@gmail.com (com.google), com.google.android.apps.plus.content.EsProvider, SERVER, earliestRunTime 79204213, SyncResult: stats [ numParseExceptions: 1]
07-01 20:14:00.501 13835 13934 D dalvikvm: GC_FOR_ALLOC freed 434K, 7% free 10783K/11591K, paused 29ms
07-01 20:14:00.505   145   169 D SyncManager: not retrying sync operation because the error is a hard error: lokeshmandvekar@gmail.com (com.google), com.google.android.apps.plus.content.EsProvider, SERVER, earliestRunTime 79230388
07-01 20:14:01.411   145   162 I ActivityManager: Start proc com.android.sprintmenu for service com.android.sprintmenu/.HiddenPhoneService: pid=14581 uid=1001 gids={3002, 3001, 3003, 1015}
07-01 20:14:01.681 13835 13934 D dalvikvm: GC_FOR_ALLOC freed 533K, 8% free 10694K/11591K, paused 33ms
07-01 20:14:02.782 13835 13837 D dalvikvm: GC_CONCURRENT freed 436K, 8% free 10728K/11591K, paused 35ms+3ms
07-01 20:14:03.704 13835 13837 D dalvikvm: GC_CONCURRENT freed 464K, 8% free 10728K/11591K, paused 2ms+2ms
07-01 20:14:04.860 13835 13837 D dalvikvm: GC_CONCURRENT freed 484K, 8% free 10754K/11591K, paused 3ms+3ms
07-01 20:14:05.274 14495 14496 D dalvikvm: GC_CONCURRENT freed 2876K, 19% free 13253K/16263K, paused 13ms+3ms
07-01 20:14:05.845 14495 14540 D dalvikvm: GC_EXPLICIT freed 639K, 19% free 13198K/16263K, paused 7ms+3ms
07-01 20:14:06.157 13756 13756 D OpenGLRenderer: Flushing caches (mode 2)
07-01 20:14:06.157 13756 13756 W ManagedEGLContext: doTerminate failed: EGL count is 2 but managed count is 1
07-01 20:14:06.243 13756 13756 D OpenGLRenderer: Flushing caches (mode 2)
07-01 20:14:06.243 13756 13756 W ManagedEGLContext: doTerminate failed: EGL count is 2 but managed count is 1
07-01 20:14:06.981 13835 13837 D dalvikvm: GC_CONCURRENT freed 499K, 8% free 10723K/11591K, paused 2ms+3ms
07-01 20:14:07.302 13971 13972 D dalvikvm: GC_CONCURRENT freed 399K, 6% free 9776K/10311K, paused 4ms+25ms
07-01 20:14:07.974 13835 13837 D dalvikvm: GC_CONCURRENT freed 453K, 8% free 10712K/11591K, paused 6ms+2ms
07-01 20:14:08.130 14363 14364 D dalvikvm: GC_CONCURRENT freed 288K, 5% free 9994K/10503K, paused 27ms+8ms
07-01 20:14:08.845 13835 13837 D dalvikvm: GC_CONCURRENT freed 475K, 8% free 10680K/11591K, paused 2ms+3ms
07-01 20:14:09.860 13835 13837 D dalvikvm: GC_CONCURRENT freed 356K, 8% free 10752K/11591K, paused 3ms+3ms
07-01 20:14:11.005 13835 13837 D dalvikvm: GC_CONCURRENT freed 450K, 8% free 10752K/11591K, paused 120ms+3ms
07-01 20:14:12.075 13835 13837 D dalvikvm: GC_CONCURRENT freed 503K, 8% free 10705K/11591K, paused 2ms+3ms
07-01 20:14:12.282 14063 14064 D dalvikvm: GC_CONCURRENT freed 513K, 7% free 10384K/11079K, paused 2ms+2ms
07-01 20:14:12.364 13756 13756 D OpenGLRenderer: Flushing caches (mode 2)
07-01 20:14:12.364 13756 13756 W ManagedEGLContext: doTerminate failed: EGL count is 2 but managed count is 1
07-01 20:14:13.079 13835 13837 D dalvikvm: GC_CONCURRENT freed 436K, 8% free 10760K/11591K, paused 2ms+6ms
07-01 20:14:14.239 13835 13837 D dalvikvm: GC_CONCURRENT freed 529K, 8% free 10713K/11591K, paused 12ms+3ms
07-01 20:14:15.481 13835 13837 D dalvikvm: GC_CONCURRENT freed 467K, 8% free 10717K/11591K, paused 2ms+2ms
07-01 20:14:17.028 13835 13837 D dalvikvm: GC_CONCURRENT freed 458K, 8% free 10730K/11591K, paused 65ms+2ms
07-01 20:14:18.005 13835 13837 D dalvikvm: GC_CONCURRENT freed 472K, 7% free 10784K/11591K, paused 2ms+3ms
07-01 20:14:18.989 13835 13837 D dalvikvm: GC_CONCURRENT freed 535K, 7% free 10784K/11591K, paused 3ms+9ms
07-01 20:14:19.966 13835 13934 D dalvikvm: GC_FOR_ALLOC freed 412K, 8% free 10730K/11591K, paused 42ms
07-01 20:14:21.110 13835 13837 D dalvikvm: GC_CONCURRENT freed 378K, 7% free 10801K/11591K, paused 2ms+2ms
07-01 20:14:22.493 13835 13934 D dalvikvm: GC_FOR_ALLOC freed 420K, 8% free 10741K/11591K, paused 23ms
07-01 20:14:22.579   145   348 I ActivityManager: Process com.chess (pid 13756) has died.
07-01 20:14:23.317   145 22722 D dalvikvm: GC_EXPLICIT freed 439K, 24% free 16544K/21639K, paused 4ms+10ms
07-01 20:14:23.501 13835 13934 D dalvikvm: GC_FOR_ALLOC freed 409K, 8% free 10741K/11591K, paused 29ms
07-01 20:14:23.567 14363 14364 D dalvikvm: GC_CONCURRENT freed 429K, 6% free 10011K/10567K, paused 29ms+8ms
07-01 20:14:24.681 13835 13837 D dalvikvm: GC_CONCURRENT freed 449K, 8% free 10741K/11591K, paused 2ms+3ms
07-01 20:14:25.806 13835 13837 D dalvikvm: GC_CONCURRENT freed 485K, 8% free 10739K/11591K, paused 3ms+3ms
07-01 20:14:27.036 13835 13837 D dalvikvm: GC_CONCURRENT freed 419K, 7% free 10800K/11591K, paused 61ms+2ms
07-01 20:14:28.177 13835 13934 D dalvikvm: GC_FOR_ALLOC freed 341K, 7% free 10805K/11591K, paused 38ms
07-01 20:14:29.204 13835 13934 D dalvikvm: GC_FOR_ALLOC freed 405K, 8% free 10741K/11591K, paused 26ms
07-01 20:14:30.220 13835 13837 D dalvikvm: GC_CONCURRENT freed 413K, 7% free 10805K/11591K, paused 3ms+7ms
07-01 20:14:31.235 13835 13934 D dalvikvm: GC_FOR_ALLOC freed 421K, 7% free 10805K/11591K, paused 23ms
07-01 20:14:32.466 13835 13934 D dalvikvm: GC_FOR_ALLOC freed 401K, 8% free 10741K/11591K, paused 22ms
07-01 20:14:33.599 13835 13837 D dalvikvm: GC_CONCURRENT freed 491K, 8% free 10708K/11591K, paused 17ms+2ms
07-01 20:14:34.642 13835 13837 D dalvikvm: GC_CONCURRENT freed 340K, 7% free 10841K/11591K, paused 2ms+2ms
07-01 20:14:35.720 13835 13934 D dalvikvm: GC_FOR_ALLOC freed 492K, 8% free 10715K/11591K, paused 22ms
07-01 20:14:36.852 13835 13837 D dalvikvm: GC_CONCURRENT freed 464K, 8% free 10694K/11591K, paused 4ms+3ms
07-01 20:14:38.024 13835 13837 D dalvikvm: GC_CONCURRENT freed 320K, 7% free 10868K/11591K, paused 2ms+2ms
07-01 20:14:39.118 13835 13934 D dalvikvm: GC_FOR_ALLOC freed 401K, 8% free 10741K/11591K, paused 23ms
07-01 20:14:40.290 13835 13837 D dalvikvm: GC_CONCURRENT freed 407K, 7% free 10804K/11591K, paused 3ms+2ms
07-01 20:14:41.329 13835 13934 D dalvikvm: GC_FOR_ALLOC freed 502K, 8% free 10710K/11591K, paused 43ms
07-01 20:14:42.509 13835 13837 D dalvikvm: GC_CONCURRENT freed 438K, 8% free 10730K/11591K, paused 2ms+3ms
07-01 20:14:43.665 13835 13934 D dalvikvm: GC_FOR_ALLOC freed 294K, 7% free 10804K/11591K, paused 23ms
07-01 20:14:44.770 13835 13934 D dalvikvm: GC_FOR_ALLOC freed 543K, 8% free 10700K/11591K, paused 23ms
07-01 20:14:45.919 13835 13837 D dalvikvm: GC_CONCURRENT freed 284K, 7% free 10867K/11591K, paused 2ms+3ms
07-01 20:14:47.040 13835 13934 D dalvikvm: GC_FOR_ALLOC freed 415K, 8% free 10741K/11591K, paused 22ms
07-01 20:14:48.122 13835 13837 D dalvikvm: GC_CONCURRENT freed 442K, 8% free 10752K/11591K, paused 6ms+2ms
07-01 20:14:49.552 13835 13837 D dalvikvm: GC_CONCURRENT freed 475K, 8% free 10743K/11591K, paused 2ms+2ms
07-01 20:14:50.118 14128 14141 I PhoneLab-: Service Running
07-01 20:14:50.212 14128 14141 I PhoneLab-LoggerService: app_37    1360  1     1436   996   c00f181c 400107b4 S logcat
07-01 20:14:50.212 14128 14141 I PhoneLab-LoggerService: Logcat pid from database 1360
07-01 20:14:50.212 14128 14141 I PhoneLab-LoggerService: Logcat process found 1360
07-01 20:14:50.212 14128 14141 I PhoneLab-LoggerService: Checking Threshold
07-01 20:14:50.216 14128 14141 I PhoneLab-LoggerService: Starting to rename files
07-01 20:14:50.216 14128 14141 I PhoneLab-LoggerService: Files found .. 2
07-01 20:14:50.505 13835 13837 D dalvikvm: GC_CONCURRENT freed 512K, 8% free 10689K/11591K, paused 3ms+4ms
07-01 20:14:51.809 13835 13837 D dalvikvm: GC_CONCURRENT freed 403K, 8% free 10714K/11591K, paused 9ms+2ms
07-01 20:14:52.110   345   345 D SAN_SERVICE: *******************************************
07-01 20:14:52.110   345   345 D SAN_SERVICE: DM App Phone Service State - 0
07-01 20:14:52.110   345   345 D SAN_SERVICE: *******************************************
07-01 20:14:52.321   345   345 D SAN_SERVICE: *******************************************
07-01 20:14:52.321   345   345 D SAN_SERVICE: DM App Phone Service State - 0
07-01 20:14:52.321   345   345 D SAN_SERVICE: *******************************************
07-01 20:14:53.024 13835 13837 D dalvikvm: GC_CONCURRENT freed 419K, 8% free 10765K/11591K, paused 3ms+3ms
07-01 20:14:53.056   345   345 D SAN_SERVICE: *******************************************
07-01 20:14:53.056   345   345 D SAN_SERVICE: DM App Phone Service State - 0
07-01 20:14:53.056   345   345 D SAN_SERVICE: *******************************************
07-01 20:14:54.079 13835 13837 D dalvikvm: GC_CONCURRENT freed 505K, 8% free 10729K/11591K, paused 2ms+3ms
07-01 20:14:55.243 13835 13837 D dalvikvm: GC_CONCURRENT freed 489K, 8% free 10697K/11591K, paused 50ms+6ms
07-01 20:14:56.208 13835 13837 D dalvikvm: GC_CONCURRENT freed 438K, 8% free 10698K/11591K, paused 53ms+2ms
07-01 20:14:57.313 13835 13837 D dalvikvm: GC_CONCURRENT freed 440K, 8% free 10689K/11591K, paused 3ms+3ms
07-01 20:14:58.329 13835 13837 D dalvikvm: GC_CONCURRENT freed 412K, 8% free 10710K/11591K, paused 2ms+4ms
07-01 20:14:59.395 13835 13837 D dalvikvm: GC_CONCURRENT freed 384K, 7% free 10793K/11591K, paused 2ms+3ms
07-01 20:15:00.513 13835 13837 D dalvikvm: GC_CONCURRENT freed 562K, 8% free 10693K/11591K, paused 3ms+4ms
07-01 20:15:01.673 13835 13837 D dalvikvm: GC_CONCURRENT freed 312K, 7% free 10867K/11591K, paused 2ms+3ms
07-01 20:15:02.817 13835 13934 D dalvikvm: GC_FOR_ALLOC freed 405K, 8% free 10741K/11591K, paused 24ms
07-01 20:15:03.884 13835 13837 D dalvikvm: GC_CONCURRENT freed 503K, 8% free 10711K/11591K, paused 2ms+3ms
07-01 20:15:05.071 13835 13837 D dalvikvm: GC_CONCURRENT freed 327K, 7% free 10867K/11591K, paused 2ms+2ms
07-01 20:15:06.122 13835 13934 D dalvikvm: GC_FOR_ALLOC freed 630K, 8% free 10683K/11591K, paused 27ms
07-01 20:15:06.434 13971 13972 D dalvikvm: GC_CONCURRENT freed 417K, 6% free 9758K/10311K, paused 3ms+3ms
07-01 20:15:07.724 13835 13837 D dalvikvm: GC_CONCURRENT freed 383K, 8% free 10761K/11591K, paused 2ms+4ms
07-01 20:15:08.899 13835 13837 D dalvikvm: GC_CONCURRENT freed 501K, 8% free 10723K/11591K, paused 2ms+2ms
07-01 20:15:09.731 13835 13837 D dalvikvm: GC_CONCURRENT freed 411K, 8% free 10762K/11591K, paused 4ms+6ms
07-01 20:15:11.298 13835 13934 D dalvikvm: GC_FOR_ALLOC freed 498K, 8% free 10678K/11591K, paused 22ms
07-01 20:15:12.477 13246 13257 D dalvikvm: GC_EXPLICIT freed 345K, 8% free 10088K/10887K, paused 73ms+2ms
07-01 20:15:12.571 13835 13837 D dalvikvm: GC_CONCURRENT freed 415K, 7% free 10804K/11591K, paused 37ms+3ms
07-01 20:15:13.454 13835 13934 D dalvikvm: GC_FOR_ALLOC freed 407K, 8% free 10741K/11591K, paused 55ms
07-01 20:15:15.442 13835 13837 D dalvikvm: GC_CONCURRENT freed 512K, 8% free 10706K/11591K, paused 5ms+5ms
07-01 20:15:16.407 13835 13837 D dalvikvm: GC_CONCURRENT freed 428K, 8% free 10716K/11591K, paused 2ms+3ms
07-01 20:15:18.739 13835 13837 D dalvikvm: GC_CONCURRENT freed 396K, 7% free 10807K/11591K, paused 2ms+2ms
07-01 20:15:19.712 13835 13934 D dalvikvm: GC_FOR_ALLOC freed 395K, 8% free 10742K/11591K, paused 26ms
07-01 20:15:20.794 13835 13934 D dalvikvm: GC_FOR_ALLOC freed 394K, 8% free 10742K/11591K, paused 22ms
07-01 20:15:21.923 13835 13934 D dalvikvm: GC_FOR_ALLOC freed 394K, 8% free 10742K/11591K, paused 149ms
07-01 20:15:22.794   345   345 D SAN_SERVICE: *******************************************
07-01 20:15:22.794   345   345 D SAN_SERVICE: DM App Phone Service State - 0
07-01 20:15:22.794   345   345 D SAN_SERVICE: *******************************************
07-01 20:15:22.802 13835 13934 D dalvikvm: GC_FOR_ALLOC freed 394K, 8% free 10742K/11591K, paused 33ms
07-01 20:15:22.966    81   129 W AudioTrack: stepServer() could not lock cblk
07-01 20:15:23.087   345   345 D SAN_SERVICE: *******************************************
07-01 20:15:23.087   345   345 D SAN_SERVICE: DM App Phone Service State - 0
07-01 20:15:23.087   345   345 D SAN_SERVICE: *******************************************
07-01 20:15:23.798   345   345 D SAN_SERVICE: *******************************************
07-01 20:15:23.798   345   345 D SAN_SERVICE: DM App Phone Service State - 0
07-01 20:15:23.798   345   345 D SAN_SERVICE: *******************************************
07-01 20:15:23.833 13835 13934 D dalvikvm: GC_FOR_ALLOC freed 394K, 8% free 10742K/11591K, paused 22ms
07-01 20:15:24.852 13835 13934 D dalvikvm: GC_FOR_ALLOC freed 394K, 8% free 10742K/11591K, paused 38ms
07-01 20:15:25.833 13835 13934 D dalvikvm: GC_FOR_ALLOC freed 394K, 8% free 10742K/11591K, paused 22ms
07-01 20:15:26.845 13835 13934 D dalvikvm: GC_FOR_ALLOC freed 397K, 8% free 10742K/11591K, paused 31ms
07-01 20:15:27.841 13835 13934 D dalvikvm: GC_FOR_ALLOC freed 394K, 8% free 10742K/11591K, paused 26ms
07-01 20:15:28.860 13835 13934 D dalvikvm: GC_FOR_ALLOC freed 394K, 8% free 10742K/11591K, paused 38ms
07-01 20:15:29.837 13835 13934 D dalvikvm: GC_FOR_ALLOC freed 394K, 8% free 10742K/11591K, paused 23ms
07-01 20:15:30.856 13835 13934 D dalvikvm: GC_FOR_ALLOC freed 394K, 8% free 10742K/11591K, paused 40ms
07-01 20:15:31.860 13835 13934 D dalvikvm: GC_FOR_ALLOC freed 394K, 8% free 10742K/11591K, paused 47ms
07-01 20:15:32.884 13835 13934 D dalvikvm: GC_FOR_ALLOC freed 394K, 8% free 10742K/11591K, paused 59ms
07-01 20:15:33.876 13835 13934 D dalvikvm: GC_FOR_ALLOC freed 394K, 8% free 10742K/11591K, paused 34ms
07-01 20:15:34.942 13835 13934 D dalvikvm: GC_FOR_ALLOC freed 394K, 8% free 10742K/11591K, paused 22ms
07-01 20:15:35.985 13835 13934 D dalvikvm: GC_FOR_ALLOC freed 397K, 8% free 10742K/11591K, paused 74ms
07-01 20:15:36.505 13835 13837 D dalvikvm: GC_CONCURRENT freed 502K, 8% free 10690K/11591K, paused 2ms+2ms
07-01 20:15:37.700 13835 13837 D dalvikvm: GC_CONCURRENT freed 411K, 8% free 10715K/11591K, paused 2ms+2ms
07-01 20:15:39.274 13835 13837 D dalvikvm: GC_CONCURRENT freed 463K, 8% free 10688K/11591K, paused 3ms+3ms
07-01 20:15:40.720 13835 13837 D dalvikvm: GC_CONCURRENT freed 422K, 7% free 10804K/11591K, paused 1ms+2ms
07-01 20:15:42.067 13835 13837 D dalvikvm: GC_CONCURRENT freed 583K, 8% free 10689K/11591K, paused 3ms+2ms
07-01 20:15:43.677 13835 13837 D dalvikvm: GC_CONCURRENT freed 298K, 7% free 10871K/11591K, paused 2ms+2ms
07-01 20:15:44.681 13835 13934 D dalvikvm: GC_FOR_ALLOC freed 394K, 8% free 10765K/11591K, paused 23ms
07-01 20:15:45.739 13835 13934 D dalvikvm: GC_FOR_ALLOC freed 415K, 8% free 10754K/11591K, paused 28ms
07-01 20:15:46.763 13835 13934 D dalvikvm: GC_FOR_ALLOC freed 401K, 8% free 10752K/11591K, paused 59ms
07-01 20:15:48.052 13835 13934 D dalvikvm: GC_FOR_ALLOC freed 405K, 8% free 10742K/11591K, paused 44ms
07-01 20:15:49.013 13835 13934 D dalvikvm: GC_FOR_ALLOC freed 394K, 8% free 10742K/11591K, paused 25ms
07-01 20:15:50.040 13835 13934 D dalvikvm: GC_FOR_ALLOC freed 394K, 8% free 10742K/11591K, paused 49ms
07-01 20:15:51.298 13835 13934 D dalvikvm: GC_FOR_ALLOC freed 481K, 8% free 10704K/11591K, paused 66ms
07-01 20:15:52.208 13835 13837 D dalvikvm: GC_CONCURRENT freed 459K, 8% free 10683K/11591K, paused 37ms+2ms
07-01 20:15:52.864    81   129 W AudioTrack: stepServer() could not lock cblk
07-01 20:15:53.259 13835 13837 D dalvikvm: GC_CONCURRENT freed 427K, 8% free 10763K/11591K, paused 3ms+3ms
07-01 20:15:54.458 13835 13837 D dalvikvm: GC_CONCURRENT freed 539K, 8% free 10695K/11591K, paused 39ms+2ms
07-01 20:15:55.919 13835 13837 D dalvikvm: GC_CONCURRENT freed 439K, 8% free 10773K/11591K, paused 5ms+2ms
07-01 20:15:56.923 13835 13837 D dalvikvm: GC_CONCURRENT freed 459K, 8% free 10774K/11591K, paused 4ms+2ms
07-01 20:15:58.235 13835 13934 D dalvikvm: GC_FOR_ALLOC freed 435K, 7% free 10789K/11591K, paused 22ms
07-01 20:15:59.298 13835 13934 D dalvikvm: GC_FOR_ALLOC freed 454K, 7% free 10790K/11591K, paused 38ms
07-01 20:16:00.290 13835 13934 D dalvikvm: GC_FOR_ALLOC freed 460K, 7% free 10790K/11591K, paused 61ms
07-01 20:16:01.181 14613 14613 D dalvikvm: Late-enabling CheckJNI
07-01 20:16:01.212   145   162 I ActivityManager: Start proc com.chess for broadcast com.chess/.backend.AlarmReceiver: pid=14613 uid=10079 gids={3003, 1015}
07-01 20:16:01.352 13835 13837 D dalvikvm: GC_CONCURRENT freed 533K, 8% free 10727K/11591K, paused 4ms+11ms
07-01 20:16:01.559 14613 14614 D dalvikvm: GC_CONCURRENT freed 170K, 3% free 9366K/9607K, paused 16ms+2ms
07-01 20:16:01.786 14613 14627 D GetStringObjTask: retrieving from url = http://www.chess.com/api/get_move_status?id=y3ICtufzg6w7rQqcD3KFujVaIanpYba4bIpaeKElV1LNz3Sz4Fk9Yh5CeWaj8h4bQ2RY0CxFVgA%2ByBE5DE%2B1cAuw4i%2Bp2GVj5RbuDPEUotReGbS25iAukuBsuUd%2Fl5dp
07-01 20:16:02.360 13835 13837 D dalvikvm: GC_CONCURRENT freed 461K, 8% free 10710K/11591K, paused 2ms+2ms
07-01 20:16:02.622 14613 14627 D GetStringObjTask: WebRequest SERVER RESPONSE: Success+0
07-01 20:16:03.509 13835 13837 D dalvikvm: GC_CONCURRENT freed 454K, 8% free 10734K/11591K, paused 2ms+3ms
07-01 20:16:04.665 13835 13837 D dalvikvm: GC_CONCURRENT freed 473K, 8% free 10727K/11591K, paused 2ms+3ms
07-01 20:16:05.731 13835 13837 D dalvikvm: GC_CONCURRENT freed 465K, 8% free 10706K/11591K, paused 2ms+2ms
07-01 20:16:06.856 13835 13837 D dalvikvm: GC_CONCURRENT freed 400K, 8% free 10779K/11591K, paused 3ms+3ms
07-01 20:16:08.216 13835 13837 D dalvikvm: GC_CONCURRENT freed 481K, 7% free 10805K/11591K, paused 2ms+2ms
07-01 20:16:09.247 13835 13934 D dalvikvm: GC_FOR_ALLOC freed 401K, 8% free 10741K/11591K, paused 22ms
07-01 20:16:10.278   145   200 D DhcpInfoInternal: makeLinkProperties with empty dns2!
07-01 20:16:10.278   145   200 D DhcpInfoInternal: makeLinkProperties with empty dns2!
07-01 20:16:10.309 13835 13837 D dalvikvm: GC_CONCURRENT freed 404K, 7% free 10803K/11591K, paused 16ms+2ms
07-01 20:16:11.442 13835 13934 D dalvikvm: GC_FOR_ALLOC freed 516K, 8% free 10697K/11591K, paused 72ms
07-01 20:16:12.325 14063 14064 D dalvikvm: GC_CONCURRENT freed 510K, 7% free 10385K/11079K, paused 1ms+2ms
07-01 20:16:12.497 12840 12842 D dalvikvm: GC_CONCURRENT freed 800K, 17% free 11443K/13639K, paused 63ms+17ms
07-01 20:16:12.536 13246 13248 D dalvikvm: GC_CONCURRENT freed 473K, 8% free 10122K/10887K, paused 14ms+7ms
07-01 20:16:12.610 13835 13837 D dalvikvm: GC_CONCURRENT freed 443K, 8% free 10753K/11591K, paused 3ms+3ms
07-01 20:16:14.446 13835 13934 D dalvikvm: GC_FOR_ALLOC freed 488K, 8% free 10678K/11591K, paused 26ms
07-01 20:16:15.509 13835 13837 D dalvikvm: GC_CONCURRENT freed 413K, 7% free 10808K/11591K, paused 20ms+2ms
07-01 20:16:16.493 13835 13934 D dalvikvm: GC_FOR_ALLOC freed 419K, 8% free 10741K/11591K, paused 63ms
07-01 20:16:17.489 13835 13837 D dalvikvm: GC_CONCURRENT freed 482K, 8% free 10720K/11591K, paused 4ms+3ms
07-01 20:16:18.649 13835 13837 D dalvikvm: GC_CONCURRENT freed 411K, 7% free 10781K/11591K, paused 3ms+3ms
07-01 20:16:19.759 13835 13934 D dalvikvm: GC_FOR_ALLOC freed 504K, 8% free 10708K/11591K, paused 30ms
07-01 20:16:20.907 13835 13837 D dalvikvm: GC_CONCURRENT freed 337K, 7% free 10805K/11591K, paused 2ms+2ms
07-01 20:16:22.118 13835 13837 D dalvikvm: GC_CONCURRENT freed 585K, 8% free 10688K/11591K, paused 3ms+3ms
07-01 20:16:23.145 13835 13837 D dalvikvm: GC_CONCURRENT freed 431K, 8% free 10690K/11591K, paused 3ms+2ms
07-01 20:16:24.298 13835 13837 D dalvikvm: GC_CONCURRENT freed 396K, 7% free 10804K/11591K, paused 2ms+2ms
07-01 20:16:25.427 13835 13934 D dalvikvm: GC_FOR_ALLOC freed 407K, 8% free 10741K/11591K, paused 24ms
07-01 20:16:26.513 13835 13837 D dalvikvm: GC_CONCURRENT freed 502K, 8% free 10693K/11591K, paused 3ms+3ms
07-01 20:16:27.684 13835 13837 D dalvikvm: GC_CONCURRENT freed 353K, 7% free 10804K/11591K, paused 2ms+2ms
07-01 20:16:29.263 13835 13934 D dalvikvm: GC_FOR_ALLOC freed 404K, 8% free 10744K/11591K, paused 30ms
07-01 20:16:30.950 13835 13837 D dalvikvm: GC_CONCURRENT freed 510K, 8% free 10686K/11591K, paused 7ms+20ms
07-01 20:16:31.407 13835 13837 D dalvikvm: GC_CONCURRENT freed 433K, 8% free 10699K/11591K, paused 20ms+2ms
07-01 20:16:32.325 13835 13837 D dalvikvm: GC_CONCURRENT freed 444K, 8% free 10690K/11591K, paused 4ms+5ms
07-01 20:16:33.274 13835 13837 D dalvikvm: GC_CONCURRENT freed 436K, 8% free 10688K/11591K, paused 2ms+2ms
07-01 20:16:34.434 13835 13837 D dalvikvm: GC_CONCURRENT freed 427K, 8% free 10745K/11591K, paused 2ms+2ms
07-01 20:16:35.919 13835 13837 D dalvikvm: GC_CONCURRENT freed 519K, 8% free 10684K/11591K, paused 10ms+2ms
07-01 20:16:37.028 13835 13837 D dalvikvm: GC_CONCURRENT freed 423K, 8% free 10758K/11591K, paused 2ms+3ms
07-01 20:16:38.001 13835 13934 D dalvikvm: GC_FOR_ALLOC freed 414K, 8% free 10759K/11591K, paused 23ms
07-01 20:16:39.700 13835 13934 D dalvikvm: GC_FOR_ALLOC freed 439K, 8% free 10678K/11591K, paused 23ms
07-01 20:16:40.720 13835 13837 D dalvikvm: GC_CONCURRENT freed 395K, 8% free 10744K/11591K, paused 3ms+2ms
07-01 20:16:41.724 13835 13934 D dalvikvm: GC_FOR_ALLOC freed 395K, 8% free 10742K/11591K, paused 33ms
07-01 20:16:42.759 13835 13934 D dalvikvm: GC_FOR_ALLOC freed 394K, 8% free 10742K/11591K, paused 30ms
07-01 20:16:43.770 13835 13934 D dalvikvm: GC_FOR_ALLOC freed 394K, 8% free 10742K/11591K, paused 22ms
07-01 20:16:44.770 13835 13934 D dalvikvm: GC_FOR_ALLOC freed 394K, 8% free 10742K/11591K, paused 21ms
07-01 20:16:45.829 13835 13934 D dalvikvm: GC_FOR_ALLOC freed 394K, 8% free 10742K/11591K, paused 80ms
07-01 20:16:46.782 13835 13934 D dalvikvm: GC_FOR_ALLOC freed 397K, 8% free 10770K/11591K, paused 31ms
07-01 20:16:47.946 13835 13934 D dalvikvm: GC_FOR_ALLOC freed 395K, 8% free 10723K/11591K, paused 30ms
07-01 20:16:49.048 13835 13837 D dalvikvm: GC_CONCURRENT freed 402K, 8% free 10762K/11591K, paused 4ms+2ms
07-01 20:16:50.052 14128 14141 I PhoneLab-: Service Running
07-01 20:16:50.184 14128 14141 I PhoneLab-LoggerService: app_37    1360  1     1436   996   c00f181c 400107b4 S logcat
07-01 20:16:50.188 13835 13934 D dalvikvm: GC_FOR_ALLOC freed 417K, 8% free 10762K/11591K, paused 25ms
07-01 20:16:50.192 14128 14141 I PhoneLab-LoggerService: Logcat pid from database 1360
07-01 20:16:50.192 14128 14141 I PhoneLab-LoggerService: Logcat process found 1360
07-01 20:16:50.192 14128 14141 I PhoneLab-LoggerService: Checking Threshold
07-01 20:16:50.192 14128 14141 I PhoneLab-LoggerService: Starting to rename files
07-01 20:16:50.196 14128 14141 I PhoneLab-LoggerService: Files found .. 2
07-01 20:16:50.220 14128 14129 D dalvikvm: GC_CONCURRENT freed 413K, 14% free 9136K/10567K, paused 8ms+2ms
07-01 20:16:51.489 13835 13837 D dalvikvm: GC_CONCURRENT freed 414K, 7% free 10803K/11591K, paused 2ms+2ms
07-01 20:16:52.548 13835 13934 D dalvikvm: GC_FOR_ALLOC freed 538K, 8% free 10678K/11591K, paused 25ms
07-01 20:16:53.681 13835 13837 D dalvikvm: GC_CONCURRENT freed 288K, 7% free 10867K/11591K, paused 11ms+2ms
07-01 20:16:54.571    81   129 W AudioTrack: stepServer() could not lock cblk
07-01 20:16:54.681 13835 13837 D dalvikvm: GC_CONCURRENT freed 672K, 8% free 10684K/11591K, paused 3ms+3ms
07-01 20:16:55.849 13835 13837 D dalvikvm: GC_CONCURRENT freed 353K, 7% free 10868K/11591K, paused 2ms+3ms
07-01 20:16:56.938 13835 13934 D dalvikvm: GC_FOR_ALLOC freed 610K, 8% free 10679K/11591K, paused 41ms
07-01 20:16:58.099 13835 13837 D dalvikvm: GC_CONCURRENT freed 264K, 7% free 10867K/11591K, paused 2ms+2ms
07-01 20:16:59.188 13835 13934 D dalvikvm: GC_FOR_ALLOC freed 604K, 8% free 10683K/11591K, paused 39ms
07-01 20:16:59.927    81   129 W AudioTrack: stepServer() could not lock cblk
07-01 20:17:00.306 13835 13837 D dalvikvm: GC_CONCURRENT freed 422K, 8% free 10718K/11591K, paused 3ms+6ms
07-01 20:17:00.450 12856 12858 D dalvikvm: GC_CONCURRENT freed 406K, 9% free 10290K/11207K, paused 2ms+3ms
07-01 20:17:00.567   216   218 D dalvikvm: GC_CONCURRENT freed 465K, 30% free 10047K/14343K, paused 1ms+7ms
07-01 20:17:01.481 13835 13837 D dalvikvm: GC_CONCURRENT freed 460K, 8% free 10702K/11591K, paused 3ms+4ms
07-01 20:17:02.587 13835 13837 D dalvikvm: GC_CONCURRENT freed 458K, 8% free 10708K/11591K, paused 4ms+3ms
07-01 20:17:03.700 13835 13837 D dalvikvm: GC_CONCURRENT freed 453K, 8% free 10698K/11591K, paused 3ms+18ms
07-01 20:17:05.028 13835 13837 D dalvikvm: GC_CONCURRENT freed 288K, 7% free 10867K/11591K, paused 2ms+10ms
07-01 20:17:06.067 13835 13934 D dalvikvm: GC_FOR_ALLOC freed 400K, 8% free 10741K/11591K, paused 100ms
07-01 20:17:07.095 13835 13837 D dalvikvm: GC_CONCURRENT freed 407K, 7% free 10786K/11591K, paused 2ms+3ms
07-01 20:17:08.317 13835 13934 D dalvikvm: GC_FOR_ALLOC freed 409K, 8% free 10741K/11591K, paused 24ms
07-01 20:17:09.360 13835 13934 D dalvikvm: GC_FOR_ALLOC freed 403K, 8% free 10741K/11591K, paused 45ms
07-01 20:17:10.458 13835 13837 D dalvikvm: GC_CONCURRENT freed 459K, 8% free 10756K/11591K, paused 5ms+3ms
07-01 20:17:11.724 13835 13837 D dalvikvm: GC_CONCURRENT freed 520K, 8% free 10749K/11591K, paused 3ms+2ms
07-01 20:17:13.388 13835 13837 D dalvikvm: GC_CONCURRENT freed 499K, 8% free 10741K/11591K, paused 2ms+3ms
07-01 20:17:14.411 13835 13837 D dalvikvm: GC_CONCURRENT freed 414K, 7% free 10803K/11591K, paused 2ms+3ms
07-01 20:17:15.700 13835 13934 D dalvikvm: GC_FOR_ALLOC freed 547K, 8% free 10678K/11591K, paused 47ms
07-01 20:17:16.704 13835 13837 D dalvikvm: GC_CONCURRENT freed 419K, 8% free 10746K/11591K, paused 3ms+3ms
07-01 20:17:18.306 13835 13837 D dalvikvm: GC_CONCURRENT freed 513K, 8% free 10688K/11591K, paused 3ms+2ms
07-01 20:17:19.540 13835 13837 D dalvikvm: GC_CONCURRENT freed 406K, 7% free 10805K/11591K, paused 3ms+2ms
07-01 20:17:20.864 13835 13934 D dalvikvm: GC_FOR_ALLOC freed 404K, 7% free 10804K/11591K, paused 22ms
07-01 20:17:21.864 13835 13934 D dalvikvm: GC_FOR_ALLOC freed 403K, 7% free 10805K/11591K, paused 25ms
07-01 20:17:22.950 13835 13934 D dalvikvm: GC_FOR_ALLOC freed 418K, 7% free 10805K/11591K, paused 23ms
07-01 20:17:23.942 13835 13934 D dalvikvm: GC_FOR_ALLOC freed 464K, 8% free 10776K/11591K, paused 49ms
07-01 20:17:25.099 13835 13837 D dalvikvm: GC_CONCURRENT freed 542K, 8% free 10693K/11591K, paused 3ms+3ms
07-01 20:17:26.259 13835 13837 D dalvikvm: GC_CONCURRENT freed 315K, 7% free 10845K/11591K, paused 2ms+2ms
07-01 20:17:27.356 13835 13934 D dalvikvm: GC_FOR_ALLOC freed 405K, 8% free 10741K/11591K, paused 24ms
07-01 20:17:28.571 13835 13837 D dalvikvm: GC_CONCURRENT freed 498K, 8% free 10699K/11591K, paused 3ms+3ms
07-01 20:17:29.751 13835 13837 D dalvikvm: GC_CONCURRENT freed 327K, 7% free 10867K/11591K, paused 2ms+3ms
07-01 20:17:30.739 13835 13934 D dalvikvm: GC_FOR_ALLOC freed 400K, 8% free 10741K/11591K, paused 22ms
07-01 20:17:31.083   345   345 D SAN_SERVICE: *******************************************
07-01 20:17:31.083   345   345 D SAN_SERVICE: DM App Phone Service State - 0
07-01 20:17:31.083   345   345 D SAN_SERVICE: *******************************************
07-01 20:17:32.161 13835 13837 D dalvikvm: GC_CONCURRENT freed 410K, 7% free 10804K/11591K, paused 2ms+3ms
07-01 20:17:33.173 13835 13934 D dalvikvm: GC_FOR_ALLOC freed 410K, 7% free 10805K/11591K, paused 55ms
07-01 20:17:34.263 13835 13934 D dalvikvm: GC_FOR_ALLOC freed 454K, 7% free 10805K/11591K, paused 22ms
07-01 20:17:35.337 13835 13837 D dalvikvm: GC_CONCURRENT freed 588K, 8% free 10684K/11591K, paused 3ms+3ms
07-01 20:17:36.388 13835 13837 D dalvikvm: GC_CONCURRENT freed 294K, 7% free 10867K/11591K, paused 2ms+3ms
07-01 20:17:37.571 13835 13934 D dalvikvm: GC_FOR_ALLOC freed 400K, 8% free 10725K/11591K, paused 26ms
07-01 20:17:38.630 13835 13934 D dalvikvm: GC_FOR_ALLOC freed 408K, 8% free 10725K/11591K, paused 28ms
07-01 20:17:39.610    81   129 W AudioTrack: stepServer() could not lock cblk
07-01 20:17:39.708 13835 13934 D dalvikvm: GC_FOR_ALLOC freed 419K, 8% free 10741K/11591K, paused 22ms
07-01 20:17:40.813 13835 13934 D dalvikvm: GC_FOR_ALLOC freed 404K, 8% free 10741K/11591K, paused 22ms
07-01 20:17:41.059   345   345 D SAN_SERVICE: *******************************************
07-01 20:17:41.059   345   345 D SAN_SERVICE: DM App Phone Service State - 0
07-01 20:17:41.059   345   345 D SAN_SERVICE: *******************************************
07-01 20:17:41.591   345   345 D SAN_SERVICE: *******************************************
07-01 20:17:41.591   345   345 D SAN_SERVICE: DM App Phone Service State - 0
07-01 20:17:41.591   345   345 D SAN_SERVICE: *******************************************
07-01 20:17:42.044 13835 13934 D dalvikvm: GC_FOR_ALLOC freed 404K, 8% free 10741K/11591K, paused 24ms
07-01 20:17:43.138 13835 13837 D dalvikvm: GC_CONCURRENT freed 403K, 7% free 10870K/11591K, paused 26ms+3ms
07-01 20:17:44.138 13835 13934 D dalvikvm: GC_FOR_ALLOC freed 582K, 8% free 10686K/11591K, paused 34ms
07-01 20:17:45.352 13835 13837 D dalvikvm: GC_CONCURRENT freed 288K, 7% free 10867K/11591K, paused 2ms+2ms
07-01 20:17:46.388 13835 13934 D dalvikvm: GC_FOR_ALLOC freed 431K, 8% free 10729K/11591K, paused 27ms
07-01 20:17:47.770 13835 13837 D dalvikvm: GC_CONCURRENT freed 393K, 7% free 10803K/11591K, paused 2ms+2ms
07-01 20:17:48.864 13835 13934 D dalvikvm: GC_FOR_ALLOC freed 409K, 8% free 10741K/11591K, paused 26ms
07-01 20:17:49.864 13835 13934 D dalvikvm: GC_FOR_ALLOC freed 404K, 8% free 10741K/11591K, paused 27ms
07-01 20:17:50.931 13835 13837 D dalvikvm: GC_CONCURRENT freed 407K, 7% free 10805K/11591K, paused 2ms+3ms
07-01 20:17:52.392 13835 13934 D dalvikvm: GC_FOR_ALLOC freed 410K, 8% free 10741K/11591K, paused 68ms
07-01 20:17:53.388 13835 13934 D dalvikvm: GC_FOR_ALLOC freed 404K, 8% free 10741K/11591K, paused 62ms
07-01 20:17:54.395 13835 13837 D dalvikvm: GC_CONCURRENT freed 460K, 7% free 10798K/11591K, paused 2ms+3ms
07-01 20:17:55.544 13835 13934 D dalvikvm: GC_FOR_ALLOC freed 412K, 8% free 10741K/11591K, paused 25ms
07-01 20:17:56.552 13835 13934 D dalvikvm: GC_FOR_ALLOC freed 408K, 8% free 10741K/11591K, paused 23ms
07-01 20:17:57.927 13835 13934 D dalvikvm: GC_FOR_ALLOC freed 404K, 8% free 10741K/11591K, paused 22ms
07-01 20:17:58.958 13835 13934 D dalvikvm: GC_FOR_ALLOC freed 404K, 8% free 10741K/11591K, paused 23ms
07-01 20:17:59.946 13835 13837 D dalvikvm: GC_CONCURRENT freed 513K, 8% free 10681K/11591K, paused 2ms+2ms
07-01 20:18:00.634 13835 13837 D dalvikvm: GC_CONCURRENT freed 426K, 8% free 10689K/11591K, paused 3ms+2ms
07-01 20:18:01.798 13835 13837 D dalvikvm: GC_CONCURRENT freed 287K, 7% free 10867K/11591K, paused 2ms+2ms
07-01 20:18:02.876 13835 13934 D dalvikvm: GC_FOR_ALLOC freed 402K, 8% free 10742K/11591K, paused 40ms
07-01 20:18:04.044    81   129 W AudioTrack: stepServer() could not lock cblk
07-01 20:18:05.321 13835 13934 D dalvikvm: GC_FOR_ALLOC freed 391K, 8% free 10742K/11591K, paused 23ms
07-01 20:18:06.388 13835 13934 D dalvikvm: GC_FOR_ALLOC freed 394K, 8% free 10742K/11591K, paused 22ms
07-01 20:18:07.427 13835 13934 D dalvikvm: GC_FOR_ALLOC freed 394K, 8% free 10742K/11591K, paused 22ms
07-01 20:18:08.438 13835 13934 D dalvikvm: GC_FOR_ALLOC freed 394K, 8% free 10742K/11591K, paused 22ms
07-01 20:18:09.497 13835 13934 D dalvikvm: GC_FOR_ALLOC freed 394K, 8% free 10742K/11591K, paused 90ms
07-01 20:18:10.493 13835 13934 D dalvikvm: GC_FOR_ALLOC freed 394K, 8% free 10742K/11591K, paused 79ms
07-01 20:18:11.497 13835 13934 D dalvikvm: GC_FOR_ALLOC freed 394K, 8% free 10742K/11591K, paused 89ms
07-01 20:18:12.450 13835 13934 D dalvikvm: GC_FOR_ALLOC freed 394K, 8% free 10742K/11591K, paused 39ms
07-01 20:18:12.548 14063 14064 D dalvikvm: GC_CONCURRENT freed 511K, 7% free 10386K/11079K, paused 2ms+3ms
07-01 20:18:12.692 13246 13248 D dalvikvm: GC_CONCURRENT freed 496K, 7% free 10138K/10887K, paused 8ms+3ms
07-01 20:18:13.630 13835 13934 D dalvikvm: GC_FOR_ALLOC freed 397K, 8% free 10742K/11591K, paused 22ms
07-01 20:18:14.692 13835 13934 D dalvikvm: GC_FOR_ALLOC freed 394K, 8% free 10742K/11591K, paused 25ms
07-01 20:18:15.716 13835 13934 D dalvikvm: GC_FOR_ALLOC freed 394K, 8% free 10742K/11591K, paused 22ms
07-01 20:18:16.731 13835 13934 D dalvikvm: GC_FOR_ALLOC freed 394K, 8% free 10742K/11591K, paused 28ms
07-01 20:18:17.724 13835 13934 D dalvikvm: GC_FOR_ALLOC freed 394K, 8% free 10742K/11591K, paused 25ms
07-01 20:18:17.876    81   129 W AudioTrack: stepServer() could not lock cblk
07-01 20:18:18.720 13835 13934 D dalvikvm: GC_FOR_ALLOC freed 394K, 8% free 10742K/11591K, paused 22ms
07-01 20:18:19.696 13835 13934 D dalvikvm: GC_FOR_ALLOC freed 394K, 8% free 10742K/11591K, paused 23ms
07-01 20:18:21.173 13835 13837 D dalvikvm: GC_CONCURRENT freed 502K, 8% free 10688K/11591K, paused 2ms+3ms
07-01 20:18:22.165 13835 13837 D dalvikvm: GC_CONCURRENT freed 434K, 8% free 10691K/11591K, paused 3ms+3ms
07-01 20:18:22.868    81   129 W AudioTrack: stepServer() could not lock cblk
07-01 20:18:22.974 13835 13837 D dalvikvm: GC_CONCURRENT freed 380K, 8% free 10742K/11591K, paused 2ms+3ms
07-01 20:18:24.161 13835 13837 D dalvikvm: GC_CONCURRENT freed 508K, 8% free 10683K/11591K, paused 2ms+7ms
07-01 20:18:25.192 13835 13837 D dalvikvm: GC_CONCURRENT freed 422K, 8% free 10689K/11591K, paused 8ms+3ms
07-01 20:18:25.837 13835 13837 D dalvikvm: GC_CONCURRENT freed 440K, 8% free 10685K/11591K, paused 2ms+5ms
07-01 20:18:27.196 13835 13837 D dalvikvm: GC_CONCURRENT freed 377K, 8% free 10748K/11591K, paused 2ms+2ms
07-01 20:18:28.626 13835 13934 D dalvikvm: GC_FOR_ALLOC freed 486K, 8% free 10678K/11591K, paused 71ms
07-01 20:18:29.208 13835 13837 D dalvikvm: GC_CONCURRENT freed 415K, 8% free 10689K/11591K, paused 2ms+2ms
07-01 20:18:30.263    81   129 W AudioTrack: stepServer() could not lock cblk
07-01 20:18:30.286    81   129 W AudioTrack: stepServer() could not lock cblk
07-01 20:18:30.364 13835 13837 D dalvikvm: GC_CONCURRENT freed 256K, 7% free 10867K/11591K, paused 2ms+3ms
07-01 20:18:31.454 13835 13934 D dalvikvm: GC_FOR_ALLOC freed 581K, 8% free 10716K/11591K, paused 28ms
07-01 20:18:32.602 13835 13934 D dalvikvm: GC_FOR_ALLOC freed 332K, 7% free 10804K/11591K, paused 24ms
07-01 20:18:33.911 13835 13934 D dalvikvm: GC_FOR_ALLOC freed 400K, 8% free 10741K/11591K, paused 24ms
07-01 20:18:34.911 13835 13934 D dalvikvm: GC_FOR_ALLOC freed 409K, 8% free 10741K/11591K, paused 23ms
07-01 20:18:35.099   145   200 D DhcpInfoInternal: makeLinkProperties with empty dns2!
07-01 20:18:35.099   145   200 D DhcpInfoInternal: makeLinkProperties with empty dns2!
07-01 20:18:35.981 13835 13837 D dalvikvm: GC_CONCURRENT freed 407K, 7% free 10805K/11591K, paused 2ms+3ms
07-01 20:18:37.130 13835 13837 D dalvikvm: GC_CONCURRENT freed 590K, 8% free 10683K/11591K, paused 2ms+3ms
07-01 20:18:38.216 13835 13837 D dalvikvm: GC_CONCURRENT freed 421K, 8% free 10716K/11591K, paused 3ms+3ms
07-01 20:18:39.415 13835 13934 D dalvikvm: GC_FOR_ALLOC freed 311K, 7% free 10804K/11591K, paused 23ms
07-01 20:18:40.579 13835 13934 D dalvikvm: GC_FOR_ALLOC freed 474K, 8% free 10742K/11591K, paused 23ms
07-01 20:18:41.731 13835 13837 D dalvikvm: GC_CONCURRENT freed 487K, 7% free 10805K/11591K, paused 2ms+3ms
07-01 20:18:42.708 13835 13934 D dalvikvm: GC_FOR_ALLOC freed 402K, 8% free 10732K/11591K, paused 25ms
07-01 20:18:43.829 13835 13837 D dalvikvm: GC_CONCURRENT freed 496K, 8% free 10689K/11591K, paused 4ms+8ms
07-01 20:18:44.384 13835 13837 D dalvikvm: GC_CONCURRENT freed 432K, 8% free 10690K/11591K, paused 2ms+2ms
07-01 20:18:46.501    81   129 W AudioFlinger: write blocked for 443 msecs, 12 delayed writes, thread 0x8cd9a0
07-01 20:18:46.583 13835 13837 D dalvikvm: GC_CONCURRENT freed 442K, 8% free 10746K/11591K, paused 6ms+3ms
07-01 20:18:47.634 13835 13837 D dalvikvm: GC_CONCURRENT freed 405K, 7% free 10804K/11591K, paused 4ms+3ms
07-01 20:18:48.630 13835 13934 D dalvikvm: GC_FOR_ALLOC freed 400K, 8% free 10741K/11591K, paused 31ms
07-01 20:18:49.626 13835 13934 D dalvikvm: GC_FOR_ALLOC freed 402K, 8% free 10741K/11591K, paused 22ms
07-01 20:18:50.052 14128 14141 I PhoneLab-: Service Running
07-01 20:18:50.130 14128 14141 I PhoneLab-LoggerService: app_37    1360  1     1436   996   c00f181c 400107b4 S logcat
07-01 20:18:50.130 14128 14141 I PhoneLab-LoggerService: Logcat pid from database 1360
07-01 20:18:50.130 14128 14141 I PhoneLab-LoggerService: Logcat process found 1360
07-01 20:18:50.130 14128 14141 I PhoneLab-LoggerService: Checking Threshold
07-01 20:18:50.130 14128 14141 I PhoneLab-LoggerService: Starting to rename files
07-01 20:18:50.130 14128 14141 I PhoneLab-LoggerService: Files found .. 2
07-01 20:18:50.684 13835 13837 D dalvikvm: GC_CONCURRENT freed 399K, 7% free 10803K/11591K, paused 2ms+7ms
07-01 20:18:51.712 13835 13934 D dalvikvm: GC_FOR_ALLOC freed 562K, 8% free 10697K/11591K, paused 26ms
07-01 20:18:52.884 13835 13837 D dalvikvm: GC_CONCURRENT freed 290K, 7% free 10853K/11591K, paused 2ms+2ms
07-01 20:18:53.977 13835 13934 D dalvikvm: GC_FOR_ALLOC freed 526K, 8% free 10678K/11591K, paused 22ms
07-01 20:18:55.169 13835 13837 D dalvikvm: GC_CONCURRENT freed 300K, 7% free 10868K/11591K, paused 2ms+3ms
07-01 20:18:56.157    81   129 W AudioTrack: stepServer() could not lock cblk
07-01 20:18:56.302 13835 13934 D dalvikvm: GC_FOR_ALLOC freed 432K, 8% free 10741K/11591K, paused 23ms
07-01 20:18:57.767 13835 13837 D dalvikvm: GC_CONCURRENT freed 455K, 7% free 10803K/11591K, paused 2ms+4ms
07-01 20:18:58.860 13835 13837 D dalvikvm: GC_CONCURRENT freed 591K, 8% free 10694K/11591K, paused 2ms+3ms
07-01 20:18:59.892 13835 13837 D dalvikvm: GC_CONCURRENT freed 438K, 8% free 10697K/11591K, paused 5ms+3ms
07-01 20:19:01.079 13835 13837 D dalvikvm: GC_CONCURRENT freed 388K, 7% free 10853K/11591K, paused 2ms+2ms
07-01 20:19:02.864 13835 13934 D dalvikvm: GC_FOR_ALLOC freed 519K, 8% free 10742K/11591K, paused 22ms
07-01 20:19:03.712 13835 13837 D dalvikvm: GC_CONCURRENT freed 466K, 8% free 10742K/11591K, paused 9ms+3ms
07-01 20:19:04.677 13835 13837 D dalvikvm: GC_CONCURRENT freed 428K, 8% free 10773K/11591K, paused 2ms+2ms
07-01 20:19:06.059 13835 13837 D dalvikvm: GC_CONCURRENT freed 532K, 8% free 10701K/11591K, paused 82ms+2ms
07-01 20:19:07.200 13835 13837 D dalvikvm: GC_CONCURRENT freed 445K, 8% free 10756K/11591K, paused 25ms+2ms
07-01 20:19:08.372 13835 13837 D dalvikvm: GC_CONCURRENT freed 509K, 8% free 10721K/11591K, paused 2ms+4ms
07-01 20:19:09.306 13835 13837 D dalvikvm: GC_CONCURRENT freed 424K, 8% free 10741K/11591K, paused 2ms+4ms
07-01 20:19:09.470 13993 13994 D dalvikvm: GC_CONCURRENT freed 684K, 7% free 11490K/12295K, paused 7ms+7ms
07-01 20:19:10.442 13835 13934 D dalvikvm: GC_FOR_ALLOC freed 419K, 8% free 10762K/11591K, paused 23ms
07-01 20:19:11.638 13835 13837 D dalvikvm: GC_CONCURRENT freed 505K, 8% free 10709K/11591K, paused 5ms+2ms
07-01 20:19:13.481 13835 13837 D dalvikvm: GC_CONCURRENT freed 380K, 8% free 10769K/11591K, paused 3ms+2ms
07-01 20:19:14.528    81   129 W AudioTrack: stepServer() could not lock cblk
07-01 20:19:14.614 13835 13837 D dalvikvm: GC_CONCURRENT freed 520K, 8% free 10713K/11591K, paused 2ms+3ms
07-01 20:19:15.653 13835 13837 D dalvikvm: GC_CONCURRENT freed 427K, 7% free 10784K/11591K, paused 70ms+2ms
07-01 20:19:16.786 13835 13837 D dalvikvm: GC_CONCURRENT freed 535K, 8% free 10715K/11591K, paused 2ms+2ms
07-01 20:19:17.852 13835 13837 D dalvikvm: GC_CONCURRENT freed 472K, 8% free 10684K/11591K, paused 4ms+3ms
07-01 20:19:19.040 13835 13837 D dalvikvm: GC_CONCURRENT freed 429K, 8% free 10684K/11591K, paused 2ms+3ms
07-01 20:19:20.224 13835 13837 D dalvikvm: GC_CONCURRENT freed 421K, 8% free 10749K/11591K, paused 2ms+2ms
07-01 20:19:21.282 13835 13837 D dalvikvm: GC_CONCURRENT freed 466K, 7% free 10785K/11591K, paused 1ms+3ms
07-01 20:19:22.274 13835 13837 D dalvikvm: GC_CONCURRENT freed 475K, 7% free 10785K/11591K, paused 3ms+2ms
07-01 20:19:23.806 13835 13837 D dalvikvm: GC_CONCURRENT freed 567K, 8% free 10682K/11591K, paused 10ms+2ms
07-01 20:19:26.227 13835 13837 D dalvikvm: GC_CONCURRENT freed 398K, 8% free 10742K/11591K, paused 2ms+2ms
07-01 20:19:27.239 13835 13934 D dalvikvm: GC_FOR_ALLOC freed 397K, 8% free 10742K/11591K, paused 93ms
07-01 20:19:28.173 13835 13934 D dalvikvm: GC_FOR_ALLOC freed 394K, 8% free 10742K/11591K, paused 33ms
07-01 20:19:29.270 13835 13934 D dalvikvm: GC_FOR_ALLOC freed 439K, 8% free 10743K/11591K, paused 23ms
07-01 20:19:30.360 13835 13934 D dalvikvm: GC_FOR_ALLOC freed 419K, 8% free 10742K/11591K, paused 57ms
07-01 20:19:31.395    81   129 W AudioFlinger: write blocked for 356 msecs, 14 delayed writes, thread 0x8cd9a0
07-01 20:19:31.466 13835 13934 D dalvikvm: GC_FOR_ALLOC freed 399K, 8% free 10678K/11591K, paused 40ms
07-01 20:19:32.505 13835 13837 D dalvikvm: GC_CONCURRENT freed 402K, 7% free 10807K/11591K, paused 2ms+3ms
07-01 20:19:33.540 13835 13934 D dalvikvm: GC_FOR_ALLOC freed 399K, 7% free 10807K/11591K, paused 22ms
07-01 20:19:34.567 13835 13934 D dalvikvm: GC_FOR_ALLOC freed 399K, 7% free 10807K/11591K, paused 62ms
07-01 20:19:35.532 13835 13934 D dalvikvm: GC_FOR_ALLOC freed 399K, 7% free 10807K/11591K, paused 63ms
07-01 20:19:36.544 13835 13934 D dalvikvm: GC_FOR_ALLOC freed 402K, 7% free 10804K/11591K, paused 72ms
07-01 20:19:37.520 13835 13934 D dalvikvm: GC_FOR_ALLOC freed 403K, 7% free 10805K/11591K, paused 48ms
07-01 20:19:38.489 13835 13934 D dalvikvm: GC_FOR_ALLOC freed 404K, 7% free 10805K/11591K, paused 23ms
07-01 20:19:39.981 13835 13934 D dalvikvm: GC_FOR_ALLOC freed 400K, 8% free 10742K/11591K, paused 41ms
07-01 20:19:41.032 13835 13934 D dalvikvm: GC_FOR_ALLOC freed 399K, 8% free 10741K/11591K, paused 91ms
07-01 20:19:42.083 13835 13837 D dalvikvm: GC_CONCURRENT freed 404K, 7% free 10805K/11591K, paused 7ms+2ms
07-01 20:19:43.020 13835 13934 D dalvikvm: GC_FOR_ALLOC freed 413K, 8% free 10741K/11591K, paused 33ms
07-01 20:19:44.056 13835 13934 D dalvikvm: GC_FOR_ALLOC freed 404K, 8% free 10741K/11591K, paused 62ms
07-01 20:19:45.099 13835 13837 D dalvikvm: GC_CONCURRENT freed 507K, 8% free 10683K/11591K, paused 14ms+2ms
07-01 20:19:45.708 13835 13837 D dalvikvm: GC_CONCURRENT freed 429K, 8% free 10690K/11591K, paused 2ms+2ms
07-01 20:19:46.860 13835 13837 D dalvikvm: GC_CONCURRENT freed 398K, 8% free 10730K/11591K, paused 2ms+3ms
07-01 20:19:47.255    81   129 W AudioTrack: stepServer() could not lock cblk
07-01 20:19:48.466 13835 13837 D dalvikvm: GC_CONCURRENT freed 475K, 8% free 10745K/11591K, paused 3ms+3ms
07-01 20:19:49.606 13835 13837 D dalvikvm: GC_CONCURRENT freed 496K, 8% free 10714K/11591K, paused 2ms+3ms
07-01 20:19:50.724 13835 13934 D dalvikvm: GC_FOR_ALLOC freed 326K, 7% free 10805K/11591K, paused 23ms
07-01 20:19:51.884 13835 13934 D dalvikvm: GC_FOR_ALLOC freed 400K, 8% free 10741K/11591K, paused 22ms
07-01 20:19:53.638 13835 13837 D dalvikvm: GC_CONCURRENT freed 482K, 8% free 10735K/11591K, paused 2ms+2ms
07-01 20:19:54.477 13835 13837 D dalvikvm: GC_CONCURRENT freed 479K, 8% free 10765K/11591K, paused 5ms+5ms
07-01 20:19:55.446 13835 13837 D dalvikvm: GC_CONCURRENT freed 470K, 8% free 10765K/11591K, paused 2ms+3ms
07-01 20:19:56.759 13835 13837 D dalvikvm: GC_CONCURRENT freed 535K, 8% free 10684K/11591K, paused 5ms+14ms
07-01 20:19:57.786 13835 13837 D dalvikvm: GC_CONCURRENT freed 430K, 8% free 10683K/11591K, paused 10ms+3ms
07-01 20:19:58.942 13835 13837 D dalvikvm: GC_CONCURRENT freed 422K, 8% free 10701K/11591K, paused 27ms+3ms
07-01 20:19:59.864 13835 13837 D dalvikvm: GC_CONCURRENT freed 444K, 8% free 10701K/11591K, paused 2ms+3ms
07-01 20:20:01.509 13835 13837 D dalvikvm: GC_CONCURRENT freed 430K, 8% free 10711K/11591K, paused 2ms+2ms
07-01 20:20:02.657 13835 13837 D dalvikvm: GC_CONCURRENT freed 447K, 8% free 10742K/11591K, paused 3ms+3ms
07-01 20:20:03.708 13835 13837 D dalvikvm: GC_CONCURRENT freed 510K, 8% free 10684K/11591K, paused 3ms+6ms
07-01 20:20:04.892 13835 13837 D dalvikvm: GC_CONCURRENT freed 356K, 7% free 10808K/11591K, paused 2ms+3ms
07-01 20:20:06.372 13835 13934 D dalvikvm: GC_FOR_ALLOC freed 502K, 8% free 10678K/11591K, paused 52ms
07-01 20:20:07.196 13835 13837 D dalvikvm: GC_CONCURRENT freed 427K, 8% free 10693K/11591K, paused 8ms+2ms
07-01 20:20:08.259 13835 13837 D dalvikvm: GC_CONCURRENT freed 351K, 8% free 10773K/11591K, paused 2ms+2ms
07-01 20:20:09.372 13835 13934 D dalvikvm: GC_FOR_ALLOC freed 401K, 8% free 10740K/11591K, paused 22ms
07-01 20:20:10.524 13835 13837 D dalvikvm: GC_CONCURRENT freed 469K, 8% free 10748K/11591K, paused 8ms+6ms
07-01 20:20:11.708 13835 13837 D dalvikvm: GC_CONCURRENT freed 522K, 8% free 10680K/11591K, paused 3ms+2ms
07-01 20:20:12.583 14063 14064 D dalvikvm: GC_CONCURRENT freed 512K, 7% free 10385K/11079K, paused 2ms+3ms
07-01 20:20:12.759 13246 13248 D dalvikvm: GC_CONCURRENT freed 514K, 7% free 10135K/10887K, paused 2ms+5ms
07-01 20:20:12.786 13835 13837 D dalvikvm: GC_CONCURRENT freed 353K, 8% free 10760K/11591K, paused 14ms+3ms
07-01 20:20:14.212 13835 13934 D dalvikvm: GC_FOR_ALLOC freed 406K, 8% free 10741K/11591K, paused 28ms
07-01 20:20:15.259 13835 13934 D dalvikvm: GC_FOR_ALLOC freed 404K, 8% free 10741K/11591K, paused 67ms
07-01 20:20:16.282 13835 13837 D dalvikvm: GC_CONCURRENT freed 404K, 7% free 10803K/11591K, paused 18ms+3ms
07-01 20:20:17.267 13835 13934 D dalvikvm: GC_FOR_ALLOC freed 413K, 8% free 10741K/11591K, paused 22ms
07-01 20:20:18.380 13835 13837 D dalvikvm: GC_CONCURRENT freed 405K, 7% free 10795K/11591K, paused 3ms+2ms
07-01 20:20:19.505 13835 13934 D dalvikvm: GC_FOR_ALLOC freed 411K, 7% free 10804K/11591K, paused 22ms
07-01 20:20:20.630 13835 13934 D dalvikvm: GC_FOR_ALLOC freed 400K, 8% free 10741K/11591K, paused 24ms
07-01 20:20:21.747 13835 13934 D dalvikvm: GC_FOR_ALLOC freed 407K, 8% free 10741K/11591K, paused 25ms
07-01 20:20:22.938 13835 13837 D dalvikvm: GC_CONCURRENT freed 407K, 7% free 10804K/11591K, paused 2ms+3ms
07-01 20:20:24.212 13835 13934 D dalvikvm: GC_FOR_ALLOC freed 404K, 7% free 10804K/11591K, paused 23ms
07-01 20:20:25.224 13835 13934 D dalvikvm: GC_FOR_ALLOC freed 403K, 7% free 10805K/11591K, paused 66ms
07-01 20:20:26.231 13835 13837 D dalvikvm: GC_CONCURRENT freed 590K, 8% free 10698K/11591K, paused 3ms+3ms
07-01 20:20:27.360 13835 13837 D dalvikvm: GC_CONCURRENT freed 449K, 8% free 10701K/11591K, paused 3ms+3ms
07-01 20:20:28.431 13835 13837 D dalvikvm: GC_CONCURRENT freed 431K, 8% free 10769K/11591K, paused 3ms+3ms
07-01 20:20:29.536 13835 13934 D dalvikvm: GC_FOR_ALLOC freed 406K, 8% free 10741K/11591K, paused 23ms
07-01 20:20:30.665 13835 13934 D dalvikvm: GC_FOR_ALLOC freed 405K, 8% free 10742K/11591K, paused 26ms
07-01 20:20:32.145 13835 13837 D dalvikvm: GC_CONCURRENT freed 506K, 8% free 10705K/11591K, paused 25ms+3ms
07-01 20:20:33.923 13835 13837 D dalvikvm: GC_CONCURRENT freed 461K, 8% free 10726K/11591K, paused 8ms+6ms
07-01 20:20:34.934 13835 13837 D dalvikvm: GC_CONCURRENT freed 430K, 8% free 10751K/11591K, paused 2ms+3ms
07-01 20:20:36.009 13835 13837 D dalvikvm: GC_CONCURRENT freed 505K, 8% free 10707K/11591K, paused 2ms+3ms
07-01 20:20:37.142 13835 13837 D dalvikvm: GC_CONCURRENT freed 456K, 8% free 10746K/11591K, paused 8ms+5ms
07-01 20:20:37.208 12856 12858 D dalvikvm: GC_CONCURRENT freed 404K, 9% free 10290K/11207K, paused 2ms+100ms
07-01 20:20:37.337 12856 13188 D dalvikvm: GC_FOR_ALLOC freed 302K, 9% free 10245K/11207K, paused 53ms
07-01 20:20:37.337 12856 13188 I dalvikvm-heap: Grow heap (frag case) to 10.417MB for 360016-byte allocation
07-01 20:20:37.372 12856 13188 D dalvikvm: GC_FOR_ALLOC freed 2K, 9% free 10595K/11591K, paused 18ms
07-01 20:20:37.489 12856 12856 D dalvikvm: GC_FOR_ALLOC freed 126K, 9% free 10596K/11591K, paused 61ms
07-01 20:20:37.661   216   218 D dalvikvm: GC_CONCURRENT freed 315K, 30% free 10121K/14343K, paused 11ms+3ms
07-01 20:20:38.759 13835 13837 D dalvikvm: GC_CONCURRENT freed 469K, 8% free 10725K/11591K, paused 2ms+3ms
07-01 20:20:40.845 13835 13934 D dalvikvm: GC_FOR_ALLOC freed 469K, 8% free 10678K/11591K, paused 78ms
07-01 20:20:41.794 13835 13837 D dalvikvm: GC_CONCURRENT freed 397K, 8% free 10742K/11591K, paused 2ms+2ms
07-01 20:20:42.782 13835 13934 D dalvikvm: GC_FOR_ALLOC freed 398K, 8% free 10678K/11591K, paused 30ms
07-01 20:20:43.833 13835 13837 D dalvikvm: GC_CONCURRENT freed 399K, 8% free 10742K/11591K, paused 2ms+4ms
07-01 20:20:45.970 13835 13934 D dalvikvm: GC_FOR_ALLOC freed 399K, 8% free 10742K/11591K, paused 49ms
07-01 20:20:46.989 13835 13934 D dalvikvm: GC_FOR_ALLOC freed 393K, 8% free 10742K/11591K, paused 23ms
07-01 20:20:47.993 13835 13934 D dalvikvm: GC_FOR_ALLOC freed 394K, 8% free 10742K/11591K, paused 22ms
07-01 20:20:49.036 13835 13934 D dalvikvm: GC_FOR_ALLOC freed 394K, 8% free 10742K/11591K, paused 60ms
07-01 20:20:50.048 14128 14141 I PhoneLab-: Service Running
07-01 20:20:50.052 13835 13934 D dalvikvm: GC_FOR_ALLOC freed 394K, 8% free 10742K/11591K, paused 36ms
07-01 20:20:50.106 14128 14141 I PhoneLab-LoggerService: app_37    1360  1     1436   996   c00f181c 400107b4 S logcat
07-01 20:20:50.106 14128 14141 I PhoneLab-LoggerService: Logcat pid from database 1360
07-01 20:20:50.106 14128 14141 I PhoneLab-LoggerService: Logcat process found 1360
07-01 20:20:50.106 14128 14141 I PhoneLab-LoggerService: Checking Threshold
07-01 20:20:50.110 14128 14141 I PhoneLab-LoggerService: Starting to rename files
07-01 20:20:50.110 14128 14141 I PhoneLab-LoggerService: Files found .. 2
07-01 20:20:51.286 13835 13934 D dalvikvm: GC_FOR_ALLOC freed 397K, 8% free 10742K/11591K, paused 307ms
07-01 20:20:52.063 13835 13934 D dalvikvm: GC_FOR_ALLOC freed 394K, 8% free 10742K/11591K, paused 54ms
07-01 20:20:53.095 13835 13934 D dalvikvm: GC_FOR_ALLOC freed 394K, 8% free 10742K/11591K, paused 87ms
07-01 20:20:54.087 13835 13934 D dalvikvm: GC_FOR_ALLOC freed 394K, 8% free 10742K/11591K, paused 76ms
07-01 20:20:55.126 13835 13934 D dalvikvm: GC_FOR_ALLOC freed 394K, 8% free 10742K/11591K, paused 118ms
07-01 20:20:56.071 13835 13934 D dalvikvm: GC_FOR_ALLOC freed 394K, 8% free 10742K/11591K, paused 36ms
07-01 20:20:57.181 13835 13934 D dalvikvm: GC_FOR_ALLOC freed 394K, 8% free 10742K/11591K, paused 152ms
07-01 20:20:57.626    81   129 W AudioTrack: stepServer() could not lock cblk
07-01 20:20:58.290 13835 13934 D dalvikvm: GC_FOR_ALLOC freed 394K, 8% free 10742K/11591K, paused 219ms
07-01 20:20:59.142 13835 13934 D dalvikvm: GC_FOR_ALLOC freed 394K, 8% free 10742K/11591K, paused 111ms
07-01 20:20:59.880   145   200 D DhcpInfoInternal: makeLinkProperties with empty dns2!
07-01 20:20:59.880   145   200 D DhcpInfoInternal: makeLinkProperties with empty dns2!
07-01 20:21:00.106 13835 13934 D dalvikvm: GC_FOR_ALLOC freed 397K, 8% free 10742K/11591K, paused 23ms
07-01 20:21:00.665 13835 13837 D dalvikvm: GC_CONCURRENT freed 511K, 8% free 10698K/11591K, paused 2ms+4ms
07-01 20:21:01.134 14613 14712 D GetStringObjTask: retrieving from url = http://www.chess.com/api/get_move_status?id=y3ICtufzg6w7rQqcD3KFujVaIanpYba4bIpaeKElV1LNz3Sz4Fk9Yh5CeWaj8h4bQ2RY0CxFVgA%2ByBE5DE%2B1cAuw4i%2Bp2GVj5RbuDPEUotReGbS25iAukuBsuUd%2Fl5dp
07-01 20:21:01.778 14613 14712 D GetStringObjTask: WebRequest SERVER RESPONSE: Success+0
07-01 20:21:02.345 13835 13837 D dalvikvm: GC_CONCURRENT freed 437K, 8% free 10707K/11591K, paused 239ms+2ms
07-01 20:21:03.384 13835 13837 D dalvikvm: GC_CONCURRENT freed 438K, 8% free 10733K/11591K, paused 2ms+2ms
07-01 20:21:04.161 13835 13837 D dalvikvm: GC_CONCURRENT freed 485K, 8% free 10709K/11591K, paused 54ms+3ms
07-01 20:21:05.177 13835 13837 D dalvikvm: GC_CONCURRENT freed 315K, 7% free 10868K/11591K, paused 2ms+2ms
07-01 20:21:06.298 13835 13934 D dalvikvm: GC_FOR_ALLOC freed 401K, 8% free 10741K/11591K, paused 29ms
07-01 20:21:07.380 13835 13837 D dalvikvm: GC_CONCURRENT freed 507K, 8% free 10682K/11591K, paused 3ms+3ms
07-01 20:21:07.841 13835 13837 D dalvikvm: GC_CONCURRENT freed 425K, 8% free 10716K/11591K, paused 3ms+3ms
07-01 20:21:09.036 13835 13837 D dalvikvm: GC_CONCURRENT freed 297K, 7% free 10868K/11591K, paused 2ms+3ms
07-01 20:21:10.247 13835 13934 D dalvikvm: GC_FOR_ALLOC freed 531K, 8% free 10742K/11591K, paused 24ms
07-01 20:21:11.587   145   145 D dalvikvm: GC_EXPLICIT freed 1534K, 24% free 16618K/21639K, paused 3ms+12ms
07-01 20:21:11.649 13835 13837 D dalvikvm: GC_CONCURRENT freed 511K, 7% free 10804K/11591K, paused 2ms+3ms
07-01 20:21:12.677 13835 13934 D dalvikvm: GC_FOR_ALLOC freed 430K, 8% free 10741K/11591K, paused 64ms
07-01 20:21:13.692 13835 13934 D dalvikvm: GC_FOR_ALLOC freed 409K, 8% free 10741K/11591K, paused 72ms
07-01 20:21:14.638 13835 13934 D dalvikvm: GC_FOR_ALLOC freed 409K, 8% free 10741K/11591K, paused 26ms
07-01 20:21:15.731 13835 13934 D dalvikvm: GC_FOR_ALLOC freed 418K, 8% free 10741K/11591K, paused 24ms
07-01 20:21:16.841 13835 13934 D dalvikvm: GC_FOR_ALLOC freed 404K, 8% free 10741K/11591K, paused 24ms
07-01 20:21:18.001 13835 13837 D dalvikvm: GC_CONCURRENT freed 415K, 7% free 10805K/11591K, paused 2ms+3ms
07-01 20:21:19.102 13835 13934 D dalvikvm: GC_FOR_ALLOC freed 538K, 8% free 10678K/11591K, paused 22ms
07-01 20:21:20.239 13835 13837 D dalvikvm: GC_CONCURRENT freed 295K, 7% free 10867K/11591K, paused 2ms+3ms
07-01 20:21:21.798 13835 13837 D dalvikvm: GC_CONCURRENT freed 673K, 8% free 10690K/11591K, paused 10ms+10ms
07-01 20:21:22.759 13835 13837 D dalvikvm: GC_CONCURRENT freed 430K, 8% free 10706K/11591K, paused 26ms+2ms
07-01 20:21:23.704 13835 13837 D dalvikvm: GC_CONCURRENT freed 440K, 8% free 10705K/11591K, paused 3ms+3ms
07-01 20:21:24.856 13835 13837 D dalvikvm: GC_CONCURRENT freed 454K, 8% free 10689K/11591K, paused 2ms+3ms
07-01 20:21:25.841 13835 13837 D dalvikvm: GC_CONCURRENT freed 438K, 8% free 10685K/11591K, paused 3ms+3ms
07-01 20:21:27.653 13835 13934 D dalvikvm: GC_FOR_ALLOC freed 430K, 8% free 10680K/11591K, paused 23ms
07-01 20:21:28.684 13835 13837 D dalvikvm: GC_CONCURRENT freed 395K, 8% free 10742K/11591K, paused 2ms+4ms
07-01 20:21:29.704 13835 13934 D dalvikvm: GC_FOR_ALLOC freed 397K, 7% free 10782K/11591K, paused 28ms
07-01 20:21:31.345 13835 13934 D dalvikvm: GC_FOR_ALLOC freed 541K, 8% free 10693K/11591K, paused 22ms
07-01 20:21:32.747 13835 13837 D dalvikvm: GC_CONCURRENT freed 444K, 8% free 10692K/11591K, paused 71ms+3ms
07-01 20:21:33.466 13835 13837 D dalvikvm: GC_CONCURRENT freed 434K, 8% free 10693K/11591K, paused 23ms+3ms
07-01 20:21:34.520 13835 13837 D dalvikvm: GC_CONCURRENT freed 440K, 8% free 10693K/11591K, paused 27ms+3ms
07-01 20:21:35.438 13835 13837 D dalvikvm: GC_CONCURRENT freed 439K, 8% free 10693K/11591K, paused 2ms+3ms
07-01 20:21:36.548 13835 13837 D dalvikvm: GC_CONCURRENT freed 430K, 8% free 10716K/11591K, paused 2ms+3ms
07-01 20:21:38.067 13835 13837 D dalvikvm: GC_CONCURRENT freed 416K, 7% free 10784K/11591K, paused 2ms+2ms
07-01 20:21:39.767 13835 13837 D dalvikvm: GC_CONCURRENT freed 528K, 8% free 10739K/11591K, paused 2ms+2ms
07-01 20:21:40.645 13835 13837 D dalvikvm: GC_CONCURRENT freed 470K, 8% free 10769K/11591K, paused 3ms+3ms
07-01 20:21:41.802 13835 13837 D dalvikvm: GC_CONCURRENT freed 425K, 7% free 10799K/11591K, paused 6ms+2ms
07-01 20:21:42.888 13835 13837 D dalvikvm: GC_CONCURRENT freed 573K, 8% free 10693K/11591K, paused 2ms+2ms
07-01 20:21:43.938 13835 13837 D dalvikvm: GC_CONCURRENT freed 445K, 8% free 10708K/11591K, paused 50ms+3ms
07-01 20:21:45.657 13835 13837 D dalvikvm: GC_CONCURRENT freed 473K, 8% free 10682K/11591K, paused 16ms+68ms
07-01 20:21:46.204 13835 13837 D dalvikvm: GC_CONCURRENT freed 403K, 8% free 10723K/11591K, paused 4ms+8ms
07-01 20:21:46.567    81   129 W AudioTrack: stepServer() could not lock cblk
07-01 20:21:47.321 13835 13837 D dalvikvm: GC_CONCURRENT freed 452K, 8% free 10726K/11591K, paused 4ms+3ms
07-01 20:21:48.934 13835 13934 D dalvikvm: GC_FOR_ALLOC freed 461K, 8% free 10678K/11591K, paused 22ms
07-01 20:21:49.954 13835 13837 D dalvikvm: GC_CONCURRENT freed 412K, 7% free 10805K/11591K, paused 3ms+2ms
07-01 20:21:50.958 13835 13934 D dalvikvm: GC_FOR_ALLOC freed 414K, 7% free 10805K/11591K, paused 22ms
07-01 20:21:51.950 13835 13934 D dalvikvm: GC_FOR_ALLOC freed 409K, 7% free 10805K/11591K, paused 22ms
07-01 20:21:52.958 13835 13934 D dalvikvm: GC_FOR_ALLOC freed 409K, 7% free 10805K/11591K, paused 22ms
07-01 20:21:54.782 13835 13837 D dalvikvm: GC_CONCURRENT freed 591K, 8% free 10683K/11591K, paused 2ms+3ms
07-01 20:21:56.181 13835 13837 D dalvikvm: GC_CONCURRENT freed 360K, 8% free 10763K/11591K, paused 2ms+4ms
07-01 20:21:57.278 13835 13837 D dalvikvm: GC_CONCURRENT freed 524K, 8% free 10712K/11591K, paused 2ms+3ms
07-01 20:21:58.313 13835 13837 D dalvikvm: GC_CONCURRENT freed 432K, 8% free 10746K/11591K, paused 10ms+3ms
07-01 20:21:59.313 13835 13837 D dalvikvm: GC_CONCURRENT freed 414K, 8% free 10779K/11591K, paused 10ms+2ms
07-01 20:22:00.442 13835 13934 D dalvikvm: GC_FOR_ALLOC freed 515K, 8% free 10699K/11591K, paused 65ms
07-01 20:22:01.501 13835 13837 D dalvikvm: GC_CONCURRENT freed 442K, 8% free 10741K/11591K, paused 2ms+2ms
07-01 20:22:03.177 13835 13837 D dalvikvm: GC_CONCURRENT freed 427K, 7% free 10807K/11591K, paused 2ms+2ms
07-01 20:22:04.227 13835 13934 D dalvikvm: GC_FOR_ALLOC freed 394K, 8% free 10742K/11591K, paused 54ms
07-01 20:22:05.224 13835 13934 D dalvikvm: GC_FOR_ALLOC freed 394K, 8% free 10742K/11591K, paused 83ms
07-01 20:22:06.161 13835 13934 D dalvikvm: GC_FOR_ALLOC freed 394K, 8% free 10742K/11591K, paused 22ms
07-01 20:22:07.200 13835 13934 D dalvikvm: GC_FOR_ALLOC freed 394K, 8% free 10742K/11591K, paused 38ms
07-01 20:22:08.458 13835 13934 D dalvikvm: GC_FOR_ALLOC freed 414K, 8% free 10742K/11591K, paused 36ms
07-01 20:22:09.505 13835 13837 D dalvikvm: GC_CONCURRENT freed 497K, 7% free 10809K/11591K, paused 55ms+2ms
07-01 20:22:10.544 13835 13934 D dalvikvm: GC_FOR_ALLOC freed 432K, 8% free 10742K/11591K, paused 23ms
07-01 20:22:11.700 13835 13934 D dalvikvm: GC_FOR_ALLOC freed 409K, 8% free 10742K/11591K, paused 23ms
07-01 20:22:12.306   306   306 I wpa_supplicant: wlan0: WPA: Group rekeying completed with 94:44:52:17:be:7d [GTK=CCMP]
07-01 20:22:12.712 13835 13837 D dalvikvm: GC_CONCURRENT freed 459K, 8% free 10743K/11591K, paused 2ms+2ms
07-01 20:22:12.989 14063 14064 D dalvikvm: GC_CONCURRENT freed 511K, 7% free 10385K/11079K, paused 2ms+3ms
07-01 20:22:13.142 13246 13248 D dalvikvm: GC_CONCURRENT freed 511K, 7% free 10187K/10887K, paused 6ms+9ms
07-01 20:22:13.407 13246 13248 D dalvikvm: GC_CONCURRENT freed 268K, 6% free 10303K/10887K, paused 2ms+6ms
07-01 20:22:13.825 13835 13934 D dalvikvm: GC_FOR_ALLOC freed 408K, 8% free 10742K/11591K, paused 23ms
07-01 20:22:14.813 13835 13934 D dalvikvm: GC_FOR_ALLOC freed 399K, 8% free 10742K/11591K, paused 23ms
07-01 20:22:16.036 13835 13934 D dalvikvm: GC_FOR_ALLOC freed 399K, 8% free 10742K/11591K, paused 25ms
07-01 20:22:17.278 13835 13934 D dalvikvm: GC_FOR_ALLOC freed 399K, 8% free 10742K/11591K, paused 47ms
07-01 20:22:18.239 13835 13837 D dalvikvm: GC_CONCURRENT freed 399K, 7% free 10811K/11591K, paused 2ms+3ms
07-01 20:22:19.306 13835 13934 D dalvikvm: GC_FOR_ALLOC freed 509K, 8% free 10716K/11591K, paused 28ms
07-01 20:22:20.454 13835 13934 D dalvikvm: GC_FOR_ALLOC freed 331K, 7% free 10804K/11591K, paused 22ms
07-01 20:22:22.239 13835 13934 D dalvikvm: GC_FOR_ALLOC freed 400K, 8% free 10742K/11591K, paused 23ms
07-01 20:22:22.974   345   345 D SAN_SERVICE: *******************************************
07-01 20:22:22.974   345   345 D SAN_SERVICE: DM App Phone Service State - 0
07-01 20:22:22.974   345   345 D SAN_SERVICE: *******************************************
07-01 20:22:23.059 14063 14075 D dalvikvm: GC_EXPLICIT freed 76K, 7% free 10362K/11079K, paused 17ms+11ms
07-01 20:22:23.067   345   347 D dalvikvm: GC_CONCURRENT freed 747K, 9% free 11642K/12679K, paused 3ms+5ms
07-01 20:22:23.142   345   345 D SAN_SERVICE: *******************************************
07-01 20:22:23.142   345   345 D SAN_SERVICE: DM App Phone Service State - 0
07-01 20:22:23.142   345   345 D SAN_SERVICE: *******************************************
07-01 20:22:23.263 13835 13934 D dalvikvm: GC_FOR_ALLOC freed 402K, 8% free 10742K/11591K, paused 53ms
07-01 20:22:24.298 13835 13934 D dalvikvm: GC_FOR_ALLOC freed 399K, 8% free 10741K/11591K, paused 89ms
07-01 20:22:25.302 13835 13837 D dalvikvm: GC_CONCURRENT freed 404K, 7% free 10804K/11591K, paused 5ms+2ms
07-01 20:22:26.321 13835 13934 D dalvikvm: GC_FOR_ALLOC freed 407K, 7% free 10805K/11591K, paused 71ms
07-01 20:22:27.235 13835 13934 D dalvikvm: GC_FOR_ALLOC freed 404K, 7% free 10805K/11591K, paused 23ms
07-01 20:22:28.407 13835 13934 D dalvikvm: GC_FOR_ALLOC freed 404K, 7% free 10804K/11591K, paused 27ms
07-01 20:22:29.434 13835 13934 D dalvikvm: GC_FOR_ALLOC freed 490K, 8% free 10725K/11591K, paused 29ms
07-01 20:22:30.602 13835 13934 D dalvikvm: GC_FOR_ALLOC freed 332K, 7% free 10804K/11591K, paused 23ms
07-01 20:22:31.677 13835 13934 D dalvikvm: GC_FOR_ALLOC freed 508K, 8% free 10702K/11591K, paused 25ms
07-01 20:22:32.798 13835 13837 D dalvikvm: GC_CONCURRENT freed 450K, 8% free 10718K/11591K, paused 3ms+4ms
07-01 20:22:33.876 13835 13837 D dalvikvm: GC_CONCURRENT freed 475K, 8% free 10688K/11591K, paused 2ms+2ms
07-01 20:22:35.005 13835 13837 D dalvikvm: GC_CONCURRENT freed 398K, 8% free 10730K/11591K, paused 7ms+6ms
07-01 20:22:36.700 13835 13837 D dalvikvm: GC_CONCURRENT freed 488K, 8% free 10764K/11591K, paused 3ms+3ms
07-01 20:22:37.806 13835 13837 D dalvikvm: GC_CONCURRENT freed 539K, 8% free 10710K/11591K, paused 11ms+3ms
07-01 20:22:38.802 13835 13837 D dalvikvm: GC_CONCURRENT freed 466K, 8% free 10678K/11591K, paused 2ms+2ms
07-01 20:22:39.798 13835 13837 D dalvikvm: GC_CONCURRENT freed 299K, 7% free 10854K/11591K, paused 2ms+3ms
07-01 20:22:40.806 13835 13934 D dalvikvm: GC_FOR_ALLOC freed 424K, 7% free 10796K/11591K, paused 22ms
07-01 20:22:41.841 13835 13934 D dalvikvm: GC_FOR_ALLOC freed 422K, 7% free 10796K/11591K, paused 22ms
07-01 20:22:42.864 13835 13934 D dalvikvm: GC_FOR_ALLOC freed 401K, 8% free 10736K/11591K, paused 23ms
07-01 20:22:44.009 13835 13934 D dalvikvm: GC_FOR_ALLOC freed 492K, 8% free 10678K/11591K, paused 23ms
07-01 20:22:45.184 13835 13837 D dalvikvm: GC_CONCURRENT freed 412K, 8% free 10752K/11591K, paused 30ms+2ms
07-01 20:22:45.673    81   129 W AudioTrack: stepServer() could not lock cblk
07-01 20:22:46.763 13835 13837 D dalvikvm: GC_CONCURRENT freed 515K, 8% free 10699K/11591K, paused 3ms+3ms
07-01 20:22:48.231   345   345 D SAN_SERVICE: *******************************************
07-01 20:22:48.231   345   345 D SAN_SERVICE: DM App Phone Service State - 0
07-01 20:22:48.231   345   345 D SAN_SERVICE: *******************************************
07-01 20:22:48.294 13835 13837 D dalvikvm: GC_CONCURRENT freed 448K, 8% free 10750K/11591K, paused 3ms+3ms
07-01 20:22:48.532   345   345 D SAN_SERVICE: *******************************************
07-01 20:22:48.532   345   345 D SAN_SERVICE: DM App Phone Service State - 0
07-01 20:22:48.532   345   345 D SAN_SERVICE: *******************************************
07-01 20:22:49.661 13835 13837 D dalvikvm: GC_CONCURRENT freed 492K, 8% free 10713K/11591K, paused 44ms+3ms
07-01 20:22:50.056 14128 14141 I PhoneLab-: Service Running
07-01 20:22:50.106 14128 14141 I PhoneLab-LoggerService: app_37    1360  1     1436   996   c00f181c 400107b4 S logcat
07-01 20:22:50.106 14128 14141 I PhoneLab-LoggerService: Logcat pid from database 1360
07-01 20:22:50.106 14128 14141 I PhoneLab-LoggerService: Logcat process found 1360
07-01 20:22:50.106 14128 14141 I PhoneLab-LoggerService: Checking Threshold
07-01 20:22:50.110 14128 14141 I PhoneLab-LoggerService: Starting to rename files
07-01 20:22:50.110 14128 14141 I PhoneLab-LoggerService: Files found .. 2
07-01 20:22:50.599 13835 13837 D dalvikvm: GC_CONCURRENT freed 421K, 7% free 10785K/11591K, paused 3ms+3ms
07-01 20:22:51.380    81   129 W AudioTrack: stepServer() could not lock cblk
07-01 20:22:52.665    81   129 W AudioFlinger: write blocked for 926 msecs, 15 delayed writes, thread 0x8cd9a0
07-01 20:22:52.821 13835 13934 D dalvikvm: GC_FOR_ALLOC freed 521K, 8% free 10678K/11591K, paused 39ms
07-01 20:22:53.923 13835 13837 D dalvikvm: GC_CONCURRENT freed 398K, 8% free 10742K/11591K, paused 25ms+2ms
07-01 20:22:54.872 13835 13934 D dalvikvm: GC_FOR_ALLOC freed 394K, 8% free 10742K/11591K, paused 25ms
07-01 20:22:55.809 13835 13934 D dalvikvm: GC_FOR_ALLOC freed 394K, 8% free 10742K/11591K, paused 27ms
07-01 20:22:56.809 13835 13934 D dalvikvm: GC_FOR_ALLOC freed 394K, 8% free 10742K/11591K, paused 22ms
07-01 20:22:57.872 13835 13934 D dalvikvm: GC_FOR_ALLOC freed 399K, 8% free 10742K/11591K, paused 21ms
07-01 20:22:58.868 13835 13934 D dalvikvm: GC_FOR_ALLOC freed 399K, 8% free 10742K/11591K, paused 22ms
07-01 20:22:59.856 13835 13934 D dalvikvm: GC_FOR_ALLOC freed 402K, 8% free 10742K/11591K, paused 55ms
07-01 20:23:00.907 13835 13934 D dalvikvm: GC_FOR_ALLOC freed 399K, 8% free 10742K/11591K, paused 22ms
07-01 20:23:02.028 13835 13934 D dalvikvm: GC_FOR_ALLOC freed 486K, 8% free 10678K/11591K, paused 22ms
07-01 20:23:03.267 13835 13837 D dalvikvm: GC_CONCURRENT freed 399K, 8% free 10742K/11591K, paused 2ms+2ms
07-01 20:23:03.638   345   345 D SAN_SERVICE: *******************************************
07-01 20:23:03.638   345   345 D SAN_SERVICE: DM App Phone Service State - 0
07-01 20:23:03.638   345   345 D SAN_SERVICE: *******************************************
07-01 20:23:03.911   345   345 D SAN_SERVICE: *******************************************
07-01 20:23:03.911   345   345 D SAN_SERVICE: DM App Phone Service State - 0
07-01 20:23:03.911   345   345 D SAN_SERVICE: *******************************************
07-01 20:23:04.286 13835 13934 D dalvikvm: GC_FOR_ALLOC freed 399K, 8% free 10742K/11591K, paused 22ms
07-01 20:23:04.981 13835 13837 D dalvikvm: GC_CONCURRENT freed 512K, 8% free 10686K/11591K, paused 3ms+3ms
07-01 20:23:05.989 13835 13837 D dalvikvm: GC_CONCURRENT freed 428K, 8% free 10685K/11591K, paused 2ms+3ms
07-01 20:23:07.212 13835 13837 D dalvikvm: GC_CONCURRENT freed 319K, 7% free 10869K/11591K, paused 2ms+2ms
07-01 20:23:08.235 13835 13934 D dalvikvm: GC_FOR_ALLOC freed 567K, 8% free 10700K/11591K, paused 25ms
07-01 20:23:09.415 13835 13837 D dalvikvm: GC_CONCURRENT freed 411K, 8% free 10753K/11591K, paused 2ms+3ms
07-01 20:23:11.091 13835 13934 D dalvikvm: GC_FOR_ALLOC freed 488K, 8% free 10678K/11591K, paused 49ms
07-01 20:23:12.110 13835 13837 D dalvikvm: GC_CONCURRENT freed 416K, 8% free 10688K/11591K, paused 17ms+3ms
07-01 20:23:12.977 13246 13248 D dalvikvm: GC_CONCURRENT freed 718K, 8% free 10160K/10951K, paused 2ms+6ms
07-01 20:23:13.384 13835 13837 D dalvikvm: GC_CONCURRENT freed 416K, 7% free 10803K/11591K, paused 2ms+2ms
07-01 20:23:13.989   345   345 D SAN_SERVICE: *******************************************
07-01 20:23:13.989   345   345 D SAN_SERVICE: DM App Phone Service State - 0
07-01 20:23:13.989   345   345 D SAN_SERVICE: *******************************************
07-01 20:23:14.442 13835 13934 D dalvikvm: GC_FOR_ALLOC freed 404K, 8% free 10741K/11591K, paused 24ms
07-01 20:23:15.974 13835 13837 D dalvikvm: GC_CONCURRENT freed 405K, 7% free 10806K/11591K, paused 2ms+3ms
07-01 20:23:17.321 13835 13837 D dalvikvm: GC_CONCURRENT freed 596K, 8% free 10683K/11591K, paused 2ms+3ms
07-01 20:23:18.216 13835 13837 D dalvikvm: GC_CONCURRENT freed 426K, 8% free 10689K/11591K, paused 21ms+3ms
07-01 20:23:19.313 13835 13837 D dalvikvm: GC_CONCURRENT freed 429K, 8% free 10729K/11591K, paused 45ms+2ms
07-01 20:23:20.431 13835 13837 D dalvikvm: GC_CONCURRENT freed 484K, 8% free 10741K/11591K, paused 3ms+4ms
07-01 20:23:21.126 12856 12858 D dalvikvm: GC_CONCURRENT freed 360K, 9% free 10641K/11591K, paused 2ms+10ms
07-01 20:23:21.470 13835 13837 D dalvikvm: GC_CONCURRENT freed 411K, 7% free 10791K/11591K, paused 8ms+4ms
07-01 20:23:22.630 13835 13934 D dalvikvm: GC_FOR_ALLOC freed 552K, 8% free 10692K/11591K, paused 23ms
07-01 20:23:23.462 13835 13837 D dalvikvm: GC_CONCURRENT freed 421K, 8% free 10703K/11591K, paused 24ms+2ms
07-01 20:23:24.567 13835 13837 D dalvikvm: GC_CONCURRENT freed 411K, 8% free 10778K/11591K, paused 6ms+9ms
07-01 20:23:24.688   145   200 D DhcpInfoInternal: makeLinkProperties with empty dns2!
07-01 20:23:24.688   145   200 D DhcpInfoInternal: makeLinkProperties with empty dns2!
07-01 20:23:25.677 13835 13837 D dalvikvm: GC_CONCURRENT freed 520K, 8% free 10727K/11591K, paused 3ms+2ms
07-01 20:23:26.817 13835 13837 D dalvikvm: GC_CONCURRENT freed 428K, 8% free 10766K/11591K, paused 2ms+4ms
07-01 20:23:28.497 13835 13837 D dalvikvm: GC_CONCURRENT freed 514K, 8% free 10705K/11591K, paused 3ms+3ms
07-01 20:23:32.368 13835 13837 D dalvikvm: GC_CONCURRENT freed 402K, 8% free 10742K/11591K, paused 12ms+3ms
07-01 20:23:33.282 13835 13934 D dalvikvm: GC_FOR_ALLOC freed 393K, 8% free 10742K/11591K, paused 26ms
07-01 20:23:34.282 13835 13934 D dalvikvm: GC_FOR_ALLOC freed 394K, 8% free 10742K/11591K, paused 26ms
07-01 20:23:35.333 13835 13934 D dalvikvm: GC_FOR_ALLOC freed 394K, 8% free 10742K/11591K, paused 77ms
07-01 20:23:36.286 13835 13934 D dalvikvm: GC_FOR_ALLOC freed 394K, 8% free 10742K/11591K, paused 30ms
07-01 20:23:37.282 13835 13934 D dalvikvm: GC_FOR_ALLOC freed 394K, 8% free 10742K/11591K, paused 24ms
07-01 20:23:38.306 13835 13934 D dalvikvm: GC_FOR_ALLOC freed 397K, 8% free 10742K/11591K, paused 47ms
07-01 20:23:39.349 13835 13934 D dalvikvm: GC_FOR_ALLOC freed 394K, 8% free 10742K/11591K, paused 79ms
07-01 20:23:40.321 13835 13934 D dalvikvm: GC_FOR_ALLOC freed 394K, 8% free 10742K/11591K, paused 51ms
07-01 20:23:41.286 13835 13934 D dalvikvm: GC_FOR_ALLOC freed 394K, 8% free 10742K/11591K, paused 24ms
07-01 20:23:42.958 13835 13934 D dalvikvm: GC_FOR_ALLOC freed 394K, 8% free 10742K/11591K, paused 47ms
07-01 20:23:43.919 13835 13934 D dalvikvm: GC_FOR_ALLOC freed 393K, 8% free 10742K/11591K, paused 26ms
07-01 20:23:44.923 13835 13934 D dalvikvm: GC_FOR_ALLOC freed 394K, 8% free 10742K/11591K, paused 22ms
07-01 20:23:45.938 13835 13934 D dalvikvm: GC_FOR_ALLOC freed 394K, 8% free 10742K/11591K, paused 24ms
07-01 20:23:46.989 13835 13934 D dalvikvm: GC_FOR_ALLOC freed 394K, 8% free 10742K/11591K, paused 78ms
07-01 20:23:47.962 13835 13934 D dalvikvm: GC_FOR_ALLOC freed 397K, 8% free 10742K/11591K, paused 55ms
07-01 20:23:48.993 13835 13934 D dalvikvm: GC_FOR_ALLOC freed 394K, 8% free 10742K/11591K, paused 28ms
07-01 20:23:49.681   345   345 D SAN_SERVICE: *******************************************
07-01 20:23:49.681   345   345 D SAN_SERVICE: DM App Phone Service State - 0
07-01 20:23:49.681   345   345 D SAN_SERVICE: *******************************************
07-01 20:23:49.923   345   345 D SAN_SERVICE: *******************************************
07-01 20:23:49.923   345   345 D SAN_SERVICE: DM App Phone Service State - 0
07-01 20:23:49.923   345   345 D SAN_SERVICE: *******************************************
07-01 20:23:50.036 13835 13934 D dalvikvm: GC_FOR_ALLOC freed 394K, 8% free 10742K/11591K, paused 66ms
07-01 20:23:50.200   345   345 D SAN_SERVICE: *******************************************
07-01 20:23:50.204   345   345 D SAN_SERVICE: DM App Phone Service State - 0
07-01 20:23:50.204   345   345 D SAN_SERVICE: *******************************************
07-01 20:23:51.040 13835 13934 D dalvikvm: GC_FOR_ALLOC freed 394K, 8% free 10742K/11591K, paused 69ms
07-01 20:23:52.118 13835 13934 D dalvikvm: GC_FOR_ALLOC freed 394K, 8% free 10742K/11591K, paused 145ms
07-01 20:23:53.017 13835 13934 D dalvikvm: GC_FOR_ALLOC freed 394K, 8% free 10742K/11591K, paused 22ms
07-01 20:23:54.099 13835 13934 D dalvikvm: GC_FOR_ALLOC freed 394K, 8% free 10742K/11591K, paused 58ms
07-01 20:23:55.087 13835 13934 D dalvikvm: GC_FOR_ALLOC freed 394K, 8% free 10742K/11591K, paused 23ms
07-01 20:23:56.079 13835 13934 D dalvikvm: GC_FOR_ALLOC freed 397K, 8% free 10742K/11591K, paused 40ms
07-01 20:23:57.161 13835 13934 D dalvikvm: GC_FOR_ALLOC freed 394K, 8% free 10742K/11591K, paused 26ms
07-01 20:23:58.247 13835 13934 D dalvikvm: GC_FOR_ALLOC freed 394K, 8% free 10742K/11591K, paused 22ms
07-01 20:23:59.251 13835 13934 D dalvikvm: GC_FOR_ALLOC freed 394K, 8% free 10742K/11591K, paused 26ms
07-01 20:24:00.247 13835 13934 D dalvikvm: GC_FOR_ALLOC freed 394K, 8% free 10742K/11591K, paused 23ms
07-01 20:24:01.309 13835 13934 D dalvikvm: GC_FOR_ALLOC freed 394K, 8% free 10742K/11591K, paused 81ms
07-01 20:24:02.337 13835 13934 D dalvikvm: GC_FOR_ALLOC freed 398K, 8% free 10742K/11591K, paused 22ms
07-01 20:24:02.751 13835 13837 D dalvikvm: GC_CONCURRENT freed 506K, 8% free 10711K/11591K, paused 2ms+2ms
07-01 20:24:04.493 13835 13934 D dalvikvm: GC_FOR_ALLOC freed 449K, 8% free 10678K/11591K, paused 23ms
07-01 20:24:04.993 13835 13837 D dalvikvm: GC_CONCURRENT freed 410K, 8% free 10706K/11591K, paused 2ms+3ms
07-01 20:24:05.294   345   345 D SAN_SERVICE: *******************************************
07-01 20:24:05.294   345   345 D SAN_SERVICE: DM App Phone Service State - 0
07-01 20:24:05.294   345   345 D SAN_SERVICE: *******************************************
07-01 20:24:05.841   345   345 D SAN_SERVICE: *******************************************
07-01 20:24:05.841   345   345 D SAN_SERVICE: DM App Phone Service State - 0
07-01 20:24:05.841   345   345 D SAN_SERVICE: *******************************************
07-01 20:24:06.251 13835 13837 D dalvikvm: GC_CONCURRENT freed 298K, 7% free 10868K/11591K, paused 3ms+2ms
07-01 20:24:08.056 13835 13837 D dalvikvm: GC_CONCURRENT freed 672K, 8% free 10686K/11591K, paused 2ms+7ms
07-01 20:24:08.684 13835 13837 D dalvikvm: GC_CONCURRENT freed 429K, 8% free 10686K/11591K, paused 2ms+5ms
07-01 20:24:09.477 13835 13837 D dalvikvm: GC_CONCURRENT freed 360K, 8% free 10760K/11591K, paused 3ms+3ms
07-01 20:24:10.622 13835 13837 D dalvikvm: GC_CONCURRENT freed 495K, 8% free 10752K/11591K, paused 4ms+2ms
07-01 20:24:11.833 13835 13837 D dalvikvm: GC_CONCURRENT freed 474K, 8% free 10753K/11591K, paused 2ms+3ms
07-01 20:24:12.934 13835 13837 D dalvikvm: GC_CONCURRENT freed 508K, 8% free 10704K/11591K, paused 2ms+3ms
07-01 20:24:13.067 14063 14064 D dalvikvm: GC_CONCURRENT freed 500K, 7% free 10374K/11079K, paused 2ms+7ms
07-01 20:24:13.591 13993 13994 D dalvikvm: GC_CONCURRENT freed 685K, 7% free 11542K/12359K, paused 13ms+3ms
07-01 20:24:14.052 13835 13837 D dalvikvm: GC_CONCURRENT freed 446K, 8% free 10721K/11591K, paused 3ms+3ms
07-01 20:24:15.142 13835 13934 D dalvikvm: GC_FOR_ALLOC freed 338K, 7% free 10798K/11591K, paused 23ms
07-01 20:24:15.235   345   345 D SAN_SERVICE: *******************************************
07-01 20:24:15.235   345   345 D SAN_SERVICE: DM App Phone Service State - 0
07-01 20:24:15.235   345   345 D SAN_SERVICE: *******************************************
07-01 20:24:16.309 13835 13934 D dalvikvm: GC_FOR_ALLOC freed 405K, 8% free 10678K/11591K, paused 23ms
07-01 20:24:17.384 13835 13837 D dalvikvm: GC_CONCURRENT freed 407K, 8% free 10718K/11591K, paused 12ms+2ms
07-01 20:24:18.520 13835 13934 D dalvikvm: GC_FOR_ALLOC freed 405K, 8% free 10741K/11591K, paused 22ms
07-01 20:24:19.618 13835 13934 D dalvikvm: GC_FOR_ALLOC freed 412K, 8% free 10756K/11591K, paused 27ms
07-01 20:24:20.915 13835 13934 D dalvikvm: GC_FOR_ALLOC freed 405K, 8% free 10741K/11591K, paused 26ms
07-01 20:24:21.915 13835 13934 D dalvikvm: GC_FOR_ALLOC freed 404K, 8% free 10741K/11591K, paused 27ms
07-01 20:24:23.208 13835 13837 D dalvikvm: GC_CONCURRENT freed 407K, 7% free 10804K/11591K, paused 2ms+3ms
07-01 20:24:24.243 13835 13934 D dalvikvm: GC_FOR_ALLOC freed 409K, 8% free 10741K/11591K, paused 72ms
07-01 20:24:25.571 13835 13837 D dalvikvm: GC_CONCURRENT freed 406K, 7% free 10806K/11591K, paused 2ms+268ms
07-01 20:24:26.411 13835 13837 D dalvikvm: GC_CONCURRENT freed 536K, 8% free 10744K/11591K, paused 3ms+2ms
07-01 20:24:26.927    81   129 W AudioTrack: stepServer() could not lock cblk
07-01 20:24:27.638 13835 13837 D dalvikvm: GC_CONCURRENT freed 509K, 8% free 10714K/11591K, paused 2ms+2ms
07-01 20:24:28.669 13835 13837 D dalvikvm: GC_CONCURRENT freed 387K, 8% free 10774K/11591K, paused 3ms+3ms
07-01 20:24:30.755 13835 13934 D dalvikvm: GC_FOR_ALLOC freed 530K, 8% free 10678K/11591K, paused 23ms
07-01 20:24:30.892 13835 13837 D dalvikvm: GC_CONCURRENT freed 419K, 8% free 10725K/11591K, paused 3ms+2ms
07-01 20:24:31.743 12840 12842 D dalvikvm: GC_CONCURRENT freed 680K, 17% free 11442K/13639K, paused 3ms+7ms
07-01 20:24:32.684 13835 13837 D dalvikvm: GC_CONCURRENT freed 487K, 8% free 10680K/11591K, paused 13ms+4ms
07-01 20:24:33.950 13835 13837 D dalvikvm: GC_CONCURRENT freed 419K, 8% free 10701K/11591K, paused 2ms+3ms
07-01 20:24:35.040 13835 13837 D dalvikvm: GC_CONCURRENT freed 432K, 8% free 10734K/11591K, paused 51ms+3ms
07-01 20:24:36.044 13835 13934 D dalvikvm: GC_FOR_ALLOC freed 387K, 8% free 10741K/11591K, paused 26ms
07-01 20:24:37.067 13835 13934 D dalvikvm: GC_FOR_ALLOC freed 404K, 8% free 10741K/11591K, paused 23ms
07-01 20:24:38.149 13835 13837 D dalvikvm: GC_CONCURRENT freed 497K, 8% free 10688K/11591K, paused 4ms+2ms
07-01 20:24:39.306 13835 13837 D dalvikvm: GC_CONCURRENT freed 432K, 7% free 10789K/11591K, paused 2ms+3ms
07-01 20:24:41.052 13835 13934 D dalvikvm: GC_FOR_ALLOC freed 550K, 8% free 10678K/11591K, paused 23ms
07-01 20:24:42.126 13835 13837 D dalvikvm: GC_CONCURRENT freed 420K, 8% free 10684K/11591K, paused 5ms+4ms
07-01 20:24:43.372 13835 13837 D dalvikvm: GC_CONCURRENT freed 421K, 7% free 10803K/11591K, paused 2ms+3ms
07-01 20:24:44.399 13835 13934 D dalvikvm: GC_FOR_ALLOC freed 465K, 8% free 10736K/11591K, paused 38ms
07-01 20:24:45.559 13835 13837 D dalvikvm: GC_CONCURRENT freed 371K, 7% free 10828K/11591K, paused 3ms+2ms
07-01 20:24:46.673 13835 13934 D dalvikvm: GC_FOR_ALLOC freed 405K, 8% free 10741K/11591K, paused 22ms
07-01 20:24:47.782 13835 13837 D dalvikvm: GC_CONCURRENT freed 495K, 8% free 10731K/11591K, paused 4ms+5ms
07-01 20:24:48.950 13835 13934 D dalvikvm: GC_FOR_ALLOC freed 341K, 7% free 10804K/11591K, paused 23ms
07-01 20:24:50.122 14128 14141 I PhoneLab-: Service Running
07-01 20:24:50.204 13835 13934 D dalvikvm: GC_FOR_ALLOC freed 404K, 7% free 10804K/11591K, paused 42ms
07-01 20:24:50.227 14128 14141 I PhoneLab-LoggerService: app_37    1360  1     1436   996   c00f181c 400107b4 S logcat
07-01 20:24:50.227 14128 14141 I PhoneLab-LoggerService: Logcat pid from database 1360
07-01 20:24:50.227 14128 14141 I PhoneLab-LoggerService: Logcat process found 1360
07-01 20:24:50.227 14128 14141 I PhoneLab-LoggerService: Checking Threshold
07-01 20:24:50.231 14128 14141 I PhoneLab-LoggerService: Starting to rename files
07-01 20:24:50.231 14128 14141 I PhoneLab-LoggerService: Files found .. 2
07-01 20:24:51.192 13835 13934 D dalvikvm: GC_FOR_ALLOC freed 405K, 7% free 10806K/11591K, paused 25ms
07-01 20:24:52.423 13835 13934 D dalvikvm: GC_FOR_ALLOC freed 441K, 7% free 10805K/11591K, paused 23ms
07-01 20:24:53.454 13835 13934 D dalvikvm: GC_FOR_ALLOC freed 416K, 8% free 10741K/11591K, paused 26ms
07-01 20:24:54.567 13835 13837 D dalvikvm: GC_CONCURRENT freed 411K, 7% free 10804K/11591K, paused 2ms+3ms
07-01 20:24:55.657 13835 13934 D dalvikvm: GC_FOR_ALLOC freed 544K, 8% free 10685K/11591K, paused 28ms
07-01 20:24:56.821 13835 13837 D dalvikvm: GC_CONCURRENT freed 420K, 8% free 10716K/11591K, paused 3ms+2ms
07-01 20:24:58.044 13835 13837 D dalvikvm: GC_CONCURRENT freed 344K, 7% free 10837K/11591K, paused 2ms+2ms
07-01 20:24:59.134 13835 13934 D dalvikvm: GC_FOR_ALLOC freed 409K, 8% free 10744K/11591K, paused 27ms
07-01 20:25:00.200 13835 13934 D dalvikvm: GC_FOR_ALLOC freed 501K, 8% free 10680K/11591K, paused 35ms
07-01 20:25:01.352 13835 13837 D dalvikvm: GC_CONCURRENT freed 316K, 7% free 10803K/11591K, paused 2ms+2ms
07-01 20:25:02.380 13835 13934 D dalvikvm: GC_FOR_ALLOC freed 510K, 8% free 10694K/11591K, paused 48ms
07-01 20:25:03.817 13835 13837 D dalvikvm: GC_CONCURRENT freed 310K, 7% free 10867K/11591K, paused 2ms+3ms
07-01 20:25:04.852 13835 13934 D dalvikvm: GC_FOR_ALLOC freed 400K, 8% free 10741K/11591K, paused 22ms
07-01 20:25:06.013 13835 13837 D dalvikvm: GC_CONCURRENT freed 427K, 7% free 10804K/11591K, paused 30ms+3ms
07-01 20:25:07.005 13835 13934 D dalvikvm: GC_FOR_ALLOC freed 401K, 8% free 10741K/11591K, paused 47ms
07-01 20:25:08.063 13835 13837 D dalvikvm: GC_CONCURRENT freed 487K, 8% free 10731K/11591K, paused 3ms+3ms
07-01 20:25:09.325 13835 13837 D dalvikvm: GC_CONCURRENT freed 372K, 7% free 10804K/11591K, paused 2ms+2ms
07-01 20:25:10.329 13835 13934 D dalvikvm: GC_FOR_ALLOC freed 411K, 8% free 10741K/11591K, paused 23ms
07-01 20:25:11.493 13835 13934 D dalvikvm: GC_FOR_ALLOC freed 404K, 8% free 10741K/11591K, paused 23ms
07-01 20:25:12.892 13835 13837 D dalvikvm: GC_CONCURRENT freed 444K, 7% free 10804K/11591K, paused 2ms+3ms
07-01 20:25:13.169 13246 13248 D dalvikvm: GC_CONCURRENT freed 503K, 8% free 10168K/10951K, paused 2ms+3ms
07-01 20:25:13.306 13246 13248 D dalvikvm: GC_CONCURRENT freed 242K, 6% free 10313K/10951K, paused 11ms+2ms
07-01 20:25:13.911 13835 13934 D dalvikvm: GC_FOR_ALLOC freed 409K, 8% free 10741K/11591K, paused 26ms
07-01 20:25:14.509 13971 13988 D dalvikvm: GC_EXPLICIT freed 309K, 6% free 9714K/10311K, paused 4ms+4ms
07-01 20:25:14.634  3921  3923 D dalvikvm: GC_CONCURRENT freed 421K, 6% free 10399K/10951K, paused 6ms+11ms
07-01 20:25:14.934 13835 13837 D dalvikvm: GC_CONCURRENT freed 504K, 7% free 10808K/11591K, paused 2ms+4ms
07-01 20:25:16.134 13835 13934 D dalvikvm: GC_FOR_ALLOC freed 405K, 8% free 10741K/11591K, paused 86ms
07-01 20:25:17.114 13835 13837 D dalvikvm: GC_CONCURRENT freed 404K, 7% free 10804K/11591K, paused 2ms+2ms
07-01 20:25:18.267 13835 13934 D dalvikvm: GC_FOR_ALLOC freed 406K, 7% free 10804K/11591K, paused 22ms
07-01 20:25:19.325 13835 13934 D dalvikvm: GC_FOR_ALLOC freed 494K, 8% free 10709K/11591K, paused 24ms
07-01 20:25:20.407 13835 13837 D dalvikvm: GC_CONCURRENT freed 417K, 7% free 10787K/11591K, paused 2ms+3ms
07-01 20:25:21.540 13835 13837 D dalvikvm: GC_CONCURRENT freed 389K, 7% free 10868K/11591K, paused 2ms+2ms
07-01 20:25:22.638 13835 13934 D dalvikvm: GC_FOR_ALLOC freed 401K, 8% free 10741K/11591K, paused 23ms
07-01 20:25:23.767 13835 13837 D dalvikvm: GC_CONCURRENT freed 404K, 7% free 10870K/11591K, paused 2ms+2ms
07-01 20:25:24.950 13835 13837 D dalvikvm: GC_CONCURRENT freed 678K, 8% free 10703K/11591K, paused 3ms+2ms
07-01 20:25:26.009 13835 13837 D dalvikvm: GC_CONCURRENT freed 359K, 7% free 10804K/11591K, paused 2ms+2ms
07-01 20:25:27.181   345   345 D SAN_SERVICE: *******************************************
07-01 20:25:27.181   345   345 D SAN_SERVICE: DM App Phone Service State - 0
07-01 20:25:27.181   345   345 D SAN_SERVICE: *******************************************
07-01 20:25:27.466   345   345 D SAN_SERVICE: *******************************************
07-01 20:25:27.466   345   345 D SAN_SERVICE: DM App Phone Service State - 0
07-01 20:25:27.466   345   345 D SAN_SERVICE: *******************************************
07-01 20:25:27.747 13835 13837 D dalvikvm: GC_CONCURRENT freed 598K, 8% free 10680K/11591K, paused 2ms+2ms
07-01 20:25:28.880 13835 13837 D dalvikvm: GC_CONCURRENT freed 418K, 8% free 10718K/11591K, paused 7ms+3ms
07-01 20:25:29.985 13835 13837 D dalvikvm: GC_CONCURRENT freed 470K, 8% free 10735K/11591K, paused 6ms+2ms
07-01 20:25:31.087 13835 13837 D dalvikvm: GC_CONCURRENT freed 506K, 8% free 10680K/11591K, paused 3ms+3ms
07-01 20:25:31.169   345   345 D SAN_SERVICE: *******************************************
07-01 20:25:31.169   345   345 D SAN_SERVICE: DM App Phone Service State - 0
07-01 20:25:31.169   345   345 D SAN_SERVICE: *******************************************
07-01 20:25:31.481   145   145 D AlarmManagerService: Kernel timezone updated to 240 minutes west of GMT
07-01 20:25:31.485   345   345 D SystemClock: Setting time of day to sec=1341188732
07-01 20:25:32.050   345   345 D SAN_SERVICE: *******************************************
07-01 20:25:32.050   345   345 D SAN_SERVICE: DM App Phone Service State - 0
07-01 20:25:32.050   345   345 D SAN_SERVICE: *******************************************
07-01 20:25:32.113   145   162 I ActivityManager: Start proc com.android.calendar for broadcast com.android.calendar/.widget.CalendarAppWidgetService$CalendarFactory: pid=14755 uid=10005 gids={3003}
07-01 20:25:32.472 14755 14755 I ActivityThread: Pub com.android.calendar.CalendarRecentSuggestionsProvider: com.android.calendar.CalendarRecentSuggestionsProvider
07-01 20:25:32.812   145   395 I ActivityManager: Start proc com.android.deskclock for broadcast com.android.deskclock/.AlarmInitReceiver: pid=14771 uid=10011 gids={}
07-01 20:25:32.847   145   329 I ActivityManager: Start proc com.android.providers.calendar for content provider com.android.providers.calendar/.CalendarProvider2: pid=14783 uid=10006 gids={3003, 1015}
07-01 20:25:32.910    79    79 D dalvikvm: GC_EXPLICIT freed 38K, 4% free 9031K/9347K, paused 2ms+5ms
07-01 20:25:32.949    79    79 D dalvikvm: GC_EXPLICIT freed <1K, 4% free 9031K/9347K, paused 2ms+4ms
07-01 20:25:32.992    79    79 D dalvikvm: GC_EXPLICIT freed <1K, 4% free 9031K/9347K, paused 8ms+2ms
07-01 20:25:33.031 13835 13837 D dalvikvm: GC_CONCURRENT freed 352K, 7% free 10862K/11591K, paused 89ms+2ms
07-01 20:25:33.664 14771 14771 I ActivityThread: Pub com.android.deskclock: com.android.deskclock.AlarmProvider
07-01 20:25:33.871 14783 14783 I ActivityThread: Pub com.android.calendar: com.android.providers.calendar.CalendarProvider2
07-01 20:25:34.003 14771 14797 V AlarmClock: AlarmInitReceiver finished
07-01 20:25:34.105   145   361 I ActivityManager: No longer want com.google.android.youtube (pid 13835): hidden #16
07-01 20:25:34.125   145  1150 W ActivityManager: Scheduling restart of crashed service com.google.android.youtube/.core.transfer.DownloadService in 5000ms
07-01 20:25:35.199 14783 14783 I CalendarProvider2: Sending notification intent: Intent { act=android.intent.action.PROVIDER_CHANGED dat=content://com.android.calendar }
07-01 20:25:35.199 14783 14783 W ContentResolver: Failed to get type for: content://com.android.calendar (Unknown URL content://com.android.calendar)
07-01 20:25:35.535   345   345 D SAN_SERVICE: *******************************************
07-01 20:25:35.535   345   345 D SAN_SERVICE: DM App Phone Service State - 0
07-01 20:25:35.535   345   345 D SAN_SERVICE: *******************************************
07-01 20:25:39.203   145   162 I ActivityManager: Start proc com.google.android.youtube for service com.google.android.youtube/.core.transfer.DownloadService: pid=14804 uid=10057 gids={3003, 1015, 1006}
07-01 20:25:39.414   345   345 D SAN_SERVICE: *******************************************
07-01 20:25:39.418   345   345 D SAN_SERVICE: DM App Phone Service State - 0
07-01 20:25:39.418   345   345 D SAN_SERVICE: *******************************************
07-01 20:25:39.457 14804 14806 D dalvikvm: GC_CONCURRENT freed 141K, 3% free 9356K/9607K, paused 12ms+2ms
07-01 20:25:39.527 14804 14804 I ActivityThread: Pub com.google.android.youtube.SuggestionProvider: com.google.android.youtube.core.suggest.SuggestionProvider
07-01 20:25:39.640  3921  3932 D dalvikvm: GC_EXPLICIT freed 198K, 6% free 10315K/10951K, paused 15ms+3ms
07-01 20:25:39.949   345   345 D SAN_SERVICE: *******************************************
07-01 20:25:39.949   345   345 D SAN_SERVICE: DM App Phone Service State - 0
07-01 20:25:39.949   345   345 D SAN_SERVICE: *******************************************
07-01 20:25:40.027 14804 14806 D dalvikvm: GC_CONCURRENT freed 355K, 5% free 9494K/9927K, paused 2ms+3ms
07-01 20:25:40.027 14804 14813 W CursorWrapperInner: Cursor finalized without prior close()
07-01 20:25:40.027 14804 14813 W CursorWrapperInner: Cursor finalized without prior close()
07-01 20:25:40.121 14804 14806 D dalvikvm: GC_CONCURRENT freed 285K, 4% free 9763K/10119K, paused 2ms+3ms
07-01 20:25:40.253 14804 14806 D dalvikvm: GC_CONCURRENT freed 411K, 5% free 9893K/10375K, paused 2ms+3ms
07-01 20:25:40.367 14804 14806 D dalvikvm: GC_CONCURRENT freed 376K, 5% free 10055K/10503K, paused 1ms+2ms
07-01 20:25:40.484 14804 14806 D dalvikvm: GC_CONCURRENT freed 381K, 5% free 10242K/10695K, paused 2ms+3ms
07-01 20:25:42.273  1401  1404 D dalvikvm: GC_CONCURRENT freed 357K, 5% free 9452K/9927K, paused 1ms+12ms
07-01 20:25:42.554 14804 14806 D dalvikvm: GC_CONCURRENT freed 407K, 5% free 10366K/10887K, paused 5ms+2ms
07-01 20:25:42.828 14804 14848 D dalvikvm: GC_FOR_ALLOC freed 61K, 6% free 10342K/10887K, paused 22ms
07-01 20:25:42.828 14804 14848 I dalvikvm-heap: Grow heap (frag case) to 10.231MB for 65552-byte allocation
07-01 20:25:42.859 14804 14845 D dalvikvm: GC_FOR_ALLOC freed <1K, 6% free 10406K/11015K, paused 22ms
07-01 20:25:42.878 14804 14811 I dalvikvm: Total arena pages for JIT: 11
07-01 20:25:42.882 14804 14811 I dalvikvm: Total arena pages for JIT: 12
07-01 20:25:42.882 14804 14811 I dalvikvm: Total arena pages for JIT: 13
07-01 20:25:42.882 14804 14811 I dalvikvm: Total arena pages for JIT: 14
07-01 20:25:42.882 14804 14811 I dalvikvm: Total arena pages for JIT: 15
07-01 20:25:42.882 14804 14811 I dalvikvm: Total arena pages for JIT: 16
07-01 20:25:42.882 14804 14811 I dalvikvm: Total arena pages for JIT: 17
07-01 20:25:42.902 14804 14811 I dalvikvm: Total arena pages for JIT: 18
07-01 20:25:43.128 14804 14848 D dalvikvm: GC_FOR_ALLOC freed 107K, 6% free 10448K/11015K, paused 22ms
07-01 20:25:43.445 14804 14848 D dalvikvm: GC_FOR_ALLOC freed 303K, 6% free 10494K/11079K, paused 24ms
07-01 20:25:44.152 14804 14848 D dalvikvm: GC_FOR_ALLOC freed 316K, 6% free 10485K/11079K, paused 22ms
07-01 20:25:44.308 14804 14848 D dalvikvm: GC_FOR_ALLOC freed 211K, 6% free 10490K/11079K, paused 59ms
07-01 20:25:44.523 14804 14848 D dalvikvm: GC_FOR_ALLOC freed 162K, 6% free 10498K/11079K, paused 46ms
07-01 20:25:45.394 14804 14848 D dalvikvm: GC_FOR_ALLOC freed 45K, 5% free 10548K/11079K, paused 21ms
07-01 20:25:45.418 14804 14848 D dalvikvm: GC_FOR_ALLOC freed 3K, 5% free 10613K/11079K, paused 23ms
07-01 20:25:45.503 14804 14848 D dalvikvm: GC_FOR_ALLOC freed 353K, 7% free 10512K/11271K, paused 25ms
07-01 20:25:46.488 14804 14848 D dalvikvm: GC_FOR_ALLOC freed 242K, 7% free 10586K/11271K, paused 32ms
07-01 20:25:47.433 14804 14848 D dalvikvm: GC_FOR_ALLOC freed 202K, 6% free 10613K/11271K, paused 50ms
07-01 20:25:47.562 14804 14848 D dalvikvm: GC_FOR_ALLOC freed 353K, 7% free 10512K/11271K, paused 36ms
07-01 20:25:48.519 14804 14848 D dalvikvm: GC_FOR_ALLOC freed 239K, 7% free 10535K/11271K, paused 57ms
07-01 20:25:49.441 14804 14848 D dalvikvm: GC_FOR_ALLOC freed 205K, 6% free 10613K/11271K, paused 22ms
07-01 20:25:49.585 14804 14848 D dalvikvm: GC_FOR_ALLOC freed 353K, 7% free 10512K/11271K, paused 27ms
07-01 20:25:50.117   145   200 D DhcpInfoInternal: makeLinkProperties with empty dns2!
07-01 20:25:50.117   145   200 D DhcpInfoInternal: makeLinkProperties with empty dns2!
07-01 20:25:50.593 14804 14848 D dalvikvm: GC_FOR_ALLOC freed 239K, 7% free 10548K/11271K, paused 22ms
07-01 20:25:51.421 14804 14848 D dalvikvm: GC_FOR_ALLOC freed 200K, 6% free 10613K/11271K, paused 21ms
07-01 20:25:51.628 14804 14848 D dalvikvm: GC_FOR_ALLOC freed 200K, 6% free 10613K/11271K, paused 45ms
07-01 20:25:52.410 14804 14848 D dalvikvm: GC_FOR_ALLOC freed 197K, 6% free 10613K/11271K, paused 24ms
07-01 20:25:52.664 14804 14848 D dalvikvm: GC_FOR_ALLOC freed 197K, 6% free 10613K/11271K, paused 21ms
07-01 20:25:53.410 14804 14848 D dalvikvm: GC_FOR_ALLOC freed 197K, 6% free 10613K/11271K, paused 22ms
07-01 20:25:53.675 14804 14848 D dalvikvm: GC_FOR_ALLOC freed 197K, 6% free 10613K/11271K, paused 48ms
07-01 20:25:54.464 14804 14848 D dalvikvm: GC_FOR_ALLOC freed 197K, 6% free 10613K/11271K, paused 62ms
07-01 20:25:54.656 14804 14848 D dalvikvm: GC_FOR_ALLOC freed 197K, 6% free 10613K/11271K, paused 25ms
07-01 20:25:55.433 14804 14848 D dalvikvm: GC_FOR_ALLOC freed 197K, 6% free 10613K/11271K, paused 42ms
07-01 20:25:55.687 14804 14848 D dalvikvm: GC_FOR_ALLOC freed 197K, 6% free 10613K/11271K, paused 22ms
07-01 20:25:56.410 14804 14848 D dalvikvm: GC_FOR_ALLOC freed 197K, 6% free 10613K/11271K, paused 21ms
07-01 20:25:56.679 14804 14848 D dalvikvm: GC_FOR_ALLOC freed 197K, 6% free 10613K/11271K, paused 47ms
07-01 20:25:57.425 14804 14848 D dalvikvm: GC_FOR_ALLOC freed 197K, 6% free 10613K/11271K, paused 21ms
07-01 20:25:57.683 14804 14848 D dalvikvm: GC_FOR_ALLOC freed 197K, 6% free 10613K/11271K, paused 42ms
07-01 20:25:58.418 14804 14848 D dalvikvm: GC_FOR_ALLOC freed 197K, 6% free 10613K/11271K, paused 26ms
07-01 20:25:58.703 14804 14848 D dalvikvm: GC_FOR_ALLOC freed 197K, 6% free 10613K/11271K, paused 21ms
07-01 20:25:59.445 14804 14848 D dalvikvm: GC_FOR_ALLOC freed 197K, 6% free 10613K/11271K, paused 21ms
07-01 20:25:59.750 14804 14848 D dalvikvm: GC_FOR_ALLOC freed 197K, 6% free 10613K/11271K, paused 43ms
07-01 20:26:00.445 14804 14848 D dalvikvm: GC_FOR_ALLOC freed 200K, 6% free 10613K/11271K, paused 24ms
07-01 20:26:00.769 14804 14848 D dalvikvm: GC_FOR_ALLOC freed 197K, 6% free 10613K/11271K, paused 51ms
07-01 20:26:01.187 14613 14872 D GetStringObjTask: retrieving from url = http://www.chess.com/api/get_move_status?id=y3ICtufzg6w7rQqcD3KFujVaIanpYba4bIpaeKElV1LNz3Sz4Fk9Yh5CeWaj8h4bQ2RY0CxFVgA%2ByBE5DE%2B1cAuw4i%2Bp2GVj5RbuDPEUotReGbS25iAukuBsuUd%2Fl5dp
07-01 20:26:01.414 14804 14848 D dalvikvm: GC_FOR_ALLOC freed 197K, 6% free 10613K/11271K, paused 21ms
07-01 20:26:01.625 14613 14872 D GetStringObjTask: WebRequest SERVER RESPONSE: Success+0
07-01 20:26:01.703 14804 14848 D dalvikvm: GC_FOR_ALLOC freed 197K, 6% free 10613K/11271K, paused 25ms
07-01 20:26:02.449 14804 14848 D dalvikvm: GC_FOR_ALLOC freed 197K, 6% free 10613K/11271K, paused 22ms
07-01 20:26:02.789 14804 14848 D dalvikvm: GC_FOR_ALLOC freed 197K, 6% free 10613K/11271K, paused 72ms
07-01 20:26:03.445 14804 14848 D dalvikvm: GC_FOR_ALLOC freed 197K, 6% free 10613K/11271K, paused 26ms
07-01 20:26:03.785 14804 14848 D dalvikvm: GC_FOR_ALLOC freed 197K, 6% free 10613K/11271K, paused 22ms
07-01 20:26:04.472 14804 14848 D dalvikvm: GC_FOR_ALLOC freed 197K, 6% free 10613K/11271K, paused 22ms
07-01 20:26:04.835 14804 14848 D dalvikvm: GC_FOR_ALLOC freed 197K, 6% free 10613K/11271K, paused 21ms
07-01 20:26:05.601 14804 14848 D dalvikvm: GC_FOR_ALLOC freed 197K, 6% free 10613K/11271K, paused 38ms
07-01 20:26:05.730 14804 14848 D dalvikvm: GC_FOR_ALLOC freed 197K, 6% free 10613K/11271K, paused 29ms
07-01 20:26:06.472 14804 14848 D dalvikvm: GC_FOR_ALLOC freed 197K, 6% free 10613K/11271K, paused 21ms
07-01 20:26:06.781 14804 14848 D dalvikvm: GC_FOR_ALLOC freed 197K, 6% free 10613K/11271K, paused 52ms
07-01 20:26:07.488 14804 14848 D dalvikvm: GC_FOR_ALLOC freed 197K, 6% free 10613K/11271K, paused 49ms
07-01 20:26:07.769 14804 14848 D dalvikvm: GC_FOR_ALLOC freed 197K, 6% free 10613K/11271K, paused 60ms
07-01 20:26:08.492 14804 14848 D dalvikvm: GC_FOR_ALLOC freed 197K, 6% free 10613K/11271K, paused 48ms
07-01 20:26:08.757 14804 14848 D dalvikvm: GC_FOR_ALLOC freed 200K, 6% free 10613K/11271K, paused 22ms
07-01 20:26:09.492 14804 14848 D dalvikvm: GC_FOR_ALLOC freed 197K, 6% free 10613K/11271K, paused 44ms
07-01 20:26:09.785 14804 14848 D dalvikvm: GC_FOR_ALLOC freed 197K, 6% free 10613K/11271K, paused 22ms
07-01 20:26:10.488 14804 14848 D dalvikvm: GC_FOR_ALLOC freed 197K, 6% free 10613K/11271K, paused 46ms
07-01 20:26:10.785 14804 14848 D dalvikvm: GC_FOR_ALLOC freed 197K, 6% free 10613K/11271K, paused 23ms
07-01 20:26:11.503 14804 14848 D dalvikvm: GC_FOR_ALLOC freed 197K, 6% free 10613K/11271K, paused 21ms
07-01 20:26:11.839 14804 14848 D dalvikvm: GC_FOR_ALLOC freed 197K, 6% free 10613K/11271K, paused 26ms
07-01 20:26:12.488 14804 14848 D dalvikvm: GC_FOR_ALLOC freed 197K, 6% free 10613K/11271K, paused 43ms
07-01 20:26:12.625   145  9966 D dalvikvm: GC_EXPLICIT freed 1263K, 24% free 16623K/21639K, paused 77ms+8ms
07-01 20:26:12.855 14804 14848 D dalvikvm: GC_FOR_ALLOC freed 197K, 6% free 10613K/11271K, paused 27ms
07-01 20:26:13.507 14804 14848 D dalvikvm: GC_FOR_ALLOC freed 198K, 6% free 10611K/11271K, paused 23ms
07-01 20:26:13.968 14804 14848 D dalvikvm: GC_FOR_ALLOC freed 197K, 6% free 10611K/11271K, paused 33ms
07-01 20:26:14.019 14063 14064 D dalvikvm: GC_CONCURRENT freed 504K, 7% free 10382K/11079K, paused 24ms+16ms
07-01 20:26:14.160 13246 13248 D dalvikvm: GC_CONCURRENT freed 613K, 8% free 10161K/10951K, paused 1ms+2ms
07-01 20:26:14.496 14804 14848 D dalvikvm: GC_FOR_ALLOC freed 197K, 6% free 10611K/11271K, paused 49ms
07-01 20:26:14.824 14804 14848 D dalvikvm: GC_FOR_ALLOC freed 197K, 6% free 10611K/11271K, paused 22ms
07-01 20:26:15.496 14804 14848 D dalvikvm: GC_FOR_ALLOC freed 197K, 6% free 10611K/11271K, paused 51ms
07-01 20:26:15.824 14804 14848 D dalvikvm: GC_FOR_ALLOC freed 197K, 6% free 10611K/11271K, paused 24ms
07-01 20:26:16.531 14804 14848 D dalvikvm: GC_FOR_ALLOC freed 197K, 6% free 10611K/11271K, paused 43ms
07-01 20:26:16.863 14804 14848 D dalvikvm: GC_FOR_ALLOC freed 197K, 6% free 10611K/11271K, paused 49ms
07-01 20:26:17.562 14804 14848 D dalvikvm: GC_FOR_ALLOC freed 200K, 6% free 10611K/11271K, paused 21ms
07-01 20:26:17.855 14804 14848 D dalvikvm: GC_FOR_ALLOC freed 197K, 6% free 10611K/11271K, paused 45ms
07-01 20:26:18.468 14804 14848 D dalvikvm: GC_FOR_ALLOC freed 197K, 6% free 10611K/11271K, paused 24ms
07-01 20:26:18.824 14804 14848 D dalvikvm: GC_FOR_ALLOC freed 197K, 6% free 10611K/11271K, paused 24ms
07-01 20:26:18.925   345   345 D SAN_SERVICE: *******************************************
07-01 20:26:18.925   345   345 D SAN_SERVICE: DM App Phone Service State - 0
07-01 20:26:18.925   345   345 D SAN_SERVICE: *******************************************
07-01 20:26:19.148   345   345 D SAN_SERVICE: *******************************************
07-01 20:26:19.148   345   345 D SAN_SERVICE: DM App Phone Service State - 0
07-01 20:26:19.148   345   345 D SAN_SERVICE: *******************************************
07-01 20:26:19.515 14804 14848 D dalvikvm: GC_FOR_ALLOC freed 197K, 6% free 10611K/11271K, paused 24ms
07-01 20:26:19.882 14804 14848 D dalvikvm: GC_FOR_ALLOC freed 197K, 6% free 10611K/11271K, paused 22ms
07-01 20:26:20.492 14804 14848 D dalvikvm: GC_FOR_ALLOC freed 197K, 6% free 10611K/11271K, paused 46ms
07-01 20:26:20.835 14804 14848 D dalvikvm: GC_FOR_ALLOC freed 197K, 6% free 10611K/11271K, paused 21ms
07-01 20:26:21.464 14804 14848 D dalvikvm: GC_FOR_ALLOC freed 197K, 6% free 10611K/11271K, paused 21ms
07-01 20:26:21.878 14804 14848 D dalvikvm: GC_FOR_ALLOC freed 197K, 6% free 10611K/11271K, paused 63ms
07-01 20:26:22.464 14804 14848 D dalvikvm: GC_FOR_ALLOC freed 197K, 6% free 10611K/11271K, paused 21ms
07-01 20:26:22.878 14804 14848 D dalvikvm: GC_FOR_ALLOC freed 197K, 6% free 10611K/11271K, paused 54ms
07-01 20:26:23.539 14804 14848 D dalvikvm: GC_FOR_ALLOC freed 197K, 6% free 10611K/11271K, paused 81ms
07-01 20:26:23.835 14804 14848 D dalvikvm: GC_FOR_ALLOC freed 197K, 6% free 10611K/11271K, paused 22ms
07-01 20:26:24.468 14804 14848 D dalvikvm: GC_FOR_ALLOC freed 197K, 6% free 10611K/11271K, paused 25ms
07-01 20:26:24.906 14804 14848 D dalvikvm: GC_FOR_ALLOC freed 197K, 6% free 10611K/11271K, paused 22ms
07-01 20:26:25.515 14804 14848 D dalvikvm: GC_FOR_ALLOC freed 197K, 6% free 10611K/11271K, paused 22ms
07-01 20:26:25.886 14804 14848 D dalvikvm: GC_FOR_ALLOC freed 200K, 6% free 10611K/11271K, paused 45ms
07-01 20:26:26.418   145  1150 I ActivityManager: Process com.google.android.apps.maps:NetworkLocationService (pid 14063) has died.
07-01 20:26:26.437   145  1150 W ActivityManager: Scheduling restart of crashed service com.google.android.apps.maps/com.google.android.location.internal.server.NetworkLocationService in 5000ms
07-01 20:26:26.472 14804 14848 D dalvikvm: GC_FOR_ALLOC freed 197K, 6% free 10611K/11271K, paused 25ms
07-01 20:26:26.875 14804 14848 D dalvikvm: GC_FOR_ALLOC freed 197K, 6% free 10611K/11271K, paused 42ms
07-01 20:26:27.632 14804 14848 D dalvikvm: GC_FOR_ALLOC freed 197K, 6% free 10611K/11271K, paused 21ms
07-01 20:26:27.929 14804 14848 D dalvikvm: GC_FOR_ALLOC freed 197K, 6% free 10611K/11271K, paused 78ms
07-01 20:26:28.632 14804 14848 D dalvikvm: GC_FOR_ALLOC freed 197K, 6% free 10611K/11271K, paused 49ms
07-01 20:26:28.875 14804 14848 D dalvikvm: GC_FOR_ALLOC freed 197K, 6% free 10611K/11271K, paused 21ms
07-01 20:26:28.925   345   345 D SAN_SERVICE: *******************************************
07-01 20:26:28.929   345   345 D SAN_SERVICE: DM App Phone Service State - 0
07-01 20:26:28.929   345   345 D SAN_SERVICE: *******************************************
07-01 20:26:29.230   345   345 D SAN_SERVICE: *******************************************
07-01 20:26:29.230   345   345 D SAN_SERVICE: DM App Phone Service State - 0
07-01 20:26:29.230   345   345 D SAN_SERVICE: *******************************************
07-01 20:26:29.636 14804 14848 D dalvikvm: GC_FOR_ALLOC freed 197K, 6% free 10611K/11271K, paused 24ms
07-01 20:26:31.261 14804 14848 D dalvikvm: GC_FOR_ALLOC freed 197K, 6% free 10611K/11271K, paused 25ms
07-01 20:26:31.328 14804 14848 D dalvikvm: GC_FOR_ALLOC freed 196K, 6% free 10611K/11271K, paused 21ms
07-01 20:26:31.546   145   162 I ActivityManager: Start proc com.google.android.apps.maps:NetworkLocationService for service com.google.android.apps.maps/com.google.android.location.internal.server.NetworkLocationService: pid=14875 uid=10056 gids={3003, 1015}
07-01 20:26:31.980 14875 14876 D dalvikvm: GC_CONCURRENT freed 156K, 3% free 9380K/9607K, paused 16ms+3ms
07-01 20:26:32.343 14804 14848 D dalvikvm: GC_FOR_ALLOC freed 197K, 6% free 10611K/11271K, paused 52ms
07-01 20:26:32.531 14804 14848 D dalvikvm: GC_FOR_ALLOC freed 197K, 6% free 10611K/11271K, paused 37ms
07-01 20:26:32.609 14875 14876 D dalvikvm: GC_CONCURRENT freed 153K, 3% free 9676K/9927K, paused 5ms+2ms
07-01 20:26:32.972 14875 14876 D dalvikvm: GC_CONCURRENT freed 171K, 3% free 10068K/10311K, paused 4ms+4ms
07-01 20:26:33.160 14875 14876 D dalvikvm: GC_CONCURRENT freed 667K, 8% free 9887K/10631K, paused 2ms+5ms
07-01 20:26:33.312 14804 14848 D dalvikvm: GC_FOR_ALLOC freed 197K, 6% free 10611K/11271K, paused 25ms
07-01 20:26:33.476 14875 14879 I dalvikvm: Total arena pages for JIT: 11
07-01 20:26:33.480 14875 14879 I dalvikvm: Total arena pages for JIT: 12
07-01 20:26:33.480 14875 14879 I dalvikvm: Total arena pages for JIT: 13
07-01 20:26:33.480 14875 14879 I dalvikvm: Total arena pages for JIT: 14
07-01 20:26:33.480 14875 14879 I dalvikvm: Total arena pages for JIT: 15
07-01 20:26:33.484 14875 14879 I dalvikvm: Total arena pages for JIT: 16
07-01 20:26:33.484 14875 14879 I dalvikvm: Total arena pages for JIT: 17
07-01 20:26:33.683 14875 14876 D dalvikvm: GC_CONCURRENT freed 214K, 5% free 10151K/10631K, paused 1ms+3ms
07-01 20:26:33.738 14875 14879 I dalvikvm: Total arena pages for JIT: 18
07-01 20:26:34.007 14804 14848 D dalvikvm: GC_FOR_ALLOC freed 197K, 6% free 10611K/11271K, paused 23ms
07-01 20:26:34.210 14875 14876 D dalvikvm: GC_CONCURRENT freed 386K, 5% free 10185K/10695K, paused 2ms+3ms
07-01 20:26:34.273 14804 14848 D dalvikvm: GC_FOR_ALLOC freed 197K, 6% free 10611K/11271K, paused 23ms
07-01 20:26:34.847 14804 14848 D dalvikvm: GC_FOR_ALLOC freed 197K, 6% free 10611K/11271K, paused 22ms
07-01 20:26:35.273 14804 14848 D dalvikvm: GC_FOR_ALLOC freed 197K, 6% free 10611K/11271K, paused 26ms
07-01 20:26:35.875 14804 14848 D dalvikvm: GC_FOR_ALLOC freed 200K, 6% free 10611K/11271K, paused 47ms
07-01 20:26:36.273 14804 14848 D dalvikvm: GC_FOR_ALLOC freed 197K, 6% free 10611K/11271K, paused 22ms
07-01 20:26:36.847 14804 14848 D dalvikvm: GC_FOR_ALLOC freed 197K, 6% free 10611K/11271K, paused 23ms
07-01 20:26:37.316 14804 14848 D dalvikvm: GC_FOR_ALLOC freed 197K, 6% free 10611K/11271K, paused 26ms
07-01 20:26:37.851 14804 14848 D dalvikvm: GC_FOR_ALLOC freed 197K, 6% free 10611K/11271K, paused 28ms
07-01 20:26:38.296 14804 14848 D dalvikvm: GC_FOR_ALLOC freed 197K, 6% free 10611K/11271K, paused 44ms
07-01 20:26:38.875 14804 14848 D dalvikvm: GC_FOR_ALLOC freed 197K, 6% free 10611K/11271K, paused 50ms
07-01 20:26:39.320 14804 14848 D dalvikvm: GC_FOR_ALLOC freed 197K, 6% free 10611K/11271K, paused 22ms
07-01 20:26:39.898 14804 14848 D dalvikvm: GC_FOR_ALLOC freed 197K, 6% free 10611K/11271K, paused 69ms
07-01 20:26:40.316 14804 14848 D dalvikvm: GC_FOR_ALLOC freed 197K, 6% free 10611K/11271K, paused 36ms
07-01 20:26:40.918 14804 14848 D dalvikvm: GC_FOR_ALLOC freed 197K, 6% free 10611K/11271K, paused 50ms
07-01 20:26:41.378 14804 14848 D dalvikvm: GC_FOR_ALLOC freed 197K, 6% free 10611K/11271K, paused 21ms
07-01 20:26:41.847 14804 14848 D dalvikvm: GC_FOR_ALLOC freed 197K, 6% free 10611K/11271K, paused 22ms
07-01 20:26:42.371 14804 14848 D dalvikvm: GC_FOR_ALLOC freed 197K, 6% free 10611K/11271K, paused 21ms
07-01 20:26:42.847 14804 14848 D dalvikvm: GC_FOR_ALLOC freed 197K, 6% free 10611K/11271K, paused 22ms
07-01 20:26:43.359 14804 14848 D dalvikvm: GC_FOR_ALLOC freed 197K, 6% free 10611K/11271K, paused 62ms
07-01 20:26:43.847 14804 14848 D dalvikvm: GC_FOR_ALLOC freed 197K, 6% free 10611K/11271K, paused 23ms
07-01 20:26:44.367 14804 14848 D dalvikvm: GC_FOR_ALLOC freed 200K, 6% free 10611K/11271K, paused 22ms
07-01 20:26:44.902 14804 14848 D dalvikvm: GC_FOR_ALLOC freed 197K, 6% free 10611K/11271K, paused 31ms
07-01 20:26:45.367 14804 14848 D dalvikvm: GC_FOR_ALLOC freed 197K, 6% free 10611K/11271K, paused 21ms
07-01 20:26:45.851 14804 14848 D dalvikvm: GC_FOR_ALLOC freed 197K, 6% free 10611K/11271K, paused 22ms
07-01 20:26:46.312 14804 14848 D dalvikvm: GC_FOR_ALLOC freed 197K, 6% free 10611K/11271K, paused 22ms
07-01 20:26:46.898 14804 14848 D dalvikvm: GC_FOR_ALLOC freed 197K, 6% free 10611K/11271K, paused 29ms
07-01 20:26:47.363 14804 14848 D dalvikvm: GC_FOR_ALLOC freed 197K, 6% free 10611K/11271K, paused 21ms
07-01 20:26:47.898 14804 14848 D dalvikvm: GC_FOR_ALLOC freed 197K, 6% free 10611K/11271K, paused 28ms
07-01 20:26:48.367 14804 14848 D dalvikvm: GC_FOR_ALLOC freed 197K, 6% free 10611K/11271K, paused 21ms
07-01 20:26:48.894 14804 14848 D dalvikvm: GC_FOR_ALLOC freed 197K, 6% free 10611K/11271K, paused 21ms
07-01 20:26:49.543 14804 14848 D dalvikvm: GC_FOR_ALLOC freed 197K, 6% free 10611K/11271K, paused 21ms
07-01 20:26:49.902 14804 14848 D dalvikvm: GC_FOR_ALLOC freed 197K, 6% free 10611K/11271K, paused 40ms
07-01 20:26:50.507 14804 14848 D dalvikvm: GC_FOR_ALLOC freed 197K, 6% free 10611K/11271K, paused 21ms
07-01 20:26:50.601 14128 14141 I PhoneLab-: Service Running
07-01 20:26:50.718 14128 14141 I PhoneLab-LoggerService: app_37    1360  1     1436   996   c00f181c 400107b4 S logcat
07-01 20:26:50.718 14128 14141 I PhoneLab-LoggerService: Logcat pid from database 1360
07-01 20:26:50.718 14128 14141 I PhoneLab-LoggerService: Logcat process found 1360
07-01 20:26:50.718 14128 14141 I PhoneLab-LoggerService: Checking Threshold
07-01 20:26:50.722 14128 14141 I PhoneLab-LoggerService: Starting to rename files
07-01 20:26:50.726 14128 14141 I PhoneLab-LoggerService: Files found .. 2
07-01 20:26:50.886 14804 14848 D dalvikvm: GC_FOR_ALLOC freed 197K, 6% free 10611K/11271K, paused 42ms
07-01 20:26:51.597 14804 14848 D dalvikvm: GC_FOR_ALLOC freed 197K, 6% free 10611K/11271K, paused 21ms
07-01 20:26:51.918 14804 14848 D dalvikvm: GC_FOR_ALLOC freed 197K, 6% free 10611K/11271K, paused 21ms
07-01 20:26:52.582 14804 14848 D dalvikvm: GC_FOR_ALLOC freed 197K, 6% free 10611K/11271K, paused 20ms
07-01 20:26:52.855 14804 14848 D dalvikvm: GC_FOR_ALLOC freed 200K, 6% free 10611K/11271K, paused 21ms
07-01 20:26:53.585 14804 14848 D dalvikvm: GC_FOR_ALLOC freed 197K, 6% free 10611K/11271K, paused 49ms
07-01 20:26:53.894 14804 14848 D dalvikvm: GC_FOR_ALLOC freed 197K, 6% free 10611K/11271K, paused 47ms
07-01 20:26:54.558 14804 14848 D dalvikvm: GC_FOR_ALLOC freed 197K, 6% free 10611K/11271K, paused 63ms
07-01 20:26:54.855 14804 14848 D dalvikvm: GC_FOR_ALLOC freed 197K, 6% free 10611K/11271K, paused 24ms
07-01 20:26:55.527 14804 14848 D dalvikvm: GC_FOR_ALLOC freed 197K, 6% free 10611K/11271K, paused 21ms
07-01 20:26:55.925 14804 14848 D dalvikvm: GC_FOR_ALLOC freed 197K, 6% free 10611K/11271K, paused 21ms
07-01 20:26:56.601 14804 14848 D dalvikvm: GC_FOR_ALLOC freed 197K, 6% free 10611K/11271K, paused 22ms
07-01 20:26:56.906 14804 14848 D dalvikvm: GC_FOR_ALLOC freed 197K, 6% free 10611K/11271K, paused 38ms
07-01 20:26:57.593 14804 14848 D dalvikvm: GC_FOR_ALLOC freed 197K, 6% free 10611K/11271K, paused 21ms
07-01 20:26:57.902 14804 14848 D dalvikvm: GC_FOR_ALLOC freed 197K, 6% free 10611K/11271K, paused 31ms
07-01 20:26:58.585 14804 14848 D dalvikvm: GC_FOR_ALLOC freed 197K, 6% free 10611K/11271K, paused 21ms
07-01 20:26:58.886 14804 14848 D dalvikvm: GC_FOR_ALLOC freed 197K, 6% free 10611K/11271K, paused 47ms
07-01 20:26:59.550 14804 14848 D dalvikvm: GC_FOR_ALLOC freed 197K, 6% free 10611K/11271K, paused 43ms
07-01 20:26:59.878 14804 14848 D dalvikvm: GC_FOR_ALLOC freed 197K, 6% free 10611K/11271K, paused 42ms
07-01 20:27:00.574 14804 14848 D dalvikvm: GC_FOR_ALLOC freed 197K, 6% free 10611K/11271K, paused 63ms
07-01 20:27:00.910 14804 14848 D dalvikvm: GC_FOR_ALLOC freed 197K, 6% free 10611K/11271K, paused 70ms
07-01 20:27:01.543 14804 14848 D dalvikvm: GC_FOR_ALLOC freed 200K, 6% free 10611K/11271K, paused 36ms
07-01 20:27:01.906    81   129 W AudioTrack: stepServer() could not lock cblk
07-01 20:27:02.281 14804 14848 D dalvikvm: GC_FOR_ALLOC freed 197K, 6% free 10611K/11271K, paused 404ms
07-01 20:27:02.574 14804 14848 D dalvikvm: GC_FOR_ALLOC freed 197K, 6% free 10611K/11271K, paused 45ms
07-01 20:27:02.855 14804 14848 D dalvikvm: GC_FOR_ALLOC freed 197K, 6% free 10611K/11271K, paused 22ms
07-01 20:27:03.632 14804 14848 D dalvikvm: GC_FOR_ALLOC freed 197K, 6% free 10611K/11271K, paused 33ms
07-01 20:27:03.906 14804 14848 D dalvikvm: GC_FOR_ALLOC freed 197K, 6% free 10611K/11271K, paused 35ms
07-01 20:27:04.589 14804 14848 D dalvikvm: GC_FOR_ALLOC freed 197K, 6% free 10611K/11271K, paused 21ms
07-01 20:27:04.921 14804 14848 D dalvikvm: GC_FOR_ALLOC freed 197K, 6% free 10611K/11271K, paused 72ms
07-01 20:27:05.609 14804 14848 D dalvikvm: GC_FOR_ALLOC freed 197K, 6% free 10611K/11271K, paused 22ms
07-01 20:27:05.859 14804 14848 D dalvikvm: GC_FOR_ALLOC freed 197K, 6% free 10611K/11271K, paused 25ms
07-01 20:27:06.593 14804 14848 D dalvikvm: GC_FOR_ALLOC freed 197K, 6% free 10611K/11271K, paused 74ms
07-01 20:27:06.855 14804 14848 D dalvikvm: GC_FOR_ALLOC freed 197K, 6% free 10611K/11271K, paused 24ms
07-01 20:27:07.578 14804 14848 D dalvikvm: GC_FOR_ALLOC freed 197K, 6% free 10611K/11271K, paused 54ms
07-01 20:27:07.882 14804 14848 D dalvikvm: GC_FOR_ALLOC freed 197K, 6% free 10611K/11271K, paused 40ms
07-01 20:27:08.660 14804 14848 D dalvikvm: GC_FOR_ALLOC freed 197K, 6% free 10611K/11271K, paused 30ms
07-01 20:27:08.918 14804 14848 D dalvikvm: GC_FOR_ALLOC freed 197K, 6% free 10611K/11271K, paused 33ms
07-01 20:27:09.613 14804 14848 D dalvikvm: GC_FOR_ALLOC freed 197K, 6% free 10611K/11271K, paused 21ms
07-01 20:27:09.867 14804 14848 D dalvikvm: GC_FOR_ALLOC freed 198K, 6% free 10613K/11271K, paused 33ms
07-01 20:27:10.843 14804 14848 D dalvikvm: GC_FOR_ALLOC freed 198K, 6% free 10611K/11271K, paused 26ms
07-01 20:27:10.929 14804 14848 D dalvikvm: GC_FOR_ALLOC freed 197K, 6% free 10611K/11271K, paused 32ms
07-01 20:27:11.820 14804 14848 D dalvikvm: GC_FOR_ALLOC freed 197K, 6% free 10611K/11271K, paused 22ms
07-01 20:27:11.949 14804 14848 D dalvikvm: GC_FOR_ALLOC freed 197K, 6% free 10611K/11271K, paused 40ms
07-01 20:27:12.871 14804 14848 D dalvikvm: GC_FOR_ALLOC freed 197K, 6% free 10611K/11271K, paused 37ms
07-01 20:27:12.937 14804 14848 D dalvikvm: GC_FOR_ALLOC freed 197K, 6% free 10611K/11271K, paused 30ms
07-01 20:27:14.183 14804 14848 D dalvikvm: GC_FOR_ALLOC freed 197K, 6% free 10611K/11271K, paused 26ms
07-01 20:27:14.250 14804 14848 D dalvikvm: GC_FOR_ALLOC freed 196K, 6% free 10611K/11271K, paused 23ms
07-01 20:27:15.210 14804 14848 D dalvikvm: GC_FOR_ALLOC freed 197K, 6% free 10611K/11271K, paused 22ms
07-01 20:27:15.269 14804 14848 D dalvikvm: GC_FOR_ALLOC freed 197K, 6% free 10611K/11271K, paused 23ms
07-01 20:27:16.082   145   365 I ActivityManager: Process edu.buffalo.cse.phonelab.phonelabservices (pid 14128) has died.
07-01 20:27:16.082   145   365 W ActivityManager: Scheduling restart of crashed service edu.buffalo.cse.phonelab.phonelabservices/edu.buffalo.cse.phonelab.datalogger.LoggerService in 5000ms
07-01 20:27:16.156 14804 14848 D dalvikvm: GC_FOR_ALLOC freed 197K, 6% free 10611K/11271K, paused 39ms
07-01 20:27:16.304 14804 14848 D dalvikvm: GC_FOR_ALLOC freed 197K, 6% free 10611K/11271K, paused 52ms
07-01 20:27:17.164 14804 14848 D dalvikvm: GC_FOR_ALLOC freed 197K, 6% free 10611K/11271K, paused 21ms
07-01 20:27:17.293 14804 14848 D dalvikvm: GC_FOR_ALLOC freed 197K, 6% free 10611K/11271K, paused 45ms
07-01 20:27:18.164 14804 14848 D dalvikvm: GC_FOR_ALLOC freed 197K, 6% free 10611K/11271K, paused 21ms
07-01 20:27:18.277 14804 14848 D dalvikvm: GC_FOR_ALLOC freed 197K, 6% free 10611K/11271K, paused 25ms
07-01 20:27:19.199 14804 14848 D dalvikvm: GC_FOR_ALLOC freed 200K, 6% free 10611K/11271K, paused 21ms
07-01 20:27:19.414 14804 14848 D dalvikvm: GC_FOR_ALLOC freed 197K, 6% free 10611K/11271K, paused 21ms
07-01 20:27:20.230 14804 14848 D dalvikvm: GC_FOR_ALLOC freed 197K, 6% free 10611K/11271K, paused 21ms
07-01 20:27:20.355 14804 14848 D dalvikvm: GC_FOR_ALLOC freed 197K, 6% free 10611K/11271K, paused 37ms
07-01 20:27:21.113   145   162 I ActivityManager: Start proc edu.buffalo.cse.phonelab.phonelabservices for service edu.buffalo.cse.phonelab.phonelabservices/edu.buffalo.cse.phonelab.datalogger.LoggerService: pid=14900 uid=10037 gids={3003, 1015, 1007, 2001}
07-01 20:27:21.214 14804 14848 D dalvikvm: GC_FOR_ALLOC freed 197K, 6% free 10611K/11271K, paused 37ms
07-01 20:27:21.214 14900 14900 I PhoneLab-LoggerService: Start Logger Service
07-01 20:27:21.328 14900 14913 I PhoneLab-: Service Running
07-01 20:27:21.359 14804 14848 D dalvikvm: GC_FOR_ALLOC freed 197K, 6% free 10611K/11271K, paused 37ms
07-01 20:27:21.410 14900 14913 I PhoneLab-LoggerService: app_37    1360  1     1436   996   c00f181c 400107b4 S logcat
07-01 20:27:21.414 14900 14913 I PhoneLab-LoggerService: Logcat pid from database 1360
07-01 20:27:21.414 14900 14913 I PhoneLab-LoggerService: Logcat process found 1360
07-01 20:27:21.414 14900 14913 I PhoneLab-LoggerService: Checking Threshold
07-01 20:27:21.414 14900 14913 I PhoneLab-LoggerService: Starting to rename files
07-01 20:27:21.414 14900 14913 I PhoneLab-LoggerService: Files found .. 2
07-01 20:27:22.226 14804 14848 D dalvikvm: GC_FOR_ALLOC freed 197K, 6% free 10611K/11271K, paused 21ms
07-01 20:27:22.386 14804 14848 D dalvikvm: GC_FOR_ALLOC freed 197K, 6% free 10611K/11271K, paused 63ms
07-01 20:27:23.222 14804 14848 D dalvikvm: GC_FOR_ALLOC freed 197K, 6% free 10611K/11271K, paused 21ms
07-01 20:27:23.378 14804 14848 D dalvikvm: GC_FOR_ALLOC freed 197K, 6% free 10611K/11271K, paused 60ms
07-01 20:27:24.242 14804 14848 D dalvikvm: GC_FOR_ALLOC freed 197K, 6% free 10611K/11271K, paused 22ms
07-01 20:27:24.418 14804 14848 D dalvikvm: GC_FOR_ALLOC freed 197K, 6% free 10611K/11271K, paused 62ms
07-01 20:27:25.203 14804 14848 D dalvikvm: GC_FOR_ALLOC freed 197K, 6% free 10611K/11271K, paused 24ms
07-01 20:27:25.418 14804 14848 D dalvikvm: GC_FOR_ALLOC freed 197K, 6% free 10611K/11271K, paused 22ms
07-01 20:27:26.257 14804 14848 D dalvikvm: GC_FOR_ALLOC freed 197K, 6% free 10611K/11271K, paused 28ms
07-01 20:27:26.398 14804 14848 D dalvikvm: GC_FOR_ALLOC freed 197K, 6% free 10611K/11271K, paused 45ms
07-01 20:27:27.304 14804 14848 D dalvikvm: GC_FOR_ALLOC freed 197K, 6% free 10611K/11271K, paused 68ms
07-01 20:27:27.378 14804 14848 D dalvikvm: GC_FOR_ALLOC freed 198K, 6% free 10613K/11271K, paused 23ms
07-01 20:27:27.707    81   129 W AudioTrack: stepServer() could not lock cblk
07-01 20:27:28.253 14804 14848 D dalvikvm: GC_FOR_ALLOC freed 198K, 6% free 10611K/11271K, paused 26ms
07-01 20:27:28.406 14804 14848 D dalvikvm: GC_FOR_ALLOC freed 197K, 6% free 10611K/11271K, paused 42ms
07-01 20:27:29.250 14804 14848 D dalvikvm: GC_FOR_ALLOC freed 197K, 6% free 10611K/11271K, paused 23ms
07-01 20:27:29.402 14804 14848 D dalvikvm: GC_FOR_ALLOC freed 197K, 6% free 10611K/11271K, paused 44ms
07-01 20:27:30.300 14804 14848 D dalvikvm: GC_FOR_ALLOC freed 197K, 6% free 10611K/11271K, paused 22ms
07-01 20:27:30.382 14804 14848 D dalvikvm: GC_FOR_ALLOC freed 197K, 6% free 10611K/11271K, paused 29ms
07-01 20:27:31.316 14804 14848 D dalvikvm: GC_FOR_ALLOC freed 197K, 6% free 10611K/11271K, paused 71ms
07-01 20:27:31.378 14804 14848 D dalvikvm: GC_FOR_ALLOC freed 197K, 6% free 10611K/11271K, paused 21ms
07-01 20:27:32.296 14804 14848 D dalvikvm: GC_FOR_ALLOC freed 197K, 6% free 10611K/11271K, paused 21ms
07-01 20:27:32.382 14804 14848 D dalvikvm: GC_FOR_ALLOC freed 197K, 6% free 10611K/11271K, paused 24ms
07-01 20:27:33.285 14804 14848 D dalvikvm: GC_FOR_ALLOC freed 197K, 6% free 10611K/11271K, paused 49ms
07-01 20:27:33.382 14804 14848 D dalvikvm: GC_FOR_ALLOC freed 197K, 6% free 10611K/11271K, paused 24ms
07-01 20:27:34.293 14804 14848 D dalvikvm: GC_FOR_ALLOC freed 197K, 6% free 10611K/11271K, paused 58ms
07-01 20:27:34.382 14804 14848 D dalvikvm: GC_FOR_ALLOC freed 197K, 6% free 10611K/11271K, paused 24ms
07-01 20:27:35.273 14804 14848 D dalvikvm: GC_FOR_ALLOC freed 197K, 6% free 10611K/11271K, paused 28ms
07-01 20:27:35.433 14804 14848 D dalvikvm: GC_FOR_ALLOC freed 197K, 6% free 10611K/11271K, paused 24ms
07-01 20:27:35.558 14875 14876 D dalvikvm: GC_CONCURRENT freed 511K, 6% free 10218K/10823K, paused 12ms+23ms
07-01 20:27:35.613 13246 13248 D dalvikvm: GC_CONCURRENT freed 499K, 8% free 10170K/10951K, paused 3ms+5ms
07-01 20:27:36.312 14804 14848 D dalvikvm: GC_FOR_ALLOC freed 200K, 6% free 10611K/11271K, paused 35ms
07-01 20:27:36.398 14804 14848 D dalvikvm: GC_FOR_ALLOC freed 197K, 6% free 10611K/11271K, paused 25ms
07-01 20:27:37.355 14804 14848 D dalvikvm: GC_FOR_ALLOC freed 197K, 6% free 10611K/11271K, paused 41ms
07-01 20:27:37.418 14804 14848 D dalvikvm: GC_FOR_ALLOC freed 197K, 6% free 10611K/11271K, paused 24ms
07-01 20:27:38.363 14804 14848 D dalvikvm: GC_FOR_ALLOC freed 197K, 6% free 10611K/11271K, paused 22ms
07-01 20:27:38.421 14804 14848 D dalvikvm: GC_FOR_ALLOC freed 197K, 6% free 10611K/11271K, paused 21ms
07-01 20:27:39.363 14804 14848 D dalvikvm: GC_FOR_ALLOC freed 197K, 6% free 10611K/11271K, paused 21ms
07-01 20:27:40.074 14804 14848 D dalvikvm: GC_FOR_ALLOC freed 197K, 6% free 10611K/11271K, paused 25ms
07-01 20:27:40.445 14804 14848 D dalvikvm: GC_FOR_ALLOC freed 197K, 6% free 10611K/11271K, paused 22ms
07-01 20:27:41.335 14804 14848 D dalvikvm: GC_FOR_ALLOC freed 197K, 6% free 10611K/11271K, paused 243ms
07-01 20:27:41.394 14804 14848 D dalvikvm: GC_FOR_ALLOC freed 197K, 6% free 10611K/11271K, paused 22ms
07-01 20:27:42.082 14804 14848 D dalvikvm: GC_FOR_ALLOC freed 197K, 6% free 10611K/11271K, paused 32ms
07-01 20:27:42.429 14804 14848 D dalvikvm: GC_FOR_ALLOC freed 197K, 6% free 10611K/11271K, paused 53ms
07-01 20:27:43.187 14804 14848 D dalvikvm: GC_FOR_ALLOC freed 197K, 6% free 10611K/11271K, paused 25ms
07-01 20:27:43.316 12856 12856 D dalvikvm: GC_FOR_ALLOC freed 440K, 9% free 10605K/11591K, paused 53ms
07-01 20:27:43.359   216   218 D dalvikvm: GC_CONCURRENT freed 528K, 31% free 10014K/14343K, paused 2ms+12ms
07-01 20:27:43.613 14804 14848 D dalvikvm: GC_FOR_ALLOC freed 197K, 6% free 10611K/11271K, paused 103ms
07-01 20:27:44.148 14804 14848 D dalvikvm: GC_FOR_ALLOC freed 197K, 6% free 10611K/11271K, paused 53ms
07-01 20:27:44.425 14804 14848 D dalvikvm: GC_FOR_ALLOC freed 197K, 6% free 10611K/11271K, paused 48ms
07-01 20:27:45.195 14804 14848 D dalvikvm: GC_FOR_ALLOC freed 200K, 6% free 10611K/11271K, paused 25ms
07-01 20:27:45.460 14804 14848 D dalvikvm: GC_FOR_ALLOC freed 197K, 6% free 10611K/11271K, paused 21ms
07-01 20:27:46.171 14804 14848 D dalvikvm: GC_FOR_ALLOC freed 197K, 6% free 10611K/11271K, paused 59ms
07-01 20:27:46.511 14804 14848 D dalvikvm: GC_FOR_ALLOC freed 197K, 6% free 10611K/11271K, paused 30ms
07-01 20:27:47.156 14804 14848 D dalvikvm: GC_FOR_ALLOC freed 197K, 6% free 10611K/11271K, paused 28ms
07-01 20:27:47.457 14804 14848 D dalvikvm: GC_FOR_ALLOC freed 197K, 6% free 10611K/11271K, paused 22ms
07-01 20:27:48.187 14804 14848 D dalvikvm: GC_FOR_ALLOC freed 197K, 6% free 10611K/11271K, paused 73ms
07-01 20:27:48.457 14804 14848 D dalvikvm: GC_FOR_ALLOC freed 197K, 6% free 10611K/11271K, paused 28ms
07-01 20:27:49.203 14804 14848 D dalvikvm: GC_FOR_ALLOC freed 197K, 6% free 10611K/11271K, paused 21ms
07-01 20:27:49.503 14804 14848 D dalvikvm: GC_FOR_ALLOC freed 197K, 6% free 10611K/11271K, paused 74ms
07-01 20:27:50.207 14804 14848 D dalvikvm: GC_FOR_ALLOC freed 197K, 6% free 10611K/11271K, paused 21ms
07-01 20:27:50.523 14804 14848 D dalvikvm: GC_FOR_ALLOC freed 197K, 6% free 10611K/11271K, paused 21ms
07-01 20:27:51.253 14804 14848 D dalvikvm: GC_FOR_ALLOC freed 197K, 6% free 10611K/11271K, paused 22ms
07-01 20:27:51.507 14804 14848 D dalvikvm: GC_FOR_ALLOC freed 197K, 6% free 10611K/11271K, paused 67ms
07-01 20:27:52.246 14804 14848 D dalvikvm: GC_FOR_ALLOC freed 197K, 6% free 10611K/11271K, paused 22ms
07-01 20:27:52.503 14804 14848 D dalvikvm: GC_FOR_ALLOC freed 197K, 6% free 10611K/11271K, paused 29ms
07-01 20:27:52.687    81   129 W AudioTrack: stepServer() could not lock cblk
07-01 20:27:53.226 14804 14848 D dalvikvm: GC_FOR_ALLOC freed 197K, 6% free 10611K/11271K, paused 43ms
07-01 20:27:53.457 14804 14848 D dalvikvm: GC_FOR_ALLOC freed 200K, 6% free 10611K/11271K, paused 24ms
07-01 20:27:54.441 14804 14848 D dalvikvm: GC_FOR_ALLOC freed 197K, 6% free 10611K/11271K, paused 21ms
07-01 20:27:54.597 14804 14848 D dalvikvm: GC_FOR_ALLOC freed 197K, 6% free 10611K/11271K, paused 46ms
07-01 20:27:55.523 14804 14848 D dalvikvm: GC_FOR_ALLOC freed 197K, 6% free 10611K/11271K, paused 21ms
07-01 20:27:55.597 14804 14848 D dalvikvm: GC_FOR_ALLOC freed 197K, 6% free 10611K/11271K, paused 22ms
07-01 20:27:56.574 14804 14848 D dalvikvm: GC_FOR_ALLOC freed 197K, 6% free 10611K/11271K, paused 22ms
07-01 20:27:56.628 14804 14848 D dalvikvm: GC_FOR_ALLOC freed 197K, 6% free 10611K/11271K, paused 22ms
07-01 20:27:57.613 14804 14848 D dalvikvm: GC_FOR_ALLOC freed 197K, 6% free 10611K/11271K, paused 37ms
07-01 20:27:57.687 14804 14848 D dalvikvm: GC_FOR_ALLOC freed 197K, 6% free 10611K/11271K, paused 27ms
07-01 20:27:58.640 14804 14848 D dalvikvm: GC_FOR_ALLOC freed 197K, 6% free 10611K/11271K, paused 75ms
07-01 20:27:58.699 14804 14848 D dalvikvm: GC_FOR_ALLOC freed 197K, 6% free 10611K/11271K, paused 20ms
07-01 20:27:59.621 14804 14848 D dalvikvm: GC_FOR_ALLOC freed 197K, 6% free 10611K/11271K, paused 22ms
07-01 20:27:59.703 14804 14848 D dalvikvm: GC_FOR_ALLOC freed 197K, 6% free 10611K/11271K, paused 25ms
07-01 20:28:00.593 14804 14848 D dalvikvm: GC_FOR_ALLOC freed 197K, 6% free 10611K/11271K, paused 21ms
07-01 20:28:00.738 14804 14848 D dalvikvm: GC_FOR_ALLOC freed 197K, 6% free 10611K/11271K, paused 59ms
07-01 20:28:01.605 14804 14848 D dalvikvm: GC_FOR_ALLOC freed 197K, 6% free 10611K/11271K, paused 22ms
07-01 20:28:01.703 14804 14848 D dalvikvm: GC_FOR_ALLOC freed 197K, 6% free 10611K/11271K, paused 25ms
07-01 20:28:02.742 14804 14848 D dalvikvm: GC_FOR_ALLOC freed 200K, 6% free 10611K/11271K, paused 21ms
07-01 20:28:02.832 14804 14848 D dalvikvm: GC_FOR_ALLOC freed 197K, 6% free 10611K/11271K, paused 31ms
07-01 20:28:03.679 14804 14848 D dalvikvm: GC_FOR_ALLOC freed 197K, 6% free 10611K/11271K, paused 26ms
07-01 20:28:03.843 14804 14848 D dalvikvm: GC_FOR_ALLOC freed 197K, 6% free 10611K/11271K, paused 40ms
07-01 20:28:04.722 14804 14848 D dalvikvm: GC_FOR_ALLOC freed 197K, 6% free 10611K/11271K, paused 24ms
07-01 20:28:05.750 14804 14848 D dalvikvm: GC_FOR_ALLOC freed 430K, 7% free 10483K/11271K, paused 78ms
07-01 20:28:06.113 14804 14848 D dalvikvm: GC_FOR_ALLOC freed 292K, 7% free 10557K/11271K, paused 22ms
07-01 20:28:06.851 14804 14848 D dalvikvm: GC_FOR_ALLOC freed 309K, 7% free 10508K/11271K, paused 48ms
07-01 20:28:07.753 14804 14848 D dalvikvm: GC_FOR_ALLOC freed 210K, 6% free 10611K/11271K, paused 56ms
07-01 20:28:08.742 14804 14848 D dalvikvm: GC_FOR_ALLOC freed 441K, 7% free 10483K/11271K, paused 73ms
07-01 20:28:09.699 14804 14806 D dalvikvm: GC_CONCURRENT freed 317K, 7% free 10594K/11271K, paused 2ms+3ms
07-01 20:28:09.898    81   129 W AudioTrack: stepServer() could not lock cblk
07-01 20:28:10.058 14804 14848 D dalvikvm: GC_FOR_ALLOC freed 312K, 7% free 10534K/11271K, paused 21ms
07-01 20:28:11.140 14804 14848 D dalvikvm: GC_FOR_ALLOC freed 208K, 7% free 10546K/11271K, paused 22ms
07-01 20:28:11.835 14804 14848 D dalvikvm: GC_FOR_ALLOC freed 295K, 7% free 10557K/11271K, paused 26ms
07-01 20:28:12.468 14804 14848 D dalvikvm: GC_FOR_ALLOC freed 314K, 7% free 10508K/11271K, paused 21ms
07-01 20:28:13.402 14804 14848 D dalvikvm: GC_FOR_ALLOC freed 340K, 7% free 10535K/11271K, paused 59ms
07-01 20:28:14.656 14804 14848 D dalvikvm: GC_FOR_ALLOC freed 427K, 7% free 10483K/11271K, paused 25ms
07-01 20:28:15.140 14804 14848 D dalvikvm: GC_FOR_ALLOC freed 321K, 7% free 10535K/11271K, paused 27ms
07-01 20:28:15.214   145   200 D DhcpInfoInternal: makeLinkProperties with empty dns2!
07-01 20:28:15.218   145   200 D DhcpInfoInternal: makeLinkProperties with empty dns2!
07-01 20:28:16.250 14804 14848 D dalvikvm: GC_FOR_ALLOC freed 290K, 7% free 10545K/11271K, paused 22ms
07-01 20:28:16.746 14804 14848 D dalvikvm: GC_FOR_ALLOC freed 205K, 6% free 10609K/11271K, paused 31ms
07-01 20:28:17.460 14804 14848 D dalvikvm: GC_FOR_ALLOC freed 202K, 6% free 10609K/11271K, paused 21ms
07-01 20:28:18.675 14804 14848 D dalvikvm: GC_FOR_ALLOC freed 415K, 8% free 10482K/11271K, paused 21ms
07-01 20:28:19.046 14804 14848 D dalvikvm: GC_FOR_ALLOC freed 205K, 6% free 10609K/11271K, paused 22ms
07-01 20:28:19.703 14804 14848 D dalvikvm: GC_FOR_ALLOC freed 201K, 6% free 10609K/11271K, paused 44ms
07-01 20:28:20.156 14804 14848 D dalvikvm: GC_FOR_ALLOC freed 336K, 7% free 10526K/11271K, paused 27ms
07-01 20:28:21.343 14804 14848 D dalvikvm: GC_FOR_ALLOC freed 396K, 8% free 10482K/11271K, paused 27ms
07-01 20:28:22.293    81   129 W AudioTrack: stepServer() could not lock cblk
07-01 20:28:22.648 14804 14806 D dalvikvm: GC_CONCURRENT freed 338K, 6% free 10608K/11271K, paused 2ms+3ms
07-01 20:28:22.992 14804 14848 D dalvikvm: GC_FOR_ALLOC freed 205K, 6% free 10609K/11271K, paused 21ms
07-01 20:28:23.695 14804 14848 D dalvikvm: GC_FOR_ALLOC freed 201K, 6% free 10609K/11271K, paused 78ms
07-01 20:28:24.285 14804 14848 D dalvikvm: GC_FOR_ALLOC freed 202K, 6% free 10609K/11271K, paused 21ms
07-01 20:28:24.742 14804 14848 D dalvikvm: GC_FOR_ALLOC freed 201K, 6% free 10609K/11271K, paused 22ms
07-01 20:28:25.343 14804 14848 D dalvikvm: GC_FOR_ALLOC freed 202K, 6% free 10609K/11271K, paused 41ms
07-01 20:28:25.808 14804 14848 D dalvikvm: GC_FOR_ALLOC freed 202K, 6% free 10609K/11271K, paused 22ms
07-01 20:28:26.316 14804 14848 D dalvikvm: GC_FOR_ALLOC freed 202K, 6% free 10608K/11271K, paused 46ms
07-01 20:28:26.953 14804 14848 D dalvikvm: GC_FOR_ALLOC freed 207K, 6% free 10609K/11271K, paused 22ms
07-01 20:28:27.382 14804 14848 D dalvikvm: GC_FOR_ALLOC freed 198K, 7% free 10545K/11271K, paused 22ms
07-01 20:28:28.054 14804 14848 D dalvikvm: GC_FOR_ALLOC freed 205K, 6% free 10609K/11271K, paused 21ms
07-01 20:28:28.511 14804 14848 D dalvikvm: GC_FOR_ALLOC freed 202K, 6% free 10609K/11271K, paused 22ms
07-01 20:28:29.132 14804 14848 D dalvikvm: GC_FOR_ALLOC freed 202K, 6% free 10609K/11271K, paused 31ms
07-01 20:28:29.671 14804 14848 D dalvikvm: GC_FOR_ALLOC freed 205K, 6% free 10609K/11271K, paused 22ms
07-01 20:28:30.406 14804 14848 D dalvikvm: GC_FOR_ALLOC freed 202K, 6% free 10609K/11271K, paused 22ms
07-01 20:28:31.023 14495 14942 I SqliteDatabaseCpp: sqlite returned: error code = 1, msg = no such column: wipeout_stats, db=/data/data/com.google.android.apps.plus/databases/es0.db
07-01 20:28:31.031 14495 14942 W System.err: android.database.sqlite.SQLiteException: no such column: wipeout_stats: , while compiling: SELECT wipeout_stats  FROM account_status
07-01 20:28:31.031 14804 14848 D dalvikvm: GC_FOR_ALLOC freed 302K, 7% free 10555K/11271K, paused 26ms
07-01 20:28:31.089 14495 14942 W System.err: 	at android.database.sqlite.SQLiteCompiledSql.native_compile(Native Method)
07-01 20:28:31.089 14495 14942 W System.err: 	at android.database.sqlite.SQLiteCompiledSql.<init>(SQLiteCompiledSql.java:68)
07-01 20:28:31.089 14495 14942 W System.err: 	at android.database.sqlite.SQLiteProgram.compileSql(SQLiteProgram.java:143)
07-01 20:28:31.089 14495 14942 W System.err: 	at android.database.sqlite.SQLiteProgram.compileAndbindAllArgs(SQLiteProgram.java:361)
07-01 20:28:31.089 14495 14942 W System.err: 	at android.database.sqlite.SQLiteStatement.acquireAndLock(SQLiteStatement.java:260)
07-01 20:28:31.089 14495 14942 W System.err: 	at android.database.sqlite.SQLiteStatement.simpleQueryForLong(SQLiteStatement.java:137)
07-01 20:28:31.089 14495 14942 W System.err: 	at android.database.DatabaseUtils.longForQuery(DatabaseUtils.java:791)
07-01 20:28:31.089 14495 14942 W System.err: 	at android.database.DatabaseUtils.longForQuery(DatabaseUtils.java:779)
07-01 20:28:31.089 14495 14942 W System.err: 	at com.google.android.apps.plus.content.EsAccountsData.isContactsStatsWipeoutNeeded(EsAccountsData.java:641)
07-01 20:28:31.093 14495 14942 W System.err: 	at com.google.android.apps.plus.service.EsService.processIntent(EsService.java:4246)
07-01 20:28:31.093 14495 14942 W System.err: 	at com.google.android.apps.plus.service.ServiceThread$1.run(ServiceThread.java:50)
07-01 20:28:31.093 14495 14942 W System.err: 	at android.os.Handler.handleCallback(Handler.java:605)
07-01 20:28:31.093 14495 14942 W System.err: 	at android.os.Handler.dispatchMessage(Handler.java:92)
07-01 20:28:31.093 14495 14942 W System.err: 	at android.os.Looper.loop(Looper.java:137)
07-01 20:28:31.093 14495 14942 W System.err: 	at com.google.android.apps.plus.service.ServiceThread.run(ServiceThread.java:122)
07-01 20:28:31.976 14804 14848 D dalvikvm: GC_FOR_ALLOC freed 430K, 7% free 10483K/11271K, paused 22ms
07-01 20:28:33.000 14804 14806 D dalvikvm: GC_CONCURRENT freed 382K, 7% free 10535K/11271K, paused 3ms+3ms
07-01 20:28:33.656 14804 14848 D dalvikvm: GC_FOR_ALLOC freed 181K, 6% free 10609K/11271K, paused 24ms
07-01 20:28:34.109 14495 14496 D dalvikvm: GC_CONCURRENT freed 1112K, 18% free 13351K/16263K, paused 13ms+5ms
07-01 20:28:34.179 14804 14848 D dalvikvm: GC_FOR_ALLOC freed 280K, 7% free 10519K/11271K, paused 38ms
07-01 20:28:35.246 14804 14848 D dalvikvm: GC_FOR_ALLOC freed 335K, 7% free 10523K/11271K, paused 41ms
07-01 20:28:35.878 14804 14848 D dalvikvm: GC_FOR_ALLOC freed 335K, 7% free 10502K/11271K, paused 34ms
07-01 20:28:37.101 14804 14806 D dalvikvm: GC_CONCURRENT freed 377K, 7% free 10509K/11271K, paused 4ms+3ms
07-01 20:28:38.332 14804 14806 D dalvikvm: GC_CONCURRENT freed 389K, 7% free 10545K/11271K, paused 1ms+2ms
07-01 20:28:38.753 14804 14806 D dalvikvm: GC_CONCURRENT freed 435K, 7% free 10496K/11271K, paused 2ms+3ms
07-01 20:28:39.789 14804 14806 D dalvikvm: GC_CONCURRENT freed 228K, 6% free 10653K/11271K, paused 2ms+3ms
07-01 20:28:40.878 14804 14848 D dalvikvm: GC_FOR_ALLOC freed 405K, 8% free 10482K/11271K, paused 69ms
07-01 20:28:42.171 14804 14848 D dalvikvm: GC_FOR_ALLOC freed 210K, 6% free 10611K/11271K, paused 21ms
07-01 20:28:42.222 14804 14848 D dalvikvm: GC_FOR_ALLOC freed 193K, 7% free 10545K/11271K, paused 22ms
07-01 20:28:43.168 14804 14848 D dalvikvm: GC_FOR_ALLOC freed 205K, 6% free 10611K/11271K, paused 21ms
07-01 20:28:44.293 14804 14848 D dalvikvm: GC_FOR_ALLOC freed 425K, 7% free 10482K/11271K, paused 22ms
07-01 20:28:44.355 14804 14848 D dalvikvm: GC_FOR_ALLOC freed 200K, 6% free 10609K/11271K, paused 22ms
07-01 20:28:45.234 14804 14848 D dalvikvm: GC_FOR_ALLOC freed 201K, 6% free 10609K/11271K, paused 22ms
07-01 20:28:45.414 14804 14848 D dalvikvm: GC_FOR_ALLOC freed 308K, 7% free 10541K/11271K, paused 24ms
07-01 20:28:46.554 14804 14806 D dalvikvm: GC_CONCURRENT freed 440K, 7% free 10487K/11271K, paused 7ms+23ms
07-01 20:28:47.773 14804 14806 D dalvikvm: GC_CONCURRENT freed 352K, 7% free 10531K/11271K, paused 3ms+5ms
07-01 20:28:48.386 14804 14848 D dalvikvm: GC_FOR_ALLOC freed 174K, 6% free 10609K/11271K, paused 50ms
07-01 20:28:48.570   145   147 D dalvikvm: GC_CONCURRENT freed 1859K, 24% free 16588K/21639K, paused 34ms+7ms
07-01 20:28:48.820 14804 14848 D dalvikvm: GC_FOR_ALLOC freed 287K, 7% free 10555K/11271K, paused 22ms
07-01 20:28:50.023 14804 14806 D dalvikvm: GC_CONCURRENT freed 457K, 7% free 10492K/11271K, paused 3ms+3ms
07-01 20:28:51.050 14804 14848 D dalvikvm: GC_FOR_ALLOC freed 321K, 7% free 10551K/11271K, paused 22ms
07-01 20:28:51.765 14804 14848 D dalvikvm: GC_FOR_ALLOC freed 370K, 7% free 10510K/11271K, paused 28ms
07-01 20:28:52.785 14804 14848 D dalvikvm: GC_FOR_ALLOC freed 255K, 6% free 10609K/11271K, paused 24ms
07-01 20:28:53.089 14495 14496 D dalvikvm: GC_CONCURRENT freed 1378K, 19% free 13309K/16263K, paused 17ms+3ms
07-01 20:28:53.437 14804 14848 D dalvikvm: GC_FOR_ALLOC freed 202K, 6% free 10609K/11271K, paused 24ms
07-01 20:28:54.464 14804 14848 D dalvikvm: GC_FOR_ALLOC freed 456K, 7% free 10492K/11271K, paused 30ms
07-01 20:28:55.207 14804 14806 D dalvikvm: GC_CONCURRENT freed 215K, 6% free 10672K/11271K, paused 2ms+2ms
07-01 20:28:56.281 14804 14848 D dalvikvm: GC_FOR_ALLOC freed 431K, 7% free 10545K/11335K, paused 121ms
07-01 20:28:57.195 14804 14848 D dalvikvm: GC_FOR_ALLOC freed 407K, 8% free 10482K/11335K, paused 26ms
07-01 20:28:57.664 14495 14943 D dalvikvm: GC_FOR_ALLOC freed 600K, 17% free 13661K/16263K, paused 52ms
07-01 20:28:57.664 14495 14943 I dalvikvm-heap: Grow heap (frag case) to 13.738MB for 342085-byte allocation
07-01 20:28:57.710 14495 14943 D dalvikvm: GC_FOR_ALLOC freed 39K, 17% free 13956K/16647K, paused 45ms
07-01 20:28:58.027 14804 14806 D dalvikvm: GC_CONCURRENT freed 205K, 6% free 10671K/11335K, paused 3ms+2ms
07-01 20:28:58.289 14495 14499 I dalvikvm: Jit: resizing JitTable from 4096 to 8192
07-01 20:28:58.835 14495 14496 D dalvikvm: GC_CONCURRENT freed 1030K, 14% free 14447K/16647K, paused 2ms+3ms
07-01 20:28:58.996 14804 14848 D dalvikvm: GC_FOR_ALLOC freed 410K, 8% free 10516K/11335K, paused 29ms
07-01 20:28:59.589 14804 14806 D dalvikvm: GC_CONCURRENT freed 400K, 8% free 10502K/11335K, paused 2ms+3ms
07-01 20:29:00.781 14804 14848 D dalvikvm: GC_FOR_ALLOC freed 244K, 7% free 10609K/11335K, paused 24ms
07-01 20:29:01.425 14495 14496 D dalvikvm: GC_CONCURRENT freed 1684K, 14% free 14443K/16647K, paused 6ms+6ms
07-01 20:29:01.765 14804 14848 D dalvikvm: GC_FOR_ALLOC freed 425K, 8% free 10522K/11335K, paused 29ms
07-01 20:29:02.886 14804 14806 D dalvikvm: GC_CONCURRENT freed 421K, 8% free 10501K/11335K, paused 3ms+4ms
07-01 20:29:03.078   345   345 D SAN_SERVICE: *******************************************
07-01 20:29:03.078   345   345 D SAN_SERVICE: DM App Phone Service State - 0
07-01 20:29:03.078   345   345 D SAN_SERVICE: *******************************************
07-01 20:29:03.457 14804 14806 D dalvikvm: GC_CONCURRENT freed 336K, 7% free 10548K/11335K, paused 2ms+3ms
07-01 20:29:04.031 14495 14943 I SqliteDatabaseCpp: sqlite returned: error code = 1, msg = no such column: last_stats_sync_time, db=/data/data/com.google.android.apps.plus/databases/es0.db
07-01 20:29:04.144 14495 14943 E EsSyncAdapterService: Sync failure
07-01 20:29:04.144 14495 14943 E EsSyncAdapterService: android.database.sqlite.SQLiteException: no such column: last_stats_sync_time: , while compiling: SELECT last_stats_sync_time  FROM account_status
07-01 20:29:04.144 14495 14943 E EsSyncAdapterService: 	at android.database.sqlite.SQLiteCompiledSql.native_compile(Native Method)
07-01 20:29:04.144 14495 14943 E EsSyncAdapterService: 	at android.database.sqlite.SQLiteCompiledSql.<init>(SQLiteCompiledSql.java:68)
07-01 20:29:04.144 14495 14943 E EsSyncAdapterService: 	at android.database.sqlite.SQLiteProgram.compileSql(SQLiteProgram.java:143)
07-01 20:29:04.144 14495 14943 E EsSyncAdapterService: 	at android.database.sqlite.SQLiteProgram.compileAndbindAllArgs(SQLiteProgram.java:361)
07-01 20:29:04.144 14495 14943 E EsSyncAdapterService: 	at android.database.sqlite.SQLiteStatement.acquireAndLock(SQLiteStatement.java:260)
07-01 20:29:04.144 14495 14943 E EsSyncAdapterService: 	at android.database.sqlite.SQLiteStatement.simpleQueryForLong(SQLiteStatement.java:137)
07-01 20:29:04.144 14495 14943 E EsSyncAdapterService: 	at android.database.DatabaseUtils.longForQuery(DatabaseUtils.java:791)
07-01 20:29:04.144 14495 14943 E EsSyncAdapterService: 	at android.database.DatabaseUtils.longForQuery(DatabaseUtils.java:779)
07-01 20:29:04.144 14495 14943 E EsSyncAdapterService: 	at com.google.android.apps.plus.content.EsAccountsData.queryLastStatsSyncTimestamp(EsAccountsData.java:570)
07-01 20:29:04.144 14495 14943 E EsSyncAdapterService: 	at com.google.android.apps.plus.service.EsSyncAdapterService.syncContactsStatsIfNecessary(EsSyncAdapterService.java:670)
07-01 20:29:04.144 14495 14943 E EsSyncAdapterService: 	at com.google.android.apps.plus.service.EsSyncAdapterService.doFullSync(EsSyncAdapterService.java:633)
07-01 20:29:04.144 14495 14943 E EsSyncAdapterService: 	at com.google.android.apps.plus.service.EsSyncAdapterService.doSync(EsSyncAdapterService.java:566)
07-01 20:29:04.144 14495 14943 E EsSyncAdapterService: 	at com.google.android.apps.plus.service.EsSyncAdapterService.access$100(EsSyncAdapterService.java:52)
07-01 20:29:04.144 14495 14943 E EsSyncAdapterService: 	at com.google.android.apps.plus.service.EsSyncAdapterService$SyncAdapterImpl.onPerformSync(EsSyncAdapterService.java:408)
07-01 20:29:04.144 14495 14943 E EsSyncAdapterService: 	at android.content.AbstractThreadedSyncAdapter$SyncThread.run(AbstractThreadedSyncAdapter.java:247)
07-01 20:29:04.164   145   169 D SyncManager: failed sync operation lokeshmandvekar@gmail.com (com.google), com.google.android.apps.plus.content.EsProvider, SERVER, earliestRunTime 80100342, SyncResult: stats [ numParseExceptions: 1]
07-01 20:29:04.164   145   169 D SyncManager: not retrying sync operation because the error is a hard error: lokeshmandvekar@gmail.com (com.google), com.google.android.apps.plus.content.EsProvider, SERVER, earliestRunTime 80133495
07-01 20:29:04.214 14495 14496 D dalvikvm: GC_CONCURRENT freed 2852K, 21% free 13303K/16647K, paused 10ms+12ms
07-01 20:29:04.625 14804 14848 D dalvikvm: GC_FOR_ALLOC freed 291K, 7% free 10609K/11335K, paused 22ms
07-01 20:29:05.746 14804 14848 D dalvikvm: GC_FOR_ALLOC freed 410K, 8% free 10482K/11335K, paused 24ms
07-01 20:29:06.343 14804 14806 D dalvikvm: GC_CONCURRENT freed 335K, 7% free 10555K/11335K, paused 11ms+2ms
07-01 20:29:07.519 14804 14806 D dalvikvm: GC_CONCURRENT freed 445K, 8% free 10514K/11335K, paused 3ms+4ms
07-01 20:29:08.492 14804 14806 D dalvikvm: GC_CONCURRENT freed 398K, 8% free 10510K/11335K, paused 2ms+2ms
07-01 20:29:09.554 14804 14806 D dalvikvm: GC_CONCURRENT freed 410K, 8% free 10501K/11335K, paused 3ms+4ms
07-01 20:29:09.871 14495 14496 D dalvikvm: GC_CONCURRENT freed 1313K, 21% free 13299K/16647K, paused 3ms+3ms
07-01 20:29:10.191   145  1150 D dalvikvm: GC_EXPLICIT freed 916K, 24% free 16532K/21639K, paused 4ms+8ms
07-01 20:29:10.257 13971 13972 D dalvikvm: GC_CONCURRENT freed 347K, 6% free 9753K/10311K, paused 7ms+4ms
07-01 20:29:10.964 14804 14806 D dalvikvm: GC_CONCURRENT freed 402K, 8% free 10492K/11335K, paused 4ms+2ms
07-01 20:29:11.054 14363 14364 D dalvikvm: GC_CONCURRENT freed 426K, 6% free 10013K/10567K, paused 9ms+3ms
07-01 20:29:13.144 14804 14806 D dalvikvm: GC_CONCURRENT freed 312K, 7% free 10629K/11335K, paused 2ms+7ms
07-01 20:29:13.574   345   345 D SAN_SERVICE: *******************************************
07-01 20:29:13.574   345   345 D SAN_SERVICE: DM App Phone Service State - 0
07-01 20:29:13.574   345   345 D SAN_SERVICE: *******************************************
07-01 20:29:13.668 13971 13972 D dalvikvm: GC_CONCURRENT freed 399K, 6% free 9775K/10311K, paused 1ms+3ms
07-01 20:29:14.394 14804 14806 D dalvikvm: GC_CONCURRENT freed 551K, 8% free 10510K/11335K, paused 17ms+3ms
07-01 20:29:15.613 14804 14806 D dalvikvm: GC_CONCURRENT freed 397K, 7% free 10552K/11335K, paused 2ms+2ms
07-01 20:29:16.835 14804 14806 D dalvikvm: GC_CONCURRENT freed 434K, 8% free 10518K/11335K, paused 4ms+3ms
07-01 20:29:18.023 14804 14806 D dalvikvm: GC_CONCURRENT freed 412K, 8% free 10522K/11335K, paused 2ms+3ms
07-01 20:29:18.730    81   129 W AudioFlinger: write blocked for 389 msecs, 16 delayed writes, thread 0x8cd9a0
07-01 20:29:19.242 14804 14806 D dalvikvm: GC_CONCURRENT freed 389K, 8% free 10524K/11335K, paused 2ms+2ms
07-01 20:29:20.089 14804 14848 D dalvikvm: GC_FOR_ALLOC freed 278K, 7% free 10608K/11335K, paused 21ms
07-01 20:29:21.246 14804 14848 D dalvikvm: GC_FOR_ALLOC freed 406K, 8% free 10482K/11335K, paused 23ms
07-01 20:29:21.324 14900 14913 I PhoneLab-: Service Running
07-01 20:29:21.398 14900 14913 I PhoneLab-LoggerService: app_37    1360  1     1436   996   c00f181c 400107b4 S logcat
07-01 20:29:21.398 14900 14913 I PhoneLab-LoggerService: Logcat pid from database 1360
07-01 20:29:21.398 14900 14913 I PhoneLab-LoggerService: Logcat process found 1360
07-01 20:29:21.398 14900 14913 I PhoneLab-LoggerService: Checking Threshold
07-01 20:29:21.398 14900 14913 I PhoneLab-LoggerService: Starting to rename files
07-01 20:29:21.414 14900 14913 I PhoneLab-LoggerService: Files found .. 2
07-01 20:29:21.480 14804 14806 D dalvikvm: GC_CONCURRENT freed 360K, 8% free 10530K/11335K, paused 2ms+3ms
07-01 20:29:22.523 14804 14806 D dalvikvm: GC_CONCURRENT freed 409K, 8% free 10530K/11335K, paused 5ms+6ms
07-01 20:29:23.562 14804 14806 D dalvikvm: GC_CONCURRENT freed 409K, 8% free 10530K/11335K, paused 54ms+3ms
07-01 20:29:24.488 14804 14806 D dalvikvm: GC_CONCURRENT freed 404K, 8% free 10530K/11335K, paused 6ms+3ms
07-01 20:29:25.519 14804 14806 D dalvikvm: GC_CONCURRENT freed 404K, 8% free 10530K/11335K, paused 5ms+3ms
07-01 20:29:26.484 14804 14806 D dalvikvm: GC_CONCURRENT freed 402K, 8% free 10531K/11335K, paused 2ms+3ms
07-01 20:29:27.488 14804 14806 D dalvikvm: GC_CONCURRENT freed 399K, 8% free 10530K/11335K, paused 2ms+6ms
07-01 20:29:28.507 14804 14806 D dalvikvm: GC_CONCURRENT freed 399K, 8% free 10530K/11335K, paused 2ms+2ms
07-01 20:29:29.507 14804 14848 D dalvikvm: GC_FOR_ALLOC freed 243K, 7% free 10611K/11335K, paused 39ms
07-01 20:29:30.519 14804 14848 D dalvikvm: GC_FOR_ALLOC freed 207K, 7% free 10611K/11335K, paused 21ms
07-01 20:29:30.578 14804 14848 D dalvikvm: GC_FOR_ALLOC freed 197K, 7% free 10611K/11335K, paused 21ms
07-01 20:29:31.582 14804 14848 D dalvikvm: GC_FOR_ALLOC freed 390K, 8% free 10482K/11335K, paused 28ms
07-01 20:29:32.523 14804 14806 D dalvikvm: GC_CONCURRENT freed 200K, 6% free 10675K/11335K, paused 2ms+3ms
07-01 20:29:33.546 14804 14848 D dalvikvm: GC_FOR_ALLOC freed 390K, 8% free 10482K/11335K, paused 74ms
07-01 20:29:33.640 14804 14806 D dalvikvm: GC_CONCURRENT freed 200K, 6% free 10675K/11335K, paused 2ms+2ms
07-01 20:29:34.613 14804 14848 D dalvikvm: GC_FOR_ALLOC freed 392K, 8% free 10484K/11335K, paused 28ms
07-01 20:29:35.613 14804 14806 D dalvikvm: GC_CONCURRENT freed 202K, 6% free 10675K/11335K, paused 2ms+6ms
07-01 20:29:35.664 14875 14876 D dalvikvm: GC_CONCURRENT freed 504K, 6% free 10226K/10823K, paused 2ms+4ms
07-01 20:29:35.793 13246 13248 D dalvikvm: GC_CONCURRENT freed 494K, 8% free 10157K/10951K, paused 6ms+8ms
07-01 20:29:36.621 14804 14848 D dalvikvm: GC_FOR_ALLOC freed 390K, 8% free 10482K/11335K, paused 131ms
07-01 20:29:36.910 14804 14806 D dalvikvm: GC_CONCURRENT freed 200K, 6% free 10675K/11335K, paused 2ms+3ms
07-01 20:29:37.910 14804 14848 D dalvikvm: GC_FOR_ALLOC freed 390K, 8% free 10482K/11335K, paused 26ms
07-01 20:29:38.628 14804 14806 D dalvikvm: GC_CONCURRENT freed 200K, 6% free 10675K/11335K, paused 10ms+2ms
07-01 20:29:40.636 14804 14848 D dalvikvm: GC_FOR_ALLOC freed 390K, 8% free 10482K/11335K, paused 27ms
07-01 20:29:40.769 14804 14806 D dalvikvm: GC_CONCURRENT freed 200K, 6% free 10675K/11335K, paused 2ms+3ms
07-01 20:29:41.332 14363 14364 D dalvikvm: GC_CONCURRENT freed 421K, 6% free 10012K/10567K, paused 5ms+3ms
07-01 20:29:41.734 14804 14848 D dalvikvm: GC_FOR_ALLOC freed 390K, 8% free 10482K/11335K, paused 22ms
07-01 20:29:42.500    81   129 W AudioFlinger: write blocked for 372 msecs, 17 delayed writes, thread 0x8cd9a0
07-01 20:29:42.730 14804 14806 D dalvikvm: GC_CONCURRENT freed 200K, 6% free 10675K/11335K, paused 45ms+2ms
07-01 20:29:43.695 14804 14848 D dalvikvm: GC_FOR_ALLOC freed 390K, 8% free 10482K/11335K, paused 68ms
07-01 20:29:44.082 14804 14806 D dalvikvm: GC_CONCURRENT freed 337K, 8% free 10534K/11335K, paused 3ms+2ms
07-01 20:29:45.554 14804 14806 D dalvikvm: GC_CONCURRENT freed 398K, 7% free 10551K/11335K, paused 2ms+2ms
07-01 20:29:46.257 14804 14806 D dalvikvm: GC_CONCURRENT freed 418K, 8% free 10530K/11335K, paused 3ms+2ms
07-01 20:29:47.273    81   129 W AudioTrack: stepServer() could not lock cblk
07-01 20:29:47.390 14804 14806 D dalvikvm: GC_CONCURRENT freed 434K, 8% free 10530K/11335K, paused 3ms+2ms
07-01 20:29:48.300 14804 14806 D dalvikvm: GC_CONCURRENT freed 419K, 8% free 10515K/11335K, paused 2ms+3ms
07-01 20:29:49.324 14804 14806 D dalvikvm: GC_CONCURRENT freed 419K, 8% free 10515K/11335K, paused 40ms+2ms
07-01 20:29:50.308 14804 14806 D dalvikvm: GC_CONCURRENT freed 419K, 8% free 10505K/11335K, paused 2ms+2ms
07-01 20:29:51.136 14804 14806 D dalvikvm: GC_CONCURRENT freed 403K, 8% free 10525K/11335K, paused 3ms+3ms
07-01 20:29:52.117   145   147 D dalvikvm: GC_CONCURRENT freed 1772K, 24% free 16547K/21639K, paused 9ms+9ms
07-01 20:29:52.183 14804 14806 D dalvikvm: GC_CONCURRENT freed 388K, 7% free 10586K/11335K, paused 9ms+3ms
07-01 20:29:53.218 14804 14848 D dalvikvm: GC_FOR_ALLOC freed 439K, 8% free 10517K/11335K, paused 94ms
07-01 20:29:54.117 14804 14806 D dalvikvm: GC_CONCURRENT freed 418K, 8% free 10503K/11335K, paused 5ms+5ms
07-01 20:29:55.058 14804 14806 D dalvikvm: GC_CONCURRENT freed 404K, 8% free 10514K/11335K, paused 20ms+3ms
07-01 20:29:56.019 14804 14806 D dalvikvm: GC_CONCURRENT freed 408K, 8% free 10507K/11335K, paused 2ms+2ms
07-01 20:29:56.968 14804 14806 D dalvikvm: GC_CONCURRENT freed 395K, 8% free 10534K/11335K, paused 3ms+2ms
07-01 20:29:57.535 14804 14806 D dalvikvm: GC_CONCURRENT freed 424K, 8% free 10508K/11335K, paused 4ms+6ms
07-01 20:29:58.519 14804 14806 D dalvikvm: GC_CONCURRENT freed 410K, 8% free 10501K/11335K, paused 3ms+2ms
07-01 20:29:59.707 14804 14806 D dalvikvm: GC_CONCURRENT freed 318K, 7% free 10609K/11335K, paused 2ms+3ms
07-01 20:30:00.293 14900 14900 I PhoneLab-Locks: wake lock acquired
07-01 20:30:00.316 14900 14962 I PhoneLab-PeriodicCheckService: User info is synched
07-01 20:30:00.343 14900 14962 I PhoneLab-PeriodicCheckService: Logger Service is running
07-01 20:30:00.355 14900 14900 I PhoneLab-Locks: wake lock acquired
07-01 20:30:00.359 14900 14962 I PhoneLab-Locks: wake lock acquired
07-01 20:30:00.367 14900 14900 I PhoneLab-UploadLogs: Transfering log files now
07-01 20:30:00.382 14900 14962 I PhoneLab-PeriodicCheckService: Rescheduling periodic checking...
07-01 20:30:00.386 14900 14962 I PhoneLab-Locks: wake lock released
07-01 20:30:00.636 14900 14902 D dalvikvm: GC_CONCURRENT freed 402K, 5% free 9134K/9607K, paused 11ms+3ms
07-01 20:30:00.757 14804 14848 D dalvikvm: GC_FOR_ALLOC freed 452K, 8% free 10482K/11335K, paused 38ms
07-01 20:30:00.765 14900 14900 D dalvikvm: GC_FOR_ALLOC freed 219K, 5% free 9197K/9671K, paused 18ms
07-01 20:30:00.804 14900 14900 D dalvikvm: GC_FOR_ALLOC freed 56K, 6% free 9261K/9799K, paused 13ms
07-01 20:30:00.808 14900 14900 I dalvikvm-heap: Grow heap (frag case) to 9.356MB for 254548-byte allocation
07-01 20:30:00.828 14900 14900 D dalvikvm: GC_FOR_ALLOC freed 120K, 7% free 9389K/10055K, paused 18ms
07-01 20:30:00.828 14900 14900 I dalvikvm-heap: Grow heap (frag case) to 9.731MB for 516692-byte allocation
07-01 20:30:00.855 14900 14902 D dalvikvm: GC_CONCURRENT freed 248K, 9% free 9645K/10567K, paused 2ms+2ms
07-01 20:30:00.925 14900 14900 I PhoneLab-UploadLogs: OnStartCommand
07-01 20:30:00.929 14900 14900 I PhoneLab-StatusMonitor: Status Monitoring is started
07-01 20:30:00.953 14900 14900 E PhoneLab-PhoneLabManifest: java.io.FileNotFoundException: /data/data/edu.buffalo.cse.phonelab.phonelabservices/files/manifest.xml: open failed: ENOENT (No such file or directory)
07-01 20:30:01.031 14900 14900 I PhoneLab-Locks: wake lock released
07-01 20:30:01.324 14900 14964 D dalvikvm: GC_FOR_ALLOC freed 393K, 9% free 9631K/10567K, paused 25ms
07-01 20:30:01.347 14900 14964 D dalvikvm: GC_FOR_ALLOC freed 301K, 9% free 9631K/10567K, paused 21ms
07-01 20:30:01.375 14900 14964 D dalvikvm: GC_FOR_ALLOC freed 301K, 9% free 9638K/10567K, paused 17ms
07-01 20:30:02.347 14804 14806 D dalvikvm: GC_CONCURRENT freed 371K, 7% free 10545K/11335K, paused 2ms+6ms
07-01 20:30:03.722 14804 14806 D dalvikvm: GC_CONCURRENT freed 448K, 8% free 10489K/11335K, paused 2ms+3ms
07-01 20:30:04.722 14804 14806 D dalvikvm: GC_CONCURRENT freed 319K, 7% free 10569K/11335K, paused 2ms+2ms
07-01 20:30:05.312 14900 14900 I PhoneLab-: 1341187730118.log is deleted
07-01 20:30:05.312 14900 14900 I PhoneLab-: Response: {"data": "done", "err": ""}
07-01 20:30:05.320 14900 14900 I PhoneLab-UploadLogs: No log files to transfer
07-01 20:30:05.320 14900 14900 I PhoneLab-Locks: wake lock released
07-01 20:30:05.554 14804 14806 D dalvikvm: GC_CONCURRENT freed 464K, 8% free 10497K/11335K, paused 5ms+3ms
07-01 20:30:06.511 14804 14806 D dalvikvm: GC_CONCURRENT freed 393K, 8% free 10533K/11335K, paused 1ms+3ms
07-01 20:30:07.234 14804 14806 D dalvikvm: GC_CONCURRENT freed 382K, 8% free 10537K/11335K, paused 5ms+2ms
07-01 20:30:08.164 14804 14806 D dalvikvm: GC_CONCURRENT freed 382K, 8% free 10541K/11335K, paused 3ms+2ms
07-01 20:30:09.195 14804 14806 D dalvikvm: GC_CONCURRENT freed 444K, 8% free 10541K/11335K, paused 3ms+2ms
07-01 20:30:10.195 14804 14806 D dalvikvm: GC_CONCURRENT freed 434K, 8% free 10541K/11335K, paused 3ms+5ms
07-01 20:30:11.160 14804 14806 D dalvikvm: GC_CONCURRENT freed 438K, 8% free 10541K/11335K, paused 2ms+2ms
07-01 20:30:12.410 14804 14806 D dalvikvm: GC_CONCURRENT freed 398K, 7% free 10584K/11335K, paused 3ms+2ms
07-01 20:30:13.410 14804 14848 D dalvikvm: GC_FOR_ALLOC freed 415K, 8% free 10533K/11335K, paused 51ms
07-01 20:30:14.414 14804 14848 D dalvikvm: GC_FOR_ALLOC freed 419K, 8% free 10482K/11335K, paused 55ms
07-01 20:30:15.210 14804 14806 D dalvikvm: GC_CONCURRENT freed 340K, 7% free 10555K/11335K, paused 9ms+9ms
07-01 20:30:16.484 14804 14848 D dalvikvm: GC_FOR_ALLOC freed 287K, 7% free 10609K/11335K, paused 22ms
07-01 20:30:17.710 14804 14806 D dalvikvm: GC_CONCURRENT freed 527K, 8% free 10501K/11335K, paused 2ms+2ms
07-01 20:30:18.687 14804 14806 D dalvikvm: GC_CONCURRENT freed 371K, 7% free 10546K/11335K, paused 2ms+3ms
07-01 20:30:19.757 14804 14806 D dalvikvm: GC_CONCURRENT freed 434K, 7% free 10546K/11335K, paused 24ms+3ms
07-01 20:30:20.738 14804 14806 D dalvikvm: GC_CONCURRENT freed 438K, 7% free 10546K/11335K, paused 21ms+3ms
07-01 20:30:21.953 14804 14806 D dalvikvm: GC_CONCURRENT freed 448K, 8% free 10497K/11335K, paused 4ms+15ms
07-01 20:30:23.820 14804 14806 D dalvikvm: GC_CONCURRENT freed 369K, 7% free 10547K/11335K, paused 2ms+3ms
07-01 20:30:24.621 14804 14806 D dalvikvm: GC_CONCURRENT freed 413K, 8% free 10540K/11335K, paused 4ms+2ms
07-01 20:30:25.601 14804 14848 D dalvikvm: GC_FOR_ALLOC freed 321K, 7% free 10590K/11335K, paused 21ms
07-01 20:30:26.656 14804 14848 D dalvikvm: GC_FOR_ALLOC freed 411K, 8% free 10482K/11335K, paused 79ms
07-01 20:30:27.160 14804 14806 D dalvikvm: GC_CONCURRENT freed 318K, 7% free 10564K/11335K, paused 2ms+3ms
07-01 20:30:28.144 14804 14806 D dalvikvm: GC_CONCURRENT freed 413K, 8% free 10538K/11335K, paused 2ms+2ms
07-01 20:30:30.289 14804 14848 D dalvikvm: GC_FOR_ALLOC freed 296K, 7% free 10611K/11335K, paused 21ms
07-01 20:30:31.324 14804 14848 D dalvikvm: GC_FOR_ALLOC freed 394K, 8% free 10482K/11335K, paused 21ms
07-01 20:30:32.371 14804 14806 D dalvikvm: GC_CONCURRENT freed 200K, 6% free 10675K/11335K, paused 3ms+2ms
07-01 20:30:33.640 14804 14848 D dalvikvm: GC_FOR_ALLOC freed 390K, 8% free 10482K/11335K, paused 322ms
07-01 20:30:33.910 14804 14806 D dalvikvm: GC_CONCURRENT freed 200K, 6% free 10675K/11335K, paused 3ms+3ms
07-01 20:30:34.691   345   345 D SAN_SERVICE: *******************************************
07-01 20:30:34.691   345   345 D SAN_SERVICE: DM App Phone Service State - 0
07-01 20:30:34.695   345   345 D SAN_SERVICE: *******************************************
07-01 20:30:34.960   345   345 D SAN_SERVICE: *******************************************
07-01 20:30:34.960   345   345 D SAN_SERVICE: DM App Phone Service State - 0
07-01 20:30:34.960   345   345 D SAN_SERVICE: *******************************************
07-01 20:30:34.960 14804 14848 D dalvikvm: GC_FOR_ALLOC freed 390K, 8% free 10482K/11335K, paused 105ms
07-01 20:30:35.433 14804 14806 D dalvikvm: GC_CONCURRENT freed 200K, 6% free 10675K/11335K, paused 9ms+2ms
07-01 20:30:35.671 13246 13248 D dalvikvm: GC_CONCURRENT freed 445K, 8% free 10159K/10951K, paused 2ms+2ms
07-01 20:30:35.710   345   345 D SAN_SERVICE: *******************************************
07-01 20:30:35.710   345   345 D SAN_SERVICE: DM App Phone Service State - 0
07-01 20:30:35.710   345   345 D SAN_SERVICE: *******************************************
07-01 20:30:36.418 14804 14848 D dalvikvm: GC_FOR_ALLOC freed 390K, 8% free 10482K/11335K, paused 95ms
07-01 20:30:36.957 14804 14806 D dalvikvm: GC_CONCURRENT freed 200K, 6% free 10675K/11335K, paused 4ms+2ms
07-01 20:30:37.886 14804 14848 D dalvikvm: GC_FOR_ALLOC freed 390K, 8% free 10482K/11335K, paused 28ms
07-01 20:30:38.418 14804 14806 D dalvikvm: GC_CONCURRENT freed 200K, 6% free 10675K/11335K, paused 5ms+6ms
07-01 20:30:39.398 14804 14848 D dalvikvm: GC_FOR_ALLOC freed 390K, 8% free 10482K/11335K, paused 67ms
07-01 20:30:39.960 14804 14806 D dalvikvm: GC_CONCURRENT freed 203K, 6% free 10675K/11335K, paused 11ms+2ms
07-01 20:30:40.089   145   200 D DhcpInfoInternal: makeLinkProperties with empty dns2!
07-01 20:30:40.089   145   200 D DhcpInfoInternal: makeLinkProperties with empty dns2!
07-01 20:30:40.210   145   147 D dalvikvm: GC_CONCURRENT freed 1845K, 24% free 16558K/21639K, paused 6ms+7ms
07-01 20:30:40.894 14804 14848 D dalvikvm: GC_FOR_ALLOC freed 390K, 8% free 10482K/11335K, paused 24ms
07-01 20:30:41.414 14804 14806 D dalvikvm: GC_CONCURRENT freed 200K, 6% free 10675K/11335K, paused 5ms+2ms
07-01 20:30:42.402    81   129 W AudioTrack: stepServer() could not lock cblk
07-01 20:30:42.500 14804 14848 D dalvikvm: GC_FOR_ALLOC freed 390K, 8% free 10482K/11335K, paused 169ms
07-01 20:30:42.937 14804 14806 D dalvikvm: GC_CONCURRENT freed 200K, 6% free 10675K/11335K, paused 3ms+2ms
07-01 20:30:43.949 14804 14848 D dalvikvm: GC_FOR_ALLOC freed 390K, 8% free 10482K/11335K, paused 85ms
07-01 20:30:44.460 14804 14806 D dalvikvm: GC_CONCURRENT freed 200K, 6% free 10675K/11335K, paused 2ms+3ms
07-01 20:30:45.449 14804 14848 D dalvikvm: GC_FOR_ALLOC freed 390K, 8% free 10482K/11335K, paused 92ms
07-01 20:30:45.914 14804 14806 D dalvikvm: GC_CONCURRENT freed 200K, 6% free 10675K/11335K, paused 2ms+2ms
07-01 20:30:46.921 14804 14848 D dalvikvm: GC_FOR_ALLOC freed 390K, 8% free 10482K/11335K, paused 27ms
07-01 20:30:47.500 14804 14806 D dalvikvm: GC_CONCURRENT freed 200K, 6% free 10675K/11335K, paused 2ms+2ms
07-01 20:30:48.449 14804 14848 D dalvikvm: GC_FOR_ALLOC freed 394K, 8% free 10482K/11335K, paused 21ms
07-01 20:30:48.941 14804 14806 D dalvikvm: GC_CONCURRENT freed 200K, 6% free 10675K/11335K, paused 2ms+2ms
07-01 20:30:49.960 14804 14848 D dalvikvm: GC_FOR_ALLOC freed 390K, 8% free 10482K/11335K, paused 75ms
07-01 20:30:50.562 14804 14806 D dalvikvm: GC_CONCURRENT freed 362K, 8% free 10533K/11335K, paused 2ms+3ms
07-01 20:30:51.578 14804 14848 D dalvikvm: GC_FOR_ALLOC freed 399K, 8% free 10517K/11335K, paused 22ms
07-01 20:30:52.644 14804 14806 D dalvikvm: GC_CONCURRENT freed 409K, 8% free 10505K/11335K, paused 2ms+3ms
07-01 20:30:53.027    81   129 W AudioTrack: stepServer() could not lock cblk
07-01 20:30:54.121 14804 14806 D dalvikvm: GC_CONCURRENT freed 313K, 7% free 10598K/11335K, paused 2ms+6ms
07-01 20:30:55.089 14804 14848 D dalvikvm: GC_FOR_ALLOC freed 407K, 8% free 10482K/11335K, paused 22ms
07-01 20:30:55.988 14804 14806 D dalvikvm: GC_CONCURRENT freed 316K, 7% free 10565K/11335K, paused 2ms+3ms
07-01 20:30:58.214 14804 14806 D dalvikvm: GC_CONCURRENT freed 429K, 7% free 10564K/11335K, paused 2ms+13ms
07-01 20:30:59.207 14804 14848 D dalvikvm: GC_FOR_ALLOC freed 318K, 8% free 10540K/11335K, paused 36ms
07-01 20:31:00.218 14804 14848 D dalvikvm: GC_FOR_ALLOC freed 404K, 8% free 10482K/11335K, paused 25ms
07-01 20:31:00.421 13971 13988 D dalvikvm: GC_EXPLICIT freed 255K, 6% free 9699K/10311K, paused 2ms+4ms
07-01 20:31:00.480 14804 14806 D dalvikvm: GC_CONCURRENT freed 274K, 7% free 10594K/11335K, paused 2ms+3ms
07-01 20:31:01.156 14613 14985 D GetStringObjTask: retrieving from url = http://www.chess.com/api/get_move_status?id=y3ICtufzg6w7rQqcD3KFujVaIanpYba4bIpaeKElV1LNz3Sz4Fk9Yh5CeWaj8h4bQ2RY0CxFVgA%2ByBE5DE%2B1cAuw4i%2Bp2GVj5RbuDPEUotReGbS25iAukuBsuUd%2Fl5dp
07-01 20:31:01.460 14804 14848 D dalvikvm: GC_FOR_ALLOC freed 400K, 8% free 10519K/11335K, paused 42ms
07-01 20:31:01.492 14613 14614 D dalvikvm: GC_CONCURRENT freed 331K, 5% free 9483K/9927K, paused 16ms+6ms
07-01 20:31:01.921 14613 14985 D GetStringObjTask: WebRequest SERVER RESPONSE: Success+0
07-01 20:31:02.527 14804 14806 D dalvikvm: GC_CONCURRENT freed 404K, 8% free 10519K/11335K, paused 2ms+2ms
07-01 20:31:03.496 14804 14806 D dalvikvm: GC_CONCURRENT freed 404K, 8% free 10519K/11335K, paused 4ms+6ms
07-01 20:31:04.460 14804 14806 D dalvikvm: GC_CONCURRENT freed 404K, 8% free 10519K/11335K, paused 2ms+3ms
07-01 20:31:05.460 14804 14806 D dalvikvm: GC_CONCURRENT freed 404K, 8% free 10519K/11335K, paused 2ms+2ms
07-01 20:31:06.035    81   129 W AudioTrack: stepServer() could not lock cblk
07-01 20:31:06.468 14804 14806 D dalvikvm: GC_CONCURRENT freed 404K, 8% free 10519K/11335K, paused 3ms+3ms
07-01 20:31:07.472 14804 14806 D dalvikvm: GC_CONCURRENT freed 407K, 8% free 10519K/11335K, paused 2ms+6ms
07-01 20:31:08.972 14804 14806 D dalvikvm: GC_CONCURRENT freed 401K, 8% free 10522K/11335K, paused 9ms+2ms
07-01 20:31:10.027 14804 14806 D dalvikvm: GC_CONCURRENT freed 415K, 8% free 10497K/11335K, paused 2ms+3ms
07-01 20:31:10.949 14804 14806 D dalvikvm: GC_CONCURRENT freed 388K, 7% free 10543K/11335K, paused 2ms+2ms
07-01 20:31:11.984 14804 14806 D dalvikvm: GC_CONCURRENT freed 429K, 7% free 10543K/11335K, paused 2ms+3ms
07-01 20:31:12.941 14804 14806 D dalvikvm: GC_CONCURRENT freed 424K, 8% free 10523K/11335K, paused 2ms+3ms
07-01 20:31:15.640 14804 14806 D dalvikvm: GC_CONCURRENT freed 421K, 7% free 10546K/11335K, paused 10ms+2ms
07-01 20:31:16.585 14804 14848 D dalvikvm: GC_FOR_ALLOC freed 393K, 8% free 10482K/11335K, paused 53ms
07-01 20:31:16.793 14804 14806 D dalvikvm: GC_CONCURRENT freed 202K, 6% free 10677K/11335K, paused 7ms+13ms
07-01 20:31:17.742 14804 14848 D dalvikvm: GC_FOR_ALLOC freed 391K, 8% free 10482K/11335K, paused 48ms
07-01 20:31:18.636 14804 14806 D dalvikvm: GC_CONCURRENT freed 200K, 6% free 10675K/11335K, paused 2ms+2ms
07-01 20:31:19.753 14804 14848 D dalvikvm: GC_FOR_ALLOC freed 390K, 8% free 10482K/11335K, paused 44ms
07-01 20:31:19.847 14804 14806 D dalvikvm: GC_CONCURRENT freed 200K, 6% free 10675K/11335K, paused 2ms+3ms
07-01 20:31:20.796   145   145 D AlarmManagerService: Kernel timezone updated to 240 minutes west of GMT
07-01 20:31:20.871 14804 14848 D dalvikvm: GC_FOR_ALLOC freed 390K, 8% free 10482K/11335K, paused 25ms
07-01 20:31:21.328 14900 14913 I PhoneLab-: Service Running
07-01 20:31:21.363 14900 14913 I PhoneLab-LoggerService: app_37    1360  1     1436   996   c00f181c 400107b4 S logcat
07-01 20:31:21.363 14900 14913 I PhoneLab-LoggerService: Logcat pid from database 1360
07-01 20:31:21.363 14900 14913 I PhoneLab-LoggerService: Logcat process found 1360
07-01 20:31:21.363 14900 14913 I PhoneLab-LoggerService: Checking Threshold
07-01 20:31:21.761 14804 14806 D dalvikvm: GC_CONCURRENT freed 200K, 6% free 10675K/11335K, paused 3ms+3ms
07-01 20:31:22.750 14804 14848 D dalvikvm: GC_FOR_ALLOC freed 390K, 8% free 10482K/11335K, paused 21ms
07-01 20:31:22.960 14804 14806 D dalvikvm: GC_CONCURRENT freed 200K, 6% free 10675K/11335K, paused 9ms+3ms
07-01 20:31:23.906 14804 14848 D dalvikvm: GC_FOR_ALLOC freed 390K, 8% free 10505K/11335K, paused 57ms
07-01 20:31:24.945 14804 14806 D dalvikvm: GC_CONCURRENT freed 407K, 8% free 10499K/11335K, paused 6ms+6ms
07-01 20:31:25.863 14804 14806 D dalvikvm: GC_CONCURRENT freed 397K, 8% free 10501K/11335K, paused 29ms+3ms
07-01 20:31:26.390 11063 11065 D dalvikvm: GC_CONCURRENT freed 452K, 6% free 10883K/11463K, paused 19ms+6ms
07-01 20:31:26.867 14804 14806 D dalvikvm: GC_CONCURRENT freed 392K, 8% free 10518K/11335K, paused 2ms+3ms
07-01 20:31:27.843 14804 14806 D dalvikvm: GC_CONCURRENT freed 409K, 8% free 10518K/11335K, paused 2ms+3ms
07-01 20:31:28.351   145   147 D dalvikvm: GC_CONCURRENT freed 1825K, 24% free 16543K/21639K, paused 8ms+7ms
07-01 20:31:28.878 14804 14806 D dalvikvm: GC_CONCURRENT freed 419K, 8% free 10518K/11335K, paused 2ms+2ms
07-01 20:31:29.937 14804 14806 D dalvikvm: GC_CONCURRENT freed 414K, 8% free 10518K/11335K, paused 12ms+2ms
07-01 20:31:30.882 14804 14806 D dalvikvm: GC_CONCURRENT freed 404K, 8% free 10517K/11335K, paused 2ms+3ms
07-01 20:31:32.191 14804 14806 D dalvikvm: GC_CONCURRENT freed 409K, 8% free 10518K/11335K, paused 21ms+2ms
07-01 20:31:33.210 14804 14806 D dalvikvm: GC_CONCURRENT freed 409K, 8% free 10518K/11335K, paused 50ms+3ms
07-01 20:31:34.168 14804 14806 D dalvikvm: GC_CONCURRENT freed 408K, 8% free 10505K/11335K, paused 3ms+3ms
07-01 20:31:35.375 14804 14806 D dalvikvm: GC_CONCURRENT freed 404K, 8% free 10489K/11335K, paused 7ms+3ms
07-01 20:31:35.636 14875 14876 D dalvikvm: GC_CONCURRENT freed 510K, 6% free 10227K/10823K, paused 2ms+3ms
07-01 20:31:36.437 14804 14806 D dalvikvm: GC_CONCURRENT freed 351K, 8% free 10522K/11335K, paused 29ms+2ms
07-01 20:31:37.476    81   129 W AudioTrack: stepServer() could not lock cblk
07-01 20:31:37.554 14804 14848 D dalvikvm: GC_FOR_ALLOC freed 410K, 8% free 10482K/11335K, paused 22ms
07-01 20:31:38.195 14804 14806 D dalvikvm: GC_CONCURRENT freed 213K, 6% free 10663K/11335K, paused 2ms+2ms
07-01 20:31:39.359 14804 14848 D dalvikvm: GC_FOR_ALLOC freed 521K, 8% free 10491K/11335K, paused 27ms
07-01 20:31:40.910 14804 14806 D dalvikvm: GC_CONCURRENT freed 338K, 7% free 10608K/11335K, paused 2ms+3ms
07-01 20:31:41.347   145   395 D dalvikvm: GC_EXPLICIT freed 311K, 24% free 16529K/21639K, paused 28ms+8ms
07-01 20:31:41.367   345   345 D SAN_SERVICE: *******************************************
07-01 20:31:41.367   345   345 D SAN_SERVICE: DM App Phone Service State - 0
07-01 20:31:41.367   345   345 D SAN_SERVICE: *******************************************
07-01 20:31:41.730   345   345 D SAN_SERVICE: *******************************************
07-01 20:31:41.730   345   345 D SAN_SERVICE: DM App Phone Service State - 0
07-01 20:31:41.730   345   345 D SAN_SERVICE: *******************************************
07-01 20:31:42.234   345   345 D SAN_SERVICE: *******************************************
07-01 20:31:42.234   345   345 D SAN_SERVICE: DM App Phone Service State - 0
07-01 20:31:42.234   345   345 D SAN_SERVICE: *******************************************
07-01 20:31:42.531 14804 14806 D dalvikvm: GC_CONCURRENT freed 510K, 8% free 10518K/11335K, paused 2ms+3ms
07-01 20:31:43.507 14804 14806 D dalvikvm: GC_CONCURRENT freed 377K, 8% free 10531K/11335K, paused 2ms+2ms
07-01 20:31:44.261 14804 14806 D dalvikvm: GC_CONCURRENT freed 430K, 8% free 10487K/11335K, paused 3ms+4ms
07-01 20:31:45.242 14804 14806 D dalvikvm: GC_CONCURRENT freed 334K, 7% free 10561K/11335K, paused 2ms+2ms
07-01 20:31:46.191 14804 14848 D dalvikvm: GC_FOR_ALLOC freed 207K, 7% free 10611K/11335K, paused 29ms
07-01 20:31:47.191 14804 14848 D dalvikvm: GC_FOR_ALLOC freed 400K, 8% free 10482K/11335K, paused 51ms
07-01 20:31:47.835 14804 14806 D dalvikvm: GC_CONCURRENT freed 331K, 7% free 10543K/11335K, paused 26ms+3ms
07-01 20:31:49.484 14804 14806 D dalvikvm: GC_CONCURRENT freed 443K, 7% free 10556K/11335K, paused 59ms+3ms
07-01 20:31:50.148 14804 14806 D dalvikvm: GC_CONCURRENT freed 306K, 6% free 10676K/11335K, paused 4ms+6ms
07-01 20:31:51.085 14804 14848 D dalvikvm: GC_FOR_ALLOC freed 436K, 7% free 10547K/11335K, paused 21ms
07-01 20:31:52.101 14804 14806 D dalvikvm: GC_CONCURRENT freed 439K, 7% free 10547K/11335K, paused 2ms+4ms
07-01 20:31:53.699 14804 14806 D dalvikvm: GC_CONCURRENT freed 443K, 7% free 10546K/11335K, paused 8ms+2ms
07-01 20:31:54.683 14804 14848 D dalvikvm: GC_FOR_ALLOC freed 409K, 8% free 10482K/11335K, paused 61ms
07-01 20:31:55.019 14804 14806 D dalvikvm: GC_CONCURRENT freed 385K, 8% free 10492K/11335K, paused 133ms+2ms
07-01 20:31:55.878 14804 14806 D dalvikvm: GC_CONCURRENT freed 224K, 7% free 10654K/11335K, paused 11ms+3ms
07-01 20:31:56.851 14804 14848 D dalvikvm: GC_FOR_ALLOC freed 400K, 8% free 10539K/11335K, paused 85ms
07-01 20:31:57.855 14804 14806 D dalvikvm: GC_CONCURRENT freed 404K, 8% free 10539K/11335K, paused 2ms+2ms
07-01 20:31:58.953 14804 14848 D dalvikvm: GC_FOR_ALLOC freed 404K, 8% free 10482K/11335K, paused 22ms
07-01 20:31:59.750 14804 14806 D dalvikvm: GC_CONCURRENT freed 205K, 6% free 10675K/11335K, paused 10ms+2ms
07-01 20:32:00.562    81   129 W AudioTrack: stepServer() could not lock cblk
07-01 20:32:00.644 14804 14848 D dalvikvm: GC_FOR_ALLOC freed 400K, 8% free 10529K/11335K, paused 25ms
07-01 20:32:02.000 14804 14806 D dalvikvm: GC_CONCURRENT freed 430K, 8% free 10482K/11335K, paused 2ms+7ms
07-01 20:32:02.867 14804 14806 D dalvikvm: GC_CONCURRENT freed 309K, 7% free 10582K/11335K, paused 5ms+2ms
07-01 20:32:03.839 14804 14806 D dalvikvm: GC_CONCURRENT freed 444K, 8% free 10542K/11335K, paused 3ms+2ms
07-01 20:32:04.832 14804 14806 D dalvikvm: GC_CONCURRENT freed 439K, 8% free 10541K/11335K, paused 2ms+3ms
07-01 20:32:05.843 14804 14806 D dalvikvm: GC_CONCURRENT freed 434K, 8% free 10542K/11335K, paused 2ms+5ms
07-01 20:32:06.839 14804 14806 D dalvikvm: GC_CONCURRENT freed 426K, 8% free 10511K/11335K, paused 2ms+5ms
07-01 20:32:07.816 14804 14806 D dalvikvm: GC_CONCURRENT freed 343K, 7% free 10573K/11335K, paused 2ms+3ms
07-01 20:32:08.839 14804 14806 D dalvikvm: GC_CONCURRENT freed 434K, 7% free 10543K/11335K, paused 2ms+3ms
07-01 20:32:09.863 14804 14806 D dalvikvm: GC_CONCURRENT freed 439K, 7% free 10543K/11335K, paused 5ms+3ms
07-01 20:32:10.875 14804 14806 D dalvikvm: GC_CONCURRENT freed 429K, 7% free 10549K/11335K, paused 2ms+2ms
07-01 20:32:12.375 14804 14806 D dalvikvm: GC_CONCURRENT freed 442K, 7% free 10560K/11335K, paused 6ms+2ms
07-01 20:32:13.300 14804 14806 D dalvikvm: GC_CONCURRENT freed 452K, 8% free 10519K/11335K, paused 4ms+6ms
07-01 20:32:14.257 14804 14806 D dalvikvm: GC_CONCURRENT freed 381K, 8% free 10526K/11335K, paused 2ms+2ms
07-01 20:32:15.304 14804 14806 D dalvikvm: GC_CONCURRENT freed 429K, 8% free 10514K/11335K, paused 4ms+3ms
07-01 20:32:16.269 14804 14806 D dalvikvm: GC_CONCURRENT freed 417K, 8% free 10516K/11335K, paused 50ms+3ms
07-01 20:32:17.140 14804 14806 D dalvikvm: GC_CONCURRENT freed 388K, 8% free 10535K/11335K, paused 4ms+2ms
07-01 20:32:18.367 14804 14806 D dalvikvm: GC_CONCURRENT freed 381K, 7% free 10612K/11335K, paused 2ms+2ms
07-01 20:32:20.035 14804 14806 D dalvikvm: GC_CONCURRENT freed 485K, 8% free 10532K/11335K, paused 2ms+2ms
07-01 20:32:21.070 14804 14806 D dalvikvm: GC_CONCURRENT freed 426K, 7% free 10548K/11335K, paused 2ms+3ms
07-01 20:32:21.941 14804 14806 D dalvikvm: GC_CONCURRENT freed 437K, 7% free 10547K/11335K, paused 4ms+2ms
07-01 20:32:22.921 14804 14806 D dalvikvm: GC_CONCURRENT freed 428K, 8% free 10514K/11335K, paused 5ms+5ms
07-01 20:32:23.918 14804 14806 D dalvikvm: GC_CONCURRENT freed 387K, 8% free 10524K/11335K, paused 5ms+3ms
07-01 20:32:25.062 14804 14806 D dalvikvm: GC_CONCURRENT freed 424K, 8% free 10524K/11335K, paused 3ms+30ms
07-01 20:32:25.168   145   147 D dalvikvm: GC_CONCURRENT freed 1757K, 24% free 16542K/21639K, paused 3ms+6ms
07-01 20:32:26.054 14804 14806 D dalvikvm: GC_CONCURRENT freed 419K, 8% free 10524K/11335K, paused 2ms+2ms
07-01 20:32:27.101 14804 14806 D dalvikvm: GC_CONCURRENT freed 414K, 8% free 10523K/11335K, paused 3ms+37ms
07-01 20:32:27.621 14804 14806 D dalvikvm: GC_CONCURRENT freed 393K, 8% free 10520K/11335K, paused 2ms+2ms
07-01 20:32:28.824 14804 14806 D dalvikvm: GC_CONCURRENT freed 309K, 7% free 10643K/11335K, paused 2ms+2ms
07-01 20:32:29.871 14804 14848 D dalvikvm: GC_FOR_ALLOC freed 410K, 8% free 10482K/11335K, paused 23ms
07-01 20:32:30.484 14804 14806 D dalvikvm: GC_CONCURRENT freed 376K, 8% free 10501K/11335K, paused 3ms+3ms
07-01 20:32:31.617 14804 14806 D dalvikvm: GC_CONCURRENT freed 290K, 7% free 10615K/11335K, paused 3ms+2ms
07-01 20:32:32.742 14804 14848 D dalvikvm: GC_FOR_ALLOC freed 444K, 8% free 10482K/11335K, paused 48ms
07-01 20:32:33.882 14804 14806 D dalvikvm: GC_CONCURRENT freed 375K, 7% free 10545K/11335K, paused 2ms+3ms
07-01 20:32:34.960 14804 14848 D dalvikvm: GC_FOR_ALLOC freed 424K, 8% free 10482K/11335K, paused 22ms
07-01 20:32:35.535    81   129 W AudioTrack: stepServer() could not lock cblk
07-01 20:32:35.832 14804 14806 D dalvikvm: GC_CONCURRENT freed 340K, 7% free 10561K/11335K, paused 3ms+21ms
07-01 20:32:35.921 13246 13248 D dalvikvm: GC_CONCURRENT freed 519K, 8% free 10151K/10951K, paused 7ms+8ms
07-01 20:32:36.757 14804 14806 D dalvikvm: GC_CONCURRENT freed 439K, 7% free 10543K/11335K, paused 6ms+3ms
07-01 20:32:37.832 14804 14806 D dalvikvm: GC_CONCURRENT freed 443K, 8% free 10539K/11335K, paused 4ms+3ms
07-01 20:32:38.882 14804 14806 D dalvikvm: GC_CONCURRENT freed 436K, 8% free 10510K/11335K, paused 3ms+17ms
07-01 20:32:40.066 14804 14848 D dalvikvm: GC_FOR_ALLOC freed 358K, 8% free 10482K/11335K, paused 21ms
07-01 20:32:40.539 14804 14806 D dalvikvm: GC_CONCURRENT freed 340K, 7% free 10548K/11335K, paused 2ms+2ms
07-01 20:32:41.878 14804 14848 D dalvikvm: GC_FOR_ALLOC freed 321K, 7% free 10609K/11335K, paused 22ms
07-01 20:32:42.957 14804 14848 D dalvikvm: GC_FOR_ALLOC freed 401K, 8% free 10482K/11335K, paused 30ms
07-01 20:32:43.500 14804 14806 D dalvikvm: GC_CONCURRENT freed 350K, 8% free 10518K/11335K, paused 3ms+3ms
07-01 20:32:44.503 14804 14806 D dalvikvm: GC_CONCURRENT freed 405K, 8% free 10506K/11335K, paused 2ms+2ms
07-01 20:32:45.558    81   129 W AudioTrack: stepServer() could not lock cblk
07-01 20:32:45.664 14804 14848 D dalvikvm: GC_FOR_ALLOC freed 333K, 7% free 10545K/11335K, paused 21ms
07-01 20:32:48.207 14804 14806 D dalvikvm: GC_CONCURRENT freed 423K, 8% free 10539K/11335K, paused 2ms+2ms
07-01 20:32:50.203 14804 14806 D dalvikvm: GC_CONCURRENT freed 319K, 7% free 10611K/11335K, paused 32ms+2ms
07-01 20:32:51.152 14804 14848 D dalvikvm: GC_FOR_ALLOC freed 392K, 8% free 10482K/11335K, paused 36ms
07-01 20:32:51.367 14804 14806 D dalvikvm: GC_CONCURRENT freed 200K, 6% free 10675K/11335K, paused 12ms+2ms
07-01 20:32:52.269 14804 14848 D dalvikvm: GC_FOR_ALLOC freed 390K, 8% free 10482K/11335K, paused 23ms
07-01 20:32:53.171 14804 14806 D dalvikvm: GC_CONCURRENT freed 200K, 6% free 10675K/11335K, paused 6ms+3ms
07-01 20:32:54.226 14804 14848 D dalvikvm: GC_FOR_ALLOC freed 390K, 8% free 10482K/11335K, paused 106ms
07-01 20:32:54.351 14804 14806 D dalvikvm: GC_CONCURRENT freed 200K, 6% free 10675K/11335K, paused 3ms+4ms
07-01 20:32:55.414 14804 14848 D dalvikvm: GC_FOR_ALLOC freed 390K, 8% free 10482K/11335K, paused 25ms
07-01 20:32:56.242 14804 14806 D dalvikvm: GC_CONCURRENT freed 200K, 6% free 10675K/11335K, paused 2ms+3ms
07-01 20:32:57.261 14804 14848 D dalvikvm: GC_FOR_ALLOC freed 394K, 8% free 10482K/11335K, paused 74ms
07-01 20:32:57.527 14804 14806 D dalvikvm: GC_CONCURRENT freed 200K, 6% free 10675K/11335K, paused 6ms+3ms
07-01 20:32:58.668 14804 14848 D dalvikvm: GC_FOR_ALLOC freed 390K, 8% free 10482K/11335K, paused 269ms
07-01 20:32:59.257 14804 14806 D dalvikvm: GC_CONCURRENT freed 200K, 6% free 10675K/11335K, paused 2ms+2ms
07-01 20:33:00.320 14804 14848 D dalvikvm: GC_FOR_ALLOC freed 390K, 8% free 10482K/11335K, paused 21ms
07-01 20:33:00.777 14804 14806 D dalvikvm: GC_CONCURRENT freed 200K, 6% free 10675K/11335K, paused 9ms+4ms
07-01 20:33:01.757 14804 14848 D dalvikvm: GC_FOR_ALLOC freed 390K, 8% free 10482K/11335K, paused 84ms
07-01 20:33:02.386 14804 14806 D dalvikvm: GC_CONCURRENT freed 200K, 6% free 10675K/11335K, paused 2ms+2ms
07-01 20:33:03.355 14804 14848 D dalvikvm: GC_FOR_ALLOC freed 390K, 8% free 10482K/11335K, paused 37ms
07-01 20:33:03.777 14804 14806 D dalvikvm: GC_CONCURRENT freed 200K, 6% free 10675K/11335K, paused 3ms+2ms
07-01 20:33:04.793 14804 14848 D dalvikvm: GC_FOR_ALLOC freed 390K, 8% free 10482K/11335K, paused 21ms
07-01 20:33:05.187   145   200 D DhcpInfoInternal: makeLinkProperties with empty dns2!
07-01 20:33:05.207   145   200 D DhcpInfoInternal: makeLinkProperties with empty dns2!
07-01 20:33:05.421 14804 14806 D dalvikvm: GC_CONCURRENT freed 200K, 6% free 10675K/11335K, paused 32ms+3ms
07-01 20:33:06.386 14804 14848 D dalvikvm: GC_FOR_ALLOC freed 394K, 8% free 10482K/11335K, paused 86ms
07-01 20:33:07.199 14804 14806 D dalvikvm: GC_CONCURRENT freed 200K, 6% free 10675K/11335K, paused 2ms+2ms
07-01 20:33:08.132 14804 14848 D dalvikvm: GC_FOR_ALLOC freed 390K, 8% free 10482K/11335K, paused 30ms
07-01 20:33:08.441 14804 14806 D dalvikvm: GC_CONCURRENT freed 200K, 6% free 10675K/11335K, paused 3ms+4ms
07-01 20:33:09.433 14804 14848 D dalvikvm: GC_FOR_ALLOC freed 390K, 8% free 10482K/11335K, paused 76ms
07-01 20:33:09.781    81   129 W AudioTrack: stepServer() could not lock cblk
07-01 20:33:10.050   145   147 D dalvikvm: GC_CONCURRENT freed 1821K, 24% free 16547K/21639K, paused 11ms+10ms
07-01 20:33:10.109 14804 14806 D dalvikvm: GC_CONCURRENT freed 200K, 6% free 10675K/11335K, paused 2ms+2ms
07-01 20:33:11.320 14804 14848 D dalvikvm: GC_FOR_ALLOC freed 390K, 8% free 10482K/11335K, paused 71ms
07-01 20:33:11.566 14804 14806 D dalvikvm: GC_CONCURRENT freed 353K, 8% free 10517K/11335K, paused 23ms+2ms
07-01 20:33:12.648 14804 14806 D dalvikvm: GC_CONCURRENT freed 409K, 8% free 10505K/11335K, paused 2ms+3ms
07-01 20:33:13.902 14804 14806 D dalvikvm: GC_CONCURRENT freed 344K, 7% free 10569K/11335K, paused 2ms+2ms
07-01 20:33:14.890 14804 14848 D dalvikvm: GC_FOR_ALLOC freed 429K, 8% free 10511K/11335K, paused 22ms
07-01 20:33:15.753 14804 14806 D dalvikvm: GC_CONCURRENT freed 317K, 7% free 10579K/11335K, paused 2ms+2ms
07-01 20:33:16.769 14804 14806 D dalvikvm: GC_CONCURRENT freed 424K, 7% free 10548K/11335K, paused 7ms+10ms
07-01 20:33:17.777 14804 14806 D dalvikvm: GC_CONCURRENT freed 439K, 7% free 10548K/11335K, paused 4ms+3ms
07-01 20:33:18.203   145 28236 I ActivityManager: START {act=android.intent.action.MAIN cat=[android.intent.category.LAUNCHER] flg=0x10000000 pkg=com.spotify.mobile.android.ui cmp=com.spotify.mobile.android.ui/.activity.MainActivity bnds=[288,706][384,802]} from pid 375
07-01 20:33:18.347   145 21614 I AudioService:   Remote Control   registerMediaButtonIntent() for PendingIntent{41947cf0: PendingIntentRecord{41838798 com.spotify.mobile.android.ui broadcastIntent}}
07-01 20:33:18.378   375   375 D OpenGLRenderer: Flushing caches (mode 1)
07-01 20:33:18.500   216   218 D dalvikvm: GC_CONCURRENT freed 473K, 31% free 9950K/14343K, paused 7ms+7ms
07-01 20:33:18.585   345   345 D SAN_SERVICE: *******************************************
07-01 20:33:18.585   345   345 D SAN_SERVICE: DM App Phone Service State - 0
07-01 20:33:18.585   345   345 D SAN_SERVICE: *******************************************
07-01 20:33:18.628   216   218 D dalvikvm: GC_CONCURRENT freed 555K, 31% free 9912K/14343K, paused 5ms+8ms
07-01 20:33:18.761   145   161 I Process : Sending signal. PID: 12840 SIG: 3
07-01 20:33:18.761 12840 12844 I dalvikvm: threadid=3: reacting to signal 3
07-01 20:33:18.953 12840 12844 I dalvikvm: Wrote stack traces to '/data/anr/traces.txt'
07-01 20:33:18.960   345   345 D SAN_SERVICE: *******************************************
07-01 20:33:18.960   345   345 D SAN_SERVICE: DM App Phone Service State - 0
07-01 20:33:18.960   345   345 D SAN_SERVICE: *******************************************
07-01 20:33:19.097   375   375 D OpenGLRenderer: Flushing caches (mode 0)
07-01 20:33:19.394 14804 14806 D dalvikvm: GC_CONCURRENT freed 438K, 8% free 10535K/11335K, paused 14ms+13ms
07-01 20:33:19.546 12856 12858 D dalvikvm: GC_CONCURRENT freed 387K, 8% free 10679K/11591K, paused 2ms+10ms
07-01 20:33:19.601 12840 12842 D dalvikvm: GC_CONCURRENT freed 633K, 16% free 11555K/13639K, paused 2ms+2ms
07-01 20:33:20.359 12856 12856 D dalvikvm: GC_FOR_ALLOC freed 235K, 9% free 10596K/11591K, paused 34ms
07-01 20:33:20.449 12856 12856 D dalvikvm: GC_FOR_ALLOC freed 347K, 9% free 10597K/11591K, paused 64ms
07-01 20:33:20.507 12856 12856 D dalvikvm: GC_FOR_ALLOC freed 348K, 9% free 10595K/11591K, paused 23ms
07-01 20:33:20.531 12840 12847 I dalvikvm: Jit: resizing JitTable from 4096 to 8192
07-01 20:33:20.535 12856 12856 D dalvikvm: GC_FOR_ALLOC freed 347K, 9% free 10594K/11591K, paused 14ms
07-01 20:33:20.593 14804 14848 D dalvikvm: GC_FOR_ALLOC freed 360K, 7% free 10546K/11335K, paused 43ms
07-01 20:33:20.617 12840 13128 D dalvikvm: GC_FOR_ALLOC freed 283K, 14% free 11829K/13639K, paused 27ms
07-01 20:33:20.765 12840 12842 D dalvikvm: GC_CONCURRENT freed 206K, 9% free 12439K/13639K, paused 16ms+12ms
07-01 20:33:20.796 12840 13128 D dalvikvm: GC_FOR_ALLOC freed 2K, 9% free 12437K/13639K, paused 27ms
07-01 20:33:20.800 12840 13128 I dalvikvm-heap: Grow heap (frag case) to 13.778MB for 1638416-byte allocation
07-01 20:33:20.871 12840 12900 D dalvikvm: GC_FOR_ALLOC freed 1K, 9% free 14035K/15303K, paused 42ms
07-01 20:33:21.164 12856 12858 D dalvikvm: GC_CONCURRENT freed 371K, 9% free 10648K/11591K, paused 3ms+2ms
07-01 20:33:21.168 14804 14848 D dalvikvm: GC_FOR_ALLOC freed 200K, 7% free 10611K/11335K, paused 53ms
07-01 20:33:21.351 14900 14913 I PhoneLab-: Service Running
07-01 20:33:21.441 14900 14913 I PhoneLab-LoggerService: app_37    1360  1     1436   996   c00f181c 400107b4 S logcat
07-01 20:33:21.441 14900 14913 I PhoneLab-LoggerService: Logcat pid from database 1360
07-01 20:33:21.441 14900 14913 I PhoneLab-LoggerService: Logcat process found 1360
07-01 20:33:21.441 14900 14913 I PhoneLab-LoggerService: Checking Threshold
07-01 20:33:21.453 14900 14902 D dalvikvm: GC_CONCURRENT freed 915K, 14% free 9156K/10567K, paused 12ms+2ms
07-01 20:33:22.168 14804 14848 D dalvikvm: GC_FOR_ALLOC freed 390K, 8% free 10482K/11335K, paused 62ms
07-01 20:33:22.746 14804 14806 D dalvikvm: GC_CONCURRENT freed 200K, 6% free 10675K/11335K, paused 2ms+3ms
07-01 20:33:23.390    81   129 D AudioHardware: AudioHardware pcm playback is going to standby.
07-01 20:33:23.394    81   129 D AudioHardware: closePcmOut_l() mPcmOpenCnt: 1
07-01 20:33:23.675 14804 14848 D dalvikvm: GC_FOR_ALLOC freed 394K, 8% free 10482K/11335K, paused 76ms
07-01 20:33:24.234 14804 14806 D dalvikvm: GC_CONCURRENT freed 200K, 6% free 10675K/11335K, paused 21ms+2ms
07-01 20:33:25.183 14804 14848 D dalvikvm: GC_FOR_ALLOC freed 390K, 8% free 10482K/11335K, paused 78ms
07-01 20:33:25.746 14804 14806 D dalvikvm: GC_CONCURRENT freed 200K, 6% free 10675K/11335K, paused 21ms+2ms
07-01 20:33:26.710 14804 14848 D dalvikvm: GC_FOR_ALLOC freed 390K, 8% free 10482K/11335K, paused 21ms
07-01 20:33:27.339 14804 14806 D dalvikvm: GC_CONCURRENT freed 200K, 6% free 10675K/11335K, paused 2ms+3ms
07-01 20:33:28.347 14804 14848 D dalvikvm: GC_FOR_ALLOC freed 405K, 8% free 10482K/11335K, paused 21ms
07-01 20:33:28.984 14804 14806 D dalvikvm: GC_CONCURRENT freed 209K, 6% free 10671K/11335K, paused 2ms+4ms
07-01 20:33:30.089 14804 14848 D dalvikvm: GC_FOR_ALLOC freed 395K, 8% free 10482K/11335K, paused 21ms
07-01 20:33:30.628 14804 14806 D dalvikvm: GC_CONCURRENT freed 196K, 6% free 10675K/11335K, paused 2ms+3ms
07-01 20:33:31.855 14804 14848 D dalvikvm: GC_FOR_ALLOC freed 395K, 8% free 10515K/11335K, paused 67ms
07-01 20:33:32.855 14804 14848 D dalvikvm: GC_FOR_ALLOC freed 407K, 8% free 10482K/11335K, paused 21ms
07-01 20:33:33.558 14804 14806 D dalvikvm: GC_CONCURRENT freed 214K, 6% free 10671K/11335K, paused 4ms+5ms
07-01 20:33:34.621 14804 14848 D dalvikvm: GC_FOR_ALLOC freed 400K, 8% free 10482K/11335K, paused 24ms
07-01 20:33:35.339 14804 14806 D dalvikvm: GC_CONCURRENT freed 386K, 8% free 10495K/11335K, paused 22ms+2ms
07-01 20:33:35.933  3921  3923 D dalvikvm: GC_CONCURRENT freed 295K, 5% free 10406K/10951K, paused 9ms+7ms
07-01 20:33:35.960 14875 14876 D dalvikvm: GC_CONCURRENT freed 504K, 6% free 10235K/10823K, paused 3ms+5ms
07-01 20:33:37.312 14804 14806 D dalvikvm: GC_CONCURRENT freed 359K, 8% free 10526K/11335K, paused 21ms+2ms
07-01 20:33:38.152 14804 14806 D dalvikvm: GC_CONCURRENT freed 423K, 8% free 10492K/11335K, paused 3ms+3ms
07-01 20:33:39.113   345   345 D SAN_SERVICE: *******************************************
07-01 20:33:39.113   345   345 D SAN_SERVICE: DM App Phone Service State - 0
07-01 20:33:39.113   345   345 D SAN_SERVICE: *******************************************
07-01 20:33:39.164 14804 14806 D dalvikvm: GC_CONCURRENT freed 353K, 8% free 10535K/11335K, paused 2ms+3ms
07-01 20:33:39.386   345   345 D SAN_SERVICE: *******************************************
07-01 20:33:39.386   345   345 D SAN_SERVICE: DM App Phone Service State - 0
07-01 20:33:39.386   345   345 D SAN_SERVICE: *******************************************
07-01 20:33:39.554   345   345 D SAN_SERVICE: *******************************************
07-01 20:33:39.554   345   345 D SAN_SERVICE: DM App Phone Service State - 0
07-01 20:33:39.554   345   345 D SAN_SERVICE: *******************************************
07-01 20:33:40.000 14804 14806 D dalvikvm: GC_CONCURRENT freed 423K, 8% free 10512K/11335K, paused 24ms+2ms
07-01 20:33:40.914 14804 14806 D dalvikvm: GC_CONCURRENT freed 410K, 8% free 10533K/11335K, paused 19ms+2ms
07-01 20:33:41.902 14804 14806 D dalvikvm: GC_CONCURRENT freed 420K, 8% free 10498K/11335K, paused 21ms+2ms
07-01 20:33:43.449 14804 14806 D dalvikvm: GC_CONCURRENT freed 391K, 8% free 10541K/11335K, paused 20ms+3ms
07-01 20:33:44.546 14804 14848 D dalvikvm: GC_FOR_ALLOC freed 396K, 8% free 10505K/11335K, paused 63ms
07-01 20:33:45.179 14804 14806 D dalvikvm: GC_CONCURRENT freed 323K, 7% free 10575K/11335K, paused 2ms+2ms
07-01 20:33:46.226 14804 14848 D dalvikvm: GC_FOR_ALLOC freed 415K, 8% free 10512K/11335K, paused 89ms
07-01 20:33:47.011 14804 14806 D dalvikvm: GC_CONCURRENT freed 368K, 8% free 10531K/11335K, paused 2ms+3ms
07-01 20:33:48.011 14804 14806 D dalvikvm: GC_CONCURRENT freed 419K, 8% free 10514K/11335K, paused 2ms+3ms
07-01 20:33:49.011 14804 14806 D dalvikvm: GC_CONCURRENT freed 419K, 8% free 10514K/11335K, paused 2ms+3ms
07-01 20:33:50.039 14804 14806 D dalvikvm: GC_CONCURRENT freed 419K, 8% free 10531K/11335K, paused 2ms+2ms
07-01 20:33:50.976   345   345 D SAN_SERVICE: *******************************************
07-01 20:33:50.976   345   345 D SAN_SERVICE: DM App Phone Service State - 0
07-01 20:33:50.976   345   345 D SAN_SERVICE: *******************************************
07-01 20:33:51.035   345   347 D dalvikvm: GC_CONCURRENT freed 754K, 9% free 11644K/12679K, paused 10ms+3ms
07-01 20:33:51.097 14804 14806 D dalvikvm: GC_CONCURRENT freed 422K, 8% free 10531K/11335K, paused 2ms+2ms
07-01 20:33:51.793   345   345 D SAN_SERVICE: *******************************************
07-01 20:33:51.793   345   345 D SAN_SERVICE: DM App Phone Service State - 0
07-01 20:33:51.793   345   345 D SAN_SERVICE: *******************************************
07-01 20:33:51.960 14804 14806 D dalvikvm: GC_CONCURRENT freed 421K, 8% free 10503K/11335K, paused 2ms+3ms
07-01 20:33:53.039 14804 14806 D dalvikvm: GC_CONCURRENT freed 346K, 7% free 10549K/11335K, paused 2ms+3ms
07-01 20:33:54.007   145   147 D dalvikvm: GC_CONCURRENT freed 1860K, 24% free 16524K/21639K, paused 3ms+6ms
07-01 20:33:54.078 14804 14806 D dalvikvm: GC_CONCURRENT freed 424K, 7% free 10549K/11335K, paused 2ms+2ms
07-01 20:33:55.101 14804 14806 D dalvikvm: GC_CONCURRENT freed 429K, 8% free 10526K/11335K, paused 21ms+2ms
07-01 20:33:56.074 14804 14806 D dalvikvm: GC_CONCURRENT freed 420K, 8% free 10491K/11335K, paused 3ms+3ms
07-01 20:33:57.140 14804 14806 D dalvikvm: GC_CONCURRENT freed 386K, 7% free 10579K/11335K, paused 2ms+3ms
07-01 20:33:58.457 14804 14848 D dalvikvm: GC_FOR_ALLOC freed 407K, 8% free 10535K/11335K, paused 21ms
07-01 20:34:00.043 14804 14806 D dalvikvm: GC_CONCURRENT freed 414K, 8% free 10521K/11335K, paused 2ms+2ms
07-01 20:34:01.269 14804 14806 D dalvikvm: GC_CONCURRENT freed 386K, 7% free 10552K/11335K, paused 22ms+3ms
07-01 20:34:02.121 14804 14806 D dalvikvm: GC_CONCURRENT freed 439K, 8% free 10531K/11335K, paused 21ms+2ms
07-01 20:34:03.113 14804 14806 D dalvikvm: GC_CONCURRENT freed 424K, 8% free 10531K/11335K, paused 21ms+2ms
07-01 20:34:04.105 14804 14806 D dalvikvm: GC_CONCURRENT freed 424K, 8% free 10531K/11335K, paused 21ms+3ms
07-01 20:34:04.894   345   345 D SAN_SERVICE: *******************************************
07-01 20:34:04.894   345   345 D SAN_SERVICE: DM App Phone Service State - 0
07-01 20:34:04.898   345   345 D SAN_SERVICE: *******************************************
07-01 20:34:05.007 14804 14806 D dalvikvm: GC_CONCURRENT freed 430K, 8% free 10491K/11335K, paused 2ms+3ms
07-01 20:34:05.125   345   345 D SAN_SERVICE: *******************************************
07-01 20:34:05.125   345   345 D SAN_SERVICE: DM App Phone Service State - 0
07-01 20:34:05.125   345   345 D SAN_SERVICE: *******************************************
07-01 20:34:06.589 14804 14806 D dalvikvm: GC_CONCURRENT freed 331K, 7% free 10550K/11335K, paused 23ms+2ms
07-01 20:34:07.371 14804 14806 D dalvikvm: GC_CONCURRENT freed 439K, 8% free 10514K/11335K, paused 3ms+7ms
07-01 20:34:08.371 14804 14806 D dalvikvm: GC_CONCURRENT freed 373K, 8% free 10533K/11335K, paused 20ms+2ms
07-01 20:34:09.515 14804 14806 D dalvikvm: GC_CONCURRENT freed 429K, 8% free 10533K/11335K, paused 22ms+2ms
07-01 20:34:10.363 14804 14806 D dalvikvm: GC_CONCURRENT freed 427K, 8% free 10533K/11335K, paused 24ms+2ms
07-01 20:34:11.328 14804 14806 D dalvikvm: GC_CONCURRENT freed 424K, 8% free 10533K/11335K, paused 4ms+5ms
07-01 20:34:13.035 14804 14806 D dalvikvm: GC_CONCURRENT freed 378K, 7% free 10545K/11335K, paused 24ms+2ms
07-01 20:34:13.851 14804 14806 D dalvikvm: GC_CONCURRENT freed 429K, 8% free 10501K/11335K, paused 2ms+2ms
07-01 20:34:14.707 14804 14806 D dalvikvm: GC_CONCURRENT freed 342K, 7% free 10574K/11335K, paused 21ms+3ms
07-01 20:34:15.628 14804 14848 D dalvikvm: GC_FOR_ALLOC freed 421K, 8% free 10511K/11335K, paused 32ms
07-01 20:34:16.312 14804 14806 D dalvikvm: GC_CONCURRENT freed 364K, 8% free 10535K/11335K, paused 2ms+3ms
07-01 20:34:17.308 14804 14848 D dalvikvm: GC_FOR_ALLOC freed 323K, 7% free 10578K/11335K, paused 21ms
07-01 20:34:18.335 14804 14848 D dalvikvm: GC_FOR_ALLOC freed 410K, 8% free 10480K/11335K, paused 21ms
07-01 20:34:19.160 13993 13994 D dalvikvm: GC_CONCURRENT freed 713K, 7% free 11596K/12423K, paused 4ms+2ms
07-01 20:34:19.386 14804 14806 D dalvikvm: GC_CONCURRENT freed 340K, 7% free 10601K/11335K, paused 3ms+4ms
07-01 20:34:20.394 14804 14848 D dalvikvm: GC_FOR_ALLOC freed 410K, 8% free 10480K/11335K, paused 51ms
07-01 20:34:21.160 14804 14806 D dalvikvm: GC_CONCURRENT freed 372K, 8% free 10526K/11335K, paused 3ms+3ms
07-01 20:34:22.011 13993 15034 I DatabaseHelper: Begin cleanup.
07-01 20:34:22.015 14804 14806 D dalvikvm: GC_CONCURRENT freed 425K, 8% free 10486K/11335K, paused 10ms+3ms
07-01 20:34:22.992 14804 14806 D dalvikvm: GC_CONCURRENT freed 310K, 7% free 10576K/11335K, paused 2ms+2ms
07-01 20:34:24.082 14804 14848 D dalvikvm: GC_FOR_ALLOC freed 431K, 8% free 10512K/11335K, paused 22ms
07-01 20:34:25.250 14804 14848 D dalvikvm: GC_FOR_ALLOC freed 296K, 7% free 10544K/11335K, paused 21ms
07-01 20:34:26.304 14804 14848 D dalvikvm: GC_FOR_ALLOC freed 200K, 7% free 10609K/11335K, paused 22ms
07-01 20:34:26.621 14804 14848 D dalvikvm: GC_FOR_ALLOC freed 196K, 7% free 10609K/11335K, paused 20ms
07-01 20:34:27.625 14804 14848 D dalvikvm: GC_FOR_ALLOC freed 390K, 8% free 10480K/11335K, paused 58ms
07-01 20:34:28.113 13993 15034 I DatabaseHelper: Cleaned up: 828
07-01 20:34:28.273 14804 14806 D dalvikvm: GC_CONCURRENT freed 203K, 6% free 10673K/11335K, paused 11ms+3ms
07-01 20:34:29.222 14804 14848 D dalvikvm: GC_FOR_ALLOC freed 395K, 8% free 10480K/11335K, paused 40ms
07-01 20:34:29.757 14804 14806 D dalvikvm: GC_CONCURRENT freed 303K, 7% free 10576K/11335K, paused 2ms+2ms
07-01 20:34:30.293   345   345 D SAN_SERVICE: *******************************************
07-01 20:34:30.293   345   345 D SAN_SERVICE: DM App Phone Service State - 0
07-01 20:34:30.293   345   345 D SAN_SERVICE: *******************************************
07-01 20:34:30.730   345   345 D SAN_SERVICE: *******************************************
07-01 20:34:30.730   345   345 D SAN_SERVICE: DM App Phone Service State - 0
07-01 20:34:30.730   345   345 D SAN_SERVICE: *******************************************
07-01 20:34:31.019 14804 14848 D dalvikvm: GC_FOR_ALLOC freed 400K, 8% free 10512K/11335K, paused 20ms
07-01 20:34:31.957   345   345 D SAN_SERVICE: *******************************************
07-01 20:34:31.957   345   345 D SAN_SERVICE: DM App Phone Service State - 0
07-01 20:34:31.957   345   345 D SAN_SERVICE: *******************************************
07-01 20:34:31.992 14804 14806 D dalvikvm: GC_CONCURRENT freed 404K, 8% free 10512K/11335K, paused 2ms+2ms
07-01 20:34:32.531   345   345 D SAN_SERVICE: *******************************************
07-01 20:34:32.531   345   345 D SAN_SERVICE: DM App Phone Service State - 0
07-01 20:34:32.531   345   345 D SAN_SERVICE: *******************************************
07-01 20:34:33.175 14804 14806 D dalvikvm: GC_CONCURRENT freed 404K, 8% free 10512K/11335K, paused 2ms+2ms
07-01 20:34:34.199 14804 14806 D dalvikvm: GC_CONCURRENT freed 404K, 8% free 10512K/11335K, paused 2ms+2ms
07-01 20:34:35.414 14804 14806 D dalvikvm: GC_CONCURRENT freed 413K, 8% free 10512K/11335K, paused 2ms+2ms
07-01 20:34:36.136 13246 13248 D dalvikvm: GC_CONCURRENT freed 501K, 8% free 10161K/10951K, paused 7ms+12ms
07-01 20:34:36.187 14804 14806 D dalvikvm: GC_CONCURRENT freed 349K, 7% free 10580K/11335K, paused 2ms+2ms
07-01 20:34:37.136 14804 14806 D dalvikvm: GC_CONCURRENT freed 443K, 7% free 10547K/11335K, paused 2ms+2ms
07-01 20:34:38.203 14804 14848 D dalvikvm: GC_FOR_ALLOC freed 401K, 8% free 10513K/11335K, paused 21ms
07-01 20:34:39.324 14804 14848 D dalvikvm: GC_FOR_ALLOC freed 404K, 8% free 10480K/11335K, paused 20ms
07-01 20:34:40.460 14804 14806 D dalvikvm: GC_CONCURRENT freed 307K, 7% free 10576K/11335K, paused 2ms+3ms
07-01 20:34:41.562 14804 14848 D dalvikvm: GC_FOR_ALLOC freed 400K, 8% free 10512K/11335K, paused 20ms
07-01 20:34:42.613 14804 14806 D dalvikvm: GC_CONCURRENT freed 404K, 8% free 10512K/11335K, paused 2ms+3ms
07-01 20:34:44.144 14804 14806 D dalvikvm: GC_CONCURRENT freed 404K, 8% free 10512K/11335K, paused 2ms+2ms
07-01 20:34:45.480 14804 14806 D dalvikvm: GC_CONCURRENT freed 391K, 8% free 10521K/11335K, paused 21ms+3ms
07-01 20:34:46.531 14804 14806 D dalvikvm: GC_CONCURRENT freed 421K, 7% free 10556K/11335K, paused 21ms+2ms
07-01 20:34:47.316 14804 14806 D dalvikvm: GC_CONCURRENT freed 439K, 8% free 10532K/11335K, paused 2ms+2ms
07-01 20:34:48.367 14804 14806 D dalvikvm: GC_CONCURRENT freed 378K, 7% free 10555K/11335K, paused 3ms+2ms
07-01 20:34:49.351 14804 14848 D dalvikvm: GC_FOR_ALLOC freed 410K, 8% free 10517K/11335K, paused 20ms
07-01 20:34:50.414 14804 14806 D dalvikvm: GC_CONCURRENT freed 414K, 8% free 10513K/11335K, paused 2ms+3ms
07-01 20:34:51.418 14804 14806 D dalvikvm: GC_CONCURRENT freed 339K, 7% free 10575K/11335K, paused 2ms+2ms
07-01 20:34:53.332 14804 14848 D dalvikvm: GC_FOR_ALLOC freed 419K, 8% free 10527K/11335K, paused 28ms
07-01 20:34:54.281 14804 14806 D dalvikvm: GC_CONCURRENT freed 409K, 8% free 10505K/11335K, paused 2ms+3ms
07-01 20:34:55.230 14804 14806 D dalvikvm: GC_CONCURRENT freed 340K, 7% free 10561K/11335K, paused 2ms+2ms
07-01 20:34:56.425 14804 14806 D dalvikvm: GC_CONCURRENT freed 453K, 8% free 10535K/11335K, paused 199ms+3ms
07-01 20:34:56.445   345   345 D SAN_SERVICE: *******************************************
07-01 20:34:56.445   345   345 D SAN_SERVICE: DM App Phone Service State - 0
07-01 20:34:56.445   345   345 D SAN_SERVICE: *******************************************
07-01 20:34:57.265 14804 14848 D dalvikvm: GC_FOR_ALLOC freed 411K, 8% free 10507K/11335K, paused 58ms
07-01 20:34:58.191 14804 14806 D dalvikvm: GC_CONCURRENT freed 380K, 8% free 10514K/11335K, paused 2ms+2ms
07-01 20:34:59.253 14804 14806 D dalvikvm: GC_CONCURRENT freed 414K, 8% free 10503K/11335K, paused 21ms+2ms
07-01 20:35:00.378 14804 14806 D dalvikvm: GC_CONCURRENT freed 403K, 8% free 10488K/11335K, paused 24ms+3ms
07-01 20:35:01.027 14804 14806 D dalvikvm: GC_CONCURRENT freed 343K, 8% free 10537K/11335K, paused 21ms+2ms
07-01 20:35:01.992 14804 14806 D dalvikvm: GC_CONCURRENT freed 429K, 8% free 10537K/11335K, paused 21ms+2ms
07-01 20:35:02.996 14804 14806 D dalvikvm: GC_CONCURRENT freed 429K, 8% free 10537K/11335K, paused 21ms+2ms
07-01 20:35:03.593   145   147 D dalvikvm: GC_CONCURRENT freed 1874K, 24% free 16529K/21639K, paused 3ms+6ms
07-01 20:35:04.019 14804 14806 D dalvikvm: GC_CONCURRENT freed 414K, 8% free 10508K/11335K, paused 20ms+2ms
07-01 20:35:06.101   345   345 D SAN_SERVICE: *******************************************
07-01 20:35:06.101   345   345 D SAN_SERVICE: DM App Phone Service State - 0
07-01 20:35:06.101   345   345 D SAN_SERVICE: *******************************************
07-01 20:35:06.117 14804 14806 D dalvikvm: GC_CONCURRENT freed 409K, 7% free 10558K/11335K, paused 22ms+3ms
07-01 20:35:06.859   345   345 D SAN_SERVICE: *******************************************
07-01 20:35:06.859   345   345 D SAN_SERVICE: DM App Phone Service State - 0
07-01 20:35:06.859   345   345 D SAN_SERVICE: *******************************************
07-01 20:35:07.062 14804 14848 D dalvikvm: GC_FOR_ALLOC freed 416K, 8% free 10502K/11335K, paused 33ms
07-01 20:35:08.007 14804 14806 D dalvikvm: GC_CONCURRENT freed 402K, 8% free 10492K/11335K, paused 87ms+2ms
07-01 20:35:08.789 14804 14806 D dalvikvm: GC_CONCURRENT freed 312K, 7% free 10577K/11335K, paused 25ms+2ms
07-01 20:35:09.707 14804 14848 D dalvikvm: GC_FOR_ALLOC freed 410K, 8% free 10512K/11335K, paused 57ms
07-01 20:35:10.761 14804 14806 D dalvikvm: GC_CONCURRENT freed 414K, 8% free 10512K/11335K, paused 70ms+2ms
07-01 20:35:11.742 14804 14806 D dalvikvm: GC_CONCURRENT freed 416K, 7% free 10545K/11335K, paused 22ms+3ms
07-01 20:35:12.722 14804 14848 D dalvikvm: GC_FOR_ALLOC freed 416K, 8% free 10512K/11335K, paused 66ms
07-01 20:35:13.703 14804 14806 D dalvikvm: GC_CONCURRENT freed 404K, 8% free 10499K/11335K, paused 22ms+3ms
07-01 20:35:14.437 14804 14806 D dalvikvm: GC_CONCURRENT freed 316K, 7% free 10580K/11335K, paused 8ms+2ms
07-01 20:35:15.425 14804 14848 D dalvikvm: GC_FOR_ALLOC freed 431K, 8% free 10513K/11335K, paused 83ms
07-01 20:35:16.418 14804 14848 D dalvikvm: GC_FOR_ALLOC freed 324K, 7% free 10543K/11335K, paused 30ms
07-01 20:35:17.527 14804 14848 D dalvikvm: GC_FOR_ALLOC freed 404K, 8% free 10480K/11335K, paused 21ms
07-01 20:35:18.351 14804 14806 D dalvikvm: GC_CONCURRENT freed 217K, 6% free 10657K/11335K, paused 21ms+2ms
07-01 20:35:19.246 14804 14848 D dalvikvm: GC_FOR_ALLOC freed 400K, 8% free 10539K/11335K, paused 21ms
07-01 20:35:20.386 14804 14806 D dalvikvm: GC_CONCURRENT freed 404K, 8% free 10539K/11335K, paused 2ms+2ms
07-01 20:35:20.418   145   395 I AudioService:  AudioFocus  abandonAudioFocus() from android.media.AudioManager@4136dcd0com.spotify.mobile.android.service.s@41375b80
07-01 20:35:21.328 14900 14913 I PhoneLab-: Service Running
07-01 20:35:21.414   345   345 D SAN_SERVICE: *******************************************
07-01 20:35:21.414   345   345 D SAN_SERVICE: DM App Phone Service State - 0
07-01 20:35:21.414   345   345 D SAN_SERVICE: *******************************************
07-01 20:35:21.492 14900 14913 I PhoneLab-LoggerService: app_37    1360  1     1436   996   c00f181c 400107b4 S logcat
07-01 20:35:21.492 14900 14913 I PhoneLab-LoggerService: Logcat pid from database 1360
07-01 20:35:21.492 14900 14913 I PhoneLab-LoggerService: Logcat process found 1360
07-01 20:35:21.492 14900 14913 I PhoneLab-LoggerService: Checking Threshold
07-01 20:35:21.554 14804 14806 D dalvikvm: GC_CONCURRENT freed 404K, 8% free 10539K/11335K, paused 2ms+2ms
07-01 20:35:22.023   345   345 D SAN_SERVICE: *******************************************
07-01 20:35:22.023   345   345 D SAN_SERVICE: DM App Phone Service State - 0
07-01 20:35:22.023   345   345 D SAN_SERVICE: *******************************************
07-01 20:35:22.644 14804 14806 D dalvikvm: GC_CONCURRENT freed 407K, 8% free 10539K/11335K, paused 2ms+2ms
07-01 20:35:23.976 14804 14806 D dalvikvm: GC_CONCURRENT freed 404K, 8% free 10539K/11335K, paused 2ms+2ms
07-01 20:35:24.984 14804 14848 D dalvikvm: GC_FOR_ALLOC freed 391K, 8% free 10480K/11335K, paused 21ms
07-01 20:35:25.527 14804 14806 D dalvikvm: GC_CONCURRENT freed 205K, 6% free 10669K/11335K, paused 2ms+2ms
07-01 20:35:26.515 14804 14848 D dalvikvm: GC_FOR_ALLOC freed 400K, 8% free 10480K/11335K, paused 21ms
07-01 20:35:27.070 14804 14806 D dalvikvm: GC_CONCURRENT freed 205K, 6% free 10669K/11335K, paused 2ms+3ms
07-01 20:35:28.168 14804 14848 D dalvikvm: GC_FOR_ALLOC freed 400K, 8% free 10480K/11335K, paused 21ms
07-01 20:35:28.796 14804 14806 D dalvikvm: GC_CONCURRENT freed 205K, 6% free 10669K/11335K, paused 2ms+2ms
07-01 20:35:29.828 14804 14848 D dalvikvm: GC_FOR_ALLOC freed 400K, 8% free 10480K/11335K, paused 21ms
07-01 20:35:30.355   145   200 D DhcpInfoInternal: makeLinkProperties with empty dns2!
07-01 20:35:30.371   145   200 D DhcpInfoInternal: makeLinkProperties with empty dns2!
07-01 20:35:30.421 14804 14806 D dalvikvm: GC_CONCURRENT freed 205K, 6% free 10669K/11335K, paused 2ms+2ms
07-01 20:35:31.554 14804 14848 D dalvikvm: GC_FOR_ALLOC freed 407K, 8% free 10482K/11335K, paused 37ms
07-01 20:35:31.660   345   345 D SAN_SERVICE: *******************************************
07-01 20:35:31.660   345   345 D SAN_SERVICE: DM App Phone Service State - 0
07-01 20:35:31.660   345   345 D SAN_SERVICE: *******************************************
07-01 20:35:31.765 14875 14876 D dalvikvm: GC_CONCURRENT freed 390K, 6% free 10230K/10823K, paused 13ms+4ms
07-01 20:35:32.277 14804 14806 D dalvikvm: GC_CONCURRENT freed 207K, 6% free 10669K/11335K, paused 2ms+2ms
07-01 20:35:33.281 14804 14848 D dalvikvm: GC_FOR_ALLOC freed 400K, 8% free 10480K/11335K, paused 21ms
07-01 20:35:33.859 14804 14806 D dalvikvm: GC_CONCURRENT freed 205K, 6% free 10669K/11335K, paused 2ms+3ms
07-01 20:35:33.914   145   348 I ActivityManager: Process com.google.android.apps.googlevoice (pid 14329) has died.
07-01 20:35:33.921   145   348 W ActivityManager: Scheduling restart of crashed service com.google.android.apps.googlevoice/.CallLogService in 5000ms
07-01 20:35:33.921   145   348 W ActivityManager: Scheduling restart of crashed service com.google.android.apps.googlevoice/.UpdateService in 15000ms
07-01 20:35:35.277 14804 14848 D dalvikvm: GC_FOR_ALLOC freed 410K, 8% free 10480K/11335K, paused 85ms
07-01 20:35:35.679 14804 14806 D dalvikvm: GC_CONCURRENT freed 205K, 6% free 10669K/11335K, paused 3ms+3ms
07-01 20:35:36.277   145   361 D dalvikvm: GC_EXPLICIT freed 852K, 24% free 16496K/21639K, paused 3ms+7ms
07-01 20:35:36.757 14804 14848 D dalvikvm: GC_FOR_ALLOC freed 400K, 8% free 10480K/11335K, paused 21ms
07-01 20:35:37.335 14804 14806 D dalvikvm: GC_CONCURRENT freed 205K, 6% free 10669K/11335K, paused 23ms+2ms
07-01 20:35:38.398 14804 14848 D dalvikvm: GC_FOR_ALLOC freed 400K, 8% free 10480K/11335K, paused 21ms
07-01 20:35:38.960   145   162 I ActivityManager: Start proc com.google.android.apps.googlevoice for service com.google.android.apps.googlevoice/.CallLogService: pid=15062 uid=10054 gids={3003, 1015}
07-01 20:35:38.996 14804 14806 D dalvikvm: GC_CONCURRENT freed 205K, 6% free 10669K/11335K, paused 2ms+3ms
07-01 20:35:39.793 15062 15063 D dalvikvm: GC_CONCURRENT freed 246K, 4% free 9289K/9607K, paused 36ms+3ms
07-01 20:35:40.054 14804 14848 D dalvikvm: GC_FOR_ALLOC freed 400K, 8% free 10480K/11335K, paused 24ms
07-01 20:35:40.621 14804 14806 D dalvikvm: GC_CONCURRENT freed 205K, 6% free 10669K/11335K, paused 2ms+3ms
07-01 20:35:41.675 14804 14848 D dalvikvm: GC_FOR_ALLOC freed 404K, 8% free 10480K/11335K, paused 22ms
07-01 20:35:42.726 14804 14806 D dalvikvm: GC_CONCURRENT freed 205K, 6% free 10669K/11335K, paused 22ms+3ms
07-01 20:35:43.007 14804 14848 D dalvikvm: GC_FOR_ALLOC freed 192K, 7% free 10609K/11335K, paused 21ms
07-01 20:35:43.929 14804 14848 D dalvikvm: GC_FOR_ALLOC freed 395K, 8% free 10480K/11335K, paused 21ms
07-01 20:35:44.691 14804 14806 D dalvikvm: GC_CONCURRENT freed 209K, 6% free 10669K/11335K, paused 2ms+3ms
07-01 20:35:45.675 14804 14848 D dalvikvm: GC_FOR_ALLOC freed 395K, 8% free 10480K/11335K, paused 21ms
07-01 20:35:46.210 14804 14806 D dalvikvm: GC_CONCURRENT freed 196K, 6% free 10674K/11335K, paused 2ms+3ms
07-01 20:35:47.312 14804 14848 D dalvikvm: GC_FOR_ALLOC freed 400K, 8% free 10480K/11335K, paused 25ms
07-01 20:35:47.335   345   345 D SAN_SERVICE: *******************************************
07-01 20:35:47.335   345   345 D SAN_SERVICE: DM App Phone Service State - 0
07-01 20:35:47.335   345   345 D SAN_SERVICE: *******************************************
07-01 20:35:48.046   345   345 D SAN_SERVICE: *******************************************
07-01 20:35:48.046   345   345 D SAN_SERVICE: DM App Phone Service State - 0
07-01 20:35:48.046   345   345 D SAN_SERVICE: *******************************************
07-01 20:35:48.136 14804 14806 D dalvikvm: GC_CONCURRENT freed 209K, 6% free 10669K/11335K, paused 2ms+2ms
07-01 20:35:49.140 14804 14848 D dalvikvm: GC_FOR_ALLOC freed 395K, 8% free 10480K/11335K, paused 50ms
07-01 20:35:49.515 15062 15063 D dalvikvm: GC_CONCURRENT freed 366K, 5% free 9457K/9927K, paused 87ms+3ms
07-01 20:35:49.515 15062 15071 W CursorWrapperInner: Cursor finalized without prior close()
07-01 20:35:49.515 15062 15071 W CursorWrapperInner: Cursor finalized without prior close()
07-01 20:35:49.515 15062 15071 W CursorWrapperInner: Cursor finalized without prior close()
07-01 20:35:49.769 15062 15063 D dalvikvm: GC_CONCURRENT freed 350K, 5% free 9631K/10055K, paused 2ms+3ms
07-01 20:35:49.804 13971 13972 D dalvikvm: GC_CONCURRENT freed 350K, 5% free 9817K/10311K, paused 8ms+21ms
07-01 20:35:50.109 14804 14806 D dalvikvm: GC_CONCURRENT freed 205K, 6% free 10669K/11335K, paused 3ms+3ms
07-01 20:35:50.410 14804 14848 D dalvikvm: GC_FOR_ALLOC freed 192K, 7% free 10610K/11335K, paused 20ms
07-01 20:35:51.316 14804 14848 D dalvikvm: GC_FOR_ALLOC freed 399K, 8% free 10480K/11335K, paused 21ms
07-01 20:35:52.156 14804 14806 D dalvikvm: GC_CONCURRENT freed 209K, 6% free 10669K/11335K, paused 21ms+2ms
07-01 20:35:53.043 14804 14848 D dalvikvm: GC_FOR_ALLOC freed 395K, 8% free 10480K/11335K, paused 21ms
07-01 20:35:53.582 14804 14806 D dalvikvm: GC_CONCURRENT freed 196K, 6% free 10674K/11335K, paused 2ms+3ms
07-01 20:35:53.902   345   345 D SAN_SERVICE: *******************************************
07-01 20:35:53.902   345   345 D SAN_SERVICE: DM App Phone Service State - 0
07-01 20:35:53.902   345   345 D SAN_SERVICE: *******************************************
07-01 20:35:54.687 14804 14848 D dalvikvm: GC_FOR_ALLOC freed 400K, 8% free 10480K/11335K, paused 21ms
07-01 20:35:55.222 14804 14806 D dalvikvm: GC_CONCURRENT freed 209K, 6% free 10669K/11335K, paused 3ms+3ms
07-01 20:35:56.328 14804 14848 D dalvikvm: GC_FOR_ALLOC freed 395K, 8% free 10480K/11335K, paused 21ms
07-01 20:35:56.972 14804 14806 D dalvikvm: GC_CONCURRENT freed 195K, 6% free 10674K/11335K, paused 2ms+2ms
07-01 20:35:58.140 14804 14848 D dalvikvm: GC_FOR_ALLOC freed 400K, 8% free 10480K/11335K, paused 23ms
07-01 20:35:58.613 14804 14806 D dalvikvm: GC_CONCURRENT freed 209K, 6% free 10669K/11335K, paused 2ms+2ms
07-01 20:35:59.707 14804 14848 D dalvikvm: GC_FOR_ALLOC freed 397K, 8% free 10482K/11335K, paused 25ms
07-01 20:36:00.339 14804 14806 D dalvikvm: GC_CONCURRENT freed 207K, 6% free 10669K/11335K, paused 2ms+2ms
07-01 20:36:01.238 14613 15088 D GetStringObjTask: retrieving from url = http://www.chess.com/api/get_move_status?id=y3ICtufzg6w7rQqcD3KFujVaIanpYba4bIpaeKElV1LNz3Sz4Fk9Yh5CeWaj8h4bQ2RY0CxFVgA%2ByBE5DE%2B1cAuw4i%2Bp2GVj5RbuDPEUotReGbS25iAukuBsuUd%2Fl5dp
07-01 20:36:01.425 14804 14848 D dalvikvm: GC_FOR_ALLOC freed 400K, 8% free 10510K/11335K, paused 46ms
07-01 20:36:01.816 14613 15088 D GetStringObjTask: WebRequest SERVER RESPONSE: Success+0
07-01 20:36:02.418   345   345 D SAN_SERVICE: *******************************************
07-01 20:36:02.418   345   345 D SAN_SERVICE: DM App Phone Service State - 0
07-01 20:36:02.418   345   345 D SAN_SERVICE: *******************************************
07-01 20:36:02.871 14804 14848 D dalvikvm: GC_FOR_ALLOC freed 409K, 8% free 10480K/11335K, paused 21ms
07-01 20:36:03.343 14804 14806 D dalvikvm: GC_CONCURRENT freed 362K, 8% free 10517K/11335K, paused 2ms+2ms
07-01 20:36:04.382 14804 14806 D dalvikvm: GC_CONCURRENT freed 409K, 8% free 10517K/11335K, paused 2ms+3ms
07-01 20:36:05.394 14804 14806 D dalvikvm: GC_CONCURRENT freed 409K, 8% free 10517K/11335K, paused 2ms+2ms
07-01 20:36:06.460 14804 14848 D dalvikvm: GC_FOR_ALLOC freed 251K, 7% free 10607K/11335K, paused 22ms
07-01 20:36:07.589 14804 14848 D dalvikvm: GC_FOR_ALLOC freed 400K, 8% free 10480K/11335K, paused 21ms
07-01 20:36:08.128 14804 14806 D dalvikvm: GC_CONCURRENT freed 205K, 6% free 10669K/11335K, paused 2ms+3ms
07-01 20:36:09.523 14804 14848 D dalvikvm: GC_FOR_ALLOC freed 404K, 8% free 10480K/11335K, paused 21ms
07-01 20:36:11.230 14804 14806 D dalvikvm: GC_CONCURRENT freed 379K, 8% free 10486K/11335K, paused 4ms+2ms
07-01 20:36:12.464 14804 14806 D dalvikvm: GC_CONCURRENT freed 319K, 7% free 10584K/11335K, paused 20ms+2ms
07-01 20:36:13.324 14804 14806 D dalvikvm: GC_CONCURRENT freed 457K, 7% free 10549K/11335K, paused 20ms+3ms
07-01 20:36:14.234 14804 14806 D dalvikvm: GC_CONCURRENT freed 441K, 7% free 10550K/11335K, paused 3ms+7ms
07-01 20:36:15.214 14804 14848 D dalvikvm: GC_FOR_ALLOC freed 416K, 8% free 10514K/11335K, paused 37ms
07-01 20:36:16.175 14804 14806 D dalvikvm: GC_CONCURRENT freed 328K, 7% free 10571K/11335K, paused 21ms+3ms
07-01 20:36:17.109 14804 14848 D dalvikvm: GC_FOR_ALLOC freed 415K, 8% free 10510K/11335K, paused 21ms
07-01 20:36:18.062 14804 14806 D dalvikvm: GC_CONCURRENT freed 349K, 7% free 10550K/11335K, paused 21ms+3ms
07-01 20:36:19.031 14804 14806 D dalvikvm: GC_CONCURRENT freed 422K, 8% free 10527K/11335K, paused 21ms+2ms
07-01 20:36:19.992 14804 14806 D dalvikvm: GC_CONCURRENT freed 419K, 8% free 10527K/11335K, paused 3ms+2ms
07-01 20:36:21.097 14804 14806 D dalvikvm: GC_CONCURRENT freed 419K, 8% free 10527K/11335K, paused 21ms+3ms
07-01 20:36:22.070 14804 14806 D dalvikvm: GC_CONCURRENT freed 419K, 8% free 10527K/11335K, paused 22ms+2ms
07-01 20:36:22.996 14804 14806 D dalvikvm: GC_CONCURRENT freed 424K, 8% free 10527K/11335K, paused 2ms+3ms
07-01 20:36:24.058 14804 14806 D dalvikvm: GC_CONCURRENT freed 429K, 8% free 10527K/11335K, paused 2ms+2ms
07-01 20:36:25.835 14804 14848 D dalvikvm: GC_FOR_ALLOC freed 325K, 7% free 10544K/11335K, paused 21ms
07-01 20:36:26.875 14804 14848 D dalvikvm: GC_FOR_ALLOC freed 394K, 8% free 10480K/11335K, paused 21ms
07-01 20:36:27.878 14804 14806 D dalvikvm: GC_CONCURRENT freed 200K, 6% free 10673K/11335K, paused 2ms+2ms
07-01 20:36:27.980   345   345 D SAN_SERVICE: *******************************************
07-01 20:36:27.980   345   345 D SAN_SERVICE: DM App Phone Service State - 0
07-01 20:36:27.980   345   345 D SAN_SERVICE: *******************************************
07-01 20:36:28.359   345   345 D SAN_SERVICE: *******************************************
07-01 20:36:28.359   345   345 D SAN_SERVICE: DM App Phone Service State - 0
07-01 20:36:28.359   345   345 D SAN_SERVICE: *******************************************
07-01 20:36:28.871 14804 14848 D dalvikvm: GC_FOR_ALLOC freed 394K, 8% free 10480K/11335K, paused 88ms
07-01 20:36:28.984 14804 14806 D dalvikvm: GC_CONCURRENT freed 200K, 6% free 10669K/11335K, paused 2ms+2ms
07-01 20:36:29.945 14804 14848 D dalvikvm: GC_FOR_ALLOC freed 395K, 8% free 10480K/11335K, paused 25ms
07-01 20:36:31.035 14804 14806 D dalvikvm: GC_CONCURRENT freed 363K, 8% free 10513K/11335K, paused 4ms+5ms
07-01 20:36:32.160 14804 14806 D dalvikvm: GC_CONCURRENT freed 413K, 8% free 10491K/11335K, paused 175ms+3ms
07-01 20:36:32.949 14804 14806 D dalvikvm: GC_CONCURRENT freed 300K, 7% free 10591K/11335K, paused 2ms+3ms
07-01 20:36:33.585   345   345 D SAN_SERVICE: *******************************************
07-01 20:36:33.585   345   345 D SAN_SERVICE: DM App Phone Service State - 0
07-01 20:36:33.585   345   345 D SAN_SERVICE: *******************************************
07-01 20:36:33.878 14804 14848 D dalvikvm: GC_FOR_ALLOC freed 415K, 8% free 10517K/11335K, paused 89ms
07-01 20:36:34.898 14804 14806 D dalvikvm: GC_CONCURRENT freed 419K, 8% free 10517K/11335K, paused 2ms+2ms
07-01 20:36:35.871 14804 14806 D dalvikvm: GC_CONCURRENT freed 419K, 8% free 10517K/11335K, paused 21ms+2ms
07-01 20:36:36.191 14875 14876 D dalvikvm: GC_CONCURRENT freed 500K, 6% free 10242K/10823K, paused 1ms+3ms
07-01 20:36:36.332 13246 13248 D dalvikvm: GC_CONCURRENT freed 518K, 8% free 10175K/10951K, paused 3ms+8ms
07-01 20:36:37.269 14804 14806 D dalvikvm: GC_CONCURRENT freed 417K, 8% free 10487K/11335K, paused 7ms+2ms
07-01 20:36:37.691 14804 14806 D dalvikvm: GC_CONCURRENT freed 388K, 8% free 10486K/11335K, paused 2ms+2ms
07-01 20:36:38.527   345   345 D SAN_SERVICE: *******************************************
07-01 20:36:38.527   345   345 D SAN_SERVICE: DM App Phone Service State - 0
07-01 20:36:38.527   345   345 D SAN_SERVICE: *******************************************
07-01 20:36:38.625 14804 14806 D dalvikvm: GC_CONCURRENT freed 345K, 7% free 10551K/11335K, paused 2ms+3ms
07-01 20:36:39.636 14804 14848 D dalvikvm: GC_FOR_ALLOC freed 315K, 7% free 10593K/11335K, paused 22ms
07-01 20:36:40.773 14804 14848 D dalvikvm: GC_FOR_ALLOC freed 411K, 8% free 10480K/11335K, paused 21ms
07-01 20:36:41.402 14804 14806 D dalvikvm: GC_CONCURRENT freed 205K, 6% free 10669K/11335K, paused 2ms+3ms
07-01 20:36:42.109   145   147 D dalvikvm: GC_CONCURRENT freed 1850K, 24% free 16516K/21639K, paused 7ms+8ms
07-01 20:36:42.597 14804 14848 D dalvikvm: GC_FOR_ALLOC freed 400K, 8% free 10480K/11335K, paused 21ms
07-01 20:36:43.144 14804 14806 D dalvikvm: GC_CONCURRENT freed 205K, 6% free 10669K/11335K, paused 2ms+4ms
07-01 20:36:44.324 14804 14848 D dalvikvm: GC_FOR_ALLOC freed 400K, 8% free 10480K/11335K, paused 64ms
07-01 20:36:44.882 14804 14806 D dalvikvm: GC_CONCURRENT freed 205K, 6% free 10669K/11335K, paused 2ms+2ms
07-01 20:36:45.878 14804 14848 D dalvikvm: GC_FOR_ALLOC freed 400K, 8% free 10480K/11335K, paused 21ms
07-01 20:36:46.421 14804 14806 D dalvikvm: GC_CONCURRENT freed 207K, 6% free 10671K/11335K, paused 2ms+2ms
07-01 20:36:47.539 14804 14848 D dalvikvm: GC_FOR_ALLOC freed 402K, 8% free 10480K/11335K, paused 22ms
07-01 20:36:48.164 14804 14806 D dalvikvm: GC_CONCURRENT freed 205K, 6% free 10669K/11335K, paused 2ms+2ms
07-01 20:36:49.257 14804 14848 D dalvikvm: GC_FOR_ALLOC freed 400K, 8% free 10480K/11335K, paused 45ms
07-01 20:36:49.800 14804 14806 D dalvikvm: GC_CONCURRENT freed 205K, 6% free 10669K/11335K, paused 2ms+3ms
07-01 20:36:51.043 14804 14848 D dalvikvm: GC_FOR_ALLOC freed 400K, 8% free 10480K/11335K, paused 28ms
07-01 20:36:51.445 14804 14806 D dalvikvm: GC_CONCURRENT freed 205K, 6% free 10669K/11335K, paused 2ms+2ms
07-01 20:36:52.543 14804 14848 D dalvikvm: GC_FOR_ALLOC freed 405K, 8% free 10480K/11335K, paused 21ms
07-01 20:36:53.191 14804 14806 D dalvikvm: GC_CONCURRENT freed 205K, 6% free 10669K/11335K, paused 2ms+3ms
07-01 20:36:53.691   345   345 D SAN_SERVICE: *******************************************
07-01 20:36:53.691   345   345 D SAN_SERVICE: DM App Phone Service State - 0
07-01 20:36:53.691   345   345 D SAN_SERVICE: *******************************************
07-01 20:36:53.867   345   345 D SAN_SERVICE: *******************************************
07-01 20:36:53.867   345   345 D SAN_SERVICE: DM App Phone Service State - 0
07-01 20:36:53.867   345   345 D SAN_SERVICE: *******************************************
07-01 20:36:54.339   345   345 D SAN_SERVICE: *******************************************
07-01 20:36:54.339   345   345 D SAN_SERVICE: DM App Phone Service State - 0
07-01 20:36:54.339   345   345 D SAN_SERVICE: *******************************************
07-01 20:36:54.386 14804 14848 D dalvikvm: GC_FOR_ALLOC freed 400K, 8% free 10480K/11335K, paused 45ms
07-01 20:36:55.168 14804 14806 D dalvikvm: GC_CONCURRENT freed 205K, 6% free 10669K/11335K, paused 2ms+2ms
07-01 20:36:56.144 14804 14848 D dalvikvm: GC_FOR_ALLOC freed 404K, 8% free 10480K/11335K, paused 25ms
07-01 20:36:56.671 14804 14806 D dalvikvm: GC_CONCURRENT freed 205K, 6% free 10669K/11335K, paused 2ms+2ms
07-01 20:36:57.535 13971 13987 D dalvikvm: GC_EXPLICIT freed 368K, 6% free 9792K/10311K, paused 2ms+5ms
07-01 20:36:57.664 14804 14848 D dalvikvm: GC_FOR_ALLOC freed 400K, 8% free 10480K/11335K, paused 42ms
07-01 20:36:58.195 14804 14806 D dalvikvm: GC_CONCURRENT freed 210K, 6% free 10669K/11335K, paused 2ms+3ms
07-01 20:36:58.781 14804 14848 D dalvikvm: GC_FOR_ALLOC freed 202K, 7% free 10607K/11335K, paused 21ms
07-01 20:36:59.949 14804 14848 D dalvikvm: GC_FOR_ALLOC freed 400K, 8% free 10480K/11335K, paused 21ms
07-01 20:37:00.457 14804 14806 D dalvikvm: GC_CONCURRENT freed 205K, 6% free 10669K/11335K, paused 2ms+2ms
07-01 20:37:01.546 14804 14848 D dalvikvm: GC_FOR_ALLOC freed 400K, 8% free 10480K/11335K, paused 21ms
07-01 20:37:02.210 14804 14806 D dalvikvm: GC_CONCURRENT freed 205K, 6% free 10669K/11335K, paused 2ms+2ms
07-01 20:37:03.390 14804 14848 D dalvikvm: GC_FOR_ALLOC freed 400K, 8% free 10480K/11335K, paused 20ms
07-01 20:37:03.960 14804 14806 D dalvikvm: GC_CONCURRENT freed 205K, 6% free 10669K/11335K, paused 2ms+3ms
07-01 20:37:04.949 14804 14848 D dalvikvm: GC_FOR_ALLOC freed 402K, 8% free 10482K/11335K, paused 23ms
07-01 20:37:05.578 14804 14806 D dalvikvm: GC_CONCURRENT freed 207K, 6% free 10669K/11335K, paused 2ms+3ms
07-01 20:37:06.683 14804 14848 D dalvikvm: GC_FOR_ALLOC freed 400K, 8% free 10480K/11335K, paused 21ms
07-01 20:37:07.210 14804 14806 D dalvikvm: GC_CONCURRENT freed 205K, 6% free 10669K/11335K, paused 2ms+3ms
07-01 20:37:08.300 14804 14848 D dalvikvm: GC_FOR_ALLOC freed 400K, 8% free 10480K/11335K, paused 21ms
07-01 20:37:09.398 14804 14806 D dalvikvm: GC_CONCURRENT freed 205K, 6% free 10669K/11335K, paused 2ms+3ms
07-01 20:37:11.453 14804 14848 D dalvikvm: GC_FOR_ALLOC freed 540K, 8% free 10481K/11335K, paused 30ms
07-01 20:37:12.769 14804 14806 D dalvikvm: GC_CONCURRENT freed 344K, 7% free 10555K/11335K, paused 21ms+2ms
07-01 20:37:13.593 14804 14806 D dalvikvm: GC_CONCURRENT freed 437K, 8% free 10517K/11335K, paused 23ms+3ms
07-01 20:37:14.035   345   345 D SAN_SERVICE: *******************************************
07-01 20:37:14.035   345   345 D SAN_SERVICE: DM App Phone Service State - 0
07-01 20:37:14.035   345   345 D SAN_SERVICE: *******************************************
07-01 20:37:14.343   345   345 D SAN_SERVICE: *******************************************
07-01 20:37:14.343   345   345 D SAN_SERVICE: DM App Phone Service State - 0
07-01 20:37:14.343   345   345 D SAN_SERVICE: *******************************************
07-01 20:37:14.363   145   365 I ActivityManager: Process com.whatsapp (pid 14363) has died.
07-01 20:37:14.367   145   365 W ActivityManager: Scheduling restart of crashed service com.whatsapp/.messaging.MessageService in 5000ms
07-01 20:37:14.375 14804 14806 D dalvikvm: GC_CONCURRENT freed 394K, 8% free 10510K/11335K, paused 152ms+3ms
07-01 20:37:14.578   345   345 D SAN_SERVICE: *******************************************
07-01 20:37:14.578   345   345 D SAN_SERVICE: DM App Phone Service State - 0
07-01 20:37:14.578   345   345 D SAN_SERVICE: *******************************************
07-01 20:37:15.097 14804 14806 D dalvikvm: GC_CONCURRENT freed 387K, 8% free 10512K/11335K, paused 2ms+2ms
07-01 20:37:15.945 14804 14806 D dalvikvm: GC_CONCURRENT freed 348K, 7% free 10547K/11335K, paused 2ms+3ms
07-01 20:37:16.972 14804 14806 D dalvikvm: GC_CONCURRENT freed 419K, 8% free 10526K/11335K, paused 2ms+2ms
07-01 20:37:17.988 14804 14848 D dalvikvm: GC_FOR_ALLOC freed 280K, 7% free 10610K/11335K, paused 21ms
07-01 20:37:19.054 14804 14848 D dalvikvm: GC_FOR_ALLOC freed 410K, 7% free 10544K/11335K, paused 21ms
07-01 20:37:19.375   145   162 I ActivityManager: Start proc com.whatsapp for service com.whatsapp/.messaging.MessageService: pid=15091 uid=10068 gids={1015, 3003}
07-01 20:37:19.414 15091 15091 I dalvikvm: Turning on JNI app bug workarounds for target SDK version 7...
07-01 20:37:19.769 15091 15093 D dalvikvm: GC_CONCURRENT freed 167K, 3% free 9368K/9607K, paused 5ms+3ms
07-01 20:37:20.082 14804 14806 D dalvikvm: GC_CONCURRENT freed 414K, 7% free 10544K/11335K, paused 6ms+5ms
07-01 20:37:20.421 15091 15093 D dalvikvm: GC_CONCURRENT freed 301K, 4% free 9616K/9991K, paused 5ms+3ms
07-01 20:37:20.789 15091 15091 I dalvikvm: Could not find method android.media.MediaMetadataRetriever.captureFrame, referenced from method com.whatsapp.q3.a
07-01 20:37:20.789 15091 15091 W dalvikvm: VFY: unable to resolve virtual method 501: Landroid/media/MediaMetadataRetriever;.captureFrame ()Landroid/graphics/Bitmap;
07-01 20:37:20.789 15091 15091 D dalvikvm: VFY: replacing opcode 0x6e at 0x0134
07-01 20:37:20.964 15091 15093 D dalvikvm: GC_CONCURRENT freed 408K, 5% free 9765K/10247K, paused 4ms+3ms
07-01 20:37:21.043 14804 14848 D dalvikvm: GC_FOR_ALLOC freed 409K, 8% free 10480K/11335K, paused 43ms
07-01 20:37:21.207 15091 15093 D dalvikvm: GC_CONCURRENT freed 210K, 4% free 9988K/10311K, paused 1ms+4ms
07-01 20:37:21.324 14900 14913 I PhoneLab-: Service Running
07-01 20:37:22.582 14900 14913 I PhoneLab-LoggerService: app_37    1360  1     1436   996   c00f181c 400107b4 S logcat
07-01 20:37:22.582 14900 14913 I PhoneLab-LoggerService: Logcat pid from database 1360
07-01 20:37:22.582 14900 14913 I PhoneLab-LoggerService: Logcat process found 1360
07-01 20:37:22.582 14900 14913 I PhoneLab-LoggerService: Checking Threshold
07-01 20:37:22.652 14804 14806 D dalvikvm: GC_CONCURRENT freed 270K, 7% free 10609K/11335K, paused 2ms+3ms
07-01 20:37:23.843 14804 14848 D dalvikvm: GC_FOR_ALLOC freed 430K, 8% free 10503K/11335K, paused 22ms
07-01 20:37:24.293   345   345 D SAN_SERVICE: *******************************************
07-01 20:37:24.293   345   345 D SAN_SERVICE: DM App Phone Service State - 0
07-01 20:37:24.293   345   345 D SAN_SERVICE: *******************************************
07-01 20:37:24.582   345   345 D SAN_SERVICE: *******************************************
07-01 20:37:24.582   345   345 D SAN_SERVICE: DM App Phone Service State - 0
07-01 20:37:24.585   345   345 D SAN_SERVICE: *******************************************
07-01 20:37:24.933 14804 14806 D dalvikvm: GC_CONCURRENT freed 409K, 8% free 10484K/11335K, paused 22ms+2ms
07-01 20:37:25.332   345   345 D SAN_SERVICE: *******************************************
07-01 20:37:25.332   345   345 D SAN_SERVICE: DM App Phone Service State - 0
07-01 20:37:25.332   345   345 D SAN_SERVICE: *******************************************
07-01 20:37:25.515 14804 14806 D dalvikvm: GC_CONCURRENT freed 319K, 7% free 10584K/11335K, paused 6ms+3ms
07-01 20:37:26.531 14804 14848 D dalvikvm: GC_FOR_ALLOC freed 421K, 8% free 10514K/11335K, paused 60ms
07-01 20:37:27.484 14804 14806 D dalvikvm: GC_CONCURRENT freed 392K, 8% free 10512K/11335K, paused 4ms+2ms
07-01 20:37:28.382 14804 14806 D dalvikvm: GC_CONCURRENT freed 410K, 8% free 10486K/11335K, paused 2ms+2ms
07-01 20:37:29.410 14804 14806 D dalvikvm: GC_CONCURRENT freed 350K, 7% free 10546K/11335K, paused 22ms+2ms
07-01 20:37:30.453   145  9966 I ActivityManager: Process android.process.media (pid 14514) has died.
07-01 20:37:30.476 14804 14848 D dalvikvm: GC_FOR_ALLOC freed 411K, 8% free 10502K/11335K, paused 25ms
07-01 20:37:31.132 14804 14806 D dalvikvm: GC_CONCURRENT freed 346K, 7% free 10548K/11335K, paused 2ms+3ms
07-01 20:37:32.156 14804 14848 D dalvikvm: GC_FOR_ALLOC freed 410K, 8% free 10502K/11335K, paused 74ms
07-01 20:37:33.117 14804 14806 D dalvikvm: GC_CONCURRENT freed 301K, 7% free 10596K/11335K, paused 2ms+3ms
07-01 20:37:34.082 14804 14848 D dalvikvm: GC_FOR_ALLOC freed 425K, 8% free 10519K/11335K, paused 91ms
07-01 20:37:34.687 14804 14806 D dalvikvm: GC_CONCURRENT freed 423K, 8% free 10482K/11335K, paused 3ms+5ms
07-01 20:37:35.679 14804 14806 D dalvikvm: GC_CONCURRENT freed 312K, 7% free 10566K/11335K, paused 2ms+2ms
07-01 20:37:36.277   145   395 D dalvikvm: GC_EXPLICIT freed 1702K, 24% free 16513K/21639K, paused 7ms+7ms
07-01 20:37:36.351 13246 13248 D dalvikvm: GC_CONCURRENT freed 418K, 8% free 10140K/10951K, paused 2ms+2ms
07-01 20:37:36.683 14804 14806 D dalvikvm: GC_CONCURRENT freed 444K, 8% free 10537K/11335K, paused 4ms+5ms
07-01 20:37:37.644 14804 14806 D dalvikvm: GC_CONCURRENT freed 416K, 8% free 10508K/11335K, paused 3ms+3ms
07-01 20:37:38.753 14804 14806 D dalvikvm: GC_CONCURRENT freed 305K, 7% free 10606K/11335K, paused 2ms+3ms
07-01 20:37:39.246 14804 14848 D dalvikvm: GC_FOR_ALLOC freed 205K, 7% free 10607K/11335K, paused 21ms
07-01 20:37:39.730   345   345 D SAN_SERVICE: *******************************************
07-01 20:37:39.730   345   345 D SAN_SERVICE: DM App Phone Service State - 0
07-01 20:37:39.730   345   345 D SAN_SERVICE: *******************************************
07-01 20:37:40.386 14804 14806 D dalvikvm: GC_CONCURRENT freed 496K, 7% free 10544K/11335K, paused 2ms+2ms
07-01 20:37:40.425   345   345 D SAN_SERVICE: *******************************************
07-01 20:37:40.425   345   345 D SAN_SERVICE: DM App Phone Service State - 0
07-01 20:37:40.425   345   345 D SAN_SERVICE: *******************************************
07-01 20:37:42.136 14804 14806 D dalvikvm: GC_CONCURRENT freed 447K, 8% free 10507K/11335K, paused 24ms+2ms
07-01 20:37:43.378 14804 14806 D dalvikvm: GC_CONCURRENT freed 356K, 7% free 10563K/11335K, paused 23ms+2ms
07-01 20:37:44.214 14804 14848 D dalvikvm: GC_FOR_ALLOC freed 426K, 8% free 10507K/11335K, paused 82ms
07-01 20:37:44.918 14804 14806 D dalvikvm: GC_CONCURRENT freed 327K, 7% free 10567K/11335K, paused 2ms+3ms
07-01 20:37:45.976 14804 14848 D dalvikvm: GC_FOR_ALLOC freed 410K, 8% free 10509K/11335K, paused 105ms
07-01 20:37:46.839 14804 14806 D dalvikvm: GC_CONCURRENT freed 340K, 7% free 10554K/11335K, paused 21ms+2ms
07-01 20:37:48.058 14804 14806 D dalvikvm: GC_CONCURRENT freed 415K, 8% free 10533K/11335K, paused 2ms+3ms
07-01 20:37:49.707 14804 14806 D dalvikvm: GC_CONCURRENT freed 400K, 7% free 10545K/11335K, paused 22ms+2ms
07-01 20:37:50.433 14804 14806 D dalvikvm: GC_CONCURRENT freed 444K, 8% free 10514K/11335K, paused 4ms+2ms
07-01 20:37:51.402 14804 14806 D dalvikvm: GC_CONCURRENT freed 389K, 8% free 10520K/11335K, paused 2ms+3ms
07-01 20:37:52.453 14804 14806 D dalvikvm: GC_CONCURRENT freed 388K, 8% free 10518K/11335K, paused 24ms+2ms
07-01 20:37:53.472 14804 14806 D dalvikvm: GC_CONCURRENT freed 410K, 8% free 10522K/11335K, paused 2ms+3ms
07-01 20:37:54.507 14804 14806 D dalvikvm: GC_CONCURRENT freed 414K, 8% free 10522K/11335K, paused 2ms+3ms
07-01 20:37:55.195   145   200 D DhcpInfoInternal: makeLinkProperties with empty dns2!
07-01 20:37:55.195   145   200 D DhcpInfoInternal: makeLinkProperties with empty dns2!
07-01 20:37:55.480 14804 14806 D dalvikvm: GC_CONCURRENT freed 414K, 8% free 10522K/11335K, paused 21ms+2ms
07-01 20:37:56.480 14804 14806 D dalvikvm: GC_CONCURRENT freed 419K, 8% free 10522K/11335K, paused 21ms+3ms
07-01 20:37:56.800   345   345 D SAN_SERVICE: *******************************************
07-01 20:37:56.800   345   345 D SAN_SERVICE: DM App Phone Service State - 0
07-01 20:37:56.800   345   345 D SAN_SERVICE: *******************************************
07-01 20:37:57.293   345   345 D SAN_SERVICE: *******************************************
07-01 20:37:57.293   345   345 D SAN_SERVICE: DM App Phone Service State - 0
07-01 20:37:57.293   345   345 D SAN_SERVICE: *******************************************
07-01 20:37:57.468 14804 14806 D dalvikvm: GC_CONCURRENT freed 424K, 8% free 10522K/11335K, paused 20ms+3ms
07-01 20:37:58.437 14804 14806 D dalvikvm: GC_CONCURRENT freed 419K, 8% free 10522K/11335K, paused 2ms+3ms
07-01 20:37:59.546 14804 14806 D dalvikvm: GC_CONCURRENT freed 414K, 8% free 10509K/11335K, paused 2ms+3ms
07-01 20:38:00.824 14804 14806 D dalvikvm: GC_CONCURRENT freed 409K, 8% free 10518K/11335K, paused 2ms+3ms
07-01 20:38:01.828 14804 14848 D dalvikvm: GC_FOR_ALLOC freed 329K, 7% free 10543K/11335K, paused 21ms
07-01 20:38:02.894 14804 14848 D dalvikvm: GC_FOR_ALLOC freed 404K, 8% free 10480K/11335K, paused 21ms
07-01 20:38:03.539 14804 14806 D dalvikvm: GC_CONCURRENT freed 229K, 7% free 10645K/11335K, paused 2ms+3ms
07-01 20:38:04.632 14804 14848 D dalvikvm: GC_FOR_ALLOC freed 400K, 8% free 10480K/11335K, paused 21ms
07-01 20:38:05.777 14804 14806 D dalvikvm: GC_CONCURRENT freed 373K, 8% free 10510K/11335K, paused 3ms+3ms
07-01 20:38:06.953 14804 14806 D dalvikvm: GC_CONCURRENT freed 404K, 8% free 10510K/11335K, paused 23ms+2ms
07-01 20:38:08.121 14804 14848 D dalvikvm: GC_FOR_ALLOC freed 410K, 8% free 10480K/11335K, paused 21ms
07-01 20:38:08.718 14804 14806 D dalvikvm: GC_CONCURRENT freed 205K, 6% free 10669K/11335K, paused 21ms+2ms
07-01 20:38:09.652 14804 14848 D dalvikvm: GC_FOR_ALLOC freed 404K, 8% free 10480K/11335K, paused 21ms
07-01 20:38:10.382   345   345 D SAN_SERVICE: *******************************************
07-01 20:38:10.382   345   345 D SAN_SERVICE: DM App Phone Service State - 0
07-01 20:38:10.382   345   345 D SAN_SERVICE: *******************************************
07-01 20:38:10.398 14804 14806 D dalvikvm: GC_CONCURRENT freed 205K, 6% free 10669K/11335K, paused 5ms+3ms
07-01 20:38:11.218   345   345 D SAN_SERVICE: *******************************************
07-01 20:38:11.218   345   345 D SAN_SERVICE: DM App Phone Service State - 0
07-01 20:38:11.218   345   345 D SAN_SERVICE: *******************************************
07-01 20:38:11.406 14804 14848 D dalvikvm: GC_FOR_ALLOC freed 400K, 8% free 10480K/11335K, paused 44ms
07-01 20:38:11.929 14804 14806 D dalvikvm: GC_CONCURRENT freed 205K, 6% free 10669K/11335K, paused 2ms+2ms
07-01 20:38:13.035 14804 14848 D dalvikvm: GC_FOR_ALLOC freed 400K, 8% free 10480K/11335K, paused 21ms
07-01 20:38:13.668 14804 14806 D dalvikvm: GC_CONCURRENT freed 205K, 6% free 10669K/11335K, paused 2ms+3ms
07-01 20:38:14.668 14804 14848 D dalvikvm: GC_FOR_ALLOC freed 400K, 8% free 10480K/11335K, paused 21ms
07-01 20:38:15.449 14804 14806 D dalvikvm: GC_CONCURRENT freed 205K, 6% free 10669K/11335K, paused 3ms+3ms
07-01 20:38:16.414 14804 14848 D dalvikvm: GC_FOR_ALLOC freed 400K, 8% free 10480K/11335K, paused 20ms
07-01 20:38:16.949 14804 14806 D dalvikvm: GC_CONCURRENT freed 205K, 6% free 10669K/11335K, paused 2ms+2ms
07-01 20:38:18.050 14804 14848 D dalvikvm: GC_FOR_ALLOC freed 402K, 8% free 10482K/11335K, paused 25ms
07-01 20:38:18.843 14804 14806 D dalvikvm: GC_CONCURRENT freed 207K, 6% free 10669K/11335K, paused 2ms+2ms
07-01 20:38:19.824 14804 14848 D dalvikvm: GC_FOR_ALLOC freed 400K, 8% free 10480K/11335K, paused 25ms
07-01 20:38:20.675 14804 14806 D dalvikvm: GC_CONCURRENT freed 205K, 6% free 10669K/11335K, paused 2ms+2ms
07-01 20:38:21.699 14804 14848 D dalvikvm: GC_FOR_ALLOC freed 405K, 8% free 10480K/11335K, paused 75ms
07-01 20:38:22.089 14804 14806 D dalvikvm: GC_CONCURRENT freed 205K, 6% free 10669K/11335K, paused 2ms+2ms
07-01 20:38:23.168 14804 14848 D dalvikvm: GC_FOR_ALLOC freed 400K, 8% free 10480K/11335K, paused 20ms
07-01 20:38:23.710 14804 14806 D dalvikvm: GC_CONCURRENT freed 205K, 6% free 10669K/11335K, paused 2ms+2ms
07-01 20:38:24.800 14804 14848 D dalvikvm: GC_FOR_ALLOC freed 400K, 8% free 10480K/11335K, paused 21ms
07-01 20:38:25.445 14804 14806 D dalvikvm: GC_CONCURRENT freed 205K, 6% free 10669K/11335K, paused 2ms+2ms
07-01 20:38:27.363 14804 14848 D dalvikvm: GC_FOR_ALLOC freed 400K, 8% free 10480K/11335K, paused 21ms
07-01 20:38:28.636 14804 14806 D dalvikvm: GC_CONCURRENT freed 376K, 8% free 10516K/11335K, paused 22ms+3ms
07-01 20:38:29.472 14804 14806 D dalvikvm: GC_CONCURRENT freed 382K, 7% free 10544K/11335K, paused 22ms+3ms
07-01 20:38:30.285 14804 14806 D dalvikvm: GC_CONCURRENT freed 449K, 8% free 10517K/11335K, paused 21ms+2ms
07-01 20:38:31.175   145   310 I ActivityManager: Process com.android.deskclock (pid 14771) has died.
07-01 20:38:31.207 14804 14806 D dalvikvm: GC_CONCURRENT freed 388K, 8% free 10518K/11335K, paused 4ms+2ms
07-01 20:38:32.171 14804 14806 D dalvikvm: GC_CONCURRENT freed 371K, 8% free 10535K/11335K, paused 21ms+2ms
07-01 20:38:33.152 14804 14806 D dalvikvm: GC_CONCURRENT freed 429K, 8% free 10535K/11335K, paused 21ms+3ms
07-01 20:38:34.164 14804 14806 D dalvikvm: GC_CONCURRENT freed 427K, 8% free 10537K/11335K, paused 23ms+3ms
07-01 20:38:35.136 14804 14806 D dalvikvm: GC_CONCURRENT freed 426K, 8% free 10535K/11335K, paused 2ms+3ms
07-01 20:38:36.105 14804 14806 D dalvikvm: GC_CONCURRENT freed 418K, 8% free 10521K/11335K, paused 2ms+3ms
07-01 20:38:36.242 14875 14876 D dalvikvm: GC_CONCURRENT freed 567K, 6% free 10247K/10887K, paused 2ms+2ms
07-01 20:38:37.191 14804 14806 D dalvikvm: GC_CONCURRENT freed 432K, 8% free 10482K/11335K, paused 3ms+2ms
07-01 20:38:37.820   345   345 D SAN_SERVICE: *******************************************
07-01 20:38:37.820   345   345 D SAN_SERVICE: DM App Phone Service State - 0
07-01 20:38:37.820   345   345 D SAN_SERVICE: *******************************************
07-01 20:38:38.046 14804 14806 D dalvikvm: GC_CONCURRENT freed 276K, 7% free 10620K/11335K, paused 4ms+6ms
07-01 20:38:38.992 14804 14848 D dalvikvm: GC_FOR_ALLOC freed 415K, 8% free 10526K/11335K, paused 25ms
07-01 20:38:40.277 14804 14848 D dalvikvm: GC_FOR_ALLOC freed 364K, 7% free 10543K/11335K, paused 24ms
07-01 20:38:41.199 14804 14806 D dalvikvm: GC_CONCURRENT freed 452K, 8% free 10482K/11335K, paused 13ms+3ms
07-01 20:38:41.734 14804 14806 D dalvikvm: GC_CONCURRENT freed 207K, 6% free 10666K/11335K, paused 2ms+3ms
07-01 20:38:42.828 14804 14848 D dalvikvm: GC_FOR_ALLOC freed 405K, 8% free 10480K/11335K, paused 21ms
07-01 20:38:43.468 14804 14806 D dalvikvm: GC_CONCURRENT freed 205K, 6% free 10669K/11335K, paused 2ms+2ms
07-01 20:38:44.570 14804 14848 D dalvikvm: GC_FOR_ALLOC freed 400K, 8% free 10480K/11335K, paused 21ms
07-01 20:38:45.113 14804 14806 D dalvikvm: GC_CONCURRENT freed 205K, 6% free 10669K/11335K, paused 2ms+2ms
07-01 20:38:46.281   345   345 D SAN_SERVICE: *******************************************
07-01 20:38:46.281   345   345 D SAN_SERVICE: DM App Phone Service State - 0
07-01 20:38:46.281   345   345 D SAN_SERVICE: *******************************************
07-01 20:38:46.726 14804 14848 D dalvikvm: GC_FOR_ALLOC freed 404K, 8% free 10480K/11335K, paused 22ms
07-01 20:38:47.355   345   347 D dalvikvm: GC_CONCURRENT freed 750K, 9% free 11641K/12679K, paused 8ms+10ms
07-01 20:38:47.406   145   147 D dalvikvm: GC_CONCURRENT freed 1876K, 24% free 16512K/21639K, paused 3ms+6ms
07-01 20:38:47.902 14804 14806 D dalvikvm: GC_CONCURRENT freed 344K, 8% free 10537K/11335K, paused 27ms+3ms
07-01 20:38:49.144 14804 14848 D dalvikvm: GC_FOR_ALLOC freed 416K, 8% free 10480K/11335K, paused 21ms
07-01 20:38:49.871 14804 14806 D dalvikvm: GC_CONCURRENT freed 317K, 7% free 10592K/11335K, paused 21ms+3ms
07-01 20:38:50.847 14804 14848 D dalvikvm: GC_FOR_ALLOC freed 406K, 8% free 10517K/11335K, paused 82ms
07-01 20:38:51.886 14804 14806 D dalvikvm: GC_CONCURRENT freed 409K, 8% free 10517K/11335K, paused 24ms+2ms
07-01 20:38:52.910 14804 14806 D dalvikvm: GC_CONCURRENT freed 409K, 8% free 10517K/11335K, paused 21ms+2ms
07-01 20:38:53.921 14804 14806 D dalvikvm: GC_CONCURRENT freed 419K, 8% free 10517K/11335K, paused 25ms+3ms
07-01 20:38:54.562 14804 14806 D dalvikvm: GC_CONCURRENT freed 404K, 8% free 10505K/11335K, paused 3ms+3ms
07-01 20:38:55.527 14804 14848 D dalvikvm: GC_FOR_ALLOC freed 224K, 7% free 10604K/11335K, paused 21ms
07-01 20:38:56.511   345   345 D SAN_SERVICE: *******************************************
07-01 20:38:56.511   345   345 D SAN_SERVICE: DM App Phone Service State - 0
07-01 20:38:56.511   345   345 D SAN_SERVICE: *******************************************
07-01 20:38:56.531 14804 14848 D dalvikvm: GC_FOR_ALLOC freed 410K, 8% free 10480K/11335K, paused 29ms
07-01 20:38:56.937   345   345 D SAN_SERVICE: *******************************************
07-01 20:38:56.937   345   345 D SAN_SERVICE: DM App Phone Service State - 0
07-01 20:38:56.937   345   345 D SAN_SERVICE: *******************************************
07-01 20:38:57.027 14804 14806 D dalvikvm: GC_CONCURRENT freed 340K, 7% free 10544K/11335K, paused 2ms+3ms
07-01 20:38:57.523   345   345 D SAN_SERVICE: *******************************************
07-01 20:38:57.523   345   345 D SAN_SERVICE: DM App Phone Service State - 0
07-01 20:38:57.523   345   345 D SAN_SERVICE: *******************************************
07-01 20:38:58.039 14804 14806 D dalvikvm: GC_CONCURRENT freed 414K, 7% free 10544K/11335K, paused 1ms+3ms
07-01 20:38:59.125 14804 14848 D dalvikvm: GC_FOR_ALLOC freed 291K, 7% free 10598K/11335K, paused 21ms
07-01 20:39:00.296 14804 14848 D dalvikvm: GC_FOR_ALLOC freed 404K, 8% free 10527K/11335K, paused 26ms
07-01 20:39:01.363 14804 14848 D dalvikvm: GC_FOR_ALLOC freed 405K, 8% free 10480K/11335K, paused 22ms
07-01 20:39:02.511 14804 14806 D dalvikvm: GC_CONCURRENT freed 385K, 8% free 10499K/11335K, paused 2ms+4ms
07-01 20:39:03.738 14804 14806 D dalvikvm: GC_CONCURRENT freed 404K, 8% free 10499K/11335K, paused 2ms+3ms
07-01 20:39:04.316 14804 14806 D dalvikvm: GC_CONCURRENT freed 214K, 6% free 10669K/11335K, paused 2ms+2ms
07-01 20:39:05.355 14804 14848 D dalvikvm: GC_FOR_ALLOC freed 400K, 8% free 10480K/11335K, paused 21ms
07-01 20:39:06.097 14804 14806 D dalvikvm: GC_CONCURRENT freed 218K, 6% free 10657K/11335K, paused 2ms+2ms
07-01 20:39:06.761   345   345 D SAN_SERVICE: *******************************************
07-01 20:39:06.761   345   345 D SAN_SERVICE: DM App Phone Service State - 0
07-01 20:39:06.761   345   345 D SAN_SERVICE: *******************************************
07-01 20:39:07.207 14804 14848 D dalvikvm: GC_FOR_ALLOC freed 400K, 8% free 10539K/11335K, paused 61ms
07-01 20:39:08.203 14804 14806 D dalvikvm: GC_CONCURRENT freed 404K, 8% free 10539K/11335K, paused 4ms+5ms
07-01 20:39:09.273 14804 14806 D dalvikvm: GC_CONCURRENT freed 404K, 8% free 10539K/11335K, paused 2ms+2ms
07-01 20:39:10.386 14804 14806 D dalvikvm: GC_CONCURRENT freed 409K, 8% free 10539K/11335K, paused 2ms+2ms
07-01 20:39:11.503 14804 14848 D dalvikvm: GC_FOR_ALLOC freed 404K, 8% free 10480K/11335K, paused 21ms
07-01 20:39:12.125   345   345 D SAN_SERVICE: *******************************************
07-01 20:39:12.125   345   345 D SAN_SERVICE: DM App Phone Service State - 0
07-01 20:39:12.125   345   345 D SAN_SERVICE: *******************************************
07-01 20:39:12.859 14804 14806 D dalvikvm: GC_CONCURRENT freed 385K, 8% free 10499K/11335K, paused 2ms+3ms
07-01 20:39:13.406 14804 14806 D dalvikvm: GC_CONCURRENT freed 213K, 6% free 10671K/11335K, paused 3ms+2ms
07-01 20:39:14.386 14804 14848 D dalvikvm: GC_FOR_ALLOC freed 402K, 8% free 10480K/11335K, paused 31ms
07-01 20:39:14.976 14804 14806 D dalvikvm: GC_CONCURRENT freed 218K, 6% free 10657K/11335K, paused 4ms+5ms
07-01 20:39:15.136  3921  4131 I EventLogService: Aggregate from 1341187755011 (log), 1341187755011 (data)
07-01 20:39:16.308 14804 14848 D dalvikvm: GC_FOR_ALLOC freed 400K, 8% free 10539K/11335K, paused 21ms
07-01 20:39:17.367 14804 14806 D dalvikvm: GC_CONCURRENT freed 404K, 8% free 10539K/11335K, paused 21ms+3ms
07-01 20:39:18.351 14804 14806 D dalvikvm: GC_CONCURRENT freed 404K, 8% free 10539K/11335K, paused 4ms+5ms
07-01 20:39:18.746   345   345 D SAN_SERVICE: *******************************************
07-01 20:39:18.746   345   345 D SAN_SERVICE: DM App Phone Service State - 0
07-01 20:39:18.746   345   345 D SAN_SERVICE: *******************************************
07-01 20:39:19.414 14804 14806 D dalvikvm: GC_CONCURRENT freed 430K, 8% free 10499K/11335K, paused 2ms+3ms
07-01 20:39:20.632 14804 14806 D dalvikvm: GC_CONCURRENT freed 404K, 8% free 10499K/11335K, paused 2ms+2ms
07-01 20:39:21.324 14900 14913 I PhoneLab-: Service Running
07-01 20:39:21.355 14900 14913 I PhoneLab-LoggerService: app_37    1360  1     1436   996   c00f181c 400107b4 S logcat
07-01 20:39:21.355 14900 14913 I PhoneLab-LoggerService: Logcat pid from database 1360
07-01 20:39:21.355 14900 14913 I PhoneLab-LoggerService: Logcat process found 1360
07-01 20:39:21.355 14900 14913 I PhoneLab-LoggerService: Checking Threshold
07-01 20:39:21.738 14804 14806 D dalvikvm: GC_CONCURRENT freed 404K, 8% free 10499K/11335K, paused 22ms+3ms
07-01 20:39:22.355 14804 14806 D dalvikvm: GC_CONCURRENT freed 402K, 8% free 10482K/11335K, paused 12ms+3ms
07-01 20:39:23.402 14804 14806 D dalvikvm: GC_CONCURRENT freed 221K, 6% free 10669K/11335K, paused 2ms+2ms
07-01 20:39:24.503 14804 14848 D dalvikvm: GC_FOR_ALLOC freed 410K, 8% free 10480K/11335K, paused 21ms
07-01 20:39:25.046 14804 14806 D dalvikvm: GC_CONCURRENT freed 218K, 6% free 10657K/11335K, paused 2ms+2ms
07-01 20:39:26.148 14804 14848 D dalvikvm: GC_FOR_ALLOC freed 405K, 8% free 10539K/11335K, paused 21ms
07-01 20:39:27.382 14804 14806 D dalvikvm: GC_CONCURRENT freed 409K, 8% free 10539K/11335K, paused 2ms+2ms
07-01 20:39:28.484 14804 14806 D dalvikvm: GC_CONCURRENT freed 407K, 8% free 10520K/11335K, paused 2ms+3ms
07-01 20:39:29.550 14804 14806 D dalvikvm: GC_CONCURRENT freed 408K, 8% free 10520K/11335K, paused 2ms+2ms
07-01 20:39:30.191 13993 13994 D dalvikvm: GC_CONCURRENT freed 694K, 7% free 11686K/12487K, paused 6ms+8ms
07-01 20:39:30.753 14804 14848 D dalvikvm: GC_FOR_ALLOC freed 410K, 8% free 10480K/11335K, paused 23ms
07-01 20:39:30.832   145   329 I ActivityManager: Process com.android.calendar (pid 14755) has died.
07-01 20:39:31.414   375   375 D OpenGLRenderer: Flushing caches (mode 2)
07-01 20:39:31.433   375   375 D OpenGLRenderer: Flushing caches (mode 0)
07-01 20:39:31.531 14783 14788 D dalvikvm: GC_CONCURRENT freed 328K, 5% free 9140K/9543K, paused 8ms+2ms
07-01 20:39:31.820 14804 14806 D dalvikvm: GC_CONCURRENT freed 385K, 8% free 10499K/11335K, paused 17ms+3ms
07-01 20:39:32.433 14804 14806 D dalvikvm: GC_CONCURRENT freed 398K, 8% free 10496K/11335K, paused 2ms+3ms
07-01 20:39:33.554 14804 14806 D dalvikvm: GC_CONCURRENT freed 265K, 6% free 10670K/11335K, paused 2ms+2ms
07-01 20:39:34.644 14804 14848 D dalvikvm: GC_FOR_ALLOC freed 401K, 8% free 10480K/11335K, paused 21ms
07-01 20:39:35.281 14804 14806 D dalvikvm: GC_CONCURRENT freed 223K, 6% free 10661K/11335K, paused 2ms+3ms
07-01 20:39:36.418 13246 13246 D dalvikvm: GC_EXPLICIT freed 320K, 8% free 10115K/10951K, paused 2ms+3ms
07-01 20:39:36.476 14804 14848 D dalvikvm: GC_FOR_ALLOC freed 412K, 8% free 10480K/11335K, paused 37ms
07-01 20:39:36.492  3921  3932 D dalvikvm: GC_EXPLICIT freed 344K, 6% free 10351K/10951K, paused 5ms+4ms
07-01 20:39:36.875 14804 14806 D dalvikvm: GC_CONCURRENT freed 367K, 8% free 10508K/11335K, paused 2ms+4ms
07-01 20:39:38.261 14804 14806 D dalvikvm: GC_CONCURRENT freed 257K, 6% free 10669K/11335K, paused 21ms+3ms
07-01 20:39:39.250 14804 14848 D dalvikvm: GC_FOR_ALLOC freed 405K, 8% free 10480K/11335K, paused 22ms
07-01 20:39:39.949 14804 14806 D dalvikvm: GC_CONCURRENT freed 205K, 6% free 10669K/11335K, paused 2ms+2ms
07-01 20:39:40.972 14804 14848 D dalvikvm: GC_FOR_ALLOC freed 400K, 8% free 10480K/11335K, paused 71ms
07-01 20:39:41.339 14804 14806 D dalvikvm: GC_CONCURRENT freed 208K, 6% free 10669K/11335K, paused 2ms+3ms
07-01 20:39:42.527 14804 14848 D dalvikvm: GC_FOR_ALLOC freed 400K, 8% free 10480K/11335K, paused 22ms
07-01 20:39:44.203 14804 14806 D dalvikvm: GC_CONCURRENT freed 205K, 6% free 10673K/11335K, paused 22ms+3ms
07-01 20:39:45.179 14804 14848 D dalvikvm: GC_FOR_ALLOC freed 395K, 8% free 10480K/11335K, paused 110ms
07-01 20:39:45.300 14804 14806 D dalvikvm: GC_CONCURRENT freed 200K, 6% free 10669K/11335K, paused 4ms+4ms
07-01 20:39:46.316 14804 14848 D dalvikvm: GC_FOR_ALLOC freed 395K, 8% free 10480K/11335K, paused 68ms
07-01 20:39:47.203 14804 14806 D dalvikvm: GC_CONCURRENT freed 205K, 6% free 10674K/11335K, paused 21ms+2ms
07-01 20:39:48.089 14804 14848 D dalvikvm: GC_FOR_ALLOC freed 395K, 8% free 10480K/11335K, paused 21ms
07-01 20:39:48.386 14804 14806 D dalvikvm: GC_CONCURRENT freed 200K, 6% free 10669K/11335K, paused 22ms+2ms
07-01 20:39:49.316   145   147 D dalvikvm: GC_CONCURRENT freed 1750K, 24% free 16595K/21639K, paused 2ms+8ms
07-01 20:39:49.386 14804 14848 D dalvikvm: GC_FOR_ALLOC freed 391K, 8% free 10480K/11335K, paused 21ms
07-01 20:39:50.218 14804 14806 D dalvikvm: GC_CONCURRENT freed 209K, 6% free 10669K/11335K, paused 21ms+3ms
07-01 20:39:51.113 14804 14848 D dalvikvm: GC_FOR_ALLOC freed 399K, 8% free 10480K/11335K, paused 44ms
07-01 20:39:51.492 14804 14806 D dalvikvm: GC_CONCURRENT freed 196K, 6% free 10674K/11335K, paused 2ms+4ms
07-01 20:39:52.566 14804 14848 D dalvikvm: GC_FOR_ALLOC freed 395K, 8% free 10480K/11335K, paused 22ms
07-01 20:39:53.222 14804 14806 D dalvikvm: GC_CONCURRENT freed 209K, 6% free 10669K/11335K, paused 2ms+3ms
07-01 20:39:54.343 14804 14848 D dalvikvm: GC_FOR_ALLOC freed 395K, 8% free 10480K/11335K, paused 21ms
07-01 20:39:54.835 14804 14806 D dalvikvm: GC_CONCURRENT freed 196K, 6% free 10674K/11335K, paused 2ms+2ms
07-01 20:39:55.937 14804 14848 D dalvikvm: GC_FOR_ALLOC freed 395K, 8% free 10480K/11335K, paused 20ms
07-01 20:39:56.726 14804 14806 D dalvikvm: GC_CONCURRENT freed 209K, 6% free 10669K/11335K, paused 2ms+2ms
07-01 20:39:57.699 14804 14848 D dalvikvm: GC_FOR_ALLOC freed 395K, 8% free 10480K/11335K, paused 21ms
07-01 20:39:57.980   345   345 D SAN_SERVICE: *******************************************
07-01 20:39:57.980   345   345 D SAN_SERVICE: DM App Phone Service State - 0
07-01 20:39:57.980   345   345 D SAN_SERVICE: *******************************************
07-01 20:39:58.293   345   345 D SAN_SERVICE: *******************************************
07-01 20:39:58.293   345   345 D SAN_SERVICE: DM App Phone Service State - 0
07-01 20:39:58.293   345   345 D SAN_SERVICE: *******************************************
07-01 20:39:58.371 14804 14806 D dalvikvm: GC_CONCURRENT freed 196K, 6% free 10674K/11335K, paused 2ms+2ms
07-01 20:39:58.406   345   345 D SAN_SERVICE: *******************************************
07-01 20:39:58.406   345   345 D SAN_SERVICE: DM App Phone Service State - 0
07-01 20:39:58.406   345   345 D SAN_SERVICE: *******************************************
07-01 20:39:59.535 14804 14848 D dalvikvm: GC_FOR_ALLOC freed 400K, 8% free 10480K/11335K, paused 21ms
07-01 20:39:59.957 14804 14806 D dalvikvm: GC_CONCURRENT freed 212K, 6% free 10657K/11335K, paused 1ms+2ms
07-01 20:40:01.304 14804 14848 D dalvikvm: GC_FOR_ALLOC freed 402K, 8% free 10480K/11335K, paused 34ms
07-01 20:40:01.636 14804 14806 D dalvikvm: GC_CONCURRENT freed 195K, 6% free 10674K/11335K, paused 2ms+3ms
07-01 20:40:02.933 14804 14848 D dalvikvm: GC_FOR_ALLOC freed 395K, 8% free 10480K/11335K, paused 22ms
07-01 20:40:03.347 14804 14806 D dalvikvm: GC_CONCURRENT freed 209K, 6% free 10669K/11335K, paused 2ms+3ms
07-01 20:40:04.476 14804 14848 D dalvikvm: GC_FOR_ALLOC freed 395K, 8% free 10480K/11335K, paused 21ms
07-01 20:40:05.281 14804 14806 D dalvikvm: GC_CONCURRENT freed 195K, 6% free 10674K/11335K, paused 2ms+2ms
