07-01 20:40:06.050 14804 14848 D dalvikvm: GC_FOR_ALLOC freed 525K, 8% free 10481K/11335K, paused 32ms
07-01 20:40:07.269 14804 14806 D dalvikvm: GC_CONCURRENT freed 332K, 7% free 10607K/11335K, paused 2ms+2ms
07-01 20:40:08.179   345   345 D SAN_SERVICE: *******************************************
07-01 20:40:08.179   345   345 D SAN_SERVICE: DM App Phone Service State - 0
07-01 20:40:08.179   345   345 D SAN_SERVICE: *******************************************
07-01 20:40:08.468 14804 14848 D dalvikvm: GC_FOR_ALLOC freed 400K, 8% free 10480K/11335K, paused 22ms
07-01 20:40:08.488   345   345 D SAN_SERVICE: *******************************************
07-01 20:40:08.488   345   345 D SAN_SERVICE: DM App Phone Service State - 0
07-01 20:40:08.488   345   345 D SAN_SERVICE: *******************************************
07-01 20:40:09.050 14804 14806 D dalvikvm: GC_CONCURRENT freed 205K, 6% free 10669K/11335K, paused 2ms+3ms
07-01 20:40:09.156   345   345 D SAN_SERVICE: *******************************************
07-01 20:40:09.156   345   345 D SAN_SERVICE: DM App Phone Service State - 0
07-01 20:40:09.156   345   345 D SAN_SERVICE: *******************************************
07-01 20:40:10.203 14804 14848 D dalvikvm: GC_FOR_ALLOC freed 404K, 8% free 10480K/11335K, paused 21ms
07-01 20:40:10.609 14804 14806 D dalvikvm: GC_CONCURRENT freed 205K, 6% free 10669K/11335K, paused 2ms+3ms
07-01 20:40:11.918 14804 14848 D dalvikvm: GC_FOR_ALLOC freed 400K, 8% free 10480K/11335K, paused 21ms
07-01 20:40:12.386 14804 14806 D dalvikvm: GC_CONCURRENT freed 341K, 8% free 10538K/11335K, paused 2ms+3ms
07-01 20:40:13.488 14804 14806 D dalvikvm: GC_CONCURRENT freed 272K, 6% free 10669K/11335K, paused 3ms+2ms
07-01 20:40:14.621 14804 14848 D dalvikvm: GC_FOR_ALLOC freed 400K, 8% free 10480K/11335K, paused 30ms
07-01 20:40:15.367 14804 14806 D dalvikvm: GC_CONCURRENT freed 205K, 6% free 10669K/11335K, paused 23ms+2ms
07-01 20:40:16.343 14804 14848 D dalvikvm: GC_FOR_ALLOC freed 400K, 8% free 10526K/11335K, paused 21ms
07-01 20:40:17.363 14804 14806 D dalvikvm: GC_CONCURRENT freed 413K, 8% free 10526K/11335K, paused 2ms+2ms
07-01 20:40:18.902 14804 14806 D dalvikvm: GC_CONCURRENT freed 416K, 8% free 10537K/11335K, paused 3ms+2ms
07-01 20:40:19.949 14804 14848 D dalvikvm: GC_FOR_ALLOC freed 405K, 8% free 10480K/11335K, paused 43ms
07-01 20:40:20.046   145   200 D DhcpInfoInternal: makeLinkProperties with empty dns2!
07-01 20:40:20.046   145   200 D DhcpInfoInternal: makeLinkProperties with empty dns2!
07-01 20:40:20.250 14804 14806 D dalvikvm: GC_CONCURRENT freed 205K, 6% free 10669K/11335K, paused 21ms+3ms
07-01 20:40:21.210 14804 14848 D dalvikvm: GC_FOR_ALLOC freed 466K, 8% free 10480K/11335K, paused 24ms
07-01 20:40:22.386 14804 14806 D dalvikvm: GC_CONCURRENT freed 363K, 7% free 10543K/11335K, paused 2ms+2ms
07-01 20:40:23.082 14804 14848 D dalvikvm: GC_FOR_ALLOC freed 205K, 7% free 10607K/11335K, paused 21ms
07-01 20:40:23.519   345   345 D SAN_SERVICE: *******************************************
07-01 20:40:23.519   345   345 D SAN_SERVICE: DM App Phone Service State - 0
07-01 20:40:23.519   345   345 D SAN_SERVICE: *******************************************
07-01 20:40:23.824   345   345 D SAN_SERVICE: *******************************************
07-01 20:40:23.824   345   345 D SAN_SERVICE: DM App Phone Service State - 0
07-01 20:40:23.824   345   345 D SAN_SERVICE: *******************************************
07-01 20:40:24.128 14804 14848 D dalvikvm: GC_FOR_ALLOC freed 400K, 8% free 10480K/11335K, paused 21ms
07-01 20:40:24.289   345   345 D SAN_SERVICE: *******************************************
07-01 20:40:24.289   345   345 D SAN_SERVICE: DM App Phone Service State - 0
07-01 20:40:24.289   345   345 D SAN_SERVICE: *******************************************
07-01 20:40:24.644 14804 14806 D dalvikvm: GC_CONCURRENT freed 205K, 6% free 10669K/11335K, paused 2ms+3ms
07-01 20:40:25.683 14804 14848 D dalvikvm: GC_FOR_ALLOC freed 202K, 7% free 10609K/11335K, paused 26ms
07-01 20:40:26.738 14804 14848 D dalvikvm: GC_FOR_ALLOC freed 413K, 8% free 10538K/11335K, paused 65ms
07-01 20:40:27.722 14804 14806 D dalvikvm: GC_CONCURRENT freed 434K, 8% free 10531K/11335K, paused 2ms+3ms
07-01 20:40:28.593 14804 14806 D dalvikvm: GC_CONCURRENT freed 406K, 8% free 10510K/11335K, paused 6ms+3ms
07-01 20:40:29.539 14804 14806 D dalvikvm: GC_CONCURRENT freed 346K, 7% free 10575K/11335K, paused 22ms+3ms
07-01 20:40:30.535 14804 14806 D dalvikvm: GC_CONCURRENT freed 423K, 7% free 10545K/11335K, paused 29ms+3ms
07-01 20:40:31.496 14804 14806 D dalvikvm: GC_CONCURRENT freed 343K, 7% free 10592K/11335K, paused 2ms+2ms
07-01 20:40:33.769   345   345 D SAN_SERVICE: *******************************************
07-01 20:40:33.769   345   345 D SAN_SERVICE: DM App Phone Service State - 0
07-01 20:40:33.769   345   345 D SAN_SERVICE: *******************************************
07-01 20:40:33.785 14804 14848 D dalvikvm: GC_FOR_ALLOC freed 434K, 8% free 10541K/11335K, paused 83ms
07-01 20:40:34.066   345   345 D SAN_SERVICE: *******************************************
07-01 20:40:34.066   345   345 D SAN_SERVICE: DM App Phone Service State - 0
07-01 20:40:34.066   345   345 D SAN_SERVICE: *******************************************
07-01 20:40:34.460 14804 14806 D dalvikvm: GC_CONCURRENT freed 418K, 7% free 10559K/11335K, paused 2ms+3ms
07-01 20:40:34.781   345   345 D SAN_SERVICE: *******************************************
07-01 20:40:34.781   345   345 D SAN_SERVICE: DM App Phone Service State - 0
07-01 20:40:34.781   345   345 D SAN_SERVICE: *******************************************
07-01 20:40:35.363 14804 14806 D dalvikvm: GC_CONCURRENT freed 392K, 7% free 10576K/11335K, paused 2ms+2ms
07-01 20:40:36.386 14804 14848 D dalvikvm: GC_FOR_ALLOC freed 410K, 8% free 10528K/11335K, paused 22ms
07-01 20:40:36.441 14875 14876 D dalvikvm: GC_CONCURRENT freed 513K, 6% free 10246K/10887K, paused 16ms+2ms
07-01 20:40:36.585 13246 13248 D dalvikvm: GC_CONCURRENT freed 477K, 8% free 10146K/10951K, paused 1ms+10ms
07-01 20:40:37.460 14804 14806 D dalvikvm: GC_CONCURRENT freed 417K, 8% free 10528K/11335K, paused 27ms+2ms
07-01 20:40:38.507 14804 14806 D dalvikvm: GC_CONCURRENT freed 414K, 8% free 10528K/11335K, paused 21ms+2ms
07-01 20:40:39.500 14804 14806 D dalvikvm: GC_CONCURRENT freed 404K, 8% free 10528K/11335K, paused 22ms+2ms
07-01 20:40:40.445 14804 14806 D dalvikvm: GC_CONCURRENT freed 404K, 8% free 10528K/11335K, paused 3ms+3ms
07-01 20:40:41.492 14804 14806 D dalvikvm: GC_CONCURRENT freed 407K, 8% free 10536K/11335K, paused 3ms+2ms
07-01 20:40:42.121 14804 14806 D dalvikvm: GC_CONCURRENT freed 431K, 8% free 10491K/11335K, paused 2ms+3ms
07-01 20:40:43.437 14804 14806 D dalvikvm: GC_CONCURRENT freed 308K, 7% free 10596K/11335K, paused 22ms+3ms
07-01 20:40:44.753 14804 14848 D dalvikvm: GC_FOR_ALLOC freed 406K, 8% free 10480K/11335K, paused 27ms
07-01 20:40:45.941 14804 14806 D dalvikvm: GC_CONCURRENT freed 356K, 8% free 10537K/11335K, paused 21ms+2ms
07-01 20:40:46.777 14804 14806 D dalvikvm: GC_CONCURRENT freed 427K, 8% free 10535K/11335K, paused 2ms+2ms
07-01 20:40:47.816 14804 14806 D dalvikvm: GC_CONCURRENT freed 424K, 8% free 10517K/11335K, paused 11ms+3ms
07-01 20:40:48.558 14804 14806 D dalvikvm: GC_CONCURRENT freed 420K, 8% free 10481K/11335K, paused 2ms+2ms
07-01 20:40:49.550 14804 14806 D dalvikvm: GC_CONCURRENT freed 352K, 7% free 10552K/11335K, paused 2ms+3ms
07-01 20:40:50.539 14804 14848 D dalvikvm: GC_FOR_ALLOC freed 353K, 7% free 10572K/11335K, paused 21ms
07-01 20:40:52.257 14804 14806 D dalvikvm: GC_CONCURRENT freed 471K, 8% free 10490K/11335K, paused 43ms+4ms
07-01 20:40:53.746 14804 14806 D dalvikvm: GC_CONCURRENT freed 371K, 7% free 10575K/11335K, paused 21ms+2ms
07-01 20:40:54.515 14804 14848 D dalvikvm: GC_FOR_ALLOC freed 420K, 8% free 10512K/11335K, paused 53ms
07-01 20:40:55.367 14804 14806 D dalvikvm: GC_CONCURRENT freed 415K, 8% free 10482K/11335K, paused 2ms+2ms
07-01 20:40:56.433 14804 14806 D dalvikvm: GC_CONCURRENT freed 337K, 7% free 10554K/11335K, paused 24ms+2ms
07-01 20:40:57.382 14804 14806 D dalvikvm: GC_CONCURRENT freed 409K, 8% free 10530K/11335K, paused 4ms+5ms
07-01 20:40:58.449 14804 14806 D dalvikvm: GC_CONCURRENT freed 409K, 8% free 10530K/11335K, paused 24ms+7ms
07-01 20:40:59.457   345   345 D SAN_SERVICE: *******************************************
07-01 20:40:59.457   345   345 D SAN_SERVICE: DM App Phone Service State - 0
07-01 20:40:59.457   345   345 D SAN_SERVICE: *******************************************
07-01 20:40:59.503 14804 14806 D dalvikvm: GC_CONCURRENT freed 365K, 7% free 10559K/11335K, paused 21ms+2ms
07-01 20:41:00.128   345   345 D SAN_SERVICE: *******************************************
07-01 20:41:00.128   345   345 D SAN_SERVICE: DM App Phone Service State - 0
07-01 20:41:00.128   345   345 D SAN_SERVICE: *******************************************
07-01 20:41:00.230   145   147 D dalvikvm: GC_CONCURRENT freed 1945K, 24% free 16588K/21639K, paused 6ms+49ms
07-01 20:41:00.316 14804 14806 D dalvikvm: GC_CONCURRENT freed 463K, 7% free 10560K/11335K, paused 2ms+3ms
07-01 20:41:01.168 14613 14627 D GetStringObjTask: retrieving from url = http://www.chess.com/api/get_move_status?id=y3ICtufzg6w7rQqcD3KFujVaIanpYba4bIpaeKElV1LNz3Sz4Fk9Yh5CeWaj8h4bQ2RY0CxFVgA%2ByBE5DE%2B1cAuw4i%2Bp2GVj5RbuDPEUotReGbS25iAukuBsuUd%2Fl5dp
07-01 20:41:01.390 14804 14806 D dalvikvm: GC_CONCURRENT freed 432K, 8% free 10532K/11335K, paused 34ms+2ms
07-01 20:41:01.593 14613 14627 D GetStringObjTask: WebRequest SERVER RESPONSE: Success+0
07-01 20:41:02.308 14804 14806 D dalvikvm: GC_CONCURRENT freed 427K, 8% free 10502K/11335K, paused 2ms+3ms
07-01 20:41:03.359 14804 14806 D dalvikvm: GC_CONCURRENT freed 404K, 8% free 10517K/11335K, paused 2ms+4ms
07-01 20:41:04.152 14804 14806 D dalvikvm: GC_CONCURRENT freed 422K, 8% free 10484K/11335K, paused 2ms+7ms
07-01 20:41:05.433 14804 14806 D dalvikvm: GC_CONCURRENT freed 379K, 8% free 10523K/11335K, paused 21ms+3ms
07-01 20:41:06.332 14804 14806 D dalvikvm: GC_CONCURRENT freed 306K, 7% free 10626K/11335K, paused 2ms+3ms
07-01 20:41:07.519 14804 14848 D dalvikvm: GC_FOR_ALLOC freed 415K, 8% free 10480K/11335K, paused 21ms
07-01 20:41:07.960 14804 14806 D dalvikvm: GC_CONCURRENT freed 215K, 6% free 10656K/11335K, paused 3ms+3ms
07-01 20:41:09.109 14804 14848 D dalvikvm: GC_FOR_ALLOC freed 421K, 8% free 10541K/11335K, paused 21ms
07-01 20:41:10.351 14804 14848 D dalvikvm: GC_FOR_ALLOC freed 424K, 8% free 10480K/11335K, paused 21ms
07-01 20:41:10.859 14804 14806 D dalvikvm: GC_CONCURRENT freed 205K, 6% free 10669K/11335K, paused 2ms+3ms
07-01 20:41:11.933 14804 14848 D dalvikvm: GC_FOR_ALLOC freed 400K, 8% free 10480K/11335K, paused 21ms
07-01 20:41:12.500 14804 14806 D dalvikvm: GC_CONCURRENT freed 205K, 6% free 10669K/11335K, paused 2ms+2ms
07-01 20:41:13.562 14804 14848 D dalvikvm: GC_FOR_ALLOC freed 404K, 8% free 10480K/11335K, paused 22ms
07-01 20:41:14.207 14804 14806 D dalvikvm: GC_CONCURRENT freed 205K, 6% free 10669K/11335K, paused 2ms+2ms
07-01 20:41:15.312 14804 14848 D dalvikvm: GC_FOR_ALLOC freed 405K, 8% free 10480K/11335K, paused 22ms
07-01 20:41:15.839 14804 14806 D dalvikvm: GC_CONCURRENT freed 210K, 6% free 10669K/11335K, paused 2ms+3ms
07-01 20:41:16.625 14804 14848 D dalvikvm: GC_FOR_ALLOC freed 202K, 7% free 10607K/11335K, paused 21ms
07-01 20:41:17.660 14804 14848 D dalvikvm: GC_FOR_ALLOC freed 399K, 8% free 10521K/11335K, paused 37ms
07-01 20:41:18.691 14804 14806 D dalvikvm: GC_CONCURRENT freed 262K, 6% free 10670K/11335K, paused 20ms+2ms
07-01 20:41:19.566 14804 14848 D dalvikvm: GC_FOR_ALLOC freed 401K, 8% free 10480K/11335K, paused 61ms
07-01 20:41:19.871 14804 14806 D dalvikvm: GC_CONCURRENT freed 374K, 8% free 10500K/11335K, paused 3ms+2ms
07-01 20:41:20.996 14804 14806 D dalvikvm: GC_CONCURRENT freed 404K, 8% free 10500K/11335K, paused 2ms+2ms
07-01 20:41:21.328 14900 14913 I PhoneLab-: Service Running
07-01 20:41:21.468 14900 14913 I PhoneLab-LoggerService: app_37    1360  1     1436   1000  c00f181c 400107b4 S logcat
07-01 20:41:21.468 14900 14913 I PhoneLab-LoggerService: Logcat pid from database 1360
07-01 20:41:21.468 14900 14913 I PhoneLab-LoggerService: Logcat process found 1360
07-01 20:41:21.468 14900 14913 I PhoneLab-LoggerService: Checking Threshold
07-01 20:41:21.468 14900 14913 I PhoneLab-LoggerService: Starting to rename files
07-01 20:41:21.468 14900 14913 I PhoneLab-LoggerService: Files found .. 2
07-01 20:41:21.472 14900 14913 I PhoneLab-LoggerService: File 1 log.out.1
07-01 20:41:21.484 14900 14913 I PhoneLab-LoggerService: Renamed successfully
07-01 20:41:22.078 14804 14848 D dalvikvm: GC_FOR_ALLOC freed 248K, 7% free 10600K/11335K, paused 23ms
07-01 20:41:23.203 14804 14848 D dalvikvm: GC_FOR_ALLOC freed 402K, 8% free 10480K/11335K, paused 21ms
07-01 20:41:24.644 14804 14806 D dalvikvm: GC_CONCURRENT freed 385K, 8% free 10499K/11335K, paused 3ms+3ms
07-01 20:41:25.589 14804 14806 D dalvikvm: GC_CONCURRENT freed 397K, 8% free 10533K/11335K, paused 23ms+2ms
07-01 20:41:26.359 14804 14806 D dalvikvm: GC_CONCURRENT freed 420K, 8% free 10512K/11335K, paused 3ms+3ms
07-01 20:41:27.355 14804 14806 D dalvikvm: GC_CONCURRENT freed 404K, 8% free 10537K/11335K, paused 2ms+2ms
07-01 20:41:28.382 14804 14806 D dalvikvm: GC_CONCURRENT freed 418K, 8% free 10529K/11335K, paused 31ms+2ms
07-01 20:41:29.359 14804 14806 D dalvikvm: GC_CONCURRENT freed 375K, 7% free 10573K/11335K, paused 3ms+4ms
07-01 20:41:30.785 14804 14848 D dalvikvm: GC_FOR_ALLOC freed 416K, 8% free 10480K/11335K, paused 21ms
07-01 20:41:31.101 14804 14806 D dalvikvm: GC_CONCURRENT freed 212K, 6% free 10662K/11335K, paused 2ms+2ms
07-01 20:41:32.214 14804 14848 D dalvikvm: GC_FOR_ALLOC freed 404K, 8% free 10480K/11335K, paused 21ms
07-01 20:41:32.839 14804 14806 D dalvikvm: GC_CONCURRENT freed 197K, 6% free 10669K/11335K, paused 2ms+3ms
07-01 20:41:33.851 14804 14848 D dalvikvm: GC_FOR_ALLOC freed 400K, 8% free 10480K/11335K, paused 21ms
07-01 20:41:34.777 14804 14806 D dalvikvm: GC_CONCURRENT freed 212K, 6% free 10662K/11335K, paused 25ms+2ms
07-01 20:41:35.710 14804 14848 D dalvikvm: GC_FOR_ALLOC freed 410K, 8% free 10480K/11335K, paused 21ms
07-01 20:41:36.203 14804 14806 D dalvikvm: GC_CONCURRENT freed 358K, 8% free 10516K/11335K, paused 3ms+2ms
07-01 20:41:36.875 14875 14876 D dalvikvm: GC_CONCURRENT freed 407K, 6% free 10293K/10887K, paused 13ms+3ms
07-01 20:41:37.410 14804 14848 D dalvikvm: GC_FOR_ALLOC freed 288K, 7% free 10607K/11335K, paused 23ms
07-01 20:41:38.406 14804 14848 D dalvikvm: GC_FOR_ALLOC freed 415K, 8% free 10480K/11335K, paused 25ms
07-01 20:41:39.121 14804 14806 D dalvikvm: GC_CONCURRENT freed 384K, 8% free 10496K/11335K, paused 2ms+2ms
07-01 20:41:40.132 14804 14806 D dalvikvm: GC_CONCURRENT freed 396K, 8% free 10508K/11335K, paused 3ms+2ms
07-01 20:41:41.226 14804 14848 D dalvikvm: GC_FOR_ALLOC freed 246K, 7% free 10607K/11335K, paused 21ms
07-01 20:41:42.238 14804 14848 D dalvikvm: GC_FOR_ALLOC freed 400K, 8% free 10480K/11335K, paused 21ms
07-01 20:41:42.984 14804 14806 D dalvikvm: GC_CONCURRENT freed 205K, 6% free 10669K/11335K, paused 2ms+2ms
07-01 20:41:44.222 14804 14848 D dalvikvm: GC_FOR_ALLOC freed 400K, 8% free 10480K/11335K, paused 23ms
07-01 20:41:44.515 14804 14806 D dalvikvm: GC_CONCURRENT freed 205K, 6% free 10669K/11335K, paused 2ms+3ms
07-01 20:41:45.714 14804 14848 D dalvikvm: GC_FOR_ALLOC freed 400K, 8% free 10480K/11335K, paused 21ms
07-01 20:41:46.257 14804 14806 D dalvikvm: GC_CONCURRENT freed 205K, 6% free 10669K/11335K, paused 2ms+2ms
07-01 20:41:47.359 14804 14848 D dalvikvm: GC_FOR_ALLOC freed 400K, 8% free 10480K/11335K, paused 21ms
07-01 20:41:47.894 14804 14806 D dalvikvm: GC_CONCURRENT freed 205K, 6% free 10669K/11335K, paused 2ms+3ms
07-01 20:41:49.000 14804 14848 D dalvikvm: GC_FOR_ALLOC freed 400K, 8% free 10480K/11335K, paused 21ms
07-01 20:41:49.738 14804 14806 D dalvikvm: GC_CONCURRENT freed 205K, 6% free 10669K/11335K, paused 2ms+3ms
07-01 20:41:51.234 14804 14848 D dalvikvm: GC_FOR_ALLOC freed 497K, 8% free 10502K/11335K, paused 31ms
07-01 20:41:52.062 14804 14806 D dalvikvm: GC_CONCURRENT freed 392K, 8% free 10533K/11335K, paused 2ms+3ms
07-01 20:41:52.843 14804 14806 D dalvikvm: GC_CONCURRENT freed 393K, 8% free 10534K/11335K, paused 22ms+2ms
07-01 20:41:53.519 14804 14806 D dalvikvm: GC_CONCURRENT freed 367K, 7% free 10568K/11335K, paused 3ms+3ms
07-01 20:41:54.382 14804 14806 D dalvikvm: GC_CONCURRENT freed 439K, 8% free 10519K/11335K, paused 5ms+2ms
07-01 20:41:55.343 14804 14806 D dalvikvm: GC_CONCURRENT freed 414K, 8% free 10496K/11335K, paused 3ms+3ms
07-01 20:41:56.402 14804 14806 D dalvikvm: GC_CONCURRENT freed 328K, 7% free 10587K/11335K, paused 2ms+2ms
07-01 20:41:57.613 14804 14848 D dalvikvm: GC_FOR_ALLOC freed 409K, 8% free 10480K/11335K, paused 21ms
07-01 20:41:58.652 14804 14806 D dalvikvm: GC_CONCURRENT freed 369K, 8% free 10514K/11335K, paused 2ms+3ms
07-01 20:41:59.773 14804 14806 D dalvikvm: GC_CONCURRENT freed 407K, 8% free 10514K/11335K, paused 2ms+2ms
07-01 20:42:00.257 15091 15093 D dalvikvm: GC_CONCURRENT freed 556K, 7% free 9879K/10567K, paused 26ms+3ms
07-01 20:42:00.953 14804 14806 D dalvikvm: GC_CONCURRENT freed 409K, 8% free 10515K/11335K, paused 2ms+2ms
07-01 20:42:01.527 14804 14848 D dalvikvm: GC_FOR_ALLOC freed 211K, 7% free 10607K/11335K, paused 21ms
07-01 20:42:02.527 14804 14848 D dalvikvm: GC_FOR_ALLOC freed 400K, 8% free 10480K/11335K, paused 21ms
07-01 20:42:03.242 14804 14806 D dalvikvm: GC_CONCURRENT freed 233K, 7% free 10641K/11335K, paused 2ms+3ms
07-01 20:42:04.261 14804 14848 D dalvikvm: GC_FOR_ALLOC freed 400K, 8% free 10533K/11335K, paused 22ms
07-01 20:42:05.406 14804 14806 D dalvikvm: GC_CONCURRENT freed 404K, 8% free 10533K/11335K, paused 2ms+3ms
07-01 20:42:06.738 14804 14806 D dalvikvm: GC_CONCURRENT freed 404K, 8% free 10533K/11335K, paused 2ms+3ms
07-01 20:42:07.785 14804 14806 D dalvikvm: GC_CONCURRENT freed 403K, 8% free 10533K/11335K, paused 2ms+2ms
07-01 20:42:08.816 14804 14806 D dalvikvm: GC_CONCURRENT freed 412K, 8% free 10533K/11335K, paused 2ms+2ms
07-01 20:42:10.527 14804 14848 D dalvikvm: GC_FOR_ALLOC freed 409K, 8% free 10480K/11335K, paused 26ms
07-01 20:42:10.804 14804 14806 D dalvikvm: GC_CONCURRENT freed 345K, 8% free 10525K/11335K, paused 2ms+2ms
07-01 20:42:11.136   145   147 D dalvikvm: GC_CONCURRENT freed 1959K, 24% free 16498K/21639K, paused 3ms+7ms
07-01 20:42:12.187 14804 14806 D dalvikvm: GC_CONCURRENT freed 425K, 8% free 10487K/11335K, paused 51ms+5ms
07-01 20:42:12.988 14804 14806 D dalvikvm: GC_CONCURRENT freed 363K, 8% free 10528K/11335K, paused 9ms+2ms
07-01 20:42:13.753 14804 14806 D dalvikvm: GC_CONCURRENT freed 431K, 8% free 10488K/11335K, paused 2ms+2ms
07-01 20:42:14.925 14804 14806 D dalvikvm: GC_CONCURRENT freed 337K, 7% free 10592K/11335K, paused 2ms+4ms
07-01 20:42:16.250 14804 14848 D dalvikvm: GC_FOR_ALLOC freed 426K, 8% free 10480K/11335K, paused 22ms
07-01 20:42:16.812 14804 14806 D dalvikvm: GC_CONCURRENT freed 227K, 7% free 10652K/11335K, paused 2ms+2ms
07-01 20:42:17.890 14804 14848 D dalvikvm: GC_FOR_ALLOC freed 407K, 8% free 10539K/11335K, paused 22ms
07-01 20:42:18.707    81   129 D AudioHardware: AudioHardware pcm playback is exiting standby.
07-01 20:42:18.707    81   129 D AudioHardware: openPcmOut_l() mPcmOpenCnt: 0
07-01 20:42:18.738   145 22722 I AudioService:  AudioFocus  requestAudioFocus() from android.media.AudioManager@4136dcd0com.spotify.mobile.android.service.s@41375b80
07-01 20:42:18.746 12856 12873 D ActivityThread: Loading provider com.spotify.mobile.android: com.spotify.mobile.android.provider.SpotifyProvider
07-01 20:42:18.882 12856 12856 D dalvikvm: GC_FOR_ALLOC freed 305K, 9% free 10597K/11591K, paused 62ms
07-01 20:42:18.910 12856 12856 D dalvikvm: GC_FOR_ALLOC freed 348K, 9% free 10596K/11591K, paused 15ms
07-01 20:42:18.964 14804 14848 D dalvikvm: GC_FOR_ALLOC freed 393K, 8% free 10480K/11335K, paused 24ms
07-01 20:42:19.226 12856 12858 D dalvikvm: GC_CONCURRENT freed 425K, 9% free 10596K/11591K, paused 7ms+2ms
07-01 20:42:19.597 14804 14806 D dalvikvm: GC_CONCURRENT freed 307K, 7% free 10572K/11335K, paused 2ms+3ms
07-01 20:42:20.605 14804 14848 D dalvikvm: GC_FOR_ALLOC freed 410K, 8% free 10510K/11335K, paused 59ms
07-01 20:42:21.668 14804 14806 D dalvikvm: GC_CONCURRENT freed 370K, 7% free 10635K/11335K, paused 3ms+3ms
07-01 20:42:23.082 14804 14848 D dalvikvm: GC_FOR_ALLOC freed 532K, 8% free 10505K/11335K, paused 39ms
07-01 20:42:24.070 14804 14806 D dalvikvm: GC_CONCURRENT freed 399K, 8% free 10516K/11335K, paused 2ms+3ms
07-01 20:42:25.140 14804 14806 D dalvikvm: GC_CONCURRENT freed 422K, 8% free 10503K/11335K, paused 6ms+2ms
07-01 20:42:26.238 14804 14806 D dalvikvm: GC_CONCURRENT freed 409K, 8% free 10490K/11335K, paused 2ms+4ms
07-01 20:42:26.691 14804 14806 D dalvikvm: GC_CONCURRENT freed 350K, 8% free 10533K/11335K, paused 2ms+3ms
07-01 20:42:27.816 14804 14848 D dalvikvm: GC_FOR_ALLOC freed 299K, 7% free 10607K/11335K, paused 22ms
07-01 20:42:28.582 14804 14848 D dalvikvm: GC_FOR_ALLOC freed 202K, 7% free 10607K/11335K, paused 21ms
07-01 20:42:29.625 14804 14848 D dalvikvm: GC_FOR_ALLOC freed 517K, 8% free 10486K/11335K, paused 37ms
07-01 20:42:30.812 14804 14806 D dalvikvm: GC_CONCURRENT freed 333K, 7% free 10610K/11335K, paused 2ms+3ms
07-01 20:42:32.058 14804 14848 D dalvikvm: GC_FOR_ALLOC freed 404K, 8% free 10480K/11335K, paused 38ms
07-01 20:42:32.398 14804 14806 D dalvikvm: GC_CONCURRENT freed 329K, 8% free 10541K/11335K, paused 3ms+2ms
07-01 20:42:33.507 14804 14806 D dalvikvm: GC_CONCURRENT freed 426K, 8% free 10512K/11335K, paused 3ms+3ms
07-01 20:42:33.808 12856 12873 D dalvikvm: GC_EXPLICIT freed 14K, 9% free 10588K/11591K, paused 6ms+3ms
07-01 20:42:34.132   145   157 D dalvikvm: GC_EXPLICIT freed 1026K, 24% free 16479K/21639K, paused 8ms+9ms
07-01 20:42:34.168 12856 12858 D dalvikvm: GC_CONCURRENT freed 353K, 8% free 10671K/11591K, paused 1ms+2ms
07-01 20:42:34.777 12840 12842 D dalvikvm: GC_CONCURRENT freed 1336K, 10% free 14282K/15751K, paused 2ms+6ms
07-01 20:42:34.918 14804 14806 D dalvikvm: GC_CONCURRENT freed 298K, 7% free 10609K/11335K, paused 37ms+3ms
07-01 20:42:35.890 14804 14848 D dalvikvm: GC_FOR_ALLOC freed 395K, 8% free 10480K/11335K, paused 73ms
07-01 20:42:36.503 14804 14806 D dalvikvm: GC_CONCURRENT freed 213K, 6% free 10669K/11335K, paused 3ms+3ms
07-01 20:42:36.707 14875 14876 D dalvikvm: GC_CONCURRENT freed 410K, 5% free 10395K/10887K, paused 4ms+4ms
07-01 20:42:36.933 13246 13248 D dalvikvm: GC_CONCURRENT freed 487K, 8% free 10170K/10951K, paused 7ms+3ms
07-01 20:42:37.515 14804 14848 D dalvikvm: GC_FOR_ALLOC freed 492K, 8% free 10489K/11335K, paused 40ms
07-01 20:42:38.074 14804 14806 D dalvikvm: GC_CONCURRENT freed 382K, 8% free 10496K/11335K, paused 4ms+3ms
07-01 20:42:39.097 14804 14806 D dalvikvm: GC_CONCURRENT freed 246K, 7% free 10643K/11335K, paused 3ms+3ms
07-01 20:42:39.976 14804 14848 D dalvikvm: GC_FOR_ALLOC freed 207K, 7% free 10607K/11335K, paused 21ms
07-01 20:42:41.031 14804 14848 D dalvikvm: GC_FOR_ALLOC freed 400K, 8% free 10480K/11335K, paused 81ms
07-01 20:42:41.421 14804 14806 D dalvikvm: GC_CONCURRENT freed 205K, 6% free 10669K/11335K, paused 2ms+3ms
07-01 20:42:43.144 14804 14848 D dalvikvm: GC_FOR_ALLOC freed 400K, 8% free 10515K/11335K, paused 36ms
07-01 20:42:44.574 14804 14806 D dalvikvm: GC_CONCURRENT freed 408K, 8% free 10541K/11335K, paused 3ms+31ms
07-01 20:42:45.066   145   200 D DhcpInfoInternal: makeLinkProperties with empty dns2!
07-01 20:42:45.066   145   200 D DhcpInfoInternal: makeLinkProperties with empty dns2!
07-01 20:42:45.613 14804 14806 D dalvikvm: GC_CONCURRENT freed 414K, 8% free 10521K/11335K, paused 5ms+2ms
07-01 20:42:46.562 14804 14806 D dalvikvm: GC_CONCURRENT freed 409K, 8% free 10500K/11335K, paused 2ms+2ms
07-01 20:42:47.429 14804 14806 D dalvikvm: GC_CONCURRENT freed 404K, 8% free 10484K/11335K, paused 4ms+2ms
07-01 20:42:48.175 14804 14806 D dalvikvm: GC_CONCURRENT freed 327K, 7% free 10556K/11335K, paused 25ms+2ms
07-01 20:42:49.136 14804 14848 D dalvikvm: GC_FOR_ALLOC freed 405K, 8% free 10505K/11335K, paused 79ms
07-01 20:42:50.242 14804 14806 D dalvikvm: GC_CONCURRENT freed 409K, 8% free 10505K/11335K, paused 2ms+7ms
07-01 20:42:51.027 14804 14848 D dalvikvm: GC_FOR_ALLOC freed 241K, 7% free 10589K/11335K, paused 22ms
07-01 20:42:52.097 14804 14848 D dalvikvm: GC_FOR_ALLOC freed 400K, 8% free 10508K/11335K, paused 22ms
07-01 20:42:53.027 14804 14806 D dalvikvm: GC_CONCURRENT freed 409K, 8% free 10508K/11335K, paused 26ms+2ms
07-01 20:42:53.937 14804 14806 D dalvikvm: GC_CONCURRENT freed 312K, 7% free 10587K/11335K, paused 2ms+3ms
07-01 20:42:54.914 14804 14848 D dalvikvm: GC_FOR_ALLOC freed 424K, 8% free 10516K/11335K, paused 26ms
07-01 20:42:55.652 14804 14806 D dalvikvm: GC_CONCURRENT freed 393K, 8% free 10522K/11335K, paused 2ms+3ms
07-01 20:42:56.863 14804 14848 D dalvikvm: GC_FOR_ALLOC freed 257K, 7% free 10607K/11335K, paused 21ms
07-01 20:42:57.300 14804 14848 D dalvikvm: GC_FOR_ALLOC freed 202K, 7% free 10607K/11335K, paused 21ms
07-01 20:42:58.300 14804 14848 D dalvikvm: GC_FOR_ALLOC freed 400K, 8% free 10480K/11335K, paused 22ms
07-01 20:42:58.949 14804 14806 D dalvikvm: GC_CONCURRENT freed 205K, 6% free 10669K/11335K, paused 2ms+3ms
07-01 20:43:00.031 14804 14848 D dalvikvm: GC_FOR_ALLOC freed 405K, 8% free 10480K/11335K, paused 44ms
07-01 20:43:01.214 14804 14806 D dalvikvm: GC_CONCURRENT freed 343K, 8% free 10524K/11335K, paused 2ms+2ms
07-01 20:43:02.742 14804 14806 D dalvikvm: GC_CONCURRENT freed 413K, 8% free 10503K/11335K, paused 2ms+4ms
07-01 20:43:04.191 14804 14806 D dalvikvm: GC_CONCURRENT freed 337K, 7% free 10554K/11335K, paused 2ms+2ms
07-01 20:43:04.863 14804 14806 D dalvikvm: GC_CONCURRENT freed 437K, 8% free 10519K/11335K, paused 2ms+2ms
07-01 20:43:07.425 14804 14848 D dalvikvm: GC_FOR_ALLOC freed 347K, 7% free 10544K/11335K, paused 42ms
07-01 20:43:08.480 14804 14848 D dalvikvm: GC_FOR_ALLOC freed 394K, 8% free 10480K/11335K, paused 30ms
07-01 20:43:09.492 14804 14806 D dalvikvm: GC_CONCURRENT freed 200K, 6% free 10673K/11335K, paused 2ms+2ms
07-01 20:43:10.464 14804 14848 D dalvikvm: GC_FOR_ALLOC freed 390K, 8% free 10480K/11335K, paused 77ms
07-01 20:43:10.601 14804 14806 D dalvikvm: GC_CONCURRENT freed 200K, 6% free 10673K/11335K, paused 3ms+3ms
07-01 20:43:11.625 14804 14848 D dalvikvm: GC_FOR_ALLOC freed 390K, 8% free 10480K/11335K, paused 60ms
07-01 20:43:12.441 14804 14806 D dalvikvm: GC_CONCURRENT freed 200K, 6% free 10673K/11335K, paused 5ms+2ms
07-01 20:43:13.468 14804 14848 D dalvikvm: GC_FOR_ALLOC freed 390K, 8% free 10480K/11335K, paused 24ms
07-01 20:43:13.597 14804 14806 D dalvikvm: GC_CONCURRENT freed 200K, 6% free 10673K/11335K, paused 2ms+2ms
07-01 20:43:14.597 14804 14848 D dalvikvm: GC_FOR_ALLOC freed 390K, 8% free 10480K/11335K, paused 57ms
07-01 20:43:15.496 14804 14806 D dalvikvm: GC_CONCURRENT freed 203K, 6% free 10673K/11335K, paused 4ms+3ms
07-01 20:43:16.464 14804 14848 D dalvikvm: GC_FOR_ALLOC freed 413K, 8% free 10528K/11335K, paused 23ms
07-01 20:43:17.503 14804 14806 D dalvikvm: GC_CONCURRENT freed 425K, 8% free 10504K/11335K, paused 3ms+2ms
07-01 20:43:18.339 14804 14806 D dalvikvm: GC_CONCURRENT freed 396K, 8% free 10508K/11335K, paused 2ms+3ms
07-01 20:43:18.949 14804 14806 D dalvikvm: GC_CONCURRENT freed 372K, 8% free 10535K/11335K, paused 4ms+7ms
07-01 20:43:20.039 14804 14806 D dalvikvm: GC_CONCURRENT freed 384K, 7% free 10544K/11335K, paused 26ms+3ms
07-01 20:43:20.648   145   147 D dalvikvm: GC_CONCURRENT freed 1818K, 24% free 16495K/21639K, paused 4ms+7ms
07-01 20:43:20.964 14804 14848 D dalvikvm: GC_FOR_ALLOC freed 406K, 8% free 10511K/11335K, paused 21ms
07-01 20:43:21.398    81   129 W AudioTrack: stepServer() could not lock cblk
07-01 20:43:21.398    81   129 W AudioTrack: stepServer() could not lock cblk
07-01 20:43:21.453 14900 14913 I PhoneLab-: Service Running
07-01 20:43:21.543 14900 14913 I PhoneLab-LoggerService: app_37    1360  1     1436   1000  c00f181c 400107b4 S logcat
07-01 20:43:21.543 14900 14913 I PhoneLab-LoggerService: Logcat pid from database 1360
07-01 20:43:21.543 14900 14913 I PhoneLab-LoggerService: Logcat process found 1360
07-01 20:43:21.543 14900 14913 I PhoneLab-LoggerService: Checking Threshold
07-01 20:43:21.543 14900 14913 I PhoneLab-LoggerService: Starting to rename files
07-01 20:43:21.546 14900 14913 I PhoneLab-LoggerService: Files found .. 2
07-01 20:43:22.039 14804 14806 D dalvikvm: GC_CONCURRENT freed 404K, 8% free 10511K/11335K, paused 24ms+3ms
07-01 20:43:23.011 14804 14806 D dalvikvm: GC_CONCURRENT freed 404K, 8% free 10511K/11335K, paused 2ms+2ms
07-01 20:43:24.070 14804 14806 D dalvikvm: GC_CONCURRENT freed 407K, 8% free 10511K/11335K, paused 2ms+20ms
07-01 20:43:25.031 14804 14806 D dalvikvm: GC_CONCURRENT freed 404K, 8% free 10511K/11335K, paused 2ms+3ms
07-01 20:43:25.968 14804 14806 D dalvikvm: GC_CONCURRENT freed 404K, 8% free 10511K/11335K, paused 2ms+3ms
07-01 20:43:27.027 14804 14806 D dalvikvm: GC_CONCURRENT freed 404K, 8% free 10511K/11335K, paused 2ms+2ms
07-01 20:43:28.058    81   129 W AudioTrack: stepServer() could not lock cblk
07-01 20:43:28.144 14804 14806 D dalvikvm: GC_CONCURRENT freed 404K, 8% free 10511K/11335K, paused 27ms+2ms
07-01 20:43:29.027 14804 14806 D dalvikvm: GC_CONCURRENT freed 404K, 8% free 10511K/11335K, paused 2ms+2ms
07-01 20:43:30.027 14804 14806 D dalvikvm: GC_CONCURRENT freed 404K, 8% free 10511K/11335K, paused 2ms+2ms
07-01 20:43:31.023 14804 14806 D dalvikvm: GC_CONCURRENT freed 404K, 8% free 10511K/11335K, paused 2ms+2ms
07-01 20:43:32.031 14804 14806 D dalvikvm: GC_CONCURRENT freed 407K, 8% free 10511K/11335K, paused 10ms+3ms
07-01 20:43:33.035 14804 14806 D dalvikvm: GC_CONCURRENT freed 407K, 8% free 10533K/11335K, paused 5ms+2ms
07-01 20:43:34.062 14804 14806 D dalvikvm: GC_CONCURRENT freed 414K, 8% free 10533K/11335K, paused 11ms+2ms
07-01 20:43:35.050 14804 14806 D dalvikvm: GC_CONCURRENT freed 414K, 8% free 10516K/11335K, paused 21ms+3ms
07-01 20:43:36.492 14804 14806 D dalvikvm: GC_CONCURRENT freed 410K, 8% free 10491K/11335K, paused 2ms+3ms
07-01 20:43:37.011 13246 13248 D dalvikvm: GC_CONCURRENT freed 415K, 8% free 10168K/10951K, paused 7ms+20ms
07-01 20:43:37.195 14804 14806 D dalvikvm: GC_CONCURRENT freed 385K, 7% free 10554K/11335K, paused 7ms+7ms
07-01 20:43:37.359 13246 13248 D dalvikvm: GC_CONCURRENT freed 277K, 7% free 10281K/10951K, paused 2ms+12ms
07-01 20:43:37.941 13246 13248 D dalvikvm: GC_CONCURRENT freed 338K, 5% free 10453K/10951K, paused 9ms+10ms
07-01 20:43:38.140 14804 14806 D dalvikvm: GC_CONCURRENT freed 459K, 8% free 10487K/11335K, paused 17ms+3ms
07-01 20:43:39.121 14804 14806 D dalvikvm: GC_CONCURRENT freed 325K, 7% free 10571K/11335K, paused 9ms+3ms
07-01 20:43:40.070 14804 14806 D dalvikvm: GC_CONCURRENT freed 460K, 7% free 10571K/11335K, paused 49ms+3ms
07-01 20:43:41.164 14804 14806 D dalvikvm: GC_CONCURRENT freed 401K, 7% free 10563K/11335K, paused 2ms+3ms
07-01 20:43:42.261 14804 14848 D dalvikvm: GC_FOR_ALLOC freed 456K, 8% free 10480K/11335K, paused 21ms
07-01 20:43:43.117 14804 14806 D dalvikvm: GC_CONCURRENT freed 309K, 7% free 10556K/11335K, paused 4ms+5ms
07-01 20:43:44.140 14804 14806 D dalvikvm: GC_CONCURRENT freed 449K, 7% free 10556K/11335K, paused 52ms+4ms
07-01 20:43:45.125 14804 14806 D dalvikvm: GC_CONCURRENT freed 434K, 8% free 10531K/11335K, paused 11ms+7ms
07-01 20:43:46.089 14804 14806 D dalvikvm: GC_CONCURRENT freed 415K, 8% free 10505K/11335K, paused 2ms+2ms
07-01 20:43:47.226 14804 14806 D dalvikvm: GC_CONCURRENT freed 297K, 7% free 10606K/11335K, paused 2ms+3ms
07-01 20:43:48.285 14804 14806 D dalvikvm: GC_CONCURRENT freed 520K, 8% free 10492K/11335K, paused 2ms+2ms
07-01 20:43:49.140 14804 14806 D dalvikvm: GC_CONCURRENT freed 394K, 8% free 10488K/11335K, paused 2ms+4ms
07-01 20:43:50.121 14804 14806 D dalvikvm: GC_CONCURRENT freed 381K, 8% free 10495K/11335K, paused 2ms+3ms
07-01 20:43:51.117 14804 14806 D dalvikvm: GC_CONCURRENT freed 392K, 8% free 10508K/11335K, paused 6ms+3ms
07-01 20:43:52.195 14804 14806 D dalvikvm: GC_CONCURRENT freed 368K, 8% free 10534K/11335K, paused 2ms+2ms
07-01 20:43:53.285 14804 14806 D dalvikvm: GC_CONCURRENT freed 433K, 8% free 10486K/11335K, paused 2ms+4ms
07-01 20:43:54.496 14804 14806 D dalvikvm: GC_CONCURRENT freed 390K, 8% free 10484K/11335K, paused 2ms+2ms
07-01 20:43:55.093 14804 14806 D dalvikvm: GC_CONCURRENT freed 209K, 6% free 10669K/11335K, paused 2ms+3ms
07-01 20:43:56.179 14804 14848 D dalvikvm: GC_FOR_ALLOC freed 431K, 8% free 10480K/11335K, paused 22ms
07-01 20:43:57.273 14804 14806 D dalvikvm: GC_CONCURRENT freed 384K, 8% free 10484K/11335K, paused 2ms+3ms
07-01 20:43:57.835 14804 14806 D dalvikvm: GC_CONCURRENT freed 390K, 8% free 10489K/11335K, paused 6ms+2ms
07-01 20:43:58.972 14804 14806 D dalvikvm: GC_CONCURRENT freed 350K, 7% free 10606K/11335K, paused 7ms+2ms
07-01 20:44:00.273 14804 14848 D dalvikvm: GC_FOR_ALLOC freed 499K, 8% free 10480K/11335K, paused 25ms
07-01 20:44:01.293 14804 14806 D dalvikvm: GC_CONCURRENT freed 370K, 8% free 10528K/11335K, paused 3ms+5ms
07-01 20:44:02.371 14804 14806 D dalvikvm: GC_CONCURRENT freed 321K, 7% free 10606K/11335K, paused 2ms+4ms
07-01 20:44:03.437 14804 14848 D dalvikvm: GC_FOR_ALLOC freed 474K, 8% free 10495K/11335K, paused 47ms
07-01 20:44:04.793 14804 14806 D dalvikvm: GC_CONCURRENT freed 356K, 7% free 10583K/11335K, paused 1ms+2ms
07-01 20:44:06.234   145   147 D dalvikvm: GC_CONCURRENT freed 1758K, 24% free 16480K/21639K, paused 3ms+6ms
07-01 20:44:07.179 14804 14848 D dalvikvm: GC_FOR_ALLOC freed 459K, 8% free 10506K/11335K, paused 22ms
07-01 20:44:09.335 14804 14806 D dalvikvm: GC_CONCURRENT freed 365K, 8% free 10537K/11335K, paused 3ms+3ms
07-01 20:44:10.511 14804 14806 D dalvikvm: GC_CONCURRENT freed 371K, 7% free 10554K/11335K, paused 2ms+3ms
07-01 20:44:11.332 14804 14806 D dalvikvm: GC_CONCURRENT freed 367K, 7% free 10586K/11335K, paused 2ms+3ms
07-01 20:44:12.359 14804 14806 D dalvikvm: GC_CONCURRENT freed 464K, 7% free 10552K/11335K, paused 2ms+2ms
07-01 20:44:13.402 14804 14806 D dalvikvm: GC_CONCURRENT freed 445K, 7% free 10551K/11335K, paused 4ms+6ms
07-01 20:44:13.964   345   345 D SAN_SERVICE: *******************************************
07-01 20:44:13.964   345   345 D SAN_SERVICE: DM App Phone Service State - 0
07-01 20:44:13.964   345   345 D SAN_SERVICE: *******************************************
07-01 20:44:14.218   345   345 D SAN_SERVICE: *******************************************
07-01 20:44:14.218   345   345 D SAN_SERVICE: DM App Phone Service State - 0
07-01 20:44:14.218   345   345 D SAN_SERVICE: *******************************************
07-01 20:44:14.449 14804 14806 D dalvikvm: GC_CONCURRENT freed 444K, 7% free 10551K/11335K, paused 2ms+2ms
07-01 20:44:15.437 14804 14806 D dalvikvm: GC_CONCURRENT freed 444K, 7% free 10551K/11335K, paused 3ms+3ms
07-01 20:44:16.445 14804 14806 D dalvikvm: GC_CONCURRENT freed 434K, 7% free 10551K/11335K, paused 53ms+3ms
07-01 20:44:17.418 14804 14806 D dalvikvm: GC_CONCURRENT freed 424K, 7% free 10551K/11335K, paused 2ms+4ms
07-01 20:44:18.421 14804 14806 D dalvikvm: GC_CONCURRENT freed 424K, 7% free 10551K/11335K, paused 3ms+3ms
07-01 20:44:19.418 14804 14806 D dalvikvm: GC_CONCURRENT freed 427K, 7% free 10550K/11335K, paused 3ms+8ms
07-01 20:44:20.414 14804 14806 D dalvikvm: GC_CONCURRENT freed 424K, 7% free 10551K/11335K, paused 3ms+5ms
07-01 20:44:21.418 14804 14806 D dalvikvm: GC_CONCURRENT freed 424K, 7% free 10551K/11335K, paused 2ms+2ms
07-01 20:44:22.484 14804 14806 D dalvikvm: GC_CONCURRENT freed 424K, 7% free 10551K/11335K, paused 9ms+3ms
07-01 20:44:23.418 14804 14806 D dalvikvm: GC_CONCURRENT freed 424K, 7% free 10551K/11335K, paused 3ms+4ms
07-01 20:44:24.375   345   345 D SAN_SERVICE: *******************************************
07-01 20:44:24.375   345   345 D SAN_SERVICE: DM App Phone Service State - 0
07-01 20:44:24.375   345   345 D SAN_SERVICE: *******************************************
07-01 20:44:24.476 14804 14806 D dalvikvm: GC_CONCURRENT freed 424K, 7% free 10551K/11335K, paused 2ms+2ms
07-01 20:44:25.128   345   345 D SAN_SERVICE: *******************************************
07-01 20:44:25.128   345   345 D SAN_SERVICE: DM App Phone Service State - 0
07-01 20:44:25.128   345   345 D SAN_SERVICE: *******************************************
07-01 20:44:25.531 14804 14806 D dalvikvm: GC_CONCURRENT freed 424K, 7% free 10551K/11335K, paused 5ms+3ms
07-01 20:44:26.464 14804 14848 D dalvikvm: GC_FOR_ALLOC freed 416K, 8% free 10515K/11335K, paused 25ms
07-01 20:44:27.488 14804 14806 D dalvikvm: GC_CONCURRENT freed 404K, 8% free 10499K/11335K, paused 10ms+3ms
07-01 20:44:28.144   145   396 D AlarmManagerService: Kernel timezone updated to 240 minutes west of GMT
07-01 20:44:28.148   345   345 D SystemClock: Setting time of day to sec=1341189868
07-01 20:44:28.068   145   162 I ActivityManager: Start proc com.android.calendar for broadcast com.android.calendar/.widget.CalendarAppWidgetService$CalendarFactory: pid=15232 uid=10005 gids={3003}
07-01 20:44:28.240 15232 15232 I ActivityThread: Pub com.android.calendar.CalendarRecentSuggestionsProvider: com.android.calendar.CalendarRecentSuggestionsProvider
07-01 20:44:28.256   345   345 D SAN_SERVICE: *******************************************
07-01 20:44:28.256   345   345 D SAN_SERVICE: DM App Phone Service State - 0
07-01 20:44:28.256   345   345 D SAN_SERVICE: *******************************************
07-01 20:44:28.295 14804 14806 D dalvikvm: GC_CONCURRENT freed 352K, 7% free 10543K/11335K, paused 7ms+53ms
07-01 20:44:28.592   145 21614 I ActivityManager: Start proc com.android.deskclock for broadcast com.android.deskclock/.AlarmInitReceiver: pid=15248 uid=10011 gids={}
07-01 20:44:28.689 15248 15248 I ActivityThread: Pub com.android.deskclock: com.android.deskclock.AlarmProvider
07-01 20:44:28.760 15248 15262 V AlarmClock: AlarmInitReceiver finished
07-01 20:44:29.041   345   345 D SAN_SERVICE: *******************************************
07-01 20:44:29.041   345   345 D SAN_SERVICE: DM App Phone Service State - 0
07-01 20:44:29.041   345   345 D SAN_SERVICE: *******************************************
07-01 20:44:29.326 14804 14848 D dalvikvm: GC_FOR_ALLOC freed 410K, 8% free 10501K/11335K, paused 163ms
07-01 20:44:30.096 14804 14806 D dalvikvm: GC_CONCURRENT freed 352K, 8% free 10541K/11335K, paused 2ms+2ms
07-01 20:44:31.139 14804 14806 D dalvikvm: GC_CONCURRENT freed 414K, 8% free 10522K/11335K, paused 38ms+3ms
07-01 20:44:32.166 14804 14806 D dalvikvm: GC_CONCURRENT freed 412K, 8% free 10523K/11335K, paused 11ms+3ms
07-01 20:44:32.486 13993 13994 D dalvikvm: GC_CONCURRENT freed 838K, 8% free 11674K/12615K, paused 5ms+7ms
07-01 20:44:33.178 14804 14806 D dalvikvm: GC_CONCURRENT freed 415K, 8% free 10522K/11335K, paused 2ms+7ms
07-01 20:44:33.959 14804 14806 D dalvikvm: GC_CONCURRENT freed 393K, 8% free 10517K/11335K, paused 3ms+4ms
07-01 20:44:35.006 14804 14806 D dalvikvm: GC_CONCURRENT freed 424K, 8% free 10517K/11335K, paused 9ms+3ms
07-01 20:44:35.994 14804 14806 D dalvikvm: GC_CONCURRENT freed 395K, 7% free 10560K/11335K, paused 2ms+3ms
07-01 20:44:36.592 14875 14876 D dalvikvm: GC_CONCURRENT freed 552K, 6% free 10387K/11015K, paused 2ms+3ms
07-01 20:44:36.752 13246 13248 D dalvikvm: GC_CONCURRENT freed 743K, 8% free 10239K/11079K, paused 2ms+3ms
07-01 20:44:37.088 14804 14806 D dalvikvm: GC_CONCURRENT freed 461K, 8% free 10491K/11335K, paused 2ms+4ms
07-01 20:44:37.928 14804 14806 D dalvikvm: GC_CONCURRENT freed 338K, 8% free 10542K/11335K, paused 2ms+2ms
07-01 20:44:38.943 14804 14806 D dalvikvm: GC_CONCURRENT freed 414K, 8% free 10522K/11335K, paused 9ms+3ms
07-01 20:44:39.979 14804 14806 D dalvikvm: GC_CONCURRENT freed 333K, 6% free 10663K/11335K, paused 2ms+3ms
07-01 20:44:41.385 14804 14848 D dalvikvm: GC_FOR_ALLOC freed 537K, 8% free 10481K/11335K, paused 30ms
07-01 20:44:42.420 14804 14806 D dalvikvm: GC_CONCURRENT freed 369K, 8% free 10520K/11335K, paused 4ms+2ms
07-01 20:44:43.397 14804 14806 D dalvikvm: GC_CONCURRENT freed 411K, 8% free 10495K/11335K, paused 3ms+2ms
07-01 20:44:43.791    81   129 W AudioTrack: stepServer() could not lock cblk
07-01 20:44:44.389 14804 14806 D dalvikvm: GC_CONCURRENT freed 402K, 8% free 10500K/11335K, paused 9ms+3ms
07-01 20:44:45.201 14804 14806 D dalvikvm: GC_CONCURRENT freed 403K, 8% free 10481K/11335K, paused 2ms+2ms
07-01 20:44:46.182 14804 14806 D dalvikvm: GC_CONCURRENT freed 219K, 6% free 10669K/11335K, paused 2ms+9ms
07-01 20:44:47.311 14804 14848 D dalvikvm: GC_FOR_ALLOC freed 400K, 8% free 10480K/11335K, paused 23ms
07-01 20:44:47.955 14804 14806 D dalvikvm: GC_CONCURRENT freed 384K, 8% free 10495K/11335K, paused 2ms+3ms
07-01 20:44:48.939 14804 14806 D dalvikvm: GC_CONCURRENT freed 275K, 6% free 10656K/11335K, paused 2ms+3ms
07-01 20:44:49.682   145   147 D dalvikvm: GC_CONCURRENT freed 1771K, 24% free 16510K/21639K, paused 3ms+7ms
07-01 20:44:50.037 14804 14848 D dalvikvm: GC_FOR_ALLOC freed 406K, 8% free 10480K/11335K, paused 21ms
07-01 20:44:50.678 14804 14806 D dalvikvm: GC_CONCURRENT freed 205K, 6% free 10669K/11335K, paused 2ms+3ms
07-01 20:44:51.736 14804 14806 D dalvikvm: GC_CONCURRENT freed 616K, 8% free 10483K/11335K, paused 2ms+3ms
07-01 20:44:52.904 14804 14806 D dalvikvm: GC_CONCURRENT freed 331K, 7% free 10543K/11335K, paused 2ms+3ms
07-01 20:44:54.131 14804 14806 D dalvikvm: GC_CONCURRENT freed 427K, 8% free 10541K/11335K, paused 2ms+2ms
07-01 20:44:55.178 14804 14848 D dalvikvm: GC_FOR_ALLOC freed 409K, 8% free 10480K/11335K, paused 28ms
07-01 20:44:55.756 14804 14806 D dalvikvm: GC_CONCURRENT freed 386K, 8% free 10495K/11335K, paused 2ms+3ms
07-01 20:44:56.842 14804 14848 D dalvikvm: GC_FOR_ALLOC freed 296K, 7% free 10543K/11335K, paused 28ms
07-01 20:44:57.443 14804 14848 D dalvikvm: GC_FOR_ALLOC freed 205K, 7% free 10607K/11335K, paused 39ms
07-01 20:44:58.412 14804 14848 D dalvikvm: GC_FOR_ALLOC freed 400K, 8% free 10516K/11335K, paused 30ms
07-01 20:45:00.256 14804 14848 D dalvikvm: GC_FOR_ALLOC freed 409K, 8% free 10480K/11335K, paused 34ms
07-01 20:45:00.822 14804 14806 D dalvikvm: GC_CONCURRENT freed 377K, 8% free 10490K/11335K, paused 2ms+2ms
07-01 20:45:02.029 14804 14806 D dalvikvm: GC_CONCURRENT freed 335K, 7% free 10580K/11335K, paused 2ms+3ms
07-01 20:45:02.877 14804 14806 D dalvikvm: GC_CONCURRENT freed 406K, 7% free 10587K/11335K, paused 2ms+3ms
07-01 20:45:03.920 14804 14848 D dalvikvm: GC_FOR_ALLOC freed 440K, 8% free 10533K/11335K, paused 78ms
07-01 20:45:04.842 14804 14806 D dalvikvm: GC_CONCURRENT freed 417K, 8% free 10503K/11335K, paused 78ms+2ms
07-01 20:45:05.377 14804 14806 D dalvikvm: GC_CONCURRENT freed 396K, 8% free 10500K/11335K, paused 2ms+2ms
07-01 20:45:06.494 14804 14806 D dalvikvm: GC_CONCURRENT freed 327K, 7% free 10579K/11335K, paused 3ms+2ms
07-01 20:45:07.678 14804 14848 D dalvikvm: GC_FOR_ALLOC freed 420K, 8% free 10524K/11335K, paused 22ms
07-01 20:45:08.814 14804 14806 D dalvikvm: GC_CONCURRENT freed 431K, 8% free 10484K/11335K, paused 2ms+34ms
07-01 20:45:09.389 14804 14806 D dalvikvm: GC_CONCURRENT freed 363K, 8% free 10540K/11335K, paused 2ms+2ms
07-01 20:45:09.850   145   200 D DhcpInfoInternal: makeLinkProperties with empty dns2!
07-01 20:45:09.854   145   200 D DhcpInfoInternal: makeLinkProperties with empty dns2!
07-01 20:45:10.377 14804 14806 D dalvikvm: GC_CONCURRENT freed 414K, 8% free 10521K/11335K, paused 2ms+3ms
07-01 20:45:11.439 14804 14848 D dalvikvm: GC_FOR_ALLOC freed 396K, 8% free 10505K/11335K, paused 21ms
07-01 20:45:12.549 14804 14806 D dalvikvm: GC_CONCURRENT freed 306K, 7% free 10617K/11335K, paused 3ms+2ms
07-01 20:45:13.658   145   161 V BackupManagerService: Running a backup pass
07-01 20:45:13.662   145   215 V BackupManagerService: Backup requested but nothing pending
07-01 20:45:13.729 14804 14848 D dalvikvm: GC_FOR_ALLOC freed 396K, 8% free 10480K/11335K, paused 22ms
07-01 20:45:14.658 14804 14806 D dalvikvm: GC_CONCURRENT freed 209K, 6% free 10669K/11335K, paused 2ms+3ms
07-01 20:45:15.627 14804 14848 D dalvikvm: GC_FOR_ALLOC freed 445K, 8% free 10481K/11335K, paused 61ms
07-01 20:45:16.053 14804 14806 D dalvikvm: GC_CONCURRENT freed 205K, 6% free 10669K/11335K, paused 2ms+3ms
07-01 20:45:17.057 14804 14848 D dalvikvm: GC_FOR_ALLOC freed 400K, 8% free 10480K/11335K, paused 23ms
07-01 20:45:17.686 14804 14806 D dalvikvm: GC_CONCURRENT freed 210K, 6% free 10669K/11335K, paused 49ms+2ms
07-01 20:45:18.197 14804 14848 D dalvikvm: GC_FOR_ALLOC freed 202K, 7% free 10607K/11335K, paused 34ms
07-01 20:45:19.506 14804 14848 D dalvikvm: GC_FOR_ALLOC freed 400K, 8% free 10480K/11335K, paused 21ms
07-01 20:45:20.049 14804 14806 D dalvikvm: GC_CONCURRENT freed 205K, 6% free 10669K/11335K, paused 2ms+3ms
07-01 20:45:20.998 14804 14848 D dalvikvm: GC_FOR_ALLOC freed 402K, 8% free 10482K/11335K, paused 27ms
07-01 20:45:21.287    81   129 W AudioTrack: stepServer() could not lock cblk
07-01 20:45:21.326 14900 14913 I PhoneLab-: Service Running
07-01 20:45:21.412 14900 14913 I PhoneLab-LoggerService: app_37    1360  1     1436   996   c00f181c 400107b4 S logcat
07-01 20:45:21.412 14900 14913 I PhoneLab-LoggerService: Logcat pid from database 1360
07-01 20:45:21.412 14900 14913 I PhoneLab-LoggerService: Logcat process found 1360
07-01 20:45:21.412 14900 14913 I PhoneLab-LoggerService: Checking Threshold
07-01 20:45:21.412 14900 14913 I PhoneLab-LoggerService: Starting to rename files
07-01 20:45:21.412 14900 14913 I PhoneLab-LoggerService: Files found .. 2
07-01 20:45:21.580 14804 14806 D dalvikvm: GC_CONCURRENT freed 207K, 6% free 10669K/11335K, paused 3ms+3ms
07-01 20:45:22.865 14804 14848 D dalvikvm: GC_FOR_ALLOC freed 420K, 8% free 10480K/11335K, paused 23ms
07-01 20:45:22.893   145   365 I ActivityManager: Process com.xabber.androiddev (pid 14562) has died.
07-01 20:45:22.893   145   365 W ActivityManager: Scheduling restart of crashed service com.xabber.androiddev/com.xabber.android.service.XMPPService in 5000ms
07-01 20:45:23.217 14804 14806 D dalvikvm: GC_CONCURRENT freed 313K, 7% free 10572K/11335K, paused 2ms+2ms
07-01 20:45:24.334 14804 14806 D dalvikvm: GC_CONCURRENT freed 449K, 8% free 10533K/11335K, paused 2ms+4ms
07-01 20:45:25.522 14804 14806 D dalvikvm: GC_CONCURRENT freed 315K, 7% free 10606K/11335K, paused 10ms+2ms
07-01 20:45:27.354 14804 14848 D dalvikvm: GC_FOR_ALLOC freed 410K, 8% free 10527K/11335K, paused 23ms
07-01 20:45:27.904 15289 15289 D dalvikvm: Late-enabling CheckJNI
07-01 20:45:27.904   145   162 I ActivityManager: Start proc com.xabber.androiddev for service com.xabber.androiddev/com.xabber.android.service.XMPPService: pid=15289 uid=10063 gids={3003, 1015}
07-01 20:45:27.924 15289 15289 I dalvikvm: Turning on JNI app bug workarounds for target SDK version 9...
07-01 20:45:28.213 15289 15292 D dalvikvm: GC_CONCURRENT freed 223K, 4% free 9313K/9607K, paused 16ms+3ms
07-01 20:45:28.264 15289 15289 D dalvikvm: GC_FOR_ALLOC freed 298K, 6% free 9427K/9927K, paused 17ms
07-01 20:45:28.397 15289 15292 D dalvikvm: GC_CONCURRENT freed 192K, 3% free 9774K/10055K, paused 2ms+2ms
07-01 20:45:28.545 15289 15292 D dalvikvm: GC_CONCURRENT freed 340K, 4% free 9964K/10375K, paused 2ms+2ms
07-01 20:45:28.545 14804 14806 D dalvikvm: GC_CONCURRENT freed 410K, 8% free 10503K/11335K, paused 3ms+156ms
07-01 20:45:28.697 15289 15289 I com.xabber.android.service.XMPPService@4137b930: onCreate
07-01 20:45:28.701 15289 15289 I com.xabber.android.data.Application@4136f038: onStart
07-01 20:45:28.701 15289 15303 I com.xabber.android.data.LogManager@41380118: onLoad
07-01 20:45:28.768   145   395 I ActivityManager: Process com.google.android.apps.maps:FriendService (pid 14084) has died.
07-01 20:45:28.939 15289 15292 D dalvikvm: GC_CONCURRENT freed 253K, 4% free 10117K/10503K, paused 4ms+18ms
07-01 20:45:29.107   145   329 D dalvikvm: GC_EXPLICIT freed 1379K, 24% free 16482K/21639K, paused 4ms+8ms
07-01 20:45:29.182 14804 14806 D dalvikvm: GC_CONCURRENT freed 396K, 8% free 10500K/11335K, paused 6ms+2ms
07-01 20:45:30.104 14804 14806 D dalvikvm: GC_CONCURRENT freed 317K, 7% free 10579K/11335K, paused 2ms+3ms
07-01 20:45:30.475 15289 15292 D dalvikvm: GC_CONCURRENT freed 274K, 4% free 10297K/10695K, paused 4ms+3ms
07-01 20:45:31.147 14804 14848 D dalvikvm: GC_FOR_ALLOC freed 422K, 7% free 10547K/11335K, paused 70ms
07-01 20:45:32.104 14804 14806 D dalvikvm: GC_CONCURRENT freed 419K, 7% free 10547K/11335K, paused 2ms+4ms
07-01 20:45:33.115 14804 14806 D dalvikvm: GC_CONCURRENT freed 419K, 7% free 10547K/11335K, paused 3ms+3ms
07-01 20:45:34.217 14804 14848 D dalvikvm: GC_FOR_ALLOC freed 339K, 8% free 10531K/11335K, paused 21ms
07-01 20:45:35.213 14804 14848 D dalvikvm: GC_FOR_ALLOC freed 205K, 7% free 10610K/11335K, paused 21ms
07-01 20:45:35.287 14804 14848 D dalvikvm: GC_FOR_ALLOC freed 197K, 7% free 10609K/11335K, paused 35ms
07-01 20:45:36.350 14804 14848 D dalvikvm: GC_FOR_ALLOC freed 390K, 8% free 10480K/11335K, paused 27ms
07-01 20:45:37.244 14804 14806 D dalvikvm: GC_CONCURRENT freed 205K, 6% free 10674K/11335K, paused 2ms+3ms
07-01 20:45:38.213 14804 14848 D dalvikvm: GC_FOR_ALLOC freed 395K, 8% free 10480K/11335K, paused 26ms
07-01 20:45:39.111 14804 14806 D dalvikvm: GC_CONCURRENT freed 230K, 7% free 10653K/11335K, paused 3ms+3ms
07-01 20:45:40.088 14804 14848 D dalvikvm: GC_FOR_ALLOC freed 404K, 8% free 10538K/11335K, paused 68ms
07-01 20:45:41.127 14804 14806 D dalvikvm: GC_CONCURRENT freed 414K, 8% free 10538K/11335K, paused 24ms+4ms
07-01 20:45:42.147 14804 14806 D dalvikvm: GC_CONCURRENT freed 409K, 8% free 10538K/11335K, paused 25ms+2ms
07-01 20:45:43.053 14804 14806 D dalvikvm: GC_CONCURRENT freed 419K, 8% free 10538K/11335K, paused 2ms+2ms
07-01 20:45:44.080 14804 14806 D dalvikvm: GC_CONCURRENT freed 422K, 8% free 10520K/11335K, paused 3ms+2ms
07-01 20:45:45.182 14804 14806 D dalvikvm: GC_CONCURRENT freed 424K, 8% free 10490K/11335K, paused 4ms+4ms
07-01 20:45:46.404 14804 14806 D dalvikvm: GC_CONCURRENT freed 400K, 8% free 10482K/11335K, paused 2ms+2ms
07-01 20:45:46.869 14804 14806 D dalvikvm: GC_CONCURRENT freed 354K, 8% free 10529K/11335K, paused 2ms+2ms
07-01 20:45:48.080 14804 14848 D dalvikvm: GC_FOR_ALLOC freed 292K, 7% free 10607K/11335K, paused 45ms
07-01 20:45:48.760 14804 14848 D dalvikvm: GC_FOR_ALLOC freed 205K, 7% free 10607K/11335K, paused 21ms
07-01 20:45:49.756 14804 14848 D dalvikvm: GC_FOR_ALLOC freed 400K, 8% free 10480K/11335K, paused 63ms
07-01 20:45:50.330 14804 14806 D dalvikvm: GC_CONCURRENT freed 205K, 6% free 10669K/11335K, paused 2ms+3ms
07-01 20:45:51.447 14804 14848 D dalvikvm: GC_FOR_ALLOC freed 410K, 8% free 10480K/11335K, paused 26ms
07-01 20:45:52.022 14804 14806 D dalvikvm: GC_CONCURRENT freed 205K, 6% free 10669K/11335K, paused 2ms+2ms
07-01 20:45:53.611 14804 14848 D dalvikvm: GC_FOR_ALLOC freed 485K, 8% free 10510K/11335K, paused 22ms
07-01 20:45:54.787 14804 14806 D dalvikvm: GC_CONCURRENT freed 374K, 8% free 10540K/11335K, paused 67ms+2ms
07-01 20:45:55.389 14804 14806 D dalvikvm: GC_CONCURRENT freed 351K, 7% free 10580K/11335K, paused 2ms+3ms
07-01 20:45:56.432 14804 14806 D dalvikvm: GC_CONCURRENT freed 455K, 7% free 10547K/11335K, paused 4ms+6ms
07-01 20:45:57.389 14804 14806 D dalvikvm: GC_CONCURRENT freed 439K, 8% free 10540K/11335K, paused 3ms+3ms
07-01 20:45:58.166 14804 14806 D dalvikvm: GC_CONCURRENT freed 367K, 7% free 10563K/11335K, paused 2ms+2ms
07-01 20:45:59.213    81   129 W AudioTrack: stepServer() could not lock cblk
07-01 20:45:59.260 14804 14848 D dalvikvm: GC_FOR_ALLOC freed 414K, 8% free 10511K/11335K, paused 21ms
07-01 20:46:00.428 14804 14806 D dalvikvm: GC_CONCURRENT freed 414K, 8% free 10495K/11335K, paused 2ms+3ms
07-01 20:46:01.072 14804 14806 D dalvikvm: GC_CONCURRENT freed 379K, 8% free 10511K/11335K, paused 3ms+10ms
07-01 20:46:01.143 14613 14712 D GetStringObjTask: retrieving from url = http://www.chess.com/api/get_move_status?id=y3ICtufzg6w7rQqcD3KFujVaIanpYba4bIpaeKElV1LNz3Sz4Fk9Yh5CeWaj8h4bQ2RY0CxFVgA%2ByBE5DE%2B1cAuw4i%2Bp2GVj5RbuDPEUotReGbS25iAukuBsuUd%2Fl5dp
07-01 20:46:03.381 14613 14712 D GetStringObjTask: WebRequest SERVER RESPONSE: Success+0
07-01 20:46:03.693 14804 14806 D dalvikvm: GC_CONCURRENT freed 249K, 6% free 10673K/11335K, paused 3ms+3ms
07-01 20:46:04.756 12856 12856 D dalvikvm: GC_FOR_ALLOC freed 409K, 8% free 10677K/11591K, paused 30ms
07-01 20:46:04.756 12856 12856 I dalvikvm-heap: Grow heap (frag case) to 10.747MB for 262160-byte allocation
07-01 20:46:04.760   145   395 I ActivityManager: Process com.android.sprintmenu (pid 14581) has died.
07-01 20:46:04.760   145   395 W ActivityManager: Scheduling restart of crashed service com.android.sprintmenu/.HiddenPhoneService in 5000ms
07-01 20:46:04.783 12856 13210 D dalvikvm: GC_FOR_ALLOC freed 6K, 9% free 10927K/11911K, paused 16ms
07-01 20:46:05.147 14804 14848 D dalvikvm: GC_FOR_ALLOC freed 390K, 8% free 10480K/11335K, paused 58ms
07-01 20:46:05.178 12840 12842 D dalvikvm: GC_CONCURRENT freed 1477K, 11% free 14462K/16071K, paused 3ms+8ms
07-01 20:46:05.369   145   169 I ActivityManager: Start proc com.google.android.apps.currents for service com.google.android.apps.currents/com.google.apps.dots.android.app.service.SyncService: pid=15325 uid=10078 gids={3003, 1015}
07-01 20:46:05.686 14804 14806 D dalvikvm: GC_CONCURRENT freed 200K, 6% free 10673K/11335K, paused 2ms+4ms
07-01 20:46:05.721 15325 15325 I ActivityThread: Pub com.google.apps.dots.android.app.provider.SuggestionProvider: com.google.apps.dots.android.app.provider.SuggestionProvider
07-01 20:46:05.752 15325 15325 I ActivityThread: Pub com.google.android.apps.currents.exported: com.google.apps.dots.android.app.provider.ExportedContentProvider
07-01 20:46:05.818 15325 15328 D dalvikvm: GC_CONCURRENT freed 177K, 3% free 9358K/9607K, paused 2ms+2ms
07-01 20:46:05.885 15325 15328 D dalvikvm: GC_CONCURRENT freed 266K, 5% free 9585K/9991K, paused 1ms+7ms
07-01 20:46:06.025 15325 15328 D dalvikvm: GC_CONCURRENT freed 232K, 4% free 9832K/10183K, paused 4ms+6ms
07-01 20:46:06.205 15325 15328 D dalvikvm: GC_CONCURRENT freed 240K, 4% free 10117K/10439K, paused 2ms+2ms
07-01 20:46:06.244 15325 15325 I DotsContentUris: content://com.google.android.apps.currents
07-01 20:46:06.256 15325 15325 I ActivityThread: Pub com.google.android.apps.currents: com.google.apps.dots.android.app.provider.DotsContentProvider
07-01 20:46:06.268 15325 15325 I DotsApplication: Starting up...
07-01 20:46:06.447   145   329 I ActivityManager: Process com.google.android.apps.plus (pid 14495) has died.
07-01 20:46:06.607 15325 15328 D dalvikvm: GC_CONCURRENT freed 472K, 6% free 10157K/10759K, paused 2ms+8ms
07-01 20:46:06.662 14804 14848 D dalvikvm: GC_FOR_ALLOC freed 390K, 8% free 10480K/11335K, paused 33ms
07-01 20:46:06.818 15325 15328 D dalvikvm: GC_CONCURRENT freed 237K, 5% free 10323K/10759K, paused 8ms+3ms
07-01 20:46:06.838 15325 15345 I SyncService: Starting sync (20:46:06)
07-01 20:46:07.205 14804 14806 D dalvikvm: GC_CONCURRENT freed 200K, 6% free 10673K/11335K, paused 4ms+2ms
07-01 20:46:08.111 14804 14848 D dalvikvm: GC_FOR_ALLOC freed 394K, 8% free 10480K/11335K, paused 22ms
07-01 20:46:08.717 14804 14806 D dalvikvm: GC_CONCURRENT freed 200K, 6% free 10673K/11335K, paused 5ms+3ms
07-01 20:46:09.100 15325 15328 D dalvikvm: GC_CONCURRENT freed 281K, 4% free 10473K/10887K, paused 2ms+2ms
07-01 20:46:09.385 15325 15328 D dalvikvm: GC_CONCURRENT freed 198K, 3% free 10686K/11015K, paused 2ms+3ms
07-01 20:46:09.525 15325 15328 D dalvikvm: GC_CONCURRENT freed 446K, 6% free 10747K/11335K, paused 2ms+3ms
07-01 20:46:09.650 14804 14848 D dalvikvm: GC_FOR_ALLOC freed 390K, 8% free 10480K/11335K, paused 27ms
07-01 20:46:09.791   145   162 I ActivityManager: Start proc com.android.sprintmenu for service com.android.sprintmenu/.HiddenPhoneService: pid=15350 uid=1001 gids={3002, 3001, 3003, 1015}
07-01 20:46:10.100   145   147 D dalvikvm: GC_CONCURRENT freed 1829K, 24% free 16504K/21639K, paused 9ms+7ms
07-01 20:46:10.154 15325 15328 D dalvikvm: GC_CONCURRENT freed 511K, 6% free 10693K/11335K, paused 2ms+6ms
07-01 20:46:10.205 14804 14806 D dalvikvm: GC_CONCURRENT freed 200K, 6% free 10673K/11335K, paused 2ms+3ms
07-01 20:46:10.897   145   145 D SyncManager: setSyncAutomatically: , provider com.google.android.apps.currents -> true
07-01 20:46:10.897   145   145 D SyncManager: setSyncAutomatically: already set to true, doing nothing
07-01 20:46:11.123 14804 14848 D dalvikvm: GC_FOR_ALLOC freed 390K, 8% free 10480K/11335K, paused 23ms
07-01 20:46:11.170 15325 15328 D dalvikvm: GC_CONCURRENT freed 334K, 5% free 10793K/11335K, paused 21ms+3ms
07-01 20:46:11.350 15325 15328 D dalvikvm: GC_CONCURRENT freed 220K, 4% free 11045K/11463K, paused 3ms+2ms
07-01 20:46:11.584 15325 15328 D dalvikvm: GC_CONCURRENT freed 276K, 4% free 11372K/11783K, paused 2ms+4ms
07-01 20:46:11.686 14804 14806 D dalvikvm: GC_CONCURRENT freed 200K, 6% free 10673K/11335K, paused 3ms+3ms
07-01 20:46:11.897   145 28236 D dalvikvm: GC_EXPLICIT freed 140K, 24% free 16471K/21639K, paused 3ms+7ms
07-01 20:46:12.061 15325 15328 D dalvikvm: GC_CONCURRENT freed 798K, 8% free 11234K/12167K, paused 2ms+4ms
07-01 20:46:12.326 15325 15328 D dalvikvm: GC_CONCURRENT freed 540K, 8% free 11309K/12167K, paused 3ms+4ms
07-01 20:46:13.182 14804 14848 D dalvikvm: GC_FOR_ALLOC freed 390K, 8% free 10480K/11335K, paused 48ms
07-01 20:46:13.307 14804 14806 D dalvikvm: GC_CONCURRENT freed 200K, 6% free 10673K/11335K, paused 2ms+2ms
07-01 20:46:13.635 15325 15328 D dalvikvm: GC_CONCURRENT freed 653K, 8% free 11294K/12167K, paused 3ms+7ms
07-01 20:46:14.236    81   129 W AudioTrack: stepServer() could not lock cblk
07-01 20:46:14.326 14804 14848 D dalvikvm: GC_FOR_ALLOC freed 390K, 8% free 10480K/11335K, paused 26ms
07-01 20:46:14.572 15325 15328 D dalvikvm: GC_CONCURRENT freed 622K, 7% free 11318K/12167K, paused 2ms+9ms
07-01 20:46:14.756 15325 15328 D dalvikvm: GC_CONCURRENT freed 641K, 7% free 11318K/12167K, paused 2ms+2ms
07-01 20:46:15.279 14804 14806 D dalvikvm: GC_CONCURRENT freed 200K, 6% free 10673K/11335K, paused 9ms+2ms
07-01 20:46:15.811 15325 15328 D dalvikvm: GC_CONCURRENT freed 618K, 7% free 11338K/12167K, paused 4ms+11ms
07-01 20:46:16.256 14804 14848 D dalvikvm: GC_FOR_ALLOC freed 390K, 8% free 10480K/11335K, paused 117ms
07-01 20:46:16.600 15325 15328 D dalvikvm: GC_CONCURRENT freed 731K, 8% free 11303K/12167K, paused 2ms+2ms
07-01 20:46:16.842 14804 14806 D dalvikvm: GC_CONCURRENT freed 200K, 6% free 10673K/11335K, paused 2ms+2ms
07-01 20:46:17.037   345   345 D SAN_SERVICE: *******************************************
07-01 20:46:17.037   345   345 D SAN_SERVICE: DM App Phone Service State - 0
07-01 20:46:17.037   345   345 D SAN_SERVICE: *******************************************
07-01 20:46:17.443 15325 15328 D dalvikvm: GC_CONCURRENT freed 632K, 8% free 11304K/12167K, paused 15ms+3ms
07-01 20:46:17.830 14804 14848 D dalvikvm: GC_FOR_ALLOC freed 394K, 8% free 10480K/11335K, paused 41ms
07-01 20:46:17.904 15325 15328 D dalvikvm: GC_CONCURRENT freed 612K, 7% free 11324K/12167K, paused 29ms+2ms
07-01 20:46:18.275 14804 14806 D dalvikvm: GC_CONCURRENT freed 200K, 6% free 10673K/11335K, paused 2ms+3ms
07-01 20:46:18.486 15325 15328 D dalvikvm: GC_CONCURRENT freed 643K, 7% free 11328K/12167K, paused 2ms+3ms
07-01 20:46:19.209 14804 14848 D dalvikvm: GC_FOR_ALLOC freed 390K, 8% free 10480K/11335K, paused 70ms
07-01 20:46:19.857 14804 14806 D dalvikvm: GC_CONCURRENT freed 200K, 6% free 10673K/11335K, paused 2ms+2ms
07-01 20:46:19.932 15325 15328 D dalvikvm: GC_CONCURRENT freed 692K, 7% free 11340K/12167K, paused 2ms+2ms
07-01 20:46:20.752 15325 15328 D dalvikvm: GC_CONCURRENT freed 680K, 7% free 11380K/12167K, paused 2ms+3ms
07-01 20:46:20.818 14804 14848 D dalvikvm: GC_FOR_ALLOC freed 390K, 8% free 10480K/11335K, paused 28ms
07-01 20:46:20.967 15325 15328 D dalvikvm: GC_CONCURRENT freed 733K, 8% free 11370K/12231K, paused 2ms+2ms
07-01 20:46:21.205 14804 14806 D dalvikvm: GC_CONCURRENT freed 200K, 6% free 10673K/11335K, paused 2ms+2ms
07-01 20:46:21.654 15325 15328 D dalvikvm: GC_CONCURRENT freed 676K, 8% free 11349K/12231K, paused 2ms+2ms
07-01 20:46:21.939 15325 15328 D dalvikvm: GC_CONCURRENT freed 622K, 8% free 11375K/12231K, paused 2ms+13ms
07-01 20:46:22.248 14804 14848 D dalvikvm: GC_FOR_ALLOC freed 390K, 8% free 10480K/11335K, paused 79ms
07-01 20:46:22.475 15325 15328 D dalvikvm: GC_CONCURRENT freed 655K, 7% free 11379K/12231K, paused 2ms+2ms
07-01 20:46:22.850 14804 14806 D dalvikvm: GC_CONCURRENT freed 205K, 6% free 10674K/11335K, paused 3ms+2ms
07-01 20:46:24.338 14804 14848 D dalvikvm: GC_FOR_ALLOC freed 395K, 8% free 10480K/11335K, paused 44ms
07-01 20:46:24.525 15325 15328 D dalvikvm: GC_CONCURRENT freed 720K, 7% free 11380K/12231K, paused 2ms+3ms
07-01 20:46:24.658 14804 14806 D dalvikvm: GC_CONCURRENT freed 200K, 6% free 10673K/11335K, paused 2ms+9ms
07-01 20:46:25.209 15325 15328 D dalvikvm: GC_CONCURRENT freed 698K, 8% free 11402K/12295K, paused 2ms+5ms
07-01 20:46:25.607 15325 15328 D dalvikvm: GC_CONCURRENT freed 661K, 8% free 11408K/12295K, paused 2ms+3ms
07-01 20:46:25.799 15325 15328 D dalvikvm: GC_CONCURRENT freed 636K, 7% free 11439K/12295K, paused 3ms+10ms
07-01 20:46:26.053 14804 14848 D dalvikvm: GC_FOR_ALLOC freed 479K, 8% free 10505K/11335K, paused 29ms
07-01 20:46:26.295 15325 15328 D dalvikvm: GC_CONCURRENT freed 692K, 7% free 11472K/12295K, paused 2ms+2ms
07-01 20:46:26.717 14804 14806 D dalvikvm: GC_CONCURRENT freed 393K, 8% free 10540K/11335K, paused 3ms+3ms
07-01 20:46:27.717 14804 14806 D dalvikvm: GC_CONCURRENT freed 445K, 8% free 10539K/11335K, paused 2ms+4ms
07-01 20:46:27.873 15325 15347 D dalvikvm: GC_FOR_ALLOC freed 769K, 8% free 11454K/12423K, paused 33ms
07-01 20:46:28.768 14804 14806 D dalvikvm: GC_CONCURRENT freed 444K, 8% free 10539K/11335K, paused 5ms+15ms
07-01 20:46:29.189 15325 15328 D dalvikvm: GC_CONCURRENT freed 702K, 8% free 11443K/12423K, paused 2ms+2ms
07-01 20:46:29.385 15325 15328 D dalvikvm: GC_CONCURRENT freed 656K, 8% free 11467K/12423K, paused 2ms+2ms
07-01 20:46:29.693 15325 15328 D dalvikvm: GC_CONCURRENT freed 646K, 8% free 11507K/12423K, paused 2ms+7ms
07-01 20:46:29.732 14804 14806 D dalvikvm: GC_CONCURRENT freed 444K, 8% free 10520K/11335K, paused 2ms+2ms
07-01 20:46:29.904   145  1150 D dalvikvm: GC_EXPLICIT freed 831K, 24% free 16481K/21639K, paused 3ms+13ms
07-01 20:46:30.689 14804 14806 D dalvikvm: GC_CONCURRENT freed 392K, 8% free 10524K/11335K, paused 3ms+3ms
07-01 20:46:31.494 15325 15328 D dalvikvm: GC_CONCURRENT freed 756K, 8% free 11457K/12423K, paused 2ms+4ms
07-01 20:46:31.588 14804 14806 D dalvikvm: GC_CONCURRENT freed 347K, 7% free 10569K/11335K, paused 2ms+3ms
07-01 20:46:31.736 15325 15328 D dalvikvm: GC_CONCURRENT freed 688K, 8% free 11454K/12423K, paused 2ms+3ms
07-01 20:46:31.924 15325 15328 D dalvikvm: GC_CONCURRENT freed 661K, 8% free 11479K/12423K, paused 2ms+3ms
07-01 20:46:32.076 15325 15328 D dalvikvm: GC_CONCURRENT freed 655K, 8% free 11515K/12423K, paused 2ms+3ms
07-01 20:46:32.260 15325 15347 D dalvikvm: GC_EXPLICIT freed 183K, 8% free 11519K/12423K, paused 6ms+22ms
07-01 20:46:32.393 14804 14806 D dalvikvm: GC_CONCURRENT freed 464K, 8% free 10493K/11335K, paused 2ms+4ms
07-01 20:46:33.361 14804 14806 D dalvikvm: GC_CONCURRENT freed 367K, 8% free 10525K/11335K, paused 2ms+3ms
07-01 20:46:34.240 14804 14806 D dalvikvm: GC_CONCURRENT freed 422K, 8% free 10493K/11335K, paused 2ms+3ms
07-01 20:46:35.689 14804 14806 D dalvikvm: GC_CONCURRENT freed 282K, 7% free 10609K/11335K, paused 2ms+2ms
07-01 20:46:35.869 15325 15328 D dalvikvm: GC_CONCURRENT freed 811K, 8% free 11479K/12423K, paused 3ms+3ms
07-01 20:46:35.963 15325 15347 D dalvikvm: GC_FOR_ALLOC freed 437K, 8% free 11452K/12423K, paused 28ms
07-01 20:46:36.014 15325 15347 D dalvikvm: GC_FOR_ALLOC freed 147K, 8% free 11439K/12423K, paused 27ms
07-01 20:46:36.662 14804 14848 D dalvikvm: GC_FOR_ALLOC freed 200K, 7% free 10609K/11335K, paused 32ms
07-01 20:46:36.947  3921  3923 D dalvikvm: GC_CONCURRENT freed 355K, 6% free 10382K/10951K, paused 7ms+4ms
07-01 20:46:36.963 14875 14876 D dalvikvm: GC_CONCURRENT freed 514K, 6% free 10385K/11015K, paused 12ms+3ms
07-01 20:46:37.334 13246 13248 D dalvikvm: GC_CONCURRENT freed 490K, 8% free 10297K/11079K, paused 17ms+3ms
07-01 20:46:37.631 14804 14848 D dalvikvm: GC_FOR_ALLOC freed 390K, 8% free 10480K/11335K, paused 41ms
07-01 20:46:37.756 15325 15328 D dalvikvm: GC_CONCURRENT freed 659K, 8% free 11460K/12423K, paused 2ms+5ms
07-01 20:46:37.787 14804 14806 D dalvikvm: GC_CONCURRENT freed 200K, 6% free 10673K/11335K, paused 2ms+2ms
07-01 20:46:37.873 15325 15347 D dalvikvm: GC_FOR_ALLOC freed 53K, 8% free 11472K/12423K, paused 26ms
07-01 20:46:37.877 15325 15347 I dalvikvm-heap: Grow heap (frag case) to 11.319MB for 47662-byte allocation
07-01 20:46:37.900 15325 15347 D dalvikvm: GC_FOR_ALLOC freed 22K, 8% free 11496K/12487K, paused 26ms
07-01 20:46:37.932 15325 15347 D dalvikvm: GC_FOR_ALLOC freed 50K, 9% free 11479K/12487K, paused 26ms
07-01 20:46:37.971 15325 15347 D dalvikvm: GC_FOR_ALLOC freed 132K, 9% free 11445K/12487K, paused 27ms
07-01 20:46:38.584 15325 15328 D dalvikvm: GC_CONCURRENT freed 641K, 8% free 11498K/12487K, paused 3ms+3ms
07-01 20:46:38.732 14804 14848 D dalvikvm: GC_FOR_ALLOC freed 390K, 8% free 10480K/11335K, paused 23ms
07-01 20:46:38.834 15325 15328 D dalvikvm: GC_CONCURRENT freed 673K, 8% free 11523K/12487K, paused 2ms+2ms
07-01 20:46:39.701 14804 14806 D dalvikvm: GC_CONCURRENT freed 200K, 6% free 10673K/11335K, paused 6ms+2ms
07-01 20:46:40.611 14804 14848 D dalvikvm: GC_FOR_ALLOC freed 390K, 8% free 10480K/11335K, paused 23ms
07-01 20:46:40.893 14804 14806 D dalvikvm: GC_CONCURRENT freed 298K, 7% free 10580K/11335K, paused 2ms+2ms
07-01 20:46:41.033 15325 15328 D dalvikvm: GC_CONCURRENT freed 802K, 9% free 11443K/12487K, paused 2ms+3ms
07-01 20:46:41.322 15325 15328 D dalvikvm: GC_CONCURRENT freed 681K, 9% free 11444K/12487K, paused 2ms+3ms
07-01 20:46:41.623 15325 15328 D dalvikvm: GC_CONCURRENT freed 681K, 9% free 11445K/12487K, paused 2ms+3ms
07-01 20:46:41.799 15325 15328 D dalvikvm: GC_CONCURRENT freed 485K, 7% free 11649K/12487K, paused 2ms+3ms
07-01 20:46:41.928 14804 14848 D dalvikvm: GC_FOR_ALLOC freed 439K, 8% free 10504K/11335K, paused 26ms
07-01 20:46:42.057 15325 15328 D dalvikvm: GC_CONCURRENT freed 636K, 7% free 11780K/12551K, paused 2ms+3ms
07-01 20:46:42.416 15325 15328 D dalvikvm: GC_CONCURRENT freed 781K, 8% free 11838K/12743K, paused 3ms+3ms
07-01 20:46:42.748 15325 15328 D dalvikvm: GC_CONCURRENT freed 1266K, 11% free 11411K/12807K, paused 2ms+3ms
07-01 20:46:43.088 14804 14806 D dalvikvm: GC_CONCURRENT freed 341K, 7% free 10601K/11335K, paused 5ms+4ms
07-01 20:46:43.533 15325 15345 I SyncService: sync service finished (20:46:43)
07-01 20:46:44.248 14804 14806 D dalvikvm: GC_CONCURRENT freed 514K, 8% free 10488K/11335K, paused 4ms+10ms
07-01 20:46:45.381 14804 14806 D dalvikvm: GC_CONCURRENT freed 377K, 7% free 10607K/11335K, paused 2ms+3ms
07-01 20:46:46.451 14804 14848 D dalvikvm: GC_FOR_ALLOC freed 452K, 8% free 10480K/11335K, paused 37ms
07-01 20:46:47.619 14804 14806 D dalvikvm: GC_CONCURRENT freed 367K, 7% free 10543K/11335K, paused 4ms+3ms
07-01 20:46:48.686 14804 14806 D dalvikvm: GC_CONCURRENT freed 447K, 8% free 10487K/11335K, paused 4ms+3ms
07-01 20:46:49.154   345   345 D SAN_SERVICE: *******************************************
07-01 20:46:49.154   345   345 D SAN_SERVICE: DM App Phone Service State - 0
07-01 20:46:49.154   345   345 D SAN_SERVICE: *******************************************
07-01 20:46:49.912 14804 14806 D dalvikvm: GC_CONCURRENT freed 391K, 8% free 10484K/11335K, paused 2ms+3ms
07-01 20:46:51.170 14804 14806 D dalvikvm: GC_CONCURRENT freed 352K, 8% free 10533K/11335K, paused 2ms+2ms
07-01 20:46:52.096 14804 14806 D dalvikvm: GC_CONCURRENT freed 440K, 8% free 10484K/11335K, paused 2ms+3ms
07-01 20:46:52.975 14804 14806 D dalvikvm: GC_CONCURRENT freed 341K, 8% free 10539K/11335K, paused 2ms+2ms
07-01 20:46:53.994 14804 14806 D dalvikvm: GC_CONCURRENT freed 434K, 8% free 10520K/11335K, paused 10ms+2ms
07-01 20:46:54.979 14804 14806 D dalvikvm: GC_CONCURRENT freed 404K, 8% free 10539K/11335K, paused 2ms+3ms
07-01 20:46:56.166 14804 14848 D dalvikvm: GC_FOR_ALLOC freed 421K, 8% free 10480K/11335K, paused 22ms
07-01 20:46:56.721 14804 14806 D dalvikvm: GC_CONCURRENT freed 380K, 8% free 10496K/11335K, paused 2ms+3ms
07-01 20:46:57.752 14804 14806 D dalvikvm: GC_CONCURRENT freed 234K, 6% free 10671K/11335K, paused 2ms+2ms
07-01 20:46:58.826 14804 14848 D dalvikvm: GC_FOR_ALLOC freed 405K, 8% free 10526K/11335K, paused 31ms
07-01 20:46:59.498 14804 14806 D dalvikvm: GC_CONCURRENT freed 412K, 8% free 10504K/11335K, paused 2ms+2ms
07-01 20:47:00.647 14804 14806 D dalvikvm: GC_CONCURRENT freed 384K, 8% free 10534K/11335K, paused 2ms+2ms
07-01 20:47:01.768 14804 14806 D dalvikvm: GC_CONCURRENT freed 416K, 8% free 10529K/11335K, paused 2ms+2ms
07-01 20:47:02.850 14804 14806 D dalvikvm: GC_CONCURRENT freed 354K, 7% free 10627K/11335K, paused 2ms+3ms
07-01 20:47:03.014   345   345 D SAN_SERVICE: *******************************************
07-01 20:47:03.018   345   345 D SAN_SERVICE: DM App Phone Service State - 0
07-01 20:47:03.018   345   345 D SAN_SERVICE: *******************************************
07-01 20:47:03.525   345   345 D SAN_SERVICE: *******************************************
07-01 20:47:03.525   345   345 D SAN_SERVICE: DM App Phone Service State - 0
07-01 20:47:03.525   345   345 D SAN_SERVICE: *******************************************
07-01 20:47:03.947 14804 14848 D dalvikvm: GC_FOR_ALLOC freed 406K, 8% free 10533K/11335K, paused 23ms
07-01 20:47:05.100 14804 14848 D dalvikvm: GC_FOR_ALLOC freed 435K, 8% free 10480K/11335K, paused 21ms
07-01 20:47:06.213 14804 14806 D dalvikvm: GC_CONCURRENT freed 390K, 8% free 10482K/11335K, paused 6ms+3ms
07-01 20:47:06.791 14804 14806 D dalvikvm: GC_CONCURRENT freed 351K, 8% free 10535K/11335K, paused 5ms+5ms
07-01 20:47:07.943 14804 14848 D dalvikvm: GC_FOR_ALLOC freed 273K, 7% free 10607K/11335K, paused 22ms
07-01 20:47:09.080 14804 14806 D dalvikvm: GC_CONCURRENT freed 527K, 8% free 10495K/11335K, paused 3ms+8ms
07-01 20:47:10.127 14804 14806 D dalvikvm: GC_CONCURRENT freed 383K, 8% free 10541K/11335K, paused 6ms+2ms
07-01 20:47:11.291 14804 14806 D dalvikvm: GC_CONCURRENT freed 444K, 8% free 10503K/11335K, paused 7ms+3ms
07-01 20:47:12.377 14804 14848 D dalvikvm: GC_FOR_ALLOC freed 388K, 8% free 10480K/11335K, paused 31ms
07-01 20:47:13.072 14804 14806 D dalvikvm: GC_CONCURRENT freed 206K, 6% free 10669K/11335K, paused 3ms+3ms
07-01 20:47:14.104 14804 14848 D dalvikvm: GC_FOR_ALLOC freed 400K, 8% free 10480K/11335K, paused 21ms
07-01 20:47:14.732 14804 14806 D dalvikvm: GC_CONCURRENT freed 343K, 8% free 10541K/11335K, paused 3ms+3ms
07-01 20:47:15.799 14804 14806 D dalvikvm: GC_CONCURRENT freed 433K, 7% free 10557K/11335K, paused 5ms+6ms
07-01 20:47:16.885 14804 14848 D dalvikvm: GC_FOR_ALLOC freed 334K, 8% free 10480K/11335K, paused 22ms
07-01 20:47:17.674 14804 14806 D dalvikvm: GC_CONCURRENT freed 206K, 6% free 10669K/11335K, paused 2ms+2ms
07-01 20:47:18.189   345   345 D SAN_SERVICE: *******************************************
07-01 20:47:18.189   345   345 D SAN_SERVICE: DM App Phone Service State - 0
07-01 20:47:18.189   345   345 D SAN_SERVICE: *******************************************
07-01 20:47:18.779 14804 14848 D dalvikvm: GC_FOR_ALLOC freed 485K, 8% free 10496K/11335K, paused 39ms
07-01 20:47:18.897   345   345 D SAN_SERVICE: *******************************************
07-01 20:47:18.897   345   345 D SAN_SERVICE: DM App Phone Service State - 0
07-01 20:47:18.900   345   345 D SAN_SERVICE: *******************************************
07-01 20:47:19.549 14804 14806 D dalvikvm: GC_CONCURRENT freed 379K, 8% free 10506K/11335K, paused 2ms+3ms
07-01 20:47:20.264 14804 14806 D dalvikvm: GC_CONCURRENT freed 384K, 8% free 10538K/11335K, paused 2ms+2ms
07-01 20:47:21.467 14900 14913 I PhoneLab-: Service Running
07-01 20:47:21.529 14900 14913 I PhoneLab-LoggerService: app_37    1360  1     1436   996   c00f181c 400107b4 S logcat
07-01 20:47:21.529 14900 14913 I PhoneLab-LoggerService: Logcat pid from database 1360
07-01 20:47:21.533 14900 14913 I PhoneLab-LoggerService: Logcat process found 1360
07-01 20:47:21.533 14900 14913 I PhoneLab-LoggerService: Checking Threshold
07-01 20:47:21.568 14900 14913 I PhoneLab-LoggerService: Starting to rename files
07-01 20:47:21.568 14900 14913 I PhoneLab-LoggerService: Files found .. 2
07-01 20:47:21.615 14804 14806 D dalvikvm: GC_CONCURRENT freed 365K, 7% free 10589K/11335K, paused 3ms+3ms
07-01 20:47:22.596 14804 14848 D dalvikvm: GC_FOR_ALLOC freed 415K, 8% free 10480K/11335K, paused 22ms
07-01 20:47:23.291 14804 14806 D dalvikvm: GC_CONCURRENT freed 380K, 8% free 10503K/11335K, paused 13ms+3ms
07-01 20:47:24.174 14804 14806 D dalvikvm: GC_CONCURRENT freed 248K, 7% free 10647K/11335K, paused 3ms+2ms
07-01 20:47:25.357 14804 14806 D dalvikvm: GC_CONCURRENT freed 581K, 8% free 10487K/11335K, paused 3ms+3ms
07-01 20:47:26.424 14804 14806 D dalvikvm: GC_CONCURRENT freed 307K, 7% free 10591K/11335K, paused 2ms+4ms
07-01 20:47:27.541 14804 14848 D dalvikvm: GC_FOR_ALLOC freed 406K, 8% free 10480K/11335K, paused 21ms
07-01 20:47:28.143 14804 14806 D dalvikvm: GC_CONCURRENT freed 367K, 8% free 10512K/11335K, paused 3ms+3ms
07-01 20:47:29.299 14804 14806 D dalvikvm: GC_CONCURRENT freed 366K, 7% free 10588K/11335K, paused 5ms+2ms
07-01 20:47:30.377 14804 14848 D dalvikvm: GC_FOR_ALLOC freed 386K, 8% free 10530K/11335K, paused 23ms
07-01 20:47:31.006 14804 14806 D dalvikvm: GC_CONCURRENT freed 432K, 8% free 10496K/11335K, paused 3ms+3ms
07-01 20:47:32.061 14804 14806 D dalvikvm: GC_CONCURRENT freed 257K, 6% free 10669K/11335K, paused 2ms+2ms
07-01 20:47:33.107 14804 14848 D dalvikvm: GC_FOR_ALLOC freed 519K, 8% free 10488K/11335K, paused 27ms
07-01 20:47:33.775 14804 14806 D dalvikvm: GC_CONCURRENT freed 389K, 8% free 10484K/11335K, paused 2ms+2ms
07-01 20:47:34.736   145   200 D DhcpInfoInternal: makeLinkProperties with empty dns2!
07-01 20:47:34.740   145   200 D DhcpInfoInternal: makeLinkProperties with empty dns2!
07-01 20:47:34.807 14804 14806 D dalvikvm: GC_CONCURRENT freed 270K, 7% free 10627K/11335K, paused 3ms+4ms
07-01 20:47:35.494 12856 12856 D dalvikvm: GC_FOR_ALLOC freed 626K, 12% free 10591K/11911K, paused 41ms
07-01 20:47:35.545 12856 12856 D dalvikvm: GC_FOR_ALLOC freed 349K, 12% free 10588K/11911K, paused 17ms
07-01 20:47:35.600 12856 12856 D dalvikvm: GC_FOR_ALLOC freed 348K, 12% free 10586K/11911K, paused 23ms
07-01 20:47:35.643 12856 12856 D dalvikvm: GC_FOR_ALLOC freed 347K, 12% free 10586K/11911K, paused 14ms
07-01 20:47:35.912   145   361 D dalvikvm: GC_EXPLICIT freed 969K, 24% free 16503K/21639K, paused 8ms+7ms
07-01 20:47:35.959 12856 12858 D dalvikvm: GC_CONCURRENT freed 403K, 12% free 10582K/11911K, paused 4ms+3ms
07-01 20:47:36.092 14804 14848 D dalvikvm: GC_FOR_ALLOC freed 449K, 8% free 10499K/11335K, paused 25ms
07-01 20:47:36.916 14875 14876 D dalvikvm: GC_CONCURRENT freed 390K, 6% free 10385K/11015K, paused 14ms+6ms
07-01 20:47:37.107 13246 13248 D dalvikvm: GC_CONCURRENT freed 461K, 8% free 10256K/11079K, paused 8ms+9ms
07-01 20:47:37.236 13246 13248 D dalvikvm: GC_CONCURRENT freed 198K, 6% free 10442K/11079K, paused 2ms+2ms
07-01 20:47:37.502 14804 14806 D dalvikvm: GC_CONCURRENT freed 385K, 8% free 10520K/11335K, paused 25ms+2ms
07-01 20:47:38.283 14804 14806 D dalvikvm: GC_CONCURRENT freed 375K, 8% free 10536K/11335K, paused 2ms+3ms
07-01 20:47:38.412    81   129 D AudioHardware: AudioHardware pcm playback is going to standby.
07-01 20:47:38.416    81   129 D AudioHardware: closePcmOut_l() mPcmOpenCnt: 1
07-01 20:47:38.850 14804 14806 D dalvikvm: GC_CONCURRENT freed 421K, 8% free 10500K/11335K, paused 3ms+3ms
07-01 20:47:39.900 14804 14806 D dalvikvm: GC_CONCURRENT freed 385K, 8% free 10504K/11335K, paused 7ms+2ms
07-01 20:47:40.869 14804 14806 D dalvikvm: GC_CONCURRENT freed 405K, 8% free 10508K/11335K, paused 10ms+2ms
07-01 20:47:42.811 14804 14806 D dalvikvm: GC_CONCURRENT freed 384K, 7% free 10545K/11335K, paused 22ms+2ms
07-01 20:47:43.955 14804 14806 D dalvikvm: GC_CONCURRENT freed 431K, 8% free 10514K/11335K, paused 22ms+2ms
07-01 20:47:45.607 14804 14806 D dalvikvm: GC_CONCURRENT freed 372K, 8% free 10541K/11335K, paused 22ms+2ms
07-01 20:47:46.443 14804 14806 D dalvikvm: GC_CONCURRENT freed 430K, 8% free 10517K/11335K, paused 2ms+2ms
07-01 20:47:47.494 14804 14806 D dalvikvm: GC_CONCURRENT freed 417K, 8% free 10521K/11335K, paused 3ms+3ms
07-01 20:47:48.397 14804 14806 D dalvikvm: GC_CONCURRENT freed 412K, 8% free 10502K/11335K, paused 2ms+2ms
07-01 20:47:48.908   345   345 D SAN_SERVICE: *******************************************
07-01 20:47:48.908   345   345 D SAN_SERVICE: DM App Phone Service State - 0
07-01 20:47:48.908   345   345 D SAN_SERVICE: *******************************************
07-01 20:47:49.490 14804 14806 D dalvikvm: GC_CONCURRENT freed 348K, 7% free 10573K/11335K, paused 22ms+2ms
07-01 20:47:49.627   345   345 D SAN_SERVICE: *******************************************
07-01 20:47:49.627   345   345 D SAN_SERVICE: DM App Phone Service State - 0
07-01 20:47:49.627   345   345 D SAN_SERVICE: *******************************************
07-01 20:47:50.533 14804 14848 D dalvikvm: GC_FOR_ALLOC freed 415K, 8% free 10480K/11335K, paused 21ms
07-01 20:47:50.967 14804 14806 D dalvikvm: GC_CONCURRENT freed 305K, 7% free 10584K/11335K, paused 2ms+2ms
07-01 20:47:51.979 14804 14848 D dalvikvm: GC_FOR_ALLOC freed 405K, 8% free 10514K/11335K, paused 52ms
07-01 20:47:53.010 14804 14806 D dalvikvm: GC_CONCURRENT freed 409K, 8% free 10514K/11335K, paused 21ms+2ms
07-01 20:47:54.018 14804 14806 D dalvikvm: GC_CONCURRENT freed 409K, 8% free 10514K/11335K, paused 22ms+3ms
07-01 20:47:54.990 14804 14806 D dalvikvm: GC_CONCURRENT freed 409K, 8% free 10514K/11335K, paused 9ms+2ms
07-01 20:47:55.982 14804 14806 D dalvikvm: GC_CONCURRENT freed 409K, 8% free 10514K/11335K, paused 2ms+5ms
07-01 20:47:57.014 14804 14848 D dalvikvm: GC_FOR_ALLOC freed 407K, 8% free 10480K/11335K, paused 90ms
07-01 20:47:58.049 14804 14806 D dalvikvm: GC_CONCURRENT freed 368K, 8% free 10520K/11335K, paused 6ms+6ms
07-01 20:47:59.061   345   345 D SAN_SERVICE: *******************************************
07-01 20:47:59.061   345   345 D SAN_SERVICE: DM App Phone Service State - 0
07-01 20:47:59.061   345   345 D SAN_SERVICE: *******************************************
07-01 20:47:59.088 14804 14806 D dalvikvm: GC_CONCURRENT freed 422K, 8% free 10511K/11335K, paused 2ms+3ms
07-01 20:47:59.643   345   345 D SAN_SERVICE: *******************************************
07-01 20:47:59.643   345   345 D SAN_SERVICE: DM App Phone Service State - 0
07-01 20:47:59.643   345   345 D SAN_SERVICE: *******************************************
07-01 20:47:59.717   345   347 D dalvikvm: GC_CONCURRENT freed 747K, 9% free 11642K/12679K, paused 15ms+3ms
07-01 20:48:00.174 14804 14806 D dalvikvm: GC_CONCURRENT freed 380K, 8% free 10524K/11335K, paused 2ms+2ms
07-01 20:48:01.330 14804 14806 D dalvikvm: GC_CONCURRENT freed 409K, 8% free 10535K/11335K, paused 3ms+2ms
07-01 20:48:02.447 14804 14806 D dalvikvm: GC_CONCURRENT freed 404K, 8% free 10535K/11335K, paused 3ms+2ms
07-01 20:48:03.572 14804 14806 D dalvikvm: GC_CONCURRENT freed 433K, 8% free 10541K/11335K, paused 2ms+2ms
07-01 20:48:04.701 14804 14848 D dalvikvm: GC_FOR_ALLOC freed 415K, 8% free 10480K/11335K, paused 21ms
07-01 20:48:05.264 14804 14806 D dalvikvm: GC_CONCURRENT freed 364K, 8% free 10514K/11335K, paused 2ms+3ms
07-01 20:48:06.377 14804 14806 D dalvikvm: GC_CONCURRENT freed 405K, 8% free 10512K/11335K, paused 1ms+2ms
07-01 20:48:07.510 14804 14806 D dalvikvm: GC_CONCURRENT freed 404K, 8% free 10512K/11335K, paused 2ms+3ms
07-01 20:48:08.627 14804 14806 D dalvikvm: GC_CONCURRENT freed 404K, 8% free 10512K/11335K, paused 2ms+2ms
07-01 20:48:09.846 14804 14806 D dalvikvm: GC_CONCURRENT freed 404K, 8% free 10512K/11335K, paused 2ms+3ms
07-01 20:48:10.986 14804 14806 D dalvikvm: GC_CONCURRENT freed 404K, 8% free 10512K/11335K, paused 2ms+2ms
07-01 20:48:12.025 14804 14806 D dalvikvm: GC_CONCURRENT freed 403K, 8% free 10512K/11335K, paused 2ms+2ms
07-01 20:48:13.135 14804 14806 D dalvikvm: GC_CONCURRENT freed 404K, 8% free 10512K/11335K, paused 3ms+3ms
07-01 20:48:14.283 14804 14806 D dalvikvm: GC_CONCURRENT freed 404K, 8% free 10512K/11335K, paused 2ms+2ms
07-01 20:48:15.397 14804 14806 D dalvikvm: GC_CONCURRENT freed 407K, 8% free 10512K/11335K, paused 2ms+3ms
07-01 20:48:16.518 14804 14806 D dalvikvm: GC_CONCURRENT freed 404K, 8% free 10512K/11335K, paused 2ms+3ms
07-01 20:48:17.654 14804 14806 D dalvikvm: GC_CONCURRENT freed 404K, 8% free 10512K/11335K, paused 3ms+2ms
07-01 20:48:18.764 14804 14806 D dalvikvm: GC_CONCURRENT freed 404K, 8% free 10512K/11335K, paused 2ms+3ms
07-01 20:48:19.635   145   329 D AlarmManagerService: Kernel timezone updated to 240 minutes west of GMT
07-01 20:48:19.900 14804 14806 D dalvikvm: GC_CONCURRENT freed 404K, 8% free 10512K/11335K, paused 2ms+3ms
07-01 20:48:21.033 14804 14806 D dalvikvm: GC_CONCURRENT freed 404K, 8% free 10512K/11335K, paused 2ms+2ms
07-01 20:48:22.158 14804 14806 D dalvikvm: GC_CONCURRENT freed 404K, 8% free 10512K/11335K, paused 2ms+2ms
07-01 20:48:23.279 14804 14806 D dalvikvm: GC_CONCURRENT freed 404K, 8% free 10512K/11335K, paused 2ms+3ms
07-01 20:48:24.408 14804 14806 D dalvikvm: GC_CONCURRENT freed 407K, 8% free 10512K/11335K, paused 2ms+3ms
07-01 20:48:25.549 14804 14806 D dalvikvm: GC_CONCURRENT freed 404K, 8% free 10512K/11335K, paused 2ms+2ms
07-01 20:48:26.732 14804 14806 D dalvikvm: GC_CONCURRENT freed 404K, 8% free 10512K/11335K, paused 2ms+3ms
07-01 20:48:27.783 14804 14806 D dalvikvm: GC_CONCURRENT freed 404K, 8% free 10512K/11335K, paused 2ms+3ms
07-01 20:48:28.959 14804 14806 D dalvikvm: GC_CONCURRENT freed 404K, 8% free 10512K/11335K, paused 2ms+3ms
07-01 20:48:30.049 14804 14806 D dalvikvm: GC_CONCURRENT freed 404K, 8% free 10512K/11335K, paused 2ms+3ms
07-01 20:48:31.158 14804 14806 D dalvikvm: GC_CONCURRENT freed 404K, 8% free 10512K/11335K, paused 2ms+2ms
07-01 20:48:32.291 14804 14806 D dalvikvm: GC_CONCURRENT freed 404K, 8% free 10512K/11335K, paused 2ms+3ms
07-01 20:48:33.412 14804 14806 D dalvikvm: GC_CONCURRENT freed 407K, 8% free 10512K/11335K, paused 2ms+2ms
07-01 20:48:34.549 14804 14806 D dalvikvm: GC_CONCURRENT freed 404K, 8% free 10512K/11335K, paused 2ms+2ms
07-01 20:48:34.986   345   345 D SAN_SERVICE: *******************************************
07-01 20:48:34.986   345   345 D SAN_SERVICE: DM App Phone Service State - 0
07-01 20:48:34.986   345   345 D SAN_SERVICE: *******************************************
07-01 20:48:35.225   345   345 D SAN_SERVICE: *******************************************
07-01 20:48:35.225   345   345 D SAN_SERVICE: DM App Phone Service State - 0
07-01 20:48:35.225   345   345 D SAN_SERVICE: *******************************************
07-01 20:48:35.772 14804 14806 D dalvikvm: GC_CONCURRENT freed 404K, 8% free 10512K/11335K, paused 2ms+3ms
07-01 20:48:37.064 13246 13248 D dalvikvm: GC_CONCURRENT freed 636K, 8% free 10223K/11079K, paused 2ms+2ms
07-01 20:48:37.127 14804 14806 D dalvikvm: GC_CONCURRENT freed 404K, 8% free 10512K/11335K, paused 2ms+3ms
07-01 20:48:38.182 14804 14806 D dalvikvm: GC_CONCURRENT freed 403K, 8% free 10512K/11335K, paused 23ms+2ms
07-01 20:48:39.189 14804 14806 D dalvikvm: GC_CONCURRENT freed 404K, 8% free 10512K/11335K, paused 23ms+2ms
07-01 20:48:40.135 14804 14806 D dalvikvm: GC_CONCURRENT freed 273K, 7% free 10643K/11335K, paused 2ms+3ms
07-01 20:48:41.244 14804 14848 D dalvikvm: GC_FOR_ALLOC freed 384K, 7% free 10543K/11335K, paused 21ms
07-01 20:48:42.377 14804 14848 D dalvikvm: GC_FOR_ALLOC freed 405K, 8% free 10482K/11335K, paused 24ms
07-01 20:48:42.971 14804 14806 D dalvikvm: GC_CONCURRENT freed 207K, 6% free 10669K/11335K, paused 2ms+2ms
07-01 20:48:44.932 14804 14848 D dalvikvm: GC_FOR_ALLOC freed 497K, 8% free 10480K/11335K, paused 67ms
07-01 20:48:45.967 14804 14806 D dalvikvm: GC_CONCURRENT freed 313K, 7% free 10584K/11335K, paused 2ms+3ms
07-01 20:48:46.717 14804 14848 D dalvikvm: GC_FOR_ALLOC freed 405K, 8% free 10514K/11335K, paused 22ms
07-01 20:48:47.803 14804 14806 D dalvikvm: GC_CONCURRENT freed 414K, 8% free 10514K/11335K, paused 22ms+2ms
07-01 20:48:48.783 14804 14806 D dalvikvm: GC_CONCURRENT freed 414K, 8% free 10514K/11335K, paused 21ms+2ms
07-01 20:48:49.584 14804 14806 D dalvikvm: GC_CONCURRENT freed 381K, 8% free 10518K/11335K, paused 2ms+3ms
07-01 20:48:50.580 14804 14806 D dalvikvm: GC_CONCURRENT freed 419K, 8% free 10518K/11335K, paused 2ms+3ms
07-01 20:48:51.604 14804 14806 D dalvikvm: GC_CONCURRENT freed 422K, 8% free 10518K/11335K, paused 2ms+3ms
07-01 20:48:52.654 14804 14806 D dalvikvm: GC_CONCURRENT freed 282K, 7% free 10649K/11335K, paused 2ms+3ms
07-01 20:48:53.635 14804 14848 D dalvikvm: GC_FOR_ALLOC freed 405K, 8% free 10480K/11335K, paused 21ms
07-01 20:48:54.182 14804 14806 D dalvikvm: GC_CONCURRENT freed 281K, 7% free 10601K/11335K, paused 2ms+2ms
07-01 20:48:55.303 14804 14848 D dalvikvm: GC_FOR_ALLOC freed 405K, 8% free 10520K/11335K, paused 21ms
07-01 20:48:56.416 14804 14848 D dalvikvm: GC_FOR_ALLOC freed 404K, 8% free 10480K/11335K, paused 20ms
07-01 20:48:57.541 14804 14806 D dalvikvm: GC_CONCURRENT freed 336K, 7% free 10543K/11335K, paused 2ms+3ms
07-01 20:48:58.150 14804 14848 D dalvikvm: GC_FOR_ALLOC freed 202K, 7% free 10609K/11335K, paused 21ms
07-01 20:48:58.662 14804 14848 D dalvikvm: GC_FOR_ALLOC freed 205K, 7% free 10607K/11335K, paused 21ms
07-01 20:49:00.064 14804 14848 D dalvikvm: GC_FOR_ALLOC freed 415K, 8% free 10480K/11335K, paused 69ms
07-01 20:49:00.424 14804 14806 D dalvikvm: GC_CONCURRENT freed 202K, 6% free 10673K/11335K, paused 2ms+2ms
07-01 20:49:01.525 14804 14848 D dalvikvm: GC_FOR_ALLOC freed 404K, 8% free 10480K/11335K, paused 21ms
07-01 20:49:02.213 14804 14806 D dalvikvm: GC_CONCURRENT freed 208K, 6% free 10669K/11335K, paused 2ms+2ms
07-01 20:49:03.201 14804 14848 D dalvikvm: GC_FOR_ALLOC freed 400K, 8% free 10480K/11335K, paused 36ms
07-01 20:49:03.799 14804 14806 D dalvikvm: GC_CONCURRENT freed 202K, 6% free 10673K/11335K, paused 2ms+2ms
07-01 20:49:05.096 14804 14848 D dalvikvm: GC_FOR_ALLOC freed 400K, 8% free 10480K/11335K, paused 20ms
07-01 20:49:05.436 14804 14806 D dalvikvm: GC_CONCURRENT freed 208K, 6% free 10669K/11335K, paused 2ms+3ms
07-01 20:49:06.549 14804 14848 D dalvikvm: GC_FOR_ALLOC freed 400K, 8% free 10480K/11335K, paused 21ms
07-01 20:49:07.209 14804 14806 D dalvikvm: GC_CONCURRENT freed 202K, 6% free 10673K/11335K, paused 2ms+2ms
07-01 20:49:08.275 14804 14848 D dalvikvm: GC_FOR_ALLOC freed 400K, 8% free 10480K/11335K, paused 21ms
07-01 20:49:08.826 14804 14806 D dalvikvm: GC_CONCURRENT freed 208K, 6% free 10669K/11335K, paused 2ms+3ms
07-01 20:49:10.178 14804 14848 D dalvikvm: GC_FOR_ALLOC freed 402K, 8% free 10482K/11335K, paused 75ms
07-01 20:49:10.557 14804 14806 D dalvikvm: GC_CONCURRENT freed 203K, 6% free 10673K/11335K, paused 2ms+2ms
07-01 20:49:11.666 14804 14848 D dalvikvm: GC_FOR_ALLOC freed 400K, 8% free 10480K/11335K, paused 21ms
07-01 20:49:12.209 14804 14806 D dalvikvm: GC_CONCURRENT freed 208K, 6% free 10669K/11335K, paused 2ms+2ms
07-01 20:49:13.303 14804 14848 D dalvikvm: GC_FOR_ALLOC freed 405K, 8% free 10480K/11335K, paused 21ms
07-01 20:49:13.943 14804 14806 D dalvikvm: GC_CONCURRENT freed 202K, 6% free 10673K/11335K, paused 1ms+3ms
07-01 20:49:15.049 14804 14848 D dalvikvm: GC_FOR_ALLOC freed 400K, 8% free 10480K/11335K, paused 21ms
07-01 20:49:15.994 14804 14806 D dalvikvm: GC_CONCURRENT freed 208K, 6% free 10669K/11335K, paused 2ms+2ms
07-01 20:49:17.014 14804 14848 D dalvikvm: GC_FOR_ALLOC freed 496K, 7% free 10544K/11335K, paused 64ms
07-01 20:49:17.400 14804 14848 D dalvikvm: GC_FOR_ALLOC freed 206K, 7% free 10607K/11335K, paused 21ms
07-01 20:49:17.994 14804 14848 D dalvikvm: GC_FOR_ALLOC freed 201K, 7% free 10607K/11335K, paused 45ms
07-01 20:49:18.967 14804 14848 D dalvikvm: GC_FOR_ALLOC freed 400K, 8% free 10480K/11335K, paused 23ms
07-01 20:49:19.764 14804 14806 D dalvikvm: GC_CONCURRENT freed 208K, 6% free 10669K/11335K, paused 22ms+2ms
07-01 20:49:20.670 14804 14848 D dalvikvm: GC_FOR_ALLOC freed 400K, 8% free 10480K/11335K, paused 22ms
07-01 20:49:21.174   345   345 D SAN_SERVICE: *******************************************
07-01 20:49:21.174   345   345 D SAN_SERVICE: DM App Phone Service State - 0
07-01 20:49:21.174   345   345 D SAN_SERVICE: *******************************************
07-01 20:49:21.287   345   345 D SAN_SERVICE: *******************************************
07-01 20:49:21.287   345   345 D SAN_SERVICE: DM App Phone Service State - 0
07-01 20:49:21.287   345   345 D SAN_SERVICE: *******************************************
07-01 20:49:21.326 14900 14913 I PhoneLab-: Service Running
07-01 20:49:21.354 14804 14806 D dalvikvm: GC_CONCURRENT freed 205K, 6% free 10669K/11335K, paused 4ms+2ms
07-01 20:49:21.412 14900 14902 D dalvikvm: GC_CONCURRENT freed 435K, 14% free 9135K/10567K, paused 10ms+2ms
07-01 20:49:21.416 14900 14913 I PhoneLab-LoggerService: app_37    1360  1     1436   996   c00f181c 400107b4 S logcat
07-01 20:49:21.420 14900 14913 I PhoneLab-LoggerService: Logcat pid from database 1360
07-01 20:49:21.420 14900 14913 I PhoneLab-LoggerService: Logcat process found 1360
07-01 20:49:21.420 14900 14913 I PhoneLab-LoggerService: Checking Threshold
07-01 20:49:21.420 14900 14913 I PhoneLab-LoggerService: Starting to rename files
07-01 20:49:21.420 14900 14913 I PhoneLab-LoggerService: Files found .. 2
07-01 20:49:22.100   345   345 D SAN_SERVICE: *******************************************
07-01 20:49:22.100   345   345 D SAN_SERVICE: DM App Phone Service State - 0
07-01 20:49:22.100   345   345 D SAN_SERVICE: *******************************************
07-01 20:49:22.424 14804 14848 D dalvikvm: GC_FOR_ALLOC freed 400K, 8% free 10480K/11335K, paused 20ms
07-01 20:49:22.869 14804 14806 D dalvikvm: GC_CONCURRENT freed 205K, 6% free 10669K/11335K, paused 2ms+3ms
07-01 20:49:23.955 14804 14848 D dalvikvm: GC_FOR_ALLOC freed 400K, 8% free 10480K/11335K, paused 22ms
07-01 20:49:24.600 14804 14806 D dalvikvm: GC_CONCURRENT freed 205K, 6% free 10669K/11335K, paused 2ms+2ms
07-01 20:49:25.795 14804 14848 D dalvikvm: GC_FOR_ALLOC freed 400K, 8% free 10480K/11335K, paused 22ms
07-01 20:49:26.287 14804 14806 D dalvikvm: GC_CONCURRENT freed 329K, 7% free 10555K/11335K, paused 1ms+2ms
07-01 20:49:27.342 14804 14848 D dalvikvm: GC_FOR_ALLOC freed 294K, 7% free 10607K/11335K, paused 21ms
07-01 20:49:28.764 14804 14848 D dalvikvm: GC_FOR_ALLOC freed 402K, 8% free 10482K/11335K, paused 24ms
07-01 20:49:29.197 14804 14806 D dalvikvm: GC_CONCURRENT freed 207K, 6% free 10669K/11335K, paused 2ms+2ms
07-01 20:49:30.525 14804 14848 D dalvikvm: GC_FOR_ALLOC freed 400K, 8% free 10480K/11335K, paused 20ms
07-01 20:49:30.885 14804 14806 D dalvikvm: GC_CONCURRENT freed 205K, 6% free 10669K/11335K, paused 21ms+2ms
07-01 20:49:31.943 14804 14848 D dalvikvm: GC_FOR_ALLOC freed 400K, 8% free 10480K/11335K, paused 21ms
07-01 20:49:32.592 14804 14806 D dalvikvm: GC_CONCURRENT freed 205K, 6% free 10669K/11335K, paused 7ms+3ms
07-01 20:49:33.576 14804 14848 D dalvikvm: GC_FOR_ALLOC freed 400K, 8% free 10480K/11335K, paused 21ms
07-01 20:49:34.154 14804 14806 D dalvikvm: GC_CONCURRENT freed 205K, 6% free 10669K/11335K, paused 7ms+3ms
07-01 20:49:35.186 14804 14848 D dalvikvm: GC_FOR_ALLOC freed 585K, 8% free 10483K/11335K, paused 27ms
07-01 20:49:35.486   145 21614 I AudioService:  AudioFocus  abandonAudioFocus() from android.media.AudioManager@4136dcd0com.spotify.mobile.android.service.s@41375b80
07-01 20:49:35.686 12840 13265 D dalvikvm: GC_FOR_ALLOC freed 1566K, 14% free 14191K/16327K, paused 70ms
07-01 20:49:36.522 14804 14806 D dalvikvm: GC_CONCURRENT freed 321K, 7% free 10609K/11335K, paused 5ms+3ms
07-01 20:49:36.959 14875 14876 D dalvikvm: GC_CONCURRENT freed 507K, 6% free 10389K/11015K, paused 2ms+3ms
07-01 20:49:37.326 13993 13994 D dalvikvm: GC_CONCURRENT freed 814K, 8% free 11691K/12615K, paused 2ms+4ms
07-01 20:49:37.506 14804 14848 D dalvikvm: GC_FOR_ALLOC freed 404K, 8% free 10480K/11335K, paused 59ms
07-01 20:49:38.221 14804 14806 D dalvikvm: GC_CONCURRENT freed 371K, 8% free 10507K/11335K, paused 2ms+8ms
07-01 20:49:39.322 14804 14806 D dalvikvm: GC_CONCURRENT freed 255K, 6% free 10669K/11335K, paused 2ms+3ms
07-01 20:49:40.338 14804 14848 D dalvikvm: GC_FOR_ALLOC freed 400K, 8% free 10480K/11335K, paused 21ms
07-01 20:49:40.873 14804 14806 D dalvikvm: GC_CONCURRENT freed 196K, 6% free 10668K/11335K, paused 2ms+3ms
07-01 20:49:42.072 14804 14848 D dalvikvm: GC_FOR_ALLOC freed 506K, 7% free 10544K/11335K, paused 24ms
07-01 20:49:42.592 14804 14848 D dalvikvm: GC_FOR_ALLOC freed 215K, 7% free 10607K/11335K, paused 21ms
07-01 20:49:43.205 14804 14848 D dalvikvm: GC_FOR_ALLOC freed 192K, 7% free 10606K/11335K, paused 23ms
07-01 20:49:44.240 14804 14848 D dalvikvm: GC_FOR_ALLOC freed 400K, 8% free 10480K/11335K, paused 21ms
07-01 20:49:44.955 14804 14806 D dalvikvm: GC_CONCURRENT freed 214K, 6% free 10669K/11335K, paused 2ms+3ms
07-01 20:49:45.963 14804 14848 D dalvikvm: GC_FOR_ALLOC freed 400K, 8% free 10480K/11335K, paused 21ms
07-01 20:49:46.506 14804 14806 D dalvikvm: GC_CONCURRENT freed 196K, 6% free 10668K/11335K, paused 2ms+3ms
07-01 20:49:47.611 14804 14848 D dalvikvm: GC_FOR_ALLOC freed 404K, 8% free 10480K/11335K, paused 21ms
07-01 20:49:48.248 14804 14806 D dalvikvm: GC_CONCURRENT freed 214K, 6% free 10669K/11335K, paused 2ms+2ms
07-01 20:49:49.354 14804 14848 D dalvikvm: GC_FOR_ALLOC freed 400K, 8% free 10480K/11335K, paused 21ms
07-01 20:49:49.897 14804 14806 D dalvikvm: GC_CONCURRENT freed 195K, 6% free 10668K/11335K, paused 2ms+2ms
07-01 20:49:50.986 14804 14848 D dalvikvm: GC_FOR_ALLOC freed 400K, 8% free 10480K/11335K, paused 22ms
07-01 20:49:51.854   345   345 D SAN_SERVICE: *******************************************
07-01 20:49:51.854   345   345 D SAN_SERVICE: DM App Phone Service State - 0
07-01 20:49:51.854   345   345 D SAN_SERVICE: *******************************************
07-01 20:49:51.869 14804 14806 D dalvikvm: GC_CONCURRENT freed 214K, 6% free 10669K/11335K, paused 2ms+3ms
07-01 20:49:52.014   345   345 D SAN_SERVICE: *******************************************
07-01 20:49:52.014   345   345 D SAN_SERVICE: DM App Phone Service State - 0
07-01 20:49:52.014   345   345 D SAN_SERVICE: *******************************************
07-01 20:49:52.564   345   345 D SAN_SERVICE: *******************************************
07-01 20:49:52.564   345   345 D SAN_SERVICE: DM App Phone Service State - 0
07-01 20:49:52.564   345   345 D SAN_SERVICE: *******************************************
07-01 20:49:52.900   306   306 I wpa_supplicant: wlan0: WPA: Group rekeying completed with 94:44:52:17:be:7d [GTK=CCMP]
07-01 20:49:52.920 14804 14848 D dalvikvm: GC_FOR_ALLOC freed 400K, 8% free 10480K/11335K, paused 103ms
07-01 20:49:53.295 14804 14806 D dalvikvm: GC_CONCURRENT freed 383K, 8% free 10491K/11335K, paused 2ms+2ms
07-01 20:49:54.502 14804 14806 D dalvikvm: GC_CONCURRENT freed 216K, 6% free 10664K/11335K, paused 2ms+3ms
07-01 20:49:55.498 14804 14848 D dalvikvm: GC_FOR_ALLOC freed 400K, 8% free 10480K/11335K, paused 23ms
07-01 20:49:56.236 14804 14806 D dalvikvm: GC_CONCURRENT freed 216K, 6% free 10671K/11335K, paused 2ms+3ms
07-01 20:49:57.439 14804 14848 D dalvikvm: GC_FOR_ALLOC freed 402K, 8% free 10480K/11335K, paused 21ms
07-01 20:49:57.768 14804 14806 D dalvikvm: GC_CONCURRENT freed 200K, 6% free 10664K/11335K, paused 2ms+2ms
07-01 20:49:58.959 14804 14848 D dalvikvm: GC_FOR_ALLOC freed 445K, 8% free 10533K/11335K, paused 22ms
07-01 20:49:59.369   145   200 D DhcpInfoInternal: makeLinkProperties with empty dns2!
07-01 20:49:59.369   145   200 D DhcpInfoInternal: makeLinkProperties with empty dns2!
07-01 20:50:00.037 14804 14806 D dalvikvm: GC_CONCURRENT freed 388K, 8% free 10541K/11335K, paused 2ms+2ms
07-01 20:50:01.201 14804 14848 D dalvikvm: GC_FOR_ALLOC freed 409K, 8% free 10480K/11335K, paused 45ms
07-01 20:50:01.865 14804 14806 D dalvikvm: GC_CONCURRENT freed 205K, 6% free 10669K/11335K, paused 2ms+3ms
07-01 20:50:02.861 14804 14848 D dalvikvm: GC_FOR_ALLOC freed 400K, 8% free 10480K/11335K, paused 21ms
07-01 20:50:03.404 14804 14806 D dalvikvm: GC_CONCURRENT freed 205K, 6% free 10669K/11335K, paused 2ms+3ms
07-01 20:50:04.611 14804 14848 D dalvikvm: GC_FOR_ALLOC freed 400K, 8% free 10480K/11335K, paused 21ms
07-01 20:50:05.162 14804 14806 D dalvikvm: GC_CONCURRENT freed 205K, 6% free 10669K/11335K, paused 2ms+2ms
07-01 20:50:06.240 14804 14848 D dalvikvm: GC_FOR_ALLOC freed 404K, 8% free 10480K/11335K, paused 45ms
07-01 20:50:06.982 14804 14806 D dalvikvm: GC_CONCURRENT freed 205K, 6% free 10669K/11335K, paused 21ms+2ms
07-01 20:50:07.951 14804 14848 D dalvikvm: GC_FOR_ALLOC freed 400K, 8% free 10521K/11335K, paused 22ms
07-01 20:50:09.111 14804 14848 D dalvikvm: GC_FOR_ALLOC freed 409K, 8% free 10480K/11335K, paused 21ms
07-01 20:50:09.705 14804 14806 D dalvikvm: GC_CONCURRENT freed 205K, 6% free 10669K/11335K, paused 2ms+2ms
07-01 20:50:10.647 14804 14848 D dalvikvm: GC_FOR_ALLOC freed 400K, 8% free 10480K/11335K, paused 21ms
07-01 20:50:11.291 14804 14806 D dalvikvm: GC_CONCURRENT freed 205K, 6% free 10669K/11335K, paused 2ms+2ms
07-01 20:50:12.400 14804 14848 D dalvikvm: GC_FOR_ALLOC freed 400K, 8% free 10480K/11335K, paused 25ms
07-01 20:50:12.986 14804 14806 D dalvikvm: GC_CONCURRENT freed 210K, 6% free 10669K/11335K, paused 2ms+2ms
07-01 20:50:13.529 14804 14848 D dalvikvm: GC_FOR_ALLOC freed 202K, 7% free 10607K/11335K, paused 21ms
07-01 20:50:14.647 14804 14848 D dalvikvm: GC_FOR_ALLOC freed 402K, 8% free 10482K/11335K, paused 25ms
07-01 20:50:15.178 14804 14806 D dalvikvm: GC_CONCURRENT freed 207K, 6% free 10669K/11335K, paused 2ms+2ms
07-01 20:50:16.393 14804 14848 D dalvikvm: GC_FOR_ALLOC freed 410K, 8% free 10480K/11335K, paused 21ms
07-01 20:50:16.943 14804 14806 D dalvikvm: GC_CONCURRENT freed 205K, 6% free 10660K/11335K, paused 2ms+2ms
07-01 20:50:18.123 14804 14848 D dalvikvm: GC_FOR_ALLOC freed 405K, 8% free 10480K/11335K, paused 22ms
07-01 20:50:18.686 14804 14806 D dalvikvm: GC_CONCURRENT freed 205K, 6% free 10669K/11335K, paused 2ms+3ms
07-01 20:50:19.682 14804 14848 D dalvikvm: GC_FOR_ALLOC freed 400K, 8% free 10480K/11335K, paused 21ms
07-01 20:50:20.303 14804 14806 D dalvikvm: GC_CONCURRENT freed 205K, 6% free 10669K/11335K, paused 2ms+2ms
07-01 20:50:21.510 14804 14848 D dalvikvm: GC_FOR_ALLOC freed 400K, 8% free 10480K/11335K, paused 21ms
07-01 20:50:22.244 14804 14806 D dalvikvm: GC_CONCURRENT freed 205K, 6% free 10669K/11335K, paused 2ms+3ms
07-01 20:50:23.295 14804 14848 D dalvikvm: GC_FOR_ALLOC freed 400K, 8% free 10480K/11335K, paused 95ms
07-01 20:50:23.693 14804 14806 D dalvikvm: GC_CONCURRENT freed 205K, 6% free 10669K/11335K, paused 2ms+3ms
07-01 20:50:24.889 14804 14848 D dalvikvm: GC_FOR_ALLOC freed 404K, 8% free 10480K/11335K, paused 21ms
07-01 20:50:25.330 14804 14806 D dalvikvm: GC_CONCURRENT freed 205K, 6% free 10669K/11335K, paused 2ms+3ms
07-01 20:50:26.424 14804 14848 D dalvikvm: GC_FOR_ALLOC freed 400K, 8% free 10480K/11335K, paused 20ms
07-01 20:50:27.111 14804 14806 D dalvikvm: GC_CONCURRENT freed 371K, 8% free 10508K/11335K, paused 2ms+2ms
07-01 20:50:28.178 14804 14806 D dalvikvm: GC_CONCURRENT freed 242K, 6% free 10669K/11335K, paused 2ms+2ms
07-01 20:50:29.295 14804 14848 D dalvikvm: GC_FOR_ALLOC freed 400K, 8% free 10480K/11335K, paused 21ms
07-01 20:50:29.932 14804 14806 D dalvikvm: GC_CONCURRENT freed 205K, 6% free 10669K/11335K, paused 2ms+2ms
07-01 20:50:31.393 14804 14848 D dalvikvm: GC_FOR_ALLOC freed 400K, 8% free 10480K/11335K, paused 87ms
07-01 20:50:31.604 14804 14806 D dalvikvm: GC_CONCURRENT freed 337K, 7% free 10542K/11335K, paused 2ms+2ms
07-01 20:50:32.662 14804 14848 D dalvikvm: GC_FOR_ALLOC freed 276K, 7% free 10607K/11335K, paused 21ms
07-01 20:50:33.889 14804 14848 D dalvikvm: GC_FOR_ALLOC freed 404K, 8% free 10480K/11335K, paused 21ms
07-01 20:50:34.377 14804 14806 D dalvikvm: GC_CONCURRENT freed 205K, 6% free 10669K/11335K, paused 2ms+2ms
07-01 20:50:35.428 14804 14848 D dalvikvm: GC_FOR_ALLOC freed 400K, 8% free 10480K/11335K, paused 20ms
07-01 20:50:36.342 14804 14806 D dalvikvm: GC_CONCURRENT freed 205K, 6% free 10669K/11335K, paused 22ms+2ms
07-01 20:50:37.154 13246 13248 D dalvikvm: GC_CONCURRENT freed 514K, 8% free 10220K/11079K, paused 16ms+3ms
07-01 20:50:37.225 14804 14848 D dalvikvm: GC_FOR_ALLOC freed 400K, 8% free 10480K/11335K, paused 24ms
07-01 20:50:37.756 14804 14806 D dalvikvm: GC_CONCURRENT freed 205K, 6% free 10669K/11335K, paused 2ms+2ms
07-01 20:50:38.588 13246 13248 D dalvikvm: GC_CONCURRENT freed 249K, 7% free 10368K/11079K, paused 2ms+145ms
07-01 20:50:39.471 14804 14848 D dalvikvm: GC_FOR_ALLOC freed 400K, 8% free 10480K/11335K, paused 27ms
07-01 20:50:39.557 14804 14806 D dalvikvm: GC_CONCURRENT freed 200K, 6% free 10669K/11335K, paused 2ms+2ms
07-01 20:50:40.979 14804 14848 D dalvikvm: GC_FOR_ALLOC freed 391K, 8% free 10480K/11335K, paused 21ms
07-01 20:50:41.654 14804 14806 D dalvikvm: GC_CONCURRENT freed 378K, 8% free 10495K/11335K, paused 2ms+3ms
07-01 20:50:42.568 14804 14806 D dalvikvm: GC_CONCURRENT freed 304K, 7% free 10589K/11335K, paused 29ms+2ms
07-01 20:50:43.557 14804 14806 D dalvikvm: GC_CONCURRENT freed 438K, 7% free 10553K/11335K, paused 22ms+2ms
07-01 20:50:44.662 14804 14806 D dalvikvm: GC_CONCURRENT freed 436K, 7% free 10551K/11335K, paused 22ms+2ms
07-01 20:50:45.572 14804 14848 D dalvikvm: GC_FOR_ALLOC freed 419K, 8% free 10516K/11335K, paused 21ms
07-01 20:50:46.701 14804 14806 D dalvikvm: GC_CONCURRENT freed 414K, 8% free 10516K/11335K, paused 2ms+2ms
07-01 20:50:48.904 14804 14806 D dalvikvm: GC_CONCURRENT freed 421K, 8% free 10503K/11335K, paused 2ms+3ms
07-01 20:50:49.705 14804 14806 D dalvikvm: GC_CONCURRENT freed 338K, 7% free 10559K/11335K, paused 22ms+3ms
07-01 20:50:50.979 14804 14848 D dalvikvm: GC_FOR_ALLOC freed 452K, 8% free 10480K/11335K, paused 21ms
07-01 20:50:51.897 14804 14806 D dalvikvm: GC_CONCURRENT freed 376K, 8% free 10518K/11335K, paused 35ms+2ms
07-01 20:50:52.850 14804 14806 D dalvikvm: GC_CONCURRENT freed 417K, 8% free 10518K/11335K, paused 2ms+3ms
07-01 20:50:53.939 14804 14806 D dalvikvm: GC_CONCURRENT freed 412K, 8% free 10505K/11335K, paused 20ms+2ms
07-01 20:50:54.701 14804 14806 D dalvikvm: GC_CONCURRENT freed 310K, 7% free 10581K/11335K, paused 2ms+2ms
07-01 20:50:55.693 14804 14848 D dalvikvm: GC_FOR_ALLOC freed 410K, 8% free 10480K/11335K, paused 124ms
07-01 20:50:56.490 14804 14806 D dalvikvm: GC_CONCURRENT freed 359K, 8% free 10535K/11335K, paused 21ms+3ms
07-01 20:50:57.486 14804 14806 D dalvikvm: GC_CONCURRENT freed 414K, 8% free 10517K/11335K, paused 21ms+3ms
07-01 20:50:58.475 14804 14806 D dalvikvm: GC_CONCURRENT freed 414K, 8% free 10517K/11335K, paused 2ms+3ms
07-01 20:50:59.490 14804 14806 D dalvikvm: GC_CONCURRENT freed 414K, 8% free 10535K/11335K, paused 22ms+3ms
07-01 20:51:00.029   345   345 D SAN_SERVICE: *******************************************
07-01 20:51:00.029   345   345 D SAN_SERVICE: DM App Phone Service State - 0
07-01 20:51:00.029   345   345 D SAN_SERVICE: *******************************************
07-01 20:51:00.225   345   345 D SAN_SERVICE: *******************************************
07-01 20:51:00.225   345   345 D SAN_SERVICE: DM App Phone Service State - 0
07-01 20:51:00.225   345   345 D SAN_SERVICE: *******************************************
07-01 20:51:00.475 14804 14806 D dalvikvm: GC_CONCURRENT freed 414K, 8% free 10517K/11335K, paused 21ms+2ms
07-01 20:51:01.147 14613 14872 D GetStringObjTask: retrieving from url = http://www.chess.com/api/get_move_status?id=y3ICtufzg6w7rQqcD3KFujVaIanpYba4bIpaeKElV1LNz3Sz4Fk9Yh5CeWaj8h4bQ2RY0CxFVgA%2ByBE5DE%2B1cAuw4i%2Bp2GVj5RbuDPEUotReGbS25iAukuBsuUd%2Fl5dp
07-01 20:51:01.666 14804 14806 D dalvikvm: GC_CONCURRENT freed 374K, 8% free 10530K/11335K, paused 2ms+2ms
07-01 20:51:02.041 14613 14872 D GetStringObjTask: WebRequest SERVER RESPONSE: Success+0
07-01 20:51:02.643 14804 14806 D dalvikvm: GC_CONCURRENT freed 399K, 8% free 10525K/11335K, paused 2ms+2ms
07-01 20:51:03.775 14804 14806 D dalvikvm: GC_CONCURRENT freed 414K, 8% free 10525K/11335K, paused 2ms+3ms
07-01 20:51:04.736 14804 14806 D dalvikvm: GC_CONCURRENT freed 409K, 8% free 10525K/11335K, paused 2ms+3ms
07-01 20:51:05.096   345   345 D SAN_SERVICE: *******************************************
07-01 20:51:05.096   345   345 D SAN_SERVICE: DM App Phone Service State - 0
07-01 20:51:05.096   345   345 D SAN_SERVICE: *******************************************
07-01 20:51:05.869 14804 14806 D dalvikvm: GC_CONCURRENT freed 419K, 8% free 10525K/11335K, paused 2ms+3ms
07-01 20:51:06.990 14804 14806 D dalvikvm: GC_CONCURRENT freed 404K, 8% free 10525K/11335K, paused 2ms+3ms
07-01 20:51:08.115 14804 14806 D dalvikvm: GC_CONCURRENT freed 404K, 8% free 10525K/11335K, paused 2ms+3ms
07-01 20:51:09.221 14804 14848 D dalvikvm: GC_FOR_ALLOC freed 410K, 8% free 10480K/11335K, paused 20ms
07-01 20:51:10.057 14804 14806 D dalvikvm: GC_CONCURRENT freed 208K, 6% free 10669K/11335K, paused 21ms+2ms
07-01 20:51:10.975 14804 14848 D dalvikvm: GC_FOR_ALLOC freed 400K, 8% free 10480K/11335K, paused 71ms
07-01 20:51:11.799 14804 14806 D dalvikvm: GC_CONCURRENT freed 205K, 6% free 10669K/11335K, paused 21ms+2ms
07-01 20:51:12.678 14804 14848 D dalvikvm: GC_FOR_ALLOC freed 405K, 8% free 10480K/11335K, paused 45ms
07-01 20:51:13.139 14804 14806 D dalvikvm: GC_CONCURRENT freed 205K, 6% free 10669K/11335K, paused 2ms+2ms
07-01 20:51:14.338 14804 14848 D dalvikvm: GC_FOR_ALLOC freed 400K, 8% free 10480K/11335K, paused 21ms
07-01 20:51:14.912 14804 14806 D dalvikvm: GC_CONCURRENT freed 358K, 8% free 10507K/11335K, paused 2ms+2ms
07-01 20:51:16.014 14804 14806 D dalvikvm: GC_CONCURRENT freed 265K, 6% free 10669K/11335K, paused 2ms+2ms
07-01 20:51:17.104 14804 14848 D dalvikvm: GC_FOR_ALLOC freed 400K, 8% free 10480K/11335K, paused 20ms
07-01 20:51:18.064 14804 14806 D dalvikvm: GC_CONCURRENT freed 205K, 6% free 10669K/11335K, paused 3ms+3ms
07-01 20:51:19.439 14804 14848 D dalvikvm: GC_FOR_ALLOC freed 404K, 8% free 10527K/11335K, paused 26ms
07-01 20:51:20.576 14804 14848 D dalvikvm: GC_FOR_ALLOC freed 346K, 7% free 10549K/11335K, paused 21ms
07-01 20:51:21.334 14900 14913 I PhoneLab-: Service Running
07-01 20:51:21.400 14804 14848 D dalvikvm: GC_FOR_ALLOC freed 412K, 8% free 10480K/11335K, paused 24ms
07-01 20:51:21.443 14900 14913 I PhoneLab-LoggerService: app_37    1360  1     1436   996   c00f181c 400107b4 S logcat
07-01 20:51:21.443 14900 14913 I PhoneLab-LoggerService: Logcat pid from database 1360
07-01 20:51:21.443 14900 14913 I PhoneLab-LoggerService: Logcat process found 1360
07-01 20:51:21.443 14900 14913 I PhoneLab-LoggerService: Checking Threshold
07-01 20:51:21.447 14900 14913 I PhoneLab-LoggerService: Starting to rename files
07-01 20:51:21.447 14900 14913 I PhoneLab-LoggerService: Files found .. 2
07-01 20:51:22.314 14804 14806 D dalvikvm: GC_CONCURRENT freed 263K, 7% free 10624K/11335K, paused 27ms+2ms
07-01 20:51:23.248 14804 14848 D dalvikvm: GC_FOR_ALLOC freed 405K, 8% free 10480K/11335K, paused 21ms
07-01 20:51:24.002 14804 14806 D dalvikvm: GC_CONCURRENT freed 357K, 8% free 10523K/11335K, paused 21ms+2ms
07-01 20:51:24.975 14804 14806 D dalvikvm: GC_CONCURRENT freed 410K, 8% free 10522K/11335K, paused 22ms+3ms
07-01 20:51:25.975 14804 14806 D dalvikvm: GC_CONCURRENT freed 414K, 8% free 10522K/11335K, paused 26ms+3ms
07-01 20:51:26.959 14804 14806 D dalvikvm: GC_CONCURRENT freed 410K, 8% free 10507K/11335K, paused 23ms+2ms
07-01 20:51:27.795 14804 14806 D dalvikvm: GC_CONCURRENT freed 316K, 7% free 10577K/11335K, paused 2ms+3ms
07-01 20:51:29.592 14804 14848 D dalvikvm: GC_FOR_ALLOC freed 414K, 8% free 10532K/11335K, paused 45ms
07-01 20:51:30.607 14804 14806 D dalvikvm: GC_CONCURRENT freed 413K, 8% free 10519K/11335K, paused 4ms+6ms
07-01 20:51:31.131 14804 14806 D dalvikvm: GC_CONCURRENT freed 378K, 7% free 10547K/11335K, paused 43ms+2ms
07-01 20:51:32.072 14804 14806 D dalvikvm: GC_CONCURRENT freed 425K, 8% free 10525K/11335K, paused 10ms+3ms
07-01 20:51:32.979 14804 14806 D dalvikvm: GC_CONCURRENT freed 413K, 7% free 10544K/11335K, paused 25ms+3ms
07-01 20:51:34.654 14804 14806 D dalvikvm: GC_CONCURRENT freed 418K, 8% free 10529K/11335K, paused 27ms+2ms
07-01 20:51:36.166 14804 14806 D dalvikvm: GC_CONCURRENT freed 356K, 7% free 10562K/11335K, paused 2ms+3ms
07-01 20:51:36.846 14804 14806 D dalvikvm: GC_CONCURRENT freed 378K, 7% free 10576K/11335K, paused 52ms+2ms
07-01 20:51:36.967 14875 14876 D dalvikvm: GC_CONCURRENT freed 513K, 6% free 10388K/11015K, paused 2ms+3ms
07-01 20:51:37.107 13246 13248 D dalvikvm: GC_CONCURRENT freed 656K, 8% free 10224K/11079K, paused 2ms+3ms
07-01 20:51:37.814 14804 14806 D dalvikvm: GC_CONCURRENT freed 473K, 7% free 10544K/11335K, paused 9ms+3ms
07-01 20:51:38.822 14804 14806 D dalvikvm: GC_CONCURRENT freed 446K, 7% free 10544K/11335K, paused 21ms+2ms
07-01 20:51:39.744 14804 14848 D dalvikvm: GC_FOR_ALLOC freed 416K, 8% free 10512K/11335K, paused 21ms
07-01 20:51:40.818 14804 14806 D dalvikvm: GC_CONCURRENT freed 330K, 7% free 10569K/11335K, paused 2ms+2ms
07-01 20:51:41.779 14804 14806 D dalvikvm: GC_CONCURRENT freed 418K, 8% free 10540K/11335K, paused 3ms+2ms
07-01 20:51:42.764 14804 14806 D dalvikvm: GC_CONCURRENT freed 419K, 8% free 10540K/11335K, paused 22ms+2ms
07-01 20:51:43.764 14804 14806 D dalvikvm: GC_CONCURRENT freed 416K, 7% free 10543K/11335K, paused 7ms+2ms
07-01 20:51:44.783 14804 14806 D dalvikvm: GC_CONCURRENT freed 418K, 8% free 10539K/11335K, paused 21ms+3ms
07-01 20:51:45.854 14804 14806 D dalvikvm: GC_CONCURRENT freed 424K, 8% free 10510K/11335K, paused 21ms+2ms
07-01 20:51:46.635 14804 14806 D dalvikvm: GC_CONCURRENT freed 374K, 8% free 10529K/11335K, paused 22ms+2ms
07-01 20:51:47.639 14804 14806 D dalvikvm: GC_CONCURRENT freed 419K, 8% free 10529K/11335K, paused 21ms+2ms
07-01 20:51:48.557 14804 14848 D dalvikvm: GC_FOR_ALLOC freed 356K, 7% free 10548K/11335K, paused 21ms
07-01 20:51:49.779 14804 14848 D dalvikvm: GC_FOR_ALLOC freed 405K, 8% free 10480K/11335K, paused 21ms
07-01 20:51:50.932 14804 14806 D dalvikvm: GC_CONCURRENT freed 310K, 7% free 10574K/11335K, paused 2ms+2ms
07-01 20:51:51.920 14804 14848 D dalvikvm: GC_FOR_ALLOC freed 400K, 8% free 10511K/11335K, paused 22ms
07-01 20:51:53.272 14804 14806 D dalvikvm: GC_CONCURRENT freed 404K, 8% free 10511K/11335K, paused 2ms+2ms
07-01 20:51:54.385 14804 14806 D dalvikvm: GC_CONCURRENT freed 404K, 8% free 10511K/11335K, paused 2ms+2ms
07-01 20:51:55.311 14804 14806 D dalvikvm: GC_CONCURRENT freed 404K, 8% free 10511K/11335K, paused 2ms+2ms
07-01 20:51:56.443 14804 14806 D dalvikvm: GC_CONCURRENT freed 407K, 8% free 10511K/11335K, paused 2ms+2ms
07-01 20:51:57.662 14804 14806 D dalvikvm: GC_CONCURRENT freed 404K, 8% free 10511K/11335K, paused 3ms+2ms
07-01 20:51:58.791 14804 14806 D dalvikvm: GC_CONCURRENT freed 404K, 8% free 10511K/11335K, paused 2ms+2ms
07-01 20:51:59.830 14804 14848 D dalvikvm: GC_FOR_ALLOC freed 294K, 7% free 10544K/11335K, paused 20ms
07-01 20:52:00.748 14804 14848 D dalvikvm: GC_FOR_ALLOC freed 200K, 7% free 10609K/11335K, paused 33ms
07-01 20:52:01.705 14804 14848 D dalvikvm: GC_FOR_ALLOC freed 435K, 8% free 10481K/11335K, paused 22ms
07-01 20:52:02.154 14804 14806 D dalvikvm: GC_CONCURRENT freed 314K, 7% free 10569K/11335K, paused 25ms+2ms
07-01 20:52:03.197 14804 14848 D dalvikvm: GC_FOR_ALLOC freed 400K, 8% free 10510K/11335K, paused 21ms
07-01 20:52:04.326 14804 14806 D dalvikvm: GC_CONCURRENT freed 404K, 8% free 10510K/11335K, paused 2ms+2ms
07-01 20:52:05.447 14804 14806 D dalvikvm: GC_CONCURRENT freed 407K, 8% free 10510K/11335K, paused 3ms+2ms
07-01 20:52:06.682 14804 14806 D dalvikvm: GC_CONCURRENT freed 404K, 8% free 10510K/11335K, paused 3ms+2ms
07-01 20:52:07.705 14804 14806 D dalvikvm: GC_CONCURRENT freed 404K, 8% free 10510K/11335K, paused 2ms+2ms
07-01 20:52:08.842 14804 14806 D dalvikvm: GC_CONCURRENT freed 404K, 8% free 10510K/11335K, paused 2ms+3ms
07-01 20:52:10.061 14804 14806 D dalvikvm: GC_CONCURRENT freed 404K, 8% free 10510K/11335K, paused 2ms+2ms
07-01 20:52:10.475 14804 14806 D dalvikvm: GC_CONCURRENT freed 367K, 8% free 10533K/11335K, paused 2ms+2ms
07-01 20:52:11.705 14804 14806 D dalvikvm: GC_CONCURRENT freed 287K, 7% free 10647K/11335K, paused 2ms+2ms
07-01 20:52:12.807 14804 14848 D dalvikvm: GC_FOR_ALLOC freed 405K, 8% free 10480K/11335K, paused 20ms
07-01 20:52:13.479 14804 14806 D dalvikvm: GC_CONCURRENT freed 205K, 6% free 10669K/11335K, paused 5ms+5ms
07-01 20:52:14.654 14804 14848 D dalvikvm: GC_FOR_ALLOC freed 404K, 8% free 10480K/11335K, paused 21ms
07-01 20:52:15.092 14804 14806 D dalvikvm: GC_CONCURRENT freed 205K, 6% free 10669K/11335K, paused 2ms+3ms
07-01 20:52:16.205 14804 14848 D dalvikvm: GC_FOR_ALLOC freed 400K, 8% free 10480K/11335K, paused 21ms
07-01 20:52:16.725 14804 14806 D dalvikvm: GC_CONCURRENT freed 205K, 6% free 10669K/11335K, paused 1ms+2ms
07-01 20:52:17.830 14804 14848 D dalvikvm: GC_FOR_ALLOC freed 400K, 8% free 10480K/11335K, paused 21ms
07-01 20:52:18.369 14804 14806 D dalvikvm: GC_CONCURRENT freed 205K, 6% free 10669K/11335K, paused 2ms+4ms
07-01 20:52:19.686 14804 14848 D dalvikvm: GC_FOR_ALLOC freed 400K, 8% free 10480K/11335K, paused 21ms
07-01 20:52:20.131 14804 14806 D dalvikvm: GC_CONCURRENT freed 205K, 6% free 10669K/11335K, paused 2ms+3ms
07-01 20:52:21.451 14804 14848 D dalvikvm: GC_FOR_ALLOC freed 400K, 8% free 10480K/11335K, paused 21ms
07-01 20:52:21.854 14804 14806 D dalvikvm: GC_CONCURRENT freed 205K, 6% free 10669K/11335K, paused 2ms+2ms
07-01 20:52:22.951 14804 14848 D dalvikvm: GC_FOR_ALLOC freed 400K, 8% free 10480K/11335K, paused 21ms
07-01 20:52:23.682 14804 14806 D dalvikvm: GC_CONCURRENT freed 206K, 6% free 10671K/11335K, paused 2ms+3ms
07-01 20:52:24.525   145   200 D DhcpInfoInternal: makeLinkProperties with empty dns2!
07-01 20:52:24.537   145   200 D DhcpInfoInternal: makeLinkProperties with empty dns2!
07-01 20:52:24.705 14804 14848 D dalvikvm: GC_FOR_ALLOC freed 402K, 8% free 10480K/11335K, paused 74ms
07-01 20:52:25.127 14804 14806 D dalvikvm: GC_CONCURRENT freed 205K, 6% free 10669K/11335K, paused 2ms+3ms
07-01 20:52:26.240 14804 14848 D dalvikvm: GC_FOR_ALLOC freed 400K, 8% free 10480K/11335K, paused 21ms
07-01 20:52:27.018 14804 14806 D dalvikvm: GC_CONCURRENT freed 205K, 6% free 10669K/11335K, paused 9ms+14ms
07-01 20:52:27.979 14804 14848 D dalvikvm: GC_FOR_ALLOC freed 405K, 8% free 10480K/11335K, paused 21ms
07-01 20:52:28.514 14804 14806 D dalvikvm: GC_CONCURRENT freed 205K, 6% free 10669K/11335K, paused 2ms+2ms
07-01 20:52:29.607 14804 14848 D dalvikvm: GC_FOR_ALLOC freed 400K, 8% free 10480K/11335K, paused 21ms
07-01 20:52:30.357 14804 14806 D dalvikvm: GC_CONCURRENT freed 333K, 7% free 10546K/11335K, paused 2ms+3ms
07-01 20:52:31.361 14804 14848 D dalvikvm: GC_FOR_ALLOC freed 396K, 8% free 10521K/11335K, paused 22ms
07-01 20:52:32.693 14804 14806 D dalvikvm: GC_CONCURRENT freed 298K, 7% free 10638K/11335K, paused 2ms+2ms
07-01 20:52:33.920 14804 14848 D dalvikvm: GC_FOR_ALLOC freed 414K, 8% free 10480K/11335K, paused 22ms
07-01 20:52:34.373 14804 14806 D dalvikvm: GC_CONCURRENT freed 329K, 7% free 10551K/11335K, paused 2ms+3ms
07-01 20:52:35.400 14804 14806 D dalvikvm: GC_CONCURRENT freed 408K, 8% free 10528K/11335K, paused 13ms+2ms
07-01 20:52:35.619   345   345 D SAN_SERVICE: *******************************************
07-01 20:52:35.623   345   345 D SAN_SERVICE: DM App Phone Service State - 0
07-01 20:52:35.623   345   345 D SAN_SERVICE: *******************************************
07-01 20:52:35.947   345   345 D SAN_SERVICE: *******************************************
07-01 20:52:35.947   345   345 D SAN_SERVICE: DM App Phone Service State - 0
07-01 20:52:35.947   345   345 D SAN_SERVICE: *******************************************
07-01 20:52:36.369 14804 14848 D dalvikvm: GC_FOR_ALLOC freed 286K, 7% free 10607K/11335K, paused 21ms
07-01 20:52:37.311 13246 13248 D dalvikvm: GC_CONCURRENT freed 385K, 8% free 10231K/11079K, paused 2ms+3ms
07-01 20:52:37.447 14804 14848 D dalvikvm: GC_FOR_ALLOC freed 410K, 8% free 10500K/11335K, paused 28ms
07-01 20:52:37.451 13246 13248 D dalvikvm: GC_CONCURRENT freed 164K, 6% free 10451K/11079K, paused 3ms+18ms
07-01 20:52:38.236 14804 14806 D dalvikvm: GC_CONCURRENT freed 326K, 7% free 10564K/11335K, paused 21ms+2ms
07-01 20:52:39.334 14804 14848 D dalvikvm: GC_FOR_ALLOC freed 298K, 7% free 10607K/11335K, paused 21ms
07-01 20:52:40.357 14804 14848 D dalvikvm: GC_FOR_ALLOC freed 400K, 8% free 10480K/11335K, paused 20ms
07-01 20:52:40.924 14804 14806 D dalvikvm: GC_CONCURRENT freed 357K, 8% free 10522K/11335K, paused 3ms+2ms
07-01 20:52:42.107 14804 14848 D dalvikvm: GC_FOR_ALLOC freed 260K, 7% free 10607K/11335K, paused 21ms
07-01 20:52:43.229 14804 14848 D dalvikvm: GC_FOR_ALLOC freed 400K, 8% free 10480K/11335K, paused 21ms
07-01 20:52:43.744   306   306 I wpa_supplicant: wlan0: WPA: Group rekeying completed with 94:44:52:17:be:7d [GTK=CCMP]
07-01 20:52:43.838 14804 14806 D dalvikvm: GC_CONCURRENT freed 205K, 6% free 10669K/11335K, paused 1ms+4ms
07-01 20:52:44.861 14804 14848 D dalvikvm: GC_FOR_ALLOC freed 400K, 8% free 10480K/11335K, paused 21ms
07-01 20:52:45.506 14804 14806 D dalvikvm: GC_CONCURRENT freed 205K, 6% free 10669K/11335K, paused 2ms+4ms
07-01 20:52:46.615 14804 14848 D dalvikvm: GC_FOR_ALLOC freed 400K, 8% free 10480K/11335K, paused 21ms
07-01 20:52:47.240 14804 14806 D dalvikvm: GC_CONCURRENT freed 205K, 6% free 10669K/11335K, paused 2ms+4ms
07-01 20:52:48.244 14804 14848 D dalvikvm: GC_FOR_ALLOC freed 400K, 8% free 10480K/11335K, paused 21ms
07-01 20:52:48.787 14804 14806 D dalvikvm: GC_CONCURRENT freed 205K, 6% free 10669K/11335K, paused 2ms+3ms
07-01 20:52:49.881 14804 14848 D dalvikvm: GC_FOR_ALLOC freed 400K, 8% free 10480K/11335K, paused 21ms
07-01 20:52:50.522 14804 14806 D dalvikvm: GC_CONCURRENT freed 205K, 6% free 10669K/11335K, paused 2ms+2ms
07-01 20:52:51.947 14804 14848 D dalvikvm: GC_FOR_ALLOC freed 404K, 8% free 10480K/11335K, paused 21ms
07-01 20:52:52.147 14804 14806 D dalvikvm: GC_CONCURRENT freed 337K, 8% free 10537K/11335K, paused 2ms+3ms
07-01 20:52:53.260 14804 14848 D dalvikvm: GC_FOR_ALLOC freed 304K, 7% free 10543K/11335K, paused 21ms
07-01 20:52:54.045 14804 14848 D dalvikvm: GC_FOR_ALLOC freed 205K, 7% free 10606K/11335K, paused 21ms
07-01 20:52:55.111 14804 14848 D dalvikvm: GC_FOR_ALLOC freed 405K, 8% free 10480K/11335K, paused 88ms
07-01 20:52:55.549 14804 14806 D dalvikvm: GC_CONCURRENT freed 210K, 6% free 10669K/11335K, paused 1ms+3ms
07-01 20:52:56.654 14804 14848 D dalvikvm: GC_FOR_ALLOC freed 405K, 8% free 10480K/11335K, paused 22ms
07-01 20:52:57.225 14804 14806 D dalvikvm: GC_CONCURRENT freed 210K, 6% free 10669K/11335K, paused 3ms+3ms
07-01 20:52:58.479 14804 14848 D dalvikvm: GC_FOR_ALLOC freed 400K, 8% free 10480K/11335K, paused 21ms
07-01 20:52:58.939 14804 14806 D dalvikvm: GC_CONCURRENT freed 205K, 6% free 10669K/11335K, paused 2ms+3ms
07-01 20:53:00.045 14804 14848 D dalvikvm: GC_FOR_ALLOC freed 400K, 8% free 10480K/11335K, paused 42ms
07-01 20:53:00.557 14804 14806 D dalvikvm: GC_CONCURRENT freed 208K, 6% free 10669K/11335K, paused 2ms+3ms
07-01 20:53:01.732 14804 14848 D dalvikvm: GC_FOR_ALLOC freed 400K, 8% free 10480K/11335K, paused 21ms
07-01 20:53:02.357 14804 14806 D dalvikvm: GC_CONCURRENT freed 394K, 8% free 10485K/11335K, paused 2ms+5ms
07-01 20:53:03.455 14804 14806 D dalvikvm: GC_CONCURRENT freed 219K, 6% free 10669K/11335K, paused 2ms+2ms
07-01 20:53:04.596 14804 14848 D dalvikvm: GC_FOR_ALLOC freed 400K, 8% free 10480K/11335K, paused 24ms
07-01 20:53:05.197 14804 14806 D dalvikvm: GC_CONCURRENT freed 205K, 6% free 10669K/11335K, paused 2ms+2ms
07-01 20:53:06.275 14804 14848 D dalvikvm: GC_FOR_ALLOC freed 400K, 8% free 10480K/11335K, paused 21ms
07-01 20:53:06.811 14804 14806 D dalvikvm: GC_CONCURRENT freed 205K, 6% free 10669K/11335K, paused 2ms+2ms
07-01 20:53:07.900 14804 14848 D dalvikvm: GC_FOR_ALLOC freed 400K, 8% free 10480K/11335K, paused 21ms
07-01 20:53:08.689 14804 14806 D dalvikvm: GC_CONCURRENT freed 210K, 6% free 10669K/11335K, paused 2ms+2ms
07-01 20:53:09.037 14804 14848 D dalvikvm: GC_FOR_ALLOC freed 202K, 7% free 10607K/11335K, paused 21ms
07-01 20:53:10.158 14804 14848 D dalvikvm: GC_FOR_ALLOC freed 404K, 8% free 10480K/11335K, paused 22ms
07-01 20:53:10.693 14804 14806 D dalvikvm: GC_CONCURRENT freed 205K, 6% free 10669K/11335K, paused 2ms+2ms
07-01 20:53:11.912 14804 14848 D dalvikvm: GC_FOR_ALLOC freed 400K, 8% free 10480K/11335K, paused 21ms
07-01 20:53:12.451 14804 14806 D dalvikvm: GC_CONCURRENT freed 205K, 6% free 10669K/11335K, paused 2ms+3ms
07-01 20:53:13.533 14804 14848 D dalvikvm: GC_FOR_ALLOC freed 400K, 8% free 10480K/11335K, paused 21ms
07-01 20:53:14.076 14804 14806 D dalvikvm: GC_CONCURRENT freed 205K, 6% free 10669K/11335K, paused 2ms+2ms
07-01 20:53:15.186 14804 14848 D dalvikvm: GC_FOR_ALLOC freed 400K, 8% free 10480K/11335K, paused 22ms
07-01 20:53:15.826 14804 14806 D dalvikvm: GC_CONCURRENT freed 205K, 6% free 10669K/11335K, paused 2ms+2ms
07-01 20:53:17.018 14804 14848 D dalvikvm: GC_FOR_ALLOC freed 400K, 8% free 10480K/11335K, paused 21ms
07-01 20:53:17.615 14804 14806 D dalvikvm: GC_CONCURRENT freed 205K, 6% free 10669K/11335K, paused 22ms+2ms
07-01 20:53:18.553 14804 14848 D dalvikvm: GC_FOR_ALLOC freed 400K, 8% free 10480K/11335K, paused 21ms
07-01 20:53:19.197 14804 14806 D dalvikvm: GC_CONCURRENT freed 208K, 6% free 10669K/11335K, paused 2ms+3ms
07-01 20:53:20.295 14804 14848 D dalvikvm: GC_FOR_ALLOC freed 400K, 8% free 10480K/11335K, paused 20ms
07-01 20:53:20.834 14804 14806 D dalvikvm: GC_CONCURRENT freed 205K, 6% free 10669K/11335K, paused 2ms+2ms
07-01 20:53:21.393 14900 14913 I PhoneLab-: Service Running
07-01 20:53:21.447 14900 14913 I PhoneLab-LoggerService: app_37    1360  1     1436   996   c00f181c 400107b4 S logcat
07-01 20:53:21.447 14900 14913 I PhoneLab-LoggerService: Logcat pid from database 1360
07-01 20:53:21.447 14900 14913 I PhoneLab-LoggerService: Logcat process found 1360
07-01 20:53:21.447 14900 14913 I PhoneLab-LoggerService: Checking Threshold
07-01 20:53:21.447 14900 14913 I PhoneLab-LoggerService: Starting to rename files
07-01 20:53:21.447 14900 14913 I PhoneLab-LoggerService: Files found .. 2
07-01 20:53:21.936 14804 14848 D dalvikvm: GC_FOR_ALLOC freed 400K, 8% free 10480K/11335K, paused 20ms
07-01 20:53:22.568 14804 14806 D dalvikvm: GC_CONCURRENT freed 205K, 6% free 10669K/11335K, paused 3ms+3ms
07-01 20:53:23.674 14804 14848 D dalvikvm: GC_FOR_ALLOC freed 400K, 8% free 10480K/11335K, paused 21ms
07-01 20:53:24.221 14804 14806 D dalvikvm: GC_CONCURRENT freed 205K, 6% free 10669K/11335K, paused 3ms+2ms
07-01 20:53:25.518 14804 14848 D dalvikvm: GC_FOR_ALLOC freed 405K, 8% free 10480K/11335K, paused 21ms
07-01 20:53:26.022 14804 14806 D dalvikvm: GC_CONCURRENT freed 205K, 6% free 10669K/11335K, paused 2ms+4ms
07-01 20:53:27.068 14804 14848 D dalvikvm: GC_FOR_ALLOC freed 400K, 8% free 10480K/11335K, paused 22ms
07-01 20:53:27.709 14804 14806 D dalvikvm: GC_CONCURRENT freed 205K, 6% free 10669K/11335K, paused 2ms+3ms
07-01 20:53:28.818 14804 14848 D dalvikvm: GC_FOR_ALLOC freed 404K, 8% free 10480K/11335K, paused 21ms
07-01 20:53:29.338 14804 14806 D dalvikvm: GC_CONCURRENT freed 205K, 6% free 10669K/11335K, paused 2ms+4ms
07-01 20:53:30.443 14804 14848 D dalvikvm: GC_FOR_ALLOC freed 400K, 8% free 10480K/11335K, paused 21ms
07-01 20:53:30.982 14804 14806 D dalvikvm: GC_CONCURRENT freed 205K, 6% free 10660K/11335K, paused 2ms+2ms
07-01 20:53:32.080 14804 14848 D dalvikvm: GC_FOR_ALLOC freed 410K, 8% free 10480K/11335K, paused 21ms
07-01 20:53:32.818 14804 14806 D dalvikvm: GC_CONCURRENT freed 205K, 6% free 10669K/11335K, paused 2ms+3ms
07-01 20:53:33.838 14804 14848 D dalvikvm: GC_FOR_ALLOC freed 400K, 8% free 10480K/11335K, paused 68ms
07-01 20:53:34.350 14804 14806 D dalvikvm: GC_CONCURRENT freed 205K, 6% free 10669K/11335K, paused 2ms+4ms
07-01 20:53:35.459 14804 14848 D dalvikvm: GC_FOR_ALLOC freed 400K, 8% free 10480K/11335K, paused 20ms
07-01 20:53:36.037 14804 14806 D dalvikvm: GC_CONCURRENT freed 205K, 6% free 10660K/11335K, paused 2ms+2ms
07-01 20:53:37.092 14804 14848 D dalvikvm: GC_FOR_ALLOC freed 415K, 8% free 10480K/11335K, paused 20ms
07-01 20:53:37.244 14875 14876 D dalvikvm: GC_CONCURRENT freed 508K, 6% free 10392K/11015K, paused 2ms+3ms
07-01 20:53:37.373 13246 13248 D dalvikvm: GC_CONCURRENT freed 618K, 8% free 10224K/11079K, paused 2ms+2ms
07-01 20:53:37.873 14804 14806 D dalvikvm: GC_CONCURRENT freed 214K, 6% free 10669K/11335K, paused 2ms+3ms
07-01 20:53:38.326 14804 14848 D dalvikvm: GC_FOR_ALLOC freed 202K, 7% free 10607K/11335K, paused 21ms
07-01 20:53:39.338 14804 14848 D dalvikvm: GC_FOR_ALLOC freed 400K, 8% free 10480K/11335K, paused 21ms
07-01 20:53:40.111 14804 14806 D dalvikvm: GC_CONCURRENT freed 205K, 6% free 10669K/11335K, paused 2ms+3ms
07-01 20:53:41.084 14804 14848 D dalvikvm: GC_FOR_ALLOC freed 400K, 8% free 10480K/11335K, paused 22ms
07-01 20:53:41.631 14804 14806 D dalvikvm: GC_CONCURRENT freed 210K, 6% free 10669K/11335K, paused 2ms+3ms
07-01 20:53:42.725 14804 14848 D dalvikvm: GC_FOR_ALLOC freed 405K, 8% free 10480K/11335K, paused 21ms
07-01 20:53:43.420 14804 14806 D dalvikvm: GC_CONCURRENT freed 205K, 6% free 10669K/11335K, paused 2ms+2ms
07-01 20:53:44.647 14804 14848 D dalvikvm: GC_FOR_ALLOC freed 400K, 8% free 10480K/11335K, paused 75ms
07-01 20:53:45.010 14804 14806 D dalvikvm: GC_CONCURRENT freed 205K, 6% free 10669K/11335K, paused 2ms+3ms
07-01 20:53:46.100 14804 14848 D dalvikvm: GC_FOR_ALLOC freed 400K, 8% free 10480K/11335K, paused 23ms
07-01 20:53:46.850 14804 14806 D dalvikvm: GC_CONCURRENT freed 208K, 6% free 10669K/11335K, paused 2ms+2ms
07-01 20:53:47.850 14804 14848 D dalvikvm: GC_FOR_ALLOC freed 400K, 8% free 10480K/11335K, paused 21ms
07-01 20:53:48.389 14804 14806 D dalvikvm: GC_CONCURRENT freed 205K, 6% free 10669K/11335K, paused 2ms+2ms
07-01 20:53:49.697 14804 14848 D dalvikvm: GC_FOR_ALLOC freed 400K, 8% free 10480K/11335K, paused 96ms
07-01 20:53:50.123 14804 14806 D dalvikvm: GC_CONCURRENT freed 205K, 6% free 10669K/11335K, paused 2ms+2ms
07-01 20:53:51.217 14804 14848 D dalvikvm: GC_FOR_ALLOC freed 400K, 8% free 10480K/11335K, paused 21ms
07-01 20:53:52.049 14804 14806 D dalvikvm: GC_CONCURRENT freed 384K, 8% free 10499K/11335K, paused 9ms+3ms
07-01 20:53:54.643 14804 14806 D dalvikvm: GC_CONCURRENT freed 373K, 7% free 10562K/11335K, paused 24ms+2ms
07-01 20:53:55.572 14804 14806 D dalvikvm: GC_CONCURRENT freed 441K, 8% free 10534K/11335K, paused 23ms+2ms
07-01 20:53:56.467 14804 14806 D dalvikvm: GC_CONCURRENT freed 429K, 8% free 10534K/11335K, paused 2ms+6ms
07-01 20:53:57.541 14804 14806 D dalvikvm: GC_CONCURRENT freed 343K, 7% free 10584K/11335K, paused 3ms+3ms
07-01 20:53:58.611 14804 14848 D dalvikvm: GC_FOR_ALLOC freed 411K, 8% free 10480K/11335K, paused 21ms
07-01 20:53:59.143 14804 14806 D dalvikvm: GC_CONCURRENT freed 372K, 8% free 10522K/11335K, paused 2ms+2ms
07-01 20:54:00.150 14804 14806 D dalvikvm: GC_CONCURRENT freed 409K, 8% free 10522K/11335K, paused 2ms+4ms
07-01 20:54:01.201 14804 14806 D dalvikvm: GC_CONCURRENT freed 409K, 8% free 10522K/11335K, paused 21ms+3ms
07-01 20:54:02.197 14804 14806 D dalvikvm: GC_CONCURRENT freed 404K, 8% free 10522K/11335K, paused 28ms+3ms
07-01 20:54:03.193 14804 14806 D dalvikvm: GC_CONCURRENT freed 404K, 8% free 10522K/11335K, paused 25ms+2ms
07-01 20:54:04.225 14804 14806 D dalvikvm: GC_CONCURRENT freed 404K, 8% free 10522K/11335K, paused 9ms+2ms
07-01 20:54:05.248 14804 14806 D dalvikvm: GC_CONCURRENT freed 426K, 8% free 10494K/11335K, paused 5ms+3ms
07-01 20:54:06.232 14804 14806 D dalvikvm: GC_CONCURRENT freed 393K, 8% free 10492K/11335K, paused 22ms+2ms
07-01 20:54:07.041 14804 14806 D dalvikvm: GC_CONCURRENT freed 238K, 6% free 10662K/11335K, paused 2ms+3ms
07-01 20:54:08.127 14804 14848 D dalvikvm: GC_FOR_ALLOC freed 416K, 8% free 10480K/11335K, paused 21ms
07-01 20:54:08.877 14804 14806 D dalvikvm: GC_CONCURRENT freed 255K, 7% free 10638K/11335K, paused 21ms+2ms
07-01 20:54:09.760 14804 14848 D dalvikvm: GC_FOR_ALLOC freed 405K, 8% free 10480K/11335K, paused 20ms
07-01 20:54:10.514 14804 14806 D dalvikvm: GC_CONCURRENT freed 383K, 8% free 10485K/11335K, paused 2ms+6ms
07-01 20:54:11.529 14804 14806 D dalvikvm: GC_CONCURRENT freed 226K, 7% free 10646K/11335K, paused 2ms+2ms
07-01 20:54:12.732 14804 14848 D dalvikvm: GC_FOR_ALLOC freed 405K, 8% free 10480K/11335K, paused 21ms
07-01 20:54:13.213 14804 14806 D dalvikvm: GC_CONCURRENT freed 208K, 6% free 10669K/11335K, paused 2ms+3ms
07-01 20:54:13.748   306   306 I wpa_supplicant: wlan0: WPA: Group rekeying completed with 94:44:52:17:be:7d [GTK=CCMP]
07-01 20:54:14.361 14804 14848 D dalvikvm: GC_FOR_ALLOC freed 404K, 8% free 10480K/11335K, paused 22ms
07-01 20:54:14.920 14804 14806 D dalvikvm: GC_CONCURRENT freed 367K, 8% free 10517K/11335K, paused 2ms+2ms
07-01 20:54:15.912 14804 14848 D dalvikvm: GC_FOR_ALLOC freed 252K, 7% free 10609K/11335K, paused 21ms
07-01 20:54:17.236 14804 14848 D dalvikvm: GC_FOR_ALLOC freed 405K, 8% free 10480K/11335K, paused 21ms
07-01 20:54:17.693 14804 14806 D dalvikvm: GC_CONCURRENT freed 208K, 6% free 10669K/11335K, paused 2ms+3ms
07-01 20:54:18.772 14804 14848 D dalvikvm: GC_FOR_ALLOC freed 400K, 8% free 10480K/11335K, paused 21ms
07-01 20:54:19.326 14804 14806 D dalvikvm: GC_CONCURRENT freed 206K, 6% free 10673K/11335K, paused 2ms+2ms
07-01 20:54:19.908 14804 14848 D dalvikvm: GC_FOR_ALLOC freed 205K, 7% free 10607K/11335K, paused 21ms
07-01 20:54:21.022 14804 14848 D dalvikvm: GC_FOR_ALLOC freed 400K, 8% free 10480K/11335K, paused 21ms
07-01 20:54:21.674 14804 14806 D dalvikvm: GC_CONCURRENT freed 202K, 6% free 10673K/11335K, paused 2ms+3ms
07-01 20:54:22.658 14804 14848 D dalvikvm: GC_FOR_ALLOC freed 400K, 8% free 10480K/11335K, paused 21ms
07-01 20:54:23.307 14804 14806 D dalvikvm: GC_CONCURRENT freed 211K, 6% free 10671K/11335K, paused 2ms+3ms
07-01 20:54:24.404 14804 14848 D dalvikvm: GC_FOR_ALLOC freed 402K, 8% free 10480K/11335K, paused 21ms
07-01 20:54:24.951 14804 14806 D dalvikvm: GC_CONCURRENT freed 202K, 6% free 10673K/11335K, paused 2ms+2ms
07-01 20:54:26.045 14804 14848 D dalvikvm: GC_FOR_ALLOC freed 400K, 8% free 10480K/11335K, paused 21ms
07-01 20:54:26.783 14804 14806 D dalvikvm: GC_CONCURRENT freed 208K, 6% free 10669K/11335K, paused 2ms+2ms
07-01 20:54:28.002 14804 14848 D dalvikvm: GC_FOR_ALLOC freed 400K, 8% free 10480K/11335K, paused 21ms
07-01 20:54:28.369 14804 14806 D dalvikvm: GC_CONCURRENT freed 202K, 6% free 10673K/11335K, paused 2ms+2ms
07-01 20:54:29.424 14804 14848 D dalvikvm: GC_FOR_ALLOC freed 400K, 8% free 10480K/11335K, paused 20ms
07-01 20:54:30.264 14804 14806 D dalvikvm: GC_CONCURRENT freed 208K, 6% free 10669K/11335K, paused 2ms+2ms
07-01 20:54:31.268 14804 14848 D dalvikvm: GC_FOR_ALLOC freed 400K, 8% free 10480K/11335K, paused 21ms
07-01 20:54:31.705 14804 14806 D dalvikvm: GC_CONCURRENT freed 202K, 6% free 10673K/11335K, paused 2ms+3ms
07-01 20:54:32.807 14804 14848 D dalvikvm: GC_FOR_ALLOC freed 404K, 8% free 10480K/11335K, paused 21ms
07-01 20:54:33.443 14804 14806 D dalvikvm: GC_CONCURRENT freed 208K, 6% free 10669K/11335K, paused 2ms+2ms
07-01 20:54:34.729 14804 14848 D dalvikvm: GC_FOR_ALLOC freed 400K, 8% free 10480K/11335K, paused 91ms
07-01 20:54:35.076 14804 14806 D dalvikvm: GC_CONCURRENT freed 202K, 6% free 10673K/11335K, paused 2ms+3ms
07-01 20:54:36.287 14804 14848 D dalvikvm: GC_FOR_ALLOC freed 400K, 8% free 10480K/11335K, paused 21ms
07-01 20:54:36.889 14804 14806 D dalvikvm: GC_CONCURRENT freed 371K, 8% free 10495K/11335K, paused 3ms+3ms
07-01 20:54:37.939 14804 14806 D dalvikvm: GC_CONCURRENT freed 286K, 7% free 10617K/11335K, paused 3ms+2ms
07-01 20:54:38.850 13993 15461 D dalvikvm: GC_FOR_ALLOC freed 320K, 8% free 11678K/12615K, paused 37ms
07-01 20:54:38.857 13993 15461 I dalvikvm-heap: Grow heap (frag case) to 11.550MB for 81652-byte allocation
07-01 20:54:38.900 13993 14002 D dalvikvm: GC_FOR_ALLOC freed 87K, 9% free 11670K/12743K, paused 32ms
07-01 20:54:39.029 14804 14848 D dalvikvm: GC_FOR_ALLOC freed 405K, 8% free 10520K/11335K, paused 24ms
07-01 20:54:39.096 13993 15461 D dalvikvm: GC_FOR_ALLOC freed 10K, 9% free 11660K/12743K, paused 34ms
07-01 20:54:39.096 13993 15461 I dalvikvm-heap: Grow heap (frag case) to 11.615MB for 167232-byte allocation
07-01 20:54:39.143 13993 15461 D dalvikvm: GC_FOR_ALLOC freed 79K, 10% free 11743K/12935K, paused 42ms
07-01 20:54:39.178 13993 15461 D dalvikvm: GC_FOR_ALLOC freed 12K, 10% free 11733K/12935K, paused 34ms
07-01 20:54:39.178 13993 15461 I dalvikvm-heap: Grow heap (frag case) to 11.666MB for 146629-byte allocation
07-01 20:54:39.213 13993 15461 D dalvikvm: GC_FOR_ALLOC freed <1K, 10% free 11876K/13127K, paused 31ms
07-01 20:54:39.568 14804 14806 D dalvikvm: GC_CONCURRENT freed 424K, 8% free 10495K/11335K, paused 2ms+3ms
07-01 20:54:40.701 14804 14806 D dalvikvm: GC_CONCURRENT freed 258K, 7% free 10633K/11335K, paused 2ms+2ms
07-01 20:54:41.342   145   365 D dalvikvm: GC_EXPLICIT freed 1204K, 24% free 16600K/21639K, paused 20ms+9ms
07-01 20:54:41.811 14804 14848 D dalvikvm: GC_FOR_ALLOC freed 417K, 8% free 10482K/11335K, paused 23ms
07-01 20:54:42.463 14804 14806 D dalvikvm: GC_CONCURRENT freed 283K, 7% free 10602K/11335K, paused 2ms+2ms
07-01 20:54:43.549 14804 14848 D dalvikvm: GC_FOR_ALLOC freed 333K, 7% free 10543K/11335K, paused 22ms
07-01 20:54:44.736 14804 14848 D dalvikvm: GC_FOR_ALLOC freed 404K, 8% free 10480K/11335K, paused 24ms
07-01 20:54:45.236 14804 14806 D dalvikvm: GC_CONCURRENT freed 201K, 6% free 10673K/11335K, paused 2ms+2ms
07-01 20:54:46.326 14804 14848 D dalvikvm: GC_FOR_ALLOC freed 400K, 8% free 10480K/11335K, paused 21ms
07-01 20:54:46.967 14804 14806 D dalvikvm: GC_CONCURRENT freed 208K, 6% free 10669K/11335K, paused 2ms+3ms
07-01 20:54:48.170 14804 14848 D dalvikvm: GC_FOR_ALLOC freed 400K, 8% free 10480K/11335K, paused 21ms
07-01 20:54:48.666 14804 14806 D dalvikvm: GC_CONCURRENT freed 392K, 8% free 10527K/11335K, paused 3ms+3ms
07-01 20:54:49.139   145   200 D DhcpInfoInternal: makeLinkProperties with empty dns2!
07-01 20:54:49.139   145   200 D DhcpInfoInternal: makeLinkProperties with empty dns2!
07-01 20:54:49.768 14804 14848 D dalvikvm: GC_FOR_ALLOC freed 281K, 7% free 10544K/11335K, paused 25ms
07-01 20:54:50.311 14804 14848 D dalvikvm: GC_FOR_ALLOC freed 208K, 7% free 10607K/11335K, paused 21ms
07-01 20:54:51.432 14804 14848 D dalvikvm: GC_FOR_ALLOC freed 404K, 8% free 10480K/11335K, paused 21ms
07-01 20:54:51.982 14804 14806 D dalvikvm: GC_CONCURRENT freed 202K, 6% free 10673K/11335K, paused 2ms+2ms
07-01 20:54:53.178 14804 14848 D dalvikvm: GC_FOR_ALLOC freed 400K, 8% free 10480K/11335K, paused 21ms
07-01 20:54:53.713 14804 14806 D dalvikvm: GC_CONCURRENT freed 208K, 6% free 10669K/11335K, paused 2ms+2ms
07-01 20:54:55.025 14804 14848 D dalvikvm: GC_FOR_ALLOC freed 400K, 8% free 10480K/11335K, paused 21ms
07-01 20:54:55.486 14804 14806 D dalvikvm: GC_CONCURRENT freed 202K, 6% free 10673K/11335K, paused 2ms+2ms
07-01 20:54:56.459 14804 14848 D dalvikvm: GC_FOR_ALLOC freed 400K, 8% free 10480K/11335K, paused 21ms
07-01 20:54:57.299 14804 14806 D dalvikvm: GC_CONCURRENT freed 208K, 6% free 10669K/11335K, paused 2ms+2ms
07-01 20:54:58.346 14804 14848 D dalvikvm: GC_FOR_ALLOC freed 400K, 8% free 10480K/11335K, paused 90ms
07-01 20:54:58.857 14804 14806 D dalvikvm: GC_CONCURRENT freed 202K, 6% free 10673K/11335K, paused 2ms+3ms
07-01 20:54:59.846 14804 14848 D dalvikvm: GC_FOR_ALLOC freed 400K, 8% free 10480K/11335K, paused 20ms
07-01 20:55:00.475 14804 14806 D dalvikvm: GC_CONCURRENT freed 211K, 6% free 10671K/11335K, paused 2ms+2ms
07-01 20:55:01.467 14804 14848 D dalvikvm: GC_FOR_ALLOC freed 401K, 8% free 10480K/11335K, paused 22ms
07-01 20:55:02.104 14804 14806 D dalvikvm: GC_CONCURRENT freed 202K, 6% free 10673K/11335K, paused 2ms+2ms
07-01 20:55:03.314 14804 14848 D dalvikvm: GC_FOR_ALLOC freed 400K, 8% free 10480K/11335K, paused 21ms
07-01 20:55:03.857 14804 14806 D dalvikvm: GC_CONCURRENT freed 208K, 6% free 10669K/11335K, paused 2ms+3ms
07-01 20:55:04.854 14804 14848 D dalvikvm: GC_FOR_ALLOC freed 400K, 8% free 10480K/11335K, paused 21ms
07-01 20:55:05.525 14804 14806 D dalvikvm: GC_CONCURRENT freed 202K, 6% free 10673K/11335K, paused 2ms+2ms
07-01 20:55:06.584 14804 14848 D dalvikvm: GC_FOR_ALLOC freed 400K, 8% free 10480K/11335K, paused 21ms
07-01 20:55:07.131 14804 14806 D dalvikvm: GC_CONCURRENT freed 208K, 6% free 10669K/11335K, paused 3ms+4ms
07-01 20:55:08.232 14804 14848 D dalvikvm: GC_FOR_ALLOC freed 400K, 8% free 10480K/11335K, paused 21ms
07-01 20:55:08.881 14804 14806 D dalvikvm: GC_CONCURRENT freed 202K, 6% free 10673K/11335K, paused 2ms+3ms
07-01 20:55:10.170 14804 14848 D dalvikvm: GC_FOR_ALLOC freed 404K, 8% free 10480K/11335K, paused 21ms
07-01 20:55:11.162 14804 14806 D dalvikvm: GC_CONCURRENT freed 378K, 8% free 10491K/11335K, paused 3ms+3ms
07-01 20:55:12.135 14804 14806 D dalvikvm: GC_CONCURRENT freed 361K, 8% free 10518K/11335K, paused 2ms+2ms
07-01 20:55:12.877 14804 14806 D dalvikvm: GC_CONCURRENT freed 424K, 8% free 10497K/11335K, paused 5ms+3ms
07-01 20:55:13.877 14804 14806 D dalvikvm: GC_CONCURRENT freed 377K, 7% free 10554K/11335K, paused 4ms+2ms
07-01 20:55:15.010 14804 14806 D dalvikvm: GC_CONCURRENT freed 434K, 7% free 10554K/11335K, paused 2ms+3ms
07-01 20:55:16.131 14804 14806 D dalvikvm: GC_CONCURRENT freed 419K, 8% free 10530K/11335K, paused 2ms+2ms
07-01 20:55:17.334 14804 14806 D dalvikvm: GC_CONCURRENT freed 409K, 8% free 10530K/11335K, paused 26ms+3ms
07-01 20:55:18.467 14804 14848 D dalvikvm: GC_FOR_ALLOC freed 400K, 8% free 10504K/11335K, paused 22ms
07-01 20:55:19.131 14804 14848 D dalvikvm: GC_FOR_ALLOC freed 216K, 7% free 10608K/11335K, paused 22ms
07-01 20:55:20.252 14804 14848 D dalvikvm: GC_FOR_ALLOC freed 402K, 8% free 10480K/11335K, paused 21ms
07-01 20:55:20.756 14804 14806 D dalvikvm: GC_CONCURRENT freed 273K, 7% free 10601K/11335K, paused 2ms+2ms
07-01 20:55:21.326 14900 14913 I PhoneLab-: Service Running
07-01 20:55:21.393 14900 14913 I PhoneLab-LoggerService: app_37    1360  1     1436   996   c00f181c 400107b4 S logcat
07-01 20:55:21.393 14900 14913 I PhoneLab-LoggerService: Logcat pid from database 1360
07-01 20:55:21.393 14900 14913 I PhoneLab-LoggerService: Logcat process found 1360
07-01 20:55:21.393 14900 14913 I PhoneLab-LoggerService: Checking Threshold
07-01 20:55:21.393 14900 14913 I PhoneLab-LoggerService: Starting to rename files
07-01 20:55:21.393 14900 14913 I PhoneLab-LoggerService: Files found .. 2
07-01 20:55:21.869 14804 14848 D dalvikvm: GC_FOR_ALLOC freed 400K, 8% free 10520K/11335K, paused 21ms
07-01 20:55:22.908 14804 14806 D dalvikvm: GC_CONCURRENT freed 403K, 8% free 10520K/11335K, paused 2ms+3ms
07-01 20:55:24.131 14804 14806 D dalvikvm: GC_CONCURRENT freed 404K, 8% free 10520K/11335K, paused 2ms+3ms
07-01 20:55:24.600   345   345 D SAN_SERVICE: *******************************************
07-01 20:55:24.600   345   345 D SAN_SERVICE: DM App Phone Service State - 0
07-01 20:55:24.600   345   345 D SAN_SERVICE: *******************************************
07-01 20:55:24.869   345   345 D SAN_SERVICE: *******************************************
07-01 20:55:24.869   345   345 D SAN_SERVICE: DM App Phone Service State - 0
07-01 20:55:24.869   345   345 D SAN_SERVICE: *******************************************
07-01 20:55:25.123   345   345 D SAN_SERVICE: *******************************************
07-01 20:55:25.123   345   345 D SAN_SERVICE: DM App Phone Service State - 0
07-01 20:55:25.123   345   345 D SAN_SERVICE: *******************************************
07-01 20:55:25.799 14804 14806 D dalvikvm: GC_CONCURRENT freed 383K, 7% free 10558K/11335K, paused 21ms+2ms
07-01 20:55:26.357 14804 14806 D dalvikvm: GC_CONCURRENT freed 386K, 7% free 10557K/11335K, paused 1ms+3ms
07-01 20:55:27.037 13971 13972 D dalvikvm: GC_CONCURRENT freed 480K, 6% free 9765K/10375K, paused 13ms+3ms
07-01 20:55:27.291 14804 14806 D dalvikvm: GC_CONCURRENT freed 408K, 7% free 10554K/11335K, paused 9ms+3ms
07-01 20:55:28.232 14804 14806 D dalvikvm: GC_CONCURRENT freed 442K, 8% free 10515K/11335K, paused 2ms+3ms
07-01 20:55:29.096 14804 14806 D dalvikvm: GC_CONCURRENT freed 418K, 8% free 10491K/11335K, paused 2ms+4ms
07-01 20:55:30.283 14804 14806 D dalvikvm: GC_CONCURRENT freed 379K, 7% free 10544K/11335K, paused 2ms+3ms
07-01 20:55:31.178 14804 14848 D dalvikvm: GC_FOR_ALLOC freed 213K, 7% free 10607K/11335K, paused 34ms
07-01 20:55:32.189 14804 14848 D dalvikvm: GC_FOR_ALLOC freed 420K, 7% free 10543K/11335K, paused 76ms
07-01 20:55:33.186 14804 14848 D dalvikvm: GC_FOR_ALLOC freed 404K, 8% free 10480K/11335K, paused 69ms
07-01 20:55:34.299 14804 14806 D dalvikvm: GC_CONCURRENT freed 386K, 8% free 10490K/11335K, paused 2ms+4ms
07-01 20:55:36.635 14804 14806 D dalvikvm: GC_CONCURRENT freed 347K, 7% free 10545K/11335K, paused 24ms+2ms
07-01 20:55:37.393 14875 14876 D dalvikvm: GC_CONCURRENT freed 513K, 6% free 10391K/11015K, paused 2ms+3ms
07-01 20:55:37.541 14804 14806 D dalvikvm: GC_CONCURRENT freed 429K, 8% free 10524K/11335K, paused 2ms+2ms
07-01 20:55:37.561 13246 13248 D dalvikvm: GC_CONCURRENT freed 483K, 8% free 10252K/11079K, paused 7ms+5ms
07-01 20:55:37.686 13246 13248 D dalvikvm: GC_CONCURRENT freed 252K, 7% free 10384K/11079K, paused 2ms+5ms
07-01 20:55:38.346 14804 14806 D dalvikvm: GC_CONCURRENT freed 386K, 8% free 10535K/11335K, paused 2ms+2ms
07-01 20:55:39.397 14804 14806 D dalvikvm: GC_CONCURRENT freed 429K, 8% free 10516K/11335K, paused 21ms+2ms
07-01 20:55:40.170 14804 14806 D dalvikvm: GC_CONCURRENT freed 325K, 7% free 10579K/11335K, paused 22ms+2ms
07-01 20:55:41.127 14804 14848 D dalvikvm: GC_FOR_ALLOC freed 421K, 8% free 10513K/11335K, paused 69ms
07-01 20:55:42.104 14804 14806 D dalvikvm: GC_CONCURRENT freed 329K, 7% free 10575K/11335K, paused 10ms+3ms
07-01 20:55:43.326 14804 14806 D dalvikvm: GC_CONCURRENT freed 423K, 7% free 10545K/11335K, paused 22ms+2ms
07-01 20:55:44.033 14804 14848 D dalvikvm: GC_FOR_ALLOC freed 416K, 8% free 10512K/11335K, paused 65ms
07-01 20:55:44.928 14804 14806 D dalvikvm: GC_CONCURRENT freed 355K, 7% free 10543K/11335K, paused 22ms+2ms
07-01 20:55:45.986 14804 14806 D dalvikvm: GC_CONCURRENT freed 419K, 8% free 10523K/11335K, paused 22ms+2ms
07-01 20:55:46.986 14804 14806 D dalvikvm: GC_CONCURRENT freed 422K, 8% free 10523K/11335K, paused 24ms+3ms
07-01 20:55:47.971 14804 14806 D dalvikvm: GC_CONCURRENT freed 419K, 8% free 10523K/11335K, paused 21ms+3ms
07-01 20:55:48.916 14804 14806 D dalvikvm: GC_CONCURRENT freed 419K, 8% free 10523K/11335K, paused 2ms+3ms
07-01 20:55:50.014 14804 14806 D dalvikvm: GC_CONCURRENT freed 411K, 8% free 10501K/11335K, paused 10ms+2ms
07-01 20:55:50.807 14804 14806 D dalvikvm: GC_CONCURRENT freed 401K, 8% free 10492K/11335K, paused 2ms+2ms
07-01 20:55:51.822 14804 14806 D dalvikvm: GC_CONCURRENT freed 346K, 7% free 10550K/11335K, paused 20ms+2ms
07-01 20:55:52.756 14804 14806 D dalvikvm: GC_CONCURRENT freed 419K, 7% free 10550K/11335K, paused 2ms+10ms
07-01 20:55:53.842 14804 14806 D dalvikvm: GC_CONCURRENT freed 419K, 7% free 10550K/11335K, paused 2ms+2ms
07-01 20:55:54.955 14804 14806 D dalvikvm: GC_CONCURRENT freed 414K, 8% free 10534K/11335K, paused 2ms+2ms
07-01 20:55:56.064 14804 14848 D dalvikvm: GC_FOR_ALLOC freed 414K, 8% free 10480K/11335K, paused 21ms
07-01 20:55:57.205 14804 14806 D dalvikvm: GC_CONCURRENT freed 345K, 8% free 10539K/11335K, paused 2ms+2ms
07-01 20:55:58.303 14804 14848 D dalvikvm: GC_FOR_ALLOC freed 410K, 8% free 10480K/11335K, paused 24ms
07-01 20:55:59.053 14804 14806 D dalvikvm: GC_CONCURRENT freed 211K, 6% free 10668K/11335K, paused 2ms+3ms
07-01 20:56:00.072 14804 14848 D dalvikvm: GC_FOR_ALLOC freed 410K, 8% free 10480K/11335K, paused 21ms
07-01 20:56:00.584 14804 14806 D dalvikvm: GC_CONCURRENT freed 204K, 6% free 10669K/11335K, paused 2ms+3ms
07-01 20:56:01.385 14613 14985 D GetStringObjTask: retrieving from url = http://www.chess.com/api/get_move_status?id=y3ICtufzg6w7rQqcD3KFujVaIanpYba4bIpaeKElV1LNz3Sz4Fk9Yh5CeWaj8h4bQ2RY0CxFVgA%2ByBE5DE%2B1cAuw4i%2Bp2GVj5RbuDPEUotReGbS25iAukuBsuUd%2Fl5dp
07-01 20:56:01.693 14804 14848 D dalvikvm: GC_FOR_ALLOC freed 400K, 8% free 10480K/11335K, paused 22ms
07-01 20:56:02.045 14613 14985 D GetStringObjTask: WebRequest SERVER RESPONSE: Success+0
07-01 20:56:02.533 14804 14806 D dalvikvm: GC_CONCURRENT freed 206K, 6% free 10668K/11335K, paused 21ms+2ms
07-01 20:56:03.428 14804 14848 D dalvikvm: GC_FOR_ALLOC freed 400K, 8% free 10480K/11335K, paused 21ms
07-01 20:56:04.002 14804 14806 D dalvikvm: GC_CONCURRENT freed 372K, 8% free 10509K/11335K, paused 2ms+3ms
07-01 20:56:05.408 14804 14806 D dalvikvm: GC_CONCURRENT freed 244K, 6% free 10669K/11335K, paused 2ms+3ms
07-01 20:56:06.436 14804 14848 D dalvikvm: GC_FOR_ALLOC freed 400K, 8% free 10480K/11335K, paused 74ms
07-01 20:56:07.041 14804 14806 D dalvikvm: GC_CONCURRENT freed 206K, 6% free 10668K/11335K, paused 22ms+2ms
07-01 20:56:07.951 14804 14848 D dalvikvm: GC_FOR_ALLOC freed 400K, 8% free 10480K/11335K, paused 23ms
07-01 20:56:08.459 14804 14806 D dalvikvm: GC_CONCURRENT freed 209K, 6% free 10669K/11335K, paused 2ms+3ms
07-01 20:56:09.584 14804 14848 D dalvikvm: GC_FOR_ALLOC freed 400K, 8% free 10480K/11335K, paused 21ms
07-01 20:56:10.510 14804 14806 D dalvikvm: GC_CONCURRENT freed 206K, 6% free 10668K/11335K, paused 21ms+2ms
07-01 20:56:11.393 14804 14848 D dalvikvm: GC_FOR_ALLOC freed 430K, 8% free 10481K/11335K, paused 33ms
07-01 20:56:11.838 14804 14806 D dalvikvm: GC_CONCURRENT freed 265K, 7% free 10600K/11335K, paused 2ms+3ms
07-01 20:56:12.939 14804 14848 D dalvikvm: GC_FOR_ALLOC freed 354K, 8% free 10528K/11335K, paused 21ms
07-01 20:56:14.096 14804 14848 D dalvikvm: GC_FOR_ALLOC freed 412K, 8% free 10480K/11335K, paused 21ms
07-01 20:56:14.748 14804 14806 D dalvikvm: GC_CONCURRENT freed 346K, 8% free 10534K/11335K, paused 2ms+3ms
07-01 20:56:15.943 14804 14806 D dalvikvm: GC_CONCURRENT freed 269K, 6% free 10668K/11335K, paused 2ms+4ms
07-01 20:56:16.334   345   345 D SAN_SERVICE: *******************************************
07-01 20:56:16.334   345   345 D SAN_SERVICE: DM App Phone Service State - 0
07-01 20:56:16.334   345   345 D SAN_SERVICE: *******************************************
07-01 20:56:17.287 14804 14848 D dalvikvm: GC_FOR_ALLOC freed 405K, 8% free 10480K/11335K, paused 21ms
07-01 20:56:17.467 14804 14806 D dalvikvm: GC_CONCURRENT freed 358K, 8% free 10521K/11335K, paused 2ms+2ms
07-01 20:56:18.580 14804 14848 D dalvikvm: GC_FOR_ALLOC freed 274K, 7% free 10604K/11335K, paused 22ms
07-01 20:56:19.717 14804 14848 D dalvikvm: GC_FOR_ALLOC freed 400K, 8% free 10480K/11335K, paused 21ms
07-01 20:56:20.354 14804 14806 D dalvikvm: GC_CONCURRENT freed 201K, 6% free 10668K/11335K, paused 2ms+2ms
07-01 20:56:21.932 14804 14848 D dalvikvm: GC_FOR_ALLOC freed 400K, 8% free 10480K/11335K, paused 21ms
07-01 20:56:22.166 14804 14806 D dalvikvm: GC_CONCURRENT freed 378K, 8% free 10495K/11335K, paused 25ms+3ms
07-01 20:56:22.553   345   345 D SAN_SERVICE: *******************************************
07-01 20:56:22.553   345   345 D SAN_SERVICE: DM App Phone Service State - 0
07-01 20:56:22.553   345   345 D SAN_SERVICE: *******************************************
07-01 20:56:23.420 14804 14806 D dalvikvm: GC_CONCURRENT freed 224K, 6% free 10674K/11335K, paused 2ms+2ms
07-01 20:56:24.428 14804 14848 D dalvikvm: GC_FOR_ALLOC freed 395K, 8% free 10480K/11335K, paused 23ms
07-01 20:56:25.041 14804 14806 D dalvikvm: GC_CONCURRENT freed 210K, 6% free 10668K/11335K, paused 24ms+2ms
07-01 20:56:26.053 14804 14848 D dalvikvm: GC_FOR_ALLOC freed 395K, 8% free 10480K/11335K, paused 21ms
07-01 20:56:26.502 14804 14806 D dalvikvm: GC_CONCURRENT freed 195K, 6% free 10674K/11335K, paused 3ms+3ms
07-01 20:56:27.799 14804 14848 D dalvikvm: GC_FOR_ALLOC freed 395K, 8% free 10480K/11335K, paused 20ms
07-01 20:56:28.252 14804 14806 D dalvikvm: GC_CONCURRENT freed 210K, 6% free 10668K/11335K, paused 2ms+2ms
07-01 20:56:29.236 14804 14848 D dalvikvm: GC_FOR_ALLOC freed 395K, 8% free 10480K/11335K, paused 21ms
07-01 20:56:29.998 14804 14806 D dalvikvm: GC_CONCURRENT freed 391K, 8% free 10482K/11335K, paused 2ms+2ms
07-01 20:56:31.029 14804 14806 D dalvikvm: GC_CONCURRENT freed 297K, 7% free 10589K/11335K, paused 2ms+3ms
07-01 20:56:32.115 14804 14848 D dalvikvm: GC_FOR_ALLOC freed 404K, 8% free 10516K/11335K, paused 20ms
07-01 20:56:33.260 14804 14806 D dalvikvm: GC_CONCURRENT freed 404K, 8% free 10516K/11335K, paused 2ms+2ms
07-01 20:56:34.377 14804 14806 D dalvikvm: GC_CONCURRENT freed 404K, 8% free 10516K/11335K, paused 2ms+3ms
07-01 20:56:35.604 14804 14806 D dalvikvm: GC_CONCURRENT freed 404K, 8% free 10516K/11335K, paused 2ms+2ms
07-01 20:56:36.631 14804 14806 D dalvikvm: GC_CONCURRENT freed 403K, 8% free 10516K/11335K, paused 2ms+2ms
07-01 20:56:37.572  3921  3923 D dalvikvm: GC_CONCURRENT freed 418K, 6% free 10399K/10951K, paused 6ms+16ms
07-01 20:56:37.604 13246 13248 D dalvikvm: GC_CONCURRENT freed 644K, 8% free 10250K/11079K, paused 2ms+2ms
07-01 20:56:37.709 14804 14806 D dalvikvm: GC_CONCURRENT freed 417K, 8% free 10485K/11335K, paused 3ms+3ms
07-01 20:56:38.865 14804 14806 D dalvikvm: GC_CONCURRENT freed 371K, 7% free 10543K/11335K, paused 2ms+2ms
07-01 20:56:40.174 14804 14848 D dalvikvm: GC_FOR_ALLOC freed 404K, 8% free 10480K/11335K, paused 72ms
07-01 20:56:40.658 14804 14806 D dalvikvm: GC_CONCURRENT freed 206K, 6% free 10668K/11335K, paused 2ms+4ms
07-01 20:56:41.725 14804 14848 D dalvikvm: GC_FOR_ALLOC freed 404K, 8% free 10480K/11335K, paused 21ms
07-01 20:56:42.264 14804 14806 D dalvikvm: GC_CONCURRENT freed 204K, 6% free 10669K/11335K, paused 2ms+3ms
07-01 20:56:43.357 14804 14848 D dalvikvm: GC_FOR_ALLOC freed 400K, 8% free 10480K/11335K, paused 21ms
07-01 20:56:43.904 14804 14806 D dalvikvm: GC_CONCURRENT freed 211K, 6% free 10668K/11335K, paused 2ms+3ms
07-01 20:56:44.561 14804 14848 D dalvikvm: GC_FOR_ALLOC freed 201K, 7% free 10607K/11335K, paused 20ms
07-01 20:56:45.619 14804 14848 D dalvikvm: GC_FOR_ALLOC freed 400K, 8% free 10480K/11335K, paused 22ms
07-01 20:56:46.154 14804 14806 D dalvikvm: GC_CONCURRENT freed 206K, 6% free 10668K/11335K, paused 2ms+3ms
07-01 20:56:47.256 14804 14848 D dalvikvm: GC_FOR_ALLOC freed 400K, 8% free 10480K/11335K, paused 22ms
07-01 20:56:47.943 14804 14806 D dalvikvm: GC_CONCURRENT freed 378K, 8% free 10487K/11335K, paused 2ms+3ms
07-01 20:56:49.127 14804 14806 D dalvikvm: GC_CONCURRENT freed 290K, 7% free 10606K/11335K, paused 2ms+2ms
07-01 20:56:50.166 14804 14848 D dalvikvm: GC_FOR_ALLOC freed 401K, 8% free 10480K/11335K, paused 21ms
07-01 20:56:50.924 14804 14806 D dalvikvm: GC_CONCURRENT freed 209K, 6% free 10668K/11335K, paused 4ms+2ms
07-01 20:56:51.932 14804 14848 D dalvikvm: GC_FOR_ALLOC freed 400K, 8% free 10480K/11335K, paused 80ms
07-01 20:56:52.404 14804 14806 D dalvikvm: GC_CONCURRENT freed 204K, 6% free 10669K/11335K, paused 2ms+2ms
07-01 20:56:53.611 14804 14848 D dalvikvm: GC_FOR_ALLOC freed 400K, 8% free 10480K/11335K, paused 21ms
07-01 20:56:54.197 14804 14806 D dalvikvm: GC_CONCURRENT freed 205K, 6% free 10669K/11335K, paused 2ms+2ms
07-01 20:56:55.236 14804 14848 D dalvikvm: GC_FOR_ALLOC freed 400K, 8% free 10480K/11335K, paused 48ms
07-01 20:56:55.779 14804 14806 D dalvikvm: GC_CONCURRENT freed 205K, 6% free 10669K/11335K, paused 2ms+3ms
07-01 20:56:56.877 14804 14848 D dalvikvm: GC_FOR_ALLOC freed 400K, 8% free 10480K/11335K, paused 21ms
07-01 20:56:57.428 14804 14806 D dalvikvm: GC_CONCURRENT freed 205K, 6% free 10669K/11335K, paused 2ms+4ms
07-01 20:56:58.654 14804 14848 D dalvikvm: GC_FOR_ALLOC freed 443K, 8% free 10480K/11335K, paused 24ms
07-01 20:56:59.666 14804 14806 D dalvikvm: GC_CONCURRENT freed 375K, 8% free 10522K/11335K, paused 2ms+3ms
07-01 20:57:00.291 14804 14806 D dalvikvm: GC_CONCURRENT freed 432K, 8% free 10483K/11335K, paused 2ms+3ms
07-01 20:57:01.412 14804 14806 D dalvikvm: GC_CONCURRENT freed 257K, 6% free 10669K/11335K, paused 2ms+4ms
07-01 20:57:02.510 14804 14848 D dalvikvm: GC_FOR_ALLOC freed 400K, 8% free 10480K/11335K, paused 21ms
07-01 20:57:03.088 14804 14806 D dalvikvm: GC_CONCURRENT freed 337K, 7% free 10542K/11335K, paused 2ms+2ms
07-01 20:57:04.158 14804 14848 D dalvikvm: GC_FOR_ALLOC freed 276K, 7% free 10607K/11335K, paused 21ms
07-01 20:57:05.283 14804 14848 D dalvikvm: GC_FOR_ALLOC freed 400K, 8% free 10480K/11335K, paused 21ms
07-01 20:57:05.826 14804 14806 D dalvikvm: GC_CONCURRENT freed 205K, 6% free 10669K/11335K, paused 2ms+2ms
07-01 20:57:07.022 14804 14848 D dalvikvm: GC_FOR_ALLOC freed 400K, 8% free 10480K/11335K, paused 21ms
07-01 20:57:07.561 14804 14806 D dalvikvm: GC_CONCURRENT freed 205K, 6% free 10669K/11335K, paused 2ms+3ms
07-01 20:57:08.752 14804 14848 D dalvikvm: GC_FOR_ALLOC freed 400K, 8% free 10480K/11335K, paused 24ms
07-01 20:57:09.299 14804 14806 D dalvikvm: GC_CONCURRENT freed 213K, 6% free 10669K/11335K, paused 2ms+3ms
07-01 20:57:10.303 14804 14848 D dalvikvm: GC_FOR_ALLOC freed 405K, 8% free 10480K/11335K, paused 21ms
07-01 20:57:10.939 14804 14806 D dalvikvm: GC_CONCURRENT freed 205K, 6% free 10669K/11335K, paused 2ms+3ms
07-01 20:57:12.147 14804 14848 D dalvikvm: GC_FOR_ALLOC freed 400K, 8% free 10480K/11335K, paused 21ms
07-01 20:57:12.713 14804 14806 D dalvikvm: GC_CONCURRENT freed 205K, 6% free 10669K/11335K, paused 22ms+3ms
07-01 20:57:13.619 14804 14848 D dalvikvm: GC_FOR_ALLOC freed 400K, 8% free 10480K/11335K, paused 32ms
07-01 20:57:14.018   145   200 D DhcpInfoInternal: makeLinkProperties with empty dns2!
07-01 20:57:14.025   145   200 D DhcpInfoInternal: makeLinkProperties with empty dns2!
07-01 20:57:14.322 14804 14806 D dalvikvm: GC_CONCURRENT freed 205K, 6% free 10669K/11335K, paused 2ms+2ms
07-01 20:57:15.420 14804 14848 D dalvikvm: GC_FOR_ALLOC freed 400K, 8% free 10480K/11335K, paused 21ms
07-01 20:57:16.115 14804 14806 D dalvikvm: GC_CONCURRENT freed 205K, 6% free 10669K/11335K, paused 3ms+3ms
07-01 20:57:17.107 14804 14848 D dalvikvm: GC_FOR_ALLOC freed 400K, 8% free 10480K/11335K, paused 21ms
07-01 20:57:17.697 14804 14806 D dalvikvm: GC_CONCURRENT freed 205K, 6% free 10669K/11335K, paused 2ms+3ms
07-01 20:57:18.791 14804 14848 D dalvikvm: GC_FOR_ALLOC freed 404K, 8% free 10480K/11335K, paused 21ms
07-01 20:57:19.768 14804 14806 D dalvikvm: GC_CONCURRENT freed 205K, 6% free 10669K/11335K, paused 2ms+4ms
07-01 20:57:20.865 14804 14806 D dalvikvm: GC_CONCURRENT freed 561K, 7% free 10545K/11335K, paused 2ms+2ms
07-01 20:57:21.232 14804 14848 D dalvikvm: GC_FOR_ALLOC freed 197K, 7% free 10609K/11335K, paused 21ms
07-01 20:57:21.326 14900 14913 I PhoneLab-: Service Running
07-01 20:57:21.404 14900 14913 I PhoneLab-LoggerService: app_37    1360  1     1436   996   c00f181c 400107b4 S logcat
07-01 20:57:21.408 14900 14913 I PhoneLab-LoggerService: Logcat pid from database 1360
07-01 20:57:21.408 14900 14913 I PhoneLab-LoggerService: Logcat process found 1360
07-01 20:57:21.408 14900 14913 I PhoneLab-LoggerService: Checking Threshold
07-01 20:57:21.408 14900 14913 I PhoneLab-LoggerService: Starting to rename files
07-01 20:57:21.408 14900 14913 I PhoneLab-LoggerService: Files found .. 2
07-01 20:57:21.916 14804 14848 D dalvikvm: GC_FOR_ALLOC freed 206K, 7% free 10607K/11335K, paused 50ms
07-01 20:57:22.908 14804 14848 D dalvikvm: GC_FOR_ALLOC freed 395K, 8% free 10480K/11335K, paused 75ms
07-01 20:57:23.436 14804 14806 D dalvikvm: GC_CONCURRENT freed 196K, 6% free 10674K/11335K, paused 2ms+2ms
07-01 20:57:24.522 14804 14848 D dalvikvm: GC_FOR_ALLOC freed 395K, 8% free 10480K/11335K, paused 23ms
07-01 20:57:24.963 14804 14806 D dalvikvm: GC_CONCURRENT freed 209K, 6% free 10669K/11335K, paused 2ms+3ms
07-01 20:57:26.100 14804 14848 D dalvikvm: GC_FOR_ALLOC freed 395K, 8% free 10480K/11335K, paused 22ms
07-01 20:57:26.717 14804 14806 D dalvikvm: GC_CONCURRENT freed 195K, 6% free 10674K/11335K, paused 2ms+2ms
07-01 20:57:27.803 14804 14848 D dalvikvm: GC_FOR_ALLOC freed 399K, 8% free 10480K/11335K, paused 24ms
07-01 20:57:28.463 14804 14806 D dalvikvm: GC_CONCURRENT freed 209K, 6% free 10669K/11335K, paused 2ms+2ms
07-01 20:57:29.568 14804 14848 D dalvikvm: GC_FOR_ALLOC freed 395K, 8% free 10480K/11335K, paused 22ms
07-01 20:57:30.205 14804 14806 D dalvikvm: GC_CONCURRENT freed 195K, 6% free 10674K/11335K, paused 2ms+2ms
07-01 20:57:31.295 14804 14848 D dalvikvm: GC_FOR_ALLOC freed 395K, 8% free 10480K/11335K, paused 20ms
07-01 20:57:31.736 14804 14806 D dalvikvm: GC_CONCURRENT freed 209K, 6% free 10669K/11335K, paused 2ms+3ms
07-01 20:57:32.924 14804 14848 D dalvikvm: GC_FOR_ALLOC freed 395K, 8% free 10480K/11335K, paused 21ms
07-01 20:57:33.580 14804 14806 D dalvikvm: GC_CONCURRENT freed 362K, 8% free 10512K/11335K, paused 2ms+2ms
07-01 20:57:34.627 14804 14806 D dalvikvm: GC_CONCURRENT freed 403K, 8% free 10512K/11335K, paused 2ms+3ms
07-01 20:57:35.689 14804 14848 D dalvikvm: GC_FOR_ALLOC freed 251K, 7% free 10604K/11335K, paused 21ms
07-01 20:57:36.912 14804 14848 D dalvikvm: GC_FOR_ALLOC freed 404K, 8% free 10530K/11335K, paused 21ms
07-01 20:57:37.498 14875 14876 D dalvikvm: GC_CONCURRENT freed 513K, 6% free 10389K/11015K, paused 1ms+3ms
07-01 20:57:38.080 14804 14806 D dalvikvm: GC_CONCURRENT freed 429K, 8% free 10541K/11335K, paused 2ms+3ms
07-01 20:57:39.174 14804 14848 D dalvikvm: GC_FOR_ALLOC freed 404K, 8% free 10480K/11335K, paused 21ms
07-01 20:57:39.611 14804 14806 D dalvikvm: GC_CONCURRENT freed 201K, 6% free 10669K/11335K, paused 2ms+2ms
07-01 20:57:40.701 14804 14848 D dalvikvm: GC_FOR_ALLOC freed 400K, 8% free 10480K/11335K, paused 21ms
07-01 20:57:41.404 14804 14806 D dalvikvm: GC_CONCURRENT freed 209K, 6% free 10665K/11335K, paused 3ms+2ms
07-01 20:57:42.459 14804 14848 D dalvikvm: GC_FOR_ALLOC freed 400K, 8% free 10480K/11335K, paused 21ms
07-01 20:57:42.994 14804 14806 D dalvikvm: GC_CONCURRENT freed 201K, 6% free 10669K/11335K, paused 2ms+3ms
07-01 20:57:44.092 14804 14848 D dalvikvm: GC_FOR_ALLOC freed 400K, 8% free 10480K/11335K, paused 21ms
07-01 20:57:44.729 14804 14806 D dalvikvm: GC_CONCURRENT freed 209K, 6% free 10665K/11335K, paused 2ms+2ms
07-01 20:57:45.736 14804 14848 D dalvikvm: GC_FOR_ALLOC freed 402K, 8% free 10482K/11335K, paused 24ms
07-01 20:57:46.385 14804 14806 D dalvikvm: GC_CONCURRENT freed 202K, 6% free 10669K/11335K, paused 2ms+2ms
07-01 20:57:46.959 14804 14848 D dalvikvm: GC_FOR_ALLOC freed 202K, 7% free 10607K/11335K, paused 21ms
07-01 20:57:48.084 14804 14848 D dalvikvm: GC_FOR_ALLOC freed 400K, 8% free 10480K/11335K, paused 22ms
07-01 20:57:48.822 14804 14806 D dalvikvm: GC_CONCURRENT freed 205K, 6% free 10669K/11335K, paused 2ms+3ms
07-01 20:57:49.850 14804 14848 D dalvikvm: GC_FOR_ALLOC freed 400K, 8% free 10480K/11335K, paused 73ms
07-01 20:57:50.467 14804 14806 D dalvikvm: GC_CONCURRENT freed 205K, 6% free 10669K/11335K, paused 2ms+4ms
07-01 20:57:51.482 14804 14848 D dalvikvm: GC_FOR_ALLOC freed 400K, 8% free 10480K/11335K, paused 65ms
07-01 20:57:52.018 14804 14806 D dalvikvm: GC_CONCURRENT freed 205K, 6% free 10669K/11335K, paused 2ms+3ms
07-01 20:57:53.404 14804 14848 D dalvikvm: GC_FOR_ALLOC freed 400K, 8% free 10480K/11335K, paused 21ms
07-01 20:57:53.674 14804 14806 D dalvikvm: GC_CONCURRENT freed 205K, 6% free 10669K/11335K, paused 2ms+3ms
07-01 20:57:54.939 14804 14848 D dalvikvm: GC_FOR_ALLOC freed 400K, 8% free 10480K/11335K, paused 21ms
07-01 20:57:55.494 14804 14806 D dalvikvm: GC_CONCURRENT freed 208K, 6% free 10669K/11335K, paused 9ms+2ms
07-01 20:57:56.592 14804 14848 D dalvikvm: GC_FOR_ALLOC freed 400K, 8% free 10480K/11335K, paused 21ms
07-01 20:57:57.064 14804 14806 D dalvikvm: GC_CONCURRENT freed 205K, 6% free 10669K/11335K, paused 3ms+2ms
07-01 20:57:58.229 14804 14848 D dalvikvm: GC_FOR_ALLOC freed 405K, 8% free 10480K/11335K, paused 21ms
07-01 20:57:58.768 14804 14806 D dalvikvm: GC_CONCURRENT freed 205K, 6% free 10669K/11335K, paused 2ms+2ms
07-01 20:57:59.842 14804 14848 D dalvikvm: GC_FOR_ALLOC freed 400K, 8% free 10521K/11335K, paused 21ms
07-01 20:58:00.604 14804 14806 D dalvikvm: GC_CONCURRENT freed 265K, 6% free 10670K/11335K, paused 20ms+2ms
07-01 20:58:01.494 14804 14848 D dalvikvm: GC_FOR_ALLOC freed 406K, 8% free 10480K/11335K, paused 21ms
07-01 20:58:02.147 14804 14806 D dalvikvm: GC_CONCURRENT freed 205K, 6% free 10669K/11335K, paused 2ms+4ms
07-01 20:58:03.229 14804 14848 D dalvikvm: GC_FOR_ALLOC freed 400K, 8% free 10528K/11335K, paused 23ms
07-01 20:58:03.311   345   345 D SAN_SERVICE: *******************************************
07-01 20:58:03.311   345   345 D SAN_SERVICE: DM App Phone Service State - 0
07-01 20:58:03.311   345   345 D SAN_SERVICE: *******************************************
07-01 20:58:03.662   345   345 D SAN_SERVICE: *******************************************
07-01 20:58:03.662   345   345 D SAN_SERVICE: DM App Phone Service State - 0
07-01 20:58:03.662   345   345 D SAN_SERVICE: *******************************************
07-01 20:58:03.979   345   345 D SAN_SERVICE: *******************************************
07-01 20:58:03.979   345   345 D SAN_SERVICE: DM App Phone Service State - 0
07-01 20:58:03.979   345   345 D SAN_SERVICE: *******************************************
07-01 20:58:04.568 14804 14848 D dalvikvm: GC_FOR_ALLOC freed 410K, 8% free 10482K/11335K, paused 22ms
07-01 20:58:05.123 14804 14806 D dalvikvm: GC_CONCURRENT freed 207K, 6% free 10669K/11335K, paused 21ms+3ms
07-01 20:58:06.002 14804 14848 D dalvikvm: GC_FOR_ALLOC freed 400K, 8% free 10480K/11335K, paused 21ms
07-01 20:58:06.662 14804 14806 D dalvikvm: GC_CONCURRENT freed 205K, 6% free 10669K/11335K, paused 2ms+2ms
07-01 20:58:07.936 14804 14848 D dalvikvm: GC_FOR_ALLOC freed 405K, 8% free 10517K/11335K, paused 26ms
07-01 20:58:08.943 14804 14848 D dalvikvm: GC_FOR_ALLOC freed 408K, 8% free 10480K/11335K, paused 32ms
07-01 20:58:09.416 14804 14806 D dalvikvm: GC_CONCURRENT freed 386K, 8% free 10486K/11335K, paused 3ms+2ms
07-01 20:58:10.643 14804 14806 D dalvikvm: GC_CONCURRENT freed 248K, 6% free 10669K/11335K, paused 2ms+2ms
07-01 20:58:11.643 14804 14848 D dalvikvm: GC_FOR_ALLOC freed 400K, 8% free 10480K/11335K, paused 21ms
07-01 20:58:12.275 14804 14806 D dalvikvm: GC_CONCURRENT freed 205K, 6% free 10669K/11335K, paused 2ms+2ms
07-01 20:58:13.408 14804 14848 D dalvikvm: GC_FOR_ALLOC freed 400K, 8% free 10480K/11335K, paused 35ms
07-01 20:58:13.912 14804 14806 D dalvikvm: GC_CONCURRENT freed 208K, 6% free 10669K/11335K, paused 2ms+3ms
07-01 20:58:15.123 14804 14848 D dalvikvm: GC_FOR_ALLOC freed 400K, 8% free 10480K/11335K, paused 20ms
07-01 20:58:15.748 14804 14806 D dalvikvm: GC_CONCURRENT freed 205K, 6% free 10669K/11335K, paused 2ms+3ms
07-01 20:58:16.748 14804 14848 D dalvikvm: GC_FOR_ALLOC freed 400K, 8% free 10480K/11335K, paused 21ms
07-01 20:58:17.291 14804 14806 D dalvikvm: GC_CONCURRENT freed 205K, 6% free 10669K/11335K, paused 2ms+3ms
07-01 20:58:18.385 14804 14848 D dalvikvm: GC_FOR_ALLOC freed 400K, 8% free 10480K/11335K, paused 21ms
07-01 20:58:19.158 14804 14806 D dalvikvm: GC_CONCURRENT freed 205K, 6% free 10669K/11335K, paused 2ms+2ms
07-01 20:58:20.357 14804 14848 D dalvikvm: GC_FOR_ALLOC freed 400K, 8% free 10480K/11335K, paused 25ms
07-01 20:58:20.869 14804 14806 D dalvikvm: GC_CONCURRENT freed 205K, 6% free 10669K/11335K, paused 21ms+2ms
07-01 20:58:21.779 14804 14848 D dalvikvm: GC_FOR_ALLOC freed 400K, 8% free 10480K/11335K, paused 21ms
07-01 20:58:22.596 14804 14806 D dalvikvm: GC_CONCURRENT freed 205K, 6% free 10669K/11335K, paused 2ms+2ms
07-01 20:58:23.572 14804 14848 D dalvikvm: GC_FOR_ALLOC freed 409K, 8% free 10480K/11335K, paused 24ms
07-01 20:58:24.107 14804 14806 D dalvikvm: GC_CONCURRENT freed 205K, 6% free 10669K/11335K, paused 2ms+3ms
07-01 20:58:25.256 14804 14848 D dalvikvm: GC_FOR_ALLOC freed 400K, 8% free 10480K/11335K, paused 21ms
07-01 20:58:25.920 14804 14806 D dalvikvm: GC_CONCURRENT freed 205K, 6% free 10669K/11335K, paused 2ms+2ms
07-01 20:58:26.904 14804 14848 D dalvikvm: GC_FOR_ALLOC freed 400K, 8% free 10480K/11335K, paused 21ms
07-01 20:58:27.549 14804 14806 D dalvikvm: GC_CONCURRENT freed 205K, 6% free 10669K/11335K, paused 2ms+2ms
07-01 20:58:28.529 14804 14848 D dalvikvm: GC_FOR_ALLOC freed 400K, 8% free 10480K/11335K, paused 21ms
07-01 20:58:29.084   345   345 D SAN_SERVICE: *******************************************
07-01 20:58:29.084   345   345 D SAN_SERVICE: DM App Phone Service State - 0
07-01 20:58:29.084   345   345 D SAN_SERVICE: *******************************************
07-01 20:58:29.104 14804 14806 D dalvikvm: GC_CONCURRENT freed 205K, 6% free 10669K/11335K, paused 2ms+33ms
07-01 20:58:29.678   345   345 D SAN_SERVICE: *******************************************
07-01 20:58:29.678   345   345 D SAN_SERVICE: DM App Phone Service State - 0
07-01 20:58:29.678   345   345 D SAN_SERVICE: *******************************************
07-01 20:58:30.229   145   175 I ActivityManager: Start proc com.google.android.maps.mytracks for service com.google.android.maps.mytracks/com.google.android.apps.mytracks.services.RemoveTempFilesService: pid=15509 uid=10072 gids={3003, 3002, 3001, 1015}
07-01 20:58:30.256    79    79 D dalvikvm: GC_EXPLICIT freed 37K, 4% free 9031K/9347K, paused 1ms+4ms
07-01 20:58:30.287    79    79 D dalvikvm: GC_EXPLICIT freed <1K, 4% free 9031K/9347K, paused 2ms+3ms
07-01 20:58:30.314    79    79 D dalvikvm: GC_EXPLICIT freed <1K, 4% free 9031K/9347K, paused 2ms+3ms
07-01 20:58:30.377 15509 15509 I dalvikvm: Turning on JNI app bug workarounds for target SDK version 7...
07-01 20:58:30.916 15509 15509 I ActivityThread: Pub com.google.android.maps.mytracks.search: com.google.android.apps.mytracks.content.SearchEngineProvider
07-01 20:58:30.943 15509 15509 I ActivityThread: Pub com.google.android.maps.mytracks: com.google.android.apps.mytracks.content.MyTracksProvider
07-01 20:58:31.307 14804 14848 D dalvikvm: GC_FOR_ALLOC freed 400K, 8% free 10480K/11335K, paused 131ms
07-01 20:58:31.393 14804 14806 D dalvikvm: GC_CONCURRENT freed 200K, 6% free 10668K/11335K, paused 2ms+2ms
07-01 20:58:32.412 14804 14848 D dalvikvm: GC_FOR_ALLOC freed 395K, 8% free 10480K/11335K, paused 48ms
07-01 20:58:33.314 14804 14806 D dalvikvm: GC_CONCURRENT freed 208K, 6% free 10674K/11335K, paused 21ms+2ms
07-01 20:58:34.189 14804 14848 D dalvikvm: GC_FOR_ALLOC freed 400K, 8% free 10480K/11335K, paused 21ms
07-01 20:58:34.459 14804 14806 D dalvikvm: GC_CONCURRENT freed 324K, 7% free 10549K/11335K, paused 2ms+2ms
07-01 20:58:35.451 14804 14848 D dalvikvm: GC_FOR_ALLOC freed 409K, 8% free 10524K/11335K, paused 21ms
07-01 20:58:36.502 14804 14806 D dalvikvm: GC_CONCURRENT freed 414K, 8% free 10527K/11335K, paused 2ms+2ms
07-01 20:58:37.592 14804 14848 D dalvikvm: GC_FOR_ALLOC freed 287K, 7% free 10543K/11335K, paused 22ms
07-01 20:58:37.639 13246 13248 D dalvikvm: GC_CONCURRENT freed 521K, 8% free 10241K/11079K, paused 13ms+3ms
07-01 20:58:37.936 13246 13248 D dalvikvm: GC_CONCURRENT freed 225K, 6% free 10434K/11079K, paused 2ms+6ms
07-01 20:58:38.674 14804 14848 D dalvikvm: GC_FOR_ALLOC freed 409K, 8% free 10480K/11335K, paused 21ms
07-01 20:58:39.221 14804 14806 D dalvikvm: GC_CONCURRENT freed 210K, 6% free 10669K/11335K, paused 2ms+3ms
07-01 20:58:39.857 14804 14848 D dalvikvm: GC_FOR_ALLOC freed 202K, 7% free 10607K/11335K, paused 22ms
07-01 20:58:40.920 14804 14848 D dalvikvm: GC_FOR_ALLOC freed 400K, 8% free 10480K/11335K, paused 21ms
07-01 20:58:41.455 14804 14806 D dalvikvm: GC_CONCURRENT freed 359K, 8% free 10534K/11335K, paused 2ms+2ms
07-01 20:58:42.572 14804 14848 D dalvikvm: GC_FOR_ALLOC freed 268K, 7% free 10607K/11335K, paused 21ms
07-01 20:58:43.693 14804 14848 D dalvikvm: GC_FOR_ALLOC freed 400K, 8% free 10480K/11335K, paused 20ms
07-01 20:58:44.303   345   345 D SAN_SERVICE: *******************************************
07-01 20:58:44.303   345   345 D SAN_SERVICE: DM App Phone Service State - 0
07-01 20:58:44.303   345   345 D SAN_SERVICE: *******************************************
07-01 20:58:44.350 14804 14806 D dalvikvm: GC_CONCURRENT freed 205K, 6% free 10669K/11335K, paused 13ms+3ms
07-01 20:58:45.045   345   345 D SAN_SERVICE: *******************************************
07-01 20:58:45.045   345   345 D SAN_SERVICE: DM App Phone Service State - 0
07-01 20:58:45.045   345   345 D SAN_SERVICE: *******************************************
07-01 20:58:45.447 14804 14848 D dalvikvm: GC_FOR_ALLOC freed 400K, 8% free 10480K/11335K, paused 21ms
07-01 20:58:46.080 14804 14806 D dalvikvm: GC_CONCURRENT freed 205K, 6% free 10661K/11335K, paused 3ms+3ms
07-01 20:59:04.787   345   345 D SAN_SERVICE: *******************************************
07-01 20:59:04.787   345   345 D SAN_SERVICE: DM App Phone Service State - 0
07-01 20:59:04.787   345   345 D SAN_SERVICE: *******************************************
07-01 20:59:05.037   345   345 D SAN_SERVICE: *******************************************
07-01 20:59:05.037   345   345 D SAN_SERVICE: DM App Phone Service State - 0
07-01 20:59:05.037   345   345 D SAN_SERVICE: *******************************************
07-01 20:59:05.299   345   345 D SAN_SERVICE: *******************************************
07-01 20:59:05.299   345   345 D SAN_SERVICE: DM App Phone Service State - 0
07-01 20:59:05.299   345   345 D SAN_SERVICE: *******************************************
07-01 20:59:21.330 14900 14913 I PhoneLab-: Service Running
07-01 20:59:21.451 14900 14913 I PhoneLab-LoggerService: app_37    1360  1     1436   996   c00f181c 400107b4 S logcat
07-01 20:59:21.451 14900 14913 I PhoneLab-LoggerService: Logcat pid from database 1360
07-01 20:59:21.451 14900 14913 I PhoneLab-LoggerService: Logcat process found 1360
07-01 20:59:21.451 14900 14913 I PhoneLab-LoggerService: Checking Threshold
07-01 20:59:21.451 14900 14913 I PhoneLab-LoggerService: Starting to rename files
07-01 20:59:21.451 14900 14913 I PhoneLab-LoggerService: Files found .. 2
07-01 20:59:37.647 14875 14876 D dalvikvm: GC_CONCURRENT freed 475K, 6% free 10425K/11015K, paused 7ms+3ms
07-01 20:59:37.787 13246 13248 D dalvikvm: GC_CONCURRENT freed 671K, 8% free 10257K/11079K, paused 2ms+2ms
07-01 20:59:38.893   145   200 D DhcpInfoInternal: makeLinkProperties with empty dns2!
07-01 20:59:38.900   145   200 D DhcpInfoInternal: makeLinkProperties with empty dns2!
07-01 20:59:41.525 13993 13994 D dalvikvm: GC_CONCURRENT freed 1012K, 11% free 11695K/13127K, paused 18ms+3ms
07-01 21:00:00.307 14900 14900 I PhoneLab-Locks: wake lock acquired
07-01 21:00:00.369 14900 15551 I PhoneLab-PeriodicCheckService: User info is synched
07-01 21:00:00.373 14900 15551 I PhoneLab-PeriodicCheckService: Logger Service is running
07-01 21:00:00.377 14900 14900 I PhoneLab-Locks: wake lock acquired
07-01 21:00:00.381 14900 14900 I PhoneLab-StatusMonitor: Status Monitoring is started
07-01 21:00:00.385 14900 15551 I PhoneLab-Locks: wake lock acquired
07-01 21:00:00.385 14900 15551 I PhoneLab-PeriodicCheckService: Rescheduling periodic checking...
07-01 21:00:00.389 14900 15551 I PhoneLab-Locks: wake lock released
07-01 21:00:00.416 14900 14900 E PhoneLab-PhoneLabManifest: java.io.FileNotFoundException: /data/data/edu.buffalo.cse.phonelab.phonelabservices/files/manifest.xml: open failed: ENOENT (No such file or directory)
07-01 21:00:00.428 14900 14900 I PhoneLab-Locks: wake lock released
07-01 21:00:00.432 14900 14900 I PhoneLab-UploadLogs: Transfering log files now
07-01 21:00:00.482 14900 14902 D dalvikvm: GC_CONCURRENT freed 461K, 14% free 9160K/10567K, paused 3ms+4ms
07-01 21:00:00.682 14900 14902 D dalvikvm: GC_CONCURRENT freed 284K, 13% free 9280K/10567K, paused 8ms+2ms
07-01 21:00:00.697 14900 14900 D dalvikvm: GC_FOR_ALLOC freed 120K, 11% free 9408K/10567K, paused 13ms
07-01 21:00:00.697 14900 14900 I dalvikvm-heap: Grow heap (frag case) to 9.749MB for 516692-byte allocation
07-01 21:00:00.721 14900 14900 D dalvikvm: GC_FOR_ALLOC freed 252K, 13% free 9659K/11079K, paused 13ms
07-01 21:00:00.729 14900 14900 I PhoneLab-UploadLogs: OnStartCommand
07-01 21:00:01.143 14900 15553 D dalvikvm: GC_FOR_ALLOC freed 353K, 13% free 9640K/11079K, paused 47ms
07-01 21:00:01.158 14900 15553 D dalvikvm: GC_FOR_ALLOC freed 301K, 13% free 9640K/11079K, paused 13ms
07-01 21:00:01.174 14900 15553 D dalvikvm: GC_FOR_ALLOC freed 301K, 13% free 9641K/11079K, paused 12ms
07-01 21:00:03.865   145   147 D dalvikvm: GC_CONCURRENT freed 1913K, 24% free 16584K/21639K, paused 15ms+8ms
07-01 21:00:03.904   145   169 I ActivityManager: Start proc com.google.android.gm for service com.google.android.gm/.provider.MailSyncAdapterService: pid=15555 uid=10075 gids={3003, 1015}
07-01 21:00:04.061 15555 15555 I ActivityThread: Pub gmail-ls: com.google.android.gm.provider.MailProvider
07-01 21:00:04.088 15555 15555 I ActivityThread: Pub com.google.android.gm: com.google.android.gm.provider.PublicContentProvider
07-01 21:00:04.100 15555 15555 I ActivityThread: Pub com.google.android.gmail.SuggestionProvider: com.google.android.gm.SuggestionsProvider
07-01 21:00:04.244 14900 14900 I PhoneLab-: 1341189681482.log is deleted
07-01 21:00:04.244 14900 14900 I PhoneLab-: Response: {"data": "done", "err": ""}
07-01 21:00:04.244 14900 14900 I PhoneLab-UploadLogs: No log files to transfer
07-01 21:00:04.244 14900 14900 I PhoneLab-Locks: wake lock released
07-01 21:00:07.400 15555 15558 D dalvikvm: GC_CONCURRENT freed 203K, 3% free 9267K/9543K, paused 30ms+2ms
07-01 21:00:07.623 15555 15572 I Gmail   : calculateUnknownSyncRationalesAndPurgeInBackground: queueing
07-01 21:00:07.650 15555 15572 I Gmail   : calculateUnknownSyncRationalesAndPurgeInBackground: queueing
07-01 21:00:07.811 15555 15558 D dalvikvm: GC_CONCURRENT freed 244K, 4% free 9426K/9799K, paused 9ms+5ms
07-01 21:00:07.869 15555 15571 I Gmail   : MainSyncRequestProto: lowestBkwdConvoId: 0, highestHandledServerOp: 3285748, normalSync: true
07-01 21:00:07.885 15555 15572 I Gmail   : calculateUnknownSyncRationalesAndPurgeInBackground: running
07-01 21:00:07.893 15555 15572 I Gmail   : calculateUnknownSyncRationalesAndPurgeInBackground: running
07-01 21:00:08.084  3921  4168 D dalvikvm: GC_EXPLICIT freed 187K, 6% free 10354K/10951K, paused 7ms+5ms
07-01 21:00:09.334 15555 15558 D dalvikvm: GC_CONCURRENT freed 326K, 5% free 9552K/9991K, paused 2ms+2ms
07-01 21:00:10.639 15555 15558 D dalvikvm: GC_CONCURRENT freed 446K, 6% free 9545K/10119K, paused 1ms+3ms
07-01 21:00:10.736 15555 15571 D dalvikvm: GC_EXPLICIT freed 186K, 6% free 9541K/10119K, paused 2ms+3ms
07-01 21:00:10.740 15555 15571 I Gmail   : MainSyncRequestProto: lowestBkwdConvoId: 0, highestHandledServerOp: 3285989, normalSync: true
07-01 21:00:11.772 15555 15571 D dalvikvm: GC_EXPLICIT freed 255K, 6% free 9596K/10119K, paused 1ms+2ms
07-01 21:00:11.775 15555 15571 I Gmail   : MainSyncRequestProto: lowestBkwdConvoId: 0, highestHandledServerOp: 3285994, normalSync: true
07-01 21:00:11.779 15555 15571 I Gmail   : lowestBackward conversation id 0
07-01 21:00:11.799 15555 15571 W Gmail   : Scheduling index for 300000 ms from now
07-01 21:00:11.842 15555 15571 I Gmail   : Sending notification intent: Intent { act=android.intent.action.PROVIDER_CHANGED dat=content://gmail-ls/unread/^i (has extras) }
07-01 21:00:12.068 15555 15578 W Gmail   : Showing notification with unreadCount of 1 and unseenCount of 1
07-01 21:00:12.068 15555 15571 I Gmail   : Sending notification intent: Intent { act=android.intent.action.PROVIDER_CHANGED dat=content://gmail-ls/unread/^iim (has extras) }
07-01 21:00:12.158   145  4009 I ActivityManager: Start proc android.process.media for content provider com.android.providers.downloads/.DownloadProvider: pid=15580 uid=10012 gids={1015, 1023, 1024, 2001, 3003, 3007}
07-01 21:00:12.272 15580 15580 I ActivityThread: Pub downloads: com.android.providers.downloads.DownloadProvider
07-01 21:00:12.287 15580 15580 I ActivityThread: Pub drm: com.android.providers.drm.DrmProvider
07-01 21:00:12.291 15580 15593 I DownloadManager: in removeSpuriousFiles
07-01 21:00:12.307 15580 15580 I ActivityThread: Pub media: com.android.providers.media.MediaProvider
07-01 21:00:12.381 15580 15593 I DownloadManager: in removeSpuriousFiles, preserving file /data/data/com.android.providers.downloads/cache/metadata.json
07-01 21:00:12.381 15580 15593 I DownloadManager: in removeSpuriousFiles, preserving file /data/data/com.android.providers.downloads/cache/en_general.htm
07-01 21:00:12.381 15580 15593 I DownloadManager: in removeSpuriousFiles, preserving file /mnt/sdcard/Download/img-thing.jpeg
07-01 21:00:12.381 15580 15593 I DownloadManager: in removeSpuriousFiles, preserving file /data/data/com.android.providers.downloads/cache/metadata-1.json
07-01 21:00:12.381 15580 15593 I DownloadManager: in removeSpuriousFiles, preserving file /data/data/com.android.providers.downloads/cache/downloadfile.jpeg
07-01 21:00:12.381 15580 15593 I DownloadManager: in removeSpuriousFiles, preserving file /data/data/com.android.providers.downloads/cache/metadata-2.json
07-01 21:00:12.381 15580 15593 I DownloadManager: in removeSpuriousFiles, preserving file /data/data/com.android.providers.downloads/cache/metadata-3.json
07-01 21:00:12.385 15580 15593 I DownloadManager: deleting spurious file /cache/backup
07-01 21:00:12.498   145   365 D dalvikvm: GC_EXPLICIT freed 315K, 24% free 16503K/21639K, paused 9ms+6ms
07-01 21:00:12.533 15555 15558 D dalvikvm: GC_CONCURRENT freed 281K, 5% free 9707K/10119K, paused 40ms+3ms
07-01 21:00:12.900   216   218 D dalvikvm: GC_CONCURRENT freed 510K, 32% free 9790K/14343K, paused 85ms+3ms
07-01 21:00:12.943 15580 15582 D dalvikvm: GC_CONCURRENT freed 323K, 5% free 9213K/9607K, paused 41ms+5ms
07-01 21:00:13.088   216   218 D dalvikvm: GC_CONCURRENT freed 213K, 31% free 9985K/14343K, paused 4ms+3ms
07-01 21:00:13.295   216   218 D dalvikvm: GC_CONCURRENT freed 461K, 31% free 10010K/14343K, paused 2ms+3ms
07-01 21:00:13.592 15580 15598 I DownloadManager: Initiating request for download 668
07-01 21:00:14.416 15580 15582 D dalvikvm: GC_CONCURRENT freed 368K, 6% free 9239K/9735K, paused 6ms+3ms
07-01 21:00:16.225 15580 15604 I DownloadManager: deleting /data/data/com.android.providers.downloads/cache/downloadfile-1.jpeg
07-01 21:00:16.268 15580 15605 I DownloadManager: Initiating request for download 669
07-01 21:00:16.900 15580 15582 D dalvikvm: GC_CONCURRENT freed 357K, 5% free 9310K/9799K, paused 17ms+2ms
07-01 21:00:19.697   145   145 I ActivityManager: Process com.google.android.youtube (pid 14804) has died.
07-01 21:00:19.725 15580 15613 I DownloadManager: deleting /data/data/com.android.providers.downloads/cache/downloadfile-1.jpeg
07-01 21:00:36.369 14875 14895 D dalvikvm: GC_EXPLICIT freed 161K, 6% free 10369K/11015K, paused 13ms+2ms
07-01 21:01:01.252 14613 15088 D GetStringObjTask: retrieving from url = http://www.chess.com/api/get_move_status?id=y3ICtufzg6w7rQqcD3KFujVaIanpYba4bIpaeKElV1LNz3Sz4Fk9Yh5CeWaj8h4bQ2RY0CxFVgA%2ByBE5DE%2B1cAuw4i%2Bp2GVj5RbuDPEUotReGbS25iAukuBsuUd%2Fl5dp
07-01 21:01:02.303 14613 14614 D dalvikvm: GC_CONCURRENT freed 426K, 6% free 9496K/10055K, paused 42ms+1ms
07-01 21:01:02.303 14613 15088 D GetStringObjTask: WebRequest SERVER RESPONSE: Success+0
07-01 21:01:21.326 14900 14913 I PhoneLab-: Service Running
07-01 21:01:21.416 14900 14913 I PhoneLab-LoggerService: app_37    1360  1     1436   996   c00f181c 400107b4 S logcat
07-01 21:01:21.420 14900 14913 I PhoneLab-LoggerService: Logcat pid from database 1360
07-01 21:01:21.420 14900 14913 I PhoneLab-LoggerService: Logcat process found 1360
07-01 21:01:21.420 14900 14913 I PhoneLab-LoggerService: Checking Threshold
07-01 21:01:37.826 14875 14876 D dalvikvm: GC_CONCURRENT freed 503K, 6% free 10378K/11015K, paused 1ms+10ms
07-01 21:01:37.877 13246 13248 D dalvikvm: GC_CONCURRENT freed 540K, 8% free 10228K/11079K, paused 2ms+11ms
07-01 21:01:58.068   306   306 I wpa_supplicant: wlan0: WPA: Group rekeying completed with 94:44:52:17:be:7d [GTK=CCMP]
07-01 21:02:03.764   145   200 D DhcpInfoInternal: makeLinkProperties with empty dns2!
07-01 21:02:03.779   145   200 D DhcpInfoInternal: makeLinkProperties with empty dns2!
07-01 21:02:37.912 14875 14876 D dalvikvm: GC_CONCURRENT freed 428K, 6% free 10391K/11015K, paused 2ms+4ms
07-01 21:02:37.979 13246 13248 D dalvikvm: GC_CONCURRENT freed 424K, 8% free 10223K/11079K, paused 1ms+2ms
07-01 21:02:43.904    81   129 D AudioHardware: AudioHardware pcm playback is exiting standby.
07-01 21:02:43.904    81   129 D AudioHardware: openPcmOut_l() mPcmOpenCnt: 0
07-01 21:02:43.920   145   310 I AudioService:  AudioFocus  requestAudioFocus() from android.media.AudioManager@4136dcd0com.spotify.mobile.android.service.s@41375b80
07-01 21:02:43.932 12856 12873 D ActivityThread: Loading provider com.spotify.mobile.android: com.spotify.mobile.android.provider.SpotifyProvider
07-01 21:02:44.057 12856 12856 D dalvikvm: GC_FOR_ALLOC freed 272K, 12% free 10588K/11911K, paused 21ms
07-01 21:02:44.115 12856 12856 D dalvikvm: GC_FOR_ALLOC freed 347K, 12% free 10588K/11911K, paused 32ms
07-01 21:02:44.131 12840 12840 D dalvikvm: GC_EXPLICIT freed 373K, 14% free 14155K/16327K, paused 2ms+4ms
07-01 21:02:44.283   145   310 D dalvikvm: GC_EXPLICIT freed 768K, 24% free 16585K/21639K, paused 2ms+8ms
07-01 21:02:44.482 12856 12858 D dalvikvm: GC_CONCURRENT freed 425K, 12% free 10587K/11911K, paused 5ms+2ms
07-01 21:03:04.053 15555 15655 I Gmail   : MainSyncRequestProto: lowestBkwdConvoId: 0, highestHandledServerOp: 3285994, normalSync: true
07-01 21:03:04.826 15555 15558 D dalvikvm: GC_CONCURRENT freed 474K, 6% free 9659K/10247K, paused 1ms+2ms
07-01 21:03:05.049 15555 15655 D dalvikvm: GC_EXPLICIT freed 67K, 7% free 9628K/10247K, paused 2ms+2ms
07-01 21:03:05.057 15555 15655 I Gmail   : MainSyncRequestProto: lowestBkwdConvoId: 0, highestHandledServerOp: 3286015, normalSync: true
07-01 21:03:05.057 15555 15655 I Gmail   : lowestBackward conversation id 0
07-01 21:03:05.068 15555 15655 W Gmail   : Scheduling index for 300000 ms from now
07-01 21:03:08.143    81   129 W AudioTrack: stepServer() could not lock cblk
07-01 21:03:21.326 14900 14913 I PhoneLab-: Service Running
07-01 21:03:21.447 14900 14902 D dalvikvm: GC_CONCURRENT freed 899K, 18% free 9156K/11079K, paused 7ms+3ms
07-01 21:03:21.459 14900 14913 I PhoneLab-LoggerService: app_37    1360  1     1436   996   c00f181c 400107b4 S logcat
07-01 21:03:21.463 14900 14913 I PhoneLab-LoggerService: Logcat pid from database 1360
07-01 21:03:21.463 14900 14913 I PhoneLab-LoggerService: Logcat process found 1360
07-01 21:03:21.463 14900 14913 I PhoneLab-LoggerService: Checking Threshold
07-01 21:03:32.525    81   129 W AudioTrack: stepServer() could not lock cblk
07-01 21:03:46.580   345   345 D SAN_SERVICE: *******************************************
07-01 21:03:46.580   345   345 D SAN_SERVICE: DM App Phone Service State - 0
07-01 21:03:46.580   345   345 D SAN_SERVICE: *******************************************
07-01 21:03:50.338   345   345 D SAN_SERVICE: *******************************************
07-01 21:03:50.338   345   345 D SAN_SERVICE: DM App Phone Service State - 0
07-01 21:03:50.338   345   345 D SAN_SERVICE: *******************************************
07-01 21:03:50.584   145   156 D AlarmManagerService: Kernel timezone updated to 240 minutes west of GMT
07-01 21:03:50.588   345   345 D SystemClock: Setting time of day to sec=1341191030
07-01 21:03:50.057   345   345 D SAN_SERVICE: *******************************************
07-01 21:03:50.057   345   345 D SAN_SERVICE: DM App Phone Service State - 0
07-01 21:03:50.057   345   345 D SAN_SERVICE: *******************************************
07-01 21:03:50.151 15248 15262 V AlarmClock: AlarmInitReceiver finished
07-01 21:04:27.854   145   200 D DhcpInfoInternal: makeLinkProperties with empty dns2!
07-01 21:04:27.854   145   200 D DhcpInfoInternal: makeLinkProperties with empty dns2!
07-01 21:04:37.322  3921  3928 I dalvikvm: Total arena pages for JIT: 11
07-01 21:04:37.322  3921  3928 I dalvikvm: Total arena pages for JIT: 12
07-01 21:04:37.326  3921  3928 I dalvikvm: Total arena pages for JIT: 13
07-01 21:04:37.326  3921  3928 I dalvikvm: Total arena pages for JIT: 14
07-01 21:04:37.334  3921  3928 I dalvikvm: Total arena pages for JIT: 15
07-01 21:04:37.334  3921  3928 I dalvikvm: Total arena pages for JIT: 16
07-01 21:04:37.334  3921  3928 I dalvikvm: Total arena pages for JIT: 17
07-01 21:04:37.459 14875 14876 D dalvikvm: GC_CONCURRENT freed 508K, 6% free 10395K/11015K, paused 2ms+5ms
07-01 21:04:37.604 13246 13248 D dalvikvm: GC_CONCURRENT freed 494K, 8% free 10240K/11079K, paused 2ms+3ms
07-01 21:04:46.115 13993 13994 D dalvikvm: GC_CONCURRENT freed 759K, 11% free 11704K/13127K, paused 40ms+4ms
07-01 21:04:48.537   145   147 D dalvikvm: GC_CONCURRENT freed 1786K, 24% free 16595K/21639K, paused 13ms+10ms
07-01 21:05:21.326 14900 14913 I PhoneLab-: Service Running
07-01 21:05:21.447 14900 14913 I PhoneLab-LoggerService: app_37    1360  1     1436   996   c00f181c 400107b4 S logcat
07-01 21:05:21.447 14900 14913 I PhoneLab-LoggerService: Logcat pid from database 1360
07-01 21:05:21.447 14900 14913 I PhoneLab-LoggerService: Logcat process found 1360
07-01 21:05:21.447 14900 14913 I PhoneLab-LoggerService: Checking Threshold
07-01 21:05:28.104   145  1150 D AlarmManagerService: Kernel timezone updated to 240 minutes west of GMT
07-01 21:05:37.447 13246 13257 D dalvikvm: GC_EXPLICIT freed 111K, 9% free 10178K/11079K, paused 3ms+3ms
07-01 21:05:44.826 12856 12858 D dalvikvm: GC_CONCURRENT freed 361K, 11% free 10673K/11911K, paused 2ms+7ms
07-01 21:05:45.041 12840 12842 D dalvikvm: GC_CONCURRENT freed 1319K, 12% free 14423K/16327K, paused 3ms+6ms
07-01 21:05:45.916 12840 13128 D dalvikvm: GC_FOR_ALLOC freed 748K, 12% free 14428K/16327K, paused 29ms
07-01 21:05:45.920 12840 13128 I dalvikvm-heap: Grow heap (frag case) to 15.723MB for 1638416-byte allocation
07-01 21:05:45.987 12840 13128 D dalvikvm: GC_FOR_ALLOC freed 24K, 12% free 16004K/17991K, paused 20ms
07-01 21:06:00.006   145   162 I ActivityManager: No longer want com.google.android.apps.maps:NetworkLocationService (pid 14875): hidden #16
07-01 21:06:00.104   145  1150 W ActivityManager: Scheduling restart of crashed service com.google.android.apps.maps/com.google.android.location.internal.server.NetworkLocationService in 5000ms
07-01 21:06:01.174 14613 14627 D GetStringObjTask: retrieving from url = http://www.chess.com/api/get_move_status?id=y3ICtufzg6w7rQqcD3KFujVaIanpYba4bIpaeKElV1LNz3Sz4Fk9Yh5CeWaj8h4bQ2RY0CxFVgA%2ByBE5DE%2B1cAuw4i%2Bp2GVj5RbuDPEUotReGbS25iAukuBsuUd%2Fl5dp
07-01 21:06:01.994 14613 14627 D GetStringObjTask: WebRequest SERVER RESPONSE: Success+0
07-01 21:06:05.190   145   162 I ActivityManager: Start proc com.google.android.apps.maps:NetworkLocationService for service com.google.android.apps.maps/com.google.android.location.internal.server.NetworkLocationService: pid=15703 uid=10056 gids={3003, 1015}
07-01 21:06:05.416 15703 15705 D dalvikvm: GC_CONCURRENT freed 158K, 3% free 9377K/9607K, paused 17ms+3ms
07-01 21:06:05.990 15703 15705 D dalvikvm: GC_CONCURRENT freed 154K, 3% free 9677K/9927K, paused 2ms+3ms
07-01 21:06:06.252   145 21614 D dalvikvm: GC_EXPLICIT freed 1217K, 24% free 16560K/21639K, paused 4ms+10ms
07-01 21:06:06.487 15703 15705 D dalvikvm: GC_CONCURRENT freed 171K, 3% free 10068K/10311K, paused 5ms+3ms
07-01 21:06:06.717 15703 15705 D dalvikvm: GC_CONCURRENT freed 668K, 8% free 9887K/10631K, paused 2ms+2ms
07-01 21:06:06.838   145   162 I ActivityManager: Start proc com.google.android.apps.maps:FriendService for broadcast com.google.android.apps.maps/com.google.googlenav.friend.android.ServiceReceiver: pid=15724 uid=10056 gids={3003, 1015}
07-01 21:06:06.983 15724 15727 D dalvikvm: GC_CONCURRENT freed 161K, 3% free 9375K/9607K, paused 2ms+2ms
07-01 21:06:07.166 15724 15727 D dalvikvm: GC_CONCURRENT freed 198K, 3% free 9699K/9991K, paused 2ms+3ms
07-01 21:06:07.416 13246 13248 D dalvikvm: GC_CONCURRENT freed 366K, 8% free 10197K/11079K, paused 2ms+21ms
07-01 21:06:07.498 15703 15710 I dalvikvm: Total arena pages for JIT: 11
07-01 21:06:07.502 15703 15710 I dalvikvm: Total arena pages for JIT: 12
07-01 21:06:07.506 15703 15710 I dalvikvm: Total arena pages for JIT: 13
07-01 21:06:07.506 15703 15710 I dalvikvm: Total arena pages for JIT: 14
07-01 21:06:07.510 15703 15710 I dalvikvm: Total arena pages for JIT: 15
07-01 21:06:07.514 15703 15710 I dalvikvm: Total arena pages for JIT: 16
07-01 21:06:07.514 15703 15710 I dalvikvm: Total arena pages for JIT: 17
07-01 21:06:07.733 15703 15705 D dalvikvm: GC_CONCURRENT freed 200K, 5% free 10163K/10631K, paused 3ms+3ms
07-01 21:06:07.803 15703 15710 I dalvikvm: Total arena pages for JIT: 18
07-01 21:06:08.174 15703 15705 D dalvikvm: GC_CONCURRENT freed 399K, 5% free 10183K/10695K, paused 2ms+2ms
07-01 21:06:17.580    81   129 W AudioTrack: stepServer() could not lock cblk
07-01 21:06:52.776   145   200 D DhcpInfoInternal: makeLinkProperties with empty dns2!
07-01 21:06:52.776   145   200 D DhcpInfoInternal: makeLinkProperties with empty dns2!
07-01 21:07:09.619  3921  3923 D dalvikvm: GC_CONCURRENT freed 334K, 5% free 10413K/10951K, paused 6ms+34ms
07-01 21:07:09.670 15703 15705 D dalvikvm: GC_CONCURRENT freed 492K, 6% free 10211K/10823K, paused 2ms+2ms
07-01 21:07:09.729 13246 13248 D dalvikvm: GC_CONCURRENT freed 485K, 8% free 10221K/11079K, paused 1ms+3ms
07-01 21:07:21.326 14900 14913 I PhoneLab-: Service Running
07-01 21:07:21.432 14900 14913 I PhoneLab-LoggerService: app_37    1360  1     1436   996   c00f181c 400107b4 S logcat
07-01 21:07:21.432 14900 14913 I PhoneLab-LoggerService: Logcat pid from database 1360
07-01 21:07:21.432 14900 14913 I PhoneLab-LoggerService: Logcat process found 1360
07-01 21:07:21.432 14900 14913 I PhoneLab-LoggerService: Checking Threshold
07-01 21:07:34.647   145   181 I ActivityManager: START {act=android.intent.action.MAIN cat=[android.intent.category.HOME] flg=0x10200000 cmp=com.android.launcher/com.android.launcher2.Launcher} from pid 145
07-01 21:07:34.744   145   157 I ActivityManager: No longer want com.google.android.apps.googlevoice (pid 15062): hidden #16
07-01 21:07:34.795   145   365 W ActivityManager: Scheduling restart of crashed service com.google.android.apps.googlevoice/.CallLogService in 5000ms
07-01 21:07:34.795   145   365 W ActivityManager: Scheduling restart of crashed service com.google.android.apps.googlevoice/.UpdateService in 15000ms
07-01 21:07:35.166 12840 12840 D OpenGLRenderer: Flushing caches (mode 0)
07-01 21:07:35.186   145   396 W InputManagerService: Starting input on non-focused client com.android.internal.view.IInputMethodClient$Stub$Proxy@416c52f0 (uid=10055 pid=12840)
07-01 21:07:35.209   145 28236 I ActivityManager: No longer want com.android.settings (pid 13274): hidden #16
07-01 21:07:35.217   145   156 I WindowManager: WIN DEATH: Window{41dedee0 com.android.settings/com.android.settings.Settings paused=false}
07-01 21:07:35.233 12840 12840 D OpenGLRenderer: Flushing caches (mode 1)
07-01 21:07:36.096   216   218 D dalvikvm: GC_CONCURRENT freed 320K, 30% free 10121K/14343K, paused 3ms+4ms
07-01 21:07:36.315   216   218 D dalvikvm: GC_CONCURRENT freed 268K, 29% free 10269K/14343K, paused 5ms+7ms
07-01 21:07:39.807   145   162 I ActivityManager: Start proc com.google.android.apps.googlevoice for service com.google.android.apps.googlevoice/.CallLogService: pid=15762 uid=10054 gids={3003, 1015}
07-01 21:07:40.190 15762 15765 D dalvikvm: GC_CONCURRENT freed 234K, 4% free 9302K/9607K, paused 15ms+2ms
07-01 21:07:50.252 13971 13972 D dalvikvm: GC_CONCURRENT freed 464K, 6% free 9812K/10375K, paused 6ms+13ms
07-01 21:07:50.280 15762 15765 D dalvikvm: GC_CONCURRENT freed 379K, 5% free 9445K/9927K, paused 2ms+2ms
07-01 21:07:50.280 15762 15771 W CursorWrapperInner: Cursor finalized without prior close()
07-01 21:07:50.280 15762 15771 W CursorWrapperInner: Cursor finalized without prior close()
07-01 21:07:50.280 15762 15771 W CursorWrapperInner: Cursor finalized without prior close()
07-01 21:07:50.522 13971 15087 D dalvikvm: GC_EXPLICIT freed 263K, 7% free 9734K/10375K, paused 6ms+5ms
07-01 21:07:50.615 15762 15765 D dalvikvm: GC_CONCURRENT freed 364K, 5% free 9617K/10055K, paused 1ms+3ms
07-01 21:07:51.518   345   345 D SAN_SERVICE: *******************************************
07-01 21:07:51.518   345   345 D SAN_SERVICE: DM App Phone Service State - 0
07-01 21:07:51.518   345   345 D SAN_SERVICE: *******************************************
07-01 21:07:51.787   345   345 D SAN_SERVICE: *******************************************
07-01 21:07:51.787   345   345 D SAN_SERVICE: DM App Phone Service State - 0
07-01 21:07:51.787   345   345 D SAN_SERVICE: *******************************************
07-01 21:07:52.049   345   345 D SAN_SERVICE: *******************************************
07-01 21:07:52.049   345   345 D SAN_SERVICE: DM App Phone Service State - 0
07-01 21:07:52.049   345   345 D SAN_SERVICE: *******************************************
07-01 21:08:16.436    81   129 W AudioTrack: stepServer() could not lock cblk
07-01 21:08:22.287   345   345 D SAN_SERVICE: *******************************************
07-01 21:08:22.287   345   345 D SAN_SERVICE: DM App Phone Service State - 0
07-01 21:08:22.287   345   345 D SAN_SERVICE: *******************************************
07-01 21:08:22.530   345   345 D SAN_SERVICE: *******************************************
07-01 21:08:22.530   345   345 D SAN_SERVICE: DM App Phone Service State - 0
07-01 21:08:22.530   345   345 D SAN_SERVICE: *******************************************
07-01 21:08:23.018   345   345 D SAN_SERVICE: *******************************************
07-01 21:08:23.018   345   345 D SAN_SERVICE: DM App Phone Service State - 0
07-01 21:08:23.018   345   345 D SAN_SERVICE: *******************************************
07-01 21:08:26.862   145   147 D dalvikvm: JIT code cache reset in 4 ms (1048512 bytes 19/0)
07-01 21:08:26.885   145   147 D dalvikvm: GC_CONCURRENT freed 1679K, 24% free 16641K/21639K, paused 14ms+13ms
07-01 21:08:32.533   345   345 D SAN_SERVICE: *******************************************
07-01 21:08:32.533   345   345 D SAN_SERVICE: DM App Phone Service State - 0
07-01 21:08:32.533   345   345 D SAN_SERVICE: *******************************************
07-01 21:08:32.994   345   345 D SAN_SERVICE: *******************************************
07-01 21:08:32.994   345   345 D SAN_SERVICE: DM App Phone Service State - 0
07-01 21:08:32.994   345   345 D SAN_SERVICE: *******************************************
07-01 21:08:39.307   345   345 D SAN_SERVICE: *******************************************
07-01 21:08:39.307   345   345 D SAN_SERVICE: DM App Phone Service State - 0
07-01 21:08:39.307   345   345 D SAN_SERVICE: *******************************************
07-01 21:08:47.865   345   345 D SAN_SERVICE: *******************************************
07-01 21:08:47.865   345   345 D SAN_SERVICE: DM App Phone Service State - 0
07-01 21:08:47.865   345   345 D SAN_SERVICE: *******************************************
07-01 21:08:48.365   345   345 D SAN_SERVICE: *******************************************
07-01 21:08:48.365   345   345 D SAN_SERVICE: DM App Phone Service State - 0
07-01 21:08:48.365   345   345 D SAN_SERVICE: *******************************************
07-01 21:08:48.408   345   347 D dalvikvm: GC_CONCURRENT freed 754K, 9% free 11643K/12679K, paused 26ms+3ms
07-01 21:09:03.151   345   345 D SAN_SERVICE: *******************************************
07-01 21:09:03.151   345   345 D SAN_SERVICE: DM App Phone Service State - 0
07-01 21:09:03.155   345   345 D SAN_SERVICE: *******************************************
07-01 21:09:03.959   345   345 D SAN_SERVICE: *******************************************
07-01 21:09:03.959   345   345 D SAN_SERVICE: DM App Phone Service State - 0
07-01 21:09:03.959   345   345 D SAN_SERVICE: *******************************************
07-01 21:09:07.135    81   129 W AudioTrack: stepServer() could not lock cblk
07-01 21:09:08.408   145   365 D dalvikvm: GC_EXPLICIT freed 639K, 24% free 16597K/21639K, paused 3ms+8ms
07-01 21:09:09.780 15703 15705 D dalvikvm: GC_CONCURRENT freed 501K, 6% free 10222K/10823K, paused 1ms+3ms
07-01 21:09:09.983 13246 13248 D dalvikvm: GC_CONCURRENT freed 487K, 8% free 10284K/11079K, paused 2ms+4ms
07-01 21:09:15.303  3921  4002 I EventLogService: Aggregate from 1341189555139 (log), 1341189555139 (data)
07-01 21:09:17.643   145   200 D DhcpInfoInternal: makeLinkProperties with empty dns2!
07-01 21:09:17.647   145   200 D DhcpInfoInternal: makeLinkProperties with empty dns2!
07-01 21:09:21.326 14900 14913 I PhoneLab-: Service Running
07-01 21:09:21.381 14900 14913 I PhoneLab-LoggerService: app_37    1360  1     1436   996   c00f181c 400107b4 S logcat
07-01 21:09:21.381 14900 14913 I PhoneLab-LoggerService: Logcat pid from database 1360
07-01 21:09:21.381 14900 14913 I PhoneLab-LoggerService: Logcat process found 1360
07-01 21:09:21.381 14900 14913 I PhoneLab-LoggerService: Checking Threshold
07-01 21:09:49.248   345   345 D SAN_SERVICE: *******************************************
07-01 21:09:49.248   345   345 D SAN_SERVICE: DM App Phone Service State - 0
07-01 21:09:49.248   345   345 D SAN_SERVICE: *******************************************
07-01 21:09:49.572   345   345 D SAN_SERVICE: *******************************************
07-01 21:09:49.572   345   345 D SAN_SERVICE: DM App Phone Service State - 0
07-01 21:09:49.572   345   345 D SAN_SERVICE: *******************************************
07-01 21:10:10.569   345   345 D SAN_SERVICE: *******************************************
07-01 21:10:10.569   345   345 D SAN_SERVICE: DM App Phone Service State - 0
07-01 21:10:10.569   345   345 D SAN_SERVICE: *******************************************
07-01 21:10:11.143   145   145 I ActivityManager: START {act=android.intent.action.VIEW dat=content://gmail-ls/account/lokeshmandvekar@gmail.com/label/^i/conversationId/1406340485211194403/maxServerMessageId/1406340485211194403/labels/lokeshmandvekar%40gmail.com^*^595230239^*^^i^*^Inbox^*^0^*^0^**^lokeshmandvekar%40gmail.com^*^-505^*^^^unseen-^i^*^^*^2147483647^*^1^**^lokeshmandvekar%40gmail.com^*^595230361^*^^io_im^*^Important^*^0^*^0^**^lokeshmandvekar%40gmail.com^*^595230240^*^^u^*^Unread^*^0^*^1^**^lokeshmandvekar%40gmail.com^*^595230344^*^^iim^*^Priority+Inbox^*^0^*^0^**^lokeshmandvekar%40gmail.com^*^-506^*^^^unseen-^iim^*^^*^2147483647^*^1 typ=application/gmail-ls flg=0x10008000 cmp=com.google.android.gm/.ConversationListActivityGmail bnds=[96,216][480,312] (has extras)} from pid -1
07-01 21:10:11.240   145 22722 W KeyguardViewMediator: verifyUnlock called when not externally disabled
07-01 21:10:11.362   375   375 D OpenGLRenderer: Flushing caches (mode 1)
07-01 21:10:11.682   375   375 D OpenGLRenderer: Flushing caches (mode 0)
07-01 21:10:11.768   145   161 I Process : Sending signal. PID: 15555 SIG: 3
07-01 21:10:11.768 15555 15560 I dalvikvm: threadid=3: reacting to signal 3
07-01 21:10:11.838 15555 15560 I dalvikvm: Wrote stack traces to '/data/anr/traces.txt'
07-01 21:10:12.143 15555 15558 D dalvikvm: GC_CONCURRENT freed 185K, 4% free 9845K/10247K, paused 7ms+8ms
07-01 21:10:12.260   145   161 I Process : Sending signal. PID: 15555 SIG: 3
07-01 21:10:12.260 15555 15560 I dalvikvm: threadid=3: reacting to signal 3
07-01 21:10:12.276 15555 15560 I dalvikvm: Wrote stack traces to '/data/anr/traces.txt'
07-01 21:10:12.705 15555 15555 D dalvikvm: GC_FOR_ALLOC freed 139K, 3% free 10058K/10311K, paused 65ms
07-01 21:10:12.729 15555 15555 I dalvikvm-heap: Grow heap (frag case) to 10.625MB for 768016-byte allocation
07-01 21:10:12.760   145   161 I Process : Sending signal. PID: 15555 SIG: 3
07-01 21:10:12.760 15555 15560 I dalvikvm: threadid=3: reacting to signal 3
07-01 21:10:12.780 15555 15821 D dalvikvm: GC_FOR_ALLOC freed 13K, 3% free 10794K/11079K, paused 39ms
07-01 21:10:12.803 15555 15560 I dalvikvm: Wrote stack traces to '/data/anr/traces.txt'
07-01 21:10:12.908 15555 15558 D dalvikvm: GC_CONCURRENT freed 6K, 2% free 10859K/11079K, paused 9ms+5ms
07-01 21:10:13.260   145   161 I Process : Sending signal. PID: 15555 SIG: 3
07-01 21:10:13.260 15555 15560 I dalvikvm: threadid=3: reacting to signal 3
07-01 21:10:13.330 15555 15560 I dalvikvm: Wrote stack traces to '/data/anr/traces.txt'
07-01 21:10:13.498 15555 15555 D libEGL  : loaded /system/lib/egl/libGLES_android.so
07-01 21:10:13.506 15555 15555 D libEGL  : loaded /vendor/lib/egl/libEGL_POWERVR_SGX540_120.so
07-01 21:10:13.537 15555 15555 D libEGL  : loaded /vendor/lib/egl/libGLESv1_CM_POWERVR_SGX540_120.so
07-01 21:10:13.541 15555 15555 D libEGL  : loaded /vendor/lib/egl/libGLESv2_POWERVR_SGX540_120.so
07-01 21:10:13.596 15555 15555 D OpenGLRenderer: Enabling debug mode 0
07-01 21:10:13.729 15555 15558 D dalvikvm: GC_CONCURRENT freed 291K, 4% free 11153K/11591K, paused 2ms+4ms
07-01 21:10:13.760   145   161 I Process : Sending signal. PID: 15555 SIG: 3
07-01 21:10:13.760 15555 15560 I dalvikvm: threadid=3: reacting to signal 3
07-01 21:10:13.787 15555 15560 I dalvikvm: Wrote stack traces to '/data/anr/traces.txt'
07-01 21:10:14.260   145   161 I Process : Sending signal. PID: 15555 SIG: 3
07-01 21:10:14.260 15555 15560 I dalvikvm: threadid=3: reacting to signal 3
07-01 21:10:14.295 15555 15560 I dalvikvm: Wrote stack traces to '/data/anr/traces.txt'
07-01 21:10:14.526   145   176 I ActivityManager: Displayed com.google.android.gm/.ConversationListActivityGmail: +3s269ms
07-01 21:10:15.194 15555 15558 D dalvikvm: GC_CONCURRENT freed 431K, 5% free 11402K/11911K, paused 18ms+5ms
07-01 21:10:15.643 15555 15555 D dalvikvm: GC_FOR_ALLOC freed 263K, 5% free 11427K/11911K, paused 30ms
07-01 21:10:15.643 15555 15555 I dalvikvm-heap: Grow heap (frag case) to 11.961MB for 768016-byte allocation
07-01 21:10:15.682 15555 15555 D dalvikvm: GC_FOR_ALLOC freed 23K, 5% free 12154K/12679K, paused 29ms
07-01 21:10:15.686 15555 15833 I Gmail   : Sending notification intent: Intent { act=android.intent.action.PROVIDER_CHANGED dat=content://gmail-ls/unread/^i (has extras) }
07-01 21:10:15.725 15555 15836 I Gmail   : MainSyncRequestProto: lowestBkwdConvoId: 0, highestHandledServerOp: 3286015, normalSync: true
07-01 21:10:15.815 15555 15558 D dalvikvm: GC_CONCURRENT freed 28K, 4% free 12233K/12679K, paused 5ms+6ms
07-01 21:10:15.951 15555 15833 I Gmail   : Sending notification intent: Intent { act=android.intent.action.PROVIDER_CHANGED dat=content://gmail-ls/unread/^iim (has extras) }
07-01 21:10:16.264   145   348 I ActivityManager: Process com.google.android.apps.currents (pid 15325) has died.
07-01 21:10:16.865 15555 15828 D dalvikvm: GC_EXPLICIT freed 1283K, 11% free 11715K/13127K, paused 5ms+6ms
07-01 21:10:19.135 15555 15558 D dalvikvm: GC_CONCURRENT freed 839K, 12% free 11675K/13127K, paused 2ms+6ms
07-01 21:10:19.190 15555 15836 D dalvikvm: GC_EXPLICIT freed 30K, 12% free 11645K/13127K, paused 3ms+5ms
07-01 21:10:19.369 15555 15836 I Gmail   : MainSyncRequestProto: lowestBkwdConvoId: 0, highestHandledServerOp: 3286041, normalSync: true
07-01 21:10:19.373 15555 15836 I Gmail   : lowestBackward conversation id 0
07-01 21:10:19.389 15555 15836 W Gmail   : Scheduling index for 300000 ms from now
07-01 21:10:19.494 15555 15841 I Gmail   : MainSyncRequestProto: lowestBkwdConvoId: 0, highestHandledServerOp: 3286041, normalSync: true
07-01 21:10:19.897   145   348 D dalvikvm: GC_EXPLICIT freed 1745K, 24% free 16518K/21639K, paused 3ms+9ms
07-01 21:10:20.639 15555 15841 D dalvikvm: GC_EXPLICIT freed 281K, 11% free 11784K/13127K, paused 18ms+10ms
07-01 21:10:20.725 15555 15841 I Gmail   : MainSyncRequestProto: lowestBkwdConvoId: 0, highestHandledServerOp: 3286059, normalSync: true
07-01 21:10:20.729 15555 15841 I Gmail   : lowestBackward conversation id 0
07-01 21:10:20.740 15555 15841 W Gmail   : Scheduling index for 300000 ms from now
07-01 21:10:22.319   145 28236 I ActivityManager: START {act=android.intent.action.VIEW dat=content://gmail-ls/lokeshmandvekar@gmail.com/messages/267/attachments/0.1/BEST/false typ=image/jpeg flg=0x80001 cmp=android/com.android.internal.app.ResolverActivity} from pid 15555
07-01 21:10:22.604   145   161 D dalvikvm: GC_FOR_ALLOC freed 148K, 22% free 16883K/21639K, paused 65ms
07-01 21:10:22.604   145   161 I dalvikvm-heap: Grow heap (frag case) to 17.125MB for 589840-byte allocation
07-01 21:10:22.682   145   154 D dalvikvm: GC_FOR_ALLOC freed 1K, 22% free 17458K/22279K, paused 65ms
07-01 21:10:22.760   145   176 I ActivityManager: Displayed android/com.android.internal.app.ResolverActivity: +356ms
07-01 21:10:24.924   145  4009 W InputManagerService: Window already focused, ignoring focus gain of: com.android.internal.view.IInputMethodClient$Stub$Proxy@4179a0e8
07-01 21:10:29.365 15555 15555 D webviewglue: nativeDestroy view: 0xb96030
07-01 21:10:29.373 15555 15555 D webviewglue: nativeDestroy view: 0xdf4b10
07-01 21:10:29.643 10674 10676 D dalvikvm: GC_CONCURRENT freed 390K, 13% free 10012K/11399K, paused 1ms+2ms
07-01 21:10:29.705 15555 15558 D dalvikvm: GC_CONCURRENT freed 1524K, 16% free 11064K/13127K, paused 2ms+8ms
07-01 21:10:30.639 15555 15562 I dalvikvm: Jit: resizing JitTable from 4096 to 8192
07-01 21:10:30.697   345   345 D SAN_SERVICE: *******************************************
07-01 21:10:30.697   345   345 D SAN_SERVICE: DM App Phone Service State - 0
07-01 21:10:30.697   345   345 D SAN_SERVICE: *******************************************
07-01 21:10:31.123   345   345 D SAN_SERVICE: *******************************************
07-01 21:10:31.123   345   345 D SAN_SERVICE: DM App Phone Service State - 0
07-01 21:10:31.127   345   345 D SAN_SERVICE: *******************************************
07-01 21:10:31.244   345   345 D SAN_SERVICE: *******************************************
07-01 21:10:31.244   345   345 D SAN_SERVICE: DM App Phone Service State - 0
07-01 21:10:31.244   345   345 D SAN_SERVICE: *******************************************
07-01 21:10:31.959   145 22722 W InputManagerService: Starting input on non-focused client com.android.internal.view.IInputMethodClient$Stub$Proxy@4161ed48 (uid=10075 pid=15555)
07-01 21:10:31.998 15555 15555 D OpenGLRenderer: Flushing caches (mode 0)
07-01 21:10:32.049 15555 15555 D OpenGLRenderer: Flushing caches (mode 1)
07-01 21:10:33.416   145 28236 I ActivityManager: START {act=android.intent.action.MAIN cat=[android.intent.category.LAUNCHER] flg=0x10000000 pkg=com.spotify.mobile.android.ui cmp=com.spotify.mobile.android.ui/.activity.MainActivity bnds=[288,706][384,802]} from pid 375
07-01 21:10:33.502   145 22722 I AudioService:   Remote Control   registerMediaButtonIntent() for PendingIntent{415ce1d8: PendingIntentRecord{41838798 com.spotify.mobile.android.ui broadcastIntent}}
07-01 21:10:33.588   216   216 D dalvikvm: GC_FOR_ALLOC freed 834K, 32% free 9779K/14343K, paused 40ms
07-01 21:10:33.686   216   218 D dalvikvm: GC_CONCURRENT freed 394K, 32% free 9860K/14343K, paused 2ms+6ms
07-01 21:10:33.842   145   329 I ActivityManager: Process com.whatsapp (pid 15091) has died.
07-01 21:10:33.842   145   329 W ActivityManager: Scheduling restart of crashed service com.whatsapp/.messaging.MessageService in 5000ms
07-01 21:10:33.858   375   375 D OpenGLRenderer: Flushing caches (mode 1)
07-01 21:10:33.889   375   375 D OpenGLRenderer: Flushing caches (mode 0)
07-01 21:10:33.998 12856 12858 D dalvikvm: GC_CONCURRENT freed 524K, 12% free 10590K/11911K, paused 6ms+2ms
07-01 21:10:34.842 12856 12858 D dalvikvm: GC_CONCURRENT freed 354K, 11% free 10678K/11911K, paused 3ms+7ms
07-01 21:10:34.912 12856 12856 D dalvikvm: GC_FOR_ALLOC freed 437K, 12% free 10588K/11911K, paused 33ms
07-01 21:10:34.975 12856 12856 D dalvikvm: GC_FOR_ALLOC freed 347K, 12% free 10587K/11911K, paused 44ms
07-01 21:10:35.115   145   365 D dalvikvm: GC_FOR_ALLOC freed 1308K, 24% free 17078K/22279K, paused 63ms
07-01 21:10:35.272 12856 12858 D dalvikvm: GC_CONCURRENT freed 370K, 11% free 10640K/11911K, paused 1ms+4ms
07-01 21:10:35.670 12840 12840 D dalvikvm: GC_FOR_ALLOC freed 2874K, 19% free 14829K/18119K, paused 29ms
07-01 21:10:35.815   145   365 W InputManagerService: Starting input on non-focused client com.android.internal.view.IInputMethodClient$Stub$Proxy@416c52f0 (uid=10055 pid=12840)
07-01 21:10:35.858 12840 12840 D OpenGLRenderer: Flushing caches (mode 0)
07-01 21:10:35.885 12840 12840 D OpenGLRenderer: Flushing caches (mode 1)
07-01 21:10:37.748    81   129 D AudioHardware: AudioHardware pcm playback is going to standby.
07-01 21:10:37.748    81   129 D AudioHardware: closePcmOut_l() mPcmOpenCnt: 1
07-01 21:10:38.690   145 28236 I ActivityManager: START {act=android.intent.action.MAIN cat=[android.intent.category.LAUNCHER] flg=0x10200000 cmp=com.android.contacts/.activities.DialtactsActivity bnds=[0,706][96,802]} from pid 375
07-01 21:10:38.889   145   176 D dalvikvm: GC_FOR_ALLOC freed 993K, 26% free 16561K/22279K, paused 76ms
07-01 21:10:38.889   145   176 I dalvikvm-heap: Grow heap (frag case) to 17.247MB for 1048592-byte allocation
07-01 21:10:38.963   145   201 D dalvikvm: GC_FOR_ALLOC freed 14K, 25% free 17571K/23367K, paused 58ms
07-01 21:10:38.963   145  9966 I ActivityManager: Start proc com.android.contacts for activity com.android.contacts/.activities.DialtactsActivity: pid=15854 uid=10000 gids={3003, 1015}
07-01 21:10:38.990   145   162 I ActivityManager: Start proc com.whatsapp for service com.whatsapp/.messaging.MessageService: pid=15867 uid=10068 gids={1015, 3003}
07-01 21:10:39.069 15867 15867 I dalvikvm: Turning on JNI app bug workarounds for target SDK version 7...
07-01 21:10:39.119   375   375 D OpenGLRenderer: Flushing caches (mode 1)
07-01 21:10:39.127   375   375 D OpenGLRenderer: Flushing caches (mode 0)
07-01 21:10:39.311 15854 15881 D AccountTypeManager: Registering external account type=com.whatsapp, packageName=com.whatsapp
07-01 21:10:39.338 15854 15881 W ResourceType: getEntry failing because entryIndex 606 is beyond type entryCount 189
07-01 21:10:39.338 15854 15881 W ResourceType: Failure getting entry for 0x7f02025e (t=1 e=606) in package 0 (error -2147483647)
07-01 21:10:39.338 15854 15881 D AccountTypeManager: Registering external account type=com.xabber.androiddev, packageName=com.xabber.androiddev
07-01 21:10:39.389 15854 15881 D AccountTypeManager: Registering external account type=com.facebook.auth.login, packageName=com.facebook.katana
07-01 21:10:39.397 15854 15857 D dalvikvm: GC_CONCURRENT freed 222K, 4% free 9269K/9607K, paused 3ms+2ms
07-01 21:10:39.494 15854 15854 I ContactPhotoManager: Cache adj: 0.5
07-01 21:10:39.510   145   161 I Process : Sending signal. PID: 15854 SIG: 3
07-01 21:10:39.510 15854 15859 I dalvikvm: threadid=3: reacting to signal 3
07-01 21:10:39.557 15854 15859 I dalvikvm: Wrote stack traces to '/data/anr/traces.txt'
07-01 21:10:39.569 15867 15869 D dalvikvm: GC_CONCURRENT freed 174K, 3% free 9362K/9607K, paused 3ms+2ms
07-01 21:10:39.572 15854 15881 W ResourceType: getEntry failing because entryIndex 344 is beyond type entryCount 189
07-01 21:10:39.572 15854 15881 W ResourceType: Failure getting entry for 0x7f020158 (t=1 e=344) in package 0 (error -2147483647)
07-01 21:10:39.572 15854 15881 D AccountTypeManager: Registering 1 extension packages
07-01 21:10:39.787 15854 15881 E ExternalAccountType: Unsupported attribute readOnly
07-01 21:10:39.791 15854 15881 W ResourceType: getEntry failing because entryIndex 422 is beyond type entryCount 189
07-01 21:10:39.795 15854 15881 W ResourceType: Failure getting entry for 0x7f0201a6 (t=1 e=422) in package 0 (error -2147483647)
07-01 21:10:39.979 15854 15854 D dalvikvm: GC_FOR_ALLOC freed 91K, 3% free 9339K/9607K, paused 64ms
07-01 21:10:39.983 15854 15854 I dalvikvm-heap: Grow heap (frag case) to 10.189MB for 1048592-byte allocation
07-01 21:10:40.006   145   161 I Process : Sending signal. PID: 15854 SIG: 3
07-01 21:10:40.006 15854 15859 I dalvikvm: threadid=3: reacting to signal 3
07-01 21:10:40.033 15854 15859 I dalvikvm: Wrote stack traces to '/data/anr/traces.txt'
07-01 21:10:40.037 15854 15881 D dalvikvm: GC_FOR_ALLOC freed 4K, 4% free 10359K/10695K, paused 18ms
07-01 21:10:40.053 15854 15881 D AccountTypeManager: Registering extension package account type=com.google, dataSet=plus, packageName=com.google.android.apps.plus
07-01 21:10:40.061 15854 15881 I AccountTypeManager: Loaded meta-data for 6 account types, 5 accounts in 787ms(wall) 79ms(cpu)
07-01 21:10:40.127 15854 15857 D dalvikvm: GC_CONCURRENT freed 19K, 4% free 10371K/10695K, paused 2ms+38ms
07-01 21:10:40.248 15867 15869 D dalvikvm: GC_CONCURRENT freed 278K, 5% free 9581K/9991K, paused 4ms+3ms
07-01 21:10:40.338 15854 15857 D dalvikvm: GC_CONCURRENT freed 24K, 2% free 10903K/11015K, paused 2ms+3ms
07-01 21:10:40.506   145   161 I Process : Sending signal. PID: 15854 SIG: 3
07-01 21:10:40.506 15854 15859 I dalvikvm: threadid=3: reacting to signal 3
07-01 21:10:40.561 15854 15859 I dalvikvm: Wrote stack traces to '/data/anr/traces.txt'
07-01 21:10:40.713 13971 13972 D dalvikvm: GC_CONCURRENT freed 319K, 6% free 9805K/10375K, paused 2ms+6ms
07-01 21:10:40.912 15854 15857 D dalvikvm: GC_CONCURRENT freed 102K, 3% free 11357K/11591K, paused 45ms+4ms
07-01 21:10:40.916 15867 15867 I dalvikvm: Could not find method android.media.MediaMetadataRetriever.captureFrame, referenced from method com.whatsapp.q3.a
07-01 21:10:40.916 15867 15867 W dalvikvm: VFY: unable to resolve virtual method 501: Landroid/media/MediaMetadataRetriever;.captureFrame ()Landroid/graphics/Bitmap;
07-01 21:10:40.916 15867 15867 D dalvikvm: VFY: replacing opcode 0x6e at 0x0134
07-01 21:10:41.006   145   161 I Process : Sending signal. PID: 15854 SIG: 3
07-01 21:10:41.006 15854 15859 I dalvikvm: threadid=3: reacting to signal 3
07-01 21:10:41.108 15854 15859 I dalvikvm: Wrote stack traces to '/data/anr/traces.txt'
07-01 21:10:41.205 15867 15869 D dalvikvm: GC_CONCURRENT freed 277K, 4% free 9819K/10183K, paused 10ms+9ms
07-01 21:10:41.256 15854 15854 D libEGL  : loaded /system/lib/egl/libGLES_android.so
07-01 21:10:41.264 15854 15854 D libEGL  : loaded /vendor/lib/egl/libEGL_POWERVR_SGX540_120.so
07-01 21:10:41.280 15854 15896 E DefaultVoicemailNotifier: No voicemails to notify about: clear the notification.
07-01 21:10:41.303 15854 15854 D libEGL  : loaded /vendor/lib/egl/libGLESv1_CM_POWERVR_SGX540_120.so
07-01 21:10:41.303 15854 15854 D libEGL  : loaded /vendor/lib/egl/libGLESv2_POWERVR_SGX540_120.so
07-01 21:10:41.385 15854 15854 D OpenGLRenderer: Enabling debug mode 0
07-01 21:10:41.510 15867 15869 D dalvikvm: GC_CONCURRENT freed 315K, 4% free 9970K/10375K, paused 2ms+5ms
07-01 21:10:41.572   145   161 I Process : Sending signal. PID: 15854 SIG: 3
07-01 21:10:41.572 15854 15859 I dalvikvm: threadid=3: reacting to signal 3
07-01 21:10:41.682 15854 15859 I dalvikvm: Wrote stack traces to '/data/anr/traces.txt'
07-01 21:10:41.854   145 22722 I ActivityManager: Process com.google.android.maps.mytracks (pid 15509) has died.
07-01 21:10:42.006   145   161 I Process : Sending signal. PID: 15854 SIG: 3
07-01 21:10:42.006 15854 15859 I dalvikvm: threadid=3: reacting to signal 3
07-01 21:10:42.041 15854 15859 I dalvikvm: Wrote stack traces to '/data/anr/traces.txt'
07-01 21:10:42.158 15854 15854 W InputMethodManager: Ignoring onBind: cur seq=475, given seq=474
07-01 21:10:42.233   145   395 I ActivityManager: Process com.facebook.katana (pid 11063) has died.
07-01 21:10:42.233   145   395 W ActivityManager: Scheduling restart of crashed service com.facebook.katana/.service.MediaUploadService in 5000ms
07-01 21:10:42.338 15854 15857 D dalvikvm: GC_CONCURRENT freed 221K, 3% free 11812K/12167K, paused 2ms+3ms
07-01 21:10:42.440   145   176 I ActivityManager: Displayed com.android.contacts/.activities.DialtactsActivity: +3s671ms
07-01 21:10:42.694 15854 15883 V ContactPhotoManager: Preloaded 25 photos.  Cached bytes: 125197
07-01 21:10:44.530 15854 15857 D dalvikvm: GC_CONCURRENT freed 399K, 5% free 12276K/12807K, paused 2ms+4ms
07-01 21:10:44.791   145   365 D dalvikvm: GC_EXPLICIT freed 1486K, 30% free 16405K/23367K, paused 4ms+7ms
07-01 21:10:45.112 15867 15869 D dalvikvm: GC_CONCURRENT freed 298K, 5% free 10135K/10567K, paused 2ms+5ms
07-01 21:10:45.514 10674 10676 D dalvikvm: GC_CONCURRENT freed 391K, 13% free 10012K/11399K, paused 2ms+2ms
07-01 21:10:45.791 15854 15911 E DefaultVoicemailNotifier: No voicemails to notify about: clear the notification.
07-01 21:10:45.865 15854 15883 V ContactPhotoManager: Preloaded 25 photos.  Cached bytes: 276715
07-01 21:10:46.697 15555 15912 I Gmail   : MainSyncRequestProto: lowestBkwdConvoId: 0, highestHandledServerOp: 3286059, normalSync: true
07-01 21:10:46.697 15555 15912 I Gmail   : lowestBackward conversation id 0
07-01 21:10:46.709 15555 15912 W Gmail   : Scheduling index for 300000 ms from now
07-01 21:10:46.971 13971 13982 D dalvikvm: GC_EXPLICIT freed 411K, 6% free 9795K/10375K, paused 2ms+4ms
07-01 21:10:46.979 15854 15883 V ContactPhotoManager: Preloaded 25 photos.  Cached bytes: 408359
07-01 21:10:47.291   145   162 I ActivityManager: Start proc com.facebook.katana for service com.facebook.katana/.service.MediaUploadService: pid=15913 uid=10071 gids={3003, 1006, 1015}
07-01 21:10:47.303 15913 15913 I dalvikvm: Turning on JNI app bug workarounds for target SDK version 7...
07-01 21:10:47.705 15913 15915 D dalvikvm: GC_CONCURRENT freed 165K, 3% free 9370K/9607K, paused 9ms+3ms
07-01 21:10:47.947 15913 15915 D dalvikvm: GC_CONCURRENT freed 129K, 3% free 9663K/9927K, paused 3ms+2ms
07-01 21:10:47.987 15913 15913 I ActivityThread: Pub com.facebook.katana.provider.LoggingProvider: com.facebook.katana.provider.LoggingProvider
07-01 21:10:48.002 15913 15913 I ActivityThread: Pub com.facebook.katana.provider.KeyValueProvider: com.facebook.katana.provider.KeyValueProvider
07-01 21:10:48.006 15913 15913 I ActivityThread: Pub com.facebook.katana.provider.CacheProvider: com.facebook.katana.provider.CacheProvider
07-01 21:10:48.006 15913 15913 I ActivityThread: Pub com.facebook.katana.provider.MailboxProvider: com.facebook.katana.provider.MailboxProvider
07-01 21:10:48.014 15913 15913 I ActivityThread: Pub com.facebook.katana.provider.UserStatusesProvider: com.facebook.katana.provider.UserStatusesProvider
07-01 21:10:48.014 15913 15913 I ActivityThread: Pub com.facebook.katana.provider.EventsProvider: com.facebook.katana.provider.EventsProvider
07-01 21:10:48.014 15913 15913 I ActivityThread: Pub com.facebook.katana.provider.NotificationsProvider: com.facebook.katana.provider.NotificationsProvider
07-01 21:10:48.022 15913 15913 I ActivityThread: Pub com.facebook.katana.provider.UserValuesProvider: com.facebook.katana.provider.UserValuesProvider
07-01 21:10:48.022 15913 15913 I ActivityThread: Pub com.facebook.katana.provider.PagesProvider: com.facebook.katana.provider.PagesProvider
07-01 21:10:48.022 15913 15913 I ActivityThread: Pub com.facebook.katana.provider.MobileEventLogProvider: com.facebook.katana.provider.MobileEventLogProvider
07-01 21:10:48.022 15913 15913 I ActivityThread: Pub com.facebook.katana.provider.PushNotificationsProvider: com.facebook.katana.provider.PushNotificationsProvider
07-01 21:10:48.026 15913 15913 I ActivityThread: Pub com.facebook.katana.provider.PhotosProvider: com.facebook.katana.provider.PhotosProvider
07-01 21:10:48.030 15913 15913 I ActivityThread: Pub com.facebook.katana.provider.ConnectionsProvider: com.facebook.katana.provider.ConnectionsProvider
07-01 21:10:48.053 15913 15913 I ActivityThread: Pub com.facebook.orca.notify.FbandroidMessagesForegroundProvider: com.facebook.orca.notify.FbandroidMessagesForegroundProvider
07-01 21:10:48.096 15913 15913 D ACRA    : Retrieve application default SharedPreferences.
07-01 21:10:48.108 15913 15913 D ACRA    : Set OnSharedPreferenceChangeListener.
07-01 21:10:48.123 15913 15913 D ACRA    : ACRA is enabled for com.facebook.katana, intializing...
07-01 21:10:48.151 15913 15913 D ACRA    : Looking for error files in /data/data/com.facebook.katana/app_acra-reports
07-01 21:10:48.334 15913 15913 W nalizableReferenceQueue: Could not load Finalizer in its own class loader.Loading Finalizer in the current class loader instead. As a result, you will not be ableto garbage collect this class loader. To support reclaiming this class loader, eitherresolve the underlying issue, or move Google Collections to your system class path.
07-01 21:10:48.334 15913 15913 W nalizableReferenceQueue: java.io.FileNotFoundException: com/google/common/base/internal/Finalizer.class
07-01 21:10:48.334 15913 15913 W nalizableReferenceQueue: 	at com.google.common.base.FinalizableReferenceQueue$DecoupledLoader.getBaseUrl(FinalizableReferenceQueue.java:243)
07-01 21:10:48.334 15913 15913 W nalizableReferenceQueue: 	at com.google.common.base.FinalizableReferenceQueue$DecoupledLoader.loadFinalizer(FinalizableReferenceQueue.java:227)
07-01 21:10:48.334 15913 15913 W nalizableReferenceQueue: 	at com.google.common.base.FinalizableReferenceQueue.loadFinalizer(FinalizableReferenceQueue.java:155)
07-01 21:10:48.334 15913 15913 W nalizableReferenceQueue: 	at com.google.common.base.FinalizableReferenceQueue.<clinit>(FinalizableReferenceQueue.java:84)
07-01 21:10:48.334 15913 15913 W nalizableReferenceQueue: 	at com.google.common.collect.CustomConcurrentHashMap$QueueHolder.<clinit>(CustomConcurrentHashMap.java:650)
07-01 21:10:48.334 15913 15913 W nalizableReferenceQueue: 	at com.google.common.collect.CustomConcurrentHashMap$WeakEntry.<init>(CustomConcurrentHashMap.java:1342)
07-01 21:10:48.334 15913 15913 W nalizableReferenceQueue: 	at com.google.common.collect.CustomConcurrentHashMap$EntryFactory$9.newEntry(CustomConcurrentHashMap.java:453)
07-01 21:10:48.334 15913 15913 W nalizableReferenceQueue: 	at com.google.common.collect.CustomConcurrentHashMap.a(CustomConcurrentHashMap.java:1715)
07-01 21:10:48.334 15913 15913 W nalizableReferenceQueue: 	at com.google.common.collect.ComputingConcurrentHashMap$ComputingSegment.a(ComputingConcurrentHashMap.java:123)
07-01 21:10:48.334 15913 15913 W nalizableReferenceQueue: 	at com.google.common.collect.ComputingConcurrentHashMap.apply(ComputingConcurrentHashMap.java:71)
07-01 21:10:48.334 15913 15913 W nalizableReferenceQueue: 	at com.google.common.collect.MapMaker$ComputingMapAdapter.get(MapMaker.java:848)
07-01 21:10:48.334 15913 15913 W nalizableReferenceQueue: 	at com.google.inject.internal.Annotations$AnnotationChecker.a(Annotations.java:94)
07-01 21:10:48.334 15913 15913 W nalizableReferenceQueue: 	at com.google.inject.internal.Annotations.c(Annotations.java:112)
07-01 21:10:48.334 15913 15913 W nalizableReferenceQueue: 	at com.google.inject.Key.d(Key.java:369)
07-01 21:10:48.334 15913 15913 W nalizableReferenceQueue: 	at com.google.inject.Key.b(Key.java:356)
07-01 21:10:48.334 15913 15913 W nalizableReferenceQueue: 	at com.google.inject.Key.a(Key.java:267)
07-01 21:10:48.334 15913 15913 W nalizableReferenceQueue: 	at com.facebook.orca.inject.binder.AnnotatedBindingBuilderImpl.a(AnnotatedBindingBuilderImpl.java:22)
07-01 21:10:48.334 15913 15913 W nalizableReferenceQueue: 	at com.facebook.orca.app.FbBaseModule.a(FbBaseModule.java:74)
07-01 21:10:48.334 15913 15913 W nalizableReferenceQueue: 	at com.facebook.orca.inject.AbstractModule.a(AbstractModule.java:19)
07-01 21:10:48.334 15913 15913 W nalizableReferenceQueue: 	at com.facebook.orca.inject.FbInjectorImpl.a(FbInjectorImpl.java:61)
07-01 21:10:48.334 15913 15913 W nalizableReferenceQueue: 	at com.facebook.orca.inject.FbInjectorImpl.<init>(FbInjectorImpl.java:41)
07-01 21:10:48.334 15913 15913 W nalizableReferenceQueue: 	at com.facebook.orca.inject.FbInjector.a(FbInjector.java:40)
07-01 21:10:48.334 15913 15913 W nalizableReferenceQueue: 	at com.facebook.katana.FacebookApplication.onCreate(FacebookApplication.java:86)
07-01 21:10:48.334 15913 15913 W nalizableReferenceQueue: 	at android.app.Instrumentation.callApplicationOnCreate(Instrumentation.java:969)
07-01 21:10:48.334 15913 15913 W nalizableReferenceQueue: 	at android.app.ActivityThread.handleBindApplication(ActivityThread.java:3954)
07-01 21:10:48.334 15913 15913 W nalizableReferenceQueue: 	at android.app.ActivityThread.access$1300(ActivityThread.java:123)
07-01 21:10:48.334 15913 15913 W nalizableReferenceQueue: 	at android.app.ActivityThread$H.handleMessage(ActivityThread.java:1185)
07-01 21:10:48.334 15913 15913 W nalizableReferenceQueue: 	at android.os.Handler.dispatchMessage(Handler.java:99)
07-01 21:10:48.334 15913 15913 W nalizableReferenceQueue: 	at android.os.Looper.loop(Looper.java:137)
07-01 21:10:48.334 15913 15913 W nalizableReferenceQueue: 	at android.app.ActivityThread.main(ActivityThread.java:4424)
07-01 21:10:48.334 15913 15913 W nalizableReferenceQueue: 	at java.lang.reflect.Method.invokeNative(Native Method)
07-01 21:10:48.334 15913 15913 W nalizableReferenceQueue: 	at java.lang.reflect.Method.invoke(Method.java:511)
07-01 21:10:48.334 15913 15913 W nalizableReferenceQueue: 	at com.android.internal.os.ZygoteInit$MethodAndArgsCaller.run(ZygoteInit.java:784)
07-01 21:10:48.334 15913 15913 W nalizableReferenceQueue: 	at com.android.internal.os.ZygoteInit.main(ZygoteInit.java:551)
07-01 21:10:48.334 15913 15913 W nalizableReferenceQueue: 	at dalvik.system.NativeStart.main(Native Method)
07-01 21:10:48.338 15913 15913 I Finalizer: Couldn't access Thread.inheritableThreadLocals. Reference finalizer threads will inherit thread local values.
07-01 21:10:48.365 15913 15915 D dalvikvm: GC_CONCURRENT freed 314K, 5% free 9829K/10247K, paused 2ms+9ms
07-01 21:10:48.588 15854 15857 D dalvikvm: GC_CONCURRENT freed 400K, 4% free 12947K/13447K, paused 48ms+5ms
07-01 21:10:48.717 15913 15915 D dalvikvm: GC_CONCURRENT freed 384K, 5% free 9979K/10439K, paused 2ms+4ms
07-01 21:10:49.065 15913 15915 D dalvikvm: GC_CONCURRENT freed 320K, 4% free 10085K/10503K, paused 4ms+2ms
07-01 21:10:49.385 15854 15857 D dalvikvm: GC_CONCURRENT freed 587K, 5% free 13593K/14279K, paused 3ms+10ms
07-01 21:10:49.619 15913 15915 D dalvikvm: GC_CONCURRENT freed 268K, 3% free 10322K/10631K, paused 12ms+7ms
07-01 21:10:49.623 15913 15930 W Resources: Converting to string: TypedValue{t=0x10/d=0xffffffff a=-1}
07-01 21:10:50.119   145  1149 I ActivityManager: Process android.process.media (pid 15580) has died.
07-01 21:10:50.123 15913 15915 D dalvikvm: GC_CONCURRENT freed 383K, 5% free 10413K/10887K, paused 4ms+3ms
07-01 21:10:50.530 15555 15946 I Gmail   : MainSyncRequestProto: lowestBkwdConvoId: 0, highestHandledServerOp: 3286059, normalSync: true
07-01 21:10:51.311 15854 15883 V ContactPhotoManager: Preloaded 15 photos.  Cached bytes: 636669
07-01 21:10:51.412   145   157 I ActivityManager: START {act=android.intent.action.CALL_PRIVILEGED dat=tel:x-xxx-xxx-xxxx cmp=com.android.phone/.PrivilegedOutgoingCallBroadcaster (has extras)} from pid 15854
07-01 21:10:51.455 15913 15915 D dalvikvm: GC_CONCURRENT freed 371K, 5% free 10446K/10951K, paused 3ms+3ms
07-01 21:10:51.662   345   345 D PhoneUtils: checkAndCopyPhoneProviderExtras: some or all extras are missing.
07-01 21:10:51.983   145   145 I ActivityManager: START {flg=0x10000000 cmp=com.google.android.apps.googlevoice/.CallConnectingActivity (has extras)} from pid 15762
07-01 21:10:52.123 15555 15558 D dalvikvm: GC_CONCURRENT freed 1321K, 21% free 10380K/13127K, paused 26ms+15ms
07-01 21:10:52.170 15913 15915 D dalvikvm: GC_CONCURRENT freed 320K, 5% free 10566K/11015K, paused 3ms+4ms
07-01 21:10:52.244 15762 15765 D dalvikvm: GC_CONCURRENT freed 252K, 4% free 9850K/10247K, paused 6ms+3ms
07-01 21:10:52.377 15762 15762 D dalvikvm: GC_FOR_ALLOC freed 87K, 5% free 9960K/10439K, paused 32ms
07-01 21:10:52.408 15555 15946 D dalvikvm: GC_EXPLICIT freed 95K, 22% free 10302K/13127K, paused 5ms+6ms
07-01 21:10:52.510 15555 15946 I Gmail   : MainSyncRequestProto: lowestBkwdConvoId: 0, highestHandledServerOp: 3286092, normalSync: true
07-01 21:10:52.518   145   161 I Process : Sending signal. PID: 15762 SIG: 3
07-01 21:10:52.522 15762 15767 I dalvikvm: threadid=3: reacting to signal 3
07-01 21:10:52.631 15762 15767 I dalvikvm: Wrote stack traces to '/data/anr/traces.txt'
07-01 21:10:52.815 15762 15762 I GoogleVoice: CallViaAccessNumberConduit: Redirecting call
07-01 21:10:52.826   145   329 I ActivityManager: START {act=android.intent.action.CALL dat=tel:xxxxxxxxxxx flg=0x10000000 cmp=com.android.phone/.OutgoingCallBroadcaster (has extras)} from pid 15762
07-01 21:10:52.947   145   176 I ActivityManager: Displayed com.google.android.apps.googlevoice/.CallConnectingActivity: +942ms (total +1s344ms)
07-01 21:10:53.092   145  1150 I ActivityManager: START {act=com.android.phone.SIP_SELECT_PHONE dat=tel:xxxxxxxxxxx flg=0x10000000 cmp=com.android.phone/.SipCallOptionHandler (has extras)} from pid 345
07-01 21:10:53.127 15854 15854 D OpenGLRenderer: Flushing caches (mode 1)
07-01 21:10:53.201   345   345 D CallController: placeCall()...  intent = Intent { act=android.intent.action.CALL dat=tel:xxxxxxxxxxx (has extras) }
07-01 21:10:53.201   345   345 D OtaUtils: isOtaspCallIntent(Intent { act=android.intent.action.CALL dat=tel:xxxxxxxxxxx (has extras) })...
07-01 21:10:53.256 15913 15915 D dalvikvm: GC_CONCURRENT freed 356K, 5% free 10677K/11143K, paused 2ms+26ms
07-01 21:10:53.358    81    81 D AudioHardwareInterface: setMode(IN_CALL)
07-01 21:10:53.358    81    81 D AudioHardware: openPcmOut_l() mPcmOpenCnt: 0
07-01 21:10:53.428    81    81 D AudioHardware: ### setVoiceVolume_l
07-01 21:10:53.428    81    81 D AudioHardware: ### route(8) call volume(1.000000)
07-01 21:10:53.428    81    81 D AudioHardware: ### headset call volume
07-01 21:10:53.436    81   129 D AudioHardware: AudioStreamOutALSA::setParameters() routing=8
07-01 21:10:53.436    81   129 D AudioHardware: ### incall mode route (8)
07-01 21:10:53.436    81   129 D AudioHardware: ### incall mode headphone route
07-01 21:10:53.537   145  4009 I AudioService:  AudioFocus  requestAudioFocus() from AudioFocus_For_Phone_Ring_And_Calls
07-01 21:10:53.541   145   365 I ActivityManager: START {act=android.intent.action.MAIN flg=0x10840000 cmp=com.android.phone/.InCallScreen} from pid 345
07-01 21:10:53.549   345   345 D SAN_SERVICE: *******************************************
07-01 21:10:53.549   345   345 D SAN_SERVICE: DM App Phone Call State - 2
07-01 21:10:53.549   345   345 D SAN_SERVICE: *******************************************
07-01 21:10:53.733   345   345 D Bluetooth HS/HF: CDMA call state: SINGLE_ACTIVE prev state:IDLE
07-01 21:10:53.748   216   216 D PhoneStatusBar: disable: < expand icons ALERTS* ticker system_info back home recent clock >
07-01 21:10:53.756   345   345 D AccelerometerListener: enable(true)
07-01 21:10:53.780   345   345 D Bluetooth HS/HF: CDMA call state: SINGLE_ACTIVE prev state:IDLE
07-01 21:10:53.807   345   345 D InCallScreen: onNewIntent: intent = Intent { act=android.intent.action.MAIN flg=0x10c40000 cmp=com.android.phone/.InCallScreen }, phone state = OFFHOOK
07-01 21:10:53.811   216   216 D PhoneStatusBar: disable: < EXPAND* icons ALERTS ticker system_info back home recent clock >
07-01 21:10:54.112   345   345 D dalvikvm: GC_FOR_ALLOC freed 356K, 8% free 11763K/12679K, paused 125ms
07-01 21:10:54.112   345   345 I dalvikvm-heap: Grow heap (frag case) to 11.835MB for 291616-byte allocation
07-01 21:10:54.330   145   161 I Process : Sending signal. PID: 345 SIG: 3
07-01 21:10:54.330   345   352 I dalvikvm: threadid=3: reacting to signal 3
07-01 21:10:54.346   345  5487 D dalvikvm: GC_FOR_ALLOC freed 56K, 8% free 11991K/12999K, paused 219ms
07-01 21:10:54.393   345   352 I dalvikvm: Wrote stack traces to '/data/anr/traces.txt'
07-01 21:10:54.408   145 28236 I power   : *** set_screen_state 1
07-01 21:10:54.440   345   345 D SAN_SERVICE: *******************************************
07-01 21:10:54.440   345   345 D SAN_SERVICE: DM App Phone Service State - 0
07-01 21:10:54.440   345   345 D SAN_SERVICE: *******************************************
07-01 21:10:54.545   345   345 D Bluetooth HS/HF: CDMA call state: SINGLE_ACTIVE prev state:IDLE
07-01 21:10:54.565   345   345 D Bluetooth HS/HF: CDMA call state: SINGLE_ACTIVE prev state:IDLE
07-01 21:10:54.623 15854 15854 D OpenGLRenderer: Flushing caches (mode 0)
07-01 21:10:54.651   345   345 D SAN_SERVICE: *******************************************
07-01 21:10:54.651   345   345 D SAN_SERVICE: DM App Phone Service State - 0
07-01 21:10:54.651   345   345 D SAN_SERVICE: *******************************************
07-01 21:10:54.725   345   345 D dalvikvm: GC_EXPLICIT freed 417K, 10% free 11710K/12999K, paused 2ms+4ms
07-01 21:10:54.764   345   345 D Bluetooth HS/HF: CDMA call state: SINGLE_ACTIVE prev state:IDLE
07-01 21:10:54.764   145   365 I ActivityManager: Process edu.buffalo.cse.phonelab.phonelabservices (pid 14900) has died.
07-01 21:10:54.764   145   365 W ActivityManager: Scheduling restart of crashed service edu.buffalo.cse.phonelab.phonelabservices/edu.buffalo.cse.phonelab.datalogger.LoggerService in 5000ms
07-01 21:10:54.780   345 15953 D CallNotifier: SignalInfoTonePlayer.run(toneId = 98)...
07-01 21:10:54.924    81   129 D AudioHardware: AudioHardware pcm playback is exiting standby.
07-01 21:10:54.924    81   129 D AudioHardware: openPcmOut_l() mPcmOpenCnt: 1
07-01 21:10:54.951   345   345 D AccelerometerListener: orientation: horizontal
07-01 21:10:55.018   145   145 W InputManagerService: Starting input on non-focused client com.android.internal.view.IInputMethodClient$Stub$Proxy@416f2350 (uid=10000 pid=15854)
07-01 21:10:55.033 15555 15946 D dalvikvm: GC_EXPLICIT freed 188K, 22% free 10325K/13127K, paused 11ms+5ms
07-01 21:10:55.088 15555 15946 I Gmail   : MainSyncRequestProto: lowestBkwdConvoId: 0, highestHandledServerOp: 3286092, normalSync: true
07-01 21:10:55.108 15555 15946 I Gmail   : lowestBackward conversation id 0
07-01 21:10:55.151 15555 15946 W Gmail   : Scheduling index for 300000 ms from now
07-01 21:10:55.326 15854 15955 E DefaultVoicemailNotifier: No voicemails to notify about: clear the notification.
07-01 21:10:55.346 15555 15946 I Gmail   : Sending notification intent: Intent { act=android.intent.action.PROVIDER_CHANGED dat=content://gmail-ls/unread/^i (has extras) }
07-01 21:10:55.709 15555 15956 W Gmail   : Showing notification with unreadCount of 1 and unseenCount of 1
07-01 21:10:55.709 15555 15946 I Gmail   : Sending notification intent: Intent { act=android.intent.action.PROVIDER_CHANGED dat=content://gmail-ls/unread/^iim (has extras) }
07-01 21:10:55.862   145  1149 D dalvikvm: GC_EXPLICIT freed 994K, 31% free 16327K/23367K, paused 4ms+8ms
07-01 21:10:56.104   216   216 D dalvikvm: GC_FOR_ALLOC freed 348K, 32% free 9861K/14343K, paused 21ms
07-01 21:10:56.194   216   218 D dalvikvm: GC_CONCURRENT freed 333K, 31% free 10026K/14343K, paused 2ms+3ms
07-01 21:10:57.932    81   129 D AudioHardware: AudioHardware pcm playback is going to standby.
07-01 21:10:57.932    81   129 D AudioHardware: closePcmOut_l() mPcmOpenCnt: 2
07-01 21:10:59.905   145   162 I ActivityManager: Start proc edu.buffalo.cse.phonelab.phonelabservices for service edu.buffalo.cse.phonelab.phonelabservices/edu.buffalo.cse.phonelab.datalogger.LoggerService: pid=15957 uid=10037 gids={3003, 1015, 1007, 2001}
07-01 21:11:00.026 15957 15957 I PhoneLab-LoggerService: Start Logger Service
07-01 21:11:00.061 15957 15970 I PhoneLab-: Service Running
07-01 21:11:00.108   145   329 I ActivityManager: Process com.android.calendar (pid 15232) has died.
07-01 21:11:00.170 15957 15970 I PhoneLab-LoggerService: app_37    1360  1     1436   996   c00f181c 400107b4 S logcat
07-01 21:11:00.170 15957 15970 I PhoneLab-LoggerService: Logcat pid from database 1360
07-01 21:11:00.170 15957 15970 I PhoneLab-LoggerService: Logcat process found 1360
07-01 21:11:00.170 15957 15970 I PhoneLab-LoggerService: Checking Threshold
07-01 21:11:01.205 14613 14712 D GetStringObjTask: retrieving from url = http://www.chess.com/api/get_move_status?id=y3ICtufzg6w7rQqcD3KFujVaIanpYba4bIpaeKElV1LNz3Sz4Fk9Yh5CeWaj8h4bQ2RY0CxFVgA%2ByBE5DE%2B1cAuw4i%2Bp2GVj5RbuDPEUotReGbS25iAukuBsuUd%2Fl5dp
07-01 21:11:01.483 15913 15915 D dalvikvm: GC_CONCURRENT freed 475K, 6% free 10665K/11271K, paused 5ms+4ms
07-01 21:11:02.701 14613 14712 D GetStringObjTask: WebRequest SERVER RESPONSE: Success+0
07-01 21:11:09.990 15703 15705 D dalvikvm: GC_CONCURRENT freed 509K, 6% free 10224K/10823K, paused 2ms+3ms
07-01 21:11:10.248 13246 13248 D dalvikvm: GC_CONCURRENT freed 535K, 8% free 10258K/11079K, paused 9ms+8ms
07-01 21:11:42.526   145   200 D DhcpInfoInternal: makeLinkProperties with empty dns2!
07-01 21:11:42.533   145   200 D DhcpInfoInternal: makeLinkProperties with empty dns2!
07-01 21:12:03.299   145   348 I ActivityManager: Process com.google.android.apps.maps:FriendService (pid 15724) has died.
07-01 21:12:03.334   375   375 D OpenGLRenderer: Flushing caches (mode 2)
07-01 21:12:03.342 12840 12840 D OpenGLRenderer: Flushing caches (mode 2)
07-01 21:12:03.350 15854 15854 D OpenGLRenderer: Flushing caches (mode 1)
07-01 21:12:03.377   375   375 D OpenGLRenderer: Flushing caches (mode 0)
07-01 21:12:03.389 15555 15999 I Gmail   : MainSyncRequestProto: lowestBkwdConvoId: 0, highestHandledServerOp: 3286092, normalSync: true
07-01 21:12:04.119 15854 15854 D OpenGLRenderer: Flushing caches (mode 1)
07-01 21:12:04.155 15555 15999 D dalvikvm: GC_EXPLICIT freed 277K, 21% free 10386K/13127K, paused 3ms+4ms
07-01 21:12:04.158 15555 15999 I Gmail   : MainSyncRequestProto: lowestBkwdConvoId: 0, highestHandledServerOp: 3286092, normalSync: true
07-01 21:12:04.162 15555 15999 I Gmail   : lowestBackward conversation id 0
07-01 21:12:04.170 15555 15999 W Gmail   : Scheduling index for 300000 ms from now
07-01 21:12:04.326 15854 15854 D OpenGLRenderer: Flushing caches (mode 1)
07-01 21:12:08.682   216   218 D dalvikvm: GC_CONCURRENT freed 461K, 31% free 9950K/14343K, paused 2ms+2ms
07-01 21:12:09.940 15854 15854 D OpenGLRenderer: Flushing caches (mode 1)
07-01 21:12:09.940 15555 15555 D OpenGLRenderer: Flushing caches (mode 1)
07-01 21:12:10.018  3921  3923 D dalvikvm: GC_CONCURRENT freed 426K, 6% free 10391K/10951K, paused 8ms+8ms
07-01 21:12:10.092 13246 13248 D dalvikvm: GC_CONCURRENT freed 424K, 8% free 10228K/11079K, paused 2ms+2ms
07-01 21:12:48.658  3921 13313 D dalvikvm: GC_EXPLICIT freed 84K, 6% free 10325K/10951K, paused 44ms+3ms
07-01 21:13:00.084 15957 15970 I PhoneLab-: Service Running
07-01 21:13:00.127 15957 15970 I PhoneLab-LoggerService: app_37    1360  1     1436   996   c00f181c 400107b4 S logcat
07-01 21:13:00.127 15957 15970 I PhoneLab-LoggerService: Logcat pid from database 1360
07-01 21:13:00.127 15957 15970 I PhoneLab-LoggerService: Logcat process found 1360
07-01 21:13:00.127 15957 15970 I PhoneLab-LoggerService: Checking Threshold
07-01 21:13:09.967 15703 15705 D dalvikvm: GC_CONCURRENT freed 508K, 6% free 10228K/10823K, paused 1ms+3ms
07-01 21:13:09.994 15555 15555 D OpenGLRenderer: Flushing caches (mode 1)
07-01 21:13:09.994 15854 15854 D OpenGLRenderer: Flushing caches (mode 1)
07-01 21:13:31.444 15913 15915 D dalvikvm: GC_CONCURRENT freed 449K, 5% free 10771K/11335K, paused 48ms+8ms
07-01 21:14:07.436   145   200 D DhcpInfoInternal: makeLinkProperties with empty dns2!
07-01 21:14:07.451   145   200 D DhcpInfoInternal: makeLinkProperties with empty dns2!
07-01 21:14:10.084 15854 15854 D OpenGLRenderer: Flushing caches (mode 1)
07-01 21:14:10.084 15555 15555 D OpenGLRenderer: Flushing caches (mode 1)
07-01 21:14:10.182 13246 13248 D dalvikvm: GC_CONCURRENT freed 502K, 8% free 10238K/11079K, paused 2ms+3ms
07-01 21:14:49.287 15854 15854 D OpenGLRenderer: Flushing caches (mode 1)
07-01 21:14:49.287 15555 15555 D OpenGLRenderer: Flushing caches (mode 1)
07-01 21:14:49.354   375   377 D dalvikvm: GC_CONCURRENT freed 838K, 22% free 11629K/14791K, paused 21ms+7ms
07-01 21:14:49.377 15854 15854 D OpenGLRenderer: Flushing caches (mode 1)
07-01 21:14:49.381 15555 15555 D OpenGLRenderer: Flushing caches (mode 1)
07-01 21:14:54.166 13993 13994 D dalvikvm: GC_CONCURRENT freed 764K, 11% free 11716K/13127K, paused 12ms+4ms
07-01 21:15:00.080 15957 15970 I PhoneLab-: Service Running
07-01 21:15:00.131 15957 15970 I PhoneLab-LoggerService: app_37    1360  1     1436   996   c00f181c 400107b4 S logcat
07-01 21:15:00.135 15957 15970 I PhoneLab-LoggerService: Logcat pid from database 1360
07-01 21:15:00.135 15957 15970 I PhoneLab-LoggerService: Logcat process found 1360
07-01 21:15:00.135 15957 15970 I PhoneLab-LoggerService: Checking Threshold
07-01 21:15:10.151 15703 15705 D dalvikvm: GC_CONCURRENT freed 506K, 6% free 10233K/10823K, paused 2ms+2ms
07-01 21:15:10.190 15854 15854 D OpenGLRenderer: Flushing caches (mode 1)
07-01 21:15:10.190 15555 15555 D OpenGLRenderer: Flushing caches (mode 1)
07-01 21:16:01.170 14613 14872 D GetStringObjTask: retrieving from url = http://www.chess.com/api/get_move_status?id=y3ICtufzg6w7rQqcD3KFujVaIanpYba4bIpaeKElV1LNz3Sz4Fk9Yh5CeWaj8h4bQ2RY0CxFVgA%2ByBE5DE%2B1cAuw4i%2Bp2GVj5RbuDPEUotReGbS25iAukuBsuUd%2Fl5dp
07-01 21:16:02.268 14613 14872 D GetStringObjTask: WebRequest SERVER RESPONSE: Success+0
07-01 21:16:08.498 13971 13972 D dalvikvm: GC_CONCURRENT freed 424K, 6% free 9819K/10375K, paused 2ms+9ms
07-01 21:16:10.233 13246 13248 D dalvikvm: GC_CONCURRENT freed 500K, 8% free 10236K/11079K, paused 2ms+3ms
07-01 21:16:32.330   145   200 D DhcpInfoInternal: makeLinkProperties with empty dns2!
07-01 21:16:32.342   145   200 D DhcpInfoInternal: makeLinkProperties with empty dns2!
07-01 21:17:00.076 15957 15970 I PhoneLab-: Service Running
07-01 21:17:00.112 15957 15970 I PhoneLab-LoggerService: app_37    1360  1     1436   996   c00f181c 400107b4 S logcat
07-01 21:17:00.112 15957 15970 I PhoneLab-LoggerService: Logcat pid from database 1360
07-01 21:17:00.112 15957 15970 I PhoneLab-LoggerService: Logcat process found 1360
07-01 21:17:00.112 15957 15970 I PhoneLab-LoggerService: Checking Threshold
07-01 21:17:10.174 15703 15705 D dalvikvm: GC_CONCURRENT freed 505K, 6% free 10240K/10823K, paused 7ms+2ms
07-01 21:17:10.307 13246 13248 D dalvikvm: GC_CONCURRENT freed 418K, 8% free 10224K/11079K, paused 1ms+2ms
07-01 21:17:22.940   345   347 D dalvikvm: GC_CONCURRENT freed 792K, 11% free 11686K/12999K, paused 50ms+3ms
07-01 21:18:08.967   145  4009 D dalvikvm: GC_EXPLICIT freed 1280K, 30% free 16423K/23367K, paused 4ms+8ms
07-01 21:18:57.217   145   200 D DhcpInfoInternal: makeLinkProperties with empty dns2!
07-01 21:18:57.221   145   200 D DhcpInfoInternal: makeLinkProperties with empty dns2!
07-01 21:19:00.096 15957 15970 I PhoneLab-: Service Running
07-01 21:19:00.127 15957 15970 I PhoneLab-LoggerService: app_37    1360  1     1436   996   c00f181c 400107b4 S logcat
07-01 21:19:00.127 15957 15970 I PhoneLab-LoggerService: Logcat pid from database 1360
07-01 21:19:00.127 15957 15970 I PhoneLab-LoggerService: Logcat process found 1360
07-01 21:19:00.127 15957 15970 I PhoneLab-LoggerService: Checking Threshold
07-01 21:19:10.373 15703 15705 D dalvikvm: GC_CONCURRENT freed 505K, 6% free 10240K/10823K, paused 1ms+3ms
07-01 21:19:10.522 13246 13248 D dalvikvm: GC_CONCURRENT freed 509K, 8% free 10225K/11079K, paused 8ms+4ms
07-01 21:19:57.381 13993 13994 D dalvikvm: GC_CONCURRENT freed 805K, 11% free 11683K/13127K, paused 7ms+4ms
07-01 21:21:00.080 15957 15970 I PhoneLab-: Service Running
07-01 21:21:00.155 15957 15959 D dalvikvm: GC_CONCURRENT freed 393K, 6% free 9091K/9607K, paused 6ms+2ms
07-01 21:21:00.158 15957 15970 I PhoneLab-LoggerService: app_37    1360  1     1436   996   c00f181c 400107b4 S logcat
07-01 21:21:00.158 15957 15970 I PhoneLab-LoggerService: Logcat pid from database 1360
07-01 21:21:00.158 15957 15970 I PhoneLab-LoggerService: Logcat process found 1360
07-01 21:21:00.158 15957 15970 I PhoneLab-LoggerService: Checking Threshold
07-01 21:21:01.139 14613 14985 D GetStringObjTask: retrieving from url = http://www.chess.com/api/get_move_status?id=y3ICtufzg6w7rQqcD3KFujVaIanpYba4bIpaeKElV1LNz3Sz4Fk9Yh5CeWaj8h4bQ2RY0CxFVgA%2ByBE5DE%2B1cAuw4i%2Bp2GVj5RbuDPEUotReGbS25iAukuBsuUd%2Fl5dp
07-01 21:21:01.811 14613 14985 D GetStringObjTask: WebRequest SERVER RESPONSE: Success+0
07-01 21:21:10.502 15703 15705 D dalvikvm: GC_CONCURRENT freed 507K, 6% free 10237K/10823K, paused 2ms+2ms
07-01 21:21:10.655 13246 13248 D dalvikvm: GC_CONCURRENT freed 467K, 8% free 10269K/11079K, paused 2ms+4ms
07-01 21:21:11.752 15703 15705 D dalvikvm: GC_CONCURRENT freed 324K, 5% free 10363K/10823K, paused 7ms+9ms
07-01 21:21:15.510  3921  3923 D dalvikvm: GC_CONCURRENT freed 306K, 5% free 10407K/10951K, paused 2ms+3ms
07-01 21:21:22.112   145   200 D DhcpInfoInternal: makeLinkProperties with empty dns2!
07-01 21:21:22.123   145   200 D DhcpInfoInternal: makeLinkProperties with empty dns2!
07-01 21:22:10.635 15703 15705 D dalvikvm: GC_CONCURRENT freed 384K, 5% free 10372K/10887K, paused 2ms+5ms
07-01 21:23:00.080 15957 15970 I PhoneLab-: Service Running
07-01 21:23:00.112 15957 15970 I PhoneLab-LoggerService: app_37    1360  1     1436   996   c00f181c 400107b4 S logcat
07-01 21:23:00.112 15957 15970 I PhoneLab-LoggerService: Logcat pid from database 1360
07-01 21:23:00.112 15957 15970 I PhoneLab-LoggerService: Logcat process found 1360
07-01 21:23:00.112 15957 15970 I PhoneLab-LoggerService: Checking Threshold
07-01 21:23:10.709 13246 13248 D dalvikvm: GC_CONCURRENT freed 526K, 8% free 10246K/11079K, paused 2ms+2ms
07-01 21:23:25.791   345   345 D AccelerometerListener: orientation: vertical
07-01 21:23:26.494   345   345 D AccelerometerListener: orientation: horizontal
07-01 21:23:32.522   145   396 I ActivityManager: START {act=android.intent.action.DIAL flg=0x10000000 cmp=com.android.contacts/.activities.DialtactsActivity (has extras)} from pid 345
07-01 21:23:32.705   216   216 D PhoneStatusBar: disable: < expand* icons ALERTS ticker system_info back home recent clock >
07-01 21:23:33.139   216   218 D dalvikvm: GC_CONCURRENT freed 228K, 30% free 10180K/14343K, paused 2ms+6ms
07-01 21:23:33.252   216   218 D dalvikvm: GC_CONCURRENT freed 562K, 30% free 10078K/14343K, paused 2ms+6ms
07-01 21:23:33.291 15854 16120 E DefaultVoicemailNotifier: No voicemails to notify about: clear the notification.
07-01 21:23:33.338   145   161 I Process : Sending signal. PID: 15854 SIG: 3
07-01 21:23:33.338 15854 15859 I dalvikvm: threadid=3: reacting to signal 3
07-01 21:23:33.416 15854 15859 I dalvikvm: Wrote stack traces to '/data/anr/traces.txt'
07-01 21:23:33.764 10674 10676 D dalvikvm: GC_CONCURRENT freed 123K, 10% free 10290K/11399K, paused 2ms+3ms
07-01 21:23:34.822 13971 13972 D dalvikvm: GC_CONCURRENT freed 450K, 6% free 9790K/10375K, paused 1ms+3ms
07-01 21:23:34.924 13971 13987 D dalvikvm: GC_EXPLICIT freed 178K, 7% free 9711K/10375K, paused 7ms+3ms
07-01 21:23:36.065 15854 15857 D dalvikvm: GC_CONCURRENT freed 1275K, 9% free 13893K/15239K, paused 6ms+6ms
07-01 21:23:37.881   145 21614 D dalvikvm: GC_EXPLICIT freed 1000K, 30% free 16501K/23367K, paused 4ms+9ms
07-01 21:23:44.217   216   218 D dalvikvm: GC_CONCURRENT freed 230K, 29% free 10232K/14343K, paused 6ms+3ms
07-01 21:23:45.401   145   348 I ActivityManager: START {act=android.intent.action.CALL_PRIVILEGED dat=tel:xxxxxxxxxxx cmp=com.android.phone/.PrivilegedOutgoingCallBroadcaster (has extras)} from pid 15854
07-01 21:23:45.518   345   345 D PhoneUtils: checkAndCopyPhoneProviderExtras: some or all extras are missing.
07-01 21:23:45.604   145   145 I ActivityManager: START {flg=0x10000000 cmp=com.google.android.apps.googlevoice/.CallConnectingActivity (has extras)} from pid 15762
07-01 21:23:45.807   345   347 D dalvikvm: GC_CONCURRENT freed 759K, 11% free 11688K/12999K, paused 63ms+5ms
07-01 21:23:45.869 15762 15762 I GoogleVoice: CallViaAccessNumberConduit: Redirecting call
07-01 21:23:45.873   145   365 I ActivityManager: START {act=android.intent.action.CALL dat=tel:xxxxxxxxxxx flg=0x10000000 cmp=com.android.phone/.OutgoingCallBroadcaster (has extras)} from pid 15762
07-01 21:23:45.885 15762 15765 D dalvikvm: GC_CONCURRENT freed 134K, 3% free 10296K/10567K, paused 3ms+4ms
07-01 21:23:45.963   145   176 I ActivityManager: Displayed com.google.android.apps.googlevoice/.CallConnectingActivity: +356ms (total +12m52s852ms)
07-01 21:23:45.998   145   348 I ActivityManager: START {act=com.android.phone.SIP_SELECT_PHONE dat=tel:xxxxxxxxxxx flg=0x10000000 cmp=com.android.phone/.SipCallOptionHandler (has extras)} from pid 345
07-01 21:23:46.010 15854 15854 D OpenGLRenderer: Flushing caches (mode 1)
07-01 21:23:46.022   345   345 D CallController: placeCall()...  intent = Intent { act=android.intent.action.CALL dat=tel:xxxxxxxxxxx (has extras) }
07-01 21:23:46.022   345   345 D OtaUtils: isOtaspCallIntent(Intent { act=android.intent.action.CALL dat=tel:xxxxxxxxxxx (has extras) })...
07-01 21:23:46.033   345   345 D CallManager: hasBgCall: false sameChannel:true
07-01 21:23:46.084   345   345 D dalvikvm: GC_EXPLICIT freed 47K, 10% free 11736K/12999K, paused 5ms+3ms
07-01 21:23:46.139   145  4009 I ActivityManager: START {act=android.intent.action.MAIN flg=0x10840000 cmp=com.android.phone/.InCallScreen} from pid 345
07-01 21:23:46.158   345   345 D Bluetooth HS/HF: CDMA call state: THRWAY_ACTIVE prev state:SINGLE_ACTIVE
07-01 21:23:46.170   345   345 D InCallScreen: onNewIntent: intent = Intent { act=android.intent.action.MAIN flg=0x10c40000 cmp=com.android.phone/.InCallScreen }, phone state = OFFHOOK
07-01 21:23:46.190   216   216 D PhoneStatusBar: disable: < EXPAND* icons ALERTS ticker system_info back home recent clock >
07-01 21:23:46.213   145   310 I power   : *** set_screen_state 1
07-01 21:23:46.377   216   216 D dalvikvm: GC_FOR_ALLOC freed 605K, 31% free 9996K/14343K, paused 66ms
07-01 21:23:46.459   345   345 D Bluetooth HS/HF: CDMA call state: THRWAY_ACTIVE prev state:SINGLE_ACTIVE
07-01 21:23:46.518 15854 15854 D OpenGLRenderer: Flushing caches (mode 0)
07-01 21:23:46.623   345   345 D dalvikvm: GC_EXPLICIT freed 233K, 8% free 12054K/12999K, paused 2ms+4ms
07-01 21:23:46.643   145   329 W InputManagerService: Starting input on non-focused client com.android.internal.view.IInputMethodClient$Stub$Proxy@416f2350 (uid=10000 pid=15854)
07-01 21:23:46.905 15854 16127 E DefaultVoicemailNotifier: No voicemails to notify about: clear the notification.
07-01 21:23:46.951   145   200 D DhcpInfoInternal: makeLinkProperties with empty dns2!
07-01 21:23:46.951   145   200 D DhcpInfoInternal: makeLinkProperties with empty dns2!
07-01 21:23:49.213   345   345 D dalvikvm: GC_FOR_ALLOC freed 66K, 8% free 12007K/12999K, paused 20ms
07-01 21:23:49.213   345   345 I dalvikvm-heap: Grow heap (frag case) to 12.075MB for 291616-byte allocation
07-01 21:23:49.237   345   345 D dalvikvm: GC_FOR_ALLOC freed 6K, 8% free 12285K/13319K, paused 20ms
07-01 21:23:51.647   345   345 D PhoneUtils: mergeCalls(): CDMA...
07-01 21:23:51.647   345   345 D PhoneUtils: - sending flash...
07-01 21:23:51.647   345   345 D PhoneUtils: switchHoldingAndActive()...
07-01 21:23:51.721   345   345 D Bluetooth HS/HF: CDMA call state: CONF_CALL prev state:THRWAY_ACTIVE
07-01 21:24:10.787 15703 15705 D dalvikvm: GC_CONCURRENT freed 508K, 6% free 10377K/11015K, paused 2ms+5ms
07-01 21:24:15.604   145 22722 I ActivityManager: moveTaskToBack: 18
07-01 21:24:15.647   216   216 D PhoneStatusBar: disable: < expand* icons ALERTS ticker system_info back home recent clock >
07-01 21:24:15.850   216   218 D dalvikvm: GC_CONCURRENT freed 460K, 31% free 9998K/14343K, paused 1ms+7ms
07-01 21:24:15.932   216   218 D dalvikvm: GC_CONCURRENT freed 325K, 30% free 10117K/14343K, paused 2ms+7ms
07-01 21:24:16.119   216   218 D dalvikvm: GC_CONCURRENT freed 356K, 30% free 10166K/14343K, paused 2ms+12ms
07-01 21:24:16.244 15854 16147 E DefaultVoicemailNotifier: No voicemails to notify about: clear the notification.
07-01 21:24:16.354 13971 13972 D dalvikvm: GC_CONCURRENT freed 295K, 6% free 9803K/10375K, paused 2ms+3ms
07-01 21:24:16.389 15854 15887 D dalvikvm: GC_EXPLICIT freed 905K, 11% free 13677K/15239K, paused 58ms+33ms
07-01 21:24:23.170   145   396 I ActivityManager: moveTaskToBack: 12
07-01 21:24:23.475 15854 15854 D OpenGLRenderer: Flushing caches (mode 0)
07-01 21:24:23.506   145   145 W InputManagerService: Starting input on non-focused client com.android.internal.view.IInputMethodClient$Stub$Proxy@416f2350 (uid=10000 pid=15854)
07-01 21:24:23.533 15854 15854 D OpenGLRenderer: Flushing caches (mode 1)
07-01 21:24:23.647 15854 16151 E DefaultVoicemailNotifier: No voicemails to notify about: clear the notification.
07-01 21:24:25.916   145   156 I ActivityManager: START {act=android.intent.action.MAIN flg=0x10840000 cmp=com.android.phone/.InCallScreen bnds=[0,119][480,215]} from pid -1
07-01 21:24:25.955   145   395 W KeyguardViewMediator: verifyUnlock called when not externally disabled
07-01 21:24:25.971   345   345 D InCallScreen: onNewIntent: intent = Intent { act=android.intent.action.MAIN flg=0x10c40000 cmp=com.android.phone/.InCallScreen bnds=[0,119][480,215] }, phone state = OFFHOOK
07-01 21:24:25.994   145  1150 I power   : *** set_screen_state 1
07-01 21:24:25.998   216   216 D PhoneStatusBar: disable: < EXPAND* icons ALERTS ticker system_info back home recent clock >
07-01 21:24:26.096   375   375 D OpenGLRenderer: Flushing caches (mode 0)
07-01 21:24:26.104   145   156 W WindowManager: Layout repeat skipped after too many iterations
07-01 21:24:26.108   145   156 W WindowManager: Layout repeat skipped after too many iterations
07-01 21:24:26.108   145   156 W WindowManager: Layout repeat skipped after too many iterations
07-01 21:24:26.108   145   156 W WindowManager: Animation repeat aborted after too many iterations
07-01 21:24:26.112   345   345 D Bluetooth HS/HF: CDMA call state: CONF_CALL prev state:THRWAY_ACTIVE
07-01 21:24:26.287   216   218 D dalvikvm: GC_CONCURRENT freed 428K, 29% free 10234K/14343K, paused 2ms+6ms
07-01 21:24:26.319   375   375 D OpenGLRenderer: Flushing caches (mode 1)
07-01 21:24:33.283   345   345 D InCallScreen: internalHangup()...  phone state = OFFHOOK
07-01 21:24:33.283   345   345 D PhoneUtils: hangup(): hanging up foreground call
07-01 21:24:33.283   345   345 D PhoneUtils: - hangup(Call): regular hangup()...
07-01 21:24:33.326   345   345 D Bluetooth HS/HF: CDMA call state: CONF_CALL prev state:THRWAY_ACTIVE
07-01 21:24:33.444   345   345 D SAN_SERVICE: *******************************************
07-01 21:24:33.444   345   345 D SAN_SERVICE: DM App Phone Call State - 0
07-01 21:24:33.444   345   345 D SAN_SERVICE: *******************************************
07-01 21:24:33.447   345   345 D CallNotifier: onDisconnect: cause = LOCAL, incoming = false, date = 1341192226089
07-01 21:24:33.447   145   310 I PowerManagerService: clearUserActivity for 10000ms from now
07-01 21:24:33.451   345 16153 D CallNotifier: SignalInfoTonePlayer.run(toneId = 98)...
07-01 21:24:33.467   345 16155 D CallNotifier: InCallTonePlayer.run(toneId = 5)...
07-01 21:24:33.475   345   345 D CallNotifier: onDisconnect: cause = LOCAL, incoming = false, date = 1341191453231
07-01 21:24:33.479   145  9966 I PowerManagerService: clearUserActivity for 10000ms from now
07-01 21:24:33.483    81   129 D AudioHardware: AudioHardware pcm playback is exiting standby.
07-01 21:24:33.483    81   129 D AudioHardware: openPcmOut_l() mPcmOpenCnt: 1
07-01 21:24:33.487   345 16158 D CallNotifier: SignalInfoTonePlayer.run(toneId = 98)...
07-01 21:24:33.487   345 16159 D CallNotifier: InCallTonePlayer.run(toneId = 5)...
07-01 21:24:33.701   345   345 D InCallScreen: delayedCleanupAfterDisconnect()...  Phone state = IDLE
07-01 21:24:33.764    81   525 D AudioHardwareInterface: setMode(NORMAL)
07-01 21:24:33.772   145 28236 I ActivityManager: START {act=android.intent.action.VIEW typ=vnd.android.cursor.dir/calls flg=0x10000 cmp=com.android.contacts/.activities.DialtactsActivity} from pid 345
07-01 21:24:33.791   345   345 D InCallScreen: endInCallScreenSession(false)...  phone state = IDLE
07-01 21:24:33.791   145 22722 I ActivityManager: moveTaskToBack: 18
07-01 21:24:33.791   216   216 D PhoneStatusBar: disable: < expand* icons ALERTS ticker system_info back home recent clock >
07-01 21:24:33.826   345   345 D Bluetooth HS/HF: CDMA call state: IDLE prev state:IDLE
07-01 21:24:33.830   345   345 D AccelerometerListener: enable(false)
07-01 21:24:33.830   216   216 D PhoneStatusBar: disable: < expand icons alerts* ticker system_info back home recent clock >
07-01 21:24:33.838    81   525 D AudioHardware: closePcmOut_l() mPcmOpenCnt: 2
07-01 21:24:33.842    81   525 D AudioHardware: AudioHardware pcm playback is going to standby.
07-01 21:24:33.842    81   525 D AudioHardware: closePcmOut_l() mPcmOpenCnt: 1
07-01 21:24:33.846    81   129 D AudioHardware: AudioHardware pcm playback is exiting standby.
07-01 21:24:33.846    81   129 D AudioHardware: openPcmOut_l() mPcmOpenCnt: 0
07-01 21:24:33.944    81   129 D AudioHardware: AudioStreamOutALSA::setParameters() routing=8
07-01 21:24:33.944   145   156 I AudioService:  AudioFocus  abandonAudioFocus() from AudioFocus_For_Phone_Ring_And_Calls
07-01 21:24:34.147 10674 10676 D dalvikvm: GC_CONCURRENT freed 390K, 10% free 10289K/11399K, paused 5ms+9ms
07-01 21:24:34.233 15854 16162 E DefaultVoicemailNotifier: No voicemails to notify about: clear the notification.
07-01 21:24:34.315   145   157 I ActivityManager: moveTaskToBack: 18
07-01 21:24:34.494 13971 13972 D dalvikvm: GC_CONCURRENT freed 398K, 6% free 9842K/10375K, paused 12ms+4ms
07-01 21:24:35.483 15854 15857 D dalvikvm: GC_CONCURRENT freed 1468K, 11% free 13636K/15303K, paused 3ms+8ms
07-01 21:24:35.733 13971 13982 D dalvikvm: GC_EXPLICIT freed 259K, 6% free 9823K/10375K, paused 3ms+9ms
07-01 21:24:35.865   145 22722 D AlarmManagerService: Kernel timezone updated to 240 minutes west of GMT
07-01 21:24:35.869   345   345 D SystemClock: Setting time of day to sec=1341192276
07-01 21:24:36.064   145   162 I ActivityManager: Start proc com.android.calendar for broadcast com.android.calendar/.widget.CalendarAppWidgetService$CalendarFactory: pid=16168 uid=10005 gids={3003}
07-01 21:24:36.079   345   345 D SAN_SERVICE: *******************************************
07-01 21:24:36.079   345   345 D SAN_SERVICE: DM App Phone Service State - 0
07-01 21:24:36.079   345   345 D SAN_SERVICE: *******************************************
07-01 21:24:36.275 16168 16168 I ActivityThread: Pub com.android.calendar.CalendarRecentSuggestionsProvider: com.android.calendar.CalendarRecentSuggestionsProvider
07-01 21:24:36.439 15248 15262 V AlarmClock: AlarmInitReceiver finished
07-01 21:24:36.853    81   129 D AudioHardware: AudioHardware pcm playback is going to standby.
07-01 21:24:36.853    81   129 D AudioHardware: closePcmOut_l() mPcmOpenCnt: 1
07-01 21:24:37.200   145   197 D dalvikvm: GC_EXPLICIT freed 1470K, 30% free 16526K/23367K, paused 7ms+8ms
07-01 21:24:38.294 13971 13972 D dalvikvm: GC_CONCURRENT freed 331K, 5% free 9920K/10375K, paused 2ms+4ms
07-01 21:24:39.146   145   361 I ActivityManager: START {dat=content://call_log/calls/28?allow_voicemails=true cmp=com.android.contacts/.CallDetailActivity (has extras)} from pid 15854
07-01 21:24:39.423   145   176 I ActivityManager: Displayed com.android.contacts/.CallDetailActivity: +204ms (total +53s266ms)
07-01 21:24:39.431 15854 15854 D OpenGLRenderer: Flushing caches (mode 0)
07-01 21:24:39.614 15854 16186 E DefaultVoicemailNotifier: No voicemails to notify about: clear the notification.
07-01 21:24:40.400   345   345 D SAN_SERVICE: *******************************************
07-01 21:24:40.400   345   345 D SAN_SERVICE: DM App Phone Service State - 0
07-01 21:24:40.400   345   345 D SAN_SERVICE: *******************************************
07-01 21:24:40.669   145  1150 I ActivityManager: START {act=android.intent.action.CALL_PRIVILEGED dat=tel:xxxxxxxxxxx cmp=com.android.phone/.PrivilegedOutgoingCallBroadcaster} from pid 15854
07-01 21:24:40.771   345   345 D PhoneUtils: checkAndCopyPhoneProviderExtras: some or all extras are missing.
07-01 21:24:40.779   145  4009 I ActivityManager: START {flg=0x10000000 cmp=com.google.android.apps.googlevoice/.CallConnectingActivity (has extras)} from pid 15762
07-01 21:24:40.861 15762 15762 I GoogleVoice: CallViaAccessNumberConduit: Redirecting call
07-01 21:24:40.861   145   395 I ActivityManager: START {act=android.intent.action.CALL dat=tel:xxxxxxxxxxx flg=0x10000000 cmp=com.android.phone/.OutgoingCallBroadcaster (has extras)} from pid 15762
07-01 21:24:40.939   145   176 I ActivityManager: Displayed com.google.android.apps.googlevoice/.CallConnectingActivity: +145ms (total +202ms)
07-01 21:24:41.009   345   345 D dalvikvm: GC_EXPLICIT freed 608K, 9% free 12158K/13319K, paused 16ms+6ms
07-01 21:24:41.032   145 28236 I ActivityManager: START {act=com.android.phone.SIP_SELECT_PHONE dat=tel:xxxxxxxxxxx flg=0x10000000 cmp=com.android.phone/.SipCallOptionHandler (has extras)} from pid 345
07-01 21:24:41.048   345   345 D CallController: placeCall()...  intent = Intent { act=android.intent.action.CALL dat=tel:xxxxxxxxxxx (has extras) }
07-01 21:24:41.048   345   345 D OtaUtils: isOtaspCallIntent(Intent { act=android.intent.action.CALL dat=tel:xxxxxxxxxxx (has extras) })...
07-01 21:24:41.103 15854 15854 D OpenGLRenderer: Flushing caches (mode 1)
07-01 21:24:41.111    81 13245 D AudioHardwareInterface: setMode(IN_CALL)
07-01 21:24:41.114    81 13245 D AudioHardware: openPcmOut_l() mPcmOpenCnt: 0
07-01 21:24:41.177    81 13245 D AudioHardware: ### setVoiceVolume_l
07-01 21:24:41.177    81 13245 D AudioHardware: ### route(8) call volume(1.000000)
07-01 21:24:41.177    81 13245 D AudioHardware: ### headset call volume
07-01 21:24:41.177    81   129 D AudioHardware: AudioStreamOutALSA::setParameters() routing=8
07-01 21:24:41.177    81   129 D AudioHardware: ### incall mode route (8)
07-01 21:24:41.177    81   129 D AudioHardware: ### incall mode headphone route
07-01 21:24:41.318   145   329 I AudioService:  AudioFocus  requestAudioFocus() from AudioFocus_For_Phone_Ring_And_Calls
07-01 21:24:41.325   145 28236 I ActivityManager: START {act=android.intent.action.MAIN flg=0x10840000 cmp=com.android.phone/.InCallScreen} from pid 345
07-01 21:24:41.329   345   345 D SAN_SERVICE: *******************************************
07-01 21:24:41.329   345   345 D SAN_SERVICE: DM App Phone Call State - 2
07-01 21:24:41.329   345   345 D SAN_SERVICE: *******************************************
07-01 21:24:41.384   345   345 D Bluetooth HS/HF: CDMA call state: SINGLE_ACTIVE prev state:IDLE
07-01 21:24:41.384   345   345 D AccelerometerListener: enable(true)
07-01 21:24:41.384   216   216 D PhoneStatusBar: disable: < expand icons ALERTS* ticker system_info back home recent clock >
07-01 21:24:41.396   345   345 D Bluetooth HS/HF: CDMA call state: SINGLE_ACTIVE prev state:IDLE
07-01 21:24:41.404   345   345 D SAN_SERVICE: *******************************************
07-01 21:24:41.404   345   345 D SAN_SERVICE: DM App Phone Service State - 0
07-01 21:24:41.404   345   345 D SAN_SERVICE: *******************************************
07-01 21:24:41.423   345   345 D InCallScreen: onNewIntent: intent = Intent { act=android.intent.action.MAIN flg=0x10c40000 cmp=com.android.phone/.InCallScreen }, phone state = OFFHOOK
07-01 21:24:41.423   216   216 D PhoneStatusBar: disable: < EXPAND* icons ALERTS ticker system_info back home recent clock >
07-01 21:24:41.450   145  4009 I power   : *** set_screen_state 1
07-01 21:24:41.470   345   345 D SAN_SERVICE: *******************************************
07-01 21:24:41.470   345   345 D SAN_SERVICE: DM App Phone Service State - 0
07-01 21:24:41.470   345   345 D SAN_SERVICE: *******************************************
07-01 21:24:41.540   345   345 D Bluetooth HS/HF: CDMA call state: SINGLE_ACTIVE prev state:IDLE
07-01 21:24:41.556   345   345 D Bluetooth HS/HF: CDMA call state: SINGLE_ACTIVE prev state:IDLE
07-01 21:24:41.642 15854 15854 D OpenGLRenderer: Flushing caches (mode 0)
07-01 21:24:41.700   345   345 D dalvikvm: GC_EXPLICIT freed 423K, 10% free 12066K/13319K, paused 4ms+5ms
07-01 21:24:41.974   345   345 D AccelerometerListener: orientation: horizontal
07-01 21:24:42.657   345   345 D Bluetooth HS/HF: CDMA call state: SINGLE_ACTIVE prev state:IDLE
07-01 21:24:42.669   345 16192 D CallNotifier: SignalInfoTonePlayer.run(toneId = 98)...
07-01 21:24:42.685    81   129 D AudioHardware: AudioHardware pcm playback is exiting standby.
07-01 21:24:42.685    81   129 D AudioHardware: openPcmOut_l() mPcmOpenCnt: 1
07-01 21:24:45.693    81   129 D AudioHardware: AudioHardware pcm playback is going to standby.
07-01 21:24:45.693    81   129 D AudioHardware: closePcmOut_l() mPcmOpenCnt: 2
07-01 21:24:59.138   145   157 I ActivityManager: START {act=android.intent.action.DIAL flg=0x10000000 cmp=com.android.contacts/.activities.DialtactsActivity (has extras)} from pid 345
07-01 21:24:59.185   216   216 D PhoneStatusBar: disable: < expand* icons ALERTS ticker system_info back home recent clock >
07-01 21:24:59.446   216   218 D dalvikvm: GC_CONCURRENT freed 536K, 30% free 10164K/14343K, paused 2ms+6ms
07-01 21:24:59.474 15854 16195 E DefaultVoicemailNotifier: No voicemails to notify about: clear the notification.
07-01 21:24:59.486 15854 16195 E DefaultVoicemailNotifier: No voicemails to notify about: clear the notification.
07-01 21:24:59.954 13993 13994 D dalvikvm: GC_CONCURRENT freed 746K, 11% free 11706K/13127K, paused 15ms+3ms
07-01 21:25:00.232 15957 15970 I PhoneLab-: Service Running
07-01 21:25:00.353   216   218 D dalvikvm: GC_CONCURRENT freed 372K, 30% free 10180K/14343K, paused 5ms+2ms
07-01 21:25:00.392   145   145 I ActivityManager: Process com.xabber.androiddev (pid 15289) has died.
07-01 21:25:00.392   145   145 W ActivityManager: Scheduling restart of crashed service com.xabber.androiddev/com.xabber.android.service.XMPPService in 5000ms
07-01 21:25:00.423 15957 15970 I PhoneLab-LoggerService: app_37    1360  1     1436   996   c00f181c 400107b4 S logcat
07-01 21:25:00.423 15957 15970 I PhoneLab-LoggerService: Logcat pid from database 1360
07-01 21:25:00.423 15957 15970 I PhoneLab-LoggerService: Logcat process found 1360
07-01 21:25:00.423 15957 15970 I PhoneLab-LoggerService: Checking Threshold
07-01 21:25:00.501 13971 13972 D dalvikvm: GC_CONCURRENT freed 439K, 6% free 9934K/10503K, paused 2ms+4ms
07-01 21:25:00.599 15854 15857 D dalvikvm: GC_CONCURRENT freed 1187K, 10% free 13864K/15303K, paused 2ms+11ms
07-01 21:25:00.747 13971 15898 D dalvikvm: GC_EXPLICIT freed 257K, 7% free 9817K/10503K, paused 2ms+3ms
07-01 21:25:05.419 16199 16199 D dalvikvm: Late-enabling CheckJNI
07-01 21:25:05.427   145   162 I ActivityManager: Start proc com.xabber.androiddev for service com.xabber.androiddev/com.xabber.android.service.XMPPService: pid=16199 uid=10063 gids={3003, 1015}
07-01 21:25:05.474    79    79 D dalvikvm: GC_EXPLICIT freed 38K, 4% free 9031K/9347K, paused 2ms+2ms
07-01 21:25:05.478 16199 16199 I dalvikvm: Turning on JNI app bug workarounds for target SDK version 9...
07-01 21:25:05.517    79    79 D dalvikvm: GC_EXPLICIT freed <1K, 4% free 9031K/9347K, paused 8ms+2ms
07-01 21:25:05.560    79    79 D dalvikvm: GC_EXPLICIT freed <1K, 4% free 9031K/9347K, paused 1ms+5ms
07-01 21:25:05.763 16199 16202 D dalvikvm: GC_CONCURRENT freed 224K, 4% free 9312K/9607K, paused 18ms+2ms
07-01 21:25:05.794 16199 16199 D dalvikvm: GC_FOR_ALLOC freed 309K, 6% free 9427K/9927K, paused 17ms
07-01 21:25:05.919 16199 16202 D dalvikvm: GC_CONCURRENT freed 189K, 3% free 9774K/10055K, paused 2ms+9ms
07-01 21:25:06.083 16199 16202 D dalvikvm: GC_CONCURRENT freed 247K, 3% free 10061K/10311K, paused 2ms+2ms
07-01 21:25:06.224 16199 16199 I com.xabber.android.service.XMPPService@41339e08: onCreate
07-01 21:25:06.228 16199 16199 I com.xabber.android.data.Application@41371a98: onStart
07-01 21:25:06.357 16199 16213 I com.xabber.android.data.LogManager@413746f8: onLoad
07-01 21:25:06.486 15854 16214 E DefaultVoicemailNotifier: No voicemails to notify about: clear the notification.
07-01 21:25:06.829   145   365 D dalvikvm: GC_EXPLICIT freed 1258K, 30% free 16492K/23367K, paused 3ms+8ms
07-01 21:25:07.052 16199 16202 D dalvikvm: GC_CONCURRENT freed 356K, 5% free 10149K/10631K, paused 3ms+3ms
07-01 21:25:07.150 15854 16198 D dalvikvm: GC_EXPLICIT freed 1173K, 10% free 13782K/15303K, paused 9ms+13ms
07-01 21:25:07.599 13971 13972 D dalvikvm: GC_CONCURRENT freed 299K, 6% free 9903K/10503K, paused 1ms+3ms
07-01 21:25:08.146 16199 16202 D dalvikvm: GC_CONCURRENT freed 265K, 4% free 10299K/10695K, paused 2ms+3ms
07-01 21:25:08.255 15854 16219 E DefaultVoicemailNotifier: No voicemails to notify about: clear the notification.
07-01 21:25:10.966 13246 13248 D dalvikvm: GC_CONCURRENT freed 447K, 8% free 10210K/11079K, paused 2ms+6ms
07-01 21:25:26.236   145   145 I ActivityManager: START {act=android.intent.action.CALL_PRIVILEGED dat=tel:xxxxxxxxxx cmp=com.android.phone/.PrivilegedOutgoingCallBroadcaster (has extras)} from pid 15854
07-01 21:25:26.372   345   345 D PhoneUtils: checkAndCopyPhoneProviderExtras: some or all extras are missing.
07-01 21:25:26.380   145  4009 I ActivityManager: START {flg=0x10000000 cmp=com.google.android.apps.googlevoice/.CallConnectingActivity (has extras)} from pid 15762
07-01 21:25:26.716 15762 15762 I GoogleVoice: CallViaAccessNumberConduit: Redirecting call
07-01 21:25:26.724   145 22722 I ActivityManager: START {act=android.intent.action.CALL dat=tel:xxxxxxxxxx flg=0x10000000 cmp=com.android.phone/.OutgoingCallBroadcaster (has extras)} from pid 15762
07-01 21:25:26.790 15762 15765 D dalvikvm: GC_CONCURRENT freed 390K, 5% free 10341K/10823K, paused 147ms+25ms
07-01 21:25:26.864   145   176 I ActivityManager: Displayed com.google.android.apps.googlevoice/.CallConnectingActivity: +474ms (total +45s826ms)
07-01 21:25:26.923   345   345 D dalvikvm: GC_EXPLICIT freed 222K, 10% free 12072K/13319K, paused 7ms+5ms
07-01 21:25:26.946   145   396 I ActivityManager: START {act=com.android.phone.SIP_SELECT_PHONE dat=tel:xxxxxxxxxx flg=0x10000000 cmp=com.android.phone/.SipCallOptionHandler (has extras)} from pid 345
07-01 21:25:26.962 15854 15854 D OpenGLRenderer: Flushing caches (mode 1)
07-01 21:25:26.962   345   345 D CallController: placeCall()...  intent = Intent { act=android.intent.action.CALL dat=tel:xxxxxxxxxx (has extras) }
07-01 21:25:26.962   345   345 D OtaUtils: isOtaspCallIntent(Intent { act=android.intent.action.CALL dat=tel:xxxxxxxxxx (has extras) })...
07-01 21:25:26.970   345   345 D CallManager: hasBgCall: false sameChannel:true
07-01 21:25:27.025   145  1150 I ActivityManager: START {act=android.intent.action.MAIN flg=0x10840000 cmp=com.android.phone/.InCallScreen} from pid 345
07-01 21:25:27.036   345   345 D Bluetooth HS/HF: CDMA call state: THRWAY_ACTIVE prev state:SINGLE_ACTIVE
07-01 21:25:27.044   345   345 D InCallScreen: onNewIntent: intent = Intent { act=android.intent.action.MAIN flg=0x10c40000 cmp=com.android.phone/.InCallScreen }, phone state = OFFHOOK
07-01 21:25:27.048   216   216 D PhoneStatusBar: disable: < EXPAND* icons ALERTS ticker system_info back home recent clock >
07-01 21:25:27.099   145   396 I power   : *** set_screen_state 1
07-01 21:25:27.185   216   218 D dalvikvm: GC_CONCURRENT freed 349K, 29% free 10301K/14343K, paused 2ms+9ms
07-01 21:25:27.290   345   345 D Bluetooth HS/HF: CDMA call state: THRWAY_ACTIVE prev state:SINGLE_ACTIVE
07-01 21:25:27.345 15854 15854 D OpenGLRenderer: Flushing caches (mode 0)
07-01 21:25:27.353   345   355 I dalvikvm: Jit: resizing JitTable from 8192 to 16384
07-01 21:25:27.400   145   348 W InputManagerService: Starting input on non-focused client com.android.internal.view.IInputMethodClient$Stub$Proxy@416f2350 (uid=10000 pid=15854)
07-01 21:25:27.458   345   345 D dalvikvm: GC_EXPLICIT freed 244K, 10% free 12091K/13319K, paused 3ms+5ms
07-01 21:25:27.650 15854 16225 E DefaultVoicemailNotifier: No voicemails to notify about: clear the notification.
07-01 21:25:31.130   345   345 D PhoneUtils: mergeCalls(): CDMA...
07-01 21:25:31.130   345   345 D PhoneUtils: - sending flash...
07-01 21:25:31.130   345   345 D PhoneUtils: switchHoldingAndActive()...
07-01 21:25:31.161   345   345 D Bluetooth HS/HF: CDMA call state: CONF_CALL prev state:THRWAY_ACTIVE
07-01 21:25:41.161   216   218 D dalvikvm: GC_CONCURRENT freed 730K, 31% free 9955K/14343K, paused 35ms+2ms
07-01 21:25:47.021   345   345 D PhoneUtils: switchHoldingAndActive()...
07-01 21:25:47.079   345   345 D Bluetooth HS/HF: CDMA call state: CONF_CALL prev state:THRWAY_ACTIVE
07-01 21:26:01.189 14613 15088 D GetStringObjTask: retrieving from url = http://www.chess.com/api/get_move_status?id=y3ICtufzg6w7rQqcD3KFujVaIanpYba4bIpaeKElV1LNz3Sz4Fk9Yh5CeWaj8h4bQ2RY0CxFVgA%2ByBE5DE%2B1cAuw4i%2Bp2GVj5RbuDPEUotReGbS25iAukuBsuUd%2Fl5dp
07-01 21:26:01.810   145 22722 I ActivityManager: moveTaskToBack: 18
07-01 21:26:01.884   216   216 D PhoneStatusBar: disable: < expand* icons ALERTS ticker system_info back home recent clock >
07-01 21:26:02.150 15854 16227 E DefaultVoicemailNotifier: No voicemails to notify about: clear the notification.
07-01 21:26:02.204   216   218 D dalvikvm: GC_CONCURRENT freed 220K, 30% free 10156K/14343K, paused 1ms+6ms
07-01 21:26:02.431   216   218 D dalvikvm: GC_CONCURRENT freed 406K, 30% free 10170K/14343K, paused 11ms+8ms
07-01 21:26:02.450 10674 10676 D dalvikvm: GC_CONCURRENT freed 437K, 10% free 10289K/11399K, paused 2ms+2ms
07-01 21:26:02.486   145   145 I ActivityManager: Process com.android.sprintmenu (pid 15350) has died.
07-01 21:26:02.486   145   145 W ActivityManager: Scheduling restart of crashed service com.android.sprintmenu/.HiddenPhoneService in 5000ms
07-01 21:26:02.489 14613 15088 D GetStringObjTask: WebRequest SERVER RESPONSE: Success+0
07-01 21:26:03.415 13971 13972 D dalvikvm: GC_CONCURRENT freed 381K, 6% free 9910K/10503K, paused 2ms+3ms
07-01 21:26:05.079   145   329 I ActivityManager: START {act=android.intent.action.MAIN flg=0x10840000 cmp=com.android.phone/.InCallScreen bnds=[0,119][480,215]} from pid -1
07-01 21:26:05.111   345   345 D InCallScreen: onNewIntent: intent = Intent { act=android.intent.action.MAIN flg=0x10c40000 cmp=com.android.phone/.InCallScreen bnds=[0,119][480,215] }, phone state = OFFHOOK
07-01 21:26:05.111   145  1150 W KeyguardViewMediator: verifyUnlock called when not externally disabled
07-01 21:26:05.130   145   361 I power   : *** set_screen_state 1
07-01 21:26:05.181   216   216 D PhoneStatusBar: disable: < EXPAND* icons ALERTS ticker system_info back home recent clock >
07-01 21:26:05.220 15854 15854 D OpenGLRenderer: Flushing caches (mode 0)
07-01 21:26:05.259   345   345 D Bluetooth HS/HF: CDMA call state: CONF_CALL prev state:THRWAY_ACTIVE
07-01 21:26:05.419 15854 15854 D OpenGLRenderer: Flushing caches (mode 1)
07-01 21:26:05.470   145  4009 W InputManagerService: Starting input on non-focused client com.android.internal.view.IInputMethodClient$Stub$Proxy@416f2350 (uid=10000 pid=15854)
07-01 21:26:05.525   216   218 D dalvikvm: GC_CONCURRENT freed 508K, 30% free 10153K/14343K, paused 1ms+50ms
07-01 21:26:05.548 15854 16230 E DefaultVoicemailNotifier: No voicemails to notify about: clear the notification.
07-01 21:26:07.536   145   162 I ActivityManager: Start proc com.android.sprintmenu for service com.android.sprintmenu/.HiddenPhoneService: pid=16231 uid=1001 gids={3002, 3001, 3003, 1015}
07-01 21:26:10.982 15703 15705 D dalvikvm: GC_CONCURRENT freed 513K, 6% free 10376K/11015K, paused 2ms+2ms
07-01 21:26:11.157 13246 13248 D dalvikvm: GC_CONCURRENT freed 494K, 8% free 10216K/11079K, paused 8ms+3ms
07-01 21:26:11.978   145   200 D DhcpInfoInternal: makeLinkProperties with empty dns2!
07-01 21:26:11.986   145   200 D DhcpInfoInternal: makeLinkProperties with empty dns2!
07-01 21:26:12.247   145  1149 I ActivityManager: START {act=android.intent.action.DIAL flg=0x10000000 cmp=com.android.contacts/.activities.DialtactsActivity (has extras)} from pid 345
07-01 21:26:12.349   216   216 D PhoneStatusBar: disable: < expand* icons ALERTS ticker system_info back home recent clock >
07-01 21:26:12.673   216   218 D dalvikvm: GC_CONCURRENT freed 611K, 31% free 10005K/14343K, paused 3ms+5ms
07-01 21:26:12.884 13971 16163 D dalvikvm: GC_EXPLICIT freed 251K, 7% free 9829K/10503K, paused 6ms+6ms
07-01 21:26:12.900 15854 16267 E DefaultVoicemailNotifier: No voicemails to notify about: clear the notification.
07-01 21:26:13.986   145 21614 D dalvikvm: GC_EXPLICIT freed 1129K, 30% free 16526K/23367K, paused 3ms+9ms
07-01 21:26:17.193   145   348 I ActivityManager: moveTaskToBack: 12
07-01 21:26:17.349   216   216 D PhoneStatusBar: disable: < EXPAND* icons ALERTS ticker system_info back home recent clock >
07-01 21:26:17.372   145   310 I power   : *** set_screen_state 1
07-01 21:26:17.493   216   218 D dalvikvm: GC_CONCURRENT freed 292K, 29% free 10184K/14343K, paused 2ms+10ms
07-01 21:26:17.568 15854 15854 D OpenGLRenderer: Flushing caches (mode 0)
07-01 21:26:17.568   345   345 D Bluetooth HS/HF: CDMA call state: CONF_CALL prev state:THRWAY_ACTIVE
07-01 21:26:17.611   145 22722 W InputManagerService: Starting input on non-focused client com.android.internal.view.IInputMethodClient$Stub$Proxy@416f2350 (uid=10000 pid=15854)
07-01 21:26:17.614 15854 15854 W IInputConnectionWrapper: showStatusIcon on inactive InputConnection
07-01 21:26:17.693 15854 15854 D OpenGLRenderer: Flushing caches (mode 1)
07-01 21:26:17.724 15854 16269 E DefaultVoicemailNotifier: No voicemails to notify about: clear the notification.
07-01 21:27:00.068 15957 15970 I PhoneLab-: Service Running
07-01 21:27:00.099   145   348 I ActivityManager: Process com.google.android.gm (pid 15555) has died.
07-01 21:27:00.126 15957 15970 I PhoneLab-LoggerService: app_37    1360  1     1436   996   c00f181c 400107b4 S logcat
07-01 21:27:00.126 15957 15970 I PhoneLab-LoggerService: Logcat pid from database 1360
07-01 21:27:00.126 15957 15970 I PhoneLab-LoggerService: Logcat process found 1360
07-01 21:27:00.126 15957 15970 I PhoneLab-LoggerService: Checking Threshold
07-01 21:27:11.056 15854 15854 D OpenGLRenderer: Flushing caches (mode 1)
07-01 21:27:11.064   375   375 D OpenGLRenderer: Flushing caches (mode 2)
07-01 21:27:11.087   375   375 D OpenGLRenderer: Flushing caches (mode 0)
07-01 21:28:11.091 15703 15705 D dalvikvm: GC_CONCURRENT freed 509K, 6% free 10379K/11015K, paused 2ms+3ms
07-01 21:28:11.122 15854 15854 D OpenGLRenderer: Flushing caches (mode 1)
07-01 21:28:11.232 13246 13248 D dalvikvm: GC_CONCURRENT freed 481K, 8% free 10241K/11079K, paused 2ms+3ms
07-01 21:28:19.126   345   345 D AccelerometerListener: orientation: vertical
07-01 21:28:20.118   345   345 D AccelerometerListener: orientation: horizontal
07-01 21:28:25.677   145   310 I ActivityManager: START {act=android.intent.action.DIAL flg=0x10000000 cmp=com.android.contacts/.activities.DialtactsActivity (has extras)} from pid 345
07-01 21:28:25.708   216   216 D PhoneStatusBar: disable: < expand* icons ALERTS ticker system_info back home recent clock >
07-01 21:28:25.950 15854 15857 D dalvikvm: GC_CONCURRENT freed 1490K, 11% free 13837K/15431K, paused 19ms+27ms
07-01 21:28:26.001   216   216 D dalvikvm: GC_FOR_ALLOC freed 518K, 31% free 10006K/14343K, paused 76ms
07-01 21:28:26.228   216   218 D dalvikvm: GC_CONCURRENT freed 340K, 30% free 10171K/14343K, paused 2ms+5ms
07-01 21:28:26.275 15854 16276 E DefaultVoicemailNotifier: No voicemails to notify about: clear the notification.
07-01 21:28:26.337 13971 13972 D dalvikvm: GC_CONCURRENT freed 308K, 6% free 9910K/10503K, paused 2ms+5ms
07-01 21:28:29.568 15854 15861 I dalvikvm: Jit: resizing JitTable from 4096 to 8192
07-01 21:28:30.060   145   175 I ActivityManager: Start proc com.google.android.gm for service com.google.android.gm/.provider.MailIndexerService: pid=16278 uid=10075 gids={3003, 1015}
07-01 21:28:30.157   145   175 I ActivityManager: Start proc com.google.android.apps.plus for service com.google.android.apps.plus/.service.EsService: pid=16291 uid=10060 gids={3003, 3002, 1015, 1006}
07-01 21:28:30.337 16278 16278 I ActivityThread: Pub gmail-ls: com.google.android.gm.provider.MailProvider
07-01 21:28:30.380 16278 16278 I ActivityThread: Pub com.google.android.gm: com.google.android.gm.provider.PublicContentProvider
07-01 21:28:30.392 16278 16278 I ActivityThread: Pub com.google.android.gmail.SuggestionProvider: com.google.android.gm.SuggestionsProvider
07-01 21:28:30.521 16291 16293 D dalvikvm: GC_CONCURRENT freed 154K, 3% free 9381K/9607K, paused 2ms+2ms
07-01 21:28:30.751 16291 16291 I ActivityThread: Pub com.google.android.apps.plus.content.ApiProvider: com.google.android.apps.plus.content.EsApiProvider
07-01 21:28:30.775 16291 16291 I ActivityThread: Pub com.google.android.apps.plus.content.EsGooglePhotoProvider: com.google.android.picasasync.PicasaContentProvider
07-01 21:28:30.923 16291 16293 D dalvikvm: GC_CONCURRENT freed 336K, 5% free 9580K/9991K, paused 4ms+5ms
07-01 21:28:30.950 16291 16291 I ActivityThread: Pub com.google.android.apps.plus.content.EsPicasaStoreProvider: com.google.android.picasastore.PicasaPhotoContentProvider
07-01 21:28:30.962 16291 16291 I ActivityThread: Pub com.google.plus.platform: com.google.android.apps.plus.content.AdsProvider
07-01 21:28:30.962 16291 16291 I ActivityThread: Pub com.google.android.apps.plus.iu.EsGoogleIuProvider: com.google.android.apps.plus.iu.InstantUploadProvider
07-01 21:28:31.036 16291 16293 D dalvikvm: GC_CONCURRENT freed 456K, 6% free 9653K/10183K, paused 6ms+10ms
07-01 21:28:31.044 16291 16291 I ActivityThread: Pub com.google.android.apps.plus.content.EsProvider: com.google.android.apps.plus.content.EsProvider
07-01 21:28:31.048   145  9966 I ActivityManager: Start proc android.process.media for content provider com.android.providers.media/.MediaProvider: pid=16311 uid=10012 gids={1015, 1023, 1024, 2001, 3003, 3007}
07-01 21:28:31.134 16291 16291 D dalvikvm: GC_FOR_ALLOC freed 177K, 5% free 9790K/10247K, paused 43ms
07-01 21:28:31.228 16311 16311 I ActivityThread: Pub downloads: com.android.providers.downloads.DownloadProvider
07-01 21:28:31.318 16311 16311 I ActivityThread: Pub drm: com.android.providers.drm.DrmProvider
07-01 21:28:31.318 16311 16325 I DownloadManager: in removeSpuriousFiles
07-01 21:28:31.454 16311 16311 I ActivityThread: Pub media: com.android.providers.media.MediaProvider
07-01 21:28:31.478 16311 16325 I DownloadManager: in removeSpuriousFiles, preserving file /data/data/com.android.providers.downloads/cache/metadata.json
07-01 21:28:31.478 16311 16325 I DownloadManager: in removeSpuriousFiles, preserving file /data/data/com.android.providers.downloads/cache/en_general.htm
07-01 21:28:31.478 16311 16325 I DownloadManager: in removeSpuriousFiles, preserving file /mnt/sdcard/Download/img-thing.jpeg
07-01 21:28:31.478 16311 16325 I DownloadManager: in removeSpuriousFiles, preserving file /data/data/com.android.providers.downloads/cache/metadata-1.json
07-01 21:28:31.482 16311 16325 I DownloadManager: in removeSpuriousFiles, preserving file /data/data/com.android.providers.downloads/cache/downloadfile.jpeg
07-01 21:28:31.482 16311 16325 I DownloadManager: in removeSpuriousFiles, preserving file /data/data/com.android.providers.downloads/cache/metadata-2.json
07-01 21:28:31.482 16311 16325 I DownloadManager: in removeSpuriousFiles, preserving file /data/data/com.android.providers.downloads/cache/metadata-3.json
07-01 21:28:31.486 16311 16325 I DownloadManager: deleting spurious file /cache/backup
07-01 21:28:31.739 16291 16293 D dalvikvm: GC_CONCURRENT freed 165K, 3% free 10029K/10311K, paused 32ms+6ms
07-01 21:28:31.771 16278 16281 D dalvikvm: GC_CONCURRENT freed 206K, 4% free 9270K/9607K, paused 4ms+3ms
07-01 21:28:31.861 16311 16313 D dalvikvm: GC_CONCURRENT freed 370K, 5% free 9166K/9607K, paused 2ms+6ms
07-01 21:28:31.931 16291 16310 D PicasaPhotoCP: set fsid first time:-1
07-01 21:28:32.083 16291 16293 D dalvikvm: GC_CONCURRENT freed 122K, 3% free 10334K/10567K, paused 2ms+3ms
07-01 21:28:32.173 16278 16308 I Gmail   : calculateUnknownSyncRationalesAndPurgeInBackground: queueing
07-01 21:28:32.181 16278 16308 I Gmail   : calculateUnknownSyncRationalesAndPurgeInBackground: queueing
07-01 21:28:32.236 16278 16308 I Gmail   : calculateUnknownSyncRationalesAndPurgeInBackground: running
07-01 21:28:32.236 16278 16308 I Gmail   : calculateUnknownSyncRationalesAndPurgeInBackground: running
07-01 21:28:32.247 16291 16293 D dalvikvm: GC_CONCURRENT freed 309K, 5% free 10455K/10951K, paused 2ms+3ms
07-01 21:28:32.271 16291 16321 D dalvikvm: GC_FOR_ALLOC freed 0K, 5% free 10455K/10951K, paused 20ms
07-01 21:28:32.271 16291 16321 I dalvikvm-heap: Grow heap (frag case) to 10.527MB for 260112-byte allocation
07-01 21:28:32.306 16291 16321 D dalvikvm: GC_FOR_ALLOC freed 126K, 6% free 10583K/11207K, paused 19ms
07-01 21:28:32.333 16291 16321 D dalvikvm: GC_FOR_ALLOC freed 311K, 6% free 10576K/11207K, paused 19ms
07-01 21:28:32.357 16291 16321 D dalvikvm: GC_FOR_ALLOC freed 62K, 6% free 10640K/11207K, paused 20ms
07-01 21:28:32.357 16291 16321 I dalvikvm-heap: Grow heap (frag case) to 10.708MB for 260112-byte allocation
07-01 21:28:32.380 16291 16321 D dalvikvm: GC_FOR_ALLOC freed 126K, 7% free 10768K/11463K, paused 20ms
07-01 21:28:32.407 16291 16321 D dalvikvm: GC_FOR_ALLOC freed 369K, 6% free 10824K/11463K, paused 20ms
07-01 21:28:32.427 16291 16321 D dalvikvm: GC_FOR_ALLOC freed 126K, 5% free 10952K/11463K, paused 19ms
07-01 21:28:32.568 16291 16293 D dalvikvm: GC_CONCURRENT freed 340K, 4% free 11203K/11655K, paused 2ms+2ms
07-01 21:28:32.712 16291 16293 D dalvikvm: GC_CONCURRENT freed 140K, 3% free 11717K/11975K, paused 2ms+2ms
07-01 21:28:32.915 16291 16293 D dalvikvm: GC_CONCURRENT freed 548K, 6% free 12017K/12679K, paused 2ms+2ms
07-01 21:28:33.107 16291 16293 D dalvikvm: GC_CONCURRENT freed 210K, 3% free 12744K/13063K, paused 2ms+2ms
07-01 21:28:33.380 16291 16327 I SqliteDatabaseCpp: sqlite returned: error code = 1, msg = no such column: wipeout_stats, db=/data/data/com.google.android.apps.plus/databases/es0.db
07-01 21:28:33.396 16291 16327 W System.err: android.database.sqlite.SQLiteException: no such column: wipeout_stats: , while compiling: SELECT wipeout_stats  FROM account_status
07-01 21:28:33.407 16291 16327 W System.err: 	at android.database.sqlite.SQLiteCompiledSql.native_compile(Native Method)
07-01 21:28:33.407 16291 16327 W System.err: 	at android.database.sqlite.SQLiteCompiledSql.<init>(SQLiteCompiledSql.java:68)
07-01 21:28:33.407 16291 16327 W System.err: 	at android.database.sqlite.SQLiteProgram.compileSql(SQLiteProgram.java:143)
07-01 21:28:33.407 16291 16327 W System.err: 	at android.database.sqlite.SQLiteProgram.compileAndbindAllArgs(SQLiteProgram.java:361)
07-01 21:28:33.407 16291 16327 W System.err: 	at android.database.sqlite.SQLiteStatement.acquireAndLock(SQLiteStatement.java:260)
07-01 21:28:33.407 16291 16327 W System.err: 	at android.database.sqlite.SQLiteStatement.simpleQueryForLong(SQLiteStatement.java:137)
07-01 21:28:33.407 16291 16327 W System.err: 	at android.database.DatabaseUtils.longForQuery(DatabaseUtils.java:791)
07-01 21:28:33.407 16291 16327 W System.err: 	at android.database.DatabaseUtils.longForQuery(DatabaseUtils.java:779)
07-01 21:28:33.407 16291 16327 W System.err: 	at com.google.android.apps.plus.content.EsAccountsData.isContactsStatsWipeoutNeeded(EsAccountsData.java:641)
07-01 21:28:33.407 16291 16327 W System.err: 	at com.google.android.apps.plus.service.EsService.processIntent(EsService.java:4246)
07-01 21:28:33.407 16291 16327 W System.err: 	at com.google.android.apps.plus.service.ServiceThread$1.run(ServiceThread.java:50)
07-01 21:28:33.407 16291 16327 W System.err: 	at android.os.Handler.handleCallback(Handler.java:605)
07-01 21:28:33.407 16291 16327 W System.err: 	at android.os.Handler.dispatchMessage(Handler.java:92)
07-01 21:28:33.407 16291 16327 W System.err: 	at android.os.Looper.loop(Looper.java:137)
07-01 21:28:33.407 16291 16327 W System.err: 	at com.google.android.apps.plus.service.ServiceThread.run(ServiceThread.java:122)
07-01 21:28:34.173   145 22722 I ActivityManager: START {act=com.android.contacts.action.QUICK_CONTACT dat=content://com.android.contacts/contacts/lookup/1988i10.577ig:117883265366600416776/8708 flg=0x14200000 cmp=com.android.contacts/.quickcontact.QuickContactActivity bnds=[24,364][120,460] (has extras)} from pid 15854
07-01 21:28:34.548   145  9966 D dalvikvm: GC_EXPLICIT freed 1432K, 30% free 16499K/23367K, paused 16ms+8ms
07-01 21:28:34.603 15854 15854 W AccountTypeManager: Unknown type=com.google, mime=vnd.com.google.cursor.item/contact_misc
07-01 21:28:34.630 15854 15854 W AccountTypeManager: Unknown type=com.google, mime=vnd.android.cursor.item/identity
07-01 21:28:34.704 15854 15854 W AccountTypeManager: Unknown type=com.google, mime=vnd.android.cursor.item/identity
07-01 21:28:34.708 15854 15854 W AccountTypeManager: Unknown type=com.google, mime=vnd.android.cursor.item/identity
07-01 21:28:34.712   145   161 I Process : Sending signal. PID: 15854 SIG: 3
07-01 21:28:34.712 15854 15859 I dalvikvm: threadid=3: reacting to signal 3
07-01 21:28:34.747 15854 15859 I dalvikvm: Wrote stack traces to '/data/anr/traces.txt'
07-01 21:28:34.771 15854 15854 W AccountTypeManager: Unknown type=com.google, mime=vnd.android.cursor.item/identity
07-01 21:28:34.779 15854 15854 W AccountTypeManager: Unknown type=com.google, mime=vnd.android.cursor.item/group_membership
07-01 21:28:34.907 15854 15857 D dalvikvm: GC_CONCURRENT freed 1468K, 11% free 13944K/15559K, paused 2ms+16ms
07-01 21:28:35.044   145   176 I ActivityManager: Displayed com.android.contacts/.quickcontact.QuickContactActivity: +841ms (total +3m8s93ms)
07-01 21:28:36.400 16291 16293 D dalvikvm: GC_CONCURRENT freed 1063K, 9% free 12839K/14023K, paused 7ms+7ms
07-01 21:28:37.029   145   200 D DhcpInfoInternal: makeLinkProperties with empty dns2!
07-01 21:28:37.029   145   200 D DhcpInfoInternal: makeLinkProperties with empty dns2!
07-01 21:28:39.427 16291 16335 E dalvikvm: Could not find class 'android.app.Notification$InboxStyle', referenced from method com.google.android.apps.plus.service.AndroidNotification.createDigestNotification
07-01 21:28:39.427 16291 16335 W dalvikvm: VFY: unable to resolve new-instance 41 (Landroid/app/Notification$InboxStyle;) in Lcom/google/android/apps/plus/service/AndroidNotification;
07-01 21:28:39.427 16291 16335 D dalvikvm: VFY: replacing opcode 0x22 at 0x0018
07-01 21:28:39.431 16291 16335 I dalvikvm: Could not find method android.app.Notification$Builder.setPriority, referenced from method com.google.android.apps.plus.service.AndroidNotification.createRichNotification
07-01 21:28:39.431 16291 16335 W dalvikvm: VFY: unable to resolve virtual method 162: Landroid/app/Notification$Builder;.setPriority (I)Landroid/app/Notification$Builder;
07-01 21:28:39.431 16291 16335 D dalvikvm: VFY: replacing opcode 0x6e at 0x00d5
07-01 21:28:39.439 16291 16335 D dalvikvm: DexOpt: unable to opt direct call 0x00a8 at 0x1a in Lcom/google/android/apps/plus/service/AndroidNotification;.createDigestNotification
07-01 21:28:39.439 16291 16335 D dalvikvm: DexOpt: unable to opt direct call 0x0091 at 0xf1 in Lcom/google/android/apps/plus/service/AndroidNotification;.createRichNotification
07-01 21:28:39.439 16291 16335 D dalvikvm: DexOpt: unable to opt direct call 0x0095 at 0x397 in Lcom/google/android/apps/plus/service/AndroidNotification;.createRichNotification
07-01 21:28:43.486 16291 16293 D dalvikvm: GC_CONCURRENT freed 1055K, 9% free 12974K/14151K, paused 26ms+2ms
07-01 21:28:48.845 16291 16293 D dalvikvm: GC_CONCURRENT freed 1126K, 9% free 13083K/14343K, paused 5ms+3ms
07-01 21:28:49.200 16291 16293 D dalvikvm: GC_CONCURRENT freed 1178K, 10% free 13162K/14471K, paused 22ms+2ms
07-01 21:28:49.361 13971 13972 D dalvikvm: GC_CONCURRENT freed 388K, 6% free 9907K/10503K, paused 6ms+5ms
07-01 21:28:51.747 13971 15898 D dalvikvm: GC_EXPLICIT freed 270K, 7% free 9815K/10503K, paused 1ms+7ms
07-01 21:28:52.790 16291 16293 D dalvikvm: GC_CONCURRENT freed 875K, 7% free 13615K/14599K, paused 2ms+5ms
07-01 21:28:52.853 16291 16335 D dalvikvm: GC_FOR_ALLOC freed 366K, 10% free 13584K/14983K, paused 48ms
07-01 21:28:52.853 16291 16335 I dalvikvm-heap: Grow heap (frag case) to 13.661MB for 342117-byte allocation
07-01 21:28:52.911 16291 16360 D dalvikvm: GC_FOR_ALLOC freed <1K, 10% free 13918K/15367K, paused 39ms
07-01 21:28:53.657 16291 16293 D dalvikvm: GC_CONCURRENT freed 984K, 8% free 14441K/15559K, paused 2ms+4ms
07-01 21:28:54.154 13971 16362 D dalvikvm: GC_FOR_ALLOC freed 60K, 7% free 9809K/10503K, paused 19ms
07-01 21:28:54.154 13971 16362 I dalvikvm-heap: Grow heap (frag case) to 9.899MB for 262160-byte allocation
07-01 21:28:54.193 13971 15898 D dalvikvm: GC_FOR_ALLOC freed 2K, 8% free 10063K/10823K, paused 33ms
07-01 21:28:54.325 13971 16362 D dalvikvm: GC_FOR_ALLOC freed 140K, 7% free 10132K/10823K, paused 20ms
07-01 21:28:55.111 15854 15883 D dalvikvm: GC_FOR_ALLOC freed 843K, 11% free 13919K/15559K, paused 32ms
07-01 21:28:55.111 15854 15883 I dalvikvm-heap: Grow heap (frag case) to 13.917MB for 262160-byte allocation
07-01 21:28:55.161 15854 15863 D dalvikvm: GC_FOR_ALLOC freed 46K, 12% free 14128K/15879K, paused 50ms
07-01 21:28:55.212   145   396 I ActivityManager: Process com.spotify.mobile.android.ui (pid 12840) has died.
07-01 21:28:55.845 15854 15883 D dalvikvm: GC_FOR_ALLOC freed 320K, 12% free 14033K/15879K, paused 27ms
07-01 21:28:55.845 15854 15883 I dalvikvm-heap: Grow heap (frag case) to 14.029MB for 262160-byte allocation
07-01 21:28:55.888 15854 15854 D dalvikvm: GC_FOR_ALLOC freed 77K, 13% free 14211K/16199K, paused 24ms
07-01 21:28:55.931 15854 15883 D dalvikvm: GC_FOR_ALLOC freed 188K, 14% free 14092K/16199K, paused 25ms
07-01 21:28:55.931 15854 15883 I dalvikvm-heap: Grow heap (frag case) to 14.085MB for 262160-byte allocation
07-01 21:28:55.970 15854 15854 D dalvikvm: GC_FOR_ALLOC freed 36K, 14% free 14311K/16519K, paused 25ms
07-01 21:28:56.169 15867 15869 D dalvikvm: GC_CONCURRENT freed 563K, 7% free 9998K/10695K, paused 2ms+3ms
07-01 21:28:57.134 16291 16293 D dalvikvm: GC_CONCURRENT freed 1723K, 12% free 14409K/16263K, paused 6ms+3ms
07-01 21:29:00.091 15957 15970 I PhoneLab-: Service Running
07-01 21:29:00.267 16291 16335 I SqliteDatabaseCpp: sqlite returned: error code = 1, msg = no such column: last_stats_sync_time, db=/data/data/com.google.android.apps.plus/databases/es0.db
07-01 21:29:00.310 16291 16335 E EsSyncAdapterService: Sync failure
07-01 21:29:00.310 16291 16335 E EsSyncAdapterService: android.database.sqlite.SQLiteException: no such column: last_stats_sync_time: , while compiling: SELECT last_stats_sync_time  FROM account_status
07-01 21:29:00.310 16291 16335 E EsSyncAdapterService: 	at android.database.sqlite.SQLiteCompiledSql.native_compile(Native Method)
07-01 21:29:00.310 16291 16335 E EsSyncAdapterService: 	at android.database.sqlite.SQLiteCompiledSql.<init>(SQLiteCompiledSql.java:68)
07-01 21:29:00.310 16291 16335 E EsSyncAdapterService: 	at android.database.sqlite.SQLiteProgram.compileSql(SQLiteProgram.java:143)
07-01 21:29:00.310 16291 16335 E EsSyncAdapterService: 	at android.database.sqlite.SQLiteProgram.compileAndbindAllArgs(SQLiteProgram.java:361)
07-01 21:29:00.310 16291 16335 E EsSyncAdapterService: 	at android.database.sqlite.SQLiteStatement.acquireAndLock(SQLiteStatement.java:260)
07-01 21:29:00.310 16291 16335 E EsSyncAdapterService: 	at android.database.sqlite.SQLiteStatement.simpleQueryForLong(SQLiteStatement.java:137)
07-01 21:29:00.310 16291 16335 E EsSyncAdapterService: 	at android.database.DatabaseUtils.longForQuery(DatabaseUtils.java:791)
07-01 21:29:00.310 16291 16335 E EsSyncAdapterService: 	at android.database.DatabaseUtils.longForQuery(DatabaseUtils.java:779)
07-01 21:29:00.310 16291 16335 E EsSyncAdapterService: 	at com.google.android.apps.plus.content.EsAccountsData.queryLastStatsSyncTimestamp(EsAccountsData.java:570)
07-01 21:29:00.310 16291 16335 E EsSyncAdapterService: 	at com.google.android.apps.plus.service.EsSyncAdapterService.syncContactsStatsIfNecessary(EsSyncAdapterService.java:670)
07-01 21:29:00.310 16291 16335 E EsSyncAdapterService: 	at com.google.android.apps.plus.service.EsSyncAdapterService.doFullSync(EsSyncAdapterService.java:633)
07-01 21:29:00.310 16291 16335 E EsSyncAdapterService: 	at com.google.android.apps.plus.service.EsSyncAdapterService.doSync(EsSyncAdapterService.java:566)
07-01 21:29:00.310 16291 16335 E EsSyncAdapterService: 	at com.google.android.apps.plus.service.EsSyncAdapterService.access$100(EsSyncAdapterService.java:52)
07-01 21:29:00.310 16291 16335 E EsSyncAdapterService: 	at com.google.android.apps.plus.service.EsSyncAdapterService$SyncAdapterImpl.onPerformSync(EsSyncAdapterService.java:408)
07-01 21:29:00.310 16291 16335 E EsSyncAdapterService: 	at android.content.AbstractThreadedSyncAdapter$SyncThread.run(AbstractThreadedSyncAdapter.java:247)
07-01 21:29:00.310 15957 15970 I PhoneLab-LoggerService: app_37    1360  1     1436   996   c00f181c 400107b4 S logcat
07-01 21:29:00.310 15957 15970 I PhoneLab-LoggerService: Logcat pid from database 1360
07-01 21:29:00.310 15957 15970 I PhoneLab-LoggerService: Logcat process found 1360
07-01 21:29:00.310 15957 15970 I PhoneLab-LoggerService: Checking Threshold
07-01 21:29:00.361   145   169 D SyncManager: failed sync operation lokeshmandvekar@gmail.com (com.google), com.google.android.apps.plus.content.EsProvider, SERVER, earliestRunTime 83703243, SyncResult: stats [ numParseExceptions: 1]
07-01 21:29:00.376 15854 15881 D AccountTypeManager: Registering external account type=com.whatsapp, packageName=com.whatsapp
07-01 21:29:00.380 16291 16293 D dalvikvm: GC_CONCURRENT freed 2867K, 19% free 13283K/16263K, paused 7ms+3ms
07-01 21:29:00.384   145   169 D SyncManager: not retrying sync operation because the error is a hard error: lokeshmandvekar@gmail.com (com.google), com.google.android.apps.plus.content.EsProvider, SERVER, earliestRunTime 83730251
07-01 21:29:00.431 15854 15881 W ResourceType: getEntry failing because entryIndex 606 is beyond type entryCount 189
07-01 21:29:00.431 15854 15881 W ResourceType: Failure getting entry for 0x7f02025e (t=1 e=606) in package 0 (error -2147483647)
07-01 21:29:00.431 15854 15881 D AccountTypeManager: Registering external account type=com.xabber.androiddev, packageName=com.xabber.androiddev
07-01 21:29:00.462 15854 15881 D AccountTypeManager: Registering external account type=com.facebook.auth.login, packageName=com.facebook.katana
07-01 21:29:00.556 15854 15881 W ResourceType: getEntry failing because entryIndex 344 is beyond type entryCount 189
07-01 21:29:00.556 15854 15881 W ResourceType: Failure getting entry for 0x7f020158 (t=1 e=344) in package 0 (error -2147483647)
07-01 21:29:00.556 15854 15881 D AccountTypeManager: Registering 1 extension packages
07-01 21:29:00.614 15854 15881 E ExternalAccountType: Unsupported attribute readOnly
07-01 21:29:00.614 15854 15881 W ResourceType: getEntry failing because entryIndex 422 is beyond type entryCount 189
07-01 21:29:00.614 15854 15881 W ResourceType: Failure getting entry for 0x7f0201a6 (t=1 e=422) in package 0 (error -2147483647)
07-01 21:29:00.642 15854 15881 D AccountTypeManager: Registering extension package account type=com.google, dataSet=plus, packageName=com.google.android.apps.plus
07-01 21:29:00.650 15854 15881 I AccountTypeManager: Loaded meta-data for 6 account types, 5 accounts in 282ms(wall) 65ms(cpu)
07-01 21:29:01.314   216   218 D dalvikvm: GC_CONCURRENT freed 193K, 28% free 10369K/14343K, paused 2ms+8ms
07-01 21:29:05.435 16291 16360 D dalvikvm: GC_EXPLICIT freed 811K, 19% free 13221K/16263K, paused 8ms+4ms
07-01 21:29:05.583 13971 13972 D dalvikvm: GC_CONCURRENT freed 636K, 9% free 9880K/10823K, paused 1ms+7ms
07-01 21:29:06.739 15867 15869 D dalvikvm: GC_CONCURRENT freed 428K, 7% free 9953K/10695K, paused 2ms+4ms
07-01 21:29:06.896 15854 15883 D dalvikvm: GC_FOR_ALLOC freed 889K, 17% free 13837K/16519K, paused 30ms
07-01 21:29:06.970 13971 13972 D dalvikvm: GC_CONCURRENT freed 388K, 9% free 9878K/10823K, paused 2ms+2ms
07-01 21:29:07.950 13971 15087 D dalvikvm: GC_EXPLICIT freed 163K, 10% free 9799K/10823K, paused 2ms+3ms
07-01 21:29:08.044   145   310 D dalvikvm: GC_EXPLICIT freed 505K, 30% free 16448K/23367K, paused 4ms+8ms
07-01 21:29:08.900 15854 15883 D dalvikvm: GC_FOR_ALLOC freed 594K, 15% free 14087K/16519K, paused 28ms
07-01 21:29:10.525 15854 15883 D dalvikvm: GC_FOR_ALLOC freed 742K, 17% free 13866K/16519K, paused 28ms
07-01 21:29:34.056 13971 13972 D dalvikvm: GC_CONCURRENT freed 311K, 9% free 9872K/10823K, paused 7ms+3ms
07-01 21:29:34.208  3921  3923 D dalvikvm: GC_CONCURRENT freed 439K, 6% free 10377K/10951K, paused 15ms+5ms
07-01 21:29:34.446 15867 15869 D dalvikvm: GC_CONCURRENT freed 409K, 8% free 9935K/10695K, paused 2ms+3ms
07-01 21:29:37.923   216   218 D dalvikvm: GC_CONCURRENT freed 389K, 28% free 10372K/14343K, paused 2ms+4ms
07-01 21:29:39.212 15867 15869 D dalvikvm: GC_CONCURRENT freed 394K, 8% free 9924K/10695K, paused 23ms+2ms
07-01 21:30:00.005 15957 15957 I PhoneLab-Locks: wake lock acquired
07-01 21:30:00.068 15957 16377 I PhoneLab-PeriodicCheckService: User info is synched
07-01 21:30:00.071 15957 16377 I PhoneLab-PeriodicCheckService: Logger Service is running
07-01 21:30:00.079 15957 15957 I PhoneLab-Locks: wake lock acquired
07-01 21:30:00.083 15957 15957 I PhoneLab-StatusMonitor: Status Monitoring is started
07-01 21:30:00.083 15957 16377 I PhoneLab-Locks: wake lock acquired
07-01 21:30:00.087 15957 16377 I PhoneLab-PeriodicCheckService: Rescheduling periodic checking...
07-01 21:30:00.087 15957 16377 I PhoneLab-Locks: wake lock released
07-01 21:30:00.114 15957 15957 E PhoneLab-PhoneLabManifest: java.io.FileNotFoundException: /data/data/edu.buffalo.cse.phonelab.phonelabservices/files/manifest.xml: open failed: ENOENT (No such file or directory)
07-01 21:30:00.157 15957 15957 I PhoneLab-Locks: wake lock released
07-01 21:30:00.161 15957 15957 I PhoneLab-UploadLogs: Transfering log files now
07-01 21:30:00.161 15957 15957 I PhoneLab-UploadLogs: No log files to transfer
07-01 21:30:00.161 15957 15957 I PhoneLab-Locks: wake lock released
07-01 21:30:00.165 15957 15957 I PhoneLab-UploadLogs: OnStartCommand
07-01 21:30:02.864 13993 16380 D dalvikvm: GC_EXPLICIT freed 451K, 12% free 11677K/13127K, paused 6ms+5ms
07-01 21:30:11.216 15703 15705 D dalvikvm: GC_CONCURRENT freed 510K, 6% free 10381K/11015K, paused 2ms+3ms
07-01 21:30:11.290 13246 13258 D dalvikvm: GC_EXPLICIT freed 338K, 9% free 10187K/11079K, paused 2ms+3ms
07-01 21:30:13.396   216   218 D dalvikvm: GC_CONCURRENT freed 397K, 28% free 10366K/14343K, paused 2ms+6ms
07-01 21:30:32.400   145   395 W InputManagerService: Window already focused, ignoring focus gain of: com.android.internal.view.IInputMethodClient$Stub$Proxy@41660120
07-01 21:30:32.427 15854 15854 D OpenGLRenderer: Flushing caches (mode 0)
07-01 21:30:33.220 15854 16383 D dalvikvm: GC_EXPLICIT freed 1062K, 17% free 13784K/16519K, paused 4ms+6ms
07-01 21:30:33.232 15854 16383 E DefaultVoicemailNotifier: No voicemails to notify about: clear the notification.
07-01 21:30:34.798 13971 13972 D dalvikvm: GC_CONCURRENT freed 365K, 9% free 9901K/10823K, paused 2ms+4ms
07-01 21:30:49.915   216   218 D dalvikvm: GC_CONCURRENT freed 382K, 28% free 10371K/14343K, paused 1ms+4ms
07-01 21:31:00.060 15957 15970 I PhoneLab-: Service Running
07-01 21:31:00.130 15957 15970 I PhoneLab-LoggerService: app_37    1360  1     1436   996   c00f181c 400107b4 S logcat
07-01 21:31:00.130 15957 15970 I PhoneLab-LoggerService: Logcat pid from database 1360
07-01 21:31:00.130 15957 15970 I PhoneLab-LoggerService: Logcat process found 1360
07-01 21:31:00.130 15957 15970 I PhoneLab-LoggerService: Checking Threshold
07-01 21:31:01.169 14613 14627 D GetStringObjTask: retrieving from url = http://www.chess.com/api/get_move_status?id=y3ICtufzg6w7rQqcD3KFujVaIanpYba4bIpaeKElV1LNz3Sz4Fk9Yh5CeWaj8h4bQ2RY0CxFVgA%2ByBE5DE%2B1cAuw4i%2Bp2GVj5RbuDPEUotReGbS25iAukuBsuUd%2Fl5dp
07-01 21:31:01.736 14613 14627 D GetStringObjTask: WebRequest SERVER RESPONSE: Success+0
07-01 21:31:01.786 14613 14614 D dalvikvm: GC_CONCURRENT freed 440K, 6% free 9490K/10055K, paused 71ms+2ms
07-01 21:31:01.900   145   200 D DhcpInfoInternal: makeLinkProperties with empty dns2!
07-01 21:31:01.900   145   200 D DhcpInfoInternal: makeLinkProperties with empty dns2!
07-01 21:31:11.372 13246 13248 D dalvikvm: GC_CONCURRENT freed 441K, 8% free 10257K/11079K, paused 1ms+3ms
07-01 21:31:25.505   216   218 D dalvikvm: GC_CONCURRENT freed 396K, 28% free 10365K/14343K, paused 1ms+6ms
07-01 21:31:29.611 15913 15915 D dalvikvm: GC_CONCURRENT freed 448K, 5% free 10832K/11399K, paused 13ms+4ms
07-01 21:31:37.978   145   329 W InputManagerService: Window already focused, ignoring focus gain of: com.android.internal.view.IInputMethodClient$Stub$Proxy@41c42528
07-01 21:31:38.064   216   216 D dalvikvm: GC_FOR_ALLOC freed 645K, 30% free 10055K/14343K, paused 24ms
07-01 21:31:38.126   216   218 D dalvikvm: GC_CONCURRENT freed 402K, 30% free 10133K/14343K, paused 2ms+4ms
07-01 21:31:38.169 16278 16281 D dalvikvm: GC_CONCURRENT freed 257K, 4% free 9462K/9799K, paused 2ms+3ms
07-01 21:31:38.232   216   218 D dalvikvm: GC_CONCURRENT freed 549K, 30% free 10064K/14343K, paused 2ms+10ms
07-01 21:31:46.982   145   365 D dalvikvm: GC_EXPLICIT freed 783K, 30% free 16448K/23367K, paused 3ms+12ms
07-01 21:31:47.404 15854 15883 D dalvikvm: GC_FOR_ALLOC freed 1136K, 15% free 14051K/16519K, paused 32ms
07-01 21:31:58.841   345   345 D AccelerometerListener: orientation: vertical
07-01 21:31:59.400   345   345 D AccelerometerListener: orientation: horizontal
07-01 21:32:04.306   145   169 I ActivityManager: Start proc com.whatsapp:contacts for service com.whatsapp/.accountsync.ContactsSyncAdapterService: pid=16414 uid=10068 gids={1015, 3003}
07-01 21:32:04.325 16414 16414 I dalvikvm: Turning on JNI app bug workarounds for target SDK version 7...
07-01 21:32:04.763 16414 16415 D dalvikvm: GC_CONCURRENT freed 167K, 3% free 9363K/9607K, paused 10ms+5ms
07-01 21:32:04.946   216   223 I dalvikvm: Jit: resizing JitTable from 8192 to 16384
07-01 21:32:07.587   145 22722 I ActivityManager: moveTaskToBack: 12
07-01 21:32:07.677   216   216 D PhoneStatusBar: disable: < EXPAND* icons ALERTS ticker system_info back home recent clock >
07-01 21:32:07.712   145   145 I power   : *** set_screen_state 1
