07-04 03:25:52.617   345   345 D SAN_SERVICE: *******************************************
07-04 03:25:52.891   345   345 D SAN_SERVICE: *******************************************
07-04 03:25:52.895   345   345 D SAN_SERVICE: DM App Phone Service State - 0
07-04 03:25:52.895   345   345 D SAN_SERVICE: *******************************************
07-04 03:25:53.383   345   345 D SAN_SERVICE: *******************************************
07-04 03:25:53.383   345   345 D SAN_SERVICE: DM App Phone Service State - 0
07-04 03:25:53.383   345   345 D SAN_SERVICE: *******************************************
07-04 03:25:54.785   145   162 I ActivityManager: Start proc com.spotify.mobile.android.service for service com.spotify.mobile.android.ui/com.spotify.mobile.android.service.SpotifyService: pid=27363 uid=10055 gids={3003, 1015}
07-04 03:25:54.859 27363 27363 D dalvikvm: Trying to load lib /data/data/com.spotify.mobile.android.ui/lib/liborbit-jni-spotify.so 0x4133d010
07-04 03:25:54.918 27363 27363 D dalvikvm: Added shared lib /data/data/com.spotify.mobile.android.ui/lib/liborbit-jni-spotify.so 0x4133d010
07-04 03:25:57.012   145   173 I power   : *** set_screen_state 0
07-04 03:25:57.055    78   121 D SurfaceFlinger: About to give-up screen, flinger = 0x457918
07-04 03:25:57.422   145   177 V TransportControlView: Create TCV com.android.internal.widget.TransportControlView@41827970
07-04 03:25:57.473   216   216 D PhoneStatusBar: disable: < expand icons alerts ticker system_info back home RECENT* clock >
07-04 03:25:57.520   216   216 D PhoneStatusBar: disable: < expand icons alerts ticker system_info BACK* HOME* RECENT CLOCK* >
07-04 03:26:02.942   345   345 D SAN_SERVICE: *******************************************
07-04 03:26:02.942   345   345 D SAN_SERVICE: DM App Phone Service State - 0
07-04 03:26:02.942   345   345 D SAN_SERVICE: *******************************************
07-04 03:26:13.203   345   345 D SAN_SERVICE: *******************************************
07-04 03:26:13.203   345   345 D SAN_SERVICE: DM App Phone Service State - 0
07-04 03:26:13.207   345   345 D SAN_SERVICE: *******************************************
07-04 03:26:23.664   345   345 D SAN_SERVICE: *******************************************
07-04 03:26:23.664   345   345 D SAN_SERVICE: DM App Phone Service State - 0
07-04 03:26:23.664   345   345 D SAN_SERVICE: *******************************************
07-04 03:26:24.145   345   345 D SAN_SERVICE: *******************************************
07-04 03:26:24.145   345   345 D SAN_SERVICE: DM App Phone Service State - 0
07-04 03:26:24.145   345   345 D SAN_SERVICE: *******************************************
07-04 03:26:39.836 27207 27209 D dalvikvm: GC_CONCURRENT freed 570K, 6% free 11275K/11975K, paused 7ms+3ms
07-04 03:26:43.867   345   345 D SAN_SERVICE: *******************************************
07-04 03:26:43.867   345   345 D SAN_SERVICE: DM App Phone Service State - 0
07-04 03:26:43.867   345   345 D SAN_SERVICE: *******************************************
07-04 03:26:44.371   345   345 D SAN_SERVICE: *******************************************
07-04 03:26:44.371   345   345 D SAN_SERVICE: DM App Phone Service State - 0
07-04 03:26:44.371   345   345 D SAN_SERVICE: *******************************************
07-04 03:27:15.027   145   177 I power   : *** set_screen_state 1
07-04 03:27:15.133   145   177 I WindowManager: Lock screen displayed!
07-04 03:27:15.254    78   121 D SurfaceFlinger: Screen about to return, flinger = 0x457918
07-04 03:27:16.000   216   216 D PhoneStatusBar: disable: < expand icons alerts ticker system_info BACK HOME recent* CLOCK >
07-04 03:27:16.027   145  9966 W InputManagerService: Window already focused, ignoring focus gain of: com.android.internal.view.IInputMethodClient$Stub$Proxy@41835f70
07-04 03:27:16.035   216   216 D PhoneStatusBar: disable: < expand icons alerts ticker system_info back* home* recent clock* >
07-04 03:27:16.262 17545 17547 D dalvikvm: GC_CONCURRENT freed 381K, 6% free 10317K/10887K, paused 6ms+70ms
07-04 03:27:24.977 29974 29975 D dalvikvm: GC_CONCURRENT freed 783K, 26% free 11757K/15687K, paused 32ms+6ms
07-04 03:27:24.977   145   329 I ActivityManager: START {act=android.intent.action.MAIN cat=[android.intent.category.LAUNCHER] flg=0x10200000 cmp=com.android.contacts/.activities.PeopleActivity bnds=[0,405][120,555]} from pid 29974
07-04 03:27:25.234   145  1149 I ActivityManager: Start proc com.android.contacts for activity com.android.contacts/.activities.PeopleActivity: pid=27390 uid=10000 gids={3003, 1015}
07-04 03:27:25.320 29974 29974 D OpenGLRenderer: Flushing caches (mode 1)
07-04 03:27:25.395   145   147 D dalvikvm: GC_CONCURRENT freed 1284K, 26% free 19122K/25543K, paused 7ms+16ms
07-04 03:27:25.426 29974 29974 D OpenGLRenderer: Flushing caches (mode 0)
07-04 03:27:25.567 27390 27390 I ContactsIntentResolver: Called with action: android.intent.action.MAIN
07-04 03:27:25.641 27390 27405 D AccountTypeManager: Registering external account type=com.whatsapp, packageName=com.whatsapp
07-04 03:27:25.707 27390 27405 W ResourceType: getEntry failing because entryIndex 606 is beyond type entryCount 189
07-04 03:27:25.707 27390 27405 W ResourceType: Failure getting entry for 0x7f02025e (t=1 e=606) in package 0 (error -2147483647)
07-04 03:27:25.707 27390 27405 D AccountTypeManager: Registering external account type=com.xabber.androiddev, packageName=com.xabber.androiddev
07-04 03:27:25.738 27390 27405 D AccountTypeManager: Registering external account type=com.facebook.auth.login, packageName=com.facebook.katana
07-04 03:27:25.770   145   161 I Process : Sending signal. PID: 27390 SIG: 3
07-04 03:27:25.770 27390 27394 I dalvikvm: threadid=3: reacting to signal 3
07-04 03:27:25.820 27390 27394 I dalvikvm: Wrote stack traces to '/data/anr/traces.txt'
07-04 03:27:25.836 27390 27392 D dalvikvm: GC_CONCURRENT freed 199K, 3% free 9336K/9607K, paused 20ms+6ms
07-04 03:27:25.883 27390 27405 W ResourceType: getEntry failing because entryIndex 344 is beyond type entryCount 189
07-04 03:27:25.883 27390 27405 W ResourceType: Failure getting entry for 0x7f020158 (t=1 e=344) in package 0 (error -2147483647)
07-04 03:27:25.883 27390 27405 D AccountTypeManager: Registering 1 extension packages
07-04 03:27:25.945 27390 27390 I ContactPhotoManager: Cache adj: 0.5
07-04 03:27:26.024 27390 27405 E ExternalAccountType: Unsupported attribute readOnly
07-04 03:27:26.027 27390 27405 W ResourceType: getEntry failing because entryIndex 422 is beyond type entryCount 189
07-04 03:27:26.027 27390 27405 W ResourceType: Failure getting entry for 0x7f0201a6 (t=1 e=422) in package 0 (error -2147483647)
07-04 03:27:26.094 27390 27405 D AccountTypeManager: Registering extension package account type=com.google, dataSet=plus, packageName=com.google.android.apps.plus
07-04 03:27:26.109 27390 27405 I AccountTypeManager: Loaded meta-data for 6 account types, 5 accounts in 571ms(wall) 95ms(cpu)
07-04 03:27:26.266   145   161 I Process : Sending signal. PID: 27390 SIG: 3
07-04 03:27:26.266 27390 27394 I dalvikvm: threadid=3: reacting to signal 3
07-04 03:27:26.281 27390 27394 I dalvikvm: Wrote stack traces to '/data/anr/traces.txt'
07-04 03:27:26.367 27390 27392 D dalvikvm: GC_CONCURRENT freed 191K, 4% free 9558K/9863K, paused 2ms+4ms
07-04 03:27:26.410 27390 27390 D libEGL  : loaded /system/lib/egl/libGLES_android.so
07-04 03:27:26.418 27390 27390 D libEGL  : loaded /vendor/lib/egl/libEGL_POWERVR_SGX540_120.so
07-04 03:27:26.434 27390 27390 D libEGL  : loaded /vendor/lib/egl/libGLESv1_CM_POWERVR_SGX540_120.so
07-04 03:27:26.438 27390 27390 D libEGL  : loaded /vendor/lib/egl/libGLESv2_POWERVR_SGX540_120.so
07-04 03:27:26.606 27390 27390 D OpenGLRenderer: Enabling debug mode 0
07-04 03:27:26.766   145   161 I Process : Sending signal. PID: 27390 SIG: 3
07-04 03:27:26.770 27390 27394 I dalvikvm: threadid=3: reacting to signal 3
07-04 03:27:26.774 27390 27394 I dalvikvm: Wrote stack traces to '/data/anr/traces.txt'
07-04 03:27:26.906   145   176 I ActivityManager: Displayed com.android.contacts/.activities.PeopleActivity: +1s813ms
07-04 03:27:27.164 29974 29974 D OpenGLRenderer: Flushing caches (mode 1)
07-04 03:27:27.309 27390 27392 D dalvikvm: GC_CONCURRENT freed 132K, 3% free 9970K/10183K, paused 3ms+3ms
07-04 03:27:27.379 27390 27406 D dalvikvm: GC_FOR_ALLOC freed 82K, 3% free 10254K/10567K, paused 23ms
07-04 03:27:27.481 27390 27392 D dalvikvm: GC_CONCURRENT freed 76K, 3% free 10632K/10887K, paused 2ms+8ms
07-04 03:27:27.547 27390 27406 D dalvikvm: GC_FOR_ALLOC freed 51K, 3% free 10763K/11015K, paused 34ms
07-04 03:27:27.602 27390 27406 D dalvikvm: GC_FOR_ALLOC freed 61K, 3% free 11024K/11335K, paused 17ms
07-04 03:27:28.719 27390 27406 V ContactPhotoManager: Preloaded 25 photos.  Cached bytes: 211941
07-04 03:27:29.133   145   395 W InputManagerService: Starting input on non-focused client com.android.internal.view.IInputMethodClient$Stub$Proxy@41a79560 (uid=10000 pid=27390)
07-04 03:27:29.188 27390 27390 D OpenGLRenderer: Flushing caches (mode 0)
07-04 03:27:29.766 27390 27406 V ContactPhotoManager: Preloaded 25 photos.  Cached bytes: 345635
07-04 03:27:30.133   345   345 D SAN_SERVICE: *******************************************
07-04 03:27:30.133   345   345 D SAN_SERVICE: DM App Phone Service State - 0
07-04 03:27:30.133   345   345 D SAN_SERVICE: *******************************************
07-04 03:27:30.430   345   345 D SAN_SERVICE: *******************************************
07-04 03:27:30.430   345   345 D SAN_SERVICE: DM App Phone Service State - 0
07-04 03:27:30.430   345   345 D SAN_SERVICE: *******************************************
07-04 03:27:30.496 27390 27390 D OpenGLRenderer: Flushing caches (mode 2)
07-04 03:27:30.508 27390 27390 D OpenGLRenderer: Flushing caches (mode 0)
07-04 03:27:30.895 27390 27392 D dalvikvm: GC_CONCURRENT freed 956K, 9% free 10736K/11783K, paused 28ms+3ms
07-04 03:27:30.899 27390 27406 V ContactPhotoManager: Preloaded 25 photos.  Cached bytes: 129578
07-04 03:27:31.207   345   345 D SAN_SERVICE: *******************************************
07-04 03:27:31.207   345   345 D SAN_SERVICE: DM App Phone Service State - 0
07-04 03:27:31.207   345   345 D SAN_SERVICE: *******************************************
07-04 03:27:31.977 27390 27406 V ContactPhotoManager: Preloaded 25 photos.  Cached bytes: 269704
07-04 03:27:37.254 27226 27239 I PhoneLab-: Service Running
07-04 03:27:37.367 27226 27239 I PhoneLab-LoggerService: app_37    1360  1     1436   988   c00f181c 400107b4 S logcat
07-04 03:27:37.367 27226 27239 I PhoneLab-LoggerService: Logcat pid from database 1360
07-04 03:27:37.367 27226 27239 I PhoneLab-LoggerService: Logcat process found 1360
07-04 03:27:37.367 27226 27239 I PhoneLab-LoggerService: Checking Threshold
07-04 03:27:37.367 27226 27239 I PhoneLab-LoggerService: Starting to rename files
07-04 03:27:37.371 27226 27239 I PhoneLab-LoggerService: Files found .. 2
07-04 03:27:46.309   145  1150 I ActivityManager: START {act=android.intent.action.MAIN cat=[android.intent.category.LAUNCHER] flg=0x10200000 cmp=com.google.android.talk/.SigningInActivity bnds=[96,706][192,802]} from pid 29974
07-04 03:27:46.406   145  1149 I ActivityManager: Start proc com.google.android.talk for activity com.google.android.talk/.SigningInActivity: pid=27414 uid=10045 gids={3003, 1015, 1006, 3002}
07-04 03:27:46.418   145  9966 I ActivityManager: Process org.mozilla.firefox_beta.PasswordsProvider (pid 27310) has died.
07-04 03:27:46.551 29974 29974 D OpenGLRenderer: Flushing caches (mode 1)
07-04 03:27:46.574 29974 29974 D OpenGLRenderer: Flushing caches (mode 0)
07-04 03:27:46.609 27414 27414 I ActivityThread: Pub com.google.android.talk.SuggestionProvider: com.google.android.talk.SuggestionsProvider
07-04 03:27:46.719 27414 27414 D vclib:CallStateClient: startListening
07-04 03:27:46.832 27414 27416 D dalvikvm: GC_CONCURRENT freed 173K, 3% free 9363K/9607K, paused 19ms+6ms
07-04 03:27:46.996   145   157 I ActivityManager: Start proc android.process.media for content provider com.android.providers.media/.MediaProvider: pid=27436 uid=10012 gids={1015, 1023, 1024, 2001, 3003, 3007}
07-04 03:27:47.129   145   161 I Process : Sending signal. PID: 27414 SIG: 3
07-04 03:27:47.129 27414 27418 I dalvikvm: threadid=3: reacting to signal 3
07-04 03:27:47.313 27414 27418 I dalvikvm: Wrote stack traces to '/data/anr/traces.txt'
07-04 03:27:47.317   145   361 I ActivityManager: Process com.chess (pid 27191) has died.
07-04 03:27:47.344 27436 27436 I ActivityThread: Pub downloads: com.android.providers.downloads.DownloadProvider
07-04 03:27:47.399   145 22722 I ActivityManager: Process com.android.contacts (pid 27390) has died.
07-04 03:27:47.402 27436 27436 I ActivityThread: Pub drm: com.android.providers.drm.DrmProvider
07-04 03:27:47.406 27436 27451 I DownloadManager: in removeSpuriousFiles
07-04 03:27:47.422 27436 27436 I ActivityThread: Pub media: com.android.providers.media.MediaProvider
07-04 03:27:47.602 27436 27451 I DownloadManager: in removeSpuriousFiles, preserving file /data/data/com.android.providers.downloads/cache/metadata.json
07-04 03:27:47.602 27436 27451 I DownloadManager: in removeSpuriousFiles, preserving file /data/data/com.android.providers.downloads/cache/en_general.htm
07-04 03:27:47.602 27436 27451 I DownloadManager: in removeSpuriousFiles, preserving file /mnt/sdcard/Download/img-thing.jpeg
07-04 03:27:47.602 27436 27451 I DownloadManager: in removeSpuriousFiles, preserving file /data/data/com.android.providers.downloads/cache/metadata-1.json
07-04 03:27:47.602 27436 27451 I DownloadManager: in removeSpuriousFiles, preserving file /data/data/com.android.providers.downloads/cache/downloadfile.jpeg
07-04 03:27:47.602 27436 27451 I DownloadManager: in removeSpuriousFiles, preserving file /data/data/com.android.providers.downloads/cache/metadata-2.json
07-04 03:27:47.602 27436 27451 I DownloadManager: in removeSpuriousFiles, preserving file /data/data/com.android.providers.downloads/cache/metadata-3.json
07-04 03:27:47.602 27436 27451 I DownloadManager: in removeSpuriousFiles, preserving file /data/data/com.android.providers.downloads/cache/downloadfile-1.jpeg
07-04 03:27:47.602 27436 27451 I DownloadManager: in removeSpuriousFiles, preserving file /data/data/com.android.providers.downloads/cache/downloadfile-2.jpeg
07-04 03:27:47.606 27436 27451 I DownloadManager: deleting spurious file /cache/backup
07-04 03:27:47.606   145   161 I Process : Sending signal. PID: 27414 SIG: 3
07-04 03:27:47.606 27414 27418 I dalvikvm: threadid=3: reacting to signal 3
07-04 03:27:47.625 27414 27418 I dalvikvm: Wrote stack traces to '/data/anr/traces.txt'
07-04 03:27:48.024 27436 27438 D dalvikvm: GC_CONCURRENT freed 362K, 5% free 9174K/9607K, paused 8ms+6ms
07-04 03:27:48.035   145   161 I Process : Sending signal. PID: 27414 SIG: 3
07-04 03:27:48.035 27414 27418 I dalvikvm: threadid=3: reacting to signal 3
07-04 03:27:48.102 27414 27418 I dalvikvm: Wrote stack traces to '/data/anr/traces.txt'
07-04 03:27:48.117 27414 27416 D dalvikvm: GC_CONCURRENT freed 237K, 4% free 9563K/9927K, paused 6ms+3ms
07-04 03:27:48.141 27414 27414 D vclib:CallStateClient: startListening
07-04 03:27:48.250 27414 27414 D libEGL  : loaded /system/lib/egl/libGLES_android.so
07-04 03:27:48.258 27414 27414 D libEGL  : loaded /vendor/lib/egl/libEGL_POWERVR_SGX540_120.so
07-04 03:27:48.262 27414 27414 D libEGL  : loaded /vendor/lib/egl/libGLESv1_CM_POWERVR_SGX540_120.so
07-04 03:27:48.266 27414 27414 D libEGL  : loaded /vendor/lib/egl/libGLESv2_POWERVR_SGX540_120.so
07-04 03:27:48.317 27414 27414 D OpenGLRenderer: Enabling debug mode 0
07-04 03:27:48.399   145   176 I ActivityManager: Displayed com.google.android.talk/.SigningInActivity: +2s62ms
07-04 03:27:48.438 29974 29974 D OpenGLRenderer: Flushing caches (mode 2)
07-04 03:27:48.445 29974 29974 D OpenGLRenderer: Flushing caches (mode 0)
07-04 03:27:48.785 27414 27414 D vclib:CallStateClient: stopListening
07-04 03:27:48.785 27414 27414 D vclib:CallStateClient: startListening
07-04 03:27:49.156 27414 27416 D dalvikvm: GC_CONCURRENT freed 317K, 5% free 9771K/10183K, paused 3ms+3ms
07-04 03:27:49.277 17545 22671 D dalvikvm: GC_EXPLICIT freed 153K, 6% free 10286K/10887K, paused 35ms+3ms
07-04 03:27:49.340 27414 27416 D dalvikvm: GC_CONCURRENT freed 121K, 3% free 10115K/10375K, paused 2ms+3ms
07-04 03:27:49.926 27414 27414 D OpenGLRenderer: Flushing caches (mode 0)
07-04 03:27:50.461   345   345 D SAN_SERVICE: *******************************************
07-04 03:27:50.461   345   345 D SAN_SERVICE: DM App Phone Service State - 0
07-04 03:27:50.461   345   345 D SAN_SERVICE: *******************************************
07-04 03:27:50.738   345   345 D SAN_SERVICE: *******************************************
07-04 03:27:50.742   345   345 D SAN_SERVICE: DM App Phone Service State - 0
07-04 03:27:50.742   345   345 D SAN_SERVICE: *******************************************
07-04 03:27:51.297 27414 27414 D OpenGLRenderer: Flushing caches (mode 1)
07-04 03:27:51.313 27414 27414 D vclib:CallStateClient: stopListening
07-04 03:27:51.555   345   345 D SAN_SERVICE: *******************************************
07-04 03:27:51.555   345   345 D SAN_SERVICE: DM App Phone Service State - 0
07-04 03:27:51.559   345   345 D SAN_SERVICE: *******************************************
07-04 03:27:53.461 29974 32359 D dalvikvm: GC_FOR_ALLOC freed 639K, 25% free 11802K/15687K, paused 29ms
07-04 03:27:53.574 29974 32359 D dalvikvm: GC_FOR_ALLOC freed 263K, 23% free 12219K/15687K, paused 25ms
07-04 03:27:53.707 29974 32359 D dalvikvm: GC_FOR_ALLOC freed 858K, 24% free 11991K/15687K, paused 22ms
07-04 03:27:53.809 29974 29975 D dalvikvm: GC_CONCURRENT freed 1K, 18% free 12925K/15687K, paused 2ms+4ms
07-04 03:27:53.992 10674 10676 D dalvikvm: GC_CONCURRENT freed 390K, 22% free 10041K/12743K, paused 2ms+4ms
07-04 03:27:54.594 29974 29989 D dalvikvm: GC_FOR_ALLOC freed 2169K, 25% free 11841K/15687K, paused 28ms
07-04 03:27:54.652 29974 29989 D dalvikvm: GC_FOR_ALLOC freed 265K, 23% free 12196K/15687K, paused 25ms
07-04 03:27:54.711 29974 29989 D dalvikvm: GC_FOR_ALLOC freed 857K, 24% free 11962K/15687K, paused 25ms
07-04 03:27:54.793 29974 29975 D dalvikvm: GC_CONCURRENT freed 3K, 18% free 12864K/15687K, paused 2ms+8ms
07-04 03:27:55.715   145  9966 I ActivityManager: Process com.spotify.mobile.android.service (pid 27363) has died.
07-04 03:27:55.715   145  9966 W ActivityManager: Scheduling restart of crashed service com.spotify.mobile.android.ui/com.spotify.mobile.android.service.SpotifyService in 5000ms
07-04 03:27:55.809   345   345 D SAN_SERVICE: *******************************************
07-04 03:27:55.809   345   345 D SAN_SERVICE: DM App Phone Service State - 0
07-04 03:27:55.809   345   345 D SAN_SERVICE: *******************************************
07-04 03:27:57.692   145  4009 I ActivityManager: START {act=android.intent.action.MAIN cat=[android.intent.category.LAUNCHER] flg=0x10200000 cmp=edu.buffalo.cse.phonelab.phonelabservices/.PhoneLabMainView} from pid 29974
07-04 03:27:57.824 27414 27414 D OpenGLRenderer: Flushing caches (mode 2)
07-04 03:27:57.899 27226 27228 D dalvikvm: GC_CONCURRENT freed 347K, 6% free 9126K/9607K, paused 7ms+3ms
07-04 03:27:57.910 27226 27226 D dalvikvm: GC_FOR_ALLOC freed 1K, 6% free 9125K/9607K, paused 13ms
07-04 03:27:57.914 27226 27226 I dalvikvm-heap: Grow heap (frag case) to 9.203MB for 234316-byte allocation
07-04 03:27:57.942 27226 27235 D dalvikvm: GC_FOR_ALLOC freed 0K, 6% free 9353K/9863K, paused 14ms
07-04 03:27:57.969 27226 27226 I PhoneLab-PhoneLabMainView: Rescheduling periodic checking...
07-04 03:27:57.977 27226 27226 I System.out: /data/data/edu.buffalo.cse.phonelab.phonelabservices
07-04 03:27:57.996 29974 29974 D OpenGLRenderer: Flushing caches (mode 1)
07-04 03:27:58.090   145   157 D dalvikvm: GC_EXPLICIT freed 2482K, 31% free 17714K/25543K, paused 8ms+9ms
07-04 03:27:58.121 27226 27226 D libEGL  : loaded /system/lib/egl/libGLES_android.so
07-04 03:27:58.125 27226 27226 D libEGL  : loaded /vendor/lib/egl/libEGL_POWERVR_SGX540_120.so
07-04 03:27:58.129 27226 27226 D libEGL  : loaded /vendor/lib/egl/libGLESv1_CM_POWERVR_SGX540_120.so
07-04 03:27:58.133 27226 27226 D libEGL  : loaded /vendor/lib/egl/libGLESv2_POWERVR_SGX540_120.so
07-04 03:27:58.188 27226 27226 D OpenGLRenderer: Enabling debug mode 0
07-04 03:27:58.262   145   161 I Process : Sending signal. PID: 27226 SIG: 3
07-04 03:27:58.262 27226 27231 I dalvikvm: threadid=3: reacting to signal 3
07-04 03:27:58.277 27226 27231 I dalvikvm: Wrote stack traces to '/data/anr/traces.txt'
07-04 03:27:58.320   145   176 I ActivityManager: Displayed edu.buffalo.cse.phonelab.phonelabservices/.PhoneLabMainView: +560ms
07-04 03:27:58.328 29974 29974 D OpenGLRenderer: Flushing caches (mode 0)
07-04 03:27:58.410   145  9966 W InputManagerService: Starting input on non-focused client com.android.internal.view.IInputMethodClient$Stub$Proxy@41aa3eb8 (uid=10026 pid=29974)
07-04 03:27:58.418 29974 29974 D OpenGLRenderer: Flushing caches (mode 2)
07-04 03:27:58.434 29974 29974 D OpenGLRenderer: Flushing caches (mode 0)
07-04 03:28:00.496 29974 32289 D dalvikvm: GC_FOR_ALLOC freed 2165K, 25% free 11808K/15687K, paused 34ms
07-04 03:28:00.598 29974 32289 D dalvikvm: GC_FOR_ALLOC freed 311K, 23% free 12119K/15687K, paused 26ms
07-04 03:28:00.668 29974 32289 D dalvikvm: GC_FOR_ALLOC freed 857K, 25% free 11885K/15687K, paused 22ms
07-04 03:28:00.742 29974 29975 D dalvikvm: GC_CONCURRENT freed 2K, 19% free 12788K/15687K, paused 1ms+13ms
07-04 03:28:00.742   145   162 I ActivityManager: Start proc com.spotify.mobile.android.service for service com.spotify.mobile.android.ui/com.spotify.mobile.android.service.SpotifyService: pid=27465 uid=10055 gids={3003, 1015}
07-04 03:28:00.824   145   161 I Process : Sending signal. PID: 29974 SIG: 3
07-04 03:28:00.824 29974 29976 I dalvikvm: threadid=3: reacting to signal 3
07-04 03:28:00.848 29974 29976 I dalvikvm: Wrote stack traces to '/data/anr/traces.txt'
07-04 03:28:00.883 27465 27465 D dalvikvm: Trying to load lib /data/data/com.spotify.mobile.android.ui/lib/liborbit-jni-spotify.so 0x41340660
07-04 03:28:00.938 27465 27465 D dalvikvm: Added shared lib /data/data/com.spotify.mobile.android.ui/lib/liborbit-jni-spotify.so 0x41340660
07-04 03:28:01.219 27226 27226 D OpenGLRenderer: Flushing caches (mode 0)
07-04 03:28:01.406   145   157 I ActivityManager: Process android.process.acore (pid 27344) has died.
07-04 03:28:03.293   145   173 I power   : *** set_screen_state 0
07-04 03:28:03.359    78   121 D SurfaceFlinger: About to give-up screen, flinger = 0x457918
07-04 03:28:03.426 27226 27226 D OpenGLRenderer: Flushing caches (mode 2)
07-04 03:28:03.430 27226 27226 D OpenGLRenderer: Flushing caches (mode 0)
07-04 03:28:03.473   145   177 V TransportControlView: Create TCV com.android.internal.widget.TransportControlView@417da778
07-04 03:28:03.516   216   216 D PhoneStatusBar: disable: < expand icons alerts ticker system_info back home RECENT* clock >
07-04 03:28:03.559   216   216 D PhoneStatusBar: disable: < expand icons alerts ticker system_info BACK* HOME* RECENT CLOCK* >
07-04 03:28:03.645  1401  1412 D dalvikvm: GC_EXPLICIT freed 19K, 6% free 9712K/10311K, paused 1ms+3ms
07-04 03:28:03.664   145  1149 I WindowManager: WIN DEATH: Window{418a12c8 edu.buffalo.cse.phonelab.phonelabservices/edu.buffalo.cse.phonelab.phonelabservices.PhoneLabMainView paused=false}
07-04 03:28:03.664   145   361 I ActivityManager: Process edu.buffalo.cse.phonelab.phonelabservices (pid 27226) has died.
07-04 03:28:03.664   145   361 W ActivityManager: Scheduling restart of crashed service edu.buffalo.cse.phonelab.phonelabservices/edu.buffalo.cse.phonelab.datalogger.LoggerService in 5000ms
07-04 03:28:03.793 29974 29975 D dalvikvm: GC_CONCURRENT freed 2168K, 25% free 11794K/15687K, paused 9ms+11ms
07-04 03:28:08.024   145   162 I ActivityManager: Start proc edu.buffalo.cse.phonelab.phonelabservices for broadcast edu.buffalo.cse.phonelab.phonelabservices/.PeriodicCheckReceiver: pid=27487 uid=10037 gids={3003, 1015, 1007, 2001}
07-04 03:28:08.051 27487 27487 I PhoneLab-Locks: wake lock acquired
07-04 03:28:08.090 27487 27500 I PhoneLab-PeriodicCheckService: User info is synched
07-04 03:28:08.094 27487 27500 I PhoneLab-PeriodicCheckService: Logger Service is running
07-04 03:28:08.098 27487 27487 I PhoneLab-Locks: wake lock acquired
07-04 03:28:08.102 27487 27487 I PhoneLab-StatusMonitor: Status Monitoring is started
07-04 03:28:08.106 27487 27500 I PhoneLab-Locks: wake lock acquired
07-04 03:28:08.109 27487 27500 I PhoneLab-PeriodicCheckService: Rescheduling periodic checking...
07-04 03:28:08.113 27487 27500 I PhoneLab-Locks: wake lock released
07-04 03:28:08.168 27487 27487 E PhoneLab-PhoneLabManifest: java.io.FileNotFoundException: /data/data/edu.buffalo.cse.phonelab.phonelabservices/files/manifest.xml: open failed: ENOENT (No such file or directory)
07-04 03:28:08.219 27487 27487 I PhoneLab-Locks: wake lock released
07-04 03:28:08.223 27487 27487 I PhoneLab-UploadLogs: Transfering log files now
07-04 03:28:08.391 27487 27490 D dalvikvm: GC_CONCURRENT freed 382K, 5% free 9153K/9607K, paused 2ms+2ms
07-04 03:28:08.434 27487 27487 D dalvikvm: GC_FOR_ALLOC freed 185K, 6% free 9255K/9799K, paused 13ms
07-04 03:28:08.434 27487 27487 I dalvikvm-heap: Grow heap (frag case) to 9.350MB for 254548-byte allocation
07-04 03:28:08.449 27487 27487 D dalvikvm: GC_FOR_ALLOC freed 120K, 7% free 9383K/10055K, paused 12ms
07-04 03:28:08.449 27487 27487 I dalvikvm-heap: Grow heap (frag case) to 9.725MB for 516692-byte allocation
07-04 03:28:08.473 27487 27490 D dalvikvm: GC_CONCURRENT freed 248K, 9% free 9639K/10567K, paused 1ms+1ms
07-04 03:28:08.500 27487 27487 I PhoneLab-UploadLogs: OnStartCommand
07-04 03:28:08.707 27487 27487 I PhoneLab-LoggerService: Start Logger Service
07-04 03:28:08.711 27487 27504 I PhoneLab-: Service Running
07-04 03:28:08.809 27487 27490 D dalvikvm: GC_CONCURRENT freed 387K, 9% free 9666K/10567K, paused 2ms+3ms
07-04 03:28:08.824 27487 27503 D dalvikvm: GC_FOR_ALLOC freed 312K, 9% free 9655K/10567K, paused 14ms
07-04 03:28:08.832 27487 27504 I PhoneLab-LoggerService: app_37    1360  1     1436   988   c00f181c 400107b4 S logcat
07-04 03:28:08.836 27487 27504 I PhoneLab-LoggerService: Logcat pid from database 1360
07-04 03:28:08.836 27487 27504 I PhoneLab-LoggerService: Logcat process found 1360
07-04 03:28:08.836 27487 27504 I PhoneLab-LoggerService: Checking Threshold
07-04 03:28:08.836 27487 27504 I PhoneLab-LoggerService: Starting to rename files
07-04 03:28:08.836 27487 27504 I PhoneLab-LoggerService: Files found .. 2
07-04 03:28:08.856 27487 27503 D dalvikvm: GC_FOR_ALLOC freed 342K, 9% free 9639K/10567K, paused 12ms
07-04 03:28:10.836   145   147 D dalvikvm: GC_CONCURRENT freed 1365K, 29% free 18380K/25543K, paused 8ms+10ms
07-04 03:28:11.305 27487 27487 I PhoneLab-: 1341386617317.log is deleted
07-04 03:28:11.305 27487 27487 I PhoneLab-: Response: {"data": "done", "err": ""}
07-04 03:28:11.320 27487 27487 I PhoneLab-UploadLogs: No log files to transfer
07-04 03:28:11.320 27487 27487 I PhoneLab-Locks: wake lock released
07-04 03:28:13.410   145   161 W ActivityManager: Activity destroy timeout for ActivityRecord{416b77d0 edu.buffalo.cse.phonelab.phonelabservices/.PhoneLabMainView}
07-04 03:28:43.317   145   177 I power   : *** set_screen_state 1
07-04 03:28:43.430   145   177 I WindowManager: Lock screen displayed!
07-04 03:28:43.465   145   161 V BackupManagerService: Running a backup pass
07-04 03:28:43.543    78   121 D SurfaceFlinger: Screen about to return, flinger = 0x457918
07-04 03:28:43.598   145   215 V BackupManagerService: clearing pending backups
07-04 03:28:43.598   145   215 V PerformBackupTask: Beginning backup of 1 targets
07-04 03:28:43.742   145   215 D PerformBackupTask: processOneBackup doBackup() on @pm@
07-04 03:28:43.746   145   215 V BackupServiceBinder: doBackup() invoked
07-04 03:28:43.762   145   215 I PerformBackupTask: no backup data written; not calling transport
07-04 03:28:43.766   145   161 D SettingsBackupAgent: onCreate() invoked
07-04 03:28:43.766   145   215 D PerformBackupTask: starting agent for backup of BackupRequest{pkg=com.android.providers.settings}
07-04 03:28:43.766   145   161 V ActivityThread: handleCreateBackupAgent: CreateBackupAgentData{appInfo=ApplicationInfo{414c0ca0 com.android.providers.settings} backupAgent=com.android.providers.settings.SettingsBackupAgent mode=0}
07-04 03:28:43.766   145   161 V ActivityThread: Initializing agent class com.android.providers.settings.SettingsBackupAgent
07-04 03:28:43.766   145   215 D BackupManagerService: awaiting agent for ApplicationInfo{414c0ca0 com.android.providers.settings}
07-04 03:28:43.766   145   161 D BackupManagerService: agentConnected pkg=com.android.providers.settings agent=android.app.backup.BackupAgent$BackupServiceBinder@4183b1f8
07-04 03:28:43.766   145   215 D PerformBackupTask: processOneBackup doBackup() on com.android.providers.settings
07-04 03:28:43.770   145   215 V BackupServiceBinder: doBackup() invoked
07-04 03:28:43.817   145   215 V LocalTransport: performBackup() pkg=com.android.providers.settings
07-04 03:28:43.817   145   161 V ActivityThread: handleDestroyBackupAgent: CreateBackupAgentData{appInfo=ApplicationInfo{414c0ca0 com.android.providers.settings} backupAgent=com.android.providers.settings.SettingsBackupAgent mode=0}
07-04 03:28:43.824   145   215 V LocalTransport: Got change set key=WIFI size=525 key64=77+tV0lGSQ==
07-04 03:28:43.824   145   215 V LocalTransport:   data size 525
07-04 03:28:43.828   145   215 V LocalTransport: Got change set key=CONFIG_WIFI size=230 key64=77+tQ09ORklHX1dJRkk=
07-04 03:28:43.840   145   215 V LocalTransport:   data size 230
07-04 03:28:43.844   145   215 V LocalTransport: finishBackup()
07-04 03:28:43.848   145   215 I PerformBackupTask: Backup pass finished.
07-04 03:28:45.016   216   216 D PhoneStatusBar: disable: < expand icons alerts ticker system_info BACK HOME recent* CLOCK >
07-04 03:28:45.039   145   396 W InputManagerService: Window already focused, ignoring focus gain of: com.android.internal.view.IInputMethodClient$Stub$Proxy@415f7870
07-04 03:28:45.051   216   216 D PhoneStatusBar: disable: < expand icons alerts ticker system_info back* home* recent clock* >
07-04 03:28:46.461   145   310 I ActivityManager: START {act=android.intent.action.MAIN cat=[android.intent.category.LAUNCHER] flg=0x10000000 pkg=com.twitter.android cmp=com.twitter.android/.StartActivity bnds=[120,254][240,404]} from pid 29974
07-04 03:28:46.613 29974 29974 D OpenGLRenderer: Flushing caches (mode 1)
07-04 03:28:46.699 27207 27207 D dalvikvm: GC_FOR_ALLOC freed 70K, 6% free 11332K/11975K, paused 39ms
07-04 03:28:46.707 27207 27207 I dalvikvm-heap: Grow heap (frag case) to 13.679MB for 2668016-byte allocation
07-04 03:28:46.711 29974 29974 D OpenGLRenderer: Flushing caches (mode 0)
07-04 03:28:46.781 27207 27209 D dalvikvm: GC_CONCURRENT freed 10K, 5% free 13926K/14599K, paused 2ms+4ms
07-04 03:28:46.859 27207 27207 D dalvikvm: GC_FOR_ALLOC freed 0K, 5% free 13927K/14599K, paused 31ms
07-04 03:28:46.875 27207 27207 I dalvikvm-heap: Grow heap (frag case) to 19.397MB for 6006016-byte allocation
07-04 03:28:46.922 27207 27209 D dalvikvm: GC_CONCURRENT freed 0K, 4% free 19792K/20487K, paused 2ms+3ms
07-04 03:28:46.953   345   345 D SAN_SERVICE: *******************************************
07-04 03:28:46.957   345   345 D SAN_SERVICE: DM App Phone Service State - 0
07-04 03:28:46.957   345   345 D SAN_SERVICE: *******************************************
07-04 03:28:47.039   145   161 I Process : Sending signal. PID: 27207 SIG: 3
07-04 03:28:47.039 27207 27212 I dalvikvm: threadid=3: reacting to signal 3
07-04 03:28:47.055 27207 27212 I dalvikvm: Wrote stack traces to '/data/anr/traces.txt'
07-04 03:28:47.094   145 22722 I ActivityManager: START {flg=0x4000000 cmp=com.twitter.android/.HomeTabActivity} from pid 27207
07-04 03:28:47.223   345   345 D SAN_SERVICE: *******************************************
07-04 03:28:47.223   345   345 D SAN_SERVICE: DM App Phone Service State - 0
07-04 03:28:47.223   345   345 D SAN_SERVICE: *******************************************
07-04 03:28:47.438   216   216 V PhoneStatusBar: setLightsOn(true)
07-04 03:28:47.457 27207 27207 D libEGL  : loaded /system/lib/egl/libGLES_android.so
07-04 03:28:47.465 27207 27207 D libEGL  : loaded /vendor/lib/egl/libEGL_POWERVR_SGX540_120.so
07-04 03:28:47.481 27207 27207 D libEGL  : loaded /vendor/lib/egl/libGLESv1_CM_POWERVR_SGX540_120.so
07-04 03:28:47.484 27207 27207 D libEGL  : loaded /vendor/lib/egl/libGLESv2_POWERVR_SGX540_120.so
07-04 03:28:47.613   145   161 I Process : Sending signal. PID: 27207 SIG: 3
07-04 03:28:47.613 27207 27212 I dalvikvm: threadid=3: reacting to signal 3
07-04 03:28:47.762 27207 27212 I dalvikvm: Wrote stack traces to '/data/anr/traces.txt'
07-04 03:28:47.781   345   345 D SAN_SERVICE: *******************************************
07-04 03:28:47.781   345   345 D SAN_SERVICE: DM App Phone Service State - 0
07-04 03:28:47.781   345   345 D SAN_SERVICE: *******************************************
07-04 03:28:47.809 27207 27207 D OpenGLRenderer: Enabling debug mode 0
07-04 03:28:47.906   145   176 I ActivityManager: Displayed com.twitter.android/.HomeTabActivity: +801ms (total +1s366ms)
07-04 03:28:47.973 29974 29974 D OpenGLRenderer: Flushing caches (mode 2)
07-04 03:28:47.992 29974 29974 D OpenGLRenderer: Flushing caches (mode 0)
07-04 03:28:49.027   145  4009 I ActivityManager: Process android.process.media (pid 27436) has died.
07-04 03:28:49.625 27207 27209 D dalvikvm: GC_CONCURRENT freed 3642K, 18% free 18130K/21895K, paused 6ms+5ms
07-04 03:29:02.156   345   345 D SAN_SERVICE: *******************************************
07-04 03:29:02.156   345   345 D SAN_SERVICE: DM App Phone Service State - 0
07-04 03:29:02.156   345   345 D SAN_SERVICE: *******************************************
07-04 03:29:02.344   145   175 I ActivityManager: Start proc com.google.android.maps.mytracks for service com.google.android.maps.mytracks/com.google.android.apps.mytracks.services.RemoveTempFilesService: pid=27526 uid=10072 gids={3003, 3002, 3001, 1015}
07-04 03:29:02.367 27526 27526 I dalvikvm: Turning on JNI app bug workarounds for target SDK version 7...
07-04 03:29:02.391   145   175 I ActivityManager: Start proc com.google.android.gm for service com.google.android.gm/.provider.MailIndexerService: pid=27539 uid=10075 gids={3003, 1015}
07-04 03:29:02.414   145   175 I ActivityManager: Start proc com.google.android.apps.maps for service com.google.android.apps.maps/com.google.googlenav.prefetch.android.PrefetcherService: pid=27550 uid=10056 gids={3003, 1015}
07-04 03:29:02.426   345   345 D SAN_SERVICE: *******************************************
07-04 03:29:02.426   345   345 D SAN_SERVICE: DM App Phone Service State - 0
07-04 03:29:02.426   345   345 D SAN_SERVICE: *******************************************
07-04 03:29:02.481    79    79 D dalvikvm: GC_EXPLICIT freed 38K, 4% free 9031K/9347K, paused 1ms+5ms
07-04 03:29:02.531    79    79 D dalvikvm: GC_EXPLICIT freed <1K, 4% free 9031K/9347K, paused 2ms+4ms
07-04 03:29:02.574    79    79 D dalvikvm: GC_EXPLICIT freed <1K, 4% free 9031K/9347K, paused 3ms+2ms
07-04 03:29:02.590   145   175 I ActivityManager: Start proc com.google.android.apps.plus for service com.google.android.apps.plus/.service.EsService: pid=27565 uid=10060 gids={3003, 3002, 1015, 1006}
07-04 03:29:02.617 27539 27539 I ActivityThread: Pub gmail-ls: com.google.android.gm.provider.MailProvider
07-04 03:29:02.676   145 22722 I ActivityManager: Process com.google.android.talk (pid 27414) has died.
07-04 03:29:02.746 27526 27526 I ActivityThread: Pub com.google.android.maps.mytracks.search: com.google.android.apps.mytracks.content.SearchEngineProvider
07-04 03:29:02.746 27526 27526 I ActivityThread: Pub com.google.android.maps.mytracks: com.google.android.apps.mytracks.content.MyTracksProvider
07-04 03:29:02.758 27539 27539 I ActivityThread: Pub com.google.android.gm: com.google.android.gm.provider.PublicContentProvider
07-04 03:29:02.902   345   345 D SAN_SERVICE: *******************************************
07-04 03:29:02.902   345   345 D SAN_SERVICE: DM App Phone Service State - 0
07-04 03:29:02.902   345   345 D SAN_SERVICE: *******************************************
07-04 03:29:02.996 27550 27555 D dalvikvm: GC_CONCURRENT freed 174K, 3% free 9361K/9607K, paused 5ms+3ms
07-04 03:29:03.129 27565 27568 D dalvikvm: GC_CONCURRENT freed 149K, 3% free 9386K/9607K, paused 2ms+5ms
07-04 03:29:03.207   145   396 I ActivityManager: Process com.spotify.mobile.android.service (pid 27465) has died.
07-04 03:29:03.207   145   396 W ActivityManager: Scheduling restart of crashed service com.spotify.mobile.android.ui/com.spotify.mobile.android.service.SpotifyService in 5000ms
07-04 03:29:03.328 27539 27539 I ActivityThread: Pub com.google.android.gmail.SuggestionProvider: com.google.android.gm.SuggestionsProvider
07-04 03:29:03.418 27550 27550 I ActivityThread: Pub com.google.android.maps.SearchHistoryProvider: com.google.googlenav.provider.SearchHistoryProvider
07-04 03:29:03.442 27550 27550 I ActivityThread: Pub com.google.android.maps.SuggestionProvider: com.google.googlenav.suggest.android.SuggestContentProvider
07-04 03:29:03.481 27550 27550 I ActivityThread: Pub com.google.android.maps.LayerInfoProvider: com.google.googlenav.layer.LayerInfoProvider
07-04 03:29:03.504 27550 27550 I ActivityThread: Pub com.google.android.maps.TrafficAppWidgetProvider: com.google.googlenav.appwidget.traffic.TrafficAppWidgetProvider
07-04 03:29:03.504 27550 27550 I ActivityThread: Pub com.google.android.maps.LocalActivePlacesProvider: com.google.googlenav.provider.LocalActivePlacesProvider
07-04 03:29:03.504 27550 27550 I ActivityThread: Pub com.google.android.maps.StarredItemProvider: com.google.googlenav.provider.StarredItemProvider
07-04 03:29:03.516 27565 27565 I ActivityThread: Pub com.google.android.apps.plus.content.ApiProvider: com.google.android.apps.plus.content.EsApiProvider
07-04 03:29:03.555 27565 27565 I ActivityThread: Pub com.google.android.apps.plus.content.EsGooglePhotoProvider: com.google.android.picasasync.PicasaContentProvider
07-04 03:29:03.719 27565 27568 D dalvikvm: GC_CONCURRENT freed 335K, 5% free 9581K/9991K, paused 15ms+2ms
07-04 03:29:03.734 27550 27555 D dalvikvm: GC_CONCURRENT freed 183K, 3% free 9669K/9927K, paused 2ms+15ms
07-04 03:29:03.809 27565 27565 I ActivityThread: Pub com.google.android.apps.plus.content.EsPicasaStoreProvider: com.google.android.picasastore.PicasaPhotoContentProvider
07-04 03:29:03.848 27565 27565 I ActivityThread: Pub com.google.plus.platform: com.google.android.apps.plus.content.AdsProvider
07-04 03:29:03.848 27565 27565 I ActivityThread: Pub com.google.android.apps.plus.iu.EsGoogleIuProvider: com.google.android.apps.plus.iu.InstantUploadProvider
07-04 03:29:03.953 27565 27568 D dalvikvm: GC_CONCURRENT freed 500K, 6% free 9608K/10183K, paused 3ms+5ms
07-04 03:29:03.961 27565 27565 I ActivityThread: Pub com.google.android.apps.plus.content.EsProvider: com.google.android.apps.plus.content.EsProvider
07-04 03:29:04.004 27550 27550 I ActivityThread: Pub com.google.android.maps.LocalSuggestionProvider: com.google.googlenav.provider.LocalSuggestionProvider
07-04 03:29:04.008 27550 27550 I ActivityThread: Pub com.google.android.maps.NavigationAvailabilityProvider: com.google.googlenav.provider.NavigationAvailabilityProvider
07-04 03:29:04.113 27550 27555 D dalvikvm: GC_CONCURRENT freed 235K, 4% free 9958K/10311K, paused 2ms+3ms
07-04 03:29:04.215 27550 27594 D dalvikvm: GC_FOR_ALLOC freed 70K, 4% free 10161K/10567K, paused 34ms
07-04 03:29:04.215 27550 27594 I dalvikvm-heap: Grow heap (frag case) to 10.186MB for 204816-byte allocation
07-04 03:29:04.258 27550 27595 D dalvikvm: GC_FOR_ALLOC freed <1K, 5% free 10360K/10823K, paused 32ms
07-04 03:29:04.457 27550 27605 D dalvikvm: GC_FOR_ALLOC freed 152K, 4% free 10459K/10823K, paused 52ms
07-04 03:29:04.527 27550 27604 D dalvikvm: GC_FOR_ALLOC freed 25K, 4% free 10658K/11079K, paused 53ms
07-04 03:29:04.586   145   396 I ActivityManager: Start proc android.process.media for content provider com.android.providers.media/.MediaProvider: pid=27611 uid=10012 gids={1015, 1023, 1024, 2001, 3003, 3007}
07-04 03:29:04.656 27611 27611 I ActivityThread: Pub downloads: com.android.providers.downloads.DownloadProvider
07-04 03:29:04.688 27611 27611 I ActivityThread: Pub drm: com.android.providers.drm.DrmProvider
07-04 03:29:04.688 27611 27625 I DownloadManager: in removeSpuriousFiles
07-04 03:29:04.695 27611 27611 I ActivityThread: Pub media: com.android.providers.media.MediaProvider
07-04 03:29:04.742 27611 27625 I DownloadManager: in removeSpuriousFiles, preserving file /data/data/com.android.providers.downloads/cache/metadata.json
07-04 03:29:04.742 27611 27625 I DownloadManager: in removeSpuriousFiles, preserving file /data/data/com.android.providers.downloads/cache/en_general.htm
07-04 03:29:04.746 27611 27625 I DownloadManager: in removeSpuriousFiles, preserving file /mnt/sdcard/Download/img-thing.jpeg
07-04 03:29:04.746 27611 27625 I DownloadManager: in removeSpuriousFiles, preserving file /data/data/com.android.providers.downloads/cache/metadata-1.json
07-04 03:29:04.746 27611 27625 I DownloadManager: in removeSpuriousFiles, preserving file /data/data/com.android.providers.downloads/cache/downloadfile.jpeg
07-04 03:29:04.746 27611 27625 I DownloadManager: in removeSpuriousFiles, preserving file /data/data/com.android.providers.downloads/cache/metadata-2.json
07-04 03:29:04.746 27611 27625 I DownloadManager: in removeSpuriousFiles, preserving file /data/data/com.android.providers.downloads/cache/metadata-3.json
07-04 03:29:04.746 27611 27625 I DownloadManager: in removeSpuriousFiles, preserving file /data/data/com.android.providers.downloads/cache/downloadfile-1.jpeg
07-04 03:29:04.746 27611 27625 I DownloadManager: in removeSpuriousFiles, preserving file /data/data/com.android.providers.downloads/cache/downloadfile-2.jpeg
07-04 03:29:04.750 27611 27625 I DownloadManager: deleting spurious file /cache/backup
07-04 03:29:04.832   145  1149 I ActivityManager: Process com.google.android.maps.mytracks (pid 27526) has died.
07-04 03:29:05.063 27611 27613 D dalvikvm: GC_CONCURRENT freed 367K, 5% free 9166K/9607K, paused 6ms+13ms
07-04 03:29:06.473 27539 27541 D dalvikvm: GC_CONCURRENT freed 218K, 4% free 9255K/9607K, paused 237ms+2ms
07-04 03:29:07.121   145  9966 I ActivityManager: Process com.facebook.katana (pid 20043) has died.
07-04 03:29:07.121   145  9966 W ActivityManager: Scheduling restart of crashed service com.facebook.katana/com.facebook.orca.push.mqtt.MqttPushService in 11089ms
07-04 03:29:07.121   145  9966 W ActivityManager: Scheduling restart of crashed service com.facebook.katana/.service.MediaUploadService in 21089ms
07-04 03:29:08.242   145   162 I ActivityManager: Start proc com.spotify.mobile.android.service for service com.spotify.mobile.android.ui/com.spotify.mobile.android.service.SpotifyService: pid=27631 uid=10055 gids={3003, 1015}
07-04 03:29:08.379 27631 27631 D dalvikvm: Trying to load lib /data/data/com.spotify.mobile.android.ui/lib/liborbit-jni-spotify.so 0x4133cb98
07-04 03:29:08.430 27631 27631 D dalvikvm: Added shared lib /data/data/com.spotify.mobile.android.ui/lib/liborbit-jni-spotify.so 0x4133cb98
07-04 03:29:08.442   145   147 D dalvikvm: GC_CONCURRENT freed 1886K, 28% free 18461K/25543K, paused 8ms+31ms
07-04 03:29:08.641 27565 27568 D dalvikvm: GC_CONCURRENT freed 236K, 4% free 9903K/10247K, paused 65ms+23ms
07-04 03:29:08.918   145   395 I ActivityManager: Process com.spotify.mobile.android.service (pid 27631) has died.
07-04 03:29:08.918   145   395 W ActivityManager: Scheduling restart of crashed service com.spotify.mobile.android.ui/com.spotify.mobile.android.service.SpotifyService in 29290ms
07-04 03:29:09.258   145 27582 I ActivityManager: Applications Memory Usage (kB):
07-04 03:29:09.258   145 27582 I ActivityManager: Uptime: 241373578 Realtime: 278100908
07-04 03:29:09.258   145 27582 I ActivityManager: Total PSS by OOM adjustment:
07-04 03:29:09.258   145 27582 I ActivityManager:     29213 kB: System
07-04 03:29:09.258   145 27582 I ActivityManager:                29213 kB: system (pid 145)
07-04 03:29:09.258   145 27582 I ActivityManager:     29010 kB: Persistent
07-04 03:29:09.258   145 27582 I ActivityManager:                12716 kB: com.android.phone (pid 345)
07-04 03:29:09.258   145 27582 I ActivityManager:                12246 kB: com.android.systemui (pid 216)
07-04 03:29:09.258   145 27582 I ActivityManager:                 4048 kB: com.android.nfc (pid 362)
07-04 03:29:09.258   145 27582 I ActivityManager:     40949 kB: Foreground
07-04 03:29:09.258   145 27582 I ActivityManager:                31803 kB: com.twitter.android (pid 27207)
07-04 03:29:09.258   145 27582 I ActivityManager:                 4980 kB: com.google.android.apps.maps (pid 27550)
07-04 03:29:09.258   145 27582 I ActivityManager:                 4166 kB: com.google.android.apps.plus (pid 27565)
07-04 03:29:09.258   145 27582 I ActivityManager:     16555 kB: Visible
07-04 03:29:09.258   145 27582 I ActivityManager:                13779 kB: com.google.android.gsf.login (pid 1401)
07-04 03:29:09.258   145 27582 I ActivityManager:                 2776 kB: com.android.smspush (pid 454)
07-04 03:29:09.258   145 27582 I ActivityManager:      6699 kB: Perceptible
07-04 03:29:09.258   145 27582 I ActivityManager:                 6699 kB: com.klye.ime.latin (pid 10674)
07-04 03:29:09.258   145 27582 I ActivityManager:     21456 kB: A Services
07-04 03:29:09.258   145 27582 I ActivityManager:                12045 kB: com.google.process.gapps (pid 17545)
07-04 03:29:09.258   145 27582 I ActivityManager:                 4785 kB: edu.buffalo.cse.phonelab.phonelabservices (pid 27487)
07-04 03:29:09.258   145 27582 I ActivityManager:                 4626 kB: com.google.android.gm (pid 27539)
07-04 03:29:09.258   145 27582 I ActivityManager:     13681 kB: Home
07-04 03:29:09.258   145 27582 I ActivityManager:                13681 kB: com.android.launcher (pid 29974)
07-04 03:29:09.258   145 27582 I ActivityManager:     39816 kB: Previous
07-04 03:29:09.258   145 27582 I ActivityManager:                39816 kB: org.mozilla.firefox_beta (pid 27245)
07-04 03:29:09.258   145 27582 I ActivityManager:     23289 kB: B Services
07-04 03:29:09.258   145 27582 I ActivityManager:                 5626 kB: com.whatsapp (pid 27116)
07-04 03:29:09.258   145 27582 I ActivityManager:                 5556 kB: com.xabber.androiddev (pid 27148)
07-04 03:29:09.258   145 27582 I ActivityManager:                 4851 kB: com.google.android.apps.googlevoice (pid 25668)
07-04 03:29:09.258   145 27582 I ActivityManager:                 4752 kB: com.google.android.apps.maps:LocationFriendService (pid 27279)
07-04 03:29:09.258   145 27582 I ActivityManager:                 2504 kB: com.android.sprintmenu (pid 26357)
07-04 03:29:09.258   145 27582 I ActivityManager:      3639 kB: Background
07-04 03:29:09.258   145 27582 I ActivityManager:                 3639 kB: com.google.android.maps.mytracks (pid 27526)
07-04 03:29:09.258   145 27582 I ActivityManager: 
07-04 03:29:09.258   145 27582 I ActivityManager: Total PSS: 224307 kB
07-04 03:29:09.258   145 27582 I ActivityManager:   PID      Vss      Rss      Pss      Uss  cmdline
07-04 03:29:09.258   145 27582 I ActivityManager: 27245   61644K   61596K   39920K   37980K  org.mozilla.firefox_beta
07-04 03:29:09.258   145 27582 I ActivityManager: 27207   56176K   56008K   31897K   28024K  com.twitter.android
07-04 03:29:09.258   145 27582 I ActivityManager:   145   46460K   46260K   29171K   27808K  system_server
07-04 03:29:09.258   145 27582 I ActivityManager:  1401   29736K   29656K   13839K   13048K  com.google.android.gsf.login
07-04 03:29:09.258   145 27582 I ActivityManager: 29974   32540K   32484K   13761K   12092K  com.android.launcher
07-04 03:29:09.258   145 27582 I ActivityManager:   345   28784K   28712K   12758K   11912K  com.android.phone
07-04 03:29:09.258   145 27582 I ActivityManager:   216   31896K   31804K   12295K    8336K  com.android.systemui
07-04 03:29:09.258   145 27582 I ActivityManager: 17545   29044K   28960K   12079K   11156K  com.google.process.gapps
07-04 03:29:09.258   145 27582 I ActivityManager:    78   23920K   16864K   11546K    7068K  /system/bin/surfaceflinger
07-04 03:29:09.258   145 27582 I ActivityManager: 27550   30632K   30568K    9517K    7756K  com.google.android.apps.maps
07-04 03:29:09.258   145 27582 I ActivityManager: 27565   27824K   27748K    7669K    6208K  com.google.android.apps.plus
07-04 03:29:09.258   145 27582 I ActivityManager: 10674   22748K   22684K    6755K    5912K  com.klye.ime.latin
07-04 03:29:09.258   145 27582 I ActivityManager: 27116   26068K   26000K    5660K    4356K  com.whatsapp
07-04 03:29:09.258   145 27582 I ActivityManager: 27148   26260K   26196K    5594K    4236K  com.xabber.androiddev
07-04 03:29:09.258   145 27582 I ActivityManager: 27539   25620K   25556K    5251K    3856K  com.google.android.gm
07-04 03:29:09.258   145 27582 I ActivityManager: 25668   22492K   22396K    4892K    3948K  com.google.android.apps.googlevoice
07-04 03:29:09.258   145 27582 I ActivityManager: 27487   24800K   24728K    4862K    3448K  edu.buffalo.cse.phonelab.phonelabservices
07-04 03:29:09.258   145 27582 I ActivityManager: 27279   24988K   24932K    4801K    3528K  com.google.android.apps.maps:LocationFriendService
07-04 03:29:09.258   145 27582 I ActivityManager: 27611   25016K   24948K    4443K    3028K  android.process.media
07-04 03:29:09.258   145 27582 I ActivityManager:   362   20016K   19928K    4060K    3272K  com.android.nfc
