07-03 22:36:08.453 17071 17074 D dalvikvm: GC_CONCURRENT freed 429K, 6% free 9952K/10503K, paused 94ms+3ms
07-03 22:36:08.535   145  4009 I ActivityManager: Start proc android.process.media for content provider com.android.providers.media/.MediaProvider: pid=17136 uid=10012 gids={1015, 1023, 1024, 2001, 3003, 3007}
07-03 22:36:08.758 17136 17136 I ActivityThread: Pub downloads: com.android.providers.downloads.DownloadProvider
07-03 22:36:08.871 17136 17136 I ActivityThread: Pub drm: com.android.providers.drm.DrmProvider
07-03 22:36:08.875 17136 17155 I DownloadManager: in removeSpuriousFiles
07-03 22:36:08.899 17136 17136 I ActivityThread: Pub media: com.android.providers.media.MediaProvider
07-03 22:36:08.918 17136 17155 I DownloadManager: in removeSpuriousFiles, preserving file /data/data/com.android.providers.downloads/cache/metadata.json
07-03 22:36:08.918 17136 17155 I DownloadManager: in removeSpuriousFiles, preserving file /data/data/com.android.providers.downloads/cache/en_general.htm
07-03 22:36:08.918 17136 17155 I DownloadManager: in removeSpuriousFiles, preserving file /mnt/sdcard/Download/img-thing.jpeg
07-03 22:36:08.918 17136 17155 I DownloadManager: in removeSpuriousFiles, preserving file /data/data/com.android.providers.downloads/cache/metadata-1.json
07-03 22:36:08.918 17136 17155 I DownloadManager: in removeSpuriousFiles, preserving file /data/data/com.android.providers.downloads/cache/downloadfile.jpeg
07-03 22:36:08.918 17136 17155 I DownloadManager: in removeSpuriousFiles, preserving file /data/data/com.android.providers.downloads/cache/metadata-2.json
07-03 22:36:08.918 17136 17155 I DownloadManager: in removeSpuriousFiles, preserving file /data/data/com.android.providers.downloads/cache/metadata-3.json
07-03 22:36:08.918 17136 17155 I DownloadManager: in removeSpuriousFiles, preserving file /data/data/com.android.providers.downloads/cache/downloadfile-1.jpeg
07-03 22:36:08.918 17136 17155 I DownloadManager: in removeSpuriousFiles, preserving file /data/data/com.android.providers.downloads/cache/downloadfile-2.jpeg
07-03 22:36:08.922 17136 17155 I DownloadManager: deleting spurious file /cache/backup
07-03 22:36:08.942 17118 17152 D PicasaSync: sync account database
07-03 22:36:09.012 17118 17121 D dalvikvm: GC_CONCURRENT freed 342K, 5% free 9831K/10247K, paused 109ms+6ms
07-03 22:36:09.281 17136 17138 D dalvikvm: GC_CONCURRENT freed 324K, 5% free 9210K/9607K, paused 2ms+3ms
07-03 22:36:09.336   145   310 I ActivityManager: Process com.google.android.apps.maps:LocationFriendService (pid 17071) has died.
07-03 22:36:09.391 17118 17133 D PicasaPhotoCP: set fsid first time:-1
07-03 22:36:09.430   145   333 I ActivityManager: Start proc com.google.android.apps.maps:LocationFriendService for service com.google.android.apps.maps/com.google.googlenav.friend.reporting.LocationReceiverService: pid=17165 uid=10056 gids={3003, 1015}
07-03 22:36:09.754 17165 17168 D dalvikvm: GC_CONCURRENT freed 156K, 3% free 9380K/9607K, paused 3ms+5ms
07-03 22:36:09.879   145  1150 W InputManagerService: Window already focused, ignoring focus gain of: com.android.internal.view.IInputMethodClient$Stub$Proxy@416208e8
07-03 22:36:10.000   145 22722 I ActivityManager: Process com.google.android.apps.plus (pid 17118) has died.
07-03 22:36:10.090 17165 17168 D dalvikvm: GC_CONCURRENT freed 149K, 3% free 9667K/9927K, paused 2ms+2ms
07-03 22:36:10.442 16569 16602 D dalvikvm: GC_FOR_ALLOC freed 1273K, 17% free 20644K/24647K, paused 247ms
07-03 22:36:10.598 17165 17168 D dalvikvm: GC_CONCURRENT freed 331K, 4% free 9908K/10311K, paused 4ms+6ms
07-03 22:36:10.844 17165 17172 I dalvikvm: Total arena pages for JIT: 11
07-03 22:36:10.844 17165 17172 I dalvikvm: Total arena pages for JIT: 12
07-03 22:36:10.844 17165 17172 I dalvikvm: Total arena pages for JIT: 13
07-03 22:36:10.848 17165 17172 I dalvikvm: Total arena pages for JIT: 14
07-03 22:36:10.848 17165 17172 I dalvikvm: Total arena pages for JIT: 15
07-03 22:36:10.848 17165 17172 I dalvikvm: Total arena pages for JIT: 16
07-03 22:36:10.848 17165 17172 I dalvikvm: Total arena pages for JIT: 17
07-03 22:36:11.008 17051 17057 D dalvikvm: GC_CONCURRENT freed 253K, 4% free 10118K/10503K, paused 3ms+2ms
07-03 22:36:11.117 16569 16602 D dalvikvm: GC_FOR_ALLOC freed 898K, 17% free 20593K/24647K, paused 93ms
07-03 22:36:11.391   145  1149 I ActivityManager: Process com.google.android.apps.maps:LocationFriendService (pid 17165) has died.
07-03 22:36:11.395 16569 16602 D dalvikvm: GC_FOR_ALLOC freed 732K, 17% free 20583K/24647K, paused 127ms
07-03 22:36:11.422   145   333 I ActivityManager: Start proc com.google.android.apps.maps:LocationFriendService for service com.google.android.apps.maps/com.google.googlenav.friend.reporting.LocationReceiverService: pid=17190 uid=10056 gids={3003, 1015}
07-03 22:36:11.555 17190 17193 D dalvikvm: GC_CONCURRENT freed 158K, 3% free 9377K/9607K, paused 4ms+3ms
07-03 22:36:11.742 17190 17193 D dalvikvm: GC_CONCURRENT freed 163K, 3% free 9708K/9991K, paused 5ms+5ms
07-03 22:36:11.953 17190 17197 I dalvikvm: Total arena pages for JIT: 11
07-03 22:36:11.957 17190 17197 I dalvikvm: Total arena pages for JIT: 12
07-03 22:36:11.957 17190 17197 I dalvikvm: Total arena pages for JIT: 13
07-03 22:36:11.957 17190 17197 I dalvikvm: Total arena pages for JIT: 14
07-03 22:36:11.957 17190 17197 I dalvikvm: Total arena pages for JIT: 15
07-03 22:36:11.961 17190 17197 I dalvikvm: Total arena pages for JIT: 16
07-03 22:36:11.961 17190 17197 I dalvikvm: Total arena pages for JIT: 17
07-03 22:36:11.988 17190 17193 D dalvikvm: GC_CONCURRENT freed 303K, 4% free 9928K/10311K, paused 2ms+3ms
07-03 22:36:12.375 17190 17197 I dalvikvm: Total arena pages for JIT: 18
07-03 22:36:13.399   145  1150 I ActivityManager: Process android.process.media (pid 17136) has died.
07-03 22:36:13.949 17190 17193 D dalvikvm: GC_CONCURRENT freed 519K, 6% free 9944K/10567K, paused 3ms+4ms
07-03 22:36:14.063   145   361 I ActivityManager: Process com.google.android.apps.maps:LocationFriendService (pid 17190) has died.
07-03 22:36:14.305   145   333 I ActivityManager: Start proc com.google.android.apps.maps:LocationFriendService for service com.google.android.apps.maps/com.google.googlenav.friend.reporting.LocationReceiverService: pid=17219 uid=10056 gids={3003, 1015}
07-03 22:36:14.668 17219 17222 D dalvikvm: GC_CONCURRENT freed 161K, 3% free 9375K/9607K, paused 12ms+2ms
07-03 22:36:15.082 17219 17222 D dalvikvm: GC_CONCURRENT freed 196K, 3% free 9719K/9991K, paused 3ms+6ms
07-03 22:36:15.317   345   345 D SAN_SERVICE: *******************************************
07-03 22:36:15.317   345   345 D SAN_SERVICE: DM App Phone Service State - 0
07-03 22:36:15.317   345   345 D SAN_SERVICE: *******************************************
07-03 22:36:15.403   345   345 D SAN_SERVICE: *******************************************
07-03 22:36:15.403   345   345 D SAN_SERVICE: DM App Phone Service State - 0
07-03 22:36:15.403   345   345 D SAN_SERVICE: *******************************************
07-03 22:36:15.660   145   396 D dalvikvm: JIT code cache reset in 6 ms (1048380 bytes 68/0)
07-03 22:36:15.672   145   396 D dalvikvm: GC_EXPLICIT freed 668K, 32% free 17554K/25543K, paused 56ms+17ms
07-03 22:36:15.703 17219 17226 I dalvikvm: Total arena pages for JIT: 11
07-03 22:36:15.707 17219 17226 I dalvikvm: Total arena pages for JIT: 12
07-03 22:36:15.707 17219 17226 I dalvikvm: Total arena pages for JIT: 13
07-03 22:36:15.707 17219 17226 I dalvikvm: Total arena pages for JIT: 14
07-03 22:36:15.707 17219 17222 D dalvikvm: GC_CONCURRENT freed 262K, 4% free 9915K/10311K, paused 19ms+3ms
07-03 22:36:15.711 17219 17226 I dalvikvm: Total arena pages for JIT: 15
07-03 22:36:15.711 17219 17226 I dalvikvm: Total arena pages for JIT: 16
07-03 22:36:15.711 17219 17226 I dalvikvm: Total arena pages for JIT: 17
07-03 22:36:16.106 10674 10674 D dalvikvm: GC_FOR_ALLOC freed 272K, 22% free 10018K/12743K, paused 32ms
07-03 22:36:16.106 10674 10674 I dalvikvm-heap: Grow heap (frag case) to 10.558MB for 739216-byte allocation
07-03 22:36:16.254 10674 10676 D dalvikvm: GC_CONCURRENT freed 1K, 16% free 10738K/12743K, paused 1ms+10ms
07-03 22:36:16.559   216   218 D dalvikvm: GC_CONCURRENT freed 455K, 58% free 9991K/23687K, paused 3ms+3ms
07-03 22:36:16.660   216   218 D dalvikvm: GC_CONCURRENT freed 461K, 58% free 10025K/23687K, paused 2ms+4ms
07-03 22:36:16.727 17219 17226 I dalvikvm: Total arena pages for JIT: 18
07-03 22:36:17.043 17219 17222 D dalvikvm: GC_CONCURRENT freed 396K, 5% free 9937K/10439K, paused 3ms+2ms
07-03 22:36:17.949 17051 17057 D dalvikvm: GC_CONCURRENT freed 272K, 4% free 10300K/10695K, paused 3ms+3ms
07-03 22:36:19.098 17219 17222 D dalvikvm: GC_CONCURRENT freed 438K, 6% free 9933K/10503K, paused 27ms+3ms
07-03 22:36:20.856   216   218 D dalvikvm: GC_CONCURRENT freed 398K, 58% free 10127K/23687K, paused 7ms+4ms
07-03 22:36:21.684 16569 16569 D dalvikvm: GC_FOR_ALLOC freed 1758K, 17% free 20536K/24647K, paused 110ms
07-03 22:36:21.871   145   365 I ActivityManager: Process com.google.android.apps.maps:LocationFriendService (pid 17219) has died.
07-03 22:36:22.434   145   333 I ActivityManager: Start proc com.google.android.apps.maps:LocationFriendService for service com.google.android.apps.maps/com.google.googlenav.friend.reporting.LocationReceiverService: pid=17277 uid=10056 gids={3003, 1015}
07-03 22:36:22.707 17277 17280 D dalvikvm: GC_CONCURRENT freed 163K, 3% free 9372K/9607K, paused 2ms+3ms
07-03 22:36:22.938 17277 17280 D dalvikvm: GC_CONCURRENT freed 175K, 3% free 9738K/9991K, paused 2ms+6ms
07-03 22:36:23.914    86   591 E GPSD    : ril_gps_wait_for_ril: Response already received.
07-03 22:36:24.512 24625  4657 D dalvikvm: GC_EXPLICIT freed 267K, 8% free 10522K/11335K, paused 158ms+5ms
07-03 22:36:25.008 16569 16570 D dalvikvm: GC_CONCURRENT freed 1426K, 15% free 21168K/24647K, paused 329ms+220ms
07-03 22:36:25.129 17277 17280 D dalvikvm: GC_CONCURRENT freed 340K, 5% free 9931K/10375K, paused 356ms+3ms
07-03 22:36:25.207 17277 17284 I dalvikvm: Total arena pages for JIT: 11
07-03 22:36:25.207 17277 17284 I dalvikvm: Total arena pages for JIT: 12
07-03 22:36:25.207 17277 17284 I dalvikvm: Total arena pages for JIT: 13
07-03 22:36:25.207 17277 17284 I dalvikvm: Total arena pages for JIT: 14
07-03 22:36:25.207 17277 17284 I dalvikvm: Total arena pages for JIT: 15
07-03 22:36:25.207 17277 17284 I dalvikvm: Total arena pages for JIT: 16
07-03 22:36:25.207 17277 17284 I dalvikvm: Total arena pages for JIT: 17
07-03 22:36:25.809 17277 17284 I dalvikvm: Total arena pages for JIT: 18
07-03 22:36:26.610 17277 17280 D dalvikvm: GC_CONCURRENT freed 439K, 6% free 9932K/10503K, paused 2ms+3ms
07-03 22:36:26.703   145   156 I ActivityManager: Process com.whatsapp (pid 11173) has died.
07-03 22:36:26.703   145   156 W ActivityManager: Scheduling restart of crashed service com.whatsapp/.messaging.MessageService in 5000ms
07-03 22:36:27.153 16569 16570 D dalvikvm: GC_CONCURRENT freed 1213K, 12% free 21887K/24647K, paused 3ms+11ms
07-03 22:36:28.504   145  4009 D dalvikvm: GC_EXPLICIT freed 1038K, 32% free 17565K/25543K, paused 3ms+11ms
07-03 22:36:28.641 17277 17280 D dalvikvm: GC_CONCURRENT freed 496K, 6% free 9970K/10567K, paused 3ms+3ms
07-03 22:36:29.418 10674 10676 D dalvikvm: GC_CONCURRENT freed 1219K, 22% free 10008K/12743K, paused 1ms+2ms
07-03 22:36:30.500 17277 17280 D dalvikvm: GC_CONCURRENT freed 469K, 6% free 9946K/10567K, paused 2ms+4ms
07-03 22:36:30.824   345   345 D SAN_SERVICE: *******************************************
07-03 22:36:30.824   345   345 D SAN_SERVICE: DM App Phone Service State - 0
07-03 22:36:30.824   345   345 D SAN_SERVICE: *******************************************
07-03 22:36:30.852   345   345 D SAN_SERVICE: *******************************************
07-03 22:36:30.852   345   345 D SAN_SERVICE: DM App Phone Service State - 0
07-03 22:36:30.852   345   345 D SAN_SERVICE: *******************************************
07-03 22:36:31.789   145   162 I ActivityManager: Start proc com.whatsapp for service com.whatsapp/.messaging.MessageService: pid=17326 uid=10068 gids={1015, 3003}
07-03 22:36:31.844 17326 17326 I dalvikvm: Turning on JNI app bug workarounds for target SDK version 7...
07-03 22:36:32.258 17326 17329 D dalvikvm: GC_CONCURRENT freed 171K, 3% free 9368K/9607K, paused 2ms+2ms
07-03 22:36:32.516   145   156 I ActivityManager: Process com.google.android.apps.maps:LocationFriendService (pid 17277) has died.
07-03 22:36:32.555   145   333 I ActivityManager: Start proc com.google.android.apps.maps:LocationFriendService for service com.google.android.apps.maps/com.google.googlenav.friend.reporting.LocationReceiverService: pid=17340 uid=10056 gids={3003, 1015}
07-03 22:36:32.785 17340 17344 D dalvikvm: GC_CONCURRENT freed 168K, 3% free 9367K/9607K, paused 2ms+2ms
07-03 22:36:32.985 17326 17329 D dalvikvm: GC_CONCURRENT freed 297K, 4% free 9599K/9991K, paused 2ms+5ms
07-03 22:36:33.278 17340 17344 D dalvikvm: GC_CONCURRENT freed 196K, 3% free 9722K/9991K, paused 58ms+15ms
07-03 22:36:33.785 17340 17344 D dalvikvm: GC_CONCURRENT freed 283K, 4% free 9930K/10311K, paused 3ms+4ms
07-03 22:36:33.918 17340 17347 I dalvikvm: Total arena pages for JIT: 11
07-03 22:36:33.918 17340 17347 I dalvikvm: Total arena pages for JIT: 12
07-03 22:36:33.922 17340 17347 I dalvikvm: Total arena pages for JIT: 13
07-03 22:36:33.922 17340 17347 I dalvikvm: Total arena pages for JIT: 14
07-03 22:36:33.922 17340 17347 I dalvikvm: Total arena pages for JIT: 15
07-03 22:36:33.922 17340 17347 I dalvikvm: Total arena pages for JIT: 16
07-03 22:36:33.922 17340 17347 I dalvikvm: Total arena pages for JIT: 17
07-03 22:36:34.028 17326 17326 I dalvikvm: Could not find method android.media.MediaMetadataRetriever.captureFrame, referenced from method com.whatsapp.q3.a
07-03 22:36:34.028 17326 17326 W dalvikvm: VFY: unable to resolve virtual method 502: Landroid/media/MediaMetadataRetriever;.captureFrame ()Landroid/graphics/Bitmap;
07-03 22:36:34.028 17326 17326 D dalvikvm: VFY: replacing opcode 0x6e at 0x0134
07-03 22:36:34.297 17326 17329 D dalvikvm: GC_CONCURRENT freed 297K, 4% free 9812K/10183K, paused 7ms+4ms
07-03 22:36:34.395 17340 17347 I dalvikvm: Total arena pages for JIT: 18
07-03 22:36:34.594 17326 17329 D dalvikvm: GC_CONCURRENT freed 279K, 4% free 9970K/10375K, paused 2ms+7ms
07-03 22:36:37.508 17340 17344 D dalvikvm: GC_CONCURRENT freed 475K, 6% free 9962K/10567K, paused 47ms+169ms
07-03 22:36:38.070 17326 17329 D dalvikvm: GC_CONCURRENT freed 302K, 4% free 10146K/10567K, paused 8ms+8ms
07-03 22:36:38.465 17340 17344 D dalvikvm: GC_CONCURRENT freed 461K, 6% free 9956K/10567K, paused 2ms+3ms
07-03 22:36:40.231 16569 16570 D dalvikvm: GC_CONCURRENT freed 1859K, 11% free 21952K/24647K, paused 7ms+14ms
07-03 22:36:40.438 17340 17344 D dalvikvm: GC_CONCURRENT freed 444K, 6% free 9945K/10567K, paused 4ms+3ms
07-03 22:36:40.664 12045 12047 D dalvikvm: GC_CONCURRENT freed 370K, 6% free 10362K/10951K, paused 2ms+2ms
07-03 22:36:42.473   145   157 D dalvikvm: GC_EXPLICIT freed 925K, 32% free 17576K/25543K, paused 3ms+11ms
07-03 22:36:43.422 17340 17344 D dalvikvm: GC_CONCURRENT freed 449K, 6% free 9940K/10567K, paused 3ms+4ms
07-03 22:36:45.445 17340 17344 D dalvikvm: GC_CONCURRENT freed 434K, 6% free 9942K/10567K, paused 2ms+3ms
07-03 22:36:48.453 17340 17344 D dalvikvm: GC_CONCURRENT freed 446K, 6% free 9943K/10567K, paused 2ms+3ms
07-03 22:36:49.117   145   348 D AlarmManagerService: Kernel timezone updated to 240 minutes west of GMT
07-03 22:36:49.121   345   345 D SystemClock: Setting time of day to sec=1341369410
07-03 22:36:50.114   145   162 I ActivityManager: Start proc com.android.calendar for broadcast com.android.calendar/.widget.CalendarAppWidgetService$CalendarFactory: pid=17413 uid=10005 gids={3003}
07-03 22:36:50.165   145   145 I ActivityManager: Process com.google.android.apps.maps:LocationFriendService (pid 17340) has died.
07-03 22:36:50.223 17413 17413 I ActivityThread: Pub com.android.calendar.CalendarRecentSuggestionsProvider: com.android.calendar.CalendarRecentSuggestionsProvider
07-03 22:36:50.293   145   333 I ActivityManager: Start proc com.google.android.apps.maps:LocationFriendService for service com.google.android.apps.maps/com.google.googlenav.friend.reporting.LocationReceiverService: pid=17427 uid=10056 gids={3003, 1015}
07-03 22:36:50.356   145  1150 I ActivityManager: Start proc com.android.deskclock for broadcast com.android.deskclock/.AlarmInitReceiver: pid=17442 uid=10011 gids={}
07-03 22:36:50.430 17442 17442 I ActivityThread: Pub com.android.deskclock: com.android.deskclock.AlarmProvider
07-03 22:36:50.579 17427 17430 D dalvikvm: GC_CONCURRENT freed 173K, 3% free 9362K/9607K, paused 3ms+3ms
07-03 22:36:50.633 17442 17455 V AlarmClock: AlarmInitReceiver finished
07-03 22:36:50.723   145  4009 I ActivityManager: Process com.android.calendar (pid 17413) has died.
07-03 22:36:50.750 17427 17430 D dalvikvm: GC_CONCURRENT freed 132K, 3% free 9673K/9927K, paused 3ms+1ms
07-03 22:36:50.985   145   361 I ActivityManager: Process com.android.deskclock (pid 17442) has died.
07-03 22:36:51.114 17427 17430 D dalvikvm: GC_CONCURRENT freed 343K, 5% free 9894K/10311K, paused 22ms+3ms
07-03 22:36:51.239 17427 17434 I dalvikvm: Total arena pages for JIT: 11
07-03 22:36:51.239 17427 17434 I dalvikvm: Total arena pages for JIT: 12
07-03 22:36:51.239 17427 17434 I dalvikvm: Total arena pages for JIT: 13
07-03 22:36:51.243 17427 17434 I dalvikvm: Total arena pages for JIT: 14
07-03 22:36:51.243 17427 17434 I dalvikvm: Total arena pages for JIT: 15
07-03 22:36:51.243 17427 17434 I dalvikvm: Total arena pages for JIT: 16
07-03 22:36:51.243 17427 17434 I dalvikvm: Total arena pages for JIT: 17
07-03 22:36:51.368 17427 17434 I dalvikvm: Total arena pages for JIT: 18
07-03 22:36:52.387 17427 17430 D dalvikvm: GC_CONCURRENT freed 446K, 6% free 9947K/10503K, paused 4ms+3ms
07-03 22:36:53.165   145   173 I power   : *** set_screen_state 0
07-03 22:36:53.200    78   121 D SurfaceFlinger: About to give-up screen, flinger = 0x457918
07-03 22:36:53.415   362   479 D NfcService: NFC-C OFF, disconnect
07-03 22:36:53.446   145   177 V TransportControlView: Create TCV com.android.internal.widget.TransportControlView@4179b348
07-03 22:36:53.500   216   216 D PhoneStatusBar: disable: < expand icons alerts ticker system_info back home RECENT* clock >
07-03 22:36:53.551   216   216 D PhoneStatusBar: disable: < expand icons alerts ticker system_info BACK* HOME* RECENT CLOCK* >
07-03 22:36:53.739   145   161 W ActivityManager: Activity pause timeout for ActivityRecord{41a016e0 com.google.android.apps.maps/com.google.android.maps.MapsActivity}
07-03 22:36:53.750   145   161 I Process : Sending signal. PID: 16569 SIG: 3
07-03 22:36:53.750 16569 16572 I dalvikvm: threadid=3: reacting to signal 3
07-03 22:36:54.040 16569 16572 I dalvikvm: Wrote stack traces to '/data/anr/traces.txt'
07-03 22:36:54.063 29974 29974 D OpenGLRenderer: Flushing caches (mode 2)
07-03 22:36:54.094 29974 29974 D OpenGLRenderer: Flushing caches (mode 0)
07-03 22:36:54.325   145   365 I ActivityManager: Process com.google.android.apps.maps:LocationFriendService (pid 17427) has died.
07-03 22:36:54.512    79    79 D dalvikvm: GC_EXPLICIT freed 38K, 4% free 9031K/9347K, paused 2ms+5ms
07-03 22:36:54.551   145   333 I ActivityManager: Start proc com.google.android.apps.maps:LocationFriendService for service com.google.android.apps.maps/com.google.googlenav.friend.reporting.LocationReceiverService: pid=17475 uid=10056 gids={3003, 1015}
07-03 22:36:54.563    79    79 D dalvikvm: GC_EXPLICIT freed <1K, 4% free 9031K/9347K, paused 2ms+10ms
07-03 22:36:54.629    79    79 D dalvikvm: GC_EXPLICIT freed <1K, 4% free 9031K/9347K, paused 2ms+27ms
07-03 22:36:54.829   145   161 I Process : Sending signal. PID: 16569 SIG: 3
07-03 22:36:54.829 16569 16572 I dalvikvm: threadid=3: reacting to signal 3
07-03 22:36:54.875 16569 16572 I dalvikvm: Wrote stack traces to '/data/anr/traces.txt'
07-03 22:36:54.879   145   161 I Process : Sending signal. PID: 16569 SIG: 3
07-03 22:36:54.879   145   161 W ActivityManager: Activity pause timeout for ActivityRecord{41a016e0 com.google.android.apps.maps/com.google.android.maps.MapsActivity}
07-03 22:36:54.883 16569 16572 I dalvikvm: threadid=3: reacting to signal 3
07-03 22:36:54.938 16569 16572 I dalvikvm: Wrote stack traces to '/data/anr/traces.txt'
07-03 22:36:54.985 17475 17478 D dalvikvm: GC_CONCURRENT freed 178K, 3% free 9358K/9607K, paused 2ms+6ms
07-03 22:36:55.223   216   218 D dalvikvm: GC_CONCURRENT freed 603K, 59% free 9927K/23687K, paused 1ms+3ms
07-03 22:36:55.352 17475 17478 D dalvikvm: GC_CONCURRENT freed 186K, 3% free 9693K/9991K, paused 2ms+3ms
07-03 22:36:55.399   145   161 I Process : Sending signal. PID: 16569 SIG: 3
07-03 22:36:55.399 16569 16572 I dalvikvm: threadid=3: reacting to signal 3
07-03 22:36:55.504 16569 16572 I dalvikvm: Wrote stack traces to '/data/anr/traces.txt'
07-03 22:36:55.672   216   218 D dalvikvm: GC_CONCURRENT freed 418K, 58% free 9973K/23687K, paused 2ms+5ms
07-03 22:36:55.782   216   218 D dalvikvm: GC_CONCURRENT freed 621K, 59% free 9789K/23687K, paused 2ms+9ms
07-03 22:36:55.833   145   161 I Process : Sending signal. PID: 16569 SIG: 3
07-03 22:36:55.833 16569 16572 I dalvikvm: threadid=3: reacting to signal 3
07-03 22:36:55.922 17475 17482 I dalvikvm: Total arena pages for JIT: 11
07-03 22:36:55.930 16569 16572 I dalvikvm: Wrote stack traces to '/data/anr/traces.txt'
07-03 22:36:55.965 17475 17482 I dalvikvm: Total arena pages for JIT: 12
07-03 22:36:55.965 17475 17482 I dalvikvm: Total arena pages for JIT: 13
07-03 22:36:55.973 17475 17482 I dalvikvm: Total arena pages for JIT: 14
07-03 22:36:56.047   145   147 D dalvikvm: GC_CONCURRENT freed 1204K, 29% free 18328K/25543K, paused 3ms+10ms
07-03 22:36:56.079 17475 17482 I dalvikvm: Total arena pages for JIT: 15
07-03 22:36:56.083 17475 17482 I dalvikvm: Total arena pages for JIT: 16
07-03 22:36:56.083 17475 17482 I dalvikvm: Total arena pages for JIT: 17
07-03 22:36:56.274 17475 17478 D dalvikvm: GC_CONCURRENT freed 304K, 4% free 9929K/10311K, paused 2ms+148ms
07-03 22:36:56.333   145   161 I Process : Sending signal. PID: 16569 SIG: 3
07-03 22:36:56.333 16569 16572 I dalvikvm: threadid=3: reacting to signal 3
07-03 22:36:56.368 16569 16572 I dalvikvm: Wrote stack traces to '/data/anr/traces.txt'
07-03 22:36:56.559 17475 17482 I dalvikvm: Total arena pages for JIT: 18
07-03 22:36:56.692   216   216 D dalvikvm: GC_FOR_ALLOC freed 372K, 59% free 9760K/23687K, paused 17ms
07-03 22:36:56.747   216   218 D dalvikvm: GC_CONCURRENT freed 490K, 59% free 9752K/23687K, paused 1ms+4ms
07-03 22:36:56.836   216   218 D dalvikvm: GC_CONCURRENT freed 394K, 59% free 9849K/23687K, paused 2ms+8ms
07-03 22:36:56.911   145 28236 D dalvikvm: GC_EXPLICIT freed 163K, 29% free 18231K/25543K, paused 3ms+6ms
07-03 22:37:52.008   145   175 I ActivityManager: Start proc com.twitter.android for service com.twitter.android/.client.AppService: pid=17515 uid=10064 gids={3003, 1015}
07-03 22:37:52.016 17515 17515 I dalvikvm: Turning on JNI app bug workarounds for target SDK version 11...
07-03 22:37:52.145 17515 17515 I ActivityThread: Pub com.twitter.android.provider.GlobalDatabaseProvider: com.twitter.android.provider.GlobalDatabaseProvider
07-03 22:37:52.152 17515 17515 I ActivityThread: Pub com.twitter.android.provider.TwitterProvider: com.twitter.android.provider.TwitterProvider
07-03 22:37:52.227   145   145 I ActivityManager: Process com.google.process.gapps (pid 24625) has died.
07-03 22:37:52.227 12045 17513 I ActivityThread: Removing dead content provider: com.google.settings
07-03 22:37:52.231   145   145 W ActivityManager: Scheduling restart of crashed service com.google.android.location/.internal.server.NetworkLocationService in 5000ms
07-03 22:37:52.231   145   145 W ActivityManager: Scheduling restart of crashed service com.google.android.location/.NetworkLocationService in 15000ms
07-03 22:37:52.231   145   145 W ActivityManager: Scheduling restart of crashed service com.google.android.gsf/.gtalkservice.service.GTalkService in 25000ms
07-03 22:37:52.231   145   145 I ActivityManager: Kill com.google.android.apps.maps:NetworkLocationService (pid 12045): provider com.google.android.gsf.settings.GoogleSettingsProvider in dying process com.google.process.gapps
07-03 22:37:52.274   145   590 E JavaBinder: !!! FAILED BINDER TRANSACTION !!!
07-03 22:37:52.274   145   396 I ActivityManager: Process com.google.android.apps.maps:NetworkLocationService (pid 12045) has died.
07-03 22:37:52.281   145   590 W GpsLocationProvider: RemoteException in reportStatus
07-03 22:37:52.293   145   396 W ActivityManager: Scheduling restart of crashed service com.google.android.apps.maps/com.google.android.location.internal.server.NetworkLocationService in 34937ms
07-03 22:37:52.410   216   218 D dalvikvm: GC_CONCURRENT freed 383K, 59% free 9946K/23687K, paused 1ms+3ms
07-03 22:37:52.465   216   216 D dalvikvm: GC_FOR_ALLOC freed 629K, 59% free 9760K/23687K, paused 18ms
07-03 22:37:52.492 17515 17517 D dalvikvm: GC_CONCURRENT freed 201K, 3% free 9269K/9543K, paused 3ms+2ms
07-03 22:37:52.570   216   218 D dalvikvm: GC_CONCURRENT freed 377K, 59% free 9788K/23687K, paused 2ms+3ms
07-03 22:37:52.957   216   216 D dalvikvm: GC_FOR_ALLOC freed 394K, 59% free 9758K/23687K, paused 17ms
07-03 22:37:53.004   216   218 D dalvikvm: GC_CONCURRENT freed 488K, 59% free 9757K/23687K, paused 2ms+4ms
07-03 22:37:53.074   216   218 D dalvikvm: GC_CONCURRENT freed 437K, 59% free 9821K/23687K, paused 1ms+3ms
07-03 22:37:53.180 17515 17517 D dalvikvm: GC_CONCURRENT freed 173K, 4% free 9497K/9799K, paused 7ms+1ms
07-03 22:37:53.317 17515 17517 D dalvikvm: GC_CONCURRENT freed 309K, 5% free 9635K/10055K, paused 2ms+2ms
07-03 22:37:53.438 17515 17517 D dalvikvm: GC_CONCURRENT freed 305K, 5% free 9762K/10183K, paused 1ms+2ms
07-03 22:37:53.555 17515 17517 D dalvikvm: GC_CONCURRENT freed 303K, 5% free 9892K/10311K, paused 2ms+2ms
07-03 22:37:53.676 17515 17517 D dalvikvm: GC_CONCURRENT freed 305K, 4% free 10024K/10439K, paused 1ms+1ms
07-03 22:37:53.801 17515 17517 D dalvikvm: GC_CONCURRENT freed 290K, 4% free 10163K/10567K, paused 2ms+1ms
07-03 22:37:53.918 17515 17517 D dalvikvm: GC_CONCURRENT freed 308K, 4% free 10280K/10695K, paused 1ms+2ms
07-03 22:37:54.098 17515 17517 D dalvikvm: GC_CONCURRENT freed 489K, 6% free 10224K/10823K, paused 2ms+2ms
07-03 22:37:54.223 17515 17517 D dalvikvm: GC_CONCURRENT freed 327K, 5% free 10299K/10823K, paused 1ms+2ms
07-03 22:37:54.348 17515 17517 D dalvikvm: GC_CONCURRENT freed 318K, 5% free 10388K/10823K, paused 2ms+2ms
07-03 22:37:54.477 17515 17517 D dalvikvm: GC_CONCURRENT freed 359K, 5% free 10473K/10951K, paused 2ms+2ms
07-03 22:37:54.598 17515 17517 D dalvikvm: GC_CONCURRENT freed 342K, 5% free 10553K/11015K, paused 2ms+2ms
07-03 22:37:54.719 17515 17517 D dalvikvm: GC_CONCURRENT freed 336K, 4% free 10636K/11079K, paused 2ms+2ms
07-03 22:37:54.836 17515 17517 D dalvikvm: GC_CONCURRENT freed 363K, 5% free 10723K/11207K, paused 1ms+2ms
07-03 22:37:54.961 17515 17517 D dalvikvm: GC_CONCURRENT freed 396K, 5% free 10817K/11335K, paused 2ms+2ms
07-03 22:37:56.492 17515 17517 D dalvikvm: GC_CONCURRENT freed 349K, 5% free 11003K/11463K, paused 3ms+2ms
07-03 22:37:57.281   145   162 I ActivityManager: Start proc com.google.process.gapps for service com.google.android.location/.internal.server.NetworkLocationService: pid=17545 uid=10009 gids={3003, 1015, 1007, 2001, 3006}
07-03 22:37:57.285 17545 17545 I dalvikvm: Turning on JNI app bug workarounds for target SDK version 12...
07-03 22:37:57.317 17545 17545 I ActivityThread: Pub com.google.settings: com.google.android.gsf.settings.GoogleSettingsProvider
07-03 22:37:57.406 17545 17545 I ActivityThread: Pub subscribedfeeds: com.google.android.gsf.subscribedfeeds.SubscribedFeedsProvider
07-03 22:37:57.434 17545 17545 I ActivityThread: Pub com.google.contacts.gal.provider: com.google.android.syncadapters.contacts.GalProvider
07-03 22:37:57.559 17545 17545 I ActivityThread: Pub com.google.android.gsf.gservices: com.google.android.gsf.gservices.GservicesProvider
07-03 22:37:57.567 17545 17545 I GservicesProvider: Gservices pushing to system: true; secure: true
07-03 22:37:57.567 17545 17545 I ActivityThread: Pub com.google.android.providers.talk: com.google.android.gsf.talk.TalkProvider
07-03 22:37:57.660 17545 17545 D androidInternalNlpService: onCreate com.google.android.location.internal.server.NetworkLocationService@41398540
07-03 22:37:57.676 17545 17547 D dalvikvm: GC_CONCURRENT freed 299K, 4% free 9235K/9607K, paused 2ms+2ms
07-03 22:37:57.684 17545 17560 D NetworkLocationRealOs: NLPv2 file already exists; ignoring any NLPv1 files
07-03 22:37:57.688 17545 17545 D androidNlpServiceThread: ANDROID minProtocolVersion 1 maxProtocolVersion 1 releaseVersion -1
07-03 22:37:57.879 17545 17547 D dalvikvm: GC_CONCURRENT freed 350K, 5% free 9442K/9863K, paused 2ms+2ms
07-03 22:37:57.887   145  9966 D SyncManager: setSyncAutomatically: , provider subscribedfeeds -> true
07-03 22:37:57.887   145  9966 D SyncManager: setSyncAutomatically: already set to true, doing nothing
07-03 22:37:58.078 17545 17547 D dalvikvm: GC_CONCURRENT freed 225K, 3% free 9756K/10055K, paused 2ms+3ms
07-03 22:37:58.199 17545 17566 D WifiLocator: Too many no-location APs. Will not compute a location nor go to the server. hasLocation=0 noLocation=0 cacheMiss=0
07-03 22:37:58.199 17545 17566 D CellLocator: Primary cell miss in cache. Need server request.
07-03 22:37:58.219 17545 17562 I System.out: [INFO:456]: LogSource: Running flush
07-03 22:37:58.266   345   347 D dalvikvm: GC_CONCURRENT freed 886K, 17% free 12021K/14343K, paused 6ms+6ms
07-03 22:37:58.281 17545 17565 I System.out: [INFO:520]: LogSource: Sending payload [bytes=270]
07-03 22:37:58.324 17545 17547 D dalvikvm: GC_CONCURRENT freed 721K, 9% free 9543K/10375K, paused 2ms+4ms
07-03 22:38:00.297 17545 17565 I System.out: [INFO:2535]: LogSource: Response [http=200,length=125]
07-03 22:38:00.313 17545 17562 I System.out: [INFO:2550]: LogSource: Read id 1, status code 200
07-03 22:38:00.317 17545 17566 D WifiLocator: Too many no-location APs. Will not compute a location nor go to the server. hasLocation=0 noLocation=0 cacheMiss=0
07-03 22:38:12.766 16686 16699 I PhoneLab-: Service Running
07-03 22:38:12.914 16686 16699 I PhoneLab-LoggerService: app_37    1360  1     1436   988   c00f181c 400107b4 S logcat
07-03 22:38:12.914 16686 16699 I PhoneLab-LoggerService: Logcat pid from database 1360
07-03 22:38:12.914 16686 16699 I PhoneLab-LoggerService: Logcat process found 1360
07-03 22:38:12.914 16686 16699 I PhoneLab-LoggerService: Checking Threshold
07-03 22:38:21.379   362   362 D dalvikvm: GC_EXPLICIT freed 56K, 6% free 9103K/9607K, paused 2ms+3ms
07-03 22:38:30.664 17545 17545 D NetworkLocationService: onCreate com.google.android.location.NetworkLocationService@41407018
07-03 22:38:30.684 17545 17545 D NetworkLocationClient: ANDROID minProtocolVersion 1 maxProtocolVersion 1 releaseVersion -1
07-03 22:38:30.684 17545 17545 D NetworkLocationClient: binding to Intent { act=com.google.android.location.internal.ANDROID_NLP }
07-03 22:38:30.684 17545 17545 D NetworkLocationService: onBind com.google.android.location.NetworkLocationProvidercom.google.android.location.NetworkLocationService@41407018
07-03 22:38:30.688 17545 17545 D NetworkLocationService: onBind com.google.android.location.GeocodeProvidercom.google.android.location.NetworkLocationService@41407018
07-03 22:38:30.692 17545 17545 D NetworkLocationClient: onServiceConnected to ComponentInfo{com.google.android.location/com.google.android.location.internal.server.NetworkLocationService}
07-03 22:38:30.692 17545 17573 D androidNetworkLocationListeners: Still have listener com.google.android.location.internal.client.NetworkLocationClient$1@4133ef90
07-03 22:38:30.699 17545 17566 D WifiLocator: Too many no-location APs. Will not compute a location nor go to the server. hasLocation=0 noLocation=0 cacheMiss=0
07-03 22:38:30.703 17545 17573 D androidNetworkLocationListeners: Still have listener com.google.android.location.internal.client.NetworkLocationClient$1@4133ef90
07-03 22:38:30.711 17545 17566 D WifiLocator: Too many no-location APs. Will not compute a location nor go to the server. hasLocation=0 noLocation=0 cacheMiss=0
07-03 22:38:30.719 17545 17573 D androidNetworkLocationListeners: Still have listener com.google.android.location.internal.client.NetworkLocationClient$1@4133ef90
07-03 22:38:30.723 17545 17566 D WifiLocator: Too many no-location APs. Will not compute a location nor go to the server. hasLocation=0 noLocation=0 cacheMiss=0
07-03 22:39:10.367   345   345 D SAN_SERVICE: *******************************************
07-03 22:39:10.371   345   345 D SAN_SERVICE: DM App Phone Service State - 0
07-03 22:39:10.371   345   345 D SAN_SERVICE: *******************************************
07-03 22:39:11.102   345   345 D SAN_SERVICE: *******************************************
07-03 22:39:11.102   345   345 D SAN_SERVICE: DM App Phone Service State - 0
07-03 22:39:11.102   345   345 D SAN_SERVICE: *******************************************
07-03 22:39:21.008   345   345 D SAN_SERVICE: *******************************************
07-03 22:39:21.008   345   345 D SAN_SERVICE: DM App Phone Service State - 0
07-03 22:39:21.008   345   345 D SAN_SERVICE: *******************************************
07-03 22:39:21.289   345   345 D SAN_SERVICE: *******************************************
07-03 22:39:21.289   345   345 D SAN_SERVICE: DM App Phone Service State - 0
07-03 22:39:21.289   345   345 D SAN_SERVICE: *******************************************
07-03 22:39:38.348 17545 17547 D dalvikvm: GC_CONCURRENT freed 315K, 7% free 9679K/10375K, paused 2ms+731ms
07-03 22:39:38.449 17545 17547 D dalvikvm: GC_CONCURRENT freed 424K, 7% free 9737K/10375K, paused 2ms+3ms
07-03 22:39:38.567   145   162 I ActivityManager: Start proc com.google.android.talk for broadcast com.google.android.talk/.McsConnectionStartedReceiver: pid=17582 uid=10045 gids={3003, 1015, 1006, 3002}
07-03 22:39:38.680 17582 17582 I ActivityThread: Pub com.google.android.talk.SuggestionProvider: com.google.android.talk.SuggestionsProvider
07-03 22:39:38.797 17582 17582 D vclib:CallStateClient: startListening
07-03 22:39:38.832 17582 17601 I talk    : onMcsConnectionStarted
07-03 22:39:39.145 17545 17602 D dalvikvm: GC_FOR_ALLOC freed 303K, 6% free 9763K/10375K, paused 16ms
07-03 22:39:39.535 17545 17581 I GTalkService/c: [AndroidEndpoint@1093930920] connect: acct=1000000, state=CONNECTING
07-03 22:39:39.629 17582 17586 D dalvikvm: GC_CONCURRENT freed 162K, 3% free 9355K/9607K, paused 681ms+7ms
07-03 22:39:39.637 17545 17603 I EventLogService: Aggregate from 1341367779031 (log), 1341367779031 (data)
07-03 22:39:39.797   145 22722 I ActivityManager: Start proc android.process.media for content provider com.android.providers.media/.MediaProvider: pid=17610 uid=10012 gids={1015, 1023, 1024, 2001, 3003, 3007}
07-03 22:39:39.856   145  4009 I ActivityManager: Process com.twitter.android (pid 17515) has died.
07-03 22:39:39.965 17610 17610 I ActivityThread: Pub downloads: com.android.providers.downloads.DownloadProvider
07-03 22:39:40.004   145   348 I ActivityManager: Start proc com.google.android.apps.maps:NetworkLocationService for service com.google.android.apps.maps/com.google.android.location.internal.server.NetworkLocationService: pid=17630 uid=10056 gids={3003, 1015}
07-03 22:39:40.047 17610 17610 I ActivityThread: Pub drm: com.android.providers.drm.DrmProvider
07-03 22:39:40.047 17610 17637 I DownloadManager: in removeSpuriousFiles
07-03 22:39:40.090 17545 17623 D dalvikvm: GC_FOR_ALLOC freed 212K, 5% free 9922K/10375K, paused 67ms
07-03 22:39:40.106 17610 17610 I ActivityThread: Pub media: com.android.providers.media.MediaProvider
07-03 22:39:40.121 17610 17637 I DownloadManager: in removeSpuriousFiles, preserving file /data/data/com.android.providers.downloads/cache/metadata.json
07-03 22:39:40.121 17610 17637 I DownloadManager: in removeSpuriousFiles, preserving file /data/data/com.android.providers.downloads/cache/en_general.htm
07-03 22:39:40.121 17610 17637 I DownloadManager: in removeSpuriousFiles, preserving file /mnt/sdcard/Download/img-thing.jpeg
07-03 22:39:40.121 17610 17637 I DownloadManager: in removeSpuriousFiles, preserving file /data/data/com.android.providers.downloads/cache/metadata-1.json
07-03 22:39:40.121 17610 17637 I DownloadManager: in removeSpuriousFiles, preserving file /data/data/com.android.providers.downloads/cache/downloadfile.jpeg
07-03 22:39:40.121 17610 17637 I DownloadManager: in removeSpuriousFiles, preserving file /data/data/com.android.providers.downloads/cache/metadata-2.json
07-03 22:39:40.121 17610 17637 I DownloadManager: in removeSpuriousFiles, preserving file /data/data/com.android.providers.downloads/cache/metadata-3.json
07-03 22:39:40.125 17610 17637 I DownloadManager: in removeSpuriousFiles, preserving file /data/data/com.android.providers.downloads/cache/downloadfile-1.jpeg
07-03 22:39:40.125 17610 17637 I DownloadManager: in removeSpuriousFiles, preserving file /data/data/com.android.providers.downloads/cache/downloadfile-2.jpeg
07-03 22:39:40.129 17610 17637 I DownloadManager: deleting spurious file /cache/backup
07-03 22:39:40.274 17630 17632 D dalvikvm: GC_CONCURRENT freed 163K, 3% free 9372K/9607K, paused 3ms+3ms
07-03 22:39:40.356   145   161 I Process : Sending signal. PID: 16569 SIG: 3
07-03 22:39:40.356 16569 16572 I dalvikvm: threadid=3: reacting to signal 3
07-03 22:39:40.406   216   218 D dalvikvm: GC_CONCURRENT freed 410K, 59% free 9808K/23687K, paused 2ms+3ms
07-03 22:39:40.422 17545 17605 I GTalkService/c: [GTalkConnection@1094033648] connect: acct=1, state=CONNECTING
07-03 22:39:40.559   145   202 D ConnectivityService: handleInetConditionHoldEnd: net=0, condition=0, published condition=100
07-03 22:39:40.590   145   161 W ActivityManager: Activity pause timeout for ActivityRecord{41a016e0 com.google.android.apps.maps/com.google.android.maps.MapsActivity}
07-03 22:39:40.594   145   161 I Process : Sending signal. PID: 16569 SIG: 3
07-03 22:39:40.594 16569 16572 I dalvikvm: Wrote stack traces to '/data/anr/traces.txt'
07-03 22:39:40.594 16569 16572 I dalvikvm: threadid=3: reacting to signal 3
07-03 22:39:40.617   145   365 I ActivityManager: Process com.google.android.apps.maps:LocationFriendService (pid 17475) has died.
07-03 22:39:40.727 16569 16572 I dalvikvm: Wrote stack traces to '/data/anr/traces.txt'
07-03 22:39:40.817 17610 17612 D dalvikvm: GC_CONCURRENT freed 357K, 5% free 9179K/9607K, paused 2ms+7ms
07-03 22:39:40.856   145   161 I Process : Sending signal. PID: 16569 SIG: 3
07-03 22:39:40.856 16569 16572 I dalvikvm: threadid=3: reacting to signal 3
07-03 22:39:41.043 16569 16572 I dalvikvm: Wrote stack traces to '/data/anr/traces.txt'
07-03 22:39:41.336   145   329 D dalvikvm: GC_EXPLICIT freed 1001K, 29% free 18297K/25543K, paused 3ms+11ms
07-03 22:39:41.363   216   216 D dalvikvm: GC_FOR_ALLOC freed 423K, 59% free 9759K/23687K, paused 17ms
07-03 22:39:41.551   216   218 D dalvikvm: GC_CONCURRENT freed 447K, 59% free 9766K/23687K, paused 76ms+8ms
07-03 22:39:41.567 17630 17632 D dalvikvm: GC_CONCURRENT freed 164K, 3% free 9684K/9927K, paused 1ms+7ms
07-03 22:39:42.211 17630 17632 D dalvikvm: GC_CONCURRENT freed 171K, 3% free 10068K/10311K, paused 2ms+7ms
07-03 22:39:42.395 17630 17632 D dalvikvm: GC_CONCURRENT freed 660K, 8% free 9886K/10631K, paused 1ms+1ms
07-03 22:39:42.453   145   162 I ActivityManager: Start proc com.google.android.apps.maps:FriendService for broadcast com.google.android.apps.maps/com.google.googlenav.friend.android.ServiceReceiver: pid=17661 uid=10056 gids={3003, 1015}
07-03 22:39:42.563 17661 17664 D dalvikvm: GC_CONCURRENT freed 166K, 3% free 9370K/9607K, paused 1ms+2ms
07-03 22:39:42.711 17661 17664 D dalvikvm: GC_CONCURRENT freed 204K, 3% free 9713K/9991K, paused 2ms+3ms
07-03 22:39:42.758   145   361 I ActivityManager: Start proc com.google.android.apps.maps:LocationFriendService for broadcast com.google.android.apps.maps/com.google.googlenav.friend.reporting.LocationReportingIntentReceiver: pid=17674 uid=10056 gids={3003, 1015}
07-03 22:39:42.797   145   310 I ActivityManager: Process com.google.android.talk (pid 17582) has died.
07-03 22:39:42.902 17674 17676 D dalvikvm: GC_CONCURRENT freed 168K, 3% free 9367K/9607K, paused 2ms+2ms
07-03 22:39:43.070 17630 17660 D dalvikvm: GC_FOR_ALLOC freed 158K, 6% free 9997K/10631K, paused 33ms
07-03 22:39:43.219 17674 17676 D dalvikvm: GC_CONCURRENT freed 212K, 4% free 9658K/9991K, paused 2ms+14ms
07-03 22:39:43.254   216   218 D dalvikvm: GC_CONCURRENT freed 236K, 59% free 9938K/23687K, paused 1ms+20ms
07-03 22:39:43.297   145   161 I Process : Sending signal. PID: 16569 SIG: 3
07-03 22:39:43.301 16569 16572 I dalvikvm: threadid=3: reacting to signal 3
07-03 22:39:43.391 16569 16572 I dalvikvm: Wrote stack traces to '/data/anr/traces.txt'
07-03 22:39:43.391   145   161 W ActivityManager: Activity pause timeout for ActivityRecord{41a016e0 com.google.android.apps.maps/com.google.android.maps.MapsActivity}
07-03 22:39:43.395   145   161 I Process : Sending signal. PID: 16569 SIG: 3
07-03 22:39:43.395 16569 16572 I dalvikvm: threadid=3: reacting to signal 3
07-03 22:39:43.402   216   218 D dalvikvm: GC_CONCURRENT freed 582K, 59% free 9764K/23687K, paused 2ms+13ms
07-03 22:39:43.453 16569 16572 I dalvikvm: Wrote stack traces to '/data/anr/traces.txt'
07-03 22:39:43.500 17674 17676 D dalvikvm: GC_CONCURRENT freed 258K, 4% free 9889K/10247K, paused 2ms+2ms
07-03 22:39:43.781 16569 16570 D dalvikvm: GC_CONCURRENT freed 1988K, 11% free 21975K/24647K, paused 3ms+10ms
07-03 22:39:43.797   145   161 I Process : Sending signal. PID: 16569 SIG: 3
07-03 22:39:43.797 16569 16572 I dalvikvm: threadid=3: reacting to signal 3
07-03 22:39:43.883 16569 16572 I dalvikvm: Wrote stack traces to '/data/anr/traces.txt'
07-03 22:39:44.234   216   216 D dalvikvm: GC_FOR_ALLOC freed 374K, 59% free 9758K/23687K, paused 18ms
07-03 22:39:44.289   216   218 D dalvikvm: GC_CONCURRENT freed 445K, 59% free 9758K/23687K, paused 2ms+3ms
07-03 22:39:44.410   216   218 D dalvikvm: GC_CONCURRENT freed 339K, 59% free 9827K/23687K, paused 1ms+3ms
07-03 22:39:44.875 17545 17547 D dalvikvm: GC_CONCURRENT freed 404K, 6% free 9965K/10503K, paused 2ms+3ms
07-03 22:39:45.508   145   202 D ConnectivityService: handleInetConditionHoldEnd: net=0, condition=100, published condition=0
07-03 22:39:46.988   145   162 I ActivityManager: Start proc com.google.android.talk for broadcast com.google.android.talk/.ConnectionStateOnlineReceiver: pid=17710 uid=10045 gids={3003, 1015, 1006, 3002}
07-03 22:39:47.047 17710 17710 I ActivityThread: Pub com.google.android.talk.SuggestionProvider: com.google.android.talk.SuggestionsProvider
07-03 22:39:47.078 17710 17710 D vclib:CallStateClient: startListening
07-03 22:39:47.086   145  9966 I ActivityManager: Process android.process.media (pid 17610) has died.
07-03 22:39:47.137 17710 17712 D dalvikvm: GC_CONCURRENT freed 173K, 3% free 9363K/9607K, paused 2ms+4ms
07-03 22:39:47.348   216   218 D dalvikvm: GC_CONCURRENT freed 307K, 59% free 9923K/23687K, paused 2ms+3ms
07-03 22:39:47.359   145   329 I ActivityManager: Process com.google.android.apps.maps:FriendService (pid 17661) has died.
07-03 22:39:47.414   216   218 D dalvikvm: GC_CONCURRENT freed 547K, 59% free 9813K/23687K, paused 2ms+3ms
07-03 22:39:47.500 17545 17574 D dalvikvm: GC_EXPLICIT freed 164K, 5% free 9985K/10503K, paused 3ms+6ms
07-03 22:39:47.543   145   348 I ActivityManager: Start proc android.process.media for content provider com.android.providers.media/.MediaProvider: pid=17737 uid=10012 gids={1015, 1023, 1024, 2001, 3003, 3007}
07-03 22:39:47.652   145   161 I Process : Sending signal. PID: 16569 SIG: 3
07-03 22:39:47.652 16569 16572 I dalvikvm: threadid=3: reacting to signal 3
07-03 22:39:47.699 16569 16572 I dalvikvm: Wrote stack traces to '/data/anr/traces.txt'
07-03 22:39:47.856 17737 17737 I ActivityThread: Pub downloads: com.android.providers.downloads.DownloadProvider
07-03 22:39:47.871 17737 17737 I ActivityThread: Pub drm: com.android.providers.drm.DrmProvider
07-03 22:39:47.871 17737 17755 I DownloadManager: in removeSpuriousFiles
07-03 22:39:47.883 17737 17737 I ActivityThread: Pub media: com.android.providers.media.MediaProvider
07-03 22:39:48.098 17737 17755 I DownloadManager: in removeSpuriousFiles, preserving file /data/data/com.android.providers.downloads/cache/metadata.json
07-03 22:39:48.098 17737 17755 I DownloadManager: in removeSpuriousFiles, preserving file /data/data/com.android.providers.downloads/cache/en_general.htm
07-03 22:39:48.098 17737 17755 I DownloadManager: in removeSpuriousFiles, preserving file /mnt/sdcard/Download/img-thing.jpeg
07-03 22:39:48.098 17737 17755 I DownloadManager: in removeSpuriousFiles, preserving file /data/data/com.android.providers.downloads/cache/metadata-1.json
07-03 22:39:48.098 17737 17755 I DownloadManager: in removeSpuriousFiles, preserving file /data/data/com.android.providers.downloads/cache/downloadfile.jpeg
07-03 22:39:48.102 17737 17755 I DownloadManager: in removeSpuriousFiles, preserving file /data/data/com.android.providers.downloads/cache/metadata-2.json
07-03 22:39:48.102 17737 17755 I DownloadManager: in removeSpuriousFiles, preserving file /data/data/com.android.providers.downloads/cache/metadata-3.json
07-03 22:39:48.102 17737 17755 I DownloadManager: in removeSpuriousFiles, preserving file /data/data/com.android.providers.downloads/cache/downloadfile-1.jpeg
07-03 22:39:48.102 17737 17755 I DownloadManager: in removeSpuriousFiles, preserving file /data/data/com.android.providers.downloads/cache/downloadfile-2.jpeg
07-03 22:39:48.102 17737 17755 I DownloadManager: deleting spurious file /cache/backup
07-03 22:39:48.152   216   218 D dalvikvm: GC_CONCURRENT freed 312K, 59% free 9937K/23687K, paused 2ms+3ms
07-03 22:39:48.219   216   218 D dalvikvm: GC_CONCURRENT freed 649K, 59% free 9758K/23687K, paused 2ms+3ms
07-03 22:39:48.988 17737 17739 D dalvikvm: GC_CONCURRENT freed 367K, 5% free 9168K/9607K, paused 10ms+1ms
07-03 22:39:52.758 17545 17547 D dalvikvm: GC_CONCURRENT freed 360K, 5% free 10078K/10567K, paused 2ms+3ms
07-03 22:39:52.918 14343 14346 D dalvikvm: GC_CONCURRENT freed 357K, 6% free 9890K/10439K, paused 2ms+9ms
07-03 22:39:53.164   145  9966 D dalvikvm: GC_EXPLICIT freed 787K, 29% free 18278K/25543K, paused 3ms+8ms
07-03 22:39:53.207 14343 14346 D dalvikvm: GC_CONCURRENT freed 426K, 6% free 9896K/10439K, paused 2ms+2ms
07-03 22:39:59.387 29974 29974 D dalvikvm: GC_EXPLICIT freed 1819K, 25% free 11870K/15687K, paused 16ms+7ms
07-03 22:40:26.359 17765 17765 D dalvikvm: Late-enabling CheckJNI
07-03 22:40:26.359   145   162 I ActivityManager: Start proc com.chess for broadcast com.chess/.backend.AlarmReceiver: pid=17765 uid=10079 gids={3003, 1015}
07-03 22:40:26.395   145   310 I ActivityManager: Process com.google.android.apps.maps:LocationFriendService (pid 17674) has died.
07-03 22:40:26.590   216   218 D dalvikvm: GC_CONCURRENT freed 454K, 59% free 9773K/23687K, paused 2ms+4ms
07-03 22:40:26.652 17765 17767 D dalvikvm: GC_CONCURRENT freed 175K, 3% free 9361K/9607K, paused 10ms+6ms
07-03 22:40:26.680   216   216 D dalvikvm: GC_FOR_ALLOC freed 486K, 59% free 9759K/23687K, paused 43ms
07-03 22:40:26.766   145 22722 I ActivityManager: Process com.google.android.talk (pid 17710) has died.
07-03 22:40:26.828   216   218 D dalvikvm: GC_CONCURRENT freed 330K, 59% free 9940K/23687K, paused 1ms+3ms
07-03 22:40:26.832 17765 17786 D GetStringObjTask: retrieving from url = http://www.chess.com/api/get_move_status?id=y3ICtufzg6w7rQqcD3KFujVaIanpYba4bIpaeKElV1LNz3Sz4Fk9Yh5CeWaj8h4bQ2RY0CxFVgA%2ByBE5DE%2B1cAuw4i%2Bp2GVj5RbuDPEUotReGbS25iAukuBsuUd%2Fl5dp
07-03 22:40:26.895   145   161 I Process : Sending signal. PID: 16569 SIG: 3
07-03 22:40:26.895 16569 16572 I dalvikvm: threadid=3: reacting to signal 3
07-03 22:40:26.988 16569 16572 I dalvikvm: Wrote stack traces to '/data/anr/traces.txt'
07-03 22:40:27.422   216   216 D dalvikvm: GC_FOR_ALLOC freed 535K, 59% free 9758K/23687K, paused 18ms
07-03 22:40:27.512   216   218 D dalvikvm: GC_CONCURRENT freed 377K, 59% free 9847K/23687K, paused 2ms+4ms
07-03 22:40:29.945   345   345 D SAN_SERVICE: *******************************************
07-03 22:40:29.945   345   345 D SAN_SERVICE: DM App Phone Service State - 0
07-03 22:40:29.945   345   345 D SAN_SERVICE: *******************************************
07-03 22:40:29.996   345   345 D SAN_SERVICE: *******************************************
07-03 22:40:29.996   345   345 D SAN_SERVICE: DM App Phone Service State - 0
07-03 22:40:29.996   345   345 D SAN_SERVICE: *******************************************
07-03 22:40:31.414   345   345 D SAN_SERVICE: *******************************************
07-03 22:40:31.414   345   345 D SAN_SERVICE: DM App Phone Service State - 0
07-03 22:40:31.414   345   345 D SAN_SERVICE: *******************************************
07-03 22:40:31.473 17765 17786 D GetStringObjTask: WebRequest SERVER RESPONSE: Success+0
07-03 22:40:31.742   345   345 D SAN_SERVICE: *******************************************
07-03 22:40:31.742   345   345 D SAN_SERVICE: DM App Phone Service State - 0
07-03 22:40:31.742   345   345 D SAN_SERVICE: *******************************************
07-03 22:40:32.133 17630 17656 D dalvikvm: GC_FOR_ALLOC freed 243K, 6% free 10042K/10631K, paused 17ms
07-03 22:40:32.445   345   345 D SAN_SERVICE: *******************************************
07-03 22:40:32.445   345   345 D SAN_SERVICE: DM App Phone Service State - 0
07-03 22:40:32.445   345   345 D SAN_SERVICE: *******************************************
07-03 22:40:33.692   345   345 D SAN_SERVICE: *******************************************
