06-30 21:54:12.711 10610 10613 D dalvikvm: GC_CONCURRENT freed 242K, 4% free 9879K/10247K, paused 3ms+2ms
06-30 21:54:12.753 10610 10617 I dalvikvm: Total arena pages for JIT: 11
06-30 21:54:12.753 10610 10617 I dalvikvm: Total arena pages for JIT: 12
06-30 21:54:12.753 10610 10617 I dalvikvm: Total arena pages for JIT: 13
06-30 21:54:12.757 10610 10617 I dalvikvm: Total arena pages for JIT: 14
06-30 21:54:12.757 10610 10617 I dalvikvm: Total arena pages for JIT: 15
06-30 21:54:12.757 10610 10617 I dalvikvm: Total arena pages for JIT: 16
06-30 21:54:12.757 10610 10617 I dalvikvm: Total arena pages for JIT: 17
06-30 21:54:14.593 10554 10554 E ColumnGridView: view at position 0 doesn't have layout parameters;using default layout paramters
06-30 21:54:14.601 10554 10554 E ColumnGridView: view at position 1 doesn't have layout parameters;using default layout paramters
06-30 21:54:14.605 10554 10554 E ColumnGridView: view at position 2 doesn't have layout parameters;using default layout paramters
06-30 21:54:15.375   299   299 D dalvikvm: GC_FOR_ALLOC freed 133K, 21% free 10186K/12743K, paused 20ms
06-30 21:54:15.378   299   299 I dalvikvm-heap: Grow heap (frag case) to 10.722MB for 739216-byte allocation
06-30 21:54:15.441   299   302 D dalvikvm: GC_CONCURRENT freed <1K, 15% free 10907K/12743K, paused 2ms+12ms
06-30 21:54:15.593   224   227 D dalvikvm: GC_CONCURRENT freed 425K, 31% free 10185K/14599K, paused 2ms+3ms
06-30 21:54:15.644   224   227 D dalvikvm: GC_CONCURRENT freed 635K, 32% free 9988K/14599K, paused 1ms+3ms
06-30 21:54:15.738   224   227 D dalvikvm: GC_CONCURRENT freed 353K, 31% free 10094K/14599K, paused 2ms+4ms
06-30 21:54:17.046   299   299 V MultiLing!!!!!!!!!!!!!!!!!!!!: mPredicting1:false c:97
06-30 21:54:17.144 10554 10554 E ColumnGridView: view at position 0 doesn't have layout parameters;using default layout paramters
06-30 21:54:17.152 10554 10554 E ColumnGridView: view at position 1 doesn't have layout parameters;using default layout paramters
06-30 21:54:17.152 10554 10554 E ColumnGridView: view at position 2 doesn't have layout parameters;using default layout paramters
06-30 21:54:17.293 10554 10556 D dalvikvm: GC_CONCURRENT freed 1675K, 10% free 17015K/18823K, paused 3ms+6ms
06-30 21:54:18.492   299   299 V MultiLing!!!!!!!!!!!!!!!!!!!!: mPredicting1:false c:108
06-30 21:54:18.625   147   158 I ActivityManager: Start proc android.process.acore for content provider com.android.providers.contacts/.ContactsProvider2: pid=10640 uid=10000 gids={3003, 1015}
06-30 21:54:18.691 10640 10640 I ActivityThread: Pub call_log: com.android.providers.contacts.CallLogProvider
06-30 21:54:18.761 10640 10640 I ActivityThread: Pub com.android.voicemail: com.android.providers.contacts.VoicemailContentProvider
06-30 21:54:18.761 10640 10640 I ActivityThread: Pub user_dictionary: com.android.providers.userdictionary.UserDictionaryProvider
06-30 21:54:18.816 10640 10640 I ActivityThread: Pub com.android.social: com.android.providers.contacts.SocialProvider
06-30 21:54:18.816 10640 10640 I ActivityThread: Pub applications: com.android.providers.applications.ApplicationsProvider
06-30 21:54:18.921 10640 10640 I ActivityThread: Pub contacts;com.android.contacts: com.android.providers.contacts.ContactsProvider2
06-30 21:54:18.953 10640 10642 D dalvikvm: GC_CONCURRENT freed 348K, 5% free 9187K/9607K, paused 1ms+2ms
06-30 21:54:18.964   299   299 V MultiLing!!!!!!!!!!!!!!!!!!!!: mPredicting1:false c:105
06-30 21:54:19.171 10554 10600 W HttpTransaction: Non retryable error: java.io.IOException: Request already aborted
06-30 21:54:19.269 10554 10554 W ColumnGridView: Inflation setting LayoutParams width to 720 - must be MATCH_PARENT
06-30 21:54:19.558 10640 10642 D dalvikvm: GC_CONCURRENT freed 232K, 4% free 9369K/9735K, paused 6ms+6ms
06-30 21:54:20.285 10554 10554 E ColumnGridView: view at position 0 doesn't have layout parameters;using default layout paramters
06-30 21:54:20.492 10554 10554 E ColumnGridView: view at position 1 doesn't have layout parameters;using default layout paramters
06-30 21:54:20.500 10554 10554 E ColumnGridView: view at position 2 doesn't have layout parameters;using default layout paramters
06-30 21:54:20.562   299   299 V MultiLing!!!!!!!!!!!!!!!!!!!!: mPredicting1:false c:108
06-30 21:54:20.980 10554 10554 W ColumnGridView: Inflation setting LayoutParams width to 720 - must be MATCH_PARENT
06-30 21:54:21.082 10640 10642 D dalvikvm: GC_CONCURRENT freed 201K, 4% free 9594K/9927K, paused 59ms+4ms
06-30 21:54:21.859   299   299 V MultiLing!!!!!!!!!!!!!!!!!!!!: mPredicting1:false c:97
06-30 21:54:21.980 10554 10592 W HttpTransaction: Non retryable error: java.io.IOException: Request already aborted
06-30 21:54:22.183 10554 10554 W ColumnGridView: Inflation setting LayoutParams width to 720 - must be MATCH_PARENT
06-30 21:54:22.640   299   299 V MultiLing!!!!!!!!!!!!!!!!!!!!: mPredicting1:false c:114
06-30 21:54:22.968 10554 10554 W ColumnGridView: Inflation setting LayoutParams width to 720 - must be MATCH_PARENT
06-30 21:54:23.082   299   299 V MultiLing!!!!!!!!!!!!!!!!!!!!: mPredicting1:false c:116
06-30 21:54:23.402 10554 10554 W ColumnGridView: Inflation setting LayoutParams width to 720 - must be MATCH_PARENT
06-30 21:54:23.695   299   299 V MultiLing!!!!!!!!!!!!!!!!!!!!: mPredicting1:false c:101
06-30 21:54:23.992 10554 10600 W HttpTransaction: Non retryable error: java.io.IOException: Request already aborted
06-30 21:54:24.007 10554 10554 W ColumnGridView: Inflation setting LayoutParams width to 720 - must be MATCH_PARENT
06-30 21:54:24.152   299   299 V MultiLing!!!!!!!!!!!!!!!!!!!!: mPredicting1:false c:114
06-30 21:54:24.339 10554 10556 D dalvikvm: GC_CONCURRENT freed 1708K, 10% free 17249K/19079K, paused 2ms+5ms
06-30 21:54:24.398 10554 10592 W HttpTransaction: Non retryable error: java.io.IOException: Request already aborted
06-30 21:54:24.461 10554 10554 W ColumnGridView: Inflation setting LayoutParams width to 720 - must be MATCH_PARENT
06-30 21:54:25.234   224   227 D dalvikvm: GC_CONCURRENT freed 322K, 31% free 10160K/14599K, paused 2ms+4ms
06-30 21:54:25.324   224   227 D dalvikvm: GC_CONCURRENT freed 474K, 31% free 10154K/14599K, paused 2ms+3ms
06-30 21:54:25.824 10554 10554 E ColumnGridView: view at position 0 doesn't have layout parameters;using default layout paramters
06-30 21:54:25.832 10554 10554 E ColumnGridView: view at position 1 doesn't have layout parameters;using default layout paramters
06-30 21:54:25.836 10554 10554 E ColumnGridView: view at position 2 doesn't have layout parameters;using default layout paramters
06-30 21:54:30.550   147   202 D DhcpInfoInternal: makeLinkProperties with empty dns2!
06-30 21:54:30.554   147   202 D DhcpInfoInternal: makeLinkProperties with empty dns2!
06-30 21:54:31.449 10554 10554 E ColumnGridView: view at position 3 doesn't have layout parameters;using default layout paramters
06-30 21:54:31.675 10554 10554 E ColumnGridView: view at position 4 doesn't have layout parameters;using default layout paramters
06-30 21:54:32.652 10554 10554 E ColumnGridView: view at position 5 doesn't have layout parameters;using default layout paramters
06-30 21:54:35.761 10554 10556 D dalvikvm: GC_CONCURRENT freed 1734K, 10% free 17484K/19399K, paused 10ms+5ms
06-30 21:54:41.675   147   372 I ActivityManager: START {act=android.intent.action.VIEW cmp=com.google.android.apps.plus/.phone.ProfileActivity (has extras)} from pid 10554
06-30 21:54:41.851 10554 10561 I dalvikvm: Jit: resizing JitTable from 4096 to 8192
06-30 21:54:41.976   147   178 I ActivityManager: Displayed com.google.android.apps.plus/.phone.ProfileActivity: +262ms
06-30 21:54:42.015 10554 10554 D OpenGLRenderer: Flushing caches (mode 0)
06-30 21:54:42.386 10554 10554 D dalvikvm: GC_FOR_ALLOC freed 624K, 9% free 17692K/19399K, paused 67ms
06-30 21:54:42.515   346   346 D SAN_SERVICE: *******************************************
06-30 21:54:42.515   346   346 D SAN_SERVICE: DM App Phone Service State - 0
06-30 21:54:42.515   346   346 D SAN_SERVICE: *******************************************
06-30 21:54:42.730  9783  9785 D dalvikvm: GC_CONCURRENT freed 396K, 7% free 10345K/11079K, paused 64ms+11ms
06-30 21:54:43.027   346   346 D SAN_SERVICE: *******************************************
06-30 21:54:43.027   346   346 D SAN_SERVICE: DM App Phone Service State - 0
06-30 21:54:43.027   346   346 D SAN_SERVICE: *******************************************
06-30 21:54:43.066 25558 25560 D dalvikvm: GC_CONCURRENT freed 379K, 5% free 9516K/9991K, paused 46ms+4ms
06-30 21:54:44.468  8837  8850 I PhoneLab-: Service Running
06-30 21:54:44.589  8837  8839 D dalvikvm: GC_CONCURRENT freed 417K, 15% free 9126K/10631K, paused 2ms+2ms
06-30 21:54:44.605  8837  8850 I PhoneLab-LoggerService: app_37    1399  1     1440   1004  c00f181c 400107b4 S logcat
06-30 21:54:44.609  8837  8850 I PhoneLab-LoggerService: Logcat pid from database 1399
06-30 21:54:44.609  8837  8850 I PhoneLab-LoggerService: Logcat process found 1399
06-30 21:54:44.609  8837  8850 I PhoneLab-LoggerService: Checking Threshold
06-30 21:54:44.609  8837  8850 I PhoneLab-LoggerService: Starting to rename files
06-30 21:54:44.609  8837  8850 I PhoneLab-LoggerService: Files found .. 2
06-30 21:54:44.609  8837  8850 I PhoneLab-LoggerService: File 1 log.out.1
06-30 21:54:44.617  8837  8850 I PhoneLab-LoggerService: Renamed successfully
06-30 21:54:46.531 10554 10556 D dalvikvm: GC_CONCURRENT freed 1324K, 8% free 18339K/19783K, paused 3ms+5ms
06-30 21:54:48.695 10554 10554 D dalvikvm: GC_FOR_ALLOC freed 1037K, 9% free 18716K/20359K, paused 58ms
06-30 21:54:48.699 10554 10554 I dalvikvm-heap: Grow heap (frag case) to 18.992MB for 676816-byte allocation
06-30 21:54:48.761 10554 10634 D dalvikvm: GC_FOR_ALLOC freed 35K, 9% free 19342K/21063K, paused 65ms
06-30 21:54:49.718   147   382 D dalvikvm: GC_EXPLICIT freed 758K, 31% free 16620K/23815K, paused 11ms+10ms
06-30 21:54:49.855 10554 10606 D dalvikvm: GC_FOR_ALLOC freed 1983K, 11% free 19174K/21447K, paused 64ms
06-30 21:54:50.230 10554 10689 D dalvikvm: GC_EXPLICIT freed 294K, 11% free 19300K/21447K, paused 4ms+5ms
06-30 21:54:50.308 10640 10642 D dalvikvm: GC_CONCURRENT freed 496K, 7% free 9490K/10119K, paused 2ms+2ms
06-30 21:54:51.402 10470 10472 D dalvikvm: GC_CONCURRENT freed 551K, 7% free 9889K/10567K, paused 3ms+4ms
06-30 21:54:51.586 10640 10642 D dalvikvm: GC_CONCURRENT freed 316K, 6% free 9558K/10119K, paused 4ms+4ms
06-30 21:54:52.089 10470 10472 D dalvikvm: GC_CONCURRENT freed 330K, 6% free 9948K/10567K, paused 2ms+3ms
06-30 21:54:52.890   299   299 D dalvikvm: GC_FOR_ALLOC freed 948K, 21% free 10186K/12743K, paused 20ms
06-30 21:54:52.894   299   299 I dalvikvm-heap: Grow heap (frag case) to 10.722MB for 739216-byte allocation
06-30 21:54:52.957   299   302 D dalvikvm: GC_CONCURRENT freed 1K, 15% free 10907K/12743K, paused 2ms+18ms
06-30 21:54:53.086 10554 10554 D OpenGLRenderer: Flushing caches (mode 0)
06-30 21:54:53.140   224   227 D dalvikvm: GC_CONCURRENT freed 378K, 31% free 10180K/14599K, paused 1ms+5ms
06-30 21:54:53.183 10554 10554 E ColumnGridView: view at position 0 doesn't have layout parameters;using default layout paramters
06-30 21:54:53.234   224   224 D dalvikvm: GC_FOR_ALLOC freed 552K, 32% free 9983K/14599K, paused 43ms
06-30 21:54:53.312   224   227 D dalvikvm: GC_CONCURRENT freed 384K, 32% free 10066K/14599K, paused 2ms+3ms
06-30 21:54:53.363 10554 10554 E ColumnGridView: view at position 5 doesn't have layout parameters;using default layout paramters
06-30 21:54:54.500   147 24742 I ActivityManager: START {act=android.intent.action.VIEW cmp=com.google.android.apps.plus/.phone.ProfileActivity (has extras)} from pid 10554
06-30 21:54:54.773   147   178 I ActivityManager: Displayed com.google.android.apps.plus/.phone.ProfileActivity: +201ms
06-30 21:54:54.789 10554 10554 D OpenGLRenderer: Flushing caches (mode 0)
06-30 21:54:56.429 10554 10556 D dalvikvm: GC_CONCURRENT freed 1800K, 10% free 19426K/21447K, paused 7ms+15ms
06-30 21:54:57.871   346   346 D SAN_SERVICE: *******************************************
06-30 21:54:57.871   346   346 D SAN_SERVICE: DM App Phone Service State - 0
06-30 21:54:57.871   346   346 D SAN_SERVICE: *******************************************
06-30 21:54:58.152   346   346 D SAN_SERVICE: *******************************************
06-30 21:54:58.152   346   346 D SAN_SERVICE: DM App Phone Service State - 0
06-30 21:54:58.152   346   346 D SAN_SERVICE: *******************************************
06-30 21:54:58.625   346   346 D SAN_SERVICE: *******************************************
06-30 21:54:58.625   346   346 D SAN_SERVICE: DM App Phone Service State - 0
06-30 21:54:58.625   346   346 D SAN_SERVICE: *******************************************
06-30 21:54:58.753 10554 10554 D dalvikvm: GC_FOR_ALLOC freed 1701K, 14% free 18647K/21447K, paused 60ms
06-30 21:54:58.824 10554 10554 D dalvikvm: GC_FOR_ALLOC freed 204K, 13% free 18819K/21447K, paused 53ms
06-30 21:54:58.824 10554 10554 I dalvikvm-heap: Grow heap (frag case) to 19.094MB for 676816-byte allocation
06-30 21:54:58.890 10554 10633 D dalvikvm: GC_FOR_ALLOC freed <1K, 13% free 19480K/22151K, paused 64ms
06-30 21:55:00.082 10554 10700 D dalvikvm: GC_FOR_ALLOC freed 986K, 12% free 19523K/22151K, paused 54ms
06-30 21:55:04.078 10640 10652 D dalvikvm: GC_EXPLICIT freed 328K, 7% free 9495K/10119K, paused 2ms+4ms
06-30 21:55:04.464 10554 10554 E ColumnGridView: view at position 5 doesn't have layout parameters;using default layout paramters
06-30 21:55:04.531   299   299 D dalvikvm: GC_FOR_ALLOC freed 926K, 21% free 10186K/12743K, paused 18ms
06-30 21:55:04.531   299   299 I dalvikvm-heap: Grow heap (frag case) to 10.722MB for 739216-byte allocation
06-30 21:55:04.586   299   302 D dalvikvm: GC_CONCURRENT freed <1K, 15% free 10907K/12743K, paused 2ms+6ms
06-30 21:55:04.726 10554 10554 D OpenGLRenderer: Flushing caches (mode 0)
06-30 21:55:04.828 10554 10554 E ColumnGridView: view at position 5 doesn't have layout parameters;using default layout paramters
06-30 21:55:04.839   224   227 D dalvikvm: GC_CONCURRENT freed 388K, 31% free 10175K/14599K, paused 2ms+8ms
06-30 21:55:04.929   224   227 D dalvikvm: GC_CONCURRENT freed 674K, 32% free 9979K/14599K, paused 2ms+2ms
06-30 21:55:05.144 10554 10556 D dalvikvm: GC_CONCURRENT freed 1926K, 12% free 19536K/22151K, paused 3ms+9ms
06-30 21:55:05.398   147   371 D dalvikvm: GC_EXPLICIT freed 995K, 31% free 16596K/23815K, paused 3ms+7ms
06-30 21:55:05.753 10554 10554 E ColumnGridView: view at position 0 doesn't have layout parameters;using default layout paramters
06-30 21:55:06.175 10640 10642 D dalvikvm: GC_CONCURRENT freed 339K, 6% free 9541K/10119K, paused 2ms+4ms
06-30 21:55:06.351 10470 10472 D dalvikvm: GC_CONCURRENT freed 404K, 7% free 9929K/10567K, paused 2ms+3ms
06-30 21:55:08.128   346   346 D SAN_SERVICE: *******************************************
06-30 21:55:08.128   346   346 D SAN_SERVICE: DM App Phone Service State - 0
06-30 21:55:08.128   346   346 D SAN_SERVICE: *******************************************
06-30 21:55:10.207   224   227 D dalvikvm: GC_CONCURRENT freed 340K, 31% free 10150K/14599K, paused 2ms+7ms
06-30 21:55:10.371   224   227 D dalvikvm: GC_CONCURRENT freed 479K, 31% free 10166K/14599K, paused 2ms+3ms
06-30 21:55:11.503 10610 10617 I dalvikvm: Total arena pages for JIT: 18
06-30 21:55:11.527 10554 10554 W ColumnGridView: Inflation setting LayoutParams width to 720 - must be MATCH_PARENT
06-30 21:55:11.625 10610 10613 D dalvikvm: GC_CONCURRENT freed 439K, 6% free 9948K/10503K, paused 11ms+2ms
06-30 21:55:11.648 10554 10592 W HttpTransaction: Non retryable error: java.io.IOException: Request already aborted
06-30 21:55:11.757 10640 10642 D dalvikvm: GC_CONCURRENT freed 438K, 6% free 9546K/10119K, paused 1ms+4ms
06-30 21:55:12.023 10554 10554 E ColumnGridView: view at position 0 doesn't have layout parameters;using default layout paramters
06-30 21:55:12.035 10554 10554 E ColumnGridView: view at position 1 doesn't have layout parameters;using default layout paramters
06-30 21:55:12.043 10554 10554 E ColumnGridView: view at position 2 doesn't have layout parameters;using default layout paramters
06-30 21:55:15.207   224   227 D dalvikvm: GC_CONCURRENT freed 542K, 31% free 10132K/14599K, paused 3ms+3ms
06-30 21:55:15.406   224   227 D dalvikvm: GC_CONCURRENT freed 534K, 32% free 9999K/14599K, paused 9ms+6ms
06-30 21:55:15.457 10554 10554 W IInputConnectionWrapper: showStatusIcon on inactive InputConnection
06-30 21:55:15.578 10554 10554 D OpenGLRenderer: Flushing caches (mode 0)
06-30 21:55:17.703 10554 10554 D OpenGLRenderer: Flushing caches (mode 1)
06-30 21:55:17.863   147   175 I power   : *** set_screen_state 0
06-30 21:55:17.941    78   122 D SurfaceFlinger: About to give-up screen, flinger = 0x1cc9918
06-30 21:55:18.062  8905  8951 D NfcService: NFC-C OFF, disconnect
06-30 21:55:18.125   147   179 V TransportControlView: Create TCV com.android.internal.widget.TransportControlView@41367f48
06-30 21:55:18.164   224   224 D PhoneStatusBar: disable: < expand icons alerts ticker system_info back home RECENT* clock >
06-30 21:55:18.199   224   224 D PhoneStatusBar: disable: < expand icons alerts ticker system_info BACK* HOME* RECENT CLOCK* >
06-30 21:55:20.464 10554 10554 D OpenGLRenderer: Flushing caches (mode 1)
06-30 21:55:21.187  8385 10713 D dalvikvm: GC_EXPLICIT freed 314K, 6% free 10134K/10759K, paused 11ms+5ms
06-30 21:55:22.086 10470 10472 D dalvikvm: GC_CONCURRENT freed 306K, 6% free 10007K/10567K, paused 2ms+2ms
06-30 21:55:23.816   147   147 W ActivityManager: finishReceiver called but no pending broadcasts
06-30 21:55:23.875  9783  9785 D dalvikvm: GC_CONCURRENT freed 372K, 6% free 10485K/11079K, paused 2ms+3ms
06-30 21:55:25.191   346   346 D SAN_SERVICE: *******************************************
06-30 21:55:25.191   346   346 D SAN_SERVICE: DM App Phone Service State - 0
06-30 21:55:25.191   346   346 D SAN_SERVICE: *******************************************
06-30 21:55:25.730   346   346 D SAN_SERVICE: *******************************************
06-30 21:55:25.730   346   346 D SAN_SERVICE: DM App Phone Service State - 0
06-30 21:55:25.730   346   346 D SAN_SERVICE: *******************************************
06-30 21:55:33.781   346   346 D SAN_SERVICE: *******************************************
06-30 21:55:33.781   346   346 D SAN_SERVICE: DM App Phone Service State - 0
06-30 21:55:33.781   346   346 D SAN_SERVICE: *******************************************
06-30 21:55:33.972   346   346 D SAN_SERVICE: *******************************************
06-30 21:55:33.972   346   346 D SAN_SERVICE: DM App Phone Service State - 0
06-30 21:55:33.972   346   346 D SAN_SERVICE: *******************************************
06-30 21:55:34.761   346   346 D SAN_SERVICE: *******************************************
06-30 21:55:34.761   346   346 D SAN_SERVICE: DM App Phone Service State - 0
06-30 21:55:34.761   346   346 D SAN_SERVICE: *******************************************
06-30 21:55:40.148 10554 10554 D OpenGLRenderer: Flushing caches (mode 1)
06-30 21:55:40.461 10554 10554 D OpenGLRenderer: Flushing caches (mode 1)
06-30 21:55:49.097   346   346 D SAN_SERVICE: *******************************************
06-30 21:55:49.097   346   346 D SAN_SERVICE: DM App Phone Service State - 0
06-30 21:55:49.097   346   346 D SAN_SERVICE: *******************************************
06-30 21:55:49.855   346   346 D SAN_SERVICE: *******************************************
06-30 21:55:49.855   346   346 D SAN_SERVICE: DM App Phone Service State - 0
06-30 21:55:49.855   346   346 D SAN_SERVICE: *******************************************
06-30 21:56:04.480   346   346 D SAN_SERVICE: *******************************************
06-30 21:56:04.480   346   346 D SAN_SERVICE: DM App Phone Service State - 0
06-30 21:56:04.480   346   346 D SAN_SERVICE: *******************************************
06-30 21:56:05.230   346   346 D SAN_SERVICE: *******************************************
06-30 21:56:05.230   346   346 D SAN_SERVICE: DM App Phone Service State - 0
06-30 21:56:05.230   346   346 D SAN_SERVICE: *******************************************
06-30 21:56:10.242 10554 10554 D OpenGLRenderer: Flushing caches (mode 1)
06-30 21:56:10.246 10554 10554 D OpenGLRenderer: Flushing caches (mode 1)
06-30 21:56:10.261  9783  9785 D dalvikvm: GC_CONCURRENT freed 524K, 7% free 10346K/11079K, paused 2ms+2ms
06-30 21:56:24.961   346   346 D SAN_SERVICE: *******************************************
06-30 21:56:24.961   346   346 D SAN_SERVICE: DM App Phone Service State - 0
06-30 21:56:24.961   346   346 D SAN_SERVICE: *******************************************
06-30 21:56:25.250   346   346 D SAN_SERVICE: *******************************************
06-30 21:56:25.250   346   346 D SAN_SERVICE: DM App Phone Service State - 0
06-30 21:56:25.250   346   346 D SAN_SERVICE: *******************************************
06-30 21:56:25.293   346   350 D dalvikvm: GC_CONCURRENT freed 880K, 10% free 12006K/13255K, paused 24ms+3ms
06-30 21:56:40.336   346   346 D SAN_SERVICE: *******************************************
06-30 21:56:40.336   346   346 D SAN_SERVICE: DM App Phone Service State - 0
06-30 21:56:40.336   346   346 D SAN_SERVICE: *******************************************
06-30 21:56:40.586   346   346 D SAN_SERVICE: *******************************************
06-30 21:56:40.586   346   346 D SAN_SERVICE: DM App Phone Service State - 0
06-30 21:56:40.586   346   346 D SAN_SERVICE: *******************************************
06-30 21:56:44.449  8837  8850 I PhoneLab-: Service Running
06-30 21:56:44.535  8837  8850 I PhoneLab-LoggerService: app_37    1399  1     1440   1004  c00f181c 400107b4 S logcat
06-30 21:56:44.535  8837  8850 I PhoneLab-LoggerService: Logcat pid from database 1399
06-30 21:56:44.535  8837  8850 I PhoneLab-LoggerService: Logcat process found 1399
06-30 21:56:44.535  8837  8850 I PhoneLab-LoggerService: Checking Threshold
06-30 21:56:44.535  8837  8850 I PhoneLab-LoggerService: Starting to rename files
06-30 21:56:44.535  8837  8850 I PhoneLab-LoggerService: Files found .. 2
06-30 21:56:52.234   346   346 D SAN_SERVICE: *******************************************
06-30 21:56:52.234   346   346 D SAN_SERVICE: DM App Phone Service State - 0
06-30 21:56:52.234   346   346 D SAN_SERVICE: *******************************************
06-30 21:56:55.437   147   202 D DhcpInfoInternal: makeLinkProperties with empty dns2!
06-30 21:56:55.437   147   202 D DhcpInfoInternal: makeLinkProperties with empty dns2!
06-30 21:56:57.320   346   346 D SAN_SERVICE: *******************************************
06-30 21:56:57.320   346   346 D SAN_SERVICE: DM App Phone Service State - 0
06-30 21:56:57.320   346   346 D SAN_SERVICE: *******************************************
06-30 21:57:07.586   346   346 D SAN_SERVICE: *******************************************
06-30 21:57:07.586   346   346 D SAN_SERVICE: DM App Phone Service State - 0
06-30 21:57:07.586   346   346 D SAN_SERVICE: *******************************************
06-30 21:57:08.132   346   346 D SAN_SERVICE: *******************************************
06-30 21:57:08.132   346   346 D SAN_SERVICE: DM App Phone Service State - 0
06-30 21:57:08.132   346   346 D SAN_SERVICE: *******************************************
06-30 21:57:11.644   147   149 D dalvikvm: GC_CONCURRENT freed 866K, 27% free 17507K/23815K, paused 30ms+7ms
06-30 21:57:11.769  9783  9785 D dalvikvm: GC_CONCURRENT freed 497K, 7% free 10360K/11079K, paused 1ms+2ms
06-30 21:57:11.878   147  2975 D dalvikvm: GC_EXPLICIT freed 112K, 27% free 17408K/23815K, paused 3ms+7ms
06-30 21:57:11.996 10610 10613 D dalvikvm: GC_CONCURRENT freed 463K, 6% free 9954K/10503K, paused 2ms+2ms
06-30 21:57:12.316 10554 10554 D OpenGLRenderer: Flushing caches (mode 2)
06-30 21:57:15.461  9578  9581 D dalvikvm: GC_CONCURRENT freed 1085K, 42% free 12867K/22087K, paused 8ms+4ms
06-30 21:57:28.062   346   346 D SAN_SERVICE: *******************************************
06-30 21:57:28.062   346   346 D SAN_SERVICE: DM App Phone Service State - 0
06-30 21:57:28.062   346   346 D SAN_SERVICE: *******************************************
06-30 21:57:28.613   346   346 D SAN_SERVICE: *******************************************
06-30 21:57:28.613   346   346 D SAN_SERVICE: DM App Phone Service State - 0
06-30 21:57:28.613   346   346 D SAN_SERVICE: *******************************************
06-30 21:57:33.191   346   346 D SAN_SERVICE: *******************************************
06-30 21:57:33.191   346   346 D SAN_SERVICE: DM App Phone Service State - 0
06-30 21:57:33.191   346   346 D SAN_SERVICE: *******************************************
06-30 21:58:02.246   346   346 D SAN_SERVICE: *******************************************
06-30 21:58:02.246   346   346 D SAN_SERVICE: DM App Phone Service State - 0
06-30 21:58:02.246   346   346 D SAN_SERVICE: *******************************************
06-30 21:58:02.496   346   346 D SAN_SERVICE: *******************************************
06-30 21:58:02.496   346   346 D SAN_SERVICE: DM App Phone Service State - 0
06-30 21:58:02.496   346   346 D SAN_SERVICE: *******************************************
06-30 21:58:10.332  9783  9783 D dalvikvm: GC_EXPLICIT freed 109K, 7% free 10338K/11079K, paused 17ms+3ms
06-30 21:58:17.582   346   346 D SAN_SERVICE: *******************************************
06-30 21:58:17.582   346   346 D SAN_SERVICE: DM App Phone Service State - 0
06-30 21:58:17.582   346   346 D SAN_SERVICE: *******************************************
06-30 21:58:27.617   147  2975 W ActivityManager: finishReceiver called but no pending broadcasts
06-30 21:58:27.679  9783  9785 D dalvikvm: GC_CONCURRENT freed 351K, 6% free 10498K/11079K, paused 1ms+3ms
06-30 21:58:38.086   346   346 D SAN_SERVICE: *******************************************
06-30 21:58:38.086   346   346 D SAN_SERVICE: DM App Phone Service State - 0
06-30 21:58:38.086   346   346 D SAN_SERVICE: *******************************************
06-30 21:58:38.582   346   346 D SAN_SERVICE: *******************************************
06-30 21:58:38.582   346   346 D SAN_SERVICE: DM App Phone Service State - 0
06-30 21:58:38.582   346   346 D SAN_SERVICE: *******************************************
06-30 21:58:44.449  8837  8850 I PhoneLab-: Service Running
06-30 21:58:44.515  8837  8850 I PhoneLab-LoggerService: app_37    1399  1     1440   1004  c00f181c 400107b4 S logcat
06-30 21:58:44.515  8837  8850 I PhoneLab-LoggerService: Logcat pid from database 1399
06-30 21:58:44.515  8837  8850 I PhoneLab-LoggerService: Logcat process found 1399
06-30 21:58:44.515  8837  8850 I PhoneLab-LoggerService: Checking Threshold
06-30 21:58:44.515  8837  8850 I PhoneLab-LoggerService: Starting to rename files
06-30 21:58:44.515  8837  8850 I PhoneLab-LoggerService: Files found .. 2
06-30 21:58:48.605   346   346 D SAN_SERVICE: *******************************************
06-30 21:58:48.605   346   346 D SAN_SERVICE: DM App Phone Service State - 0
06-30 21:58:48.605   346   346 D SAN_SERVICE: *******************************************
06-30 21:58:49.328   346   346 D SAN_SERVICE: *******************************************
06-30 21:58:49.328   346   346 D SAN_SERVICE: DM App Phone Service State - 0
06-30 21:58:49.328   346   346 D SAN_SERVICE: *******************************************
06-30 21:59:03.714   346   346 D SAN_SERVICE: *******************************************
06-30 21:59:03.714   346   346 D SAN_SERVICE: DM App Phone Service State - 0
06-30 21:59:03.714   346   346 D SAN_SERVICE: *******************************************
06-30 21:59:03.941   346   346 D SAN_SERVICE: *******************************************
06-30 21:59:03.941   346   346 D SAN_SERVICE: DM App Phone Service State - 0
06-30 21:59:03.941   346   346 D SAN_SERVICE: *******************************************
06-30 21:59:04.433   346   346 D SAN_SERVICE: *******************************************
06-30 21:59:04.433   346   346 D SAN_SERVICE: DM App Phone Service State - 0
06-30 21:59:04.433   346   346 D SAN_SERVICE: *******************************************
06-30 21:59:11.695  9783  9785 D dalvikvm: GC_CONCURRENT freed 718K, 8% free 10347K/11143K, paused 2ms+2ms
06-30 21:59:11.828 10610 10613 D dalvikvm: GC_CONCURRENT freed 465K, 6% free 9953K/10503K, paused 5ms+2ms
06-30 21:59:20.328   147   202 D DhcpInfoInternal: makeLinkProperties with empty dns2!
06-30 21:59:20.332   147   202 D DhcpInfoInternal: makeLinkProperties with empty dns2!
06-30 21:59:29.230   346   346 D SAN_SERVICE: *******************************************
06-30 21:59:29.230   346   346 D SAN_SERVICE: DM App Phone Service State - 0
06-30 21:59:29.230   346   346 D SAN_SERVICE: *******************************************
06-30 21:59:29.527   346   346 D SAN_SERVICE: *******************************************
06-30 21:59:29.527   346   346 D SAN_SERVICE: DM App Phone Service State - 0
06-30 21:59:29.527   346   346 D SAN_SERVICE: *******************************************
06-30 21:59:39.523   346   346 D SAN_SERVICE: *******************************************
06-30 21:59:39.523   346   346 D SAN_SERVICE: DM App Phone Service State - 0
06-30 21:59:39.523   346   346 D SAN_SERVICE: *******************************************
06-30 21:59:39.796   346   346 D SAN_SERVICE: *******************************************
06-30 21:59:39.796   346   346 D SAN_SERVICE: DM App Phone Service State - 0
06-30 21:59:39.796   346   346 D SAN_SERVICE: *******************************************
06-30 21:59:40.546   346   346 D SAN_SERVICE: *******************************************
06-30 21:59:40.546   346   346 D SAN_SERVICE: DM App Phone Service State - 0
06-30 21:59:40.546   346   346 D SAN_SERVICE: *******************************************
06-30 21:59:49.757   346   346 D SAN_SERVICE: *******************************************
06-30 21:59:49.757   346   346 D SAN_SERVICE: DM App Phone Service State - 0
06-30 21:59:49.757   346   346 D SAN_SERVICE: *******************************************
06-30 21:59:50.035   346   346 D SAN_SERVICE: *******************************************
06-30 21:59:50.035   346   346 D SAN_SERVICE: DM App Phone Service State - 0
06-30 21:59:50.035   346   346 D SAN_SERVICE: *******************************************
06-30 21:59:50.789   346   346 D SAN_SERVICE: *******************************************
06-30 21:59:50.789   346   346 D SAN_SERVICE: DM App Phone Service State - 0
06-30 21:59:50.789   346   346 D SAN_SERVICE: *******************************************
06-30 22:00:00.039   346   346 D SAN_SERVICE: *******************************************
06-30 22:00:00.039   346   346 D SAN_SERVICE: DM App Phone Service State - 0
06-30 22:00:00.039   346   346 D SAN_SERVICE: *******************************************
06-30 22:00:31.320   147   179 I power   : *** set_screen_state 1
06-30 22:00:31.386   147   179 I WindowManager: Lock screen displayed!
06-30 22:00:31.543    78   122 D SurfaceFlinger: Screen about to return, flinger = 0x1cc9918
06-30 22:00:34.179   224   224 D PhoneStatusBar: disable: < expand icons alerts ticker system_info BACK HOME recent* CLOCK >
06-30 22:00:34.183  8905  8953 D NfcService: NFC-C ON
06-30 22:00:34.199   147 32552 W InputManagerService: Window already focused, ignoring focus gain of: com.android.internal.view.IInputMethodClient$Stub$Proxy@4179ad10
06-30 22:00:34.214   224   224 D PhoneStatusBar: disable: < expand icons alerts ticker system_info back* home* recent clock* >
06-30 22:00:35.878   346   346 D SAN_SERVICE: *******************************************
06-30 22:00:35.878   346   346 D SAN_SERVICE: DM App Phone Service State - 0
06-30 22:00:35.878   346   346 D SAN_SERVICE: *******************************************
06-30 22:00:36.343   346   346 D SAN_SERVICE: *******************************************
06-30 22:00:36.343   346   346 D SAN_SERVICE: DM App Phone Service State - 0
06-30 22:00:36.343   346   346 D SAN_SERVICE: *******************************************
06-30 22:00:37.742   147   385 I ActivityManager: START {act=android.intent.action.MAIN cat=[android.intent.category.LAUNCHER] flg=0x10200000 cmp=com.google.android.talk/.SigningInActivity bnds=[96,706][192,802]} from pid 375
06-30 22:00:37.761   375   377 D dalvikvm: GC_CONCURRENT freed 822K, 36% free 11677K/18055K, paused 30ms+14ms
06-30 22:00:37.847   147   337 I ActivityManager: Start proc com.google.android.talk for activity com.google.android.talk/.SigningInActivity: pid=10773 uid=10045 gids={3003, 1015, 1006, 3002}
06-30 22:00:38.000   375   375 D OpenGLRenderer: Flushing caches (mode 1)
06-30 22:00:38.011   375   375 D OpenGLRenderer: Flushing caches (mode 0)
06-30 22:00:38.043 10773 10773 I ActivityThread: Pub com.google.android.talk.SuggestionProvider: com.google.android.talk.SuggestionsProvider
06-30 22:00:38.125 10773 10773 D vclib:CallStateClient: startListening
06-30 22:00:38.199 10773 10775 D dalvikvm: GC_CONCURRENT freed 166K, 3% free 9326K/9607K, paused 3ms+10ms
06-30 22:00:38.382   147   163 I Process : Sending signal. PID: 10773 SIG: 3
06-30 22:00:38.382 10773 10777 I dalvikvm: threadid=3: reacting to signal 3
06-30 22:00:39.050   147   163 I Process : Sending signal. PID: 10773 SIG: 3
06-30 22:00:39.082 10773 10777 I dalvikvm: Wrote stack traces to '/data/anr/traces.txt'
06-30 22:00:39.082 10773 10777 I dalvikvm: threadid=3: reacting to signal 3
06-30 22:00:39.101 10773 10777 I dalvikvm: Wrote stack traces to '/data/anr/traces.txt'
06-30 22:00:39.351 10773 10775 D dalvikvm: GC_CONCURRENT freed 210K, 4% free 9585K/9927K, paused 31ms+3ms
06-30 22:00:39.382   147   163 I Process : Sending signal. PID: 10773 SIG: 3
06-30 22:00:39.382 10773 10777 I dalvikvm: threadid=3: reacting to signal 3
06-30 22:00:39.418 10773 10777 I dalvikvm: Wrote stack traces to '/data/anr/traces.txt'
06-30 22:00:39.433 10773 10773 D vclib:CallStateClient: startListening
06-30 22:00:39.554 10773 10773 D libEGL  : loaded /system/lib/egl/libGLES_android.so
06-30 22:00:39.562 10773 10773 D libEGL  : loaded /vendor/lib/egl/libEGL_POWERVR_SGX540_120.so
06-30 22:00:39.578 10773 10773 D libEGL  : loaded /vendor/lib/egl/libGLESv1_CM_POWERVR_SGX540_120.so
06-30 22:00:39.578 10773 10773 D libEGL  : loaded /vendor/lib/egl/libGLESv2_POWERVR_SGX540_120.so
06-30 22:00:39.640 10773 10773 D OpenGLRenderer: Enabling debug mode 0
06-30 22:00:39.703   147   178 I ActivityManager: Displayed com.google.android.talk/.SigningInActivity: +1s901ms
06-30 22:00:39.738   375   375 D OpenGLRenderer: Flushing caches (mode 1)
06-30 22:00:39.918 10773 10773 D vclib:CallStateClient: stopListening
06-30 22:00:39.918 10773 10773 D vclib:CallStateClient: startListening
06-30 22:00:40.000  8385  8386 D dalvikvm: GC_CONCURRENT freed 371K, 6% free 10149K/10759K, paused 2ms+3ms
06-30 22:00:40.070 10773 10775 D dalvikvm: GC_CONCURRENT freed 331K, 5% free 9732K/10183K, paused 6ms+2ms
06-30 22:00:40.238 10773 10775 D dalvikvm: GC_CONCURRENT freed 112K, 3% free 10121K/10375K, paused 2ms+3ms
06-30 22:00:43.457 10773 10775 D dalvikvm: GC_CONCURRENT freed 194K, 4% free 10367K/10695K, paused 3ms+6ms
06-30 22:00:44.449  8837  8850 I PhoneLab-: Service Running
06-30 22:00:44.578  8837  8850 I PhoneLab-LoggerService: app_37    1399  1     1440   1000  c00f181c 400107b4 S logcat
06-30 22:00:44.578  8837  8850 I PhoneLab-LoggerService: Logcat pid from database 1399
06-30 22:00:44.578  8837  8850 I PhoneLab-LoggerService: Logcat process found 1399
06-30 22:00:44.578  8837  8850 I PhoneLab-LoggerService: Checking Threshold
06-30 22:00:44.578  8837  8850 I PhoneLab-LoggerService: Starting to rename files
06-30 22:00:44.578  8837  8850 I PhoneLab-LoggerService: Files found .. 2
06-30 22:00:45.652 10773 10775 D dalvikvm: GC_CONCURRENT freed 187K, 4% free 10577K/10951K, paused 4ms+8ms
06-30 22:00:46.019   346   346 D SAN_SERVICE: *******************************************
06-30 22:00:46.019   346   346 D SAN_SERVICE: DM App Phone Service State - 0
06-30 22:00:46.019   346   346 D SAN_SERVICE: *******************************************
06-30 22:00:46.285   346   346 D SAN_SERVICE: *******************************************
06-30 22:00:46.285   346   346 D SAN_SERVICE: DM App Phone Service State - 0
06-30 22:00:46.285   346   346 D SAN_SERVICE: *******************************************
06-30 22:00:47.097   346   346 D SAN_SERVICE: *******************************************
06-30 22:00:47.097   346   346 D SAN_SERVICE: DM App Phone Service State - 0
06-30 22:00:47.097   346   346 D SAN_SERVICE: *******************************************
06-30 22:00:48.359 10773 10775 D dalvikvm: GC_CONCURRENT freed 425K, 5% free 10603K/11143K, paused 2ms+6ms
06-30 22:00:49.679 10773 10775 D dalvikvm: GC_CONCURRENT freed 439K, 6% free 10600K/11207K, paused 2ms+5ms
06-30 22:00:51.089 10773 10775 D dalvikvm: GC_CONCURRENT freed 419K, 6% free 10607K/11207K, paused 2ms+7ms
06-30 22:00:53.476 10773 10773 D vclib:CallStateClient: stopListening
06-30 22:00:53.570 10773 10775 D dalvikvm: GC_CONCURRENT freed 402K, 5% free 10673K/11207K, paused 2ms+3ms
06-30 22:00:53.586 10773 10773 D vclib:CallStateClient: startListening
06-30 22:00:54.961   147  9959 D dalvikvm: GC_EXPLICIT freed 1191K, 27% free 17408K/23815K, paused 15ms+10ms
06-30 22:00:55.211 10773 10775 D dalvikvm: GC_CONCURRENT freed 679K, 8% free 10464K/11271K, paused 2ms+6ms
06-30 22:00:56.761 10773 10773 D vclib:CallStateClient: stopListening
06-30 22:00:56.808 10773 10773 D vclib:CallStateClient: startListening
06-30 22:00:56.937   147   382 W InputManagerService: Window already focused, ignoring focus gain of: com.android.internal.view.IInputMethodClient$Stub$Proxy@418caca8
06-30 22:00:56.976   299   302 D dalvikvm: GC_CONCURRENT freed 1273K, 21% free 10177K/12743K, paused 3ms+2ms
06-30 22:00:57.128 10773 10773 D vclib:CallStateClient: stopListening
06-30 22:00:57.128 10773 10773 D vclib:CallStateClient: startListening
06-30 22:00:57.211 10773 10775 D dalvikvm: GC_CONCURRENT freed 424K, 7% free 10550K/11271K, paused 2ms+3ms
06-30 22:00:57.269 10773 10773 D dalvikvm: GC_FOR_ALLOC freed 136K, 7% free 10540K/11271K, paused 19ms
06-30 22:00:57.304 10773 10773 D dalvikvm: GC_FOR_ALLOC freed 56K, 7% free 10567K/11271K, paused 18ms
06-30 22:00:57.343 10773 10773 D dalvikvm: GC_FOR_ALLOC freed 55K, 7% free 10594K/11271K, paused 19ms
06-30 22:00:57.375 10773 10773 D dalvikvm: GC_FOR_ALLOC freed 55K, 6% free 10622K/11271K, paused 18ms
06-30 22:00:57.410 10773 10773 D dalvikvm: GC_FOR_ALLOC freed 80K, 6% free 10614K/11271K, paused 19ms
06-30 22:00:57.578 10773 10773 D dalvikvm: GC_FOR_ALLOC freed 129K, 7% free 10585K/11271K, paused 20ms
06-30 22:00:58.324 10773 10773 D dalvikvm: GC_FOR_ALLOC freed 129K, 6% free 10676K/11271K, paused 19ms
06-30 22:00:58.437 10773 10773 D dalvikvm: GC_FOR_ALLOC freed 153K, 6% free 10692K/11335K, paused 23ms
06-30 22:00:58.609 10773 10773 D dalvikvm: GC_FOR_ALLOC freed 104K, 6% free 10700K/11335K, paused 21ms
06-30 22:00:59.043 10773 10773 D dalvikvm: GC_FOR_ALLOC freed 157K, 6% free 10691K/11335K, paused 24ms
06-30 22:00:59.445 10773 10773 D dalvikvm: GC_FOR_ALLOC freed 140K, 6% free 10745K/11335K, paused 21ms
06-30 22:00:59.574 10773 10773 D dalvikvm: GC_FOR_ALLOC freed 187K, 6% free 10757K/11399K, paused 21ms
06-30 22:00:59.871 10773 10773 D dalvikvm: GC_FOR_ALLOC freed 252K, 6% free 10788K/11463K, paused 24ms
06-30 22:01:03.414 10773 10773 D dalvikvm: GC_FOR_ALLOC freed 249K, 6% free 10797K/11463K, paused 35ms
06-30 22:01:05.886 10773 10773 D dalvikvm: GC_FOR_ALLOC freed 326K, 6% free 10830K/11463K, paused 22ms
06-30 22:01:06.566   346   346 D SAN_SERVICE: *******************************************
06-30 22:01:06.566   346   346 D SAN_SERVICE: DM App Phone Service State - 0
06-30 22:01:06.566   346   346 D SAN_SERVICE: *******************************************
06-30 22:01:06.761   346   346 D SAN_SERVICE: *******************************************
06-30 22:01:06.761   346   346 D SAN_SERVICE: DM App Phone Service State - 0
06-30 22:01:06.761   346   346 D SAN_SERVICE: *******************************************
06-30 22:01:07.492 10773 10773 D dalvikvm: GC_FOR_ALLOC freed 407K, 7% free 10803K/11527K, paused 32ms
06-30 22:01:11.351 10773 10773 D dalvikvm: GC_FOR_ALLOC freed 410K, 7% free 10820K/11527K, paused 26ms
06-30 22:01:12.043  9783  9785 D dalvikvm: GC_CONCURRENT freed 507K, 8% free 10352K/11143K, paused 18ms+10ms
06-30 22:01:12.406 10610 10613 D dalvikvm: GC_CONCURRENT freed 464K, 6% free 9963K/10503K, paused 3ms+3ms
06-30 22:01:14.183 10773 10773 D dalvikvm: GC_FOR_ALLOC freed 375K, 7% free 10810K/11527K, paused 23ms
06-30 22:01:15.796 10773 10773 D dalvikvm: GC_FOR_ALLOC freed 317K, 7% free 10782K/11527K, paused 25ms
06-30 22:01:16.761   346   346 D SAN_SERVICE: *******************************************
06-30 22:01:16.761   346   346 D SAN_SERVICE: DM App Phone Service State - 0
06-30 22:01:16.761   346   346 D SAN_SERVICE: *******************************************
06-30 22:01:18.234 10773 10773 D dalvikvm: GC_FOR_ALLOC freed 314K, 7% free 10790K/11527K, paused 24ms
06-30 22:01:20.101 10773 10773 D vclib:CallStateClient: stopListening
06-30 22:01:20.125 10773 10773 D vclib:CallStateClient: startListening
06-30 22:01:20.308 10773 10775 D dalvikvm: GC_CONCURRENT freed 523K, 7% free 10730K/11527K, paused 2ms+3ms
06-30 22:01:20.527  8385  8425 D dalvikvm: GC_EXPLICIT freed 311K, 6% free 10189K/10759K, paused 7ms+4ms
06-30 22:01:22.621 10773 10773 D vclib:CallStateClient: stopListening
06-30 22:01:22.683 10773 10773 D vclib:CallStateClient: startListening
06-30 22:01:22.746 10773 10775 D dalvikvm: GC_CONCURRENT freed 588K, 8% free 10648K/11527K, paused 2ms+4ms
06-30 22:01:22.859   147 13032 W InputManagerService: Window already focused, ignoring focus gain of: com.android.internal.view.IInputMethodClient$Stub$Proxy@416d4160
06-30 22:01:23.015 10773 10773 D vclib:CallStateClient: stopListening
06-30 22:01:23.019 10773 10773 D vclib:CallStateClient: startListening
06-30 22:01:23.128 10773 10775 D dalvikvm: GC_CONCURRENT freed 416K, 8% free 10701K/11527K, paused 2ms+3ms
06-30 22:01:23.250   299   302 D dalvikvm: GC_CONCURRENT freed 385K, 21% free 10176K/12743K, paused 2ms+2ms
06-30 22:01:23.375 10773 10773 D dalvikvm: GC_FOR_ALLOC freed 331K, 8% free 10707K/11527K, paused 22ms
06-30 22:01:23.855 10773 10775 D dalvikvm: GC_CONCURRENT freed 328K, 7% free 10833K/11527K, paused 2ms+5ms
06-30 22:01:24.046 10773 10773 D dalvikvm: GC_FOR_ALLOC freed 219K, 7% free 10815K/11527K, paused 22ms
06-30 22:01:24.503 10773 10773 D dalvikvm: GC_FOR_ALLOC freed 179K, 6% free 10882K/11527K, paused 27ms
06-30 22:01:24.668 10773 10773 D dalvikvm: GC_FOR_ALLOC freed 252K, 7% free 10862K/11591K, paused 22ms
06-30 22:01:24.867 10773 10773 D dalvikvm: GC_FOR_ALLOC freed 246K, 7% free 10882K/11591K, paused 23ms
06-30 22:01:25.128 10773 10773 D dalvikvm: GC_FOR_ALLOC freed 248K, 7% free 10881K/11591K, paused 26ms
06-30 22:01:26.574 10773 10773 D dalvikvm: GC_FOR_ALLOC freed 323K, 6% free 10913K/11591K, paused 27ms
06-30 22:01:28.222 10773 10773 D dalvikvm: GC_FOR_ALLOC freed 398K, 7% free 10897K/11655K, paused 21ms
06-30 22:01:31.308 10773 10773 D dalvikvm: GC_FOR_ALLOC freed 433K, 7% free 10921K/11655K, paused 26ms
06-30 22:01:33.617 10773 10773 D dalvikvm: GC_FOR_ALLOC freed 380K, 7% free 10903K/11655K, paused 33ms
06-30 22:01:36.441 10773 10773 D dalvikvm: GC_FOR_ALLOC freed 319K, 7% free 10874K/11655K, paused 22ms
06-30 22:01:37.886 10773 10773 D dalvikvm: GC_FOR_ALLOC freed 355K, 7% free 10895K/11655K, paused 27ms
06-30 22:01:39.640 10773 10773 D dalvikvm: GC_FOR_ALLOC freed 300K, 7% free 10918K/11655K, paused 31ms
06-30 22:01:40.765 10773 10773 D dalvikvm: GC_FOR_ALLOC freed 311K, 7% free 10901K/11655K, paused 28ms
06-30 22:01:42.632 10773 10773 D dalvikvm: GC_FOR_ALLOC freed 309K, 7% free 10898K/11655K, paused 22ms
06-30 22:01:45.160   147   202 D DhcpInfoInternal: makeLinkProperties with empty dns2!
06-30 22:01:45.160   147   202 D DhcpInfoInternal: makeLinkProperties with empty dns2!
06-30 22:01:45.253 10773 10773 D dalvikvm: GC_FOR_ALLOC freed 347K, 7% free 10917K/11655K, paused 22ms
06-30 22:01:47.695 10773 10773 D dalvikvm: GC_FOR_ALLOC freed 329K, 7% free 10913K/11655K, paused 33ms
06-30 22:01:50.644 10773 10773 D dalvikvm: GC_FOR_ALLOC freed 305K, 7% free 10909K/11655K, paused 47ms
06-30 22:01:55.246 10773 10773 D dalvikvm: GC_FOR_ALLOC freed 430K, 7% free 10929K/11655K, paused 34ms
06-30 22:01:59.484 10773 10775 D dalvikvm: GC_CONCURRENT freed 486K, 7% free 10956K/11655K, paused 2ms+4ms
06-30 22:02:00.043 10773 10773 D dalvikvm: GC_FOR_ALLOC freed 491K, 7% free 10927K/11719K, paused 54ms
06-30 22:02:00.640 10773 10773 D dalvikvm: GC_FOR_ALLOC freed 438K, 7% free 10930K/11719K, paused 24ms
06-30 22:02:00.781   147   163 V BackupManagerService: Running a backup pass
06-30 22:02:00.785   147   218 V BackupManagerService: Backup requested but nothing pending
06-30 22:02:01.586 10773 10773 D dalvikvm: GC_FOR_ALLOC freed 466K, 7% free 10934K/11719K, paused 29ms
06-30 22:02:02.742 10773 10773 D dalvikvm: GC_FOR_ALLOC freed 460K, 7% free 10930K/11719K, paused 28ms
06-30 22:02:05.312 10773 10775 D dalvikvm: GC_CONCURRENT freed 575K, 8% free 10899K/11719K, paused 2ms+4ms
06-30 22:02:05.316 10773 10773 D vclib:CallStateClient: stopListening
06-30 22:02:05.347 10773 10773 D vclib:CallStateClient: startListening
06-30 22:02:05.488 10773 10773 D dalvikvm: GC_EXPLICIT freed 118K, 8% free 10834K/11719K, paused 6ms+4ms
06-30 22:02:07.086   299   299 D dalvikvm: GC_FOR_ALLOC freed 313K, 21% free 10176K/12743K, paused 22ms
06-30 22:02:07.089   299   299 I dalvikvm-heap: Grow heap (frag case) to 10.712MB for 739216-byte allocation
06-30 22:02:07.152   299   302 D dalvikvm: GC_CONCURRENT freed 1K, 15% free 10896K/12743K, paused 1ms+7ms
06-30 22:02:07.386   224   227 D dalvikvm: GC_CONCURRENT freed 346K, 31% free 10136K/14599K, paused 2ms+5ms
06-30 22:02:08.128   299   299 V MultiLing!!!!!!!!!!!!!!!!!!!!: mPredicting1:false c:104
06-30 22:02:08.832   299   299 V MultiLing!!!!!!!!!!!!!!!!!!!!: mPredicting1:false c:97
06-30 22:02:10.015   299   299 V MultiLing!!!!!!!!!!!!!!!!!!!!: mPredicting1:false c:103
06-30 22:02:11.961   299   299 V MultiLing!!!!!!!!!!!!!!!!!!!!: mPredicting1:false c:110
06-30 22:02:12.273   299   299 V MultiLing!!!!!!!!!!!!!!!!!!!!: mPredicting1:false c:118
06-30 22:02:12.836   299   299 V MultiLing!!!!!!!!!!!!!!!!!!!!: mPredicting1:false c:108
06-30 22:02:14.793   346   346 D SAN_SERVICE: *******************************************
06-30 22:02:14.793   346   346 D SAN_SERVICE: DM App Phone Service State - 0
06-30 22:02:14.793   346   346 D SAN_SERVICE: *******************************************
06-30 22:02:15.066   346   346 D SAN_SERVICE: *******************************************
06-30 22:02:15.066   346   346 D SAN_SERVICE: DM App Phone Service State - 0
06-30 22:02:15.066   346   346 D SAN_SERVICE: *******************************************
06-30 22:02:15.109   299   299 V MultiLing!!!!!!!!!!!!!!!!!!!!: mPredicting1:false c:103
06-30 22:02:15.285   375   375 D OpenGLRenderer: Flushing caches (mode 2)
06-30 22:02:15.293   375   375 D OpenGLRenderer: Flushing caches (mode 0)
06-30 22:02:15.886   299   299 V MultiLing!!!!!!!!!!!!!!!!!!!!: mPredicting1:false c:111
06-30 22:02:16.269   299   299 V MultiLing!!!!!!!!!!!!!!!!!!!!: mPredicting1:false c:117
06-30 22:02:16.632   299   299 V MultiLing!!!!!!!!!!!!!!!!!!!!: mPredicting1:false c:116
06-30 22:02:17.980   299   299 V MultiLing!!!!!!!!!!!!!!!!!!!!: mPredicting1:false c:107
06-30 22:02:18.535   299   299 V MultiLing!!!!!!!!!!!!!!!!!!!!: mPredicting1:false c:97
06-30 22:02:19.140   299   299 V MultiLing!!!!!!!!!!!!!!!!!!!!: mPredicting1:false c:114
06-30 22:02:19.375   299   299 V MultiLing!!!!!!!!!!!!!!!!!!!!: mPredicting1:false c:101
06-30 22:02:19.644   299   299 V MultiLing!!!!!!!!!!!!!!!!!!!!: mPredicting1:false c:103
06-30 22:02:20.101   299   299 V MultiLing!!!!!!!!!!!!!!!!!!!!: mPredicting1:false c:97
06-30 22:02:21.023   299   299 V MultiLing!!!!!!!!!!!!!!!!!!!!: mPredicting1:false c:107
06-30 22:02:21.441   299   299 V MultiLing!!!!!!!!!!!!!!!!!!!!: mPredicting1:false c:121
06-30 22:02:23.238   299   299 V MultiLing!!!!!!!!!!!!!!!!!!!!: mPredicting1:false c:97
06-30 22:02:23.277 10773 10780 I dalvikvm: Jit: resizing JitTable from 4096 to 8192
06-30 22:02:25.214   299   299 V MultiLing!!!!!!!!!!!!!!!!!!!!: mPredicting1:false c:114
06-30 22:02:25.761   299   299 V MultiLing!!!!!!!!!!!!!!!!!!!!: mPredicting1:false c:97
06-30 22:02:25.945   299   299 V MultiLing!!!!!!!!!!!!!!!!!!!!: mPredicting1:false c:97
06-30 22:02:26.539   299   299 V MultiLing!!!!!!!!!!!!!!!!!!!!: mPredicting1:false c:116
06-30 22:02:27.847   299   299 V MultiLing!!!!!!!!!!!!!!!!!!!!: mPredicting1:false c:107
06-30 22:02:28.211   299   299 V MultiLing!!!!!!!!!!!!!!!!!!!!: mPredicting1:false c:111
06-30 22:02:30.164   346   346 D SAN_SERVICE: *******************************************
06-30 22:02:30.164   346   346 D SAN_SERVICE: DM App Phone Service State - 0
06-30 22:02:30.164   346   346 D SAN_SERVICE: *******************************************
06-30 22:02:30.199  9783  9785 D dalvikvm: GC_CONCURRENT freed 400K, 8% free 10339K/11143K, paused 6ms+2ms
06-30 22:02:40.429   346   346 D SAN_SERVICE: *******************************************
06-30 22:02:40.429   346   346 D SAN_SERVICE: DM App Phone Service State - 0
06-30 22:02:40.429   346   346 D SAN_SERVICE: *******************************************
06-30 22:02:42.355   147   184 I InputReader: Reconfiguring input devices.  changes=0x00000004
06-30 22:02:42.355   147   184 I InputReader: Device reconfigured: id=7, name='mxt224_ts_input', surface size is now 480x800, mode is 1
06-30 22:02:42.421   147   163 I ActivityManager: Config changed: {0.85 310mcc120mnc en_US layoutdir=0 sw320dp w533dp h294dp nrml long land finger -keyb/v/h -nav/h s.34}
06-30 22:02:42.445 10773 10773 D OpenGLRenderer: Flushing caches (mode 0)
06-30 22:02:42.578   299   302 D dalvikvm: GC_CONCURRENT freed 1304K, 21% free 10187K/12743K, paused 2ms+3ms
06-30 22:02:42.793   299   302 D dalvikvm: GC_CONCURRENT freed 333K, 19% free 10333K/12743K, paused 3ms+3ms
06-30 22:02:42.902   299   299 D dalvikvm: GC_FOR_ALLOC freed 489K, 21% free 10087K/12743K, paused 23ms
06-30 22:02:42.906   299   299 I dalvikvm-heap: Grow heap (frag case) to 10.824MB for 947216-byte allocation
06-30 22:02:42.929   224   224 D dalvikvm: GC_FOR_ALLOC freed 501K, 32% free 9995K/14599K, paused 137ms
06-30 22:02:42.964   299   302 D dalvikvm: GC_CONCURRENT freed 7K, 14% free 11005K/12743K, paused 2ms+6ms
06-30 22:02:43.089   299   299 D dalvikvm: GC_FOR_ALLOC freed 938K, 21% free 10080K/12743K, paused 19ms
06-30 22:02:43.089   299   299 I dalvikvm-heap: Grow heap (frag case) to 10.817MB for 947216-byte allocation
06-30 22:02:43.093   224   224 D dalvikvm: GC_FOR_ALLOC freed 196K, 31% free 10103K/14599K, paused 148ms
06-30 22:02:43.156   299   302 D dalvikvm: GC_CONCURRENT freed <1K, 14% free 11005K/12743K, paused 1ms+7ms
06-30 22:02:44.445  8837  8850 I PhoneLab-: Service Running
06-30 22:02:44.550  8837  8850 I PhoneLab-LoggerService: app_37    1399  1     1440   1000  c00f181c 400107b4 S logcat
06-30 22:02:44.550  8837  8850 I PhoneLab-LoggerService: Logcat pid from database 1399
06-30 22:02:44.550  8837  8850 I PhoneLab-LoggerService: Logcat process found 1399
06-30 22:02:44.550  8837  8850 I PhoneLab-LoggerService: Checking Threshold
06-30 22:02:44.554  8837  8850 I PhoneLab-LoggerService: Starting to rename files
06-30 22:02:44.554  8837  8850 I PhoneLab-LoggerService: Files found .. 2
06-30 22:02:45.441   147   178 D dalvikvm: GC_EXPLICIT freed 1361K, 31% free 16604K/23815K, paused 14ms+9ms
06-30 22:02:48.890  8385  8386 D dalvikvm: GC_CONCURRENT freed 403K, 5% free 10223K/10759K, paused 9ms+3ms
06-30 22:02:49.574   147   184 I InputReader: Reconfiguring input devices.  changes=0x00000004
06-30 22:02:49.574   147   184 I InputReader: Device reconfigured: id=7, name='mxt224_ts_input', surface size is now 480x800, mode is 1
06-30 22:02:49.660   147   163 I ActivityManager: Config changed: {0.85 310mcc120mnc en_US layoutdir=0 sw320dp w320dp h508dp nrml long port finger -keyb/v/h -nav/h s.35}
06-30 22:02:49.785   299   302 D dalvikvm: GC_CONCURRENT freed 1532K, 21% free 10112K/12743K, paused 3ms+2ms
06-30 22:02:49.804 10773 10773 D OpenGLRenderer: Flushing caches (mode 0)
06-30 22:02:49.945   299   299 D dalvikvm: GC_FOR_ALLOC freed 137K, 21% free 10093K/12743K, paused 19ms
06-30 22:02:49.945   299   299 I dalvikvm-heap: Grow heap (frag case) to 10.631MB for 739216-byte allocation
06-30 22:02:49.992   299   302 D dalvikvm: GC_CONCURRENT freed 2K, 16% free 10813K/12743K, paused 1ms+6ms
06-30 22:02:50.054   224   224 D dalvikvm: GC_FOR_ALLOC freed 345K, 31% free 10133K/14599K, paused 107ms
06-30 22:02:50.101   299   299 D dalvikvm: GC_FOR_ALLOC freed 732K, 21% free 10091K/12743K, paused 15ms
06-30 22:02:50.101   299   299 I dalvikvm-heap: Grow heap (frag case) to 10.629MB for 739216-byte allocation
06-30 22:02:50.125   299   299 D dalvikvm: GC_FOR_ALLOC freed <1K, 16% free 10813K/12743K, paused 26ms
06-30 22:02:50.246 10773 10775 D dalvikvm: GC_CONCURRENT freed 654K, 9% free 10665K/11719K, paused 1ms+32ms
06-30 22:02:50.421   224   227 D dalvikvm: GC_CONCURRENT freed 339K, 31% free 10178K/14599K, paused 1ms+3ms
06-30 22:02:50.628   346   346 D SAN_SERVICE: *******************************************
06-30 22:02:50.628   346   346 D SAN_SERVICE: DM App Phone Service State - 0
06-30 22:02:50.628   346   346 D SAN_SERVICE: *******************************************
06-30 22:02:52.414   147   178 D dalvikvm: GC_EXPLICIT freed 146K, 31% free 16508K/23815K, paused 43ms+6ms
06-30 22:02:54.332   346   346 D SAN_SERVICE: *******************************************
06-30 22:02:54.332   346   346 D SAN_SERVICE: DM App Phone Service State - 0
06-30 22:02:54.332   346   346 D SAN_SERVICE: *******************************************
06-30 22:03:06.054   147   159 D dalvikvm: GC_EXPLICIT freed 52K, 31% free 16496K/23815K, paused 14ms+6ms
06-30 22:03:06.109   346   346 D SAN_SERVICE: *******************************************
06-30 22:03:06.109   346   346 D SAN_SERVICE: DM App Phone Service State - 0
06-30 22:03:06.109   346   346 D SAN_SERVICE: *******************************************
06-30 22:03:06.523   346   346 D SAN_SERVICE: *******************************************
06-30 22:03:06.523   346   346 D SAN_SERVICE: DM App Phone Service State - 0
06-30 22:03:06.523   346   346 D SAN_SERVICE: *******************************************
06-30 22:03:11.132   346   346 D SAN_SERVICE: *******************************************
06-30 22:03:11.132   346   346 D SAN_SERVICE: DM App Phone Service State - 0
06-30 22:03:11.132   346   346 D SAN_SERVICE: *******************************************
06-30 22:03:12.097 10610 10613 D dalvikvm: GC_CONCURRENT freed 471K, 6% free 9966K/10567K, paused 2ms+4ms
06-30 22:03:16.214   346   346 D SAN_SERVICE: *******************************************
06-30 22:03:16.214   346   346 D SAN_SERVICE: DM App Phone Service State - 0
06-30 22:03:16.214   346   346 D SAN_SERVICE: *******************************************
06-30 22:03:16.804   346   346 D SAN_SERVICE: *******************************************
06-30 22:03:16.804   346   346 D SAN_SERVICE: DM App Phone Service State - 0
06-30 22:03:16.804   346   346 D SAN_SERVICE: *******************************************
06-30 22:03:26.781   224   224 V PhoneStatusBar: setLightsOn(true)
06-30 22:03:29.863   147   337 W InputManagerService: Window already focused, ignoring focus gain of: com.android.internal.view.IInputMethodClient$Stub$Proxy@41361b60
06-30 22:03:30.226   346   346 D SAN_SERVICE: *******************************************
06-30 22:03:30.226   346   346 D SAN_SERVICE: DM App Phone Service State - 0
06-30 22:03:30.226   346   346 D SAN_SERVICE: *******************************************
06-30 22:03:30.691   346   346 D SAN_SERVICE: *******************************************
06-30 22:03:30.691   346   346 D SAN_SERVICE: DM App Phone Service State - 0
06-30 22:03:30.691   346   346 D SAN_SERVICE: *******************************************
06-30 22:03:31.343   224   224 D dalvikvm: GC_FOR_ALLOC freed 583K, 32% free 9977K/14599K, paused 33ms
06-30 22:03:31.461   224   227 D dalvikvm: GC_CONCURRENT freed 374K, 31% free 10080K/14599K, paused 2ms+9ms
06-30 22:03:36.351 10773 10773 D vclib:CallStateClient: stopListening
06-30 22:03:36.390 10773 10773 D vclib:CallStateClient: startListening
06-30 22:03:36.515 10773 10773 D vclib:CallStateClient: stopListening
06-30 22:03:36.515 10773 10773 D vclib:CallStateClient: startListening
06-30 22:03:36.593 10773 10775 D dalvikvm: GC_CONCURRENT freed 405K, 8% free 10800K/11719K, paused 2ms+4ms
06-30 22:03:36.683   346   346 D SAN_SERVICE: *******************************************
06-30 22:03:36.683   346   346 D SAN_SERVICE: DM App Phone Service State - 0
06-30 22:03:36.683   346   346 D SAN_SERVICE: *******************************************
06-30 22:03:36.742   346   350 D dalvikvm: GC_CONCURRENT freed 869K, 10% free 12004K/13255K, paused 2ms+3ms
06-30 22:03:36.812 10773 10775 D dalvikvm: GC_CONCURRENT freed 380K, 7% free 10930K/11719K, paused 2ms+4ms
06-30 22:03:37.242 10640 10642 D dalvikvm: GC_CONCURRENT freed 434K, 6% free 9552K/10119K, paused 1ms+3ms
06-30 22:03:38.769 10773 10775 D dalvikvm: GC_CONCURRENT freed 548K, 7% free 10920K/11719K, paused 3ms+5ms
06-30 22:03:42.394 10773 10773 D dalvikvm: GC_FOR_ALLOC freed 446K, 7% free 10966K/11719K, paused 23ms
06-30 22:03:46.164 10773 10773 D dalvikvm: GC_FOR_ALLOC freed 418K, 7% free 10991K/11719K, paused 26ms
06-30 22:03:51.722 10773 10773 D dalvikvm: GC_FOR_ALLOC freed 485K, 7% free 10980K/11783K, paused 27ms
06-30 22:03:53.148 10640 10651 D dalvikvm: GC_EXPLICIT freed 160K, 7% free 9432K/10119K, paused 2ms+5ms
06-30 22:03:53.886 10773 10775 D dalvikvm: GC_CONCURRENT freed 522K, 7% free 10989K/11783K, paused 4ms+7ms
06-30 22:03:57.023 10773 10773 D vclib:CallStateClient: stopListening
06-30 22:03:57.043 10773 10773 D vclib:CallStateClient: startListening
06-30 22:03:57.441  8385  8396 D dalvikvm: GC_EXPLICIT freed 355K, 6% free 10192K/10759K, paused 7ms+4ms
06-30 22:03:57.660 10773 10775 D dalvikvm: GC_CONCURRENT freed 758K, 9% free 10807K/11783K, paused 2ms+5ms
06-30 22:04:01.183   147   158 W InputManagerService: Window already focused, ignoring focus gain of: com.android.internal.view.IInputMethodClient$Stub$Proxy@4167a890
06-30 22:04:04.355 10554 10859 I SqliteDatabaseCpp: sqlite returned: error code = 1, msg = no such column: wipeout_stats, db=/data/data/com.google.android.apps.plus/databases/es0.db
06-30 22:04:04.359 10554 10859 W System.err: android.database.sqlite.SQLiteException: no such column: wipeout_stats: , while compiling: SELECT wipeout_stats  FROM account_status
06-30 22:04:04.640 10554 10859 W System.err: 	at android.database.sqlite.SQLiteCompiledSql.native_compile(Native Method)
06-30 22:04:04.640 10554 10859 W System.err: 	at android.database.sqlite.SQLiteCompiledSql.<init>(SQLiteCompiledSql.java:68)
06-30 22:04:04.640 10554 10859 W System.err: 	at android.database.sqlite.SQLiteProgram.compileSql(SQLiteProgram.java:143)
06-30 22:04:04.640 10554 10859 W System.err: 	at android.database.sqlite.SQLiteProgram.compileAndbindAllArgs(SQLiteProgram.java:361)
06-30 22:04:04.640 10554 10859 W System.err: 	at android.database.sqlite.SQLiteStatement.acquireAndLock(SQLiteStatement.java:260)
06-30 22:04:04.640 10554 10859 W System.err: 	at android.database.sqlite.SQLiteStatement.simpleQueryForLong(SQLiteStatement.java:137)
06-30 22:04:04.652 10554 10859 W System.err: 	at android.database.DatabaseUtils.longForQuery(DatabaseUtils.java:791)
06-30 22:04:04.652 10554 10859 W System.err: 	at android.database.DatabaseUtils.longForQuery(DatabaseUtils.java:779)
06-30 22:04:04.652 10554 10859 W System.err: 	at com.google.android.apps.plus.content.EsAccountsData.isContactsStatsWipeoutNeeded(EsAccountsData.java:641)
06-30 22:04:04.652 10554 10859 W System.err: 	at com.google.android.apps.plus.service.EsService.processIntent(EsService.java:4246)
06-30 22:04:04.656 10554 10859 W System.err: 	at com.google.android.apps.plus.service.ServiceThread$1.run(ServiceThread.java:50)
06-30 22:04:04.656 10554 10859 W System.err: 	at android.os.Handler.handleCallback(Handler.java:605)
06-30 22:04:04.656 10554 10859 W System.err: 	at android.os.Handler.dispatchMessage(Handler.java:92)
06-30 22:04:04.656 10554 10859 W System.err: 	at android.os.Looper.loop(Looper.java:137)
06-30 22:04:04.714 10554 10859 W System.err: 	at com.google.android.apps.plus.service.ServiceThread.run(ServiceThread.java:122)
06-30 22:04:04.902 10441 10444 D dalvikvm: GC_CONCURRENT freed 441K, 5% free 10547K/11079K, paused 23ms+6ms
06-30 22:04:08.804 10554 10556 D dalvikvm: GC_CONCURRENT freed 3561K, 20% free 17925K/22151K, paused 12ms+6ms
06-30 22:04:09.617 10554 10860 E dalvikvm: Could not find class 'android.app.Notification$InboxStyle', referenced from method com.google.android.apps.plus.service.AndroidNotification.createDigestNotification
06-30 22:04:09.617 10554 10860 W dalvikvm: VFY: unable to resolve new-instance 41 (Landroid/app/Notification$InboxStyle;) in Lcom/google/android/apps/plus/service/AndroidNotification;
06-30 22:04:09.617 10554 10860 D dalvikvm: VFY: replacing opcode 0x22 at 0x0018
06-30 22:04:09.621 10554 10860 I dalvikvm: Could not find method android.app.Notification$Builder.setPriority, referenced from method com.google.android.apps.plus.service.AndroidNotification.createRichNotification
06-30 22:04:09.621 10554 10860 W dalvikvm: VFY: unable to resolve virtual method 162: Landroid/app/Notification$Builder;.setPriority (I)Landroid/app/Notification$Builder;
06-30 22:04:09.621 10554 10860 D dalvikvm: VFY: replacing opcode 0x6e at 0x00d5
06-30 22:04:09.660 10554 10860 D dalvikvm: DexOpt: unable to opt direct call 0x00a8 at 0x1a in Lcom/google/android/apps/plus/service/AndroidNotification;.createDigestNotification
06-30 22:04:09.660 10554 10860 D dalvikvm: DexOpt: unable to opt direct call 0x0091 at 0xf1 in Lcom/google/android/apps/plus/service/AndroidNotification;.createRichNotification
06-30 22:04:09.660 10554 10860 D dalvikvm: DexOpt: unable to opt direct call 0x0095 at 0x397 in Lcom/google/android/apps/plus/service/AndroidNotification;.createRichNotification
06-30 22:04:09.836   147   202 D DhcpInfoInternal: makeLinkProperties with empty dns2!
06-30 22:04:09.836   147   202 D DhcpInfoInternal: makeLinkProperties with empty dns2!
06-30 22:04:11.957  9783  9785 D dalvikvm: GC_CONCURRENT freed 500K, 8% free 10351K/11143K, paused 2ms+3ms
06-30 22:04:20.496 10554 10556 D dalvikvm: GC_CONCURRENT freed 1909K, 19% free 17952K/22151K, paused 3ms+6ms
06-30 22:04:20.605 10554 10689 D dalvikvm: GC_EXPLICIT freed 192K, 20% free 17825K/22151K, paused 3ms+6ms
06-30 22:04:23.703 10640 10642 D dalvikvm: GC_CONCURRENT freed 278K, 6% free 9538K/10119K, paused 2ms+3ms
06-30 22:04:24.191   147   372 D dalvikvm: GC_EXPLICIT freed 881K, 31% free 16556K/23815K, paused 3ms+8ms
06-30 22:04:24.918 10470 10472 D dalvikvm: GC_CONCURRENT freed 419K, 6% free 10014K/10567K, paused 2ms+4ms
06-30 22:04:29.175 10554 10860 D dalvikvm: GC_FOR_ALLOC freed 1385K, 18% free 18196K/22151K, paused 62ms
06-30 22:04:29.625 10554 10561 I dalvikvm: Jit: resizing JitTable from 8192 to 16384
06-30 22:04:30.125 10554 10556 D dalvikvm: GC_CONCURRENT freed 1129K, 15% free 18989K/22151K, paused 3ms+5ms
06-30 22:04:32.464 10554 10556 D dalvikvm: GC_CONCURRENT freed 1920K, 15% free 18995K/22151K, paused 3ms+4ms
06-30 22:04:34.972 10554 10860 I SqliteDatabaseCpp: sqlite returned: error code = 1, msg = no such column: last_stats_sync_time, db=/data/data/com.google.android.apps.plus/databases/es0.db
06-30 22:04:34.992 10554 10860 E EsSyncAdapterService: Sync failure
06-30 22:04:34.992 10554 10860 E EsSyncAdapterService: android.database.sqlite.SQLiteException: no such column: last_stats_sync_time: , while compiling: SELECT last_stats_sync_time  FROM account_status
06-30 22:04:34.992 10554 10860 E EsSyncAdapterService: 	at android.database.sqlite.SQLiteCompiledSql.native_compile(Native Method)
06-30 22:04:34.992 10554 10860 E EsSyncAdapterService: 	at android.database.sqlite.SQLiteCompiledSql.<init>(SQLiteCompiledSql.java:68)
06-30 22:04:34.992 10554 10860 E EsSyncAdapterService: 	at android.database.sqlite.SQLiteProgram.compileSql(SQLiteProgram.java:143)
06-30 22:04:34.992 10554 10860 E EsSyncAdapterService: 	at android.database.sqlite.SQLiteProgram.compileAndbindAllArgs(SQLiteProgram.java:361)
06-30 22:04:34.992 10554 10860 E EsSyncAdapterService: 	at android.database.sqlite.SQLiteStatement.acquireAndLock(SQLiteStatement.java:260)
06-30 22:04:34.992 10554 10860 E EsSyncAdapterService: 	at android.database.sqlite.SQLiteStatement.simpleQueryForLong(SQLiteStatement.java:137)
06-30 22:04:34.992 10554 10860 E EsSyncAdapterService: 	at android.database.DatabaseUtils.longForQuery(DatabaseUtils.java:791)
06-30 22:04:34.992 10554 10860 E EsSyncAdapterService: 	at android.database.DatabaseUtils.longForQuery(DatabaseUtils.java:779)
06-30 22:04:34.992 10554 10860 E EsSyncAdapterService: 	at com.google.android.apps.plus.content.EsAccountsData.queryLastStatsSyncTimestamp(EsAccountsData.java:570)
06-30 22:04:34.992 10554 10860 E EsSyncAdapterService: 	at com.google.android.apps.plus.service.EsSyncAdapterService.syncContactsStatsIfNecessary(EsSyncAdapterService.java:670)
06-30 22:04:34.992 10554 10860 E EsSyncAdapterService: 	at com.google.android.apps.plus.service.EsSyncAdapterService.doFullSync(EsSyncAdapterService.java:633)
06-30 22:04:34.992 10554 10860 E EsSyncAdapterService: 	at com.google.android.apps.plus.service.EsSyncAdapterService.doSync(EsSyncAdapterService.java:566)
06-30 22:04:34.992 10554 10860 E EsSyncAdapterService: 	at com.google.android.apps.plus.service.EsSyncAdapterService.access$100(EsSyncAdapterService.java:52)
06-30 22:04:34.992 10554 10860 E EsSyncAdapterService: 	at com.google.android.apps.plus.service.EsSyncAdapterService$SyncAdapterImpl.onPerformSync(EsSyncAdapterService.java:408)
06-30 22:04:34.992 10554 10860 E EsSyncAdapterService: 	at android.content.AbstractThreadedSyncAdapter$SyncThread.run(AbstractThreadedSyncAdapter.java:247)
06-30 22:04:35.054   147   172 D SyncManager: failed sync operation lokeshmandvekar@gmail.com (com.google), com.google.android.apps.plus.content.EsProvider, SERVER, earliestRunTime 107100087, SyncResult: stats [ numParseExceptions: 1]
06-30 22:04:35.062   147   172 D SyncManager: not retrying sync operation because the error is a hard error: lokeshmandvekar@gmail.com (com.google), com.google.android.apps.plus.content.EsProvider, SERVER, earliestRunTime 107130793
06-30 22:04:36.480   346   346 D SAN_SERVICE: *******************************************
06-30 22:04:36.480   346   346 D SAN_SERVICE: DM App Phone Service State - 0
06-30 22:04:36.480   346   346 D SAN_SERVICE: *******************************************
06-30 22:04:36.750   346   346 D SAN_SERVICE: *******************************************
06-30 22:04:36.750   346   346 D SAN_SERVICE: DM App Phone Service State - 0
06-30 22:04:36.750   346   346 D SAN_SERVICE: *******************************************
06-30 22:04:37.492   346   346 D SAN_SERVICE: *******************************************
06-30 22:04:37.492   346   346 D SAN_SERVICE: DM App Phone Service State - 0
06-30 22:04:37.492   346   346 D SAN_SERVICE: *******************************************
06-30 22:04:40.425 10640 10642 D dalvikvm: GC_CONCURRENT freed 441K, 6% free 9543K/10119K, paused 2ms+2ms
06-30 22:04:40.640 10640 10652 D dalvikvm: GC_EXPLICIT freed 176K, 7% free 9441K/10119K, paused 2ms+3ms
06-30 22:04:40.824 10554 10556 D dalvikvm: GC_CONCURRENT freed 3082K, 20% free 17843K/22151K, paused 3ms+9ms
06-30 22:04:42.043 10470 10472 D dalvikvm: GC_CONCURRENT freed 428K, 6% free 10013K/10567K, paused 2ms+2ms
06-30 22:04:42.820 10640 10642 D dalvikvm: GC_CONCURRENT freed 277K, 6% free 9548K/10119K, paused 2ms+3ms
06-30 22:04:44.445  8837  8850 I PhoneLab-: Service Running
06-30 22:04:44.527  8837  8850 I PhoneLab-LoggerService: app_37    1399  1     1440   1000  c00f181c 400107b4 S logcat
06-30 22:04:44.527  8837  8850 I PhoneLab-LoggerService: Logcat pid from database 1399
06-30 22:04:44.527  8837  8850 I PhoneLab-LoggerService: Logcat process found 1399
06-30 22:04:44.527  8837  8850 I PhoneLab-LoggerService: Checking Threshold
06-30 22:04:44.531  8837  8850 I PhoneLab-LoggerService: Starting to rename files
06-30 22:04:44.531  8837  8850 I PhoneLab-LoggerService: Files found .. 2
06-30 22:04:46.734   346   346 D SAN_SERVICE: *******************************************
06-30 22:04:46.734   346   346 D SAN_SERVICE: DM App Phone Service State - 0
06-30 22:04:46.734   346   346 D SAN_SERVICE: *******************************************
06-30 22:04:47.148 10470 10472 D dalvikvm: GC_CONCURRENT freed 422K, 6% free 10019K/10567K, paused 2ms+3ms
06-30 22:04:51.652 10773 10773 D vclib:CallStateClient: stopListening
06-30 22:04:51.703 10773 10773 D vclib:CallStateClient: startListening
06-30 22:04:51.832 10773 10773 D vclib:CallStateClient: stopListening
06-30 22:04:51.836 10773 10773 D vclib:CallStateClient: startListening
06-30 22:04:51.867 10773 10775 D dalvikvm: GC_CONCURRENT freed 559K, 9% free 10830K/11783K, paused 2ms+5ms
06-30 22:04:52.003 10773 10775 D dalvikvm: GC_CONCURRENT freed 423K, 8% free 10933K/11783K, paused 1ms+3ms
06-30 22:04:52.937 10773 10773 D dalvikvm: GC_FOR_ALLOC freed 550K, 8% free 10880K/11783K, paused 23ms
06-30 22:04:53.722 10773 10773 D dalvikvm: GC_FOR_ALLOC freed 336K, 8% free 10944K/11783K, paused 25ms
06-30 22:04:53.843 10773 10773 D dalvikvm: GC_FOR_ALLOC freed 292K, 8% free 10918K/11783K, paused 21ms
06-30 22:04:54.027 10773 10773 D dalvikvm: GC_FOR_ALLOC freed 290K, 7% free 10970K/11783K, paused 21ms
06-30 22:04:54.246 10773 10773 D dalvikvm: GC_FOR_ALLOC freed 283K, 7% free 10968K/11783K, paused 26ms
06-30 22:04:54.996 10773 10773 D dalvikvm: GC_FOR_ALLOC freed 329K, 7% free 10982K/11783K, paused 21ms
06-30 22:04:55.277 10773 10773 D dalvikvm: GC_FOR_ALLOC freed 364K, 7% free 10982K/11783K, paused 22ms
06-30 22:04:55.601 10773 10773 D dalvikvm: GC_FOR_ALLOC freed 294K, 7% free 11010K/11783K, paused 23ms
06-30 22:04:56.750 10773 10773 D dalvikvm: GC_FOR_ALLOC freed 358K, 7% free 11000K/11783K, paused 23ms
06-30 22:04:57.257 10773 10773 D dalvikvm: GC_FOR_ALLOC freed 311K, 7% free 10987K/11783K, paused 27ms
06-30 22:04:57.988 10773 10773 D dalvikvm: GC_FOR_ALLOC freed 278K, 7% free 10964K/11783K, paused 22ms
06-30 22:04:58.203 10773 10773 D dalvikvm: GC_FOR_ALLOC freed 287K, 7% free 10973K/11783K, paused 22ms
06-30 22:04:58.492 10773 10773 D dalvikvm: GC_FOR_ALLOC freed 208K, 7% free 10988K/11783K, paused 25ms
06-30 22:04:59.589 10773 10773 D dalvikvm: GC_FOR_ALLOC freed 249K, 7% free 10965K/11783K, paused 22ms
06-30 22:04:59.855 10773 10773 D dalvikvm: GC_FOR_ALLOC freed 257K, 7% free 10990K/11783K, paused 25ms
06-30 22:05:01.273 10773 10773 D dalvikvm: GC_FOR_ALLOC freed 255K, 7% free 10990K/11783K, paused 26ms
06-30 22:05:02.257   346   346 D SAN_SERVICE: *******************************************
06-30 22:05:02.257   346   346 D SAN_SERVICE: DM App Phone Service State - 0
06-30 22:05:02.257   346   346 D SAN_SERVICE: *******************************************
06-30 22:05:03.121 10773 10773 D dalvikvm: GC_FOR_ALLOC freed 251K, 7% free 11014K/11783K, paused 21ms
06-30 22:05:04.867 10773 10773 D vclib:CallStateClient: stopListening
06-30 22:05:04.894 10773 10773 D vclib:CallStateClient: startListening
06-30 22:05:04.988   147   337 D dalvikvm: GC_EXPLICIT freed 414K, 31% free 16511K/23815K, paused 3ms+8ms
06-30 22:05:05.082   299   302 D dalvikvm: GC_CONCURRENT freed 1193K, 21% free 10151K/12743K, paused 2ms+3ms
06-30 22:05:05.726  8385  8386 D dalvikvm: GC_CONCURRENT freed 407K, 5% free 10226K/10759K, paused 56ms+6ms
06-30 22:05:05.976 10773 10773 D dalvikvm: GC_FOR_ALLOC freed 829K, 10% free 10647K/11783K, paused 21ms
06-30 22:05:08.824 10773 10775 D dalvikvm: GC_CONCURRENT freed 307K, 9% free 10767K/11783K, paused 2ms+3ms
06-30 22:05:08.886   147   385 W InputManagerService: Window already focused, ignoring focus gain of: com.android.internal.view.IInputMethodClient$Stub$Proxy@417b9988
06-30 22:05:11.480 10773 10773 D dalvikvm: GC_EXPLICIT freed 87K, 10% free 10719K/11783K, paused 4ms+4ms
06-30 22:05:12.117  9783  9785 D dalvikvm: GC_CONCURRENT freed 399K, 8% free 10348K/11143K, paused 8ms+4ms
06-30 22:05:12.175 10610 10613 D dalvikvm: GC_CONCURRENT freed 471K, 6% free 9965K/10567K, paused 2ms+2ms
06-30 22:05:12.566 10773 10773 D vclib:CallStateClient: stopListening
06-30 22:05:12.644  8385  8396 D dalvikvm: GC_EXPLICIT freed 221K, 6% free 10163K/10759K, paused 3ms+3ms
06-30 22:05:12.644 10773 10773 D vclib:CallStateClient: startListening
06-30 22:05:12.753   147 32552 W InputManagerService: Window already focused, ignoring focus gain of: com.android.internal.view.IInputMethodClient$Stub$Proxy@416e6a18
06-30 22:05:12.964 10773 10773 D vclib:CallStateClient: stopListening
06-30 22:05:12.964 10773 10773 D vclib:CallStateClient: startListening
06-30 22:05:13.054 10773 10775 D dalvikvm: GC_CONCURRENT freed 470K, 9% free 10803K/11783K, paused 2ms+4ms
06-30 22:05:13.222 10773 10775 D dalvikvm: GC_CONCURRENT freed 383K, 8% free 10889K/11783K, paused 3ms+4ms
06-30 22:05:16.699 10773 10775 D dalvikvm: GC_CONCURRENT freed 445K, 7% free 10973K/11783K, paused 3ms+4ms
06-30 22:05:18.089 10773 10773 D dalvikvm: GC_FOR_ALLOC freed 358K, 7% free 10969K/11783K, paused 24ms
06-30 22:05:19.367 10773 10773 D dalvikvm: GC_FOR_ALLOC freed 319K, 7% free 11048K/11783K, paused 25ms
06-30 22:05:20.461 10773 10773 D dalvikvm: GC_FOR_ALLOC freed 401K, 7% free 11039K/11847K, paused 27ms
06-30 22:05:21.480 10773 10773 D dalvikvm: GC_FOR_ALLOC freed 468K, 7% free 11071K/11847K, paused 22ms
06-30 22:05:21.652 10773 10773 D dalvikvm: GC_FOR_ALLOC freed 396K, 7% free 11079K/11847K, paused 22ms
06-30 22:05:22.359 10773 10773 D dalvikvm: GC_FOR_ALLOC freed 491K, 7% free 11059K/11847K, paused 26ms
06-30 22:05:36.336   147   147 W InputManagerService: Starting input on non-focused client com.android.internal.view.IInputMethodClient$Stub$Proxy@41782f00 (uid=10045 pid=10773)
06-30 22:05:36.464 10773 10773 D OpenGLRenderer: Flushing caches (mode 0)
06-30 22:05:36.511 10773 10773 D OpenGLRenderer: Flushing caches (mode 1)
06-30 22:05:36.519 10773 10773 D vclib:CallStateClient: stopListening
06-30 22:05:39.578   346   346 D SAN_SERVICE: *******************************************
06-30 22:05:39.578   346   346 D SAN_SERVICE: DM App Phone Service State - 0
06-30 22:05:39.578   346   346 D SAN_SERVICE: *******************************************
06-30 22:05:39.722   147  2141 I ActivityManager: START {act=android.intent.action.MAIN cat=[android.intent.category.LAUNCHER] flg=0x10000000 pkg=com.whatsapp cmp=com.whatsapp/.Main bnds=[360,405][480,555]} from pid 375
06-30 22:05:39.898   375   375 D OpenGLRenderer: Flushing caches (mode 1)
06-30 22:05:39.976   375   375 D OpenGLRenderer: Flushing caches (mode 0)
06-30 22:05:40.082 10470 10470 D dalvikvm: GC_FOR_ALLOC freed 302K, 6% free 10057K/10631K, paused 32ms
06-30 22:05:40.082 10470 10470 I dalvikvm-heap: Grow heap (frag case) to 10.078MB for 196256-byte allocation
06-30 22:05:40.097   346   346 D SAN_SERVICE: *******************************************
06-30 22:05:40.097   346   346 D SAN_SERVICE: DM App Phone Service State - 0
06-30 22:05:40.097   346   346 D SAN_SERVICE: *******************************************
06-30 22:05:40.113 10470 10470 D dalvikvm: GC_FOR_ALLOC freed 5K, 6% free 10243K/10823K, paused 25ms
06-30 22:05:40.148 10470 10470 D dalvikvm: GC_FOR_ALLOC freed 3K, 6% free 10252K/10823K, paused 19ms
06-30 22:05:40.152 10470 10470 I dalvikvm-heap: Grow heap (frag case) to 10.228MB for 155248-byte allocation
06-30 22:05:40.171 10470 10470 D dalvikvm: GC_FOR_ALLOC freed <1K, 6% free 10403K/11015K, paused 18ms
06-30 22:05:40.257 10470 10470 D dalvikvm: GC_EXPLICIT freed 26K, 6% free 10437K/11015K, paused 3ms+3ms
06-30 22:05:40.289   147   163 I Process : Sending signal. PID: 10470 SIG: 3
06-30 22:05:40.289 10470 10476 I dalvikvm: threadid=3: reacting to signal 3
06-30 22:05:40.378 10470 10476 I dalvikvm: Wrote stack traces to '/data/anr/traces.txt'
06-30 22:05:40.402   224   224 V PhoneStatusBar: setLightsOn(true)
06-30 22:05:40.570   147   178 I ActivityManager: Displayed com.whatsapp/.Conversations: +784ms
06-30 22:05:42.273   147   337 I ActivityManager: START {cmp=com.whatsapp/.ContactPicker} from pid 10470
06-30 22:05:42.445 10470 10470 D dalvikvm: GC_FOR_ALLOC freed 55K, 4% free 10647K/11079K, paused 24ms
06-30 22:05:42.546   224   224 V PhoneStatusBar: setLightsOn(true)
06-30 22:05:42.722   147   178 I ActivityManager: Displayed com.whatsapp/.ContactPicker: +415ms
06-30 22:05:42.836   299   302 D dalvikvm: GC_CONCURRENT freed 528K, 21% free 10095K/12743K, paused 2ms+6ms
06-30 22:05:42.878   299   299 D dalvikvm: GC_FOR_ALLOC freed 190K, 21% free 10092K/12743K, paused 15ms
06-30 22:05:42.878   299   299 I dalvikvm-heap: Grow heap (frag case) to 10.630MB for 739216-byte allocation
06-30 22:05:42.902   299   299 D dalvikvm: GC_FOR_ALLOC freed <1K, 16% free 10813K/12743K, paused 21ms
06-30 22:05:43.046   299   302 D dalvikvm: GC_CONCURRENT freed 10K, 16% free 10813K/12743K, paused 1ms+10ms
06-30 22:05:43.218   224   227 D dalvikvm: GC_CONCURRENT freed 401K, 31% free 10183K/14599K, paused 2ms+16ms
06-30 22:05:43.398 10470 10472 D dalvikvm: GC_CONCURRENT freed 156K, 3% free 10936K/11207K, paused 2ms+3ms
06-30 22:05:43.609 10640 10892 D dalvikvm: GC_EXPLICIT freed 414K, 6% free 9549K/10119K, paused 2ms+3ms
06-30 22:05:43.863   147   382 D dalvikvm: GC_EXPLICIT freed 842K, 31% free 16551K/23815K, paused 3ms+16ms
06-30 22:05:43.992 10470 10472 D dalvikvm: GC_CONCURRENT freed 461K, 5% free 11044K/11591K, paused 2ms+4ms
06-30 22:05:45.281 10470 10470 D dalvikvm: GC_FOR_ALLOC freed 198K, 6% free 11178K/11783K, paused 21ms
06-30 22:05:45.308 10470 10470 D dalvikvm: GC_FOR_ALLOC freed 6K, 6% free 11361K/11975K, paused 21ms
06-30 22:05:45.336 10470 10470 D dalvikvm: GC_FOR_ALLOC freed 0K, 6% free 11551K/12167K, paused 27ms
06-30 22:05:45.398 10470 10470 D dalvikvm: GC_FOR_ALLOC freed 1K, 6% free 11741K/12359K, paused 21ms
06-30 22:05:45.875 10470 10472 D dalvikvm: GC_CONCURRENT freed 340K, 5% free 12224K/12743K, paused 2ms+4ms
06-30 22:05:46.589 10470 10917 D dalvikvm: GC_EXPLICIT freed 415K, 6% free 12247K/12999K, paused 3ms+4ms
06-30 22:05:47.582   224   224 D dalvikvm: GC_FOR_ALLOC freed 584K, 32% free 9982K/14599K, paused 40ms
06-30 22:05:47.687   224   227 D dalvikvm: GC_CONCURRENT freed 378K, 31% free 10097K/14599K, paused 2ms+4ms
06-30 22:05:47.882 10640 10891 D dalvikvm: GC_EXPLICIT freed 297K, 7% free 9508K/10119K, paused 2ms+4ms
06-30 22:05:48.289 10470 10470 D dalvikvm: GC_FOR_ALLOC freed 696K, 7% free 12529K/13383K, paused 30ms
06-30 22:05:48.355   346   346 D SAN_SERVICE: *******************************************
06-30 22:05:48.355   346   346 D SAN_SERVICE: DM App Phone Service State - 0
06-30 22:05:48.355   346   346 D SAN_SERVICE: *******************************************
06-30 22:05:48.609   346   346 D SAN_SERVICE: *******************************************
06-30 22:05:48.609   346   346 D SAN_SERVICE: DM App Phone Service State - 0
06-30 22:05:48.609   346   346 D SAN_SERVICE: *******************************************
06-30 22:05:48.859   346   346 D SAN_SERVICE: *******************************************
06-30 22:05:48.859   346   346 D SAN_SERVICE: DM App Phone Service State - 0
06-30 22:05:48.859   346   346 D SAN_SERVICE: *******************************************
06-30 22:05:49.054   346   346 D SAN_SERVICE: *******************************************
06-30 22:05:49.054   346   346 D SAN_SERVICE: DM App Phone Service State - 0
06-30 22:05:49.054   346   346 D SAN_SERVICE: *******************************************
06-30 22:05:50.132 10640 10657 D dalvikvm: GC_EXPLICIT freed 259K, 7% free 9510K/10119K, paused 2ms+3ms
06-30 22:05:50.328   147 24742 D dalvikvm: GC_EXPLICIT freed 265K, 31% free 16495K/23815K, paused 4ms+18ms
06-30 22:05:50.429 10470 10917 D dalvikvm: GC_EXPLICIT freed 809K, 7% free 12753K/13703K, paused 2ms+5ms
06-30 22:05:50.515   147 13032 I ActivityManager: START {flg=0x14000000 cmp=com.whatsapp/.Conversation (has extras)} from pid 10470
06-30 22:05:50.574   224   224 V PhoneStatusBar: setLightsOn(true)
06-30 22:05:50.589   147  4378 W InputManagerService: Focus gain on non-focused client com.android.internal.view.IInputMethodClient$Stub$Proxy@416cd0f0 (uid=10068 pid=10470)
06-30 22:05:50.714 10470 10470 D skia    : --- SkImageDecoder::Factory returned null
06-30 22:05:50.863   224   224 V PhoneStatusBar: setLightsOn(true)
06-30 22:05:50.921   147   178 I ActivityManager: Displayed com.whatsapp/.Conversation: +345ms
06-30 22:05:50.988   299   299 D dalvikvm: GC_FOR_ALLOC freed 851K, 21% free 10092K/12743K, paused 20ms
06-30 22:05:50.988   299   299 I dalvikvm-heap: Grow heap (frag case) to 10.630MB for 739216-byte allocation
06-30 22:05:51.054   299   302 D dalvikvm: GC_CONCURRENT freed <1K, 16% free 10813K/12743K, paused 2ms+10ms
06-30 22:05:51.265   224   227 D dalvikvm: GC_CONCURRENT freed 413K, 31% free 10148K/14599K, paused 5ms+3ms
06-30 22:05:51.402 10470 10472 D dalvikvm: GC_CONCURRENT freed 2044K, 16% free 11840K/14023K, paused 4ms+14ms
06-30 22:05:51.425   224   227 D dalvikvm: GC_CONCURRENT freed 541K, 32% free 9995K/14599K, paused 1ms+5ms
06-30 22:05:53.144   224   224 D dalvikvm: GC_FOR_ALLOC freed 381K, 32% free 9978K/14599K, paused 22ms
06-30 22:05:53.207   224   227 D dalvikvm: GC_CONCURRENT freed 312K, 31% free 10109K/14599K, paused 2ms+3ms
06-30 22:05:53.324   224   227 D dalvikvm: GC_CONCURRENT freed 505K, 32% free 10012K/14599K, paused 2ms+4ms
06-30 22:05:54.121   224   224 V PhoneStatusBar: setLightsOn(true)
06-30 22:05:54.953   147 13032 W InputManagerService: Starting input on non-focused client com.android.internal.view.IInputMethodClient$Stub$Proxy@416cd0f0 (uid=10068 pid=10470)
06-30 22:05:54.957 10470 10470 W IInputConnectionWrapper: showStatusIcon on inactive InputConnection
06-30 22:05:57.207   147  2141 I ActivityManager: START {act=android.intent.action.MAIN cat=[android.intent.category.LAUNCHER] flg=0x10200000 cmp=com.android.contacts/.activities.PeopleActivity bnds=[0,405][120,555]} from pid 375
06-30 22:05:57.367   147   147 I ActivityManager: Start proc com.android.contacts for activity com.android.contacts/.activities.PeopleActivity: pid=10923 uid=10000 gids={3003, 1015}
06-30 22:05:57.429   375   375 D OpenGLRenderer: Flushing caches (mode 1)
06-30 22:05:57.449   375   375 D OpenGLRenderer: Flushing caches (mode 0)
06-30 22:05:57.621 10923 10923 I ContactsIntentResolver: Called with action: android.intent.action.MAIN
06-30 22:05:57.636 10923 10937 D AccountTypeManager: Registering external account type=com.whatsapp, packageName=com.whatsapp
06-30 22:05:57.679 10923 10937 W ResourceType: getEntry failing because entryIndex 606 is beyond type entryCount 189
06-30 22:05:57.679 10923 10937 W ResourceType: Failure getting entry for 0x7f02025e (t=1 e=606) in package 0 (error -2147483647)
06-30 22:05:57.679 10923 10937 D AccountTypeManager: Registering external account type=com.xabber.androiddev, packageName=com.xabber.androiddev
06-30 22:05:57.734 10923 10937 D AccountTypeManager: Registering external account type=com.facebook.auth.login, packageName=com.facebook.katana
06-30 22:05:57.742 10923 10925 D dalvikvm: GC_CONCURRENT freed 200K, 3% free 9336K/9607K, paused 8ms+3ms
06-30 22:05:57.836 10923 10937 W ResourceType: getEntry failing because entryIndex 344 is beyond type entryCount 189
06-30 22:05:57.836 10923 10937 W ResourceType: Failure getting entry for 0x7f020158 (t=1 e=344) in package 0 (error -2147483647)
06-30 22:05:57.839 10923 10937 D AccountTypeManager: Registering 1 extension packages
06-30 22:05:57.875 10923 10923 I ContactPhotoManager: Cache adj: 0.5
06-30 22:05:57.890   147   163 I Process : Sending signal. PID: 10923 SIG: 3
06-30 22:05:57.890 10923 10927 I dalvikvm: threadid=3: reacting to signal 3
06-30 22:05:58.039 10923 10927 I dalvikvm: Wrote stack traces to '/data/anr/traces.txt'
06-30 22:05:58.058 10923 10937 E ExternalAccountType: Unsupported attribute readOnly
06-30 22:05:58.058 10923 10937 W ResourceType: getEntry failing because entryIndex 422 is beyond type entryCount 189
06-30 22:05:58.066 10923 10937 W ResourceType: Failure getting entry for 0x7f0201a6 (t=1 e=422) in package 0 (error -2147483647)
06-30 22:05:58.097 10923 10937 D AccountTypeManager: Registering extension package account type=com.google, dataSet=plus, packageName=com.google.android.apps.plus
06-30 22:05:58.175 10923 10937 I AccountTypeManager: Loaded meta-data for 6 account types, 5 accounts in 590ms(wall) 65ms(cpu)
06-30 22:05:58.378 10923 10923 D libEGL  : loaded /system/lib/egl/libGLES_android.so
06-30 22:05:58.382   346   346 D SAN_SERVICE: *******************************************
06-30 22:05:58.382   346   346 D SAN_SERVICE: DM App Phone Service State - 0
06-30 22:05:58.382   346   346 D SAN_SERVICE: *******************************************
06-30 22:05:58.390 10923 10925 D dalvikvm: GC_CONCURRENT freed 190K, 4% free 9558K/9863K, paused 4ms+16ms
06-30 22:05:58.390   147   163 I Process : Sending signal. PID: 10923 SIG: 3
06-30 22:05:58.390 10923 10927 I dalvikvm: threadid=3: reacting to signal 3
06-30 22:05:58.425 10923 10923 D libEGL  : loaded /vendor/lib/egl/libEGL_POWERVR_SGX540_120.so
06-30 22:05:58.429 10923 10927 I dalvikvm: Wrote stack traces to '/data/anr/traces.txt'
06-30 22:05:58.449 10923 10923 D libEGL  : loaded /vendor/lib/egl/libGLESv1_CM_POWERVR_SGX540_120.so
06-30 22:05:58.453 10923 10923 D libEGL  : loaded /vendor/lib/egl/libGLESv2_POWERVR_SGX540_120.so
06-30 22:05:58.500 10923 10923 D OpenGLRenderer: Enabling debug mode 0
06-30 22:05:58.636   346   346 D SAN_SERVICE: *******************************************
06-30 22:05:58.636   346   346 D SAN_SERVICE: DM App Phone Service State - 0
06-30 22:05:58.636   346   346 D SAN_SERVICE: *******************************************
06-30 22:05:58.808   147   178 I ActivityManager: Displayed com.android.contacts/.activities.PeopleActivity: +1s509ms
06-30 22:05:58.964 10923 10925 D dalvikvm: GC_CONCURRENT freed 121K, 3% free 9911K/10119K, paused 2ms+3ms
06-30 22:06:00.195 10923 10925 D dalvikvm: GC_CONCURRENT freed 110K, 3% free 10228K/10439K, paused 2ms+3ms
06-30 22:06:01.183 10923 10938 V ContactPhotoManager: Preloaded 25 photos.  Cached bytes: 175754
06-30 22:06:02.234 10923 10938 V ContactPhotoManager: Preloaded 25 photos.  Cached bytes: 311142
06-30 22:06:02.293 10923 10925 D dalvikvm: GC_CONCURRENT freed 173K, 3% free 10555K/10823K, paused 2ms+5ms
06-30 22:06:03.269 10923 10938 V ContactPhotoManager: Preloaded 25 photos.  Cached bytes: 444304
06-30 22:06:04.355 10923 10925 D dalvikvm: GC_CONCURRENT freed 131K, 3% free 10881K/11143K, paused 2ms+4ms
06-30 22:06:06.062 10923 10925 D dalvikvm: GC_CONCURRENT freed 331K, 4% free 11140K/11591K, paused 2ms+6ms
06-30 22:06:07.461 10923 10925 D dalvikvm: GC_CONCURRENT freed 311K, 4% free 11550K/11975K, paused 3ms+3ms
06-30 22:06:09.043 10923 10938 V ContactPhotoManager: Preloaded 22 photos.  Cached bytes: 673347
06-30 22:06:13.011 10640 10642 D dalvikvm: GC_CONCURRENT freed 343K, 6% free 9560K/10119K, paused 6ms+7ms
06-30 22:06:13.601 10923 10925 D dalvikvm: GC_CONCURRENT freed 478K, 5% free 11823K/12423K, paused 4ms+4ms
06-30 22:06:16.703 10640 10892 D dalvikvm: GC_EXPLICIT freed 121K, 7% free 9451K/10119K, paused 11ms+3ms
06-30 22:06:27.543 10923 10925 D dalvikvm: GC_CONCURRENT freed 676K, 6% free 12045K/12807K, paused 2ms+4ms
06-30 22:06:34.632   346   346 D SAN_SERVICE: *******************************************
06-30 22:06:34.632   346   346 D SAN_SERVICE: DM App Phone Service State - 0
06-30 22:06:34.632   346   346 D SAN_SERVICE: *******************************************
06-30 22:06:34.714   147   202 D DhcpInfoInternal: makeLinkProperties with empty dns2!
06-30 22:06:34.714   147   202 D DhcpInfoInternal: makeLinkProperties with empty dns2!
06-30 22:06:34.871   346   346 D SAN_SERVICE: *******************************************
06-30 22:06:34.871   346   346 D SAN_SERVICE: DM App Phone Service State - 0
06-30 22:06:34.871   346   346 D SAN_SERVICE: *******************************************
06-30 22:06:36.285   147  2141 I ActivityManager: START {act=android.intent.action.VIEW dat=content://com.android.contacts/contacts/lookup/1988i7030adf8e0ac528.577ig:118122353934891556243/612 cmp=com.android.contacts/.activities.ContactDetailActivity} from pid 10923
06-30 22:06:36.574 10923 10923 I ContactDetailActivity: content://com.android.contacts/contacts/lookup/1988i7030adf8e0ac528.577ig%3A118122353934891556243/612
06-30 22:06:36.707   147   178 I ActivityManager: Displayed com.android.contacts/.activities.ContactDetailActivity: +286ms
06-30 22:06:36.718 10923 10923 D OpenGLRenderer: Flushing caches (mode 0)
06-30 22:06:36.750   147  4378 I ActivityManager: Process com.google.android.apps.currents (pid 10188) has died.
06-30 22:06:36.929   147 32552 D dalvikvm: GC_EXPLICIT freed 1092K, 31% free 16574K/23815K, paused 3ms+8ms
06-30 22:06:36.949 10923 10923 I ContactLoader: Registering content observer for content://com.android.contacts/contacts/lookup/1988i7030adf8e0ac528.577ig%3A118122353934891556243/612
06-30 22:06:36.972   375   375 D OpenGLRenderer: Flushing caches (mode 1)
06-30 22:06:36.992 10773 10773 D OpenGLRenderer: Flushing caches (mode 2)
06-30 22:06:37.000 10923 10923 W AccountTypeManager: Unknown type=com.google, mime=vnd.com.google.cursor.item/contact_misc
06-30 22:06:37.461 10923 10925 D dalvikvm: GC_CONCURRENT freed 771K, 7% free 12282K/13127K, paused 48ms+5ms
06-30 22:06:37.593 10923 10923 W AccountTypeManager: Unknown type=com.google, mime=vnd.android.cursor.item/identity
06-30 22:06:37.597 10923 10923 W AccountTypeManager: Unknown type=com.google, mime=vnd.android.cursor.item/identity
06-30 22:06:37.929 10923 10925 D dalvikvm: GC_CONCURRENT freed 715K, 6% free 12659K/13447K, paused 15ms+4ms
06-30 22:06:39.441 10923 10923 I ContactLoader: Registering content observer for content://com.android.contacts/contacts/lookup/1988i7030adf8e0ac528.577ig%3A118122353934891556243/612
06-30 22:06:39.453 10923 10923 W AccountTypeManager: Unknown type=com.google, mime=vnd.com.google.cursor.item/contact_misc
06-30 22:06:39.461 10923 10923 W AccountTypeManager: Unknown type=com.google, mime=vnd.android.cursor.item/identity
06-30 22:06:39.464 10923 10923 W AccountTypeManager: Unknown type=com.google, mime=vnd.android.cursor.item/identity
06-30 22:06:39.566   375   375 D OpenGLRenderer: Flushing caches (mode 1)
06-30 22:06:39.816   346   346 D SAN_SERVICE: *******************************************
06-30 22:06:39.816   346   346 D SAN_SERVICE: DM App Phone Service State - 0
06-30 22:06:39.816   346   346 D SAN_SERVICE: *******************************************
06-30 22:06:40.527   346   346 D SAN_SERVICE: *******************************************
06-30 22:06:40.527   346   346 D SAN_SERVICE: DM App Phone Service State - 0
06-30 22:06:40.527   346   346 D SAN_SERVICE: *******************************************
06-30 22:06:41.093   346   346 D SAN_SERVICE: *******************************************
06-30 22:06:41.093   346   346 D SAN_SERVICE: DM App Phone Service State - 0
06-30 22:06:41.093   346   346 D SAN_SERVICE: *******************************************
06-30 22:06:41.621   346   346 D SAN_SERVICE: *******************************************
06-30 22:06:41.621   346   346 D SAN_SERVICE: DM App Phone Service State - 0
06-30 22:06:41.621   346   346 D SAN_SERVICE: *******************************************
06-30 22:06:44.449  8837  8850 I PhoneLab-: Service Running
06-30 22:06:44.605  8837  8839 D dalvikvm: GC_CONCURRENT freed 395K, 15% free 9127K/10631K, paused 7ms+5ms
06-30 22:06:44.636  8837  8850 I PhoneLab-LoggerService: app_37    1399  1     1440   1000  c00f181c 400107b4 S logcat
06-30 22:06:44.644  8837  8850 I PhoneLab-LoggerService: Logcat pid from database 1399
06-30 22:06:44.644  8837  8850 I PhoneLab-LoggerService: Logcat process found 1399
06-30 22:06:44.648  8837  8850 I PhoneLab-LoggerService: Checking Threshold
06-30 22:06:44.648  8837  8850 I PhoneLab-LoggerService: Starting to rename files
06-30 22:06:44.652  8837  8850 I PhoneLab-LoggerService: Files found .. 2
06-30 22:06:46.636 10923 10923 D dalvikvm: GC_FOR_ALLOC freed 527K, 8% free 12694K/13767K, paused 26ms
06-30 22:06:50.043 10923 10923 D OpenGLRenderer: Flushing caches (mode 0)
06-30 22:06:51.476 10640 10642 D dalvikvm: GC_CONCURRENT freed 269K, 6% free 9568K/10119K, paused 2ms+6ms
06-30 22:06:56.171   147   464 I ActivityManager: START {act=android.intent.action.VIEW dat=content://com.android.contacts/contacts/lookup/577ig:111998338940092190271/1223 cmp=com.android.contacts/.activities.ContactDetailActivity} from pid 10923
06-30 22:06:56.273 10923 10923 I ContactDetailActivity: content://com.android.contacts/contacts/lookup/577ig%3A111998338940092190271/1223
06-30 22:06:56.371   346   346 D SAN_SERVICE: *******************************************
06-30 22:06:56.371   346   346 D SAN_SERVICE: DM App Phone Service State - 0
06-30 22:06:56.371   346   346 D SAN_SERVICE: *******************************************
06-30 22:06:56.390   147   178 I ActivityManager: Displayed com.android.contacts/.activities.ContactDetailActivity: +160ms
06-30 22:06:56.406 10923 10923 D OpenGLRenderer: Flushing caches (mode 0)
06-30 22:06:56.433   299   302 D dalvikvm: GC_CONCURRENT freed 1184K, 21% free 10105K/12743K, paused 2ms+2ms
06-30 22:06:56.511 10923 10923 I ContactLoader: Registering content observer for content://com.android.contacts/contacts/lookup/577ig%3A111998338940092190271/1223
06-30 22:06:56.546   375   375 D OpenGLRenderer: Flushing caches (mode 1)
06-30 22:06:56.570 10923 10923 W AccountTypeManager: Unknown type=com.google, mime=vnd.android.cursor.item/identity
06-30 22:06:56.578 10923 10925 D dalvikvm: GC_CONCURRENT freed 1134K, 9% free 12747K/13959K, paused 2ms+9ms
06-30 22:06:56.750 10554 10970 D dalvikvm: GC_EXPLICIT freed 476K, 20% free 17824K/22151K, paused 9ms+4ms
06-30 22:06:58.144 10640 10971 D dalvikvm: GC_FOR_ALLOC freed 180K, 6% free 9519K/10119K, paused 35ms
06-30 22:06:58.144 10640 10971 I dalvikvm-heap: Grow heap (frag case) to 9.616MB for 262160-byte allocation
06-30 22:06:58.238 10640 10651 D dalvikvm: GC_FOR_ALLOC freed 31K, 7% free 9743K/10439K, paused 78ms
06-30 22:06:58.527 10923 10923 I ContactLoader: Registering content observer for content://com.android.contacts/contacts/lookup/577ig%3A111998338940092190271/1223
06-30 22:06:58.554 10923 10923 W AccountTypeManager: Unknown type=com.google, mime=vnd.android.cursor.item/identity
06-30 22:06:58.625 10640 10971 D dalvikvm: GC_FOR_ALLOC freed 143K, 6% free 9817K/10439K, paused 31ms
06-30 22:06:58.664 10640 10971 D dalvikvm: GC_FOR_ALLOC freed 41K, 7% free 9806K/10439K, paused 33ms
06-30 22:06:59.355 10923 10923 I ContactLoader: Registering content observer for content://com.android.contacts/contacts/lookup/577ig%3A111998338940092190271/1223
06-30 22:06:59.378 10923 10923 W AccountTypeManager: Unknown type=com.google, mime=vnd.android.cursor.item/identity
06-30 22:07:00.070 10923 10923 D OpenGLRenderer: Flushing caches (mode 0)
06-30 22:07:00.128 10640 10657 D dalvikvm: GC_EXPLICIT freed 483K, 9% free 9509K/10439K, paused 12ms+4ms
06-30 22:07:00.293 10923 10968 D dalvikvm: GC_EXPLICIT freed 1186K, 10% free 12574K/13959K, paused 4ms+15ms
06-30 22:07:03.929 10923 10938 D dalvikvm: GC_FOR_ALLOC freed 1462K, 14% free 12023K/13959K, paused 29ms
06-30 22:07:05.945 10554 10556 D dalvikvm: GC_CONCURRENT freed 1719K, 19% free 18086K/22151K, paused 15ms+6ms
06-30 22:07:09.218   147   337 W InputManagerService: Starting input on non-focused client com.android.internal.view.IInputMethodClient$Stub$Proxy@417c0188 (uid=10000 pid=10923)
06-30 22:07:09.273 10923 10923 D OpenGLRenderer: Flushing caches (mode 0)
06-30 22:07:09.304 10923 10923 D OpenGLRenderer: Flushing caches (mode 1)
06-30 22:07:11.011   147   175 I power   : *** set_screen_state 0
06-30 22:07:11.078    78   122 D SurfaceFlinger: About to give-up screen, flinger = 0x1cc9918
06-30 22:07:11.324  8905  8944 D NfcService: NFC-C OFF, disconnect
06-30 22:07:11.453   147   149 D dalvikvm: GC_CONCURRENT freed 1172K, 28% free 17243K/23815K, paused 6ms+8ms
06-30 22:07:11.461   147   179 V TransportControlView: Create TCV com.android.internal.widget.TransportControlView@41773800
06-30 22:07:11.507   224   224 D PhoneStatusBar: disable: < expand icons alerts ticker system_info back home RECENT* clock >
06-30 22:07:11.543   224   224 D PhoneStatusBar: disable: < expand icons alerts ticker system_info BACK* HOME* RECENT CLOCK* >
06-30 22:07:11.765   346   346 D SAN_SERVICE: *******************************************
06-30 22:07:11.765   346   346 D SAN_SERVICE: DM App Phone Service State - 0
06-30 22:07:11.765   346   346 D SAN_SERVICE: *******************************************
06-30 22:07:11.980  8385  8391 I dalvikvm: Jit: resizing JitTable from 4096 to 8192
06-30 22:07:12.136  9783  9785 D dalvikvm: GC_CONCURRENT freed 505K, 8% free 10354K/11143K, paused 9ms+11ms
06-30 22:07:12.480 10610 10613 D dalvikvm: GC_CONCURRENT freed 448K, 6% free 9991K/10567K, paused 17ms+2ms
06-30 22:07:14.226 10640 10651 D dalvikvm: GC_FOR_ALLOC freed 251K, 7% free 9759K/10439K, paused 17ms
06-30 22:07:14.253 10640 10651 D dalvikvm: GC_FOR_ALLOC freed 18K, 6% free 9896K/10439K, paused 17ms
06-30 22:07:14.257 10640 10651 I dalvikvm-heap: Grow heap (frag case) to 10.229MB for 518416-byte allocation
06-30 22:07:14.293 10640 10642 D dalvikvm: GC_CONCURRENT freed 102K, 6% free 10301K/10951K, paused 2ms+2ms
06-30 22:07:14.308 10640 10651 D dalvikvm: GC_FOR_ALLOC freed <1K, 6% free 10300K/10951K, paused 15ms
06-30 22:07:14.308 10640 10651 I dalvikvm-heap: Grow heap (frag case) to 10.378MB for 262160-byte allocation
06-30 22:07:14.324 10640 10651 D dalvikvm: GC_FOR_ALLOC freed 0K, 7% free 10556K/11271K, paused 16ms
06-30 22:07:14.390 10640 10651 D dalvikvm: GC_FOR_ALLOC freed 963K, 14% free 9801K/11271K, paused 15ms
06-30 22:07:14.421 10640 10642 D dalvikvm: GC_CONCURRENT freed 9K, 9% free 10299K/11271K, paused 5ms+2ms
06-30 22:07:14.468 10640 10651 D dalvikvm: GC_FOR_ALLOC freed 83K, 6% free 10646K/11271K, paused 16ms
06-30 22:07:14.492 10640 10651 D dalvikvm: GC_FOR_ALLOC freed 893K, 14% free 9798K/11271K, paused 16ms
06-30 22:07:14.531 10640 10651 D dalvikvm: GC_FOR_ALLOC freed 4K, 9% free 10300K/11271K, paused 16ms
06-30 22:07:14.582 10640 10642 D dalvikvm: GC_CONCURRENT freed 106K, 6% free 10648K/11271K, paused 2ms+2ms
06-30 22:07:14.597 10640 10651 D dalvikvm: GC_FOR_ALLOC freed 853K, 14% free 9794K/11271K, paused 15ms
06-30 22:07:14.632 10640 10651 D dalvikvm: GC_FOR_ALLOC freed <1K, 9% free 10301K/11271K, paused 15ms
06-30 22:07:14.687 10640 10642 D dalvikvm: GC_CONCURRENT freed 105K, 6% free 10649K/11271K, paused 3ms+3ms
06-30 22:07:14.703 10640 10651 D dalvikvm: GC_FOR_ALLOC freed 853K, 14% free 9795K/11271K, paused 16ms
06-30 22:07:14.734 10640 10642 D dalvikvm: GC_CONCURRENT freed <1K, 9% free 10301K/11271K, paused 4ms+2ms
06-30 22:07:14.785 10640 10642 D dalvikvm: GC_CONCURRENT freed 79K, 6% free 10655K/11271K, paused 3ms+2ms
06-30 22:07:14.808 10640 10651 D dalvikvm: GC_FOR_ALLOC freed 894K, 14% free 9798K/11271K, paused 15ms
06-30 22:07:14.836 10640 10651 D dalvikvm: GC_FOR_ALLOC freed 2K, 9% free 10302K/11271K, paused 16ms
06-30 22:07:14.894 10640 10642 D dalvikvm: GC_CONCURRENT freed 166K, 6% free 10601K/11271K, paused 3ms+2ms
06-30 22:07:14.910 10640 10651 D dalvikvm: GC_FOR_ALLOC freed 803K, 14% free 9797K/11271K, paused 16ms
06-30 22:07:14.941 10640 10651 D dalvikvm: GC_FOR_ALLOC freed <1K, 9% free 10303K/11271K, paused 16ms
06-30 22:07:14.984 10640 10651 D dalvikvm: GC_FOR_ALLOC freed 56K, 6% free 10658K/11271K, paused 15ms
06-30 22:07:15.015 10640 10651 D dalvikvm: GC_FOR_ALLOC freed 85K, 6% free 10662K/11335K, paused 16ms
06-30 22:07:15.035 10640 10651 D dalvikvm: GC_FOR_ALLOC freed 967K, 14% free 9800K/11335K, paused 15ms
06-30 22:07:15.066 10640 10642 D dalvikvm: GC_CONCURRENT freed 2K, 10% free 10304K/11335K, paused 9ms+2ms
06-30 22:07:15.121 10640 10642 D dalvikvm: GC_CONCURRENT freed 141K, 6% free 10663K/11335K, paused 2ms+2ms
06-30 22:07:15.136 10640 10651 D dalvikvm: GC_FOR_ALLOC freed 34K, 6% free 10690K/11335K, paused 16ms
06-30 22:07:16.898   346   346 D SAN_SERVICE: *******************************************
06-30 22:07:16.898   346   346 D SAN_SERVICE: DM App Phone Service State - 0
06-30 22:07:16.898   346   346 D SAN_SERVICE: *******************************************
06-30 22:07:17.058   147   337 W ActivityManager: finishReceiver called but no pending broadcasts
06-30 22:07:17.140  9783  9785 D dalvikvm: GC_CONCURRENT freed 396K, 7% free 10470K/11143K, paused 8ms+2ms
06-30 22:07:17.308 10554 10556 D dalvikvm: GC_CONCURRENT freed 2008K, 19% free 18047K/22151K, paused 4ms+9ms
06-30 22:07:17.574 10640 10657 D dalvikvm: GC_FOR_ALLOC freed 1292K, 17% free 9444K/11335K, paused 22ms
06-30 22:07:17.605 10640 10657 D dalvikvm: GC_FOR_ALLOC freed 12K, 17% free 9493K/11335K, paused 15ms
06-30 22:07:17.640 10640 10642 D dalvikvm: GC_CONCURRENT freed 4K, 12% free 9995K/11335K, paused 2ms+2ms
06-30 22:07:17.695 10640 10642 D dalvikvm: GC_CONCURRENT freed 971K, 17% free 9489K/11335K, paused 2ms+2ms
06-30 22:07:20.089  9578  9581 D dalvikvm: GC_CONCURRENT freed 1097K, 42% free 12966K/22087K, paused 23ms+4ms
06-30 22:07:20.527  9578  9581 D dalvikvm: GC_CONCURRENT freed 610K, 39% free 13551K/22087K, paused 2ms+4ms
06-30 22:07:21.976   346   346 D SAN_SERVICE: *******************************************
06-30 22:07:21.976   346   346 D SAN_SERVICE: DM App Phone Service State - 0
06-30 22:07:21.976   346   346 D SAN_SERVICE: *******************************************
06-30 22:07:29.160   147   385 D dalvikvm: GC_EXPLICIT freed 256K, 27% free 17394K/23815K, paused 3ms+6ms
06-30 22:07:32.207   346   346 D SAN_SERVICE: *******************************************
06-30 22:07:32.207   346   346 D SAN_SERVICE: DM App Phone Service State - 0
06-30 22:07:32.207   346   346 D SAN_SERVICE: *******************************************
06-30 22:07:32.785   346   346 D SAN_SERVICE: *******************************************
06-30 22:07:32.785   346   346 D SAN_SERVICE: DM App Phone Service State - 0
06-30 22:07:32.785   346   346 D SAN_SERVICE: *******************************************
06-30 22:07:42.500   346   346 D SAN_SERVICE: *******************************************
06-30 22:07:42.500   346   346 D SAN_SERVICE: DM App Phone Service State - 0
06-30 22:07:42.500   346   346 D SAN_SERVICE: *******************************************
06-30 22:07:43.027   346   346 D SAN_SERVICE: *******************************************
06-30 22:07:43.027   346   346 D SAN_SERVICE: DM App Phone Service State - 0
06-30 22:07:43.027   346   346 D SAN_SERVICE: *******************************************
06-30 22:07:56.160   346   346 D SAN_SERVICE: *******************************************
06-30 22:07:56.160   346   346 D SAN_SERVICE: DM App Phone Service State - 0
06-30 22:07:56.160   346   346 D SAN_SERVICE: *******************************************
06-30 22:07:56.414   346   346 D SAN_SERVICE: *******************************************
06-30 22:07:56.414   346   346 D SAN_SERVICE: DM App Phone Service State - 0
06-30 22:07:56.414   346   346 D SAN_SERVICE: *******************************************
06-30 22:07:56.914   346   346 D SAN_SERVICE: *******************************************
06-30 22:07:56.914   346   346 D SAN_SERVICE: DM App Phone Service State - 0
06-30 22:07:56.914   346   346 D SAN_SERVICE: *******************************************
06-30 22:08:12.203  9783  9785 D dalvikvm: GC_CONCURRENT freed 534K, 8% free 10349K/11143K, paused 2ms+2ms
06-30 22:08:21.789   346   346 D SAN_SERVICE: *******************************************
06-30 22:08:21.789   346   346 D SAN_SERVICE: DM App Phone Service State - 0
06-30 22:08:21.789   346   346 D SAN_SERVICE: *******************************************
06-30 22:08:22.043   346   346 D SAN_SERVICE: *******************************************
06-30 22:08:22.043   346   346 D SAN_SERVICE: DM App Phone Service State - 0
06-30 22:08:22.043   346   346 D SAN_SERVICE: *******************************************
06-30 22:08:28.597   346   346 D SAN_SERVICE: *******************************************
06-30 22:08:28.597   346   346 D SAN_SERVICE: DM App Phone Service State - 0
06-30 22:08:28.597   346   346 D SAN_SERVICE: *******************************************
06-30 22:08:28.828   346   346 D SAN_SERVICE: *******************************************
06-30 22:08:28.828   346   346 D SAN_SERVICE: DM App Phone Service State - 0
06-30 22:08:28.828   346   346 D SAN_SERVICE: *******************************************
06-30 22:08:38.800   346   346 D SAN_SERVICE: *******************************************
06-30 22:08:38.800   346   346 D SAN_SERVICE: DM App Phone Service State - 0
06-30 22:08:38.800   346   346 D SAN_SERVICE: *******************************************
06-30 22:08:39.343   346   346 D SAN_SERVICE: *******************************************
06-30 22:08:39.343   346   346 D SAN_SERVICE: DM App Phone Service State - 0
06-30 22:08:39.343   346   346 D SAN_SERVICE: *******************************************
06-30 22:08:43.886   346   346 D SAN_SERVICE: *******************************************
06-30 22:08:43.886   346   346 D SAN_SERVICE: DM App Phone Service State - 0
06-30 22:08:43.886   346   346 D SAN_SERVICE: *******************************************
06-30 22:08:44.449  8837  8850 I PhoneLab-: Service Running
06-30 22:08:44.523  8837  8850 I PhoneLab-LoggerService: app_37    1399  1     1440   1000  c00f181c 400107b4 S logcat
06-30 22:08:44.523  8837  8850 I PhoneLab-LoggerService: Logcat pid from database 1399
06-30 22:08:44.523  8837  8850 I PhoneLab-LoggerService: Logcat process found 1399
06-30 22:08:44.523  8837  8850 I PhoneLab-LoggerService: Checking Threshold
06-30 22:08:44.527  8837  8850 I PhoneLab-LoggerService: Starting to rename files
06-30 22:08:44.527  8837  8850 I PhoneLab-LoggerService: Files found .. 2
06-30 22:08:49.043   346   346 D SAN_SERVICE: *******************************************
06-30 22:08:49.043   346   346 D SAN_SERVICE: DM App Phone Service State - 0
06-30 22:08:49.043   346   346 D SAN_SERVICE: *******************************************
06-30 22:08:54.164   346   346 D SAN_SERVICE: *******************************************
06-30 22:08:54.164   346   346 D SAN_SERVICE: DM App Phone Service State - 0
06-30 22:08:54.164   346   346 D SAN_SERVICE: *******************************************
06-30 22:08:59.293   346   346 D SAN_SERVICE: *******************************************
06-30 22:08:59.293   346   346 D SAN_SERVICE: DM App Phone Service State - 0
06-30 22:08:59.293   346   346 D SAN_SERVICE: *******************************************
06-30 22:08:59.593   147   202 D DhcpInfoInternal: makeLinkProperties with empty dns2!
06-30 22:08:59.593   147   202 D DhcpInfoInternal: makeLinkProperties with empty dns2!
06-30 22:09:03.046  8385 11010 I EventLogService: Aggregate from 1341106742797 (log), 1341106742797 (data)
06-30 22:09:03.211  8385  8386 D dalvikvm: GC_CONCURRENT freed 372K, 6% free 10175K/10759K, paused 35ms+7ms
06-30 22:09:04.406   346   346 D SAN_SERVICE: *******************************************
06-30 22:09:04.406   346   346 D SAN_SERVICE: DM App Phone Service State - 0
06-30 22:09:04.406   346   346 D SAN_SERVICE: *******************************************
06-30 22:09:12.265 10610 10613 D dalvikvm: GC_CONCURRENT freed 526K, 6% free 9946K/10567K, paused 1ms+2ms
06-30 22:09:14.648   346   346 D SAN_SERVICE: *******************************************
06-30 22:09:14.648   346   346 D SAN_SERVICE: DM App Phone Service State - 0
06-30 22:09:14.648   346   346 D SAN_SERVICE: *******************************************
06-30 22:09:15.199   346   346 D SAN_SERVICE: *******************************************
06-30 22:09:15.199   346   346 D SAN_SERVICE: DM App Phone Service State - 0
06-30 22:09:15.199   346   346 D SAN_SERVICE: *******************************************
06-30 22:09:19.820   346   346 D SAN_SERVICE: *******************************************
06-30 22:09:19.820   346   346 D SAN_SERVICE: DM App Phone Service State - 0
06-30 22:09:19.820   346   346 D SAN_SERVICE: *******************************************
06-30 22:09:30.050   346   346 D SAN_SERVICE: *******************************************
06-30 22:09:30.050   346   346 D SAN_SERVICE: DM App Phone Service State - 0
06-30 22:09:30.050   346   346 D SAN_SERVICE: *******************************************
06-30 22:09:30.550   346   346 D SAN_SERVICE: *******************************************
06-30 22:09:30.554   346   346 D SAN_SERVICE: DM App Phone Service State - 0
06-30 22:09:30.554   346   346 D SAN_SERVICE: *******************************************
06-30 22:09:59.050   346   346 D SAN_SERVICE: *******************************************
06-30 22:09:59.050   346   346 D SAN_SERVICE: DM App Phone Service State - 0
06-30 22:09:59.050   346   346 D SAN_SERVICE: *******************************************
06-30 22:09:59.293   346   346 D SAN_SERVICE: *******************************************
06-30 22:09:59.293   346   346 D SAN_SERVICE: DM App Phone Service State - 0
06-30 22:09:59.293   346   346 D SAN_SERVICE: *******************************************
06-30 22:10:09.320   346   346 D SAN_SERVICE: *******************************************
06-30 22:10:09.320   346   346 D SAN_SERVICE: DM App Phone Service State - 0
06-30 22:10:09.320   346   346 D SAN_SERVICE: *******************************************
06-30 22:10:09.351  9783  9785 D dalvikvm: GC_CONCURRENT freed 394K, 8% free 10346K/11143K, paused 1ms+2ms
06-30 22:10:09.574   346   346 D SAN_SERVICE: *******************************************
06-30 22:10:09.578   346   346 D SAN_SERVICE: DM App Phone Service State - 0
06-30 22:10:09.578   346   346 D SAN_SERVICE: *******************************************
06-30 22:10:09.625   346   350 D dalvikvm: GC_CONCURRENT freed 894K, 10% free 11989K/13255K, paused 28ms+2ms
06-30 22:10:10.296   346   346 D SAN_SERVICE: *******************************************
06-30 22:10:10.296   346   346 D SAN_SERVICE: DM App Phone Service State - 0
06-30 22:10:10.296   346   346 D SAN_SERVICE: *******************************************
06-30 22:10:20.867   147   297 W ActivityManager: finishReceiver called but no pending broadcasts
06-30 22:10:20.929  9783  9785 D dalvikvm: GC_CONCURRENT freed 351K, 6% free 10506K/11143K, paused 2ms+3ms
06-30 22:10:22.027  9783  9785 D dalvikvm: GC_CONCURRENT freed 555K, 7% free 10367K/11143K, paused 5ms+7ms
06-30 22:10:24.679   346   346 D SAN_SERVICE: *******************************************
06-30 22:10:24.679   346   346 D SAN_SERVICE: DM App Phone Service State - 0
06-30 22:10:24.679   346   346 D SAN_SERVICE: *******************************************
06-30 22:10:24.871   346   346 D SAN_SERVICE: *******************************************
06-30 22:10:24.871   346   346 D SAN_SERVICE: DM App Phone Service State - 0
06-30 22:10:24.871   346   346 D SAN_SERVICE: *******************************************
06-30 22:10:25.441   346   346 D SAN_SERVICE: *******************************************
06-30 22:10:25.441   346   346 D SAN_SERVICE: DM App Phone Service State - 0
06-30 22:10:25.441   346   346 D SAN_SERVICE: *******************************************
06-30 22:10:34.882   346   346 D SAN_SERVICE: *******************************************
06-30 22:10:34.882   346   346 D SAN_SERVICE: DM App Phone Service State - 0
06-30 22:10:34.882   346   346 D SAN_SERVICE: *******************************************
06-30 22:10:44.449  8837  8850 I PhoneLab-: Service Running
06-30 22:10:44.535  8837  8850 I PhoneLab-LoggerService: app_37    1399  1     1440   1000  c00f181c 400107b4 S logcat
06-30 22:10:44.535  8837  8850 I PhoneLab-LoggerService: Logcat pid from database 1399
06-30 22:10:44.535  8837  8850 I PhoneLab-LoggerService: Logcat process found 1399
06-30 22:10:44.535  8837  8850 I PhoneLab-LoggerService: Checking Threshold
06-30 22:10:44.535  8837  8850 I PhoneLab-LoggerService: Starting to rename files
06-30 22:10:44.539  8837  8850 I PhoneLab-LoggerService: Files found .. 2
06-30 22:10:56.168   346   346 D SAN_SERVICE: *******************************************
06-30 22:10:56.168   346   346 D SAN_SERVICE: DM App Phone Service State - 0
06-30 22:10:56.168   346   346 D SAN_SERVICE: *******************************************
06-30 22:10:56.480   346   346 D SAN_SERVICE: *******************************************
06-30 22:10:56.480   346   346 D SAN_SERVICE: DM App Phone Service State - 0
06-30 22:10:56.480   346   346 D SAN_SERVICE: *******************************************
06-30 22:11:05.609   346   346 D SAN_SERVICE: *******************************************
06-30 22:11:05.609   346   346 D SAN_SERVICE: DM App Phone Service State - 0
06-30 22:11:05.609   346   346 D SAN_SERVICE: *******************************************
06-30 22:11:12.359 10610 10613 D dalvikvm: GC_CONCURRENT freed 458K, 6% free 9974K/10567K, paused 2ms+9ms
06-30 22:11:20.992   346   346 D SAN_SERVICE: *******************************************
06-30 22:11:20.992   346   346 D SAN_SERVICE: DM App Phone Service State - 0
06-30 22:11:20.992   346   346 D SAN_SERVICE: *******************************************
06-30 22:11:21.023  9783  9785 D dalvikvm: GC_CONCURRENT freed 396K, 8% free 10359K/11143K, paused 2ms+2ms
06-30 22:11:21.746   346   346 D SAN_SERVICE: *******************************************
06-30 22:11:21.746   346   346 D SAN_SERVICE: DM App Phone Service State - 0
06-30 22:11:21.746   346   346 D SAN_SERVICE: *******************************************
06-30 22:11:24.468   147   202 D DhcpInfoInternal: makeLinkProperties with empty dns2!
06-30 22:11:24.472   147   202 D DhcpInfoInternal: makeLinkProperties with empty dns2!
06-30 22:11:41.503   346   346 D SAN_SERVICE: *******************************************
06-30 22:11:41.503   346   346 D SAN_SERVICE: DM App Phone Service State - 0
06-30 22:11:41.503   346   346 D SAN_SERVICE: *******************************************
06-30 22:11:41.691   346   346 D SAN_SERVICE: *******************************************
06-30 22:11:41.691   346   346 D SAN_SERVICE: DM App Phone Service State - 0
06-30 22:11:41.691   346   346 D SAN_SERVICE: *******************************************
06-30 22:11:41.980   346   346 D SAN_SERVICE: *******************************************
06-30 22:11:41.980   346   346 D SAN_SERVICE: DM App Phone Service State - 0
06-30 22:11:41.980   346   346 D SAN_SERVICE: *******************************************
06-30 22:11:48.257   346   346 D SAN_SERVICE: *******************************************
06-30 22:11:48.257   346   346 D SAN_SERVICE: DM App Phone Service State - 0
06-30 22:11:48.257   346   346 D SAN_SERVICE: *******************************************
06-30 22:11:56.789   346   346 D SAN_SERVICE: *******************************************
06-30 22:11:56.789   346   346 D SAN_SERVICE: DM App Phone Service State - 0
06-30 22:11:56.789   346   346 D SAN_SERVICE: *******************************************
06-30 22:12:07.039   346   346 D SAN_SERVICE: *******************************************
06-30 22:12:07.039   346   346 D SAN_SERVICE: DM App Phone Service State - 0
06-30 22:12:07.039   346   346 D SAN_SERVICE: *******************************************
06-30 22:12:07.308   346   346 D SAN_SERVICE: *******************************************
06-30 22:12:07.312   346   346 D SAN_SERVICE: DM App Phone Service State - 0
06-30 22:12:07.312   346   346 D SAN_SERVICE: *******************************************
06-30 22:12:08.062   346   346 D SAN_SERVICE: *******************************************
06-30 22:12:08.062   346   346 D SAN_SERVICE: DM App Phone Service State - 0
06-30 22:12:08.062   346   346 D SAN_SERVICE: *******************************************
06-30 22:12:17.285   346   346 D SAN_SERVICE: *******************************************
06-30 22:12:17.285   346   346 D SAN_SERVICE: DM App Phone Service State - 0
06-30 22:12:17.285   346   346 D SAN_SERVICE: *******************************************
06-30 22:12:17.554   346   346 D SAN_SERVICE: *******************************************
06-30 22:12:17.554   346   346 D SAN_SERVICE: DM App Phone Service State - 0
06-30 22:12:17.554   346   346 D SAN_SERVICE: *******************************************
06-30 22:12:18.300   346   346 D SAN_SERVICE: *******************************************
06-30 22:12:18.300   346   346 D SAN_SERVICE: DM App Phone Service State - 0
06-30 22:12:18.300   346   346 D SAN_SERVICE: *******************************************
06-30 22:12:18.847   147   179 I power   : *** set_screen_state 1
06-30 22:12:18.929   147   179 I WindowManager: Lock screen displayed!
06-30 22:12:19.015   375   377 D dalvikvm: GC_CONCURRENT freed 833K, 36% free 11607K/18055K, paused 3ms+5ms
06-30 22:12:19.054    78   122 D SurfaceFlinger: Screen about to return, flinger = 0x1cc9918
06-30 22:12:20.507   224   224 D PhoneStatusBar: disable: < expand icons alerts ticker system_info BACK HOME recent* CLOCK >
06-30 22:12:20.511  8905  8951 D NfcService: NFC-C ON
06-30 22:12:20.535   147  4378 W InputManagerService: Window already focused, ignoring focus gain of: com.android.internal.view.IInputMethodClient$Stub$Proxy@4167e1e0
06-30 22:12:20.554   224   224 D PhoneStatusBar: disable: < expand icons alerts ticker system_info back* home* recent clock* >
06-30 22:12:27.535   346   346 D SAN_SERVICE: *******************************************
06-30 22:12:27.535   346   346 D SAN_SERVICE: DM App Phone Service State - 0
06-30 22:12:27.535   346   346 D SAN_SERVICE: *******************************************
06-30 22:12:27.757   346   346 D SAN_SERVICE: *******************************************
06-30 22:12:27.761   346   346 D SAN_SERVICE: DM App Phone Service State - 0
06-30 22:12:27.761   346   346 D SAN_SERVICE: *******************************************
06-30 22:12:28.554   346   346 D SAN_SERVICE: *******************************************
06-30 22:12:28.554   346   346 D SAN_SERVICE: DM App Phone Service State - 0
06-30 22:12:28.554   346   346 D SAN_SERVICE: *******************************************
06-30 22:12:30.273   147 24742 I ActivityManager: START {flg=0x10000000 cmp=com.android.systemui/.usb.UsbStorageActivity bnds=[0,119][480,215]} from pid -1
06-30 22:12:30.328   147   337 W KeyguardViewMediator: verifyUnlock called when not externally disabled
06-30 22:12:30.421   375   375 D OpenGLRenderer: Flushing caches (mode 1)
06-30 22:12:30.500   375   375 D OpenGLRenderer: Flushing caches (mode 0)
06-30 22:12:30.515   147   385 D dalvikvm: GC_EXPLICIT freed 1325K, 27% free 17586K/23815K, paused 4ms+11ms
06-30 22:12:30.621   224   227 D dalvikvm: GC_CONCURRENT freed 204K, 30% free 10319K/14599K, paused 4ms+3ms
06-30 22:12:30.628    72    93 D VoldCmdListener: volume shared /mnt/sdcard ums
06-30 22:12:30.699   224   224 D libEGL  : loaded /system/lib/egl/libGLES_android.so
06-30 22:12:30.707   224   224 D libEGL  : loaded /vendor/lib/egl/libEGL_POWERVR_SGX540_120.so
06-30 22:12:30.714   224   224 D libEGL  : loaded /vendor/lib/egl/libGLESv1_CM_POWERVR_SGX540_120.so
06-30 22:12:30.718   224   224 D libEGL  : loaded /vendor/lib/egl/libGLESv2_POWERVR_SGX540_120.so
06-30 22:12:30.765   224   224 D OpenGLRenderer: Enabling debug mode 0
06-30 22:12:30.843   147   163 I Process : Sending signal. PID: 224 SIG: 3
06-30 22:12:30.843   224   229 I dalvikvm: threadid=3: reacting to signal 3
06-30 22:12:30.882   224   229 I dalvikvm: Wrote stack traces to '/data/anr/traces.txt'
06-30 22:12:30.949   147   178 I ActivityManager: Displayed com.android.systemui/.usb.UsbStorageActivity: +626ms
06-30 22:12:33.523   299   302 D dalvikvm: GC_CONCURRENT freed 391K, 21% free 10105K/12743K, paused 2ms+5ms
06-30 22:12:33.546   224   224 D OpenGLRenderer: Flushing caches (mode 0)
06-30 22:12:33.570   224   224 D OpenGLRenderer: Flushing caches (mode 1)
06-30 22:12:39.015   147   184 I InputReader: Dropping virtual key from device cypress-touchkey because virtual keys are temporarily disabled for the next 171.075ms.  keyCode=82, scanCode=139
06-30 22:12:39.238   147   184 I InputReader: Dropping key up from device cypress-touchkey because the key was not down.  keyCode=82, scanCode=139
06-30 22:12:39.539   147   158 W InputManagerService: Window already focused, ignoring focus gain of: com.android.internal.view.IInputMethodClient$Stub$Proxy@4183ee48
06-30 22:12:40.523   346   346 D SAN_SERVICE: *******************************************
06-30 22:12:40.523   346   346 D SAN_SERVICE: DM App Phone Service State - 0
06-30 22:12:40.523   346   346 D SAN_SERVICE: *******************************************
06-30 22:12:40.527  8837  8837 I PhoneLab-PowerOnReceiver: Power is plugged off!
06-30 22:12:41.250   346   346 D SAN_SERVICE: *******************************************
06-30 22:12:41.250   346   346 D SAN_SERVICE: DM App Phone Service State - 0
06-30 22:12:41.250   346   346 D SAN_SERVICE: *******************************************
06-30 22:12:43.023   346   346 D SAN_SERVICE: *******************************************
06-30 22:12:43.023   346   346 D SAN_SERVICE: DM App Phone Service State - 0
06-30 22:12:43.023   346   346 D SAN_SERVICE: *******************************************
06-30 22:12:43.265   346   346 D SAN_SERVICE: *******************************************
06-30 22:12:43.265   346   346 D SAN_SERVICE: DM App Phone Service State - 0
06-30 22:12:43.265   346   346 D SAN_SERVICE: *******************************************
06-30 22:12:44.449  8837  8850 I PhoneLab-: Service Running
06-30 22:12:44.531  8837  8850 I PhoneLab-LoggerService: app_37    1399  1     1440   1000  c00f181c 400107b4 S logcat
06-30 22:12:44.531  8837  8850 I PhoneLab-LoggerService: Logcat pid from database 1399
06-30 22:12:44.531  8837  8850 I PhoneLab-LoggerService: Logcat process found 1399
06-30 22:12:44.531  8837  8850 I PhoneLab-LoggerService: Checking Threshold
06-30 22:12:44.531  8837  8850 I PhoneLab-LoggerService: Starting to rename files
06-30 22:12:44.531  8837  8850 I PhoneLab-LoggerService: Files found .. 2
06-30 22:12:47.203   147   382 I ActivityManager: START {flg=0x10000000 cmp=com.android.systemui/.usb.UsbStorageActivity bnds=[0,119][480,215]} from pid -1
06-30 22:12:47.246   147  2141 W KeyguardViewMediator: verifyUnlock called when not externally disabled
06-30 22:12:47.328    72    93 D VoldCmdListener: volume shared /mnt/sdcard ums
06-30 22:12:47.351   375   375 D OpenGLRenderer: Flushing caches (mode 1)
06-30 22:12:47.359   375   375 D OpenGLRenderer: Flushing caches (mode 0)
06-30 22:12:47.468   147   178 I ActivityManager: Displayed com.android.systemui/.usb.UsbStorageActivity: +234ms
06-30 22:12:49.109   224   224 D OpenGLRenderer: Flushing caches (mode 0)
06-30 22:12:51.128   224   224 D OpenGLRenderer: Flushing caches (mode 1)
06-30 22:12:51.164   224   224 D dalvikvm: GC_EXPLICIT freed 83K, 29% free 10384K/14599K, paused 3ms+4ms
06-30 22:12:53.160   346   346 D SAN_SERVICE: *******************************************
06-30 22:12:53.160   346   346 D SAN_SERVICE: DM App Phone Service State - 0
06-30 22:12:53.160   346   346 D SAN_SERVICE: *******************************************
06-30 22:13:03.171   224   224 D PhoneStatusBar: disable: < EXPAND* icons alerts ticker system_info back home recent clock >
06-30 22:13:03.382   346   346 D SAN_SERVICE: *******************************************
06-30 22:13:03.382   346   346 D SAN_SERVICE: DM App Phone Service State - 0
06-30 22:13:03.382   346   346 D SAN_SERVICE: *******************************************
06-30 22:13:03.648   346   346 D SAN_SERVICE: *******************************************
06-30 22:13:03.648   346   346 D SAN_SERVICE: DM App Phone Service State - 0
06-30 22:13:03.648   346   346 D SAN_SERVICE: *******************************************
06-30 22:13:04.363   346   346 D SAN_SERVICE: *******************************************
06-30 22:13:04.363   346   346 D SAN_SERVICE: DM App Phone Service State - 0
06-30 22:13:04.363   346   346 D SAN_SERVICE: *******************************************
06-30 22:13:04.511   147   179 D ShutdownThread: Notifying thread to start shutdown longPressBehavior=1
06-30 22:13:04.601   224   224 D PhoneStatusBar: disable: < expand* icons alerts ticker system_info back home recent clock >
06-30 22:13:05.617   147 11055 I ShutdownThread: Sending shutdown broadcast...
06-30 22:13:05.621   147   163 W SyncManager: Writing sync state before shutdown...
06-30 22:13:06.019   147   149 D dalvikvm: GC_CONCURRENT freed 2642K, 29% free 16991K/23815K, paused 8ms+11ms
06-30 22:13:06.168   147   163 W ActivityManager: finishReceiver called but active receiver is different
06-30 22:13:06.242   147 11055 I ShutdownThread: Shutting down activity manager...
06-30 22:13:06.320   147   164 I ActivityManager: Start proc com.android.settings.wimax for broadcast com.android.settings.wimax/.widget.WimaxWidgetProvider: pid=11072 uid=10052 gids={}
06-30 22:13:07.339 28549 28567 W Netd    : No subsystem found in netlink event
06-30 22:13:07.339 28549 28567 D NetlinkEvent: Unexpected netlink message. type=0x11
06-30 22:13:07.410   147 11055 I UsageStats: Writing usage stats before shutdown...
06-30 22:13:07.421   147   204 D ConnectivityService: ConnectivityChange for WIMAX: DISCONNECTED/DISCONNECTED
06-30 22:13:07.425   147   204 D ConnectivityService: Attempting to switch to mobile
06-30 22:13:07.425   147   204 D ConnectivityService: Attempting to switch to WIFI
06-30 22:13:07.425   147   204 D ConnectivityService: Attempting to switch to BLUETOOTH_TETHER
06-30 22:13:07.578   147 11055 W BatteryStats: Writing battery stats before shutdown...
06-30 22:13:07.691   147 11055 W ShutdownThread: Turning off radio...
06-30 22:13:07.750   147 11055 I ShutdownThread: Waiting for Bluetooth and Radio...
06-30 22:13:07.871   147   164 I ActivityManager: Start proc com.google.android.partnersetup for broadcast com.google.android.partnersetup/.PhoneStateReceiver: pid=11085 uid=10021 gids={3003}
06-30 22:13:07.910   346   346 D SAN_SERVICE: *******************************************
06-30 22:13:07.910   346   346 D SAN_SERVICE: DM App Phone Service State - 3
06-30 22:13:07.910   346   346 D SAN_SERVICE: *******************************************
06-30 22:13:08.003  8385  8473 D NetworkLocator: null cell state delivered
06-30 22:13:08.031 11085 11085 I ActivityThread: Pub com.google.android.partnersetup.rlzprovider: com.google.android.partnersetup.RlzProvider
06-30 22:13:08.035  8385  8473 D NetworkLocator: null cell state delivered
06-30 22:13:08.039 11085 11085 I ActivityThread: Pub com.google.android.partnersetup.rlzappprovider: com.google.android.partnersetup.RlzAppProvider
06-30 22:13:08.257   147 11055 I ShutdownThread: Radio and Bluetooth shutdown complete.
06-30 22:13:08.261   147 11055 I ShutdownThread: Shutting down MountService
06-30 22:13:08.261   147 11055 I MountService: Shutting down
06-30 22:13:08.269   147   211 I PackageManager: Updating external media status from mounted to unmounted
06-30 22:13:08.281    72    93 D VoldCmdListener: asec list
06-30 22:13:08.308   147   167 I PackageManager: No secure containers on sdcard
06-30 22:13:08.621    72    93 D VoldCmdListener: storage users /mnt/sdcard
06-30 22:13:08.871   147   211 W ActivityManager: Killing processes unmount media at adjustment 8
06-30 22:13:08.875   147   211 W ActivityManager: Killing ProcessRecord{416cdfc8 10048:com.google.android.apps.maps/10056} (adj 8): unmount media
06-30 22:13:08.875    72    93 D VoldCmdListener: storage users /mnt/sdcard
06-30 22:13:09.019   147   464 W ActivityManager: Scheduling restart of crashed service com.google.android.apps.maps/com.google.googlenav.prefetch.android.PrefetcherService in 5000ms
06-30 22:13:09.082   147   211 I MountService: Retrying to kill storage users again
06-30 22:13:09.113    72    93 D VoldCmdListener: storage users /mnt/sdcard
06-30 22:13:09.285   147   211 W ActivityManager: Killing processes unmount media at adjustment 0
06-30 22:13:09.285    72    93 D VoldCmdListener: storage users /mnt/sdcard
06-30 22:13:09.445   147   211 I MountService: Retrying to kill storage users again
06-30 22:13:09.476    72    93 D VoldCmdListener: storage users /mnt/sdcard
06-30 22:13:09.636   147   211 W ActivityManager: Killing processes unmount media at adjustment 0
06-30 22:13:09.644    72    93 D VoldCmdListener: storage users /mnt/sdcard
06-30 22:13:09.796   147   211 I MountService: Retrying to kill storage users again
06-30 22:13:09.828    72    93 D VoldCmdListener: storage users /mnt/sdcard
06-30 22:13:09.996   147   211 W ActivityManager: Killing processes unmount media at adjustment 0
06-30 22:13:09.996    72    93 D VoldCmdListener: storage users /mnt/sdcard
06-30 22:13:10.164   147   211 I MountService: Retrying to kill storage users again
06-30 22:13:10.195    72    93 D VoldCmdListener: storage users /mnt/sdcard
06-30 22:13:10.375   147   211 W ActivityManager: Killing processes unmount media at adjustment 0
06-30 22:13:10.375    72    93 D VoldCmdListener: storage users /mnt/sdcard
06-30 22:13:10.437   147   208 D Tethering: MasterInitialState.processMessage what=3
06-30 22:13:10.496   147   208 D Tethering: MasterInitialState.processMessage what=3
06-30 22:13:10.605   147   211 I MountService: Failed to unmount media inspite of 4 retries. Forcibly killing processes now
06-30 22:13:10.738   147   211 D dalvikvm: GC_EXPLICIT freed 1715K, 31% free 16481K/23815K, paused 3ms+11ms
06-30 22:13:10.738   147   211 I PackageManager: Updating external media status from unmounted to unmounted
06-30 22:13:10.738    72    93 D VoldCmdListener: volume unmount /mnt/sdcard force
06-30 22:13:10.738    72    93 D Vold    : Volume sdcard state changing 4 (Mounted) -> 5 (Unmounting)
06-30 22:13:10.742   147   213 D MountService: sendStorageIntent Intent { act=android.intent.action.MEDIA_EJECT dat=file:///mnt/sdcard (has extras) }
06-30 22:13:10.761   147  2975 I ActivityManager: Start proc com.google.android.apps.uploader for broadcast com.google.android.apps.uploader/.ConnectivityBroadcastReceiver: pid=11099 uid=10030 gids={3003}
06-30 22:13:10.769 11099 11099 I dalvikvm: Turning on JNI app bug workarounds for target SDK version 11...
06-30 22:13:10.847 11099 11099 I ActivityThread: Pub com.google.android.apps.uploader: com.google.android.apps.uploader.UploadsContentProvider
06-30 22:13:10.855 11099 11099 I ActivityThread: Pub com.google.photos.provider.Album: com.google.android.apps.uploader.clients.picasa.AlbumProvider
06-30 22:13:10.859 11099 11099 D MediaUploader: UploaderApplication.onCreate
06-30 22:13:11.015   147   204 D ConnectivityService: handleInetConditionHoldEnd: net=1, condition=100, published condition=100
06-30 22:13:11.031 11099 11099 D MediaUploader: nonWifiLimit=20971520, default=20971520
06-30 22:13:11.035 11099 11099 I MediaUploader: No need to wake up
06-30 22:13:11.179   147  2141 I ActivityManager: Start proc com.google.android.youtube for broadcast com.google.android.youtube/.app.prefetch.PrefetchService$DeviceStateReceiver: pid=11115 uid=10057 gids={3003, 1015, 1006}
06-30 22:13:11.468 11115 11117 D dalvikvm: GC_CONCURRENT freed 165K, 3% free 9360K/9607K, paused 11ms+2ms
06-30 22:13:11.570 11115 11115 I ActivityThread: Pub com.google.android.youtube.SuggestionProvider: com.google.android.youtube.core.suggest.SuggestionProvider
06-30 22:13:11.750    72    93 I Vold    : /mnt/secure/staging/.android_secure sucessfully unmounted
06-30 22:13:11.750    72    93 I Vold    : /mnt/secure/asec sucessfully unmounted
06-30 22:13:11.750    72    93 W Vold    : Failed to unmount /mnt/secure/staging (Device or resource busy, retries 9, action 0)
06-30 22:13:11.933    72    93 E ProcessKiller: Process logcat (1399) has open file /mnt/secure/staging/.log/log.out
06-30 22:13:12.031 11115 11115 W ApplicationContext: Unable to create external files directory
06-30 22:13:12.488 11115 11117 D dalvikvm: GC_CONCURRENT freed 361K, 5% free 9498K/9927K, paused 10ms+22ms
06-30 22:13:12.488 11115 11124 W CursorWrapperInner: Cursor finalized without prior close()
06-30 22:13:12.488 11115 11124 W CursorWrapperInner: Cursor finalized without prior close()
06-30 22:13:12.593 11115 11117 D dalvikvm: GC_CONCURRENT freed 312K, 4% free 9736K/10119K, paused 3ms+3ms
06-30 22:13:12.765 11115 11117 D dalvikvm: GC_CONCURRENT freed 445K, 5% free 9859K/10375K, paused 2ms+5ms
06-30 22:13:12.902 11115 11117 D dalvikvm: GC_CONCURRENT freed 329K, 4% free 10103K/10503K, paused 1ms+4ms
06-30 22:13:13.039 11115 11117 D dalvikvm: GC_CONCURRENT freed 424K, 5% free 10200K/10695K, paused 2ms+7ms
06-30 22:13:13.230   147   158 I ActivityManager: Start proc com.google.android.apps.docs for broadcast com.google.android.apps.docs/.receivers.NetworkChangeReceiver: pid=11158 uid=10077 gids={3003, 1015, 1006}
06-30 22:13:13.250    72    93 W Vold    : Failed to unmount /mnt/secure/staging (Device or resource busy, retries 8, action 0)
06-30 22:13:13.621    72    93 E ProcessKiller: Process logcat (1399) has open file /mnt/secure/staging/.log/log.out
06-30 22:13:13.668 11158 11158 I PackageInfoHelper: Provided clientMode=RELEASE, packageInfo=PackageInfo{4135c2f0 com.google.android.apps.docs}
06-30 22:13:13.668 11158 11158 I ActivityThread: Pub com.google.android.apps.docs.files: com.google.android.apps.docs.sync.filemanager.FileProvider
06-30 22:13:13.671 11158 11158 I ActivityThread: Pub com.google.android.apps.docs.doclist.search_suggest: com.google.android.apps.docs.doclist.DocListGlobalSearchSuggestionProvider
06-30 22:13:13.800   147   297 I ActivityManager: Process com.google.android.apps.maps:NetworkLocationService (pid 9783) has died.
06-30 22:13:13.800   147   297 W ActivityManager: Scheduling restart of crashed service com.google.android.apps.maps/com.google.android.location.internal.server.NetworkLocationService in 10222ms
06-30 22:13:13.812 11158 11160 D dalvikvm: GC_CONCURRENT freed 220K, 4% free 9316K/9607K, paused 3ms+5ms
06-30 22:13:13.875 11115 11115 W ApplicationContext: Unable to create external files directory
06-30 22:13:13.875 11115 11115 D AndroidRuntime: Shutting down VM
06-30 22:13:13.875 11115 11115 W dalvikvm: threadid=1: thread exiting with uncaught exception (group=0x40a381f8)
06-30 22:13:13.918 11115 11115 E AndroidRuntime: FATAL EXCEPTION: main
06-30 22:13:13.918 11115 11115 E AndroidRuntime: java.lang.NullPointerException
06-30 22:13:13.918 11115 11115 E AndroidRuntime: 	at com.google.android.youtube.app.prefetch.PrefetchService.f_(SourceFile:235)
06-30 22:13:13.918 11115 11115 E AndroidRuntime: 	at com.google.android.youtube.core.transfer.TransferService.a(SourceFile:217)
06-30 22:13:13.918 11115 11115 E AndroidRuntime: 	at com.google.android.youtube.core.transfer.l.a(SourceFile:175)
06-30 22:13:13.918 11115 11115 E AndroidRuntime: 	at com.google.android.youtube.core.transfer.h.b(SourceFile:88)
06-30 22:13:13.918 11115 11115 E AndroidRuntime: 	at com.google.android.youtube.core.utils.w.onServiceConnected(SourceFile:46)
06-30 22:13:13.918 11115 11115 E AndroidRuntime: 	at android.app.LoadedApk$ServiceDispatcher.doConnected(LoadedApk.java:1068)
06-30 22:13:13.918 11115 11115 E AndroidRuntime: 	at android.app.LoadedApk$ServiceDispatcher$RunConnection.run(LoadedApk.java:1085)
06-30 22:13:13.918 11115 11115 E AndroidRuntime: 	at android.os.Handler.handleCallback(Handler.java:605)
06-30 22:13:13.918 11115 11115 E AndroidRuntime: 	at android.os.Handler.dispatchMessage(Handler.java:92)
06-30 22:13:13.918 11115 11115 E AndroidRuntime: 	at android.os.Looper.loop(Looper.java:137)
06-30 22:13:13.918 11115 11115 E AndroidRuntime: 	at android.app.ActivityThread.main(ActivityThread.java:4424)
06-30 22:13:13.918 11115 11115 E AndroidRuntime: 	at java.lang.reflect.Method.invokeNative(Native Method)
06-30 22:13:13.918 11115 11115 E AndroidRuntime: 	at java.lang.reflect.Method.invoke(Method.java:511)
06-30 22:13:13.918 11115 11115 E AndroidRuntime: 	at com.android.internal.os.ZygoteInit$MethodAndArgsCaller.run(ZygoteInit.java:784)
06-30 22:13:13.918 11115 11115 E AndroidRuntime: 	at com.android.internal.os.ZygoteInit.main(ZygoteInit.java:551)
06-30 22:13:13.918 11115 11115 E AndroidRuntime: 	at dalvik.system.NativeStart.main(Native Method)
06-30 22:13:13.941 11115 11115 I Process : Sending signal. PID: 11115 SIG: 9
06-30 22:13:14.054 11158 11160 D dalvikvm: GC_CONCURRENT freed 466K, 6% free 9388K/9927K, paused 2ms+4ms
06-30 22:13:14.054   147   164 I ActivityManager: Start proc com.google.android.apps.maps for service com.google.android.apps.maps/com.google.googlenav.prefetch.android.PrefetcherService: pid=11174 uid=10056 gids={3003, 1015}
06-30 22:13:14.097   147 32552 I ActivityManager: Process com.google.android.youtube (pid 11115) has died.
06-30 22:13:14.097   147 32552 W ActivityManager: Scheduling restart of crashed service com.google.android.youtube/.app.prefetch.PrefetchService in 19922ms
06-30 22:13:14.269 11158 11160 D dalvikvm: GC_CONCURRENT freed 496K, 6% free 9420K/9991K, paused 2ms+2ms
06-30 22:13:14.433 11174 11177 D dalvikvm: GC_CONCURRENT freed 171K, 3% free 9365K/9607K, paused 2ms+4ms
06-30 22:13:14.445 11158 11160 D dalvikvm: GC_CONCURRENT freed 533K, 7% free 9447K/10055K, paused 2ms+3ms
06-30 22:13:14.640 11158 11160 D dalvikvm: GC_CONCURRENT freed 486K, 6% free 9473K/10055K, paused 3ms+4ms
06-30 22:13:14.734 11174 11174 I ActivityThread: Pub com.google.android.maps.SearchHistoryProvider: com.google.googlenav.provider.SearchHistoryProvider
06-30 22:13:14.757 11174 11174 I ActivityThread: Pub com.google.android.maps.SuggestionProvider: com.google.googlenav.suggest.android.SuggestContentProvider
06-30 22:13:14.785 11174 11174 I ActivityThread: Pub com.google.android.maps.LayerInfoProvider: com.google.googlenav.layer.LayerInfoProvider
06-30 22:13:14.796    72    93 W Vold    : Failed to unmount /mnt/secure/staging (Device or resource busy, retries 7, action 0)
06-30 22:13:14.812 11158 11160 D dalvikvm: GC_CONCURRENT freed 468K, 6% free 9512K/10055K, paused 2ms+12ms
06-30 22:13:14.820 11174 11174 I ActivityThread: Pub com.google.android.maps.TrafficAppWidgetProvider: com.google.googlenav.appwidget.traffic.TrafficAppWidgetProvider
06-30 22:13:14.828 11174 11174 I ActivityThread: Pub com.google.android.maps.LocalActivePlacesProvider: com.google.googlenav.provider.LocalActivePlacesProvider
06-30 22:13:14.828 11174 11174 I ActivityThread: Pub com.google.android.maps.StarredItemProvider: com.google.googlenav.provider.StarredItemProvider
06-30 22:13:15.000 11174 11177 D dalvikvm: GC_CONCURRENT freed 206K, 4% free 9685K/9991K, paused 1ms+9ms
06-30 22:13:15.078    72    93 E ProcessKiller: Process logcat (1399) has open file /mnt/secure/staging/.log/log.out
06-30 22:13:15.125 25558 25560 D dalvikvm: GC_CONCURRENT freed 403K, 6% free 9540K/10055K, paused 6ms+11ms
06-30 22:13:15.246 11158 11160 D dalvikvm: GC_CONCURRENT freed 382K, 5% free 9626K/10119K, paused 6ms+4ms
06-30 22:13:15.640 11174 11174 I ActivityThread: Pub com.google.android.maps.LocalSuggestionProvider: com.google.googlenav.provider.LocalSuggestionProvider
06-30 22:13:15.660 11174 11174 I ActivityThread: Pub com.google.android.maps.NavigationAvailabilityProvider: com.google.googlenav.provider.NavigationAvailabilityProvider
06-30 22:13:15.828 11174 11177 D dalvikvm: GC_CONCURRENT freed 220K, 4% free 9935K/10247K, paused 1ms+4ms
06-30 22:13:15.843 11158 11160 D dalvikvm: GC_CONCURRENT freed 396K, 5% free 9774K/10247K, paused 2ms+4ms
06-30 22:13:15.847 11158 11158 D ContextScopeImpl: in ContextScope.getContextOrDefault for thread=1
06-30 22:13:15.847 11158 11158 D ContextScopeImpl: returning application context for thread=1
06-30 22:13:15.886 11158 11158 I FeatureCheckerImpl: Configured disabled features: []
06-30 22:13:15.886 11158 11158 D ContextScopeImpl: in ContextScope.getContextOrDefault for thread=1
06-30 22:13:15.886 11158 11158 D ContextScopeImpl: returning application context for thread=1
06-30 22:13:15.902 11158 11158 D ContextScopeImpl: in ContextScope.enter for thread=1
06-30 22:13:15.902 11158 11158 W ContextScopeImpl: thread=1 tried to enter the scope of the application context. Ignored.
06-30 22:13:15.902 11158 11158 D ContextScopeImpl: in ContextScope.getContextOrDefault for thread=1
06-30 22:13:15.902 11158 11158 D ContextScopeImpl: returning application context for thread=1
06-30 22:13:15.910 11158 11158 D DocListDatabase: openHelper points on new database: DocList.db
06-30 22:13:15.910 11158 11158 D DocListDatabase: in openWriteDatabase
06-30 22:13:15.925 11158 11158 I ActivityThread: Pub com.google.android.apps.docs.doclist.account_suggest: com.google.android.apps.docs.doclist.DocListAccountSuggestionProvider
06-30 22:13:15.945 11158 11158 D ContextScopeImpl: in ContextScope.enter for thread=1
06-30 22:13:15.945 11158 11158 W ContextScopeImpl: thread=1 tried to enter the scope of the application context. Ignored.
06-30 22:13:15.945 11158 11158 I ActivityThread: Pub com.google.android.apps.docs: com.google.android.apps.docs.providers.DocListProvider
06-30 22:13:15.945 11158 11158 D ContextScopeImpl: in ContextScope.enter for thread=1
06-30 22:13:15.945 11158 11158 W ContextScopeImpl: thread=1 tried to enter the scope of the application context. Ignored.
06-30 22:13:15.949 11158 11158 W ContextScopeImpl: thread=1 tried to enter the scope of the application context. Ignored.
06-30 22:13:15.976 11158 11207 W ContextScopeImpl: thread=2907 tried to enter the scope of the application context. Ignored.
06-30 22:13:16.046 11158 11158 W ContextScopeImpl: thread=1 tried to enter the scope of the application context. Ignored.
06-30 22:13:16.421 10554 11215 D PicasaSync: sync account database
06-30 22:13:16.441 10554 11215 D PicasaSync: accounts in DB=1
06-30 22:13:16.441 11099 11099 I MediaUploader: No need to wake up
06-30 22:13:16.527 10554 11215 D PicasaSyncManager: active network: NetworkInfo: type: WIFI[], state: CONNECTED/CONNECTED, reason: (unspecified), extra: (none), roaming: false, failover: false, isAvailable: true
06-30 22:13:16.539 10554 11215 D PicasaSyncManager: background data: true
06-30 22:13:16.562   147   147 I ActivityManager: Start proc com.google.android.youtube for broadcast com.google.android.youtube/.app.prefetch.PrefetchService$DeviceStateReceiver: pid=11216 uid=10057 gids={3003, 1015, 1006}
06-30 22:13:16.621    79    79 D dalvikvm: GC_EXPLICIT freed 37K, 4% free 9031K/9347K, paused 4ms+3ms
06-30 22:13:16.664    79    79 D dalvikvm: GC_EXPLICIT freed <1K, 4% free 9031K/9347K, paused 2ms+4ms
06-30 22:13:16.718    79    79 D dalvikvm: GC_EXPLICIT freed <1K, 4% free 9031K/9347K, paused 1ms+2ms
06-30 22:13:16.718    72    93 W Vold    : Failed to unmount /mnt/secure/staging (Device or resource busy, retries 6, action 0)
06-30 22:13:16.878    72    93 E ProcessKiller: Process logcat (1399) has open file /mnt/secure/staging/.log/log.out
06-30 22:13:16.890 11216 11218 D dalvikvm: GC_CONCURRENT freed 177K, 3% free 9358K/9607K, paused 3ms+3ms
06-30 22:13:16.937 11216 11216 I ActivityThread: Pub com.google.android.youtube.SuggestionProvider: com.google.android.youtube.core.suggest.SuggestionProvider
06-30 22:13:17.078   147   147 I ActivityManager: Process org.mozilla.firefox_beta.PasswordsProvider (pid 10520) has died.
06-30 22:13:17.211 10554 11215 D PicasaSyncManager: battery info: false
06-30 22:13:17.277  8385  8425 D dalvikvm: GC_EXPLICIT freed 380K, 6% free 10163K/10759K, paused 7ms+5ms
06-30 22:13:17.390 11216 11216 W ApplicationContext: Unable to create external files directory
06-30 22:13:17.632 11216 11218 D dalvikvm: GC_CONCURRENT freed 335K, 5% free 9508K/9927K, paused 11ms+12ms
06-30 22:13:17.632 11216 11225 W CursorWrapperInner: Cursor finalized without prior close()
06-30 22:13:17.632 11216 11225 W CursorWrapperInner: Cursor finalized without prior close()
06-30 22:13:17.742 11216 11218 D dalvikvm: GC_CONCURRENT freed 295K, 4% free 9752K/10119K, paused 2ms+2ms
06-30 22:13:17.878 11216 11218 D dalvikvm: GC_CONCURRENT freed 387K, 5% free 9916K/10375K, paused 2ms+2ms
06-30 22:13:17.949   147 13032 I ActivityManager: Process com.android.contacts (pid 10923) has died.
06-30 22:13:18.027 11216 11218 D dalvikvm: GC_CONCURRENT freed 385K, 5% free 10047K/10503K, paused 2ms+3ms
06-30 22:13:18.136 11216 11218 D dalvikvm: GC_CONCURRENT freed 349K, 4% free 10211K/10631K, paused 4ms+6ms
06-30 22:13:18.183    72    93 W Vold    : Failed to unmount /mnt/secure/staging (Device or resource busy, retries 5, action 0)
06-30 22:13:18.300 11158 11158 W ContextScopeImpl: thread=1 tried to enter the scope of the application context. Ignored.
06-30 22:13:18.367    72    93 E ProcessKiller: Process logcat (1399) has open file /mnt/secure/staging/.log/log.out
06-30 22:13:18.496   147   464 W ActivityManager: Failure sending broadcast Intent { act=com.google.android.apps.maps.nlp.ALARM_WAKEUP_LOCATOR flg=0x14 (has extras) }
06-30 22:13:18.496   147   464 W ActivityManager: android.os.DeadObjectException
06-30 22:13:18.496   147   464 W ActivityManager: 	at android.os.BinderProxy.transact(Native Method)
06-30 22:13:18.496   147   464 W ActivityManager: 	at android.content.IIntentReceiver$Stub$Proxy.performReceive(IIntentReceiver.java:121)
06-30 22:13:18.496   147   464 W ActivityManager: 	at com.android.server.am.ActivityManagerService.performReceiveLocked(ActivityManagerService.java:12829)
06-30 22:13:18.496   147   464 W ActivityManager: 	at com.android.server.am.ActivityManagerService.deliverToRegisteredReceiverLocked(ActivityManagerService.java:12891)
06-30 22:13:18.496   147   464 W ActivityManager: 	at com.android.server.am.ActivityManagerService.processNextBroadcast(ActivityManagerService.java:13098)
06-30 22:13:18.496   147   464 W ActivityManager: 	at com.android.server.am.ActivityManagerService.finishReceiver(ActivityManagerService.java:12640)
06-30 22:13:18.496   147   464 W ActivityManager: 	at android.app.ActivityManagerNative.onTransact(ActivityManagerNative.java:336)
06-30 22:13:18.496   147   464 W ActivityManager: 	at com.android.server.am.ActivityManagerService.onTransact(ActivityManagerService.java:1548)
06-30 22:13:18.496   147   464 W ActivityManager: 	at android.os.Binder.execTransact(Binder.java:338)
06-30 22:13:18.496   147   464 W ActivityManager: 	at dalvik.system.NativeStart.run(Native Method)
06-30 22:13:18.601 10554 11215 D PicasaSyncManager: active network: NetworkInfo: type: WIFI[], state: CONNECTED/CONNECTED, reason: (unspecified), extra: (none), roaming: false, failover: false, isAvailable: true
06-30 22:13:18.601 11216 11216 W ApplicationContext: Unable to create external files directory
06-30 22:13:18.605 11216 11216 D AndroidRuntime: Shutting down VM
06-30 22:13:18.605 11216 11216 W dalvikvm: threadid=1: thread exiting with uncaught exception (group=0x40a381f8)
06-30 22:13:18.605 10554 11215 D PicasaSyncManager: background data: true
06-30 22:13:18.613 11216 11216 E AndroidRuntime: FATAL EXCEPTION: main
06-30 22:13:18.613 11216 11216 E AndroidRuntime: java.lang.NullPointerException
06-30 22:13:18.613 11216 11216 E AndroidRuntime: 	at com.google.android.youtube.app.prefetch.PrefetchService.f_(SourceFile:235)
06-30 22:13:18.613 11216 11216 E AndroidRuntime: 	at com.google.android.youtube.core.transfer.TransferService.a(SourceFile:217)
06-30 22:13:18.613 11216 11216 E AndroidRuntime: 	at com.google.android.youtube.core.transfer.l.a(SourceFile:175)
06-30 22:13:18.613 11216 11216 E AndroidRuntime: 	at com.google.android.youtube.core.transfer.h.b(SourceFile:88)
06-30 22:13:18.613 11216 11216 E AndroidRuntime: 	at com.google.android.youtube.core.utils.w.onServiceConnected(SourceFile:46)
06-30 22:13:18.613 11216 11216 E AndroidRuntime: 	at android.app.LoadedApk$ServiceDispatcher.doConnected(LoadedApk.java:1068)
06-30 22:13:18.613 11216 11216 E AndroidRuntime: 	at android.app.LoadedApk$ServiceDispatcher$RunConnection.run(LoadedApk.java:1085)
06-30 22:13:18.613 11216 11216 E AndroidRuntime: 	at android.os.Handler.handleCallback(Handler.java:605)
06-30 22:13:18.613 11216 11216 E AndroidRuntime: 	at android.os.Handler.dispatchMessage(Handler.java:92)
06-30 22:13:18.613 11216 11216 E AndroidRuntime: 	at android.os.Looper.loop(Looper.java:137)
06-30 22:13:18.613 11216 11216 E AndroidRuntime: 	at android.app.ActivityThread.main(ActivityThread.java:4424)
06-30 22:13:18.613 11216 11216 E AndroidRuntime: 	at java.lang.reflect.Method.invokeNative(Native Method)
06-30 22:13:18.613 11216 11216 E AndroidRuntime: 	at java.lang.reflect.Method.invoke(Method.java:511)
06-30 22:13:18.613 11216 11216 E AndroidRuntime: 	at com.android.internal.os.ZygoteInit$MethodAndArgsCaller.run(ZygoteInit.java:784)
06-30 22:13:18.613 11216 11216 E AndroidRuntime: 	at com.android.internal.os.ZygoteInit.main(ZygoteInit.java:551)
06-30 22:13:18.613 11216 11216 E AndroidRuntime: 	at dalvik.system.NativeStart.main(Native Method)
06-30 22:13:18.644   147  2975 W ActivityManager: Process com.google.android.youtube has crashed too many times: killing!
06-30 22:13:18.644   147  2975 I ActivityManager: Killing proc 11216:com.google.android.youtube/10057: crash
06-30 22:13:19.593    72    93 W Vold    : Failed to unmount /mnt/secure/staging (Device or resource busy, retries 4, action 0)
06-30 22:13:19.730    72    93 E ProcessKiller: Process logcat (1399) has open file /mnt/secure/staging/.log/log.out
06-30 22:13:20.812    72    93 W Vold    : Failed to unmount /mnt/secure/staging (Device or resource busy, retries 3, action 0)
06-30 22:13:20.918    72    93 E ProcessKiller: Process logcat (1399) has open file /mnt/secure/staging/.log/log.out
06-30 22:13:22.000    72    93 W Vold    : Failed to unmount /mnt/secure/staging (Device or resource busy, retries 2, action 1)
--------- beginning of /dev/log/main
06-30 22:13:33.222    76    76 I DEBUG   : debuggerd: Jun 28 2012 18:17:40
--------- beginning of /dev/log/system
06-30 22:13:33.300    72    72 I Vold    : Vold 2.1 (the revenge) firing up
06-30 22:13:33.300    72    72 D Vold    : Volume sdcard state changing -1 (Initializing) -> 0 (No-Media)
06-30 22:13:33.304    75    75 I Netd    : Netd 1.0 starting
06-30 22:13:33.343    72    95 D Vold    : Volume sdcard state changing 0 (No-Media) -> 2 (Pending)
06-30 22:13:33.347    72    95 D Vold    : Volume sdcard state changing 2 (Pending) -> 1 (Idle-Unmounted)
06-30 22:13:33.363    72    95 W Vold    : Duplicate state (1)
06-30 22:13:33.363    72    95 W Vold    : Duplicate state (1)
06-30 22:13:33.363    72    95 W Vold    : Duplicate state (1)
06-30 22:13:33.363    72    95 W Vold    : Duplicate state (1)
06-30 22:13:33.812    80    80 I         : ServiceManager: 0x1c4910
06-30 22:13:33.988   118   118 I recovery: Recovery image already installed 
06-30 22:13:33.992    79    79 D AndroidRuntime: 
06-30 22:13:33.992    79    79 D AndroidRuntime: >>>>>> AndroidRuntime START com.android.internal.os.ZygoteInit <<<<<<
06-30 22:13:33.992    79    79 D AndroidRuntime: CheckJNI is OFF
06-30 22:13:34.023    78    78 I SurfaceFlinger: SurfaceFlinger is starting
06-30 22:13:34.027    78   120 I SurfaceFlinger: SurfaceFlinger's main thread ready to run. Initializing graphics H/W...
06-30 22:13:34.113    78   120 D libEGL  : loaded /system/lib/egl/libGLES_android.so
06-30 22:13:34.132    78   120 D libEGL  : loaded /vendor/lib/egl/libEGL_POWERVR_SGX540_120.so
06-30 22:13:34.226    78   120 D libEGL  : loaded /vendor/lib/egl/libGLESv1_CM_POWERVR_SGX540_120.so
06-30 22:13:34.257    78   120 D libEGL  : loaded /vendor/lib/egl/libGLESv2_POWERVR_SGX540_120.so
06-30 22:13:34.304    78   120 I SurfaceFlinger: EGL informations:
06-30 22:13:34.304    78   120 I SurfaceFlinger: # of configs : 30
06-30 22:13:34.304    78   120 I SurfaceFlinger: vendor    : Android
06-30 22:13:34.304    78   120 I SurfaceFlinger: version   : 1.4 Android META-EGL
06-30 22:13:34.304    78   120 I SurfaceFlinger: extensions: EGL_KHR_image EGL_KHR_image_base EGL_KHR_image_base EGL_KHR_gl_texture_2D_image EGL_KHR_gl_texture_cubemap_image EGL_KHR_gl_renderbuffer_image EGL_KHR_fence_sync EGL_ANDROID_image_native_buffer EGL_ANDROID_image_native_buffer 
06-30 22:13:34.304    78   120 I SurfaceFlinger: Client API: OpenGL ES
06-30 22:13:34.304    78   120 I SurfaceFlinger: EGLSurface: 8-8-8-8, config=0x1
06-30 22:13:34.304    78   120 I SurfaceFlinger: OpenGL informations:
06-30 22:13:34.304    78   120 I SurfaceFlinger: vendor    : Imagination Technologies
06-30 22:13:34.304    78   120 I SurfaceFlinger: renderer  : PowerVR SGX 540
06-30 22:13:34.304    78   120 I SurfaceFlinger: version   : OpenGL ES-CM 1.1
06-30 22:13:34.304    78   120 I SurfaceFlinger: extensions: GL_OES_byte_coordinates GL_OES_fixed_point GL_OES_single_precision GL_OES_matrix_get GL_OES_read_format GL_OES_compressed_paletted_texture GL_OES_point_sprite GL_OES_point_size_array GL_OES_matrix_palette GL_OES_draw_texture GL_OES_query_matrix GL_OES_texture_env_crossbar GL_OES_texture_mirrored_repeat GL_OES_texture_cube_map GL_OES_blend_subtract GL_OES_blend_func_separate GL_OES_blend_equation_separate GL_OES_stencil_wrap GL_OES_extended_matrix_palette GL_OES_framebuffer_object GL_OES_rgb8_rgba8 GL_OES_depth24 GL_OES_stencil8 GL_OES_compressed_ETC1_RGB8_texture GL_OES_mapbuffer GL_OES_EGL_image GL_OES_EGL_image_external GL_EXT_multi_draw_arrays GL_OES_required_internalformat GL_IMG_read_format GL_IMG_texture_compression_pvrtc GL_IMG_texture_format_BGRA8888 GL_EXT_texture_format_BGRA8888 GL_OES_egl_sync GL_IMG_vertex_array_object
06-30 22:13:34.304    78   120 I SurfaceFlinger: GL_MAX_TEXTURE_SIZE = 2048
06-30 22:13:34.304    78   120 I SurfaceFlinger: GL_MAX_VIEWPORT_DIMS = 2048 x 2048
06-30 22:13:34.304    78   120 I SurfaceFlinger: flags = 00010000
06-30 22:13:34.320    78   120 I hwcomposer: int hwc_device_open(const hw_module_t*, const char*, hw_device_t**)::win-0 add[0] 4b7af000 
06-30 22:13:34.320    78   120 I hwcomposer: int hwc_device_open(const hw_module_t*, const char*, hw_device_t**)::win-0 add[1] 4b926000 
06-30 22:13:34.320    78   120 I hwcomposer: int hwc_device_open(const hw_module_t*, const char*, hw_device_t**)::win-0 add[2] 4ba9d000 
06-30 22:13:34.324    78   120 D hwcomposer: int hwc_device_open(const hw_module_t*, const char*, hw_device_t**):: success
06-30 22:13:34.371    81    81 I         : ServiceManager: 0x8cc958
06-30 22:13:34.390   123   126 D libEGL  : loaded /system/lib/egl/libGLES_android.so
06-30 22:13:34.394    81    81 I AudioFlinger: Loaded primary audio interface from LEGACY Audio HW HAL (audio)
06-30 22:13:34.398    81    81 I AudioFlinger: Using 'LEGACY Audio HW HAL' (audio.primary) as the primary audio interface
06-30 22:13:34.398   123   126 D libEGL  : loaded /vendor/lib/egl/libEGL_POWERVR_SGX540_120.so
06-30 22:13:34.402   123   126 D libEGL  : loaded /vendor/lib/egl/libGLESv1_CM_POWERVR_SGX540_120.so
06-30 22:13:34.406   123   126 D libEGL  : loaded /vendor/lib/egl/libGLESv2_POWERVR_SGX540_120.so
06-30 22:13:34.417    81    81 I AudioFlinger: Loaded a2dp audio interface from A2DP Audio HW HAL (audio)
06-30 22:13:34.417    81    81 D AudioHardwareInterface: setMode(NORMAL)
06-30 22:13:34.421    81    81 I CameraService: CameraService started (pid=81)
06-30 22:13:34.464    81   129 I AudioFlinger: AudioFlinger's thread 0x8cd9a0 ready to run
06-30 22:13:34.464    81   129 W AudioFlinger: Thread AudioOut_1 cannot connect to the power manager service
06-30 22:13:34.464    81   129 D AudioHardware: AudioStreamOutALSA::setParameters() routing=2
06-30 22:13:34.464    81   128 D AudioHardware: ### setVoiceVolume_l
06-30 22:13:34.464    81    81 I AudioPolicyService: Loaded audio policy from LEGACY Audio Policy HAL (audio_policy)
06-30 22:13:35.304    79    79 I SamplingProfilerIntegration: Profiling disabled.
06-30 22:13:35.328    79    79 I Zygote  : Preloading classes...
06-30 22:13:35.328    79    79 D dalvikvm: GC_EXPLICIT freed 36K, 85% free 409K/2560K, paused 1ms+0ms
06-30 22:13:35.347    79    79 D dalvikvm: GC_EXPLICIT freed 4K, 82% free 473K/2560K, paused 0ms+0ms
06-30 22:13:35.386    79    79 D dalvikvm: GC_EXPLICIT freed 20K, 81% free 509K/2560K, paused 0ms+1ms
06-30 22:13:35.414    79    79 D dalvikvm: GC_EXPLICIT freed 27K, 80% free 536K/2560K, paused 1ms+0ms
06-30 22:13:35.421    79    79 D dalvikvm: GC_EXPLICIT freed 15K, 78% free 576K/2560K, paused 1ms+1ms
06-30 22:13:35.554    79    79 D dalvikvm: GC_EXPLICIT freed 27K, 77% free 603K/2560K, paused 0ms+1ms
06-30 22:13:35.734    79    79 D dalvikvm: GC_EXPLICIT freed 30K, 76% free 635K/2560K, paused 0ms+1ms
06-30 22:13:35.746    79    79 D TextLayoutCache: Using debug level: 0 - Debug Enabled: 0
06-30 22:13:35.765    79    79 W Zygote  : Class not found for preloading: android.media.AudioManager$2
06-30 22:13:35.835    79    79 I dalvikvm: threadid=1: recursive native library load attempt (/system/lib/libmedia_jni.so)
06-30 22:13:35.835    79    79 D MtpDeviceJNI: register_android_mtp_MtpDevice
06-30 22:13:35.835    79    79 I dalvikvm: threadid=1: recursive native library load attempt (/system/lib/libmedia_jni.so)
06-30 22:13:35.835    79    79 I dalvikvm: threadid=1: recursive native library load attempt (/system/lib/libmedia_jni.so)
06-30 22:13:35.839    79    79 W Zygote  : Class not found for preloading: android.media.IRemoteControlClientDispatcher
06-30 22:13:35.839    79    79 W Zygote  : Class not found for preloading: android.media.IRemoteControlClientDispatcher$Stub
06-30 22:13:35.847    79    79 D dalvikvm: GC_EXPLICIT freed 20K, 74% free 672K/2560K, paused 0ms+1ms
06-30 22:13:36.019    79    79 D dalvikvm: GC_FOR_ALLOC freed 218K, 63% free 966K/2560K, paused 7ms
06-30 22:13:36.054    79    79 D dalvikvm: GC_EXPLICIT freed 43K, 61% free 1023K/2560K, paused 1ms+1ms
06-30 22:13:36.132    79    79 D dalvikvm: GC_EXPLICIT freed 27K, 59% free 1052K/2560K, paused 0ms+0ms
06-30 22:13:36.398    79    79 D dalvikvm: GC_EXPLICIT freed 8K, 58% free 1100K/2560K, paused 1ms+1ms
06-30 22:13:36.437    79    79 D dalvikvm: GC_EXPLICIT freed 23K, 55% free 1166K/2560K, paused 1ms+1ms
06-30 22:13:36.523    79    79 D dalvikvm: GC_EXPLICIT freed 48K, 44% free 1445K/2560K, paused 1ms+2ms
06-30 22:13:36.523    79    79 W Zygote  : Class not found for preloading: android.text.TextDirectionHeuristics$CharCount
06-30 22:13:36.535    79    79 W Zygote  : Class not found for preloading: android.text.method.WordIterator$1
06-30 22:13:36.554    79    79 D dalvikvm: GC_EXPLICIT freed 34K, 43% free 1479K/2560K, paused 1ms+1ms
06-30 22:13:36.601    79    79 D dalvikvm: GC_EXPLICIT freed 32K, 42% free 1502K/2560K, paused 1ms+1ms
06-30 22:13:36.882    79    79 I dalvikvm: threadid=1: recursive native library load attempt (/system/lib/libwebcore.so)
06-30 22:13:36.882    79    79 D dalvikvm: No JNI_OnLoad found in /system/lib/libchromium_net.so 0x0, skipping init
06-30 22:13:36.921    79    79 D dalvikvm: GC_EXPLICIT freed 26K, 40% free 1551K/2560K, paused 1ms+2ms
06-30 22:13:36.949    79    79 W Zygote  : Class not found for preloading: android.widget.EdgeGlow
06-30 22:13:37.015    79    79 D dalvikvm: GC_EXPLICIT freed 25K, 39% free 1580K/2560K, paused 1ms+1ms
06-30 22:13:37.085    79    79 D dalvikvm: GC_EXPLICIT freed 71K, 37% free 1625K/2560K, paused 1ms+2ms
06-30 22:13:37.113    79    79 E PhonePolicy: Could not preload class for phone policy: com.android.internal.policy.impl.PhoneWindow$ContextMenuCallback
06-30 22:13:37.148    79    79 D dalvikvm: GC_EXPLICIT freed 33K, 36% free 1647K/2560K, paused 1ms+1ms
06-30 22:13:37.175    79    79 D dalvikvm: GC_EXPLICIT freed 28K, 35% free 1675K/2560K, paused 1ms+2ms
06-30 22:13:37.203    79    79 D dalvikvm: GC_EXPLICIT freed 26K, 34% free 1706K/2560K, paused 1ms+1ms
06-30 22:13:37.253    79    79 D dalvikvm: GC_EXPLICIT freed 32K, 33% free 1731K/2560K, paused 2ms+2ms
06-30 22:13:37.277    79    79 D dalvikvm: GC_EXPLICIT freed 31K, 32% free 1759K/2560K, paused 1ms+2ms
06-30 22:13:37.308    79    79 D dalvikvm: GC_EXPLICIT freed 71K, 30% free 1815K/2560K, paused 1ms+1ms
06-30 22:13:37.363    79    79 D dalvikvm: GC_EXPLICIT freed 39K, 29% free 1831K/2560K, paused 2ms+2ms
06-30 22:13:38.000    79    79 I System  : Loaded time zone names for  in 613ms (609ms in ICU)
06-30 22:13:38.382    79    79 I System  : Loaded time zone names for en_US in 383ms (378ms in ICU)
06-30 22:13:38.414    79    79 D dalvikvm: GC_EXPLICIT freed 324K, 24% free 1948K/2560K, paused 2ms+1ms
06-30 22:13:38.449    79    79 D dalvikvm: GC_EXPLICIT freed 15K, 22% free 2009K/2560K, paused 2ms+1ms
06-30 22:13:38.496    79    79 D dalvikvm: GC_EXPLICIT freed 51K, 21% free 2041K/2560K, paused 2ms+2ms
06-30 22:13:38.550    79    79 D dalvikvm: GC_EXPLICIT freed 29K, 20% free 2072K/2560K, paused 1ms+2ms
06-30 22:13:38.578    79    79 D dalvikvm: GC_EXPLICIT freed 37K, 19% free 2089K/2560K, paused 1ms+2ms
06-30 22:13:38.605    79    79 D dalvikvm: GC_EXPLICIT freed 32K, 18% free 2111K/2560K, paused 1ms+2ms
06-30 22:13:38.609    79    79 I Zygote  : ...preloaded 2297 classes in 3284ms.
06-30 22:13:38.625    79    79 D dalvikvm: GC_EXPLICIT freed 22K, 18% free 2116K/2560K, paused 1ms+2ms
06-30 22:13:38.625    79    79 I Zygote  : Preloading resources...
06-30 22:13:38.683    79    79 D dalvikvm: GC_EXPLICIT freed 1K, 15% free 2200K/2560K, paused 2ms+1ms
06-30 22:13:38.703    79    79 D dalvikvm: GC_EXPLICIT freed 1K, 12% free 2269K/2560K, paused 1ms+1ms
06-30 22:13:38.730    79    79 D dalvikvm: GC_EXPLICIT freed 1K, 9% free 2337K/2560K, paused 1ms+2ms
06-30 22:13:38.781    79    79 D dalvikvm: GC_EXPLICIT freed 1K, 7% free 2389K/2560K, paused 1ms+4ms
06-30 22:13:38.804    79    79 D dalvikvm: GC_EXPLICIT freed 2K, 8% free 2436K/2627K, paused 1ms+1ms
06-30 22:13:38.828    79    79 D dalvikvm: GC_EXPLICIT freed 2K, 8% free 2497K/2691K, paused 2ms+2ms
06-30 22:13:38.847    79    79 D dalvikvm: GC_EXPLICIT freed 2K, 6% free 2549K/2691K, paused 1ms+2ms
06-30 22:13:38.894    79    79 D dalvikvm: GC_EXPLICIT freed 2K, 6% free 2603K/2755K, paused 2ms+4ms
06-30 22:13:38.917    79    79 D dalvikvm: GC_EXPLICIT freed 2K, 6% free 2657K/2819K, paused 2ms+2ms
06-30 22:13:38.941    79    79 D dalvikvm: GC_EXPLICIT freed 3K, 6% free 2714K/2883K, paused 1ms+1ms
06-30 22:13:38.968    79    79 D dalvikvm: GC_EXPLICIT freed 2K, 7% free 2765K/2947K, paused 2ms+2ms
06-30 22:13:39.015    79    79 D dalvikvm: GC_EXPLICIT freed 2K, 5% free 2821K/2947K, paused 1ms+2ms
06-30 22:13:39.039    79    79 D dalvikvm: GC_EXPLICIT freed 2K, 5% free 2873K/3011K, paused 2ms+2ms
06-30 22:13:39.058    79    79 D dalvikvm: GC_EXPLICIT freed 3K, 5% free 2928K/3075K, paused 2ms+2ms
06-30 22:13:39.082    79    79 D dalvikvm: GC_EXPLICIT freed 2K, 5% free 2984K/3139K, paused 1ms+1ms
06-30 22:13:39.132    79    79 D dalvikvm: GC_EXPLICIT freed 2K, 6% free 3033K/3203K, paused 2ms+2ms
06-30 22:13:39.152    79    79 D dalvikvm: GC_EXPLICIT freed 2K, 4% free 3087K/3203K, paused 1ms+1ms
06-30 22:13:39.175    79    79 D dalvikvm: GC_EXPLICIT freed 2K, 4% free 3145K/3267K, paused 2ms+2ms
06-30 22:13:39.199    79    79 D dalvikvm: GC_EXPLICIT freed 2K, 5% free 3193K/3331K, paused 1ms+2ms
06-30 22:13:39.250    79    79 D dalvikvm: GC_EXPLICIT freed 2K, 4% free 3268K/3395K, paused 1ms+2ms
06-30 22:13:39.269    79    79 D dalvikvm: GC_EXPLICIT freed 1K, 4% free 3337K/3459K, paused 1ms+1ms
06-30 22:13:39.296    79    79 D dalvikvm: GC_EXPLICIT freed 1K, 4% free 3391K/3523K, paused 2ms+1ms
06-30 22:13:39.320    79    79 D dalvikvm: GC_EXPLICIT freed 2K, 4% free 3447K/3587K, paused 1ms+2ms
06-30 22:13:39.371    79    79 D dalvikvm: GC_EXPLICIT freed 2K, 5% free 3504K/3651K, paused 1ms+2ms
06-30 22:13:39.394    79    79 D dalvikvm: GC_EXPLICIT freed 2K, 3% free 3560K/3651K, paused 1ms+1ms
06-30 22:13:39.414    79    79 D dalvikvm: GC_EXPLICIT freed 5K, 3% free 3612K/3715K, paused 1ms+2ms
06-30 22:13:39.457    79    79 D dalvikvm: GC_EXPLICIT freed 2K, 3% free 3668K/3779K, paused 2ms+16ms
06-30 22:13:39.492    79    79 D dalvikvm: GC_EXPLICIT freed 4K, 4% free 3722K/3843K, paused 2ms+2ms
06-30 22:13:39.511    79    79 D dalvikvm: GC_EXPLICIT freed 2K, 2% free 3775K/3843K, paused 1ms+2ms
06-30 22:13:39.535    79    79 D dalvikvm: GC_EXPLICIT freed 2K, 2% free 3830K/3907K, paused 1ms+2ms
06-30 22:13:39.601    79    79 D dalvikvm: GC_EXPLICIT freed 10K, 2% free 3932K/3971K, paused 2ms+2ms
06-30 22:13:39.625    79    79 D dalvikvm: GC_EXPLICIT freed 6K, 3% free 4010K/4099K, paused 2ms+1ms
06-30 22:13:39.648    79    79 D dalvikvm: GC_EXPLICIT freed 3K, 3% free 4075K/4163K, paused 1ms+2ms
06-30 22:13:39.695    79    79 D dalvikvm: GC_EXPLICIT freed 2K, 1% free 4126K/4163K, paused 2ms+7ms
06-30 22:13:39.726    79    79 D dalvikvm: GC_EXPLICIT freed 3K, 2% free 4210K/4291K, paused 1ms+2ms
06-30 22:13:39.750    79    79 D dalvikvm: GC_EXPLICIT freed 3K, 2% free 4294K/4355K, paused 1ms+1ms
06-30 22:13:39.773    79    79 D dalvikvm: GC_EXPLICIT freed 4K, 1% free 4344K/4355K, paused 2ms+2ms
06-30 22:13:39.824    79    79 D dalvikvm: GC_EXPLICIT freed 2K, 1% free 4396K/4419K, paused 2ms+2ms
06-30 22:13:39.847    79    79 D dalvikvm: GC_EXPLICIT freed 1K, 1% free 4466K/4483K, paused 1ms+2ms
06-30 22:13:39.867    79    79 D dalvikvm: GC_EXPLICIT freed 1K, 2% free 4558K/4611K, paused 2ms+2ms
06-30 22:13:39.890    79    79 D dalvikvm: GC_EXPLICIT freed <1K, 2% free 5179K/5251K, paused 1ms+1ms
06-30 22:13:39.941    79    79 D dalvikvm: GC_EXPLICIT freed 2K, 1% free 5239K/5251K, paused 16ms+2ms
06-30 22:13:39.968    79    79 D dalvikvm: GC_EXPLICIT freed 4K, 1% free 5290K/5315K, paused 2ms+2ms
06-30 22:13:39.992    79    79 D dalvikvm: GC_EXPLICIT freed 1K, 1% free 5348K/5379K, paused 1ms+1ms
06-30 22:13:40.011    79    79 D dalvikvm: GC_EXPLICIT freed <1K, 1% free 5403K/5443K, paused 1ms+1ms
06-30 22:13:40.062    79    79 D dalvikvm: GC_EXPLICIT freed <1K, 1% free 5459K/5507K, paused 2ms+1ms
06-30 22:13:40.093    79    79 D dalvikvm: GC_EXPLICIT freed 6K, 2% free 5895K/5955K, paused 2ms+2ms
06-30 22:13:40.117    79    79 D dalvikvm: GC_EXPLICIT freed 5K, 1% free 5995K/6019K, paused 2ms+2ms
06-30 22:13:40.167    79    79 D dalvikvm: GC_EXPLICIT freed 3K, 1% free 6046K/6083K, paused 2ms+1ms
06-30 22:13:40.199    79    79 D dalvikvm: GC_EXPLICIT freed 5K, 2% free 7080K/7171K, paused 2ms+1ms
06-30 22:13:40.234    79    79 D dalvikvm: GC_EXPLICIT freed 2K, 2% free 8104K/8259K, paused 1ms+2ms
06-30 22:13:40.289    79    79 D dalvikvm: GC_EXPLICIT freed 3K, 2% free 8166K/8259K, paused 15ms+2ms
06-30 22:13:40.312    79    79 D dalvikvm: GC_EXPLICIT freed 3K, 1% free 8219K/8259K, paused 1ms+2ms
06-30 22:13:40.339    79    79 D dalvikvm: GC_EXPLICIT freed 4K, 1% free 8266K/8323K, paused 1ms+1ms
06-30 22:13:40.390    79    79 D dalvikvm: GC_EXPLICIT freed 4K, 1% free 8316K/8387K, paused 2ms+2ms
06-30 22:13:40.417    79    79 D dalvikvm: GC_EXPLICIT freed 3K, 1% free 8363K/8387K, paused 1ms+1ms
06-30 22:13:40.441    79    79 D dalvikvm: GC_EXPLICIT freed 3K, 1% free 8420K/8451K, paused 2ms+2ms
06-30 22:13:40.503    79    79 D dalvikvm: GC_EXPLICIT freed 2K, 1% free 8486K/8515K, paused 1ms+10ms
06-30 22:13:40.527    79    79 D dalvikvm: GC_EXPLICIT freed 1K, 1% free 8554K/8579K, paused 2ms+1ms
06-30 22:13:40.550    79    79 D dalvikvm: GC_EXPLICIT freed 1K, 1% free 8620K/8643K, paused 1ms+2ms
06-30 22:13:40.578    79    79 D dalvikvm: GC_EXPLICIT freed 3K, 1% free 8671K/8707K, paused 1ms+1ms
06-30 22:13:40.628    79    79 D dalvikvm: GC_EXPLICIT freed 3K, 1% free 8721K/8771K, paused 1ms+2ms
06-30 22:13:40.660    79    79 D dalvikvm: GC_EXPLICIT freed 3K, 1% free 8770K/8835K, paused 1ms+2ms
06-30 22:13:40.683    79    79 D dalvikvm: GC_EXPLICIT freed 2K, 1% free 8819K/8835K, paused 1ms+2ms
06-30 22:13:40.730    79    79 D dalvikvm: GC_EXPLICIT freed 1K, 1% free 8869K/8899K, paused 2ms+9ms
06-30 22:13:40.757    79    79 D dalvikvm: GC_EXPLICIT freed 1K, 1% free 8964K/9027K, paused 2ms+2ms
06-30 22:13:40.789    79    79 D dalvikvm: GC_EXPLICIT freed 6K, 1% free 9027K/9091K, paused 1ms+2ms
06-30 22:13:40.789    79    79 I Zygote  : ...preloaded 379 resources in 2161ms.
06-30 22:13:40.796    79    79 I Zygote  : ...preloaded 31 resources in 9ms.
06-30 22:13:40.839    79    79 D dalvikvm: GC_EXPLICIT freed 25K, 1% free 9028K/9091K, paused 1ms+17ms
06-30 22:13:40.867    79    79 D dalvikvm: GC_EXPLICIT freed 9K, 1% free 9019K/9091K, paused 2ms+2ms
06-30 22:13:40.886    79    79 D dalvikvm: GC_EXPLICIT freed <1K, 1% free 9019K/9091K, paused 2ms+2ms
06-30 22:13:40.898    79    79 I dalvikvm: System server process 145 has been created
06-30 22:13:40.898    79    79 I Zygote  : Accepting command socket connections
06-30 22:13:41.027   145   145 I sysproc : Entered system_init()
06-30 22:13:41.027   145   145 I sysproc : ServiceManager: 0x9d5b90
06-30 22:13:41.027   145   145 D SensorService: nuSensorService starting...
06-30 22:13:41.101   145   158 E AKMD2   : libkam : Unable to load settings file, using defaults.
06-30 22:13:41.152   145   145 I SensorService: KR3DM 3-axis Accelerometer
06-30 22:13:41.152   145   145 I SensorService: AK8973 3-axis Magnetic field sensor
06-30 22:13:41.152   145   145 I SensorService: AK8973 Orientation sensor
06-30 22:13:41.152   145   145 I SensorService: GP2A Light sensor
06-30 22:13:41.152   145   145 I SensorService: GP2A Proximity sensor
06-30 22:13:41.152   145   145 I SensorService: K3G Gyroscope sensor
06-30 22:13:41.152   145   145 I sysproc : System server: starting Android runtime.
06-30 22:13:41.152   145   145 I sysproc : System server: starting Android services.
06-30 22:13:41.156   145   145 I sysproc : System server: entering thread pool.
06-30 22:13:41.156   145   160 D SensorService: nuSensorService thread starting...
06-30 22:13:41.156   145   145 I SystemServer: Entered the Android system server!
06-30 22:13:41.156   145   161 I SystemServer: Entropy Service
06-30 22:13:41.179   145   161 I SystemServer: Power Manager
06-30 22:13:41.183   145   161 I SystemServer: Activity Manager
06-30 22:13:41.242   145   162 I ActivityManager: Memory class: 48
06-30 22:13:41.406   145   161 I SystemServer: Telephony Registry
06-30 22:13:41.410   145   162 I ActivityManager: Enabled StrictMode logging for AThread's Looper
06-30 22:13:41.410   145   161 I SystemServer: Package Manager
06-30 22:13:41.414   145   147 D dalvikvm: GC_CONCURRENT freed 240K, 4% free 9295K/9607K, paused 2ms+2ms
06-30 22:13:41.542   145   147 D dalvikvm: GC_CONCURRENT freed 461K, 7% free 9298K/9927K, paused 2ms+2ms
06-30 22:13:41.546   145   166 D StrictMode: No activity manager; failed to Dropbox violation.
06-30 22:13:41.699   145   147 D dalvikvm: GC_CONCURRENT freed 305K, 6% free 9413K/9927K, paused 1ms+2ms
06-30 22:13:42.093   145   147 D dalvikvm: GC_CONCURRENT freed 277K, 4% free 9614K/9991K, paused 4ms+5ms
06-30 22:13:42.152   145   161 W PackageParser: No actions in intent filter at /system/app/Bluetooth.apk Binary XML file line #125
06-30 22:13:42.507   145   161 W PackageParser: No actions in intent filter at /system/app/Contacts.apk Binary XML file line #525
06-30 22:13:42.945   145   147 D dalvikvm: GC_CONCURRENT freed 149K, 3% free 9959K/10183K, paused 7ms+4ms
06-30 22:13:43.191   145   161 W ResourceType: Failure getting entry for 0x7f02004b (t=1 e=75) in package 0 (error -75)
06-30 22:13:43.460   145   147 D dalvikvm: GC_CONCURRENT freed 259K, 4% free 10151K/10503K, paused 2ms+3ms
06-30 22:13:44.250   145   147 D dalvikvm: GC_CONCURRENT freed 253K, 4% free 10376K/10759K, paused 12ms+4ms
06-30 22:13:44.867   145   161 W PackageParser: Unknown element under <application>: category at /system/app/WiMAXHiddenMenu.apk Binary XML file line #289
06-30 22:13:45.003   145   161 D PackageManager: No files in app dir /vendor/app
06-30 22:13:45.003    83    83 I installd: new connection
06-30 22:13:45.003   145   161 I Installer: connecting...
06-30 22:13:45.035   145   147 D dalvikvm: GC_CONCURRENT freed 215K, 3% free 10634K/10951K, paused 12ms+4ms
06-30 22:13:45.417   145   161 I PackageParser: com.google.android.stardroid: compat added android.permission.WRITE_EXTERNAL_STORAGE android.permission.READ_PHONE_STATE
06-30 22:13:45.492   145   161 W PackageParser: Unknown element under <manifest>: supports-gl-texture at /data/app/com.google.earth-1.apk Binary XML file line #19
06-30 22:13:46.832   145   147 D dalvikvm: GC_CONCURRENT freed 248K, 4% free 10856K/11207K, paused 3ms+4ms
06-30 22:13:47.140   145   161 W PackageParser: Unknown element under <manifest>: meta-data at /data/app/com.google.android.youtube-2.apk Binary XML file line #62
06-30 22:13:47.195   145   161 W ResourceType: Failure getting entry for 0x7f0b002d (t=10 e=45) in package 0 (error -75)
06-30 22:13:47.546   145   147 D dalvikvm: GC_CONCURRENT freed 157K, 3% free 11154K/11399K, paused 1ms+7ms
06-30 22:13:47.679   145   161 W PackageParser: No actions in intent filter at /data/app/com.google.android.maps.mytracks-1.apk Binary XML file line #152
06-30 22:13:47.691   145   161 W PackageParser: No actions in intent filter at /data/app/com.google.android.maps.mytracks-1.apk Binary XML file line #208
06-30 22:13:47.691   145   161 W PackageParser: No actions in intent filter at /data/app/com.google.android.maps.mytracks-1.apk Binary XML file line #218
06-30 22:13:47.695   145   161 W PackageParser: No actions in intent filter at /data/app/com.google.android.maps.mytracks-1.apk Binary XML file line #232
06-30 22:13:48.710   145   161 W PackageManager: Package com.metago.astro desires unavailable shared library com.kyocera.dualscreen; ignoring!
06-30 22:13:48.789   145   147 D dalvikvm: GC_CONCURRENT freed 169K, 3% free 11420K/11719K, paused 1ms+7ms
06-30 22:13:49.417   145   161 I PackageManager: Time to scan packages: 7.531 seconds
06-30 22:13:49.417   145   161 W PackageManager: Unknown permission com.dsi.ant.permission.ANT in package com.google.android.maps.mytracks
06-30 22:13:49.417   145   161 W PackageManager: Unknown permission com.dsi.ant.permission.ANT_ADMIN in package com.google.android.maps.mytracks
06-30 22:13:49.417   145   161 W PackageManager: Unknown permission com.google.android.googleapps.permission.GOOGLE_AUTH.fusiontables in package com.google.android.maps.mytracks
06-30 22:13:49.421   145   161 W PackageManager: Unknown permission android.permission.ADD_SYSTEM_SERVICE in package com.android.phone
06-30 22:13:49.421   145   161 W PackageManager: Unknown permission com.android.vending.billing.IBillingAccountService.BIND2 in package com.google.android.gsf.login
06-30 22:13:49.421   145   161 W PackageManager: Not granting permission android.permission.SEND_DOWNLOAD_COMPLETED_INTENTS to package com.android.browser (protectionLevel=2 flags=0x9be45)
06-30 22:13:49.425   145   161 W PackageManager: Unknown permission android.permission.READ_OWNER_DATA in package com.google.android.setupwizard
06-30 22:13:49.425   145   161 W PackageManager: Unknown permission android.permission.WRITE_OWNER_DATA in package com.google.android.setupwizard
06-30 22:13:49.425   145   161 W PackageManager: Unknown permission android.permission.WRITE_CDMA_CARRIER_SETTINGS in package com.android.sprintmenu
06-30 22:13:49.425   145   161 W PackageManager: Unknown permission android.permission.CHANGE_DUN_STATE in package com.android.sprintmenu
06-30 22:13:49.425   145   161 W PackageManager: Unknown permission android.permission.READ_EXTERNAL_STORAGE in package com.android.videoeditor
06-30 22:13:49.425   145   161 W PackageManager: Unknown permission com.android.providers.im.permission.READ_ONLY in package com.google.android.apps.maps
06-30 22:13:49.429   145   161 W PackageManager: Not granting permission android.permission.ACCOUNT_MANAGER to package com.google.android.apps.docs (protectionLevel=2 flags=0x8be44)
06-30 22:13:49.429   145   161 W PackageManager: Unknown permission android.permission.WRITE_SYNC_STATS in package com.google.android.apps.docs
06-30 22:13:49.429   145   161 W PackageManager: Not granting permission com.google.android.googleapps.permission.GOOGLE_AUTH.ALL_SERVICES to package com.google.android.apps.docs (protectionLevel=2 flags=0x8be44)
06-30 22:13:49.429   145   161 W PackageManager: Not granting permission android.permission.ACCESS_CHECKIN_PROPERTIES to package com.google.android.apps.googlevoice (protectionLevel=3 flags=0x8be44)
06-30 22:13:49.429   145   161 W PackageManager: Unknown permission com.google.android.apps.googlevoice.REMOTE_INTENT in package com.google.android.apps.googlevoice
06-30 22:13:49.429   145   161 W PackageManager: Unknown permission com.google.android.permission.RECEIVE_DATA_MESSAGE in package com.google.android.apps.googlevoice
06-30 22:13:49.429   145   161 W PackageManager: Unknown permission com.google.android.permission.SEND_DATA_MESSAGE in package com.google.android.apps.googlevoice
06-30 22:13:49.429   145   161 W PackageManager: Unknown permission com.android.providers.voicemail.permission.READ_WRITE_ALL_VOICEMAIL in package com.google.android.apps.googlevoice
06-30 22:13:49.429   145   161 W PackageManager: Unknown permission com.android.providers.voicemail.permission.READ_WRITE_OWN_VOICEMAIL in package com.google.android.apps.googlevoice
06-30 22:13:49.429   145   161 W PackageManager: Unknown permission com.android.vending.permission.UPDATE_MARKET_FAILURE in package com.android.vending.updater
06-30 22:13:49.433   145   161 W PackageManager: Not granting permission android.permission.WRITE_SECURE_SETTINGS to package com.whatsapp (protectionLevel=3 flags=0xbe44)
06-30 22:13:49.433   145   161 W PackageManager: Unknown permission android.permission.READ_EXTERNAL_STORAGE in package com.android.vending
06-30 22:13:49.433   145   161 W PackageManager: Not granting permission com.google.android.voicesearch.AUDIO_FILE_ACCESS to package com.google.android.gm (protectionLevel=2 flags=0x9be64)
06-30 22:13:49.433   145   161 W PackageManager: Unknown permission com.sprint.internal.permission.CONNECTIONMANAGER in package com.samsung.update
06-30 22:13:49.433   145   161 W PackageManager: Unknown permission com.sprint.internal.permission.SYSTEMPROPERTIES in package com.samsung.update
06-30 22:13:49.433   145   161 W PackageManager: Unknown permission com.sprint.internal.permission.SYSTEMPROPERTIES_WRITE in package com.samsung.update
06-30 22:13:49.437   145   161 W PackageManager: Not granting permission android.permission.DEVICE_POWER to package com.android.deskclock (protectionLevel=2 flags=0x8be45)
06-30 22:13:49.437   145   161 W PackageManager: Unknown permission android.permission.FLAG_RECEIVER_REGISTERED_ONLY_BEFORE_BOOT in package com.samsung.wimax
06-30 22:13:49.902   145   147 D dalvikvm: GC_CONCURRENT freed 458K, 5% free 11502K/12039K, paused 11ms+3ms
06-30 22:13:49.945   145   161 D dalvikvm: GC_EXPLICIT freed 82K, 6% free 11419K/12039K, paused 2ms+2ms
06-30 22:13:49.957   145   161 I SystemServer: Account Manager
06-30 22:13:49.984   145   161 D PackageManager: generateServicesMap(android.accounts.AccountAuthenticator): 8 services unchanged
06-30 22:13:50.011   145   161 I SystemServer: Content Manager
06-30 22:13:50.324   145   161 D PackageManager: generateServicesMap(android.content.SyncAdapter): 20 services unchanged
06-30 22:13:50.328   145   161 I ActivityThread: Pub settings: com.android.providers.settings.SettingsProvider
06-30 22:13:50.328   145   161 I SystemServer: System Content Providers
06-30 22:13:50.765   145   170 D SettingsProvider: cache for settings table 'secure' rows=58; fullycached=true
06-30 22:13:50.789   145   170 D SettingsProvider: cache for settings table 'system' rows=67; fullycached=true
06-30 22:13:50.917   145   147 D dalvikvm: GC_CONCURRENT freed 316K, 4% free 11703K/12103K, paused 1ms+4ms
06-30 22:13:50.941   145   161 I SystemServer: Lights Service
06-30 22:13:50.941   145   161 I SystemServer: Battery Service
06-30 22:13:50.964   145   161 I SystemServer: Vibrator Service
06-30 22:13:50.972   145   161 I power   : *** set_screen_state 1
06-30 22:13:50.972   145   161 I SystemServer: Alarm Manager
06-30 22:13:50.976   145   161 D AlarmManagerService: Kernel timezone updated to 240 minutes west of GMT
06-30 22:13:50.980   145   161 I SystemServer: Init Watchdog
06-30 22:13:50.980   145   161 I SystemServer: Window Manager
06-30 22:13:50.988   145   176 I InputManager: Initializing input manager
06-30 22:13:50.996   145   177 W StatusBarManager: warning: no STATUS_BAR_SERVICE
06-30 22:13:51.011   145   176 I InputManager-JNI: Setting pointer speed to 7.
06-30 22:13:51.011   145   176 I InputManager: Starting input manager
06-30 22:13:51.015   145   176 I WindowManager: Enabled StrictMode logging for WMThread's Looper
06-30 22:13:51.015   145   161 I SystemServer: Bluetooth Service
06-30 22:13:51.019   145   177 I WindowManager: Enabled StrictMode for PolicyThread's Looper
06-30 22:13:51.023   145   182 I InputReader: Reconfiguring input devices.  changes=0x00000001
06-30 22:13:51.023   145   161 I BluetoothProfileState: Message:Entering Stable State
06-30 22:13:51.031   145   182 D EventHub: No input device configuration file found for device 'compass'.
06-30 22:13:51.031   145   161 I BluetoothProfileState: Message:Entering Stable State
06-30 22:13:51.031   145   161 I BluetoothProfileState: Message:Entering Stable State
06-30 22:13:51.039   145   182 D EventHub: No input device configuration file found for device 'cypress-touchkey'.
06-30 22:13:51.039   145   161 I SystemServer: Input Method Service
06-30 22:13:51.042   145   186 D BluetoothAdapterStateMachine: PowerOff process message: 5
06-30 22:13:51.042   145   161 W InputManagerService: Couldn't create dir.: /data/system/inputmethod
06-30 22:13:51.054   145   182 I EventHub: New device: id=2, fd=121, path='/dev/input/event5', name='cypress-touchkey', classes=0x1, configuration='', keyLayout='/system/usr/keylayout/cypress-touchkey.kl', keyCharacterMap='/system/usr/keychars/cypress-touchkey.kcm', builtinKeyboard=false
06-30 22:13:51.054   145   182 D EventHub: No input device configuration file found for device 'lightsensor-level'.
06-30 22:13:51.062   145   182 D EventHub: No input device configuration file found for device 'proximity'.
06-30 22:13:51.070   145   182 D EventHub: No input device configuration file found for device 'herring-keypad'.
06-30 22:13:51.070   145   182 I EventHub: New device: id=5, fd=124, path='/dev/input/event2', name='herring-keypad', classes=0x1, configuration='', keyLayout='/system/usr/keylayout/herring-keypad.kl', keyCharacterMap='/system/usr/keychars/herring-keypad.kcm', builtinKeyboard=false
06-30 22:13:51.070   145   182 D EventHub: No input device configuration file found for device 'gyro'.
06-30 22:13:51.078   145   182 I EventHub: New device: id=7, fd=125, path='/dev/input/event0', name='mxt224_ts_input', classes=0x14, configuration='/system/usr/idc/mxt224_ts_input.idc', keyLayout='', keyCharacterMap='', builtinKeyboard=false
06-30 22:13:51.078   145   182 I InputReader:   Touch device 'mxt224_ts_input' could not query the properties of its associated display 0.  The device will be inoperable until the display size becomes available.
06-30 22:13:51.078   145   182 I InputReader: Device added: id=7, name='mxt224_ts_input', sources=0x00001002
06-30 22:13:51.078   145   182 I InputReader: Device added: id=5, name='herring-keypad', sources=0x00000101
06-30 22:13:51.078   145   182 I InputReader: Device added: id=2, name='cypress-touchkey', sources=0x00000101
06-30 22:13:51.078   145   161 W ResourceType: Failure getting entry for 0x7f060000 (t=5 e=0) in package 0 (error -75)
06-30 22:13:51.105   145   161 I SystemServer: Accessibility Manager
06-30 22:13:51.117   145   182 I InputReader: Reconfiguring input devices.  changes=0x00000004
06-30 22:13:51.117   145   182 I InputReader: Device reconfigured: id=7, name='mxt224_ts_input', surface size is now 480x800, mode is 1
06-30 22:13:51.117    78   132 D PermissionCache: checking android.permission.ACCESS_SURFACE_FLINGER for uid=1000 => granted (346 us)
06-30 22:13:51.117   145   161 I ActivityManager: Config changed: {1.0 0mcc0mnc en_US layoutdir=0 sw320dp w320dp h508dp nrml long port ?uimode ?night finger -keyb/v/h -nav/h s.2}
06-30 22:13:51.121   145   161 I SystemServer: Device Policy
06-30 22:13:51.125   145   161 I SystemServer: Status Bar
06-30 22:13:51.125   145   161 I SystemServer: Clipboard Service
06-30 22:13:51.128   145   161 I SystemServer: NetworkManagement Service
06-30 22:13:51.144   145   161 I SystemServer: Text Service Manager Service
06-30 22:13:51.148   145   161 I SystemServer: NetworkStats Service
06-30 22:13:51.152   145   161 I SystemServer: NetworkPolicy Service
06-30 22:13:51.156   145   161 I SystemServer: Wi-Fi P2pService
06-30 22:13:51.160   145   161 I SystemServer: Wi-Fi Service
06-30 22:13:51.183    75   115 E CommandListener: Failed to open /proc/sys/net/ipv6/conf/wlan0/disable_ipv6: No such file or directory
06-30 22:13:51.183   145   161 E WifiStateMachine: Failed to disable IPv6: java.lang.IllegalStateException: Unable to communicate to native daemon for disabling ipv6
06-30 22:13:51.191   145   161 I SystemServer: Connectivity Service
06-30 22:13:51.191   145   161 D ConnectivityService: ConnectivityService starting up
06-30 22:13:51.195   145   161 E ConnectivityService: Ignoring protectedNetwork 10
06-30 22:13:51.195   145   161 E ConnectivityService: Ignoring protectedNetwork 11
06-30 22:13:51.195   145   161 E ConnectivityService: Ignoring protectedNetwork 12
06-30 22:13:51.199   145   161 D ConnectivityService: wimaxJarLocation: /vendor/lib/wimax_service.jar
06-30 22:13:51.203   145   186 I bluedroid: Starting hciattach daemon
06-30 22:13:51.203   145   186 I bluedroid: bt_enable: ret: -1, errno: 19
06-30 22:13:51.269   145   161 D dalvikvm: DexOpt: --- BEGIN 'wimax_service.jar' (bootstrap=0) ---
06-30 22:13:51.304   145   186 I bluedroid: bt_enable: ret: -1, errno: 19
06-30 22:13:51.312   145   147 D dalvikvm: GC_CONCURRENT freed 533K, 6% free 11831K/12487K, paused 2ms+6ms
06-30 22:13:51.402   145   186 I bluedroid: bt_enable: ret: -1, errno: 19
06-30 22:13:51.433   204   204 D dalvikvm: DexOpt: load 8ms, verify+opt 73ms
06-30 22:13:51.453   145   161 D dalvikvm: DexOpt: --- END 'wimax_service.jar' (success) ---
06-30 22:13:51.453   145   161 D dalvikvm: DEX prep '/vendor/lib/wimax_service.jar': unzip in 49ms, rewrite 186ms
06-30 22:13:51.457   145   161 D ConnectivityService: Starting Wimax Service... 
06-30 22:13:51.472   145   161 I dalvikvm: Could not find method android.net.InterfaceConfiguration.setLinkAddress, referenced from method android.net.fourG.wimax.WimaxStateTracker.configureInterface
06-30 22:13:51.472   145   161 W dalvikvm: VFY: unable to resolve virtual method 45: Landroid/net/InterfaceConfiguration;.setLinkAddress (Landroid/net/LinkAddress;)V
06-30 22:13:51.472   145   161 D dalvikvm: VFY: replacing opcode 0x6e at 0x0042
06-30 22:13:51.503   145   186 I bluedroid: bt_enable: ret: -1, errno: 19
06-30 22:13:51.507   145   161 E MobileDataStateTracker: default: Ignoring feature request because could not acquire PhoneService
06-30 22:13:51.507   145   161 E MobileDataStateTracker: default: Could not enable APN type "default"
06-30 22:13:51.507   145   161 D NetworkManagementService: Registering observer
06-30 22:13:51.507   145   161 D NetworkManagementService: Registering observer
06-30 22:13:51.511   145   161 I WifiService: WifiService starting up with Wi-Fi enabled
06-30 22:13:51.515   145   161 I SystemServer: Throttle Service
06-30 22:13:51.515   145   161 I SystemServer: Mount Service
06-30 22:13:51.519   145   161 D MountService: got storage path: /mnt/sdcard description: USB storage primary: true removable: false emulated: false mtpReserve: 0 allowMassStorage: true maxFileSize: 4294967296
06-30 22:13:51.523   145   161 I SystemServer: Notification Manager
06-30 22:13:51.523   145   161 I SystemServer: Device Storage Monitor
06-30 22:13:51.523   145   161 I SystemServer: Location Manager
06-30 22:13:51.527   145   161 I SystemServer: Country Detector
06-30 22:13:51.527   145   161 I SystemServer: Search Service
06-30 22:13:51.527   145   161 I SystemServer: DropBox Service
06-30 22:13:51.527   145   161 I SystemServer: Wallpaper Service
06-30 22:13:51.535   145   161 I SystemServer: Audio Service
06-30 22:13:51.550   145   212 I PackageManager: Updating external media status from unmounted to unmounted
06-30 22:13:51.550    72   100 D VoldCmdListener: volume list
06-30 22:13:51.550   145   212 D MountService: volume state changed for /mnt/sdcard (null -> unmounted)
06-30 22:13:51.562   145   161 I AudioService:   Remote Control   registerMediaButtonIntent() for PendingIntent{414dbde0: PendingIntentRecord{415af708 android broadcastIntent}}
06-30 22:13:51.578   145   161 I SystemServer: Dock Observer
06-30 22:13:51.578   145   161 I SystemServer: Wired Accessory Observer
06-30 22:13:51.578   145   161 I SystemServer: USB Service
06-30 22:13:51.585   145   161 I SystemServer: UI Mode Manager Service
06-30 22:13:51.585   145   161 I SystemServer: Backup Service
06-30 22:13:51.589   145   161 V BackupManagerService: Initializing package tracking
06-30 22:13:51.601   145   186 I bluedroid: bt_enable: ret: -1, errno: 19
06-30 22:13:51.703   145   186 I bluedroid: bt_enable: ret: -1, errno: 19
06-30 22:13:51.804   145   186 I bluedroid: bt_enable: ret: -1, errno: 19
06-30 22:13:51.902   145   186 I bluedroid: bt_enable: ret: -1, errno: 19
06-30 22:13:52.003   145   186 I bluedroid: bt_enable: ret: -1, errno: 19
06-30 22:13:52.105   145   186 I bluedroid: bt_enable: ret: -1, errno: 19
06-30 22:13:52.144   145   147 D dalvikvm: GC_CONCURRENT freed 281K, 3% free 12253K/12615K, paused 2ms+4ms
06-30 22:13:52.156   145   161 V BackupManagerService: addPackageParticipantsLocked: all
06-30 22:13:52.171   145   161 V BackupManagerService: Registering transport android/com.android.internal.backup.LocalTransport = com.android.internal.backup.LocalTransport@415f7ea0
06-30 22:13:52.175   145   161 V BackupManagerService: Starting with transport android/com.android.internal.backup.LocalTransport
06-30 22:13:52.175   145   161 V BackupManagerService: Binding to Google transport
06-30 22:13:52.179   145   161 I BackupManagerService: Backup enabled => true
06-30 22:13:52.179   145   161 I SystemServer: AppWidget Service
06-30 22:13:52.183   145   161 I SystemServer: Recognition Service
06-30 22:13:52.183   145   161 I SystemServer: DiskStats Service
06-30 22:13:52.183   145   161 I SystemServer: SamplingProfiler Service
06-30 22:13:52.187   145   161 I WindowManager: SAFE MODE not enabled
06-30 22:13:52.187   145   152 D dalvikvm: JIT started for system_server
06-30 22:13:52.187   145   161 I SystemServer: NetworkTimeUpdateService
06-30 22:13:52.203   145   161 D PowerManagerService: system ready!
06-30 22:13:52.207   145   186 I bluedroid: bt_enable: ret: -1, errno: 19
06-30 22:13:52.222   145   161 I ActivityManager: System now ready
06-30 22:13:52.222   145   161 I ActivityManager: Config changed: {0.85 0mcc0mnc en_US layoutdir=0 sw320dp w320dp h508dp nrml long port ?uimode ?night finger -keyb/v/h -nav/h s.3}
06-30 22:13:52.226   145   161 I SystemServer: Making services ready
06-30 22:13:52.230   145   161 D SystemServer: Starting service: Intent { cmp=com.android.systemui/.SystemUIService }
06-30 22:13:52.234   145   161 I Zygote  : Process: zygote socket opened
06-30 22:13:52.277   145   161 I ActivityManager: Start proc com.android.systemui for service com.android.systemui/.SystemUIService: pid=216 uid=1000 gids={1015, 3002, 3001, 3003, 3007}
06-30 22:13:52.285   145   161 D NetworkManagementService: enabling bandwidth control
06-30 22:13:52.304   145   186 I bluedroid: bt_enable: ret: -1, errno: 19
06-30 22:13:52.406   145   186 I bluedroid: bt_enable: ret: -1, errno: 19
06-30 22:13:52.488   216   216 D SystemUIService: loading: class com.android.systemui.statusbar.phone.PhoneStatusBar
06-30 22:13:52.488   216   216 D SystemUIService: running: com.android.systemui.statusbar.phone.PhoneStatusBar@4135c228
06-30 22:13:52.507   145   186 I bluedroid: bt_enable: ret: -1, errno: 19
06-30 22:13:52.539   145   147 D dalvikvm: GC_CONCURRENT freed 348K, 4% free 12681K/13191K, paused 3ms+9ms
06-30 22:13:52.546   145   177 V TransportControlView: Create TCV com.android.internal.widget.TransportControlView@415d9130
06-30 22:13:52.605   145   186 I bluedroid: bt_enable: ret: -1, errno: 19
06-30 22:13:52.675   145   177 I ActivityManager: Start proc com.google.android.gsf.login for service com.google.android.gsf.login/com.google.android.gsf.loginservice.GoogleLoginService: pid=251 uid=10009 gids={3003, 1015, 1007, 2001, 3006}
06-30 22:13:52.707   145   186 I bluedroid: bt_enable: ret: -1, errno: 19
06-30 22:13:52.804   145   186 I bluedroid: bt_enable: ret: -1, errno: 19
06-30 22:13:52.882   216   218 D dalvikvm: GC_CONCURRENT freed 107K, 3% free 9323K/9543K, paused 2ms+10ms
06-30 22:13:52.906   145   186 I bluedroid: bt_enable: ret: -1, errno: 19
06-30 22:13:52.980   145   157 I ActivityManager: Start proc com.google.process.gapps for content provider com.google.android.gsf/.gservices.GservicesProvider: pid=278 uid=10009 gids={3003, 1015, 1007, 2001, 3006}
06-30 22:13:52.984   145   161 D NetworkManagementService: Registering observer
06-30 22:13:52.988   145   145 I StatusBarManagerService: registerStatusBar bar=com.android.internal.statusbar.IStatusBar$Stub$Proxy@414ad5c0
06-30 22:13:52.988   216   216 D PhoneStatusBar: disable: < expand icons alerts ticker system_info BACK* HOME* RECENT* CLOCK* >
06-30 22:13:53.011   203   203 E brcm_patchram_plus: Done setting line discpline
06-30 22:13:53.035   216   216 D StorageNotification: Startup with UMS connection false (media state unmounted)
06-30 22:13:53.039   145   186 I bluedroid: bt_enable: ret: 0, errno: 19
06-30 22:13:53.039   145   186 I bluedroid: Starting bluetoothd deamon
06-30 22:13:53.042   145   186 E BluetoothEventLoop.cpp: get_adapter_path: D-Bus error: org.freedesktop.DBus.Error.ServiceUnknown (The name org.bluez was not provided by any .service files)
06-30 22:13:53.054   145   186 E BluetoothEventLoop.cpp: get_adapter_path: D-Bus error: org.freedesktop.DBus.Error.ServiceUnknown (The name org.bluez was not provided by any .service files)
06-30 22:13:53.058   216   302 I StorageNotification: UMS connection changed to false (media state unmounted)
06-30 22:13:53.066   145   186 E BluetoothEventLoop.cpp: get_adapter_path: D-Bus error: org.freedesktop.DBus.Error.ServiceUnknown (The name org.bluez was not provided by any .service files)
06-30 22:13:53.074   216   216 D SystemUIService: loading: class com.android.systemui.power.PowerUI
06-30 22:13:53.074   216   216 D SystemUIService: running: com.android.systemui.power.PowerUI@413b6fb8
06-30 22:13:53.078   145   186 E BluetoothEventLoop.cpp: get_adapter_path: D-Bus error: org.freedesktop.DBus.Error.ServiceUnknown (The name org.bluez was not provided by any .service files)
06-30 22:13:53.093   145   186 E BluetoothEventLoop.cpp: get_adapter_path: D-Bus error: org.freedesktop.DBus.Error.ServiceUnknown (The name org.bluez was not provided by any .service files)
06-30 22:13:53.093   145   161 D NetworkManagementService: Registering observer
06-30 22:13:53.105   145   186 E BluetoothEventLoop.cpp: get_adapter_path: D-Bus error: org.freedesktop.DBus.Error.ServiceUnknown (The name org.bluez was not provided by any .service files)
06-30 22:13:53.105   145   161 I ActivityManager: Config changed: {0.85 0mcc0mnc en_US layoutdir=0 sw320dp w320dp h508dp nrml long port finger -keyb/v/h -nav/h s.4}
06-30 22:13:53.117   145   186 E BluetoothEventLoop.cpp: get_adapter_path: D-Bus error: org.freedesktop.DBus.Error.ServiceUnknown (The name org.bluez was not provided by any .service files)
06-30 22:13:53.121    75   115 D SoftapController: Softap fwReload - Ok
06-30 22:13:53.121    75   115 D CommandListener: Setting iface cfg
06-30 22:13:53.121    75   115 D CommandListener: Trying to bring down wlan0
06-30 22:13:53.121    75   115 D CommandListener: broadcast flag ignored
06-30 22:13:53.121    75   115 D CommandListener: multicast flag ignored
06-30 22:13:53.121   145   200 D NetworkManagementService: rsp <213 00:90:4c:11:22:33 0.0.0.0 0 [down broadcast multicast]>
06-30 22:13:53.121   145   200 D NetworkManagementService: flags <[down broadcast multicast]>
06-30 22:13:53.132   145   186 E BluetoothEventLoop.cpp: get_adapter_path: D-Bus error: org.freedesktop.DBus.Error.ServiceUnknown (The name org.bluez was not provided by any .service files)
06-30 22:13:53.144   145   186 E BluetoothEventLoop.cpp: get_adapter_path: D-Bus error: org.freedesktop.DBus.Error.ServiceUnknown (The name org.bluez was not provided by any .service files)
06-30 22:13:53.156   145   186 E BluetoothEventLoop.cpp: get_adapter_path: D-Bus error: org.freedesktop.DBus.Error.ServiceUnknown (The name org.bluez was not provided by any .service files)
06-30 22:13:53.167   145   186 E BluetoothEventLoop.cpp: get_adapter_path: D-Bus error: org.freedesktop.DBus.Error.ServiceUnknown (The name org.bluez was not provided by any .service files)
06-30 22:13:53.179   145   186 E BluetoothEventLoop.cpp: get_adapter_path: D-Bus error: org.freedesktop.DBus.Error.ServiceUnknown (The name org.bluez was not provided by any .service files)
06-30 22:13:53.191   145   186 E BluetoothEventLoop.cpp: get_adapter_path: D-Bus error: org.freedesktop.DBus.Error.ServiceUnknown (The name org.bluez was not provided by any .service files)
06-30 22:13:53.203   145   186 E BluetoothEventLoop.cpp: get_adapter_path: D-Bus error: org.freedesktop.DBus.Error.ServiceUnknown (The name org.bluez was not provided by any .service files)
06-30 22:13:53.218   145   186 E BluetoothEventLoop.cpp: get_adapter_path: D-Bus error: org.freedesktop.DBus.Error.ServiceUnknown (The name org.bluez was not provided by any .service files)
06-30 22:13:53.234   145   186 E BluetoothEventLoop.cpp: get_adapter_path: D-Bus error: org.freedesktop.DBus.Error.ServiceUnknown (The name org.bluez was not provided by any .service files)
06-30 22:13:53.289   145   186 E BluetoothEventLoop.cpp: get_adapter_path: D-Bus error: org.bluez.Error.NoSuchAdapter (No such adapter)
06-30 22:13:53.289   145   186 E BluetoothEventLoop.cpp: failure setting up Event Loop!
06-30 22:13:53.355   278   278 I ActivityThread: Pub com.google.settings: com.google.android.gsf.settings.GoogleSettingsProvider
06-30 22:13:53.414   278   278 I ActivityThread: Pub subscribedfeeds: com.google.android.gsf.subscribedfeeds.SubscribedFeedsProvider
06-30 22:13:53.558   306   306 I wpa_supplicant: rfkill: Cannot open RFKILL control device
06-30 22:13:53.574   145   201 D WifiService: New client listening to asynchronous messages
06-30 22:13:53.585   145   162 I ActivityManager: Start proc android.process.media for broadcast com.android.providers.media/.UsbReceiver: pid=312 uid=10012 gids={1015, 1023, 1024, 2001, 3003, 3007}
06-30 22:13:53.589   278   278 I ActivityThread: Pub com.google.contacts.gal.provider: com.google.android.syncadapters.contacts.GalProvider
06-30 22:13:53.597   145   161 W InputManagerService: Ignoring setImeWindowStatus of uid 1000 token: null
06-30 22:13:53.664   278   278 I ActivityThread: Pub com.google.android.gsf.gservices: com.google.android.gsf.gservices.GservicesProvider
06-30 22:13:53.664   278   278 I GservicesProvider: Gservices pushing to system: true; secure: true
06-30 22:13:53.667   278   278 I ActivityThread: Pub com.google.android.providers.talk: com.google.android.gsf.talk.TalkProvider
06-30 22:13:53.667   145   161 I ActivityManager: Start proc com.klye.ime.latin for service com.klye.ime.latin/.LatinIME: pid=322 uid=10018 gids={}
06-30 22:13:53.753   145   161 D NetworkManagementService: Registering observer
06-30 22:13:53.781   145   200 E WifiConfigStore: Missing id while parsing configuration
06-30 22:13:53.832   322   322 I dalvikvm: Turning on JNI app bug workarounds for target SDK version 7...
06-30 22:13:53.851   312   312 I ActivityThread: Pub downloads: com.android.providers.downloads.DownloadProvider
06-30 22:13:53.867   145   161 I ActivityManager: Start proc com.android.phone for added application com.android.phone: pid=345 uid=1001 gids={3002, 3001, 3003, 1015}
06-30 22:13:53.882   278   279 D dalvikvm: GC_CONCURRENT freed 237K, 4% free 9175K/9543K, paused 3ms+9ms
06-30 22:13:53.886   145   336 W ThrottleService: unable to find stats for iface rmnet0
06-30 22:13:53.937   145   161 I ActivityManager: Start proc com.android.nfc for added application com.android.nfc: pid=362 uid=1027 gids={3002, 3001}
06-30 22:13:53.945   145   161 I ActivityManager: START {act=android.intent.action.MAIN cat=[android.intent.category.HOME] flg=0x10000000 cmp=com.android.launcher/com.android.launcher2.Launcher} from pid 0
06-30 22:13:53.980   145   186 E BluetoothService.cpp: setBluetoothTetheringNative true
06-30 22:13:53.984   145   350 D BluetoothEventLoop: Property Changed: Pairable : false
06-30 22:13:54.023   145   161 I ActivityManager: Start proc com.android.launcher for activity com.android.launcher/com.android.launcher2.Launcher: pid=375 uid=10026 gids={}
06-30 22:13:54.023   145   161 I SystemServer: Enabled StrictMode for system server main thread.
06-30 22:13:54.062   312   312 I ActivityThread: Pub drm: com.android.providers.drm.DrmProvider
06-30 22:13:54.062   312   385 I DownloadManager: in removeSpuriousFiles
06-30 22:13:54.062   145   333 D libsecgps: gps_get_gps_interface:
06-30 22:13:54.062   145   333 E libsecgps: gps_get_extension: gps-debug is not implemented
06-30 22:13:54.078   145   350 D BluetoothEventLoop: Property Changed: Powered : false
06-30 22:13:54.078   145   350 D BluetoothEventLoop: Property Changed: UUIDs : 6
06-30 22:13:54.078   145   350 D BluetoothEventLoop: Property Changed: UUIDs : 7
06-30 22:13:54.082   145   350 D BluetoothEventLoop: Property Changed: UUIDs : 8
06-30 22:13:54.082   145   186 D BluetoothAdapterStateMachine: WarmUp process message: 54
06-30 22:13:54.109   312   312 I ActivityThread: Pub media: com.android.providers.media.MediaProvider
06-30 22:13:54.183   306   306 I wpa_supplicant: wlan0: Trying to associate with 94:44:52:17:be:7d (SSID='raikiri' freq=2437 MHz)
06-30 22:13:54.210   145   147 D dalvikvm: GC_CONCURRENT freed 486K, 5% free 13140K/13703K, paused 13ms+6ms
06-30 22:13:54.234   312   385 I DownloadManager: in removeSpuriousFiles, preserving file /data/data/com.android.providers.downloads/cache/metadata.json
06-30 22:13:54.234   312   385 I DownloadManager: in removeSpuriousFiles, preserving file /data/data/com.android.providers.downloads/cache/en_general.htm
06-30 22:13:54.234   312   385 I DownloadManager: in removeSpuriousFiles, preserving file /mnt/sdcard/Download/img-thing.jpeg
06-30 22:13:54.234   312   385 I DownloadManager: in removeSpuriousFiles, preserving file /data/data/com.android.providers.downloads/cache/metadata-1.json
06-30 22:13:54.234   312   385 I DownloadManager: in removeSpuriousFiles, preserving file /data/data/com.android.providers.downloads/cache/downloadfile.jpeg
06-30 22:13:54.234   312   385 I DownloadManager: in removeSpuriousFiles, preserving file /data/data/com.android.providers.downloads/cache/metadata-2.json
06-30 22:13:54.234   312   385 I DownloadManager: in removeSpuriousFiles, preserving file /data/data/com.android.providers.downloads/cache/metadata-3.json
06-30 22:13:54.234   312   385 I DownloadManager: in removeSpuriousFiles, preserving file /data/data/com.android.providers.downloads/cache/downloadfile-1.apk
06-30 22:13:54.238   312   385 I DownloadManager: deleting spurious file /cache/wimax_service.dex
06-30 22:13:54.250   312   385 I DownloadManager: deleting spurious file /cache/backup
06-30 22:13:54.296   306   306 I wpa_supplicant: wlan0: Associated with 94:44:52:17:be:7d
06-30 22:13:54.328   145   350 D BluetoothEventLoop: Property Changed: UUIDs : 9
06-30 22:13:54.328   145   350 D BluetoothEventLoop: Property Changed: UUIDs : 10
06-30 22:13:54.367   145   186 D BluetoothAdapterStateMachine: WarmUp process message: 51
06-30 22:13:54.375   306   306 I wpa_supplicant: wlan0: WPA: Key negotiation completed with 94:44:52:17:be:7d [PTK=CCMP GTK=CCMP]
06-30 22:13:54.375   306   306 I wpa_supplicant: wlan0: CTRL-EVENT-CONNECTED - Connection to 94:44:52:17:be:7d completed (auth) [id=2 id_str=]
06-30 22:13:54.421   345   345 I ActivityThread: Pub telephony: com.android.providers.telephony.TelephonyProvider
06-30 22:13:54.433   362   362 I NfcService: Starting NFC service
06-30 22:13:54.468   362   362 D NFC JNI : NFC Service : loading JNI
06-30 22:13:54.523   375   375 I ActivityThread: Pub com.android.launcher2.settings: com.android.launcher2.LauncherProvider
06-30 22:13:54.542   145   348 I ActivityManager: Start proc com.android.settings for broadcast com.android.settings/.widget.SettingsAppWidgetProvider: pid=404 uid=1000 gids={1015, 3002, 3001, 3003, 3007}
06-30 22:13:54.613   345   345 W TelephonyProvider: onCreate: confFile=/system/etc/apns-conf.xml oldCheckSum=-1
06-30 22:13:54.695   362   362 I RegisteredComponentCache: ComponentInfo: ResolveInfo{4136abb8 com.android.apps.tag.TagViewer p=0 o=0 m=0x108000}, techs: android.nfc.tech.Ndef, 
06-30 22:13:54.718   345   345 I ActivityThread: Pub sms: com.android.providers.telephony.SmsProvider
06-30 22:13:54.753   345   345 I ActivityThread: Pub mms-sms: com.android.providers.telephony.MmsSmsProvider
06-30 22:13:54.753    79    79 D dalvikvm: GC_EXPLICIT freed 34K, 4% free 9031K/9347K, paused 2ms+31ms
06-30 22:13:54.761   322   322 D dalvikvm: Trying to load lib /data/data/com.klye.ime.latin/lib/libjni_ime.so 0x4133f0e0
06-30 22:13:54.761   322   322 D dalvikvm: Added shared lib /data/data/com.klye.ime.latin/lib/libjni_ime.so 0x4133f0e0
06-30 22:13:54.777   345   345 I ActivityThread: Pub icc: com.android.phone.IccProvider
06-30 22:13:54.777   345   345 I ActivityThread: Pub mms: com.android.providers.telephony.MmsProvider
06-30 22:13:54.867   362   362 I NfceeAccess: read 3 signature(s) for NFCEE access
06-30 22:13:54.886    79    79 D dalvikvm: GC_EXPLICIT freed <1K, 4% free 9031K/9347K, paused 2ms+4ms
06-30 22:13:54.898   362   367 D dalvikvm: GC_CONCURRENT freed 315K, 5% free 9169K/9607K, paused 3ms+6ms
06-30 22:13:54.937    79    79 D dalvikvm: GC_EXPLICIT freed <1K, 4% free 9031K/9347K, paused 3ms+2ms
06-30 22:13:54.945   322   322 E ActivityThread: Failed to find provider info for klye.provider.usertext
06-30 22:13:55.066   145   348 I ActivityManager: Start proc android.process.acore for content provider com.android.providers.userdictionary/.UserDictionaryProvider: pid=431 uid=10000 gids={3003, 1015}
06-30 22:13:55.089   322   328 D dalvikvm: GC_CONCURRENT freed 152K, 3% free 9274K/9543K, paused 2ms+19ms
06-30 22:13:55.121   322   322 D dalvikvm: GC_FOR_ALLOC freed 5K, 3% free 9633K/9863K, paused 12ms
06-30 22:13:55.179   375   377 D dalvikvm: GC_CONCURRENT freed 231K, 4% free 9203K/9543K, paused 2ms+35ms
06-30 22:13:55.210   431   431 I ActivityThread: Pub call_log: com.android.providers.contacts.CallLogProvider
06-30 22:13:55.292   345   347 D dalvikvm: GC_CONCURRENT freed 286K, 4% free 9225K/9607K, paused 2ms+11ms
06-30 22:13:55.296   431   431 I ActivityThread: Pub com.android.voicemail: com.android.providers.contacts.VoicemailContentProvider
06-30 22:13:55.300   431   431 I ActivityThread: Pub user_dictionary: com.android.providers.userdictionary.UserDictionaryProvider
06-30 22:13:55.308   431   431 I ActivityThread: Pub com.android.social: com.android.providers.contacts.SocialProvider
06-30 22:13:55.308   431   431 I ActivityThread: Pub applications: com.android.providers.applications.ApplicationsProvider
06-30 22:13:55.316   145   395 I ActivityManager: Start proc com.android.smspush for service com.android.smspush/.WapPushManager: pid=454 uid=10051 gids={}
06-30 22:13:55.468   431   431 I ActivityThread: Pub contacts;com.android.contacts: com.android.providers.contacts.ContactsProvider2
06-30 22:13:55.503   345   345 D CAT     : CatService: Running CAT service. STK app installed:false
06-30 22:13:55.503   345   345 D CAT     : CatService: NEW sInstance
06-30 22:13:55.523   404   404 D LocalBluetoothProfileManager: LocalBluetoothProfileManager construction complete
06-30 22:13:55.578   145   200 D DhcpInfoInternal: makeLinkProperties with empty dns2!
06-30 22:13:55.578   145   200 D DhcpInfoInternal: makeLinkProperties with empty dns2!
06-30 22:13:55.585   431   432 D dalvikvm: GC_CONCURRENT freed 347K, 5% free 9188K/9607K, paused 2ms+11ms
06-30 22:13:55.609   145   310 I ActivityManager: Start proc edu.buffalo.cse.phonelab.phonelabservices for broadcast edu.buffalo.cse.phonelab.phonelabservices/edu.buffalo.cse.phonelab.receivers.WiFiReceiver: pid=486 uid=10037 gids={3003, 1015, 1007, 2001}
06-30 22:13:55.730   216   218 D dalvikvm: GC_CONCURRENT freed 142K, 3% free 9593K/9863K, paused 2ms+16ms
06-30 22:13:55.746   362   479 D NfcService: checking on firmware download
06-30 22:13:55.746   362   479 D NfcService: NFC is on. Doing normal stuff
06-30 22:13:55.746   362   479 I NfcService: Enabling NFC
06-30 22:13:55.746   362   479 D NFC JNI : Start Initialization
06-30 22:13:55.769   145   361 D SyncManager: setSyncAutomatically: , provider subscribedfeeds -> true
06-30 22:13:55.769   145   361 D SyncManager: setSyncAutomatically: already set to true, doing nothing
06-30 22:13:55.820   486   486 I PhoneLab-WiFiReceiver: Wi-Fi is connected!
06-30 22:13:55.824   486   486 I PhoneLab-WiFiReceiver: SSID: raikiri BSSID: 94:44:52:17:be:7d RSSI: -56 LinkSpeed: 58
06-30 22:13:55.843   486   486 I PhoneLab-Locks: wake lock acquired
06-30 22:13:55.851   145   147 D dalvikvm: GC_CONCURRENT freed 761K, 7% free 13337K/14215K, paused 2ms+9ms
06-30 22:13:55.890   486   486 I PhoneLab-UploadLogs: Transfering log files now
06-30 22:13:55.890   486   486 I PhoneLab-UploadLogs: No log files to transfer
06-30 22:13:55.890   486   486 I PhoneLab-Locks: wake lock released
06-30 22:13:55.894   486   486 I PhoneLab-UploadLogs: OnStartCommand
06-30 22:13:55.910   486   486 I PhoneLab-WiFiReceiver: Wi-Fi is connected!
06-30 22:13:55.910   486   486 I PhoneLab-WiFiReceiver: SSID: raikiri BSSID: 94:44:52:17:be:7d RSSI: -56 LinkSpeed: 58
06-30 22:13:55.910   486   486 I PhoneLab-Locks: wake lock acquired
06-30 22:13:55.917   486   486 I PhoneLab-UploadLogs: Transfering log files now
06-30 22:13:55.917   486   486 I PhoneLab-UploadLogs: No log files to transfer
06-30 22:13:55.917   486   486 I PhoneLab-Locks: wake lock released
06-30 22:13:55.917   486   486 I PhoneLab-UploadLogs: OnStartCommand
06-30 22:13:55.968   345   345 D MccTable: updateMccMncConfiguration: mcc=310, mnc=120
06-30 22:13:55.968   345   345 D MccTable: locale set to en_us
06-30 22:13:55.968   345   345 D MccTable: WIFI_COUNTRY_CODE set to us
06-30 22:13:55.968   145   157 I WifiService: WifiService trying to set country code to us with persist set to true
06-30 22:13:56.058   362   479 D NFC JNI : NFC capabilities: HAL = 8150100, FW = a76d0c, HW = 620003, Model = 0, HCI = 1, Full_FW = 109, Rev = 12, FW Update Info = 0
06-30 22:13:56.187   362   479 D NFC JNI : phLibNfc_SE_GetSecureElementList()
06-30 22:13:56.187   362   479 D NFC JNI : 
06-30 22:13:56.187   362   479 D NFC JNI : > Number of Secure Element(s) : 1
06-30 22:13:56.187   362   479 D NFC JNI : phLibNfc_SE_GetSecureElementList(): SMX detected, handle=0xabcdef
06-30 22:13:56.187   362   479 D NFC JNI : phLibNfc_SE_SetMode() returned 0x000d[NFCSTATUS_PENDING]
06-30 22:13:56.207   362   479 I NFC JNI : NFC Initialized
06-30 22:13:56.214   362   479 D NdefPushServer: start, thread = null
06-30 22:13:56.214   362   479 D NdefPushServer: starting new server thread
06-30 22:13:56.226   362   510 D NdefPushServer: about create LLCP service socket
06-30 22:13:56.226   362   510 D NdefPushServer: created LLCP service socket
06-30 22:13:56.226   362   510 D NdefPushServer: about to accept
06-30 22:13:56.246   375   377 D dalvikvm: GC_CONCURRENT freed 121K, 3% free 9535K/9735K, paused 2ms+3ms
06-30 22:13:56.472   375   377 D dalvikvm: GC_CONCURRENT freed 248K, 4% free 9732K/10055K, paused 2ms+3ms
06-30 22:13:56.687   375   377 D dalvikvm: GC_CONCURRENT freed 235K, 4% free 10052K/10375K, paused 2ms+2ms
06-30 22:13:56.824   375   377 D dalvikvm: GC_CONCURRENT freed 291K, 4% free 10331K/10695K, paused 2ms+3ms
06-30 22:13:56.968   431   432 D dalvikvm: GC_CONCURRENT freed 155K, 3% free 9447K/9735K, paused 2ms+2ms
06-30 22:13:57.019   145   333 D dalvikvm: GC_EXPLICIT freed 470K, 6% free 13497K/14215K, paused 36ms+21ms
06-30 22:13:57.054   145   145 I ActivityManager: Config changed: {0.85 310mcc120mnc en_US layoutdir=0 sw320dp w320dp h508dp nrml long port finger -keyb/v/h -nav/h s.5}
06-30 22:13:57.078   362   479 D NfcService: NFC-EE OFF
06-30 22:13:57.085   278   279 D dalvikvm: GC_CONCURRENT freed 440K, 6% free 9178K/9735K, paused 1ms+2ms
06-30 22:13:57.089   362   479 D NfcService: NFC-C OFF
06-30 22:13:57.164   345   345 D CallManager: registerPhone(CDMA Handler (com.android.internal.telephony.PhoneProxy) {41388c98})
06-30 22:13:57.171   278   278 D NetworkLocationService: onCreate com.google.android.location.NetworkLocationService@41381868
06-30 22:13:57.179   145   329 I SearchManagerService: Building list of searchable activities
06-30 22:13:57.222   278   278 D NetworkLocationClient: ANDROID minProtocolVersion 1 maxProtocolVersion 1 releaseVersion -1
06-30 22:13:57.222   278   278 D NetworkLocationClient: binding to Intent { act=com.google.android.location.internal.ANDROID_NLP }
06-30 22:13:57.296   345   345 D Bluetooth HS/HF: CDMA call state: IDLE prev state:IDLE
06-30 22:13:57.394   345   347 D dalvikvm: GC_CONCURRENT freed 341K, 5% free 9371K/9799K, paused 1ms+3ms
06-30 22:13:57.394   145   157 W ActivityManager: Unable to start service Intent { act=com.android.ussd.IExtendedNetworkService }: not found
06-30 22:13:57.453   345   345 D OtaUtils: CdmaOtaConfigData constructor!
06-30 22:13:57.453   345   345 D OtaUtils: CdmaOtaInCallScreenState: constructor init to UNDEFINED
06-30 22:13:57.589   145   162 I ActivityManager: Start proc com.google.android.partnersetup for broadcast com.google.android.partnersetup/.PhoneStateReceiver: pid=537 uid=10021 gids={3003}
06-30 22:13:57.632   278   278 D NetworkLocationService: onBind com.google.android.location.NetworkLocationProvidercom.google.android.location.NetworkLocationService@41381868
06-30 22:13:57.781   537   537 I ActivityThread: Pub com.google.android.partnersetup.rlzprovider: com.google.android.partnersetup.RlzProvider
06-30 22:13:57.804   278   278 D androidInternalNlpService: onCreate com.google.android.location.internal.server.NetworkLocationService@413baf38
06-30 22:13:57.832   537   537 I ActivityThread: Pub com.google.android.partnersetup.rlzappprovider: com.google.android.partnersetup.RlzAppProvider
06-30 22:13:57.941   278   279 D dalvikvm: GC_CONCURRENT freed 390K, 5% free 9257K/9735K, paused 1ms+20ms
06-30 22:13:57.972   345   345 D Bluetooth HSHFP: Starting BluetoothHeadsetService
06-30 22:13:57.992   375   430 W Launcher.Model: LoaderTask running with no launcher (loadAllAppsByBatch)
06-30 22:13:58.003   345   345 D CAT     : CatService: SIM ready. Reporting STK service running now...
06-30 22:13:58.093   278   551 D NetworkLocationRealOs: NLPv2 file already exists; ignoring any NLPv1 files
06-30 22:13:58.097   278   278 D androidNlpServiceThread: ANDROID minProtocolVersion 1 maxProtocolVersion 1 releaseVersion -1
06-30 22:13:58.144   375   377 D dalvikvm: GC_CONCURRENT freed 445K, 5% free 10438K/10951K, paused 1ms+7ms
06-30 22:13:58.246   345   345 V SipBroadcastReceiver: start auto registration
06-30 22:13:58.414   375   377 D dalvikvm: GC_CONCURRENT freed 431K, 5% free 10538K/11079K, paused 3ms+5ms
06-30 22:13:58.464   375   375 D Launcher.Model: Reload apps on config change. curr_mcc:310 prevmcc:0
06-30 22:13:58.468   278   278 D NetworkLocationClient: onServiceConnected to ComponentInfo{com.google.android.location/com.google.android.location.internal.server.NetworkLocationService}
06-30 22:13:58.484   278   519 D androidNetworkLocationListeners: Still have listener com.google.android.location.internal.client.NetworkLocationClient$1@41384978
06-30 22:13:58.496   375   375 D libEGL  : loaded /system/lib/egl/libGLES_android.so
06-30 22:13:58.500   375   375 D libEGL  : loaded /vendor/lib/egl/libEGL_POWERVR_SGX540_120.so
06-30 22:13:58.507   375   375 D libEGL  : loaded /vendor/lib/egl/libGLESv1_CM_POWERVR_SGX540_120.so
06-30 22:13:58.507   375   375 D libEGL  : loaded /vendor/lib/egl/libGLESv2_POWERVR_SGX540_120.so
06-30 22:13:58.597   145   157 D AlarmManagerService: Kernel timezone updated to 240 minutes west of GMT
06-30 22:13:58.605   345   345 D SystemClock: Setting time of day to sec=1341108839
06-30 22:13:59.087   375   375 D OpenGLRenderer: Enabling debug mode 0
06-30 22:13:59.110   345   347 D dalvikvm: GC_CONCURRENT freed 393K, 6% free 9422K/9927K, paused 3ms+12ms
06-30 22:13:59.114   145   162 I ActivityManager: Start proc com.android.calendar for broadcast com.android.calendar/.widget.CalendarAppWidgetService$CalendarFactory: pid=562 uid=10005 gids={3003}
06-30 22:13:59.399   145   147 D dalvikvm: GC_CONCURRENT freed 811K, 7% free 13743K/14663K, paused 3ms+7ms
06-30 22:13:59.450   562   562 I ActivityThread: Pub com.android.calendar.CalendarRecentSuggestionsProvider: com.android.calendar.CalendarRecentSuggestionsProvider
06-30 22:13:59.552   278   278 D NetworkLocationService: onBind com.google.android.location.GeocodeProvidercom.google.android.location.NetworkLocationService@41381868
06-30 22:13:59.653   145   396 I ActivityManager: Start proc com.android.deskclock for broadcast com.android.deskclock/.AlarmInitReceiver: pid=578 uid=10011 gids={}
06-30 22:13:59.665   145   503 D libsecgps: gps_init
06-30 22:13:59.665   145   503 D GpsLocationProvider: set_capabilities_callback: 1
06-30 22:13:59.677    86    86 D GPSD    : send_ril_gps_request: Connecting to RIL...
06-30 22:13:59.723   375   377 D dalvikvm: GC_CONCURRENT freed 1047K, 11% free 9916K/11079K, paused 1ms+4ms
06-30 22:13:59.802   145   329 I ActivityManager: Start proc com.android.providers.calendar for content provider com.android.providers.calendar/.CalendarProvider2: pid=596 uid=10006 gids={3003, 1015}
06-30 22:13:59.845   578   578 I ActivityThread: Pub com.android.deskclock: com.android.deskclock.AlarmProvider
06-30 22:13:59.891   596   596 I ActivityThread: Pub com.android.calendar: com.android.providers.calendar.CalendarProvider2
06-30 22:13:59.927   578   609 V AlarmClock: AlarmInitReceiver finished
06-30 22:14:00.048   278   279 D dalvikvm: GC_CONCURRENT freed 242K, 4% free 9552K/9863K, paused 2ms+3ms
06-30 22:14:00.243   278   279 D dalvikvm: GC_CONCURRENT freed 155K, 3% free 9957K/10183K, paused 7ms+2ms
06-30 22:14:00.309   145   202 D ConnectivityService: ConnectivityChange for WIFI: CONNECTED/CONNECTED
06-30 22:14:00.313   145   208 E WifiWatchdogStateMachine: Connected --> WifiInfo object null!
06-30 22:14:00.317   145   202 E ConnectivityService: no dns provided for WIFI - using 8.8.8.8
06-30 22:14:00.321   145   202 E ConnectivityService: exception setting default dns interface: java.lang.IllegalStateException: Error communicating with native daemon to set dns for interface
06-30 22:14:00.411   145   161 V BackupManagerService: Connected to Google transport
06-30 22:14:00.411   145   161 V BackupManagerService: Registering transport com.google.android.backup/.BackupTransportService = com.google.android.backup.BackupTransportService$1@417a8100
06-30 22:14:00.411   216   302 I StorageNotification: UMS connection changed to false (media state unmounted)
06-30 22:14:00.602   216   216 D dalvikvm: GC_FOR_ALLOC freed 59K, 3% free 9608K/9863K, paused 94ms
06-30 22:14:00.712   216   216 D dalvikvm: GC_FOR_ALLOC freed 4K, 3% free 9956K/10247K, paused 83ms
06-30 22:14:00.735   216   216 I dalvikvm-heap: Grow heap (frag case) to 12.717MB for 3072016-byte allocation
06-30 22:14:00.790   216   235 D dalvikvm: GC_FOR_ALLOC freed 1K, 3% free 12955K/13255K, paused 43ms
06-30 22:14:00.903   216   218 D dalvikvm: GC_CONCURRENT freed 0K, 3% free 12956K/13255K, paused 2ms+5ms
06-30 22:14:01.009    78    78 I SurfaceFlinger: Boot is finished (26539 ms)
06-30 22:14:01.032   145   147 D dalvikvm: GC_CONCURRENT freed 1071K, 8% free 13900K/15047K, paused 10ms+10ms
06-30 22:14:01.079   278   279 D dalvikvm: GC_CONCURRENT freed 854K, 9% free 9566K/10503K, paused 5ms+3ms
06-30 22:14:01.130   145   396 I ActivityManager: Start proc com.android.contacts for broadcast com.android.contacts/.calllog.CallLogReceiver: pid=624 uid=10000 gids={3003, 1015}
06-30 22:14:01.181   145   197 W NetworkStats: dropping UID delta from unknown iface: iface=wlan0 uid=0 set=DEFAULT tag=0x0 rxBytes=748 rxPackets=2 txBytes=368 txPackets=6 operations=0
06-30 22:14:01.290   145   161 D PowerManagerService: bootCompleted
06-30 22:14:01.298   145   161 V DevicePolicyManagerService: Sending password expiration notifications for action android.intent.action.BOOT_COMPLETED
06-30 22:14:01.458   145   176 D dalvikvm: GC_EXPLICIT freed 403K, 9% free 13807K/15047K, paused 3ms+6ms
06-30 22:14:01.473   345   345 V OtaStartupReceiver: onReceive: intent action=android.intent.action.BOOT_COMPLETED  mOtaspMode=-1
06-30 22:14:01.473   345   345 D OtaStartupReceiver: Register our PhoneStateListener
06-30 22:14:01.477   345   345 V OtaStartupReceiver: resolvInfo = null, provisioned = true, runningSetupWizard = true
06-30 22:14:01.477   345   345 D OtaStartupReceiver: call OtaUtils.maybeDoOtaCall
06-30 22:14:01.477   345   345 D OtaUtils: phoneNeedsActivation is set to false
06-30 22:14:01.477   345   345 D OtaUtils: otaShowActivationScreen: 1
06-30 22:14:01.477   345   345 D OtaUtils: maybeDoOtaCall: voice capable; activation NOT started.
06-30 22:14:01.477   345   345 V OtaStartupReceiver: onOtaspChanged: mOtaspMode=3
06-30 22:14:01.509   278   519 D androidNetworkLocationListeners: Still have listener com.google.android.location.internal.client.NetworkLocationClient$1@41384978
06-30 22:14:01.513   345   345 I SprintMenu: Boot completed intent received
06-30 22:14:01.528   345   345 I SprintMenu: getoemdata()
06-30 22:14:01.528   145   348 I ActivityManager: Start proc com.android.sprintmenu for service com.android.sprintmenu/.HiddenPhoneService: pid=642 uid=1001 gids={3002, 3001, 3003, 1015}
06-30 22:14:01.544   345   345 D SynmlBootReceiver: SynmlBootReceiver  onReceive = Intent { act=android.intent.action.BOOT_COMPLETED flg=0x10 cmp=com.samsung.update/.SyncmlBootReceiver }
06-30 22:14:01.544   345   345 D SynmlBootReceiver: SynmlBootReceiver  onReceive action = android.intent.action.BOOT_COMPLETED
06-30 22:14:01.544   345   345 D SynmlBootReceiver: BOOT_COMPLETED 
06-30 22:14:01.544   345   345 I SynmlBootReceiver:  san_service()starting ...
06-30 22:14:01.548   345   345 D SynmlBootReceiver: onReceive  End
06-30 22:14:01.548   345   345 I SprintMenu: Inside Handlemessage
06-30 22:14:01.548   345   345 I SprintMenu: Verify response incoming!!,Get data Done
06-30 22:14:01.548   345   345 I SprintMenu: : Mode_Off
06-30 22:14:01.552   345   345 I SprintMenu: Inside Hiddenmenu handlemsg ,selectedmode = -1
06-30 22:14:01.552   345   345 I SprintMenu: Inside Hiddenmenu handlemsg, sysprop = -1
06-30 22:14:01.556   345   345 I SAN_SERVICE: onCreate
06-30 22:14:01.556   345   345 V SANService: onStart(): intent_action = com.samsung.update.SAN_SERVICE
06-30 22:14:01.556   345   345 V SANService: In on Start: started = false
06-30 22:14:01.556   345   345 V SANService: Starting thread
06-30 22:14:01.559   345   345 D SAN_SERVICE: *******************************************
06-30 22:14:01.559   345   345 D SAN_SERVICE: DM App Phone Service State - 0
06-30 22:14:01.559   345   345 D SAN_SERVICE: *******************************************
06-30 22:14:01.559   345   345 D SAN_SERVICE: *******************************************
06-30 22:14:01.559   345   345 D SAN_SERVICE: DM App Phone Call State - 0
06-30 22:14:01.559   345   345 D SAN_SERVICE: *******************************************
06-30 22:14:01.563   345   345 I SAN_SERVICE: onDestroy
06-30 22:14:01.563   345   652 V SAN_SERVICE: Background Thread has stopped san_empty false
06-30 22:14:01.583   624   639 D AccountTypeManager: Registering external account type=com.whatsapp, packageName=com.whatsapp
06-30 22:14:01.641   624   640 E DefaultVoicemailNotifier: No voicemails to notify about: clear the notification.
06-30 22:14:01.645   624   639 W ResourceType: getEntry failing because entryIndex 606 is beyond type entryCount 189
06-30 22:14:01.645   624   639 W ResourceType: Failure getting entry for 0x7f02025e (t=1 e=606) in package 0 (error -2147483647)
06-30 22:14:01.645   624   639 D AccountTypeManager: Registering external account type=com.xabber.androiddev, packageName=com.xabber.androiddev
06-30 22:14:01.700   624   639 D AccountTypeManager: Registering external account type=com.facebook.auth.login, packageName=com.facebook.katana
06-30 22:14:01.755   624   639 W ResourceType: getEntry failing because entryIndex 344 is beyond type entryCount 189
06-30 22:14:01.755   624   639 W ResourceType: Failure getting entry for 0x7f020158 (t=1 e=344) in package 0 (error -2147483647)
06-30 22:14:01.759   624   639 D AccountTypeManager: Registering 1 extension packages
06-30 22:14:01.817   624   639 E ExternalAccountType: Unsupported attribute readOnly
06-30 22:14:01.817   624   639 W ResourceType: getEntry failing because entryIndex 422 is beyond type entryCount 189
06-30 22:14:01.817   624   639 W ResourceType: Failure getting entry for 0x7f0201a6 (t=1 e=422) in package 0 (error -2147483647)
06-30 22:14:01.848   624   626 D dalvikvm: GC_CONCURRENT freed 247K, 4% free 9280K/9607K, paused 2ms+5ms
06-30 22:14:01.911   375   377 D dalvikvm: GC_CONCURRENT freed 333K, 10% free 9981K/11079K, paused 2ms+2ms
06-30 22:14:01.931   278   620 D CellLocator: Primary cell miss in cache. Need server request.
06-30 22:14:01.931   278   620 D NetworkLocator: New location significantly newer than previous. Reporting it.
06-30 22:14:01.938   278   519 D androidNetworkLocationListeners: Still have listener com.google.android.location.internal.client.NetworkLocationClient$1@41384978
06-30 22:14:01.958   624   639 D AccountTypeManager: Registering extension package account type=com.google, dataSet=plus, packageName=com.google.android.apps.plus
06-30 22:14:01.970   278   527 I System.out: [INFO:4741]: LogSource: Running flush
06-30 22:14:01.993   624   639 I AccountTypeManager: Loaded meta-data for 6 account types, 5 accounts in 529ms(wall) 45ms(cpu)
06-30 22:14:01.997   278   533 I System.out: [INFO:4767]: LogSource: Sending payload [bytes=516]
06-30 22:14:02.071   278   279 D dalvikvm: GC_CONCURRENT freed 385K, 9% free 9608K/10503K, paused 2ms+4ms
06-30 22:14:02.138   375   377 D dalvikvm: GC_CONCURRENT freed 181K, 9% free 10190K/11079K, paused 2ms+2ms
06-30 22:14:02.263   375   377 D dalvikvm: GC_CONCURRENT freed 192K, 7% free 10393K/11079K, paused 1ms+2ms
06-30 22:14:02.477   375   377 D dalvikvm: GC_CONCURRENT freed 193K, 5% free 10619K/11079K, paused 2ms+3ms
06-30 22:14:02.841   596   596 I CalendarProvider2: Sending notification intent: Intent { act=android.intent.action.PROVIDER_CHANGED dat=content://com.android.calendar }
06-30 22:14:02.845   596   596 W ContentResolver: Failed to get type for: content://com.android.calendar (Unknown URL content://com.android.calendar)
06-30 22:14:03.141   278   533 I System.out: [INFO:5911]: LogSource: Response [http=200,length=301]
06-30 22:14:03.145   278   527 I System.out: [INFO:5914]: LogSource: Read id 1, status code 200
06-30 22:14:03.223   278   620 D CellLocator: Primary cell miss in cache. Need server request.
06-30 22:14:03.243   278   620 D WifiLocator: Too many no-location APs. Will not compute a location nor go to the server. hasLocation=0 noLocation=0 cacheMiss=0
06-30 22:14:03.266   278   279 D dalvikvm: GC_CONCURRENT freed 392K, 8% free 9683K/10503K, paused 2ms+3ms
06-30 22:14:03.345   375   430 D dalvikvm: GC_FOR_ALLOC freed 119K, 3% free 10761K/11079K, paused 19ms
06-30 22:14:03.380   375   430 D dalvikvm: GC_FOR_ALLOC freed 18K, 4% free 10999K/11399K, paused 19ms
06-30 22:14:03.384   375   430 I dalvikvm-heap: Grow heap (frag case) to 11.370MB for 589840-byte allocation
06-30 22:14:03.403   375   430 D dalvikvm: GC_FOR_ALLOC freed 0K, 4% free 11576K/12039K, paused 18ms
06-30 22:14:03.657   431   432 D dalvikvm: GC_CONCURRENT freed 420K, 6% free 9441K/9991K, paused 1ms+2ms
06-30 22:14:03.841   375   377 D dalvikvm: GC_CONCURRENT freed 1237K, 11% free 11131K/12487K, paused 2ms+2ms
06-30 22:14:04.184   375   377 D dalvikvm: GC_CONCURRENT freed 343K, 9% free 11378K/12487K, paused 2ms+2ms
06-30 22:14:04.337   375   377 D dalvikvm: GC_CONCURRENT freed 708K, 9% free 11452K/12487K, paused 2ms+4ms
06-30 22:14:05.153   345   345 D SAN_SERVICE: *******************************************
06-30 22:14:05.153   345   345 D SAN_SERVICE: DM App Phone Service State - 0
06-30 22:14:05.153   345   345 D SAN_SERVICE: *******************************************
06-30 22:14:06.610    72   100 D VoldCmdListener: volume mount /mnt/sdcard
06-30 22:14:06.614    72   100 I Vold    : /dev/block/vold/179:3 being considered for volume sdcard
06-30 22:14:06.614    72   100 D Vold    : Volume sdcard state changing 1 (Idle-Unmounted) -> 3 (Checking)
06-30 22:14:06.622   145   211 D MountService: volume state changed for /mnt/sdcard (unmounted -> checking)
06-30 22:14:06.638   216   302 I StorageNotification: Media {/mnt/sdcard} state changed from {unmounted} -> {checking}
06-30 22:14:06.692    72   100 I /system/bin/fsck_msdos: ** /dev/block/vold/179:3
06-30 22:14:06.692    72   100 I /system/bin/fsck_msdos: ** Phase 1 - Read FAT (compare skipped)
06-30 22:14:06.692    72   100 I /system/bin/fsck_msdos: Attempting to allocate 13624 KB for FAT
06-30 22:14:06.833   145   211 D MountService: sendStorageIntent Intent { act=android.intent.action.MEDIA_CHECKING dat=file:///mnt/sdcard (has extras) }
06-30 22:14:06.856   145   161 V WiredAccessoryObserver: init()
06-30 22:14:06.927   145   161 W WiredAccessoryObserver: This kernel does not have wired headset support
06-30 22:14:06.927   145   161 W WiredAccessoryObserver: This kernel does not have wired headset support
06-30 22:14:07.079   145   206 D Tethering: MasterInitialState.processMessage what=3
06-30 22:14:07.126   145   696 I RecoverySystem: No recovery log file
06-30 22:14:07.255   145   310 I ActivityManager: Start proc com.android.email for broadcast com.android.email/.service.EmailBroadcastReceiver: pid=704 uid=10013 gids={3003, 1015}
06-30 22:14:07.513   578   609 V AlarmClock: AlarmInitReceiver finished
06-30 22:14:07.528   704   704 I ActivityThread: Pub com.android.email.provider;com.android.email.notifier: com.android.email.provider.EmailProvider
06-30 22:14:07.556   704   704 I ActivityThread: Pub com.android.email.attachmentprovider: com.android.email.provider.AttachmentProvider
06-30 22:14:07.735   145   361 I ActivityManager: Start proc com.android.exchange for service com.android.exchange/.ExchangeService: pid=734 uid=10014 gids={3003, 1015}
06-30 22:14:07.802   145   202 D ConnectivityService: ConnectivityChange for WIMAX: DISCONNECTED/SCANNING
06-30 22:14:07.802   145   202 D ConnectivityService: Attempting to switch to mobile
06-30 22:14:07.802   145   202 D ConnectivityService: Attempting to switch to WIFI
06-30 22:14:07.802   145   202 D ConnectivityService: Attempting to switch to BLUETOOTH_TETHER
06-30 22:14:07.915    79    79 D dalvikvm: GC_EXPLICIT freed 36K, 4% free 9031K/9347K, paused 3ms+17ms
06-30 22:14:07.954   734   734 I ActivityThread: Pub com.android.exchange.directory.provider: com.android.exchange.provider.ExchangeDirectoryProvider
06-30 22:14:08.024    79    79 D dalvikvm: GC_EXPLICIT freed <1K, 4% free 9031K/9347K, paused 4ms+13ms
06-30 22:14:08.098    79    79 D dalvikvm: GC_EXPLICIT freed <1K, 4% free 9031K/9347K, paused 4ms+6ms
06-30 22:14:08.145   145   361 I ActivityManager: Start proc com.google.android.apps.genie.geniewidget for broadcast com.google.android.apps.genie.geniewidget/.miniwidget.MiniWidgetProvider: pid=754 uid=10017 gids={3003, 1015}
06-30 22:14:08.149   734   734 D ExchangeService: !!! EAS ExchangeService, onStartCommand, startingUp = false, running = false
06-30 22:14:08.188   754   754 I dalvikvm: Turning on JNI app bug workarounds for target SDK version 11...
06-30 22:14:08.290   754   754 I ActivityThread: Pub com.google.android.apps.genie.geniewidget.weather: com.google.android.apps.genie.geniewidget.providers.WeatherProvider
06-30 22:14:08.298   754   754 I ActivityThread: Pub com.google.android.apps.genie.geniewidget.newsimage: com.google.android.apps.genie.geniewidget.providers.NewsImageProvider
06-30 22:14:08.321   734   750 D Eas Debug: Logging: 
06-30 22:14:08.360   216   216 D PhoneStatusBar: disable: < expand icons alerts ticker system_info BACK HOME recent* CLOCK >
06-30 22:14:08.391   345   345 D SAN_SERVICE: *******************************************
06-30 22:14:08.391   345   345 D SAN_SERVICE: DM App Phone Service State - 0
06-30 22:14:08.391   345   345 D SAN_SERVICE: *******************************************
06-30 22:14:08.407   345   345 D SAN_SERVICE: *******************************************
06-30 22:14:08.407   345   345 D SAN_SERVICE: DM App Phone Service State - 0
06-30 22:14:08.407   345   345 D SAN_SERVICE: *******************************************
06-30 22:14:08.427   145   176 I ActivityManager: Displayed com.android.launcher/com.android.launcher2.Launcher: +14s30ms
06-30 22:14:08.434   216   216 D PhoneStatusBar: disable: < expand icons alerts ticker system_info back* home* recent clock* >
06-30 22:14:08.520   145   147 D dalvikvm: GC_CONCURRENT freed 1159K, 9% free 13870K/15111K, paused 4ms+6ms
06-30 22:14:08.602   145   329 D dalvikvm: GC_EXPLICIT freed 54K, 9% free 13818K/15111K, paused 3ms+6ms
06-30 22:14:08.739   754   756 D dalvikvm: GC_CONCURRENT freed 353K, 5% free 9182K/9607K, paused 2ms+4ms
06-30 22:14:08.751   754   764 W CursorWrapperInner: Cursor finalized without prior close()
06-30 22:14:08.763   754   754 W Genie   : Cache file not found: java.io.FileNotFoundException: /data/data/com.google.android.apps.genie.geniewidget/cache/genie_iconcache: open failed: ENOENT (No such file or directory)
06-30 22:14:08.763   754   764 W CursorWrapperInner: Cursor finalized without prior close()
06-30 22:14:08.786   362   772 D NfcService: NFC-C ON
06-30 22:14:08.837   754   756 D dalvikvm: GC_CONCURRENT freed 332K, 5% free 9338K/9799K, paused 4ms+3ms
06-30 22:14:09.001   734   761 D ExchangeService: Received deviceId from Email app: androidc160480999
06-30 22:14:09.001   734   761 D ExchangeService: Reconciling accounts...
06-30 22:14:09.016   734   734 D ExchangeService: !!! EAS ExchangeService, onStartCommand, startingUp = true, running = false
06-30 22:14:09.032   734   751 D Eas Debug: Logging: 
06-30 22:14:09.091   145   503 D GpsLocationProvider: NTP server returned: 1341108849310 (Sat Jun 30 22:14:09 EDT 2012) reference: 39516 certainty: 40 system time offset: 216
06-30 22:14:09.204   537   539 D dalvikvm: GC_CONCURRENT freed 358K, 6% free 9115K/9607K, paused 2ms+5ms
06-30 22:14:09.243   145   152 I dalvikvm: Jit: resizing JitTable from 4096 to 8192
06-30 22:14:09.364   145   310 D dalvikvm: GC_FOR_ALLOC freed 463K, 9% free 13902K/15111K, paused 67ms
06-30 22:14:09.446   537   537 I RlzPingService: Setting next ping for 1341713649446
06-30 22:14:09.821   145   157 I ActivityManager: Start proc com.android.mms for broadcast com.android.mms/.transaction.MmsSystemEventReceiver: pid=807 uid=10031 gids={3003, 1015}
06-30 22:14:09.880   278   805 I SystemUpdateService: checking for post-install intent
06-30 22:14:09.880   278   805 I SystemUpdateService: cancelUpdate (empty URL)
06-30 22:14:09.934   807   807 I ActivityThread: Pub mms_temp_file: com.android.mms.TempFileProvider
06-30 22:14:09.934   807   807 I ActivityThread: Pub com.android.mms.SuggestionsProvider: com.android.mms.SuggestionsProvider
06-30 22:14:09.958   312   314 D dalvikvm: GC_CONCURRENT freed 211K, 4% free 9200K/9543K, paused 3ms+7ms
06-30 22:14:09.989   807   807 V MmsConfig: mnc/mcc: 310120
06-30 22:14:09.989   145   361 D CountryDetector: The first listener is added
06-30 22:14:09.993   807   807 V MmsConfig: tag: bool value: enabledMMS - true
06-30 22:14:09.993   807   807 V MmsConfig: tag: int value: maxMessageSize - 307200
06-30 22:14:09.993   807   807 V MmsConfig: tag: int value: maxImageHeight - 480
06-30 22:14:09.993   807   807 V MmsConfig: tag: int value: maxImageWidth - 640
06-30 22:14:09.993   807   807 V MmsConfig: tag: int value: defaultSMSMessagesPerThread - 500
06-30 22:14:09.993   807   807 V MmsConfig: tag: int value: defaultMMSMessagesPerThread - 50
06-30 22:14:09.993   807   807 V MmsConfig: tag: int value: minMessageCountPerThread - 10
06-30 22:14:09.993   807   807 V MmsConfig: tag: int value: maxMessageCountPerThread - 5000
06-30 22:14:09.993   807   807 V MmsConfig: tag: string value: uaProfUrl - http://www.google.com/oha/rdf/ua-profile-kila.xml
06-30 22:14:09.993   807   807 V MmsConfig: tag: int value: recipientLimit - -1
06-30 22:14:09.993   807   807 V MmsConfig: tag: int value: smsToMmsTextThreshold - 4
06-30 22:14:09.993   807   807 V MmsConfig: tag: bool value: enableMultipartSMS - true
06-30 22:14:09.993   807   807 V MmsConfig: tag: bool value: enableSlideDuration - true
06-30 22:14:09.993   807   807 V MmsConfig: tag: int value: maxMessageTextSize - -1
06-30 22:14:10.110   345   359 D MmsSmsDatabaseHelper: [MmsSmsDb] tableName: threads hasAutoIncrement: CREATE TABLE threads (_id INTEGER PRIMARY KEY AUTOINCREMENT,date INTEGER DEFAULT 0,message_count INTEGER DEFAULT 0,recipient_ids TEXT,snippet TEXT,snippet_cs INTEGER DEFAULT 0,read INTEGER DEFAULT 1,type INTEGER DEFAULT 0,error INTEGER DEFAULT 0,has_attachment INTEGER DEFAULT 0) result: true
06-30 22:14:10.110   345   359 D MmsSmsDatabaseHelper: [MmsSmsDb] tableName: canonical_addresses hasAutoIncrement: CREATE TABLE canonical_addresses (_id INTEGER PRIMARY KEY AUTOINCREMENT,address TEXT) result: true
06-30 22:14:10.110   345   359 D MmsSmsDatabaseHelper: [getWritableDatabase] hasAutoIncrementThreads: true hasAutoIncrementAddresses: true
06-30 22:14:10.263   145   310 D dalvikvm: GC_FOR_ALLOC freed 950K, 13% free 13287K/15239K, paused 67ms
06-30 22:14:10.309   145   365 W ActivityManager: Permission Denial: receiving Intent { act=android.intent.action.BOOT_COMPLETED flg=0x10 } to com.android.musicfx requires android.permission.RECEIVE_BOOT_COMPLETED due to sender null (uid 1000)
06-30 22:14:10.341   145   162 I ActivityManager: Start proc com.google.android.onetimeinitializer for broadcast com.google.android.onetimeinitializer/.OneTimeInitializerReceiver: pid=830 uid=10034 gids={}
06-30 22:14:10.384   830   830 V OneTimeInitializerReceiver: OneTimeInitializerReceiver.onReceive
06-30 22:14:10.391   486   486 I PhoneLab-OnBootReceiver: Device is booted!
06-30 22:14:10.395   486   486 I PhoneLab-OnBootReceiver: Rescheduling periodic checking...
06-30 22:14:10.423   830   844 V OneTimeService: OneTimeService.onHandleIntent
06-30 22:14:10.442   145   156 I ActivityManager: Start proc com.google.android.talk for broadcast com.google.android.talk/.videochat.BootCompleteReceiver: pid=846 uid=10045 gids={3003, 1015, 1006, 3002}
06-30 22:14:10.587   846   846 I ActivityThread: Pub com.google.android.talk.SuggestionProvider: com.google.android.talk.SuggestionsProvider
06-30 22:14:10.606   145   145 I ActivityManager: START {flg=0x10000000 cmp=com.google.android.gsf/.update.SystemUpdateInstallDialog} from pid 278
06-30 22:14:10.696   278   279 D dalvikvm: GC_CONCURRENT freed 412K, 7% free 9781K/10503K, paused 3ms+7ms
06-30 22:14:10.708    78    78 D PermissionCache: checking android.permission.READ_FRAME_BUFFER for uid=1000 => granted (3507 us)
06-30 22:14:10.794   846   846 D vclib:CallStateClient: startListening
06-30 22:14:10.817   145   206 D Tethering: MasterInitialState.processMessage what=3
06-30 22:14:10.821   145   206 D Tethering: MasterInitialState.processMessage what=3
06-30 22:14:10.833   846   846 I talk    : Refresh the supported camera state
06-30 22:14:10.880   145   145 I ActivityManager: Start proc com.android.voicedialer for broadcast com.android.voicedialer/.VoiceDialerReceiver: pid=864 uid=10049 gids={3002}
06-30 22:14:10.899   278   279 D dalvikvm: GC_CONCURRENT freed 394K, 7% free 9851K/10503K, paused 1ms+3ms
06-30 22:14:10.942   145   157 I ActivityManager: START {flg=0x10000000 cmp=com.google.android.gsf/.update.SystemUpdateDownloadDialog} from pid 278
06-30 22:14:10.989   846   848 D dalvikvm: GC_CONCURRENT freed 188K, 3% free 9345K/9607K, paused 2ms+4ms
06-30 22:14:11.083   846   881 I talk    : supported front camera true
06-30 22:14:11.114   145   156 I ActivityManager: Start proc com.google.android.apps.googlevoice for broadcast com.google.android.apps.googlevoice/.BootUpReceiver: pid=886 uid=10054 gids={3003, 1015}
06-30 22:14:11.290   278   878 I GTalkService/c: [AndroidEndpoint@1094893888] connect: acct=1000000, state=CONNECTING
06-30 22:14:11.419   145   161 I Process : Sending signal. PID: 278 SIG: 3
06-30 22:14:11.419   278   281 I dalvikvm: threadid=3: reacting to signal 3
06-30 22:14:11.524   278   281 I dalvikvm: Wrote stack traces to '/data/anr/traces.txt'
06-30 22:14:11.532   145   161 W ActivityManager: Activity pause timeout for ActivityRecord{41765c48 com.google.android.gsf/.update.SystemUpdateInstallDialog}
06-30 22:14:11.536   145   161 I Process : Sending signal. PID: 278 SIG: 3
06-30 22:14:11.536   278   281 I dalvikvm: threadid=3: reacting to signal 3
06-30 22:14:11.544   278   281 I dalvikvm: Wrote stack traces to '/data/anr/traces.txt'
06-30 22:14:11.575   278   278 V SystemUpdateService: onPostExecute: false
06-30 22:14:11.595   145   396 I ActivityManager: Start proc com.whatsapp for broadcast com.whatsapp/.BootReceiver: pid=901 uid=10068 gids={1015, 3003}
06-30 22:14:11.626   901   901 I dalvikvm: Turning on JNI app bug workarounds for target SDK version 7...
06-30 22:14:11.661   886   889 D dalvikvm: GC_CONCURRENT freed 243K, 4% free 9291K/9607K, paused 2ms+3ms
06-30 22:14:11.688   145   396 W InputManagerService: Window already focused, ignoring focus gain of: com.android.internal.view.IInputMethodClient$Stub$Proxy@41661a00
06-30 22:14:11.774   345   345 D SAN_SERVICE: *******************************************
06-30 22:14:11.774   345   345 D SAN_SERVICE: DM App Phone Service State - 0
06-30 22:14:11.774   345   345 D SAN_SERVICE: *******************************************
06-30 22:14:11.923   145   147 D dalvikvm: GC_CONCURRENT freed 1058K, 14% free 13217K/15239K, paused 3ms+10ms
06-30 22:14:12.005   345   345 D SAN_SERVICE: *******************************************
06-30 22:14:12.005   345   345 D SAN_SERVICE: DM App Phone Service State - 0
06-30 22:14:12.005   345   345 D SAN_SERVICE: *******************************************
06-30 22:14:12.306   278   279 D dalvikvm: GC_CONCURRENT freed 390K, 7% free 9846K/10503K, paused 53ms+4ms
06-30 22:14:12.391    72   100 I /system/bin/fsck_msdos: ** Phase 2 - Check Cluster Chains
06-30 22:14:12.720   345   345 D SAN_SERVICE: *******************************************
06-30 22:14:12.720   345   345 D SAN_SERVICE: DM App Phone Service State - 0
06-30 22:14:12.720   345   345 D SAN_SERVICE: *******************************************
06-30 22:14:12.806   807   809 D dalvikvm: GC_CONCURRENT freed 325K, 5% free 9144K/9543K, paused 1ms+1ms
06-30 22:14:12.833    72   100 I /system/bin/fsck_msdos: ** Phase 3 - Checking Directories
06-30 22:14:13.419   901   902 D dalvikvm: GC_CONCURRENT freed 176K, 3% free 9360K/9607K, paused 1ms+2ms
06-30 22:14:13.626   145   202 D ConnectivityService: handleInetConditionHoldEnd: net=1, condition=0, published condition=0
06-30 22:14:13.774   901   901 I WhatsApp: I: [1]App.java:262 media/unavailable checking
06-30 22:14:14.138   901   902 D dalvikvm: GC_CONCURRENT freed 309K, 5% free 9586K/9991K, paused 3ms+5ms
06-30 22:14:14.141   251   254 D dalvikvm: GC_CONCURRENT freed 266K, 5% free 9147K/9543K, paused 52ms+2ms
06-30 22:14:14.419   886   886 E GoogleVoice: BackedUpCircularLog: Failed to close checkin logs file. open failed: EACCES (Permission denied)
06-30 22:14:14.419   886   886 E GoogleVoice: BackedUpCircularLog: Failed to close checkin logs file. open failed: EACCES (Permission denied)
06-30 22:14:14.423   886   886 E GoogleVoice: BackedUpCircularLog: Failed to close checkin logs file. open failed: EACCES (Permission denied)
06-30 22:14:14.462   886   919 I System.out: [INFO:694]: LogSource: Running flush
06-30 22:14:14.513   345   345 D SAN_SERVICE: *******************************************
06-30 22:14:14.513   345   345 D SAN_SERVICE: DM App Phone Service State - 0
06-30 22:14:14.513   345   345 D SAN_SERVICE: *******************************************
06-30 22:14:14.540   345   347 D dalvikvm: GC_CONCURRENT freed 370K, 5% free 9498K/9991K, paused 16ms+3ms
06-30 22:14:14.618   886   922 I System.out: [INFO:852]: LogSource: Sending payload [bytes=530]
06-30 22:14:14.681   704   705 D dalvikvm: GC_CONCURRENT freed 264K, 4% free 9207K/9543K, paused 2ms+7ms
06-30 22:14:14.716   734   734 D ExchangeService: !!! EAS ExchangeService, onStartCommand, startingUp = true, running = false
06-30 22:14:14.727   345   345 D SAN_SERVICE: *******************************************
06-30 22:14:14.727   345   345 D SAN_SERVICE: DM App Phone Service State - 0
06-30 22:14:14.727   345   345 D SAN_SERVICE: *******************************************
06-30 22:14:14.747   886   889 D dalvikvm: GC_CONCURRENT freed 378K, 5% free 9385K/9863K, paused 2ms+11ms
06-30 22:14:14.751   886   895 W CursorWrapperInner: Cursor finalized without prior close()
06-30 22:14:14.751   886   895 W CursorWrapperInner: Cursor finalized without prior close()
06-30 22:14:14.751   886   895 W CursorWrapperInner: Cursor finalized without prior close()
06-30 22:14:14.782   145   329 I ActivityManager: No longer want com.android.settings (pid 404): hidden #16
06-30 22:14:14.852   145   361 D dalvikvm: GC_EXPLICIT freed 429K, 14% free 13214K/15239K, paused 2ms+5ms
06-30 22:14:14.860   345   345 D SAN_SERVICE: *******************************************
06-30 22:14:14.860   345   345 D SAN_SERVICE: DM App Phone Service State - 0
06-30 22:14:14.860   345   345 D SAN_SERVICE: *******************************************
06-30 22:14:14.907   901   901 I dalvikvm: Could not find method android.media.MediaMetadataRetriever.captureFrame, referenced from method com.whatsapp.q3.a
06-30 22:14:14.907   901   901 W dalvikvm: VFY: unable to resolve virtual method 501: Landroid/media/MediaMetadataRetriever;.captureFrame ()Landroid/graphics/Bitmap;
06-30 22:14:14.907   901   901 D dalvikvm: VFY: replacing opcode 0x6e at 0x0134
06-30 22:14:15.138   901   902 D dalvikvm: GC_CONCURRENT freed 286K, 4% free 9780K/10183K, paused 2ms+3ms
06-30 22:14:15.407   145   202 D ConnectivityService: ConnectivityChange for mobile: CONNECTED/CONNECTED
06-30 22:14:15.466   901   902 D dalvikvm: GC_CONCURRENT freed 282K, 4% free 9963K/10375K, paused 73ms+3ms
06-30 22:14:15.481   145   197 W NetworkStats: dropping UID delta from unknown iface: iface=rmnet0 uid=10009 set=DEFAULT tag=0x0 rxBytes=0 rxPackets=0 txBytes=104 txPackets=2 operations=0
06-30 22:14:15.485   145   197 W NetworkStats: dropping UID delta from unknown iface: iface=rmnet0 uid=10054 set=DEFAULT tag=0x0 rxBytes=0 rxPackets=0 txBytes=174 txPackets=1 operations=0
06-30 22:14:15.583   145   202 D ConnectivityService: ConnectivityChange for mobile: DISCONNECTED/DISCONNECTED
06-30 22:14:15.583   145   202 D ConnectivityService: Attempting to switch to WIFI
06-30 22:14:15.587   145   202 D NetUtils: android_net_utils_resetConnections in env=0x9a76d8 clazz=0x3ad00001 iface=rmnet0 mask=0x3
06-30 22:14:15.587   145   202 D ConnectivityService: Attempting to switch to WIMAX
06-30 22:14:15.587   145   202 D ConnectivityService: Attempting to switch to BLUETOOTH_TETHER
06-30 22:14:15.587   145   202 D ConnectivityService: resetConnections(rmnet0, 3)
06-30 22:14:15.630   941   941 D dalvikvm: Late-enabling CheckJNI
06-30 22:14:15.638   145   361 I ActivityManager: Start proc com.xabber.androiddev for broadcast com.xabber.androiddev/com.xabber.android.receiver.BootReceiver: pid=941 uid=10063 gids={3003, 1015}
06-30 22:14:15.696   145   197 W NetworkStats: dropping UID delta from unknown iface: iface=rmnet0 uid=10009 set=DEFAULT tag=0x0 rxBytes=0 rxPackets=0 txBytes=64 txPackets=1 operations=0
06-30 22:14:15.696   145   197 W NetworkStats: dropping UID delta from unknown iface: iface=rmnet0 uid=10054 set=DEFAULT tag=0x0 rxBytes=0 rxPackets=0 txBytes=174 txPackets=1 operations=0
06-30 22:14:15.712   941   941 I dalvikvm: Turning on JNI app bug workarounds for target SDK version 9...
06-30 22:14:15.907   145   156 I ActivityManager: No longer want com.android.calendar (pid 562): hidden #16
06-30 22:14:15.958   145   329 I ActivityManager: No longer want com.android.contacts (pid 624): hidden #16
06-30 22:14:16.348   941   944 D dalvikvm: GC_CONCURRENT freed 213K, 3% free 9323K/9607K, paused 1ms+36ms
06-30 22:14:16.376   941   941 D dalvikvm: GC_FOR_ALLOC freed 308K, 6% free 9427K/9927K, paused 14ms
06-30 22:14:16.505   941   944 D dalvikvm: GC_CONCURRENT freed 192K, 3% free 9774K/10055K, paused 2ms+3ms
06-30 22:14:16.630   941   944 D dalvikvm: GC_CONCURRENT freed 340K, 4% free 9964K/10375K, paused 1ms+2ms
06-30 22:14:16.700   941   941 I com.xabber.android.service.XMPPService@4136ff68: onCreate
06-30 22:14:16.716   941   941 I com.xabber.android.data.Application@4136f0c8: onStart
06-30 22:14:16.716   145   348 I ActivityManager: Start proc hr.podlanica for broadcast hr.podlanica/.MyRebootReceiver: pid=958 uid=10066 gids={3003}
06-30 22:14:16.735   145   395 D AlarmManagerService: Kernel timezone updated to 240 minutes west of GMT
06-30 22:14:16.739   958   958 I dalvikvm: Turning on JNI app bug workarounds for target SDK version 9...
06-30 22:14:16.770   941   965 I com.xabber.android.data.LogManager@41371d28: onLoad
06-30 22:14:16.973   145   145 W ActivityManager: Permission Denial: receiving Intent { act=android.intent.action.BOOT_COMPLETED flg=0x10 } to com.google.android.youtube requires android.permission.RECEIVE_BOOT_COMPLETED due to sender null (uid 1000)
06-30 22:14:16.981   145   145 I ActivityManager: No longer want com.android.providers.calendar (pid 596): hidden #16
06-30 22:14:16.985   145   162 W ActivityManager: Permission Denial: receiving Intent { act=android.intent.action.BOOT_COMPLETED flg=0x10 } to com.google.android.youtube requires android.permission.RECEIVE_BOOT_COMPLETED due to sender null (uid 1000)
06-30 22:14:17.024   145   162 I ActivityManager: Start proc com.google.android.apps.maps:FriendService for broadcast com.google.android.apps.maps/com.google.googlenav.friend.android.ServiceReceiver: pid=974 uid=10056 gids={3003, 1015}
06-30 22:14:17.141   974   976 D dalvikvm: GC_CONCURRENT freed 175K, 3% free 9360K/9607K, paused 2ms+3ms
06-30 22:14:17.145   145   202 D ConnectivityService: handleInetConditionHoldEnd: net=1, condition=100, published condition=0
06-30 22:14:17.325   941   944 D dalvikvm: GC_CONCURRENT freed 254K, 4% free 10117K/10503K, paused 3ms+3ms
06-30 22:14:17.333    72   100 I /system/bin/fsck_msdos: ** Phase 4 - Checking for Lost Files
06-30 22:14:17.579   974   976 D dalvikvm: GC_CONCURRENT freed 194K, 3% free 9658K/9927K, paused 2ms+3ms
06-30 22:14:17.579    72   100 I /system/bin/fsck_msdos: Next free cluster in FSInfo block (343395) not free
06-30 22:14:17.583    72   100 I /system/bin/fsck_msdos: FIXED
06-30 22:14:17.583    72   100 I /system/bin/fsck_msdos: 4304 files, 963464 free (2338018 clusters)
06-30 22:14:17.653   278   293 D dalvikvm: GC_EXPLICIT freed 307K, 6% free 9916K/10503K, paused 2ms+3ms
06-30 22:14:17.677   145   156 I ActivityManager: Start proc com.google.android.apps.maps:NetworkLocationService for service com.google.android.apps.maps/com.google.android.location.internal.server.NetworkLocationService: pid=987 uid=10056 gids={3003, 1015}
06-30 22:14:17.712    79    79 D dalvikvm: GC_EXPLICIT freed 37K, 4% free 9031K/9347K, paused 5ms+3ms
06-30 22:14:17.739    79    79 D dalvikvm: GC_EXPLICIT freed <1K, 4% free 9031K/9347K, paused 2ms+4ms
06-30 22:14:17.766    79    79 D dalvikvm: GC_EXPLICIT freed <1K, 4% free 9031K/9347K, paused 2ms+2ms
06-30 22:14:17.778   145   395 I ActivityManager: Start proc com.google.android.maps.mytracks for broadcast com.google.android.maps.mytracks/com.google.android.apps.mytracks.BootReceiver: pid=1000 uid=10072 gids={3003, 3002, 3001, 1015}
06-30 22:14:17.782   145   395 I ActivityManager: No longer want com.android.deskclock (pid 578): hidden #16
06-30 22:14:17.813  1000  1000 I dalvikvm: Turning on JNI app bug workarounds for target SDK version 7...
06-30 22:14:17.876  1000  1000 I ActivityThread: Pub com.google.android.maps.mytracks.search: com.google.android.apps.mytracks.content.SearchEngineProvider
06-30 22:14:17.880  1000  1000 I ActivityThread: Pub com.google.android.maps.mytracks: com.google.android.apps.mytracks.content.MyTracksProvider
06-30 22:14:17.899  1000  1000 D MyTracks: BootReceiver.onReceive: android.intent.action.BOOT_COMPLETED
06-30 22:14:17.946   145   361 I ActivityManager: Start proc com.google.android.apps.unveil for broadcast com.google.android.apps.unveil/.service.LaunchReceiver: pid=1013 uid=10074 gids={1006, 3003, 1015}
06-30 22:14:17.954  1000  1000 D MyTracks: TrackRecordingService.onCreate
06-30 22:14:17.966   987   989 D dalvikvm: GC_CONCURRENT freed 178K, 3% free 9358K/9607K, paused 2ms+11ms
06-30 22:14:17.989  1013  1013 I dalvikvm: Turning on JNI app bug workarounds for target SDK version 8...
06-30 22:14:18.001  1000  1000 D MyTracks: TrackRecordingService: minRecordingDistance = 5
06-30 22:14:18.001  1000  1000 D MyTracks: setTaskFrequency: taskFrequency = 0
06-30 22:14:18.001  1000  1000 D MyTracks: setTaskFrequency: taskFrequency = 0
06-30 22:14:18.001  1000  1000 D MyTracks: Preparing to register location listener w/ TrackRecordingService...
06-30 22:14:18.032   886   922 I System.out: [INFO:4265]: LogSource: Response [http=200,length=22]
06-30 22:14:18.048   886   919 I System.out: [INFO:4280]: LogSource: Read id 1, status code 200
06-30 22:14:18.052   886   919 E GoogleVoice: BackedUpCircularLog: Failed to close checkin logs file. open failed: EACCES (Permission denied)
06-30 22:14:18.056   886   886 E GoogleVoice: BackedUpCircularLog: Failed to close checkin logs file. open failed: EACCES (Permission denied)
06-30 22:14:18.063  1000  1000 D MyTracks: ...location listener now registered w/ TrackRecordingService @ 0
06-30 22:14:18.091  1000  1000 D MyTracks: TrackRecordingService.handleStartCommand: 1
06-30 22:14:18.091  1000  1000 D MyTracks: TrackRecordingService: requested resume
06-30 22:14:18.091  1000  1000 I MyTracks: TrackRecordingService: Not resuming, because the previous track (null) doesn't exist or is too old
06-30 22:14:18.095  1000  1000 D MyTracks: TrackRecordingService.onDestroy
06-30 22:14:18.126  1000  1000 D MyTracks: Location listener now unregistered w/ TrackRecordingService.
06-30 22:14:18.126  1000  1000 D MyTracks: TrackRecordingService.shutdownExecuters
06-30 22:14:18.216   886   886 E GoogleVoice: BackedUpCircularLog: Failed to close checkin logs file. open failed: EACCES (Permission denied)
06-30 22:14:18.216   886   886 E GoogleVoice: BackedUpCircularLog: Failed to close checkin logs file. open failed: EACCES (Permission denied)
06-30 22:14:18.223  1013  1013 I ActivityThread: Pub com.google.android.apps.unveil: com.google.android.apps.unveil.env.UnveilContentProvider
06-30 22:14:18.223  1013  1013 I ActivityThread: Pub com.google.android.apps.unveil.history.SuggestionProvider: com.google.android.apps.unveil.history.SuggestionProvider
06-30 22:14:18.278  1013  1013 I goggles : BaseApplication: Frontend URL: http://www.google.com
06-30 22:14:18.309  1013  1016 D dalvikvm: GC_CONCURRENT freed 277K, 4% free 9258K/9607K, paused 3ms+13ms
06-30 22:14:18.434   145   156 I ActivityManager: No longer want com.google.android.apps.genie.geniewidget (pid 754): hidden #16
06-30 22:14:18.567   145   310 I ActivityManager: Start proc com.google.android.gm for broadcast com.google.android.gm/.GoogleMailDeviceStartupReceiver: pid=1035 uid=10075 gids={3003, 1015}
06-30 22:14:18.567   145   310 I ActivityManager: No longer want com.android.exchange (pid 734): hidden #16
06-30 22:14:18.614   145   206 D Tethering: MasterInitialState.processMessage what=3
06-30 22:14:18.657   216   218 D dalvikvm: GC_CONCURRENT freed 4129K, 30% free 10090K/14343K, paused 3ms+16ms
06-30 22:14:18.696   145   206 D Tethering: MasterInitialState.processMessage what=3
06-30 22:14:18.755  1035  1035 I ActivityThread: Pub gmail-ls: com.google.android.gm.provider.MailProvider
06-30 22:14:18.817  1035  1035 I ActivityThread: Pub com.google.android.gm: com.google.android.gm.provider.PublicContentProvider
06-30 22:14:18.825  1035  1035 I ActivityThread: Pub com.google.android.gmail.SuggestionProvider: com.google.android.gm.SuggestionsProvider
06-30 22:14:18.860   145   147 D dalvikvm: GC_CONCURRENT freed 869K, 13% free 13277K/15239K, paused 3ms+5ms
06-30 22:14:18.981   987   989 D dalvikvm: GC_CONCURRENT freed 191K, 3% free 9710K/9991K, paused 12ms+6ms
06-30 22:14:18.985   145   396 W ActivityManager: Permission Denial: receiving Intent { act=android.intent.action.BOOT_COMPLETED flg=0x10 } to com.koushikdutta.rommanager requires android.permission.RECEIVE_BOOT_COMPLETED due to sender null (uid 1000)
06-30 22:14:19.005   145   162 I ActivityManager: Start proc com.android.settings for broadcast com.android.settings/.widget.SettingsAppWidgetProvider: pid=1056 uid=1000 gids={1015, 3002, 3001, 3003, 3007}
06-30 22:14:19.087  1056  1056 D LocalBluetoothProfileManager: LocalBluetoothProfileManager construction complete
06-30 22:14:19.102   145   329 I ActivityManager: Start proc com.google.android.apps.maps for broadcast com.google.android.apps.maps/com.google.android.location.internal.NlpNetworkProviderSettingsUpdateReceiver: pid=1070 uid=10056 gids={3003, 1015}
06-30 22:14:19.106   145   329 I ActivityManager: No longer want com.android.email (pid 704): hidden #16
06-30 22:14:19.227  1070  1072 D dalvikvm: GC_CONCURRENT freed 159K, 3% free 9376K/9607K, paused 2ms+2ms
06-30 22:14:19.274   145   202 D ConnectivityService: handleInetConditionHoldEnd: net=1, condition=100, published condition=100
06-30 22:14:19.333  1070  1070 I ActivityThread: Pub com.google.android.maps.SearchHistoryProvider: com.google.googlenav.provider.SearchHistoryProvider
06-30 22:14:19.337  1070  1070 I ActivityThread: Pub com.google.android.maps.SuggestionProvider: com.google.googlenav.suggest.android.SuggestContentProvider
06-30 22:14:19.348  1070  1070 I ActivityThread: Pub com.google.android.maps.LayerInfoProvider: com.google.googlenav.layer.LayerInfoProvider
06-30 22:14:19.360  1070  1070 I ActivityThread: Pub com.google.android.maps.TrafficAppWidgetProvider: com.google.googlenav.appwidget.traffic.TrafficAppWidgetProvider
06-30 22:14:19.360  1070  1070 I ActivityThread: Pub com.google.android.maps.LocalActivePlacesProvider: com.google.googlenav.provider.LocalActivePlacesProvider
06-30 22:14:19.360  1070  1070 I ActivityThread: Pub com.google.android.maps.StarredItemProvider: com.google.googlenav.provider.StarredItemProvider
06-30 22:14:19.427  1070  1072 D dalvikvm: GC_CONCURRENT freed 191K, 3% free 9715K/9991K, paused 2ms+3ms
06-30 22:14:19.520  1070  1070 I ActivityThread: Pub com.google.android.maps.LocalSuggestionProvider: com.google.googlenav.provider.LocalSuggestionProvider
06-30 22:14:19.520    72   100 I Vold    : Filesystem check completed OK
06-30 22:14:19.524  1070  1070 I ActivityThread: Pub com.google.android.maps.NavigationAvailabilityProvider: com.google.googlenav.provider.NavigationAvailabilityProvider
06-30 22:14:19.532    72   100 I Vold    : Device /dev/block/vold/179:3, target /mnt/sdcard mounted @ /mnt/secure/staging
06-30 22:14:19.532    72   100 D Vold    : Volume sdcard state changing 3 (Checking) -> 4 (Mounted)
06-30 22:14:19.536   145   211 I PackageManager: Updating external media status from unmounted to mounted
06-30 22:14:19.536   145   211 D MountService: volume state changed for /mnt/sdcard (checking -> mounted)
06-30 22:14:19.536   145   396 I ActivityManager: No longer want com.google.android.partnersetup (pid 537): hidden #16
06-30 22:14:19.567   216   302 I StorageNotification: Media {/mnt/sdcard} state changed from {checking} -> {mounted}
06-30 22:14:19.567   145   211 D MountService: sendStorageIntent Intent { act=android.intent.action.MEDIA_MOUNTED dat=file:///mnt/sdcard (has extras) }
06-30 22:14:19.614  1035  1037 D dalvikvm: GC_CONCURRENT freed 204K, 4% free 9277K/9607K, paused 2ms+5ms
06-30 22:14:19.649   216   218 D dalvikvm: GC_CONCURRENT freed 722K, 32% free 9846K/14343K, paused 2ms+2ms
06-30 22:14:19.704   145   396 I ActivityManager: Start proc com.android.settings.wimax for broadcast com.android.settings.wimax/.widget.WimaxWidgetProvider: pid=1089 uid=10052 gids={}
06-30 22:14:19.716   216   218 D dalvikvm: GC_CONCURRENT freed 495K, 32% free 9795K/14343K, paused 2ms+5ms
06-30 22:14:19.841   216   218 D dalvikvm: GC_CONCURRENT freed 507K, 33% free 9674K/14343K, paused 2ms+3ms
06-30 22:14:19.860   145   157 I ActivityManager: Start proc com.android.calendar for broadcast com.android.calendar/.widget.CalendarAppWidgetProvider: pid=1102 uid=10005 gids={3003}
06-30 22:14:19.860   145   157 I ActivityManager: No longer want com.android.mms (pid 807): hidden #16
06-30 22:14:19.899  1102  1102 I ActivityThread: Pub com.android.calendar.CalendarRecentSuggestionsProvider: com.android.calendar.CalendarRecentSuggestionsProvider
06-30 22:14:19.923   145   157 D CountryDetector: No listener is left
06-30 22:14:19.977   145   365 I ActivityManager: Start proc com.google.android.apps.uploader for broadcast com.google.android.apps.uploader/.ConnectivityBroadcastReceiver: pid=1121 uid=10030 gids={3003}
06-30 22:14:20.001  1121  1121 I dalvikvm: Turning on JNI app bug workarounds for target SDK version 11...
06-30 22:14:20.020   145   165 I PackageManager: No secure containers on sdcard
06-30 22:14:20.020   145   310 I ActivityManager: Start proc com.android.providers.calendar for content provider com.android.providers.calendar/.CalendarProvider2: pid=1133 uid=10006 gids={3003, 1015}
06-30 22:14:20.020    72   100 D VoldCmdListener: asec list
06-30 22:14:20.106   145   165 W PackageManager: Unknown permission com.dsi.ant.permission.ANT in package com.google.android.maps.mytracks
06-30 22:14:20.106   145   165 W PackageManager: Unknown permission com.dsi.ant.permission.ANT_ADMIN in package com.google.android.maps.mytracks
06-30 22:14:20.106   145   165 W PackageManager: Unknown permission com.google.android.googleapps.permission.GOOGLE_AUTH.fusiontables in package com.google.android.maps.mytracks
06-30 22:14:20.188   145   165 W PackageManager: Unknown permission android.permission.ADD_SYSTEM_SERVICE in package com.android.phone
06-30 22:14:20.196   987   989 D dalvikvm: GC_CONCURRENT freed 156K, 3% free 10079K/10311K, paused 2ms+3ms
06-30 22:14:20.313   145   165 W PackageManager: Unknown permission com.android.vending.billing.IBillingAccountService.BIND2 in package com.google.android.gsf.login
06-30 22:14:20.313   145   165 W PackageManager: Not granting permission android.permission.SEND_DOWNLOAD_COMPLETED_INTENTS to package com.android.browser (protectionLevel=2 flags=0x9be45)
06-30 22:14:20.317   145   165 W PackageManager: Unknown permission android.permission.READ_OWNER_DATA in package com.google.android.setupwizard
06-30 22:14:20.317   145   165 W PackageManager: Unknown permission android.permission.WRITE_OWNER_DATA in package com.google.android.setupwizard
06-30 22:14:20.321   145   165 W PackageManager: Unknown permission android.permission.WRITE_CDMA_CARRIER_SETTINGS in package com.android.sprintmenu
06-30 22:14:20.321   145   165 W PackageManager: Unknown permission android.permission.CHANGE_DUN_STATE in package com.android.sprintmenu
06-30 22:14:20.321   145   165 W PackageManager: Unknown permission android.permission.READ_EXTERNAL_STORAGE in package com.android.videoeditor
06-30 22:14:20.423   987   989 D dalvikvm: GC_CONCURRENT freed 653K, 8% free 9886K/10631K, paused 2ms+2ms
06-30 22:14:20.493   145   165 W PackageManager: Unknown permission com.android.providers.im.permission.READ_ONLY in package com.google.android.apps.maps
06-30 22:14:20.505   145   165 W PackageManager: Not granting permission android.permission.ACCOUNT_MANAGER to package com.google.android.apps.docs (protectionLevel=2 flags=0x8be44)
06-30 22:14:20.509   145   165 W PackageManager: Unknown permission android.permission.WRITE_SYNC_STATS in package com.google.android.apps.docs
06-30 22:14:20.509   145   165 W PackageManager: Not granting permission com.google.android.googleapps.permission.GOOGLE_AUTH.ALL_SERVICES to package com.google.android.apps.docs (protectionLevel=2 flags=0x8be44)
06-30 22:14:20.513   145   165 W PackageManager: Not granting permission android.permission.ACCESS_CHECKIN_PROPERTIES to package com.google.android.apps.googlevoice (protectionLevel=3 flags=0x8be44)
06-30 22:14:20.513   145   165 W PackageManager: Unknown permission com.google.android.apps.googlevoice.REMOTE_INTENT in package com.google.android.apps.googlevoice
06-30 22:14:20.516   145   165 W PackageManager: Unknown permission com.google.android.permission.RECEIVE_DATA_MESSAGE in package com.google.android.apps.googlevoice
06-30 22:14:20.516   145   165 W PackageManager: Unknown permission com.google.android.permission.SEND_DATA_MESSAGE in package com.google.android.apps.googlevoice
06-30 22:14:20.516   145   165 W PackageManager: Unknown permission com.android.providers.voicemail.permission.READ_WRITE_ALL_VOICEMAIL in package com.google.android.apps.googlevoice
06-30 22:14:20.516   145   165 W PackageManager: Unknown permission com.android.providers.voicemail.permission.READ_WRITE_OWN_VOICEMAIL in package com.google.android.apps.googlevoice
06-30 22:14:20.516   145   165 W PackageManager: Unknown permission com.android.vending.permission.UPDATE_MARKET_FAILURE in package com.android.vending.updater
06-30 22:14:20.528   145   165 W PackageManager: Not granting permission android.permission.WRITE_SECURE_SETTINGS to package com.whatsapp (protectionLevel=3 flags=0xbe44)
06-30 22:14:20.532   145   165 W PackageManager: Unknown permission android.permission.READ_EXTERNAL_STORAGE in package com.android.vending
06-30 22:14:20.536   145   165 W PackageManager: Not granting permission com.google.android.voicesearch.AUDIO_FILE_ACCESS to package com.google.android.gm (protectionLevel=2 flags=0x9be64)
06-30 22:14:20.540   145   165 W PackageManager: Unknown permission com.sprint.internal.permission.CONNECTIONMANAGER in package com.samsung.update
06-30 22:14:20.540   145   165 W PackageManager: Unknown permission com.sprint.internal.permission.SYSTEMPROPERTIES in package com.samsung.update
06-30 22:14:20.540   145   165 W PackageManager: Unknown permission com.sprint.internal.permission.SYSTEMPROPERTIES_WRITE in package com.samsung.update
06-30 22:14:20.540   145   165 W PackageManager: Not granting permission android.permission.DEVICE_POWER to package com.android.deskclock (protectionLevel=2 flags=0x8be45)
06-30 22:14:20.544   145   165 W PackageManager: Unknown permission android.permission.FLAG_RECEIVER_REGISTERED_ONLY_BEFORE_BOOT in package com.samsung.wimax
06-30 22:14:20.630  1035  1147 I Gmail   : calculateUnknownSyncRationalesAndPurgeInBackground: queueing
06-30 22:14:20.653  1035  1037 D dalvikvm: GC_CONCURRENT freed 277K, 5% free 9390K/9799K, paused 2ms+3ms
06-30 22:14:20.688  1035  1147 I Gmail   : calculateUnknownSyncRationalesAndPurgeInBackground: queueing
06-30 22:14:21.313  1035  1147 I Gmail   : calculateUnknownSyncRationalesAndPurgeInBackground: running
06-30 22:14:21.317  1035  1147 I Gmail   : calculateUnknownSyncRationalesAndPurgeInBackground: running
06-30 22:14:21.348   145   156 I ActivityManager: No longer want com.google.android.onetimeinitializer (pid 830): hidden #16
06-30 22:14:21.388  1133  1133 I ActivityThread: Pub com.android.calendar: com.android.providers.calendar.CalendarProvider2
06-30 22:14:21.407  1121  1121 I ActivityThread: Pub com.google.android.apps.uploader: com.google.android.apps.uploader.UploadsContentProvider
06-30 22:14:21.411  1121  1121 I ActivityThread: Pub com.google.photos.provider.Album: com.google.android.apps.uploader.clients.picasa.AlbumProvider
06-30 22:14:21.419  1121  1121 D MediaUploader: UploaderApplication.onCreate
06-30 22:14:21.454  1121  1121 D MediaUploader: nonWifiLimit=20971520, default=20971520
06-30 22:14:21.462  1121  1121 I MediaUploader: No need to wake up
06-30 22:14:21.489   145   396 I ActivityManager: Start proc com.facebook.katana for broadcast com.facebook.katana/.util.logging.MobileEventLogger$NetworkUpdateReceiver: pid=1155 uid=10071 gids={3003, 1006, 1015}
06-30 22:14:21.489   145   396 I ActivityManager: No longer want com.google.android.talk (pid 846): hidden #16
06-30 22:14:21.544  1155  1155 I dalvikvm: Turning on JNI app bug workarounds for target SDK version 7...
06-30 22:14:21.661  1155  1157 D dalvikvm: GC_CONCURRENT freed 170K, 3% free 9365K/9607K, paused 1ms+2ms
06-30 22:14:21.755  1155  1157 D dalvikvm: GC_CONCURRENT freed 130K, 3% free 9663K/9927K, paused 2ms+2ms
06-30 22:14:21.821  1035  1055 I Gmail   : Sending notification intent: Intent { act=android.intent.action.PROVIDER_CHANGED dat=content://gmail-ls/unread/^i (has extras) }
06-30 22:14:21.837  1035  1055 I Gmail   : Sending notification intent: Intent { act=android.intent.action.PROVIDER_CHANGED dat=content://gmail-ls/unread/^iim (has extras) }
06-30 22:14:21.848   145   310 I ActivityManager: No longer want com.android.voicedialer (pid 864): hidden #16
06-30 22:14:21.884  1155  1155 I ActivityThread: Pub com.facebook.katana.provider.LoggingProvider: com.facebook.katana.provider.LoggingProvider
06-30 22:14:21.899  1155  1155 I ActivityThread: Pub com.facebook.katana.provider.KeyValueProvider: com.facebook.katana.provider.KeyValueProvider
06-30 22:14:21.899  1155  1155 I ActivityThread: Pub com.facebook.katana.provider.CacheProvider: com.facebook.katana.provider.CacheProvider
06-30 22:14:21.899  1155  1155 I ActivityThread: Pub com.facebook.katana.provider.MailboxProvider: com.facebook.katana.provider.MailboxProvider
06-30 22:14:21.911  1155  1155 I ActivityThread: Pub com.facebook.katana.provider.UserStatusesProvider: com.facebook.katana.provider.UserStatusesProvider
06-30 22:14:21.911  1155  1155 I ActivityThread: Pub com.facebook.katana.provider.EventsProvider: com.facebook.katana.provider.EventsProvider
06-30 22:14:21.911  1155  1155 I ActivityThread: Pub com.facebook.katana.provider.NotificationsProvider: com.facebook.katana.provider.NotificationsProvider
06-30 22:14:21.915  1155  1155 I ActivityThread: Pub com.facebook.katana.provider.UserValuesProvider: com.facebook.katana.provider.UserValuesProvider
06-30 22:14:21.915  1155  1155 I ActivityThread: Pub com.facebook.katana.provider.PagesProvider: com.facebook.katana.provider.PagesProvider
06-30 22:14:21.915  1155  1155 I ActivityThread: Pub com.facebook.katana.provider.MobileEventLogProvider: com.facebook.katana.provider.MobileEventLogProvider
06-30 22:14:21.915  1155  1155 I ActivityThread: Pub com.facebook.katana.provider.PushNotificationsProvider: com.facebook.katana.provider.PushNotificationsProvider
06-30 22:14:21.915  1155  1155 I ActivityThread: Pub com.facebook.katana.provider.PhotosProvider: com.facebook.katana.provider.PhotosProvider
06-30 22:14:21.915  1155  1155 I ActivityThread: Pub com.facebook.katana.provider.ConnectionsProvider: com.facebook.katana.provider.ConnectionsProvider
06-30 22:14:21.931  1155  1155 I ActivityThread: Pub com.facebook.orca.notify.FbandroidMessagesForegroundProvider: com.facebook.orca.notify.FbandroidMessagesForegroundProvider
06-30 22:14:21.970  1155  1155 D ACRA    : Retrieve application default SharedPreferences.
06-30 22:14:21.970  1155  1155 D ACRA    : Set OnSharedPreferenceChangeListener.
06-30 22:14:21.973   987   994 I dalvikvm: Total arena pages for JIT: 11
06-30 22:14:21.973   987   994 I dalvikvm: Total arena pages for JIT: 12
06-30 22:14:21.977  1155  1155 D ACRA    : ACRA is enabled for com.facebook.katana, intializing...
06-30 22:14:21.989  1155  1155 D ACRA    : Looking for error files in /data/data/com.facebook.katana/app_acra-reports
06-30 22:14:21.997   987   994 I dalvikvm: Total arena pages for JIT: 13
06-30 22:14:21.997   987   994 I dalvikvm: Total arena pages for JIT: 14
06-30 22:14:21.997   987   994 I dalvikvm: Total arena pages for JIT: 15
06-30 22:14:21.997   987   994 I dalvikvm: Total arena pages for JIT: 16
06-30 22:14:21.997   987   994 I dalvikvm: Total arena pages for JIT: 17
06-30 22:14:22.059  1155  1155 W nalizableReferenceQueue: Could not load Finalizer in its own class loader.Loading Finalizer in the current class loader instead. As a result, you will not be ableto garbage collect this class loader. To support reclaiming this class loader, eitherresolve the underlying issue, or move Google Collections to your system class path.
06-30 22:14:22.059  1155  1155 W nalizableReferenceQueue: java.io.FileNotFoundException: com/google/common/base/internal/Finalizer.class
06-30 22:14:22.059  1155  1155 W nalizableReferenceQueue: 	at com.google.common.base.FinalizableReferenceQueue$DecoupledLoader.getBaseUrl(FinalizableReferenceQueue.java:243)
06-30 22:14:22.059  1155  1155 W nalizableReferenceQueue: 	at com.google.common.base.FinalizableReferenceQueue$DecoupledLoader.loadFinalizer(FinalizableReferenceQueue.java:227)
06-30 22:14:22.059  1155  1155 W nalizableReferenceQueue: 	at com.google.common.base.FinalizableReferenceQueue.loadFinalizer(FinalizableReferenceQueue.java:155)
06-30 22:14:22.059  1155  1155 W nalizableReferenceQueue: 	at com.google.common.base.FinalizableReferenceQueue.<clinit>(FinalizableReferenceQueue.java:84)
06-30 22:14:22.059  1155  1155 W nalizableReferenceQueue: 	at com.google.common.collect.CustomConcurrentHashMap$QueueHolder.<clinit>(CustomConcurrentHashMap.java:650)
06-30 22:14:22.059  1155  1155 W nalizableReferenceQueue: 	at com.google.common.collect.CustomConcurrentHashMap$WeakEntry.<init>(CustomConcurrentHashMap.java:1342)
06-30 22:14:22.059  1155  1155 W nalizableReferenceQueue: 	at com.google.common.collect.CustomConcurrentHashMap$EntryFactory$9.newEntry(CustomConcurrentHashMap.java:453)
06-30 22:14:22.059  1155  1155 W nalizableReferenceQueue: 	at com.google.common.collect.CustomConcurrentHashMap.a(CustomConcurrentHashMap.java:1715)
06-30 22:14:22.059  1155  1155 W nalizableReferenceQueue: 	at com.google.common.collect.ComputingConcurrentHashMap$ComputingSegment.a(ComputingConcurrentHashMap.java:123)
06-30 22:14:22.059  1155  1155 W nalizableReferenceQueue: 	at com.google.common.collect.ComputingConcurrentHashMap.apply(ComputingConcurrentHashMap.java:71)
06-30 22:14:22.059  1155  1155 W nalizableReferenceQueue: 	at com.google.common.collect.MapMaker$ComputingMapAdapter.get(MapMaker.java:848)
06-30 22:14:22.059  1155  1155 W nalizableReferenceQueue: 	at com.google.inject.internal.Annotations$AnnotationChecker.a(Annotations.java:94)
06-30 22:14:22.059  1155  1155 W nalizableReferenceQueue: 	at com.google.inject.internal.Annotations.c(Annotations.java:112)
06-30 22:14:22.059  1155  1155 W nalizableReferenceQueue: 	at com.google.inject.Key.d(Key.java:369)
06-30 22:14:22.059  1155  1155 W nalizableReferenceQueue: 	at com.google.inject.Key.b(Key.java:356)
06-30 22:14:22.059  1155  1155 W nalizableReferenceQueue: 	at com.google.inject.Key.a(Key.java:267)
06-30 22:14:22.059  1155  1155 W nalizableReferenceQueue: 	at com.facebook.orca.inject.binder.AnnotatedBindingBuilderImpl.a(AnnotatedBindingBuilderImpl.java:22)
06-30 22:14:22.059  1155  1155 W nalizableReferenceQueue: 	at com.facebook.orca.app.FbBaseModule.a(FbBaseModule.java:74)
06-30 22:14:22.059  1155  1155 W nalizableReferenceQueue: 	at com.facebook.orca.inject.AbstractModule.a(AbstractModule.java:19)
06-30 22:14:22.059  1155  1155 W nalizableReferenceQueue: 	at com.facebook.orca.inject.FbInjectorImpl.a(FbInjectorImpl.java:61)
06-30 22:14:22.059  1155  1155 W nalizableReferenceQueue: 	at com.facebook.orca.inject.FbInjectorImpl.<init>(FbInjectorImpl.java:41)
06-30 22:14:22.059  1155  1155 W nalizableReferenceQueue: 	at com.facebook.orca.inject.FbInjector.a(FbInjector.java:40)
06-30 22:14:22.059  1155  1155 W nalizableReferenceQueue: 	at com.facebook.katana.FacebookApplication.onCreate(FacebookApplication.java:86)
06-30 22:14:22.059  1155  1155 W nalizableReferenceQueue: 	at android.app.Instrumentation.callApplicationOnCreate(Instrumentation.java:969)
06-30 22:14:22.059  1155  1155 W nalizableReferenceQueue: 	at android.app.ActivityThread.handleBindApplication(ActivityThread.java:3954)
06-30 22:14:22.059  1155  1155 W nalizableReferenceQueue: 	at android.app.ActivityThread.access$1300(ActivityThread.java:123)
06-30 22:14:22.059  1155  1155 W nalizableReferenceQueue: 	at android.app.ActivityThread$H.handleMessage(ActivityThread.java:1185)
06-30 22:14:22.059  1155  1155 W nalizableReferenceQueue: 	at android.os.Handler.dispatchMessage(Handler.java:99)
06-30 22:14:22.059  1155  1155 W nalizableReferenceQueue: 	at android.os.Looper.loop(Looper.java:137)
06-30 22:14:22.059  1155  1155 W nalizableReferenceQueue: 	at android.app.ActivityThread.main(ActivityThread.java:4424)
06-30 22:14:22.059  1155  1155 W nalizableReferenceQueue: 	at java.lang.reflect.Method.invokeNative(Native Method)
06-30 22:14:22.059  1155  1155 W nalizableReferenceQueue: 	at java.lang.reflect.Method.invoke(Method.java:511)
06-30 22:14:22.059  1155  1155 W nalizableReferenceQueue: 	at com.android.internal.os.ZygoteInit$MethodAndArgsCaller.run(ZygoteInit.java:784)
06-30 22:14:22.059  1155  1155 W nalizableReferenceQueue: 	at com.android.internal.os.ZygoteInit.main(ZygoteInit.java:551)
06-30 22:14:22.059  1155  1155 W nalizableReferenceQueue: 	at dalvik.system.NativeStart.main(Native Method)
06-30 22:14:22.059  1155  1155 I Finalizer: Couldn't access Thread.inheritableThreadLocals. Reference finalizer threads will inherit thread local values.
06-30 22:14:22.079  1155  1157 D dalvikvm: GC_CONCURRENT freed 340K, 5% free 9833K/10247K, paused 2ms+2ms
06-30 22:14:22.220  1155  1157 D dalvikvm: GC_CONCURRENT freed 389K, 5% free 9979K/10439K, paused 2ms+3ms
06-30 22:14:22.352   987   994 I dalvikvm: Total arena pages for JIT: 18
06-30 22:14:22.368   987   989 D dalvikvm: GC_CONCURRENT freed 204K, 6% free 10095K/10631K, paused 5ms+4ms
06-30 22:14:22.563   145   361 D dalvikvm: GC_EXPLICIT freed 735K, 13% free 13330K/15239K, paused 13ms+8ms
06-30 22:14:22.567  1155  1157 D dalvikvm: GC_CONCURRENT freed 386K, 5% free 10109K/10567K, paused 2ms+8ms
06-30 22:14:22.813  1155  1172 W Resources: Converting to string: TypedValue{t=0x10/d=0xffffffff a=-1}
06-30 22:14:22.970  1155  1157 D dalvikvm: GC_CONCURRENT freed 329K, 4% free 10295K/10695K, paused 3ms+2ms
06-30 22:14:23.192   145   157 I ActivityManager: Start proc com.google.android.youtube for broadcast com.google.android.youtube/.app.prefetch.PrefetchService$DeviceStateReceiver: pid=1186 uid=10057 gids={3003, 1015, 1006}
06-30 22:14:23.243    79    79 D dalvikvm: GC_EXPLICIT freed 37K, 4% free 9031K/9347K, paused 3ms+12ms
06-30 22:14:23.290    79    79 D dalvikvm: GC_EXPLICIT freed <1K, 4% free 9031K/9347K, paused 5ms+4ms
06-30 22:14:23.333    79    79 D dalvikvm: GC_EXPLICIT freed <1K, 4% free 9031K/9347K, paused 4ms+4ms
06-30 22:14:23.380  1133  1133 I CalendarProvider2: Sending notification intent: Intent { act=android.intent.action.PROVIDER_CHANGED dat=content://com.android.calendar }
06-30 22:14:23.380  1133  1133 W ContentResolver: Failed to get type for: content://com.android.calendar (Unknown URL content://com.android.calendar)
06-30 22:14:23.395  1186  1189 D dalvikvm: GC_CONCURRENT freed 175K, 3% free 9360K/9607K, paused 2ms+2ms
06-30 22:14:23.462  1186  1186 I ActivityThread: Pub com.google.android.youtube.SuggestionProvider: com.google.android.youtube.core.suggest.SuggestionProvider
06-30 22:14:23.755  1186  1189 D dalvikvm: GC_CONCURRENT freed 366K, 5% free 9553K/9991K, paused 2ms+4ms
06-30 22:14:23.759  1186  1196 W CursorWrapperInner: Cursor finalized without prior close()
06-30 22:14:23.763  1186  1196 W CursorWrapperInner: Cursor finalized without prior close()
06-30 22:14:23.856  1186  1213 D dalvikvm: GC_FOR_ALLOC freed 368K, 5% free 9744K/10183K, paused 20ms
06-30 22:14:23.942  1155  1157 D dalvikvm: GC_CONCURRENT freed 332K, 5% free 10421K/10887K, paused 2ms+4ms
06-30 22:14:23.973  1186  1189 D dalvikvm: GC_CONCURRENT freed 197K, 3% free 10106K/10375K, paused 2ms+6ms
06-30 22:14:24.071  1186  1189 D dalvikvm: GC_CONCURRENT freed 534K, 6% free 10090K/10695K, paused 2ms+3ms
06-30 22:14:24.188  1186  1189 D dalvikvm: GC_CONCURRENT freed 388K, 5% free 10214K/10695K, paused 2ms+2ms
06-30 22:14:24.259   145   156 I ActivityManager: Start proc com.google.android.apps.docs for broadcast com.google.android.apps.docs/.receivers.NetworkChangeReceiver: pid=1230 uid=10077 gids={3003, 1015, 1006}
06-30 22:14:24.450  1230  1230 I PackageInfoHelper: Provided clientMode=RELEASE, packageInfo=PackageInfo{4137b6e8 com.google.android.apps.docs}
06-30 22:14:24.450  1230  1230 I ActivityThread: Pub com.google.android.apps.docs.files: com.google.android.apps.docs.sync.filemanager.FileProvider
06-30 22:14:24.450  1230  1230 I ActivityThread: Pub com.google.android.apps.docs.doclist.search_suggest: com.google.android.apps.docs.doclist.DocListGlobalSearchSuggestionProvider
06-30 22:14:24.595  1230  1232 D dalvikvm: GC_CONCURRENT freed 220K, 4% free 9315K/9607K, paused 2ms+3ms
06-30 22:14:24.692  1230  1232 D dalvikvm: GC_CONCURRENT freed 467K, 6% free 9387K/9927K, paused 2ms+2ms
06-30 22:14:24.778  1230  1232 D dalvikvm: GC_CONCURRENT freed 494K, 6% free 9422K/9991K, paused 2ms+2ms
06-30 22:14:24.872  1230  1232 D dalvikvm: GC_CONCURRENT freed 540K, 7% free 9439K/10055K, paused 2ms+3ms
06-30 22:14:24.950  1230  1232 D dalvikvm: GC_CONCURRENT freed 485K, 6% free 9465K/10055K, paused 2ms+3ms
06-30 22:14:25.040  1230  1232 D dalvikvm: GC_CONCURRENT freed 472K, 6% free 9505K/10055K, paused 2ms+2ms
06-30 22:14:25.188  1230  1232 D dalvikvm: GC_CONCURRENT freed 378K, 5% free 9637K/10119K, paused 2ms+2ms
06-30 22:14:25.294  1230  1230 D ContextScopeImpl: in ContextScope.getContextOrDefault for thread=1
06-30 22:14:25.294  1230  1230 D ContextScopeImpl: returning application context for thread=1
06-30 22:14:25.313  1230  1232 D dalvikvm: GC_CONCURRENT freed 390K, 5% free 9761K/10247K, paused 2ms+4ms
06-30 22:14:25.313  1230  1230 I FeatureCheckerImpl: Configured disabled features: []
06-30 22:14:25.313  1230  1230 D ContextScopeImpl: in ContextScope.getContextOrDefault for thread=1
06-30 22:14:25.313  1230  1230 D ContextScopeImpl: returning application context for thread=1
06-30 22:14:25.313  1230  1230 D ContextScopeImpl: in ContextScope.enter for thread=1
06-30 22:14:25.313  1230  1230 W ContextScopeImpl: thread=1 tried to enter the scope of the application context. Ignored.
06-30 22:14:25.313  1230  1230 D ContextScopeImpl: in ContextScope.getContextOrDefault for thread=1
06-30 22:14:25.313  1230  1230 D ContextScopeImpl: returning application context for thread=1
06-30 22:14:25.325  1230  1230 D DocListDatabase: openHelper points on new database: DocList.db
06-30 22:14:25.325  1230  1230 D DocListDatabase: in openWriteDatabase
06-30 22:14:25.337  1230  1230 I ActivityThread: Pub com.google.android.apps.docs.doclist.account_suggest: com.google.android.apps.docs.doclist.DocListAccountSuggestionProvider
06-30 22:14:25.337  1230  1230 D ContextScopeImpl: in ContextScope.enter for thread=1
06-30 22:14:25.337  1230  1230 W ContextScopeImpl: thread=1 tried to enter the scope of the application context. Ignored.
06-30 22:14:25.337  1230  1230 I ActivityThread: Pub com.google.android.apps.docs: com.google.android.apps.docs.providers.DocListProvider
06-30 22:14:25.337  1230  1230 D ContextScopeImpl: in ContextScope.enter for thread=1
06-30 22:14:25.337  1230  1230 W ContextScopeImpl: thread=1 tried to enter the scope of the application context. Ignored.
06-30 22:14:25.345  1230  1230 W ContextScopeImpl: thread=1 tried to enter the scope of the application context. Ignored.
06-30 22:14:25.352  1230  1245 W ContextScopeImpl: thread=144 tried to enter the scope of the application context. Ignored.
06-30 22:14:25.399  1230  1230 W ContextScopeImpl: thread=1 tried to enter the scope of the application context. Ignored.
06-30 22:14:25.423   145  1150 I ActivityManager: Start proc com.google.android.apps.plus for broadcast com.google.android.apps.plus/com.google.android.picasasync.ConnectivityReceiver: pid=1248 uid=10060 gids={3003, 3002, 1015, 1006}
06-30 22:14:25.427   145  1150 I ActivityManager: No longer want hr.podlanica (pid 958): hidden #16
06-30 22:14:25.548  1248  1250 D dalvikvm: GC_CONCURRENT freed 152K, 3% free 9384K/9607K, paused 3ms+2ms
06-30 22:14:25.552  1186  1189 D dalvikvm: GC_CONCURRENT freed 353K, 5% free 10337K/10823K, paused 14ms+8ms
06-30 22:14:25.692  1248  1248 I ActivityThread: Pub com.google.android.apps.plus.content.ApiProvider: com.google.android.apps.plus.content.EsApiProvider
06-30 22:14:25.950  1248  1248 I ActivityThread: Pub com.google.android.apps.plus.content.EsGooglePhotoProvider: com.google.android.picasasync.PicasaContentProvider
06-30 22:14:26.036   345   345 D SAN_SERVICE: *******************************************
06-30 22:14:26.036   345   345 D SAN_SERVICE: DM App Phone Service State - 0
06-30 22:14:26.036   345   345 D SAN_SERVICE: *******************************************
06-30 22:14:26.052  1248  1250 D dalvikvm: GC_CONCURRENT freed 335K, 5% free 9580K/9991K, paused 4ms+2ms
06-30 22:14:26.079  1248  1248 I ActivityThread: Pub com.google.android.apps.plus.content.EsPicasaStoreProvider: com.google.android.picasastore.PicasaPhotoContentProvider
06-30 22:14:26.091  1248  1248 I ActivityThread: Pub com.google.plus.platform: com.google.android.apps.plus.content.AdsProvider
06-30 22:14:26.091  1248  1248 I ActivityThread: Pub com.google.android.apps.plus.iu.EsGoogleIuProvider: com.google.android.apps.plus.iu.InstantUploadProvider
06-30 22:14:26.149  1248  1250 D dalvikvm: GC_CONCURRENT freed 500K, 6% free 9608K/10183K, paused 2ms+2ms
06-30 22:14:26.157  1248  1248 I ActivityThread: Pub com.google.android.apps.plus.content.EsProvider: com.google.android.apps.plus.content.EsProvider
06-30 22:14:26.200   345   345 D SAN_SERVICE: *******************************************
06-30 22:14:26.200   345   345 D SAN_SERVICE: DM App Phone Service State - 0
06-30 22:14:26.200   345   345 D SAN_SERVICE: *******************************************
06-30 22:14:26.356  1121  1121 I MediaUploader: No need to wake up
06-30 22:14:26.841  1248  1272 D PicasaSync: sync account database
06-30 22:14:26.942   145  1150 I ActivityManager: No longer want com.google.android.apps.maps:FriendService (pid 974): hidden #16
06-30 22:14:27.009  1248  1250 D dalvikvm: GC_CONCURRENT freed 312K, 5% free 9833K/10247K, paused 4ms+6ms
06-30 22:14:27.028  1248  1268 D PicasaPhotoCP: set fsid first time:-1
06-30 22:14:27.059  1248  1272 D PicasaSync: accounts in DB=1
06-30 22:14:27.063  1248  1272 D PicasaSyncManager: active network: NetworkInfo: type: WIFI[], state: CONNECTED/CONNECTED, reason: (unspecified), extra: (none), roaming: false, failover: false, isAvailable: true
06-30 22:14:27.063  1248  1272 D PicasaSyncManager: background data: true
06-30 22:14:27.122  1230  1230 W ContextScopeImpl: thread=1 tried to enter the scope of the application context. Ignored.
06-30 22:14:27.223  1121  1121 I MediaUploader: No need to wake up
06-30 22:14:27.302  1230  1230 W ContextScopeImpl: thread=1 tried to enter the scope of the application context. Ignored.
06-30 22:14:27.325  1248  1272 D PicasaSyncManager: battery info: false
06-30 22:14:27.380   145   395 I ActivityManager: Start proc com.google.android.talk for broadcast com.google.android.talk/.McsConnectionStartedReceiver: pid=1286 uid=10045 gids={3003, 1015, 1006, 3002}
06-30 22:14:27.446  1286  1286 I ActivityThread: Pub com.google.android.talk.SuggestionProvider: com.google.android.talk.SuggestionsProvider
06-30 22:14:27.458  1248  1272 D PicasaSyncManager: active network: NetworkInfo: type: WIFI[], state: CONNECTED/CONNECTED, reason: (unspecified), extra: (none), roaming: false, failover: false, isAvailable: true
06-30 22:14:27.458  1248  1272 D PicasaSyncManager: background data: true
06-30 22:14:27.489  1248  1272 D PicasaSyncManager: active network: NetworkInfo: type: WIFI[], state: CONNECTED/CONNECTED, reason: (unspecified), extra: (none), roaming: false, failover: false, isAvailable: true
06-30 22:14:27.489  1248  1272 D PicasaSyncManager: background data: true
06-30 22:14:27.505  1286  1286 D vclib:CallStateClient: startListening
06-30 22:14:27.556   145   329 I ActivityManager: Start proc com.google.android.apps.maps:LocationFriendService for broadcast com.google.android.apps.maps/com.google.googlenav.friend.reporting.LocationReportingIntentReceiver: pid=1307 uid=10056 gids={3003, 1015}
06-30 22:14:27.598  1286  1304 I talk    : onMcsConnectionStarted
06-30 22:14:27.638   901   902 D dalvikvm: GC_CONCURRENT freed 294K, 4% free 10128K/10503K, paused 9ms+4ms
06-30 22:14:27.704  1307  1309 D dalvikvm: GC_CONCURRENT freed 161K, 3% free 9375K/9607K, paused 2ms+2ms
06-30 22:14:27.841  1307  1309 D dalvikvm: GC_CONCURRENT freed 209K, 4% free 9657K/9991K, paused 2ms+3ms
06-30 22:14:27.970  1307  1309 D dalvikvm: GC_CONCURRENT freed 196K, 4% free 9866K/10183K, paused 2ms+5ms
06-30 22:14:28.028  1286  1288 D dalvikvm: GC_CONCURRENT freed 149K, 3% free 9349K/9607K, paused 38ms+19ms
06-30 22:14:28.075   145   396 I ActivityManager: No longer want com.google.android.maps.mytracks (pid 1000): hidden #16
06-30 22:14:28.141  1121  1121 I MediaUploader: No need to wake up
06-30 22:14:28.177   145   348 I ActivityManager: No longer want com.google.android.apps.unveil (pid 1013): hidden #16
06-30 22:14:28.216  1133  1134 D dalvikvm: GC_CONCURRENT freed 337K, 5% free 9152K/9607K, paused 2ms+6ms
06-30 22:14:28.243   278   279 D dalvikvm: GC_CONCURRENT freed 343K, 5% free 10010K/10503K, paused 2ms+11ms
06-30 22:14:28.341  1230  1230 W ContextScopeImpl: thread=1 tried to enter the scope of the application context. Ignored.
06-30 22:14:28.497  1248  1272 D PicasaSyncManager: active network: NetworkInfo: type: WIFI[], state: CONNECTED/CONNECTED, reason: (unspecified), extra: (none), roaming: false, failover: false, isAvailable: true
06-30 22:14:28.497  1248  1272 D PicasaSyncManager: background data: true
06-30 22:14:28.540   145  1149 D dalvikvm: GC_EXPLICIT freed 897K, 13% free 13364K/15239K, paused 3ms+7ms
06-30 22:14:28.559  1121  1121 I MediaUploader: No need to wake up
06-30 22:14:28.571  1186  1189 D dalvikvm: GC_CONCURRENT freed 356K, 5% free 10399K/10887K, paused 2ms+36ms
06-30 22:14:28.618  1230  1230 W ContextScopeImpl: thread=1 tried to enter the scope of the application context. Ignored.
06-30 22:14:28.677   312   312 D MediaScannerReceiver: action: android.intent.action.MEDIA_MOUNTED path: /mnt/sdcard
06-30 22:14:28.684  1121  1121 I MediaUploader: No need to wake up
06-30 22:14:28.743   486   486 I PhoneLab-Locks: wake lock acquired
06-30 22:14:28.766   486  1342 I PhoneLab-PeriodicCheckService: User info is synched
06-30 22:14:28.790   145   348 I ActivityManager: Start proc com.google.android.apps.maps:FriendService for broadcast com.google.android.apps.maps/com.google.googlenav.friend.android.ServiceReceiver: pid=1343 uid=10056 gids={3003, 1015}
06-30 22:14:28.845   486  1342 W PhoneLab-PeriodicCheckService: Logger Service is not running starting now...
06-30 22:14:28.942   486  1342 I PhoneLab-Locks: wake lock acquired
06-30 22:14:28.946   486  1342 I PhoneLab-PeriodicCheckService: Rescheduling periodic checking...
06-30 22:14:28.958   486  1342 I PhoneLab-Locks: wake lock released
06-30 22:14:28.962  1248  1272 D PicasaSyncManager: active network: NetworkInfo: type: WIFI[], state: CONNECTED/CONNECTED, reason: (unspecified), extra: (none), roaming: false, failover: false, isAvailable: true
06-30 22:14:28.962  1248  1272 D PicasaSyncManager: background data: true
06-30 22:14:28.966   486   486 I PhoneLab-LoggerService: Start Logger Service
06-30 22:14:28.966   486   486 I PhoneLab-UploadLogs: Transfering log files now
06-30 22:14:28.970   486  1356 I PhoneLab-: Service Running
06-30 22:14:29.016  1343  1346 D dalvikvm: GC_CONCURRENT freed 163K, 3% free 9372K/9607K, paused 2ms+8ms
06-30 22:14:29.122   486  1356 I PhoneLab-LoggerService: Logcat pid from database 1399
06-30 22:14:29.122   486  1356 I PhoneLab-LoggerService: Logcat process not found, starting process
06-30 22:14:29.122   486  1356 I System.out: /mnt/sdcard/.log/
06-30 22:14:29.157   486   489 D dalvikvm: GC_CONCURRENT freed 363K, 5% free 9169K/9607K, paused 3ms+3ms
06-30 22:14:29.321   486   486 D dalvikvm: GC_FOR_ALLOC freed 297K, 6% free 9299K/9799K, paused 47ms
06-30 22:14:29.325   486   486 I dalvikvm-heap: Grow heap (frag case) to 9.393MB for 254548-byte allocation
06-30 22:14:29.356   486  1356 D dalvikvm: GC_FOR_ALLOC freed 120K, 7% free 9427K/10055K, paused 20ms
06-30 22:14:29.388   486   486 D dalvikvm: GC_FOR_ALLOC freed 1K, 7% free 9426K/10055K, paused 15ms
06-30 22:14:29.388   486   486 I dalvikvm-heap: Grow heap (frag case) to 9.766MB for 516692-byte allocation
06-30 22:14:29.415   486  1356 D dalvikvm: GC_FOR_ALLOC freed 248K, 9% free 9682K/10567K, paused 13ms
06-30 22:14:29.434   486  1356 I PhoneLab-LoggerService: app_37    1360  486   1436   1068  00000000 40010474 R logcat
06-30 22:14:29.458   486   486 I PhoneLab-UploadLogs: OnStartCommand
06-30 22:14:29.509   486  1356 I PhoneLab-LoggerService: PID to db1360
06-30 22:14:29.509  1343  1346 D dalvikvm: GC_CONCURRENT freed 181K, 3% free 9648K/9927K, paused 2ms+3ms
06-30 22:14:29.532   278  1327 I GTalkService/c: [GTalkConnection@1093896176] connect: acct=1, state=CONNECTING
06-30 22:14:29.649   486   486 I PhoneLab-Locks: wake lock acquired
06-30 22:14:29.653   486   486 I PhoneLab-StatusMonitor: Status Monitoring is started
06-30 22:14:29.673   486   486 E PhoneLab-PhoneLabManifest: java.io.FileNotFoundException: /data/data/edu.buffalo.cse.phonelab.phonelabservices/files/manifest.xml: open failed: ENOENT (No such file or directory)
06-30 22:14:29.677   486   489 D dalvikvm: GC_CONCURRENT freed 120K, 9% free 9705K/10567K, paused 2ms+3ms
06-30 22:14:29.720   486   486 I PhoneLab-Locks: wake lock released
06-30 22:14:29.848   278   394 D dalvikvm: GC_EXPLICIT freed 192K, 6% free 9963K/10503K, paused 2ms+4ms
06-30 22:14:29.872   987   989 D dalvikvm: GC_CONCURRENT freed 482K, 6% free 10141K/10695K, paused 1ms+15ms
06-30 22:14:29.985  1035  1364 W Gmail   : Showing notification with unreadCount of 2 and unseenCount of 2
06-30 22:14:29.997   486  1362 D dalvikvm: GC_FOR_ALLOC freed 387K, 9% free 9647K/10567K, paused 207ms
06-30 22:14:30.196   216   216 D dalvikvm: GC_FOR_ALLOC freed 259K, 32% free 9775K/14343K, paused 20ms
06-30 22:14:30.306   216   218 D dalvikvm: GC_CONCURRENT freed 305K, 31% free 9955K/14343K, paused 2ms+3ms
06-30 22:14:30.388   486  1362 D dalvikvm: GC_FOR_ALLOC freed 302K, 9% free 9646K/10567K, paused 381ms
06-30 22:14:30.563   486  1362 D dalvikvm: GC_FOR_ALLOC freed 301K, 9% free 9653K/10567K, paused 130ms
06-30 22:14:30.677  1248  1250 D dalvikvm: GC_CONCURRENT freed 222K, 4% free 10043K/10375K, paused 2ms+5ms
06-30 22:14:30.794  1307  1309 D dalvikvm: GC_CONCURRENT freed 378K, 5% free 10017K/10503K, paused 2ms+3ms
06-30 22:14:30.872  1155  1157 D dalvikvm: GC_CONCURRENT freed 362K, 5% free 10472K/10951K, paused 3ms+3ms
06-30 22:14:30.993  1248  1250 D dalvikvm: GC_CONCURRENT freed 146K, 3% free 10304K/10567K, paused 3ms+2ms
06-30 22:14:31.091   987   989 D dalvikvm: GC_CONCURRENT freed 369K, 5% free 10291K/10759K, paused 2ms+12ms
06-30 22:14:31.141   312   314 D dalvikvm: GC_CONCURRENT freed 370K, 6% free 9242K/9735K, paused 6ms+5ms
06-30 22:14:31.286  1248  1250 D dalvikvm: GC_CONCURRENT freed 271K, 4% free 10424K/10823K, paused 2ms+2ms
06-30 22:14:31.337  1248  1269 D dalvikvm: GC_FOR_ALLOC freed 63K, 4% free 10487K/10823K, paused 21ms
06-30 22:14:31.513  1248  1269 D dalvikvm: GC_FOR_ALLOC freed 126K, 5% free 10615K/11079K, paused 22ms
06-30 22:14:31.532  1307  1314 I dalvikvm: Total arena pages for JIT: 11
06-30 22:14:31.532  1307  1314 I dalvikvm: Total arena pages for JIT: 12
06-30 22:14:31.532  1307  1314 I dalvikvm: Total arena pages for JIT: 13
06-30 22:14:31.536  1307  1314 I dalvikvm: Total arena pages for JIT: 14
06-30 22:14:31.536  1307  1314 I dalvikvm: Total arena pages for JIT: 15
06-30 22:14:31.536  1307  1314 I dalvikvm: Total arena pages for JIT: 16
06-30 22:14:31.536  1307  1314 I dalvikvm: Total arena pages for JIT: 17
06-30 22:14:31.638  1248  1269 D dalvikvm: GC_FOR_ALLOC freed 373K, 6% free 10672K/11271K, paused 23ms
06-30 22:14:31.657   345   345 D SAN_SERVICE: *******************************************
06-30 22:14:31.657   345   345 D SAN_SERVICE: DM App Phone Service State - 0
06-30 22:14:31.657   345   345 D SAN_SERVICE: *******************************************
06-30 22:14:31.681  1248  1269 D dalvikvm: GC_FOR_ALLOC freed 126K, 5% free 10800K/11271K, paused 33ms
06-30 22:14:31.743  1248  1269 D dalvikvm: GC_FOR_ALLOC freed 369K, 6% free 10855K/11463K, paused 24ms
06-30 22:14:31.755   345   345 D SAN_SERVICE: *******************************************
06-30 22:14:31.755   345   345 D SAN_SERVICE: DM App Phone Service State - 0
06-30 22:14:31.755   345   345 D SAN_SERVICE: *******************************************
06-30 22:14:31.790  1248  1269 D dalvikvm: GC_FOR_ALLOC freed 126K, 5% free 10983K/11463K, paused 21ms
06-30 22:14:32.036  1248  1250 D dalvikvm: GC_CONCURRENT freed 335K, 4% free 11201K/11655K, paused 3ms+3ms
06-30 22:14:33.302   987   989 D dalvikvm: GC_CONCURRENT freed 410K, 5% free 10406K/10887K, paused 38ms+4ms
06-30 22:14:33.497   486   486 I PhoneLab-: 1341107684611.log is deleted
06-30 22:14:33.497   486   486 I PhoneLab-: Response: {"data": "done", "err": ""}
06-30 22:14:33.501   486   486 I PhoneLab-UploadLogs: No log files to transfer
06-30 22:14:33.501   486   486 I PhoneLab-Locks: wake lock released
06-30 22:14:33.563  1155  1157 D dalvikvm: GC_CONCURRENT freed 315K, 4% free 10583K/11015K, paused 8ms+2ms
06-30 22:14:33.786  1248  1250 D dalvikvm: GC_CONCURRENT freed 138K, 3% free 11722K/11975K, paused 2ms+3ms
06-30 22:14:33.919   312   314 D dalvikvm: GC_CONCURRENT freed 103K, 3% free 9591K/9799K, paused 2ms+2ms
06-30 22:14:34.106  1248  1250 D dalvikvm: GC_CONCURRENT freed 341K, 4% free 12228K/12679K, paused 2ms+4ms
06-30 22:14:34.165   312   314 D dalvikvm: GC_CONCURRENT freed 20K, 2% free 9973K/10119K, paused 2ms+3ms
06-30 22:14:34.384   312   314 D dalvikvm: GC_CONCURRENT freed 22K, 2% free 10366K/10503K, paused 1ms+6ms
06-30 22:14:34.458  1155  1157 D dalvikvm: GC_CONCURRENT freed 374K, 5% free 10644K/11143K, paused 2ms+2ms
06-30 22:14:34.591  1248  1250 D dalvikvm: GC_CONCURRENT freed 426K, 5% free 12784K/13319K, paused 2ms+2ms
06-30 22:14:34.727   312   314 D dalvikvm: GC_CONCURRENT freed 14K, 2% free 10752K/10887K, paused 2ms+3ms
06-30 22:14:34.907   312   314 D dalvikvm: GC_CONCURRENT freed 33K, 2% free 11178K/11335K, paused 2ms+2ms
06-30 22:14:35.052  1155  1157 D dalvikvm: GC_CONCURRENT freed 303K, 4% free 10779K/11207K, paused 2ms+4ms
06-30 22:14:35.286   312   314 D dalvikvm: GC_CONCURRENT freed 30K, 2% free 11761K/11911K, paused 2ms+2ms
06-30 22:14:35.341   145   396 I ActivityManager: No longer want com.android.settings (pid 1056): hidden #16
06-30 22:14:35.419   312  1339 W MediaScanner: Error opening directory '/mnt/sdcard/.android_secure/', skipping: Permission denied.
06-30 22:14:36.052   941   944 D dalvikvm: GC_CONCURRENT freed 269K, 4% free 10301K/10695K, paused 18ms+3ms
06-30 22:14:37.028   278   279 D dalvikvm: GC_CONCURRENT freed 292K, 5% free 10094K/10567K, paused 8ms+3ms
06-30 22:14:37.548   941   944 D dalvikvm: GC_CONCURRENT freed 268K, 4% free 10422K/10823K, paused 4ms+46ms
06-30 22:14:38.048   941   944 D dalvikvm: GC_CONCURRENT freed 320K, 5% free 10497K/10951K, paused 2ms+2ms
06-30 22:14:38.450   278   279 D dalvikvm: GC_CONCURRENT freed 349K, 5% free 10151K/10631K, paused 2ms+3ms
06-30 22:14:39.184   486   486 I PhoneLab-PowerOnReceiver: Power is plugged in!
06-30 22:14:39.184   486   486 I PhoneLab-PowerOnReceiver: Rescheduling periodic checking...
06-30 22:14:39.263   216   216 W PowerUI : unknown intent: Intent { act=android.intent.action.ACTION_POWER_CONNECTED flg=0x10000010 }
06-30 22:14:39.274   486   489 D dalvikvm: GC_CONCURRENT freed 871K, 13% free 9215K/10567K, paused 3ms+2ms
06-30 22:14:39.306   941   944 D dalvikvm: GC_CONCURRENT freed 385K, 5% free 10587K/11079K, paused 2ms+2ms
06-30 22:14:39.364   486   486 I PhoneLab-Locks: wake lock acquired
06-30 22:14:39.423   486   486 I PhoneLab-UploadLogs: Transfering log files now
06-30 22:14:39.427   486   486 I PhoneLab-UploadLogs: No log files to transfer
06-30 22:14:39.427   486   486 I PhoneLab-Locks: wake lock released
06-30 22:14:39.454   486   486 I PhoneLab-UploadLogs: OnStartCommand
06-30 22:14:39.532   145   147 D dalvikvm: GC_CONCURRENT freed 968K, 12% free 13432K/15239K, paused 3ms+5ms
06-30 22:14:40.606  1186  1189 D dalvikvm: GC_CONCURRENT freed 342K, 5% free 10542K/11015K, paused 2ms+3ms
06-30 22:14:41.634   278   279 D dalvikvm: GC_CONCURRENT freed 518K, 7% free 10049K/10695K, paused 2ms+3ms
06-30 22:14:42.368   431   432 D dalvikvm: GC_CONCURRENT freed 335K, 5% free 9527K/9991K, paused 2ms+13ms
06-30 22:14:42.556   145  1150 D dalvikvm: GC_EXPLICIT freed 182K, 13% free 13350K/15239K, paused 7ms+5ms
06-30 22:14:43.013   431   432 D dalvikvm: GC_CONCURRENT freed 339K, 5% free 9584K/10055K, paused 2ms+4ms
06-30 22:14:43.126   145   157 I ActivityManager: START {act=android.intent.action.VIEW dat=content://gmail-ls/account/lokeshmandvekar@gmail.com/label/^i typ=application/gmail-ls flg=0x10008000 cmp=com.google.android.gm/.ConversationListActivityGmail bnds=[96,119][480,215] (has extras)} from pid -1
06-30 22:14:43.247   145   361 W KeyguardViewMediator: verifyUnlock called when not externally disabled
06-30 22:14:43.516   216   218 D dalvikvm: GC_CONCURRENT freed 581K, 32% free 9834K/14343K, paused 2ms+7ms
06-30 22:14:43.723   375   375 D OpenGLRenderer: Flushing caches (mode 1)
06-30 22:14:43.751   145   161 I Process : Sending signal. PID: 1035 SIG: 3
06-30 22:14:43.751  1035  1040 I dalvikvm: threadid=3: reacting to signal 3
06-30 22:14:43.770   375   375 D OpenGLRenderer: Flushing caches (mode 0)
06-30 22:14:43.907  1035  1037 D dalvikvm: GC_CONCURRENT freed 243K, 4% free 9600K/9927K, paused 4ms+157ms
06-30 22:14:43.915  1035  1040 I dalvikvm: Wrote stack traces to '/data/anr/traces.txt'
06-30 22:14:44.220  1035  1035 D libEGL  : loaded /system/lib/egl/libGLES_android.so
06-30 22:14:44.235   145   161 I Process : Sending signal. PID: 1035 SIG: 3
06-30 22:14:44.235  1035  1040 I dalvikvm: threadid=3: reacting to signal 3
06-30 22:14:44.325  1035  1035 D libEGL  : loaded /vendor/lib/egl/libEGL_POWERVR_SGX540_120.so
06-30 22:14:44.345  1035  1040 I dalvikvm: Wrote stack traces to '/data/anr/traces.txt'
06-30 22:14:44.356  1035  1035 D libEGL  : loaded /vendor/lib/egl/libGLESv1_CM_POWERVR_SGX540_120.so
06-30 22:14:44.360  1035  1035 D libEGL  : loaded /vendor/lib/egl/libGLESv2_POWERVR_SGX540_120.so
06-30 22:14:44.536  1035  1035 D OpenGLRenderer: Enabling debug mode 0
06-30 22:14:44.622  1035  1037 D dalvikvm: GC_CONCURRENT freed 146K, 3% free 9848K/10119K, paused 2ms+8ms
06-30 22:14:44.684   145   176 I ActivityManager: Displayed com.google.android.gm/.ConversationListActivityGmail: +1s454ms (total +33s954ms)
06-30 22:14:45.442   278   279 D dalvikvm: GC_CONCURRENT freed 335K, 6% free 10101K/10695K, paused 35ms+12ms
06-30 22:14:45.696  1035  1037 D dalvikvm: GC_CONCURRENT freed 239K, 4% free 10019K/10375K, paused 18ms+9ms
06-30 22:14:46.106  1035  1404 I Gmail   : Sending notification intent: Intent { act=android.intent.action.PROVIDER_CHANGED dat=content://gmail-ls/unread/^i (has extras) }
06-30 22:14:49.388   486   486 I PhoneLab-Locks: wake lock acquired
06-30 22:14:49.391   486  1409 I PhoneLab-PeriodicCheckService: User info is synched
06-30 22:14:49.395   486  1409 I PhoneLab-PeriodicCheckService: Logger Service is running
06-30 22:14:49.399   486   486 I PhoneLab-Locks: wake lock acquired
06-30 22:14:49.403   486   486 I PhoneLab-StatusMonitor: Status Monitoring is started
06-30 22:14:49.407   486   486 E PhoneLab-PhoneLabManifest: java.io.FileNotFoundException: /data/data/edu.buffalo.cse.phonelab.phonelabservices/files/manifest.xml: open failed: ENOENT (No such file or directory)
06-30 22:14:49.407   486   486 I PhoneLab-Locks: wake lock released
06-30 22:14:49.411   486  1409 I PhoneLab-Locks: wake lock acquired
06-30 22:14:49.415   486   486 I PhoneLab-UploadLogs: Transfering log files now
06-30 22:14:49.415   486   486 I PhoneLab-UploadLogs: No log files to transfer
06-30 22:14:49.415   486   486 I PhoneLab-Locks: wake lock released
06-30 22:14:49.419   486   486 I PhoneLab-UploadLogs: OnStartCommand
06-30 22:14:49.419   486  1409 I PhoneLab-PeriodicCheckService: Rescheduling periodic checking...
06-30 22:14:49.419   486  1409 I PhoneLab-Locks: wake lock released
06-30 22:14:52.813  1035  1037 D dalvikvm: GC_CONCURRENT freed 306K, 5% free 10131K/10567K, paused 3ms+4ms
06-30 22:14:53.763  1035  1412 I Gmail   : MainSyncRequestProto: lowestBkwdConvoId: 0, highestHandledServerOp: 3284401, normalSync: true
06-30 22:14:53.829  1035  1037 D dalvikvm: GC_CONCURRENT freed 396K, 5% free 10226K/10695K, paused 46ms+4ms
