07-18 22:57:11.898 28010 28010 D StrictMode: StrictMode policy violation; ~duration=155 ms: android.os.StrictMode$StrictModeDiskWriteViolation: policy=21 violation=1
07-18 22:57:11.898 28010 28010 D StrictMode: 	at android.os.StrictMode$AndroidBlockGuardPolicy.onWriteToDisk(StrictMode.java:1063)
07-18 22:57:11.898 28010 28010 D StrictMode: 	at android.database.sqlite.SQLiteStatement.acquireAndLock(SQLiteStatement.java:226)
07-18 22:57:11.898 28010 28010 D StrictMode: 	at android.database.sqlite.SQLiteStatement.executeUpdateDelete(SQLiteStatement.java:84)
07-18 22:57:11.898 28010 28010 D StrictMode: 	at android.database.sqlite.SQLiteDatabase.executeSql(SQLiteDatabase.java:1899)
07-18 22:57:11.898 28010 28010 D StrictMode: 	at android.database.sqlite.SQLiteDatabase.execSQL(SQLiteDatabase.java:1839)
07-18 22:57:11.898 28010 28010 D StrictMode: 	at android.database.sqlite.SQLiteDatabase.endTransaction(SQLiteDatabase.java:714)
07-18 22:57:11.898 28010 28010 D StrictMode: 	at com.google.android.apps.analytics.v.d(Unknown Source)
07-18 22:57:11.898 28010 28010 D StrictMode: 	at com.google.android.apps.analytics.v.a(Unknown Source)
07-18 22:57:11.898 28010 28010 D StrictMode: 	at com.google.android.apps.analytics.i.a(Unknown Source)
07-18 22:57:11.898 28010 28010 D StrictMode: 	at com.google.android.apps.mytracks.b.a.a(MT:45)
07-18 22:57:11.898 28010 28010 D StrictMode: 	at com.google.android.apps.mytracks.MyTracksApplication.onCreate(MT:42)
07-18 22:57:11.898 28010 28010 D StrictMode: 	at android.app.Instrumentation.callApplicationOnCreate(Instrumentation.java:969)
07-18 22:57:11.898 28010 28010 D StrictMode: 	at android.app.ActivityThread.handleBindApplication(ActivityThread.java:3954)
07-18 22:57:11.898 28010 28010 D StrictMode: 	at android.app.ActivityThread.access$1300(ActivityThread.java:123)
07-18 22:57:11.898 28010 28010 D StrictMode: 	at android.app.ActivityThread$H.handleMessage(ActivityThread.java:1185)
07-18 22:57:11.898 28010 28010 D StrictMode: 	at android.os.Handler.dispatchMessage(Handler.java:99)
07-18 22:57:11.898 28010 28010 D StrictMode: 	at android.os.Looper.loop(Looper.java:137)
07-18 22:57:11.898 28010 28010 D StrictMode: 	at android.app.ActivityThread.main(ActivityThread.java:4424)
07-18 22:57:11.898 28010 28010 D StrictMode: 	at java.lang.reflect.Method.invokeNative(Native Method)
07-18 22:57:11.898 28010 28010 D StrictMode: 	at java.lang.reflect.Method.invoke(Method.java:511)
07-18 22:57:11.898 28010 28010 D StrictMode: 	at com.android.internal.os.ZygoteInit$MethodAndArgsCaller.run(ZygoteInit.java:784)
07-18 22:57:11.898 28010 28010 D StrictMode: 	at com.android.internal.os.ZygoteInit.main(ZygoteInit.java:551)
07-18 22:57:11.898 28010 28010 D StrictMode: 	at dalvik.system.NativeStart.main(Native Method)
07-18 22:57:11.988   144   155 I ActivityManager: No longer want com.apksoftware.compass (pid 27261): hidden #16
07-18 22:57:12.011   144   144 W ActivityManager: Scheduling restart of crashed service com.apksoftware.compass/com.catchnotes.buy.CatchBuyService in 5000ms
07-18 22:57:14.374 26452 26465 I PhoneLab-: Service Running
07-18 22:57:14.460 26452 26465 I PhoneLab-LoggerService: app_37    1395  1     1432   984   c00f181c 400107b4 S logcat
07-18 22:57:14.460 26452 26465 I PhoneLab-LoggerService: Logcat pid from database 1395
07-18 22:57:14.460 26452 26465 I PhoneLab-LoggerService: Logcat process found 1395
07-18 22:57:14.460 26452 26465 I PhoneLab-LoggerService: Checking Threshold
07-18 22:57:14.460 26452 26465 I PhoneLab-LoggerService: Starting to rename files
07-18 22:57:14.464 26452 26465 I PhoneLab-LoggerService: Files found .. 2
07-18 22:57:14.464 26452 26465 I PhoneLab-LoggerService: File 1 log.out.1
07-18 22:57:14.519 26452 26465 I PhoneLab-LoggerService: Renamed successfully
07-18 22:57:17.070   144   161 I ActivityManager: Start proc com.apksoftware.compass for service com.apksoftware.compass/com.catchnotes.buy.CatchBuyService: pid=28027 uid=10091 gids={3003}
07-18 22:57:17.073 28027 28027 I dalvikvm: Turning on JNI app bug workarounds for target SDK version 8...
07-18 22:57:17.179 28027 28027 I BugSenseHandler: Registering default exceptions handler
07-18 22:57:17.183 28027 28027 D BugSenseHandler: Looking for exceptions in: /data/data/com.apksoftware.compass/files
07-18 22:57:17.183 28027 28027 D BugSenseHandler: Found 0 stacktrace(s)
07-18 22:57:17.245 28027 28027 W CatchBuyService: handleCommand received null intent
07-18 22:57:49.351   144   156 I ActivityManager: No longer want com.google.android.apps.maps:NetworkLocationService (pid 27280): hidden #16
07-18 22:57:49.370   144 14994 W ActivityManager: Scheduling restart of crashed service com.google.android.apps.maps/com.google.android.location.internal.server.NetworkLocationService in 5000ms
07-18 22:57:54.382   144   161 I ActivityManager: Start proc com.google.android.apps.maps:NetworkLocationService for service com.google.android.apps.maps/com.google.android.location.internal.server.NetworkLocationService: pid=28046 uid=10056 gids={3003, 1015}
07-18 22:57:54.538 28046 28048 D dalvikvm: GC_CONCURRENT freed 161K, 3% free 9371K/9607K, paused 3ms+3ms
07-18 22:57:55.023 28046 28048 D dalvikvm: GC_CONCURRENT freed 184K, 3% free 9697K/9991K, paused 2ms+3ms
07-18 22:57:55.245 28046 28048 D dalvikvm: GC_CONCURRENT freed 150K, 3% free 10081K/10311K, paused 2ms+3ms
07-18 22:57:55.421 28046 28048 D dalvikvm: GC_CONCURRENT freed 659K, 8% free 9883K/10631K, paused 3ms+1ms
07-18 22:57:55.519   144   161 I ActivityManager: Start proc com.google.android.apps.maps:FriendService for broadcast com.google.android.apps.maps/com.google.googlenav.friend.android.ServiceReceiver: pid=28068 uid=10056 gids={3003, 1015}
07-18 22:57:55.656 28068 28071 D dalvikvm: GC_CONCURRENT freed 163K, 3% free 9368K/9607K, paused 2ms+2ms
07-18 22:57:55.781 28068 28071 D dalvikvm: GC_CONCURRENT freed 238K, 4% free 9674K/9991K, paused 1ms+3ms
07-18 22:57:55.890   144  1168 I ActivityManager: No longer want com.google.android.apps.googlevoice (pid 27322): hidden #16
07-18 22:57:55.894   144   317 W ActivityManager: Scheduling restart of crashed service com.google.android.apps.googlevoice/.ShadowNumberRefreshService in 5000ms
07-18 22:57:55.894   144   317 W ActivityManager: Scheduling restart of crashed service com.google.android.apps.googlevoice/.CallLogService in 15000ms
07-18 22:57:55.894   144   317 W ActivityManager: Scheduling restart of crashed service com.google.android.apps.googlevoice/.UpdateService in 25000ms
07-18 22:57:55.948 28046 28053 I dalvikvm: Total arena pages for JIT: 11
07-18 22:57:55.948 28046 28053 I dalvikvm: Total arena pages for JIT: 12
07-18 22:57:55.952 28046 28053 I dalvikvm: Total arena pages for JIT: 13
07-18 22:57:55.952 28046 28053 I dalvikvm: Total arena pages for JIT: 14
07-18 22:57:55.952 28046 28053 I dalvikvm: Total arena pages for JIT: 15
07-18 22:57:55.956 28046 28053 I dalvikvm: Total arena pages for JIT: 16
07-18 22:57:55.956 28046 28053 I dalvikvm: Total arena pages for JIT: 17
07-18 22:57:56.031 28046 28066 D dalvikvm: GC_FOR_ALLOC freed 133K, 6% free 10045K/10631K, paused 21ms
07-18 22:57:56.062 28046 28053 I dalvikvm: Total arena pages for JIT: 18
07-18 22:57:56.386   144  1168 I ActivityManager: Process com.xabber.androiddev (pid 27436) has died.
07-18 22:57:56.386   144  1168 W ActivityManager: Scheduling restart of crashed service com.xabber.androiddev/com.xabber.android.service.XMPPService in 34509ms
07-18 22:57:56.491 28046 28048 D dalvikvm: GC_CONCURRENT freed 371K, 5% free 10208K/10695K, paused 2ms+3ms
07-18 22:57:57.648 26627 26638 D dalvikvm: GC_EXPLICIT freed 563K, 8% free 10115K/10951K, paused 2ms+3ms
07-18 22:57:57.769 26627 26629 D dalvikvm: GC_CONCURRENT freed 370K, 7% free 10193K/10951K, paused 2ms+2ms
07-18 22:58:00.972   144   161 I ActivityManager: Start proc com.google.android.apps.googlevoice for service com.google.android.apps.googlevoice/.ShadowNumberRefreshService: pid=28083 uid=10054 gids={3003, 1015}
07-18 22:58:01.425 28083 28085 D dalvikvm: GC_CONCURRENT freed 236K, 4% free 9296K/9607K, paused 25ms+1ms
07-18 22:58:01.796 28083 28098 W System.err: com.google.android.apps.googlevoice.net.VoiceServiceException: Voice service failed [INVALID_AUTH_TOKEN]
07-18 22:58:01.800 28083 28098 W System.err: 	at com.google.android.apps.googlevoice.net.masf.MASFVoiceService.checkCredentials(MASFVoiceService.java:107)
07-18 22:58:01.800 28083 28098 W System.err: 	at com.google.android.apps.googlevoice.net.masf.MASFVoiceService.getAuthToken(MASFVoiceService.java:95)
07-18 22:58:01.800 28083 28098 W System.err: 	at com.google.android.apps.googlevoice.net.masf.MASFGetBackendInfoRpc.createRequestPayload(MASFGetBackendInfoRpc.java:34)
07-18 22:58:01.800 28083 28098 W System.err: 	at com.google.android.apps.googlevoice.net.masf.MASFApiRpc.requestSubmit(MASFApiRpc.java:160)
07-18 22:58:01.800 28083 28098 W System.err: 	at com.google.android.apps.googlevoice.net.masf.MASFApiRpc.run(MASFApiRpc.java:141)
07-18 22:58:01.800 28083 28098 W System.err: 	at com.googlex.common.task.AbstractTask.run(Unknown Source)
07-18 22:58:01.800 28083 28098 W System.err: 	at com.googlex.common.task.AbstractTask.runInternal(Unknown Source)
07-18 22:58:01.800 28083 28098 W System.err: 	at com.googlex.common.task.TaskRunner.run(Unknown Source)
07-18 22:58:01.800 28083 28098 W System.err: 	at com.googlex.common.lang.BaseThreadFactory$ThreadImpl.run(Unknown Source)
07-18 22:58:01.808 28083 28098 E GoogleVoice: ShadowNumberRefreshService: Failed to get backend info!
07-18 22:58:01.808 28083 28098 E GoogleVoice: com.google.android.apps.googlevoice.net.VoiceServiceException: Voice service failed [INVALID_AUTH_TOKEN]
07-18 22:58:01.808 28083 28098 E GoogleVoice: 	at com.google.android.apps.googlevoice.net.masf.MASFVoiceService.checkCredentials(MASFVoiceService.java:107)
07-18 22:58:01.808 28083 28098 E GoogleVoice: 	at com.google.android.apps.googlevoice.net.masf.MASFVoiceService.getAuthToken(MASFVoiceService.java:95)
07-18 22:58:01.808 28083 28098 E GoogleVoice: 	at com.google.android.apps.googlevoice.net.masf.MASFGetBackendInfoRpc.createRequestPayload(MASFGetBackendInfoRpc.java:34)
07-18 22:58:01.808 28083 28098 E GoogleVoice: 	at com.google.android.apps.googlevoice.net.masf.MASFApiRpc.requestSubmit(MASFApiRpc.java:160)
07-18 22:58:01.808 28083 28098 E GoogleVoice: 	at com.google.android.apps.googlevoice.net.masf.MASFApiRpc.run(MASFApiRpc.java:141)
07-18 22:58:01.808 28083 28098 E GoogleVoice: 	at com.googlex.common.task.AbstractTask.run(Unknown Source)
07-18 22:58:01.808 28083 28098 E GoogleVoice: 	at com.googlex.common.task.AbstractTask.runInternal(Unknown Source)
07-18 22:58:01.808 28083 28098 E GoogleVoice: 	at com.googlex.common.task.TaskRunner.run(Unknown Source)
07-18 22:58:01.808 28083 28098 E GoogleVoice: 	at com.googlex.common.lang.BaseThreadFactory$ThreadImpl.run(Unknown Source)
07-18 22:58:01.890 27002 27003 D dalvikvm: GC_CONCURRENT freed 472K, 6% free 9840K/10439K, paused 2ms+4ms
07-18 22:58:07.452   346   346 D SAN_SERVICE: *******************************************
07-18 22:58:07.452   346   346 D SAN_SERVICE: DM App Phone Service State - 0
07-18 22:58:07.452   346   346 D SAN_SERVICE: *******************************************
07-18 22:58:11.773 26751 27072 D GetStringObjTask: retrieving from url = http://www.chess.com/api/get_move_status?id=5HHjW9WUGa%2Bcu1LUwnVJPxTIWxmEve4VdkRnRyg7b5Ch69JH2Z5aB%2B7eGuFw8K2uFx47KFsdE3JRdR3Mzv0PkZOj6eZ8N73BvxmEERrzXjMNRo80rkLyJAUTh0iqof4n
07-18 22:58:12.277 26751 27072 D GetStringObjTask: WebRequest SERVER RESPONSE: Success+0
07-18 22:58:21.089 28083 28085 D dalvikvm: GC_CONCURRENT freed 439K, 6% free 9412K/9927K, paused 2ms+2ms
07-18 22:58:21.089 28083 28092 W CursorWrapperInner: Cursor finalized without prior close()
07-18 22:58:21.093 28083 28092 W CursorWrapperInner: Cursor finalized without prior close()
07-18 22:58:21.093 28083 28092 W CursorWrapperInner: Cursor finalized without prior close()
07-18 22:58:21.374 28083 28085 D dalvikvm: GC_CONCURRENT freed 328K, 5% free 9613K/10055K, paused 2ms+2ms
07-18 22:58:21.476 27002 27003 D dalvikvm: GC_CONCURRENT freed 382K, 6% free 9892K/10439K, paused 2ms+4ms
07-18 22:58:21.534 27002 27014 D dalvikvm: GC_EXPLICIT freed 150K, 7% free 9741K/10439K, paused 3ms+2ms
07-18 22:58:30.956 28112 28112 D dalvikvm: Late-enabling CheckJNI
07-18 22:58:30.960   144   161 I ActivityManager: Start proc com.xabber.androiddev for service com.xabber.androiddev/com.xabber.android.service.XMPPService: pid=28112 uid=10063 gids={3003, 1015}
07-18 22:58:30.968 28112 28112 I dalvikvm: Turning on JNI app bug workarounds for target SDK version 9...
07-18 22:58:31.257   144   378 D dalvikvm: GC_EXPLICIT freed 1007K, 24% free 18442K/24199K, paused 7ms+9ms
07-18 22:58:31.320 28112 28115 D dalvikvm: GC_CONCURRENT freed 217K, 4% free 9315K/9607K, paused 1ms+3ms
07-18 22:58:31.370 28112 28112 D dalvikvm: GC_FOR_ALLOC freed 326K, 5% free 9471K/9927K, paused 17ms
07-18 22:58:31.488 28112 28115 D dalvikvm: GC_CONCURRENT freed 191K, 3% free 9852K/10119K, paused 2ms+3ms
07-18 22:58:31.613 28112 28115 D dalvikvm: GC_CONCURRENT freed 276K, 4% free 10088K/10439K, paused 1ms+2ms
07-18 22:58:31.710 28112 28112 I com.xabber.android.service.XMPPService@413a1bb8: onCreate
07-18 22:58:31.710 28112 28112 I com.xabber.android.data.Application@41354c20: onStart
07-18 22:58:31.730 28112 28126 I com.xabber.android.data.LogManager@413578e8: onLoad
07-18 22:58:31.823 28112 28115 D dalvikvm: GC_CONCURRENT freed 301K, 5% free 10191K/10631K, paused 2ms+11ms
07-18 22:58:31.823   144  1167 I ActivityManager: Process com.google.android.apps.maps (pid 27461) has died.
07-18 22:58:31.823   144  1167 W ActivityManager: Scheduling restart of crashed service com.google.android.apps.maps/com.google.googlenav.prefetch.android.PrefetcherService in 5000ms
07-18 22:58:32.784 28112 28115 D dalvikvm: GC_CONCURRENT freed 218K, 4% free 10408K/10759K, paused 2ms+2ms
07-18 22:58:34.589 28112 28115 D dalvikvm: GC_CONCURRENT freed 266K, 4% free 10552K/10951K, paused 30ms+3ms
07-18 22:58:34.714 28112 28115 D dalvikvm: GC_CONCURRENT freed 330K, 5% free 10615K/11079K, paused 2ms+2ms
07-18 22:58:36.800 28112 28115 D dalvikvm: GC_CONCURRENT freed 357K, 5% free 10714K/11207K, paused 4ms+2ms
07-18 22:58:36.866   144   161 I ActivityManager: Start proc com.google.android.apps.maps for service com.google.android.apps.maps/com.google.googlenav.prefetch.android.PrefetcherService: pid=28136 uid=10056 gids={3003, 1015}
07-18 22:58:37.007 28136 28139 D dalvikvm: GC_CONCURRENT freed 167K, 3% free 9365K/9607K, paused 3ms+5ms
07-18 22:58:37.077 28136 28136 I ActivityThread: Pub com.google.android.maps.SearchHistoryProvider: com.google.googlenav.provider.SearchHistoryProvider
07-18 22:58:37.097   144 15767 I ActivityManager: Process com.google.android.apps.plus (pid 27121) has died.
07-18 22:58:37.113 28136 28136 I ActivityThread: Pub com.google.android.maps.SuggestionProvider: com.google.googlenav.suggest.android.SuggestContentProvider
07-18 22:58:37.128 28136 28136 I ActivityThread: Pub com.google.android.maps.LayerInfoProvider: com.google.googlenav.layer.LayerInfoProvider
07-18 22:58:37.152 28136 28136 I ActivityThread: Pub com.google.android.maps.TrafficAppWidgetProvider: com.google.googlenav.appwidget.traffic.TrafficAppWidgetProvider
07-18 22:58:37.156 28136 28136 I ActivityThread: Pub com.google.android.maps.LocalActivePlacesProvider: com.google.googlenav.provider.LocalActivePlacesProvider
07-18 22:58:37.156 28136 28136 I ActivityThread: Pub com.google.android.maps.StarredItemProvider: com.google.googlenav.provider.StarredItemProvider
07-18 22:58:37.222 28136 28139 D dalvikvm: GC_CONCURRENT freed 162K, 3% free 9649K/9927K, paused 2ms+3ms
07-18 22:58:37.386 28136 28139 D dalvikvm: GC_CONCURRENT freed 221K, 4% free 9831K/10183K, paused 2ms+3ms
07-18 22:58:37.484 28136 28136 I ActivityThread: Pub com.google.android.maps.LocalSuggestionProvider: com.google.googlenav.provider.LocalSuggestionProvider
07-18 22:58:37.484 28136 28136 I ActivityThread: Pub com.google.android.maps.NavigationAvailabilityProvider: com.google.googlenav.provider.NavigationAvailabilityProvider
07-18 22:58:37.636 28136 28152 D dalvikvm: GC_FOR_ALLOC freed 188K, 3% free 9973K/10247K, paused 39ms
07-18 22:58:37.687 28136 28153 D dalvikvm: GC_FOR_ALLOC freed 10K, 4% free 10163K/10503K, paused 38ms
07-18 22:58:37.835 28136 28139 D dalvikvm: GC_CONCURRENT freed 148K, 3% free 10507K/10759K, paused 2ms+6ms
07-18 22:58:37.866 28136 28162 D dalvikvm: GC_FOR_ALLOC freed 36K, 3% free 10686K/11015K, paused 30ms
07-18 22:58:57.988 28046 28048 D dalvikvm: GC_CONCURRENT freed 428K, 5% free 10318K/10823K, paused 2ms+3ms
07-18 22:58:58.128 26627 26629 D dalvikvm: GC_CONCURRENT freed 425K, 8% free 10165K/10951K, paused 2ms+2ms
07-18 22:59:14.374 26452 26465 I PhoneLab-: Service Running
07-18 22:59:14.495 26452 26465 I PhoneLab-LoggerService: app_37    1395  1     1432   984   c00f181c 400107b4 S logcat
07-18 22:59:14.495 26452 26465 I PhoneLab-LoggerService: Logcat pid from database 1395
07-18 22:59:14.495 26452 26465 I PhoneLab-LoggerService: Logcat process found 1395
07-18 22:59:14.495 26452 26465 I PhoneLab-LoggerService: Checking Threshold
07-18 22:59:14.495 26452 26465 I PhoneLab-LoggerService: Starting to rename files
07-18 22:59:14.495 26452 26465 I PhoneLab-LoggerService: Files found .. 2
07-18 22:59:15.781   144   199 D DhcpInfoInternal: makeLinkProperties with empty dns2!
07-18 22:59:15.784   144   199 D DhcpInfoInternal: makeLinkProperties with empty dns2!
07-18 22:59:58.136 26627 26629 D dalvikvm: GC_CONCURRENT freed 403K, 8% free 10164K/10951K, paused 2ms+2ms
07-18 23:00:00.116 28046 28048 D dalvikvm: GC_CONCURRENT freed 522K, 7% free 10229K/10887K, paused 2ms+2ms
07-18 23:00:58.023   346   346 D SAN_SERVICE: *******************************************
07-18 23:00:58.023   346   346 D SAN_SERVICE: DM App Phone Service State - 0
07-18 23:00:58.023   346   346 D SAN_SERVICE: *******************************************
07-18 23:00:58.191 26627 26629 D dalvikvm: GC_CONCURRENT freed 396K, 8% free 10164K/10951K, paused 2ms+2ms
07-18 23:00:58.589   346   346 D SAN_SERVICE: *******************************************
07-18 23:00:58.589   346   346 D SAN_SERVICE: DM App Phone Service State - 0
07-18 23:00:58.589   346   346 D SAN_SERVICE: *******************************************
07-18 23:01:06.652   346   346 D SAN_SERVICE: *******************************************
07-18 23:01:06.652   346   346 D SAN_SERVICE: DM App Phone Service State - 0
07-18 23:01:06.652   346   346 D SAN_SERVICE: *******************************************
07-18 23:01:14.374 26452 26465 I PhoneLab-: Service Running
07-18 23:01:14.456 26452 26455 D dalvikvm: GC_CONCURRENT freed 410K, 14% free 9122K/10567K, paused 49ms+4ms
07-18 23:01:14.480 26452 26465 I PhoneLab-LoggerService: app_37    1395  1     1432   984   c00f181c 400107b4 S logcat
07-18 23:01:14.484 26452 26465 I PhoneLab-LoggerService: Logcat pid from database 1395
07-18 23:01:14.484 26452 26465 I PhoneLab-LoggerService: Logcat process found 1395
07-18 23:01:14.484 26452 26465 I PhoneLab-LoggerService: Checking Threshold
07-18 23:01:14.484 26452 26465 I PhoneLab-LoggerService: Starting to rename files
07-18 23:01:14.484 26452 26465 I PhoneLab-LoggerService: Files found .. 2
07-18 23:01:36.663   144   180 I ActivityManager: START {act=android.intent.action.MAIN cat=[android.intent.category.HOME] flg=0x10200000 cmp=com.android.launcher/com.android.launcher2.Launcher} from pid 144
07-18 23:01:37.214 22754 22754 D OpenGLRenderer: Flushing caches (mode 0)
07-18 23:01:37.245   144   342 W InputManagerService: Starting input on non-focused client com.android.internal.view.IInputMethodClient$Stub$Proxy@41954898 (uid=10064 pid=22754)
07-18 23:01:37.335 22754 22754 D OpenGLRenderer: Flushing caches (mode 1)
07-18 23:01:39.031   346   346 D SAN_SERVICE: *******************************************
07-18 23:01:39.031   346   346 D SAN_SERVICE: DM App Phone Service State - 0
07-18 23:01:39.031   346   346 D SAN_SERVICE: *******************************************
07-18 23:01:39.784   346   346 D SAN_SERVICE: *******************************************
07-18 23:01:39.784   346   346 D SAN_SERVICE: DM App Phone Service State - 0
07-18 23:01:39.784   346   346 D SAN_SERVICE: *******************************************
07-18 23:01:40.640   144   199 D DhcpInfoInternal: makeLinkProperties with empty dns2!
07-18 23:01:40.648   144   199 D DhcpInfoInternal: makeLinkProperties with empty dns2!
07-18 23:01:42.695   346   346 D SAN_SERVICE: *******************************************
07-18 23:01:42.695   346   346 D SAN_SERVICE: DM App Phone Service State - 0
07-18 23:01:42.695   346   346 D SAN_SERVICE: *******************************************
07-18 23:01:58.198 26190 26192 D dalvikvm: GC_CONCURRENT freed 394K, 6% free 10105K/10695K, paused 7ms+13ms
07-18 23:01:58.226 28046 28048 D dalvikvm: GC_CONCURRENT freed 498K, 6% free 10243K/10887K, paused 2ms+3ms
07-18 23:01:58.366 26627 26629 D dalvikvm: GC_CONCURRENT freed 397K, 8% free 10161K/10951K, paused 2ms+2ms
07-18 23:02:00.085   215   217 D dalvikvm: GC_CONCURRENT freed 395K, 58% free 9676K/22727K, paused 2ms+4ms
07-18 23:02:01.343   144   310 I ActivityManager: START {act=android.intent.action.MAIN cat=[android.intent.category.LAUNCHER] flg=0x10000000 pkg=com.whatsapp cmp=com.whatsapp/.Main bnds=[0,254][120,404]} from pid 12865
07-18 23:02:01.616 12865 12865 D OpenGLRenderer: Flushing caches (mode 1)
07-18 23:02:01.624 12865 12865 D OpenGLRenderer: Flushing caches (mode 0)
07-18 23:02:01.679   144   342 I ActivityManager: START {cmp=com.whatsapp/.Conversations} from pid 27585
07-18 23:02:01.929 27585 27588 D dalvikvm: GC_CONCURRENT freed 244K, 6% free 10025K/10567K, paused 15ms+6ms
07-18 23:02:01.952 27585 27585 D dalvikvm: GC_FOR_ALLOC freed 20K, 6% free 10041K/10631K, paused 19ms
07-18 23:02:01.952 27585 27585 I dalvikvm-heap: Grow heap (frag case) to 10.066MB for 196256-byte allocation
07-18 23:02:01.984 27585 27585 D dalvikvm: GC_FOR_ALLOC freed <1K, 6% free 10233K/10823K, paused 18ms
07-18 23:02:02.015 27585 27585 D dalvikvm: GC_FOR_ALLOC freed 3K, 6% free 10241K/10823K, paused 18ms
07-18 23:02:02.015 27585 27585 I dalvikvm-heap: Grow heap (frag case) to 10.221MB for 155248-byte allocation
07-18 23:02:02.038 27585 27585 D dalvikvm: GC_FOR_ALLOC freed <1K, 6% free 10392K/11015K, paused 19ms
07-18 23:02:02.159   215   215 V PhoneStatusBar: setLightsOn(true)
07-18 23:02:02.195   144   160 I Process : Sending signal. PID: 27585 SIG: 3
07-18 23:02:02.195 27585 27590 I dalvikvm: threadid=3: reacting to signal 3
07-18 23:02:02.245 27585 27590 I dalvikvm: Wrote stack traces to '/data/anr/traces.txt'
07-18 23:02:02.425   144   175 I ActivityManager: Displayed com.whatsapp/.Conversations: +739ms (total +973ms)
07-18 23:02:02.511 27585 28219 D dalvikvm: GC_FOR_ALLOC freed 100K, 4% free 10596K/11015K, paused 20ms
07-18 23:02:02.652 27585 28219 D dalvikvm: GC_FOR_ALLOC freed 239K, 6% free 10633K/11207K, paused 23ms
07-18 23:02:04.597   144   342 I ActivityManager: START {cmp=com.whatsapp/.ContactPicker} from pid 27585
07-18 23:02:04.812 27585 27588 D dalvikvm: GC_CONCURRENT freed 296K, 4% free 10821K/11271K, paused 2ms+3ms
07-18 23:02:04.902   215   215 V PhoneStatusBar: setLightsOn(true)
07-18 23:02:05.077   321   322 D dalvikvm: GC_CONCURRENT freed 1419K, 24% free 10141K/13191K, paused 2ms+9ms
07-18 23:02:05.116   144   175 I ActivityManager: Displayed com.whatsapp/.ContactPicker: +437ms
07-18 23:02:05.198 27585 28225 D dalvikvm: GC_EXPLICIT freed 75K, 4% free 10928K/11271K, paused 4ms+3ms
07-18 23:02:05.570   144   390 D dalvikvm: GC_EXPLICIT freed 1331K, 24% free 18500K/24199K, paused 3ms+12ms
07-18 23:02:05.706 27585 27588 D dalvikvm: GC_CONCURRENT freed 434K, 5% free 11015K/11591K, paused 3ms+4ms
07-18 23:02:05.784 27585 27585 D dalvikvm: GC_FOR_ALLOC freed 32K, 6% free 11193K/11783K, paused 26ms
07-18 23:02:05.812 27585 27585 D dalvikvm: GC_FOR_ALLOC freed 1K, 5% free 11381K/11975K, paused 25ms
07-18 23:02:05.839 27585 27585 D dalvikvm: GC_FOR_ALLOC freed 0K, 5% free 11571K/12167K, paused 24ms
07-18 23:02:05.878 27585 27585 D dalvikvm: GC_FOR_ALLOC freed 0K, 5% free 11950K/12551K, paused 30ms
07-18 23:02:05.913 27585 27585 D dalvikvm: GC_FOR_ALLOC freed 0K, 5% free 12335K/12935K, paused 27ms
07-18 23:02:06.784 27002 28110 D dalvikvm: GC_EXPLICIT freed 233K, 6% free 9849K/10439K, paused 3ms+17ms
07-18 23:02:06.948 27585 27588 D dalvikvm: GC_CONCURRENT freed 737K, 7% free 12642K/13511K, paused 2ms+5ms
07-18 23:02:07.628 27585 28225 D dalvikvm: GC_EXPLICIT freed 686K, 8% free 12709K/13767K, paused 3ms+5ms
07-18 23:02:08.648 27002 28110 D dalvikvm: GC_EXPLICIT freed 296K, 7% free 9809K/10439K, paused 2ms+5ms
07-18 23:02:09.417   144   144 I ActivityManager: START {flg=0x14000000 cmp=com.whatsapp/.Conversation (has extras)} from pid 27585
07-18 23:02:09.460   215   215 V PhoneStatusBar: setLightsOn(true)
07-18 23:02:09.488   144   155 W InputManagerService: Focus gain on non-focused client com.android.internal.view.IInputMethodClient$Stub$Proxy@41760c40 (uid=10068 pid=27585)
07-18 23:02:09.609 27585 27585 D dalvikvm: GC_FOR_ALLOC freed 728K, 7% free 13083K/14023K, paused 25ms
07-18 23:02:09.644 27585 27585 D skia    : --- SkImageDecoder::Factory returned null
07-18 23:02:09.773   215   215 V PhoneStatusBar: setLightsOn(true)
07-18 23:02:09.827   144   175 I ActivityManager: Displayed com.whatsapp/.Conversation: +349ms
07-18 23:02:09.921   321   321 D dalvikvm: GC_FOR_ALLOC freed 155K, 24% free 10138K/13191K, paused 15ms
07-18 23:02:09.921   321   321 I dalvikvm-heap: Grow heap (frag case) to 10.818MB for 885136-byte allocation
07-18 23:02:09.988   321   322 D dalvikvm: GC_CONCURRENT freed <1K, 17% free 11002K/13191K, paused 1ms+12ms
07-18 23:02:10.202   215   217 D dalvikvm: GC_CONCURRENT freed 207K, 57% free 9889K/22727K, paused 2ms+3ms
07-18 23:02:10.257   215   215 D dalvikvm: GC_FOR_ALLOC freed 656K, 58% free 9715K/22727K, paused 17ms
07-18 23:02:10.402   215   217 D dalvikvm: GC_CONCURRENT freed 325K, 57% free 9896K/22727K, paused 2ms+3ms
07-18 23:02:11.898   215   215 D dalvikvm: GC_FOR_ALLOC freed 544K, 58% free 9708K/22727K, paused 19ms
07-18 23:02:11.960   215   217 D dalvikvm: GC_CONCURRENT freed 297K, 57% free 9916K/22727K, paused 2ms+3ms
07-18 23:02:13.870   215   215 V PhoneStatusBar: setLightsOn(true)
07-18 23:02:14.663   144   378 I ActivityManager: START {cmp=com.whatsapp/.ContactPicker} from pid 27585
07-18 23:02:14.816   215   215 V PhoneStatusBar: setLightsOn(true)
07-18 23:02:14.945   144   175 I ActivityManager: Displayed com.whatsapp/.ContactPicker: +246ms
07-18 23:02:15.191 27585 27588 D dalvikvm: GC_CONCURRENT freed 2164K, 16% free 12166K/14471K, paused 3ms+8ms
07-18 23:02:15.413   144   310 D dalvikvm: GC_EXPLICIT freed 881K, 24% free 18433K/24199K, paused 3ms+18ms
07-18 23:02:15.468 27585 27588 D dalvikvm: GC_CONCURRENT freed 1084K, 17% free 12123K/14471K, paused 2ms+3ms
07-18 23:02:15.945 27585 28227 D dalvikvm: GC_EXPLICIT freed 295K, 13% free 12715K/14471K, paused 5ms+5ms
07-18 23:02:16.640 27002 28110 D dalvikvm: GC_EXPLICIT freed 250K, 6% free 9815K/10439K, paused 2ms+12ms
07-18 23:02:17.226 27585 27588 D dalvikvm: GC_CONCURRENT freed 980K, 12% free 12841K/14471K, paused 2ms+5ms
07-18 23:02:18.218 27002 28228 D dalvikvm: GC_EXPLICIT freed 261K, 7% free 9812K/10439K, paused 3ms+3ms
07-18 23:02:18.437 27585 28227 D dalvikvm: GC_EXPLICIT freed 815K, 12% free 12850K/14471K, paused 2ms+5ms
07-18 23:02:18.652 27585 27592 I dalvikvm: Jit: resizing JitTable from 4096 to 8192
07-18 23:02:19.284   144  1168 D dalvikvm: GC_EXPLICIT freed 177K, 24% free 18403K/24199K, paused 11ms+25ms
07-18 23:02:19.999   144 15767 I ActivityManager: START {flg=0x14000000 cmp=com.whatsapp/.Conversation (has extras)} from pid 27585
07-18 23:02:20.046   215   215 V PhoneStatusBar: setLightsOn(true)
07-18 23:02:20.073   144  1168 W InputManagerService: Focus gain on non-focused client com.android.internal.view.IInputMethodClient$Stub$Proxy@41760c40 (uid=10068 pid=27585)
07-18 23:02:20.183 27585 27585 D dalvikvm: GC_FOR_ALLOC freed 647K, 10% free 13127K/14471K, paused 27ms
07-18 23:02:20.183 27585 27585 I dalvikvm-heap: Grow heap (frag case) to 13.073MB for 184336-byte allocation
07-18 23:02:20.206 27585 28227 D dalvikvm: GC_FOR_ALLOC freed 91K, 10% free 13215K/14663K, paused 24ms
07-18 23:02:20.230 27585 27585 D skia    : --- SkImageDecoder::Factory returned null
07-18 23:02:20.288   215   215 V PhoneStatusBar: setLightsOn(true)
07-18 23:02:20.335   144   175 I ActivityManager: Displayed com.whatsapp/.Conversation: +274ms
07-18 23:02:20.413   321   321 D dalvikvm: GC_FOR_ALLOC freed 1179K, 24% free 10139K/13191K, paused 18ms
07-18 23:02:20.413   321   321 I dalvikvm-heap: Grow heap (frag case) to 10.819MB for 885136-byte allocation
07-18 23:02:20.491   321   322 D dalvikvm: GC_CONCURRENT freed 1K, 17% free 11002K/13191K, paused 1ms+11ms
07-18 23:02:20.636   215   217 D dalvikvm: GC_CONCURRENT freed 586K, 58% free 9729K/22727K, paused 2ms+5ms
07-18 23:02:20.730   215   217 D dalvikvm: GC_CONCURRENT freed 293K, 57% free 9904K/22727K, paused 3ms+4ms
07-18 23:02:20.866   215   217 D dalvikvm: GC_CONCURRENT freed 403K, 57% free 9896K/22727K, paused 2ms+3ms
07-18 23:02:26.687 26190 28230 I EventLogService: Aggregate from 1342665146499 (log), 1342665146499 (data)
07-18 23:02:29.620   215   215 D dalvikvm: GC_FOR_ALLOC freed 546K, 58% free 9708K/22727K, paused 17ms
07-18 23:02:29.679   215   217 D dalvikvm: GC_CONCURRENT freed 297K, 57% free 9831K/22727K, paused 2ms+4ms
07-18 23:02:31.609   215   215 V PhoneStatusBar: setLightsOn(true)
07-18 23:02:33.695   346   346 D SAN_SERVICE: *******************************************
07-18 23:02:33.695   346   346 D SAN_SERVICE: DM App Phone Service State - 0
07-18 23:02:33.695   346   346 D SAN_SERVICE: *******************************************
07-18 23:02:36.741   144  1168 I ActivityManager: START {flg=0x14000000 cmp=com.whatsapp/.Conversation (has extras)} from pid 27585
07-18 23:02:36.870 27585 27585 D skia    : --- SkImageDecoder::Factory returned null
07-18 23:02:36.925   215   215 V PhoneStatusBar: setLightsOn(true)
07-18 23:02:37.218   144   175 I ActivityManager: Displayed com.whatsapp/.Conversation: +414ms
07-18 23:02:37.366 27585 27588 D dalvikvm: GC_CONCURRENT freed 2189K, 16% free 12334K/14663K, paused 2ms+8ms
07-18 23:02:37.531 27585 27588 D dalvikvm: GC_CONCURRENT freed 1193K, 17% free 12233K/14663K, paused 2ms+6ms
07-18 23:02:37.745 27585 27588 D dalvikvm: GC_CONCURRENT freed 529K, 14% free 12675K/14663K, paused 3ms+5ms
07-18 23:02:38.062 27585 27588 D dalvikvm: GC_CONCURRENT freed 452K, 10% free 13339K/14663K, paused 2ms+4ms
07-18 23:02:38.921   321   333 I dalvikvm: Jit: resizing JitTable from 4096 to 8192
07-18 23:02:38.991   321   321 D dalvikvm: GC_FOR_ALLOC freed 1103K, 24% free 10139K/13191K, paused 23ms
07-18 23:02:38.991   321   321 I dalvikvm-heap: Grow heap (frag case) to 10.819MB for 885136-byte allocation
07-18 23:02:39.058   215   217 D dalvikvm: GC_CONCURRENT freed 530K, 58% free 9727K/22727K, paused 2ms+16ms
07-18 23:02:39.058   321   322 D dalvikvm: GC_CONCURRENT freed 1K, 17% free 11002K/13191K, paused 2ms+12ms
07-18 23:02:39.265   215   217 D dalvikvm: GC_CONCURRENT freed 327K, 57% free 9850K/22727K, paused 1ms+4ms
07-18 23:02:39.370   215   217 D dalvikvm: GC_CONCURRENT freed 508K, 58% free 9751K/22727K, paused 2ms+4ms
07-18 23:02:40.542   215   215 D dalvikvm: GC_FOR_ALLOC freed 410K, 58% free 9705K/22727K, paused 36ms
07-18 23:02:40.636   215   217 D dalvikvm: GC_CONCURRENT freed 387K, 57% free 9817K/22727K, paused 2ms+7ms
07-18 23:02:42.570   215   215 V PhoneStatusBar: setLightsOn(true)
07-18 23:02:43.859   346   346 D SAN_SERVICE: *******************************************
07-18 23:02:43.859   346   346 D SAN_SERVICE: DM App Phone Service State - 0
07-18 23:02:43.859   346   346 D SAN_SERVICE: *******************************************
07-18 23:02:43.874   144 14994 I ActivityManager: START {cmp=com.whatsapp/.ContactPicker} from pid 27585
07-18 23:02:44.003   215   215 V PhoneStatusBar: setLightsOn(true)
07-18 23:02:44.120   144   175 I ActivityManager: Displayed com.whatsapp/.ContactPicker: +204ms
07-18 23:02:44.363 27002 28110 D dalvikvm: GC_EXPLICIT freed 280K, 6% free 9825K/10439K, paused 2ms+4ms
07-18 23:02:44.511 27585 27585 D dalvikvm: GC_FOR_ALLOC freed 913K, 8% free 13732K/14855K, paused 40ms
07-18 23:02:44.581 27585 27585 D dalvikvm: GC_FOR_ALLOC freed 866K, 13% free 13436K/15431K, paused 40ms
07-18 23:02:44.581 27585 27585 I dalvikvm-heap: Grow heap (frag case) to 13.384MB for 193936-byte allocation
07-18 23:02:44.620 27585 27585 D dalvikvm: GC_FOR_ALLOC freed 6K, 13% free 13619K/15623K, paused 39ms
07-18 23:02:44.659 27585 27585 D dalvikvm: GC_FOR_ALLOC freed <1K, 13% free 13619K/15623K, paused 35ms
07-18 23:02:44.659 27585 27585 I dalvikvm-heap: Grow heap (frag case) to 13.563MB for 193936-byte allocation
07-18 23:02:44.695 27585 27585 D dalvikvm: GC_FOR_ALLOC freed <1K, 13% free 13808K/15815K, paused 33ms
07-18 23:02:44.738 27585 27585 D dalvikvm: GC_FOR_ALLOC freed <1K, 13% free 13808K/15815K, paused 35ms
07-18 23:02:44.738 27585 27585 I dalvikvm-heap: Grow heap (frag case) to 13.748MB for 193936-byte allocation
07-18 23:02:44.773 27585 27585 D dalvikvm: GC_FOR_ALLOC freed 0K, 13% free 13997K/16007K, paused 35ms
07-18 23:02:44.913 27585 27585 D dalvikvm: GC_FOR_ALLOC freed 62K, 13% free 14013K/16007K, paused 35ms
07-18 23:02:44.913 27585 27585 I dalvikvm-heap: Grow heap (frag case) to 13.948MB for 193936-byte allocation
07-18 23:02:44.952 27585 27585 D dalvikvm: GC_FOR_ALLOC freed 28K, 13% free 14174K/16199K, paused 35ms
07-18 23:02:45.386 27585 28231 D dalvikvm: GC_EXPLICIT freed 350K, 13% free 14244K/16199K, paused 4ms+5ms
07-18 23:02:46.460 27002 27041 D dalvikvm: GC_EXPLICIT freed 283K, 7% free 9801K/10439K, paused 2ms+12ms
07-18 23:02:46.730   144 12390 D dalvikvm: GC_EXPLICIT freed 1014K, 24% free 18460K/24199K, paused 9ms+10ms
07-18 23:02:47.659   144 15767 I ActivityManager: START {flg=0x14000000 cmp=com.whatsapp/.Conversation (has extras)} from pid 27585
07-18 23:02:47.706   215   215 V PhoneStatusBar: setLightsOn(true)
07-18 23:02:47.722   144   390 W InputManagerService: Focus gain on non-focused client com.android.internal.view.IInputMethodClient$Stub$Proxy@41760c40 (uid=10068 pid=27585)
07-18 23:02:47.863 27585 27588 D dalvikvm: GC_CONCURRENT freed 1071K, 8% free 14913K/16199K, paused 3ms+5ms
07-18 23:02:47.890 27585 27585 D skia    : --- SkImageDecoder::Factory returned null
07-18 23:02:47.945   215   215 V PhoneStatusBar: setLightsOn(true)
07-18 23:02:47.991   144   175 I ActivityManager: Displayed com.whatsapp/.Conversation: +282ms
07-18 23:02:48.066   321   321 D dalvikvm: GC_FOR_ALLOC freed 1179K, 24% free 10139K/13191K, paused 18ms
07-18 23:02:48.070   321   321 I dalvikvm-heap: Grow heap (frag case) to 10.820MB for 885136-byte allocation
07-18 23:02:48.136   321   322 D dalvikvm: GC_CONCURRENT freed 1K, 17% free 11002K/13191K, paused 4ms+6ms
07-18 23:02:48.331   215   217 D dalvikvm: GC_CONCURRENT freed 332K, 57% free 9889K/22727K, paused 1ms+7ms
07-18 23:02:48.402   215   217 D dalvikvm: GC_CONCURRENT freed 553K, 57% free 9835K/22727K, paused 2ms+3ms
07-18 23:02:49.761   215   217 D dalvikvm: GC_CONCURRENT freed 403K, 57% free 9887K/22727K, paused 2ms+2ms
07-18 23:02:49.820   215   217 D dalvikvm: GC_CONCURRENT freed 614K, 58% free 9708K/22727K, paused 2ms+3ms
07-18 23:02:49.917   215   217 D dalvikvm: GC_CONCURRENT freed 371K, 58% free 9762K/22727K, paused 1ms+3ms
07-18 23:02:50.788   215   215 V PhoneStatusBar: setLightsOn(true)
07-18 23:02:51.796   144   156 I ActivityManager: START {cmp=com.whatsapp/.ContactPicker} from pid 27585
07-18 23:02:51.956   215   215 V PhoneStatusBar: setLightsOn(true)
07-18 23:02:52.062   144   175 I ActivityManager: Displayed com.whatsapp/.ContactPicker: +212ms
07-18 23:02:52.179 27585 28232 D dalvikvm: GC_EXPLICIT freed 1877K, 17% free 13594K/16199K, paused 2ms+7ms
07-18 23:02:52.472 27002 27013 D dalvikvm: GC_EXPLICIT freed 248K, 7% free 9807K/10439K, paused 2ms+4ms
07-18 23:02:52.702 27585 27585 D dalvikvm: GC_FOR_ALLOC freed 1267K, 16% free 13705K/16199K, paused 37ms
07-18 23:02:53.859 27585 27588 D dalvikvm: GC_CONCURRENT freed 757K, 12% free 14390K/16199K, paused 2ms+4ms
07-18 23:02:54.523   144   378 D dalvikvm: GC_EXPLICIT freed 797K, 24% free 18436K/24199K, paused 8ms+19ms
07-18 23:02:54.781 27002 27014 D dalvikvm: GC_EXPLICIT freed 259K, 7% free 9804K/10439K, paused 37ms+33ms
07-18 23:02:54.902 27585 28232 D dalvikvm: GC_EXPLICIT freed 638K, 12% free 14315K/16199K, paused 4ms+7ms
07-18 23:02:56.863   144   388 I ActivityManager: START {flg=0x14000000 cmp=com.whatsapp/.Conversation (has extras)} from pid 27585
07-18 23:02:56.909   215   215 V PhoneStatusBar: setLightsOn(true)
07-18 23:02:56.921   144   378 W InputManagerService: Focus gain on non-focused client com.android.internal.view.IInputMethodClient$Stub$Proxy@41760c40 (uid=10068 pid=27585)
07-18 23:02:57.019 27585 27585 D skia    : --- SkImageDecoder::Factory returned null
07-18 23:02:57.062   215   215 V PhoneStatusBar: setLightsOn(true)
07-18 23:02:57.148   144   175 I ActivityManager: Displayed com.whatsapp/.Conversation: +236ms
07-18 23:02:57.214   321   321 D dalvikvm: GC_FOR_ALLOC freed 1179K, 24% free 10139K/13191K, paused 18ms
07-18 23:02:57.214   321   321 I dalvikvm-heap: Grow heap (frag case) to 10.819MB for 885136-byte allocation
07-18 23:02:57.288 27585 27588 D dalvikvm: GC_CONCURRENT freed 915K, 8% free 15054K/16199K, paused 2ms+19ms
07-18 23:02:57.292   321   322 D dalvikvm: GC_CONCURRENT freed 1K, 17% free 11002K/13191K, paused 2ms+3ms
07-18 23:02:57.503   215   217 D dalvikvm: GC_CONCURRENT freed 289K, 57% free 9878K/22727K, paused 2ms+3ms
07-18 23:02:57.589   215   217 D dalvikvm: GC_CONCURRENT freed 586K, 57% free 9775K/22727K, paused 2ms+4ms
07-18 23:02:58.296 26627 26629 D dalvikvm: GC_CONCURRENT freed 402K, 8% free 10163K/10951K, paused 2ms+2ms
07-18 23:03:11.749 26751 27152 D GetStringObjTask: retrieving from url = http://www.chess.com/api/get_move_status?id=5HHjW9WUGa%2Bcu1LUwnVJPxTIWxmEve4VdkRnRyg7b5Ch69JH2Z5aB%2B7eGuFw8K2uFx47KFsdE3JRdR3Mzv0PkZOj6eZ8N73BvxmEERrzXjMNRo80rkLyJAUTh0iqof4n
07-18 23:03:12.531 26751 27152 D GetStringObjTask: WebRequest SERVER RESPONSE: Success+0
07-18 23:03:13.480 22754 22756 D dalvikvm: GC_CONCURRENT freed 1660K, 43% free 14556K/25159K, paused 14ms+8ms
07-18 23:03:14.374 26452 26465 I PhoneLab-: Service Running
07-18 23:03:14.468 26452 26465 I PhoneLab-LoggerService: app_37    1395  1     1432   984   c00f181c 400107b4 S logcat
07-18 23:03:14.468 26452 26465 I PhoneLab-LoggerService: Logcat pid from database 1395
07-18 23:03:14.468 26452 26465 I PhoneLab-LoggerService: Logcat process found 1395
07-18 23:03:14.468 26452 26465 I PhoneLab-LoggerService: Checking Threshold
07-18 23:03:14.468 26452 26465 I PhoneLab-LoggerService: Starting to rename files
07-18 23:03:14.468 26452 26465 I PhoneLab-LoggerService: Files found .. 2
07-18 23:03:14.613   346   346 D SAN_SERVICE: *******************************************
07-18 23:03:14.613   346   346 D SAN_SERVICE: DM App Phone Service State - 0
07-18 23:03:14.613   346   346 D SAN_SERVICE: *******************************************
07-18 23:03:14.890   346   346 D SAN_SERVICE: *******************************************
07-18 23:03:14.890   346   346 D SAN_SERVICE: DM App Phone Service State - 0
07-18 23:03:14.890   346   346 D SAN_SERVICE: *******************************************
07-18 23:03:15.359   346   346 D SAN_SERVICE: *******************************************
07-18 23:03:15.359   346   346 D SAN_SERVICE: DM App Phone Service State - 0
07-18 23:03:15.359   346   346 D SAN_SERVICE: *******************************************
07-18 23:03:15.597 22754 22756 D dalvikvm: GC_CONCURRENT freed 987K, 40% free 15296K/25159K, paused 3ms+6ms
07-18 23:03:29.898   144   169 I ActivityManager: Start proc com.google.android.apps.currents for service com.google.android.apps.currents/com.google.apps.dots.android.app.service.SyncService: pid=28240 uid=10078 gids={3003, 1015}
07-18 23:03:29.933   346   346 D SAN_SERVICE: *******************************************
07-18 23:03:29.933   346   346 D SAN_SERVICE: DM App Phone Service State - 0
07-18 23:03:29.933   346   346 D SAN_SERVICE: *******************************************
07-18 23:03:30.281 28240 28240 I ActivityThread: Pub com.google.apps.dots.android.app.provider.SuggestionProvider: com.google.apps.dots.android.app.provider.SuggestionProvider
07-18 23:03:30.288 28240 28240 I ActivityThread: Pub com.google.android.apps.currents.exported: com.google.apps.dots.android.app.provider.ExportedContentProvider
07-18 23:03:30.355 28240 28242 D dalvikvm: GC_CONCURRENT freed 178K, 3% free 9354K/9607K, paused 3ms+2ms
07-18 23:03:30.421 28240 28242 D dalvikvm: GC_CONCURRENT freed 266K, 5% free 9581K/9991K, paused 2ms+2ms
07-18 23:03:30.534 28240 28242 D dalvikvm: GC_CONCURRENT freed 232K, 4% free 9826K/10183K, paused 2ms+2ms
07-18 23:03:30.671 28240 28242 D dalvikvm: GC_CONCURRENT freed 233K, 4% free 10087K/10439K, paused 2ms+2ms
07-18 23:03:30.718 28240 28240 I DotsContentUris: content://com.google.android.apps.currents
07-18 23:03:30.718   346   346 D SAN_SERVICE: *******************************************
07-18 23:03:30.718   346   346 D SAN_SERVICE: DM App Phone Service State - 0
07-18 23:03:30.718   346   346 D SAN_SERVICE: *******************************************
07-18 23:03:30.726   144  6618 I ActivityManager: Process com.google.android.apps.gesturesearch (pid 27056) has died.
07-18 23:03:30.730 28240 28240 I ActivityThread: Pub com.google.android.apps.currents: com.google.apps.dots.android.app.provider.DotsContentProvider
07-18 23:03:30.741 28240 28240 I DotsApplication: Starting up...
07-18 23:03:30.995   144   310 I ActivityManager: Process com.android.sprintmenu (pid 27376) has died.
07-18 23:03:30.995   144   310 W ActivityManager: Scheduling restart of crashed service com.android.sprintmenu/.HiddenPhoneService in 5000ms
07-18 23:03:31.015 28240 28242 D dalvikvm: GC_CONCURRENT freed 416K, 6% free 10148K/10695K, paused 3ms+3ms
07-18 23:03:31.265 28240 28242 D dalvikvm: GC_CONCURRENT freed 306K, 5% free 10324K/10759K, paused 2ms+7ms
07-18 23:03:31.323 28240 28261 I SyncService: Starting sync (23:03:31)
07-18 23:03:32.195 26190 27780 D dalvikvm: GC_EXPLICIT freed 299K, 7% free 10024K/10695K, paused 9ms+3ms
07-18 23:03:32.495   144 14994 I ActivityManager: Process com.google.android.talk (pid 27782) has died.
07-18 23:03:34.093 28240 28242 D dalvikvm: GC_CONCURRENT freed 284K, 4% free 10464K/10887K, paused 2ms+3ms
07-18 23:03:34.425 28240 28242 D dalvikvm: GC_CONCURRENT freed 220K, 4% free 10656K/11015K, paused 2ms+2ms
07-18 23:03:34.542 28240 28242 D dalvikvm: GC_CONCURRENT freed 464K, 6% free 10702K/11335K, paused 2ms+3ms
07-18 23:03:34.808 28240 28242 D dalvikvm: GC_CONCURRENT freed 509K, 6% free 10693K/11335K, paused 3ms+2ms
07-18 23:03:34.988   144  1168 D dalvikvm: GC_EXPLICIT freed 909K, 24% free 18449K/24199K, paused 3ms+8ms
07-18 23:03:35.339   346   346 D SAN_SERVICE: *******************************************
07-18 23:03:35.339   346   346 D SAN_SERVICE: DM App Phone Service State - 0
07-18 23:03:35.339   346   346 D SAN_SERVICE: *******************************************
07-18 23:03:35.390   144   342 D SyncManager: setSyncAutomatically: , provider com.google.android.apps.currents -> true
07-18 23:03:35.390   144   342 D SyncManager: setSyncAutomatically: already set to true, doing nothing
07-18 23:03:35.573 28240 28242 D dalvikvm: GC_CONCURRENT freed 318K, 5% free 10804K/11335K, paused 2ms+3ms
07-18 23:03:35.784 28240 28242 D dalvikvm: GC_CONCURRENT freed 262K, 4% free 11101K/11527K, paused 2ms+3ms
07-18 23:03:36.023   144   161 I ActivityManager: Start proc com.android.sprintmenu for service com.android.sprintmenu/.HiddenPhoneService: pid=28266 uid=1001 gids={3002, 3001, 3003, 1015}
07-18 23:03:36.050 28240 28242 D dalvikvm: GC_CONCURRENT freed 254K, 4% free 11455K/11847K, paused 2ms+52ms
07-18 23:03:36.081   144   155 I ActivityManager: Process android.process.media (pid 27803) has died.
07-18 23:03:36.378 28240 28242 D dalvikvm: GC_CONCURRENT freed 1023K, 10% free 11139K/12295K, paused 3ms+4ms
07-18 23:03:36.909 28240 28242 D dalvikvm: GC_CONCURRENT freed 428K, 9% free 11290K/12295K, paused 2ms+3ms
07-18 23:03:37.183   144 15767 I ActivityManager: Process edu.buffalo.cse.phonelab.phonelabservices (pid 26452) has died.
07-18 23:03:37.183   144 15767 W ActivityManager: Scheduling restart of crashed service edu.buffalo.cse.phonelab.phonelabservices/edu.buffalo.cse.phonelab.datalogger.LoggerService in 5000ms
07-18 23:03:37.339 28240 28242 D dalvikvm: GC_CONCURRENT freed 606K, 8% free 11315K/12295K, paused 8ms+3ms
07-18 23:03:37.820 28240 28242 D dalvikvm: GC_CONCURRENT freed 625K, 8% free 11333K/12295K, paused 2ms+4ms
07-18 23:03:38.222   144   378 I ActivityManager: Process com.google.android.apps.maps:LocationFriendService (pid 26627) has died.
07-18 23:03:38.363 28240 28242 D dalvikvm: GC_CONCURRENT freed 647K, 8% free 11330K/12295K, paused 3ms+3ms
07-18 23:03:39.206 28240 28263 D dalvikvm: GC_FOR_ALLOC freed 164K, 8% free 11355K/12295K, paused 25ms
07-18 23:03:39.206 28240 28263 I dalvikvm-heap: Grow heap (frag case) to 11.201MB for 40771-byte allocation
07-18 23:03:39.230 28240 28263 D dalvikvm: GC_FOR_ALLOC freed <1K, 8% free 11394K/12359K, paused 25ms
07-18 23:03:39.390 28240 28242 D dalvikvm: GC_CONCURRENT freed 680K, 8% free 11384K/12359K, paused 2ms+3ms
07-18 23:03:39.527 28240 28242 D dalvikvm: GC_CONCURRENT freed 647K, 8% free 11401K/12359K, paused 2ms+3ms
07-18 23:03:39.652 28240 28242 D dalvikvm: GC_CONCURRENT freed 629K, 8% free 11444K/12359K, paused 1ms+3ms
07-18 23:03:39.800 28240 28242 D dalvikvm: GC_CONCURRENT freed 688K, 8% free 11441K/12359K, paused 2ms+8ms
07-18 23:03:39.941 28240 28242 D dalvikvm: GC_CONCURRENT freed 651K, 8% free 11470K/12359K, paused 2ms+2ms
07-18 23:03:40.085 28240 28242 D dalvikvm: GC_CONCURRENT freed 738K, 7% free 11510K/12359K, paused 2ms+2ms
07-18 23:03:40.417   144 15767 D dalvikvm: GC_EXPLICIT freed 1564K, 24% free 18399K/24199K, paused 3ms+9ms
07-18 23:03:40.683 28240 28242 D dalvikvm: GC_CONCURRENT freed 584K, 6% free 11636K/12359K, paused 2ms+3ms
07-18 23:03:41.925 28240 28242 D dalvikvm: GC_CONCURRENT freed 1080K, 10% free 11333K/12551K, paused 1ms+2ms
07-18 23:03:42.234   144   161 I ActivityManager: Start proc edu.buffalo.cse.phonelab.phonelabservices for service edu.buffalo.cse.phonelab.phonelabservices/edu.buffalo.cse.phonelab.datalogger.LoggerService: pid=28283 uid=10037 gids={3003, 1015, 1007, 2001}
07-18 23:03:42.277    79    79 D dalvikvm: GC_EXPLICIT freed 38K, 4% free 9027K/9347K, paused 2ms+7ms
07-18 23:03:42.320    79    79 D dalvikvm: GC_EXPLICIT freed <1K, 4% free 9027K/9347K, paused 2ms+2ms
07-18 23:03:42.320 28283 28283 I PhoneLab-LoggerService: Start Logger Service
07-18 23:03:42.351 28283 28296 I PhoneLab-: Service Running
07-18 23:03:42.355    79    79 D dalvikvm: GC_EXPLICIT freed <1K, 4% free 9027K/9347K, paused 2ms+2ms
07-18 23:03:42.370 22754 22754 D OpenGLRenderer: Flushing caches (mode 1)
07-18 23:03:42.421 12865 12865 D OpenGLRenderer: Flushing caches (mode 2)
07-18 23:03:42.452 28283 28296 I PhoneLab-LoggerService: app_37    1395  1     1432   980   c00f181c 400107b4 S logcat
07-18 23:03:42.456 28283 28296 I PhoneLab-LoggerService: Logcat pid from database 1395
07-18 23:03:42.456 28283 28296 I PhoneLab-LoggerService: Logcat process found 1395
07-18 23:03:42.456 28283 28296 I PhoneLab-LoggerService: Checking Threshold
07-18 23:03:42.456   144   310 I ActivityManager: Process com.google.android.maps.mytracks (pid 28010) has died.
07-18 23:03:42.460 28283 28296 I PhoneLab-LoggerService: Starting to rename files
07-18 23:03:42.464 28283 28296 I PhoneLab-LoggerService: Files found .. 2
07-18 23:03:42.480 12865 12865 D OpenGLRenderer: Flushing caches (mode 0)
07-18 23:03:43.745 28240 28242 D dalvikvm: GC_CONCURRENT freed 653K, 10% free 11347K/12551K, paused 2ms+4ms
07-18 23:03:43.921 28240 28242 D dalvikvm: GC_CONCURRENT freed 621K, 10% free 11376K/12551K, paused 2ms+2ms
07-18 23:03:44.695 28240 28242 D dalvikvm: GC_CONCURRENT freed 677K, 10% free 11366K/12551K, paused 2ms+2ms
07-18 23:03:45.378 28240 28242 D dalvikvm: GC_CONCURRENT freed 636K, 10% free 11386K/12551K, paused 2ms+3ms
07-18 23:03:46.042 28240 28242 D dalvikvm: GC_CONCURRENT freed 646K, 10% free 11402K/12551K, paused 3ms+3ms
07-18 23:03:46.179 28240 28242 D dalvikvm: GC_CONCURRENT freed 626K, 9% free 11463K/12551K, paused 2ms+3ms
07-18 23:03:47.163 28240 28242 D dalvikvm: GC_CONCURRENT freed 771K, 10% free 11380K/12551K, paused 2ms+2ms
07-18 23:03:47.296 28240 28263 D dalvikvm: GC_EXPLICIT freed 393K, 10% free 11380K/12551K, paused 6ms+3ms
07-18 23:03:47.851 28240 28242 D dalvikvm: GC_CONCURRENT freed 631K, 10% free 11409K/12551K, paused 6ms+3ms
07-18 23:03:48.546 28240 28242 D dalvikvm: GC_CONCURRENT freed 680K, 10% free 11409K/12551K, paused 2ms+3ms
07-18 23:03:48.913 28240 28242 D dalvikvm: GC_CONCURRENT freed 677K, 10% free 11402K/12551K, paused 3ms+2ms
07-18 23:03:50.273 28240 28242 D dalvikvm: GC_CONCURRENT freed 646K, 9% free 11428K/12551K, paused 2ms+4ms
07-18 23:03:52.632 28240 28242 D dalvikvm: GC_CONCURRENT freed 713K, 10% free 11398K/12551K, paused 9ms+8ms
07-18 23:03:53.628 28240 28242 D dalvikvm: GC_CONCURRENT freed 622K, 9% free 11443K/12551K, paused 2ms+3ms
07-18 23:03:53.781 28240 28242 D dalvikvm: GC_CONCURRENT freed 640K, 9% free 11485K/12551K, paused 2ms+5ms
07-18 23:03:53.945 28240 28242 D dalvikvm: GC_CONCURRENT freed 657K, 9% free 11529K/12551K, paused 2ms+3ms
07-18 23:03:54.241   144  1168 D dalvikvm: GC_EXPLICIT freed 495K, 25% free 18386K/24199K, paused 3ms+8ms
07-18 23:03:54.464 28240 28242 D dalvikvm: GC_CONCURRENT freed 579K, 8% free 11659K/12551K, paused 2ms+4ms
07-18 23:03:55.546 28240 28242 D dalvikvm: GC_CONCURRENT freed 1003K, 9% free 11481K/12615K, paused 2ms+4ms
07-18 23:03:55.691 28240 28242 D dalvikvm: GC_CONCURRENT freed 660K, 9% free 11517K/12615K, paused 2ms+3ms
07-18 23:03:55.847 28240 28242 D dalvikvm: GC_CONCURRENT freed 678K, 9% free 11545K/12615K, paused 2ms+3ms
07-18 23:03:56.187 28240 28242 D dalvikvm: GC_CONCURRENT freed 553K, 8% free 11710K/12615K, paused 2ms+3ms
07-18 23:03:56.820 22754 22754 D OpenGLRenderer: Flushing caches (mode 2)
07-18 23:03:56.820 22754 22754 D OpenGLRenderer: Flushing caches (mode 0)
07-18 23:03:57.718 28240 28242 D dalvikvm: GC_CONCURRENT freed 1071K, 10% free 11470K/12743K, paused 2ms+2ms
07-18 23:03:57.859 28240 28242 D dalvikvm: GC_CONCURRENT freed 610K, 10% free 11551K/12743K, paused 2ms+3ms
07-18 23:03:58.120 28240 28242 D dalvikvm: GC_CONCURRENT freed 694K, 10% free 11576K/12743K, paused 2ms+2ms
07-18 23:03:58.159 28046 28048 D dalvikvm: GC_CONCURRENT freed 506K, 6% free 10249K/10887K, paused 1ms+2ms
07-18 23:03:58.195   144   144 I ActivityManager: Start proc com.google.android.apps.maps:LocationFriendService for service com.google.android.apps.maps/com.google.googlenav.friend.reporting.LocationReceiverService: pid=28301 uid=10056 gids={3003, 1015}
07-18 23:03:58.917 28301 28304 D dalvikvm: GC_CONCURRENT freed 153K, 3% free 9378K/9607K, paused 2ms+2ms
07-18 23:03:59.359 28301 28304 D dalvikvm: GC_CONCURRENT freed 173K, 4% free 9622K/9927K, paused 1ms+26ms
07-18 23:04:00.230   144  1168 D dalvikvm: GC_EXPLICIT freed 403K, 24% free 18395K/24199K, paused 4ms+8ms
07-18 23:04:00.429 28301 28304 D dalvikvm: GC_CONCURRENT freed 267K, 4% free 9835K/10183K, paused 2ms+4ms
07-18 23:04:00.503 28301 28308 I dalvikvm: Total arena pages for JIT: 11
07-18 23:04:00.507 28301 28308 I dalvikvm: Total arena pages for JIT: 12
07-18 23:04:00.507 28301 28308 I dalvikvm: Total arena pages for JIT: 13
07-18 23:04:00.507 28301 28308 I dalvikvm: Total arena pages for JIT: 14
07-18 23:04:00.507 28301 28308 I dalvikvm: Total arena pages for JIT: 15
07-18 23:04:00.507 28301 28308 I dalvikvm: Total arena pages for JIT: 16
07-18 23:04:00.507 28301 28308 I dalvikvm: Total arena pages for JIT: 17
07-18 23:04:00.663 28301 28304 D dalvikvm: GC_CONCURRENT freed 340K, 5% free 9976K/10439K, paused 2ms+2ms
07-18 23:04:00.769 28240 28242 D dalvikvm: GC_CONCURRENT freed 721K, 10% free 11586K/12743K, paused 2ms+6ms
07-18 23:04:01.085 28240 28242 D dalvikvm: GC_CONCURRENT freed 747K, 10% free 11567K/12743K, paused 2ms+3ms
07-18 23:04:02.101 28240 28242 D dalvikvm: GC_CONCURRENT freed 799K, 10% free 11493K/12743K, paused 3ms+3ms
07-18 23:04:02.335 28240 28242 D dalvikvm: GC_CONCURRENT freed 740K, 11% free 11451K/12743K, paused 2ms+3ms
07-18 23:04:02.534 28240 28242 D dalvikvm: GC_CONCURRENT freed 574K, 10% free 11561K/12743K, paused 2ms+3ms
07-18 23:04:02.663 28240 28242 D dalvikvm: GC_CONCURRENT freed 570K, 9% free 11713K/12743K, paused 2ms+3ms
07-18 23:04:02.827 28240 28242 D dalvikvm: GC_CONCURRENT freed 635K, 7% free 11896K/12743K, paused 2ms+3ms
07-18 23:04:03.003 28240 28242 D dalvikvm: GC_CONCURRENT freed 1486K, 13% free 11247K/12871K, paused 2ms+3ms
07-18 23:04:03.113 28240 28242 D dalvikvm: GC_CONCURRENT freed 449K, 12% free 11414K/12871K, paused 3ms+3ms
07-18 23:04:04.222 28240 28261 I SyncService: sync service finished (23:04:04)
07-18 23:04:05.523   144   199 D DhcpInfoInternal: makeLinkProperties with empty dns2!
07-18 23:04:05.531   144   199 D DhcpInfoInternal: makeLinkProperties with empty dns2!
07-18 23:04:51.906   346   346 D SAN_SERVICE: *******************************************
07-18 23:04:51.906   346   346 D SAN_SERVICE: DM App Phone Service State - 0
07-18 23:04:51.906   346   346 D SAN_SERVICE: *******************************************
07-18 23:04:52.152   346   346 D SAN_SERVICE: *******************************************
07-18 23:04:52.152   346   346 D SAN_SERVICE: DM App Phone Service State - 0
07-18 23:04:52.152   346   346 D SAN_SERVICE: *******************************************
07-18 23:04:58.320 28301 28308 I dalvikvm: Total arena pages for JIT: 18
07-18 23:04:58.437 28301 28304 D dalvikvm: GC_CONCURRENT freed 480K, 6% free 9962K/10567K, paused 2ms+3ms
07-18 23:05:02.167   346   346 D SAN_SERVICE: *******************************************
07-18 23:05:02.167   346   346 D SAN_SERVICE: DM App Phone Service State - 0
07-18 23:05:02.167   346   346 D SAN_SERVICE: *******************************************
07-18 23:05:23.296   144   180 I ActivityManager: START {act=android.intent.action.MAIN cat=[android.intent.category.HOME] flg=0x10200000 cmp=com.android.launcher/com.android.launcher2.Launcher} from pid 144
07-18 23:05:23.640   215   217 D dalvikvm: GC_CONCURRENT freed 377K, 57% free 9886K/22727K, paused 2ms+4ms
07-18 23:05:23.788   215   217 D dalvikvm: GC_CONCURRENT freed 570K, 58% free 9742K/22727K, paused 1ms+5ms
07-18 23:05:23.906   144 15767 W InputManagerService: Starting input on non-focused client com.android.internal.view.IInputMethodClient$Stub$Proxy@41760c40 (uid=10068 pid=27585)
07-18 23:05:25.054   144   144 I ActivityManager: START {act=android.intent.action.MAIN cat=[android.intent.category.LAUNCHER] flg=0x10000000 pkg=com.whatsapp cmp=com.whatsapp/.Main bnds=[0,254][120,404]} from pid 12865
07-18 23:05:25.253 12865 12865 D OpenGLRenderer: Flushing caches (mode 0)
07-18 23:05:25.257   215   215 V PhoneStatusBar: setLightsOn(true)
07-18 23:05:25.554 12865 12865 D OpenGLRenderer: Flushing caches (mode 1)
07-18 23:05:25.558 12865 12865 D OpenGLRenderer: Flushing caches (mode 1)
07-18 23:05:25.597   215   217 D dalvikvm: GC_CONCURRENT freed 255K, 57% free 9900K/22727K, paused 2ms+3ms
07-18 23:05:25.644   215   215 D dalvikvm: GC_FOR_ALLOC freed 638K, 58% free 9711K/22727K, paused 18ms
07-18 23:05:25.734   215   217 D dalvikvm: GC_CONCURRENT freed 319K, 57% free 9896K/22727K, paused 2ms+3ms
07-18 23:05:27.796   346   346 D SAN_SERVICE: *******************************************
07-18 23:05:27.796   346   346 D SAN_SERVICE: DM App Phone Service State - 0
07-18 23:05:27.800   346   346 D SAN_SERVICE: *******************************************
07-18 23:05:28.499   346   346 D SAN_SERVICE: *******************************************
07-18 23:05:28.499   346   346 D SAN_SERVICE: DM App Phone Service State - 0
07-18 23:05:28.499   346   346 D SAN_SERVICE: *******************************************
07-18 23:05:42.378 28283 28296 I PhoneLab-: Service Running
07-18 23:05:42.448 28283 28296 I PhoneLab-LoggerService: app_37    1395  1     1432   980   c00f181c 400107b4 S logcat
07-18 23:05:42.448 28283 28296 I PhoneLab-LoggerService: Logcat pid from database 1395
07-18 23:05:42.448 28283 28296 I PhoneLab-LoggerService: Logcat process found 1395
07-18 23:05:42.448 28283 28296 I PhoneLab-LoggerService: Checking Threshold
07-18 23:05:42.452 28283 28296 I PhoneLab-LoggerService: Starting to rename files
07-18 23:05:42.452 28283 28296 I PhoneLab-LoggerService: Files found .. 2
07-18 23:05:57.066 28046 28048 D dalvikvm: GC_CONCURRENT freed 391K, 6% free 10242K/10887K, paused 7ms+2ms
07-18 23:05:58.562 28301 28304 D dalvikvm: GC_CONCURRENT freed 417K, 6% free 9969K/10567K, paused 3ms+101ms
07-18 23:06:03.948 12865 12865 D OpenGLRenderer: Flushing caches (mode 2)
07-18 23:06:03.956 12865 12865 D OpenGLRenderer: Flushing caches (mode 0)
07-18 23:06:24.054   346   346 D SAN_SERVICE: *******************************************
07-18 23:06:24.054   346   346 D SAN_SERVICE: DM App Phone Service State - 0
07-18 23:06:24.054   346   346 D SAN_SERVICE: *******************************************
07-18 23:06:24.331   346   346 D SAN_SERVICE: *******************************************
07-18 23:06:24.331   346   346 D SAN_SERVICE: DM App Phone Service State - 0
07-18 23:06:24.331   346   346 D SAN_SERVICE: *******************************************
07-18 23:06:24.554   346   346 D SAN_SERVICE: *******************************************
07-18 23:06:24.554   346   346 D SAN_SERVICE: DM App Phone Service State - 0
07-18 23:06:24.554   346   346 D SAN_SERVICE: *******************************************
07-18 23:06:26.558   215   217 D dalvikvm: GC_CONCURRENT freed 417K, 57% free 9885K/22727K, paused 2ms+3ms
07-18 23:06:26.605   215   217 D dalvikvm: GC_CONCURRENT freed 626K, 58% free 9704K/22727K, paused 3ms+2ms
07-18 23:06:26.687   215   217 D dalvikvm: GC_CONCURRENT freed 377K, 57% free 9834K/22727K, paused 2ms+3ms
07-18 23:06:27.398   215   215 V PhoneStatusBar: setLightsOn(true)
07-18 23:06:30.429   144   199 D DhcpInfoInternal: makeLinkProperties with empty dns2!
07-18 23:06:30.437   144   199 D DhcpInfoInternal: makeLinkProperties with empty dns2!
07-18 23:06:34.335   346   346 D SAN_SERVICE: *******************************************
07-18 23:06:34.335   346   346 D SAN_SERVICE: DM App Phone Service State - 0
07-18 23:06:34.335   346   346 D SAN_SERVICE: *******************************************
07-18 23:06:34.538   346   346 D SAN_SERVICE: *******************************************
07-18 23:06:34.538   346   346 D SAN_SERVICE: DM App Phone Service State - 0
07-18 23:06:34.538   346   346 D SAN_SERVICE: *******************************************
07-18 23:06:58.433 28046 28048 D dalvikvm: GC_CONCURRENT freed 500K, 6% free 10254K/10887K, paused 2ms+5ms
07-18 23:06:58.718 28301 28304 D dalvikvm: GC_CONCURRENT freed 428K, 6% free 9975K/10567K, paused 2ms+28ms
07-18 23:06:58.980 28301 28304 D dalvikvm: GC_CONCURRENT freed 240K, 5% free 10119K/10567K, paused 6ms+3ms
07-18 23:07:00.081 28301 28304 D dalvikvm: GC_CONCURRENT freed 323K, 5% free 10316K/10759K, paused 66ms+2ms
07-18 23:07:33.495 27002 27003 D dalvikvm: GC_CONCURRENT freed 357K, 6% free 9833K/10439K, paused 17ms+3ms
07-18 23:07:42.351 28283 28296 I PhoneLab-: Service Running
07-18 23:07:42.452 28283 28296 I PhoneLab-LoggerService: app_37    1395  1     1432   980   c00f181c 400107b4 S logcat
07-18 23:07:42.452 28283 28296 I PhoneLab-LoggerService: Logcat pid from database 1395
07-18 23:07:42.452 28283 28296 I PhoneLab-LoggerService: Logcat process found 1395
07-18 23:07:42.452 28283 28296 I PhoneLab-LoggerService: Checking Threshold
07-18 23:07:42.452 28283 28296 I PhoneLab-LoggerService: Starting to rename files
07-18 23:07:42.456 28283 28296 I PhoneLab-LoggerService: Files found .. 2
07-18 23:07:58.542 28301 28304 D dalvikvm: GC_CONCURRENT freed 695K, 8% free 10100K/10887K, paused 1ms+2ms
07-18 23:08:11.788 26751 26765 D GetStringObjTask: retrieving from url = http://www.chess.com/api/get_move_status?id=5HHjW9WUGa%2Bcu1LUwnVJPxTIWxmEve4VdkRnRyg7b5Ch69JH2Z5aB%2B7eGuFw8K2uFx47KFsdE3JRdR3Mzv0PkZOj6eZ8N73BvxmEERrzXjMNRo80rkLyJAUTh0iqof4n
07-18 23:08:12.566 26751 26765 D GetStringObjTask: WebRequest SERVER RESPONSE: Success+0
07-18 23:08:12.585 26751 26753 D dalvikvm: GC_CONCURRENT freed 438K, 6% free 9492K/10055K, paused 15ms+5ms
07-18 23:08:55.327   144   199 D DhcpInfoInternal: makeLinkProperties with empty dns2!
07-18 23:08:55.339   144   199 D DhcpInfoInternal: makeLinkProperties with empty dns2!
07-18 23:08:58.503 28046 28048 D dalvikvm: GC_CONCURRENT freed 505K, 6% free 10261K/10887K, paused 1ms+3ms
07-18 23:08:58.640 28301 28304 D dalvikvm: GC_CONCURRENT freed 390K, 8% free 10100K/10887K, paused 2ms+2ms
07-18 23:09:42.351 28283 28296 I PhoneLab-: Service Running
07-18 23:09:42.445 28283 28296 I PhoneLab-LoggerService: app_37    1395  1     1432   980   c00f181c 400107b4 S logcat
07-18 23:09:42.448 28283 28296 I PhoneLab-LoggerService: Logcat pid from database 1395
07-18 23:09:42.448 28283 28296 I PhoneLab-LoggerService: Logcat process found 1395
07-18 23:09:42.448 28283 28296 I PhoneLab-LoggerService: Checking Threshold
07-18 23:09:42.448 28283 28296 I PhoneLab-LoggerService: Starting to rename files
07-18 23:09:42.448 28283 28296 I PhoneLab-LoggerService: Files found .. 2
07-18 23:09:58.667   144  6618 D dalvikvm: GC_EXPLICIT freed 1757K, 24% free 18518K/24199K, paused 3ms+10ms
07-18 23:09:58.765 28301 28304 D dalvikvm: GC_CONCURRENT freed 395K, 8% free 10106K/10887K, paused 2ms+2ms
07-18 23:10:58.597 28046 28048 D dalvikvm: GC_CONCURRENT freed 513K, 6% free 10260K/10887K, paused 2ms+2ms
07-18 23:11:20.202   144   199 D DhcpInfoInternal: makeLinkProperties with empty dns2!
07-18 23:11:20.210   144   199 D DhcpInfoInternal: makeLinkProperties with empty dns2!
07-18 23:11:42.351 28283 28296 I PhoneLab-: Service Running
07-18 23:11:42.421 28283 28296 I PhoneLab-LoggerService: app_37    1395  1     1432   980   c00f181c 400107b4 S logcat
07-18 23:11:42.421 28283 28296 I PhoneLab-LoggerService: Logcat pid from database 1395
07-18 23:11:42.421 28283 28296 I PhoneLab-LoggerService: Logcat process found 1395
07-18 23:11:42.425 28283 28296 I PhoneLab-LoggerService: Checking Threshold
07-18 23:11:42.425 28283 28296 I PhoneLab-LoggerService: Starting to rename files
07-18 23:11:42.425 28283 28296 I PhoneLab-LoggerService: Files found .. 2
07-18 23:11:42.448 28283 28285 D dalvikvm: GC_CONCURRENT freed 401K, 6% free 9063K/9543K, paused 2ms+2ms
07-18 23:11:58.706 28301 28304 D dalvikvm: GC_CONCURRENT freed 498K, 8% free 10111K/10887K, paused 2ms+6ms
07-18 23:12:58.706 28046 28048 D dalvikvm: GC_CONCURRENT freed 515K, 6% free 10256K/10887K, paused 2ms+3ms
07-18 23:12:58.886 28301 28304 D dalvikvm: GC_CONCURRENT freed 458K, 7% free 10162K/10887K, paused 7ms+2ms
07-18 23:12:58.906 28046 28062 D dalvikvm: GC_FOR_ALLOC freed 127K, 6% free 10336K/10887K, paused 45ms
07-18 23:13:11.781 26751 26867 D GetStringObjTask: retrieving from url = http://www.chess.com/api/get_move_status?id=5HHjW9WUGa%2Bcu1LUwnVJPxTIWxmEve4VdkRnRyg7b5Ch69JH2Z5aB%2B7eGuFw8K2uFx47KFsdE3JRdR3Mzv0PkZOj6eZ8N73BvxmEERrzXjMNRo80rkLyJAUTh0iqof4n
07-18 23:13:12.331 26751 26867 D GetStringObjTask: WebRequest SERVER RESPONSE: Success+0
07-18 23:13:13.878 28112 28115 D dalvikvm: GC_CONCURRENT freed 487K, 7% free 10709K/11399K, paused 20ms+2ms
07-18 23:13:22.738 22754 22756 D dalvikvm: GC_CONCURRENT freed 2701K, 43% free 14538K/25159K, paused 10ms+8ms
07-18 23:13:42.351 28283 28296 I PhoneLab-: Service Running
07-18 23:13:42.456 28283 28296 I PhoneLab-LoggerService: app_37    1395  1     1432   980   c00f181c 400107b4 S logcat
07-18 23:13:42.456 28283 28296 I PhoneLab-LoggerService: Logcat pid from database 1395
07-18 23:13:42.456 28283 28296 I PhoneLab-LoggerService: Logcat process found 1395
07-18 23:13:42.456 28283 28296 I PhoneLab-LoggerService: Checking Threshold
07-18 23:13:42.456 28283 28296 I PhoneLab-LoggerService: Starting to rename files
07-18 23:13:42.456 28283 28296 I PhoneLab-LoggerService: Files found .. 2
07-18 23:13:45.062   144   199 D DhcpInfoInternal: makeLinkProperties with empty dns2!
07-18 23:13:45.066   144   199 D DhcpInfoInternal: makeLinkProperties with empty dns2!
07-18 23:13:58.757 28046 28048 D dalvikvm: GC_CONCURRENT freed 464K, 5% free 10409K/10951K, paused 7ms+3ms
07-18 23:13:58.890 28301 28304 D dalvikvm: GC_CONCURRENT freed 527K, 7% free 10142K/10887K, paused 2ms+2ms
07-18 23:14:34.198 26190 26192 D dalvikvm: GC_CONCURRENT freed 318K, 6% free 10104K/10695K, paused 10ms+4ms
07-18 23:14:34.390 27002 28110 D dalvikvm: GC_EXPLICIT freed 228K, 7% free 9762K/10439K, paused 2ms+3ms
07-18 23:14:58.929 28301 28304 D dalvikvm: GC_CONCURRENT freed 445K, 8% free 10105K/10887K, paused 2ms+2ms
07-18 23:15:19.323   144   180 I ActivityManager: START {act=android.intent.action.MAIN cat=[android.intent.category.HOME] flg=0x10200000 cmp=com.android.launcher/com.android.launcher2.Launcher} from pid 144
07-18 23:15:19.519   144 15767 W InputManagerService: Starting input on non-focused client com.android.internal.view.IInputMethodClient$Stub$Proxy@41760c40 (uid=10068 pid=27585)
07-18 23:15:19.523 27585 27585 W IInputConnectionWrapper: showStatusIcon on inactive InputConnection
07-18 23:15:32.230   346   346 D SAN_SERVICE: *******************************************
07-18 23:15:32.230   346   346 D SAN_SERVICE: DM App Phone Service State - 0
07-18 23:15:32.230   346   346 D SAN_SERVICE: *******************************************
07-18 23:15:42.351 28283 28296 I PhoneLab-: Service Running
07-18 23:15:42.456 28283 28296 I PhoneLab-LoggerService: app_37    1395  1     1432   980   c00f181c 400107b4 S logcat
07-18 23:15:42.456 28283 28296 I PhoneLab-LoggerService: Logcat pid from database 1395
07-18 23:15:42.456 28283 28296 I PhoneLab-LoggerService: Logcat process found 1395
07-18 23:15:42.456 28283 28296 I PhoneLab-LoggerService: Checking Threshold
07-18 23:15:42.456 28283 28296 I PhoneLab-LoggerService: Starting to rename files
07-18 23:15:42.460 28283 28296 I PhoneLab-LoggerService: Files found .. 2
07-18 23:15:58.976 28046 28048 D dalvikvm: GC_CONCURRENT freed 463K, 5% free 10470K/11015K, paused 2ms+3ms
07-18 23:16:09.941   144   199 D DhcpInfoInternal: makeLinkProperties with empty dns2!
07-18 23:16:09.952   144   199 D DhcpInfoInternal: makeLinkProperties with empty dns2!
07-18 23:16:58.999 28301 28304 D dalvikvm: GC_CONCURRENT freed 509K, 8% free 10107K/10887K, paused 7ms+3ms
07-18 23:17:09.277 28046 28048 D dalvikvm: GC_CONCURRENT freed 482K, 6% free 10396K/11015K, paused 9ms+2ms
07-18 23:17:42.355 28283 28296 I PhoneLab-: Service Running
07-18 23:17:42.433 28283 28296 I PhoneLab-LoggerService: app_37    1395  1     1432   980   c00f181c 400107b4 S logcat
07-18 23:17:42.433 28283 28296 I PhoneLab-LoggerService: Logcat pid from database 1395
07-18 23:17:42.433 28283 28296 I PhoneLab-LoggerService: Logcat process found 1395
07-18 23:17:42.433 28283 28296 I PhoneLab-LoggerService: Checking Threshold
07-18 23:17:42.433 28283 28296 I PhoneLab-LoggerService: Starting to rename files
07-18 23:17:42.433 28283 28296 I PhoneLab-LoggerService: Files found .. 2
07-18 23:17:59.136 28301 28304 D dalvikvm: GC_CONCURRENT freed 477K, 7% free 10141K/10887K, paused 2ms+3ms
07-18 23:17:59.425   144   172 I power   : *** set_screen_state 0
07-18 23:17:59.499    78   123 D SurfaceFlinger: About to give-up screen, flinger = 0x16bd918
07-18 23:17:59.777   144   146 D dalvikvm: GC_CONCURRENT freed 1442K, 21% free 19124K/24199K, paused 15ms+9ms
07-18 23:17:59.870   144  1167 D dalvikvm: GC_EXPLICIT freed 126K, 22% free 18997K/24199K, paused 3ms+8ms
07-18 23:17:59.933   144   176 V TransportControlView: Create TCV com.android.internal.widget.TransportControlView@415ac6b0
07-18 23:17:59.980   215   215 D PhoneStatusBar: disable: < expand icons alerts ticker system_info back home RECENT* clock >
07-18 23:18:00.058   215   215 D PhoneStatusBar: disable: < expand icons alerts ticker system_info BACK* HOME* RECENT CLOCK* >
07-18 23:18:11.773 26751 26926 D GetStringObjTask: retrieving from url = http://www.chess.com/api/get_move_status?id=5HHjW9WUGa%2Bcu1LUwnVJPxTIWxmEve4VdkRnRyg7b5Ch69JH2Z5aB%2B7eGuFw8K2uFx47KFsdE3JRdR3Mzv0PkZOj6eZ8N73BvxmEERrzXjMNRo80rkLyJAUTh0iqof4n
07-18 23:18:12.437 26751 26926 D GetStringObjTask: WebRequest SERVER RESPONSE: Success+0
07-18 23:18:34.835   144   199 D DhcpInfoInternal: makeLinkProperties with empty dns2!
07-18 23:18:34.843   144   199 D DhcpInfoInternal: makeLinkProperties with empty dns2!
07-18 23:18:59.144 28046 28048 D dalvikvm: GC_CONCURRENT freed 498K, 6% free 10410K/11015K, paused 2ms+2ms
07-18 23:18:59.269 28301 28304 D dalvikvm: GC_CONCURRENT freed 538K, 8% free 10114K/10887K, paused 1ms+3ms
07-18 23:18:59.409 28301 28304 D dalvikvm: GC_CONCURRENT freed 217K, 6% free 10283K/10887K, paused 2ms+2ms
07-18 23:19:24.511   144   169 I ActivityManager: Start proc com.google.android.apps.plus for service com.google.android.apps.plus/.service.EsSyncAdapterService: pid=28511 uid=10060 gids={3003, 3002, 1015, 1006}
07-18 23:19:25.023 28511 28512 D dalvikvm: GC_CONCURRENT freed 150K, 3% free 9382K/9607K, paused 2ms+2ms
07-18 23:19:25.230 28511 28511 I ActivityThread: Pub com.google.android.apps.plus.content.ApiProvider: com.google.android.apps.plus.content.EsApiProvider
07-18 23:19:25.308 28511 28511 I ActivityThread: Pub com.google.android.apps.plus.content.EsGooglePhotoProvider: com.google.android.picasasync.PicasaContentProvider
07-18 23:19:25.507 28511 28512 D dalvikvm: GC_CONCURRENT freed 336K, 5% free 9576K/9991K, paused 2ms+2ms
07-18 23:19:25.531 28511 28511 I ActivityThread: Pub com.google.android.apps.plus.content.EsPicasaStoreProvider: com.google.android.picasastore.PicasaPhotoContentProvider
07-18 23:19:25.558 28511 28511 I ActivityThread: Pub com.google.plus.platform: com.google.android.apps.plus.content.AdsProvider
07-18 23:19:25.558 28511 28511 I ActivityThread: Pub com.google.android.apps.plus.iu.EsGoogleIuProvider: com.google.android.apps.plus.iu.InstantUploadProvider
07-18 23:19:25.675 28511 28512 D dalvikvm: GC_CONCURRENT freed 456K, 6% free 9648K/10183K, paused 15ms+2ms
07-18 23:19:25.675   144   317 I ActivityManager: Start proc android.process.media for content provider com.android.providers.media/.MediaProvider: pid=28526 uid=10012 gids={1015, 1023, 1024, 2001, 3003, 3007}
07-18 23:19:25.683 28511 28511 I ActivityThread: Pub com.google.android.apps.plus.content.EsProvider: com.google.android.apps.plus.content.EsProvider
07-18 23:19:25.734   144 12390 I ActivityManager: Process com.google.android.apps.maps:FriendService (pid 28068) has died.
07-18 23:19:25.745 28526 28526 I ActivityThread: Pub downloads: com.android.providers.downloads.DownloadProvider
07-18 23:19:25.976 28283 28283 I PhoneLab-Locks: wake lock acquired
07-18 23:19:26.019 28526 28526 I ActivityThread: Pub drm: com.android.providers.drm.DrmProvider
07-18 23:19:26.019 28526 28540 I DownloadManager: in removeSpuriousFiles
07-18 23:19:26.027 28283 28541 I PhoneLab-PeriodicCheckService: User info is synched
07-18 23:19:26.034 28283 28541 I PhoneLab-PeriodicCheckService: Logger Service is running
07-18 23:19:26.038 28526 28540 I DownloadManager: in removeSpuriousFiles, preserving file /data/data/com.android.providers.downloads/cache/metadata.json
07-18 23:19:26.038 28526 28540 I DownloadManager: in removeSpuriousFiles, preserving file /data/data/com.android.providers.downloads/cache/en_general.htm
07-18 23:19:26.038 28526 28540 I DownloadManager: in removeSpuriousFiles, preserving file /mnt/sdcard/Download/img-thing.jpeg
07-18 23:19:26.038 28526 28540 I DownloadManager: in removeSpuriousFiles, preserving file /data/data/com.android.providers.downloads/cache/metadata-1.json
07-18 23:19:26.038 28526 28540 I DownloadManager: in removeSpuriousFiles, preserving file /data/data/com.android.providers.downloads/cache/downloadfile.jpeg
07-18 23:19:26.038 28526 28540 I DownloadManager: in removeSpuriousFiles, preserving file /data/data/com.android.providers.downloads/cache/metadata-2.json
07-18 23:19:26.038 28526 28540 I DownloadManager: in removeSpuriousFiles, preserving file /data/data/com.android.providers.downloads/cache/metadata-3.json
07-18 23:19:26.038 28526 28540 I DownloadManager: in removeSpuriousFiles, preserving file /data/data/com.android.providers.downloads/cache/downloadfile-1.jpeg
07-18 23:19:26.038 28526 28540 I DownloadManager: in removeSpuriousFiles, preserving file /data/data/com.android.providers.downloads/cache/downloadfile-2.jpeg
07-18 23:19:26.038 28526 28540 I DownloadManager: in removeSpuriousFiles, preserving file /data/data/com.android.providers.downloads/cache/metadata-4.json
07-18 23:19:26.038 28526 28540 I DownloadManager: in removeSpuriousFiles, preserving file /data/data/com.android.providers.downloads/cache/metadata-5.json
07-18 23:19:26.038 28526 28540 I DownloadManager: in removeSpuriousFiles, preserving file /data/data/com.android.providers.downloads/cache/metadata-6.json
07-18 23:19:26.038 28526 28540 I DownloadManager: deleting spurious file /cache/backup
07-18 23:19:26.046 28526 28526 I ActivityThread: Pub media: com.android.providers.media.MediaProvider
07-18 23:19:26.070 28283 28283 I PhoneLab-Locks: wake lock acquired
07-18 23:19:26.073 28283 28283 I PhoneLab-StatusMonitor: Status Monitoring is started
07-18 23:19:26.073 28283 28541 I PhoneLab-Locks: wake lock acquired
07-18 23:19:26.077 28283 28541 I PhoneLab-PeriodicCheckService: Rescheduling periodic checking...
07-18 23:19:26.081 28283 28541 I PhoneLab-Locks: wake lock released
07-18 23:19:26.136 28283 28283 E PhoneLab-PhoneLabManifest: java.io.FileNotFoundException: /data/data/edu.buffalo.cse.phonelab.phonelabservices/files/manifest.xml: open failed: ENOENT (No such file or directory)
07-18 23:19:26.183 28283 28283 I PhoneLab-Locks: wake lock released
07-18 23:19:26.187 28283 28283 I PhoneLab-UploadLogs: Transfering log files now
07-18 23:19:26.378 28511 28512 D dalvikvm: GC_CONCURRENT freed 212K, 4% free 9840K/10247K, paused 135ms+12ms
07-18 23:19:26.394 28283 28285 D dalvikvm: GC_CONCURRENT freed 432K, 6% free 9163K/9671K, paused 1ms+2ms
07-18 23:19:26.441 28283 28283 D dalvikvm: GC_FOR_ALLOC freed 145K, 6% free 9195K/9735K, paused 13ms
07-18 23:19:26.441 28283 28283 I dalvikvm-heap: Grow heap (frag case) to 9.170MB for 123476-byte allocation
07-18 23:19:26.452 28283 28283 D dalvikvm: GC_FOR_ALLOC freed 56K, 7% free 9259K/9863K, paused 11ms
07-18 23:19:26.452 28283 28283 I dalvikvm-heap: Grow heap (frag case) to 9.358MB for 254548-byte allocation
07-18 23:19:26.511 28283 28283 D dalvikvm: GC_FOR_ALLOC freed 120K, 8% free 9387K/10119K, paused 13ms
07-18 23:19:26.511 28283 28283 I dalvikvm-heap: Grow heap (frag case) to 9.733MB for 516692-byte allocation
07-18 23:19:26.554 28283 28285 D dalvikvm: GC_CONCURRENT freed 248K, 10% free 9643K/10631K, paused 1ms+2ms
07-18 23:19:26.554 28283 28283 I PhoneLab-UploadLogs: OnStartCommand
07-18 23:19:26.577   144 14192 I ActivityManager: Process com.google.android.apps.currents (pid 28240) has died.
07-18 23:19:26.616 28526 28528 D dalvikvm: GC_CONCURRENT freed 369K, 5% free 9161K/9607K, paused 11ms+2ms
07-18 23:19:26.687 28511 28525 D PicasaPhotoCP: set fsid first time:-1
07-18 23:19:26.761 28511 28512 D dalvikvm: GC_CONCURRENT freed 158K, 3% free 10111K/10375K, paused 2ms+2ms
07-18 23:19:26.878 28511 28512 D dalvikvm: GC_CONCURRENT freed 280K, 5% free 10321K/10759K, paused 2ms+2ms
07-18 23:19:26.929 28511 28539 D dalvikvm: GC_FOR_ALLOC freed 114K, 5% free 10448K/10887K, paused 21ms
07-18 23:19:26.929 28511 28539 I dalvikvm-heap: Grow heap (frag case) to 10.524MB for 260112-byte allocation
07-18 23:19:26.956 28511 28539 D dalvikvm: GC_FOR_ALLOC freed 126K, 6% free 10576K/11143K, paused 23ms
07-18 23:19:26.972 28283 28546 D dalvikvm: GC_FOR_ALLOC freed 385K, 10% free 9627K/10631K, paused 13ms
07-18 23:19:26.988 28283 28546 D dalvikvm: GC_FOR_ALLOC freed 303K, 10% free 9627K/10631K, paused 14ms
07-18 23:19:27.003 28283 28546 D dalvikvm: GC_FOR_ALLOC freed 303K, 10% free 9634K/10631K, paused 12ms
07-18 23:19:27.042 28511 28539 D dalvikvm: GC_FOR_ALLOC freed 311K, 6% free 10569K/11143K, paused 20ms
07-18 23:19:27.070 28511 28539 D dalvikvm: GC_FOR_ALLOC freed 62K, 5% free 10633K/11143K, paused 22ms
07-18 23:19:27.070 28511 28539 I dalvikvm-heap: Grow heap (frag case) to 10.705MB for 260112-byte allocation
07-18 23:19:27.093 28511 28539 D dalvikvm: GC_FOR_ALLOC freed 126K, 6% free 10761K/11399K, paused 20ms
07-18 23:19:27.124   144  1168 I ActivityManager: Process android.process.acore (pid 27002) has died.
07-18 23:19:27.136   144   378 D CountryDetector: No listener is left
07-18 23:19:27.183 28511 28539 D dalvikvm: GC_FOR_ALLOC freed 369K, 6% free 10817K/11399K, paused 30ms
07-18 23:19:27.202 28511 28539 D dalvikvm: GC_FOR_ALLOC freed 126K, 4% free 10944K/11399K, paused 18ms
07-18 23:19:27.335 28511 28512 D dalvikvm: GC_CONCURRENT freed 345K, 4% free 11200K/11655K, paused 2ms+2ms
07-18 23:19:27.484 28511 28512 D dalvikvm: GC_CONCURRENT freed 140K, 3% free 11727K/11975K, paused 2ms+3ms
07-18 23:19:27.695 28511 28512 D dalvikvm: GC_CONCURRENT freed 547K, 6% free 12025K/12679K, paused 2ms+3ms
07-18 23:19:27.886 28511 28512 D dalvikvm: GC_CONCURRENT freed 209K, 3% free 12746K/13063K, paused 1ms+3ms
07-18 23:19:31.402 28283 28283 I PhoneLab-: 1342666634468.log is deleted
07-18 23:19:31.402 28283 28283 I PhoneLab-: Response: {"data": "done", "err": ""}
07-18 23:19:31.406 28283 28283 I PhoneLab-UploadLogs: No log files to transfer
07-18 23:19:31.406 28283 28283 I PhoneLab-Locks: wake lock released
07-18 23:19:32.546 28511 28512 D dalvikvm: GC_CONCURRENT freed 1058K, 9% free 12837K/14023K, paused 2ms+3ms
07-18 23:19:33.312 28511 28512 D dalvikvm: GC_CONCURRENT freed 977K, 8% free 13047K/14151K, paused 2ms+2ms
07-18 23:19:35.652 28511 28542 E dalvikvm: Could not find class 'android.app.Notification$InboxStyle', referenced from method com.google.android.apps.plus.service.AndroidNotification.createDigestNotification
07-18 23:19:35.652 28511 28542 W dalvikvm: VFY: unable to resolve new-instance 41 (Landroid/app/Notification$InboxStyle;) in Lcom/google/android/apps/plus/service/AndroidNotification;
07-18 23:19:35.652 28511 28542 D dalvikvm: VFY: replacing opcode 0x22 at 0x0018
07-18 23:19:35.656 28511 28542 I dalvikvm: Could not find method android.app.Notification$Builder.setPriority, referenced from method com.google.android.apps.plus.service.AndroidNotification.createRichNotification
07-18 23:19:35.656 28511 28542 W dalvikvm: VFY: unable to resolve virtual method 162: Landroid/app/Notification$Builder;.setPriority (I)Landroid/app/Notification$Builder;
07-18 23:19:35.656 28511 28542 D dalvikvm: VFY: replacing opcode 0x6e at 0x00d5
07-18 23:19:35.667 28511 28542 D dalvikvm: DexOpt: unable to opt direct call 0x00a8 at 0x1a in Lcom/google/android/apps/plus/service/AndroidNotification;.createDigestNotification
07-18 23:19:35.667 28511 28542 D dalvikvm: DexOpt: unable to opt direct call 0x0091 at 0xf1 in Lcom/google/android/apps/plus/service/AndroidNotification;.createRichNotification
07-18 23:19:35.667 28511 28542 D dalvikvm: DexOpt: unable to opt direct call 0x0095 at 0x397 in Lcom/google/android/apps/plus/service/AndroidNotification;.createRichNotification
07-18 23:19:39.488 28511 28512 D dalvikvm: GC_CONCURRENT freed 1230K, 10% free 13050K/14407K, paused 2ms+3ms
07-18 23:19:40.402   144   146 D dalvikvm: GC_CONCURRENT freed 1707K, 21% free 19210K/24199K, paused 2ms+7ms
07-18 23:19:41.624   144   388 I ActivityManager: Start proc android.process.acore for content provider com.android.providers.contacts/.ContactsProvider2: pid=28559 uid=10000 gids={3003, 1015}
07-18 23:19:41.671 28559 28559 I ActivityThread: Pub call_log: com.android.providers.contacts.CallLogProvider
07-18 23:19:41.710 28559 28559 I ActivityThread: Pub com.android.voicemail: com.android.providers.contacts.VoicemailContentProvider
07-18 23:19:41.714 28559 28559 I ActivityThread: Pub user_dictionary: com.android.providers.userdictionary.UserDictionaryProvider
07-18 23:19:41.749 28559 28559 I ActivityThread: Pub com.android.social: com.android.providers.contacts.SocialProvider
07-18 23:19:41.749 28559 28559 I ActivityThread: Pub applications: com.android.providers.applications.ApplicationsProvider
07-18 23:19:41.859 28559 28561 D dalvikvm: GC_CONCURRENT freed 325K, 5% free 9145K/9607K, paused 2ms+1ms
07-18 23:19:41.874 28559 28559 I ActivityThread: Pub contacts;com.android.contacts: com.android.providers.contacts.ContactsProvider2
07-18 23:19:41.913   144 12390 I ActivityManager: Process com.chess (pid 26751) has died.
07-18 23:19:42.210 28559 28561 D dalvikvm: GC_CONCURRENT freed 236K, 4% free 9369K/9735K, paused 2ms+2ms
07-18 23:19:42.351 28283 28296 I PhoneLab-: Service Running
07-18 23:19:42.452 28511 28512 D dalvikvm: GC_CONCURRENT freed 1089K, 9% free 13180K/14407K, paused 2ms+4ms
07-18 23:19:42.491 28283 28296 I PhoneLab-LoggerService: app_37    1395  1     1432   980   c00f181c 400107b4 S logcat
07-18 23:19:42.491 28283 28296 I PhoneLab-LoggerService: Logcat pid from database 1395
07-18 23:19:42.491 28283 28296 I PhoneLab-LoggerService: Logcat process found 1395
07-18 23:19:42.491 28283 28296 I PhoneLab-LoggerService: Checking Threshold
07-18 23:19:42.898   346   346 D SAN_SERVICE: *******************************************
07-18 23:19:42.902   346   346 D SAN_SERVICE: DM App Phone Service State - 0
07-18 23:19:42.902   346   346 D SAN_SERVICE: *******************************************
07-18 23:19:43.140 28559 28561 D dalvikvm: GC_CONCURRENT freed 182K, 4% free 9608K/9927K, paused 43ms+6ms
07-18 23:19:43.273   346   346 D SAN_SERVICE: *******************************************
07-18 23:19:43.273   346   346 D SAN_SERVICE: DM App Phone Service State - 0
07-18 23:19:43.273   346   346 D SAN_SERVICE: *******************************************
07-18 23:19:45.343 28511 28512 D dalvikvm: GC_CONCURRENT freed 1147K, 9% free 13316K/14599K, paused 4ms+3ms
07-18 23:19:46.909 28559 28561 D dalvikvm: GC_CONCURRENT freed 558K, 7% free 9486K/10183K, paused 2ms+9ms
07-18 23:19:47.167   144   310 D dalvikvm: GC_EXPLICIT freed 412K, 21% free 19169K/24199K, paused 7ms+8ms
07-18 23:19:49.253 28559 28561 D dalvikvm: GC_CONCURRENT freed 314K, 7% free 9559K/10183K, paused 2ms+3ms
07-18 23:19:56.695 28511 28542 D dalvikvm: GC_FOR_ALLOC freed 888K, 9% free 13631K/14855K, paused 48ms
07-18 23:19:56.734 28511 28542 D dalvikvm: GC_FOR_ALLOC freed 380K, 11% free 13593K/15239K, paused 36ms
07-18 23:19:56.734 28511 28542 I dalvikvm-heap: Grow heap (frag case) to 13.682MB for 350698-byte allocation
07-18 23:19:56.773 28511 28542 D dalvikvm: GC_FOR_ALLOC freed 0K, 11% free 13936K/15623K, paused 36ms
07-18 23:19:57.933 28511 28512 D dalvikvm: GC_CONCURRENT freed 1041K, 8% free 14450K/15623K, paused 2ms+3ms
07-18 23:19:59.140 28301 28304 D dalvikvm: GC_CONCURRENT freed 593K, 7% free 10155K/10887K, paused 2ms+2ms
07-18 23:20:00.234 28511 28512 D dalvikvm: GC_CONCURRENT freed 1742K, 12% free 14450K/16327K, paused 2ms+3ms
07-18 23:20:02.933 28511 28542 I SqliteDatabaseCpp: sqlite returned: error code = 1, msg = no such column: last_stats_sync_time, db=/data/data/com.google.android.apps.plus/databases/es0.db
07-18 23:20:03.034 28511 28542 E EsSyncAdapterService: Sync failure
07-18 23:20:03.034 28511 28542 E EsSyncAdapterService: android.database.sqlite.SQLiteException: no such column: last_stats_sync_time: , while compiling: SELECT last_stats_sync_time  FROM account_status
07-18 23:20:03.034 28511 28542 E EsSyncAdapterService: 	at android.database.sqlite.SQLiteCompiledSql.native_compile(Native Method)
07-18 23:20:03.034 28511 28542 E EsSyncAdapterService: 	at android.database.sqlite.SQLiteCompiledSql.<init>(SQLiteCompiledSql.java:68)
07-18 23:20:03.034 28511 28542 E EsSyncAdapterService: 	at android.database.sqlite.SQLiteProgram.compileSql(SQLiteProgram.java:143)
07-18 23:20:03.034 28511 28542 E EsSyncAdapterService: 	at android.database.sqlite.SQLiteProgram.compileAndbindAllArgs(SQLiteProgram.java:361)
07-18 23:20:03.034 28511 28542 E EsSyncAdapterService: 	at android.database.sqlite.SQLiteStatement.acquireAndLock(SQLiteStatement.java:260)
07-18 23:20:03.034 28511 28542 E EsSyncAdapterService: 	at android.database.sqlite.SQLiteStatement.simpleQueryForLong(SQLiteStatement.java:137)
07-18 23:20:03.034 28511 28542 E EsSyncAdapterService: 	at android.database.DatabaseUtils.longForQuery(DatabaseUtils.java:791)
07-18 23:20:03.034 28511 28542 E EsSyncAdapterService: 	at android.database.DatabaseUtils.longForQuery(DatabaseUtils.java:779)
07-18 23:20:03.034 28511 28542 E EsSyncAdapterService: 	at com.google.android.apps.plus.content.EsAccountsData.queryLastStatsSyncTimestamp(EsAccountsData.java:570)
07-18 23:20:03.034 28511 28542 E EsSyncAdapterService: 	at com.google.android.apps.plus.service.EsSyncAdapterService.syncContactsStatsIfNecessary(EsSyncAdapterService.java:670)
07-18 23:20:03.034 28511 28542 E EsSyncAdapterService: 	at com.google.android.apps.plus.service.EsSyncAdapterService.doFullSync(EsSyncAdapterService.java:633)
07-18 23:20:03.034 28511 28542 E EsSyncAdapterService: 	at com.google.android.apps.plus.service.EsSyncAdapterService.doSync(EsSyncAdapterService.java:566)
07-18 23:20:03.034 28511 28542 E EsSyncAdapterService: 	at com.google.android.apps.plus.service.EsSyncAdapterService.access$100(EsSyncAdapterService.java:52)
07-18 23:20:03.034 28511 28542 E EsSyncAdapterService: 	at com.google.android.apps.plus.service.EsSyncAdapterService$SyncAdapterImpl.onPerformSync(EsSyncAdapterService.java:408)
07-18 23:20:03.034 28511 28542 E EsSyncAdapterService: 	at android.content.AbstractThreadedSyncAdapter$SyncThread.run(AbstractThreadedSyncAdapter.java:247)
07-18 23:20:03.077   144   169 D SyncManager: failed sync operation lokeshmandvekar@gmail.com (com.google), com.google.android.apps.plus.content.EsProvider, SERVER, earliestRunTime 281700254, SyncResult: stats [ numParseExceptions: 1]
07-18 23:20:03.081   144   169 D SyncManager: not retrying sync operation because the error is a hard error: lokeshmandvekar@gmail.com (com.google), com.google.android.apps.plus.content.EsProvider, SERVER, earliestRunTime 284871414
07-18 23:20:05.027   346   346 D SAN_SERVICE: *******************************************
07-18 23:20:05.027   346   346 D SAN_SERVICE: DM App Phone Service State - 0
07-18 23:20:05.027   346   346 D SAN_SERVICE: *******************************************
07-18 23:20:05.269   346   346 D SAN_SERVICE: *******************************************
07-18 23:20:05.269   346   346 D SAN_SERVICE: DM App Phone Service State - 0
07-18 23:20:05.269   346   346 D SAN_SERVICE: *******************************************
07-18 23:20:08.230 28511 28512 D dalvikvm: GC_CONCURRENT freed 2910K, 19% free 13283K/16327K, paused 6ms+4ms
07-18 23:20:08.464 28511 28574 D dalvikvm: GC_EXPLICIT freed 125K, 20% free 13221K/16327K, paused 7ms+3ms
07-18 23:20:08.784 28559 28578 D dalvikvm: GC_EXPLICIT freed 363K, 7% free 9513K/10183K, paused 5ms+3ms
07-18 23:20:10.984 28559 28561 D dalvikvm: GC_CONCURRENT freed 356K, 7% free 9547K/10183K, paused 2ms+4ms
07-18 23:20:24.792   144   390 D dalvikvm: GC_EXPLICIT freed 655K, 21% free 19197K/24199K, paused 3ms+9ms
07-18 23:20:25.484 27585 28589 D dalvikvm: GC_EXPLICIT freed 3045K, 20% free 13521K/16711K, paused 30ms+11ms
07-18 23:20:40.007   275   275 I wpa_supplicant: wlan0: WPA: Group rekeying completed with 94:44:52:17:be:7d [GTK=CCMP]
07-18 23:20:54.523   346   346 D SAN_SERVICE: *******************************************
07-18 23:20:54.523   346   346 D SAN_SERVICE: DM App Phone Service State - 0
07-18 23:20:54.523   346   346 D SAN_SERVICE: *******************************************
07-18 23:20:54.566   346   348 D dalvikvm: GC_CONCURRENT freed 859K, 10% free 11930K/13191K, paused 18ms+3ms
07-18 23:20:55.249   346   346 D SAN_SERVICE: *******************************************
07-18 23:20:55.249   346   346 D SAN_SERVICE: DM App Phone Service State - 0
07-18 23:20:55.249   346   346 D SAN_SERVICE: *******************************************
07-18 23:20:59.230 28046 28048 D dalvikvm: GC_CONCURRENT freed 511K, 6% free 10410K/11015K, paused 2ms+2ms
07-18 23:20:59.327 28301 28304 D dalvikvm: GC_CONCURRENT freed 539K, 7% free 10127K/10887K, paused 2ms+2ms
07-18 23:20:59.472 28301 28304 D dalvikvm: GC_CONCURRENT freed 301K, 6% free 10236K/10887K, paused 2ms+5ms
07-18 23:21:29.038   144 22508 E DhcpStateMachine: DHCP failed on wlan0: Timed out waiting for DHCP Renew to finish
07-18 23:21:29.261   144   199 E WifiStateMachine: IP configuration failed
07-18 23:21:29.323   275   275 I wpa_supplicant: wlan0: CTRL-EVENT-DISCONNECTED bssid=00:00:00:00:00:00 reason=0
07-18 23:21:29.331  1822  1853 D CommandListener: Clearing all IP addresses on wlan0
07-18 23:21:29.351   144   201 D ConnectivityService: ConnectivityChange for WIFI: DISCONNECTED/DISCONNECTED
07-18 23:21:29.363   144   201 D ConnectivityService: Attempting to switch to mobile
07-18 23:21:29.433 28283 28285 D dalvikvm: GC_CONCURRENT freed 895K, 15% free 9129K/10631K, paused 1ms+1ms
07-18 23:21:29.499   144   201 D ConnectivityService: Attempting to switch to WIMAX
07-18 23:21:29.499   144   201 D ConnectivityService: Attempting to switch to BLUETOOTH_TETHER
07-18 23:21:29.519   144   201 E ConnectivityService: Exception trying to remove a route: java.lang.IllegalStateException: Unable to communicate with native dameon to add routes - com.android.server.NativeDaemonConnectorException: Cmd {interface route remove wlan0 default 192.168.0.1 32 0.0.0.0} failed with code 400 : {Failed to remove route from default table (No such process)}
07-18 23:21:29.531   144   201 E ConnectivityService: Exception trying to remove a route: java.lang.IllegalStateException: Unable to communicate with native dameon to add routes - com.android.server.NativeDaemonConnectorException: Cmd {interface route remove wlan0 default 0.0.0.0 0 192.168.0.1} failed with code 400 : {Failed to remove route from default table (No such process)}
07-18 23:21:29.534   144   201 D NetUtils: android_net_utils_resetConnections in env=0x1d93420 clazz=0x62900001 iface=wlan0 mask=0x3
07-18 23:21:29.534   144   201 D ConnectivityService: resetConnections(wlan0, 3)
07-18 23:21:29.562   144   201 D ConnectivityService: ConnectivityChange for WIMAX: DISCONNECTED/SCANNING
07-18 23:21:29.566   144   201 D ConnectivityService: Attempting to switch to mobile
07-18 23:21:29.566   144   201 D ConnectivityService: Attempting to switch to WIFI
07-18 23:21:29.566   144   201 D ConnectivityService: Attempting to switch to BLUETOOTH_TETHER
07-18 23:21:29.570 26190 27778 W Smack/Packet: notify conn break (IOEx), close connection
07-18 23:21:29.781 26190 27778 I qtaguid : Failed write_ctrl(u 22) res=-1 errno=22
07-18 23:21:29.781 26190 27778 I qtaguid : Untagging socket 22 failed errno=-22
07-18 23:21:29.781 26190 27778 W NetworkManagementSocketTagger: untagSocket(22) failed with errno -22
07-18 23:21:29.839   144   201 D ConnectivityService: handleInetConditionChange: no active default network - ignore
07-18 23:21:29.843   275   275 I wpa_supplicant: wlan0: Trying to associate with 94:44:52:17:be:7d (SSID='raikiri' freq=2437 MHz)
07-18 23:21:29.878   275   275 I wpa_supplicant: wlan0: Associated with 94:44:52:17:be:7d
07-18 23:21:29.898   275   275 I wpa_supplicant: wlan0: CTRL-EVENT-EAP-SUCCESS EAP authentication completed successfully (based on lower layer success)
07-18 23:21:29.906   275   275 I wpa_supplicant: wlan0: WPA: Key negotiation completed with 94:44:52:17:be:7d [PTK=CCMP GTK=CCMP]
07-18 23:21:29.906   275   275 I wpa_supplicant: wlan0: CTRL-EVENT-CONNECTED - Connection to 94:44:52:17:be:7d completed (reauth) [id=2 id_str=]
07-18 23:21:29.952 28112 28133 W System.err: javax.net.ssl.SSLException: Read error: ssl=0x1ea2e20: I/O error during system call, Connection timed out
07-18 23:21:29.956 28112 28133 W System.err: 	at org.apache.harmony.xnet.provider.jsse.NativeCrypto.SSL_read(Native Method)
07-18 23:21:29.960 28112 28133 W System.err: 	at org.apache.harmony.xnet.provider.jsse.OpenSSLSocketImpl$SSLInputStream.read(OpenSSLSocketImpl.java:671)
07-18 23:21:29.960 28112 28133 W System.err: 	at java.io.InputStreamReader.read(InputStreamReader.java:244)
07-18 23:21:29.960 28112 28133 W System.err: 	at java.io.BufferedReader.read(BufferedReader.java:310)
07-18 23:21:29.960 28112 28133 W System.err: 	at org.jivesoftware.smack.XMPPConnection$AliveReader.read(XMPPConnection.java:1107)
07-18 23:21:29.960 28112 28133 W System.err: 	at org.kxml2.io.KXmlParser.fillBuffer(KXmlParser.java:1496)
07-18 23:21:29.960 28112 28133 W System.err: 	at org.kxml2.io.KXmlParser.peekType(KXmlParser.java:979)
07-18 23:21:29.960 28112 28133 W System.err: 	at org.kxml2.io.KXmlParser.next(KXmlParser.java:346)
07-18 23:21:29.960 28112 28133 W System.err: 	at org.kxml2.io.KXmlParser.next(KXmlParser.java:310)
07-18 23:21:29.960 28112 28133 W System.err: 	at org.jivesoftware.smack.PacketReader.parsePackets(PacketReader.java:321)
07-18 23:21:29.960 28112 28133 W System.err: 	at org.jivesoftware.smack.PacketReader.access$1(PacketReader.java:216)
07-18 23:21:29.960 28112 28133 W System.err: 	at org.jivesoftware.smack.PacketReader$1.run(PacketReader.java:70)
07-18 23:21:30.038 26190 26192 D dalvikvm: GC_CONCURRENT freed 435K, 6% free 10055K/10695K, paused 31ms+5ms
07-18 23:21:30.948   144   199 D DhcpInfoInternal: makeLinkProperties with empty dns2!
07-18 23:21:30.956   144   199 D DhcpInfoInternal: makeLinkProperties with empty dns2!
07-18 23:21:30.976   144   201 D ConnectivityService: ConnectivityChange for WIFI: CONNECTED/CONNECTED
07-18 23:21:31.046   144   196 W NetworkStats: dropping UID delta from unknown iface: iface=wlan0 uid=0 set=DEFAULT tag=0x0 rxBytes=458 rxPackets=3 txBytes=192 txPackets=3 operations=0
07-18 23:21:31.062 28283 28283 I PhoneLab-WiFiReceiver: Wi-Fi is connected!
07-18 23:21:31.089 28283 28283 I PhoneLab-WiFiReceiver: SSID: raikiri BSSID: 94:44:52:17:be:7d RSSI: -200 LinkSpeed: -1
07-18 23:21:31.089 28283 28283 I PhoneLab-Locks: wake lock acquired
07-18 23:21:31.093 28283 28283 I PhoneLab-UploadLogs: Transfering log files now
07-18 23:21:31.093 28283 28283 I PhoneLab-UploadLogs: No log files to transfer
07-18 23:21:31.093 28283 28283 I PhoneLab-Locks: wake lock released
07-18 23:21:31.097 28283 28283 I PhoneLab-UploadLogs: OnStartCommand
07-18 23:21:31.980   144   201 D ConnectivityService: NetTransition Wakelock for WifiStateMachine released by timeout
07-18 23:21:32.593   144   205 D Tethering: MasterInitialState.processMessage what=3
07-18 23:21:32.675 26190 26190 I GTalkService/c: [AndroidEndpoint@1094376736] connect: acct=1000000, state=CONNECTING
07-18 23:21:32.679 26190 26190 I GTalkService/c: [GTalkConnection@1093920008] connect: acct=1, state=CONNECTING
07-18 23:21:32.702   144   205 D Tethering: MasterInitialState.processMessage what=3
07-18 23:21:32.866   144   317 I ActivityManager: Start proc com.google.android.apps.uploader for broadcast com.google.android.apps.uploader/.ConnectivityBroadcastReceiver: pid=28624 uid=10030 gids={3003}
07-18 23:21:32.909 28624 28624 I dalvikvm: Turning on JNI app bug workarounds for target SDK version 11...
07-18 23:21:33.019 28624 28624 I ActivityThread: Pub com.google.android.apps.uploader: com.google.android.apps.uploader.UploadsContentProvider
07-18 23:21:33.031 28624 28624 I ActivityThread: Pub com.google.photos.provider.Album: com.google.android.apps.uploader.clients.picasa.AlbumProvider
07-18 23:21:33.046 28624 28624 D MediaUploader: UploaderApplication.onCreate
07-18 23:21:33.159 28624 28624 D MediaUploader: nonWifiLimit=20971520, default=20971520
07-18 23:21:33.163 28624 28624 I MediaUploader: No need to wake up
07-18 23:21:33.171 28283 28283 I PhoneLab-WiFiReceiver: Wi-Fi is disconnected!
07-18 23:21:33.296   144   310 I ActivityManager: Start proc com.google.android.youtube for broadcast com.google.android.youtube/.app.prefetch.PrefetchService$DeviceStateReceiver: pid=28643 uid=10057 gids={3003, 1015, 1006}
07-18 23:21:33.460   144   388 I ActivityManager: Process com.twitter.android (pid 22754) has died.
07-18 23:21:33.464 28511 28656 D PicasaSync: sync account database
07-18 23:21:33.499   144   156 I WindowManager: WIN DEATH: Window{41a2f3b8 com.twitter.android/com.twitter.android.HomeTabActivity paused=false}
07-18 23:21:33.519   144   180 W InputDispatcher: channel '41a2f3b8 com.twitter.android/com.twitter.android.HomeTabActivity (server)' ~ Consumer closed input channel or an error occurred.  events=0x8
07-18 23:21:33.519   144   180 E InputDispatcher: channel '41a2f3b8 com.twitter.android/com.twitter.android.HomeTabActivity (server)' ~ Channel is unrecoverably broken and will be disposed!
07-18 23:21:33.519   144   156 W InputDispatcher: Attempted to unregister already unregistered input channel '41a2f3b8 com.twitter.android/com.twitter.android.HomeTabActivity (server)'
07-18 23:21:33.538 28511 28656 D PicasaSync: accounts in DB=1
07-18 23:21:33.542   144   180 I WindowManager: WINDOW DIED Window{41a2f3b8 com.twitter.android/com.twitter.android.HomeTabActivity paused=false}
07-18 23:21:33.585 28511 28656 D PicasaSyncManager: active network: NetworkInfo: type: WIFI[], state: CONNECTED/CONNECTED, reason: (unspecified), extra: (none), roaming: false, failover: false, isAvailable: true
07-18 23:21:33.585 28511 28656 D PicasaSyncManager: background data: true
07-18 23:21:33.613 28511 28656 D PicasaSyncManager: battery info: true
07-18 23:21:33.687 28643 28644 D dalvikvm: GC_CONCURRENT freed 158K, 3% free 9352K/9607K, paused 144ms+4ms
07-18 23:21:33.781 28643 28643 I ActivityThread: Pub com.google.android.youtube.SuggestionProvider: com.google.android.youtube.core.suggest.SuggestionProvider
07-18 23:21:33.921 26190 26192 D dalvikvm: GC_CONCURRENT freed 442K, 7% free 10002K/10695K, paused 7ms+3ms
07-18 23:21:34.027 26190 26205 D dalvikvm: GC_EXPLICIT freed 55K, 7% free 9981K/10695K, paused 5ms+3ms
07-18 23:21:34.042   144   205 D Tethering: MasterInitialState.processMessage what=3
07-18 23:21:34.452 28643 28644 D dalvikvm: GC_CONCURRENT freed 362K, 5% free 9553K/9991K, paused 20ms+3ms
07-18 23:21:34.460 28643 28652 W CursorWrapperInner: Cursor finalized without prior close()
07-18 23:21:34.460 28643 28652 W CursorWrapperInner: Cursor finalized without prior close()
07-18 23:21:34.538 28643 28644 D dalvikvm: GC_CONCURRENT freed 320K, 4% free 9788K/10183K, paused 2ms+3ms
07-18 23:21:34.636 28643 28644 D dalvikvm: GC_CONCURRENT freed 373K, 5% free 9926K/10375K, paused 2ms+2ms
07-18 23:21:34.734 28643 28644 D dalvikvm: GC_CONCURRENT freed 397K, 5% free 10094K/10567K, paused 2ms+3ms
07-18 23:21:34.820 28643 28644 D dalvikvm: GC_CONCURRENT freed 346K, 4% free 10274K/10695K, paused 2ms+2ms
07-18 23:21:35.058 28643 28644 D dalvikvm: GC_CONCURRENT freed 412K, 5% free 10314K/10823K, paused 3ms+3ms
07-18 23:21:35.171   144 12390 I ActivityManager: Start proc com.google.android.apps.docs for broadcast com.google.android.apps.docs/.receivers.NetworkChangeReceiver: pid=28695 uid=10077 gids={3003, 1015, 1006}
07-18 23:21:35.468 28695 28695 I PackageInfoHelper: Provided clientMode=RELEASE, packageInfo=PackageInfo{41362a38 com.google.android.apps.docs}
07-18 23:21:35.472 28695 28695 I ActivityThread: Pub com.google.android.apps.docs.files: com.google.android.apps.docs.sync.filemanager.FileProvider
07-18 23:21:35.495 28695 28695 I ActivityThread: Pub com.google.android.apps.docs.doclist.search_suggest: com.google.android.apps.docs.doclist.DocListGlobalSearchSuggestionProvider
07-18 23:21:35.663 28695 28697 D dalvikvm: GC_CONCURRENT freed 227K, 4% free 9304K/9607K, paused 10ms+5ms
07-18 23:21:35.765 28695 28697 D dalvikvm: GC_CONCURRENT freed 463K, 6% free 9387K/9927K, paused 2ms+2ms
07-18 23:21:35.847 28695 28697 D dalvikvm: GC_CONCURRENT freed 501K, 6% free 9411K/9991K, paused 2ms+2ms
07-18 23:21:35.937 28695 28697 D dalvikvm: GC_CONCURRENT freed 519K, 6% free 9457K/10055K, paused 1ms+3ms
07-18 23:21:36.027 28695 28697 D dalvikvm: GC_CONCURRENT freed 496K, 6% free 9473K/10055K, paused 1ms+2ms
07-18 23:21:36.120 28695 28697 D dalvikvm: GC_CONCURRENT freed 519K, 6% free 9521K/10119K, paused 1ms+2ms
07-18 23:21:36.249 28695 28697 D dalvikvm: GC_CONCURRENT freed 354K, 5% free 9640K/10119K, paused 1ms+2ms
07-18 23:21:36.347 28695 28695 D ContextScopeImpl: in ContextScope.getContextOrDefault for thread=1
07-18 23:21:36.347 28695 28695 D ContextScopeImpl: returning application context for thread=1
07-18 23:21:36.363 28695 28695 I FeatureCheckerImpl: Configured disabled features: []
07-18 23:21:36.366 28695 28697 D dalvikvm: GC_CONCURRENT freed 386K, 5% free 9760K/10247K, paused 2ms+5ms
07-18 23:21:36.366 28695 28695 D ContextScopeImpl: in ContextScope.getContextOrDefault for thread=1
07-18 23:21:36.366 28695 28695 D ContextScopeImpl: returning application context for thread=1
07-18 23:21:36.386 28695 28695 D ContextScopeImpl: in ContextScope.enter for thread=1
07-18 23:21:36.386 28695 28695 W ContextScopeImpl: thread=1 tried to enter the scope of the application context. Ignored.
07-18 23:21:36.386 28695 28695 D ContextScopeImpl: in ContextScope.getContextOrDefault for thread=1
07-18 23:21:36.386 28695 28695 D ContextScopeImpl: returning application context for thread=1
07-18 23:21:36.386 28695 28695 D DocListDatabase: openHelper points on new database: DocList.db
07-18 23:21:36.386 28695 28695 D DocListDatabase: in openWriteDatabase
07-18 23:21:36.402 28695 28695 I ActivityThread: Pub com.google.android.apps.docs.doclist.account_suggest: com.google.android.apps.docs.doclist.DocListAccountSuggestionProvider
07-18 23:21:36.402 28695 28695 D ContextScopeImpl: in ContextScope.enter for thread=1
07-18 23:21:36.402 28695 28695 W ContextScopeImpl: thread=1 tried to enter the scope of the application context. Ignored.
07-18 23:21:36.402 28695 28695 I ActivityThread: Pub com.google.android.apps.docs: com.google.android.apps.docs.providers.DocListProvider
07-18 23:21:36.402 28695 28695 D ContextScopeImpl: in ContextScope.enter for thread=1
07-18 23:21:36.402 28695 28695 W ContextScopeImpl: thread=1 tried to enter the scope of the application context. Ignored.
07-18 23:21:36.409 28695 28695 W ContextScopeImpl: thread=1 tried to enter the scope of the application context. Ignored.
07-18 23:21:36.417 28695 28709 W ContextScopeImpl: thread=17025 tried to enter the scope of the application context. Ignored.
07-18 23:21:36.456 28112 28115 D dalvikvm: GC_CONCURRENT freed 372K, 6% free 10788K/11399K, paused 34ms+3ms
07-18 23:21:36.468 28695 28695 W ContextScopeImpl: thread=1 tried to enter the scope of the application context. Ignored.
07-18 23:21:36.667   144   146 D dalvikvm: GC_CONCURRENT freed 1877K, 21% free 19281K/24199K, paused 3ms+9ms
07-18 23:21:36.671 28624 28624 I MediaUploader: No need to wake up
07-18 23:21:36.710   144   201 D ConnectivityService: handleInetConditionHoldEnd: net=1, condition=100, published condition=0
07-18 23:21:36.777 28511 28656 D PicasaSyncManager: active network: NetworkInfo: type: WIFI[], state: CONNECTED/CONNECTED, reason: (unspecified), extra: (none), roaming: false, failover: false, isAvailable: true
07-18 23:21:36.777 28511 28656 D PicasaSyncManager: background data: true
07-18 23:21:36.784 28695 28695 W ContextScopeImpl: thread=1 tried to enter the scope of the application context. Ignored.
07-18 23:21:36.843 28624 28624 I MediaUploader: No need to wake up
07-18 23:21:36.921 28695 28695 W ContextScopeImpl: thread=1 tried to enter the scope of the application context. Ignored.
07-18 23:21:36.937 28511 28656 D PicasaSyncManager: active network: NetworkInfo: type: WIFI[], state: CONNECTED/CONNECTED, reason: (unspecified), extra: (none), roaming: false, failover: false, isAvailable: true
07-18 23:21:36.948 28511 28656 D PicasaSyncManager: background data: true
07-18 23:21:37.429 26190 26192 D dalvikvm: GC_CONCURRENT freed 327K, 7% free 10040K/10695K, paused 14ms+2ms
07-18 23:21:37.851   144   161 I ActivityManager: Start proc com.google.android.talk for broadcast com.google.android.talk/.ConnectionStateOnlineReceiver: pid=28723 uid=10045 gids={3003, 1015, 1006, 3002}
07-18 23:21:38.183 28723 28723 I ActivityThread: Pub com.google.android.talk.SuggestionProvider: com.google.android.talk.SuggestionsProvider
07-18 23:21:38.659 28723 28723 D vclib:CallStateClient: startListening
07-18 23:21:38.687 28723 28725 D dalvikvm: GC_CONCURRENT freed 187K, 3% free 9320K/9607K, paused 2ms+9ms
07-18 23:21:38.980   144  1168 D dalvikvm: GC_EXPLICIT freed 446K, 21% free 19206K/24199K, paused 3ms+9ms
07-18 23:21:39.640 28643 28644 D dalvikvm: GC_CONCURRENT freed 312K, 5% free 10437K/10887K, paused 2ms+3ms
07-18 23:21:39.765   144   201 D ConnectivityService: ConnectivityChange for mobile: CONNECTED/CONNECTED
07-18 23:21:39.812   144   201 D ConnectivityService: ConnectivityChange for mobile: DISCONNECTED/DISCONNECTED
07-18 23:21:39.812   144   201 D ConnectivityService: Attempting to switch to WIFI
07-18 23:21:39.812   144   201 D ConnectivityService: Attempting to switch to WIMAX
07-18 23:21:39.816   144   201 D NetUtils: android_net_utils_resetConnections in env=0x1d93420 clazz=0x7db00001 iface=rmnet0 mask=0x3
07-18 23:21:39.816   144   201 D ConnectivityService: Attempting to switch to BLUETOOTH_TETHER
07-18 23:21:39.816   144   201 D ConnectivityService: resetConnections(rmnet0, 3)
07-18 23:21:40.089   144   390 I ActivityManager: Process com.google.android.apps.maps:LocationFriendService (pid 28301) has died.
07-18 23:21:41.433 28643 28644 D dalvikvm: GC_CONCURRENT freed 363K, 4% free 10581K/11015K, paused 3ms+2ms
07-18 23:21:41.620 28643 28644 D dalvikvm: GC_CONCURRENT freed 379K, 5% free 10637K/11143K, paused 2ms+3ms
07-18 23:21:42.370 28283 28296 I PhoneLab-: Service Running
07-18 23:21:42.488 28283 28296 I PhoneLab-LoggerService: app_37    1395  1     1432   980   c00f181c 400107b4 S logcat
07-18 23:21:42.488 28283 28296 I PhoneLab-LoggerService: Logcat pid from database 1395
07-18 23:21:42.488 28283 28296 I PhoneLab-LoggerService: Logcat process found 1395
07-18 23:21:42.488 28283 28296 I PhoneLab-LoggerService: Checking Threshold
07-18 23:21:42.894   144   205 D Tethering: MasterInitialState.processMessage what=3
07-18 23:21:42.960   144   205 D Tethering: MasterInitialState.processMessage what=3
07-18 23:21:42.980 28624 28624 I MediaUploader: No need to wake up
07-18 23:21:43.046 28695 28695 W ContextScopeImpl: thread=1 tried to enter the scope of the application context. Ignored.
07-18 23:21:43.058 28511 28656 D PicasaSyncManager: active network: NetworkInfo: type: WIFI[], state: CONNECTED/CONNECTED, reason: (unspecified), extra: (none), roaming: false, failover: false, isAvailable: true
07-18 23:21:43.089 28624 28624 I MediaUploader: No need to wake up
07-18 23:21:43.163 28695 28695 W ContextScopeImpl: thread=1 tried to enter the scope of the application context. Ignored.
07-18 23:21:43.171 28511 28656 D PicasaSyncManager: background data: true
07-18 23:21:43.179 28511 28656 D PicasaSyncManager: active network: NetworkInfo: type: WIFI[], state: CONNECTED/CONNECTED, reason: (unspecified), extra: (none), roaming: false, failover: false, isAvailable: true
07-18 23:21:43.179 28511 28656 D PicasaSyncManager: background data: true
07-18 23:21:43.441   144   201 D ConnectivityService: handleInetConditionHoldEnd: net=1, condition=100, published condition=100
07-18 23:21:43.515 28112 28621 W System.err: java.lang.InterruptedException
07-18 23:21:43.538 28112 28621 W System.err: 	at java.util.concurrent.locks.AbstractQueuedSynchronizer.acquireInterruptibly(AbstractQueuedSynchronizer.java:1198)
07-18 23:21:43.558 28112 28621 W System.err: 	at java.util.concurrent.locks.ReentrantLock.lockInterruptibly(ReentrantLock.java:311)
07-18 23:21:43.558 28112 28621 W System.err: 	at java.util.concurrent.LinkedBlockingQueue.put(LinkedBlockingQueue.java:309)
07-18 23:21:43.558 28112 28621 W System.err: 	at org.jivesoftware.smack.PacketWriter.sendPacket(PacketWriter.java:156)
07-18 23:21:43.558 28112 28621 W System.err: 	at org.jivesoftware.smack.XMPPConnection.shutdown(XMPPConnection.java:418)
07-18 23:21:43.558 28112 28621 W System.err: 	at org.jivesoftware.smack.XMPPConnection.disconnect(XMPPConnection.java:473)
07-18 23:21:43.558 28112 28621 W System.err: 	at org.jivesoftware.smack.Connection.disconnect(Connection.java:476)
07-18 23:21:43.562 28112 28621 W System.err: 	at com.xabber.android.data.connection.ConnectionThread.authorization(ConnectionThread.java:475)
07-18 23:21:43.562 28112 28621 W System.err: 	at com.xabber.android.data.connection.ConnectionThread.access$8(ConnectionThread.java:442)
07-18 23:21:43.562 28112 28621 W System.err: 	at com.xabber.android.data.connection.ConnectionThread$13.run(ConnectionThread.java:432)
07-18 23:21:43.562 28112 28621 W System.err: 	at com.xabber.android.data.connection.ConnectionThread$18.run(ConnectionThread.java:595)
07-18 23:21:43.562 28112 28621 W System.err: 	at java.util.concurrent.Executors$RunnableAdapter.call(Executors.java:442)
07-18 23:21:43.562 28112 28621 W System.err: 	at java.util.concurrent.FutureTask$Sync.innerRun(FutureTask.java:305)
07-18 23:21:43.566 28112 28621 W System.err: 	at java.util.concurrent.FutureTask.run(FutureTask.java:137)
07-18 23:21:43.566 28112 28621 W System.err: 	at java.util.concurrent.ThreadPoolExecutor.runWorker(ThreadPoolExecutor.java:1076)
07-18 23:21:43.566 28112 28621 W System.err: 	at java.util.concurrent.ThreadPoolExecutor$Worker.run(ThreadPoolExecutor.java:569)
07-18 23:21:43.566 28112 28621 W System.err: 	at java.lang.Thread.run(Thread.java:856)
07-18 23:21:47.488 28112 28115 D dalvikvm: GC_CONCURRENT freed 492K, 6% free 10778K/11399K, paused 2ms+2ms
07-18 23:21:51.054 28112 28770 D dalvikvm: GC_FOR_ALLOC freed 319K, 7% free 10763K/11463K, paused 21ms
07-18 23:21:57.980   144   310 I ActivityManager: Start proc com.google.android.apps.maps:LocationFriendService for service com.google.android.apps.maps/com.google.googlenav.friend.reporting.LocationReceiverService: pid=28773 uid=10056 gids={3003, 1015}
07-18 23:21:58.179 28773 28775 D dalvikvm: GC_CONCURRENT freed 173K, 3% free 9358K/9607K, paused 6ms+2ms
07-18 23:21:58.542 28773 28775 D dalvikvm: GC_CONCURRENT freed 134K, 3% free 9668K/9927K, paused 11ms+8ms
07-18 23:21:59.070 28773 28775 D dalvikvm: GC_CONCURRENT freed 313K, 4% free 9840K/10247K, paused 2ms+2ms
07-18 23:21:59.292 28773 28775 D dalvikvm: GC_CONCURRENT freed 335K, 5% free 9977K/10439K, paused 2ms+2ms
07-18 23:22:59.269 28046 28048 D dalvikvm: GC_CONCURRENT freed 408K, 5% free 10509K/11015K, paused 2ms+2ms
07-18 23:22:59.335 28773 28780 I dalvikvm: Total arena pages for JIT: 11
07-18 23:22:59.335 28773 28780 I dalvikvm: Total arena pages for JIT: 12
07-18 23:22:59.335 28773 28780 I dalvikvm: Total arena pages for JIT: 13
07-18 23:22:59.335 28773 28780 I dalvikvm: Total arena pages for JIT: 14
07-18 23:22:59.335 28773 28780 I dalvikvm: Total arena pages for JIT: 15
07-18 23:22:59.335 28773 28780 I dalvikvm: Total arena pages for JIT: 16
07-18 23:22:59.335 28773 28780 I dalvikvm: Total arena pages for JIT: 17
07-18 23:22:59.370 28773 28780 I dalvikvm: Total arena pages for JIT: 18
07-18 23:22:59.445 28773 28775 D dalvikvm: GC_CONCURRENT freed 468K, 6% free 9952K/10503K, paused 2ms+2ms
07-18 23:23:03.999 26019 26021 D dalvikvm: GC_CONCURRENT freed 497K, 6% free 10822K/11463K, paused 21ms+4ms
07-18 23:23:11.808 28798 28798 D dalvikvm: Late-enabling CheckJNI
07-18 23:23:11.812   144   161 I ActivityManager: Start proc com.chess for broadcast com.chess/.backend.AlarmReceiver: pid=28798 uid=10079 gids={3003, 1015}
07-18 23:23:11.941   144  1168 I ActivityManager: Process android.process.acore (pid 28559) has died.
07-18 23:23:11.988 28798 28800 D dalvikvm: GC_CONCURRENT freed 174K, 3% free 9357K/9607K, paused 2ms+2ms
07-18 23:23:12.101 28798 28812 D GetStringObjTask: retrieving from url = http://www.chess.com/api/get_move_status?id=5HHjW9WUGa%2Bcu1LUwnVJPxTIWxmEve4VdkRnRyg7b5Ch69JH2Z5aB%2B7eGuFw8K2uFx47KFsdE3JRdR3Mzv0PkZOj6eZ8N73BvxmEERrzXjMNRo80rkLyJAUTh0iqof4n
07-18 23:23:12.124 28526 28528 D dalvikvm: GC_CONCURRENT freed 302K, 5% free 9295K/9735K, paused 2ms+3ms
07-18 23:23:13.128 28798 28812 D GetStringObjTask: WebRequest SERVER RESPONSE: Success+0
07-18 23:23:26.913   144   174 I ActivityManager: Start proc com.twitter.android for service com.twitter.android/.client.AppService: pid=28814 uid=10064 gids={3003, 1015}
07-18 23:23:26.941    79    79 D dalvikvm: GC_EXPLICIT freed 38K, 4% free 9027K/9347K, paused 10ms+3ms
07-18 23:23:26.945 28814 28814 I dalvikvm: Turning on JNI app bug workarounds for target SDK version 11...
07-18 23:23:26.984    79    79 D dalvikvm: GC_EXPLICIT freed <1K, 4% free 9027K/9347K, paused 1ms+2ms
07-18 23:23:27.027    79    79 D dalvikvm: GC_EXPLICIT freed <1K, 4% free 9027K/9347K, paused 3ms+6ms
07-18 23:23:27.073 28814 28814 I ActivityThread: Pub com.twitter.android.provider.GlobalDatabaseProvider: com.twitter.android.provider.GlobalDatabaseProvider
07-18 23:23:27.085 28814 28814 I ActivityThread: Pub com.twitter.android.provider.TwitterProvider: com.twitter.android.provider.TwitterProvider
07-18 23:23:27.163 28814 28816 D dalvikvm: GC_CONCURRENT freed 202K, 4% free 9301K/9607K, paused 2ms+2ms
07-18 23:23:27.378 28814 28816 D dalvikvm: GC_CONCURRENT freed 222K, 4% free 9511K/9863K, paused 2ms+2ms
07-18 23:23:27.511 28814 28816 D dalvikvm: GC_CONCURRENT freed 286K, 5% free 9637K/10055K, paused 1ms+3ms
07-18 23:23:27.644 28814 28816 D dalvikvm: GC_CONCURRENT freed 304K, 5% free 9768K/10183K, paused 1ms+2ms
07-18 23:23:27.765 28814 28816 D dalvikvm: GC_CONCURRENT freed 304K, 5% free 9894K/10311K, paused 1ms+2ms
07-18 23:23:27.882 28814 28816 D dalvikvm: GC_CONCURRENT freed 296K, 5% free 10019K/10439K, paused 1ms+2ms
07-18 23:23:27.995 28814 28816 D dalvikvm: GC_CONCURRENT freed 302K, 4% free 10153K/10567K, paused 1ms+2ms
07-18 23:23:28.120 28814 28816 D dalvikvm: GC_CONCURRENT freed 300K, 4% free 10282K/10695K, paused 1ms+2ms
07-18 23:23:28.269 28814 28816 D dalvikvm: GC_CONCURRENT freed 469K, 6% free 10224K/10823K, paused 2ms+2ms
07-18 23:23:28.406 28814 28816 D dalvikvm: GC_CONCURRENT freed 328K, 5% free 10301K/10823K, paused 2ms+2ms
07-18 23:23:28.546 28814 28816 D dalvikvm: GC_CONCURRENT freed 362K, 5% free 10406K/10887K, paused 4ms+2ms
07-18 23:23:28.671 28814 28816 D dalvikvm: GC_CONCURRENT freed 357K, 5% free 10484K/10951K, paused 2ms+2ms
07-18 23:23:28.784 28814 28816 D dalvikvm: GC_CONCURRENT freed 327K, 5% free 10562K/11015K, paused 1ms+3ms
07-18 23:23:28.925 28814 28816 D dalvikvm: GC_CONCURRENT freed 378K, 5% free 10654K/11143K, paused 1ms+2ms
07-18 23:23:29.050 28814 28816 D dalvikvm: GC_CONCURRENT freed 401K, 5% free 10749K/11271K, paused 2ms+1ms
07-18 23:23:29.136   144 15767 I ActivityManager: Process com.google.android.talk (pid 28723) has died.
07-18 23:23:29.148 28511 28515 I dalvikvm: Jit: resizing JitTable from 4096 to 8192
07-18 23:23:29.323   144   146 D dalvikvm: GC_CONCURRENT freed 1930K, 21% free 19281K/24199K, paused 7ms+10ms
07-18 23:23:29.382 28814 28816 D dalvikvm: GC_CONCURRENT freed 407K, 5% free 10859K/11399K, paused 2ms+2ms
07-18 23:23:29.847   346   346 D SAN_SERVICE: *******************************************
07-18 23:23:29.851   346   346 D SAN_SERVICE: DM App Phone Service State - 0
07-18 23:23:29.851   346   346 D SAN_SERVICE: *******************************************
07-18 23:23:30.546   346   346 D SAN_SERVICE: *******************************************
07-18 23:23:30.546   346   346 D SAN_SERVICE: DM App Phone Service State - 0
07-18 23:23:30.546   346   346 D SAN_SERVICE: *******************************************
07-18 23:23:31.288 28814 28816 D dalvikvm: GC_CONCURRENT freed 348K, 4% free 11074K/11527K, paused 2ms+3ms
07-18 23:23:33.031 28814 28816 D dalvikvm: GC_CONCURRENT freed 429K, 5% free 11248K/11783K, paused 2ms+3ms
07-18 23:23:42.351 28283 28296 I PhoneLab-: Service Running
07-18 23:23:42.433   144   378 I ActivityManager: Process android.process.media (pid 28526) has died.
07-18 23:23:42.491 28283 28296 I PhoneLab-LoggerService: app_37    1395  1     1432   980   c00f181c 400107b4 S logcat
07-18 23:23:42.491 28283 28296 I PhoneLab-LoggerService: Logcat pid from database 1395
07-18 23:23:42.491 28283 28296 I PhoneLab-LoggerService: Logcat process found 1395
07-18 23:23:42.491 28283 28296 I PhoneLab-LoggerService: Checking Threshold
07-18 23:23:53.753   346   346 D SAN_SERVICE: *******************************************
07-18 23:23:53.753   346   346 D SAN_SERVICE: DM App Phone Service State - 0
07-18 23:23:53.757   346   346 D SAN_SERVICE: *******************************************
07-18 23:23:53.980   346   346 D SAN_SERVICE: *******************************************
07-18 23:23:53.980   346   346 D SAN_SERVICE: DM App Phone Service State - 0
07-18 23:23:53.980   346   346 D SAN_SERVICE: *******************************************
07-18 23:23:55.843   144   199 D DhcpInfoInternal: makeLinkProperties with empty dns2!
07-18 23:23:55.847   144   199 D DhcpInfoInternal: makeLinkProperties with empty dns2!
07-18 23:23:59.284 26190 26192 D dalvikvm: GC_CONCURRENT freed 363K, 6% free 10071K/10695K, paused 6ms+14ms
07-18 23:24:17.402 28027 28030 D dalvikvm: GC_CONCURRENT freed 255K, 4% free 9211K/9543K, paused 26ms+2ms
07-18 23:24:59.370 28046 28048 D dalvikvm: GC_CONCURRENT freed 547K, 7% free 10465K/11143K, paused 2ms+2ms
07-18 23:24:59.476 28773 28775 D dalvikvm: GC_CONCURRENT freed 525K, 6% free 9955K/10567K, paused 3ms+2ms
07-18 23:25:42.351 28283 28296 I PhoneLab-: Service Running
07-18 23:25:42.452 28283 28296 I PhoneLab-LoggerService: app_37    1395  1     1432   980   c00f181c 400107b4 S logcat
07-18 23:25:42.452 28283 28296 I PhoneLab-LoggerService: Logcat pid from database 1395
07-18 23:25:42.452 28283 28296 I PhoneLab-LoggerService: Logcat process found 1395
07-18 23:25:42.452 28283 28296 I PhoneLab-LoggerService: Checking Threshold
07-18 23:25:59.456 28046 28048 D dalvikvm: GC_CONCURRENT freed 512K, 7% free 10408K/11143K, paused 1ms+4ms
07-18 23:25:59.507 28773 28775 D dalvikvm: GC_CONCURRENT freed 475K, 6% free 9991K/10567K, paused 4ms+3ms
07-18 23:25:59.812 28773 28775 D dalvikvm: GC_CONCURRENT freed 364K, 5% free 10074K/10567K, paused 8ms+2ms
07-18 23:25:59.859   144  1168 I ActivityManager: Process com.google.android.apps.plus (pid 28511) has died.
07-18 23:26:00.730 28773 28775 D dalvikvm: GC_CONCURRENT freed 286K, 4% free 10279K/10695K, paused 2ms+2ms
07-18 23:26:20.491   144   199 D DhcpInfoInternal: makeLinkProperties with empty dns2!
07-18 23:26:20.491   144   199 D DhcpInfoInternal: makeLinkProperties with empty dns2!
07-18 23:26:27.281   346   346 D SAN_SERVICE: *******************************************
07-18 23:26:27.281   346   346 D SAN_SERVICE: DM App Phone Service State - 0
07-18 23:26:27.281   346   346 D SAN_SERVICE: *******************************************
07-18 23:26:32.648   346   346 D SAN_SERVICE: *******************************************
07-18 23:26:32.648   346   346 D SAN_SERVICE: DM App Phone Service State - 0
07-18 23:26:32.648   346   346 D SAN_SERVICE: *******************************************
07-18 23:26:59.476   144 14994 D dalvikvm: GC_EXPLICIT freed 1157K, 21% free 19158K/24199K, paused 3ms+8ms
07-18 23:26:59.589 28773 28775 D dalvikvm: GC_CONCURRENT freed 647K, 7% free 10157K/10887K, paused 2ms+2ms
07-18 23:27:11.718   144   174 I ActivityManager: Start proc com.google.android.apps.plus for service com.google.android.apps.plus/.service.EsService: pid=28886 uid=10060 gids={3003, 3002, 1015, 1006}
07-18 23:27:11.991 28886 28888 D dalvikvm: GC_CONCURRENT freed 149K, 3% free 9382K/9607K, paused 1ms+3ms
07-18 23:27:12.132 28886 28886 I ActivityThread: Pub com.google.android.apps.plus.content.ApiProvider: com.google.android.apps.plus.content.EsApiProvider
07-18 23:27:12.214 28886 28886 I ActivityThread: Pub com.google.android.apps.plus.content.EsGooglePhotoProvider: com.google.android.picasasync.PicasaContentProvider
07-18 23:27:12.300 28886 28888 D dalvikvm: GC_CONCURRENT freed 335K, 5% free 9577K/9991K, paused 2ms+2ms
07-18 23:27:12.327 28886 28886 I ActivityThread: Pub com.google.android.apps.plus.content.EsPicasaStoreProvider: com.google.android.picasastore.PicasaPhotoContentProvider
07-18 23:27:12.331 28886 28886 I ActivityThread: Pub com.google.plus.platform: com.google.android.apps.plus.content.AdsProvider
07-18 23:27:12.335 28886 28886 I ActivityThread: Pub com.google.android.apps.plus.iu.EsGoogleIuProvider: com.google.android.apps.plus.iu.InstantUploadProvider
07-18 23:27:12.378   144  6618 I ActivityManager: Start proc android.process.media for content provider com.android.providers.media/.MediaProvider: pid=28901 uid=10012 gids={1015, 1023, 1024, 2001, 3003, 3007}
07-18 23:27:12.437 28886 28888 D dalvikvm: GC_CONCURRENT freed 471K, 6% free 9634K/10183K, paused 2ms+13ms
07-18 23:27:12.445 28901 28901 I ActivityThread: Pub downloads: com.android.providers.downloads.DownloadProvider
07-18 23:27:12.445 28886 28886 I ActivityThread: Pub com.google.android.apps.plus.content.EsProvider: com.google.android.apps.plus.content.EsProvider
07-18 23:27:12.511 28901 28901 I ActivityThread: Pub drm: com.android.providers.drm.DrmProvider
07-18 23:27:12.511 28901 28914 I DownloadManager: in removeSpuriousFiles
07-18 23:27:12.527 28901 28901 I ActivityThread: Pub media: com.android.providers.media.MediaProvider
07-18 23:27:12.609 28901 28914 I DownloadManager: in removeSpuriousFiles, preserving file /data/data/com.android.providers.downloads/cache/metadata.json
07-18 23:27:12.609 28901 28914 I DownloadManager: in removeSpuriousFiles, preserving file /data/data/com.android.providers.downloads/cache/en_general.htm
07-18 23:27:12.613 28901 28914 I DownloadManager: in removeSpuriousFiles, preserving file /mnt/sdcard/Download/img-thing.jpeg
07-18 23:27:12.613 28901 28914 I DownloadManager: in removeSpuriousFiles, preserving file /data/data/com.android.providers.downloads/cache/metadata-1.json
07-18 23:27:12.613 28901 28914 I DownloadManager: in removeSpuriousFiles, preserving file /data/data/com.android.providers.downloads/cache/downloadfile.jpeg
07-18 23:27:12.613 28901 28914 I DownloadManager: in removeSpuriousFiles, preserving file /data/data/com.android.providers.downloads/cache/metadata-2.json
07-18 23:27:12.613 28901 28914 I DownloadManager: in removeSpuriousFiles, preserving file /data/data/com.android.providers.downloads/cache/metadata-3.json
07-18 23:27:12.613 28901 28914 I DownloadManager: in removeSpuriousFiles, preserving file /data/data/com.android.providers.downloads/cache/downloadfile-1.jpeg
07-18 23:27:12.613 28901 28914 I DownloadManager: in removeSpuriousFiles, preserving file /data/data/com.android.providers.downloads/cache/downloadfile-2.jpeg
07-18 23:27:12.613 28901 28914 I DownloadManager: in removeSpuriousFiles, preserving file /data/data/com.android.providers.downloads/cache/metadata-4.json
07-18 23:27:12.613 28901 28914 I DownloadManager: in removeSpuriousFiles, preserving file /data/data/com.android.providers.downloads/cache/metadata-5.json
07-18 23:27:12.613 28901 28914 I DownloadManager: in removeSpuriousFiles, preserving file /data/data/com.android.providers.downloads/cache/metadata-6.json
07-18 23:27:12.613 28901 28914 I DownloadManager: deleting spurious file /cache/backup
07-18 23:27:12.956 28901 28905 D dalvikvm: GC_CONCURRENT freed 370K, 5% free 9162K/9607K, paused 17ms+2ms
07-18 23:27:13.038 28886 28888 D dalvikvm: GC_CONCURRENT freed 214K, 4% free 9883K/10247K, paused 60ms+3ms
07-18 23:27:13.042 28886 28900 D PicasaPhotoCP: set fsid first time:-1
07-18 23:27:13.191 28886 28888 D dalvikvm: GC_CONCURRENT freed 172K, 3% free 10163K/10439K, paused 1ms+2ms
07-18 23:27:13.281 28886 28888 D dalvikvm: GC_CONCURRENT freed 263K, 4% free 10330K/10759K, paused 1ms+2ms
07-18 23:27:13.339   346   346 D SAN_SERVICE: *******************************************
07-18 23:27:13.339   346   346 D SAN_SERVICE: DM App Phone Service State - 0
07-18 23:27:13.339   346   346 D SAN_SERVICE: *******************************************
07-18 23:27:13.347 28886 28915 D dalvikvm: GC_FOR_ALLOC freed 114K, 4% free 10457K/10887K, paused 35ms
07-18 23:27:13.359 28886 28915 I dalvikvm-heap: Grow heap (frag case) to 10.533MB for 260112-byte allocation
07-18 23:27:13.378 28886 28915 D dalvikvm: GC_FOR_ALLOC freed 126K, 6% free 10585K/11143K, paused 18ms
07-18 23:27:13.406 28886 28915 D dalvikvm: GC_FOR_ALLOC freed 311K, 6% free 10578K/11143K, paused 18ms
07-18 23:27:13.425 28886 28915 D dalvikvm: GC_FOR_ALLOC freed 62K, 5% free 10642K/11143K, paused 18ms
07-18 23:27:13.425 28886 28915 I dalvikvm-heap: Grow heap (frag case) to 10.713MB for 260112-byte allocation
07-18 23:27:13.445 28886 28915 D dalvikvm: GC_FOR_ALLOC freed 126K, 6% free 10770K/11399K, paused 18ms
07-18 23:27:13.472 28886 28915 D dalvikvm: GC_FOR_ALLOC freed 369K, 6% free 10826K/11399K, paused 18ms
07-18 23:27:13.491 28886 28915 D dalvikvm: GC_FOR_ALLOC freed 126K, 4% free 10953K/11399K, paused 18ms
07-18 23:27:13.624   346   346 D SAN_SERVICE: *******************************************
07-18 23:27:13.624   346   346 D SAN_SERVICE: DM App Phone Service State - 0
07-18 23:27:13.624   346   346 D SAN_SERVICE: *******************************************
07-18 23:27:13.640 28886 28888 D dalvikvm: GC_CONCURRENT freed 344K, 4% free 11204K/11655K, paused 1ms+12ms
07-18 23:27:13.773 28886 28888 D dalvikvm: GC_CONCURRENT freed 139K, 3% free 11728K/11975K, paused 2ms+3ms
07-18 23:27:13.925 28886 28888 D dalvikvm: GC_CONCURRENT freed 545K, 6% free 12015K/12679K, paused 1ms+2ms
07-18 23:27:14.085   144   176 I power   : *** set_screen_state 1
07-18 23:27:14.136   144   176 I WindowManager: Lock screen displayed!
07-18 23:27:14.183 28886 28888 D dalvikvm: GC_CONCURRENT freed 209K, 3% free 12742K/13063K, paused 2ms+53ms
07-18 23:27:14.300    78   123 D SurfaceFlinger: Screen about to return, flinger = 0x16bd918
07-18 23:27:14.640 28886 28917 I SqliteDatabaseCpp: sqlite returned: error code = 1, msg = no such column: wipeout_stats, db=/data/data/com.google.android.apps.plus/databases/es0.db
07-18 23:27:14.640 28886 28917 W System.err: android.database.sqlite.SQLiteException: no such column: wipeout_stats: , while compiling: SELECT wipeout_stats  FROM account_status
07-18 23:27:14.679 28886 28917 W System.err: 	at android.database.sqlite.SQLiteCompiledSql.native_compile(Native Method)
07-18 23:27:14.679 28886 28917 W System.err: 	at android.database.sqlite.SQLiteCompiledSql.<init>(SQLiteCompiledSql.java:68)
07-18 23:27:14.679 28886 28917 W System.err: 	at android.database.sqlite.SQLiteProgram.compileSql(SQLiteProgram.java:143)
07-18 23:27:14.679 28886 28917 W System.err: 	at android.database.sqlite.SQLiteProgram.compileAndbindAllArgs(SQLiteProgram.java:361)
07-18 23:27:14.679 28886 28917 W System.err: 	at android.database.sqlite.SQLiteStatement.acquireAndLock(SQLiteStatement.java:260)
07-18 23:27:14.679 28886 28917 W System.err: 	at android.database.sqlite.SQLiteStatement.simpleQueryForLong(SQLiteStatement.java:137)
07-18 23:27:14.683 28886 28917 W System.err: 	at android.database.DatabaseUtils.longForQuery(DatabaseUtils.java:791)
07-18 23:27:14.683 28886 28917 W System.err: 	at android.database.DatabaseUtils.longForQuery(DatabaseUtils.java:779)
07-18 23:27:14.683 28886 28917 W System.err: 	at com.google.android.apps.plus.content.EsAccountsData.isContactsStatsWipeoutNeeded(EsAccountsData.java:641)
07-18 23:27:14.683 28886 28917 W System.err: 	at com.google.android.apps.plus.service.EsService.processIntent(EsService.java:4246)
07-18 23:27:14.683 28886 28917 W System.err: 	at com.google.android.apps.plus.service.ServiceThread$1.run(ServiceThread.java:50)
07-18 23:27:14.683 28886 28917 W System.err: 	at android.os.Handler.handleCallback(Handler.java:605)
07-18 23:27:14.683 28886 28917 W System.err: 	at android.os.Handler.dispatchMessage(Handler.java:92)
07-18 23:27:14.683 28886 28917 W System.err: 	at android.os.Looper.loop(Looper.java:137)
07-18 23:27:14.683 28886 28917 W System.err: 	at com.google.android.apps.plus.service.ServiceThread.run(ServiceThread.java:122)
07-18 23:27:14.866   215   215 D PhoneStatusBar: disable: < expand icons alerts ticker system_info BACK HOME recent* CLOCK >
07-18 23:27:14.945   144   317 W InputManagerService: Window already focused, ignoring focus gain of: com.android.internal.view.IInputMethodClient$Stub$Proxy@41606580
07-18 23:27:14.956   215   215 D PhoneStatusBar: disable: < expand icons alerts ticker system_info back* home* recent clock* >
07-18 23:27:14.972   215   217 D dalvikvm: GC_CONCURRENT freed 531K, 58% free 9688K/22727K, paused 2ms+15ms
07-18 23:27:14.980   144   161 I ActivityManager: Start proc com.google.android.apps.gesturesearch for broadcast com.google.android.apps.gesturesearch/.motion.ScreenStateReceiver: pid=28926 uid=10088 gids={3003}
07-18 23:27:15.031 28926 28926 I dalvikvm: Turning on JNI app bug workarounds for target SDK version 8...
07-18 23:27:15.202 28926 28926 I ActivityThread: Pub com.google.android.apps.gesturesearch.history: com.google.android.apps.gesturesearch.data.QueryHistoryProvider
07-18 23:27:15.206 28926 28926 I ActivityThread: Pub com.google.android.apps.gesturesearch.index: com.google.android.apps.gesturesearch.data.IndexProvider
07-18 23:27:15.363 26190 26197 I dalvikvm: Jit: resizing JitTable from 4096 to 8192
07-18 23:27:15.476 26190 26192 D dalvikvm: GC_CONCURRENT freed 304K, 6% free 10150K/10695K, paused 7ms+4ms
07-18 23:27:15.632   144   388 I ActivityManager: Start proc android.process.acore for content provider com.android.providers.contacts/.ContactsProvider2: pid=28940 uid=10000 gids={3003, 1015}
07-18 23:27:15.679 28940 28940 I ActivityThread: Pub call_log: com.android.providers.contacts.CallLogProvider
07-18 23:27:15.718 28940 28940 I ActivityThread: Pub com.android.voicemail: com.android.providers.contacts.VoicemailContentProvider
07-18 23:27:15.722 28940 28940 I ActivityThread: Pub user_dictionary: com.android.providers.userdictionary.UserDictionaryProvider
07-18 23:27:15.765 28940 28940 I ActivityThread: Pub com.android.social: com.android.providers.contacts.SocialProvider
07-18 23:27:15.765 28940 28940 I ActivityThread: Pub applications: com.android.providers.applications.ApplicationsProvider
07-18 23:27:15.894 28940 28940 I ActivityThread: Pub contacts;com.android.contacts: com.android.providers.contacts.ContactsProvider2
07-18 23:27:15.921 28940 28942 D dalvikvm: GC_CONCURRENT freed 345K, 5% free 9187K/9607K, paused 4ms+2ms
07-18 23:27:16.195 28940 28942 D dalvikvm: GC_CONCURRENT freed 206K, 4% free 9409K/9735K, paused 2ms+3ms
07-18 23:27:16.550 12865 12867 D dalvikvm: GC_CONCURRENT freed 1004K, 23% free 12368K/15879K, paused 19ms+4ms
07-18 23:27:16.796   144 14192 I ActivityManager: START {act=android.intent.action.MAIN cat=[android.intent.category.LAUNCHER] flg=0x10000000 pkg=com.android.chrome cmp=com.android.chrome/com.google.android.apps.chrome.Main bnds=[240,103][360,253]} from pid 12865
07-18 23:27:16.968   144  6618 I ActivityManager: Start proc com.android.chrome for activity com.android.chrome/com.google.android.apps.chrome.Main: pid=28956 uid=10089 gids={3003, 1015}
07-18 23:27:17.116 12865 12865 D OpenGLRenderer: Flushing caches (mode 1)
07-18 23:27:17.128 12865 12865 D OpenGLRenderer: Flushing caches (mode 0)
07-18 23:27:17.304 28956 28956 I ActivityThread: Pub com.android.chrome.snapshot: com.google.android.apps.chrome.snapshot.SnapshotProvider
07-18 23:27:17.316 28956 28956 I ActivityThread: Pub com.android.chrome.ChromeBrowserProvider;com.android.chrome.browser;com.android.chrome: com.google.android.apps.chrome.ChromeBrowserProvider
07-18 23:27:17.503   144   160 I Process : Sending signal. PID: 28956 SIG: 3
07-18 23:27:17.503 28956 28961 I dalvikvm: threadid=3: reacting to signal 3
07-18 23:27:17.546 28956 28961 I dalvikvm: Wrote stack traces to '/data/anr/traces.txt'
07-18 23:27:17.550 28940 28942 D dalvikvm: GC_CONCURRENT freed 194K, 4% free 9663K/9991K, paused 175ms+2ms
07-18 23:27:17.562 28956 28958 D dalvikvm: GC_CONCURRENT freed 197K, 4% free 9292K/9607K, paused 12ms+2ms
07-18 23:27:17.570 28956 28956 W ResourceType: Failure getting entry for 0x7f040039 (t=3 e=57) in package 0 (error -75)
07-18 23:27:17.577 28956 28956 W ResourceType: Failure getting entry for 0x7f04000d (t=3 e=13) in package 0 (error -75)
07-18 23:27:17.601 28956 28956 D libEGL  : loaded /system/lib/egl/libGLES_android.so
07-18 23:27:17.609 28956 28956 D libEGL  : loaded /vendor/lib/egl/libEGL_POWERVR_SGX540_120.so
07-18 23:27:17.636 28956 28956 D libEGL  : loaded /vendor/lib/egl/libGLESv1_CM_POWERVR_SGX540_120.so
07-18 23:27:17.640 28956 28956 D libEGL  : loaded /vendor/lib/egl/libGLESv2_POWERVR_SGX540_120.so
07-18 23:27:17.933 28956 28956 W GLPreLoader: eglCreateWindowSurface EGL_SUCCESS
07-18 23:27:17.964 28956 28971 I LibraryLoader: loading: chromeview
07-18 23:27:17.968 28956 28971 D dalvikvm: Trying to load lib /data/data/com.android.chrome/lib/libchromeview.so 0x41322108
07-18 23:27:18.042 28956 28956 D OpenGLRenderer: Enabling debug mode 0
07-18 23:27:18.046   144   160 I Process : Sending signal. PID: 28956 SIG: 3
07-18 23:27:18.046 28956 28961 I dalvikvm: threadid=3: reacting to signal 3
07-18 23:27:18.046   144 13425 I ActivityManager: Start proc com.android.chrome:sandboxed_process0 for service com.android.chrome/org.chromium.content.browser.SandboxedProcessService0: pid=28974 uid=10089 gids={3003, 1015}
07-18 23:27:18.081 28956 28961 I dalvikvm: Wrote stack traces to '/data/anr/traces.txt'
07-18 23:27:18.210   321   322 D dalvikvm: GC_CONCURRENT freed 1417K, 24% free 10151K/13191K, paused 1ms+2ms
07-18 23:27:18.226 28974 28987 I LibraryLoader: loading: chromeview
07-18 23:27:18.226 28974 28987 D dalvikvm: Trying to load lib /data/data/com.android.chrome/lib/libchromeview.so 0x41321910
07-18 23:27:18.245   144   175 I ActivityManager: Displayed com.android.chrome/com.google.android.apps.chrome.Main: +1s360ms
07-18 23:27:18.894 28974 28987 D dalvikvm: Added shared lib /data/data/com.android.chrome/lib/libchromeview.so 0x41321910
07-18 23:27:18.894 28974 28987 I LibraryLoader: loaded: chromeview
07-18 23:27:18.980 28956 28971 D dalvikvm: Added shared lib /data/data/com.android.chrome/lib/libchromeview.so 0x41322108
07-18 23:27:18.991 28956 28971 I LibraryLoader: loaded: chromeview
07-18 23:27:19.198 28956 28988 D dalvikvm: GC_FOR_ALLOC freed 113K, 3% free 9551K/9799K, paused 131ms
07-18 23:27:19.320 28956 28956 I chromium: [INFO:chrome_library_loader_hooks.cc(156)] Chromium logging enabled: level = 0, default verbosity = 0
07-18 23:27:19.374 28956 28989 D dalvikvm: GC_FOR_ALLOC freed 11K, 3% free 9798K/10055K, paused 19ms
07-18 23:27:19.429 28940 28942 D dalvikvm: GC_CONCURRENT freed 351K, 5% free 9762K/10247K, paused 2ms+4ms
07-18 23:27:19.511 28956 28989 D dalvikvm: GC_FOR_ALLOC freed 14K, 3% free 10174K/10439K, paused 19ms
07-18 23:27:19.523 28956 28956 I MemoryUsageMonitor: Max active tabs = 6
07-18 23:27:19.527 28956 28956 W BrowserProcessMain: Excessive maxRendererProcesses value: 5
07-18 23:27:19.527 28956 28956 I BrowserProcessMain: Initializing chromium process, renderers=3 hostIsChrome=true
07-18 23:27:19.527 28956 28956 I chromium: [INFO:chrome_paths.cc(456)] Registering chrome_paths.cc as a path provider
07-18 23:27:19.534 28956 28956 I chromium: [INFO:build_info.cc(88)] BuildInfo instance initialized with device=crespo4g model=Full Android on Crespo4G brand=Android android_build_id=IMM76D android_build_fp=Android/full_crespo4g/crespo4g:4.0.4/IMM76D/eng.ans25.20120628.181608:userdebug/test-keys package_version_code=1025123 package_version_name=18.0.1025123
07-18 23:27:19.542 28956 28956 I chromium: [INFO:breakpad_posix.cc(908)] Dump path: /data/data/com.android.chrome/cache/Crash Reports
07-18 23:27:20.011 28956 28956 D SyncSetupManager: Handling request for auth token from sync engine
07-18 23:27:20.187 28956 28956 D SyncSetupManager: setState: sync = true, wantedSyncState = true
07-18 23:27:20.206 28956 28956 D SyncSetupManager: Enabling sync
07-18 23:27:20.476 28956 28958 D dalvikvm: GC_CONCURRENT freed 68K, 3% free 10564K/10823K, paused 2ms+2ms
07-18 23:27:21.038 28956 28992 E chromium: [ERROR:user_style_sheet_watcher.cc(164)] Failed to setup watch for /data/data/com.android.chrome/app_chrome/Default/User StyleSheets/Custom.css
07-18 23:27:21.296 28956 28956 D SandboxedProcessLauncher: Setting up connection to process: slot=0
07-18 23:27:21.312 28974 28987 I chromium: [INFO:chrome_library_loader_hooks.cc(156)] Chromium logging enabled: level = 0, default verbosity = 0
07-18 23:27:21.320 28956 28956 D SandboxedProcessLauncher: on connect callback, pid=28974 context=33459104
07-18 23:27:21.347 28974 28987 I chromium: [INFO:sandboxed_process_service.cc(173)] Starting sandboxed process main entry point, cmdline=/system/bin/app_process --type=renderer --enable-fixed-layout --enable-threaded-compositing --ppapi-out-of-process --register-pepper-plugins --lang=en-US --enable-crash-reporter=,Android --disable-client-side-phishing-detection --enable-in-browser-thumbnailing --channel=28956.0.924419080 --data-dir=/data/data/com.android.chrome/app_chrome --lang=en-US --cache-dir=/data/data/com.android.chrome/cache
07-18 23:27:21.956 28956 28956 I chromium: [INFO:uma_session_stats.cc(105)] Metrics service started.
07-18 23:27:22.222 28956 28956 D SyncSetupManager: Successfully retrieved sync auth token.
07-18 23:27:23.406 28956 28956 D NetworkConnectivityReceiver: Network connectivity changed, status is: true
07-18 23:27:23.921   144   390 D dalvikvm: GC_EXPLICIT freed 1504K, 21% free 19152K/24199K, paused 16ms+9ms
07-18 23:27:24.007 28956 28989 D dalvikvm: GC_FOR_ALLOC freed 309K, 4% free 10642K/11079K, paused 22ms
07-18 23:27:24.011 28956 28989 I dalvikvm-heap: Grow heap (frag case) to 10.715MB for 262160-byte allocation
07-18 23:27:24.042 28956 28969 D dalvikvm: GC_FOR_ALLOC freed 2K, 5% free 10895K/11399K, paused 21ms
07-18 23:27:24.593 26190 28681 D dalvikvm: GC_EXPLICIT freed 318K, 6% free 10109K/10695K, paused 289ms+5ms
07-18 23:27:25.519 28956 29014 W InvalidationClientImpl: [chromesync#-577763198] Could not read state blob: No value in map for ClientToken
07-18 23:27:25.695 28940 28942 D dalvikvm: GC_CONCURRENT freed 630K, 8% free 9547K/10311K, paused 39ms+3ms
07-18 23:27:26.913   144   160 W ActivityManager: Launch timeout has expired, giving up wake lock!
07-18 23:27:27.257 28956 28956 D ChromeBrowserSyncAdapter: handling delayed sync
07-18 23:27:27.734 28956 28956 E chromium: [ERROR:chrome_view.cc(250)] GPU process connected while no render process. Hmm...
07-18 23:27:28.148 28956 28958 D dalvikvm: GC_CONCURRENT freed 440K, 5% free 11056K/11591K, paused 175ms+38ms
07-18 23:27:28.179 28956 29023 I chromium: [INFO:gpu_child_thread.cc(145)] gpu_info_collector::CollectGraphicsInfo complete. success = 1
07-18 23:27:28.300 28956 29027 V ChromeBrowserSyncAdapter: Received sync tickle for all types in ChromeBrowserSyncAdapter
07-18 23:27:28.609   144   342 I ActivityManager: Process com.apksoftware.compass (pid 28027) has died.
07-18 23:27:28.613   144   342 W ActivityManager: Scheduling restart of crashed service com.apksoftware.compass/com.catchnotes.buy.CatchBuyService in 5000ms
07-18 23:27:29.597 28956 29034 D C2DMReceiver: Got successful registration from C2DM frontend
07-18 23:27:30.652 28956 28958 D dalvikvm: GC_CONCURRENT freed 563K, 6% free 11209K/11847K, paused 6ms+236ms
07-18 23:27:31.421 28956 29039 D CloudPrintService: handleUpdate(): Trying to update printer
07-18 23:27:31.566   144  1168 I ActivityManager: Process com.google.android.apps.uploader (pid 28624) has died.
07-18 23:27:31.827 28956 29008 W chromium: [WARNING:sync_notifier_impl_android.cc(70)] Could not get invalidation model type; invalidating enabled types: Bookmarks, Typed URLs, Encryption keys, Sessions
07-18 23:27:32.409 28956 28958 D dalvikvm: GC_CONCURRENT freed 694K, 7% free 11269K/12039K, paused 16ms+23ms
07-18 23:27:32.812   144   144 I ActivityManager: Process com.google.android.youtube (pid 28643) has died.
07-18 23:27:33.710   144   161 I ActivityManager: Start proc com.apksoftware.compass for service com.apksoftware.compass/com.catchnotes.buy.CatchBuyService: pid=29044 uid=10091 gids={3003}
07-18 23:27:33.761 29044 29044 I dalvikvm: Turning on JNI app bug workarounds for target SDK version 8...
07-18 23:27:33.792 28956 28956 W SurfaceTexture: freeAllBuffersExceptCurrentLocked called but mQueue is not empty
07-18 23:27:33.800 28956 28973 I CrashUploadUtils: Attempting to upload accumulated crash dumps.
07-18 23:27:35.027 28956 29039 I CloudPrintClient: Device successfully updated
07-18 23:27:35.050   144   390 I ActivityManager: Start proc com.google.android.partnersetup for content provider com.google.android.partnersetup/.RlzAppProvider: pid=29057 uid=10021 gids={3003}
07-18 23:27:35.152   144 13425 I ActivityManager: Process com.google.android.apps.docs (pid 28695) has died.
07-18 23:27:35.230 29044 29044 I BugSenseHandler: Registering default exceptions handler
07-18 23:27:35.230 29044 29044 D BugSenseHandler: Looking for exceptions in: /data/data/com.apksoftware.compass/files
07-18 23:27:35.277 29044 29044 D BugSenseHandler: Found 0 stacktrace(s)
07-18 23:27:35.296   346   346 D SAN_SERVICE: *******************************************
07-18 23:27:35.296   346   346 D SAN_SERVICE: DM App Phone Service State - 0
07-18 23:27:35.296   346   346 D SAN_SERVICE: *******************************************
07-18 23:27:35.308 29057 29057 I ActivityThread: Pub com.google.android.partnersetup.rlzprovider: com.google.android.partnersetup.RlzProvider
07-18 23:27:35.320 29057 29057 I ActivityThread: Pub com.google.android.partnersetup.rlzappprovider: com.google.android.partnersetup.RlzAppProvider
07-18 23:27:35.382   346   346 D SAN_SERVICE: *******************************************
07-18 23:27:35.382   346   346 D SAN_SERVICE: DM App Phone Service State - 0
07-18 23:27:35.382   346   346 D SAN_SERVICE: *******************************************
07-18 23:27:35.398 12865 12865 D OpenGLRenderer: Flushing caches (mode 2)
07-18 23:27:35.429 12865 12865 D OpenGLRenderer: Flushing caches (mode 0)
07-18 23:27:35.519 28956 28989 W RevenueStats: getData: ClientID empty (null), defaulting to "chrome-mobile".
07-18 23:27:35.601 28956 28971 W RevenueStats: getData: RLZ empty (null), defaulting to "".
07-18 23:27:35.886 29044 29044 W CatchBuyService: handleCommand received null intent
07-18 23:27:37.206 28956 28958 D dalvikvm: GC_CONCURRENT freed 599K, 6% free 11326K/12039K, paused 10ms+8ms
07-18 23:27:38.820   144   390 I ActivityManager: Process com.twitter.android (pid 28814) has died.
07-18 23:27:39.448 28956 28956 D dalvikvm: GC_FOR_ALLOC freed 158K, 7% free 11442K/12231K, paused 41ms
07-18 23:27:39.656   144   156 I ActivityManager: Process com.chess (pid 28798) has died.
07-18 23:27:40.093   144   317 I ActivityManager: Process com.google.android.apps.maps:LocationFriendService (pid 28773) has died.
07-18 23:27:41.101 28956 29093 V ChromeBrowserSyncAdapter: Received sync tickle for SESSION in ChromeBrowserSyncAdapter
07-18 23:27:42.316 28956 29097 V ChromeBrowserSyncAdapter: Received sync tickle for TYPED_URL in ChromeBrowserSyncAdapter
07-18 23:27:42.398 28283 28296 I PhoneLab-: Service Running
07-18 23:27:42.620 28956 29101 V ChromeBrowserSyncAdapter: Received sync tickle for BOOKMARK in ChromeBrowserSyncAdapter
07-18 23:27:42.675 28283 28296 I PhoneLab-LoggerService: app_37    1395  1     1432   980   c00f181c 400107b4 S logcat
07-18 23:27:42.675 28283 28296 I PhoneLab-LoggerService: Logcat pid from database 1395
07-18 23:27:42.675 28283 28296 I PhoneLab-LoggerService: Logcat process found 1395
07-18 23:27:42.675 28283 28296 I PhoneLab-LoggerService: Checking Threshold
07-18 23:27:42.679   144   342 I ActivityManager: Process android.process.media (pid 28901) has died.
07-18 23:27:43.620   144  1167 I ActivityManager: Process com.google.android.apps.gesturesearch (pid 28926) has died.
07-18 23:27:45.948   144   155 I ActivityManager: Process com.google.android.apps.plus (pid 28886) has died.
07-18 23:27:49.773   321   321 D dalvikvm: GC_FOR_ALLOC freed 383K, 24% free 10139K/13191K, paused 30ms
07-18 23:27:49.777   321   321 I dalvikvm-heap: Grow heap (frag case) to 10.820MB for 885136-byte allocation
07-18 23:27:49.843   321   322 D dalvikvm: GC_CONCURRENT freed 1K, 17% free 11002K/13191K, paused 2ms+20ms
07-18 23:27:50.007 28956 28956 D dalvikvm: GC_FOR_ALLOC freed 804K, 9% free 11308K/12359K, paused 162ms
07-18 23:27:50.011 28956 28956 I dalvikvm-heap: Grow heap (frag case) to 12.378MB for 1324816-byte allocation
07-18 23:27:50.066 28956 28958 D dalvikvm: GC_CONCURRENT freed 7K, 9% free 12594K/13703K, paused 3ms+7ms
07-18 23:27:50.113   215   217 D dalvikvm: GC_CONCURRENT freed 227K, 57% free 9885K/22727K, paused 2ms+10ms
07-18 23:27:50.261   215   217 D dalvikvm: GC_CONCURRENT freed 543K, 58% free 9734K/22727K, paused 2ms+10ms
07-18 23:27:54.441   346   346 D SAN_SERVICE: *******************************************
07-18 23:27:54.441   346   346 D SAN_SERVICE: DM App Phone Service State - 0
07-18 23:27:54.441   346   346 D SAN_SERVICE: *******************************************
07-18 23:27:54.605   346   346 D SAN_SERVICE: *******************************************
07-18 23:27:54.605   346   346 D SAN_SERVICE: DM App Phone Service State - 0
07-18 23:27:54.605   346   346 D SAN_SERVICE: *******************************************
07-18 23:27:55.355   346   346 D SAN_SERVICE: *******************************************
07-18 23:27:55.355   346   346 D SAN_SERVICE: DM App Phone Service State - 0
07-18 23:27:55.355   346   346 D SAN_SERVICE: *******************************************
07-18 23:27:56.980 28956 29008 W chromium: [WARNING:sync_scheduler.cc(793)] Default: Not executing NUDGE job from LOCAL
07-18 23:27:56.980 28956 29008 W chromium: [WARNING:sync_scheduler.cc(793)] Default: Not executing NUDGE job from LOCAL
07-18 23:27:56.984 28956 29008 W chromium: [WARNING:sync_scheduler.cc(793)] Default: Not executing NUDGE job from LOCAL
07-18 23:27:58.152 26190 26192 D dalvikvm: GC_CONCURRENT freed 452K, 6% free 10108K/10695K, paused 12ms+178ms
07-18 23:27:58.300 28956 29114 V ChromeBrowserSyncAdapter: Received sync tickle for SESSION in ChromeBrowserSyncAdapter
07-18 23:27:59.503 28046 28048 D dalvikvm: GC_CONCURRENT freed 506K, 7% free 10413K/11143K, paused 2ms+2ms
07-18 23:27:59.675   144   390 D dalvikvm: GC_EXPLICIT freed 2556K, 24% free 18463K/24199K, paused 13ms+10ms
07-18 23:27:59.749   144   310 I ActivityManager: Start proc com.google.android.apps.maps:LocationFriendService for service com.google.android.apps.maps/com.google.googlenav.friend.reporting.LocationReceiverService: pid=29115 uid=10056 gids={3003, 1015}
07-18 23:28:00.265 28956 28956 D dalvikvm: GC_FOR_ALLOC freed 165K, 9% free 12598K/13703K, paused 46ms
07-18 23:28:00.265 28956 28956 I dalvikvm-heap: Grow heap (frag case) to 12.795MB for 439696-byte allocation
07-18 23:28:00.308 28956 28956 D dalvikvm: GC_FOR_ALLOC freed 5K, 8% free 13023K/14151K, paused 42ms
07-18 23:28:00.312   215   215 D dalvikvm: GC_FOR_ALLOC freed 404K, 58% free 9709K/22727K, paused 65ms
07-18 23:28:00.402 29115 29116 D dalvikvm: GC_CONCURRENT freed 173K, 3% free 9359K/9607K, paused 23ms+9ms
07-18 23:28:00.577   144 12390 I ActivityManager: Process com.google.android.apps.maps:NetworkLocationService (pid 28046) has died.
07-18 23:28:00.577   144 12390 W ActivityManager: Scheduling restart of crashed service com.google.android.apps.maps/com.google.android.location.internal.server.NetworkLocationService in 5000ms
07-18 23:28:00.960   144   390 I ActivityManager: Process android.process.acore (pid 28940) has died.
07-18 23:28:01.488 29115 29116 D dalvikvm: GC_CONCURRENT freed 160K, 3% free 9656K/9927K, paused 46ms+38ms
07-18 23:28:01.925 29115 29116 D dalvikvm: GC_CONCURRENT freed 279K, 4% free 9841K/10247K, paused 4ms+2ms
07-18 23:28:02.206 29115 29116 D dalvikvm: GC_CONCURRENT freed 338K, 5% free 9982K/10439K, paused 2ms+3ms
07-18 23:28:04.292 28956 28956 W com.google.android.apps.chrome.NewTabPageUtil: Unable to determine NTP section: chrome://newtab/
07-18 23:28:04.394 28956 28956 D SandboxedProcessLauncher: Setting up connection to process: slot=1
07-18 23:28:04.515 28956 28956 D dalvikvm: GC_FOR_ALLOC freed 1355K, 17% free 11880K/14151K, paused 68ms
07-18 23:28:04.515 28956 28956 I dalvikvm-heap: Grow heap (frag case) to 12.938MB for 1324816-byte allocation
07-18 23:28:04.570   144   378 I ActivityManager: Start proc com.android.chrome:sandboxed_process1 for service com.android.chrome/org.chromium.content.browser.SandboxedProcessService1: pid=29139 uid=10089 gids={3003, 1015}
07-18 23:28:04.573 28956 28958 D dalvikvm: GC_CONCURRENT freed 5K, 7% free 13169K/14151K, paused 2ms+4ms
07-18 23:28:04.718 28956 29023 W SurfaceTexture: freeAllBuffersExceptCurrentLocked called but mQueue is not empty
07-18 23:28:04.839 29139 29152 I LibraryLoader: loading: chromeview
07-18 23:28:04.847 29139 29152 D dalvikvm: Trying to load lib /data/data/com.android.chrome/lib/libchromeview.so 0x41325018
07-18 23:28:05.109 29139 29152 D dalvikvm: Added shared lib /data/data/com.android.chrome/lib/libchromeview.so 0x41325018
07-18 23:28:05.109 29139 29152 I LibraryLoader: loaded: chromeview
07-18 23:28:05.116 29139 29152 I chromium: [INFO:chrome_library_loader_hooks.cc(156)] Chromium logging enabled: level = 0, default verbosity = 0
07-18 23:28:05.456 28956 28956 D SandboxedProcessLauncher: on connect callback, pid=29139 context=39600000
07-18 23:28:05.491 29139 29152 I chromium: [INFO:sandboxed_process_service.cc(173)] Starting sandboxed process main entry point, cmdline=/system/bin/app_process --type=renderer --enable-fixed-layout --enable-threaded-compositing --ppapi-out-of-process --register-pepper-plugins --disable-databases --lang=en-US --enable-crash-reporter=A6130CD8E980364C2E47F05F96B52620,Android --disable-client-side-phishing-detection --enable-in-browser-thumbnailing --channel=28956.3.796545671 --data-dir=/data/data/com.android.chrome/app_chrome --lang=en-US --cache-dir=/data/data/com.android.chrome/cache
07-18 23:28:05.519   144 12390 W InputManagerService: Window already focused, ignoring focus gain of: com.android.internal.view.IInputMethodClient$Stub$Proxy@41871d48
07-18 23:28:05.640   144   161 I ActivityManager: Start proc com.google.android.apps.maps:NetworkLocationService for service com.google.android.apps.maps/com.google.android.location.internal.server.NetworkLocationService: pid=29156 uid=10056 gids={3003, 1015}
07-18 23:28:05.734    79    79 D dalvikvm: GC_EXPLICIT freed 37K, 4% free 9027K/9347K, paused 3ms+3ms
07-18 23:28:05.902    79    79 D dalvikvm: GC_EXPLICIT freed <1K, 4% free 9027K/9347K, paused 2ms+7ms
07-18 23:28:06.054 28956 28956 W chromium: [WARNING:resource_bundle_posix.cc(46)] Unable to load data resource with id 557
07-18 23:28:06.054 28956 28956 W chromium: [WARNING:resource_bundle_posix.cc(47)] Check if resource is in the white list. See clank/native/framework/resource_filter/README for details
07-18 23:28:06.062    79    79 D dalvikvm: GC_EXPLICIT freed <1K, 4% free 9027K/9347K, paused 7ms+10ms
07-18 23:28:06.355 29156 29159 D dalvikvm: GC_CONCURRENT freed 178K, 3% free 9354K/9607K, paused 12ms+18ms
07-18 23:28:06.851 28956 28956 W chromium: [WARNING:CONSOLE(3561)] "i18n-values: Missing value for "syncLoading"", source: chrome://newtab/#incognito (3561)
07-18 23:28:06.898 28956 28956 E chromium: [ERROR:foreign_session_handler.cc(130)] ForeignSessionHandler failed to get session data fromSessionModelAssociator as the associator could not be retrieved.
07-18 23:28:07.093   144 14192 I ActivityManager: Process com.google.android.apps.maps:LocationFriendService (pid 29115) has died.
07-18 23:28:07.495   144   156 I ActivityManager: Process com.google.android.partnersetup (pid 29057) has died.
07-18 23:28:07.890   321   321 D dalvikvm: GC_FOR_ALLOC freed 1257K, 24% free 10142K/13191K, paused 25ms
07-18 23:28:07.890   321   321 I dalvikvm-heap: Grow heap (frag case) to 10.823MB for 885136-byte allocation
07-18 23:28:07.995   321   322 D dalvikvm: GC_CONCURRENT freed 1K, 17% free 11005K/13191K, paused 2ms+7ms
07-18 23:28:08.230   215   217 D dalvikvm: GC_CONCURRENT freed 290K, 57% free 9892K/22727K, paused 2ms+7ms
07-18 23:28:08.331   215   217 D dalvikvm: GC_CONCURRENT freed 618K, 57% free 9783K/22727K, paused 1ms+6ms
07-18 23:28:09.788   346   346 D SAN_SERVICE: *******************************************
07-18 23:28:09.788   346   346 D SAN_SERVICE: DM App Phone Service State - 0
07-18 23:28:09.788   346   346 D SAN_SERVICE: *******************************************
07-18 23:28:09.972 29156 29159 D dalvikvm: GC_CONCURRENT freed 199K, 3% free 9702K/9991K, paused 91ms+65ms
07-18 23:28:10.425   346   346 D SAN_SERVICE: *******************************************
07-18 23:28:10.425   346   346 D SAN_SERVICE: DM App Phone Service State - 0
07-18 23:28:10.425   346   346 D SAN_SERVICE: *******************************************
07-18 23:28:11.769 29182 29182 D dalvikvm: Late-enabling CheckJNI
07-18 23:28:11.773   144   161 I ActivityManager: Start proc com.chess for broadcast com.chess/.backend.AlarmReceiver: pid=29182 uid=10079 gids={3003, 1015}
07-18 23:28:12.085 29182 29184 D dalvikvm: GC_CONCURRENT freed 152K, 3% free 9380K/9607K, paused 5ms+8ms
07-18 23:28:12.472 29156 29159 D dalvikvm: GC_CONCURRENT freed 146K, 3% free 10085K/10311K, paused 16ms+4ms
07-18 23:28:12.491   144 29174 I ActivityManager: Applications Memory Usage (kB):
07-18 23:28:12.491   144 29174 I ActivityManager: Uptime: 205397002 Realtime: 285355845
07-18 23:28:12.491   144 29174 I ActivityManager: Total PSS by OOM adjustment:
07-18 23:28:12.491   144 29174 I ActivityManager:     29162 kB: System
07-18 23:28:12.491   144 29174 I ActivityManager:                29162 kB: system (pid 144)
07-18 23:28:12.491   144 29174 I ActivityManager:     27641 kB: Persistent
07-18 23:28:12.491   144 29174 I ActivityManager:                12200 kB: com.android.systemui (pid 215)
07-18 23:28:12.491   144 29174 I ActivityManager:                11594 kB: com.android.phone (pid 346)
07-18 23:28:12.491   144 29174 I ActivityManager:                 3847 kB: com.android.nfc (pid 359)
07-18 23:28:12.491   144 29174 I ActivityManager:     83745 kB: Foreground
07-18 23:28:12.491   144 29174 I ActivityManager:                55566 kB: com.android.chrome (pid 28956)
07-18 23:28:12.491   144 29174 I ActivityManager:                18127 kB: com.android.chrome:sandboxed_process1 (pid 29139)
07-18 23:28:12.491   144 29174 I ActivityManager:                10052 kB: com.google.process.gapps (pid 26190)
07-18 23:28:12.491   144 29174 I ActivityManager:     58229 kB: Visible
07-18 23:28:12.491   144 29174 I ActivityManager:                32087 kB: com.android.chrome:sandboxed_process0 (pid 28974)
07-18 23:28:12.491   144 29174 I ActivityManager:                14303 kB: com.google.android.gsf.login (pid 13970)
07-18 23:28:12.491   144 29174 I ActivityManager:                 9093 kB: com.klye.ime.latin (pid 321)
07-18 23:28:12.491   144 29174 I ActivityManager:                 2746 kB: com.android.smspush (pid 435)
07-18 23:28:12.491   144 29174 I ActivityManager:     19270 kB: A Services
07-18 23:28:12.491   144 29174 I ActivityManager:                 9364 kB: com.facebook.katana (pid 26019)
07-18 23:28:12.491   144 29174 I ActivityManager:                 6800 kB: com.google.android.apps.maps:NetworkLocationService (pid 29156)
07-18 23:28:12.491   144 29174 I ActivityManager:                 3106 kB: com.apksoftware.compass (pid 29044)
07-18 23:28:12.491   144 29174 I ActivityManager:     12752 kB: Home
07-18 23:28:12.491   144 29174 I ActivityManager:                12752 kB: com.android.launcher (pid 12865)
07-18 23:28:12.491   144 29174 I ActivityManager:     15103 kB: Previous
07-18 23:28:12.491   144 29174 I ActivityManager:                15103 kB: com.whatsapp (pid 27585)
07-18 23:28:12.491   144 29174 I ActivityManager:     24443 kB: B Services
07-18 23:28:12.491   144 29174 I ActivityManager:                 7274 kB: com.xabber.androiddev (pid 28112)
07-18 23:28:12.491   144 29174 I ActivityManager:                 6045 kB: com.google.android.apps.maps (pid 28136)
07-18 23:28:12.491   144 29174 I ActivityManager:                 4941 kB: com.google.android.apps.googlevoice (pid 28083)
07-18 23:28:12.491   144 29174 I ActivityManager:                 3711 kB: edu.buffalo.cse.phonelab.phonelabservices (pid 28283)
07-18 23:28:12.491   144 29174 I ActivityManager:                 2472 kB: com.android.sprintmenu (pid 28266)
07-18 23:28:12.491   144 29174 I ActivityManager: 
07-18 23:28:12.491   144 29174 I ActivityManager: Total PSS: 270345 kB
07-18 23:28:12.491   144 29174 I ActivityManager:   PID      Vss      Rss      Pss      Uss  cmdline
07-18 23:28:12.491   144 29174 I ActivityManager: 28956   82412K   82360K   54651K   47488K  com.android.chrome
07-18 23:28:12.491   144 29174 I ActivityManager: 28974   52764K   52660K   31044K   27240K  com.android.chrome:sandboxed_process0
07-18 23:28:12.491   144 29174 I ActivityManager:   144   45632K   45568K   29190K   27980K  system_server
07-18 23:28:12.491   144 29174 I ActivityManager: 29139   39640K   39536K   15649K   10144K  com.android.chrome:sandboxed_process1
07-18 23:28:12.491   144 29174 I ActivityManager: 27585   33480K   33404K   15103K   13988K  com.whatsapp
07-18 23:28:12.491   144 29174 I ActivityManager: 13970   30024K   29944K   14325K   13496K  com.google.android.gsf.login
07-18 23:28:12.491   144 29174 I ActivityManager:    78   23128K   20128K   13222K    7092K  /system/bin/surfaceflinger
07-18 23:28:12.491   144 29174 I ActivityManager: 12865   28656K   28600K   12792K   11732K  com.android.launcher
07-18 23:28:12.491   144 29174 I ActivityManager:   215   32320K   32136K   12484K    8276K  com.android.systemui
07-18 23:28:12.491   144 29174 I ActivityManager:   346   26972K   26932K   11754K   10960K  com.android.phone
07-18 23:28:12.491   144 29174 I ActivityManager: 26190   28216K   28160K   10003K    8828K  com.google.process.gapps
07-18 23:28:12.491   144 29174 I ActivityManager: 26019   26992K   26920K    9400K    8368K  com.facebook.katana
07-18 23:28:12.491   144 29174 I ActivityManager:   321   26044K   25976K    9140K    7156K  com.klye.ime.latin
07-18 23:28:12.491   144 29174 I ActivityManager: 29156   27584K   27512K    7628K    5928K  com.google.android.apps.maps:NetworkLocationService
07-18 23:28:12.491   144 29174 I ActivityManager: 28112   25860K   25800K    7287K    6216K  com.xabber.androiddev
07-18 23:28:12.491   144 29174 I ActivityManager: 28136   24548K   24484K    6039K    5012K  com.google.android.apps.maps
07-18 23:28:12.491   144 29174 I ActivityManager: 28083   23540K   23476K    4935K    3896K  com.google.android.apps.googlevoice
07-18 23:28:12.491   144 29174 I ActivityManager:   359   19088K   18992K    3892K    3112K  com.android.nfc
07-18 23:28:12.491   144 29174 I ActivityManager: 28283   21784K   21712K    3698K    2708K  edu.buffalo.cse.phonelab.phonelabservices
07-18 23:28:12.491   144 29174 I ActivityManager: 29044   22192K   22092K    3075K    1884K  com.apksoftware.compass
07-18 23:28:12.491   144 29174 I ActivityManager:   435   18216K   18104K    2793K    1928K  com.android.smspush
07-18 23:28:12.491   144 29174 I ActivityManager: 28266   20724K   20624K    2450K    1424K  com.android.sprintmenu
07-18 23:28:12.491   144 29174 I ActivityManager:    79   18488K   18360K    2051K    1028K  zygote
07-18 23:28:12.491   144 29174 I ActivityManager:    81    2132K    2132K    1805K    1780K  /system/bin/mediaserver
07-18 23:28:12.491   144 29174 I ActivityManager:    80     956K     956K     878K     876K  /system/bin/drmserver
07-18 23:28:12.491   144 29174 I ActivityManager:  1395     984K     980K     845K     840K  logcat
07-18 23:28:12.491   144 29174 I ActivityManager:    77    1084K    1084K     803K     788K  /system/bin/rild
07-18 23:28:12.491   144 29174 I ActivityManager: 29181     852K     844K     682K     672K  procrank
07-18 23:28:12.491   144 29174 I ActivityManager:  1822     732K     728K     555K     544K  /system/bin/netd
07-18 23:28:12.491   144 29174 I ActivityManager:   275     652K     648K     451K     436K  /system/bin/wpa_supplicant
07-18 23:28:12.491   144 29174 I ActivityManager:    88     396K     396K     380K     380K  /sbin/adbd
07-18 23:28:12.491   144 29174 I ActivityManager:   292     332K     332K     300K     300K  /system/bin/bluetoothd
07-18 23:28:12.491   144 29174 I ActivityManager:    86     436K     432K     282K     276K  /system/vendor/bin/gpsd
07-18 23:28:12.491   144 29174 I ActivityManager:    72     364K     360K     274K     268K  /system/bin/vold
07-18 23:28:12.491   144 29174 I ActivityManager:    82     220K     212K     184K     184K  /system/bin/dbus-daemon
07-18 23:28:12.491   144 29174 I ActivityManager: 28597     368K     364K     163K     148K  /system/bin/dhcpcd
07-18 23:28:12.491   144 29174 I ActivityManager:    85     200K     192K     160K     160K 
07-18 23:28:12.527   144   390 I ActivityManager: Process com.chess (pid 29182) has died.
07-18 23:28:12.542 28956 28963 I dalvikvm: Total arena pages for JIT: 11
07-18 23:28:12.542 28956 28963 I dalvikvm: Total arena pages for JIT: 12
07-18 23:28:12.542 28956 28963 I dalvikvm: Total arena pages for JIT: 13
07-18 23:28:12.542 28956 28963 I dalvikvm: Total arena pages for JIT: 14
07-18 23:28:12.542 28956 28963 I dalvikvm: Total arena pages for JIT: 15
07-18 23:28:12.542 28956 28963 I dalvikvm: Total arena pages for JIT: 16
07-18 23:28:12.542 28956 28963 I dalvikvm: Total arena pages for JIT: 17
07-18 23:28:12.691 29156 29159 D dalvikvm: GC_CONCURRENT freed 654K, 8% free 9882K/10631K, paused 5ms+2ms
07-18 23:28:12.843   144   161 I ActivityManager: Start proc com.google.android.apps.maps:FriendService for broadcast com.google.android.apps.maps/com.google.googlenav.friend.android.ServiceReceiver: pid=29199 uid=10056 gids={3003, 1015}
07-18 23:28:13.050 29199 29202 D dalvikvm: GC_CONCURRENT freed 156K, 3% free 9376K/9607K, paused 4ms+2ms
07-18 23:28:13.261 29199 29202 D dalvikvm: GC_CONCURRENT freed 236K, 4% free 9672K/9991K, paused 1ms+3ms
07-18 23:28:13.343   144   144 I ActivityManager: Start proc com.google.android.apps.maps:LocationFriendService for broadcast com.google.android.apps.maps/com.google.googlenav.friend.reporting.LocationReportingIntentReceiver: pid=29213 uid=10056 gids={3003, 1015}
07-18 23:28:13.448   144   342 I ActivityManager: Process com.google.android.apps.maps:FriendService (pid 29199) has died.
07-18 23:28:13.488 29213 29215 D dalvikvm: GC_CONCURRENT freed 158K, 3% free 9373K/9607K, paused 2ms+2ms
07-18 23:28:13.573 29156 29163 I dalvikvm: Total arena pages for JIT: 11
07-18 23:28:13.573 29156 29163 I dalvikvm: Total arena pages for JIT: 12
07-18 23:28:13.577 29156 29163 I dalvikvm: Total arena pages for JIT: 13
07-18 23:28:13.577 29156 29163 I dalvikvm: Total arena pages for JIT: 14
07-18 23:28:13.581 29156 29163 I dalvikvm: Total arena pages for JIT: 15
07-18 23:28:13.581 29156 29163 I dalvikvm: Total arena pages for JIT: 16
07-18 23:28:13.581 29156 29163 I dalvikvm: Total arena pages for JIT: 17
07-18 23:28:13.698 29213 29215 D dalvikvm: GC_CONCURRENT freed 158K, 3% free 9648K/9927K, paused 11ms+4ms
07-18 23:28:13.855 29156 29159 D dalvikvm: GC_CONCURRENT freed 212K, 5% free 10152K/10631K, paused 2ms+4ms
07-18 23:28:14.011 29156 29163 I dalvikvm: Total arena pages for JIT: 18
07-18 23:28:14.019 29213 29215 D dalvikvm: GC_CONCURRENT freed 285K, 4% free 9882K/10247K, paused 7ms+3ms
07-18 23:28:14.152   144  1168 I ActivityManager: Process com.xabber.androiddev (pid 28112) has died.
07-18 23:28:14.152   144  1168 W ActivityManager: Scheduling restart of crashed service com.xabber.androiddev/com.xabber.android.service.XMPPService in 5000ms
07-18 23:28:14.503 29156 29159 D dalvikvm: GC_CONCURRENT freed 392K, 5% free 10196K/10695K, paused 3ms+3ms
07-18 23:28:15.761 29213 29215 D dalvikvm: GC_CONCURRENT freed 400K, 5% free 9960K/10439K, paused 2ms+3ms
07-18 23:28:19.238 29237 29237 D dalvikvm: Late-enabling CheckJNI
07-18 23:28:19.241   144   161 I ActivityManager: Start proc com.xabber.androiddev for service com.xabber.androiddev/com.xabber.android.service.XMPPService: pid=29237 uid=10063 gids={3003, 1015}
07-18 23:28:19.249   144  6618 I ActivityManager: Process com.google.android.apps.maps:LocationFriendService (pid 29213) has died.
07-18 23:28:19.257 29237 29237 I dalvikvm: Turning on JNI app bug workarounds for target SDK version 9...
07-18 23:28:19.566 29237 29240 D dalvikvm: GC_CONCURRENT freed 209K, 3% free 9322K/9607K, paused 9ms+2ms
07-18 23:28:19.609 29237 29237 D dalvikvm: GC_FOR_ALLOC freed 309K, 5% free 9455K/9927K, paused 14ms
07-18 23:28:19.710 29237 29240 D dalvikvm: GC_CONCURRENT freed 191K, 3% free 9789K/10055K, paused 2ms+5ms
07-18 23:28:19.941 29237 29240 D dalvikvm: GC_CONCURRENT freed 287K, 4% free 10076K/10439K, paused 1ms+3ms
07-18 23:28:20.046 29237 29237 I com.xabber.android.service.XMPPService@4140b880: onCreate
07-18 23:28:20.050 29237 29237 I com.xabber.android.data.Application@41352228: onStart
07-18 23:28:20.066 29237 29251 I com.xabber.android.data.LogManager@41354ef0: onLoad
07-18 23:28:20.156 29237 29240 D dalvikvm: GC_CONCURRENT freed 302K, 5% free 10191K/10631K, paused 4ms+4ms
07-18 23:28:20.187   346   346 D SAN_SERVICE: *******************************************
07-18 23:28:20.187   346   346 D SAN_SERVICE: DM App Phone Service State - 0
07-18 23:28:20.187   346   346 D SAN_SERVICE: *******************************************
07-18 23:28:20.343   144  1168 I ActivityManager: Start proc android.process.acore for content provider com.android.providers.contacts/.ContactsProvider2: pid=29253 uid=10000 gids={3003, 1015}
07-18 23:28:20.433 29253 29253 I ActivityThread: Pub call_log: com.android.providers.contacts.CallLogProvider
07-18 23:28:20.488 29253 29253 I ActivityThread: Pub com.android.voicemail: com.android.providers.contacts.VoicemailContentProvider
07-18 23:28:20.495 29253 29253 I ActivityThread: Pub user_dictionary: com.android.providers.userdictionary.UserDictionaryProvider
07-18 23:28:20.519 29253 29253 I ActivityThread: Pub com.android.social: com.android.providers.contacts.SocialProvider
07-18 23:28:20.523 29253 29253 I ActivityThread: Pub applications: com.android.providers.applications.ApplicationsProvider
07-18 23:28:20.659   346   346 D SAN_SERVICE: *******************************************
07-18 23:28:20.659   346   346 D SAN_SERVICE: DM App Phone Service State - 0
07-18 23:28:20.659   346   346 D SAN_SERVICE: *******************************************
07-18 23:28:20.698 29253 29255 D dalvikvm: GC_CONCURRENT freed 328K, 5% free 9145K/9607K, paused 5ms+2ms
07-18 23:28:20.702 29253 29253 I ActivityThread: Pub contacts;com.android.contacts: com.android.providers.contacts.ContactsProvider2
07-18 23:28:21.113 29253 29255 D dalvikvm: GC_CONCURRENT freed 202K, 4% free 9346K/9671K, paused 3ms+2ms
07-18 23:28:21.663   144  1168 I ActivityManager: Process com.google.android.apps.googlevoice (pid 28083) has died.
07-18 23:28:21.663   144  1168 W ActivityManager: Scheduling restart of crashed service com.google.android.apps.googlevoice/.ShadowNumberRefreshService in 5000ms
07-18 23:28:21.663   144  1168 W ActivityManager: Scheduling restart of crashed service com.google.android.apps.googlevoice/.UpdateService in 15000ms
07-18 23:28:21.663   144  1168 W ActivityManager: Scheduling restart of crashed service com.google.android.apps.googlevoice/.CallLogService in 25000ms
07-18 23:28:21.890 29253 29255 D dalvikvm: GC_CONCURRENT freed 202K, 4% free 9592K/9927K, paused 3ms+2ms
07-18 23:28:24.519 29237 29240 D dalvikvm: GC_CONCURRENT freed 279K, 4% free 10410K/10823K, paused 31ms+4ms
07-18 23:28:24.605   144   144 I ActivityManager: Process android.process.acore (pid 29253) has died.
07-18 23:28:24.870   144   388 I ActivityManager: Start proc android.process.acore for content provider com.android.providers.contacts/.ContactsProvider2: pid=29270 uid=10000 gids={3003, 1015}
07-18 23:28:25.120 29270 29270 I ActivityThread: Pub call_log: com.android.providers.contacts.CallLogProvider
07-18 23:28:25.218 29270 29270 I ActivityThread: Pub com.android.voicemail: com.android.providers.contacts.VoicemailContentProvider
07-18 23:28:25.238 29270 29270 I ActivityThread: Pub user_dictionary: com.android.providers.userdictionary.UserDictionaryProvider
07-18 23:28:25.292 29270 29270 I ActivityThread: Pub com.android.social: com.android.providers.contacts.SocialProvider
07-18 23:28:25.304 29270 29270 I ActivityThread: Pub applications: com.android.providers.applications.ApplicationsProvider
07-18 23:28:25.499 29270 29270 I ActivityThread: Pub contacts;com.android.contacts: com.android.providers.contacts.ContactsProvider2
07-18 23:28:25.550 29270 29271 D dalvikvm: GC_CONCURRENT freed 349K, 5% free 9183K/9607K, paused 6ms+5ms
07-18 23:28:25.917 29270 29271 D dalvikvm: GC_CONCURRENT freed 226K, 4% free 9375K/9735K, paused 5ms+2ms
07-18 23:28:26.706   144   161 I ActivityManager: Start proc com.google.android.apps.googlevoice for service com.google.android.apps.googlevoice/.ShadowNumberRefreshService: pid=29285 uid=10054 gids={3003, 1015}
07-18 23:28:27.089   144   317 I ActivityManager: Process com.facebook.katana (pid 26019) has died.
07-18 23:28:27.089   144   317 W ActivityManager: Scheduling restart of crashed service com.facebook.katana/.service.MediaUploadService in 29575ms
07-18 23:28:27.835 29285 29287 D dalvikvm: GC_CONCURRENT freed 239K, 4% free 9293K/9607K, paused 39ms+12ms
07-18 23:28:28.734 29270 29271 D dalvikvm: GC_CONCURRENT freed 180K, 4% free 9621K/9927K, paused 26ms+3ms
07-18 23:28:29.234 29285 29302 W System.err: com.google.android.apps.googlevoice.net.VoiceServiceException: Voice service failed [INVALID_AUTH_TOKEN]
07-18 23:28:29.238 29285 29302 W System.err: 	at com.google.android.apps.googlevoice.net.masf.MASFVoiceService.checkCredentials(MASFVoiceService.java:107)
07-18 23:28:29.238 29285 29302 W System.err: 	at com.google.android.apps.googlevoice.net.masf.MASFVoiceService.getAuthToken(MASFVoiceService.java:95)
07-18 23:28:29.238 29285 29302 W System.err: 	at com.google.android.apps.googlevoice.net.masf.MASFGetBackendInfoRpc.createRequestPayload(MASFGetBackendInfoRpc.java:34)
07-18 23:28:29.241 29285 29302 W System.err: 	at com.google.android.apps.googlevoice.net.masf.MASFApiRpc.requestSubmit(MASFApiRpc.java:160)
07-18 23:28:29.241 29285 29302 W System.err: 	at com.google.android.apps.googlevoice.net.masf.MASFApiRpc.run(MASFApiRpc.java:141)
07-18 23:28:29.241 29285 29302 W System.err: 	at com.googlex.common.task.AbstractTask.run(Unknown Source)
07-18 23:28:29.241 29285 29302 W System.err: 	at com.googlex.common.task.AbstractTask.runInternal(Unknown Source)
07-18 23:28:29.241 29285 29302 W System.err: 	at com.googlex.common.task.TaskRunner.run(Unknown Source)
07-18 23:28:29.241 29285 29302 W System.err: 	at com.googlex.common.lang.BaseThreadFactory$ThreadImpl.run(Unknown Source)
07-18 23:28:29.304 29285 29302 E GoogleVoice: ShadowNumberRefreshService: Failed to get backend info!
07-18 23:28:29.304 29285 29302 E GoogleVoice: com.google.android.apps.googlevoice.net.VoiceServiceException: Voice service failed [INVALID_AUTH_TOKEN]
07-18 23:28:29.304 29285 29302 E GoogleVoice: 	at com.google.android.apps.googlevoice.net.masf.MASFVoiceService.checkCredentials(MASFVoiceService.java:107)
07-18 23:28:29.304 29285 29302 E GoogleVoice: 	at com.google.android.apps.googlevoice.net.masf.MASFVoiceService.getAuthToken(MASFVoiceService.java:95)
07-18 23:28:29.304 29285 29302 E GoogleVoice: 	at com.google.android.apps.googlevoice.net.masf.MASFGetBackendInfoRpc.createRequestPayload(MASFGetBackendInfoRpc.java:34)
07-18 23:28:29.304 29285 29302 E GoogleVoice: 	at com.google.android.apps.googlevoice.net.masf.MASFApiRpc.requestSubmit(MASFApiRpc.java:160)
07-18 23:28:29.304 29285 29302 E GoogleVoice: 	at com.google.android.apps.googlevoice.net.masf.MASFApiRpc.run(MASFApiRpc.java:141)
07-18 23:28:29.304 29285 29302 E GoogleVoice: 	at com.googlex.common.task.AbstractTask.run(Unknown Source)
07-18 23:28:29.304 29285 29302 E GoogleVoice: 	at com.googlex.common.task.AbstractTask.runInternal(Unknown Source)
07-18 23:28:29.304 29285 29302 E GoogleVoice: 	at com.googlex.common.task.TaskRunner.run(Unknown Source)
07-18 23:28:29.304 29285 29302 E GoogleVoice: 	at com.googlex.common.lang.BaseThreadFactory$ThreadImpl.run(Unknown Source)
07-18 23:28:32.882   144   174 I ActivityManager: Start proc com.twitter.android for service com.twitter.android/.client.AppService: pid=29313 uid=10064 gids={3003, 1015}
07-18 23:28:32.894 29313 29313 I dalvikvm: Turning on JNI app bug workarounds for target SDK version 11...
07-18 23:28:33.081 29313 29313 I ActivityThread: Pub com.twitter.android.provider.GlobalDatabaseProvider: com.twitter.android.provider.GlobalDatabaseProvider
07-18 23:28:33.093 29313 29313 I ActivityThread: Pub com.twitter.android.provider.TwitterProvider: com.twitter.android.provider.TwitterProvider
07-18 23:28:33.241 29313 29314 D dalvikvm: GC_CONCURRENT freed 192K, 4% free 9301K/9607K, paused 6ms+7ms
07-18 23:28:33.726 29313 29314 D dalvikvm: GC_CONCURRENT freed 224K, 4% free 9511K/9863K, paused 4ms+2ms
07-18 23:28:33.855 29313 29314 D dalvikvm: GC_CONCURRENT freed 285K, 5% free 9637K/10055K, paused 2ms+2ms
07-18 23:28:33.980 29313 29314 D dalvikvm: GC_CONCURRENT freed 291K, 5% free 9763K/10183K, paused 1ms+3ms
07-18 23:28:34.101 29313 29314 D dalvikvm: GC_CONCURRENT freed 299K, 5% free 9884K/10311K, paused 1ms+2ms
07-18 23:28:34.230 29313 29314 D dalvikvm: GC_CONCURRENT freed 300K, 5% free 10015K/10439K, paused 1ms+2ms
07-18 23:28:34.355 29313 29314 D dalvikvm: GC_CONCURRENT freed 292K, 5% free 10141K/10567K, paused 2ms+1ms
07-18 23:28:34.503 29313 29314 D dalvikvm: GC_CONCURRENT freed 300K, 4% free 10272K/10695K, paused 2ms+2ms
07-18 23:28:34.788 29313 29314 D dalvikvm: GC_CONCURRENT freed 471K, 6% free 10222K/10823K, paused 2ms+69ms
07-18 23:28:34.964 29313 29314 D dalvikvm: GC_CONCURRENT freed 324K, 5% free 10295K/10823K, paused 2ms+3ms
07-18 23:28:35.066 28956 28956 W ThumbnailCache: Low Memory: Freed 0 textures from compression queue, 0 from write queue, 1 from the pinned list, 1 from the cache.
07-18 23:28:35.113 29313 29314 D dalvikvm: GC_CONCURRENT freed 329K, 5% free 10371K/10823K, paused 1ms+3ms
07-18 23:28:35.159 28956 28956 D dalvikvm: GC_EXPLICIT freed 2393K, 20% free 11621K/14471K, paused 10ms+4ms
07-18 23:28:35.363 29313 29314 D dalvikvm: GC_CONCURRENT freed 362K, 5% free 10472K/10951K, paused 5ms+4ms
07-18 23:28:35.363 29237 29240 D dalvikvm: GC_CONCURRENT freed 219K, 4% free 10593K/10951K, paused 2ms+2ms
07-18 23:28:35.507 29313 29314 D dalvikvm: GC_CONCURRENT freed 341K, 5% free 10552K/11015K, paused 2ms+2ms
07-18 23:28:35.644 29313 29314 D dalvikvm: GC_CONCURRENT freed 325K, 5% free 10634K/11079K, paused 2ms+2ms
07-18 23:28:35.781 29313 29314 D dalvikvm: GC_CONCURRENT freed 363K, 5% free 10719K/11207K, paused 2ms+2ms
07-18 23:28:35.925 29313 29314 D dalvikvm: GC_CONCURRENT freed 396K, 5% free 10816K/11335K, paused 1ms+2ms
07-18 23:28:36.745 29237 29240 D dalvikvm: GC_CONCURRENT freed 343K, 5% free 10661K/11143K, paused 6ms+2ms
07-18 23:28:37.167 29285 29287 D dalvikvm: GC_CONCURRENT freed 431K, 6% free 9405K/9927K, paused 2ms+15ms
07-18 23:28:37.167 29285 29294 W CursorWrapperInner: Cursor finalized without prior close()
07-18 23:28:37.167 29285 29294 W CursorWrapperInner: Cursor finalized without prior close()
07-18 23:28:37.167 29285 29294 W CursorWrapperInner: Cursor finalized without prior close()
07-18 23:28:37.202   144 14994 D CountryDetector: The first listener is added
07-18 23:28:37.409   144   388 I ActivityManager: Process com.google.android.apps.maps (pid 28136) has died.
07-18 23:28:37.413   144   388 W ActivityManager: Scheduling restart of crashed service com.google.android.apps.maps/com.google.googlenav.prefetch.android.PrefetcherService in 29252ms
07-18 23:28:37.417 29270 29271 D dalvikvm: GC_CONCURRENT freed 543K, 7% free 9626K/10247K, paused 13ms+3ms
07-18 23:28:37.788 29285 29287 D dalvikvm: GC_CONCURRENT freed 331K, 5% free 9566K/9991K, paused 2ms+12ms
07-18 23:28:37.902   144  1168 D dalvikvm: JIT code cache reset in 5 ms (1048480 bytes 77/0)
07-18 23:28:37.929   144  1168 D dalvikvm: GC_EXPLICIT freed 1467K, 24% free 18432K/24199K, paused 10ms+15ms
07-18 23:28:38.214 29270 29271 D dalvikvm: GC_CONCURRENT freed 363K, 5% free 9774K/10247K, paused 2ms+6ms
07-18 23:28:38.374 29313 29314 D dalvikvm: GC_CONCURRENT freed 318K, 4% free 11013K/11463K, paused 2ms+3ms
07-18 23:28:40.847 29313 29327 I DatabaseHelper: Begin cleanup.
07-18 23:28:41.163 29313 29314 D dalvikvm: GC_CONCURRENT freed 427K, 5% free 11154K/11719K, paused 5ms+4ms
07-18 23:28:42.745 29313 29327 I DatabaseHelper: Cleaned up: 115
07-18 23:28:43.952 29237 29240 D dalvikvm: GC_CONCURRENT freed 402K, 5% free 10796K/11335K, paused 20ms+2ms
07-18 23:28:44.675 29313 29314 D dalvikvm: GC_CONCURRENT freed 461K, 5% free 11319K/11911K, paused 8ms+3ms
07-18 23:28:45.351   144   199 D DhcpInfoInternal: makeLinkProperties with empty dns2!
07-18 23:28:45.351   144   199 D DhcpInfoInternal: makeLinkProperties with empty dns2!
07-18 23:28:55.878 28974 28974 D dalvikvm: GC_EXPLICIT freed 162K, 3% free 9238K/9479K, paused 46ms+3ms
07-18 23:28:56.781   144   161 I ActivityManager: Start proc com.facebook.katana for service com.facebook.katana/.service.MediaUploadService: pid=29361 uid=10071 gids={3003, 1006, 1015}
07-18 23:28:56.812 29361 29361 I dalvikvm: Turning on JNI app bug workarounds for target SDK version 10...
07-18 23:28:56.863   144   342 I ActivityManager: Process com.twitter.android (pid 29313) has died.
07-18 23:28:57.124 29361 29362 D dalvikvm: GC_CONCURRENT freed 167K, 3% free 9365K/9607K, paused 15ms+2ms
07-18 23:28:57.245 29361 29362 D dalvikvm: GC_CONCURRENT freed 127K, 3% free 9675K/9927K, paused 1ms+2ms
07-18 23:28:57.355 29361 29361 I ActivityThread: Pub com.facebook.katana.provider.LoggingProvider: com.facebook.katana.provider.LoggingProvider
07-18 23:28:57.409 29361 29361 I ActivityThread: Pub com.facebook.katana.provider.KeyValueProvider: com.facebook.katana.provider.KeyValueProvider
07-18 23:28:57.413 29361 29361 I ActivityThread: Pub com.facebook.katana.provider.CacheProvider: com.facebook.katana.provider.CacheProvider
07-18 23:28:57.417 29361 29361 I ActivityThread: Pub com.facebook.katana.provider.VaultImageProvider: com.facebook.katana.provider.VaultImageProvider
07-18 23:28:57.425 29361 29361 I ActivityThread: Pub com.facebook.katana.provider.MailboxProvider: com.facebook.katana.provider.MailboxProvider
07-18 23:28:57.437 29361 29361 I ActivityThread: Pub com.facebook.katana.provider.UserStatusesProvider: com.facebook.katana.provider.UserStatusesProvider
07-18 23:28:57.441 29361 29361 I ActivityThread: Pub com.facebook.katana.provider.EventsProvider: com.facebook.katana.provider.EventsProvider
07-18 23:28:57.441 29361 29361 I ActivityThread: Pub com.facebook.katana.provider.ObservedContactsProvider: com.facebook.katana.provider.ObservedContactsProvider
07-18 23:28:57.445 29361 29361 I ActivityThread: Pub com.facebook.katana.provider.NotificationsProvider: com.facebook.katana.provider.NotificationsProvider
07-18 23:28:57.452 29361 29361 I ActivityThread: Pub com.facebook.katana.provider.UserValuesProvider: com.facebook.katana.provider.UserValuesProvider
07-18 23:28:57.452 29361 29361 I ActivityThread: Pub com.facebook.katana.provider.PagesProvider: com.facebook.katana.provider.PagesProvider
07-18 23:28:57.452 29361 29361 I ActivityThread: Pub com.facebook.katana.provider.MobileEventLogProvider: com.facebook.katana.provider.MobileEventLogProvider
07-18 23:28:57.456 29361 29361 I ActivityThread: Pub com.facebook.katana.provider.PushNotificationsProvider: com.facebook.katana.provider.PushNotificationsProvider
07-18 23:28:57.456 29361 29361 I ActivityThread: Pub com.facebook.katana.provider.PhotosProvider: com.facebook.katana.provider.PhotosProvider
07-18 23:28:57.460 29361 29361 I ActivityThread: Pub com.facebook.katana.provider.ConnectionsProvider: com.facebook.katana.provider.ConnectionsProvider
07-18 23:28:57.484 29361 29361 I ActivityThread: Pub com.facebook.orca.notify.FbandroidMessagesForegroundProvider: com.facebook.orca.notify.FbandroidMessagesForegroundProvider
07-18 23:28:57.534 29361 29361 D ACRA    : Retrieve application default SharedPreferences.
07-18 23:28:57.542 29361 29361 D ACRA    : Set OnSharedPreferenceChangeListener.
07-18 23:28:57.577 29361 29361 D ACRA    : ACRA is enabled for com.facebook.katana, intializing...
07-18 23:28:57.757 29361 29361 D ACRA    : Looking for error files in /data/data/com.facebook.katana/app_acra-reports
07-18 23:28:57.945 29361 29361 W nalizableReferenceQueue: Could not load Finalizer in its own class loader.Loading Finalizer in the current class loader instead. As a result, you will not be ableto garbage collect this class loader. To support reclaiming this class loader, eitherresolve the underlying issue, or move Google Collections to your system class path.
07-18 23:28:57.945 29361 29361 W nalizableReferenceQueue: java.io.FileNotFoundException: com/google/common/base/internal/Finalizer.class
07-18 23:28:57.945 29361 29361 W nalizableReferenceQueue: 	at com.google.common.base.FinalizableReferenceQueue$DecoupledLoader.getBaseUrl(FinalizableReferenceQueue.java:243)
07-18 23:28:57.945 29361 29361 W nalizableReferenceQueue: 	at com.google.common.base.FinalizableReferenceQueue$DecoupledLoader.loadFinalizer(FinalizableReferenceQueue.java:227)
07-18 23:28:57.945 29361 29361 W nalizableReferenceQueue: 	at com.google.common.base.FinalizableReferenceQueue.loadFinalizer(FinalizableReferenceQueue.java:155)
07-18 23:28:57.945 29361 29361 W nalizableReferenceQueue: 	at com.google.common.base.FinalizableReferenceQueue.<clinit>(FinalizableReferenceQueue.java:84)
07-18 23:28:57.945 29361 29361 W nalizableReferenceQueue: 	at com.google.common.collect.CustomConcurrentHashMap$QueueHolder.<clinit>(CustomConcurrentHashMap.java:650)
07-18 23:28:57.945 29361 29361 W nalizableReferenceQueue: 	at com.google.common.collect.CustomConcurrentHashMap$WeakEntry.<init>(CustomConcurrentHashMap.java:1342)
07-18 23:28:57.945 29361 29361 W nalizableReferenceQueue: 	at com.google.common.collect.CustomConcurrentHashMap$EntryFactory$9.newEntry(CustomConcurrentHashMap.java:453)
07-18 23:28:57.945 29361 29361 W nalizableReferenceQueue: 	at com.google.common.collect.CustomConcurrentHashMap.a(CustomConcurrentHashMap.java:1715)
07-18 23:28:57.945 29361 29361 W nalizableReferenceQueue: 	at com.google.common.collect.ComputingConcurrentHashMap$ComputingSegment.a(ComputingConcurrentHashMap.java:123)
07-18 23:28:57.945 29361 29361 W nalizableReferenceQueue: 	at com.google.common.collect.ComputingConcurrentHashMap.apply(ComputingConcurrentHashMap.java:71)
07-18 23:28:57.945 29361 29361 W nalizableReferenceQueue: 	at com.google.common.collect.MapMaker$ComputingMapAdapter.get(MapMaker.java:848)
07-18 23:28:57.945 29361 29361 W nalizableReferenceQueue: 	at com.google.inject.internal.Annotations$AnnotationChecker.a(Annotations.java:90)
07-18 23:28:57.945 29361 29361 W nalizableReferenceQueue: 	at com.google.inject.internal.Annotations.c(Annotations.java:108)
07-18 23:28:57.945 29361 29361 W nalizableReferenceQueue: 	at com.google.inject.Key.d(Key.java:369)
07-18 23:28:57.945 29361 29361 W nalizableReferenceQueue: 	at com.google.inject.Key.b(Key.java:356)
07-18 23:28:57.945 29361 29361 W nalizableReferenceQueue: 	at com.google.inject.Key.a(Key.java:267)
07-18 23:28:57.945 29361 29361 W nalizableReferenceQueue: 	at com.facebook.orca.inject.binder.AnnotatedBindingBuilderImpl.a(AnnotatedBindingBuilderImpl.java:22)
07-18 23:28:57.945 29361 29361 W nalizableReferenceQueue: 	at com.facebook.orca.app.FbBaseModule.a(FbBaseModule.java:75)
07-18 23:28:57.945 29361 29361 W nalizableReferenceQueue: 	at com.facebook.orca.inject.AbstractModule.a(AbstractModule.java:19)
07-18 23:28:57.945 29361 29361 W nalizableReferenceQueue: 	at com.facebook.orca.inject.FbInjectorImpl.a(FbInjectorImpl.java:63)
07-18 23:28:57.945 29361 29361 W nalizableReferenceQueue: 	at com.facebook.orca.inject.FbInjectorImpl.<init>(FbInjectorImpl.java:41)
07-18 23:28:57.945 29361 29361 W nalizableReferenceQueue: 	at com.facebook.orca.inject.FbInjector.a(FbInjector.java:40)
07-18 23:28:57.945 29361 29361 W nalizableReferenceQueue: 	at com.facebook.katana.FacebookApplication.onCreate(FacebookApplication.java:102)
07-18 23:28:57.945 29361 29361 W nalizableReferenceQueue: 	at android.app.Instrumentation.callApplicationOnCreate(Instrumentation.java:969)
07-18 23:28:57.945 29361 29361 W nalizableReferenceQueue: 	at android.app.ActivityThread.handleBindApplication(ActivityThread.java:3954)
07-18 23:28:57.945 29361 29361 W nalizableReferenceQueue: 	at android.app.ActivityThread.access$1300(ActivityThread.java:123)
07-18 23:28:57.945 29361 29361 W nalizableReferenceQueue: 	at android.app.ActivityThread$H.handleMessage(ActivityThread.java:1185)
07-18 23:28:57.945 29361 29361 W nalizableReferenceQueue: 	at android.os.Handler.dispatchMessage(Handler.java:99)
07-18 23:28:57.945 29361 29361 W nalizableReferenceQueue: 	at android.os.Looper.loop(Looper.java:137)
07-18 23:28:57.945 29361 29361 W nalizableReferenceQueue: 	at android.app.ActivityThread.main(ActivityThread.java:4424)
07-18 23:28:57.945 29361 29361 W nalizableReferenceQueue: 	at java.lang.reflect.Method.invokeNative(Native Method)
07-18 23:28:57.945 29361 29361 W nalizableReferenceQueue: 	at java.lang.reflect.Method.invoke(Method.java:511)
07-18 23:28:57.945 29361 29361 W nalizableReferenceQueue: 	at com.android.internal.os.ZygoteInit$MethodAndArgsCaller.run(ZygoteInit.java:784)
07-18 23:28:57.945 29361 29361 W nalizableReferenceQueue: 	at com.android.internal.os.ZygoteInit.main(ZygoteInit.java:551)
07-18 23:28:57.945 29361 29361 W nalizableReferenceQueue: 	at dalvik.system.NativeStart.main(Native Method)
07-18 23:28:57.945 29361 29361 I Finalizer: Couldn't access Thread.inheritableThreadLocals. Reference finalizer threads will inherit thread local values.
07-18 23:28:57.948 29361 29362 D dalvikvm: GC_CONCURRENT freed 266K, 4% free 9902K/10311K, paused 3ms+3ms
07-18 23:28:58.202 29361 29362 D dalvikvm: GC_CONCURRENT freed 414K, 5% free 9979K/10503K, paused 2ms+2ms
07-18 23:28:58.359 29361 29362 D dalvikvm: GC_CONCURRENT freed 390K, 5% free 10094K/10567K, paused 2ms+3ms
07-18 23:28:58.816 29361 29362 D dalvikvm: GC_CONCURRENT freed 338K, 4% free 10275K/10695K, paused 10ms+41ms
07-18 23:28:59.406 29361 29378 W Resources: Converting to string: TypedValue{t=0x10/d=0xffffffff a=-1}
07-18 23:28:59.613 29361 29362 D dalvikvm: GC_CONCURRENT freed 396K, 5% free 10416K/10887K, paused 15ms+4ms
07-18 23:28:59.734   144 15767 I ActivityManager: Process android.process.acore (pid 29270) has died.
07-18 23:28:59.741   144 15767 D CountryDetector: No listener is left
07-18 23:28:59.855 29361 29362 D dalvikvm: GC_CONCURRENT freed 335K, 5% free 10488K/10951K, paused 3ms+4ms
07-18 23:29:01.159 29361 29362 D dalvikvm: GC_CONCURRENT freed 334K, 5% free 10549K/11015K, paused 2ms+3ms
07-18 23:29:01.445 29361 29362 D dalvikvm: GC_CONCURRENT freed 292K, 4% free 10655K/11079K, paused 2ms+3ms
07-18 23:29:02.113 29361 29362 D dalvikvm: GC_CONCURRENT freed 403K, 5% free 10752K/11271K, paused 2ms+3ms
07-18 23:29:02.816 29361 29362 D dalvikvm: GC_CONCURRENT freed 508K, 6% free 10777K/11399K, paused 2ms+4ms
07-18 23:29:06.745   144   161 I ActivityManager: Start proc com.google.android.apps.maps for service com.google.android.apps.maps/com.google.googlenav.prefetch.android.PrefetcherService: pid=29397 uid=10056 gids={3003, 1015}
07-18 23:29:06.906 29397 29400 D dalvikvm: GC_CONCURRENT freed 171K, 3% free 9360K/9607K, paused 3ms+3ms
07-18 23:29:07.062 29397 29397 I ActivityThread: Pub com.google.android.maps.SearchHistoryProvider: com.google.googlenav.provider.SearchHistoryProvider
07-18 23:29:07.101 29397 29397 I ActivityThread: Pub com.google.android.maps.SuggestionProvider: com.google.googlenav.suggest.android.SuggestContentProvider
07-18 23:29:07.159 29397 29397 I ActivityThread: Pub com.google.android.maps.LayerInfoProvider: com.google.googlenav.layer.LayerInfoProvider
07-18 23:29:07.187 29397 29397 I ActivityThread: Pub com.google.android.maps.TrafficAppWidgetProvider: com.google.googlenav.appwidget.traffic.TrafficAppWidgetProvider
07-18 23:29:07.187 29397 29397 I ActivityThread: Pub com.google.android.maps.LocalActivePlacesProvider: com.google.googlenav.provider.LocalActivePlacesProvider
07-18 23:29:07.191 29397 29397 I ActivityThread: Pub com.google.android.maps.StarredItemProvider: com.google.googlenav.provider.StarredItemProvider
07-18 23:29:07.296 29397 29400 D dalvikvm: GC_CONCURRENT freed 163K, 3% free 9650K/9927K, paused 2ms+2ms
07-18 23:29:07.476 29397 29400 D dalvikvm: GC_CONCURRENT freed 222K, 4% free 9831K/10183K, paused 2ms+3ms
07-18 23:29:07.531 29397 29397 I ActivityThread: Pub com.google.android.maps.LocalSuggestionProvider: com.google.googlenav.provider.LocalSuggestionProvider
07-18 23:29:07.531 29397 29397 I ActivityThread: Pub com.google.android.maps.NavigationAvailabilityProvider: com.google.googlenav.provider.NavigationAvailabilityProvider
07-18 23:29:07.663 29397 29412 D dalvikvm: GC_FOR_ALLOC freed 165K, 3% free 9963K/10247K, paused 25ms
07-18 23:29:07.698 29397 29413 D dalvikvm: GC_FOR_ALLOC freed 11K, 4% free 10154K/10503K, paused 21ms
07-18 23:29:07.843 29397 29400 D dalvikvm: GC_CONCURRENT freed 182K, 3% free 10478K/10759K, paused 2ms+6ms
07-18 23:29:07.866 29397 29423 D dalvikvm: GC_FOR_ALLOC freed 9K, 4% free 10669K/11015K, paused 22ms
07-18 23:29:08.148   144   156 I ActivityManager: Start proc android.process.acore for content provider com.android.providers.contacts/.ContactsProvider2: pid=29430 uid=10000 gids={3003, 1015}
07-18 23:29:08.191    79    79 D dalvikvm: GC_EXPLICIT freed 37K, 4% free 9027K/9347K, paused 4ms+9ms
07-18 23:29:08.234 29430 29430 I ActivityThread: Pub call_log: com.android.providers.contacts.CallLogProvider
07-18 23:29:08.241    79    79 D dalvikvm: GC_EXPLICIT freed <1K, 4% free 9027K/9347K, paused 2ms+3ms
07-18 23:29:08.273 29430 29430 I ActivityThread: Pub com.android.voicemail: com.android.providers.contacts.VoicemailContentProvider
07-18 23:29:08.277 29430 29430 I ActivityThread: Pub user_dictionary: com.android.providers.userdictionary.UserDictionaryProvider
07-18 23:29:08.292    79    79 D dalvikvm: GC_EXPLICIT freed <1K, 4% free 9027K/9347K, paused 2ms+4ms
07-18 23:29:08.300   144 14192 I ActivityManager: Process com.facebook.katana (pid 29361) has died.
07-18 23:29:08.300   144 14192 W ActivityManager: Scheduling restart of crashed service com.facebook.katana/.service.MediaUploadService in 5000ms
07-18 23:29:08.312 29430 29430 I ActivityThread: Pub com.android.social: com.android.providers.contacts.SocialProvider
07-18 23:29:08.312 29430 29430 I ActivityThread: Pub applications: com.android.providers.applications.ApplicationsProvider
07-18 23:29:08.441 29430 29432 D dalvikvm: GC_CONCURRENT freed 348K, 5% free 9148K/9607K, paused 5ms+2ms
07-18 23:29:08.441 29430 29430 I ActivityThread: Pub contacts;com.android.contacts: com.android.providers.contacts.ContactsProvider2
07-18 23:29:08.788   144   144 D dalvikvm: GC_EXPLICIT freed 457K, 24% free 18412K/24199K, paused 9ms+10ms
07-18 23:29:08.941 29430 29432 D dalvikvm: GC_CONCURRENT freed 194K, 4% free 9342K/9671K, paused 2ms+2ms
07-18 23:29:09.628 29430 29432 D dalvikvm: GC_CONCURRENT freed 227K, 4% free 9566K/9927K, paused 2ms+2ms
07-18 23:29:09.933   144   174 I ActivityManager: Start proc com.facebook.katana for service com.facebook.katana/.service.FacebookService: pid=29448 uid=10071 gids={3003, 1006, 1015}
07-18 23:29:09.948 29448 29448 I dalvikvm: Turning on JNI app bug workarounds for target SDK version 10...
07-18 23:29:09.976   144   317 I ActivityManager: Process android.process.acore (pid 29430) has died.
07-18 23:29:10.113 29448 29450 D dalvikvm: GC_CONCURRENT freed 147K, 3% free 9385K/9607K, paused 2ms+2ms
07-18 23:29:10.245 29448 29450 D dalvikvm: GC_CONCURRENT freed 121K, 3% free 9674K/9927K, paused 1ms+8ms
07-18 23:29:10.320 29448 29448 I ActivityThread: Pub com.facebook.katana.provider.LoggingProvider: com.facebook.katana.provider.LoggingProvider
07-18 23:29:10.382 29448 29448 I ActivityThread: Pub com.facebook.katana.provider.KeyValueProvider: com.facebook.katana.provider.KeyValueProvider
07-18 23:29:10.386 29448 29448 I ActivityThread: Pub com.facebook.katana.provider.CacheProvider: com.facebook.katana.provider.CacheProvider
07-18 23:29:10.394 29448 29448 I ActivityThread: Pub com.facebook.katana.provider.VaultImageProvider: com.facebook.katana.provider.VaultImageProvider
07-18 23:29:10.398 29448 29448 I ActivityThread: Pub com.facebook.katana.provider.MailboxProvider: com.facebook.katana.provider.MailboxProvider
07-18 23:29:10.413 29448 29448 I ActivityThread: Pub com.facebook.katana.provider.UserStatusesProvider: com.facebook.katana.provider.UserStatusesProvider
07-18 23:29:10.413 29448 29448 I ActivityThread: Pub com.facebook.katana.provider.EventsProvider: com.facebook.katana.provider.EventsProvider
07-18 23:29:10.417 29448 29448 I ActivityThread: Pub com.facebook.katana.provider.ObservedContactsProvider: com.facebook.katana.provider.ObservedContactsProvider
07-18 23:29:10.417 29448 29448 I ActivityThread: Pub com.facebook.katana.provider.NotificationsProvider: com.facebook.katana.provider.NotificationsProvider
07-18 23:29:10.421 29448 29448 I ActivityThread: Pub com.facebook.katana.provider.UserValuesProvider: com.facebook.katana.provider.UserValuesProvider
07-18 23:29:10.425 29448 29448 I ActivityThread: Pub com.facebook.katana.provider.PagesProvider: com.facebook.katana.provider.PagesProvider
07-18 23:29:10.429 29448 29448 I ActivityThread: Pub com.facebook.katana.provider.MobileEventLogProvider: com.facebook.katana.provider.MobileEventLogProvider
07-18 23:29:10.429 29448 29448 I ActivityThread: Pub com.facebook.katana.provider.PushNotificationsProvider: com.facebook.katana.provider.PushNotificationsProvider
07-18 23:29:10.429 29448 29448 I ActivityThread: Pub com.facebook.katana.provider.PhotosProvider: com.facebook.katana.provider.PhotosProvider
07-18 23:29:10.433 29448 29448 I ActivityThread: Pub com.facebook.katana.provider.ConnectionsProvider: com.facebook.katana.provider.ConnectionsProvider
07-18 23:29:10.448 29448 29448 I ActivityThread: Pub com.facebook.orca.notify.FbandroidMessagesForegroundProvider: com.facebook.orca.notify.FbandroidMessagesForegroundProvider
07-18 23:29:10.542 29448 29448 D ACRA    : Retrieve application default SharedPreferences.
07-18 23:29:10.550 29448 29448 D ACRA    : Set OnSharedPreferenceChangeListener.
07-18 23:29:10.562 29448 29448 D ACRA    : ACRA is enabled for com.facebook.katana, intializing...
07-18 23:29:10.593 29448 29448 D ACRA    : Looking for error files in /data/data/com.facebook.katana/app_acra-reports
07-18 23:29:10.734 29448 29448 W nalizableReferenceQueue: Could not load Finalizer in its own class loader.Loading Finalizer in the current class loader instead. As a result, you will not be ableto garbage collect this class loader. To support reclaiming this class loader, eitherresolve the underlying issue, or move Google Collections to your system class path.
07-18 23:29:10.734 29448 29448 W nalizableReferenceQueue: java.io.FileNotFoundException: com/google/common/base/internal/Finalizer.class
07-18 23:29:10.734 29448 29448 W nalizableReferenceQueue: 	at com.google.common.base.FinalizableReferenceQueue$DecoupledLoader.getBaseUrl(FinalizableReferenceQueue.java:243)
07-18 23:29:10.734 29448 29448 W nalizableReferenceQueue: 	at com.google.common.base.FinalizableReferenceQueue$DecoupledLoader.loadFinalizer(FinalizableReferenceQueue.java:227)
07-18 23:29:10.734 29448 29448 W nalizableReferenceQueue: 	at com.google.common.base.FinalizableReferenceQueue.loadFinalizer(FinalizableReferenceQueue.java:155)
07-18 23:29:10.734 29448 29448 W nalizableReferenceQueue: 	at com.google.common.base.FinalizableReferenceQueue.<clinit>(FinalizableReferenceQueue.java:84)
07-18 23:29:10.734 29448 29448 W nalizableReferenceQueue: 	at com.google.common.collect.CustomConcurrentHashMap$QueueHolder.<clinit>(CustomConcurrentHashMap.java:650)
07-18 23:29:10.734 29448 29448 W nalizableReferenceQueue: 	at com.google.common.collect.CustomConcurrentHashMap$WeakEntry.<init>(CustomConcurrentHashMap.java:1342)
07-18 23:29:10.734 29448 29448 W nalizableReferenceQueue: 	at com.google.common.collect.CustomConcurrentHashMap$EntryFactory$9.newEntry(CustomConcurrentHashMap.java:453)
07-18 23:29:10.734 29448 29448 W nalizableReferenceQueue: 	at com.google.common.collect.CustomConcurrentHashMap.a(CustomConcurrentHashMap.java:1715)
07-18 23:29:10.734 29448 29448 W nalizableReferenceQueue: 	at com.google.common.collect.ComputingConcurrentHashMap$ComputingSegment.a(ComputingConcurrentHashMap.java:123)
07-18 23:29:10.734 29448 29448 W nalizableReferenceQueue: 	at com.google.common.collect.ComputingConcurrentHashMap.apply(ComputingConcurrentHashMap.java:71)
07-18 23:29:10.734 29448 29448 W nalizableReferenceQueue: 	at com.google.common.collect.MapMaker$ComputingMapAdapter.get(MapMaker.java:848)
07-18 23:29:10.734 29448 29448 W nalizableReferenceQueue: 	at com.google.inject.internal.Annotations$AnnotationChecker.a(Annotations.java:90)
07-18 23:29:10.734 29448 29448 W nalizableReferenceQueue: 	at com.google.inject.internal.Annotations.c(Annotations.java:108)
07-18 23:29:10.734 29448 29448 W nalizableReferenceQueue: 	at com.google.inject.Key.d(Key.java:369)
07-18 23:29:10.734 29448 29448 W nalizableReferenceQueue: 	at com.google.inject.Key.b(Key.java:356)
07-18 23:29:10.734 29448 29448 W nalizableReferenceQueue: 	at com.google.inject.Key.a(Key.java:267)
07-18 23:29:10.734 29448 29448 W nalizableReferenceQueue: 	at com.facebook.orca.inject.binder.AnnotatedBindingBuilderImpl.a(AnnotatedBindingBuilderImpl.java:22)
07-18 23:29:10.734 29448 29448 W nalizableReferenceQueue: 	at com.facebook.orca.app.FbBaseModule.a(FbBaseModule.java:75)
07-18 23:29:10.734 29448 29448 W nalizableReferenceQueue: 	at com.facebook.orca.inject.AbstractModule.a(AbstractModule.java:19)
07-18 23:29:10.734 29448 29448 W nalizableReferenceQueue: 	at com.facebook.orca.inject.FbInjectorImpl.a(FbInjectorImpl.java:63)
07-18 23:29:10.734 29448 29448 W nalizableReferenceQueue: 	at com.facebook.orca.inject.FbInjectorImpl.<init>(FbInjectorImpl.java:41)
07-18 23:29:10.734 29448 29448 W nalizableReferenceQueue: 	at com.facebook.orca.inject.FbInjector.a(FbInjector.java:40)
07-18 23:29:10.734 29448 29448 W nalizableReferenceQueue: 	at com.facebook.katana.FacebookApplication.onCreate(FacebookApplication.java:102)
07-18 23:29:10.734 29448 29448 W nalizableReferenceQueue: 	at android.app.Instrumentation.callApplicationOnCreate(Instrumentation.java:969)
07-18 23:29:10.734 29448 29448 W nalizableReferenceQueue: 	at android.app.ActivityThread.handleBindApplication(ActivityThread.java:3954)
07-18 23:29:10.734 29448 29448 W nalizableReferenceQueue: 	at android.app.ActivityThread.access$1300(ActivityThread.java:123)
07-18 23:29:10.734 29448 29448 W nalizableReferenceQueue: 	at android.app.ActivityThread$H.handleMessage(ActivityThread.java:1185)
07-18 23:29:10.734 29448 29448 W nalizableReferenceQueue: 	at android.os.Handler.dispatchMessage(Handler.java:99)
07-18 23:29:10.734 29448 29448 W nalizableReferenceQueue: 	at android.os.Looper.loop(Looper.java:137)
07-18 23:29:10.734 29448 29448 W nalizableReferenceQueue: 	at android.app.ActivityThread.main(ActivityThread.java:4424)
07-18 23:29:10.734 29448 29448 W nalizableReferenceQueue: 	at java.lang.reflect.Method.invokeNative(Native Method)
07-18 23:29:10.734 29448 29448 W nalizableReferenceQueue: 	at java.lang.reflect.Method.invoke(Method.java:511)
07-18 23:29:10.734 29448 29448 W nalizableReferenceQueue: 	at com.android.internal.os.ZygoteInit$MethodAndArgsCaller.run(ZygoteInit.java:784)
07-18 23:29:10.734 29448 29448 W nalizableReferenceQueue: 	at com.android.internal.os.ZygoteInit.main(ZygoteInit.java:551)
07-18 23:29:10.734 29448 29448 W nalizableReferenceQueue: 	at dalvik.system.NativeStart.main(Native Method)
07-18 23:29:10.734 29448 29448 I Finalizer: Couldn't access Thread.inheritableThreadLocals. Reference finalizer threads will inherit thread local values.
07-18 23:29:10.781 29448 29450 D dalvikvm: GC_CONCURRENT freed 308K, 4% free 9858K/10247K, paused 4ms+4ms
07-18 23:29:10.921 29448 29450 D dalvikvm: GC_CONCURRENT freed 416K, 5% free 9981K/10503K, paused 2ms+3ms
07-18 23:29:11.152 29448 29450 D dalvikvm: GC_CONCURRENT freed 337K, 5% free 10123K/10567K, paused 3ms+13ms
07-18 23:29:11.370 29448 29450 D dalvikvm: GC_CONCURRENT freed 360K, 5% free 10265K/10759K, paused 2ms+5ms
07-18 23:29:11.695 29448 29465 W Resources: Converting to string: TypedValue{t=0x10/d=0xffffffff a=-1}
07-18 23:29:12.073 29448 29450 D dalvikvm: GC_CONCURRENT freed 317K, 4% free 10409K/10823K, paused 7ms+5ms
07-18 23:29:12.425 29448 29450 D dalvikvm: GC_CONCURRENT freed 366K, 5% free 10528K/11015K, paused 3ms+4ms
07-18 23:29:13.577 29448 29450 D dalvikvm: GC_CONCURRENT freed 303K, 4% free 10647K/11079K, paused 3ms+2ms
07-18 23:29:13.960 29448 29450 D dalvikvm: GC_CONCURRENT freed 357K, 5% free 10724K/11207K, paused 2ms+3ms
07-18 23:29:14.671 29448 29450 D dalvikvm: GC_CONCURRENT freed 443K, 6% free 10768K/11335K, paused 3ms+3ms
07-18 23:29:16.101 29156 29159 D dalvikvm: GC_CONCURRENT freed 512K, 6% free 10232K/10823K, paused 12ms+2ms
07-18 23:29:16.148   144  6618 I ActivityManager: Start proc com.google.android.apps.maps:LocationFriendService for service com.google.android.apps.maps/com.google.googlenav.friend.reporting.LocationReceiverService: pid=29483 uid=10056 gids={3003, 1015}
07-18 23:29:16.382 29483 29485 D dalvikvm: GC_CONCURRENT freed 156K, 3% free 9376K/9607K, paused 2ms+3ms
07-18 23:29:16.788 29483 29485 D dalvikvm: GC_CONCURRENT freed 159K, 3% free 9676K/9927K, paused 17ms+3ms
07-18 23:29:18.156 29483 29485 D dalvikvm: GC_CONCURRENT freed 276K, 4% free 9843K/10247K, paused 25ms+46ms
07-18 23:29:18.304   144   342 I ActivityManager: Process com.xabber.androiddev (pid 29237) has died.
07-18 23:29:18.304   144   342 W ActivityManager: Scheduling restart of crashed service com.xabber.androiddev/com.xabber.android.service.XMPPService in 20000ms
07-18 23:29:18.398 29483 29485 D dalvikvm: GC_CONCURRENT freed 346K, 5% free 9978K/10439K, paused 14ms+2ms
07-18 23:29:23.421   359   359 D dalvikvm: GC_EXPLICIT freed 7K, 6% free 9096K/9607K, paused 26ms+2ms
07-18 23:29:28.507 29139 29139 D dalvikvm: GC_EXPLICIT freed 177K, 4% free 9239K/9543K, paused 33ms+2ms
07-18 23:29:33.554   144   160 D dalvikvm: GC_EXPLICIT freed 336K, 25% free 18379K/24199K, paused 42ms+8ms
07-18 23:29:35.948   144   144 I ActivityManager: Process com.google.android.apps.maps:LocationFriendService (pid 29483) has died.
07-18 23:29:38.382 29506 29506 D dalvikvm: Late-enabling CheckJNI
07-18 23:29:38.390   144   161 I ActivityManager: Start proc com.xabber.androiddev for service com.xabber.androiddev/com.xabber.android.service.XMPPService: pid=29506 uid=10063 gids={3003, 1015}
07-18 23:29:38.406 29506 29506 I dalvikvm: Turning on JNI app bug workarounds for target SDK version 9...
07-18 23:29:38.679 29506 29509 D dalvikvm: GC_CONCURRENT freed 207K, 3% free 9325K/9607K, paused 6ms+4ms
07-18 23:29:38.718 29506 29506 D dalvikvm: GC_FOR_ALLOC freed 308K, 5% free 9455K/9927K, paused 14ms
07-18 23:29:38.820 29506 29509 D dalvikvm: GC_CONCURRENT freed 128K, 3% free 9852K/10055K, paused 1ms+5ms
07-18 23:29:38.945 29506 29509 D dalvikvm: GC_CONCURRENT freed 290K, 4% free 10074K/10439K, paused 2ms+2ms
07-18 23:29:39.089 29506 29506 I com.xabber.android.service.XMPPService@4148b8e8: onCreate
07-18 23:29:39.093 29506 29506 I com.xabber.android.data.Application@413513f0: onStart
07-18 23:29:39.132 29506 29509 D dalvikvm: GC_CONCURRENT freed 349K, 5% free 10174K/10631K, paused 2ms+2ms
07-18 23:29:39.132 29506 29520 I com.xabber.android.data.LogManager@41360cd0: onLoad
07-18 23:29:39.335   144   388 I ActivityManager: Start proc android.process.acore for content provider com.android.providers.contacts/.ContactsProvider2: pid=29522 uid=10000 gids={3003, 1015}
07-18 23:29:39.386 29522 29522 I ActivityThread: Pub call_log: com.android.providers.contacts.CallLogProvider
07-18 23:29:39.429 29522 29522 I ActivityThread: Pub com.android.voicemail: com.android.providers.contacts.VoicemailContentProvider
07-18 23:29:39.429 29522 29522 I ActivityThread: Pub user_dictionary: com.android.providers.userdictionary.UserDictionaryProvider
07-18 23:29:39.445 29522 29522 I ActivityThread: Pub com.android.social: com.android.providers.contacts.SocialProvider
07-18 23:29:39.448 29522 29522 I ActivityThread: Pub applications: com.android.providers.applications.ApplicationsProvider
07-18 23:29:39.527   144   390 I ActivityManager: Process com.facebook.katana (pid 29448) has died.
07-18 23:29:39.527   144   390 W ActivityManager: Scheduling restart of crashed service com.facebook.katana/.service.MediaUploadService in 5000ms
07-18 23:29:39.562 29522 29524 D dalvikvm: GC_CONCURRENT freed 326K, 5% free 9146K/9607K, paused 3ms+2ms
07-18 23:29:39.562 29522 29522 I ActivityThread: Pub contacts;com.android.contacts: com.android.providers.contacts.ContactsProvider2
07-18 23:29:39.886 29522 29524 D dalvikvm: GC_CONCURRENT freed 194K, 4% free 9342K/9671K, paused 2ms+2ms
07-18 23:29:41.191 29522 29524 D dalvikvm: GC_CONCURRENT freed 184K, 4% free 9605K/9927K, paused 4ms+2ms
07-18 23:29:41.386 29506 29509 D dalvikvm: GC_CONCURRENT freed 209K, 4% free 10415K/10759K, paused 42ms+4ms
07-18 23:29:42.433 28283 28296 I PhoneLab-: Service Running
07-18 23:29:42.566   144  6618 I ActivityManager: Process android.process.acore (pid 29522) has died.
07-18 23:29:42.663 28283 28296 I PhoneLab-LoggerService: app_37    1395  1     1432   980   c00f181c 400107b4 S logcat
07-18 23:29:42.663 28283 28296 I PhoneLab-LoggerService: Logcat pid from database 1395
07-18 23:29:42.675 28283 28296 I PhoneLab-LoggerService: Logcat process found 1395
07-18 23:29:42.675 28283 28296 I PhoneLab-LoggerService: Checking Threshold
07-18 23:29:43.859 29506 29509 D dalvikvm: GC_CONCURRENT freed 278K, 4% free 10538K/10951K, paused 8ms+2ms
07-18 23:29:44.632   144   161 I ActivityManager: Start proc com.facebook.katana for service com.facebook.katana/.service.MediaUploadService: pid=29545 uid=10071 gids={3003, 1006, 1015}
07-18 23:29:44.644 29545 29545 I dalvikvm: Turning on JNI app bug workarounds for target SDK version 10...
07-18 23:29:44.835 29545 29547 D dalvikvm: GC_CONCURRENT freed 157K, 3% free 9375K/9607K, paused 2ms+2ms
07-18 23:29:44.972 29545 29547 D dalvikvm: GC_CONCURRENT freed 125K, 3% free 9673K/9927K, paused 2ms+2ms
07-18 23:29:45.019 29545 29545 I ActivityThread: Pub com.facebook.katana.provider.LoggingProvider: com.facebook.katana.provider.LoggingProvider
07-18 23:29:45.077 29545 29545 I ActivityThread: Pub com.facebook.katana.provider.KeyValueProvider: com.facebook.katana.provider.KeyValueProvider
07-18 23:29:45.077 29545 29545 I ActivityThread: Pub com.facebook.katana.provider.CacheProvider: com.facebook.katana.provider.CacheProvider
07-18 23:29:45.081 29545 29545 I ActivityThread: Pub com.facebook.katana.provider.VaultImageProvider: com.facebook.katana.provider.VaultImageProvider
07-18 23:29:45.093 29545 29545 I ActivityThread: Pub com.facebook.katana.provider.MailboxProvider: com.facebook.katana.provider.MailboxProvider
07-18 23:29:45.101 29545 29545 I ActivityThread: Pub com.facebook.katana.provider.UserStatusesProvider: com.facebook.katana.provider.UserStatusesProvider
07-18 23:29:45.101 29545 29545 I ActivityThread: Pub com.facebook.katana.provider.EventsProvider: com.facebook.katana.provider.EventsProvider
07-18 23:29:45.105 29545 29545 I ActivityThread: Pub com.facebook.katana.provider.ObservedContactsProvider: com.facebook.katana.provider.ObservedContactsProvider
07-18 23:29:45.109 29545 29545 I ActivityThread: Pub com.facebook.katana.provider.NotificationsProvider: com.facebook.katana.provider.NotificationsProvider
07-18 23:29:45.109 29545 29545 I ActivityThread: Pub com.facebook.katana.provider.UserValuesProvider: com.facebook.katana.provider.UserValuesProvider
07-18 23:29:45.113 29545 29545 I ActivityThread: Pub com.facebook.katana.provider.PagesProvider: com.facebook.katana.provider.PagesProvider
07-18 23:29:45.113 29545 29545 I ActivityThread: Pub com.facebook.katana.provider.MobileEventLogProvider: com.facebook.katana.provider.MobileEventLogProvider
07-18 23:29:45.116 29545 29545 I ActivityThread: Pub com.facebook.katana.provider.PushNotificationsProvider: com.facebook.katana.provider.PushNotificationsProvider
07-18 23:29:45.116 29545 29545 I ActivityThread: Pub com.facebook.katana.provider.PhotosProvider: com.facebook.katana.provider.PhotosProvider
07-18 23:29:45.120 29545 29545 I ActivityThread: Pub com.facebook.katana.provider.ConnectionsProvider: com.facebook.katana.provider.ConnectionsProvider
07-18 23:29:45.140 29545 29545 I ActivityThread: Pub com.facebook.orca.notify.FbandroidMessagesForegroundProvider: com.facebook.orca.notify.FbandroidMessagesForegroundProvider
07-18 23:29:45.218 29545 29545 D ACRA    : Retrieve application default SharedPreferences.
07-18 23:29:45.230 29545 29545 D ACRA    : Set OnSharedPreferenceChangeListener.
07-18 23:29:45.249 29545 29545 D ACRA    : ACRA is enabled for com.facebook.katana, intializing...
07-18 23:29:45.316 29545 29545 D ACRA    : Looking for error files in /data/data/com.facebook.katana/app_acra-reports
07-18 23:29:45.327   144   310 I ActivityManager: Process com.google.android.apps.maps (pid 29397) has died.
07-18 23:29:45.327   144   310 W ActivityManager: Scheduling restart of crashed service com.google.android.apps.maps/com.google.googlenav.prefetch.android.PrefetcherService in 117008ms
07-18 23:29:45.421 29545 29545 W nalizableReferenceQueue: Could not load Finalizer in its own class loader.Loading Finalizer in the current class loader instead. As a result, you will not be ableto garbage collect this class loader. To support reclaiming this class loader, eitherresolve the underlying issue, or move Google Collections to your system class path.
07-18 23:29:45.421 29545 29545 W nalizableReferenceQueue: java.io.FileNotFoundException: com/google/common/base/internal/Finalizer.class
07-18 23:29:45.421 29545 29545 W nalizableReferenceQueue: 	at com.google.common.base.FinalizableReferenceQueue$DecoupledLoader.getBaseUrl(FinalizableReferenceQueue.java:243)
07-18 23:29:45.421 29545 29545 W nalizableReferenceQueue: 	at com.google.common.base.FinalizableReferenceQueue$DecoupledLoader.loadFinalizer(FinalizableReferenceQueue.java:227)
07-18 23:29:45.421 29545 29545 W nalizableReferenceQueue: 	at com.google.common.base.FinalizableReferenceQueue.loadFinalizer(FinalizableReferenceQueue.java:155)
07-18 23:29:45.421 29545 29545 W nalizableReferenceQueue: 	at com.google.common.base.FinalizableReferenceQueue.<clinit>(FinalizableReferenceQueue.java:84)
07-18 23:29:45.421 29545 29545 W nalizableReferenceQueue: 	at com.google.common.collect.CustomConcurrentHashMap$QueueHolder.<clinit>(CustomConcurrentHashMap.java:650)
07-18 23:29:45.421 29545 29545 W nalizableReferenceQueue: 	at com.google.common.collect.CustomConcurrentHashMap$WeakEntry.<init>(CustomConcurrentHashMap.java:1342)
07-18 23:29:45.421 29545 29545 W nalizableReferenceQueue: 	at com.google.common.collect.CustomConcurrentHashMap$EntryFactory$9.newEntry(CustomConcurrentHashMap.java:453)
07-18 23:29:45.421 29545 29545 W nalizableReferenceQueue: 	at com.google.common.collect.CustomConcurrentHashMap.a(CustomConcurrentHashMap.java:1715)
07-18 23:29:45.421 29545 29545 W nalizableReferenceQueue: 	at com.google.common.collect.ComputingConcurrentHashMap$ComputingSegment.a(ComputingConcurrentHashMap.java:123)
07-18 23:29:45.421 29545 29545 W nalizableReferenceQueue: 	at com.google.common.collect.ComputingConcurrentHashMap.apply(ComputingConcurrentHashMap.java:71)
07-18 23:29:45.421 29545 29545 W nalizableReferenceQueue: 	at com.google.common.collect.MapMaker$ComputingMapAdapter.get(MapMaker.java:848)
07-18 23:29:45.421 29545 29545 W nalizableReferenceQueue: 	at com.google.inject.internal.Annotations$AnnotationChecker.a(Annotations.java:90)
07-18 23:29:45.421 29545 29545 W nalizableReferenceQueue: 	at com.google.inject.internal.Annotations.c(Annotations.java:108)
07-18 23:29:45.421 29545 29545 W nalizableReferenceQueue: 	at com.google.inject.Key.d(Key.java:369)
07-18 23:29:45.421 29545 29545 W nalizableReferenceQueue: 	at com.google.inject.Key.b(Key.java:356)
07-18 23:29:45.421 29545 29545 W nalizableReferenceQueue: 	at com.google.inject.Key.a(Key.java:267)
07-18 23:29:45.421 29545 29545 W nalizableReferenceQueue: 	at com.facebook.orca.inject.binder.AnnotatedBindingBuilderImpl.a(AnnotatedBindingBuilderImpl.java:22)
07-18 23:29:45.421 29545 29545 W nalizableReferenceQueue: 	at com.facebook.orca.app.FbBaseModule.a(FbBaseModule.java:75)
07-18 23:29:45.421 29545 29545 W nalizableReferenceQueue: 	at com.facebook.orca.inject.AbstractModule.a(AbstractModule.java:19)
07-18 23:29:45.421 29545 29545 W nalizableReferenceQueue: 	at com.facebook.orca.inject.FbInjectorImpl.a(FbInjectorImpl.java:63)
07-18 23:29:45.421 29545 29545 W nalizableReferenceQueue: 	at com.facebook.orca.inject.FbInjectorImpl.<init>(FbInjectorImpl.java:41)
07-18 23:29:45.421 29545 29545 W nalizableReferenceQueue: 	at com.facebook.orca.inject.FbInjector.a(FbInjector.java:40)
07-18 23:29:45.421 29545 29545 W nalizableReferenceQueue: 	at com.facebook.katana.FacebookApplication.onCreate(FacebookApplication.java:102)
07-18 23:29:45.421 29545 29545 W nalizableReferenceQueue: 	at android.app.Instrumentation.callApplicationOnCreate(Instrumentation.java:969)
07-18 23:29:45.421 29545 29545 W nalizableReferenceQueue: 	at android.app.ActivityThread.handleBindApplication(ActivityThread.java:3954)
07-18 23:29:45.421 29545 29545 W nalizableReferenceQueue: 	at android.app.ActivityThread.access$1300(ActivityThread.java:123)
07-18 23:29:45.421 29545 29545 W nalizableReferenceQueue: 	at android.app.ActivityThread$H.handleMessage(ActivityThread.java:1185)
07-18 23:29:45.421 29545 29545 W nalizableReferenceQueue: 	at android.os.Handler.dispatchMessage(Handler.java:99)
07-18 23:29:45.421 29545 29545 W nalizableReferenceQueue: 	at android.os.Looper.loop(Looper.java:137)
07-18 23:29:45.421 29545 29545 W nalizableReferenceQueue: 	at android.app.ActivityThread.main(ActivityThread.java:4424)
07-18 23:29:45.421 29545 29545 W nalizableReferenceQueue: 	at java.lang.reflect.Method.invokeNative(Native Method)
07-18 23:29:45.421 29545 29545 W nalizableReferenceQueue: 	at java.lang.reflect.Method.invoke(Method.java:511)
07-18 23:29:45.421 29545 29545 W nalizableReferenceQueue: 	at com.android.internal.os.ZygoteInit$MethodAndArgsCaller.run(ZygoteInit.java:784)
07-18 23:29:45.421 29545 29545 W nalizableReferenceQueue: 	at com.android.internal.os.ZygoteInit.main(ZygoteInit.java:551)
07-18 23:29:45.421 29545 29545 W nalizableReferenceQueue: 	at dalvik.system.NativeStart.main(Native Method)
07-18 23:29:45.421 29545 29545 I Finalizer: Couldn't access Thread.inheritableThreadLocals. Reference finalizer threads will inherit thread local values.
07-18 23:29:45.433 29545 29547 D dalvikvm: GC_CONCURRENT freed 307K, 5% free 9884K/10311K, paused 6ms+3ms
07-18 23:29:45.609 29545 29547 D dalvikvm: GC_CONCURRENT freed 423K, 6% free 9974K/10503K, paused 3ms+3ms
07-18 23:29:45.851 29545 29547 D dalvikvm: GC_CONCURRENT freed 317K, 5% free 10117K/10567K, paused 16ms+9ms
07-18 23:29:46.167 29545 29547 D dalvikvm: GC_CONCURRENT freed 363K, 5% free 10275K/10759K, paused 2ms+4ms
07-18 23:29:46.593 29545 29562 W Resources: Converting to string: TypedValue{t=0x10/d=0xffffffff a=-1}
07-18 23:29:46.753 29545 29547 D dalvikvm: GC_CONCURRENT freed 304K, 4% free 10394K/10823K, paused 14ms+4ms
07-18 23:29:47.070   144   144 D dalvikvm: GC_EXPLICIT freed 241K, 25% free 18368K/24199K, paused 9ms+8ms
07-18 23:29:47.152 29545 29547 D dalvikvm: GC_CONCURRENT freed 354K, 5% free 10510K/10951K, paused 2ms+3ms
07-18 23:29:47.355 29506 29509 D dalvikvm: GC_CONCURRENT freed 337K, 5% free 10614K/11079K, paused 2ms+2ms
07-18 23:29:47.995 29545 29547 D dalvikvm: GC_CONCURRENT freed 352K, 5% free 10590K/11079K, paused 3ms+3ms
07-18 23:29:48.980 29545 29547 D dalvikvm: GC_CONCURRENT freed 323K, 5% free 10693K/11143K, paused 2ms+2ms
07-18 23:29:50.800   144   155 I ActivityManager: Start proc android.process.acore for content provider com.android.providers.contacts/.ContactsProvider2: pid=29579 uid=10000 gids={3003, 1015}
07-18 23:29:50.808   144  1168 I ActivityManager: Process com.google.android.apps.googlevoice (pid 29285) has died.
07-18 23:29:50.808   144  1168 W ActivityManager: Scheduling restart of crashed service com.google.android.apps.googlevoice/.ShadowNumberRefreshService in 5000ms
07-18 23:29:50.808   144  1168 W ActivityManager: Scheduling restart of crashed service com.google.android.apps.googlevoice/.CallLogService in 15000ms
07-18 23:29:50.808   144  1168 W ActivityManager: Scheduling restart of crashed service com.google.android.apps.googlevoice/.UpdateService in 25000ms
07-18 23:29:50.968 29579 29579 I ActivityThread: Pub call_log: com.android.providers.contacts.CallLogProvider
07-18 23:29:51.050 29579 29579 I ActivityThread: Pub com.android.voicemail: com.android.providers.contacts.VoicemailContentProvider
07-18 23:29:51.066 29579 29579 I ActivityThread: Pub user_dictionary: com.android.providers.userdictionary.UserDictionaryProvider
07-18 23:29:51.077 29579 29579 I ActivityThread: Pub com.android.social: com.android.providers.contacts.SocialProvider
07-18 23:29:51.077 29579 29579 I ActivityThread: Pub applications: com.android.providers.applications.ApplicationsProvider
07-18 23:29:51.159 29579 29579 I ActivityThread: Pub contacts;com.android.contacts: com.android.providers.contacts.ContactsProvider2
07-18 23:29:51.183 29579 29581 D dalvikvm: GC_CONCURRENT freed 349K, 5% free 9183K/9607K, paused 3ms+3ms
07-18 23:29:51.343   144   156 I ActivityManager: Process com.google.process.gapps (pid 26190) has died.
07-18 23:29:51.347 29156 29170 I ActivityThread: Removing dead content provider: com.google.settings
07-18 23:29:51.347   144   156 W ActivityManager: Scheduling restart of crashed service com.google.android.location/.internal.server.NetworkLocationService in 34461ms
07-18 23:29:51.347   144   156 W ActivityManager: Scheduling restart of crashed service com.google.android.location/.NetworkLocationService in 44461ms
07-18 23:29:51.347   144   156 W ActivityManager: Scheduling restart of crashed service com.google.android.gsf/.gtalkservice.service.GTalkService in 54461ms
07-18 23:29:51.347   144   156 I ActivityManager: Kill com.google.android.apps.maps:NetworkLocationService (pid 29156): provider com.google.android.gsf.settings.GoogleSettingsProvider in dying process com.google.process.gapps
07-18 23:29:51.359   144   390 I ActivityManager: Process com.google.android.apps.maps:NetworkLocationService (pid 29156) has died.
07-18 23:29:51.359   144   390 W ActivityManager: Scheduling restart of crashed service com.google.android.apps.maps/com.google.android.location.internal.server.NetworkLocationService in 64450ms
07-18 23:29:51.472 29579 29581 D dalvikvm: GC_CONCURRENT freed 226K, 4% free 9376K/9735K, paused 2ms+2ms
07-18 23:29:52.679 29579 29581 D dalvikvm: GC_CONCURRENT freed 176K, 4% free 9613K/9927K, paused 20ms+2ms
07-18 23:29:52.898 29506 29509 D dalvikvm: GC_CONCURRENT freed 361K, 5% free 10740K/11207K, paused 3ms+2ms
07-18 23:29:55.874   144   161 I ActivityManager: Start proc com.google.android.apps.googlevoice for service com.google.android.apps.googlevoice/.ShadowNumberRefreshService: pid=29597 uid=10054 gids={3003, 1015}
07-18 23:29:56.640 29597 29600 D dalvikvm: GC_CONCURRENT freed 239K, 4% free 9293K/9607K, paused 67ms+111ms
07-18 23:29:56.968   144 12390 I ActivityManager: Start proc com.google.process.gapps for content provider com.google.android.gsf/.settings.GoogleSettingsProvider: pid=29612 uid=10009 gids={3003, 1015, 1007, 2001, 3006}
07-18 23:29:57.335 29612 29612 I ActivityThread: Pub com.google.settings: com.google.android.gsf.settings.GoogleSettingsProvider
07-18 23:29:57.413 29612 29612 I ActivityThread: Pub subscribedfeeds: com.google.android.gsf.subscribedfeeds.SubscribedFeedsProvider
07-18 23:29:57.554 29612 29612 I ActivityThread: Pub com.google.contacts.gal.provider: com.google.android.syncadapters.contacts.GalProvider
07-18 23:29:57.609 29612 29612 I ActivityThread: Pub com.google.android.gsf.gservices: com.google.android.gsf.gservices.GservicesProvider
07-18 23:29:57.609 29612 29612 I GservicesProvider: Gservices pushing to system: true; secure: true
07-18 23:29:57.613 29612 29612 I ActivityThread: Pub com.google.android.providers.talk: com.google.android.gsf.talk.TalkProvider
07-18 23:29:57.695 29545 29547 D dalvikvm: GC_CONCURRENT freed 434K, 6% free 10701K/11271K, paused 73ms+44ms
07-18 23:29:57.784 29612 29614 D dalvikvm: GC_CONCURRENT freed 341K, 5% free 9189K/9607K, paused 16ms+89ms
07-18 23:29:57.847 29597 29629 W System.err: com.google.android.apps.googlevoice.net.VoiceServiceException: Voice service failed [INVALID_AUTH_TOKEN]
07-18 23:29:57.859   144   378 D SyncManager: setSyncAutomatically: , provider subscribedfeeds -> true
07-18 23:29:57.859   144   378 D SyncManager: setSyncAutomatically: already set to true, doing nothing
07-18 23:29:57.882 28956 28956 W ThumbnailCache: Low Memory: Freed 0 textures from compression queue, 0 from write queue, 0 from the pinned list, 0 from the cache.
07-18 23:29:57.902 29597 29629 W System.err: 	at com.google.android.apps.googlevoice.net.masf.MASFVoiceService.checkCredentials(MASFVoiceService.java:107)
07-18 23:29:57.906 29597 29629 W System.err: 	at com.google.android.apps.googlevoice.net.masf.MASFVoiceService.getAuthToken(MASFVoiceService.java:95)
07-18 23:29:57.906 29597 29629 W System.err: 	at com.google.android.apps.googlevoice.net.masf.MASFGetBackendInfoRpc.createRequestPayload(MASFGetBackendInfoRpc.java:34)
07-18 23:29:57.906 29597 29629 W System.err: 	at com.google.android.apps.googlevoice.net.masf.MASFApiRpc.requestSubmit(MASFApiRpc.java:160)
07-18 23:29:57.906 29597 29629 W System.err: 	at com.google.android.apps.googlevoice.net.masf.MASFApiRpc.run(MASFApiRpc.java:141)
07-18 23:29:57.906 29597 29629 W System.err: 	at com.googlex.common.task.AbstractTask.run(Unknown Source)
07-18 23:29:57.906 29597 29629 W System.err: 	at com.googlex.common.task.AbstractTask.runInternal(Unknown Source)
07-18 23:29:57.906 29597 29629 W System.err: 	at com.googlex.common.task.TaskRunner.run(Unknown Source)
07-18 23:29:57.906 29597 29629 W System.err: 	at com.googlex.common.lang.BaseThreadFactory$ThreadImpl.run(Unknown Source)
07-18 23:29:57.937 28956 28956 D dalvikvm: GC_EXPLICIT freed 31K, 20% free 11597K/14471K, paused 2ms+5ms
07-18 23:29:57.937 29597 29629 E GoogleVoice: ShadowNumberRefreshService: Failed to get backend info!
07-18 23:29:57.937 29597 29629 E GoogleVoice: com.google.android.apps.googlevoice.net.VoiceServiceException: Voice service failed [INVALID_AUTH_TOKEN]
07-18 23:29:57.937 29597 29629 E GoogleVoice: 	at com.google.android.apps.googlevoice.net.masf.MASFVoiceService.checkCredentials(MASFVoiceService.java:107)
07-18 23:29:57.937 29597 29629 E GoogleVoice: 	at com.google.android.apps.googlevoice.net.masf.MASFVoiceService.getAuthToken(MASFVoiceService.java:95)
07-18 23:29:57.937 29597 29629 E GoogleVoice: 	at com.google.android.apps.googlevoice.net.masf.MASFGetBackendInfoRpc.createRequestPayload(MASFGetBackendInfoRpc.java:34)
07-18 23:29:57.937 29597 29629 E GoogleVoice: 	at com.google.android.apps.googlevoice.net.masf.MASFApiRpc.requestSubmit(MASFApiRpc.java:160)
07-18 23:29:57.937 29597 29629 E GoogleVoice: 	at com.google.android.apps.googlevoice.net.masf.MASFApiRpc.run(MASFApiRpc.java:141)
07-18 23:29:57.937 29597 29629 E GoogleVoice: 	at com.googlex.common.task.AbstractTask.run(Unknown Source)
07-18 23:29:57.937 29597 29629 E GoogleVoice: 	at com.googlex.common.task.AbstractTask.runInternal(Unknown Source)
07-18 23:29:57.937 29597 29629 E GoogleVoice: 	at com.googlex.common.task.TaskRunner.run(Unknown Source)
07-18 23:29:57.937 29597 29629 E GoogleVoice: 	at com.googlex.common.lang.BaseThreadFactory$ThreadImpl.run(Unknown Source)
07-18 23:30:09.038 28974 28974 D dalvikvm: GC_EXPLICIT freed 1K, 3% free 9237K/9479K, paused 28ms+2ms
07-18 23:30:12.683   346   346 D SAN_SERVICE: *******************************************
07-18 23:30:12.683   346   346 D SAN_SERVICE: DM App Phone Service State - 0
07-18 23:30:12.683   346   346 D SAN_SERVICE: *******************************************
07-18 23:30:13.097   346   346 D SAN_SERVICE: *******************************************
07-18 23:30:13.101   346   346 D SAN_SERVICE: DM App Phone Service State - 0
07-18 23:30:13.101   346   346 D SAN_SERVICE: *******************************************
07-18 23:30:16.038   144   388 D CountryDetector: The first listener is added
07-18 23:30:16.046 29597 29600 D dalvikvm: GC_CONCURRENT freed 421K, 6% free 9397K/9927K, paused 2ms+6ms
07-18 23:30:16.046 29597 29606 W CursorWrapperInner: Cursor finalized without prior close()
07-18 23:30:16.046 29597 29606 W CursorWrapperInner: Cursor finalized without prior close()
07-18 23:30:16.046 29597 29606 W CursorWrapperInner: Cursor finalized without prior close()
07-18 23:30:16.195 29579 29581 D dalvikvm: GC_CONCURRENT freed 552K, 7% free 9618K/10247K, paused 5ms+3ms
07-18 23:30:16.636 29597 29600 D dalvikvm: GC_CONCURRENT freed 340K, 5% free 9576K/9991K, paused 2ms+16ms
07-18 23:30:16.757 29579 29581 D dalvikvm: GC_CONCURRENT freed 362K, 5% free 9768K/10247K, paused 14ms+3ms
07-18 23:30:16.968 29597 29637 D dalvikvm: GC_FOR_ALLOC freed 149K, 6% free 9672K/10183K, paused 15ms
07-18 23:30:19.417   346   346 D SAN_SERVICE: *******************************************
07-18 23:30:19.417   346   346 D SAN_SERVICE: DM App Phone Service State - 0
07-18 23:30:19.417   346   346 D SAN_SERVICE: *******************************************
07-18 23:30:24.534   346   346 D dalvikvm: GC_EXPLICIT freed 616K, 10% free 11949K/13191K, paused 19ms+9ms
07-18 23:30:25.925 29612 29612 D androidInternalNlpService: onCreate com.google.android.location.internal.server.NetworkLocationService@41380130
07-18 23:30:25.948 29612 29640 D NetworkLocationRealOs: NLPv2 file already exists; ignoring any NLPv1 files
07-18 23:30:25.952 29612 29612 D androidNlpServiceThread: ANDROID minProtocolVersion 1 maxProtocolVersion 1 releaseVersion -1
07-18 23:30:26.105 29612 29614 D dalvikvm: GC_CONCURRENT freed 360K, 5% free 9265K/9735K, paused 3ms+2ms
07-18 23:30:26.366 29612 29614 D dalvikvm: GC_CONCURRENT freed 156K, 3% free 9620K/9863K, paused 3ms+3ms
07-18 23:30:26.577 29612 29614 D dalvikvm: GC_CONCURRENT freed 669K, 8% free 9431K/10183K, paused 2ms+2ms
07-18 23:30:32.991   435   435 D dalvikvm: GC_EXPLICIT freed <1K, 4% free 9033K/9347K, paused 18ms+2ms
07-18 23:30:35.874 29612 29612 D NetworkLocationService: onCreate com.google.android.location.NetworkLocationService@413f4f60
07-18 23:30:35.906 29612 29612 D NetworkLocationClient: ANDROID minProtocolVersion 1 maxProtocolVersion 1 releaseVersion -1
07-18 23:30:35.906 29612 29612 D NetworkLocationClient: binding to Intent { act=com.google.android.location.internal.ANDROID_NLP }
07-18 23:30:35.906 29612 29612 D NetworkLocationService: onBind com.google.android.location.NetworkLocationProvidercom.google.android.location.NetworkLocationService@413f4f60
07-18 23:30:35.909 29612 29612 D NetworkLocationService: onBind com.google.android.location.GeocodeProvidercom.google.android.location.NetworkLocationService@413f4f60
07-18 23:30:35.917 29612 29612 D NetworkLocationClient: onServiceConnected to ComponentInfo{com.google.android.location/com.google.android.location.internal.server.NetworkLocationService}
07-18 23:30:35.917 29612 29649 D androidNetworkLocationListeners: Still have listener com.google.android.location.internal.client.NetworkLocationClient$1@4134b880
07-18 23:30:35.925 29612 29649 D androidNetworkLocationListeners: Still have listener com.google.android.location.internal.client.NetworkLocationClient$1@4134b880
07-18 23:30:35.956 29612 29614 D dalvikvm: GC_CONCURRENT freed 343K, 7% free 9524K/10183K, paused 6ms+2ms
07-18 23:30:35.968 29612 29649 D androidNetworkLocationListeners: Still have listener com.google.android.location.internal.client.NetworkLocationClient$1@4134b880
07-18 23:30:37.292   144   388 D CountryDetector: No listener is left
07-18 23:30:37.296   144   332 I ActivityManager: Start proc com.google.android.apps.maps:LocationFriendService for service com.google.android.apps.maps/com.google.googlenav.friend.reporting.LocationReceiverService: pid=29650 uid=10056 gids={3003, 1015}
07-18 23:30:37.304   144   390 I ActivityManager: Process android.process.acore (pid 29579) has died.
07-18 23:30:37.468 29650 29653 D dalvikvm: GC_CONCURRENT freed 173K, 3% free 9358K/9607K, paused 2ms+3ms
07-18 23:30:37.909 29650 29653 D dalvikvm: GC_CONCURRENT freed 132K, 3% free 9664K/9927K, paused 11ms+1ms
07-18 23:30:42.398   359   359 D dalvikvm: GC_EXPLICIT freed <1K, 6% free 9096K/9607K, paused 22ms+2ms
07-18 23:30:43.304   346   346 D SAN_SERVICE: *******************************************
07-18 23:30:43.304   346   346 D SAN_SERVICE: DM App Phone Service State - 0
07-18 23:30:43.308   346   346 D SAN_SERVICE: *******************************************
07-18 23:30:43.546   346   346 D SAN_SERVICE: *******************************************
07-18 23:30:43.546   346   346 D SAN_SERVICE: DM App Phone Service State - 0
07-18 23:30:43.546   346   346 D SAN_SERVICE: *******************************************
07-18 23:30:46.085 29612 29614 D dalvikvm: GC_CONCURRENT freed 433K, 6% free 9603K/10183K, paused 4ms+2ms
07-18 23:30:46.206   144   161 I ActivityManager: Start proc com.google.android.talk for broadcast com.google.android.talk/.McsConnectionStartedReceiver: pid=29669 uid=10045 gids={3003, 1015, 1006, 3002}
07-18 23:30:46.323   144   156 I ActivityManager: Process com.google.android.apps.maps:LocationFriendService (pid 29650) has died.
07-18 23:30:46.335 29669 29669 I ActivityThread: Pub com.google.android.talk.SuggestionProvider: com.google.android.talk.SuggestionsProvider
07-18 23:30:46.406 29612 29614 D dalvikvm: GC_CONCURRENT freed 490K, 7% free 9620K/10247K, paused 4ms+4ms
07-18 23:30:46.573   144 12390 D dalvikvm: GC_EXPLICIT freed 902K, 24% free 18406K/24199K, paused 10ms+9ms
07-18 23:30:46.597 29669 29669 D vclib:CallStateClient: startListening
07-18 23:30:46.656 29669 29688 I talk    : onMcsConnectionStarted
07-18 23:30:46.671 29669 29672 D dalvikvm: GC_CONCURRENT freed 138K, 3% free 9358K/9607K, paused 4ms+2ms
07-18 23:30:46.730 29612 29668 I GTalkService/c: [AndroidEndpoint@1093756248] connect: acct=1000000, state=CONNECTING
07-18 23:30:48.226   144   310 I ActivityManager: Start proc android.process.media for content provider com.android.providers.media/.MediaProvider: pid=29695 uid=10012 gids={1015, 1023, 1024, 2001, 3003, 3007}
07-18 23:30:48.273    79    79 D dalvikvm: GC_EXPLICIT freed 38K, 4% free 9027K/9347K, paused 13ms+2ms
07-18 23:30:48.296    79    79 D dalvikvm: GC_EXPLICIT freed <1K, 4% free 9027K/9347K, paused 1ms+2ms
07-18 23:30:48.320    79    79 D dalvikvm: GC_EXPLICIT freed <1K, 4% free 9027K/9347K, paused 2ms+2ms
07-18 23:30:48.323   144  6618 I ActivityManager: Process com.google.android.talk (pid 29669) has died.
07-18 23:30:48.460 29695 29695 I ActivityThread: Pub downloads: com.android.providers.downloads.DownloadProvider
07-18 23:30:48.503 29695 29695 I ActivityThread: Pub drm: com.android.providers.drm.DrmProvider
07-18 23:30:48.503 29695 29708 I DownloadManager: in removeSpuriousFiles
07-18 23:30:48.531 29695 29695 I ActivityThread: Pub media: com.android.providers.media.MediaProvider
07-18 23:30:48.538 29695 29708 I DownloadManager: in removeSpuriousFiles, preserving file /data/data/com.android.providers.downloads/cache/metadata.json
07-18 23:30:48.538 29695 29708 I DownloadManager: in removeSpuriousFiles, preserving file /data/data/com.android.providers.downloads/cache/en_general.htm
07-18 23:30:48.538 29695 29708 I DownloadManager: in removeSpuriousFiles, preserving file /mnt/sdcard/Download/img-thing.jpeg
07-18 23:30:48.538 29695 29708 I DownloadManager: in removeSpuriousFiles, preserving file /data/data/com.android.providers.downloads/cache/metadata-1.json
07-18 23:30:48.538 29695 29708 I DownloadManager: in removeSpuriousFiles, preserving file /data/data/com.android.providers.downloads/cache/downloadfile.jpeg
07-18 23:30:48.538 29695 29708 I DownloadManager: in removeSpuriousFiles, preserving file /data/data/com.android.providers.downloads/cache/metadata-2.json
07-18 23:30:48.538 29695 29708 I DownloadManager: in removeSpuriousFiles, preserving file /data/data/com.android.providers.downloads/cache/metadata-3.json
07-18 23:30:48.538 29695 29708 I DownloadManager: in removeSpuriousFiles, preserving file /data/data/com.android.providers.downloads/cache/downloadfile-1.jpeg
07-18 23:30:48.542 29695 29708 I DownloadManager: in removeSpuriousFiles, preserving file /data/data/com.android.providers.downloads/cache/downloadfile-2.jpeg
07-18 23:30:48.542 29695 29708 I DownloadManager: in removeSpuriousFiles, preserving file /data/data/com.android.providers.downloads/cache/metadata-4.json
07-18 23:30:48.542 29695 29708 I DownloadManager: in removeSpuriousFiles, preserving file /data/data/com.android.providers.downloads/cache/metadata-5.json
07-18 23:30:48.542 29695 29708 I DownloadManager: in removeSpuriousFiles, preserving file /data/data/com.android.providers.downloads/cache/metadata-6.json
07-18 23:30:48.546 29695 29708 I DownloadManager: deleting spurious file /cache/backup
07-18 23:30:48.921 29695 29697 D dalvikvm: GC_CONCURRENT freed 329K, 5% free 9203K/9607K, paused 13ms+5ms
07-18 23:30:48.925   144   201 D ConnectivityService: handleInetConditionHoldEnd: net=1, condition=0, published condition=100
07-18 23:30:49.116 29612 29691 I GTalkService/c: [GTalkConnection@1094667392] connect: acct=1, state=CONNECTING
07-18 23:30:51.034 29612 29614 D dalvikvm: GC_CONCURRENT freed 290K, 6% free 9721K/10247K, paused 10ms+3ms
07-18 23:30:51.062   144 14192 I ActivityManager: Process android.process.media (pid 29695) has died.
07-18 23:30:52.620   144   156 I ActivityManager: Start proc android.process.acore for content provider com.android.providers.contacts/.ContactsProvider2: pid=29716 uid=10000 gids={3003, 1015}
07-18 23:30:52.687 29716 29716 I ActivityThread: Pub call_log: com.android.providers.contacts.CallLogProvider
07-18 23:30:52.722 29716 29716 I ActivityThread: Pub com.android.voicemail: com.android.providers.contacts.VoicemailContentProvider
07-18 23:30:52.726 29716 29716 I ActivityThread: Pub user_dictionary: com.android.providers.userdictionary.UserDictionaryProvider
07-18 23:30:52.738 29716 29716 I ActivityThread: Pub com.android.social: com.android.providers.contacts.SocialProvider
07-18 23:30:52.738 29716 29716 I ActivityThread: Pub applications: com.android.providers.applications.ApplicationsProvider
07-18 23:30:52.792 29716 29716 I ActivityThread: Pub contacts;com.android.contacts: com.android.providers.contacts.ContactsProvider2
07-18 23:30:52.878 29716 29719 D dalvikvm: GC_CONCURRENT freed 347K, 5% free 9185K/9607K, paused 3ms+5ms
07-18 23:30:53.003   144   201 D ConnectivityService: handleInetConditionHoldEnd: net=1, condition=100, published condition=0
07-18 23:30:53.281 29716 29719 D dalvikvm: GC_CONCURRENT freed 229K, 4% free 9368K/9735K, paused 2ms+3ms
07-18 23:30:54.284 29716 29719 D dalvikvm: GC_CONCURRENT freed 145K, 3% free 9651K/9927K, paused 10ms+2ms
07-18 23:30:54.636   144   390 I ActivityManager: Process android.process.acore (pid 29716) has died.
07-18 23:30:54.730   144 13425 I ActivityManager: Start proc android.process.acore for content provider com.android.providers.contacts/.ContactsProvider2: pid=29732 uid=10000 gids={3003, 1015}
07-18 23:30:54.769 29732 29732 I ActivityThread: Pub call_log: com.android.providers.contacts.CallLogProvider
07-18 23:30:54.773 29732 29732 I ActivityThread: Pub com.android.voicemail: com.android.providers.contacts.VoicemailContentProvider
07-18 23:30:54.777 29732 29732 I ActivityThread: Pub user_dictionary: com.android.providers.userdictionary.UserDictionaryProvider
07-18 23:30:54.781 29732 29732 I ActivityThread: Pub com.android.social: com.android.providers.contacts.SocialProvider
07-18 23:30:54.784 29732 29732 I ActivityThread: Pub applications: com.android.providers.applications.ApplicationsProvider
07-18 23:30:54.839 29732 29732 I ActivityThread: Pub contacts;com.android.contacts: com.android.providers.contacts.ContactsProvider2
07-18 23:30:54.866 29732 29734 D dalvikvm: GC_CONCURRENT freed 348K, 5% free 9174K/9607K, paused 1ms+2ms
07-18 23:30:55.034 29732 29734 D dalvikvm: GC_CONCURRENT freed 230K, 4% free 9368K/9735K, paused 2ms+2ms
07-18 23:30:55.441   144   161 I ActivityManager: Start proc com.google.android.talk for broadcast com.google.android.talk/.ConnectionStateOnlineReceiver: pid=29748 uid=10045 gids={3003, 1015, 1006, 3002}
07-18 23:30:55.488   144 12390 I ActivityManager: Process android.process.acore (pid 29732) has died.
07-18 23:30:55.562 29748 29748 I ActivityThread: Pub com.google.android.talk.SuggestionProvider: com.google.android.talk.SuggestionsProvider
07-18 23:30:55.562   144   144 I ActivityManager: Start proc android.process.acore for content provider com.android.providers.contacts/.ContactsProvider2: pid=29761 uid=10000 gids={3003, 1015}
07-18 23:30:55.613 29761 29761 I ActivityThread: Pub call_log: com.android.providers.contacts.CallLogProvider
07-18 23:30:55.624 29761 29761 I ActivityThread: Pub com.android.voicemail: com.android.providers.contacts.VoicemailContentProvider
07-18 23:30:55.624 29761 29761 I ActivityThread: Pub user_dictionary: com.android.providers.userdictionary.UserDictionaryProvider
07-18 23:30:55.632 29761 29761 I ActivityThread: Pub com.android.social: com.android.providers.contacts.SocialProvider
07-18 23:30:55.636 29761 29761 I ActivityThread: Pub applications: com.android.providers.applications.ApplicationsProvider
07-18 23:30:55.659 29748 29748 D vclib:CallStateClient: startListening
07-18 23:30:55.749 29761 29761 I ActivityThread: Pub contacts;com.android.contacts: com.android.providers.contacts.ContactsProvider2
07-18 23:30:55.761 29748 29751 D dalvikvm: GC_CONCURRENT freed 166K, 3% free 9366K/9607K, paused 8ms+8ms
07-18 23:30:55.788 29761 29763 D dalvikvm: GC_CONCURRENT freed 345K, 5% free 9187K/9607K, paused 2ms+2ms
07-18 23:30:55.843   144   161 I ActivityManager: Start proc com.google.android.apps.maps:NetworkLocationService for service com.google.android.apps.maps/com.google.android.location.internal.server.NetworkLocationService: pid=29782 uid=10056 gids={3003, 1015}
07-18 23:30:55.898   144  6618 I ActivityManager: Process com.google.android.talk (pid 29748) has died.
07-18 23:30:56.007 29782 29785 D dalvikvm: GC_CONCURRENT freed 163K, 3% free 9368K/9607K, paused 2ms+2ms
07-18 23:30:56.456   144   161 I ActivityManager: Start proc com.google.android.talk for broadcast com.google.android.talk/.videochat.XmppReceiver: pid=29797 uid=10045 gids={3003, 1015, 1006, 3002}
07-18 23:30:56.515 29612 29614 D dalvikvm: GC_CONCURRENT freed 306K, 5% free 9818K/10247K, paused 12ms+38ms
07-18 23:30:56.573   144 14994 I ActivityManager: Process com.apksoftware.compass (pid 29044) has died.
07-18 23:30:56.573   144 14994 W ActivityManager: Scheduling restart of crashed service com.apksoftware.compass/com.catchnotes.buy.CatchBuyService in 5000ms
07-18 23:30:56.667 29782 29785 D dalvikvm: GC_CONCURRENT freed 156K, 3% free 9675K/9927K, paused 2ms+3ms
07-18 23:30:56.702 29797 29797 I ActivityThread: Pub com.google.android.talk.SuggestionProvider: com.google.android.talk.SuggestionsProvider
07-18 23:30:56.753 29761 29763 D dalvikvm: GC_CONCURRENT freed 232K, 4% free 9364K/9735K, paused 22ms+5ms
07-18 23:30:56.757 29797 29797 D vclib:CallStateClient: startListening
07-18 23:30:56.866 29797 29799 D dalvikvm: GC_CONCURRENT freed 162K, 3% free 9369K/9607K, paused 10ms+3ms
07-18 23:30:56.878   144   310 I ActivityManager: Process edu.buffalo.cse.phonelab.phonelabservices (pid 28283) has died.
07-18 23:30:56.878   144   310 W ActivityManager: Scheduling restart of crashed service edu.buffalo.cse.phonelab.phonelabservices/edu.buffalo.cse.phonelab.datalogger.LoggerService in 14695ms
07-18 23:30:57.230   144 14192 I ActivityManager: Start proc android.process.media for content provider com.android.providers.media/.MediaProvider: pid=29826 uid=10012 gids={1015, 1023, 1024, 2001, 3003, 3007}
07-18 23:30:57.257 29826 29826 I ActivityThread: Pub downloads: com.android.providers.downloads.DownloadProvider
07-18 23:30:57.269   144 13425 I ActivityManager: Process com.google.android.talk (pid 29797) has died.
07-18 23:30:57.284 29826 29826 I ActivityThread: Pub drm: com.android.providers.drm.DrmProvider
07-18 23:30:57.288 29826 29839 I DownloadManager: in removeSpuriousFiles
07-18 23:30:57.292 29826 29826 I ActivityThread: Pub media: com.android.providers.media.MediaProvider
07-18 23:30:57.351 29826 29839 I DownloadManager: in removeSpuriousFiles, preserving file /data/data/com.android.providers.downloads/cache/metadata.json
07-18 23:30:57.351 29826 29839 I DownloadManager: in removeSpuriousFiles, preserving file /data/data/com.android.providers.downloads/cache/en_general.htm
07-18 23:30:57.351 29826 29839 I DownloadManager: in removeSpuriousFiles, preserving file /mnt/sdcard/Download/img-thing.jpeg
07-18 23:30:57.351 29826 29839 I DownloadManager: in removeSpuriousFiles, preserving file /data/data/com.android.providers.downloads/cache/metadata-1.json
07-18 23:30:57.351 29826 29839 I DownloadManager: in removeSpuriousFiles, preserving file /data/data/com.android.providers.downloads/cache/downloadfile.jpeg
07-18 23:30:57.351 29826 29839 I DownloadManager: in removeSpuriousFiles, preserving file /data/data/com.android.providers.downloads/cache/metadata-2.json
07-18 23:30:57.351 29826 29839 I DownloadManager: in removeSpuriousFiles, preserving file /data/data/com.android.providers.downloads/cache/metadata-3.json
07-18 23:30:57.351 29826 29839 I DownloadManager: in removeSpuriousFiles, preserving file /data/data/com.android.providers.downloads/cache/downloadfile-1.jpeg
07-18 23:30:57.351 29826 29839 I DownloadManager: in removeSpuriousFiles, preserving file /data/data/com.android.providers.downloads/cache/downloadfile-2.jpeg
07-18 23:30:57.351 29826 29839 I DownloadManager: in removeSpuriousFiles, preserving file /data/data/com.android.providers.downloads/cache/metadata-4.json
07-18 23:30:57.351 29826 29839 I DownloadManager: in removeSpuriousFiles, preserving file /data/data/com.android.providers.downloads/cache/metadata-5.json
07-18 23:30:57.351 29826 29839 I DownloadManager: in removeSpuriousFiles, preserving file /data/data/com.android.providers.downloads/cache/metadata-6.json
07-18 23:30:57.351 29826 29839 I DownloadManager: deleting spurious file /cache/backup
07-18 23:30:57.546 29826 29829 D dalvikvm: GC_CONCURRENT freed 364K, 5% free 9167K/9607K, paused 2ms+3ms
07-18 23:30:57.573 29782 29785 D dalvikvm: GC_CONCURRENT freed 177K, 3% free 10058K/10311K, paused 2ms+5ms
07-18 23:30:57.835 29782 29785 D dalvikvm: GC_CONCURRENT freed 661K, 8% free 9886K/10631K, paused 2ms+2ms
07-18 23:30:57.894   144   310 I ActivityManager: Process com.xabber.androiddev (pid 29506) has died.
07-18 23:30:57.894   144   310 W ActivityManager: Scheduling restart of crashed service com.xabber.androiddev/com.xabber.android.service.XMPPService in 23681ms
07-18 23:30:58.437   144   161 I ActivityManager: Start proc com.google.android.apps.maps:FriendService for broadcast com.google.android.apps.maps/com.google.googlenav.friend.android.ServiceReceiver: pid=29844 uid=10056 gids={3003, 1015}
07-18 23:30:58.445   144  1168 I ActivityManager: Process android.process.media (pid 29826) has died.
07-18 23:30:58.640   346   346 D SAN_SERVICE: *******************************************
07-18 23:30:58.640   346   346 D SAN_SERVICE: DM App Phone Service State - 0
07-18 23:30:58.640   346   346 D SAN_SERVICE: *******************************************
07-18 23:30:58.659 29844 29846 D dalvikvm: GC_CONCURRENT freed 171K, 3% free 9361K/9607K, paused 12ms+2ms
07-18 23:30:58.878 29844 29846 D dalvikvm: GC_CONCURRENT freed 239K, 4% free 9671K/9991K, paused 3ms+2ms
07-18 23:30:58.991   144   155 I ActivityManager: Start proc com.google.android.apps.maps:LocationFriendService for broadcast com.google.android.apps.maps/com.google.googlenav.friend.reporting.LocationReportingIntentReceiver: pid=29857 uid=10056 gids={3003, 1015}
07-18 23:30:59.105 29857 29859 D dalvikvm: GC_CONCURRENT freed 173K, 3% free 9358K/9607K, paused 2ms+3ms
07-18 23:30:59.179 29782 29790 I dalvikvm: Total arena pages for JIT: 11
07-18 23:30:59.183 29782 29790 I dalvikvm: Total arena pages for JIT: 12
07-18 23:30:59.187 29782 29790 I dalvikvm: Total arena pages for JIT: 13
07-18 23:30:59.187 29782 29790 I dalvikvm: Total arena pages for JIT: 14
07-18 23:30:59.187 29782 29790 I dalvikvm: Total arena pages for JIT: 15
07-18 23:30:59.191 29782 29790 I dalvikvm: Total arena pages for JIT: 16
07-18 23:30:59.191 29782 29790 I dalvikvm: Total arena pages for JIT: 17
07-18 23:30:59.238   144   310 I ActivityManager: Process com.google.android.apps.maps:FriendService (pid 29844) has died.
07-18 23:30:59.339 29857 29859 D dalvikvm: GC_CONCURRENT freed 219K, 4% free 9685K/9991K, paused 2ms+2ms
07-18 23:30:59.409   346   346 D SAN_SERVICE: *******************************************
07-18 23:30:59.409   346   346 D SAN_SERVICE: DM App Phone Service State - 0
07-18 23:30:59.409   346   346 D SAN_SERVICE: *******************************************
07-18 23:30:59.445 29612 29623 D dalvikvm: GC_EXPLICIT freed 72K, 5% free 9797K/10247K, paused 3ms+3ms
07-18 23:30:59.667   144   144 D dalvikvm: GC_EXPLICIT freed 697K, 24% free 18400K/24199K, paused 14ms+10ms
07-18 23:30:59.753 29857 29859 D dalvikvm: GC_CONCURRENT freed 333K, 4% free 9900K/10311K, paused 1ms+2ms
07-18 23:30:59.777 29782 29785 D dalvikvm: GC_CONCURRENT freed 204K, 5% free 10166K/10631K, paused 2ms+54ms
07-18 23:30:59.870 29782 29790 I dalvikvm: Total arena pages for JIT: 18
07-18 23:31:00.210 29761 29763 D dalvikvm: GC_CONCURRENT freed 180K, 4% free 9610K/9927K, paused 174ms+2ms
07-18 23:31:00.413 29782 29785 D dalvikvm: GC_CONCURRENT freed 380K, 5% free 10207K/10695K, paused 2ms+14ms
07-18 23:31:01.609   144   161 I ActivityManager: Start proc com.apksoftware.compass for service com.apksoftware.compass/com.catchnotes.buy.CatchBuyService: pid=29879 uid=10091 gids={3003}
07-18 23:31:01.624 29879 29879 I dalvikvm: Turning on JNI app bug workarounds for target SDK version 8...
07-18 23:31:01.886 29879 29879 I BugSenseHandler: Registering default exceptions handler
07-18 23:31:01.886 29879 29879 D BugSenseHandler: Looking for exceptions in: /data/data/com.apksoftware.compass/files
07-18 23:31:01.945 29879 29879 D BugSenseHandler: Found 0 stacktrace(s)
07-18 23:31:01.991 29879 29879 W CatchBuyService: handleCommand received null intent
07-18 23:31:02.390 29857 29859 D dalvikvm: GC_CONCURRENT freed 428K, 5% free 9982K/10503K, paused 133ms+3ms
07-18 23:31:02.437 29612 29614 D dalvikvm: GC_CONCURRENT freed 330K, 5% free 9906K/10375K, paused 6ms+5ms
07-18 23:31:03.753 29761 29763 D dalvikvm: GC_CONCURRENT freed 308K, 5% free 9743K/10183K, paused 6ms+7ms
07-18 23:31:04.460 29761 29763 D dalvikvm: GC_CONCURRENT freed 566K, 7% free 9609K/10311K, paused 1ms+3ms
07-18 23:31:07.620 29612 29612 D dalvikvm: GC_EXPLICIT freed 249K, 6% free 9830K/10375K, paused 2ms+4ms
07-18 23:31:10.507   144   199 D DhcpInfoInternal: makeLinkProperties with empty dns2!
07-18 23:31:10.515   144   199 D DhcpInfoInternal: makeLinkProperties with empty dns2!
07-18 23:31:11.648   144   161 I ActivityManager: Start proc edu.buffalo.cse.phonelab.phonelabservices for service edu.buffalo.cse.phonelab.phonelabservices/edu.buffalo.cse.phonelab.datalogger.LoggerService: pid=29920 uid=10037 gids={3003, 1015, 1007, 2001}
07-18 23:31:11.698    79    79 D dalvikvm: GC_EXPLICIT freed 38K, 4% free 9027K/9347K, paused 2ms+3ms
07-18 23:31:11.745    79    79 D dalvikvm: GC_EXPLICIT freed <1K, 4% free 9027K/9347K, paused 1ms+7ms
07-18 23:31:11.784    79    79 D dalvikvm: GC_EXPLICIT freed <1K, 4% free 9027K/9347K, paused 1ms+3ms
07-18 23:31:11.812 29920 29920 I PhoneLab-LoggerService: Start Logger Service
07-18 23:31:11.847 29920 29933 I PhoneLab-: Service Running
07-18 23:31:11.941 29920 29933 I PhoneLab-LoggerService: app_37    1395  1     1432   980   c00f181c 400107b4 S logcat
07-18 23:31:11.941 29920 29933 I PhoneLab-LoggerService: Logcat pid from database 1395
07-18 23:31:11.941 29920 29933 I PhoneLab-LoggerService: Logcat process found 1395
07-18 23:31:11.941 29920 29933 I PhoneLab-LoggerService: Checking Threshold
07-18 23:31:12.695   144 14994 I ActivityManager: Process android.process.acore (pid 29761) has died.
07-18 23:31:13.124 29545 29547 D dalvikvm: GC_CONCURRENT freed 440K, 5% free 10780K/11335K, paused 56ms+3ms
07-18 23:31:17.753 28956 28956 W ThumbnailCache: Low Memory: Freed 0 textures from compression queue, 0 from write queue, 0 from the pinned list, 0 from the cache.
07-18 23:31:17.831 28956 28956 D dalvikvm: GC_EXPLICIT freed 1K, 20% free 11597K/14471K, paused 29ms+3ms
07-18 23:31:21.648 29938 29938 D dalvikvm: Late-enabling CheckJNI
07-18 23:31:21.648   144   161 I ActivityManager: Start proc com.xabber.androiddev for service com.xabber.androiddev/com.xabber.android.service.XMPPService: pid=29938 uid=10063 gids={3003, 1015}
07-18 23:31:21.675 29938 29938 I dalvikvm: Turning on JNI app bug workarounds for target SDK version 9...
07-18 23:31:22.015 29938 29940 D dalvikvm: GC_CONCURRENT freed 202K, 3% free 9330K/9607K, paused 10ms+2ms
07-18 23:31:22.058 29938 29938 D dalvikvm: GC_FOR_ALLOC freed 306K, 5% free 9455K/9927K, paused 14ms
07-18 23:31:22.159 29938 29940 D dalvikvm: GC_CONCURRENT freed 191K, 3% free 9789K/10055K, paused 2ms+5ms
07-18 23:31:22.343 29938 29940 D dalvikvm: GC_CONCURRENT freed 288K, 4% free 10076K/10439K, paused 2ms+3ms
07-18 23:31:22.527 29938 29938 I com.xabber.android.service.XMPPService@4140f2d8: onCreate
07-18 23:31:22.527 29938 29938 I com.xabber.android.data.Application@4134f838: onStart
07-18 23:31:22.546 29938 29952 I com.xabber.android.data.LogManager@413567e8: onLoad
07-18 23:31:22.675 29938 29940 D dalvikvm: GC_CONCURRENT freed 302K, 5% free 10191K/10631K, paused 4ms+5ms
07-18 23:31:22.734 28974 28974 D dalvikvm: GC_EXPLICIT freed <1K, 3% free 9237K/9479K, paused 8ms+2ms
07-18 23:31:22.863   144   156 I ActivityManager: Start proc android.process.acore for content provider com.android.providers.contacts/.ContactsProvider2: pid=29954 uid=10000 gids={3003, 1015}
07-18 23:31:22.890 29954 29954 I ActivityThread: Pub call_log: com.android.providers.contacts.CallLogProvider
07-18 23:31:22.921 29954 29954 I ActivityThread: Pub com.android.voicemail: com.android.providers.contacts.VoicemailContentProvider
07-18 23:31:22.921 29954 29954 I ActivityThread: Pub user_dictionary: com.android.providers.userdictionary.UserDictionaryProvider
07-18 23:31:22.933 29954 29954 I ActivityThread: Pub com.android.social: com.android.providers.contacts.SocialProvider
07-18 23:31:22.933 29954 29954 I ActivityThread: Pub applications: com.android.providers.applications.ApplicationsProvider
07-18 23:31:23.027 29954 29956 D dalvikvm: GC_CONCURRENT freed 329K, 5% free 9136K/9543K, paused 2ms+6ms
07-18 23:31:23.031 29954 29954 I ActivityThread: Pub contacts;com.android.contacts: com.android.providers.contacts.ContactsProvider2
07-18 23:31:23.070   144  6618 I ActivityManager: Process com.google.android.apps.maps:LocationFriendService (pid 29857) has died.
07-18 23:31:23.308 29954 29956 D dalvikvm: GC_CONCURRENT freed 189K, 4% free 9346K/9671K, paused 2ms+2ms
07-18 23:31:24.152 29954 29956 D dalvikvm: GC_CONCURRENT freed 173K, 4% free 9628K/9927K, paused 10ms+3ms
07-18 23:31:24.261 29938 29940 D dalvikvm: GC_CONCURRENT freed 213K, 4% free 10409K/10759K, paused 2ms+2ms
07-18 23:31:26.827 29938 29940 D dalvikvm: GC_CONCURRENT freed 270K, 4% free 10554K/10951K, paused 5ms+64ms
07-18 23:31:27.265 29938 29940 D dalvikvm: GC_CONCURRENT freed 327K, 5% free 10614K/11079K, paused 1ms+3ms
07-18 23:31:29.726 29139 29139 D dalvikvm: GC_EXPLICIT freed 1K, 4% free 9237K/9543K, paused 5ms+3ms
07-18 23:31:30.878 29938 29940 D dalvikvm: GC_CONCURRENT freed 366K, 5% free 10704K/11207K, paused 10ms+2ms
07-18 23:31:34.929   144   160 D dalvikvm: GC_EXPLICIT freed 398K, 24% free 18399K/24199K, paused 68ms+8ms
07-18 23:31:39.831   346   346 D dalvikvm: GC_EXPLICIT freed 110K, 10% free 11927K/13191K, paused 40ms+4ms
07-18 23:31:42.441   144   161 I ActivityManager: Start proc com.google.android.apps.maps for service com.google.android.apps.maps/com.google.googlenav.prefetch.android.PrefetcherService: pid=29980 uid=10056 gids={3003, 1015}
07-18 23:31:42.624   144   144 I ActivityManager: Process android.process.acore (pid 29954) has died.
07-18 23:31:42.667 29980 29982 D dalvikvm: GC_CONCURRENT freed 154K, 3% free 9377K/9607K, paused 11ms+2ms
07-18 23:31:42.761 29980 29980 I ActivityThread: Pub com.google.android.maps.SearchHistoryProvider: com.google.googlenav.provider.SearchHistoryProvider
07-18 23:31:42.808 29980 29980 I ActivityThread: Pub com.google.android.maps.SuggestionProvider: com.google.googlenav.suggest.android.SuggestContentProvider
07-18 23:31:42.952 29980 29980 I ActivityThread: Pub com.google.android.maps.LayerInfoProvider: com.google.googlenav.layer.LayerInfoProvider
07-18 23:31:43.019 29980 29980 I ActivityThread: Pub com.google.android.maps.TrafficAppWidgetProvider: com.google.googlenav.appwidget.traffic.TrafficAppWidgetProvider
07-18 23:31:43.031 29980 29980 I ActivityThread: Pub com.google.android.maps.LocalActivePlacesProvider: com.google.googlenav.provider.LocalActivePlacesProvider
07-18 23:31:43.034 29980 29980 I ActivityThread: Pub com.google.android.maps.StarredItemProvider: com.google.googlenav.provider.StarredItemProvider
07-18 23:31:43.245 29980 29982 D dalvikvm: GC_CONCURRENT freed 160K, 3% free 9670K/9927K, paused 6ms+2ms
07-18 23:31:43.452   144   317 D dalvikvm: GC_EXPLICIT freed 69K, 25% free 18351K/24199K, paused 4ms+8ms
07-18 23:31:43.542 29980 29982 D dalvikvm: GC_CONCURRENT freed 259K, 4% free 9904K/10247K, paused 2ms+16ms
07-18 23:31:43.573 29980 29980 I ActivityThread: Pub com.google.android.maps.LocalSuggestionProvider: com.google.googlenav.provider.LocalSuggestionProvider
07-18 23:31:43.573 29980 29980 I ActivityThread: Pub com.google.android.maps.NavigationAvailabilityProvider: com.google.googlenav.provider.NavigationAvailabilityProvider
07-18 23:31:43.683 29980 29996 D dalvikvm: GC_FOR_ALLOC freed 135K, 4% free 10155K/10503K, paused 23ms
07-18 23:31:43.812 29980 29982 D dalvikvm: GC_CONCURRENT freed 155K, 3% free 10500K/10759K, paused 9ms+3ms
07-18 23:31:43.835 29980 30006 D dalvikvm: GC_FOR_ALLOC freed 28K, 4% free 10671K/11015K, paused 23ms
07-18 23:31:48.991   359   359 D dalvikvm: GC_EXPLICIT freed <1K, 6% free 9096K/9607K, paused 22ms+3ms
07-18 23:31:54.011 28956 28956 W ThumbnailCache: Low Memory: Freed 0 textures from compression queue, 0 from write queue, 0 from the pinned list, 0 from the cache.
07-18 23:31:54.089 28956 28956 D dalvikvm: GC_EXPLICIT freed 1K, 20% free 11597K/14471K, paused 30ms+3ms
07-18 23:32:00.288   346   346 D SAN_SERVICE: *******************************************
07-18 23:32:00.288   346   346 D SAN_SERVICE: DM App Phone Service State - 0
07-18 23:32:00.288   346   346 D SAN_SERVICE: *******************************************
07-18 23:32:00.355   346   346 D SAN_SERVICE: *******************************************
07-18 23:32:00.355   346   346 D SAN_SERVICE: DM App Phone Service State - 0
07-18 23:32:00.355   346   346 D SAN_SERVICE: *******************************************
07-18 23:32:01.890 29782 29785 D dalvikvm: GC_CONCURRENT freed 516K, 6% free 10229K/10823K, paused 2ms+2ms
07-18 23:32:01.925   144 13425 I ActivityManager: Start proc com.google.android.apps.maps:LocationFriendService for service com.google.android.apps.maps/com.google.googlenav.friend.reporting.LocationReceiverService: pid=30013 uid=10056 gids={3003, 1015}
07-18 23:32:02.234 30013 30016 D dalvikvm: GC_CONCURRENT freed 161K, 3% free 9371K/9607K, paused 9ms+2ms
07-18 23:32:02.484 30013 30016 D dalvikvm: GC_CONCURRENT freed 156K, 3% free 9670K/9927K, paused 19ms+2ms
07-18 23:32:02.796 30013 30016 D dalvikvm: GC_CONCURRENT freed 288K, 4% free 9846K/10247K, paused 3ms+2ms
07-18 23:32:02.882 30013 30020 I dalvikvm: Total arena pages for JIT: 11
07-18 23:32:02.886 30013 30020 I dalvikvm: Total arena pages for JIT: 12
07-18 23:32:02.886 30013 30020 I dalvikvm: Total arena pages for JIT: 13
07-18 23:32:02.886 30013 30020 I dalvikvm: Total arena pages for JIT: 14
07-18 23:32:02.886 30013 30020 I dalvikvm: Total arena pages for JIT: 15
07-18 23:32:02.886 30013 30020 I dalvikvm: Total arena pages for JIT: 16
07-18 23:32:02.890 30013 30020 I dalvikvm: Total arena pages for JIT: 17
07-18 23:32:03.058 30013 30016 D dalvikvm: GC_CONCURRENT freed 335K, 5% free 9979K/10439K, paused 27ms+2ms
07-18 23:32:03.281   144 14192 I ActivityManager: Process com.google.android.apps.maps:LocationFriendService (pid 30013) has died.
07-18 23:32:08.460 29612 29612 D dalvikvm: GC_EXPLICIT freed 65K, 6% free 9801K/10375K, paused 34ms+3ms
07-18 23:32:12.710   144  1167 I ActivityManager: Start proc android.process.acore for content provider com.android.providers.contacts/.ContactsProvider2: pid=30037 uid=10000 gids={3003, 1015}
07-18 23:32:12.745 30037 30037 I ActivityThread: Pub call_log: com.android.providers.contacts.CallLogProvider
07-18 23:32:12.781   144   388 I ActivityManager: Process com.xabber.androiddev (pid 29938) has died.
07-18 23:32:12.781   144   388 W ActivityManager: Scheduling restart of crashed service com.xabber.androiddev/com.xabber.android.service.XMPPService in 94724ms
07-18 23:32:12.831 30037 30037 I ActivityThread: Pub com.android.voicemail: com.android.providers.contacts.VoicemailContentProvider
07-18 23:32:12.835 30037 30037 I ActivityThread: Pub user_dictionary: com.android.providers.userdictionary.UserDictionaryProvider
07-18 23:32:12.906 30037 30037 I ActivityThread: Pub com.android.social: com.android.providers.contacts.SocialProvider
07-18 23:32:12.909 30037 30037 I ActivityThread: Pub applications: com.android.providers.applications.ApplicationsProvider
07-18 23:32:13.175 30037 30039 D dalvikvm: GC_CONCURRENT freed 328K, 5% free 9146K/9607K, paused 80ms+4ms
07-18 23:32:13.202 30037 30037 I ActivityThread: Pub contacts;com.android.contacts: com.android.providers.contacts.ContactsProvider2
07-18 23:32:13.507 30037 30039 D dalvikvm: GC_CONCURRENT freed 195K, 4% free 9342K/9671K, paused 2ms+2ms
07-18 23:32:14.386 30037 30039 D dalvikvm: GC_CONCURRENT freed 211K, 4% free 9587K/9927K, paused 9ms+2ms
07-18 23:32:17.929 28974 28974 D dalvikvm: GC_EXPLICIT freed <1K, 3% free 9237K/9479K, paused 30ms+2ms
07-18 23:32:22.394   346   346 D SAN_SERVICE: *******************************************
07-18 23:32:22.394   346   346 D SAN_SERVICE: DM App Phone Service State - 0
07-18 23:32:22.394   346   346 D SAN_SERVICE: *******************************************
07-18 23:32:22.546   346   346 D SAN_SERVICE: *******************************************
07-18 23:32:22.546   346   346 D SAN_SERVICE: DM App Phone Service State - 0
07-18 23:32:22.546   346   346 D SAN_SERVICE: *******************************************
07-18 23:32:27.089 29612 30057 I EventLogService: Aggregate from 1342666946692 (log), 1342666946692 (data)
07-18 23:32:27.488   144   390 I ActivityManager: Process android.process.acore (pid 30037) has died.
07-18 23:32:31.515   275   275 I wpa_supplicant: wlan0: WPA: Group rekeying completed with 94:44:52:17:be:7d [GTK=CCMP]
07-18 23:32:32.718 29139 29139 D dalvikvm: GC_EXPLICIT freed <1K, 4% free 9237K/9543K, paused 22ms+2ms
07-18 23:32:37.913   144   160 D dalvikvm: GC_EXPLICIT freed 335K, 25% free 18375K/24199K, paused 50ms+8ms
07-18 23:32:42.808   346   346 D dalvikvm: GC_EXPLICIT freed 65K, 10% free 11927K/13191K, paused 40ms+4ms
07-18 23:32:47.757   435   435 D dalvikvm: GC_EXPLICIT freed <1K, 4% free 9033K/9347K, paused 19ms+2ms
07-18 23:32:52.843   321   321 D dalvikvm: GC_EXPLICIT freed 10K, 17% free 11006K/13191K, paused 24ms+3ms
07-18 23:32:57.761 13970 13970 D dalvikvm: GC_EXPLICIT freed 290K, 6% free 9790K/10375K, paused 22ms+3ms
07-18 23:33:01.968   144  1167 I ActivityManager: Start proc com.google.android.apps.maps:LocationFriendService for service com.google.android.apps.maps/com.google.googlenav.friend.reporting.LocationReceiverService: pid=30060 uid=10056 gids={3003, 1015}
07-18 23:33:02.218 30060 30063 D dalvikvm: GC_CONCURRENT freed 165K, 3% free 9366K/9607K, paused 7ms+2ms
07-18 23:33:02.468 30060 30063 D dalvikvm: GC_CONCURRENT freed 157K, 3% free 9658K/9927K, paused 14ms+3ms
07-18 23:33:02.870 30060 30063 D dalvikvm: GC_CONCURRENT freed 277K, 4% free 9845K/10247K, paused 1ms+8ms
07-18 23:33:03.034 30060 30067 I dalvikvm: Total arena pages for JIT: 11
07-18 23:33:03.034 30060 30067 I dalvikvm: Total arena pages for JIT: 12
07-18 23:33:03.034 30060 30067 I dalvikvm: Total arena pages for JIT: 13
07-18 23:33:03.038 30060 30067 I dalvikvm: Total arena pages for JIT: 14
07-18 23:33:03.038 30060 30067 I dalvikvm: Total arena pages for JIT: 15
07-18 23:33:03.042 30060 30067 I dalvikvm: Total arena pages for JIT: 16
07-18 23:33:03.042 30060 30067 I dalvikvm: Total arena pages for JIT: 17
07-18 23:33:03.198 30060 30063 D dalvikvm: GC_CONCURRENT freed 339K, 5% free 9982K/10439K, paused 5ms+3ms
07-18 23:33:06.941   215   215 D dalvikvm: GC_EXPLICIT freed 263K, 57% free 9896K/22727K, paused 22ms+4ms
07-18 23:33:11.804 30084 30084 D dalvikvm: Late-enabling CheckJNI
07-18 23:33:11.812   144   161 I ActivityManager: Start proc com.chess for broadcast com.chess/.backend.AlarmReceiver: pid=30084 uid=10079 gids={3003, 1015}
07-18 23:33:11.863 29920 29933 I PhoneLab-: Service Running
07-18 23:33:11.870   144  1168 I ActivityManager: Process com.google.android.apps.maps:LocationFriendService (pid 30060) has died.
07-18 23:33:11.999 29920 29933 I PhoneLab-LoggerService: app_37    1395  1     1432   980   c00f181c 400107b4 S logcat
07-18 23:33:11.999 29920 29933 I PhoneLab-LoggerService: Logcat pid from database 1395
07-18 23:33:11.999 29920 29933 I PhoneLab-LoggerService: Logcat process found 1395
07-18 23:33:11.999 29920 29933 I PhoneLab-LoggerService: Checking Threshold
07-18 23:33:12.034 30084 30086 D dalvikvm: GC_CONCURRENT freed 167K, 3% free 9365K/9607K, paused 1ms+2ms
07-18 23:33:12.179 30084 30099 D GetStringObjTask: retrieving from url = http://www.chess.com/api/get_move_status?id=5HHjW9WUGa%2Bcu1LUwnVJPxTIWxmEve4VdkRnRyg7b5Ch69JH2Z5aB%2B7eGuFw8K2uFx47KFsdE3JRdR3Mzv0PkZOj6eZ8N73BvxmEERrzXjMNRo80rkLyJAUTh0iqof4n
07-18 23:33:12.253   144   378 I ActivityManager: Process com.chess (pid 30084) has died.
07-18 23:33:12.527  1822 30100 F libc    : Fatal signal 13 (SIGPIPE) at 0x0000071e (code=0)
07-18 23:33:12.730  1822 30100 W DnsProxyListener: Error writing DNS result to client
07-18 23:33:12.730  1822 30100 W SocketClient: write error (Broken pipe)
07-18 23:33:12.933  1823  1823 I DEBUG   : debuggerd committing suicide to free the zombie!
07-18 23:33:13.031 30102 30102 I DEBUG   : debuggerd: Jun 28 2012 18:17:40
07-18 23:33:16.870   346   346 D SAN_SERVICE: *******************************************
07-18 23:33:16.870   346   346 D SAN_SERVICE: DM App Phone Service State - 0
07-18 23:33:16.870   346   346 D SAN_SERVICE: *******************************************
07-18 23:33:17.671   346   346 D SAN_SERVICE: *******************************************
07-18 23:33:17.671   346   346 D SAN_SERVICE: DM App Phone Service State - 0
07-18 23:33:17.671   346   346 D SAN_SERVICE: *******************************************
07-18 23:33:22.761   359   359 D dalvikvm: GC_EXPLICIT freed <1K, 6% free 9096K/9607K, paused 25ms+3ms
07-18 23:33:27.788 28956 28956 W ThumbnailCache: Low Memory: Freed 0 textures from compression queue, 0 from write queue, 0 from the pinned list, 0 from the cache.
07-18 23:33:27.886 28956 28956 D dalvikvm: GC_EXPLICIT freed 1K, 20% free 11597K/14471K, paused 27ms+4ms
07-18 23:33:32.753 28974 28974 D dalvikvm: GC_EXPLICIT freed <1K, 3% free 9237K/9479K, paused 20ms+2ms
07-18 23:33:35.613   144   199 D DhcpInfoInternal: makeLinkProperties with empty dns2!
07-18 23:33:35.616   144   199 D DhcpInfoInternal: makeLinkProperties with empty dns2!
07-18 23:33:42.515 29139 29139 D dalvikvm: GC_EXPLICIT freed <1K, 4% free 9237K/9543K, paused 17ms+2ms
07-18 23:33:43.116   144   174 I ActivityManager: Start proc com.twitter.android for service com.twitter.android/.client.AppService: pid=30121 uid=10064 gids={3003, 1015}
07-18 23:33:43.120 30121 30121 I dalvikvm: Turning on JNI app bug workarounds for target SDK version 11...
07-18 23:33:43.245 30121 30121 I ActivityThread: Pub com.twitter.android.provider.GlobalDatabaseProvider: com.twitter.android.provider.GlobalDatabaseProvider
07-18 23:33:43.257 30121 30121 I ActivityThread: Pub com.twitter.android.provider.TwitterProvider: com.twitter.android.provider.TwitterProvider
07-18 23:33:43.288   144 12390 I ActivityManager: Process com.android.sprintmenu (pid 28266) has died.
07-18 23:33:43.288   144 12390 W ActivityManager: Scheduling restart of crashed service com.android.sprintmenu/.HiddenPhoneService in 14219ms
07-18 23:33:43.429 30121 30124 D dalvikvm: GC_CONCURRENT freed 192K, 4% free 9301K/9607K, paused 26ms+5ms
07-18 23:33:47.027 30121 30124 D dalvikvm: GC_CONCURRENT freed 218K, 4% free 9510K/9863K, paused 17ms+2ms
07-18 23:33:47.062   144 30135 I ActivityManager: Applications Memory Usage (kB):
07-18 23:33:47.062   144 30135 I ActivityManager: Uptime: 205732781 Realtime: 285691625
07-18 23:33:47.062   144 30135 I ActivityManager: Total PSS by OOM adjustment:
07-18 23:33:47.062   144 30135 I ActivityManager:     29307 kB: System
07-18 23:33:47.062   144 30135 I ActivityManager:                29307 kB: system (pid 144)
07-18 23:33:47.062   144 30135 I ActivityManager:     28241 kB: Persistent
07-18 23:33:47.062   144 30135 I ActivityManager:                12560 kB: com.android.systemui (pid 215)
07-18 23:33:47.062   144 30135 I ActivityManager:                11776 kB: com.android.phone (pid 346)
07-18 23:33:47.062   144 30135 I ActivityManager:                 3905 kB: com.android.nfc (pid 359)
07-18 23:33:47.062   144 30135 I ActivityManager:     61765 kB: Foreground
07-18 23:33:47.062   144 30135 I ActivityManager:                48910 kB: com.android.chrome (pid 28956)
07-18 23:33:47.062   144 30135 I ActivityManager:                12855 kB: com.android.chrome:sandboxed_process1 (pid 29139)
07-18 23:33:47.062   144 30135 I ActivityManager:     62918 kB: Visible
07-18 23:33:47.062   144 30135 I ActivityManager:                26705 kB: com.android.chrome:sandboxed_process0 (pid 28974)
07-18 23:33:47.062   144 30135 I ActivityManager:                14719 kB: com.google.android.gsf.login (pid 13970)
07-18 23:33:47.062   144 30135 I ActivityManager:                10327 kB: com.google.process.gapps (pid 29612)
07-18 23:33:47.062   144 30135 I ActivityManager:                 8362 kB: com.klye.ime.latin (pid 321)
07-18 23:33:47.062   144 30135 I ActivityManager:                 2805 kB: com.android.smspush (pid 435)
07-18 23:33:47.062   144 30135 I ActivityManager:     24971 kB: A Services
07-18 23:33:47.062   144 30135 I ActivityManager:                 9887 kB: com.facebook.katana (pid 29545)
07-18 23:33:47.062   144 30135 I ActivityManager:                 8267 kB: com.google.android.apps.maps (pid 29980)
07-18 23:33:47.062   144 30135 I ActivityManager:                 6817 kB: com.google.android.apps.maps:NetworkLocationService (pid 29782)
07-18 23:33:47.062   144 30135 I ActivityManager:     12519 kB: Home
07-18 23:33:47.062   144 30135 I ActivityManager:                12519 kB: com.android.launcher (pid 12865)
07-18 23:33:47.062   144 30135 I ActivityManager:     14981 kB: Previous
07-18 23:33:47.062   144 30135 I ActivityManager:                14981 kB: com.whatsapp (pid 27585)
07-18 23:33:47.062   144 30135 I ActivityManager:     11258 kB: B Services
07-18 23:33:47.062   144 30135 I ActivityManager:                 5075 kB: com.google.android.apps.googlevoice (pid 29597)
07-18 23:33:47.062   144 30135 I ActivityManager:                 3278 kB: com.apksoftware.compass (pid 29879)
07-18 23:33:47.062   144 30135 I ActivityManager:                 2905 kB: edu.buffalo.cse.phonelab.phonelabservices (pid 29920)
07-18 23:33:47.062   144 30135 I ActivityManager:      4451 kB: Background
07-18 23:33:47.062   144 30135 I ActivityManager:                 4451 kB: com.twitter.android (pid 30121)
07-18 23:33:47.062   144 30135 I ActivityManager: 
07-18 23:33:47.062   144 30135 I ActivityManager: Total PSS: 250411 kB
07-18 23:33:47.062   144 30135 I ActivityManager:   PID      Vss      Rss      Pss      Uss  cmdline
07-18 23:33:47.062   144 30135 I ActivityManager: 28956   71876K   71784K   49029K   44076K  com.android.chrome
07-18 23:33:47.062   144 30135 I ActivityManager:   144   44860K   44792K   29355K   28352K  system_server
07-18 23:33:47.062   144 30135 I ActivityManager: 28974   44556K   44452K   26752K   25276K  com.android.chrome:sandboxed_process0
07-18 23:33:47.062   144 30135 I ActivityManager: 27585   31896K   31820K   15028K   13996K  com.whatsapp
07-18 23:33:47.062   144 30135 I ActivityManager: 13970   30684K   30604K   14716K   13752K  com.google.android.gsf.login
07-18 23:33:47.062   144 30135 I ActivityManager:    78   23088K   20088K   13206K    7084K  /system/bin/surfaceflinger
07-18 23:33:47.062   144 30135 I ActivityManager: 29139   32212K   32108K   12906K   10140K  com.android.chrome:sandboxed_process1
07-18 23:33:47.062   144 30135 I ActivityManager:   215   31256K   31040K   12605K    8772K  com.android.systemui
07-18 23:33:47.062   144 30135 I ActivityManager: 12865   27636K   27580K   12567K   11732K  com.android.launcher
07-18 23:33:47.062   144 30135 I ActivityManager:   346   27064K   26992K   11824K   10988K  com.android.phone
07-18 23:33:47.062   144 30135 I ActivityManager: 29612   29820K   29732K   10144K    8496K  com.google.process.gapps
07-18 23:33:47.062   144 30135 I ActivityManager: 29545   28524K   28452K    9922K    8572K  com.facebook.katana
07-18 23:33:47.062   144 30135 I ActivityManager:   321   24792K   24692K    8412K    6552K  com.klye.ime.latin
07-18 23:33:47.062   144 30135 I ActivityManager: 29980   29180K   29116K    8313K    5864K  com.google.android.apps.maps
07-18 23:33:47.062   144 30135 I ActivityManager: 29782   26736K   26672K    6868K    4900K  com.google.android.apps.maps:NetworkLocationService
07-18 23:33:47.062   144 30135 I ActivityManager: 30121   25804K   25740K    6097K    4252K  com.twitter.android
07-18 23:33:47.062   144 30135 I ActivityManager: 29597   24284K   24220K    5124K    3836K  com.google.android.apps.googlevoice
07-18 23:33:47.062   144 30135 I ActivityManager:   359   19288K   19192K    3953K    3128K  com.android.nfc
07-18 23:33:47.062   144 30135 I ActivityManager: 29879   22412K   22312K    3328K    1920K  com.apksoftware.compass
07-18 23:33:47.062   144 30135 I ActivityManager: 29920   21600K   21500K    2951K    1608K  edu.buffalo.cse.phonelab.phonelabservices
07-18 23:33:47.062   144 30135 I ActivityManager:   435   18468K   18356K    2854K    1932K  com.android.smspush
07-18 23:33:47.062   144 30135 I ActivityManager:    79   18476K   18348K    2083K    1028K  zygote
07-18 23:33:47.062   144 30135 I ActivityManager:    81    2128K    2128K    1805K    1780K  /system/bin/mediaserver
07-18 23:33:47.062   144 30135 I ActivityManager:    80     956K     956K     878K     876K  /system/bin/drmserver
07-18 23:33:47.062   144 30135 I ActivityManager:  1395     984K     980K     845K     840K  logcat
07-18 23:33:47.062   144 30135 I ActivityManager:    77    1092K    1092K     812K     796K  /system/bin/rild
07-18 23:33:47.062   144 30135 I ActivityManager: 30137     824K     816K     657K     620K  procrank
07-18 23:33:47.062   144 30135 I ActivityManager:   275     752K     748K     576K     564K  /system/bin/wpa_supplicant
07-18 23:33:47.062   144 30135 I ActivityManager:  1822     740K     740K     559K     540K  /system/bin/netd
07-18 23:33:47.062   144 30135 I ActivityManager:    88     396K     396K     380K     380K  /sbin/adbd
07-18 23:33:47.062   144 30135 I ActivityManager:   292     332K     332K     300K     300K  /system/bin/bluetoothd
07-18 23:33:47.062   144 30135 I ActivityManager:    72     380K     376K     290K     284K  /system/bin/vold
07-18 23:33:47.062   144 30135 I ActivityManager:    86     436K     432K     282K     276K  /system/vendor/bin/gpsd
07-18 23:33:47.062   144 30135 I ActivityManager: 28597     352K     348K     197K     192K  /system/bin/dhcpcd
07-18 23:33:47.062   144 30135 I ActivityManager:    82     220K     212K     184K     184K  /system/bin/dbus-daemon
07-18 23:33:47.062   144 30135 I ActivityManager:    85     200K     192K     160K     160K  /system/bin/keystore
07-18 23:33:47.062   144 30135 I ActivityManager:     1     204K     204K     142K     104K  /init
07-18 23:33:47.062   144 30135 I ActivityManager:   203     168K     160K     128K  
07-18 23:33:47.171 30121 30124 D dalvikvm: GC_CONCURRENT freed 290K, 5% free 9634K/10055K, paused 2ms+2ms
07-18 23:33:47.292 30121 30124 D dalvikvm: GC_CONCURRENT freed 290K, 5% free 9759K/10183K, paused 1ms+1ms
07-18 23:33:47.417 30121 30124 D dalvikvm: GC_CONCURRENT freed 298K, 5% free 9884K/10311K, paused 1ms+2ms
07-18 23:33:47.523 30138 30138 D dalvikvm: Late-enabling CheckJNI
07-18 23:33:47.542   144   161 I ActivityManager: Start proc com.xabber.androiddev for service com.xabber.androiddev/com.xabber.android.service.XMPPService: pid=30138 uid=10063 gids={3003, 1015}
07-18 23:33:47.554 30138 30138 I dalvikvm: Turning on JNI app bug workarounds for target SDK version 9...
07-18 23:33:47.667 30121 30124 D dalvikvm: GC_CONCURRENT freed 297K, 5% free 10012K/10439K, paused 21ms+30ms
07-18 23:33:47.784 30138 30141 D dalvikvm: GC_CONCURRENT freed 222K, 4% free 9310K/9607K, paused 2ms+2ms
07-18 23:33:47.835 30138 30141 D dalvikvm: GC_CONCURRENT freed 327K, 5% free 9471K/9927K, paused 5ms+2ms
07-18 23:33:47.960 30138 30141 D dalvikvm: GC_CONCURRENT freed 191K, 3% free 9852K/10119K, paused 1ms+3ms
07-18 23:33:48.093 30138 30141 D dalvikvm: GC_CONCURRENT freed 276K, 4% free 10088K/10439K, paused 2ms+3ms
07-18 23:33:48.163 30121 30124 D dalvikvm: GC_CONCURRENT freed 297K, 5% free 10141K/10567K, paused 66ms+2ms
07-18 23:33:48.281 30138 30138 I com.xabber.android.service.XMPPService@413a2608: onCreate
07-18 23:33:48.281 30138 30138 I com.xabber.android.data.Application@413566b8: onStart
07-18 23:33:48.288 30138 30152 I com.xabber.android.data.LogManager@41365f20: onLoad
07-18 23:33:48.343 30121 30124 D dalvikvm: GC_CONCURRENT freed 303K, 4% free 10273K/10695K, paused 2ms+2ms
07-18 23:33:48.464 30138 30141 D dalvikvm: GC_CONCURRENT freed 304K, 5% free 10194K/10631K, paused 2ms+2ms
07-18 23:33:48.554 30121 30124 D dalvikvm: GC_CONCURRENT freed 478K, 6% free 10221K/10823K, paused 1ms+2ms
07-18 23:33:48.695 30121 30124 D dalvikvm: GC_CONCURRENT freed 320K, 5% free 10297K/10823K, paused 1ms+2ms
07-18 23:33:48.851   144   390 I ActivityManager: Start proc android.process.acore for content provider com.android.providers.contacts/.ContactsProvider2: pid=30154 uid=10000 gids={3003, 1015}
07-18 23:33:48.882   144 14994 I ActivityManager: Process com.google.android.apps.googlevoice (pid 29597) has died.
07-18 23:33:48.882   144 14994 W ActivityManager: Scheduling restart of crashed service com.google.android.apps.googlevoice/.ShadowNumberRefreshService in 18625ms
07-18 23:33:48.882   144 14994 W ActivityManager: Scheduling restart of crashed service com.google.android.apps.googlevoice/.UpdateService in 28625ms
07-18 23:33:48.882   144 14994 W ActivityManager: Scheduling restart of crashed service com.google.android.apps.googlevoice/.CallLogService in 38625ms
07-18 23:33:48.886 30121 30124 D dalvikvm: GC_CONCURRENT freed 326K, 5% free 10378K/10823K, paused 2ms+38ms
07-18 23:33:48.890 30154 30154 I ActivityThread: Pub call_log: com.android.providers.contacts.CallLogProvider
07-18 23:33:48.937 30154 30154 I ActivityThread: Pub com.android.voicemail: com.android.providers.contacts.VoicemailContentProvider
07-18 23:33:48.941 30154 30154 I ActivityThread: Pub user_dictionary: com.android.providers.userdictionary.UserDictionaryProvider
07-18 23:33:48.952 30154 30154 I ActivityThread: Pub com.android.social: com.android.providers.contacts.SocialProvider
07-18 23:33:48.952 30154 30154 I ActivityThread: Pub applications: com.android.providers.applications.ApplicationsProvider
07-18 23:33:49.058 30154 30156 D dalvikvm: GC_CONCURRENT freed 346K, 5% free 9147K/9607K, paused 2ms+3ms
07-18 23:33:49.062 30154 30154 I ActivityThread: Pub contacts;com.android.contacts: com.android.providers.contacts.ContactsProvider2
07-18 23:33:49.214 30121 30124 D dalvikvm: GC_CONCURRENT freed 363K, 5% free 10472K/10951K, paused 2ms+2ms
07-18 23:33:49.234   144   156 I ActivityManager: Process com.google.android.apps.maps (pid 29980) has died.
07-18 23:33:49.234   144   156 W ActivityManager: Scheduling restart of crashed service com.google.android.apps.maps/com.google.googlenav.prefetch.android.PrefetcherService in 48274ms
07-18 23:33:49.417 30121 30124 D dalvikvm: GC_CONCURRENT freed 340K, 5% free 10553K/11015K, paused 2ms+2ms
07-18 23:33:49.448 30154 30156 D dalvikvm: GC_CONCURRENT freed 192K, 4% free 9340K/9671K, paused 2ms+2ms
07-18 23:33:49.628 30121 30124 D dalvikvm: GC_CONCURRENT freed 331K, 5% free 10635K/11079K, paused 2ms+2ms
07-18 23:33:49.804 30121 30124 D dalvikvm: GC_CONCURRENT freed 365K, 5% free 10722K/11207K, paused 1ms+2ms
07-18 23:33:49.980 30121 30124 D dalvikvm: GC_CONCURRENT freed 403K, 5% free 10816K/11335K, paused 2ms+2ms
07-18 23:33:50.331 30154 30156 D dalvikvm: GC_CONCURRENT freed 214K, 4% free 9511K/9863K, paused 2ms+3ms
07-18 23:33:52.331 30121 30124 D dalvikvm: GC_CONCURRENT freed 322K, 4% free 11018K/11463K, paused 18ms+9ms
07-18 23:33:53.363 30121 30136 D dalvikvm: GC_FOR_ALLOC freed 248K, 5% free 11161K/11655K, paused 55ms
07-18 23:33:53.402 30121 30136 D dalvikvm: GC_FOR_ALLOC freed 84K, 6% free 11246K/11847K, paused 31ms
07-18 23:33:53.406 30121 30136 I dalvikvm-heap: Grow heap (frag case) to 11.388MB for 348682-byte allocation
07-18 23:33:53.468 30121 30136 D dalvikvm: GC_FOR_ALLOC freed 170K, 7% free 11417K/12231K, paused 61ms
07-18 23:33:53.609 30138 30141 D dalvikvm: GC_CONCURRENT freed 216K, 4% free 10408K/10759K, paused 14ms+3ms
07-18 23:33:53.831   144   156 I ActivityManager: Process android.process.acore (pid 30154) has died.
07-18 23:33:53.980   144   317 I ActivityManager: Start proc android.process.acore for content provider com.android.providers.contacts/.ContactsProvider2: pid=30173 uid=10000 gids={3003, 1015}
07-18 23:33:54.007    79    79 D dalvikvm: GC_EXPLICIT freed 38K, 4% free 9027K/9347K, paused 2ms+3ms
07-18 23:33:54.038    79    79 D dalvikvm: GC_EXPLICIT freed <1K, 4% free 9027K/9347K, paused 2ms+3ms
07-18 23:33:54.077    79    79 D dalvikvm: GC_EXPLICIT freed <1K, 4% free 9027K/9347K, paused 2ms+10ms
07-18 23:33:54.148 30173 30173 I ActivityThread: Pub call_log: com.android.providers.contacts.CallLogProvider
07-18 23:33:54.198 30173 30173 I ActivityThread: Pub com.android.voicemail: com.android.providers.contacts.VoicemailContentProvider
07-18 23:33:54.198 30173 30173 I ActivityThread: Pub user_dictionary: com.android.providers.userdictionary.UserDictionaryProvider
07-18 23:33:54.226 30173 30173 I ActivityThread: Pub com.android.social: com.android.providers.contacts.SocialProvider
07-18 23:33:54.226 30173 30173 I ActivityThread: Pub applications: com.android.providers.applications.ApplicationsProvider
07-18 23:33:54.339 30173 30173 I ActivityThread: Pub contacts;com.android.contacts: com.android.providers.contacts.ContactsProvider2
07-18 23:33:54.355 30173 30174 D dalvikvm: GC_CONCURRENT freed 362K, 5% free 9169K/9607K, paused 8ms+4ms
07-18 23:33:54.390 30121 30124 D dalvikvm: GC_CONCURRENT freed 215K, 3% free 11880K/12231K, paused 7ms+23ms
07-18 23:33:54.702 30173 30174 D dalvikvm: GC_CONCURRENT freed 234K, 4% free 9377K/9735K, paused 1ms+2ms
07-18 23:33:56.452 30173 30174 D dalvikvm: GC_CONCURRENT freed 184K, 4% free 9604K/9927K, paused 15ms+4ms
07-18 23:33:57.421 30121 30124 D dalvikvm: GC_CONCURRENT freed 1278K, 11% free 11461K/12871K, paused 38ms+4ms
07-18 23:33:57.792   144   161 I ActivityManager: Start proc com.android.sprintmenu for service com.android.sprintmenu/.HiddenPhoneService: pid=30195 uid=1001 gids={3002, 3001, 3003, 1015}
07-18 23:33:57.827   144   342 I ActivityManager: Process android.process.acore (pid 30173) has died.
07-18 23:33:58.093   346   346 D SAN_SERVICE: *******************************************
07-18 23:33:58.093   346   346 D SAN_SERVICE: DM App Phone Service State - 0
07-18 23:33:58.093   346   346 D SAN_SERVICE: *******************************************
07-18 23:33:58.156   346   346 D SAN_SERVICE: *******************************************
07-18 23:33:58.156   346   346 D SAN_SERVICE: DM App Phone Service State - 0
07-18 23:33:58.156   346   346 D SAN_SERVICE: *******************************************
07-18 23:33:58.773 30138 30141 D dalvikvm: GC_CONCURRENT freed 260K, 4% free 10553K/10951K, paused 16ms+2ms
07-18 23:33:59.128 30138 30141 D dalvikvm: GC_CONCURRENT freed 328K, 5% free 10612K/11079K, paused 4ms+3ms
07-18 23:33:59.163   144   155 I ActivityManager: Process com.twitter.android (pid 30121) has died.
07-18 23:34:02.070 29782 29785 D dalvikvm: GC_CONCURRENT freed 506K, 6% free 10235K/10823K, paused 1ms+2ms
07-18 23:34:02.113   144   388 I ActivityManager: Start proc com.google.android.apps.maps:LocationFriendService for service com.google.android.apps.maps/com.google.googlenav.friend.reporting.LocationReceiverService: pid=30216 uid=10056 gids={3003, 1015}
07-18 23:34:02.355 30216 30219 D dalvikvm: GC_CONCURRENT freed 156K, 3% free 9376K/9607K, paused 12ms+2ms
07-18 23:34:02.804 30216 30219 D dalvikvm: GC_CONCURRENT freed 153K, 3% free 9682K/9927K, paused 19ms+1ms
07-18 23:34:03.152 30216 30219 D dalvikvm: GC_CONCURRENT freed 288K, 4% free 9846K/10247K, paused 2ms+2ms
07-18 23:34:03.238 30216 30223 I dalvikvm: Total arena pages for JIT: 11
07-18 23:34:03.238 30216 30223 I dalvikvm: Total arena pages for JIT: 12
07-18 23:34:03.241 30216 30223 I dalvikvm: Total arena pages for JIT: 13
07-18 23:34:03.241 30216 30223 I dalvikvm: Total arena pages for JIT: 14
07-18 23:34:03.241 30216 30223 I dalvikvm: Total arena pages for JIT: 15
07-18 23:34:03.245 30216 30223 I dalvikvm: Total arena pages for JIT: 16
07-18 23:34:03.245 30216 30223 I dalvikvm: Total arena pages for JIT: 17
07-18 23:34:03.363 30216 30219 D dalvikvm: GC_CONCURRENT freed 330K, 5% free 9973K/10439K, paused 1ms+2ms
07-18 23:34:03.691   144   388 I ActivityManager: Process com.google.android.apps.maps:LocationFriendService (pid 30216) has died.
07-18 23:34:04.726   144 14994 I ActivityManager: Start proc android.process.acore for content provider com.android.providers.contacts/.ContactsProvider2: pid=30241 uid=10000 gids={3003, 1015}
07-18 23:34:04.773 30241 30241 I ActivityThread: Pub call_log: com.android.providers.contacts.CallLogProvider
07-18 23:34:04.820 30241 30241 I ActivityThread: Pub com.android.voicemail: com.android.providers.contacts.VoicemailContentProvider
07-18 23:34:04.823 30241 30241 I ActivityThread: Pub user_dictionary: com.android.providers.userdictionary.UserDictionaryProvider
07-18 23:34:04.851 30241 30241 I ActivityThread: Pub com.android.social: com.android.providers.contacts.SocialProvider
07-18 23:34:04.855 30241 30241 I ActivityThread: Pub applications: com.android.providers.applications.ApplicationsProvider
07-18 23:34:04.976 30241 30244 D dalvikvm: GC_CONCURRENT freed 322K, 5% free 9145K/9543K, paused 2ms+6ms
07-18 23:34:05.105   144 13425 D dalvikvm: GC_EXPLICIT freed 1346K, 24% free 18416K/24199K, paused 8ms+9ms
07-18 23:34:05.113 30241 30241 I ActivityThread: Pub contacts;com.android.contacts: com.android.providers.contacts.ContactsProvider2
07-18 23:34:05.351 30241 30244 D dalvikvm: GC_CONCURRENT freed 198K, 4% free 9345K/9671K, paused 2ms+3ms
07-18 23:34:06.019 30138 30141 D dalvikvm: GC_CONCURRENT freed 363K, 5% free 10729K/11207K, paused 4ms+9ms
07-18 23:34:06.339 30241 30244 D dalvikvm: GC_CONCURRENT freed 205K, 4% free 9584K/9927K, paused 12ms+2ms
07-18 23:34:07.570   144   161 I ActivityManager: Start proc com.google.android.apps.googlevoice for service com.google.android.apps.googlevoice/.ShadowNumberRefreshService: pid=30259 uid=10054 gids={3003, 1015}
07-18 23:34:08.308 30259 30263 D dalvikvm: GC_CONCURRENT freed 229K, 4% free 9301K/9607K, paused 13ms+7ms
07-18 23:34:08.691 30259 30274 W System.err: com.google.android.apps.googlevoice.net.VoiceServiceException: Voice service failed [INVALID_AUTH_TOKEN]
07-18 23:34:08.702 30259 30274 W System.err: 	at com.google.android.apps.googlevoice.net.masf.MASFVoiceService.checkCredentials(MASFVoiceService.java:107)
07-18 23:34:08.706 30259 30274 W System.err: 	at com.google.android.apps.googlevoice.net.masf.MASFVoiceService.getAuthToken(MASFVoiceService.java:95)
07-18 23:34:08.706 30259 30274 W System.err: 	at com.google.android.apps.googlevoice.net.masf.MASFGetBackendInfoRpc.createRequestPayload(MASFGetBackendInfoRpc.java:34)
07-18 23:34:08.706 30259 30274 W System.err: 	at com.google.android.apps.googlevoice.net.masf.MASFApiRpc.requestSubmit(MASFApiRpc.java:160)
07-18 23:34:08.706 30259 30274 W System.err: 	at com.google.android.apps.googlevoice.net.masf.MASFApiRpc.run(MASFApiRpc.java:141)
07-18 23:34:08.706 30259 30274 W System.err: 	at com.googlex.common.task.AbstractTask.run(Unknown Source)
07-18 23:34:08.706 30259 30274 W System.err: 	at com.googlex.common.task.AbstractTask.runInternal(Unknown Source)
07-18 23:34:08.710 30259 30274 W System.err: 	at com.googlex.common.task.TaskRunner.run(Unknown Source)
07-18 23:34:08.710 30259 30274 W System.err: 	at com.googlex.common.lang.BaseThreadFactory$ThreadImpl.run(Unknown Source)
07-18 23:34:08.718 30259 30274 E GoogleVoice: ShadowNumberRefreshService: Failed to get backend info!
07-18 23:34:08.718 30259 30274 E GoogleVoice: com.google.android.apps.googlevoice.net.VoiceServiceException: Voice service failed [INVALID_AUTH_TOKEN]
07-18 23:34:08.718 30259 30274 E GoogleVoice: 	at com.google.android.apps.googlevoice.net.masf.MASFVoiceService.checkCredentials(MASFVoiceService.java:107)
07-18 23:34:08.718 30259 30274 E GoogleVoice: 	at com.google.android.apps.googlevoice.net.masf.MASFVoiceService.getAuthToken(MASFVoiceService.java:95)
07-18 23:34:08.718 30259 30274 E GoogleVoice: 	at com.google.android.apps.googlevoice.net.masf.MASFGetBackendInfoRpc.createRequestPayload(MASFGetBackendInfoRpc.java:34)
07-18 23:34:08.718 30259 30274 E GoogleVoice: 	at com.google.android.apps.googlevoice.net.masf.MASFApiRpc.requestSubmit(MASFApiRpc.java:160)
07-18 23:34:08.718 30259 30274 E GoogleVoice: 	at com.google.android.apps.googlevoice.net.masf.MASFApiRpc.run(MASFApiRpc.java:141)
07-18 23:34:08.718 30259 30274 E GoogleVoice: 	at com.googlex.common.task.AbstractTask.run(Unknown Source)
07-18 23:34:08.718 30259 30274 E GoogleVoice: 	at com.googlex.common.task.AbstractTask.runInternal(Unknown Source)
07-18 23:34:08.718 30259 30274 E GoogleVoice: 	at com.googlex.common.task.TaskRunner.run(Unknown Source)
07-18 23:34:08.718 30259 30274 E GoogleVoice: 	at com.googlex.common.lang.BaseThreadFactory$ThreadImpl.run(Unknown Source)
07-18 23:34:10.441 30241 30244 D dalvikvm: GC_CONCURRENT freed 326K, 5% free 9657K/10119K, paused 15ms+6ms
07-18 23:34:11.187 29612 29612 D dalvikvm: GC_EXPLICIT freed 264K, 5% free 9960K/10375K, paused 50ms+4ms
07-18 23:34:18.038 30259 30263 D dalvikvm: GC_CONCURRENT freed 426K, 6% free 9389K/9927K, paused 6ms+3ms
07-18 23:34:18.038 30259 30268 W CursorWrapperInner: Cursor finalized without prior close()
07-18 23:34:18.038 30259 30268 W CursorWrapperInner: Cursor finalized without prior close()
07-18 23:34:18.038 30259 30268 W CursorWrapperInner: Cursor finalized without prior close()
07-18 23:34:18.038   144   378 D CountryDetector: The first listener is added
07-18 23:34:18.519 30259 30263 D dalvikvm: GC_CONCURRENT freed 337K, 5% free 9573K/9991K, paused 7ms+14ms
07-18 23:34:18.542 30241 30244 D dalvikvm: GC_CONCURRENT freed 472K, 6% free 9698K/10247K, paused 3ms+8ms
07-18 23:34:18.929   144   160 D dalvikvm: GC_EXPLICIT freed 596K, 25% free 18361K/24199K, paused 8ms+8ms
07-18 23:34:18.937 30241 30244 D dalvikvm: GC_CONCURRENT freed 357K, 5% free 9819K/10311K, paused 2ms+6ms
07-18 23:34:23.964   346   346 D dalvikvm: GC_EXPLICIT freed 71K, 10% free 11927K/13191K, paused 41ms+4ms
07-18 23:34:28.859   435   435 D dalvikvm: GC_EXPLICIT freed <1K, 4% free 9033K/9347K, paused 20ms+2ms
07-18 23:34:33.859   321   321 D dalvikvm: GC_EXPLICIT freed <1K, 17% free 11006K/13191K, paused 18ms+7ms
07-18 23:34:33.886   346   346 D SAN_SERVICE: *******************************************
07-18 23:34:33.886   346   346 D SAN_SERVICE: DM App Phone Service State - 0
07-18 23:34:33.886   346   346 D SAN_SERVICE: *******************************************
07-18 23:34:34.253   346   346 D SAN_SERVICE: *******************************************
07-18 23:34:34.253   346   346 D SAN_SERVICE: DM App Phone Service State - 0
07-18 23:34:34.253   346   346 D SAN_SERVICE: *******************************************
07-18 23:34:37.573   144   161 I ActivityManager: Start proc com.google.android.apps.maps for service com.google.android.apps.maps/com.google.googlenav.prefetch.android.PrefetcherService: pid=30288 uid=10056 gids={3003, 1015}
07-18 23:34:37.601   144   310 I ActivityManager: Process android.process.acore (pid 30241) has died.
07-18 23:34:37.601   144   310 D CountryDetector: No listener is left
07-18 23:34:37.741 30288 30291 D dalvikvm: GC_CONCURRENT freed 159K, 3% free 9372K/9607K, paused 6ms+8ms
07-18 23:34:37.890 30288 30288 I ActivityThread: Pub com.google.android.maps.SearchHistoryProvider: com.google.googlenav.provider.SearchHistoryProvider
07-18 23:34:37.929 30288 30288 I ActivityThread: Pub com.google.android.maps.SuggestionProvider: com.google.googlenav.suggest.android.SuggestContentProvider
07-18 23:34:37.984 30288 30288 I ActivityThread: Pub com.google.android.maps.LayerInfoProvider: com.google.googlenav.layer.LayerInfoProvider
07-18 23:34:38.015 30288 30288 I ActivityThread: Pub com.google.android.maps.TrafficAppWidgetProvider: com.google.googlenav.appwidget.traffic.TrafficAppWidgetProvider
07-18 23:34:38.019 30288 30288 I ActivityThread: Pub com.google.android.maps.LocalActivePlacesProvider: com.google.googlenav.provider.LocalActivePlacesProvider
07-18 23:34:38.023 30288 30288 I ActivityThread: Pub com.google.android.maps.StarredItemProvider: com.google.googlenav.provider.StarredItemProvider
07-18 23:34:38.202 30288 30291 D dalvikvm: GC_CONCURRENT freed 160K, 3% free 9688K/9927K, paused 8ms+2ms
07-18 23:34:38.433 30288 30291 D dalvikvm: GC_CONCURRENT freed 275K, 4% free 9905K/10311K, paused 3ms+12ms
07-18 23:34:38.441 30288 30288 I ActivityThread: Pub com.google.android.maps.LocalSuggestionProvider: com.google.googlenav.provider.LocalSuggestionProvider
07-18 23:34:38.456 30288 30288 I ActivityThread: Pub com.google.android.maps.NavigationAvailabilityProvider: com.google.googlenav.provider.NavigationAvailabilityProvider
07-18 23:34:38.573 30288 30305 D dalvikvm: GC_FOR_ALLOC freed 122K, 4% free 9975K/10311K, paused 22ms
07-18 23:34:38.605 30288 30304 D dalvikvm: GC_FOR_ALLOC freed 8K, 4% free 10166K/10567K, paused 20ms
07-18 23:34:38.605 30288 30304 I dalvikvm-heap: Grow heap (frag case) to 10.196MB for 204816-byte allocation
07-18 23:34:38.640 30288 30308 D dalvikvm: GC_FOR_ALLOC freed 0K, 5% free 10366K/10823K, paused 23ms
07-18 23:34:38.757 30288 30315 D dalvikvm: GC_FOR_ALLOC freed 149K, 4% free 10476K/10823K, paused 36ms
07-18 23:34:38.792 30288 30314 D dalvikvm: GC_FOR_ALLOC freed 48K, 4% free 10683K/11079K, paused 19ms
07-18 23:34:43.921   359   359 D dalvikvm: GC_EXPLICIT freed <1K, 6% free 9096K/9607K, paused 26ms+3ms
07-18 23:34:48.937 28956 28956 W ThumbnailCache: Low Memory: Freed 0 textures from compression queue, 0 from write queue, 0 from the pinned list, 0 from the cache.
07-18 23:34:49.101 28956 28956 D dalvikvm: GC_EXPLICIT freed 1K, 20% free 11597K/14471K, paused 58ms+4ms
07-18 23:34:53.917 28974 28974 D dalvikvm: GC_EXPLICIT freed <1K, 3% free 9237K/9479K, paused 33ms+2ms
07-18 23:34:54.234   346   346 D SAN_SERVICE: *******************************************
07-18 23:34:54.234   346   346 D SAN_SERVICE: DM App Phone Service State - 0
07-18 23:34:54.234   346   346 D SAN_SERVICE: *******************************************
07-18 23:34:54.476   346   346 D SAN_SERVICE: *******************************************
07-18 23:34:54.476   346   346 D SAN_SERVICE: DM App Phone Service State - 0
07-18 23:34:54.476   346   346 D SAN_SERVICE: *******************************************
07-18 23:34:59.542 29139 29139 D dalvikvm: GC_EXPLICIT freed <1K, 4% free 9237K/9543K, paused 20ms+2ms
07-18 23:35:02.198   144  1167 I ActivityManager: Start proc com.google.android.apps.maps:LocationFriendService for service com.google.android.apps.maps/com.google.googlenav.friend.reporting.LocationReceiverService: pid=30322 uid=10056 gids={3003, 1015}
07-18 23:35:02.343 30322 30324 D dalvikvm: GC_CONCURRENT freed 166K, 3% free 9366K/9607K, paused 2ms+2ms
07-18 23:35:02.573 30322 30324 D dalvikvm: GC_CONCURRENT freed 158K, 3% free 9670K/9927K, paused 13ms+2ms
07-18 23:35:02.800 30322 30324 D dalvikvm: GC_CONCURRENT freed 285K, 5% free 9836K/10247K, paused 9ms+5ms
07-18 23:35:02.952   144   317 I ActivityManager: Process com.xabber.androiddev (pid 30138) has died.
07-18 23:35:02.952   144   317 W ActivityManager: Scheduling restart of crashed service com.xabber.androiddev/com.xabber.android.service.XMPPService in 5000ms
07-18 23:35:03.023 30322 30324 D dalvikvm: GC_CONCURRENT freed 339K, 5% free 9975K/10439K, paused 1ms+3ms
07-18 23:35:08.027 30345 30345 D dalvikvm: Late-enabling CheckJNI
07-18 23:35:08.027   144   161 I ActivityManager: Start proc com.xabber.androiddev for service com.xabber.androiddev/com.xabber.android.service.XMPPService: pid=30345 uid=10063 gids={3003, 1015}
07-18 23:35:08.073 30345 30345 I dalvikvm: Turning on JNI app bug workarounds for target SDK version 9...
07-18 23:35:08.171   144   160 D dalvikvm: GC_EXPLICIT freed 205K, 25% free 18366K/24199K, paused 3ms+10ms
07-18 23:35:08.417 30345 30348 D dalvikvm: GC_CONCURRENT freed 217K, 4% free 9315K/9607K, paused 8ms+5ms
07-18 23:35:08.460 30345 30345 D dalvikvm: GC_FOR_ALLOC freed 326K, 5% free 9471K/9927K, paused 14ms
07-18 23:35:08.585 30345 30348 D dalvikvm: GC_CONCURRENT freed 186K, 3% free 9848K/10119K, paused 2ms+2ms
07-18 23:35:08.749 30345 30348 D dalvikvm: GC_CONCURRENT freed 279K, 4% free 10077K/10439K, paused 2ms+2ms
07-18 23:35:08.870 30345 30345 I com.xabber.android.service.XMPPService@413ded28: onCreate
07-18 23:35:08.870 30345 30345 I com.xabber.android.data.Application@41354bc8: onStart
07-18 23:35:08.882   144  1167 I ActivityManager: Process com.google.android.apps.maps:LocationFriendService (pid 30322) has died.
07-18 23:35:08.890 30345 30359 I com.xabber.android.data.LogManager@41357890: onLoad
07-18 23:35:08.976 30345 30348 D dalvikvm: GC_CONCURRENT freed 302K, 5% free 10191K/10631K, paused 3ms+2ms
07-18 23:35:09.081   144   378 I ActivityManager: Start proc android.process.acore for content provider com.android.providers.contacts/.ContactsProvider2: pid=30361 uid=10000 gids={3003, 1015}
07-18 23:35:09.124 30361 30361 I ActivityThread: Pub call_log: com.android.providers.contacts.CallLogProvider
07-18 23:35:09.156 30361 30361 I ActivityThread: Pub com.android.voicemail: com.android.providers.contacts.VoicemailContentProvider
07-18 23:35:09.163 30361 30361 I ActivityThread: Pub user_dictionary: com.android.providers.userdictionary.UserDictionaryProvider
07-18 23:35:09.183 30361 30361 I ActivityThread: Pub com.android.social: com.android.providers.contacts.SocialProvider
07-18 23:35:09.183 30361 30361 I ActivityThread: Pub applications: com.android.providers.applications.ApplicationsProvider
07-18 23:35:09.339 30361 30363 D dalvikvm: GC_CONCURRENT freed 338K, 5% free 9148K/9607K, paused 2ms+3ms
07-18 23:35:09.339 30361 30361 I ActivityThread: Pub contacts;com.android.contacts: com.android.providers.contacts.ContactsProvider2
07-18 23:35:09.632 30361 30363 D dalvikvm: GC_CONCURRENT freed 203K, 4% free 9347K/9671K, paused 2ms+4ms
07-18 23:35:10.488 30361 30363 D dalvikvm: GC_CONCURRENT freed 291K, 5% free 9500K/9927K, paused 2ms+2ms
07-18 23:35:11.234 30345 30348 D dalvikvm: GC_CONCURRENT freed 227K, 4% free 10412K/10759K, paused 51ms+3ms
07-18 23:35:11.878 29920 29933 I PhoneLab-: Service Running
07-18 23:35:12.222   144  1167 I ActivityManager: Process android.process.acore (pid 30361) has died.
07-18 23:35:12.292 29920 29933 I PhoneLab-LoggerService: app_37    1395  1     1432   980   c00f181c 400107b4 S logcat
07-18 23:35:12.296 29920 29933 I PhoneLab-LoggerService: Logcat pid from database 1395
07-18 23:35:12.300 29920 29933 I PhoneLab-LoggerService: Logcat process found 1395
07-18 23:35:12.300 29920 29933 I PhoneLab-LoggerService: Checking Threshold
07-18 23:35:14.398 30345 30348 D dalvikvm: GC_CONCURRENT freed 258K, 4% free 10555K/10951K, paused 2ms+3ms
07-18 23:35:15.007 30345 30348 D dalvikvm: GC_CONCURRENT freed 327K, 5% free 10614K/11079K, paused 25ms+3ms
07-18 23:35:16.593   144   378 I ActivityManager: Start proc android.process.acore for content provider com.android.providers.contacts/.ContactsProvider2: pid=30387 uid=10000 gids={3003, 1015}
07-18 23:35:16.687 30387 30387 I ActivityThread: Pub call_log: com.android.providers.contacts.CallLogProvider
07-18 23:35:16.745 30387 30387 I ActivityThread: Pub com.android.voicemail: com.android.providers.contacts.VoicemailContentProvider
07-18 23:35:16.749 30387 30387 I ActivityThread: Pub user_dictionary: com.android.providers.userdictionary.UserDictionaryProvider
07-18 23:35:16.773 30387 30387 I ActivityThread: Pub com.android.social: com.android.providers.contacts.SocialProvider
07-18 23:35:16.773 30387 30387 I ActivityThread: Pub applications: com.android.providers.applications.ApplicationsProvider
07-18 23:35:16.925   144   390 I ActivityManager: Process com.google.android.apps.maps (pid 30288) has died.
07-18 23:35:16.925   144   390 W ActivityManager: Scheduling restart of crashed service com.google.android.apps.maps/com.google.googlenav.prefetch.android.PrefetcherService in 193096ms
07-18 23:35:16.968 30387 30389 D dalvikvm: GC_CONCURRENT freed 343K, 5% free 9146K/9607K, paused 16ms+1ms
07-18 23:35:16.968 30387 30387 I ActivityThread: Pub contacts;com.android.contacts: com.android.providers.contacts.ContactsProvider2
07-18 23:35:17.425 30387 30389 D dalvikvm: GC_CONCURRENT freed 196K, 4% free 9377K/9671K, paused 2ms+2ms
07-18 23:35:17.562 30345 30348 D dalvikvm: GC_CONCURRENT freed 358K, 5% free 10713K/11207K, paused 2ms+4ms
07-18 23:35:18.210   144   388 I ActivityManager: Process com.apksoftware.compass (pid 29879) has died.
07-18 23:35:18.210   144   388 W ActivityManager: Scheduling restart of crashed service com.apksoftware.compass/com.catchnotes.buy.CatchBuyService in 5000ms
07-18 23:35:18.238 30387 30389 D dalvikvm: GC_CONCURRENT freed 208K, 4% free 9587K/9927K, paused 2ms+3ms
07-18 23:35:19.191   144  1167 D dalvikvm: GC_EXPLICIT freed 274K, 25% free 18358K/24199K, paused 4ms+8ms
07-18 23:35:23.406   144   161 I ActivityManager: Start proc com.apksoftware.compass for service com.apksoftware.compass/com.catchnotes.buy.CatchBuyService: pid=30405 uid=10091 gids={3003}
07-18 23:35:23.421 30405 30405 I dalvikvm: Turning on JNI app bug workarounds for target SDK version 8...
07-18 23:35:23.585   346   346 D dalvikvm: GC_EXPLICIT freed 79K, 10% free 11927K/13191K, paused 10ms+6ms
07-18 23:35:23.624 30405 30405 I BugSenseHandler: Registering default exceptions handler
07-18 23:35:23.624 30405 30405 D BugSenseHandler: Looking for exceptions in: /data/data/com.apksoftware.compass/files
07-18 23:35:23.632 30405 30405 D BugSenseHandler: Found 0 stacktrace(s)
07-18 23:35:23.695 30405 30405 W CatchBuyService: handleCommand received null intent
07-18 23:35:28.488   435   435 D dalvikvm: GC_EXPLICIT freed <1K, 4% free 9033K/9347K, paused 19ms+2ms
07-18 23:35:33.495   321   321 D dalvikvm: GC_EXPLICIT freed <1K, 17% free 11006K/13191K, paused 23ms+2ms
07-18 23:35:38.511 13970 13970 D dalvikvm: GC_EXPLICIT freed 83K, 6% free 9756K/10375K, paused 40ms+2ms
07-18 23:35:43.581   215   215 D dalvikvm: GC_EXPLICIT freed 65K, 57% free 9894K/22727K, paused 34ms+3ms
07-18 23:35:48.593 29612 29612 D dalvikvm: GC_EXPLICIT freed 122K, 5% free 9880K/10375K, paused 32ms+3ms
07-18 23:35:53.652 27585 27585 D dalvikvm: GC_EXPLICIT freed 1762K, 27% free 12319K/16711K, paused 42ms+5ms
07-18 23:35:58.558 12865 12865 D dalvikvm: GC_EXPLICIT freed 52K, 23% free 12329K/15879K, paused 23ms+4ms
07-18 23:36:00.550   144   199 D DhcpInfoInternal: makeLinkProperties with empty dns2!
07-18 23:36:00.562   144   199 D DhcpInfoInternal: makeLinkProperties with empty dns2!
07-18 23:36:02.132   144   317 I ActivityManager: Process android.process.acore (pid 30387) has died.
07-18 23:36:02.191 29782 29785 D dalvikvm: GC_CONCURRENT freed 502K, 6% free 10240K/10823K, paused 2ms+2ms
07-18 23:36:02.238   144  1168 I ActivityManager: Start proc com.google.android.apps.maps:LocationFriendService for service com.google.android.apps.maps/com.google.googlenav.friend.reporting.LocationReceiverService: pid=30442 uid=10056 gids={3003, 1015}
07-18 23:36:02.277    79    79 D dalvikvm: GC_EXPLICIT freed 38K, 4% free 9027K/9347K, paused 4ms+2ms
07-18 23:36:02.323    79    79 D dalvikvm: GC_EXPLICIT freed <1K, 4% free 9027K/9347K, paused 2ms+2ms
07-18 23:36:02.359    79    79 D dalvikvm: GC_EXPLICIT freed <1K, 4% free 9027K/9347K, paused 2ms+2ms
07-18 23:36:02.448 30442 30445 D dalvikvm: GC_CONCURRENT freed 178K, 3% free 9354K/9607K, paused 11ms+4ms
07-18 23:36:02.808 30442 30445 D dalvikvm: GC_CONCURRENT freed 133K, 3% free 9671K/9927K, paused 18ms+15ms
07-18 23:36:03.491 30442 30445 D dalvikvm: GC_CONCURRENT freed 314K, 4% free 9839K/10247K, paused 2ms+3ms
07-18 23:36:03.702 30442 30445 D dalvikvm: GC_CONCURRENT freed 336K, 5% free 9973K/10439K, paused 2ms+2ms
07-18 23:36:07.343   359   359 D dalvikvm: GC_EXPLICIT freed <1K, 6% free 9096K/9607K, paused 21ms+2ms
07-18 23:36:12.355 28956 28956 W ThumbnailCache: Low Memory: Freed 0 textures from compression queue, 0 from write queue, 0 from the pinned list, 0 from the cache.
07-18 23:36:12.433 28956 28956 D dalvikvm: GC_EXPLICIT freed 1K, 20% free 11597K/14471K, paused 23ms+9ms
07-18 23:36:12.441   144  6618 I ActivityManager: Process com.google.android.apps.maps:LocationFriendService (pid 30442) has died.
07-18 23:36:12.695 29545 29547 D dalvikvm: GC_CONCURRENT freed 481K, 6% free 10791K/11399K, paused 19ms+6ms
07-18 23:36:17.554 28974 28974 D dalvikvm: GC_EXPLICIT freed <1K, 3% free 9237K/9479K, paused 5ms+2ms
07-18 23:36:22.613 29139 29139 D dalvikvm: GC_EXPLICIT freed <1K, 4% free 9237K/9543K, paused 16ms+2ms
07-18 23:36:27.718   144   160 D dalvikvm: GC_EXPLICIT freed 144K, 25% free 18358K/24199K, paused 31ms+8ms
07-18 23:36:31.273   144   390 I ActivityManager: Start proc android.process.acore for content provider com.android.providers.contacts/.ContactsProvider2: pid=30466 uid=10000 gids={3003, 1015}
07-18 23:36:31.312 30466 30466 I ActivityThread: Pub call_log: com.android.providers.contacts.CallLogProvider
07-18 23:36:31.351 30466 30466 I ActivityThread: Pub com.android.voicemail: com.android.providers.contacts.VoicemailContentProvider
07-18 23:36:31.355 30466 30466 I ActivityThread: Pub user_dictionary: com.android.providers.userdictionary.UserDictionaryProvider
07-18 23:36:31.378 30466 30466 I ActivityThread: Pub com.android.social: com.android.providers.contacts.SocialProvider
07-18 23:36:31.378 30466 30466 I ActivityThread: Pub applications: com.android.providers.applications.ApplicationsProvider
07-18 23:36:31.476 30466 30466 I ActivityThread: Pub contacts;com.android.contacts: com.android.providers.contacts.ContactsProvider2
07-18 23:36:31.523 30466 30469 D dalvikvm: GC_CONCURRENT freed 347K, 5% free 9184K/9607K, paused 2ms+3ms
07-18 23:36:31.843 30466 30469 D dalvikvm: GC_CONCURRENT freed 222K, 4% free 9376K/9735K, paused 2ms+2ms
07-18 23:36:32.863   346   346 D dalvikvm: GC_EXPLICIT freed 1K, 10% free 11926K/13191K, paused 27ms+6ms
07-18 23:36:32.948 30466 30469 D dalvikvm: GC_CONCURRENT freed 249K, 4% free 9540K/9927K, paused 6ms+3ms
07-18 23:36:36.277   144 12390 I ActivityManager: Process android.process.acore (pid 30466) has died.
07-18 23:36:36.706   346   346 D SAN_SERVICE: *******************************************
07-18 23:36:36.706   346   346 D SAN_SERVICE: DM App Phone Service State - 0
07-18 23:36:36.706   346   346 D SAN_SERVICE: *******************************************
07-18 23:36:37.347   346   346 D SAN_SERVICE: *******************************************
07-18 23:36:37.347   346   346 D SAN_SERVICE: DM App Phone Service State - 0
07-18 23:36:37.347   346   346 D SAN_SERVICE: *******************************************
07-18 23:36:39.156   144   342 I ActivityManager: Start proc android.process.acore for content provider com.android.providers.contacts/.ContactsProvider2: pid=30484 uid=10000 gids={3003, 1015}
