07-26 03:51:54.575 31247 31251 D dalvikvm: GC_CONCURRENT freed 168K, 3% free 9367K/9607K, paused 6ms+3ms
07-26 03:51:54.790 31247 31251 D dalvikvm: GC_CONCURRENT freed 158K, 3% free 9706K/9991K, paused 10ms+4ms
07-26 03:51:54.833 18348 18359 D dalvikvm: GC_EXPLICIT freed 259K, 6% free 10068K/10631K, paused 6ms+4ms
07-26 03:51:55.048 31247 31251 D dalvikvm: GC_CONCURRENT freed 322K, 4% free 9847K/10247K, paused 3ms+2ms
07-26 03:51:55.067   145   145 I ActivityManager: Process com.google.android.partnersetup (pid 31114) has died.
07-26 03:51:55.794 31247 31254 I dalvikvm: Total arena pages for JIT: 11
07-26 03:51:55.868 31247 31254 I dalvikvm: Total arena pages for JIT: 12
07-26 03:51:55.872 31247 31254 I dalvikvm: Total arena pages for JIT: 13
07-26 03:51:55.892 31247 31254 I dalvikvm: Total arena pages for JIT: 14
07-26 03:51:55.907 31247 31254 I dalvikvm: Total arena pages for JIT: 15
07-26 03:51:55.919 31247 31254 I dalvikvm: Total arena pages for JIT: 16
07-26 03:51:55.927 31247 31254 I dalvikvm: Total arena pages for JIT: 17
07-26 03:51:57.521 31247 31251 D dalvikvm: GC_CONCURRENT freed 348K, 5% free 9986K/10439K, paused 38ms+9ms
07-26 03:51:57.552   145 31267 I ActivityManager: Applications Memory Usage (kB):
07-26 03:51:57.552   145 31267 I ActivityManager: Uptime: 206158967 Realtime: 208624617
07-26 03:51:57.552   145 31267 I ActivityManager: Total PSS by OOM adjustment:
07-26 03:51:57.552   145 31267 I ActivityManager:     27718 kB: System
07-26 03:51:57.552   145 31267 I ActivityManager:                27718 kB: system (pid 145)
07-26 03:51:57.552   145 31267 I ActivityManager:     25817 kB: Persistent
07-26 03:51:57.552   145 31267 I ActivityManager:                11723 kB: com.android.systemui (pid 215)
07-26 03:51:57.552   145 31267 I ActivityManager:                10193 kB: com.android.phone (pid 342)
07-26 03:51:57.552   145 31267 I ActivityManager:                 3901 kB: com.android.nfc (pid 361)
07-26 03:51:57.552   145 31267 I ActivityManager:    116441 kB: Foreground
07-26 03:51:57.552   145 31267 I ActivityManager:                61502 kB: com.android.chrome:sandboxed_process0 (pid 31004)
07-26 03:51:57.552   145 31267 I ActivityManager:                54939 kB: com.android.chrome (pid 30986)
07-26 03:51:57.552   145 31267 I ActivityManager:      7592 kB: Visible
07-26 03:51:57.552   145 31267 I ActivityManager:                 4758 kB: com.google.android.gsf.login (pid 27972)
07-26 03:51:57.552   145 31267 I ActivityManager:                 2834 kB: com.android.smspush (pid 443)
07-26 03:51:57.552   145 31267 I ActivityManager:      7950 kB: Perceptible
07-26 03:51:57.552   145 31267 I ActivityManager:                 7950 kB: com.klye.ime.latin (pid 321)
07-26 03:51:57.552   145 31267 I ActivityManager:     27830 kB: A Services
07-26 03:51:57.552   145 31267 I ActivityManager:                10138 kB: com.google.process.gapps (pid 18348)
07-26 03:51:57.552   145 31267 I ActivityManager:                 8951 kB: com.google.android.apps.maps:LocationFriendService (pid 31247)
07-26 03:51:57.552   145 31267 I ActivityManager:                 8741 kB: com.google.android.apps.maps:NetworkLocationService (pid 30685)
07-26 03:51:57.552   145 31267 I ActivityManager:     11981 kB: Home
07-26 03:51:57.552   145 31267 I ActivityManager:                11981 kB: com.android.launcher (pid 21345)
07-26 03:51:57.552   145 31267 I ActivityManager:     10487 kB: Previous
07-26 03:51:57.552   145 31267 I ActivityManager:                10487 kB: com.whatsapp (pid 29264)
07-26 03:51:57.552   145 31267 I ActivityManager:     28246 kB: B Services
07-26 03:51:57.552   145 31267 I ActivityManager:                 9014 kB: com.facebook.orca (pid 31086)
07-26 03:51:57.552   145 31267 I ActivityManager:                 6425 kB: com.google.android.apps.maps (pid 31134)
07-26 03:51:57.552   145 31267 I ActivityManager:                 4978 kB: com.google.android.apps.googlevoice (pid 30941)
07-26 03:51:57.552   145 31267 I ActivityManager:                 2744 kB: com.google.android.apps.gesturesearch (pid 31172)
07-26 03:51:57.552   145 31267 I ActivityManager:                 2704 kB: edu.buffalo.cse.phonelab.phonelabservices (pid 31187)
07-26 03:51:57.552   145 31267 I ActivityManager:                 2381 kB: com.android.sprintmenu (pid 30922)
07-26 03:51:57.552   145 31267 I ActivityManager: 
07-26 03:51:57.552   145 31267 I ActivityManager: Total PSS: 264062 kB
07-26 03:51:57.552   145 31267 I ActivityManager:   PID      Vss      Rss      Pss      Uss  cmdline
07-26 03:51:57.552   145 31267 I ActivityManager: 31004   82372K   82268K   61555K   57340K  com.android.chrome:sandboxed_process0
07-26 03:51:57.552   145 31267 I ActivityManager: 30986   79836K   79796K   54990K   48088K  com.android.chrome
07-26 03:51:57.552   145 31267 I ActivityManager:   145   44552K   44492K   27788K   25980K  system_server
07-26 03:51:57.552   145 31267 I ActivityManager:    78   22592K   19592K   12852K    6948K  /system/bin/surfaceflinger
07-26 03:51:57.552   145 31267 I ActivityManager: 21345   28748K   28668K   12033K   10892K  com.android.launcher
07-26 03:51:57.552   145 31267 I ActivityManager:   215   30784K   30724K   11775K    7912K  com.android.systemui
07-26 03:51:57.552   145 31267 I ActivityManager: 29264   28352K   28316K   10538K    9392K  com.whatsapp
07-26 03:51:57.552   145 31267 I ActivityManager:   342   25408K   25368K   10243K    9424K  com.android.phone
07-26 03:51:57.552   145 31267 I ActivityManager: 18348   27256K   27168K   10188K    9136K  com.google.process.gapps
07-26 03:51:57.552   145 31267 I ActivityManager: 31247   29596K   29536K    9517K    7232K  com.google.android.apps.maps:LocationFriendService
07-26 03:51:57.552   145 31267 I ActivityManager: 31086   27544K   27476K    9069K    7636K  com.facebook.orca
07-26 03:51:57.552   145 31267 I ActivityManager: 30685   28016K   27956K    8781K    6676K  com.google.android.apps.maps:NetworkLocationService
07-26 03:51:57.552   145 31267 I ActivityManager:   321   23572K   23504K    7999K    7128K  com.klye.ime.latin
07-26 03:51:57.552   145 31267 I ActivityManager: 31134   25692K   25628K    6481K    5012K  com.google.android.apps.maps
07-26 03:51:57.552   145 31267 I ActivityManager: 30941   23528K   23464K    5030K    3892K  com.google.android.apps.googlevoice
07-26 03:51:57.552   145 31267 I ActivityManager: 27972   21112K   21012K    4810K    3864K  com.google.android.gsf.login
07-26 03:51:57.552   145 31267 I ActivityManager:   361   19524K   19428K    3949K    3108K  com.android.nfc
07-26 03:51:57.552   145 31267 I ActivityManager:   443   18772K   18660K    2881K    1956K  com.android.smspush
07-26 03:51:57.552   145 31267 I ActivityManager: 31172   21304K   21200K    2798K    1564K  com.google.android.apps.gesturesearch
07-26 03:51:57.552   145 31267 I ActivityManager: 31187   21204K   21104K    2757K    1536K  edu.buffalo.cse.phonelab.phonelabservices
07-26 03:51:57.552   145 31267 I ActivityManager: 30922   20508K   20404K    2432K    1236K  com.android.sprintmenu
07-26 03:51:57.552   145 31267 I ActivityManager:    79   18588K   18460K    1951K     860K  zygote
07-26 03:51:57.552   145 31267 I ActivityManager:    81    2092K    2092K    1702K    1676K  /system/bin/mediaserver
07-26 03:51:57.552   145 31267 I ActivityManager:    80    1160K    1160K     881K     872K  /system/bin/drmserver
07-26 03:51:57.552   145 31267 I ActivityManager:  1300    1008K    1004K     856K     852K  logcat
07-26 03:51:57.552   145 31267 I ActivityManager: 31270     792K     784K     663K     660K  procrank
07-26 03:51:57.552   145 31267 I ActivityManager:    77     956K     956K     630K     612K  /system/bin/rild
07-26 03:51:57.552   145 31267 I ActivityManager:   276     692K     688K     523K     516K  /system/bin/wpa_supplicant
07-26 03:51:57.552   145 31267 I ActivityManager: 28438     604K     600K     416K     404K  /system/bin/netd
07-26 03:51:57.552   145 31267 I ActivityManager:    86     544K     540K     331K     324K  /system/vendor/bin/gpsd
07-26 03:51:57.552   145 31267 I ActivityManager:    88     324K     324K     308K     308K  /sbin/adbd
07-26 03:51:57.552   145 31267 I ActivityManager:    72     448K     444K     292K     284K  /system/bin/vold
07-26 03:51:57.552   145 31267 I ActivityManager:   290     436K     436K     280K     276K  /system/bin/bluetoothd
07-26 03:51:57.552   145 31267 I ActivityManager:    85     260K     252K     162K     160K  /system/bin/keystore
07-26 03:51:57.552   145 31267 I ActivityManager: 25796     308K     304K     152K     148K  /system/bin/dhcpcd
07-26 03:51:57.552   145 31267 I ActivityManager:    82     284K     276K     143K     140K  /system/bin/dbus-daemon
07-26 03:51:57.552   145 31267 I ActivityManager:     1     204K     204K   
07-26 03:51:57.931   145 22258 I ActivityManager: Process com.google.android.apps.maps:LocationFriendService (pid 31247) has died.
07-26 03:52:01.544   145   199 D DhcpInfoInternal: makeLinkProperties with empty dns2!
07-26 03:52:01.544   145   199 D DhcpInfoInternal: makeLinkProperties with empty dns2!
07-26 03:52:08.493   361   361 D dalvikvm: GC_EXPLICIT freed 4K, 6% free 9099K/9607K, paused 22ms+2ms
07-26 03:52:13.595 30986 30986 W ThumbnailCache: Low Memory: Freed 0 textures from compression queue, 0 from write queue, 1 from the pinned list, 0 from the cache.
07-26 03:52:13.724 30986 30986 D dalvikvm: GC_EXPLICIT freed 874K, 9% free 11056K/12103K, paused 29ms+3ms
07-26 03:52:14.013 31187 31200 I PhoneLab-: Service Running
07-26 03:52:14.087 31187 31200 I PhoneLab-LoggerService: app_37    1300  1     1440   1004  c00f181c 400107b4 S logcat
07-26 03:52:14.091 31187 31200 I PhoneLab-LoggerService: Logcat pid from database 1300
07-26 03:52:14.091 31187 31200 I PhoneLab-LoggerService: Logcat process found 1300
07-26 03:52:14.091 31187 31200 I PhoneLab-LoggerService: Checking Threshold
07-26 03:52:14.091 31187 31200 I PhoneLab-LoggerService: Starting to rename files
07-26 03:52:14.095 31187 31200 I PhoneLab-LoggerService: Files found .. 2
07-26 03:52:14.095 31187 31200 I PhoneLab-LoggerService: File 1 log.out.1
07-26 03:52:14.208 31187 31200 I PhoneLab-LoggerService: Renamed successfully
07-26 03:52:18.079   145   356 I ActivityManager: Start proc android.process.acore for content provider com.android.providers.contacts/.ContactsProvider2: pid=31291 uid=10000 gids={3003, 1015}
07-26 03:52:18.126 31291 31291 I ActivityThread: Pub call_log: com.android.providers.contacts.CallLogProvider
07-26 03:52:18.177 31291 31291 I ActivityThread: Pub com.android.voicemail: com.android.providers.contacts.VoicemailContentProvider
07-26 03:52:18.181 31291 31291 I ActivityThread: Pub user_dictionary: com.android.providers.userdictionary.UserDictionaryProvider
07-26 03:52:18.228 31291 31291 I ActivityThread: Pub com.android.social: com.android.providers.contacts.SocialProvider
07-26 03:52:18.231 31291 31291 I ActivityThread: Pub applications: com.android.providers.applications.ApplicationsProvider
07-26 03:52:18.407 31291 31291 I ActivityThread: Pub contacts;com.android.contacts: com.android.providers.contacts.ContactsProvider2
07-26 03:52:18.423 31291 31293 D dalvikvm: GC_CONCURRENT freed 355K, 5% free 9181K/9607K, paused 4ms+2ms
07-26 03:52:18.489 31004 31004 D dalvikvm: GC_EXPLICIT freed 176K, 4% free 9242K/9543K, paused 5ms+3ms
07-26 03:52:18.724 31291 31293 D dalvikvm: GC_CONCURRENT freed 226K, 4% free 9379K/9735K, paused 2ms+6ms
07-26 03:52:19.806 31291 31293 D dalvikvm: GC_CONCURRENT freed 169K, 4% free 9624K/9927K, paused 10ms+3ms
07-26 03:52:20.849 29264 29276 D dalvikvm: GC_EXPLICIT freed 897K, 11% free 11404K/12679K, paused 20ms+7ms
07-26 03:52:21.005   145   379 I ActivityManager: Process android.process.acore (pid 31291) has died.
07-26 03:52:26.177 18348 18348 D dalvikvm: GC_EXPLICIT freed 95K, 6% free 10005K/10631K, paused 24ms+3ms
07-26 03:52:31.392   145   161 D dalvikvm: GC_EXPLICIT freed 1316K, 23% free 18298K/23495K, paused 15ms+24ms
07-26 03:52:36.196   321   321 D dalvikvm: GC_EXPLICIT freed 1181K, 19% free 10150K/12487K, paused 26ms+3ms
07-26 03:52:41.153 27972 27972 D dalvikvm: GC_EXPLICIT freed 296K, 5% free 9545K/9991K, paused 22ms+3ms
07-26 03:52:46.157   342   342 D dalvikvm: GC_EXPLICIT freed 451K, 9% free 11889K/12935K, paused 27ms+4ms
07-26 03:52:51.110   443   443 D dalvikvm: GC_EXPLICIT freed 2K, 4% free 9037K/9347K, paused 20ms+2ms
07-26 03:52:54.419   145   378 I ActivityManager: Start proc com.google.android.apps.maps:LocationFriendService for service com.google.android.apps.maps/com.google.googlenav.friend.reporting.LocationReceiverService: pid=31310 uid=10056 gids={3003, 1015}
07-26 03:52:54.614 31310 31312 D dalvikvm: GC_CONCURRENT freed 173K, 3% free 9362K/9607K, paused 3ms+4ms
07-26 03:52:54.833 31310 31312 D dalvikvm: GC_CONCURRENT freed 148K, 3% free 9695K/9927K, paused 5ms+2ms
07-26 03:52:55.212 31310 31312 D dalvikvm: GC_CONCURRENT freed 336K, 5% free 9845K/10311K, paused 2ms+3ms
07-26 03:52:55.314 31310 31317 I dalvikvm: Total arena pages for JIT: 11
07-26 03:52:55.314 31310 31317 I dalvikvm: Total arena pages for JIT: 12
07-26 03:52:55.317 31310 31317 I dalvikvm: Total arena pages for JIT: 13
07-26 03:52:55.317 31310 31317 I dalvikvm: Total arena pages for JIT: 14
07-26 03:52:55.317 31310 31317 I dalvikvm: Total arena pages for JIT: 15
07-26 03:52:55.317 31310 31317 I dalvikvm: Total arena pages for JIT: 16
07-26 03:52:55.317 31310 31317 I dalvikvm: Total arena pages for JIT: 17
07-26 03:52:55.462 31310 31312 D dalvikvm: GC_CONCURRENT freed 347K, 5% free 9988K/10439K, paused 10ms+3ms
07-26 03:52:55.829   145   356 I ActivityManager: Process com.google.android.apps.maps:LocationFriendService (pid 31310) has died.
07-26 03:52:59.923 31333 31333 D dalvikvm: Late-enabling CheckJNI
07-26 03:52:59.931   145   162 I ActivityManager: Start proc com.chess for broadcast com.chess/.backend.AlarmReceiver: pid=31333 uid=10079 gids={3003, 1015}
07-26 03:53:00.146 31333 31336 D dalvikvm: GC_CONCURRENT freed 174K, 3% free 9361K/9607K, paused 2ms+2ms
07-26 03:53:00.380   145 21503 I ActivityManager: Process com.chess (pid 31333) has died.
07-26 03:53:05.485   361   361 D dalvikvm: GC_EXPLICIT freed <1K, 6% free 9099K/9607K, paused 24ms+2ms
07-26 03:53:10.423 30986 30986 W ThumbnailCache: Low Memory: Freed 0 textures from compression queue, 0 from write queue, 0 from the pinned list, 0 from the cache.
07-26 03:53:10.489 30986 30986 D dalvikvm: GC_EXPLICIT freed 42K, 9% free 11047K/12103K, paused 5ms+3ms
07-26 03:53:15.466 31004 31004 D dalvikvm: GC_EXPLICIT freed 1K, 4% free 9241K/9543K, paused 28ms+2ms
07-26 03:53:20.536   145   161 D dalvikvm: GC_EXPLICIT freed 143K, 23% free 18272K/23495K, paused 30ms+8ms
07-26 03:53:23.376   145   363 I ActivityManager: Start proc android.process.acore for content provider com.android.providers.contacts/.ContactsProvider2: pid=31348 uid=10000 gids={3003, 1015}
07-26 03:53:23.415    79    79 D dalvikvm: GC_EXPLICIT freed 38K, 4% free 9031K/9347K, paused 2ms+3ms
07-26 03:53:23.458 31348 31348 I ActivityThread: Pub call_log: com.android.providers.contacts.CallLogProvider
07-26 03:53:23.466    79    79 D dalvikvm: GC_EXPLICIT freed <1K, 4% free 9031K/9347K, paused 1ms+2ms
07-26 03:53:23.497    79    79 D dalvikvm: GC_EXPLICIT freed <1K, 4% free 9031K/9347K, paused 2ms+3ms
07-26 03:53:23.509 31348 31348 I ActivityThread: Pub com.android.voicemail: com.android.providers.contacts.VoicemailContentProvider
07-26 03:53:23.513 31348 31348 I ActivityThread: Pub user_dictionary: com.android.providers.userdictionary.UserDictionaryProvider
07-26 03:53:23.552 31348 31348 I ActivityThread: Pub com.android.social: com.android.providers.contacts.SocialProvider
07-26 03:53:23.552 31348 31348 I ActivityThread: Pub applications: com.android.providers.applications.ApplicationsProvider
07-26 03:53:23.728 31348 31348 I ActivityThread: Pub contacts;com.android.contacts: com.android.providers.contacts.ContactsProvider2
07-26 03:53:23.739 31348 31350 D dalvikvm: GC_CONCURRENT freed 362K, 5% free 9173K/9607K, paused 4ms+2ms
07-26 03:53:24.009 31348 31350 D dalvikvm: GC_CONCURRENT freed 229K, 4% free 9377K/9735K, paused 2ms+2ms
07-26 03:53:24.271 29264 31363 D MediaPlayer: Couldn't open file on client side, trying server side
07-26 03:53:24.337    81  5017 E MediaPlayerService: Couldn't open fd for content://settings/system/notification_sound
07-26 03:53:24.442 29264 31363 E MediaPlayer: Unable to to create media player
07-26 03:53:24.489 29264 31363 W AsyncPlayer: error loading sound for content://settings/system/notification_sound
07-26 03:53:24.489 29264 31363 W AsyncPlayer: java.io.IOException: setDataSource failed.: status=0x80000000
07-26 03:53:24.489 29264 31363 W AsyncPlayer: 	at android.media.MediaPlayer._setDataSource(Native Method)
07-26 03:53:24.489 29264 31363 W AsyncPlayer: 	at android.media.MediaPlayer.setDataSource(MediaPlayer.java:844)
07-26 03:53:24.489 29264 31363 W AsyncPlayer: 	at android.media.MediaPlayer.setDataSource(MediaPlayer.java:806)
07-26 03:53:24.489 29264 31363 W AsyncPlayer: 	at android.media.MediaPlayer.setDataSource(MediaPlayer.java:761)
07-26 03:53:24.489 29264 31363 W AsyncPlayer: 	at android.media.AsyncPlayer.startSound(AsyncPlayer.java:62)
07-26 03:53:24.489 29264 31363 W AsyncPlayer: 	at android.media.AsyncPlayer.access$200(AsyncPlayer.java:33)
07-26 03:53:24.489 29264 31363 W AsyncPlayer: 	at android.media.AsyncPlayer$Thread.run(AsyncPlayer.java:97)
07-26 03:53:25.005   215   217 D dalvikvm: GC_CONCURRENT freed 327K, 31% free 9820K/14215K, paused 3ms+7ms
07-26 03:53:25.196   215   217 D dalvikvm: GC_CONCURRENT freed 398K, 31% free 9812K/14215K, paused 4ms+3ms
07-26 03:53:25.228   145   145 I ActivityManager: Process android.process.acore (pid 31348) has died.
07-26 03:53:30.337   321   321 D dalvikvm: GC_EXPLICIT freed 1K, 19% free 10149K/12487K, paused 16ms+2ms
07-26 03:53:34.083 29264 31365 W AsyncPlayer: STOP command without a player
07-26 03:53:35.310 27972 27972 D dalvikvm: GC_EXPLICIT freed 63K, 5% free 9532K/9991K, paused 20ms+2ms
07-26 03:53:40.325   342   342 D dalvikvm: GC_EXPLICIT freed 19K, 9% free 11872K/12935K, paused 29ms+3ms
07-26 03:53:45.314   443   443 D dalvikvm: GC_EXPLICIT freed <1K, 4% free 9037K/9347K, paused 18ms+2ms
07-26 03:53:50.286   215   215 D dalvikvm: GC_EXPLICIT freed 169K, 31% free 9914K/14215K, paused 2ms+3ms
07-26 03:53:50.360   145   156 W InputManagerService: Window already focused, ignoring focus gain of: com.android.internal.view.IInputMethodClient$Stub$Proxy@41354b98
07-26 03:53:54.524 30685 30687 D dalvikvm: GC_CONCURRENT freed 507K, 6% free 10533K/11143K, paused 6ms+8ms
07-26 03:53:54.560   145 22258 I ActivityManager: Start proc com.google.android.apps.maps:LocationFriendService for service com.google.android.apps.maps/com.google.googlenav.friend.reporting.LocationReceiverService: pid=31367 uid=10056 gids={3003, 1015}
07-26 03:53:54.755 31367 31370 D dalvikvm: GC_CONCURRENT freed 153K, 3% free 9382K/9607K, paused 2ms+2ms
07-26 03:53:54.856   145   378 I ActivityManager: Process com.facebook.orca (pid 31086) has died.
07-26 03:53:54.856   145   378 W ActivityManager: Scheduling restart of crashed service com.facebook.orca/.push.mqtt.MqttPushService in 5000ms
07-26 03:53:55.087 31367 31370 D dalvikvm: GC_CONCURRENT freed 149K, 3% free 9662K/9927K, paused 10ms+2ms
07-26 03:53:55.610 31367 31370 D dalvikvm: GC_CONCURRENT freed 305K, 4% free 9842K/10247K, paused 1ms+3ms
07-26 03:53:55.720 31367 31374 I dalvikvm: Total arena pages for JIT: 11
07-26 03:53:55.724 31367 31374 I dalvikvm: Total arena pages for JIT: 12
07-26 03:53:55.724 31367 31374 I dalvikvm: Total arena pages for JIT: 13
07-26 03:53:55.728 31367 31374 I dalvikvm: Total arena pages for JIT: 14
07-26 03:53:55.728 31367 31374 I dalvikvm: Total arena pages for JIT: 15
07-26 03:53:55.728 31367 31374 I dalvikvm: Total arena pages for JIT: 16
07-26 03:53:55.728 31367 31374 I dalvikvm: Total arena pages for JIT: 17
07-26 03:53:55.837 31367 31370 D dalvikvm: GC_CONCURRENT freed 401K, 5% free 9961K/10439K, paused 2ms+2ms
07-26 03:53:56.310 31367 31370 D dalvikvm: GC_CONCURRENT freed 259K, 4% free 10110K/10503K, paused 8ms+3ms
07-26 03:53:56.825 31367 31370 D dalvikvm: GC_CONCURRENT freed 262K, 4% free 10288K/10631K, paused 3ms+5ms
07-26 03:53:57.946   145  1302 I ActivityManager: Process com.google.android.apps.maps:LocationFriendService (pid 31367) has died.
07-26 03:53:59.919   145   162 I ActivityManager: Start proc com.facebook.orca for service com.facebook.orca/.push.mqtt.MqttPushService: pid=31394 uid=10062 gids={3003, 1015, 1006}
07-26 03:53:59.927 31394 31394 I dalvikvm: Turning on JNI app bug workarounds for target SDK version 10...
07-26 03:54:00.142 31394 31394 I ActivityThread: Pub com.facebook.orca.notify.MessengerLoggedInUserProvider: com.facebook.orca.notify.MessengerLoggedInUserProvider
07-26 03:54:00.169 31394 31394 I ActivityThread: Pub com.facebook.orca.notify.MessengerForegroundProvider: com.facebook.orca.notify.MessengerForegroundProvider
07-26 03:54:00.189 31394 31394 V orca:OrcaApplication: Forcing initialization of AsyncTask
07-26 03:54:00.380 31394 31397 D dalvikvm: GC_CONCURRENT freed 206K, 4% free 9308K/9607K, paused 9ms+2ms
07-26 03:54:00.388 31394 31394 I Finalizer: Couldn't access Thread.inheritableThreadLocals. Reference finalizer threads will inherit thread local values.
07-26 03:54:00.552 31394 31397 D dalvikvm: GC_CONCURRENT freed 366K, 5% free 9441K/9927K, paused 2ms+3ms
07-26 03:54:00.685 31394 31394 W OrcaGuiceModule: Sig: ijxLJi1yGs1JpL-X1SExmchvork
07-26 03:54:00.817 31394 31397 D dalvikvm: GC_CONCURRENT freed 354K, 5% free 9627K/10055K, paused 13ms+2ms
07-26 03:54:01.427 31394 31409 W Resources: Converting to string: TypedValue{t=0x10/d=0xffffffff a=-1}
07-26 03:54:01.689 31394 31397 D dalvikvm: GC_CONCURRENT freed 306K, 4% free 9868K/10247K, paused 8ms+4ms
07-26 03:54:01.798 31394 31394 D ACRA    : Retrieve application default SharedPreferences.
07-26 03:54:01.798 31394 31394 D ACRA    : Set OnSharedPreferenceChangeListener.
07-26 03:54:01.802 31394 31394 D ACRA    : ACRA is enabled for com.facebook.orca, intializing...
07-26 03:54:01.849 31394 31394 D ACRA    : Looking for error files in /data/data/com.facebook.orca/app_acra-reports
07-26 03:54:01.853 31394 31397 D dalvikvm: GC_CONCURRENT freed 321K, 4% free 10103K/10503K, paused 3ms+3ms
07-26 03:54:01.892 31394 31409 D dalvikvm: GC_FOR_ALLOC freed 67K, 5% free 10163K/10631K, paused 26ms
07-26 03:54:01.954 31394 31409 D dalvikvm: GC_FOR_ALLOC freed 232K, 6% free 10189K/10759K, paused 20ms
07-26 03:54:02.009 31394 31409 D dalvikvm: GC_FOR_ALLOC freed 90K, 5% free 10261K/10759K, paused 25ms
07-26 03:54:02.064 31394 31409 D dalvikvm: GC_FOR_ALLOC freed 181K, 6% free 10281K/10887K, paused 23ms
07-26 03:54:02.224 31394 31397 D dalvikvm: GC_CONCURRENT freed 359K, 5% free 10434K/10887K, paused 7ms+3ms
07-26 03:54:02.341   145   379 I ActivityManager: Process com.google.android.apps.maps (pid 31134) has died.
07-26 03:54:02.341   145   379 W ActivityManager: Scheduling restart of crashed service com.google.android.apps.maps/com.google.googlenav.prefetch.android.PrefetcherService in 5000ms
07-26 03:54:02.419 31394 31397 D dalvikvm: GC_CONCURRENT freed 184K, 3% free 10823K/11079K, paused 2ms+3ms
07-26 03:54:02.673 31394 31397 D dalvikvm: GC_CONCURRENT freed 324K, 4% free 11131K/11527K, paused 3ms+3ms
07-26 03:54:03.087 31394 31397 D dalvikvm: GC_CONCURRENT freed 583K, 6% free 11224K/11911K, paused 3ms+3ms
07-26 03:54:06.403   145   430 I ActivityManager: Process com.google.android.apps.googlevoice (pid 30941) has died.
07-26 03:54:06.403   145   430 W ActivityManager: Scheduling restart of crashed service com.google.android.apps.googlevoice/.CallLogService in 10940ms
07-26 03:54:06.403   145   430 W ActivityManager: Scheduling restart of crashed service com.google.android.apps.googlevoice/.UpdateService in 20940ms
07-26 03:54:07.419   145   162 I ActivityManager: Start proc com.google.android.apps.maps for service com.google.android.apps.maps/com.google.googlenav.prefetch.android.PrefetcherService: pid=31418 uid=10056 gids={3003, 1015}
07-26 03:54:07.560   145   326 D dalvikvm: GC_EXPLICIT freed 302K, 23% free 18276K/23495K, paused 8ms+8ms
07-26 03:54:07.708 31418 31420 D dalvikvm: GC_CONCURRENT freed 154K, 3% free 9381K/9607K, paused 2ms+3ms
07-26 03:54:07.810 31418 31418 I ActivityThread: Pub com.google.android.maps.SearchHistoryProvider: com.google.googlenav.provider.SearchHistoryProvider
07-26 03:54:07.864 31418 31418 I ActivityThread: Pub com.google.android.maps.SuggestionProvider: com.google.googlenav.suggest.android.SuggestContentProvider
07-26 03:54:07.927 31418 31418 I ActivityThread: Pub com.google.android.maps.LayerInfoProvider: com.google.googlenav.layer.LayerInfoProvider
07-26 03:54:07.970 31418 31418 I ActivityThread: Pub com.google.android.maps.TrafficAppWidgetProvider: com.google.googlenav.appwidget.traffic.TrafficAppWidgetProvider
07-26 03:54:07.981 31418 31418 I ActivityThread: Pub com.google.android.maps.LocalActivePlacesProvider: com.google.googlenav.provider.LocalActivePlacesProvider
07-26 03:54:07.981 31418 31418 I ActivityThread: Pub com.google.android.maps.StarredItemProvider: com.google.googlenav.provider.StarredItemProvider
07-26 03:54:08.083 31418 31420 D dalvikvm: GC_CONCURRENT freed 173K, 3% free 9698K/9991K, paused 2ms+3ms
07-26 03:54:08.224 31418 31420 D dalvikvm: GC_CONCURRENT freed 286K, 4% free 9911K/10311K, paused 2ms+3ms
07-26 03:54:08.251 31418 31418 I ActivityThread: Pub com.google.android.maps.LocalSuggestionProvider: com.google.googlenav.provider.LocalSuggestionProvider
07-26 03:54:08.251 31418 31418 I ActivityThread: Pub com.google.android.maps.NavigationAvailabilityProvider: com.google.googlenav.provider.NavigationAvailabilityProvider
07-26 03:54:08.364 31418 31433 D dalvikvm: GC_FOR_ALLOC freed 123K, 4% free 9971K/10311K, paused 22ms
07-26 03:54:08.396 31418 31434 D dalvikvm: GC_FOR_ALLOC freed 12K, 4% free 10170K/10567K, paused 22ms
07-26 03:54:08.399 31418 31434 I dalvikvm-heap: Grow heap (frag case) to 10.196MB for 204816-byte allocation
07-26 03:54:08.431 31418 31436 D dalvikvm: GC_FOR_ALLOC freed 0K, 5% free 10370K/10823K, paused 24ms
07-26 03:54:08.528 31418 31444 D dalvikvm: GC_FOR_ALLOC freed 134K, 4% free 10456K/10823K, paused 20ms
07-26 03:54:08.564 31418 31443 D dalvikvm: GC_FOR_ALLOC freed 42K, 4% free 10665K/11079K, paused 18ms
07-26 03:54:09.173   145 22786 I ActivityManager: Process com.facebook.orca (pid 31394) has died.
07-26 03:54:09.173   145 22786 W ActivityManager: Scheduling restart of crashed service com.facebook.orca/.push.mqtt.MqttPushService in 28171ms
07-26 03:54:14.024 31187 31200 I PhoneLab-: Service Running
07-26 03:54:14.149 31187 31200 I PhoneLab-LoggerService: app_37    1300  1     1440   1000  c00f181c 400107b4 S logcat
07-26 03:54:14.149 31187 31200 I PhoneLab-LoggerService: Logcat pid from database 1300
07-26 03:54:14.153 31187 31200 I PhoneLab-LoggerService: Logcat process found 1300
07-26 03:54:14.153 31187 31200 I PhoneLab-LoggerService: Checking Threshold
07-26 03:54:14.153 31187 31200 I PhoneLab-LoggerService: Starting to rename files
07-26 03:54:14.153 31187 31200 I PhoneLab-LoggerService: Files found .. 2
07-26 03:54:14.231   361   361 D dalvikvm: GC_EXPLICIT freed <1K, 6% free 9099K/9607K, paused 3ms+5ms
07-26 03:54:17.423   145   162 I ActivityManager: Start proc com.google.android.apps.googlevoice for service com.google.android.apps.googlevoice/.CallLogService: pid=31452 uid=10054 gids={3003, 1015}
07-26 03:54:17.806 31452 31455 D dalvikvm: GC_CONCURRENT freed 273K, 4% free 9262K/9607K, paused 16ms+4ms
07-26 03:54:17.946   145   430 I ActivityManager: Start proc android.process.acore for content provider com.android.providers.contacts/.VoicemailContentProvider: pid=31467 uid=10000 gids={3003, 1015}
07-26 03:54:18.052 31467 31467 I ActivityThread: Pub call_log: com.android.providers.contacts.CallLogProvider
07-26 03:54:18.106 31467 31467 I ActivityThread: Pub com.android.voicemail: com.android.providers.contacts.VoicemailContentProvider
07-26 03:54:18.118 31467 31467 I ActivityThread: Pub user_dictionary: com.android.providers.userdictionary.UserDictionaryProvider
07-26 03:54:18.189 31467 31467 I ActivityThread: Pub com.android.social: com.android.providers.contacts.SocialProvider
07-26 03:54:18.192 31467 31467 I ActivityThread: Pub applications: com.android.providers.applications.ApplicationsProvider
07-26 03:54:18.376 31467 31470 D dalvikvm: GC_CONCURRENT freed 329K, 5% free 9150K/9607K, paused 5ms+4ms
07-26 03:54:18.376 31467 31467 I ActivityThread: Pub contacts;com.android.contacts: com.android.providers.contacts.ContactsProvider2
07-26 03:54:18.903 31467 31470 D dalvikvm: GC_CONCURRENT freed 206K, 4% free 9330K/9671K, paused 2ms+2ms
07-26 03:54:19.212 30986 30986 W ThumbnailCache: Low Memory: Freed 0 textures from compression queue, 0 from write queue, 0 from the pinned list, 0 from the cache.
07-26 03:54:19.282 30986 30986 D dalvikvm: GC_EXPLICIT freed 21K, 9% free 11047K/12103K, paused 5ms+5ms
07-26 03:54:19.564 31467 31470 D dalvikvm: GC_CONCURRENT freed 212K, 4% free 9547K/9863K, paused 2ms+3ms
07-26 03:54:24.310 31004 31004 D dalvikvm: GC_EXPLICIT freed <1K, 4% free 9241K/9543K, paused 15ms+2ms
07-26 03:54:26.649   145   199 D DhcpInfoInternal: makeLinkProperties with empty dns2!
07-26 03:54:26.661   145   199 D DhcpInfoInternal: makeLinkProperties with empty dns2!
07-26 03:54:28.247 31452 31455 D dalvikvm: GC_CONCURRENT freed 333K, 5% free 9404K/9863K, paused 51ms+2ms
07-26 03:54:28.247 31452 31461 W CursorWrapperInner: Cursor finalized without prior close()
07-26 03:54:28.247 31452 31461 W CursorWrapperInner: Cursor finalized without prior close()
07-26 03:54:28.247 31452 31461 W CursorWrapperInner: Cursor finalized without prior close()
07-26 03:54:28.247   145   430 D CountryDetector: The first listener is added
07-26 03:54:28.388 31467 31470 D dalvikvm: GC_CONCURRENT freed 517K, 6% free 9578K/10183K, paused 8ms+3ms
07-26 03:54:28.661 31452 31455 D dalvikvm: GC_CONCURRENT freed 341K, 5% free 9477K/9927K, paused 2ms+3ms
07-26 03:54:28.876 31467 31470 D dalvikvm: GC_CONCURRENT freed 286K, 5% free 9708K/10183K, paused 3ms+4ms
07-26 03:54:28.888 31452 31509 D dalvikvm: GC_FOR_ALLOC freed 125K, 5% free 9636K/10119K, paused 43ms
07-26 03:54:29.130 31467 31470 D dalvikvm: GC_CONCURRENT freed 359K, 5% free 9809K/10247K, paused 2ms+3ms
07-26 03:54:33.415   145   161 D dalvikvm: GC_EXPLICIT freed 253K, 23% free 18265K/23495K, paused 47ms+7ms
07-26 03:54:35.677   145   338 D CountryDetector: No listener is left
07-26 03:54:35.681   145   174 I ActivityManager: Start proc com.twitter.android for service com.twitter.android/.client.AppService: pid=31513 uid=10064 gids={3003, 1015}
07-26 03:54:35.681   145   326 I ActivityManager: Process android.process.acore (pid 31467) has died.
07-26 03:54:35.700 31513 31513 I dalvikvm: Turning on JNI app bug workarounds for target SDK version 11...
07-26 03:54:35.833 31513 31513 I ActivityThread: Pub com.twitter.android.provider.GlobalDatabaseProvider: com.twitter.android.provider.GlobalDatabaseProvider
07-26 03:54:35.841 31513 31513 I ActivityThread: Pub com.twitter.android.provider.TwitterProvider: com.twitter.android.provider.TwitterProvider
07-26 03:54:35.954 31513 31514 D dalvikvm: GC_CONCURRENT freed 188K, 4% free 9301K/9607K, paused 3ms+4ms
07-26 03:54:36.442 31513 31514 D dalvikvm: GC_CONCURRENT freed 219K, 4% free 9516K/9863K, paused 3ms+3ms
07-26 03:54:36.587 31513 31514 D dalvikvm: GC_CONCURRENT freed 284K, 5% free 9638K/10055K, paused 1ms+2ms
07-26 03:54:36.716 31513 31514 D dalvikvm: GC_CONCURRENT freed 293K, 5% free 9763K/10183K, paused 2ms+2ms
07-26 03:54:36.841 31513 31514 D dalvikvm: GC_CONCURRENT freed 295K, 5% free 9898K/10311K, paused 2ms+2ms
07-26 03:54:36.970 31513 31514 D dalvikvm: GC_CONCURRENT freed 297K, 5% free 10019K/10439K, paused 2ms+2ms
07-26 03:54:37.091 31513 31514 D dalvikvm: GC_CONCURRENT freed 298K, 5% free 10143K/10567K, paused 1ms+1ms
07-26 03:54:37.216 31513 31514 D dalvikvm: GC_CONCURRENT freed 296K, 4% free 10272K/10695K, paused 1ms+2ms
07-26 03:54:37.380   145   162 I ActivityManager: Start proc com.facebook.orca for service com.facebook.orca/.push.mqtt.MqttPushService: pid=31529 uid=10062 gids={3003, 1015, 1006}
07-26 03:54:37.388 31529 31529 I dalvikvm: Turning on JNI app bug workarounds for target SDK version 10...
07-26 03:54:37.521 31513 31514 D dalvikvm: GC_CONCURRENT freed 476K, 6% free 10233K/10823K, paused 19ms+2ms
07-26 03:54:37.548 31529 31529 I ActivityThread: Pub com.facebook.orca.notify.MessengerLoggedInUserProvider: com.facebook.orca.notify.MessengerLoggedInUserProvider
07-26 03:54:37.564 31529 31529 I ActivityThread: Pub com.facebook.orca.notify.MessengerForegroundProvider: com.facebook.orca.notify.MessengerForegroundProvider
07-26 03:54:37.571 31529 31529 V orca:OrcaApplication: Forcing initialization of AsyncTask
07-26 03:54:37.646 31529 31531 D dalvikvm: GC_CONCURRENT freed 227K, 4% free 9309K/9607K, paused 2ms+2ms
07-26 03:54:37.649 31529 31529 I Finalizer: Couldn't access Thread.inheritableThreadLocals. Reference finalizer threads will inherit thread local values.
07-26 03:54:37.810 31529 31531 D dalvikvm: GC_CONCURRENT freed 377K, 5% free 9457K/9927K, paused 2ms+2ms
07-26 03:54:37.853 31513 31514 D dalvikvm: GC_CONCURRENT freed 323K, 5% free 10300K/10823K, paused 12ms+37ms
07-26 03:54:37.911 31529 31529 W OrcaGuiceModule: Sig: ijxLJi1yGs1JpL-X1SExmchvork
07-26 03:54:38.005 31529 31531 D dalvikvm: GC_CONCURRENT freed 359K, 5% free 9605K/10055K, paused 2ms+3ms
07-26 03:54:38.126 31513 31514 D dalvikvm: GC_CONCURRENT freed 329K, 5% free 10374K/10823K, paused 2ms+2ms
07-26 03:54:38.411 31513 31514 D dalvikvm: GC_CONCURRENT freed 353K, 5% free 10475K/10951K, paused 2ms+3ms
07-26 03:54:38.427 31529 31544 W Resources: Converting to string: TypedValue{t=0x10/d=0xffffffff a=-1}
07-26 03:54:38.606 31529 31531 D dalvikvm: GC_CONCURRENT freed 298K, 4% free 9877K/10247K, paused 6ms+3ms
07-26 03:54:38.704 31529 31529 D ACRA    : Retrieve application default SharedPreferences.
07-26 03:54:38.704 31529 31529 D ACRA    : Set OnSharedPreferenceChangeListener.
07-26 03:54:38.704 31529 31529 D ACRA    : ACRA is enabled for com.facebook.orca, intializing...
07-26 03:54:38.778 31529 31529 D ACRA    : Looking for error files in /data/data/com.facebook.orca/app_acra-reports
07-26 03:54:38.790 31513 31514 D dalvikvm: GC_CONCURRENT freed 342K, 5% free 10554K/11015K, paused 69ms+31ms
07-26 03:54:38.806 31529 31531 D dalvikvm: GC_CONCURRENT freed 322K, 4% free 10106K/10503K, paused 11ms+5ms
07-26 03:54:38.841 31529 31544 D dalvikvm: GC_FOR_ALLOC freed 67K, 5% free 10165K/10631K, paused 21ms
07-26 03:54:38.907 31529 31544 D dalvikvm: GC_FOR_ALLOC freed 231K, 6% free 10192K/10759K, paused 22ms
07-26 03:54:38.954 31529 31544 D dalvikvm: GC_FOR_ALLOC freed 84K, 5% free 10262K/10759K, paused 22ms
07-26 03:54:39.009 31529 31544 D dalvikvm: GC_FOR_ALLOC freed 194K, 6% free 10284K/10887K, paused 26ms
07-26 03:54:39.161 31529 31531 D dalvikvm: GC_CONCURRENT freed 356K, 5% free 10439K/10887K, paused 2ms+6ms
07-26 03:54:39.196 31513 31514 D dalvikvm: GC_CONCURRENT freed 321K, 4% free 10638K/11079K, paused 2ms+2ms
07-26 03:54:39.345 31529 31531 D dalvikvm: GC_CONCURRENT freed 175K, 3% free 10833K/11079K, paused 3ms+3ms
07-26 03:54:39.474   145   326 I ActivityManager: Process com.google.android.apps.maps (pid 31418) has died.
07-26 03:54:39.474   145   326 W ActivityManager: Scheduling restart of crashed service com.google.android.apps.maps/com.google.googlenav.prefetch.android.PrefetcherService in 20000ms
07-26 03:54:39.560 31529 31531 D dalvikvm: GC_CONCURRENT freed 323K, 4% free 11133K/11527K, paused 2ms+6ms
07-26 03:54:39.739 31513 31514 D dalvikvm: GC_CONCURRENT freed 362K, 5% free 10729K/11207K, paused 2ms+2ms
07-26 03:54:39.911 31513 31514 D dalvikvm: GC_CONCURRENT freed 401K, 5% free 10816K/11335K, paused 2ms+2ms
07-26 03:54:39.962 31529 31531 D dalvikvm: GC_CONCURRENT freed 581K, 6% free 11225K/11911K, paused 2ms+3ms
07-26 03:54:41.122 31513 31514 D dalvikvm: GC_CONCURRENT freed 325K, 4% free 11017K/11463K, paused 2ms+2ms
07-26 03:54:41.700 31513 31527 D dalvikvm: GC_FOR_ALLOC freed 279K, 5% free 11178K/11655K, paused 51ms
07-26 03:54:41.739 31513 31527 D dalvikvm: GC_FOR_ALLOC freed 99K, 6% free 11276K/11911K, paused 29ms
07-26 03:54:41.739 31513 31527 I dalvikvm-heap: Grow heap (frag case) to 11.469MB for 406982-byte allocation
07-26 03:54:41.771 31513 31527 D dalvikvm: GC_FOR_ALLOC freed 197K, 8% free 11476K/12359K, paused 30ms
07-26 03:54:42.224 31513 31514 D dalvikvm: GC_CONCURRENT freed 275K, 4% free 11952K/12359K, paused 2ms+3ms
07-26 03:54:44.599 31513 31514 D dalvikvm: GC_CONCURRENT freed 1609K, 14% free 11301K/12999K, paused 2ms+3ms
07-26 03:54:49.403   321   321 D dalvikvm: GC_EXPLICIT freed <1K, 19% free 10149K/12487K, paused 2ms+3ms
07-26 03:54:50.560   145   156 I ActivityManager: Process com.twitter.android (pid 31513) has died.
07-26 03:54:51.552   145   430 I ActivityManager: Start proc android.process.acore for content provider com.android.providers.contacts/.ContactsProvider2: pid=31560 uid=10000 gids={3003, 1015}
07-26 03:54:51.603 31560 31560 I ActivityThread: Pub call_log: com.android.providers.contacts.CallLogProvider
07-26 03:54:51.653 31560 31560 I ActivityThread: Pub com.android.voicemail: com.android.providers.contacts.VoicemailContentProvider
07-26 03:54:51.657 31560 31560 I ActivityThread: Pub user_dictionary: com.android.providers.userdictionary.UserDictionaryProvider
07-26 03:54:51.708 31560 31560 I ActivityThread: Pub com.android.social: com.android.providers.contacts.SocialProvider
07-26 03:54:51.712 31560 31560 I ActivityThread: Pub applications: com.android.providers.applications.ApplicationsProvider
07-26 03:54:51.868 31560 31563 D dalvikvm: GC_CONCURRENT freed 338K, 5% free 9152K/9607K, paused 2ms+2ms
07-26 03:54:51.888 31560 31560 I ActivityThread: Pub contacts;com.android.contacts: com.android.providers.contacts.ContactsProvider2
07-26 03:54:52.251 31560 31563 D dalvikvm: GC_CONCURRENT freed 218K, 4% free 9360K/9671K, paused 8ms+3ms
07-26 03:54:53.075 31560 31563 D dalvikvm: GC_CONCURRENT freed 188K, 4% free 9610K/9927K, paused 2ms+3ms
07-26 03:54:54.876 29264 29267 D dalvikvm: GC_CONCURRENT freed 511K, 9% free 11564K/12679K, paused 32ms+5ms
07-26 03:54:54.892 29264 29273 W MediaPlayer-JNI: MediaPlayer finalized without being released
07-26 03:54:54.946   145  1303 I ActivityManager: Start proc com.google.android.apps.maps:LocationFriendService for service com.google.android.apps.maps/com.google.googlenav.friend.reporting.LocationReceiverService: pid=31579 uid=10056 gids={3003, 1015}
07-26 03:54:55.204   145 22786 I ActivityManager: Process com.google.android.apps.googlevoice (pid 31452) has died.
07-26 03:54:55.208   145 22786 W ActivityManager: Scheduling restart of crashed service com.google.android.apps.googlevoice/.CallLogService in 43760ms
07-26 03:54:55.208   145 22786 W ActivityManager: Scheduling restart of crashed service com.google.android.apps.googlevoice/.UpdateService in 83760ms
07-26 03:54:55.290 31579 31582 D dalvikvm: GC_CONCURRENT freed 173K, 3% free 9363K/9607K, paused 45ms+3ms
07-26 03:54:56.353 31579 31582 D dalvikvm: GC_CONCURRENT freed 155K, 3% free 9663K/9927K, paused 25ms+6ms
07-26 03:54:57.419   145  1302 I ActivityManager: Process android.process.acore (pid 31560) has died.
07-26 03:54:57.489 31579 31582 D dalvikvm: GC_CONCURRENT freed 320K, 4% free 9853K/10247K, paused 7ms+4ms
07-26 03:54:57.853   145   157 D dalvikvm: GC_EXPLICIT freed 334K, 23% free 18272K/23495K, paused 15ms+7ms
07-26 03:54:57.880 31579 31586 I dalvikvm: Total arena pages for JIT: 11
07-26 03:54:57.888 31579 31586 I dalvikvm: Total arena pages for JIT: 12
07-26 03:54:57.888 31579 31586 I dalvikvm: Total arena pages for JIT: 13
07-26 03:54:57.888 31579 31586 I dalvikvm: Total arena pages for JIT: 14
07-26 03:54:57.888 31579 31586 I dalvikvm: Total arena pages for JIT: 15
07-26 03:54:57.892 31579 31586 I dalvikvm: Total arena pages for JIT: 16
07-26 03:54:57.892 31579 31586 I dalvikvm: Total arena pages for JIT: 17
07-26 03:54:57.915 31579 31582 D dalvikvm: GC_CONCURRENT freed 400K, 5% free 9956K/10439K, paused 3ms+5ms
07-26 03:54:57.966 31579 31586 I dalvikvm: Total arena pages for JIT: 18
07-26 03:54:58.157 31579 31582 D dalvikvm: GC_CONCURRENT freed 495K, 6% free 9998K/10567K, paused 4ms+5ms
07-26 03:54:59.552   145   162 I ActivityManager: Start proc com.google.android.apps.maps for service com.google.android.apps.maps/com.google.googlenav.prefetch.android.PrefetcherService: pid=31608 uid=10056 gids={3003, 1015}
07-26 03:54:59.720 31608 31611 D dalvikvm: GC_CONCURRENT freed 171K, 3% free 9364K/9607K, paused 3ms+3ms
07-26 03:54:59.782 31608 31608 I ActivityThread: Pub com.google.android.maps.SearchHistoryProvider: com.google.googlenav.provider.SearchHistoryProvider
07-26 03:54:59.790 31608 31608 I ActivityThread: Pub com.google.android.maps.SuggestionProvider: com.google.googlenav.suggest.android.SuggestContentProvider
07-26 03:54:59.802 31608 31608 I ActivityThread: Pub com.google.android.maps.LayerInfoProvider: com.google.googlenav.layer.LayerInfoProvider
07-26 03:54:59.814 31608 31608 I ActivityThread: Pub com.google.android.maps.TrafficAppWidgetProvider: com.google.googlenav.appwidget.traffic.TrafficAppWidgetProvider
07-26 03:54:59.814 31608 31608 I ActivityThread: Pub com.google.android.maps.LocalActivePlacesProvider: com.google.googlenav.provider.LocalActivePlacesProvider
07-26 03:54:59.814 31608 31608 I ActivityThread: Pub com.google.android.maps.StarredItemProvider: com.google.googlenav.provider.StarredItemProvider
07-26 03:54:59.880 31608 31611 D dalvikvm: GC_CONCURRENT freed 181K, 3% free 9708K/9991K, paused 1ms+4ms
07-26 03:54:59.946   145 22258 I ActivityManager: Process com.google.android.apps.maps:LocationFriendService (pid 31579) has died.
07-26 03:54:59.993 31608 31611 D dalvikvm: GC_CONCURRENT freed 298K, 4% free 9911K/10311K, paused 2ms+3ms
07-26 03:55:00.560 31608 31608 I ActivityThread: Pub com.google.android.maps.LocalSuggestionProvider: com.google.googlenav.provider.LocalSuggestionProvider
07-26 03:55:00.560 31608 31608 I ActivityThread: Pub com.google.android.maps.NavigationAvailabilityProvider: com.google.googlenav.provider.NavigationAvailabilityProvider
07-26 03:55:00.997 31608 31624 D dalvikvm: GC_FOR_ALLOC freed 112K, 4% free 9969K/10311K, paused 178ms
07-26 03:55:01.091 31608 31623 D dalvikvm: GC_FOR_ALLOC freed 9K, 4% free 10161K/10567K, paused 81ms
07-26 03:55:01.095 31608 31623 I dalvikvm-heap: Grow heap (frag case) to 10.187MB for 204816-byte allocation
07-26 03:55:01.181 31608 31625 D dalvikvm: GC_FOR_ALLOC freed 0K, 5% free 10361K/10823K, paused 77ms
07-26 03:55:01.481 31608 31633 D dalvikvm: GC_FOR_ALLOC freed 136K, 4% free 10455K/10823K, paused 65ms
07-26 03:55:01.599 31608 31634 D dalvikvm: GC_FOR_ALLOC freed 42K, 4% free 10665K/11079K, paused 60ms
07-26 03:55:11.153   361   361 D dalvikvm: GC_EXPLICIT freed <1K, 6% free 9099K/9607K, paused 5ms+14ms
07-26 03:55:16.118 30986 30986 W ThumbnailCache: Low Memory: Freed 0 textures from compression queue, 0 from write queue, 0 from the pinned list, 0 from the cache.
07-26 03:55:16.255 30986 30986 D dalvikvm: GC_EXPLICIT freed 22K, 9% free 11047K/12103K, paused 43ms+3ms
07-26 03:55:21.169 31004 31004 D dalvikvm: GC_EXPLICIT freed <1K, 4% free 9241K/9543K, paused 34ms+2ms
07-26 03:55:26.251   145   161 D dalvikvm: GC_EXPLICIT freed 156K, 23% free 18260K/23495K, paused 31ms+6ms
07-26 03:55:31.271 18348 18348 D dalvikvm: GC_EXPLICIT freed 76K, 6% free 10058K/10631K, paused 34ms+4ms
07-26 03:55:36.200   145   169 I ActivityManager: Start proc com.google.android.apps.currents for service com.google.android.apps.currents/com.google.apps.dots.android.app.service.SyncService: pid=31641 uid=10078 gids={3003, 1015}
07-26 03:55:36.239    79    79 D dalvikvm: GC_EXPLICIT freed 37K, 4% free 9031K/9347K, paused 2ms+4ms
07-26 03:55:36.290    79    79 D dalvikvm: GC_EXPLICIT freed <1K, 4% free 9031K/9347K, paused 3ms+13ms
07-26 03:55:36.317    79    79 D dalvikvm: GC_EXPLICIT freed <1K, 4% free 9031K/9347K, paused 3ms+2ms
07-26 03:55:36.591 31641 31641 I ActivityThread: Pub com.google.apps.dots.android.app.provider.SuggestionProvider: com.google.apps.dots.android.app.provider.SuggestionProvider
07-26 03:55:36.603 31641 31641 I ActivityThread: Pub com.google.android.apps.currents.exported: com.google.apps.dots.android.app.provider.ExportedContentProvider
07-26 03:55:36.673 31641 31643 D dalvikvm: GC_CONCURRENT freed 182K, 3% free 9353K/9607K, paused 5ms+3ms
07-26 03:55:36.743 31641 31643 D dalvikvm: GC_CONCURRENT freed 267K, 5% free 9585K/9991K, paused 1ms+2ms
07-26 03:55:36.864 31641 31643 D dalvikvm: GC_CONCURRENT freed 232K, 4% free 9817K/10183K, paused 2ms+2ms
07-26 03:55:37.001 31641 31643 D dalvikvm: GC_CONCURRENT freed 234K, 4% free 10099K/10439K, paused 1ms+2ms
07-26 03:55:37.052 31641 31641 I DotsContentUris: content://com.google.android.apps.currents
07-26 03:55:37.083 31641 31641 I ActivityThread: Pub com.google.android.apps.currents: com.google.apps.dots.android.app.provider.DotsContentProvider
07-26 03:55:37.095 31641 31641 I DotsApplication: Starting up...
07-26 03:55:37.290   145   326 I ActivityManager: Process com.facebook.orca (pid 31529) has died.
07-26 03:55:37.290   145   326 W ActivityManager: Scheduling restart of crashed service com.facebook.orca/.push.mqtt.MqttPushService in 112684ms
07-26 03:55:37.368 31641 31643 D dalvikvm: GC_CONCURRENT freed 424K, 6% free 10136K/10695K, paused 22ms+3ms
07-26 03:55:37.606 31641 31643 D dalvikvm: GC_CONCURRENT freed 287K, 4% free 10322K/10695K, paused 2ms+3ms
07-26 03:55:37.665 31641 31660 I SyncService: Starting sync (03:55:37)
07-26 03:55:39.040   145   162 I ActivityManager: Start proc com.google.android.apps.googlevoice for service com.google.android.apps.googlevoice/.CallLogService: pid=31666 uid=10054 gids={3003, 1015}
07-26 03:55:39.747 31666 31669 D dalvikvm: GC_CONCURRENT freed 236K, 4% free 9288K/9607K, paused 8ms+2ms
07-26 03:55:39.821   145 21503 I ActivityManager: Start proc android.process.acore for content provider com.android.providers.contacts/.VoicemailContentProvider: pid=31682 uid=10000 gids={3003, 1015}
07-26 03:55:40.306 31682 31682 I ActivityThread: Pub call_log: com.android.providers.contacts.CallLogProvider
07-26 03:55:40.915 31682 31682 I ActivityThread: Pub com.android.voicemail: com.android.providers.contacts.VoicemailContentProvider
07-26 03:55:40.954 31682 31682 I ActivityThread: Pub user_dictionary: com.android.providers.userdictionary.UserDictionaryProvider
07-26 03:55:41.200 31682 31682 I ActivityThread: Pub com.android.social: com.android.providers.contacts.SocialProvider
07-26 03:55:41.212 31682 31682 I ActivityThread: Pub applications: com.android.providers.applications.ApplicationsProvider
07-26 03:55:41.571 31682 31684 D dalvikvm: GC_CONCURRENT freed 329K, 5% free 9140K/9543K, paused 6ms+2ms
07-26 03:55:41.571 31682 31682 I ActivityThread: Pub contacts;com.android.contacts: com.android.providers.contacts.ContactsProvider2
07-26 03:55:41.747   145   363 I ActivityManager: Process edu.buffalo.cse.phonelab.phonelabservices (pid 31187) has died.
07-26 03:55:41.747   145   363 W ActivityManager: Scheduling restart of crashed service edu.buffalo.cse.phonelab.phonelabservices/edu.buffalo.cse.phonelab.datalogger.LoggerService in 5000ms
07-26 03:55:42.009 31682 31684 D dalvikvm: GC_CONCURRENT freed 201K, 4% free 9336K/9671K, paused 2ms+4ms
07-26 03:55:42.532   145 21503 I ActivityManager: Process com.google.android.apps.gesturesearch (pid 31172) has died.
07-26 03:55:42.532   145 21503 W ActivityManager: Scheduling restart of crashed service com.google.android.apps.gesturesearch/.IndexingService in 14212ms
07-26 03:55:42.935 31682 31684 D dalvikvm: GC_CONCURRENT freed 209K, 4% free 9521K/9863K, paused 2ms+3ms
07-26 03:55:42.950 31641 31643 D dalvikvm: GC_CONCURRENT freed 283K, 4% free 10471K/10887K, paused 59ms+4ms
07-26 03:55:43.833 31641 31643 D dalvikvm: GC_CONCURRENT freed 199K, 3% free 10687K/11015K, paused 5ms+3ms
07-26 03:55:43.970 31641 31643 D dalvikvm: GC_CONCURRENT freed 483K, 6% free 10663K/11335K, paused 2ms+3ms
07-26 03:55:44.501 31641 31643 D dalvikvm: GC_CONCURRENT freed 387K, 6% free 10699K/11335K, paused 2ms+33ms
07-26 03:55:45.661 31641 31643 D dalvikvm: GC_CONCURRENT freed 379K, 6% free 10750K/11335K, paused 15ms+2ms
07-26 03:55:45.817 31682 31684 D dalvikvm: GC_CONCURRENT freed 254K, 4% free 9670K/10055K, paused 50ms+7ms
07-26 03:55:46.907   145   162 I ActivityManager: Start proc edu.buffalo.cse.phonelab.phonelabservices for service edu.buffalo.cse.phonelab.phonelabservices/edu.buffalo.cse.phonelab.datalogger.LoggerService: pid=31705 uid=10037 gids={3003, 1015, 1007, 2001}
07-26 03:55:47.228   145   363 D SyncManager: setSyncAutomatically: , provider com.google.android.apps.currents -> true
07-26 03:55:47.228   145   363 D SyncManager: setSyncAutomatically: already set to true, doing nothing
07-26 03:55:47.364 31705 31705 I PhoneLab-LoggerService: Start Logger Service
07-26 03:55:47.575 30986 30986 D SyncSetupManager: setState: sync = true, wantedSyncState = true
07-26 03:55:47.579 30986 30986 D SyncSetupManager: Enabling sync
07-26 03:55:47.712   321   321 D dalvikvm: GC_EXPLICIT freed <1K, 19% free 10149K/12487K, paused 5ms+8ms
07-26 03:55:47.974 31705 31719 I PhoneLab-: Service Running
07-26 03:55:48.267 31705 31719 I PhoneLab-LoggerService: app_37    1300  1     1440   1000  c00f181c 400107b4 S logcat
07-26 03:55:48.267 31705 31719 I PhoneLab-LoggerService: Logcat pid from database 1300
07-26 03:55:48.267 31705 31719 I PhoneLab-LoggerService: Logcat process found 1300
07-26 03:55:48.267 31705 31719 I PhoneLab-LoggerService: Checking Threshold
07-26 03:55:48.317 31705 31719 I PhoneLab-LoggerService: Starting to rename files
07-26 03:55:48.317 31705 31719 I PhoneLab-LoggerService: Files found .. 2
07-26 03:55:48.321 31641 31643 D dalvikvm: GC_CONCURRENT freed 422K, 5% free 10784K/11335K, paused 85ms+3ms
07-26 03:55:48.493 31641 31663 D dalvikvm: GC_FOR_ALLOC freed 187K, 4% free 11018K/11463K, paused 28ms
07-26 03:55:48.677 31641 31643 D dalvikvm: GC_CONCURRENT freed 269K, 4% free 11316K/11719K, paused 2ms+2ms
07-26 03:55:49.013   145   338 D dalvikvm: GC_EXPLICIT freed 425K, 23% free 18274K/23495K, paused 4ms+7ms
07-26 03:55:49.083 31641 31643 D dalvikvm: GC_CONCURRENT freed 553K, 6% free 11416K/12103K, paused 2ms+3ms
07-26 03:55:50.142   145   356 I ActivityManager: Process android.process.acore (pid 31682) has died.
07-26 03:55:50.149   145   356 I ActivityManager: Kill com.google.android.apps.googlevoice (pid 31666): provider com.android.providers.contacts.VoicemailContentProvider in dying process android.process.acore
07-26 03:55:50.169   145 22786 I ActivityManager: Process com.google.android.apps.googlevoice (pid 31666) has died.
07-26 03:55:50.169   145 22786 W ActivityManager: Scheduling restart of crashed service com.google.android.apps.googlevoice/.CallLogService in 175040ms
07-26 03:55:50.524 31641 31643 D dalvikvm: GC_CONCURRENT freed 912K, 9% free 11185K/12231K, paused 10ms+9ms
07-26 03:55:50.927 31641 31643 D dalvikvm: GC_CONCURRENT freed 572K, 9% free 11208K/12231K, paused 8ms+13ms
07-26 03:55:51.622 31641 31643 D dalvikvm: GC_CONCURRENT freed 605K, 9% free 11205K/12231K, paused 2ms+3ms
07-26 03:55:51.802 31641 31643 D dalvikvm: GC_CONCURRENT freed 604K, 9% free 11207K/12231K, paused 3ms+20ms
07-26 03:55:51.978 31641 31643 D dalvikvm: GC_CONCURRENT freed 573K, 9% free 11235K/12231K, paused 2ms+3ms
07-26 03:55:52.767 31641 31643 D dalvikvm: GC_CONCURRENT freed 674K, 9% free 11173K/12231K, paused 2ms+3ms
07-26 03:55:52.919 31641 31643 D dalvikvm: GC_CONCURRENT freed 556K, 9% free 11210K/12231K, paused 2ms+2ms
07-26 03:55:53.075 31641 31643 D dalvikvm: GC_CONCURRENT freed 579K, 9% free 11233K/12231K, paused 2ms+3ms
07-26 03:55:53.228 31641 31643 D dalvikvm: GC_CONCURRENT freed 584K, 8% free 11257K/12231K, paused 2ms+2ms
07-26 03:55:53.536 30685 30687 D dalvikvm: GC_CONCURRENT freed 401K, 6% free 10525K/11143K, paused 9ms+52ms
07-26 03:55:54.388 31641 31643 D dalvikvm: GC_CONCURRENT freed 678K, 9% free 11197K/12231K, paused 2ms+3ms
07-26 03:55:55.099   145 22786 I ActivityManager: Start proc com.google.android.apps.maps:LocationFriendService for service com.google.android.apps.maps/com.google.googlenav.friend.reporting.LocationReceiverService: pid=31723 uid=10056 gids={3003, 1015}
07-26 03:55:55.169 31641 31643 D dalvikvm: GC_CONCURRENT freed 590K, 9% free 11205K/12231K, paused 14ms+3ms
07-26 03:55:55.196   145   156 I ActivityManager: Process com.google.process.gapps (pid 18348) has died.
07-26 03:55:55.196   145   156 W ActivityManager: Scheduling restart of crashed service com.google.android.location/.internal.server.NetworkLocationService in 11549ms
07-26 03:55:55.196   145   156 W ActivityManager: Scheduling restart of crashed service com.google.android.gsf/.gtalkservice.service.GTalkService in 33770ms
07-26 03:55:55.196   145   156 W ActivityManager: Scheduling restart of crashed service com.google.android.location/.NetworkLocationService in 43770ms
07-26 03:55:55.196   145   156 I ActivityManager: Kill com.google.android.apps.maps:NetworkLocationService (pid 30685): provider com.google.android.gsf.settings.GoogleSettingsProvider in dying process com.google.process.gapps
07-26 03:55:55.208   145 22258 I ActivityManager: Process com.google.android.apps.maps:NetworkLocationService (pid 30685) has died.
07-26 03:55:55.208   145 22258 W ActivityManager: Scheduling restart of crashed service com.google.android.apps.maps/com.google.android.location.internal.server.NetworkLocationService in 53760ms
07-26 03:55:55.747 31723 31724 D dalvikvm: GC_CONCURRENT freed 161K, 3% free 9375K/9607K, paused 313ms+3ms
07-26 03:55:56.220   145   421 I ActivityManager: Start proc com.google.process.gapps for content provider com.google.android.gsf/.settings.GoogleSettingsProvider: pid=31737 uid=10009 gids={3003, 1015, 1007, 2001, 3006}
07-26 03:55:56.552 31737 31737 I ActivityThread: Pub com.google.settings: com.google.android.gsf.settings.GoogleSettingsProvider
07-26 03:55:56.872   145   162 I ActivityManager: Start proc com.google.android.apps.gesturesearch for service com.google.android.apps.gesturesearch/.IndexingService: pid=31750 uid=10088 gids={3003}
07-26 03:55:56.919 31750 31750 I dalvikvm: Turning on JNI app bug workarounds for target SDK version 8...
07-26 03:55:56.997 31641 31643 D dalvikvm: GC_CONCURRENT freed 595K, 9% free 11211K/12231K, paused 181ms+3ms
07-26 03:55:57.028 31737 31737 I ActivityThread: Pub subscribedfeeds: com.google.android.gsf.subscribedfeeds.SubscribedFeedsProvider
07-26 03:55:57.110 31750 31750 I ActivityThread: Pub com.google.android.apps.gesturesearch.history: com.google.android.apps.gesturesearch.data.QueryHistoryProvider
07-26 03:55:57.110 31750 31750 I ActivityThread: Pub com.google.android.apps.gesturesearch.index: com.google.android.apps.gesturesearch.data.IndexProvider
07-26 03:55:57.458 31737 31737 I ActivityThread: Pub com.google.contacts.gal.provider: com.google.android.syncadapters.contacts.GalProvider
07-26 03:55:57.587 31737 31737 I ActivityThread: Pub com.google.android.gsf.gservices: com.google.android.gsf.gservices.GservicesProvider
07-26 03:55:57.603 31737 31737 I GservicesProvider: Gservices pushing to system: true; secure: true
07-26 03:55:57.603 31737 31737 I ActivityThread: Pub com.google.android.providers.talk: com.google.android.gsf.talk.TalkProvider
07-26 03:55:58.560 31723 31724 D dalvikvm: GC_CONCURRENT freed 151K, 3% free 9663K/9927K, paused 62ms+2ms
07-26 03:55:58.618 31737 31740 D dalvikvm: GC_CONCURRENT freed 348K, 5% free 9187K/9607K, paused 320ms+3ms
07-26 03:55:58.771   145   421 D SyncManager: setSyncAutomatically: , provider subscribedfeeds -> true
07-26 03:55:58.771   145   421 D SyncManager: setSyncAutomatically: already set to true, doing nothing
07-26 03:55:59.321 31723 31724 D dalvikvm: GC_CONCURRENT freed 306K, 4% free 9841K/10247K, paused 2ms+4ms
07-26 03:55:59.626 31723 31730 I dalvikvm: Total arena pages for JIT: 11
07-26 03:55:59.626 31723 31730 I dalvikvm: Total arena pages for JIT: 12
07-26 03:55:59.626 31723 31730 I dalvikvm: Total arena pages for JIT: 13
07-26 03:55:59.626 31723 31730 I dalvikvm: Total arena pages for JIT: 14
07-26 03:55:59.630 31723 31730 I dalvikvm: Total arena pages for JIT: 15
07-26 03:55:59.630 31723 31730 I dalvikvm: Total arena pages for JIT: 16
07-26 03:55:59.630 31723 31730 I dalvikvm: Total arena pages for JIT: 17
07-26 03:55:59.751 31723 31724 D dalvikvm: GC_CONCURRENT freed 422K, 5% free 9943K/10439K, paused 2ms+3ms
07-26 03:56:00.064 31641 31643 D dalvikvm: GC_CONCURRENT freed 620K, 9% free 11202K/12231K, paused 18ms+3ms
07-26 03:56:00.407 31641 31643 D dalvikvm: GC_CONCURRENT freed 602K, 9% free 11198K/12231K, paused 2ms+2ms
07-26 03:56:00.790 31641 31643 D dalvikvm: GC_CONCURRENT freed 552K, 9% free 11245K/12231K, paused 2ms+2ms
07-26 03:56:00.946 31641 31643 D dalvikvm: GC_CONCURRENT freed 602K, 8% free 11258K/12231K, paused 2ms+6ms
07-26 03:56:02.044 31641 31643 D dalvikvm: GC_CONCURRENT freed 647K, 9% free 11229K/12231K, paused 3ms+3ms
07-26 03:56:02.153 31641 31663 D dalvikvm: GC_FOR_ALLOC freed 484K, 8% free 11263K/12231K, paused 27ms
07-26 03:56:02.153 31641 31663 I dalvikvm-heap: Grow heap (frag case) to 11.137MB for 72960-byte allocation
07-26 03:56:02.177 31641 31663 D dalvikvm: GC_FOR_ALLOC freed 39K, 9% free 11295K/12359K, paused 25ms
07-26 03:56:02.302 31641 31643 D dalvikvm: GC_CONCURRENT freed 672K, 9% free 11253K/12359K, paused 2ms+3ms
07-26 03:56:02.989 31641 31643 D dalvikvm: GC_CONCURRENT freed 625K, 9% free 11248K/12359K, paused 2ms+2ms
07-26 03:56:03.146 31641 31643 D dalvikvm: GC_CONCURRENT freed 590K, 9% free 11282K/12359K, paused 2ms+2ms
07-26 03:56:03.310 31641 31643 D dalvikvm: GC_CONCURRENT freed 605K, 9% free 11302K/12359K, paused 7ms+3ms
07-26 03:56:04.731 31641 31643 D dalvikvm: GC_CONCURRENT freed 680K, 9% free 11255K/12359K, paused 2ms+3ms
07-26 03:56:04.923 31641 31643 D dalvikvm: GC_CONCURRENT freed 608K, 9% free 11265K/12359K, paused 3ms+3ms
07-26 03:56:05.274 27972 27972 D dalvikvm: GC_EXPLICIT freed <1K, 5% free 9532K/9991K, paused 7ms+2ms
07-26 03:56:05.583 31641 31643 D dalvikvm: GC_CONCURRENT freed 615K, 9% free 11294K/12359K, paused 3ms+3ms
07-26 03:56:05.739 31641 31643 D dalvikvm: GC_CONCURRENT freed 620K, 9% free 11303K/12359K, paused 2ms+2ms
07-26 03:56:06.060 31641 31643 D dalvikvm: GC_CONCURRENT freed 617K, 9% free 11319K/12359K, paused 4ms+3ms
07-26 03:56:07.380 31737 31737 D androidInternalNlpService: onCreate com.google.android.location.internal.server.NetworkLocationService@41383928
07-26 03:56:07.411 31737 31777 D NetworkLocationRealOs: NLPv2 file already exists; ignoring any NLPv1 files
07-26 03:56:07.415 31737 31737 D androidNlpServiceThread: ANDROID minProtocolVersion 1 maxProtocolVersion 1 releaseVersion -1
07-26 03:56:07.716 31737 31740 D dalvikvm: GC_CONCURRENT freed 345K, 5% free 9263K/9735K, paused 2ms+3ms
07-26 03:56:08.052   145   363 D dalvikvm: GC_EXPLICIT freed 1259K, 23% free 18271K/23495K, paused 11ms+7ms
07-26 03:56:08.415 31737 31740 D dalvikvm: GC_CONCURRENT freed 175K, 3% free 9615K/9863K, paused 2ms+3ms
07-26 03:56:08.622 31737 31740 D dalvikvm: GC_CONCURRENT freed 652K, 7% free 9486K/10183K, paused 9ms+2ms
07-26 03:56:08.735 31641 31643 D dalvikvm: GC_CONCURRENT freed 690K, 9% free 11266K/12359K, paused 2ms+2ms
07-26 03:56:09.622 31641 31643 D dalvikvm: GC_CONCURRENT freed 607K, 9% free 11282K/12359K, paused 2ms+3ms
07-26 03:56:09.763 31641 31643 D dalvikvm: GC_CONCURRENT freed 598K, 9% free 11313K/12359K, paused 2ms+3ms
07-26 03:56:09.911 31641 31643 D dalvikvm: GC_CONCURRENT freed 606K, 9% free 11348K/12359K, paused 2ms+2ms
07-26 03:56:10.087 31737 31783 D CellLocator: Primary cell miss in cache. Need server request.
07-26 03:56:10.091 31737 31783 D NetworkLocator: New location significantly newer than previous. Reporting it.
07-26 03:56:10.126 31737 31779 I System.out: [INFO:2385]: LogSource: Running flush
07-26 03:56:10.146 31737 31779 D dalvikvm: GC_FOR_ALLOC freed 314K, 7% free 9510K/10183K, paused 16ms
07-26 03:56:10.146 31737 31779 I dalvikvm-heap: Grow heap (frag case) to 9.387MB for 32784-byte allocation
07-26 03:56:10.161 31737 31779 D dalvikvm: GC_FOR_ALLOC freed 3K, 7% free 9538K/10247K, paused 15ms
07-26 03:56:10.220 31737 31782 I System.out: [INFO:2476]: LogSource: Sending payload [bytes=563]
07-26 03:56:10.454 31641 31663 D dalvikvm: GC_EXPLICIT freed 345K, 8% free 11423K/12359K, paused 2ms+4ms
07-26 03:56:10.755 31737 31782 I System.out: [INFO:3016]: LogSource: Response [http=200,length=353]
07-26 03:56:10.759 31737 31779 I System.out: [INFO:3018]: LogSource: Read id 1, status code 200
07-26 03:56:10.771 31737 31783 D WifiLocator: Too many no-location APs. Will not compute a location nor go to the server. hasLocation=0 noLocation=0 cacheMiss=0
07-26 03:56:11.606 31641 31643 D dalvikvm: GC_CONCURRENT freed 819K, 9% free 11277K/12359K, paused 2ms+2ms
07-26 03:56:11.747 31641 31643 D dalvikvm: GC_CONCURRENT freed 594K, 9% free 11315K/12359K, paused 2ms+3ms
07-26 03:56:11.899 31641 31643 D dalvikvm: GC_CONCURRENT freed 623K, 9% free 11343K/12359K, paused 2ms+2ms
07-26 03:56:12.134 31641 31643 D dalvikvm: GC_CONCURRENT freed 540K, 8% free 11449K/12359K, paused 2ms+3ms
07-26 03:56:12.282   145 21503 D dalvikvm: GC_EXPLICIT freed 261K, 23% free 18257K/23495K, paused 3ms+7ms
07-26 03:56:13.442 31641 31643 D dalvikvm: GC_CONCURRENT freed 800K, 9% free 11330K/12359K, paused 2ms+2ms
07-26 03:56:13.575 31641 31643 D dalvikvm: GC_CONCURRENT freed 610K, 8% free 11380K/12359K, paused 2ms+2ms
07-26 03:56:14.028 31641 31643 D dalvikvm: GC_CONCURRENT freed 680K, 9% free 11358K/12359K, paused 21ms+3ms
07-26 03:56:16.470   342   342 D dalvikvm: GC_EXPLICIT freed 22K, 9% free 11872K/12935K, paused 321ms+3ms
07-26 03:56:16.587 31641 31643 D dalvikvm: GC_CONCURRENT freed 618K, 8% free 11448K/12359K, paused 2ms+2ms
07-26 03:56:16.735 31641 31643 D dalvikvm: GC_CONCURRENT freed 736K, 8% free 11402K/12359K, paused 2ms+3ms
07-26 03:56:17.134   145   379 I ActivityManager: Process com.google.android.apps.maps:LocationFriendService (pid 31723) has died.
07-26 03:56:17.310 31641 31643 D dalvikvm: GC_CONCURRENT freed 766K, 9% free 11302K/12359K, paused 2ms+2ms
07-26 03:56:17.431 31641 31643 D dalvikvm: GC_CONCURRENT freed 569K, 9% free 11369K/12359K, paused 2ms+2ms
07-26 03:56:17.603 31641 31643 D dalvikvm: GC_CONCURRENT freed 643K, 8% free 11384K/12359K, paused 2ms+2ms
07-26 03:56:18.091 31641 31643 D dalvikvm: GC_CONCURRENT freed 639K, 8% free 11406K/12359K, paused 2ms+2ms
07-26 03:56:18.228 31641 31643 D dalvikvm: GC_CONCURRENT freed 639K, 8% free 11437K/12359K, paused 2ms+2ms
07-26 03:56:19.048   145   162 I ActivityManager: Start proc com.google.android.apps.googlevoice for service com.google.android.apps.googlevoice/.UpdateService: pid=31787 uid=10054 gids={3003, 1015}
07-26 03:56:19.567 31787 31790 D dalvikvm: GC_CONCURRENT freed 239K, 4% free 9296K/9607K, paused 35ms+10ms
07-26 03:56:19.638   145 22258 I ActivityManager: Start proc android.process.acore for content provider com.android.providers.contacts/.VoicemailContentProvider: pid=31802 uid=10000 gids={3003, 1015}
07-26 03:56:19.700 31641 31643 D dalvikvm: GC_CONCURRENT freed 761K, 9% free 11354K/12359K, paused 2ms+3ms
07-26 03:56:19.786 31802 31802 I ActivityThread: Pub call_log: com.android.providers.contacts.CallLogProvider
07-26 03:56:19.880 31802 31802 I ActivityThread: Pub com.android.voicemail: com.android.providers.contacts.VoicemailContentProvider
07-26 03:56:19.884 31802 31802 I ActivityThread: Pub user_dictionary: com.android.providers.userdictionary.UserDictionaryProvider
07-26 03:56:19.935 31802 31802 I ActivityThread: Pub com.android.social: com.android.providers.contacts.SocialProvider
07-26 03:56:19.939 31802 31802 I ActivityThread: Pub applications: com.android.providers.applications.ApplicationsProvider
07-26 03:56:20.021 31802 31802 I ActivityThread: Pub contacts;com.android.contacts: com.android.providers.contacts.ContactsProvider2
07-26 03:56:20.024 31802 31804 D dalvikvm: GC_CONCURRENT freed 340K, 5% free 9155K/9607K, paused 3ms+2ms
07-26 03:56:21.267 31802 31804 D dalvikvm: GC_CONCURRENT freed 193K, 4% free 9410K/9735K, paused 123ms+2ms
07-26 03:56:21.540 31787 31790 D dalvikvm: GC_CONCURRENT freed 464K, 6% free 9390K/9927K, paused 2ms+3ms
07-26 03:56:21.544 31787 31796 W CursorWrapperInner: Cursor finalized without prior close()
07-26 03:56:21.544 31787 31796 W CursorWrapperInner: Cursor finalized without prior close()
07-26 03:56:21.544 31787 31796 W CursorWrapperInner: Cursor finalized without prior close()
07-26 03:56:21.837   145  1303 D CountryDetector: The first listener is added
07-26 03:56:21.997 31641 31643 D dalvikvm: GC_CONCURRENT freed 644K, 8% free 11375K/12359K, paused 3ms+10ms
07-26 03:56:22.017 31802 31804 D dalvikvm: GC_CONCURRENT freed 214K, 3% free 9770K/10055K, paused 16ms+3ms
07-26 03:56:22.247   361   361 D dalvikvm: GC_EXPLICIT freed <1K, 6% free 9099K/9607K, paused 6ms+5ms
07-26 03:56:22.778 31641 31643 D dalvikvm: GC_CONCURRENT freed 682K, 9% free 11357K/12359K, paused 3ms+4ms
07-26 03:56:23.439 31787 31825 D dalvikvm: GC_FOR_ALLOC freed 277K, 5% free 9527K/9991K, paused 29ms
07-26 03:56:23.466 31802 31804 D dalvikvm: GC_CONCURRENT freed 349K, 5% free 9922K/10375K, paused 132ms+13ms
07-26 03:56:23.548 31787 31790 D dalvikvm: GC_CONCURRENT freed 45K, 5% free 9586K/10055K, paused 2ms+3ms
07-26 03:56:24.005 31641 31643 D dalvikvm: GC_CONCURRENT freed 635K, 8% free 11383K/12359K, paused 21ms+9ms
07-26 03:56:24.306 31641 31643 D dalvikvm: GC_CONCURRENT freed 484K, 7% free 11579K/12359K, paused 3ms+3ms
07-26 03:56:24.595 31802 31804 D dalvikvm: GC_CONCURRENT freed 342K, 5% free 10028K/10503K, paused 21ms+8ms
07-26 03:56:24.618 31641 31643 D dalvikvm: GC_CONCURRENT freed 535K, 6% free 11821K/12487K, paused 2ms+3ms
07-26 03:56:24.927 31641 31643 D dalvikvm: GC_CONCURRENT freed 870K, 8% free 11805K/12807K, paused 3ms+4ms
07-26 03:56:26.403 31641 31643 D dalvikvm: GC_CONCURRENT freed 1329K, 12% free 11336K/12807K, paused 8ms+4ms
07-26 03:56:27.259 30986 30986 W ThumbnailCache: Low Memory: Freed 0 textures from compression queue, 0 from write queue, 0 from the pinned list, 0 from the cache.
07-26 03:56:27.462 30986 30986 D dalvikvm: GC_EXPLICIT freed 43K, 9% free 11048K/12103K, paused 2ms+7ms
07-26 03:56:28.454   145 22786 D CountryDetector: No listener is left
07-26 03:56:28.458   145 21503 I ActivityManager: Process android.process.acore (pid 31802) has died.
07-26 03:56:28.958 31641 31660 I SyncService: sync service finished (03:56:28)
07-26 03:56:29.403 31737 31740 D dalvikvm: GC_CONCURRENT freed 285K, 6% free 9673K/10247K, paused 12ms+2ms
07-26 03:56:29.536 31737 31740 D dalvikvm: GC_CONCURRENT freed 448K, 6% free 9729K/10311K, paused 2ms+3ms
07-26 03:56:29.739   145   162 I ActivityManager: Start proc com.google.android.talk for broadcast com.google.android.talk/.McsConnectionStartedReceiver: pid=31836 uid=10045 gids={3003, 1015, 1006, 3002}
07-26 03:56:30.087 31737 31834 I GTalkService/c: [AndroidEndpoint@1094705408] connect: acct=1000000, state=CONNECTING
07-26 03:56:30.208 31836 31836 I ActivityThread: Pub com.google.android.talk.SuggestionProvider: com.google.android.talk.SuggestionsProvider
07-26 03:56:30.489 31836 31836 D vclib:CallStateClient: startListening
07-26 03:56:30.556 31836 31837 D dalvikvm: GC_CONCURRENT freed 154K, 3% free 9343K/9607K, paused 65ms+2ms
07-26 03:56:30.560 31836 31856 I talk    : onMcsConnectionStarted
07-26 03:56:30.685   145   423 I ActivityManager: Process com.google.android.talk (pid 31836) has died.
07-26 03:56:30.802   145   379 I ActivityManager: Process com.google.android.apps.maps (pid 31608) has died.
07-26 03:56:30.802   145   379 W ActivityManager: Scheduling restart of crashed service com.google.android.apps.maps/com.google.googlenav.prefetch.android.PrefetcherService in 28165ms
07-26 03:56:30.884 31737 31740 D dalvikvm: GC_CONCURRENT freed 360K, 5% free 9839K/10311K, paused 105ms+3ms
07-26 03:56:31.165 31737 31858 I GTalkService/c: [GTalkConnection@1093949784] connect: acct=1, state=CONNECTING
07-26 03:56:31.888   145   378 I ActivityManager: Start proc android.process.acore for content provider com.android.providers.contacts/.ContactsProvider2: pid=31864 uid=10000 gids={3003, 1015}
07-26 03:56:31.985 31864 31864 I ActivityThread: Pub call_log: com.android.providers.contacts.CallLogProvider
07-26 03:56:32.036 31864 31864 I ActivityThread: Pub com.android.voicemail: com.android.providers.contacts.VoicemailContentProvider
07-26 03:56:32.040 31864 31864 I ActivityThread: Pub user_dictionary: com.android.providers.userdictionary.UserDictionaryProvider
07-26 03:56:32.075 31864 31864 I ActivityThread: Pub com.android.social: com.android.providers.contacts.SocialProvider
07-26 03:56:32.079 31864 31864 I ActivityThread: Pub applications: com.android.providers.applications.ApplicationsProvider
07-26 03:56:32.208   145   201 D ConnectivityService: handleInetConditionHoldEnd: net=1, condition=100, published condition=100
07-26 03:56:32.231 31864 31866 D dalvikvm: GC_CONCURRENT freed 344K, 5% free 9152K/9607K, paused 3ms+2ms
07-26 03:56:32.231 31864 31864 I ActivityThread: Pub contacts;com.android.contacts: com.android.providers.contacts.ContactsProvider2
07-26 03:56:32.571 31864 31866 D dalvikvm: GC_CONCURRENT freed 234K, 4% free 9372K/9735K, paused 2ms+2ms
07-26 03:56:33.356   145   430 I ActivityManager: Process android.process.acore (pid 31864) has died.
07-26 03:56:33.821   145   156 I ActivityManager: Start proc android.process.acore for content provider com.android.providers.contacts/.ContactsProvider2: pid=31880 uid=10000 gids={3003, 1015}
07-26 03:56:33.876 31880 31880 I ActivityThread: Pub call_log: com.android.providers.contacts.CallLogProvider
07-26 03:56:33.876    79    79 D dalvikvm: GC_EXPLICIT freed 38K, 4% free 9031K/9347K, paused 2ms+12ms
07-26 03:56:33.892 31880 31880 I ActivityThread: Pub com.android.voicemail: com.android.providers.contacts.VoicemailContentProvider
07-26 03:56:33.892 31880 31880 I ActivityThread: Pub user_dictionary: com.android.providers.userdictionary.UserDictionaryProvider
07-26 03:56:33.903 31880 31880 I ActivityThread: Pub com.android.social: com.android.providers.contacts.SocialProvider
07-26 03:56:33.907 31880 31880 I ActivityThread: Pub applications: com.android.providers.applications.ApplicationsProvider
07-26 03:56:33.923    79    79 D dalvikvm: GC_EXPLICIT freed <1K, 4% free 9031K/9347K, paused 1ms+5ms
07-26 03:56:33.970    79    79 D dalvikvm: GC_EXPLICIT freed <1K, 4% free 9031K/9347K, paused 3ms+4ms
07-26 03:56:34.001 31880 31880 I ActivityThread: Pub contacts;com.android.contacts: com.android.providers.contacts.ContactsProvider2
07-26 03:56:34.021 31880 31882 D dalvikvm: GC_CONCURRENT freed 362K, 5% free 9173K/9607K, paused 2ms+3ms
07-26 03:56:34.189 31880 31882 D dalvikvm: GC_CONCURRENT freed 228K, 4% free 9378K/9735K, paused 2ms+2ms
07-26 03:56:34.747   145   162 I ActivityManager: Start proc com.google.android.talk for broadcast com.google.android.talk/.ConnectionStateOnlineReceiver: pid=31896 uid=10045 gids={3003, 1015, 1006, 3002}
07-26 03:56:34.810 31896 31896 I ActivityThread: Pub com.google.android.talk.SuggestionProvider: com.google.android.talk.SuggestionsProvider
07-26 03:56:34.837   145   430 I ActivityManager: Process android.process.acore (pid 31880) has died.
07-26 03:56:34.966   145   363 D dalvikvm: GC_EXPLICIT freed 1000K, 23% free 18269K/23495K, paused 8ms+6ms
07-26 03:56:34.978   145 22258 I ActivityManager: Start proc android.process.acore for content provider com.android.providers.contacts/.ContactsProvider2: pid=31911 uid=10000 gids={3003, 1015}
07-26 03:56:34.997 31896 31896 D vclib:CallStateClient: startListening
07-26 03:56:35.032 31911 31911 I ActivityThread: Pub call_log: com.android.providers.contacts.CallLogProvider
07-26 03:56:35.036 31911 31911 I ActivityThread: Pub com.android.voicemail: com.android.providers.contacts.VoicemailContentProvider
07-26 03:56:35.040 31911 31911 I ActivityThread: Pub user_dictionary: com.android.providers.userdictionary.UserDictionaryProvider
07-26 03:56:35.044 31911 31911 I ActivityThread: Pub com.android.social: com.android.providers.contacts.SocialProvider
07-26 03:56:35.056 31911 31911 I ActivityThread: Pub applications: com.android.providers.applications.ApplicationsProvider
07-26 03:56:35.126 31896 31897 D dalvikvm: GC_CONCURRENT freed 169K, 3% free 9366K/9607K, paused 2ms+35ms
07-26 03:56:35.192 31911 31913 D dalvikvm: GC_CONCURRENT freed 329K, 5% free 9140K/9543K, paused 2ms+2ms
07-26 03:56:35.192 31911 31911 I ActivityThread: Pub contacts;com.android.contacts: com.android.providers.contacts.ContactsProvider2
07-26 03:56:35.259   145   338 I ActivityManager: Process com.google.android.talk (pid 31896) has died.
07-26 03:56:35.317 31737 31740 D dalvikvm: GC_CONCURRENT freed 339K, 5% free 9904K/10375K, paused 2ms+3ms
07-26 03:56:35.360   145   162 I ActivityManager: Start proc com.google.android.talk for broadcast com.google.android.talk/.videochat.XmppReceiver: pid=31931 uid=10045 gids={3003, 1015, 1006, 3002}
07-26 03:56:35.423 31931 31931 I ActivityThread: Pub com.google.android.talk.SuggestionProvider: com.google.android.talk.SuggestionsProvider
07-26 03:56:35.450 31931 31931 D vclib:CallStateClient: startListening
07-26 03:56:35.528 31931 31934 D dalvikvm: GC_CONCURRENT freed 179K, 3% free 9340K/9607K, paused 2ms+3ms
07-26 03:56:35.708 31911 31913 D dalvikvm: GC_CONCURRENT freed 195K, 4% free 9354K/9671K, paused 4ms+4ms
07-26 03:56:35.790   145   421 I ActivityManager: Start proc android.process.media for content provider com.android.providers.media/.MediaProvider: pid=31955 uid=10012 gids={1015, 1023, 1024, 2001, 3003, 3007}
07-26 03:56:35.829   145   156 I ActivityManager: Process com.google.android.talk (pid 31931) has died.
07-26 03:56:35.939 31955 31955 I ActivityThread: Pub downloads: com.android.providers.downloads.DownloadProvider
07-26 03:56:35.997 31955 31955 I ActivityThread: Pub drm: com.android.providers.drm.DrmProvider
07-26 03:56:36.001 31955 31968 I DownloadManager: in removeSpuriousFiles
07-26 03:56:36.009 31955 31955 I ActivityThread: Pub media: com.android.providers.media.MediaProvider
07-26 03:56:36.071 31955 31968 I DownloadManager: in removeSpuriousFiles, preserving file /data/data/com.android.providers.downloads/cache/metadata.json
07-26 03:56:36.071 31955 31968 I DownloadManager: in removeSpuriousFiles, preserving file /data/data/com.android.providers.downloads/cache/en_general.htm
07-26 03:56:36.071 31955 31968 I DownloadManager: in removeSpuriousFiles, preserving file /mnt/sdcard/Download/img-thing.jpeg
07-26 03:56:36.071 31955 31968 I DownloadManager: in removeSpuriousFiles, preserving file /data/data/com.android.providers.downloads/cache/metadata-1.json
07-26 03:56:36.071 31955 31968 I DownloadManager: in removeSpuriousFiles, preserving file /data/data/com.android.providers.downloads/cache/downloadfile.jpeg
07-26 03:56:36.071 31955 31968 I DownloadManager: in removeSpuriousFiles, preserving file /data/data/com.android.providers.downloads/cache/metadata-2.json
07-26 03:56:36.071 31955 31968 I DownloadManager: in removeSpuriousFiles, preserving file /data/data/com.android.providers.downloads/cache/metadata-3.json
07-26 03:56:36.071 31955 31968 I DownloadManager: in removeSpuriousFiles, preserving file /data/data/com.android.providers.downloads/cache/downloadfile-1.jpeg
07-26 03:56:36.071 31955 31968 I DownloadManager: in removeSpuriousFiles, preserving file /data/data/com.android.providers.downloads/cache/downloadfile-2.jpeg
07-26 03:56:36.075 31955 31968 I DownloadManager: in removeSpuriousFiles, preserving file /data/data/com.android.providers.downloads/cache/metadata-4.json
07-26 03:56:36.075 31955 31968 I DownloadManager: in removeSpuriousFiles, preserving file /data/data/com.android.providers.downloads/cache/metadata-5.json
07-26 03:56:36.075 31955 31968 I DownloadManager: in removeSpuriousFiles, preserving file /data/data/com.android.providers.downloads/cache/metadata-6.json
07-26 03:56:36.075 31955 31968 I DownloadManager: in removeSpuriousFiles, preserving file /data/data/com.android.providers.downloads/cache/metadata-7.json
07-26 03:56:36.075 31955 31968 I DownloadManager: in removeSpuriousFiles, preserving file /data/data/com.android.providers.downloads/cache/metadata-8.json
07-26 03:56:36.075 31955 31968 I DownloadManager: in removeSpuriousFiles, preserving file /data/data/com.android.providers.downloads/cache/downloadfile-3.jpeg
07-26 03:56:36.075 31955 31968 I DownloadManager: in removeSpuriousFiles, preserving file /data/data/com.android.providers.downloads/cache/downloadfile-4.jpeg
07-26 03:56:36.075 31955 31968 I DownloadManager: deleting spurious file /cache/backup
07-26 03:56:36.716 31911 31913 D dalvikvm: GC_CONCURRENT freed 193K, 4% free 9619K/9927K, paused 158ms+3ms
07-26 03:56:37.435 31955 31957 D dalvikvm: GC_CONCURRENT freed 367K, 5% free 9154K/9607K, paused 2ms+2ms
07-26 03:56:38.278   145   156 I ActivityManager: Process android.process.media (pid 31955) has died.
07-26 03:56:39.071 31737 31737 D NetworkLocationService: onCreate com.google.android.location.NetworkLocationService@4134a688
07-26 03:56:39.255 31737 31737 D NetworkLocationClient: ANDROID minProtocolVersion 1 maxProtocolVersion 1 releaseVersion -1
07-26 03:56:39.259 31737 31737 D NetworkLocationClient: binding to Intent { act=com.google.android.location.internal.ANDROID_NLP }
07-26 03:56:39.263 31737 31737 D NetworkLocationService: onBind com.google.android.location.NetworkLocationProvidercom.google.android.location.NetworkLocationService@4134a688
07-26 03:56:39.263 31737 31737 D NetworkLocationService: onBind com.google.android.location.GeocodeProvidercom.google.android.location.NetworkLocationService@4134a688
07-26 03:56:39.278 31737 31737 D NetworkLocationClient: onServiceConnected to ComponentInfo{com.google.android.location/com.google.android.location.internal.server.NetworkLocationService}
07-26 03:56:39.282 31737 31977 D androidNetworkLocationListeners: Still have listener com.google.android.location.internal.client.NetworkLocationClient$1@4142c640
07-26 03:56:39.306 31737 31977 D androidNetworkLocationListeners: Still have listener com.google.android.location.internal.client.NetworkLocationClient$1@4142c640
07-26 03:56:39.657 31737 31740 D dalvikvm: GC_CONCURRENT freed 444K, 6% free 9935K/10503K, paused 6ms+3ms
07-26 03:56:39.692   145   329 I ActivityManager: Start proc com.google.android.apps.maps:LocationFriendService for service com.google.android.apps.maps/com.google.googlenav.friend.reporting.LocationReceiverService: pid=31978 uid=10056 gids={3003, 1015}
07-26 03:56:40.044 31978 31980 D dalvikvm: GC_CONCURRENT freed 163K, 3% free 9372K/9607K, paused 13ms+2ms
07-26 03:56:40.396   145   326 I ActivityManager: Process android.process.acore (pid 31911) has died.
07-26 03:56:40.571 31978 31980 D dalvikvm: GC_CONCURRENT freed 151K, 3% free 9646K/9927K, paused 11ms+2ms
07-26 03:56:40.704   145 22258 I ActivityManager: Start proc android.process.acore for content provider com.android.providers.contacts/.ContactsProvider2: pid=31993 uid=10000 gids={3003, 1015}
07-26 03:56:40.735 31993 31993 I ActivityThread: Pub call_log: com.android.providers.contacts.CallLogProvider
07-26 03:56:40.751 31993 31993 I ActivityThread: Pub com.android.voicemail: com.android.providers.contacts.VoicemailContentProvider
07-26 03:56:40.751 31993 31993 I ActivityThread: Pub user_dictionary: com.android.providers.userdictionary.UserDictionaryProvider
07-26 03:56:40.763 31993 31993 I ActivityThread: Pub com.android.social: com.android.providers.contacts.SocialProvider
07-26 03:56:40.763 31993 31993 I ActivityThread: Pub applications: com.android.providers.applications.ApplicationsProvider
07-26 03:56:40.837 31993 31993 I ActivityThread: Pub contacts;com.android.contacts: com.android.providers.contacts.ContactsProvider2
07-26 03:56:40.872 31993 31995 D dalvikvm: GC_CONCURRENT freed 346K, 5% free 9189K/9607K, paused 2ms+10ms
07-26 03:56:41.099 31993 31995 D dalvikvm: GC_CONCURRENT freed 219K, 4% free 9415K/9735K, paused 2ms+3ms
07-26 03:56:41.794 31993 31995 D dalvikvm: GC_CONCURRENT freed 337K, 5% free 9520K/9991K, paused 4ms+6ms
07-26 03:56:41.974 31993 31995 D dalvikvm: GC_CONCURRENT freed 214K, 4% free 9706K/10055K, paused 5ms+3ms
07-26 03:56:42.462   145   326 I ActivityManager: Process com.google.android.apps.maps:LocationFriendService (pid 31978) has died.
07-26 03:56:42.583 31737 31863 D dalvikvm: GC_EXPLICIT freed 376K, 5% free 9984K/10503K, paused 4ms+5ms
07-26 03:56:43.095   145  1303 I ActivityManager: Process android.process.acore (pid 31993) has died.
07-26 03:56:43.278   145  1303 D dalvikvm: GC_EXPLICIT freed 420K, 23% free 18268K/23495K, paused 13ms+8ms
07-26 03:56:49.024   145   162 I ActivityManager: Start proc com.google.android.apps.maps:NetworkLocationService for service com.google.android.apps.maps/com.google.android.location.internal.server.NetworkLocationService: pid=32011 uid=10056 gids={3003, 1015}
07-26 03:56:49.189 32011 32014 D dalvikvm: GC_CONCURRENT freed 168K, 3% free 9367K/9607K, paused 6ms+6ms
07-26 03:56:49.548 31004 31004 D dalvikvm: GC_EXPLICIT freed <1K, 4% free 9241K/9543K, paused 4ms+5ms
07-26 03:56:49.849 32011 32014 D dalvikvm: GC_CONCURRENT freed 159K, 3% free 9679K/9927K, paused 5ms+2ms
07-26 03:56:50.337 32011 32014 D dalvikvm: GC_CONCURRENT freed 171K, 3% free 10068K/10311K, paused 6ms+3ms
07-26 03:56:50.517 32011 32014 D dalvikvm: GC_CONCURRENT freed 666K, 8% free 9887K/10631K, paused 1ms+2ms
07-26 03:56:50.646   145   162 I ActivityManager: Start proc com.google.android.apps.maps:FriendService for broadcast com.google.android.apps.maps/com.google.googlenav.friend.android.ServiceReceiver: pid=32032 uid=10056 gids={3003, 1015}
07-26 03:56:50.817 32032 32035 D dalvikvm: GC_CONCURRENT freed 171K, 3% free 9365K/9607K, paused 2ms+3ms
07-26 03:56:50.954 32032 32035 D dalvikvm: GC_CONCURRENT freed 211K, 4% free 9686K/9991K, paused 1ms+1ms
07-26 03:56:51.075   145   161 I ActivityManager: Start proc com.google.android.apps.maps:LocationFriendService for broadcast com.google.android.apps.maps/com.google.googlenav.friend.reporting.LocationReportingIntentReceiver: pid=32045 uid=10056 gids={3003, 1015}
07-26 03:56:51.192 32045 32047 D dalvikvm: GC_CONCURRENT freed 173K, 3% free 9362K/9607K, paused 2ms+2ms
07-26 03:56:51.274   145  1302 I ActivityManager: Process com.google.android.apps.maps:FriendService (pid 32032) has died.
07-26 03:56:51.310 32011 32018 I dalvikvm: Total arena pages for JIT: 11
07-26 03:56:51.310 32011 32018 I dalvikvm: Total arena pages for JIT: 12
07-26 03:56:51.314 32011 32018 I dalvikvm: Total arena pages for JIT: 13
07-26 03:56:51.314 32011 32018 I dalvikvm: Total arena pages for JIT: 14
07-26 03:56:51.317 32011 32018 I dalvikvm: Total arena pages for JIT: 15
07-26 03:56:51.317 32011 32018 I dalvikvm: Total arena pages for JIT: 16
07-26 03:56:51.321 32011 32018 I dalvikvm: Total arena pages for JIT: 17
07-26 03:56:51.481 32011 32018 I dalvikvm: Total arena pages for JIT: 18
07-26 03:56:51.583 32045 32047 D dalvikvm: GC_CONCURRENT freed 208K, 3% free 9693K/9991K, paused 14ms+4ms
07-26 03:56:51.771   145   156 I ActivityManager: Process com.google.android.apps.gesturesearch (pid 31750) has died.
07-26 03:56:51.771   145   156 W ActivityManager: Scheduling restart of crashed service com.google.android.apps.gesturesearch/.IndexingService in 56848ms
07-26 03:56:51.778 32011 32014 D dalvikvm: GC_CONCURRENT freed 208K, 5% free 10172K/10631K, paused 2ms+3ms
07-26 03:56:51.903 32045 32047 D dalvikvm: GC_CONCURRENT freed 324K, 4% free 9909K/10311K, paused 6ms+4ms
07-26 03:56:51.993   145   326 I ActivityManager: Process edu.buffalo.cse.phonelab.phonelabservices (pid 31705) has died.
07-26 03:56:51.993   145   326 W ActivityManager: Scheduling restart of crashed service edu.buffalo.cse.phonelab.phonelabservices/edu.buffalo.cse.phonelab.datalogger.LoggerService in 16974ms
07-26 03:56:52.157   145   199 D DhcpInfoInternal: makeLinkProperties with empty dns2!
07-26 03:56:52.157   145   199 D DhcpInfoInternal: makeLinkProperties with empty dns2!
07-26 03:56:52.431 32011 32014 D dalvikvm: GC_CONCURRENT freed 303K, 4% free 10361K/10759K, paused 2ms+2ms
07-26 03:56:53.731 32011 32014 D dalvikvm: GC_CONCURRENT freed 506K, 6% free 10349K/10951K, paused 2ms+7ms
07-26 03:56:53.821 32045 32047 D dalvikvm: GC_CONCURRENT freed 376K, 5% free 10023K/10503K, paused 2ms+2ms
07-26 03:56:59.064   145   162 I ActivityManager: Start proc com.google.android.apps.maps for service com.google.android.apps.maps/com.google.googlenav.prefetch.android.PrefetcherService: pid=32086 uid=10056 gids={3003, 1015}
07-26 03:56:59.091   145   421 I ActivityManager: Process com.google.android.apps.maps:LocationFriendService (pid 32045) has died.
07-26 03:56:59.239 32086 32089 D dalvikvm: GC_CONCURRENT freed 172K, 3% free 9364K/9607K, paused 1ms+2ms
07-26 03:56:59.349 32086 32086 I ActivityThread: Pub com.google.android.maps.SearchHistoryProvider: com.google.googlenav.provider.SearchHistoryProvider
07-26 03:56:59.356 32086 32086 I ActivityThread: Pub com.google.android.maps.SuggestionProvider: com.google.googlenav.suggest.android.SuggestContentProvider
07-26 03:56:59.364 32086 32086 I ActivityThread: Pub com.google.android.maps.LayerInfoProvider: com.google.googlenav.layer.LayerInfoProvider
07-26 03:56:59.380 32086 32086 I ActivityThread: Pub com.google.android.maps.TrafficAppWidgetProvider: com.google.googlenav.appwidget.traffic.TrafficAppWidgetProvider
07-26 03:56:59.380 32086 32086 I ActivityThread: Pub com.google.android.maps.LocalActivePlacesProvider: com.google.googlenav.provider.LocalActivePlacesProvider
07-26 03:56:59.384 32086 32086 I ActivityThread: Pub com.google.android.maps.StarredItemProvider: com.google.googlenav.provider.StarredItemProvider
07-26 03:56:59.470 32086 32089 D dalvikvm: GC_CONCURRENT freed 204K, 3% free 9713K/9991K, paused 2ms+3ms
07-26 03:56:59.642 32086 32089 D dalvikvm: GC_CONCURRENT freed 289K, 4% free 9917K/10311K, paused 2ms+3ms
07-26 03:56:59.642 32086 32086 I ActivityThread: Pub com.google.android.maps.LocalSuggestionProvider: com.google.googlenav.provider.LocalSuggestionProvider
07-26 03:56:59.642 32086 32086 I ActivityThread: Pub com.google.android.maps.NavigationAvailabilityProvider: com.google.googlenav.provider.NavigationAvailabilityProvider
07-26 03:56:59.755 32086 32103 D dalvikvm: GC_FOR_ALLOC freed 83K, 4% free 9965K/10311K, paused 39ms
07-26 03:56:59.802 32086 32104 D dalvikvm: GC_FOR_ALLOC freed 24K, 4% free 10171K/10567K, paused 30ms
07-26 03:56:59.802 32086 32104 I dalvikvm-heap: Grow heap (frag case) to 10.197MB for 204816-byte allocation
07-26 03:56:59.845 32086 32105 D dalvikvm: GC_FOR_ALLOC freed <1K, 5% free 10371K/10823K, paused 30ms
07-26 03:57:00.255 32086 32113 D dalvikvm: GC_FOR_ALLOC freed 178K, 3% free 10500K/10823K, paused 105ms
07-26 03:57:00.310 32086 32114 D dalvikvm: GC_FOR_ALLOC freed 44K, 4% free 10694K/11079K, paused 29ms
07-26 03:57:01.173   145   338 I ActivityManager: Process com.google.android.apps.currents (pid 31641) has died.
07-26 03:57:01.173   145   338 W ActivityManager: Scheduling restart of crashed service com.google.android.apps.currents/com.google.apps.dots.android.app.service.DotsSyncService in 17794ms
07-26 03:57:01.829   145 32099 I ActivityManager: Applications Memory Usage (kB):
07-26 03:57:01.829   145 32099 I ActivityManager: Uptime: 206462992 Realtime: 208928641
07-26 03:57:01.829   145 32099 I ActivityManager: Total PSS by OOM adjustment:
07-26 03:57:01.829   145 32099 I ActivityManager:     28292 kB: System
07-26 03:57:01.829   145 32099 I ActivityManager:                28292 kB: system (pid 145)
07-26 03:57:01.829   145 32099 I ActivityManager:     26003 kB: Persistent
07-26 03:57:01.829   145 32099 I ActivityManager:                11652 kB: com.android.systemui (pid 215)
07-26 03:57:01.829   145 32099 I ActivityManager:                10305 kB: com.android.phone (pid 342)
07-26 03:57:01.829   145 32099 I ActivityManager:                 4046 kB: com.android.nfc (pid 361)
07-26 03:57:01.829   145 32099 I ActivityManager:    134633 kB: Foreground
07-26 03:57:01.829   145 32099 I ActivityManager:                64293 kB: com.android.chrome (pid 30986)
07-26 03:57:01.829   145 32099 I ActivityManager:                57039 kB: com.android.chrome:sandboxed_process0 (pid 31004)
07-26 03:57:01.829   145 32099 I ActivityManager:                10023 kB: com.google.process.gapps (pid 31737)
07-26 03:57:01.829   145 32099 I ActivityManager:                 3278 kB: com.google.android.apps.maps (pid 32086)
07-26 03:57:01.829   145 32099 I ActivityManager:      7866 kB: Visible
07-26 03:57:01.829   145 32099 I ActivityManager:                 4876 kB: com.google.android.gsf.login (pid 27972)
07-26 03:57:01.829   145 32099 I ActivityManager:                 2990 kB: com.android.smspush (pid 443)
07-26 03:57:01.829   145 32099 I ActivityManager:      7778 kB: Perceptible
07-26 03:57:01.829   145 32099 I ActivityManager:                 7778 kB: com.klye.ime.latin (pid 321)
07-26 03:57:01.829   145 32099 I ActivityManager:      8339 kB: A Services
07-26 03:57:01.829   145 32099 I ActivityManager:                 8339 kB: com.google.android.apps.maps:NetworkLocationService (pid 32011)
07-26 03:57:01.829   145 32099 I ActivityManager:     11940 kB: Home
07-26 03:57:01.829   145 32099 I ActivityManager:                11940 kB: com.android.launcher (pid 21345)
07-26 03:57:01.829   145 32099 I ActivityManager:     11102 kB: Previous
07-26 03:57:01.829   145 32099 I ActivityManager:                11102 kB: com.whatsapp (pid 29264)
07-26 03:57:01.829   145 32099 I ActivityManager:     19459 kB: B Services
07-26 03:57:01.829   145 32099 I ActivityManager:                11517 kB: com.google.android.apps.currents (pid 31641)
07-26 03:57:01.829   145 32099 I ActivityManager:                 5272 kB: com.google.android.apps.googlevoice (pid 31787)
07-26 03:57:01.829   145 32099 I ActivityManager:                 2670 kB: com.android.sprintmenu (pid 30922)
07-26 03:57:01.829   145 32099 I ActivityManager: 
07-26 03:57:01.829   145 32099 I ActivityManager: Total PSS: 255412 kB
07-26 03:57:01.829   145 32099 I ActivityManager:   PID      Vss      Rss      Pss      Uss  cmdline
07-26 03:57:01.829   145 32099 I ActivityManager: 30986   87108K   87036K   64457K   58304K  com.android.chrome
07-26 03:57:01.829   145 32099 I ActivityManager: 31004   76772K   76668K   57154K   53352K  com.android.chrome:sandboxed_process0
07-26 03:57:01.829   145 32099 I ActivityManager:   145   44644K   44584K   28395K   26436K  system_server
07-26 03:57:01.829   145 32099 I ActivityManager:    78   22548K   19548K   12839K    6948K  /system/bin/surfaceflinger
07-26 03:57:01.829   145 32099 I ActivityManager:   215   31204K   31112K   12578K    8540K  com.android.systemui
07-26 03:57:01.829   145 32099 I ActivityManager: 21345   27920K   27840K   12048K   10892K  com.android.launcher
07-26 03:57:01.829   145 32099 I ActivityManager: 29264   27976K   27940K   11250K    9892K  com.whatsapp
07-26 03:57:01.829   145 32099 I ActivityManager:   342   25500K   25428K   10402K    9396K  com.android.phone
07-26 03:57:01.829   145 32099 I ActivityManager: 31737   28988K   28900K   10087K    8072K  com.google.process.gapps
07-26 03:57:01.829   145 32099 I ActivityManager: 32086   30604K   30540K    9801K    6588K  com.google.android.apps.maps
07-26 03:57:01.829   145 32099 I ActivityManager: 32011   29004K   28940K    8429K    5200K  com.google.android.apps.maps:NetworkLocationService
07-26 03:57:01.829   145 32099 I ActivityManager:   321   23124K   23024K    7878K    6872K  com.klye.ime.latin
07-26 03:57:01.829   145 32099 I ActivityManager: 31787   24240K   24176K    5456K    3740K  com.google.android.apps.googlevoice
07-26 03:57:01.829   145 32099 I ActivityManager: 27972   21000K   20900K    4973K    3864K  com.google.android.gsf.login
07-26 03:57:01.829   145 32099 I ActivityManager:   361   19660K   19564K    4148K    3108K  com.android.nfc
07-26 03:57:01.829   145 32099 I ActivityManager:   443   18904K   18792K    3098K    1956K  com.android.smspush
07-26 03:57:01.829   145 32099 I ActivityManager: 30922   19916K   19812K    2796K    1436K  com.android.sprintmenu
07-26 03:57:01.829   145 32099 I ActivityManager:    79   18756K   18628K    2355K    1032K  zygote
07-26 03:57:01.829   145 32099 I ActivityManager:    81    2092K    2092K    1704K    1676K  /system/bin/mediaserver
07-26 03:57:01.829   145 32099 I ActivityManager:    80    1160K    1160K     883K     872K  /system/bin/drmserver
07-26 03:57:01.829   145 32099 I ActivityManager:  1300    1004K    1000K     852K     848K  logcat
07-26 03:57:01.829   145 32099 I ActivityManager:    77     952K     952K     633K     612K  /system/bin/rild
07-26 03:57:01.829   145 32099 I ActivityManager: 32121     736K     728K     603K     600K  procrank
07-26 03:57:01.829   145 32099 I ActivityManager:   276     680K     676K     522K     516K  /system/bin/wpa_supplicant
07-26 03:57:01.829   145 32099 I ActivityManager: 28438     556K     552K     382K     372K  /system/bin/netd
07-26 03:57:01.829   145 32099 I ActivityManager:    86     544K     540K     332K     324K  /system/vendor/bin/gpsd
07-26 03:57:01.829   145 32099 I ActivityManager:    88     328K     328K     312K     312K  /sbin/adbd
07-26 03:57:01.829   145 32099 I ActivityManager:   290     436K     436K     280K     276K  /system/bin/bluetoothd
07-26 03:57:01.829   145 32099 I ActivityManager:    72     432K     428K     276K     268K  /system/bin/vold
07-26 03:57:01.829   145 32099 I ActivityManager: 25796     352K     348K     196K     192K  /system/bin/dhcpcd
07-26 03:57:01.829   145 32099 I ActivityManager:    85     260K     252K     162K     160K  /system/bin/keystore
07-26 03:57:01.829   145 32099 I ActivityManager:    82     284K     276K     143K     140K  /system/bin/dbus-daemon
07-26 03:57:01.829   145 32099 I ActivityManager:     1     204K     204K     142K     104K  /init
07-26 03:57:01.829   145 32099 I ActivityManager:    61     160K     160K     122K      84K  /sbin/ueventd
07-26 03:57:01.829   145 32099 I ActivityManager:    87     212K     208K     106K     104K  /system/bin/sh
07-26 03:57:01.829   145 32099 I ActivityManager:    83     240K     232K      99K      96K  /system/bin/installd
07-26 03:57:01.829   145 32099 I ActivityManager:    71     212K     204K      95K      92K  /system/bin/servicemanager
07-26 03:57:01.829   145 32099 I ActivityManager:   203     216K     208K      91K      88K  /system/bin/brcm_patchram_plus
07-26 03:57:01.829   145 32099 I ActivityManager: 18665     192K     184K      75K      72K  /system/bin/debuggerd
07-26 03:57:01.829   145 32099 I ActivityManager:                           ------   ------  ------
07-26 03:57:01.829   145 32099 I ActivityManager:                          276174K  233436K  TOTAL
07-26 03:57:01.829   145 32099 I ActivityManager: RAM: 342896K total, 25712K free, 740K 
07-26 03:57:09.036   145   162 I ActivityManager: Start proc edu.buffalo.cse.phonelab.phonelabservices for service edu.buffalo.cse.phonelab.phonelabservices/edu.buffalo.cse.phonelab.datalogger.LoggerService: pid=32122 uid=10037 gids={3003, 1015, 1007, 2001}
07-26 03:57:09.079    79    79 D dalvikvm: GC_EXPLICIT freed 38K, 4% free 9031K/9347K, paused 2ms+4ms
07-26 03:57:09.118    79    79 D dalvikvm: GC_EXPLICIT freed <1K, 4% free 9031K/9347K, paused 2ms+2ms
07-26 03:57:09.134 32122 32122 I PhoneLab-LoggerService: Start Logger Service
07-26 03:57:09.149    79    79 D dalvikvm: GC_EXPLICIT freed <1K, 4% free 9031K/9347K, paused 2ms+3ms
07-26 03:57:09.204 32122 32135 I PhoneLab-: Service Running
07-26 03:57:09.220   145   379 I ActivityManager: Process com.google.android.apps.googlevoice (pid 31787) has died.
07-26 03:57:09.220   145   379 W ActivityManager: Scheduling restart of crashed service com.google.android.apps.googlevoice/.UpdateService in 335040ms
07-26 03:57:09.282 32122 32135 I PhoneLab-LoggerService: app_37    1300  1     1440   1000  c00f181c 400107b4 S logcat
07-26 03:57:09.282 32122 32135 I PhoneLab-LoggerService: Logcat pid from database 1300
07-26 03:57:09.282 32122 32135 I PhoneLab-LoggerService: Logcat process found 1300
07-26 03:57:09.282 32122 32135 I PhoneLab-LoggerService: Checking Threshold
07-26 03:57:09.286 32122 32135 I PhoneLab-LoggerService: Starting to rename files
07-26 03:57:09.290 32122 32135 I PhoneLab-LoggerService: Files found .. 2
07-26 03:57:14.450 31737 31737 D dalvikvm: GC_EXPLICIT freed 212K, 6% free 9970K/10503K, paused 35ms+4ms
07-26 03:57:19.470   145   161 D dalvikvm: GC_EXPLICIT freed 976K, 23% free 18281K/23495K, paused 34ms+8ms
07-26 03:57:24.314   321   321 D dalvikvm: GC_EXPLICIT freed <1K, 19% free 10149K/12487K, paused 22ms+3ms
07-26 03:57:29.333 27972 27972 D dalvikvm: GC_EXPLICIT freed <1K, 5% free 9532K/9991K, paused 20ms+3ms
07-26 03:57:30.056   145   162 I ActivityManager: Start proc com.facebook.orca for service com.facebook.orca/.push.mqtt.MqttPushService: pid=32139 uid=10062 gids={3003, 1015, 1006}
07-26 03:57:30.064 32139 32139 I dalvikvm: Turning on JNI app bug workarounds for target SDK version 10...
07-26 03:57:30.302 32139 32139 I ActivityThread: Pub com.facebook.orca.notify.MessengerLoggedInUserProvider: com.facebook.orca.notify.MessengerLoggedInUserProvider
07-26 03:57:30.325 32139 32139 I ActivityThread: Pub com.facebook.orca.notify.MessengerForegroundProvider: com.facebook.orca.notify.MessengerForegroundProvider
07-26 03:57:30.337 32139 32139 V orca:OrcaApplication: Forcing initialization of AsyncTask
07-26 03:57:30.649 32139 32142 D dalvikvm: GC_CONCURRENT freed 202K, 4% free 9309K/9607K, paused 2ms+2ms
07-26 03:57:30.657 32139 32139 I Finalizer: Couldn't access Thread.inheritableThreadLocals. Reference finalizer threads will inherit thread local values.
07-26 03:57:30.880 32139 32142 D dalvikvm: GC_CONCURRENT freed 361K, 5% free 9455K/9863K, paused 2ms+2ms
07-26 03:57:31.017 32139 32139 W OrcaGuiceModule: Sig: ijxLJi1yGs1JpL-X1SExmchvork
07-26 03:57:31.122 32139 32142 D dalvikvm: GC_CONCURRENT freed 329K, 4% free 9654K/10055K, paused 3ms+16ms
07-26 03:57:32.806 32139 32154 W Resources: Converting to string: TypedValue{t=0x10/d=0xffffffff a=-1}
07-26 03:57:33.071 32139 32142 D dalvikvm: GC_CONCURRENT freed 322K, 4% free 9852K/10247K, paused 9ms+13ms
07-26 03:57:33.196 32139 32139 D ACRA    : Retrieve application default SharedPreferences.
07-26 03:57:33.196 32139 32139 D ACRA    : Set OnSharedPreferenceChangeListener.
07-26 03:57:33.196 32139 32139 D ACRA    : ACRA is enabled for com.facebook.orca, intializing...
07-26 03:57:33.286 32139 32142 D dalvikvm: GC_CONCURRENT freed 287K, 4% free 10077K/10439K, paused 7ms+3ms
07-26 03:57:33.290 32139 32139 D ACRA    : Looking for error files in /data/data/com.facebook.orca/app_acra-reports
07-26 03:57:33.325 32139 32154 D dalvikvm: GC_FOR_ALLOC freed 112K, 5% free 10162K/10631K, paused 19ms
07-26 03:57:33.392 32139 32154 D dalvikvm: GC_FOR_ALLOC freed 223K, 5% free 10188K/10695K, paused 21ms
07-26 03:57:33.665 32139 32154 D dalvikvm: GC_FOR_ALLOC freed 249K, 6% free 10247K/10823K, paused 234ms
07-26 03:57:33.774 32139 32154 D dalvikvm: GC_FOR_ALLOC freed 93K, 5% free 10345K/10823K, paused 72ms
07-26 03:57:34.138 32139 32142 D dalvikvm: GC_CONCURRENT freed 359K, 4% free 10521K/10951K, paused 3ms+3ms
07-26 03:57:34.360   145   145 I ActivityManager: Process com.google.android.apps.maps (pid 32086) has died.
07-26 03:57:34.360   145   145 W ActivityManager: Scheduling restart of crashed service com.google.android.apps.maps/com.google.googlenav.prefetch.android.PrefetcherService in 112660ms
07-26 03:57:34.466 32139 32142 D dalvikvm: GC_CONCURRENT freed 150K, 2% free 10922K/11143K, paused 29ms+5ms
07-26 03:57:34.708 32139 32142 D dalvikvm: GC_CONCURRENT freed 338K, 4% free 11245K/11655K, paused 2ms+5ms
07-26 03:57:39.458   361   361 D dalvikvm: GC_EXPLICIT freed <1K, 6% free 9099K/9607K, paused 21ms+2ms
07-26 03:57:44.411 30986 30986 W ThumbnailCache: Low Memory: Freed 0 textures from compression queue, 0 from write queue, 0 from the pinned list, 0 from the cache.
07-26 03:57:44.517 30986 30986 D dalvikvm: GC_EXPLICIT freed 20K, 9% free 11047K/12103K, paused 26ms+3ms
07-26 03:57:48.692   145   162 I ActivityManager: Start proc com.google.android.apps.gesturesearch for service com.google.android.apps.gesturesearch/.IndexingService: pid=32163 uid=10088 gids={3003}
07-26 03:57:48.696 32163 32163 I dalvikvm: Turning on JNI app bug workarounds for target SDK version 8...
07-26 03:57:48.751 32163 32163 I ActivityThread: Pub com.google.android.apps.gesturesearch.history: com.google.android.apps.gesturesearch.data.QueryHistoryProvider
07-26 03:57:48.755 32163 32163 I ActivityThread: Pub com.google.android.apps.gesturesearch.index: com.google.android.apps.gesturesearch.data.IndexProvider
07-26 03:57:49.489 31004 31004 D dalvikvm: GC_EXPLICIT freed <1K, 4% free 9241K/9543K, paused 27ms+2ms
07-26 03:57:54.095   145   363 I ActivityManager: Start proc com.google.android.apps.maps:LocationFriendService for service com.google.android.apps.maps/com.google.googlenav.friend.reporting.LocationReceiverService: pid=32178 uid=10056 gids={3003, 1015}
07-26 03:57:54.165   145   379 I ActivityManager: Process com.google.android.apps.maps:NetworkLocationService (pid 32011) has died.
07-26 03:57:54.165   145   379 W ActivityManager: Scheduling restart of crashed service com.google.android.apps.maps/com.google.android.location.internal.server.NetworkLocationService in 5000ms
07-26 03:57:54.345 32178 32181 D dalvikvm: GC_CONCURRENT freed 158K, 3% free 9377K/9607K, paused 6ms+2ms
07-26 03:57:54.552 32178 32181 D dalvikvm: GC_CONCURRENT freed 135K, 3% free 9706K/9927K, paused 2ms+3ms
07-26 03:57:54.771 32178 32181 D dalvikvm: GC_CONCURRENT freed 339K, 5% free 9847K/10311K, paused 2ms+3ms
07-26 03:57:54.774   145   423 I ActivityManager: Process edu.buffalo.cse.phonelab.phonelabservices (pid 32122) has died.
07-26 03:57:54.774   145   423 W ActivityManager: Scheduling restart of crashed service edu.buffalo.cse.phonelab.phonelabservices/edu.buffalo.cse.phonelab.datalogger.LoggerService in 67896ms
07-26 03:57:54.849 32178 32185 I dalvikvm: Total arena pages for JIT: 11
07-26 03:57:54.849 32178 32185 I dalvikvm: Total arena pages for JIT: 12
07-26 03:57:54.853 32178 32185 I dalvikvm: Total arena pages for JIT: 13
07-26 03:57:54.853 32178 32185 I dalvikvm: Total arena pages for JIT: 14
07-26 03:57:54.853 32178 32185 I dalvikvm: Total arena pages for JIT: 15
07-26 03:57:54.853 32178 32185 I dalvikvm: Total arena pages for JIT: 16
07-26 03:57:54.853 32178 32185 I dalvikvm: Total arena pages for JIT: 17
07-26 03:57:54.978 32178 32181 D dalvikvm: GC_CONCURRENT freed 352K, 5% free 9987K/10439K, paused 10ms+2ms
07-26 03:57:59.216   145   162 I ActivityManager: Start proc com.google.android.apps.maps:NetworkLocationService for service com.google.android.apps.maps/com.google.android.location.internal.server.NetworkLocationService: pid=32201 uid=10056 gids={3003, 1015}
07-26 03:57:59.380   145   157 I ActivityManager: Process com.google.android.apps.maps:LocationFriendService (pid 32178) has died.
07-26 03:57:59.415 32201 32203 D dalvikvm: GC_CONCURRENT freed 161K, 3% free 9375K/9607K, paused 3ms+2ms
07-26 03:57:59.767 32201 32203 D dalvikvm: GC_CONCURRENT freed 155K, 3% free 9691K/9927K, paused 12ms+4ms
07-26 03:57:59.892 32221 32221 D dalvikvm: Late-enabling CheckJNI
07-26 03:57:59.896   145   162 I ActivityManager: Start proc com.chess for broadcast com.chess/.backend.AlarmReceiver: pid=32221 uid=10079 gids={3003, 1015}
07-26 03:58:00.075 32221 32224 D dalvikvm: GC_CONCURRENT freed 162K, 3% free 9373K/9607K, paused 2ms+3ms
07-26 03:58:00.267 32201 32203 D dalvikvm: GC_CONCURRENT freed 170K, 3% free 10069K/10311K, paused 34ms+6ms
07-26 03:58:00.329 32221 32235 D GetStringObjTask: retrieving from url = http://www.chess.com/api/get_move_status?id=5HHjW9WUGa%2Bcu1LUwnVJPxTIWxmEve4VdkRnRyg7b5Ch69JH2Z5aB%2B7eGuFw8K2uFx47KFsdE3JRdR3Mzv0PkZOj6eZ8N73BvxmEERrzXjMNRo80rkLyJAUTh0iqof4n
07-26 03:58:00.399   145   379 I ActivityManager: Process com.chess (pid 32221) has died.
07-26 03:58:00.497 32201 32203 D dalvikvm: GC_CONCURRENT freed 668K, 8% free 9886K/10631K, paused 1ms+2ms
07-26 03:58:00.614   145   162 I ActivityManager: Start proc com.google.android.apps.maps:FriendService for broadcast com.google.android.apps.maps/com.google.googlenav.friend.android.ServiceReceiver: pid=32237 uid=10056 gids={3003, 1015}
07-26 03:58:00.739 32237 32240 D dalvikvm: GC_CONCURRENT freed 165K, 3% free 9370K/9607K, paused 2ms+2ms
07-26 03:58:00.860 32237 32240 D dalvikvm: GC_CONCURRENT freed 212K, 3% free 9703K/9991K, paused 2ms+2ms
07-26 03:58:00.919   145   430 I ActivityManager: Start proc com.google.android.apps.maps:LocationFriendService for broadcast com.google.android.apps.maps/com.google.googlenav.friend.reporting.LocationReportingIntentReceiver: pid=32250 uid=10056 gids={3003, 1015}
07-26 03:58:01.005   145   378 I ActivityManager: Process com.google.android.apps.maps:FriendService (pid 32237) has died.
07-26 03:58:01.048 32250 32253 D dalvikvm: GC_CONCURRENT freed 168K, 3% free 9367K/9607K, paused 1ms+2ms
07-26 03:58:01.165   145   338 I ActivityManager: Process com.facebook.orca (pid 32139) has died.
07-26 03:58:01.165   145   338 W ActivityManager: Scheduling restart of crashed service com.facebook.orca/.push.mqtt.MqttPushService in 450736ms
07-26 03:58:01.208 32250 32253 D dalvikvm: GC_CONCURRENT freed 205K, 3% free 9695K/9991K, paused 7ms+2ms
07-26 03:58:01.321 32250 32253 D dalvikvm: GC_CONCURRENT freed 325K, 4% free 9909K/10311K, paused 2ms+2ms
07-26 03:58:01.497   145   421 D dalvikvm: GC_EXPLICIT freed 225K, 23% free 18276K/23495K, paused 13ms+7ms
07-26 03:58:01.513 32201 32208 I dalvikvm: Total arena pages for JIT: 11
07-26 03:58:01.521 32201 32208 I dalvikvm: Total arena pages for JIT: 12
07-26 03:58:01.524 32201 32208 I dalvikvm: Total arena pages for JIT: 13
07-26 03:58:01.524 32201 32208 I dalvikvm: Total arena pages for JIT: 14
07-26 03:58:01.524 32201 32208 I dalvikvm: Total arena pages for JIT: 15
07-26 03:58:01.528 32201 32208 I dalvikvm: Total arena pages for JIT: 16
07-26 03:58:01.528 32201 32208 I dalvikvm: Total arena pages for JIT: 17
07-26 03:58:01.626 32201 32208 I dalvikvm: Total arena pages for JIT: 18
07-26 03:58:01.763 32201 32203 D dalvikvm: GC_CONCURRENT freed 209K, 5% free 10168K/10631K, paused 2ms+3ms
07-26 03:58:02.165 32201 32203 D dalvikvm: GC_CONCURRENT freed 320K, 4% free 10346K/10759K, paused 2ms+3ms
07-26 03:58:03.403 32201 32203 D dalvikvm: GC_CONCURRENT freed 490K, 6% free 10350K/10951K, paused 2ms+7ms
07-26 03:58:03.481 32250 32253 D dalvikvm: GC_CONCURRENT freed 381K, 5% free 10025K/10503K, paused 2ms+3ms
07-26 03:58:09.532 31737 31737 D dalvikvm: GC_EXPLICIT freed 104K, 6% free 9939K/10503K, paused 17ms+3ms
07-26 03:58:14.521   145   161 D dalvikvm: GC_EXPLICIT freed 85K, 23% free 18254K/23495K, paused 30ms+6ms
07-26 03:58:19.446   321   321 D dalvikvm: GC_EXPLICIT freed <1K, 19% free 10149K/12487K, paused 17ms+3ms
07-26 03:58:22.462   145   421 I ActivityManager: Start proc android.process.acore for content provider com.android.providers.contacts/.ContactsProvider2: pid=32273 uid=10000 gids={3003, 1015}
07-26 03:58:22.524 32273 32273 I ActivityThread: Pub call_log: com.android.providers.contacts.CallLogProvider
07-26 03:58:22.579 32273 32273 I ActivityThread: Pub com.android.voicemail: com.android.providers.contacts.VoicemailContentProvider
07-26 03:58:22.587 32273 32273 I ActivityThread: Pub user_dictionary: com.android.providers.userdictionary.UserDictionaryProvider
07-26 03:58:22.626 32273 32273 I ActivityThread: Pub com.android.social: com.android.providers.contacts.SocialProvider
07-26 03:58:22.626 32273 32273 I ActivityThread: Pub applications: com.android.providers.applications.ApplicationsProvider
07-26 03:58:22.790 32273 32273 I ActivityThread: Pub contacts;com.android.contacts: com.android.providers.contacts.ContactsProvider2
07-26 03:58:22.817 32273 32275 D dalvikvm: GC_CONCURRENT freed 355K, 5% free 9180K/9607K, paused 4ms+3ms
07-26 03:58:22.907   145  1302 I ActivityManager: Process com.google.android.apps.maps:LocationFriendService (pid 32250) has died.
07-26 03:58:23.103 32273 32275 D dalvikvm: GC_CONCURRENT freed 224K, 4% free 9379K/9735K, paused 2ms+2ms
07-26 03:58:23.927 32273 32275 D dalvikvm: GC_CONCURRENT freed 183K, 4% free 9617K/9927K, paused 2ms+3ms
07-26 03:58:28.001 27972 27972 D dalvikvm: GC_EXPLICIT freed <1K, 5% free 9532K/9991K, paused 21ms+3ms
07-26 03:58:33.083   342   342 D dalvikvm: GC_EXPLICIT freed 19K, 9% free 11872K/12935K, paused 55ms+3ms
07-26 03:58:38.005   443   443 D dalvikvm: GC_EXPLICIT freed <1K, 4% free 9037K/9347K, paused 20ms+2ms
07-26 03:58:43.095   215   215 D dalvikvm: GC_EXPLICIT freed 113K, 31% free 9913K/14215K, paused 22ms+3ms
07-26 03:58:45.278   145   162 I ActivityManager: Start proc com.google.android.apps.googlevoice for service com.google.android.apps.googlevoice/.CallLogService: pid=32291 uid=10054 gids={3003, 1015}
07-26 03:58:45.704 32291 32294 D dalvikvm: GC_CONCURRENT freed 248K, 4% free 9286K/9607K, paused 37ms+8ms
07-26 03:58:48.052 30922 30922 D dalvikvm: GC_EXPLICIT freed 64K, 4% free 9056K/9347K, paused 45ms+2ms
07-26 03:58:53.091 29264 29264 D dalvikvm: GC_EXPLICIT freed 688K, 10% free 11532K/12679K, paused 27ms+5ms
07-26 03:58:58.052 21345 21345 D dalvikvm: GC_EXPLICIT freed 929K, 16% free 12334K/14535K, paused 6ms+24ms
07-26 03:59:00.724 30986 30986 I chromium: [INFO:CONSOLE(0)] "event.layerX and event.layerY are broken and deprecated in WebKit. They will be removed from the engine in the near future.", source:  (0)
07-26 03:59:00.724 30986 30986 I chromium: [INFO:CONSOLE(0)] "event.layerX and event.layerY are broken and deprecated in WebKit. They will be removed from the engine in the near future.", source:  (0)
07-26 03:59:02.778   145   162 I ActivityManager: Start proc edu.buffalo.cse.phonelab.phonelabservices for service edu.buffalo.cse.phonelab.phonelabservices/edu.buffalo.cse.phonelab.datalogger.LoggerService: pid=32312 uid=10037 gids={3003, 1015, 1007, 2001}
07-26 03:59:02.880 32312 32312 I PhoneLab-LoggerService: Start Logger Service
07-26 03:59:02.919 32312 32325 I PhoneLab-: Service Running
07-26 03:59:03.056 32312 32325 I PhoneLab-LoggerService: app_37    1300  1     1440   1000  c00f181c 400107b4 S logcat
07-26 03:59:03.056 32312 32325 I PhoneLab-LoggerService: Logcat pid from database 1300
07-26 03:59:03.060 32312 32325 I PhoneLab-LoggerService: Logcat process found 1300
07-26 03:59:03.060 32312 32325 I PhoneLab-LoggerService: Checking Threshold
07-26 03:59:03.060 32312 32325 I PhoneLab-LoggerService: Starting to rename files
07-26 03:59:03.060 32312 32325 I PhoneLab-LoggerService: Files found .. 2
07-26 03:59:03.731   145   363 I ActivityManager: Start proc com.google.android.apps.maps:LocationFriendService for service com.google.android.apps.maps/com.google.googlenav.friend.reporting.LocationReceiverService: pid=32329 uid=10056 gids={3003, 1015}
07-26 03:59:03.759    79    79 D dalvikvm: GC_EXPLICIT freed 38K, 4% free 9031K/9347K, paused 4ms+2ms
07-26 03:59:03.817    79    79 D dalvikvm: GC_EXPLICIT freed <1K, 4% free 9031K/9347K, paused 2ms+5ms
07-26 03:59:03.864    79    79 D dalvikvm: GC_EXPLICIT freed <1K, 4% free 9031K/9347K, paused 1ms+4ms
07-26 03:59:03.915 32329 32332 D dalvikvm: GC_CONCURRENT freed 178K, 3% free 9357K/9607K, paused 2ms+2ms
07-26 03:59:04.114 32329 32332 D dalvikvm: GC_CONCURRENT freed 161K, 3% free 9665K/9927K, paused 2ms+3ms
07-26 03:59:04.290   145   379 I ActivityManager: Process android.process.acore (pid 32273) has died.
07-26 03:59:04.290   145   379 I ActivityManager: Kill com.google.android.apps.googlevoice (pid 32291): provider com.android.providers.contacts.VoicemailContentProvider in dying process android.process.acore
07-26 03:59:04.298   145 22786 I ActivityManager: Process com.google.android.apps.googlevoice (pid 32291) has died.
07-26 03:59:04.298   145 22786 W ActivityManager: Scheduling restart of crashed service com.google.android.apps.googlevoice/.CallLogService in 700160ms
07-26 03:59:04.567 32329 32332 D dalvikvm: GC_CONCURRENT freed 318K, 4% free 9852K/10247K, paused 3ms+3ms
07-26 03:59:04.689 32329 32336 I dalvikvm: Total arena pages for JIT: 11
07-26 03:59:04.689 32329 32336 I dalvikvm: Total arena pages for JIT: 12
07-26 03:59:04.689 32329 32336 I dalvikvm: Total arena pages for JIT: 13
07-26 03:59:04.689 32329 32336 I dalvikvm: Total arena pages for JIT: 14
07-26 03:59:04.692 32329 32336 I dalvikvm: Total arena pages for JIT: 15
07-26 03:59:04.692 32329 32336 I dalvikvm: Total arena pages for JIT: 16
07-26 03:59:04.700 32329 32336 I dalvikvm: Total arena pages for JIT: 17
07-26 03:59:04.876   145  1303 W InputManagerService: Window already focused, ignoring focus gain of: com.android.internal.view.IInputMethodClient$Stub$Proxy@417ec978
07-26 03:59:04.919 32329 32332 D dalvikvm: GC_CONCURRENT freed 390K, 5% free 9962K/10439K, paused 2ms+6ms
07-26 03:59:04.954   215   217 D dalvikvm: GC_CONCURRENT freed 397K, 31% free 9902K/14215K, paused 6ms+2ms
07-26 03:59:05.001   215   215 D dalvikvm: GC_FOR_ALLOC freed 611K, 32% free 9724K/14215K, paused 17ms
07-26 03:59:05.087   215   217 D dalvikvm: GC_CONCURRENT freed 353K, 31% free 9810K/14215K, paused 3ms+7ms
07-26 03:59:09.442   361   361 D dalvikvm: GC_EXPLICIT freed <1K, 6% free 9099K/9607K, paused 23ms+2ms
07-26 03:59:14.431 30986 30986 W ThumbnailCache: Low Memory: Freed 0 textures from compression queue, 0 from write queue, 0 from the pinned list, 0 from the cache.
07-26 03:59:14.716 30986 30986 D dalvikvm: GC_EXPLICIT freed 32K, 9% free 11048K/12103K, paused 30ms+3ms
07-26 03:59:17.064   145   199 D DhcpInfoInternal: makeLinkProperties with empty dns2!
07-26 03:59:17.064   145   199 D DhcpInfoInternal: makeLinkProperties with empty dns2!
07-26 03:59:23.149 31004 31004 D dalvikvm: GC_EXPLICIT freed <1K, 4% free 9241K/9543K, paused 32ms+2ms
07-26 03:59:27.103   145   162 I ActivityManager: Start proc com.google.android.apps.maps for service com.google.android.apps.maps/com.google.googlenav.prefetch.android.PrefetcherService: pid=32372 uid=10056 gids={3003, 1015}
07-26 03:59:27.224 32372 32374 D dalvikvm: GC_CONCURRENT freed 149K, 3% free 9386K/9607K, paused 3ms+2ms
07-26 03:59:27.278 32372 32372 I ActivityThread: Pub com.google.android.maps.SearchHistoryProvider: com.google.googlenav.provider.SearchHistoryProvider
07-26 03:59:27.294 32372 32372 I ActivityThread: Pub com.google.android.maps.SuggestionProvider: com.google.googlenav.suggest.android.SuggestContentProvider
07-26 03:59:27.314 32372 32372 I ActivityThread: Pub com.google.android.maps.LayerInfoProvider: com.google.googlenav.layer.LayerInfoProvider
07-26 03:59:27.321 32372 32372 I ActivityThread: Pub com.google.android.maps.TrafficAppWidgetProvider: com.google.googlenav.appwidget.traffic.TrafficAppWidgetProvider
07-26 03:59:27.325 32372 32372 I ActivityThread: Pub com.google.android.maps.LocalActivePlacesProvider: com.google.googlenav.provider.LocalActivePlacesProvider
07-26 03:59:27.325 32372 32372 I ActivityThread: Pub com.google.android.maps.StarredItemProvider: com.google.googlenav.provider.StarredItemProvider
07-26 03:59:27.407 32372 32374 D dalvikvm: GC_CONCURRENT freed 179K, 3% free 9718K/9991K, paused 4ms+3ms
07-26 03:59:27.474   145   430 I ActivityManager: Process com.google.android.apps.maps:LocationFriendService (pid 32329) has died.
07-26 03:59:27.532 32372 32374 D dalvikvm: GC_CONCURRENT freed 261K, 4% free 9917K/10247K, paused 8ms+3ms
07-26 03:59:27.571 32372 32372 I ActivityThread: Pub com.google.android.maps.LocalSuggestionProvider: com.google.googlenav.provider.LocalSuggestionProvider
07-26 03:59:27.571 32372 32372 I ActivityThread: Pub com.google.android.maps.NavigationAvailabilityProvider: com.google.googlenav.provider.NavigationAvailabilityProvider
07-26 03:59:27.712 32372 32374 D dalvikvm: GC_CONCURRENT freed 206K, 3% free 10224K/10503K, paused 2ms+3ms
07-26 03:59:27.786 32372 32398 D dalvikvm: GC_FOR_ALLOC freed 106K, 3% free 10485K/10759K, paused 18ms
07-26 03:59:27.833 32372 32397 D dalvikvm: GC_FOR_ALLOC freed 64K, 3% free 10695K/11015K, paused 21ms
07-26 03:59:32.966 31737 31737 D dalvikvm: GC_EXPLICIT freed 75K, 6% free 9928K/10503K, paused 33ms+4ms
07-26 03:59:38.040   145   161 D dalvikvm: GC_EXPLICIT freed 440K, 23% free 18283K/23495K, paused 58ms+8ms
07-26 03:59:42.896   321   321 D dalvikvm: GC_EXPLICIT freed <1K, 19% free 10149K/12487K, paused 21ms+3ms
07-26 03:59:44.368   145   174 I ActivityManager: Start proc com.twitter.android for service com.twitter.android/.client.AppService: pid=32405 uid=10064 gids={3003, 1015}
07-26 03:59:44.384 32405 32405 I dalvikvm: Turning on JNI app bug workarounds for target SDK version 11...
07-26 03:59:44.517 32405 32405 I ActivityThread: Pub com.twitter.android.provider.GlobalDatabaseProvider: com.twitter.android.provider.GlobalDatabaseProvider
07-26 03:59:44.528 32405 32405 I ActivityThread: Pub com.twitter.android.provider.TwitterProvider: com.twitter.android.provider.TwitterProvider
07-26 03:59:44.673 32405 32407 D dalvikvm: GC_CONCURRENT freed 175K, 4% free 9303K/9607K, paused 3ms+6ms
07-26 03:59:45.107 32405 32407 D dalvikvm: GC_CONCURRENT freed 218K, 4% free 9515K/9863K, paused 5ms+3ms
07-26 03:59:45.259 32405 32407 D dalvikvm: GC_CONCURRENT freed 285K, 5% free 9639K/10055K, paused 1ms+2ms
07-26 03:59:45.392 32405 32407 D dalvikvm: GC_CONCURRENT freed 294K, 5% free 9765K/10183K, paused 1ms+2ms
07-26 03:59:45.528 32405 32407 D dalvikvm: GC_CONCURRENT freed 296K, 5% free 9888K/10311K, paused 2ms+2ms
07-26 03:59:45.657 32405 32407 D dalvikvm: GC_CONCURRENT freed 298K, 5% free 10016K/10439K, paused 2ms+2ms
07-26 03:59:45.786 32405 32407 D dalvikvm: GC_CONCURRENT freed 297K, 4% free 10151K/10567K, paused 1ms+3ms
07-26 03:59:45.915 32405 32407 D dalvikvm: GC_CONCURRENT freed 296K, 4% free 10274K/10695K, paused 2ms+1ms
07-26 03:59:46.083 32405 32407 D dalvikvm: GC_CONCURRENT freed 479K, 6% free 10226K/10823K, paused 1ms+2ms
07-26 03:59:46.216 32405 32407 D dalvikvm: GC_CONCURRENT freed 320K, 5% free 10299K/10823K, paused 3ms+1ms
07-26 03:59:46.337 32405 32407 D dalvikvm: GC_CONCURRENT freed 323K, 5% free 10380K/10823K, paused 1ms+2ms
07-26 03:59:46.474 32405 32407 D dalvikvm: GC_CONCURRENT freed 352K, 5% free 10473K/10951K, paused 2ms+2ms
07-26 03:59:46.599 32405 32407 D dalvikvm: GC_CONCURRENT freed 338K, 5% free 10553K/11015K, paused 1ms+2ms
07-26 03:59:46.720 32405 32407 D dalvikvm: GC_CONCURRENT freed 327K, 5% free 10634K/11079K, paused 2ms+2ms
07-26 03:59:46.849 32405 32407 D dalvikvm: GC_CONCURRENT freed 362K, 5% free 10720K/11207K, paused 1ms+2ms
07-26 03:59:46.989 32405 32407 D dalvikvm: GC_CONCURRENT freed 399K, 5% free 10821K/11335K, paused 2ms+2ms
07-26 03:59:47.876 27972 27972 D dalvikvm: GC_EXPLICIT freed <1K, 5% free 9532K/9991K, paused 15ms+3ms
07-26 03:59:47.966 32405 32407 D dalvikvm: GC_CONCURRENT freed 331K, 4% free 11017K/11463K, paused 5ms+3ms
07-26 03:59:52.970   342   342 D dalvikvm: GC_EXPLICIT freed 2K, 9% free 11872K/12935K, paused 44ms+3ms
07-26 03:59:57.892   443   443 D dalvikvm: GC_EXPLICIT freed <1K, 4% free 9037K/9347K, paused 20ms+2ms
07-26 04:00:00.673 29264 29309 D dalvikvm: GC_FOR_ALLOC freed 207K, 9% free 11649K/12679K, paused 59ms
07-26 04:00:00.673 29264 29309 I dalvikvm-heap: Grow heap (frag case) to 11.576MB for 131088-byte allocation
07-26 04:00:00.704 29264 29309 D dalvikvm: GC_FOR_ALLOC freed 5K, 9% free 11772K/12871K, paused 33ms
07-26 04:00:00.751 29264 29271 I dalvikvm: Total arena pages for JIT: 11
07-26 04:00:00.751 29264 29271 I dalvikvm: Total arena pages for JIT: 12
07-26 04:00:00.751 29264 29271 I dalvikvm: Total arena pages for JIT: 13
07-26 04:00:00.751 29264 29271 I dalvikvm: Total arena pages for JIT: 14
07-26 04:00:00.751 29264 29271 I dalvikvm: Total arena pages for JIT: 15
07-26 04:00:00.751 29264 29271 I dalvikvm: Total arena pages for JIT: 16
07-26 04:00:00.755 29264 29271 I dalvikvm: Total arena pages for JIT: 17
07-26 04:00:00.767 29264 29271 I dalvikvm: Total arena pages for JIT: 18
07-26 04:00:03.880 32201 32203 D dalvikvm: GC_CONCURRENT freed 501K, 6% free 10360K/10951K, paused 2ms+2ms
07-26 04:00:03.919   145 21503 I ActivityManager: Start proc com.google.android.apps.maps:LocationFriendService for service com.google.android.apps.maps/com.google.googlenav.friend.reporting.LocationReceiverService: pid=32424 uid=10056 gids={3003, 1015}
07-26 04:00:04.196 32424 32427 D dalvikvm: GC_CONCURRENT freed 158K, 3% free 9377K/9607K, paused 22ms+2ms
07-26 04:00:04.595 32424 32427 D dalvikvm: GC_CONCURRENT freed 161K, 3% free 9677K/9927K, paused 13ms+2ms
07-26 04:00:04.692   145  1302 I ActivityManager: Process com.twitter.android (pid 32405) has died.
07-26 04:00:04.763 31737 31767 D dalvikvm: GC_EXPLICIT freed 28K, 6% free 9918K/10503K, paused 2ms+4ms
07-26 04:00:04.997 32424 32427 D dalvikvm: GC_CONCURRENT freed 313K, 4% free 9848K/10247K, paused 2ms+3ms
07-26 04:00:05.083 32424 32431 I dalvikvm: Total arena pages for JIT: 11
07-26 04:00:05.083 32424 32431 I dalvikvm: Total arena pages for JIT: 12
07-26 04:00:05.083 32424 32431 I dalvikvm: Total arena pages for JIT: 13
07-26 04:00:05.087 32424 32431 I dalvikvm: Total arena pages for JIT: 14
07-26 04:00:05.087 32424 32431 I dalvikvm: Total arena pages for JIT: 15
07-26 04:00:05.087 32424 32431 I dalvikvm: Total arena pages for JIT: 16
07-26 04:00:05.087 32424 32431 I dalvikvm: Total arena pages for JIT: 17
07-26 04:00:05.200 32424 32427 D dalvikvm: GC_CONCURRENT freed 374K, 5% free 9972K/10439K, paused 2ms+3ms
07-26 04:00:09.786   361   361 D dalvikvm: GC_EXPLICIT freed <1K, 6% free 9099K/9607K, paused 22ms+3ms
07-26 04:00:19.759 30986 30986 W ThumbnailCache: Low Memory: Freed 0 textures from compression queue, 0 from write queue, 0 from the pinned list, 0 from the cache.
07-26 04:00:19.798 30986 30986 D dalvikvm: GC_EXPLICIT freed 7K, 9% free 11046K/12103K, paused 3ms+4ms
07-26 04:00:24.899 31004 31004 D dalvikvm: GC_EXPLICIT freed <1K, 4% free 9241K/9543K, paused 66ms+2ms
07-26 04:00:29.845 31737 31737 D dalvikvm: GC_EXPLICIT freed 9K, 6% free 9913K/10503K, paused 26ms+3ms
07-26 04:00:34.919   145   161 D dalvikvm: GC_EXPLICIT freed 242K, 23% free 18273K/23495K, paused 33ms+7ms
07-26 04:00:39.876   321   321 D dalvikvm: GC_EXPLICIT freed <1K, 19% free 10149K/12487K, paused 22ms+3ms
07-26 04:00:44.853 27972 27972 D dalvikvm: GC_EXPLICIT freed <1K, 5% free 9532K/9991K, paused 24ms+3ms
07-26 04:00:49.860   342   342 D dalvikvm: GC_EXPLICIT freed 2K, 9% free 11872K/12935K, paused 26ms+3ms
07-26 04:00:54.825   443   443 D dalvikvm: GC_EXPLICIT freed <1K, 4% free 9037K/9347K, paused 2ms+2ms
07-26 04:00:59.860   215   215 D dalvikvm: GC_EXPLICIT freed 188K, 32% free 9698K/14215K, paused 4ms+15ms
07-26 04:01:02.919 30986 30986 I chromium: [INFO:CONSOLE(0)] "event.layerX and event.layerY are broken and deprecated in WebKit. They will be removed from the engine in the near future.", source:  (0)
07-26 04:01:02.919 30986 30986 I chromium: [INFO:CONSOLE(0)] "event.layerX and event.layerY are broken and deprecated in WebKit. They will be removed from the engine in the near future.", source:  (0)
07-26 04:01:02.989 32312 32325 I PhoneLab-: Service Running
07-26 04:01:03.138 32312 32325 I PhoneLab-LoggerService: app_37    1300  1     1440   1000  c00f181c 400107b4 S logcat
07-26 04:01:03.138 32312 32325 I PhoneLab-LoggerService: Logcat pid from database 1300
07-26 04:01:03.138 32312 32325 I PhoneLab-LoggerService: Logcat process found 1300
07-26 04:01:03.138 32312 32325 I PhoneLab-LoggerService: Checking Threshold
07-26 04:01:03.142 32312 32325 I PhoneLab-LoggerService: Starting to rename files
07-26 04:01:03.142 32312 32325 I PhoneLab-LoggerService: Files found .. 2
07-26 04:01:03.911 32424 32431 I dalvikvm: Total arena pages for JIT: 18
07-26 04:01:04.005 32424 32427 D dalvikvm: GC_CONCURRENT freed 467K, 6% free 9968K/10567K, paused 4ms+2ms
07-26 04:01:08.876 32312 32312 D dalvikvm: GC_EXPLICIT freed 248K, 4% free 9054K/9415K, paused 34ms+1ms
07-26 04:01:11.735   145 22258 I ActivityManager: Start proc android.process.acore for content provider com.android.providers.contacts/.ContactsProvider2: pid=32450 uid=10000 gids={3003, 1015}
07-26 04:01:11.798 32450 32450 I ActivityThread: Pub call_log: com.android.providers.contacts.CallLogProvider
07-26 04:01:11.841 32450 32450 I ActivityThread: Pub com.android.voicemail: com.android.providers.contacts.VoicemailContentProvider
07-26 04:01:11.845 32450 32450 I ActivityThread: Pub user_dictionary: com.android.providers.userdictionary.UserDictionaryProvider
07-26 04:01:11.880   145   145 I ActivityManager: Process com.google.android.apps.maps:LocationFriendService (pid 32424) has died.
07-26 04:01:11.888 32450 32450 I ActivityThread: Pub com.android.social: com.android.providers.contacts.SocialProvider
07-26 04:01:11.888 32450 32450 I ActivityThread: Pub applications: com.android.providers.applications.ApplicationsProvider
07-26 04:01:12.001 32450 32450 I ActivityThread: Pub contacts;com.android.contacts: com.android.providers.contacts.ContactsProvider2
07-26 04:01:12.005 32450 32452 D dalvikvm: GC_CONCURRENT freed 326K, 5% free 9155K/9607K, paused 6ms+2ms
07-26 04:01:12.321 32450 32452 D dalvikvm: GC_CONCURRENT freed 240K, 4% free 9378K/9735K, paused 2ms+3ms
07-26 04:01:13.259 32450 32452 D dalvikvm: GC_CONCURRENT freed 174K, 4% free 9624K/9927K, paused 16ms+13ms
07-26 04:01:13.868   145   338 I ActivityManager: Process android.process.acore (pid 32450) has died.
07-26 04:01:18.982   361   361 D dalvikvm: GC_EXPLICIT freed <1K, 6% free 9099K/9607K, paused 22ms+3ms
07-26 04:01:23.888 30986 30986 W ThumbnailCache: Low Memory: Freed 0 textures from compression queue, 0 from write queue, 0 from the pinned list, 0 from the cache.
07-26 04:01:24.021 30986 30986 D dalvikvm: GC_EXPLICIT freed 30K, 9% free 11046K/12103K, paused 39ms+3ms
07-26 04:01:28.962 31004 31004 D dalvikvm: GC_EXPLICIT freed <1K, 4% free 9241K/9543K, paused 19ms+2ms
07-26 04:01:34.028   145   161 D dalvikvm: GC_EXPLICIT freed 275K, 23% free 18262K/23495K, paused 30ms+7ms
07-26 04:01:38.962 31737 31737 D dalvikvm: GC_EXPLICIT freed 28K, 6% free 9918K/10503K, paused 23ms+3ms
07-26 04:01:42.005   145   199 D DhcpInfoInternal: makeLinkProperties with empty dns2!
07-26 04:01:42.013   145   199 D DhcpInfoInternal: makeLinkProperties with empty dns2!
07-26 04:01:47.899   321   321 D dalvikvm: GC_EXPLICIT freed <1K, 19% free 10149K/12487K, paused 19ms+2ms
07-26 04:01:52.919 27972 27972 D dalvikvm: GC_EXPLICIT freed <1K, 5% free 9532K/9991K, paused 40ms+2ms
07-26 04:01:57.946   342   342 D dalvikvm: GC_EXPLICIT freed 2K, 9% free 11872K/12935K, paused 26ms+4ms
07-26 04:02:04.040 32201 32203 D dalvikvm: GC_CONCURRENT freed 508K, 6% free 10364K/10951K, paused 2ms+3ms
07-26 04:02:04.071   145   338 I ActivityManager: Start proc com.google.android.apps.maps:LocationFriendService for service com.google.android.apps.maps/com.google.googlenav.friend.reporting.LocationReceiverService: pid=32487 uid=10056 gids={3003, 1015}
07-26 04:02:04.255 32487 32488 D dalvikvm: GC_CONCURRENT freed 163K, 3% free 9372K/9607K, paused 2ms+3ms
07-26 04:02:04.517 32487 32488 D dalvikvm: GC_CONCURRENT freed 137K, 3% free 9677K/9927K, paused 26ms+3ms
07-26 04:02:04.817 32487 32488 D dalvikvm: GC_CONCURRENT freed 341K, 5% free 9847K/10311K, paused 5ms+2ms
07-26 04:02:04.888 32487 32491 I dalvikvm: Total arena pages for JIT: 11
07-26 04:02:04.888 32487 32491 I dalvikvm: Total arena pages for JIT: 12
07-26 04:02:04.892 32487 32491 I dalvikvm: Total arena pages for JIT: 13
07-26 04:02:04.892 32487 32491 I dalvikvm: Total arena pages for JIT: 14
07-26 04:02:04.892 32487 32491 I dalvikvm: Total arena pages for JIT: 15
07-26 04:02:04.892 32487 32491 I dalvikvm: Total arena pages for JIT: 16
07-26 04:02:04.892 32487 32491 I dalvikvm: Total arena pages for JIT: 17
07-26 04:02:05.001 32487 32488 D dalvikvm: GC_CONCURRENT freed 352K, 5% free 9990K/10439K, paused 2ms+2ms
07-26 04:02:09.001   443   443 D dalvikvm: GC_EXPLICIT freed <1K, 4% free 9037K/9347K, paused 19ms+2ms
07-26 04:02:14.071   215   215 D dalvikvm: GC_EXPLICIT freed 47K, 32% free 9685K/14215K, paused 22ms+2ms
07-26 04:02:19.032 32372 32372 D dalvikvm: GC_EXPLICIT freed 74K, 3% free 10937K/11271K, paused 25ms+2ms
07-26 04:02:21.153   145   161 V BackupManagerService: Running a backup pass
07-26 04:02:21.173   145   214 V BackupManagerService: Backup requested but nothing pending
07-26 04:02:26.255 30922 30922 D dalvikvm: GC_EXPLICIT freed 1K, 4% free 9055K/9347K, paused 11ms+2ms
07-26 04:02:30.985   145   423 I ActivityManager: Start proc android.process.acore for content provider com.android.providers.contacts/.ContactsProvider2: pid=32511 uid=10000 gids={3003, 1015}
07-26 04:02:31.087   145   379 D dalvikvm: GC_EXPLICIT freed 132K, 23% free 18261K/23495K, paused 3ms+7ms
07-26 04:02:31.087   145   421 I ActivityManager: Process com.google.android.apps.maps:LocationFriendService (pid 32487) has died.
07-26 04:02:31.118 32511 32511 I ActivityThread: Pub call_log: com.android.providers.contacts.CallLogProvider
07-26 04:02:31.130 32511 32511 I ActivityThread: Pub com.android.voicemail: com.android.providers.contacts.VoicemailContentProvider
07-26 04:02:31.138 32511 32511 I ActivityThread: Pub user_dictionary: com.android.providers.userdictionary.UserDictionaryProvider
07-26 04:02:31.157 32511 32511 I ActivityThread: Pub com.android.social: com.android.providers.contacts.SocialProvider
07-26 04:02:31.157 32511 32511 I ActivityThread: Pub applications: com.android.providers.applications.ApplicationsProvider
07-26 04:02:31.247 32511 32511 I ActivityThread: Pub contacts;com.android.contacts: com.android.providers.contacts.ContactsProvider2
07-26 04:02:31.278 32511 32513 D dalvikvm: GC_CONCURRENT freed 349K, 5% free 9186K/9607K, paused 2ms+6ms
07-26 04:02:32.942 32511 32513 D dalvikvm: GC_CONCURRENT freed 156K, 3% free 9444K/9735K, paused 2ms+3ms
07-26 04:02:33.067   145   326 I ActivityManager: Process edu.buffalo.cse.phonelab.phonelabservices (pid 32312) has died.
07-26 04:02:33.067   145   326 W ActivityManager: Scheduling restart of crashed service edu.buffalo.cse.phonelab.phonelabservices/edu.buffalo.cse.phonelab.datalogger.LoggerService in 21191ms
07-26 04:02:33.564   145 32524 I ActivityManager: Applications Memory Usage (kB):
07-26 04:02:33.564   145 32524 I ActivityManager: Uptime: 206794981 Realtime: 209260631
07-26 04:02:33.564   145 32524 I ActivityManager: Total PSS by OOM adjustment:
07-26 04:02:33.564   145 32524 I ActivityManager:     28610 kB: System
07-26 04:02:33.564   145 32524 I ActivityManager:                28610 kB: system (pid 145)
07-26 04:02:33.564   145 32524 I ActivityManager:     26406 kB: Persistent
07-26 04:02:33.564   145 32524 I ActivityManager:                12068 kB: com.android.systemui (pid 215)
07-26 04:02:33.564   145 32524 I ActivityManager:                10329 kB: com.android.phone (pid 342)
07-26 04:02:33.564   145 32524 I ActivityManager:                 4009 kB: com.android.nfc (pid 361)
07-26 04:02:33.564   145 32524 I ActivityManager:    126936 kB: Foreground
07-26 04:02:33.564   145 32524 I ActivityManager:                67887 kB: com.android.chrome (pid 30986)
07-26 04:02:33.564   145 32524 I ActivityManager:                59049 kB: com.android.chrome:sandboxed_process0 (pid 31004)
07-26 04:02:33.564   145 32524 I ActivityManager:     21282 kB: Visible
07-26 04:02:33.564   145 32524 I ActivityManager:                 9964 kB: com.google.process.gapps (pid 31737)
07-26 04:02:33.564   145 32524 I ActivityManager:                 4820 kB: com.google.android.gsf.login (pid 27972)
07-26 04:02:33.564   145 32524 I ActivityManager:                 3570 kB: android.process.acore (pid 32511)
07-26 04:02:33.564   145 32524 I ActivityManager:                 2928 kB: com.android.smspush (pid 443)
07-26 04:02:33.564   145 32524 I ActivityManager:      7754 kB: Perceptible
07-26 04:02:33.564   145 32524 I ActivityManager:                 7754 kB: com.klye.ime.latin (pid 321)
07-26 04:02:33.564   145 32524 I ActivityManager:     15734 kB: A Services
07-26 04:02:33.564   145 32524 I ActivityManager:                 8265 kB: com.google.android.apps.maps (pid 32372)
07-26 04:02:33.564   145 32524 I ActivityManager:                 7469 kB: com.google.android.apps.maps:NetworkLocationService (pid 32201)
07-26 04:02:33.564   145 32524 I ActivityManager:     11924 kB: Home
07-26 04:02:33.564   145 32524 I ActivityManager:                11924 kB: com.android.launcher (pid 21345)
07-26 04:02:33.564   145 32524 I ActivityManager:     12235 kB: Previous
07-26 04:02:33.564   145 32524 I ActivityManager:                12235 kB: com.whatsapp (pid 29264)
07-26 04:02:33.564   145 32524 I ActivityManager:      9239 kB: B Services
07-26 04:02:33.564   145 32524 I ActivityManager:                 3404 kB: edu.buffalo.cse.phonelab.phonelabservices (pid 32312)
07-26 04:02:33.564   145 32524 I ActivityManager:                 3145 kB: com.google.android.apps.gesturesearch (pid 32163)
07-26 04:02:33.564   145 32524 I ActivityManager:                 2690 kB: com.android.sprintmenu (pid 30922)
07-26 04:02:33.564   145 32524 I ActivityManager: 
07-26 04:02:33.564   145 32524 I ActivityManager: Total PSS: 260120 kB
07-26 04:02:33.564   145 32524 I ActivityManager:   PID      Vss      Rss      Pss      Uss  cmdline
07-26 04:02:33.564   145 32524 I ActivityManager: 30986   91124K   91052K   67990K   61684K  com.android.chrome
07-26 04:02:33.564   145 32524 I ActivityManager: 31004   78316K   78212K   58491K   54632K  com.android.chrome:sandboxed_process0
07-26 04:02:33.564   145 32524 I ActivityManager:   145   45260K   45200K   28674K   26764K  system_server
07-26 04:02:33.564   145 32524 I ActivityManager:    78   22560K   19560K   12845K    6952K  /system/bin/surfaceflinger
07-26 04:02:33.564   145 32524 I ActivityManager: 29264   30520K   30484K   12352K   10492K  com.whatsapp
07-26 04:02:33.564   145 32524 I ActivityManager: 21345   28268K   28188K   12030K   10892K  com.android.launcher
07-26 04:02:33.564   145 32524 I ActivityManager:   215   31380K   31288K   12012K    7588K  com.android.systemui
07-26 04:02:33.564   145 32524 I ActivityManager:   342   25604K   25532K   10421K    9460K  com.android.phone
07-26 04:02:33.564   145 32524 I ActivityManager: 31737   28948K   28860K   10097K    8444K  com.google.process.gapps
07-26 04:02:33.564   145 32524 I ActivityManager: 32372   29028K   28928K    8391K    5812K  com.google.android.apps.maps
07-26 04:02:33.564   145 32524 I ActivityManager:   321   23176K   23076K    7848K    6896K  com.klye.ime.latin
07-26 04:02:33.564   145 32524 I ActivityManager: 32201   27736K   27672K    7610K    5160K  com.google.android.apps.maps:NetworkLocationService
07-26 04:02:33.564   145 32524 I ActivityManager: 32511   26912K   26836K    7164K    5160K  android.process.acore
07-26 04:02:33.564   145 32524 I ActivityManager: 27972   21020K   20920K    4929K    3892K  com.google.android.gsf.login
07-26 04:02:33.564   145 32524 I ActivityManager:   361   19696K   19600K    4109K    3128K  com.android.nfc
07-26 04:02:33.564   145 32524 I ActivityManager: 32163   22172K   22068K    3355K    1776K  com.google.android.apps.gesturesearch
07-26 04:02:33.564   145 32524 I ActivityManager:   443   18972K   18860K    3036K    1960K  com.android.smspush
07-26 04:02:33.564   145 32524 I ActivityManager: 30922   20556K   20452K    2830K    1540K  com.android.sprintmenu
07-26 04:02:33.564   145 32524 I ActivityManager:    79   18768K   18640K    2180K    1040K  zygote
07-26 04:02:33.564   145 32524 I ActivityManager:    81    2092K    2092K    1703K    1676K  /system/bin/mediaserver
07-26 04:02:33.564   145 32524 I ActivityManager:    80    1160K    1160K     882K     872K  /system/bin/drmserver
07-26 04:02:33.564   145 32524 I ActivityManager:  1300    1004K    1000K     852K     848K  logcat
07-26 04:02:33.564   145 32524 I ActivityManager:    77     952K     952K     632K     612K  /system/bin/rild
07-26 04:02:33.564   145 32524 I ActivityManager: 32527     752K     744K     619K     616K  procrank
07-26 04:02:33.564   145 32524 I ActivityManager:   276     680K     676K     522K     516K  /system/bin/wpa_supplicant
07-26 04:02:33.564   145 32524 I ActivityManager: 28438     560K     556K     383K     372K  /system/bin/netd
07-26 04:02:33.564   145 32524 I ActivityManager:    86     544K     540K     332K     324K  /system/vendor/bin/gpsd
07-26 04:02:33.564   145 32524 I ActivityManager:    88     328K     328K     312K     312K  /sbin/adbd
07-26 04:02:33.564   145 32524 I ActivityManager:    72     448K     444K     292K     284K  /system/bin/vold
07-26 04:02:33.564   145 32524 I ActivityManager:   290     436K     436K     280K     276K  /system/bin/bluetoothd
07-26 04:02:33.564   145 32524 I ActivityManager: 25796     352K     348K     196K     192K  /system/bin/dhcpcd
07-26 04:02:33.564   145 32524 I ActivityManager:    85     260K     252K     162K     160K  /system/bin/keystore
07-26 04:02:33.564   145 32524 I ActivityManager:    82     284K     276K     143K     140K  /system/bin/dbus-daemon
07-26 04:02:33.564   145 32524 I ActivityManager:     1     204K     204K     142K     104K  /init
07-26 04:02:33.564   145 32524 I ActivityManager:    61     160K     160K     122K      84K  /sbin/ueventd
07-26 04:02:33.564   145 32524 I ActivityManager:    87     212K     208K     106K     104K  /system/bin/sh
07-26 04:02:33.564   145 32524 I ActivityManager:    83     240K     232K      99K      96K  /system/bin/installd
07-26 04:02:33.564   145 32524 I ActivityManager:    71     212K     204K      94K      92K  /system/bin/servicemanager
07-26 04:02:33.564   145 32524 I ActivityManager:   203     216K     208K      91K      88K  /system/bin/brcm_patchram_plus
07-26 04:02:33.564   145 32524 I ActivityManager: 18665     192K     184K      75K      72K  /system/bin/debuggerd
07-26 04:02:34.763 32511 32513 D dalvikvm: GC_CONCURRENT freed 220K, 4% free 9669K/9991K, paused 4ms+10ms
07-26 04:02:36.767   145   423 I ActivityManager: Process android.process.acore (pid 32511) has died.
07-26 04:02:41.849   361   361 D dalvikvm: GC_EXPLICIT freed <1K, 6% free 9099K/9607K, paused 25ms+2ms
07-26 04:02:44.376   145   162 I ActivityManager: Start proc com.google.android.apps.googlevoice for service com.google.android.apps.googlevoice/.UpdateService: pid=32531 uid=10054 gids={3003, 1015}
07-26 04:02:44.892 32531 32534 D dalvikvm: GC_CONCURRENT freed 256K, 4% free 9279K/9607K, paused 11ms+2ms
07-26 04:02:44.946   145   156 I ActivityManager: Start proc android.process.acore for content provider com.android.providers.contacts/.VoicemailContentProvider: pid=32546 uid=10000 gids={3003, 1015}
07-26 04:02:45.005 32546 32546 I ActivityThread: Pub call_log: com.android.providers.contacts.CallLogProvider
07-26 04:02:45.024 32546 32546 I ActivityThread: Pub com.android.voicemail: com.android.providers.contacts.VoicemailContentProvider
07-26 04:02:45.028 32546 32546 I ActivityThread: Pub user_dictionary: com.android.providers.userdictionary.UserDictionaryProvider
07-26 04:02:45.036 32546 32546 I ActivityThread: Pub com.android.social: com.android.providers.contacts.SocialProvider
07-26 04:02:45.036 32546 32546 I ActivityThread: Pub applications: com.android.providers.applications.ApplicationsProvider
07-26 04:02:45.134 32546 32549 D dalvikvm: GC_CONCURRENT freed 339K, 5% free 9151K/9607K, paused 3ms+4ms
07-26 04:02:45.138 32546 32546 I ActivityThread: Pub contacts;com.android.contacts: com.android.providers.contacts.ContactsProvider2
07-26 04:02:45.685 32546 32549 D dalvikvm: GC_CONCURRENT freed 208K, 4% free 9331K/9671K, paused 32ms+4ms
07-26 04:02:45.747 32531 32534 D dalvikvm: GC_CONCURRENT freed 412K, 5% free 9378K/9863K, paused 2ms+2ms
07-26 04:02:45.747 32531 32540 W CursorWrapperInner: Cursor finalized without prior close()
07-26 04:02:45.747 32531 32540 W CursorWrapperInner: Cursor finalized without prior close()
07-26 04:02:45.747 32531 32540 W CursorWrapperInner: Cursor finalized without prior close()
07-26 04:02:45.857   145 21503 D CountryDetector: The first listener is added
07-26 04:02:46.110 32546 32549 D dalvikvm: GC_CONCURRENT freed 255K, 4% free 9577K/9927K, paused 21ms+3ms
07-26 04:02:46.774 32531 32534 D dalvikvm: GC_CONCURRENT freed 311K, 5% free 9503K/9927K, paused 2ms+2ms
07-26 04:02:46.790 30986 30986 W ThumbnailCache: Low Memory: Freed 0 textures from compression queue, 0 from write queue, 0 from the pinned list, 0 from the cache.
07-26 04:02:46.814 32546 32549 D dalvikvm: GC_CONCURRENT freed 215K, 3% free 9893K/10183K, paused 3ms+3ms
07-26 04:02:46.860 30986 30986 D dalvikvm: GC_EXPLICIT freed 5K, 9% free 11046K/12103K, paused 2ms+4ms
07-26 04:02:47.939 32546 32549 D dalvikvm: GC_CONCURRENT freed 316K, 5% free 9989K/10439K, paused 9ms+6ms
07-26 04:02:48.095 32531 32569 D dalvikvm: GC_FOR_ALLOC freed 131K, 5% free 9671K/10119K, paused 31ms
07-26 04:02:48.271   145   363 I ActivityManager: Process android.process.acore (pid 32546) has died.
07-26 04:02:48.271   145   363 D CountryDetector: No listener is left
07-26 04:02:53.364 31004 31004 D dalvikvm: GC_EXPLICIT freed <1K, 4% free 9241K/9543K, paused 20ms+3ms
07-26 04:02:54.341   145   162 I ActivityManager: Start proc edu.buffalo.cse.phonelab.phonelabservices for service edu.buffalo.cse.phonelab.phonelabservices/edu.buffalo.cse.phonelab.datalogger.LoggerService: pid=32573 uid=10037 gids={3003, 1015, 1007, 2001}
07-26 04:02:54.560 32573 32573 I PhoneLab-LoggerService: Start Logger Service
07-26 04:02:54.591 32573 32586 I PhoneLab-: Service Running
07-26 04:02:54.728 32573 32586 I PhoneLab-LoggerService: app_37    1300  1     1440   1000  c00f181c 400107b4 S logcat
07-26 04:02:54.728 32573 32586 I PhoneLab-LoggerService: Logcat pid from database 1300
07-26 04:02:54.732 32573 32586 I PhoneLab-LoggerService: Logcat process found 1300
07-26 04:02:54.732 32573 32586 I PhoneLab-LoggerService: Checking Threshold
07-26 04:02:54.732 32573 32586 I PhoneLab-LoggerService: Starting to rename files
07-26 04:02:54.735 32573 32586 I PhoneLab-LoggerService: Files found .. 2
07-26 04:02:58.407 31737 31737 D dalvikvm: GC_EXPLICIT freed 131K, 6% free 9944K/10503K, paused 30ms+3ms
07-26 04:02:59.954 32590 32590 D dalvikvm: Late-enabling CheckJNI
07-26 04:02:59.954   145   162 I ActivityManager: Start proc com.chess for broadcast com.chess/.backend.AlarmReceiver: pid=32590 uid=10079 gids={3003, 1015}
07-26 04:03:00.161 32590 32592 D dalvikvm: GC_CONCURRENT freed 174K, 3% free 9361K/9607K, paused 11ms+2ms
07-26 04:03:00.462   145   145 I ActivityManager: Process com.chess (pid 32590) has died.
07-26 04:03:04.110   145   338 I ActivityManager: Start proc com.google.android.apps.maps:LocationFriendService for service com.google.android.apps.maps/com.google.googlenav.friend.reporting.LocationReceiverService: pid=32606 uid=10056 gids={3003, 1015}
07-26 04:03:04.153    79    79 D dalvikvm: GC_EXPLICIT freed 38K, 4% free 9031K/9347K, paused 1ms+5ms
07-26 04:03:04.196    79    79 D dalvikvm: GC_EXPLICIT freed <1K, 4% free 9031K/9347K, paused 1ms+1ms
07-26 04:03:04.255    79    79 D dalvikvm: GC_EXPLICIT freed <1K, 4% free 9031K/9347K, paused 4ms+7ms
07-26 04:03:04.341 32606 32609 D dalvikvm: GC_CONCURRENT freed 178K, 3% free 9357K/9607K, paused 2ms+1ms
07-26 04:03:04.747 32606 32609 D dalvikvm: GC_CONCURRENT freed 138K, 3% free 9672K/9927K, paused 12ms+8ms
07-26 04:03:05.290 32606 32609 D dalvikvm: GC_CONCURRENT freed 343K, 5% free 9848K/10311K, paused 4ms+3ms
07-26 04:03:05.536 32606 32609 D dalvikvm: GC_CONCURRENT freed 354K, 5% free 9989K/10439K, paused 2ms+3ms
07-26 04:03:05.595   145  1303 I ActivityManager: Process com.google.android.apps.maps:LocationFriendService (pid 32606) has died.
07-26 04:03:10.825   145   161 D dalvikvm: GC_EXPLICIT freed 1132K, 23% free 18272K/23495K, paused 45ms+7ms
07-26 04:03:13.466 30986 30986 I chromium: [INFO:CONSOLE(0)] "event.layerX and event.layerY are broken and deprecated in WebKit. They will be removed from the engine in the near future.", source:  (0)
07-26 04:03:13.470 30986 30986 I chromium: [INFO:CONSOLE(0)] "event.layerX and event.layerY are broken and deprecated in WebKit. They will be removed from the engine in the near future.", source:  (0)
07-26 04:03:13.989 30986 30986 I chromium: [INFO:CONSOLE(0)] "event.layerX and event.layerY are broken and deprecated in WebKit. They will be removed from the engine in the near future.", source:  (0)
07-26 04:03:13.989 30986 30986 I chromium: [INFO:CONSOLE(0)] "event.layerX and event.layerY are broken and deprecated in WebKit. They will be removed from the engine in the near future.", source:  (0)
07-26 04:03:15.634   321   321 D dalvikvm: GC_EXPLICIT freed <1K, 19% free 10149K/12487K, paused 3ms+3ms
07-26 04:03:15.790 30986 30986 I chromium: [INFO:CONSOLE(0)] "event.layerX and event.layerY are broken and deprecated in WebKit. They will be removed from the engine in the near future.", source:  (0)
07-26 04:03:15.790 30986 30986 I chromium: [INFO:CONSOLE(0)] "event.layerX and event.layerY are broken and deprecated in WebKit. They will be removed from the engine in the near future.", source:  (0)
07-26 04:03:27.517 27972 27972 D dalvikvm: GC_EXPLICIT freed <1K, 5% free 9532K/9991K, paused 19ms+3ms
07-26 04:03:31.040   342   342 D SAN_SERVICE: *******************************************
07-26 04:03:31.040   342   342 D SAN_SERVICE: DM App Phone Service State - 0
07-26 04:03:31.040   342   342 D SAN_SERVICE: *******************************************
07-26 04:03:31.267   342   342 D SAN_SERVICE: *******************************************
07-26 04:03:31.267   342   342 D SAN_SERVICE: DM App Phone Service State - 0
07-26 04:03:31.267   342   342 D SAN_SERVICE: *******************************************
07-26 04:03:31.774   342   342 D SAN_SERVICE: *******************************************
07-26 04:03:31.774   342   342 D SAN_SERVICE: DM App Phone Service State - 0
07-26 04:03:31.774   342   342 D SAN_SERVICE: *******************************************
07-26 04:03:32.325 30986 30986 I chromium: [INFO:CONSOLE(0)] "event.layerX and event.layerY are broken and deprecated in WebKit. They will be removed from the engine in the near future.", source:  (0)
07-26 04:03:32.325 30986 30986 I chromium: [INFO:CONSOLE(0)] "event.layerX and event.layerY are broken and deprecated in WebKit. They will be removed from the engine in the near future.", source:  (0)
07-26 04:03:36.935   342   342 D dalvikvm: GC_EXPLICIT freed 45K, 9% free 11872K/12935K, paused 53ms+4ms
07-26 04:03:41.868   443   443 D dalvikvm: GC_EXPLICIT freed <1K, 4% free 9037K/9347K, paused 20ms+2ms
07-26 04:03:43.110   145   423 I ActivityManager: Start proc android.process.acore for content provider com.android.providers.contacts/.ContactsProvider2: pid=32637 uid=10000 gids={3003, 1015}
07-26 04:03:43.177 32637 32637 I ActivityThread: Pub call_log: com.android.providers.contacts.CallLogProvider
07-26 04:03:43.208 32637 32637 I ActivityThread: Pub com.android.voicemail: com.android.providers.contacts.VoicemailContentProvider
07-26 04:03:43.212 32637 32637 I ActivityThread: Pub user_dictionary: com.android.providers.userdictionary.UserDictionaryProvider
07-26 04:03:43.232 32637 32637 I ActivityThread: Pub com.android.social: com.android.providers.contacts.SocialProvider
07-26 04:03:43.232 32637 32637 I ActivityThread: Pub applications: com.android.providers.applications.ApplicationsProvider
07-26 04:03:43.310 32637 32637 I ActivityThread: Pub contacts;com.android.contacts: com.android.providers.contacts.ContactsProvider2
07-26 04:03:43.357 32637 32639 D dalvikvm: GC_CONCURRENT freed 348K, 5% free 9188K/9607K, paused 5ms+3ms
07-26 04:03:43.595 32637 32639 D dalvikvm: GC_CONCURRENT freed 228K, 4% free 9374K/9735K, paused 2ms+3ms
07-26 04:03:44.474 32637 32639 D dalvikvm: GC_CONCURRENT freed 165K, 3% free 9631K/9927K, paused 11ms+2ms
07-26 04:03:46.853   215   215 D dalvikvm: GC_EXPLICIT freed 35K, 32% free 9685K/14215K, paused 14ms+3ms
07-26 04:03:51.911 30922 30922 D dalvikvm: GC_EXPLICIT freed <1K, 4% free 9055K/9347K, paused 41ms+2ms
07-26 04:03:53.009 31737 32655 I EventLogService: Aggregate from 1343288032613 (log), 1343288032613 (data)
07-26 04:03:58.095 29264 29264 D dalvikvm: GC_EXPLICIT freed 321K, 10% free 11606K/12871K, paused 29ms+3ms
07-26 04:04:04.255 32201 32203 D dalvikvm: GC_CONCURRENT freed 506K, 6% free 10368K/10951K, paused 3ms+3ms
07-26 04:04:04.380   145   378 D dalvikvm: GC_EXPLICIT freed 275K, 23% free 18270K/23495K, paused 12ms+6ms
07-26 04:04:04.423   145   378 I ActivityManager: Start proc com.google.android.apps.maps:LocationFriendService for service com.google.android.apps.maps/com.google.googlenav.friend.reporting.LocationReceiverService: pid=32657 uid=10056 gids={3003, 1015}
07-26 04:04:04.560 32657 32659 D dalvikvm: GC_CONCURRENT freed 156K, 3% free 9380K/9607K, paused 4ms+2ms
07-26 04:04:04.919 32657 32659 D dalvikvm: GC_CONCURRENT freed 153K, 3% free 9662K/9927K, paused 9ms+2ms
07-26 04:04:05.415 32657 32659 D dalvikvm: GC_CONCURRENT freed 305K, 4% free 9848K/10247K, paused 2ms+4ms
07-26 04:04:05.603 32657 32664 I dalvikvm: Total arena pages for JIT: 11
07-26 04:04:05.607 32657 32664 I dalvikvm: Total arena pages for JIT: 12
07-26 04:04:05.607 32657 32664 I dalvikvm: Total arena pages for JIT: 13
07-26 04:04:05.607 32657 32664 I dalvikvm: Total arena pages for JIT: 14
07-26 04:04:05.607 32657 32664 I dalvikvm: Total arena pages for JIT: 15
07-26 04:04:05.610 32657 32664 I dalvikvm: Total arena pages for JIT: 16
07-26 04:04:05.610 32657 32664 I dalvikvm: Total arena pages for JIT: 17
07-26 04:04:05.720 32657 32659 D dalvikvm: GC_CONCURRENT freed 398K, 5% free 9963K/10439K, paused 2ms+2ms
07-26 04:04:06.903   145   199 D DhcpInfoInternal: makeLinkProperties with empty dns2!
07-26 04:04:06.911   145   199 D DhcpInfoInternal: makeLinkProperties with empty dns2!
07-26 04:04:12.763 21345 21345 D dalvikvm: GC_EXPLICIT freed 6K, 16% free 12328K/14535K, paused 23ms+3ms
07-26 04:04:17.786 32163 32163 D dalvikvm: GC_EXPLICIT freed 158K, 3% free 9082K/9347K, paused 22ms+2ms
07-26 04:04:22.782 32201 32201 D dalvikvm: GC_EXPLICIT freed 76K, 6% free 10348K/10951K, paused 23ms+3ms
07-26 04:04:27.782 32372 32372 D dalvikvm: GC_EXPLICIT freed 1K, 3% free 10936K/11271K, paused 23ms+2ms
07-26 04:04:29.157   342   342 D SAN_SERVICE: *******************************************
07-26 04:04:29.157   342   342 D SAN_SERVICE: DM App Phone Service State - 0
07-26 04:04:29.157   342   342 D SAN_SERVICE: *******************************************
07-26 04:04:29.247   342   342 D SAN_SERVICE: *******************************************
07-26 04:04:29.247   342   342 D SAN_SERVICE: DM App Phone Service State - 0
07-26 04:04:29.247   342   342 D SAN_SERVICE: *******************************************
07-26 04:04:37.567   342   342 D SAN_SERVICE: *******************************************
07-26 04:04:37.567   342   342 D SAN_SERVICE: DM App Phone Service State - 0
07-26 04:04:37.567   342   342 D SAN_SERVICE: *******************************************
07-26 04:04:48.970   145   174 I ActivityManager: Start proc com.twitter.android for service com.twitter.android/.client.AppService: pid=32698 uid=10064 gids={3003, 1015}
07-26 04:04:48.978 32698 32698 I dalvikvm: Turning on JNI app bug workarounds for target SDK version 11...
07-26 04:04:49.075 32698 32698 I ActivityThread: Pub com.twitter.android.provider.GlobalDatabaseProvider: com.twitter.android.provider.GlobalDatabaseProvider
07-26 04:04:49.087 32698 32698 I ActivityThread: Pub com.twitter.android.provider.TwitterProvider: com.twitter.android.provider.TwitterProvider
07-26 04:04:49.189 32698 32701 D dalvikvm: GC_CONCURRENT freed 178K, 4% free 9301K/9607K, paused 12ms+2ms
07-26 04:04:49.583   145   378 I ActivityManager: Process android.process.acore (pid 32637) has died.
07-26 04:04:49.630 32698 32701 D dalvikvm: GC_CONCURRENT freed 219K, 4% free 9515K/9863K, paused 1ms+2ms
07-26 04:04:49.778 32698 32701 D dalvikvm: GC_CONCURRENT freed 285K, 5% free 9638K/10055K, paused 3ms+2ms
07-26 04:04:49.915 32698 32701 D dalvikvm: GC_CONCURRENT freed 292K, 5% free 9767K/10183K, paused 2ms+1ms
07-26 04:04:50.040 32698 32701 D dalvikvm: GC_CONCURRENT freed 294K, 5% free 9887K/10311K, paused 2ms+2ms
07-26 04:04:50.173 32698 32701 D dalvikvm: GC_CONCURRENT freed 305K, 5% free 10018K/10439K, paused 1ms+2ms
07-26 04:04:50.298 32698 32701 D dalvikvm: GC_CONCURRENT freed 294K, 4% free 10157K/10567K, paused 2ms+2ms
07-26 04:04:50.431 32698 32701 D dalvikvm: GC_CONCURRENT freed 295K, 4% free 10273K/10695K, paused 2ms+2ms
07-26 04:04:50.642 32698 32701 D dalvikvm: GC_CONCURRENT freed 474K, 6% free 10225K/10823K, paused 2ms+5ms
07-26 04:04:50.782 32698 32701 D dalvikvm: GC_CONCURRENT freed 322K, 5% free 10298K/10823K, paused 2ms+2ms
07-26 04:04:50.915 32698 32701 D dalvikvm: GC_CONCURRENT freed 327K, 5% free 10374K/10823K, paused 2ms+2ms
07-26 04:04:51.228 32698 32701 D dalvikvm: GC_CONCURRENT freed 350K, 5% free 10473K/10951K, paused 4ms+2ms
07-26 04:04:51.653 32698 32701 D dalvikvm: GC_CONCURRENT freed 338K, 5% free 10552K/11015K, paused 5ms+7ms
07-26 04:04:51.888 32698 32701 D dalvikvm: GC_CONCURRENT freed 323K, 4% free 10637K/11079K, paused 2ms+6ms
07-26 04:04:52.091   145   157 I ActivityManager: Process com.google.android.apps.maps:LocationFriendService (pid 32657) has died.
07-26 04:04:52.157 32698 32701 D dalvikvm: GC_CONCURRENT freed 366K, 5% free 10733K/11207K, paused 2ms+7ms
07-26 04:04:52.317 32698 32701 D dalvikvm: GC_CONCURRENT freed 402K, 5% free 10812K/11335K, paused 2ms+2ms
07-26 04:04:53.423 32698 32701 D dalvikvm: GC_CONCURRENT freed 329K, 4% free 11018K/11463K, paused 2ms+3ms
07-26 04:04:54.642 32573 32586 I PhoneLab-: Service Running
07-26 04:04:54.767 32573 32586 I PhoneLab-LoggerService: app_37    1300  1     1440   1000  c00f181c 400107b4 S logcat
07-26 04:04:54.771 32573 32586 I PhoneLab-LoggerService: Logcat pid from database 1300
07-26 04:04:54.771 32573 32586 I PhoneLab-LoggerService: Logcat process found 1300
07-26 04:04:54.771 32573 32586 I PhoneLab-LoggerService: Checking Threshold
07-26 04:04:54.817 32573 32586 I PhoneLab-LoggerService: Starting to rename files
07-26 04:04:54.817 32573 32586 I PhoneLab-LoggerService: Files found .. 2
07-26 04:04:55.208 32698 32701 D dalvikvm: GC_CONCURRENT freed 430K, 5% free 11166K/11719K, paused 2ms+3ms
07-26 04:05:04.728   145  1302 I ActivityManager: Start proc com.google.android.apps.maps:LocationFriendService for service com.google.android.apps.maps/com.google.googlenav.friend.reporting.LocationReceiverService: pid=32719 uid=10056 gids={3003, 1015}
07-26 04:05:04.868 31737 31740 D dalvikvm: GC_CONCURRENT freed 273K, 4% free 10094K/10503K, paused 44ms+75ms
07-26 04:05:05.235 32719 32722 D dalvikvm: GC_CONCURRENT freed 161K, 3% free 9375K/9607K, paused 21ms+20ms
07-26 04:05:05.532   145   156 I ActivityManager: Process com.twitter.android (pid 32698) has died.
07-26 04:05:05.899 32719 32722 D dalvikvm: GC_CONCURRENT freed 128K, 3% free 9676K/9927K, paused 26ms+2ms
07-26 04:05:06.435 32719 32722 D dalvikvm: GC_CONCURRENT freed 341K, 5% free 9854K/10311K, paused 4ms+4ms
07-26 04:05:06.653 32719 32726 I dalvikvm: Total arena pages for JIT: 11
07-26 04:05:06.673 32719 32726 I dalvikvm: Total arena pages for JIT: 12
07-26 04:05:06.673 32719 32726 I dalvikvm: Total arena pages for JIT: 13
07-26 04:05:06.673 32719 32726 I dalvikvm: Total arena pages for JIT: 14
07-26 04:05:06.685 32719 32726 I dalvikvm: Total arena pages for JIT: 15
07-26 04:05:06.689 32719 32726 I dalvikvm: Total arena pages for JIT: 16
07-26 04:05:06.689 32719 32726 I dalvikvm: Total arena pages for JIT: 17
07-26 04:05:07.317 32719 32722 D dalvikvm: GC_CONCURRENT freed 388K, 5% free 9963K/10439K, paused 14ms+12ms
07-26 04:05:10.622   361   361 D dalvikvm: GC_EXPLICIT freed <1K, 6% free 9099K/9607K, paused 22ms+3ms
07-26 04:05:15.571 30986 30986 W ThumbnailCache: Low Memory: Freed 0 textures from compression queue, 0 from write queue, 1 from the pinned list, 0 from the cache.
07-26 04:05:15.665 30986 30986 D dalvikvm: GC_EXPLICIT freed 489K, 9% free 11062K/12103K, paused 25ms+3ms
07-26 04:05:24.368 31004 31004 D dalvikvm: GC_EXPLICIT freed <1K, 4% free 9241K/9543K, paused 5ms+2ms
07-26 04:05:29.458 31737 31737 D dalvikvm: GC_EXPLICIT freed 105K, 5% free 10004K/10503K, paused 24ms+3ms
07-26 04:05:31.982   145   162 I ActivityManager: Start proc com.facebook.orca for service com.facebook.orca/.push.mqtt.MqttPushService: pid=32742 uid=10062 gids={3003, 1015, 1006}
07-26 04:05:31.985 32742 32742 I dalvikvm: Turning on JNI app bug workarounds for target SDK version 10...
07-26 04:05:32.165 32742 32742 I ActivityThread: Pub com.facebook.orca.notify.MessengerLoggedInUserProvider: com.facebook.orca.notify.MessengerLoggedInUserProvider
07-26 04:05:32.200 32742 32742 I ActivityThread: Pub com.facebook.orca.notify.MessengerForegroundProvider: com.facebook.orca.notify.MessengerForegroundProvider
07-26 04:05:32.216 32742 32742 V orca:OrcaApplication: Forcing initialization of AsyncTask
07-26 04:05:32.423 32742 32744 D dalvikvm: GC_CONCURRENT freed 216K, 4% free 9307K/9607K, paused 10ms+2ms
07-26 04:05:32.446 32742 32742 I Finalizer: Couldn't access Thread.inheritableThreadLocals. Reference finalizer threads will inherit thread local values.
07-26 04:05:32.607 32742 32744 D dalvikvm: GC_CONCURRENT freed 356K, 5% free 9451K/9927K, paused 2ms+2ms
07-26 04:05:32.735 32742 32742 W OrcaGuiceModule: Sig: ijxLJi1yGs1JpL-X1SExmchvork
07-26 04:05:32.814 32742 32744 D dalvikvm: GC_CONCURRENT freed 302K, 5% free 9641K/10055K, paused 2ms+13ms
07-26 04:05:33.267 32742 32757 W Resources: Converting to string: TypedValue{t=0x10/d=0xffffffff a=-1}
07-26 04:05:33.403   145   378 I ActivityManager: Process com.google.android.apps.maps:LocationFriendService (pid 32719) has died.
07-26 04:05:33.458 32742 32744 D dalvikvm: GC_CONCURRENT freed 337K, 4% free 9838K/10247K, paused 5ms+4ms
07-26 04:05:33.583 32742 32742 D ACRA    : Retrieve application default SharedPreferences.
07-26 04:05:33.583 32742 32742 D ACRA    : Set OnSharedPreferenceChangeListener.
07-26 04:05:33.583 32742 32742 D ACRA    : ACRA is enabled for com.facebook.orca, intializing...
07-26 04:05:33.638 32742 32744 D dalvikvm: GC_CONCURRENT freed 297K, 4% free 10068K/10439K, paused 7ms+4ms
07-26 04:05:33.673 32742 32757 D dalvikvm: GC_FOR_ALLOC freed 116K, 5% free 10161K/10631K, paused 20ms
07-26 04:05:33.681 32742 32742 D ACRA    : Looking for error files in /data/data/com.facebook.orca/app_acra-reports
07-26 04:05:33.739 32742 32757 D dalvikvm: GC_FOR_ALLOC freed 226K, 6% free 10187K/10759K, paused 19ms
07-26 04:05:33.786 32742 32757 D dalvikvm: GC_FOR_ALLOC freed 96K, 5% free 10261K/10759K, paused 22ms
07-26 04:05:33.841 32742 32757 D dalvikvm: GC_FOR_ALLOC freed 199K, 6% free 10284K/10887K, paused 25ms
07-26 04:05:33.982 32742 32744 D dalvikvm: GC_CONCURRENT freed 360K, 5% free 10436K/10887K, paused 2ms+3ms
07-26 04:05:34.153 32742 32744 D dalvikvm: GC_CONCURRENT freed 172K, 3% free 10836K/11079K, paused 2ms+3ms
07-26 04:05:34.380 32742 32744 D dalvikvm: GC_CONCURRENT freed 322K, 4% free 11134K/11527K, paused 2ms+5ms
07-26 04:05:34.774 32742 32744 D dalvikvm: GC_CONCURRENT freed 583K, 6% free 11225K/11911K, paused 2ms+3ms
07-26 04:05:43.415   145   161 D dalvikvm: GC_EXPLICIT freed 353K, 23% free 18297K/23495K, paused 43ms+8ms
07-26 04:05:48.286   321   321 D dalvikvm: GC_EXPLICIT freed <1K, 19% free 10149K/12487K, paused 21ms+3ms
07-26 04:05:53.294 27972 27972 D dalvikvm: GC_EXPLICIT freed <1K, 5% free 9532K/9991K, paused 22ms+2ms
07-26 04:05:54.778   342   342 D SAN_SERVICE: *******************************************
07-26 04:05:54.778   342   342 D SAN_SERVICE: DM App Phone Service State - 0
07-26 04:05:54.778   342   342 D SAN_SERVICE: *******************************************
07-26 04:05:54.915   342   342 D SAN_SERVICE: *******************************************
07-26 04:05:54.915   342   342 D SAN_SERVICE: DM App Phone Service State - 0
07-26 04:05:54.915   342   342 D SAN_SERVICE: *******************************************
07-26 04:05:55.720   342   342 D SAN_SERVICE: *******************************************
07-26 04:05:55.720   342   342 D SAN_SERVICE: DM App Phone Service State - 0
07-26 04:05:55.720   342   342 D SAN_SERVICE: *******************************************
07-26 04:06:04.298 32201 32203 D dalvikvm: GC_CONCURRENT freed 499K, 6% free 10361K/10951K, paused 2ms+3ms
07-26 04:06:04.353   145 22786 I ActivityManager: Start proc com.google.android.apps.maps:LocationFriendService for service com.google.android.apps.maps/com.google.googlenav.friend.reporting.LocationReceiverService: pid=32767 uid=10056 gids={3003, 1015}
07-26 04:06:04.470 32767   303 D dalvikvm: GC_CONCURRENT freed 165K, 3% free 9370K/9607K, paused 2ms+2ms
07-26 04:06:04.970 32767   303 D dalvikvm: GC_CONCURRENT freed 132K, 3% free 9674K/9927K, paused 21ms+4ms
07-26 04:06:05.462 32767   303 D dalvikvm: GC_CONCURRENT freed 345K, 5% free 9848K/10311K, paused 2ms+3ms
07-26 04:06:05.583 32767   307 I dalvikvm: Total arena pages for JIT: 11
07-26 04:06:05.587 32767   307 I dalvikvm: Total arena pages for JIT: 12
07-26 04:06:05.587 32767   307 I dalvikvm: Total arena pages for JIT: 13
07-26 04:06:05.587 32767   307 I dalvikvm: Total arena pages for JIT: 14
07-26 04:06:05.587 32767   307 I dalvikvm: Total arena pages for JIT: 15
07-26 04:06:05.587 32767   307 I dalvikvm: Total arena pages for JIT: 16
07-26 04:06:05.587 32767   307 I dalvikvm: Total arena pages for JIT: 17
07-26 04:06:05.692 32767   303 D dalvikvm: GC_CONCURRENT freed 355K, 5% free 9984K/10439K, paused 2ms+2ms
07-26 04:06:09.294   342   342 D dalvikvm: GC_EXPLICIT freed 112K, 9% free 11872K/12935K, paused 25ms+4ms
07-26 04:06:09.724   342   342 D SAN_SERVICE: *******************************************
07-26 04:06:09.724   342   342 D SAN_SERVICE: DM App Phone Service State - 0
07-26 04:06:09.724   342   342 D SAN_SERVICE: *******************************************
07-26 04:06:10.017   342   342 D SAN_SERVICE: *******************************************
07-26 04:06:10.017   342   342 D SAN_SERVICE: DM App Phone Service State - 0
07-26 04:06:10.017   342   342 D SAN_SERVICE: *******************************************
07-26 04:06:10.517   342   342 D SAN_SERVICE: *******************************************
07-26 04:06:10.517   342   342 D SAN_SERVICE: DM App Phone Service State - 0
07-26 04:06:10.517   342   342 D SAN_SERVICE: *******************************************
07-26 04:06:15.540   443   443 D dalvikvm: GC_EXPLICIT freed <1K, 4% free 9037K/9347K, paused 2ms+2ms
07-26 04:06:20.607   215   215 D dalvikvm: GC_EXPLICIT freed 70K, 32% free 9686K/14215K, paused 23ms+3ms
07-26 04:06:25.142   342   342 D SAN_SERVICE: *******************************************
07-26 04:06:25.142   342   342 D SAN_SERVICE: DM App Phone Service State - 0
07-26 04:06:25.142   342   342 D SAN_SERVICE: *******************************************
07-26 04:06:25.364   342   342 D SAN_SERVICE: *******************************************
07-26 04:06:25.364   342   342 D SAN_SERVICE: DM App Phone Service State - 0
07-26 04:06:25.364   342   342 D SAN_SERVICE: *******************************************
07-26 04:06:25.868   342   342 D SAN_SERVICE: *******************************************
07-26 04:06:25.868   342   342 D SAN_SERVICE: DM App Phone Service State - 0
07-26 04:06:25.868   342   342 D SAN_SERVICE: *******************************************
07-26 04:06:30.942 30922 30922 D dalvikvm: GC_EXPLICIT freed <1K, 4% free 9055K/9347K, paused 51ms+2ms
07-26 04:06:31.771   145   199 D DhcpInfoInternal: makeLinkProperties with empty dns2!
07-26 04:06:31.774   145   199 D DhcpInfoInternal: makeLinkProperties with empty dns2!
07-26 04:06:37.626 29264 29264 D dalvikvm: GC_EXPLICIT freed 23K, 10% free 11589K/12871K, paused 26ms+3ms
07-26 04:06:42.622 21345 21345 D dalvikvm: GC_EXPLICIT freed <1K, 16% free 12328K/14535K, paused 22ms+3ms
07-26 04:06:47.595 32163 32163 D dalvikvm: GC_EXPLICIT freed 1K, 3% free 9081K/9347K, paused 20ms+2ms
07-26 04:06:52.614 32201 32201 D dalvikvm: GC_EXPLICIT freed 35K, 6% free 10352K/10951K, paused 26ms+3ms
07-26 04:06:53.380   145   172 I power   : *** set_screen_state 0
07-26 04:06:53.431    78   121 D SurfaceFlinger: About to give-up screen, flinger = 0x749918
07-26 04:06:54.153   145   176 V TransportControlView: Create TCV com.android.internal.widget.TransportControlView@41821078
07-26 04:06:54.247   215   215 D PhoneStatusBar: disable: < expand icons alerts ticker system_info back home RECENT* clock >
07-26 04:06:54.388   215   215 D PhoneStatusBar: disable: < expand icons alerts ticker system_info BACK* HOME* RECENT CLOCK* >
07-26 04:06:54.607 32573 32586 I PhoneLab-: Service Running
07-26 04:06:54.685 32573 32586 I PhoneLab-LoggerService: app_37    1300  1     1440   1000  c00f181c 400107b4 S logcat
07-26 04:06:54.685 32573 32586 I PhoneLab-LoggerService: Logcat pid from database 1300
07-26 04:06:54.685 32573 32586 I PhoneLab-LoggerService: Logcat process found 1300
07-26 04:06:54.685 32573 32586 I PhoneLab-LoggerService: Checking Threshold
07-26 04:06:54.689 32573 32586 I PhoneLab-LoggerService: Starting to rename files
07-26 04:06:54.689 32573 32586 I PhoneLab-LoggerService: Files found .. 2
07-26 04:07:00.978   342   342 D SAN_SERVICE: *******************************************
07-26 04:07:00.978   342   342 D SAN_SERVICE: DM App Phone Service State - 0
07-26 04:07:00.978   342   342 D SAN_SERVICE: *******************************************
07-26 04:07:01.200   342   342 D SAN_SERVICE: *******************************************
07-26 04:07:01.200   342   342 D SAN_SERVICE: DM App Phone Service State - 0
07-26 04:07:01.200   342   342 D SAN_SERVICE: *******************************************
07-26 04:07:01.950   342   342 D SAN_SERVICE: *******************************************
07-26 04:07:01.950   342   342 D SAN_SERVICE: DM App Phone Service State - 0
07-26 04:07:01.950   342   342 D SAN_SERVICE: *******************************************
07-26 04:07:04.353 32767   307 I dalvikvm: Total arena pages for JIT: 18
07-26 04:07:04.446 32767   303 D dalvikvm: GC_CONCURRENT freed 446K, 6% free 10003K/10567K, paused 2ms+2ms
07-26 04:07:10.872 32372 32372 D dalvikvm: GC_EXPLICIT freed <1K, 3% free 10936K/11271K, paused 5ms+2ms
07-26 04:07:15.958 32531 32531 D dalvikvm: GC_EXPLICIT freed 83K, 6% free 9701K/10247K, paused 22ms+2ms
07-26 04:07:20.958 32573 32573 D dalvikvm: GC_EXPLICIT freed 297K, 5% free 9055K/9479K, paused 23ms+2ms
07-26 04:07:47.032   342   342 D SAN_SERVICE: *******************************************
07-26 04:07:47.032   342   342 D SAN_SERVICE: DM App Phone Service State - 0
07-26 04:07:47.032   342   342 D SAN_SERVICE: *******************************************
07-26 04:07:47.255   342   342 D SAN_SERVICE: *******************************************
07-26 04:07:47.255   342   342 D SAN_SERVICE: DM App Phone Service State - 0
07-26 04:07:47.255   342   342 D SAN_SERVICE: *******************************************
07-26 04:07:48.009   342   342 D SAN_SERVICE: *******************************************
07-26 04:07:48.009   342   342 D SAN_SERVICE: DM App Phone Service State - 0
07-26 04:07:48.009   342   342 D SAN_SERVICE: *******************************************
07-26 04:07:59.942   389   389 D dalvikvm: Late-enabling CheckJNI
07-26 04:07:59.950   145   162 I ActivityManager: Start proc com.chess for broadcast com.chess/.backend.AlarmReceiver: pid=389 uid=10079 gids={3003, 1015}
07-26 04:08:00.107   389   392 D dalvikvm: GC_CONCURRENT freed 165K, 3% free 9371K/9607K, paused 2ms+2ms
07-26 04:08:00.290   389   404 D GetStringObjTask: retrieving from url = http://www.chess.com/api/get_move_status?id=5HHjW9WUGa%2Bcu1LUwnVJPxTIWxmEve4VdkRnRyg7b5Ch69JH2Z5aB%2B7eGuFw8K2uFx47KFsdE3JRdR3Mzv0PkZOj6eZ8N73BvxmEERrzXjMNRo80rkLyJAUTh0iqof4n
07-26 04:08:00.935   389   404 D GetStringObjTask: WebRequest SERVER RESPONSE: Success+0
07-26 04:08:04.442 32201 32203 D dalvikvm: GC_CONCURRENT freed 496K, 6% free 10367K/10951K, paused 2ms+3ms
07-26 04:08:04.700   215   217 D dalvikvm: GC_CONCURRENT freed 232K, 31% free 9911K/14215K, paused 9ms+6ms
07-26 04:08:04.810   215   217 D dalvikvm: GC_CONCURRENT freed 549K, 31% free 9858K/14215K, paused 4ms+5ms
07-26 04:08:05.552   342   342 D SAN_SERVICE: *******************************************
07-26 04:08:05.552   342   342 D SAN_SERVICE: DM App Phone Service State - 0
07-26 04:08:05.552   342   342 D SAN_SERVICE: *******************************************
07-26 04:08:06.056   342   342 D SAN_SERVICE: *******************************************
07-26 04:08:06.056   342   342 D SAN_SERVICE: DM App Phone Service State - 0
07-26 04:08:06.056   342   342 D SAN_SERVICE: *******************************************
07-26 04:08:09.704 32767   303 D dalvikvm: GC_CONCURRENT freed 582K, 7% free 9965K/10631K, paused 5ms+3ms
07-26 04:08:10.646 32767   303 D dalvikvm: GC_CONCURRENT freed 378K, 6% free 9995K/10631K, paused 1ms+2ms
07-26 04:08:10.853   215   217 D dalvikvm: GC_CONCURRENT freed 384K, 31% free 9902K/14215K, paused 3ms+5ms
07-26 04:08:10.931   215   217 D dalvikvm: GC_CONCURRENT freed 549K, 31% free 9816K/14215K, paused 2ms+3ms
07-26 04:08:29.689   342   342 D SAN_SERVICE: *******************************************
07-26 04:08:29.692   342   342 D SAN_SERVICE: DM App Phone Service State - 0
07-26 04:08:29.692   342   342 D SAN_SERVICE: *******************************************
07-26 04:08:50.149   342   342 D SAN_SERVICE: *******************************************
07-26 04:08:50.149   342   342 D SAN_SERVICE: DM App Phone Service State - 0
07-26 04:08:50.149   342   342 D SAN_SERVICE: *******************************************
07-26 04:08:50.669   342   342 D SAN_SERVICE: *******************************************
07-26 04:08:50.669   342   342 D SAN_SERVICE: DM App Phone Service State - 0
07-26 04:08:50.673   342   342 D SAN_SERVICE: *******************************************
07-26 04:08:54.591 32573 32586 I PhoneLab-: Service Running
07-26 04:08:54.657 32573 32586 I PhoneLab-LoggerService: app_37    1300  1     1440   1000  c00f181c 400107b4 S logcat
07-26 04:08:54.657 32573 32586 I PhoneLab-LoggerService: Logcat pid from database 1300
07-26 04:08:54.657 32573 32586 I PhoneLab-LoggerService: Logcat process found 1300
07-26 04:08:54.657 32573 32586 I PhoneLab-LoggerService: Checking Threshold
07-26 04:08:54.657 32573 32586 I PhoneLab-LoggerService: Starting to rename files
07-26 04:08:54.661 32573 32586 I PhoneLab-LoggerService: Files found .. 2
07-26 04:08:56.470   145   199 D DhcpInfoInternal: makeLinkProperties with empty dns2!
07-26 04:08:56.474   145   199 D DhcpInfoInternal: makeLinkProperties with empty dns2!
07-26 04:09:03.267   145   430 D dalvikvm: GC_EXPLICIT freed 932K, 19% free 19240K/23495K, paused 36ms+10ms
07-26 04:09:04.681 32767   303 D dalvikvm: GC_CONCURRENT freed 453K, 6% free 10041K/10631K, paused 2ms+2ms
07-26 04:09:14.079   342   342 D SAN_SERVICE: *******************************************
07-26 04:09:14.079   342   342 D SAN_SERVICE: DM App Phone Service State - 0
07-26 04:09:14.079   342   342 D SAN_SERVICE: *******************************************
07-26 04:09:24.333   342   342 D SAN_SERVICE: *******************************************
07-26 04:09:24.333   342   342 D SAN_SERVICE: DM App Phone Service State - 0
07-26 04:09:24.333   342   342 D SAN_SERVICE: *******************************************
07-26 04:09:49.899   342   342 D SAN_SERVICE: *******************************************
07-26 04:09:49.899   342   342 D SAN_SERVICE: DM App Phone Service State - 0
07-26 04:09:49.899   342   342 D SAN_SERVICE: *******************************************
07-26 04:09:50.146   342   342 D SAN_SERVICE: *******************************************
07-26 04:09:50.146   342   342 D SAN_SERVICE: DM App Phone Service State - 0
07-26 04:09:50.146   342   342 D SAN_SERVICE: *******************************************
07-26 04:09:55.333   145   174 I ActivityManager: Start proc com.twitter.android for service com.twitter.android/.client.AppService: pid=441 uid=10064 gids={3003, 1015}
07-26 04:09:55.341   441   441 I dalvikvm: Turning on JNI app bug workarounds for target SDK version 11...
07-26 04:09:55.431   441   441 I ActivityThread: Pub com.twitter.android.provider.GlobalDatabaseProvider: com.twitter.android.provider.GlobalDatabaseProvider
07-26 04:09:55.442   441   441 I ActivityThread: Pub com.twitter.android.provider.TwitterProvider: com.twitter.android.provider.TwitterProvider
07-26 04:09:55.497   441   444 D dalvikvm: GC_CONCURRENT freed 191K, 4% free 9305K/9607K, paused 2ms+2ms
07-26 04:09:55.735   441   444 D dalvikvm: GC_CONCURRENT freed 217K, 4% free 9518K/9863K, paused 2ms+2ms
07-26 04:09:55.860   441   444 D dalvikvm: GC_CONCURRENT freed 292K, 5% free 9642K/10055K, paused 1ms+2ms
07-26 04:09:55.989   441   444 D dalvikvm: GC_CONCURRENT freed 293K, 5% free 9765K/10183K, paused 1ms+2ms
07-26 04:09:56.122   441   444 D dalvikvm: GC_CONCURRENT freed 301K, 5% free 9892K/10311K, paused 2ms+2ms
07-26 04:09:56.251   441   444 D dalvikvm: GC_CONCURRENT freed 305K, 4% free 10025K/10439K, paused 1ms+2ms
07-26 04:09:56.364   441   444 D dalvikvm: GC_CONCURRENT freed 303K, 4% free 10155K/10567K, paused 2ms+2ms
07-26 04:09:56.482   441   444 D dalvikvm: GC_CONCURRENT freed 299K, 4% free 10285K/10695K, paused 2ms+1ms
07-26 04:09:56.646   342   342 D SAN_SERVICE: *******************************************
07-26 04:09:56.649   342   342 D SAN_SERVICE: DM App Phone Service State - 0
07-26 04:09:56.649   342   342 D SAN_SERVICE: *******************************************
07-26 04:09:56.665   441   444 D dalvikvm: GC_CONCURRENT freed 471K, 6% free 10234K/10823K, paused 2ms+2ms
07-26 04:09:56.786   441   444 D dalvikvm: GC_CONCURRENT freed 341K, 5% free 10306K/10823K, paused 1ms+2ms
07-26 04:09:56.931   441   444 D dalvikvm: GC_CONCURRENT freed 367K, 5% free 10408K/10887K, paused 5ms+3ms
07-26 04:09:57.056   441   444 D dalvikvm: GC_CONCURRENT freed 353K, 5% free 10492K/10951K, paused 1ms+2ms
07-26 04:09:57.169   441   444 D dalvikvm: GC_CONCURRENT freed 327K, 5% free 10570K/11015K, paused 1ms+1ms
07-26 04:09:57.294   441   444 D dalvikvm: GC_CONCURRENT freed 373K, 5% free 10661K/11143K, paused 2ms+2ms
07-26 04:09:57.419   441   444 D dalvikvm: GC_CONCURRENT freed 400K, 5% free 10756K/11271K, paused 1ms+2ms
07-26 04:09:57.587   441   444 D dalvikvm: GC_CONCURRENT freed 404K, 5% free 10870K/11399K, paused 2ms+2ms
07-26 04:09:58.583   441   444 D dalvikvm: GC_CONCURRENT freed 347K, 4% free 11078K/11527K, paused 2ms+3ms
07-26 04:10:00.517   441   444 D dalvikvm: GC_CONCURRENT freed 400K, 5% free 11263K/11783K, paused 6ms+3ms
07-26 04:10:04.661 32201 32203 D dalvikvm: GC_CONCURRENT freed 549K, 6% free 10389K/11015K, paused 2ms+3ms
07-26 04:10:04.814 32767   303 D dalvikvm: GC_CONCURRENT freed 531K, 7% free 9979K/10631K, paused 2ms+2ms
07-26 04:10:10.372   342   342 D SAN_SERVICE: *******************************************
07-26 04:10:10.372   342   342 D SAN_SERVICE: DM App Phone Service State - 0
07-26 04:10:10.372   342   342 D SAN_SERVICE: *******************************************
07-26 04:10:11.118   342   342 D SAN_SERVICE: *******************************************
07-26 04:10:11.118   342   342 D SAN_SERVICE: DM App Phone Service State - 0
07-26 04:10:11.118   342   342 D SAN_SERVICE: *******************************************
07-26 04:10:20.630   342   342 D SAN_SERVICE: *******************************************
07-26 04:10:20.630   342   342 D SAN_SERVICE: DM App Phone Service State - 0
07-26 04:10:20.630   342   342 D SAN_SERVICE: *******************************************
07-26 04:10:30.876   342   342 D SAN_SERVICE: *******************************************
07-26 04:10:30.876   342   342 D SAN_SERVICE: DM App Phone Service State - 0
07-26 04:10:30.876   342   342 D SAN_SERVICE: *******************************************
07-26 04:10:31.103   342   342 D SAN_SERVICE: *******************************************
07-26 04:10:31.103   342   342 D SAN_SERVICE: DM App Phone Service State - 0
07-26 04:10:31.103   342   342 D SAN_SERVICE: *******************************************
07-26 04:10:31.853   342   342 D SAN_SERVICE: *******************************************
07-26 04:10:31.853   342   342 D SAN_SERVICE: DM App Phone Service State - 0
07-26 04:10:31.853   342   342 D SAN_SERVICE: *******************************************
07-26 04:10:46.212   342   342 D SAN_SERVICE: *******************************************
07-26 04:10:46.212   342   342 D SAN_SERVICE: DM App Phone Service State - 0
07-26 04:10:46.212   342   342 D SAN_SERVICE: *******************************************
07-26 04:10:46.458   342   342 D SAN_SERVICE: *******************************************
07-26 04:10:46.458   342   342 D SAN_SERVICE: DM App Phone Service State - 0
07-26 04:10:46.458   342   342 D SAN_SERVICE: *******************************************
07-26 04:10:46.712   342   342 D SAN_SERVICE: *******************************************
07-26 04:10:46.712   342   342 D SAN_SERVICE: DM App Phone Service State - 0
07-26 04:10:46.712   342   342 D SAN_SERVICE: *******************************************
07-26 04:10:54.591 32573 32586 I PhoneLab-: Service Running
07-26 04:10:54.681 32573 32586 I PhoneLab-LoggerService: app_37    1300  1     1440   1000  c00f181c 400107b4 S logcat
07-26 04:10:54.681 32573 32586 I PhoneLab-LoggerService: Logcat pid from database 1300
07-26 04:10:54.681 32573 32586 I PhoneLab-LoggerService: Logcat process found 1300
07-26 04:10:54.681 32573 32586 I PhoneLab-LoggerService: Checking Threshold
07-26 04:10:54.681 32573 32586 I PhoneLab-LoggerService: Starting to rename files
07-26 04:10:54.681 32573 32586 I PhoneLab-LoggerService: Files found .. 2
07-26 04:10:56.493   342   342 D SAN_SERVICE: *******************************************
07-26 04:10:56.501   342   342 D SAN_SERVICE: DM App Phone Service State - 0
07-26 04:10:56.501   342   342 D SAN_SERVICE: *******************************************
07-26 04:11:04.755 32767   303 D dalvikvm: GC_CONCURRENT freed 446K, 7% free 9951K/10631K, paused 2ms+2ms
07-26 04:11:21.146   145   199 D DhcpInfoInternal: makeLinkProperties with empty dns2!
07-26 04:11:21.146   145   199 D DhcpInfoInternal: makeLinkProperties with empty dns2!
07-26 04:11:25.810 30986 31066 W AndroidResourcesFactory: [chromesync#-577763198] Not running on internal thread since resources not started 1307567, Heartbeat:com.google.ipc.invalidation.ticl.RecurringTask$1@414fa380
07-26 04:12:04.751 32201 32203 D dalvikvm: GC_CONCURRENT freed 513K, 6% free 10388K/11015K, paused 1ms+2ms
07-26 04:12:04.880 32767   303 D dalvikvm: GC_CONCURRENT freed 397K, 7% free 9957K/10631K, paused 2ms+2ms
07-26 04:12:08.173   342   342 D SAN_SERVICE: *******************************************
07-26 04:12:08.173   342   342 D SAN_SERVICE: DM App Phone Service State - 0
07-26 04:12:08.173   342   342 D SAN_SERVICE: *******************************************
07-26 04:12:08.403   342   342 D SAN_SERVICE: *******************************************
07-26 04:12:08.403   342   342 D SAN_SERVICE: DM App Phone Service State - 0
07-26 04:12:08.403   342   342 D SAN_SERVICE: *******************************************
07-26 04:12:08.657   342   342 D SAN_SERVICE: *******************************************
07-26 04:12:08.657   342   342 D SAN_SERVICE: DM App Phone Service State - 0
07-26 04:12:08.657   342   342 D SAN_SERVICE: *******************************************
07-26 04:12:23.513   342   342 D SAN_SERVICE: *******************************************
07-26 04:12:23.513   342   342 D SAN_SERVICE: DM App Phone Service State - 0
07-26 04:12:23.513   342   342 D SAN_SERVICE: *******************************************
07-26 04:12:23.767   342   342 D SAN_SERVICE: *******************************************
07-26 04:12:23.771   342   342 D SAN_SERVICE: DM App Phone Service State - 0
07-26 04:12:23.771   342   342 D SAN_SERVICE: *******************************************
07-26 04:12:24.251   342   342 D SAN_SERVICE: *******************************************
07-26 04:12:24.251   342   342 D SAN_SERVICE: DM App Phone Service State - 0
07-26 04:12:24.251   342   342 D SAN_SERVICE: *******************************************
07-26 04:12:54.169   342   342 D SAN_SERVICE: *******************************************
07-26 04:12:54.169   342   342 D SAN_SERVICE: DM App Phone Service State - 0
07-26 04:12:54.169   342   342 D SAN_SERVICE: *******************************************
07-26 04:12:54.591 32573 32586 I PhoneLab-: Service Running
07-26 04:12:54.677 32573 32586 I PhoneLab-LoggerService: app_37    1300  1     1440   1000  c00f181c 400107b4 S logcat
07-26 04:12:54.681 32573 32586 I PhoneLab-LoggerService: Logcat pid from database 1300
07-26 04:12:54.681 32573 32586 I PhoneLab-LoggerService: Logcat process found 1300
07-26 04:12:54.681 32573 32586 I PhoneLab-LoggerService: Checking Threshold
07-26 04:12:54.681 32573 32586 I PhoneLab-LoggerService: Starting to rename files
07-26 04:12:54.681 32573 32586 I PhoneLab-LoggerService: Files found .. 2
07-26 04:12:59.942   389   507 D GetStringObjTask: retrieving from url = http://www.chess.com/api/get_move_status?id=5HHjW9WUGa%2Bcu1LUwnVJPxTIWxmEve4VdkRnRyg7b5Ch69JH2Z5aB%2B7eGuFw8K2uFx47KFsdE3JRdR3Mzv0PkZOj6eZ8N73BvxmEERrzXjMNRo80rkLyJAUTh0iqof4n
07-26 04:13:00.314   389   507 D GetStringObjTask: WebRequest SERVER RESPONSE: Success+0
07-26 04:13:03.521 32201 32217 D dalvikvm: GC_FOR_ALLOC freed 221K, 5% free 10492K/11015K, paused 20ms
07-26 04:13:04.435   342   342 D SAN_SERVICE: *******************************************
07-26 04:13:04.435   342   342 D SAN_SERVICE: DM App Phone Service State - 0
07-26 04:13:04.435   342   342 D SAN_SERVICE: *******************************************
07-26 04:13:04.466 32201 32203 D dalvikvm: GC_CONCURRENT freed 347K, 5% free 10543K/11015K, paused 5ms+4ms
07-26 04:13:04.853 32767   303 D dalvikvm: GC_CONCURRENT freed 401K, 7% free 9958K/10631K, paused 1ms+2ms
07-26 04:13:40.329   342   342 D SAN_SERVICE: *******************************************
07-26 04:13:40.329   342   342 D SAN_SERVICE: DM App Phone Service State - 0
07-26 04:13:40.329   342   342 D SAN_SERVICE: *******************************************
07-26 04:13:40.564   342   342 D SAN_SERVICE: *******************************************
07-26 04:13:40.564   342   342 D SAN_SERVICE: DM App Phone Service State - 0
07-26 04:13:40.564   342   342 D SAN_SERVICE: *******************************************
07-26 04:13:40.810   342   342 D SAN_SERVICE: *******************************************
07-26 04:13:40.810   342   342 D SAN_SERVICE: DM App Phone Service State - 0
07-26 04:13:40.810   342   342 D SAN_SERVICE: *******************************************
07-26 04:13:46.032   145   199 D DhcpInfoInternal: makeLinkProperties with empty dns2!
07-26 04:13:46.044   145   199 D DhcpInfoInternal: makeLinkProperties with empty dns2!
07-26 04:14:04.857 32201 32203 D dalvikvm: GC_CONCURRENT freed 533K, 6% free 10531K/11143K, paused 1ms+2ms
07-26 04:14:04.970 32767   303 D dalvikvm: GC_CONCURRENT freed 398K, 7% free 9955K/10631K, paused 1ms+2ms
07-26 04:14:21.282   342   342 D SAN_SERVICE: *******************************************
07-26 04:14:21.282   342   342 D SAN_SERVICE: DM App Phone Service State - 0
07-26 04:14:21.282   342   342 D SAN_SERVICE: *******************************************
07-26 04:14:21.513   342   342 D SAN_SERVICE: *******************************************
07-26 04:14:21.513   342   342 D SAN_SERVICE: DM App Phone Service State - 0
07-26 04:14:21.513   342   342 D SAN_SERVICE: *******************************************
07-26 04:14:36.646   342   342 D SAN_SERVICE: *******************************************
07-26 04:14:36.646   342   342 D SAN_SERVICE: DM App Phone Service State - 0
07-26 04:14:36.646   342   342 D SAN_SERVICE: *******************************************
07-26 04:14:37.396   342   342 D SAN_SERVICE: *******************************************
07-26 04:14:37.396   342   342 D SAN_SERVICE: DM App Phone Service State - 0
07-26 04:14:37.396   342   342 D SAN_SERVICE: *******************************************
07-26 04:14:51.985   342   342 D SAN_SERVICE: *******************************************
07-26 04:14:51.985   342   342 D SAN_SERVICE: DM App Phone Service State - 0
07-26 04:14:51.985   342   342 D SAN_SERVICE: *******************************************
07-26 04:14:52.232   342   342 D SAN_SERVICE: *******************************************
07-26 04:14:52.232   342   342 D SAN_SERVICE: DM App Phone Service State - 0
07-26 04:14:52.232   342   342 D SAN_SERVICE: *******************************************
07-26 04:14:52.478   342   342 D SAN_SERVICE: *******************************************
07-26 04:14:52.478   342   342 D SAN_SERVICE: DM App Phone Service State - 0
07-26 04:14:52.478   342   342 D SAN_SERVICE: *******************************************
07-26 04:14:54.591 32573 32586 I PhoneLab-: Service Running
07-26 04:14:54.669 32573 32586 I PhoneLab-LoggerService: app_37    1300  1     1440   1000  c00f181c 400107b4 S logcat
07-26 04:14:54.669 32573 32586 I PhoneLab-LoggerService: Logcat pid from database 1300
07-26 04:14:54.669 32573 32586 I PhoneLab-LoggerService: Logcat process found 1300
07-26 04:14:54.669 32573 32586 I PhoneLab-LoggerService: Checking Threshold
07-26 04:14:54.669 32573 32586 I PhoneLab-LoggerService: Starting to rename files
07-26 04:14:54.673 32573 32586 I PhoneLab-LoggerService: Files found .. 2
07-26 04:15:01.333   441   444 D dalvikvm: GC_CONCURRENT freed 577K, 6% free 11384K/12039K, paused 14ms+2ms
07-26 04:15:01.376   441   536 D dalvikvm: GC_FOR_ALLOC freed 53K, 7% free 11425K/12167K, paused 29ms
07-26 04:15:01.411   441   536 D dalvikvm: GC_FOR_ALLOC freed 94K, 7% free 11523K/12359K, paused 28ms
07-26 04:15:01.411   441   536 I dalvikvm-heap: Grow heap (frag case) to 11.699MB for 395556-byte allocation
07-26 04:15:01.439   441   536 D dalvikvm: GC_FOR_ALLOC freed 191K, 9% free 11717K/12807K, paused 28ms
07-26 04:15:01.837   441   444 D dalvikvm: GC_CONCURRENT freed 933K, 10% free 11564K/12807K, paused 2ms+2ms
07-26 04:15:04.974 32767   303 D dalvikvm: GC_CONCURRENT freed 396K, 7% free 9953K/10631K, paused 2ms+2ms
07-26 04:15:38.071   342   342 D SAN_SERVICE: *******************************************
07-26 04:15:38.071   342   342 D SAN_SERVICE: DM App Phone Service State - 0
07-26 04:15:38.071   342   342 D SAN_SERVICE: *******************************************
07-26 04:15:38.107   342   345 D dalvikvm: GC_CONCURRENT freed 824K, 9% free 11879K/12935K, paused 1ms+3ms
07-26 04:15:58.567   342   342 D SAN_SERVICE: *******************************************
07-26 04:15:58.567   342   342 D SAN_SERVICE: DM App Phone Service State - 0
07-26 04:15:58.567   342   342 D SAN_SERVICE: *******************************************
07-26 04:15:59.052   342   342 D SAN_SERVICE: *******************************************
07-26 04:15:59.056   342   342 D SAN_SERVICE: DM App Phone Service State - 0
07-26 04:15:59.056   342   342 D SAN_SERVICE: *******************************************
07-26 04:16:04.958 32201 32203 D dalvikvm: GC_CONCURRENT freed 510K, 6% free 10533K/11143K, paused 2ms+3ms
07-26 04:16:05.095 32767   303 D dalvikvm: GC_CONCURRENT freed 395K, 7% free 9956K/10631K, paused 2ms+1ms
07-26 04:16:10.907   145   199 D DhcpInfoInternal: makeLinkProperties with empty dns2!
07-26 04:16:10.911   145   199 D DhcpInfoInternal: makeLinkProperties with empty dns2!
07-26 04:16:29.286   342   342 D SAN_SERVICE: *******************************************
07-26 04:16:29.286   342   342 D SAN_SERVICE: DM App Phone Service State - 0
07-26 04:16:29.286   342   342 D SAN_SERVICE: *******************************************
07-26 04:16:29.548   342   342 D SAN_SERVICE: *******************************************
07-26 04:16:29.548   342   342 D SAN_SERVICE: DM App Phone Service State - 0
07-26 04:16:29.548   342   342 D SAN_SERVICE: *******************************************
07-26 04:16:30.040   342   342 D SAN_SERVICE: *******************************************
07-26 04:16:30.040   342   342 D SAN_SERVICE: DM App Phone Service State - 0
07-26 04:16:30.040   342   342 D SAN_SERVICE: *******************************************
07-26 04:16:54.591 32573 32586 I PhoneLab-: Service Running
07-26 04:16:54.657 32573 32586 I PhoneLab-LoggerService: app_37    1300  1     1440   1000  c00f181c 400107b4 S logcat
07-26 04:16:54.657 32573 32586 I PhoneLab-LoggerService: Logcat pid from database 1300
07-26 04:16:54.657 32573 32586 I PhoneLab-LoggerService: Logcat process found 1300
07-26 04:16:54.657 32573 32586 I PhoneLab-LoggerService: Checking Threshold
07-26 04:16:54.657 32573 32586 I PhoneLab-LoggerService: Starting to rename files
07-26 04:16:54.661 32573 32586 I PhoneLab-LoggerService: Files found .. 2
07-26 04:17:05.114   145   326 D dalvikvm: GC_EXPLICIT freed 1818K, 18% free 19283K/23495K, paused 3ms+9ms
07-26 04:17:05.208 32767   303 D dalvikvm: GC_CONCURRENT freed 391K, 7% free 9953K/10631K, paused 1ms+2ms
07-26 04:17:15.368   342   342 D SAN_SERVICE: *******************************************
07-26 04:17:15.368   342   342 D SAN_SERVICE: DM App Phone Service State - 0
07-26 04:17:15.368   342   342 D SAN_SERVICE: *******************************************
07-26 04:17:25.610   342   342 D SAN_SERVICE: *******************************************
07-26 04:17:25.610   342   342 D SAN_SERVICE: DM App Phone Service State - 0
07-26 04:17:25.614   342   342 D SAN_SERVICE: *******************************************
07-26 04:17:40.993   342   342 D SAN_SERVICE: *******************************************
07-26 04:17:40.993   342   342 D SAN_SERVICE: DM App Phone Service State - 0
07-26 04:17:40.997   342   342 D SAN_SERVICE: *******************************************
07-26 04:17:41.712   342   342 D SAN_SERVICE: *******************************************
07-26 04:17:41.712   342   342 D SAN_SERVICE: DM App Phone Service State - 0
07-26 04:17:41.712   342   342 D SAN_SERVICE: *******************************************
07-26 04:17:56.298   342   342 D SAN_SERVICE: *******************************************
07-26 04:17:56.298   342   342 D SAN_SERVICE: DM App Phone Service State - 0
07-26 04:17:56.298   342   342 D SAN_SERVICE: *******************************************
07-26 04:17:57.048   342   342 D SAN_SERVICE: *******************************************
07-26 04:17:57.048   342   342 D SAN_SERVICE: DM App Phone Service State - 0
07-26 04:17:57.048   342   342 D SAN_SERVICE: *******************************************
07-26 04:17:59.950   389   564 D GetStringObjTask: retrieving from url = http://www.chess.com/api/get_move_status?id=5HHjW9WUGa%2Bcu1LUwnVJPxTIWxmEve4VdkRnRyg7b5Ch69JH2Z5aB%2B7eGuFw8K2uFx47KFsdE3JRdR3Mzv0PkZOj6eZ8N73BvxmEERrzXjMNRo80rkLyJAUTh0iqof4n
07-26 04:18:00.333   389   564 D GetStringObjTask: WebRequest SERVER RESPONSE: Success+0
07-26 04:18:05.083 32201 32203 D dalvikvm: GC_CONCURRENT freed 508K, 6% free 10536K/11143K, paused 1ms+3ms
07-26 04:18:05.208 32767   303 D dalvikvm: GC_CONCURRENT freed 393K, 7% free 9956K/10631K, paused 1ms+2ms
07-26 04:18:16.841   342   342 D SAN_SERVICE: *******************************************
07-26 04:18:16.841   342   342 D SAN_SERVICE: DM App Phone Service State - 0
07-26 04:18:16.841   342   342 D SAN_SERVICE: *******************************************
07-26 04:18:17.056   342   342 D SAN_SERVICE: *******************************************
07-26 04:18:17.056   342   342 D SAN_SERVICE: DM App Phone Service State - 0
07-26 04:18:17.056   342   342 D SAN_SERVICE: *******************************************
07-26 04:18:23.817 32573 32573 I PhoneLab-Locks: wake lock acquired
07-26 04:18:23.868 32573   567 I PhoneLab-PeriodicCheckService: User info is synched
07-26 04:18:23.868 32573   567 I PhoneLab-PeriodicCheckService: Logger Service is running
07-26 04:18:23.872 32573 32573 I PhoneLab-Locks: wake lock acquired
07-26 04:18:23.876 32573 32573 I PhoneLab-StatusMonitor: Status Monitoring is started
07-26 04:18:23.880 32573   567 I PhoneLab-Locks: wake lock acquired
07-26 04:18:23.880 32573   567 I PhoneLab-PeriodicCheckService: Rescheduling periodic checking...
07-26 04:18:23.884 32573   567 I PhoneLab-Locks: wake lock released
07-26 04:18:23.907 32573 32573 E PhoneLab-PhoneLabManifest: java.io.FileNotFoundException: /data/data/edu.buffalo.cse.phonelab.phonelabservices/files/manifest.xml: open failed: ENOENT (No such file or directory)
07-26 04:18:23.958 32573 32573 I PhoneLab-Locks: wake lock released
07-26 04:18:23.958 32573 32573 I PhoneLab-UploadLogs: Transfering log files now
07-26 04:18:24.083 32573 32576 D dalvikvm: GC_CONCURRENT freed 388K, 6% free 9116K/9607K, paused 3ms+8ms
07-26 04:18:24.157 32573 32573 D dalvikvm: GC_FOR_ALLOC freed 290K, 5% free 9189K/9671K, paused 13ms
07-26 04:18:24.173 32573 32573 D dalvikvm: GC_FOR_ALLOC freed 56K, 6% free 9253K/9799K, paused 12ms
07-26 04:18:24.173 32573 32573 I dalvikvm-heap: Grow heap (frag case) to 9.349MB for 254548-byte allocation
07-26 04:18:24.189 32573 32573 D dalvikvm: GC_FOR_ALLOC freed 120K, 7% free 9381K/10055K, paused 12ms
07-26 04:18:24.189 32573 32573 I dalvikvm-heap: Grow heap (frag case) to 9.724MB for 516692-byte allocation
07-26 04:18:24.212 32573 32576 D dalvikvm: GC_CONCURRENT freed 248K, 9% free 9637K/10567K, paused 1ms+2ms
07-26 04:18:24.235 32573 32573 I PhoneLab-UploadLogs: OnStartCommand
07-26 04:18:24.368 32573   569 D dalvikvm: GC_FOR_ALLOC freed 383K, 9% free 9621K/10567K, paused 51ms
07-26 04:18:24.392 32573   569 D dalvikvm: GC_FOR_ALLOC freed 301K, 9% free 9621K/10567K, paused 17ms
07-26 04:18:24.407 32573   569 D dalvikvm: GC_FOR_ALLOC freed 301K, 9% free 9628K/10567K, paused 12ms
07-26 04:18:27.075   342   342 D SAN_SERVICE: *******************************************
07-26 04:18:27.075   342   342 D SAN_SERVICE: DM App Phone Service State - 0
07-26 04:18:27.075   342   342 D SAN_SERVICE: *******************************************
07-26 04:18:27.107 32573 32573 I PhoneLab-: 1343289134100.log is deleted
07-26 04:18:27.107 32573 32573 I PhoneLab-: Response: {"data": "done", "err": ""}
07-26 04:18:27.110 32573 32573 I PhoneLab-UploadLogs: No log files to transfer
07-26 04:18:27.110 32573 32573 I PhoneLab-Locks: wake lock released
07-26 04:18:35.575   145   199 D DhcpInfoInternal: makeLinkProperties with empty dns2!
07-26 04:18:35.575   145   199 D DhcpInfoInternal: makeLinkProperties with empty dns2!
07-26 04:18:37.325   342   342 D SAN_SERVICE: *******************************************
07-26 04:18:37.325   342   342 D SAN_SERVICE: DM App Phone Service State - 0
07-26 04:18:37.325   342   342 D SAN_SERVICE: *******************************************
07-26 04:18:37.540   342   342 D SAN_SERVICE: *******************************************
07-26 04:18:37.540   342   342 D SAN_SERVICE: DM App Phone Service State - 0
07-26 04:18:37.540   342   342 D SAN_SERVICE: *******************************************
07-26 04:18:38.290   342   342 D SAN_SERVICE: *******************************************
07-26 04:18:38.290   342   342 D SAN_SERVICE: DM App Phone Service State - 0
07-26 04:18:38.290   342   342 D SAN_SERVICE: *******************************************
07-26 04:18:49.243   342   342 D SAN_SERVICE: *******************************************
07-26 04:18:49.243   342   342 D SAN_SERVICE: DM App Phone Service State - 0
07-26 04:18:49.247   342   342 D SAN_SERVICE: *******************************************
07-26 04:18:49.970   342   342 D SAN_SERVICE: *******************************************
07-26 04:18:49.970   342   342 D SAN_SERVICE: DM App Phone Service State - 0
07-26 04:18:49.970   342   342 D SAN_SERVICE: *******************************************
07-26 04:18:54.591 32573 32586 I PhoneLab-: Service Running
07-26 04:18:54.681 32573 32586 I PhoneLab-LoggerService: app_37    1300  1     1440   1000  c00f181c 400107b4 S logcat
07-26 04:18:54.681 32573 32586 I PhoneLab-LoggerService: Logcat pid from database 1300
07-26 04:18:54.681 32573 32586 I PhoneLab-LoggerService: Logcat process found 1300
07-26 04:18:54.681 32573 32586 I PhoneLab-LoggerService: Checking Threshold
07-26 04:19:02.876   342   342 D SAN_SERVICE: *******************************************
07-26 04:19:02.876   342   342 D SAN_SERVICE: DM App Phone Service State - 0
07-26 04:19:02.876   342   342 D SAN_SERVICE: *******************************************
07-26 04:19:03.626   342   342 D SAN_SERVICE: *******************************************
07-26 04:19:03.626   342   342 D SAN_SERVICE: DM App Phone Service State - 0
07-26 04:19:03.626   342   342 D SAN_SERVICE: *******************************************
07-26 04:19:05.212 32767   303 D dalvikvm: GC_CONCURRENT freed 387K, 7% free 9955K/10631K, paused 1ms+1ms
07-26 04:19:13.833   342   342 D SAN_SERVICE: *******************************************
07-26 04:19:13.833   342   342 D SAN_SERVICE: DM App Phone Service State - 0
07-26 04:19:13.833   342   342 D SAN_SERVICE: *******************************************
07-26 04:19:13.868 32201 32203 D dalvikvm: GC_CONCURRENT freed 400K, 6% free 10529K/11143K, paused 7ms+3ms
07-26 04:19:13.958   342   342 D SAN_SERVICE: *******************************************
07-26 04:19:13.962   342   342 D SAN_SERVICE: DM App Phone Service State - 0
07-26 04:19:13.962   342   342 D SAN_SERVICE: *******************************************
07-26 04:19:18.794   342   342 D SAN_SERVICE: *******************************************
07-26 04:19:18.794   342   342 D SAN_SERVICE: DM App Phone Service State - 0
07-26 04:19:18.794   342   342 D SAN_SERVICE: *******************************************
07-26 04:19:28.454   342   342 D SAN_SERVICE: *******************************************
07-26 04:19:28.458   342   342 D SAN_SERVICE: DM App Phone Service State - 0
07-26 04:19:28.458   342   342 D SAN_SERVICE: *******************************************
07-26 04:19:28.728   342   342 D SAN_SERVICE: *******************************************
07-26 04:19:28.728   342   342 D SAN_SERVICE: DM App Phone Service State - 0
07-26 04:19:28.728   342   342 D SAN_SERVICE: *******************************************
07-26 04:19:54.083   342   342 D SAN_SERVICE: *******************************************
07-26 04:19:54.087   342   342 D SAN_SERVICE: DM App Phone Service State - 0
07-26 04:19:54.087   342   342 D SAN_SERVICE: *******************************************
07-26 04:19:54.329   342   342 D SAN_SERVICE: *******************************************
07-26 04:19:54.329   342   342 D SAN_SERVICE: DM App Phone Service State - 0
07-26 04:19:54.329   342   342 D SAN_SERVICE: *******************************************
07-26 04:20:03.942   441   444 D dalvikvm: GC_CONCURRENT freed 806K, 10% free 11555K/12807K, paused 2ms+3ms
07-26 04:20:03.989   441   599 D dalvikvm: GC_FOR_ALLOC freed 193K, 10% free 11619K/12807K, paused 28ms
07-26 04:20:04.329   441   444 D dalvikvm: GC_CONCURRENT freed 755K, 10% free 11609K/12807K, paused 2ms+3ms
07-26 04:20:05.192 31737 31857 D dalvikvm: GC_EXPLICIT freed 226K, 4% free 10097K/10503K, paused 2ms+4ms
07-26 04:20:05.290 32767   303 D dalvikvm: GC_CONCURRENT freed 400K, 7% free 9940K/10631K, paused 3ms+2ms
07-26 04:20:09.446   342   342 D SAN_SERVICE: *******************************************
07-26 04:20:09.446   342   342 D SAN_SERVICE: DM App Phone Service State - 0
07-26 04:20:09.446   342   342 D SAN_SERVICE: *******************************************
07-26 04:20:10.196   342   342 D SAN_SERVICE: *******************************************
07-26 04:20:10.196   342   342 D SAN_SERVICE: DM App Phone Service State - 0
07-26 04:20:10.196   342   342 D SAN_SERVICE: *******************************************
07-26 04:20:19.649   342   342 D SAN_SERVICE: *******************************************
07-26 04:20:19.649   342   342 D SAN_SERVICE: DM App Phone Service State - 0
07-26 04:20:19.649   342   342 D SAN_SERVICE: *******************************************
07-26 04:20:19.931   342   342 D SAN_SERVICE: *******************************************
07-26 04:20:19.931   342   342 D SAN_SERVICE: DM App Phone Service State - 0
07-26 04:20:19.931   342   342 D SAN_SERVICE: *******************************************
07-26 04:20:20.153   342   342 D SAN_SERVICE: *******************************************
07-26 04:20:20.153   342   342 D SAN_SERVICE: DM App Phone Service State - 0
07-26 04:20:20.153   342   342 D SAN_SERVICE: *******************************************
07-26 04:20:20.423   342   342 D SAN_SERVICE: *******************************************
07-26 04:20:20.423   342   342 D SAN_SERVICE: DM App Phone Service State - 0
07-26 04:20:20.423   342   342 D SAN_SERVICE: *******************************************
07-26 04:20:20.681   342   342 D SAN_SERVICE: *******************************************
07-26 04:20:20.681   342   342 D SAN_SERVICE: DM App Phone Service State - 0
07-26 04:20:20.681   342   342 D SAN_SERVICE: *******************************************
07-26 04:20:40.196   342   342 D SAN_SERVICE: *******************************************
07-26 04:20:40.196   342   342 D SAN_SERVICE: DM App Phone Service State - 0
07-26 04:20:40.200   342   342 D SAN_SERVICE: *******************************************
07-26 04:20:40.665   342   342 D SAN_SERVICE: *******************************************
07-26 04:20:40.665   342   342 D SAN_SERVICE: DM App Phone Service State - 0
07-26 04:20:40.665   342   342 D SAN_SERVICE: *******************************************
07-26 04:20:45.575   342   342 D SAN_SERVICE: *******************************************
07-26 04:20:45.575   342   342 D SAN_SERVICE: DM App Phone Service State - 0
07-26 04:20:45.575   342   342 D SAN_SERVICE: *******************************************
07-26 04:20:45.771   342   342 D SAN_SERVICE: *******************************************
07-26 04:20:45.771   342   342 D SAN_SERVICE: DM App Phone Service State - 0
07-26 04:20:45.771   342   342 D SAN_SERVICE: *******************************************
07-26 04:20:46.013   342   342 D SAN_SERVICE: *******************************************
07-26 04:20:46.017   342   342 D SAN_SERVICE: DM App Phone Service State - 0
07-26 04:20:46.017   342   342 D SAN_SERVICE: *******************************************
07-26 04:20:54.591 32573 32586 I PhoneLab-: Service Running
07-26 04:20:54.716 32573 32576 D dalvikvm: GC_CONCURRENT freed 898K, 14% free 9145K/10567K, paused 2ms+6ms
07-26 04:20:54.720 32573 32586 I PhoneLab-LoggerService: app_37    1300  1     1440   1000  c00f181c 400107b4 S logcat
07-26 04:20:54.720 32573 32586 I PhoneLab-LoggerService: Logcat pid from database 1300
07-26 04:20:54.720 32573 32586 I PhoneLab-LoggerService: Logcat process found 1300
07-26 04:20:54.720 32573 32586 I PhoneLab-LoggerService: Checking Threshold
07-26 04:21:00.271   145   199 D DhcpInfoInternal: makeLinkProperties with empty dns2!
07-26 04:21:00.274   145   199 D DhcpInfoInternal: makeLinkProperties with empty dns2!
07-26 04:21:05.228 32201 32203 D dalvikvm: GC_CONCURRENT freed 499K, 6% free 10541K/11143K, paused 1ms+2ms
07-26 04:21:05.349 32767   303 D dalvikvm: GC_CONCURRENT freed 379K, 7% free 9950K/10631K, paused 2ms+1ms
07-26 04:22:05.345 32767   303 D dalvikvm: GC_CONCURRENT freed 388K, 7% free 9950K/10631K, paused 1ms+2ms
07-26 04:22:06.173   145   423 I ActivityManager: Start proc android.process.acore for content provider com.android.providers.contacts/.ContactsProvider2: pid=629 uid=10000 gids={3003, 1015}
07-26 04:22:06.235   629   629 I ActivityThread: Pub call_log: com.android.providers.contacts.CallLogProvider
07-26 04:22:06.282   629   629 I ActivityThread: Pub com.android.voicemail: com.android.providers.contacts.VoicemailContentProvider
07-26 04:22:06.286   629   629 I ActivityThread: Pub user_dictionary: com.android.providers.userdictionary.UserDictionaryProvider
07-26 04:22:06.388   629   629 I ActivityThread: Pub com.android.social: com.android.providers.contacts.SocialProvider
07-26 04:22:06.388   629   629 I ActivityThread: Pub applications: com.android.providers.applications.ApplicationsProvider
07-26 04:22:06.474   629   631 D dalvikvm: GC_CONCURRENT freed 342K, 5% free 9151K/9607K, paused 2ms+2ms
07-26 04:22:06.474   629   629 I ActivityThread: Pub contacts;com.android.contacts: com.android.providers.contacts.ContactsProvider2
07-26 04:22:06.743   629   631 D dalvikvm: GC_CONCURRENT freed 218K, 4% free 9362K/9671K, paused 2ms+3ms
07-26 04:22:07.689   629   631 D dalvikvm: GC_CONCURRENT freed 217K, 4% free 9600K/9927K, paused 4ms+3ms
07-26 04:22:07.927 29264   645 D MediaPlayer: Couldn't open file on client side, trying server side
07-26 04:22:07.966    81   125 E MediaPlayerService: Couldn't open fd for content://settings/system/notification_sound
07-26 04:22:07.989 29264   645 E MediaPlayer: Unable to to create media player
07-26 04:22:08.099 29264   645 W AsyncPlayer: error loading sound for content://settings/system/notification_sound
07-26 04:22:08.099 29264   645 W AsyncPlayer: java.io.IOException: setDataSource failed.: status=0x80000000
07-26 04:22:08.099 29264   645 W AsyncPlayer: 	at android.media.MediaPlayer._setDataSource(Native Method)
07-26 04:22:08.099 29264   645 W AsyncPlayer: 	at android.media.MediaPlayer.setDataSource(MediaPlayer.java:844)
07-26 04:22:08.099 29264   645 W AsyncPlayer: 	at android.media.MediaPlayer.setDataSource(MediaPlayer.java:806)
07-26 04:22:08.099 29264   645 W AsyncPlayer: 	at android.media.MediaPlayer.setDataSource(MediaPlayer.java:761)
07-26 04:22:08.099 29264   645 W AsyncPlayer: 	at android.media.AsyncPlayer.startSound(AsyncPlayer.java:62)
07-26 04:22:08.099 29264   645 W AsyncPlayer: 	at android.media.AsyncPlayer.access$200(AsyncPlayer.java:33)
07-26 04:22:08.099 29264   645 W AsyncPlayer: 	at android.media.AsyncPlayer$Thread.run(AsyncPlayer.java:97)
07-26 04:22:08.321   215   217 D dalvikvm: GC_CONCURRENT freed 432K, 31% free 9819K/14215K, paused 11ms+3ms
07-26 04:22:08.517   215   215 D dalvikvm: GC_FOR_ALLOC freed 396K, 32% free 9796K/14215K, paused 22ms
07-26 04:22:17.700 29264   646 W AsyncPlayer: STOP command without a player
07-26 04:22:54.607 32573 32586 I PhoneLab-: Service Running
07-26 04:22:54.743 32573 32586 I PhoneLab-LoggerService: app_37    1300  1     1440   1000  c00f181c 400107b4 S logcat
07-26 04:22:54.743 32573 32586 I PhoneLab-LoggerService: Logcat pid from database 1300
07-26 04:22:54.743 32573 32586 I PhoneLab-LoggerService: Logcat process found 1300
07-26 04:22:54.743 32573 32586 I PhoneLab-LoggerService: Checking Threshold
07-26 04:23:00.126   389   648 D GetStringObjTask: retrieving from url = http://www.chess.com/api/get_move_status?id=5HHjW9WUGa%2Bcu1LUwnVJPxTIWxmEve4VdkRnRyg7b5Ch69JH2Z5aB%2B7eGuFw8K2uFx47KFsdE3JRdR3Mzv0PkZOj6eZ8N73BvxmEERrzXjMNRo80rkLyJAUTh0iqof4n
07-26 04:23:00.149   389   392 D dalvikvm: GC_CONCURRENT freed 339K, 5% free 9456K/9927K, paused 11ms+2ms
07-26 04:23:00.689   389   648 D GetStringObjTask: WebRequest SERVER RESPONSE: Success+0
07-26 04:23:05.372 32201 32203 D dalvikvm: GC_CONCURRENT freed 511K, 6% free 10542K/11143K, paused 2ms+3ms
07-26 04:23:05.509 32767   303 D dalvikvm: GC_CONCURRENT freed 395K, 7% free 9954K/10631K, paused 2ms+2ms
07-26 04:23:25.165   145   199 D DhcpInfoInternal: makeLinkProperties with empty dns2!
07-26 04:23:25.169   145   199 D DhcpInfoInternal: makeLinkProperties with empty dns2!
07-26 04:23:29.396   342   342 D SAN_SERVICE: *******************************************
07-26 04:23:29.396   342   342 D SAN_SERVICE: DM App Phone Service State - 0
07-26 04:23:29.396   342   342 D SAN_SERVICE: *******************************************
07-26 04:23:35.950   342   342 D SAN_SERVICE: *******************************************
07-26 04:23:35.950   342   342 D SAN_SERVICE: DM App Phone Service State - 0
07-26 04:23:35.950   342   342 D SAN_SERVICE: *******************************************
07-26 04:23:36.450   342   342 D SAN_SERVICE: *******************************************
07-26 04:23:36.450   342   342 D SAN_SERVICE: DM App Phone Service State - 0
07-26 04:23:36.450   342   342 D SAN_SERVICE: *******************************************
07-26 04:23:59.853   342   342 D SAN_SERVICE: *******************************************
07-26 04:23:59.853   342   342 D SAN_SERVICE: DM App Phone Service State - 0
07-26 04:23:59.853   342   342 D SAN_SERVICE: *******************************************
07-26 04:24:00.091   342   342 D SAN_SERVICE: *******************************************
07-26 04:24:00.091   342   342 D SAN_SERVICE: DM App Phone Service State - 0
07-26 04:24:00.091   342   342 D SAN_SERVICE: *******************************************
07-26 04:24:05.493 32767   303 D dalvikvm: GC_CONCURRENT freed 394K, 7% free 9952K/10631K, paused 2ms+2ms
07-26 04:24:16.931   342   342 D SAN_SERVICE: *******************************************
07-26 04:24:16.935   342   342 D SAN_SERVICE: DM App Phone Service State - 0
07-26 04:24:16.935   342   342 D SAN_SERVICE: *******************************************
07-26 04:24:17.470   145   421 D dalvikvm: GC_EXPLICIT freed 1261K, 18% free 19298K/23495K, paused 24ms+9ms
07-26 04:24:17.517   342   342 D SAN_SERVICE: *******************************************
07-26 04:24:17.517   342   342 D SAN_SERVICE: DM App Phone Service State - 0
07-26 04:24:17.517   342   342 D SAN_SERVICE: *******************************************
07-26 04:24:35.692   342   342 D SAN_SERVICE: *******************************************
07-26 04:24:35.692   342   342 D SAN_SERVICE: DM App Phone Service State - 0
07-26 04:24:35.692   342   342 D SAN_SERVICE: *******************************************
07-26 04:24:35.923   342   342 D SAN_SERVICE: *******************************************
07-26 04:24:35.923   342   342 D SAN_SERVICE: DM App Phone Service State - 0
07-26 04:24:35.923   342   342 D SAN_SERVICE: *******************************************
07-26 04:24:36.173   342   342 D SAN_SERVICE: *******************************************
07-26 04:24:36.173   342   342 D SAN_SERVICE: DM App Phone Service State - 0
07-26 04:24:36.173   342   342 D SAN_SERVICE: *******************************************
07-26 04:24:36.321   342   345 D dalvikvm: GC_CONCURRENT freed 827K, 9% free 11877K/12935K, paused 22ms+3ms
07-26 04:24:45.919   342   342 D SAN_SERVICE: *******************************************
07-26 04:24:45.919   342   342 D SAN_SERVICE: DM App Phone Service State - 0
07-26 04:24:45.919   342   342 D SAN_SERVICE: *******************************************
07-26 04:24:46.165   342   342 D SAN_SERVICE: *******************************************
07-26 04:24:46.169   342   342 D SAN_SERVICE: DM App Phone Service State - 0
07-26 04:24:46.169   342   342 D SAN_SERVICE: *******************************************
07-26 04:24:46.915   342   342 D SAN_SERVICE: *******************************************
07-26 04:24:46.915   342   342 D SAN_SERVICE: DM App Phone Service State - 0
07-26 04:24:46.915   342   342 D SAN_SERVICE: *******************************************
07-26 04:24:50.540   145   174 I ActivityManager: Start proc com.google.android.apps.plus for service com.google.android.apps.plus/.service.EsService: pid=672 uid=10060 gids={3003, 3002, 1015, 1006}
07-26 04:24:50.872   672   675 D dalvikvm: GC_CONCURRENT freed 172K, 3% free 9364K/9607K, paused 21ms+2ms
07-26 04:24:51.067   672   672 I ActivityThread: Pub com.google.android.apps.plus.content.ApiProvider: com.google.android.apps.plus.content.EsApiProvider
07-26 04:24:51.107   672   672 I ActivityThread: Pub com.google.android.apps.plus.content.EsGooglePhotoProvider: com.google.android.picasasync.PicasaContentProvider
07-26 04:24:51.267   672   675 D dalvikvm: GC_CONCURRENT freed 309K, 4% free 9607K/9991K, paused 2ms+2ms
07-26 04:24:51.298   672   672 I ActivityThread: Pub com.google.android.apps.plus.content.EsPicasaStoreProvider: com.google.android.picasastore.PicasaPhotoContentProvider
07-26 04:24:51.325   672   672 I ActivityThread: Pub com.google.plus.platform: com.google.android.apps.plus.content.AdsProvider
07-26 04:24:51.325   672   672 I ActivityThread: Pub com.google.android.apps.plus.iu.EsGoogleIuProvider: com.google.android.apps.plus.iu.InstantUploadProvider
07-26 04:24:51.403   672   675 D dalvikvm: GC_CONCURRENT freed 565K, 7% free 9608K/10247K, paused 1ms+8ms
07-26 04:24:51.407   672   672 I ActivityThread: Pub com.google.android.apps.plus.content.EsProvider: com.google.android.apps.plus.content.EsProvider
07-26 04:24:51.466   145 22258 I ActivityManager: Start proc android.process.media for content provider com.android.providers.media/.MediaProvider: pid=695 uid=10012 gids={1015, 1023, 1024, 2001, 3003, 3007}
07-26 04:24:51.524   672   672 D dalvikvm: GC_FOR_ALLOC freed 100K, 5% free 9763K/10247K, paused 47ms
07-26 04:24:51.540    79    79 D dalvikvm: GC_EXPLICIT freed 38K, 4% free 9031K/9347K, paused 2ms+2ms
07-26 04:24:51.587    79    79 D dalvikvm: GC_EXPLICIT freed <1K, 4% free 9031K/9347K, paused 1ms+2ms
07-26 04:24:51.595   695   695 I ActivityThread: Pub downloads: com.android.providers.downloads.DownloadProvider
07-26 04:24:51.646    79    79 D dalvikvm: GC_EXPLICIT freed <1K, 4% free 9031K/9347K, paused 6ms+1ms
07-26 04:24:51.653   145  1303 I ActivityManager: Process com.twitter.android (pid 441) has died.
07-26 04:24:52.103   695   695 I ActivityThread: Pub drm: com.android.providers.drm.DrmProvider
07-26 04:24:52.103   695   712 I DownloadManager: in removeSpuriousFiles
07-26 04:24:52.110   695   695 I ActivityThread: Pub media: com.android.providers.media.MediaProvider
07-26 04:24:52.228   145   161 I Process : Sending signal. PID: 30986 SIG: 3
07-26 04:24:52.228 30986 30991 I dalvikvm: threadid=3: reacting to signal 3
07-26 04:24:52.259   695   712 I DownloadManager: in removeSpuriousFiles, preserving file /data/data/com.android.providers.downloads/cache/metadata.json
07-26 04:24:52.267   695   712 I DownloadManager: in removeSpuriousFiles, preserving file /data/data/com.android.providers.downloads/cache/en_general.htm
07-26 04:24:52.267   695   712 I DownloadManager: in removeSpuriousFiles, preserving file /mnt/sdcard/Download/img-thing.jpeg
07-26 04:24:52.267   695   712 I DownloadManager: in removeSpuriousFiles, preserving file /data/data/com.android.providers.downloads/cache/metadata-1.json
07-26 04:24:52.267   695   712 I DownloadManager: in removeSpuriousFiles, preserving file /data/data/com.android.providers.downloads/cache/downloadfile.jpeg
07-26 04:24:52.267   695   712 I DownloadManager: in removeSpuriousFiles, preserving file /data/data/com.android.providers.downloads/cache/metadata-2.json
07-26 04:24:52.267   695   712 I DownloadManager: in removeSpuriousFiles, preserving file /data/data/com.android.providers.downloads/cache/metadata-3.json
07-26 04:24:52.267   695   712 I DownloadManager: in removeSpuriousFiles, preserving file /data/data/com.android.providers.downloads/cache/downloadfile-1.jpeg
07-26 04:24:52.267   695   712 I DownloadManager: in removeSpuriousFiles, preserving file /data/data/com.android.providers.downloads/cache/downloadfile-2.jpeg
07-26 04:24:52.267   695   712 I DownloadManager: in removeSpuriousFiles, preserving file /data/data/com.android.providers.downloads/cache/metadata-4.json
07-26 04:24:52.271   695   712 I DownloadManager: in removeSpuriousFiles, preserving file /data/data/com.android.providers.downloads/cache/metadata-5.json
07-26 04:24:52.271   695   712 I DownloadManager: in removeSpuriousFiles, preserving file /data/data/com.android.providers.downloads/cache/metadata-6.json
07-26 04:24:52.271   695   712 I DownloadManager: in removeSpuriousFiles, preserving file /data/data/com.android.providers.downloads/cache/metadata-7.json
07-26 04:24:52.271   695   712 I DownloadManager: in removeSpuriousFiles, preserving file /data/data/com.android.providers.downloads/cache/metadata-8.json
07-26 04:24:52.271   695   712 I DownloadManager: in removeSpuriousFiles, preserving file /data/data/com.android.providers.downloads/cache/downloadfile-3.jpeg
07-26 04:24:52.271   695   712 I DownloadManager: in removeSpuriousFiles, preserving file /data/data/com.android.providers.downloads/cache/downloadfile-4.jpeg
07-26 04:24:52.271   695   712 I DownloadManager: deleting spurious file /cache/backup
07-26 04:24:52.282   672   675 D dalvikvm: GC_CONCURRENT freed 161K, 3% free 10032K/10311K, paused 132ms+99ms
07-26 04:24:52.427 30986 30991 I dalvikvm: Wrote stack traces to '/data/anr/traces.txt'
07-26 04:24:52.470   672   675 D dalvikvm: GC_CONCURRENT freed 124K, 3% free 10324K/10567K, paused 2ms+2ms
07-26 04:24:52.548   145   161 W ActivityManager: Activity pause timeout for ActivityRecord{4133e048 com.android.chrome/com.google.android.apps.chrome.Main}
07-26 04:24:52.552   145   161 I Process : Sending signal. PID: 30986 SIG: 3
07-26 04:24:52.552 30986 30991 I dalvikvm: threadid=3: reacting to signal 3
07-26 04:24:52.599 30986 31050 W chromium: [WARNING:sync_notifier_impl_android.cc(70)] Could not get invalidation model type; invalidating enabled types: Bookmarks, Typed URLs, Encryption keys, Sessions
07-26 04:24:52.626 30986 30991 I dalvikvm: Wrote stack traces to '/data/anr/traces.txt'
07-26 04:24:52.708   672   675 D dalvikvm: GC_CONCURRENT freed 309K, 5% free 10455K/10951K, paused 4ms+2ms
07-26 04:24:52.767   672   709 D dalvikvm: GC_FOR_ALLOC freed 0K, 5% free 10455K/10951K, paused 37ms
07-26 04:24:52.767   672   709 I dalvikvm-heap: Grow heap (frag case) to 10.527MB for 260112-byte allocation
07-26 04:24:52.814   672   709 D dalvikvm: GC_FOR_ALLOC freed 126K, 6% free 10583K/11207K, paused 19ms
07-26 04:24:52.993   145   161 I Process : Sending signal. PID: 30986 SIG: 3
07-26 04:24:52.993 30986 30991 I dalvikvm: threadid=3: reacting to signal 3
07-26 04:24:53.075   672   709 D dalvikvm: GC_FOR_ALLOC freed 311K, 6% free 10576K/11207K, paused 18ms
07-26 04:24:53.095   672   709 D dalvikvm: GC_FOR_ALLOC freed 62K, 6% free 10639K/11207K, paused 17ms
07-26 04:24:53.095   672   709 I dalvikvm-heap: Grow heap (frag case) to 10.708MB for 260112-byte allocation
07-26 04:24:53.118   672   709 D dalvikvm: GC_FOR_ALLOC freed 126K, 7% free 10767K/11463K, paused 18ms
07-26 04:24:53.142   672   709 D dalvikvm: GC_FOR_ALLOC freed 369K, 6% free 10823K/11463K, paused 18ms
07-26 04:24:53.161   672   709 D dalvikvm: GC_FOR_ALLOC freed 126K, 5% free 10951K/11463K, paused 18ms
07-26 04:24:53.247 30986 30991 I dalvikvm: Wrote stack traces to '/data/anr/traces.txt'
07-26 04:24:53.345   695   697 D dalvikvm: GC_CONCURRENT freed 332K, 5% free 9201K/9607K, paused 3ms+1ms
07-26 04:24:53.403   672   675 D dalvikvm: GC_CONCURRENT freed 338K, 5% free 11184K/11655K, paused 2ms+8ms
07-26 04:24:53.435   672   694 D PicasaPhotoCP: set fsid first time:-1
07-26 04:24:53.642   672   675 D dalvikvm: GC_CONCURRENT freed 140K, 3% free 11702K/11975K, paused 3ms+3ms
07-26 04:24:53.806   672   675 D dalvikvm: GC_CONCURRENT freed 330K, 4% free 12176K/12615K, paused 2ms+2ms
07-26 04:24:54.009   672   675 D dalvikvm: GC_CONCURRENT freed 421K, 5% free 12702K/13255K, paused 2ms+2ms
07-26 04:24:54.454   672   710 I SqliteDatabaseCpp: sqlite returned: error code = 1, msg = no such column: wipeout_stats, db=/data/data/com.google.android.apps.plus/databases/es0.db
07-26 04:24:54.482   672   710 W System.err: android.database.sqlite.SQLiteException: no such column: wipeout_stats: , while compiling: SELECT wipeout_stats  FROM account_status
07-26 04:24:54.501   672   710 W System.err: 	at android.database.sqlite.SQLiteCompiledSql.native_compile(Native Method)
07-26 04:24:54.501   672   710 W System.err: 	at android.database.sqlite.SQLiteCompiledSql.<init>(SQLiteCompiledSql.java:68)
07-26 04:24:54.501   672   710 W System.err: 	at android.database.sqlite.SQLiteProgram.compileSql(SQLiteProgram.java:143)
07-26 04:24:54.501   672   710 W System.err: 	at android.database.sqlite.SQLiteProgram.compileAndbindAllArgs(SQLiteProgram.java:361)
07-26 04:24:54.501   672   710 W System.err: 	at android.database.sqlite.SQLiteStatement.acquireAndLock(SQLiteStatement.java:260)
07-26 04:24:54.505   672   710 W System.err: 	at android.database.sqlite.SQLiteStatement.simpleQueryForLong(SQLiteStatement.java:137)
07-26 04:24:54.505   672   710 W System.err: 	at android.database.DatabaseUtils.longForQuery(DatabaseUtils.java:791)
07-26 04:24:54.505   672   710 W System.err: 	at android.database.DatabaseUtils.longForQuery(DatabaseUtils.java:779)
07-26 04:24:54.505   672   710 W System.err: 	at com.google.android.apps.plus.content.EsAccountsData.isContactsStatsWipeoutNeeded(EsAccountsData.java:641)
07-26 04:24:54.505   672   710 W System.err: 	at com.google.android.apps.plus.service.EsService.processIntent(EsService.java:4246)
07-26 04:24:54.509   672   710 W System.err: 	at com.google.android.apps.plus.service.ServiceThread$1.run(ServiceThread.java:50)
07-26 04:24:54.509   672   710 W System.err: 	at android.os.Handler.handleCallback(Handler.java:605)
07-26 04:24:54.509   672   710 W System.err: 	at android.os.Handler.dispatchMessage(Handler.java:92)
07-26 04:24:54.509   672   710 W System.err: 	at android.os.Looper.loop(Looper.java:137)
07-26 04:24:54.513   672   710 W System.err: 	at com.google.android.apps.plus.service.ServiceThread.run(ServiceThread.java:122)
07-26 04:24:54.610 32573 32586 I PhoneLab-: Service Running
07-26 04:24:54.704 32573 32586 I PhoneLab-LoggerService: app_37    1300  1     1440   1000  c00f181c 400107b4 S logcat
07-26 04:24:54.704 32573 32586 I PhoneLab-LoggerService: Logcat pid from database 1300
07-26 04:24:54.704 32573 32586 I PhoneLab-LoggerService: Logcat process found 1300
07-26 04:24:54.704 32573 32586 I PhoneLab-LoggerService: Checking Threshold
07-26 04:25:05.243   145   174 I ActivityManager: Start proc com.twitter.android for service com.twitter.android/.client.AppService: pid=723 uid=10064 gids={3003, 1015}
07-26 04:25:05.255   723   723 I dalvikvm: Turning on JNI app bug workarounds for target SDK version 11...
07-26 04:25:05.392   723   723 I ActivityThread: Pub com.twitter.android.provider.GlobalDatabaseProvider: com.twitter.android.provider.GlobalDatabaseProvider
07-26 04:25:05.403   723   723 I ActivityThread: Pub com.twitter.android.provider.TwitterProvider: com.twitter.android.provider.TwitterProvider
07-26 04:25:05.556   723   724 D dalvikvm: GC_CONCURRENT freed 172K, 4% free 9301K/9607K, paused 4ms+1ms
07-26 04:25:05.579 32201 32203 D dalvikvm: GC_CONCURRENT freed 512K, 6% free 10541K/11143K, paused 61ms+3ms
07-26 04:25:05.935 32767   303 D dalvikvm: GC_CONCURRENT freed 384K, 7% free 9953K/10631K, paused 2ms+3ms
07-26 04:25:06.087   723   724 D dalvikvm: GC_CONCURRENT freed 218K, 4% free 9515K/9863K, paused 4ms+2ms
07-26 04:25:06.228   723   724 D dalvikvm: GC_CONCURRENT freed 285K, 5% free 9641K/10055K, paused 2ms+2ms
07-26 04:25:06.345   723   724 D dalvikvm: GC_CONCURRENT freed 293K, 5% free 9765K/10183K, paused 1ms+1ms
07-26 04:25:06.560   723   724 D dalvikvm: GC_CONCURRENT freed 305K, 5% free 9894K/10311K, paused 1ms+2ms
07-26 04:25:06.700   723   724 D dalvikvm: GC_CONCURRENT freed 300K, 4% free 10024K/10439K, paused 2ms+2ms
07-26 04:25:06.821   723   724 D dalvikvm: GC_CONCURRENT freed 302K, 4% free 10151K/10567K, paused 2ms+2ms
07-26 04:25:06.942   723   724 D dalvikvm: GC_CONCURRENT freed 296K, 4% free 10281K/10695K, paused 2ms+2ms
07-26 04:25:07.126   723   724 D dalvikvm: GC_CONCURRENT freed 473K, 6% free 10228K/10823K, paused 1ms+2ms
07-26 04:25:07.247   723   724 D dalvikvm: GC_CONCURRENT freed 343K, 5% free 10305K/10823K, paused 1ms+3ms
07-26 04:25:07.403   723   724 D dalvikvm: GC_CONCURRENT freed 366K, 5% free 10407K/10887K, paused 4ms+5ms
07-26 04:25:07.528   723   724 D dalvikvm: GC_CONCURRENT freed 341K, 4% free 10514K/10951K, paused 2ms+2ms
07-26 04:25:07.646   723   724 D dalvikvm: GC_CONCURRENT freed 389K, 5% free 10578K/11079K, paused 1ms+2ms
07-26 04:25:07.771   723   724 D dalvikvm: GC_CONCURRENT freed 371K, 5% free 10671K/11143K, paused 2ms+2ms
07-26 04:25:07.896   723   724 D dalvikvm: GC_CONCURRENT freed 395K, 5% free 10766K/11271K, paused 2ms+2ms
07-26 04:25:08.083   723   724 D dalvikvm: GC_CONCURRENT freed 385K, 5% free 10903K/11399K, paused 7ms+2ms
07-26 04:25:08.114   145   326 I ActivityManager: Process android.process.acore (pid 629) has died.
07-26 04:25:08.216 30986 31050 W chromium: [WARNING:sync_notifier_impl_android.cc(70)] Could not get invalidation model type; invalidating enabled types: Bookmarks, Typed URLs, Encryption keys, Sessions
07-26 04:25:10.044   723   724 D dalvikvm: GC_CONCURRENT freed 373K, 4% free 11130K/11591K, paused 2ms+2ms
07-26 04:25:10.091   723   738 D dalvikvm: GC_FOR_ALLOC freed 144K, 6% free 11269K/11911K, paused 28ms
07-26 04:25:10.091   723   738 I dalvikvm-heap: Grow heap (frag case) to 11.447MB for 391232-byte allocation
07-26 04:25:10.118   723   738 D dalvikvm: GC_FOR_ALLOC freed 190K, 7% free 11461K/12295K, paused 27ms
07-26 04:25:10.567   723   724 D dalvikvm: GC_CONCURRENT freed 285K, 4% free 11884K/12295K, paused 2ms+2ms
07-26 04:25:27.009   342   342 D SAN_SERVICE: *******************************************
07-26 04:25:27.013   342   342 D SAN_SERVICE: DM App Phone Service State - 0
07-26 04:25:27.013   342   342 D SAN_SERVICE: *******************************************
07-26 04:25:27.146   342   342 D SAN_SERVICE: *******************************************
07-26 04:25:27.146   342   342 D SAN_SERVICE: DM App Phone Service State - 0
07-26 04:25:27.146   342   342 D SAN_SERVICE: *******************************************
07-26 04:25:38.802   342   342 D SAN_SERVICE: *******************************************
07-26 04:25:38.802   342   342 D SAN_SERVICE: DM App Phone Service State - 0
07-26 04:25:38.802   342   342 D SAN_SERVICE: *******************************************
07-26 04:25:39.583   342   342 D SAN_SERVICE: *******************************************
07-26 04:25:39.583   342   342 D SAN_SERVICE: DM App Phone Service State - 0
07-26 04:25:39.583   342   342 D SAN_SERVICE: *******************************************
07-26 04:25:47.396   342   342 D SAN_SERVICE: *******************************************
07-26 04:25:47.396   342   342 D SAN_SERVICE: DM App Phone Service State - 0
07-26 04:25:47.396   342   342 D SAN_SERVICE: *******************************************
07-26 04:25:47.622   342   342 D SAN_SERVICE: *******************************************
07-26 04:25:47.622   342   342 D SAN_SERVICE: DM App Phone Service State - 0
07-26 04:25:47.622   342   342 D SAN_SERVICE: *******************************************
07-26 04:25:48.376   342   342 D SAN_SERVICE: *******************************************
07-26 04:25:48.376   342   342 D SAN_SERVICE: DM App Phone Service State - 0
07-26 04:25:48.376   342   342 D SAN_SERVICE: *******************************************
07-26 04:25:49.513   145   326 I ActivityManager: Process com.chess (pid 389) has died.
07-26 04:25:49.567 30986 31050 W chromium: [WARNING:sync_notifier_impl_android.cc(70)] Could not get invalidation model type; invalidating enabled types: Bookmarks, Typed URLs, Encryption keys, Sessions
07-26 04:25:50.044   145   199 D DhcpInfoInternal: makeLinkProperties with empty dns2!
07-26 04:25:50.044   145   199 D DhcpInfoInternal: makeLinkProperties with empty dns2!
07-26 04:26:05.622 32767   311 D dalvikvm: GC_EXPLICIT freed 69K, 7% free 9902K/10631K, paused 5ms+2ms
07-26 04:26:07.075   672   675 D dalvikvm: GC_CONCURRENT freed 1077K, 9% free 12765K/13959K, paused 16ms+2ms
07-26 04:26:09.810   672   675 D dalvikvm: GC_CONCURRENT freed 879K, 8% free 13011K/14023K, paused 2ms+3ms
07-26 04:26:11.130   672   769 E dalvikvm: Could not find class 'android.app.Notification$InboxStyle', referenced from method com.google.android.apps.plus.service.AndroidNotification.createDigestNotification
07-26 04:26:11.130   672   769 W dalvikvm: VFY: unable to resolve new-instance 41 (Landroid/app/Notification$InboxStyle;) in Lcom/google/android/apps/plus/service/AndroidNotification;
07-26 04:26:11.130   672   769 D dalvikvm: VFY: replacing opcode 0x22 at 0x0018
07-26 04:26:11.134   672   769 I dalvikvm: Could not find method android.app.Notification$Builder.setPriority, referenced from method com.google.android.apps.plus.service.AndroidNotification.createRichNotification
07-26 04:26:11.134   672   769 W dalvikvm: VFY: unable to resolve virtual method 162: Landroid/app/Notification$Builder;.setPriority (I)Landroid/app/Notification$Builder;
07-26 04:26:11.134   672   769 D dalvikvm: VFY: replacing opcode 0x6e at 0x00d5
07-26 04:26:11.149   672   769 D dalvikvm: DexOpt: unable to opt direct call 0x00a8 at 0x1a in Lcom/google/android/apps/plus/service/AndroidNotification;.createDigestNotification
07-26 04:26:11.149   672   769 D dalvikvm: DexOpt: unable to opt direct call 0x0091 at 0xf1 in Lcom/google/android/apps/plus/service/AndroidNotification;.createRichNotification
07-26 04:26:11.149   672   769 D dalvikvm: DexOpt: unable to opt direct call 0x0095 at 0x397 in Lcom/google/android/apps/plus/service/AndroidNotification;.createRichNotification
07-26 04:26:14.360   672   675 D dalvikvm: GC_CONCURRENT freed 1247K, 10% free 13029K/14407K, paused 22ms+3ms
07-26 04:26:14.841   145  1302 I ActivityManager: Start proc android.process.acore for content provider com.android.providers.contacts/.ContactsProvider2: pid=773 uid=10000 gids={3003, 1015}
07-26 04:26:14.942   773   773 I ActivityThread: Pub call_log: com.android.providers.contacts.CallLogProvider
07-26 04:26:15.017   773   773 I ActivityThread: Pub com.android.voicemail: com.android.providers.contacts.VoicemailContentProvider
07-26 04:26:15.028   773   773 I ActivityThread: Pub user_dictionary: com.android.providers.userdictionary.UserDictionaryProvider
07-26 04:26:15.060   773   773 I ActivityThread: Pub com.android.social: com.android.providers.contacts.SocialProvider
07-26 04:26:15.064   773   773 I ActivityThread: Pub applications: com.android.providers.applications.ApplicationsProvider
07-26 04:26:15.294   773   773 I ActivityThread: Pub contacts;com.android.contacts: com.android.providers.contacts.ContactsProvider2
07-26 04:26:15.310   773   775 D dalvikvm: GC_CONCURRENT freed 331K, 5% free 9143K/9607K, paused 2ms+2ms
07-26 04:26:15.786   773   775 D dalvikvm: GC_CONCURRENT freed 228K, 4% free 9377K/9735K, paused 1ms+2ms
07-26 04:26:16.189   672   675 D dalvikvm: GC_CONCURRENT freed 1088K, 9% free 13203K/14407K, paused 3ms+3ms
07-26 04:26:16.653   773   775 D dalvikvm: GC_CONCURRENT freed 176K, 4% free 9629K/9927K, paused 8ms+8ms
07-26 04:26:19.642   672   675 D dalvikvm: GC_CONCURRENT freed 1004K, 8% free 13549K/14663K, paused 29ms+4ms
07-26 04:26:19.853   342   342 D SAN_SERVICE: *******************************************
07-26 04:26:19.853   342   342 D SAN_SERVICE: DM App Phone Service State - 0
07-26 04:26:19.853   342   342 D SAN_SERVICE: *******************************************
07-26 04:26:20.001   672   769 D dalvikvm: GC_FOR_ALLOC freed 371K, 10% free 13677K/15047K, paused 151ms
07-26 04:26:20.005   672   769 I dalvikvm-heap: Grow heap (frag case) to 13.761MB for 352164-byte allocation
07-26 04:26:20.060   672   788 D dalvikvm: GC_FOR_ALLOC freed 0K, 10% free 14021K/15431K, paused 42ms
07-26 04:26:20.505   342   342 D SAN_SERVICE: *******************************************
07-26 04:26:20.505   342   342 D SAN_SERVICE: DM App Phone Service State - 0
07-26 04:26:20.505   342   342 D SAN_SERVICE: *******************************************
07-26 04:26:21.724   145  1302 I ActivityManager: Process android.process.media (pid 695) has died.
07-26 04:26:21.985 30986 31050 W chromium: [WARNING:sync_notifier_impl_android.cc(70)] Could not get invalidation model type; invalidating enabled types: Bookmarks, Typed URLs, Encryption keys, Sessions
07-26 04:26:22.169   672   675 D dalvikvm: GC_CONCURRENT freed 1131K, 8% free 14504K/15751K, paused 31ms+60ms
07-26 04:26:24.341   672   675 D dalvikvm: GC_CONCURRENT freed 1766K, 12% free 14492K/16391K, paused 2ms+3ms
07-26 04:26:25.271   145 22258 I ActivityManager: Process com.twitter.android (pid 723) has died.
07-26 04:26:25.329 30986 31050 W chromium: [WARNING:sync_notifier_impl_android.cc(70)] Could not get invalidation model type; invalidating enabled types: Bookmarks, Typed URLs, Encryption keys, Sessions
07-26 04:26:26.282   145   156 D dalvikvm: GC_EXPLICIT freed 2060K, 19% free 19128K/23495K, paused 15ms+8ms
07-26 04:26:27.067   773   775 D dalvikvm: GC_CONCURRENT freed 561K, 7% free 9489K/10183K, paused 33ms+3ms
07-26 04:26:27.853   672   769 I SqliteDatabaseCpp: sqlite returned: error code = 1, msg = no such column: last_stats_sync_time, db=/data/data/com.google.android.apps.plus/databases/es0.db
07-26 04:26:27.970   672   769 E EsSyncAdapterService: Sync failure
07-26 04:26:27.970   672   769 E EsSyncAdapterService: android.database.sqlite.SQLiteException: no such column: last_stats_sync_time: , while compiling: SELECT last_stats_sync_time  FROM account_status
07-26 04:26:27.970   672   769 E EsSyncAdapterService: 	at android.database.sqlite.SQLiteCompiledSql.native_compile(Native Method)
07-26 04:26:27.970   672   769 E EsSyncAdapterService: 	at android.database.sqlite.SQLiteCompiledSql.<init>(SQLiteCompiledSql.java:68)
07-26 04:26:27.970   672   769 E EsSyncAdapterService: 	at android.database.sqlite.SQLiteProgram.compileSql(SQLiteProgram.java:143)
07-26 04:26:27.970   672   769 E EsSyncAdapterService: 	at android.database.sqlite.SQLiteProgram.compileAndbindAllArgs(SQLiteProgram.java:361)
07-26 04:26:27.970   672   769 E EsSyncAdapterService: 	at android.database.sqlite.SQLiteStatement.acquireAndLock(SQLiteStatement.java:260)
07-26 04:26:27.970   672   769 E EsSyncAdapterService: 	at android.database.sqlite.SQLiteStatement.simpleQueryForLong(SQLiteStatement.java:137)
07-26 04:26:27.970   672   769 E EsSyncAdapterService: 	at android.database.DatabaseUtils.longForQuery(DatabaseUtils.java:791)
07-26 04:26:27.970   672   769 E EsSyncAdapterService: 	at android.database.DatabaseUtils.longForQuery(DatabaseUtils.java:779)
07-26 04:26:27.970   672   769 E EsSyncAdapterService: 	at com.google.android.apps.plus.content.EsAccountsData.queryLastStatsSyncTimestamp(EsAccountsData.java:570)
07-26 04:26:27.970   672   769 E EsSyncAdapterService: 	at com.google.android.apps.plus.service.EsSyncAdapterService.syncContactsStatsIfNecessary(EsSyncAdapterService.java:670)
07-26 04:26:27.970   672   769 E EsSyncAdapterService: 	at com.google.android.apps.plus.service.EsSyncAdapterService.doFullSync(EsSyncAdapterService.java:633)
07-26 04:26:27.970   672   769 E EsSyncAdapterService: 	at com.google.android.apps.plus.service.EsSyncAdapterService.doSync(EsSyncAdapterService.java:566)
07-26 04:26:27.970   672   769 E EsSyncAdapterService: 	at com.google.android.apps.plus.service.EsSyncAdapterService.access$100(EsSyncAdapterService.java:52)
07-26 04:26:27.970   672   769 E EsSyncAdapterService: 	at com.google.android.apps.plus.service.EsSyncAdapterService$SyncAdapterImpl.onPerformSync(EsSyncAdapterService.java:408)
07-26 04:26:27.970   672   769 E EsSyncAdapterService: 	at android.content.AbstractThreadedSyncAdapter$SyncThread.run(AbstractThreadedSyncAdapter.java:247)
07-26 04:26:28.071   145   169 D SyncManager: failed sync operation lokeshmandvekar@gmail.com (com.google), com.google.android.apps.plus.content.EsProvider, SERVER, earliestRunTime 210603975, SyncResult: stats [ numParseExceptions: 1]
07-26 04:26:28.075 30986 30986 D SyncSetupManager: setState: sync = true, wantedSyncState = true
07-26 04:26:28.075 30986 30986 D SyncSetupManager: Enabling sync
07-26 04:26:28.087   145   169 D SyncManager: not retrying sync operation because the error is a hard error: lokeshmandvekar@gmail.com (com.google), com.google.android.apps.plus.content.EsProvider, SERVER, earliestRunTime 210697625
07-26 04:26:33.099   672   675 D dalvikvm: GC_CONCURRENT freed 2945K, 20% free 13272K/16391K, paused 2ms+3ms
07-26 04:26:33.388   342   342 D SAN_SERVICE: *******************************************
07-26 04:26:33.388   342   342 D SAN_SERVICE: DM App Phone Service State - 0
07-26 04:26:33.388   342   342 D SAN_SERVICE: *******************************************
07-26 04:26:33.474 32201 32203 D dalvikvm: GC_CONCURRENT freed 400K, 6% free 10529K/11143K, paused 10ms+2ms
07-26 04:26:33.634   672   788 D dalvikvm: GC_EXPLICIT freed 474K, 20% free 13222K/16391K, paused 5ms+3ms
07-26 04:26:33.669   342   342 D SAN_SERVICE: *******************************************
07-26 04:26:33.669   342   342 D SAN_SERVICE: DM App Phone Service State - 0
07-26 04:26:33.669   342   342 D SAN_SERVICE: *******************************************
07-26 04:26:34.169   342   342 D SAN_SERVICE: *******************************************
07-26 04:26:34.169   342   342 D SAN_SERVICE: DM App Phone Service State - 0
07-26 04:26:34.169   342   342 D SAN_SERVICE: *******************************************
07-26 04:26:34.255   773   775 D dalvikvm: GC_CONCURRENT freed 318K, 7% free 9555K/10183K, paused 1ms+2ms
07-26 04:26:35.575 29264 29267 D dalvikvm: GC_CONCURRENT freed 647K, 10% free 11681K/12871K, paused 10ms+4ms
07-26 04:26:35.587 29264 29273 W MediaPlayer-JNI: MediaPlayer finalized without being released
07-26 04:26:43.677   342   342 D SAN_SERVICE: *******************************************
07-26 04:26:43.681   342   342 D SAN_SERVICE: DM App Phone Service State - 0
07-26 04:26:43.681   342   342 D SAN_SERVICE: *******************************************
07-26 04:26:43.942   342   342 D SAN_SERVICE: *******************************************
07-26 04:26:43.942   342   342 D SAN_SERVICE: DM App Phone Service State - 0
07-26 04:26:43.942   342   342 D SAN_SERVICE: *******************************************
07-26 04:26:44.177   342   342 D SAN_SERVICE: *******************************************
07-26 04:26:44.177   342   342 D SAN_SERVICE: DM App Phone Service State - 0
07-26 04:26:44.177   342   342 D SAN_SERVICE: *******************************************
07-26 04:26:54.610 32573 32586 I PhoneLab-: Service Running
07-26 04:26:54.720 32573 32586 I PhoneLab-LoggerService: app_37    1300  1     1440   1000  c00f181c 400107b4 S logcat
07-26 04:26:54.720 32573 32586 I PhoneLab-LoggerService: Logcat pid from database 1300
07-26 04:26:54.720 32573 32586 I PhoneLab-LoggerService: Logcat process found 1300
07-26 04:26:54.720 32573 32586 I PhoneLab-LoggerService: Checking Threshold
07-26 04:27:05.997 32767   303 D dalvikvm: GC_CONCURRENT freed 437K, 7% free 9967K/10631K, paused 14ms+3ms
07-26 04:27:07.044   773   791 D dalvikvm: GC_EXPLICIT freed 353K, 7% free 9531K/10183K, paused 2ms+3ms
07-26 04:27:09.329   342   342 D SAN_SERVICE: *******************************************
07-26 04:27:09.329   342   342 D SAN_SERVICE: DM App Phone Service State - 0
07-26 04:27:09.329   342   342 D SAN_SERVICE: *******************************************
07-26 04:27:09.560   342   342 D SAN_SERVICE: *******************************************
07-26 04:27:09.560   342   342 D SAN_SERVICE: DM App Phone Service State - 0
07-26 04:27:09.560   342   342 D SAN_SERVICE: *******************************************
07-26 04:27:10.060   342   342 D SAN_SERVICE: *******************************************
07-26 04:27:10.060   342   342 D SAN_SERVICE: DM App Phone Service State - 0
07-26 04:27:10.060   342   342 D SAN_SERVICE: *******************************************
07-26 04:27:29.774   342   342 D SAN_SERVICE: *******************************************
07-26 04:27:29.774   342   342 D SAN_SERVICE: DM App Phone Service State - 0
07-26 04:27:29.774   342   342 D SAN_SERVICE: *******************************************
07-26 04:27:30.005   342   342 D SAN_SERVICE: *******************************************
07-26 04:27:30.005   342   342 D SAN_SERVICE: DM App Phone Service State - 0
07-26 04:27:30.005   342   342 D SAN_SERVICE: *******************************************
07-26 04:27:30.255   342   342 D SAN_SERVICE: *******************************************
07-26 04:27:30.255   342   342 D SAN_SERVICE: DM App Phone Service State - 0
07-26 04:27:30.255   342   342 D SAN_SERVICE: *******************************************
07-26 04:27:59.978   808   808 D dalvikvm: Late-enabling CheckJNI
07-26 04:28:00.009   145   162 I ActivityManager: Start proc com.chess for broadcast com.chess/.backend.AlarmReceiver: pid=808 uid=10079 gids={3003, 1015}
07-26 04:28:00.325   808   809 D dalvikvm: GC_CONCURRENT freed 157K, 3% free 9379K/9607K, paused 8ms+3ms
07-26 04:28:00.607   808   822 D GetStringObjTask: retrieving from url = http://www.chess.com/api/get_move_status?id=5HHjW9WUGa%2Bcu1LUwnVJPxTIWxmEve4VdkRnRyg7b5Ch69JH2Z5aB%2B7eGuFw8K2uFx47KFsdE3JRdR3Mzv0PkZOj6eZ8N73BvxmEERrzXjMNRo80rkLyJAUTh0iqof4n
07-26 04:28:01.321   808   822 D GetStringObjTask: WebRequest SERVER RESPONSE: Success+0
07-26 04:28:05.790 32201 32203 D dalvikvm: GC_CONCURRENT freed 501K, 6% free 10540K/11143K, paused 2ms+6ms
07-26 04:28:05.954   145   326 D dalvikvm: GC_EXPLICIT freed 548K, 19% free 19109K/23495K, paused 3ms+8ms
07-26 04:28:06.032 32767   303 D dalvikvm: GC_CONCURRENT freed 479K, 6% free 10000K/10631K, paused 2ms+8ms
07-26 04:28:06.630 32767   303 D dalvikvm: GC_CONCURRENT freed 355K, 6% free 10050K/10631K, paused 12ms+2ms
07-26 04:28:07.032 32767   303 D dalvikvm: GC_CONCURRENT freed 230K, 4% free 10271K/10631K, paused 4ms+6ms
07-26 04:28:15.169   145   199 D DhcpInfoInternal: makeLinkProperties with empty dns2!
07-26 04:28:15.177   145   199 D DhcpInfoInternal: makeLinkProperties with empty dns2!
07-26 04:28:22.708   342   342 D SAN_SERVICE: *******************************************
07-26 04:28:22.716   342   342 D SAN_SERVICE: DM App Phone Service State - 0
07-26 04:28:22.716   342   342 D SAN_SERVICE: *******************************************
07-26 04:28:23.181   342   342 D SAN_SERVICE: *******************************************
07-26 04:28:23.181   342   342 D SAN_SERVICE: DM App Phone Service State - 0
07-26 04:28:23.181   342   342 D SAN_SERVICE: *******************************************
07-26 04:28:31.700   342   342 D SAN_SERVICE: *******************************************
07-26 04:28:31.700   342   342 D SAN_SERVICE: DM App Phone Service State - 0
07-26 04:28:31.700   342   342 D SAN_SERVICE: *******************************************
07-26 04:28:32.216   342   342 D SAN_SERVICE: *******************************************
07-26 04:28:32.216   342   342 D SAN_SERVICE: DM App Phone Service State - 0
07-26 04:28:32.216   342   342 D SAN_SERVICE: *******************************************
07-26 04:28:51.704   342   342 D SAN_SERVICE: *******************************************
07-26 04:28:51.704   342   342 D SAN_SERVICE: DM App Phone Service State - 0
07-26 04:28:51.704   342   342 D SAN_SERVICE: *******************************************
07-26 04:28:51.950   342   342 D SAN_SERVICE: *******************************************
07-26 04:28:51.950   342   342 D SAN_SERVICE: DM App Phone Service State - 0
07-26 04:28:51.950   342   342 D SAN_SERVICE: *******************************************
07-26 04:28:52.196   342   342 D SAN_SERVICE: *******************************************
07-26 04:28:52.200   342   342 D SAN_SERVICE: DM App Phone Service State - 0
07-26 04:28:52.200   342   342 D SAN_SERVICE: *******************************************
07-26 04:28:54.591 32573 32586 I PhoneLab-: Service Running
07-26 04:28:54.692 32573 32586 I PhoneLab-LoggerService: app_37    1300  1     1440   1000  c00f181c 400107b4 S logcat
07-26 04:28:54.692 32573 32586 I PhoneLab-LoggerService: Logcat pid from database 1300
07-26 04:28:54.692 32573 32586 I PhoneLab-LoggerService: Logcat process found 1300
07-26 04:28:54.692 32573 32586 I PhoneLab-LoggerService: Checking Threshold
07-26 04:29:05.919   145  1303 I ActivityManager: Process com.android.sprintmenu (pid 30922) has died.
07-26 04:29:05.919   145  1303 W ActivityManager: Scheduling restart of crashed service com.android.sprintmenu/.HiddenPhoneService in 5000ms
07-26 04:29:05.958 32767   303 D dalvikvm: GC_CONCURRENT freed 653K, 7% free 10156K/10887K, paused 1ms+31ms
07-26 04:29:06.114 30986 31050 W chromium: [WARNING:sync_notifier_impl_android.cc(70)] Could not get invalidation model type; invalidating enabled types: Bookmarks, Typed URLs, Encryption keys, Sessions
07-26 04:29:11.001   145   162 I ActivityManager: Start proc com.android.sprintmenu for service com.android.sprintmenu/.HiddenPhoneService: pid=857 uid=1001 gids={3002, 3001, 3003, 1015}
07-26 04:29:11.009   145   356 I ActivityManager: Process com.google.android.apps.gesturesearch (pid 32163) has died.
07-26 04:29:11.009   145   356 W ActivityManager: Scheduling restart of crashed service com.google.android.apps.gesturesearch/.IndexingService in 5000ms
07-26 04:29:11.134 30986 31050 W chromium: [WARNING:sync_notifier_impl_android.cc(70)] Could not get invalidation model type; invalidating enabled types: Bookmarks, Typed URLs, Encryption keys, Sessions
07-26 04:29:16.107   145   162 I ActivityManager: Start proc com.google.android.apps.gesturesearch for service com.google.android.apps.gesturesearch/.IndexingService: pid=874 uid=10088 gids={3003}
07-26 04:29:16.126   874   874 I dalvikvm: Turning on JNI app bug workarounds for target SDK version 8...
07-26 04:29:16.173   874   874 I ActivityThread: Pub com.google.android.apps.gesturesearch.history: com.google.android.apps.gesturesearch.data.QueryHistoryProvider
07-26 04:29:16.192   874   874 I ActivityThread: Pub com.google.android.apps.gesturesearch.index: com.google.android.apps.gesturesearch.data.IndexProvider
07-26 04:29:16.372   145 22786 I ActivityManager: Process com.google.android.apps.plus (pid 672) has died.
07-26 04:29:16.419 30986 31050 W chromium: [WARNING:sync_notifier_impl_android.cc(70)] Could not get invalidation model type; invalidating enabled types: Bookmarks, Typed URLs, Encryption keys, Sessions
07-26 04:30:05.868 32201 32203 D dalvikvm: GC_CONCURRENT freed 510K, 6% free 10542K/11143K, paused 2ms+3ms
07-26 04:30:05.946 32767   891 D dalvikvm: GC_FOR_ALLOC freed 293K, 8% free 10110K/10887K, paused 18ms
07-26 04:30:11.610   145   174 I ActivityManager: Start proc com.twitter.android for service com.twitter.android/.client.AppService: pid=892 uid=10064 gids={3003, 1015}
07-26 04:30:11.614   892   892 I dalvikvm: Turning on JNI app bug workarounds for target SDK version 11...
07-26 04:30:11.751   892   892 I ActivityThread: Pub com.twitter.android.provider.GlobalDatabaseProvider: com.twitter.android.provider.GlobalDatabaseProvider
07-26 04:30:11.759   892   892 I ActivityThread: Pub com.twitter.android.provider.TwitterProvider: com.twitter.android.provider.TwitterProvider
07-26 04:30:11.860   892   894 D dalvikvm: GC_CONCURRENT freed 189K, 4% free 9301K/9607K, paused 13ms+19ms
07-26 04:30:12.216   892   894 D dalvikvm: GC_CONCURRENT freed 221K, 4% free 9517K/9863K, paused 6ms+2ms
07-26 04:30:12.357   892   894 D dalvikvm: GC_CONCURRENT freed 298K, 5% free 9646K/10055K, paused 1ms+2ms
07-26 04:30:12.478   892   894 D dalvikvm: GC_CONCURRENT freed 294K, 5% free 9770K/10183K, paused 1ms+2ms
07-26 04:30:12.607   892   894 D dalvikvm: GC_CONCURRENT freed 303K, 4% free 9900K/10311K, paused 2ms+2ms
07-26 04:30:12.720   892   894 D dalvikvm: GC_CONCURRENT freed 302K, 4% free 10030K/10439K, paused 1ms+2ms
07-26 04:30:12.837   892   894 D dalvikvm: GC_CONCURRENT freed 299K, 4% free 10160K/10567K, paused 1ms+2ms
07-26 04:30:12.958   892   894 D dalvikvm: GC_CONCURRENT freed 286K, 4% free 10306K/10695K, paused 1ms+2ms
07-26 04:30:13.134   892   894 D dalvikvm: GC_CONCURRENT freed 526K, 6% free 10240K/10887K, paused 1ms+2ms
07-26 04:30:13.247   892   894 D dalvikvm: GC_CONCURRENT freed 325K, 6% free 10314K/10887K, paused 1ms+2ms
07-26 04:30:13.380   892   894 D dalvikvm: GC_CONCURRENT freed 357K, 5% free 10414K/10887K, paused 2ms+2ms
07-26 04:30:13.497   892   894 D dalvikvm: GC_CONCURRENT freed 336K, 5% free 10498K/10951K, paused 1ms+2ms
07-26 04:30:13.626   892   894 D dalvikvm: GC_CONCURRENT freed 382K, 5% free 10582K/11079K, paused 1ms+2ms
07-26 04:30:13.759   892   894 D dalvikvm: GC_CONCURRENT freed 364K, 5% free 10673K/11143K, paused 1ms+2ms
07-26 04:30:13.892   892   894 D dalvikvm: GC_CONCURRENT freed 404K, 5% free 10770K/11271K, paused 2ms+2ms
07-26 04:30:14.044   892   894 D dalvikvm: GC_CONCURRENT freed 365K, 5% free 10908K/11399K, paused 2ms+2ms
07-26 04:30:15.474   892   894 D dalvikvm: GC_CONCURRENT freed 373K, 4% free 11129K/11591K, paused 1ms+2ms
07-26 04:30:15.532   892   906 D dalvikvm: GC_FOR_ALLOC freed 143K, 6% free 11266K/11911K, paused 31ms
07-26 04:30:15.532   892   906 I dalvikvm-heap: Grow heap (frag case) to 11.440MB for 387004-byte allocation
07-26 04:30:15.564   892   906 D dalvikvm: GC_FOR_ALLOC freed 187K, 7% free 11456K/12295K, paused 28ms
07-26 04:30:15.970   892   894 D dalvikvm: GC_CONCURRENT freed 285K, 4% free 11878K/12295K, paused 2ms+3ms
07-26 04:30:25.544   342   342 D SAN_SERVICE: *******************************************
07-26 04:30:25.544   342   342 D SAN_SERVICE: DM App Phone Service State - 0
07-26 04:30:25.544   342   342 D SAN_SERVICE: *******************************************
07-26 04:30:26.314   342   342 D SAN_SERVICE: *******************************************
07-26 04:30:26.314   342   342 D SAN_SERVICE: DM App Phone Service State - 0
07-26 04:30:26.314   342   342 D SAN_SERVICE: *******************************************
07-26 04:30:39.216   342   342 D SAN_SERVICE: *******************************************
07-26 04:30:39.216   342   342 D SAN_SERVICE: DM App Phone Service State - 0
07-26 04:30:39.216   342   342 D SAN_SERVICE: *******************************************
07-26 04:30:39.935   342   342 D SAN_SERVICE: *******************************************
07-26 04:30:39.935   342   342 D SAN_SERVICE: DM App Phone Service State - 0
07-26 04:30:39.935   342   342 D SAN_SERVICE: *******************************************
07-26 04:30:40.044   145   199 D DhcpInfoInternal: makeLinkProperties with empty dns2!
07-26 04:30:40.044   145   199 D DhcpInfoInternal: makeLinkProperties with empty dns2!
07-26 04:30:49.478   342   342 D SAN_SERVICE: *******************************************
07-26 04:30:49.478   342   342 D SAN_SERVICE: DM App Phone Service State - 0
07-26 04:30:49.478   342   342 D SAN_SERVICE: *******************************************
07-26 04:30:54.603 32573 32586 I PhoneLab-: Service Running
07-26 04:30:54.673 32573 32586 I PhoneLab-LoggerService: app_37    1300  1     1440   1000  c00f181c 400107b4 S logcat
07-26 04:30:54.673 32573 32586 I PhoneLab-LoggerService: Logcat pid from database 1300
07-26 04:30:54.673 32573 32586 I PhoneLab-LoggerService: Logcat process found 1300
07-26 04:30:54.673 32573 32586 I PhoneLab-LoggerService: Checking Threshold
07-26 04:30:59.747   342   342 D SAN_SERVICE: *******************************************
07-26 04:30:59.755   342   342 D SAN_SERVICE: DM App Phone Service State - 0
07-26 04:30:59.755   342   342 D SAN_SERVICE: *******************************************
07-26 04:31:06.021 32767   303 D dalvikvm: GC_CONCURRENT freed 434K, 7% free 10188K/10887K, paused 2ms+2ms
07-26 04:31:06.458   342   342 D SAN_SERVICE: *******************************************
07-26 04:31:06.458   342   342 D SAN_SERVICE: DM App Phone Service State - 0
07-26 04:31:06.458   342   342 D SAN_SERVICE: *******************************************
07-26 04:31:15.099   342   342 D SAN_SERVICE: *******************************************
07-26 04:31:15.099   342   342 D SAN_SERVICE: DM App Phone Service State - 0
07-26 04:31:15.099   342   342 D SAN_SERVICE: *******************************************
07-26 04:31:47.497   342   342 D SAN_SERVICE: *******************************************
07-26 04:31:47.497   342   342 D SAN_SERVICE: DM App Phone Service State - 0
07-26 04:31:47.497   342   342 D SAN_SERVICE: *******************************************
07-26 04:31:48.235   342   342 D SAN_SERVICE: *******************************************
07-26 04:31:48.235   342   342 D SAN_SERVICE: DM App Phone Service State - 0
07-26 04:31:48.235   342   342 D SAN_SERVICE: *******************************************
07-26 04:31:56.017   342   342 D SAN_SERVICE: *******************************************
07-26 04:31:56.017   342   342 D SAN_SERVICE: DM App Phone Service State - 0
07-26 04:31:56.017   342   342 D SAN_SERVICE: *******************************************
07-26 04:32:06.044 32201 32203 D dalvikvm: GC_CONCURRENT freed 512K, 6% free 10542K/11143K, paused 8ms+3ms
07-26 04:32:06.192   342   342 D SAN_SERVICE: *******************************************
07-26 04:32:06.192   342   342 D SAN_SERVICE: DM App Phone Service State - 0
07-26 04:32:06.192   342   342 D SAN_SERVICE: *******************************************
07-26 04:32:06.216 32767   303 D dalvikvm: GC_CONCURRENT freed 530K, 8% free 10098K/10887K, paused 2ms+2ms
07-26 04:32:16.466   342   342 D SAN_SERVICE: *******************************************
07-26 04:32:16.466   342   342 D SAN_SERVICE: DM App Phone Service State - 0
07-26 04:32:16.466   342   342 D SAN_SERVICE: *******************************************
07-26 04:32:21.911   342   342 D SAN_SERVICE: *******************************************
07-26 04:32:21.911   342   342 D SAN_SERVICE: DM App Phone Service State - 0
07-26 04:32:21.911   342   342 D SAN_SERVICE: *******************************************
07-26 04:32:22.458   342   342 D SAN_SERVICE: *******************************************
07-26 04:32:22.458   342   342 D SAN_SERVICE: DM App Phone Service State - 0
07-26 04:32:22.458   342   342 D SAN_SERVICE: *******************************************
07-26 04:32:22.942   342   342 D SAN_SERVICE: *******************************************
07-26 04:32:22.942   342   342 D SAN_SERVICE: DM App Phone Service State - 0
07-26 04:32:22.942   342   342 D SAN_SERVICE: *******************************************
07-26 04:32:54.591 32573 32586 I PhoneLab-: Service Running
07-26 04:32:54.681 32573 32586 I PhoneLab-LoggerService: app_37    1300  1     1440   1000  c00f181c 400107b4 S logcat
07-26 04:32:54.681 32573 32586 I PhoneLab-LoggerService: Logcat pid from database 1300
07-26 04:32:54.681 32573 32586 I PhoneLab-LoggerService: Logcat process found 1300
07-26 04:32:54.681 32573 32586 I PhoneLab-LoggerService: Checking Threshold
07-26 04:32:59.950   808   935 D GetStringObjTask: retrieving from url = http://www.chess.com/api/get_move_status?id=5HHjW9WUGa%2Bcu1LUwnVJPxTIWxmEve4VdkRnRyg7b5Ch69JH2Z5aB%2B7eGuFw8K2uFx47KFsdE3JRdR3Mzv0PkZOj6eZ8N73BvxmEERrzXjMNRo80rkLyJAUTh0iqof4n
07-26 04:33:00.357   808   935 D GetStringObjTask: WebRequest SERVER RESPONSE: Success+0
07-26 04:33:04.958   145   199 D DhcpInfoInternal: makeLinkProperties with empty dns2!
07-26 04:33:04.970   145   199 D DhcpInfoInternal: makeLinkProperties with empty dns2!
07-26 04:33:06.142 32201 32203 D dalvikvm: GC_CONCURRENT freed 416K, 6% free 10543K/11143K, paused 4ms+8ms
07-26 04:33:33.278   342   342 D SAN_SERVICE: *******************************************
07-26 04:33:33.278   342   342 D SAN_SERVICE: DM App Phone Service State - 0
07-26 04:33:33.278   342   342 D SAN_SERVICE: *******************************************
07-26 04:33:33.517   342   342 D SAN_SERVICE: *******************************************
07-26 04:33:33.517   342   342 D SAN_SERVICE: DM App Phone Service State - 0
07-26 04:33:33.517   342   342 D SAN_SERVICE: *******************************************
07-26 04:33:33.771   342   342 D SAN_SERVICE: *******************************************
07-26 04:33:33.771   342   342 D SAN_SERVICE: DM App Phone Service State - 0
07-26 04:33:33.771   342   342 D SAN_SERVICE: *******************************************
07-26 04:33:33.810   342   345 D dalvikvm: GC_CONCURRENT freed 833K, 9% free 11876K/12935K, paused 7ms+2ms
07-26 04:33:34.302   342   342 D SAN_SERVICE: *******************************************
07-26 04:33:34.302   342   342 D SAN_SERVICE: DM App Phone Service State - 0
07-26 04:33:34.302   342   342 D SAN_SERVICE: *******************************************
07-26 04:33:43.521   342   342 D SAN_SERVICE: *******************************************
07-26 04:33:43.521   342   342 D SAN_SERVICE: DM App Phone Service State - 0
07-26 04:33:43.521   342   342 D SAN_SERVICE: *******************************************
07-26 04:33:44.040   342   342 D SAN_SERVICE: *******************************************
07-26 04:33:44.040   342   342 D SAN_SERVICE: DM App Phone Service State - 0
07-26 04:33:44.040   342   342 D SAN_SERVICE: *******************************************
07-26 04:33:50.345   342   342 D SAN_SERVICE: *******************************************
07-26 04:33:50.345   342   342 D SAN_SERVICE: DM App Phone Service State - 0
07-26 04:33:50.345   342   342 D SAN_SERVICE: *******************************************
07-26 04:33:53.329 31737   957 I EventLogService: Aggregate from 1343289833146 (log), 1343289833146 (data)
07-26 04:33:53.364 31737 31740 D dalvikvm: GC_CONCURRENT freed 379K, 5% free 10117K/10631K, paused 11ms+5ms
07-26 04:34:06.181 32201 32203 D dalvikvm: GC_CONCURRENT freed 444K, 6% free 10558K/11143K, paused 2ms+2ms
07-26 04:34:06.185 32767   303 D dalvikvm: GC_CONCURRENT freed 491K, 8% free 10096K/10887K, paused 11ms+3ms
07-26 04:34:14.247   342   342 D SAN_SERVICE: *******************************************
07-26 04:34:14.247   342   342 D SAN_SERVICE: DM App Phone Service State - 0
07-26 04:34:14.247   342   342 D SAN_SERVICE: *******************************************
07-26 04:34:14.513   342   342 D SAN_SERVICE: *******************************************
07-26 04:34:14.513   342   342 D SAN_SERVICE: DM App Phone Service State - 0
07-26 04:34:14.513   342   342 D SAN_SERVICE: *******************************************
07-26 04:34:50.099   342   342 D SAN_SERVICE: *******************************************
07-26 04:34:50.099   342   342 D SAN_SERVICE: DM App Phone Service State - 0
07-26 04:34:50.107   342   342 D SAN_SERVICE: *******************************************
07-26 04:34:50.349   342   342 D SAN_SERVICE: *******************************************
07-26 04:34:50.349   342   342 D SAN_SERVICE: DM App Phone Service State - 0
07-26 04:34:50.349   342   342 D SAN_SERVICE: *******************************************
07-26 04:34:50.599   342   342 D SAN_SERVICE: *******************************************
07-26 04:34:50.599   342   342 D SAN_SERVICE: DM App Phone Service State - 0
07-26 04:34:50.599   342   342 D SAN_SERVICE: *******************************************
07-26 04:34:54.591 32573 32586 I PhoneLab-: Service Running
07-26 04:34:54.685 32573 32586 I PhoneLab-LoggerService: app_37    1300  1     1440   1000  c00f181c 400107b4 S logcat
07-26 04:34:54.685 32573 32586 I PhoneLab-LoggerService: Logcat pid from database 1300
07-26 04:34:54.689 32573 32586 I PhoneLab-LoggerService: Logcat process found 1300
07-26 04:34:54.689 32573 32586 I PhoneLab-LoggerService: Checking Threshold
07-26 04:35:06.247 32573 32576 D dalvikvm: GC_CONCURRENT freed 428K, 14% free 9103K/10567K, paused 35ms+2ms
07-26 04:35:06.278 32767   303 D dalvikvm: GC_CONCURRENT freed 406K, 7% free 10134K/10887K, paused 2ms+2ms
07-26 04:35:18.274   892   894 D dalvikvm: GC_CONCURRENT freed 1413K, 13% free 11357K/12935K, paused 4ms+5ms
07-26 04:35:18.399   892   894 D dalvikvm: GC_CONCURRENT freed 279K, 10% free 11736K/12935K, paused 2ms+3ms
07-26 04:35:19.489   892   894 D dalvikvm: GC_CONCURRENT freed 1298K, 13% free 11269K/12935K, paused 2ms+4ms
07-26 04:35:20.821   342   342 D SAN_SERVICE: *******************************************
07-26 04:35:20.821   342   342 D SAN_SERVICE: DM App Phone Service State - 0
07-26 04:35:20.821   342   342 D SAN_SERVICE: *******************************************
07-26 04:35:21.067   342   342 D SAN_SERVICE: *******************************************
07-26 04:35:21.067   342   342 D SAN_SERVICE: DM App Phone Service State - 0
07-26 04:35:21.067   342   342 D SAN_SERVICE: *******************************************
07-26 04:35:21.638   145   363 D dalvikvm: GC_EXPLICIT freed 1595K, 19% free 19206K/23495K, paused 25ms+9ms
07-26 04:35:21.685   342   342 D SAN_SERVICE: *******************************************
07-26 04:35:21.685   342   342 D SAN_SERVICE: DM App Phone Service State - 0
07-26 04:35:21.685   342   342 D SAN_SERVICE: *******************************************
07-26 04:35:29.829   145   199 D DhcpInfoInternal: makeLinkProperties with empty dns2!
07-26 04:35:29.841   145   199 D DhcpInfoInternal: makeLinkProperties with empty dns2!
07-26 04:35:53.251   342   342 D SAN_SERVICE: *******************************************
07-26 04:35:53.251   342   342 D SAN_SERVICE: DM App Phone Service State - 0
07-26 04:35:53.251   342   342 D SAN_SERVICE: *******************************************
07-26 04:35:54.001   342   342 D SAN_SERVICE: *******************************************
07-26 04:35:54.001   342   342 D SAN_SERVICE: DM App Phone Service State - 0
07-26 04:35:54.001   342   342 D SAN_SERVICE: *******************************************
07-26 04:36:00.067   215   217 D dalvikvm: GC_CONCURRENT freed 262K, 31% free 9921K/14215K, paused 8ms+3ms
07-26 04:36:01.802   342   342 D SAN_SERVICE: *******************************************
07-26 04:36:01.802   342   342 D SAN_SERVICE: DM App Phone Service State - 0
07-26 04:36:01.802   342   342 D SAN_SERVICE: *******************************************
07-26 04:36:06.267 32201 32203 D dalvikvm: GC_CONCURRENT freed 504K, 6% free 10561K/11143K, paused 1ms+2ms
07-26 04:36:06.392 32767   303 D dalvikvm: GC_CONCURRENT freed 478K, 7% free 10167K/10887K, paused 1ms+3ms
07-26 04:36:17.149   342   342 D SAN_SERVICE: *******************************************
07-26 04:36:17.149   342   342 D SAN_SERVICE: DM App Phone Service State - 0
07-26 04:36:17.149   342   342 D SAN_SERVICE: *******************************************
07-26 04:36:17.403   342   342 D SAN_SERVICE: *******************************************
07-26 04:36:17.403   342   342 D SAN_SERVICE: DM App Phone Service State - 0
07-26 04:36:17.403   342   342 D SAN_SERVICE: *******************************************
07-26 04:36:17.903   342   342 D SAN_SERVICE: *******************************************
07-26 04:36:17.903   342   342 D SAN_SERVICE: DM App Phone Service State - 0
07-26 04:36:17.903   342   342 D SAN_SERVICE: *******************************************
07-26 04:36:42.743   342   342 D SAN_SERVICE: *******************************************
07-26 04:36:42.743   342   342 D SAN_SERVICE: DM App Phone Service State - 0
07-26 04:36:42.743   342   342 D SAN_SERVICE: *******************************************
07-26 04:36:53.028   342   342 D SAN_SERVICE: *******************************************
07-26 04:36:53.028   342   342 D SAN_SERVICE: DM App Phone Service State - 0
07-26 04:36:53.028   342   342 D SAN_SERVICE: *******************************************
07-26 04:36:54.591 32573 32586 I PhoneLab-: Service Running
07-26 04:36:54.661 32573 32586 I PhoneLab-LoggerService: app_37    1300  1     1440   1000  c00f181c 400107b4 S logcat
07-26 04:36:54.661 32573 32586 I PhoneLab-LoggerService: Logcat pid from database 1300
07-26 04:36:54.661 32573 32586 I PhoneLab-LoggerService: Logcat process found 1300
07-26 04:36:54.665 32573 32586 I PhoneLab-LoggerService: Checking Threshold
07-26 04:37:03.239   342   342 D SAN_SERVICE: *******************************************
07-26 04:37:03.243   342   342 D SAN_SERVICE: DM App Phone Service State - 0
07-26 04:37:03.243   342   342 D SAN_SERVICE: *******************************************
07-26 04:37:03.458   342   342 D SAN_SERVICE: *******************************************
07-26 04:37:03.458   342   342 D SAN_SERVICE: DM App Phone Service State - 0
07-26 04:37:03.458   342   342 D SAN_SERVICE: *******************************************
07-26 04:37:04.212   342   342 D SAN_SERVICE: *******************************************
07-26 04:37:04.212   342   342 D SAN_SERVICE: DM App Phone Service State - 0
07-26 04:37:04.212   342   342 D SAN_SERVICE: *******************************************
07-26 04:37:06.403 32767   303 D dalvikvm: GC_CONCURRENT freed 522K, 8% free 10096K/10887K, paused 2ms+2ms
07-26 04:37:15.169   342   342 D SAN_SERVICE: *******************************************
07-26 04:37:15.169   342   342 D SAN_SERVICE: DM App Phone Service State - 0
07-26 04:37:15.169   342   342 D SAN_SERVICE: *******************************************
07-26 04:37:15.923   342   342 D SAN_SERVICE: *******************************************
07-26 04:37:15.923   342   342 D SAN_SERVICE: DM App Phone Service State - 0
07-26 04:37:15.923   342   342 D SAN_SERVICE: *******************************************
07-26 04:37:28.810   342   342 D SAN_SERVICE: *******************************************
07-26 04:37:28.810   342   342 D SAN_SERVICE: DM App Phone Service State - 0
07-26 04:37:28.810   342   342 D SAN_SERVICE: *******************************************
07-26 04:37:29.571   342   342 D SAN_SERVICE: *******************************************
07-26 04:37:29.571   342   342 D SAN_SERVICE: DM App Phone Service State - 0
07-26 04:37:29.571   342   342 D SAN_SERVICE: *******************************************
07-26 04:37:54.497   145   199 D DhcpInfoInternal: makeLinkProperties with empty dns2!
07-26 04:37:54.497   145   199 D DhcpInfoInternal: makeLinkProperties with empty dns2!
07-26 04:37:59.931   808  1008 D GetStringObjTask: retrieving from url = http://www.chess.com/api/get_move_status?id=5HHjW9WUGa%2Bcu1LUwnVJPxTIWxmEve4VdkRnRyg7b5Ch69JH2Z5aB%2B7eGuFw8K2uFx47KFsdE3JRdR3Mzv0PkZOj6eZ8N73BvxmEERrzXjMNRo80rkLyJAUTh0iqof4n
07-26 04:38:00.341   808  1008 D GetStringObjTask: WebRequest SERVER RESPONSE: Success+0
07-26 04:38:06.407 32201 32203 D dalvikvm: GC_CONCURRENT freed 566K, 6% free 10563K/11207K, paused 2ms+3ms
07-26 04:38:45.638   342   342 D SAN_SERVICE: *******************************************
07-26 04:38:45.638   342   342 D SAN_SERVICE: DM App Phone Service State - 0
07-26 04:38:45.638   342   342 D SAN_SERVICE: *******************************************
07-26 04:38:45.864   342   342 D SAN_SERVICE: *******************************************
07-26 04:38:45.864   342   342 D SAN_SERVICE: DM App Phone Service State - 0
07-26 04:38:45.864   342   342 D SAN_SERVICE: *******************************************
07-26 04:38:54.591 32573 32586 I PhoneLab-: Service Running
07-26 04:38:54.653 32573 32586 I PhoneLab-LoggerService: app_37    1300  1     1440   1000  c00f181c 400107b4 S logcat
07-26 04:38:54.657 32573 32586 I PhoneLab-LoggerService: Logcat pid from database 1300
07-26 04:38:54.657 32573 32586 I PhoneLab-LoggerService: Logcat process found 1300
07-26 04:38:54.657 32573 32586 I PhoneLab-LoggerService: Checking Threshold
07-26 04:39:01.005   342   342 D SAN_SERVICE: *******************************************
07-26 04:39:01.005   342   342 D SAN_SERVICE: DM App Phone Service State - 0
07-26 04:39:01.005   342   342 D SAN_SERVICE: *******************************************
07-26 04:39:01.747   342   342 D SAN_SERVICE: *******************************************
07-26 04:39:01.747   342   342 D SAN_SERVICE: DM App Phone Service State - 0
07-26 04:39:01.747   342   342 D SAN_SERVICE: *******************************************
07-26 04:39:06.462 32767   303 D dalvikvm: GC_CONCURRENT freed 495K, 8% free 10092K/10887K, paused 10ms+2ms
07-26 04:39:31.724   342   342 D SAN_SERVICE: *******************************************
07-26 04:39:31.724   342   342 D SAN_SERVICE: DM App Phone Service State - 0
07-26 04:39:31.724   342   342 D SAN_SERVICE: *******************************************
07-26 04:39:32.454   342   342 D SAN_SERVICE: *******************************************
07-26 04:39:32.458   342   342 D SAN_SERVICE: DM App Phone Service State - 0
07-26 04:39:32.458   342   342 D SAN_SERVICE: *******************************************
07-26 04:39:41.927   342   342 D SAN_SERVICE: *******************************************
07-26 04:39:41.927   342   342 D SAN_SERVICE: DM App Phone Service State - 0
07-26 04:39:41.927   342   342 D SAN_SERVICE: *******************************************
07-26 04:39:42.423   342   342 D SAN_SERVICE: *******************************************
07-26 04:39:42.423   342   342 D SAN_SERVICE: DM App Phone Service State - 0
07-26 04:39:42.423   342   342 D SAN_SERVICE: *******************************************
07-26 04:39:42.665   342   342 D SAN_SERVICE: *******************************************
07-26 04:39:42.665   342   342 D SAN_SERVICE: DM App Phone Service State - 0
07-26 04:39:42.665   342   342 D SAN_SERVICE: *******************************************
07-26 04:39:42.743   342   342 D SAN_SERVICE: *******************************************
07-26 04:39:42.743   342   342 D SAN_SERVICE: DM App Phone Service State - 0
07-26 04:39:42.743   342   342 D SAN_SERVICE: *******************************************
07-26 04:39:50.532   145   174 I ActivityManager: Start proc com.google.android.maps.mytracks for service com.google.android.maps.mytracks/com.google.android.apps.mytracks.services.RemoveTempFilesService: pid=1014 uid=10072 gids={3002, 3001, 3003, 1015}
07-26 04:39:50.567   145   174 I ActivityManager: Start proc com.google.android.apps.plus for service com.google.android.apps.plus/.service.EsService: pid=1026 uid=10060 gids={3003, 3002, 1015, 1006}
07-26 04:39:50.716   145   430 I ActivityManager: Process com.google.android.apps.maps:NetworkLocationService (pid 32201) has died.
07-26 04:39:50.716   145   430 W ActivityManager: Scheduling restart of crashed service com.google.android.apps.maps/com.google.android.location.internal.server.NetworkLocationService in 5000ms
07-26 04:39:50.880  1014  1014 I ActivityThread: Pub com.google.android.maps.mytracks.search: com.google.android.apps.mytracks.content.SearchEngineProvider
07-26 04:39:50.896  1014  1014 I ActivityThread: Pub com.google.android.maps.mytracks: com.google.android.apps.mytracks.content.MyTracksProvider
07-26 04:39:51.091  1014  1014 D MyTracks: Enabling strict mode
07-26 04:39:51.200 30986 31050 W chromium: [WARNING:sync_notifier_impl_android.cc(70)] Could not get invalidation model type; invalidating enabled types: Bookmarks, Typed URLs, Encryption keys, Sessions
07-26 04:39:51.251  1026  1030 D dalvikvm: GC_CONCURRENT freed 166K, 3% free 9369K/9607K, paused 20ms+2ms
07-26 04:39:51.271   145   161 I Process : Sending signal. PID: 30986 SIG: 3
07-26 04:39:51.271 30986 30991 I dalvikvm: threadid=3: reacting to signal 3
07-26 04:39:51.442  1014  1016 D dalvikvm: GC_CONCURRENT freed 331K, 5% free 9189K/9607K, paused 2ms+2ms
07-26 04:39:51.517  1026  1026 I ActivityThread: Pub com.google.android.apps.plus.content.ApiProvider: com.google.android.apps.plus.content.EsApiProvider
07-26 04:39:51.528   145   161 W ActivityManager: Activity pause timeout for ActivityRecord{4133e048 com.android.chrome/com.google.android.apps.chrome.Main}
07-26 04:39:51.540  1026  1026 I ActivityThread: Pub com.google.android.apps.plus.content.EsGooglePhotoProvider: com.google.android.picasasync.PicasaContentProvider
07-26 04:39:51.614 30986 30991 I dalvikvm: Wrote stack traces to '/data/anr/traces.txt'
07-26 04:39:51.669   145   161 I Process : Sending signal. PID: 30986 SIG: 3
07-26 04:39:51.669 30986 30991 I dalvikvm: threadid=3: reacting to signal 3
07-26 04:39:51.732 30986 30991 I dalvikvm: Wrote stack traces to '/data/anr/traces.txt'
07-26 04:39:51.743   145   161 I Process : Sending signal. PID: 30986 SIG: 3
07-26 04:39:51.743 30986 30991 I dalvikvm: threadid=3: reacting to signal 3
07-26 04:39:51.743  1026  1030 D dalvikvm: GC_CONCURRENT freed 314K, 4% free 9602K/9991K, paused 16ms+6ms
07-26 04:39:51.771 30986 30991 I dalvikvm: Wrote stack traces to '/data/anr/traces.txt'
07-26 04:39:51.825  1014  1014 D StrictMode: StrictMode policy violation; ~duration=479 ms: android.os.StrictMode$StrictModeDiskWriteViolation: policy=21 violation=1
07-26 04:39:51.825  1014  1014 D StrictMode: 	at android.os.StrictMode$AndroidBlockGuardPolicy.onWriteToDisk(StrictMode.java:1063)
07-26 04:39:51.825  1014  1014 D StrictMode: 	at android.database.sqlite.SQLiteStatement.acquireAndLock(SQLiteStatement.java:226)
07-26 04:39:51.825  1014  1014 D StrictMode: 	at android.database.sqlite.SQLiteStatement.executeUpdateDelete(SQLiteStatement.java:84)
07-26 04:39:51.825  1014  1014 D StrictMode: 	at android.database.sqlite.SQLiteDatabase.executeSql(SQLiteDatabase.java:1899)
07-26 04:39:51.825  1014  1014 D StrictMode: 	at android.database.sqlite.SQLiteDatabase.execSQL(SQLiteDatabase.java:1839)
07-26 04:39:51.825  1014  1014 D StrictMode: 	at android.database.sqlite.SQLiteDatabase.setPageSize(SQLiteDatabase.java:1297)
07-26 04:39:51.825  1014  1014 D StrictMode: 	at android.database.sqlite.SQLiteDatabase.openDatabase(SQLiteDatabase.java:995)
07-26 04:39:51.825  1014  1014 D StrictMode: 	at android.database.sqlite.SQLiteDatabase.openOrCreateDatabase(SQLiteDatabase.java:1051)
07-26 04:39:51.825  1014  1014 D StrictMode: 	at android.app.ContextImpl.openOrCreateDatabase(ContextImpl.java:770)
07-26 04:39:51.825  1014  1014 D StrictMode: 	at android.content.ContextWrapper.openOrCreateDatabase(ContextWrapper.java:221)
07-26 04:39:51.825  1014  1014 D StrictMode: 	at android.database.sqlite.SQLiteOpenHelper.getWritableDatabase(SQLiteOpenHelper.java:157)
07-26 04:39:51.825  1014  1014 D StrictMode: 	at com.google.android.apps.analytics.v.<init>(Unknown Source)
07-26 04:39:51.825  1014  1014 D StrictMode: 	at com.google.android.apps.analytics.v.<init>(Unknown Source)
07-26 04:39:51.825  1014  1014 D StrictMode: 	at com.google.android.apps.analytics.i.a(Unknown Source)
07-26 04:39:51.825  1014  1014 D StrictMode: 	at com.google.android.apps.mytracks.b.a.a(MT:43)
07-26 04:39:51.825  1014  1014 D StrictMode: 	at com.google.android.apps.mytracks.MyTracksApplication.onCreate(MT:42)
07-26 04:39:51.825  1014  1014 D StrictMode: 	at android.app.Instrumentation.callApplicationOnCreate(Instrumentation.java:969)
07-26 04:39:51.825  1014  1014 D StrictMode: 	at android.app.ActivityThread.handleBindApplication(ActivityThread.java:3954)
07-26 04:39:51.825  1014  1014 D StrictMode: 	at android.app.ActivityThread.access$1300(ActivityThread.java:123)
07-26 04:39:51.825  1014  1014 D StrictMode: 	at android.app.ActivityThread$H.handleMessage(ActivityThread.java:1185)
07-26 04:39:51.825  1014  1014 D StrictMode: 	at android.os.Handler.dispatchMessage(Handler.java:99)
07-26 04:39:51.825  1014  1014 D StrictMode: 	at android.os.Looper.loop(Looper.java:137)
07-26 04:39:51.825  1014  1014 D StrictMode: 	at android.app.ActivityThread.main(ActivityThread.java:4424)
07-26 04:39:51.825  1014  1014 D StrictMode: 	at java.lang.reflect.Method.invokeNative(Native Method)
07-26 04:39:51.825  1014  1014 D StrictMode: 	at java.lang.reflect.Method.invoke(Method.java:511)
07-26 04:39:51.825  1014  1014 D StrictMode: 	at com.android.internal.os.ZygoteInit$MethodAndArgsCaller.run(ZygoteInit.java:784)
07-26 04:39:51.825  1014  1014 D StrictMode: 	at com.android.internal.os.ZygoteInit.main(ZygoteInit.java:551)
07-26 04:39:51.825  1014  1014 D StrictMode: 	at dalvik.system.NativeStart.main(Native Method)
07-26 04:39:51.825  1014  1014 D StrictMode: StrictMode policy violation; ~duration=451 ms: android.os.StrictMode$StrictModeDiskWriteViolation: policy=21 violation=1
07-26 04:39:51.825  1014  1014 D StrictMode: 	at android.os.StrictMode$AndroidBlockGuardPolicy.onWriteToDisk(StrictMode.java:1063)
07-26 04:39:51.825  1014  1014 D StrictMode: 	at android.database.sqlite.SQLiteStatement.acquireAndLock(SQLiteStatement.java:226)
07-26 04:39:51.825  1014  1014 D StrictMode: 	at android.database.sqlite.SQLiteStatement.executeUpdateDelete(SQLiteStatement.java:84)
07-26 04:39:51.825  1014  1014 D StrictMode: 	at android.database.sqlite.SQLiteDatabase.executeSql(SQLiteDatabase.java:1899)
07-26 04:39:51.825  1014  1014 D StrictMode: 	at android.database.sqlite.SQLiteDatabase.execSQL(SQLiteDatabase.java:1839)
07-26 04:39:51.825  1014  1014 D StrictMode: 	at android.database.sqlite.SQLiteDatabase.beginTransaction(SQLiteDatabase.java:659)
07-26 04:39:51.825  1014  1014 D StrictMode: 	at android.database.sqlite.SQLiteDatabase.beginTransaction(SQLiteDatabase.java:552)
07-26 04:39:51.825  1014  1014 D StrictMode: 	at com.google.android.apps.analytics.v.a(Unknown Source)
07-26 04:39:51.825  1014  1014 D StrictMode: 	at com.google.android.apps.analytics.i.a(Unknown Source)
07-26 04:39:51.825  1014  1014 D StrictMode: 	at com.google.android.apps.mytracks.b.a.a(MT:45)
07-26 04:39:51.825  1014  1014 D StrictMode: 	at com.google.android.apps.mytracks.MyTracksApplication.onCreate(MT:42)
07-26 04:39:51.825  1014  1014 D StrictMode: 	at android.app.Instrumentation.callApplicationOnCreate(Instrumentation.java:969)
07-26 04:39:51.825  1014  1014 D StrictMode: 	at android.app.ActivityThread.handleBindApplication(ActivityThread.java:3954)
07-26 04:39:51.825  1014  1014 D StrictMode: 	at android.app.ActivityThread.access$1300(ActivityThread.java:123)
07-26 04:39:51.825  1014  1014 D StrictMode: 	at android.app.ActivityThread$H.handleMessage(ActivityThread.java:1185)
07-26 04:39:51.825  1014  1014 D StrictMode: 	at android.os.Handler.dispatchMessage(Handler.java:99)
07-26 04:39:51.825  1014  1014 D StrictMode: 	at android.os.Looper.loop(Looper.java:137)
07-26 04:39:51.825  1014  1014 D StrictMode: 	at android.app.ActivityThread.main(ActivityThread.java:4424)
07-26 04:39:51.825  1014  1014 D StrictMode: 	at java.lang.reflect.Method.invokeNative(Native Method)
07-26 04:39:51.825  1014  1014 D StrictMode: 	at java.lang.reflect.Method.invoke(Method.java:511)
07-26 04:39:51.825  1014  1014 D StrictMode: 	at com.android.internal.os.ZygoteInit$MethodAndArgsCaller.run(ZygoteInit.java:784)
07-26 04:39:51.825  1014  1014 D StrictMode: 	at com.android.internal.os.ZygoteInit.main(ZygoteInit.java:551)
07-26 04:39:51.825  1014  1014 D StrictMode: 	at dalvik.system.NativeStart.main(Native Method)
07-26 04:39:51.825  1014  1014 D StrictMode: StrictMode policy violation; ~duration=445 ms: android.os.StrictMode$StrictModeDiskWriteViolation: policy=21 violation=1
07-26 04:39:51.825  1014  1014 D StrictMode: 	at android.os.StrictMode$AndroidBlockGuardPolicy.onWriteToDisk(StrictMode.java:1063)
07-26 04:39:51.825  1014  1014 D StrictMode: 	at android.database.sqlite.SQLiteStatement.acquireAndLock(SQLiteStatement.java:226)
07-26 04:39:51.825  1014  1014 D StrictMode: 	at android.database.sqlite.SQLiteStatement.executeUpdateDelete(SQLiteStatement.java:84)
07-26 04:39:51.825  1014  1014 D StrictMode: 	at android.database.sqlite.SQLiteDatabase.delete(SQLiteDatabase.java:1741)
07-26 04:39:51.825  1014  1014 D StrictMode: 	at com.google.android.apps.analytics.v.a(Unknown Source)
07-26 04:39:51.825  1014  1014 D StrictMode: 	at com.google.android.apps.analytics.i.a(Unknown Source)
07-26 04:39:51.825  1014  1014 D StrictMode: 	at com.google.android.apps.mytracks.b.a.a(MT:45)
07-26 04:39:51.825  1014  1014 D StrictMode: 	at com.google.android.apps.mytracks.MyTracksApplication.onCreate(MT:42)
07-26 04:39:51.825  1014  1014 D StrictMode: 	at android.app.Instrumentation.callApplicationOnCreate(Instrumentation.java:969)
07-26 04:39:51.825  1014  1014 D StrictMode: 	at android.app.ActivityThread.handleBindApplication(ActivityThread.java:3954)
07-26 04:39:51.825  1014  1014 D StrictMode: 	at android.app.ActivityThread.access$1300(ActivityThread.java:123)
07-26 04:39:51.825  1014  1014 D StrictMode: 	at android.app.ActivityThread$H.handleMessage(ActivityThread.java:1185)
07-26 04:39:51.825  1014  1014 D StrictMode: 	at android.os.Handler.dispatchMessage(Handler.java:99)
07-26 04:39:51.825  1014  1014 D StrictMode: 	at android.os.Looper.loop(Looper.java:137)
07-26 04:39:51.825  1014  1014 D StrictMode: 	at android.app.ActivityThread.main(ActivityThread.java:4424)
07-26 04:39:51.825  1014  1014 D StrictMode: 	at java.lang.reflect.Method.invokeNative(Native Method)
07-26 04:39:51.825  1014  1014 D StrictMode: 	at java.lang.reflect.Method.invoke(Method.java:511)
07-26 04:39:51.825  1014  1014 D StrictMode: 	at com.android.internal.os.ZygoteInit$MethodAndArgsCaller.run(ZygoteInit.java:784)
07-26 04:39:51.825  1014  1014 D StrictMode: 	at com.android.internal.os.ZygoteInit.main(ZygoteInit.java:551)
07-26 04:39:51.825  1014  1014 D StrictMode: 	at dalvik.system.NativeStart.main(Native Method)
07-26 04:39:51.825  1014  1014 D StrictMode: StrictMode policy violation; ~duration=437 ms: android.os.StrictMode$StrictModeDiskWriteViolation: policy=21 violation=1
07-26 04:39:51.825  1014  1014 D StrictMode: 	at android.os.StrictMode$AndroidBlockGuardPolicy.onWriteToDisk(StrictMode.java:1063)
07-26 04:39:51.825  1014  1014 D StrictMode: 	at android.database.sqlite.SQLiteStatement.acquireAndLock(SQLiteStatement.java:226)
07-26 04:39:51.825  1014  1014 D StrictMode: 	at android.database.sqlite.SQLiteStatement.executeInsert(SQLiteStatement.java:112)
07-26 04:39:51.825  1014  1014 D StrictMode: 	at android.database.sqlite.SQLiteDatabase.insertWithOnConflict(SQLiteDatabase.java:1718)
07-26 04:39:51.825  1014  1014 D StrictMode: 	at android.database.sqlite.SQLiteDatabase.insert(SQLiteDatabase.java:1591)
07-26 04:39:51.825  1014  1014 D StrictMode: 	at com.google.android.apps.analytics.v.a(Unknown Source)
07-26 04:39:51.825  1014  1014 D StrictMode: 	at com.google.android.apps.analytics.i.a(Unknown Source)
07-26 04:39:51.825  1014  1014 D StrictMode: 	at com.google.android.apps.mytracks.b.a.a(MT:45)
07-26 04:39:51.825  1014  1014 D StrictMode: 	at com.google.android.apps.mytracks.MyTracksApplication.onCreate(MT:42)
07-26 04:39:51.825  1014  1014 D StrictMode: 	at android.app.Instrumentation.callApplicationOnCreate(Instrumentation.java:969)
07-26 04:39:51.825  1014  1014 D StrictMode: 	at android.app.ActivityThread.handleBindApplication(ActivityThread.java:3954)
07-26 04:39:51.825  1014  1014 D StrictMode: 	at android.app.ActivityThread.access$1300(ActivityThread.java:123)
07-26 04:39:51.825  1014  1014 D StrictMode: 	at android.app.ActivityThread$H.handleMessage(ActivityThread.java:1185)
07-26 04:39:51.825  1014  1014 D StrictMode: 	at android.os.Handler.dispatchMessage(Handler.java:99)
07-26 04:39:51.825  1014  1014 D StrictMode: 	at android.os.Looper.loop(Looper.java:137)
07-26 04:39:51.825  1014  1014 D StrictMode: 	at android.app.ActivityThread.main(ActivityThread.java:4424)
07-26 04:39:51.825  1014  1014 D StrictMode: 	at java.lang.reflect.Method.invokeNative(Native Method)
07-26 04:39:51.825  1014  1014 D StrictMode: 	at java.lang.reflect.Method.invoke(Method.java:511)
07-26 04:39:51.825  1014  1014 D StrictMode: 	at com.android.internal.os.ZygoteInit$MethodAndArgsCaller.run(ZygoteInit.java:784)
07-26 04:39:51.825  1014  1014 D StrictMode: 	at com.android.internal.os.ZygoteInit.main(ZygoteInit.java:551)
07-26 04:39:51.825  1014  1014 D StrictMode: 	at dalvik.system.NativeStart.main(Native Method)
07-26 04:39:51.825  1014  1014 D StrictMode: StrictMode policy violation; ~duration=413 ms: android.os.StrictMode$StrictModeDiskWriteViolation: policy=21 violation=1
07-26 04:39:51.825  1014  1014 D StrictMode: 	at android.os.StrictMode$AndroidBlockGuardPolicy.onWriteToDisk(StrictMode.java:1063)
07-26 04:39:51.825  1014  1014 D StrictMode: 	at android.database.sqlite.SQLiteStatement.acquireAndLock(SQLiteStatement.java:226)
07-26 04:39:51.825  1014  1014 D StrictMode: 	at android.database.sqlite.SQLiteStatement.executeInsert(SQLiteStatement.java:112)
07-26 04:39:51.825  1014  1014 D StrictMode: 	at android.database.sqlite.SQLiteDatabase.insertWithOnConflict(SQLiteDatabase.java:1718)
07-26 04:39:51.825  1014  1014 D StrictMode: 	at android.database.sqlite.SQLiteDatabase.insert(SQLiteDatabase.java:1591)
07-26 04:39:51.825  1014  1014 D StrictMode: 	at com.google.android.apps.analytics.v.a(Unknown Source)
07-26 04:39:51.825  1014  1014 D StrictMode: 	at com.google.android.apps.analytics.v.a(Unknown Source)
07-26 04:39:51.825  1014  1014 D StrictMode: 	at com.google.android.apps.analytics.v.a(Unknown Source)
07-26 04:39:51.825  1014  1014 D StrictMode: 	at com.google.android.apps.analytics.i.a(Unknown Source)
07-26 04:39:51.825  1014  1014 D StrictMode: 	at com.google.android.apps.mytracks.b.a.a(MT:45)
07-26 04:39:51.825  1014  1014 D StrictMode: 	at com.google.android.apps.mytracks.MyTracksApplication.onCreate(MT:42)
07-26 04:39:51.825  1014  1014 D StrictMode: 	at android.app.Instrumentation.callApplicationOnCreate(Instrumentation.java:969)
07-26 04:39:51.825  1014  1014 D StrictMode: 	at android.app.ActivityThread.handleBindApplication(ActivityThread.java:3954)
07-26 04:39:51.825  1014  1014 D StrictMode: 	at android.app.ActivityThread.access$1300(ActivityThread.java:123)
07-26 04:39:51.825  1014  1014 D StrictMode: 	at android.app.ActivityThread$H.handleMessage(ActivityThread.java:1185)
07-26 04:39:51.825  1014  1014 D StrictMode: 	at android.os.Handler.dispatchMessage(Handler.java:99)
07-26 04:39:51.825  1014  1014 D StrictMode: 	at android.os.Looper.loop(Looper.java:137)
07-26 04:39:51.825  1014  1014 D StrictMode: 	at android.app.ActivityThread.main(ActivityThread.java:4424)
07-26 04:39:51.825  1014  1014 D StrictMode: 	at java.lang.reflect.Method.invokeNative(Native Method)
07-26 04:39:51.825  1014  1014 D StrictMode: 	at java.lang.reflect.Method.invoke(Method.java:511)
07-26 04:39:51.825  1014  1014 D StrictMode: 	at com.android.internal.os.ZygoteInit$MethodAndArgsCaller.run(ZygoteInit.java:784)
07-26 04:39:51.825  1014  1014 D StrictMode: 	at com.android.internal.os.ZygoteInit.main(ZygoteInit.java:551)
07-26 04:39:51.825  1014  1014 D StrictMode: 	at dalvik.system.NativeStart.main(Native Method)
07-26 04:39:51.825  1014  1014 D StrictMode: StrictMode policy violation; ~duration=404 ms: android.os.StrictMode$StrictModeDiskWriteViolation: policy=21 violation=1
07-26 04:39:51.825  1014  1014 D StrictMode: 	at android.os.StrictMode$AndroidBlockGuardPolicy.onWriteToDisk(StrictMode.java:1063)
07-26 04:39:51.825  1014  1014 D StrictMode: 	at android.database.sqlite.SQLiteStatement.acquireAndLock(SQLiteStatement.java:226)
07-26 04:39:51.825  1014  1014 D StrictMode: 	at android.database.sqlite.SQLiteStatement.executeUpdateDelete(SQLiteStatement.java:84)
07-26 04:39:51.825  1014  1014 D StrictMode: 	at android.database.sqlite.SQLiteDatabase.executeSql(SQLiteDatabase.java:1899)
07-26 04:39:51.825  1014  1014 D StrictMode: 	at android.database.sqlite.SQLiteDatabase.execSQL(SQLiteDatabase.java:1839)
07-26 04:39:51.825  1014  1014 D StrictMode: 	at android.database.sqlite.SQLiteDatabase.endTransaction(SQLiteDatabase.java:714)
07-26 04:39:51.825  1014  1014 D StrictMode: 	at com.google.android.apps.analytics.v.d(Unknown Source)
07-26 04:39:51.825  1014  1014 D StrictMode: 	at com.google.android.apps.analytics.v.a(Unknown Source)
07-26 04:39:51.825  1014  1014 D StrictMode: 	at com.google.android.apps.analytics.i.a(Unknown Source)
07-26 04:39:51.825  1014  1014 D StrictMode: 	at com.google.android.apps.mytracks.b.a.a(MT:45)
07-26 04:39:51.825  1014  1014 D StrictMode: 	at com.google.android.apps.mytracks.MyTracksApplication.onCreate(MT:42)
07-26 04:39:51.825  1014  1014 D StrictMode: 	at android.app.Instrumentation.callApplicationOnCreate(Instrumentation.java:969)
07-26 04:39:51.825  1014  1014 D StrictMode: 	at android.app.ActivityThread.handleBindApplication(ActivityThread.java:3954)
07-26 04:39:51.825  1014  1014 D StrictMode: 	at android.app.ActivityThread.access$1300(ActivityThread.java:123)
07-26 04:39:51.825  1014  1014 D StrictMode: 	at android.app.ActivityThread$H.handleMessage(ActivityThread.java:1185)
07-26 04:39:51.825  1014  1014 D StrictMode: 	at android.os.Handler.dispatchMessage(Handler.java:99)
07-26 04:39:51.825  1014  1014 D StrictMode: 	at android.os.Looper.loop(Looper.java:137)
07-26 04:39:51.825  1014  1014 D StrictMode: 	at android.app.ActivityThread.main(ActivityThread.java:4424)
07-26 04:39:51.825  1014  1014 D StrictMode: 	at java.lang.reflect.Method.invokeNative(Native Method)
07-26 04:39:51.825  1014  1014 D StrictMode: 	at java.lang.reflect.Method.invoke(Method.java:511)
07-26 04:39:51.825  1014  1014 D StrictMode: 	at com.android.internal.os.ZygoteInit$MethodAndArgsCaller.run(ZygoteInit.java:784)
07-26 04:39:51.825  1014  1014 D StrictMode: 	at com.android.internal.os.ZygoteInit.main(ZygoteInit.java:551)
07-26 04:39:51.825  1014  1014 D StrictMode: 	at dalvik.system.NativeStart.main(Native Method)
07-26 04:39:51.837  1026  1026 I ActivityThread: Pub com.google.android.apps.plus.content.EsPicasaStoreProvider: com.google.android.picasastore.PicasaPhotoContentProvider
07-26 04:39:51.880  1026  1026 I ActivityThread: Pub com.google.plus.platform: com.google.android.apps.plus.content.AdsProvider
07-26 04:39:51.880  1026  1026 I ActivityThread: Pub com.google.android.apps.plus.iu.EsGoogleIuProvider: com.google.android.apps.plus.iu.InstantUploadProvider
07-26 04:39:52.021  1026  1030 D dalvikvm: GC_CONCURRENT freed 564K, 7% free 9609K/10247K, paused 2ms+7ms
07-26 04:39:52.024  1026  1026 I ActivityThread: Pub com.google.android.apps.plus.content.EsProvider: com.google.android.apps.plus.content.EsProvider
07-26 04:39:52.032   145   421 I ActivityManager: Start proc android.process.media for content provider com.android.providers.media/.MediaProvider: pid=1049 uid=10012 gids={1015, 1023, 1024, 2001, 3003, 3007}
07-26 04:39:52.099  1049  1049 I ActivityThread: Pub downloads: com.android.providers.downloads.DownloadProvider
07-26 04:39:52.107  1026  1026 D dalvikvm: GC_FOR_ALLOC freed 94K, 5% free 9745K/10247K, paused 32ms
07-26 04:39:52.142   342   342 D SAN_SERVICE: *******************************************
07-26 04:39:52.142   342   342 D SAN_SERVICE: DM App Phone Service State - 0
07-26 04:39:52.142   342   342 D SAN_SERVICE: *******************************************
07-26 04:39:52.189  1049  1049 I ActivityThread: Pub drm: com.android.providers.drm.DrmProvider
07-26 04:39:52.189  1049  1065 I DownloadManager: in removeSpuriousFiles
07-26 04:39:52.220  1049  1065 I DownloadManager: in removeSpuriousFiles, preserving file /data/data/com.android.providers.downloads/cache/metadata.json
07-26 04:39:52.220  1049  1065 I DownloadManager: in removeSpuriousFiles, preserving file /data/data/com.android.providers.downloads/cache/en_general.htm
07-26 04:39:52.220  1049  1065 I DownloadManager: in removeSpuriousFiles, preserving file /mnt/sdcard/Download/img-thing.jpeg
07-26 04:39:52.220  1049  1065 I DownloadManager: in removeSpuriousFiles, preserving file /data/data/com.android.providers.downloads/cache/metadata-1.json
07-26 04:39:52.220  1049  1065 I DownloadManager: in removeSpuriousFiles, preserving file /data/data/com.android.providers.downloads/cache/downloadfile.jpeg
07-26 04:39:52.220  1049  1065 I DownloadManager: in removeSpuriousFiles, preserving file /data/data/com.android.providers.downloads/cache/metadata-2.json
07-26 04:39:52.220  1049  1065 I DownloadManager: in removeSpuriousFiles, preserving file /data/data/com.android.providers.downloads/cache/metadata-3.json
07-26 04:39:52.220  1049  1065 I DownloadManager: in removeSpuriousFiles, preserving file /data/data/com.android.providers.downloads/cache/downloadfile-1.jpeg
07-26 04:39:52.220  1049  1065 I DownloadManager: in removeSpuriousFiles, preserving file /data/data/com.android.providers.downloads/cache/downloadfile-2.jpeg
07-26 04:39:52.220  1049  1065 I DownloadManager: in removeSpuriousFiles, preserving file /data/data/com.android.providers.downloads/cache/metadata-4.json
07-26 04:39:52.220  1049  1065 I DownloadManager: in removeSpuriousFiles, preserving file /data/data/com.android.providers.downloads/cache/metadata-5.json
07-26 04:39:52.220  1049  1065 I DownloadManager: in removeSpuriousFiles, preserving file /data/data/com.android.providers.downloads/cache/metadata-6.json
07-26 04:39:52.220  1049  1065 I DownloadManager: in removeSpuriousFiles, preserving file /data/data/com.android.providers.downloads/cache/metadata-7.json
07-26 04:39:52.220  1049  1065 I DownloadManager: in removeSpuriousFiles, preserving file /data/data/com.android.providers.downloads/cache/metadata-8.json
07-26 04:39:52.220  1049  1065 I DownloadManager: in removeSpuriousFiles, preserving file /data/data/com.android.providers.downloads/cache/downloadfile-3.jpeg
07-26 04:39:52.220  1049  1065 I DownloadManager: in removeSpuriousFiles, preserving file /data/data/com.android.providers.downloads/cache/downloadfile-4.jpeg
07-26 04:39:52.224  1049  1065 I DownloadManager: deleting spurious file /cache/backup
07-26 04:39:52.294  1049  1049 I ActivityThread: Pub media: com.android.providers.media.MediaProvider
07-26 04:39:52.403   342   342 D SAN_SERVICE: *******************************************
07-26 04:39:52.403   342   342 D SAN_SERVICE: DM App Phone Service State - 0
07-26 04:39:52.403   342   342 D SAN_SERVICE: *******************************************
07-26 04:39:52.634  1026  1030 D dalvikvm: GC_CONCURRENT freed 162K, 3% free 10019K/10311K, paused 62ms+4ms
07-26 04:39:52.665  1049  1050 D dalvikvm: GC_CONCURRENT freed 339K, 5% free 9196K/9607K, paused 3ms+7ms
07-26 04:39:52.724  1026  1048 D PicasaPhotoCP: set fsid first time:-1
07-26 04:39:52.782   145 21503 I ActivityManager: Process com.facebook.orca (pid 32742) has died.
07-26 04:39:52.782   145 21503 W ActivityManager: Scheduling restart of crashed service com.facebook.orca/.push.mqtt.MqttPushService in 12933ms
07-26 04:39:52.825 30986 31050 W chromium: [WARNING:sync_notifier_impl_android.cc(70)] Could not get invalidation model type; invalidating enabled types: Bookmarks, Typed URLs, Encryption keys, Sessions
07-26 04:39:53.040  1026  1030 D dalvikvm: GC_CONCURRENT freed 130K, 3% free 10331K/10567K, paused 2ms+8ms
07-26 04:39:53.142  1026  1030 D dalvikvm: GC_CONCURRENT freed 310K, 5% free 10461K/10951K, paused 2ms+3ms
07-26 04:39:53.181  1026  1063 D dalvikvm: GC_FOR_ALLOC freed 0K, 5% free 10461K/10951K, paused 21ms
07-26 04:39:53.181  1026  1063 I dalvikvm-heap: Grow heap (frag case) to 10.533MB for 260112-byte allocation
07-26 04:39:53.208  1026  1063 D dalvikvm: GC_FOR_ALLOC freed 126K, 6% free 10589K/11207K, paused 21ms
07-26 04:39:53.239  1026  1063 D dalvikvm: GC_FOR_ALLOC freed 311K, 6% free 10582K/11207K, paused 17ms
07-26 04:39:53.259  1026  1063 D dalvikvm: GC_FOR_ALLOC freed 62K, 6% free 10646K/11207K, paused 19ms
07-26 04:39:53.259  1026  1063 I dalvikvm-heap: Grow heap (frag case) to 10.713MB for 260112-byte allocation
07-26 04:39:53.282  1026  1063 D dalvikvm: GC_FOR_ALLOC freed 126K, 7% free 10774K/11463K, paused 18ms
07-26 04:39:53.314  1026  1063 D dalvikvm: GC_FOR_ALLOC freed 369K, 6% free 10830K/11463K, paused 25ms
07-26 04:39:53.333  1026  1063 D dalvikvm: GC_FOR_ALLOC freed 126K, 5% free 10957K/11463K, paused 18ms
07-26 04:39:53.482  1026  1030 D dalvikvm: GC_CONCURRENT freed 343K, 4% free 11208K/11655K, paused 2ms+2ms
07-26 04:39:53.614  1026  1030 D dalvikvm: GC_CONCURRENT freed 139K, 3% free 11732K/11975K, paused 1ms+3ms
07-26 04:39:53.798  1026  1030 D dalvikvm: GC_CONCURRENT freed 545K, 6% free 12021K/12679K, paused 2ms+2ms
07-26 04:39:53.985  1026  1030 D dalvikvm: GC_CONCURRENT freed 210K, 3% free 12749K/13063K, paused 2ms+2ms
07-26 04:39:54.189  1026  1064 I SqliteDatabaseCpp: sqlite returned: error code = 1, msg = no such column: wipeout_stats, db=/data/data/com.google.android.apps.plus/databases/es0.db
07-26 04:39:54.189  1026  1064 W System.err: android.database.sqlite.SQLiteException: no such column: wipeout_stats: , while compiling: SELECT wipeout_stats  FROM account_status
07-26 04:39:54.196  1026  1064 W System.err: 	at android.database.sqlite.SQLiteCompiledSql.native_compile(Native Method)
07-26 04:39:54.196  1026  1064 W System.err: 	at android.database.sqlite.SQLiteCompiledSql.<init>(SQLiteCompiledSql.java:68)
07-26 04:39:54.196  1026  1064 W System.err: 	at android.database.sqlite.SQLiteProgram.compileSql(SQLiteProgram.java:143)
07-26 04:39:54.196  1026  1064 W System.err: 	at android.database.sqlite.SQLiteProgram.compileAndbindAllArgs(SQLiteProgram.java:361)
07-26 04:39:54.196  1026  1064 W System.err: 	at android.database.sqlite.SQLiteStatement.acquireAndLock(SQLiteStatement.java:260)
07-26 04:39:54.196  1026  1064 W System.err: 	at android.database.sqlite.SQLiteStatement.simpleQueryForLong(SQLiteStatement.java:137)
07-26 04:39:54.196  1026  1064 W System.err: 	at android.database.DatabaseUtils.longForQuery(DatabaseUtils.java:791)
07-26 04:39:54.196  1026  1064 W System.err: 	at android.database.DatabaseUtils.longForQuery(DatabaseUtils.java:779)
07-26 04:39:54.200  1026  1064 W System.err: 	at com.google.android.apps.plus.content.EsAccountsData.isContactsStatsWipeoutNeeded(EsAccountsData.java:641)
07-26 04:39:54.200  1026  1064 W System.err: 	at com.google.android.apps.plus.service.EsService.processIntent(EsService.java:4246)
07-26 04:39:54.200  1026  1064 W System.err: 	at com.google.android.apps.plus.service.ServiceThread$1.run(ServiceThread.java:50)
07-26 04:39:54.200  1026  1064 W System.err: 	at android.os.Handler.handleCallback(Handler.java:605)
07-26 04:39:54.200  1026  1064 W System.err: 	at android.os.Handler.dispatchMessage(Handler.java:92)
07-26 04:39:54.200  1026  1064 W System.err: 	at android.os.Looper.loop(Looper.java:137)
07-26 04:39:54.200  1026  1064 W System.err: 	at com.google.android.apps.plus.service.ServiceThread.run(ServiceThread.java:122)
07-26 04:39:55.771   145   162 I ActivityManager: Start proc com.google.android.apps.maps:NetworkLocationService for service com.google.android.apps.maps/com.google.android.location.internal.server.NetworkLocationService: pid=1073 uid=10056 gids={3003, 1015}
07-26 04:39:55.802   145   423 I ActivityManager: Process com.google.android.apps.maps (pid 32372) has died.
07-26 04:39:55.802   145   423 W ActivityManager: Scheduling restart of crashed service com.google.android.apps.maps/com.google.googlenav.prefetch.android.PrefetcherService in 19912ms
07-26 04:39:55.853 30986 31050 W chromium: [WARNING:sync_notifier_impl_android.cc(70)] Could not get invalidation model type; invalidating enabled types: Bookmarks, Typed URLs, Encryption keys, Sessions
07-26 04:39:56.189  1073  1076 D dalvikvm: GC_CONCURRENT freed 176K, 3% free 9360K/9607K, paused 113ms+2ms
07-26 04:39:56.493   145   421 I ActivityManager: Process android.process.acore (pid 773) has died.
07-26 04:39:56.583 30986 31050 W chromium: [WARNING:sync_notifier_impl_android.cc(70)] Could not get invalidation model type; invalidating enabled types: Bookmarks, Typed URLs, Encryption keys, Sessions
07-26 04:39:57.118  1073  1076 D dalvikvm: GC_CONCURRENT freed 150K, 3% free 9657K/9927K, paused 2ms+2ms
07-26 04:39:57.755  1073  1076 D dalvikvm: GC_CONCURRENT freed 155K, 3% free 10019K/10247K, paused 4ms+2ms
07-26 04:39:57.899  1073  1076 D dalvikvm: GC_CONCURRENT freed 157K, 3% free 10397K/10631K, paused 2ms+2ms
07-26 04:39:58.067   145   147 D dalvikvm: JIT code cache reset in 4 ms (1048328 bytes 39/0)
07-26 04:39:58.099   145   162 I ActivityManager: Start proc com.google.android.apps.maps:FriendService for broadcast com.google.android.apps.maps/com.google.googlenav.friend.android.ServiceReceiver: pid=1097 uid=10056 gids={3003, 1015}
07-26 04:39:58.114   145   147 D dalvikvm: GC_CONCURRENT freed 1963K, 19% free 19173K/23495K, paused 3ms+15ms
07-26 04:39:58.157    79    79 D dalvikvm: GC_EXPLICIT freed 38K, 4% free 9031K/9347K, paused 2ms+16ms
07-26 04:39:58.204    79    79 D dalvikvm: GC_EXPLICIT freed <1K, 4% free 9031K/9347K, paused 3ms+2ms
07-26 04:39:58.247    79    79 D dalvikvm: GC_EXPLICIT freed <1K, 4% free 9031K/9347K, paused 2ms+6ms
07-26 04:39:58.290   145   156 D dalvikvm: GC_EXPLICIT freed 112K, 19% free 19061K/23495K, paused 3ms+7ms
07-26 04:39:58.396  1097  1100 D dalvikvm: GC_CONCURRENT freed 178K, 3% free 9357K/9607K, paused 2ms+2ms
07-26 04:39:58.517  1097  1100 D dalvikvm: GC_CONCURRENT freed 215K, 4% free 9686K/9991K, paused 2ms+2ms
07-26 04:39:58.567  1073  1080 I dalvikvm: Total arena pages for JIT: 11
07-26 04:39:58.579  1073  1080 I dalvikvm: Total arena pages for JIT: 12
07-26 04:39:58.579  1073  1080 I dalvikvm: Total arena pages for JIT: 13
07-26 04:39:58.579  1073  1080 I dalvikvm: Total arena pages for JIT: 14
07-26 04:39:58.599  1073  1080 I dalvikvm: Total arena pages for JIT: 15
07-26 04:39:58.614  1073  1080 I dalvikvm: Total arena pages for JIT: 16
07-26 04:39:58.614  1073  1080 I dalvikvm: Total arena pages for JIT: 17
07-26 04:39:58.720 32767   303 D dalvikvm: GC_CONCURRENT freed 445K, 7% free 10152K/10887K, paused 2ms+3ms
07-26 04:39:58.790  1073  1080 I dalvikvm: Total arena pages for JIT: 18
07-26 04:39:59.017  1073  1076 D dalvikvm: GC_CONCURRENT freed 737K, 8% free 10220K/11015K, paused 2ms+3ms
07-26 04:39:59.450  1073  1096 D dalvikvm: GC_FOR_ALLOC freed 271K, 7% free 10314K/11015K, paused 21ms
07-26 04:39:59.544  1073  1096 D dalvikvm: GC_FOR_ALLOC freed 115K, 7% free 10343K/11015K, paused 19ms
07-26 04:39:59.544  1073  1096 I dalvikvm-heap: Grow heap (frag case) to 10.182MB for 13101-byte allocation
07-26 04:39:59.564  1073  1096 D dalvikvm: GC_FOR_ALLOC freed 10K, 7% free 10346K/11079K, paused 19ms
07-26 04:39:59.599  1073  1096 D dalvikvm: GC_FOR_ALLOC freed 91K, 7% free 10345K/11079K, paused 19ms
07-26 04:40:05.774   145   162 I ActivityManager: Start proc com.facebook.orca for service com.facebook.orca/.push.mqtt.MqttPushService: pid=1112 uid=10062 gids={3003, 1015, 1006}
07-26 04:40:05.794  1112  1112 I dalvikvm: Turning on JNI app bug workarounds for target SDK version 10...
07-26 04:40:05.962  1112  1112 I ActivityThread: Pub com.facebook.orca.notify.MessengerLoggedInUserProvider: com.facebook.orca.notify.MessengerLoggedInUserProvider
07-26 04:40:05.993  1112  1112 I ActivityThread: Pub com.facebook.orca.notify.MessengerForegroundProvider: com.facebook.orca.notify.MessengerForegroundProvider
07-26 04:40:06.005  1112  1112 V orca:OrcaApplication: Forcing initialization of AsyncTask
07-26 04:40:06.181  1112  1112 I Finalizer: Couldn't access Thread.inheritableThreadLocals. Reference finalizer threads will inherit thread local values.
07-26 04:40:06.189  1112  1114 D dalvikvm: GC_CONCURRENT freed 221K, 4% free 9315K/9607K, paused 7ms+3ms
07-26 04:40:06.333  1112  1114 D dalvikvm: GC_CONCURRENT freed 373K, 5% free 9466K/9927K, paused 2ms+2ms
07-26 04:40:06.446  1112  1112 W OrcaGuiceModule: Sig: ijxLJi1yGs1JpL-X1SExmchvork
07-26 04:40:06.700  1112  1114 D dalvikvm: GC_CONCURRENT freed 344K, 5% free 9616K/10055K, paused 111ms+4ms
07-26 04:40:07.196  1112  1130 W Resources: Converting to string: TypedValue{t=0x10/d=0xffffffff a=-1}
07-26 04:40:07.349  1112  1114 D dalvikvm: GC_CONCURRENT freed 298K, 4% free 9877K/10247K, paused 2ms+3ms
07-26 04:40:07.439  1112  1112 D ACRA    : Retrieve application default SharedPreferences.
07-26 04:40:07.442  1112  1112 D ACRA    : Set OnSharedPreferenceChangeListener.
07-26 04:40:07.442  1112  1112 D ACRA    : ACRA is enabled for com.facebook.orca, intializing...
07-26 04:40:07.513  1112  1130 D dalvikvm: GC_FOR_ALLOC freed 291K, 4% free 10109K/10503K, paused 22ms
07-26 04:40:07.528  1112  1112 D ACRA    : Looking for error files in /data/data/com.facebook.orca/app_acra-reports
07-26 04:40:07.595  1112  1114 D dalvikvm: GC_CONCURRENT freed 139K, 5% free 10203K/10631K, paused 2ms+4ms
07-26 04:40:07.661  1112  1130 D dalvikvm: GC_FOR_ALLOC freed 285K, 6% free 10267K/10823K, paused 26ms
07-26 04:40:07.716  1112  1130 D dalvikvm: GC_FOR_ALLOC freed 215K, 5% free 10294K/10823K, paused 27ms
07-26 04:40:07.747   342   342 D SAN_SERVICE: *******************************************
07-26 04:40:07.747   342   342 D SAN_SERVICE: DM App Phone Service State - 0
07-26 04:40:07.747   342   342 D SAN_SERVICE: *******************************************
07-26 04:40:07.786  1112  1130 D dalvikvm: GC_FOR_ALLOC freed 106K, 5% free 10366K/10823K, paused 21ms
07-26 04:40:07.974   342   342 D SAN_SERVICE: *******************************************
07-26 04:40:07.974   342   342 D SAN_SERVICE: DM App Phone Service State - 0
07-26 04:40:07.974   342   342 D SAN_SERVICE: *******************************************
07-26 04:40:07.989  1112  1114 D dalvikvm: GC_CONCURRENT freed 316K, 4% free 10558K/10951K, paused 5ms+4ms
07-26 04:40:08.087   342   342 D SAN_SERVICE: *******************************************
07-26 04:40:08.087   342   342 D SAN_SERVICE: DM App Phone Service State - 0
07-26 04:40:08.087   342   342 D SAN_SERVICE: *******************************************
07-26 04:40:08.118  1112  1114 D dalvikvm: GC_CONCURRENT freed 115K, 2% free 10936K/11143K, paused 2ms+3ms
07-26 04:40:08.259  1112  1114 D dalvikvm: GC_CONCURRENT freed 318K, 4% free 11266K/11655K, paused 2ms+7ms
07-26 04:40:08.290   145   430 I ActivityManager: Process com.twitter.android (pid 892) has died.
07-26 04:40:08.478 30986 31050 W chromium: [WARNING:sync_notifier_impl_android.cc(70)] Could not get invalidation model type; invalidating enabled types: Bookmarks, Typed URLs, Encryption keys, Sessions
07-26 04:40:15.786   145   162 I ActivityManager: Start proc com.google.android.apps.maps for service com.google.android.apps.maps/com.google.googlenav.prefetch.android.PrefetcherService: pid=1140 uid=10056 gids={3003, 1015}
07-26 04:40:15.903  1140  1143 D dalvikvm: GC_CONCURRENT freed 150K, 3% free 9385K/9607K, paused 1ms+2ms
07-26 04:40:15.954  1140  1140 I ActivityThread: Pub com.google.android.maps.SearchHistoryProvider: com.google.googlenav.provider.SearchHistoryProvider
07-26 04:40:15.978  1140  1140 I ActivityThread: Pub com.google.android.maps.SuggestionProvider: com.google.googlenav.suggest.android.SuggestContentProvider
07-26 04:40:15.989  1140  1140 I ActivityThread: Pub com.google.android.maps.LayerInfoProvider: com.google.googlenav.layer.LayerInfoProvider
07-26 04:40:16.001  1140  1140 I ActivityThread: Pub com.google.android.maps.TrafficAppWidgetProvider: com.google.googlenav.appwidget.traffic.TrafficAppWidgetProvider
