07-23 22:01:36.332  7137  7164 W ResponseProcessCookies: Invalid cookie header: "Set-Cookie: mobile_session_id=677be4a2-33ae-44af-a048-c61e22b9bd36; Version=1; Max-Age=525600; Expires=Mon, 30-Jul-2012 04:01:35 GMT; Path=/". Unable to parse expires attribute: Mon
07-23 22:01:36.332  7137  7164 W ResponseProcessCookies: Invalid cookie header: "Set-Cookie: mobile_agent_id=5b987ce1-b24d-477e-b9c1-cf54b370f535; Version=1; Max-Age=525600; Expires=Mon, 30-Jul-2012 04:01:35 GMT; Path=/". Unable to parse expires attribute: Mon
07-23 22:01:36.840  7137  7139 D dalvikvm: GC_CONCURRENT freed 934K, 18% free 12113K/14599K, paused 2ms+4ms
07-23 22:01:38.101  7137  7139 D dalvikvm: GC_CONCURRENT freed 1030K, 18% free 12094K/14599K, paused 2ms+4ms
07-23 22:01:39.949  7137  7139 D dalvikvm: GC_CONCURRENT freed 999K, 18% free 12080K/14599K, paused 2ms+4ms
07-23 22:01:44.242  7137  7139 D dalvikvm: GC_CONCURRENT freed 960K, 18% free 12111K/14599K, paused 2ms+4ms
07-23 22:01:46.015  7137  7139 D dalvikvm: GC_CONCURRENT freed 1008K, 18% free 12098K/14599K, paused 2ms+4ms
07-23 22:01:47.332   342   342 D SAN_SERVICE: *******************************************
07-23 22:01:47.332   342   342 D SAN_SERVICE: DM App Phone Service State - 0
07-23 22:01:47.336   342   342 D SAN_SERVICE: *******************************************
07-23 22:01:49.660   145   157 I ActivityManager: START {cmp=com.twitter.android/.TweetActivity (has extras)} from pid 4988
07-23 22:01:49.988   215   215 V PhoneStatusBar: setLightsOn(true)
07-23 22:01:50.133   145   175 I ActivityManager: Displayed com.twitter.android/.TweetActivity: +276ms
07-23 22:01:50.195  4988  4988 D OpenGLRenderer: Flushing caches (mode 0)
07-23 22:01:50.644  4988  4990 D dalvikvm: GC_CONCURRENT freed 7834K, 53% free 13478K/28615K, paused 9ms+14ms
07-23 22:01:51.289  7137  7139 D dalvikvm: GC_CONCURRENT freed 898K, 17% free 12179K/14599K, paused 2ms+5ms
07-23 22:01:51.613  7137  7139 D dalvikvm: GC_CONCURRENT freed 1124K, 18% free 12061K/14599K, paused 2ms+5ms
07-23 22:01:53.097   215   215 V PhoneStatusBar: setLightsOn(true)
07-23 22:01:53.265  4988  4988 D OpenGLRenderer: Flushing caches (mode 0)
07-23 22:01:53.570  7137  7139 D dalvikvm: GC_CONCURRENT freed 954K, 18% free 12093K/14599K, paused 2ms+4ms
07-23 22:01:53.855  7137  7139 D dalvikvm: GC_CONCURRENT freed 1015K, 18% free 12069K/14599K, paused 2ms+4ms
07-23 22:01:53.968   145   156 W InputManagerService: Starting input on non-focused client com.android.internal.view.IInputMethodClient$Stub$Proxy@41363e50 (uid=10064 pid=4988)
07-23 22:01:54.004  4988  4988 D OpenGLRenderer: Flushing caches (mode 0)
07-23 22:01:54.031  4988  4988 D OpenGLRenderer: Flushing caches (mode 1)
07-23 22:01:56.801  7137  7139 D dalvikvm: GC_CONCURRENT freed 921K, 17% free 12154K/14599K, paused 4ms+5ms
07-23 22:01:57.758   380   382 D dalvikvm: GC_CONCURRENT freed 1163K, 17% free 12275K/14727K, paused 9ms+7ms
07-23 22:01:57.797   145   378 I ActivityManager: START {act=android.intent.action.MAIN cat=[android.intent.category.LAUNCHER] flg=0x10000000 pkg=com.twitter.android cmp=com.twitter.android/.StartActivity bnds=[120,254][240,404]} from pid 380
07-23 22:01:58.000  4988  4988 D dalvikvm: GC_FOR_ALLOC freed 215K, 53% free 13455K/28615K, paused 49ms
07-23 22:01:58.008  4988  4988 I dalvikvm-heap: Grow heap (frag case) to 15.754MB for 2668016-byte allocation
07-23 22:01:58.011   380   380 D OpenGLRenderer: Flushing caches (mode 1)
07-23 22:01:58.062  4988  7302 D dalvikvm: GC_FOR_ALLOC freed 348K, 46% free 15712K/28615K, paused 42ms
07-23 22:01:58.066   380   380 D OpenGLRenderer: Flushing caches (mode 0)
07-23 22:01:58.156  4988  4990 D dalvikvm: GC_CONCURRENT freed 2K, 46% free 15710K/28615K, paused 2ms+7ms
07-23 22:01:58.234  4988  4988 D dalvikvm: GC_FOR_ALLOC freed <1K, 46% free 15709K/28615K, paused 41ms
07-23 22:01:58.250  4988  4988 I dalvikvm-heap: Grow heap (frag case) to 21.140MB for 6006016-byte allocation
07-23 22:01:58.304  4988  4990 D dalvikvm: GC_CONCURRENT freed 0K, 25% free 21575K/28615K, paused 2ms+5ms
07-23 22:01:58.347   145   161 I Process : Sending signal. PID: 4988 SIG: 3
07-23 22:01:58.347  4988  4992 I dalvikvm: threadid=3: reacting to signal 3
07-23 22:01:58.371  4988  4992 I dalvikvm: Wrote stack traces to '/data/anr/traces.txt'
07-23 22:01:58.449   145   421 I ActivityManager: START {flg=0x4000000 cmp=com.twitter.android/.HomeTabActivity} from pid 4988
07-23 22:01:58.574   215   215 V PhoneStatusBar: setLightsOn(true)
07-23 22:01:58.621   145   175 I ActivityManager: Displayed com.twitter.android/.HomeTabActivity: +165ms (total +775ms)
07-23 22:01:58.679   321   323 D dalvikvm: GC_CONCURRENT freed 386K, 20% free 10035K/12487K, paused 2ms+4ms
07-23 22:01:58.941  7137  7139 D dalvikvm: GC_CONCURRENT freed 1128K, 18% free 12070K/14599K, paused 2ms+5ms
07-23 22:02:01.004  4988  4988 W SoundPool:   sample 1 not READY
07-23 22:02:01.086  4988  4988 W SoundPool:   sample 2 not READY
07-23 22:02:01.758  7137  7164 W ResponseProcessCookies: Invalid cookie header: "Set-Cookie: mobile_session_key=960abd50-67da-5b65-be0e-f2973e962182; Version=1; Max-Age=525600; Expires=Mon, 30-Jul-2012 04:02:00 GMT; Path=/". Unable to parse expires attribute: Mon
07-23 22:02:01.765  7137  7164 W ResponseProcessCookies: Invalid cookie header: "Set-Cookie: mobile_session_id=a20d3ff1-92d9-4b24-9933-ad798f49af16; Version=1; Max-Age=525600; Expires=Mon, 30-Jul-2012 04:02:00 GMT; Path=/". Unable to parse expires attribute: Mon
07-23 22:02:01.777  7137  7164 W ResponseProcessCookies: Invalid cookie header: "Set-Cookie: mobile_agent_id=07f3b77f-04b4-440a-8ed0-36d1473f19ab; Version=1; Max-Age=525600; Expires=Mon, 30-Jul-2012 04:02:00 GMT; Path=/". Unable to parse expires attribute: Mon
07-23 22:02:02.418    81   124 D AudioHardware: AudioHardware pcm playback is exiting standby.
07-23 22:02:02.418    81   124 D AudioHardware: openPcmOut_l() mPcmOpenCnt: 0
07-23 22:02:02.703  7137  7139 D dalvikvm: GC_CONCURRENT freed 956K, 17% free 12122K/14599K, paused 2ms+4ms
07-23 22:02:05.554    81   124 D AudioHardware: AudioHardware pcm playback is going to standby.
07-23 22:02:05.554    81   124 D AudioHardware: closePcmOut_l() mPcmOpenCnt: 1
07-23 22:02:06.164  7137  7139 D dalvikvm: GC_CONCURRENT freed 1011K, 18% free 12061K/14599K, paused 2ms+5ms
07-23 22:02:07.797   342   342 D SAN_SERVICE: *******************************************
07-23 22:02:07.797   342   342 D SAN_SERVICE: DM App Phone Service State - 0
07-23 22:02:07.797   342   342 D SAN_SERVICE: *******************************************
07-23 22:02:08.058   342   342 D SAN_SERVICE: *******************************************
07-23 22:02:08.058   342   342 D SAN_SERVICE: DM App Phone Service State - 0
07-23 22:02:08.058   342   342 D SAN_SERVICE: *******************************************
07-23 22:02:08.203  7137  7139 D dalvikvm: GC_CONCURRENT freed 969K, 18% free 12099K/14599K, paused 2ms+5ms
07-23 22:02:08.265   342   342 D SAN_SERVICE: *******************************************
07-23 22:02:08.265   342   342 D SAN_SERVICE: DM App Phone Service State - 0
07-23 22:02:08.265   342   342 D SAN_SERVICE: *******************************************
07-23 22:02:08.488  7137  7139 D dalvikvm: GC_CONCURRENT freed 1038K, 18% free 12051K/14599K, paused 2ms+4ms
07-23 22:02:10.910  7137  7139 D dalvikvm: GC_CONCURRENT freed 943K, 18% free 12088K/14599K, paused 2ms+4ms
07-23 22:02:11.824  4988  4990 D dalvikvm: GC_CONCURRENT freed 3932K, 32% free 19574K/28615K, paused 3ms+15ms
07-23 22:02:12.750  7137  7139 D dalvikvm: GC_CONCURRENT freed 943K, 18% free 12043K/14599K, paused 2ms+5ms
