07-18 23:55:39.304   481   481 I ActivityThread: Pub com.google.android.maps.StarredItemProvider: com.google.googlenav.provider.StarredItemProvider
07-18 23:55:39.402   481   482 D dalvikvm: GC_CONCURRENT freed 151K, 3% free 9657K/9927K, paused 2ms+2ms
07-18 23:55:39.566   481   482 D dalvikvm: GC_CONCURRENT freed 231K, 4% free 9833K/10183K, paused 4ms+2ms
07-18 23:55:39.640   410   412 D dalvikvm: GC_CONCURRENT freed 488K, 6% free 10709K/11335K, paused 3ms+4ms
07-18 23:55:39.659   481   481 I ActivityThread: Pub com.google.android.maps.LocalSuggestionProvider: com.google.googlenav.provider.LocalSuggestionProvider
07-18 23:55:39.659   481   481 I ActivityThread: Pub com.google.android.maps.NavigationAvailabilityProvider: com.google.googlenav.provider.NavigationAvailabilityProvider
07-18 23:55:39.820   481   498 D dalvikvm: GC_FOR_ALLOC freed 162K, 3% free 10002K/10247K, paused 20ms
07-18 23:55:39.859   481   500 D dalvikvm: GC_FOR_ALLOC freed 94K, 4% free 10216K/10567K, paused 19ms
07-18 23:55:39.945   481   511 D dalvikvm: GC_FOR_ALLOC freed 125K, 4% free 10490K/10823K, paused 22ms
07-18 23:55:39.984   481   510 D dalvikvm: GC_FOR_ALLOC freed 30K, 4% free 10687K/11079K, paused 22ms
07-18 23:55:44.972   359   359 D dalvikvm: GC_EXPLICIT freed <1K, 6% free 9096K/9607K, paused 15ms+3ms
07-18 23:55:49.976 12865 12865 D dalvikvm: GC_EXPLICIT freed 80K, 23% free 12241K/15879K, paused 17ms+5ms
07-18 23:55:55.128   144   160 D dalvikvm: GC_EXPLICIT freed 863K, 21% free 19179K/24199K, paused 34ms+8ms
07-18 23:56:00.019   346   346 D dalvikvm: GC_EXPLICIT freed <1K, 10% free 11927K/13191K, paused 18ms+10ms
07-18 23:56:02.300 29782 29782 D dalvikvm: GC_EXPLICIT freed 267K, 6% free 10396K/11015K, paused 5ms+3ms
07-18 23:56:03.722   144 14192 I ActivityManager: Start proc com.google.android.apps.maps:LocationFriendService for service com.google.android.apps.maps/com.google.googlenav.friend.reporting.LocationReceiverService: pid=518 uid=10056 gids={3003, 1015}
07-18 23:56:03.866   518   519 D dalvikvm: GC_CONCURRENT freed 153K, 3% free 9378K/9607K, paused 1ms+2ms
07-18 23:56:04.120   518   519 D dalvikvm: GC_CONCURRENT freed 142K, 3% free 9690K/9927K, paused 21ms+2ms
07-18 23:56:04.460   518   519 D dalvikvm: GC_CONCURRENT freed 296K, 5% free 9836K/10247K, paused 2ms+2ms
07-18 23:56:04.534   518   522 I dalvikvm: Total arena pages for JIT: 11
07-18 23:56:04.534   518   522 I dalvikvm: Total arena pages for JIT: 12
07-18 23:56:04.534   518   522 I dalvikvm: Total arena pages for JIT: 13
07-18 23:56:04.534   518   522 I dalvikvm: Total arena pages for JIT: 14
07-18 23:56:04.538   518   522 I dalvikvm: Total arena pages for JIT: 15
07-18 23:56:04.542   518   522 I dalvikvm: Total arena pages for JIT: 16
07-18 23:56:04.542   518   522 I dalvikvm: Total arena pages for JIT: 17
07-18 23:56:04.601   144  1167 I ActivityManager: Process com.xabber.androiddev (pid 32764) has died.
07-18 23:56:04.601   144  1167 W ActivityManager: Scheduling restart of crashed service com.xabber.androiddev/com.xabber.android.service.XMPPService in 320000ms
07-18 23:56:04.765   518   519 D dalvikvm: GC_CONCURRENT freed 327K, 4% free 9970K/10375K, paused 78ms+2ms
07-18 23:56:09.777   435   435 D dalvikvm: GC_EXPLICIT freed <1K, 4% free 9033K/9347K, paused 13ms+2ms
07-18 23:56:14.827   321   321 D dalvikvm: GC_EXPLICIT freed <1K, 24% free 10152K/13191K, paused 16ms+2ms
07-18 23:56:19.796 13970 13970 D dalvikvm: GC_EXPLICIT freed <1K, 6% free 9753K/10375K, paused 16ms+3ms
07-18 23:56:24.839   215   215 D dalvikvm: GC_EXPLICIT freed 140K, 58% free 9676K/22727K, paused 16ms+3ms
07-18 23:56:29.866 29612 29612 D dalvikvm: GC_EXPLICIT freed 71K, 6% free 10083K/10631K, paused 25ms+3ms
07-18 23:56:34.835 28956 28956 W ThumbnailCache: Low Memory: Freed 0 textures from compression queue, 0 from write queue, 0 from the pinned list, 0 from the cache.
07-18 23:56:34.921 28956 28956 D dalvikvm: GC_EXPLICIT freed 27K, 21% free 11516K/14471K, paused 19ms+3ms
07-18 23:56:39.843 28974 28974 D dalvikvm: GC_EXPLICIT freed <1K, 3% free 9238K/9479K, paused 21ms+2ms
07-18 23:56:44.808 29139 29139 D dalvikvm: GC_EXPLICIT freed <1K, 4% free 9238K/9543K, paused 14ms+2ms
07-18 23:56:49.823 29782 29782 D dalvikvm: GC_EXPLICIT freed 261K, 6% free 10395K/11015K, paused 16ms+2ms
07-18 23:56:54.847 30195 30195 D dalvikvm: GC_EXPLICIT freed <1K, 4% free 9051K/9347K, paused 23ms+2ms
07-18 23:56:59.816 30405 30405 D dalvikvm: GC_EXPLICIT freed 44K, 4% free 9136K/9479K, paused 14ms+2ms
07-18 23:57:03.741   518   522 I dalvikvm: Total arena pages for JIT: 18
07-18 23:57:03.816   518   519 D dalvikvm: GC_CONCURRENT freed 442K, 6% free 9948K/10503K, paused 1ms+2ms
07-18 23:57:08.714 31141 31141 D dalvikvm: GC_EXPLICIT freed 14K, 6% free 9658K/10247K, paused 16ms+2ms
07-18 23:57:11.726   144   174 I ActivityManager: Start proc com.google.android.apps.plus for service com.google.android.apps.plus/.service.EsService: pid=551 uid=10060 gids={3003, 3002, 1015, 1006}
07-18 23:57:11.796   144   317 I ActivityManager: Process com.google.android.apps.maps:LocationFriendService (pid 518) has died.
07-18 23:57:12.019 29920 29933 I PhoneLab-: Service Running
07-18 23:57:12.097   551   554 D dalvikvm: GC_CONCURRENT freed 152K, 3% free 9380K/9607K, paused 2ms+2ms
07-18 23:57:12.288   551   551 I ActivityThread: Pub com.google.android.apps.plus.content.ApiProvider: com.google.android.apps.plus.content.EsApiProvider
07-18 23:57:12.355   551   551 I ActivityThread: Pub com.google.android.apps.plus.content.EsGooglePhotoProvider: com.google.android.picasasync.PicasaContentProvider
07-18 23:57:12.359 29920 29933 I PhoneLab-LoggerService: app_37    1395  1     1432   980   c00f181c 400107b4 S logcat
07-18 23:57:12.359 29920 29933 I PhoneLab-LoggerService: Logcat pid from database 1395
07-18 23:57:12.359 29920 29933 I PhoneLab-LoggerService: Logcat process found 1395
07-18 23:57:12.359 29920 29933 I PhoneLab-LoggerService: Checking Threshold
07-18 23:57:12.359 29920 29933 I PhoneLab-LoggerService: Starting to rename files
07-18 23:57:12.359 29920 29933 I PhoneLab-LoggerService: Files found .. 2
07-18 23:57:12.359 29920 29933 I PhoneLab-LoggerService: File 1 log.out.1
07-18 23:57:12.370 29920 29933 I PhoneLab-LoggerService: Renamed successfully
07-18 23:57:12.538   551   554 D dalvikvm: GC_CONCURRENT freed 336K, 5% free 9576K/9991K, paused 11ms+5ms
07-18 23:57:12.577   551   551 I ActivityThread: Pub com.google.android.apps.plus.content.EsPicasaStoreProvider: com.google.android.picasastore.PicasaPhotoContentProvider
07-18 23:57:12.585   551   551 I ActivityThread: Pub com.google.plus.platform: com.google.android.apps.plus.content.AdsProvider
07-18 23:57:12.613   551   551 I ActivityThread: Pub com.google.android.apps.plus.iu.EsGoogleIuProvider: com.google.android.apps.plus.iu.InstantUploadProvider
07-18 23:57:12.734   144  1167 I ActivityManager: Start proc android.process.media for content provider com.android.providers.media/.MediaProvider: pid=573 uid=10012 gids={1015, 1023, 1024, 2001, 3003, 3007}
07-18 23:57:12.761   551   554 D dalvikvm: GC_CONCURRENT freed 501K, 6% free 9604K/10183K, paused 7ms+2ms
07-18 23:57:12.769   551   551 I ActivityThread: Pub com.google.android.apps.plus.content.EsProvider: com.google.android.apps.plus.content.EsProvider
07-18 23:57:12.808   573   573 I ActivityThread: Pub downloads: com.android.providers.downloads.DownloadProvider
07-18 23:57:12.866   573   573 I ActivityThread: Pub drm: com.android.providers.drm.DrmProvider
07-18 23:57:12.866   573   587 I DownloadManager: in removeSpuriousFiles
07-18 23:57:12.933   573   573 I ActivityThread: Pub media: com.android.providers.media.MediaProvider
07-18 23:57:12.948   144  1168 I ActivityManager: Process com.whatsapp (pid 32495) has died.
07-18 23:57:13.003   144  1168 W ActivityManager: Scheduling restart of crashed service com.whatsapp/.messaging.MessageService in 5000ms
07-18 23:57:13.222   144 13425 D dalvikvm: GC_EXPLICIT freed 960K, 21% free 19171K/24199K, paused 26ms+13ms
07-18 23:57:13.230   573   587 I DownloadManager: in removeSpuriousFiles, preserving file /data/data/com.android.providers.downloads/cache/metadata.json
07-18 23:57:13.230   573   587 I DownloadManager: in removeSpuriousFiles, preserving file /data/data/com.android.providers.downloads/cache/en_general.htm
07-18 23:57:13.230   573   587 I DownloadManager: in removeSpuriousFiles, preserving file /mnt/sdcard/Download/img-thing.jpeg
07-18 23:57:13.230   573   587 I DownloadManager: in removeSpuriousFiles, preserving file /data/data/com.android.providers.downloads/cache/metadata-1.json
07-18 23:57:13.230   573   587 I DownloadManager: in removeSpuriousFiles, preserving file /data/data/com.android.providers.downloads/cache/downloadfile.jpeg
07-18 23:57:13.230   573   587 I DownloadManager: in removeSpuriousFiles, preserving file /data/data/com.android.providers.downloads/cache/metadata-2.json
07-18 23:57:13.230   573   587 I DownloadManager: in removeSpuriousFiles, preserving file /data/data/com.android.providers.downloads/cache/metadata-3.json
07-18 23:57:13.230   573   587 I DownloadManager: in removeSpuriousFiles, preserving file /data/data/com.android.providers.downloads/cache/downloadfile-1.jpeg
07-18 23:57:13.230   573   587 I DownloadManager: in removeSpuriousFiles, preserving file /data/data/com.android.providers.downloads/cache/downloadfile-2.jpeg
07-18 23:57:13.230   573   587 I DownloadManager: in removeSpuriousFiles, preserving file /data/data/com.android.providers.downloads/cache/metadata-4.json
07-18 23:57:13.230   573   587 I DownloadManager: in removeSpuriousFiles, preserving file /data/data/com.android.providers.downloads/cache/metadata-5.json
07-18 23:57:13.230   573   587 I DownloadManager: in removeSpuriousFiles, preserving file /data/data/com.android.providers.downloads/cache/metadata-6.json
07-18 23:57:13.234   573   587 I DownloadManager: deleting spurious file /cache/backup
07-18 23:57:13.257   551   590 D dalvikvm: GC_FOR_ALLOC freed 168K, 4% free 9862K/10247K, paused 115ms
07-18 23:57:13.406   551   554 D dalvikvm: GC_CONCURRENT freed 179K, 3% free 10156K/10439K, paused 2ms+3ms
07-18 23:57:13.433   573   574 D dalvikvm: GC_CONCURRENT freed 326K, 5% free 9204K/9607K, paused 1ms+4ms
07-18 23:57:13.488   551   572 D PicasaPhotoCP: set fsid first time:-1
07-18 23:57:13.620   551   554 D dalvikvm: GC_CONCURRENT freed 265K, 4% free 10326K/10695K, paused 1ms+2ms
07-18 23:57:13.667   551   588 D dalvikvm: GC_FOR_ALLOC freed 115K, 4% free 10452K/10823K, paused 23ms
07-18 23:57:13.718   551   554 D dalvikvm: GC_CONCURRENT freed 129K, 3% free 10765K/11079K, paused 2ms+2ms
07-18 23:57:13.773   551   554 D dalvikvm: GC_CONCURRENT freed 496K, 7% free 10765K/11463K, paused 2ms+2ms
07-18 23:57:13.812   551   588 D dalvikvm: GC_FOR_ALLOC freed 369K, 6% free 10820K/11463K, paused 21ms
07-18 23:57:13.831   551   588 D dalvikvm: GC_FOR_ALLOC freed 126K, 5% free 10948K/11463K, paused 19ms
07-18 23:57:13.960   551   554 D dalvikvm: GC_CONCURRENT freed 345K, 4% free 11203K/11655K, paused 1ms+3ms
07-18 23:57:14.097   551   554 D dalvikvm: GC_CONCURRENT freed 139K, 3% free 11728K/11975K, paused 2ms+2ms
07-18 23:57:14.288   551   554 D dalvikvm: GC_CONCURRENT freed 544K, 6% free 12011K/12679K, paused 2ms+2ms
07-18 23:57:14.480   551   554 D dalvikvm: GC_CONCURRENT freed 212K, 3% free 12744K/13063K, paused 1ms+2ms
07-18 23:57:14.796   551   589 I SqliteDatabaseCpp: sqlite returned: error code = 1, msg = no such column: wipeout_stats, db=/data/data/com.google.android.apps.plus/databases/es0.db
07-18 23:57:14.800   551   589 W System.err: android.database.sqlite.SQLiteException: no such column: wipeout_stats: , while compiling: SELECT wipeout_stats  FROM account_status
07-18 23:57:14.808   551   589 W System.err: 	at android.database.sqlite.SQLiteCompiledSql.native_compile(Native Method)
07-18 23:57:14.808   551   589 W System.err: 	at android.database.sqlite.SQLiteCompiledSql.<init>(SQLiteCompiledSql.java:68)
07-18 23:57:14.808   551   589 W System.err: 	at android.database.sqlite.SQLiteProgram.compileSql(SQLiteProgram.java:143)
07-18 23:57:14.808   551   589 W System.err: 	at android.database.sqlite.SQLiteProgram.compileAndbindAllArgs(SQLiteProgram.java:361)
07-18 23:57:14.808   551   589 W System.err: 	at android.database.sqlite.SQLiteStatement.acquireAndLock(SQLiteStatement.java:260)
07-18 23:57:14.808   551   589 W System.err: 	at android.database.sqlite.SQLiteStatement.simpleQueryForLong(SQLiteStatement.java:137)
07-18 23:57:14.808   551   589 W System.err: 	at android.database.DatabaseUtils.longForQuery(DatabaseUtils.java:791)
07-18 23:57:14.808   551   589 W System.err: 	at android.database.DatabaseUtils.longForQuery(DatabaseUtils.java:779)
07-18 23:57:14.808   551   589 W System.err: 	at com.google.android.apps.plus.content.EsAccountsData.isContactsStatsWipeoutNeeded(EsAccountsData.java:641)
07-18 23:57:14.808   551   589 W System.err: 	at com.google.android.apps.plus.service.EsService.processIntent(EsService.java:4246)
07-18 23:57:14.808   551   589 W System.err: 	at com.google.android.apps.plus.service.ServiceThread$1.run(ServiceThread.java:50)
07-18 23:57:14.808   551   589 W System.err: 	at android.os.Handler.handleCallback(Handler.java:605)
07-18 23:57:14.808   551   589 W System.err: 	at android.os.Handler.dispatchMessage(Handler.java:92)
07-18 23:57:14.812   551   589 W System.err: 	at android.os.Looper.loop(Looper.java:137)
07-18 23:57:14.812   551   589 W System.err: 	at com.google.android.apps.plus.service.ServiceThread.run(ServiceThread.java:122)
07-18 23:57:15.140   144  1167 I ActivityManager: Process android.process.media (pid 573) has died.
07-18 23:57:18.066   144   161 I ActivityManager: Start proc com.whatsapp for service com.whatsapp/.messaging.MessageService: pid=598 uid=10068 gids={1015, 3003}
07-18 23:57:18.073   598   598 I dalvikvm: Turning on JNI app bug workarounds for target SDK version 7...
07-18 23:57:18.331   598   600 D dalvikvm: GC_CONCURRENT freed 164K, 3% free 9350K/9607K, paused 4ms+2ms
07-18 23:57:18.823   598   600 D dalvikvm: GC_CONCURRENT freed 291K, 4% free 9604K/9991K, paused 2ms+3ms
07-18 23:57:19.031   144   388 I ActivityManager: Start proc android.process.acore for content provider com.android.providers.contacts/.ContactsProvider2: pid=616 uid=10000 gids={3003, 1015}
07-18 23:57:19.105   616   616 I ActivityThread: Pub call_log: com.android.providers.contacts.CallLogProvider
07-18 23:57:19.183   616   616 I ActivityThread: Pub com.android.voicemail: com.android.providers.contacts.VoicemailContentProvider
07-18 23:57:19.187   616   616 I ActivityThread: Pub user_dictionary: com.android.providers.userdictionary.UserDictionaryProvider
07-18 23:57:19.202   598   598 I dalvikvm: Could not find method android.media.MediaMetadataRetriever.captureFrame, referenced from method com.whatsapp.q3.a
07-18 23:57:19.202   598   598 W dalvikvm: VFY: unable to resolve virtual method 502: Landroid/media/MediaMetadataRetriever;.captureFrame ()Landroid/graphics/Bitmap;
07-18 23:57:19.202   598   598 D dalvikvm: VFY: replacing opcode 0x6e at 0x0134
07-18 23:57:19.234   616   616 I ActivityThread: Pub com.android.social: com.android.providers.contacts.SocialProvider
07-18 23:57:19.234   616   616 I ActivityThread: Pub applications: com.android.providers.applications.ApplicationsProvider
07-18 23:57:19.472   616   616 I ActivityThread: Pub contacts;com.android.contacts: com.android.providers.contacts.ContactsProvider2
07-18 23:57:19.484   598   600 D dalvikvm: GC_CONCURRENT freed 327K, 4% free 9839K/10247K, paused 2ms+3ms
07-18 23:57:19.491   616   618 D dalvikvm: GC_CONCURRENT freed 331K, 5% free 9149K/9607K, paused 6ms+2ms
07-18 23:57:19.734   144   155 I ActivityManager: Process com.google.android.apps.maps (pid 481) has died.
07-18 23:57:19.734   144   155 W ActivityManager: Scheduling restart of crashed service com.google.android.apps.maps/com.google.googlenav.prefetch.android.PrefetcherService in 5000ms
07-18 23:57:19.773   598   600 D dalvikvm: GC_CONCURRENT freed 304K, 5% free 9994K/10439K, paused 2ms+15ms
07-18 23:57:20.507   616   618 D dalvikvm: GC_CONCURRENT freed 239K, 4% free 9374K/9735K, paused 17ms+51ms
07-18 23:57:22.062   616   618 D dalvikvm: GC_CONCURRENT freed 193K, 4% free 9605K/9927K, paused 7ms+2ms
07-18 23:57:22.253   144  1167 I ActivityManager: Process com.google.android.apps.plus (pid 551) has died.
07-18 23:57:24.816   144   161 I ActivityManager: Start proc com.google.android.apps.maps for service com.google.android.apps.maps/com.google.googlenav.prefetch.android.PrefetcherService: pid=642 uid=10056 gids={3003, 1015}
07-18 23:57:25.015   642   645 D dalvikvm: GC_CONCURRENT freed 162K, 3% free 9370K/9607K, paused 3ms+2ms
07-18 23:57:25.089   642   642 I ActivityThread: Pub com.google.android.maps.SearchHistoryProvider: com.google.googlenav.provider.SearchHistoryProvider
07-18 23:57:25.140   642   642 I ActivityThread: Pub com.google.android.maps.SuggestionProvider: com.google.googlenav.suggest.android.SuggestContentProvider
07-18 23:57:25.175   642   642 I ActivityThread: Pub com.google.android.maps.LayerInfoProvider: com.google.googlenav.layer.LayerInfoProvider
07-18 23:57:25.230   642   642 I ActivityThread: Pub com.google.android.maps.TrafficAppWidgetProvider: com.google.googlenav.appwidget.traffic.TrafficAppWidgetProvider
07-18 23:57:25.241   642   642 I ActivityThread: Pub com.google.android.maps.LocalActivePlacesProvider: com.google.googlenav.provider.LocalActivePlacesProvider
07-18 23:57:25.245   642   642 I ActivityThread: Pub com.google.android.maps.StarredItemProvider: com.google.googlenav.provider.StarredItemProvider
07-18 23:57:25.417   642   645 D dalvikvm: GC_CONCURRENT freed 201K, 3% free 9706K/9991K, paused 5ms+2ms
07-18 23:57:25.671   642   642 I ActivityThread: Pub com.google.android.maps.LocalSuggestionProvider: com.google.googlenav.provider.LocalSuggestionProvider
07-18 23:57:25.671   642   642 I ActivityThread: Pub com.google.android.maps.NavigationAvailabilityProvider: com.google.googlenav.provider.NavigationAvailabilityProvider
07-18 23:57:25.695   642   645 D dalvikvm: GC_CONCURRENT freed 253K, 4% free 9927K/10311K, paused 3ms+9ms
07-18 23:57:25.788   642   658 D dalvikvm: GC_FOR_ALLOC freed 103K, 4% free 10153K/10567K, paused 22ms
07-18 23:57:25.788   642   658 I dalvikvm-heap: Grow heap (frag case) to 10.183MB for 204816-byte allocation
07-18 23:57:25.820   642   659 D dalvikvm: GC_FOR_ALLOC freed <1K, 5% free 10352K/10823K, paused 19ms
07-18 23:57:25.988   642   667 D dalvikvm: GC_FOR_ALLOC freed 194K, 4% free 10489K/10823K, paused 71ms
07-18 23:57:26.019   642   668 D dalvikvm: GC_FOR_ALLOC freed 10K, 4% free 10681K/11079K, paused 16ms
07-18 23:57:26.730   144   161 I ActivityManager: Start proc com.google.android.apps.plus for broadcast com.google.android.apps.plus/.service.CameraMonitor: pid=675 uid=10060 gids={3003, 3002, 1015, 1006}
07-18 23:57:26.847   675   676 D dalvikvm: GC_CONCURRENT freed 164K, 3% free 9367K/9607K, paused 4ms+2ms
07-18 23:57:27.003   675   675 I ActivityThread: Pub com.google.android.apps.plus.content.ApiProvider: com.google.android.apps.plus.content.EsApiProvider
07-18 23:57:27.046   675   675 I ActivityThread: Pub com.google.android.apps.plus.content.EsGooglePhotoProvider: com.google.android.picasasync.PicasaContentProvider
07-18 23:57:27.195   675   676 D dalvikvm: GC_CONCURRENT freed 337K, 5% free 9575K/9991K, paused 9ms+2ms
07-18 23:57:27.222   675   675 I ActivityThread: Pub com.google.android.apps.plus.content.EsPicasaStoreProvider: com.google.android.picasastore.PicasaPhotoContentProvider
07-18 23:57:27.257   675   675 I ActivityThread: Pub com.google.plus.platform: com.google.android.apps.plus.content.AdsProvider
07-18 23:57:27.257   675   675 I ActivityThread: Pub com.google.android.apps.plus.iu.EsGoogleIuProvider: com.google.android.apps.plus.iu.InstantUploadProvider
07-18 23:57:27.347   675   676 D dalvikvm: GC_CONCURRENT freed 497K, 6% free 9607K/10183K, paused 6ms+2ms
07-18 23:57:27.355   675   675 I ActivityThread: Pub com.google.android.apps.plus.content.EsProvider: com.google.android.apps.plus.content.EsProvider
07-18 23:57:27.363   144 14192 I ActivityManager: Start proc android.process.media for content provider com.android.providers.media/.MediaProvider: pid=691 uid=10012 gids={1015, 1023, 1024, 2001, 3003, 3007}
07-18 23:57:27.409   691   691 I ActivityThread: Pub downloads: com.android.providers.downloads.DownloadProvider
07-18 23:57:27.425   144   342 I ActivityManager: Process android.process.acore (pid 616) has died.
07-18 23:57:27.550   691   691 I ActivityThread: Pub drm: com.android.providers.drm.DrmProvider
07-18 23:57:27.558   691   707 I DownloadManager: in removeSpuriousFiles
07-18 23:57:27.613   691   691 I ActivityThread: Pub media: com.android.providers.media.MediaProvider
07-18 23:57:27.695   691   707 I DownloadManager: in removeSpuriousFiles, preserving file /data/data/com.android.providers.downloads/cache/metadata.json
07-18 23:57:27.695   691   707 I DownloadManager: in removeSpuriousFiles, preserving file /data/data/com.android.providers.downloads/cache/en_general.htm
07-18 23:57:27.695   691   707 I DownloadManager: in removeSpuriousFiles, preserving file /mnt/sdcard/Download/img-thing.jpeg
07-18 23:57:27.695   691   707 I DownloadManager: in removeSpuriousFiles, preserving file /data/data/com.android.providers.downloads/cache/metadata-1.json
07-18 23:57:27.695   691   707 I DownloadManager: in removeSpuriousFiles, preserving file /data/data/com.android.providers.downloads/cache/downloadfile.jpeg
07-18 23:57:27.695   691   707 I DownloadManager: in removeSpuriousFiles, preserving file /data/data/com.android.providers.downloads/cache/metadata-2.json
07-18 23:57:27.695   691   707 I DownloadManager: in removeSpuriousFiles, preserving file /data/data/com.android.providers.downloads/cache/metadata-3.json
07-18 23:57:27.695   691   707 I DownloadManager: in removeSpuriousFiles, preserving file /data/data/com.android.providers.downloads/cache/downloadfile-1.jpeg
07-18 23:57:27.695   691   707 I DownloadManager: in removeSpuriousFiles, preserving file /data/data/com.android.providers.downloads/cache/downloadfile-2.jpeg
07-18 23:57:27.695   691   707 I DownloadManager: in removeSpuriousFiles, preserving file /data/data/com.android.providers.downloads/cache/metadata-4.json
07-18 23:57:27.695   691   707 I DownloadManager: in removeSpuriousFiles, preserving file /data/data/com.android.providers.downloads/cache/metadata-5.json
07-18 23:57:27.695   691   707 I DownloadManager: in removeSpuriousFiles, preserving file /data/data/com.android.providers.downloads/cache/metadata-6.json
07-18 23:57:27.698   691   707 I DownloadManager: deleting spurious file /cache/backup
07-18 23:57:27.757   675   676 D dalvikvm: GC_CONCURRENT freed 244K, 4% free 9922K/10247K, paused 4ms+3ms
07-18 23:57:27.882   675   676 D dalvikvm: GC_CONCURRENT freed 166K, 3% free 10300K/10567K, paused 2ms+3ms
07-18 23:57:27.960   691   694 D dalvikvm: GC_CONCURRENT freed 378K, 5% free 9154K/9607K, paused 2ms+2ms
07-18 23:57:28.031   144   317 I ActivityManager: Process com.google.android.apps.plus (pid 675) has died.
07-18 23:57:33.140   359   359 D dalvikvm: GC_EXPLICIT freed <1K, 6% free 9096K/9607K, paused 17ms+2ms
07-18 23:57:38.148 12865 12865 D dalvikvm: GC_EXPLICIT freed 103K, 23% free 12241K/15879K, paused 17ms+5ms
07-18 23:57:43.327   144   160 D dalvikvm: GC_EXPLICIT freed 1241K, 21% free 19165K/24199K, paused 42ms+8ms
07-18 23:57:45.253   144   199 D DhcpInfoInternal: makeLinkProperties with empty dns2!
07-18 23:57:45.253   144   199 D DhcpInfoInternal: makeLinkProperties with empty dns2!
07-18 23:57:49.484   346   346 D dalvikvm: GC_EXPLICIT freed 6K, 10% free 11927K/13191K, paused 8ms+3ms
07-18 23:57:54.542   435   435 D dalvikvm: GC_EXPLICIT freed <1K, 4% free 9033K/9347K, paused 14ms+2ms
07-18 23:57:59.538   321   321 D dalvikvm: GC_EXPLICIT freed <1K, 24% free 10152K/13191K, paused 16ms+2ms
07-18 23:58:03.827   144   390 I ActivityManager: Start proc com.google.android.apps.maps:LocationFriendService for service com.google.android.apps.maps/com.google.googlenav.friend.reporting.LocationReceiverService: pid=730 uid=10056 gids={3003, 1015}
07-18 23:58:03.945   144   144 I ActivityManager: Process android.process.media (pid 691) has died.
07-18 23:58:03.968 29782 29785 D dalvikvm: GC_CONCURRENT freed 499K, 6% free 10408K/11015K, paused 2ms+80ms
07-18 23:58:04.007   730   732 D dalvikvm: GC_CONCURRENT freed 173K, 3% free 9358K/9607K, paused 22ms+4ms
07-18 23:58:04.308   730   732 D dalvikvm: GC_CONCURRENT freed 161K, 3% free 9669K/9927K, paused 4ms+5ms
07-18 23:58:04.882   730   732 D dalvikvm: GC_CONCURRENT freed 285K, 4% free 9849K/10247K, paused 12ms+2ms
07-18 23:58:04.952   730   737 I dalvikvm: Total arena pages for JIT: 11
07-18 23:58:04.952   730   737 I dalvikvm: Total arena pages for JIT: 12
07-18 23:58:04.952   730   737 I dalvikvm: Total arena pages for JIT: 13
07-18 23:58:04.952   730   737 I dalvikvm: Total arena pages for JIT: 14
07-18 23:58:04.956   730   737 I dalvikvm: Total arena pages for JIT: 15
07-18 23:58:04.956   730   737 I dalvikvm: Total arena pages for JIT: 16
07-18 23:58:04.956   730   737 I dalvikvm: Total arena pages for JIT: 17
07-18 23:58:05.077   730   732 D dalvikvm: GC_CONCURRENT freed 330K, 5% free 9973K/10439K, paused 2ms+2ms
07-18 23:58:09.140 13970 13970 D dalvikvm: GC_EXPLICIT freed <1K, 6% free 9753K/10375K, paused 16ms+3ms
07-18 23:58:11.777   753   753 D dalvikvm: Late-enabling CheckJNI
07-18 23:58:11.781   144   161 I ActivityManager: Start proc com.chess for broadcast com.chess/.backend.AlarmReceiver: pid=753 uid=10079 gids={3003, 1015}
07-18 23:58:11.788   144 13425 I ActivityManager: Process com.google.android.apps.maps:LocationFriendService (pid 730) has died.
07-18 23:58:11.956   753   755 D dalvikvm: GC_CONCURRENT freed 174K, 3% free 9357K/9607K, paused 2ms+2ms
07-18 23:58:12.105   753   767 D GetStringObjTask: retrieving from url = http://www.chess.com/api/get_move_status?id=5HHjW9WUGa%2Bcu1LUwnVJPxTIWxmEve4VdkRnRyg7b5Ch69JH2Z5aB%2B7eGuFw8K2uFx47KFsdE3JRdR3Mzv0PkZOj6eZ8N73BvxmEERrzXjMNRo80rkLyJAUTh0iqof4n
07-18 23:58:12.159   144   156 I ActivityManager: Process com.chess (pid 753) has died.
07-18 23:58:17.261   359   359 D dalvikvm: GC_EXPLICIT freed <1K, 6% free 9096K/9607K, paused 14ms+2ms
07-18 23:58:22.284 12865 12865 D dalvikvm: GC_EXPLICIT freed 45K, 23% free 12241K/15879K, paused 16ms+4ms
07-18 23:58:27.339   144   160 D dalvikvm: GC_EXPLICIT freed 556K, 21% free 19157K/24199K, paused 23ms+8ms
07-18 23:58:32.288   346   346 D dalvikvm: GC_EXPLICIT freed 3K, 10% free 11926K/13191K, paused 17ms+3ms
07-18 23:58:37.284   435   435 D dalvikvm: GC_EXPLICIT freed <1K, 4% free 9033K/9347K, paused 14ms+2ms
07-18 23:58:42.292   321   321 D dalvikvm: GC_EXPLICIT freed <1K, 24% free 10152K/13191K, paused 16ms+2ms
07-18 23:58:47.292 13970 13970 D dalvikvm: GC_EXPLICIT freed <1K, 6% free 9753K/10375K, paused 15ms+3ms
07-18 23:58:52.308   215   215 D dalvikvm: GC_EXPLICIT freed 16K, 58% free 9671K/22727K, paused 16ms+3ms
07-18 23:58:57.370 29612 29612 D dalvikvm: GC_EXPLICIT freed 87K, 6% free 10068K/10631K, paused 24ms+3ms
07-18 23:59:03.820   144   390 I ActivityManager: Start proc com.google.android.apps.maps:LocationFriendService for service com.google.android.apps.maps/com.google.googlenav.friend.reporting.LocationReceiverService: pid=768 uid=10056 gids={3003, 1015}
07-18 23:59:03.847    79    79 D dalvikvm: GC_EXPLICIT freed 38K, 4% free 9027K/9347K, paused 2ms+2ms
07-18 23:59:03.898    79    79 D dalvikvm: GC_EXPLICIT freed <1K, 4% free 9027K/9347K, paused 1ms+6ms
07-18 23:59:03.941    79    79 D dalvikvm: GC_EXPLICIT freed <1K, 4% free 9027K/9347K, paused 2ms+2ms
07-18 23:59:03.999   768   771 D dalvikvm: GC_CONCURRENT freed 176K, 3% free 9355K/9607K, paused 2ms+2ms
07-18 23:59:04.249   768   771 D dalvikvm: GC_CONCURRENT freed 181K, 4% free 9685K/9991K, paused 5ms+61ms
07-18 23:59:04.288   144 12390 D dalvikvm: GC_EXPLICIT freed 80K, 21% free 19151K/24199K, paused 3ms+10ms
07-18 23:59:04.429   768   771 D dalvikvm: GC_CONCURRENT freed 326K, 4% free 9903K/10311K, paused 2ms+2ms
07-18 23:59:04.906   144  6618 I ActivityManager: Process com.google.android.apps.maps:LocationFriendService (pid 768) has died.
07-18 23:59:10.070 28956 28956 W ThumbnailCache: Low Memory: Freed 0 textures from compression queue, 0 from write queue, 0 from the pinned list, 0 from the cache.
07-18 23:59:10.156 28956 28956 D dalvikvm: GC_EXPLICIT freed 2K, 21% free 11515K/14471K, paused 19ms+3ms
07-18 23:59:11.866 29920 29933 I PhoneLab-: Service Running
07-18 23:59:11.976 29920 29933 I PhoneLab-LoggerService: app_37    1395  1     1432   980   c00f181c 400107b4 S logcat
07-18 23:59:11.976 29920 29933 I PhoneLab-LoggerService: Logcat pid from database 1395
07-18 23:59:11.976 29920 29933 I PhoneLab-LoggerService: Logcat process found 1395
07-18 23:59:11.976 29920 29933 I PhoneLab-LoggerService: Checking Threshold
07-18 23:59:11.980 29920 29933 I PhoneLab-LoggerService: Starting to rename files
07-18 23:59:11.980 29920 29933 I PhoneLab-LoggerService: Files found .. 2
07-18 23:59:15.081 28974 28974 D dalvikvm: GC_EXPLICIT freed <1K, 3% free 9238K/9479K, paused 21ms+2ms
07-18 23:59:20.046 29139 29139 D dalvikvm: GC_EXPLICIT freed <1K, 4% free 9238K/9543K, paused 14ms+2ms
07-18 23:59:25.062 29782 29782 D dalvikvm: GC_EXPLICIT freed 275K, 6% free 10396K/11015K, paused 16ms+2ms
07-18 23:59:30.093 30195 30195 D dalvikvm: GC_EXPLICIT freed <1K, 4% free 9051K/9347K, paused 25ms+2ms
07-18 23:59:35.058 30405 30405 D dalvikvm: GC_EXPLICIT freed 22K, 4% free 9130K/9479K, paused 14ms+2ms
07-18 23:59:40.081 31141 31141 D dalvikvm: GC_EXPLICIT freed <1K, 6% free 9658K/10247K, paused 16ms+2ms
07-18 23:59:43.116   144   174 I ActivityManager: Start proc com.twitter.android for service com.twitter.android/.client.AppService: pid=793 uid=10064 gids={3003, 1015}
07-18 23:59:43.120   793   793 I dalvikvm: Turning on JNI app bug workarounds for target SDK version 11...
07-18 23:59:43.265   793   793 I ActivityThread: Pub com.twitter.android.provider.GlobalDatabaseProvider: com.twitter.android.provider.GlobalDatabaseProvider
07-18 23:59:43.277   793   793 I ActivityThread: Pub com.twitter.android.provider.TwitterProvider: com.twitter.android.provider.TwitterProvider
07-18 23:59:43.343   793   795 D dalvikvm: GC_CONCURRENT freed 172K, 4% free 9297K/9607K, paused 2ms+2ms
07-18 23:59:43.890   793   795 D dalvikvm: GC_CONCURRENT freed 217K, 4% free 9511K/9863K, paused 4ms+2ms
07-18 23:59:44.019   793   795 D dalvikvm: GC_CONCURRENT freed 287K, 5% free 9638K/10055K, paused 2ms+2ms
07-18 23:59:44.148   793   795 D dalvikvm: GC_CONCURRENT freed 291K, 5% free 9761K/10183K, paused 1ms+2ms
07-18 23:59:44.269   793   795 D dalvikvm: GC_CONCURRENT freed 308K, 5% free 9891K/10311K, paused 2ms+2ms
07-18 23:59:44.386   793   795 D dalvikvm: GC_CONCURRENT freed 303K, 5% free 10021K/10439K, paused 2ms+1ms
07-18 23:59:44.503   793   795 D dalvikvm: GC_CONCURRENT freed 303K, 4% free 10152K/10567K, paused 2ms+2ms
07-18 23:59:44.632   793   795 D dalvikvm: GC_CONCURRENT freed 293K, 4% free 10276K/10695K, paused 2ms+2ms
07-18 23:59:45.046   793   795 D dalvikvm: GC_CONCURRENT freed 472K, 6% free 10224K/10823K, paused 2ms+39ms
07-18 23:59:45.097 29920 29920 D dalvikvm: GC_EXPLICIT freed 241K, 15% free 9094K/10631K, paused 2ms+5ms
07-18 23:59:45.218   793   795 D dalvikvm: GC_CONCURRENT freed 319K, 5% free 10319K/10823K, paused 2ms+2ms
07-18 23:59:45.366   793   795 D dalvikvm: GC_CONCURRENT freed 377K, 5% free 10400K/10887K, paused 2ms+1ms
07-18 23:59:45.488   793   795 D dalvikvm: GC_CONCURRENT freed 354K, 5% free 10483K/10951K, paused 2ms+2ms
07-18 23:59:45.601   793   795 D dalvikvm: GC_CONCURRENT freed 340K, 5% free 10564K/11015K, paused 2ms+2ms
07-18 23:59:45.726   793   795 D dalvikvm: GC_CONCURRENT freed 375K, 5% free 10657K/11143K, paused 2ms+2ms
07-18 23:59:45.855   793   795 D dalvikvm: GC_CONCURRENT freed 408K, 5% free 10754K/11271K, paused 2ms+2ms
07-18 23:59:46.015   793   795 D dalvikvm: GC_CONCURRENT freed 416K, 5% free 10895K/11399K, paused 1ms+3ms
07-18 23:59:48.265   793   795 D dalvikvm: GC_CONCURRENT freed 361K, 4% free 11137K/11591K, paused 3ms+2ms
07-18 23:59:50.175   410   410 D dalvikvm: GC_EXPLICIT freed 290K, 6% free 10742K/11335K, paused 40ms+3ms
07-18 23:59:55.148   598   598 D dalvikvm: GC_EXPLICIT freed 555K, 7% free 9866K/10503K, paused 36ms+2ms
07-18 23:59:56.308   144   176 I power   : *** set_screen_state 1
07-18 23:59:56.519    78   123 D SurfaceFlinger: Screen about to return, flinger = 0x16bd918
07-18 23:59:56.523   144   176 I WindowManager: Lock screen displayed!
07-18 23:59:56.659   144 14192 I ActivityManager: Process com.twitter.android (pid 793) has died.
07-18 23:59:57.085   215   215 D PhoneStatusBar: disable: < expand icons alerts ticker system_info BACK HOME recent* CLOCK >
07-18 23:59:57.109   144   161 I ActivityManager: Start proc com.google.android.apps.gesturesearch for broadcast com.google.android.apps.gesturesearch/.motion.ScreenStateReceiver: pid=813 uid=10088 gids={3003}
07-18 23:59:57.136   215   215 D PhoneStatusBar: disable: < expand icons alerts ticker system_info back* home* recent clock* >
07-18 23:59:57.148   144  1167 W InputManagerService: Window already focused, ignoring focus gain of: com.android.internal.view.IInputMethodClient$Stub$Proxy@418b30f8
07-18 23:59:57.175   813   813 I dalvikvm: Turning on JNI app bug workarounds for target SDK version 8...
07-18 23:59:57.327   813   813 I ActivityThread: Pub com.google.android.apps.gesturesearch.history: com.google.android.apps.gesturesearch.data.QueryHistoryProvider
07-18 23:59:57.331   813   813 I ActivityThread: Pub com.google.android.apps.gesturesearch.index: com.google.android.apps.gesturesearch.data.IndexProvider
07-18 23:59:58.050   144   156 I ActivityManager: START {act=android.intent.action.MAIN cat=[android.intent.category.LAUNCHER] flg=0x10200000 cmp=com.google.android.talk/.SigningInActivity bnds=[96,706][192,802]} from pid 12865
07-18 23:59:58.140   144   390 I ActivityManager: Start proc com.google.android.talk for activity com.google.android.talk/.SigningInActivity: pid=827 uid=10045 gids={3003, 1015, 1006, 3002}
07-18 23:59:58.394   827   827 I ActivityThread: Pub com.google.android.talk.SuggestionProvider: com.google.android.talk.SuggestionsProvider
07-18 23:59:58.452 12865 12865 D OpenGLRenderer: Flushing caches (mode 1)
07-18 23:59:58.519   827   827 D vclib:CallStateClient: startListening
07-18 23:59:58.687   827   829 D dalvikvm: GC_CONCURRENT freed 126K, 3% free 9405K/9607K, paused 35ms+8ms
07-18 23:59:58.714   144   160 I Process : Sending signal. PID: 827 SIG: 3
07-18 23:59:58.714   827   832 I dalvikvm: threadid=3: reacting to signal 3
07-18 23:59:58.777   827   832 I dalvikvm: Wrote stack traces to '/data/anr/traces.txt'
07-18 23:59:59.199 12865 12865 D OpenGLRenderer: Flushing caches (mode 0)
07-18 23:59:59.199   144   160 I Process : Sending signal. PID: 827 SIG: 3
07-18 23:59:59.199   827   832 I dalvikvm: threadid=3: reacting to signal 3
07-18 23:59:59.206   827   832 I dalvikvm: Wrote stack traces to '/data/anr/traces.txt'
07-18 23:59:59.699   144   160 I Process : Sending signal. PID: 827 SIG: 3
07-18 23:59:59.699   827   832 I dalvikvm: threadid=3: reacting to signal 3
07-18 23:59:59.702   827   832 I dalvikvm: Wrote stack traces to '/data/anr/traces.txt'
07-19 00:00:00.109   144 15767 I ActivityManager: Start proc com.android.calendar for broadcast com.android.calendar/.widget.CalendarAppWidgetService$CalendarFactory: pid=852 uid=10005 gids={3003}
07-19 00:00:00.199   144   160 I Process : Sending signal. PID: 827 SIG: 3
07-19 00:00:00.199   827   832 I dalvikvm: threadid=3: reacting to signal 3
07-19 00:00:00.202   852   852 I ActivityThread: Pub com.android.calendar.CalendarRecentSuggestionsProvider: com.android.calendar.CalendarRecentSuggestionsProvider
07-19 00:00:00.206   827   832 I dalvikvm: Wrote stack traces to '/data/anr/traces.txt'
07-19 00:00:00.527   144  1168 I ActivityManager: Start proc com.android.providers.calendar for content provider com.android.providers.calendar/.CalendarProvider2: pid=868 uid=10006 gids={3003, 1015}
07-19 00:00:00.589   868   868 I ActivityThread: Pub com.android.calendar: com.android.providers.calendar.CalendarProvider2
07-19 00:00:00.702   144   160 I Process : Sending signal. PID: 827 SIG: 3
07-19 00:00:00.702   827   832 I dalvikvm: threadid=3: reacting to signal 3
07-19 00:00:00.706   827   832 I dalvikvm: Wrote stack traces to '/data/anr/traces.txt'
07-19 00:00:01.202   144   160 I Process : Sending signal. PID: 827 SIG: 3
07-19 00:00:01.202   827   832 I dalvikvm: threadid=3: reacting to signal 3
07-19 00:00:01.206   827   832 I dalvikvm: Wrote stack traces to '/data/anr/traces.txt'
07-19 00:00:01.499   144   156 I ActivityManager: Process com.android.calendar (pid 852) has died.
07-19 00:00:01.546   144   812 I ActivityManager: Applications Memory Usage (kB):
07-19 00:00:01.546   144   812 I ActivityManager: Uptime: 207306154 Realtime: 287264998
07-19 00:00:01.546   144   812 I ActivityManager: Total PSS by OOM adjustment:
07-19 00:00:01.546   144   812 I ActivityManager:     31354 kB: System
07-19 00:00:01.546   144   812 I ActivityManager:                31354 kB: system (pid 144)
07-19 00:00:01.546   144   812 I ActivityManager:     27701 kB: Persistent
07-19 00:00:01.546   144   812 I ActivityManager:                12241 kB: com.android.systemui (pid 215)
07-19 00:00:01.546   144   812 I ActivityManager:                11681 kB: com.android.phone (pid 346)
07-19 00:00:01.546   144   812 I ActivityManager:                 3779 kB: com.android.nfc (pid 359)
07-19 00:00:01.546   144   812 I ActivityManager:     26826 kB: Visible
07-19 00:00:01.546   144   812 I ActivityManager:                14305 kB: com.google.android.gsf.login (pid 13970)
07-19 00:00:01.546   144   812 I ActivityManager:                 9773 kB: com.google.process.gapps (pid 29612)
07-19 00:00:01.546   144   812 I ActivityManager:                 2748 kB: com.android.smspush (pid 435)
07-19 00:00:01.546   144   812 I ActivityManager:     39128 kB: Perceptible
07-19 00:00:01.546   144   812 I ActivityManager:                30402 kB: com.android.launcher (pid 12865)
07-19 00:00:01.546   144   812 I ActivityManager:                 8726 kB: com.klye.ime.latin (pid 321)
07-19 00:00:01.546   144   812 I ActivityManager:     25663 kB: A Services
07-19 00:00:01.546   144   812 I ActivityManager:                 9850 kB: com.facebook.katana (pid 410)
07-19 00:00:01.546   144   812 I ActivityManager:                 8837 kB: com.google.android.apps.maps (pid 642)
07-19 00:00:01.546   144   812 I ActivityManager:                 6976 kB: com.whatsapp (pid 598)
07-19 00:00:01.546   144   812 I ActivityManager:     73767 kB: Previous
07-19 00:00:01.546   144   812 I ActivityManager:                36628 kB: com.android.chrome (pid 28956)
07-19 00:00:01.546   144   812 I ActivityManager:                26213 kB: com.android.chrome:sandboxed_process0 (pid 28974)
07-19 00:00:01.546   144   812 I ActivityManager:                10926 kB: com.android.chrome:sandboxed_process1 (pid 29139)
07-19 00:00:01.546   144   812 I ActivityManager:     21432 kB: B Services
07-19 00:00:01.546   144   812 I ActivityManager:                 6885 kB: com.google.android.apps.maps:NetworkLocationService (pid 29782)
07-19 00:00:01.546   144   812 I ActivityManager:                 5002 kB: com.google.android.apps.googlevoice (pid 31141)
07-19 00:00:01.546   144   812 I ActivityManager:                 3752 kB: edu.buffalo.cse.phonelab.phonelabservices (pid 29920)
07-19 00:00:01.546   144   812 I ActivityManager:                 3295 kB: com.apksoftware.compass (pid 30405)
07-19 00:00:01.546   144   812 I ActivityManager:                 2498 kB: com.android.sprintmenu (pid 30195)
07-19 00:00:01.546   144   812 I ActivityManager: 
07-19 00:00:01.546   144   812 I ActivityManager: Total PSS: 245871 kB
07-19 00:00:01.546   144   812 I ActivityManager:   PID      Vss      Rss      Pss      Uss  cmdline
07-19 00:00:01.546   144   812 I ActivityManager: 28956   55932K   55840K   36688K   34852K  com.android.chrome
07-19 00:00:01.546   144   812 I ActivityManager:   144   49872K   49804K   31987K   29840K  system_server
07-19 00:00:01.546   144   812 I ActivityManager: 28974   43700K   43600K   26223K   25116K  com.android.chrome:sandboxed_process0
07-19 00:00:01.546   144   812 I ActivityManager: 12865   38736K   38644K   21626K   20544K  com.android.launcher
07-19 00:00:01.546   144   812 I ActivityManager: 13970   30080K   30000K   14242K   13500K  com.google.android.gsf.login
07-19 00:00:01.546   144   812 I ActivityManager:   215   31876K   31660K   12124K    8156K  com.android.systemui
07-19 00:00:01.546   144   812 I ActivityManager:   346   26976K   26904K   11588K   10848K  com.android.phone
07-19 00:00:01.546   144   812 I ActivityManager:    78   19660K   16660K   11510K    7116K  /system/bin/surfaceflinger
07-19 00:00:01.546   144   812 I ActivityManager: 29139   28468K   28368K   10932K    9864K  com.android.chrome:sandboxed_process1
07-19 00:00:01.546   144   812 I ActivityManager:   410   29368K   29264K    9759K    8472K  com.facebook.katana
07-19 00:00:01.546   144   812 I ActivityManager: 29612   27820K   27736K    9525K    8520K  com.google.process.gapps
07-19 00:00:01.546   144   812 I ActivityManager:   642   29508K   29444K    8695K    7076K  com.google.android.apps.maps
07-19 00:00:01.546   144   812 I ActivityManager:   321   24500K   24400K    8651K    7804K  com.klye.ime.latin
07-19 00:00:01.546   144   812 I ActivityManager:   827   28656K   28600K    7815K    6032K  com.google.android.talk
07-19 00:00:01.546   144   812 I ActivityManager:   598   27940K   27840K    6903K    5368K  com.whatsapp
07-19 00:00:01.546   144   812 I ActivityManager: 29782   25156K   25064K    6880K    5836K  com.google.android.apps.maps:NetworkLocationService
07-19 00:00:01.546   144   812 I ActivityManager: 31141   24140K   24040K    4978K    3944K  com.google.android.apps.googlevoice
07-19 00:00:01.546   144   812 I ActivityManager:   359   19348K   19252K    3841K    3120K  com.android.nfc
07-19 00:00:01.546   144   812 I ActivityManager: 29920   22448K   22348K    3727K    2724K  edu.buffalo.cse.phonelab.phonelabservices
07-19 00:00:01.546   144   812 I ActivityManager:   868   23656K   23552K    3431K    2064K  com.android.providers.calendar
07-19 00:00:01.546   144   812 I ActivityManager: 30405   22208K   22108K    3253K    2240K  com.apksoftware.compass
07-19 00:00:01.546   144   812 I ActivityManager:   813   22540K   22440K    2825K    1576K  com.google.android.apps.gesturesearch
07-19 00:00:01.546   144   812 I ActivityManager:   435   18468K   18356K    2720K    1928K  com.android.smspush
07-19 00:00:01.546   144   812 I ActivityManager: 30195   21008K   20904K    2487K    1504K  com.android.sprintmenu
07-19 00:00:01.546   144   812 I ActivityManager:    81    2196K    2196K    1877K    1852K  /system/bin/mediaserver
07-19 00:00:01.546   144   812 I ActivityManager:    79   18528K   18400K    1789K     812K  zygote
07-19 00:00:01.546   144   812 I ActivityManager:    80     956K     956K     878K     876K  /system/bin/drmserver
07-19 00:00:01.546   144   812 I ActivityManager:  1395     984K     980K     844K     840K  logcat
07-19 00:00:01.546   144   812 I ActivityManager:    77    1020K    1020K     742K     728K  /system/bin/rild
07-19 00:00:01.546   144   812 I ActivityManager:   275     676K     672K     509K     500K  /system/bin/wpa_supplicant
07-19 00:00:01.546   144   812 I ActivityManager:   881     624K     616K     495K     492K  procrank
07-19 00:00:01.546   144   812 I ActivityManager: 30617     608K     608K     418K     404K  /system/bin/netd
07-19 00:00:01.546   144   812 I ActivityManager:    88     404K     404K     388K     388K  /sbin/adbd
07-19 00:00:01.546   144   812 I ActivityManager:   292     332K     332K     300K     300K  /system/bin/bluetoothd
07-19 00:00:01.546   144   812 I ActivityManager:    72     380K     376K     290K     284K  /system/bin/vold
07-19 00:00:01.546   144   812 I ActivityManager:    86     436K     432K     281K     276K  /system/vendor/bin/gpsd
07-19 00:00:01.546   144   812 I ActivityManager: 28597     340K     336K     185K     180K  /system/bin/dhcpcd
07-19 00:00:01.546   144   812 I ActivityManager:    82     220K     212K     184K   
07-19 00:00:01.628   598   851 D dalvikvm: GC_FOR_ALLOC freed 22K, 7% free 9869K/10503K, paused 35ms
07-19 00:00:01.628   598   851 I dalvikvm-heap: Grow heap (frag case) to 9.836MB for 131088-byte allocation
07-19 00:00:01.699   144  1168 I ActivityManager: Start proc android.process.acore for content provider com.android.providers.contacts/.ContactsProvider2: pid=883 uid=10000 gids={3003, 1015}
07-19 00:00:01.702   144   160 I Process : Sending signal. PID: 827 SIG: 3
07-19 00:00:01.702   827   832 I dalvikvm: threadid=3: reacting to signal 3
07-19 00:00:01.722   827   832 I dalvikvm: Wrote stack traces to '/data/anr/traces.txt'
07-19 00:00:01.741   144 13425 I ActivityManager: Process com.google.android.apps.gesturesearch (pid 813) has died.
07-19 00:00:01.765   598   851 D dalvikvm: GC_FOR_ALLOC freed <1K, 7% free 9997K/10695K, paused 18ms
07-19 00:00:01.804   598   851 D dalvikvm: GC_FOR_ALLOC freed <1K, 7% free 9997K/10695K, paused 20ms
07-19 00:00:01.804   598   851 I dalvikvm-heap: Grow heap (frag case) to 9.961MB for 131088-byte allocation
07-19 00:00:01.866   883   883 I ActivityThread: Pub call_log: com.android.providers.contacts.CallLogProvider
07-19 00:00:01.921   883   883 I ActivityThread: Pub com.android.voicemail: com.android.providers.contacts.VoicemailContentProvider
07-19 00:00:01.925   883   883 I ActivityThread: Pub user_dictionary: com.android.providers.userdictionary.UserDictionaryProvider
07-19 00:00:01.964   883   883 I ActivityThread: Pub com.android.social: com.android.providers.contacts.SocialProvider
07-19 00:00:01.968   883   883 I ActivityThread: Pub applications: com.android.providers.applications.ApplicationsProvider
07-19 00:00:01.995   827   829 D dalvikvm: GC_CONCURRENT freed 313K, 5% free 9564K/9991K, paused 2ms+15ms
07-19 00:00:02.031   144  6618 I ActivityManager: Start proc android.process.media for content provider com.android.providers.media/.MediaProvider: pid=897 uid=10012 gids={1015, 1023, 1024, 2001, 3003, 3007}
07-19 00:00:02.034   827   827 D vclib:CallStateClient: startListening
07-19 00:00:02.093   897   897 I ActivityThread: Pub downloads: com.android.providers.downloads.DownloadProvider
07-19 00:00:02.140   897   897 I ActivityThread: Pub drm: com.android.providers.drm.DrmProvider
07-19 00:00:02.144   897   911 I DownloadManager: in removeSpuriousFiles
07-19 00:00:02.148   144 12390 I ActivityManager: Process com.facebook.katana (pid 410) has died.
07-19 00:00:02.148   144 12390 W ActivityManager: Scheduling restart of crashed service com.facebook.katana/.service.MediaUploadService in 5000ms
07-19 00:00:02.234   883   885 D dalvikvm: GC_CONCURRENT freed 332K, 5% free 9146K/9607K, paused 91ms+3ms
07-19 00:00:02.253   144   160 I Process : Sending signal. PID: 827 SIG: 3
07-19 00:00:02.253   827   832 I dalvikvm: threadid=3: reacting to signal 3
07-19 00:00:02.265   897   911 I DownloadManager: in removeSpuriousFiles, preserving file /data/data/com.android.providers.downloads/cache/metadata.json
07-19 00:00:02.265   897   911 I DownloadManager: in removeSpuriousFiles, preserving file /data/data/com.android.providers.downloads/cache/en_general.htm
07-19 00:00:02.265   897   911 I DownloadManager: in removeSpuriousFiles, preserving file /mnt/sdcard/Download/img-thing.jpeg
07-19 00:00:02.265   897   911 I DownloadManager: in removeSpuriousFiles, preserving file /data/data/com.android.providers.downloads/cache/metadata-1.json
07-19 00:00:02.265   897   911 I DownloadManager: in removeSpuriousFiles, preserving file /data/data/com.android.providers.downloads/cache/downloadfile.jpeg
07-19 00:00:02.265   897   911 I DownloadManager: in removeSpuriousFiles, preserving file /data/data/com.android.providers.downloads/cache/metadata-2.json
07-19 00:00:02.265   897   911 I DownloadManager: in removeSpuriousFiles, preserving file /data/data/com.android.providers.downloads/cache/metadata-3.json
07-19 00:00:02.265   897   911 I DownloadManager: in removeSpuriousFiles, preserving file /data/data/com.android.providers.downloads/cache/downloadfile-1.jpeg
07-19 00:00:02.265   897   911 I DownloadManager: in removeSpuriousFiles, preserving file /data/data/com.android.providers.downloads/cache/downloadfile-2.jpeg
07-19 00:00:02.265   897   911 I DownloadManager: in removeSpuriousFiles, preserving file /data/data/com.android.providers.downloads/cache/metadata-4.json
07-19 00:00:02.265   897   911 I DownloadManager: in removeSpuriousFiles, preserving file /data/data/com.android.providers.downloads/cache/metadata-5.json
07-19 00:00:02.265   897   911 I DownloadManager: in removeSpuriousFiles, preserving file /data/data/com.android.providers.downloads/cache/metadata-6.json
07-19 00:00:02.269   897   911 I DownloadManager: deleting spurious file /cache/backup
07-19 00:00:02.413   897   897 I ActivityThread: Pub media: com.android.providers.media.MediaProvider
07-19 00:00:02.488   598   851 D dalvikvm: GC_FOR_ALLOC freed 128K, 9% free 9997K/10887K, paused 43ms
07-19 00:00:02.503   883   883 I ActivityThread: Pub contacts;com.android.contacts: com.android.providers.contacts.ContactsProvider2
07-19 00:00:02.511   827   832 I dalvikvm: Wrote stack traces to '/data/anr/traces.txt'
07-19 00:00:02.570   868   868 I CalendarProvider2: Sending notification intent: Intent { act=android.intent.action.PROVIDER_CHANGED dat=content://com.android.calendar }
07-19 00:00:02.574   868   868 W ContentResolver: Failed to get type for: content://com.android.calendar (Unknown URL content://com.android.calendar)
07-19 00:00:02.597   144   161 I ActivityManager: Start proc com.android.calendar for broadcast com.android.calendar/.widget.CalendarAppWidgetService$CalendarFactory: pid=913 uid=10005 gids={3003}
07-19 00:00:02.667   144   144 I ActivityManager: Process com.android.providers.calendar (pid 868) has died.
07-19 00:00:02.792   827   827 D libEGL  : loaded /system/lib/egl/libGLES_android.so
07-19 00:00:02.808   827   827 D libEGL  : loaded /vendor/lib/egl/libEGL_POWERVR_SGX540_120.so
07-19 00:00:02.839   827   827 D libEGL  : loaded /vendor/lib/egl/libGLESv1_CM_POWERVR_SGX540_120.so
07-19 00:00:02.847   827   827 D libEGL  : loaded /vendor/lib/egl/libGLESv2_POWERVR_SGX540_120.so
07-19 00:00:02.859   144   160 I Process : Sending signal. PID: 827 SIG: 3
07-19 00:00:02.859   827   832 I dalvikvm: threadid=3: reacting to signal 3
07-19 00:00:02.894   913   913 I ActivityThread: Pub com.android.calendar.CalendarRecentSuggestionsProvider: com.android.calendar.CalendarRecentSuggestionsProvider
07-19 00:00:02.988   827   827 D OpenGLRenderer: Enabling debug mode 0
07-19 00:00:03.066   827   832 I dalvikvm: Wrote stack traces to '/data/anr/traces.txt'
07-19 00:00:03.206   144   175 I ActivityManager: Displayed com.google.android.talk/.SigningInActivity: +5s135ms
07-19 00:00:03.312 12865 12865 D OpenGLRenderer: Flushing caches (mode 2)
07-19 00:00:03.327 12865 12865 D OpenGLRenderer: Flushing caches (mode 0)
07-19 00:00:03.546   897   900 D dalvikvm: GC_CONCURRENT freed 374K, 5% free 9158K/9607K, paused 2ms+3ms
07-19 00:00:03.620   144   388 I ActivityManager: Start proc com.android.providers.calendar for content provider com.android.providers.calendar/.CalendarProvider2: pid=934 uid=10006 gids={3003, 1015}
07-19 00:00:03.663   598   851 D dalvikvm: GC_FOR_ALLOC freed 257K, 9% free 9997K/10887K, paused 50ms
07-19 00:00:03.671   934   934 I ActivityThread: Pub com.android.calendar: com.android.providers.calendar.CalendarProvider2
07-19 00:00:03.741   144 13425 I ActivityManager: Process com.android.calendar (pid 913) has died.
07-19 00:00:03.792   144   317 I ActivityManager: Process com.android.providers.calendar (pid 934) has died.
07-19 00:00:03.808   144   317 I ActivityManager: Start proc com.android.providers.calendar for restart com.android.providers.calendar: pid=949 uid=10006 gids={3003, 1015}
07-19 00:00:03.835   949   949 I ActivityThread: Pub com.android.calendar: com.android.providers.calendar.CalendarProvider2
07-19 00:00:04.058   883   885 D dalvikvm: GC_CONCURRENT freed 150K, 3% free 9382K/9671K, paused 3ms+2ms
07-19 00:00:04.089   144   144 I ActivityManager: Start proc com.google.android.apps.maps:LocationFriendService for service com.google.android.apps.maps/com.google.googlenav.friend.reporting.LocationReceiverService: pid=963 uid=10056 gids={3003, 1015}
07-19 00:00:04.128    79    79 D dalvikvm: GC_EXPLICIT freed 37K, 4% free 9027K/9347K, paused 2ms+3ms
07-19 00:00:04.159    79    79 D dalvikvm: GC_EXPLICIT freed <1K, 4% free 9027K/9347K, paused 2ms+2ms
07-19 00:00:04.187    79    79 D dalvikvm: GC_EXPLICIT freed <1K, 4% free 9027K/9347K, paused 1ms+2ms
07-19 00:00:04.241   144 14192 I ActivityManager: Process com.android.providers.calendar (pid 949) has died.
07-19 00:00:04.382   963   966 D dalvikvm: GC_CONCURRENT freed 178K, 3% free 9354K/9607K, paused 14ms+2ms
07-19 00:00:04.558   144 12390 I ActivityManager: Process com.google.android.apps.maps:NetworkLocationService (pid 29782) has died.
07-19 00:00:04.558   144 12390 W ActivityManager: Scheduling restart of crashed service com.google.android.apps.maps/com.google.android.location.internal.server.NetworkLocationService in 12591ms
07-19 00:00:04.616 29612 29690 D dalvikvm: GC_EXPLICIT freed 192K, 5% free 10123K/10631K, paused 127ms+11ms
07-19 00:00:04.706   346   346 D SAN_SERVICE: *******************************************
07-19 00:00:04.706   346   346 D SAN_SERVICE: DM App Phone Service State - 0
07-19 00:00:04.706   346   346 D SAN_SERVICE: *******************************************
07-19 00:00:04.851   598   851 D dalvikvm: GC_FOR_ALLOC freed 257K, 9% free 9997K/10887K, paused 27ms
07-19 00:00:04.859   346   346 D SAN_SERVICE: *******************************************
07-19 00:00:04.859   346   346 D SAN_SERVICE: DM App Phone Service State - 0
07-19 00:00:04.863   346   346 D SAN_SERVICE: *******************************************
07-19 00:00:04.870   963   966 D dalvikvm: GC_CONCURRENT freed 159K, 3% free 9658K/9927K, paused 53ms+3ms
07-19 00:00:05.304   963   966 D dalvikvm: GC_CONCURRENT freed 290K, 5% free 9836K/10247K, paused 2ms+5ms
07-19 00:00:05.394   827   827 D vclib:CallStateClient: stopListening
07-19 00:00:05.394   827   827 D vclib:CallStateClient: startListening
07-19 00:00:05.534   963   970 I dalvikvm: Total arena pages for JIT: 11
07-19 00:00:05.534   963   970 I dalvikvm: Total arena pages for JIT: 12
07-19 00:00:05.534   963   970 I dalvikvm: Total arena pages for JIT: 13
07-19 00:00:05.538   963   970 I dalvikvm: Total arena pages for JIT: 14
07-19 00:00:05.538   963   970 I dalvikvm: Total arena pages for JIT: 15
07-19 00:00:05.538   963   970 I dalvikvm: Total arena pages for JIT: 16
07-19 00:00:05.538   963   970 I dalvikvm: Total arena pages for JIT: 17
07-19 00:00:05.620   346   346 D SAN_SERVICE: *******************************************
07-19 00:00:05.620   346   346 D SAN_SERVICE: DM App Phone Service State - 0
07-19 00:00:05.620   346   346 D SAN_SERVICE: *******************************************
07-19 00:00:05.675   827   829 D dalvikvm: GC_CONCURRENT freed 322K, 5% free 9693K/10119K, paused 15ms+3ms
07-19 00:00:05.866   827   829 D dalvikvm: GC_CONCURRENT freed 115K, 3% free 10077K/10311K, paused 2ms+6ms
07-19 00:00:06.027   144   155 I ActivityManager: Process android.process.media (pid 897) has died.
07-19 00:00:06.116   963   966 D dalvikvm: GC_CONCURRENT freed 331K, 5% free 9988K/10439K, paused 3ms+3ms
07-19 00:00:06.476   883   885 D dalvikvm: GC_CONCURRENT freed 184K, 4% free 9605K/9927K, paused 12ms+9ms
07-19 00:00:06.972   827   829 D dalvikvm: GC_CONCURRENT freed 189K, 3% free 10348K/10631K, paused 1ms+145ms
07-19 00:00:07.253   827   829 D dalvikvm: GC_CONCURRENT freed 211K, 4% free 10556K/10951K, paused 2ms+5ms
07-19 00:00:07.347   144   161 I ActivityManager: Start proc com.facebook.katana for service com.facebook.katana/.service.MediaUploadService: pid=993 uid=10071 gids={3003, 1006, 1015}
07-19 00:00:07.386   993   993 I dalvikvm: Turning on JNI app bug workarounds for target SDK version 10...
07-19 00:00:07.554   144   146 D dalvikvm: GC_CONCURRENT freed 1856K, 21% free 19236K/24199K, paused 13ms+26ms
07-19 00:00:07.730   993   995 D dalvikvm: GC_CONCURRENT freed 147K, 3% free 9385K/9607K, paused 2ms+5ms
07-19 00:00:07.933   993   995 D dalvikvm: GC_CONCURRENT freed 121K, 3% free 9673K/9927K, paused 1ms+2ms
07-19 00:00:08.003   993   993 I ActivityThread: Pub com.facebook.katana.provider.LoggingProvider: com.facebook.katana.provider.LoggingProvider
07-19 00:00:08.034   993   993 I ActivityThread: Pub com.facebook.katana.provider.KeyValueProvider: com.facebook.katana.provider.KeyValueProvider
07-19 00:00:08.034   993   993 I ActivityThread: Pub com.facebook.katana.provider.CacheProvider: com.facebook.katana.provider.CacheProvider
07-19 00:00:08.038   993   993 I ActivityThread: Pub com.facebook.katana.provider.VaultImageProvider: com.facebook.katana.provider.VaultImageProvider
07-19 00:00:08.038   993   993 I ActivityThread: Pub com.facebook.katana.provider.MailboxProvider: com.facebook.katana.provider.MailboxProvider
07-19 00:00:08.038   993   993 I ActivityThread: Pub com.facebook.katana.provider.UserStatusesProvider: com.facebook.katana.provider.UserStatusesProvider
07-19 00:00:08.042   993   993 I ActivityThread: Pub com.facebook.katana.provider.EventsProvider: com.facebook.katana.provider.EventsProvider
07-19 00:00:08.042   993   993 I ActivityThread: Pub com.facebook.katana.provider.ObservedContactsProvider: com.facebook.katana.provider.ObservedContactsProvider
07-19 00:00:08.046   993   993 I ActivityThread: Pub com.facebook.katana.provider.NotificationsProvider: com.facebook.katana.provider.NotificationsProvider
07-19 00:00:08.062   993   993 I ActivityThread: Pub com.facebook.katana.provider.UserValuesProvider: com.facebook.katana.provider.UserValuesProvider
07-19 00:00:08.062   993   993 I ActivityThread: Pub com.facebook.katana.provider.PagesProvider: com.facebook.katana.provider.PagesProvider
07-19 00:00:08.062   993   993 I ActivityThread: Pub com.facebook.katana.provider.MobileEventLogProvider: com.facebook.katana.provider.MobileEventLogProvider
07-19 00:00:08.062   993   993 I ActivityThread: Pub com.facebook.katana.provider.PushNotificationsProvider: com.facebook.katana.provider.PushNotificationsProvider
07-19 00:00:08.066   993   993 I ActivityThread: Pub com.facebook.katana.provider.PhotosProvider: com.facebook.katana.provider.PhotosProvider
07-19 00:00:08.066   993   993 I ActivityThread: Pub com.facebook.katana.provider.ConnectionsProvider: com.facebook.katana.provider.ConnectionsProvider
07-19 00:00:08.101   993   993 I ActivityThread: Pub com.facebook.orca.notify.FbandroidMessagesForegroundProvider: com.facebook.orca.notify.FbandroidMessagesForegroundProvider
07-19 00:00:08.148   993   993 D ACRA    : Retrieve application default SharedPreferences.
07-19 00:00:08.163   993   993 D ACRA    : Set OnSharedPreferenceChangeListener.
07-19 00:00:08.183   993   993 D ACRA    : ACRA is enabled for com.facebook.katana, intializing...
07-19 00:00:08.241   993   993 D ACRA    : Looking for error files in /data/data/com.facebook.katana/app_acra-reports
07-19 00:00:08.359   993   993 W nalizableReferenceQueue: Could not load Finalizer in its own class loader.Loading Finalizer in the current class loader instead. As a result, you will not be ableto garbage collect this class loader. To support reclaiming this class loader, eitherresolve the underlying issue, or move Google Collections to your system class path.
07-19 00:00:08.359   993   993 W nalizableReferenceQueue: java.io.FileNotFoundException: com/google/common/base/internal/Finalizer.class
07-19 00:00:08.359   993   993 W nalizableReferenceQueue: 	at com.google.common.base.FinalizableReferenceQueue$DecoupledLoader.getBaseUrl(FinalizableReferenceQueue.java:243)
07-19 00:00:08.359   993   993 W nalizableReferenceQueue: 	at com.google.common.base.FinalizableReferenceQueue$DecoupledLoader.loadFinalizer(FinalizableReferenceQueue.java:227)
07-19 00:00:08.359   993   993 W nalizableReferenceQueue: 	at com.google.common.base.FinalizableReferenceQueue.loadFinalizer(FinalizableReferenceQueue.java:155)
07-19 00:00:08.359   993   993 W nalizableReferenceQueue: 	at com.google.common.base.FinalizableReferenceQueue.<clinit>(FinalizableReferenceQueue.java:84)
07-19 00:00:08.359   993   993 W nalizableReferenceQueue: 	at com.google.common.collect.CustomConcurrentHashMap$QueueHolder.<clinit>(CustomConcurrentHashMap.java:650)
07-19 00:00:08.359   993   993 W nalizableReferenceQueue: 	at com.google.common.collect.CustomConcurrentHashMap$WeakEntry.<init>(CustomConcurrentHashMap.java:1342)
07-19 00:00:08.359   993   993 W nalizableReferenceQueue: 	at com.google.common.collect.CustomConcurrentHashMap$EntryFactory$9.newEntry(CustomConcurrentHashMap.java:453)
07-19 00:00:08.359   993   993 W nalizableReferenceQueue: 	at com.google.common.collect.CustomConcurrentHashMap.a(CustomConcurrentHashMap.java:1715)
07-19 00:00:08.359   993   993 W nalizableReferenceQueue: 	at com.google.common.collect.ComputingConcurrentHashMap$ComputingSegment.a(ComputingConcurrentHashMap.java:123)
07-19 00:00:08.359   993   993 W nalizableReferenceQueue: 	at com.google.common.collect.ComputingConcurrentHashMap.apply(ComputingConcurrentHashMap.java:71)
07-19 00:00:08.359   993   993 W nalizableReferenceQueue: 	at com.google.common.collect.MapMaker$ComputingMapAdapter.get(MapMaker.java:848)
07-19 00:00:08.359   993   993 W nalizableReferenceQueue: 	at com.google.inject.internal.Annotations$AnnotationChecker.a(Annotations.java:90)
07-19 00:00:08.359   993   993 W nalizableReferenceQueue: 	at com.google.inject.internal.Annotations.c(Annotations.java:108)
07-19 00:00:08.359   993   993 W nalizableReferenceQueue: 	at com.google.inject.Key.d(Key.java:369)
07-19 00:00:08.359   993   993 W nalizableReferenceQueue: 	at com.google.inject.Key.b(Key.java:356)
07-19 00:00:08.359   993   993 W nalizableReferenceQueue: 	at com.google.inject.Key.a(Key.java:267)
07-19 00:00:08.359   993   993 W nalizableReferenceQueue: 	at com.facebook.orca.inject.binder.AnnotatedBindingBuilderImpl.a(AnnotatedBindingBuilderImpl.java:22)
07-19 00:00:08.359   993   993 W nalizableReferenceQueue: 	at com.facebook.orca.app.FbBaseModule.a(FbBaseModule.java:75)
07-19 00:00:08.359   993   993 W nalizableReferenceQueue: 	at com.facebook.orca.inject.AbstractModule.a(AbstractModule.java:19)
07-19 00:00:08.359   993   993 W nalizableReferenceQueue: 	at com.facebook.orca.inject.FbInjectorImpl.a(FbInjectorImpl.java:63)
07-19 00:00:08.359   993   993 W nalizableReferenceQueue: 	at com.facebook.orca.inject.FbInjectorImpl.<init>(FbInjectorImpl.java:41)
07-19 00:00:08.359   993   993 W nalizableReferenceQueue: 	at com.facebook.orca.inject.FbInjector.a(FbInjector.java:40)
07-19 00:00:08.359   993   993 W nalizableReferenceQueue: 	at com.facebook.katana.FacebookApplication.onCreate(FacebookApplication.java:102)
07-19 00:00:08.359   993   993 W nalizableReferenceQueue: 	at android.app.Instrumentation.callApplicationOnCreate(Instrumentation.java:969)
07-19 00:00:08.359   993   993 W nalizableReferenceQueue: 	at android.app.ActivityThread.handleBindApplication(ActivityThread.java:3954)
07-19 00:00:08.359   993   993 W nalizableReferenceQueue: 	at android.app.ActivityThread.access$1300(ActivityThread.java:123)
07-19 00:00:08.359   993   993 W nalizableReferenceQueue: 	at android.app.ActivityThread$H.handleMessage(ActivityThread.java:1185)
07-19 00:00:08.359   993   993 W nalizableReferenceQueue: 	at android.os.Handler.dispatchMessage(Handler.java:99)
07-19 00:00:08.359   993   993 W nalizableReferenceQueue: 	at android.os.Looper.loop(Looper.java:137)
07-19 00:00:08.359   993   993 W nalizableReferenceQueue: 	at android.app.ActivityThread.main(ActivityThread.java:4424)
07-19 00:00:08.359   993   993 W nalizableReferenceQueue: 	at java.lang.reflect.Method.invokeNative(Native Method)
07-19 00:00:08.359   993   993 W nalizableReferenceQueue: 	at java.lang.reflect.Method.invoke(Method.java:511)
07-19 00:00:08.359   993   993 W nalizableReferenceQueue: 	at com.android.internal.os.ZygoteInit$MethodAndArgsCaller.run(ZygoteInit.java:784)
07-19 00:00:08.359   993   993 W nalizableReferenceQueue: 	at com.android.internal.os.ZygoteInit.main(ZygoteInit.java:551)
07-19 00:00:08.359   993   993 W nalizableReferenceQueue: 	at dalvik.system.NativeStart.main(Native Method)
07-19 00:00:08.359   993   993 I Finalizer: Couldn't access Thread.inheritableThreadLocals. Reference finalizer threads will inherit thread local values.
07-19 00:00:08.409   993   995 D dalvikvm: GC_CONCURRENT freed 365K, 5% free 9869K/10311K, paused 7ms+4ms
07-19 00:00:08.581   827   829 D dalvikvm: GC_CONCURRENT freed 429K, 6% free 10582K/11143K, paused 1ms+14ms
07-19 00:00:08.745   993   995 D dalvikvm: GC_CONCURRENT freed 428K, 5% free 9999K/10503K, paused 3ms+3ms
07-19 00:00:08.929   144   156 I ActivityManager: Process com.google.android.apps.maps:LocationFriendService (pid 963) has died.
07-19 00:00:09.038   993   995 D dalvikvm: GC_CONCURRENT freed 412K, 5% free 10127K/10631K, paused 2ms+7ms
07-19 00:00:09.523   993   995 D dalvikvm: GC_CONCURRENT freed 301K, 4% free 10357K/10759K, paused 3ms+9ms
07-19 00:00:09.589   993  1011 W Resources: Converting to string: TypedValue{t=0x10/d=0xffffffff a=-1}
07-19 00:00:10.183   993   995 D dalvikvm: GC_CONCURRENT freed 374K, 5% free 10432K/10887K, paused 4ms+12ms
07-19 00:00:10.374   144   199 D DhcpInfoInternal: makeLinkProperties with empty dns2!
07-19 00:00:10.374   144   199 D DhcpInfoInternal: makeLinkProperties with empty dns2!
07-19 00:00:10.394   827   829 D dalvikvm: GC_CONCURRENT freed 470K, 6% free 10575K/11207K, paused 3ms+4ms
07-19 00:00:10.906   144   317 D dalvikvm: GC_EXPLICIT freed 906K, 24% free 18410K/24199K, paused 14ms+8ms
07-19 00:00:11.546   827   827 D dalvikvm: GC_FOR_ALLOC freed 399K, 6% free 10554K/11207K, paused 27ms
07-19 00:00:11.921   827   829 D dalvikvm: GC_CONCURRENT freed 356K, 6% free 10584K/11207K, paused 3ms+4ms
07-19 00:00:12.374   993   995 D dalvikvm: GC_CONCURRENT freed 347K, 5% free 10544K/11015K, paused 20ms+7ms
07-19 00:00:12.714   827   829 D dalvikvm: GC_CONCURRENT freed 450K, 6% free 10535K/11207K, paused 83ms+4ms
07-19 00:00:12.894   827   829 D dalvikvm: GC_CONCURRENT freed 374K, 6% free 10578K/11207K, paused 2ms+4ms
07-19 00:00:13.710   883   885 D dalvikvm: GC_CONCURRENT freed 349K, 5% free 9701K/10183K, paused 20ms+8ms
07-19 00:00:14.984   993   995 D dalvikvm: GC_CONCURRENT freed 307K, 4% free 10637K/11079K, paused 20ms+26ms
07-19 00:00:16.093   827   827 D vclib:CallStateClient: stopListening
07-19 00:00:16.124   827   829 D dalvikvm: GC_CONCURRENT freed 452K, 6% free 10557K/11207K, paused 47ms+5ms
07-19 00:00:16.179   993   995 D dalvikvm: GC_CONCURRENT freed 366K, 5% free 10734K/11207K, paused 2ms+3ms
07-19 00:00:16.304   827   827 D vclib:CallStateClient: startListening
07-19 00:00:16.956   827   829 D dalvikvm: GC_CONCURRENT freed 552K, 8% free 10414K/11207K, paused 2ms+26ms
07-19 00:00:17.316   144   161 I ActivityManager: Start proc com.google.android.apps.maps:NetworkLocationService for service com.google.android.apps.maps/com.google.android.location.internal.server.NetworkLocationService: pid=1051 uid=10056 gids={3003, 1015}
07-19 00:00:17.718  1051  1053 D dalvikvm: GC_CONCURRENT freed 156K, 3% free 9376K/9607K, paused 6ms+2ms
07-19 00:00:17.796   144 14994 I ActivityManager: Process android.process.acore (pid 883) has died.
07-19 00:00:18.441  1051  1053 D dalvikvm: GC_CONCURRENT freed 154K, 3% free 9672K/9927K, paused 3ms+5ms
07-19 00:00:18.808   827   827 D vclib:CallStateClient: stopListening
07-19 00:00:19.066   827   827 D vclib:CallStateClient: startListening
07-19 00:00:19.452  1051  1053 D dalvikvm: GC_CONCURRENT freed 174K, 3% free 10061K/10311K, paused 9ms+3ms
07-19 00:00:19.667  1051  1053 D dalvikvm: GC_CONCURRENT freed 664K, 8% free 9883K/10631K, paused 2ms+2ms
07-19 00:00:19.792   144   161 I ActivityManager: Start proc com.google.android.apps.maps:FriendService for broadcast com.google.android.apps.maps/com.google.googlenav.friend.android.ServiceReceiver: pid=1073 uid=10056 gids={3003, 1015}
07-19 00:00:19.843   827   827 D vclib:CallStateClient: stopListening
07-19 00:00:19.843   827   827 D vclib:CallStateClient: startListening
07-19 00:00:20.101   827   829 D dalvikvm: GC_CONCURRENT freed 298K, 6% free 10590K/11207K, paused 11ms+3ms
07-19 00:00:20.179  1073  1075 D dalvikvm: GC_CONCURRENT freed 158K, 3% free 9373K/9607K, paused 7ms+6ms
07-19 00:00:20.226   827   827 D dalvikvm: GC_FOR_ALLOC freed 138K, 6% free 10570K/11207K, paused 51ms
07-19 00:00:20.308   827   827 D dalvikvm: GC_FOR_ALLOC freed 125K, 6% free 10607K/11207K, paused 24ms
07-19 00:00:20.441  1073  1075 D dalvikvm: GC_CONCURRENT freed 239K, 4% free 9672K/9991K, paused 2ms+3ms
07-19 00:00:20.628   144 12390 I ActivityManager: Start proc com.google.android.apps.maps:LocationFriendService for broadcast com.google.android.apps.maps/com.google.googlenav.friend.reporting.LocationReportingIntentReceiver: pid=1088 uid=10056 gids={3003, 1015}
07-19 00:00:20.648   321   322 D dalvikvm: GC_CONCURRENT freed 451K, 24% free 10154K/13191K, paused 21ms+6ms
07-19 00:00:20.808  1088  1090 D dalvikvm: GC_CONCURRENT freed 161K, 3% free 9371K/9607K, paused 2ms+3ms
07-19 00:00:21.027  1088  1090 D dalvikvm: GC_CONCURRENT freed 215K, 4% free 9685K/9991K, paused 3ms+3ms
07-19 00:00:21.050  1051  1058 I dalvikvm: Total arena pages for JIT: 11
07-19 00:00:21.054  1051  1058 I dalvikvm: Total arena pages for JIT: 12
07-19 00:00:21.054  1051  1058 I dalvikvm: Total arena pages for JIT: 13
07-19 00:00:21.054  1051  1058 I dalvikvm: Total arena pages for JIT: 14
07-19 00:00:21.054  1051  1058 I dalvikvm: Total arena pages for JIT: 15
07-19 00:00:21.054  1051  1058 I dalvikvm: Total arena pages for JIT: 16
07-19 00:00:21.054  1051  1058 I dalvikvm: Total arena pages for JIT: 17
07-19 00:00:21.070   144   310 I ActivityManager: Process com.whatsapp (pid 598) has died.
07-19 00:00:21.070   144   310 W ActivityManager: Scheduling restart of crashed service com.whatsapp/.messaging.MessageService in 5000ms
07-19 00:00:21.195  1051  1058 I dalvikvm: Total arena pages for JIT: 18
07-19 00:00:21.355   144   155 I ActivityManager: Process com.google.android.apps.maps:FriendService (pid 1073) has died.
07-19 00:00:21.363  1088  1090 D dalvikvm: GC_CONCURRENT freed 325K, 5% free 9895K/10311K, paused 6ms+10ms
07-19 00:00:21.491  1051  1053 D dalvikvm: GC_CONCURRENT freed 216K, 5% free 10156K/10631K, paused 2ms+3ms
07-19 00:00:22.191  1051  1053 D dalvikvm: GC_CONCURRENT freed 396K, 5% free 10199K/10695K, paused 24ms+3ms
07-19 00:00:22.870   993   995 D dalvikvm: GC_CONCURRENT freed 419K, 5% free 10779K/11335K, paused 3ms+6ms
07-19 00:00:23.331  1088  1090 D dalvikvm: GC_CONCURRENT freed 406K, 5% free 9991K/10503K, paused 4ms+2ms
07-19 00:00:23.366   827   827 D talk    : [BuddyList] closeAllChats
07-19 00:00:23.523   827   829 D dalvikvm: GC_CONCURRENT freed 427K, 6% free 10643K/11271K, paused 7ms+8ms
07-19 00:00:23.628   144 13425 W InputManagerService: Window already focused, ignoring focus gain of: com.android.internal.view.IInputMethodClient$Stub$Proxy@417a99d0
07-19 00:00:23.683   144 12390 I ActivityManager: Process com.google.android.apps.maps:LocationFriendService (pid 1088) has died.
07-19 00:00:23.699 29612 29614 D dalvikvm: GC_CONCURRENT freed 379K, 5% free 10190K/10695K, paused 13ms+5ms
07-19 00:00:24.284   827   829 D dalvikvm: GC_CONCURRENT freed 427K, 6% free 10689K/11271K, paused 2ms+4ms
07-19 00:00:25.988   827   827 D dalvikvm: GC_FOR_ALLOC freed 384K, 6% free 10692K/11335K, paused 21ms
07-19 00:00:26.085   144   161 I ActivityManager: Start proc com.whatsapp for service com.whatsapp/.messaging.MessageService: pid=1115 uid=10068 gids={1015, 3003}
07-19 00:00:26.093   827   827 D dalvikvm: GC_FOR_ALLOC freed 151K, 6% free 10763K/11335K, paused 30ms
07-19 00:00:26.113  1115  1115 I dalvikvm: Turning on JNI app bug workarounds for target SDK version 7...
07-19 00:00:26.316   827   827 D dalvikvm: GC_FOR_ALLOC freed 267K, 7% free 10764K/11463K, paused 25ms
07-19 00:00:26.394  1115  1118 D dalvikvm: GC_CONCURRENT freed 171K, 3% free 9361K/9607K, paused 3ms+2ms
07-19 00:00:26.827  1115  1118 D dalvikvm: GC_CONCURRENT freed 295K, 4% free 9613K/9991K, paused 6ms+3ms
07-19 00:00:27.441   827   827 D dalvikvm: GC_FOR_ALLOC freed 283K, 6% free 10788K/11463K, paused 42ms
07-19 00:00:27.683   144   155 D dalvikvm: GC_EXPLICIT freed 278K, 24% free 18439K/24199K, paused 11ms+16ms
07-19 00:00:27.710   144  1167 I ActivityManager: Start proc android.process.acore for content provider com.android.providers.contacts/.ContactsProvider2: pid=1135 uid=10000 gids={3003, 1015}
07-19 00:00:27.812  1135  1135 I ActivityThread: Pub call_log: com.android.providers.contacts.CallLogProvider
07-19 00:00:27.855  1135  1135 I ActivityThread: Pub com.android.voicemail: com.android.providers.contacts.VoicemailContentProvider
07-19 00:00:27.859  1135  1135 I ActivityThread: Pub user_dictionary: com.android.providers.userdictionary.UserDictionaryProvider
07-19 00:00:27.894  1135  1135 I ActivityThread: Pub com.android.social: com.android.providers.contacts.SocialProvider
07-19 00:00:27.894  1135  1135 I ActivityThread: Pub applications: com.android.providers.applications.ApplicationsProvider
07-19 00:00:27.921  1115  1115 I dalvikvm: Could not find method android.media.MediaMetadataRetriever.captureFrame, referenced from method com.whatsapp.q3.a
07-19 00:00:27.921  1115  1115 W dalvikvm: VFY: unable to resolve virtual method 502: Landroid/media/MediaMetadataRetriever;.captureFrame ()Landroid/graphics/Bitmap;
07-19 00:00:27.921  1115  1115 D dalvikvm: VFY: replacing opcode 0x6e at 0x0134
07-19 00:00:28.136  1135  1135 I ActivityThread: Pub contacts;com.android.contacts: com.android.providers.contacts.ContactsProvider2
07-19 00:00:28.195  1135  1137 D dalvikvm: GC_CONCURRENT freed 350K, 5% free 9182K/9607K, paused 2ms+7ms
07-19 00:00:28.249  1115  1118 D dalvikvm: GC_CONCURRENT freed 450K, 6% free 9719K/10247K, paused 2ms+15ms
07-19 00:00:28.300   827   827 D dalvikvm: GC_FOR_ALLOC freed 252K, 7% free 10775K/11463K, paused 76ms
07-19 00:00:28.656  1115  1118 D dalvikvm: GC_CONCURRENT freed 174K, 4% free 9992K/10311K, paused 3ms+11ms
07-19 00:00:29.042  1135  1137 D dalvikvm: GC_CONCURRENT freed 224K, 4% free 9374K/9735K, paused 3ms+3ms
07-19 00:00:29.574   827   827 D dalvikvm: GC_FOR_ALLOC freed 270K, 6% free 10809K/11463K, paused 40ms
07-19 00:00:30.730   827   827 D dalvikvm: GC_FOR_ALLOC freed 394K, 7% free 10799K/11527K, paused 22ms
07-19 00:00:31.054   827   827 D dalvikvm: GC_FOR_ALLOC freed 362K, 7% free 10819K/11527K, paused 32ms
07-19 00:00:32.699   144  1167 I ActivityManager: Process android.process.acore (pid 1135) has died.
07-19 00:00:33.671   827   827 D dalvikvm: GC_FOR_ALLOC freed 395K, 7% free 10807K/11527K, paused 23ms
07-19 00:00:34.077   827   827 D dalvikvm: GC_FOR_ALLOC freed 377K, 7% free 10779K/11527K, paused 22ms
07-19 00:00:34.960   827   827 D dalvikvm: GC_FOR_ALLOC freed 333K, 7% free 10768K/11527K, paused 26ms
07-19 00:00:35.355   827   827 D dalvikvm: GC_FOR_ALLOC freed 279K, 7% free 10805K/11527K, paused 25ms
07-19 00:00:36.949   144   180 I ActivityManager: START {act=android.intent.action.MAIN cat=[android.intent.category.HOME] flg=0x10200000 cmp=com.android.launcher/com.android.launcher2.Launcher} from pid 144
07-19 00:00:37.273   827   827 D OpenGLRenderer: Flushing caches (mode 0)
07-19 00:00:37.300   144 14192 W InputManagerService: Starting input on non-focused client com.android.internal.view.IInputMethodClient$Stub$Proxy@418b6628 (uid=10045 pid=827)
07-19 00:00:37.417   827   827 D vclib:CallStateClient: stopListening
07-19 00:00:37.437   827   827 D OpenGLRenderer: Flushing caches (mode 1)
07-19 00:00:37.452   827   827 D OpenGLRenderer: Flushing caches (mode 2)
07-19 00:00:37.472   827   827 D OpenGLRenderer: Flushing caches (mode 0)
07-19 00:00:38.148   144   172 I power   : *** set_screen_state 0
07-19 00:00:38.195    78   123 D SurfaceFlinger: About to give-up screen, flinger = 0x16bd918
07-19 00:00:38.402   144   176 V TransportControlView: Create TCV com.android.internal.widget.TransportControlView@4183edc8
07-19 00:00:38.480   215   215 D PhoneStatusBar: disable: < expand icons alerts ticker system_info back home RECENT* clock >
07-19 00:00:38.538   215   215 D PhoneStatusBar: disable: < expand icons alerts ticker system_info BACK* HOME* RECENT CLOCK* >
07-19 00:00:45.589   359   359 D dalvikvm: GC_EXPLICIT freed 1K, 6% free 9096K/9607K, paused 15ms+2ms
07-19 00:00:50.597 12865 12865 D dalvikvm: GC_EXPLICIT freed 183K, 23% free 12242K/15879K, paused 16ms+4ms
07-19 00:00:57.269   144   160 D dalvikvm: GC_EXPLICIT freed 610K, 21% free 19311K/24199K, paused 25ms+8ms
07-19 00:01:08.288   346   346 D dalvikvm: GC_EXPLICIT freed 59K, 10% free 11927K/13191K, paused 27ms+3ms
07-19 00:01:11.866 29920 29933 I PhoneLab-: Service Running
07-19 00:01:11.999 29920 29933 I PhoneLab-LoggerService: app_37    1395  1     1432   980   c00f181c 400107b4 S logcat
07-19 00:01:11.999 29920 29933 I PhoneLab-LoggerService: Logcat pid from database 1395
07-19 00:01:11.999 29920 29933 I PhoneLab-LoggerService: Logcat process found 1395
07-19 00:01:11.999 29920 29933 I PhoneLab-LoggerService: Checking Threshold
07-19 00:01:12.003 29920 29933 I PhoneLab-LoggerService: Starting to rename files
07-19 00:01:12.003 29920 29933 I PhoneLab-LoggerService: Files found .. 2
07-19 00:01:13.554   435   435 D dalvikvm: GC_EXPLICIT freed <1K, 4% free 9033K/9347K, paused 2ms+1ms
07-19 00:01:18.605   321   321 D dalvikvm: GC_EXPLICIT freed 78K, 24% free 10152K/13191K, paused 16ms+2ms
07-19 00:01:23.632  1051  1053 D dalvikvm: GC_CONCURRENT freed 515K, 6% free 10227K/10823K, paused 5ms+3ms
07-19 00:01:23.679   144   388 I ActivityManager: Start proc com.google.android.apps.maps:LocationFriendService for service com.google.android.apps.maps/com.google.googlenav.friend.reporting.LocationReceiverService: pid=1162 uid=10056 gids={3003, 1015}
07-19 00:01:23.855  1162  1165 D dalvikvm: GC_CONCURRENT freed 168K, 3% free 9364K/9607K, paused 6ms+3ms
07-19 00:01:24.031   144 14192 I WindowManager: WIN DEATH: Window{419707e8 com.android.chrome/com.google.android.apps.chrome.Main paused=false}
07-19 00:01:24.074   144   156 I ActivityManager: Process com.android.chrome (pid 28956) has died.
07-19 00:01:24.128  1162  1165 D dalvikvm: GC_CONCURRENT freed 134K, 3% free 9656K/9927K, paused 11ms+41ms
07-19 00:01:24.144   144   155 I ActivityManager: Process com.android.chrome:sandboxed_process0 (pid 28974) has died.
07-19 00:01:24.316 29139 29139 I chromium: [INFO:sandboxed_process_service.cc(317)] SandboxedProcessService: Force exiting sandboxed process.
07-19 00:01:24.417   144 14192 I ActivityManager: Process com.android.chrome:sandboxed_process1 (pid 29139) has died.
07-19 00:01:24.616  1183  1183 D dalvikvm: Late-enabling CheckJNI
07-19 00:01:24.624   144   161 I ActivityManager: Start proc com.xabber.androiddev for service com.xabber.androiddev/com.xabber.android.service.XMPPService: pid=1183 uid=10063 gids={3003, 1015}
07-19 00:01:24.667  1162  1165 D dalvikvm: GC_CONCURRENT freed 289K, 5% free 9823K/10247K, paused 3ms+3ms
07-19 00:01:24.695  1183  1183 I dalvikvm: Turning on JNI app bug workarounds for target SDK version 9...
07-19 00:01:25.027  1183  1186 D dalvikvm: GC_CONCURRENT freed 217K, 4% free 9314K/9607K, paused 2ms+2ms
07-19 00:01:25.066  1183  1186 D dalvikvm: GC_CONCURRENT freed 329K, 5% free 9471K/9927K, paused 1ms+1ms
07-19 00:01:25.199  1183  1186 D dalvikvm: GC_CONCURRENT freed 191K, 3% free 9853K/10119K, paused 1ms+3ms
07-19 00:01:25.355  1183  1186 D dalvikvm: GC_CONCURRENT freed 364K, 5% free 10064K/10503K, paused 1ms+2ms
07-19 00:01:25.359  1162  1165 D dalvikvm: GC_CONCURRENT freed 344K, 5% free 9977K/10439K, paused 2ms+2ms
07-19 00:01:25.449  1183  1183 I com.xabber.android.service.XMPPService@413f5968: onCreate
07-19 00:01:25.452  1183  1183 I com.xabber.android.data.Application@41355908: onStart
07-19 00:01:25.452  1183  1202 I com.xabber.android.data.LogManager@413661f0: onLoad
07-19 00:01:25.566  1183  1186 D dalvikvm: GC_CONCURRENT freed 284K, 4% free 10209K/10631K, paused 2ms+2ms
07-19 00:01:25.632   144 14192 I ActivityManager: Start proc android.process.acore for content provider com.android.providers.contacts/.ContactsProvider2: pid=1204 uid=10000 gids={3003, 1015}
07-19 00:01:25.671  1204  1204 I ActivityThread: Pub call_log: com.android.providers.contacts.CallLogProvider
07-19 00:01:25.714  1204  1204 I ActivityThread: Pub com.android.voicemail: com.android.providers.contacts.VoicemailContentProvider
07-19 00:01:25.722  1204  1204 I ActivityThread: Pub user_dictionary: com.android.providers.userdictionary.UserDictionaryProvider
07-19 00:01:25.738  1204  1204 I ActivityThread: Pub com.android.social: com.android.providers.contacts.SocialProvider
07-19 00:01:25.738  1204  1204 I ActivityThread: Pub applications: com.android.providers.applications.ApplicationsProvider
07-19 00:01:25.882  1204  1204 I ActivityThread: Pub contacts;com.android.contacts: com.android.providers.contacts.ContactsProvider2
07-19 00:01:25.890  1204  1207 D dalvikvm: GC_CONCURRENT freed 343K, 5% free 9188K/9607K, paused 2ms+2ms
07-19 00:01:26.136  1204  1207 D dalvikvm: GC_CONCURRENT freed 246K, 4% free 9377K/9735K, paused 2ms+2ms
07-19 00:01:26.988  1204  1207 D dalvikvm: GC_CONCURRENT freed 245K, 4% free 9596K/9927K, paused 5ms+3ms
07-19 00:01:27.648  1183  1186 D dalvikvm: GC_CONCURRENT freed 223K, 4% free 10398K/10759K, paused 2ms+3ms
07-19 00:01:29.949  1183  1186 D dalvikvm: GC_CONCURRENT freed 254K, 4% free 10559K/10951K, paused 2ms+2ms
07-19 00:01:30.745  1183  1186 D dalvikvm: GC_CONCURRENT freed 353K, 5% free 10685K/11143K, paused 4ms+2ms
07-19 00:01:32.968 13970 13970 D dalvikvm: GC_EXPLICIT freed 2K, 7% free 9753K/10375K, paused 2ms+3ms
07-19 00:01:33.284  1115  1118 D dalvikvm: GC_CONCURRENT freed 552K, 7% free 9878K/10567K, paused 13ms+3ms
07-19 00:01:33.991  1183  1186 D dalvikvm: GC_CONCURRENT freed 344K, 5% free 10864K/11335K, paused 1ms+3ms
07-19 00:01:38.027   215   215 D dalvikvm: GC_EXPLICIT freed 57K, 58% free 9669K/22727K, paused 15ms+3ms
07-19 00:01:44.507 29612 29612 D dalvikvm: GC_EXPLICIT freed 135K, 6% free 10101K/10695K, paused 25ms+3ms
07-19 00:01:49.476 30195 30195 D dalvikvm: GC_EXPLICIT freed <1K, 4% free 9051K/9347K, paused 20ms+2ms
07-19 00:01:54.445 30405 30405 D dalvikvm: GC_EXPLICIT freed 14K, 4% free 9128K/9479K, paused 13ms+2ms
07-19 00:02:05.124 31141 31141 D dalvikvm: GC_EXPLICIT freed <1K, 6% free 9658K/10247K, paused 2ms+2ms
07-19 00:02:10.156 29920 29920 D dalvikvm: GC_EXPLICIT freed 60K, 15% free 9091K/10631K, paused 15ms+3ms
07-19 00:02:15.171   642   642 D dalvikvm: GC_EXPLICIT freed 90K, 4% free 10926K/11335K, paused 18ms+2ms
07-19 00:02:23.616  1162  1171 I dalvikvm: Total arena pages for JIT: 11
07-19 00:02:23.616  1162  1171 I dalvikvm: Total arena pages for JIT: 12
07-19 00:02:23.616  1162  1171 I dalvikvm: Total arena pages for JIT: 13
07-19 00:02:23.616  1162  1171 I dalvikvm: Total arena pages for JIT: 14
07-19 00:02:23.616  1162  1171 I dalvikvm: Total arena pages for JIT: 15
07-19 00:02:23.616  1162  1171 I dalvikvm: Total arena pages for JIT: 16
07-19 00:02:23.616  1162  1171 I dalvikvm: Total arena pages for JIT: 17
07-19 00:02:23.699  1162  1165 D dalvikvm: GC_CONCURRENT freed 454K, 6% free 9948K/10503K, paused 2ms+2ms
07-19 00:02:25.574  1051  1053 D dalvikvm: GC_CONCURRENT freed 384K, 5% free 10349K/10823K, paused 2ms+2ms
07-19 00:02:25.652 29612   929 D dalvikvm: GC_EXPLICIT freed 40K, 6% free 10088K/10695K, paused 3ms+3ms
07-19 00:02:27.120  1051  1053 D dalvikvm: GC_CONCURRENT freed 374K, 5% free 10400K/10887K, paused 9ms+3ms
07-19 00:02:27.445 29612  1234 I EventLogService: Aggregate from 1342668747246 (log), 1342668747246 (data)
07-19 00:02:27.980  1051  1053 D dalvikvm: GC_CONCURRENT freed 317K, 5% free 10502K/10951K, paused 2ms+5ms
07-19 00:02:35.320   144   199 D DhcpInfoInternal: makeLinkProperties with empty dns2!
07-19 00:02:35.324   144   199 D DhcpInfoInternal: makeLinkProperties with empty dns2!
07-19 00:03:11.765  1253  1253 D dalvikvm: Late-enabling CheckJNI
07-19 00:03:11.781   144   161 I ActivityManager: Start proc com.chess for broadcast com.chess/.backend.AlarmReceiver: pid=1253 uid=10079 gids={3003, 1015}
07-19 00:03:11.851 29920 29933 I PhoneLab-: Service Running
07-19 00:03:11.902  1253  1255 D dalvikvm: GC_CONCURRENT freed 174K, 3% free 9357K/9607K, paused 1ms+2ms
07-19 00:03:11.956 29920 29933 I PhoneLab-LoggerService: app_37    1395  1     1432   980   c00f181c 400107b4 S logcat
07-19 00:03:11.956 29920 29933 I PhoneLab-LoggerService: Logcat pid from database 1395
07-19 00:03:11.956 29920 29933 I PhoneLab-LoggerService: Logcat process found 1395
07-19 00:03:11.956 29920 29933 I PhoneLab-LoggerService: Checking Threshold
07-19 00:03:12.023 29920 29933 I PhoneLab-LoggerService: Starting to rename files
07-19 00:03:12.031 29920 29933 I PhoneLab-LoggerService: Files found .. 2
07-19 00:03:12.038  1253  1268 D GetStringObjTask: retrieving from url = http://www.chess.com/api/get_move_status?id=5HHjW9WUGa%2Bcu1LUwnVJPxTIWxmEve4VdkRnRyg7b5Ch69JH2Z5aB%2B7eGuFw8K2uFx47KFsdE3JRdR3Mzv0PkZOj6eZ8N73BvxmEERrzXjMNRo80rkLyJAUTh0iqof4n
07-19 00:03:13.058  1253  1268 D GetStringObjTask: WebRequest SERVER RESPONSE: Success+0
07-19 00:03:23.695  1162  1171 I dalvikvm: Total arena pages for JIT: 18
07-19 00:03:51.956   144   169 I ActivityManager: Start proc com.google.android.apps.currents for service com.google.android.apps.currents/com.google.apps.dots.android.app.service.SyncService: pid=1272 uid=10078 gids={3003, 1015}
07-19 00:03:51.988    79    79 D dalvikvm: GC_EXPLICIT freed 38K, 4% free 9027K/9347K, paused 2ms+8ms
07-19 00:03:52.031    79    79 D dalvikvm: GC_EXPLICIT freed <1K, 4% free 9027K/9347K, paused 2ms+2ms
07-19 00:03:52.070    79    79 D dalvikvm: GC_EXPLICIT freed <1K, 4% free 9027K/9347K, paused 2ms+2ms
07-19 00:03:52.296  1272  1272 I ActivityThread: Pub com.google.apps.dots.android.app.provider.SuggestionProvider: com.google.apps.dots.android.app.provider.SuggestionProvider
07-19 00:03:52.327  1272  1272 I ActivityThread: Pub com.google.android.apps.currents.exported: com.google.apps.dots.android.app.provider.ExportedContentProvider
07-19 00:03:52.429  1272  1274 D dalvikvm: GC_CONCURRENT freed 182K, 3% free 9349K/9607K, paused 1ms+1ms
07-19 00:03:52.484  1272  1274 D dalvikvm: GC_CONCURRENT freed 267K, 5% free 9581K/9991K, paused 2ms+2ms
07-19 00:03:52.597  1272  1274 D dalvikvm: GC_CONCURRENT freed 227K, 4% free 9852K/10183K, paused 1ms+2ms
07-19 00:03:52.714  1272  1274 D dalvikvm: GC_CONCURRENT freed 234K, 4% free 10099K/10439K, paused 2ms+2ms
07-19 00:03:52.753  1272  1272 I DotsContentUris: content://com.google.android.apps.currents
07-19 00:03:52.761  1272  1272 I ActivityThread: Pub com.google.android.apps.currents: com.google.apps.dots.android.app.provider.DotsContentProvider
07-19 00:03:52.773  1272  1272 I DotsApplication: Starting up...
07-19 00:03:53.019  1272  1274 D dalvikvm: GC_CONCURRENT freed 422K, 6% free 10149K/10695K, paused 2ms+2ms
07-19 00:03:53.335  1272  1274 D dalvikvm: GC_CONCURRENT freed 304K, 5% free 10323K/10759K, paused 2ms+12ms
07-19 00:03:53.370  1272  1294 I SyncService: Starting sync (00:03:53)
07-19 00:03:56.421  1272  1274 D dalvikvm: GC_CONCURRENT freed 285K, 4% free 10466K/10887K, paused 2ms+3ms
07-19 00:03:56.699  1272  1274 D dalvikvm: GC_CONCURRENT freed 234K, 4% free 10659K/11015K, paused 2ms+2ms
07-19 00:03:56.788  1272  1274 D dalvikvm: GC_CONCURRENT freed 481K, 7% free 10652K/11335K, paused 2ms+2ms
07-19 00:03:57.031  1272  1274 D dalvikvm: GC_CONCURRENT freed 408K, 6% free 10691K/11335K, paused 2ms+3ms
07-19 00:03:58.003   144  6618 D SyncManager: setSyncAutomatically: , provider com.google.android.apps.currents -> true
07-19 00:03:58.003   144  6618 D SyncManager: setSyncAutomatically: already set to true, doing nothing
07-19 00:03:58.171  1272  1274 D dalvikvm: GC_CONCURRENT freed 349K, 5% free 10775K/11335K, paused 2ms+3ms
07-19 00:03:58.378   144   155 D dalvikvm: GC_EXPLICIT freed 1042K, 21% free 19226K/24199K, paused 3ms+9ms
07-19 00:03:58.437  1272  1274 D dalvikvm: GC_CONCURRENT freed 242K, 4% free 11049K/11463K, paused 2ms+3ms
07-19 00:03:58.624  1272  1274 D dalvikvm: GC_CONCURRENT freed 257K, 4% free 11401K/11783K, paused 2ms+3ms
07-19 00:03:58.890  1272  1274 D dalvikvm: GC_CONCURRENT freed 1002K, 10% free 11091K/12231K, paused 3ms+3ms
07-19 00:03:59.132  1272  1274 D dalvikvm: GC_CONCURRENT freed 383K, 8% free 11293K/12231K, paused 2ms+3ms
07-19 00:04:00.066  1272  1274 D dalvikvm: GC_CONCURRENT freed 610K, 8% free 11314K/12231K, paused 2ms+66ms
07-19 00:04:01.484  1272  1274 D dalvikvm: GC_CONCURRENT freed 622K, 8% free 11333K/12231K, paused 1ms+3ms
07-19 00:04:01.972  1272  1274 D dalvikvm: GC_CONCURRENT freed 670K, 8% free 11318K/12231K, paused 2ms+3ms
07-19 00:04:02.277  1272  1274 D dalvikvm: GC_CONCURRENT freed 615K, 8% free 11345K/12231K, paused 2ms+2ms
07-19 00:04:02.874  1272  1274 D dalvikvm: GC_CONCURRENT freed 656K, 8% free 11351K/12231K, paused 2ms+3ms
07-19 00:04:03.566  1272  1274 D dalvikvm: GC_CONCURRENT freed 666K, 8% free 11346K/12231K, paused 2ms+2ms
07-19 00:04:06.327  1272  1274 D dalvikvm: GC_CONCURRENT freed 634K, 8% free 11362K/12231K, paused 2ms+2ms
07-19 00:04:06.734  1272  1274 D dalvikvm: GC_CONCURRENT freed 651K, 7% free 11381K/12231K, paused 1ms+2ms
07-19 00:04:06.796  1272  1295 D dalvikvm: GC_FOR_ALLOC freed 259K, 7% free 11402K/12231K, paused 24ms
07-19 00:04:06.796  1272  1295 I dalvikvm-heap: Grow heap (frag case) to 11.274MB for 69854-byte allocation
07-19 00:04:06.824  1272  1295 D dalvikvm: GC_FOR_ALLOC freed 35K, 8% free 11435K/12359K, paused 27ms
07-19 00:04:07.378  1272  1274 D dalvikvm: GC_CONCURRENT freed 762K, 9% free 11350K/12359K, paused 2ms+2ms
07-19 00:04:07.527  1272  1274 D dalvikvm: GC_CONCURRENT freed 624K, 8% free 11390K/12359K, paused 2ms+3ms
07-19 00:04:08.019  1272  1274 D dalvikvm: GC_CONCURRENT freed 659K, 8% free 11437K/12359K, paused 1ms+2ms
07-19 00:04:08.159  1272  1274 D dalvikvm: GC_CONCURRENT freed 687K, 8% free 11436K/12359K, paused 2ms+2ms
07-19 00:04:08.374   144   155 D dalvikvm: GC_EXPLICIT freed 1620K, 21% free 19172K/24199K, paused 4ms+8ms
07-19 00:04:08.491  1272  1274 D dalvikvm: GC_CONCURRENT freed 647K, 8% free 11482K/12359K, paused 1ms+3ms
07-19 00:04:09.445  1272  1274 D dalvikvm: GC_CONCURRENT freed 808K, 8% free 11417K/12359K, paused 2ms+2ms
07-19 00:04:09.601  1272  1274 D dalvikvm: GC_CONCURRENT freed 644K, 8% free 11455K/12359K, paused 2ms+4ms
07-19 00:04:09.820  1272  1274 D dalvikvm: GC_CONCURRENT freed 674K, 8% free 11471K/12359K, paused 2ms+3ms
07-19 00:04:11.288  1272  1274 D dalvikvm: GC_CONCURRENT freed 819K, 8% free 11431K/12359K, paused 2ms+2ms
07-19 00:04:12.343  1272  1274 D dalvikvm: GC_CONCURRENT freed 678K, 8% free 11437K/12359K, paused 2ms+3ms
07-19 00:04:12.503  1272  1274 D dalvikvm: GC_CONCURRENT freed 664K, 8% free 11473K/12359K, paused 2ms+2ms
07-19 00:04:12.683  1272  1274 D dalvikvm: GC_CONCURRENT freed 711K, 7% free 11514K/12359K, paused 2ms+3ms
07-19 00:04:12.800  1272  1295 D dalvikvm: GC_EXPLICIT freed 156K, 7% free 11541K/12359K, paused 6ms+3ms
07-19 00:04:16.503  1272  1274 D dalvikvm: GC_CONCURRENT freed 856K, 8% free 11436K/12423K, paused 2ms+2ms
07-19 00:04:16.632  1272  1274 D dalvikvm: GC_CONCURRENT freed 643K, 8% free 11478K/12423K, paused 2ms+3ms
07-19 00:04:16.777  1272  1274 D dalvikvm: GC_CONCURRENT freed 685K, 8% free 11516K/12423K, paused 1ms+3ms
07-19 00:04:17.003   144   342 D dalvikvm: GC_EXPLICIT freed 332K, 21% free 19166K/24199K, paused 2ms+8ms
07-19 00:04:17.140  1272  1274 D dalvikvm: GC_CONCURRENT freed 632K, 7% free 11662K/12423K, paused 2ms+4ms
07-19 00:04:18.577  1272  1295 D dalvikvm: GC_FOR_ALLOC freed 1033K, 11% free 11378K/12679K, paused 64ms
07-19 00:04:18.800  1272  1274 D dalvikvm: GC_CONCURRENT freed 589K, 10% free 11512K/12679K, paused 2ms+3ms
07-19 00:04:18.964  1272  1274 D dalvikvm: GC_CONCURRENT freed 711K, 10% free 11520K/12679K, paused 2ms+5ms
07-19 00:04:19.882  1272  1274 D dalvikvm: GC_CONCURRENT freed 775K, 10% free 11457K/12679K, paused 3ms+5ms
07-19 00:04:20.210  1272  1274 D dalvikvm: GC_CONCURRENT freed 716K, 10% free 11438K/12679K, paused 4ms+2ms
07-19 00:04:20.386  1272  1274 D dalvikvm: GC_CONCURRENT freed 615K, 10% free 11503K/12679K, paused 2ms+2ms
07-19 00:04:20.499  1272  1274 D dalvikvm: GC_CONCURRENT freed 574K, 9% free 11658K/12679K, paused 2ms+2ms
07-19 00:04:20.636  1272  1274 D dalvikvm: GC_CONCURRENT freed 572K, 7% free 11876K/12679K, paused 3ms+2ms
07-19 00:04:20.788  1272  1274 D dalvikvm: GC_CONCURRENT freed 1253K, 11% free 11491K/12871K, paused 2ms+3ms
07-19 00:04:20.894  1272  1274 D dalvikvm: GC_CONCURRENT freed 833K, 12% free 11420K/12871K, paused 2ms+2ms
07-19 00:04:23.023  1272  1294 I SyncService: sync service finished (00:04:23)
07-19 00:04:23.773  1051  1053 D dalvikvm: GC_CONCURRENT freed 622K, 7% free 10399K/11143K, paused 2ms+3ms
07-19 00:04:24.273  1162  1165 D dalvikvm: GC_CONCURRENT freed 538K, 6% free 9952K/10567K, paused 149ms+2ms
07-19 00:04:49.234   144   174 I ActivityManager: Start proc com.twitter.android for service com.twitter.android/.client.AppService: pid=1300 uid=10064 gids={3003, 1015}
07-19 00:04:49.241  1300  1300 I dalvikvm: Turning on JNI app bug workarounds for target SDK version 11...
07-19 00:04:49.335  1300  1300 I ActivityThread: Pub com.twitter.android.provider.GlobalDatabaseProvider: com.twitter.android.provider.GlobalDatabaseProvider
07-19 00:04:49.343  1300  1300 I ActivityThread: Pub com.twitter.android.provider.TwitterProvider: com.twitter.android.provider.TwitterProvider
07-19 00:04:49.413  1300  1302 D dalvikvm: GC_CONCURRENT freed 196K, 4% free 9273K/9607K, paused 2ms+2ms
07-19 00:04:49.675  1300  1302 D dalvikvm: GC_CONCURRENT freed 165K, 4% free 9501K/9799K, paused 2ms+2ms
07-19 00:04:49.808  1300  1302 D dalvikvm: GC_CONCURRENT freed 294K, 5% free 9648K/10055K, paused 1ms+1ms
07-19 00:04:49.921  1300  1302 D dalvikvm: GC_CONCURRENT freed 301K, 5% free 9755K/10183K, paused 1ms+2ms
07-19 00:04:50.046  1300  1302 D dalvikvm: GC_CONCURRENT freed 297K, 5% free 9882K/10311K, paused 1ms+1ms
07-19 00:04:50.167  1300  1302 D dalvikvm: GC_CONCURRENT freed 314K, 5% free 10014K/10439K, paused 1ms+2ms
07-19 00:04:50.284  1300  1302 D dalvikvm: GC_CONCURRENT freed 304K, 4% free 10148K/10567K, paused 2ms+2ms
07-19 00:04:50.406  1300  1302 D dalvikvm: GC_CONCURRENT freed 304K, 4% free 10279K/10695K, paused 1ms+2ms
07-19 00:04:50.570  1300  1302 D dalvikvm: GC_CONCURRENT freed 469K, 6% free 10225K/10823K, paused 2ms+2ms
07-19 00:04:50.706  1300  1302 D dalvikvm: GC_CONCURRENT freed 337K, 5% free 10301K/10823K, paused 2ms+6ms
07-19 00:04:50.859  1300  1302 D dalvikvm: GC_CONCURRENT freed 372K, 5% free 10403K/10887K, paused 2ms+2ms
07-19 00:04:50.976  1300  1302 D dalvikvm: GC_CONCURRENT freed 355K, 5% free 10486K/10951K, paused 1ms+2ms
07-19 00:04:51.089  1300  1302 D dalvikvm: GC_CONCURRENT freed 332K, 5% free 10566K/11015K, paused 2ms+1ms
07-19 00:04:51.226  1300  1302 D dalvikvm: GC_CONCURRENT freed 362K, 5% free 10670K/11143K, paused 1ms+3ms
07-19 00:04:51.359  1300  1302 D dalvikvm: GC_CONCURRENT freed 414K, 5% free 10754K/11271K, paused 1ms+2ms
07-19 00:04:51.538  1300  1302 D dalvikvm: GC_CONCURRENT freed 415K, 5% free 10893K/11399K, paused 2ms+2ms
07-19 00:04:53.566  1300  1302 D dalvikvm: GC_CONCURRENT freed 378K, 5% free 11159K/11655K, paused 2ms+2ms
07-19 00:04:55.671  1300  1302 D dalvikvm: GC_CONCURRENT freed 564K, 6% free 11264K/11911K, paused 2ms+3ms
07-19 00:05:00.179   144   199 D DhcpInfoInternal: makeLinkProperties with empty dns2!
07-19 00:05:00.183   144   199 D DhcpInfoInternal: makeLinkProperties with empty dns2!
07-19 00:05:11.847 29920 29933 I PhoneLab-: Service Running
07-19 00:05:11.929 29920 29933 I PhoneLab-LoggerService: app_37    1395  1     1432   980   c00f181c 400107b4 S logcat
07-19 00:05:11.929 29920 29933 I PhoneLab-LoggerService: Logcat pid from database 1395
07-19 00:05:11.929 29920 29933 I PhoneLab-LoggerService: Logcat process found 1395
07-19 00:05:11.933 29920 29933 I PhoneLab-LoggerService: Checking Threshold
07-19 00:05:11.933 29920 29933 I PhoneLab-LoggerService: Starting to rename files
07-19 00:05:11.933 29920 29933 I PhoneLab-LoggerService: Files found .. 2
07-19 00:05:23.847  1162  1165 D dalvikvm: GC_CONCURRENT freed 456K, 6% free 9988K/10567K, paused 1ms+2ms
07-19 00:06:23.827  1051  1053 D dalvikvm: GC_CONCURRENT freed 504K, 7% free 10406K/11143K, paused 2ms+2ms
07-19 00:06:23.960  1162  1165 D dalvikvm: GC_CONCURRENT freed 485K, 7% free 9951K/10631K, paused 1ms+1ms
07-19 00:07:11.847 29920 29933 I PhoneLab-: Service Running
07-19 00:07:11.929 29920 29933 I PhoneLab-LoggerService: app_37    1395  1     1432   980   c00f181c 400107b4 S logcat
07-19 00:07:11.929 29920 29933 I PhoneLab-LoggerService: Logcat pid from database 1395
07-19 00:07:11.929 29920 29933 I PhoneLab-LoggerService: Logcat process found 1395
07-19 00:07:11.929 29920 29933 I PhoneLab-LoggerService: Checking Threshold
07-19 00:07:11.929 29920 29933 I PhoneLab-LoggerService: Starting to rename files
07-19 00:07:11.929 29920 29933 I PhoneLab-LoggerService: Files found .. 2
07-19 00:07:25.085   144   199 D DhcpInfoInternal: makeLinkProperties with empty dns2!
07-19 00:07:25.089   144   199 D DhcpInfoInternal: makeLinkProperties with empty dns2!
07-19 00:08:11.781  1253  1366 D GetStringObjTask: retrieving from url = http://www.chess.com/api/get_move_status?id=5HHjW9WUGa%2Bcu1LUwnVJPxTIWxmEve4VdkRnRyg7b5Ch69JH2Z5aB%2B7eGuFw8K2uFx47KFsdE3JRdR3Mzv0PkZOj6eZ8N73BvxmEERrzXjMNRo80rkLyJAUTh0iqof4n
07-19 00:08:12.484  1253  1366 D GetStringObjTask: WebRequest SERVER RESPONSE: Success+0
07-19 00:08:22.976   144   176 I power   : *** set_screen_state 1
07-19 00:08:23.109   144   176 I WindowManager: Lock screen displayed!
07-19 00:08:23.222    78   123 D SurfaceFlinger: Screen about to return, flinger = 0x16bd918
07-19 00:08:23.636   215   215 D PhoneStatusBar: disable: < expand icons alerts ticker system_info BACK HOME recent* CLOCK >
07-19 00:08:23.679   215   215 D PhoneStatusBar: disable: < expand icons alerts ticker system_info back* home* recent clock* >
07-19 00:08:23.687   144   317 W InputManagerService: Window already focused, ignoring focus gain of: com.android.internal.view.IInputMethodClient$Stub$Proxy@41839508
07-19 00:08:23.722   144   161 I ActivityManager: Start proc com.google.android.apps.gesturesearch for broadcast com.google.android.apps.gesturesearch/.motion.ScreenStateReceiver: pid=1370 uid=10088 gids={3003}
07-19 00:08:23.804  1370  1370 I dalvikvm: Turning on JNI app bug workarounds for target SDK version 8...
07-19 00:08:23.894  1370  1370 I ActivityThread: Pub com.google.android.apps.gesturesearch.history: com.google.android.apps.gesturesearch.data.QueryHistoryProvider
07-19 00:08:23.894  1370  1370 I ActivityThread: Pub com.google.android.apps.gesturesearch.index: com.google.android.apps.gesturesearch.data.IndexProvider
07-19 00:08:23.976  1051  1053 D dalvikvm: GC_CONCURRENT freed 508K, 7% free 10409K/11143K, paused 12ms+2ms
07-19 00:08:24.116  1162  1165 D dalvikvm: GC_CONCURRENT freed 482K, 6% free 10015K/10631K, paused 1ms+4ms
07-19 00:08:24.531  1204  1207 D dalvikvm: GC_CONCURRENT freed 480K, 7% free 9504K/10119K, paused 21ms+6ms
07-19 00:08:26.659   346   346 D SAN_SERVICE: *******************************************
07-19 00:08:26.659   346   346 D SAN_SERVICE: DM App Phone Service State - 0
07-19 00:08:26.659   346   346 D SAN_SERVICE: *******************************************
07-19 00:08:26.909   346   346 D SAN_SERVICE: *******************************************
07-19 00:08:26.909   346   346 D SAN_SERVICE: DM App Phone Service State - 0
07-19 00:08:26.909   346   346 D SAN_SERVICE: *******************************************
07-19 00:08:27.413   144   388 I ActivityManager: START {act=android.intent.action.MAIN cat=[android.intent.category.LAUNCHER] flg=0x10200000 cmp=com.google.android.talk/.SigningInActivity bnds=[96,706][192,802]} from pid 12865
07-19 00:08:27.534   827   827 D vclib:CallStateClient: startListening
07-19 00:08:27.656   827  1387 E talk    : [Databaseutils] pruneOldMessageHistory
07-19 00:08:27.714 12865 12865 D OpenGLRenderer: Flushing caches (mode 0)
07-19 00:08:27.808 12865 12865 D OpenGLRenderer: Flushing caches (mode 1)
07-19 00:08:29.808 29612 29614 D dalvikvm: GC_CONCURRENT freed 306K, 5% free 10168K/10695K, paused 35ms+3ms
07-19 00:08:29.968   827   827 D vclib:CallStateClient: stopListening
07-19 00:08:29.972   827   827 D vclib:CallStateClient: startListening
07-19 00:08:30.077   827   829 D dalvikvm: GC_CONCURRENT freed 525K, 6% free 10852K/11527K, paused 4ms+5ms
07-19 00:08:31.562   827   829 D dalvikvm: GC_CONCURRENT freed 493K, 6% free 10968K/11591K, paused 2ms+5ms
07-19 00:08:32.187   827   829 D dalvikvm: GC_CONCURRENT freed 342K, 5% free 11227K/11719K, paused 3ms+8ms
07-19 00:08:33.445   827   829 D dalvikvm: GC_CONCURRENT freed 618K, 7% free 11231K/11975K, paused 2ms+10ms
07-19 00:08:36.429   827   829 D dalvikvm: GC_CONCURRENT freed 698K, 7% free 11245K/12039K, paused 4ms+11ms
07-19 00:08:41.156   144   388 W InputManagerService: Starting input on non-focused client com.android.internal.view.IInputMethodClient$Stub$Proxy@418b6628 (uid=10045 pid=827)
07-19 00:08:41.179   827   827 D OpenGLRenderer: Flushing caches (mode 0)
07-19 00:08:41.206   827   827 D OpenGLRenderer: Flushing caches (mode 1)
07-19 00:08:41.218   827   827 D vclib:CallStateClient: stopListening
07-19 00:08:42.429   144   156 I ActivityManager: START {act=android.intent.action.MAIN cat=[android.intent.category.LAUNCHER] flg=0x10200000 cmp=com.google.android.talk/.SigningInActivity bnds=[96,706][192,802]} from pid 12865
07-19 00:08:42.648   827   827 D vclib:CallStateClient: startListening
07-19 00:08:42.671   827  1393 E talk    : [Databaseutils] pruneOldMessageHistory
07-19 00:08:42.695 12865 12865 D OpenGLRenderer: Flushing caches (mode 1)
07-19 00:08:42.761   144   175 I ActivityManager: Displayed com.google.android.talk/.SigningInActivity: +242ms
07-19 00:08:42.796 12865 12865 D OpenGLRenderer: Flushing caches (mode 0)
07-19 00:08:43.109   144   342 D dalvikvm: GC_EXPLICIT freed 1726K, 21% free 19266K/24199K, paused 10ms+16ms
07-19 00:08:43.257 12865 12865 D OpenGLRenderer: Flushing caches (mode 1)
07-19 00:08:43.534   827   827 D dalvikvm: GC_EXPLICIT freed 445K, 8% free 11156K/12039K, paused 3ms+11ms
07-19 00:08:43.534   827   827 D vclib:CallStateClient: stopListening
07-19 00:08:43.534   827   827 D vclib:CallStateClient: startListening
07-19 00:08:43.714   827   829 D dalvikvm: GC_CONCURRENT freed 1263K, 13% free 10572K/12039K, paused 2ms+7ms
07-19 00:08:44.808   827   829 D dalvikvm: GC_CONCURRENT freed 392K, 13% free 10580K/12039K, paused 2ms+6ms
07-19 00:08:45.003   827   829 D dalvikvm: GC_CONCURRENT freed 329K, 12% free 10673K/12039K, paused 2ms+3ms
07-19 00:08:45.441   827   829 D dalvikvm: GC_CONCURRENT freed 511K, 12% free 10640K/12039K, paused 3ms+4ms
07-19 00:08:46.691   827   829 D dalvikvm: GC_CONCURRENT freed 446K, 12% free 10654K/12039K, paused 2ms+4ms
07-19 00:08:47.023   827   829 D dalvikvm: GC_CONCURRENT freed 408K, 11% free 10718K/12039K, paused 1ms+3ms
07-19 00:08:48.812   827   829 D dalvikvm: GC_CONCURRENT freed 483K, 12% free 10687K/12039K, paused 4ms+4ms
07-19 00:08:52.038   827   829 D dalvikvm: GC_CONCURRENT freed 491K, 12% free 10667K/12039K, paused 2ms+9ms
07-19 00:08:52.702   827   829 D dalvikvm: GC_CONCURRENT freed 421K, 12% free 10682K/12039K, paused 3ms+4ms
07-19 00:08:53.609   827   829 D dalvikvm: GC_CONCURRENT freed 463K, 12% free 10673K/12039K, paused 3ms+6ms
07-19 00:08:55.074   827   829 D dalvikvm: GC_CONCURRENT freed 421K, 12% free 10680K/12039K, paused 2ms+3ms
07-19 00:08:57.718   827   827 D vclib:CallStateClient: stopListening
07-19 00:08:57.773   827   827 D vclib:CallStateClient: startListening
07-19 00:08:57.781   827   829 D dalvikvm: GC_CONCURRENT freed 446K, 12% free 10713K/12039K, paused 2ms+7ms
07-19 00:08:57.851   321   322 D dalvikvm: GC_CONCURRENT freed 457K, 24% free 10154K/13191K, paused 6ms+3ms
07-19 00:08:58.183 12865 12865 D OpenGLRenderer: Flushing caches (mode 1)
07-19 00:09:00.093   827   834 I dalvikvm: Jit: resizing JitTable from 4096 to 8192
07-19 00:09:01.226   827   827 D vclib:CallStateClient: stopListening
07-19 00:09:01.370   827   829 D dalvikvm: GC_CONCURRENT freed 671K, 13% free 10549K/12039K, paused 11ms+4ms
07-19 00:09:01.390   827   827 D vclib:CallStateClient: startListening
07-19 00:09:01.511   144  1168 W InputManagerService: Window already focused, ignoring focus gain of: com.android.internal.view.IInputMethodClient$Stub$Proxy@41901a58
07-19 00:09:01.683   827   827 D vclib:CallStateClient: stopListening
07-19 00:09:01.683   827   827 D vclib:CallStateClient: startListening
07-19 00:09:01.781   827   829 D dalvikvm: GC_CONCURRENT freed 407K, 12% free 10634K/12039K, paused 2ms+5ms
07-19 00:09:01.949 12865 12865 D OpenGLRenderer: Flushing caches (mode 1)
07-19 00:09:02.007 29612 29614 D dalvikvm: GC_CONCURRENT freed 369K, 5% free 10189K/10695K, paused 2ms+4ms
07-19 00:09:02.292   827   829 D dalvikvm: GC_CONCURRENT freed 375K, 12% free 10694K/12039K, paused 2ms+4ms
07-19 00:09:03.831   144   317 W InputManagerService: Starting input on non-focused client com.android.internal.view.IInputMethodClient$Stub$Proxy@418b6628 (uid=10045 pid=827)
07-19 00:09:03.917   827   827 D OpenGLRenderer: Flushing caches (mode 0)
07-19 00:09:03.929   827   827 D OpenGLRenderer: Flushing caches (mode 1)
07-19 00:09:03.976   827   827 D vclib:CallStateClient: stopListening
07-19 00:09:07.425   346   346 D SAN_SERVICE: *******************************************
07-19 00:09:07.425   346   346 D SAN_SERVICE: DM App Phone Service State - 0
07-19 00:09:07.425   346   346 D SAN_SERVICE: *******************************************
07-19 00:09:07.933   346   346 D SAN_SERVICE: *******************************************
07-19 00:09:07.933   346   346 D SAN_SERVICE: DM App Phone Service State - 0
07-19 00:09:07.933   346   346 D SAN_SERVICE: *******************************************
07-19 00:09:11.847 29920 29933 I PhoneLab-: Service Running
07-19 00:09:11.945 29920 29933 I PhoneLab-LoggerService: app_37    1395  1     1432   980   c00f181c 400107b4 S logcat
07-19 00:09:11.945 29920 29933 I PhoneLab-LoggerService: Logcat pid from database 1395
07-19 00:09:11.945 29920 29933 I PhoneLab-LoggerService: Logcat process found 1395
07-19 00:09:11.945 29920 29933 I PhoneLab-LoggerService: Checking Threshold
07-19 00:09:11.949 29920 29933 I PhoneLab-LoggerService: Starting to rename files
07-19 00:09:11.949 29920 29933 I PhoneLab-LoggerService: Files found .. 2
07-19 00:09:24.077  1162  1165 D dalvikvm: GC_CONCURRENT freed 520K, 7% free 9991K/10631K, paused 2ms+2ms
07-19 00:09:48.402   346   346 D SAN_SERVICE: *******************************************
07-19 00:09:48.402   346   346 D SAN_SERVICE: DM App Phone Service State - 0
07-19 00:09:48.402   346   346 D SAN_SERVICE: *******************************************
07-19 00:09:49.132   346   346 D SAN_SERVICE: *******************************************
07-19 00:09:49.132   346   346 D SAN_SERVICE: DM App Phone Service State - 0
07-19 00:09:49.132   346   346 D SAN_SERVICE: *******************************************
07-19 00:09:49.972   144   199 D DhcpInfoInternal: makeLinkProperties with empty dns2!
07-19 00:09:49.984   144   199 D DhcpInfoInternal: makeLinkProperties with empty dns2!
07-19 00:09:55.187   346   346 D SAN_SERVICE: *******************************************
07-19 00:09:55.187   346   346 D SAN_SERVICE: DM App Phone Service State - 0
07-19 00:09:55.187   346   346 D SAN_SERVICE: *******************************************
07-19 00:09:55.683   346   346 D SAN_SERVICE: *******************************************
07-19 00:09:55.683   346   346 D SAN_SERVICE: DM App Phone Service State - 0
07-19 00:09:55.683   346   346 D SAN_SERVICE: *******************************************
07-19 00:10:24.058  1051  1053 D dalvikvm: GC_CONCURRENT freed 503K, 7% free 10417K/11143K, paused 1ms+3ms
07-19 00:10:24.195  1162  1165 D dalvikvm: GC_CONCURRENT freed 479K, 7% free 9959K/10631K, paused 2ms+2ms
07-19 00:11:11.847 29920 29933 I PhoneLab-: Service Running
07-19 00:11:11.952 29920 29933 I PhoneLab-LoggerService: app_37    1395  1     1432   980   c00f181c 400107b4 S logcat
07-19 00:11:11.952 29920 29933 I PhoneLab-LoggerService: Logcat pid from database 1395
07-19 00:11:11.952 29920 29933 I PhoneLab-LoggerService: Logcat process found 1395
07-19 00:11:11.952 29920 29933 I PhoneLab-LoggerService: Checking Threshold
07-19 00:11:11.952 29920 29933 I PhoneLab-LoggerService: Starting to rename files
07-19 00:11:11.956 29920 29933 I PhoneLab-LoggerService: Files found .. 2
07-19 00:11:25.679   346   346 D SAN_SERVICE: *******************************************
07-19 00:11:25.679   346   346 D SAN_SERVICE: DM App Phone Service State - 0
07-19 00:11:25.679   346   346 D SAN_SERVICE: *******************************************
07-19 00:11:25.909   346   346 D SAN_SERVICE: *******************************************
07-19 00:11:25.909   346   346 D SAN_SERVICE: DM App Phone Service State - 0
07-19 00:11:25.909   346   346 D SAN_SERVICE: *******************************************
07-19 00:11:26.171   346   346 D SAN_SERVICE: *******************************************
07-19 00:11:26.171   346   346 D SAN_SERVICE: DM App Phone Service State - 0
07-19 00:11:26.171   346   346 D SAN_SERVICE: *******************************************
07-19 00:11:58.679   275   275 I wpa_supplicant: wlan0: WPA: Group rekeying completed with 94:44:52:17:be:7d [GTK=CCMP]
07-19 00:12:11.745   144   174 I ActivityManager: Start proc com.google.android.maps.mytracks for service com.google.android.maps.mytracks/com.google.android.apps.mytracks.services.RemoveTempFilesService: pid=1436 uid=10072 gids={3002, 3001, 3003, 1015}
07-19 00:12:11.777   144   174 I ActivityManager: Start proc com.google.android.apps.plus for service com.google.android.apps.plus/.service.EsService: pid=1450 uid=10060 gids={3003, 3002, 1015, 1006}
07-19 00:12:12.159  1436  1436 I ActivityThread: Pub com.google.android.maps.mytracks.search: com.google.android.apps.mytracks.content.SearchEngineProvider
07-19 00:12:12.183  1436  1436 I ActivityThread: Pub com.google.android.maps.mytracks: com.google.android.apps.mytracks.content.MyTracksProvider
07-19 00:12:12.206  1436  1436 D MyTracks: Enabling strict mode
07-19 00:12:12.343  1450  1453 D dalvikvm: GC_CONCURRENT freed 156K, 3% free 9375K/9607K, paused 15ms+3ms
07-19 00:12:12.406  1436  1439 D dalvikvm: GC_CONCURRENT freed 320K, 5% free 9182K/9607K, paused 2ms+3ms
07-19 00:12:12.581  1450  1450 I ActivityThread: Pub com.google.android.apps.plus.content.ApiProvider: com.google.android.apps.plus.content.EsApiProvider
07-19 00:12:12.605  1450  1450 I ActivityThread: Pub com.google.android.apps.plus.content.EsGooglePhotoProvider: com.google.android.picasasync.PicasaContentProvider
07-19 00:12:12.659  1436  1436 D StrictMode: StrictMode policy violation; ~duration=376 ms: android.os.StrictMode$StrictModeDiskWriteViolation: policy=21 violation=1
07-19 00:12:12.659  1436  1436 D StrictMode: 	at android.os.StrictMode$AndroidBlockGuardPolicy.onWriteToDisk(StrictMode.java:1063)
07-19 00:12:12.659  1436  1436 D StrictMode: 	at android.database.sqlite.SQLiteStatement.acquireAndLock(SQLiteStatement.java:226)
07-19 00:12:12.659  1436  1436 D StrictMode: 	at android.database.sqlite.SQLiteStatement.executeUpdateDelete(SQLiteStatement.java:84)
07-19 00:12:12.659  1436  1436 D StrictMode: 	at android.database.sqlite.SQLiteDatabase.executeSql(SQLiteDatabase.java:1899)
07-19 00:12:12.659  1436  1436 D StrictMode: 	at android.database.sqlite.SQLiteDatabase.execSQL(SQLiteDatabase.java:1839)
07-19 00:12:12.659  1436  1436 D StrictMode: 	at android.database.sqlite.SQLiteDatabase.setPageSize(SQLiteDatabase.java:1297)
07-19 00:12:12.659  1436  1436 D StrictMode: 	at android.database.sqlite.SQLiteDatabase.openDatabase(SQLiteDatabase.java:995)
07-19 00:12:12.659  1436  1436 D StrictMode: 	at android.database.sqlite.SQLiteDatabase.openOrCreateDatabase(SQLiteDatabase.java:1051)
07-19 00:12:12.659  1436  1436 D StrictMode: 	at android.app.ContextImpl.openOrCreateDatabase(ContextImpl.java:770)
07-19 00:12:12.659  1436  1436 D StrictMode: 	at android.content.ContextWrapper.openOrCreateDatabase(ContextWrapper.java:221)
07-19 00:12:12.659  1436  1436 D StrictMode: 	at android.database.sqlite.SQLiteOpenHelper.getWritableDatabase(SQLiteOpenHelper.java:157)
07-19 00:12:12.659  1436  1436 D StrictMode: 	at com.google.android.apps.analytics.v.<init>(Unknown Source)
07-19 00:12:12.659  1436  1436 D StrictMode: 	at com.google.android.apps.analytics.v.<init>(Unknown Source)
07-19 00:12:12.659  1436  1436 D StrictMode: 	at com.google.android.apps.analytics.i.a(Unknown Source)
07-19 00:12:12.659  1436  1436 D StrictMode: 	at com.google.android.apps.mytracks.b.a.a(MT:43)
07-19 00:12:12.659  1436  1436 D StrictMode: 	at com.google.android.apps.mytracks.MyTracksApplication.onCreate(MT:42)
07-19 00:12:12.659  1436  1436 D StrictMode: 	at android.app.Instrumentation.callApplicationOnCreate(Instrumentation.java:969)
07-19 00:12:12.659  1436  1436 D StrictMode: 	at android.app.ActivityThread.handleBindApplication(ActivityThread.java:3954)
07-19 00:12:12.659  1436  1436 D StrictMode: 	at android.app.ActivityThread.access$1300(ActivityThread.java:123)
07-19 00:12:12.659  1436  1436 D StrictMode: 	at android.app.ActivityThread$H.handleMessage(ActivityThread.java:1185)
07-19 00:12:12.659  1436  1436 D StrictMode: 	at android.os.Handler.dispatchMessage(Handler.java:99)
07-19 00:12:12.659  1436  1436 D StrictMode: 	at android.os.Looper.loop(Looper.java:137)
07-19 00:12:12.659  1436  1436 D StrictMode: 	at android.app.ActivityThread.main(ActivityThread.java:4424)
07-19 00:12:12.659  1436  1436 D StrictMode: 	at java.lang.reflect.Method.invokeNative(Native Method)
07-19 00:12:12.659  1436  1436 D StrictMode: 	at java.lang.reflect.Method.invoke(Method.java:511)
07-19 00:12:12.659  1436  1436 D StrictMode: 	at com.android.internal.os.ZygoteInit$MethodAndArgsCaller.run(ZygoteInit.java:784)
07-19 00:12:12.659  1436  1436 D StrictMode: 	at com.android.internal.os.ZygoteInit.main(ZygoteInit.java:551)
07-19 00:12:12.659  1436  1436 D StrictMode: 	at dalvik.system.NativeStart.main(Native Method)
07-19 00:12:12.659  1436  1436 D StrictMode: StrictMode policy violation; ~duration=320 ms: android.os.StrictMode$StrictModeDiskWriteViolation: policy=21 violation=1
07-19 00:12:12.659  1436  1436 D StrictMode: 	at android.os.StrictMode$AndroidBlockGuardPolicy.onWriteToDisk(StrictMode.java:1063)
07-19 00:12:12.659  1436  1436 D StrictMode: 	at android.database.sqlite.SQLiteStatement.acquireAndLock(SQLiteStatement.java:226)
07-19 00:12:12.659  1436  1436 D StrictMode: 	at android.database.sqlite.SQLiteStatement.executeUpdateDelete(SQLiteStatement.java:84)
07-19 00:12:12.659  1436  1436 D StrictMode: 	at android.database.sqlite.SQLiteDatabase.executeSql(SQLiteDatabase.java:1899)
07-19 00:12:12.659  1436  1436 D StrictMode: 	at android.database.sqlite.SQLiteDatabase.execSQL(SQLiteDatabase.java:1839)
07-19 00:12:12.659  1436  1436 D StrictMode: 	at android.database.sqlite.SQLiteDatabase.beginTransaction(SQLiteDatabase.java:659)
07-19 00:12:12.659  1436  1436 D StrictMode: 	at android.database.sqlite.SQLiteDatabase.beginTransaction(SQLiteDatabase.java:552)
07-19 00:12:12.659  1436  1436 D StrictMode: 	at com.google.android.apps.analytics.v.a(Unknown Source)
07-19 00:12:12.659  1436  1436 D StrictMode: 	at com.google.android.apps.analytics.i.a(Unknown Source)
07-19 00:12:12.659  1436  1436 D StrictMode: 	at com.google.android.apps.mytracks.b.a.a(MT:45)
07-19 00:12:12.659  1436  1436 D StrictMode: 	at com.google.android.apps.mytracks.MyTracksApplication.onCreate(MT:42)
07-19 00:12:12.659  1436  1436 D StrictMode: 	at android.app.Instrumentation.callApplicationOnCreate(Instrumentation.java:969)
07-19 00:12:12.659  1436  1436 D StrictMode: 	at android.app.ActivityThread.handleBindApplication(ActivityThread.java:3954)
07-19 00:12:12.659  1436  1436 D StrictMode: 	at android.app.ActivityThread.access$1300(ActivityThread.java:123)
07-19 00:12:12.659  1436  1436 D StrictMode: 	at android.app.ActivityThread$H.handleMessage(ActivityThread.java:1185)
07-19 00:12:12.659  1436  1436 D StrictMode: 	at android.os.Handler.dispatchMessage(Handler.java:99)
07-19 00:12:12.659  1436  1436 D StrictMode: 	at android.os.Looper.loop(Looper.java:137)
07-19 00:12:12.659  1436  1436 D StrictMode: 	at android.app.ActivityThread.main(ActivityThread.java:4424)
07-19 00:12:12.659  1436  1436 D StrictMode: 	at java.lang.reflect.Method.invokeNative(Native Method)
07-19 00:12:12.659  1436  1436 D StrictMode: 	at java.lang.reflect.Method.invoke(Method.java:511)
07-19 00:12:12.659  1436  1436 D StrictMode: 	at com.android.internal.os.ZygoteInit$MethodAndArgsCaller.run(ZygoteInit.java:784)
07-19 00:12:12.659  1436  1436 D StrictMode: 	at com.android.internal.os.ZygoteInit.main(ZygoteInit.java:551)
07-19 00:12:12.659  1436  1436 D StrictMode: 	at dalvik.system.NativeStart.main(Native Method)
07-19 00:12:12.659  1436  1436 D StrictMode: StrictMode policy violation; ~duration=318 ms: android.os.StrictMode$StrictModeDiskWriteViolation: policy=21 violation=1
07-19 00:12:12.659  1436  1436 D StrictMode: 	at android.os.StrictMode$AndroidBlockGuardPolicy.onWriteToDisk(StrictMode.java:1063)
07-19 00:12:12.659  1436  1436 D StrictMode: 	at android.database.sqlite.SQLiteStatement.acquireAndLock(SQLiteStatement.java:226)
07-19 00:12:12.659  1436  1436 D StrictMode: 	at android.database.sqlite.SQLiteStatement.executeUpdateDelete(SQLiteStatement.java:84)
07-19 00:12:12.659  1436  1436 D StrictMode: 	at android.database.sqlite.SQLiteDatabase.delete(SQLiteDatabase.java:1741)
07-19 00:12:12.659  1436  1436 D StrictMode: 	at com.google.android.apps.analytics.v.a(Unknown Source)
07-19 00:12:12.659  1436  1436 D StrictMode: 	at com.google.android.apps.analytics.i.a(Unknown Source)
07-19 00:12:12.659  1436  1436 D StrictMode: 	at com.google.android.apps.mytracks.b.a.a(MT:45)
07-19 00:12:12.659  1436  1436 D StrictMode: 	at com.google.android.apps.mytracks.MyTracksApplication.onCreate(MT:42)
07-19 00:12:12.659  1436  1436 D StrictMode: 	at android.app.Instrumentation.callApplicationOnCreate(Instrumentation.java:969)
07-19 00:12:12.659  1436  1436 D StrictMode: 	at android.app.ActivityThread.handleBindApplication(ActivityThread.java:3954)
07-19 00:12:12.659  1436  1436 D StrictMode: 	at android.app.ActivityThread.access$1300(ActivityThread.java:123)
07-19 00:12:12.659  1436  1436 D StrictMode: 	at android.app.ActivityThread$H.handleMessage(ActivityThread.java:1185)
07-19 00:12:12.659  1436  1436 D StrictMode: 	at android.os.Handler.dispatchMessage(Handler.java:99)
07-19 00:12:12.659  1436  1436 D StrictMode: 	at android.os.Looper.loop(Looper.java:137)
07-19 00:12:12.659  1436  1436 D StrictMode: 	at android.app.ActivityThread.main(ActivityThread.java:4424)
07-19 00:12:12.659  1436  1436 D StrictMode: 	at java.lang.reflect.Method.invokeNative(Native Method)
07-19 00:12:12.659  1436  1436 D StrictMode: 	at java.lang.reflect.Method.invoke(Method.java:511)
07-19 00:12:12.659  1436  1436 D StrictMode: 	at com.android.internal.os.ZygoteInit$MethodAndArgsCaller.run(ZygoteInit.java:784)
07-19 00:12:12.659  1436  1436 D StrictMode: 	at com.android.internal.os.ZygoteInit.main(ZygoteInit.java:551)
07-19 00:12:12.659  1436  1436 D StrictMode: 	at dalvik.system.NativeStart.main(Native Method)
07-19 00:12:12.659  1436  1436 D StrictMode: StrictMode policy violation; ~duration=307 ms: android.os.StrictMode$StrictModeDiskWriteViolation: policy=21 violation=1
07-19 00:12:12.659  1436  1436 D StrictMode: 	at android.os.StrictMode$AndroidBlockGuardPolicy.onWriteToDisk(StrictMode.java:1063)
07-19 00:12:12.659  1436  1436 D StrictMode: 	at android.database.sqlite.SQLiteStatement.acquireAndLock(SQLiteStatement.java:226)
07-19 00:12:12.659  1436  1436 D StrictMode: 	at android.database.sqlite.SQLiteStatement.executeInsert(SQLiteStatement.java:112)
07-19 00:12:12.659  1436  1436 D StrictMode: 	at android.database.sqlite.SQLiteDatabase.insertWithOnConflict(SQLiteDatabase.java:1718)
07-19 00:12:12.659  1436  1436 D StrictMode: 	at android.database.sqlite.SQLiteDatabase.insert(SQLiteDatabase.java:1591)
07-19 00:12:12.659  1436  1436 D StrictMode: 	at com.google.android.apps.analytics.v.a(Unknown Source)
07-19 00:12:12.659  1436  1436 D StrictMode: 	at com.google.android.apps.analytics.i.a(Unknown Source)
07-19 00:12:12.659  1436  1436 D StrictMode: 	at com.google.android.apps.mytracks.b.a.a(MT:45)
07-19 00:12:12.659  1436  1436 D StrictMode: 	at com.google.android.apps.mytracks.MyTracksApplication.onCreate(MT:42)
07-19 00:12:12.659  1436  1436 D StrictMode: 	at android.app.Instrumentation.callApplicationOnCreate(Instrumentation.java:969)
07-19 00:12:12.659  1436  1436 D StrictMode: 	at android.app.ActivityThread.handleBindApplication(ActivityThread.java:3954)
07-19 00:12:12.659  1436  1436 D StrictMode: 	at android.app.ActivityThread.access$1300(ActivityThread.java:123)
07-19 00:12:12.659  1436  1436 D StrictMode: 	at android.app.ActivityThread$H.handleMessage(ActivityThread.java:1185)
07-19 00:12:12.659  1436  1436 D StrictMode: 	at android.os.Handler.dispatchMessage(Handler.java:99)
07-19 00:12:12.659  1436  1436 D StrictMode: 	at android.os.Looper.loop(Looper.java:137)
07-19 00:12:12.659  1436  1436 D StrictMode: 	at android.app.ActivityThread.main(ActivityThread.java:4424)
07-19 00:12:12.659  1436  1436 D StrictMode: 	at java.lang.reflect.Method.invokeNative(Native Method)
07-19 00:12:12.659  1436  1436 D StrictMode: 	at java.lang.reflect.Method.invoke(Method.java:511)
07-19 00:12:12.659  1436  1436 D StrictMode: 	at com.android.internal.os.ZygoteInit$MethodAndArgsCaller.run(ZygoteInit.java:784)
07-19 00:12:12.659  1436  1436 D StrictMode: 	at com.android.internal.os.ZygoteInit.main(ZygoteInit.java:551)
07-19 00:12:12.659  1436  1436 D StrictMode: 	at dalvik.system.NativeStart.main(Native Method)
07-19 00:12:12.663  1436  1436 D StrictMode: StrictMode policy violation; ~duration=272 ms: android.os.StrictMode$StrictModeDiskWriteViolation: policy=21 violation=1
07-19 00:12:12.663  1436  1436 D StrictMode: 	at android.os.StrictMode$AndroidBlockGuardPolicy.onWriteToDisk(StrictMode.java:1063)
07-19 00:12:12.663  1436  1436 D StrictMode: 	at android.database.sqlite.SQLiteStatement.acquireAndLock(SQLiteStatement.java:226)
07-19 00:12:12.663  1436  1436 D StrictMode: 	at android.database.sqlite.SQLiteStatement.executeInsert(SQLiteStatement.java:112)
07-19 00:12:12.663  1436  1436 D StrictMode: 	at android.database.sqlite.SQLiteDatabase.insertWithOnConflict(SQLiteDatabase.java:1718)
07-19 00:12:12.663  1436  1436 D StrictMode: 	at android.database.sqlite.SQLiteDatabase.insert(SQLiteDatabase.java:1591)
07-19 00:12:12.663  1436  1436 D StrictMode: 	at com.google.android.apps.analytics.v.a(Unknown Source)
07-19 00:12:12.663  1436  1436 D StrictMode: 	at com.google.android.apps.analytics.v.a(Unknown Source)
07-19 00:12:12.663  1436  1436 D StrictMode: 	at com.google.android.apps.analytics.v.a(Unknown Source)
07-19 00:12:12.663  1436  1436 D StrictMode: 	at com.google.android.apps.analytics.i.a(Unknown Source)
07-19 00:12:12.663  1436  1436 D StrictMode: 	at com.google.android.apps.mytracks.b.a.a(MT:45)
07-19 00:12:12.663  1436  1436 D StrictMode: 	at com.google.android.apps.mytracks.MyTracksApplication.onCreate(MT:42)
07-19 00:12:12.663  1436  1436 D StrictMode: 	at android.app.Instrumentation.callApplicationOnCreate(Instrumentation.java:969)
07-19 00:12:12.663  1436  1436 D StrictMode: 	at android.app.ActivityThread.handleBindApplication(ActivityThread.java:3954)
07-19 00:12:12.663  1436  1436 D StrictMode: 	at android.app.ActivityThread.access$1300(ActivityThread.java:123)
07-19 00:12:12.663  1436  1436 D StrictMode: 	at android.app.ActivityThread$H.handleMessage(ActivityThread.java:1185)
07-19 00:12:12.663  1436  1436 D StrictMode: 	at android.os.Handler.dispatchMessage(Handler.java:99)
07-19 00:12:12.663  1436  1436 D StrictMode: 	at android.os.Looper.loop(Looper.java:137)
07-19 00:12:12.663  1436  1436 D StrictMode: 	at android.app.ActivityThread.main(ActivityThread.java:4424)
07-19 00:12:12.663  1436  1436 D StrictMode: 	at java.lang.reflect.Method.invokeNative(Native Method)
07-19 00:12:12.663  1436  1436 D StrictMode: 	at java.lang.reflect.Method.invoke(Method.java:511)
07-19 00:12:12.663  1436  1436 D StrictMode: 	at com.android.internal.os.ZygoteInit$MethodAndArgsCaller.run(ZygoteInit.java:784)
07-19 00:12:12.663  1436  1436 D StrictMode: 	at com.android.internal.os.ZygoteInit.main(ZygoteInit.java:551)
07-19 00:12:12.663  1436  1436 D StrictMode: 	at dalvik.system.NativeStart.main(Native Method)
07-19 00:12:12.663  1436  1436 D StrictMode: StrictMode policy violation; ~duration=267 ms: android.os.StrictMode$StrictModeDiskWriteViolation: policy=21 violation=1
07-19 00:12:12.663  1436  1436 D StrictMode: 	at android.os.StrictMode$AndroidBlockGuardPolicy.onWriteToDisk(StrictMode.java:1063)
07-19 00:12:12.663  1436  1436 D StrictMode: 	at android.database.sqlite.SQLiteStatement.acquireAndLock(SQLiteStatement.java:226)
07-19 00:12:12.663  1436  1436 D StrictMode: 	at android.database.sqlite.SQLiteStatement.executeUpdateDelete(SQLiteStatement.java:84)
07-19 00:12:12.663  1436  1436 D StrictMode: 	at android.database.sqlite.SQLiteDatabase.executeSql(SQLiteDatabase.java:1899)
07-19 00:12:12.663  1436  1436 D StrictMode: 	at android.database.sqlite.SQLiteDatabase.execSQL(SQLiteDatabase.java:1839)
07-19 00:12:12.663  1436  1436 D StrictMode: 	at android.database.sqlite.SQLiteDatabase.endTransaction(SQLiteDatabase.java:714)
07-19 00:12:12.663  1436  1436 D StrictMode: 	at com.google.android.apps.analytics.v.d(Unknown Source)
07-19 00:12:12.663  1436  1436 D StrictMode: 	at com.google.android.apps.analytics.v.a(Unknown Source)
07-19 00:12:12.663  1436  1436 D StrictMode: 	at com.google.android.apps.analytics.i.a(Unknown Source)
07-19 00:12:12.663  1436  1436 D StrictMode: 	at com.google.android.apps.mytracks.b.a.a(MT:45)
07-19 00:12:12.663  1436  1436 D StrictMode: 	at com.google.android.apps.mytracks.MyTracksApplication.onCreate(MT:42)
07-19 00:12:12.663  1436  1436 D StrictMode: 	at android.app.Instrumentation.callApplicationOnCreate(Instrumentation.java:969)
07-19 00:12:12.663  1436  1436 D StrictMode: 	at android.app.ActivityThread.handleBindApplication(ActivityThread.java:3954)
07-19 00:12:12.663  1436  1436 D StrictMode: 	at android.app.ActivityThread.access$1300(ActivityThread.java:123)
07-19 00:12:12.663  1436  1436 D StrictMode: 	at android.app.ActivityThread$H.handleMessage(ActivityThread.java:1185)
07-19 00:12:12.663  1436  1436 D StrictMode: 	at android.os.Handler.dispatchMessage(Handler.java:99)
07-19 00:12:12.663  1436  1436 D StrictMode: 	at android.os.Looper.loop(Looper.java:137)
07-19 00:12:12.663  1436  1436 D StrictMode: 	at android.app.ActivityThread.main(ActivityThread.java:4424)
07-19 00:12:12.663  1436  1436 D StrictMode: 	at java.lang.reflect.Method.invokeNative(Native Method)
07-19 00:12:12.663  1436  1436 D StrictMode: 	at java.lang.reflect.Method.invoke(Method.java:511)
07-19 00:12:12.663  1436  1436 D StrictMode: 	at com.android.internal.os.ZygoteInit$MethodAndArgsCaller.run(ZygoteInit.java:784)
07-19 00:12:12.663  1436  1436 D StrictMode: 	at com.android.internal.os.ZygoteInit.main(ZygoteInit.java:551)
07-19 00:12:12.663  1436  1436 D StrictMode: 	at dalvik.system.NativeStart.main(Native Method)
07-19 00:12:12.718  1450  1453 D dalvikvm: GC_CONCURRENT freed 326K, 5% free 9587K/9991K, paused 2ms+2ms
07-19 00:12:12.757  1450  1450 I ActivityThread: Pub com.google.android.apps.plus.content.EsPicasaStoreProvider: com.google.android.picasastore.PicasaPhotoContentProvider
07-19 00:12:12.781  1450  1450 I ActivityThread: Pub com.google.plus.platform: com.google.android.apps.plus.content.AdsProvider
07-19 00:12:12.781  1450  1450 I ActivityThread: Pub com.google.android.apps.plus.iu.EsGoogleIuProvider: com.google.android.apps.plus.iu.InstantUploadProvider
07-19 00:12:12.878  1450  1453 D dalvikvm: GC_CONCURRENT freed 456K, 6% free 9649K/10183K, paused 12ms+2ms
07-19 00:12:12.886  1450  1450 I ActivityThread: Pub com.google.android.apps.plus.content.EsProvider: com.google.android.apps.plus.content.EsProvider
07-19 00:12:12.972   144  1167 I ActivityManager: Start proc android.process.media for content provider com.android.providers.media/.MediaProvider: pid=1472 uid=10012 gids={1015, 1023, 1024, 2001, 3003, 3007}
07-19 00:12:13.038  1472  1472 I ActivityThread: Pub downloads: com.android.providers.downloads.DownloadProvider
07-19 00:12:13.085  1472  1472 I ActivityThread: Pub drm: com.android.providers.drm.DrmProvider
07-19 00:12:13.085  1472  1488 I DownloadManager: in removeSpuriousFiles
07-19 00:12:13.113  1472  1472 I ActivityThread: Pub media: com.android.providers.media.MediaProvider
07-19 00:12:13.132  1472  1488 I DownloadManager: in removeSpuriousFiles, preserving file /data/data/com.android.providers.downloads/cache/metadata.json
07-19 00:12:13.132  1472  1488 I DownloadManager: in removeSpuriousFiles, preserving file /data/data/com.android.providers.downloads/cache/en_general.htm
07-19 00:12:13.132  1472  1488 I DownloadManager: in removeSpuriousFiles, preserving file /mnt/sdcard/Download/img-thing.jpeg
07-19 00:12:13.132  1472  1488 I DownloadManager: in removeSpuriousFiles, preserving file /data/data/com.android.providers.downloads/cache/metadata-1.json
07-19 00:12:13.132  1472  1488 I DownloadManager: in removeSpuriousFiles, preserving file /data/data/com.android.providers.downloads/cache/downloadfile.jpeg
07-19 00:12:13.132  1472  1488 I DownloadManager: in removeSpuriousFiles, preserving file /data/data/com.android.providers.downloads/cache/metadata-2.json
07-19 00:12:13.132  1472  1488 I DownloadManager: in removeSpuriousFiles, preserving file /data/data/com.android.providers.downloads/cache/metadata-3.json
07-19 00:12:13.136  1472  1488 I DownloadManager: in removeSpuriousFiles, preserving file /data/data/com.android.providers.downloads/cache/downloadfile-1.jpeg
07-19 00:12:13.136  1472  1488 I DownloadManager: in removeSpuriousFiles, preserving file /data/data/com.android.providers.downloads/cache/downloadfile-2.jpeg
07-19 00:12:13.136  1472  1488 I DownloadManager: in removeSpuriousFiles, preserving file /data/data/com.android.providers.downloads/cache/metadata-4.json
07-19 00:12:13.136  1472  1488 I DownloadManager: in removeSpuriousFiles, preserving file /data/data/com.android.providers.downloads/cache/metadata-5.json
07-19 00:12:13.136  1472  1488 I DownloadManager: in removeSpuriousFiles, preserving file /data/data/com.android.providers.downloads/cache/metadata-6.json
07-19 00:12:13.136  1472  1488 I DownloadManager: deleting spurious file /cache/backup
07-19 00:12:13.343  1472  1475 D dalvikvm: GC_CONCURRENT freed 371K, 5% free 9160K/9607K, paused 2ms+5ms
07-19 00:12:13.984  1450  1492 D dalvikvm: GC_FOR_ALLOC freed 221K, 5% free 9816K/10247K, paused 176ms
07-19 00:12:14.003  1450  1470 D PicasaPhotoCP: set fsid first time:-1
07-19 00:12:14.199  1450  1453 D dalvikvm: GC_CONCURRENT freed 161K, 3% free 10112K/10375K, paused 2ms+12ms
07-19 00:12:14.324  1450  1453 D dalvikvm: GC_CONCURRENT freed 269K, 4% free 10324K/10695K, paused 5ms+2ms
07-19 00:12:14.378  1450  1471 D dalvikvm: GC_FOR_ALLOC freed 133K, 4% free 10452K/10823K, paused 23ms
07-19 00:12:14.402  1450  1471 D dalvikvm: GC_FOR_ALLOC freed 126K, 5% free 10580K/11079K, paused 19ms
07-19 00:12:14.429  1450  1471 D dalvikvm: GC_FOR_ALLOC freed 311K, 6% free 10572K/11143K, paused 20ms
07-19 00:12:14.452  1450  1471 D dalvikvm: GC_FOR_ALLOC freed 62K, 5% free 10636K/11143K, paused 20ms
07-19 00:12:14.476  1450  1471 D dalvikvm: GC_FOR_ALLOC freed 126K, 4% free 10764K/11143K, paused 20ms
07-19 00:12:14.507  1450  1471 D dalvikvm: GC_FOR_ALLOC freed 369K, 6% free 10820K/11463K, paused 25ms
07-19 00:12:14.550  1450  1471 D dalvikvm: GC_FOR_ALLOC freed 126K, 5% free 10948K/11463K, paused 40ms
07-19 00:12:14.738  1450  1453 D dalvikvm: GC_CONCURRENT freed 340K, 4% free 11205K/11655K, paused 1ms+2ms
07-19 00:12:14.792   144   199 D DhcpInfoInternal: makeLinkProperties with empty dns2!
07-19 00:12:14.792   144   199 D DhcpInfoInternal: makeLinkProperties with empty dns2!
07-19 00:12:14.882  1450  1453 D dalvikvm: GC_CONCURRENT freed 138K, 3% free 11708K/11975K, paused 2ms+2ms
07-19 00:12:15.089  1450  1453 D dalvikvm: GC_CONCURRENT freed 548K, 6% free 12006K/12679K, paused 2ms+2ms
07-19 00:12:15.292  1450  1453 D dalvikvm: GC_CONCURRENT freed 211K, 3% free 12740K/13063K, paused 1ms+2ms
07-19 00:12:15.589   144   390 D dalvikvm: GC_EXPLICIT freed 1800K, 24% free 18515K/24199K, paused 13ms+9ms
07-19 00:12:15.663  1450  1484 I SqliteDatabaseCpp: sqlite returned: error code = 1, msg = no such column: wipeout_stats, db=/data/data/com.google.android.apps.plus/databases/es0.db
07-19 00:12:15.663  1450  1484 W System.err: android.database.sqlite.SQLiteException: no such column: wipeout_stats: , while compiling: SELECT wipeout_stats  FROM account_status
07-19 00:12:15.671  1450  1484 W System.err: 	at android.database.sqlite.SQLiteCompiledSql.native_compile(Native Method)
07-19 00:12:15.671  1450  1484 W System.err: 	at android.database.sqlite.SQLiteCompiledSql.<init>(SQLiteCompiledSql.java:68)
07-19 00:12:15.671  1450  1484 W System.err: 	at android.database.sqlite.SQLiteProgram.compileSql(SQLiteProgram.java:143)
07-19 00:12:15.671  1450  1484 W System.err: 	at android.database.sqlite.SQLiteProgram.compileAndbindAllArgs(SQLiteProgram.java:361)
07-19 00:12:15.671  1450  1484 W System.err: 	at android.database.sqlite.SQLiteStatement.acquireAndLock(SQLiteStatement.java:260)
07-19 00:12:15.671  1450  1484 W System.err: 	at android.database.sqlite.SQLiteStatement.simpleQueryForLong(SQLiteStatement.java:137)
07-19 00:12:15.671  1450  1484 W System.err: 	at android.database.DatabaseUtils.longForQuery(DatabaseUtils.java:791)
07-19 00:12:15.671  1450  1484 W System.err: 	at android.database.DatabaseUtils.longForQuery(DatabaseUtils.java:779)
07-19 00:12:15.671  1450  1484 W System.err: 	at com.google.android.apps.plus.content.EsAccountsData.isContactsStatsWipeoutNeeded(EsAccountsData.java:641)
07-19 00:12:15.675  1450  1484 W System.err: 	at com.google.android.apps.plus.service.EsService.processIntent(EsService.java:4246)
07-19 00:12:15.675  1450  1484 W System.err: 	at com.google.android.apps.plus.service.ServiceThread$1.run(ServiceThread.java:50)
07-19 00:12:15.675  1450  1484 W System.err: 	at android.os.Handler.handleCallback(Handler.java:605)
07-19 00:12:15.675  1450  1484 W System.err: 	at android.os.Handler.dispatchMessage(Handler.java:92)
07-19 00:12:15.675  1450  1484 W System.err: 	at android.os.Looper.loop(Looper.java:137)
07-19 00:12:15.675  1450  1484 W System.err: 	at com.google.android.apps.plus.service.ServiceThread.run(ServiceThread.java:122)
07-19 00:12:22.906  1051  1053 D dalvikvm: GC_CONCURRENT freed 390K, 7% free 10411K/11143K, paused 9ms+3ms
07-19 00:12:24.226 29612 29623 D dalvikvm: GC_EXPLICIT freed 206K, 6% free 10134K/10695K, paused 5ms+4ms
07-19 00:12:24.335  1162  1165 D dalvikvm: GC_CONCURRENT freed 501K, 7% free 9961K/10631K, paused 16ms+3ms
07-19 00:13:11.820  1253  1518 D GetStringObjTask: retrieving from url = http://www.chess.com/api/get_move_status?id=5HHjW9WUGa%2Bcu1LUwnVJPxTIWxmEve4VdkRnRyg7b5Ch69JH2Z5aB%2B7eGuFw8K2uFx47KFsdE3JRdR3Mzv0PkZOj6eZ8N73BvxmEERrzXjMNRo80rkLyJAUTh0iqof4n
07-19 00:13:11.847 29920 29933 I PhoneLab-: Service Running
07-19 00:13:11.870   144   342 I ActivityManager: Process com.apksoftware.compass (pid 30405) has died.
07-19 00:13:11.870   144   342 W ActivityManager: Scheduling restart of crashed service com.apksoftware.compass/com.catchnotes.buy.CatchBuyService in 5000ms
07-19 00:13:11.941 29920 29933 I PhoneLab-LoggerService: app_37    1395  1     1432   980   c00f181c 400107b4 S logcat
07-19 00:13:11.941 29920 29933 I PhoneLab-LoggerService: Logcat pid from database 1395
07-19 00:13:11.941 29920 29933 I PhoneLab-LoggerService: Logcat process found 1395
07-19 00:13:11.941 29920 29933 I PhoneLab-LoggerService: Checking Threshold
07-19 00:13:11.941 29920 29933 I PhoneLab-LoggerService: Starting to rename files
07-19 00:13:11.941 29920 29933 I PhoneLab-LoggerService: Files found .. 2
07-19 00:13:12.511  1253  1518 D GetStringObjTask: WebRequest SERVER RESPONSE: Success+0
07-19 00:13:16.949  1520  1520 I dalvikvm: Turning on JNI app bug workarounds for target SDK version 8...
07-19 00:13:16.949   144   161 I ActivityManager: Start proc com.apksoftware.compass for service com.apksoftware.compass/com.catchnotes.buy.CatchBuyService: pid=1520 uid=10091 gids={3003}
07-19 00:13:17.054  1520  1520 I BugSenseHandler: Registering default exceptions handler
07-19 00:13:17.058  1520  1520 D BugSenseHandler: Looking for exceptions in: /data/data/com.apksoftware.compass/files
07-19 00:13:17.066  1520  1520 D BugSenseHandler: Found 0 stacktrace(s)
07-19 00:13:17.120  1520  1520 W CatchBuyService: handleCommand received null intent
07-19 00:13:24.273  1051  1053 D dalvikvm: GC_CONCURRENT freed 501K, 7% free 10421K/11143K, paused 2ms+2ms
07-19 00:13:24.394  1162  1165 D dalvikvm: GC_CONCURRENT freed 456K, 6% free 10010K/10631K, paused 2ms+3ms
07-19 00:14:24.460  1162  1165 D dalvikvm: GC_CONCURRENT freed 534K, 7% free 9974K/10631K, paused 2ms+4ms
07-19 00:14:37.488   144  1167 I ActivityManager: START {act=android.intent.action.MAIN cat=[android.intent.category.LAUNCHER] flg=0x10000000 pkg=com.apksoftware.compass cmp=com.apksoftware.compass/.Compass bnds=[360,103][480,253]} from pid 12865
07-19 00:14:37.656  1520  1520 I Compass : Compass onCreate
07-19 00:14:37.656  1520  1520 I Compass : Current Device: crespo4g
07-19 00:14:37.656  1520  1520 I Compass : Current SDK: 15
07-19 00:14:37.781   144   388 W WindowManager: Layout repeat skipped after too many iterations
07-19 00:14:37.781   144   388 W WindowManager: Layout repeat skipped after too many iterations
07-19 00:14:37.781   144   388 W WindowManager: Layout repeat skipped after too many iterations
07-19 00:14:37.781   144   388 W WindowManager: Animation repeat aborted after too many iterations
07-19 00:14:37.847 12865 12865 D OpenGLRenderer: Flushing caches (mode 1)
07-19 00:14:37.863 12865 12865 D OpenGLRenderer: Flushing caches (mode 0)
07-19 00:14:37.898  1520  1521 D dalvikvm: GC_CONCURRENT freed 254K, 5% free 9221K/9607K, paused 11ms+3ms
07-19 00:14:38.113   144   160 I Process : Sending signal. PID: 1520 SIG: 3
07-19 00:14:38.113  1520  1522 I dalvikvm: threadid=3: reacting to signal 3
07-19 00:14:38.156  1520  1522 I dalvikvm: Wrote stack traces to '/data/anr/traces.txt'
07-19 00:14:38.202  1520  1520 I Compass : Display Buffer Enabled: true
07-19 00:14:38.234  1520  1520 I Compass : Registering Orientation Listener
07-19 00:14:38.312  1520  1521 D dalvikvm: GC_CONCURRENT freed 115K, 4% free 9547K/9863K, paused 4ms+6ms
07-19 00:14:38.312  1520  1520 I Compass : Display Buffer Enabled: true
07-19 00:14:38.363   144   317 I ActivityManager: Start proc com.android.vending for service com.android.vending/com.google.android.finsky.billing.iab.MarketBillingService: pid=1547 uid=10046 gids={3003, 1015}
07-19 00:14:38.366  1520  1520 I Compass : Display Buffer Enabled: true
07-19 00:14:38.378  1520  1520 I Compass : Magnetic Declination: -10.742913; Expected Field Strength: 54.05625
07-19 00:14:38.378  1520  1520 I Compass : Lower Abnormal Field Limit: 19.656818; Upper Abnormal Field Limit: 148.6547
07-19 00:14:38.378  1520  1520 I Compass : Registering Magnetic Field Listener
07-19 00:14:38.390  1520  1520 I Compass : Requesting GPS Location Updates
07-19 00:14:38.390  1520  1520 I Compass : Adding GPS Status Listener
07-19 00:14:38.398  1520  1520 I Compass : Requesting Network Location Updates
07-19 00:14:38.406  1520  1520 I Compass : Starting AsyncGeocoder thread.
07-19 00:14:38.413  1520  1520 I Compass : Geolocation Status: GPS Provider Enabled = true; Network Provider Enabled = true; GPS Listener Enabled = true; Network Listener Enabled = true
07-19 00:14:38.421 29612 29649 D androidNetworkLocationListeners: Still have listener com.google.android.location.internal.client.NetworkLocationClient$1@4134b880
07-19 00:14:38.437 29612 29649 D androidNetworkLocationListeners: Still have listener com.google.android.location.internal.client.NetworkLocationClient$1@4134b880
07-19 00:14:38.593  1520  1520 I Compass : Loading is complete.
07-19 00:14:38.597  1520  1520 I Compass : Updating the Geomagnetic Field for the current location.
07-19 00:14:38.601   144   160 I Process : Sending signal. PID: 1520 SIG: 3
07-19 00:14:38.601  1520  1522 I dalvikvm: threadid=3: reacting to signal 3
07-19 00:14:38.620  1520  1522 I dalvikvm: Wrote stack traces to '/data/anr/traces.txt'
07-19 00:14:38.632  1520  1520 I Compass : Magnetic Declination: -10.743513; Expected Field Strength: 54.061707
07-19 00:14:38.632  1520  1520 I Compass : Lower Abnormal Field Limit: 19.658802; Upper Abnormal Field Limit: 148.6697
07-19 00:14:38.675   144  1168 I ActivityManager: Process com.android.sprintmenu (pid 30195) has died.
07-19 00:14:38.675   144  1168 W ActivityManager: Scheduling restart of crashed service com.android.sprintmenu/.HiddenPhoneService in 5000ms
07-19 00:14:38.741   215   215 V PhoneStatusBar: setLightsOn(true)
07-19 00:14:38.796 29612 29642 I System.out: [INFO:2652635]: LogSource: Running flush
07-19 00:14:38.866  1520  1520 D dalvikvm: GC_FOR_ALLOC freed 56K, 3% free 9587K/9863K, paused 154ms
07-19 00:14:38.874  1520  1520 I dalvikvm-heap: Grow heap (frag case) to 10.167MB for 768016-byte allocation
07-19 00:14:38.878   321   322 D dalvikvm: GC_CONCURRENT freed 454K, 24% free 10154K/13191K, paused 7ms+17ms
07-19 00:14:38.929  1547  1547 I ActivityThread: Pub com.google.android.finsky.QSBSuggestionsProvider: com.google.android.finsky.providers.QSBSuggestionsProvider
07-19 00:14:38.933   215   217 D dalvikvm: GC_CONCURRENT freed 190K, 57% free 9899K/22727K, paused 1ms+12ms
07-19 00:14:38.949  1547  1547 I ActivityThread: Pub com.google.android.finsky.AppIconProvider: com.google.android.finsky.providers.AppIconProvider
07-19 00:14:38.964  1520  1563 D dalvikvm: GC_FOR_ALLOC freed 7K, 3% free 10330K/10631K, paused 59ms
07-19 00:14:39.058  1547  1547 I ActivityThread: Pub com.google.android.finsky.RecentSuggestionsProvider: com.google.android.finsky.providers.RecentSuggestionsProvider
07-19 00:14:39.081  1520  1521 D dalvikvm: GC_CONCURRENT freed 1K, 3% free 10334K/10631K, paused 2ms+8ms
07-19 00:14:39.101   144   160 I Process : Sending signal. PID: 1520 SIG: 3
07-19 00:14:39.101  1520  1522 I dalvikvm: threadid=3: reacting to signal 3
07-19 00:14:39.124 29612 29643 I System.out: [INFO:2652992]: LogSource: Sending payload [bytes=281]
07-19 00:14:39.140   215   217 D dalvikvm: GC_CONCURRENT freed 396K, 57% free 9894K/22727K, paused 2ms+7ms
07-19 00:14:39.163  1520  1522 I dalvikvm: Wrote stack traces to '/data/anr/traces.txt'
07-19 00:14:39.195   144   175 I ActivityManager: Displayed com.apksoftware.compass/.Compass: +1s597ms
07-19 00:14:39.335 29612 29614 D dalvikvm: GC_CONCURRENT freed 508K, 6% free 10129K/10759K, paused 17ms+15ms
07-19 00:14:39.464  1547  1549 D dalvikvm: GC_CONCURRENT freed 241K, 4% free 9291K/9607K, paused 3ms+9ms
07-19 00:14:39.952  1547  1549 D dalvikvm: GC_CONCURRENT freed 382K, 5% free 9470K/9927K, paused 2ms+24ms
07-19 00:14:40.132  1547  1547 D Finsky  : [1] DailyHygiene.goMakeHygieneIfDirty: No need to run daily hygiene.
07-19 00:14:40.320 29612 29643 I System.out: [INFO:2654190]: LogSource: Response [http=200,length=211]
07-19 00:14:40.320 29612 29642 I System.out: [INFO:2654190]: LogSource: Read id 3, status code 200
07-19 00:14:40.351  1547  1549 D dalvikvm: GC_CONCURRENT freed 504K, 6% free 9538K/10119K, paused 2ms+22ms
07-19 00:14:40.531   144   378 I ActivityManager: Process com.google.android.apps.currents (pid 1272) has died.
07-19 00:14:40.542   144   199 D DhcpInfoInternal: makeLinkProperties with empty dns2!
07-19 00:14:40.542   144   199 D DhcpInfoInternal: makeLinkProperties with empty dns2!
07-19 00:14:40.597 29612 29614 D dalvikvm: GC_CONCURRENT freed 396K, 6% free 10125K/10759K, paused 61ms+9ms
07-19 00:14:40.909  1547  1549 D dalvikvm: GC_CONCURRENT freed 444K, 6% free 9575K/10119K, paused 2ms+3ms
07-19 00:14:41.140  1547  1549 D dalvikvm: GC_CONCURRENT freed 283K, 4% free 9720K/10119K, paused 4ms+4ms
07-19 00:14:41.218  1547  1547 D Finsky  : [1] 2.run: Loaded library for account: [JtI6dlYpn2C-CMu_fZTfqcPsfoA]
07-19 00:14:41.218  1547  1547 D Finsky  : [1] 2.run: Finished loading 1 libraries.
07-19 00:14:41.273  1547  1560 D Finsky  : [17650] MarketBillingService.getPreferredAccount: com.apksoftware.compass: Account determined from library ownership.
07-19 00:14:41.292  1520  1520 I Compass : onBillingSupported: true
07-19 00:14:43.722   144   161 I ActivityManager: Start proc com.android.sprintmenu for service com.android.sprintmenu/.HiddenPhoneService: pid=1605 uid=1001 gids={3002, 3001, 3003, 1015}
07-19 00:14:47.452  1520  1520 I Compass : Removing Network Location Updates
07-19 00:14:47.456  1520  1520 I Compass : Geolocation Status: GPS Provider Enabled = true; Network Provider Enabled = true; GPS Listener Enabled = true; Network Listener Enabled = false
07-19 00:14:47.519 29612 29649 D androidNetworkLocationListeners: Still have listener com.google.android.location.internal.client.NetworkLocationClient$1@4134b880
07-19 00:14:47.519 29612 29642 I System.out: [INFO:2661366]: LogSource: Running flush
07-19 00:14:47.534 29612 29645 I System.out: [INFO:2661404]: LogSource: Sending payload [bytes=281]
07-19 00:14:47.976 29612 29645 I System.out: [INFO:2661845]: LogSource: Response [http=200,length=213]
07-19 00:14:47.976 29612 29642 I System.out: [INFO:2661846]: LogSource: Read id 4, status code 200
07-19 00:14:48.331  1204  1207 D dalvikvm: GC_CONCURRENT freed 345K, 6% free 9544K/10119K, paused 3ms+9ms
07-19 00:14:49.335 29612 29614 D dalvikvm: GC_CONCURRENT freed 390K, 6% free 10141K/10759K, paused 374ms+3ms
07-19 00:14:49.511  1162  1165 D dalvikvm: GC_CONCURRENT freed 489K, 6% free 10028K/10631K, paused 201ms+188ms
07-19 00:14:49.917  1162  1165 D dalvikvm: GC_CONCURRENT freed 557K, 7% free 9953K/10631K, paused 2ms+205ms
07-19 00:14:50.081   144   390 D dalvikvm: GC_EXPLICIT freed 1042K, 24% free 18548K/24199K, paused 11ms+12ms
07-19 00:14:50.663  1162  1165 D dalvikvm: GC_CONCURRENT freed 407K, 7% free 9952K/10631K, paused 6ms+3ms
07-19 00:14:51.023 29612 29642 I System.out: [INFO:2664887]: LogSource: Running flush
07-19 00:14:51.034 29612 29644 I System.out: [INFO:2664904]: LogSource: Sending payload [bytes=281]
07-19 00:14:51.398 29612 29644 I System.out: [INFO:2665266]: LogSource: Response [http=200,length=211]
07-19 00:14:51.402 29612 29642 I System.out: [INFO:2665272]: LogSource: Read id 5, status code 200
07-19 00:14:52.628  1162  1165 D dalvikvm: GC_CONCURRENT freed 501K, 7% free 9954K/10631K, paused 1ms+3ms
07-19 00:14:52.921  1162  1165 D dalvikvm: GC_CONCURRENT freed 466K, 7% free 9990K/10631K, paused 2ms+3ms
07-19 00:14:53.554  1162  1162 D dalvikvm: GC_EXPLICIT freed 241K, 7% free 9957K/10631K, paused 13ms+4ms
07-19 00:14:54.046  1162  1165 D dalvikvm: GC_CONCURRENT freed 403K, 7% free 9984K/10631K, paused 10ms+12ms
07-19 00:14:54.464 29612 29642 I System.out: [INFO:2668329]: LogSource: Running flush
07-19 00:14:54.468 29612 29643 I System.out: [INFO:2668339]: LogSource: Sending payload [bytes=281]
07-19 00:14:54.566  1162  1165 D dalvikvm: GC_CONCURRENT freed 396K, 6% free 10093K/10631K, paused 4ms+4ms
07-19 00:14:54.702 29612 29643 I System.out: [INFO:2668573]: LogSource: Response [http=200,length=212]
07-19 00:14:54.706 29612 29642 I System.out: [INFO:2668575]: LogSource: Read id 6, status code 200
07-19 00:14:55.531  1162  1165 D dalvikvm: GC_CONCURRENT freed 463K, 6% free 10059K/10631K, paused 1ms+2ms
07-19 00:14:57.550  1162  1165 D dalvikvm: GC_CONCURRENT freed 543K, 6% free 10064K/10695K, paused 4ms+4ms
07-19 00:14:57.902  1300  1302 D dalvikvm: GC_CONCURRENT freed 581K, 6% free 11326K/12039K, paused 6ms+5ms
07-19 00:14:58.534  1162  1165 D dalvikvm: GC_CONCURRENT freed 438K, 6% free 10141K/10695K, paused 2ms+3ms
07-19 00:14:59.589  1162  1165 D dalvikvm: GC_CONCURRENT freed 526K, 6% free 10056K/10695K, paused 2ms+4ms
07-19 00:15:00.523  1051  1053 D dalvikvm: GC_CONCURRENT freed 364K, 7% free 10441K/11143K, paused 19ms+6ms
07-19 00:15:01.589  1162  1165 D dalvikvm: GC_CONCURRENT freed 493K, 6% free 10061K/10695K, paused 2ms+3ms
07-19 00:15:02.605  1162  1165 D dalvikvm: GC_CONCURRENT freed 429K, 6% free 10157K/10695K, paused 3ms+2ms
07-19 00:15:03.581  1162  1165 D dalvikvm: GC_CONCURRENT freed 530K, 6% free 10057K/10695K, paused 2ms+3ms
07-19 00:15:05.593  1162  1165 D dalvikvm: GC_CONCURRENT freed 494K, 6% free 10062K/10695K, paused 23ms+3ms
07-19 00:15:06.581  1162  1165 D dalvikvm: GC_CONCURRENT freed 429K, 6% free 10114K/10695K, paused 2ms+3ms
07-19 00:15:07.616  1162  1165 D dalvikvm: GC_CONCURRENT freed 531K, 6% free 10058K/10695K, paused 2ms+3ms
07-19 00:15:09.585  1162  1165 D dalvikvm: GC_CONCURRENT freed 493K, 6% free 10063K/10695K, paused 3ms+2ms
07-19 00:15:10.597  1162  1165 D dalvikvm: GC_CONCURRENT freed 432K, 6% free 10118K/10695K, paused 1ms+3ms
07-19 00:15:11.593  1162  1165 D dalvikvm: GC_CONCURRENT freed 528K, 6% free 10059K/10695K, paused 2ms+2ms
07-19 00:15:11.866 29920 29933 I PhoneLab-: Service Running
07-19 00:15:11.976 29920 29933 I PhoneLab-LoggerService: app_37    1395  1     1432   980   c00f181c 400107b4 S logcat
07-19 00:15:11.976 29920 29933 I PhoneLab-LoggerService: Logcat pid from database 1395
07-19 00:15:11.980 29920 29933 I PhoneLab-LoggerService: Logcat process found 1395
07-19 00:15:11.980 29920 29933 I PhoneLab-LoggerService: Checking Threshold
07-19 00:15:11.980 29920 29933 I PhoneLab-LoggerService: Starting to rename files
07-19 00:15:11.980 29920 29933 I PhoneLab-LoggerService: Files found .. 2
07-19 00:15:12.007 29920 29921 D dalvikvm: GC_CONCURRENT freed 358K, 15% free 9123K/10631K, paused 11ms+2ms
07-19 00:15:12.699   144   390 D dalvikvm: JIT code cache reset in 8 ms (1048544 bytes 78/0)
07-19 00:15:12.734   144   390 D dalvikvm: GC_EXPLICIT freed 1114K, 24% free 18564K/24199K, paused 18ms+33ms
07-19 00:15:13.652  1162  1165 D dalvikvm: GC_CONCURRENT freed 494K, 6% free 10064K/10695K, paused 2ms+3ms
07-19 00:15:14.562  1162  1165 D dalvikvm: GC_CONCURRENT freed 436K, 6% free 10139K/10695K, paused 2ms+4ms
07-19 00:15:15.644  1162  1165 D dalvikvm: GC_CONCURRENT freed 526K, 6% free 10058K/10695K, paused 2ms+2ms
07-19 00:15:16.089  1520  1521 D dalvikvm: GC_CONCURRENT freed 375K, 5% free 10375K/10887K, paused 4ms+10ms
07-19 00:15:16.140  1520  1520 I Compass : Unregistering Orientation Listener
07-19 00:15:16.179  1520  1520 I Compass : Unregistering Magnetic Field Listener
07-19 00:15:16.183  1520  1520 I Compass : Removing GPS Location Updates
07-19 00:15:16.187  1520  1520 I Compass : Removing GPS Status Listener
07-19 00:15:16.191  1520  1520 I Compass : Stopping AsyncGeocoder thread.
07-19 00:15:16.191  1520  1520 I Compass : There are no pending preference changes
07-19 00:15:16.191  1520  1520 I Compass : All sensors are now Paused
07-19 00:15:16.613   346   346 D SAN_SERVICE: *******************************************
07-19 00:15:16.613   346   346 D SAN_SERVICE: DM App Phone Service State - 0
07-19 00:15:16.613   346   346 D SAN_SERVICE: *******************************************
07-19 00:15:16.620   215   217 D dalvikvm: GC_CONCURRENT freed 546K, 57% free 9842K/22727K, paused 2ms+11ms
07-19 00:15:17.066   346   346 D SAN_SERVICE: *******************************************
07-19 00:15:17.066   346   346 D SAN_SERVICE: DM App Phone Service State - 0
07-19 00:15:17.066   346   346 D SAN_SERVICE: *******************************************
07-19 00:15:18.581   144   155 I ActivityManager: START {act=android.intent.action.MAIN cat=[android.intent.category.LAUNCHER] flg=0x10000000 pkg=com.instagram.android cmp=com.instagram.android/.activity.MainTabActivity bnds=[360,254][480,404]} from pid 12865
07-19 00:15:18.761   144 14994 I ActivityManager: Start proc com.instagram.android for activity com.instagram.android/.activity.MainTabActivity: pid=1692 uid=10083 gids={1006, 3003, 1015}
07-19 00:15:18.788   144  6618 I ActivityManager: Process com.google.android.apps.googlevoice (pid 31141) has died.
07-19 00:15:18.788   144  6618 W ActivityManager: Scheduling restart of crashed service com.google.android.apps.googlevoice/.ShadowNumberRefreshService in 5000ms
07-19 00:15:18.788   144  6618 W ActivityManager: Scheduling restart of crashed service com.google.android.apps.googlevoice/.UpdateService in 15000ms
07-19 00:15:18.788   144  6618 W ActivityManager: Scheduling restart of crashed service com.google.android.apps.googlevoice/.CallLogService in 24999ms
07-19 00:15:18.870 12865 12865 D OpenGLRenderer: Flushing caches (mode 1)
07-19 00:15:18.921 12865 12865 D OpenGLRenderer: Flushing caches (mode 0)
07-19 00:15:19.038  1692  1692 D dalvikvm: Trying to load lib /data/data/com.instagram.android/lib/libjni.so 0x41324588
07-19 00:15:19.089  1692  1692 D dalvikvm: Added shared lib /data/data/com.instagram.android/lib/libjni.so 0x41324588
07-19 00:15:19.113  1692  1694 D dalvikvm: GC_CONCURRENT freed 161K, 3% free 9305K/9543K, paused 22ms+4ms
07-19 00:15:19.327   144   160 I Process : Sending signal. PID: 1692 SIG: 3
07-19 00:15:19.327  1692  1696 I dalvikvm: threadid=3: reacting to signal 3
07-19 00:15:19.386  1692  1696 I dalvikvm: Wrote stack traces to '/data/anr/traces.txt'
07-19 00:15:19.808   144   160 I Process : Sending signal. PID: 1692 SIG: 3
07-19 00:15:19.808  1692  1696 I dalvikvm: threadid=3: reacting to signal 3
07-19 00:15:19.847  1692  1696 I dalvikvm: Wrote stack traces to '/data/anr/traces.txt'
07-19 00:15:19.874  1692  1694 D dalvikvm: GC_CONCURRENT freed 297K, 5% free 9519K/9927K, paused 8ms+11ms
07-19 00:15:20.015  1692  1694 D dalvikvm: GC_CONCURRENT freed 286K, 4% free 9754K/10119K, paused 7ms+3ms
07-19 00:15:20.218  1692  1694 D dalvikvm: GC_CONCURRENT freed 304K, 4% free 9994K/10375K, paused 2ms+4ms
07-19 00:15:20.312   144   160 I Process : Sending signal. PID: 1692 SIG: 3
07-19 00:15:20.312  1692  1696 I dalvikvm: threadid=3: reacting to signal 3
07-19 00:15:20.366  1692  1696 I dalvikvm: Wrote stack traces to '/data/anr/traces.txt'
07-19 00:15:20.390  1692  1694 D dalvikvm: GC_CONCURRENT freed 234K, 4% free 10215K/10567K, paused 4ms+3ms
07-19 00:15:20.558   144   378 I ActivityManager: Process com.google.android.talk (pid 827) has died.
07-19 00:15:20.792  1692  1694 D dalvikvm: GC_CONCURRENT freed 253K, 4% free 10494K/10823K, paused 14ms+26ms
07-19 00:15:20.812   144   160 I Process : Sending signal. PID: 1692 SIG: 3
07-19 00:15:20.812  1692  1696 I dalvikvm: threadid=3: reacting to signal 3
07-19 00:15:20.902  1692  1696 I dalvikvm: Wrote stack traces to '/data/anr/traces.txt'
07-19 00:15:21.101  1692  1692 D libEGL  : loaded /system/lib/egl/libGLES_android.so
07-19 00:15:21.144  1692  1692 D libEGL  : loaded /vendor/lib/egl/libEGL_POWERVR_SGX540_120.so
07-19 00:15:21.202  1692  1692 D libEGL  : loaded /vendor/lib/egl/libGLESv1_CM_POWERVR_SGX540_120.so
07-19 00:15:21.222  1692  1692 D libEGL  : loaded /vendor/lib/egl/libGLESv2_POWERVR_SGX540_120.so
07-19 00:15:21.312   144   160 I Process : Sending signal. PID: 1692 SIG: 3
07-19 00:15:21.312  1692  1696 I dalvikvm: threadid=3: reacting to signal 3
07-19 00:15:21.347  1692  1696 I dalvikvm: Wrote stack traces to '/data/anr/traces.txt'
07-19 00:15:21.374  1692  1694 D dalvikvm: GC_CONCURRENT freed 345K, 4% free 10663K/11079K, paused 7ms+3ms
07-19 00:15:21.413  1692  1692 D OpenGLRenderer: Enabling debug mode 0
07-19 00:15:21.511   144   175 I ActivityManager: Displayed com.instagram.android/.activity.MainTabActivity: +2s796ms
07-19 00:15:21.687  1692  1694 D dalvikvm: GC_CONCURRENT freed 359K, 4% free 10821K/11271K, paused 2ms+5ms
07-19 00:15:22.011 29612 29614 D dalvikvm: GC_CONCURRENT freed 310K, 5% free 10231K/10759K, paused 16ms+33ms
07-19 00:15:22.132  1692  1733 D dalvikvm: GC_FOR_ALLOC freed 159K, 4% free 11027K/11463K, paused 28ms
07-19 00:15:22.425  1692  1694 D dalvikvm: GC_CONCURRENT freed 337K, 5% free 11312K/11783K, paused 3ms+3ms
07-19 00:15:22.554  1692  1734 D dalvikvm: GC_FOR_ALLOC freed 360K, 7% free 11436K/12167K, paused 40ms
07-19 00:15:22.581  1692  1734 I dalvikvm-heap: Grow heap (frag case) to 11.483MB for 253968-byte allocation
07-19 00:15:22.636  1692  1733 D dalvikvm: GC_FOR_ALLOC freed 120K, 7% free 11564K/12423K, paused 39ms
07-19 00:15:23.156  1692  1694 D dalvikvm: GC_CONCURRENT freed 1222K, 11% free 11173K/12551K, paused 2ms+3ms
07-19 00:15:23.745  1692  1694 D dalvikvm: GC_CONCURRENT freed 328K, 9% free 11494K/12551K, paused 3ms+3ms
07-19 00:15:23.890   144   161 I ActivityManager: Start proc com.google.android.apps.googlevoice for service com.google.android.apps.googlevoice/.ShadowNumberRefreshService: pid=1749 uid=10054 gids={3003, 1015}
07-19 00:15:23.968   144   388 I ActivityManager: Process edu.buffalo.cse.phonelab.phonelabservices (pid 29920) has died.
07-19 00:15:23.968   144   388 W ActivityManager: Scheduling restart of crashed service edu.buffalo.cse.phonelab.phonelabservices/edu.buffalo.cse.phonelab.datalogger.LoggerService in 29820ms
07-19 00:15:24.245  1692  1732 D dalvikvm: GC_FOR_ALLOC freed 714K, 10% free 11382K/12551K, paused 44ms
07-19 00:15:24.370  1749  1751 D dalvikvm: GC_CONCURRENT freed 250K, 4% free 9282K/9607K, paused 10ms+10ms
07-19 00:15:24.831   144   144 I ActivityManager: Process com.google.android.apps.plus (pid 1450) has died.
07-19 00:15:24.921  1749  1764 W System.err: com.google.android.apps.googlevoice.net.VoiceServiceException: Voice service failed [INVALID_AUTH_TOKEN]
07-19 00:15:24.933  1749  1764 W System.err: 	at com.google.android.apps.googlevoice.net.masf.MASFVoiceService.checkCredentials(MASFVoiceService.java:107)
07-19 00:15:24.933  1749  1764 W System.err: 	at com.google.android.apps.googlevoice.net.masf.MASFVoiceService.getAuthToken(MASFVoiceService.java:95)
07-19 00:15:24.933  1749  1764 W System.err: 	at com.google.android.apps.googlevoice.net.masf.MASFGetBackendInfoRpc.createRequestPayload(MASFGetBackendInfoRpc.java:34)
07-19 00:15:24.933  1749  1764 W System.err: 	at com.google.android.apps.googlevoice.net.masf.MASFApiRpc.requestSubmit(MASFApiRpc.java:160)
07-19 00:15:24.933  1749  1764 W System.err: 	at com.google.android.apps.googlevoice.net.masf.MASFApiRpc.run(MASFApiRpc.java:141)
07-19 00:15:24.933  1749  1764 W System.err: 	at com.googlex.common.task.AbstractTask.run(Unknown Source)
07-19 00:15:24.933  1749  1764 W System.err: 	at com.googlex.common.task.AbstractTask.runInternal(Unknown Source)
07-19 00:15:24.933  1749  1764 W System.err: 	at com.googlex.common.task.TaskRunner.run(Unknown Source)
07-19 00:15:24.933  1749  1764 W System.err: 	at com.googlex.common.lang.BaseThreadFactory$ThreadImpl.run(Unknown Source)
07-19 00:15:24.991  1749  1764 E GoogleVoice: ShadowNumberRefreshService: Failed to get backend info!
07-19 00:15:24.991  1749  1764 E GoogleVoice: com.google.android.apps.googlevoice.net.VoiceServiceException: Voice service failed [INVALID_AUTH_TOKEN]
07-19 00:15:24.991  1749  1764 E GoogleVoice: 	at com.google.android.apps.googlevoice.net.masf.MASFVoiceService.checkCredentials(MASFVoiceService.java:107)
07-19 00:15:24.991  1749  1764 E GoogleVoice: 	at com.google.android.apps.googlevoice.net.masf.MASFVoiceService.getAuthToken(MASFVoiceService.java:95)
07-19 00:15:24.991  1749  1764 E GoogleVoice: 	at com.google.android.apps.googlevoice.net.masf.MASFGetBackendInfoRpc.createRequestPayload(MASFGetBackendInfoRpc.java:34)
07-19 00:15:24.991  1749  1764 E GoogleVoice: 	at com.google.android.apps.googlevoice.net.masf.MASFApiRpc.requestSubmit(MASFApiRpc.java:160)
07-19 00:15:24.991  1749  1764 E GoogleVoice: 	at com.google.android.apps.googlevoice.net.masf.MASFApiRpc.run(MASFApiRpc.java:141)
07-19 00:15:24.991  1749  1764 E GoogleVoice: 	at com.googlex.common.task.AbstractTask.run(Unknown Source)
07-19 00:15:24.991  1749  1764 E GoogleVoice: 	at com.googlex.common.task.AbstractTask.runInternal(Unknown Source)
07-19 00:15:24.991  1749  1764 E GoogleVoice: 	at com.googlex.common.task.TaskRunner.run(Unknown Source)
07-19 00:15:24.991  1749  1764 E GoogleVoice: 	at com.googlex.common.lang.BaseThreadFactory$ThreadImpl.run(Unknown Source)
07-19 00:15:25.152  1692  1694 D dalvikvm: GC_CONCURRENT freed 1001K, 12% free 11150K/12551K, paused 2ms+4ms
07-19 00:15:25.577  1692  1694 D dalvikvm: GC_CONCURRENT freed 387K, 10% free 11347K/12551K, paused 2ms+4ms
07-19 00:15:26.171  1692  1694 D dalvikvm: GC_CONCURRENT freed 249K, 7% free 11749K/12551K, paused 3ms+5ms
07-19 00:15:27.339  1692  1694 D dalvikvm: GC_CONCURRENT freed 427K, 5% free 12127K/12679K, paused 4ms+4ms
07-19 00:15:28.058  1692  1694 D dalvikvm: GC_CONCURRENT freed 789K, 8% free 12266K/13191K, paused 7ms+4ms
07-19 00:15:28.109   144   146 D dalvikvm: GC_CONCURRENT freed 2022K, 24% free 18515K/24199K, paused 17ms+17ms
07-19 00:15:28.449   144 13425 I ActivityManager: Process com.google.android.maps.mytracks (pid 1436) has died.
07-19 00:15:29.144  1692  1694 D dalvikvm: GC_CONCURRENT freed 1179K, 10% free 12108K/13447K, paused 6ms+4ms
07-19 00:15:29.898   144   310 I ActivityManager: Process com.google.android.apps.gesturesearch (pid 1370) has died.
07-19 00:15:30.175  1692  1694 D dalvikvm: GC_CONCURRENT freed 661K, 8% free 12454K/13447K, paused 4ms+7ms
07-19 00:15:30.726  1692  1733 D dalvikvm: GC_FOR_ALLOC freed 806K, 10% free 12380K/13703K, paused 37ms
07-19 00:15:31.808  1692  1694 D dalvikvm: GC_CONCURRENT freed 842K, 9% free 12533K/13703K, paused 2ms+10ms
07-19 00:15:32.058   144   146 D dalvikvm: GC_CONCURRENT freed 2009K, 24% free 18446K/24199K, paused 3ms+10ms
07-19 00:15:32.542   144  6618 I ActivityManager: Process com.apksoftware.compass (pid 1520) has died.
07-19 00:15:32.546   144  6618 W ActivityManager: Scheduling restart of crashed service com.apksoftware.compass/com.catchnotes.buy.CatchBuyService in 31243ms
07-19 00:15:32.909  1692  1694 D dalvikvm: GC_CONCURRENT freed 1405K, 12% free 12259K/13831K, paused 8ms+12ms
07-19 00:15:34.089 12865 12865 D OpenGLRenderer: Flushing caches (mode 2)
07-19 00:15:34.222 12865 12865 D OpenGLRenderer: Flushing caches (mode 0)
07-19 00:15:34.226   144   342 D CountryDetector: The first listener is added
07-19 00:15:34.230  1692  1746 D dalvikvm: GC_FOR_ALLOC freed 832K, 12% free 12303K/13831K, paused 103ms
07-19 00:15:34.230  1692  1746 I dalvikvm-heap: Grow heap (frag case) to 12.198MB for 116287-byte allocation
07-19 00:15:34.316  1749  1751 D dalvikvm: GC_CONCURRENT freed 427K, 6% free 9386K/9927K, paused 3ms+91ms
07-19 00:15:34.320  1749  1758 W CursorWrapperInner: Cursor finalized without prior close()
07-19 00:15:34.320  1749  1758 W CursorWrapperInner: Cursor finalized without prior close()
07-19 00:15:34.320  1749  1758 W CursorWrapperInner: Cursor finalized without prior close()
07-19 00:15:34.445  1692  1692 D dalvikvm: GC_FOR_ALLOC freed 4K, 12% free 12412K/13959K, paused 205ms
07-19 00:15:34.773  1204  1207 D dalvikvm: GC_CONCURRENT freed 318K, 5% free 9671K/10119K, paused 2ms+7ms
07-19 00:15:34.898  1749  1751 D dalvikvm: GC_CONCURRENT freed 330K, 5% free 9585K/9991K, paused 3ms+3ms
07-19 00:15:35.152  1204  1216 D dalvikvm: GC_EXPLICIT freed 214K, 4% free 9752K/10119K, paused 4ms+8ms
07-19 00:15:35.386  1692  1732 D dalvikvm: GC_FOR_ALLOC freed 341K, 12% free 12293K/13959K, paused 34ms
07-19 00:15:35.886  1692  1732 D dalvikvm: GC_FOR_ALLOC freed 453K, 13% free 12192K/13959K, paused 49ms
07-19 00:15:36.851   144   146 D dalvikvm: GC_CONCURRENT freed 1974K, 24% free 18442K/24199K, paused 4ms+17ms
07-19 00:15:36.917  1692  1731 D dalvikvm: GC_FOR_ALLOC freed 379K, 11% free 12468K/13959K, paused 90ms
07-19 00:15:36.917  1692  1731 I dalvikvm-heap: Grow heap (frag case) to 12.358MB for 113989-byte allocation
07-19 00:15:36.972   346   346 D SAN_SERVICE: *******************************************
07-19 00:15:36.972   346   346 D SAN_SERVICE: DM App Phone Service State - 0
07-19 00:15:36.972   346   346 D SAN_SERVICE: *******************************************
07-19 00:15:37.023  1692  1692 D dalvikvm: GC_FOR_ALLOC freed <1K, 11% free 12579K/14087K, paused 95ms
07-19 00:15:37.070   346   346 D SAN_SERVICE: *******************************************
07-19 00:15:37.070   346   346 D SAN_SERVICE: DM App Phone Service State - 0
07-19 00:15:37.070   346   346 D SAN_SERVICE: *******************************************
07-19 00:15:37.429  1692  1733 D dalvikvm: GC_FOR_ALLOC freed 1214K, 12% free 12416K/14087K, paused 44ms
07-19 00:15:37.851   144   390 I ActivityManager: Process android.process.media (pid 1472) has died.
07-19 00:15:38.534  1692  1694 D dalvikvm: GC_CONCURRENT freed 1059K, 13% free 12362K/14087K, paused 4ms+10ms
07-19 00:15:38.745  1051  1053 D dalvikvm: GC_CONCURRENT freed 394K, 7% free 10462K/11143K, paused 186ms+7ms
07-19 00:15:53.882   144   161 I ActivityManager: Start proc edu.buffalo.cse.phonelab.phonelabservices for service edu.buffalo.cse.phonelab.phonelabservices/edu.buffalo.cse.phonelab.datalogger.LoggerService: pid=1790 uid=10037 gids={3003, 1015, 1007, 2001}
07-19 00:15:53.913    79    79 D dalvikvm: GC_EXPLICIT freed 38K, 4% free 9027K/9347K, paused 2ms+2ms
07-19 00:15:53.964    79    79 D dalvikvm: GC_EXPLICIT freed <1K, 4% free 9027K/9347K, paused 14ms+3ms
07-19 00:15:54.003    79    79 D dalvikvm: GC_EXPLICIT freed <1K, 4% free 9027K/9347K, paused 2ms+2ms
07-19 00:15:54.007   144   156 I ActivityManager: Process com.chess (pid 1253) has died.
07-19 00:15:54.011  1790  1790 I PhoneLab-LoggerService: Start Logger Service
07-19 00:15:54.050  1790  1804 I PhoneLab-: Service Running
07-19 00:15:54.159  1790  1804 I PhoneLab-LoggerService: app_37    1395  1     1432   980   c00f181c 400107b4 S logcat
07-19 00:15:54.159  1790  1804 I PhoneLab-LoggerService: Logcat pid from database 1395
07-19 00:15:54.159  1790  1804 I PhoneLab-LoggerService: Logcat process found 1395
07-19 00:15:54.163  1790  1804 I PhoneLab-LoggerService: Checking Threshold
07-19 00:15:54.163  1790  1804 I PhoneLab-LoggerService: Starting to rename files
07-19 00:15:54.167  1790  1804 I PhoneLab-LoggerService: Files found .. 2
07-19 00:16:00.144  1547  1549 D dalvikvm: GC_CONCURRENT freed 412K, 6% free 9698K/10247K, paused 4ms+2ms
07-19 00:16:03.870   144   161 I ActivityManager: Start proc com.apksoftware.compass for service com.apksoftware.compass/com.catchnotes.buy.CatchBuyService: pid=1808 uid=10091 gids={3003}
07-19 00:16:03.894  1808  1808 I dalvikvm: Turning on JNI app bug workarounds for target SDK version 8...
07-19 00:16:03.988   144   156 I ActivityManager: Process com.twitter.android (pid 1300) has died.
07-19 00:16:03.999  1808  1808 I BugSenseHandler: Registering default exceptions handler
07-19 00:16:03.999  1808  1808 D BugSenseHandler: Looking for exceptions in: /data/data/com.apksoftware.compass/files
07-19 00:16:03.999  1808  1808 D BugSenseHandler: Found 0 stacktrace(s)
07-19 00:16:04.042  1808  1808 W CatchBuyService: handleCommand received null intent
07-19 00:16:08.745  1692  1694 D dalvikvm: GC_CONCURRENT freed 1194K, 14% free 12162K/14087K, paused 2ms+4ms
07-19 00:16:13.597  1692  1699 I dalvikvm: Jit: resizing JitTable from 4096 to 8192
07-19 00:16:20.659   144 14192 I ActivityManager: Process com.android.vending (pid 1547) has died.
07-19 00:16:20.839  1692  1694 D dalvikvm: GC_CONCURRENT freed 762K, 12% free 12407K/14087K, paused 2ms+6ms
07-19 00:16:22.327  1692  1694 D dalvikvm: GC_CONCURRENT freed 682K, 10% free 12731K/14087K, paused 3ms+7ms
07-19 00:16:22.921   321   322 D dalvikvm: GC_CONCURRENT freed 384K, 24% free 10154K/13191K, paused 2ms+6ms
07-19 00:16:23.163  1692  1694 D dalvikvm: GC_CONCURRENT freed 665K, 7% free 13184K/14087K, paused 2ms+7ms
07-19 00:16:24.581  1162  1165 D dalvikvm: GC_CONCURRENT freed 501K, 6% free 10055K/10695K, paused 5ms+5ms
07-19 00:16:24.589  1051  1053 D dalvikvm: GC_CONCURRENT freed 403K, 7% free 10453K/11143K, paused 18ms+11ms
07-19 00:16:31.726 29612 31033 D dalvikvm: GC_EXPLICIT freed 285K, 6% free 10162K/10759K, paused 13ms+4ms
07-19 00:16:32.097   144   317 D dalvikvm: GC_EXPLICIT freed 1123K, 24% free 18443K/24199K, paused 5ms+8ms
07-19 00:17:05.386   144   199 D DhcpInfoInternal: makeLinkProperties with empty dns2!
07-19 00:17:05.386   144   199 D DhcpInfoInternal: makeLinkProperties with empty dns2!
07-19 00:17:16.476  1692  1694 D dalvikvm: GC_CONCURRENT freed 1577K, 12% free 12903K/14599K, paused 6ms+6ms
07-19 00:17:17.382  1692  1694 D dalvikvm: GC_CONCURRENT freed 547K, 8% free 13526K/14599K, paused 2ms+7ms
07-19 00:17:18.511  1692  1694 D dalvikvm: GC_CONCURRENT freed 1080K, 8% free 13869K/15047K, paused 4ms+7ms
07-19 00:17:19.749  1692  1694 D dalvikvm: GC_CONCURRENT freed 1755K, 13% free 13679K/15559K, paused 10ms+4ms
07-19 00:17:24.515  1162  1165 D dalvikvm: GC_CONCURRENT freed 456K, 6% free 10109K/10695K, paused 1ms+2ms
07-19 00:17:54.050  1790  1804 I PhoneLab-: Service Running
07-19 00:17:54.136  1790  1804 I PhoneLab-LoggerService: app_37    1395  1     1432   980   c00f181c 400107b4 S logcat
07-19 00:17:54.136  1790  1804 I PhoneLab-LoggerService: Logcat pid from database 1395
07-19 00:17:54.136  1790  1804 I PhoneLab-LoggerService: Logcat process found 1395
07-19 00:17:54.136  1790  1804 I PhoneLab-LoggerService: Checking Threshold
07-19 00:17:54.136  1790  1804 I PhoneLab-LoggerService: Starting to rename files
07-19 00:17:54.136  1790  1804 I PhoneLab-LoggerService: Files found .. 2
07-19 00:18:11.792  1855  1855 D dalvikvm: Late-enabling CheckJNI
07-19 00:18:11.792   144   161 I ActivityManager: Start proc com.chess for broadcast com.chess/.backend.AlarmReceiver: pid=1855 uid=10079 gids={3003, 1015}
07-19 00:18:11.968  1855  1858 D dalvikvm: GC_CONCURRENT freed 154K, 3% free 9377K/9607K, paused 8ms+3ms
07-19 00:18:12.136  1855  1869 D GetStringObjTask: retrieving from url = http://www.chess.com/api/get_move_status?id=5HHjW9WUGa%2Bcu1LUwnVJPxTIWxmEve4VdkRnRyg7b5Ch69JH2Z5aB%2B7eGuFw8K2uFx47KFsdE3JRdR3Mzv0PkZOj6eZ8N73BvxmEERrzXjMNRo80rkLyJAUTh0iqof4n
07-19 00:18:13.062  1855  1869 D GetStringObjTask: WebRequest SERVER RESPONSE: Success+0
07-19 00:18:24.511  1051  1053 D dalvikvm: GC_CONCURRENT freed 510K, 7% free 10454K/11143K, paused 1ms+3ms
07-19 00:18:24.581  1162  1871 D dalvikvm: GC_EXPLICIT freed 260K, 7% free 10007K/10695K, paused 2ms+2ms
07-19 00:18:24.952  1162  1165 D dalvikvm: GC_CONCURRENT freed 354K, 7% free 10052K/10695K, paused 18ms+2ms
07-19 00:19:10.820  1204  1207 D dalvikvm: GC_CONCURRENT freed 376K, 5% free 9798K/10311K, paused 53ms+2ms
07-19 00:19:24.824  1162  1165 D dalvikvm: GC_CONCURRENT freed 377K, 6% free 10093K/10695K, paused 6ms+5ms
07-19 00:19:25.046  1162  1165 D dalvikvm: GC_CONCURRENT freed 176K, 4% free 10304K/10695K, paused 2ms+6ms
07-19 00:19:30.257   144   199 D DhcpInfoInternal: makeLinkProperties with empty dns2!
07-19 00:19:30.257   144   199 D DhcpInfoInternal: makeLinkProperties with empty dns2!
07-19 00:19:31.167   144   169 I ActivityManager: Start proc com.google.android.gm for service com.google.android.gm/.provider.MailSyncAdapterService: pid=1897 uid=10075 gids={3003, 1015}
07-19 00:19:31.339  1897  1897 I ActivityThread: Pub gmail-ls: com.google.android.gm.provider.MailProvider
07-19 00:19:31.409  1897  1897 I ActivityThread: Pub com.google.android.gm: com.google.android.gm.provider.PublicContentProvider
07-19 00:19:31.425  1897  1897 I ActivityThread: Pub com.google.android.gmail.SuggestionProvider: com.google.android.gm.SuggestionsProvider
07-19 00:19:31.659  1897  1900 D dalvikvm: GC_CONCURRENT freed 206K, 3% free 9260K/9543K, paused 2ms+3ms
07-19 00:19:32.730  1897  1914 I Gmail   : calculateUnknownSyncRationalesAndPurgeInBackground: queueing
07-19 00:19:32.765  1897  1914 I Gmail   : calculateUnknownSyncRationalesAndPurgeInBackground: queueing
07-19 00:19:32.816  1897  1912 I Gmail   : MainSyncRequestProto: lowestBkwdConvoId: 0, highestHandledServerOp: 3325871, normalSync: true
07-19 00:19:32.863  1897  1914 I Gmail   : calculateUnknownSyncRationalesAndPurgeInBackground: running
07-19 00:19:32.870  1897  1900 D dalvikvm: GC_CONCURRENT freed 223K, 4% free 9440K/9799K, paused 2ms+2ms
07-19 00:19:32.874  1897  1914 I Gmail   : calculateUnknownSyncRationalesAndPurgeInBackground: running
07-19 00:19:34.691   144  6618 I ActivityManager: Process android.process.acore (pid 1204) has died.
07-19 00:19:34.699   144   388 D CountryDetector: No listener is left
07-19 00:19:35.984  1897  1900 D dalvikvm: GC_CONCURRENT freed 317K, 5% free 9541K/9991K, paused 2ms+2ms
07-19 00:19:37.605  1897  1900 D dalvikvm: GC_CONCURRENT freed 444K, 6% free 9554K/10119K, paused 2ms+3ms
07-19 00:19:37.753  1897  1900 D dalvikvm: GC_CONCURRENT freed 439K, 6% free 9552K/10119K, paused 2ms+2ms
07-19 00:19:37.886  1897  1900 D dalvikvm: GC_CONCURRENT freed 447K, 6% free 9544K/10119K, paused 2ms+2ms
07-19 00:19:38.019  1897  1900 D dalvikvm: GC_CONCURRENT freed 447K, 6% free 9540K/10119K, paused 2ms+2ms
07-19 00:19:38.140  1897  1900 D dalvikvm: GC_CONCURRENT freed 448K, 6% free 9541K/10119K, paused 2ms+2ms
07-19 00:19:38.265  1897  1900 D dalvikvm: GC_CONCURRENT freed 448K, 6% free 9549K/10119K, paused 2ms+2ms
07-19 00:19:38.406  1897  1900 D dalvikvm: GC_CONCURRENT freed 448K, 6% free 9544K/10119K, paused 1ms+2ms
07-19 00:19:38.527  1897  1900 D dalvikvm: GC_CONCURRENT freed 447K, 6% free 9546K/10119K, paused 2ms+2ms
07-19 00:19:38.663  1897  1900 D dalvikvm: GC_CONCURRENT freed 448K, 6% free 9551K/10119K, paused 1ms+2ms
07-19 00:19:38.784  1897  1900 D dalvikvm: GC_CONCURRENT freed 448K, 6% free 9538K/10119K, paused 2ms+2ms
07-19 00:19:38.917  1897  1900 D dalvikvm: GC_CONCURRENT freed 448K, 6% free 9540K/10119K, paused 1ms+2ms
07-19 00:19:39.042  1897  1900 D dalvikvm: GC_CONCURRENT freed 448K, 6% free 9543K/10119K, paused 2ms+2ms
07-19 00:19:39.210  1897  1912 D dalvikvm: GC_EXPLICIT freed 263K, 6% free 9537K/10119K, paused 2ms+3ms
07-19 00:19:39.218  1897  1912 I Gmail   : MainSyncRequestProto: lowestBkwdConvoId: 0, highestHandledServerOp: 3326164, normalSync: true
07-19 00:19:39.866  1897  1912 D dalvikvm: GC_EXPLICIT freed 165K, 6% free 9582K/10119K, paused 2ms+3ms
07-19 00:19:39.870  1897  1912 I Gmail   : MainSyncRequestProto: lowestBkwdConvoId: 0, highestHandledServerOp: 3326164, normalSync: true
07-19 00:19:39.870  1897  1912 I Gmail   : lowestBackward conversation id 0
07-19 00:19:39.890  1897  1912 W Gmail   : Scheduling index for 300000 ms from now
07-19 00:19:39.984  1897  1912 I Gmail   : Sending notification intent: Intent { act=android.intent.action.PROVIDER_CHANGED dat=content://gmail-ls/unread/^i (has extras) }
07-19 00:19:40.101  1897  1920 W Gmail   : Showing notification with unreadCount of 2 and unseenCount of 2
07-19 00:19:40.363   215   217 D dalvikvm: GC_CONCURRENT freed 316K, 56% free 10129K/22727K, paused 4ms+3ms
07-19 00:19:40.585   215   217 D dalvikvm: GC_CONCURRENT freed 547K, 57% free 9975K/22727K, paused 3ms+6ms
07-19 00:19:54.054  1790  1804 I PhoneLab-: Service Running
07-19 00:19:54.124  1790  1804 I PhoneLab-LoggerService: app_37    1395  1     1432   980   c00f181c 400107b4 S logcat
07-19 00:19:54.124  1790  1804 I PhoneLab-LoggerService: Logcat pid from database 1395
07-19 00:19:54.124  1790  1804 I PhoneLab-LoggerService: Logcat process found 1395
07-19 00:19:54.124  1790  1804 I PhoneLab-LoggerService: Checking Threshold
07-19 00:19:54.124  1790  1804 I PhoneLab-LoggerService: Starting to rename files
07-19 00:19:54.124  1790  1804 I PhoneLab-LoggerService: Files found .. 2
07-19 00:19:59.812   144   310 I ActivityManager: Start proc android.process.acore for content provider com.android.providers.contacts/.ContactsProvider2: pid=1924 uid=10000 gids={3003, 1015}
07-19 00:19:59.851  1924  1924 I ActivityThread: Pub call_log: com.android.providers.contacts.CallLogProvider
07-19 00:19:59.890  1924  1924 I ActivityThread: Pub com.android.voicemail: com.android.providers.contacts.VoicemailContentProvider
07-19 00:19:59.894  1924  1924 I ActivityThread: Pub user_dictionary: com.android.providers.userdictionary.UserDictionaryProvider
07-19 00:19:59.917  1924  1924 I ActivityThread: Pub com.android.social: com.android.providers.contacts.SocialProvider
07-19 00:19:59.921  1924  1924 I ActivityThread: Pub applications: com.android.providers.applications.ApplicationsProvider
07-19 00:20:00.101  1924  1927 D dalvikvm: GC_CONCURRENT freed 324K, 5% free 9146K/9607K, paused 2ms+4ms
07-19 00:20:00.116   144   174 I ActivityManager: Start proc com.twitter.android for service com.twitter.android/.client.AppService: pid=1937 uid=10064 gids={3003, 1015}
07-19 00:20:00.140  1924  1924 I ActivityThread: Pub contacts;com.android.contacts: com.android.providers.contacts.ContactsProvider2
07-19 00:20:00.191  1937  1937 I dalvikvm: Turning on JNI app bug workarounds for target SDK version 11...
07-19 00:20:00.214   144 12390 I ActivityManager: Process com.chess (pid 1855) has died.
07-19 00:20:00.409  1937  1937 I ActivityThread: Pub com.twitter.android.provider.GlobalDatabaseProvider: com.twitter.android.provider.GlobalDatabaseProvider
07-19 00:20:00.421  1937  1937 I ActivityThread: Pub com.twitter.android.provider.TwitterProvider: com.twitter.android.provider.TwitterProvider
07-19 00:20:00.566  1937  1940 D dalvikvm: GC_CONCURRENT freed 209K, 4% free 9273K/9607K, paused 12ms+1ms
07-19 00:20:00.663  1924  1927 D dalvikvm: GC_CONCURRENT freed 197K, 4% free 9344K/9671K, paused 41ms+2ms
07-19 00:20:00.976  1937  1940 D dalvikvm: GC_CONCURRENT freed 166K, 4% free 9502K/9799K, paused 80ms+4ms
07-19 00:20:01.273  1937  1940 D dalvikvm: GC_CONCURRENT freed 298K, 5% free 9631K/10055K, paused 2ms+92ms
07-19 00:20:01.449  1924  1927 D dalvikvm: GC_CONCURRENT freed 211K, 4% free 9594K/9927K, paused 10ms+2ms
07-19 00:20:01.468   144   342 I ActivityManager: Process com.google.android.gm (pid 1897) has died.
07-19 00:20:01.534  1937  1940 D dalvikvm: GC_CONCURRENT freed 297K, 5% free 9755K/10183K, paused 2ms+3ms
07-19 00:20:01.691  1937  1940 D dalvikvm: GC_CONCURRENT freed 303K, 5% free 9885K/10311K, paused 2ms+2ms
07-19 00:20:01.855  1937  1940 D dalvikvm: GC_CONCURRENT freed 299K, 5% free 10011K/10439K, paused 2ms+2ms
07-19 00:20:02.015  1937  1940 D dalvikvm: GC_CONCURRENT freed 301K, 5% free 10143K/10567K, paused 1ms+2ms
07-19 00:20:02.191  1937  1940 D dalvikvm: GC_CONCURRENT freed 295K, 5% free 10267K/10695K, paused 2ms+2ms
07-19 00:20:02.624  1937  1940 D dalvikvm: GC_CONCURRENT freed 476K, 6% free 10222K/10823K, paused 5ms+3ms
07-19 00:20:02.777  1937  1940 D dalvikvm: GC_CONCURRENT freed 326K, 5% free 10296K/10823K, paused 2ms+2ms
07-19 00:20:02.921  1937  1940 D dalvikvm: GC_CONCURRENT freed 326K, 5% free 10372K/10823K, paused 2ms+3ms
07-19 00:20:03.097  1937  1940 D dalvikvm: GC_CONCURRENT freed 355K, 5% free 10474K/10951K, paused 2ms+3ms
07-19 00:20:03.253  1937  1940 D dalvikvm: GC_CONCURRENT freed 343K, 5% free 10552K/11015K, paused 1ms+2ms
07-19 00:20:03.402  1937  1940 D dalvikvm: GC_CONCURRENT freed 321K, 4% free 10638K/11079K, paused 2ms+2ms
07-19 00:20:03.589  1937  1940 D dalvikvm: GC_CONCURRENT freed 370K, 5% free 10723K/11207K, paused 1ms+2ms
07-19 00:20:03.741  1937  1940 D dalvikvm: GC_CONCURRENT freed 401K, 5% free 10813K/11335K, paused 2ms+2ms
07-19 00:20:05.144  1937  1940 D dalvikvm: GC_CONCURRENT freed 317K, 4% free 11013K/11463K, paused 3ms+2ms
07-19 00:20:07.238  1937  1940 D dalvikvm: GC_CONCURRENT freed 430K, 5% free 11156K/11719K, paused 2ms+2ms
07-19 00:20:07.624   144   169 I ActivityManager: Start proc com.google.android.apps.plus for service com.google.android.apps.plus/.service.EsSyncAdapterService: pid=1961 uid=10060 gids={3003, 3002, 1015, 1006}
07-19 00:20:07.816  1961  1963 D dalvikvm: GC_CONCURRENT freed 162K, 3% free 9370K/9607K, paused 9ms+2ms
07-19 00:20:08.070  1961  1961 I ActivityThread: Pub com.google.android.apps.plus.content.ApiProvider: com.google.android.apps.plus.content.EsApiProvider
07-19 00:20:08.109  1961  1961 I ActivityThread: Pub com.google.android.apps.plus.content.EsGooglePhotoProvider: com.google.android.picasasync.PicasaContentProvider
07-19 00:20:08.218  1961  1963 D dalvikvm: GC_CONCURRENT freed 336K, 5% free 9576K/9991K, paused 4ms+2ms
07-19 00:20:08.249  1961  1961 I ActivityThread: Pub com.google.android.apps.plus.content.EsPicasaStoreProvider: com.google.android.picasastore.PicasaPhotoContentProvider
07-19 00:20:08.257  1961  1961 I ActivityThread: Pub com.google.plus.platform: com.google.android.apps.plus.content.AdsProvider
07-19 00:20:08.257  1961  1961 I ActivityThread: Pub com.google.android.apps.plus.iu.EsGoogleIuProvider: com.google.android.apps.plus.iu.InstantUploadProvider
07-19 00:20:08.355  1961  1963 D dalvikvm: GC_CONCURRENT freed 462K, 6% free 9643K/10183K, paused 9ms+2ms
07-19 00:20:08.363  1961  1961 I ActivityThread: Pub com.google.android.apps.plus.content.EsProvider: com.google.android.apps.plus.content.EsProvider
07-19 00:20:08.406   144 12390 I ActivityManager: Start proc android.process.media for content provider com.android.providers.media/.MediaProvider: pid=1978 uid=10012 gids={1015, 1023, 1024, 2001, 3003, 3007}
07-19 00:20:08.488  1978  1978 I ActivityThread: Pub downloads: com.android.providers.downloads.DownloadProvider
07-19 00:20:08.593  1978  1978 I ActivityThread: Pub drm: com.android.providers.drm.DrmProvider
07-19 00:20:08.597  1978  1994 I DownloadManager: in removeSpuriousFiles
07-19 00:20:08.613  1978  1978 I ActivityThread: Pub media: com.android.providers.media.MediaProvider
07-19 00:20:08.667  1961  1995 D dalvikvm: GC_FOR_ALLOC freed 198K, 5% free 9813K/10247K, paused 22ms
07-19 00:20:08.683  1978  1994 I DownloadManager: in removeSpuriousFiles, preserving file /data/data/com.android.providers.downloads/cache/metadata.json
07-19 00:20:08.683  1978  1994 I DownloadManager: in removeSpuriousFiles, preserving file /data/data/com.android.providers.downloads/cache/en_general.htm
07-19 00:20:08.687  1978  1994 I DownloadManager: in removeSpuriousFiles, preserving file /mnt/sdcard/Download/img-thing.jpeg
07-19 00:20:08.687  1978  1994 I DownloadManager: in removeSpuriousFiles, preserving file /data/data/com.android.providers.downloads/cache/metadata-1.json
07-19 00:20:08.687  1978  1994 I DownloadManager: in removeSpuriousFiles, preserving file /data/data/com.android.providers.downloads/cache/downloadfile.jpeg
07-19 00:20:08.687  1978  1994 I DownloadManager: in removeSpuriousFiles, preserving file /data/data/com.android.providers.downloads/cache/metadata-2.json
07-19 00:20:08.687  1978  1994 I DownloadManager: in removeSpuriousFiles, preserving file /data/data/com.android.providers.downloads/cache/metadata-3.json
07-19 00:20:08.687  1978  1994 I DownloadManager: in removeSpuriousFiles, preserving file /data/data/com.android.providers.downloads/cache/downloadfile-1.jpeg
07-19 00:20:08.687  1978  1994 I DownloadManager: in removeSpuriousFiles, preserving file /data/data/com.android.providers.downloads/cache/downloadfile-2.jpeg
07-19 00:20:08.687  1978  1994 I DownloadManager: in removeSpuriousFiles, preserving file /data/data/com.android.providers.downloads/cache/metadata-4.json
07-19 00:20:08.687  1978  1994 I DownloadManager: in removeSpuriousFiles, preserving file /data/data/com.android.providers.downloads/cache/metadata-5.json
07-19 00:20:08.687  1978  1994 I DownloadManager: in removeSpuriousFiles, preserving file /data/data/com.android.providers.downloads/cache/metadata-6.json
07-19 00:20:08.691  1978  1994 I DownloadManager: deleting spurious file /cache/backup
07-19 00:20:08.874  1961  1963 D dalvikvm: GC_CONCURRENT freed 158K, 3% free 10089K/10375K, paused 2ms+2ms
07-19 00:20:08.995  1978  1980 D dalvikvm: GC_CONCURRENT freed 323K, 5% free 9149K/9607K, paused 1ms+3ms
07-19 00:20:09.085   144   388 I ActivityManager: Process com.google.android.apps.maps:LocationFriendService (pid 1162) has died.
07-19 00:20:09.128  1961  1976 D PicasaPhotoCP: set fsid first time:-1
07-19 00:20:09.128  1961  1963 D dalvikvm: GC_CONCURRENT freed 228K, 4% free 10328K/10695K, paused 28ms+2ms
07-19 00:20:09.202  1961  1987 D dalvikvm: GC_FOR_ALLOC freed 177K, 5% free 10449K/10887K, paused 21ms
07-19 00:20:09.202  1961  1987 I dalvikvm-heap: Grow heap (frag case) to 10.525MB for 260112-byte allocation
07-19 00:20:09.234  1961  1987 D dalvikvm: GC_FOR_ALLOC freed 126K, 6% free 10577K/11143K, paused 21ms
07-19 00:20:09.265  1961  1987 D dalvikvm: GC_FOR_ALLOC freed 311K, 6% free 10569K/11207K, paused 22ms
07-19 00:20:09.292  1961  1987 D dalvikvm: GC_FOR_ALLOC freed 62K, 6% free 10633K/11207K, paused 20ms
07-19 00:20:09.292  1961  1987 I dalvikvm-heap: Grow heap (frag case) to 10.705MB for 260112-byte allocation
07-19 00:20:09.324  1961  1987 D dalvikvm: GC_FOR_ALLOC freed 126K, 7% free 10761K/11463K, paused 21ms
07-19 00:20:09.355  1961  1987 D dalvikvm: GC_FOR_ALLOC freed 307K, 7% free 10753K/11463K, paused 22ms
07-19 00:20:09.382  1961  1987 D dalvikvm: GC_FOR_ALLOC freed 62K, 6% free 10817K/11463K, paused 20ms
07-19 00:20:09.386  1961  1987 I dalvikvm-heap: Grow heap (frag case) to 10.884MB for 260112-byte allocation
07-19 00:20:09.409  1961  1987 D dalvikvm: GC_FOR_ALLOC freed 126K, 7% free 10945K/11719K, paused 21ms
07-19 00:20:09.554  1961  1963 D dalvikvm: GC_CONCURRENT freed 329K, 5% free 11141K/11719K, paused 2ms+2ms
07-19 00:20:09.695  1961  1963 D dalvikvm: GC_CONCURRENT freed 138K, 3% free 11662K/11911K, paused 1ms+3ms
07-19 00:20:09.855  1961  1963 D dalvikvm: GC_CONCURRENT freed 337K, 4% free 12169K/12615K, paused 1ms+3ms
07-19 00:20:10.058  1961  1963 D dalvikvm: GC_CONCURRENT freed 427K, 5% free 12714K/13255K, paused 2ms+3ms
07-19 00:20:10.632   144   390 D dalvikvm: GC_EXPLICIT freed 1584K, 24% free 18530K/24199K, paused 7ms+9ms
07-19 00:20:11.265   144   378 I ActivityManager: Process android.process.acore (pid 1924) has died.
07-19 00:20:12.964  1961  1963 D dalvikvm: GC_CONCURRENT freed 1029K, 8% free 12857K/13959K, paused 4ms+2ms
07-19 00:20:13.820  1961  1963 D dalvikvm: GC_CONCURRENT freed 1015K, 8% free 13022K/14151K, paused 2ms+3ms
07-19 00:20:15.585  1961  1993 E dalvikvm: Could not find class 'android.app.Notification$InboxStyle', referenced from method com.google.android.apps.plus.service.AndroidNotification.createDigestNotification
07-19 00:20:15.585  1961  1993 W dalvikvm: VFY: unable to resolve new-instance 41 (Landroid/app/Notification$InboxStyle;) in Lcom/google/android/apps/plus/service/AndroidNotification;
07-19 00:20:15.585  1961  1993 D dalvikvm: VFY: replacing opcode 0x22 at 0x0018
07-19 00:20:15.585  1961  1993 I dalvikvm: Could not find method android.app.Notification$Builder.setPriority, referenced from method com.google.android.apps.plus.service.AndroidNotification.createRichNotification
07-19 00:20:15.589  1961  1993 W dalvikvm: VFY: unable to resolve virtual method 162: Landroid/app/Notification$Builder;.setPriority (I)Landroid/app/Notification$Builder;
07-19 00:20:15.589  1961  1993 D dalvikvm: VFY: replacing opcode 0x6e at 0x00d5
07-19 00:20:15.601  1961  1993 D dalvikvm: DexOpt: unable to opt direct call 0x00a8 at 0x1a in Lcom/google/android/apps/plus/service/AndroidNotification;.createDigestNotification
07-19 00:20:15.601  1961  1993 D dalvikvm: DexOpt: unable to opt direct call 0x0091 at 0xf1 in Lcom/google/android/apps/plus/service/AndroidNotification;.createRichNotification
07-19 00:20:15.601  1961  1993 D dalvikvm: DexOpt: unable to opt direct call 0x0095 at 0x397 in Lcom/google/android/apps/plus/service/AndroidNotification;.createRichNotification
07-19 00:20:18.386  1961  1963 D dalvikvm: GC_CONCURRENT freed 1228K, 10% free 13048K/14407K, paused 2ms+2ms
07-19 00:20:20.077   144   144 I ActivityManager: Start proc android.process.acore for content provider com.android.providers.contacts/.ContactsProvider2: pid=2005 uid=10000 gids={3003, 1015}
07-19 00:20:20.109  2005  2005 I ActivityThread: Pub call_log: com.android.providers.contacts.CallLogProvider
07-19 00:20:20.159  2005  2005 I ActivityThread: Pub com.android.voicemail: com.android.providers.contacts.VoicemailContentProvider
07-19 00:20:20.163  2005  2005 I ActivityThread: Pub user_dictionary: com.android.providers.userdictionary.UserDictionaryProvider
07-19 00:20:20.199  2005  2005 I ActivityThread: Pub com.android.social: com.android.providers.contacts.SocialProvider
07-19 00:20:20.202  2005  2005 I ActivityThread: Pub applications: com.android.providers.applications.ApplicationsProvider
07-19 00:20:20.351  2005  2007 D dalvikvm: GC_CONCURRENT freed 338K, 5% free 9148K/9607K, paused 5ms+2ms
07-19 00:20:20.351  2005  2005 I ActivityThread: Pub contacts;com.android.contacts: com.android.providers.contacts.ContactsProvider2
07-19 00:20:20.917   144   390 I ActivityManager: Process com.twitter.android (pid 1937) has died.
07-19 00:20:20.925  2005  2007 D dalvikvm: GC_CONCURRENT freed 195K, 4% free 9339K/9671K, paused 7ms+2ms
07-19 00:20:21.570  1961  1963 D dalvikvm: GC_CONCURRENT freed 1131K, 9% free 13145K/14407K, paused 39ms+5ms
07-19 00:20:21.628  2005  2007 D dalvikvm: GC_CONCURRENT freed 198K, 4% free 9527K/9863K, paused 4ms+1ms
07-19 00:20:23.574  2005  2007 D dalvikvm: GC_CONCURRENT freed 271K, 5% free 9646K/10055K, paused 4ms+7ms
07-19 00:20:24.671  1961  1963 D dalvikvm: GC_CONCURRENT freed 1070K, 9% free 13369K/14535K, paused 26ms+93ms
07-19 00:20:25.015  1051  1053 D dalvikvm: GC_CONCURRENT freed 512K, 7% free 10453K/11143K, paused 3ms+4ms
07-19 00:20:25.058   144 12390 I ActivityManager: Start proc com.google.android.apps.maps:LocationFriendService for service com.google.android.apps.maps/com.google.googlenav.friend.reporting.LocationReceiverService: pid=2028 uid=10056 gids={3003, 1015}
07-19 00:20:25.300  2028  2029 D dalvikvm: GC_CONCURRENT freed 173K, 3% free 9359K/9607K, paused 43ms+3ms
07-19 00:20:25.527  1961  1993 D dalvikvm: GC_FOR_ALLOC freed 76K, 8% free 13674K/14727K, paused 129ms
07-19 00:20:25.601  1961  1993 D dalvikvm: GC_FOR_ALLOC freed 347K, 10% free 13669K/15111K, paused 57ms
07-19 00:20:25.601  1961  1993 I dalvikvm-heap: Grow heap (frag case) to 13.756MB for 350686-byte allocation
07-19 00:20:25.683  1961  2020 D dalvikvm: GC_FOR_ALLOC freed 1K, 10% free 14011K/15495K, paused 72ms
07-19 00:20:25.718  2028  2029 D dalvikvm: GC_CONCURRENT freed 177K, 4% free 9617K/9927K, paused 5ms+2ms
07-19 00:20:26.503  2028  2029 D dalvikvm: GC_CONCURRENT freed 270K, 4% free 9840K/10183K, paused 2ms+3ms
07-19 00:20:26.722  2028  2033 I dalvikvm: Total arena pages for JIT: 11
07-19 00:20:26.722  2028  2033 I dalvikvm: Total arena pages for JIT: 12
07-19 00:20:26.726  2028  2033 I dalvikvm: Total arena pages for JIT: 13
07-19 00:20:26.726  2028  2033 I dalvikvm: Total arena pages for JIT: 14
07-19 00:20:26.726  2028  2033 I dalvikvm: Total arena pages for JIT: 15
07-19 00:20:26.726  2028  2033 I dalvikvm: Total arena pages for JIT: 16
07-19 00:20:26.726  2028  2033 I dalvikvm: Total arena pages for JIT: 17
07-19 00:20:26.808   144  1168 I ActivityManager: Process android.process.media (pid 1978) has died.
07-19 00:20:27.327  2028  2029 D dalvikvm: GC_CONCURRENT freed 340K, 5% free 9980K/10439K, paused 2ms+43ms
07-19 00:20:30.702   144  2051 I ActivityManager: Applications Memory Usage (kB):
07-19 00:20:30.702   144  2051 I ActivityManager: Uptime: 208536321 Realtime: 288495165
07-19 00:20:30.702   144  2051 I ActivityManager: Total PSS by OOM adjustment:
07-19 00:20:30.702   144  2051 I ActivityManager:     28032 kB: System
07-19 00:20:30.702   144  2051 I ActivityManager:                28032 kB: system (pid 144)
07-19 00:20:30.702   144  2051 I ActivityManager:     27989 kB: Persistent
07-19 00:20:30.702   144  2051 I ActivityManager:                12672 kB: com.android.systemui (pid 215)
07-19 00:20:30.702   144  2051 I ActivityManager:                11489 kB: com.android.phone (pid 346)
07-19 00:20:30.702   144  2051 I ActivityManager:                 3828 kB: com.android.nfc (pid 359)
07-19 00:20:30.702   144  2051 I ActivityManager:     57633 kB: Foreground
07-19 00:20:30.702   144  2051 I ActivityManager:                57633 kB: com.instagram.android (pid 1692)
07-19 00:20:30.702   144  2051 I ActivityManager:     49599 kB: Visible
07-19 00:20:30.702   144  2051 I ActivityManager:                17660 kB: com.google.android.apps.plus (pid 1961)
07-19 00:20:30.702   144  2051 I ActivityManager:                14774 kB: android.process.acore (pid 2005)
07-19 00:20:30.702   144  2051 I ActivityManager:                14428 kB: com.google.android.gsf.login (pid 13970)
07-19 00:20:30.702   144  2051 I ActivityManager:                 2737 kB: com.android.smspush (pid 435)
07-19 00:20:30.702   144  2051 I ActivityManager:      6973 kB: Perceptible
07-19 00:20:30.702   144  2051 I ActivityManager:                 6973 kB: com.klye.ime.latin (pid 321)
07-19 00:20:30.702   144  2051 I ActivityManager:     24594 kB: A Services
07-19 00:20:30.702   144  2051 I ActivityManager:                11361 kB: com.google.process.gapps (pid 29612)
07-19 00:20:30.702   144  2051 I ActivityManager:                 7186 kB: com.google.android.apps.maps:NetworkLocationService (pid 1051)
07-19 00:20:30.702   144  2051 I ActivityManager:                 3157 kB: com.apksoftware.compass (pid 1808)
07-19 00:20:30.702   144  2051 I ActivityManager:                 2890 kB: edu.buffalo.cse.phonelab.phonelabservices (pid 1790)
07-19 00:20:30.702   144  2051 I ActivityManager:     13731 kB: Home
07-19 00:20:30.702   144  2051 I ActivityManager:                13731 kB: com.android.launcher (pid 12865)
07-19 00:20:30.702   144  2051 I ActivityManager:     34973 kB: B Services
07-19 00:20:30.702   144  2051 I ActivityManager:                 8991 kB: com.facebook.katana (pid 993)
07-19 00:20:30.702   144  2051 I ActivityManager:                 6869 kB: com.xabber.androiddev (pid 1183)
07-19 00:20:30.702   144  2051 I ActivityManager:                 6053 kB: com.google.android.apps.maps (pid 642)
07-19 00:20:30.702   144  2051 I ActivityManager:                 5483 kB: com.whatsapp (pid 1115)
07-19 00:20:30.702   144  2051 I ActivityManager:                 5146 kB: com.google.android.apps.googlevoice (pid 1749)
07-19 00:20:30.702   144  2051 I ActivityManager:                 2431 kB: com.android.sprintmenu (pid 1605)
07-19 00:20:30.702   144  2051 I ActivityManager:      8393 kB: Background
07-19 00:20:30.702   144  2051 I ActivityManager:                 8393 kB: com.google.android.apps.maps:LocationFriendService (pid 2028)
07-19 00:20:30.702   144  2051 I ActivityManager: 
07-19 00:20:30.702   144  2051 I ActivityManager: Total PSS: 251917 kB
07-19 00:20:30.702   144  2051 I ActivityManager:   PID      Vss      Rss      Pss      Uss  cmdline
07-19 00:20:30.702   144  2051 I ActivityManager:  1692   79848K   79800K   57713K   54524K  com.instagram.android
07-19 00:20:30.702   144  2051 I ActivityManager:   144   44404K   44340K   28085K   27076K  system_server
07-19 00:20:30.702   144  2051 I ActivityManager:  1961   39048K   38992K   17925K   15824K  com.google.android.apps.plus
07-19 00:20:30.702   144  2051 I ActivityManager:  2005   36256K   36188K   14837K   12708K  android.process.acore
07-19 00:20:30.702   144  2051 I ActivityManager: 13970   31052K   30972K   14488K   13504K  com.google.android.gsf.login
07-19 00:20:30.702   144  2051 I ActivityManager: 12865   29836K   29744K   13778K   12772K  com.android.launcher
07-19 00:20:30.702   144  2051 I ActivityManager:   215   32312K   32128K   12719K    8796K  com.android.systemui
07-19 00:20:30.702   144  2051 I ActivityManager:    78   19820K   16820K   11584K    7092K  /system/bin/surfaceflinger
07-19 00:20:30.702   144  2051 I ActivityManager:   346   26788K   26716K   11532K   10788K  com.android.phone
07-19 00:20:30.702   144  2051 I ActivityManager: 29612   29916K   29828K   11409K   10316K  com.google.process.gapps
07-19 00:20:30.702   144  2051 I ActivityManager:   993   27452K   27380K    9041K    8024K  com.facebook.katana
07-19 00:20:30.702   144  2051 I ActivityManager:  2028   29440K   29384K    8439K    6644K  com.google.android.apps.maps:LocationFriendService
07-19 00:20:30.702   144  2051 I ActivityManager:  1051   26424K   26364K    7232K    5924K  com.google.android.apps.maps:NetworkLocationService
07-19 00:20:30.702   144  2051 I ActivityManager:   321   22652K   22584K    7019K    6200K  com.klye.ime.latin
07-19 00:20:30.702   144  2051 I ActivityManager:  1183   26732K   26672K    6918K    5712K  com.xabber.androiddev
07-19 00:20:30.702   144  2051 I ActivityManager:   642   25060K   24960K    6099K    5064K  com.google.android.apps.maps
07-19 00:20:30.702   144  2051 I ActivityManager:  1115   24896K   24828K    5529K    4436K  com.whatsapp
07-19 00:20:30.702   144  2051 I ActivityManager:  1749   25540K   25476K    5192K    3856K  com.google.android.apps.googlevoice
07-19 00:20:30.702   144  2051 I ActivityManager:   359   19308K   19212K    3871K    3112K  com.android.nfc
07-19 00:20:30.702   144  2051 I ActivityManager:  1808   23204K   23104K    3205K    1920K  com.apksoftware.compass
07-19 00:20:30.702   144  2051 I ActivityManager:  1790   22340K   22240K    2937K    1688K  edu.buffalo.cse.phonelab.phonelabservices
07-19 00:20:30.702   144  2051 I ActivityManager:   435   18452K   18340K    2780K    1928K  com.android.smspush
07-19 00:20:30.702   144  2051 I ActivityManager:  1605   21172K   21072K    2480K    1316K  com.android.sprintmenu
07-19 00:20:30.702   144  2051 I ActivityManager:    79   18520K   18392K    1899K     856K  zygote
07-19 00:20:30.702   144  2051 I ActivityManager:    81    2128K    2128K    1812K    1788K  /system/bin/mediaserver
07-19 00:20:30.702   144  2051 I ActivityManager:    80     956K     956K     878K     876K  /system/bin/drmserver
07-19 00:20:30.702   144  2051 I ActivityManager:  1395     984K     980K     845K     840K  logcat
07-19 00:20:30.702   144  2051 I ActivityManager:    77    1044K    1044K     761K     748K  /system/bin/rild
07-19 00:20:30.702   144  2051 I ActivityManager:  2053     772K     764K     632K     624K  procrank
07-19 00:20:30.702   144  2051 I ActivityManager:   275     628K     624K     449K     440K  /system/bin/wpa_supplicant
07-19 00:20:30.702   144  2051 I ActivityManager: 30617     624K     624K     433K     420K  /system/bin/netd
07-19 00:20:30.702   144  2051 I ActivityManager:    88     404K     404K     388K     388K  /sbin/adbd
07-19 00:20:30.702   144  2051 I ActivityManager:   292     332K     332K     300K     300K  /system/bin/bluetoothd
07-19 00:20:30.702   144  2051 I ActivityManager:    72     372K     368K     282K     276K  /system/bin/vold
07-19 00:20:30.702   144  2051 I ActivityManager:    86     436K     432K     281K     276K  /system/vendor/bin/gpsd
07-19 00:20:30.702   144  2051 I ActivityManager: 28597     340K     3
07-19 00:20:30.976   144 15767 I ActivityManager: Process com.google.android.apps.maps:LocationFriendService (pid 2028) has died.
07-19 00:20:31.031  1961  1963 D dalvikvm: GC_CONCURRENT freed 1042K, 8% free 14520K/15687K, paused 13ms+3ms
07-19 00:20:33.210  1961  1963 D dalvikvm: GC_CONCURRENT freed 1761K, 12% free 14493K/16391K, paused 2ms+4ms
07-19 00:20:36.241   359   359 D dalvikvm: GC_EXPLICIT freed 1K, 6% free 9096K/9607K, paused 2ms+2ms
07-19 00:20:38.132  1961  1993 I SqliteDatabaseCpp: sqlite returned: error code = 1, msg = no such column: last_stats_sync_time, db=/data/data/com.google.android.apps.plus/databases/es0.db
07-19 00:20:38.187  1961  1993 E EsSyncAdapterService: Sync failure
07-19 00:20:38.187  1961  1993 E EsSyncAdapterService: android.database.sqlite.SQLiteException: no such column: last_stats_sync_time: , while compiling: SELECT last_stats_sync_time  FROM account_status
07-19 00:20:38.187  1961  1993 E EsSyncAdapterService: 	at android.database.sqlite.SQLiteCompiledSql.native_compile(Native Method)
07-19 00:20:38.187  1961  1993 E EsSyncAdapterService: 	at android.database.sqlite.SQLiteCompiledSql.<init>(SQLiteCompiledSql.java:68)
07-19 00:20:38.187  1961  1993 E EsSyncAdapterService: 	at android.database.sqlite.SQLiteProgram.compileSql(SQLiteProgram.java:143)
07-19 00:20:38.187  1961  1993 E EsSyncAdapterService: 	at android.database.sqlite.SQLiteProgram.compileAndbindAllArgs(SQLiteProgram.java:361)
07-19 00:20:38.187  1961  1993 E EsSyncAdapterService: 	at android.database.sqlite.SQLiteStatement.acquireAndLock(SQLiteStatement.java:260)
07-19 00:20:38.187  1961  1993 E EsSyncAdapterService: 	at android.database.sqlite.SQLiteStatement.simpleQueryForLong(SQLiteStatement.java:137)
07-19 00:20:38.187  1961  1993 E EsSyncAdapterService: 	at android.database.DatabaseUtils.longForQuery(DatabaseUtils.java:791)
07-19 00:20:38.187  1961  1993 E EsSyncAdapterService: 	at android.database.DatabaseUtils.longForQuery(DatabaseUtils.java:779)
07-19 00:20:38.187  1961  1993 E EsSyncAdapterService: 	at com.google.android.apps.plus.content.EsAccountsData.queryLastStatsSyncTimestamp(EsAccountsData.java:570)
07-19 00:20:38.187  1961  1993 E EsSyncAdapterService: 	at com.google.android.apps.plus.service.EsSyncAdapterService.syncContactsStatsIfNecessary(EsSyncAdapterService.java:670)
07-19 00:20:38.187  1961  1993 E EsSyncAdapterService: 	at com.google.android.apps.plus.service.EsSyncAdapterService.doFullSync(EsSyncAdapterService.java:633)
07-19 00:20:38.187  1961  1993 E EsSyncAdapterService: 	at com.google.android.apps.plus.service.EsSyncAdapterService.doSync(EsSyncAdapterService.java:566)
07-19 00:20:38.187  1961  1993 E EsSyncAdapterService: 	at com.google.android.apps.plus.service.EsSyncAdapterService.access$100(EsSyncAdapterService.java:52)
07-19 00:20:38.187  1961  1993 E EsSyncAdapterService: 	at com.google.android.apps.plus.service.EsSyncAdapterService$SyncAdapterImpl.onPerformSync(EsSyncAdapterService.java:408)
07-19 00:20:38.187  1961  1993 E EsSyncAdapterService: 	at android.content.AbstractThreadedSyncAdapter$SyncThread.run(AbstractThreadedSyncAdapter.java:247)
07-19 00:20:38.226   144   169 D SyncManager: failed sync operation lokeshmandvekar@gmail.com (com.google), com.google.android.apps.plus.content.EsProvider, SERVER, earliestRunTime 285302918, SyncResult: stats [ numParseExceptions: 1]
07-19 00:20:38.234   144   169 D SyncManager: not retrying sync operation because the error is a hard error: lokeshmandvekar@gmail.com (com.google), com.google.android.apps.plus.content.EsProvider, SERVER, earliestRunTime 288506568
07-19 00:20:42.620  1961  1963 D dalvikvm: GC_CONCURRENT freed 2983K, 19% free 13290K/16391K, paused 2ms+3ms
07-19 00:20:43.027  2005  2007 D dalvikvm: GC_CONCURRENT freed 530K, 7% free 9515K/10183K, paused 2ms+4ms
07-19 00:20:43.171  1961  2020 D dalvikvm: GC_EXPLICIT freed 611K, 20% free 13230K/16391K, paused 3ms+3ms
07-19 00:20:43.339  1692  1692 D dalvikvm: GC_EXPLICIT freed 178K, 13% free 13618K/15559K, paused 3ms+5ms
07-19 00:20:44.097  2005  2007 D dalvikvm: GC_CONCURRENT freed 332K, 7% free 9566K/10183K, paused 2ms+2ms
07-19 00:20:44.308   144   155 D dalvikvm: GC_EXPLICIT freed 1565K, 24% free 18490K/24199K, paused 3ms+9ms
07-19 00:20:44.656  1115  1118 D dalvikvm: GC_CONCURRENT freed 272K, 6% free 9989K/10567K, paused 2ms+2ms
07-19 00:20:44.741  2005  2016 D dalvikvm: GC_EXPLICIT freed 204K, 7% free 9492K/10183K, paused 2ms+4ms
07-19 00:20:48.394   144   160 D dalvikvm: GC_EXPLICIT freed 70K, 24% free 18451K/24199K, paused 32ms+8ms
07-19 00:20:49.769  1115  1118 D dalvikvm: GC_CONCURRENT freed 425K, 6% free 10004K/10567K, paused 2ms+2ms
07-19 00:20:57.257   346   346 D dalvikvm: GC_EXPLICIT freed 355K, 10% free 11928K/13191K, paused 45ms+3ms
07-19 00:21:05.378   435   435 D dalvikvm: GC_EXPLICIT freed <1K, 4% free 9033K/9347K, paused 23ms+1ms
07-19 00:21:10.417   321   321 D dalvikvm: GC_EXPLICIT freed 231K, 24% free 10152K/13191K, paused 22ms+3ms
07-19 00:21:11.589   144   317 I ActivityManager: START {act=android.intent.action.VIEW dat=content://gmail-ls/account/lokeshmandvekar@gmail.com/label/^i typ=application/gmail-ls flg=0x10008000 cmp=com.google.android.gm/.ConversationListActivityGmail bnds=[96,119][480,215] (has extras)} from pid -1
07-19 00:21:11.648   144   155 W KeyguardViewMediator: verifyUnlock called when not externally disabled
07-19 00:21:11.812   144   342 I ActivityManager: Start proc com.google.android.gm for activity com.google.android.gm/.ConversationListActivityGmail: pid=2061 uid=10075 gids={3003, 1015}
07-19 00:21:11.952   215   217 D dalvikvm: GC_CONCURRENT freed 666K, 57% free 9806K/22727K, paused 2ms+8ms
07-19 00:21:12.019  1692  1692 D OpenGLRenderer: Flushing caches (mode 1)
07-19 00:21:12.077  2061  2061 I ActivityThread: Pub gmail-ls: com.google.android.gm.provider.MailProvider
07-19 00:21:12.128  2061  2061 I ActivityThread: Pub com.google.android.gm: com.google.android.gm.provider.PublicContentProvider
07-19 00:21:12.148  1692  1692 D OpenGLRenderer: Flushing caches (mode 0)
07-19 00:21:12.159  2061  2061 I ActivityThread: Pub com.google.android.gmail.SuggestionProvider: com.google.android.gm.SuggestionsProvider
07-19 00:21:12.308  2061  2065 D dalvikvm: GC_CONCURRENT freed 263K, 4% free 9262K/9607K, paused 3ms+2ms
07-19 00:21:12.488   144   160 I Process : Sending signal. PID: 2061 SIG: 3
07-19 00:21:12.491  2061  2066 I dalvikvm: threadid=3: reacting to signal 3
07-19 00:21:12.566  2061  2066 I dalvikvm: Wrote stack traces to '/data/anr/traces.txt'
07-19 00:21:12.925   144   160 I Process : Sending signal. PID: 2061 SIG: 3
07-19 00:21:12.925  2061  2066 I dalvikvm: threadid=3: reacting to signal 3
07-19 00:21:12.960  2061  2066 I dalvikvm: Wrote stack traces to '/data/anr/traces.txt'
07-19 00:21:12.988  2061  2065 D dalvikvm: GC_CONCURRENT freed 174K, 3% free 9611K/9863K, paused 18ms+8ms
07-19 00:21:13.120  2061  2079 I Gmail   : calculateUnknownSyncRationalesAndPurgeInBackground: queueing
07-19 00:21:13.183  2061  2061 D libEGL  : loaded /system/lib/egl/libGLES_android.so
07-19 00:21:13.210  2061  2079 I Gmail   : calculateUnknownSyncRationalesAndPurgeInBackground: queueing
07-19 00:21:13.210  2061  2061 D libEGL  : loaded /vendor/lib/egl/libEGL_POWERVR_SGX540_120.so
07-19 00:21:13.245  2061  2061 D libEGL  : loaded /vendor/lib/egl/libGLESv1_CM_POWERVR_SGX540_120.so
07-19 00:21:13.249  2061  2061 D libEGL  : loaded /vendor/lib/egl/libGLESv2_POWERVR_SGX540_120.so
07-19 00:21:13.316  2061  2061 D OpenGLRenderer: Enabling debug mode 0
07-19 00:21:13.359   144 14192 W InputManagerService: Starting input on non-focused client com.android.internal.view.IInputMethodClient$Stub$Proxy@41abf4d8 (uid=10083 pid=1692)
07-19 00:21:13.429   144   160 I Process : Sending signal. PID: 2061 SIG: 3
07-19 00:21:13.429  2061  2066 I dalvikvm: threadid=3: reacting to signal 3
07-19 00:21:13.464  2061  2066 I dalvikvm: Wrote stack traces to '/data/anr/traces.txt'
07-19 00:21:13.503   144   175 I ActivityManager: Displayed com.google.android.gm/.ConversationListActivityGmail: +1s834ms
07-19 00:21:13.558  2061  2065 D dalvikvm: GC_CONCURRENT freed 251K, 4% free 9795K/10183K, paused 2ms+2ms
07-19 00:21:13.574  1692  1692 D OpenGLRenderer: Flushing caches (mode 2)
07-19 00:21:13.652  1692  1692 D OpenGLRenderer: Flushing caches (mode 0)
07-19 00:21:14.058  2061  2079 I Gmail   : calculateUnknownSyncRationalesAndPurgeInBackground: running
07-19 00:21:14.206  2061  2065 D dalvikvm: GC_CONCURRENT freed 243K, 4% free 10004K/10375K, paused 8ms+3ms
07-19 00:21:14.238  2061  2079 I Gmail   : calculateUnknownSyncRationalesAndPurgeInBackground: running
07-19 00:21:14.542  2061  2089 I Gmail   : Sending notification intent: Intent { act=android.intent.action.PROVIDER_CHANGED dat=content://gmail-ls/unread/^i (has extras) }
07-19 00:21:14.874 29612 29614 D dalvikvm: GC_CONCURRENT freed 322K, 5% free 10227K/10759K, paused 6ms+4ms
07-19 00:21:19.691 13970 13970 D dalvikvm: GC_EXPLICIT freed 275K, 6% free 9799K/10375K, paused 23ms+3ms
07-19 00:21:24.792   144  6618 I ActivityManager: Start proc com.google.android.apps.maps:LocationFriendService for service com.google.android.apps.maps/com.google.googlenav.friend.reporting.LocationReceiverService: pid=2093 uid=10056 gids={3003, 1015}
07-19 00:21:24.827    79    79 D dalvikvm: GC_EXPLICIT freed 37K, 4% free 9027K/9347K, paused 3ms+2ms
07-19 00:21:24.882    79    79 D dalvikvm: GC_EXPLICIT freed <1K, 4% free 9027K/9347K, paused 1ms+3ms
07-19 00:21:24.917    79    79 D dalvikvm: GC_EXPLICIT freed <1K, 4% free 9027K/9347K, paused 2ms+2ms
07-19 00:21:25.007  2093  2097 D dalvikvm: GC_CONCURRENT freed 178K, 3% free 9354K/9607K, paused 2ms+2ms
07-19 00:21:25.476  2093  2097 D dalvikvm: GC_CONCURRENT freed 147K, 3% free 9672K/9927K, paused 3ms+2ms
07-19 00:21:25.894  2093  2097 D dalvikvm: GC_CONCURRENT freed 297K, 4% free 9841K/10247K, paused 2ms+2ms
07-19 00:21:25.898 29612 29619 I dalvikvm: Jit: resizing JitTable from 4096 to 8192
07-19 00:21:26.089  2093  2097 D dalvikvm: GC_CONCURRENT freed 338K, 5% free 9973K/10439K, paused 2ms+2ms
07-19 00:21:29.773   215   215 D dalvikvm: GC_EXPLICIT freed 147K, 58% free 9680K/22727K, paused 24ms+4ms
07-19 00:21:34.788 12865 12865 D dalvikvm: GC_EXPLICIT freed 673K, 23% free 12334K/15879K, paused 24ms+6ms
07-19 00:21:39.781 29612 29612 D dalvikvm: GC_EXPLICIT freed 139K, 6% free 10167K/10759K, paused 28ms+3ms
07-19 00:21:49.218   642   642 D dalvikvm: GC_EXPLICIT freed 1K, 4% free 10925K/11335K, paused 2ms+2ms
07-19 00:21:54.074  1790  1804 I PhoneLab-: Service Running
07-19 00:21:54.183  1790  1804 I PhoneLab-LoggerService: app_37    1395  1     1432   980   c00f181c 400107b4 S logcat
07-19 00:21:54.183  1790  1804 I PhoneLab-LoggerService: Logcat pid from database 1395
07-19 00:21:54.183  1790  1804 I PhoneLab-LoggerService: Logcat process found 1395
07-19 00:21:54.187  1790  1804 I PhoneLab-LoggerService: Checking Threshold
07-19 00:21:54.187  1790  1804 I PhoneLab-LoggerService: Starting to rename files
07-19 00:21:54.187  1790  1804 I PhoneLab-LoggerService: Files found .. 2
07-19 00:21:54.304   993   993 D dalvikvm: GC_EXPLICIT freed 224K, 5% free 10771K/11335K, paused 14ms+3ms
07-19 00:21:55.156   144   199 D DhcpInfoInternal: makeLinkProperties with empty dns2!
07-19 00:21:55.163   144   199 D DhcpInfoInternal: makeLinkProperties with empty dns2!
07-19 00:22:05.140  1051  1051 D dalvikvm: GC_EXPLICIT freed 334K, 7% free 10432K/11143K, paused 2ms+2ms
07-19 00:22:10.234  1115  1115 D dalvikvm: GC_EXPLICIT freed 382K, 7% free 9909K/10567K, paused 28ms+3ms
07-19 00:22:13.191  2061  2068 D dalvikvm: null clazz in OP_INSTANCE_OF, single-stepping
07-19 00:22:15.253  1183  1183 D dalvikvm: GC_EXPLICIT freed 400K, 6% free 10692K/11335K, paused 36ms+2ms
07-19 00:22:19.066  2061  2065 D dalvikvm: GC_CONCURRENT freed 417K, 6% free 10089K/10631K, paused 15ms+4ms
07-19 00:22:20.245  1605  1605 D dalvikvm: GC_EXPLICIT freed 127K, 4% free 9052K/9347K, paused 45ms+2ms
07-19 00:22:21.085  2061  2065 D dalvikvm: GC_CONCURRENT freed 330K, 5% free 10163K/10631K, paused 2ms+4ms
07-19 00:22:21.738   144 14994 W InputManagerService: Window already focused, ignoring focus gain of: com.android.internal.view.IInputMethodClient$Stub$Proxy@416e47c0
07-19 00:22:21.886  2061  2138 I Gmail   : MainSyncRequestProto: lowestBkwdConvoId: 0, highestHandledServerOp: 3326164, normalSync: true
07-19 00:22:22.156  2061  2065 D dalvikvm: GC_CONCURRENT freed 301K, 4% free 10293K/10695K, paused 4ms+14ms
07-19 00:22:22.312 29612 29624 D dalvikvm: GC_EXPLICIT freed 46K, 6% free 10171K/10759K, paused 2ms+8ms
07-19 00:22:23.870  2061  2065 D dalvikvm: GC_CONCURRENT freed 416K, 5% free 10307K/10823K, paused 2ms+7ms
07-19 00:22:24.917  2093  2100 I dalvikvm: Total arena pages for JIT: 11
07-19 00:22:24.917  2093  2100 I dalvikvm: Total arena pages for JIT: 12
07-19 00:22:24.917  2093  2100 I dalvikvm: Total arena pages for JIT: 13
07-19 00:22:24.917  2093  2100 I dalvikvm: Total arena pages for JIT: 14
07-19 00:22:24.917  2093  2100 I dalvikvm: Total arena pages for JIT: 15
07-19 00:22:24.921  2093  2100 I dalvikvm: Total arena pages for JIT: 16
07-19 00:22:24.921  2093  2100 I dalvikvm: Total arena pages for JIT: 17
07-19 00:22:24.956  2093  2100 I dalvikvm: Total arena pages for JIT: 18
07-19 00:22:25.042  2093  2097 D dalvikvm: GC_CONCURRENT freed 493K, 6% free 9942K/10567K, paused 3ms+2ms
07-19 00:22:26.249  2061  2065 D dalvikvm: GC_CONCURRENT freed 486K, 6% free 10340K/10951K, paused 2ms+3ms
07-19 00:22:26.378  2061  2138 D dalvikvm: GC_EXPLICIT freed 84K, 6% free 10335K/10951K, paused 2ms+4ms
07-19 00:22:26.378  2061  2138 I Gmail   : MainSyncRequestProto: lowestBkwdConvoId: 0, highestHandledServerOp: 3326192, normalSync: true
07-19 00:22:26.382  2061  2138 I Gmail   : lowestBackward conversation id 0
07-19 00:22:26.409  2061  2138 W Gmail   : Scheduling index for 300000 ms from now
07-19 00:22:26.581   144   160 D dalvikvm: GC_EXPLICIT freed 760K, 24% free 18535K/24199K, paused 3ms+10ms
07-19 00:22:27.503  2061  2065 D dalvikvm: GC_CONCURRENT freed 353K, 6% free 10398K/10951K, paused 2ms+3ms
07-19 00:22:28.702  2061  2065 D dalvikvm: GC_CONCURRENT freed 506K, 6% free 10334K/10951K, paused 2ms+7ms
07-19 00:22:30.941  1749  1749 D dalvikvm: GC_EXPLICIT freed 182K, 5% free 9677K/10183K, paused 22ms+3ms
07-19 00:22:31.749  2061  2145 I Gmail   : MainSyncRequestProto: lowestBkwdConvoId: 0, highestHandledServerOp: 3326192, normalSync: true
07-19 00:22:32.464  2061  2145 D dalvikvm: GC_EXPLICIT freed 167K, 6% free 10359K/10951K, paused 2ms+9ms
07-19 00:22:32.534  2061  2145 I Gmail   : MainSyncRequestProto: lowestBkwdConvoId: 0, highestHandledServerOp: 3326210, normalSync: true
07-19 00:22:32.542  2061  2145 I Gmail   : lowestBackward conversation id 0
07-19 00:22:32.550  2061  2145 W Gmail   : Scheduling index for 300000 ms from now
07-19 00:22:41.511  1790  1790 D dalvikvm: GC_EXPLICIT freed 357K, 6% free 9052K/9543K, paused 26ms+2ms
07-19 00:22:46.538  1808  1808 D dalvikvm: GC_EXPLICIT freed 201K, 4% free 9144K/9479K, paused 23ms+3ms
07-19 00:22:51.812  2061  2146 I Gmail   : MainSyncRequestProto: lowestBkwdConvoId: 0, highestHandledServerOp: 3326210, normalSync: true
07-19 00:22:51.831  2061  2146 I Gmail   : lowestBackward conversation id 0
07-19 00:22:51.843  2061  2146 W Gmail   : Scheduling index for 300000 ms from now
07-19 00:22:52.265  2061  2065 D dalvikvm: GC_CONCURRENT freed 439K, 6% free 10384K/10951K, paused 2ms+9ms
07-19 00:23:11.796  2147  2147 D dalvikvm: Late-enabling CheckJNI
07-19 00:23:11.808   144   161 I ActivityManager: Start proc com.chess for broadcast com.chess/.backend.AlarmReceiver: pid=2147 uid=10079 gids={3003, 1015}
07-19 00:23:11.964  2147  2150 D dalvikvm: GC_CONCURRENT freed 152K, 3% free 9380K/9607K, paused 3ms+2ms
07-19 00:23:12.109  2147  2161 D GetStringObjTask: retrieving from url = http://www.chess.com/api/get_move_status?id=5HHjW9WUGa%2Bcu1LUwnVJPxTIWxmEve4VdkRnRyg7b5Ch69JH2Z5aB%2B7eGuFw8K2uFx47KFsdE3JRdR3Mzv0PkZOj6eZ8N73BvxmEERrzXjMNRo80rkLyJAUTh0iqof4n
07-19 00:23:13.109  2147  2161 D GetStringObjTask: WebRequest SERVER RESPONSE: Success+0
07-19 00:23:24.933  1051  1053 D dalvikvm: GC_CONCURRENT freed 501K, 7% free 10443K/11143K, paused 2ms+3ms
07-19 00:23:25.097  2093  2097 D dalvikvm: GC_CONCURRENT freed 381K, 6% free 9948K/10567K, paused 1ms+2ms
07-19 00:23:36.023  1790  1790 I PhoneLab-Locks: wake lock acquired
07-19 00:23:36.031  1790  2165 I PhoneLab-PeriodicCheckService: User info is synched
07-19 00:23:36.031  1790  2165 I PhoneLab-PeriodicCheckService: Logger Service is running
07-19 00:23:36.038  1790  1790 I PhoneLab-Locks: wake lock acquired
07-19 00:23:36.042  1790  1790 I PhoneLab-StatusMonitor: Status Monitoring is started
07-19 00:23:36.046  1790  2165 I PhoneLab-Locks: wake lock acquired
07-19 00:23:36.050  1790  2165 I PhoneLab-PeriodicCheckService: Rescheduling periodic checking...
07-19 00:23:36.054  1790  2165 I PhoneLab-Locks: wake lock released
07-19 00:23:36.081  1790  1790 E PhoneLab-PhoneLabManifest: java.io.FileNotFoundException: /data/data/edu.buffalo.cse.phonelab.phonelabservices/files/manifest.xml: open failed: ENOENT (No such file or directory)
07-19 00:23:36.128  1790  1790 I PhoneLab-Locks: wake lock released
07-19 00:23:36.132  1790  1790 I PhoneLab-UploadLogs: Transfering log files now
07-19 00:23:36.320  1790  1791 D dalvikvm: GC_CONCURRENT freed 392K, 5% free 9200K/9671K, paused 2ms+2ms
07-19 00:23:36.343  1790  1790 D dalvikvm: GC_FOR_ALLOC freed 78K, 6% free 9250K/9799K, paused 15ms
07-19 00:23:36.343  1790  1790 I dalvikvm-heap: Grow heap (frag case) to 9.350MB for 254548-byte allocation
07-19 00:23:36.366  1790  1790 D dalvikvm: GC_FOR_ALLOC freed 120K, 7% free 9378K/10055K, paused 12ms
07-19 00:23:36.366  1790  1790 I dalvikvm-heap: Grow heap (frag case) to 9.725MB for 516692-byte allocation
07-19 00:23:36.394  1790  1791 D dalvikvm: GC_CONCURRENT freed 248K, 9% free 9633K/10567K, paused 2ms+1ms
07-19 00:23:36.413  1790  1790 I PhoneLab-UploadLogs: OnStartCommand
07-19 00:23:36.695  1790  2167 D dalvikvm: GC_FOR_ALLOC freed 383K, 9% free 9618K/10567K, paused 63ms
07-19 00:23:36.710  1790  2167 D dalvikvm: GC_FOR_ALLOC freed 301K, 9% free 9618K/10567K, paused 14ms
07-19 00:23:36.726  1790  2167 D dalvikvm: GC_FOR_ALLOC freed 301K, 9% free 9624K/10567K, paused 13ms
07-19 00:23:39.824  1790  1790 I PhoneLab-: 1342670232363.log is deleted
07-19 00:23:39.824  1790  1790 I PhoneLab-: Response: {"data": "done", "err": ""}
07-19 00:23:39.827  1790  1790 I PhoneLab-UploadLogs: No log files to transfer
07-19 00:23:39.827  1790  1790 I PhoneLab-Locks: wake lock released
07-19 00:23:54.050  1790  1804 I PhoneLab-: Service Running
07-19 00:23:54.159  1790  1804 I PhoneLab-LoggerService: app_37    1395  1     1432   980   c00f181c 400107b4 S logcat
07-19 00:23:54.159  1790  1804 I PhoneLab-LoggerService: Logcat pid from database 1395
07-19 00:23:54.159  1790  1804 I PhoneLab-LoggerService: Logcat process found 1395
07-19 00:23:54.159  1790  1804 I PhoneLab-LoggerService: Checking Threshold
07-19 00:24:13.577  2005  2007 D dalvikvm: GC_CONCURRENT freed 318K, 7% free 9561K/10183K, paused 9ms+4ms
07-19 00:24:20.257   144   199 D DhcpInfoInternal: makeLinkProperties with empty dns2!
07-19 00:24:20.265   144   199 D DhcpInfoInternal: makeLinkProperties with empty dns2!
07-19 00:24:25.101  2093  2097 D dalvikvm: GC_CONCURRENT freed 393K, 6% free 9954K/10567K, paused 2ms+2ms
07-19 00:24:56.640   275   275 I wpa_supplicant: wlan0: WPA: Group rekeying completed with 94:44:52:17:be:7d [GTK=CCMP]
07-19 00:25:07.613   144   174 I ActivityManager: Start proc com.twitter.android for service com.twitter.android/.client.AppService: pid=2190 uid=10064 gids={3003, 1015}
07-19 00:25:07.644  2190  2190 I dalvikvm: Turning on JNI app bug workarounds for target SDK version 11...
07-19 00:25:07.769  2190  2190 I ActivityThread: Pub com.twitter.android.provider.GlobalDatabaseProvider: com.twitter.android.provider.GlobalDatabaseProvider
07-19 00:25:07.781  2190  2190 I ActivityThread: Pub com.twitter.android.provider.TwitterProvider: com.twitter.android.provider.TwitterProvider
07-19 00:25:07.890  2190  2194 D dalvikvm: GC_CONCURRENT freed 176K, 4% free 9297K/9607K, paused 2ms+2ms
07-19 00:25:08.206  2190  2194 D dalvikvm: GC_CONCURRENT freed 216K, 4% free 9518K/9863K, paused 2ms+1ms
07-19 00:25:08.343  2190  2194 D dalvikvm: GC_CONCURRENT freed 285K, 5% free 9639K/10055K, paused 2ms+3ms
07-19 00:25:08.468  2190  2194 D dalvikvm: GC_CONCURRENT freed 290K, 5% free 9762K/10183K, paused 2ms+2ms
07-19 00:25:08.589  2190  2194 D dalvikvm: GC_CONCURRENT freed 303K, 5% free 9885K/10311K, paused 1ms+2ms
07-19 00:25:08.726  2190  2194 D dalvikvm: GC_CONCURRENT freed 297K, 5% free 10014K/10439K, paused 2ms+6ms
07-19 00:25:08.866  2190  2194 D dalvikvm: GC_CONCURRENT freed 294K, 5% free 10144K/10567K, paused 1ms+2ms
07-19 00:25:08.976  2190  2194 D dalvikvm: GC_CONCURRENT freed 296K, 4% free 10269K/10695K, paused 2ms+2ms
07-19 00:25:09.140  2190  2194 D dalvikvm: GC_CONCURRENT freed 474K, 6% free 10220K/10823K, paused 2ms+6ms
07-19 00:25:09.261  2190  2194 D dalvikvm: GC_CONCURRENT freed 318K, 5% free 10296K/10823K, paused 2ms+2ms
07-19 00:25:09.390  2190  2194 D dalvikvm: GC_CONCURRENT freed 324K, 5% free 10368K/10823K, paused 2ms+2ms
07-19 00:25:09.538  2190  2194 D dalvikvm: GC_CONCURRENT freed 358K, 5% free 10468K/10951K, paused 2ms+3ms
07-19 00:25:09.671  2190  2194 D dalvikvm: GC_CONCURRENT freed 336K, 5% free 10554K/11015K, paused 1ms+2ms
07-19 00:25:09.796  2190  2194 D dalvikvm: GC_CONCURRENT freed 324K, 5% free 10628K/11079K, paused 2ms+2ms
07-19 00:25:09.921  2190  2194 D dalvikvm: GC_CONCURRENT freed 369K, 5% free 10714K/11207K, paused 1ms+2ms
07-19 00:25:10.058  2190  2194 D dalvikvm: GC_CONCURRENT freed 397K, 5% free 10809K/11335K, paused 1ms+2ms
07-19 00:25:11.370  2190  2194 D dalvikvm: GC_CONCURRENT freed 328K, 4% free 11015K/11463K, paused 4ms+3ms
07-19 00:25:12.574   144   310 I ActivityManager: Process com.google.android.apps.plus (pid 1961) has died.
07-19 00:25:12.925  2190  2194 D dalvikvm: GC_CONCURRENT freed 427K, 5% free 11158K/11719K, paused 2ms+3ms
07-19 00:25:25.027  1051  1053 D dalvikvm: GC_CONCURRENT freed 512K, 7% free 10443K/11143K, paused 2ms+3ms
07-19 00:25:25.175  2093  2097 D dalvikvm: GC_CONCURRENT freed 404K, 6% free 9952K/10567K, paused 2ms+2ms
07-19 00:25:54.066  1790  1804 I PhoneLab-: Service Running
07-19 00:25:54.171  1790  1791 D dalvikvm: GC_CONCURRENT freed 898K, 14% free 9142K/10567K, paused 10ms+3ms
07-19 00:25:54.179  1790  1804 I PhoneLab-LoggerService: app_37    1395  1     1432   980   c00f181c 400107b4 S logcat
07-19 00:25:54.179  1790  1804 I PhoneLab-LoggerService: Logcat pid from database 1395
07-19 00:25:54.179  1790  1804 I PhoneLab-LoggerService: Logcat process found 1395
07-19 00:25:54.179  1790  1804 I PhoneLab-LoggerService: Checking Threshold
07-19 00:26:25.234   144   310 D dalvikvm: GC_EXPLICIT freed 1589K, 24% free 18530K/24199K, paused 12ms+9ms
07-19 00:26:25.343  2093  2097 D dalvikvm: GC_CONCURRENT freed 401K, 6% free 9952K/10567K, paused 2ms+2ms
07-19 00:26:45.152   144   199 D DhcpInfoInternal: makeLinkProperties with empty dns2!
07-19 00:26:45.156   144   199 D DhcpInfoInternal: makeLinkProperties with empty dns2!
07-19 00:27:11.745   144   174 I ActivityManager: Start proc com.google.android.apps.plus for service com.google.android.apps.plus/.service.EsService: pid=2236 uid=10060 gids={3003, 3002, 1015, 1006}
07-19 00:27:12.038  2236  2238 D dalvikvm: GC_CONCURRENT freed 154K, 3% free 9377K/9607K, paused 2ms+5ms
07-19 00:27:12.300  2236  2236 I ActivityThread: Pub com.google.android.apps.plus.content.ApiProvider: com.google.android.apps.plus.content.EsApiProvider
07-19 00:27:12.331  2236  2236 I ActivityThread: Pub com.google.android.apps.plus.content.EsGooglePhotoProvider: com.google.android.picasasync.PicasaContentProvider
07-19 00:27:12.452  2236  2238 D dalvikvm: GC_CONCURRENT freed 316K, 4% free 9596K/9991K, paused 2ms+2ms
07-19 00:27:12.484  2236  2236 I ActivityThread: Pub com.google.android.apps.plus.content.EsPicasaStoreProvider: com.google.android.picasastore.PicasaPhotoContentProvider
07-19 00:27:12.491  2236  2236 I ActivityThread: Pub com.google.plus.platform: com.google.android.apps.plus.content.AdsProvider
07-19 00:27:12.491  2236  2236 I ActivityThread: Pub com.google.android.apps.plus.iu.EsGoogleIuProvider: com.google.android.apps.plus.iu.InstantUploadProvider
07-19 00:27:12.597  2236  2238 D dalvikvm: GC_CONCURRENT freed 455K, 6% free 9649K/10183K, paused 2ms+5ms
07-19 00:27:12.620  2236  2236 I ActivityThread: Pub com.google.android.apps.plus.content.EsProvider: com.google.android.apps.plus.content.EsProvider
07-19 00:27:12.624   144 14192 I ActivityManager: Start proc android.process.media for content provider com.android.providers.media/.MediaProvider: pid=2252 uid=10012 gids={1015, 1023, 1024, 2001, 3003, 3007}
07-19 00:27:12.695  2252  2252 I ActivityThread: Pub downloads: com.android.providers.downloads.DownloadProvider
07-19 00:27:12.773  2252  2252 I ActivityThread: Pub drm: com.android.providers.drm.DrmProvider
07-19 00:27:12.773  2252  2267 I DownloadManager: in removeSpuriousFiles
07-19 00:27:12.800  2252  2252 I ActivityThread: Pub media: com.android.providers.media.MediaProvider
07-19 00:27:12.804  2252  2267 I DownloadManager: in removeSpuriousFiles, preserving file /data/data/com.android.providers.downloads/cache/metadata.json
07-19 00:27:12.804  2252  2267 I DownloadManager: in removeSpuriousFiles, preserving file /data/data/com.android.providers.downloads/cache/en_general.htm
07-19 00:27:12.804  2252  2267 I DownloadManager: in removeSpuriousFiles, preserving file /mnt/sdcard/Download/img-thing.jpeg
07-19 00:27:12.804  2252  2267 I DownloadManager: in removeSpuriousFiles, preserving file /data/data/com.android.providers.downloads/cache/metadata-1.json
07-19 00:27:12.804  2252  2267 I DownloadManager: in removeSpuriousFiles, preserving file /data/data/com.android.providers.downloads/cache/downloadfile.jpeg
07-19 00:27:12.804  2252  2267 I DownloadManager: in removeSpuriousFiles, preserving file /data/data/com.android.providers.downloads/cache/metadata-2.json
07-19 00:27:12.804  2252  2267 I DownloadManager: in removeSpuriousFiles, preserving file /data/data/com.android.providers.downloads/cache/metadata-3.json
07-19 00:27:12.804  2252  2267 I DownloadManager: in removeSpuriousFiles, preserving file /data/data/com.android.providers.downloads/cache/downloadfile-1.jpeg
07-19 00:27:12.804  2252  2267 I DownloadManager: in removeSpuriousFiles, preserving file /data/data/com.android.providers.downloads/cache/downloadfile-2.jpeg
07-19 00:27:12.804  2252  2267 I DownloadManager: in removeSpuriousFiles, preserving file /data/data/com.android.providers.downloads/cache/metadata-4.json
07-19 00:27:12.804  2252  2267 I DownloadManager: in removeSpuriousFiles, preserving file /data/data/com.android.providers.downloads/cache/metadata-5.json
07-19 00:27:12.804  2252  2267 I DownloadManager: in removeSpuriousFiles, preserving file /data/data/com.android.providers.downloads/cache/metadata-6.json
07-19 00:27:12.812  2252  2267 I DownloadManager: deleting spurious file /cache/backup
07-19 00:27:12.820   144  6618 I ActivityManager: Process android.process.acore (pid 2005) has died.
07-19 00:27:13.152  2236  2238 D dalvikvm: GC_CONCURRENT freed 233K, 5% free 9819K/10247K, paused 11ms+3ms
07-19 00:27:13.156  2252  2254 D dalvikvm: GC_CONCURRENT freed 371K, 5% free 9161K/9607K, paused 2ms+4ms
07-19 00:27:13.230  2236  2251 D PicasaPhotoCP: set fsid first time:-1
07-19 00:27:13.429  2236  2238 D dalvikvm: GC_CONCURRENT freed 157K, 3% free 10088K/10375K, paused 2ms+2ms
07-19 00:27:13.550  2236  2238 D dalvikvm: GC_CONCURRENT freed 193K, 3% free 10341K/10631K, paused 2ms+2ms
07-19 00:27:13.609  2236  2265 D dalvikvm: GC_FOR_ALLOC freed 211K, 5% free 10451K/10887K, paused 24ms
07-19 00:27:13.609  2236  2265 I dalvikvm-heap: Grow heap (frag case) to 10.527MB for 260112-byte allocation
07-19 00:27:13.636  2236  2265 D dalvikvm: GC_FOR_ALLOC freed 126K, 6% free 10579K/11143K, paused 19ms
07-19 00:27:13.663  2236  2265 D dalvikvm: GC_FOR_ALLOC freed 311K, 6% free 10572K/11143K, paused 19ms
07-19 00:27:13.687  2236  2265 D dalvikvm: GC_FOR_ALLOC freed 62K, 5% free 10636K/11143K, paused 19ms
07-19 00:27:13.687  2236  2265 I dalvikvm-heap: Grow heap (frag case) to 10.708MB for 260112-byte allocation
07-19 00:27:13.706  2236  2265 D dalvikvm: GC_FOR_ALLOC freed 126K, 6% free 10764K/11399K, paused 20ms
07-19 00:27:13.734  2236  2265 D dalvikvm: GC_FOR_ALLOC freed 307K, 6% free 10756K/11399K, paused 20ms
07-19 00:27:13.753  2236  2265 D dalvikvm: GC_FOR_ALLOC freed 62K, 6% free 10820K/11399K, paused 20ms
07-19 00:27:13.777  2236  2265 D dalvikvm: GC_FOR_ALLOC freed 126K, 4% free 10948K/11399K, paused 19ms
07-19 00:27:13.913  2236  2238 D dalvikvm: GC_CONCURRENT freed 343K, 4% free 11199K/11655K, paused 1ms+2ms
07-19 00:27:14.066  2236  2238 D dalvikvm: GC_CONCURRENT freed 138K, 3% free 11718K/11975K, paused 2ms+2ms
07-19 00:27:14.230  2236  2238 D dalvikvm: GC_CONCURRENT freed 546K, 6% free 12011K/12679K, paused 2ms+2ms
07-19 00:27:14.421  2236  2238 D dalvikvm: GC_CONCURRENT freed 209K, 3% free 12745K/13063K, paused 2ms+2ms
07-19 00:27:14.757  2236  2268 I SqliteDatabaseCpp: sqlite returned: error code = 1, msg = no such column: wipeout_stats, db=/data/data/com.google.android.apps.plus/databases/es0.db
07-19 00:27:14.761  2236  2268 W System.err: android.database.sqlite.SQLiteException: no such column: wipeout_stats: , while compiling: SELECT wipeout_stats  FROM account_status
07-19 00:27:14.773  2236  2268 W System.err: 	at android.database.sqlite.SQLiteCompiledSql.native_compile(Native Method)
07-19 00:27:14.773  2236  2268 W System.err: 	at android.database.sqlite.SQLiteCompiledSql.<init>(SQLiteCompiledSql.java:68)
07-19 00:27:14.773  2236  2268 W System.err: 	at android.database.sqlite.SQLiteProgram.compileSql(SQLiteProgram.java:143)
07-19 00:27:14.773  2236  2268 W System.err: 	at android.database.sqlite.SQLiteProgram.compileAndbindAllArgs(SQLiteProgram.java:361)
07-19 00:27:14.773  2236  2268 W System.err: 	at android.database.sqlite.SQLiteStatement.acquireAndLock(SQLiteStatement.java:260)
07-19 00:27:14.773  2236  2268 W System.err: 	at android.database.sqlite.SQLiteStatement.simpleQueryForLong(SQLiteStatement.java:137)
07-19 00:27:14.773  2236  2268 W System.err: 	at android.database.DatabaseUtils.longForQuery(DatabaseUtils.java:791)
07-19 00:27:14.773  2236  2268 W System.err: 	at android.database.DatabaseUtils.longForQuery(DatabaseUtils.java:779)
07-19 00:27:14.773  2236  2268 W System.err: 	at com.google.android.apps.plus.content.EsAccountsData.isContactsStatsWipeoutNeeded(EsAccountsData.java:641)
07-19 00:27:14.777  2236  2268 W System.err: 	at com.google.android.apps.plus.service.EsService.processIntent(EsService.java:4246)
07-19 00:27:14.777  2236  2268 W System.err: 	at com.google.android.apps.plus.service.ServiceThread$1.run(ServiceThread.java:50)
07-19 00:27:14.777  2236  2268 W System.err: 	at android.os.Handler.handleCallback(Handler.java:605)
07-19 00:27:14.777  2236  2268 W System.err: 	at android.os.Handler.dispatchMessage(Handler.java:92)
07-19 00:27:14.777  2236  2268 W System.err: 	at android.os.Looper.loop(Looper.java:137)
07-19 00:27:14.777  2236  2268 W System.err: 	at com.google.android.apps.plus.service.ServiceThread.run(ServiceThread.java:122)
07-19 00:27:25.210  1051  1053 D dalvikvm: GC_CONCURRENT freed 506K, 7% free 10448K/11143K, paused 2ms+2ms
07-19 00:27:25.359  2093  2097 D dalvikvm: GC_CONCURRENT freed 392K, 6% free 9950K/10567K, paused 2ms+2ms
07-19 00:27:47.456   144   180 I ActivityManager: START {act=android.intent.action.MAIN cat=[android.intent.category.HOME] flg=0x10200000 cmp=com.android.launcher/com.android.launcher2.Launcher} from pid 144
07-19 00:27:47.667   144   180 I ActivityManager: START {act=android.intent.action.MAIN cat=[android.intent.category.HOME] flg=0x10200000 cmp=com.android.launcher/com.android.launcher2.Launcher} from pid 144
07-19 00:27:47.824   144   180 I ActivityManager: START {act=android.intent.action.MAIN cat=[android.intent.category.HOME] flg=0x10200000 cmp=com.android.launcher/com.android.launcher2.Launcher} from pid 144
07-19 00:27:47.874  2061  2061 D OpenGLRenderer: Flushing caches (mode 0)
07-19 00:27:47.929   144   155 W InputManagerService: Starting input on non-focused client com.android.internal.view.IInputMethodClient$Stub$Proxy@41802d10 (uid=10075 pid=2061)
07-19 00:27:49.327  2061  2061 D OpenGLRenderer: Flushing caches (mode 1)
07-19 00:27:49.335  2061  2061 D OpenGLRenderer: Flushing caches (mode 2)
07-19 00:27:49.339  2061  2061 D OpenGLRenderer: Flushing caches (mode 0)
07-19 00:27:54.054  1790  1804 I PhoneLab-: Service Running
07-19 00:27:54.152  1790  1804 I PhoneLab-LoggerService: app_37    1395  1     1432   980   c00f181c 400107b4 S logcat
07-19 00:27:54.156  1790  1804 I PhoneLab-LoggerService: Logcat pid from database 1395
07-19 00:27:54.156  1790  1804 I PhoneLab-LoggerService: Logcat process found 1395
07-19 00:27:54.156  1790  1804 I PhoneLab-LoggerService: Checking Threshold
07-19 00:28:11.773  2147  2283 D GetStringObjTask: retrieving from url = http://www.chess.com/api/get_move_status?id=5HHjW9WUGa%2Bcu1LUwnVJPxTIWxmEve4VdkRnRyg7b5Ch69JH2Z5aB%2B7eGuFw8K2uFx47KFsdE3JRdR3Mzv0PkZOj6eZ8N73BvxmEERrzXjMNRo80rkLyJAUTh0iqof4n
07-19 00:28:12.253  2147  2283 D GetStringObjTask: WebRequest SERVER RESPONSE: Success+0
07-19 00:28:25.343  2093  2097 D dalvikvm: GC_CONCURRENT freed 396K, 6% free 9956K/10567K, paused 1ms+2ms
07-19 00:28:35.136   144 12390 I ActivityManager: Start proc android.process.acore for content provider com.android.providers.contacts/.ContactsProvider2: pid=2287 uid=10000 gids={3003, 1015}
07-19 00:28:35.179  2287  2287 I ActivityThread: Pub call_log: com.android.providers.contacts.CallLogProvider
07-19 00:28:35.230  2287  2287 I ActivityThread: Pub com.android.voicemail: com.android.providers.contacts.VoicemailContentProvider
07-19 00:28:35.234  2287  2287 I ActivityThread: Pub user_dictionary: com.android.providers.userdictionary.UserDictionaryProvider
07-19 00:28:35.261  2287  2287 I ActivityThread: Pub com.android.social: com.android.providers.contacts.SocialProvider
07-19 00:28:35.265  2287  2287 I ActivityThread: Pub applications: com.android.providers.applications.ApplicationsProvider
07-19 00:28:35.402  2287  2289 D dalvikvm: GC_CONCURRENT freed 328K, 5% free 9145K/9607K, paused 2ms+2ms
07-19 00:28:35.417  2287  2287 I ActivityThread: Pub contacts;com.android.contacts: com.android.providers.contacts.ContactsProvider2
07-19 00:28:35.734  2287  2289 D dalvikvm: GC_CONCURRENT freed 214K, 4% free 9356K/9671K, paused 2ms+2ms
07-19 00:28:35.976   144   378 I ActivityManager: Process com.instagram.android (pid 1692) has died.
07-19 00:28:35.976   144   310 I WindowManager: WIN DEATH: Window{41794998 com.instagram.android/com.instagram.android.activity.MainTabActivity paused=false}
07-19 00:28:36.593  2287  2289 D dalvikvm: GC_CONCURRENT freed 198K, 4% free 9606K/9927K, paused 22ms+3ms
07-19 00:29:10.038   144   199 D DhcpInfoInternal: makeLinkProperties with empty dns2!
07-19 00:29:10.038   144   199 D DhcpInfoInternal: makeLinkProperties with empty dns2!
07-19 00:29:20.269  2287  2289 D dalvikvm: GC_CONCURRENT freed 545K, 7% free 9504K/10183K, paused 2ms+3ms
07-19 00:29:25.339  1051  1053 D dalvikvm: GC_CONCURRENT freed 514K, 7% free 10446K/11143K, paused 2ms+2ms
07-19 00:29:25.460 29612 29614 D dalvikvm: GC_CONCURRENT freed 372K, 5% free 10249K/10759K, paused 6ms+7ms
07-19 00:29:25.527  2093  2097 D dalvikvm: GC_CONCURRENT freed 391K, 6% free 9952K/10567K, paused 2ms+2ms
07-19 00:29:54.054  1790  1804 I PhoneLab-: Service Running
07-19 00:29:54.148  1790  1804 I PhoneLab-LoggerService: app_37    1395  1     1432   980   c00f181c 400107b4 S logcat
07-19 00:29:54.148  1790  1804 I PhoneLab-LoggerService: Logcat pid from database 1395
07-19 00:29:54.148  1790  1804 I PhoneLab-LoggerService: Logcat process found 1395
07-19 00:29:54.148  1790  1804 I PhoneLab-LoggerService: Checking Threshold
07-19 00:29:55.812   144   342 I ActivityManager: START {act=android.intent.action.MAIN cat=[android.intent.category.LAUNCHER] flg=0x10200000 cmp=com.google.android.talk/.SigningInActivity bnds=[96,706][192,802]} from pid 12865
07-19 00:29:55.870   144   144 I ActivityManager: Start proc com.google.android.talk for activity com.google.android.talk/.SigningInActivity: pid=2326 uid=10045 gids={3003, 1015, 1006, 3002}
07-19 00:29:55.999 12865 12865 D OpenGLRenderer: Flushing caches (mode 1)
07-19 00:29:56.034 12865 12865 D OpenGLRenderer: Flushing caches (mode 0)
07-19 00:29:56.077  2326  2326 I ActivityThread: Pub com.google.android.talk.SuggestionProvider: com.google.android.talk.SuggestionsProvider
07-19 00:29:56.214  2326  2326 D vclib:CallStateClient: startListening
07-19 00:29:56.265  2326  2329 D dalvikvm: GC_CONCURRENT freed 176K, 4% free 9319K/9607K, paused 28ms+3ms
07-19 00:29:56.429   144   160 I Process : Sending signal. PID: 2326 SIG: 3
07-19 00:29:56.429  2326  2331 I dalvikvm: threadid=3: reacting to signal 3
07-19 00:29:56.741  2326  2331 I dalvikvm: Wrote stack traces to '/data/anr/traces.txt'
07-19 00:29:56.843  2326  2326 D vclib:CallStateClient: startListening
07-19 00:29:56.866  2326  2329 D dalvikvm: GC_CONCURRENT freed 228K, 4% free 9559K/9863K, paused 8ms+3ms
07-19 00:29:56.972   144   160 I Process : Sending signal. PID: 2326 SIG: 3
07-19 00:29:56.972  2326  2331 I dalvikvm: threadid=3: reacting to signal 3
07-19 00:29:57.011  2326  2331 I dalvikvm: Wrote stack traces to '/data/anr/traces.txt'
07-19 00:29:57.288   144   390 D dalvikvm: GC_EXPLICIT freed 1787K, 24% free 18581K/24199K, paused 11ms+11ms
07-19 00:29:57.331  2326  2326 D libEGL  : loaded /system/lib/egl/libGLES_android.so
07-19 00:29:57.343  2326  2326 D libEGL  : loaded /vendor/lib/egl/libEGL_POWERVR_SGX540_120.so
07-19 00:29:57.370  2326  2326 D libEGL  : loaded /vendor/lib/egl/libGLESv1_CM_POWERVR_SGX540_120.so
07-19 00:29:57.374  2326  2326 D libEGL  : loaded /vendor/lib/egl/libGLESv2_POWERVR_SGX540_120.so
07-19 00:29:57.409   346   346 D SAN_SERVICE: *******************************************
07-19 00:29:57.409   346   346 D SAN_SERVICE: DM App Phone Service State - 0
07-19 00:29:57.409   346   346 D SAN_SERVICE: *******************************************
07-19 00:29:57.421   144   160 I Process : Sending signal. PID: 2326 SIG: 3
07-19 00:29:57.421  2326  2331 I dalvikvm: threadid=3: reacting to signal 3
07-19 00:29:57.425  2326  2331 I dalvikvm: Wrote stack traces to '/data/anr/traces.txt'
07-19 00:29:57.484  2326  2326 D OpenGLRenderer: Enabling debug mode 0
07-19 00:29:57.527  2326  2353 E talk    : [Databaseutils] pruneOldMessageHistory
07-19 00:29:57.577   144   175 I ActivityManager: Displayed com.google.android.talk/.SigningInActivity: +1s726ms
07-19 00:29:57.710 12865 12865 D OpenGLRenderer: Flushing caches (mode 2)
07-19 00:29:57.726 12865 12865 D OpenGLRenderer: Flushing caches (mode 0)
07-19 00:29:58.534  2326  2326 D vclib:CallStateClient: stopListening
07-19 00:29:58.534  2326  2326 D vclib:CallStateClient: startListening
07-19 00:29:58.816  2326  2329 D dalvikvm: GC_CONCURRENT freed 269K, 4% free 9798K/10183K, paused 7ms+6ms
07-19 00:29:58.991  2326  2329 D dalvikvm: GC_CONCURRENT freed 124K, 3% free 10163K/10375K, paused 1ms+3ms
07-19 00:30:00.441  2326  2329 D dalvikvm: GC_CONCURRENT freed 177K, 3% free 10398K/10695K, paused 4ms+7ms
07-19 00:30:04.425  2326  2326 D OpenGLRenderer: Flushing caches (mode 0)
07-19 00:30:05.800  2326  2326 D OpenGLRenderer: Flushing caches (mode 1)
07-19 00:30:05.808  2326  2326 D vclib:CallStateClient: stopListening
07-19 00:30:06.933   346   346 D SAN_SERVICE: *******************************************
07-19 00:30:06.933   346   346 D SAN_SERVICE: DM App Phone Service State - 0
07-19 00:30:06.933   346   346 D SAN_SERVICE: *******************************************
07-19 00:30:07.206   346   346 D SAN_SERVICE: *******************************************
07-19 00:30:07.206   346   346 D SAN_SERVICE: DM App Phone Service State - 0
07-19 00:30:07.206   346   346 D SAN_SERVICE: *******************************************
07-19 00:30:12.656   144 14192 I ActivityManager: START {act=android.intent.action.MAIN cat=[android.intent.category.LAUNCHER] flg=0x10200000 cmp=com.google.android.talk/.SigningInActivity bnds=[96,706][192,802]} from pid 12865
07-19 00:30:12.847  2326  2326 D vclib:CallStateClient: startListening
07-19 00:30:12.870  2326  2362 E talk    : [Databaseutils] pruneOldMessageHistory
07-19 00:30:12.972   144   175 I ActivityManager: Displayed com.google.android.talk/.SigningInActivity: +265ms
07-19 00:30:12.999 12865 12865 D OpenGLRenderer: Flushing caches (mode 1)
07-19 00:30:13.019 12865 12865 D OpenGLRenderer: Flushing caches (mode 0)
07-19 00:30:13.034   321   322 D dalvikvm: GC_CONCURRENT freed 458K, 24% free 10154K/13191K, paused 2ms+3ms
07-19 00:30:13.089 12865 12865 D OpenGLRenderer: Flushing caches (mode 1)
07-19 00:30:13.656  2326  2326 D OpenGLRenderer: Flushing caches (mode 0)
07-19 00:30:13.683  2326  2326 D OpenGLRenderer: Flushing caches (mode 1)
07-19 00:30:13.687  2326  2326 D vclib:CallStateClient: stopListening
07-19 00:30:13.730  2326  2326 D dalvikvm: GC_EXPLICIT freed 255K, 4% free 10487K/10823K, paused 3ms+6ms
07-19 00:30:14.859 12865 12867 D dalvikvm: GC_CONCURRENT freed 1112K, 23% free 12323K/15879K, paused 3ms+16ms
07-19 00:30:15.066  2326  2326 D OpenGLRenderer: Flushing caches (mode 1)
07-19 00:30:15.421 12865 14220 D dalvikvm: GC_FOR_ALLOC freed 368K, 20% free 12752K/15879K, paused 32ms
07-19 00:30:15.804 12865 12867 D dalvikvm: GC_CONCURRENT freed 1248K, 20% free 12730K/15879K, paused 2ms+4ms
07-19 00:30:17.132   346   346 D SAN_SERVICE: *******************************************
07-19 00:30:17.132   346   346 D SAN_SERVICE: DM App Phone Service State - 0
07-19 00:30:17.132   346   346 D SAN_SERVICE: *******************************************
07-19 00:30:17.179  2190  2366 I DatabaseHelper: Begin cleanup.
07-19 00:30:17.226  2190  2194 D dalvikvm: GC_CONCURRENT freed 484K, 6% free 11294K/11911K, paused 11ms+3ms
07-19 00:30:17.991  2190  2366 I DatabaseHelper: Cleaned up: 34
07-19 00:30:19.644 12865 12867 D dalvikvm: GC_CONCURRENT freed 568K, 17% free 13316K/15879K, paused 2ms+6ms
07-19 00:30:19.738 12865 12880 D dalvikvm: GC_FOR_ALLOC freed 967K, 22% free 12469K/15879K, paused 26ms
07-19 00:30:19.855 12865 12867 D dalvikvm: GC_CONCURRENT freed 910K, 21% free 12584K/15879K, paused 3ms+4ms
07-19 00:30:20.402   144   388 I ActivityManager: START {act=android.intent.action.MAIN cat=[android.intent.category.LAUNCHER] flg=0x10200000 cmp=com.xabber.androiddev/com.xabber.android.ui.ContactList} from pid 12865
07-19 00:30:20.511 12865 12865 D OpenGLRenderer: Flushing caches (mode 1)
07-19 00:30:20.616 12865 12865 D OpenGLRenderer: Flushing caches (mode 0)
07-19 00:30:20.675  1183  1186 D dalvikvm: GC_CONCURRENT freed 192K, 3% free 11047K/11335K, paused 6ms+3ms
07-19 00:30:20.796   215   215 V PhoneStatusBar: setLightsOn(true)
07-19 00:30:20.870   144   175 I ActivityManager: Displayed com.xabber.androiddev/com.xabber.android.ui.ContactList: +407ms
07-19 00:30:20.929   144   155 W InputManagerService: Starting input on non-focused client com.android.internal.view.IInputMethodClient$Stub$Proxy@41937bd8 (uid=10026 pid=12865)
07-19 00:30:22.777  1183  1186 D dalvikvm: GC_CONCURRENT freed 183K, 3% free 11535K/11847K, paused 4ms+3ms
07-19 00:30:25.488  2093  2097 D dalvikvm: GC_CONCURRENT freed 421K, 6% free 9956K/10567K, paused 2ms+3ms
07-19 00:30:27.546   144  6618 W InputManagerService: Window already focused, ignoring focus gain of: com.android.internal.view.IInputMethodClient$Stub$Proxy@4190f438
07-19 00:30:36.898   144   156 I ActivityManager: START {cmp=com.xabber.androiddev/com.xabber.android.ui.PreferenceEditor} from pid 1183
07-19 00:30:37.034   215   215 V PhoneStatusBar: setLightsOn(true)
07-19 00:30:37.159   144   175 I ActivityManager: Displayed com.xabber.androiddev/com.xabber.android.ui.PreferenceEditor: +234ms
07-19 00:30:38.288   144   342 I ActivityManager: START {cmp=com.xabber.androiddev/com.xabber.android.ui.AccountList} from pid 1183
07-19 00:30:38.386   215   215 V PhoneStatusBar: setLightsOn(true)
07-19 00:30:38.441   144   175 I ActivityManager: Displayed com.xabber.androiddev/com.xabber.android.ui.AccountList: +110ms
07-19 00:30:39.335   144  6618 I ActivityManager: START {cmp=com.xabber.androiddev/com.xabber.android.ui.AccountAdd} from pid 1183
07-19 00:30:39.468   215   215 V PhoneStatusBar: setLightsOn(true)
07-19 00:30:39.511   321   322 D dalvikvm: GC_CONCURRENT freed 471K, 24% free 10143K/13191K, paused 2ms+3ms
07-19 00:30:39.667   321   321 D dalvikvm: GC_FOR_ALLOC freed 219K, 24% free 10142K/13191K, paused 32ms
07-19 00:30:39.671   321   321 I dalvikvm-heap: Grow heap (frag case) to 10.822MB for 885136-byte allocation
07-19 00:30:39.691   144   175 I ActivityManager: Displayed com.xabber.androiddev/com.xabber.android.ui.AccountAdd: +315ms
07-19 00:30:39.773   321   322 D dalvikvm: GC_CONCURRENT freed <1K, 17% free 11005K/13191K, paused 2ms+7ms
07-19 00:30:39.964   215   217 D dalvikvm: GC_CONCURRENT freed 188K, 57% free 9895K/22727K, paused 2ms+3ms
07-19 00:30:40.503  1183  1183 D dalvikvm: GC_FOR_ALLOC freed 274K, 4% free 11964K/12359K, paused 29ms
07-19 00:30:43.476   144   342 W InputManagerService: Window already focused, ignoring focus gain of: com.android.internal.view.IInputMethodClient$Stub$Proxy@4176cb58
07-19 00:30:43.988   215   215 V PhoneStatusBar: setLightsOn(true)
07-19 00:30:44.007   215   217 D dalvikvm: GC_CONCURRENT freed 473K, 57% free 9904K/22727K, paused 2ms+3ms
07-19 00:30:44.156   215   215 V PhoneStatusBar: setLightsOn(true)
07-19 00:30:44.406   215   215 V PhoneStatusBar: setLightsOn(true)
07-19 00:30:44.574   144   146 D dalvikvm: GC_CONCURRENT freed 1725K, 23% free 18871K/24199K, paused 14ms+11ms
07-19 00:30:44.757  1183  1183 W IInputConnectionWrapper: showStatusIcon on inactive InputConnection
07-19 00:30:44.757   144 14994 W InputManagerService: Starting input on non-focused client com.android.internal.view.IInputMethodClient$Stub$Proxy@4181f3e8 (uid=10063 pid=1183)
07-19 00:30:44.847 12865 12867 D dalvikvm: GC_CONCURRENT freed 1185K, 21% free 12575K/15879K, paused 3ms+6ms
07-19 00:30:44.988 12865 14219 D dalvikvm: GC_FOR_ALLOC freed 1191K, 23% free 12356K/15879K, paused 37ms
07-19 00:30:45.195 12865 12867 D dalvikvm: GC_CONCURRENT freed 6K, 16% free 13372K/15879K, paused 2ms+4ms
07-19 00:30:45.234 12865 14219 D dalvikvm: GC_FOR_ALLOC freed 906K, 22% free 12470K/15879K, paused 22ms
07-19 00:30:45.343 12865 12867 D dalvikvm: GC_CONCURRENT freed 907K, 21% free 12587K/15879K, paused 3ms+3ms
07-19 00:30:47.863   346   346 D SAN_SERVICE: *******************************************
07-19 00:30:47.863   346   346 D SAN_SERVICE: DM App Phone Service State - 0
07-19 00:30:47.863   346   346 D SAN_SERVICE: *******************************************
07-19 00:30:48.011  1051  1053 D dalvikvm: GC_CONCURRENT freed 399K, 7% free 10439K/11143K, paused 7ms+3ms
07-19 00:30:48.382   346   346 D SAN_SERVICE: *******************************************
07-19 00:30:48.382   346   346 D SAN_SERVICE: DM App Phone Service State - 0
07-19 00:30:48.382   346   346 D SAN_SERVICE: *******************************************
07-19 00:30:49.866   144   390 I ActivityManager: START {act=android.intent.action.MAIN cat=[android.intent.category.LAUNCHER] flg=0x10000000 pkg=com.google.android.apps.offers cmp=com.google.android.apps.offers/.HomeActivity bnds=[0,103][120,253]} from pid 12865
07-19 00:30:49.968   144   155 I ActivityManager: Start proc com.google.android.apps.offers for activity com.google.android.apps.offers/.HomeActivity: pid=2373 uid=10087 gids={3003, 1006}
07-19 00:30:50.023 12865 12865 D OpenGLRenderer: Flushing caches (mode 1)
07-19 00:30:50.077 12865 12865 D OpenGLRenderer: Flushing caches (mode 0)
07-19 00:30:50.156  2373  2373 I C2dmBroadcastReceiverService: Passing Intent { act=com.google.android.apps.common.c2dm.START cmp=com.google.android.apps.offers/.C2dmReceiverService } to com.google.android.apps.offers.C2dmReceiverService
07-19 00:30:50.159  2373  2373 I C2dmBroadcastReceiverService: Intent sent to com.google.android.apps.offers/.C2dmReceiverService
07-19 00:30:50.261  2373  2373 I C2dmBroadcastReceiverService: Passing Intent { act=com.google.android.apps.common.c2dm.REGISTRATION cmp=com.google.android.apps.offers/.C2dmReceiverService (has extras) } to com.google.android.apps.offers.C2dmReceiverService
07-19 00:30:50.261  2373  2373 I C2dmBroadcastReceiverService: Intent sent to com.google.android.apps.offers/.C2dmReceiverService
07-19 00:30:50.269   144   390 I ActivityManager: START {cmp=com.google.android.apps.offers/.TermsOfServiceActivity (has extras)} from pid 2373
07-19 00:30:50.296  2373  2375 D dalvikvm: GC_CONCURRENT freed 288K, 5% free 9221K/9607K, paused 2ms+2ms
07-19 00:30:50.464  2373  2390 I C2dmBroadcastReceiverService: Processing Intent { act=com.google.android.apps.common.c2dm.START cmp=com.google.android.apps.offers/.C2dmReceiverService }
07-19 00:30:50.468  2373  2390 I C2DMServiceRegistrar: Creating C2DMServiceRegistrar registrar
07-19 00:30:50.511  2373  2390 D com.google.android.apps.common.c2dm.a: Found saved account lokeshmandvekar@gmail.com
07-19 00:30:50.511  2373  2390 I CompositeRegistrar: Creating composite
07-19 00:30:50.519  2373  2390 I C2dmBroadcastReceiverService: Processing Intent { act=com.google.android.apps.common.c2dm.REGISTRATION cmp=com.google.android.apps.offers/.C2dmReceiverService (has extras) }
07-19 00:30:50.519  2373  2390 I CompositeRegistrar: Registering user lokeshmandvekar@gmail.com with senderId commerce-notifications@system.gserviceaccount.com
07-19 00:30:50.519  2373  2390 W com.google.android.apps.common.c2dm.a: User lokeshmandvekar@gmail.com already in account list
07-19 00:30:50.550  2373  2390 I CompositeRegistrar: SenderId already registered with C2DM. Performing account specific regsitration.
07-19 00:30:50.734  2373  2373 D libEGL  : loaded /system/lib/egl/libGLES_android.so
07-19 00:30:50.741  2373  2373 D libEGL  : loaded /vendor/lib/egl/libEGL_POWERVR_SGX540_120.so
07-19 00:30:50.745  2373  2373 D libEGL  : loaded /vendor/lib/egl/libGLESv1_CM_POWERVR_SGX540_120.so
07-19 00:30:50.749  2373  2373 D libEGL  : loaded /vendor/lib/egl/libGLESv2_POWERVR_SGX540_120.so
07-19 00:30:50.800  2373  2373 D OpenGLRenderer: Enabling debug mode 0
07-19 00:30:50.902   144   175 I ActivityManager: Displayed com.google.android.apps.offers/.TermsOfServiceActivity: +446ms (total +964ms)
07-19 00:30:51.952 29612 29649 D androidNetworkLocationListeners: Still have listener com.google.android.location.internal.client.NetworkLocationClient$1@4134b880
07-19 00:30:51.960 29612 29649 D androidNetworkLocationListeners: Still have listener com.google.android.location.internal.client.NetworkLocationClient$1@4134b880
07-19 00:30:52.019 29612 29649 D androidNetworkLocationListeners: Still have listener com.google.android.location.internal.client.NetworkLocationClient$1@4134b880
07-19 00:30:52.046 29612 29649 D androidNetworkLocationListeners: Still have listener com.google.android.location.internal.client.NetworkLocationClient$1@4134b880
07-19 00:30:52.167  2373  2375 D dalvikvm: GC_CONCURRENT freed 235K, 4% free 9427K/9799K, paused 6ms+8ms
07-19 00:30:52.234 29612  2356 D dalvikvm: GC_EXPLICIT freed 577K, 7% free 10234K/10887K, paused 5ms+8ms
07-19 00:30:52.257 29612 29619 I dalvikvm: Total arena pages for JIT: 11
07-19 00:30:52.261 29612 29619 I dalvikvm: Total arena pages for JIT: 12
07-19 00:30:52.265 29612 29619 I dalvikvm: Total arena pages for JIT: 13
07-19 00:30:52.265 29612 29619 I dalvikvm: Total arena pages for JIT: 14
07-19 00:30:52.269 29612 29619 I dalvikvm: Total arena pages for JIT: 15
07-19 00:30:52.269 29612 29619 I dalvikvm: Total arena pages for JIT: 16
07-19 00:30:52.269 29612 29619 I dalvikvm: Total arena pages for JIT: 17
07-19 00:30:52.366   144  1167 I ActivityManager: START {cmp=com.google.android.apps.offers/.HelpActivity (has extras)} from pid 2373
07-19 00:30:52.894   144   160 I Process : Sending signal. PID: 2373 SIG: 3
07-19 00:30:52.894  2373  2378 I dalvikvm: threadid=3: reacting to signal 3
07-19 00:30:52.980  2373  2378 I dalvikvm: Wrote stack traces to '/data/anr/traces.txt'
07-19 00:30:53.312   144   175 I ActivityManager: Displayed com.google.android.apps.offers/.HomeActivity: +3s372ms (total +922ms)
07-19 00:30:53.585   346   346 D SAN_SERVICE: *******************************************
07-19 00:30:53.585   346   346 D SAN_SERVICE: DM App Phone Service State - 0
07-19 00:30:53.585   346   346 D SAN_SERVICE: *******************************************
07-19 00:30:53.667  2373  2373 W webcore : java.lang.Throwable: EventHub.removeMessages(int what = 107) is not supported before the WebViewCore is set up.
07-19 00:30:53.667  2373  2373 W webcore : 	at android.webkit.WebViewCore$EventHub.removeMessages(WebViewCore.java:1683)
07-19 00:30:53.667  2373  2373 W webcore : 	at android.webkit.WebViewCore$EventHub.access$7900(WebViewCore.java:926)
07-19 00:30:53.667  2373  2373 W webcore : 	at android.webkit.WebViewCore.removeMessages(WebViewCore.java:1795)
07-19 00:30:53.667  2373  2373 W webcore : 	at android.webkit.WebView.sendOurVisibleRect(WebView.java:2917)
07-19 00:30:53.667  2373  2373 W webcore : 	at android.webkit.ZoomManager.setZoomScale(ZoomManager.java:593)
07-19 00:30:53.667  2373  2373 W webcore : 	at android.webkit.ZoomManager.access$1700(ZoomManager.java:49)
07-19 00:30:53.667  2373  2373 W webcore : 	at android.webkit.ZoomManager$PostScale.run(ZoomManager.java:984)
07-19 00:30:53.667  2373  2373 W webcore : 	at android.os.Handler.handleCallback(Handler.java:605)
07-19 00:30:53.667  2373  2373 W webcore : 	at android.os.Handler.dispatchMessage(Handler.java:92)
07-19 00:30:53.667  2373  2373 W webcore : 	at android.os.Looper.loop(Looper.java:137)
07-19 00:30:53.667  2373  2373 W webcore : 	at android.app.ActivityThread.main(ActivityThread.java:4424)
07-19 00:30:53.667  2373  2373 W webcore : 	at java.lang.reflect.Method.invokeNative(Native Method)
07-19 00:30:53.667  2373  2373 W webcore : 	at java.lang.reflect.Method.invoke(Method.java:511)
07-19 00:30:53.667  2373  2373 W webcore : 	at com.android.internal.os.ZygoteInit$MethodAndArgsCaller.run(ZygoteInit.java:784)
07-19 00:30:53.667  2373  2373 W webcore : 	at com.android.internal.os.ZygoteInit.main(ZygoteInit.java:551)
07-19 00:30:53.667  2373  2373 W webcore : 	at dalvik.system.NativeStart.main(Native Method)
07-19 00:30:53.835   144   175 I ActivityManager: Displayed com.google.android.apps.offers/.HelpActivity: +1s446ms
07-19 00:30:53.863  2373  2373 D OpenGLRenderer: Flushing caches (mode 0)
07-19 00:30:53.882  2373  2373 D OpenGLRenderer: Flushing caches (mode 0)
07-19 00:30:54.042  2373  2375 D dalvikvm: GC_CONCURRENT freed 222K, 4% free 9648K/9991K, paused 9ms+4ms
07-19 00:30:54.570   144  6618 I ActivityManager: Process com.google.android.apps.maps:NetworkLocationService (pid 1051) has died.
07-19 00:30:54.581   144  6618 W ActivityManager: Scheduling restart of crashed service com.google.android.apps.maps/com.google.android.location.internal.server.NetworkLocationService in 5000ms
07-19 00:30:54.870  2373  2390 I CompositeRegistrar: App specific registration completed for user lokeshmandvekar@gmail.com
07-19 00:30:55.077  2373  2375 D dalvikvm: GC_CONCURRENT freed 247K, 4% free 9803K/10183K, paused 11ms+3ms
07-19 00:30:55.132  2373  2373 I ServerControlledConfigurationManager: server config data:RECEIVED
07-19 00:30:55.445   144 12390 I ActivityManager: START {cmp=com.google.android.apps.offers/.subscription.SubscriptionActivity (has extras)} from pid 2373
07-19 00:30:55.472   144 14192 W InputManagerService: Focus gain on non-focused client com.android.internal.view.IInputMethodClient$Stub$Proxy@4177f038 (uid=10087 pid=2373)
07-19 00:30:55.839  2373  2375 D dalvikvm: GC_CONCURRENT freed 307K, 5% free 9932K/10375K, paused 2ms+6ms
07-19 00:30:55.847   321   322 D dalvikvm: GC_CONCURRENT freed 1409K, 24% free 10155K/13191K, paused 2ms+8ms
07-19 00:30:55.991   144  1168 D dalvikvm: GC_EXPLICIT freed 1038K, 23% free 18789K/24199K, paused 7ms+9ms
07-19 00:30:55.995   144   175 I ActivityManager: Displayed com.google.android.apps.offers/.subscription.SubscriptionActivity: +531ms
07-19 00:30:56.011  2373  2373 D OpenGLRenderer: Flushing caches (mode 0)
07-19 00:30:56.031  2373  2373 D OpenGLRenderer: Flushing caches (mode 0)
07-19 00:30:58.906   144   317 I ActivityManager: START {cmp=com.google.android.apps.offers/.HomePagerActivity (has extras)} from pid 2373
07-19 00:30:58.909   144   317 W ActivityManager: Activity is launching as a new task, so cancelling activity result.
07-19 00:30:59.023  2373  2375 D dalvikvm: GC_CONCURRENT freed 222K, 4% free 10158K/10503K, paused 8ms+10ms
07-19 00:30:59.132  2373  2373 D OfferUtils: Preloading OfferDetailsFragment
07-19 00:30:59.183  2373  2373 D AuthState: new service: Google Checkout
07-19 00:30:59.183  2373  2373 D OfferDetailsFragment: Clearing cookies and preloading offer details.
07-19 00:30:59.222  2373  2373 D HybridWebViewManager: Preloading url https://www.google.com/offers/m?mhlv=a.1&mhav=1.4&mhan=offers for lokeshmandvekar@gmail.com
07-19 00:30:59.222  2373  2373 D HybridWebViewManager: Creating preloading webview 
07-19 00:30:59.222  2373  2373 D HybridWebViewManager: Creating WebView for lokeshmandvekar@gmail.com
07-19 00:30:59.257  2373  2373 D HybridWebView-preloading (1094614960): loadUrlAuthenticated: https://www.google.com/offers/m?mhlv=a.1&mhav=1.4&mhan=offers, Google Checkout
07-19 00:30:59.257  2373  2373 D HybridWebView-preloading (1094614960): Cleanup pending state
07-19 00:30:59.257  2373  2373 D HybridWebViewCookieManager: Checking FSS on https://checkout.google.com/
07-19 00:30:59.273  2373  2373 D HybridWebViewCookieManager: Cookie FSS not found for https://checkout.google.com/ (no cookies at all)
07-19 00:30:59.273  2373  2373 D HybridWebView-preloading (1094614960): will do auth for: Google Checkout
07-19 00:30:59.273  2373  2373 D HybridWebView-preloading (1094614960): Starting authentication for: Google Checkout
07-19 00:30:59.273  2373  2373 V HybridWebView-preloading (1094614960): State transition 0->1
07-19 00:30:59.296  2373  2373 I BackgroundTask: Using thread pool executor for BackgroundTask
07-19 00:30:59.355  2373  2373 D ViewPager: gravity: 48 hgrav: 0 vgrav: 48
07-19 00:30:59.421   144   160 I Process : Sending signal. PID: 2373 SIG: 3
07-19 00:30:59.421  2373  2378 I dalvikvm: threadid=3: reacting to signal 3
07-19 00:30:59.456  2373  2378 I dalvikvm: Wrote stack traces to '/data/anr/traces.txt'
07-19 00:30:59.687   144   161 I ActivityManager: Start proc com.google.android.apps.maps:NetworkLocationService for service com.google.android.apps.maps/com.google.android.location.internal.server.NetworkLocationService: pid=2418 uid=10056 gids={3003, 1015}
07-19 00:30:59.913 13970 13981 V GoogleLoginService: Returning error intent with: ComponentInfo{com.google.android.gsf.login/com.google.android.gsf.login.LoginActivity}
07-19 00:30:59.921   144   160 I Process : Sending signal. PID: 2373 SIG: 3
07-19 00:30:59.925  2373  2378 I dalvikvm: threadid=3: reacting to signal 3
07-19 00:30:59.980  2373  2378 I dalvikvm: Wrote stack traces to '/data/anr/traces.txt'
07-19 00:31:00.054   144 12390 I ActivityManager: START {flg=0x10000000 cmp=com.google.android.apps.offers/com.google.commerce.wireless.topiary.AndroidAccountManagerActivity (has extras)} from pid 2373
07-19 00:31:00.159  2373  2373 D ViewPager: gravity: 48 hgrav: 0 vgrav: 48
07-19 00:31:00.167  2418  2420 D dalvikvm: GC_CONCURRENT freed 171K, 3% free 9361K/9607K, paused 21ms+11ms
07-19 00:31:00.222  2373  2413 I AndroidAccountManager: Waiting for user interaction
07-19 00:31:00.261   144   175 I ActivityManager: Displayed com.google.android.apps.offers/.HomePagerActivity: +1s346ms
07-19 00:31:00.277   144   390 I ActivityManager: START {cmp=com.google.android.gsf.login/.LoginActivity (has extras)} from pid 2373
07-19 00:31:00.378  2373  2375 D dalvikvm: GC_CONCURRENT freed 175K, 3% free 10422K/10695K, paused 10ms+4ms
07-19 00:31:00.449   144 14192 I ActivityManager: START {cmp=com.google.android.gsf.login/com.google.android.gsf.loginservice.GrantCredentialsPermissionActivity (has extras)} from pid 13970
07-19 00:31:00.570 13970 13973 D dalvikvm: GC_CONCURRENT freed 409K, 5% free 9871K/10375K, paused 5ms+7ms
07-19 00:31:00.706   144   175 I ActivityManager: Displayed com.google.android.apps.offers/com.google.commerce.wireless.topiary.AndroidAccountManagerActivity: +564ms (total +338ms)
07-19 00:31:00.855   144   175 I ActivityManager: Displayed com.google.android.gsf.login/com.google.android.gsf.loginservice.GrantCredentialsPermissionActivity: +407ms
07-19 00:31:00.968   144 13425 I ActivityManager: Process com.whatsapp (pid 1115) has died.
07-19 00:31:00.968   144 13425 W ActivityManager: Scheduling restart of crashed service com.whatsapp/.messaging.MessageService in 5000ms
07-19 00:31:00.995  2373  2373 D OpenGLRenderer: Flushing caches (mode 1)
07-19 00:31:01.015  2373  2373 D OpenGLRenderer: Flushing caches (mode 0)
07-19 00:31:01.015  2418  2420 D dalvikvm: GC_CONCURRENT freed 150K, 3% free 9681K/9927K, paused 2ms+2ms
07-19 00:31:01.058  2373  2373 D OpenGLRenderer: Flushing caches (mode 0)
07-19 00:31:01.366  2418  2420 D dalvikvm: GC_CONCURRENT freed 184K, 3% free 10052K/10311K, paused 2ms+3ms
07-19 00:31:01.577  2418  2420 D dalvikvm: GC_CONCURRENT freed 664K, 8% free 9883K/10631K, paused 2ms+2ms
07-19 00:31:01.671   144   161 I ActivityManager: Start proc com.google.android.apps.maps:FriendService for broadcast com.google.android.apps.maps/com.google.googlenav.friend.android.ServiceReceiver: pid=2444 uid=10056 gids={3003, 1015}
07-19 00:31:01.800  2444  2447 D dalvikvm: GC_CONCURRENT freed 173K, 3% free 9358K/9607K, paused 2ms+2ms
07-19 00:31:01.894   144  6618 I ActivityManager: Process com.google.android.gm (pid 2061) has died.
07-19 00:31:01.894   144  6618 I WindowManager: WIN DEATH: Window{41967720 com.google.android.gm/com.google.android.gm.ConversationListActivityGmail paused=false}
07-19 00:31:01.968  2444  2447 D dalvikvm: GC_CONCURRENT freed 239K, 4% free 9672K/9991K, paused 2ms+1ms
07-19 00:31:02.300  2418  2425 I dalvikvm: Total arena pages for JIT: 11
07-19 00:31:02.300  2418  2425 I dalvikvm: Total arena pages for JIT: 12
07-19 00:31:02.304  2418  2425 I dalvikvm: Total arena pages for JIT: 13
07-19 00:31:02.304  2418  2425 I dalvikvm: Total arena pages for JIT: 14
07-19 00:31:02.304  2418  2425 I dalvikvm: Total arena pages for JIT: 15
07-19 00:31:02.304  2418  2425 I dalvikvm: Total arena pages for JIT: 16
07-19 00:31:02.304  2418  2425 I dalvikvm: Total arena pages for JIT: 17
07-19 00:31:02.452  2418  2443 D dalvikvm: GC_FOR_ALLOC freed 133K, 6% free 10045K/10631K, paused 105ms
07-19 00:31:02.515  2373  2373 D OfferUtils: Preloading OfferDetailsFragment
07-19 00:31:02.550  2418  2425 I dalvikvm: Total arena pages for JIT: 18
07-19 00:31:02.741 13970 13970 D OpenGLRenderer: Flushing caches (mode 0)
07-19 00:31:02.761  2373  2373 D OpenGLRenderer: Flushing caches (mode 0)
07-19 00:31:02.804  2373  2373 D ViewPager: gravity: 48 hgrav: 0 vgrav: 48
07-19 00:31:02.874  2373  2375 D dalvikvm: GC_CONCURRENT freed 335K, 5% free 10497K/10951K, paused 16ms+4ms
07-19 00:31:02.898  2373  2413 D HybridWebView-preloading (1094614960): Got token from acct mgr
07-19 00:31:02.929  2373  2413 I AndroidAccountManager: Invalidating token for lokeshmandvekar@gmail.com
07-19 00:31:02.956  2373  2373 D HybridWebView-preloading (1094614960): Processing token form acct mgr
07-19 00:31:02.956  2373  2373 D HybridWebView-preloading (1094614960): Processing token for: Google Checkout https://accounts.google.com/MergeSession?args=service%3Dsierra%26continue%3Dhttps://checkout.google.com/&uberauth=APh-3Fz0ZbnlA0PczRHih_h6iYnQn7fle9zIYckbnEhE1YO0A4QbQIIcK9bGDEOA_zIhgNlFR78Ou0kS245vyK0y7VtbtqQ7L2HvvUZeAxWR-bLrHOZYTvbQn0aGO5sjosy-Ae1zWoWMT4U-kIxxzuXyB-_Bra9cYOZicH5K8tBUuHiRFNxoStqHsspCi5msRDsLEnDDTasFzqJE8QNsRNL3qTQL3SPatHdaI_G-bAET7m19m1hhv9dwWB9wKMJiKiBlzMGAKU5lZm-ilEp5PP9ZsjBKvzhaqvXDRPs4L2sdjMEVb3rI00QH7DeWuRf3a7RZGDPYpvrN_AMwVi7xZflExfTT_mXkYzV-nmepkdbj_7BYsrx6GNXYkl8i_IGdHFnu4oikDFQs%0A&source=AndroidWebLogin
07-19 00:31:02.956  2373  2373 D AuthState: Cookie FSS requires service Google Checkout to be authenticated in this session
07-19 00:31:02.956  2373  2373 D HybridWebViewCookieManager: Removing session cookies before authentication
07-19 00:31:02.956  2373  2373 D HybridWebViewCookieManager: Clearing cookie FSS for url https://checkout.google.com/
07-19 00:31:02.964  2373  2373 D HybridWebView-preloading (1094614960): Loading token into web view
07-19 00:31:02.964  2373  2373 V HybridWebView-preloading (1094614960): State transition 0->1->3
07-19 00:31:03.113 13970 13970 D dalvikvm: GC_EXPLICIT freed 246K, 5% free 9863K/10375K, paused 4ms+4ms
07-19 00:31:03.351  2418  2420 D dalvikvm: GC_CONCURRENT freed 370K, 5% free 10210K/10695K, paused 1ms+2ms
07-19 00:31:03.667  2418  2420 D dalvikvm: GC_CONCURRENT freed 366K, 5% free 10312K/10759K, paused 10ms+3ms
07-19 00:31:04.499   144   144 I ActivityManager: Process com.google.android.apps.plus (pid 2236) has died.
07-19 00:31:04.538  2093  2097 D dalvikvm: GC_CONCURRENT freed 421K, 6% free 9950K/10567K, paused 2ms+2ms
07-19 00:31:04.620  2373  2373 V HybridWebView-preloading (1094614960): onPageStarted https://accounts.google.com/MergeSession?args=service%3Dsierra%26continue%3Dhttps://checkout.google.com/&uberauth=APh-3Fz0ZbnlA0PczRHih_h6iYnQn7fle9zIYckbnEhE1YO0A4QbQIIcK9bGDEOA_zIhgNlFR78Ou0kS245vyK0y7VtbtqQ7L2HvvUZeAxWR-bLrHOZYTvbQn0aGO5sjosy-Ae1zWoWMT4U-kIxxzuXyB-_Bra9cYOZicH5K8tBUuHiRFNxoStqHsspCi5msRDsLEnDDTasFzqJE8QNsRNL3qTQL3SPatHdaI_G-bAET7m19m1hhv9dwWB9wKMJiKiBlzMGAKU5lZm-ilEp5PP9ZsjBKvzhaqvXDRPs4L2sdjMEVb3rI00QH7DeWuRf3a7RZGDPYpvrN_AMwVi7xZflExfTT_mXkYzV-nmepkdbj_7BYsrx6GNXYkl8i_IGdHFnu4oikDFQs%0A&source=AndroidWebLogin
07-19 00:31:04.644  2373  2399 I SqliteDatabaseCpp: sqlite returned: error code = 1, msg = no such table: CacheGroups, db=/data/data/com.google.android.apps.offers/databases/google_analytics.db
07-19 00:31:04.644  2373  2399 I SqliteDatabaseCpp: sqlite returned: error code = 1, msg = no such table: Caches, db=/data/data/com.google.android.apps.offers/databases/google_analytics.db
07-19 00:31:04.644  2373  2399 I SqliteDatabaseCpp: sqlite returned: error code = 1, msg = no such table: Origins, db=/data/data/com.google.android.apps.offers/databases/google_analytics.db
07-19 00:31:04.648  2373  2399 I SqliteDatabaseCpp: sqlite returned: error code = 1, msg = no such table: DeletedCacheResources, db=/data/data/com.google.android.apps.offers/databases/google_analytics.db
07-19 00:31:04.683  2418  2420 D dalvikvm: GC_CONCURRENT freed 416K, 5% free 10359K/10887K, paused 2ms+6ms
07-19 00:31:04.824  2373  2373 D ViewPager: gravity: 48 hgrav: 0 vgrav: 48
07-19 00:31:04.980  2093  2097 D dalvikvm: GC_CONCURRENT freed 293K, 5% free 10053K/10567K, paused 3ms+2ms
07-19 00:31:05.136  2373  2375 D dalvikvm: GC_CONCURRENT freed 532K, 6% free 10502K/11143K, paused 36ms+4ms
07-19 00:31:05.284  2373  2373 D ViewPager: gravity: 48 hgrav: 0 vgrav: 48
07-19 00:31:05.761  2373  2373 D ViewPager: gravity: 48 hgrav: 0 vgrav: 48
07-19 00:31:05.800  2093  2097 D dalvikvm: GC_CONCURRENT freed 245K, 4% free 10291K/10631K, paused 25ms+2ms
07-19 00:31:05.988   144   161 I ActivityManager: Start proc com.whatsapp for service com.whatsapp/.messaging.MessageService: pid=2472 uid=10068 gids={1015, 3003}
07-19 00:31:06.007  2373  2373 D ViewPager: gravity: 48 hgrav: 0 vgrav: 48
07-19 00:31:06.027  2472  2472 I dalvikvm: Turning on JNI app bug workarounds for target SDK version 7...
07-19 00:31:06.163  2373  2373 D ViewPager: gravity: 48 hgrav: 0 vgrav: 48
07-19 00:31:06.238  2418  2420 D dalvikvm: GC_CONCURRENT freed 370K, 5% free 10498K/10951K, paused 2ms+4ms
07-19 00:31:06.788  2472  2474 D dalvikvm: GC_CONCURRENT freed 183K, 3% free 9365K/9607K, paused 2ms+2ms
07-19 00:31:06.980  2373  2392 D dalvikvm: GC_FOR_ALLOC freed 264K, 6% free 10574K/11143K, paused 73ms
07-19 00:31:07.023  2373  2392 D dalvikvm: GC_FOR_ALLOC freed 60K, 6% free 10560K/11207K, paused 22ms
07-19 00:31:07.023  2373  2392 I dalvikvm-heap: Grow heap (frag case) to 10.448MB for 65552-byte allocation
07-19 00:31:07.042  2373  2392 D dalvikvm: GC_FOR_ALLOC freed 32K, 7% free 10591K/11335K, paused 20ms
07-19 00:31:07.441  2472  2474 D dalvikvm: GC_CONCURRENT freed 302K, 4% free 9595K/9991K, paused 2ms+6ms
07-19 00:31:07.445  2373  2373 D ViewPager: gravity: 48 hgrav: 0 vgrav: 48
07-19 00:31:07.644  2373  2373 D ViewPager: gravity: 48 hgrav: 0 vgrav: 48
07-19 00:31:07.702  2373  2373 D ViewPager: gravity: 48 hgrav: 0 vgrav: 48
07-19 00:31:07.827 12865 12865 D OpenGLRenderer: Flushing caches (mode 1)
07-19 00:31:07.898  2472  2472 I dalvikvm: Could not find method android.media.MediaMetadataRetriever.captureFrame, referenced from method com.whatsapp.q3.a
07-19 00:31:07.898  2472  2472 W dalvikvm: VFY: unable to resolve virtual method 502: Landroid/media/MediaMetadataRetriever;.captureFrame ()Landroid/graphics/Bitmap;
07-19 00:31:07.898  2472  2472 D dalvikvm: VFY: replacing opcode 0x6e at 0x0134
07-19 00:31:08.202  2472  2474 D dalvikvm: GC_CONCURRENT freed 285K, 4% free 9819K/10183K, paused 3ms+3ms
07-19 00:31:08.206  2373  2375 D dalvikvm: GC_CONCURRENT freed 309K, 6% free 10721K/11335K, paused 6ms+4ms
07-19 00:31:08.277  2326  2326 D OpenGLRenderer: Flushing caches (mode 2)
07-19 00:31:08.320  2373  2373 V HybridWebView-preloading (1094614960): ShouldOverride?: https://accounts.google.com/CheckCookie?continue=https%3A%2F%2Fcheckout.google.com%2F&service=sierra
07-19 00:31:08.320  2373  2373 V HybridWebView-preloading (1094614960): Not an auth completion: https://accounts.google.com/CheckCookie?continue=https%3A%2F%2Fcheckout.google.com%2F&service=sierra
07-19 00:31:08.320  2373  2373 V HybridWebView-preloading (1094614960): Not an auth redirect: https://accounts.google.com/CheckCookie?continue=https%3A%2F%2Fcheckout.google.com%2F&service=sierra
07-19 00:31:08.320  2373  2373 D HybridWebView-preloading (1094614960): ProceedingToLoad: https://accounts.google.com/CheckCookie?continue=https%3A%2F%2Fcheckout.google.com%2F&service=sierra
07-19 00:31:08.320  2373  2373 V HybridWebView-preloading (1094614960): onPageStarted https://accounts.google.com/CheckCookie?continue=https%3A%2F%2Fcheckout.google.com%2F&service=sierra
07-19 00:31:08.331  2373  2406 W chromium: external/chromium/net/spdy/spdy_session.cc:1058: [0719/003108:WARNING:spdy_session.cc(1058)] Received data frame for invalid stream 1
07-19 00:31:08.331  2373  2406 W chromium: external/chromium/net/spdy/spdy_session.cc:1058: [0719/003108:WARNING:spdy_session.cc(1058)] Received data frame for invalid stream 1
07-19 00:31:08.347  2472  2474 D dalvikvm: GC_CONCURRENT freed 295K, 4% free 9963K/10375K, paused 2ms+2ms
07-19 00:31:08.546  2373  2373 V HybridWebView-preloading (1094614960): ShouldOverride?: https://accounts.google.co.in/accounts/SetSID?ssdc=1&sidt=ALWU2ctngx%2BPH%2Blqhq80HamFwuhXceeOBRNYesOgnqEI6V6VFzco%2BNB4PxGD3WWIlFqhksKI%2BIYmzC4cvqVbRZ6%2BSl1hZrvg3vBE8DArARBIRJYN9IfwitecBRxazr6ImaQPfXCnI9IunFjIg%2B0YfbWtZz%2Fxo0pGnDtNLvd7MezkzV7bLFBY4Hv8ncqDokLlebxaiu30zfU3kKULUULmY%2FnbAYPvSzydxcpvWY8O12T9BVHICjuGF809crD35kTrCnYIHBIZtJUDaUpKv2GM1NwNeB62p6NwEi9t5JT67sZ8OPx7dwQHG%2FE%3D&continue=https%3A%2F%2Fcheckout.google.com%2F%3Fauth%3DDQAAAIoAAABDTA0clWntfSxMciyX1uumPqNuOe9XjbqDTI_9uevJ3uW45JAVQwdPulgyl9-l1DszARudnZLBipiPRrQp3mfjLCCbEYUxeh52iNAjKQzoZfu2imS_3JpRUegcV6KUleXLrdv0MxPtLIHFUKfY6wKoCCmrODagtYqrmM4XBWQy7qliTwMRmF9bMT5-hbu6ZfM
07-19 00:31:08.546  2373  2373 V HybridWebView-preloading (1094614960): Not an auth completion: https://accounts.google.co.in/accounts/SetSID?ssdc=1&sidt=ALWU2ctngx%2BPH%2Blqhq80HamFwuhXceeOBRNYesOgnqEI6V6VFzco%2BNB4PxGD3WWIlFqhksKI%2BIYmzC4cvqVbRZ6%2BSl1hZrvg3vBE8DArARBIRJYN9IfwitecBRxazr6ImaQPfXCnI9IunFjIg%2B0YfbWtZz%2Fxo0pGnDtNLvd7MezkzV7bLFBY4Hv8ncqDokLlebxaiu30zfU3kKULUULmY%2FnbAYPvSzydxcpvWY8O12T9BVHICjuGF809crD35kTrCnYIHBIZtJUDaUpKv2GM1NwNeB62p6NwEi9t5JT67sZ8OPx7dwQHG%2FE%3D&continue=https%3A%2F%2Fcheckout.google.com%2F%3Fauth%3DDQAAAIoAAABDTA0clWntfSxMciyX1uumPqNuOe9XjbqDTI_9uevJ3uW45JAVQwdPulgyl9-l1DszARudnZLBipiPRrQp3mfjLCCbEYUxeh52iNAjKQzoZfu2imS_3JpRUegcV6KUleXLrdv0MxPtLIHFUKfY6wKoCCmrODagtYqrmM4XBWQy7qliTwMRmF9bMT5-hbu6ZfM
07-19 00:31:08.546  2373  2373 V HybridWebView-preloading (1094614960): Not an auth redirect: https://accounts.google.co.in/accounts/SetSID?ssdc=1&sidt=ALWU2ctngx%2BPH%2Blqhq80HamFwuhXceeOBRNYesOgnqEI6V6VFzco%2BNB4PxGD3WWIlFqhksKI%2BIYmzC4cvqVbRZ6%2BSl1hZrvg3vBE8DArARBIRJYN9IfwitecBRxazr6ImaQPfXCnI9IunFjIg%2B0YfbWtZz%2Fxo0pGnDtNLvd7MezkzV7bLFBY4Hv8ncqDokLlebxaiu30zfU3kKULUULmY%2FnbAYPvSzydxcpvWY8O12T9BVHICjuGF809crD35kTrCnYIHBIZtJUDaUpKv2GM1NwNeB62p6NwEi9t5JT67sZ8OPx7dwQHG%2FE%3D&continue=https%3A%2F%2Fcheckout.google.com%2F%3Fauth%3DDQAAAIoAAABDTA0clWntfSxMciyX1uumPqNuOe9XjbqDTI_9uevJ3uW45JAVQwdPulgyl9-l1DszARudnZLBipiPRrQp3mfjLCCbEYUxeh52iNAjKQzoZfu2imS_3JpRUegcV6KUleXLrdv0MxPtLIHFUKfY6wKoCCmrODagtYqrmM4XBWQy7qliTwMRmF9bMT5-hbu6ZfM
07-19 00:31:08.546  2373  2373 D HybridWebView-preloading (1094614960): ProceedingToLoad: https://accounts.google.co.in/accounts/SetSID?ssdc=1&sidt=ALWU2ctngx%2BPH%2Blqhq80HamFwuhXceeOBRNYesOgnqEI6V6VFzco%2BNB4PxGD3WWIlFqhksKI%2BIYmzC4cvqVbRZ6%2BSl1hZrvg3vBE8DArARBIRJYN9IfwitecBRxazr6ImaQPfXCnI9IunFjIg%2B0YfbWtZz%2Fxo0pGnDtNLvd7MezkzV7bLFBY4Hv8ncqDokLlebxaiu30zfU3kKULUULmY%2FnbAYPvSzydxcpvWY8O12T9BVHICjuGF809crD35kTrCnYIHBIZtJUDaUpKv2GM1NwNeB62p6NwEi9t5JT67sZ8OPx7dwQHG%2FE%3D&continue=https%3A%2F%2Fcheckout.google.com%2F%3Fauth%3DDQAAAIoAAABDTA0clWntfSxMciyX1uumPqNuOe9XjbqDTI_9uevJ3uW45JAVQwdPulgyl9-l1DszARudnZLBipiPRrQp3mfjLCCbEYUxeh52iNAjKQzoZfu2imS_3JpRUegcV6KUleXLrdv0MxPtLIHFUKfY6wKoCCmrODagtYqrmM4XBWQy7qliTwMRmF9bMT5-hbu6ZfM
07-19 00:31:08.570  2373  2373 V HybridWebView-preloading (1094614960): onPageStarted https://accounts.google.co.in/accounts/SetSID?ssdc=1&sidt=ALWU2ctngx%2BPH%2Blqhq80HamFwuhXceeOBRNYesOgnqEI6V6VFzco%2BNB4PxGD3WWIlFqhksKI%2BIYmzC4cvqVbRZ6%2BSl1hZrvg3vBE8DArARBIRJYN9IfwitecBRxazr6ImaQPfXCnI9IunFjIg%2B0YfbWtZz%2Fxo0pGnDtNLvd7MezkzV7bLFBY4Hv8ncqDokLlebxaiu30zfU3kKULUULmY%2FnbAYPvSzydxcpvWY8O12T9BVHICjuGF809crD35kTrCnYIHBIZtJUDaUpKv2GM1NwNeB62p6NwEi9t5JT67sZ8OPx7dwQHG%2FE%3D&continue=https%3A%2F%2Fcheckout.google.com%2F%3Fauth%3DDQAAAIoAAABDTA0clWntfSxMciyX1uumPqNuOe9XjbqDTI_9uevJ3uW45JAVQwdPulgyl9-l1DszARudnZLBipiPRrQp3mfjLCCbEYUxeh52iNAjKQzoZfu2imS_3JpRUegcV6KUleXLrdv0MxPtLIHFUKfY6wKoCCmrODagtYqrmM4XBWQy7qliTwMRmF9bMT5-hbu6ZfM
07-19 00:31:08.616  2373  2406 W chromium: external/chromium/net/spdy/spdy_session.cc:1058: [0719/003108:WARNING:spdy_session.cc(1058)] Received data frame for invalid stream 3
07-19 00:31:08.616  2373  2406 W chromium: external/chromium/net/spdy/spdy_session.cc:1058: [0719/003108:WARNING:spdy_session.cc(1058)] Received data frame for invalid stream 3
07-19 00:31:08.652  2373  2373 D ViewPager: gravity: 48 hgrav: 0 vgrav: 48
07-19 00:31:08.761  2373  2373 D ViewPager: gravity: 48 hgrav: 0 vgrav: 48
07-19 00:31:09.761  2373  2373 V HybridWebView-preloading (1094614960): ShouldOverride?: https://checkout.google.com/?auth=DQAAAIoAAABDTA0clWntfSxMciyX1uumPqNuOe9XjbqDTI_9uevJ3uW45JAVQwdPulgyl9-l1DszARudnZLBipiPRrQp3mfjLCCbEYUxeh52iNAjKQzoZfu2imS_3JpRUegcV6KUleXLrdv0MxPtLIHFUKfY6wKoCCmrODagtYqrmM4XBWQy7qliTwMRmF9bMT5-hbu6ZfM
07-19 00:31:09.761  2373  2373 V HybridWebView-preloading (1094614960): Not an auth completion: https://checkout.google.com/?auth=DQAAAIoAAABDTA0clWntfSxMciyX1uumPqNuOe9XjbqDTI_9uevJ3uW45JAVQwdPulgyl9-l1DszARudnZLBipiPRrQp3mfjLCCbEYUxeh52iNAjKQzoZfu2imS_3JpRUegcV6KUleXLrdv0MxPtLIHFUKfY6wKoCCmrODagtYqrmM4XBWQy7qliTwMRmF9bMT5-hbu6ZfM
07-19 00:31:09.761  2373  2373 V HybridWebView-preloading (1094614960): Not an auth redirect: https://checkout.google.com/?auth=DQAAAIoAAABDTA0clWntfSxMciyX1uumPqNuOe9XjbqDTI_9uevJ3uW45JAVQwdPulgyl9-l1DszARudnZLBipiPRrQp3mfjLCCbEYUxeh52iNAjKQzoZfu2imS_3JpRUegcV6KUleXLrdv0MxPtLIHFUKfY6wKoCCmrODagtYqrmM4XBWQy7qliTwMRmF9bMT5-hbu6ZfM
07-19 00:31:09.765  2373  2373 D HybridWebView-preloading (1094614960): ProceedingToLoad: https://checkout.google.com/?auth=DQAAAIoAAABDTA0clWntfSxMciyX1uumPqNuOe9XjbqDTI_9uevJ3uW45JAVQwdPulgyl9-l1DszARudnZLBipiPRrQp3mfjLCCbEYUxeh52iNAjKQzoZfu2imS_3JpRUegcV6KUleXLrdv0MxPtLIHFUKfY6wKoCCmrODagtYqrmM4XBWQy7qliTwMRmF9bMT5-hbu6ZfM
07-19 00:31:09.781  2373  2373 V HybridWebView-preloading (1094614960): onPageStarted https://checkout.google.com/?auth=DQAAAIoAAABDTA0clWntfSxMciyX1uumPqNuOe9XjbqDTI_9uevJ3uW45JAVQwdPulgyl9-l1DszARudnZLBipiPRrQp3mfjLCCbEYUxeh52iNAjKQzoZfu2imS_3JpRUegcV6KUleXLrdv0MxPtLIHFUKfY6wKoCCmrODagtYqrmM4XBWQy7qliTwMRmF9bMT5-hbu6ZfM
07-19 00:31:11.034  2373  2373 V HybridWebView-preloading (1094614960): ShouldOverride?: https://checkout.google.com/
07-19 00:31:11.034  2373  2373 V HybridWebView-preloading (1094614960): Not an auth completion: https://checkout.google.com/
07-19 00:31:11.034  2373  2373 V HybridWebView-preloading (1094614960): Not an auth redirect: https://checkout.google.com/
07-19 00:31:11.034  2373  2373 D HybridWebView-preloading (1094614960): ProceedingToLoad: https://checkout.google.com/
07-19 00:31:11.054  2373  2373 V HybridWebView-preloading (1094614960): onPageStarted https://checkout.google.com/
07-19 00:31:11.132  2472  2474 D dalvikvm: GC_CONCURRENT freed 291K, 4% free 10154K/10567K, paused 6ms+13ms
07-19 00:31:11.245  2373  2375 D dalvikvm: GC_CONCURRENT freed 430K, 6% free 10768K/11335K, paused 2ms+7ms
07-19 00:31:11.304  2373  2373 V HybridWebView-preloading (1094614960): ShouldOverride?: https://checkout.google.com/main
07-19 00:31:11.304  2373  2373 V HybridWebView-preloading (1094614960): Not an auth completion: https://checkout.google.com/main
07-19 00:31:11.308  2373  2373 V HybridWebView-preloading (1094614960): Not an auth redirect: https://checkout.google.com/main
07-19 00:31:11.308  2373  2373 D HybridWebView-preloading (1094614960): ProceedingToLoad: https://checkout.google.com/main
07-19 00:31:11.324  2373  2373 V HybridWebView-preloading (1094614960): onPageStarted https://checkout.google.com/main
07-19 00:31:11.753  2373  2373 V HybridWebView-preloading (1094614960): ShouldOverride?: https://checkout.google.com/m/main
07-19 00:31:11.753  2373  2373 V HybridWebView-preloading (1094614960): Not an auth completion: https://checkout.google.com/m/main
07-19 00:31:11.753  2373  2373 V HybridWebView-preloading (1094614960): Not an auth redirect: https://checkout.google.com/m/main
07-19 00:31:11.753  2373  2373 D HybridWebView-preloading (1094614960): ProceedingToLoad: https://checkout.google.com/m/main
07-19 00:31:11.773  2373  2373 V HybridWebView-preloading (1094614960): onPageStarted https://checkout.google.com/m/main
07-19 00:31:11.784  2373  2406 W chromium: external/chromium/net/spdy/spdy_session.cc:1058: [0719/003111:WARNING:spdy_session.cc(1058)] Received data frame for invalid stream 5
07-19 00:31:11.784  2373  2406 W chromium: external/chromium/net/spdy/spdy_session.cc:1058: [0719/003111:WARNING:spdy_session.cc(1058)] Received data frame for invalid stream 5
07-19 00:31:13.886  2373  2373 D HybridWebView-preloading (1094614960): onPageFinished: https://checkout.google.com/m/main
07-19 00:31:13.886  2373  2373 D HybridWebView-preloading (1094614960): Detected auth completion for Google Checkout in: https://checkout.google.com/m/main
07-19 00:31:13.886  2373  2373 D HybridWebView-preloading (1094614960): onPageFinished - detected auth completion: https://checkout.google.com/m/main
07-19 00:31:13.886  2373  2373 D HybridWebView-preloading (1094614960): Ignoring progress done https://www.google.com/offers/m?mhlv=a.1&mhav=1.4&mhan=offers Google Checkout
07-19 00:31:13.890  2373  2373 D AuthState: Processing auth completion for Google Checkout
07-19 00:31:13.890  2373  2373 D HybridWebView-preloading (1094614960): Got auth, will now load https://www.google.com/offers/m?mhlv=a.1&mhav=1.4&mhan=offers
07-19 00:31:13.890  2373  2373 D HybridWebView-preloading (1094614960): auth ok for Google Checkout. Now loading https://www.google.com/offers/m?mhlv=a.1&mhav=1.4&mhan=offers
07-19 00:31:13.890  2373  2373 V HybridWebView-preloading (1094614960): State transition 0->1->3->4
07-19 00:31:13.890  2373  2373 V HybridWebView-preloading (1094614960): onPageStarted https://www.google.com/offers/m?mhlv=a.1&mhav=1.4&mhan=offers
07-19 00:31:14.784  2373  2375 D dalvikvm: GC_CONCURRENT freed 459K, 6% free 10808K/11399K, paused 4ms+5ms
07-19 00:31:17.245   144   146 D dalvikvm: GC_CONCURRENT freed 1926K, 22% free 18910K/24199K, paused 15ms+34ms
07-19 00:31:18.523  2373  2375 D dalvikvm: GC_CONCURRENT freed 512K, 6% free 10874K/11463K, paused 5ms+6ms
07-19 00:31:21.652  2373  2406 V chromium: external/chromium/net/base/bandwidth_metrics.h:96: [0719/003121:INFO:bandwidth_metrics.h(96)] Bandwidth: 267.648Kbps (avg 267.648Kbps)
07-19 00:31:22.312   144 14192 W InputManagerService: Window already focused, ignoring focus gain of: com.android.internal.view.IInputMethodClient$Stub$Proxy@41c1f360
07-19 00:31:22.859  2373  2389 W ReporterDefault: failed to merge tickers:[aj@414c7938]
07-19 00:31:22.859  2373  2389 W ReporterDefault: y: The report items get from ticker is null.
07-19 00:31:22.859  2373  2389 W ReporterDefault: 	at aj.a(SourceFile:210)
07-19 00:31:22.859  2373  2389 W ReporterDefault: 	at ac.a(SourceFile:194)
07-19 00:31:22.859  2373  2389 W ReporterDefault: 	at ac.a(SourceFile:126)
07-19 00:31:22.859  2373  2389 W ReporterDefault: 	at ad.run(SourceFile:98)
07-19 00:31:22.859  2373  2389 W ReporterDefault: 	at java.util.concurrent.ThreadPoolExecutor.runWorker(ThreadPoolExecutor.java:1076)
07-19 00:31:22.859  2373  2389 W ReporterDefault: 	at java.util.concurrent.ThreadPoolExecutor$Worker.run(ThreadPoolExecutor.java:569)
07-19 00:31:22.859  2373  2389 W ReporterDefault: 	at java.lang.Thread.run(Thread.java:856)
07-19 00:31:22.878  2373  2373 D OfferDetailsFragment: finished preloading and free preloading webviews!
07-19 00:31:22.878  2373  2373 D HybridWebView-preloading (1094614960): Destroying...
07-19 00:31:22.878  2373  2373 D HybridWebView-preloading (1094614960): Cleanup pending state
07-19 00:31:22.878  2373  2373 V HybridWebView-preloading (1094614960): State transition 0->1->3->4->6
07-19 00:31:22.886  2373  2373 D webviewglue: nativeDestroy view: 0x2249f40
07-19 00:31:22.886  2373  2373 D HybridWebView-preloading (1094614960): Destroyed
07-19 00:31:23.042  2373  2373 D OpenGLRenderer: Flushing caches (mode 0)
07-19 00:31:23.093  2373  2373 D OpenGLRenderer: Flushing caches (mode 1)
07-19 00:31:24.355  2373  2375 D dalvikvm: GC_CONCURRENT freed 522K, 7% free 10895K/11591K, paused 4ms+4ms
07-19 00:31:25.495  2373  2392 D dalvikvm: GC_FOR_ALLOC freed 222K, 7% free 10918K/11655K, paused 41ms
07-19 00:31:26.171   144 14192 I ActivityManager: START {act=android.intent.action.MAIN cat=[android.intent.category.LAUNCHER] flg=0x10200000 cmp=com.google.android.apps.genie.geniewidget/.activities.NewsActivity bnds=[360,254][480,404]} from pid 12865
07-19 00:31:26.277   144   310 I ActivityManager: Start proc com.google.android.apps.genie.geniewidget for activity com.google.android.apps.genie.geniewidget/.activities.NewsActivity: pid=2512 uid=10017 gids={3003, 1015}
07-19 00:31:26.312  2512  2512 I dalvikvm: Turning on JNI app bug workarounds for target SDK version 11...
07-19 00:31:26.324    79    79 D dalvikvm: GC_EXPLICIT freed 38K, 4% free 9027K/9347K, paused 5ms+2ms
07-19 00:31:26.390    79    79 D dalvikvm: GC_EXPLICIT freed <1K, 4% free 9027K/9347K, paused 6ms+3ms
07-19 00:31:26.413  2512  2512 I ActivityThread: Pub com.google.android.apps.genie.geniewidget.weather: com.google.android.apps.genie.geniewidget.providers.WeatherProvider
07-19 00:31:26.417  2512  2512 I ActivityThread: Pub com.google.android.apps.genie.geniewidget.newsimage: com.google.android.apps.genie.geniewidget.providers.NewsImageProvider
07-19 00:31:26.437    79    79 D dalvikvm: GC_EXPLICIT freed <1K, 4% free 9027K/9347K, paused 3ms+2ms
07-19 00:31:26.441 12865 12865 D OpenGLRenderer: Flushing caches (mode 1)
07-19 00:31:26.449 12865 12865 D OpenGLRenderer: Flushing caches (mode 0)
07-19 00:31:26.620 29612 29614 D dalvikvm: GC_CONCURRENT freed 440K, 7% free 10205K/10887K, paused 2ms+14ms
07-19 00:31:26.652  2373  2392 D dalvikvm: GC_FOR_ALLOC freed 166K, 7% free 10943K/11655K, paused 98ms
07-19 00:31:26.691  2512  2515 D dalvikvm: GC_CONCURRENT freed 347K, 5% free 9185K/9607K, paused 6ms+3ms
07-19 00:31:26.710  2512  2521 W CursorWrapperInner: Cursor finalized without prior close()
07-19 00:31:26.710  2512  2521 W CursorWrapperInner: Cursor finalized without prior close()
07-19 00:31:26.718  2512  2512 W Genie   : Cache file not found: java.io.FileNotFoundException: /data/data/com.google.android.apps.genie.geniewidget/cache/genie_iconcache: open failed: ENOENT (No such file or directory)
07-19 00:31:26.792  2512  2515 D dalvikvm: GC_CONCURRENT freed 378K, 5% free 9318K/9799K, paused 2ms+4ms
07-19 00:31:26.820   144   160 I Process : Sending signal. PID: 2512 SIG: 3
07-19 00:31:26.820  2512  2517 I dalvikvm: threadid=3: reacting to signal 3
07-19 00:31:26.866  2512  2517 I dalvikvm: Wrote stack traces to '/data/anr/traces.txt'
07-19 00:31:27.093   144  6618 D dalvikvm: GC_EXPLICIT freed 954K, 23% free 18815K/24199K, paused 7ms+9ms
07-19 00:31:27.124  2512  2512 I Genie   : refresh service retry #0, ignoreMASFCache = false
07-19 00:31:27.156   215   215 V PhoneStatusBar: setLightsOn(true)
07-19 00:31:27.304   321   322 D dalvikvm: GC_CONCURRENT freed 460K, 24% free 10155K/13191K, paused 2ms+14ms
07-19 00:31:27.320   144   160 I Process : Sending signal. PID: 2512 SIG: 3
07-19 00:31:27.320  2512  2517 I dalvikvm: threadid=3: reacting to signal 3
07-19 00:31:27.347  2512  2517 I dalvikvm: Wrote stack traces to '/data/anr/traces.txt'
07-19 00:31:27.347   144   175 I ActivityManager: Displayed com.google.android.apps.genie.geniewidget/.activities.NewsActivity: +1s129ms
07-19 00:31:28.347  2373  2392 D dalvikvm: GC_FOR_ALLOC freed 203K, 7% free 10988K/11719K, paused 53ms
07-19 00:31:28.534  2512  2515 D dalvikvm: GC_CONCURRENT freed 227K, 4% free 9519K/9863K, paused 2ms+2ms
07-19 00:31:29.218  2512  2515 D dalvikvm: GC_CONCURRENT freed 376K, 5% free 9573K/10055K, paused 94ms+3ms
07-19 00:31:29.644  2512  2515 D dalvikvm: GC_CONCURRENT freed 267K, 4% free 9809K/10183K, paused 5ms+6ms
07-19 00:31:29.675  2512  2512 D dalvikvm: GC_FOR_ALLOC freed 13K, 4% free 9797K/10183K, paused 17ms
07-19 00:31:29.675  2512  2512 I dalvikvm-heap: Grow heap (frag case) to 10.778MB for 1192336-byte allocation
07-19 00:31:29.706  2512  2525 D dalvikvm: GC_FOR_ALLOC freed <1K, 4% free 10961K/11399K, paused 17ms
07-19 00:31:29.976  2512  2515 D dalvikvm: GC_CONCURRENT freed 310K, 4% free 11252K/11655K, paused 2ms+4ms
07-19 00:31:30.456  2512  2512 D dalvikvm: GC_FOR_ALLOC freed 289K, 4% free 11448K/11847K, paused 29ms
07-19 00:31:30.460  2512  2512 I dalvikvm-heap: Grow heap (frag case) to 12.389MB for 1192336-byte allocation
07-19 00:31:30.495  2512  2525 D dalvikvm: GC_FOR_ALLOC freed 8K, 4% free 12604K/13063K, paused 24ms
07-19 00:31:30.589  2512  2515 D dalvikvm: GC_CONCURRENT freed 179K, 3% free 12692K/13063K, paused 2ms+5ms
07-19 00:31:31.007  2512  2515 D dalvikvm: GC_CONCURRENT freed 1078K, 9% free 12870K/14023K, paused 19ms+4ms
07-19 00:31:31.195  2373  2392 D dalvikvm: GC_FOR_ALLOC freed 405K, 6% free 11087K/11783K, paused 130ms
07-19 00:31:31.906   144  6618 I ActivityManager: Process com.facebook.katana (pid 993) has died.
07-19 00:31:31.906   144  6618 W ActivityManager: Scheduling restart of crashed service com.facebook.katana/.service.MediaUploadService in 5000ms
07-19 00:31:33.523   144   172 I power   : *** set_screen_state 0
07-19 00:31:33.566    78   123 D SurfaceFlinger: About to give-up screen, flinger = 0x16bd918
07-19 00:31:33.773   144   176 V TransportControlView: Create TCV com.android.internal.widget.TransportControlView@416d3f00
07-19 00:31:33.843   215   215 D PhoneStatusBar: disable: < expand icons alerts ticker system_info back home RECENT* clock >
07-19 00:31:33.863   215   215 D PhoneStatusBar: disable: < expand icons alerts ticker system_info BACK* HOME* RECENT CLOCK* >
07-19 00:31:34.214 12865 12867 D dalvikvm: GC_CONCURRENT freed 1718K, 25% free 11965K/15879K, paused 133ms+4ms
07-19 00:31:34.609  2512  2515 D dalvikvm: GC_CONCURRENT freed 2440K, 18% free 11718K/14279K, paused 2ms+5ms
07-19 00:31:35.015  2373  2392 D dalvikvm: GC_FOR_ALLOC freed 473K, 7% free 11165K/11911K, paused 54ms
07-19 00:31:35.441   144   146 D dalvikvm: GC_CONCURRENT freed 1092K, 19% free 19656K/24199K, paused 7ms+11ms
07-19 00:31:36.437   144   388 I ActivityManager: Process com.chess (pid 2147) has died.
07-19 00:31:36.710   144   199 D DhcpInfoInternal: makeLinkProperties with empty dns2!
07-19 00:31:36.710   144   199 D DhcpInfoInternal: makeLinkProperties with empty dns2!
07-19 00:31:36.843  2373  2392 D dalvikvm: GC_FOR_ALLOC freed 304K, 7% free 11209K/11975K, paused 26ms
07-19 00:31:37.007   144   161 I ActivityManager: Start proc com.facebook.katana for service com.facebook.katana/.service.MediaUploadService: pid=2564 uid=10071 gids={3003, 1006, 1015}
07-19 00:31:37.015   144 13425 I ActivityManager: Process com.google.android.talk (pid 2326) has died.
07-19 00:31:37.070  2564  2564 I dalvikvm: Turning on JNI app bug workarounds for target SDK version 10...
07-19 00:31:37.534  2564  2565 D dalvikvm: GC_CONCURRENT freed 147K, 3% free 9385K/9607K, paused 128ms+2ms
07-19 00:31:37.632  2512  2519 I dalvikvm: Jit: resizing JitTable from 4096 to 8192
07-19 00:31:37.659  2564  2565 D dalvikvm: GC_CONCURRENT freed 121K, 3% free 9673K/9927K, paused 1ms+2ms
07-19 00:31:37.741  2564  2564 I ActivityThread: Pub com.facebook.katana.provider.LoggingProvider: com.facebook.katana.provider.LoggingProvider
07-19 00:31:37.777  2564  2564 I ActivityThread: Pub com.facebook.katana.provider.KeyValueProvider: com.facebook.katana.provider.KeyValueProvider
07-19 00:31:37.777  2564  2564 I ActivityThread: Pub com.facebook.katana.provider.CacheProvider: com.facebook.katana.provider.CacheProvider
07-19 00:31:37.788  2564  2564 I ActivityThread: Pub com.facebook.katana.provider.VaultImageProvider: com.facebook.katana.provider.VaultImageProvider
07-19 00:31:37.788  2564  2564 I ActivityThread: Pub com.facebook.katana.provider.MailboxProvider: com.facebook.katana.provider.MailboxProvider
07-19 00:31:37.788  2564  2564 I ActivityThread: Pub com.facebook.katana.provider.UserStatusesProvider: com.facebook.katana.provider.UserStatusesProvider
07-19 00:31:37.788  2564  2564 I ActivityThread: Pub com.facebook.katana.provider.EventsProvider: com.facebook.katana.provider.EventsProvider
07-19 00:31:37.792  2564  2564 I ActivityThread: Pub com.facebook.katana.provider.ObservedContactsProvider: com.facebook.katana.provider.ObservedContactsProvider
07-19 00:31:37.796  2564  2564 I ActivityThread: Pub com.facebook.katana.provider.NotificationsProvider: com.facebook.katana.provider.NotificationsProvider
07-19 00:31:37.804  2564  2564 I ActivityThread: Pub com.facebook.katana.provider.UserValuesProvider: com.facebook.katana.provider.UserValuesProvider
07-19 00:31:37.808  2564  2564 I ActivityThread: Pub com.facebook.katana.provider.PagesProvider: com.facebook.katana.provider.PagesProvider
07-19 00:31:37.808  2564  2564 I ActivityThread: Pub com.facebook.katana.provider.MobileEventLogProvider: com.facebook.katana.provider.MobileEventLogProvider
07-19 00:31:37.808  2564  2564 I ActivityThread: Pub com.facebook.katana.provider.PushNotificationsProvider: com.facebook.katana.provider.PushNotificationsProvider
07-19 00:31:37.808  2564  2564 I ActivityThread: Pub com.facebook.katana.provider.PhotosProvider: com.facebook.katana.provider.PhotosProvider
07-19 00:31:37.812  2564  2564 I ActivityThread: Pub com.facebook.katana.provider.ConnectionsProvider: com.facebook.katana.provider.ConnectionsProvider
07-19 00:31:37.824  2564  2564 I ActivityThread: Pub com.facebook.orca.notify.FbandroidMessagesForegroundProvider: com.facebook.orca.notify.FbandroidMessagesForegroundProvider
07-19 00:31:38.074  2564  2564 D ACRA    : Retrieve application default SharedPreferences.
07-19 00:31:38.077  2564  2564 D ACRA    : Set OnSharedPreferenceChangeListener.
07-19 00:31:38.081  2564  2564 D ACRA    : ACRA is enabled for com.facebook.katana, intializing...
07-19 00:31:38.116  2564  2564 D ACRA    : Looking for error files in /data/data/com.facebook.katana/app_acra-reports
07-19 00:31:38.378  2564  2565 D dalvikvm: GC_CONCURRENT freed 265K, 4% free 9847K/10247K, paused 15ms+2ms
07-19 00:31:38.378  2564  2564 W nalizableReferenceQueue: Could not load Finalizer in its own class loader.Loading Finalizer in the current class loader instead. As a result, you will not be ableto garbage collect this class loader. To support reclaiming this class loader, eitherresolve the underlying issue, or move Google Collections to your system class path.
07-19 00:31:38.378  2564  2564 W nalizableReferenceQueue: java.io.FileNotFoundException: com/google/common/base/internal/Finalizer.class
07-19 00:31:38.378  2564  2564 W nalizableReferenceQueue: 	at com.google.common.base.FinalizableReferenceQueue$DecoupledLoader.getBaseUrl(FinalizableReferenceQueue.java:243)
07-19 00:31:38.378  2564  2564 W nalizableReferenceQueue: 	at com.google.common.base.FinalizableReferenceQueue$DecoupledLoader.loadFinalizer(FinalizableReferenceQueue.java:227)
07-19 00:31:38.378  2564  2564 W nalizableReferenceQueue: 	at com.google.common.base.FinalizableReferenceQueue.loadFinalizer(FinalizableReferenceQueue.java:155)
07-19 00:31:38.378  2564  2564 W nalizableReferenceQueue: 	at com.google.common.base.FinalizableReferenceQueue.<clinit>(FinalizableReferenceQueue.java:84)
07-19 00:31:38.378  2564  2564 W nalizableReferenceQueue: 	at com.google.common.collect.CustomConcurrentHashMap$QueueHolder.<clinit>(CustomConcurrentHashMap.java:650)
07-19 00:31:38.378  2564  2564 W nalizableReferenceQueue: 	at com.google.common.collect.CustomConcurrentHashMap$WeakEntry.<init>(CustomConcurrentHashMap.java:1342)
07-19 00:31:38.378  2564  2564 W nalizableReferenceQueue: 	at com.google.common.collect.CustomConcurrentHashMap$EntryFactory$9.newEntry(CustomConcurrentHashMap.java:453)
07-19 00:31:38.378  2564  2564 W nalizableReferenceQueue: 	at com.google.common.collect.CustomConcurrentHashMap.a(CustomConcurrentHashMap.java:1715)
07-19 00:31:38.378  2564  2564 W nalizableReferenceQueue: 	at com.google.common.collect.ComputingConcurrentHashMap$ComputingSegment.a(ComputingConcurrentHashMap.java:123)
07-19 00:31:38.378  2564  2564 W nalizableReferenceQueue: 	at com.google.common.collect.ComputingConcurrentHashMap.apply(ComputingConcurrentHashMap.java:71)
07-19 00:31:38.378  2564  2564 W nalizableReferenceQueue: 	at com.google.common.collect.MapMaker$ComputingMapAdapter.get(MapMaker.java:848)
07-19 00:31:38.378  2564  2564 W nalizableReferenceQueue: 	at com.google.inject.internal.Annotations$AnnotationChecker.a(Annotations.java:90)
07-19 00:31:38.378  2564  2564 W nalizableReferenceQueue: 	at com.google.inject.internal.Annotations.c(Annotations.java:108)
07-19 00:31:38.378  2564  2564 W nalizableReferenceQueue: 	at com.google.inject.Key.d(Key.java:369)
07-19 00:31:38.378  2564  2564 W nalizableReferenceQueue: 	at com.google.inject.Key.b(Key.java:356)
07-19 00:31:38.378  2564  2564 W nalizableReferenceQueue: 	at com.google.inject.Key.a(Key.java:267)
07-19 00:31:38.378  2564  2564 W nalizableReferenceQueue: 	at com.facebook.orca.inject.binder.AnnotatedBindingBuilderImpl.a(AnnotatedBindingBuilderImpl.java:22)
07-19 00:31:38.378  2564  2564 W nalizableReferenceQueue: 	at com.facebook.orca.app.FbBaseModule.a(FbBaseModule.java:75)
07-19 00:31:38.378  2564  2564 W nalizableReferenceQueue: 	at com.facebook.orca.inject.AbstractModule.a(AbstractModule.java:19)
07-19 00:31:38.378  2564  2564 W nalizableReferenceQueue: 	at com.facebook.orca.inject.FbInjectorImpl.a(FbInjectorImpl.java:63)
07-19 00:31:38.378  2564  2564 W nalizableReferenceQueue: 	at com.facebook.orca.inject.FbInjectorImpl.<init>(FbInjectorImpl.java:41)
07-19 00:31:38.378  2564  2564 W nalizableReferenceQueue: 	at com.facebook.orca.inject.FbInjector.a(FbInjector.java:40)
07-19 00:31:38.378  2564  2564 W nalizableReferenceQueue: 	at com.facebook.katana.FacebookApplication.onCreate(FacebookApplication.java:102)
07-19 00:31:38.378  2564  2564 W nalizableReferenceQueue: 	at android.app.Instrumentation.callApplicationOnCreate(Instrumentation.java:969)
07-19 00:31:38.378  2564  2564 W nalizableReferenceQueue: 	at android.app.ActivityThread.handleBindApplication(ActivityThread.java:3954)
07-19 00:31:38.378  2564  2564 W nalizableReferenceQueue: 	at android.app.ActivityThread.access$1300(ActivityThread.java:123)
07-19 00:31:38.378  2564  2564 W nalizableReferenceQueue: 	at android.app.ActivityThread$H.handleMessage(ActivityThread.java:1185)
07-19 00:31:38.378  2564  2564 W nalizableReferenceQueue: 	at android.os.Handler.dispatchMessage(Handler.java:99)
07-19 00:31:38.378  2564  2564 W nalizableReferenceQueue: 	at android.os.Looper.loop(Looper.java:137)
07-19 00:31:38.378  2564  2564 W nalizableReferenceQueue: 	at android.app.ActivityThread.main(ActivityThread.java:4424)
07-19 00:31:38.378  2564  2564 W nalizableReferenceQueue: 	at java.lang.reflect.Method.invokeNative(Native Method)
07-19 00:31:38.378  2564  2564 W nalizableReferenceQueue: 	at java.lang.reflect.Method.invoke(Method.java:511)
07-19 00:31:38.378  2564  2564 W nalizableReferenceQueue: 	at com.android.internal.os.ZygoteInit$MethodAndArgsCaller.run(ZygoteInit.java:784)
07-19 00:31:38.378  2564  2564 W nalizableReferenceQueue: 	at com.android.internal.os.ZygoteInit.main(ZygoteInit.java:551)
07-19 00:31:38.378  2564  2564 W nalizableReferenceQueue: 	at dalvik.system.NativeStart.main(Native Method)
07-19 00:31:38.382  2564  2564 I Finalizer: Couldn't access Thread.inheritableThreadLocals. Reference finalizer threads will inherit thread local values.
07-19 00:31:38.601  2564  2565 D dalvikvm: GC_CONCURRENT freed 361K, 5% free 9953K/10439K, paused 1ms+5ms
07-19 00:31:38.769  2564  2565 D dalvikvm: GC_CONCURRENT freed 364K, 5% free 10124K/10567K, paused 2ms+6ms
07-19 00:31:38.792  2512  2515 D dalvikvm: GC_CONCURRENT freed 865K, 19% free 11695K/14279K, paused 6ms+3ms
07-19 00:31:39.339   346   346 D SAN_SERVICE: *******************************************
07-19 00:31:39.339   346   346 D SAN_SERVICE: DM App Phone Service State - 0
07-19 00:31:39.339   346   346 D SAN_SERVICE: *******************************************
07-19 00:31:39.730  2564  2565 D dalvikvm: GC_CONCURRENT freed 417K, 5% free 10267K/10759K, paused 5ms+3ms
07-19 00:31:39.827   346   346 D SAN_SERVICE: *******************************************
07-19 00:31:39.827   346   346 D SAN_SERVICE: DM App Phone Service State - 0
07-19 00:31:39.827   346   346 D SAN_SERVICE: *******************************************
07-19 00:31:40.093  2512  2515 D dalvikvm: GC_CONCURRENT freed 865K, 19% free 11666K/14279K, paused 3ms+8ms
07-19 00:31:40.124  2564  2582 W Resources: Converting to string: TypedValue{t=0x10/d=0xffffffff a=-1}
07-19 00:31:40.394  2564  2565 D dalvikvm: GC_CONCURRENT freed 321K, 5% free 10386K/10887K, paused 2ms+3ms
07-19 00:31:40.702   144 14192 I ActivityManager: Process com.twitter.android (pid 2190) has died.
07-19 00:31:40.773  2373  2373 D OpenGLRenderer: Flushing caches (mode 2)
07-19 00:31:40.781  2373  2373 W ManagedEGLContext: doTerminate failed: EGL count is 2 but managed count is 1
07-19 00:31:40.921  2564  2565 D dalvikvm: GC_CONCURRENT freed 387K, 5% free 10530K/11015K, paused 2ms+9ms
07-19 00:31:42.042  2564  2565 D dalvikvm: GC_CONCURRENT freed 353K, 5% free 10593K/11079K, paused 3ms+4ms
07-19 00:31:42.671  2564  2565 D dalvikvm: GC_CONCURRENT freed 392K, 5% free 10613K/11143K, paused 16ms+2ms
07-19 00:31:43.179  2564  2565 D dalvikvm: GC_CONCURRENT freed 329K, 5% free 10740K/11207K, paused 2ms+2ms
07-19 00:31:44.136  2564  2565 D dalvikvm: GC_CONCURRENT freed 400K, 5% free 10809K/11335K, paused 2ms+3ms
07-19 00:31:44.449  2512  2515 D dalvikvm: GC_CONCURRENT freed 825K, 19% free 11664K/14279K, paused 2ms+4ms
07-19 00:31:44.706  2512  2515 D dalvikvm: GC_CONCURRENT freed 851K, 19% free 11641K/14279K, paused 2ms+3ms
07-19 00:31:50.140   144  1167 I ActivityManager: Process android.process.media (pid 2252) has died.
07-19 00:31:50.609  2512  2515 D dalvikvm: GC_CONCURRENT freed 684K, 18% free 11756K/14279K, paused 2ms+3ms
07-19 00:31:50.929  2512  2515 D dalvikvm: GC_CONCURRENT freed 939K, 19% free 11664K/14279K, paused 2ms+4ms
07-19 00:31:52.874   144   146 D dalvikvm: GC_CONCURRENT freed 2180K, 20% free 19523K/24199K, paused 13ms+9ms
07-19 00:31:54.070  1790  1804 I PhoneLab-: Service Running
07-19 00:31:54.183  1790  1804 I PhoneLab-LoggerService: app_37    1395  1     1432   980   c00f181c 400107b4 S logcat
07-19 00:31:54.183  1790  1804 I PhoneLab-LoggerService: Logcat pid from database 1395
07-19 00:31:54.183  1790  1804 I PhoneLab-LoggerService: Logcat process found 1395
07-19 00:31:54.183  1790  1804 I PhoneLab-LoggerService: Checking Threshold
07-19 00:31:54.581  2512  2515 D dalvikvm: GC_CONCURRENT freed 789K, 19% free 11706K/14279K, paused 2ms+3ms
07-19 00:31:57.195  2512  2515 D dalvikvm: GC_CONCURRENT freed 893K, 19% free 11687K/14279K, paused 14ms+3ms
07-19 00:32:02.827  2512  2515 D dalvikvm: GC_CONCURRENT freed 833K, 19% free 11708K/14279K, paused 1ms+3ms
07-19 00:32:03.046  2512  2515 D dalvikvm: GC_CONCURRENT freed 875K, 19% free 11632K/14279K, paused 1ms+3ms
07-19 00:32:05.074  2093  2097 D dalvikvm: GC_CONCURRENT freed 660K, 7% free 10151K/10887K, paused 15ms+6ms
07-19 00:32:09.769   346   346 D SAN_SERVICE: *******************************************
07-19 00:32:09.769   346   346 D SAN_SERVICE: DM App Phone Service State - 0
07-19 00:32:09.769   346   346 D SAN_SERVICE: *******************************************
07-19 00:32:10.558   346   346 D SAN_SERVICE: *******************************************
07-19 00:32:10.558   346   346 D SAN_SERVICE: DM App Phone Service State - 0
07-19 00:32:10.558   346   346 D SAN_SERVICE: *******************************************
07-19 00:32:11.218  2512  2515 D dalvikvm: GC_CONCURRENT freed 565K, 17% free 11879K/14279K, paused 2ms+4ms
07-19 00:32:11.460  2512  2515 D dalvikvm: GC_CONCURRENT freed 1119K, 19% free 11669K/14279K, paused 2ms+4ms
07-19 00:32:13.378  2512  2515 D dalvikvm: GC_CONCURRENT freed 796K, 19% free 11646K/14279K, paused 2ms+4ms
07-19 00:32:16.284  2512  2515 D dalvikvm: GC_CONCURRENT freed 789K, 19% free 11704K/14279K, paused 2ms+5ms
07-19 00:32:18.515  2512  2515 D dalvikvm: GC_CONCURRENT freed 892K, 19% free 11661K/14279K, paused 2ms+4ms
07-19 00:32:21.613  2512  2515 D dalvikvm: GC_CONCURRENT freed 812K, 19% free 11697K/14279K, paused 2ms+3ms
07-19 00:32:23.827  2512  2515 D dalvikvm: GC_CONCURRENT freed 846K, 19% free 11698K/14279K, paused 2ms+6ms
07-19 00:32:26.702  2512  2515 D dalvikvm: GC_CONCURRENT freed 845K, 19% free 11698K/14279K, paused 2ms+4ms
07-19 00:32:27.691 29612  2633 I EventLogService: Aggregate from 1342670547481 (log), 1342670547481 (data)
07-19 00:32:30.312  2512  2515 D dalvikvm: GC_CONCURRENT freed 833K, 19% free 11686K/14279K, paused 2ms+5ms
07-19 00:32:34.343  2512  2515 D dalvikvm: GC_CONCURRENT freed 798K, 19% free 11655K/14279K, paused 2ms+9ms
07-19 00:32:36.476   144   146 D dalvikvm: GC_CONCURRENT freed 2063K, 20% free 19508K/24199K, paused 3ms+8ms
07-19 00:32:36.718  2512  2515 D dalvikvm: GC_CONCURRENT freed 802K, 19% free 11708K/14279K, paused 1ms+3ms
07-19 00:32:36.921  2512  2515 D dalvikvm: GC_CONCURRENT freed 920K, 19% free 11665K/14279K, paused 2ms+4ms
07-19 00:32:41.140  2564  2565 D dalvikvm: GC_CONCURRENT freed 513K, 6% free 10821K/11463K, paused 2ms+2ms
07-19 00:32:41.449  2512  2515 D dalvikvm: GC_CONCURRENT freed 684K, 18% free 11737K/14279K, paused 12ms+4ms
07-19 00:32:44.152  2512  2515 D dalvikvm: GC_CONCURRENT freed 910K, 19% free 11697K/14279K, paused 2ms+3ms
07-19 00:32:44.386  2512  2515 D dalvikvm: GC_CONCURRENT freed 888K, 19% free 11652K/14279K, paused 2ms+3ms
07-19 00:32:45.378  2512  2515 D dalvikvm: GC_CONCURRENT freed 756K, 19% free 11650K/14279K, paused 14ms+3ms
07-19 00:32:47.452  2512  2515 D dalvikvm: GC_CONCURRENT freed 796K, 19% free 11695K/14279K, paused 2ms+4ms
07-19 00:32:51.195  2512  2515 D dalvikvm: GC_CONCURRENT freed 839K, 19% free 11690K/14279K, paused 2ms+3ms
07-19 00:32:58.730  2512  2515 D dalvikvm: GC_CONCURRENT freed 793K, 18% free 11709K/14279K, paused 13ms+4ms
07-19 00:33:01.308  2512  2515 D dalvikvm: GC_CONCURRENT freed 832K, 19% free 11656K/14279K, paused 2ms+4ms
07-19 00:33:04.761   144   390 I ActivityManager: Process com.xabber.androiddev (pid 1183) has died.
07-19 00:33:04.761   144   390 W ActivityManager: Scheduling restart of crashed service com.xabber.androiddev/com.xabber.android.service.XMPPService in 5000ms
07-19 00:33:04.925  2418  2420 D dalvikvm: GC_CONCURRENT freed 656K, 7% free 10403K/11143K, paused 12ms+2ms
07-19 00:33:04.999  2093  2654 D dalvikvm: GC_FOR_ALLOC freed 353K, 8% free 10101K/10887K, paused 18ms
07-19 00:33:05.218  2093  2097 D dalvikvm: GC_CONCURRENT freed 308K, 7% free 10180K/10887K, paused 3ms+4ms
07-19 00:33:09.824  2658  2658 D dalvikvm: Late-enabling CheckJNI
07-19 00:33:09.839   144   161 I ActivityManager: Start proc com.xabber.androiddev for service com.xabber.androiddev/com.xabber.android.service.XMPPService: pid=2658 uid=10063 gids={3003, 1015}
07-19 00:33:09.870  2658  2658 I dalvikvm: Turning on JNI app bug workarounds for target SDK version 9...
07-19 00:33:10.101  2658  2660 D dalvikvm: GC_CONCURRENT freed 204K, 3% free 9327K/9607K, paused 2ms+2ms
07-19 00:33:10.148  2658  2658 D dalvikvm: GC_FOR_ALLOC freed 308K, 5% free 9457K/9927K, paused 16ms
07-19 00:33:10.249  2658  2660 D dalvikvm: GC_CONCURRENT freed 190K, 3% free 9789K/10055K, paused 2ms+2ms
07-19 00:33:10.374  2658  2660 D dalvikvm: GC_CONCURRENT freed 288K, 4% free 10061K/10439K, paused 1ms+2ms
