07-26 02:05:10.705 24411 24412 D dalvikvm: GC_CONCURRENT freed 160K, 3% free 9661K/9927K, paused 6ms+2ms
07-26 02:05:10.908 24411 24412 D dalvikvm: GC_CONCURRENT freed 301K, 4% free 9851K/10247K, paused 16ms+3ms
07-26 02:05:11.142 24411 24418 I dalvikvm: Total arena pages for JIT: 11
07-26 02:05:11.150 24411 24418 I dalvikvm: Total arena pages for JIT: 12
07-26 02:05:11.150 24411 24418 I dalvikvm: Total arena pages for JIT: 13
07-26 02:05:11.150 24411 24418 I dalvikvm: Total arena pages for JIT: 14
07-26 02:05:11.150 24411 24418 I dalvikvm: Total arena pages for JIT: 15
07-26 02:05:11.150 24411 24418 I dalvikvm: Total arena pages for JIT: 16
07-26 02:05:11.158 24411 24418 I dalvikvm: Total arena pages for JIT: 17
07-26 02:05:11.291   145   156 D CountryDetector: The first listener is added
07-26 02:05:11.353 24355 24357 D dalvikvm: GC_CONCURRENT freed 391K, 5% free 9400K/9863K, paused 2ms+2ms
07-26 02:05:11.353 24355 24364 W CursorWrapperInner: Cursor finalized without prior close()
07-26 02:05:11.353 24355 24364 W CursorWrapperInner: Cursor finalized without prior close()
07-26 02:05:11.353 24355 24364 W CursorWrapperInner: Cursor finalized without prior close()
07-26 02:05:11.471 24370 24372 D dalvikvm: GC_CONCURRENT freed 533K, 6% free 9636K/10247K, paused 11ms+3ms
07-26 02:05:11.545   145   157 I ActivityManager: Process com.facebook.orca (pid 23791) has died.
07-26 02:05:11.545   145   157 W ActivityManager: Scheduling restart of crashed service com.facebook.orca/.push.mqtt.MqttPushService in 5000ms
07-26 02:05:11.791 24411 24412 D dalvikvm: GC_CONCURRENT freed 311K, 5% free 9990K/10439K, paused 2ms+102ms
07-26 02:05:12.006 24355 24357 D dalvikvm: GC_CONCURRENT freed 343K, 5% free 9571K/9991K, paused 2ms+17ms
07-26 02:05:12.037 24370 24372 D dalvikvm: GC_CONCURRENT freed 371K, 5% free 9775K/10247K, paused 2ms+9ms
07-26 02:05:12.303 24355 24433 D dalvikvm: GC_FOR_ALLOC freed 171K, 5% free 9700K/10183K, paused 14ms
07-26 02:05:16.619   145   162 I ActivityManager: Start proc com.facebook.orca for service com.facebook.orca/.push.mqtt.MqttPushService: pid=24439 uid=10062 gids={3003, 1015, 1006}
07-26 02:05:16.638 24439 24439 I dalvikvm: Turning on JNI app bug workarounds for target SDK version 10...
07-26 02:05:16.799 24439 24439 I ActivityThread: Pub com.facebook.orca.notify.MessengerLoggedInUserProvider: com.facebook.orca.notify.MessengerLoggedInUserProvider
07-26 02:05:16.814   361   361 D dalvikvm: GC_EXPLICIT freed <1K, 6% free 9099K/9607K, paused 2ms+3ms
07-26 02:05:16.818 24439 24439 I ActivityThread: Pub com.facebook.orca.notify.MessengerForegroundProvider: com.facebook.orca.notify.MessengerForegroundProvider
07-26 02:05:16.822 24439 24439 V orca:OrcaApplication: Forcing initialization of AsyncTask
07-26 02:05:16.912 24439 24442 D dalvikvm: GC_CONCURRENT freed 227K, 4% free 9311K/9607K, paused 2ms+2ms
07-26 02:05:16.924 24439 24439 I Finalizer: Couldn't access Thread.inheritableThreadLocals. Reference finalizer threads will inherit thread local values.
07-26 02:05:16.939   145   421 I ActivityManager: Process com.google.android.apps.maps:LocationFriendService (pid 24411) has died.
07-26 02:05:17.338 24439 24442 D dalvikvm: GC_CONCURRENT freed 357K, 5% free 9448K/9927K, paused 2ms+2ms
07-26 02:05:17.478 24439 24439 W OrcaGuiceModule: Sig: ijxLJi1yGs1JpL-X1SExmchvork
07-26 02:05:17.560 24439 24442 D dalvikvm: GC_CONCURRENT freed 290K, 4% free 9610K/9991K, paused 2ms+25ms
07-26 02:05:18.103 24439 24454 W Resources: Converting to string: TypedValue{t=0x10/d=0xffffffff a=-1}
07-26 02:05:18.228 24439 24442 D dalvikvm: GC_CONCURRENT freed 348K, 5% free 9827K/10247K, paused 2ms+4ms
07-26 02:05:18.373 24439 24442 D dalvikvm: GC_CONCURRENT freed 296K, 4% free 10059K/10439K, paused 2ms+2ms
07-26 02:05:18.420 24439 24454 D dalvikvm: GC_FOR_ALLOC freed 245K, 6% free 10141K/10695K, paused 33ms
07-26 02:05:18.471 24439 24454 D dalvikvm: GC_FOR_ALLOC freed 241K, 5% free 10223K/10759K, paused 32ms
07-26 02:05:18.498   145   356 D dalvikvm: GC_EXPLICIT freed 482K, 19% free 19080K/23495K, paused 3ms+18ms
07-26 02:05:18.506 24439 24454 D dalvikvm: GC_FOR_ALLOC freed 62K, 5% free 10287K/10759K, paused 32ms
07-26 02:05:18.533 24439 24439 D ACRA    : Retrieve application default SharedPreferences.
07-26 02:05:18.533 24439 24439 D ACRA    : Set OnSharedPreferenceChangeListener.
07-26 02:05:18.533 24439 24439 D ACRA    : ACRA is enabled for com.facebook.orca, intializing...
07-26 02:05:18.564 24439 24439 D ACRA    : Looking for error files in /data/data/com.facebook.orca/app_acra-reports
07-26 02:05:18.701 24439 24442 D dalvikvm: GC_CONCURRENT freed 332K, 4% free 10484K/10887K, paused 2ms+3ms
07-26 02:05:18.826 24439 24442 D dalvikvm: GC_CONCURRENT freed 237K, 3% free 10771K/11079K, paused 2ms+2ms
07-26 02:05:19.033 24439 24442 D dalvikvm: GC_CONCURRENT freed 350K, 4% free 11041K/11463K, paused 2ms+6ms
07-26 02:05:19.404 24439 24442 D dalvikvm: GC_CONCURRENT freed 485K, 6% free 11170K/11783K, paused 2ms+3ms
07-26 02:05:23.396 21345 21345 D dalvikvm: GC_EXPLICIT freed 45K, 16% free 12240K/14535K, paused 15ms+6ms
07-26 02:05:28.439   145   161 D dalvikvm: GC_EXPLICIT freed 25K, 19% free 19059K/23495K, paused 23ms+7ms
07-26 02:05:33.447 18348 18348 D dalvikvm: GC_EXPLICIT freed 45K, 6% free 9962K/10567K, paused 24ms+3ms
07-26 02:05:42.670   321   321 D dalvikvm: GC_EXPLICIT freed <1K, 19% free 10149K/12487K, paused 17ms+2ms
07-26 02:05:47.681 27972 27972 D dalvikvm: GC_EXPLICIT freed <1K, 6% free 9490K/9991K, paused 14ms+2ms
07-26 02:05:52.775   342   342 D dalvikvm: GC_EXPLICIT freed 2K, 9% free 11887K/12935K, paused 29ms+6ms
07-26 02:05:57.681   443   443 D dalvikvm: GC_EXPLICIT freed <1K, 4% free 9037K/9347K, paused 13ms+2ms
07-26 02:06:05.142   215   215 D dalvikvm: GC_EXPLICIT freed 23K, 32% free 9682K/14215K, paused 15ms+3ms
07-26 02:06:10.017 22868 22870 D dalvikvm: GC_CONCURRENT freed 510K, 7% free 10531K/11271K, paused 1ms+2ms
07-26 02:06:10.049   145   356 I ActivityManager: Start proc com.google.android.apps.maps:LocationFriendService for service com.google.android.apps.maps/com.google.googlenav.friend.reporting.LocationReceiverService: pid=24464 uid=10056 gids={3003, 1015}
07-26 02:06:10.201 24464 24466 D dalvikvm: GC_CONCURRENT freed 175K, 3% free 9360K/9607K, paused 6ms+2ms
07-26 02:06:10.377   145   379 I ActivityManager: Process android.process.acore (pid 24370) has died.
07-26 02:06:10.377   145   421 D CountryDetector: No listener is left
07-26 02:06:10.689 24464 24466 D dalvikvm: GC_CONCURRENT freed 169K, 3% free 9722K/9991K, paused 94ms+6ms
07-26 02:06:11.025 24464 24466 D dalvikvm: GC_CONCURRENT freed 317K, 5% free 9856K/10311K, paused 2ms+3ms
07-26 02:06:11.103 24464 24471 I dalvikvm: Total arena pages for JIT: 11
07-26 02:06:11.103 24464 24471 I dalvikvm: Total arena pages for JIT: 12
07-26 02:06:11.103 24464 24471 I dalvikvm: Total arena pages for JIT: 13
07-26 02:06:11.103 24464 24471 I dalvikvm: Total arena pages for JIT: 14
07-26 02:06:11.103 24464 24471 I dalvikvm: Total arena pages for JIT: 15
07-26 02:06:11.103 24464 24471 I dalvikvm: Total arena pages for JIT: 16
07-26 02:06:11.107 24464 24471 I dalvikvm: Total arena pages for JIT: 17
07-26 02:06:11.244 24464 24466 D dalvikvm: GC_CONCURRENT freed 356K, 5% free 9995K/10439K, paused 2ms+2ms
07-26 02:06:15.385 24055 24068 I PhoneLab-: Service Running
07-26 02:06:15.502 24055 24068 I PhoneLab-LoggerService: app_37    1300  1     1440   1000  c00f181c 400107b4 S logcat
07-26 02:06:15.502 24055 24068 I PhoneLab-LoggerService: Logcat pid from database 1300
07-26 02:06:15.502 24055 24068 I PhoneLab-LoggerService: Logcat process found 1300
07-26 02:06:15.502 24055 24068 I PhoneLab-LoggerService: Checking Threshold
07-26 02:06:15.537 24055 24068 I PhoneLab-LoggerService: Starting to rename files
07-26 02:06:15.537 24055 24068 I PhoneLab-LoggerService: Files found .. 2
07-26 02:06:15.537 24055 24068 I PhoneLab-LoggerService: File 1 log.out.1
07-26 02:06:15.545 24055 24068 I PhoneLab-LoggerService: Renamed successfully
07-26 02:06:15.572 24259 24259 D dalvikvm: GC_EXPLICIT freed 27K, 7% free 9870K/10503K, paused 2ms+4ms
07-26 02:06:20.490 11779 11779 E GeckoApp: low memory
07-26 02:06:20.596 11779 11779 D dalvikvm: GC_EXPLICIT freed 5K, 37% free 12858K/20167K, paused 19ms+12ms
07-26 02:06:25.568 22838 22838 D dalvikvm: GC_EXPLICIT freed 2K, 4% free 9055K/9347K, paused 14ms+2ms
07-26 02:06:32.197   145   169 I ActivityManager: Start proc com.google.android.gm for service com.google.android.gm/.provider.MailSyncAdapterService: pid=24489 uid=10075 gids={3003, 1015}
07-26 02:06:32.228    79    79 D dalvikvm: GC_EXPLICIT freed 37K, 4% free 9031K/9347K, paused 1ms+2ms
07-26 02:06:32.263    79    79 D dalvikvm: GC_EXPLICIT freed <1K, 4% free 9031K/9347K, paused 2ms+2ms
07-26 02:06:32.303    79    79 D dalvikvm: GC_EXPLICIT freed <1K, 4% free 9031K/9347K, paused 1ms+4ms
07-26 02:06:32.361 24489 24489 I ActivityThread: Pub gmail-ls: com.google.android.gm.provider.MailProvider
07-26 02:06:32.447 24489 24489 I ActivityThread: Pub com.google.android.gm: com.google.android.gm.provider.PublicContentProvider
07-26 02:06:32.455 24489 24489 I ActivityThread: Pub com.google.android.gmail.SuggestionProvider: com.google.android.gm.SuggestionsProvider
07-26 02:06:32.596 24489 24490 D dalvikvm: GC_CONCURRENT freed 220K, 4% free 9258K/9607K, paused 3ms+9ms
07-26 02:06:32.693   145 22786 I ActivityManager: Process com.google.android.apps.maps:LocationFriendService (pid 24464) has died.
07-26 02:06:33.252 24489 24490 D dalvikvm: GC_CONCURRENT freed 274K, 5% free 9394K/9799K, paused 2ms+4ms
07-26 02:06:33.256 24489 24507 I Gmail   : calculateUnknownSyncRationalesAndPurgeInBackground: queueing
07-26 02:06:33.303 24489 24507 I Gmail   : calculateUnknownSyncRationalesAndPurgeInBackground: queueing
07-26 02:06:33.334 24489 24504 I Gmail   : MainSyncRequestProto: lowestBkwdConvoId: 0, highestHandledServerOp: 3346203, normalSync: true
07-26 02:06:33.346 24489 24507 I Gmail   : calculateUnknownSyncRationalesAndPurgeInBackground: running
07-26 02:06:33.349 24489 24507 I Gmail   : calculateUnknownSyncRationalesAndPurgeInBackground: running
07-26 02:06:34.056 24489 24490 D dalvikvm: GC_CONCURRENT freed 254K, 4% free 9545K/9927K, paused 5ms+2ms
07-26 02:06:36.521 24489 24490 D dalvikvm: GC_CONCURRENT freed 427K, 6% free 9568K/10119K, paused 2ms+2ms
07-26 02:06:36.646 24489 24490 D dalvikvm: GC_CONCURRENT freed 446K, 6% free 9563K/10119K, paused 2ms+3ms
07-26 02:06:36.787 24489 24490 D dalvikvm: GC_CONCURRENT freed 442K, 6% free 9571K/10119K, paused 2ms+2ms
07-26 02:06:36.924 24489 24490 D dalvikvm: GC_CONCURRENT freed 453K, 6% free 9559K/10119K, paused 1ms+2ms
07-26 02:06:37.049 24489 24490 D dalvikvm: GC_CONCURRENT freed 454K, 6% free 9558K/10119K, paused 2ms+2ms
07-26 02:06:37.174 24489 24490 D dalvikvm: GC_CONCURRENT freed 453K, 6% free 9559K/10119K, paused 2ms+2ms
07-26 02:06:37.291 24489 24490 D dalvikvm: GC_CONCURRENT freed 453K, 6% free 9559K/10119K, paused 2ms+2ms
07-26 02:06:37.404 24489 24490 D dalvikvm: GC_CONCURRENT freed 453K, 6% free 9559K/10119K, paused 1ms+2ms
07-26 02:06:37.521 24489 24490 D dalvikvm: GC_CONCURRENT freed 454K, 6% free 9559K/10119K, paused 2ms+2ms
07-26 02:06:37.646 24489 24490 D dalvikvm: GC_CONCURRENT freed 453K, 6% free 9559K/10119K, paused 2ms+2ms
07-26 02:06:37.771 24489 24490 D dalvikvm: GC_CONCURRENT freed 453K, 6% free 9559K/10119K, paused 2ms+2ms
07-26 02:06:37.900 24489 24490 D dalvikvm: GC_CONCURRENT freed 453K, 6% free 9559K/10119K, paused 2ms+2ms
07-26 02:06:38.154 24489 24490 D dalvikvm: GC_CONCURRENT freed 405K, 6% free 9583K/10119K, paused 2ms+2ms
07-26 02:06:38.209 24489 24504 D dalvikvm: GC_EXPLICIT freed 83K, 6% free 9544K/10119K, paused 2ms+3ms
07-26 02:06:38.213 24489 24504 I Gmail   : MainSyncRequestProto: lowestBkwdConvoId: 0, highestHandledServerOp: 3346561, normalSync: true
07-26 02:06:39.076 18348 18360 D dalvikvm: GC_EXPLICIT freed 79K, 6% free 9991K/10567K, paused 2ms+3ms
07-26 02:06:39.330 24489 24504 D dalvikvm: GC_EXPLICIT freed 221K, 6% free 9591K/10119K, paused 16ms+3ms
07-26 02:06:39.334 24489 24504 I Gmail   : MainSyncRequestProto: lowestBkwdConvoId: 0, highestHandledServerOp: 3346566, normalSync: true
07-26 02:06:39.338 24489 24504 I Gmail   : lowestBackward conversation id 0
07-26 02:06:39.353 24489 24504 W Gmail   : Scheduling index for 300000 ms from now
07-26 02:06:39.420 24489 24504 I Gmail   : Sending notification intent: Intent { act=android.intent.action.PROVIDER_CHANGED dat=content://gmail-ls/unread/^i (has extras) }
07-26 02:06:39.783 24489 24512 W Gmail   : Showing notification with unreadCount of 4 and unseenCount of 1
07-26 02:06:39.810   145   363 I ActivityManager: Start proc android.process.acore for content provider com.android.providers.contacts/.ContactsProvider2: pid=24515 uid=10000 gids={3003, 1015}
07-26 02:06:39.849   145 21503 I ActivityManager: Process com.android.sprintmenu (pid 22838) has died.
07-26 02:06:39.849   145 21503 W ActivityManager: Scheduling restart of crashed service com.android.sprintmenu/.HiddenPhoneService in 5000ms
07-26 02:06:39.869 24515 24515 I ActivityThread: Pub call_log: com.android.providers.contacts.CallLogProvider
07-26 02:06:39.916 24515 24515 I ActivityThread: Pub com.android.voicemail: com.android.providers.contacts.VoicemailContentProvider
07-26 02:06:39.920 24515 24515 I ActivityThread: Pub user_dictionary: com.android.providers.userdictionary.UserDictionaryProvider
07-26 02:06:39.928 24515 24515 I ActivityThread: Pub com.android.social: com.android.providers.contacts.SocialProvider
07-26 02:06:39.931 24515 24515 I ActivityThread: Pub applications: com.android.providers.applications.ApplicationsProvider
07-26 02:06:40.045 24515 24515 I ActivityThread: Pub contacts;com.android.contacts: com.android.providers.contacts.ContactsProvider2
07-26 02:06:40.119 24515 24517 D dalvikvm: GC_CONCURRENT freed 347K, 5% free 9188K/9607K, paused 4ms+5ms
07-26 02:06:40.463 24515 24517 D dalvikvm: GC_CONCURRENT freed 236K, 4% free 9376K/9735K, paused 3ms+3ms
07-26 02:06:41.006   215   217 D dalvikvm: GC_CONCURRENT freed 175K, 31% free 9947K/14215K, paused 44ms+4ms
07-26 02:06:42.158 24515 24517 D dalvikvm: GC_CONCURRENT freed 168K, 3% free 9634K/9927K, paused 4ms+6ms
07-26 02:06:44.947   145   162 I ActivityManager: Start proc com.android.sprintmenu for service com.android.sprintmenu/.HiddenPhoneService: pid=24531 uid=1001 gids={3002, 3001, 3003, 1015}
07-26 02:06:44.974   145   430 I ActivityManager: Process android.process.acore (pid 24515) has died.
07-26 02:06:52.185   361   361 D dalvikvm: GC_EXPLICIT freed <1K, 6% free 9099K/9607K, paused 15ms+2ms
07-26 02:06:57.205 21345 21345 D dalvikvm: GC_EXPLICIT freed 57K, 16% free 12240K/14535K, paused 15ms+3ms
07-26 02:07:10.306   145 21503 I ActivityManager: Start proc com.google.android.apps.maps:LocationFriendService for service com.google.android.apps.maps/com.google.googlenav.friend.reporting.LocationReceiverService: pid=24548 uid=10056 gids={3003, 1015}
07-26 02:07:10.443 24548 24551 D dalvikvm: GC_CONCURRENT freed 158K, 3% free 9377K/9607K, paused 2ms+2ms
07-26 02:07:10.799 24548 24551 D dalvikvm: GC_CONCURRENT freed 153K, 3% free 9674K/9927K, paused 24ms+3ms
07-26 02:07:10.834   145  1303 I ActivityManager: Process com.google.android.apps.maps:NetworkLocationService (pid 22868) has died.
07-26 02:07:10.834   145  1303 W ActivityManager: Scheduling restart of crashed service com.google.android.apps.maps/com.google.android.location.internal.server.NetworkLocationService in 5000ms
07-26 02:07:11.310 24548 24551 D dalvikvm: GC_CONCURRENT freed 319K, 4% free 9850K/10247K, paused 2ms+3ms
07-26 02:07:11.408 24548 24555 I dalvikvm: Total arena pages for JIT: 11
07-26 02:07:11.408 24548 24555 I dalvikvm: Total arena pages for JIT: 12
07-26 02:07:11.408 24548 24555 I dalvikvm: Total arena pages for JIT: 13
07-26 02:07:11.408 24548 24555 I dalvikvm: Total arena pages for JIT: 14
07-26 02:07:11.408 24548 24555 I dalvikvm: Total arena pages for JIT: 15
07-26 02:07:11.412 24548 24555 I dalvikvm: Total arena pages for JIT: 16
07-26 02:07:11.412 24548 24555 I dalvikvm: Total arena pages for JIT: 17
07-26 02:07:11.541 24548 24551 D dalvikvm: GC_CONCURRENT freed 418K, 5% free 9947K/10439K, paused 6ms+3ms
07-26 02:07:15.900   145   162 I ActivityManager: Start proc com.google.android.apps.maps:NetworkLocationService for service com.google.android.apps.maps/com.google.android.location.internal.server.NetworkLocationService: pid=24571 uid=10056 gids={3003, 1015}
07-26 02:07:16.037 24571 24573 D dalvikvm: GC_CONCURRENT freed 161K, 3% free 9375K/9607K, paused 1ms+7ms
07-26 02:07:16.170   145   161 D dalvikvm: GC_EXPLICIT freed 1412K, 19% free 19149K/23495K, paused 3ms+11ms
07-26 02:07:16.428 24571 24573 D dalvikvm: GC_CONCURRENT freed 155K, 3% free 9676K/9927K, paused 1ms+2ms
07-26 02:07:16.681   145   145 I ActivityManager: Process com.google.android.gm (pid 24489) has died.
07-26 02:07:16.748 24571 24573 D dalvikvm: GC_CONCURRENT freed 166K, 3% free 10073K/10311K, paused 2ms+3ms
07-26 02:07:16.912 24571 24573 D dalvikvm: GC_CONCURRENT freed 671K, 8% free 9887K/10695K, paused 1ms+2ms
07-26 02:07:16.978   145   162 I ActivityManager: Start proc com.google.android.apps.maps:FriendService for broadcast com.google.android.apps.maps/com.google.googlenav.friend.android.ServiceReceiver: pid=24592 uid=10056 gids={3003, 1015}
07-26 02:07:17.088 24592 24595 D dalvikvm: GC_CONCURRENT freed 163K, 3% free 9372K/9607K, paused 2ms+2ms
07-26 02:07:17.193 24592 24595 D dalvikvm: GC_CONCURRENT freed 211K, 3% free 9703K/9991K, paused 1ms+2ms
07-26 02:07:17.275 24548 24555 I dalvikvm: Total arena pages for JIT: 18
07-26 02:07:17.353 24571 24578 I dalvikvm: Total arena pages for JIT: 11
07-26 02:07:17.361 24571 24578 I dalvikvm: Total arena pages for JIT: 12
07-26 02:07:17.365 24571 24578 I dalvikvm: Total arena pages for JIT: 13
07-26 02:07:17.365 24571 24578 I dalvikvm: Total arena pages for JIT: 14
07-26 02:07:17.365 24571 24578 I dalvikvm: Total arena pages for JIT: 15
07-26 02:07:17.365 24571 24578 I dalvikvm: Total arena pages for JIT: 16
07-26 02:07:17.369 24571 24578 I dalvikvm: Total arena pages for JIT: 17
07-26 02:07:17.447 24571 24578 I dalvikvm: Total arena pages for JIT: 18
07-26 02:07:17.584 24571 24573 D dalvikvm: GC_CONCURRENT freed 208K, 5% free 10175K/10695K, paused 2ms+3ms
07-26 02:07:17.959 24571 24573 D dalvikvm: GC_CONCURRENT freed 319K, 4% free 10345K/10759K, paused 2ms+3ms
07-26 02:07:19.162   145   363 I ActivityManager: Process com.google.android.apps.maps:FriendService (pid 24592) has died.
07-26 02:07:19.236 24571 24573 D dalvikvm: GC_CONCURRENT freed 490K, 6% free 10345K/10951K, paused 2ms+4ms
07-26 02:07:19.283 24548 24551 D dalvikvm: GC_CONCURRENT freed 458K, 6% free 10031K/10567K, paused 2ms+2ms
07-26 02:07:25.365   321   321 D dalvikvm: GC_EXPLICIT freed <1K, 19% free 10149K/12487K, paused 18ms+2ms
07-26 02:07:30.338 27972 27972 D dalvikvm: GC_EXPLICIT freed 10K, 6% free 9490K/9991K, paused 18ms+3ms
07-26 02:07:35.388   342   342 D dalvikvm: GC_EXPLICIT freed 8K, 9% free 11887K/12935K, paused 16ms+2ms
07-26 02:07:38.986   145 14593 E DhcpStateMachine: DHCP failed on wlan0: Timed out waiting for DHCP Renew to finish
07-26 02:07:39.213   145   199 E WifiStateMachine: IP configuration failed
07-26 02:07:39.279   276   276 I wpa_supplicant: wlan0: CTRL-EVENT-DISCONNECTED bssid=00:00:00:00:00:00 reason=0
07-26 02:07:39.287 18118 18135 D CommandListener: Clearing all IP addresses on wlan0
07-26 02:07:39.295   145   201 D ConnectivityService: ConnectivityChange for WIFI: DISCONNECTED/SCANNING
07-26 02:07:39.303   145   201 D ConnectivityService: Attempting to switch to mobile
07-26 02:07:39.334   145   201 D ConnectivityService: Attempting to switch to WIMAX
07-26 02:07:39.334   145   201 D ConnectivityService: Attempting to switch to BLUETOOTH_TETHER
07-26 02:07:39.338   145   201 E ConnectivityService: Exception trying to remove a route: java.lang.IllegalStateException: Unable to communicate with native dameon to add routes - com.android.server.NativeDaemonConnectorException: Cmd {interface route remove wlan0 default 192.168.0.1 32 0.0.0.0} failed with code 400 : {Failed to remove route from default table (No such process)}
07-26 02:07:39.338   145   201 E ConnectivityService: Exception trying to remove a route: java.lang.IllegalStateException: Unable to communicate with native dameon to add routes - com.android.server.NativeDaemonConnectorException: Cmd {interface route remove wlan0 default 0.0.0.0 0 192.168.0.1} failed with code 400 : {Failed to remove route from default table (No such process)}
07-26 02:07:39.342   145   201 D ConnectivityService: resetConnections(wlan0, 3)
07-26 02:07:39.346   145   201 D NetUtils: android_net_utils_resetConnections in env=0x2fd008 clazz=0x72c00001 iface=wlan0 mask=0x3
07-26 02:07:39.388   145   201 D ConnectivityService: ConnectivityChange for WIMAX: DISCONNECTED/SCANNING
07-26 02:07:39.392   145   201 D ConnectivityService: Attempting to switch to mobile
07-26 02:07:39.396   145   201 D ConnectivityService: Attempting to switch to WIFI
07-26 02:07:39.396   145   201 D ConnectivityService: Attempting to switch to BLUETOOTH_TETHER
07-26 02:07:39.650 18348 18412 W Smack/Packet: notify conn break (IOEx), close connection
07-26 02:07:39.803   276   276 I wpa_supplicant: wlan0: Trying to associate with 94:44:52:17:be:7d (SSID='raikiri' freq=2437 MHz)
07-26 02:07:39.869 18348 18412 I qtaguid : Failed write_ctrl(u 58) res=-1 errno=22
07-26 02:07:39.869 18348 18412 I qtaguid : Untagging socket 58 failed errno=-22
07-26 02:07:39.869 18348 18412 W NetworkManagementSocketTagger: untagSocket(58) failed with errno -22
07-26 02:07:39.877   145   201 D ConnectivityService: handleInetConditionChange: no active default network - ignore
07-26 02:07:39.881   276   276 I wpa_supplicant: wlan0: Associated with 94:44:52:17:be:7d
07-26 02:07:39.904   276   276 I wpa_supplicant: wlan0: CTRL-EVENT-EAP-SUCCESS EAP authentication completed successfully (based on lower layer success)
07-26 02:07:39.951   276   276 I wpa_supplicant: wlan0: WPA: Key negotiation completed with 94:44:52:17:be:7d [PTK=CCMP GTK=CCMP]
07-26 02:07:39.951   276   276 I wpa_supplicant: wlan0: CTRL-EVENT-CONNECTED - Connection to 94:44:52:17:be:7d completed (reauth) [id=2 id_str=]
07-26 02:07:39.990   145   338 I ActivityManager: Start proc android.process.acore for content provider com.android.providers.contacts/.ContactsProvider2: pid=24609 uid=10000 gids={3003, 1015}
07-26 02:07:40.025 24609 24609 I ActivityThread: Pub call_log: com.android.providers.contacts.CallLogProvider
07-26 02:07:40.076 24609 24609 I ActivityThread: Pub com.android.voicemail: com.android.providers.contacts.VoicemailContentProvider
07-26 02:07:40.080 24609 24609 I ActivityThread: Pub user_dictionary: com.android.providers.userdictionary.UserDictionaryProvider
07-26 02:07:40.099 24609 24609 I ActivityThread: Pub com.android.social: com.android.providers.contacts.SocialProvider
07-26 02:07:40.099 24609 24609 I ActivityThread: Pub applications: com.android.providers.applications.ApplicationsProvider
07-26 02:07:40.224   145   145 I ActivityManager: Process com.google.android.apps.maps:LocationFriendService (pid 24548) has died.
07-26 02:07:40.275 24609 24609 I ActivityThread: Pub contacts;com.android.contacts: com.android.providers.contacts.ContactsProvider2
07-26 02:07:40.310 24609 24611 D dalvikvm: GC_CONCURRENT freed 334K, 5% free 9154K/9607K, paused 11ms+1ms
07-26 02:07:40.580 24609 24611 D dalvikvm: GC_CONCURRENT freed 245K, 4% free 9381K/9735K, paused 2ms+2ms
07-26 02:07:40.935   145   199 D DhcpInfoInternal: makeLinkProperties with empty dns2!
07-26 02:07:40.935   145   199 D DhcpInfoInternal: makeLinkProperties with empty dns2!
07-26 02:07:40.947   145   201 D ConnectivityService: ConnectivityChange for WIFI: CONNECTED/CONNECTED
07-26 02:07:40.978 24055 24055 I PhoneLab-WiFiReceiver: Wi-Fi is connected!
07-26 02:07:40.982 24055 24055 I PhoneLab-WiFiReceiver: SSID: raikiri BSSID: 94:44:52:17:be:7d RSSI: -200 LinkSpeed: -1
07-26 02:07:40.982 24055 24055 I PhoneLab-Locks: wake lock acquired
07-26 02:07:41.002   145   196 W NetworkStats: dropping UID delta from unknown iface: iface=wlan0 uid=0 set=DEFAULT tag=0x0 rxBytes=328 rxPackets=1 txBytes=140 txPackets=2 operations=0
07-26 02:07:41.060 24055 24055 I PhoneLab-UploadLogs: Transfering log files now
07-26 02:07:41.201 24055 24057 D dalvikvm: GC_CONCURRENT freed 421K, 6% free 9102K/9607K, paused 4ms+2ms
07-26 02:07:41.357 24055 24057 D dalvikvm: GC_CONCURRENT freed 333K, 5% free 9210K/9671K, paused 2ms+1ms
07-26 02:07:41.377 24055 24055 D dalvikvm: GC_FOR_ALLOC freed 63K, 6% free 9266K/9799K, paused 16ms
07-26 02:07:41.377 24055 24055 I dalvikvm-heap: Grow heap (frag case) to 9.361MB for 254548-byte allocation
07-26 02:07:41.396 24055 24055 D dalvikvm: GC_FOR_ALLOC freed 120K, 7% free 9394K/10055K, paused 12ms
07-26 02:07:41.400 24055 24055 I dalvikvm-heap: Grow heap (frag case) to 9.736MB for 516692-byte allocation
07-26 02:07:41.431 24055 24057 D dalvikvm: GC_CONCURRENT freed 248K, 9% free 9650K/10567K, paused 1ms+1ms
07-26 02:07:41.435 24055 24055 I PhoneLab-UploadLogs: OnStartCommand
07-26 02:07:41.650 24055 24650 D dalvikvm: GC_FOR_ALLOC freed 382K, 9% free 9635K/10567K, paused 45ms
07-26 02:07:41.662 24055 24650 D dalvikvm: GC_FOR_ALLOC freed 301K, 9% free 9636K/10567K, paused 13ms
07-26 02:07:41.685 24055 24650 D dalvikvm: GC_FOR_ALLOC freed 301K, 9% free 9642K/10567K, paused 16ms
07-26 02:07:41.814 24609 24611 D dalvikvm: GC_CONCURRENT freed 163K, 3% free 9631K/9927K, paused 9ms+2ms
07-26 02:07:41.955   145   201 D ConnectivityService: NetTransition Wakelock for WifiStateMachine released by timeout
07-26 02:07:42.017   145 22786 I ActivityManager: Process android.process.acore (pid 24609) has died.
07-26 02:07:42.181   145   147 D dalvikvm: GC_CONCURRENT freed 1836K, 18% free 19295K/23495K, paused 6ms+7ms
07-26 02:07:42.412   145   205 D Tethering: MasterInitialState.processMessage what=3
07-26 02:07:42.494 18348 18348 I GTalkService/c: [AndroidEndpoint@1094234624] connect: acct=1000000, state=CONNECTING
07-26 02:07:42.498 18348 18348 I GTalkService/c: [GTalkConnection@1094373320] connect: acct=1, state=CONNECTING
07-26 02:07:42.517   145   162 I ActivityManager: Start proc android.process.media for broadcast com.android.providers.downloads/.DownloadReceiver: pid=24651 uid=10012 gids={1015, 1023, 1024, 2001, 3003, 3007}
07-26 02:07:42.521   145   205 D Tethering: MasterInitialState.processMessage what=3
07-26 02:07:42.650   145   338 D dalvikvm: GC_EXPLICIT freed 217K, 19% free 19106K/23495K, paused 17ms+18ms
07-26 02:07:42.697 24651 24651 I ActivityThread: Pub downloads: com.android.providers.downloads.DownloadProvider
07-26 02:07:42.728 24651 24651 I ActivityThread: Pub drm: com.android.providers.drm.DrmProvider
07-26 02:07:42.728 24651 24665 I DownloadManager: in removeSpuriousFiles
07-26 02:07:42.740 24651 24651 I ActivityThread: Pub media: com.android.providers.media.MediaProvider
07-26 02:07:42.822 24651 24665 I DownloadManager: in removeSpuriousFiles, preserving file /data/data/com.android.providers.downloads/cache/metadata.json
07-26 02:07:42.822 24651 24665 I DownloadManager: in removeSpuriousFiles, preserving file /data/data/com.android.providers.downloads/cache/en_general.htm
07-26 02:07:42.822 24651 24665 I DownloadManager: in removeSpuriousFiles, preserving file /mnt/sdcard/Download/img-thing.jpeg
07-26 02:07:42.822 24651 24665 I DownloadManager: in removeSpuriousFiles, preserving file /data/data/com.android.providers.downloads/cache/metadata-1.json
07-26 02:07:42.822 24651 24665 I DownloadManager: in removeSpuriousFiles, preserving file /data/data/com.android.providers.downloads/cache/downloadfile.jpeg
07-26 02:07:42.822 24651 24665 I DownloadManager: in removeSpuriousFiles, preserving file /data/data/com.android.providers.downloads/cache/metadata-2.json
07-26 02:07:42.822 24651 24665 I DownloadManager: in removeSpuriousFiles, preserving file /data/data/com.android.providers.downloads/cache/metadata-3.json
07-26 02:07:42.822 24651 24665 I DownloadManager: in removeSpuriousFiles, preserving file /data/data/com.android.providers.downloads/cache/downloadfile-1.jpeg
07-26 02:07:42.822 24651 24665 I DownloadManager: in removeSpuriousFiles, preserving file /data/data/com.android.providers.downloads/cache/downloadfile-2.jpeg
07-26 02:07:42.822 24651 24665 I DownloadManager: in removeSpuriousFiles, preserving file /data/data/com.android.providers.downloads/cache/metadata-4.json
07-26 02:07:42.826 24651 24665 I DownloadManager: in removeSpuriousFiles, preserving file /data/data/com.android.providers.downloads/cache/metadata-5.json
07-26 02:07:42.830 24651 24665 I DownloadManager: in removeSpuriousFiles, preserving file /data/data/com.android.providers.downloads/cache/metadata-6.json
07-26 02:07:42.830 24651 24665 I DownloadManager: in removeSpuriousFiles, preserving file /data/data/com.android.providers.downloads/cache/metadata-7.json
07-26 02:07:42.830 24651 24665 I DownloadManager: in removeSpuriousFiles, preserving file /data/data/com.android.providers.downloads/cache/metadata-8.json
07-26 02:07:42.830 24651 24665 I DownloadManager: deleting spurious file /cache/backup
07-26 02:07:43.006 24651 24653 D dalvikvm: GC_CONCURRENT freed 376K, 5% free 9160K/9607K, paused 1ms+3ms
07-26 02:07:43.111   145   363 I ActivityManager: Start proc com.google.android.apps.uploader for broadcast com.google.android.apps.uploader/.ConnectivityBroadcastReceiver: pid=24669 uid=10030 gids={3003}
07-26 02:07:43.119 24669 24669 I dalvikvm: Turning on JNI app bug workarounds for target SDK version 11...
07-26 02:07:43.174 24669 24669 I ActivityThread: Pub com.google.android.apps.uploader: com.google.android.apps.uploader.UploadsContentProvider
07-26 02:07:43.174 24669 24669 I ActivityThread: Pub com.google.photos.provider.Album: com.google.android.apps.uploader.clients.picasa.AlbumProvider
07-26 02:07:43.181 24669 24669 D MediaUploader: UploaderApplication.onCreate
07-26 02:07:43.228 24669 24669 D MediaUploader: nonWifiLimit=20971520, default=20971520
07-26 02:07:43.232 24669 24669 I MediaUploader: No need to wake up
07-26 02:07:43.236 24055 24055 I PhoneLab-WiFiReceiver: Wi-Fi is disconnected!
07-26 02:07:43.248   145 22786 I ActivityManager: Start proc com.google.android.apps.plus for broadcast com.google.android.apps.plus/com.google.android.picasasync.ConnectivityReceiver: pid=24685 uid=10060 gids={3003, 3002, 1015, 1006}
07-26 02:07:43.517 24685 24687 D dalvikvm: GC_CONCURRENT freed 169K, 3% free 9366K/9607K, paused 5ms+2ms
07-26 02:07:43.693 24685 24685 I ActivityThread: Pub com.google.android.apps.plus.content.ApiProvider: com.google.android.apps.plus.content.EsApiProvider
07-26 02:07:43.732 24685 24685 I ActivityThread: Pub com.google.android.apps.plus.content.EsGooglePhotoProvider: com.google.android.picasasync.PicasaContentProvider
07-26 02:07:43.873 24685 24687 D dalvikvm: GC_CONCURRENT freed 336K, 5% free 9580K/9991K, paused 1ms+2ms
07-26 02:07:43.900 24685 24685 I ActivityThread: Pub com.google.android.apps.plus.content.EsPicasaStoreProvider: com.google.android.picasastore.PicasaPhotoContentProvider
07-26 02:07:43.920 24685 24685 I ActivityThread: Pub com.google.plus.platform: com.google.android.apps.plus.content.AdsProvider
07-26 02:07:43.920 24685 24685 I ActivityThread: Pub com.google.android.apps.plus.iu.EsGoogleIuProvider: com.google.android.apps.plus.iu.InstantUploadProvider
07-26 02:07:43.994   145   205 D Tethering: MasterInitialState.processMessage what=3
07-26 02:07:44.017 24685 24687 D dalvikvm: GC_CONCURRENT freed 501K, 6% free 9607K/10183K, paused 5ms+2ms
07-26 02:07:44.025 24685 24685 I ActivityThread: Pub com.google.android.apps.plus.content.EsProvider: com.google.android.apps.plus.content.EsProvider
07-26 02:07:44.131   145   421 I ActivityManager: Start proc com.google.android.apps.docs for broadcast com.google.android.apps.docs/.receivers.NetworkChangeReceiver: pid=24705 uid=10077 gids={3003, 1015, 1006}
07-26 02:07:44.275 24685 24699 D PicasaPhotoCP: set fsid first time:-1
07-26 02:07:44.275 24685 24704 D PicasaSync: sync account database
07-26 02:07:44.303 24685 24687 D dalvikvm: GC_CONCURRENT freed 314K, 5% free 9831K/10247K, paused 46ms+2ms
07-26 02:07:44.451 24685 24704 D PicasaSync: accounts in DB=1
07-26 02:07:44.455 24685 24704 D PicasaSyncManager: active network: NetworkInfo: type: WIFI[], state: CONNECTED/CONNECTED, reason: (unspecified), extra: (none), roaming: false, failover: false, isAvailable: true
07-26 02:07:44.455 24685 24704 D PicasaSyncManager: background data: true
07-26 02:07:44.533 24685 24704 D PicasaSyncManager: battery info: true
07-26 02:07:44.638 24705 24705 I PackageInfoHelper: Provided clientMode=RELEASE, packageInfo=PackageInfo{413643f8 com.google.android.apps.docs}
07-26 02:07:44.638 24705 24705 I ActivityThread: Pub com.google.android.apps.docs.files: com.google.android.apps.docs.sync.filemanager.FileProvider
07-26 02:07:44.646 24705 24705 I ActivityThread: Pub com.google.android.apps.docs.doclist.search_suggest: com.google.android.apps.docs.doclist.DocListGlobalSearchSuggestionProvider
07-26 02:07:44.658 18348 18355 I dalvikvm: Jit: resizing JitTable from 4096 to 8192
07-26 02:07:44.693   145  1302 I ActivityManager: Process com.google.android.apps.uploader (pid 24669) has died.
07-26 02:07:44.732 24685 24687 D dalvikvm: GC_CONCURRENT freed 177K, 3% free 10093K/10375K, paused 3ms+2ms
07-26 02:07:44.787 24705 24707 D dalvikvm: GC_CONCURRENT freed 225K, 4% free 9311K/9607K, paused 2ms+2ms
07-26 02:07:45.224 24055 24055 I PhoneLab-: 1343282775543.log is deleted
07-26 02:07:45.224 24055 24055 I PhoneLab-: Response: {"data": "done", "err": ""}
07-26 02:07:45.232 24685 24687 D dalvikvm: GC_CONCURRENT freed 145K, 3% free 10365K/10631K, paused 2ms+109ms
07-26 02:07:45.271 24705 24707 D dalvikvm: GC_CONCURRENT freed 465K, 6% free 9389K/9927K, paused 1ms+2ms
07-26 02:07:45.283 24055 24055 I PhoneLab-UploadLogs: No log files to transfer
07-26 02:07:45.291 24055 24055 I PhoneLab-Locks: wake lock released
07-26 02:07:45.326 18348 18351 D dalvikvm: GC_CONCURRENT freed 401K, 6% free 10036K/10567K, paused 250ms+80ms
07-26 02:07:45.357 24705 24707 D dalvikvm: GC_CONCURRENT freed 499K, 6% free 9416K/9991K, paused 1ms+2ms
07-26 02:07:45.439 24705 24707 D dalvikvm: GC_CONCURRENT freed 532K, 7% free 9447K/10055K, paused 1ms+2ms
07-26 02:07:45.517 24705 24707 D dalvikvm: GC_CONCURRENT freed 484K, 6% free 9475K/10055K, paused 2ms+2ms
07-26 02:07:45.619 24705 24707 D dalvikvm: GC_CONCURRENT freed 517K, 6% free 9527K/10119K, paused 2ms+3ms
07-26 02:07:45.654 24685 24701 D dalvikvm: GC_FOR_ALLOC freed 250K, 5% free 10420K/10887K, paused 51ms
07-26 02:07:45.760 24705 24707 D dalvikvm: GC_CONCURRENT freed 367K, 5% free 9638K/10119K, paused 2ms+2ms
07-26 02:07:45.795 24685 24701 D dalvikvm: GC_FOR_ALLOC freed 62K, 5% free 10484K/11015K, paused 49ms
07-26 02:07:45.834 24685 24701 I dalvikvm-heap: Grow heap (frag case) to 10.555MB for 260112-byte allocation
07-26 02:07:45.881 24705 24705 D ContextScopeImpl: in ContextScope.getContextOrDefault for thread=1
07-26 02:07:45.881 24705 24705 D ContextScopeImpl: returning application context for thread=1
07-26 02:07:45.900 24705 24707 D dalvikvm: GC_CONCURRENT freed 387K, 5% free 9753K/10247K, paused 2ms+2ms
07-26 02:07:45.900 24685 24701 D dalvikvm: GC_FOR_ALLOC freed 126K, 6% free 10612K/11271K, paused 39ms
07-26 02:07:45.924 24705 24705 I FeatureCheckerImpl: Configured disabled features: []
07-26 02:07:45.924 24705 24705 D ContextScopeImpl: in ContextScope.getContextOrDefault for thread=1
07-26 02:07:45.924 24705 24705 D ContextScopeImpl: returning application context for thread=1
07-26 02:07:45.939 24705 24705 D ContextScopeImpl: in ContextScope.enter for thread=1
07-26 02:07:45.939 24705 24705 W ContextScopeImpl: thread=1 tried to enter the scope of the application context. Ignored.
07-26 02:07:45.939 24705 24705 D ContextScopeImpl: in ContextScope.getContextOrDefault for thread=1
07-26 02:07:45.939 24705 24705 D ContextScopeImpl: returning application context for thread=1
07-26 02:07:45.943 24705 24705 D DocListDatabase: openHelper points on new database: DocList.db
07-26 02:07:45.943 24705 24705 D DocListDatabase: in openWriteDatabase
07-26 02:07:45.959 24705 24705 I ActivityThread: Pub com.google.android.apps.docs.doclist.account_suggest: com.google.android.apps.docs.doclist.DocListAccountSuggestionProvider
07-26 02:07:45.963 24685 24701 D dalvikvm: GC_FOR_ALLOC freed 311K, 6% free 10605K/11271K, paused 36ms
07-26 02:07:45.971 24705 24705 D ContextScopeImpl: in ContextScope.enter for thread=1
07-26 02:07:45.971 24705 24705 W ContextScopeImpl: thread=1 tried to enter the scope of the application context. Ignored.
07-26 02:07:45.971 24705 24705 I ActivityThread: Pub com.google.android.apps.docs: com.google.android.apps.docs.providers.DocListProvider
07-26 02:07:45.974 24705 24705 D ContextScopeImpl: in ContextScope.enter for thread=1
07-26 02:07:45.974 24705 24705 W ContextScopeImpl: thread=1 tried to enter the scope of the application context. Ignored.
07-26 02:07:45.990 24705 24705 W ContextScopeImpl: thread=1 tried to enter the scope of the application context. Ignored.
07-26 02:07:46.006 24705 24725 W ContextScopeImpl: thread=11094 tried to enter the scope of the application context. Ignored.
07-26 02:07:46.010   145   326 I ActivityManager: Process com.google.android.apps.plus (pid 24685) has died.
07-26 02:07:46.080 24705 24705 W ContextScopeImpl: thread=1 tried to enter the scope of the application context. Ignored.
07-26 02:07:46.096   145   338 I ActivityManager: Start proc com.google.android.youtube for broadcast com.google.android.youtube/.app.prefetch.PrefetchService$DeviceStateReceiver: pid=24728 uid=10057 gids={3003, 1015, 1006}
07-26 02:07:46.131    79    79 D dalvikvm: GC_EXPLICIT freed 38K, 4% free 9031K/9347K, paused 3ms+1ms
07-26 02:07:46.166    79    79 D dalvikvm: GC_EXPLICIT freed <1K, 4% free 9031K/9347K, paused 1ms+2ms
07-26 02:07:46.189    79    79 D dalvikvm: GC_EXPLICIT freed <1K, 4% free 9031K/9347K, paused 2ms+2ms
07-26 02:07:46.295 24728 24730 D dalvikvm: GC_CONCURRENT freed 177K, 3% free 9359K/9607K, paused 2ms+2ms
07-26 02:07:46.381   145   379 I ActivityManager: Start proc android.process.acore for content provider com.android.providers.contacts/.ContactsProvider2: pid=24742 uid=10000 gids={3003, 1015}
07-26 02:07:46.392 24728 24728 I ActivityThread: Pub com.google.android.youtube.SuggestionProvider: com.google.android.youtube.core.suggest.SuggestionProvider
07-26 02:07:46.431   145   363 I ActivityManager: Process com.google.android.apps.docs (pid 24705) has died.
07-26 02:07:46.439 24742 24742 I ActivityThread: Pub call_log: com.android.providers.contacts.CallLogProvider
07-26 02:07:46.486 24742 24742 I ActivityThread: Pub com.android.voicemail: com.android.providers.contacts.VoicemailContentProvider
07-26 02:07:46.490 24742 24742 I ActivityThread: Pub user_dictionary: com.android.providers.userdictionary.UserDictionaryProvider
07-26 02:07:46.506 24742 24742 I ActivityThread: Pub com.android.social: com.android.providers.contacts.SocialProvider
07-26 02:07:46.510 24742 24742 I ActivityThread: Pub applications: com.android.providers.applications.ApplicationsProvider
07-26 02:07:46.611   145   201 D ConnectivityService: handleInetConditionHoldEnd: net=1, condition=100, published condition=0
07-26 02:07:46.701 24742 24742 I ActivityThread: Pub contacts;com.android.contacts: com.android.providers.contacts.ContactsProvider2
07-26 02:07:46.740   145   326 I ActivityManager: Process android.process.media (pid 24651) has died.
07-26 02:07:46.775 24742 24744 D dalvikvm: GC_CONCURRENT freed 348K, 5% free 9188K/9607K, paused 2ms+2ms
07-26 02:07:47.072 24728 24730 D dalvikvm: GC_CONCURRENT freed 358K, 5% free 9498K/9991K, paused 68ms+2ms
07-26 02:07:47.072 24728 24737 W CursorWrapperInner: Cursor finalized without prior close()
07-26 02:07:47.072 24728 24737 W CursorWrapperInner: Cursor finalized without prior close()
07-26 02:07:47.197 24728 24730 D dalvikvm: GC_CONCURRENT freed 229K, 4% free 9702K/10055K, paused 2ms+2ms
07-26 02:07:47.357   145   157 I ActivityManager: Start proc android.process.media for broadcast com.android.providers.downloads/.DownloadReceiver: pid=24785 uid=10012 gids={1015, 1023, 1024, 2001, 3003, 3007}
07-26 02:07:47.424 24785 24785 I ActivityThread: Pub downloads: com.android.providers.downloads.DownloadProvider
07-26 02:07:47.502 24785 24785 I ActivityThread: Pub drm: com.android.providers.drm.DrmProvider
07-26 02:07:47.502 24785 24800 I DownloadManager: in removeSpuriousFiles
07-26 02:07:47.521 24785 24785 I ActivityThread: Pub media: com.android.providers.media.MediaProvider
07-26 02:07:47.584 24785 24800 I DownloadManager: in removeSpuriousFiles, preserving file /data/data/com.android.providers.downloads/cache/metadata.json
07-26 02:07:47.584 24785 24800 I DownloadManager: in removeSpuriousFiles, preserving file /data/data/com.android.providers.downloads/cache/en_general.htm
07-26 02:07:47.584 24785 24800 I DownloadManager: in removeSpuriousFiles, preserving file /mnt/sdcard/Download/img-thing.jpeg
07-26 02:07:47.584 24785 24800 I DownloadManager: in removeSpuriousFiles, preserving file /data/data/com.android.providers.downloads/cache/metadata-1.json
07-26 02:07:47.584 24785 24800 I DownloadManager: in removeSpuriousFiles, preserving file /data/data/com.android.providers.downloads/cache/downloadfile.jpeg
07-26 02:07:47.584 24785 24800 I DownloadManager: in removeSpuriousFiles, preserving file /data/data/com.android.providers.downloads/cache/metadata-2.json
07-26 02:07:47.584 24785 24800 I DownloadManager: in removeSpuriousFiles, preserving file /data/data/com.android.providers.downloads/cache/metadata-3.json
07-26 02:07:47.584 24785 24800 I DownloadManager: in removeSpuriousFiles, preserving file /data/data/com.android.providers.downloads/cache/downloadfile-1.jpeg
07-26 02:07:47.584 24785 24800 I DownloadManager: in removeSpuriousFiles, preserving file /data/data/com.android.providers.downloads/cache/downloadfile-2.jpeg
07-26 02:07:47.584 24785 24800 I DownloadManager: in removeSpuriousFiles, preserving file /data/data/com.android.providers.downloads/cache/metadata-4.json
07-26 02:07:47.584 24785 24800 I DownloadManager: in removeSpuriousFiles, preserving file /data/data/com.android.providers.downloads/cache/metadata-5.json
07-26 02:07:47.584 24785 24800 I DownloadManager: in removeSpuriousFiles, preserving file /data/data/com.android.providers.downloads/cache/metadata-6.json
07-26 02:07:47.584 24785 24800 I DownloadManager: in removeSpuriousFiles, preserving file /data/data/com.android.providers.downloads/cache/metadata-7.json
07-26 02:07:47.584 24785 24800 I DownloadManager: in removeSpuriousFiles, preserving file /data/data/com.android.providers.downloads/cache/metadata-8.json
07-26 02:07:47.592 24785 24800 I DownloadManager: deleting spurious file /cache/backup
07-26 02:07:47.709   145   157 I ActivityManager: Process com.facebook.orca (pid 24439) has died.
07-26 02:07:47.709   145   157 W ActivityManager: Scheduling restart of crashed service com.facebook.orca/.push.mqtt.MqttPushService in 5000ms
07-26 02:07:48.056 24785 24786 D dalvikvm: GC_CONCURRENT freed 366K, 5% free 9167K/9607K, paused 12ms+49ms
07-26 02:07:48.092 24742 24744 D dalvikvm: GC_CONCURRENT freed 230K, 4% free 9430K/9735K, paused 2ms+2ms
07-26 02:07:48.185   145   363 I ActivityManager: Start proc com.google.android.apps.uploader for broadcast com.google.android.apps.uploader/.ConnectivityBroadcastReceiver: pid=24807 uid=10030 gids={3003}
07-26 02:07:48.193 24807 24807 I dalvikvm: Turning on JNI app bug workarounds for target SDK version 11...
07-26 02:07:48.240 24807 24807 I ActivityThread: Pub com.google.android.apps.uploader: com.google.android.apps.uploader.UploadsContentProvider
07-26 02:07:48.244 24807 24807 I ActivityThread: Pub com.google.photos.provider.Album: com.google.android.apps.uploader.clients.picasa.AlbumProvider
07-26 02:07:48.248 24807 24807 D MediaUploader: UploaderApplication.onCreate
07-26 02:07:48.338 24728 24730 D dalvikvm: GC_CONCURRENT freed 276K, 4% free 9880K/10247K, paused 31ms+6ms
07-26 02:07:48.377 24807 24807 D MediaUploader: nonWifiLimit=20971520, default=20971520
07-26 02:07:48.381 24807 24807 I MediaUploader: No need to wake up
07-26 02:07:48.396   145  1303 I ActivityManager: Start proc com.google.android.apps.plus for broadcast com.google.android.apps.plus/com.google.android.picasasync.ConnectivityReceiver: pid=24823 uid=10060 gids={3003, 3002, 1015, 1006}
07-26 02:07:48.615 24823 24826 D dalvikvm: GC_CONCURRENT freed 157K, 3% free 9379K/9607K, paused 1ms+3ms
07-26 02:07:48.826 24823 24823 I ActivityThread: Pub com.google.android.apps.plus.content.ApiProvider: com.google.android.apps.plus.content.EsApiProvider
07-26 02:07:48.849 24823 24823 I ActivityThread: Pub com.google.android.apps.plus.content.EsGooglePhotoProvider: com.google.android.picasasync.PicasaContentProvider
07-26 02:07:48.935 24823 24826 D dalvikvm: GC_CONCURRENT freed 336K, 5% free 9580K/9991K, paused 2ms+2ms
07-26 02:07:48.967 24823 24823 I ActivityThread: Pub com.google.android.apps.plus.content.EsPicasaStoreProvider: com.google.android.picasastore.PicasaPhotoContentProvider
07-26 02:07:48.994 24823 24823 I ActivityThread: Pub com.google.plus.platform: com.google.android.apps.plus.content.AdsProvider
07-26 02:07:48.994 24823 24823 I ActivityThread: Pub com.google.android.apps.plus.iu.EsGoogleIuProvider: com.google.android.apps.plus.iu.InstantUploadProvider
07-26 02:07:49.017   145  1302 I ActivityManager: Process android.process.media (pid 24785) has died.
07-26 02:07:49.084 24823 24826 D dalvikvm: GC_CONCURRENT freed 501K, 6% free 9607K/10183K, paused 2ms+2ms
07-26 02:07:49.092 24823 24823 I ActivityThread: Pub com.google.android.apps.plus.content.EsProvider: com.google.android.apps.plus.content.EsProvider
07-26 02:07:49.135   145   421 I ActivityManager: Start proc android.process.media for content provider com.android.providers.media/.MediaProvider: pid=24840 uid=10012 gids={1015, 1023, 1024, 2001, 3003, 3007}
07-26 02:07:49.209 24840 24840 I ActivityThread: Pub downloads: com.android.providers.downloads.DownloadProvider
07-26 02:07:49.209   145   423 I ActivityManager: Start proc com.google.android.apps.docs for broadcast com.google.android.apps.docs/.receivers.NetworkChangeReceiver: pid=24854 uid=10077 gids={3003, 1015, 1006}
07-26 02:07:49.240   145 22258 I ActivityManager: Process com.google.android.apps.uploader (pid 24807) has died.
07-26 02:07:49.349 24840 24840 I ActivityThread: Pub drm: com.android.providers.drm.DrmProvider
07-26 02:07:49.349 24840 24870 I DownloadManager: in removeSpuriousFiles
07-26 02:07:49.361 24840 24840 I ActivityThread: Pub media: com.android.providers.media.MediaProvider
07-26 02:07:49.385 24823 24860 D PicasaSync: sync account database
07-26 02:07:49.471 24840 24870 I DownloadManager: in removeSpuriousFiles, preserving file /data/data/com.android.providers.downloads/cache/metadata.json
07-26 02:07:49.474 24840 24870 I DownloadManager: in removeSpuriousFiles, preserving file /data/data/com.android.providers.downloads/cache/en_general.htm
07-26 02:07:49.474 24840 24870 I DownloadManager: in removeSpuriousFiles, preserving file /mnt/sdcard/Download/img-thing.jpeg
07-26 02:07:49.474 24840 24870 I DownloadManager: in removeSpuriousFiles, preserving file /data/data/com.android.providers.downloads/cache/metadata-1.json
07-26 02:07:49.474 24840 24870 I DownloadManager: in removeSpuriousFiles, preserving file /data/data/com.android.providers.downloads/cache/downloadfile.jpeg
07-26 02:07:49.474 24840 24870 I DownloadManager: in removeSpuriousFiles, preserving file /data/data/com.android.providers.downloads/cache/metadata-2.json
07-26 02:07:49.474 24840 24870 I DownloadManager: in removeSpuriousFiles, preserving file /data/data/com.android.providers.downloads/cache/metadata-3.json
07-26 02:07:49.474 24840 24870 I DownloadManager: in removeSpuriousFiles, preserving file /data/data/com.android.providers.downloads/cache/downloadfile-1.jpeg
07-26 02:07:49.474 24840 24870 I DownloadManager: in removeSpuriousFiles, preserving file /data/data/com.android.providers.downloads/cache/downloadfile-2.jpeg
07-26 02:07:49.474 24840 24870 I DownloadManager: in removeSpuriousFiles, preserving file /data/data/com.android.providers.downloads/cache/metadata-4.json
07-26 02:07:49.474 24840 24870 I DownloadManager: in removeSpuriousFiles, preserving file /data/data/com.android.providers.downloads/cache/metadata-5.json
07-26 02:07:49.474 24840 24870 I DownloadManager: in removeSpuriousFiles, preserving file /data/data/com.android.providers.downloads/cache/metadata-6.json
07-26 02:07:49.474 24840 24870 I DownloadManager: in removeSpuriousFiles, preserving file /data/data/com.android.providers.downloads/cache/metadata-7.json
07-26 02:07:49.474 24840 24870 I DownloadManager: in removeSpuriousFiles, preserving file /data/data/com.android.providers.downloads/cache/metadata-8.json
07-26 02:07:49.494 24854 24854 I PackageInfoHelper: Provided clientMode=RELEASE, packageInfo=PackageInfo{41360ca0 com.google.android.apps.docs}
07-26 02:07:49.494 24854 24854 I ActivityThread: Pub com.google.android.apps.docs.files: com.google.android.apps.docs.sync.filemanager.FileProvider
07-26 02:07:49.498 24854 24854 I ActivityThread: Pub com.google.android.apps.docs.doclist.search_suggest: com.google.android.apps.docs.doclist.DocListGlobalSearchSuggestionProvider
07-26 02:07:49.517   145   157 I ActivityManager: Process com.google.android.apps.plus (pid 24823) has died.
07-26 02:07:49.545 24840 24870 I DownloadManager: deleting spurious file /cache/backup
07-26 02:07:49.685 24854 24855 D dalvikvm: GC_CONCURRENT freed 227K, 4% free 9308K/9607K, paused 2ms+3ms
