07-17 00:36:42.180 31301 31314 I DownloadManager: in removeSpuriousFiles, preserving file /data/data/com.android.providers.downloads/cache/metadata-3.json
07-17 00:36:42.180 31301 31314 I DownloadManager: in removeSpuriousFiles, preserving file /data/data/com.android.providers.downloads/cache/downloadfile-1.jpeg
07-17 00:36:42.180 31301 31314 I DownloadManager: in removeSpuriousFiles, preserving file /data/data/com.android.providers.downloads/cache/downloadfile-2.jpeg
07-17 00:36:42.180 31301 31314 I DownloadManager: in removeSpuriousFiles, preserving file /data/data/com.android.providers.downloads/cache/metadata-4.json
07-17 00:36:42.180 31301 31314 I DownloadManager: in removeSpuriousFiles, preserving file /data/data/com.android.providers.downloads/cache/metadata-5.json
07-17 00:36:42.180 31301 31314 I DownloadManager: in removeSpuriousFiles, preserving file /data/data/com.android.providers.downloads/cache/metadata-6.json
07-17 00:36:42.184 31301 31314 I DownloadManager: deleting spurious file /cache/backup
07-17 00:36:42.723 31275 31275 D vclib:CallStateClient: startListening
07-17 00:36:42.813   144 31274 I ActivityManager: Applications Memory Usage (kB):
07-17 00:36:42.813   144 31274 I ActivityManager: Uptime: 89722630 Realtime: 116675185
07-17 00:36:42.813   144 31274 I ActivityManager: Total PSS by OOM adjustment:
07-17 00:36:42.813   144 31274 I ActivityManager:     28030 kB: System
07-17 00:36:42.813   144 31274 I ActivityManager:                28030 kB: system (pid 144)
07-17 00:36:42.813   144 31274 I ActivityManager:     26774 kB: Persistent
07-17 00:36:42.813   144 31274 I ActivityManager:                11596 kB: com.android.systemui (pid 215)
07-17 00:36:42.813   144 31274 I ActivityManager:                11354 kB: com.android.phone (pid 346)
07-17 00:36:42.813   144 31274 I ActivityManager:                 3824 kB: com.android.nfc (pid 359)
07-17 00:36:42.813   144 31274 I ActivityManager:     31731 kB: Foreground
07-17 00:36:42.813   144 31274 I ActivityManager:                31731 kB: com.android.launcher (pid 371)
07-17 00:36:42.813   144 31274 I ActivityManager:     36778 kB: Visible
07-17 00:36:42.813   144 31274 I ActivityManager:                29613 kB: com.twitter.android (pid 22929)
07-17 00:36:42.813   144 31274 I ActivityManager:                 4341 kB: com.google.android.gsf.login (pid 13970)
07-17 00:36:42.813   144 31274 I ActivityManager:                 2824 kB: com.android.smspush (pid 435)
07-17 00:36:42.813   144 31274 I ActivityManager:      6995 kB: Perceptible
07-17 00:36:42.813   144 31274 I ActivityManager:                 6995 kB: com.klye.ime.latin (pid 321)
07-17 00:36:42.813   144 31274 I ActivityManager:     32609 kB: A Services
07-17 00:36:42.813   144 31274 I ActivityManager:                11573 kB: com.facebook.katana (pid 31153)
07-17 00:36:42.813   144 31274 I ActivityManager:                 9811 kB: com.google.process.gapps (pid 27911)
07-17 00:36:42.813   144 31274 I ActivityManager:                 7378 kB: com.google.android.apps.maps:NetworkLocationService (pid 29971)
07-17 00:36:42.813   144 31274 I ActivityManager:                 3847 kB: edu.buffalo.cse.phonelab.phonelabservices (pid 29897)
07-17 00:36:42.813   144 31274 I ActivityManager:     79478 kB: Previous
07-17 00:36:42.813   144 31274 I ActivityManager:                79478 kB: org.mozilla.firefox_beta (pid 27300)
07-17 00:36:42.813   144 31274 I ActivityManager:     25076 kB: B Services
07-17 00:36:42.813   144 31274 I ActivityManager:                 7291 kB: com.whatsapp (pid 31105)
07-17 00:36:42.813   144 31274 I ActivityManager:                 6474 kB: com.google.android.apps.maps (pid 30912)
07-17 00:36:42.813   144 31274 I ActivityManager:                 5091 kB: com.google.android.apps.googlevoice (pid 30007)
07-17 00:36:42.813   144 31274 I ActivityManager:                 3497 kB: com.apksoftware.compass (pid 29843)
07-17 00:36:42.813   144 31274 I ActivityManager:                 2723 kB: com.android.sprintmenu (pid 29955)
07-17 00:36:42.813   144 31274 I ActivityManager: 
07-17 00:36:42.813   144 31274 I ActivityManager: Total PSS: 267471 kB
07-17 00:36:42.813   144 31274 I ActivityManager:   PID      Vss      Rss      Pss      Uss  cmdline
07-17 00:36:42.813   144 31274 I ActivityManager: 27300   97272K   97184K   79444K   78268K  org.mozilla.firefox_beta
07-17 00:36:42.813   144 31274 I ActivityManager:   144   47172K   47112K   29173K   26788K  system_server
07-17 00:36:42.813   144 31274 I ActivityManager: 22929   47888K   47824K   29062K   27384K  com.twitter.android
07-17 00:36:42.813   144 31274 I ActivityManager:   371   40372K   40280K   21604K   19368K  com.android.launcher
07-17 00:36:42.813   144 31274 I ActivityManager:    78   21156K   18156K   12049K    6812K  /system/bin/surfaceflinger
07-17 00:36:42.813   144 31274 I ActivityManager:   215   31248K   31024K   11418K    7352K  com.android.systemui
07-17 00:36:42.813   144 31274 I ActivityManager: 31153   31276K   31204K   11350K    9464K  com.facebook.katana
07-17 00:36:42.813   144 31274 I ActivityManager:   346   26952K   26876K   11339K   10452K  com.android.phone
07-17 00:36:42.813   144 31274 I ActivityManager: 27911   27820K   27732K    9882K    8724K  com.google.process.gapps
07-17 00:36:42.813   144 31274 I ActivityManager: 31275   28436K   28380K    8151K    6056K  com.google.android.talk
07-17 00:36:42.813   144 31274 I ActivityManager: 29971   26040K   25948K    7470K    6108K  com.google.android.apps.maps:NetworkLocationService
07-17 00:36:42.813   144 31274 I ActivityManager:   321   23176K   23064K    6991K    6020K  com.klye.ime.latin
07-17 00:36:42.813   144 31274 I ActivityManager: 30912   25972K   25908K    6566K    5168K  com.google.android.apps.maps
07-17 00:36:42.813   144 31274 I ActivityManager: 30007   23824K   23728K    5202K    4000K  com.google.android.apps.googlevoice
07-17 00:36:42.813   144 31274 I ActivityManager: 13970   20480K   20380K    4364K    3452K  com.google.android.gsf.login
07-17 00:36:42.813   144 31274 I ActivityManager:   359   19760K   19664K    3913K    3028K  com.android.nfc
07-17 00:36:42.813   144 31274 I ActivityManager: 29897   22708K   22608K    3777K    2416K  edu.buffalo.cse.phonelab.phonelabservices
07-17 00:36:42.813   144 31274 I ActivityManager: 29843   22364K   22264K    3621K    2376K  com.apksoftware.compass
07-17 00:36:42.813   144 31274 I ActivityManager:   435   19072K   18960K    2869K    1872K  com.android.smspush
07-17 00:36:42.813   144 31274 I ActivityManager: 29955   21128K   21024K    2846K    1644K  com.android.sprintmenu
07-17 00:36:42.813   144 31274 I ActivityManager:    79   18944K   18816K    2298K    1136K  zygote
07-17 00:36:42.813   144 31274 I ActivityManager:    81    2128K    2128K    1728K    1688K  /system/bin/mediaserver
07-17 00:36:42.813   144 31274 I ActivityManager:    80    1168K    1168K     886K     876K  /system/bin/drmserver
07-17 00:36:42.813   144 31274 I ActivityManager:  1395     992K     988K     844K     840K  logcat
07-17 00:36:42.813   144 31274 I ActivityManager:    77    1092K    1092K     773K     756K  /system/bin/rild
07-17 00:36:42.813   144 31274 I ActivityManager: 31293     808K     800K     653K     624K  procrank
07-17 00:36:42.813   144 31274 I ActivityManager:   275     768K     764K     471K     440K  /system/bin/wpa_supplicant
07-17 00:36:42.813   144 31274 I ActivityManager: 30653     588K     588K     397K     384K  /system/bin/netd
07-17 00:36:42.813   144 31274 I ActivityManager:    86     492K     488K     283K     276K  /system/vendor/bin/gpsd
07-17 00:36:42.813   144 31274 I ActivityManager:   292     428K     428K     280K     276K  /system/bin/bluetoothd
07-17 00:36:42.813   144 31274 I ActivityManager:    72     432K     428K     276K     268K  /system/bin/vold
07-17 00:36:42.813   144 31274 I ActivityManager:    88     240K     240K     224K     224K  /sbin/adbd
07-17 00:36:42.813   144 31274 I ActivityManager: 22824     352K     348K     196K     192K  /system/bin/dhcpcd
07-17 00:36:42.813   144 31274 I ActivityManager:    85     260K     252K     162K     160K  /system/bin/keystore
07-17 00:36:42.813   144 31274 I ActivityManager:    82     288K     280K     155K     152K  /system/bin/dbus-daemon
07-17 00:36:42.813   144 31274 I ActivityManager:     1     204K     204K     142K     104K  /init
07-17 00:36:42.813   144 31274 I ActivityManager:    61     160K     160K     122K      84K  /sbin/ueventd
07-17 00:36:42.813   144 31274 I ActivityManager:    87     204K     200K     106K     104K  /system/bin/sh
07-17 00:36:42.813   144 31274 I ActivityManager:   203     224K     216K     103K     100K  /system/bin/brcm_patchram_plus
07-17 00:36:42.813   144 31274 I ActivityManager:    83     240K     232K      
07-17 00:36:43.024 31275 31275 D libEGL  : loaded /system/lib/egl/libGLES_android.so
07-17 00:36:43.059 31275 31275 D libEGL  : loaded /vendor/lib/egl/libEGL_POWERVR_SGX540_120.so
07-17 00:36:43.079 31301 31303 D dalvikvm: GC_CONCURRENT freed 311K, 5% free 9184K/9607K, paused 8ms+2ms
07-17 00:36:43.087 31275 31275 D libEGL  : loaded /vendor/lib/egl/libGLESv1_CM_POWERVR_SGX540_120.so
07-17 00:36:43.090 31275 31275 D libEGL  : loaded /vendor/lib/egl/libGLESv2_POWERVR_SGX540_120.so
07-17 00:36:43.196 31275 31275 D OpenGLRenderer: Enabling debug mode 0
07-17 00:36:43.247 31275 31320 E talk    : [Databaseutils] pruneOldMessageHistory
07-17 00:36:43.317   144   175 I ActivityManager: Displayed com.google.android.talk/.SigningInActivity: +3s358ms
07-17 00:36:43.356   371   371 D OpenGLRenderer: Flushing caches (mode 2)
07-17 00:36:43.368   371   371 D OpenGLRenderer: Flushing caches (mode 0)
07-17 00:36:43.454   144   390 I ActivityManager: Process org.mozilla.firefox_beta (pid 27300) has died.
07-17 00:36:43.454   144   390 I WindowManager: WIN DEATH: Window{4180b060 org.mozilla.firefox_beta/org.mozilla.firefox_beta.App paused=false}
07-17 00:36:43.454   144   390 W WindowManager: Force-removing child win Window{418fea30 SurfaceView paused=false} from container Window{4180b060 org.mozilla.firefox_beta/org.mozilla.firefox_beta.App paused=false}
07-17 00:36:44.149   144   317 I ActivityManager: Start proc android.process.acore for content provider com.android.providers.contacts/.ContactsProvider2: pid=31325 uid=10000 gids={3003, 1015}
07-17 00:36:44.192 31325 31325 I ActivityThread: Pub call_log: com.android.providers.contacts.CallLogProvider
07-17 00:36:44.239 31325 31325 I ActivityThread: Pub com.android.voicemail: com.android.providers.contacts.VoicemailContentProvider
07-17 00:36:44.243 31325 31325 I ActivityThread: Pub user_dictionary: com.android.providers.userdictionary.UserDictionaryProvider
07-17 00:36:44.262 31325 31325 I ActivityThread: Pub com.android.social: com.android.providers.contacts.SocialProvider
07-17 00:36:44.266 31325 31325 I ActivityThread: Pub applications: com.android.providers.applications.ApplicationsProvider
07-17 00:36:44.497 31325 31325 I ActivityThread: Pub contacts;com.android.contacts: com.android.providers.contacts.ContactsProvider2
07-17 00:36:44.532 31325 31327 D dalvikvm: GC_CONCURRENT freed 344K, 5% free 9187K/9607K, paused 126ms+3ms
07-17 00:36:44.786   144   146 D dalvikvm: GC_CONCURRENT freed 1814K, 19% free 17654K/21767K, paused 15ms+8ms
07-17 00:36:45.016 31275 31275 D vclib:CallStateClient: stopListening
07-17 00:36:45.020 31275 31275 D vclib:CallStateClient: startListening
07-17 00:36:45.122 31275 31277 D dalvikvm: GC_CONCURRENT freed 300K, 4% free 9812K/10183K, paused 2ms+3ms
07-17 00:36:45.313 31325 31327 D dalvikvm: GC_CONCURRENT freed 224K, 4% free 9379K/9735K, paused 5ms+10ms
07-17 00:36:45.325 31275 31277 D dalvikvm: GC_CONCURRENT freed 168K, 3% free 10185K/10439K, paused 2ms+5ms
07-17 00:36:45.555   144  6618 W InputManagerService: Window already focused, ignoring focus gain of: com.android.internal.view.IInputMethodClient$Stub$Proxy@419c8198
07-17 00:36:45.758   346   346 D SAN_SERVICE: *******************************************
07-17 00:36:45.758   346   346 D SAN_SERVICE: DM App Phone Service State - 0
07-17 00:36:45.758   346   346 D SAN_SERVICE: *******************************************
07-17 00:36:45.790   144   161 I ActivityManager: Start proc com.whatsapp for service com.whatsapp/.messaging.MessageService: pid=31344 uid=10068 gids={1015, 3003}
07-17 00:36:45.809 31344 31344 I dalvikvm: Turning on JNI app bug workarounds for target SDK version 7...
07-17 00:36:46.083 31344 31347 D dalvikvm: GC_CONCURRENT freed 170K, 3% free 9362K/9607K, paused 2ms+2ms
07-17 00:36:46.337 31275 31277 D dalvikvm: GC_CONCURRENT freed 270K, 4% free 10377K/10759K, paused 5ms+12ms
07-17 00:36:46.536 31344 31347 D dalvikvm: GC_CONCURRENT freed 299K, 4% free 9614K/9991K, paused 2ms+7ms
07-17 00:36:46.938   144 14192 D dalvikvm: GC_EXPLICIT freed 213K, 20% free 17549K/21767K, paused 3ms+7ms
07-17 00:36:47.020 31344 31344 I dalvikvm: Could not find method android.media.MediaMetadataRetriever.captureFrame, referenced from method com.whatsapp.q3.a
07-17 00:36:47.020 31344 31344 W dalvikvm: VFY: unable to resolve virtual method 502: Landroid/media/MediaMetadataRetriever;.captureFrame ()Landroid/graphics/Bitmap;
07-17 00:36:47.020 31344 31344 D dalvikvm: VFY: replacing opcode 0x6e at 0x0134
07-17 00:36:47.247 31344 31347 D dalvikvm: GC_CONCURRENT freed 449K, 6% free 9718K/10247K, paused 2ms+6ms
07-17 00:36:47.501 31275 31277 D dalvikvm: GC_CONCURRENT freed 176K, 4% free 10650K/11015K, paused 2ms+5ms
07-17 00:36:47.649 31344 31347 D dalvikvm: GC_CONCURRENT freed 168K, 3% free 9991K/10247K, paused 2ms+4ms
07-17 00:36:47.766 31275 31275 D dalvikvm: GC_FOR_ALLOC freed 378K, 6% free 10653K/11271K, paused 21ms
07-17 00:36:48.114 31275 31277 D dalvikvm: GC_CONCURRENT freed 467K, 6% free 10675K/11335K, paused 2ms+3ms
07-17 00:36:48.547 29971 29973 D dalvikvm: GC_CONCURRENT freed 543K, 6% free 10456K/11079K, paused 12ms+3ms
07-17 00:36:48.598   144   310 I ActivityManager: Start proc com.google.android.apps.maps:LocationFriendService for service com.google.android.apps.maps/com.google.googlenav.friend.reporting.LocationReceiverService: pid=31371 uid=10056 gids={3003, 1015}
07-17 00:36:48.848 31371 31373 D dalvikvm: GC_CONCURRENT freed 165K, 3% free 9366K/9607K, paused 5ms+4ms
07-17 00:36:49.176 31275 31277 D dalvikvm: GC_CONCURRENT freed 493K, 6% free 10658K/11335K, paused 2ms+4ms
07-17 00:36:49.399 31275 31277 D dalvikvm: GC_CONCURRENT freed 436K, 6% free 10663K/11335K, paused 2ms+3ms
07-17 00:36:49.415 31371 31373 D dalvikvm: GC_CONCURRENT freed 158K, 3% free 9664K/9927K, paused 2ms+1ms
07-17 00:36:49.751 31371 31373 D dalvikvm: GC_CONCURRENT freed 323K, 4% free 9844K/10247K, paused 2ms+5ms
07-17 00:36:49.919 31275 31277 D dalvikvm: GC_CONCURRENT freed 420K, 6% free 10674K/11335K, paused 2ms+3ms
07-17 00:36:50.024 31371 31378 I dalvikvm: Total arena pages for JIT: 11
07-17 00:36:50.044 31371 31378 I dalvikvm: Total arena pages for JIT: 12
07-17 00:36:50.044 31371 31378 I dalvikvm: Total arena pages for JIT: 13
07-17 00:36:50.044 31371 31378 I dalvikvm: Total arena pages for JIT: 14
07-17 00:36:50.044 31371 31378 I dalvikvm: Total arena pages for JIT: 15
07-17 00:36:50.051 31371 31378 I dalvikvm: Total arena pages for JIT: 16
07-17 00:36:50.051 31371 31378 I dalvikvm: Total arena pages for JIT: 17
07-17 00:36:50.251 31371 31373 D dalvikvm: GC_CONCURRENT freed 368K, 5% free 9978K/10439K, paused 4ms+3ms
07-17 00:36:53.309 31275 31275 D vclib:CallStateClient: stopListening
07-17 00:36:53.313   359   359 D dalvikvm: GC_EXPLICIT freed <1K, 6% free 9095K/9607K, paused 2ms+8ms
07-17 00:36:53.376 31325 31327 D dalvikvm: GC_CONCURRENT freed 186K, 4% free 9603K/9927K, paused 13ms+2ms
07-17 00:36:53.407 31275 31275 D vclib:CallStateClient: startListening
07-17 00:36:53.501 27911 27914 D dalvikvm: GC_CONCURRENT freed 298K, 6% free 10150K/10695K, paused 3ms+5ms
07-17 00:36:54.126 31275 31277 D dalvikvm: GC_CONCURRENT freed 764K, 8% free 10429K/11335K, paused 5ms+5ms
07-17 00:36:55.766 31275 31277 D dalvikvm: GC_CONCURRENT freed 320K, 7% free 10569K/11335K, paused 2ms+7ms
07-17 00:36:55.962   346   346 D SAN_SERVICE: *******************************************
07-17 00:36:55.962   346   346 D SAN_SERVICE: DM App Phone Service State - 0
07-17 00:36:55.962   346   346 D SAN_SERVICE: *******************************************
07-17 00:36:56.911   144   317 W InputManagerService: Window already focused, ignoring focus gain of: com.android.internal.view.IInputMethodClient$Stub$Proxy@416c2718
07-17 00:36:58.809 31275 31275 D vclib:CallStateClient: stopListening
07-17 00:36:58.899 31275 31277 D dalvikvm: GC_CONCURRENT freed 399K, 7% free 10625K/11335K, paused 2ms+5ms
07-17 00:36:58.915 31275 31275 D vclib:CallStateClient: startListening
07-17 00:36:59.036   144  1168 W InputManagerService: Window already focused, ignoring focus gain of: com.android.internal.view.IInputMethodClient$Stub$Proxy@41846b58
07-17 00:36:59.079   321   322 D dalvikvm: GC_CONCURRENT freed 452K, 24% free 10044K/13191K, paused 3ms+4ms
07-17 00:36:59.129 27911 31298 D dalvikvm: GC_EXPLICIT freed 236K, 6% free 10126K/10695K, paused 3ms+3ms
07-17 00:36:59.274 31275 31275 D vclib:CallStateClient: stopListening
07-17 00:36:59.274 31275 31275 D vclib:CallStateClient: startListening
07-17 00:36:59.329 31275 31275 D dalvikvm: GC_FOR_ALLOC freed 326K, 7% free 10583K/11335K, paused 22ms
07-17 00:36:59.364 31275 31275 D dalvikvm: GC_FOR_ALLOC freed 80K, 7% free 10599K/11335K, paused 19ms
07-17 00:36:59.399 31275 31275 D dalvikvm: GC_FOR_ALLOC freed 74K, 7% free 10598K/11335K, paused 19ms
07-17 00:36:59.438 31275 31275 D dalvikvm: GC_FOR_ALLOC freed 54K, 7% free 10616K/11335K, paused 21ms
07-17 00:36:59.473 31275 31275 D dalvikvm: GC_FOR_ALLOC freed 53K, 7% free 10636K/11335K, paused 20ms
07-17 00:36:59.524 31275 31275 D dalvikvm: GC_FOR_ALLOC freed 55K, 6% free 10686K/11335K, paused 28ms
07-17 00:36:59.563 31275 31275 D dalvikvm: GC_FOR_ALLOC freed 66K, 6% free 10703K/11335K, paused 21ms
07-17 00:37:00.446 31275 31275 D dalvikvm: GC_FOR_ALLOC freed 156K, 6% free 10772K/11399K, paused 21ms
07-17 00:37:01.473 31275 31275 D dalvikvm: GC_FOR_ALLOC freed 229K, 6% free 10820K/11463K, paused 27ms
07-17 00:37:01.817 31275 31275 D dalvikvm: GC_FOR_ALLOC freed 253K, 6% free 10882K/11527K, paused 26ms
07-17 00:37:03.587 31275 31275 D dalvikvm: GC_FOR_ALLOC freed 376K, 7% free 10881K/11591K, paused 22ms
07-17 00:37:04.770 31275 31275 D dalvikvm: GC_FOR_ALLOC freed 375K, 7% free 10883K/11591K, paused 27ms
07-17 00:37:05.262 22929 22929 D dalvikvm: GC_EXPLICIT freed 489K, 12% free 13277K/15047K, paused 12ms+14ms
07-17 00:37:06.590 31275 31275 D vclib:CallStateClient: stopListening
07-17 00:37:06.610 31275 31275 D vclib:CallStateClient: startListening
07-17 00:37:07.251 31275 31342 D dalvikvm: GC_EXPLICIT freed 782K, 9% free 10576K/11591K, paused 3ms+5ms
07-17 00:37:09.129 31275 31275 D vclib:CallStateClient: stopListening
07-17 00:37:09.223 31275 31275 D vclib:CallStateClient: startListening
07-17 00:37:09.247 31275 31277 D dalvikvm: GC_CONCURRENT freed 341K, 9% free 10663K/11591K, paused 2ms+4ms
07-17 00:37:09.372   144 13425 W InputManagerService: Window already focused, ignoring focus gain of: com.android.internal.view.IInputMethodClient$Stub$Proxy@41829838
07-17 00:37:09.524 31275 31275 D vclib:CallStateClient: stopListening
07-17 00:37:09.524 31275 31275 D vclib:CallStateClient: startListening
07-17 00:37:09.633 31275 31277 D dalvikvm: GC_CONCURRENT freed 388K, 7% free 10812K/11591K, paused 2ms+5ms
07-17 00:37:09.766   321   322 D dalvikvm: GC_CONCURRENT freed 453K, 24% free 10043K/13191K, paused 1ms+2ms
07-17 00:37:11.180   144   378 W InputManagerService: Starting input on non-focused client com.android.internal.view.IInputMethodClient$Stub$Proxy@417e1e60 (uid=10045 pid=31275)
07-17 00:37:11.348 31275 31275 D OpenGLRenderer: Flushing caches (mode 0)
07-17 00:37:11.395   346   346 D SAN_SERVICE: *******************************************
07-17 00:37:11.395   346   346 D SAN_SERVICE: DM App Phone Service State - 0
07-17 00:37:11.395   346   346 D SAN_SERVICE: *******************************************
07-17 00:37:11.684   346   346 D SAN_SERVICE: *******************************************
07-17 00:37:11.684   346   346 D SAN_SERVICE: DM App Phone Service State - 0
07-17 00:37:11.684   346   346 D SAN_SERVICE: *******************************************
07-17 00:37:12.192   346   346 D SAN_SERVICE: *******************************************
07-17 00:37:12.192   346   346 D SAN_SERVICE: DM App Phone Service State - 0
07-17 00:37:12.192   346   346 D SAN_SERVICE: *******************************************
07-17 00:37:12.215 31275 31275 D OpenGLRenderer: Flushing caches (mode 2)
07-17 00:37:12.235 31275 31275 D OpenGLRenderer: Flushing caches (mode 0)
07-17 00:37:12.278 31275 31275 D vclib:CallStateClient: stopListening
07-17 00:37:16.469   144   155 I ActivityManager: START {act=android.intent.action.MAIN cat=[android.intent.category.LAUNCHER] flg=0x10000000 pkg=com.apksoftware.compass cmp=com.apksoftware.compass/.Compass bnds=[360,103][480,253]} from pid 371
07-17 00:37:16.602 29843 29843 I Compass : Compass onCreate
07-17 00:37:16.606 29843 29843 I Compass : Current Device: crespo4g
07-17 00:37:16.606 29843 29843 I Compass : Current SDK: 15
07-17 00:37:16.629   144   156 W WindowManager: Layout repeat skipped after too many iterations
07-17 00:37:16.633   144   156 W WindowManager: Layout repeat skipped after too many iterations
07-17 00:37:16.633   144   156 W WindowManager: Layout repeat skipped after too many iterations
07-17 00:37:16.633   144   156 W WindowManager: Animation repeat aborted after too many iterations
07-17 00:37:16.696   371   371 D OpenGLRenderer: Flushing caches (mode 1)
07-17 00:37:16.712   371   371 D OpenGLRenderer: Flushing caches (mode 0)
07-17 00:37:16.786 29843 29843 D dalvikvm: GC_FOR_ALLOC freed 158K, 4% free 9345K/9671K, paused 19ms
07-17 00:37:16.801 29843 29843 I Compass : Display Buffer Enabled: true
07-17 00:37:16.840 29843 29843 I Compass : Registering Orientation Listener
07-17 00:37:16.879 29843 29843 I Compass : Display Buffer Enabled: true
07-17 00:37:16.938   144  1168 I ActivityManager: Start proc com.android.vending for service com.android.vending/com.google.android.finsky.billing.iab.MarketBillingService: pid=31413 uid=10046 gids={3003, 1015}
07-17 00:37:16.946 29843 29843 I Compass : Display Buffer Enabled: true
07-17 00:37:16.969 29843 29843 I Compass : Magnetic Declination: -10.742992; Expected Field Strength: 54.056965
07-17 00:37:16.969 29843 29843 I Compass : Lower Abnormal Field Limit: 19.657078; Upper Abnormal Field Limit: 148.65665
07-17 00:37:16.969 29843 29843 I Compass : Registering Magnetic Field Listener
07-17 00:37:16.973 29843 29843 I Compass : Requesting GPS Location Updates
07-17 00:37:16.977 29843 29843 I Compass : Adding GPS Status Listener
07-17 00:37:16.977 29843 29843 I Compass : Requesting Network Location Updates
07-17 00:37:16.985 29843 29843 I Compass : Starting AsyncGeocoder thread.
07-17 00:37:16.997 29843 29843 I Compass : Geolocation Status: GPS Provider Enabled = true; Network Provider Enabled = true; GPS Listener Enabled = true; Network Listener Enabled = true
07-17 00:37:17.001 27911 28034 D androidNetworkLocationListeners: Still have listener com.google.android.location.internal.client.NetworkLocationClient$1@413e5f10
07-17 00:37:17.075 27911 28034 D androidNetworkLocationListeners: Still have listener com.google.android.location.internal.client.NetworkLocationClient$1@413e5f10
07-17 00:37:17.090   144   160 I Process : Sending signal. PID: 29843 SIG: 3
07-17 00:37:17.090 29843 29845 I dalvikvm: threadid=3: reacting to signal 3
07-17 00:37:17.204 31413 31413 I ActivityThread: Pub com.google.android.finsky.QSBSuggestionsProvider: com.google.android.finsky.providers.QSBSuggestionsProvider
07-17 00:37:17.212 27911 27943 D CellLocator: Primary cell miss in cache. Need server request.
07-17 00:37:17.212 27911 27943 D NetworkLocator: New location significantly newer than previous. Reporting it.
07-17 00:37:17.223 31413 31413 I ActivityThread: Pub com.google.android.finsky.AppIconProvider: com.google.android.finsky.providers.AppIconProvider
07-17 00:37:17.231 31413 31413 I ActivityThread: Pub com.google.android.finsky.RecentSuggestionsProvider: com.google.android.finsky.providers.RecentSuggestionsProvider
07-17 00:37:17.247 29843 29845 I dalvikvm: Wrote stack traces to '/data/anr/traces.txt'
07-17 00:37:17.251 29843 29843 I Compass : Loading is complete.
07-17 00:37:17.356 27911 27914 D dalvikvm: GC_CONCURRENT freed 520K, 6% free 10162K/10759K, paused 2ms+13ms
07-17 00:37:17.403   215   215 V PhoneStatusBar: setLightsOn(true)
07-17 00:37:17.407 27911 27929 I System.out: [INFO:3095978]: LogSource: Running flush
07-17 00:37:17.426 27911 27933 I System.out: [INFO:3095997]: LogSource: Sending payload [bytes=688]
07-17 00:37:17.454 29843 29843 D dalvikvm: GC_FOR_ALLOC freed 79K, 3% free 9579K/9799K, paused 112ms
07-17 00:37:17.462 29843 29843 I dalvikvm-heap: Grow heap (frag case) to 10.161MB for 768016-byte allocation
07-17 00:37:17.493 29843 31412 D dalvikvm: GC_FOR_ALLOC freed 8K, 3% free 10320K/10567K, paused 21ms
07-17 00:37:17.563   144   160 I Process : Sending signal. PID: 29843 SIG: 3
07-17 00:37:17.563 29843 29845 I dalvikvm: threadid=3: reacting to signal 3
07-17 00:37:17.598 29843 29845 I dalvikvm: Wrote stack traces to '/data/anr/traces.txt'
07-17 00:37:17.610 29843 29844 D dalvikvm: GC_CONCURRENT freed <1K, 3% free 10322K/10567K, paused 2ms+2ms
07-17 00:37:17.712 31413 31415 D dalvikvm: GC_CONCURRENT freed 243K, 4% free 9282K/9607K, paused 3ms+2ms
07-17 00:37:17.735   215   217 D dalvikvm: GC_CONCURRENT freed 270K, 57% free 9874K/22727K, paused 2ms+19ms
07-17 00:37:17.758 29843 29843 I Compass : Updating the Geomagnetic Field for the current location.
07-17 00:37:17.770 29843 29843 I Compass : Magnetic Declination: -10.743542; Expected Field Strength: 54.06232
07-17 00:37:17.774 29843 29843 I Compass : Lower Abnormal Field Limit: 19.659025; Upper Abnormal Field Limit: 148.67139
07-17 00:37:18.141 27911 27929 I System.out: [INFO:3096711]: LogSource: Running flush
07-17 00:37:18.141 27911 27930 I System.out: [INFO:3096713]: LogSource: Sending payload [bytes=281]
07-17 00:37:18.149 31413 31413 D Finsky  : [1] DailyHygiene.goMakeHygieneIfDirty: No need to run daily hygiene.
07-17 00:37:18.239 31413 31415 D dalvikvm: GC_CONCURRENT freed 401K, 6% free 9421K/9927K, paused 5ms+8ms
07-17 00:37:18.294 27911 27933 I System.out: [INFO:3096865]: LogSource: Response [http=200,length=362]
07-17 00:37:18.294 27911 27929 I System.out: [INFO:3096866]: LogSource: Read id 2, status code 200
07-17 00:37:18.313 27911 27943 D WifiLocator: Too many no-location APs. Will not compute a location nor go to the server. hasLocation=0 noLocation=0 cacheMiss=0
07-17 00:37:18.536 27911 27914 D dalvikvm: GC_CONCURRENT freed 424K, 6% free 10137K/10759K, paused 13ms+10ms
07-17 00:37:18.797 27911 27930 I System.out: [INFO:3097371]: LogSource: Response [http=200,length=212]
07-17 00:37:18.801 27911 27929 I System.out: [INFO:3097372]: LogSource: Read id 3, status code 200
07-17 00:37:18.805 27911 27918 I dalvikvm: Jit: resizing JitTable from 4096 to 8192
07-17 00:37:19.028   144   332 D dalvikvm: GC_EXPLICIT freed 760K, 19% free 17666K/21767K, paused 84ms+16ms
07-17 00:37:19.051   144   175 I ActivityManager: Displayed com.apksoftware.compass/.Compass: +2s492ms
07-17 00:37:19.126   346   346 D SAN_SERVICE: *******************************************
07-17 00:37:19.126   346   346 D SAN_SERVICE: DM App Phone Service State - 0
07-17 00:37:19.126   346   346 D SAN_SERVICE: *******************************************
07-17 00:37:19.208 31413 31413 D Finsky  : [1] 2.run: Loaded library for account: [JtI6dlYpn2C-CMu_fZTfqcPsfoA]
07-17 00:37:19.208 31413 31413 D Finsky  : [1] 2.run: Finished loading 1 libraries.
07-17 00:37:19.313 31413 31415 D dalvikvm: GC_CONCURRENT freed 321K, 4% free 9592K/9991K, paused 2ms+9ms
07-17 00:37:19.356 31413 31426 D Finsky  : [5044] MarketBillingService.getPreferredAccount: com.apksoftware.compass: Account determined from library ownership.
07-17 00:37:19.360 29843 29843 I Compass : onBillingSupported: true
07-17 00:37:19.368   371   371 D OpenGLRenderer: Flushing caches (mode 2)
07-17 00:37:19.395   371   371 D OpenGLRenderer: Flushing caches (mode 0)
07-17 00:37:22.180   346   346 D SAN_SERVICE: *******************************************
07-17 00:37:22.180   346   346 D SAN_SERVICE: DM App Phone Service State - 0
07-17 00:37:22.180   346   346 D SAN_SERVICE: *******************************************
07-17 00:37:23.149 29843 29843 I Compass : Removing Network Location Updates
07-17 00:37:23.149 29843 29843 I Compass : Geolocation Status: GPS Provider Enabled = true; Network Provider Enabled = true; GPS Listener Enabled = true; Network Listener Enabled = false
07-17 00:37:23.172 27911 28034 D androidNetworkLocationListeners: Still have listener com.google.android.location.internal.client.NetworkLocationClient$1@413e5f10
07-17 00:37:23.344 27911 27929 I System.out: [INFO:3101917]: LogSource: Running flush
07-17 00:37:23.348 27911 27930 I System.out: [INFO:3101919]: LogSource: Sending payload [bytes=281]
07-17 00:37:23.356 27911 27914 D dalvikvm: GC_CONCURRENT freed 388K, 6% free 10174K/10759K, paused 29ms+6ms
07-17 00:37:23.438 31371 31378 I dalvikvm: Total arena pages for JIT: 18
07-17 00:37:23.473 27911 27930 I System.out: [INFO:3102045]: LogSource: Response [http=200,length=211]
07-17 00:37:23.473 27911 27929 I System.out: [INFO:3102046]: LogSource: Read id 4, status code 200
07-17 00:37:23.559 31371 31373 D dalvikvm: GC_CONCURRENT freed 476K, 6% free 9978K/10567K, paused 5ms+7ms
07-17 00:37:24.235 31371 31373 D dalvikvm: GC_CONCURRENT freed 416K, 6% free 9957K/10567K, paused 2ms+2ms
07-17 00:37:25.329 31371 31373 D dalvikvm: GC_CONCURRENT freed 390K, 6% free 9954K/10567K, paused 2ms+2ms
07-17 00:37:26.801   346   346 D SAN_SERVICE: *******************************************
07-17 00:37:26.801   346   346 D SAN_SERVICE: DM App Phone Service State - 0
07-17 00:37:26.801   346   346 D SAN_SERVICE: *******************************************
07-17 00:37:27.258 27911 27929 I System.out: [INFO:3105826]: LogSource: Running flush
07-17 00:37:27.329 27911 27933 I System.out: [INFO:3105899]: LogSource: Sending payload [bytes=281]
07-17 00:37:27.610 27911 27933 I System.out: [INFO:3106181]: LogSource: Response [http=200,length=212]
07-17 00:37:27.610 27911 27929 I System.out: [INFO:3106183]: LogSource: Read id 5, status code 200
07-17 00:37:28.481 31371 31373 D dalvikvm: GC_CONCURRENT freed 386K, 6% free 9954K/10567K, paused 2ms+4ms
07-17 00:37:30.407 31371 31373 D dalvikvm: GC_CONCURRENT freed 432K, 6% free 9959K/10567K, paused 3ms+9ms
07-17 00:37:31.309 31371 31373 D dalvikvm: GC_CONCURRENT freed 391K, 6% free 9955K/10567K, paused 2ms+6ms
07-17 00:37:32.258 31371 31373 D dalvikvm: GC_CONCURRENT freed 386K, 6% free 9955K/10567K, paused 2ms+5ms
07-17 00:37:34.032 31371 31373 D dalvikvm: GC_CONCURRENT freed 386K, 6% free 9955K/10567K, paused 2ms+3ms
07-17 00:37:34.329   371   371 D dalvikvm: GC_EXPLICIT freed 799K, 22% free 12360K/15687K, paused 59ms+331ms
07-17 00:37:35.590 31371 31373 D dalvikvm: GC_CONCURRENT freed 386K, 6% free 9956K/10567K, paused 2ms+7ms
07-17 00:37:35.911 31371 31373 D dalvikvm: GC_CONCURRENT freed 398K, 6% free 9996K/10567K, paused 2ms+3ms
07-17 00:37:36.231 31371 31373 D dalvikvm: GC_CONCURRENT freed 593K, 7% free 9961K/10631K, paused 38ms+3ms
07-17 00:37:37.270 31371 31373 D dalvikvm: GC_CONCURRENT freed 469K, 6% free 10001K/10631K, paused 2ms+3ms
07-17 00:37:37.575   144   160 D dalvikvm: GC_EXPLICIT freed 729K, 19% free 17653K/21767K, paused 23ms+17ms
07-17 00:37:38.266 31371 31373 D dalvikvm: GC_CONCURRENT freed 468K, 6% free 10006K/10631K, paused 2ms+4ms
07-17 00:37:39.258 31371 31373 D dalvikvm: GC_CONCURRENT freed 438K, 7% free 9955K/10631K, paused 2ms+2ms
07-17 00:37:40.305 31371 31373 D dalvikvm: GC_CONCURRENT freed 430K, 7% free 9962K/10631K, paused 2ms+3ms
07-17 00:37:41.290 31371 31373 D dalvikvm: GC_CONCURRENT freed 391K, 7% free 9958K/10631K, paused 2ms+3ms
07-17 00:37:42.313 31371 31373 D dalvikvm: GC_CONCURRENT freed 388K, 7% free 9956K/10631K, paused 5ms+3ms
07-17 00:37:42.493   346   346 D dalvikvm: GC_EXPLICIT freed 556K, 9% free 11888K/13063K, paused 27ms+4ms
07-17 00:37:43.262 31371 31373 D dalvikvm: GC_CONCURRENT freed 386K, 7% free 9956K/10631K, paused 2ms+3ms
07-17 00:37:44.227 31371 31373 D dalvikvm: GC_CONCURRENT freed 386K, 7% free 9957K/10631K, paused 3ms+2ms
07-17 00:37:45.208 31371 31371 D dalvikvm: GC_EXPLICIT freed 62K, 7% free 9901K/10631K, paused 3ms+3ms
07-17 00:37:45.251 27911 28082 D dalvikvm: GC_EXPLICIT freed 169K, 6% free 10167K/10759K, paused 3ms+4ms
07-17 00:37:46.212 31371 31373 D dalvikvm: GC_CONCURRENT freed 377K, 7% free 9923K/10631K, paused 2ms+3ms
07-17 00:37:46.372   144 14994 D dalvikvm: GC_EXPLICIT freed 438K, 20% free 17608K/21767K, paused 4ms+20ms
07-17 00:37:46.606 29971 29973 D dalvikvm: GC_CONCURRENT freed 447K, 6% free 10473K/11079K, paused 7ms+18ms
07-17 00:37:46.633 31371 31373 D dalvikvm: GC_CONCURRENT freed 436K, 7% free 9988K/10631K, paused 3ms+3ms
07-17 00:37:47.059 29843 29844 D dalvikvm: GC_CONCURRENT freed 404K, 5% free 10367K/10887K, paused 24ms+4ms
07-17 00:37:47.239 31371 31373 D dalvikvm: GC_CONCURRENT freed 481K, 6% free 9996K/10631K, paused 2ms+4ms
07-17 00:37:48.274 31371 31373 D dalvikvm: GC_CONCURRENT freed 526K, 7% free 9980K/10631K, paused 2ms+4ms
07-17 00:37:49.258 31371 31373 D dalvikvm: GC_CONCURRENT freed 464K, 7% free 9948K/10631K, paused 2ms+3ms
07-17 00:37:50.278 31371 31373 D dalvikvm: GC_CONCURRENT freed 390K, 7% free 9945K/10631K, paused 3ms+2ms
07-17 00:37:51.278 31371 31373 D dalvikvm: GC_CONCURRENT freed 386K, 7% free 9945K/10631K, paused 2ms+3ms
07-17 00:37:51.450   435   435 D dalvikvm: GC_EXPLICIT freed <1K, 4% free 9033K/9347K, paused 17ms+2ms
07-17 00:37:52.208 31371 31373 D dalvikvm: GC_CONCURRENT freed 386K, 7% free 9946K/10631K, paused 2ms+2ms
07-17 00:37:53.251 31371 31373 D dalvikvm: GC_CONCURRENT freed 386K, 7% free 9946K/10631K, paused 2ms+3ms
07-17 00:37:55.227 31371 31373 D dalvikvm: GC_CONCURRENT freed 503K, 7% free 9942K/10631K, paused 3ms+2ms
07-17 00:37:56.274 31371 31373 D dalvikvm: GC_CONCURRENT freed 439K, 6% free 10011K/10631K, paused 2ms+4ms
07-17 00:37:56.485   321   321 D dalvikvm: GC_EXPLICIT freed 155K, 24% free 10043K/13191K, paused 14ms+3ms
07-17 00:37:57.219 31371 31373 D dalvikvm: GC_CONCURRENT freed 544K, 7% free 9977K/10631K, paused 2ms+3ms
07-17 00:37:59.231 31371 31373 D dalvikvm: GC_CONCURRENT freed 533K, 7% free 9944K/10631K, paused 5ms+6ms
07-17 00:38:00.204 31371 31373 D dalvikvm: GC_CONCURRENT freed 439K, 6% free 10014K/10631K, paused 2ms+3ms
07-17 00:38:01.305 31371 31373 D dalvikvm: GC_CONCURRENT freed 552K, 7% free 9971K/10631K, paused 3ms+4ms
07-17 00:38:03.215 31371 31373 D dalvikvm: GC_CONCURRENT freed 523K, 7% free 9957K/10631K, paused 5ms+3ms
07-17 00:38:04.258 31371 31373 D dalvikvm: GC_CONCURRENT freed 514K, 7% free 9954K/10631K, paused 2ms+4ms
07-17 00:38:05.188 13970 13970 D dalvikvm: GC_EXPLICIT freed <1K, 5% free 9365K/9799K, paused 40ms+3ms
07-17 00:38:05.321 31371 31373 D dalvikvm: GC_CONCURRENT freed 486K, 6% free 10015K/10631K, paused 1ms+3ms
07-17 00:38:06.864 29897 29910 I PhoneLab-: Service Running
07-17 00:38:06.911 29897 29910 I PhoneLab-LoggerService: app_37    1395  1     1432   992   c00f181c 400107b4 S logcat
07-17 00:38:06.911 29897 29910 I PhoneLab-LoggerService: Logcat pid from database 1395
07-17 00:38:06.911 29897 29910 I PhoneLab-LoggerService: Logcat process found 1395
07-17 00:38:06.911 29897 29910 I PhoneLab-LoggerService: Checking Threshold
07-17 00:38:06.911 29897 29910 I PhoneLab-LoggerService: Starting to rename files
07-17 00:38:06.911 29897 29910 I PhoneLab-LoggerService: Files found .. 2
07-17 00:38:06.911 29897 29910 I PhoneLab-LoggerService: File 1 log.out.1
07-17 00:38:06.919 29897 29910 I PhoneLab-LoggerService: Renamed successfully
07-17 00:38:07.204 31371 31373 D dalvikvm: GC_CONCURRENT freed 546K, 7% free 9970K/10631K, paused 2ms+2ms
07-17 00:38:08.063   346   346 D SAN_SERVICE: *******************************************
07-17 00:38:08.063   346   346 D SAN_SERVICE: DM App Phone Service State - 0
07-17 00:38:08.063   346   346 D SAN_SERVICE: *******************************************
07-17 00:38:08.196 31371 31373 D dalvikvm: GC_CONCURRENT freed 461K, 6% free 10021K/10631K, paused 1ms+3ms
07-17 00:38:09.321   144   156 D dalvikvm: GC_EXPLICIT freed 946K, 19% free 17678K/21767K, paused 3ms+11ms
07-17 00:38:09.411 31371 31373 D dalvikvm: GC_CONCURRENT freed 553K, 7% free 9974K/10631K, paused 2ms+4ms
07-17 00:38:10.200 31371 31371 D dalvikvm: GC_EXPLICIT freed 77K, 7% free 9902K/10631K, paused 2ms+3ms
07-17 00:38:11.192 31371 31373 D dalvikvm: GC_CONCURRENT freed 452K, 7% free 9959K/10631K, paused 3ms+3ms
07-17 00:38:11.794 31555 31555 D dalvikvm: Late-enabling CheckJNI
07-17 00:38:11.801   144   161 I ActivityManager: Start proc com.chess for broadcast com.chess/.backend.AlarmReceiver: pid=31555 uid=10079 gids={3003, 1015}
07-17 00:38:11.973 31555 31558 D dalvikvm: GC_CONCURRENT freed 169K, 3% free 9362K/9607K, paused 2ms+2ms
07-17 00:38:12.122 31555 31569 D GetStringObjTask: retrieving from url = http://www.chess.com/api/get_move_status?id=5HHjW9WUGa%2Bcu1LUwnVJPxTIWxmEve4VdkRnRyg7b5Ch69JH2Z5aB%2B7eGuFw8K2uFx47KFsdE3JRdR3Mzv0PkZOj6eZ8N73BvxmEERrzXjMNRo80rkLyJAUTh0iqof4n
07-17 00:38:12.235 31371 31373 D dalvikvm: GC_CONCURRENT freed 477K, 7% free 9986K/10631K, paused 3ms+2ms
07-17 00:38:12.829 31555 31569 D GetStringObjTask: WebRequest SERVER RESPONSE: Success+0
07-17 00:38:13.270 31371 31373 D dalvikvm: GC_CONCURRENT freed 505K, 7% free 9979K/10631K, paused 2ms+3ms
07-17 00:38:15.231 31371 31373 D dalvikvm: GC_CONCURRENT freed 531K, 7% free 9947K/10631K, paused 2ms+2ms
07-17 00:38:16.243 31371 31373 D dalvikvm: GC_CONCURRENT freed 440K, 6% free 10015K/10631K, paused 2ms+3ms
07-17 00:38:17.169   215   215 D dalvikvm: GC_EXPLICIT freed 353K, 57% free 9883K/22727K, paused 12ms+4ms
07-17 00:38:17.254 31371 31373 D dalvikvm: GC_CONCURRENT freed 551K, 7% free 9973K/10631K, paused 3ms+4ms
07-17 00:38:18.079   346   346 D SAN_SERVICE: *******************************************
07-17 00:38:18.079   346   346 D SAN_SERVICE: DM App Phone Service State - 0
07-17 00:38:18.079   346   346 D SAN_SERVICE: *******************************************
07-17 00:38:18.922   346   346 D SAN_SERVICE: *******************************************
07-17 00:38:18.922   346   346 D SAN_SERVICE: DM App Phone Service State - 0
07-17 00:38:18.922   346   346 D SAN_SERVICE: *******************************************
07-17 00:38:19.180 31371 31373 D dalvikvm: GC_CONCURRENT freed 504K, 7% free 9968K/10631K, paused 5ms+4ms
07-17 00:38:20.204 31371 31373 D dalvikvm: GC_CONCURRENT freed 472K, 6% free 10005K/10631K, paused 2ms+3ms
07-17 00:38:21.266 31371 31373 D dalvikvm: GC_CONCURRENT freed 540K, 7% free 9974K/10631K, paused 2ms+3ms
07-17 00:38:23.227 31371 31373 D dalvikvm: GC_CONCURRENT freed 524K, 7% free 9949K/10631K, paused 6ms+4ms
07-17 00:38:23.962 29843 29843 D dalvikvm: GC_EXPLICIT freed 248K, 5% free 10412K/10887K, paused 2ms+4ms
07-17 00:38:24.254 31371 31373 D dalvikvm: GC_CONCURRENT freed 433K, 6% free 10025K/10631K, paused 2ms+14ms
07-17 00:38:25.243 31371 31373 D dalvikvm: GC_CONCURRENT freed 544K, 7% free 9989K/10631K, paused 2ms+3ms
07-17 00:38:26.247 31371 31373 D dalvikvm: GC_CONCURRENT freed 428K, 7% free 9954K/10631K, paused 2ms+2ms
07-17 00:38:26.903   144   199 D DhcpInfoInternal: makeLinkProperties with empty dns2!
07-17 00:38:26.915   144   199 D DhcpInfoInternal: makeLinkProperties with empty dns2!
07-17 00:38:27.208 31371 31373 D dalvikvm: GC_CONCURRENT freed 386K, 7% free 9954K/10631K, paused 2ms+4ms
07-17 00:38:28.254 31371 31373 D dalvikvm: GC_CONCURRENT freed 385K, 7% free 9954K/10631K, paused 2ms+2ms
07-17 00:38:29.270 31371 31373 D dalvikvm: GC_CONCURRENT freed 385K, 7% free 9955K/10631K, paused 2ms+3ms
07-17 00:38:30.282 31371 31373 D dalvikvm: GC_CONCURRENT freed 385K, 7% free 9955K/10631K, paused 2ms+3ms
07-17 00:38:31.274 31371 31373 D dalvikvm: GC_CONCURRENT freed 385K, 7% free 9955K/10631K, paused 2ms+2ms
07-17 00:38:32.243 31371 31373 D dalvikvm: GC_CONCURRENT freed 385K, 7% free 9956K/10631K, paused 2ms+2ms
07-17 00:38:33.262   144   317 D dalvikvm: GC_EXPLICIT freed 1049K, 19% free 17689K/21767K, paused 4ms+11ms
07-17 00:38:33.333   346   346 D SAN_SERVICE: *******************************************
07-17 00:38:33.333   346   346 D SAN_SERVICE: DM App Phone Service State - 0
07-17 00:38:33.333   346   346 D SAN_SERVICE: *******************************************
07-17 00:38:33.376 31371 31373 D dalvikvm: GC_CONCURRENT freed 385K, 7% free 9956K/10631K, paused 30ms+2ms
07-17 00:38:33.883   346   346 D SAN_SERVICE: *******************************************
07-17 00:38:33.883   346   346 D SAN_SERVICE: DM App Phone Service State - 0
07-17 00:38:33.883   346   346 D SAN_SERVICE: *******************************************
07-17 00:38:34.165 27911 27922 D dalvikvm: GC_EXPLICIT freed 203K, 6% free 10215K/10759K, paused 3ms+5ms
07-17 00:38:34.270 31371 31373 D dalvikvm: GC_CONCURRENT freed 388K, 7% free 9953K/10631K, paused 2ms+2ms
07-17 00:38:35.247 31371 31373 D dalvikvm: GC_CONCURRENT freed 393K, 7% free 9946K/10631K, paused 3ms+2ms
07-17 00:38:36.219 31371 31383 D dalvikvm: GC_EXPLICIT freed 52K, 7% free 9893K/10631K, paused 3ms+2ms
07-17 00:38:36.340 31371 31373 D dalvikvm: GC_CONCURRENT freed 334K, 7% free 9945K/10631K, paused 2ms+2ms
07-17 00:38:37.254 31371 31373 D dalvikvm: GC_CONCURRENT freed 385K, 7% free 9947K/10631K, paused 2ms+2ms
07-17 00:38:38.262 31371 31373 D dalvikvm: GC_CONCURRENT freed 386K, 7% free 9947K/10631K, paused 2ms+3ms
07-17 00:38:39.278 31371 31373 D dalvikvm: GC_CONCURRENT freed 386K, 7% free 9947K/10631K, paused 2ms+2ms
07-17 00:38:40.282 31371 31373 D dalvikvm: GC_CONCURRENT freed 386K, 7% free 9947K/10631K, paused 1ms+3ms
07-17 00:38:41.212 31371 31373 D dalvikvm: GC_CONCURRENT freed 404K, 7% free 9929K/10631K, paused 2ms+3ms
07-17 00:38:41.985 29955 29955 D dalvikvm: GC_EXPLICIT freed 154K, 4% free 9051K/9347K, paused 16ms+2ms
07-17 00:38:42.251 31371 31373 D dalvikvm: GC_CONCURRENT freed 366K, 7% free 9948K/10631K, paused 2ms+3ms
07-17 00:38:43.270 31371 31373 D dalvikvm: GC_CONCURRENT freed 386K, 7% free 9948K/10631K, paused 3ms+3ms
07-17 00:38:44.215 31371 31373 D dalvikvm: GC_CONCURRENT freed 385K, 7% free 9948K/10631K, paused 2ms+2ms
07-17 00:38:45.286 31371 31373 D dalvikvm: GC_CONCURRENT freed 385K, 7% free 9949K/10631K, paused 2ms+19ms
07-17 00:38:46.270 31371 31373 D dalvikvm: GC_CONCURRENT freed 386K, 7% free 9949K/10631K, paused 2ms+3ms
07-17 00:38:47.274 31371 31373 D dalvikvm: GC_CONCURRENT freed 385K, 7% free 9949K/10631K, paused 2ms+3ms
07-17 00:38:47.899 29971 29973 D dalvikvm: GC_CONCURRENT freed 468K, 6% free 10485K/11079K, paused 2ms+6ms
07-17 00:38:47.977 31371 31373 D dalvikvm: GC_CONCURRENT freed 393K, 7% free 9951K/10631K, paused 2ms+3ms
07-17 00:38:48.243 31371 31373 D dalvikvm: GC_CONCURRENT freed 388K, 7% free 9949K/10631K, paused 2ms+2ms
07-17 00:38:49.149   346   346 D SAN_SERVICE: *******************************************
07-17 00:38:49.153   346   346 D SAN_SERVICE: DM App Phone Service State - 0
07-17 00:38:49.153   346   346 D SAN_SERVICE: *******************************************
07-17 00:38:49.297 31371 31373 D dalvikvm: GC_CONCURRENT freed 386K, 7% free 9950K/10631K, paused 2ms+4ms
07-17 00:38:50.251 31371 31373 D dalvikvm: GC_CONCURRENT freed 386K, 7% free 9950K/10631K, paused 2ms+2ms
07-17 00:38:51.251 31371 31373 D dalvikvm: GC_CONCURRENT freed 386K, 7% free 9950K/10631K, paused 2ms+2ms
07-17 00:38:52.262 31371 31373 D dalvikvm: GC_CONCURRENT freed 386K, 7% free 9951K/10631K, paused 2ms+2ms
07-17 00:38:53.258 31371 31373 D dalvikvm: GC_CONCURRENT freed 386K, 7% free 9951K/10631K, paused 2ms+3ms
07-17 00:38:54.251 29971 29971 D dalvikvm: GC_EXPLICIT freed 41K, 6% free 10470K/11079K, paused 3ms+9ms
07-17 00:38:54.294 31371 31373 D dalvikvm: GC_CONCURRENT freed 386K, 7% free 9951K/10631K, paused 1ms+2ms
07-17 00:38:56.254   144  1168 D dalvikvm: GC_EXPLICIT freed 1035K, 19% free 17691K/21767K, paused 4ms+11ms
07-17 00:38:56.325 31371 31373 D dalvikvm: GC_CONCURRENT freed 498K, 7% free 9961K/10631K, paused 2ms+2ms
07-17 00:38:57.215 31371 31373 D dalvikvm: GC_CONCURRENT freed 456K, 6% free 10015K/10631K, paused 2ms+2ms
07-17 00:38:58.297 31371 31373 D dalvikvm: GC_CONCURRENT freed 526K, 7% free 9963K/10631K, paused 8ms+8ms
07-17 00:38:58.297 31344 31347 D dalvikvm: GC_CONCURRENT freed 551K, 7% free 9877K/10567K, paused 11ms+8ms
07-17 00:38:59.094   346   346 D SAN_SERVICE: *******************************************
07-17 00:38:59.098   346   346 D SAN_SERVICE: DM App Phone Service State - 0
07-17 00:38:59.098   346   346 D SAN_SERVICE: *******************************************
07-17 00:38:59.844   346   346 D SAN_SERVICE: *******************************************
07-17 00:38:59.844   346   346 D SAN_SERVICE: DM App Phone Service State - 0
07-17 00:38:59.848   346   346 D SAN_SERVICE: *******************************************
07-17 00:39:00.153 31371 31371 D dalvikvm: GC_EXPLICIT freed 430K, 7% free 9911K/10631K, paused 2ms+3ms
07-17 00:39:01.219 31371 31373 D dalvikvm: GC_CONCURRENT freed 459K, 7% free 9954K/10631K, paused 3ms+3ms
07-17 00:39:02.270 31371 31373 D dalvikvm: GC_CONCURRENT freed 440K, 6% free 10047K/10631K, paused 2ms+3ms
07-17 00:39:03.254 31371 31373 D dalvikvm: GC_CONCURRENT freed 552K, 7% free 9947K/10631K, paused 2ms+3ms
07-17 00:39:04.118   346   346 D SAN_SERVICE: *******************************************
07-17 00:39:04.118   346   346 D SAN_SERVICE: DM App Phone Service State - 0
07-17 00:39:04.122   346   346 D SAN_SERVICE: *******************************************
07-17 00:39:04.942   346   346 D SAN_SERVICE: *******************************************
07-17 00:39:04.942   346   346 D SAN_SERVICE: DM App Phone Service State - 0
07-17 00:39:04.942   346   346 D SAN_SERVICE: *******************************************
07-17 00:39:05.180 31371 31373 D dalvikvm: GC_CONCURRENT freed 499K, 7% free 9956K/10631K, paused 2ms+2ms
07-17 00:39:06.262 31371 31373 D dalvikvm: GC_CONCURRENT freed 446K, 6% free 10014K/10631K, paused 2ms+4ms
07-17 00:39:07.274 31371 31373 D dalvikvm: GC_CONCURRENT freed 521K, 7% free 9973K/10631K, paused 3ms+3ms
07-17 00:39:09.208 31371 31373 D dalvikvm: GC_CONCURRENT freed 523K, 7% free 9957K/10631K, paused 2ms+2ms
07-17 00:39:09.407   346   346 D SAN_SERVICE: *******************************************
07-17 00:39:09.407   346   346 D SAN_SERVICE: DM App Phone Service State - 0
07-17 00:39:09.407   346   346 D SAN_SERVICE: *******************************************
07-17 00:39:09.907   346   346 D SAN_SERVICE: *******************************************
07-17 00:39:09.907   346   346 D SAN_SERVICE: DM App Phone Service State - 0
07-17 00:39:09.907   346   346 D SAN_SERVICE: *******************************************
07-17 00:39:10.274 31371 31373 D dalvikvm: GC_CONCURRENT freed 454K, 6% free 10046K/10631K, paused 2ms+3ms
07-17 00:39:12.196 31371 31373 D dalvikvm: GC_CONCURRENT freed 636K, 7% free 9971K/10695K, paused 3ms+4ms
07-17 00:39:13.219 31371 31373 D dalvikvm: GC_CONCURRENT freed 456K, 7% free 10021K/10695K, paused 1ms+3ms
07-17 00:39:14.251 31371 31373 D dalvikvm: GC_CONCURRENT freed 539K, 7% free 9975K/10695K, paused 2ms+2ms
07-17 00:39:14.387   346   346 D SAN_SERVICE: *******************************************
07-17 00:39:14.391   346   346 D SAN_SERVICE: DM App Phone Service State - 0
07-17 00:39:14.391   346   346 D SAN_SERVICE: *******************************************
07-17 00:39:14.919   346   346 D SAN_SERVICE: *******************************************
07-17 00:39:14.919   346   346 D SAN_SERVICE: DM App Phone Service State - 0
07-17 00:39:14.919   346   346 D SAN_SERVICE: *******************************************
07-17 00:39:16.227 31371 31373 D dalvikvm: GC_CONCURRENT freed 523K, 7% free 9959K/10695K, paused 3ms+3ms
07-17 00:39:17.274 31371 31373 D dalvikvm: GC_CONCURRENT freed 457K, 7% free 10038K/10695K, paused 3ms+2ms
07-17 00:39:18.262 31371 31373 D dalvikvm: GC_CONCURRENT freed 524K, 7% free 9962K/10695K, paused 2ms+4ms
07-17 00:39:19.297   144 14192 D dalvikvm: GC_EXPLICIT freed 1039K, 19% free 17690K/21767K, paused 4ms+10ms
07-17 00:39:19.626   346   346 D SAN_SERVICE: *******************************************
07-17 00:39:19.629   346   346 D SAN_SERVICE: DM App Phone Service State - 0
07-17 00:39:19.629   346   346 D SAN_SERVICE: *******************************************
07-17 00:39:19.915   346   346 D SAN_SERVICE: *******************************************
07-17 00:39:19.915   346   346 D SAN_SERVICE: DM App Phone Service State - 0
07-17 00:39:19.915   346   346 D SAN_SERVICE: *******************************************
07-17 00:39:20.184 31371 31373 D dalvikvm: GC_CONCURRENT freed 509K, 7% free 9960K/10695K, paused 3ms+3ms
07-17 00:39:21.223 31371 31373 D dalvikvm: GC_CONCURRENT freed 447K, 7% free 10018K/10695K, paused 2ms+3ms
07-17 00:39:22.215 27911 31298 D dalvikvm: GC_EXPLICIT freed 258K, 6% free 10218K/10759K, paused 2ms+8ms
07-17 00:39:22.344 31371 31373 D dalvikvm: GC_CONCURRENT freed 524K, 7% free 9974K/10695K, paused 2ms+4ms
07-17 00:39:24.251 31371 31373 D dalvikvm: GC_CONCURRENT freed 502K, 7% free 9979K/10695K, paused 2ms+2ms
07-17 00:39:25.012 30007 30007 D dalvikvm: GC_EXPLICIT freed <1K, 6% free 9647K/10183K, paused 6ms+7ms
07-17 00:39:25.239 31371 31373 D dalvikvm: GC_CONCURRENT freed 471K, 7% free 10006K/10695K, paused 3ms+4ms
07-17 00:39:26.176 31371 31383 D dalvikvm: GC_EXPLICIT freed 225K, 8% free 9894K/10695K, paused 2ms+3ms
07-17 00:39:27.231 31371 31373 D dalvikvm: GC_CONCURRENT freed 455K, 7% free 9950K/10695K, paused 3ms+4ms
07-17 00:39:28.270 31371 31373 D dalvikvm: GC_CONCURRENT freed 442K, 7% free 10009K/10695K, paused 2ms+3ms
07-17 00:39:29.231 31371 31373 D dalvikvm: GC_CONCURRENT freed 525K, 7% free 9977K/10695K, paused 2ms+4ms
07-17 00:39:30.001 29897 29897 D dalvikvm: GC_EXPLICIT freed 178K, 4% free 9060K/9347K, paused 17ms+2ms
07-17 00:39:31.372 31371 31373 D dalvikvm: GC_CONCURRENT freed 508K, 7% free 9979K/10695K, paused 2ms+3ms
07-17 00:39:32.247 31371 31373 D dalvikvm: GC_CONCURRENT freed 472K, 7% free 10008K/10695K, paused 2ms+2ms
07-17 00:39:33.258 31371 31373 D dalvikvm: GC_CONCURRENT freed 531K, 7% free 9971K/10695K, paused 2ms+3ms
07-17 00:39:34.954   346   346 D SAN_SERVICE: *******************************************
07-17 00:39:34.954   346   346 D SAN_SERVICE: DM App Phone Service State - 0
07-17 00:39:34.954   346   346 D SAN_SERVICE: *******************************************
07-17 00:39:35.008 27911 27911 D dalvikvm: GC_EXPLICIT freed 123K, 6% free 10149K/10759K, paused 4ms+4ms
07-17 00:39:35.219 31371 31373 D dalvikvm: GC_CONCURRENT freed 529K, 7% free 9952K/10695K, paused 4ms+3ms
07-17 00:39:36.262 31371 31373 D dalvikvm: GC_CONCURRENT freed 448K, 7% free 10015K/10695K, paused 2ms+3ms
07-17 00:39:37.286 31371 31373 D dalvikvm: GC_CONCURRENT freed 520K, 7% free 9977K/10695K, paused 2ms+6ms
07-17 00:39:39.212 31371 31373 D dalvikvm: GC_CONCURRENT freed 536K, 7% free 9952K/10695K, paused 2ms+2ms
07-17 00:39:40.012 30912 30912 D dalvikvm: GC_EXPLICIT freed 75K, 4% free 10928K/11271K, paused 16ms+3ms
07-17 00:39:40.157   346   346 D SAN_SERVICE: *******************************************
07-17 00:39:40.157   346   346 D SAN_SERVICE: DM App Phone Service State - 0
07-17 00:39:40.157   346   346 D SAN_SERVICE: *******************************************
07-17 00:39:40.274 31371 31373 D dalvikvm: GC_CONCURRENT freed 443K, 7% free 10009K/10695K, paused 3ms+3ms
07-17 00:39:40.942   346   346 D SAN_SERVICE: *******************************************
07-17 00:39:40.942   346   346 D SAN_SERVICE: DM App Phone Service State - 0
07-17 00:39:40.942   346   346 D SAN_SERVICE: *******************************************
07-17 00:39:41.270 31371 31373 D dalvikvm: GC_CONCURRENT freed 524K, 7% free 9978K/10695K, paused 2ms+2ms
07-17 00:39:43.282   144   332 D dalvikvm: GC_EXPLICIT freed 1043K, 19% free 17692K/21767K, paused 4ms+10ms
07-17 00:39:43.360 31371 31373 D dalvikvm: GC_CONCURRENT freed 535K, 7% free 9953K/10695K, paused 2ms+2ms
07-17 00:39:44.274 31371 31373 D dalvikvm: GC_CONCURRENT freed 453K, 7% free 10011K/10695K, paused 7ms+3ms
07-17 00:39:44.450 31325 31327 D dalvikvm: GC_CONCURRENT freed 539K, 7% free 9506K/10183K, paused 2ms+4ms
07-17 00:39:44.747 29971 29973 D dalvikvm: GC_CONCURRENT freed 346K, 5% free 10529K/11079K, paused 3ms+3ms
07-17 00:39:45.161   346   346 D SAN_SERVICE: *******************************************
07-17 00:39:45.161   346   346 D SAN_SERVICE: DM App Phone Service State - 0
07-17 00:39:45.161   346   346 D SAN_SERVICE: *******************************************
07-17 00:39:45.305 31371 31373 D dalvikvm: GC_CONCURRENT freed 525K, 7% free 9969K/10695K, paused 2ms+2ms
07-17 00:39:45.872   346   346 D SAN_SERVICE: *******************************************
07-17 00:39:45.872   346   346 D SAN_SERVICE: DM App Phone Service State - 0
07-17 00:39:45.872   346   346 D SAN_SERVICE: *******************************************
07-17 00:39:47.239 31371 31373 D dalvikvm: GC_CONCURRENT freed 529K, 7% free 9951K/10695K, paused 2ms+4ms
07-17 00:39:47.934 31371 31373 D dalvikvm: GC_CONCURRENT freed 457K, 7% free 10034K/10695K, paused 3ms+2ms
07-17 00:39:48.251 31371 31373 D dalvikvm: GC_CONCURRENT freed 544K, 7% free 9970K/10695K, paused 2ms+6ms
07-17 00:39:50.204 31371 31373 D dalvikvm: GC_CONCURRENT freed 508K, 7% free 9973K/10695K, paused 2ms+3ms
07-17 00:39:51.153 31371 31371 D dalvikvm: GC_EXPLICIT freed 317K, 8% free 9903K/10695K, paused 2ms+2ms
07-17 00:39:52.184 31371 31373 D dalvikvm: GC_CONCURRENT freed 453K, 7% free 9955K/10695K, paused 2ms+2ms
07-17 00:39:52.833 31153 31153 D dalvikvm: GC_EXPLICIT freed 517K, 6% free 10793K/11399K, paused 9ms+3ms
07-17 00:39:53.274 31371 31373 D dalvikvm: GC_CONCURRENT freed 446K, 7% free 10009K/10695K, paused 2ms+4ms
07-17 00:39:54.278 31371 31373 D dalvikvm: GC_CONCURRENT freed 529K, 7% free 9972K/10695K, paused 3ms+3ms
07-17 00:39:55.422   346   346 D SAN_SERVICE: *******************************************
07-17 00:39:55.422   346   346 D SAN_SERVICE: DM App Phone Service State - 0
07-17 00:39:55.422   346   346 D SAN_SERVICE: *******************************************
07-17 00:39:55.926   346   346 D SAN_SERVICE: *******************************************
07-17 00:39:55.926   346   346 D SAN_SERVICE: DM App Phone Service State - 0
07-17 00:39:55.926   346   346 D SAN_SERVICE: *******************************************
07-17 00:39:56.219 31371 31373 D dalvikvm: GC_CONCURRENT freed 524K, 7% free 9996K/10695K, paused 4ms+4ms
07-17 00:39:57.262 31371 31373 D dalvikvm: GC_CONCURRENT freed 547K, 7% free 9961K/10695K, paused 3ms+3ms
07-17 00:39:58.215 31371 31373 D dalvikvm: GC_CONCURRENT freed 469K, 7% free 9959K/10695K, paused 2ms+3ms
07-17 00:39:59.239 31371 31373 D dalvikvm: GC_CONCURRENT freed 395K, 7% free 9950K/10695K, paused 2ms+2ms
07-17 00:40:00.270 29971 29973 D dalvikvm: GC_CONCURRENT freed 440K, 6% free 10500K/11079K, paused 12ms+5ms
07-17 00:40:00.337 31371 31373 D dalvikvm: GC_CONCURRENT freed 387K, 7% free 9951K/10695K, paused 2ms+2ms
07-17 00:40:00.379   346   346 D SAN_SERVICE: *******************************************
07-17 00:40:00.379   346   346 D SAN_SERVICE: DM App Phone Service State - 0
07-17 00:40:00.379   346   346 D SAN_SERVICE: *******************************************
07-17 00:40:00.938   346   346 D SAN_SERVICE: *******************************************
07-17 00:40:00.938   346   346 D SAN_SERVICE: DM App Phone Service State - 0
07-17 00:40:00.938   346   346 D SAN_SERVICE: *******************************************
07-17 00:40:01.278 31371 31373 D dalvikvm: GC_CONCURRENT freed 387K, 7% free 9951K/10695K, paused 2ms+3ms
07-17 00:40:02.254   144   310 D dalvikvm: GC_EXPLICIT freed 939K, 19% free 17678K/21767K, paused 3ms+11ms
07-17 00:40:02.360 31371 31373 D dalvikvm: GC_CONCURRENT freed 387K, 7% free 9951K/10695K, paused 2ms+3ms
07-17 00:40:03.223 31371 31373 D dalvikvm: GC_CONCURRENT freed 389K, 7% free 9949K/10695K, paused 2ms+2ms
07-17 00:40:04.258 31371 31373 D dalvikvm: GC_CONCURRENT freed 386K, 7% free 9949K/10695K, paused 2ms+2ms
07-17 00:40:05.274 31371 31373 D dalvikvm: GC_CONCURRENT freed 387K, 7% free 9949K/10695K, paused 2ms+2ms
07-17 00:40:05.805   346   346 D SAN_SERVICE: *******************************************
07-17 00:40:05.805   346   346 D SAN_SERVICE: DM App Phone Service State - 0
07-17 00:40:05.805   346   346 D SAN_SERVICE: *******************************************
07-17 00:40:05.883   346   346 D SAN_SERVICE: *******************************************
07-17 00:40:05.883   346   346 D SAN_SERVICE: DM App Phone Service State - 0
07-17 00:40:05.887   346   346 D SAN_SERVICE: *******************************************
07-17 00:40:06.270 31371 31373 D dalvikvm: GC_CONCURRENT freed 387K, 7% free 9950K/10695K, paused 2ms+2ms
07-17 00:40:06.817 29897 29910 I PhoneLab-: Service Running
07-17 00:40:06.938 29897 29910 I PhoneLab-LoggerService: app_37    1395  1     1432   992   c00f181c 400107b4 S logcat
07-17 00:40:06.938 29897 29910 I PhoneLab-LoggerService: Logcat pid from database 1395
07-17 00:40:06.938 29897 29910 I PhoneLab-LoggerService: Logcat process found 1395
07-17 00:40:06.938 29897 29910 I PhoneLab-LoggerService: Checking Threshold
07-17 00:40:06.938 29897 29910 I PhoneLab-LoggerService: Starting to rename files
07-17 00:40:06.938 29897 29910 I PhoneLab-LoggerService: Files found .. 2
07-17 00:40:07.254 31371 31373 D dalvikvm: GC_CONCURRENT freed 387K, 7% free 9950K/10695K, paused 2ms+3ms
07-17 00:40:08.219 31371 31373 D dalvikvm: GC_CONCURRENT freed 387K, 7% free 9950K/10695K, paused 2ms+3ms
07-17 00:40:09.145 27911 27922 D dalvikvm: GC_EXPLICIT freed 177K, 6% free 10195K/10759K, paused 3ms+5ms
07-17 00:40:09.270 31371 31373 D dalvikvm: GC_CONCURRENT freed 386K, 7% free 9950K/10695K, paused 2ms+3ms
07-17 00:40:10.227 31371 31373 D dalvikvm: GC_CONCURRENT freed 392K, 8% free 9945K/10695K, paused 2ms+3ms
07-17 00:40:10.692   346   346 D SAN_SERVICE: *******************************************
07-17 00:40:10.692   346   346 D SAN_SERVICE: DM App Phone Service State - 0
07-17 00:40:10.692   346   346 D SAN_SERVICE: *******************************************
07-17 00:40:10.919   346   346 D SAN_SERVICE: *******************************************
07-17 00:40:10.919   346   346 D SAN_SERVICE: DM App Phone Service State - 0
07-17 00:40:10.919   346   346 D SAN_SERVICE: *******************************************
07-17 00:40:11.258 31371 31373 D dalvikvm: GC_CONCURRENT freed 387K, 8% free 9946K/10695K, paused 3ms+3ms
07-17 00:40:12.251 31371 31373 D dalvikvm: GC_CONCURRENT freed 387K, 8% free 9946K/10695K, paused 2ms+3ms
07-17 00:40:13.258 31371 31373 D dalvikvm: GC_CONCURRENT freed 387K, 8% free 9946K/10695K, paused 2ms+2ms
07-17 00:40:14.243 31371 31373 D dalvikvm: GC_CONCURRENT freed 387K, 8% free 9947K/10695K, paused 2ms+2ms
07-17 00:40:15.204 31371 31373 D dalvikvm: GC_CONCURRENT freed 387K, 7% free 9947K/10695K, paused 2ms+2ms
07-17 00:40:15.950   346   346 D SAN_SERVICE: *******************************************
07-17 00:40:15.950   346   346 D SAN_SERVICE: DM App Phone Service State - 0
07-17 00:40:15.950   346   346 D SAN_SERVICE: *******************************************
07-17 00:40:16.219 31371 31845 D dalvikvm: GC_EXPLICIT freed 55K, 8% free 9899K/10695K, paused 3ms+2ms
07-17 00:40:17.204 31371 31373 D dalvikvm: GC_CONCURRENT freed 415K, 7% free 9948K/10695K, paused 3ms+2ms
07-17 00:40:18.219 31371 31373 D dalvikvm: GC_CONCURRENT freed 508K, 7% free 9951K/10695K, paused 2ms+3ms
07-17 00:40:19.243 31371 31373 D dalvikvm: GC_CONCURRENT freed 491K, 7% free 9970K/10695K, paused 2ms+3ms
07-17 00:40:20.266 31371 31373 D dalvikvm: GC_CONCURRENT freed 472K, 8% free 9941K/10695K, paused 2ms+2ms
07-17 00:40:21.083   346   346 D SAN_SERVICE: *******************************************
07-17 00:40:21.083   346   346 D SAN_SERVICE: DM App Phone Service State - 0
07-17 00:40:21.083   346   346 D SAN_SERVICE: *******************************************
07-17 00:40:21.223 31371 31373 D dalvikvm: GC_CONCURRENT freed 380K, 7% free 9949K/10695K, paused 2ms+2ms
07-17 00:40:22.200 31371 31373 D dalvikvm: GC_CONCURRENT freed 387K, 7% free 9949K/10695K, paused 3ms+3ms
07-17 00:40:23.219 31371 31373 D dalvikvm: GC_CONCURRENT freed 387K, 7% free 9949K/10695K, paused 2ms+2ms
07-17 00:40:24.212 31371 31373 D dalvikvm: GC_CONCURRENT freed 387K, 7% free 9950K/10695K, paused 2ms+3ms
07-17 00:40:25.290 31371 31373 D dalvikvm: GC_CONCURRENT freed 387K, 7% free 9950K/10695K, paused 3ms+3ms
07-17 00:40:26.145   346   346 D SAN_SERVICE: *******************************************
07-17 00:40:26.145   346   346 D SAN_SERVICE: DM App Phone Service State - 0
07-17 00:40:26.145   346   346 D SAN_SERVICE: *******************************************
07-17 00:40:26.317   144   155 D dalvikvm: GC_EXPLICIT freed 1047K, 19% free 17680K/21767K, paused 4ms+10ms
07-17 00:40:26.419 31371 31373 D dalvikvm: GC_CONCURRENT freed 387K, 7% free 9950K/10695K, paused 1ms+2ms
07-17 00:40:26.938   346   346 D SAN_SERVICE: *******************************************
07-17 00:40:26.938   346   346 D SAN_SERVICE: DM App Phone Service State - 0
07-17 00:40:26.938   346   346 D SAN_SERVICE: *******************************************
07-17 00:40:27.231 31371 31373 D dalvikvm: GC_CONCURRENT freed 390K, 7% free 9947K/10695K, paused 1ms+3ms
07-17 00:40:28.266 31371 31373 D dalvikvm: GC_CONCURRENT freed 391K, 8% free 9945K/10695K, paused 2ms+3ms
07-17 00:40:29.243 31371 31373 D dalvikvm: GC_CONCURRENT freed 387K, 8% free 9945K/10695K, paused 2ms+2ms
07-17 00:40:30.254 31371 31373 D dalvikvm: GC_CONCURRENT freed 387K, 8% free 9945K/10695K, paused 2ms+3ms
07-17 00:40:31.149   346   346 D SAN_SERVICE: *******************************************
07-17 00:40:31.149   346   346 D SAN_SERVICE: DM App Phone Service State - 0
07-17 00:40:31.149   346   346 D SAN_SERVICE: *******************************************
07-17 00:40:31.258 31371 31373 D dalvikvm: GC_CONCURRENT freed 387K, 8% free 9945K/10695K, paused 3ms+2ms
07-17 00:40:31.973   346   346 D SAN_SERVICE: *******************************************
07-17 00:40:31.973   346   346 D SAN_SERVICE: DM App Phone Service State - 0
07-17 00:40:31.973   346   346 D SAN_SERVICE: *******************************************
07-17 00:40:32.239 31371 31373 D dalvikvm: GC_CONCURRENT freed 387K, 8% free 9946K/10695K, paused 2ms+2ms
07-17 00:40:33.239 31371 31373 D dalvikvm: GC_CONCURRENT freed 387K, 8% free 9946K/10695K, paused 2ms+2ms
07-17 00:40:34.266 31371 31373 D dalvikvm: GC_CONCURRENT freed 387K, 8% free 9947K/10695K, paused 3ms+2ms
07-17 00:40:35.309 31371 31373 D dalvikvm: GC_CONCURRENT freed 387K, 8% free 9946K/10695K, paused 3ms+2ms
07-17 00:40:36.251 31371 31373 D dalvikvm: GC_CONCURRENT freed 387K, 8% free 9947K/10695K, paused 2ms+2ms
07-17 00:40:36.399   346   346 D SAN_SERVICE: *******************************************
07-17 00:40:36.399   346   346 D SAN_SERVICE: DM App Phone Service State - 0
07-17 00:40:36.399   346   346 D SAN_SERVICE: *******************************************
07-17 00:40:36.926   346   346 D SAN_SERVICE: *******************************************
07-17 00:40:36.926   346   346 D SAN_SERVICE: DM App Phone Service State - 0
07-17 00:40:36.926   346   346 D SAN_SERVICE: *******************************************
07-17 00:40:37.258 31371 31373 D dalvikvm: GC_CONCURRENT freed 387K, 7% free 9947K/10695K, paused 3ms+2ms
07-17 00:40:38.254 31371 31373 D dalvikvm: GC_CONCURRENT freed 387K, 7% free 9948K/10695K, paused 2ms+2ms
07-17 00:40:39.204 31371 31373 D dalvikvm: GC_CONCURRENT freed 387K, 7% free 9948K/10695K, paused 2ms+3ms
07-17 00:40:40.247 31371 31373 D dalvikvm: GC_CONCURRENT freed 387K, 7% free 9948K/10695K, paused 2ms+2ms
07-17 00:40:41.231 31371 31775 D dalvikvm: GC_EXPLICIT freed 58K, 8% free 9904K/10695K, paused 2ms+3ms
07-17 00:40:42.215 31371 31373 D dalvikvm: GC_CONCURRENT freed 458K, 7% free 9953K/10695K, paused 2ms+2ms
07-17 00:40:43.266 31371 31373 D dalvikvm: GC_CONCURRENT freed 443K, 7% free 10019K/10695K, paused 2ms+3ms
07-17 00:40:44.239 31371 31373 D dalvikvm: GC_CONCURRENT freed 544K, 7% free 9987K/10695K, paused 2ms+3ms
07-17 00:40:45.254 31371 31373 D dalvikvm: GC_CONCURRENT freed 431K, 7% free 9951K/10695K, paused 2ms+2ms
07-17 00:40:46.254 31371 31373 D dalvikvm: GC_CONCURRENT freed 389K, 7% free 9950K/10695K, paused 2ms+3ms
07-17 00:40:47.204 31371 31373 D dalvikvm: GC_CONCURRENT freed 387K, 7% free 9950K/10695K, paused 2ms+2ms
07-17 00:40:47.903 29971 29973 D dalvikvm: GC_CONCURRENT freed 548K, 6% free 10514K/11143K, paused 2ms+4ms
07-17 00:40:48.055 31371 31373 D dalvikvm: GC_CONCURRENT freed 388K, 7% free 9951K/10695K, paused 6ms+2ms
07-17 00:40:48.247   144  6618 D dalvikvm: GC_EXPLICIT freed 1050K, 19% free 17675K/21767K, paused 4ms+12ms
07-17 00:40:48.356 31371 31373 D dalvikvm: GC_CONCURRENT freed 387K, 7% free 9950K/10695K, paused 3ms+3ms
07-17 00:40:49.294 31371 31373 D dalvikvm: GC_CONCURRENT freed 389K, 7% free 9948K/10695K, paused 2ms+2ms
07-17 00:40:50.212 31371 31373 D dalvikvm: GC_CONCURRENT freed 386K, 7% free 9948K/10695K, paused 3ms+2ms
07-17 00:40:51.301 31371 31373 D dalvikvm: GC_CONCURRENT freed 386K, 7% free 9948K/10695K, paused 2ms+4ms
07-17 00:40:51.754   144   199 D DhcpInfoInternal: makeLinkProperties with empty dns2!
07-17 00:40:51.766   144   199 D DhcpInfoInternal: makeLinkProperties with empty dns2!
07-17 00:40:52.266 31371 31373 D dalvikvm: GC_CONCURRENT freed 386K, 7% free 9949K/10695K, paused 3ms+2ms
07-17 00:40:53.231 31371 31373 D dalvikvm: GC_CONCURRENT freed 386K, 7% free 9949K/10695K, paused 2ms+3ms
07-17 00:40:54.297 31371 31373 D dalvikvm: GC_CONCURRENT freed 386K, 7% free 9949K/10695K, paused 4ms+6ms
07-17 00:40:55.282 31371 31373 D dalvikvm: GC_CONCURRENT freed 387K, 7% free 9949K/10695K, paused 3ms+3ms
07-17 00:40:56.231 31371 31373 D dalvikvm: GC_CONCURRENT freed 386K, 7% free 9950K/10695K, paused 2ms+3ms
07-17 00:40:56.532 27911 28103 D dalvikvm: GC_EXPLICIT freed 227K, 6% free 10214K/10759K, paused 3ms+4ms
07-17 00:40:56.962   346   346 D SAN_SERVICE: *******************************************
07-17 00:40:56.962   346   346 D SAN_SERVICE: DM App Phone Service State - 0
07-17 00:40:56.962   346   346 D SAN_SERVICE: *******************************************
07-17 00:40:57.262 31371 31373 D dalvikvm: GC_CONCURRENT freed 387K, 7% free 9950K/10695K, paused 2ms+2ms
07-17 00:40:58.243 31371 31373 D dalvikvm: GC_CONCURRENT freed 394K, 8% free 9943K/10695K, paused 2ms+2ms
07-17 00:40:59.258 31371 31373 D dalvikvm: GC_CONCURRENT freed 383K, 7% free 9948K/10695K, paused 2ms+2ms
07-17 00:41:00.212 31371 31373 D dalvikvm: GC_CONCURRENT freed 386K, 7% free 9948K/10695K, paused 2ms+2ms
07-17 00:41:00.426 29843 29844 D dalvikvm: GC_CONCURRENT freed 423K, 6% free 10389K/10951K, paused 21ms+2ms
07-17 00:41:01.251 31371 31373 D dalvikvm: GC_CONCURRENT freed 386K, 7% free 9948K/10695K, paused 2ms+2ms
07-17 00:41:02.071   346   346 D SAN_SERVICE: *******************************************
07-17 00:41:02.071   346   346 D SAN_SERVICE: DM App Phone Service State - 0
07-17 00:41:02.071   346   346 D SAN_SERVICE: *******************************************
07-17 00:41:02.208 31371 31373 D dalvikvm: GC_CONCURRENT freed 386K, 7% free 9949K/10695K, paused 2ms+3ms
07-17 00:41:03.208 31371 31373 D dalvikvm: GC_CONCURRENT freed 387K, 7% free 9949K/10695K, paused 2ms+2ms
07-17 00:41:04.219 31371 31373 D dalvikvm: GC_CONCURRENT freed 387K, 7% free 9949K/10695K, paused 1ms+2ms
07-17 00:41:05.196 31371 31967 D dalvikvm: GC_EXPLICIT freed 67K, 8% free 9902K/10695K, paused 2ms+3ms
07-17 00:41:06.231 31371 31373 D dalvikvm: GC_CONCURRENT freed 452K, 7% free 9952K/10695K, paused 2ms+2ms
07-17 00:41:07.184   346   346 D SAN_SERVICE: *******************************************
07-17 00:41:07.184   346   346 D SAN_SERVICE: DM App Phone Service State - 0
07-17 00:41:07.184   346   346 D SAN_SERVICE: *******************************************
07-17 00:41:07.282 31371 31373 D dalvikvm: GC_CONCURRENT freed 441K, 7% free 10021K/10695K, paused 2ms+3ms
07-17 00:41:07.911   346   346 D SAN_SERVICE: *******************************************
07-17 00:41:07.911   346   346 D SAN_SERVICE: DM App Phone Service State - 0
07-17 00:41:07.911   346   346 D SAN_SERVICE: *******************************************
07-17 00:41:08.270 31371 31373 D dalvikvm: GC_CONCURRENT freed 543K, 7% free 9987K/10695K, paused 2ms+4ms
07-17 00:41:09.286   144   388 D dalvikvm: GC_EXPLICIT freed 1047K, 19% free 17673K/21767K, paused 4ms+10ms
07-17 00:41:09.379 31371 31373 D dalvikvm: GC_CONCURRENT freed 430K, 7% free 9951K/10695K, paused 2ms+3ms
07-17 00:41:10.239 31371 31373 D dalvikvm: GC_CONCURRENT freed 390K, 7% free 9948K/10695K, paused 2ms+3ms
07-17 00:41:11.231 31371 31373 D dalvikvm: GC_CONCURRENT freed 386K, 7% free 9949K/10695K, paused 1ms+3ms
07-17 00:41:12.270 31371 31373 D dalvikvm: GC_CONCURRENT freed 386K, 7% free 9949K/10695K, paused 2ms+2ms
07-17 00:41:13.223 31371 31373 D dalvikvm: GC_CONCURRENT freed 387K, 7% free 9949K/10695K, paused 3ms+3ms
07-17 00:41:14.251 31371 31373 D dalvikvm: GC_CONCURRENT freed 387K, 7% free 9949K/10695K, paused 1ms+2ms
07-17 00:41:15.247 31371 31373 D dalvikvm: GC_CONCURRENT freed 387K, 7% free 9950K/10695K, paused 3ms+2ms
07-17 00:41:16.208 31371 31373 D dalvikvm: GC_CONCURRENT freed 386K, 7% free 9950K/10695K, paused 2ms+4ms
07-17 00:41:17.270 31371 31373 D dalvikvm: GC_CONCURRENT freed 386K, 7% free 9950K/10695K, paused 2ms+2ms
07-17 00:41:18.258 31371 31373 D dalvikvm: GC_CONCURRENT freed 386K, 7% free 9950K/10695K, paused 2ms+3ms
07-17 00:41:19.231 31371 31373 D dalvikvm: GC_CONCURRENT freed 387K, 7% free 9951K/10695K, paused 2ms+3ms
07-17 00:41:19.641    86   545 E GPSD    : ril_gps_wait_for_ril: Response already received.
07-17 00:41:20.266 31371 31373 D dalvikvm: GC_CONCURRENT freed 387K, 7% free 9951K/10695K, paused 2ms+2ms
07-17 00:41:21.254 31371 31373 D dalvikvm: GC_CONCURRENT freed 386K, 7% free 9951K/10695K, paused 2ms+3ms
07-17 00:41:22.266 31371 31373 D dalvikvm: GC_CONCURRENT freed 386K, 7% free 9952K/10695K, paused 1ms+2ms
07-17 00:41:22.473   346   346 D SAN_SERVICE: *******************************************
07-17 00:41:22.473   346   346 D SAN_SERVICE: DM App Phone Service State - 0
07-17 00:41:22.473   346   346 D SAN_SERVICE: *******************************************
07-17 00:41:23.063   346   346 D SAN_SERVICE: *******************************************
07-17 00:41:23.063   346   346 D SAN_SERVICE: DM App Phone Service State - 0
07-17 00:41:23.063   346   346 D SAN_SERVICE: *******************************************
07-17 00:41:23.200 31371 31373 D dalvikvm: GC_CONCURRENT freed 386K, 7% free 9952K/10695K, paused 2ms+2ms
07-17 00:41:24.254 31371 31373 D dalvikvm: GC_CONCURRENT freed 387K, 7% free 9952K/10695K, paused 3ms+2ms
07-17 00:41:25.243 31371 31373 D dalvikvm: GC_CONCURRENT freed 387K, 7% free 9952K/10695K, paused 2ms+2ms
07-17 00:41:26.071 29971 29973 D dalvikvm: GC_CONCURRENT freed 394K, 6% free 10504K/11143K, paused 3ms+2ms
07-17 00:41:26.208 31371 31373 D dalvikvm: GC_CONCURRENT freed 386K, 7% free 9953K/10695K, paused 2ms+2ms
07-17 00:41:27.262 31371 31373 D dalvikvm: GC_CONCURRENT freed 386K, 7% free 9953K/10695K, paused 2ms+2ms
07-17 00:41:27.473   346   346 D SAN_SERVICE: *******************************************
07-17 00:41:27.473   346   346 D SAN_SERVICE: DM App Phone Service State - 0
07-17 00:41:27.473   346   346 D SAN_SERVICE: *******************************************
07-17 00:41:27.997   346   346 D SAN_SERVICE: *******************************************
07-17 00:41:27.997   346   346 D SAN_SERVICE: DM App Phone Service State - 0
07-17 00:41:27.997   346   346 D SAN_SERVICE: *******************************************
07-17 00:41:28.251 31371 31373 D dalvikvm: GC_CONCURRENT freed 386K, 7% free 9953K/10695K, paused 2ms+2ms
07-17 00:41:30.231 31371 31373 D dalvikvm: GC_CONCURRENT freed 501K, 7% free 9958K/10695K, paused 3ms+2ms
07-17 00:41:31.188 31371 31371 D dalvikvm: GC_EXPLICIT freed 292K, 8% free 9908K/10695K, paused 2ms+3ms
07-17 00:41:32.208 31371 31373 D dalvikvm: GC_CONCURRENT freed 451K, 7% free 9958K/10695K, paused 2ms+3ms
07-17 00:41:33.301   144   317 D dalvikvm: GC_EXPLICIT freed 1122K, 19% free 17684K/21767K, paused 4ms+10ms
07-17 00:41:33.407 31371 31373 D dalvikvm: GC_CONCURRENT freed 438K, 6% free 10055K/10695K, paused 2ms+2ms
07-17 00:41:34.243 31371 31373 D dalvikvm: GC_CONCURRENT freed 541K, 7% free 9957K/10695K, paused 2ms+2ms
07-17 00:41:36.223 31371 31373 D dalvikvm: GC_CONCURRENT freed 505K, 7% free 9957K/10695K, paused 1ms+3ms
07-17 00:41:37.286 31371 31373 D dalvikvm: GC_CONCURRENT freed 450K, 7% free 10014K/10695K, paused 2ms+18ms
07-17 00:41:38.254 31371 31373 D dalvikvm: GC_CONCURRENT freed 521K, 7% free 9964K/10695K, paused 2ms+2ms
07-17 00:41:40.251 31371 31373 D dalvikvm: GC_CONCURRENT freed 511K, 7% free 9958K/10695K, paused 2ms+3ms
07-17 00:41:41.204 31371 31373 D dalvikvm: GC_CONCURRENT freed 441K, 6% free 10055K/10695K, paused 2ms+3ms
07-17 00:41:42.219 31371 31373 D dalvikvm: GC_CONCURRENT freed 536K, 7% free 9959K/10695K, paused 3ms+3ms
07-17 00:41:43.079   346   346 D SAN_SERVICE: *******************************************
07-17 00:41:43.079   346   346 D SAN_SERVICE: DM App Phone Service State - 0
07-17 00:41:43.079   346   346 D SAN_SERVICE: *******************************************
07-17 00:41:44.251 31371 31373 D dalvikvm: GC_CONCURRENT freed 504K, 7% free 9960K/10695K, paused 4ms+3ms
07-17 00:41:45.251 31371 31373 D dalvikvm: GC_CONCURRENT freed 446K, 7% free 10021K/10695K, paused 2ms+3ms
07-17 00:41:46.200 27911 31298 D dalvikvm: GC_EXPLICIT freed 227K, 6% free 10211K/10759K, paused 3ms+5ms
07-17 00:41:46.309 31371 31373 D dalvikvm: GC_CONCURRENT freed 526K, 7% free 9966K/10695K, paused 2ms+3ms
07-17 00:41:47.942   346   346 D SAN_SERVICE: *******************************************
07-17 00:41:47.942   346   346 D SAN_SERVICE: DM App Phone Service State - 0
07-17 00:41:47.942   346   346 D SAN_SERVICE: *******************************************
07-17 00:41:48.149 29971 29973 D dalvikvm: GC_CONCURRENT freed 441K, 6% free 10509K/11143K, paused 2ms+7ms
07-17 00:41:48.153 31371 31373 D dalvikvm: GC_CONCURRENT freed 519K, 7% free 9954K/10695K, paused 2ms+5ms
07-17 00:41:48.317 31371 31373 D dalvikvm: GC_CONCURRENT freed 442K, 7% free 10021K/10695K, paused 2ms+3ms
07-17 00:41:49.219 31371 31373 D dalvikvm: GC_CONCURRENT freed 532K, 7% free 9960K/10695K, paused 2ms+3ms
07-17 00:41:51.317 31371 31373 D dalvikvm: GC_CONCURRENT freed 487K, 7% free 9982K/10695K, paused 2ms+52ms
07-17 00:41:52.254 31371 31373 D dalvikvm: GC_CONCURRENT freed 469K, 7% free 10014K/10695K, paused 2ms+2ms
07-17 00:41:53.270 31371 31373 D dalvikvm: GC_CONCURRENT freed 521K, 7% free 9972K/10695K, paused 2ms+2ms
07-17 00:41:54.286   144   156 D dalvikvm: GC_EXPLICIT freed 962K, 19% free 17672K/21767K, paused 4ms+10ms
07-17 00:41:55.192 31371 31373 D dalvikvm: GC_CONCURRENT freed 446K, 8% free 9916K/10695K, paused 2ms+2ms
07-17 00:41:55.227 31371 32072 D dalvikvm: GC_EXPLICIT freed 17K, 8% free 9899K/10695K, paused 2ms+4ms
07-17 00:41:56.223 31371 31373 D dalvikvm: GC_CONCURRENT freed 462K, 7% free 9948K/10695K, paused 2ms+2ms
07-17 00:41:57.266 31371 31373 D dalvikvm: GC_CONCURRENT freed 512K, 7% free 9948K/10695K, paused 2ms+3ms
07-17 00:41:58.239 31371 31373 D dalvikvm: GC_CONCURRENT freed 436K, 7% free 9957K/10695K, paused 2ms+3ms
07-17 00:42:00.215 31371 31373 D dalvikvm: GC_CONCURRENT freed 479K, 7% free 9983K/10695K, paused 2ms+2ms
07-17 00:42:01.278 31371 31373 D dalvikvm: GC_CONCURRENT freed 467K, 7% free 10027K/10695K, paused 2ms+4ms
07-17 00:42:02.212 31371 31373 D dalvikvm: GC_CONCURRENT freed 557K, 7% free 9981K/10695K, paused 2ms+3ms
07-17 00:42:03.290 31371 31373 D dalvikvm: GC_CONCURRENT freed 417K, 7% free 9950K/10695K, paused 3ms+3ms
07-17 00:42:03.497   346   346 D SAN_SERVICE: *******************************************
07-17 00:42:03.497   346   346 D SAN_SERVICE: DM App Phone Service State - 0
07-17 00:42:03.497   346   346 D SAN_SERVICE: *******************************************
07-17 00:42:04.004   144   174 I ActivityManager: Start proc com.google.android.apps.plus for service com.google.android.apps.plus/.service.EsService: pid=32089 uid=10060 gids={3003, 3002, 1015, 1006}
07-17 00:42:04.008   346   346 D SAN_SERVICE: *******************************************
07-17 00:42:04.008   346   346 D SAN_SERVICE: DM App Phone Service State - 0
07-17 00:42:04.008   346   346 D SAN_SERVICE: *******************************************
07-17 00:42:04.379 32089 32091 D dalvikvm: GC_CONCURRENT freed 169K, 3% free 9362K/9607K, paused 3ms+2ms
07-17 00:42:04.454 31371 31373 D dalvikvm: GC_CONCURRENT freed 385K, 7% free 9950K/10695K, paused 29ms+3ms
07-17 00:42:04.540 32089 32089 I ActivityThread: Pub com.google.android.apps.plus.content.ApiProvider: com.google.android.apps.plus.content.EsApiProvider
07-17 00:42:04.571 32089 32089 I ActivityThread: Pub com.google.android.apps.plus.content.EsGooglePhotoProvider: com.google.android.picasasync.PicasaContentProvider
07-17 00:42:04.727 32089 32091 D dalvikvm: GC_CONCURRENT freed 336K, 5% free 9577K/9991K, paused 4ms+3ms
07-17 00:42:04.758 32089 32089 I ActivityThread: Pub com.google.android.apps.plus.content.EsPicasaStoreProvider: com.google.android.picasastore.PicasaPhotoContentProvider
07-17 00:42:04.766 32089 32089 I ActivityThread: Pub com.google.plus.platform: com.google.android.apps.plus.content.AdsProvider
07-17 00:42:04.770 32089 32089 I ActivityThread: Pub com.google.android.apps.plus.iu.EsGoogleIuProvider: com.google.android.apps.plus.iu.InstantUploadProvider
07-17 00:42:04.872 32089 32091 D dalvikvm: GC_CONCURRENT freed 471K, 6% free 9634K/10183K, paused 4ms+3ms
07-17 00:42:04.879 32089 32089 I ActivityThread: Pub com.google.android.apps.plus.content.EsProvider: com.google.android.apps.plus.content.EsProvider
07-17 00:42:04.942 32089 32106 D PicasaPhotoCP: set fsid first time:-1
07-17 00:42:05.028 32089 32110 D dalvikvm: GC_FOR_ALLOC freed 206K, 5% free 9837K/10247K, paused 34ms
07-17 00:42:05.215 31371 31373 D dalvikvm: GC_CONCURRENT freed 385K, 7% free 9950K/10695K, paused 1ms+2ms
07-17 00:42:05.325 32089 32091 D dalvikvm: GC_CONCURRENT freed 156K, 3% free 10081K/10375K, paused 2ms+2ms
07-17 00:42:05.520 32089 32091 D dalvikvm: GC_CONCURRENT freed 165K, 3% free 10330K/10631K, paused 2ms+2ms
07-17 00:42:05.598 32089 32108 D dalvikvm: GC_FOR_ALLOC freed 243K, 4% free 10457K/10887K, paused 29ms
07-17 00:42:05.598 32089 32108 I dalvikvm-heap: Grow heap (frag case) to 10.533MB for 260112-byte allocation
07-17 00:42:05.629 32089 32108 D dalvikvm: GC_FOR_ALLOC freed 126K, 6% free 10585K/11143K, paused 25ms
07-17 00:42:05.661 32089 32108 D dalvikvm: GC_FOR_ALLOC freed 311K, 6% free 10578K/11143K, paused 23ms
07-17 00:42:05.688 32089 32108 D dalvikvm: GC_FOR_ALLOC freed 62K, 5% free 10642K/11143K, paused 23ms
07-17 00:42:05.688 32089 32108 I dalvikvm-heap: Grow heap (frag case) to 10.713MB for 260112-byte allocation
07-17 00:42:05.715 32089 32108 D dalvikvm: GC_FOR_ALLOC freed 126K, 6% free 10770K/11399K, paused 24ms
07-17 00:42:05.747 32089 32108 D dalvikvm: GC_FOR_ALLOC freed 307K, 6% free 10761K/11399K, paused 28ms
07-17 00:42:05.774 32089 32108 D dalvikvm: GC_FOR_ALLOC freed 62K, 6% free 10825K/11399K, paused 23ms
07-17 00:42:05.774 32089 32108 I dalvikvm-heap: Grow heap (frag case) to 10.892MB for 260112-byte allocation
07-17 00:42:05.801 32089 32108 D dalvikvm: GC_FOR_ALLOC freed 126K, 7% free 10953K/11655K, paused 23ms
07-17 00:42:05.958 32089 32091 D dalvikvm: GC_CONCURRENT freed 337K, 5% free 11180K/11655K, paused 2ms+6ms
07-17 00:42:06.126 32089 32091 D dalvikvm: GC_CONCURRENT freed 140K, 3% free 11706K/11975K, paused 2ms+3ms
07-17 00:42:06.251 31371 31373 D dalvikvm: GC_CONCURRENT freed 385K, 7% free 9950K/10695K, paused 1ms+2ms
07-17 00:42:06.438 32089 32091 D dalvikvm: GC_CONCURRENT freed 328K, 4% free 12176K/12615K, paused 3ms+5ms
07-17 00:42:06.676 32089 32091 D dalvikvm: GC_CONCURRENT freed 420K, 5% free 12698K/13255K, paused 2ms+2ms
07-17 00:42:06.809 29897 29910 I PhoneLab-: Service Running
07-17 00:42:06.911 29897 29910 I PhoneLab-LoggerService: app_37    1395  1     1432   988   c00f181c 400107b4 S logcat
07-17 00:42:06.911 29897 29910 I PhoneLab-LoggerService: Logcat pid from database 1395
07-17 00:42:06.911 29897 29910 I PhoneLab-LoggerService: Logcat process found 1395
07-17 00:42:06.911 29897 29910 I PhoneLab-LoggerService: Checking Threshold
07-17 00:42:06.915 29897 29910 I PhoneLab-LoggerService: Starting to rename files
07-17 00:42:06.915 29897 29910 I PhoneLab-LoggerService: Files found .. 2
07-17 00:42:07.024 32089 32109 I SqliteDatabaseCpp: sqlite returned: error code = 1, msg = no such column: wipeout_stats, db=/data/data/com.google.android.apps.plus/databases/es0.db
07-17 00:42:07.028 32089 32109 W System.err: android.database.sqlite.SQLiteException: no such column: wipeout_stats: , while compiling: SELECT wipeout_stats  FROM account_status
07-17 00:42:07.036 32089 32109 W System.err: 	at android.database.sqlite.SQLiteCompiledSql.native_compile(Native Method)
07-17 00:42:07.036 32089 32109 W System.err: 	at android.database.sqlite.SQLiteCompiledSql.<init>(SQLiteCompiledSql.java:68)
07-17 00:42:07.036 32089 32109 W System.err: 	at android.database.sqlite.SQLiteProgram.compileSql(SQLiteProgram.java:143)
07-17 00:42:07.040 32089 32109 W System.err: 	at android.database.sqlite.SQLiteProgram.compileAndbindAllArgs(SQLiteProgram.java:361)
07-17 00:42:07.040 32089 32109 W System.err: 	at android.database.sqlite.SQLiteStatement.acquireAndLock(SQLiteStatement.java:260)
07-17 00:42:07.040 32089 32109 W System.err: 	at android.database.sqlite.SQLiteStatement.simpleQueryForLong(SQLiteStatement.java:137)
07-17 00:42:07.040 32089 32109 W System.err: 	at android.database.DatabaseUtils.longForQuery(DatabaseUtils.java:791)
07-17 00:42:07.040 32089 32109 W System.err: 	at android.database.DatabaseUtils.longForQuery(DatabaseUtils.java:779)
07-17 00:42:07.040 32089 32109 W System.err: 	at com.google.android.apps.plus.content.EsAccountsData.isContactsStatsWipeoutNeeded(EsAccountsData.java:641)
07-17 00:42:07.040 32089 32109 W System.err: 	at com.google.android.apps.plus.service.EsService.processIntent(EsService.java:4246)
07-17 00:42:07.040 32089 32109 W System.err: 	at com.google.android.apps.plus.service.ServiceThread$1.run(ServiceThread.java:50)
07-17 00:42:07.040 32089 32109 W System.err: 	at android.os.Handler.handleCallback(Handler.java:605)
07-17 00:42:07.040 32089 32109 W System.err: 	at android.os.Handler.dispatchMessage(Handler.java:92)
07-17 00:42:07.040 32089 32109 W System.err: 	at android.os.Looper.loop(Looper.java:137)
07-17 00:42:07.040 32089 32109 W System.err: 	at com.google.android.apps.plus.service.ServiceThread.run(ServiceThread.java:122)
07-17 00:42:07.247 31371 31373 D dalvikvm: GC_CONCURRENT freed 385K, 7% free 9951K/10695K, paused 2ms+3ms
07-17 00:42:08.247 31371 31373 D dalvikvm: GC_CONCURRENT freed 385K, 7% free 9951K/10695K, paused 2ms+2ms
07-17 00:42:08.551   346   346 D SAN_SERVICE: *******************************************
07-17 00:42:08.551   346   346 D SAN_SERVICE: DM App Phone Service State - 0
07-17 00:42:08.551   346   346 D SAN_SERVICE: *******************************************
07-17 00:42:08.587   346   348 D dalvikvm: GC_CONCURRENT freed 834K, 9% free 11892K/13063K, paused 12ms+4ms
07-17 00:42:08.997   346   346 D SAN_SERVICE: *******************************************
07-17 00:42:08.997   346   346 D SAN_SERVICE: DM App Phone Service State - 0
07-17 00:42:08.997   346   346 D SAN_SERVICE: *******************************************
07-17 00:42:09.294 31371 31373 D dalvikvm: GC_CONCURRENT freed 385K, 7% free 9951K/10695K, paused 2ms+2ms
07-17 00:42:10.297 31371 31373 D dalvikvm: GC_CONCURRENT freed 385K, 7% free 9951K/10695K, paused 3ms+3ms
07-17 00:42:11.297 31371 31373 D dalvikvm: GC_CONCURRENT freed 385K, 7% free 9952K/10695K, paused 1ms+2ms
07-17 00:42:12.215 31371 31373 D dalvikvm: GC_CONCURRENT freed 385K, 7% free 9952K/10695K, paused 2ms+2ms
07-17 00:42:13.305   144   156 D dalvikvm: GC_EXPLICIT freed 918K, 19% free 17676K/21767K, paused 9ms+10ms
07-17 00:42:13.411 31371 31373 D dalvikvm: GC_CONCURRENT freed 385K, 7% free 9953K/10695K, paused 2ms+3ms
07-17 00:42:14.215 31371 31373 D dalvikvm: GC_CONCURRENT freed 388K, 7% free 9950K/10695K, paused 2ms+3ms
07-17 00:42:15.227 31371 31373 D dalvikvm: GC_CONCURRENT freed 386K, 7% free 9951K/10695K, paused 2ms+3ms
07-17 00:42:16.219 31371 31373 D dalvikvm: GC_CONCURRENT freed 385K, 7% free 9951K/10695K, paused 2ms+2ms
07-17 00:42:17.274 31371 31373 D dalvikvm: GC_CONCURRENT freed 385K, 7% free 9951K/10695K, paused 2ms+2ms
07-17 00:42:18.290 31371 31373 D dalvikvm: GC_CONCURRENT freed 385K, 7% free 9952K/10695K, paused 3ms+2ms
07-17 00:42:19.247 31371 31373 D dalvikvm: GC_CONCURRENT freed 385K, 7% free 9952K/10695K, paused 2ms+4ms
07-17 00:42:20.254 31371 31373 D dalvikvm: GC_CONCURRENT freed 385K, 7% free 9952K/10695K, paused 2ms+3ms
07-17 00:42:21.215 31371 31371 D dalvikvm: GC_EXPLICIT freed 51K, 8% free 9907K/10695K, paused 3ms+3ms
07-17 00:42:22.219 31371 31373 D dalvikvm: GC_CONCURRENT freed 458K, 7% free 9949K/10695K, paused 2ms+4ms
07-17 00:42:23.212 31371 31373 D dalvikvm: GC_CONCURRENT freed 444K, 7% free 10013K/10695K, paused 2ms+3ms
07-17 00:42:24.278 31371 31373 D dalvikvm: GC_CONCURRENT freed 527K, 7% free 9980K/10695K, paused 3ms+7ms
07-17 00:42:24.727 31371 31373 D dalvikvm: GC_CONCURRENT freed 250K, 6% free 10114K/10695K, paused 6ms+2ms
07-17 00:42:25.254 31371 31373 D dalvikvm: GC_CONCURRENT freed 319K, 4% free 10337K/10759K, paused 2ms+3ms
07-17 00:42:26.004 31371 31373 D dalvikvm: GC_CONCURRENT freed 424K, 6% free 10330K/10887K, paused 3ms+4ms
07-17 00:42:27.227 31371 31373 D dalvikvm: GC_CONCURRENT freed 741K, 8% free 10110K/10951K, paused 2ms+3ms
07-17 00:42:28.176 29955 29958 D dalvikvm: GC_CONCURRENT freed 413K, 6% free 9051K/9543K, paused 10ms+2ms
07-17 00:42:28.317 31371 31373 D dalvikvm: GC_CONCURRENT freed 452K, 8% free 10168K/10951K, paused 2ms+3ms
07-17 00:42:29.251 31371 31373 D dalvikvm: GC_CONCURRENT freed 548K, 8% free 10132K/10951K, paused 2ms+3ms
07-17 00:42:30.157 27911 27922 D dalvikvm: GC_EXPLICIT freed 289K, 5% free 10223K/10759K, paused 3ms+5ms
07-17 00:42:31.184 31371 31373 D dalvikvm: GC_CONCURRENT freed 525K, 8% free 10109K/10951K, paused 2ms+2ms
07-17 00:42:32.282 31371 31373 D dalvikvm: GC_CONCURRENT freed 448K, 8% free 10172K/10951K, paused 2ms+3ms
07-17 00:42:33.290 31371 31373 D dalvikvm: GC_CONCURRENT freed 519K, 8% free 10101K/10951K, paused 7ms+2ms
07-17 00:42:34.344   144   310 D dalvikvm: GC_EXPLICIT freed 950K, 19% free 17681K/21767K, paused 4ms+10ms
07-17 00:42:35.251 31371 31373 D dalvikvm: GC_CONCURRENT freed 502K, 8% free 10098K/10951K, paused 2ms+2ms
07-17 00:42:36.247 31371 31373 D dalvikvm: GC_CONCURRENT freed 418K, 7% free 10186K/10951K, paused 2ms+3ms
07-17 00:42:37.254 31371 31373 D dalvikvm: GC_CONCURRENT freed 540K, 8% free 10100K/10951K, paused 2ms+2ms
07-17 00:42:39.215 31371 31373 D dalvikvm: GC_CONCURRENT freed 502K, 8% free 10097K/10951K, paused 2ms+2ms
07-17 00:42:40.266 29971 29973 D dalvikvm: GC_CONCURRENT freed 388K, 6% free 10506K/11143K, paused 5ms+3ms
07-17 00:42:40.305 31371 31373 D dalvikvm: GC_CONCURRENT freed 463K, 8% free 10145K/10951K, paused 2ms+4ms
07-17 00:42:41.278 31371 31373 D dalvikvm: GC_CONCURRENT freed 492K, 8% free 10101K/10951K, paused 2ms+2ms
07-17 00:42:43.223 31371 31373 D dalvikvm: GC_CONCURRENT freed 502K, 8% free 10098K/10951K, paused 3ms+2ms
07-17 00:42:44.274 31371 31373 D dalvikvm: GC_CONCURRENT freed 456K, 8% free 10170K/10951K, paused 2ms+3ms
07-17 00:42:45.180 31371 32200 D dalvikvm: GC_EXPLICIT freed 207K, 9% free 10049K/10951K, paused 2ms+3ms
07-17 00:42:46.192 31371 31373 D dalvikvm: GC_CONCURRENT freed 468K, 8% free 10093K/10951K, paused 2ms+3ms
07-17 00:42:47.243 31371 31373 D dalvikvm: GC_CONCURRENT freed 496K, 8% free 10109K/10951K, paused 2ms+3ms
07-17 00:42:48.110 31371 31373 D dalvikvm: GC_CONCURRENT freed 433K, 8% free 10094K/10951K, paused 2ms+2ms
07-17 00:42:49.254 31371 31373 D dalvikvm: GC_CONCURRENT freed 493K, 8% free 10100K/10951K, paused 4ms+2ms
07-17 00:42:49.524   346   346 D SAN_SERVICE: *******************************************
07-17 00:42:49.524   346   346 D SAN_SERVICE: DM App Phone Service State - 0
07-17 00:42:49.524   346   346 D SAN_SERVICE: *******************************************
07-17 00:42:50.075   346   346 D SAN_SERVICE: *******************************************
07-17 00:42:50.075   346   346 D SAN_SERVICE: DM App Phone Service State - 0
07-17 00:42:50.075   346   346 D SAN_SERVICE: *******************************************
07-17 00:42:50.227 31371 31373 D dalvikvm: GC_CONCURRENT freed 431K, 8% free 10174K/10951K, paused 2ms+3ms
07-17 00:42:51.278 31371 31373 D dalvikvm: GC_CONCURRENT freed 524K, 8% free 10104K/10951K, paused 2ms+2ms
07-17 00:42:53.235 31371 31373 D dalvikvm: GC_CONCURRENT freed 500K, 8% free 10103K/10951K, paused 3ms+3ms
07-17 00:42:54.235 31371 31373 D dalvikvm: GC_CONCURRENT freed 434K, 8% free 10162K/10951K, paused 2ms+3ms
07-17 00:42:55.227 31371 31373 D dalvikvm: GC_CONCURRENT freed 516K, 8% free 10111K/10951K, paused 2ms+4ms
07-17 00:42:57.169 29971 29973 D dalvikvm: GC_CONCURRENT freed 392K, 6% free 10502K/11143K, paused 1ms+3ms
07-17 00:42:57.321   144   390 D dalvikvm: GC_EXPLICIT freed 1014K, 19% free 17698K/21767K, paused 2ms+10ms
07-17 00:42:57.403 31371 31373 D dalvikvm: GC_CONCURRENT freed 507K, 8% free 10103K/10951K, paused 2ms+2ms
07-17 00:42:58.215 31371 31373 D dalvikvm: GC_CONCURRENT freed 437K, 8% free 10160K/10951K, paused 2ms+3ms
07-17 00:42:59.282 31371 31373 D dalvikvm: GC_CONCURRENT freed 514K, 8% free 10109K/10951K, paused 1ms+2ms
07-17 00:43:01.231 31371 31373 D dalvikvm: GC_CONCURRENT freed 506K, 8% free 10102K/10951K, paused 3ms+3ms
07-17 00:43:02.243 31371 31373 D dalvikvm: GC_CONCURRENT freed 470K, 8% free 10172K/10951K, paused 2ms+3ms
07-17 00:43:03.227 31371 31373 D dalvikvm: GC_CONCURRENT freed 513K, 8% free 10110K/10951K, paused 2ms+3ms
07-17 00:43:05.403 29843 29843 W Compass : Abnormal Magnetic Field Detected!
07-17 00:43:05.419 31371 31373 D dalvikvm: GC_CONCURRENT freed 515K, 8% free 10104K/10951K, paused 1ms+3ms
07-17 00:43:07.852 31371 31373 D dalvikvm: GC_CONCURRENT freed 443K, 8% free 10172K/10951K, paused 2ms+74ms
07-17 00:43:08.231 29843 29844 D dalvikvm: GC_CONCURRENT freed 412K, 6% free 10400K/10951K, paused 2ms+5ms
07-17 00:43:09.434 31371 31373 D dalvikvm: GC_CONCURRENT freed 541K, 8% free 10110K/10951K, paused 1ms+7ms
07-17 00:43:10.016   346   346 D SAN_SERVICE: *******************************************
07-17 00:43:10.016   346   346 D SAN_SERVICE: DM App Phone Service State - 0
07-17 00:43:10.016   346   346 D SAN_SERVICE: *******************************************
07-17 00:43:10.887 31371 31373 D dalvikvm: GC_CONCURRENT freed 516K, 8% free 10104K/10951K, paused 3ms+4ms
07-17 00:43:10.891 29843 29843 I Compass : Unregistering Orientation Listener
07-17 00:43:10.907 29843 29843 I Compass : Unregistering Magnetic Field Listener
07-17 00:43:10.907 29843 29843 I Compass : Removing GPS Location Updates
07-17 00:43:10.907 29843 29843 I Compass : Removing GPS Status Listener
07-17 00:43:10.907 29843 29843 I Compass : Stopping AsyncGeocoder thread.
07-17 00:43:10.907 29843 29843 I Compass : There are no pending preference changes
07-17 00:43:10.907 29843 29843 I Compass : All sensors are now Paused
07-17 00:43:11.258   215   217 D dalvikvm: GC_CONCURRENT freed 492K, 57% free 9870K/22727K, paused 2ms+3ms
07-17 00:43:11.340   215   217 D dalvikvm: GC_CONCURRENT freed 551K, 57% free 9795K/22727K, paused 2ms+3ms
07-17 00:43:11.442 31371 32253 D dalvikvm: GC_EXPLICIT freed 308K, 9% free 10055K/10951K, paused 2ms+3ms
07-17 00:43:11.731 31555 32254 D GetStringObjTask: retrieving from url = http://www.chess.com/api/get_move_status?id=5HHjW9WUGa%2Bcu1LUwnVJPxTIWxmEve4VdkRnRyg7b5Ch69JH2Z5aB%2B7eGuFw8K2uFx47KFsdE3JRdR3Mzv0PkZOj6eZ8N73BvxmEERrzXjMNRo80rkLyJAUTh0iqof4n
07-17 00:43:12.212 31555 32254 D GetStringObjTask: WebRequest SERVER RESPONSE: Success+0
07-17 00:43:15.118   346   346 D SAN_SERVICE: *******************************************
07-17 00:43:15.118   346   346 D SAN_SERVICE: DM App Phone Service State - 0
07-17 00:43:15.122   346   346 D SAN_SERVICE: *******************************************
07-17 00:43:16.661   144   199 D DhcpInfoInternal: makeLinkProperties with empty dns2!
07-17 00:43:16.669   144   199 D DhcpInfoInternal: makeLinkProperties with empty dns2!
07-17 00:43:48.063 29971 29991 D dalvikvm: GC_EXPLICIT freed 378K, 6% free 10507K/11143K, paused 2ms+3ms
07-17 00:43:48.153 31371 31373 D dalvikvm: GC_CONCURRENT freed 447K, 8% free 10100K/10951K, paused 2ms+2ms
07-17 00:44:06.321   346   346 D SAN_SERVICE: *******************************************
07-17 00:44:06.321   346   346 D SAN_SERVICE: DM App Phone Service State - 0
07-17 00:44:06.321   346   346 D SAN_SERVICE: *******************************************
07-17 00:44:06.809 29897 29910 I PhoneLab-: Service Running
07-17 00:44:06.891 29897 29910 I PhoneLab-LoggerService: app_37    1395  1     1432   988   c00f181c 400107b4 S logcat
07-17 00:44:06.895 29897 29910 I PhoneLab-LoggerService: Logcat pid from database 1395
07-17 00:44:06.895 29897 29910 I PhoneLab-LoggerService: Logcat process found 1395
07-17 00:44:06.895 29897 29910 I PhoneLab-LoggerService: Checking Threshold
07-17 00:44:06.895 29897 29910 I PhoneLab-LoggerService: Starting to rename files
07-17 00:44:06.895 29897 29910 I PhoneLab-LoggerService: Files found .. 2
07-17 00:44:07.137   346   346 D SAN_SERVICE: *******************************************
07-17 00:44:07.137   346   346 D SAN_SERVICE: DM App Phone Service State - 0
07-17 00:44:07.137   346   346 D SAN_SERVICE: *******************************************
07-17 00:44:41.969   346   346 D SAN_SERVICE: *******************************************
07-17 00:44:41.969   346   346 D SAN_SERVICE: DM App Phone Service State - 0
07-17 00:44:41.969   346   346 D SAN_SERVICE: *******************************************
07-17 00:44:42.712   346   346 D SAN_SERVICE: *******************************************
07-17 00:44:42.712   346   346 D SAN_SERVICE: DM App Phone Service State - 0
07-17 00:44:42.712   346   346 D SAN_SERVICE: *******************************************
07-17 00:44:48.192 31371 31373 D dalvikvm: GC_CONCURRENT freed 470K, 8% free 10142K/10951K, paused 2ms+2ms
07-17 00:45:07.563   346   346 D SAN_SERVICE: *******************************************
07-17 00:45:07.563   346   346 D SAN_SERVICE: DM App Phone Service State - 0
07-17 00:45:07.563   346   346 D SAN_SERVICE: *******************************************
07-17 00:45:17.844   346   346 D SAN_SERVICE: *******************************************
07-17 00:45:17.844   346   346 D SAN_SERVICE: DM App Phone Service State - 0
07-17 00:45:17.844   346   346 D SAN_SERVICE: *******************************************
07-17 00:45:18.067   346   346 D SAN_SERVICE: *******************************************
07-17 00:45:18.067   346   346 D SAN_SERVICE: DM App Phone Service State - 0
07-17 00:45:18.067   346   346 D SAN_SERVICE: *******************************************
07-17 00:45:18.801   346   346 D SAN_SERVICE: *******************************************
07-17 00:45:18.801   346   346 D SAN_SERVICE: DM App Phone Service State - 0
07-17 00:45:18.801   346   346 D SAN_SERVICE: *******************************************
07-17 00:45:41.536   144   199 D DhcpInfoInternal: makeLinkProperties with empty dns2!
07-17 00:45:41.544   144   199 D DhcpInfoInternal: makeLinkProperties with empty dns2!
07-17 00:45:45.102   346   346 D SAN_SERVICE: *******************************************
07-17 00:45:45.102   346   346 D SAN_SERVICE: DM App Phone Service State - 0
07-17 00:45:45.102   346   346 D SAN_SERVICE: *******************************************
07-17 00:45:48.172 29971 29973 D dalvikvm: GC_CONCURRENT freed 510K, 6% free 10508K/11143K, paused 1ms+2ms
07-17 00:45:48.333 31371 31373 D dalvikvm: GC_CONCURRENT freed 484K, 8% free 10124K/10951K, paused 2ms+4ms
07-17 00:45:48.458 31371 31373 D dalvikvm: GC_CONCURRENT freed 191K, 6% free 10317K/10951K, paused 7ms+3ms
07-17 00:45:54.508   144   169 D dalvikvm: GC_EXPLICIT freed 1355K, 19% free 17729K/21767K, paused 4ms+10ms
07-17 00:46:05.637   346   346 D SAN_SERVICE: *******************************************
07-17 00:46:05.637   346   346 D SAN_SERVICE: DM App Phone Service State - 0
07-17 00:46:05.637   346   346 D SAN_SERVICE: *******************************************
07-17 00:46:05.856   346   346 D SAN_SERVICE: *******************************************
07-17 00:46:05.856   346   346 D SAN_SERVICE: DM App Phone Service State - 0
07-17 00:46:05.856   346   346 D SAN_SERVICE: *******************************************
07-17 00:46:06.809 29897 29910 I PhoneLab-: Service Running
07-17 00:46:06.911 29897 29910 I PhoneLab-LoggerService: app_37    1395  1     1432   988   c00f181c 400107b4 S logcat
07-17 00:46:06.911 29897 29910 I PhoneLab-LoggerService: Logcat pid from database 1395
07-17 00:46:06.915 29897 29910 I PhoneLab-LoggerService: Logcat process found 1395
07-17 00:46:06.915 29897 29910 I PhoneLab-LoggerService: Checking Threshold
07-17 00:46:06.915 29897 29910 I PhoneLab-LoggerService: Starting to rename files
07-17 00:46:06.915 29897 29910 I PhoneLab-LoggerService: Files found .. 2
07-17 00:46:48.305 31371 31373 D dalvikvm: GC_CONCURRENT freed 666K, 8% free 10151K/10951K, paused 1ms+2ms
07-17 00:46:51.704   346   346 D SAN_SERVICE: *******************************************
07-17 00:46:51.704   346   346 D SAN_SERVICE: DM App Phone Service State - 0
07-17 00:46:51.704   346   346 D SAN_SERVICE: *******************************************
07-17 00:46:51.934   346   346 D SAN_SERVICE: *******************************************
07-17 00:46:51.934   346   346 D SAN_SERVICE: DM App Phone Service State - 0
07-17 00:46:51.934   346   346 D SAN_SERVICE: *******************************************
07-17 00:46:55.883 27911 27914 D dalvikvm: GC_CONCURRENT freed 372K, 5% free 10251K/10759K, paused 2ms+8ms
07-17 00:46:55.958 27911 28103 D dalvikvm: GC_EXPLICIT freed 115K, 6% free 10140K/10759K, paused 2ms+3ms
07-17 00:47:05.368   346   346 D SAN_SERVICE: *******************************************
07-17 00:47:05.368   346   346 D SAN_SERVICE: DM App Phone Service State - 0
07-17 00:47:05.368   346   346 D SAN_SERVICE: *******************************************
07-17 00:47:06.114   346   346 D SAN_SERVICE: *******************************************
07-17 00:47:06.114   346   346 D SAN_SERVICE: DM App Phone Service State - 0
07-17 00:47:06.114   346   346 D SAN_SERVICE: *******************************************
07-17 00:47:15.610   346   346 D SAN_SERVICE: *******************************************
07-17 00:47:15.610   346   346 D SAN_SERVICE: DM App Phone Service State - 0
07-17 00:47:15.610   346   346 D SAN_SERVICE: *******************************************
07-17 00:47:15.837   346   346 D SAN_SERVICE: *******************************************
07-17 00:47:15.837   346   346 D SAN_SERVICE: DM App Phone Service State - 0
07-17 00:47:15.837   346   346 D SAN_SERVICE: *******************************************
07-17 00:47:16.602   346   346 D SAN_SERVICE: *******************************************
07-17 00:47:16.602   346   346 D SAN_SERVICE: DM App Phone Service State - 0
07-17 00:47:16.602   346   346 D SAN_SERVICE: *******************************************
07-17 00:47:25.817   346   346 D SAN_SERVICE: *******************************************
07-17 00:47:25.817   346   346 D SAN_SERVICE: DM App Phone Service State - 0
07-17 00:47:25.817   346   346 D SAN_SERVICE: *******************************************
07-17 00:47:26.087   346   346 D SAN_SERVICE: *******************************************
07-17 00:47:26.087   346   346 D SAN_SERVICE: DM App Phone Service State - 0
07-17 00:47:26.087   346   346 D SAN_SERVICE: *******************************************
07-17 00:47:26.825   346   346 D SAN_SERVICE: *******************************************
07-17 00:47:26.825   346   346 D SAN_SERVICE: DM App Phone Service State - 0
07-17 00:47:26.825   346   346 D SAN_SERVICE: *******************************************
07-17 00:47:41.215   346   346 D SAN_SERVICE: *******************************************
07-17 00:47:41.215   346   346 D SAN_SERVICE: DM App Phone Service State - 0
07-17 00:47:41.215   346   346 D SAN_SERVICE: *******************************************
07-17 00:47:41.446   346   346 D SAN_SERVICE: *******************************************
07-17 00:47:41.446   346   346 D SAN_SERVICE: DM App Phone Service State - 0
07-17 00:47:41.446   346   346 D SAN_SERVICE: *******************************************
07-17 00:47:41.715   346   346 D SAN_SERVICE: *******************************************
07-17 00:47:41.715   346   346 D SAN_SERVICE: DM App Phone Service State - 0
07-17 00:47:41.719   346   346 D SAN_SERVICE: *******************************************
07-17 00:47:48.325 29971 29973 D dalvikvm: GC_CONCURRENT freed 511K, 6% free 10509K/11143K, paused 2ms+4ms
07-17 00:47:56.551   346   346 D SAN_SERVICE: *******************************************
07-17 00:47:56.551   346   346 D SAN_SERVICE: DM App Phone Service State - 0
07-17 00:47:56.551   346   346 D SAN_SERVICE: *******************************************
07-17 00:47:56.782   346   346 D SAN_SERVICE: *******************************************
07-17 00:47:56.782   346   346 D SAN_SERVICE: DM App Phone Service State - 0
07-17 00:47:56.782   346   346 D SAN_SERVICE: *******************************************
07-17 00:47:57.290   346   346 D SAN_SERVICE: *******************************************
07-17 00:47:57.290   346   346 D SAN_SERVICE: DM App Phone Service State - 0
07-17 00:47:57.290   346   346 D SAN_SERVICE: *******************************************
07-17 00:48:06.422   144   199 D DhcpInfoInternal: makeLinkProperties with empty dns2!
07-17 00:48:06.430   144   199 D DhcpInfoInternal: makeLinkProperties with empty dns2!
07-17 00:48:06.770   346   346 D SAN_SERVICE: *******************************************
07-17 00:48:06.770   346   346 D SAN_SERVICE: DM App Phone Service State - 0
07-17 00:48:06.770   346   346 D SAN_SERVICE: *******************************************
07-17 00:48:06.809 29897 29910 I PhoneLab-: Service Running
07-17 00:48:06.844 29897 29910 I PhoneLab-LoggerService: app_37    1395  1     1432   988   c00f181c 400107b4 S logcat
07-17 00:48:06.848 29897 29910 I PhoneLab-LoggerService: Logcat pid from database 1395
07-17 00:48:06.848 29897 29910 I PhoneLab-LoggerService: Logcat process found 1395
07-17 00:48:06.848 29897 29910 I PhoneLab-LoggerService: Checking Threshold
07-17 00:48:06.848 29897 29910 I PhoneLab-LoggerService: Starting to rename files
07-17 00:48:06.848 29897 29910 I PhoneLab-LoggerService: Files found .. 2
07-17 00:48:11.766 31555 32327 D GetStringObjTask: retrieving from url = http://www.chess.com/api/get_move_status?id=5HHjW9WUGa%2Bcu1LUwnVJPxTIWxmEve4VdkRnRyg7b5Ch69JH2Z5aB%2B7eGuFw8K2uFx47KFsdE3JRdR3Mzv0PkZOj6eZ8N73BvxmEERrzXjMNRo80rkLyJAUTh0iqof4n
07-17 00:48:12.165 31555 32327 D GetStringObjTask: WebRequest SERVER RESPONSE: Success+0
07-17 00:48:22.161   346   346 D SAN_SERVICE: *******************************************
07-17 00:48:22.161   346   346 D SAN_SERVICE: DM App Phone Service State - 0
07-17 00:48:22.161   346   346 D SAN_SERVICE: *******************************************
07-17 00:48:22.649   346   346 D SAN_SERVICE: *******************************************
07-17 00:48:22.649   346   346 D SAN_SERVICE: DM App Phone Service State - 0
07-17 00:48:22.649   346   346 D SAN_SERVICE: *******************************************
07-17 00:48:32.368   346   346 D SAN_SERVICE: *******************************************
07-17 00:48:32.368   346   346 D SAN_SERVICE: DM App Phone Service State - 0
07-17 00:48:32.368   346   346 D SAN_SERVICE: *******************************************
07-17 00:48:32.661   346   346 D SAN_SERVICE: *******************************************
07-17 00:48:32.661   346   346 D SAN_SERVICE: DM App Phone Service State - 0
07-17 00:48:32.661   346   346 D SAN_SERVICE: *******************************************
07-17 00:48:33.372   346   346 D SAN_SERVICE: *******************************************
07-17 00:48:33.372   346   346 D SAN_SERVICE: DM App Phone Service State - 0
07-17 00:48:33.372   346   346 D SAN_SERVICE: *******************************************
07-17 00:48:48.465 31371 31373 D dalvikvm: GC_CONCURRENT freed 535K, 8% free 10119K/10951K, paused 2ms+3ms
07-17 00:48:48.469 29971 29973 D dalvikvm: GC_CONCURRENT freed 427K, 6% free 10505K/11143K, paused 2ms+2ms
07-17 00:48:54.516   346   346 D SAN_SERVICE: *******************************************
07-17 00:48:54.516   346   346 D SAN_SERVICE: DM App Phone Service State - 0
07-17 00:48:54.516   346   346 D SAN_SERVICE: *******************************************
07-17 00:48:55.340   346   346 D SAN_SERVICE: *******************************************
07-17 00:48:55.340   346   346 D SAN_SERVICE: DM App Phone Service State - 0
07-17 00:48:55.340   346   346 D SAN_SERVICE: *******************************************
07-17 00:49:08.231   346   346 D SAN_SERVICE: *******************************************
07-17 00:49:08.231   346   346 D SAN_SERVICE: DM App Phone Service State - 0
07-17 00:49:08.231   346   346 D SAN_SERVICE: *******************************************
07-17 00:49:08.497   346   346 D SAN_SERVICE: *******************************************
07-17 00:49:08.501   346   346 D SAN_SERVICE: DM App Phone Service State - 0
07-17 00:49:08.501   346   346 D SAN_SERVICE: *******************************************
07-17 00:49:08.997   346   346 D SAN_SERVICE: *******************************************
07-17 00:49:09.001   346   346 D SAN_SERVICE: DM App Phone Service State - 0
07-17 00:49:09.001   346   346 D SAN_SERVICE: *******************************************
07-17 00:49:15.731 31325 31327 D dalvikvm: GC_CONCURRENT freed 363K, 7% free 9530K/10183K, paused 2ms+2ms
07-17 00:49:18.442   346   346 D SAN_SERVICE: *******************************************
07-17 00:49:18.442   346   346 D SAN_SERVICE: DM App Phone Service State - 0
07-17 00:49:18.442   346   346 D SAN_SERVICE: *******************************************
07-17 00:49:48.528 31371 31373 D dalvikvm: GC_CONCURRENT freed 486K, 8% free 10143K/10951K, paused 2ms+2ms
07-17 00:49:49.153   346   346 D SAN_SERVICE: *******************************************
07-17 00:49:49.153   346   346 D SAN_SERVICE: DM App Phone Service State - 0
07-17 00:49:49.153   346   346 D SAN_SERVICE: *******************************************
07-17 00:49:49.454   346   346 D SAN_SERVICE: *******************************************
07-17 00:49:49.454   346   346 D SAN_SERVICE: DM App Phone Service State - 0
07-17 00:49:49.454   346   346 D SAN_SERVICE: *******************************************
07-17 00:49:49.696   346   346 D SAN_SERVICE: *******************************************
07-17 00:49:49.696   346   346 D SAN_SERVICE: DM App Phone Service State - 0
07-17 00:49:49.696   346   346 D SAN_SERVICE: *******************************************
07-17 00:50:04.618   346   346 D SAN_SERVICE: *******************************************
07-17 00:50:04.618   346   346 D SAN_SERVICE: DM App Phone Service State - 0
07-17 00:50:04.618   346   346 D SAN_SERVICE: *******************************************
07-17 00:50:04.883   346   346 D SAN_SERVICE: *******************************************
07-17 00:50:04.883   346   346 D SAN_SERVICE: DM App Phone Service State - 0
07-17 00:50:04.883   346   346 D SAN_SERVICE: *******************************************
07-17 00:50:05.376   346   346 D SAN_SERVICE: *******************************************
07-17 00:50:05.376   346   346 D SAN_SERVICE: DM App Phone Service State - 0
07-17 00:50:05.376   346   346 D SAN_SERVICE: *******************************************
07-17 00:50:06.809 29897 29910 I PhoneLab-: Service Running
07-17 00:50:06.883 29897 29910 I PhoneLab-LoggerService: app_37    1395  1     1432   988   c00f181c 400107b4 S logcat
07-17 00:50:06.883 29897 29910 I PhoneLab-LoggerService: Logcat pid from database 1395
07-17 00:50:06.883 29897 29910 I PhoneLab-LoggerService: Logcat process found 1395
07-17 00:50:06.883 29897 29910 I PhoneLab-LoggerService: Checking Threshold
07-17 00:50:06.883 29897 29910 I PhoneLab-LoggerService: Starting to rename files
07-17 00:50:06.883 29897 29910 I PhoneLab-LoggerService: Files found .. 2
07-17 00:50:16.442   346   346 D SAN_SERVICE: *******************************************
07-17 00:50:16.442   346   346 D SAN_SERVICE: DM App Phone Service State - 0
07-17 00:50:16.442   346   346 D SAN_SERVICE: *******************************************
07-17 00:50:17.262   346   346 D SAN_SERVICE: *******************************************
07-17 00:50:17.262   346   346 D SAN_SERVICE: DM App Phone Service State - 0
07-17 00:50:17.262   346   346 D SAN_SERVICE: *******************************************
07-17 00:50:23.262   215   217 D dalvikvm: GC_CONCURRENT freed 511K, 58% free 9668K/22727K, paused 18ms+3ms
07-17 00:50:25.016   346   346 D SAN_SERVICE: *******************************************
07-17 00:50:25.016   346   346 D SAN_SERVICE: DM App Phone Service State - 0
07-17 00:50:25.016   346   346 D SAN_SERVICE: *******************************************
07-17 00:50:25.036   346   348 D dalvikvm: GC_CONCURRENT freed 848K, 9% free 11890K/13063K, paused 2ms+3ms
07-17 00:50:31.087   144   199 D DhcpInfoInternal: makeLinkProperties with empty dns2!
07-17 00:50:31.087   144   199 D DhcpInfoInternal: makeLinkProperties with empty dns2!
07-17 00:50:45.555   346   346 D SAN_SERVICE: *******************************************
07-17 00:50:45.555   346   346 D SAN_SERVICE: DM App Phone Service State - 0
07-17 00:50:45.555   346   346 D SAN_SERVICE: *******************************************
07-17 00:50:45.801   346   346 D SAN_SERVICE: *******************************************
07-17 00:50:45.801   346   346 D SAN_SERVICE: DM App Phone Service State - 0
07-17 00:50:45.801   346   346 D SAN_SERVICE: *******************************************
07-17 00:50:46.028   346   346 D SAN_SERVICE: *******************************************
07-17 00:50:46.028   346   346 D SAN_SERVICE: DM App Phone Service State - 0
07-17 00:50:46.028   346   346 D SAN_SERVICE: *******************************************
07-17 00:50:48.555 29971 29973 D dalvikvm: GC_CONCURRENT freed 504K, 6% free 10512K/11143K, paused 2ms+3ms
07-17 00:50:48.684 31371 31373 D dalvikvm: GC_CONCURRENT freed 516K, 8% free 10137K/10951K, paused 2ms+2ms
07-17 00:50:55.747   346   346 D SAN_SERVICE: *******************************************
07-17 00:50:55.747   346   346 D SAN_SERVICE: DM App Phone Service State - 0
07-17 00:50:55.747   346   346 D SAN_SERVICE: *******************************************
07-17 00:50:56.032   346   346 D SAN_SERVICE: *******************************************
07-17 00:50:56.032   346   346 D SAN_SERVICE: DM App Phone Service State - 0
07-17 00:50:56.032   346   346 D SAN_SERVICE: *******************************************
07-17 00:50:56.770   346   346 D SAN_SERVICE: *******************************************
07-17 00:50:56.770   346   346 D SAN_SERVICE: DM App Phone Service State - 0
07-17 00:50:56.770   346   346 D SAN_SERVICE: *******************************************
07-17 00:50:59.692 22929 22932 D dalvikvm: GC_CONCURRENT freed 1195K, 11% free 13403K/15047K, paused 10ms+7ms
07-17 00:51:00.501   144   390 D dalvikvm: GC_EXPLICIT freed 1151K, 19% free 17730K/21767K, paused 3ms+10ms
07-17 00:51:06.012   346   346 D SAN_SERVICE: *******************************************
07-17 00:51:06.012   346   346 D SAN_SERVICE: DM App Phone Service State - 0
07-17 00:51:06.012   346   346 D SAN_SERVICE: *******************************************
07-17 00:51:16.223   346   346 D SAN_SERVICE: *******************************************
07-17 00:51:16.223   346   346 D SAN_SERVICE: DM App Phone Service State - 0
07-17 00:51:16.223   346   346 D SAN_SERVICE: *******************************************
07-17 00:51:26.446   346   346 D SAN_SERVICE: *******************************************
07-17 00:51:26.446   346   346 D SAN_SERVICE: DM App Phone Service State - 0
07-17 00:51:26.446   346   346 D SAN_SERVICE: *******************************************
07-17 00:51:26.751   346   346 D SAN_SERVICE: *******************************************
07-17 00:51:26.751   346   346 D SAN_SERVICE: DM App Phone Service State - 0
07-17 00:51:26.751   346   346 D SAN_SERVICE: *******************************************
07-17 00:51:27.501   346   346 D SAN_SERVICE: *******************************************
07-17 00:51:27.501   346   346 D SAN_SERVICE: DM App Phone Service State - 0
07-17 00:51:27.501   346   346 D SAN_SERVICE: *******************************************
07-17 00:51:36.692   346   346 D SAN_SERVICE: *******************************************
07-17 00:51:36.692   346   346 D SAN_SERVICE: DM App Phone Service State - 0
07-17 00:51:36.692   346   346 D SAN_SERVICE: *******************************************
07-17 00:51:46.962   346   346 D SAN_SERVICE: *******************************************
07-17 00:51:46.962   346   346 D SAN_SERVICE: DM App Phone Service State - 0
07-17 00:51:46.962   346   346 D SAN_SERVICE: *******************************************
07-17 00:51:47.692   346   346 D SAN_SERVICE: *******************************************
07-17 00:51:47.692   346   346 D SAN_SERVICE: DM App Phone Service State - 0
07-17 00:51:47.692   346   346 D SAN_SERVICE: *******************************************
07-17 00:51:48.669 31371 31373 D dalvikvm: GC_CONCURRENT freed 438K, 8% free 10092K/10951K, paused 2ms+3ms
07-17 00:52:06.813 29897 29910 I PhoneLab-: Service Running
07-17 00:52:06.899 29897 29910 I PhoneLab-LoggerService: app_37    1395  1     1432   988   c00f181c 400107b4 S logcat
07-17 00:52:06.899 29897 29910 I PhoneLab-LoggerService: Logcat pid from database 1395
07-17 00:52:06.899 29897 29910 I PhoneLab-LoggerService: Logcat process found 1395
07-17 00:52:06.899 29897 29910 I PhoneLab-LoggerService: Checking Threshold
07-17 00:52:06.899 29897 29910 I PhoneLab-LoggerService: Starting to rename files
07-17 00:52:06.899 29897 29910 I PhoneLab-LoggerService: Files found .. 2
07-17 00:52:48.653 29971 29973 D dalvikvm: GC_CONCURRENT freed 511K, 6% free 10513K/11143K, paused 2ms+2ms
07-17 00:52:48.782 31371 31373 D dalvikvm: GC_CONCURRENT freed 382K, 8% free 10095K/10951K, paused 2ms+2ms
07-17 00:52:55.977   144   199 D DhcpInfoInternal: makeLinkProperties with empty dns2!
07-17 00:52:55.985   144   199 D DhcpInfoInternal: makeLinkProperties with empty dns2!
07-17 00:53:00.340   346   346 D SAN_SERVICE: *******************************************
07-17 00:53:00.340   346   346 D SAN_SERVICE: DM App Phone Service State - 0
07-17 00:53:00.340   346   346 D SAN_SERVICE: *******************************************
07-17 00:53:00.840   346   346 D SAN_SERVICE: *******************************************
07-17 00:53:00.840   346   346 D SAN_SERVICE: DM App Phone Service State - 0
07-17 00:53:00.840   346   346 D SAN_SERVICE: *******************************************
07-17 00:53:11.766 31555 32381 D GetStringObjTask: retrieving from url = http://www.chess.com/api/get_move_status?id=5HHjW9WUGa%2Bcu1LUwnVJPxTIWxmEve4VdkRnRyg7b5Ch69JH2Z5aB%2B7eGuFw8K2uFx47KFsdE3JRdR3Mzv0PkZOj6eZ8N73BvxmEERrzXjMNRo80rkLyJAUTh0iqof4n
07-17 00:53:12.129 31555 31558 D dalvikvm: GC_CONCURRENT freed 335K, 5% free 9480K/9927K, paused 9ms+2ms
07-17 00:53:12.383 31555 32381 D GetStringObjTask: WebRequest SERVER RESPONSE: Success+0
07-17 00:53:18.973   144   169 I ActivityManager: Start proc com.google.android.apps.currents for service com.google.android.apps.currents/com.google.apps.dots.android.app.service.SyncService: pid=32383 uid=10078 gids={3003, 1015}
07-17 00:53:19.309 32383 32383 I ActivityThread: Pub com.google.apps.dots.android.app.provider.SuggestionProvider: com.google.apps.dots.android.app.provider.SuggestionProvider
07-17 00:53:19.317 32383 32383 I ActivityThread: Pub com.google.android.apps.currents.exported: com.google.apps.dots.android.app.provider.ExportedContentProvider
07-17 00:53:19.379 32383 32386 D dalvikvm: GC_CONCURRENT freed 178K, 3% free 9353K/9607K, paused 2ms+2ms
07-17 00:53:19.442 32383 32386 D dalvikvm: GC_CONCURRENT freed 269K, 5% free 9581K/9991K, paused 1ms+2ms
07-17 00:53:19.555 32383 32386 D dalvikvm: GC_CONCURRENT freed 231K, 4% free 9833K/10183K, paused 1ms+2ms
07-17 00:53:19.680 32383 32386 D dalvikvm: GC_CONCURRENT freed 234K, 4% free 10086K/10439K, paused 1ms+2ms
07-17 00:53:19.715 32383 32383 I DotsContentUris: content://com.google.android.apps.currents
07-17 00:53:19.727 32383 32383 I ActivityThread: Pub com.google.android.apps.currents: com.google.apps.dots.android.app.provider.DotsContentProvider
07-17 00:53:19.739 32383 32383 I DotsApplication: Starting up...
07-17 00:53:19.985 32383 32386 D dalvikvm: GC_CONCURRENT freed 431K, 6% free 10132K/10695K, paused 2ms+2ms
07-17 00:53:20.200 32383 32386 D dalvikvm: GC_CONCURRENT freed 288K, 5% free 10327K/10759K, paused 2ms+4ms
07-17 00:53:20.223 32383 32402 I SyncService: Starting sync (00:53:20)
07-17 00:53:22.610 32383 32386 D dalvikvm: GC_CONCURRENT freed 284K, 4% free 10465K/10887K, paused 2ms+22ms
07-17 00:53:22.891 32383 32386 D dalvikvm: GC_CONCURRENT freed 217K, 4% free 10659K/11015K, paused 2ms+4ms
07-17 00:53:23.016 32383 32386 D dalvikvm: GC_CONCURRENT freed 457K, 6% free 10716K/11335K, paused 2ms+3ms
07-17 00:53:23.321 32383 32386 D dalvikvm: GC_CONCURRENT freed 515K, 6% free 10688K/11335K, paused 2ms+2ms
07-17 00:53:24.012   144   310 D SyncManager: setSyncAutomatically: , provider com.google.android.apps.currents -> true
07-17 00:53:24.012   144   310 D SyncManager: setSyncAutomatically: already set to true, doing nothing
07-17 00:53:24.161 32383 32386 D dalvikvm: GC_CONCURRENT freed 319K, 5% free 10811K/11335K, paused 2ms+3ms
07-17 00:53:24.340 32383 32386 D dalvikvm: GC_CONCURRENT freed 251K, 4% free 11076K/11463K, paused 2ms+3ms
07-17 00:53:24.544 32383 32386 D dalvikvm: GC_CONCURRENT freed 246K, 4% free 11401K/11783K, paused 3ms+2ms
07-17 00:53:24.797   144   388 D dalvikvm: GC_EXPLICIT freed 651K, 19% free 17652K/21767K, paused 4ms+8ms
07-17 00:53:24.942 32383 32386 D dalvikvm: GC_CONCURRENT freed 995K, 10% free 11105K/12231K, paused 2ms+3ms
07-17 00:53:25.137 32383 32386 D dalvikvm: GC_CONCURRENT freed 407K, 8% free 11266K/12231K, paused 2ms+3ms
07-17 00:53:25.899 32383 32386 D dalvikvm: GC_CONCURRENT freed 564K, 8% free 11329K/12231K, paused 2ms+2ms
07-17 00:53:26.571 32383 32386 D dalvikvm: GC_CONCURRENT freed 625K, 8% free 11352K/12231K, paused 2ms+3ms
07-17 00:53:26.934 32383 32386 D dalvikvm: GC_CONCURRENT freed 641K, 8% free 11361K/12231K, paused 2ms+3ms
07-17 00:53:27.579 32383 32386 D dalvikvm: GC_CONCURRENT freed 670K, 8% free 11345K/12231K, paused 2ms+2ms
07-17 00:53:27.739 32383 32386 D dalvikvm: GC_CONCURRENT freed 620K, 7% free 11375K/12231K, paused 2ms+3ms
07-17 00:53:28.645 32383 32386 D dalvikvm: GC_CONCURRENT freed 732K, 8% free 11366K/12231K, paused 2ms+2ms
07-17 00:53:29.493 32383 32386 D dalvikvm: GC_CONCURRENT freed 665K, 8% free 11359K/12231K, paused 2ms+2ms
07-17 00:53:30.661 32383 32386 D dalvikvm: GC_CONCURRENT freed 664K, 8% free 11347K/12231K, paused 2ms+3ms
07-17 00:53:30.981 32383 32386 D dalvikvm: GC_CONCURRENT freed 616K, 7% free 11380K/12231K, paused 2ms+2ms
07-17 00:53:32.153 32383 32386 D dalvikvm: GC_CONCURRENT freed 689K, 7% free 11403K/12231K, paused 2ms+2ms
07-17 00:53:32.297 32383 32386 D dalvikvm: GC_CONCURRENT freed 683K, 8% free 11412K/12295K, paused 2ms+2ms
07-17 00:53:32.376 32383 32406 D dalvikvm: GC_FOR_ALLOC freed 339K, 7% free 11436K/12295K, paused 26ms
07-17 00:53:33.087 32383 32386 D dalvikvm: GC_CONCURRENT freed 759K, 8% free 11400K/12359K, paused 2ms+3ms
07-17 00:53:33.665 32383 32386 D dalvikvm: GC_CONCURRENT freed 680K, 8% free 11389K/12359K, paused 3ms+3ms
07-17 00:53:33.829 32383 32386 D dalvikvm: GC_CONCURRENT freed 614K, 8% free 11439K/12359K, paused 2ms+2ms
07-17 00:53:34.450   346   346 D SAN_SERVICE: *******************************************
07-17 00:53:34.450   346   346 D SAN_SERVICE: DM App Phone Service State - 0
07-17 00:53:34.450   346   346 D SAN_SERVICE: *******************************************
07-17 00:53:34.540 32383 32386 D dalvikvm: GC_CONCURRENT freed 697K, 8% free 11431K/12359K, paused 2ms+2ms
07-17 00:53:34.672   346   346 D SAN_SERVICE: *******************************************
07-17 00:53:34.672   346   346 D SAN_SERVICE: DM App Phone Service State - 0
07-17 00:53:34.672   346   346 D SAN_SERVICE: *******************************************
07-17 00:53:34.879 32383 32386 D dalvikvm: GC_CONCURRENT freed 658K, 8% free 11449K/12359K, paused 2ms+7ms
07-17 00:53:35.251   346   346 D SAN_SERVICE: *******************************************
07-17 00:53:35.251   346   346 D SAN_SERVICE: DM App Phone Service State - 0
07-17 00:53:35.251   346   346 D SAN_SERVICE: *******************************************
07-17 00:53:35.911 32383 32386 D dalvikvm: GC_CONCURRENT freed 693K, 8% free 11446K/12359K, paused 2ms+2ms
07-17 00:53:37.309 32383 32386 D dalvikvm: GC_CONCURRENT freed 701K, 8% free 11430K/12359K, paused 2ms+3ms
07-17 00:53:39.450 32383 32386 D dalvikvm: GC_CONCURRENT freed 643K, 8% free 11464K/12359K, paused 21ms+3ms
07-17 00:53:39.594 32383 32386 D dalvikvm: GC_CONCURRENT freed 658K, 7% free 11506K/12359K, paused 2ms+3ms
07-17 00:53:39.754 32383 32386 D dalvikvm: GC_CONCURRENT freed 678K, 7% free 11548K/12359K, paused 2ms+2ms
07-17 00:53:40.055   144   378 D dalvikvm: GC_EXPLICIT freed 742K, 20% free 17618K/21767K, paused 3ms+7ms
07-17 00:53:40.192 32383 32406 D dalvikvm: GC_EXPLICIT freed 405K, 6% free 11629K/12359K, paused 2ms+4ms
07-17 00:53:41.266   346   346 D SAN_SERVICE: *******************************************
07-17 00:53:41.266   346   346 D SAN_SERVICE: DM App Phone Service State - 0
07-17 00:53:41.266   346   346 D SAN_SERVICE: *******************************************
07-17 00:53:43.129 32383 32386 D dalvikvm: GC_CONCURRENT freed 923K, 9% free 11496K/12551K, paused 2ms+3ms
07-17 00:53:43.278 32383 32386 D dalvikvm: GC_CONCURRENT freed 671K, 9% free 11525K/12551K, paused 2ms+4ms
07-17 00:53:43.430 32383 32386 D dalvikvm: GC_CONCURRENT freed 682K, 8% free 11559K/12551K, paused 3ms+2ms
07-17 00:53:43.715 32383 32386 D dalvikvm: GC_CONCURRENT freed 577K, 7% free 11707K/12551K, paused 2ms+3ms
07-17 00:53:44.852 32383 32386 D dalvikvm: GC_CONCURRENT freed 1033K, 10% free 11506K/12679K, paused 2ms+2ms
07-17 00:53:44.954 32383 32406 D dalvikvm: GC_FOR_ALLOC freed 395K, 10% free 11503K/12679K, paused 27ms
07-17 00:53:45.454 32383 32406 D dalvikvm: GC_FOR_ALLOC freed 458K, 10% free 11527K/12679K, paused 27ms
07-17 00:53:46.333 32383 32386 D dalvikvm: GC_CONCURRENT freed 717K, 10% free 11519K/12679K, paused 3ms+4ms
07-17 00:53:47.020 32383 32386 D dalvikvm: GC_CONCURRENT freed 719K, 10% free 11507K/12679K, paused 2ms+3ms
07-17 00:53:47.102 32383 32406 D dalvikvm: GC_FOR_ALLOC freed 322K, 9% free 11578K/12679K, paused 26ms
07-17 00:53:47.102 32383 32406 I dalvikvm-heap: Grow heap (frag case) to 11.461MB for 84930-byte allocation
07-17 00:53:47.129 32383 32406 D dalvikvm: GC_FOR_ALLOC freed 46K, 10% free 11614K/12807K, paused 26ms
07-17 00:53:47.247 32383 32386 D dalvikvm: GC_CONCURRENT freed 773K, 10% free 11580K/12807K, paused 2ms+3ms
07-17 00:53:48.157 32383 32386 D dalvikvm: GC_CONCURRENT freed 792K, 11% free 11517K/12807K, paused 2ms+4ms
07-17 00:53:48.411 32383 32386 D dalvikvm: GC_CONCURRENT freed 709K, 11% free 11516K/12807K, paused 2ms+3ms
07-17 00:53:48.708   144 15767 D dalvikvm: GC_EXPLICIT freed 415K, 20% free 17619K/21767K, paused 3ms+8ms
07-17 00:53:48.922 32383 32386 D dalvikvm: GC_CONCURRENT freed 740K, 11% free 11481K/12807K, paused 2ms+3ms
07-17 00:53:49.055 32383 32386 D dalvikvm: GC_CONCURRENT freed 573K, 10% free 11606K/12807K, paused 2ms+3ms
07-17 00:53:49.188 32383 32386 D dalvikvm: GC_CONCURRENT freed 547K, 8% free 11803K/12807K, paused 2ms+3ms
07-17 00:53:49.352 32383 32386 D dalvikvm: GC_CONCURRENT freed 806K, 8% free 11863K/12807K, paused 3ms+3ms
07-17 00:53:49.516 32383 32386 D dalvikvm: GC_CONCURRENT freed 1385K, 12% free 11354K/12871K, paused 3ms+3ms
07-17 00:53:49.825   346   346 D SAN_SERVICE: *******************************************
07-17 00:53:49.825   346   346 D SAN_SERVICE: DM App Phone Service State - 0
07-17 00:53:49.825   346   346 D SAN_SERVICE: *******************************************
07-17 00:53:49.872 29971 29973 D dalvikvm: GC_CONCURRENT freed 399K, 6% free 10500K/11143K, paused 3ms+2ms
07-17 00:53:50.129 32383 32402 I SyncService: sync service finished (00:53:50)
07-17 00:54:00.071   346   346 D SAN_SERVICE: *******************************************
07-17 00:54:00.071   346   346 D SAN_SERVICE: DM App Phone Service State - 0
07-17 00:54:00.071   346   346 D SAN_SERVICE: *******************************************
07-17 00:54:00.126 27911 27914 D dalvikvm: GC_CONCURRENT freed 318K, 6% free 10207K/10759K, paused 8ms+3ms
07-17 00:54:06.813 29897 29910 I PhoneLab-: Service Running
07-17 00:54:06.962 29897 29910 I PhoneLab-LoggerService: app_37    1395  1     1432   988   c00f181c 400107b4 S logcat
07-17 00:54:06.962 29897 29910 I PhoneLab-LoggerService: Logcat pid from database 1395
07-17 00:54:06.962 29897 29910 I PhoneLab-LoggerService: Logcat process found 1395
07-17 00:54:06.962 29897 29910 I PhoneLab-LoggerService: Checking Threshold
07-17 00:54:06.962 29897 29910 I PhoneLab-LoggerService: Starting to rename files
07-17 00:54:06.962 29897 29910 I PhoneLab-LoggerService: Files found .. 2
07-17 00:54:06.981 29897 29900 D dalvikvm: GC_CONCURRENT freed 398K, 6% free 9091K/9607K, paused 6ms+2ms
07-17 00:54:48.813 31371 31373 D dalvikvm: GC_CONCURRENT freed 483K, 8% free 10113K/10951K, paused 1ms+3ms
07-17 00:54:48.821 29971 29973 D dalvikvm: GC_CONCURRENT freed 457K, 6% free 10506K/11143K, paused 2ms+3ms
07-17 00:55:20.883   144   199 D DhcpInfoInternal: makeLinkProperties with empty dns2!
07-17 00:55:20.895   144   199 D DhcpInfoInternal: makeLinkProperties with empty dns2!
07-17 00:55:48.907 31371 31373 D dalvikvm: GC_CONCURRENT freed 461K, 8% free 10161K/10951K, paused 2ms+2ms
07-17 00:56:03.020   346   346 D SAN_SERVICE: *******************************************
07-17 00:56:03.020   346   346 D SAN_SERVICE: DM App Phone Service State - 0
07-17 00:56:03.020   346   346 D SAN_SERVICE: *******************************************
07-17 00:56:03.419   346   346 D SAN_SERVICE: *******************************************
07-17 00:56:03.419   346   346 D SAN_SERVICE: DM App Phone Service State - 0
07-17 00:56:03.419   346   346 D SAN_SERVICE: *******************************************
07-17 00:56:06.809 29897 29910 I PhoneLab-: Service Running
07-17 00:56:06.919 29897 29910 I PhoneLab-LoggerService: app_37    1395  1     1432   988   c00f181c 400107b4 S logcat
07-17 00:56:06.919 29897 29910 I PhoneLab-LoggerService: Logcat pid from database 1395
07-17 00:56:06.919 29897 29910 I PhoneLab-LoggerService: Logcat process found 1395
07-17 00:56:06.919 29897 29910 I PhoneLab-LoggerService: Checking Threshold
07-17 00:56:06.919 29897 29910 I PhoneLab-LoggerService: Starting to rename files
07-17 00:56:06.919 29897 29910 I PhoneLab-LoggerService: Files found .. 2
07-17 00:56:13.192   346   346 D SAN_SERVICE: *******************************************
07-17 00:56:13.192   346   346 D SAN_SERVICE: DM App Phone Service State - 0
07-17 00:56:13.192   346   346 D SAN_SERVICE: *******************************************
07-17 00:56:48.922 29971 29973 D dalvikvm: GC_CONCURRENT freed 507K, 6% free 10510K/11143K, paused 1ms+2ms
07-17 00:56:49.051 31371 31373 D dalvikvm: GC_CONCURRENT freed 529K, 8% free 10116K/10951K, paused 2ms+2ms
07-17 00:57:03.891 32089 32446 I SqliteDatabaseCpp: sqlite returned: error code = 1, msg = no such column: wipeout_stats, db=/data/data/com.google.android.apps.plus/databases/es0.db
07-17 00:57:03.903 32089 32446 W System.err: android.database.sqlite.SQLiteException: no such column: wipeout_stats: , while compiling: SELECT wipeout_stats  FROM account_status
07-17 00:57:03.950 32089 32446 W System.err: 	at android.database.sqlite.SQLiteCompiledSql.native_compile(Native Method)
07-17 00:57:03.958 32089 32446 W System.err: 	at android.database.sqlite.SQLiteCompiledSql.<init>(SQLiteCompiledSql.java:68)
07-17 00:57:03.962 32089 32446 W System.err: 	at android.database.sqlite.SQLiteProgram.compileSql(SQLiteProgram.java:143)
07-17 00:57:03.969 32089 32446 W System.err: 	at android.database.sqlite.SQLiteProgram.compileAndbindAllArgs(SQLiteProgram.java:361)
07-17 00:57:03.973 32089 32446 W System.err: 	at android.database.sqlite.SQLiteStatement.acquireAndLock(SQLiteStatement.java:260)
07-17 00:57:03.985 32089 32446 W System.err: 	at android.database.sqlite.SQLiteStatement.simpleQueryForLong(SQLiteStatement.java:137)
07-17 00:57:03.989 32089 32446 W System.err: 	at android.database.DatabaseUtils.longForQuery(DatabaseUtils.java:791)
07-17 00:57:03.993 32089 32446 W System.err: 	at android.database.DatabaseUtils.longForQuery(DatabaseUtils.java:779)
07-17 00:57:03.997 32089 32446 W System.err: 	at com.google.android.apps.plus.content.EsAccountsData.isContactsStatsWipeoutNeeded(EsAccountsData.java:641)
07-17 00:57:03.997 32089 32446 W System.err: 	at com.google.android.apps.plus.service.EsService.processIntent(EsService.java:4246)
07-17 00:57:04.016 32089 32446 W System.err: 	at com.google.android.apps.plus.service.ServiceThread$1.run(ServiceThread.java:50)
07-17 00:57:04.020 32089 32446 W System.err: 	at android.os.Handler.handleCallback(Handler.java:605)
07-17 00:57:04.032 32089 32446 W System.err: 	at android.os.Handler.dispatchMessage(Handler.java:92)
07-17 00:57:04.032 32089 32446 W System.err: 	at android.os.Looper.loop(Looper.java:137)
07-17 00:57:04.040 32089 32446 W System.err: 	at com.google.android.apps.plus.service.ServiceThread.run(ServiceThread.java:122)
07-17 00:57:05.145 31325 31327 D dalvikvm: GC_CONCURRENT freed 373K, 7% free 9544K/10183K, paused 2ms+3ms
07-17 00:57:45.797   144   199 D DhcpInfoInternal: makeLinkProperties with empty dns2!
07-17 00:57:45.805   144   199 D DhcpInfoInternal: makeLinkProperties with empty dns2!
07-17 00:58:00.809   346   346 D SAN_SERVICE: *******************************************
07-17 00:58:00.813   346   346 D SAN_SERVICE: DM App Phone Service State - 0
07-17 00:58:00.813   346   346 D SAN_SERVICE: *******************************************
07-17 00:58:01.012   346   346 D SAN_SERVICE: *******************************************
07-17 00:58:01.012   346   346 D SAN_SERVICE: DM App Phone Service State - 0
07-17 00:58:01.012   346   346 D SAN_SERVICE: *******************************************
07-17 00:58:06.813 29897 29910 I PhoneLab-: Service Running
07-17 00:58:06.883 29897 29910 I PhoneLab-LoggerService: app_37    1395  1     1432   988   c00f181c 400107b4 S logcat
07-17 00:58:06.883 29897 29910 I PhoneLab-LoggerService: Logcat pid from database 1395
07-17 00:58:06.887 29897 29910 I PhoneLab-LoggerService: Logcat process found 1395
07-17 00:58:06.887 29897 29910 I PhoneLab-LoggerService: Checking Threshold
07-17 00:58:06.887 29897 29910 I PhoneLab-LoggerService: Starting to rename files
07-17 00:58:06.887 29897 29910 I PhoneLab-LoggerService: Files found .. 2
07-17 00:58:11.782 31555 32469 D GetStringObjTask: retrieving from url = http://www.chess.com/api/get_move_status?id=5HHjW9WUGa%2Bcu1LUwnVJPxTIWxmEve4VdkRnRyg7b5Ch69JH2Z5aB%2B7eGuFw8K2uFx47KFsdE3JRdR3Mzv0PkZOj6eZ8N73BvxmEERrzXjMNRo80rkLyJAUTh0iqof4n
07-17 00:58:12.551 31555 32469 D GetStringObjTask: WebRequest SERVER RESPONSE: Success+0
07-17 00:58:49.012 29971 29973 D dalvikvm: GC_CONCURRENT freed 511K, 6% free 10511K/11143K, paused 2ms+3ms
07-17 00:58:49.102 31371 31373 D dalvikvm: GC_CONCURRENT freed 522K, 8% free 10102K/10951K, paused 2ms+3ms
07-17 00:59:49.196 31371 31373 D dalvikvm: GC_CONCURRENT freed 449K, 8% free 10164K/10951K, paused 2ms+2ms
07-17 01:00:06.813 29897 29910 I PhoneLab-: Service Running
07-17 01:00:06.899 29897 29910 I PhoneLab-LoggerService: app_37    1395  1     1432   988   c00f181c 400107b4 S logcat
07-17 01:00:06.899 29897 29910 I PhoneLab-LoggerService: Logcat pid from database 1395
07-17 01:00:06.899 29897 29910 I PhoneLab-LoggerService: Logcat process found 1395
07-17 01:00:06.899 29897 29910 I PhoneLab-LoggerService: Checking Threshold
07-17 01:00:06.899 29897 29910 I PhoneLab-LoggerService: Starting to rename files
07-17 01:00:06.903 29897 29910 I PhoneLab-LoggerService: Files found .. 2
07-17 01:00:10.661   144   199 D DhcpInfoInternal: makeLinkProperties with empty dns2!
07-17 01:00:10.669   144   199 D DhcpInfoInternal: makeLinkProperties with empty dns2!
07-17 01:00:30.544 27911 27914 D dalvikvm: GC_CONCURRENT freed 394K, 5% free 10227K/10759K, paused 2ms+4ms
07-17 01:00:31.032   144  6618 D dalvikvm: JIT code cache reset in 5 ms (1048492 bytes 29/0)
07-17 01:00:31.067   144  6618 D dalvikvm: GC_EXPLICIT freed 1708K, 19% free 17698K/21767K, paused 17ms+15ms
07-17 01:00:49.176 29971 29973 D dalvikvm: GC_CONCURRENT freed 508K, 6% free 10514K/11143K, paused 2ms+3ms
07-17 01:00:49.352 31371 31373 D dalvikvm: GC_CONCURRENT freed 514K, 8% free 10102K/10951K, paused 2ms+2ms
07-17 01:01:36.067 27911 32499 I EventLogService: Aggregate from 1342499495940 (log), 1342499495940 (data)
07-17 01:01:46.024   346   346 D SAN_SERVICE: *******************************************
07-17 01:01:46.024   346   346 D SAN_SERVICE: DM App Phone Service State - 0
07-17 01:01:46.024   346   346 D SAN_SERVICE: *******************************************
07-17 01:01:46.274   346   346 D SAN_SERVICE: *******************************************
07-17 01:01:46.274   346   346 D SAN_SERVICE: DM App Phone Service State - 0
07-17 01:01:46.274   346   346 D SAN_SERVICE: *******************************************
07-17 01:01:46.501   346   346 D SAN_SERVICE: *******************************************
07-17 01:01:46.501   346   346 D SAN_SERVICE: DM App Phone Service State - 0
07-17 01:01:46.501   346   346 D SAN_SERVICE: *******************************************
07-17 01:02:03.743   144   169 I ActivityManager: Start proc com.whatsapp:contacts for service com.whatsapp/.accountsync.ContactsSyncAdapterService: pid=32502 uid=10068 gids={1015, 3003}
07-17 01:02:03.770    79    79 D dalvikvm: GC_EXPLICIT freed 38K, 4% free 9027K/9347K, paused 2ms+8ms
07-17 01:02:03.813 32502 32502 I dalvikvm: Turning on JNI app bug workarounds for target SDK version 7...
07-17 01:02:03.817    79    79 D dalvikvm: GC_EXPLICIT freed <1K, 4% free 9027K/9347K, paused 2ms+4ms
07-17 01:02:03.860    79    79 D dalvikvm: GC_EXPLICIT freed <1K, 4% free 9027K/9347K, paused 3ms+3ms
07-17 01:02:04.020 32502 32505 D dalvikvm: GC_CONCURRENT freed 168K, 4% free 9312K/9607K, paused 4ms+9ms
07-17 01:02:04.379   144   169 I ActivityManager: Start proc org.mozilla.firefox_beta for service org.mozilla.firefox_beta/org.mozilla.gecko.sync.syncadapter.SyncService: pid=32519 uid=10061 gids={3003, 1015, 1006}
07-17 01:02:04.516 32519 32519 I ActivityThread: Pub org.mozilla.firefox_beta.db.browser: org.mozilla.firefox_beta.db.BrowserProvider
07-17 01:02:04.540 32519 32519 I ActivityThread: Pub org.mozilla.firefox_beta.db.formhistory: org.mozilla.firefox_beta.db.FormHistoryProvider
07-17 01:02:04.540 32519 32519 I ActivityThread: Pub org.mozilla.firefox_beta.db.tabs: org.mozilla.firefox_beta.db.TabsProvider
07-17 01:02:04.594 32519 32519 D SyncAdapter: AccountManager.get(org.mozilla.gecko.GeckoApplication@4133e2b8)
07-17 01:02:04.657 32519 32534 I SyncAdapter: Syncing account named lokeshmandvekar for client named 'Firefox Beta on Full Android on Crespo4G' with client guid V94sXC9gK7ko (sync account has 5 clients).
07-17 01:02:04.657 32519 32532 D GeckoProfile: Found profile dir: /data/data/org.mozilla.firefox_beta/files/mozilla/r0zhquk7.default
07-17 01:02:04.665 32519 32534 I SyncAdapter: Got onPerformSync. Extras bundle is Bundle[{}]
07-17 01:02:04.669 32519 32534 I SyncAdapter: Account name: lokeshmandvekar
07-17 01:02:04.669 32519 32534 D SyncAdapter: Invalidating auth token.
07-17 01:02:04.723 32519 32534 I SyncAdapter: Waiting on sync monitor.
07-17 01:02:04.747 32519 32530 I SyncAuthService: AccountManager.get(org.mozilla.gecko.sync.setup.SyncAuthenticatorService@41369fb0)
07-17 01:02:04.751 32519 32530 I SyncAuthService: Setting username. Null? false
07-17 01:02:04.751 32519 32530 I SyncAuthService: Setting Sync Key. Null? false
07-17 01:02:04.958 32519 32519 I SyncAdapter: AccountManagerCallback invoked.
07-17 01:02:04.962 32519 32519 D SyncAdapter: Username: lokeshmandvekar
07-17 01:02:04.962 32519 32519 D SyncAdapter: Server:   https://auth.services.mozilla.com/
07-17 01:02:04.965 32519 32519 D SyncAdapter: Password? true
07-17 01:02:04.965 32519 32519 D SyncAdapter: Key?      true
07-17 01:02:04.981 32519 32519 I SyncAdapter: Performing sync.
07-17 01:02:05.051 32519 32519 I GlobalSession: GlobalSession initialized with bundle Bundle[{}]
07-17 01:02:05.122 32519 32519 I SyncConfiguration: Set clusterURL from bundle: https://phx-sync128.services.mozilla.com/
07-17 01:02:05.122 32519 32519 I SyncConfiguration: Set syncID from bundle: SsvQEEWgXg7c
07-17 01:02:05.126 32519 32522 D dalvikvm: GC_CONCURRENT freed 270K, 4% free 9249K/9607K, paused 4ms+3ms
07-17 01:02:05.145 32519 32519 I SyncAdapter: Stage completed: idle
07-17 01:02:05.145 32519 32519 I GlobalSession: Running next stage checkPreconditions (org.mozilla.gecko.sync.stage.CheckPreconditionsStage@413242d0)...
07-17 01:02:05.145 32519 32519 I SyncAdapter: Stage completed: checkPreconditions
07-17 01:02:05.145 32519 32519 I GlobalSession: Running next stage ensureClusterURL (org.mozilla.gecko.sync.stage.EnsureClusterURLStage@4134bd70)...
07-17 01:02:05.145 32519 32519 I EnsureClusterURLStage: Cluster URL is already set and not stale. Continuing with sync.
07-17 01:02:05.145 32519 32519 I SyncAdapter: Stage completed: ensureClusterURL
07-17 01:02:05.145 32519 32519 I GlobalSession: Running next stage fetchInfoCollections (org.mozilla.gecko.sync.stage.FetchInfoCollectionsStage@413164d8)...
07-17 01:02:05.833 32519 32522 D dalvikvm: GC_CONCURRENT freed 259K, 4% free 9481K/9863K, paused 25ms+2ms
07-17 01:02:06.294 32519 32539 I InfoCollections: info/collections is {"history":1.34250124568E9,"adblockplus":1.34175876947E9,"bookmarks":1.34245357164E9,"prefs":1.34240377169E9,"passwords":1.34250124615E9,"addons":1.34176087222E9,"crypto":1.32370693163E9,"meta":1.33648557571E9,"forms":1.34250124515E9,"clients":1.34248364273E9,"tabs":1.34250124635E9}
07-17 01:02:06.297 32519 32539 I FetchInfoCollStage: Got timestamps: 
07-17 01:02:06.297 32519 32539 I SyncAdapter: Stage completed: fetchInfoCollections
07-17 01:02:06.297 32519 32539 I GlobalSession: Running next stage fetchMetaGlobal (org.mozilla.gecko.sync.stage.FetchMetaGlobalStage@41340a30)...
07-17 01:02:06.297 32519 32539 I FetchMetaGlobalStage: Trying to use persisted meta/global for this session.
07-17 01:02:06.309 32519 32539 I MetaGlobal: meta/global is {"storageVersion":5,"engines":{"history":{"version":1,"syncID":"01-e95SthD5J"},"adblockplus":{"version":1,"syncID":"rGMG9HqQ8upG"},"bookmarks":{"version":2,"syncID":"DGxUQGK3Brjl"},"passwords":{"version":1,"syncID":"TSHU3rEev3hw"},"prefs":{"version":2,"syncID":"syRuG3i8nTfN"},"addons":{"version":1,"syncID":"EOfhOHDJ_kpO"},"forms":{"version":1,"syncID":"-CIEkGBGj2cs"},"clients":{"version":1,"syncID":"dMvGPkFS5Xgi"},"tabs":{"version":1,"syncID":"Gu-a_LMebMpU"}},"syncID":"SsvQEEWgXg7c"}
07-17 01:02:06.309 32519 32539 I FetchMetaGlobalStage: Using persisted meta/global for this session.
07-17 01:02:06.329 32519 32539 I SyncAdapter: Stage completed: fetchMetaGlobal
07-17 01:02:06.329 32519 32539 I GlobalSession: Running next stage ensureKeysStage (org.mozilla.gecko.sync.stage.EnsureCrypto5KeysStage@4133a230)...
07-17 01:02:06.333 32519 32539 I EnsureC5KeysStage: Trying to use persisted collection keys for this session.
07-17 01:02:06.356 32519 32522 D dalvikvm: GC_CONCURRENT freed 475K, 6% free 9569K/10119K, paused 2ms+2ms
07-17 01:02:06.360 32519 32539 I EnsureC5KeysStage: Using persisted collection keys for this session.
07-17 01:02:06.360 32519 32539 I SyncAdapter: Stage completed: ensureKeysStage
07-17 01:02:06.360 32519 32539 I GlobalSession: Running next stage syncClientsEngine (org.mozilla.gecko.sync.stage.SyncClientsEngineStage@41336600)...
07-17 01:02:06.641 32519 32539 I SyncClientsEngineStage: Local client GUID exists on server and was downloaded
07-17 01:02:06.813 29897 29910 I PhoneLab-: Service Running
07-17 01:02:07.071 29897 29910 I PhoneLab-LoggerService: app_37    1395  1     1432   988   c00f181c 400107b4 S logcat
07-17 01:02:07.071 29897 29910 I PhoneLab-LoggerService: Logcat pid from database 1395
07-17 01:02:07.071 29897 29910 I PhoneLab-LoggerService: Logcat process found 1395
07-17 01:02:07.071 29897 29910 I PhoneLab-LoggerService: Checking Threshold
07-17 01:02:07.071 29897 29910 I PhoneLab-LoggerService: Starting to rename files
07-17 01:02:07.071 29897 29910 I PhoneLab-LoggerService: Files found .. 2
07-17 01:02:07.075 32519 32539 D dalvikvm: GC_FOR_ALLOC freed 249K, 6% free 9632K/10183K, paused 67ms
07-17 01:02:07.348 32519 32539 D dalvikvm: GC_FOR_ALLOC freed 342K, 7% free 9632K/10247K, paused 64ms
07-17 01:02:07.626 32519 32539 I SyncAdapter: Stage completed: syncClientsEngine
07-17 01:02:07.626 32519 32539 I GlobalSession: Running next stage syncTabs (org.mozilla.gecko.sync.stage.FennecTabsServerSyncStage@413354d0)...
07-17 01:02:07.672 32519 32539 D dalvikvm: GC_FOR_ALLOC freed 370K, 7% free 9605K/10247K, paused 29ms
07-17 01:02:07.680 32519 32539 I SynchronizerSession: Starting A to B flow. Channel is org.mozilla.gecko.sync.synchronizer.RecordsChannel@413651a8
07-17 01:02:07.680 32519 32539 I RecordsChannel: Beginning source.
07-17 01:02:07.688 32519 32542 I RecordsChannel: Source session began. Beginning sink session.
07-17 01:02:07.688 32519 32543 I RecordsChannel: Sink session began. Beginning flow.
07-17 01:02:07.934 32519 32522 D dalvikvm: GC_CONCURRENT freed 405K, 6% free 9695K/10247K, paused 2ms+4ms
07-17 01:02:07.958 32519 32526 I dalvikvm: Total arena pages for JIT: 11
07-17 01:02:07.958 32519 32526 I dalvikvm: Total arena pages for JIT: 12
07-17 01:02:07.958 32519 32526 I dalvikvm: Total arena pages for JIT: 13
07-17 01:02:07.958 32519 32526 I dalvikvm: Total arena pages for JIT: 14
07-17 01:02:07.958 32519 32526 I dalvikvm: Total arena pages for JIT: 15
07-17 01:02:07.962 32519 32526 I dalvikvm: Total arena pages for JIT: 16
07-17 01:02:07.962 32519 32526 I dalvikvm: Total arena pages for JIT: 17
07-17 01:02:08.008 32519 32543 D dalvikvm: GC_FOR_ALLOC freed 392K, 7% free 9692K/10311K, paused 15ms
07-17 01:02:08.040 32519 32526 I dalvikvm: Total arena pages for JIT: 18
07-17 01:02:08.145 32519 32522 D dalvikvm: GC_CONCURRENT freed 497K, 7% free 9680K/10311K, paused 2ms+3ms
07-17 01:02:08.212 32519 32522 D dalvikvm: GC_CONCURRENT freed 409K, 6% free 9715K/10311K, paused 2ms+2ms
07-17 01:02:08.278 32519 32522 D dalvikvm: GC_CONCURRENT freed 435K, 6% free 9726K/10311K, paused 2ms+2ms
07-17 01:02:08.282 32519 32543 I RecordsChannel: onFetchCompleted. Stopping consumer once stores are done.
07-17 01:02:08.282 32519 32543 I RecordsChannel: Fetch timestamp is 1342501328100
07-17 01:02:08.282 32519 32539 I CRecordConsumer: Consumer is done. Processed 0 records.
07-17 01:02:09.739 32519 32537 D class ch.boye.httpclientandroidlib.impl.conn.tsccm.ThreadSafeClientConnManager: Closing expired connections
07-17 01:02:09.739 32519 32537 D class ch.boye.httpclientandroidlib.impl.conn.tsccm.ConnPoolByRoute: Closing expired connections
07-17 01:02:12.493 32519 32522 D dalvikvm: GC_CONCURRENT freed 577K, 7% free 9607K/10311K, paused 19ms+2ms
07-17 01:02:13.337 32519 32544 I RecordsChannel: onStoreCompleted. Notifying delegate of onFlowCompleted. Fetch end is 1342501328100, store end is 1342501328287
07-17 01:02:13.340 32519 32544 I SynchronizerSession: First RecordsChannel onFlowCompleted.
07-17 01:02:13.340 32519 32544 I SynchronizerSession: Fetch end is 1342501328100. Store end is 1342501328287. Starting next.
07-17 01:02:13.356 32519 32544 I RecordsChannel: onFetchCompleted. Stopping consumer once stores are done.
07-17 01:02:13.356 32519 32544 I RecordsChannel: Fetch timestamp is 1342501333359
07-17 01:02:13.360 32519 32539 I CRecordConsumer: Consumer is done. Processed 0 records.
07-17 01:02:13.379 32519 32545 I RecordsChannel: onStoreCompleted. Notifying delegate of onFlowCompleted. Fetch end is 1342501333359, store end is 0
07-17 01:02:13.379 32519 32545 I SynchronizerSession: Second RecordsChannel onFlowCompleted.
07-17 01:02:13.383 32519 32545 I SynchronizerSession: Fetch end is 1342501333359. Store end is 0. Finishing.
07-17 01:02:13.387 32519 32545 I SynchronizerSession: onFinishSucceeded. Flows? true, true
07-17 01:02:13.395 32519 32545 I SynchronizerSession: onFinishSucceeded: bumping session A's timestamp to 1342501328100 or 0
07-17 01:02:13.395 32519 32545 D RepositorySessionBundle: Setting timestamp on RepositorySessionBundle to 1342501328100
07-17 01:02:13.395 32519 32545 I SynchronizerSession: Finishing session B.
07-17 01:02:13.399 32519 32543 I SynchronizerSession: onFinishSucceeded. Flows? true, true
07-17 01:02:13.399 32519 32543 I SynchronizerSession: onFinishSucceeded: bumping session B's timestamp to 1342501333359 or 1342501328287
07-17 01:02:13.399 32519 32543 D RepositorySessionBundle: Setting timestamp on RepositorySessionBundle to 1342501333359
07-17 01:02:13.399 32519 32543 I SynchronizerSession: Notifying delegate.onSynchronized.
07-17 01:02:13.399 32519 32543 D SyncDelSDelegate: Got onSynchronized.
07-17 01:02:13.399 32519 32543 D SyncDelSDelegate: Notifying SynchronizerDelegate.
07-17 01:02:13.403 32519 32545 I RepositorySession: Shutting down work queues.
07-17 01:02:13.403 32519 32545 I RepositorySession: Shutting down work queues.
07-17 01:02:13.415 32519 32543 I ServerSyncStage: Advancing session.
07-17 01:02:13.415 32519 32543 I SyncAdapter: Stage completed: syncTabs
07-17 01:02:13.415 32519 32543 I GlobalSession: Running next stage syncPasswords (org.mozilla.gecko.sync.stage.PasswordsServerSyncStage@41334d90)...
07-17 01:02:13.458   144  6618 I ActivityManager: Start proc org.mozilla.firefox_beta.PasswordsProvider for content provider org.mozilla.firefox_beta/.db.PasswordsProvider: pid=32546 uid=10061 gids={3003, 1015, 1006}
07-17 01:02:13.504 32546 32546 I ActivityThread: Pub org.mozilla.firefox_beta.db.passwords: org.mozilla.firefox_beta.db.PasswordsProvider
07-17 01:02:13.508 32546 32546 D dalvikvm: Trying to load lib /data/data/org.mozilla.firefox_beta/lib/libmozglue.so 0x4131deb8
07-17 01:02:13.516 32546 32546 D dalvikvm: Added shared lib /data/data/org.mozilla.firefox_beta/lib/libmozglue.so 0x4131deb8
07-17 01:02:13.516 32546 32546 D dalvikvm: No JNI_OnLoad found in /data/data/org.mozilla.firefox_beta/lib/libmozglue.so 0x4131deb8, skipping init
07-17 01:02:13.520 32519 32539 I SynchronizerSession: Starting A to B flow. Channel is org.mozilla.gecko.sync.synchronizer.RecordsChannel@413c5b90
07-17 01:02:13.520 32519 32539 I RecordsChannel: Beginning source.
07-17 01:02:13.524 32519 32559 I RecordsChannel: Source session began. Beginning sink session.
07-17 01:02:13.524 32519 32560 I RecordsChannel: Sink session began. Beginning flow.
07-17 01:02:13.805 32519 32560 D dalvikvm: GC_FOR_ALLOC freed 337K, 7% free 9642K/10311K, paused 67ms
07-17 01:02:13.813 32519 32560 I RecordsChannel: onFetchCompleted. Stopping consumer once stores are done.
07-17 01:02:13.813 32519 32560 I RecordsChannel: Fetch timestamp is 1342501333980
07-17 01:02:13.813 32519 32539 I CRecordConsumer: Consumer is done. Processed 0 records.
07-17 01:02:13.821 32546 32558 D GeckoProfile: Found profile dir: /data/data/org.mozilla.firefox_beta/files/mozilla/r0zhquk7.default
07-17 01:02:13.825 32546 32558 D dalvikvm: Trying to load lib /data/data/org.mozilla.firefox_beta/lib/libmozglue.so 0x4131deb8
07-17 01:02:13.825 32546 32558 D dalvikvm: Shared lib '/data/data/org.mozilla.firefox_beta/lib/libmozglue.so' already loaded in same CL 0x4131deb8
07-17 01:02:13.825 32546 32558 E GeckoLibLoad: Load sqlite start
07-17 01:02:13.852 32546 32558 E GeckoLinker: /data/app/org.mozilla.firefox_beta-1.apk!/libmozsqlite3.so: Warning: relocation to NULL @0x00052db4
07-17 01:02:13.852 32546 32558 E GeckoLinker: /data/app/org.mozilla.firefox_beta-1.apk!/libmozsqlite3.so: Warning: relocation to NULL @0x00052cb0 for symbol "__cxa_begin_cleanup"
07-17 01:02:13.852 32546 32558 E GeckoLinker: /data/app/org.mozilla.firefox_beta-1.apk!/libmozsqlite3.so: Warning: relocation to NULL @0x00052d1c for symbol "__cxa_type_match"
07-17 01:02:13.852 32546 32558 E GeckoLibLoad: Load sqlite done
07-17 01:02:13.852 32546 32558 D dalvikvm: Trying to load lib /data/data/org.mozilla.firefox_beta/lib/libmozglue.so 0x4131deb8
07-17 01:02:13.852 32546 32558 D dalvikvm: Shared lib '/data/data/org.mozilla.firefox_beta/lib/libmozglue.so' already loaded in same CL 0x4131deb8
07-17 01:02:13.852 32546 32558 E GeckoLibLoad: Load nss start
07-17 01:02:13.887 32546 32558 E GeckoLinker: /data/app/org.mozilla.firefox_beta-1.apk!/libnspr4.so: Warning: relocation to NULL @0x00020de0
07-17 01:02:13.887 32546 32558 E GeckoLinker: /data/app/org.mozilla.firefox_beta-1.apk!/libnspr4.so: Warning: relocation to NULL @0x00020b98 for symbol "__cxa_begin_cleanup"
07-17 01:02:13.887 32546 32558 E GeckoLinker: /data/app/org.mozilla.firefox_beta-1.apk!/libnspr4.so: Warning: relocation to NULL @0x00020cb0 for symbol "__cxa_type_match"
07-17 01:02:13.891 32546 32558 E GeckoLibLoad: Load nss done
07-17 01:02:14.747 32519 32537 D class ch.boye.httpclientandroidlib.impl.conn.tsccm.ThreadSafeClientConnManager: Closing expired connections
07-17 01:02:14.747 32519 32537 D class ch.boye.httpclientandroidlib.impl.conn.tsccm.ConnPoolByRoute: Closing expired connections
07-17 01:02:14.805 32519 32561 I RecordsChannel: onStoreCompleted. Notifying delegate of onFlowCompleted. Fetch end is 1342501333980, store end is 1342501333818
07-17 01:02:14.805 32519 32561 I SynchronizerSession: First RecordsChannel onFlowCompleted.
07-17 01:02:14.809 32519 32561 I SynchronizerSession: Fetch end is 1342501333980. Store end is 1342501333818. Starting next.
07-17 01:02:14.848 32519 32560 I RecordsChannel: onFetchCompleted. Stopping consumer once stores are done.
07-17 01:02:14.848 32519 32560 I RecordsChannel: Fetch timestamp is 1342501334823
07-17 01:02:14.848 32519 32539 I CRecordConsumer: Consumer is done. Processed 0 records.
07-17 01:02:14.848 32519 32563 I RecordsChannel: onStoreCompleted. Notifying delegate of onFlowCompleted. Fetch end is 1342501334823, store end is 0
07-17 01:02:14.848 32519 32563 I SynchronizerSession: Second RecordsChannel onFlowCompleted.
07-17 01:02:14.848 32519 32563 I SynchronizerSession: Fetch end is 1342501334823. Store end is 0. Finishing.
07-17 01:02:14.848 32519 32563 I SynchronizerSession: onFinishSucceeded. Flows? true, true
07-17 01:02:14.848 32519 32563 I SynchronizerSession: onFinishSucceeded: bumping session A's timestamp to 1342501333980 or 0
07-17 01:02:14.848 32519 32563 D RepositorySessionBundle: Setting timestamp on RepositorySessionBundle to 1342501333980
07-17 01:02:14.848 32519 32563 I SynchronizerSession: Finishing session B.
07-17 01:02:14.852 32519 32560 I SynchronizerSession: onFinishSucceeded. Flows? true, true
07-17 01:02:14.852 32519 32560 I SynchronizerSession: onFinishSucceeded: bumping session B's timestamp to 1342501334823 or 1342501333818
07-17 01:02:14.852 32519 32560 D RepositorySessionBundle: Setting timestamp on RepositorySessionBundle to 1342501334823
07-17 01:02:14.852 32519 32560 I SynchronizerSession: Notifying delegate.onSynchronized.
07-17 01:02:14.852 32519 32560 D SyncDelSDelegate: Got onSynchronized.
07-17 01:02:14.852 32519 32560 D SyncDelSDelegate: Notifying SynchronizerDelegate.
07-17 01:02:14.856 32519 32563 I RepositorySession: Shutting down work queues.
07-17 01:02:14.856 32519 32563 I RepositorySession: Shutting down work queues.
07-17 01:02:14.993 32519 32560 I ServerSyncStage: Advancing session.
07-17 01:02:14.993 32519 32560 I SyncAdapter: Stage completed: syncPasswords
07-17 01:02:15.001 32519 32560 I GlobalSession: Running next stage syncBookmarks (org.mozilla.gecko.sync.stage.AndroidBrowserBookmarksServerSyncStage@41335d10)...
07-17 01:02:15.504 32519 32539 I SynchronizerSession: Starting A to B flow. Channel is org.mozilla.gecko.sync.synchronizer.RecordsChannel@41366148
07-17 01:02:15.504 32519 32539 I RecordsChannel: Beginning source.
07-17 01:02:15.508 32519 32565 I RecordsChannel: Source session began. Beginning sink session.
07-17 01:02:15.540 32519 32522 D dalvikvm: GC_CONCURRENT freed 430K, 7% free 9677K/10311K, paused 8ms+3ms
07-17 01:02:15.555 32519 32565 I BrowserRepoSession: BEGIN: checking database.
07-17 01:02:15.559 32519 32565 I BrowserRepoSession: END: checking database.
07-17 01:02:15.559 32519 32566 I RecordsChannel: Sink session began. Beginning flow.
07-17 01:02:15.922 32519 32566 I RecordsChannel: onFetchCompleted. Stopping consumer once stores are done.
07-17 01:02:15.922 32519 32566 I RecordsChannel: Fetch timestamp is 1342501336050
07-17 01:02:15.926 32519 32539 I CRecordConsumer: Consumer is done. Processed 0 records.
07-17 01:02:15.958 32519 32567 I RecordsChannel: onStoreCompleted. Notifying delegate of onFlowCompleted. Fetch end is 1342501336050, store end is 1342501335963
07-17 01:02:15.958 32519 32567 I SynchronizerSession: First RecordsChannel onFlowCompleted.
07-17 01:02:15.958 32519 32567 I SynchronizerSession: Fetch end is 1342501336050. Store end is 1342501335963. Starting next.
07-17 01:02:15.962 32519 32567 I BrowserRepoSession: Running fetchSince(1342497217679).
07-17 01:02:15.962 32519 32566 I RecordsChannel: onFetchCompleted. Stopping consumer once stores are done.
07-17 01:02:15.962 32519 32566 I RecordsChannel: Fetch timestamp is 1342501335964
07-17 01:02:15.965 32519 32539 I CRecordConsumer: Consumer is done. Processed 0 records.
07-17 01:02:15.965 32519 32568 I RecordsChannel: onStoreCompleted. Notifying delegate of onFlowCompleted. Fetch end is 1342501335964, store end is 0
07-17 01:02:15.965 32519 32568 I SynchronizerSession: Second RecordsChannel onFlowCompleted.
07-17 01:02:15.965 32519 32568 I SynchronizerSession: Fetch end is 1342501335964. Store end is 0. Finishing.
07-17 01:02:15.965 32519 32568 I SynchronizerSession: onFinishSucceeded. Flows? true, true
07-17 01:02:15.965 32519 32568 I SynchronizerSession: onFinishSucceeded: bumping session A's timestamp to 1342501336050 or 0
07-17 01:02:15.965 32519 32568 D RepositorySessionBundle: Setting timestamp on RepositorySessionBundle to 1342501336050
07-17 01:02:15.965 32519 32568 I SynchronizerSession: Finishing session B.
07-17 01:02:15.965 32519 32566 I SynchronizerSession: onFinishSucceeded. Flows? true, true
07-17 01:02:15.965 32519 32566 I SynchronizerSession: onFinishSucceeded: bumping session B's timestamp to 1342501335964 or 1342501335963
07-17 01:02:15.965 32519 32566 D RepositorySessionBundle: Setting timestamp on RepositorySessionBundle to 1342501335964
07-17 01:02:15.965 32519 32566 I SynchronizerSession: Notifying delegate.onSynchronized.
07-17 01:02:15.965 32519 32566 D SyncDelSDelegate: Got onSynchronized.
07-17 01:02:15.965 32519 32566 D SyncDelSDelegate: Notifying SynchronizerDelegate.
07-17 01:02:15.969 32519 32568 I RepositorySession: Shutting down work queues.
07-17 01:02:15.969 32519 32568 I RepositorySession: Shutting down work queues.
07-17 01:02:15.981 32519 32566 I ServerSyncStage: Advancing session.
07-17 01:02:15.981 32519 32566 I SyncAdapter: Stage completed: syncBookmarks
07-17 01:02:15.981 32519 32566 I GlobalSession: Running next stage syncHistory (org.mozilla.gecko.sync.stage.AndroidBrowserHistoryServerSyncStage@41333e88)...
07-17 01:02:15.985 32519 32569 I SynchronizerSession: Starting A to B flow. Channel is org.mozilla.gecko.sync.synchronizer.RecordsChannel@413eea80
07-17 01:02:15.985 32519 32569 I RecordsChannel: Beginning source.
07-17 01:02:15.985 32519 32570 I RecordsChannel: Source session began. Beginning sink session.
07-17 01:02:16.462 32519 32570 I BrowserRepoSession: BEGIN: checking database.
07-17 01:02:16.465 32519 32570 I BrowserRepoSession: END: checking database.
07-17 01:02:16.465 32519 32571 I RecordsChannel: Sink session began. Beginning flow.
07-17 01:02:17.368 32519 32522 D dalvikvm: GC_CONCURRENT freed 461K, 6% free 9727K/10311K, paused 19ms+2ms
07-17 01:02:17.419 32519 32572 D ABHistoryRepoSess: Adding visits for GUID 97BscOcKZZbj
07-17 01:02:17.469 32519 32522 D dalvikvm: GC_CONCURRENT freed 545K, 7% free 9729K/10375K, paused 2ms+2ms
07-17 01:02:17.536 32519 32522 D dalvikvm: GC_CONCURRENT freed 437K, 6% free 9803K/10375K, paused 1ms+2ms
07-17 01:02:17.610 32519 32522 D dalvikvm: GC_CONCURRENT freed 522K, 7% free 9783K/10439K, paused 1ms+3ms
07-17 01:02:17.669 32519 32522 D dalvikvm: GC_CONCURRENT freed 536K, 7% free 9751K/10439K, paused 2ms+2ms
07-17 01:02:17.727 32519 32522 D dalvikvm: GC_CONCURRENT freed 481K, 7% free 9756K/10439K, paused 1ms+3ms
07-17 01:02:17.786 32519 32522 D dalvikvm: GC_CONCURRENT freed 488K, 7% free 9766K/10439K, paused 2ms+3ms
07-17 01:02:17.840 32519 32522 D dalvikvm: GC_CONCURRENT freed 486K, 7% free 9769K/10439K, paused 1ms+2ms
07-17 01:02:17.895 32519 32522 D dalvikvm: GC_CONCURRENT freed 503K, 7% free 9774K/10439K, paused 2ms+2ms
07-17 01:02:17.950 32519 32522 D dalvikvm: GC_CONCURRENT freed 502K, 7% free 9774K/10439K, paused 2ms+2ms
07-17 01:02:18.001 32519 32522 D dalvikvm: GC_CONCURRENT freed 499K, 7% free 9778K/10439K, paused 2ms+3ms
07-17 01:02:18.051 32519 32522 D dalvikvm: GC_CONCURRENT freed 446K, 6% free 9816K/10439K, paused 2ms+2ms
07-17 01:02:18.094 32519 32522 D dalvikvm: GC_CONCURRENT freed 467K, 6% free 9818K/10439K, paused 2ms+3ms
07-17 01:02:18.141 32519 32522 D dalvikvm: GC_CONCURRENT freed 500K, 6% free 9823K/10439K, paused 1ms+2ms
07-17 01:02:18.192 32519 32522 D dalvikvm: GC_CONCURRENT freed 533K, 7% free 9790K/10439K, paused 2ms+2ms
07-17 01:02:18.247 32519 32522 D dalvikvm: GC_CONCURRENT freed 463K, 6% free 9827K/10439K, paused 1ms+2ms
07-17 01:02:18.301 32519 32522 D dalvikvm: GC_CONCURRENT freed 498K, 7% free 9795K/10439K, paused 2ms+2ms
07-17 01:02:18.352 32519 32522 D dalvikvm: GC_CONCURRENT freed 474K, 6% free 9832K/10439K, paused 2ms+2ms
07-17 01:02:18.415 32519 32522 D dalvikvm: GC_CONCURRENT freed 510K, 7% free 9807K/10439K, paused 2ms+2ms
07-17 01:02:18.458 32519 32522 D dalvikvm: GC_CONCURRENT freed 471K, 6% free 9841K/10439K, paused 1ms+2ms
07-17 01:02:18.512 32519 32522 D dalvikvm: GC_CONCURRENT freed 500K, 7% free 9809K/10439K, paused 2ms+2ms
07-17 01:02:18.563 32519 32522 D dalvikvm: GC_CONCURRENT freed 502K, 7% free 9812K/10439K, paused 2ms+3ms
07-17 01:02:18.618 32519 32522 D dalvikvm: GC_CONCURRENT freed 471K, 6% free 9849K/10439K, paused 1ms+2ms
07-17 01:02:18.661 32519 32522 D dalvikvm: GC_CONCURRENT freed 473K, 6% free 9853K/10439K, paused 3ms+2ms
07-17 01:02:18.715 32519 32522 D dalvikvm: GC_CONCURRENT freed 593K, 7% free 9824K/10503K, paused 2ms+2ms
07-17 01:02:18.770 32519 32522 D dalvikvm: GC_CONCURRENT freed 508K, 7% free 9826K/10503K, paused 2ms+2ms
07-17 01:02:18.825 32519 32522 D dalvikvm: GC_CONCURRENT freed 504K, 7% free 9829K/10503K, paused 2ms+2ms
07-17 01:02:18.872 32519 32522 D dalvikvm: GC_CONCURRENT freed 499K, 7% free 9836K/10503K, paused 2ms+2ms
07-17 01:02:18.895 32519 32571 I RecordsChannel: onFetchCompleted. Stopping consumer once stores are done.
07-17 01:02:18.895 32519 32571 I RecordsChannel: Fetch timestamp is 1342501336900
07-17 01:02:18.895 32519 32539 I CRecordConsumer: Consumer is done. Processed 0 records.
07-17 01:02:19.067 32519 32572 I BrowserRepoSession: BEGIN: creating record -> GUID map.
07-17 01:02:19.387 32519 32522 D dalvikvm: GC_CONCURRENT freed 464K, 7% free 9811K/10503K, paused 2ms+2ms
07-17 01:02:19.571 32519 32522 D dalvikvm: GC_CONCURRENT freed 388K, 6% free 9921K/10503K, paused 2ms+2ms
07-17 01:02:19.700 32519 32522 D dalvikvm: GC_CONCURRENT freed 465K, 6% free 10021K/10567K, paused 2ms+2ms
07-17 01:02:19.751 32519 32537 D class ch.boye.httpclientandroidlib.impl.conn.tsccm.ThreadSafeClientConnManager: Closing expired connections
07-17 01:02:19.751 32519 32537 D class ch.boye.httpclientandroidlib.impl.conn.tsccm.ConnPoolByRoute: Closing expired connections
07-17 01:02:19.844 32519 32522 D dalvikvm: GC_CONCURRENT freed 380K, 5% free 10168K/10631K, paused 2ms+2ms
07-17 01:02:19.977 32519 32522 D dalvikvm: GC_CONCURRENT freed 426K, 5% free 10251K/10759K, paused 2ms+3ms
07-17 01:02:20.094 32519 32522 D dalvikvm: GC_CONCURRENT freed 408K, 5% free 10421K/10887K, paused 2ms+3ms
07-17 01:02:20.215 32519 32522 D dalvikvm: GC_CONCURRENT freed 409K, 5% free 10522K/11015K, paused 1ms+2ms
07-17 01:02:20.344 32519 32522 D dalvikvm: GC_CONCURRENT freed 420K, 5% free 10638K/11143K, paused 2ms+3ms
07-17 01:02:20.477 32519 32522 D dalvikvm: GC_CONCURRENT freed 410K, 5% free 10775K/11271K, paused 2ms+3ms
07-17 01:02:20.602 32519 32522 D dalvikvm: GC_CONCURRENT freed 472K, 5% free 10905K/11463K, paused 2ms+3ms
07-17 01:02:20.751 32519 32522 D dalvikvm: GC_CONCURRENT freed 526K, 6% free 11042K/11655K, paused 2ms+3ms
07-17 01:02:20.899 32519 32522 D dalvikvm: GC_CONCURRENT freed 557K, 6% free 11201K/11847K, paused 2ms+2ms
07-17 01:02:21.055 32519 32522 D dalvikvm: GC_CONCURRENT freed 582K, 6% free 11367K/12039K, paused 2ms+3ms
07-17 01:02:21.200 32519 32572 I BrowserRepoSession: END: creating record -> GUID map.
07-17 01:02:21.208 32519 32572 D ABHistoryRepoSess: Adding visits for GUID -VjmIKoE72UO
07-17 01:02:21.219 32519 32522 D dalvikvm: GC_CONCURRENT freed 584K, 6% free 11534K/12231K, paused 1ms+3ms
07-17 01:02:21.579 32519 32572 D ABHistoryRepoSess: Adding visits for GUID PhaI59o2JeDZ
07-17 01:02:21.883 32519 32572 D ABHistoryRepoSess: Adding visits for GUID NJkjmi6wP5ES
07-17 01:02:22.200 32519 32572 D ABHistoryRepoSess: Adding visits for GUID bQaw72hHsSPc
07-17 01:02:22.516 32519 32572 D ABHistoryRepoSess: Adding visits for GUID B-GSLeiEFuWv
07-17 01:02:22.790 32519 32572 D ABHistoryRepoSess: Adding visits for GUID CUSVKYzztVmU
07-17 01:02:23.040 32519 32572 D ABHistoryRepoSess: Adding visits for GUID RuZa6n0JecCH
07-17 01:02:23.356 32519 32572 D ABHistoryRepoSess: Adding visits for GUID kQKJqjpFbTlj
07-17 01:02:23.653 32519 32572 D ABHistoryRepoSess: Adding visits for GUID BFKj8iLwqynm
07-17 01:02:23.692 32519 32572 D dalvikvm: GC_FOR_ALLOC freed 575K, 8% free 11533K/12487K, paused 26ms
07-17 01:02:23.950 32519 32572 D ABHistoryRepoSess: Adding visits for GUID Hl55SXHH_Ja4
07-17 01:02:24.196 32519 32572 D ABHistoryRepoSess: Adding visits for GUID 5Y4tZGEh1SFb
07-17 01:02:24.751 32519 32537 D class ch.boye.httpclientandroidlib.impl.conn.tsccm.ThreadSafeClientConnManager: Closing expired connections
07-17 01:02:24.751 32519 32537 D class ch.boye.httpclientandroidlib.impl.conn.tsccm.ConnPoolByRoute: Closing expired connections
07-17 01:02:25.712 32519 32572 D ABHistoryRepoSess: Adding visits for GUID hMDYVikihG_o
07-17 01:02:26.087   144 12390 D dalvikvm: GC_EXPLICIT freed 790K, 19% free 17661K/21767K, paused 3ms+8ms
07-17 01:02:26.286 32519 32522 D dalvikvm: GC_CONCURRENT freed 697K, 7% free 11641K/12487K, paused 2ms+4ms
07-17 01:02:27.122 32519 32572 D ABHistoryRepoSess: Adding visits for GUID nJ_AQo7dHCdh
07-17 01:02:27.860 32519 32572 I RecordsChannel: onStoreCompleted. Notifying delegate of onFlowCompleted. Fetch end is 1342501336900, store end is 1342501347860
07-17 01:02:27.860 32519 32572 I SynchronizerSession: First RecordsChannel onFlowCompleted.
07-17 01:02:27.864 32519 32572 I SynchronizerSession: Fetch end is 1342501336900. Store end is 1342501347860. Starting next.
07-17 01:02:27.868 32519 32572 I BrowserRepoSession: Running fetchSince(1342497220993).
07-17 01:02:28.012 32519 32571 I RecordsChannel: onFetchCompleted. Stopping consumer once stores are done.
07-17 01:02:28.012 32519 32571 I RecordsChannel: Fetch timestamp is 1342501347871
07-17 01:02:28.012 32519 32539 I CRecordConsumer: Consumer is done. Processed 0 records.
07-17 01:02:28.020 32519 32573 I RecordsChannel: onStoreCompleted. Notifying delegate of onFlowCompleted. Fetch end is 1342501347871, store end is 0
07-17 01:02:28.020 32519 32573 I SynchronizerSession: Second RecordsChannel onFlowCompleted.
07-17 01:02:28.020 32519 32573 I SynchronizerSession: Fetch end is 1342501347871. Store end is 0. Finishing.
07-17 01:02:28.020 32519 32573 I SynchronizerSession: onFinishSucceeded. Flows? true, true
07-17 01:02:28.020 32519 32573 I SynchronizerSession: onFinishSucceeded: bumping session A's timestamp to 1342501336900 or 0
07-17 01:02:28.020 32519 32573 D RepositorySessionBundle: Setting timestamp on RepositorySessionBundle to 1342501336900
07-17 01:02:28.020 32519 32573 I SynchronizerSession: Finishing session B.
07-17 01:02:28.032 32519 32571 I SynchronizerSession: onFinishSucceeded. Flows? true, true
07-17 01:02:28.032 32519 32571 I SynchronizerSession: onFinishSucceeded: bumping session B's timestamp to 1342501347871 or 1342501347860
07-17 01:02:28.032 32519 32571 D RepositorySessionBundle: Setting timestamp on RepositorySessionBundle to 1342501347871
07-17 01:02:28.032 32519 32571 I SynchronizerSession: Notifying delegate.onSynchronized.
07-17 01:02:28.032 32519 32571 D SyncDelSDelegate: Got onSynchronized.
07-17 01:02:28.032 32519 32571 D SyncDelSDelegate: Notifying SynchronizerDelegate.
07-17 01:02:28.036 32519 32573 I RepositorySession: Shutting down work queues.
07-17 01:02:28.036 32519 32573 I RepositorySession: Shutting down work queues.
07-17 01:02:28.044 32519 32522 D dalvikvm: GC_CONCURRENT freed 1013K, 9% free 11509K/12615K, paused 2ms+9ms
07-17 01:02:28.094 32519 32571 I ServerSyncStage: Advancing session.
07-17 01:02:28.094 32519 32571 I SyncAdapter: Stage completed: syncHistory
07-17 01:02:28.094 32519 32571 I GlobalSession: Running next stage syncFormHistory (org.mozilla.gecko.sync.stage.FormHistoryServerSyncStage@41332878)...
07-17 01:02:28.102 32519 32571 I SynchronizerSession: Starting A to B flow. Channel is org.mozilla.gecko.sync.synchronizer.RecordsChannel@415b95e8
07-17 01:02:28.102 32519 32571 I RecordsChannel: Beginning source.
07-17 01:02:28.102 32519 32574 I RecordsChannel: Source session began. Beginning sink session.
07-17 01:02:28.102 32519 32575 I RecordsChannel: Sink session began. Beginning flow.
07-17 01:02:28.321 32519 32575 D dalvikvm: GC_FOR_ALLOC freed 2131K, 23% free 9719K/12615K, paused 24ms
07-17 01:02:28.333 32519 32576 D dalvikvm: Trying to load lib /data/data/org.mozilla.firefox_beta/lib/libmozglue.so 0x4131e978
07-17 01:02:28.333 32519 32576 D dalvikvm: Added shared lib /data/data/org.mozilla.firefox_beta/lib/libmozglue.so 0x4131e978
07-17 01:02:28.337 32519 32575 I RecordsChannel: onFetchCompleted. Stopping consumer once stores are done.
07-17 01:02:28.337 32519 32576 D dalvikvm: No JNI_OnLoad found in /data/data/org.mozilla.firefox_beta/lib/libmozglue.so 0x4131e978, skipping init
07-17 01:02:28.337 32519 32575 I RecordsChannel: Fetch timestamp is 1342501348530
07-17 01:02:28.337 32519 32576 E GeckoLibLoad: Load sqlite start
07-17 01:02:28.337 32519 32539 I CRecordConsumer: Consumer is done. Processed 0 records.
07-17 01:02:28.352 32519 32576 E GeckoLinker: /data/app/org.mozilla.firefox_beta-1.apk!/libmozsqlite3.so: Warning: relocation to NULL @0x00052db4
07-17 01:02:28.352 32519 32576 E GeckoLinker: /data/app/org.mozilla.firefox_beta-1.apk!/libmozsqlite3.so: Warning: relocation to NULL @0x00052cb0 for symbol "__cxa_begin_cleanup"
07-17 01:02:28.352 32519 32576 E GeckoLinker: /data/app/org.mozilla.firefox_beta-1.apk!/libmozsqlite3.so: Warning: relocation to NULL @0x00052d1c for symbol "__cxa_type_match"
07-17 01:02:28.352 32519 32576 E GeckoLibLoad: Load sqlite done
07-17 01:02:28.352 32519 32576 D dalvikvm: Trying to load lib /data/data/org.mozilla.firefox_beta/lib/libmozglue.so 0x4131e978
07-17 01:02:28.352 32519 32576 D dalvikvm: Shared lib '/data/data/org.mozilla.firefox_beta/lib/libmozglue.so' already loaded in same CL 0x4131e978
07-17 01:02:28.356 32519 32576 E GeckoLibLoad: Load nss start
07-17 01:02:28.383 32519 32576 E GeckoLinker: /data/app/org.mozilla.firefox_beta-1.apk!/libnspr4.so: Warning: relocation to NULL @0x00020de0
07-17 01:02:28.383 32519 32576 E GeckoLinker: /data/app/org.mozilla.firefox_beta-1.apk!/libnspr4.so: Warning: relocation to NULL @0x00020b98 for symbol "__cxa_begin_cleanup"
07-17 01:02:28.387 32519 32576 E GeckoLinker: /data/app/org.mozilla.firefox_beta-1.apk!/libnspr4.so: Warning: relocation to NULL @0x00020cb0 for symbol "__cxa_type_match"
07-17 01:02:28.391 32519 32576 E GeckoLibLoad: Load nss done
07-17 01:02:29.661 32519 32522 D dalvikvm: GC_CONCURRENT freed 443K, 24% free 9670K/12615K, paused 9ms+2ms
07-17 01:02:29.754 32519 32537 D class ch.boye.httpclientandroidlib.impl.conn.tsccm.ThreadSafeClientConnManager: Closing expired connections
07-17 01:02:29.754 32519 32537 D class ch.boye.httpclientandroidlib.impl.conn.tsccm.ConnPoolByRoute: Closing expired connections
07-17 01:02:29.825 32519 32576 I RecordsChannel: onStoreCompleted. Notifying delegate of onFlowCompleted. Fetch end is 1342501348530, store end is 1342501349827
07-17 01:02:29.825 32519 32576 I SynchronizerSession: First RecordsChannel onFlowCompleted.
07-17 01:02:29.829 32519 32576 I SynchronizerSession: Fetch end is 1342501348530. Store end is 1342501349827. Starting next.
07-17 01:02:29.840 32519 32576 I FormHistoryRepoSess: Running fetchSince(1342497221684).
07-17 01:02:29.876 32519 32575 I RecordsChannel: onFetchCompleted. Stopping consumer once stores are done.
07-17 01:02:29.876 32519 32575 I RecordsChannel: Fetch timestamp is 1342501349844
07-17 01:02:29.876 32519 32539 I CRecordConsumer: Consumer is done. Processed 0 records.
07-17 01:02:29.879 32519 32577 I RecordsChannel: onStoreCompleted. Notifying delegate of onFlowCompleted. Fetch end is 1342501349844, store end is 0
07-17 01:02:29.879 32519 32577 I SynchronizerSession: Second RecordsChannel onFlowCompleted.
07-17 01:02:29.879 32519 32577 I SynchronizerSession: Fetch end is 1342501349844. Store end is 0. Finishing.
07-17 01:02:29.879 32519 32577 I SynchronizerSession: onFinishSucceeded. Flows? true, true
07-17 01:02:29.879 32519 32577 I SynchronizerSession: onFinishSucceeded: bumping session A's timestamp to 1342501348530 or 0
07-17 01:02:29.879 32519 32577 D RepositorySessionBundle: Setting timestamp on RepositorySessionBundle to 1342501348530
07-17 01:02:29.879 32519 32577 I SynchronizerSession: Finishing session B.
07-17 01:02:29.879 32519 32575 I SynchronizerSession: onFinishSucceeded. Flows? true, true
07-17 01:02:29.879 32519 32575 I SynchronizerSession: onFinishSucceeded: bumping session B's timestamp to 1342501349844 or 1342501349827
07-17 01:02:29.879 32519 32575 D RepositorySessionBundle: Setting timestamp on RepositorySessionBundle to 1342501349844
07-17 01:02:29.879 32519 32575 I SynchronizerSession: Notifying delegate.onSynchronized.
07-17 01:02:29.879 32519 32575 D SyncDelSDelegate: Got onSynchronized.
07-17 01:02:29.879 32519 32575 D SyncDelSDelegate: Notifying SynchronizerDelegate.
07-17 01:02:29.883 32519 32577 I RepositorySession: Shutting down work queues.
07-17 01:02:29.883 32519 32577 I RepositorySession: Shutting down work queues.
07-17 01:02:29.907 32519 32575 I ServerSyncStage: Advancing session.
07-17 01:02:29.907 32519 32575 I SyncAdapter: Stage completed: syncFormHistory
07-17 01:02:29.907 32519 32575 I GlobalSession: Running next stage uploadMetaGlobal (org.mozilla.gecko.sync.stage.UploadMetaGlobalStage@4132fc18)...
07-17 01:02:29.907 32519 32575 I GlobalSession: Not uploading updated meta/global record since there are no engines requesting upload.
07-17 01:02:29.907 32519 32575 I SyncAdapter: Stage completed: uploadMetaGlobal
07-17 01:02:29.911 32519 32575 I GlobalSession: Running next stage completed (org.mozilla.gecko.sync.stage.CompletedStage@4132fad8)...
07-17 01:02:29.911 32519 32575 I SyncAdapter: GlobalSession indicated success.
07-17 01:02:29.911 32519 32575 I SyncAdapter: Prefs target: sync.prefs.4z4c2c64wz4yf3ewnl5u6s4kngeylw6g
07-17 01:02:29.911 32519 32575 I SyncAdapter: Notifying sync monitor.
07-17 01:02:29.911 32519 32534 I SyncAdapter: Setting minimum next sync time to 1342501649915
07-17 01:02:29.930 32519 32537 D class ch.boye.httpclientandroidlib.impl.conn.tsccm.ThreadSafeClientConnManager: Closing expired connections
07-17 01:02:29.930 32519 32537 D class ch.boye.httpclientandroidlib.impl.conn.tsccm.ConnPoolByRoute: Closing expired connections
07-17 01:02:29.930 32519 32537 D class ch.boye.httpclientandroidlib.impl.conn.tsccm.ThreadSafeClientConnManager: Shutting down
07-17 01:02:29.930 32519 32537 D class ch.boye.httpclientandroidlib.impl.conn.DefaultClientConnection: Connection closed
07-17 01:02:29.942   144 12390 I ActivityManager: No longer want com.android.sprintmenu (pid 29955): hidden #16
07-17 01:02:29.958   144   155 W ActivityManager: Scheduling restart of crashed service com.android.sprintmenu/.HiddenPhoneService in 5000ms
07-17 01:02:29.973   144   169 I ActivityManager: Start proc com.google.android.apps.docs for service com.google.android.apps.docs/.sync.syncadapter.DocsSyncAdapterService: pid=32578 uid=10077 gids={3003, 1015, 1006}
07-17 01:02:30.200 32578 32578 I PackageInfoHelper: Provided clientMode=RELEASE, packageInfo=PackageInfo{4135f220 com.google.android.apps.docs}
07-17 01:02:30.204 32578 32578 I ActivityThread: Pub com.google.android.apps.docs.files: com.google.android.apps.docs.sync.filemanager.FileProvider
07-17 01:02:30.204 32578 32578 I ActivityThread: Pub com.google.android.apps.docs.doclist.search_suggest: com.google.android.apps.docs.doclist.DocListGlobalSearchSuggestionProvider
07-17 01:02:30.407 32578 32581 D dalvikvm: GC_CONCURRENT freed 219K, 4% free 9312K/9607K, paused 4ms+4ms
07-17 01:02:30.544 32578 32581 D dalvikvm: GC_CONCURRENT freed 416K, 6% free 9425K/9927K, paused 3ms+2ms
07-17 01:02:30.645 32578 32581 D dalvikvm: GC_CONCURRENT freed 542K, 6% free 9457K/10055K, paused 2ms+2ms
07-17 01:02:30.727 32578 32581 D dalvikvm: GC_CONCURRENT freed 520K, 7% free 9449K/10055K, paused 2ms+3ms
07-17 01:02:30.817 32578 32581 D dalvikvm: GC_CONCURRENT freed 461K, 6% free 9528K/10055K, paused 1ms+2ms
07-17 01:02:30.911 32578 32581 D dalvikvm: GC_CONCURRENT freed 522K, 6% free 9518K/10119K, paused 1ms+2ms
07-17 01:02:31.047 32578 32581 D dalvikvm: GC_CONCURRENT freed 344K, 5% free 9625K/10119K, paused 2ms+2ms
07-17 01:02:31.176 32578 32578 D ContextScopeImpl: in ContextScope.getContextOrDefault for thread=1
07-17 01:02:31.176 32578 32581 D dalvikvm: GC_CONCURRENT freed 402K, 5% free 9773K/10247K, paused 2ms+3ms
07-17 01:02:31.176 32578 32578 D ContextScopeImpl: returning application context for thread=1
07-17 01:02:31.196 32578 32578 I FeatureCheckerImpl: Configured disabled features: []
07-17 01:02:31.196 32578 32578 D ContextScopeImpl: in ContextScope.getContextOrDefault for thread=1
07-17 01:02:31.196 32578 32578 D ContextScopeImpl: returning application context for thread=1
07-17 01:02:31.208 32578 32578 D ContextScopeImpl: in ContextScope.enter for thread=1
07-17 01:02:31.208 32578 32578 W ContextScopeImpl: thread=1 tried to enter the scope of the application context. Ignored.
07-17 01:02:31.208 32578 32578 D ContextScopeImpl: in ContextScope.getContextOrDefault for thread=1
07-17 01:02:31.208 32578 32578 D ContextScopeImpl: returning application context for thread=1
07-17 01:02:31.212 32578 32578 D DocListDatabase: openHelper points on new database: DocList.db
07-17 01:02:31.212 32578 32578 D DocListDatabase: in openWriteDatabase
07-17 01:02:31.223 32578 32578 I ActivityThread: Pub com.google.android.apps.docs.doclist.account_suggest: com.google.android.apps.docs.doclist.DocListAccountSuggestionProvider
07-17 01:02:31.227 32578 32578 D ContextScopeImpl: in ContextScope.enter for thread=1
07-17 01:02:31.227 32578 32578 W ContextScopeImpl: thread=1 tried to enter the scope of the application context. Ignored.
07-17 01:02:31.227 32578 32578 I ActivityThread: Pub com.google.android.apps.docs: com.google.android.apps.docs.providers.DocListProvider
07-17 01:02:31.227 32578 32578 D ContextScopeImpl: in ContextScope.enter for thread=1
07-17 01:02:31.227 32578 32578 W ContextScopeImpl: thread=1 tried to enter the scope of the application context. Ignored.
07-17 01:02:31.235 32578 32578 W ContextScopeImpl: thread=1 tried to enter the scope of the application context. Ignored.
07-17 01:02:31.243 32578 32591 W ContextScopeImpl: thread=5067 tried to enter the scope of the application context. Ignored.
07-17 01:02:32.169 32578 32581 D dalvikvm: GC_CONCURRENT freed 382K, 5% free 9908K/10375K, paused 12ms+3ms
07-17 01:02:32.391 32578 32594 D HttpIssuerBase: Start closing time
07-17 01:02:33.141 32578 32581 D dalvikvm: GC_CONCURRENT freed 337K, 5% free 10047K/10503K, paused 25ms+6ms
07-17 01:02:34.024 32578 32594 D HttpIssuerBase: Start closing time
07-17 01:02:35.016   144   161 I ActivityManager: Start proc com.android.sprintmenu for service com.android.sprintmenu/.HiddenPhoneService: pid=32603 uid=1001 gids={3002, 3001, 3003, 1015}
07-17 01:02:35.532   144   199 D DhcpInfoInternal: makeLinkProperties with empty dns2!
07-17 01:02:35.532   144   199 D DhcpInfoInternal: makeLinkProperties with empty dns2!
07-17 01:02:35.692 32578 32581 D dalvikvm: GC_CONCURRENT freed 390K, 5% free 10150K/10631K, paused 9ms+3ms
07-17 01:02:37.141   144  6618 I ActivityManager: No longer want com.google.android.apps.maps:NetworkLocationService (pid 29971): hidden #16
07-17 01:02:37.149   144   144 W ActivityManager: Scheduling restart of crashed service com.google.android.apps.maps/com.google.android.location.internal.server.NetworkLocationService in 5000ms
07-17 01:02:42.208   144   161 I ActivityManager: Start proc com.google.android.apps.maps:NetworkLocationService for service com.google.android.apps.maps/com.google.android.location.internal.server.NetworkLocationService: pid=32638 uid=10056 gids={3003, 1015}
07-17 01:02:42.372 32638 32641 D dalvikvm: GC_CONCURRENT freed 163K, 3% free 9368K/9607K, paused 2ms+3ms
07-17 01:02:42.868 32638 32641 D dalvikvm: GC_CONCURRENT freed 163K, 3% free 9701K/9927K, paused 11ms+4ms
07-17 01:02:43.133 32638 32641 D dalvikvm: GC_CONCURRENT freed 167K, 3% free 10068K/10311K, paused 2ms+3ms
07-17 01:02:43.321 32638 32641 D dalvikvm: GC_CONCURRENT freed 664K, 8% free 9882K/10631K, paused 2ms+2ms
07-17 01:02:43.446   144   161 I ActivityManager: Start proc com.google.android.apps.maps:FriendService for broadcast com.google.android.apps.maps/com.google.googlenav.friend.android.ServiceReceiver: pid=32659 uid=10056 gids={3003, 1015}
07-17 01:02:43.594 32659 32662 D dalvikvm: GC_CONCURRENT freed 166K, 3% free 9366K/9607K, paused 2ms+2ms
07-17 01:02:43.739 32659 32662 D dalvikvm: GC_CONCURRENT freed 238K, 4% free 9674K/9991K, paused 1ms+4ms
07-17 01:02:43.856 31371 31373 D dalvikvm: GC_CONCURRENT freed 523K, 8% free 10090K/10951K, paused 7ms+5ms
07-17 01:02:43.903   144 14192 I ActivityManager: No longer want com.google.android.apps.googlevoice (pid 30007): hidden #16
07-17 01:02:43.907   144 15767 W ActivityManager: Scheduling restart of crashed service com.google.android.apps.googlevoice/.CallLogService in 5000ms
07-17 01:02:43.907   144 15767 W ActivityManager: Scheduling restart of crashed service com.google.android.apps.googlevoice/.UpdateService in 14999ms
07-17 01:02:43.962 32638 32645 I dalvikvm: Total arena pages for JIT: 11
07-17 01:02:43.969 32638 32645 I dalvikvm: Total arena pages for JIT: 12
07-17 01:02:43.969 32638 32645 I dalvikvm: Total arena pages for JIT: 13
07-17 01:02:43.969 32638 32645 I dalvikvm: Total arena pages for JIT: 14
07-17 01:02:43.969 32638 32645 I dalvikvm: Total arena pages for JIT: 15
07-17 01:02:43.969 32638 32645 I dalvikvm: Total arena pages for JIT: 16
07-17 01:02:43.969 32638 32645 I dalvikvm: Total arena pages for JIT: 17
07-17 01:02:44.008 32638 32658 D dalvikvm: GC_FOR_ALLOC freed 129K, 6% free 10042K/10631K, paused 21ms
07-17 01:02:44.055 32638 32645 I dalvikvm: Total arena pages for JIT: 18
07-17 01:02:44.266 32638 32658 D dalvikvm: GC_FOR_ALLOC freed 186K, 4% free 10236K/10631K, paused 21ms
07-17 01:02:44.645 32638 32641 D dalvikvm: GC_CONCURRENT freed 409K, 6% free 10256K/10823K, paused 2ms+2ms
07-17 01:02:45.774 31371 31373 D dalvikvm: GC_CONCURRENT freed 403K, 8% free 10109K/10951K, paused 2ms+2ms
07-17 01:02:48.997   144   161 I ActivityManager: Start proc com.google.android.apps.googlevoice for service com.google.android.apps.googlevoice/.CallLogService: pid=32674 uid=10054 gids={3003, 1015}
07-17 01:02:49.438 32674 32676 D dalvikvm: GC_CONCURRENT freed 257K, 4% free 9273K/9607K, paused 2ms+2ms
07-17 01:02:49.598 31325 31327 D dalvikvm: GC_CONCURRENT freed 414K, 7% free 9550K/10183K, paused 3ms+3ms
07-17 01:02:49.985   144   342 D dalvikvm: GC_EXPLICIT freed 342K, 19% free 17660K/21767K, paused 29ms+7ms
07-17 01:02:59.106   144   144 D CountryDetector: The first listener is added
07-17 01:02:59.204 32674 32676 D dalvikvm: GC_CONCURRENT freed 366K, 5% free 9387K/9863K, paused 3ms+2ms
07-17 01:02:59.219 32674 32683 W CursorWrapperInner: Cursor finalized without prior close()
07-17 01:02:59.219 32674 32683 W CursorWrapperInner: Cursor finalized without prior close()
07-17 01:02:59.219 32674 32683 W CursorWrapperInner: Cursor finalized without prior close()
07-17 01:02:59.469 31325 31327 D dalvikvm: GC_CONCURRENT freed 281K, 6% free 9665K/10183K, paused 2ms+9ms
07-17 01:02:59.497 32674 32676 D dalvikvm: GC_CONCURRENT freed 314K, 5% free 9497K/9927K, paused 3ms+3ms
07-17 01:02:59.520 31325 31365 D dalvikvm: GC_EXPLICIT freed 31K, 6% free 9633K/10183K, paused 2ms+2ms
07-17 01:02:59.809 31325 31327 D dalvikvm: GC_CONCURRENT freed 276K, 4% free 9806K/10183K, paused 2ms+5ms
07-17 01:02:59.821 32674 32696 D dalvikvm: GC_FOR_ALLOC freed 137K, 5% free 9656K/10119K, paused 48ms
07-17 01:03:03.876   144   161 I ActivityManager: No longer want com.google.android.apps.maps (pid 30912): hidden #16
07-17 01:03:03.911   144 14994 W ActivityManager: Scheduling restart of crashed service com.google.android.apps.maps/com.google.googlenav.prefetch.android.PrefetcherService in 5000ms
07-17 01:03:03.954 32519 32701 I SyncAdapter: Syncing account named lokeshmandvekar for client named 'Firefox Beta on Full Android on Crespo4G' with client guid V94sXC9gK7ko (sync account has 5 clients).
07-17 01:03:03.954 32519 32701 I SyncAdapter: Not syncing: must wait another 265956ms.
07-17 01:03:08.969   144   161 I ActivityManager: Start proc com.google.android.apps.maps for service com.google.android.apps.maps/com.google.googlenav.prefetch.android.PrefetcherService: pid=32703 uid=10056 gids={3003, 1015}
07-17 01:03:09.079 32703 32706 D dalvikvm: GC_CONCURRENT freed 167K, 3% free 9365K/9607K, paused 2ms+2ms
07-17 01:03:09.137 32703 32703 I ActivityThread: Pub com.google.android.maps.SearchHistoryProvider: com.google.googlenav.provider.SearchHistoryProvider
07-17 01:03:09.161 32703 32703 I ActivityThread: Pub com.google.android.maps.SuggestionProvider: com.google.googlenav.suggest.android.SuggestContentProvider
07-17 01:03:09.184 32703 32703 I ActivityThread: Pub com.google.android.maps.LayerInfoProvider: com.google.googlenav.layer.LayerInfoProvider
07-17 01:03:09.200 32703 32703 I ActivityThread: Pub com.google.android.maps.TrafficAppWidgetProvider: com.google.googlenav.appwidget.traffic.TrafficAppWidgetProvider
07-17 01:03:09.204 32703 32703 I ActivityThread: Pub com.google.android.maps.LocalActivePlacesProvider: com.google.googlenav.provider.LocalActivePlacesProvider
07-17 01:03:09.204 32703 32703 I ActivityThread: Pub com.google.android.maps.StarredItemProvider: com.google.googlenav.provider.StarredItemProvider
07-17 01:03:09.383 32703 32706 D dalvikvm: GC_CONCURRENT freed 164K, 3% free 9655K/9927K, paused 9ms+2ms
07-17 01:03:09.497 27911 28082 D dalvikvm: GC_EXPLICIT freed 304K, 6% free 10215K/10823K, paused 5ms+4ms
07-17 01:03:09.657 32703 32706 D dalvikvm: GC_CONCURRENT freed 247K, 4% free 9887K/10247K, paused 4ms+2ms
07-17 01:03:09.684 32703 32703 I ActivityThread: Pub com.google.android.maps.LocalSuggestionProvider: com.google.googlenav.provider.LocalSuggestionProvider
07-17 01:03:09.684 32703 32703 I ActivityThread: Pub com.google.android.maps.NavigationAvailabilityProvider: com.google.googlenav.provider.NavigationAvailabilityProvider
07-17 01:03:09.848 32703 32706 D dalvikvm: GC_CONCURRENT freed 161K, 3% free 10196K/10503K, paused 2ms+2ms
07-17 01:03:09.950 32703 32728 D dalvikvm: GC_FOR_ALLOC freed 126K, 3% free 10441K/10759K, paused 35ms
07-17 01:03:09.985 32703 32729 D dalvikvm: GC_FOR_ALLOC freed 26K, 4% free 10641K/11015K, paused 20ms
07-17 01:03:11.856 31555 31569 D GetStringObjTask: retrieving from url = http://www.chess.com/api/get_move_status?id=5HHjW9WUGa%2Bcu1LUwnVJPxTIWxmEve4VdkRnRyg7b5Ch69JH2Z5aB%2B7eGuFw8K2uFx47KFsdE3JRdR3Mzv0PkZOj6eZ8N73BvxmEERrzXjMNRo80rkLyJAUTh0iqof4n
07-17 01:03:12.270 31555 31569 D GetStringObjTask: WebRequest SERVER RESPONSE: Success+0
07-17 01:03:43.422   144   161 I ActivityManager: No longer want edu.buffalo.cse.phonelab.phonelabservices (pid 29897): hidden #16
07-17 01:03:43.450   144 14192 W ActivityManager: Scheduling restart of crashed service edu.buffalo.cse.phonelab.phonelabservices/edu.buffalo.cse.phonelab.datalogger.LoggerService in 5000ms
07-17 01:03:46.110 32638 32641 D dalvikvm: GC_CONCURRENT freed 503K, 6% free 10285K/10887K, paused 2ms+3ms
07-17 01:03:48.508   144   161 I ActivityManager: Start proc edu.buffalo.cse.phonelab.phonelabservices for service edu.buffalo.cse.phonelab.phonelabservices/edu.buffalo.cse.phonelab.datalogger.LoggerService: pid=32738 uid=10037 gids={3003, 1015, 1007, 2001}
07-17 01:03:48.555 32738 32738 I PhoneLab-LoggerService: Start Logger Service
07-17 01:03:48.633 32738 32751 I PhoneLab-: Service Running
07-17 01:03:48.778 32738 32751 I PhoneLab-LoggerService: app_37    1395  1     1432   988   c00f181c 400107b4 S logcat
07-17 01:03:48.782 32738 32751 I PhoneLab-LoggerService: Logcat pid from database 1395
07-17 01:03:48.782 32738 32751 I PhoneLab-LoggerService: Logcat process found 1395
07-17 01:03:48.782 32738 32751 I PhoneLab-LoggerService: Checking Threshold
07-17 01:03:48.782 32738 32751 I PhoneLab-LoggerService: Starting to rename files
07-17 01:03:48.782 32738 32751 I PhoneLab-LoggerService: Files found .. 2
07-17 01:04:46.083 31371 31373 D dalvikvm: GC_CONCURRENT freed 497K, 8% free 10118K/10951K, paused 1ms+7ms
07-17 01:05:00.442   144   199 D DhcpInfoInternal: makeLinkProperties with empty dns2!
07-17 01:05:00.446   144   199 D DhcpInfoInternal: makeLinkProperties with empty dns2!
07-17 01:05:08.735 32738 32738 I PhoneLab-Locks: wake lock acquired
07-17 01:05:08.762 32738   309 I PhoneLab-PeriodicCheckService: User info is synched
07-17 01:05:08.762 32738   309 I PhoneLab-PeriodicCheckService: Logger Service is running
07-17 01:05:08.770 32738 32738 I PhoneLab-Locks: wake lock acquired
07-17 01:05:08.774 32738 32738 I PhoneLab-StatusMonitor: Status Monitoring is started
07-17 01:05:08.774 32738   309 I PhoneLab-Locks: wake lock acquired
07-17 01:05:08.778 32738   309 I PhoneLab-PeriodicCheckService: Rescheduling periodic checking...
07-17 01:05:08.782 32738   309 I PhoneLab-Locks: wake lock released
07-17 01:05:08.801 32738 32738 E PhoneLab-PhoneLabManifest: java.io.FileNotFoundException: /data/data/edu.buffalo.cse.phonelab.phonelabservices/files/manifest.xml: open failed: ENOENT (No such file or directory)
07-17 01:05:08.844 32738 32738 I PhoneLab-Locks: wake lock released
07-17 01:05:08.848 32738 32738 I PhoneLab-UploadLogs: Transfering log files now
07-17 01:05:09.051 32738 32740 D dalvikvm: GC_CONCURRENT freed 389K, 5% free 9141K/9607K, paused 10ms+6ms
07-17 01:05:09.102 32738 32738 D dalvikvm: GC_FOR_ALLOC freed 207K, 5% free 9195K/9671K, paused 14ms
07-17 01:05:09.118 32738 32738 D dalvikvm: GC_FOR_ALLOC freed 56K, 6% free 9259K/9799K, paused 13ms
07-17 01:05:09.118 32738 32738 I dalvikvm-heap: Grow heap (frag case) to 9.358MB for 254548-byte allocation
07-17 01:05:09.133 32738 32738 D dalvikvm: GC_FOR_ALLOC freed 120K, 7% free 9387K/10055K, paused 13ms
07-17 01:05:09.133 32738 32738 I dalvikvm-heap: Grow heap (frag case) to 9.733MB for 516692-byte allocation
07-17 01:05:09.161 32738 32740 D dalvikvm: GC_CONCURRENT freed 248K, 9% free 9643K/10567K, paused 2ms+2ms
07-17 01:05:09.176 32738 32738 I PhoneLab-UploadLogs: OnStartCommand
07-17 01:05:09.196   144   156 I ActivityManager: Process com.google.android.talk (pid 31275) has died.
07-17 01:05:09.368 32738   312 D dalvikvm: GC_FOR_ALLOC freed 383K, 9% free 9627K/10567K, paused 55ms
07-17 01:05:09.383 32738   312 D dalvikvm: GC_FOR_ALLOC freed 301K, 9% free 9628K/10567K, paused 13ms
07-17 01:05:09.399 32738   312 D dalvikvm: GC_FOR_ALLOC freed 301K, 9% free 9634K/10567K, paused 13ms
07-17 01:05:09.419   144   310 I ActivityManager: Process com.apksoftware.compass (pid 29843) has died.
07-17 01:05:09.419   144   310 W ActivityManager: Scheduling restart of crashed service com.apksoftware.compass/com.catchnotes.buy.CatchBuyService in 5000ms
07-17 01:05:14.473   144   161 I ActivityManager: Start proc com.apksoftware.compass for service com.apksoftware.compass/com.catchnotes.buy.CatchBuyService: pid=313 uid=10091 gids={3003}
07-17 01:05:14.481   313   313 I dalvikvm: Turning on JNI app bug workarounds for target SDK version 8...
07-17 01:05:14.583   313   313 I BugSenseHandler: Registering default exceptions handler
07-17 01:05:14.583   313   313 D BugSenseHandler: Looking for exceptions in: /data/data/com.apksoftware.compass/files
07-17 01:05:14.587   313   313 D BugSenseHandler: Found 0 stacktrace(s)
07-17 01:05:14.622   313   313 W CatchBuyService: handleCommand received null intent
07-17 01:05:15.247 32738 32738 I PhoneLab-: 1342499886916.log is deleted
07-17 01:05:15.247 32738 32738 I PhoneLab-: Response: {"data": "done", "err": ""}
07-17 01:05:15.247 32738 32738 I PhoneLab-UploadLogs: No log files to transfer
07-17 01:05:15.247 32738 32738 I PhoneLab-Locks: wake lock released
07-17 01:05:46.219 32638 32641 D dalvikvm: GC_CONCURRENT freed 506K, 6% free 10290K/10887K, paused 2ms+6ms
07-17 01:05:46.278 31371 31373 D dalvikvm: GC_CONCURRENT freed 467K, 8% free 10162K/10951K, paused 2ms+3ms
07-17 01:05:48.633 32738 32751 I PhoneLab-: Service Running
07-17 01:05:48.731 32738 32751 I PhoneLab-LoggerService: app_37    1395  1     1432   988   c00f181c 400107b4 S logcat
07-17 01:05:48.735 32738 32751 I PhoneLab-LoggerService: Logcat pid from database 1395
07-17 01:05:48.735 32738 32751 I PhoneLab-LoggerService: Logcat process found 1395
07-17 01:05:48.735 32738 32751 I PhoneLab-LoggerService: Checking Threshold
07-17 01:06:06.274   144 13425 D dalvikvm: GC_EXPLICIT freed 1061K, 19% free 17708K/21767K, paused 3ms+9ms
07-17 01:06:06.438 22929 22932 D dalvikvm: GC_CONCURRENT freed 1340K, 11% free 13397K/15047K, paused 8ms+6ms
07-17 01:06:46.290 31371 31373 D dalvikvm: GC_CONCURRENT freed 517K, 8% free 10132K/10951K, paused 2ms+3ms
07-17 01:06:49.930 31344 31347 D dalvikvm: GC_CONCURRENT freed 338K, 7% free 9923K/10567K, paused 8ms+3ms
07-17 01:07:25.329   144   199 D DhcpInfoInternal: makeLinkProperties with empty dns2!
07-17 01:07:25.340   144   199 D DhcpInfoInternal: makeLinkProperties with empty dns2!
07-17 01:07:46.219 32638 32641 D dalvikvm: GC_CONCURRENT freed 506K, 6% free 10296K/10887K, paused 2ms+2ms
07-17 01:07:46.270 31371 31383 D dalvikvm: GC_EXPLICIT freed 72K, 9% free 10059K/10951K, paused 2ms+3ms
07-17 01:07:48.633 32738 32751 I PhoneLab-: Service Running
07-17 01:07:48.731 32738 32740 D dalvikvm: GC_CONCURRENT freed 889K, 14% free 9162K/10567K, paused 2ms+5ms
07-17 01:07:48.747 32738 32751 I PhoneLab-LoggerService: app_37    1395  1     1432   988   c00f181c 400107b4 S logcat
07-17 01:07:48.747 32738 32751 I PhoneLab-LoggerService: Logcat pid from database 1395
07-17 01:07:48.747 32738 32751 I PhoneLab-LoggerService: Logcat process found 1395
07-17 01:07:48.747 32738 32751 I PhoneLab-LoggerService: Checking Threshold
07-17 01:08:11.778 31555 32254 D GetStringObjTask: retrieving from url = http://www.chess.com/api/get_move_status?id=5HHjW9WUGa%2Bcu1LUwnVJPxTIWxmEve4VdkRnRyg7b5Ch69JH2Z5aB%2B7eGuFw8K2uFx47KFsdE3JRdR3Mzv0PkZOj6eZ8N73BvxmEERrzXjMNRo80rkLyJAUTh0iqof4n
07-17 01:08:12.212 31555 32254 D GetStringObjTask: WebRequest SERVER RESPONSE: Success+0
07-17 01:08:15.501   346   346 D SAN_SERVICE: *******************************************
07-17 01:08:15.501   346   346 D SAN_SERVICE: DM App Phone Service State - 0
07-17 01:08:15.501   346   346 D SAN_SERVICE: *******************************************
07-17 01:08:35.598   346   346 D SAN_SERVICE: *******************************************
07-17 01:08:35.598   346   346 D SAN_SERVICE: DM App Phone Service State - 0
07-17 01:08:35.598   346   346 D SAN_SERVICE: *******************************************
07-17 01:08:46.360 31371 31373 D dalvikvm: GC_CONCURRENT freed 448K, 8% free 10117K/10951K, paused 1ms+2ms
07-17 01:09:11.504   346   346 D SAN_SERVICE: *******************************************
07-17 01:09:11.504   346   346 D SAN_SERVICE: DM App Phone Service State - 0
07-17 01:09:11.508   346   346 D SAN_SERVICE: *******************************************
07-17 01:09:11.973   346   346 D SAN_SERVICE: *******************************************
07-17 01:09:11.973   346   346 D SAN_SERVICE: DM App Phone Service State - 0
07-17 01:09:11.973   346   346 D SAN_SERVICE: *******************************************
07-17 01:09:21.708   346   346 D SAN_SERVICE: *******************************************
07-17 01:09:21.708   346   346 D SAN_SERVICE: DM App Phone Service State - 0
07-17 01:09:21.708   346   346 D SAN_SERVICE: *******************************************
07-17 01:09:37.079   346   346 D SAN_SERVICE: *******************************************
07-17 01:09:37.087   346   346 D SAN_SERVICE: DM App Phone Service State - 0
07-17 01:09:37.087   346   346 D SAN_SERVICE: *******************************************
07-17 01:09:37.286   346   346 D SAN_SERVICE: *******************************************
07-17 01:09:37.286   346   346 D SAN_SERVICE: DM App Phone Service State - 0
07-17 01:09:37.286   346   346 D SAN_SERVICE: *******************************************
07-17 01:09:37.559   346   346 D SAN_SERVICE: *******************************************
07-17 01:09:37.559   346   346 D SAN_SERVICE: DM App Phone Service State - 0
07-17 01:09:37.559   346   346 D SAN_SERVICE: *******************************************
07-17 01:09:46.372 32638 32641 D dalvikvm: GC_CONCURRENT freed 505K, 6% free 10300K/10887K, paused 2ms+2ms
07-17 01:09:46.497 31371 31373 D dalvikvm: GC_CONCURRENT freed 457K, 8% free 10167K/10951K, paused 2ms+2ms
07-17 01:09:48.633 32738 32751 I PhoneLab-: Service Running
07-17 01:09:48.715 32738 32751 I PhoneLab-LoggerService: app_37    1395  1     1432   988   c00f181c 400107b4 S logcat
07-17 01:09:48.715 32738 32751 I PhoneLab-LoggerService: Logcat pid from database 1395
07-17 01:09:48.715 32738 32751 I PhoneLab-LoggerService: Logcat process found 1395
07-17 01:09:48.715 32738 32751 I PhoneLab-LoggerService: Checking Threshold
07-17 01:09:50.227   144   199 D DhcpInfoInternal: makeLinkProperties with empty dns2!
07-17 01:09:50.239   144   199 D DhcpInfoInternal: makeLinkProperties with empty dns2!
07-17 01:10:02.665   346   346 D SAN_SERVICE: *******************************************
07-17 01:10:02.665   346   346 D SAN_SERVICE: DM App Phone Service State - 0
07-17 01:10:02.665   346   346 D SAN_SERVICE: *******************************************
07-17 01:10:02.891   346   346 D SAN_SERVICE: *******************************************
07-17 01:10:02.891   346   346 D SAN_SERVICE: DM App Phone Service State - 0
07-17 01:10:02.891   346   346 D SAN_SERVICE: *******************************************
07-17 01:10:12.930   346   346 D SAN_SERVICE: *******************************************
07-17 01:10:12.930   346   346 D SAN_SERVICE: DM App Phone Service State - 0
07-17 01:10:12.930   346   346 D SAN_SERVICE: *******************************************
07-17 01:10:13.661   346   346 D SAN_SERVICE: *******************************************
07-17 01:10:13.661   346   346 D SAN_SERVICE: DM App Phone Service State - 0
07-17 01:10:13.661   346   346 D SAN_SERVICE: *******************************************
07-17 01:10:46.501 31371 31373 D dalvikvm: GC_CONCURRENT freed 522K, 8% free 10123K/10951K, paused 1ms+3ms
07-17 01:11:08.786 27911 27914 D dalvikvm: GC_CONCURRENT freed 373K, 6% free 10229K/10823K, paused 2ms+6ms
07-17 01:11:19.469   346   346 D SAN_SERVICE: *******************************************
07-17 01:11:19.469   346   346 D SAN_SERVICE: DM App Phone Service State - 0
07-17 01:11:19.469   346   346 D SAN_SERVICE: *******************************************
07-17 01:11:19.731   346   346 D SAN_SERVICE: *******************************************
07-17 01:11:19.731   346   346 D SAN_SERVICE: DM App Phone Service State - 0
07-17 01:11:19.731   346   346 D SAN_SERVICE: *******************************************
07-17 01:11:20.231   346   346 D SAN_SERVICE: *******************************************
07-17 01:11:20.231   346   346 D SAN_SERVICE: DM App Phone Service State - 0
07-17 01:11:20.231   346   346 D SAN_SERVICE: *******************************************
07-17 01:11:39.911   346   346 D SAN_SERVICE: *******************************************
07-17 01:11:39.911   346   346 D SAN_SERVICE: DM App Phone Service State - 0
07-17 01:11:39.911   346   346 D SAN_SERVICE: *******************************************
07-17 01:11:46.465 32638 32641 D dalvikvm: GC_CONCURRENT freed 498K, 6% free 10306K/10887K, paused 2ms+3ms
07-17 01:11:48.633 32738 32751 I PhoneLab-: Service Running
07-17 01:11:48.712 32738 32751 I PhoneLab-LoggerService: app_37    1395  1     1432   988   c00f181c 400107b4 S logcat
07-17 01:11:48.715 32738 32751 I PhoneLab-LoggerService: Logcat pid from database 1395
07-17 01:11:48.715 32738 32751 I PhoneLab-LoggerService: Logcat process found 1395
07-17 01:11:48.715 32738 32751 I PhoneLab-LoggerService: Checking Threshold
07-17 01:11:50.153   346   346 D SAN_SERVICE: *******************************************
07-17 01:11:50.153   346   346 D SAN_SERVICE: DM App Phone Service State - 0
07-17 01:11:50.157   346   346 D SAN_SERVICE: *******************************************
07-17 01:11:59.551   275   275 I wpa_supplicant: wlan0: WPA: Group rekeying completed with 94:44:52:17:be:7d [GTK=CCMP]
07-17 01:12:00.098   215   217 D dalvikvm: GC_CONCURRENT freed 386K, 58% free 9670K/22727K, paused 8ms+3ms
07-17 01:12:03.860   144   174 I ActivityManager: Start proc com.google.android.maps.mytracks for service com.google.android.maps.mytracks/com.google.android.apps.mytracks.services.RemoveTempFilesService: pid=468 uid=10072 gids={3002, 3001, 3003, 1015}
07-17 01:12:03.895    79    79 D dalvikvm: GC_EXPLICIT freed 38K, 4% free 9027K/9347K, paused 3ms+12ms
07-17 01:12:03.930    79    79 D dalvikvm: GC_EXPLICIT freed <1K, 4% free 9027K/9347K, paused 2ms+2ms
07-17 01:12:03.958    79    79 D dalvikvm: GC_EXPLICIT freed <1K, 4% free 9027K/9347K, paused 1ms+3ms
07-17 01:12:04.024   468   468 I ActivityThread: Pub com.google.android.maps.mytracks.search: com.google.android.apps.mytracks.content.SearchEngineProvider
07-17 01:12:04.032   468   468 I ActivityThread: Pub com.google.android.maps.mytracks: com.google.android.apps.mytracks.content.MyTracksProvider
07-17 01:12:04.051   468   468 D MyTracks: Enabling strict mode
07-17 01:12:04.184   468   470 D dalvikvm: GC_CONCURRENT freed 348K, 5% free 9182K/9607K, paused 5ms+6ms
07-17 01:12:04.227   468   468 D StrictMode: StrictMode policy violation; ~duration=134 ms: android.os.StrictMode$StrictModeDiskWriteViolation: policy=21 violation=1
07-17 01:12:04.227   468   468 D StrictMode: 	at android.os.StrictMode$AndroidBlockGuardPolicy.onWriteToDisk(StrictMode.java:1063)
07-17 01:12:04.227   468   468 D StrictMode: 	at android.database.sqlite.SQLiteStatement.acquireAndLock(SQLiteStatement.java:226)
07-17 01:12:04.227   468   468 D StrictMode: 	at android.database.sqlite.SQLiteStatement.executeUpdateDelete(SQLiteStatement.java:84)
07-17 01:12:04.227   468   468 D StrictMode: 	at android.database.sqlite.SQLiteDatabase.executeSql(SQLiteDatabase.java:1899)
07-17 01:12:04.227   468   468 D StrictMode: 	at android.database.sqlite.SQLiteDatabase.execSQL(SQLiteDatabase.java:1839)
07-17 01:12:04.227   468   468 D StrictMode: 	at android.database.sqlite.SQLiteDatabase.setPageSize(SQLiteDatabase.java:1297)
07-17 01:12:04.227   468   468 D StrictMode: 	at android.database.sqlite.SQLiteDatabase.openDatabase(SQLiteDatabase.java:995)
07-17 01:12:04.227   468   468 D StrictMode: 	at android.database.sqlite.SQLiteDatabase.openOrCreateDatabase(SQLiteDatabase.java:1051)
07-17 01:12:04.227   468   468 D StrictMode: 	at android.app.ContextImpl.openOrCreateDatabase(ContextImpl.java:770)
07-17 01:12:04.227   468   468 D StrictMode: 	at android.content.ContextWrapper.openOrCreateDatabase(ContextWrapper.java:221)
07-17 01:12:04.227   468   468 D StrictMode: 	at android.database.sqlite.SQLiteOpenHelper.getWritableDatabase(SQLiteOpenHelper.java:157)
07-17 01:12:04.227   468   468 D StrictMode: 	at com.google.android.apps.analytics.v.<init>(Unknown Source)
07-17 01:12:04.227   468   468 D StrictMode: 	at com.google.android.apps.analytics.v.<init>(Unknown Source)
07-17 01:12:04.227   468   468 D StrictMode: 	at com.google.android.apps.analytics.i.a(Unknown Source)
07-17 01:12:04.227   468   468 D StrictMode: 	at com.google.android.apps.mytracks.b.a.a(MT:43)
07-17 01:12:04.227   468   468 D StrictMode: 	at com.google.android.apps.mytracks.MyTracksApplication.onCreate(MT:42)
07-17 01:12:04.227   468   468 D StrictMode: 	at android.app.Instrumentation.callApplicationOnCreate(Instrumentation.java:969)
07-17 01:12:04.227   468   468 D StrictMode: 	at android.app.ActivityThread.handleBindApplication(ActivityThread.java:3954)
07-17 01:12:04.227   468   468 D StrictMode: 	at android.app.ActivityThread.access$1300(ActivityThread.java:123)
07-17 01:12:04.227   468   468 D StrictMode: 	at android.app.ActivityThread$H.handleMessage(ActivityThread.java:1185)
07-17 01:12:04.227   468   468 D StrictMode: 	at android.os.Handler.dispatchMessage(Handler.java:99)
07-17 01:12:04.227   468   468 D StrictMode: 	at android.os.Looper.loop(Looper.java:137)
07-17 01:12:04.227   468   468 D StrictMode: 	at android.app.ActivityThread.main(ActivityThread.java:4424)
07-17 01:12:04.227   468   468 D StrictMode: 	at java.lang.reflect.Method.invokeNative(Native Method)
07-17 01:12:04.227   468   468 D StrictMode: 	at java.lang.reflect.Method.invoke(Method.java:511)
07-17 01:12:04.227   468   468 D StrictMode: 	at com.android.internal.os.ZygoteInit$MethodAndArgsCaller.run(ZygoteInit.java:784)
07-17 01:12:04.227   468   468 D StrictMode: 	at com.android.internal.os.ZygoteInit.main(ZygoteInit.java:551)
07-17 01:12:04.227   468   468 D StrictMode: 	at dalvik.system.NativeStart.main(Native Method)
07-17 01:12:04.227   468   468 D StrictMode: StrictMode policy violation; ~duration=109 ms: android.os.StrictMode$StrictModeDiskWriteViolation: policy=21 violation=1
07-17 01:12:04.227   468   468 D StrictMode: 	at android.os.StrictMode$AndroidBlockGuardPolicy.onWriteToDisk(StrictMode.java:1063)
07-17 01:12:04.227   468   468 D StrictMode: 	at android.database.sqlite.SQLiteStatement.acquireAndLock(SQLiteStatement.java:226)
07-17 01:12:04.227   468   468 D StrictMode: 	at android.database.sqlite.SQLiteStatement.executeUpdateDelete(SQLiteStatement.java:84)
07-17 01:12:04.227   468   468 D StrictMode: 	at android.database.sqlite.SQLiteDatabase.executeSql(SQLiteDatabase.java:1899)
07-17 01:12:04.227   468   468 D StrictMode: 	at android.database.sqlite.SQLiteDatabase.execSQL(SQLiteDatabase.java:1839)
07-17 01:12:04.227   468   468 D StrictMode: 	at android.database.sqlite.SQLiteDatabase.beginTransaction(SQLiteDatabase.java:659)
07-17 01:12:04.227   468   468 D StrictMode: 	at android.database.sqlite.SQLiteDatabase.beginTransaction(SQLiteDatabase.java:552)
07-17 01:12:04.227   468   468 D StrictMode: 	at com.google.android.apps.analytics.v.a(Unknown Source)
07-17 01:12:04.227   468   468 D StrictMode: 	at com.google.android.apps.analytics.i.a(Unknown Source)
07-17 01:12:04.227   468   468 D StrictMode: 	at com.google.android.apps.mytracks.b.a.a(MT:45)
07-17 01:12:04.227   468   468 D StrictMode: 	at com.google.android.apps.mytracks.MyTracksApplication.onCreate(MT:42)
07-17 01:12:04.227   468   468 D StrictMode: 	at android.app.Instrumentation.callApplicationOnCreate(Instrumentation.java:969)
07-17 01:12:04.227   468   468 D StrictMode: 	at android.app.ActivityThread.handleBindApplication(ActivityThread.java:3954)
07-17 01:12:04.227   468   468 D StrictMode: 	at android.app.ActivityThread.access$1300(ActivityThread.java:123)
07-17 01:12:04.227   468   468 D StrictMode: 	at android.app.ActivityThread$H.handleMessage(ActivityThread.java:1185)
07-17 01:12:04.227   468   468 D StrictMode: 	at android.os.Handler.dispatchMessage(Handler.java:99)
07-17 01:12:04.227   468   468 D StrictMode: 	at android.os.Looper.loop(Looper.java:137)
07-17 01:12:04.227   468   468 D StrictMode: 	at android.app.ActivityThread.main(ActivityThread.java:4424)
07-17 01:12:04.227   468   468 D StrictMode: 	at java.lang.reflect.Method.invokeNative(Native Method)
07-17 01:12:04.227   468   468 D StrictMode: 	at java.lang.reflect.Method.invoke(Method.java:511)
07-17 01:12:04.227   468   468 D StrictMode: 	at com.android.internal.os.ZygoteInit$MethodAndArgsCaller.run(ZygoteInit.java:784)
07-17 01:12:04.227   468   468 D StrictMode: 	at com.android.internal.os.ZygoteInit.main(ZygoteInit.java:551)
07-17 01:12:04.227   468   468 D StrictMode: 	at dalvik.system.NativeStart.main(Native Method)
07-17 01:12:04.227   468   468 D StrictMode: StrictMode policy violation; ~duration=107 ms: android.os.StrictMode$StrictModeDiskWriteViolation: policy=21 violation=1
07-17 01:12:04.227   468   468 D StrictMode: 	at android.os.StrictMode$AndroidBlockGuardPolicy.onWriteToDisk(StrictMode.java:1063)
07-17 01:12:04.227   468   468 D StrictMode: 	at android.database.sqlite.SQLiteStatement.acquireAndLock(SQLiteStatement.java:226)
07-17 01:12:04.227   468   468 D StrictMode: 	at android.database.sqlite.SQLiteStatement.executeUpdateDelete(SQLiteStatement.java:84)
07-17 01:12:04.227   468   468 D StrictMode: 	at android.database.sqlite.SQLiteDatabase.delete(SQLiteDatabase.java:1741)
07-17 01:12:04.227   468   468 D StrictMode: 	at com.google.android.apps.analytics.v.a(Unknown Source)
07-17 01:12:04.227   468   468 D StrictMode: 	at com.google.android.apps.analytics.i.a(Unknown Source)
07-17 01:12:04.227   468   468 D StrictMode: 	at com.google.android.apps.mytracks.b.a.a(MT:45)
07-17 01:12:04.227   468   468 D StrictMode: 	at com.google.android.apps.mytracks.MyTracksApplication.onCreate(MT:42)
07-17 01:12:04.227   468   468 D StrictMode: 	at android.app.Instrumentation.callApplicationOnCreate(Instrumentation.java:969)
07-17 01:12:04.227   468   468 D StrictMode: 	at android.app.ActivityThread.handleBindApplication(ActivityThread.java:3954)
07-17 01:12:04.227   468   468 D StrictMode: 	at android.app.ActivityThread.access$1300(ActivityThread.java:123)
07-17 01:12:04.227   468   468 D StrictMode: 	at android.app.ActivityThread$H.handleMessage(ActivityThread.java:1185)
07-17 01:12:04.227   468   468 D StrictMode: 	at android.os.Handler.dispatchMessage(Handler.java:99)
07-17 01:12:04.227   468   468 D StrictMode: 	at android.os.Looper.loop(Looper.java:137)
07-17 01:12:04.227   468   468 D StrictMode: 	at android.app.ActivityThread.main(ActivityThread.java:4424)
07-17 01:12:04.227   468   468 D StrictMode: 	at java.lang.reflect.Method.invokeNative(Native Method)
07-17 01:12:04.227   468   468 D StrictMode: 	at java.lang.reflect.Method.invoke(Method.java:511)
07-17 01:12:04.227   468   468 D StrictMode: 	at com.android.internal.os.ZygoteInit$MethodAndArgsCaller.run(ZygoteInit.java:784)
07-17 01:12:04.227   468   468 D StrictMode: 	at com.android.internal.os.ZygoteInit.main(ZygoteInit.java:551)
07-17 01:12:04.227   468   468 D StrictMode: 	at dalvik.system.NativeStart.main(Native Method)
07-17 01:12:04.227   468   468 D StrictMode: StrictMode policy violation; ~duration=97 ms: android.os.StrictMode$StrictModeDiskWriteViolation: policy=21 violation=1
07-17 01:12:04.227   468   468 D StrictMode: 	at android.os.StrictMode$AndroidBlockGuardPolicy.onWriteToDisk(StrictMode.java:1063)
07-17 01:12:04.227   468   468 D StrictMode: 	at android.database.sqlite.SQLiteStatement.acquireAndLock(SQLiteStatement.java:226)
07-17 01:12:04.227   468   468 D StrictMode: 	at android.database.sqlite.SQLiteStatement.executeInsert(SQLiteStatement.java:112)
07-17 01:12:04.227   468   468 D StrictMode: 	at android.database.sqlite.SQLiteDatabase.insertWithOnConflict(SQLiteDatabase.java:1718)
07-17 01:12:04.227   468   468 D StrictMode: 	at android.database.sqlite.SQLiteDatabase.insert(SQLiteDatabase.java:1591)
07-17 01:12:04.227   468   468 D StrictMode: 	at com.google.android.apps.analytics.v.a(Unknown Source)
07-17 01:12:04.227   468   468 D StrictMode: 	at com.google.android.apps.analytics.i.a(Unknown Source)
07-17 01:12:04.227   468   468 D StrictMode: 	at com.google.android.apps.mytracks.b.a.a(MT:45)
07-17 01:12:04.227   468   468 D StrictMode: 	at com.google.android.apps.mytracks.MyTracksApplication.onCreate(MT:42)
07-17 01:12:04.227   468   468 D StrictMode: 	at android.app.Instrumentation.callApplicationOnCreate(Instrumentation.java:969)
07-17 01:12:04.227   468   468 D StrictMode: 	at android.app.ActivityThread.handleBindApplication(ActivityThread.java:3954)
07-17 01:12:04.227   468   468 D StrictMode: 	at android.app.ActivityThread.access$1300(ActivityThread.java:123)
07-17 01:12:04.227   468   468 D StrictMode: 	at android.app.ActivityThread$H.handleMessage(ActivityThread.java:1185)
07-17 01:12:04.227   468   468 D StrictMode: 	at android.os.Handler.dispatchMessage(Handler.java:99)
07-17 01:12:04.227   468   468 D StrictMode: 	at android.os.Looper.loop(Looper.java:137)
07-17 01:12:04.227   468   468 D StrictMode: 	at android.app.ActivityThread.main(ActivityThread.java:4424)
07-17 01:12:04.227   468   468 D StrictMode: 	at java.lang.reflect.Method.invokeNative(Native Method)
07-17 01:12:04.227   468   468 D StrictMode: 	at java.lang.reflect.Method.invoke(Method.java:511)
07-17 01:12:04.227   468   468 D StrictMode: 	at com.android.internal.os.ZygoteInit$MethodAndArgsCaller.run(ZygoteInit.java:784)
07-17 01:12:04.227   468   468 D StrictMode: 	at com.android.internal.os.ZygoteInit.main(ZygoteInit.java:551)
07-17 01:12:04.227   468   468 D StrictMode: 	at dalvik.system.NativeStart.main(Native Method)
07-17 01:12:04.227   468   468 D StrictMode: StrictMode policy violation; ~duration=74 ms: android.os.StrictMode$StrictModeDiskWriteViolation: policy=21 violation=1
07-17 01:12:04.227   468   468 D StrictMode: 	at android.os.StrictMode$AndroidBlockGuardPolicy.onWriteToDisk(StrictMode.java:1063)
07-17 01:12:04.227   468   468 D StrictMode: 	at android.database.sqlite.SQLiteStatement.acquireAndLock(SQLiteStatement.java:226)
07-17 01:12:04.227   468   468 D StrictMode: 	at android.database.sqlite.SQLiteStatement.executeInsert(SQLiteStatement.java:112)
07-17 01:12:04.227   468   468 D StrictMode: 	at android.database.sqlite.SQLiteDatabase.insertWithOnConflict(SQLiteDatabase.java:1718)
07-17 01:12:04.227   468   468 D StrictMode: 	at android.database.sqlite.SQLiteDatabase.insert(SQLiteDatabase.java:1591)
07-17 01:12:04.227   468   468 D StrictMode: 	at com.google.android.apps.analytics.v.a(Unknown Source)
07-17 01:12:04.227   468   468 D StrictMode: 	at com.google.android.apps.analytics.v.a(Unknown Source)
07-17 01:12:04.227   468   468 D StrictMode: 	at com.google.android.apps.analytics.v.a(Unknown Source)
07-17 01:12:04.227   468   468 D StrictMode: 	at com.google.android.apps.analytics.i.a(Unknown Source)
07-17 01:12:04.227   468   468 D StrictMode: 	at com.google.android.apps.mytracks.b.a.a(MT:45)
07-17 01:12:04.227   468   468 D StrictMode: 	at com.google.android.apps.mytracks.MyTracksApplication.onCreate(MT:42)
07-17 01:12:04.227   468   468 D StrictMode: 	at android.app.Instrumentation.callApplicationOnCreate(Instrumentation.java:969)
07-17 01:12:04.227   468   468 D StrictMode: 	at android.app.ActivityThread.handleBindApplication(ActivityThread.java:3954)
07-17 01:12:04.227   468   468 D StrictMode: 	at android.app.ActivityThread.access$1300(ActivityThread.java:123)
07-17 01:12:04.227   468   468 D StrictMode: 	at android.app.ActivityThread$H.handleMessage(ActivityThread.java:1185)
07-17 01:12:04.227   468   468 D StrictMode: 	at android.os.Handler.dispatchMessage(Handler.java:99)
07-17 01:12:04.227   468   468 D StrictMode: 	at android.os.Looper.loop(Looper.java:137)
07-17 01:12:04.227   468   468 D StrictMode: 	at android.app.ActivityThread.main(ActivityThread.java:4424)
07-17 01:12:04.227   468   468 D StrictMode: 	at java.lang.reflect.Method.invokeNative(Native Method)
07-17 01:12:04.227   468   468 D StrictMode: 	at java.lang.reflect.Method.invoke(Method.java:511)
07-17 01:12:04.227   468   468 D StrictMode: 	at com.android.internal.os.ZygoteInit$MethodAndArgsCaller.run(ZygoteInit.java:784)
07-17 01:12:04.227   468   468 D StrictMode: 	at com.android.internal.os.ZygoteInit.main(ZygoteInit.java:551)
07-17 01:12:04.227   468   468 D StrictMode: 	at dalvik.system.NativeStart.main(Native Method)
07-17 01:12:04.231   468   468 D StrictMode: StrictMode policy violation; ~duration=68 ms: android.os.StrictMode$StrictModeDiskWriteViolation: policy=21 violation=1
07-17 01:12:04.231   468   468 D StrictMode: 	at android.os.StrictMode$AndroidBlockGuardPolicy.onWriteToDisk(StrictMode.java:1063)
07-17 01:12:04.231   468   468 D StrictMode: 	at android.database.sqlite.SQLiteStatement.acquireAndLock(SQLiteStatement.java:226)
07-17 01:12:04.231   468   468 D StrictMode: 	at android.database.sqlite.SQLiteStatement.executeUpdateDelete(SQLiteStatement.java:84)
07-17 01:12:04.231   468   468 D StrictMode: 	at android.database.sqlite.SQLiteDatabase.executeSql(SQLiteDatabase.java:1899)
07-17 01:12:04.231   468   468 D StrictMode: 	at android.database.sqlite.SQLiteDatabase.execSQL(SQLiteDatabase.java:1839)
07-17 01:12:04.231   468   468 D StrictMode: 	at android.database.sqlite.SQLiteDatabase.endTransaction(SQLiteDatabase.java:714)
07-17 01:12:04.231   468   468 D StrictMode: 	at com.google.android.apps.analytics.v.d(Unknown Source)
07-17 01:12:04.231   468   468 D StrictMode: 	at com.google.android.apps.analytics.v.a(Unknown Source)
07-17 01:12:04.231   468   468 D StrictMode: 	at com.google.android.apps.analytics.i.a(Unknown Source)
07-17 01:12:04.231   468   468 D StrictMode: 	at com.google.android.apps.mytracks.b.a.a(MT:45)
07-17 01:12:04.231   468   468 D StrictMode: 	at com.google.android.apps.mytracks.MyTracksApplication.onCreate(MT:42)
07-17 01:12:04.231   468   468 D StrictMode: 	at android.app.Instrumentation.callApplicationOnCreate(Instrumentation.java:969)
07-17 01:12:04.231   468   468 D StrictMode: 	at android.app.ActivityThread.handleBindApplication(ActivityThread.java:3954)
07-17 01:12:04.231   468   468 D StrictMode: 	at android.app.ActivityThread.access$1300(ActivityThread.java:123)
07-17 01:12:04.231   468   468 D StrictMode: 	at android.app.ActivityThread$H.handleMessage(ActivityThread.java:1185)
07-17 01:12:04.231   468   468 D StrictMode: 	at android.os.Handler.dispatchMessage(Handler.java:99)
07-17 01:12:04.231   468   468 D StrictMode: 	at android.os.Looper.loop(Looper.java:137)
07-17 01:12:04.231   468   468 D StrictMode: 	at android.app.ActivityThread.main(ActivityThread.java:4424)
07-17 01:12:04.231   468   468 D StrictMode: 	at java.lang.reflect.Method.invokeNative(Native Method)
07-17 01:12:04.231   468   468 D StrictMode: 	at java.lang.reflect.Method.invoke(Method.java:511)
07-17 01:12:04.231   468   468 D StrictMode: 	at com.android.internal.os.ZygoteInit$MethodAndArgsCaller.run(ZygoteInit.java:784)
07-17 01:12:04.231   468   468 D StrictMode: 	at com.android.internal.os.ZygoteInit.main(ZygoteInit.java:551)
07-17 01:12:04.231   468   468 D StrictMode: 	at dalvik.system.NativeStart.main(Native Method)
07-17 01:12:05.559   346   346 D SAN_SERVICE: *******************************************
07-17 01:12:05.559   346   346 D SAN_SERVICE: DM App Phone Service State - 0
07-17 01:12:05.559   346   346 D SAN_SERVICE: *******************************************
07-17 01:12:05.610   346   348 D dalvikvm: GC_CONCURRENT freed 832K, 9% free 11889K/13063K, paused 2ms+3ms
07-17 01:12:05.825   346   346 D SAN_SERVICE: *******************************************
07-17 01:12:05.825   346   346 D SAN_SERVICE: DM App Phone Service State - 0
07-17 01:12:05.825   346   346 D SAN_SERVICE: *******************************************
07-17 01:12:06.317   346   346 D SAN_SERVICE: *******************************************
07-17 01:12:06.317   346   346 D SAN_SERVICE: DM App Phone Service State - 0
07-17 01:12:06.317   346   346 D SAN_SERVICE: *******************************************
07-17 01:12:13.641   275   275 I wpa_supplicant: wlan0: WPA: Group rekeying completed with 94:44:52:17:be:7d [GTK=CCMP]
07-17 01:12:14.887   144   199 D DhcpInfoInternal: makeLinkProperties with empty dns2!
07-17 01:12:14.887   144   199 D DhcpInfoInternal: makeLinkProperties with empty dns2!
07-17 01:12:36.251   346   346 D SAN_SERVICE: *******************************************
07-17 01:12:36.251   346   346 D SAN_SERVICE: DM App Phone Service State - 0
07-17 01:12:36.251   346   346 D SAN_SERVICE: *******************************************
07-17 01:12:36.551   346   346 D SAN_SERVICE: *******************************************
07-17 01:12:36.551   346   346 D SAN_SERVICE: DM App Phone Service State - 0
07-17 01:12:36.551   346   346 D SAN_SERVICE: *******************************************
07-17 01:12:37.274   346   346 D SAN_SERVICE: *******************************************
07-17 01:12:37.274   346   346 D SAN_SERVICE: DM App Phone Service State - 0
07-17 01:12:37.274   346   346 D SAN_SERVICE: *******************************************
07-17 01:12:46.567 31371 31373 D dalvikvm: GC_CONCURRENT freed 507K, 8% free 10120K/10951K, paused 2ms+2ms
07-17 01:13:11.754 31555 32327 D GetStringObjTask: retrieving from url = http://www.chess.com/api/get_move_status?id=5HHjW9WUGa%2Bcu1LUwnVJPxTIWxmEve4VdkRnRyg7b5Ch69JH2Z5aB%2B7eGuFw8K2uFx47KFsdE3JRdR3Mzv0PkZOj6eZ8N73BvxmEERrzXjMNRo80rkLyJAUTh0iqof4n
07-17 01:13:12.028 31555 32327 D GetStringObjTask: WebRequest SERVER RESPONSE: Success+0
07-17 01:13:40.817   144   342 D dalvikvm: GC_EXPLICIT freed 1375K, 19% free 17788K/21767K, paused 29ms+9ms
07-17 01:13:40.919 31325 31327 D dalvikvm: GC_CONCURRENT freed 388K, 6% free 9852K/10375K, paused 7ms+4ms
07-17 01:13:41.141 31344 32420 D dalvikvm: GC_EXPLICIT freed 121K, 7% free 9888K/10567K, paused 2ms+3ms
07-17 01:13:46.610 32638 32641 D dalvikvm: GC_CONCURRENT freed 553K, 6% free 10314K/10951K, paused 2ms+2ms
07-17 01:13:46.743 31371 31373 D dalvikvm: GC_CONCURRENT freed 453K, 8% free 10151K/10951K, paused 2ms+2ms
07-17 01:13:48.633 32738 32751 I PhoneLab-: Service Running
07-17 01:13:48.715 32738 32751 I PhoneLab-LoggerService: app_37    1395  1     1432   988   c00f181c 400107b4 S logcat
07-17 01:13:48.715 32738 32751 I PhoneLab-LoggerService: Logcat pid from database 1395
07-17 01:13:48.715 32738 32751 I PhoneLab-LoggerService: Logcat process found 1395
07-17 01:13:48.715 32738 32751 I PhoneLab-LoggerService: Checking Threshold
07-17 01:13:53.090   346   346 D SAN_SERVICE: *******************************************
07-17 01:13:53.090   346   346 D SAN_SERVICE: DM App Phone Service State - 0
07-17 01:13:53.090   346   346 D SAN_SERVICE: *******************************************
07-17 01:13:53.352   346   346 D SAN_SERVICE: *******************************************
07-17 01:13:53.352   346   346 D SAN_SERVICE: DM App Phone Service State - 0
07-17 01:13:53.352   346   346 D SAN_SERVICE: *******************************************
07-17 01:14:03.352   346   346 D SAN_SERVICE: *******************************************
07-17 01:14:03.352   346   346 D SAN_SERVICE: DM App Phone Service State - 0
07-17 01:14:03.352   346   346 D SAN_SERVICE: *******************************************
07-17 01:14:39.794   144   199 D DhcpInfoInternal: makeLinkProperties with empty dns2!
07-17 01:14:39.797   144   199 D DhcpInfoInternal: makeLinkProperties with empty dns2!
07-17 01:14:46.770 31371 31373 D dalvikvm: GC_CONCURRENT freed 514K, 8% free 10134K/10951K, paused 2ms+3ms
07-17 01:15:20.157   346   346 D SAN_SERVICE: *******************************************
07-17 01:15:20.157   346   346 D SAN_SERVICE: DM App Phone Service State - 0
07-17 01:15:20.157   346   346 D SAN_SERVICE: *******************************************
07-17 01:15:20.356   346   346 D SAN_SERVICE: *******************************************
07-17 01:15:20.356   346   346 D SAN_SERVICE: DM App Phone Service State - 0
07-17 01:15:20.356   346   346 D SAN_SERVICE: *******************************************
07-17 01:15:46.754 32638 32641 D dalvikvm: GC_CONCURRENT freed 496K, 6% free 10329K/10951K, paused 2ms+2ms
07-17 01:15:48.633 32738 32751 I PhoneLab-: Service Running
07-17 01:15:48.712 32738 32751 I PhoneLab-LoggerService: app_37    1395  1     1432   988   c00f181c 400107b4 S logcat
07-17 01:15:48.712 32738 32751 I PhoneLab-LoggerService: Logcat pid from database 1395
07-17 01:15:48.712 32738 32751 I PhoneLab-LoggerService: Logcat process found 1395
07-17 01:15:48.712 32738 32751 I PhoneLab-LoggerService: Checking Threshold
07-17 01:16:11.305   346   346 D SAN_SERVICE: *******************************************
07-17 01:16:11.305   346   346 D SAN_SERVICE: DM App Phone Service State - 0
07-17 01:16:11.305   346   346 D SAN_SERVICE: *******************************************
07-17 01:16:11.309 22929   538 I DatabaseHelper: Begin cleanup.
07-17 01:16:11.540   346   346 D SAN_SERVICE: *******************************************
07-17 01:16:11.540   346   346 D SAN_SERVICE: DM App Phone Service State - 0
07-17 01:16:11.540   346   346 D SAN_SERVICE: *******************************************
07-17 01:16:11.657 22929   538 I DatabaseHelper: Cleaned up: 0
07-17 01:16:12.087   346   346 D SAN_SERVICE: *******************************************
07-17 01:16:12.087   346   346 D SAN_SERVICE: DM App Phone Service State - 0
07-17 01:16:12.087   346   346 D SAN_SERVICE: *******************************************
07-17 01:16:46.848 31371 31373 D dalvikvm: GC_CONCURRENT freed 522K, 8% free 10117K/10951K, paused 2ms+3ms
07-17 01:17:02.512   346   346 D SAN_SERVICE: *******************************************
07-17 01:17:02.512   346   346 D SAN_SERVICE: DM App Phone Service State - 0
07-17 01:17:02.512   346   346 D SAN_SERVICE: *******************************************
07-17 01:17:02.547 32638 32641 D dalvikvm: GC_CONCURRENT freed 411K, 6% free 10302K/10951K, paused 2ms+2ms
07-17 01:17:03.294   346   346 D SAN_SERVICE: *******************************************
07-17 01:17:03.294   346   346 D SAN_SERVICE: DM App Phone Service State - 0
07-17 01:17:03.294   346   346 D SAN_SERVICE: *******************************************
07-17 01:17:04.653   144   199 D DhcpInfoInternal: makeLinkProperties with empty dns2!
07-17 01:17:04.657   144   199 D DhcpInfoInternal: makeLinkProperties with empty dns2!
07-17 01:17:12.747   346   346 D SAN_SERVICE: *******************************************
07-17 01:17:12.747   346   346 D SAN_SERVICE: DM App Phone Service State - 0
07-17 01:17:12.747   346   346 D SAN_SERVICE: *******************************************
07-17 01:17:46.965 31371 31373 D dalvikvm: GC_CONCURRENT freed 454K, 8% free 10171K/10951K, paused 3ms+5ms
07-17 01:17:47.028 32638 32641 D dalvikvm: GC_CONCURRENT freed 409K, 5% free 10404K/10951K, paused 5ms+4ms
07-17 01:17:48.633 32738 32751 I PhoneLab-: Service Running
07-17 01:17:48.743 32738 32751 I PhoneLab-LoggerService: app_37    1395  1     1432   988   c00f181c 400107b4 S logcat
07-17 01:17:48.747 32738 32751 I PhoneLab-LoggerService: Logcat pid from database 1395
07-17 01:17:48.747 32738 32751 I PhoneLab-LoggerService: Logcat process found 1395
07-17 01:17:48.747 32738 32751 I PhoneLab-LoggerService: Checking Threshold
07-17 01:18:11.778 31555 32381 D GetStringObjTask: retrieving from url = http://www.chess.com/api/get_move_status?id=5HHjW9WUGa%2Bcu1LUwnVJPxTIWxmEve4VdkRnRyg7b5Ch69JH2Z5aB%2B7eGuFw8K2uFx47KFsdE3JRdR3Mzv0PkZOj6eZ8N73BvxmEERrzXjMNRo80rkLyJAUTh0iqof4n
07-17 01:18:12.294 31555 32381 D GetStringObjTask: WebRequest SERVER RESPONSE: Success+0
07-17 01:18:46.934 32638 32641 D dalvikvm: GC_CONCURRENT freed 473K, 5% free 10465K/11015K, paused 2ms+3ms
07-17 01:18:47.063 31371 31373 D dalvikvm: GC_CONCURRENT freed 515K, 8% free 10127K/10951K, paused 2ms+3ms
07-17 01:19:29.547   144   199 D DhcpInfoInternal: makeLinkProperties with empty dns2!
07-17 01:19:29.559   144   199 D DhcpInfoInternal: makeLinkProperties with empty dns2!
07-17 01:19:42.704 27911 27914 D dalvikvm: GC_CONCURRENT freed 377K, 6% free 10243K/10823K, paused 2ms+5ms
07-17 01:19:47.083   144 15767 D dalvikvm: GC_EXPLICIT freed 1171K, 19% free 17774K/21767K, paused 3ms+10ms
07-17 01:19:47.325 31371 31373 D dalvikvm: GC_CONCURRENT freed 385K, 8% free 10136K/10951K, paused 2ms+3ms
07-17 01:19:47.477 31371 31373 D dalvikvm: GC_CONCURRENT freed 187K, 6% free 10336K/10951K, paused 10ms+2ms
07-17 01:19:48.629 32738 32751 I PhoneLab-: Service Running
07-17 01:19:48.665 32738 32751 I PhoneLab-LoggerService: app_37    1395  1     1432   988   c00f181c 400107b4 S logcat
07-17 01:19:48.669 32738 32751 I PhoneLab-LoggerService: Logcat pid from database 1395
07-17 01:19:48.669 32738 32751 I PhoneLab-LoggerService: Logcat process found 1395
07-17 01:19:48.669 32738 32751 I PhoneLab-LoggerService: Checking Threshold
07-17 01:20:17.383   346   346 D SAN_SERVICE: *******************************************
07-17 01:20:17.383   346   346 D SAN_SERVICE: DM App Phone Service State - 0
07-17 01:20:17.387   346   346 D SAN_SERVICE: *******************************************
07-17 01:20:27.309   346   346 D SAN_SERVICE: *******************************************
07-17 01:20:27.309   346   346 D SAN_SERVICE: DM App Phone Service State - 0
07-17 01:20:27.309   346   346 D SAN_SERVICE: *******************************************
07-17 01:20:47.083 32638 32641 D dalvikvm: GC_CONCURRENT freed 534K, 6% free 10463K/11079K, paused 2ms+2ms
07-17 01:20:47.200 31371 31373 D dalvikvm: GC_CONCURRENT freed 659K, 7% free 10185K/10951K, paused 2ms+2ms
07-17 01:21:13.579 22929 22932 D dalvikvm: GC_CONCURRENT freed 1298K, 11% free 13448K/15047K, paused 25ms+10ms
07-17 01:21:28.731   346   346 D SAN_SERVICE: *******************************************
07-17 01:21:28.731   346   346 D SAN_SERVICE: DM App Phone Service State - 0
07-17 01:21:28.731   346   346 D SAN_SERVICE: *******************************************
07-17 01:21:29.036   346   346 D SAN_SERVICE: *******************************************
07-17 01:21:29.036   346   346 D SAN_SERVICE: DM App Phone Service State - 0
07-17 01:21:29.036   346   346 D SAN_SERVICE: *******************************************
07-17 01:21:29.774   346   346 D SAN_SERVICE: *******************************************
07-17 01:21:29.774   346   346 D SAN_SERVICE: DM App Phone Service State - 0
07-17 01:21:29.774   346   346 D SAN_SERVICE: *******************************************
07-17 01:21:47.235 31371 31373 D dalvikvm: GC_CONCURRENT freed 495K, 8% free 10164K/10951K, paused 2ms+2ms
07-17 01:21:48.633 32738 32751 I PhoneLab-: Service Running
07-17 01:21:48.723 32738 32751 I PhoneLab-LoggerService: app_37    1395  1     1432   988   c00f181c 400107b4 S logcat
07-17 01:21:48.723 32738 32751 I PhoneLab-LoggerService: Logcat pid from database 1395
07-17 01:21:48.727 32738 32751 I PhoneLab-LoggerService: Logcat process found 1395
07-17 01:21:48.727 32738 32751 I PhoneLab-LoggerService: Checking Threshold
07-17 01:21:54.422   144   199 D DhcpInfoInternal: makeLinkProperties with empty dns2!
07-17 01:21:54.434   144   199 D DhcpInfoInternal: makeLinkProperties with empty dns2!
07-17 01:22:11.751   144   390 I ActivityManager: START {act=android.intent.action.MAIN cat=[android.intent.category.LAUNCHER] flg=0x10000000 pkg=com.whatsapp cmp=com.whatsapp/.Main bnds=[0,254][120,404]} from pid 371
07-17 01:22:12.223   371   371 D OpenGLRenderer: Flushing caches (mode 1)
07-17 01:22:12.294   371   371 D OpenGLRenderer: Flushing caches (mode 0)
07-17 01:22:12.325   144   160 I Process : Sending signal. PID: 31344 SIG: 3
07-17 01:22:12.325 31344 31349 I dalvikvm: threadid=3: reacting to signal 3
07-17 01:22:12.372 31344 31349 I dalvikvm: Wrote stack traces to '/data/anr/traces.txt'
07-17 01:22:12.450 31344 31344 D dalvikvm: GC_FOR_ALLOC freed 115K, 5% free 10122K/10567K, paused 36ms
07-17 01:22:12.481 31344 31344 D dalvikvm: GC_FOR_ALLOC freed 12K, 5% free 10237K/10695K, paused 22ms
07-17 01:22:12.512 31344 31344 D dalvikvm: GC_FOR_ALLOC freed 2K, 5% free 10442K/10887K, paused 22ms
07-17 01:22:12.551 31344 31344 D skia    : --- SkImageDecoder::Factory returned null
07-17 01:22:12.708 31344   632 D dalvikvm: GC_FOR_ALLOC freed 151K, 4% free 10645K/11079K, paused 24ms
07-17 01:22:12.817   215   215 V PhoneStatusBar: setLightsOn(true)
07-17 01:22:12.821   144   160 I Process : Sending signal. PID: 31344 SIG: 3
07-17 01:22:12.821 31344 31349 I dalvikvm: threadid=3: reacting to signal 3
07-17 01:22:12.852 31344 31349 I dalvikvm: Wrote stack traces to '/data/anr/traces.txt'
07-17 01:22:13.106 31344 31347 D dalvikvm: GC_CONCURRENT freed 224K, 3% free 10886K/11207K, paused 5ms+4ms
07-17 01:22:13.321   144   160 I Process : Sending signal. PID: 31344 SIG: 3
07-17 01:22:13.321 31344 31349 I dalvikvm: threadid=3: reacting to signal 3
07-17 01:22:13.340 31344 31349 I dalvikvm: Wrote stack traces to '/data/anr/traces.txt'
07-17 01:22:13.536 31344 31347 D dalvikvm: GC_CONCURRENT freed 463K, 5% free 10955K/11527K, paused 3ms+4ms
07-17 01:22:13.563   144   175 I ActivityManager: Displayed com.whatsapp/.Conversation: +1s742ms
07-17 01:22:13.852 31344 31347 D dalvikvm: GC_CONCURRENT freed 321K, 4% free 11234K/11655K, paused 4ms+5ms
07-17 01:22:13.922 31344   631 D dalvikvm: GC_FOR_ALLOC freed 361K, 6% free 11400K/12103K, paused 27ms
07-17 01:22:13.969 31344   631 D dalvikvm: GC_FOR_ALLOC freed 242K, 7% free 11492K/12231K, paused 27ms
07-17 01:22:14.278 31344 31347 D dalvikvm: GC_CONCURRENT freed 318K, 4% free 11927K/12359K, paused 2ms+4ms
07-17 01:22:14.481 31344 31347 D dalvikvm: GC_CONCURRENT freed 401K, 5% free 12401K/12935K, paused 2ms+4ms
07-17 01:22:16.157   215   215 V PhoneStatusBar: setLightsOn(true)
07-17 01:22:16.243 31344 31347 D dalvikvm: GC_CONCURRENT freed 557K, 5% free 12998K/13639K, paused 2ms+4ms
07-17 01:22:16.337   144   175 I ActivityManager: Displayed com.whatsapp/.Conversations: +415ms
07-17 01:22:16.946   144 13425 I ActivityManager: START {cmp=com.whatsapp/.ContactPicker} from pid 31344
07-17 01:22:17.118   215   215 V PhoneStatusBar: setLightsOn(true)
07-17 01:22:17.278   144   175 I ActivityManager: Displayed com.whatsapp/.ContactPicker: +291ms
07-17 01:22:17.337 31325 31365 D dalvikvm: GC_EXPLICIT freed 444K, 6% free 9828K/10375K, paused 79ms+4ms
07-17 01:22:17.563 31344 31347 D dalvikvm: GC_CONCURRENT freed 522K, 5% free 13742K/14407K, paused 3ms+7ms
07-17 01:22:17.653 31344 31344 D dalvikvm: GC_FOR_ALLOC freed 817K, 10% free 13874K/15367K, paused 44ms
07-17 01:22:19.208 31344   639 D dalvikvm: GC_EXPLICIT freed 909K, 9% free 14195K/15431K, paused 3ms+5ms
07-17 01:22:19.438   144   144 D dalvikvm: GC_EXPLICIT freed 1128K, 19% free 17768K/21767K, paused 9ms+16ms
07-17 01:22:19.805 31325 31336 D dalvikvm: GC_EXPLICIT freed 290K, 6% free 9797K/10375K, paused 2ms+42ms
07-17 01:22:21.063   144   156 I ActivityManager: START {flg=0x14000000 cmp=com.whatsapp/.Conversation (has extras)} from pid 31344
07-17 01:22:21.079 31344 31351 I dalvikvm: Jit: resizing JitTable from 4096 to 8192
07-17 01:22:21.118   215   215 V PhoneStatusBar: setLightsOn(true)
07-17 01:22:21.141   144   342 W InputManagerService: Focus gain on non-focused client com.android.internal.view.IInputMethodClient$Stub$Proxy@41714a10 (uid=10068 pid=31344)
07-17 01:22:21.294 31344 31347 D dalvikvm: GC_CONCURRENT freed 1010K, 7% free 14890K/16007K, paused 3ms+5ms
07-17 01:22:21.301 31344 31344 D skia    : --- SkImageDecoder::Factory returned null
07-17 01:22:21.376   215   215 V PhoneStatusBar: setLightsOn(true)
07-17 01:22:21.430   144   175 I ActivityManager: Displayed com.whatsapp/.Conversation: +297ms
07-17 01:22:21.536   321   322 D dalvikvm: GC_CONCURRENT freed 412K, 24% free 10136K/13191K, paused 4ms+10ms
07-17 01:22:21.575   346   346 D SAN_SERVICE: *******************************************
07-17 01:22:21.587   346   346 D SAN_SERVICE: DM App Phone Service State - 0
07-17 01:22:21.587   346   346 D SAN_SERVICE: *******************************************
07-17 01:22:21.622   321   321 D dalvikvm: GC_FOR_ALLOC freed 374K, 25% free 10025K/13191K, paused 20ms
07-17 01:22:21.626   321   321 I dalvikvm-heap: Grow heap (frag case) to 10.708MB for 885136-byte allocation
07-17 01:22:21.653   321   321 D dalvikvm: GC_FOR_ALLOC freed 7K, 18% free 10881K/13191K, paused 15ms
07-17 01:22:21.879   215   217 D dalvikvm: GC_CONCURRENT freed 212K, 57% free 9895K/22727K, paused 2ms+3ms
07-17 01:22:21.930   215   215 D dalvikvm: GC_FOR_ALLOC freed 657K, 58% free 9703K/22727K, paused 18ms
07-17 01:22:22.020   215   217 D dalvikvm: GC_CONCURRENT freed 454K, 58% free 9760K/22727K, paused 1ms+5ms
07-17 01:22:22.110   346   346 D SAN_SERVICE: *******************************************
07-17 01:22:22.110   346   346 D SAN_SERVICE: DM App Phone Service State - 0
07-17 01:22:22.110   346   346 D SAN_SERVICE: *******************************************
07-17 01:22:30.161   346   346 D SAN_SERVICE: *******************************************
07-17 01:22:30.161   346   346 D SAN_SERVICE: DM App Phone Service State - 0
07-17 01:22:30.161   346   346 D SAN_SERVICE: *******************************************
07-17 01:22:45.571   346   346 D SAN_SERVICE: *******************************************
07-17 01:22:45.571   346   346 D SAN_SERVICE: DM App Phone Service State - 0
07-17 01:22:45.571   346   346 D SAN_SERVICE: *******************************************
07-17 01:22:46.340   346   346 D SAN_SERVICE: *******************************************
07-17 01:22:46.340   346   346 D SAN_SERVICE: DM App Phone Service State - 0
07-17 01:22:46.340   346   346 D SAN_SERVICE: *******************************************
07-17 01:22:47.169 32638 32641 D dalvikvm: GC_CONCURRENT freed 516K, 6% free 10458K/11079K, paused 2ms+3ms
07-17 01:22:55.794   346   346 D SAN_SERVICE: *******************************************
07-17 01:22:55.794   346   346 D SAN_SERVICE: DM App Phone Service State - 0
07-17 01:22:55.794   346   346 D SAN_SERVICE: *******************************************
07-17 01:23:11.723 31555 32469 D GetStringObjTask: retrieving from url = http://www.chess.com/api/get_move_status?id=5HHjW9WUGa%2Bcu1LUwnVJPxTIWxmEve4VdkRnRyg7b5Ch69JH2Z5aB%2B7eGuFw8K2uFx47KFsdE3JRdR3Mzv0PkZOj6eZ8N73BvxmEERrzXjMNRo80rkLyJAUTh0iqof4n
07-17 01:23:12.239 31555 32469 D GetStringObjTask: WebRequest SERVER RESPONSE: Success+0
07-17 01:23:12.254 31555 31558 D dalvikvm: GC_CONCURRENT freed 448K, 6% free 9482K/10055K, paused 8ms+3ms
07-17 01:23:47.309 31371 31373 D dalvikvm: GC_CONCURRENT freed 535K, 8% free 10140K/10951K, paused 1ms+3ms
07-17 01:23:48.633 32738 32751 I PhoneLab-: Service Running
07-17 01:23:48.739 32738 32740 D dalvikvm: GC_CONCURRENT freed 437K, 14% free 9143K/10567K, paused 1ms+5ms
07-17 01:23:48.754 32738 32751 I PhoneLab-LoggerService: app_37    1395  1     1432   988   c00f181c 400107b4 S logcat
07-17 01:23:48.754 32738 32751 I PhoneLab-LoggerService: Logcat pid from database 1395
07-17 01:23:48.754 32738 32751 I PhoneLab-LoggerService: Logcat process found 1395
07-17 01:23:48.754 32738 32751 I PhoneLab-LoggerService: Checking Threshold
07-17 01:23:57.231   346   346 D SAN_SERVICE: *******************************************
07-17 01:23:57.231   346   346 D SAN_SERVICE: DM App Phone Service State - 0
07-17 01:23:57.231   346   346 D SAN_SERVICE: *******************************************
07-17 01:23:57.450   346   346 D SAN_SERVICE: *******************************************
07-17 01:23:57.450   346   346 D SAN_SERVICE: DM App Phone Service State - 0
07-17 01:23:57.450   346   346 D SAN_SERVICE: *******************************************
07-17 01:23:57.735   346   346 D SAN_SERVICE: *******************************************
07-17 01:23:57.735   346   346 D SAN_SERVICE: DM App Phone Service State - 0
07-17 01:23:57.735   346   346 D SAN_SERVICE: *******************************************
07-17 01:24:19.317   144   199 D DhcpInfoInternal: makeLinkProperties with empty dns2!
07-17 01:24:19.321   144   199 D DhcpInfoInternal: makeLinkProperties with empty dns2!
07-17 01:24:24.512   346   346 D SAN_SERVICE: *******************************************
07-17 01:24:24.512   346   346 D SAN_SERVICE: DM App Phone Service State - 0
07-17 01:24:24.512   346   346 D SAN_SERVICE: *******************************************
07-17 01:24:24.551 32638 32641 D dalvikvm: GC_CONCURRENT freed 390K, 6% free 10453K/11079K, paused 2ms+2ms
07-17 01:24:33.094   346   346 D SAN_SERVICE: *******************************************
07-17 01:24:33.094   346   346 D SAN_SERVICE: DM App Phone Service State - 0
07-17 01:24:33.094   346   346 D SAN_SERVICE: *******************************************
07-17 01:24:47.376 31371 31373 D dalvikvm: GC_CONCURRENT freed 446K, 7% free 10205K/10951K, paused 2ms+2ms
07-17 01:24:49.141   144 12390 D dalvikvm: GC_EXPLICIT freed 819K, 19% free 17752K/21767K, paused 3ms+7ms
07-17 01:25:47.372 32638 32641 D dalvikvm: GC_CONCURRENT freed 500K, 6% free 10465K/11079K, paused 2ms+2ms
07-17 01:25:47.497 31371 31373 D dalvikvm: GC_CONCURRENT freed 500K, 8% free 10128K/10951K, paused 1ms+2ms
07-17 01:25:48.633 32738 32751 I PhoneLab-: Service Running
07-17 01:25:48.751 32738 32751 I PhoneLab-LoggerService: app_37    1395  1     1432   988   c00f181c 400107b4 S logcat
07-17 01:25:48.751 32738 32751 I PhoneLab-LoggerService: Logcat pid from database 1395
07-17 01:25:48.751 32738 32751 I PhoneLab-LoggerService: Logcat process found 1395
07-17 01:25:48.751 32738 32751 I PhoneLab-LoggerService: Checking Threshold
07-17 01:25:54.965   346   346 D SAN_SERVICE: *******************************************
07-17 01:25:54.965   346   346 D SAN_SERVICE: DM App Phone Service State - 0
07-17 01:25:54.965   346   346 D SAN_SERVICE: *******************************************
07-17 01:25:55.231   346   346 D SAN_SERVICE: *******************************************
07-17 01:25:55.231   346   346 D SAN_SERVICE: DM App Phone Service State - 0
07-17 01:25:55.231   346   346 D SAN_SERVICE: *******************************************
07-17 01:25:55.958   346   346 D SAN_SERVICE: *******************************************
07-17 01:25:55.958   346   346 D SAN_SERVICE: DM App Phone Service State - 0
07-17 01:25:55.958   346   346 D SAN_SERVICE: *******************************************
07-17 01:26:10.391   346   346 D SAN_SERVICE: *******************************************
07-17 01:26:10.391   346   346 D SAN_SERVICE: DM App Phone Service State - 0
07-17 01:26:10.391   346   346 D SAN_SERVICE: *******************************************
07-17 01:26:11.129   346   346 D SAN_SERVICE: *******************************************
07-17 01:26:11.129   346   346 D SAN_SERVICE: DM App Phone Service State - 0
07-17 01:26:11.129   346   346 D SAN_SERVICE: *******************************************
07-17 01:26:20.598   346   346 D SAN_SERVICE: *******************************************
07-17 01:26:20.598   346   346 D SAN_SERVICE: DM App Phone Service State - 0
07-17 01:26:20.598   346   346 D SAN_SERVICE: *******************************************
07-17 01:26:20.868   346   346 D SAN_SERVICE: *******************************************
07-17 01:26:20.868   346   346 D SAN_SERVICE: DM App Phone Service State - 0
07-17 01:26:20.868   346   346 D SAN_SERVICE: *******************************************
07-17 01:26:21.587   346   346 D SAN_SERVICE: *******************************************
07-17 01:26:21.587   346   346 D SAN_SERVICE: DM App Phone Service State - 0
07-17 01:26:21.587   346   346 D SAN_SERVICE: *******************************************
07-17 01:26:35.989   346   346 D SAN_SERVICE: *******************************************
07-17 01:26:35.993   346   346 D SAN_SERVICE: DM App Phone Service State - 0
07-17 01:26:35.993   346   346 D SAN_SERVICE: *******************************************
07-17 01:26:36.208   346   346 D SAN_SERVICE: *******************************************
07-17 01:26:36.208   346   346 D SAN_SERVICE: DM App Phone Service State - 0
07-17 01:26:36.208   346   346 D SAN_SERVICE: *******************************************
07-17 01:26:43.989   144   199 D DhcpInfoInternal: makeLinkProperties with empty dns2!
07-17 01:26:43.989   144   199 D DhcpInfoInternal: makeLinkProperties with empty dns2!
07-17 01:26:47.415 27911 27923 D dalvikvm: GC_EXPLICIT freed 409K, 6% free 10233K/10823K, paused 3ms+4ms
07-17 01:26:56.473   346   346 D SAN_SERVICE: *******************************************
07-17 01:26:56.473   346   346 D SAN_SERVICE: DM App Phone Service State - 0
07-17 01:26:56.473   346   346 D SAN_SERVICE: *******************************************
07-17 01:26:56.688   346   346 D SAN_SERVICE: *******************************************
07-17 01:26:56.688   346   346 D SAN_SERVICE: DM App Phone Service State - 0
07-17 01:26:56.688   346   346 D SAN_SERVICE: *******************************************
07-17 01:26:56.973   346   346 D SAN_SERVICE: *******************************************
07-17 01:26:56.973   346   346 D SAN_SERVICE: DM App Phone Service State - 0
07-17 01:26:56.973   346   346 D SAN_SERVICE: *******************************************
07-17 01:27:27.192   346   346 D SAN_SERVICE: *******************************************
07-17 01:27:27.192   346   346 D SAN_SERVICE: DM App Phone Service State - 0
07-17 01:27:27.192   346   346 D SAN_SERVICE: *******************************************
07-17 01:27:27.934   346   346 D SAN_SERVICE: *******************************************
07-17 01:27:27.934   346   346 D SAN_SERVICE: DM App Phone Service State - 0
07-17 01:27:27.934   346   346 D SAN_SERVICE: *******************************************
07-17 01:27:28.364 31153 31169 D dalvikvm: GC_EXPLICIT freed 426K, 6% free 10814K/11399K, paused 27ms+4ms
07-17 01:27:47.477 32638 32641 D dalvikvm: GC_CONCURRENT freed 514K, 6% free 10463K/11079K, paused 2ms+3ms
07-17 01:27:47.579 31371 31373 D dalvikvm: GC_CONCURRENT freed 488K, 8% free 10138K/10951K, paused 2ms+2ms
07-17 01:27:48.633 32738 32751 I PhoneLab-: Service Running
07-17 01:27:48.739 32738 32751 I PhoneLab-LoggerService: app_37    1395  1     1432   988   c00f181c 400107b4 S logcat
07-17 01:27:48.743 32738 32751 I PhoneLab-LoggerService: Logcat pid from database 1395
07-17 01:27:48.743 32738 32751 I PhoneLab-LoggerService: Logcat process found 1395
07-17 01:27:48.743 32738 32751 I PhoneLab-LoggerService: Checking Threshold
07-17 01:28:11.778 31555 31569 D GetStringObjTask: retrieving from url = http://www.chess.com/api/get_move_status?id=5HHjW9WUGa%2Bcu1LUwnVJPxTIWxmEve4VdkRnRyg7b5Ch69JH2Z5aB%2B7eGuFw8K2uFx47KFsdE3JRdR3Mzv0PkZOj6eZ8N73BvxmEERrzXjMNRo80rkLyJAUTh0iqof4n
07-17 01:28:12.149 31555 31569 D GetStringObjTask: WebRequest SERVER RESPONSE: Success+0
07-17 01:28:13.227   346   346 D SAN_SERVICE: *******************************************
07-17 01:28:13.227   346   346 D SAN_SERVICE: DM App Phone Service State - 0
07-17 01:28:13.227   346   346 D SAN_SERVICE: *******************************************
07-17 01:28:13.454   346   346 D SAN_SERVICE: *******************************************
07-17 01:28:13.454   346   346 D SAN_SERVICE: DM App Phone Service State - 0
07-17 01:28:13.454   346   346 D SAN_SERVICE: *******************************************
07-17 01:28:14.254   346   346 D SAN_SERVICE: *******************************************
07-17 01:28:14.254   346   346 D SAN_SERVICE: DM App Phone Service State - 0
07-17 01:28:14.254   346   346 D SAN_SERVICE: *******************************************
07-17 01:28:14.743   313   315 D dalvikvm: GC_CONCURRENT freed 268K, 5% free 9200K/9607K, paused 26ms+3ms
07-17 01:28:47.602 31371 31373 D dalvikvm: GC_CONCURRENT freed 434K, 7% free 10215K/10951K, paused 2ms+3ms
07-17 01:28:49.079   346   346 D SAN_SERVICE: *******************************************
07-17 01:28:49.083   346   346 D SAN_SERVICE: DM App Phone Service State - 0
07-17 01:28:49.083   346   346 D SAN_SERVICE: *******************************************
07-17 01:28:49.118   346   348 D dalvikvm: GC_CONCURRENT freed 836K, 9% free 11891K/13063K, paused 17ms+4ms
07-17 01:28:49.340   346   346 D SAN_SERVICE: *******************************************
07-17 01:28:49.340   346   346 D SAN_SERVICE: DM App Phone Service State - 0
07-17 01:28:49.340   346   346 D SAN_SERVICE: *******************************************
07-17 01:29:04.446   346   346 D SAN_SERVICE: *******************************************
07-17 01:29:04.446   346   346 D SAN_SERVICE: DM App Phone Service State - 0
07-17 01:29:04.446   346   346 D SAN_SERVICE: *******************************************
07-17 01:29:04.657   346   346 D SAN_SERVICE: *******************************************
07-17 01:29:04.661   346   346 D SAN_SERVICE: DM App Phone Service State - 0
07-17 01:29:04.661   346   346 D SAN_SERVICE: *******************************************
07-17 01:29:05.157   346   346 D SAN_SERVICE: *******************************************
07-17 01:29:05.157   346   346 D SAN_SERVICE: DM App Phone Service State - 0
07-17 01:29:05.157   346   346 D SAN_SERVICE: *******************************************
07-17 01:29:08.872   144   199 D DhcpInfoInternal: makeLinkProperties with empty dns2!
07-17 01:29:08.883   144   199 D DhcpInfoInternal: makeLinkProperties with empty dns2!
07-17 01:29:19.797   346   346 D SAN_SERVICE: *******************************************
07-17 01:29:19.797   346   346 D SAN_SERVICE: DM App Phone Service State - 0
07-17 01:29:19.801   346   346 D SAN_SERVICE: *******************************************
07-17 01:29:20.290   346   346 D SAN_SERVICE: *******************************************
07-17 01:29:20.294   346   346 D SAN_SERVICE: DM App Phone Service State - 0
07-17 01:29:20.294   346   346 D SAN_SERVICE: *******************************************
07-17 01:29:30.036   346   346 D SAN_SERVICE: *******************************************
07-17 01:29:30.036   346   346 D SAN_SERVICE: DM App Phone Service State - 0
07-17 01:29:30.036   346   346 D SAN_SERVICE: *******************************************
07-17 01:29:45.360   346   346 D SAN_SERVICE: *******************************************
07-17 01:29:45.360   346   346 D SAN_SERVICE: DM App Phone Service State - 0
07-17 01:29:45.360   346   346 D SAN_SERVICE: *******************************************
07-17 01:29:46.184   346   346 D SAN_SERVICE: *******************************************
07-17 01:29:46.184   346   346 D SAN_SERVICE: DM App Phone Service State - 0
07-17 01:29:46.184   346   346 D SAN_SERVICE: *******************************************
07-17 01:29:47.516 32638 32641 D dalvikvm: GC_CONCURRENT freed 508K, 6% free 10467K/11079K, paused 2ms+2ms
07-17 01:29:47.649 31371 31373 D dalvikvm: GC_CONCURRENT freed 513K, 8% free 10129K/10951K, paused 2ms+2ms
07-17 01:29:48.633 32738 32751 I PhoneLab-: Service Running
07-17 01:29:48.727 32738 32751 I PhoneLab-LoggerService: app_37    1395  1     1432   988   c00f181c 400107b4 S logcat
07-17 01:29:48.727 32738 32751 I PhoneLab-LoggerService: Logcat pid from database 1395
07-17 01:29:48.731 32738 32751 I PhoneLab-LoggerService: Logcat process found 1395
07-17 01:29:48.731 32738 32751 I PhoneLab-LoggerService: Checking Threshold
07-17 01:29:52.208   346   346 D SAN_SERVICE: *******************************************
07-17 01:29:52.208   346   346 D SAN_SERVICE: DM App Phone Service State - 0
07-17 01:29:52.208   346   346 D SAN_SERVICE: *******************************************
07-17 01:30:00.817   346   346 D SAN_SERVICE: *******************************************
07-17 01:30:00.817   346   346 D SAN_SERVICE: DM App Phone Service State - 0
07-17 01:30:00.817   346   346 D SAN_SERVICE: *******************************************
07-17 01:30:01.028   346   346 D SAN_SERVICE: *******************************************
07-17 01:30:01.028   346   346 D SAN_SERVICE: DM App Phone Service State - 0
07-17 01:30:01.028   346   346 D SAN_SERVICE: *******************************************
07-17 01:30:01.813   346   346 D SAN_SERVICE: *******************************************
07-17 01:30:01.813   346   346 D SAN_SERVICE: DM App Phone Service State - 0
07-17 01:30:01.813   346   346 D SAN_SERVICE: *******************************************
07-17 01:30:02.321 31344 32420 D dalvikvm: GC_EXPLICIT freed 1899K, 17% free 13354K/16007K, paused 7ms+8ms
07-17 01:30:16.395   346   346 D SAN_SERVICE: *******************************************
07-17 01:30:16.395   346   346 D SAN_SERVICE: DM App Phone Service State - 0
07-17 01:30:16.395   346   346 D SAN_SERVICE: *******************************************
07-17 01:30:16.891   346   346 D SAN_SERVICE: *******************************************
07-17 01:30:16.891   346   346 D SAN_SERVICE: DM App Phone Service State - 0
07-17 01:30:16.891   346   346 D SAN_SERVICE: *******************************************
07-17 01:30:27.188 31325 31327 D dalvikvm: GC_CONCURRENT freed 397K, 6% free 9843K/10375K, paused 3ms+9ms
07-17 01:30:31.469   346   346 D SAN_SERVICE: *******************************************
07-17 01:30:31.469   346   346 D SAN_SERVICE: DM App Phone Service State - 0
07-17 01:30:31.469   346   346 D SAN_SERVICE: *******************************************
07-17 01:30:32.243   346   346 D SAN_SERVICE: *******************************************
07-17 01:30:32.243   346   346 D SAN_SERVICE: DM App Phone Service State - 0
07-17 01:30:32.243   346   346 D SAN_SERVICE: *******************************************
07-17 01:30:41.712   346   346 D SAN_SERVICE: *******************************************
07-17 01:30:41.712   346   346 D SAN_SERVICE: DM App Phone Service State - 0
07-17 01:30:41.712   346   346 D SAN_SERVICE: *******************************************
07-17 01:30:46.297   215   217 D dalvikvm: GC_CONCURRENT freed 253K, 57% free 9892K/22727K, paused 2ms+3ms
07-17 01:31:15.891   144   388 D dalvikvm: GC_EXPLICIT freed 1488K, 19% free 17838K/21767K, paused 6ms+10ms
07-17 01:31:22.895   346   346 D SAN_SERVICE: *******************************************
07-17 01:31:22.895   346   346 D SAN_SERVICE: DM App Phone Service State - 0
07-17 01:31:22.895   346   346 D SAN_SERVICE: *******************************************
07-17 01:31:22.934 32638 32641 D dalvikvm: GC_CONCURRENT freed 395K, 6% free 10457K/11079K, paused 2ms+3ms
07-17 01:31:23.172   346   346 D SAN_SERVICE: *******************************************
07-17 01:31:23.172   346   346 D SAN_SERVICE: DM App Phone Service State - 0
07-17 01:31:23.172   346   346 D SAN_SERVICE: *******************************************
07-17 01:31:27.770   346   346 D SAN_SERVICE: *******************************************
07-17 01:31:27.770   346   346 D SAN_SERVICE: DM App Phone Service State - 0
07-17 01:31:27.770   346   346 D SAN_SERVICE: *******************************************
07-17 01:31:28.047   346   346 D SAN_SERVICE: *******************************************
07-17 01:31:28.047   346   346 D SAN_SERVICE: DM App Phone Service State - 0
07-17 01:31:28.047   346   346 D SAN_SERVICE: *******************************************
07-17 01:31:28.575   346   346 D SAN_SERVICE: *******************************************
07-17 01:31:28.575   346   346 D SAN_SERVICE: DM App Phone Service State - 0
07-17 01:31:28.575   346   346 D SAN_SERVICE: *******************************************
07-17 01:31:33.723   144   199 D DhcpInfoInternal: makeLinkProperties with empty dns2!
07-17 01:31:33.727   144   199 D DhcpInfoInternal: makeLinkProperties with empty dns2!
07-17 01:31:36.184 27911 29113 I EventLogService: Aggregate from 1342501296071 (log), 1342501296071 (data)
07-17 01:31:38.036   346   346 D SAN_SERVICE: *******************************************
07-17 01:31:38.040   346   346 D SAN_SERVICE: DM App Phone Service State - 0
07-17 01:31:38.040   346   346 D SAN_SERVICE: *******************************************
07-17 01:31:39.926 31325 31366 D dalvikvm: GC_EXPLICIT freed 192K, 7% free 9736K/10375K, paused 10ms+3ms
07-17 01:31:47.653 31371 31373 D dalvikvm: GC_CONCURRENT freed 488K, 8% free 10143K/10951K, paused 2ms+2ms
07-17 01:31:48.297   346   346 D SAN_SERVICE: *******************************************
07-17 01:31:48.297   346   346 D SAN_SERVICE: DM App Phone Service State - 0
07-17 01:31:48.297   346   346 D SAN_SERVICE: *******************************************
07-17 01:31:48.633 32738 32751 I PhoneLab-: Service Running
07-17 01:31:48.727   346   346 D SAN_SERVICE: *******************************************
07-17 01:31:48.727   346   346 D SAN_SERVICE: DM App Phone Service State - 0
07-17 01:31:48.727   346   346 D SAN_SERVICE: *******************************************
07-17 01:31:48.770 32738 32751 I PhoneLab-LoggerService: app_37    1395  1     1432   988   c00ab7c8 40010474 D logcat
07-17 01:31:48.770 32738 32751 I PhoneLab-LoggerService: Logcat pid from database 1395
07-17 01:31:48.770 32738 32751 I PhoneLab-LoggerService: Logcat process found 1395
07-17 01:31:48.770 32738 32751 I PhoneLab-LoggerService: Checking Threshold
07-17 01:32:46.372   144 15767 I ActivityManager: No longer want android.process.media (pid 31301): hidden #16
07-17 01:32:46.372   144 15767 I ActivityManager: No longer want com.android.vending (pid 31413): hidden #17
07-17 01:32:47.676 32638 32641 D dalvikvm: GC_CONCURRENT freed 504K, 6% free 10465K/11079K, paused 2ms+3ms
07-17 01:32:47.766 31371   751 D dalvikvm: GC_EXPLICIT freed 292K, 8% free 10088K/10951K, paused 8ms+5ms
07-17 01:32:59.958   346   346 D SAN_SERVICE: *******************************************
07-17 01:32:59.958   346   346 D SAN_SERVICE: DM App Phone Service State - 0
07-17 01:32:59.958   346   346 D SAN_SERVICE: *******************************************
07-17 01:33:00.001   144   161 I ActivityManager: No longer want com.google.android.apps.currents (pid 32383): hidden #16
07-17 01:33:00.192   346   346 D SAN_SERVICE: *******************************************
07-17 01:33:00.192   346   346 D SAN_SERVICE: DM App Phone Service State - 0
07-17 01:33:00.192   346   346 D SAN_SERVICE: *******************************************
07-17 01:33:00.465   346   346 D SAN_SERVICE: *******************************************
07-17 01:33:00.465   346   346 D SAN_SERVICE: DM App Phone Service State - 0
07-17 01:33:00.465   346   346 D SAN_SERVICE: *******************************************
07-17 01:33:10.223   346   346 D SAN_SERVICE: *******************************************
07-17 01:33:10.223   346   346 D SAN_SERVICE: DM App Phone Service State - 0
07-17 01:33:10.223   346   346 D SAN_SERVICE: *******************************************
07-17 01:33:11.723 31555 32254 D GetStringObjTask: retrieving from url = http://www.chess.com/api/get_move_status?id=5HHjW9WUGa%2Bcu1LUwnVJPxTIWxmEve4VdkRnRyg7b5Ch69JH2Z5aB%2B7eGuFw8K2uFx47KFsdE3JRdR3Mzv0PkZOj6eZ8N73BvxmEERrzXjMNRo80rkLyJAUTh0iqof4n
07-17 01:33:11.735   144 14192 I ActivityManager: No longer want com.google.android.apps.plus (pid 32089): hidden #16
07-17 01:33:12.055 31555 32254 D GetStringObjTask: WebRequest SERVER RESPONSE: Success+0
07-17 01:33:17.008   346   346 D SAN_SERVICE: *******************************************
07-17 01:33:17.008   346   346 D SAN_SERVICE: DM App Phone Service State - 0
07-17 01:33:17.008   346   346 D SAN_SERVICE: *******************************************
07-17 01:33:27.950   144   169 I ActivityManager: Start proc com.google.android.apps.plus for service com.google.android.apps.plus/.service.EsSyncAdapterService: pid=753 uid=10060 gids={3003, 3002, 1015, 1006}
07-17 01:33:28.208   753   755 D dalvikvm: GC_CONCURRENT freed 149K, 3% free 9382K/9607K, paused 2ms+2ms
07-17 01:33:28.380   753   753 I ActivityThread: Pub com.google.android.apps.plus.content.ApiProvider: com.google.android.apps.plus.content.EsApiProvider
07-17 01:33:28.422   753   753 I ActivityThread: Pub com.google.android.apps.plus.content.EsGooglePhotoProvider: com.google.android.picasasync.PicasaContentProvider
07-17 01:33:28.626   753   755 D dalvikvm: GC_CONCURRENT freed 336K, 5% free 9576K/9991K, paused 8ms+3ms
07-17 01:33:28.653   753   753 I ActivityThread: Pub com.google.android.apps.plus.content.EsPicasaStoreProvider: com.google.android.picasastore.PicasaPhotoContentProvider
07-17 01:33:28.657   753   753 I ActivityThread: Pub com.google.plus.platform: com.google.android.apps.plus.content.AdsProvider
07-17 01:33:28.657   753   753 I ActivityThread: Pub com.google.android.apps.plus.iu.EsGoogleIuProvider: com.google.android.apps.plus.iu.InstantUploadProvider
07-17 01:33:28.739   144   378 I ActivityManager: Start proc android.process.media for content provider com.android.providers.media/.MediaProvider: pid=768 uid=10012 gids={1015, 1023, 1024, 2001, 3003, 3007}
07-17 01:33:28.743   753   755 D dalvikvm: GC_CONCURRENT freed 472K, 6% free 9632K/10183K, paused 2ms+3ms
07-17 01:33:28.747   753   753 I ActivityThread: Pub com.google.android.apps.plus.content.EsProvider: com.google.android.apps.plus.content.EsProvider
07-17 01:33:28.805   768   768 I ActivityThread: Pub downloads: com.android.providers.downloads.DownloadProvider
07-17 01:33:28.833   768   768 I ActivityThread: Pub drm: com.android.providers.drm.DrmProvider
07-17 01:33:28.837   768   782 I DownloadManager: in removeSpuriousFiles
07-17 01:33:28.848   768   768 I ActivityThread: Pub media: com.android.providers.media.MediaProvider
07-17 01:33:28.911   768   782 I DownloadManager: in removeSpuriousFiles, preserving file /data/data/com.android.providers.downloads/cache/metadata.json
07-17 01:33:28.911   768   782 I DownloadManager: in removeSpuriousFiles, preserving file /data/data/com.android.providers.downloads/cache/en_general.htm
07-17 01:33:28.911   768   782 I DownloadManager: in removeSpuriousFiles, preserving file /mnt/sdcard/Download/img-thing.jpeg
07-17 01:33:28.911   768   782 I DownloadManager: in removeSpuriousFiles, preserving file /data/data/com.android.providers.downloads/cache/metadata-1.json
07-17 01:33:28.911   768   782 I DownloadManager: in removeSpuriousFiles, preserving file /data/data/com.android.providers.downloads/cache/downloadfile.jpeg
07-17 01:33:28.911   768   782 I DownloadManager: in removeSpuriousFiles, preserving file /data/data/com.android.providers.downloads/cache/metadata-2.json
07-17 01:33:28.911   768   782 I DownloadManager: in removeSpuriousFiles, preserving file /data/data/com.android.providers.downloads/cache/metadata-3.json
07-17 01:33:28.911   768   782 I DownloadManager: in removeSpuriousFiles, preserving file /data/data/com.android.providers.downloads/cache/downloadfile-1.jpeg
07-17 01:33:28.911   768   782 I DownloadManager: in removeSpuriousFiles, preserving file /data/data/com.android.providers.downloads/cache/downloadfile-2.jpeg
07-17 01:33:28.911   768   782 I DownloadManager: in removeSpuriousFiles, preserving file /data/data/com.android.providers.downloads/cache/metadata-4.json
07-17 01:33:28.911   768   782 I DownloadManager: in removeSpuriousFiles, preserving file /data/data/com.android.providers.downloads/cache/metadata-5.json
07-17 01:33:28.911   768   782 I DownloadManager: in removeSpuriousFiles, preserving file /data/data/com.android.providers.downloads/cache/metadata-6.json
07-17 01:33:28.911   768   782 I DownloadManager: deleting spurious file /cache/backup
07-17 01:33:28.962   753   784 D dalvikvm: GC_FOR_ALLOC freed 192K, 5% free 9830K/10247K, paused 20ms
07-17 01:33:29.090   768   770 D dalvikvm: GC_CONCURRENT freed 327K, 5% free 9205K/9607K, paused 2ms+2ms
07-17 01:33:29.145   753   755 D dalvikvm: GC_CONCURRENT freed 152K, 3% free 10112K/10375K, paused 2ms+2ms
07-17 01:33:29.161   753   767 D PicasaPhotoCP: set fsid first time:-1
07-17 01:33:29.239   144   378 I ActivityManager: No longer want com.whatsapp:contacts (pid 32502): hidden #16
07-17 01:33:29.317   753   755 D dalvikvm: GC_CONCURRENT freed 251K, 4% free 10327K/10695K, paused 2ms+2ms
07-17 01:33:29.368   753   781 D dalvikvm: GC_FOR_ALLOC freed 155K, 4% free 10454K/10823K, paused 20ms
07-17 01:33:29.391   753   781 D dalvikvm: GC_FOR_ALLOC freed 126K, 5% free 10582K/11079K, paused 20ms
07-17 01:33:29.419   753   781 D dalvikvm: GC_FOR_ALLOC freed 311K, 6% free 10575K/11143K, paused 19ms
07-17 01:33:29.442   753   781 D dalvikvm: GC_FOR_ALLOC freed 62K, 5% free 10639K/11143K, paused 19ms
07-17 01:33:29.465   753   781 D dalvikvm: GC_FOR_ALLOC freed 126K, 4% free 10767K/11143K, paused 19ms
07-17 01:33:29.489   753   781 D dalvikvm: GC_FOR_ALLOC freed 369K, 6% free 10822K/11463K, paused 19ms
07-17 01:33:29.512   753   781 D dalvikvm: GC_FOR_ALLOC freed 126K, 5% free 10950K/11463K, paused 20ms
07-17 01:33:29.649   753   755 D dalvikvm: GC_CONCURRENT freed 340K, 5% free 11189K/11655K, paused 1ms+3ms
07-17 01:33:29.817   753   755 D dalvikvm: GC_CONCURRENT freed 139K, 3% free 11713K/11975K, paused 2ms+3ms
07-17 01:33:29.989   753   755 D dalvikvm: GC_CONCURRENT freed 546K, 6% free 12015K/12679K, paused 2ms+2ms
07-17 01:33:30.176   753   755 D dalvikvm: GC_CONCURRENT freed 213K, 3% free 12742K/13063K, paused 2ms+3ms
07-17 01:33:30.383 27911 27914 D dalvikvm: GC_CONCURRENT freed 413K, 6% free 10207K/10823K, paused 7ms+5ms
07-17 01:33:30.594   346   346 D SAN_SERVICE: *******************************************
07-17 01:33:30.594   346   346 D SAN_SERVICE: DM App Phone Service State - 0
07-17 01:33:30.594   346   346 D SAN_SERVICE: *******************************************
07-17 01:33:30.911   346   346 D SAN_SERVICE: *******************************************
07-17 01:33:30.915   346   346 D SAN_SERVICE: DM App Phone Service State - 0
07-17 01:33:30.915   346   346 D SAN_SERVICE: *******************************************
07-17 01:33:31.403   346   346 D SAN_SERVICE: *******************************************
07-17 01:33:31.403   346   346 D SAN_SERVICE: DM App Phone Service State - 0
07-17 01:33:31.403   346   346 D SAN_SERVICE: *******************************************
07-17 01:33:32.301   753   755 D dalvikvm: GC_CONCURRENT freed 1054K, 9% free 12837K/14023K, paused 2ms+3ms
07-17 01:33:35.766   753   783 E dalvikvm: Could not find class 'android.app.Notification$InboxStyle', referenced from method com.google.android.apps.plus.service.AndroidNotification.createDigestNotification
07-17 01:33:35.766   753   783 W dalvikvm: VFY: unable to resolve new-instance 41 (Landroid/app/Notification$InboxStyle;) in Lcom/google/android/apps/plus/service/AndroidNotification;
07-17 01:33:35.766   753   783 D dalvikvm: VFY: replacing opcode 0x22 at 0x0018
07-17 01:33:35.770   753   783 I dalvikvm: Could not find method android.app.Notification$Builder.setPriority, referenced from method com.google.android.apps.plus.service.AndroidNotification.createRichNotification
07-17 01:33:35.770   753   783 W dalvikvm: VFY: unable to resolve virtual method 162: Landroid/app/Notification$Builder;.setPriority (I)Landroid/app/Notification$Builder;
07-17 01:33:35.770   753   783 D dalvikvm: VFY: replacing opcode 0x6e at 0x00d5
07-17 01:33:35.778   753   783 D dalvikvm: DexOpt: unable to opt direct call 0x00a8 at 0x1a in Lcom/google/android/apps/plus/service/AndroidNotification;.createDigestNotification
07-17 01:33:35.778   753   783 D dalvikvm: DexOpt: unable to opt direct call 0x0091 at 0xf1 in Lcom/google/android/apps/plus/service/AndroidNotification;.createRichNotification
07-17 01:33:35.778   753   783 D dalvikvm: DexOpt: unable to opt direct call 0x0095 at 0x397 in Lcom/google/android/apps/plus/service/AndroidNotification;.createRichNotification
07-17 01:33:36.309   753   755 D dalvikvm: GC_CONCURRENT freed 1096K, 9% free 12933K/14151K, paused 33ms+2ms
07-17 01:33:44.407   753   755 D dalvikvm: GC_CONCURRENT freed 1111K, 9% free 13039K/14279K, paused 4ms+3ms
07-17 01:33:44.770   753   755 D dalvikvm: GC_CONCURRENT freed 1125K, 9% free 13153K/14407K, paused 2ms+3ms
07-17 01:33:46.618   144   155 D dalvikvm: GC_EXPLICIT freed 936K, 19% free 17703K/21767K, paused 3ms+9ms
07-17 01:33:47.329   753   755 D dalvikvm: GC_CONCURRENT freed 1221K, 10% free 13240K/14599K, paused 2ms+3ms
07-17 01:33:47.755 31371 31373 D dalvikvm: GC_CONCURRENT freed 445K, 8% free 10135K/10951K, paused 1ms+3ms
07-17 01:33:47.958   753   783 D dalvikvm: GC_FOR_ALLOC freed 574K, 7% free 13583K/14599K, paused 44ms
07-17 01:33:48.001   753   783 D dalvikvm: GC_FOR_ALLOC freed 348K, 10% free 13576K/14983K, paused 42ms
07-17 01:33:48.001   753   783 I dalvikvm-heap: Grow heap (frag case) to 13.665MB for 349959-byte allocation
07-17 01:33:48.044   753   783 D dalvikvm: GC_FOR_ALLOC freed 0K, 10% free 13918K/15367K, paused 41ms
07-17 01:33:48.157 31325 31327 D dalvikvm: GC_CONCURRENT freed 290K, 6% free 9830K/10375K, paused 2ms+5ms
07-17 01:33:48.630 32738 32751 I PhoneLab-: Service Running
07-17 01:33:48.688 32738 32751 I PhoneLab-LoggerService: app_37    1395  1     1432   988   c00f181c 400107b4 S logcat
07-17 01:33:48.688 32738 32751 I PhoneLab-LoggerService: Logcat pid from database 1395
07-17 01:33:48.688 32738 32751 I PhoneLab-LoggerService: Logcat process found 1395
07-17 01:33:48.688 32738 32751 I PhoneLab-LoggerService: Checking Threshold
07-17 01:33:49.118   753   755 D dalvikvm: GC_CONCURRENT freed 1060K, 8% free 14428K/15623K, paused 3ms+4ms
07-17 01:33:50.907   144  1168 I ActivityManager: No longer want org.mozilla.firefox_beta.PasswordsProvider (pid 32546): hidden #16
07-17 01:33:51.840   753   755 D dalvikvm: GC_CONCURRENT freed 1712K, 12% free 14417K/16263K, paused 2ms+3ms
07-17 01:33:55.672   753   783 I SqliteDatabaseCpp: sqlite returned: error code = 1, msg = no such column: last_stats_sync_time, db=/data/data/com.google.android.apps.plus/databases/es0.db
07-17 01:33:55.739   753   783 E EsSyncAdapterService: Sync failure
07-17 01:33:55.739   753   783 E EsSyncAdapterService: android.database.sqlite.SQLiteException: no such column: last_stats_sync_time: , while compiling: SELECT last_stats_sync_time  FROM account_status
07-17 01:33:55.739   753   783 E EsSyncAdapterService: 	at android.database.sqlite.SQLiteCompiledSql.native_compile(Native Method)
07-17 01:33:55.739   753   783 E EsSyncAdapterService: 	at android.database.sqlite.SQLiteCompiledSql.<init>(SQLiteCompiledSql.java:68)
07-17 01:33:55.739   753   783 E EsSyncAdapterService: 	at android.database.sqlite.SQLiteProgram.compileSql(SQLiteProgram.java:143)
07-17 01:33:55.739   753   783 E EsSyncAdapterService: 	at android.database.sqlite.SQLiteProgram.compileAndbindAllArgs(SQLiteProgram.java:361)
07-17 01:33:55.739   753   783 E EsSyncAdapterService: 	at android.database.sqlite.SQLiteStatement.acquireAndLock(SQLiteStatement.java:260)
07-17 01:33:55.739   753   783 E EsSyncAdapterService: 	at android.database.sqlite.SQLiteStatement.simpleQueryForLong(SQLiteStatement.java:137)
07-17 01:33:55.739   753   783 E EsSyncAdapterService: 	at android.database.DatabaseUtils.longForQuery(DatabaseUtils.java:791)
07-17 01:33:55.739   753   783 E EsSyncAdapterService: 	at android.database.DatabaseUtils.longForQuery(DatabaseUtils.java:779)
07-17 01:33:55.739   753   783 E EsSyncAdapterService: 	at com.google.android.apps.plus.content.EsAccountsData.queryLastStatsSyncTimestamp(EsAccountsData.java:570)
07-17 01:33:55.739   753   783 E EsSyncAdapterService: 	at com.google.android.apps.plus.service.EsSyncAdapterService.syncContactsStatsIfNecessary(EsSyncAdapterService.java:670)
07-17 01:33:55.739   753   783 E EsSyncAdapterService: 	at com.google.android.apps.plus.service.EsSyncAdapterService.doFullSync(EsSyncAdapterService.java:633)
07-17 01:33:55.739   753   783 E EsSyncAdapterService: 	at com.google.android.apps.plus.service.EsSyncAdapterService.doSync(EsSyncAdapterService.java:566)
07-17 01:33:55.739   753   783 E EsSyncAdapterService: 	at com.google.android.apps.plus.service.EsSyncAdapterService.access$100(EsSyncAdapterService.java:52)
07-17 01:33:55.739   753   783 E EsSyncAdapterService: 	at com.google.android.apps.plus.service.EsSyncAdapterService$SyncAdapterImpl.onPerformSync(EsSyncAdapterService.java:408)
07-17 01:33:55.739   753   783 E EsSyncAdapterService: 	at android.content.AbstractThreadedSyncAdapter$SyncThread.run(AbstractThreadedSyncAdapter.java:247)
07-17 01:33:55.782   144   169 D SyncManager: failed sync operation lokeshmandvekar@gmail.com (com.google), com.google.android.apps.plus.content.EsProvider, SERVER, earliestRunTime 117003279, SyncResult: stats [ numParseExceptions: 1]
07-17 01:33:55.790   144   169 D SyncManager: not retrying sync operation because the error is a hard error: lokeshmandvekar@gmail.com (com.google), com.google.android.apps.plus.content.EsProvider, SERVER, earliestRunTime 120112047
07-17 01:33:58.618   144   199 D DhcpInfoInternal: makeLinkProperties with empty dns2!
07-17 01:33:58.626   144   199 D DhcpInfoInternal: makeLinkProperties with empty dns2!
07-17 01:33:59.837   753   755 D dalvikvm: GC_CONCURRENT freed 2886K, 19% free 13253K/16263K, paused 5ms+3ms
07-17 01:34:00.106 31325 31327 D dalvikvm: GC_CONCURRENT freed 412K, 6% free 9824K/10375K, paused 68ms+3ms
07-17 01:34:00.219   753   797 D dalvikvm: GC_EXPLICIT freed 217K, 19% free 13190K/16263K, paused 3ms+3ms
07-17 01:34:00.583 31325   640 D dalvikvm: GC_EXPLICIT freed 212K, 7% free 9747K/10375K, paused 2ms+2ms
07-17 01:34:00.786   144   378 I ActivityManager: No longer want com.android.sprintmenu (pid 32603): hidden #16
07-17 01:34:00.794   144  1167 W ActivityManager: Scheduling restart of crashed service com.android.sprintmenu/.HiddenPhoneService in 5000ms
07-17 01:34:02.708   144 15767 D dalvikvm: GC_EXPLICIT freed 435K, 19% free 17634K/21767K, paused 3ms+7ms
07-17 01:34:02.786 31325 31327 D dalvikvm: GC_CONCURRENT freed 292K, 6% free 9839K/10375K, paused 8ms+4ms
07-17 01:34:05.852   144   161 I ActivityManager: Start proc com.android.sprintmenu for service com.android.sprintmenu/.HiddenPhoneService: pid=826 uid=1001 gids={3002, 3001, 3003, 1015}
07-17 01:34:11.649   346   346 D SAN_SERVICE: *******************************************
07-17 01:34:11.649   346   346 D SAN_SERVICE: DM App Phone Service State - 0
07-17 01:34:11.649   346   346 D SAN_SERVICE: *******************************************
07-17 01:34:11.903   346   346 D SAN_SERVICE: *******************************************
07-17 01:34:11.903   346   346 D SAN_SERVICE: DM App Phone Service State - 0
07-17 01:34:11.903   346   346 D SAN_SERVICE: *******************************************
07-17 01:34:12.676   346   346 D SAN_SERVICE: *******************************************
07-17 01:34:12.676   346   346 D SAN_SERVICE: DM App Phone Service State - 0
07-17 01:34:12.676   346   346 D SAN_SERVICE: *******************************************
07-17 01:34:26.938   346   346 D SAN_SERVICE: *******************************************
07-17 01:34:26.938   346   346 D SAN_SERVICE: DM App Phone Service State - 0
07-17 01:34:26.938   346   346 D SAN_SERVICE: *******************************************
07-17 01:34:27.762   346   346 D SAN_SERVICE: *******************************************
07-17 01:34:27.762   346   346 D SAN_SERVICE: DM App Phone Service State - 0
07-17 01:34:27.762   346   346 D SAN_SERVICE: *******************************************
07-17 01:34:28.583 31344 31347 D dalvikvm: GC_CONCURRENT freed 1666K, 19% free 13007K/16007K, paused 2ms+4ms
07-17 01:34:38.985   346   346 D SAN_SERVICE: *******************************************
07-17 01:34:38.985   346   346 D SAN_SERVICE: DM App Phone Service State - 0
07-17 01:34:38.985   346   346 D SAN_SERVICE: *******************************************
07-17 01:34:39.723   346   346 D SAN_SERVICE: *******************************************
07-17 01:34:39.723   346   346 D SAN_SERVICE: DM App Phone Service State - 0
07-17 01:34:39.723   346   346 D SAN_SERVICE: *******************************************
07-17 01:34:47.805 32638 32641 D dalvikvm: GC_CONCURRENT freed 502K, 6% free 10474K/11079K, paused 2ms+3ms
07-17 01:34:47.930 31371 31373 D dalvikvm: GC_CONCURRENT freed 452K, 7% free 10195K/10951K, paused 1ms+3ms
07-17 01:35:02.864   346   346 D SAN_SERVICE: *******************************************
07-17 01:35:02.864   346   346 D SAN_SERVICE: DM App Phone Service State - 0
07-17 01:35:02.864   346   346 D SAN_SERVICE: *******************************************
07-17 01:35:03.094   346   346 D SAN_SERVICE: *******************************************
07-17 01:35:03.094   346   346 D SAN_SERVICE: DM App Phone Service State - 0
07-17 01:35:03.094   346   346 D SAN_SERVICE: *******************************************
07-17 01:35:08.837 32738 32738 I PhoneLab-Locks: wake lock acquired
07-17 01:35:08.880 32738   851 I PhoneLab-PeriodicCheckService: User info is synched
07-17 01:35:08.880 32738   851 I PhoneLab-PeriodicCheckService: Logger Service is running
07-17 01:35:08.883 32738 32738 I PhoneLab-Locks: wake lock acquired
07-17 01:35:08.887 32738 32738 I PhoneLab-StatusMonitor: Status Monitoring is started
07-17 01:35:08.891 32738   851 I PhoneLab-Locks: wake lock acquired
07-17 01:35:08.895 32738   851 I PhoneLab-PeriodicCheckService: Rescheduling periodic checking...
07-17 01:35:08.895 32738   851 I PhoneLab-Locks: wake lock released
07-17 01:35:08.899 32738 32738 E PhoneLab-PhoneLabManifest: java.io.FileNotFoundException: /data/data/edu.buffalo.cse.phonelab.phonelabservices/files/manifest.xml: open failed: ENOENT (No such file or directory)
07-17 01:35:08.919 32738 32738 I PhoneLab-Locks: wake lock released
07-17 01:35:08.919 32738 32738 I PhoneLab-UploadLogs: Transfering log files now
07-17 01:35:08.919 32738 32738 I PhoneLab-UploadLogs: No log files to transfer
07-17 01:35:08.919 32738 32738 I PhoneLab-Locks: wake lock released
07-17 01:35:08.922 32738 32738 I PhoneLab-UploadLogs: OnStartCommand
07-17 01:35:18.188   346   346 D SAN_SERVICE: *******************************************
07-17 01:35:18.188   346   346 D SAN_SERVICE: DM App Phone Service State - 0
07-17 01:35:18.188   346   346 D SAN_SERVICE: *******************************************
07-17 01:35:18.477   346   346 D SAN_SERVICE: *******************************************
07-17 01:35:18.477   346   346 D SAN_SERVICE: DM App Phone Service State - 0
07-17 01:35:18.477   346   346 D SAN_SERVICE: *******************************************
07-17 01:35:25.915   144   161 I ActivityManager: No longer want com.google.android.apps.maps:NetworkLocationService (pid 32638): hidden #16
07-17 01:35:25.989   144   378 W ActivityManager: Scheduling restart of crashed service com.google.android.apps.maps/com.google.android.location.internal.server.NetworkLocationService in 5000ms
07-17 01:35:31.001   144   161 I ActivityManager: Start proc com.google.android.apps.maps:NetworkLocationService for service com.google.android.apps.maps/com.google.android.location.internal.server.NetworkLocationService: pid=853 uid=10056 gids={3003, 1015}
07-17 01:35:31.118   853   855 D dalvikvm: GC_CONCURRENT freed 161K, 3% free 9371K/9607K, paused 2ms+2ms
07-17 01:35:31.536   853   855 D dalvikvm: GC_CONCURRENT freed 192K, 3% free 9700K/9991K, paused 1ms+3ms
07-17 01:35:31.782   853   855 D dalvikvm: GC_CONCURRENT freed 144K, 3% free 10088K/10311K, paused 1ms+3ms
07-17 01:35:31.958   853   855 D dalvikvm: GC_CONCURRENT freed 657K, 8% free 9882K/10631K, paused 2ms+2ms
07-17 01:35:32.204   853   861 I dalvikvm: Total arena pages for JIT: 11
07-17 01:35:32.212   853   861 I dalvikvm: Total arena pages for JIT: 12
07-17 01:35:32.212   853   861 I dalvikvm: Total arena pages for JIT: 13
07-17 01:35:32.212   853   861 I dalvikvm: Total arena pages for JIT: 14
07-17 01:35:32.215   853   861 I dalvikvm: Total arena pages for JIT: 15
07-17 01:35:32.215   853   861 I dalvikvm: Total arena pages for JIT: 16
07-17 01:35:32.215   853   861 I dalvikvm: Total arena pages for JIT: 17
07-17 01:35:32.313   853   861 I dalvikvm: Total arena pages for JIT: 18
07-17 01:35:32.426   853   855 D dalvikvm: GC_CONCURRENT freed 202K, 5% free 10191K/10631K, paused 1ms+3ms
07-17 01:35:32.868   853   855 D dalvikvm: GC_CONCURRENT freed 399K, 5% free 10341K/10823K, paused 1ms+2ms
07-17 01:35:34.040 31371 31373 D dalvikvm: GC_CONCURRENT freed 493K, 7% free 10213K/10951K, paused 2ms+3ms
07-17 01:35:38.719   346   346 D SAN_SERVICE: *******************************************
07-17 01:35:38.719   346   346 D SAN_SERVICE: DM App Phone Service State - 0
07-17 01:35:38.719   346   346 D SAN_SERVICE: *******************************************
07-17 01:35:39.383   346   346 D SAN_SERVICE: *******************************************
07-17 01:35:39.383   346   346 D SAN_SERVICE: DM App Phone Service State - 0
07-17 01:35:39.383   346   346 D SAN_SERVICE: *******************************************
07-17 01:35:48.633 32738 32751 I PhoneLab-: Service Running
07-17 01:35:48.809 32738 32751 I PhoneLab-LoggerService: app_37    1395  1     1432   988   c00f181c 400107b4 S logcat
07-17 01:35:48.809 32738 32751 I PhoneLab-LoggerService: Logcat pid from database 1395
07-17 01:35:48.813 32738 32751 I PhoneLab-LoggerService: Logcat process found 1395
07-17 01:35:48.813 32738 32751 I PhoneLab-LoggerService: Checking Threshold
07-17 01:35:48.829 32738 32740 D dalvikvm: GC_CONCURRENT freed 408K, 14% free 9131K/10567K, paused 3ms+3ms
07-17 01:35:48.852   346   346 D SAN_SERVICE: *******************************************
07-17 01:35:48.852   346   346 D SAN_SERVICE: DM App Phone Service State - 0
07-17 01:35:48.852   346   346 D SAN_SERVICE: *******************************************
07-17 01:36:00.887   346   346 D SAN_SERVICE: *******************************************
07-17 01:36:00.887   346   346 D SAN_SERVICE: DM App Phone Service State - 0
07-17 01:36:00.891   346   346 D SAN_SERVICE: *******************************************
07-17 01:36:01.633   346   346 D SAN_SERVICE: *******************************************
07-17 01:36:01.633   346   346 D SAN_SERVICE: DM App Phone Service State - 0
07-17 01:36:01.637   346   346 D SAN_SERVICE: *******************************************
07-17 01:36:14.485   346   346 D SAN_SERVICE: *******************************************
07-17 01:36:14.485   346   346 D SAN_SERVICE: DM App Phone Service State - 0
07-17 01:36:14.485   346   346 D SAN_SERVICE: *******************************************
07-17 01:36:14.540   346   348 D dalvikvm: GC_CONCURRENT freed 832K, 9% free 11890K/13063K, paused 2ms+3ms
07-17 01:36:15.282   346   346 D SAN_SERVICE: *******************************************
07-17 01:36:15.282   346   346 D SAN_SERVICE: DM App Phone Service State - 0
07-17 01:36:15.282   346   346 D SAN_SERVICE: *******************************************
07-17 01:36:19.485   144   310 D dalvikvm: GC_EXPLICIT freed 696K, 19% free 17699K/21767K, paused 3ms+9ms
07-17 01:36:21.141 22929 22932 D dalvikvm: GC_CONCURRENT freed 1380K, 11% free 13484K/15047K, paused 20ms+5ms
07-17 01:36:23.516   144   199 D DhcpInfoInternal: makeLinkProperties with empty dns2!
07-17 01:36:23.520   144   199 D DhcpInfoInternal: makeLinkProperties with empty dns2!
07-17 01:36:34.325   853   855 D dalvikvm: GC_CONCURRENT freed 579K, 7% free 10291K/10951K, paused 1ms+2ms
07-17 01:36:34.469 31371 31373 D dalvikvm: GC_CONCURRENT freed 545K, 8% free 10144K/10951K, paused 2ms+3ms
07-17 01:36:35.012   346   346 D SAN_SERVICE: *******************************************
07-17 01:36:35.016   346   346 D SAN_SERVICE: DM App Phone Service State - 0
07-17 01:36:35.016   346   346 D SAN_SERVICE: *******************************************
07-17 01:36:35.297   346   346 D SAN_SERVICE: *******************************************
07-17 01:36:35.297   346   346 D SAN_SERVICE: DM App Phone Service State - 0
07-17 01:36:35.297   346   346 D SAN_SERVICE: *******************************************
07-17 01:36:35.505   346   346 D SAN_SERVICE: *******************************************
07-17 01:36:35.505   346   346 D SAN_SERVICE: DM App Phone Service State - 0
07-17 01:36:35.505   346   346 D SAN_SERVICE: *******************************************
07-17 01:36:50.399   346   346 D SAN_SERVICE: *******************************************
07-17 01:36:50.399   346   346 D SAN_SERVICE: DM App Phone Service State - 0
07-17 01:36:50.399   346   346 D SAN_SERVICE: *******************************************
07-17 01:36:50.622   346   346 D SAN_SERVICE: *******************************************
07-17 01:36:50.622   346   346 D SAN_SERVICE: DM App Phone Service State - 0
07-17 01:36:50.622   346   346 D SAN_SERVICE: *******************************************
07-17 01:36:55.176   215   217 D dalvikvm: GC_CONCURRENT freed 509K, 57% free 9865K/22727K, paused 2ms+3ms
07-17 01:36:55.251   215   217 D dalvikvm: GC_CONCURRENT freed 537K, 57% free 9788K/22727K, paused 2ms+4ms
07-17 01:36:55.630   215   215 V PhoneStatusBar: setLightsOn(true)
07-17 01:36:55.856 31325 31327 D dalvikvm: GC_CONCURRENT freed 407K, 6% free 9830K/10375K, paused 2ms+3ms
07-17 01:36:56.399 31344 31344 W IInputConnectionWrapper: showStatusIcon on inactive InputConnection
07-17 01:36:56.399   144   378 W InputManagerService: Starting input on non-focused client com.android.internal.view.IInputMethodClient$Stub$Proxy@41714a10 (uid=10068 pid=31344)
07-17 01:36:58.165   144   317 I ActivityManager: START {act=android.intent.action.MAIN cat=[android.intent.category.LAUNCHER] flg=0x10000000 pkg=com.whatsapp cmp=com.whatsapp/.Main bnds=[0,254][120,404]} from pid 371
07-17 01:36:58.282   144   390 I ActivityManager: START {cmp=com.whatsapp/.Conversations} from pid 31344
07-17 01:36:58.329   371   371 D OpenGLRenderer: Flushing caches (mode 1)
07-17 01:36:58.356   215   215 V PhoneStatusBar: setLightsOn(true)
07-17 01:36:58.430   144   175 I ActivityManager: Displayed com.whatsapp/.Conversations: +141ms (total +206ms)
07-17 01:36:58.438   371   371 D OpenGLRenderer: Flushing caches (mode 0)
07-17 01:37:00.977 31344 31347 D dalvikvm: GC_CONCURRENT freed 939K, 17% free 13300K/16007K, paused 15ms+16ms
07-17 01:37:01.676   144 15767 W InputManagerService: Window already focused, ignoring focus gain of: com.android.internal.view.IInputMethodClient$Stub$Proxy@4164b060
07-17 01:37:03.422   144  1167 W InputManagerService: Starting input on non-focused client com.android.internal.view.IInputMethodClient$Stub$Proxy@41714a10 (uid=10068 pid=31344)
07-17 01:37:03.426 31344 31344 W IInputConnectionWrapper: showStatusIcon on inactive InputConnection
07-17 01:37:07.258   144   144 I ActivityManager: START {act=android.intent.action.MAIN cat=[android.intent.category.LAUNCHER] flg=0x10000000 pkg=com.twitter.android cmp=com.twitter.android/.StartActivity bnds=[120,254][240,404]} from pid 371
07-17 01:37:07.395   371   371 D OpenGLRenderer: Flushing caches (mode 1)
07-17 01:37:07.669   215   215 V PhoneStatusBar: setLightsOn(true)
07-17 01:37:07.692   371   371 D OpenGLRenderer: Flushing caches (mode 0)
07-17 01:37:13.762 22929 23167 D dalvikvm: GC_FOR_ALLOC freed 902K, 11% free 13483K/15111K, paused 60ms
07-17 01:37:19.403   144   160 V BackupManagerService: Running a backup pass
07-17 01:37:19.426   144   214 V BackupManagerService: Backup requested but nothing pending
07-17 01:37:22.766   346   346 D SAN_SERVICE: *******************************************
07-17 01:37:22.766   346   346 D SAN_SERVICE: DM App Phone Service State - 0
07-17 01:37:22.766   346   346 D SAN_SERVICE: *******************************************
07-17 01:37:23.512   346   346 D SAN_SERVICE: *******************************************
07-17 01:37:23.512   346   346 D SAN_SERVICE: DM App Phone Service State - 0
07-17 01:37:23.512   346   346 D SAN_SERVICE: *******************************************
07-17 01:37:36.426   346   346 D SAN_SERVICE: *******************************************
07-17 01:37:36.426   346   346 D SAN_SERVICE: DM App Phone Service State - 0
07-17 01:37:36.426   346   346 D SAN_SERVICE: *******************************************
07-17 01:37:36.735   346   346 D SAN_SERVICE: *******************************************
07-17 01:37:36.735   346   346 D SAN_SERVICE: DM App Phone Service State - 0
07-17 01:37:36.735   346   346 D SAN_SERVICE: *******************************************
07-17 01:37:37.239   346   346 D SAN_SERVICE: *******************************************
07-17 01:37:37.239   346   346 D SAN_SERVICE: DM App Phone Service State - 0
07-17 01:37:37.239   346   346 D SAN_SERVICE: *******************************************
07-17 01:37:46.688   346   346 D SAN_SERVICE: *******************************************
07-17 01:37:46.688   346   346 D SAN_SERVICE: DM App Phone Service State - 0
07-17 01:37:46.688   346   346 D SAN_SERVICE: *******************************************
07-17 01:37:46.723   853   855 D dalvikvm: GC_CONCURRENT freed 391K, 7% free 10287K/10951K, paused 1ms+2ms
07-17 01:37:47.184   346   346 D SAN_SERVICE: *******************************************
07-17 01:37:47.184   346   346 D SAN_SERVICE: DM App Phone Service State - 0
07-17 01:37:47.184   346   346 D SAN_SERVICE: *******************************************
07-17 01:37:48.633 32738 32751 I PhoneLab-: Service Running
07-17 01:37:48.704 32738 32751 I PhoneLab-LoggerService: app_37    1395  1     1432   988   c00f181c 400107b4 S logcat
07-17 01:37:48.704 32738 32751 I PhoneLab-LoggerService: Logcat pid from database 1395
07-17 01:37:48.704 32738 32751 I PhoneLab-LoggerService: Logcat process found 1395
07-17 01:37:48.704 32738 32751 I PhoneLab-LoggerService: Checking Threshold
07-17 01:37:51.114 27911 27914 D dalvikvm: GC_CONCURRENT freed 358K, 6% free 10234K/10823K, paused 27ms+4ms
07-17 01:37:56.895   346   346 D SAN_SERVICE: *******************************************
07-17 01:37:56.895   346   346 D SAN_SERVICE: DM App Phone Service State - 0
07-17 01:37:56.895   346   346 D SAN_SERVICE: *******************************************
07-17 01:38:11.778 31555 32327 D GetStringObjTask: retrieving from url = http://www.chess.com/api/get_move_status?id=5HHjW9WUGa%2Bcu1LUwnVJPxTIWxmEve4VdkRnRyg7b5Ch69JH2Z5aB%2B7eGuFw8K2uFx47KFsdE3JRdR3Mzv0PkZOj6eZ8N73BvxmEERrzXjMNRo80rkLyJAUTh0iqof4n
07-17 01:38:12.247 31555 32327 D GetStringObjTask: WebRequest SERVER RESPONSE: Success+0
07-17 01:38:12.555   346   346 D SAN_SERVICE: *******************************************
07-17 01:38:12.555   346   346 D SAN_SERVICE: DM App Phone Service State - 0
07-17 01:38:12.555   346   346 D SAN_SERVICE: *******************************************
07-17 01:38:12.786   346   346 D SAN_SERVICE: *******************************************
07-17 01:38:12.786   346   346 D SAN_SERVICE: DM App Phone Service State - 0
07-17 01:38:12.786   346   346 D SAN_SERVICE: *******************************************
07-17 01:38:34.481 31371 31373 D dalvikvm: GC_CONCURRENT freed 517K, 8% free 10137K/10951K, paused 2ms+3ms
07-17 01:38:34.676 31371 31373 D dalvikvm: GC_CONCURRENT freed 471K, 8% free 10170K/10951K, paused 5ms+3ms
07-17 01:38:46.551   144 13425 W InputManagerService: Starting input on non-focused client com.android.internal.view.IInputMethodClient$Stub$Proxy@41901658 (uid=10064 pid=22929)
07-17 01:38:46.583 22929 22929 D OpenGLRenderer: Flushing caches (mode 0)
07-17 01:38:46.602   144   160 I ActivityManager: No longer want com.google.android.apps.googlevoice (pid 32674): hidden #16
07-17 01:38:46.618   144   155 W ActivityManager: Scheduling restart of crashed service com.google.android.apps.googlevoice/.UpdateService in 5000ms
07-17 01:38:46.618   144   155 W ActivityManager: Scheduling restart of crashed service com.google.android.apps.googlevoice/.CallLogService in 14999ms
07-17 01:38:46.637 22929 22929 D OpenGLRenderer: Flushing caches (mode 1)
07-17 01:38:48.133   144   172 I power   : *** set_screen_state 0
07-17 01:38:48.176    78   123 D SurfaceFlinger: About to give-up screen, flinger = 0x16bd918
07-17 01:38:48.212   144   173 W ProcessStats: Skipping unknown process pid 929
07-17 01:38:48.376   144   199 D DhcpInfoInternal: makeLinkProperties with empty dns2!
07-17 01:38:48.376   144   199 D DhcpInfoInternal: makeLinkProperties with empty dns2!
07-17 01:38:48.411   144   146 D dalvikvm: GC_CONCURRENT freed 1653K, 18% free 18061K/21767K, paused 11ms+13ms
07-17 01:38:48.508   144   176 V TransportControlView: Create TCV com.android.internal.widget.TransportControlView@41688600
07-17 01:38:48.551   215   215 D PhoneStatusBar: disable: < expand icons alerts ticker system_info back home RECENT* clock >
07-17 01:38:48.590   215   215 D PhoneStatusBar: disable: < expand icons alerts ticker system_info BACK* HOME* RECENT CLOCK* >
07-17 01:38:51.669   144   161 I ActivityManager: Start proc com.google.android.apps.googlevoice for service com.google.android.apps.googlevoice/.UpdateService: pid=941 uid=10054 gids={3003, 1015}
07-17 01:38:52.079   941   944 D dalvikvm: GC_CONCURRENT freed 234K, 4% free 9298K/9607K, paused 13ms+6ms
07-17 01:38:52.520   941   944 D dalvikvm: GC_CONCURRENT freed 451K, 6% free 9398K/9927K, paused 14ms+3ms
07-17 01:38:52.524   941   950 W CursorWrapperInner: Cursor finalized without prior close()
07-17 01:38:52.524   941   950 W CursorWrapperInner: Cursor finalized without prior close()
07-17 01:38:52.524   941   950 W CursorWrapperInner: Cursor finalized without prior close()
07-17 01:38:52.583   941   963 D dalvikvm: GC_FOR_ALLOC freed 147K, 6% free 9469K/9991K, paused 14ms
07-17 01:38:52.669 31325 31337 D dalvikvm: GC_EXPLICIT freed 232K, 6% free 9777K/10375K, paused 1ms+3ms
07-17 01:38:52.911   144   388 D dalvikvm: GC_EXPLICIT freed 266K, 16% free 18497K/21767K, paused 3ms+7ms
07-17 01:38:52.934   941   963 D dalvikvm: GC_FOR_ALLOC freed 214K, 5% free 9670K/10119K, paused 14ms
07-17 01:38:53.294   346   346 D SAN_SERVICE: *******************************************
07-17 01:38:53.294   346   346 D SAN_SERVICE: DM App Phone Service State - 0
07-17 01:38:53.294   346   346 D SAN_SERVICE: *******************************************
07-17 01:38:53.770   346   346 D SAN_SERVICE: *******************************************
07-17 01:38:53.774   346   346 D SAN_SERVICE: DM App Phone Service State - 0
07-17 01:38:53.774   346   346 D SAN_SERVICE: *******************************************
07-17 01:38:58.696 31325 31327 D dalvikvm: GC_CONCURRENT freed 284K, 5% free 9884K/10375K, paused 2ms+8ms
07-17 01:39:03.481   346   346 D SAN_SERVICE: *******************************************
07-17 01:39:03.481   346   346 D SAN_SERVICE: DM App Phone Service State - 0
07-17 01:39:03.481   346   346 D SAN_SERVICE: *******************************************
07-17 01:39:34.454   853   855 D dalvikvm: GC_CONCURRENT freed 499K, 6% free 10299K/10951K, paused 2ms+3ms
07-17 01:39:34.571 31371 31373 D dalvikvm: GC_CONCURRENT freed 460K, 7% free 10217K/10951K, paused 2ms+5ms
07-17 01:39:48.633 32738 32751 I PhoneLab-: Service Running
07-17 01:39:48.715 32738 32751 I PhoneLab-LoggerService: app_37    1395  1     1432   988   c00f181c 400107b4 S logcat
07-17 01:39:48.715 32738 32751 I PhoneLab-LoggerService: Logcat pid from database 1395
07-17 01:39:48.715 32738 32751 I PhoneLab-LoggerService: Logcat process found 1395
07-17 01:39:48.715 32738 32751 I PhoneLab-LoggerService: Checking Threshold
07-17 01:39:59.813   346   346 D SAN_SERVICE: *******************************************
07-17 01:39:59.817   346   346 D SAN_SERVICE: DM App Phone Service State - 0
07-17 01:39:59.817   346   346 D SAN_SERVICE: *******************************************
07-17 01:40:00.059   346   346 D SAN_SERVICE: *******************************************
07-17 01:40:00.059   346   346 D SAN_SERVICE: DM App Phone Service State - 0
07-17 01:40:00.059   346   346 D SAN_SERVICE: *******************************************
07-17 01:40:06.598   346   346 D SAN_SERVICE: *******************************************
07-17 01:40:06.598   346   346 D SAN_SERVICE: DM App Phone Service State - 0
07-17 01:40:06.598   346   346 D SAN_SERVICE: *******************************************
07-17 01:40:34.610 31371 31373 D dalvikvm: GC_CONCURRENT freed 501K, 8% free 10161K/10951K, paused 1ms+2ms
07-17 01:41:13.255   144   199 D DhcpInfoInternal: makeLinkProperties with empty dns2!
07-17 01:41:13.258   144   199 D DhcpInfoInternal: makeLinkProperties with empty dns2!
07-17 01:41:34.575   853   855 D dalvikvm: GC_CONCURRENT freed 507K, 6% free 10304K/10951K, paused 2ms+2ms
07-17 01:41:47.333   346   346 D SAN_SERVICE: *******************************************
07-17 01:41:47.333   346   346 D SAN_SERVICE: DM App Phone Service State - 0
07-17 01:41:47.337   346   346 D SAN_SERVICE: *******************************************
07-17 01:41:47.571   346   346 D SAN_SERVICE: *******************************************
07-17 01:41:47.571   346   346 D SAN_SERVICE: DM App Phone Service State - 0
07-17 01:41:47.571   346   346 D SAN_SERVICE: *******************************************
07-17 01:41:48.633 32738 32751 I PhoneLab-: Service Running
07-17 01:41:48.708 32738 32751 I PhoneLab-LoggerService: app_37    1395  1     1432   988   c00f181c 400107b4 S logcat
07-17 01:41:48.712 32738 32751 I PhoneLab-LoggerService: Logcat pid from database 1395
07-17 01:41:48.712 32738 32751 I PhoneLab-LoggerService: Logcat process found 1395
07-17 01:41:48.712 32738 32751 I PhoneLab-LoggerService: Checking Threshold
07-17 01:41:57.544   346   346 D SAN_SERVICE: *******************************************
07-17 01:41:57.544   346   346 D SAN_SERVICE: DM App Phone Service State - 0
07-17 01:41:57.544   346   346 D SAN_SERVICE: *******************************************
07-17 01:42:03.926   753   995 I SqliteDatabaseCpp: sqlite returned: error code = 1, msg = no such column: wipeout_stats, db=/data/data/com.google.android.apps.plus/databases/es0.db
07-17 01:42:03.926   753   995 W System.err: android.database.sqlite.SQLiteException: no such column: wipeout_stats: , while compiling: SELECT wipeout_stats  FROM account_status
07-17 01:42:03.950   753   995 W System.err: 	at android.database.sqlite.SQLiteCompiledSql.native_compile(Native Method)
07-17 01:42:03.954   753   995 W System.err: 	at android.database.sqlite.SQLiteCompiledSql.<init>(SQLiteCompiledSql.java:68)
07-17 01:42:03.954   753   995 W System.err: 	at android.database.sqlite.SQLiteProgram.compileSql(SQLiteProgram.java:143)
07-17 01:42:03.954   753   995 W System.err: 	at android.database.sqlite.SQLiteProgram.compileAndbindAllArgs(SQLiteProgram.java:361)
07-17 01:42:03.954   753   995 W System.err: 	at android.database.sqlite.SQLiteStatement.acquireAndLock(SQLiteStatement.java:260)
07-17 01:42:03.954   753   995 W System.err: 	at android.database.sqlite.SQLiteStatement.simpleQueryForLong(SQLiteStatement.java:137)
07-17 01:42:03.958   753   995 W System.err: 	at android.database.DatabaseUtils.longForQuery(DatabaseUtils.java:791)
07-17 01:42:03.958   753   995 W System.err: 	at android.database.DatabaseUtils.longForQuery(DatabaseUtils.java:779)
07-17 01:42:03.962   753   995 W System.err: 	at com.google.android.apps.plus.content.EsAccountsData.isContactsStatsWipeoutNeeded(EsAccountsData.java:641)
07-17 01:42:03.962   753   995 W System.err: 	at com.google.android.apps.plus.service.EsService.processIntent(EsService.java:4246)
07-17 01:42:03.962   753   995 W System.err: 	at com.google.android.apps.plus.service.ServiceThread$1.run(ServiceThread.java:50)
07-17 01:42:03.962   753   995 W System.err: 	at android.os.Handler.handleCallback(Handler.java:605)
07-17 01:42:03.965   753   995 W System.err: 	at android.os.Handler.dispatchMessage(Handler.java:92)
07-17 01:42:03.965   753   995 W System.err: 	at android.os.Looper.loop(Looper.java:137)
07-17 01:42:03.969   753   995 W System.err: 	at com.google.android.apps.plus.service.ServiceThread.run(ServiceThread.java:122)
07-17 01:42:18.063   346   346 D SAN_SERVICE: *******************************************
07-17 01:42:18.063   346   346 D SAN_SERVICE: DM App Phone Service State - 0
07-17 01:42:18.063   346   346 D SAN_SERVICE: *******************************************
07-17 01:42:18.325   346   346 D SAN_SERVICE: *******************************************
07-17 01:42:18.325   346   346 D SAN_SERVICE: DM App Phone Service State - 0
07-17 01:42:18.325   346   346 D SAN_SERVICE: *******************************************
07-17 01:42:19.075   346   346 D SAN_SERVICE: *******************************************
07-17 01:42:19.075   346   346 D SAN_SERVICE: DM App Phone Service State - 0
07-17 01:42:19.075   346   346 D SAN_SERVICE: *******************************************
07-17 01:42:28.313   346   346 D SAN_SERVICE: *******************************************
07-17 01:42:28.313   346   346 D SAN_SERVICE: DM App Phone Service State - 0
07-17 01:42:28.313   346   346 D SAN_SERVICE: *******************************************
07-17 01:42:34.645 31371 31373 D dalvikvm: GC_CONCURRENT freed 491K, 8% free 10159K/10951K, paused 2ms+2ms
07-17 01:42:43.661   346   346 D SAN_SERVICE: *******************************************
07-17 01:42:43.661   346   346 D SAN_SERVICE: DM App Phone Service State - 0
07-17 01:42:43.661   346   346 D SAN_SERVICE: *******************************************
07-17 01:42:44.403   346   346 D SAN_SERVICE: *******************************************
07-17 01:42:44.403   346   346 D SAN_SERVICE: DM App Phone Service State - 0
07-17 01:42:44.403   346   346 D SAN_SERVICE: *******************************************
07-17 01:42:53.852   853   855 D dalvikvm: GC_CONCURRENT freed 388K, 6% free 10300K/10951K, paused 1ms+2ms
07-17 01:43:04.137   346   346 D SAN_SERVICE: *******************************************
07-17 01:43:04.137   346   346 D SAN_SERVICE: DM App Phone Service State - 0
07-17 01:43:04.137   346   346 D SAN_SERVICE: *******************************************
07-17 01:43:04.383   346   346 D SAN_SERVICE: *******************************************
07-17 01:43:04.383   346   346 D SAN_SERVICE: DM App Phone Service State - 0
07-17 01:43:04.383   346   346 D SAN_SERVICE: *******************************************
07-17 01:43:04.630   346   346 D SAN_SERVICE: *******************************************
07-17 01:43:04.630   346   346 D SAN_SERVICE: DM App Phone Service State - 0
07-17 01:43:04.630   346   346 D SAN_SERVICE: *******************************************
07-17 01:43:11.755 31555 32381 D GetStringObjTask: retrieving from url = http://www.chess.com/api/get_move_status?id=5HHjW9WUGa%2Bcu1LUwnVJPxTIWxmEve4VdkRnRyg7b5Ch69JH2Z5aB%2B7eGuFw8K2uFx47KFsdE3JRdR3Mzv0PkZOj6eZ8N73BvxmEERrzXjMNRo80rkLyJAUTh0iqof4n
07-17 01:43:12.059 31555 32381 D GetStringObjTask: WebRequest SERVER RESPONSE: Success+0
07-17 01:43:24.618   346   346 D SAN_SERVICE: *******************************************
07-17 01:43:24.618   346   346 D SAN_SERVICE: DM App Phone Service State - 0
07-17 01:43:24.618   346   346 D SAN_SERVICE: *******************************************
07-17 01:43:24.868   346   346 D SAN_SERVICE: *******************************************
07-17 01:43:24.868   346   346 D SAN_SERVICE: DM App Phone Service State - 0
07-17 01:43:24.868   346   346 D SAN_SERVICE: *******************************************
07-17 01:43:25.114   346   346 D SAN_SERVICE: *******************************************
07-17 01:43:25.114   346   346 D SAN_SERVICE: DM App Phone Service State - 0
07-17 01:43:25.114   346   346 D SAN_SERVICE: *******************************************
07-17 01:43:34.684 31371 31373 D dalvikvm: GC_CONCURRENT freed 435K, 7% free 10236K/10951K, paused 2ms+3ms
07-17 01:43:34.969 31371 31373 D dalvikvm: GC_CONCURRENT freed 308K, 6% free 10312K/10951K, paused 2ms+2ms
07-17 01:43:36.180 31371 31373 D dalvikvm: GC_CONCURRENT freed 316K, 6% free 10402K/10951K, paused 2ms+2ms
07-17 01:43:38.149   144   199 D DhcpInfoInternal: makeLinkProperties with empty dns2!
07-17 01:43:38.153   144   199 D DhcpInfoInternal: makeLinkProperties with empty dns2!
07-17 01:43:48.633 32738 32751 I PhoneLab-: Service Running
07-17 01:43:48.731 32738 32751 I PhoneLab-LoggerService: app_37    1395  1     1432   988   c00f181c 400107b4 S logcat
07-17 01:43:48.731 32738 32751 I PhoneLab-LoggerService: Logcat pid from database 1395
07-17 01:43:48.731 32738 32751 I PhoneLab-LoggerService: Logcat process found 1395
07-17 01:43:48.731 32738 32751 I PhoneLab-LoggerService: Checking Threshold
07-17 01:44:00.516   346   346 D SAN_SERVICE: *******************************************
07-17 01:44:00.516   346   346 D SAN_SERVICE: DM App Phone Service State - 0
07-17 01:44:00.516   346   346 D SAN_SERVICE: *******************************************
07-17 01:44:00.794   346   346 D SAN_SERVICE: *******************************************
07-17 01:44:00.794   346   346 D SAN_SERVICE: DM App Phone Service State - 0
07-17 01:44:00.794   346   346 D SAN_SERVICE: *******************************************
07-17 01:44:01.036   346   346 D SAN_SERVICE: *******************************************
07-17 01:44:01.036   346   346 D SAN_SERVICE: DM App Phone Service State - 0
07-17 01:44:01.040   346   346 D SAN_SERVICE: *******************************************
07-17 01:44:21.227   346   346 D SAN_SERVICE: *******************************************
07-17 01:44:21.227   346   346 D SAN_SERVICE: DM App Phone Service State - 0
07-17 01:44:21.227   346   346 D SAN_SERVICE: *******************************************
07-17 01:44:21.719   346   346 D SAN_SERVICE: *******************************************
07-17 01:44:21.719   346   346 D SAN_SERVICE: DM App Phone Service State - 0
07-17 01:44:21.719   346   346 D SAN_SERVICE: *******************************************
07-17 01:44:25.251   144   176 I power   : *** set_screen_state 1
07-17 01:44:25.364   144   176 I WindowManager: Lock screen displayed!
07-17 01:44:25.462    78   123 D SurfaceFlinger: Screen about to return, flinger = 0x16bd918
07-17 01:44:26.145   215   215 D PhoneStatusBar: disable: < expand icons alerts ticker system_info BACK HOME recent* CLOCK >
07-17 01:44:26.180   144 14192 W InputManagerService: Window already focused, ignoring focus gain of: com.android.internal.view.IInputMethodClient$Stub$Proxy@4163c8d8
07-17 01:44:26.200   215   215 D PhoneStatusBar: disable: < expand icons alerts ticker system_info back* home* recent clock* >
07-17 01:44:26.278   144   161 I ActivityManager: Start proc com.google.android.apps.gesturesearch for broadcast com.google.android.apps.gesturesearch/.motion.ScreenStateReceiver: pid=1022 uid=10088 gids={3003}
07-17 01:44:26.282   346   346 D SAN_SERVICE: *******************************************
07-17 01:44:26.282   346   346 D SAN_SERVICE: DM App Phone Service State - 0
07-17 01:44:26.282   346   346 D SAN_SERVICE: *******************************************
07-17 01:44:26.290   321   322 D dalvikvm: GC_CONCURRENT freed 1410K, 24% free 10031K/13191K, paused 2ms+16ms
07-17 01:44:26.313  1022  1022 I dalvikvm: Turning on JNI app bug workarounds for target SDK version 8...
07-17 01:44:26.387  1022  1022 I ActivityThread: Pub com.google.android.apps.gesturesearch.history: com.google.android.apps.gesturesearch.data.QueryHistoryProvider
07-17 01:44:26.391  1022  1022 I ActivityThread: Pub com.google.android.apps.gesturesearch.index: com.google.android.apps.gesturesearch.data.IndexProvider
07-17 01:44:26.415   144   388 I ActivityManager: No longer want org.mozilla.firefox_beta (pid 32519): hidden #16
07-17 01:44:27.001 27911 28103 D dalvikvm: GC_EXPLICIT freed 383K, 6% free 10229K/10823K, paused 3ms+4ms
07-17 01:44:34.669   853   855 D dalvikvm: GC_CONCURRENT freed 498K, 6% free 10313K/10951K, paused 1ms+2ms
07-17 01:44:34.778   144  1167 D dalvikvm: GC_EXPLICIT freed 1227K, 16% free 18488K/21767K, paused 4ms+10ms
07-17 01:45:25.977   144   169 I ActivityManager: Start proc com.google.android.gm for service com.google.android.gm/.provider.MailSyncAdapterService: pid=1039 uid=10075 gids={3003, 1015}
07-17 01:45:26.118  1039  1039 I ActivityThread: Pub gmail-ls: com.google.android.gm.provider.MailProvider
07-17 01:45:26.169  1039  1039 I ActivityThread: Pub com.google.android.gm: com.google.android.gm.provider.PublicContentProvider
07-17 01:45:26.184  1039  1039 I ActivityThread: Pub com.google.android.gmail.SuggestionProvider: com.google.android.gm.SuggestionsProvider
07-17 01:45:26.399  1039  1042 D dalvikvm: GC_CONCURRENT freed 212K, 4% free 9257K/9607K, paused 2ms+2ms
07-17 01:45:26.942  1039  1056 I Gmail   : calculateUnknownSyncRationalesAndPurgeInBackground: queueing
07-17 01:45:26.969  1039  1056 I Gmail   : calculateUnknownSyncRationalesAndPurgeInBackground: queueing
