07-19 03:42:12.880 19824 19828 D dalvikvm: GC_CONCURRENT freed 438K, 5% free 10117K/10631K, paused 37ms+4ms
07-19 03:42:12.927 19813 19816 D dalvikvm: GC_CONCURRENT freed 169K, 4% free 10118K/10439K, paused 4ms+5ms
07-19 03:42:12.954 19813 19841 D PicasaPhotoCP: set fsid first time:-1
07-19 03:42:13.188 19813 19816 D dalvikvm: GC_CONCURRENT freed 233K, 4% free 10325K/10695K, paused 2ms+2ms
07-19 03:42:13.227   144 15767 I ActivityManager: Process android.process.media (pid 19842) has died.
07-19 03:42:13.274 19813 19857 D dalvikvm: GC_FOR_ALLOC freed 161K, 4% free 10452K/10823K, paused 22ms
07-19 03:42:13.306 19813 19857 D dalvikvm: GC_FOR_ALLOC freed 126K, 5% free 10579K/11079K, paused 20ms
07-19 03:42:13.395 19813 19857 D dalvikvm: GC_FOR_ALLOC freed 311K, 6% free 10572K/11143K, paused 38ms
07-19 03:42:13.419 19813 19857 D dalvikvm: GC_FOR_ALLOC freed 62K, 5% free 10636K/11143K, paused 21ms
07-19 03:42:13.477 19813 19857 D dalvikvm: GC_FOR_ALLOC freed 126K, 4% free 10764K/11143K, paused 23ms
07-19 03:42:13.481 19824 19828 D dalvikvm: GC_CONCURRENT freed 307K, 4% free 10298K/10695K, paused 14ms+16ms
07-19 03:42:13.532 19813 19857 D dalvikvm: GC_FOR_ALLOC freed 369K, 6% free 10820K/11463K, paused 25ms
07-19 03:42:13.559 19813 19857 D dalvikvm: GC_FOR_ALLOC freed 126K, 5% free 10948K/11463K, paused 25ms
07-19 03:42:13.618   144   390 I ActivityManager: Process com.facebook.katana (pid 19824) has died.
07-19 03:42:13.727 19813 19816 D dalvikvm: GC_CONCURRENT freed 341K, 5% free 11189K/11655K, paused 3ms+2ms
07-19 03:42:13.872 19813 19816 D dalvikvm: GC_CONCURRENT freed 137K, 3% free 11705K/11975K, paused 2ms+3ms
07-19 03:42:14.091 19813 19816 D dalvikvm: GC_CONCURRENT freed 327K, 4% free 12171K/12615K, paused 2ms+2ms
07-19 03:42:14.286 19813 19816 D dalvikvm: GC_CONCURRENT freed 421K, 5% free 12697K/13255K, paused 2ms+2ms
07-19 03:42:14.571   144 12390 I ActivityManager: Start proc android.process.media for service com.android.providers.media/.MediaScannerService: pid=19873 uid=10012 gids={1015, 1023, 1024, 2001, 3003, 3007}
07-19 03:42:14.727 19873 19873 I ActivityThread: Pub downloads: com.android.providers.downloads.DownloadProvider
07-19 03:42:14.766 19873 19873 I ActivityThread: Pub drm: com.android.providers.drm.DrmProvider
07-19 03:42:14.770 19873 19873 I ActivityThread: Pub media: com.android.providers.media.MediaProvider
07-19 03:42:14.770 19873 19886 I DownloadManager: in removeSpuriousFiles
07-19 03:42:14.841   144 14994 D dalvikvm: GC_EXPLICIT freed 1328K, 23% free 18656K/24199K, paused 9ms+9ms
07-19 03:42:14.856 19873 19886 I DownloadManager: in removeSpuriousFiles, preserving file /data/data/com.android.providers.downloads/cache/metadata.json
07-19 03:42:14.856 19873 19886 I DownloadManager: in removeSpuriousFiles, preserving file /data/data/com.android.providers.downloads/cache/en_general.htm
07-19 03:42:14.856 19873 19886 I DownloadManager: in removeSpuriousFiles, preserving file /mnt/sdcard/Download/img-thing.jpeg
07-19 03:42:14.856 19873 19886 I DownloadManager: in removeSpuriousFiles, preserving file /data/data/com.android.providers.downloads/cache/metadata-1.json
07-19 03:42:14.856 19873 19886 I DownloadManager: in removeSpuriousFiles, preserving file /data/data/com.android.providers.downloads/cache/downloadfile.jpeg
07-19 03:42:14.856 19873 19886 I DownloadManager: in removeSpuriousFiles, preserving file /data/data/com.android.providers.downloads/cache/metadata-2.json
07-19 03:42:14.856 19873 19886 I DownloadManager: in removeSpuriousFiles, preserving file /data/data/com.android.providers.downloads/cache/metadata-3.json
07-19 03:42:14.856 19873 19886 I DownloadManager: in removeSpuriousFiles, preserving file /data/data/com.android.providers.downloads/cache/downloadfile-1.jpeg
07-19 03:42:14.856 19873 19886 I DownloadManager: in removeSpuriousFiles, preserving file /data/data/com.android.providers.downloads/cache/downloadfile-2.jpeg
07-19 03:42:14.856 19873 19886 I DownloadManager: in removeSpuriousFiles, preserving file /data/data/com.android.providers.downloads/cache/metadata-4.json
07-19 03:42:14.856 19873 19886 I DownloadManager: in removeSpuriousFiles, preserving file /data/data/com.android.providers.downloads/cache/metadata-5.json
07-19 03:42:14.856 19873 19886 I DownloadManager: in removeSpuriousFiles, preserving file /data/data/com.android.providers.downloads/cache/metadata-6.json
07-19 03:42:14.860 19873 19886 I DownloadManager: deleting spurious file /cache/backup
07-19 03:42:14.946 19813 19858 I SqliteDatabaseCpp: sqlite returned: error code = 1, msg = no such column: wipeout_stats, db=/data/data/com.google.android.apps.plus/databases/es0.db
07-19 03:42:14.950 19813 19858 W System.err: android.database.sqlite.SQLiteException: no such column: wipeout_stats: , while compiling: SELECT wipeout_stats  FROM account_status
07-19 03:42:14.966 19813 19858 W System.err: 	at android.database.sqlite.SQLiteCompiledSql.native_compile(Native Method)
07-19 03:42:14.966 19813 19858 W System.err: 	at android.database.sqlite.SQLiteCompiledSql.<init>(SQLiteCompiledSql.java:68)
07-19 03:42:14.966 19813 19858 W System.err: 	at android.database.sqlite.SQLiteProgram.compileSql(SQLiteProgram.java:143)
07-19 03:42:14.970 19813 19858 W System.err: 	at android.database.sqlite.SQLiteProgram.compileAndbindAllArgs(SQLiteProgram.java:361)
07-19 03:42:14.970 19813 19858 W System.err: 	at android.database.sqlite.SQLiteStatement.acquireAndLock(SQLiteStatement.java:260)
07-19 03:42:14.970 19813 19858 W System.err: 	at android.database.sqlite.SQLiteStatement.simpleQueryForLong(SQLiteStatement.java:137)
07-19 03:42:14.970 19813 19858 W System.err: 	at android.database.DatabaseUtils.longForQuery(DatabaseUtils.java:791)
07-19 03:42:14.970 19813 19858 W System.err: 	at android.database.DatabaseUtils.longForQuery(DatabaseUtils.java:779)
07-19 03:42:14.970 19813 19858 W System.err: 	at com.google.android.apps.plus.content.EsAccountsData.isContactsStatsWipeoutNeeded(EsAccountsData.java:641)
07-19 03:42:14.970 19813 19858 W System.err: 	at com.google.android.apps.plus.service.EsService.processIntent(EsService.java:4246)
07-19 03:42:14.970 19813 19858 W System.err: 	at com.google.android.apps.plus.service.ServiceThread$1.run(ServiceThread.java:50)
07-19 03:42:14.970 19813 19858 W System.err: 	at android.os.Handler.handleCallback(Handler.java:605)
07-19 03:42:14.974 19813 19858 W System.err: 	at android.os.Handler.dispatchMessage(Handler.java:92)
07-19 03:42:14.974 19813 19858 W System.err: 	at android.os.Looper.loop(Looper.java:137)
07-19 03:42:14.974 19813 19858 W System.err: 	at com.google.android.apps.plus.service.ServiceThread.run(ServiceThread.java:122)
07-19 03:42:15.235 19873 19875 D dalvikvm: GC_CONCURRENT freed 364K, 5% free 9167K/9607K, paused 21ms+4ms
07-19 03:42:15.360   144   317 I ActivityManager: Process com.google.process.gapps (pid 13286) has died.
07-19 03:42:15.360   144   317 W ActivityManager: Scheduling restart of crashed service com.google.android.location/.internal.server.NetworkLocationService in 12071ms
07-19 03:42:15.360   144   317 W ActivityManager: Scheduling restart of crashed service com.google.android.gsf/.gtalkservice.service.GTalkService in 22071ms
07-19 03:42:15.360   144   317 W ActivityManager: Scheduling restart of crashed service com.google.android.location/.NetworkLocationService in 32070ms
07-19 03:42:15.360   144   317 I ActivityManager: Kill com.google.android.apps.maps:NetworkLocationService (pid 19187): provider com.google.android.gsf.settings.GoogleSettingsProvider in dying process com.google.process.gapps
07-19 03:42:15.376   144   390 I ActivityManager: Process com.google.android.apps.maps:NetworkLocationService (pid 19187) has died.
07-19 03:42:15.376   144   390 W ActivityManager: Scheduling restart of crashed service com.google.android.apps.maps/com.google.android.location.internal.server.NetworkLocationService in 42056ms
07-19 03:42:17.516   144   161 I ActivityManager: Start proc com.google.android.apps.maps for service com.google.android.apps.maps/com.google.googlenav.prefetch.android.PrefetcherService: pid=19892 uid=10056 gids={3003, 1015}
07-19 03:42:17.684 19892 19896 D dalvikvm: GC_CONCURRENT freed 167K, 3% free 9365K/9607K, paused 6ms+2ms
07-19 03:42:17.845 19892 19892 I ActivityThread: Pub com.google.android.maps.SearchHistoryProvider: com.google.googlenav.provider.SearchHistoryProvider
07-19 03:42:17.876 19892 19892 I ActivityThread: Pub com.google.android.maps.SuggestionProvider: com.google.googlenav.suggest.android.SuggestContentProvider
07-19 03:42:17.931 19892 19892 I ActivityThread: Pub com.google.android.maps.LayerInfoProvider: com.google.googlenav.layer.LayerInfoProvider
07-19 03:42:17.966 19892 19892 I ActivityThread: Pub com.google.android.maps.TrafficAppWidgetProvider: com.google.googlenav.appwidget.traffic.TrafficAppWidgetProvider
07-19 03:42:17.970 19892 19892 I ActivityThread: Pub com.google.android.maps.LocalActivePlacesProvider: com.google.googlenav.provider.LocalActivePlacesProvider
07-19 03:42:17.974 19892 19892 I ActivityThread: Pub com.google.android.maps.StarredItemProvider: com.google.googlenav.provider.StarredItemProvider
07-19 03:42:18.091   144   388 I ActivityManager: Start proc com.google.process.gapps for content provider com.google.android.gsf/.settings.GoogleSettingsProvider: pid=19906 uid=10009 gids={3003, 1015, 1007, 2001, 3006}
07-19 03:42:18.212 19906 19906 I ActivityThread: Pub com.google.settings: com.google.android.gsf.settings.GoogleSettingsProvider
07-19 03:42:18.259 19906 19906 I ActivityThread: Pub subscribedfeeds: com.google.android.gsf.subscribedfeeds.SubscribedFeedsProvider
07-19 03:42:18.384 19906 19906 I ActivityThread: Pub com.google.contacts.gal.provider: com.google.android.syncadapters.contacts.GalProvider
07-19 03:42:18.442 19906 19906 I ActivityThread: Pub com.google.android.gsf.gservices: com.google.android.gsf.gservices.GservicesProvider
07-19 03:42:18.442 19906 19906 I GservicesProvider: Gservices pushing to system: true; secure: true
07-19 03:42:18.442 19906 19906 I ActivityThread: Pub com.google.android.providers.talk: com.google.android.gsf.talk.TalkProvider
07-19 03:42:18.567 19892 19896 D dalvikvm: GC_CONCURRENT freed 186K, 3% free 9723K/9991K, paused 2ms+4ms
07-19 03:42:18.571 19906 19909 D dalvikvm: GC_CONCURRENT freed 343K, 5% free 9187K/9607K, paused 2ms+9ms
07-19 03:42:18.602   144   378 D SyncManager: setSyncAutomatically: , provider subscribedfeeds -> true
07-19 03:42:18.602   144   378 D SyncManager: setSyncAutomatically: already set to true, doing nothing
07-19 03:42:18.743 19892 19896 D dalvikvm: GC_CONCURRENT freed 260K, 4% free 9914K/10311K, paused 2ms+3ms
07-19 03:42:18.747 19892 19892 I ActivityThread: Pub com.google.android.maps.LocalSuggestionProvider: com.google.googlenav.provider.LocalSuggestionProvider
07-19 03:42:18.747 19892 19892 I ActivityThread: Pub com.google.android.maps.NavigationAvailabilityProvider: com.google.googlenav.provider.NavigationAvailabilityProvider
07-19 03:42:18.852 19892 19924 D dalvikvm: GC_FOR_ALLOC freed 112K, 4% free 9954K/10311K, paused 22ms
07-19 03:42:18.884 19892 19925 D dalvikvm: GC_FOR_ALLOC freed 1K, 4% free 10162K/10567K, paused 20ms
07-19 03:42:18.884 19892 19925 I dalvikvm-heap: Grow heap (frag case) to 10.192MB for 204816-byte allocation
07-19 03:42:18.919 19892 19927 D dalvikvm: GC_FOR_ALLOC freed 0K, 5% free 10362K/10823K, paused 22ms
07-19 03:42:18.970 19892 19934 D dalvikvm: GC_FOR_ALLOC freed 120K, 4% free 10449K/10823K, paused 24ms
07-19 03:42:19.009 19892 19935 D dalvikvm: GC_FOR_ALLOC freed 33K, 4% free 10652K/11079K, paused 22ms
07-19 03:42:24.200  3452  3452 D dalvikvm: GC_EXPLICIT freed <1K, 4% free 9238K/9543K, paused 29ms+2ms
07-19 03:42:27.524 19906 19906 D androidInternalNlpService: onCreate com.google.android.location.internal.server.NetworkLocationService@41333f60
07-19 03:42:27.540 19906 19943 D NetworkLocationRealOs: NLPv2 file already exists; ignoring any NLPv1 files
07-19 03:42:27.544 19906 19906 D androidNlpServiceThread: ANDROID minProtocolVersion 1 maxProtocolVersion 1 releaseVersion -1
07-19 03:42:27.700 19906 19909 D dalvikvm: GC_CONCURRENT freed 368K, 5% free 9264K/9735K, paused 2ms+4ms
07-19 03:42:27.927   144   155 I ActivityManager: Process com.google.android.apps.plus (pid 19813) has died.
07-19 03:42:27.985 19906 19909 D dalvikvm: GC_CONCURRENT freed 171K, 3% free 9615K/9863K, paused 2ms+2ms
07-19 03:42:28.177 19906 19909 D dalvikvm: GC_CONCURRENT freed 655K, 8% free 9427K/10183K, paused 3ms+2ms
07-19 03:42:32.993   144   199 D DhcpInfoInternal: makeLinkProperties with empty dns2!
07-19 03:42:32.997   144   199 D DhcpInfoInternal: makeLinkProperties with empty dns2!
07-19 03:42:37.681 19906 19909 D dalvikvm: GC_CONCURRENT freed 348K, 6% free 9590K/10183K, paused 2ms+3ms
07-19 03:42:37.806 19906 19909 D dalvikvm: GC_CONCURRENT freed 405K, 6% free 9615K/10183K, paused 2ms+2ms
07-19 03:42:37.895   144   161 I ActivityManager: Start proc com.google.android.talk for broadcast com.google.android.talk/.McsConnectionStartedReceiver: pid=19973 uid=10045 gids={3003, 1015, 1006, 3002}
07-19 03:42:37.974 18797 18810 I PhoneLab-: Service Running
07-19 03:42:38.024 19973 19973 I ActivityThread: Pub com.google.android.talk.SuggestionProvider: com.google.android.talk.SuggestionsProvider
07-19 03:42:38.099 19973 19973 D vclib:CallStateClient: startListening
07-19 03:42:38.122 18797 18810 I PhoneLab-LoggerService: app_37    1395  1     1432   980   c00f181c 400107b4 S logcat
07-19 03:42:38.122 18797 18810 I PhoneLab-LoggerService: Logcat pid from database 1395
07-19 03:42:38.122 18797 18810 I PhoneLab-LoggerService: Logcat process found 1395
07-19 03:42:38.122 18797 18810 I PhoneLab-LoggerService: Checking Threshold
07-19 03:42:38.126 18797 18810 I PhoneLab-LoggerService: Starting to rename files
07-19 03:42:38.126 18797 18810 I PhoneLab-LoggerService: Files found .. 2
07-19 03:42:38.126 18797 18810 I PhoneLab-LoggerService: File 1 log.out.1
07-19 03:42:38.192 18797 18810 I PhoneLab-LoggerService: Renamed successfully
07-19 03:42:38.263 19906 19972 I GTalkService/c: [AndroidEndpoint@1094000864] connect: acct=1000000, state=CONNECTING
07-19 03:42:38.286 19973 19976 D dalvikvm: GC_CONCURRENT freed 137K, 3% free 9340K/9607K, paused 105ms+2ms
07-19 03:42:38.290 19973 19994 I talk    : onMcsConnectionStarted
07-19 03:42:38.798 19906 19998 I GTalkService/c: [GTalkConnection@1093911032] connect: acct=1, state=CONNECTING
07-19 03:42:39.329 19906 19909 D dalvikvm: GC_CONCURRENT freed 363K, 6% free 9688K/10247K, paused 72ms+2ms
07-19 03:42:40.505   144 15767 I ActivityManager: Start proc android.process.acore for content provider com.android.providers.contacts/.ContactsProvider2: pid=20006 uid=10000 gids={3003, 1015}
07-19 03:42:40.552    79    79 D dalvikvm: GC_EXPLICIT freed 38K, 4% free 9027K/9347K, paused 2ms+4ms
07-19 03:42:40.567   144   201 D ConnectivityService: handleInetConditionHoldEnd: net=1, condition=100, published condition=100
07-19 03:42:40.602    79    79 D dalvikvm: GC_EXPLICIT freed <1K, 4% free 9027K/9347K, paused 3ms+3ms
07-19 03:42:40.602 20006 20006 I ActivityThread: Pub call_log: com.android.providers.contacts.CallLogProvider
07-19 03:42:40.630    79    79 D dalvikvm: GC_EXPLICIT freed <1K, 4% free 9027K/9347K, paused 2ms+3ms
07-19 03:42:40.649 20006 20006 I ActivityThread: Pub com.android.voicemail: com.android.providers.contacts.VoicemailContentProvider
07-19 03:42:40.653 20006 20006 I ActivityThread: Pub user_dictionary: com.android.providers.userdictionary.UserDictionaryProvider
07-19 03:42:40.665 20006 20006 I ActivityThread: Pub com.android.social: com.android.providers.contacts.SocialProvider
07-19 03:42:40.665 20006 20006 I ActivityThread: Pub applications: com.android.providers.applications.ApplicationsProvider
07-19 03:42:40.759 20006 20006 I ActivityThread: Pub contacts;com.android.contacts: com.android.providers.contacts.ContactsProvider2
07-19 03:42:40.766 20006 20008 D dalvikvm: GC_CONCURRENT freed 351K, 5% free 9181K/9607K, paused 2ms+2ms
07-19 03:42:41.126 20006 20008 D dalvikvm: GC_CONCURRENT freed 234K, 4% free 9380K/9735K, paused 2ms+2ms
07-19 03:42:42.161 20006 20008 D dalvikvm: GC_CONCURRENT freed 175K, 4% free 9613K/9927K, paused 16ms+2ms
07-19 03:42:42.169   144 14994 I ActivityManager: Process android.process.media (pid 19873) has died.
07-19 03:42:43.485 19906 19909 D dalvikvm: GC_CONCURRENT freed 340K, 5% free 9799K/10247K, paused 245ms+4ms
07-19 03:42:47.505 19906 19906 D NetworkLocationService: onCreate com.google.android.location.NetworkLocationService@413d1938
07-19 03:42:47.579 19906 19906 D NetworkLocationClient: ANDROID minProtocolVersion 1 maxProtocolVersion 1 releaseVersion -1
07-19 03:42:47.579 19906 19906 D NetworkLocationClient: binding to Intent { act=com.google.android.location.internal.ANDROID_NLP }
07-19 03:42:47.599 19906 19906 D NetworkLocationService: onBind com.google.android.location.NetworkLocationProvidercom.google.android.location.NetworkLocationService@413d1938
07-19 03:42:47.599 19906 19906 D NetworkLocationService: onBind com.google.android.location.GeocodeProvidercom.google.android.location.NetworkLocationService@413d1938
07-19 03:42:47.614 19906 19906 D NetworkLocationClient: onServiceConnected to ComponentInfo{com.google.android.location/com.google.android.location.internal.server.NetworkLocationService}
07-19 03:42:47.618 19906 20028 D androidNetworkLocationListeners: Still have listener com.google.android.location.internal.client.NetworkLocationClient$1@413f1f20
07-19 03:42:47.669 19906 20028 D androidNetworkLocationListeners: Still have listener com.google.android.location.internal.client.NetworkLocationClient$1@413f1f20
07-19 03:42:47.849   144  1168 D dalvikvm: GC_EXPLICIT freed 633K, 23% free 18638K/24199K, paused 12ms+9ms
07-19 03:42:48.079 19906 19909 D dalvikvm: GC_CONCURRENT freed 356K, 5% free 9885K/10375K, paused 10ms+3ms
07-19 03:42:48.278 20006 20008 D dalvikvm: GC_CONCURRENT freed 520K, 7% free 9526K/10183K, paused 3ms+7ms
07-19 03:42:48.942   144   160 D dalvikvm: GC_EXPLICIT freed 44K, 24% free 18607K/24199K, paused 13ms+7ms
07-19 03:42:48.970 20006 20008 D dalvikvm: GC_CONCURRENT freed 331K, 6% free 9579K/10183K, paused 110ms+2ms
07-19 03:42:49.704   144   332 I ActivityManager: Start proc com.google.android.apps.maps:LocationFriendService for service com.google.android.apps.maps/com.google.googlenav.friend.reporting.LocationReceiverService: pid=20029 uid=10056 gids={3003, 1015}
07-19 03:42:49.891 20029 20030 D dalvikvm: GC_CONCURRENT freed 153K, 3% free 9378K/9607K, paused 5ms+2ms
07-19 03:42:49.950 19906 19909 D dalvikvm: GC_CONCURRENT freed 447K, 6% free 9858K/10439K, paused 10ms+45ms
07-19 03:42:50.274 20029 20030 D dalvikvm: GC_CONCURRENT freed 147K, 3% free 9643K/9927K, paused 12ms+2ms
07-19 03:42:54.239   346   346 D dalvikvm: GC_EXPLICIT freed 24K, 10% free 11911K/13191K, paused 48ms+4ms
07-19 03:42:57.509   144   161 I ActivityManager: Start proc com.google.android.apps.maps:NetworkLocationService for service com.google.android.apps.maps/com.google.android.location.internal.server.NetworkLocationService: pid=20045 uid=10056 gids={3003, 1015}
07-19 03:42:57.661 20045 20047 D dalvikvm: GC_CONCURRENT freed 156K, 3% free 9376K/9607K, paused 2ms+2ms
07-19 03:42:58.020 20045 20047 D dalvikvm: GC_CONCURRENT freed 153K, 3% free 9673K/9927K, paused 2ms+3ms
07-19 03:42:58.114 19906 19918 D dalvikvm: GC_EXPLICIT freed 222K, 6% free 9835K/10439K, paused 2ms+4ms
07-19 03:42:58.438 20045 20047 D dalvikvm: GC_CONCURRENT freed 171K, 3% free 10064K/10311K, paused 2ms+3ms
07-19 03:42:58.626 20045 20047 D dalvikvm: GC_CONCURRENT freed 668K, 8% free 9882K/10631K, paused 1ms+2ms
07-19 03:42:58.704   144   161 I ActivityManager: Start proc com.google.android.apps.maps:FriendService for broadcast com.google.android.apps.maps/com.google.googlenav.friend.android.ServiceReceiver: pid=20066 uid=10056 gids={3003, 1015}
07-19 03:42:58.841 20066 20069 D dalvikvm: GC_CONCURRENT freed 158K, 3% free 9373K/9607K, paused 2ms+2ms
07-19 03:42:58.985 20066 20069 D dalvikvm: GC_CONCURRENT freed 239K, 4% free 9672K/9991K, paused 1ms+2ms
07-19 03:42:59.184   144 14994 I ActivityManager: Process com.google.android.talk (pid 19973) has died.
07-19 03:42:59.247 20029 20030 D dalvikvm: GC_CONCURRENT freed 283K, 4% free 9820K/10183K, paused 2ms+4ms
07-19 03:42:59.317 20029 20033 I dalvikvm: Total arena pages for JIT: 11
07-19 03:42:59.317 20029 20033 I dalvikvm: Total arena pages for JIT: 12
07-19 03:42:59.317 20029 20033 I dalvikvm: Total arena pages for JIT: 13
07-19 03:42:59.317 20029 20033 I dalvikvm: Total arena pages for JIT: 14
07-19 03:42:59.317 20029 20033 I dalvikvm: Total arena pages for JIT: 15
07-19 03:42:59.317 20029 20033 I dalvikvm: Total arena pages for JIT: 16
07-19 03:42:59.317 20029 20033 I dalvikvm: Total arena pages for JIT: 17
07-19 03:42:59.372 20045 20052 I dalvikvm: Total arena pages for JIT: 11
07-19 03:42:59.376 20045 20052 I dalvikvm: Total arena pages for JIT: 12
07-19 03:42:59.376 20045 20052 I dalvikvm: Total arena pages for JIT: 13
07-19 03:42:59.380 20045 20052 I dalvikvm: Total arena pages for JIT: 14
07-19 03:42:59.380 20045 20052 I dalvikvm: Total arena pages for JIT: 15
07-19 03:42:59.380 20045 20052 I dalvikvm: Total arena pages for JIT: 16
07-19 03:42:59.380 20045 20052 I dalvikvm: Total arena pages for JIT: 17
07-19 03:42:59.481 20045 20052 I dalvikvm: Total arena pages for JIT: 18
07-19 03:42:59.599 20045 20047 D dalvikvm: GC_CONCURRENT freed 200K, 5% free 10157K/10631K, paused 2ms+3ms
07-19 03:43:00.278 20045 20047 D dalvikvm: GC_CONCURRENT freed 394K, 5% free 10283K/10759K, paused 3ms+3ms
07-19 03:43:01.149 20045 20047 D dalvikvm: GC_CONCURRENT freed 475K, 6% free 10333K/10887K, paused 5ms+4ms
07-19 03:43:01.259   144   342 D dalvikvm: GC_EXPLICIT freed 178K, 23% free 18635K/24199K, paused 3ms+8ms
07-19 03:43:01.360   144 13425 I ActivityManager: Process android.process.acore (pid 20006) has died.
07-19 03:43:01.423 20029 20033 I dalvikvm: Total arena pages for JIT: 18
07-19 03:43:01.458 20029 20030 D dalvikvm: GC_CONCURRENT freed 368K, 5% free 9994K/10439K, paused 3ms+3ms
07-19 03:43:02.114 20045 20047 D dalvikvm: GC_CONCURRENT freed 370K, 5% free 10494K/10951K, paused 1ms+3ms
07-19 03:43:05.977   144   310 I ActivityManager: Start proc android.process.acore for content provider com.android.providers.contacts/.ContactsProvider2: pid=20098 uid=10000 gids={3003, 1015}
07-19 03:43:06.056 20098 20098 I ActivityThread: Pub call_log: com.android.providers.contacts.CallLogProvider
07-19 03:43:06.110 20098 20098 I ActivityThread: Pub com.android.voicemail: com.android.providers.contacts.VoicemailContentProvider
07-19 03:43:06.126 20098 20098 I ActivityThread: Pub user_dictionary: com.android.providers.userdictionary.UserDictionaryProvider
07-19 03:43:06.181   144   156 I ActivityManager: Process com.google.android.apps.maps:LocationFriendService (pid 20029) has died.
07-19 03:43:06.196 20098 20098 I ActivityThread: Pub com.android.social: com.android.providers.contacts.SocialProvider
07-19 03:43:06.196 20098 20098 I ActivityThread: Pub applications: com.android.providers.applications.ApplicationsProvider
07-19 03:43:06.274 20098 20098 I ActivityThread: Pub contacts;com.android.contacts: com.android.providers.contacts.ContactsProvider2
07-19 03:43:06.306 20098 20100 D dalvikvm: GC_CONCURRENT freed 341K, 5% free 9191K/9607K, paused 2ms+6ms
07-19 03:43:06.567 20098 20100 D dalvikvm: GC_CONCURRENT freed 226K, 4% free 9374K/9735K, paused 2ms+2ms
07-19 03:43:07.251 18480 18480 D dalvikvm: GC_EXPLICIT freed 283K, 7% free 9955K/10695K, paused 30ms+4ms
07-19 03:43:07.325 18480 20116 D MediaPlayer: Couldn't open file on client side, trying server side
07-19 03:43:07.341    81 23207 E MediaPlayerService: Couldn't open fd for content://settings/system/notification_sound
07-19 03:43:07.341 18480 20116 E MediaPlayer: Unable to to create media player
07-19 03:43:07.356 18480 20116 W AsyncPlayer: error loading sound for content://settings/system/notification_sound
07-19 03:43:07.356 18480 20116 W AsyncPlayer: java.io.IOException: setDataSource failed.: status=0x80000000
07-19 03:43:07.356 18480 20116 W AsyncPlayer: 	at android.media.MediaPlayer._setDataSource(Native Method)
07-19 03:43:07.356 18480 20116 W AsyncPlayer: 	at android.media.MediaPlayer.setDataSource(MediaPlayer.java:844)
07-19 03:43:07.356 18480 20116 W AsyncPlayer: 	at android.media.MediaPlayer.setDataSource(MediaPlayer.java:806)
07-19 03:43:07.356 18480 20116 W AsyncPlayer: 	at android.media.MediaPlayer.setDataSource(MediaPlayer.java:761)
07-19 03:43:07.356 18480 20116 W AsyncPlayer: 	at android.media.AsyncPlayer.startSound(AsyncPlayer.java:62)
07-19 03:43:07.356 18480 20116 W AsyncPlayer: 	at android.media.AsyncPlayer.access$200(AsyncPlayer.java:33)
07-19 03:43:07.356 18480 20116 W AsyncPlayer: 	at android.media.AsyncPlayer$Thread.run(AsyncPlayer.java:97)
07-19 03:43:07.755 20098 20100 D dalvikvm: GC_CONCURRENT freed 203K, 4% free 9587K/9927K, paused 89ms+5ms
07-19 03:43:08.149   215   217 D dalvikvm: GC_CONCURRENT freed 210K, 56% free 10059K/22727K, paused 11ms+3ms
07-19 03:43:08.333   215   217 D dalvikvm: GC_CONCURRENT freed 396K, 56% free 10047K/22727K, paused 6ms+5ms
07-19 03:43:09.919   435   435 D dalvikvm: GC_EXPLICIT freed <1K, 4% free 9033K/9347K, paused 4ms+4ms
07-19 03:43:11.837 20117 20117 D dalvikvm: Late-enabling CheckJNI
07-19 03:43:11.845   144   161 I ActivityManager: Start proc com.chess for broadcast com.chess/.backend.AlarmReceiver: pid=20117 uid=10079 gids={3003, 1015}
07-19 03:43:12.106 20117 20118 D dalvikvm: GC_CONCURRENT freed 162K, 3% free 9370K/9607K, paused 21ms+3ms
07-19 03:43:12.403 20117 20131 D GetStringObjTask: retrieving from url = http://www.chess.com/api/get_move_status?id=5HHjW9WUGa%2Bcu1LUwnVJPxTIWxmEve4VdkRnRyg7b5Ch69JH2Z5aB%2B7eGuFw8K2uFx47KFsdE3JRdR3Mzv0PkZOj6eZ8N73BvxmEERrzXjMNRo80rkLyJAUTh0iqof4n
07-19 03:43:13.415 20117 20131 D GetStringObjTask: WebRequest SERVER RESPONSE: Success+0
07-19 03:43:14.087   144 14994 I ActivityManager: Process com.google.android.apps.maps:FriendService (pid 20066) has died.
07-19 03:43:17.309 18480 20133 W AsyncPlayer: STOP command without a player
07-19 03:43:17.446   321   321 D dalvikvm: GC_EXPLICIT freed <1K, 24% free 10155K/13191K, paused 23ms+2ms
07-19 03:43:27.306 13970 13970 D dalvikvm: GC_EXPLICIT freed 10K, 6% free 9758K/10375K, paused 23ms+2ms
07-19 03:43:32.345   215   215 D dalvikvm: GC_EXPLICIT freed 159K, 56% free 10157K/22727K, paused 22ms+4ms
07-19 03:43:37.356 17909 17909 D dalvikvm: GC_EXPLICIT freed <1K, 6% free 9658K/10183K, paused 22ms+2ms
07-19 03:43:42.364 18480 18480 D dalvikvm: GC_EXPLICIT freed 55K, 8% free 9933K/10695K, paused 30ms+3ms
07-19 03:43:42.368 18480 18488 W MediaPlayer-JNI: MediaPlayer finalized without being released
07-19 03:43:47.341 18753 18753 D dalvikvm: GC_EXPLICIT freed 13K, 4% free 9130K/9479K, paused 20ms+2ms
07-19 03:43:52.360 18797 18797 D dalvikvm: GC_EXPLICIT freed 54K, 4% free 9048K/9415K, paused 20ms+2ms
07-19 03:43:57.337 18938 18938 D dalvikvm: GC_EXPLICIT freed <1K, 4% free 9051K/9347K, paused 24ms+2ms
07-19 03:44:01.677   144   310 I ActivityManager: Start proc com.google.android.apps.maps:LocationFriendService for service com.google.android.apps.maps/com.google.googlenav.friend.reporting.LocationReceiverService: pid=20136 uid=10056 gids={3003, 1015}
07-19 03:44:01.763 20045 20047 D dalvikvm: GC_CONCURRENT freed 565K, 7% free 10404K/11079K, paused 7ms+6ms
07-19 03:44:01.813 20136 20138 D dalvikvm: GC_CONCURRENT freed 166K, 3% free 9366K/9607K, paused 1ms+2ms
07-19 03:44:01.872   144 15767 I ActivityManager: Process android.process.acore (pid 20098) has died.
07-19 03:44:02.165 20136 20138 D dalvikvm: GC_CONCURRENT freed 158K, 3% free 9656K/9927K, paused 15ms+7ms
07-19 03:44:02.434   144  1167 I ActivityManager: Process com.chess (pid 20117) has died.
07-19 03:44:02.532 20136 20138 D dalvikvm: GC_CONCURRENT freed 275K, 5% free 9833K/10247K, paused 4ms+3ms
07-19 03:44:02.806 20136 20138 D dalvikvm: GC_CONCURRENT freed 335K, 5% free 9973K/10439K, paused 1ms+2ms
07-19 03:44:07.548   359   359 D dalvikvm: GC_EXPLICIT freed <1K, 6% free 9096K/9607K, paused 21ms+2ms
07-19 03:44:12.501  3217  3217 W ThumbnailCache: Low Memory: Freed 0 textures from compression queue, 0 from write queue, 0 from the pinned list, 0 from the cache.
07-19 03:44:12.595  3217  3217 D dalvikvm: GC_EXPLICIT freed 1K, 21% free 12076K/15111K, paused 34ms+3ms
07-19 03:44:17.540  3452  3452 D dalvikvm: GC_EXPLICIT freed <1K, 4% free 9238K/9543K, paused 38ms+2ms
07-19 03:44:22.544 19906 19906 D dalvikvm: GC_EXPLICIT freed 104K, 6% free 9827K/10439K, paused 24ms+3ms
07-19 03:44:27.599   144   160 D dalvikvm: GC_EXPLICIT freed 648K, 23% free 18659K/24199K, paused 32ms+8ms
07-19 03:44:32.552   346   346 D dalvikvm: GC_EXPLICIT freed 8K, 10% free 11911K/13191K, paused 25ms+3ms
07-19 03:44:37.559   435   435 D dalvikvm: GC_EXPLICIT freed <1K, 4% free 9033K/9347K, paused 18ms+2ms
07-19 03:44:37.942 18797 18810 I PhoneLab-: Service Running
07-19 03:44:38.059 18797 18810 I PhoneLab-LoggerService: app_37    1395  1     1432   980   c00f181c 400107b4 S logcat
07-19 03:44:38.059 18797 18810 I PhoneLab-LoggerService: Logcat pid from database 1395
07-19 03:44:38.059 18797 18810 I PhoneLab-LoggerService: Logcat process found 1395
07-19 03:44:38.059 18797 18810 I PhoneLab-LoggerService: Checking Threshold
07-19 03:44:38.063 18797 18810 I PhoneLab-LoggerService: Starting to rename files
07-19 03:44:38.063 18797 18810 I PhoneLab-LoggerService: Files found .. 2
07-19 03:44:42.563   321   321 D dalvikvm: GC_EXPLICIT freed <1K, 24% free 10155K/13191K, paused 22ms+3ms
07-19 03:44:47.571 13970 13970 D dalvikvm: GC_EXPLICIT freed <1K, 6% free 9758K/10375K, paused 22ms+3ms
07-19 03:44:52.579   215   215 D dalvikvm: GC_EXPLICIT freed 26K, 56% free 10150K/22727K, paused 21ms+3ms
07-19 03:44:57.884   144   199 D DhcpInfoInternal: makeLinkProperties with empty dns2!
07-19 03:44:57.888   144   199 D DhcpInfoInternal: makeLinkProperties with empty dns2!
07-19 03:45:01.673 20136 20143 I dalvikvm: Total arena pages for JIT: 11
07-19 03:45:01.673 20136 20143 I dalvikvm: Total arena pages for JIT: 12
07-19 03:45:01.673 20136 20143 I dalvikvm: Total arena pages for JIT: 13
07-19 03:45:01.673 20136 20143 I dalvikvm: Total arena pages for JIT: 14
07-19 03:45:01.673 20136 20143 I dalvikvm: Total arena pages for JIT: 15
07-19 03:45:01.673 20136 20143 I dalvikvm: Total arena pages for JIT: 16
07-19 03:45:01.673 20136 20143 I dalvikvm: Total arena pages for JIT: 17
07-19 03:45:01.708 20136 20143 I dalvikvm: Total arena pages for JIT: 18
07-19 03:45:01.790 20136 20138 D dalvikvm: GC_CONCURRENT freed 446K, 6% free 9948K/10503K, paused 2ms+3ms
07-19 03:45:07.321   144   174 I ActivityManager: Start proc com.twitter.android for service com.twitter.android/.client.AppService: pid=20180 uid=10064 gids={3003, 1015}
07-19 03:45:07.329 20180 20180 I dalvikvm: Turning on JNI app bug workarounds for target SDK version 11...
07-19 03:45:07.376 17909 17909 D dalvikvm: GC_EXPLICIT freed 2K, 6% free 9658K/10183K, paused 22ms+3ms
07-19 03:45:07.458 20180 20180 I ActivityThread: Pub com.twitter.android.provider.GlobalDatabaseProvider: com.twitter.android.provider.GlobalDatabaseProvider
07-19 03:45:07.470 20180 20180 I ActivityThread: Pub com.twitter.android.provider.TwitterProvider: com.twitter.android.provider.TwitterProvider
07-19 03:45:07.645 20180 20182 D dalvikvm: GC_CONCURRENT freed 193K, 4% free 9299K/9607K, paused 4ms+3ms
07-19 03:45:07.747   144  1168 I ActivityManager: Process com.google.android.apps.maps:LocationFriendService (pid 20136) has died.
07-19 03:45:08.079 20180 20182 D dalvikvm: GC_CONCURRENT freed 219K, 4% free 9512K/9863K, paused 2ms+2ms
07-19 03:45:08.224 20180 20182 D dalvikvm: GC_CONCURRENT freed 284K, 5% free 9640K/10055K, paused 1ms+1ms
07-19 03:45:08.360 20180 20182 D dalvikvm: GC_CONCURRENT freed 294K, 5% free 9761K/10183K, paused 2ms+2ms
07-19 03:45:08.493 20180 20182 D dalvikvm: GC_CONCURRENT freed 295K, 5% free 9892K/10311K, paused 1ms+3ms
07-19 03:45:08.622 20180 20182 D dalvikvm: GC_CONCURRENT freed 299K, 5% free 10013K/10439K, paused 2ms+3ms
07-19 03:45:08.759 20180 20182 D dalvikvm: GC_CONCURRENT freed 295K, 5% free 10140K/10567K, paused 1ms+1ms
07-19 03:45:08.888 20180 20182 D dalvikvm: GC_CONCURRENT freed 298K, 4% free 10270K/10695K, paused 2ms+1ms
07-19 03:45:09.071 20180 20182 D dalvikvm: GC_CONCURRENT freed 470K, 6% free 10223K/10823K, paused 2ms+2ms
07-19 03:45:09.204 20180 20182 D dalvikvm: GC_CONCURRENT freed 326K, 5% free 10295K/10823K, paused 8ms+3ms
07-19 03:45:09.345 20180 20182 D dalvikvm: GC_CONCURRENT freed 326K, 5% free 10369K/10823K, paused 2ms+2ms
07-19 03:45:09.489 20180 20182 D dalvikvm: GC_CONCURRENT freed 355K, 5% free 10469K/10951K, paused 2ms+2ms
07-19 03:45:09.618 20180 20182 D dalvikvm: GC_CONCURRENT freed 338K, 5% free 10549K/11015K, paused 2ms+2ms
07-19 03:45:09.743 20180 20182 D dalvikvm: GC_CONCURRENT freed 324K, 5% free 10631K/11079K, paused 2ms+2ms
07-19 03:45:09.876 20180 20182 D dalvikvm: GC_CONCURRENT freed 368K, 5% free 10717K/11207K, paused 1ms+2ms
07-19 03:45:10.013 20180 20182 D dalvikvm: GC_CONCURRENT freed 404K, 5% free 10812K/11335K, paused 2ms+2ms
07-19 03:45:11.431 20180 20182 D dalvikvm: GC_CONCURRENT freed 320K, 4% free 11015K/11463K, paused 2ms+2ms
07-19 03:45:12.349 18753 18753 D dalvikvm: GC_EXPLICIT freed 11K, 4% free 9125K/9479K, paused 30ms+3ms
07-19 03:45:13.259 20180 20182 D dalvikvm: GC_CONCURRENT freed 442K, 5% free 11151K/11719K, paused 2ms+6ms
07-19 03:45:18.204 18797 18797 D dalvikvm: GC_EXPLICIT freed 53K, 4% free 9048K/9415K, paused 5ms+2ms
07-19 03:45:23.239 18938 18938 D dalvikvm: GC_EXPLICIT freed <1K, 4% free 9051K/9347K, paused 20ms+2ms
07-19 03:45:28.243 18480 18480 D dalvikvm: GC_EXPLICIT freed 9K, 8% free 9927K/10695K, paused 27ms+3ms
07-19 03:45:33.317 19787 19787 D dalvikvm: GC_EXPLICIT freed 334K, 7% free 10695K/11399K, paused 38ms+3ms
07-19 03:45:42.794 19892 19892 D dalvikvm: GC_EXPLICIT freed 138K, 4% free 10927K/11335K, paused 2ms+3ms
07-19 03:45:47.864 20045 20045 D dalvikvm: GC_EXPLICIT freed 285K, 7% free 10379K/11079K, paused 23ms+2ms
07-19 03:46:01.735   144  1167 I ActivityManager: Start proc com.google.android.apps.maps:LocationFriendService for service com.google.android.apps.maps/com.google.googlenav.friend.reporting.LocationReceiverService: pid=20200 uid=10056 gids={3003, 1015}
07-19 03:46:01.766   144   144 I ActivityManager: Process com.twitter.android (pid 20180) has died.
07-19 03:46:01.860 20200 20202 D dalvikvm: GC_CONCURRENT freed 171K, 3% free 9361K/9607K, paused 2ms+2ms
07-19 03:46:02.200 20200 20202 D dalvikvm: GC_CONCURRENT freed 168K, 3% free 9704K/9991K, paused 3ms+3ms
07-19 03:46:02.419 20200 20202 D dalvikvm: GC_CONCURRENT freed 313K, 4% free 9919K/10311K, paused 4ms+5ms
07-19 03:46:37.931 18797 18810 I PhoneLab-: Service Running
07-19 03:46:38.044 18797 18810 I PhoneLab-LoggerService: app_37    1395  1     1432   980   c00f181c 400107b4 S logcat
07-19 03:46:38.044 18797 18810 I PhoneLab-LoggerService: Logcat pid from database 1395
07-19 03:46:38.044 18797 18810 I PhoneLab-LoggerService: Logcat process found 1395
07-19 03:46:38.044 18797 18810 I PhoneLab-LoggerService: Checking Threshold
07-19 03:46:38.044 18797 18810 I PhoneLab-LoggerService: Starting to rename files
07-19 03:46:38.048 18797 18810 I PhoneLab-LoggerService: Files found .. 2
07-19 03:46:57.009   144   390 I ActivityManager: Start proc android.process.acore for content provider com.android.providers.contacts/.ContactsProvider2: pid=20225 uid=10000 gids={3003, 1015}
07-19 03:46:57.036   144 15767 I ActivityManager: Process com.google.android.apps.maps:LocationFriendService (pid 20200) has died.
07-19 03:46:57.052 20225 20225 I ActivityThread: Pub call_log: com.android.providers.contacts.CallLogProvider
07-19 03:46:57.110 20225 20225 I ActivityThread: Pub com.android.voicemail: com.android.providers.contacts.VoicemailContentProvider
07-19 03:46:57.114 20225 20225 I ActivityThread: Pub user_dictionary: com.android.providers.userdictionary.UserDictionaryProvider
07-19 03:46:57.153 20225 20225 I ActivityThread: Pub com.android.social: com.android.providers.contacts.SocialProvider
07-19 03:46:57.157 20225 20225 I ActivityThread: Pub applications: com.android.providers.applications.ApplicationsProvider
07-19 03:46:57.302 20225 20225 I ActivityThread: Pub contacts;com.android.contacts: com.android.providers.contacts.ContactsProvider2
07-19 03:46:57.317 20225 20227 D dalvikvm: GC_CONCURRENT freed 357K, 5% free 9174K/9607K, paused 4ms+7ms
07-19 03:46:57.591 20225 20227 D dalvikvm: GC_CONCURRENT freed 227K, 4% free 9375K/9735K, paused 2ms+3ms
07-19 03:46:58.946 20225 20227 D dalvikvm: GC_CONCURRENT freed 174K, 4% free 9614K/9927K, paused 11ms+4ms
07-19 03:47:01.864   144   390 I ActivityManager: Start proc com.google.android.apps.maps:LocationFriendService for service com.google.android.apps.maps/com.google.googlenav.friend.reporting.LocationReceiverService: pid=20243 uid=10056 gids={3003, 1015}
07-19 03:47:02.005 20243 20247 D dalvikvm: GC_CONCURRENT freed 176K, 3% free 9356K/9607K, paused 3ms+3ms
07-19 03:47:02.071 20045 20047 D dalvikvm: GC_CONCURRENT freed 500K, 7% free 10390K/11079K, paused 2ms+36ms
07-19 03:47:02.306 20243 20247 D dalvikvm: GC_CONCURRENT freed 180K, 4% free 9619K/9927K, paused 4ms+2ms
07-19 03:47:02.524 20243 20247 D dalvikvm: GC_CONCURRENT freed 264K, 4% free 9837K/10183K, paused 2ms+3ms
07-19 03:47:02.626 20243 20250 I dalvikvm: Total arena pages for JIT: 11
07-19 03:47:02.626 20243 20250 I dalvikvm: Total arena pages for JIT: 12
07-19 03:47:02.630 20243 20250 I dalvikvm: Total arena pages for JIT: 13
07-19 03:47:02.630 20243 20250 I dalvikvm: Total arena pages for JIT: 14
07-19 03:47:02.630 20243 20250 I dalvikvm: Total arena pages for JIT: 15
07-19 03:47:02.630 20243 20250 I dalvikvm: Total arena pages for JIT: 16
07-19 03:47:02.630 20243 20250 I dalvikvm: Total arena pages for JIT: 17
07-19 03:47:02.821 20243 20247 D dalvikvm: GC_CONCURRENT freed 337K, 5% free 9969K/10439K, paused 2ms+48ms
07-19 03:47:22.602   144   155 I ActivityManager: Process com.google.android.apps.googlevoice (pid 17909) has died.
07-19 03:47:22.602   144   155 W ActivityManager: Scheduling restart of crashed service com.google.android.apps.googlevoice/.ShadowNumberRefreshService in 5000ms
07-19 03:47:22.602   144   155 W ActivityManager: Scheduling restart of crashed service com.google.android.apps.googlevoice/.UpdateService in 15000ms
07-19 03:47:22.602   144   155 W ActivityManager: Scheduling restart of crashed service com.google.android.apps.googlevoice/.CallLogService in 25000ms
07-19 03:47:22.782   144   199 D DhcpInfoInternal: makeLinkProperties with empty dns2!
07-19 03:47:22.790   144   199 D DhcpInfoInternal: makeLinkProperties with empty dns2!
07-19 03:47:27.684   144   161 I ActivityManager: Start proc com.google.android.apps.googlevoice for service com.google.android.apps.googlevoice/.ShadowNumberRefreshService: pid=20285 uid=10054 gids={3003, 1015}
07-19 03:47:27.716    79    79 D dalvikvm: GC_EXPLICIT freed 38K, 4% free 9027K/9347K, paused 2ms+2ms
07-19 03:47:27.739    79    79 D dalvikvm: GC_EXPLICIT freed <1K, 4% free 9027K/9347K, paused 2ms+2ms
07-19 03:47:27.782    79    79 D dalvikvm: GC_EXPLICIT freed <1K, 4% free 9027K/9347K, paused 2ms+4ms
07-19 03:47:28.056   144   388 I ActivityManager: Process android.process.acore (pid 20225) has died.
07-19 03:47:28.122 20285 20287 D dalvikvm: GC_CONCURRENT freed 250K, 4% free 9281K/9607K, paused 22ms+14ms
07-19 03:47:28.251   144   144 I ActivityManager: Start proc android.process.acore for content provider com.android.providers.contacts/.VoicemailContentProvider: pid=20300 uid=10000 gids={3003, 1015}
07-19 03:47:28.286 20300 20300 I ActivityThread: Pub call_log: com.android.providers.contacts.CallLogProvider
07-19 03:47:28.333 20300 20300 I ActivityThread: Pub com.android.voicemail: com.android.providers.contacts.VoicemailContentProvider
07-19 03:47:28.337 20300 20300 I ActivityThread: Pub user_dictionary: com.android.providers.userdictionary.UserDictionaryProvider
07-19 03:47:28.345 20300 20300 I ActivityThread: Pub com.android.social: com.android.providers.contacts.SocialProvider
07-19 03:47:28.349 20300 20300 I ActivityThread: Pub applications: com.android.providers.applications.ApplicationsProvider
07-19 03:47:28.407 20300 20300 I ActivityThread: Pub contacts;com.android.contacts: com.android.providers.contacts.ContactsProvider2
07-19 03:47:28.458 20300 20302 D dalvikvm: GC_CONCURRENT freed 347K, 5% free 9185K/9607K, paused 3ms+3ms
07-19 03:47:28.747 20300 20302 D dalvikvm: GC_CONCURRENT freed 220K, 4% free 9379K/9735K, paused 2ms+2ms
07-19 03:47:28.845 20285 20316 W System.err: com.google.android.apps.googlevoice.net.VoiceServiceException: Voice service failed [INVALID_AUTH_TOKEN]
07-19 03:47:28.845 20285 20316 W System.err: 	at com.google.android.apps.googlevoice.net.masf.MASFVoiceService.checkCredentials(MASFVoiceService.java:107)
07-19 03:47:28.845 20285 20316 W System.err: 	at com.google.android.apps.googlevoice.net.masf.MASFVoiceService.getAuthToken(MASFVoiceService.java:95)
07-19 03:47:28.845 20285 20316 W System.err: 	at com.google.android.apps.googlevoice.net.masf.MASFGetBackendInfoRpc.createRequestPayload(MASFGetBackendInfoRpc.java:34)
07-19 03:47:28.845 20285 20316 W System.err: 	at com.google.android.apps.googlevoice.net.masf.MASFApiRpc.requestSubmit(MASFApiRpc.java:160)
07-19 03:47:28.845 20285 20316 W System.err: 	at com.google.android.apps.googlevoice.net.masf.MASFApiRpc.run(MASFApiRpc.java:141)
07-19 03:47:28.845 20285 20316 W System.err: 	at com.googlex.common.task.AbstractTask.run(Unknown Source)
07-19 03:47:28.845 20285 20316 W System.err: 	at com.googlex.common.task.AbstractTask.runInternal(Unknown Source)
07-19 03:47:28.845 20285 20316 W System.err: 	at com.googlex.common.task.TaskRunner.run(Unknown Source)
07-19 03:47:28.845 20285 20316 W System.err: 	at com.googlex.common.lang.BaseThreadFactory$ThreadImpl.run(Unknown Source)
07-19 03:47:28.860 20285 20316 E GoogleVoice: ShadowNumberRefreshService: Failed to get backend info!
07-19 03:47:28.860 20285 20316 E GoogleVoice: com.google.android.apps.googlevoice.net.VoiceServiceException: Voice service failed [INVALID_AUTH_TOKEN]
07-19 03:47:28.860 20285 20316 E GoogleVoice: 	at com.google.android.apps.googlevoice.net.masf.MASFVoiceService.checkCredentials(MASFVoiceService.java:107)
07-19 03:47:28.860 20285 20316 E GoogleVoice: 	at com.google.android.apps.googlevoice.net.masf.MASFVoiceService.getAuthToken(MASFVoiceService.java:95)
07-19 03:47:28.860 20285 20316 E GoogleVoice: 	at com.google.android.apps.googlevoice.net.masf.MASFGetBackendInfoRpc.createRequestPayload(MASFGetBackendInfoRpc.java:34)
07-19 03:47:28.860 20285 20316 E GoogleVoice: 	at com.google.android.apps.googlevoice.net.masf.MASFApiRpc.requestSubmit(MASFApiRpc.java:160)
07-19 03:47:28.860 20285 20316 E GoogleVoice: 	at com.google.android.apps.googlevoice.net.masf.MASFApiRpc.run(MASFApiRpc.java:141)
07-19 03:47:28.860 20285 20316 E GoogleVoice: 	at com.googlex.common.task.AbstractTask.run(Unknown Source)
07-19 03:47:28.860 20285 20316 E GoogleVoice: 	at com.googlex.common.task.AbstractTask.runInternal(Unknown Source)
07-19 03:47:28.860 20285 20316 E GoogleVoice: 	at com.googlex.common.task.TaskRunner.run(Unknown Source)
07-19 03:47:28.860 20285 20316 E GoogleVoice: 	at com.googlex.common.lang.BaseThreadFactory$ThreadImpl.run(Unknown Source)
07-19 03:47:29.196   144 14192 I ActivityManager: Process com.google.android.apps.maps:LocationFriendService (pid 20243) has died.
07-19 03:47:30.411 20300 20302 D dalvikvm: GC_CONCURRENT freed 173K, 4% free 9621K/9927K, paused 2ms+2ms
07-19 03:47:31.075   144 20323 I ActivityManager: Applications Memory Usage (kB):
07-19 03:47:31.075   144 20323 I ActivityManager: Uptime: 220959735 Realtime: 300918579
07-19 03:47:31.075   144 20323 I ActivityManager: Total PSS by OOM adjustment:
07-19 03:47:31.075   144 20323 I ActivityManager:     29364 kB: System
07-19 03:47:31.075   144 20323 I ActivityManager:                29364 kB: system (pid 144)
07-19 03:47:31.075   144 20323 I ActivityManager:     28980 kB: Persistent
07-19 03:47:31.075   144 20323 I ActivityManager:                13361 kB: com.android.systemui (pid 215)
07-19 03:47:31.075   144 20323 I ActivityManager:                11695 kB: com.android.phone (pid 346)
07-19 03:47:31.075   144 20323 I ActivityManager:                 3924 kB: com.android.nfc (pid 359)
07-19 03:47:31.075   144 20323 I ActivityManager:    120446 kB: Foreground
07-19 03:47:31.075   144 20323 I ActivityManager:                62275 kB: com.android.chrome (pid 3217)
07-19 03:47:31.075   144 20323 I ActivityManager:                41436 kB: com.android.chrome:sandboxed_process1 (pid 3452)
07-19 03:47:31.075   144 20323 I ActivityManager:                 9348 kB: com.google.process.gapps (pid 19906)
07-19 03:47:31.075   144 20323 I ActivityManager:                 7387 kB: android.process.acore (pid 20300)
07-19 03:47:31.075   144 20323 I ActivityManager:     17398 kB: Visible
07-19 03:47:31.075   144 20323 I ActivityManager:                14565 kB: com.google.android.gsf.login (pid 13970)
07-19 03:47:31.075   144 20323 I ActivityManager:                 2833 kB: com.android.smspush (pid 435)
07-19 03:47:31.075   144 20323 I ActivityManager:      6667 kB: Perceptible
07-19 03:47:31.075   144 20323 I ActivityManager:                 6667 kB: com.klye.ime.latin (pid 321)
07-19 03:47:31.075   144 20323 I ActivityManager:     27939 kB: A Services
07-19 03:47:31.075   144 20323 I ActivityManager:                 8448 kB: com.google.android.apps.maps:NetworkLocationService (pid 20045)
07-19 03:47:31.075   144 20323 I ActivityManager:                 6705 kB: com.google.android.apps.maps (pid 19892)
07-19 03:47:31.075   144 20323 I ActivityManager:                 6446 kB: com.whatsapp (pid 18480)
07-19 03:47:31.075   144 20323 I ActivityManager:                 6340 kB: com.google.android.apps.googlevoice (pid 20285)
07-19 03:47:31.075   144 20323 I ActivityManager:     16665 kB: B Services
07-19 03:47:31.075   144 20323 I ActivityManager:                 7465 kB: com.xabber.androiddev (pid 19787)
07-19 03:47:31.075   144 20323 I ActivityManager:                 3447 kB: com.apksoftware.compass (pid 18753)
07-19 03:47:31.075   144 20323 I ActivityManager:                 3062 kB: edu.buffalo.cse.phonelab.phonelabservices (pid 18797)
07-19 03:47:31.075   144 20323 I ActivityManager:                 2691 kB: com.android.sprintmenu (pid 18938)
07-19 03:47:31.075   144 20323 I ActivityManager: 
07-19 03:47:31.075   144 20323 I ActivityManager: Total PSS: 247459 kB
07-19 03:47:31.075   144 20323 I ActivityManager:   PID      Vss      Rss      Pss      Uss  cmdline
07-19 03:47:31.075   144 20323 I ActivityManager:  3217   84900K   84808K   62399K   56532K  com.android.chrome
07-19 03:47:31.075   144 20323 I ActivityManager:  3452   60284K   60180K   41485K   38040K  com.android.chrome:sandboxed_process1
07-19 03:47:31.075   144 20323 I ActivityManager:   144   45072K   45004K   29430K   28368K  system_server
07-19 03:47:31.075   144 20323 I ActivityManager: 13970   30420K   30340K   14634K   13720K  com.google.android.gsf.login
07-19 03:47:31.075   144 20323 I ActivityManager:   215   32864K   32648K   13409K    9196K  com.android.systemui
07-19 03:47:31.075   144 20323 I ActivityManager:    78   21124K   18124K   12232K    7092K  /system/bin/surfaceflinger
07-19 03:47:31.075   144 20323 I ActivityManager:   346   26764K   26692K   11745K   10900K  com.android.phone
07-19 03:47:31.075   144 20323 I ActivityManager: 19906   29764K   29676K    9364K    7624K  com.google.process.gapps
07-19 03:47:31.075   144 20323 I ActivityManager: 20300   29596K   29524K    9107K    7184K  android.process.acore
07-19 03:47:31.075   144 20323 I ActivityManager: 20045   28728K   28668K    8198K    6324K  com.google.android.apps.maps:NetworkLocationService
07-19 03:47:31.075   144 20323 I ActivityManager: 19787   27756K   27664K    7505K    5900K  com.xabber.androiddev
07-19 03:47:31.075   144 20323 I ActivityManager: 19892   27360K   27260K    6754K    5064K  com.google.android.apps.maps
07-19 03:47:31.075   144 20323 I ActivityManager:   321   21908K   21808K    6720K    5864K  com.klye.ime.latin
07-19 03:47:31.075   144 20323 I ActivityManager: 18480   26040K   25956K    6474K    5020K  com.whatsapp
07-19 03:47:31.075   144 20323 I ActivityManager: 20285   26304K   26236K    6387K    4764K  com.google.android.apps.googlevoice
07-19 03:47:31.075   144 20323 I ActivityManager:   359   19232K   19136K    3971K    3120K  com.android.nfc
07-19 03:47:31.075   144 20323 I ActivityManager: 18753   22604K   22504K    3498K    2228K  com.apksoftware.compass
07-19 03:47:31.075   144 20323 I ActivityManager: 18797   21932K   21832K    3111K    1900K  edu.buffalo.cse.phonelab.phonelabservices
07-19 03:47:31.075   144 20323 I ActivityManager:   435   18520K   18408K    2882K    1936K  com.android.smspush
07-19 03:47:31.075   144 20323 I ActivityManager: 18938   21604K   21500K    2739K    1504K  com.android.sprintmenu
07-19 03:47:31.075   144 20323 I ActivityManager:    79   18604K   18476K    2117K    1044K  zygote
07-19 03:47:31.075   144 20323 I ActivityManager:    81    2172K    2172K    1846K    1820K  /system/bin/mediaserver
07-19 03:47:31.075   144 20323 I ActivityManager:    80     956K     956K     878K     876K  /system/bin/drmserver
07-19 03:47:31.075   144 20323 I ActivityManager:  1395     984K     980K     845K     840K  logcat
07-19 03:47:31.075   144 20323 I ActivityManager:    77     964K     964K     685K     668K  /system/bin/rild
07-19 03:47:31.075   144 20323 I ActivityManager: 20324     796K     788K     667K     664K  procrank
07-19 03:47:31.075   144 20323 I ActivityManager:   275     684K     680K     525K     516K  /system/bin/wpa_supplicant
07-19 03:47:31.075   144 20323 I ActivityManager:    88     432K     432K     416K     416K  /sbin/adbd
07-19 03:47:31.075   144 20323 I ActivityManager: 19612     552K     548K     362K     348K  /system/bin/netd
07-19 03:47:31.075   144 20323 I ActivityManager:   292     332K     332K     300K     300K  /system/bin/bluetoothd
07-19 03:47:31.075   144 20323 I ActivityManager:    72     380K     376K     290K     284K  /system/bin/vold
07-19 03:47:31.075   144 20323 I ActivityManager:    86     436K     432K     282K     276K  /system/vendor/bin/gpsd
07-19 03:47:31.075   144 20323 I ActivityManager: 28597     352K     348K     198K     192K  /system/bin/dhcpcd
07-19 03:47:31.075   144 20323 I ActivityManager:    82     220K     212K     184K     184K  /system/bin/dbus-daemon
07-19 03:47:31.075   144 20323 I ActivityManager:    85     200K     192K     160K     160K  /system/bin/keystore
07-19 03:47:31.075   144 20323 I ActivityManager:     1     204K     204K     142K     104K  /init
07-19 03:47:31.075   144 20323 I ActivityManager:   203     168K     160K     128K     128K  /system/bin/brcm_patchram_plus
07-19 03:47:31.075   144 20323 I ActivityManager:    61     160K     160K     122K      84K  /sbin/ueventd
07-19 03:47:31.075   144 20323 I ActivityManager:    87     140K     136K     104K     104K  /system/bin/sh
07-19 03:47:31.075   144 20323 I ActivityManager:    83     200K     192K      98K
07-19 03:47:34.302   359   359 D dalvikvm: GC_EXPLICIT freed <1K, 6% free 9096K/9607K, paused 10ms+8ms
07-19 03:47:37.778   144   161 D dalvikvm: GC_EXPLICIT freed 1434K, 23% free 18684K/24199K, paused 12ms+8ms
07-19 03:47:38.231 20285 20287 D dalvikvm: GC_CONCURRENT freed 430K, 6% free 9390K/9927K, paused 22ms+16ms
07-19 03:47:38.231 20285 20294 W CursorWrapperInner: Cursor finalized without prior close()
07-19 03:47:38.231 20285 20294 W CursorWrapperInner: Cursor finalized without prior close()
07-19 03:47:38.231 20285 20294 W CursorWrapperInner: Cursor finalized without prior close()
07-19 03:47:38.243   144 13425 D CountryDetector: The first listener is added
07-19 03:47:38.423 20300 20302 D dalvikvm: GC_CONCURRENT freed 535K, 6% free 9633K/10247K, paused 2ms+3ms
07-19 03:47:38.888 20285 20287 D dalvikvm: GC_CONCURRENT freed 328K, 5% free 9563K/9991K, paused 3ms+2ms
07-19 03:47:38.989 20300 20302 D dalvikvm: GC_CONCURRENT freed 371K, 5% free 9773K/10247K, paused 13ms+3ms
07-19 03:47:39.247  3217  3217 W ThumbnailCache: Low Memory: Freed 0 textures from compression queue, 0 from write queue, 0 from the pinned list, 0 from the cache.
07-19 03:47:39.321  3217  3217 D dalvikvm: GC_EXPLICIT freed 256K, 20% free 12100K/15111K, paused 12ms+4ms
07-19 03:47:44.313  3452  3452 D dalvikvm: GC_EXPLICIT freed <1K, 4% free 9238K/9543K, paused 27ms+2ms
07-19 03:47:49.345 19906 19906 D dalvikvm: GC_EXPLICIT freed 90K, 6% free 9816K/10439K, paused 34ms+3ms
07-19 03:47:54.352   144   160 D dalvikvm: GC_EXPLICIT freed 97K, 23% free 18637K/24199K, paused 31ms+8ms
07-19 03:47:59.306   346   346 D dalvikvm: GC_EXPLICIT freed 8K, 10% free 11911K/13191K, paused 15ms+4ms
07-19 03:48:01.942   144   310 I ActivityManager: Start proc com.google.android.apps.maps:LocationFriendService for service com.google.android.apps.maps/com.google.googlenav.friend.reporting.LocationReceiverService: pid=20331 uid=10056 gids={3003, 1015}
07-19 03:48:02.059 20331 20334 D dalvikvm: GC_CONCURRENT freed 156K, 3% free 9376K/9607K, paused 2ms+2ms
07-19 03:48:02.446 20331 20334 D dalvikvm: GC_CONCURRENT freed 154K, 3% free 9664K/9927K, paused 5ms+4ms
07-19 03:48:02.739 20331 20334 D dalvikvm: GC_CONCURRENT freed 293K, 4% free 9898K/10247K, paused 2ms+3ms
07-19 03:48:02.798 20331 20338 I dalvikvm: Total arena pages for JIT: 11
07-19 03:48:02.798 20331 20338 I dalvikvm: Total arena pages for JIT: 12
07-19 03:48:02.802 20331 20338 I dalvikvm: Total arena pages for JIT: 13
07-19 03:48:02.802 20331 20338 I dalvikvm: Total arena pages for JIT: 14
07-19 03:48:02.802 20331 20338 I dalvikvm: Total arena pages for JIT: 15
07-19 03:48:02.802 20331 20338 I dalvikvm: Total arena pages for JIT: 16
07-19 03:48:02.802 20331 20338 I dalvikvm: Total arena pages for JIT: 17
07-19 03:48:02.942 20331 20334 D dalvikvm: GC_CONCURRENT freed 388K, 5% free 9945K/10439K, paused 1ms+2ms
07-19 03:48:06.759 18797 18797 I PhoneLab-Locks: wake lock acquired
07-19 03:48:06.766 18797 20354 I PhoneLab-PeriodicCheckService: User info is synched
07-19 03:48:06.770 18797 20354 I PhoneLab-PeriodicCheckService: Logger Service is running
07-19 03:48:06.778 18797 18797 I PhoneLab-Locks: wake lock acquired
07-19 03:48:06.782 18797 18797 I PhoneLab-StatusMonitor: Status Monitoring is started
07-19 03:48:06.786 18797 20354 I PhoneLab-Locks: wake lock acquired
07-19 03:48:06.786 18797 20354 I PhoneLab-PeriodicCheckService: Rescheduling periodic checking...
07-19 03:48:06.790 18797 20354 I PhoneLab-Locks: wake lock released
07-19 03:48:06.821 18797 18797 E PhoneLab-PhoneLabManifest: java.io.FileNotFoundException: /data/data/edu.buffalo.cse.phonelab.phonelabservices/files/manifest.xml: open failed: ENOENT (No such file or directory)
07-19 03:48:06.864 18797 18797 I PhoneLab-Locks: wake lock released
07-19 03:48:06.868 18797 18797 I PhoneLab-UploadLogs: Transfering log files now
07-19 03:48:07.091 18797 18799 D dalvikvm: GC_CONCURRENT freed 372K, 6% free 9185K/9671K, paused 2ms+3ms
07-19 03:48:07.122 18797 18797 D dalvikvm: GC_FOR_ALLOC freed 90K, 6% free 9186K/9735K, paused 20ms
07-19 03:48:07.126 18797 18797 I dalvikvm-heap: Grow heap (frag case) to 9.162MB for 123476-byte allocation
07-19 03:48:07.138 18797 18797 D dalvikvm: GC_FOR_ALLOC freed 56K, 7% free 9250K/9863K, paused 13ms
07-19 03:48:07.138 18797 18797 I dalvikvm-heap: Grow heap (frag case) to 9.349MB for 254548-byte allocation
07-19 03:48:07.153 18797 18797 D dalvikvm: GC_FOR_ALLOC freed 120K, 8% free 9378K/10119K, paused 12ms
07-19 03:48:07.157 18797 18797 I dalvikvm-heap: Grow heap (frag case) to 9.724MB for 516692-byte allocation
07-19 03:48:07.184 18797 18799 D dalvikvm: GC_CONCURRENT freed 248K, 10% free 9633K/10631K, paused 2ms+3ms
07-19 03:48:07.192 18797 18797 I PhoneLab-UploadLogs: OnStartCommand
07-19 03:48:07.395 18797 20356 D dalvikvm: GC_FOR_ALLOC freed 383K, 10% free 9618K/10631K, paused 51ms
07-19 03:48:07.407 18797 20356 D dalvikvm: GC_FOR_ALLOC freed 301K, 10% free 9618K/10631K, paused 13ms
07-19 03:48:07.427 18797 20356 D dalvikvm: GC_FOR_ALLOC freed 301K, 10% free 9624K/10631K, paused 13ms
07-19 03:48:07.454   144   317 I ActivityManager: Process android.process.acore (pid 20300) has died.
07-19 03:48:07.454   144  6618 D CountryDetector: No listener is left
07-19 03:48:10.450 18797 18797 I PhoneLab-: 1342683758127.log is deleted
07-19 03:48:10.450 18797 18797 I PhoneLab-: Response: {"data": "done", "err": ""}
07-19 03:48:10.458 18797 18797 I PhoneLab-UploadLogs: No log files to transfer
07-19 03:48:10.458 18797 18797 I PhoneLab-Locks: wake lock released
07-19 03:48:11.778 20357 20357 D dalvikvm: Late-enabling CheckJNI
07-19 03:48:11.782   144   161 I ActivityManager: Start proc com.chess for broadcast com.chess/.backend.AlarmReceiver: pid=20357 uid=10079 gids={3003, 1015}
07-19 03:48:11.931 20357 20360 D dalvikvm: GC_CONCURRENT freed 157K, 3% free 9375K/9607K, paused 4ms+2ms
07-19 03:48:12.056 20357 20371 D GetStringObjTask: retrieving from url = http://www.chess.com/api/get_move_status?id=5HHjW9WUGa%2Bcu1LUwnVJPxTIWxmEve4VdkRnRyg7b5Ch69JH2Z5aB%2B7eGuFw8K2uFx47KFsdE3JRdR3Mzv0PkZOj6eZ8N73BvxmEERrzXjMNRo80rkLyJAUTh0iqof4n
07-19 03:48:12.790 20357 20371 D GetStringObjTask: WebRequest SERVER RESPONSE: Success+0
07-19 03:48:17.145   435   435 D dalvikvm: GC_EXPLICIT freed <1K, 4% free 9033K/9347K, paused 56ms+2ms
07-19 03:48:22.134   321   321 D dalvikvm: GC_EXPLICIT freed <1K, 24% free 10155K/13191K, paused 21ms+2ms
07-19 03:48:27.141 13970 13970 D dalvikvm: GC_EXPLICIT freed <1K, 6% free 9758K/10375K, paused 22ms+3ms
07-19 03:48:32.157   215   215 D dalvikvm: GC_EXPLICIT freed 74K, 56% free 10151K/22727K, paused 22ms+4ms
07-19 03:48:37.157 18753 18753 D dalvikvm: GC_EXPLICIT freed 11K, 4% free 9130K/9479K, paused 20ms+3ms
07-19 03:48:37.931 18797 18810 I PhoneLab-: Service Running
07-19 03:48:38.048 18797 18810 I PhoneLab-LoggerService: app_37    1395  1     1432   980   c00f181c 400107b4 S logcat
07-19 03:48:38.048 18797 18810 I PhoneLab-LoggerService: Logcat pid from database 1395
07-19 03:48:38.048 18797 18810 I PhoneLab-LoggerService: Logcat process found 1395
07-19 03:48:38.048 18797 18810 I PhoneLab-LoggerService: Checking Threshold
07-19 03:48:42.173 18797 18797 D dalvikvm: GC_EXPLICIT freed 885K, 15% free 9117K/10631K, paused 25ms+3ms
07-19 03:48:45.634   144   388 I ActivityManager: Start proc android.process.acore for content provider com.android.providers.contacts/.ContactsProvider2: pid=20374 uid=10000 gids={3003, 1015}
07-19 03:48:45.665 20374 20374 I ActivityThread: Pub call_log: com.android.providers.contacts.CallLogProvider
07-19 03:48:45.696 20374 20374 I ActivityThread: Pub com.android.voicemail: com.android.providers.contacts.VoicemailContentProvider
07-19 03:48:45.700 20374 20374 I ActivityThread: Pub user_dictionary: com.android.providers.userdictionary.UserDictionaryProvider
07-19 03:48:45.747 20374 20374 I ActivityThread: Pub com.android.social: com.android.providers.contacts.SocialProvider
07-19 03:48:45.747 20374 20374 I ActivityThread: Pub applications: com.android.providers.applications.ApplicationsProvider
07-19 03:48:45.852 20374 20376 D dalvikvm: GC_CONCURRENT freed 325K, 5% free 9147K/9607K, paused 2ms+2ms
07-19 03:48:45.852 20374 20374 I ActivityThread: Pub contacts;com.android.contacts: com.android.providers.contacts.ContactsProvider2
07-19 03:48:45.895   144   317 I ActivityManager: Process com.google.android.apps.maps:LocationFriendService (pid 20331) has died.
07-19 03:48:46.192 20374 20376 D dalvikvm: GC_CONCURRENT freed 207K, 4% free 9351K/9671K, paused 2ms+2ms
07-19 03:48:46.888   144  1167 I ActivityManager: Process com.chess (pid 20357) has died.
07-19 03:48:47.032 20374 20376 D dalvikvm: GC_CONCURRENT freed 207K, 4% free 9589K/9927K, paused 8ms+3ms
07-19 03:48:51.993   359   359 D dalvikvm: GC_EXPLICIT freed <1K, 6% free 9096K/9607K, paused 46ms+2ms
07-19 03:48:56.993  3217  3217 W ThumbnailCache: Low Memory: Freed 0 textures from compression queue, 0 from write queue, 0 from the pinned list, 0 from the cache.
07-19 03:48:57.056  3217  3217 D dalvikvm: GC_EXPLICIT freed 3K, 20% free 12097K/15111K, paused 21ms+4ms
07-19 03:49:02.036   144   390 I ActivityManager: Start proc com.google.android.apps.maps:LocationFriendService for service com.google.android.apps.maps/com.google.googlenav.friend.reporting.LocationReceiverService: pid=20394 uid=10056 gids={3003, 1015}
07-19 03:49:02.153 20045 20047 D dalvikvm: GC_CONCURRENT freed 507K, 7% free 10394K/11079K, paused 2ms+3ms
07-19 03:49:02.188 20394 20397 D dalvikvm: GC_CONCURRENT freed 163K, 3% free 9368K/9607K, paused 2ms+2ms
07-19 03:49:02.567   144  1168 I ActivityManager: Process android.process.acore (pid 20374) has died.
07-19 03:49:02.595 20394 20397 D dalvikvm: GC_CONCURRENT freed 154K, 3% free 9655K/9927K, paused 20ms+2ms
07-19 03:49:03.126 20394 20397 D dalvikvm: GC_CONCURRENT freed 266K, 4% free 9835K/10183K, paused 3ms+3ms
07-19 03:49:03.270 20394 20401 I dalvikvm: Total arena pages for JIT: 11
07-19 03:49:03.274 20394 20401 I dalvikvm: Total arena pages for JIT: 12
07-19 03:49:03.274 20394 20401 I dalvikvm: Total arena pages for JIT: 13
07-19 03:49:03.278 20394 20401 I dalvikvm: Total arena pages for JIT: 14
07-19 03:49:03.278 20394 20401 I dalvikvm: Total arena pages for JIT: 15
07-19 03:49:03.278 20394 20401 I dalvikvm: Total arena pages for JIT: 16
07-19 03:49:03.278 20394 20401 I dalvikvm: Total arena pages for JIT: 17
07-19 03:49:03.391 20394 20397 D dalvikvm: GC_CONCURRENT freed 344K, 5% free 9973K/10439K, paused 2ms+3ms
07-19 03:49:07.665  3452  3452 D dalvikvm: GC_EXPLICIT freed <1K, 4% free 9238K/9543K, paused 15ms+2ms
07-19 03:49:08.208   144   342 I ActivityManager: Start proc android.process.acore for content provider com.android.providers.contacts/.ContactsProvider2: pid=20417 uid=10000 gids={3003, 1015}
07-19 03:49:08.235 20417 20417 I ActivityThread: Pub call_log: com.android.providers.contacts.CallLogProvider
07-19 03:49:08.266 20417 20417 I ActivityThread: Pub com.android.voicemail: com.android.providers.contacts.VoicemailContentProvider
07-19 03:49:08.270 20417 20417 I ActivityThread: Pub user_dictionary: com.android.providers.userdictionary.UserDictionaryProvider
07-19 03:49:08.302 20417 20417 I ActivityThread: Pub com.android.social: com.android.providers.contacts.SocialProvider
07-19 03:49:08.302 20417 20417 I ActivityThread: Pub applications: com.android.providers.applications.ApplicationsProvider
07-19 03:49:08.391 20417 20417 I ActivityThread: Pub contacts;com.android.contacts: com.android.providers.contacts.ContactsProvider2
07-19 03:49:08.399   144   310 I ActivityManager: Process com.google.android.apps.maps:LocationFriendService (pid 20394) has died.
07-19 03:49:08.411 20417 20420 D dalvikvm: GC_CONCURRENT freed 334K, 5% free 9150K/9607K, paused 2ms+3ms
07-19 03:49:08.673 20417 20420 D dalvikvm: GC_CONCURRENT freed 238K, 4% free 9376K/9735K, paused 3ms+2ms
07-19 03:49:09.528   144  1167 I ActivityManager: Process android.process.acore (pid 20417) has died.
07-19 03:49:14.700   144   160 D dalvikvm: GC_EXPLICIT freed 472K, 23% free 18660K/24199K, paused 33ms+8ms
07-19 03:49:19.641   346   346 D dalvikvm: GC_EXPLICIT freed 3K, 10% free 11911K/13191K, paused 24ms+3ms
07-19 03:49:24.606   435   435 D dalvikvm: GC_EXPLICIT freed <1K, 4% free 9033K/9347K, paused 19ms+2ms
07-19 03:49:29.661   321   321 D dalvikvm: GC_EXPLICIT freed <1K, 24% free 10155K/13191K, paused 16ms+3ms
07-19 03:49:34.653 13970 13970 D dalvikvm: GC_EXPLICIT freed <1K, 6% free 9758K/10375K, paused 24ms+3ms
07-19 03:49:39.630   215   215 D dalvikvm: GC_EXPLICIT freed 21K, 56% free 10153K/22727K, paused 22ms+3ms
07-19 03:49:44.669 19906 19906 D dalvikvm: GC_EXPLICIT freed 161K, 6% free 9829K/10439K, paused 31ms+3ms
07-19 03:49:47.735   144   199 D DhcpInfoInternal: makeLinkProperties with empty dns2!
07-19 03:49:47.747   144   199 D DhcpInfoInternal: makeLinkProperties with empty dns2!
07-19 03:49:54.349 20285 20285 D dalvikvm: GC_EXPLICIT freed 181K, 5% free 9679K/10183K, paused 20ms+3ms
07-19 03:49:59.360 18753 18753 D dalvikvm: GC_EXPLICIT freed 14K, 4% free 9128K/9479K, paused 21ms+2ms
07-19 03:50:01.981   144   310 I ActivityManager: Start proc com.google.android.apps.maps:LocationFriendService for service com.google.android.apps.maps/com.google.googlenav.friend.reporting.LocationReceiverService: pid=20451 uid=10056 gids={3003, 1015}
07-19 03:50:02.102 20451 20454 D dalvikvm: GC_CONCURRENT freed 168K, 3% free 9364K/9607K, paused 2ms+2ms
07-19 03:50:02.544 20451 20454 D dalvikvm: GC_CONCURRENT freed 132K, 3% free 9671K/9927K, paused 24ms+4ms
07-19 03:50:02.923   144   155 D dalvikvm: GC_EXPLICIT freed 128K, 23% free 18634K/24199K, paused 3ms+8ms
07-19 03:50:03.224 20451 20454 D dalvikvm: GC_CONCURRENT freed 305K, 4% free 9841K/10247K, paused 2ms+3ms
07-19 03:50:03.505 20451 20454 D dalvikvm: GC_CONCURRENT freed 331K, 5% free 9966K/10439K, paused 2ms+5ms
07-19 03:50:07.020 18938 18938 D dalvikvm: GC_EXPLICIT freed <1K, 4% free 9051K/9347K, paused 30ms+2ms
07-19 03:50:12.024 19787 19787 D dalvikvm: GC_EXPLICIT freed 125K, 7% free 10701K/11399K, paused 36ms+3ms
07-19 03:50:13.087   144   174 I ActivityManager: Start proc com.twitter.android for service com.twitter.android/.client.AppService: pid=20474 uid=10064 gids={3003, 1015}
07-19 03:50:13.099 20474 20474 I dalvikvm: Turning on JNI app bug workarounds for target SDK version 11...
07-19 03:50:13.118   144   144 I ActivityManager: Process com.google.android.apps.maps:LocationFriendService (pid 20451) has died.
07-19 03:50:13.224 20474 20474 I ActivityThread: Pub com.twitter.android.provider.GlobalDatabaseProvider: com.twitter.android.provider.GlobalDatabaseProvider
07-19 03:50:13.235 20474 20474 I ActivityThread: Pub com.twitter.android.provider.TwitterProvider: com.twitter.android.provider.TwitterProvider
07-19 03:50:13.376 20474 20476 D dalvikvm: GC_CONCURRENT freed 192K, 4% free 9305K/9607K, paused 4ms+5ms
07-19 03:50:13.677 20474 20476 D dalvikvm: GC_CONCURRENT freed 219K, 4% free 9510K/9863K, paused 1ms+2ms
07-19 03:50:13.825 20474 20476 D dalvikvm: GC_CONCURRENT freed 285K, 5% free 9640K/10055K, paused 2ms+1ms
07-19 03:50:13.950 20474 20476 D dalvikvm: GC_CONCURRENT freed 289K, 5% free 9758K/10183K, paused 2ms+2ms
07-19 03:50:14.071 20474 20476 D dalvikvm: GC_CONCURRENT freed 296K, 5% free 9882K/10311K, paused 1ms+2ms
07-19 03:50:14.192 20474 20476 D dalvikvm: GC_CONCURRENT freed 301K, 5% free 10011K/10439K, paused 1ms+2ms
07-19 03:50:14.329 20474 20476 D dalvikvm: GC_CONCURRENT freed 296K, 5% free 10140K/10567K, paused 1ms+2ms
07-19 03:50:14.458 20474 20476 D dalvikvm: GC_CONCURRENT freed 296K, 5% free 10266K/10695K, paused 2ms+2ms
07-19 03:50:14.602   144   156 I ActivityManager: Process com.xabber.androiddev (pid 19787) has died.
07-19 03:50:14.602   144   156 W ActivityManager: Scheduling restart of crashed service com.xabber.androiddev/com.xabber.android.service.XMPPService in 5000ms
07-19 03:50:14.673 20474 20476 D dalvikvm: GC_CONCURRENT freed 473K, 6% free 10219K/10823K, paused 2ms+3ms
07-19 03:50:14.817 20474 20476 D dalvikvm: GC_CONCURRENT freed 319K, 5% free 10293K/10823K, paused 2ms+2ms
07-19 03:50:14.942 20474 20476 D dalvikvm: GC_CONCURRENT freed 327K, 5% free 10370K/10823K, paused 2ms+2ms
07-19 03:50:15.091 20474 20476 D dalvikvm: GC_CONCURRENT freed 357K, 5% free 10467K/10951K, paused 1ms+2ms
07-19 03:50:15.212 20474 20476 D dalvikvm: GC_CONCURRENT freed 343K, 5% free 10549K/11015K, paused 2ms+2ms
07-19 03:50:15.337 20474 20476 D dalvikvm: GC_CONCURRENT freed 323K, 5% free 10629K/11079K, paused 2ms+2ms
07-19 03:50:15.462 20474 20476 D dalvikvm: GC_CONCURRENT freed 371K, 5% free 10716K/11207K, paused 1ms+3ms
07-19 03:50:15.591 20474 20476 D dalvikvm: GC_CONCURRENT freed 397K, 5% free 10810K/11335K, paused 2ms+1ms
07-19 03:50:16.837 20474 20476 D dalvikvm: GC_CONCURRENT freed 325K, 4% free 11013K/11463K, paused 2ms+2ms
07-19 03:50:18.864 20474 20476 D dalvikvm: GC_CONCURRENT freed 423K, 5% free 11212K/11719K, paused 2ms+7ms
07-19 03:50:19.661 20494 20494 D dalvikvm: Late-enabling CheckJNI
07-19 03:50:19.669   144   161 I ActivityManager: Start proc com.xabber.androiddev for service com.xabber.androiddev/com.xabber.android.service.XMPPService: pid=20494 uid=10063 gids={3003, 1015}
07-19 03:50:19.696 20494 20494 I dalvikvm: Turning on JNI app bug workarounds for target SDK version 9...
07-19 03:50:19.700   144  1167 I ActivityManager: Process com.twitter.android (pid 20474) has died.
07-19 03:50:19.958 20494 20497 D dalvikvm: GC_CONCURRENT freed 222K, 4% free 9310K/9607K, paused 4ms+2ms
07-19 03:50:19.993 20494 20494 D dalvikvm: GC_FOR_ALLOC freed 329K, 5% free 9473K/9927K, paused 15ms
07-19 03:50:20.102 20494 20497 D dalvikvm: GC_CONCURRENT freed 175K, 3% free 9868K/10119K, paused 2ms+6ms
07-19 03:50:20.231 20494 20497 D dalvikvm: GC_CONCURRENT freed 345K, 5% free 10082K/10503K, paused 1ms+3ms
07-19 03:50:20.349 20494 20494 I com.xabber.android.service.XMPPService@4144dc40: onCreate
07-19 03:50:20.349 20494 20494 I com.xabber.android.data.Application@41356770: onStart
07-19 03:50:20.364 20494 20508 I com.xabber.android.data.LogManager@41359438: onLoad
07-19 03:50:20.450 20494 20497 D dalvikvm: GC_CONCURRENT freed 256K, 4% free 10237K/10631K, paused 2ms+3ms
07-19 03:50:20.575   144   342 I ActivityManager: Start proc android.process.acore for content provider com.android.providers.contacts/.ContactsProvider2: pid=20510 uid=10000 gids={3003, 1015}
07-19 03:50:20.610 20510 20510 I ActivityThread: Pub call_log: com.android.providers.contacts.CallLogProvider
07-19 03:50:20.657 20510 20510 I ActivityThread: Pub com.android.voicemail: com.android.providers.contacts.VoicemailContentProvider
07-19 03:50:20.657 20510 20510 I ActivityThread: Pub user_dictionary: com.android.providers.userdictionary.UserDictionaryProvider
07-19 03:50:20.681 20510 20510 I ActivityThread: Pub com.android.social: com.android.providers.contacts.SocialProvider
07-19 03:50:20.681 20510 20510 I ActivityThread: Pub applications: com.android.providers.applications.ApplicationsProvider
07-19 03:50:20.770 20510 20510 I ActivityThread: Pub contacts;com.android.contacts: com.android.providers.contacts.ContactsProvider2
07-19 03:50:20.794 20510 20512 D dalvikvm: GC_CONCURRENT freed 349K, 5% free 9182K/9607K, paused 2ms+2ms
07-19 03:50:21.235 20510 20512 D dalvikvm: GC_CONCURRENT freed 229K, 4% free 9368K/9735K, paused 2ms+2ms
07-19 03:50:22.044 20510 20512 D dalvikvm: GC_CONCURRENT freed 179K, 4% free 9614K/9927K, paused 2ms+2ms
07-19 03:50:23.579 20494 20497 D dalvikvm: GC_CONCURRENT freed 273K, 4% free 10416K/10823K, paused 2ms+3ms
07-19 03:50:25.997 20494 20497 D dalvikvm: GC_CONCURRENT freed 219K, 4% free 10594K/10951K, paused 6ms+2ms
07-19 03:50:26.559 20494 20497 D dalvikvm: GC_CONCURRENT freed 341K, 5% free 10663K/11143K, paused 3ms+3ms
07-19 03:50:28.708 20494 20497 D dalvikvm: GC_CONCURRENT freed 399K, 5% free 10852K/11335K, paused 4ms+5ms
07-19 03:50:29.505   359   359 D dalvikvm: GC_EXPLICIT freed <1K, 6% free 9096K/9607K, paused 22ms+3ms
07-19 03:50:34.431  3217  3217 W ThumbnailCache: Low Memory: Freed 0 textures from compression queue, 0 from write queue, 0 from the pinned list, 0 from the cache.
07-19 03:50:34.544  3217  3217 D dalvikvm: GC_EXPLICIT freed 1K, 20% free 12097K/15111K, paused 29ms+3ms
07-19 03:50:37.954 18797 18810 I PhoneLab-: Service Running
07-19 03:50:38.079 18797 18810 I PhoneLab-LoggerService: app_37    1395  1     1432   980   c00f181c 400107b4 S logcat
07-19 03:50:38.079 18797 18810 I PhoneLab-LoggerService: Logcat pid from database 1395
07-19 03:50:38.079 18797 18810 I PhoneLab-LoggerService: Logcat process found 1395
07-19 03:50:38.079 18797 18810 I PhoneLab-LoggerService: Checking Threshold
07-19 03:50:39.434  3452  3452 D dalvikvm: GC_EXPLICIT freed <1K, 4% free 9238K/9543K, paused 26ms+2ms
07-19 03:50:48.513 19906 19906 D dalvikvm: GC_EXPLICIT freed 62K, 7% free 9806K/10439K, paused 5ms+3ms
07-19 03:50:58.141   144   160 D dalvikvm: GC_EXPLICIT freed 318K, 23% free 18649K/24199K, paused 3ms+8ms
07-19 03:51:02.118   144 15767 I ActivityManager: Start proc com.google.android.apps.maps:LocationFriendService for service com.google.android.apps.maps/com.google.googlenav.friend.reporting.LocationReceiverService: pid=20537 uid=10056 gids={3003, 1015}
07-19 03:51:02.149    79    79 D dalvikvm: GC_EXPLICIT freed 38K, 4% free 9027K/9347K, paused 3ms+2ms
07-19 03:51:02.212    79    79 D dalvikvm: GC_EXPLICIT freed <1K, 4% free 9027K/9347K, paused 8ms+4ms
07-19 03:51:02.266    79    79 D dalvikvm: GC_EXPLICIT freed <1K, 4% free 9027K/9347K, paused 2ms+4ms
07-19 03:51:02.325 20537 20539 D dalvikvm: GC_CONCURRENT freed 178K, 3% free 9354K/9607K, paused 2ms+2ms
07-19 03:51:02.388 20045 20047 D dalvikvm: GC_CONCURRENT freed 505K, 7% free 10401K/11079K, paused 2ms+27ms
07-19 03:51:02.391   144   317 I ActivityManager: Process android.process.acore (pid 20510) has died.
07-19 03:51:02.720 20537 20539 D dalvikvm: GC_CONCURRENT freed 171K, 3% free 9702K/9991K, paused 8ms+2ms
07-19 03:51:03.040 20537 20539 D dalvikvm: GC_CONCURRENT freed 283K, 4% free 9842K/10247K, paused 2ms+5ms
07-19 03:51:03.235 20537 20539 D dalvikvm: GC_CONCURRENT freed 323K, 4% free 9965K/10375K, paused 2ms+4ms
07-19 03:51:03.274   144  1167 I ActivityManager: Process com.google.android.apps.maps:LocationFriendService (pid 20537) has died.
07-19 03:51:08.446   346   346 D dalvikvm: GC_EXPLICIT freed 4K, 10% free 11911K/13191K, paused 38ms+3ms
07-19 03:51:13.352   435   435 D dalvikvm: GC_EXPLICIT freed <1K, 4% free 9033K/9347K, paused 19ms+2ms
07-19 03:51:18.384   321   321 D dalvikvm: GC_EXPLICIT freed <1K, 24% free 10155K/13191K, paused 20ms+3ms
07-19 03:51:23.419 13970 13970 D dalvikvm: GC_EXPLICIT freed <1K, 6% free 9758K/10375K, paused 22ms+3ms
07-19 03:51:28.384   215   215 D dalvikvm: GC_EXPLICIT freed 39K, 56% free 10150K/22727K, paused 23ms+3ms
07-19 03:51:33.391 18753 18753 D dalvikvm: GC_EXPLICIT freed 8K, 4% free 9125K/9479K, paused 21ms+3ms
07-19 03:51:35.251   144 12390 I ActivityManager: Start proc android.process.acore for content provider com.android.providers.contacts/.ContactsProvider2: pid=20560 uid=10000 gids={3003, 1015}
07-19 03:51:35.294 20560 20560 I ActivityThread: Pub call_log: com.android.providers.contacts.CallLogProvider
07-19 03:51:35.333 20560 20560 I ActivityThread: Pub com.android.voicemail: com.android.providers.contacts.VoicemailContentProvider
07-19 03:51:35.337 20560 20560 I ActivityThread: Pub user_dictionary: com.android.providers.userdictionary.UserDictionaryProvider
07-19 03:51:35.364 20560 20560 I ActivityThread: Pub com.android.social: com.android.providers.contacts.SocialProvider
07-19 03:51:35.368 20560 20560 I ActivityThread: Pub applications: com.android.providers.applications.ApplicationsProvider
07-19 03:51:35.489 20560 20560 I ActivityThread: Pub contacts;com.android.contacts: com.android.providers.contacts.ContactsProvider2
07-19 03:51:35.595 20560 20562 D dalvikvm: GC_CONCURRENT freed 347K, 5% free 9184K/9607K, paused 4ms+14ms
07-19 03:51:35.923 20560 20562 D dalvikvm: GC_CONCURRENT freed 230K, 4% free 9370K/9735K, paused 2ms+2ms
07-19 03:51:37.313 20560 20562 D dalvikvm: GC_CONCURRENT freed 172K, 4% free 9623K/9927K, paused 21ms+3ms
07-19 03:51:38.395 18938 18938 D dalvikvm: GC_EXPLICIT freed <1K, 4% free 9051K/9347K, paused 27ms+2ms
07-19 03:51:43.438 19892 19892 D dalvikvm: GC_EXPLICIT freed 1K, 4% free 10925K/11335K, paused 34ms+3ms
07-19 03:51:48.403 20045 20045 D dalvikvm: GC_EXPLICIT freed 15K, 7% free 10387K/11079K, paused 25ms+3ms
07-19 03:51:53.446 18480 18480 D dalvikvm: GC_EXPLICIT freed 48K, 8% free 9933K/10695K, paused 29ms+3ms
07-19 03:51:58.442 20285 20285 D dalvikvm: GC_EXPLICIT freed 20K, 6% free 9658K/10183K, paused 22ms+3ms
07-19 03:52:02.208   144 12390 I ActivityManager: Start proc com.google.android.apps.maps:LocationFriendService for service com.google.android.apps.maps/com.google.googlenav.friend.reporting.LocationReceiverService: pid=20578 uid=10056 gids={3003, 1015}
07-19 03:52:02.403 20578 20581 D dalvikvm: GC_CONCURRENT freed 156K, 3% free 9376K/9607K, paused 2ms+2ms
07-19 03:52:02.888 20578 20581 D dalvikvm: GC_CONCURRENT freed 150K, 3% free 9663K/9927K, paused 13ms+4ms
07-19 03:52:03.091 19906 19917 D dalvikvm: GC_EXPLICIT freed 45K, 6% free 9815K/10439K, paused 17ms+6ms
07-19 03:52:03.114   144   390 I ActivityManager: Process android.process.acore (pid 20560) has died.
07-19 03:52:03.364 20578 20581 D dalvikvm: GC_CONCURRENT freed 291K, 4% free 9846K/10247K, paused 2ms+3ms
07-19 03:52:03.434 20578 20585 I dalvikvm: Total arena pages for JIT: 11
07-19 03:52:03.434 20578 20585 I dalvikvm: Total arena pages for JIT: 12
07-19 03:52:03.434 20578 20585 I dalvikvm: Total arena pages for JIT: 13
07-19 03:52:03.434 20578 20585 I dalvikvm: Total arena pages for JIT: 14
07-19 03:52:03.438 20578 20585 I dalvikvm: Total arena pages for JIT: 15
07-19 03:52:03.438 20578 20585 I dalvikvm: Total arena pages for JIT: 16
07-19 03:52:03.438 20578 20585 I dalvikvm: Total arena pages for JIT: 17
07-19 03:52:03.559 20578 20581 D dalvikvm: GC_CONCURRENT freed 325K, 4% free 9966K/10375K, paused 2ms+3ms
07-19 03:52:08.263   359   359 D dalvikvm: GC_EXPLICIT freed <1K, 6% free 9096K/9607K, paused 22ms+3ms
07-19 03:52:12.829   144   199 D DhcpInfoInternal: makeLinkProperties with empty dns2!
07-19 03:52:12.837   144   199 D DhcpInfoInternal: makeLinkProperties with empty dns2!
07-19 03:52:19.095  3217  3217 W ThumbnailCache: Low Memory: Freed 0 textures from compression queue, 0 from write queue, 0 from the pinned list, 0 from the cache.
07-19 03:52:19.204  3217  3217 D dalvikvm: GC_EXPLICIT freed 1K, 20% free 12097K/15111K, paused 26ms+3ms
07-19 03:52:24.177  3452  3452 D dalvikvm: GC_EXPLICIT freed <1K, 4% free 9238K/9543K, paused 31ms+3ms
07-19 03:52:29.138 19906 19906 D dalvikvm: GC_EXPLICIT freed 19K, 7% free 9804K/10439K, paused 24ms+3ms
07-19 03:52:34.204   144   160 D dalvikvm: GC_EXPLICIT freed 316K, 23% free 18645K/24199K, paused 19ms+8ms
07-19 03:52:37.954 18797 18810 I PhoneLab-: Service Running
07-19 03:52:38.044 18797 18810 I PhoneLab-LoggerService: app_37    1395  1     1432   980   c00f181c 400107b4 S logcat
07-19 03:52:38.048 18797 18810 I PhoneLab-LoggerService: Logcat pid from database 1395
07-19 03:52:38.048 18797 18810 I PhoneLab-LoggerService: Logcat process found 1395
07-19 03:52:38.048 18797 18810 I PhoneLab-LoggerService: Checking Threshold
07-19 03:52:39.173   346   346 D dalvikvm: GC_EXPLICIT freed 1K, 10% free 11911K/13191K, paused 33ms+4ms
07-19 03:52:44.126   435   435 D dalvikvm: GC_EXPLICIT freed <1K, 4% free 9033K/9347K, paused 19ms+2ms
07-19 03:52:49.173   321   321 D dalvikvm: GC_EXPLICIT freed <1K, 24% free 10155K/13191K, paused 16ms+3ms
07-19 03:52:54.153 13970 13970 D dalvikvm: GC_EXPLICIT freed <1K, 6% free 9758K/10375K, paused 23ms+3ms
07-19 03:52:59.157   215   215 D dalvikvm: GC_EXPLICIT freed 26K, 56% free 10150K/22727K, paused 21ms+3ms
07-19 03:53:02.294 20578 20585 I dalvikvm: Total arena pages for JIT: 18
07-19 03:53:02.341 20045 20047 D dalvikvm: GC_CONCURRENT freed 495K, 7% free 10402K/11079K, paused 2ms+7ms
07-19 03:53:02.419 20578 20581 D dalvikvm: GC_CONCURRENT freed 429K, 6% free 9938K/10503K, paused 2ms+2ms
07-19 03:53:07.251 18753 18753 D dalvikvm: GC_EXPLICIT freed 8K, 4% free 9128K/9479K, paused 21ms+3ms
07-19 03:53:11.782 20622 20622 D dalvikvm: Late-enabling CheckJNI
07-19 03:53:11.806   144   161 I ActivityManager: Start proc com.chess for broadcast com.chess/.backend.AlarmReceiver: pid=20622 uid=10079 gids={3003, 1015}
07-19 03:53:11.864   144   155 I ActivityManager: Process com.google.android.apps.maps:LocationFriendService (pid 20578) has died.
07-19 03:53:12.079 20622 20624 D dalvikvm: GC_CONCURRENT freed 157K, 3% free 9375K/9607K, paused 6ms+5ms
07-19 03:53:12.298 20622 20638 D GetStringObjTask: retrieving from url = http://www.chess.com/api/get_move_status?id=5HHjW9WUGa%2Bcu1LUwnVJPxTIWxmEve4VdkRnRyg7b5Ch69JH2Z5aB%2B7eGuFw8K2uFx47KFsdE3JRdR3Mzv0PkZOj6eZ8N73BvxmEERrzXjMNRo80rkLyJAUTh0iqof4n
07-19 03:53:12.919   144  1167 I ActivityManager: Process com.chess (pid 20622) has died.
07-19 03:53:13.665   144 20636 I ActivityManager: Applications Memory Usage (kB):
07-19 03:53:13.665   144 20636 I ActivityManager: Uptime: 221302413 Realtime: 301261257
07-19 03:53:13.665   144 20636 I ActivityManager: Total PSS by OOM adjustment:
07-19 03:53:13.665   144 20636 I ActivityManager:     29354 kB: System
07-19 03:53:13.665   144 20636 I ActivityManager:                29354 kB: system (pid 144)
07-19 03:53:13.665   144 20636 I ActivityManager:     28945 kB: Persistent
07-19 03:53:13.665   144 20636 I ActivityManager:                13220 kB: com.android.systemui (pid 215)
07-19 03:53:13.665   144 20636 I ActivityManager:                11779 kB: com.android.phone (pid 346)
07-19 03:53:13.665   144 20636 I ActivityManager:                 3946 kB: com.android.nfc (pid 359)
07-19 03:53:13.665   144 20636 I ActivityManager:    106470 kB: Foreground
07-19 03:53:13.665   144 20636 I ActivityManager:                62009 kB: com.android.chrome (pid 3217)
07-19 03:53:13.665   144 20636 I ActivityManager:                41471 kB: com.android.chrome:sandboxed_process1 (pid 3452)
07-19 03:53:13.665   144 20636 I ActivityManager:                 2990 kB: com.chess (pid 20622)
07-19 03:53:13.665   144 20636 I ActivityManager:     26608 kB: Visible
07-19 03:53:13.665   144 20636 I ActivityManager:                14598 kB: com.google.android.gsf.login (pid 13970)
07-19 03:53:13.665   144 20636 I ActivityManager:                 9168 kB: com.google.process.gapps (pid 19906)
07-19 03:53:13.665   144 20636 I ActivityManager:                 2842 kB: com.android.smspush (pid 435)
07-19 03:53:13.665   144 20636 I ActivityManager:      6697 kB: Perceptible
07-19 03:53:13.665   144 20636 I ActivityManager:                 6697 kB: com.klye.ime.latin (pid 321)
07-19 03:53:13.665   144 20636 I ActivityManager:     21810 kB: A Services
07-19 03:53:13.665   144 20636 I ActivityManager:                 9417 kB: com.xabber.androiddev (pid 20494)
07-19 03:53:13.665   144 20636 I ActivityManager:                 7535 kB: com.google.android.apps.maps:NetworkLocationService (pid 20045)
07-19 03:53:13.665   144 20636 I ActivityManager:                 4858 kB: edu.buffalo.cse.phonelab.phonelabservices (pid 18797)
07-19 03:53:13.665   144 20636 I ActivityManager:     24810 kB: B Services
07-19 03:53:13.665   144 20636 I ActivityManager:                 6632 kB: com.whatsapp (pid 18480)
07-19 03:53:13.665   144 20636 I ActivityManager:                 6506 kB: com.google.android.apps.maps (pid 19892)
07-19 03:53:13.665   144 20636 I ActivityManager:                 5557 kB: com.google.android.apps.googlevoice (pid 20285)
07-19 03:53:13.665   144 20636 I ActivityManager:                 3436 kB: com.apksoftware.compass (pid 18753)
07-19 03:53:13.665   144 20636 I ActivityManager:                 2679 kB: com.android.sprintmenu (pid 18938)
07-19 03:53:13.665   144 20636 I ActivityManager: 
07-19 03:53:13.665   144 20636 I ActivityManager: Total PSS: 244694 kB
07-19 03:53:13.665   144 20636 I ActivityManager:   PID      Vss      Rss      Pss      Uss  cmdline
07-19 03:53:13.665   144 20636 I ActivityManager:  3217   84592K   84500K   62198K   56288K  com.android.chrome
07-19 03:53:13.665   144 20636 I ActivityManager:  3452   60344K   60240K   41573K   38044K  com.android.chrome:sandboxed_process1
07-19 03:53:13.665   144 20636 I ActivityManager:   144   44984K   44916K   29460K   28380K  system_server
07-19 03:53:13.665   144 20636 I ActivityManager: 13970   30452K   30372K   14713K   13752K  com.google.android.gsf.login
07-19 03:53:13.665   144 20636 I ActivityManager:   215   32432K   32216K   13321K    9304K  com.android.systemui
07-19 03:53:13.665   144 20636 I ActivityManager:    78   21124K   18124K   12232K    7092K  /system/bin/surfaceflinger
07-19 03:53:13.665   144 20636 I ActivityManager:   346   26856K   26784K   11872K   10980K  com.android.phone
07-19 03:53:13.665   144 20636 I ActivityManager: 20494   30012K   29952K    9626K    7660K  com.xabber.androiddev
07-19 03:53:13.665   144 20636 I ActivityManager: 19906   29000K   28912K    9294K    7704K  com.google.process.gapps
07-19 03:53:13.665   144 20636 I ActivityManager: 20045   27352K   27292K    7683K    6056K  com.google.android.apps.maps:NetworkLocationService
07-19 03:53:13.665   144 20636 I ActivityManager:   321   21944K   21844K    6794K    5892K  com.klye.ime.latin
07-19 03:53:13.665   144 20636 I ActivityManager: 18480   25980K   25896K    6765K    5328K  com.whatsapp
07-19 03:53:13.665   144 20636 I ActivityManager: 19892   26588K   26488K    6651K    5084K  com.google.android.apps.maps
07-19 03:53:13.665   144 20636 I ActivityManager: 20285   25876K   25780K    5727K    4012K  com.google.android.apps.googlevoice
07-19 03:53:13.665   144 20636 I ActivityManager: 18797   24072K   23968K    5037K    3620K  edu.buffalo.cse.phonelab.phonelabservices
07-19 03:53:13.665   144 20636 I ActivityManager:   359   19256K   19160K    4040K    3140K  com.android.nfc
07-19 03:53:13.665   144 20636 I ActivityManager: 18753   22496K   22396K    3565K    2232K  com.apksoftware.compass
07-19 03:53:13.665   144 20636 I ActivityManager:   435   18536K   18424K    2946K    1940K  com.android.smspush
07-19 03:53:13.665   144 20636 I ActivityManager: 18938   21488K   21384K    2813K    1500K  com.android.sprintmenu
07-19 03:53:13.665   144 20636 I ActivityManager:    79   18608K   18480K    2224K    1076K  zygote
07-19 03:53:13.665   144 20636 I ActivityManager:    81    2140K    2140K    1814K    1788K  /system/bin/mediaserver
07-19 03:53:13.665   144 20636 I ActivityManager:    80     956K     956K     878K     876K  /system/bin/drmserver
07-19 03:53:13.665   144 20636 I ActivityManager:  1395     984K     980K     845K     840K  logcat
07-19 03:53:13.665   144 20636 I ActivityManager:    77     964K     964K     685K     668K  /system/bin/rild
07-19 03:53:13.665   144 20636 I ActivityManager: 20640     780K     772K     652K     648K  procrank
07-19 03:53:13.665   144 20636 I ActivityManager:   275     692K     688K     533K     524K  /system/bin/wpa_supplicant
07-19 03:53:13.665   144 20636 I ActivityManager:    88     432K     432K     416K     416K  /sbin/adbd
07-19 03:53:13.665   144 20636 I ActivityManager: 19612     552K     548K     362K     348K  /system/bin/netd
07-19 03:53:13.665   144 20636 I ActivityManager:   292     332K     332K     300K     300K  /system/bin/bluetoothd
07-19 03:53:13.665   144 20636 I ActivityManager:    72     380K     376K     290K     284K  /system/bin/vold
07-19 03:53:13.665   144 20636 I ActivityManager:    86     436K     432K     282K     276K  /system/vendor/bin/gpsd
07-19 03:53:13.665   144 20636 I ActivityManager: 28597     352K     348K     198K     192K  /system/bin/dhcpcd
07-19 03:53:13.665   144 20636 I ActivityManager:    82     220K     212K     184K     184K  /system/bin/dbus-daemon
07-19 03:53:13.665   144 20636 I ActivityManager:    85     200K     192K     160K     160K  /system/bin/keystore
07-19 03:53:13.665   144 20636 I ActivityManager:     1     204K     204K     142K     104K  /init
07-19 03:53:13.665   144 20636 I ActivityManager:   203     168K     160K     128K     128K  /system/bin/brcm_patchram_plus
07-19 03:53:13.665   144 20636 I ActivityManager:    61     160K     160K     122K      84K  /sbin/ueventd
07-19 03:53:13.665   144 20636 I ActivityManager:    87     140K     136K     104K     104K  /system/bin/sh
07-19 03:53:13.665   144 20636 I ActivityManager:    83     200K     192K      99K      96K  /system/bin/installd
07-19 03:53:13.665   144 20636 I ActivityManager:    71     160K     152K      93K      92K  /s
07-19 03:53:18.005   359   359 D dalvikvm: GC_EXPLICIT freed <1K, 6% free 9096K/9607K, paused 22ms+2ms
07-19 03:53:22.934  3217  3217 W ThumbnailCache: Low Memory: Freed 0 textures from compression queue, 0 from write queue, 0 from the pinned list, 0 from the cache.
07-19 03:53:23.020  3217  3217 D dalvikvm: GC_EXPLICIT freed 1K, 20% free 12097K/15111K, paused 26ms+4ms
07-19 03:53:28.001  3452  3452 D dalvikvm: GC_EXPLICIT freed <1K, 4% free 9238K/9543K, paused 17ms+2ms
07-19 03:53:32.009   144   155 I ActivityManager: Start proc android.process.acore for content provider com.android.providers.contacts/.ContactsProvider2: pid=20641 uid=10000 gids={3003, 1015}
07-19 03:53:32.044 20641 20641 I ActivityThread: Pub call_log: com.android.providers.contacts.CallLogProvider
07-19 03:53:32.087 20641 20641 I ActivityThread: Pub com.android.voicemail: com.android.providers.contacts.VoicemailContentProvider
07-19 03:53:32.091 20641 20641 I ActivityThread: Pub user_dictionary: com.android.providers.userdictionary.UserDictionaryProvider
07-19 03:53:32.138 20641 20641 I ActivityThread: Pub com.android.social: com.android.providers.contacts.SocialProvider
07-19 03:53:32.141 20641 20641 I ActivityThread: Pub applications: com.android.providers.applications.ApplicationsProvider
07-19 03:53:32.298 20641 20643 D dalvikvm: GC_CONCURRENT freed 324K, 5% free 9148K/9607K, paused 2ms+2ms
07-19 03:53:32.302 20641 20641 I ActivityThread: Pub contacts;com.android.contacts: com.android.providers.contacts.ContactsProvider2
07-19 03:53:32.544 20641 20643 D dalvikvm: GC_CONCURRENT freed 200K, 4% free 9351K/9671K, paused 2ms+2ms
07-19 03:53:33.040   144   160 D dalvikvm: GC_EXPLICIT freed 831K, 23% free 18643K/24199K, paused 3ms+8ms
07-19 03:53:33.626 20641 20643 D dalvikvm: GC_CONCURRENT freed 259K, 4% free 9534K/9927K, paused 25ms+6ms
07-19 03:53:38.079   346   346 D dalvikvm: GC_EXPLICIT freed 2K, 10% free 11911K/13191K, paused 26ms+3ms
07-19 03:53:43.009   435   435 D dalvikvm: GC_EXPLICIT freed <1K, 4% free 9033K/9347K, paused 19ms+2ms
07-19 03:53:48.024   321   321 D dalvikvm: GC_EXPLICIT freed <1K, 24% free 10155K/13191K, paused 17ms+2ms
07-19 03:53:53.028 13970 13970 D dalvikvm: GC_EXPLICIT freed <1K, 6% free 9758K/10375K, paused 22ms+2ms
07-19 03:53:58.028   215   215 D dalvikvm: GC_EXPLICIT freed 24K, 56% free 10150K/22727K, paused 22ms+4ms
07-19 03:54:02.427   144   388 I ActivityManager: Start proc com.google.android.apps.maps:LocationFriendService for service com.google.android.apps.maps/com.google.googlenav.friend.reporting.LocationReceiverService: pid=20661 uid=10056 gids={3003, 1015}
07-19 03:54:02.595 20661 20665 D dalvikvm: GC_CONCURRENT freed 163K, 3% free 9368K/9607K, paused 6ms+3ms
07-19 03:54:03.013 20661 20665 D dalvikvm: GC_CONCURRENT freed 129K, 3% free 9677K/9927K, paused 21ms+2ms
07-19 03:54:03.466   144   342 I ActivityManager: Process android.process.acore (pid 20641) has died.
07-19 03:54:03.622   144  1167 D dalvikvm: GC_EXPLICIT freed 145K, 23% free 18639K/24199K, paused 57ms+8ms
07-19 03:54:03.720 20661 20665 D dalvikvm: GC_CONCURRENT freed 307K, 4% free 9841K/10247K, paused 2ms+2ms
07-19 03:54:03.833 20661 20669 I dalvikvm: Total arena pages for JIT: 11
07-19 03:54:03.833 20661 20669 I dalvikvm: Total arena pages for JIT: 12
07-19 03:54:03.837 20661 20669 I dalvikvm: Total arena pages for JIT: 13
07-19 03:54:03.837 20661 20669 I dalvikvm: Total arena pages for JIT: 14
07-19 03:54:03.837 20661 20669 I dalvikvm: Total arena pages for JIT: 15
07-19 03:54:03.837 20661 20669 I dalvikvm: Total arena pages for JIT: 16
07-19 03:54:03.837 20661 20669 I dalvikvm: Total arena pages for JIT: 17
07-19 03:54:03.950 20661 20665 D dalvikvm: GC_CONCURRENT freed 330K, 5% free 9973K/10439K, paused 2ms+2ms
07-19 03:54:07.411 19906 19906 D dalvikvm: GC_EXPLICIT freed 93K, 6% free 9829K/10439K, paused 6ms+4ms
07-19 03:54:12.399 18753 18753 D dalvikvm: GC_EXPLICIT freed 10K, 4% free 9125K/9479K, paused 20ms+2ms
07-19 03:54:17.403 18938 18938 D dalvikvm: GC_EXPLICIT freed <1K, 4% free 9051K/9347K, paused 35ms+2ms
07-19 03:54:22.431 19892 19892 D dalvikvm: GC_EXPLICIT freed <1K, 4% free 10925K/11335K, paused 23ms+3ms
07-19 03:54:27.419 20045 20045 D dalvikvm: GC_EXPLICIT freed 265K, 7% free 10394K/11079K, paused 55ms+3ms
07-19 03:54:32.431 18480 18480 D dalvikvm: GC_EXPLICIT freed 73K, 8% free 9928K/10695K, paused 26ms+3ms
07-19 03:54:37.724   144   199 D DhcpInfoInternal: makeLinkProperties with empty dns2!
07-19 03:54:37.727   144   199 D DhcpInfoInternal: makeLinkProperties with empty dns2!
07-19 03:54:37.954 18797 18810 I PhoneLab-: Service Running
07-19 03:54:38.052 18797 18810 I PhoneLab-LoggerService: app_37    1395  1     1432   980   c00f181c 400107b4 S logcat
07-19 03:54:38.056 18797 18810 I PhoneLab-LoggerService: Logcat pid from database 1395
07-19 03:54:38.056 18797 18810 I PhoneLab-LoggerService: Logcat process found 1395
07-19 03:54:38.056 18797 18810 I PhoneLab-LoggerService: Checking Threshold
07-19 03:54:43.927 20285 20285 D dalvikvm: GC_EXPLICIT freed <1K, 6% free 9658K/10183K, paused 22ms+2ms
07-19 03:54:48.931 18797 18797 D dalvikvm: GC_EXPLICIT freed 175K, 15% free 9092K/10631K, paused 24ms+2ms
07-19 03:54:53.938 20494 20494 D dalvikvm: GC_EXPLICIT freed 257K, 6% free 10692K/11335K, paused 44ms+3ms
07-19 03:55:01.110   144   156 I ActivityManager: Start proc android.process.acore for content provider com.android.providers.contacts/.ContactsProvider2: pid=20707 uid=10000 gids={3003, 1015}
07-19 03:55:01.216 20707 20707 I ActivityThread: Pub call_log: com.android.providers.contacts.CallLogProvider
07-19 03:55:01.266 20707 20707 I ActivityThread: Pub com.android.voicemail: com.android.providers.contacts.VoicemailContentProvider
07-19 03:55:01.274 20707 20707 I ActivityThread: Pub user_dictionary: com.android.providers.userdictionary.UserDictionaryProvider
07-19 03:55:01.306 20707 20707 I ActivityThread: Pub com.android.social: com.android.providers.contacts.SocialProvider
07-19 03:55:01.309 20707 20707 I ActivityThread: Pub applications: com.android.providers.applications.ApplicationsProvider
07-19 03:55:01.341   144 15767 I ActivityManager: Process com.apksoftware.compass (pid 18753) has died.
07-19 03:55:01.341   144 15767 W ActivityManager: Scheduling restart of crashed service com.apksoftware.compass/com.catchnotes.buy.CatchBuyService in 5000ms
07-19 03:55:01.423 20707 20707 I ActivityThread: Pub contacts;com.android.contacts: com.android.providers.contacts.ContactsProvider2
07-19 03:55:01.431 20707 20709 D dalvikvm: GC_CONCURRENT freed 333K, 5% free 9197K/9607K, paused 2ms+2ms
07-19 03:55:01.684 20707 20709 D dalvikvm: GC_CONCURRENT freed 236K, 4% free 9371K/9735K, paused 2ms+2ms
07-19 03:55:02.388 20661 20669 I dalvikvm: Total arena pages for JIT: 18
07-19 03:55:02.489 20661 20665 D dalvikvm: GC_CONCURRENT freed 429K, 6% free 9944K/10503K, paused 3ms+2ms
07-19 03:55:02.661 20707 20709 D dalvikvm: GC_CONCURRENT freed 184K, 4% free 9607K/9927K, paused 20ms+3ms
07-19 03:55:06.450   144   161 I ActivityManager: Start proc com.apksoftware.compass for service com.apksoftware.compass/com.catchnotes.buy.CatchBuyService: pid=20727 uid=10091 gids={3003}
07-19 03:55:06.477 20727 20727 I dalvikvm: Turning on JNI app bug workarounds for target SDK version 8...
07-19 03:55:06.599 20727 20727 I BugSenseHandler: Registering default exceptions handler
07-19 03:55:06.599 20727 20727 D BugSenseHandler: Looking for exceptions in: /data/data/com.apksoftware.compass/files
07-19 03:55:06.622 20727 20727 D BugSenseHandler: Found 0 stacktrace(s)
07-19 03:55:06.716 20727 20727 W CatchBuyService: handleCommand received null intent
07-19 03:55:10.384   144   160 V BackupManagerService: Running a backup pass
07-19 03:55:10.411   144   214 V BackupManagerService: Backup requested but nothing pending
07-19 03:55:18.587   144   174 I ActivityManager: Start proc com.twitter.android for service com.twitter.android/.client.AppService: pid=20746 uid=10064 gids={3003, 1015}
07-19 03:55:18.591 20746 20746 I dalvikvm: Turning on JNI app bug workarounds for target SDK version 11...
07-19 03:55:18.708 20746 20746 I ActivityThread: Pub com.twitter.android.provider.GlobalDatabaseProvider: com.twitter.android.provider.GlobalDatabaseProvider
07-19 03:55:18.724 20746 20746 I ActivityThread: Pub com.twitter.android.provider.TwitterProvider: com.twitter.android.provider.TwitterProvider
07-19 03:55:18.903 20746 20749 D dalvikvm: GC_CONCURRENT freed 191K, 4% free 9305K/9607K, paused 11ms+10ms
07-19 03:55:19.325 20746 20749 D dalvikvm: GC_CONCURRENT freed 219K, 4% free 9510K/9863K, paused 2ms+2ms
07-19 03:55:19.481 20746 20749 D dalvikvm: GC_CONCURRENT freed 286K, 5% free 9640K/10055K, paused 2ms+2ms
07-19 03:55:19.548   144 12390 I ActivityManager: Process edu.buffalo.cse.phonelab.phonelabservices (pid 18797) has died.
07-19 03:55:19.548   144 12390 W ActivityManager: Scheduling restart of crashed service edu.buffalo.cse.phonelab.phonelabservices/edu.buffalo.cse.phonelab.datalogger.LoggerService in 5000ms
07-19 03:55:19.634 20746 20749 D dalvikvm: GC_CONCURRENT freed 293K, 5% free 9759K/10183K, paused 1ms+1ms
07-19 03:55:19.759 20746 20749 D dalvikvm: GC_CONCURRENT freed 301K, 5% free 9885K/10311K, paused 1ms+2ms
07-19 03:55:19.888 20746 20749 D dalvikvm: GC_CONCURRENT freed 299K, 5% free 10014K/10439K, paused 1ms+5ms
07-19 03:55:20.013 20746 20749 D dalvikvm: GC_CONCURRENT freed 294K, 5% free 10142K/10567K, paused 1ms+2ms
07-19 03:55:20.141 20746 20749 D dalvikvm: GC_CONCURRENT freed 296K, 4% free 10270K/10695K, paused 1ms+2ms
07-19 03:55:20.329 20746 20749 D dalvikvm: GC_CONCURRENT freed 471K, 6% free 10220K/10823K, paused 2ms+2ms
07-19 03:55:20.454 20746 20749 D dalvikvm: GC_CONCURRENT freed 320K, 5% free 10294K/10823K, paused 1ms+2ms
07-19 03:55:20.579 20746 20749 D dalvikvm: GC_CONCURRENT freed 331K, 5% free 10370K/10823K, paused 2ms+2ms
07-19 03:55:20.743 20746 20749 D dalvikvm: GC_CONCURRENT freed 352K, 5% free 10468K/10951K, paused 2ms+3ms
07-19 03:55:20.872 20746 20749 D dalvikvm: GC_CONCURRENT freed 340K, 5% free 10551K/11015K, paused 2ms+1ms
07-19 03:55:21.009 20746 20749 D dalvikvm: GC_CONCURRENT freed 324K, 5% free 10630K/11079K, paused 2ms+3ms
07-19 03:55:21.145 20746 20749 D dalvikvm: GC_CONCURRENT freed 368K, 5% free 10716K/11207K, paused 1ms+3ms
07-19 03:55:21.294 20746 20749 D dalvikvm: GC_CONCURRENT freed 400K, 5% free 10810K/11335K, paused 2ms+2ms
07-19 03:55:21.868   144  6618 I ActivityManager: Process android.process.acore (pid 20707) has died.
07-19 03:55:22.622 20746 20749 D dalvikvm: GC_CONCURRENT freed 323K, 4% free 11018K/11463K, paused 2ms+2ms
07-19 03:55:24.337 20746 20749 D dalvikvm: GC_CONCURRENT freed 437K, 5% free 11151K/11719K, paused 2ms+6ms
07-19 03:55:24.681   144   161 I ActivityManager: Start proc edu.buffalo.cse.phonelab.phonelabservices for service edu.buffalo.cse.phonelab.phonelabservices/edu.buffalo.cse.phonelab.datalogger.LoggerService: pid=20766 uid=10037 gids={3003, 1015, 1007, 2001}
07-19 03:55:24.716   144   310 I ActivityManager: Process com.twitter.android (pid 20746) has died.
07-19 03:55:24.747 20766 20766 I PhoneLab-LoggerService: Start Logger Service
07-19 03:55:24.763 20766 20779 I PhoneLab-: Service Running
07-19 03:55:24.798   144   388 I ActivityManager: Process com.google.android.apps.maps:LocationFriendService (pid 20661) has died.
07-19 03:55:24.845 20766 20779 I PhoneLab-LoggerService: app_37    1395  1     1432   980   c00f181c 400107b4 S logcat
07-19 03:55:24.845 20766 20779 I PhoneLab-LoggerService: Logcat pid from database 1395
07-19 03:55:24.845 20766 20779 I PhoneLab-LoggerService: Logcat process found 1395
07-19 03:55:24.845 20766 20779 I PhoneLab-LoggerService: Checking Threshold
07-19 03:55:29.895   359   359 D dalvikvm: GC_EXPLICIT freed <1K, 6% free 9096K/9607K, paused 9ms+3ms
07-19 03:55:34.856  3217  3217 W ThumbnailCache: Low Memory: Freed 0 textures from compression queue, 0 from write queue, 0 from the pinned list, 0 from the cache.
07-19 03:55:34.938  3217  3217 D dalvikvm: GC_EXPLICIT freed 1K, 20% free 12097K/15111K, paused 24ms+4ms
07-19 03:55:39.895  3452  3452 D dalvikvm: GC_EXPLICIT freed <1K, 4% free 9238K/9543K, paused 22ms+2ms
07-19 03:55:45.001   144   160 D dalvikvm: GC_EXPLICIT freed 528K, 23% free 18650K/24199K, paused 45ms+8ms
07-19 03:55:53.997   346   346 D dalvikvm: GC_EXPLICIT freed 3K, 10% free 11911K/13191K, paused 2ms+3ms
07-19 03:55:59.067   435   435 D dalvikvm: GC_EXPLICIT freed <1K, 4% free 9033K/9347K, paused 19ms+2ms
07-19 03:56:02.532   144   378 I ActivityManager: Start proc com.google.android.apps.maps:LocationFriendService for service com.google.android.apps.maps/com.google.googlenav.friend.reporting.LocationReceiverService: pid=20783 uid=10056 gids={3003, 1015}
07-19 03:56:02.626 20045 20047 D dalvikvm: GC_CONCURRENT freed 499K, 7% free 10402K/11079K, paused 1ms+3ms
07-19 03:56:02.657 20783 20786 D dalvikvm: GC_CONCURRENT freed 175K, 3% free 9356K/9607K, paused 2ms+2ms
07-19 03:56:03.036 20783 20786 D dalvikvm: GC_CONCURRENT freed 151K, 3% free 9689K/9927K, paused 8ms+2ms
07-19 03:56:03.434 20783 20786 D dalvikvm: GC_CONCURRENT freed 295K, 4% free 9841K/10247K, paused 2ms+2ms
07-19 03:56:03.665 20783 20786 D dalvikvm: GC_CONCURRENT freed 329K, 4% free 9977K/10375K, paused 2ms+3ms
07-19 03:56:07.509   321   321 D dalvikvm: GC_EXPLICIT freed <1K, 24% free 10155K/13191K, paused 22ms+3ms
07-19 03:56:12.513 13970 13970 D dalvikvm: GC_EXPLICIT freed <1K, 6% free 9758K/10375K, paused 32ms+3ms
07-19 03:56:17.528   215   215 D dalvikvm: GC_EXPLICIT freed 43K, 56% free 10151K/22727K, paused 53ms+3ms
07-19 03:56:22.610 19906 19906 D dalvikvm: GC_EXPLICIT freed 65K, 6% free 9820K/10439K, paused 33ms+3ms
07-19 03:56:27.509 18938 18938 D dalvikvm: GC_EXPLICIT freed <1K, 4% free 9051K/9347K, paused 58ms+2ms
07-19 03:56:32.532 19892 19892 D dalvikvm: GC_EXPLICIT freed <1K, 4% free 10925K/11335K, paused 39ms+3ms
07-19 03:56:37.556 20045 20045 D dalvikvm: GC_EXPLICIT freed 10K, 7% free 10391K/11079K, paused 85ms+2ms
07-19 03:56:42.563 18480 18480 D dalvikvm: GC_EXPLICIT freed 8K, 8% free 9928K/10695K, paused 20ms+3ms
07-19 03:56:47.567 20285 20285 D dalvikvm: GC_EXPLICIT freed <1K, 6% free 9658K/10183K, paused 71ms+2ms
07-19 03:56:52.595 20494 20494 D dalvikvm: GC_EXPLICIT freed 15K, 6% free 10692K/11335K, paused 49ms+3ms
07-19 03:57:02.528   144   199 D DhcpInfoInternal: makeLinkProperties with empty dns2!
07-19 03:57:02.528   144   199 D DhcpInfoInternal: makeLinkProperties with empty dns2!
07-19 03:57:02.587 20783 20790 I dalvikvm: Total arena pages for JIT: 11
07-19 03:57:02.587 20783 20790 I dalvikvm: Total arena pages for JIT: 12
07-19 03:57:02.591 20783 20790 I dalvikvm: Total arena pages for JIT: 13
07-19 03:57:02.591 20783 20790 I dalvikvm: Total arena pages for JIT: 14
07-19 03:57:02.591 20783 20790 I dalvikvm: Total arena pages for JIT: 15
07-19 03:57:02.591 20783 20790 I dalvikvm: Total arena pages for JIT: 16
07-19 03:57:02.591 20783 20790 I dalvikvm: Total arena pages for JIT: 17
07-19 03:57:02.630 20783 20790 I dalvikvm: Total arena pages for JIT: 18
07-19 03:57:02.704 20783 20786 D dalvikvm: GC_CONCURRENT freed 436K, 6% free 9944K/10503K, paused 1ms+3ms
07-19 03:57:04.454   144   155 I ActivityManager: Start proc android.process.acore for content provider com.android.providers.contacts/.ContactsProvider2: pid=20826 uid=10000 gids={3003, 1015}
07-19 03:57:04.505    79    79 D dalvikvm: GC_EXPLICIT freed 37K, 4% free 9027K/9347K, paused 2ms+4ms
07-19 03:57:04.516 20826 20826 I ActivityThread: Pub call_log: com.android.providers.contacts.CallLogProvider
07-19 03:57:04.536    79    79 D dalvikvm: GC_EXPLICIT freed <1K, 4% free 9027K/9347K, paused 2ms+2ms
07-19 03:57:04.559 20826 20826 I ActivityThread: Pub com.android.voicemail: com.android.providers.contacts.VoicemailContentProvider
07-19 03:57:04.559 20826 20826 I ActivityThread: Pub user_dictionary: com.android.providers.userdictionary.UserDictionaryProvider
07-19 03:57:04.575    79    79 D dalvikvm: GC_EXPLICIT freed <1K, 4% free 9027K/9347K, paused 4ms+2ms
07-19 03:57:04.583 20826 20826 I ActivityThread: Pub com.android.social: com.android.providers.contacts.SocialProvider
07-19 03:57:04.587 20826 20826 I ActivityThread: Pub applications: com.android.providers.applications.ApplicationsProvider
07-19 03:57:04.669 20826 20826 I ActivityThread: Pub contacts;com.android.contacts: com.android.providers.contacts.ContactsProvider2
07-19 03:57:04.681 20826 20828 D dalvikvm: GC_CONCURRENT freed 350K, 5% free 9182K/9607K, paused 2ms+3ms
07-19 03:57:04.763   144   390 I ActivityManager: Process com.google.android.apps.maps:LocationFriendService (pid 20783) has died.
07-19 03:57:04.950 20826 20828 D dalvikvm: GC_CONCURRENT freed 242K, 4% free 9376K/9735K, paused 3ms+3ms
07-19 03:57:05.891 20826 20828 D dalvikvm: GC_CONCURRENT freed 199K, 4% free 9599K/9927K, paused 4ms+2ms
07-19 03:57:10.735   144   174 I ActivityManager: Start proc com.google.android.maps.mytracks for service com.google.android.maps.mytracks/com.google.android.apps.mytracks.services.RemoveTempFilesService: pid=20844 uid=10072 gids={3002, 3001, 3003, 1015}
07-19 03:57:10.786   144   174 I ActivityManager: Start proc com.google.android.gm for service com.google.android.gm/.provider.MailIndexerService: pid=20857 uid=10075 gids={3003, 1015}
07-19 03:57:10.825   144   174 I ActivityManager: Start proc com.google.android.apps.plus for service com.google.android.apps.plus/.service.EsService: pid=20869 uid=10060 gids={3003, 3002, 1015, 1006}
07-19 03:57:10.923 20844 20844 I ActivityThread: Pub com.google.android.maps.mytracks.search: com.google.android.apps.mytracks.content.SearchEngineProvider
07-19 03:57:10.938   144   174 I ActivityManager: Start proc com.facebook.katana for service com.facebook.katana/com.facebook.orca.images.ImageCacheCleanupService: pid=20883 uid=10071 gids={3003, 1006, 1015}
07-19 03:57:10.962 20844 20844 I ActivityThread: Pub com.google.android.maps.mytracks: com.google.android.apps.mytracks.content.MyTracksProvider
07-19 03:57:10.989 20844 20844 D MyTracks: Enabling strict mode
07-19 03:57:10.993 20883 20883 I dalvikvm: Turning on JNI app bug workarounds for target SDK version 10...
07-19 03:57:11.141   144   310 I ActivityManager: Process android.process.acore (pid 20826) has died.
07-19 03:57:11.255 20857 20857 I ActivityThread: Pub gmail-ls: com.google.android.gm.provider.MailProvider
07-19 03:57:11.302 20857 20857 I ActivityThread: Pub com.google.android.gm: com.google.android.gm.provider.PublicContentProvider
07-19 03:57:11.317 20844 20845 D dalvikvm: GC_CONCURRENT freed 314K, 5% free 9181K/9607K, paused 30ms+15ms
07-19 03:57:11.317 20869 20873 D dalvikvm: GC_CONCURRENT freed 154K, 3% free 9377K/9607K, paused 73ms+6ms
07-19 03:57:11.411 20857 20857 I ActivityThread: Pub com.google.android.gmail.SuggestionProvider: com.google.android.gm.SuggestionsProvider
07-19 03:57:11.419 20844 20844 D StrictMode: StrictMode policy violation; ~duration=324 ms: android.os.StrictMode$StrictModeDiskWriteViolation: policy=21 violation=1
07-19 03:57:11.419 20844 20844 D StrictMode: 	at android.os.StrictMode$AndroidBlockGuardPolicy.onWriteToDisk(StrictMode.java:1063)
07-19 03:57:11.419 20844 20844 D StrictMode: 	at android.database.sqlite.SQLiteStatement.acquireAndLock(SQLiteStatement.java:226)
07-19 03:57:11.419 20844 20844 D StrictMode: 	at android.database.sqlite.SQLiteStatement.executeUpdateDelete(SQLiteStatement.java:84)
07-19 03:57:11.419 20844 20844 D StrictMode: 	at android.database.sqlite.SQLiteDatabase.executeSql(SQLiteDatabase.java:1899)
07-19 03:57:11.419 20844 20844 D StrictMode: 	at android.database.sqlite.SQLiteDatabase.execSQL(SQLiteDatabase.java:1839)
07-19 03:57:11.419 20844 20844 D StrictMode: 	at android.database.sqlite.SQLiteDatabase.setPageSize(SQLiteDatabase.java:1297)
07-19 03:57:11.419 20844 20844 D StrictMode: 	at android.database.sqlite.SQLiteDatabase.openDatabase(SQLiteDatabase.java:995)
07-19 03:57:11.419 20844 20844 D StrictMode: 	at android.database.sqlite.SQLiteDatabase.openOrCreateDatabase(SQLiteDatabase.java:1051)
07-19 03:57:11.419 20844 20844 D StrictMode: 	at android.app.ContextImpl.openOrCreateDatabase(ContextImpl.java:770)
07-19 03:57:11.419 20844 20844 D StrictMode: 	at android.content.ContextWrapper.openOrCreateDatabase(ContextWrapper.java:221)
07-19 03:57:11.419 20844 20844 D StrictMode: 	at android.database.sqlite.SQLiteOpenHelper.getWritableDatabase(SQLiteOpenHelper.java:157)
07-19 03:57:11.419 20844 20844 D StrictMode: 	at com.google.android.apps.analytics.v.<init>(Unknown Source)
07-19 03:57:11.419 20844 20844 D StrictMode: 	at com.google.android.apps.analytics.v.<init>(Unknown Source)
07-19 03:57:11.419 20844 20844 D StrictMode: 	at com.google.android.apps.analytics.i.a(Unknown Source)
07-19 03:57:11.419 20844 20844 D StrictMode: 	at com.google.android.apps.mytracks.b.a.a(MT:43)
07-19 03:57:11.419 20844 20844 D StrictMode: 	at com.google.android.apps.mytracks.MyTracksApplication.onCreate(MT:42)
07-19 03:57:11.419 20844 20844 D StrictMode: 	at android.app.Instrumentation.callApplicationOnCreate(Instrumentation.java:969)
07-19 03:57:11.419 20844 20844 D StrictMode: 	at android.app.ActivityThread.handleBindApplication(ActivityThread.java:3954)
07-19 03:57:11.419 20844 20844 D StrictMode: 	at android.app.ActivityThread.access$1300(ActivityThread.java:123)
07-19 03:57:11.419 20844 20844 D StrictMode: 	at android.app.ActivityThread$H.handleMessage(ActivityThread.java:1185)
07-19 03:57:11.419 20844 20844 D StrictMode: 	at android.os.Handler.dispatchMessage(Handler.java:99)
07-19 03:57:11.419 20844 20844 D StrictMode: 	at android.os.Looper.loop(Looper.java:137)
07-19 03:57:11.419 20844 20844 D StrictMode: 	at android.app.ActivityThread.main(ActivityThread.java:4424)
07-19 03:57:11.419 20844 20844 D StrictMode: 	at java.lang.reflect.Method.invokeNative(Native Method)
07-19 03:57:11.419 20844 20844 D StrictMode: 	at java.lang.reflect.Method.invoke(Method.java:511)
07-19 03:57:11.419 20844 20844 D StrictMode: 	at com.android.internal.os.ZygoteInit$MethodAndArgsCaller.run(ZygoteInit.java:784)
07-19 03:57:11.419 20844 20844 D StrictMode: 	at com.android.internal.os.ZygoteInit.main(ZygoteInit.java:551)
07-19 03:57:11.419 20844 20844 D StrictMode: 	at dalvik.system.NativeStart.main(Native Method)
07-19 03:57:11.419 20844 20844 D StrictMode: StrictMode policy violation; ~duration=248 ms: android.os.StrictMode$StrictModeDiskWriteViolation: policy=21 violation=1
07-19 03:57:11.419 20844 20844 D StrictMode: 	at android.os.StrictMode$AndroidBlockGuardPolicy.onWriteToDisk(StrictMode.java:1063)
07-19 03:57:11.419 20844 20844 D StrictMode: 	at android.database.sqlite.SQLiteStatement.acquireAndLock(SQLiteStatement.java:226)
07-19 03:57:11.419 20844 20844 D StrictMode: 	at android.database.sqlite.SQLiteStatement.executeUpdateDelete(SQLiteStatement.java:84)
07-19 03:57:11.419 20844 20844 D StrictMode: 	at android.database.sqlite.SQLiteDatabase.executeSql(SQLiteDatabase.java:1899)
07-19 03:57:11.419 20844 20844 D StrictMode: 	at android.database.sqlite.SQLiteDatabase.execSQL(SQLiteDatabase.java:1839)
07-19 03:57:11.419 20844 20844 D StrictMode: 	at android.database.sqlite.SQLiteDatabase.beginTransaction(SQLiteDatabase.java:659)
07-19 03:57:11.419 20844 20844 D StrictMode: 	at android.database.sqlite.SQLiteDatabase.beginTransaction(SQLiteDatabase.java:552)
07-19 03:57:11.419 20844 20844 D StrictMode: 	at com.google.android.apps.analytics.v.a(Unknown Source)
07-19 03:57:11.419 20844 20844 D StrictMode: 	at com.google.android.apps.analytics.i.a(Unknown Source)
07-19 03:57:11.419 20844 20844 D StrictMode: 	at com.google.android.apps.mytracks.b.a.a(MT:45)
07-19 03:57:11.419 20844 20844 D StrictMode: 	at com.google.android.apps.mytracks.MyTracksApplication.onCreate(MT:42)
07-19 03:57:11.419 20844 20844 D StrictMode: 	at android.app.Instrumentation.callApplicationOnCreate(Instrumentation.java:969)
07-19 03:57:11.419 20844 20844 D StrictMode: 	at android.app.ActivityThread.handleBindApplication(ActivityThread.java:3954)
07-19 03:57:11.419 20844 20844 D StrictMode: 	at android.app.ActivityThread.access$1300(ActivityThread.java:123)
07-19 03:57:11.419 20844 20844 D StrictMode: 	at android.app.ActivityThread$H.handleMessage(ActivityThread.java:1185)
07-19 03:57:11.419 20844 20844 D StrictMode: 	at android.os.Handler.dispatchMessage(Handler.java:99)
07-19 03:57:11.419 20844 20844 D StrictMode: 	at android.os.Looper.loop(Looper.java:137)
07-19 03:57:11.419 20844 20844 D StrictMode: 	at android.app.ActivityThread.main(ActivityThread.java:4424)
07-19 03:57:11.419 20844 20844 D StrictMode: 	at java.lang.reflect.Method.invokeNative(Native Method)
07-19 03:57:11.419 20844 20844 D StrictMode: 	at java.lang.reflect.Method.invoke(Method.java:511)
07-19 03:57:11.419 20844 20844 D StrictMode: 	at com.android.internal.os.ZygoteInit$MethodAndArgsCaller.run(ZygoteInit.java:784)
07-19 03:57:11.419 20844 20844 D StrictMode: 	at com.android.internal.os.ZygoteInit.main(ZygoteInit.java:551)
07-19 03:57:11.419 20844 20844 D StrictMode: 	at dalvik.system.NativeStart.main(Native Method)
07-19 03:57:11.431 20844 20844 D StrictMode: StrictMode policy violation; ~duration=245 ms: android.os.StrictMode$StrictModeDiskWriteViolation: policy=21 violation=1
07-19 03:57:11.431 20844 20844 D StrictMode: 	at android.os.StrictMode$AndroidBlockGuardPolicy.onWriteToDisk(StrictMode.java:1063)
07-19 03:57:11.431 20844 20844 D StrictMode: 	at android.database.sqlite.SQLiteStatement.acquireAndLock(SQLiteStatement.java:226)
07-19 03:57:11.431 20844 20844 D StrictMode: 	at android.database.sqlite.SQLiteStatement.executeUpdateDelete(SQLiteStatement.java:84)
07-19 03:57:11.431 20844 20844 D StrictMode: 	at android.database.sqlite.SQLiteDatabase.delete(SQLiteDatabase.java:1741)
07-19 03:57:11.431 20844 20844 D StrictMode: 	at com.google.android.apps.analytics.v.a(Unknown Source)
07-19 03:57:11.431 20844 20844 D StrictMode: 	at com.google.android.apps.analytics.i.a(Unknown Source)
07-19 03:57:11.431 20844 20844 D StrictMode: 	at com.google.android.apps.mytracks.b.a.a(MT:45)
07-19 03:57:11.431 20844 20844 D StrictMode: 	at com.google.android.apps.mytracks.MyTracksApplication.onCreate(MT:42)
07-19 03:57:11.431 20844 20844 D StrictMode: 	at android.app.Instrumentation.callApplicationOnCreate(Instrumentation.java:969)
07-19 03:57:11.431 20844 20844 D StrictMode: 	at android.app.ActivityThread.handleBindApplication(ActivityThread.java:3954)
07-19 03:57:11.431 20844 20844 D StrictMode: 	at android.app.ActivityThread.access$1300(ActivityThread.java:123)
07-19 03:57:11.431 20844 20844 D StrictMode: 	at android.app.ActivityThread$H.handleMessage(ActivityThread.java:1185)
07-19 03:57:11.431 20844 20844 D StrictMode: 	at android.os.Handler.dispatchMessage(Handler.java:99)
07-19 03:57:11.431 20844 20844 D StrictMode: 	at android.os.Looper.loop(Looper.java:137)
07-19 03:57:11.431 20844 20844 D StrictMode: 	at android.app.ActivityThread.main(ActivityThread.java:4424)
07-19 03:57:11.431 20844 20844 D StrictMode: 	at java.lang.reflect.Method.invokeNative(Native Method)
07-19 03:57:11.431 20844 20844 D StrictMode: 	at java.lang.reflect.Method.invoke(Method.java:511)
07-19 03:57:11.431 20844 20844 D StrictMode: 	at com.android.internal.os.ZygoteInit$MethodAndArgsCaller.run(ZygoteInit.java:784)
07-19 03:57:11.431 20844 20844 D StrictMode: 	at com.android.internal.os.ZygoteInit.main(ZygoteInit.java:551)
07-19 03:57:11.431 20844 20844 D StrictMode: 	at dalvik.system.NativeStart.main(Native Method)
07-19 03:57:11.431 20844 20844 D StrictMode: StrictMode policy violation; ~duration=242 ms: android.os.StrictMode$StrictModeDiskWriteViolation: policy=21 violation=1
07-19 03:57:11.431 20844 20844 D StrictMode: 	at android.os.StrictMode$AndroidBlockGuardPolicy.onWriteToDisk(StrictMode.java:1063)
07-19 03:57:11.431 20844 20844 D StrictMode: 	at android.database.sqlite.SQLiteStatement.acquireAndLock(SQLiteStatement.java:226)
07-19 03:57:11.431 20844 20844 D StrictMode: 	at android.database.sqlite.SQLiteStatement.executeInsert(SQLiteStatement.java:112)
07-19 03:57:11.431 20844 20844 D StrictMode: 	at android.database.sqlite.SQLiteDatabase.insertWithOnConflict(SQLiteDatabase.java:1718)
07-19 03:57:11.431 20844 20844 D StrictMode: 	at android.database.sqlite.SQLiteDatabase.insert(SQLiteDatabase.java:1591)
07-19 03:57:11.431 20844 20844 D StrictMode: 	at com.google.android.apps.analytics.v.a(Unknown Source)
07-19 03:57:11.431 20844 20844 D StrictMode: 	at com.google.android.apps.analytics.i.a(Unknown Source)
07-19 03:57:11.431 20844 20844 D StrictMode: 	at com.google.android.apps.mytracks.b.a.a(MT:45)
07-19 03:57:11.431 20844 20844 D StrictMode: 	at com.google.android.apps.mytracks.MyTracksApplication.onCreate(MT:42)
07-19 03:57:11.431 20844 20844 D StrictMode: 	at android.app.Instrumentation.callApplicationOnCreate(Instrumentation.java:969)
07-19 03:57:11.431 20844 20844 D StrictMode: 	at android.app.ActivityThread.handleBindApplication(ActivityThread.java:3954)
07-19 03:57:11.431 20844 20844 D StrictMode: 	at android.app.ActivityThread.access$1300(ActivityThread.java:123)
07-19 03:57:11.431 20844 20844 D StrictMode: 	at android.app.ActivityThread$H.handleMessage(ActivityThread.java:1185)
07-19 03:57:11.431 20844 20844 D StrictMode: 	at android.os.Handler.dispatchMessage(Handler.java:99)
07-19 03:57:11.431 20844 20844 D StrictMode: 	at android.os.Looper.loop(Looper.java:137)
07-19 03:57:11.431 20844 20844 D StrictMode: 	at android.app.ActivityThread.main(ActivityThread.java:4424)
07-19 03:57:11.431 20844 20844 D StrictMode: 	at java.lang.reflect.Method.invokeNative(Native Method)
07-19 03:57:11.431 20844 20844 D StrictMode: 	at java.lang.reflect.Method.invoke(Method.java:511)
07-19 03:57:11.431 20844 20844 D StrictMode: 	at com.android.internal.os.ZygoteInit$MethodAndArgsCaller.run(ZygoteInit.java:784)
07-19 03:57:11.431 20844 20844 D StrictMode: 	at com.android.internal.os.ZygoteInit.main(ZygoteInit.java:551)
07-19 03:57:11.431 20844 20844 D StrictMode: 	at dalvik.system.NativeStart.main(Native Method)
07-19 03:57:11.431 20844 20844 D StrictMode: StrictMode policy violation; ~duration=226 ms: android.os.StrictMode$StrictModeDiskWriteViolation: policy=21 violation=1
07-19 03:57:11.431 20844 20844 D StrictMode: 	at android.os.StrictMode$AndroidBlockGuardPolicy.onWriteToDisk(StrictMode.java:1063)
07-19 03:57:11.431 20844 20844 D StrictMode: 	at android.database.sqlite.SQLiteStatement.acquireAndLock(SQLiteStatement.java:226)
07-19 03:57:11.431 20844 20844 D StrictMode: 	at android.database.sqlite.SQLiteStatement.executeInsert(SQLiteStatement.java:112)
07-19 03:57:11.431 20844 20844 D StrictMode: 	at android.database.sqlite.SQLiteDatabase.insertWithOnConflict(SQLiteDatabase.java:1718)
07-19 03:57:11.431 20844 20844 D StrictMode: 	at android.database.sqlite.SQLiteDatabase.insert(SQLiteDatabase.java:1591)
07-19 03:57:11.431 20844 20844 D StrictMode: 	at com.google.android.apps.analytics.v.a(Unknown Source)
07-19 03:57:11.431 20844 20844 D StrictMode: 	at com.google.android.apps.analytics.v.a(Unknown Source)
07-19 03:57:11.431 20844 20844 D StrictMode: 	at com.google.android.apps.analytics.v.a(Unknown Source)
07-19 03:57:11.431 20844 20844 D StrictMode: 	at com.google.android.apps.analytics.i.a(Unknown Source)
07-19 03:57:11.431 20844 20844 D StrictMode: 	at com.google.android.apps.mytracks.b.a.a(MT:45)
07-19 03:57:11.431 20844 20844 D StrictMode: 	at com.google.android.apps.mytracks.MyTracksApplication.onCreate(MT:42)
07-19 03:57:11.431 20844 20844 D StrictMode: 	at android.app.Instrumentation.callApplicationOnCreate(Instrumentation.java:969)
07-19 03:57:11.431 20844 20844 D StrictMode: 	at android.app.ActivityThread.handleBindApplication(ActivityThread.java:3954)
07-19 03:57:11.431 20844 20844 D StrictMode: 	at android.app.ActivityThread.access$1300(ActivityThread.java:123)
07-19 03:57:11.431 20844 20844 D StrictMode: 	at android.app.ActivityThread$H.handleMessage(ActivityThread.java:1185)
07-19 03:57:11.431 20844 20844 D StrictMode: 	at android.os.Handler.dispatchMessage(Handler.java:99)
07-19 03:57:11.431 20844 20844 D StrictMode: 	at android.os.Looper.loop(Looper.java:137)
07-19 03:57:11.431 20844 20844 D StrictMode: 	at android.app.ActivityThread.main(ActivityThread.java:4424)
07-19 03:57:11.431 20844 20844 D StrictMode: 	at java.lang.reflect.Method.invokeNative(Native Method)
07-19 03:57:11.431 20844 20844 D StrictMode: 	at java.lang.reflect.Method.invoke(Method.java:511)
07-19 03:57:11.431 20844 20844 D StrictMode: 	at com.android.internal.os.ZygoteInit$MethodAndArgsCaller.run(ZygoteInit.java:784)
07-19 03:57:11.431 20844 20844 D StrictMode: 	at com.android.internal.os.ZygoteInit.main(ZygoteInit.java:551)
07-19 03:57:11.431 20844 20844 D StrictMode: 	at dalvik.system.NativeStart.main(Native Method)
07-19 03:57:11.431 20844 20844 D StrictMode: StrictMode policy violation; ~duration=181 ms: android.os.StrictMode$StrictModeDiskWriteViolation: policy=21 violation=1
07-19 03:57:11.431 20844 20844 D StrictMode: 	at android.os.StrictMode$AndroidBlockGuardPolicy.onWriteToDisk(StrictMode.java:1063)
07-19 03:57:11.431 20844 20844 D StrictMode: 	at android.database.sqlite.SQLiteStatement.acquireAndLock(SQLiteStatement.java:226)
07-19 03:57:11.431 20844 20844 D StrictMode: 	at android.database.sqlite.SQLiteStatement.executeUpdateDelete(SQLiteStatement.java:84)
07-19 03:57:11.431 20844 20844 D StrictMode: 	at android.database.sqlite.SQLiteDatabase.executeSql(SQLiteDatabase.java:1899)
07-19 03:57:11.431 20844 20844 D StrictMode: 	at android.database.sqlite.SQLiteDatabase.execSQL(SQLiteDatabase.java:1839)
07-19 03:57:11.431 20844 20844 D StrictMode: 	at android.database.sqlite.SQLiteDatabase.endTransaction(SQLiteDatabase.java:714)
07-19 03:57:11.431 20844 20844 D StrictMode: 	at com.google.android.apps.analytics.v.d(Unknown Source)
07-19 03:57:11.431 20844 20844 D StrictMode: 	at com.google.android.apps.analytics.v.a(Unknown Source)
07-19 03:57:11.431 20844 20844 D StrictMode: 	at com.google.android.apps.analytics.i.a(Unknown Source)
07-19 03:57:11.431 20844 20844 D StrictMode: 	at com.google.android.apps.mytracks.b.a.a(MT:45)
07-19 03:57:11.431 20844 20844 D StrictMode: 	at com.google.android.apps.mytracks.MyTracksApplication.onCreate(MT:42)
07-19 03:57:11.431 20844 20844 D StrictMode: 	at android.app.Instrumentation.callApplicationOnCreate(Instrumentation.java:969)
07-19 03:57:11.431 20844 20844 D StrictMode: 	at android.app.ActivityThread.handleBindApplication(ActivityThread.java:3954)
07-19 03:57:11.431 20844 20844 D StrictMode: 	at android.app.ActivityThread.access$1300(ActivityThread.java:123)
07-19 03:57:11.431 20844 20844 D StrictMode: 	at android.app.ActivityThread$H.handleMessage(ActivityThread.java:1185)
07-19 03:57:11.431 20844 20844 D StrictMode: 	at android.os.Handler.dispatchMessage(Handler.java:99)
07-19 03:57:11.431 20844 20844 D StrictMode: 	at android.os.Looper.loop(Looper.java:137)
07-19 03:57:11.431 20844 20844 D StrictMode: 	at android.app.ActivityThread.main(ActivityThread.java:4424)
07-19 03:57:11.431 20844 20844 D StrictMode: 	at java.lang.reflect.Method.invokeNative(Native Method)
07-19 03:57:11.431 20844 20844 D StrictMode: 	at java.lang.reflect.Method.invoke(Method.java:511)
07-19 03:57:11.431 20844 20844 D StrictMode: 	at com.android.internal.os.ZygoteInit$MethodAndArgsCaller.run(ZygoteInit.java:784)
07-19 03:57:11.431 20844 20844 D StrictMode: 	at com.android.internal.os.ZygoteInit.main(ZygoteInit.java:551)
07-19 03:57:11.431 20844 20844 D StrictMode: 	at dalvik.system.NativeStart.main(Native Method)
07-19 03:57:11.552 20883 20885 D dalvikvm: GC_CONCURRENT freed 154K, 3% free 9377K/9607K, paused 2ms+4ms
07-19 03:57:11.641 20869 20869 I ActivityThread: Pub com.google.android.apps.plus.content.ApiProvider: com.google.android.apps.plus.content.EsApiProvider
07-19 03:57:11.669 20869 20869 I ActivityThread: Pub com.google.android.apps.plus.content.EsGooglePhotoProvider: com.google.android.picasasync.PicasaContentProvider
07-19 03:57:11.770 20869 20873 D dalvikvm: GC_CONCURRENT freed 335K, 5% free 9577K/9991K, paused 4ms+4ms
07-19 03:57:11.802 20869 20869 I ActivityThread: Pub com.google.android.apps.plus.content.EsPicasaStoreProvider: com.google.android.picasastore.PicasaPhotoContentProvider
07-19 03:57:11.833 20883 20885 D dalvikvm: GC_CONCURRENT freed 122K, 3% free 9672K/9927K, paused 2ms+4ms
07-19 03:57:11.837   144   317 I ActivityManager: Process com.android.sprintmenu (pid 18938) has died.
07-19 03:57:11.837   144   317 W ActivityManager: Scheduling restart of crashed service com.android.sprintmenu/.HiddenPhoneService in 5000ms
07-19 03:57:11.841 20869 20869 I ActivityThread: Pub com.google.plus.platform: com.google.android.apps.plus.content.AdsProvider
07-19 03:57:11.841 20869 20869 I ActivityThread: Pub com.google.android.apps.plus.iu.EsGoogleIuProvider: com.google.android.apps.plus.iu.InstantUploadProvider
07-19 03:57:11.919 20869 20873 D dalvikvm: GC_CONCURRENT freed 504K, 6% free 9601K/10183K, paused 2ms+3ms
07-19 03:57:11.919 20869 20869 I ActivityThread: Pub com.google.android.apps.plus.content.EsProvider: com.google.android.apps.plus.content.EsProvider
07-19 03:57:11.962   144 14994 I ActivityManager: Start proc android.process.media for content provider com.android.providers.media/.MediaProvider: pid=20907 uid=10012 gids={1015, 1023, 1024, 2001, 3003, 3007}
07-19 03:57:11.966 20883 20883 I ActivityThread: Pub com.facebook.katana.provider.LoggingProvider: com.facebook.katana.provider.LoggingProvider
07-19 03:57:12.001 20883 20883 I ActivityThread: Pub com.facebook.katana.provider.KeyValueProvider: com.facebook.katana.provider.KeyValueProvider
07-19 03:57:12.001 20883 20883 I ActivityThread: Pub com.facebook.katana.provider.CacheProvider: com.facebook.katana.provider.CacheProvider
07-19 03:57:12.001 20883 20883 I ActivityThread: Pub com.facebook.katana.provider.VaultImageProvider: com.facebook.katana.provider.VaultImageProvider
07-19 03:57:12.005 20883 20883 I ActivityThread: Pub com.facebook.katana.provider.MailboxProvider: com.facebook.katana.provider.MailboxProvider
07-19 03:57:12.005 20883 20883 I ActivityThread: Pub com.facebook.katana.provider.UserStatusesProvider: com.facebook.katana.provider.UserStatusesProvider
07-19 03:57:12.005 20883 20883 I ActivityThread: Pub com.facebook.katana.provider.EventsProvider: com.facebook.katana.provider.EventsProvider
07-19 03:57:12.005 20883 20883 I ActivityThread: Pub com.facebook.katana.provider.ObservedContactsProvider: com.facebook.katana.provider.ObservedContactsProvider
07-19 03:57:12.016 20883 20883 I ActivityThread: Pub com.facebook.katana.provider.NotificationsProvider: com.facebook.katana.provider.NotificationsProvider
07-19 03:57:12.020 20883 20883 I ActivityThread: Pub com.facebook.katana.provider.UserValuesProvider: com.facebook.katana.provider.UserValuesProvider
07-19 03:57:12.020 20883 20883 I ActivityThread: Pub com.facebook.katana.provider.PagesProvider: com.facebook.katana.provider.PagesProvider
07-19 03:57:12.020 20883 20883 I ActivityThread: Pub com.facebook.katana.provider.MobileEventLogProvider: com.facebook.katana.provider.MobileEventLogProvider
07-19 03:57:12.020 20883 20883 I ActivityThread: Pub com.facebook.katana.provider.PushNotificationsProvider: com.facebook.katana.provider.PushNotificationsProvider
07-19 03:57:12.024 20883 20883 I ActivityThread: Pub com.facebook.katana.provider.PhotosProvider: com.facebook.katana.provider.PhotosProvider
07-19 03:57:12.024 20883 20883 I ActivityThread: Pub com.facebook.katana.provider.ConnectionsProvider: com.facebook.katana.provider.ConnectionsProvider
07-19 03:57:12.036 20883 20883 I ActivityThread: Pub com.facebook.orca.notify.FbandroidMessagesForegroundProvider: com.facebook.orca.notify.FbandroidMessagesForegroundProvider
07-19 03:57:12.044   144 13425 I ActivityManager: Process com.google.android.maps.mytracks (pid 20844) has died.
07-19 03:57:12.134 20907 20907 I ActivityThread: Pub downloads: com.android.providers.downloads.DownloadProvider
07-19 03:57:12.177 20907 20907 I ActivityThread: Pub drm: com.android.providers.drm.DrmProvider
07-19 03:57:12.181 20907 20925 I DownloadManager: in removeSpuriousFiles
07-19 03:57:12.184 20883 20883 D ACRA    : Retrieve application default SharedPreferences.
07-19 03:57:12.188 20883 20883 D ACRA    : Set OnSharedPreferenceChangeListener.
07-19 03:57:12.220 20883 20883 D ACRA    : ACRA is enabled for com.facebook.katana, intializing...
07-19 03:57:12.227 20907 20925 I DownloadManager: in removeSpuriousFiles, preserving file /data/data/com.android.providers.downloads/cache/metadata.json
07-19 03:57:12.227 20907 20925 I DownloadManager: in removeSpuriousFiles, preserving file /data/data/com.android.providers.downloads/cache/en_general.htm
07-19 03:57:12.227 20907 20925 I DownloadManager: in removeSpuriousFiles, preserving file /mnt/sdcard/Download/img-thing.jpeg
07-19 03:57:12.227 20907 20925 I DownloadManager: in removeSpuriousFiles, preserving file /data/data/com.android.providers.downloads/cache/metadata-1.json
07-19 03:57:12.227 20907 20925 I DownloadManager: in removeSpuriousFiles, preserving file /data/data/com.android.providers.downloads/cache/downloadfile.jpeg
07-19 03:57:12.227 20907 20925 I DownloadManager: in removeSpuriousFiles, preserving file /data/data/com.android.providers.downloads/cache/metadata-2.json
07-19 03:57:12.227 20907 20925 I DownloadManager: in removeSpuriousFiles, preserving file /data/data/com.android.providers.downloads/cache/metadata-3.json
07-19 03:57:12.227 20907 20925 I DownloadManager: in removeSpuriousFiles, preserving file /data/data/com.android.providers.downloads/cache/downloadfile-1.jpeg
07-19 03:57:12.227 20907 20925 I DownloadManager: in removeSpuriousFiles, preserving file /data/data/com.android.providers.downloads/cache/downloadfile-2.jpeg
07-19 03:57:12.227 20907 20925 I DownloadManager: in removeSpuriousFiles, preserving file /data/data/com.android.providers.downloads/cache/metadata-4.json
07-19 03:57:12.227 20907 20925 I DownloadManager: in removeSpuriousFiles, preserving file /data/data/com.android.providers.downloads/cache/metadata-5.json
07-19 03:57:12.231 20907 20925 I DownloadManager: in removeSpuriousFiles, preserving file /data/data/com.android.providers.downloads/cache/metadata-6.json
07-19 03:57:12.231 20907 20925 I DownloadManager: deleting spurious file /cache/backup
07-19 03:57:12.255 20869 20904 D dalvikvm: GC_FOR_ALLOC freed 112K, 5% free 9814K/10247K, paused 117ms
07-19 03:57:12.278 20883 20883 D ACRA    : Looking for error files in /data/data/com.facebook.katana/app_acra-reports
07-19 03:57:12.333 20907 20907 I ActivityThread: Pub media: com.android.providers.media.MediaProvider
07-19 03:57:12.536 20883 20883 W nalizableReferenceQueue: Could not load Finalizer in its own class loader.Loading Finalizer in the current class loader instead. As a result, you will not be ableto garbage collect this class loader. To support reclaiming this class loader, eitherresolve the underlying issue, or move Google Collections to your system class path.
07-19 03:57:12.536 20883 20883 W nalizableReferenceQueue: java.io.FileNotFoundException: com/google/common/base/internal/Finalizer.class
07-19 03:57:12.536 20883 20883 W nalizableReferenceQueue: 	at com.google.common.base.FinalizableReferenceQueue$DecoupledLoader.getBaseUrl(FinalizableReferenceQueue.java:243)
07-19 03:57:12.536 20883 20883 W nalizableReferenceQueue: 	at com.google.common.base.FinalizableReferenceQueue$DecoupledLoader.loadFinalizer(FinalizableReferenceQueue.java:227)
07-19 03:57:12.536 20883 20883 W nalizableReferenceQueue: 	at com.google.common.base.FinalizableReferenceQueue.loadFinalizer(FinalizableReferenceQueue.java:155)
07-19 03:57:12.536 20883 20883 W nalizableReferenceQueue: 	at com.google.common.base.FinalizableReferenceQueue.<clinit>(FinalizableReferenceQueue.java:84)
07-19 03:57:12.536 20883 20883 W nalizableReferenceQueue: 	at com.google.common.collect.CustomConcurrentHashMap$QueueHolder.<clinit>(CustomConcurrentHashMap.java:650)
07-19 03:57:12.536 20883 20883 W nalizableReferenceQueue: 	at com.google.common.collect.CustomConcurrentHashMap$WeakEntry.<init>(CustomConcurrentHashMap.java:1342)
07-19 03:57:12.536 20883 20883 W nalizableReferenceQueue: 	at com.google.common.collect.CustomConcurrentHashMap$EntryFactory$9.newEntry(CustomConcurrentHashMap.java:453)
07-19 03:57:12.536 20883 20883 W nalizableReferenceQueue: 	at com.google.common.collect.CustomConcurrentHashMap.a(CustomConcurrentHashMap.java:1715)
07-19 03:57:12.536 20883 20883 W nalizableReferenceQueue: 	at com.google.common.collect.ComputingConcurrentHashMap$ComputingSegment.a(ComputingConcurrentHashMap.java:123)
07-19 03:57:12.536 20883 20883 W nalizableReferenceQueue: 	at com.google.common.collect.ComputingConcurrentHashMap.apply(ComputingConcurrentHashMap.java:71)
07-19 03:57:12.536 20883 20883 W nalizableReferenceQueue: 	at com.google.common.collect.MapMaker$ComputingMapAdapter.get(MapMaker.java:848)
07-19 03:57:12.536 20883 20883 W nalizableReferenceQueue: 	at com.google.inject.internal.Annotations$AnnotationChecker.a(Annotations.java:90)
07-19 03:57:12.536 20883 20883 W nalizableReferenceQueue: 	at com.google.inject.internal.Annotations.c(Annotations.java:108)
07-19 03:57:12.536 20883 20883 W nalizableReferenceQueue: 	at com.google.inject.Key.d(Key.java:369)
07-19 03:57:12.536 20883 20883 W nalizableReferenceQueue: 	at com.google.inject.Key.b(Key.java:356)
07-19 03:57:12.536 20883 20883 W nalizableReferenceQueue: 	at com.google.inject.Key.a(Key.java:267)
07-19 03:57:12.536 20883 20883 W nalizableReferenceQueue: 	at com.facebook.orca.inject.binder.AnnotatedBindingBuilderImpl.a(AnnotatedBindingBuilderImpl.java:22)
07-19 03:57:12.536 20883 20883 W nalizableReferenceQueue: 	at com.facebook.orca.app.FbBaseModule.a(FbBaseModule.java:75)
07-19 03:57:12.536 20883 20883 W nalizableReferenceQueue: 	at com.facebook.orca.inject.AbstractModule.a(AbstractModule.java:19)
07-19 03:57:12.536 20883 20883 W nalizableReferenceQueue: 	at com.facebook.orca.inject.FbInjectorImpl.a(FbInjectorImpl.java:63)
07-19 03:57:12.536 20883 20883 W nalizableReferenceQueue: 	at com.facebook.orca.inject.FbInjectorImpl.<init>(FbInjectorImpl.java:41)
07-19 03:57:12.536 20883 20883 W nalizableReferenceQueue: 	at com.facebook.orca.inject.FbInjector.a(FbInjector.java:40)
07-19 03:57:12.536 20883 20883 W nalizableReferenceQueue: 	at com.facebook.katana.FacebookApplication.onCreate(FacebookApplication.java:102)
07-19 03:57:12.536 20883 20883 W nalizableReferenceQueue: 	at android.app.Instrumentation.callApplicationOnCreate(Instrumentation.java:969)
07-19 03:57:12.536 20883 20883 W nalizableReferenceQueue: 	at android.app.ActivityThread.handleBindApplication(ActivityThread.java:3954)
07-19 03:57:12.536 20883 20883 W nalizableReferenceQueue: 	at android.app.ActivityThread.access$1300(ActivityThread.java:123)
07-19 03:57:12.536 20883 20883 W nalizableReferenceQueue: 	at android.app.ActivityThread$H.handleMessage(ActivityThread.java:1185)
07-19 03:57:12.536 20883 20883 W nalizableReferenceQueue: 	at android.os.Handler.dispatchMessage(Handler.java:99)
07-19 03:57:12.536 20883 20883 W nalizableReferenceQueue: 	at android.os.Looper.loop(Looper.java:137)
07-19 03:57:12.536 20883 20883 W nalizableReferenceQueue: 	at android.app.ActivityThread.main(ActivityThread.java:4424)
07-19 03:57:12.536 20883 20883 W nalizableReferenceQueue: 	at java.lang.reflect.Method.invokeNative(Native Method)
07-19 03:57:12.536 20883 20883 W nalizableReferenceQueue: 	at java.lang.reflect.Method.invoke(Method.java:511)
07-19 03:57:12.536 20883 20883 W nalizableReferenceQueue: 	at com.android.internal.os.ZygoteInit$MethodAndArgsCaller.run(ZygoteInit.java:784)
07-19 03:57:12.536 20883 20883 W nalizableReferenceQueue: 	at com.android.internal.os.ZygoteInit.main(ZygoteInit.java:551)
07-19 03:57:12.536 20883 20883 W nalizableReferenceQueue: 	at dalvik.system.NativeStart.main(Native Method)
07-19 03:57:12.540 20883 20883 I Finalizer: Couldn't access Thread.inheritableThreadLocals. Reference finalizer threads will inherit thread local values.
07-19 03:57:12.591 20883 20885 D dalvikvm: GC_CONCURRENT freed 310K, 4% free 9859K/10247K, paused 13ms+2ms
07-19 03:57:12.778 20869 20873 D dalvikvm: GC_CONCURRENT freed 191K, 4% free 10049K/10375K, paused 23ms+2ms
07-19 03:57:12.884 20883 20885 D dalvikvm: GC_CONCURRENT freed 437K, 5% free 9991K/10503K, paused 2ms+3ms
07-19 03:57:12.895 20907 20909 D dalvikvm: GC_CONCURRENT freed 307K, 5% free 9159K/9543K, paused 2ms+13ms
07-19 03:57:13.091 20869 20905 D PicasaPhotoCP: set fsid first time:-1
07-19 03:57:13.333 20883 20885 D dalvikvm: GC_CONCURRENT freed 309K, 5% free 10138K/10567K, paused 16ms+2ms
07-19 03:57:13.419   144   310 I ActivityManager: Process android.process.media (pid 20907) has died.
07-19 03:57:13.434 20869 20873 D dalvikvm: GC_CONCURRENT freed 180K, 3% free 10326K/10631K, paused 119ms+2ms
07-19 03:57:13.438 20857 20859 D dalvikvm: GC_CONCURRENT freed 205K, 4% free 9266K/9607K, paused 4ms+4ms
07-19 03:57:13.599 20869 20920 D dalvikvm: GC_FOR_ALLOC freed 242K, 4% free 10452K/10887K, paused 20ms
07-19 03:57:13.599 20869 20920 I dalvikvm-heap: Grow heap (frag case) to 10.528MB for 260112-byte allocation
07-19 03:57:13.622 20869 20920 D dalvikvm: GC_FOR_ALLOC freed 126K, 6% free 10580K/11143K, paused 21ms
07-19 03:57:13.696 20869 20920 D dalvikvm: GC_FOR_ALLOC freed 311K, 6% free 10573K/11207K, paused 37ms
07-19 03:57:13.720 20869 20920 D dalvikvm: GC_FOR_ALLOC freed 62K, 6% free 10637K/11207K, paused 20ms
07-19 03:57:13.739 20869 20920 D dalvikvm: GC_FOR_ALLOC freed 126K, 4% free 10765K/11207K, paused 20ms
07-19 03:57:13.790 20869 20920 D dalvikvm: GC_FOR_ALLOC freed 307K, 6% free 10756K/11399K, paused 35ms
07-19 03:57:13.911   144   155 D dalvikvm: GC_EXPLICIT freed 794K, 23% free 18678K/24199K, paused 9ms+12ms
07-19 03:57:14.016 20883 20933 W Resources: Converting to string: TypedValue{t=0x10/d=0xffffffff a=-1}
07-19 03:57:14.071 20883 20885 D dalvikvm: GC_CONCURRENT freed 400K, 5% free 10283K/10759K, paused 6ms+12ms
07-19 03:57:14.184 20869 20920 D dalvikvm: GC_FOR_ALLOC freed 62K, 6% free 10820K/11399K, paused 53ms
07-19 03:57:14.188 20869 20920 I dalvikvm-heap: Grow heap (frag case) to 10.887MB for 260112-byte allocation
07-19 03:57:14.212 20869 20920 D dalvikvm: GC_FOR_ALLOC freed 126K, 7% free 10948K/11655K, paused 20ms
07-19 03:57:14.657 20857 20924 I Gmail   : calculateUnknownSyncRationalesAndPurgeInBackground: queueing
07-19 03:57:14.696   144 15767 I ActivityManager: Process com.google.android.gm (pid 20857) has died.
07-19 03:57:14.708 20869 20873 D dalvikvm: GC_CONCURRENT freed 339K, 5% free 11183K/11655K, paused 194ms+2ms
07-19 03:57:14.852 20869 20873 D dalvikvm: GC_CONCURRENT freed 141K, 3% free 11713K/11975K, paused 2ms+2ms
07-19 03:57:15.567 20883 20885 D dalvikvm: GC_CONCURRENT freed 371K, 5% free 10430K/10887K, paused 3ms+5ms
07-19 03:57:15.720 20869 20873 D dalvikvm: GC_CONCURRENT freed 545K, 6% free 12005K/12679K, paused 12ms+7ms
07-19 03:57:15.919 20883 20885 D dalvikvm: GC_CONCURRENT freed 371K, 5% free 10527K/11015K, paused 6ms+4ms
07-19 03:57:16.169 20869 20873 D dalvikvm: GC_CONCURRENT freed 207K, 3% free 12722K/13063K, paused 2ms+2ms
07-19 03:57:16.641 20869 20921 I SqliteDatabaseCpp: sqlite returned: error code = 1, msg = no such column: wipeout_stats, db=/data/data/com.google.android.apps.plus/databases/es0.db
07-19 03:57:16.645 20869 20921 W System.err: android.database.sqlite.SQLiteException: no such column: wipeout_stats: , while compiling: SELECT wipeout_stats  FROM account_status
07-19 03:57:16.681   144 14994 I ActivityManager: Start proc android.process.media for service com.android.providers.media/.MediaScannerService: pid=20952 uid=10012 gids={1015, 1023, 1024, 2001, 3003, 3007}
07-19 03:57:16.684 20869 20921 W System.err: 	at android.database.sqlite.SQLiteCompiledSql.native_compile(Native Method)
07-19 03:57:16.688 20869 20921 W System.err: 	at android.database.sqlite.SQLiteCompiledSql.<init>(SQLiteCompiledSql.java:68)
07-19 03:57:16.696 20869 20921 W System.err: 	at android.database.sqlite.SQLiteProgram.compileSql(SQLiteProgram.java:143)
07-19 03:57:16.696 20869 20921 W System.err: 	at android.database.sqlite.SQLiteProgram.compileAndbindAllArgs(SQLiteProgram.java:361)
07-19 03:57:16.708 20869 20921 W System.err: 	at android.database.sqlite.SQLiteStatement.acquireAndLock(SQLiteStatement.java:260)
07-19 03:57:16.708 20869 20921 W System.err: 	at android.database.sqlite.SQLiteStatement.simpleQueryForLong(SQLiteStatement.java:137)
07-19 03:57:16.708 20869 20921 W System.err: 	at android.database.DatabaseUtils.longForQuery(DatabaseUtils.java:791)
07-19 03:57:16.708 20869 20921 W System.err: 	at android.database.DatabaseUtils.longForQuery(DatabaseUtils.java:779)
07-19 03:57:16.708 20869 20921 W System.err: 	at com.google.android.apps.plus.content.EsAccountsData.isContactsStatsWipeoutNeeded(EsAccountsData.java:641)
07-19 03:57:16.708 20869 20921 W System.err: 	at com.google.android.apps.plus.service.EsService.processIntent(EsService.java:4246)
07-19 03:57:16.708 20869 20921 W System.err: 	at com.google.android.apps.plus.service.ServiceThread$1.run(ServiceThread.java:50)
07-19 03:57:16.712 20869 20921 W System.err: 	at android.os.Handler.handleCallback(Handler.java:605)
07-19 03:57:16.716 20869 20921 W System.err: 	at android.os.Handler.dispatchMessage(Handler.java:92)
07-19 03:57:16.716 20869 20921 W System.err: 	at android.os.Looper.loop(Looper.java:137)
07-19 03:57:16.716 20869 20921 W System.err: 	at com.google.android.apps.plus.service.ServiceThread.run(ServiceThread.java:122)
07-19 03:57:16.720 19612 20899 F libc    : Fatal signal 13 (SIGPIPE) at 0x00004c9c (code=0)
07-19 03:57:16.724 19612 20899 W DnsProxyListener: Error writing DNS result to client
07-19 03:57:16.724 19612 20899 W SocketClient: write error (Broken pipe)
07-19 03:57:16.794   144 14994 I ActivityManager: Process com.xabber.androiddev (pid 20494) has died.
07-19 03:57:16.794   144 14994 W ActivityManager: Scheduling restart of crashed service com.xabber.androiddev/com.xabber.android.service.XMPPService in 10044ms
07-19 03:57:16.813 20952 20952 I ActivityThread: Pub downloads: com.android.providers.downloads.DownloadProvider
07-19 03:57:16.860   144   161 I ActivityManager: Start proc com.android.sprintmenu for service com.android.sprintmenu/.HiddenPhoneService: pid=20965 uid=1001 gids={3002, 3001, 3003, 1015}
07-19 03:57:16.864 20952 20952 I ActivityThread: Pub drm: com.android.providers.drm.DrmProvider
07-19 03:57:16.880 20952 20971 I DownloadManager: in removeSpuriousFiles
07-19 03:57:16.888 20952 20952 I ActivityThread: Pub media: com.android.providers.media.MediaProvider
07-19 03:57:16.923  9525  9525 I DEBUG   : debuggerd committing suicide to free the zombie!
07-19 03:57:16.989 20978 20978 I DEBUG   : debuggerd: Jun 28 2012 18:17:40
07-19 03:57:16.989 20952 20971 I DownloadManager: in removeSpuriousFiles, preserving file /data/data/com.android.providers.downloads/cache/metadata.json
07-19 03:57:16.989 20952 20971 I DownloadManager: in removeSpuriousFiles, preserving file /data/data/com.android.providers.downloads/cache/en_general.htm
07-19 03:57:16.989 20952 20971 I DownloadManager: in removeSpuriousFiles, preserving file /mnt/sdcard/Download/img-thing.jpeg
07-19 03:57:16.989 20952 20971 I DownloadManager: in removeSpuriousFiles, preserving file /data/data/com.android.providers.downloads/cache/metadata-1.json
07-19 03:57:16.989 20952 20971 I DownloadManager: in removeSpuriousFiles, preserving file /data/data/com.android.providers.downloads/cache/downloadfile.jpeg
07-19 03:57:16.989 20952 20971 I DownloadManager: in removeSpuriousFiles, preserving file /data/data/com.android.providers.downloads/cache/metadata-2.json
07-19 03:57:16.989 20952 20971 I DownloadManager: in removeSpuriousFiles, preserving file /data/data/com.android.providers.downloads/cache/metadata-3.json
07-19 03:57:16.989 20952 20971 I DownloadManager: in removeSpuriousFiles, preserving file /data/data/com.android.providers.downloads/cache/downloadfile-1.jpeg
07-19 03:57:16.989 20952 20971 I DownloadManager: in removeSpuriousFiles, preserving file /data/data/com.android.providers.downloads/cache/downloadfile-2.jpeg
07-19 03:57:16.989 20952 20971 I DownloadManager: in removeSpuriousFiles, preserving file /data/data/com.android.providers.downloads/cache/metadata-4.json
07-19 03:57:16.989 20952 20971 I DownloadManager: in removeSpuriousFiles, preserving file /data/data/com.android.providers.downloads/cache/metadata-5.json
07-19 03:57:16.989 20952 20971 I DownloadManager: in removeSpuriousFiles, preserving file /data/data/com.android.providers.downloads/cache/metadata-6.json
07-19 03:57:16.993 20952 20971 I DownloadManager: deleting spurious file /cache/backup
07-19 03:57:17.013 20883 20885 D dalvikvm: GC_CONCURRENT freed 334K, 5% free 10621K/11079K, paused 34ms+26ms
07-19 03:57:17.212   144 13425 I ActivityManager: Process com.google.android.apps.maps (pid 19892) has died.
07-19 03:57:17.216   144 13425 W ActivityManager: Scheduling restart of crashed service com.google.android.apps.maps/com.google.googlenav.prefetch.android.PrefetcherService in 19623ms
07-19 03:57:17.309 20952 20955 D dalvikvm: GC_CONCURRENT freed 361K, 5% free 9171K/9607K, paused 45ms+4ms
07-19 03:57:17.927 20883 20885 D dalvikvm: GC_CONCURRENT freed 390K, 5% free 10680K/11207K, paused 2ms+4ms
07-19 03:57:18.704 20883 20885 D dalvikvm: GC_CONCURRENT freed 356K, 5% free 10785K/11271K, paused 6ms+3ms
07-19 03:57:22.325   359   359 D dalvikvm: GC_EXPLICIT freed <1K, 6% free 9096K/9607K, paused 32ms+2ms
07-19 03:57:24.790 20766 20779 I PhoneLab-: Service Running
07-19 03:57:24.876   144 14192 I ActivityManager: Process com.google.android.apps.plus (pid 20869) has died.
07-19 03:57:24.934 20766 20779 I PhoneLab-LoggerService: app_37    1395  1     1432   980   c00f181c 400107b4 S logcat
07-19 03:57:24.934 20766 20779 I PhoneLab-LoggerService: Logcat pid from database 1395
07-19 03:57:24.934 20766 20779 I PhoneLab-LoggerService: Logcat process found 1395
07-19 03:57:24.934 20766 20779 I PhoneLab-LoggerService: Checking Threshold
07-19 03:57:26.849 20992 20992 D dalvikvm: Late-enabling CheckJNI
07-19 03:57:26.849   144   161 I ActivityManager: Start proc com.xabber.androiddev for service com.xabber.androiddev/com.xabber.android.service.XMPPService: pid=20992 uid=10063 gids={3003, 1015}
07-19 03:57:26.876 20992 20992 I dalvikvm: Turning on JNI app bug workarounds for target SDK version 9...
07-19 03:57:26.895 20883 20885 D dalvikvm: GC_CONCURRENT freed 487K, 6% free 10779K/11399K, paused 2ms+20ms
07-19 03:57:27.083 20992 20995 D dalvikvm: GC_CONCURRENT freed 219K, 4% free 9312K/9607K, paused 2ms+2ms
07-19 03:57:27.126 20992 20992 D dalvikvm: GC_FOR_ALLOC freed 328K, 5% free 9473K/9927K, paused 14ms
07-19 03:57:27.247  3217  3217 W ThumbnailCache: Low Memory: Freed 0 textures from compression queue, 0 from write queue, 0 from the pinned list, 0 from the cache.
07-19 03:57:27.263 20992 20995 D dalvikvm: GC_CONCURRENT freed 190K, 3% free 9854K/10119K, paused 1ms+16ms
07-19 03:57:27.372  3217  3217 D dalvikvm: GC_EXPLICIT freed 1K, 20% free 12097K/15111K, paused 2ms+4ms
07-19 03:57:27.403 20992 20995 D dalvikvm: GC_CONCURRENT freed 254K, 4% free 10060K/10439K, paused 2ms+2ms
07-19 03:57:27.618 20992 20992 I com.xabber.android.service.XMPPService@41314730: onCreate
07-19 03:57:27.626 20992 20992 I com.xabber.android.data.Application@41355a98: onStart
07-19 03:57:27.641 20992 21006 I com.xabber.android.data.LogManager@41364038: onLoad
07-19 03:57:27.735   144 14192 I ActivityManager: Process android.process.media (pid 20952) has died.
07-19 03:57:27.743 20992 20995 D dalvikvm: GC_CONCURRENT freed 312K, 5% free 10180K/10631K, paused 4ms+2ms
07-19 03:57:27.903   144   342 I ActivityManager: Start proc android.process.acore for content provider com.android.providers.contacts/.ContactsProvider2: pid=21008 uid=10000 gids={3003, 1015}
07-19 03:57:27.942 21008 21008 I ActivityThread: Pub call_log: com.android.providers.contacts.CallLogProvider
07-19 03:57:27.993 21008 21008 I ActivityThread: Pub com.android.voicemail: com.android.providers.contacts.VoicemailContentProvider
07-19 03:57:27.997 21008 21008 I ActivityThread: Pub user_dictionary: com.android.providers.userdictionary.UserDictionaryProvider
07-19 03:57:28.020 21008 21008 I ActivityThread: Pub com.android.social: com.android.providers.contacts.SocialProvider
07-19 03:57:28.020 21008 21008 I ActivityThread: Pub applications: com.android.providers.applications.ApplicationsProvider
07-19 03:57:28.149 21008 21008 I ActivityThread: Pub contacts;com.android.contacts: com.android.providers.contacts.ContactsProvider2
07-19 03:57:28.192 21008 21010 D dalvikvm: GC_CONCURRENT freed 356K, 5% free 9175K/9607K, paused 5ms+7ms
07-19 03:57:28.540 21008 21010 D dalvikvm: GC_CONCURRENT freed 228K, 4% free 9374K/9735K, paused 3ms+2ms
07-19 03:57:29.341 21008 21010 D dalvikvm: GC_CONCURRENT freed 167K, 4% free 9629K/9927K, paused 17ms+3ms
07-19 03:57:29.548   144   161 I ActivityManager: Start proc com.google.android.apps.plus for broadcast com.google.android.apps.plus/.service.CameraMonitor: pid=21024 uid=10060 gids={3003, 3002, 1015, 1006}
07-19 03:57:29.923 21024 21027 D dalvikvm: GC_CONCURRENT freed 172K, 3% free 9359K/9607K, paused 2ms+2ms
07-19 03:57:30.091   144   390 I ActivityManager: Process com.google.android.apps.googlevoice (pid 20285) has died.
07-19 03:57:30.091   144   390 W ActivityManager: Scheduling restart of crashed service com.google.android.apps.googlevoice/.ShadowNumberRefreshService in 16749ms
07-19 03:57:30.091   144   390 W ActivityManager: Scheduling restart of crashed service com.google.android.apps.googlevoice/.CallLogService in 26749ms
07-19 03:57:30.091   144   390 W ActivityManager: Scheduling restart of crashed service com.google.android.apps.googlevoice/.UpdateService in 36749ms
07-19 03:57:30.099 21024 21024 I ActivityThread: Pub com.google.android.apps.plus.content.ApiProvider: com.google.android.apps.plus.content.EsApiProvider
07-19 03:57:30.141 21024 21024 I ActivityThread: Pub com.google.android.apps.plus.content.EsGooglePhotoProvider: com.google.android.picasasync.PicasaContentProvider
07-19 03:57:30.274 21024 21027 D dalvikvm: GC_CONCURRENT freed 337K, 5% free 9576K/9991K, paused 3ms+2ms
07-19 03:57:30.302 21024 21024 I ActivityThread: Pub com.google.android.apps.plus.content.EsPicasaStoreProvider: com.google.android.picasastore.PicasaPhotoContentProvider
07-19 03:57:30.317 21024 21024 I ActivityThread: Pub com.google.plus.platform: com.google.android.apps.plus.content.AdsProvider
07-19 03:57:30.317 21024 21024 I ActivityThread: Pub com.google.android.apps.plus.iu.EsGoogleIuProvider: com.google.android.apps.plus.iu.InstantUploadProvider
07-19 03:57:30.423 21024 21027 D dalvikvm: GC_CONCURRENT freed 501K, 6% free 9603K/10183K, paused 14ms+10ms
07-19 03:57:30.431 21024 21024 I ActivityThread: Pub com.google.android.apps.plus.content.EsProvider: com.google.android.apps.plus.content.EsProvider
07-19 03:57:30.450   144   317 I ActivityManager: Start proc android.process.media for content provider com.android.providers.media/.MediaProvider: pid=21039 uid=10012 gids={1015, 1023, 1024, 2001, 3003, 3007}
07-19 03:57:30.505    79    79 D dalvikvm: GC_EXPLICIT freed 38K, 4% free 9027K/9347K, paused 2ms+10ms
07-19 03:57:30.536 21039 21039 I ActivityThread: Pub downloads: com.android.providers.downloads.DownloadProvider
07-19 03:57:30.552    79    79 D dalvikvm: GC_EXPLICIT freed <1K, 4% free 9027K/9347K, paused 4ms+2ms
07-19 03:57:30.575    79    79 D dalvikvm: GC_EXPLICIT freed <1K, 4% free 9027K/9347K, paused 1ms+2ms
07-19 03:57:30.606 21039 21039 I ActivityThread: Pub drm: com.android.providers.drm.DrmProvider
07-19 03:57:30.610 21039 21055 I DownloadManager: in removeSpuriousFiles
07-19 03:57:30.618 21039 21039 I ActivityThread: Pub media: com.android.providers.media.MediaProvider
07-19 03:57:30.684 20992 20995 D dalvikvm: GC_CONCURRENT freed 210K, 4% free 10411K/10759K, paused 49ms+9ms
07-19 03:57:30.696 21039 21055 I DownloadManager: in removeSpuriousFiles, preserving file /data/data/com.android.providers.downloads/cache/metadata.json
07-19 03:57:30.696 21039 21055 I DownloadManager: in removeSpuriousFiles, preserving file /data/data/com.android.providers.downloads/cache/en_general.htm
07-19 03:57:30.696 21039 21055 I DownloadManager: in removeSpuriousFiles, preserving file /mnt/sdcard/Download/img-thing.jpeg
07-19 03:57:30.696 21039 21055 I DownloadManager: in removeSpuriousFiles, preserving file /data/data/com.android.providers.downloads/cache/metadata-1.json
07-19 03:57:30.696 21039 21055 I DownloadManager: in removeSpuriousFiles, preserving file /data/data/com.android.providers.downloads/cache/downloadfile.jpeg
07-19 03:57:30.696 21039 21055 I DownloadManager: in removeSpuriousFiles, preserving file /data/data/com.android.providers.downloads/cache/metadata-2.json
07-19 03:57:30.696 21039 21055 I DownloadManager: in removeSpuriousFiles, preserving file /data/data/com.android.providers.downloads/cache/metadata-3.json
07-19 03:57:30.696 21039 21055 I DownloadManager: in removeSpuriousFiles, preserving file /data/data/com.android.providers.downloads/cache/downloadfile-1.jpeg
07-19 03:57:30.696 21039 21055 I DownloadManager: in removeSpuriousFiles, preserving file /data/data/com.android.providers.downloads/cache/downloadfile-2.jpeg
07-19 03:57:30.696 21039 21055 I DownloadManager: in removeSpuriousFiles, preserving file /data/data/com.android.providers.downloads/cache/metadata-4.json
07-19 03:57:30.696 21039 21055 I DownloadManager: in removeSpuriousFiles, preserving file /data/data/com.android.providers.downloads/cache/metadata-5.json
07-19 03:57:30.696 21039 21055 I DownloadManager: in removeSpuriousFiles, preserving file /data/data/com.android.providers.downloads/cache/metadata-6.json
07-19 03:57:30.696 21039 21055 I DownloadManager: deleting spurious file /cache/backup
07-19 03:57:30.938   144   144 I ActivityManager: Process com.google.android.apps.plus (pid 21024) has died.
07-19 03:57:30.946   144   161 W ProcessStats: Skipping unknown process pid 21024
07-19 03:57:31.325 21039 21041 D dalvikvm: GC_CONCURRENT freed 327K, 5% free 9160K/9607K, paused 122ms+1ms
07-19 03:57:33.493 20992 20995 D dalvikvm: GC_CONCURRENT freed 274K, 4% free 10539K/10951K, paused 17ms+70ms
07-19 03:57:34.352 20992 20995 D dalvikvm: GC_CONCURRENT freed 335K, 5% free 10615K/11079K, paused 2ms+3ms
07-19 03:57:36.782 20992 20995 D dalvikvm: GC_CONCURRENT freed 355K, 5% free 10716K/11207K, paused 2ms+7ms
07-19 03:57:36.884   144   161 I ActivityManager: Start proc com.google.android.apps.maps for service com.google.android.apps.maps/com.google.googlenav.prefetch.android.PrefetcherService: pid=21069 uid=10056 gids={3003, 1015}
07-19 03:57:37.083   144   156 D dalvikvm: GC_EXPLICIT freed 480K, 23% free 18677K/24199K, paused 24ms+9ms
07-19 03:57:37.083   144  1168 I ActivityManager: Process android.process.acore (pid 21008) has died.
07-19 03:57:37.102   144   342 I ActivityManager: Start proc android.process.acore for content provider com.android.providers.contacts/.ContactsProvider2: pid=21082 uid=10000 gids={3003, 1015}
07-19 03:57:37.153 21082 21082 I ActivityThread: Pub call_log: com.android.providers.contacts.CallLogProvider
07-19 03:57:37.165 21082 21082 I ActivityThread: Pub com.android.voicemail: com.android.providers.contacts.VoicemailContentProvider
07-19 03:57:37.169 21082 21082 I ActivityThread: Pub user_dictionary: com.android.providers.userdictionary.UserDictionaryProvider
07-19 03:57:37.188 21082 21082 I ActivityThread: Pub com.android.social: com.android.providers.contacts.SocialProvider
07-19 03:57:37.188 21082 21082 I ActivityThread: Pub applications: com.android.providers.applications.ApplicationsProvider
07-19 03:57:37.278  3452  3452 D dalvikvm: GC_EXPLICIT freed <1K, 4% free 9238K/9543K, paused 5ms+4ms
07-19 03:57:37.313 21069 21070 D dalvikvm: GC_CONCURRENT freed 149K, 3% free 9382K/9607K, paused 1ms+2ms
07-19 03:57:37.337 21082 21082 I ActivityThread: Pub contacts;com.android.contacts: com.android.providers.contacts.ContactsProvider2
07-19 03:57:37.380 21082 21084 D dalvikvm: GC_CONCURRENT freed 348K, 5% free 9184K/9607K, paused 2ms+3ms
07-19 03:57:37.497   144   390 I ActivityManager: Process android.process.media (pid 21039) has died.
07-19 03:57:37.559 21069 21069 I ActivityThread: Pub com.google.android.maps.SearchHistoryProvider: com.google.googlenav.provider.SearchHistoryProvider
07-19 03:57:37.583 21069 21069 I ActivityThread: Pub com.google.android.maps.SuggestionProvider: com.google.googlenav.suggest.android.SuggestContentProvider
07-19 03:57:37.618 21069 21069 I ActivityThread: Pub com.google.android.maps.LayerInfoProvider: com.google.googlenav.layer.LayerInfoProvider
07-19 03:57:37.641 21069 21069 I ActivityThread: Pub com.google.android.maps.TrafficAppWidgetProvider: com.google.googlenav.appwidget.traffic.TrafficAppWidgetProvider
07-19 03:57:37.641 21069 21069 I ActivityThread: Pub com.google.android.maps.LocalActivePlacesProvider: com.google.googlenav.provider.LocalActivePlacesProvider
07-19 03:57:37.641 21069 21069 I ActivityThread: Pub com.google.android.maps.StarredItemProvider: com.google.googlenav.provider.StarredItemProvider
07-19 03:57:37.884 21069 21070 D dalvikvm: GC_CONCURRENT freed 168K, 3% free 9674K/9927K, paused 1ms+2ms
07-19 03:57:38.056 21069 21069 I ActivityThread: Pub com.google.android.maps.LocalSuggestionProvider: com.google.googlenav.provider.LocalSuggestionProvider
07-19 03:57:38.056 21069 21069 I ActivityThread: Pub com.google.android.maps.NavigationAvailabilityProvider: com.google.googlenav.provider.NavigationAvailabilityProvider
07-19 03:57:38.083 21069 21070 D dalvikvm: GC_CONCURRENT freed 278K, 4% free 9930K/10311K, paused 2ms+4ms
07-19 03:57:38.181 21069 21099 D dalvikvm: GC_FOR_ALLOC freed 116K, 4% free 10178K/10567K, paused 28ms
07-19 03:57:38.270 21082 21084 D dalvikvm: GC_CONCURRENT freed 230K, 4% free 9369K/9735K, paused 34ms+2ms
07-19 03:57:38.411 21069 21070 D dalvikvm: GC_CONCURRENT freed 184K, 3% free 10510K/10823K, paused 3ms+4ms
07-19 03:57:38.438 21069 21110 D dalvikvm: GC_FOR_ALLOC freed 33K, 4% free 10687K/11079K, paused 26ms
07-19 03:57:39.391 21082 21084 D dalvikvm: GC_CONCURRENT freed 173K, 4% free 9615K/9927K, paused 12ms+3ms
07-19 03:57:43.653   144   160 D dalvikvm: GC_EXPLICIT freed 167K, 23% free 18651K/24199K, paused 29ms+9ms
07-19 03:57:46.931   144   161 I ActivityManager: Start proc com.google.android.apps.googlevoice for service com.google.android.apps.googlevoice/.ShadowNumberRefreshService: pid=21120 uid=10054 gids={3003, 1015}
07-19 03:57:46.934   144   342 I ActivityManager: Process android.process.acore (pid 21082) has died.
07-19 03:57:47.649 21120 21121 D dalvikvm: GC_CONCURRENT freed 226K, 4% free 9305K/9607K, paused 27ms+9ms
07-19 03:57:47.716   144   155 I ActivityManager: Start proc android.process.acore for content provider com.android.providers.contacts/.VoicemailContentProvider: pid=21135 uid=10000 gids={3003, 1015}
07-19 03:57:47.747 21135 21135 I ActivityThread: Pub call_log: com.android.providers.contacts.CallLogProvider
07-19 03:57:47.782 21135 21135 I ActivityThread: Pub com.android.voicemail: com.android.providers.contacts.VoicemailContentProvider
07-19 03:57:47.786 21135 21135 I ActivityThread: Pub user_dictionary: com.android.providers.userdictionary.UserDictionaryProvider
07-19 03:57:47.806 21135 21135 I ActivityThread: Pub com.android.social: com.android.providers.contacts.SocialProvider
07-19 03:57:47.806 21135 21135 I ActivityThread: Pub applications: com.android.providers.applications.ApplicationsProvider
07-19 03:57:47.915 21135 21137 D dalvikvm: GC_CONCURRENT freed 326K, 5% free 9146K/9607K, paused 4ms+2ms
07-19 03:57:47.915 21135 21135 I ActivityThread: Pub contacts;com.android.contacts: com.android.providers.contacts.ContactsProvider2
07-19 03:57:48.391 21120 21151 W System.err: com.google.android.apps.googlevoice.net.VoiceServiceException: Voice service failed [INVALID_AUTH_TOKEN]
07-19 03:57:48.395 21120 21151 W System.err: 	at com.google.android.apps.googlevoice.net.masf.MASFVoiceService.checkCredentials(MASFVoiceService.java:107)
07-19 03:57:48.395 21120 21151 W System.err: 	at com.google.android.apps.googlevoice.net.masf.MASFVoiceService.getAuthToken(MASFVoiceService.java:95)
07-19 03:57:48.395 21120 21151 W System.err: 	at com.google.android.apps.googlevoice.net.masf.MASFGetBackendInfoRpc.createRequestPayload(MASFGetBackendInfoRpc.java:34)
07-19 03:57:48.395 21120 21151 W System.err: 	at com.google.android.apps.googlevoice.net.masf.MASFApiRpc.requestSubmit(MASFApiRpc.java:160)
07-19 03:57:48.395 21120 21151 W System.err: 	at com.google.android.apps.googlevoice.net.masf.MASFApiRpc.run(MASFApiRpc.java:141)
07-19 03:57:48.395 21120 21151 W System.err: 	at com.googlex.common.task.AbstractTask.run(Unknown Source)
07-19 03:57:48.395 21120 21151 W System.err: 	at com.googlex.common.task.AbstractTask.runInternal(Unknown Source)
07-19 03:57:48.395 21120 21151 W System.err: 	at com.googlex.common.task.TaskRunner.run(Unknown Source)
07-19 03:57:48.395 21120 21151 W System.err: 	at com.googlex.common.lang.BaseThreadFactory$ThreadImpl.run(Unknown Source)
07-19 03:57:48.399 21120 21151 E GoogleVoice: ShadowNumberRefreshService: Failed to get backend info!
07-19 03:57:48.399 21120 21151 E GoogleVoice: com.google.android.apps.googlevoice.net.VoiceServiceException: Voice service failed [INVALID_AUTH_TOKEN]
07-19 03:57:48.399 21120 21151 E GoogleVoice: 	at com.google.android.apps.googlevoice.net.masf.MASFVoiceService.checkCredentials(MASFVoiceService.java:107)
07-19 03:57:48.399 21120 21151 E GoogleVoice: 	at com.google.android.apps.googlevoice.net.masf.MASFVoiceService.getAuthToken(MASFVoiceService.java:95)
07-19 03:57:48.399 21120 21151 E GoogleVoice: 	at com.google.android.apps.googlevoice.net.masf.MASFGetBackendInfoRpc.createRequestPayload(MASFGetBackendInfoRpc.java:34)
07-19 03:57:48.399 21120 21151 E GoogleVoice: 	at com.google.android.apps.googlevoice.net.masf.MASFApiRpc.requestSubmit(MASFApiRpc.java:160)
07-19 03:57:48.399 21120 21151 E GoogleVoice: 	at com.google.android.apps.googlevoice.net.masf.MASFApiRpc.run(MASFApiRpc.java:141)
07-19 03:57:48.399 21120 21151 E GoogleVoice: 	at com.googlex.common.task.AbstractTask.run(Unknown Source)
07-19 03:57:48.399 21120 21151 E GoogleVoice: 	at com.googlex.common.task.AbstractTask.runInternal(Unknown Source)
07-19 03:57:48.399 21120 21151 E GoogleVoice: 	at com.googlex.common.task.TaskRunner.run(Unknown Source)
07-19 03:57:48.399 21120 21151 E GoogleVoice: 	at com.googlex.common.lang.BaseThreadFactory$ThreadImpl.run(Unknown Source)
07-19 03:57:48.434 21135 21137 D dalvikvm: GC_CONCURRENT freed 206K, 4% free 9327K/9671K, paused 2ms+2ms
07-19 03:57:48.946   144 15767 I ActivityManager: Process com.xabber.androiddev (pid 20992) has died.
07-19 03:57:48.970   144 15767 W ActivityManager: Scheduling restart of crashed service com.xabber.androiddev/com.xabber.android.service.XMPPService in 40176ms
07-19 03:57:49.157 21135 21137 D dalvikvm: GC_CONCURRENT freed 213K, 4% free 9515K/9863K, paused 4ms+4ms
07-19 03:57:52.106 21135 21137 D dalvikvm: GC_CONCURRENT freed 280K, 5% free 9637K/10055K, paused 16ms+3ms
07-19 03:57:54.161   346   346 D dalvikvm: GC_EXPLICIT freed 5K, 10% free 11911K/13191K, paused 53ms+3ms
07-19 03:57:59.052   435   435 D dalvikvm: GC_EXPLICIT freed <1K, 4% free 9033K/9347K, paused 19ms+2ms
07-19 03:58:02.798 20045 20047 D dalvikvm: GC_CONCURRENT freed 470K, 6% free 10432K/11079K, paused 25ms+5ms
07-19 03:58:02.868   144  1167 I ActivityManager: Start proc com.google.android.apps.maps:LocationFriendService for service com.google.android.apps.maps/com.google.googlenav.friend.reporting.LocationReceiverService: pid=21159 uid=10056 gids={3003, 1015}
07-19 03:58:03.153 21159 21160 D dalvikvm: GC_CONCURRENT freed 163K, 3% free 9369K/9607K, paused 23ms+2ms
07-19 03:58:03.552 21159 21160 D dalvikvm: GC_CONCURRENT freed 157K, 3% free 9671K/9927K, paused 13ms+2ms
07-19 03:58:03.868 21159 21160 D dalvikvm: GC_CONCURRENT freed 285K, 4% free 9848K/10247K, paused 3ms+3ms
07-19 03:58:03.966 21159 21163 I dalvikvm: Total arena pages for JIT: 11
07-19 03:58:03.970 21159 21163 I dalvikvm: Total arena pages for JIT: 12
07-19 03:58:03.970 21159 21163 I dalvikvm: Total arena pages for JIT: 13
07-19 03:58:03.970 21159 21163 I dalvikvm: Total arena pages for JIT: 14
07-19 03:58:03.970 21159 21163 I dalvikvm: Total arena pages for JIT: 15
07-19 03:58:03.974 21159 21163 I dalvikvm: Total arena pages for JIT: 16
07-19 03:58:03.974 21159 21163 I dalvikvm: Total arena pages for JIT: 17
07-19 03:58:04.091 21159 21160 D dalvikvm: GC_CONCURRENT freed 327K, 4% free 9965K/10375K, paused 2ms+3ms
07-19 03:58:04.302   144   310 I ActivityManager: Process com.google.android.apps.maps:LocationFriendService (pid 21159) has died.
07-19 03:58:07.192   144   144 D CountryDetector: The first listener is added
07-19 03:58:07.224 21120 21121 D dalvikvm: GC_CONCURRENT freed 434K, 6% free 9383K/9927K, paused 4ms+3ms
07-19 03:58:07.224 21120 21127 W CursorWrapperInner: Cursor finalized without prior close()
07-19 03:58:07.224 21120 21127 W CursorWrapperInner: Cursor finalized without prior close()
07-19 03:58:07.227 21120 21127 W CursorWrapperInner: Cursor finalized without prior close()
07-19 03:58:07.610 21120 21121 D dalvikvm: GC_CONCURRENT freed 303K, 5% free 9527K/9991K, paused 3ms+7ms
07-19 03:58:07.638 21135 21137 D dalvikvm: GC_CONCURRENT freed 480K, 6% free 9690K/10247K, paused 2ms+11ms
07-19 03:58:07.915 21135 21137 D dalvikvm: GC_CONCURRENT freed 308K, 5% free 9810K/10247K, paused 2ms+7ms
07-19 03:58:07.923 21120 21184 D dalvikvm: GC_FOR_ALLOC freed 139K, 5% free 9634K/10119K, paused 37ms
07-19 03:58:09.415   321   321 D dalvikvm: GC_EXPLICIT freed <1K, 24% free 10155K/13191K, paused 22ms+3ms
07-19 03:58:11.778 21188 21188 D dalvikvm: Late-enabling CheckJNI
07-19 03:58:11.794   144   161 I ActivityManager: Start proc com.chess for broadcast com.chess/.backend.AlarmReceiver: pid=21188 uid=10079 gids={3003, 1015}
07-19 03:58:11.806   144  6618 I ActivityManager: Process android.process.acore (pid 21135) has died.
07-19 03:58:11.806   144  6618 D CountryDetector: No listener is left
07-19 03:58:11.970 21188 21191 D dalvikvm: GC_CONCURRENT freed 163K, 3% free 9368K/9607K, paused 2ms+2ms
07-19 03:58:12.110 21188 21202 D GetStringObjTask: retrieving from url = http://www.chess.com/api/get_move_status?id=5HHjW9WUGa%2Bcu1LUwnVJPxTIWxmEve4VdkRnRyg7b5Ch69JH2Z5aB%2B7eGuFw8K2uFx47KFsdE3JRdR3Mzv0PkZOj6eZ8N73BvxmEERrzXjMNRo80rkLyJAUTh0iqof4n
07-19 03:58:12.173   144 15767 I ActivityManager: Process com.chess (pid 21188) has died.
07-19 03:58:12.395   144   194 E NetdConnector: Communications error
07-19 03:58:12.395   144   194 E NetdConnector: java.io.IOException: Connection refused
07-19 03:58:12.395   144   194 E NetdConnector: 	at android.net.LocalSocketImpl.connectLocal(Native Method)
07-19 03:58:12.395   144   194 E NetdConnector: 	at android.net.LocalSocketImpl.connect(LocalSocketImpl.java:238)
07-19 03:58:12.395   144   194 E NetdConnector: 	at android.net.LocalSocket.connect(LocalSocket.java:98)
07-19 03:58:12.395   144   194 E NetdConnector: 	at com.android.server.NativeDaemonConnector.listenToSocket(NativeDaemonConnector.java:119)
07-19 03:58:12.395   144   194 E NetdConnector: 	at com.android.server.NativeDaemonConnector.run(NativeDaemonConnector.java:88)
07-19 03:58:12.395   144   194 E NetdConnector: 	at java.lang.Thread.run(Thread.java:856)
07-19 03:58:12.395   144   194 E NetdConnector: Error in NativeDaemonConnector
07-19 03:58:12.395   144   194 E NetdConnector: java.io.IOException: Connection refused
07-19 03:58:12.395   144   194 E NetdConnector: 	at android.net.LocalSocketImpl.connectLocal(Native Method)
07-19 03:58:12.395   144   194 E NetdConnector: 	at android.net.LocalSocketImpl.connect(LocalSocketImpl.java:238)
07-19 03:58:12.395   144   194 E NetdConnector: 	at android.net.LocalSocket.connect(LocalSocket.java:98)
07-19 03:58:12.395   144   194 E NetdConnector: 	at com.android.server.NativeDaemonConnector.listenToSocket(NativeDaemonConnector.java:119)
07-19 03:58:12.395   144   194 E NetdConnector: 	at com.android.server.NativeDaemonConnector.run(NativeDaemonConnector.java:88)
07-19 03:58:12.395   144   194 E NetdConnector: 	at java.lang.Thread.run(Thread.java:856)
07-19 03:58:12.474 21204 21204 I Netd    : Netd 1.0 starting
07-19 03:58:17.282   359   359 D dalvikvm: GC_EXPLICIT freed <1K, 6% free 9096K/9607K, paused 23ms+2ms
07-19 03:58:22.259  3217  3217 W ThumbnailCache: Low Memory: Freed 0 textures from compression queue, 0 from write queue, 0 from the pinned list, 0 from the cache.
07-19 03:58:22.333  3217  3217 D dalvikvm: GC_EXPLICIT freed 1K, 20% free 12097K/15111K, paused 35ms+3ms
07-19 03:58:27.317  3452  3452 D dalvikvm: GC_EXPLICIT freed <1K, 4% free 9238K/9543K, paused 31ms+2ms
07-19 03:58:29.208 21223 21223 D dalvikvm: Late-enabling CheckJNI
07-19 03:58:29.208   144   161 I ActivityManager: Start proc com.xabber.androiddev for service com.xabber.androiddev/com.xabber.android.service.XMPPService: pid=21223 uid=10063 gids={3003, 1015}
07-19 03:58:29.235 21223 21223 I dalvikvm: Turning on JNI app bug workarounds for target SDK version 9...
07-19 03:58:29.516 21223 21225 D dalvikvm: GC_CONCURRENT freed 216K, 4% free 9315K/9607K, paused 8ms+4ms
07-19 03:58:29.575 21223 21223 D dalvikvm: GC_FOR_ALLOC freed 327K, 5% free 9473K/9927K, paused 17ms
07-19 03:58:29.712 21223 21225 D dalvikvm: GC_CONCURRENT freed 187K, 3% free 9857K/10119K, paused 1ms+2ms
07-19 03:58:29.852 21223 21225 D dalvikvm: GC_CONCURRENT freed 334K, 4% free 10093K/10503K, paused 1ms+2ms
07-19 03:58:30.196 21223 21223 I com.xabber.android.service.XMPPService@4144d568: onCreate
07-19 03:58:30.208 21223 21223 I com.xabber.android.data.Application@41354b08: onStart
07-19 03:58:30.227 21223 21238 I com.xabber.android.data.LogManager@41364048: onLoad
07-19 03:58:30.368 21223 21225 D dalvikvm: GC_CONCURRENT freed 255K, 4% free 10237K/10631K, paused 6ms+3ms
07-19 03:58:30.497   144   144 I ActivityManager: Start proc android.process.acore for content provider com.android.providers.contacts/.ContactsProvider2: pid=21240 uid=10000 gids={3003, 1015}
07-19 03:58:30.559 21240 21240 I ActivityThread: Pub call_log: com.android.providers.contacts.CallLogProvider
07-19 03:58:30.599 21240 21240 I ActivityThread: Pub com.android.voicemail: com.android.providers.contacts.VoicemailContentProvider
07-19 03:58:30.599 21240 21240 I ActivityThread: Pub user_dictionary: com.android.providers.userdictionary.UserDictionaryProvider
07-19 03:58:30.634 21240 21240 I ActivityThread: Pub com.android.social: com.android.providers.contacts.SocialProvider
07-19 03:58:30.634 21240 21240 I ActivityThread: Pub applications: com.android.providers.applications.ApplicationsProvider
07-19 03:58:30.724 21240 21240 I ActivityThread: Pub contacts;com.android.contacts: com.android.providers.contacts.ContactsProvider2
07-19 03:58:30.735 21240 21242 D dalvikvm: GC_CONCURRENT freed 339K, 5% free 9184K/9607K, paused 2ms+2ms
07-19 03:58:30.997 21240 21242 D dalvikvm: GC_CONCURRENT freed 240K, 4% free 9374K/9735K, paused 2ms+4ms
07-19 03:58:31.013   144   342 I ActivityManager: Process com.google.android.apps.googlevoice (pid 21120) has died.
07-19 03:58:31.013   144   342 W ActivityManager: Scheduling restart of crashed service com.google.android.apps.googlevoice/.ShadowNumberRefreshService in 66996ms
07-19 03:58:31.013   144   342 W ActivityManager: Scheduling restart of crashed service com.google.android.apps.googlevoice/.UpdateService in 146996ms
07-19 03:58:31.016   144   342 W ActivityManager: Scheduling restart of crashed service com.google.android.apps.googlevoice/.CallLogService in 106996ms
07-19 03:58:32.708   144 21255 I ActivityManager: Applications Memory Usage (kB):
07-19 03:58:32.708   144 21255 I ActivityManager: Uptime: 221621558 Realtime: 301580401
07-19 03:58:32.708   144 21255 I ActivityManager: Total PSS by OOM adjustment:
07-19 03:58:32.708   144 21255 I ActivityManager:     29113 kB: System
07-19 03:58:32.708   144 21255 I ActivityManager:                29113 kB: system (pid 144)
07-19 03:58:32.708   144 21255 I ActivityManager:     28031 kB: Persistent
07-19 03:58:32.708   144 21255 I ActivityManager:                12399 kB: com.android.systemui (pid 215)
07-19 03:58:32.708   144 21255 I ActivityManager:                11681 kB: com.android.phone (pid 346)
07-19 03:58:32.708   144 21255 I ActivityManager:                 3951 kB: com.android.nfc (pid 359)
07-19 03:58:32.708   144 21255 I ActivityManager:    103405 kB: Foreground
07-19 03:58:32.708   144 21255 I ActivityManager:                61933 kB: com.android.chrome (pid 3217)
07-19 03:58:32.708   144 21255 I ActivityManager:                41472 kB: com.android.chrome:sandboxed_process1 (pid 3452)
07-19 03:58:32.708   144 21255 I ActivityManager:     26020 kB: Visible
07-19 03:58:32.708   144 21255 I ActivityManager:                14566 kB: com.google.android.gsf.login (pid 13970)
07-19 03:58:32.708   144 21255 I ActivityManager:                 8616 kB: com.google.process.gapps (pid 19906)
07-19 03:58:32.708   144 21255 I ActivityManager:                 2838 kB: com.android.smspush (pid 435)
07-19 03:58:32.708   144 21255 I ActivityManager:      6701 kB: Perceptible
07-19 03:58:32.708   144 21255 I ActivityManager:                 6701 kB: com.klye.ime.latin (pid 321)
07-19 03:58:32.708   144 21255 I ActivityManager:     25497 kB: A Services
07-19 03:58:32.708   144 21255 I ActivityManager:                10506 kB: com.facebook.katana (pid 20883)
07-19 03:58:32.708   144 21255 I ActivityManager:                 8649 kB: com.xabber.androiddev (pid 21223)
07-19 03:58:32.708   144 21255 I ActivityManager:                 6342 kB: android.process.acore (pid 21240)
07-19 03:58:32.708   144 21255 I ActivityManager:     29597 kB: B Services
07-19 03:58:32.708   144 21255 I ActivityManager:                 7804 kB: com.google.android.apps.maps:NetworkLocationService (pid 20045)
07-19 03:58:32.708   144 21255 I ActivityManager:                 6919 kB: com.google.android.apps.maps (pid 21069)
07-19 03:58:32.708   144 21255 I ActivityManager:                 6105 kB: com.whatsapp (pid 18480)
07-19 03:58:32.708   144 21255 I ActivityManager:                 3285 kB: com.apksoftware.compass (pid 20727)
07-19 03:58:32.708   144 21255 I ActivityManager:                 2860 kB: edu.buffalo.cse.phonelab.phonelabservices (pid 20766)
07-19 03:58:32.708   144 21255 I ActivityManager:                 2624 kB: com.android.sprintmenu (pid 20965)
07-19 03:58:32.708   144 21255 I ActivityManager: 
07-19 03:58:32.708   144 21255 I ActivityManager: Total PSS: 248364 kB
07-19 03:58:32.708   144 21255 I ActivityManager:   PID      Vss      Rss      Pss      Uss  cmdline
07-19 03:58:32.708   144 21255 I ActivityManager:  3217   84392K   84300K   62068K   56236K  com.android.chrome
07-19 03:58:32.708   144 21255 I ActivityManager:  3452   60320K   60216K   41520K   38044K  com.android.chrome:sandboxed_process1
07-19 03:58:32.708   144 21255 I ActivityManager:   144   44576K   44508K   29182K   28176K  system_server
07-19 03:58:32.708   144 21255 I ActivityManager: 13970   30380K   30300K   14633K   13720K  com.google.android.gsf.login
07-19 03:58:32.708   144 21255 I ActivityManager:   215   31356K   31140K   12451K    8416K  com.android.systemui
07-19 03:58:32.708   144 21255 I ActivityManager:    78   21124K   18124K   12232K    7092K  /system/bin/surfaceflinger
07-19 03:58:32.708   144 21255 I ActivityManager:   346   26748K   26676K   11730K   10888K  com.android.phone
07-19 03:58:32.708   144 21255 I ActivityManager: 20883   29612K   29540K   10551K    9028K  com.facebook.katana
07-19 03:58:32.708   144 21255 I ActivityManager: 21223   29432K   29360K    8677K    6460K  com.xabber.androiddev
07-19 03:58:32.708   144 21255 I ActivityManager: 19906   27564K   27476K    8665K    7376K  com.google.process.gapps
07-19 03:58:32.708   144 21255 I ActivityManager: 20045   26820K   26760K    7853K    6312K  com.google.android.apps.maps:NetworkLocationService
07-19 03:58:32.708   144 21255 I ActivityManager: 21240   27800K   27728K    7485K    5400K  android.process.acore
07-19 03:58:32.708   144 21255 I ActivityManager: 21069   26748K   26684K    6969K    5364K  com.google.android.apps.maps
07-19 03:58:32.708   144 21255 I ActivityManager:   321   21928K   21828K    6751K    5892K  com.klye.ime.latin
07-19 03:58:32.708   144 21255 I ActivityManager: 18480   24888K   24804K    6156K    4920K  com.whatsapp
07-19 03:58:32.708   144 21255 I ActivityManager:   359   19268K   19172K    3998K    3140K  com.android.nfc
07-19 03:58:32.708   144 21255 I ActivityManager: 20727   22736K   22636K    3336K    1904K  com.apksoftware.compass
07-19 03:58:32.708   144 21255 I ActivityManager: 20766   21724K   21624K    2910K    1564K  edu.buffalo.cse.phonelab.phonelabservices
07-19 03:58:32.708   144 21255 I ActivityManager:   435   18516K   18404K    2886K    1936K  com.android.smspush
07-19 03:58:32.708   144 21255 I ActivityManager: 20965   21340K   21236K    2673K    1400K  com.android.sprintmenu
07-19 03:58:32.708   144 21255 I ActivityManager:    79   18608K   18480K    2092K    1012K  zygote
07-19 03:58:32.708   144 21255 I ActivityManager:    81    2140K    2140K    1814K    1788K  /system/bin/mediaserver
07-19 03:58:32.708   144 21255 I ActivityManager:    80     956K     956K     878K     876K  /system/bin/drmserver
07-19 03:58:32.708   144 21255 I ActivityManager:  1395     984K     980K     845K     840K  logcat
07-19 03:58:32.708   144 21255 I ActivityManager: 21204     904K     900K     716K     672K  /system/bin/netd
07-19 03:58:32.708   144 21255 I ActivityManager:    77     964K     964K     684K     668K  /system/bin/rild
07-19 03:58:32.708   144 21255 I ActivityManager: 21256     792K     784K     628K     592K  procrank
07-19 03:58:32.708   144 21255 I ActivityManager:   275     604K     600K     444K     436K  /system/bin/wpa_supplicant
07-19 03:58:32.708   144 21255 I ActivityManager:    88     432K     432K     416K     416K  /sbin/adbd
07-19 03:58:32.708   144 21255 I ActivityManager:   292     332K     332K     300K     300K  /system/bin/bluetoothd
07-19 03:58:32.708   144 21255 I ActivityManager:    86     436K     432K     282K     276K  /system/vendor/bin/gpsd
07-19 03:58:32.708   144 21255 I ActivityManager:    72     364K     360K     274K     268K  /system/bin/vold
07-19 03:58:32.708   144 21255 I ActivityManager:    82     220K     212K     184K     184K  /system/bin/dbus-daemon
07-19 03:58:32.708   144 21255 I ActivityManager:    85     200K     192K     160K     160K  /system/bin/keystore
07-19 03:58:32.708   144 21255 I ActivityManager: 28597     308K     304K     154K     148K  /system/bin/dhcpcd
07-19 03:58:32.708   144 21255 I ActivityManager:     1     204K     204K     142K     104K  /init
07-19 03:58:32.708   144 21255 I ActivityManager:   203     168K     160K     128K     128K  /system/bin/brcm_patchram_plus
07-19 03:58:32.708   144 21255 I ActivityManager:    61     160K     160K     122K      84K  /sbin/ueventd
07-19 03:58:32.708   144 21255 I ActivityManager:    87     140K     136K     104K     104K  /system/bin/sh
07-19 03:58:32.708   144 21255 I ActivityManager:    83     200K     192K      98K      96K  /system/bin/installd
07-19 03:58:33.009 21240 21242 D dalvikvm: GC_CONCURRENT freed 183K, 4% free 9607K/9927K, paused 4ms+3ms
07-19 03:58:34.974 21223 21225 D dalvikvm: GC_CONCURRENT freed 273K, 4% free 10412K/10823K, paused 12ms+4ms
07-19 03:58:36.239   144   160 D dalvikvm: GC_EXPLICIT freed 1122K, 23% free 18672K/24199K, paused 30ms+9ms
07-19 03:58:38.134 21223 21225 D dalvikvm: GC_CONCURRENT freed 221K, 4% free 10596K/10951K, paused 2ms+3ms
07-19 03:58:38.782 21223 21225 D dalvikvm: GC_CONCURRENT freed 341K, 5% free 10664K/11143K, paused 2ms+3ms
07-19 03:58:40.934 21223 21225 D dalvikvm: GC_CONCURRENT freed 391K, 5% free 10793K/11271K, paused 2ms+3ms
07-19 03:58:41.442   346   346 D dalvikvm: GC_EXPLICIT freed 2K, 10% free 11911K/13191K, paused 45ms+4ms
07-19 03:58:46.438   435   435 D dalvikvm: GC_EXPLICIT freed <1K, 4% free 9033K/9347K, paused 19ms+2ms
07-19 03:58:51.474   321   321 D dalvikvm: GC_EXPLICIT freed <1K, 24% free 10155K/13191K, paused 16ms+3ms
07-19 03:58:56.462 13970 13970 D dalvikvm: GC_EXPLICIT freed <1K, 6% free 9758K/10375K, paused 22ms+3ms
07-19 03:59:01.505   144 12390 D dalvikvm: GC_EXPLICIT freed 85K, 23% free 18653K/24199K, paused 3ms+7ms
07-19 03:59:02.974   144 14192 I ActivityManager: Start proc com.google.android.apps.maps:LocationFriendService for service com.google.android.apps.maps/com.google.googlenav.friend.reporting.LocationReceiverService: pid=21268 uid=10056 gids={3003, 1015}
07-19 03:59:03.071 20045 20047 D dalvikvm: GC_CONCURRENT freed 465K, 7% free 10412K/11079K, paused 2ms+5ms
07-19 03:59:03.145 21268 21270 D dalvikvm: GC_CONCURRENT freed 173K, 3% free 9359K/9607K, paused 2ms+2ms
07-19 03:59:03.181   144   156 I ActivityManager: Process android.process.acore (pid 21240) has died.
07-19 03:59:03.540 21268 21270 D dalvikvm: GC_CONCURRENT freed 134K, 3% free 9671K/9927K, paused 22ms+4ms
07-19 03:59:04.016 21268 21270 D dalvikvm: GC_CONCURRENT freed 305K, 4% free 9841K/10247K, paused 2ms+2ms
07-19 03:59:04.102 21268 21275 I dalvikvm: Total arena pages for JIT: 11
07-19 03:59:04.102 21268 21275 I dalvikvm: Total arena pages for JIT: 12
07-19 03:59:04.106 21268 21275 I dalvikvm: Total arena pages for JIT: 13
07-19 03:59:04.106 21268 21275 I dalvikvm: Total arena pages for JIT: 14
07-19 03:59:04.106 21268 21275 I dalvikvm: Total arena pages for JIT: 15
07-19 03:59:04.106 21268 21275 I dalvikvm: Total arena pages for JIT: 16
07-19 03:59:04.110 21268 21275 I dalvikvm: Total arena pages for JIT: 17
07-19 03:59:04.235 21268 21270 D dalvikvm: GC_CONCURRENT freed 332K, 5% free 9969K/10439K, paused 5ms+2ms
07-19 03:59:06.677   144  1168 I ActivityManager: Start proc android.process.acore for content provider com.android.providers.contacts/.ContactsProvider2: pid=21293 uid=10000 gids={3003, 1015}
07-19 03:59:06.708   144   317 I ActivityManager: Process com.google.android.apps.maps:LocationFriendService (pid 21268) has died.
07-19 03:59:06.716 21293 21293 I ActivityThread: Pub call_log: com.android.providers.contacts.CallLogProvider
07-19 03:59:06.755 21293 21293 I ActivityThread: Pub com.android.voicemail: com.android.providers.contacts.VoicemailContentProvider
07-19 03:59:06.755 21293 21293 I ActivityThread: Pub user_dictionary: com.android.providers.userdictionary.UserDictionaryProvider
07-19 03:59:06.790 21293 21293 I ActivityThread: Pub com.android.social: com.android.providers.contacts.SocialProvider
07-19 03:59:06.790 21293 21293 I ActivityThread: Pub applications: com.android.providers.applications.ApplicationsProvider
07-19 03:59:06.915 21293 21293 I ActivityThread: Pub contacts;com.android.contacts: com.android.providers.contacts.ContactsProvider2
07-19 03:59:06.923 21293 21295 D dalvikvm: GC_CONCURRENT freed 346K, 5% free 9183K/9607K, paused 3ms+2ms
07-19 03:59:07.196 21293 21295 D dalvikvm: GC_CONCURRENT freed 234K, 4% free 9377K/9735K, paused 2ms+3ms
07-19 03:59:08.028 21293 21295 D dalvikvm: GC_CONCURRENT freed 260K, 4% free 9531K/9927K, paused 2ms+3ms
07-19 03:59:10.360 21293 21295 D dalvikvm: GC_CONCURRENT freed 276K, 5% free 9641K/10055K, paused 10ms+6ms
07-19 03:59:11.825   215   215 D dalvikvm: GC_EXPLICIT freed 63K, 56% free 10151K/22727K, paused 1ms+4ms
07-19 03:59:16.899 19906 19906 D dalvikvm: GC_EXPLICIT freed 172K, 6% free 9857K/10439K, paused 31ms+3ms
07-19 03:59:21.852 20883 20883 D dalvikvm: GC_EXPLICIT freed 403K, 6% free 10789K/11399K, paused 8ms+3ms
07-19 03:59:24.790 20766 20779 I PhoneLab-: Service Running
07-19 03:59:24.954 20766 20779 I PhoneLab-LoggerService: app_37    1395  1     1432   980   c00f181c 400107b4 S logcat
07-19 03:59:24.958 20766 20779 I PhoneLab-LoggerService: Logcat pid from database 1395
07-19 03:59:24.958 20766 20779 I PhoneLab-LoggerService: Logcat process found 1395
07-19 03:59:24.958 20766 20779 I PhoneLab-LoggerService: Checking Threshold
07-19 03:59:27.587   144   199 D DhcpInfoInternal: makeLinkProperties with empty dns2!
07-19 03:59:27.602   144   199 D DhcpInfoInternal: makeLinkProperties with empty dns2!
07-19 03:59:33.481 20045 20045 D dalvikvm: GC_EXPLICIT freed 9K, 7% free 10403K/11079K, paused 25ms+3ms
07-19 03:59:38.099   144   161 I ActivityManager: Start proc com.google.android.apps.googlevoice for service com.google.android.apps.googlevoice/.ShadowNumberRefreshService: pid=21330 uid=10054 gids={3003, 1015}
07-19 03:59:38.134    79    79 D dalvikvm: GC_EXPLICIT freed 38K, 4% free 9027K/9347K, paused 3ms+9ms
07-19 03:59:38.165    79    79 D dalvikvm: GC_EXPLICIT freed <1K, 4% free 9027K/9347K, paused 1ms+3ms
07-19 03:59:38.212    79    79 D dalvikvm: GC_EXPLICIT freed <1K, 4% free 9027K/9347K, paused 2ms+3ms
07-19 03:59:38.489 18480 18480 D dalvikvm: GC_EXPLICIT freed 42K, 8% free 9932K/10695K, paused 6ms+3ms
07-19 03:59:38.599 21330 21332 D dalvikvm: GC_CONCURRENT freed 299K, 5% free 9221K/9607K, paused 12ms+2ms
07-19 03:59:38.946 21330 21345 W System.err: com.google.android.apps.googlevoice.net.VoiceServiceException: Voice service failed [INVALID_AUTH_TOKEN]
07-19 03:59:38.946 21330 21345 W System.err: 	at com.google.android.apps.googlevoice.net.masf.MASFVoiceService.checkCredentials(MASFVoiceService.java:107)
07-19 03:59:38.946 21330 21345 W System.err: 	at com.google.android.apps.googlevoice.net.masf.MASFVoiceService.getAuthToken(MASFVoiceService.java:95)
07-19 03:59:38.946 21330 21345 W System.err: 	at com.google.android.apps.googlevoice.net.masf.MASFGetBackendInfoRpc.createRequestPayload(MASFGetBackendInfoRpc.java:34)
07-19 03:59:38.946 21330 21345 W System.err: 	at com.google.android.apps.googlevoice.net.masf.MASFApiRpc.requestSubmit(MASFApiRpc.java:160)
07-19 03:59:38.946 21330 21345 W System.err: 	at com.google.android.apps.googlevoice.net.masf.MASFApiRpc.run(MASFApiRpc.java:141)
07-19 03:59:38.946 21330 21345 W System.err: 	at com.googlex.common.task.AbstractTask.run(Unknown Source)
07-19 03:59:38.946 21330 21345 W System.err: 	at com.googlex.common.task.AbstractTask.runInternal(Unknown Source)
07-19 03:59:38.946 21330 21345 W System.err: 	at com.googlex.common.task.TaskRunner.run(Unknown Source)
07-19 03:59:38.946 21330 21345 W System.err: 	at com.googlex.common.lang.BaseThreadFactory$ThreadImpl.run(Unknown Source)
07-19 03:59:38.981 21330 21345 E GoogleVoice: ShadowNumberRefreshService: Failed to get backend info!
07-19 03:59:38.981 21330 21345 E GoogleVoice: com.google.android.apps.googlevoice.net.VoiceServiceException: Voice service failed [INVALID_AUTH_TOKEN]
07-19 03:59:38.981 21330 21345 E GoogleVoice: 	at com.google.android.apps.googlevoice.net.masf.MASFVoiceService.checkCredentials(MASFVoiceService.java:107)
07-19 03:59:38.981 21330 21345 E GoogleVoice: 	at com.google.android.apps.googlevoice.net.masf.MASFVoiceService.getAuthToken(MASFVoiceService.java:95)
07-19 03:59:38.981 21330 21345 E GoogleVoice: 	at com.google.android.apps.googlevoice.net.masf.MASFGetBackendInfoRpc.createRequestPayload(MASFGetBackendInfoRpc.java:34)
07-19 03:59:38.981 21330 21345 E GoogleVoice: 	at com.google.android.apps.googlevoice.net.masf.MASFApiRpc.requestSubmit(MASFApiRpc.java:160)
07-19 03:59:38.981 21330 21345 E GoogleVoice: 	at com.google.android.apps.googlevoice.net.masf.MASFApiRpc.run(MASFApiRpc.java:141)
07-19 03:59:38.981 21330 21345 E GoogleVoice: 	at com.googlex.common.task.AbstractTask.run(Unknown Source)
07-19 03:59:38.981 21330 21345 E GoogleVoice: 	at com.googlex.common.task.AbstractTask.runInternal(Unknown Source)
07-19 03:59:38.981 21330 21345 E GoogleVoice: 	at com.googlex.common.task.TaskRunner.run(Unknown Source)
07-19 03:59:38.981 21330 21345 E GoogleVoice: 	at com.googlex.common.lang.BaseThreadFactory$ThreadImpl.run(Unknown Source)
07-19 03:59:43.466 20727 20727 D dalvikvm: GC_EXPLICIT freed 216K, 4% free 9138K/9479K, paused 35ms+2ms
07-19 03:59:48.450 20766 20766 D dalvikvm: GC_EXPLICIT freed 286K, 4% free 9050K/9415K, paused 22ms+2ms
07-19 03:59:53.501 20965 20965 D dalvikvm: GC_EXPLICIT freed 63K, 4% free 9052K/9347K, paused 32ms+2ms
07-19 03:59:58.532 21069 21069 D dalvikvm: GC_EXPLICIT freed 67K, 4% free 10927K/11335K, paused 61ms+3ms
07-19 04:00:00.567 18480 18499 D dalvikvm: GC_FOR_ALLOC freed 59K, 8% free 9933K/10695K, paused 62ms
07-19 04:00:00.567 18480 18499 I dalvikvm-heap: Grow heap (frag case) to 9.899MB for 131088-byte allocation
07-19 04:00:00.587 18480 18499 D dalvikvm: GC_FOR_ALLOC freed 1K, 8% free 10059K/10887K, paused 18ms
07-19 04:00:00.727 18480 18485 I dalvikvm: Total arena pages for JIT: 11
07-19 04:00:00.731 18480 18485 I dalvikvm: Total arena pages for JIT: 12
07-19 04:00:00.731 18480 18485 I dalvikvm: Total arena pages for JIT: 13
07-19 04:00:00.731 18480 18485 I dalvikvm: Total arena pages for JIT: 14
07-19 04:00:00.731 18480 18485 I dalvikvm: Total arena pages for JIT: 15
07-19 04:00:00.735 18480 18485 I dalvikvm: Total arena pages for JIT: 16
07-19 04:00:00.735 18480 18485 I dalvikvm: Total arena pages for JIT: 17
07-19 04:00:00.755 18480 18485 I dalvikvm: Total arena pages for JIT: 18
07-19 04:00:03.001   144 14192 I ActivityManager: Start proc com.google.android.apps.maps:LocationFriendService for service com.google.android.apps.maps/com.google.googlenav.friend.reporting.LocationReceiverService: pid=21353 uid=10056 gids={3003, 1015}
07-19 04:00:03.130 21353 21356 D dalvikvm: GC_CONCURRENT freed 153K, 3% free 9378K/9607K, paused 2ms+2ms
07-19 04:00:03.595 21353 21356 D dalvikvm: GC_CONCURRENT freed 156K, 3% free 9671K/9927K, paused 12ms+10ms
07-19 04:00:03.634   144 12390 I ActivityManager: Process com.xabber.androiddev (pid 21223) has died.
07-19 04:00:03.634   144 12390 W ActivityManager: Scheduling restart of crashed service com.xabber.androiddev/com.xabber.android.service.XMPPService in 24375ms
07-19 04:00:04.032 21353 21356 D dalvikvm: GC_CONCURRENT freed 285K, 4% free 9845K/10247K, paused 2ms+3ms
07-19 04:00:04.161 21353 21360 I dalvikvm: Total arena pages for JIT: 11
07-19 04:00:04.165 21353 21360 I dalvikvm: Total arena pages for JIT: 12
07-19 04:00:04.165 21353 21360 I dalvikvm: Total arena pages for JIT: 13
07-19 04:00:04.169 21353 21360 I dalvikvm: Total arena pages for JIT: 14
07-19 04:00:04.169 21353 21360 I dalvikvm: Total arena pages for JIT: 15
07-19 04:00:04.169 21353 21360 I dalvikvm: Total arena pages for JIT: 16
07-19 04:00:04.169 21353 21360 I dalvikvm: Total arena pages for JIT: 17
07-19 04:00:04.286 21353 21356 D dalvikvm: GC_CONCURRENT freed 325K, 4% free 9966K/10375K, paused 1ms+5ms
07-19 04:00:08.786   359   359 D dalvikvm: GC_EXPLICIT freed <1K, 6% free 9096K/9607K, paused 22ms+4ms
07-19 04:00:13.743  3217  3217 W ThumbnailCache: Low Memory: Freed 0 textures from compression queue, 0 from write queue, 0 from the pinned list, 0 from the cache.
07-19 04:00:13.860  3217  3217 D dalvikvm: GC_EXPLICIT freed 1K, 20% free 12097K/15111K, paused 31ms+3ms
07-19 04:00:18.786  3452  3452 D dalvikvm: GC_EXPLICIT freed <1K, 4% free 9238K/9543K, paused 33ms+2ms
07-19 04:00:23.903   144   160 D dalvikvm: GC_EXPLICIT freed 328K, 23% free 18674K/24199K, paused 44ms+8ms
07-19 04:00:24.106   144   174 I ActivityManager: Start proc com.twitter.android for service com.twitter.android/.client.AppService: pid=21376 uid=10064 gids={3003, 1015}
07-19 04:00:24.118   144   144 I ActivityManager: Process com.google.android.apps.maps:LocationFriendService (pid 21353) has died.
07-19 04:00:24.122 21376 21376 I dalvikvm: Turning on JNI app bug workarounds for target SDK version 11...
07-19 04:00:24.266 21376 21376 I ActivityThread: Pub com.twitter.android.provider.GlobalDatabaseProvider: com.twitter.android.provider.GlobalDatabaseProvider
07-19 04:00:24.282 21376 21376 I ActivityThread: Pub com.twitter.android.provider.TwitterProvider: com.twitter.android.provider.TwitterProvider
07-19 04:00:24.411 21376 21378 D dalvikvm: GC_CONCURRENT freed 176K, 4% free 9297K/9607K, paused 4ms+3ms
07-19 04:00:24.735 21376 21378 D dalvikvm: GC_CONCURRENT freed 218K, 4% free 9513K/9863K, paused 7ms+2ms
07-19 04:00:24.884 21376 21378 D dalvikvm: GC_CONCURRENT freed 285K, 5% free 9643K/10055K, paused 2ms+2ms
07-19 04:00:25.013 21376 21378 D dalvikvm: GC_CONCURRENT freed 291K, 5% free 9766K/10183K, paused 2ms+2ms
07-19 04:00:25.145 21376 21378 D dalvikvm: GC_CONCURRENT freed 298K, 5% free 9884K/10311K, paused 2ms+2ms
07-19 04:00:25.274 21376 21378 D dalvikvm: GC_CONCURRENT freed 297K, 5% free 10013K/10439K, paused 2ms+2ms
07-19 04:00:25.407 21376 21378 D dalvikvm: GC_CONCURRENT freed 302K, 4% free 10146K/10567K, paused 1ms+2ms
07-19 04:00:25.544 21376 21378 D dalvikvm: GC_CONCURRENT freed 300K, 4% free 10273K/10695K, paused 1ms+2ms
07-19 04:00:25.724 21376 21378 D dalvikvm: GC_CONCURRENT freed 470K, 6% free 10224K/10823K, paused 2ms+6ms
07-19 04:00:25.856 21376 21378 D dalvikvm: GC_CONCURRENT freed 325K, 5% free 10295K/10823K, paused 2ms+2ms
07-19 04:00:25.974 21376 21378 D dalvikvm: GC_CONCURRENT freed 324K, 5% free 10370K/10823K, paused 2ms+3ms
07-19 04:00:26.122 21376 21378 D dalvikvm: GC_CONCURRENT freed 356K, 5% free 10469K/10951K, paused 2ms+2ms
07-19 04:00:26.247 21376 21378 D dalvikvm: GC_CONCURRENT freed 341K, 5% free 10550K/11015K, paused 2ms+2ms
07-19 04:00:26.372 21376 21378 D dalvikvm: GC_CONCURRENT freed 326K, 5% free 10630K/11079K, paused 2ms+2ms
07-19 04:00:26.501 21376 21378 D dalvikvm: GC_CONCURRENT freed 366K, 5% free 10732K/11207K, paused 1ms+2ms
07-19 04:00:26.634 21376 21378 D dalvikvm: GC_CONCURRENT freed 403K, 5% free 10814K/11335K, paused 1ms+2ms
07-19 04:00:26.684   144 12390 I ActivityManager: Process com.google.android.apps.maps (pid 21069) has died.
07-19 04:00:26.684   144 12390 W ActivityManager: Scheduling restart of crashed service com.google.android.apps.maps/com.google.googlenav.prefetch.android.PrefetcherService in 11325ms
07-19 04:00:27.934 21376 21378 D dalvikvm: GC_CONCURRENT freed 314K, 4% free 11013K/11463K, paused 2ms+2ms
07-19 04:00:28.016 21395 21395 D dalvikvm: Late-enabling CheckJNI
07-19 04:00:28.020   144   161 I ActivityManager: Start proc com.xabber.androiddev for service com.xabber.androiddev/com.xabber.android.service.XMPPService: pid=21395 uid=10063 gids={3003, 1015}
07-19 04:00:28.032 21395 21395 I dalvikvm: Turning on JNI app bug workarounds for target SDK version 9...
07-19 04:00:28.243 21395 21398 D dalvikvm: GC_CONCURRENT freed 207K, 3% free 9325K/9607K, paused 4ms+2ms
07-19 04:00:28.278 21395 21395 D dalvikvm: GC_FOR_ALLOC freed 309K, 5% free 9457K/9927K, paused 14ms
07-19 04:00:28.384 21395 21398 D dalvikvm: GC_CONCURRENT freed 127K, 3% free 9852K/10055K, paused 1ms+6ms
07-19 04:00:28.513 21395 21398 D dalvikvm: GC_CONCURRENT freed 290K, 4% free 10074K/10439K, paused 2ms+2ms
07-19 04:00:28.712 21395 21395 I com.xabber.android.service.XMPPService@4148c0e8: onCreate
07-19 04:00:28.716 21395 21395 I com.xabber.android.data.Application@413513c8: onStart
07-19 04:00:28.770 21395 21398 D dalvikvm: GC_CONCURRENT freed 349K, 5% free 10176K/10631K, paused 23ms+3ms
07-19 04:00:28.770 21395 21409 I com.xabber.android.data.LogManager@41354090: onLoad
07-19 04:00:29.888 21376 21378 D dalvikvm: GC_CONCURRENT freed 421K, 5% free 11213K/11719K, paused 2ms+6ms
07-19 04:00:30.110 21395 21398 D dalvikvm: GC_CONCURRENT freed 211K, 4% free 10413K/10759K, paused 3ms+3ms
07-19 04:00:30.333   144   144 I ActivityManager: Process com.twitter.android (pid 21376) has died.
07-19 04:00:31.079 21395 21398 D dalvikvm: GC_CONCURRENT freed 276K, 4% free 10539K/10951K, paused 2ms+3ms
07-19 04:00:32.032 21395 21398 D dalvikvm: GC_CONCURRENT freed 337K, 5% free 10616K/11079K, paused 3ms+3ms
07-19 04:00:34.876 21395 21398 D dalvikvm: GC_CONCURRENT freed 362K, 5% free 10707K/11207K, paused 1ms+3ms
07-19 04:00:38.099   144   161 I ActivityManager: Start proc com.google.android.apps.maps for service com.google.android.apps.maps/com.google.googlenav.prefetch.android.PrefetcherService: pid=21425 uid=10056 gids={3003, 1015}
07-19 04:00:38.227 21425 21427 D dalvikvm: GC_CONCURRENT freed 157K, 3% free 9375K/9607K, paused 2ms+3ms
07-19 04:00:38.294 21425 21425 I ActivityThread: Pub com.google.android.maps.SearchHistoryProvider: com.google.googlenav.provider.SearchHistoryProvider
07-19 04:00:38.345 21425 21425 I ActivityThread: Pub com.google.android.maps.SuggestionProvider: com.google.googlenav.suggest.android.SuggestContentProvider
07-19 04:00:38.388 21425 21425 I ActivityThread: Pub com.google.android.maps.LayerInfoProvider: com.google.googlenav.layer.LayerInfoProvider
07-19 04:00:38.399 21425 21425 I ActivityThread: Pub com.google.android.maps.TrafficAppWidgetProvider: com.google.googlenav.appwidget.traffic.TrafficAppWidgetProvider
07-19 04:00:38.407 21425 21425 I ActivityThread: Pub com.google.android.maps.LocalActivePlacesProvider: com.google.googlenav.provider.LocalActivePlacesProvider
07-19 04:00:38.411 21425 21425 I ActivityThread: Pub com.google.android.maps.StarredItemProvider: com.google.googlenav.provider.StarredItemProvider
07-19 04:00:38.556 21425 21427 D dalvikvm: GC_CONCURRENT freed 179K, 4% free 9679K/9991K, paused 3ms+3ms
07-19 04:00:38.712 21425 21427 D dalvikvm: GC_CONCURRENT freed 251K, 4% free 9910K/10247K, paused 3ms+3ms
07-19 04:00:38.716 21425 21425 I ActivityThread: Pub com.google.android.maps.LocalSuggestionProvider: com.google.googlenav.provider.LocalSuggestionProvider
07-19 04:00:38.716 21425 21425 I ActivityThread: Pub com.google.android.maps.NavigationAvailabilityProvider: com.google.googlenav.provider.NavigationAvailabilityProvider
07-19 04:00:38.880 21425 21427 D dalvikvm: GC_CONCURRENT freed 175K, 3% free 10220K/10503K, paused 2ms+3ms
07-19 04:00:38.954 21425 21450 D dalvikvm: GC_FOR_ALLOC freed 84K, 3% free 10437K/10759K, paused 18ms
07-19 04:00:38.993 21425 21451 D dalvikvm: GC_FOR_ALLOC freed 42K, 4% free 10655K/11015K, paused 21ms
07-19 04:00:44.141 21293 21293 D dalvikvm: GC_EXPLICIT freed 376K, 6% free 9476K/10055K, paused 9ms+3ms
07-19 04:00:49.153   346   346 D dalvikvm: GC_EXPLICIT freed 5K, 10% free 11911K/13191K, paused 39ms+4ms
07-19 04:00:58.505   144   144 D CountryDetector: The first listener is added
07-19 04:00:58.532 21330 21332 D dalvikvm: GC_CONCURRENT freed 373K, 5% free 9395K/9863K, paused 4ms+2ms
07-19 04:00:58.532 21330 21339 W CursorWrapperInner: Cursor finalized without prior close()
07-19 04:00:58.532 21330 21339 W CursorWrapperInner: Cursor finalized without prior close()
07-19 04:00:58.532 21330 21339 W CursorWrapperInner: Cursor finalized without prior close()
07-19 04:00:58.852 21330 21332 D dalvikvm: GC_CONCURRENT freed 310K, 5% free 9527K/9927K, paused 2ms+4ms
07-19 04:00:58.923 21293 21295 D dalvikvm: GC_CONCURRENT freed 282K, 4% free 9726K/10119K, paused 2ms+3ms
07-19 04:00:59.165   144   155 D dalvikvm: GC_EXPLICIT freed 611K, 23% free 18674K/24199K, paused 3ms+9ms
07-19 04:00:59.309 21330 21459 D dalvikvm: GC_FOR_ALLOC freed 171K, 5% free 9659K/10119K, paused 16ms
07-19 04:00:59.368 21293 21295 D dalvikvm: GC_CONCURRENT freed 326K, 5% free 9857K/10311K, paused 1ms+4ms
07-19 04:00:59.489   435   435 D dalvikvm: GC_EXPLICIT freed <1K, 4% free 9033K/9347K, paused 2ms+2ms
07-19 04:01:03.067   144 14192 I ActivityManager: Start proc com.google.android.apps.maps:LocationFriendService for service com.google.android.apps.maps/com.google.googlenav.friend.reporting.LocationReceiverService: pid=21462 uid=10056 gids={3003, 1015}
07-19 04:01:03.192 21462 21465 D dalvikvm: GC_CONCURRENT freed 163K, 3% free 9368K/9607K, paused 2ms+2ms
07-19 04:01:03.251 20045 20047 D dalvikvm: GC_CONCURRENT freed 496K, 6% free 10417K/11079K, paused 2ms+24ms
07-19 04:01:03.255   144 12390 I ActivityManager: Process android.process.acore (pid 21293) has died.
07-19 04:01:03.259   144   388 D CountryDetector: No listener is left
07-19 04:01:03.399 21462 21465 D dalvikvm: GC_CONCURRENT freed 136K, 3% free 9679K/9927K, paused 2ms+2ms
07-19 04:01:03.696 21462 21465 D dalvikvm: GC_CONCURRENT freed 305K, 4% free 9848K/10247K, paused 38ms+3ms
07-19 04:01:03.884 21462 21465 D dalvikvm: GC_CONCURRENT freed 327K, 4% free 9964K/10375K, paused 2ms+3ms
07-19 04:01:08.337   321   321 D dalvikvm: GC_EXPLICIT freed <1K, 24% free 10155K/13191K, paused 22ms+2ms
07-19 04:01:13.360 13970 13970 D dalvikvm: GC_EXPLICIT freed <1K, 6% free 9758K/10375K, paused 22ms+3ms
07-19 04:01:18.372   215   215 D dalvikvm: GC_EXPLICIT freed 34K, 56% free 10150K/22727K, paused 23ms+3ms
07-19 04:01:23.419 19906 19906 D dalvikvm: GC_EXPLICIT freed 109K, 6% free 9838K/10439K, paused 32ms+3ms
07-19 04:01:24.786 20766 20779 I PhoneLab-: Service Running
07-19 04:01:24.938 20766 20779 I PhoneLab-LoggerService: app_37    1395  1     1432   980   c00f181c 400107b4 S logcat
07-19 04:01:24.938 20766 20779 I PhoneLab-LoggerService: Logcat pid from database 1395
07-19 04:01:24.938 20766 20779 I PhoneLab-LoggerService: Logcat process found 1395
07-19 04:01:24.938 20766 20779 I PhoneLab-LoggerService: Checking Threshold
07-19 04:01:28.423 20883 20883 D dalvikvm: GC_EXPLICIT freed 11K, 6% free 10777K/11399K, paused 50ms+3ms
07-19 04:01:33.368 20045 20045 D dalvikvm: GC_EXPLICIT freed 14K, 7% free 10403K/11079K, paused 25ms+2ms
07-19 04:01:38.395 18480 18480 D dalvikvm: GC_EXPLICIT freed 117K, 8% free 10089K/10887K, paused 27ms+3ms
07-19 04:01:43.380 20727 20727 D dalvikvm: GC_EXPLICIT freed 22K, 4% free 9127K/9479K, paused 20ms+2ms
07-19 04:01:48.364 20766 20766 D dalvikvm: GC_EXPLICIT freed 54K, 4% free 9047K/9415K, paused 20ms+2ms
07-19 04:01:52.474   144   199 D DhcpInfoInternal: makeLinkProperties with empty dns2!
07-19 04:01:52.485   144   199 D DhcpInfoInternal: makeLinkProperties with empty dns2!
07-19 04:01:58.317 20965 20965 D dalvikvm: GC_EXPLICIT freed 1K, 4% free 9051K/9347K, paused 28ms+2ms
07-19 04:02:03.075 21462 21469 I dalvikvm: Total arena pages for JIT: 11
07-19 04:02:03.075 21462 21469 I dalvikvm: Total arena pages for JIT: 12
07-19 04:02:03.075 21462 21469 I dalvikvm: Total arena pages for JIT: 13
07-19 04:02:03.075 21462 21469 I dalvikvm: Total arena pages for JIT: 14
07-19 04:02:03.079 21462 21469 I dalvikvm: Total arena pages for JIT: 15
07-19 04:02:03.079 21462 21469 I dalvikvm: Total arena pages for JIT: 16
07-19 04:02:03.079 21462 21469 I dalvikvm: Total arena pages for JIT: 17
07-19 04:02:03.114 21462 21469 I dalvikvm: Total arena pages for JIT: 18
07-19 04:02:03.200 21462 21465 D dalvikvm: GC_CONCURRENT freed 426K, 6% free 9948K/10503K, paused 2ms+3ms
07-19 04:02:08.024 21330 21330 D dalvikvm: GC_EXPLICIT freed 51K, 6% free 9664K/10183K, paused 2ms+3ms
07-19 04:02:29.684   144  6618 I ActivityManager: Process com.google.android.apps.maps:LocationFriendService (pid 21462) has died.
07-19 04:02:29.778 19906 21507 I EventLogService: Aggregate from 1342683149345 (log), 1342683149345 (data)
07-19 04:02:34.856   359   359 D dalvikvm: GC_EXPLICIT freed <1K, 6% free 9096K/9607K, paused 22ms+2ms
07-19 04:02:39.825  3217  3217 W ThumbnailCache: Low Memory: Freed 0 textures from compression queue, 0 from write queue, 0 from the pinned list, 0 from the cache.
07-19 04:02:39.934  3217  3217 D dalvikvm: GC_EXPLICIT freed 1K, 20% free 12097K/15111K, paused 26ms+3ms
07-19 04:02:44.876  3452  3452 D dalvikvm: GC_EXPLICIT freed <1K, 4% free 9238K/9543K, paused 29ms+2ms
07-19 04:02:49.872 19906 19906 D dalvikvm: GC_EXPLICIT freed 225K, 5% free 9964K/10439K, paused 24ms+4ms
07-19 04:02:52.806   144   169 I ActivityManager: Start proc com.google.android.apps.currents for service com.google.android.apps.currents/com.google.apps.dots.android.app.service.SyncService: pid=21509 uid=10078 gids={3003, 1015}
07-19 04:02:53.161 21509 21509 I ActivityThread: Pub com.google.apps.dots.android.app.provider.SuggestionProvider: com.google.apps.dots.android.app.provider.SuggestionProvider
07-19 04:02:53.173 21509 21509 I ActivityThread: Pub com.google.android.apps.currents.exported: com.google.apps.dots.android.app.provider.ExportedContentProvider
07-19 04:02:53.243 21509 21512 D dalvikvm: GC_CONCURRENT freed 170K, 3% free 9361K/9607K, paused 7ms+3ms
07-19 04:02:53.302 21509 21512 D dalvikvm: GC_CONCURRENT freed 263K, 5% free 9581K/9991K, paused 1ms+2ms
07-19 04:02:53.434 21509 21512 D dalvikvm: GC_CONCURRENT freed 232K, 4% free 9833K/10183K, paused 1ms+2ms
07-19 04:02:53.571 21509 21512 D dalvikvm: GC_CONCURRENT freed 234K, 4% free 10080K/10439K, paused 2ms+3ms
07-19 04:02:53.622 21509 21509 I DotsContentUris: content://com.google.android.apps.currents
07-19 04:02:53.638 21509 21509 I ActivityThread: Pub com.google.android.apps.currents: com.google.apps.dots.android.app.provider.DotsContentProvider
07-19 04:02:53.645 21509 21509 I DotsApplication: Starting up...
07-19 04:02:53.911 21509 21512 D dalvikvm: GC_CONCURRENT freed 412K, 5% free 10127K/10631K, paused 2ms+8ms
07-19 04:02:54.216 21509 21512 D dalvikvm: GC_CONCURRENT freed 303K, 4% free 10331K/10759K, paused 6ms+3ms
07-19 04:02:54.255 21509 21528 I SyncService: Starting sync (04:02:54)
07-19 04:02:56.520 21509 21512 D dalvikvm: GC_CONCURRENT freed 283K, 4% free 10466K/10887K, paused 3ms+3ms
07-19 04:02:56.891 21509 21512 D dalvikvm: GC_CONCURRENT freed 206K, 3% free 10701K/11015K, paused 1ms+2ms
07-19 04:02:57.009 21509 21512 D dalvikvm: GC_CONCURRENT freed 509K, 6% free 10716K/11399K, paused 2ms+2ms
07-19 04:02:57.181 21509 21512 D dalvikvm: GC_CONCURRENT freed 467K, 7% free 10689K/11399K, paused 2ms+2ms
07-19 04:02:58.036   144 15767 D SyncManager: setSyncAutomatically: , provider com.google.android.apps.currents -> true
07-19 04:02:58.036   144 15767 D SyncManager: setSyncAutomatically: already set to true, doing nothing
07-19 04:02:58.188  3217  3217 D SyncSetupManager: setState: sync = true, wantedSyncState = true
07-19 04:02:58.188  3217  3217 D SyncSetupManager: Enabling sync
07-19 04:02:58.349 21509 21512 D dalvikvm: GC_CONCURRENT freed 321K, 6% free 10814K/11399K, paused 3ms+2ms
07-19 04:02:58.532 21509 21512 D dalvikvm: GC_CONCURRENT freed 250K, 4% free 11080K/11463K, paused 2ms+3ms
07-19 04:02:58.724 21509 21512 D dalvikvm: GC_CONCURRENT freed 249K, 4% free 11412K/11783K, paused 2ms+3ms
07-19 04:02:58.977   144   144 D dalvikvm: GC_EXPLICIT freed 458K, 23% free 18686K/24199K, paused 4ms+9ms
07-19 04:02:59.130   144   160 D dalvikvm: GC_EXPLICIT freed 44K, 23% free 18651K/24199K, paused 3ms+7ms
07-19 04:02:59.220 21509 21512 D dalvikvm: GC_CONCURRENT freed 989K, 10% free 11110K/12231K, paused 2ms+3ms
07-19 04:02:59.419 21509 21512 D dalvikvm: GC_CONCURRENT freed 411K, 8% free 11268K/12231K, paused 2ms+3ms
07-19 04:03:00.247 21509 21512 D dalvikvm: GC_CONCURRENT freed 561K, 8% free 11341K/12231K, paused 19ms+3ms
07-19 04:03:01.415 21509 21512 D dalvikvm: GC_CONCURRENT freed 618K, 7% free 11378K/12231K, paused 2ms+3ms
07-19 04:03:01.595 21509 21512 D dalvikvm: GC_CONCURRENT freed 734K, 8% free 11361K/12231K, paused 2ms+7ms
07-19 04:03:01.876 21509 21512 D dalvikvm: GC_CONCURRENT freed 617K, 7% free 11398K/12231K, paused 2ms+3ms
07-19 04:03:02.759 21509 21512 D dalvikvm: GC_CONCURRENT freed 730K, 8% free 11364K/12231K, paused 3ms+4ms
07-19 04:03:02.938 21509 21512 D dalvikvm: GC_CONCURRENT freed 643K, 7% free 11378K/12231K, paused 3ms+3ms
07-19 04:03:03.153   144   378 I ActivityManager: Start proc com.google.android.apps.maps:LocationFriendService for service com.google.android.apps.maps/com.google.googlenav.friend.reporting.LocationReceiverService: pid=21535 uid=10056 gids={3003, 1015}
07-19 04:03:03.188 20045 20047 D dalvikvm: GC_CONCURRENT freed 492K, 6% free 10423K/11079K, paused 22ms+34ms
07-19 04:03:03.290   144   144 I ActivityManager: Process com.facebook.katana (pid 20883) has died.
07-19 04:03:03.290   144   144 W ActivityManager: Scheduling restart of crashed service com.facebook.katana/.service.MediaUploadService in 5000ms
07-19 04:03:03.532 21509 21512 D dalvikvm: GC_CONCURRENT freed 690K, 7% free 11403K/12231K, paused 2ms+45ms
07-19 04:03:03.575 21535 21539 D dalvikvm: GC_CONCURRENT freed 168K, 3% free 9363K/9607K, paused 6ms+2ms
07-19 04:03:03.763 19906 19917 D dalvikvm: GC_EXPLICIT freed 80K, 6% free 9893K/10439K, paused 15ms+4ms
07-19 04:03:04.075 21535 21539 D dalvikvm: GC_CONCURRENT freed 177K, 4% free 9623K/9927K, paused 2ms+2ms
07-19 04:03:04.610 21535 21539 D dalvikvm: GC_CONCURRENT freed 255K, 4% free 9830K/10183K, paused 112ms+2ms
07-19 04:03:05.567 21535 21539 D dalvikvm: GC_CONCURRENT freed 338K, 5% free 9969K/10439K, paused 2ms+2ms
07-19 04:03:05.638 21509 21512 D dalvikvm: GC_CONCURRENT freed 745K, 8% free 11349K/12231K, paused 2ms+3ms
07-19 04:03:06.145 21509 21512 D dalvikvm: GC_CONCURRENT freed 662K, 8% free 11337K/12231K, paused 6ms+2ms
07-19 04:03:06.438 21509 21512 D dalvikvm: GC_CONCURRENT freed 601K, 7% free 11385K/12231K, paused 2ms+92ms
07-19 04:03:06.493   144  6618 I ActivityManager: Process com.google.android.apps.maps:LocationFriendService (pid 21535) has died.
07-19 04:03:07.067 21509 21512 D dalvikvm: GC_CONCURRENT freed 712K, 7% free 11381K/12231K, paused 2ms+3ms
07-19 04:03:07.751 21509 21512 D dalvikvm: GC_CONCURRENT freed 694K, 7% free 11398K/12231K, paused 2ms+2ms
07-19 04:03:08.259 21509 21512 D dalvikvm: GC_CONCURRENT freed 720K, 8% free 11374K/12231K, paused 2ms+2ms
07-19 04:03:08.302   144   161 I ActivityManager: Start proc com.facebook.katana for service com.facebook.katana/.service.MediaUploadService: pid=21558 uid=10071 gids={3003, 1006, 1015}
07-19 04:03:08.309 21558 21558 I dalvikvm: Turning on JNI app bug workarounds for target SDK version 10...
07-19 04:03:08.528 21558 21561 D dalvikvm: GC_CONCURRENT freed 164K, 3% free 9367K/9607K, paused 2ms+2ms
07-19 04:03:08.665 21558 21561 D dalvikvm: GC_CONCURRENT freed 128K, 3% free 9673K/9927K, paused 1ms+3ms
07-19 04:03:08.731 21558 21558 I ActivityThread: Pub com.facebook.katana.provider.LoggingProvider: com.facebook.katana.provider.LoggingProvider
07-19 04:03:08.759 21558 21558 I ActivityThread: Pub com.facebook.katana.provider.KeyValueProvider: com.facebook.katana.provider.KeyValueProvider
07-19 04:03:08.759 21558 21558 I ActivityThread: Pub com.facebook.katana.provider.CacheProvider: com.facebook.katana.provider.CacheProvider
07-19 04:03:08.763 21558 21558 I ActivityThread: Pub com.facebook.katana.provider.VaultImageProvider: com.facebook.katana.provider.VaultImageProvider
07-19 04:03:08.763 21558 21558 I ActivityThread: Pub com.facebook.katana.provider.MailboxProvider: com.facebook.katana.provider.MailboxProvider
07-19 04:03:08.766 21558 21558 I ActivityThread: Pub com.facebook.katana.provider.UserStatusesProvider: com.facebook.katana.provider.UserStatusesProvider
07-19 04:03:08.766 21558 21558 I ActivityThread: Pub com.facebook.katana.provider.EventsProvider: com.facebook.katana.provider.EventsProvider
07-19 04:03:08.766 21558 21558 I ActivityThread: Pub com.facebook.katana.provider.ObservedContactsProvider: com.facebook.katana.provider.ObservedContactsProvider
07-19 04:03:08.770 21558 21558 I ActivityThread: Pub com.facebook.katana.provider.NotificationsProvider: com.facebook.katana.provider.NotificationsProvider
07-19 04:03:08.774 21558 21558 I ActivityThread: Pub com.facebook.katana.provider.UserValuesProvider: com.facebook.katana.provider.UserValuesProvider
07-19 04:03:08.774 21558 21558 I ActivityThread: Pub com.facebook.katana.provider.PagesProvider: com.facebook.katana.provider.PagesProvider
07-19 04:03:08.774 21558 21558 I ActivityThread: Pub com.facebook.katana.provider.MobileEventLogProvider: com.facebook.katana.provider.MobileEventLogProvider
07-19 04:03:08.774 21558 21558 I ActivityThread: Pub com.facebook.katana.provider.PushNotificationsProvider: com.facebook.katana.provider.PushNotificationsProvider
07-19 04:03:08.774 21558 21558 I ActivityThread: Pub com.facebook.katana.provider.PhotosProvider: com.facebook.katana.provider.PhotosProvider
07-19 04:03:08.778 21558 21558 I ActivityThread: Pub com.facebook.katana.provider.ConnectionsProvider: com.facebook.katana.provider.ConnectionsProvider
07-19 04:03:08.798 21558 21558 I ActivityThread: Pub com.facebook.orca.notify.FbandroidMessagesForegroundProvider: com.facebook.orca.notify.FbandroidMessagesForegroundProvider
07-19 04:03:08.806 21509 21512 D dalvikvm: GC_CONCURRENT freed 678K, 7% free 11442K/12295K, paused 3ms+2ms
07-19 04:03:08.860 21558 21558 D ACRA    : Retrieve application default SharedPreferences.
07-19 04:03:08.868 21558 21558 D ACRA    : Set OnSharedPreferenceChangeListener.
07-19 04:03:08.884 21509 21532 D dalvikvm: GC_FOR_ALLOC freed 137K, 8% free 11424K/12295K, paused 35ms
07-19 04:03:08.884 21509 21532 I dalvikvm-heap: Grow heap (frag case) to 11.292MB for 66154-byte allocation
07-19 04:03:08.907 21509 21532 D dalvikvm: GC_FOR_ALLOC freed 31K, 8% free 11457K/12423K, paused 25ms
07-19 04:03:09.266 21558 21558 D ACRA    : ACRA is enabled for com.facebook.katana, intializing...
07-19 04:03:09.513 21558 21558 D ACRA    : Looking for error files in /data/data/com.facebook.katana/app_acra-reports
07-19 04:03:09.825 21558 21558 W nalizableReferenceQueue: Could not load Finalizer in its own class loader.Loading Finalizer in the current class loader instead. As a result, you will not be ableto garbage collect this class loader. To support reclaiming this class loader, eitherresolve the underlying issue, or move Google Collections to your system class path.
07-19 04:03:09.825 21558 21558 W nalizableReferenceQueue: java.io.FileNotFoundException: com/google/common/base/internal/Finalizer.class
07-19 04:03:09.825 21558 21558 W nalizableReferenceQueue: 	at com.google.common.base.FinalizableReferenceQueue$DecoupledLoader.getBaseUrl(FinalizableReferenceQueue.java:243)
07-19 04:03:09.825 21558 21558 W nalizableReferenceQueue: 	at com.google.common.base.FinalizableReferenceQueue$DecoupledLoader.loadFinalizer(FinalizableReferenceQueue.java:227)
07-19 04:03:09.825 21558 21558 W nalizableReferenceQueue: 	at com.google.common.base.FinalizableReferenceQueue.loadFinalizer(FinalizableReferenceQueue.java:155)
07-19 04:03:09.825 21558 21558 W nalizableReferenceQueue: 	at com.google.common.base.FinalizableReferenceQueue.<clinit>(FinalizableReferenceQueue.java:84)
07-19 04:03:09.825 21558 21558 W nalizableReferenceQueue: 	at com.google.common.collect.CustomConcurrentHashMap$QueueHolder.<clinit>(CustomConcurrentHashMap.java:650)
07-19 04:03:09.825 21558 21558 W nalizableReferenceQueue: 	at com.google.common.collect.CustomConcurrentHashMap$WeakEntry.<init>(CustomConcurrentHashMap.java:1342)
07-19 04:03:09.825 21558 21558 W nalizableReferenceQueue: 	at com.google.common.collect.CustomConcurrentHashMap$EntryFactory$9.newEntry(CustomConcurrentHashMap.java:453)
07-19 04:03:09.825 21558 21558 W nalizableReferenceQueue: 	at com.google.common.collect.CustomConcurrentHashMap.a(CustomConcurrentHashMap.java:1715)
07-19 04:03:09.825 21558 21558 W nalizableReferenceQueue: 	at com.google.common.collect.ComputingConcurrentHashMap$ComputingSegment.a(ComputingConcurrentHashMap.java:123)
07-19 04:03:09.825 21558 21558 W nalizableReferenceQueue: 	at com.google.common.collect.ComputingConcurrentHashMap.apply(ComputingConcurrentHashMap.java:71)
07-19 04:03:09.825 21558 21558 W nalizableReferenceQueue: 	at com.google.common.collect.MapMaker$ComputingMapAdapter.get(MapMaker.java:848)
07-19 04:03:09.825 21558 21558 W nalizableReferenceQueue: 	at com.google.inject.internal.Annotations$AnnotationChecker.a(Annotations.java:90)
07-19 04:03:09.825 21558 21558 W nalizableReferenceQueue: 	at com.google.inject.internal.Annotations.c(Annotations.java:108)
07-19 04:03:09.825 21558 21558 W nalizableReferenceQueue: 	at com.google.inject.Key.d(Key.java:369)
07-19 04:03:09.825 21558 21558 W nalizableReferenceQueue: 	at com.google.inject.Key.b(Key.java:356)
07-19 04:03:09.825 21558 21558 W nalizableReferenceQueue: 	at com.google.inject.Key.a(Key.java:267)
07-19 04:03:09.825 21558 21558 W nalizableReferenceQueue: 	at com.facebook.orca.inject.binder.AnnotatedBindingBuilderImpl.a(AnnotatedBindingBuilderImpl.java:22)
07-19 04:03:09.825 21558 21558 W nalizableReferenceQueue: 	at com.facebook.orca.app.FbBaseModule.a(FbBaseModule.java:75)
07-19 04:03:09.825 21558 21558 W nalizableReferenceQueue: 	at com.facebook.orca.inject.AbstractModule.a(AbstractModule.java:19)
07-19 04:03:09.825 21558 21558 W nalizableReferenceQueue: 	at com.facebook.orca.inject.FbInjectorImpl.a(FbInjectorImpl.java:63)
07-19 04:03:09.825 21558 21558 W nalizableReferenceQueue: 	at com.facebook.orca.inject.FbInjectorImpl.<init>(FbInjectorImpl.java:41)
07-19 04:03:09.825 21558 21558 W nalizableReferenceQueue: 	at com.facebook.orca.inject.FbInjector.a(FbInjector.java:40)
07-19 04:03:09.825 21558 21558 W nalizableReferenceQueue: 	at com.facebook.katana.FacebookApplication.onCreate(FacebookApplication.java:102)
07-19 04:03:09.825 21558 21558 W nalizableReferenceQueue: 	at android.app.Instrumentation.callApplicationOnCreate(Instrumentation.java:969)
07-19 04:03:09.825 21558 21558 W nalizableReferenceQueue: 	at android.app.ActivityThread.handleBindApplication(ActivityThread.java:3954)
07-19 04:03:09.825 21558 21558 W nalizableReferenceQueue: 	at android.app.ActivityThread.access$1300(ActivityThread.java:123)
07-19 04:03:09.825 21558 21558 W nalizableReferenceQueue: 	at android.app.ActivityThread$H.handleMessage(ActivityThread.java:1185)
07-19 04:03:09.825 21558 21558 W nalizableReferenceQueue: 	at android.os.Handler.dispatchMessage(Handler.java:99)
07-19 04:03:09.825 21558 21558 W nalizableReferenceQueue: 	at android.os.Looper.loop(Looper.java:137)
07-19 04:03:09.825 21558 21558 W nalizableReferenceQueue: 	at android.app.ActivityThread.main(ActivityThread.java:4424)
07-19 04:03:09.825 21558 21558 W nalizableReferenceQueue: 	at java.lang.reflect.Method.invokeNative(Native Method)
07-19 04:03:09.825 21558 21558 W nalizableReferenceQueue: 	at java.lang.reflect.Method.invoke(Method.java:511)
07-19 04:03:09.825 21558 21558 W nalizableReferenceQueue: 	at com.android.internal.os.ZygoteInit$MethodAndArgsCaller.run(ZygoteInit.java:784)
07-19 04:03:09.825 21558 21558 W nalizableReferenceQueue: 	at com.android.internal.os.ZygoteInit.main(ZygoteInit.java:551)
07-19 04:03:09.825 21558 21558 W nalizableReferenceQueue: 	at dalvik.system.NativeStart.main(Native Method)
07-19 04:03:09.825 21558 21558 I Finalizer: Couldn't access Thread.inheritableThreadLocals. Reference finalizer threads will inherit thread local values.
07-19 04:03:10.063 21558 21561 D dalvikvm: GC_CONCURRENT freed 330K, 5% free 9868K/10311K, paused 160ms+146ms
07-19 04:03:10.263 21558 21561 D dalvikvm: GC_CONCURRENT freed 408K, 5% free 9994K/10503K, paused 2ms+3ms
07-19 04:03:10.559 21509 21512 D dalvikvm: GC_CONCURRENT freed 764K, 9% free 11381K/12423K, paused 2ms+3ms
07-19 04:03:10.649 21558 21561 D dalvikvm: GC_CONCURRENT freed 435K, 5% free 10121K/10631K, paused 12ms+2ms
07-19 04:03:11.634 21558 21561 D dalvikvm: GC_CONCURRENT freed 326K, 5% free 10267K/10695K, paused 61ms+6ms
07-19 04:03:11.638   346   346 D dalvikvm: GC_EXPLICIT freed 4K, 10% free 11911K/13191K, paused 2ms+9ms
07-19 04:03:11.727 21578 21578 D dalvikvm: Late-enabling CheckJNI
07-19 04:03:11.727   144   161 I ActivityManager: Start proc com.chess for broadcast com.chess/.backend.AlarmReceiver: pid=21578 uid=10079 gids={3003, 1015}
07-19 04:03:11.735 21509 21512 D dalvikvm: GC_CONCURRENT freed 621K, 9% free 11421K/12423K, paused 2ms+11ms
07-19 04:03:12.024   144   342 I ActivityManager: Process com.facebook.katana (pid 21558) has died.
07-19 04:03:12.149 21578 21581 D dalvikvm: GC_CONCURRENT freed 172K, 3% free 9360K/9607K, paused 2ms+3ms
07-19 04:03:12.266 21578 21592 D GetStringObjTask: retrieving from url = http://www.chess.com/api/get_move_status?id=5HHjW9WUGa%2Bcu1LUwnVJPxTIWxmEve4VdkRnRyg7b5Ch69JH2Z5aB%2B7eGuFw8K2uFx47KFsdE3JRdR3Mzv0PkZOj6eZ8N73BvxmEERrzXjMNRo80rkLyJAUTh0iqof4n
07-19 04:03:12.337 21509 21512 D dalvikvm: GC_CONCURRENT freed 648K, 8% free 11450K/12423K, paused 2ms+2ms
07-19 04:03:12.790 21509 21512 D dalvikvm: GC_CONCURRENT freed 646K, 8% free 11490K/12423K, paused 4ms+3ms
07-19 04:03:13.727   144  6618 D dalvikvm: GC_EXPLICIT freed 483K, 23% free 18660K/24199K, paused 8ms+8ms
07-19 04:03:13.895 21509 21512 D dalvikvm: GC_CONCURRENT freed 750K, 8% free 11448K/12423K, paused 2ms+2ms
07-19 04:03:13.954   144 12390 I ActivityManager: Process com.chess (pid 21578) has died.
07-19 04:03:14.860 21509 21512 D dalvikvm: GC_CONCURRENT freed 702K, 8% free 11434K/12423K, paused 2ms+3ms
07-19 04:03:15.977 21509 21512 D dalvikvm: GC_CONCURRENT freed 685K, 8% free 11433K/12423K, paused 2ms+3ms
07-19 04:03:16.309 21509 21512 D dalvikvm: GC_CONCURRENT freed 666K, 8% free 11449K/12423K, paused 91ms+2ms
07-19 04:03:16.477 21509 21512 D dalvikvm: GC_CONCURRENT freed 648K, 8% free 11489K/12423K, paused 2ms+3ms
07-19 04:03:19.024   435   435 D dalvikvm: GC_EXPLICIT freed <1K, 4% free 9033K/9347K, paused 19ms+4ms
07-19 04:03:19.286 21509 21512 D dalvikvm: GC_CONCURRENT freed 779K, 9% free 11409K/12423K, paused 9ms+2ms
07-19 04:03:20.063 21509 21512 D dalvikvm: GC_CONCURRENT freed 634K, 8% free 11446K/12423K, paused 2ms+3ms
07-19 04:03:20.204 21509 21512 D dalvikvm: GC_CONCURRENT freed 636K, 8% free 11493K/12423K, paused 2ms+3ms
07-19 04:03:20.352 21509 21512 D dalvikvm: GC_CONCURRENT freed 660K, 8% free 11530K/12423K, paused 2ms+3ms
07-19 04:03:20.571 21509 21532 D dalvikvm: GC_EXPLICIT freed 304K, 7% free 11608K/12423K, paused 2ms+3ms
07-19 04:03:23.509 21509 21512 D dalvikvm: GC_CONCURRENT freed 902K, 9% free 11453K/12487K, paused 2ms+3ms
07-19 04:03:24.563 21509 21512 D dalvikvm: GC_CONCURRENT freed 653K, 9% free 11487K/12487K, paused 2ms+3ms
07-19 04:03:24.630 21509 21532 D dalvikvm: GC_FOR_ALLOC freed 227K, 8% free 11500K/12487K, paused 27ms
07-19 04:03:24.778 20766 20779 I PhoneLab-: Service Running
07-19 04:03:25.016 20766 20779 I PhoneLab-LoggerService: app_37    1395  1     1432   980   c00f181c 400107b4 S logcat
07-19 04:03:25.016 20766 20779 I PhoneLab-LoggerService: Logcat pid from database 1395
07-19 04:03:25.016 20766 20779 I PhoneLab-LoggerService: Logcat process found 1395
07-19 04:03:25.016 20766 20779 I PhoneLab-LoggerService: Checking Threshold
07-19 04:03:25.278 21509 21512 D dalvikvm: GC_CONCURRENT freed 683K, 8% free 11516K/12487K, paused 2ms+3ms
07-19 04:03:25.415 21509 21512 D dalvikvm: GC_CONCURRENT freed 673K, 8% free 11550K/12487K, paused 2ms+3ms
07-19 04:03:26.286 21509 21512 D dalvikvm: GC_CONCURRENT freed 801K, 9% free 11465K/12487K, paused 2ms+3ms
07-19 04:03:26.552 21509 21512 D dalvikvm: GC_CONCURRENT freed 671K, 9% free 11486K/12487K, paused 3ms+8ms
07-19 04:03:26.817 21509 21512 D dalvikvm: GC_CONCURRENT freed 729K, 9% free 11451K/12487K, paused 2ms+3ms
07-19 04:03:26.993 21509 21512 D dalvikvm: GC_CONCURRENT freed 549K, 8% free 11593K/12487K, paused 2ms+3ms
07-19 04:03:27.157 21509 21512 D dalvikvm: GC_CONCURRENT freed 575K, 6% free 11776K/12487K, paused 2ms+3ms
07-19 04:03:27.337 21509 21512 D dalvikvm: GC_CONCURRENT freed 778K, 8% free 11827K/12743K, paused 2ms+3ms
07-19 04:03:27.524 21509 21512 D dalvikvm: GC_CONCURRENT freed 1326K, 12% free 11343K/12807K, paused 2ms+3ms
07-19 04:03:27.985   321   321 D dalvikvm: GC_EXPLICIT freed <1K, 24% free 10155K/13191K, paused 2ms+2ms
07-19 04:03:29.899 21509 21528 I SyncService: sync service finished (04:03:29)
07-19 04:03:35.028 13970 13970 D dalvikvm: GC_EXPLICIT freed <1K, 6% free 9758K/10375K, paused 2ms+3ms
07-19 04:03:40.075   215   215 D dalvikvm: GC_EXPLICIT freed 44K, 56% free 10154K/22727K, paused 9ms+4ms
07-19 04:03:45.099 20045 20045 D dalvikvm: GC_EXPLICIT freed 19K, 7% free 10406K/11079K, paused 39ms+2ms
07-19 04:03:50.130 18480 18480 D dalvikvm: GC_EXPLICIT freed 10K, 8% free 10082K/10887K, paused 12ms+3ms
07-19 04:03:55.091 20727 20727 D dalvikvm: GC_EXPLICIT freed 11K, 4% free 9127K/9479K, paused 37ms+2ms
07-19 04:04:03.192   144   378 I ActivityManager: Start proc com.google.android.apps.maps:LocationFriendService for service com.google.android.apps.maps/com.google.googlenav.friend.reporting.LocationReceiverService: pid=21595 uid=10056 gids={3003, 1015}
07-19 04:04:03.360 21595 21598 D dalvikvm: GC_CONCURRENT freed 176K, 3% free 9356K/9607K, paused 2ms+2ms
07-19 04:04:03.809 21595 21598 D dalvikvm: GC_CONCURRENT freed 159K, 3% free 9657K/9927K, paused 27ms+6ms
07-19 04:04:03.903   144 12390 I ActivityManager: Process com.xabber.androiddev (pid 21395) has died.
07-19 04:04:03.923   144 12390 W ActivityManager: Scheduling restart of crashed service com.xabber.androiddev/com.xabber.android.service.XMPPService in 5000ms
07-19 04:04:04.388 21595 21598 D dalvikvm: GC_CONCURRENT freed 280K, 4% free 9843K/10247K, paused 2ms+3ms
07-19 04:04:05.087 21595 21602 I dalvikvm: Total arena pages for JIT: 11
07-19 04:04:05.087 21595 21602 I dalvikvm: Total arena pages for JIT: 12
07-19 04:04:05.087 21595 21602 I dalvikvm: Total arena pages for JIT: 13
07-19 04:04:05.091 21595 21602 I dalvikvm: Total arena pages for JIT: 14
07-19 04:04:05.091 21595 21602 I dalvikvm: Total arena pages for JIT: 15
07-19 04:04:05.091 21595 21602 I dalvikvm: Total arena pages for JIT: 16
07-19 04:04:05.099 21595 21602 I dalvikvm: Total arena pages for JIT: 17
07-19 04:04:05.856 21595 21598 D dalvikvm: GC_CONCURRENT freed 332K, 5% free 9969K/10439K, paused 7ms+2ms
07-19 04:04:05.927   144 21611 I ActivityManager: Applications Memory Usage (kB):
07-19 04:04:05.927   144 21611 I ActivityManager: Uptime: 221954487 Realtime: 301913331
07-19 04:04:05.927   144 21611 I ActivityManager: Total PSS by OOM adjustment:
07-19 04:04:05.927   144 21611 I ActivityManager:     29211 kB: System
07-19 04:04:05.927   144 21611 I ActivityManager:                29211 kB: system (pid 144)
07-19 04:04:05.927   144 21611 I ActivityManager:     28968 kB: Persistent
07-19 04:04:05.927   144 21611 I ActivityManager:                13286 kB: com.android.systemui (pid 215)
07-19 04:04:05.927   144 21611 I ActivityManager:                11755 kB: com.android.phone (pid 346)
07-19 04:04:05.927   144 21611 I ActivityManager:                 3927 kB: com.android.nfc (pid 359)
07-19 04:04:05.927   144 21611 I ActivityManager:    103440 kB: Foreground
07-19 04:04:05.927   144 21611 I ActivityManager:                61995 kB: com.android.chrome (pid 3217)
07-19 04:04:05.927   144 21611 I ActivityManager:                41445 kB: com.android.chrome:sandboxed_process1 (pid 3452)
07-19 04:04:05.927   144 21611 I ActivityManager:     27204 kB: Visible
07-19 04:04:05.927   144 21611 I ActivityManager:                14597 kB: com.google.android.gsf.login (pid 13970)
07-19 04:04:05.927   144 21611 I ActivityManager:                 9768 kB: com.google.process.gapps (pid 19906)
07-19 04:04:05.927   144 21611 I ActivityManager:                 2839 kB: com.android.smspush (pid 435)
07-19 04:04:05.927   144 21611 I ActivityManager:      6700 kB: Perceptible
07-19 04:04:05.927   144 21611 I ActivityManager:                 6700 kB: com.klye.ime.latin (pid 321)
07-19 04:04:05.927   144 21611 I ActivityManager:     34919 kB: A Services
07-19 04:04:05.927   144 21611 I ActivityManager:                13903 kB: com.google.android.apps.currents (pid 21509)
07-19 04:04:05.927   144 21611 I ActivityManager:                 8229 kB: com.google.android.apps.maps:LocationFriendService (pid 21595)
07-19 04:04:05.927   144 21611 I ActivityManager:                 7340 kB: com.google.android.apps.maps:NetworkLocationService (pid 20045)
07-19 04:04:05.927   144 21611 I ActivityManager:                 5447 kB: com.google.android.apps.googlevoice (pid 21330)
07-19 04:04:05.927   144 21611 I ActivityManager:     22758 kB: B Services
07-19 04:04:05.927   144 21611 I ActivityManager:                 6875 kB: com.google.android.apps.maps (pid 21425)
07-19 04:04:05.927   144 21611 I ActivityManager:                 6623 kB: com.whatsapp (pid 18480)
07-19 04:04:05.927   144 21611 I ActivityManager:                 3454 kB: com.apksoftware.compass (pid 20727)
07-19 04:04:05.927   144 21611 I ActivityManager:                 3095 kB: edu.buffalo.cse.phonelab.phonelabservices (pid 20766)
07-19 04:04:05.927   144 21611 I ActivityManager:                 2711 kB: com.android.sprintmenu (pid 20965)
07-19 04:04:05.927   144 21611 I ActivityManager: 
07-19 04:04:05.927   144 21611 I ActivityManager: Total PSS: 253200 kB
07-19 04:04:05.927   144 21611 I ActivityManager:   PID      Vss      Rss      Pss      Uss  cmdline
07-19 04:04:05.927   144 21611 I ActivityManager:  3217   84488K   84396K   62132K   56308K  com.android.chrome
07-19 04:04:05.927   144 21611 I ActivityManager:  3452   60268K   60164K   41492K   38044K  com.android.chrome:sandboxed_process1
07-19 04:04:05.927   144 21611 I ActivityManager:   144   44716K   44648K   29263K   28240K  system_server
07-19 04:04:05.927   144 21611 I ActivityManager: 13970   30412K   30332K   14666K   13752K  com.google.android.gsf.login
07-19 04:04:05.927   144 21611 I ActivityManager: 21509   34028K   33972K   13955K   12088K  com.google.android.apps.currents
07-19 04:04:05.927   144 21611 I ActivityManager:   215   32088K   31872K   13333K    9408K  com.android.systemui
07-19 04:04:05.927   144 21611 I ActivityManager:    78   21124K   18124K   12232K    7092K  /system/bin/surfaceflinger
07-19 04:04:05.927   144 21611 I ActivityManager:   346   26820K   26748K   11803K   10960K  com.android.phone
07-19 04:04:05.927   144 21611 I ActivityManager: 19906   28852K   28764K    9812K    8448K  com.google.process.gapps
07-19 04:04:05.927   144 21611 I ActivityManager: 21595   29464K   29404K    8632K    6484K  com.google.android.apps.maps:LocationFriendService
07-19 04:04:05.927   144 21611 I ActivityManager: 20045   26236K   26144K    7389K    5884K  com.google.android.apps.maps:NetworkLocationService
07-19 04:04:05.927   144 21611 I ActivityManager: 21425   27628K   27564K    6925K    4968K  com.google.android.apps.maps
07-19 04:04:05.927   144 21611 I ActivityManager:   321   21928K   21828K    6752K    5892K  com.klye.ime.latin
07-19 04:04:05.927   144 21611 I ActivityManager: 18480   25656K   25568K    6672K    5328K  com.whatsapp
07-19 04:04:05.927   144 21611 I ActivityManager: 21330   25528K   25432K    5497K    3920K  com.google.android.apps.googlevoice
07-19 04:04:05.927   144 21611 I ActivityManager:   359   19248K   19152K    3974K    3120K  com.android.nfc
07-19 04:04:05.927   144 21611 I ActivityManager: 20727   22772K   22672K    3504K    2212K  com.apksoftware.compass
07-19 04:04:05.927   144 21611 I ActivityManager: 20766   21892K   21792K    3145K    1928K  edu.buffalo.cse.phonelab.phonelabservices
07-19 04:04:05.927   144 21611 I ActivityManager:   435   18524K   18412K    2890K    1940K  com.android.smspush
07-19 04:04:05.927   144 21611 I ActivityManager: 20965   21552K   21448K    2762K    1516K  com.android.sprintmenu
07-19 04:04:05.927   144 21611 I ActivityManager:    79   18608K   18480K    2123K    1048K  zygote
07-19 04:04:05.927   144 21611 I ActivityManager:    81    2140K    2140K    1814K    1788K  /system/bin/mediaserver
07-19 04:04:05.927   144 21611 I ActivityManager:    80     956K     956K     878K     876K  /system/bin/drmserver
07-19 04:04:05.927   144 21611 I ActivityManager:  1395     984K     980K     845K     840K  logcat
07-19 04:04:05.927   144 21611 I ActivityManager:    77     964K     964K     684K     668K  /system/bin/rild
07-19 04:04:05.927   144 21611 I ActivityManager: 21617     796K     788K     665K     660K  procrank
07-19 04:04:05.927   144 21611 I ActivityManager:   275     684K     680K     525K     516K  /system/bin/wpa_supplicant
07-19 04:04:05.927   144 21611 I ActivityManager:    88     432K     432K     416K     416K  /sbin/adbd
07-19 04:04:05.927   144 21611 I ActivityManager: 21204     556K     552K     364K     348K  /system/bin/netd
07-19 04:04:05.927   144 21611 I ActivityManager:   292     332K     332K     300K     300K  /system/bin/bluetoothd
07-19 04:04:05.927   144 21611 I ActivityManager:    72     380K     376K     290K     284K  /system/bin/vold
07-19 04:04:05.927   144 21611 I ActivityManager:    86     436K     432K     282K     276K  /system/vendor/bin/gpsd
07-19 04:04:05.927   144 21611 I ActivityManager:    82     220K     212K     184K     184K  /system/bin/dbus-daemon
07-19 04:04:05.927   144 21611 I ActivityManager: 28597     336K     332K     182K     176K  /system/bin/dhcpcd
07-19 04:04:05.927   144 21611 I ActivityManager:    85     200K     192K     160K     160K  /system/bin/keystore
07-19 04:04:05.927   144 21611 I ActivityManager:     1     204K     204K     142K     104K  /init
07-19 04:04:05.927   144 21611 I ActivityManager:   203     168K     160K     128K     128K  /system/bin/brcm_patchram_plus
07-19 04:04:05.927   144 21611 I ActivityManager:    61     160K     160K     122K      84K  /sbin/ueventd
07-19 04:04:05.927   144 21611 I ActivityManager:    87     
07-19 04:04:08.856   144   388 I ActivityManager: Start proc android.process.acore for content provider com.android.providers.contacts/.ContactsProvider2: pid=21620 uid=10000 gids={3003, 1015}
07-19 04:04:08.891    79    79 D dalvikvm: GC_EXPLICIT freed 38K, 4% free 9027K/9347K, paused 1ms+3ms
07-19 04:04:08.938    79    79 D dalvikvm: GC_EXPLICIT freed <1K, 4% free 9027K/9347K, paused 1ms+2ms
07-19 04:04:08.954 21620 21620 I ActivityThread: Pub call_log: com.android.providers.contacts.CallLogProvider
07-19 04:04:08.970    79    79 D dalvikvm: GC_EXPLICIT freed <1K, 4% free 9027K/9347K, paused 2ms+3ms
07-19 04:04:08.989 21633 21633 D dalvikvm: Late-enabling CheckJNI
07-19 04:04:08.989   144   161 I ActivityManager: Start proc com.xabber.androiddev for service com.xabber.androiddev/com.xabber.android.service.XMPPService: pid=21633 uid=10063 gids={3003, 1015}
07-19 04:04:09.005 21620 21620 I ActivityThread: Pub com.android.voicemail: com.android.providers.contacts.VoicemailContentProvider
07-19 04:04:09.009 21620 21620 I ActivityThread: Pub user_dictionary: com.android.providers.userdictionary.UserDictionaryProvider
07-19 04:04:09.024   144   317 I ActivityManager: Process com.google.android.apps.maps:LocationFriendService (pid 21595) has died.
07-19 04:04:09.036 21620 21620 I ActivityThread: Pub com.android.social: com.android.providers.contacts.SocialProvider
07-19 04:04:09.040 21620 21620 I ActivityThread: Pub applications: com.android.providers.applications.ApplicationsProvider
07-19 04:04:09.044   359   359 D dalvikvm: GC_EXPLICIT freed <1K, 6% free 9096K/9607K, paused 3ms+6ms
07-19 04:04:09.110 21633 21633 I dalvikvm: Turning on JNI app bug workarounds for target SDK version 9...
07-19 04:04:09.208 21620 21624 D dalvikvm: GC_CONCURRENT freed 350K, 5% free 9146K/9607K, paused 4ms+4ms
07-19 04:04:09.235 21620 21620 I ActivityThread: Pub contacts;com.android.contacts: com.android.providers.contacts.ContactsProvider2
07-19 04:04:09.454 21633 21636 D dalvikvm: GC_CONCURRENT freed 202K, 3% free 9330K/9607K, paused 2ms+3ms
07-19 04:04:09.509 21633 21633 D dalvikvm: GC_FOR_ALLOC freed 307K, 5% free 9457K/9927K, paused 16ms
07-19 04:04:09.630 21633 21636 D dalvikvm: GC_CONCURRENT freed 190K, 3% free 9789K/10055K, paused 2ms+3ms
07-19 04:04:09.849 21633 21636 D dalvikvm: GC_CONCURRENT freed 288K, 4% free 10061K/10439K, paused 1ms+2ms
07-19 04:04:10.016   144  1168 I ActivityManager: Process com.google.android.apps.maps (pid 21425) has died.
07-19 04:04:10.016   144  1168 W ActivityManager: Scheduling restart of crashed service com.google.android.apps.maps/com.google.googlenav.prefetch.android.PrefetcherService in 5000ms
07-19 04:04:10.044 21633 21633 I com.xabber.android.service.XMPPService@4140efc8: onCreate
07-19 04:04:10.048 21633 21633 I com.xabber.android.data.Application@4134f878: onStart
07-19 04:04:10.056 21633 21649 I com.xabber.android.data.LogManager@41356828: onLoad
07-19 04:04:10.157 21620 21624 D dalvikvm: GC_CONCURRENT freed 197K, 4% free 9351K/9671K, paused 3ms+2ms
07-19 04:04:10.239 21633 21636 D dalvikvm: GC_CONCURRENT freed 301K, 5% free 10193K/10631K, paused 2ms+3ms
07-19 04:04:11.016 21620 21624 D dalvikvm: GC_CONCURRENT freed 169K, 3% free 9652K/9927K, paused 22ms+2ms
07-19 04:04:12.352   144   144 D dalvikvm: GC_EXPLICIT freed 1253K, 23% free 18657K/24199K, paused 21ms+8ms
07-19 04:04:13.095 21620 21624 D dalvikvm: GC_CONCURRENT freed 368K, 5% free 9677K/10183K, paused 3ms+3ms
07-19 04:04:13.290 21633 21636 D dalvikvm: GC_CONCURRENT freed 211K, 4% free 10410K/10759K, paused 2ms+3ms
07-19 04:04:15.130   144   161 I ActivityManager: Start proc com.google.android.apps.maps for service com.google.android.apps.maps/com.google.googlenav.prefetch.android.PrefetcherService: pid=21659 uid=10056 gids={3003, 1015}
07-19 04:04:15.282 21659 21660 D dalvikvm: GC_CONCURRENT freed 152K, 3% free 9380K/9607K, paused 2ms+2ms
07-19 04:04:15.403 21659 21659 I ActivityThread: Pub com.google.android.maps.SearchHistoryProvider: com.google.googlenav.provider.SearchHistoryProvider
07-19 04:04:15.474 21659 21659 I ActivityThread: Pub com.google.android.maps.SuggestionProvider: com.google.googlenav.suggest.android.SuggestContentProvider
07-19 04:04:15.524 21659 21659 I ActivityThread: Pub com.google.android.maps.LayerInfoProvider: com.google.googlenav.layer.LayerInfoProvider
07-19 04:04:15.540 21659 21659 I ActivityThread: Pub com.google.android.maps.TrafficAppWidgetProvider: com.google.googlenav.appwidget.traffic.TrafficAppWidgetProvider
07-19 04:04:15.548 21659 21659 I ActivityThread: Pub com.google.android.maps.LocalActivePlacesProvider: com.google.googlenav.provider.LocalActivePlacesProvider
07-19 04:04:15.552 21659 21659 I ActivityThread: Pub com.google.android.maps.StarredItemProvider: com.google.googlenav.provider.StarredItemProvider
07-19 04:04:15.712 21659 21660 D dalvikvm: GC_CONCURRENT freed 171K, 3% free 9662K/9927K, paused 4ms+11ms
07-19 04:04:15.931 21659 21659 I ActivityThread: Pub com.google.android.maps.LocalSuggestionProvider: com.google.googlenav.provider.LocalSuggestionProvider
07-19 04:04:15.931 21659 21659 I ActivityThread: Pub com.google.android.maps.NavigationAvailabilityProvider: com.google.googlenav.provider.NavigationAvailabilityProvider
07-19 04:04:15.938 21659 21660 D dalvikvm: GC_CONCURRENT freed 263K, 4% free 9929K/10311K, paused 5ms+2ms
07-19 04:04:16.079 21659 21678 D dalvikvm: GC_FOR_ALLOC freed 120K, 4% free 10163K/10567K, paused 34ms
07-19 04:04:16.079 21659 21678 I dalvikvm-heap: Grow heap (frag case) to 10.193MB for 204816-byte allocation
07-19 04:04:16.110 21659 21680 D dalvikvm: GC_FOR_ALLOC freed <1K, 5% free 10362K/10823K, paused 18ms
07-19 04:04:16.216 21659 21687 D dalvikvm: GC_FOR_ALLOC freed 134K, 4% free 10446K/10823K, paused 19ms
07-19 04:04:16.227   144 12390 I ActivityManager: Process android.process.acore (pid 21620) has died.
07-19 04:04:16.251 21659 21688 D dalvikvm: GC_FOR_ALLOC freed 41K, 4% free 10655K/11079K, paused 19ms
07-19 04:04:16.266 21633 21636 D dalvikvm: GC_CONCURRENT freed 267K, 4% free 10547K/10951K, paused 61ms+25ms
07-19 04:04:16.786 21633 21636 D dalvikvm: GC_CONCURRENT freed 333K, 5% free 10616K/11079K, paused 3ms+2ms
07-19 04:04:17.364   144   199 D DhcpInfoInternal: makeLinkProperties with empty dns2!
07-19 04:04:17.372   144   199 D DhcpInfoInternal: makeLinkProperties with empty dns2!
07-19 04:04:18.849   144  1168 I ActivityManager: Start proc android.process.acore for content provider com.android.providers.contacts/.ContactsProvider2: pid=21715 uid=10000 gids={3003, 1015}
07-19 04:04:18.911 21715 21715 I ActivityThread: Pub call_log: com.android.providers.contacts.CallLogProvider
07-19 04:04:18.946 21715 21715 I ActivityThread: Pub com.android.voicemail: com.android.providers.contacts.VoicemailContentProvider
07-19 04:04:18.946 21715 21715 I ActivityThread: Pub user_dictionary: com.android.providers.userdictionary.UserDictionaryProvider
07-19 04:04:18.974 21715 21715 I ActivityThread: Pub com.android.social: com.android.providers.contacts.SocialProvider
07-19 04:04:18.977 21715 21715 I ActivityThread: Pub applications: com.android.providers.applications.ApplicationsProvider
07-19 04:04:19.091 21715 21715 I ActivityThread: Pub contacts;com.android.contacts: com.android.providers.contacts.ContactsProvider2
07-19 04:04:19.114 21715 21717 D dalvikvm: GC_CONCURRENT freed 334K, 5% free 9173K/9607K, paused 2ms+2ms
07-19 04:04:19.434 21715 21717 D dalvikvm: GC_CONCURRENT freed 228K, 4% free 9375K/9735K, paused 2ms+3ms
07-19 04:04:19.610   144   156 I ActivityManager: Process com.google.android.apps.currents (pid 21509) has died.
07-19 04:04:19.610   144   156 W ActivityManager: Scheduling restart of crashed service com.google.android.apps.currents/com.google.apps.dots.android.app.service.DotsSyncService in 5000ms
07-19 04:04:19.806 21633 21636 D dalvikvm: GC_CONCURRENT freed 359K, 5% free 10715K/11207K, paused 65ms+5ms
07-19 04:04:20.579 21715 21717 D dalvikvm: GC_CONCURRENT freed 177K, 4% free 9612K/9927K, paused 15ms+2ms
07-19 04:04:24.681  3217  3217 W ThumbnailCache: Low Memory: Freed 0 textures from compression queue, 0 from write queue, 0 from the pinned list, 0 from the cache.
07-19 04:04:24.786  3217  3217 D dalvikvm: GC_EXPLICIT freed 42K, 20% free 12098K/15111K, paused 16ms+5ms
07-19 04:04:29.700  3452  3452 D dalvikvm: GC_EXPLICIT freed <1K, 4% free 9238K/9543K, paused 29ms+2ms
07-19 04:04:34.884   144   160 D dalvikvm: GC_EXPLICIT freed 226K, 23% free 18644K/24199K, paused 53ms+7ms
07-19 04:04:39.813   346   346 D dalvikvm: GC_EXPLICIT freed <1K, 10% free 11911K/13191K, paused 41ms+3ms
07-19 04:04:44.735   435   435 D dalvikvm: GC_EXPLICIT freed <1K, 4% free 9033K/9347K, paused 19ms+2ms
07-19 04:04:49.724   321   321 D dalvikvm: GC_EXPLICIT freed <1K, 24% free 10155K/13191K, paused 26ms+2ms
07-19 04:04:54.766 13970 13970 D dalvikvm: GC_EXPLICIT freed <1K, 6% free 9758K/10375K, paused 24ms+3ms
07-19 04:04:59.778   215   215 D dalvikvm: GC_EXPLICIT freed 26K, 56% free 10153K/22727K, paused 22ms+3ms
07-19 04:05:03.325   144   342 I ActivityManager: Start proc com.google.android.apps.maps:LocationFriendService for service com.google.android.apps.maps/com.google.googlenav.friend.reporting.LocationReceiverService: pid=21733 uid=10056 gids={3003, 1015}
07-19 04:05:03.411 20045 20047 D dalvikvm: GC_CONCURRENT freed 496K, 6% free 10421K/11079K, paused 2ms+11ms
07-19 04:05:03.536 21733 21736 D dalvikvm: GC_CONCURRENT freed 161K, 3% free 9371K/9607K, paused 14ms+3ms
07-19 04:05:04.020 21733 21736 D dalvikvm: GC_CONCURRENT freed 155K, 3% free 9660K/9927K, paused 13ms+2ms
07-19 04:05:04.458 21733 21736 D dalvikvm: GC_CONCURRENT freed 280K, 4% free 9841K/10247K, paused 4ms+3ms
07-19 04:05:04.688 21733 21736 D dalvikvm: GC_CONCURRENT freed 332K, 5% free 9968K/10439K, paused 2ms+2ms
07-19 04:05:08.263 19906 19906 D dalvikvm: GC_EXPLICIT freed 166K, 5% free 9942K/10439K, paused 5ms+4ms
07-19 04:05:13.255 20045 20045 D dalvikvm: GC_EXPLICIT freed 14K, 7% free 10407K/11079K, paused 23ms+2ms
07-19 04:05:18.329 18480 18480 D dalvikvm: GC_EXPLICIT freed 25K, 8% free 10086K/10887K, paused 25ms+3ms
07-19 04:05:23.278 20727 20727 D dalvikvm: GC_EXPLICIT freed 11K, 4% free 9127K/9479K, paused 20ms+3ms
07-19 04:05:24.794 20766 20779 I PhoneLab-: Service Running
07-19 04:05:24.954 20766 20779 I PhoneLab-LoggerService: app_37    1395  1     1432   980   c00f181c 400107b4 S logcat
07-19 04:05:24.954 20766 20779 I PhoneLab-LoggerService: Logcat pid from database 1395
07-19 04:05:24.954 20766 20779 I PhoneLab-LoggerService: Logcat process found 1395
07-19 04:05:24.954 20766 20779 I PhoneLab-LoggerService: Checking Threshold
07-19 04:05:26.220   144   378 I ActivityManager: Process android.process.acore (pid 21715) has died.
07-19 04:05:28.239 20766 20766 D dalvikvm: GC_EXPLICIT freed 98K, 4% free 9048K/9415K, paused 6ms+2ms
07-19 04:05:29.579   144   174 I ActivityManager: Start proc com.twitter.android for service com.twitter.android/.client.AppService: pid=21758 uid=10064 gids={3003, 1015}
07-19 04:05:29.587 21758 21758 I dalvikvm: Turning on JNI app bug workarounds for target SDK version 11...
07-19 04:05:29.684 21758 21758 I ActivityThread: Pub com.twitter.android.provider.GlobalDatabaseProvider: com.twitter.android.provider.GlobalDatabaseProvider
07-19 04:05:29.696 21758 21758 I ActivityThread: Pub com.twitter.android.provider.TwitterProvider: com.twitter.android.provider.TwitterProvider
07-19 04:05:29.845 21758 21761 D dalvikvm: GC_CONCURRENT freed 186K, 4% free 9299K/9607K, paused 4ms+4ms
07-19 04:05:30.169 21758 21761 D dalvikvm: GC_CONCURRENT freed 216K, 4% free 9510K/9863K, paused 2ms+2ms
07-19 04:05:30.321 21758 21761 D dalvikvm: GC_CONCURRENT freed 289K, 5% free 9639K/10055K, paused 2ms+2ms
07-19 04:05:30.454 21758 21761 D dalvikvm: GC_CONCURRENT freed 290K, 5% free 9760K/10183K, paused 1ms+2ms
07-19 04:05:30.579 21758 21761 D dalvikvm: GC_CONCURRENT freed 293K, 5% free 9883K/10311K, paused 2ms+2ms
07-19 04:05:30.704 21758 21761 D dalvikvm: GC_CONCURRENT freed 296K, 5% free 10022K/10439K, paused 1ms+2ms
07-19 04:05:30.837 21758 21761 D dalvikvm: GC_CONCURRENT freed 306K, 5% free 10142K/10567K, paused 1ms+1ms
07-19 04:05:30.958 21758 21761 D dalvikvm: GC_CONCURRENT freed 294K, 4% free 10269K/10695K, paused 2ms+3ms
07-19 04:05:31.149 21758 21761 D dalvikvm: GC_CONCURRENT freed 479K, 6% free 10221K/10823K, paused 2ms+2ms
07-19 04:05:31.274 21758 21761 D dalvikvm: GC_CONCURRENT freed 322K, 5% free 10296K/10823K, paused 2ms+6ms
07-19 04:05:31.403 21758 21761 D dalvikvm: GC_CONCURRENT freed 324K, 5% free 10371K/10823K, paused 2ms+1ms
07-19 04:05:31.544 21758 21761 D dalvikvm: GC_CONCURRENT freed 356K, 5% free 10470K/10951K, paused 3ms+2ms
07-19 04:05:31.669 21758 21761 D dalvikvm: GC_CONCURRENT freed 337K, 5% free 10562K/11015K, paused 1ms+2ms
07-19 04:05:31.802 21758 21761 D dalvikvm: GC_CONCURRENT freed 374K, 5% free 10642K/11143K, paused 2ms+2ms
07-19 04:05:31.927 21758 21761 D dalvikvm: GC_CONCURRENT freed 361K, 5% free 10728K/11207K, paused 2ms+2ms
07-19 04:05:32.059 21758 21761 D dalvikvm: GC_CONCURRENT freed 385K, 5% free 10818K/11335K, paused 2ms+2ms
07-19 04:05:32.688   144 12390 I ActivityManager: Process com.google.android.apps.maps:LocationFriendService (pid 21733) has died.
07-19 04:05:33.524 21758 21761 D dalvikvm: GC_CONCURRENT freed 311K, 4% free 11021K/11463K, paused 2ms+2ms
07-19 04:05:35.477 21758 21761 D dalvikvm: GC_CONCURRENT freed 403K, 5% free 11214K/11719K, paused 2ms+8ms
07-19 04:05:40.224   359   359 D dalvikvm: GC_EXPLICIT freed <1K, 6% free 9096K/9607K, paused 2ms+2ms
07-19 04:05:45.204  3217  3217 W ThumbnailCache: Low Memory: Freed 0 textures from compression queue, 0 from write queue, 0 from the pinned list, 0 from the cache.
07-19 04:05:45.306  3217  3217 D dalvikvm: GC_EXPLICIT freed 2K, 20% free 12097K/15111K, paused 28ms+3ms
07-19 04:05:50.263  3452  3452 D dalvikvm: GC_EXPLICIT freed <1K, 4% free 9238K/9543K, paused 13ms+2ms
07-19 04:05:55.372   144   160 D dalvikvm: GC_EXPLICIT freed 210K, 23% free 18645K/24199K, paused 32ms+7ms
07-19 04:06:03.337   144 15767 I ActivityManager: Start proc com.google.android.apps.maps:LocationFriendService for service com.google.android.apps.maps/com.google.googlenav.friend.reporting.LocationReceiverService: pid=21779 uid=10056 gids={3003, 1015}
07-19 04:06:03.462 21779 21782 D dalvikvm: GC_CONCURRENT freed 165K, 3% free 9366K/9607K, paused 2ms+2ms
07-19 04:06:03.536   144 14994 I ActivityManager: Process com.twitter.android (pid 21758) has died.
07-19 04:06:03.649 21779 21782 D dalvikvm: GC_CONCURRENT freed 138K, 3% free 9673K/9927K, paused 2ms+3ms
07-19 04:06:04.024 21779 21782 D dalvikvm: GC_CONCURRENT freed 307K, 4% free 9845K/10247K, paused 4ms+3ms
07-19 04:06:04.091 21779 21786 I dalvikvm: Total arena pages for JIT: 11
07-19 04:06:04.091 21779 21786 I dalvikvm: Total arena pages for JIT: 12
07-19 04:06:04.091 21779 21786 I dalvikvm: Total arena pages for JIT: 13
07-19 04:06:04.091 21779 21786 I dalvikvm: Total arena pages for JIT: 14
07-19 04:06:04.091 21779 21786 I dalvikvm: Total arena pages for JIT: 15
07-19 04:06:04.091 21779 21786 I dalvikvm: Total arena pages for JIT: 16
07-19 04:06:04.091 21779 21786 I dalvikvm: Total arena pages for JIT: 17
07-19 04:06:04.220 21779 21782 D dalvikvm: GC_CONCURRENT freed 329K, 5% free 9972K/10439K, paused 2ms+2ms
07-19 04:06:08.638   346   346 D dalvikvm: GC_EXPLICIT freed 3K, 10% free 11911K/13191K, paused 26ms+3ms
07-19 04:06:13.618   435   435 D dalvikvm: GC_EXPLICIT freed <1K, 4% free 9033K/9347K, paused 23ms+2ms
07-19 04:06:18.630   321   321 D dalvikvm: GC_EXPLICIT freed <1K, 24% free 10155K/13191K, paused 16ms+2ms
07-19 04:06:23.649 13970 13970 D dalvikvm: GC_EXPLICIT freed <1K, 6% free 9758K/10375K, paused 20ms+3ms
07-19 04:06:28.634   215   215 D dalvikvm: GC_EXPLICIT freed 31K, 56% free 10150K/22727K, paused 34ms+4ms
07-19 04:06:33.657 19906 19906 D dalvikvm: GC_EXPLICIT freed 80K, 6% free 9906K/10439K, paused 9ms+4ms
07-19 04:06:38.641 20045 20045 D dalvikvm: GC_EXPLICIT freed 258K, 7% free 10410K/11079K, paused 22ms+2ms
07-19 04:06:42.165   144 15767 I ActivityManager: Process com.google.android.apps.maps:LocationFriendService (pid 21779) has died.
07-19 04:06:42.243   144   199 D DhcpInfoInternal: makeLinkProperties with empty dns2!
07-19 04:06:42.243   144   199 D DhcpInfoInternal: makeLinkProperties with empty dns2!
07-19 04:06:47.880   359   359 D dalvikvm: GC_EXPLICIT freed <1K, 6% free 9096K/9607K, paused 22ms+2ms
07-19 04:06:50.681   144  1168 I ActivityManager: Start proc android.process.acore for content provider com.android.providers.contacts/.ContactsProvider2: pid=21820 uid=10000 gids={3003, 1015}
07-19 04:06:50.747 21820 21820 I ActivityThread: Pub call_log: com.android.providers.contacts.CallLogProvider
07-19 04:06:50.782 21820 21820 I ActivityThread: Pub com.android.voicemail: com.android.providers.contacts.VoicemailContentProvider
07-19 04:06:50.786 21820 21820 I ActivityThread: Pub user_dictionary: com.android.providers.userdictionary.UserDictionaryProvider
07-19 04:06:50.813 21820 21820 I ActivityThread: Pub com.android.social: com.android.providers.contacts.SocialProvider
07-19 04:06:50.817 21820 21820 I ActivityThread: Pub applications: com.android.providers.applications.ApplicationsProvider
07-19 04:06:50.974 21820 21820 I ActivityThread: Pub contacts;com.android.contacts: com.android.providers.contacts.ContactsProvider2
07-19 04:06:51.016 21820 21823 D dalvikvm: GC_CONCURRENT freed 348K, 5% free 9183K/9607K, paused 5ms+2ms
07-19 04:06:51.255 21820 21823 D dalvikvm: GC_CONCURRENT freed 228K, 4% free 9374K/9735K, paused 2ms+3ms
07-19 04:06:52.020   144  6618 I ActivityManager: Process com.xabber.androiddev (pid 21633) has died.
07-19 04:06:52.020   144  6618 W ActivityManager: Scheduling restart of crashed service com.xabber.androiddev/com.xabber.android.service.XMPPService in 5000ms
07-19 04:06:52.419 21820 21823 D dalvikvm: GC_CONCURRENT freed 176K, 4% free 9613K/9927K, paused 8ms+2ms
07-19 04:06:57.177 21838 21838 D dalvikvm: Late-enabling CheckJNI
07-19 04:06:57.188   144   161 I ActivityManager: Start proc com.xabber.androiddev for service com.xabber.androiddev/com.xabber.android.service.XMPPService: pid=21838 uid=10063 gids={3003, 1015}
07-19 04:06:57.192  3217  3217 W ThumbnailCache: Low Memory: Freed 0 textures from compression queue, 0 from write queue, 0 from the pinned list, 0 from the cache.
07-19 04:06:57.255 21838 21838 I dalvikvm: Turning on JNI app bug workarounds for target SDK version 9...
07-19 04:06:57.376  3217  3217 D dalvikvm: GC_EXPLICIT freed 1K, 20% free 12097K/15111K, paused 2ms+7ms
07-19 04:06:57.630 21838 21839 D dalvikvm: GC_CONCURRENT freed 217K, 4% free 9314K/9607K, paused 5ms+2ms
07-19 04:06:57.677 21838 21838 D dalvikvm: GC_FOR_ALLOC freed 330K, 5% free 9473K/9927K, paused 16ms
07-19 04:06:57.806 21838 21839 D dalvikvm: GC_CONCURRENT freed 186K, 3% free 9844K/10119K, paused 2ms+3ms
07-19 04:06:57.993 21838 21839 D dalvikvm: GC_CONCURRENT freed 258K, 4% free 10058K/10439K, paused 2ms+2ms
07-19 04:06:58.231 21838 21838 I com.xabber.android.service.XMPPService@413dbf08: onCreate
07-19 04:06:58.239 21838 21838 I com.xabber.android.data.Application@41355a00: onStart
07-19 04:06:58.290 21838 21852 I com.xabber.android.data.LogManager@413586c8: onLoad
07-19 04:06:58.341 21838 21839 D dalvikvm: GC_CONCURRENT freed 312K, 5% free 10181K/10631K, paused 2ms+2ms
07-19 04:06:59.048 21838 21839 D dalvikvm: GC_CONCURRENT freed 209K, 4% free 10411K/10759K, paused 2ms+3ms
07-19 04:07:00.056 21838 21839 D dalvikvm: GC_CONCURRENT freed 273K, 4% free 10540K/10951K, paused 21ms+3ms
07-19 04:07:00.700 21838 21839 D dalvikvm: GC_CONCURRENT freed 335K, 5% free 10615K/11079K, paused 2ms+2ms
07-19 04:07:03.360   144   155 I ActivityManager: Start proc com.google.android.apps.maps:LocationFriendService for service com.google.android.apps.maps/com.google.googlenav.friend.reporting.LocationReceiverService: pid=21862 uid=10056 gids={3003, 1015}
07-19 04:07:03.481 21862 21865 D dalvikvm: GC_CONCURRENT freed 173K, 3% free 9358K/9607K, paused 3ms+2ms
07-19 04:07:03.716   144  6618 D dalvikvm: GC_EXPLICIT freed 326K, 23% free 18658K/24199K, paused 4ms+9ms
07-19 04:07:03.716 21838 21839 D dalvikvm: GC_CONCURRENT freed 360K, 5% free 10716K/11207K, paused 10ms+39ms
07-19 04:07:03.809 21862 21865 D dalvikvm: GC_CONCURRENT freed 150K, 3% free 9690K/9927K, paused 2ms+2ms
07-19 04:07:04.177 21862 21865 D dalvikvm: GC_CONCURRENT freed 286K, 5% free 9833K/10247K, paused 2ms+2ms
07-19 04:07:04.399   144 14192 I ActivityManager: Process android.process.acore (pid 21820) has died.
07-19 04:07:04.485 21862 21865 D dalvikvm: GC_CONCURRENT freed 342K, 5% free 9972K/10439K, paused 2ms+2ms
07-19 04:07:09.489  3452  3452 D dalvikvm: GC_EXPLICIT freed <1K, 4% free 9238K/9543K, paused 21ms+3ms
07-19 04:07:14.532 19906 19906 D dalvikvm: GC_EXPLICIT freed 39K, 6% free 9906K/10439K, paused 34ms+3ms
07-19 04:07:19.563   144   160 D dalvikvm: GC_EXPLICIT freed 64K, 24% free 18632K/24199K, paused 32ms+7ms
07-19 04:07:24.505   346   346 D dalvikvm: GC_EXPLICIT freed 2K, 10% free 11911K/13191K, paused 27ms+4ms
07-19 04:07:24.790 20766 20779 I PhoneLab-: Service Running
07-19 04:07:24.884 20766 20779 I PhoneLab-LoggerService: app_37    1395  1     1432   980   c00f181c 400107b4 S logcat
07-19 04:07:24.884 20766 20779 I PhoneLab-LoggerService: Logcat pid from database 1395
07-19 04:07:24.884 20766 20779 I PhoneLab-LoggerService: Logcat process found 1395
07-19 04:07:24.884 20766 20779 I PhoneLab-LoggerService: Checking Threshold
07-19 04:07:29.505   435   435 D dalvikvm: GC_EXPLICIT freed <1K, 4% free 9033K/9347K, paused 20ms+2ms
07-19 04:07:34.516   321   321 D dalvikvm: GC_EXPLICIT freed <1K, 24% free 10155K/13191K, paused 25ms+2ms
07-19 04:07:39.516 13970 13970 D dalvikvm: GC_EXPLICIT freed <1K, 6% free 9758K/10375K, paused 21ms+3ms
07-19 04:07:44.509   215   215 D dalvikvm: GC_EXPLICIT freed 27K, 56% free 10150K/22727K, paused 11ms+3ms
07-19 04:07:49.528 20045 20045 D dalvikvm: GC_EXPLICIT freed 259K, 7% free 10409K/11079K, paused 23ms+3ms
07-19 04:07:54.540 18480 18480 D dalvikvm: GC_EXPLICIT freed 28K, 8% free 10086K/10887K, paused 28ms+3ms
07-19 04:07:59.524 20727 20727 D dalvikvm: GC_EXPLICIT freed 11K, 4% free 9127K/9479K, paused 20ms+3ms
07-19 04:08:03.520 21862 21869 I dalvikvm: Total arena pages for JIT: 11
07-19 04:08:03.520 21862 21869 I dalvikvm: Total arena pages for JIT: 12
07-19 04:08:03.524 21862 21869 I dalvikvm: Total arena pages for JIT: 13
07-19 04:08:03.524 21862 21869 I dalvikvm: Total arena pages for JIT: 14
07-19 04:08:03.524 21862 21869 I dalvikvm: Total arena pages for JIT: 15
07-19 04:08:03.524 21862 21869 I dalvikvm: Total arena pages for JIT: 16
07-19 04:08:03.524 21862 21869 I dalvikvm: Total arena pages for JIT: 17
07-19 04:08:03.559 21862 21869 I dalvikvm: Total arena pages for JIT: 18
07-19 04:08:08.470 20766 20766 D dalvikvm: GC_EXPLICIT freed 51K, 4% free 9047K/9415K, paused 3ms+3ms
07-19 04:08:11.778 21888 21888 D dalvikvm: Late-enabling CheckJNI
07-19 04:08:11.778   144   161 I ActivityManager: Start proc com.chess for broadcast com.chess/.backend.AlarmReceiver: pid=21888 uid=10079 gids={3003, 1015}
07-19 04:08:11.934 21888 21891 D dalvikvm: GC_CONCURRENT freed 175K, 3% free 9357K/9607K, paused 3ms+2ms
07-19 04:08:12.118 21888 21902 D GetStringObjTask: retrieving from url = http://www.chess.com/api/get_move_status?id=5HHjW9WUGa%2Bcu1LUwnVJPxTIWxmEve4VdkRnRyg7b5Ch69JH2Z5aB%2B7eGuFw8K2uFx47KFsdE3JRdR3Mzv0PkZOj6eZ8N73BvxmEERrzXjMNRo80rkLyJAUTh0iqof4n
07-19 04:08:12.302   144   155 I ActivityManager: Process com.google.android.apps.maps:LocationFriendService (pid 21862) has died.
07-19 04:08:12.860 21888 21902 D GetStringObjTask: WebRequest SERVER RESPONSE: Success+0
07-19 04:08:17.184 20965 20965 D dalvikvm: GC_EXPLICIT freed <1K, 4% free 9051K/9347K, paused 28ms+2ms
07-19 04:08:22.173 21330 21330 D dalvikvm: GC_EXPLICIT freed 5K, 6% free 9658K/10183K, paused 9ms+3ms
07-19 04:08:27.243 21659 21659 D dalvikvm: GC_EXPLICIT freed 118K, 4% free 10927K/11335K, paused 54ms+3ms
07-19 04:09:03.602 20045 20047 D dalvikvm: GC_CONCURRENT freed 501K, 6% free 10420K/11079K, paused 2ms+7ms
07-19 04:09:03.618   144   156 I ActivityManager: Start proc com.google.android.apps.maps:LocationFriendService for service com.google.android.apps.maps/com.google.googlenav.friend.reporting.LocationReceiverService: pid=21905 uid=10056 gids={3003, 1015}
07-19 04:09:03.657    79    79 D dalvikvm: GC_EXPLICIT freed 38K, 4% free 9027K/9347K, paused 7ms+11ms
07-19 04:09:03.700    79    79 D dalvikvm: GC_EXPLICIT freed <1K, 4% free 9027K/9347K, paused 2ms+4ms
07-19 04:09:03.751    79    79 D dalvikvm: GC_EXPLICIT freed <1K, 4% free 9027K/9347K, paused 3ms+3ms
07-19 04:09:03.829 21905 21907 D dalvikvm: GC_CONCURRENT freed 178K, 3% free 9353K/9607K, paused 2ms+2ms
07-19 04:09:03.919   144 15767 I ActivityManager: Process com.chess (pid 21888) has died.
07-19 04:09:04.001 21905 21907 D dalvikvm: GC_CONCURRENT freed 132K, 3% free 9678K/9927K, paused 5ms+6ms
07-19 04:09:04.266 21905 21907 D dalvikvm: GC_CONCURRENT freed 314K, 4% free 9849K/10247K, paused 2ms+3ms
07-19 04:09:04.333 21905 21912 I dalvikvm: Total arena pages for JIT: 11
07-19 04:09:04.337 21905 21912 I dalvikvm: Total arena pages for JIT: 12
07-19 04:09:04.337 21905 21912 I dalvikvm: Total arena pages for JIT: 13
07-19 04:09:04.337 21905 21912 I dalvikvm: Total arena pages for JIT: 14
07-19 04:09:04.337 21905 21912 I dalvikvm: Total arena pages for JIT: 15
07-19 04:09:04.337 21905 21912 I dalvikvm: Total arena pages for JIT: 16
07-19 04:09:04.341 21905 21912 I dalvikvm: Total arena pages for JIT: 17
07-19 04:09:04.446 21905 21907 D dalvikvm: GC_CONCURRENT freed 320K, 4% free 9971K/10375K, paused 4ms+3ms
07-19 04:09:06.989   144 15767 I ActivityManager: Process com.google.android.apps.maps:LocationFriendService (pid 21905) has died.
07-19 04:09:07.329   144   199 D DhcpInfoInternal: makeLinkProperties with empty dns2!
07-19 04:09:07.329   144   199 D DhcpInfoInternal: makeLinkProperties with empty dns2!
07-19 04:09:08.559   144 21930 I ActivityManager: Applications Memory Usage (kB):
07-19 04:09:08.559   144 21930 I ActivityManager: Uptime: 222257532 Realtime: 302216375
07-19 04:09:08.559   144 21930 I ActivityManager: Total PSS by OOM adjustment:
07-19 04:09:08.559   144 21930 I ActivityManager:     29348 kB: System
07-19 04:09:08.559   144 21930 I ActivityManager:                29348 kB: system (pid 144)
07-19 04:09:08.559   144 21930 I ActivityManager:     29025 kB: Persistent
07-19 04:09:08.559   144 21930 I ActivityManager:                13237 kB: com.android.systemui (pid 215)
07-19 04:09:08.559   144 21930 I ActivityManager:                11816 kB: com.android.phone (pid 346)
07-19 04:09:08.559   144 21930 I ActivityManager:                 3972 kB: com.android.nfc (pid 359)
07-19 04:09:08.559   144 21930 I ActivityManager:    104580 kB: Foreground
07-19 04:09:08.559   144 21930 I ActivityManager:                63055 kB: com.android.chrome (pid 3217)
07-19 04:09:08.559   144 21930 I ActivityManager:                41525 kB: com.android.chrome:sandboxed_process1 (pid 3452)
07-19 04:09:08.559   144 21930 I ActivityManager:     27611 kB: Visible
07-19 04:09:08.559   144 21930 I ActivityManager:                14648 kB: com.google.android.gsf.login (pid 13970)
07-19 04:09:08.559   144 21930 I ActivityManager:                10073 kB: com.google.process.gapps (pid 19906)
07-19 04:09:08.559   144 21930 I ActivityManager:                 2890 kB: com.android.smspush (pid 435)
07-19 04:09:08.559   144 21930 I ActivityManager:      6741 kB: Perceptible
07-19 04:09:08.559   144 21930 I ActivityManager:                 6741 kB: com.klye.ime.latin (pid 321)
07-19 04:09:08.559   144 21930 I ActivityManager:     26260 kB: A Services
07-19 04:09:08.559   144 21930 I ActivityManager:                11269 kB: com.xabber.androiddev (pid 21838)
07-19 04:09:08.559   144 21930 I ActivityManager:                 7618 kB: com.google.android.apps.maps (pid 21659)
07-19 04:09:08.559   144 21930 I ActivityManager:                 7373 kB: com.google.android.apps.maps:NetworkLocationService (pid 20045)
07-19 04:09:08.559   144 21930 I ActivityManager:     21548 kB: B Services
07-19 04:09:08.559   144 21930 I ActivityManager:                 6649 kB: com.whatsapp (pid 18480)
07-19 04:09:08.559   144 21930 I ActivityManager:                 5442 kB: com.google.android.apps.googlevoice (pid 21330)
07-19 04:09:08.559   144 21930 I ActivityManager:                 3526 kB: com.apksoftware.compass (pid 20727)
07-19 04:09:08.559   144 21930 I ActivityManager:                 3156 kB: edu.buffalo.cse.phonelab.phonelabservices (pid 20766)
07-19 04:09:08.559   144 21930 I ActivityManager:                 2775 kB: com.android.sprintmenu (pid 20965)
07-19 04:09:08.559   144 21930 I ActivityManager: 
07-19 04:09:08.559   144 21930 I ActivityManager: Total PSS: 245113 kB
07-19 04:09:08.559   144 21930 I ActivityManager:   PID      Vss      Rss      Pss      Uss  cmdline
07-19 04:09:08.559   144 21930 I ActivityManager:  3217   85796K   85704K   63187K   57044K  com.android.chrome
07-19 04:09:08.559   144 21930 I ActivityManager:  3452   60328K   60224K   41572K   38048K  com.android.chrome:sandboxed_process1
07-19 04:09:08.559   144 21930 I ActivityManager:   144   44756K   44688K   29412K   28344K  system_server
07-19 04:09:08.559   144 21930 I ActivityManager: 13970   30412K   30332K   14712K   13756K  com.google.android.gsf.login
07-19 04:09:08.559   144 21930 I ActivityManager:   215   32032K   31816K   13289K    9304K  com.android.systemui
07-19 04:09:08.559   144 21930 I ActivityManager:    78   21124K   18124K   12232K    7092K  /system/bin/surfaceflinger
07-19 04:09:08.559   144 21930 I ActivityManager:   346   26836K   26764K   11861K   10964K  com.android.phone
07-19 04:09:08.559   144 21930 I ActivityManager: 21838   31628K   31568K   11318K    8924K  com.xabber.androiddev
07-19 04:09:08.559   144 21930 I ActivityManager: 19906   28792K   28704K   10123K    8724K  com.google.process.gapps
07-19 04:09:08.559   144 21930 I ActivityManager: 21659   27648K   27548K    7667K    5544K  com.google.android.apps.maps
07-19 04:09:08.559   144 21930 I ActivityManager: 20045   25728K   25668K    7422K    5992K  com.google.android.apps.maps:NetworkLocationService
07-19 04:09:08.559   144 21930 I ActivityManager:   321   21936K   21836K    6791K    5892K  com.klye.ime.latin
07-19 04:09:08.559   144 21930 I ActivityManager: 18480   25184K   25096K    6697K    5376K  com.whatsapp
07-19 04:09:08.559   144 21930 I ActivityManager: 21330   24960K   24864K    5490K    3924K  com.google.android.apps.googlevoice
07-19 04:09:08.559   144 21930 I ActivityManager:   359   19252K   19156K    4019K    3120K  com.android.nfc
07-19 04:09:08.559   144 21930 I ActivityManager: 20727   22512K   22412K    3573K    2216K  com.apksoftware.compass
07-19 04:09:08.559   144 21930 I ActivityManager: 20766   21672K   21572K    3203K    1932K  edu.buffalo.cse.phonelab.phonelabservices
07-19 04:09:08.559   144 21930 I ActivityManager:   435   18524K   18412K    2936K    1940K  com.android.smspush
07-19 04:09:08.559   144 21930 I ActivityManager: 20965   21340K   21236K    2824K    1520K  com.android.sprintmenu
07-19 04:09:08.559   144 21930 I ActivityManager:    79   18612K   18484K    2216K    1076K  zygote
07-19 04:09:08.559   144 21930 I ActivityManager:    81    2140K    2140K    1814K    1788K  /system/bin/mediaserver
07-19 04:09:08.559   144 21930 I ActivityManager:    80     956K     956K     878K     876K  /system/bin/drmserver
07-19 04:09:08.559   144 21930 I ActivityManager:  1395     984K     980K     845K     840K  logcat
07-19 04:09:08.559   144 21930 I ActivityManager:    77     964K     964K     685K     668K  /system/bin/rild
07-19 04:09:08.559   144 21930 I ActivityManager: 21947     780K     772K     650K     644K  procrank
07-19 04:09:08.559   144 21930 I ActivityManager:   275     692K     688K     533K     524K  /system/bin/wpa_supplicant
07-19 04:09:08.559   144 21930 I ActivityManager:    88     432K     432K     416K     416K  /sbin/adbd
07-19 04:09:08.559   144 21930 I ActivityManager: 21204     576K     572K     385K     368K  /system/bin/netd
07-19 04:09:08.559   144 21930 I ActivityManager:   292     332K     332K     300K     300K  /system/bin/bluetoothd
07-19 04:09:08.559   144 21930 I ActivityManager:    72     380K     376K     290K     284K  /system/bin/vold
07-19 04:09:08.559   144 21930 I ActivityManager:    86     436K     432K     282K     276K  /system/vendor/bin/gpsd
07-19 04:09:08.559   144 21930 I ActivityManager: 28597     352K     348K     198K     192K  /system/bin/dhcpcd
07-19 04:09:08.559   144 21930 I ActivityManager:    82     220K     212K     184K     184K  /system/bin/dbus-daemon
07-19 04:09:08.559   144 21930 I ActivityManager:    85     200K     192K     160K     160K  /system/bin/keystore
07-19 04:09:08.559   144 21930 I ActivityManager:     1     204K     204K     142K     104K  /init
07-19 04:09:08.559   144 21930 I ActivityManager:   203     168K     160K     128K     128K  /system/bin/brcm_patchram_plus
07-19 04:09:08.559   144 21930 I ActivityManager:    61     160K     160K     122K      84K  /sbin/ueventd
07-19 04:09:08.559   144 21930 I ActivityManager:    87     140K     136K     104K     104K  /system/bin/sh
07-19 04:09:08.559   144 21930 I ActivityManager:    83     200K     192K      99K      96K  /system/bin/installd
07-19 04:09:08.559   144 21930 I ActivityManager:    71     160K     152K      93K      92K  /system/bin/servicemanager
07-19 04:09:08.559   144 21930 I ActivityManager: 20978     192K     184
07-19 04:09:12.665   359   359 D dalvikvm: GC_EXPLICIT freed <1K, 6% free 9096K/9607K, paused 21ms+3ms
07-19 04:09:17.524   144  6618 I ActivityManager: Start proc android.process.acore for content provider com.android.providers.contacts/.ContactsProvider2: pid=21948 uid=10000 gids={3003, 1015}
07-19 04:09:17.559 21948 21948 I ActivityThread: Pub call_log: com.android.providers.contacts.CallLogProvider
07-19 04:09:17.591  3217  3217 W ThumbnailCache: Low Memory: Freed 0 textures from compression queue, 0 from write queue, 0 from the pinned list, 0 from the cache.
07-19 04:09:17.606 21948 21948 I ActivityThread: Pub com.android.voicemail: com.android.providers.contacts.VoicemailContentProvider
07-19 04:09:17.610 21948 21948 I ActivityThread: Pub user_dictionary: com.android.providers.userdictionary.UserDictionaryProvider
07-19 04:09:17.649 21948 21948 I ActivityThread: Pub com.android.social: com.android.providers.contacts.SocialProvider
07-19 04:09:17.649 21948 21948 I ActivityThread: Pub applications: com.android.providers.applications.ApplicationsProvider
07-19 04:09:17.751  3217  3217 D dalvikvm: GC_EXPLICIT freed 256K, 20% free 12122K/15111K, paused 2ms+19ms
07-19 04:09:17.782 21948 21948 I ActivityThread: Pub contacts;com.android.contacts: com.android.providers.contacts.ContactsProvider2
07-19 04:09:17.821 21948 21951 D dalvikvm: GC_CONCURRENT freed 348K, 5% free 9184K/9607K, paused 2ms+2ms
07-19 04:09:18.063 21948 21951 D dalvikvm: GC_CONCURRENT freed 225K, 4% free 9374K/9735K, paused 7ms+2ms
07-19 04:09:19.099 21948 21951 D dalvikvm: GC_CONCURRENT freed 248K, 4% free 9540K/9927K, paused 5ms+2ms
07-19 04:09:22.681  3452  3452 D dalvikvm: GC_EXPLICIT freed <1K, 4% free 9238K/9543K, paused 22ms+2ms
07-19 04:09:24.794 20766 20779 I PhoneLab-: Service Running
07-19 04:09:24.915 20766 20779 I PhoneLab-LoggerService: app_37    1395  1     1432   980   c00f181c 400107b4 S logcat
07-19 04:09:24.919 20766 20779 I PhoneLab-LoggerService: Logcat pid from database 1395
07-19 04:09:24.919 20766 20779 I PhoneLab-LoggerService: Logcat process found 1395
07-19 04:09:24.919 20766 20779 I PhoneLab-LoggerService: Checking Threshold
07-19 04:09:27.766   144   160 D dalvikvm: GC_EXPLICIT freed 977K, 23% free 18662K/24199K, paused 33ms+8ms
07-19 04:09:32.708   346   346 D dalvikvm: GC_EXPLICIT freed 5K, 10% free 11911K/13191K, paused 27ms+3ms
07-19 04:09:37.669   435   435 D dalvikvm: GC_EXPLICIT freed <1K, 4% free 9033K/9347K, paused 21ms+2ms
07-19 04:09:42.708   321   321 D dalvikvm: GC_EXPLICIT freed <1K, 24% free 10155K/13191K, paused 22ms+2ms
07-19 04:09:47.708 13970 13970 D dalvikvm: GC_EXPLICIT freed <1K, 6% free 9758K/10375K, paused 22ms+3ms
07-19 04:09:52.708   215   215 D dalvikvm: GC_EXPLICIT freed 45K, 56% free 10151K/22727K, paused 22ms+3ms
07-19 04:09:57.735 19906 19906 D dalvikvm: GC_EXPLICIT freed 125K, 5% free 9930K/10439K, paused 31ms+4ms
07-19 04:10:03.645   144   144 I ActivityManager: Start proc com.google.android.apps.maps:LocationFriendService for service com.google.android.apps.maps/com.google.googlenav.friend.reporting.LocationReceiverService: pid=21968 uid=10056 gids={3003, 1015}
07-19 04:10:03.790 21968 21971 D dalvikvm: GC_CONCURRENT freed 156K, 3% free 9376K/9607K, paused 7ms+2ms
07-19 04:10:04.200 21968 21971 D dalvikvm: GC_CONCURRENT freed 151K, 3% free 9665K/9927K, paused 23ms+2ms
07-19 04:10:04.634 21968 21971 D dalvikvm: GC_CONCURRENT freed 287K, 5% free 9836K/10247K, paused 2ms+3ms
07-19 04:10:04.743 21968 21975 I dalvikvm: Total arena pages for JIT: 11
07-19 04:10:04.743 21968 21975 I dalvikvm: Total arena pages for JIT: 12
07-19 04:10:04.747 21968 21975 I dalvikvm: Total arena pages for JIT: 13
07-19 04:10:04.747 21968 21975 I dalvikvm: Total arena pages for JIT: 14
07-19 04:10:04.747 21968 21975 I dalvikvm: Total arena pages for JIT: 15
07-19 04:10:04.751 21968 21975 I dalvikvm: Total arena pages for JIT: 16
07-19 04:10:04.751 21968 21975 I dalvikvm: Total arena pages for JIT: 17
07-19 04:10:04.876 21968 21971 D dalvikvm: GC_CONCURRENT freed 324K, 4% free 9970K/10375K, paused 2ms+3ms
07-19 04:10:04.923   144   378 I ActivityManager: Process android.process.acore (pid 21948) has died.
07-19 04:10:08.641 20045 20045 D dalvikvm: GC_EXPLICIT freed 282K, 7% free 10411K/11079K, paused 9ms+3ms
07-19 04:10:13.649 18480 18480 D dalvikvm: GC_EXPLICIT freed 16K, 8% free 10083K/10887K, paused 21ms+3ms
07-19 04:10:18.591 20727 20727 D dalvikvm: GC_EXPLICIT freed 14K, 4% free 9130K/9479K, paused 2ms+2ms
07-19 04:10:23.653 20766 20766 D dalvikvm: GC_EXPLICIT freed 49K, 4% free 9047K/9415K, paused 21ms+2ms
07-19 04:10:28.602 20965 20965 D dalvikvm: GC_EXPLICIT freed <1K, 4% free 9051K/9347K, paused 6ms+2ms
07-19 04:10:33.673 21330 21330 D dalvikvm: GC_EXPLICIT freed <1K, 6% free 9658K/10183K, paused 27ms+2ms
07-19 04:10:35.161   144   174 I ActivityManager: Start proc com.twitter.android for service com.twitter.android/.client.AppService: pid=21991 uid=10064 gids={3003, 1015}
07-19 04:10:35.165 21991 21991 I dalvikvm: Turning on JNI app bug workarounds for target SDK version 11...
07-19 04:10:35.263 21991 21991 I ActivityThread: Pub com.twitter.android.provider.GlobalDatabaseProvider: com.twitter.android.provider.GlobalDatabaseProvider
07-19 04:10:35.270 21991 21991 I ActivityThread: Pub com.twitter.android.provider.TwitterProvider: com.twitter.android.provider.TwitterProvider
07-19 04:10:35.333 21991 21993 D dalvikvm: GC_CONCURRENT freed 179K, 4% free 9297K/9607K, paused 2ms+2ms
07-19 04:10:35.880 21991 21993 D dalvikvm: GC_CONCURRENT freed 217K, 4% free 9511K/9863K, paused 3ms+2ms
07-19 04:10:35.977   144 12390 I ActivityManager: Process com.google.android.apps.maps:LocationFriendService (pid 21968) has died.
07-19 04:10:36.020 21991 21993 D dalvikvm: GC_CONCURRENT freed 286K, 5% free 9635K/10055K, paused 1ms+1ms
07-19 04:10:36.153 21991 21993 D dalvikvm: GC_CONCURRENT freed 293K, 5% free 9761K/10183K, paused 2ms+1ms
07-19 04:10:36.274 21991 21993 D dalvikvm: GC_CONCURRENT freed 299K, 5% free 9884K/10311K, paused 1ms+2ms
07-19 04:10:36.403 21991 21993 D dalvikvm: GC_CONCURRENT freed 299K, 5% free 10015K/10439K, paused 2ms+2ms
07-19 04:10:36.528 21991 21993 D dalvikvm: GC_CONCURRENT freed 295K, 5% free 10142K/10567K, paused 2ms+2ms
07-19 04:10:36.657 21991 21993 D dalvikvm: GC_CONCURRENT freed 295K, 4% free 10269K/10695K, paused 1ms+2ms
07-19 04:10:36.833 21991 21993 D dalvikvm: GC_CONCURRENT freed 475K, 6% free 10221K/10823K, paused 2ms+2ms
07-19 04:10:36.958 21991 21993 D dalvikvm: GC_CONCURRENT freed 319K, 5% free 10294K/10823K, paused 2ms+2ms
07-19 04:10:37.087 21991 21993 D dalvikvm: GC_CONCURRENT freed 327K, 5% free 10369K/10823K, paused 2ms+2ms
07-19 04:10:37.224 21991 21993 D dalvikvm: GC_CONCURRENT freed 352K, 5% free 10468K/10951K, paused 2ms+2ms
07-19 04:10:37.352 21991 21993 D dalvikvm: GC_CONCURRENT freed 342K, 5% free 10550K/11015K, paused 2ms+2ms
07-19 04:10:37.477 21991 21993 D dalvikvm: GC_CONCURRENT freed 329K, 5% free 10632K/11079K, paused 1ms+2ms
07-19 04:10:37.606 21991 21993 D dalvikvm: GC_CONCURRENT freed 363K, 5% free 10717K/11207K, paused 2ms+2ms
07-19 04:10:37.739 21991 21993 D dalvikvm: GC_CONCURRENT freed 397K, 5% free 10811K/11335K, paused 2ms+2ms
07-19 04:10:39.173 21991 21993 D dalvikvm: GC_CONCURRENT freed 326K, 4% free 11013K/11463K, paused 2ms+2ms
07-19 04:10:41.079   359   359 D dalvikvm: GC_EXPLICIT freed <1K, 6% free 9096K/9607K, paused 24ms+2ms
07-19 04:10:46.001  3217  3217 W ThumbnailCache: Low Memory: Freed 0 textures from compression queue, 0 from write queue, 0 from the pinned list, 0 from the cache.
07-19 04:10:46.110  3217  3217 D dalvikvm: GC_EXPLICIT freed 24K, 20% free 12099K/15111K, paused 26ms+3ms
07-19 04:10:51.056  3452  3452 D dalvikvm: GC_EXPLICIT freed <1K, 4% free 9238K/9543K, paused 19ms+2ms
07-19 04:10:58.122 19906 19906 D dalvikvm: GC_EXPLICIT freed 43K, 6% free 9909K/10439K, paused 2ms+3ms
07-19 04:11:03.743   144  6618 I ActivityManager: Start proc com.google.android.apps.maps:LocationFriendService for service com.google.android.apps.maps/com.google.googlenav.friend.reporting.LocationReceiverService: pid=22010 uid=10056 gids={3003, 1015}
07-19 04:11:03.880 22010 22013 D dalvikvm: GC_CONCURRENT freed 161K, 3% free 9371K/9607K, paused 7ms+2ms
07-19 04:11:04.200 22010 22013 D dalvikvm: GC_CONCURRENT freed 156K, 3% free 9685K/9927K, paused 4ms+2ms
07-19 04:11:04.536 22010 22013 D dalvikvm: GC_CONCURRENT freed 284K, 5% free 9836K/10247K, paused 6ms+3ms
07-19 04:11:04.599   144   156 I ActivityManager: Process com.twitter.android (pid 21991) has died.
07-19 04:11:04.638 22010 22017 I dalvikvm: Total arena pages for JIT: 11
07-19 04:11:04.638 22010 22017 I dalvikvm: Total arena pages for JIT: 12
07-19 04:11:04.638 22010 22017 I dalvikvm: Total arena pages for JIT: 13
07-19 04:11:04.638 22010 22017 I dalvikvm: Total arena pages for JIT: 14
07-19 04:11:04.641 22010 22017 I dalvikvm: Total arena pages for JIT: 15
07-19 04:11:04.641 22010 22017 I dalvikvm: Total arena pages for JIT: 16
07-19 04:11:04.641 22010 22017 I dalvikvm: Total arena pages for JIT: 17
07-19 04:11:04.747 22010 22013 D dalvikvm: GC_CONCURRENT freed 327K, 4% free 9966K/10375K, paused 2ms+3ms
07-19 04:11:10.743   144   160 D dalvikvm: GC_EXPLICIT freed 327K, 23% free 18660K/24199K, paused 3ms+8ms
07-19 04:11:15.747   346   346 D dalvikvm: GC_EXPLICIT freed 5K, 10% free 11911K/13191K, paused 25ms+4ms
07-19 04:11:20.735   435   435 D dalvikvm: GC_EXPLICIT freed <1K, 4% free 9033K/9347K, paused 20ms+2ms
07-19 04:11:24.763 20766 20779 I PhoneLab-: Service Running
07-19 04:11:24.884 20766 20779 I PhoneLab-LoggerService: app_37    1395  1     1432   980   c00f181c 400107b4 S logcat
07-19 04:11:24.884 20766 20779 I PhoneLab-LoggerService: Logcat pid from database 1395
07-19 04:11:24.884 20766 20779 I PhoneLab-LoggerService: Logcat process found 1395
07-19 04:11:24.884 20766 20779 I PhoneLab-LoggerService: Checking Threshold
07-19 04:11:25.751   321   321 D dalvikvm: GC_EXPLICIT freed <1K, 24% free 10155K/13191K, paused 28ms+2ms
07-19 04:11:30.794 13970 13970 D dalvikvm: GC_EXPLICIT freed <1K, 6% free 9758K/10375K, paused 25ms+3ms
07-19 04:11:32.263   144   199 D DhcpInfoInternal: makeLinkProperties with empty dns2!
07-19 04:11:32.274   144   199 D DhcpInfoInternal: makeLinkProperties with empty dns2!
07-19 04:11:37.427   215   215 D dalvikvm: GC_EXPLICIT freed 41K, 56% free 10151K/22727K, paused 20ms+3ms
07-19 04:11:42.427 20045 20045 D dalvikvm: GC_EXPLICIT freed 257K, 7% free 10409K/11079K, paused 25ms+3ms
07-19 04:11:47.450 18480 18480 D dalvikvm: GC_EXPLICIT freed 4K, 8% free 10082K/10887K, paused 24ms+3ms
07-19 04:11:52.427 20727 20727 D dalvikvm: GC_EXPLICIT freed 11K, 4% free 9124K/9479K, paused 21ms+2ms
07-19 04:11:57.427 20766 20766 D dalvikvm: GC_EXPLICIT freed 49K, 4% free 9047K/9415K, paused 19ms+2ms
07-19 04:12:03.868 22010 22017 I dalvikvm: Total arena pages for JIT: 18
07-19 04:12:03.970 22010 22013 D dalvikvm: GC_CONCURRENT freed 431K, 6% free 9949K/10503K, paused 2ms+2ms
07-19 04:12:08.821 20965 20965 D dalvikvm: GC_EXPLICIT freed <1K, 4% free 9051K/9347K, paused 19ms+2ms
07-19 04:12:10.688   144   174 I ActivityManager: Start proc com.google.android.gm for service com.google.android.gm/.provider.MailIndexerService: pid=22054 uid=10075 gids={3003, 1015}
07-19 04:12:10.708   144   174 I ActivityManager: Start proc com.google.android.apps.plus for service com.google.android.apps.plus/.service.EsService: pid=22067 uid=10060 gids={3003, 3002, 1015, 1006}
07-19 04:12:10.727   144   174 I ActivityManager: Start proc com.facebook.katana for service com.facebook.katana/com.facebook.orca.images.ImageCacheCleanupService: pid=22080 uid=10071 gids={3003, 1006, 1015}
07-19 04:12:10.763 22080 22080 I dalvikvm: Turning on JNI app bug workarounds for target SDK version 10...
07-19 04:12:11.032 22054 22054 I ActivityThread: Pub gmail-ls: com.google.android.gm.provider.MailProvider
07-19 04:12:11.036 22067 22070 D dalvikvm: GC_CONCURRENT freed 161K, 3% free 9370K/9607K, paused 2ms+3ms
07-19 04:12:11.138 22054 22054 I ActivityThread: Pub com.google.android.gm: com.google.android.gm.provider.PublicContentProvider
07-19 04:12:11.145 22054 22054 I ActivityThread: Pub com.google.android.gmail.SuggestionProvider: com.google.android.gm.SuggestionsProvider
07-19 04:12:11.255 22080 22083 D dalvikvm: GC_CONCURRENT freed 162K, 3% free 9370K/9607K, paused 2ms+2ms
07-19 04:12:11.274 22067 22067 I ActivityThread: Pub com.google.android.apps.plus.content.ApiProvider: com.google.android.apps.plus.content.EsApiProvider
07-19 04:12:11.302 22067 22067 I ActivityThread: Pub com.google.android.apps.plus.content.EsGooglePhotoProvider: com.google.android.picasasync.PicasaContentProvider
07-19 04:12:11.415 22080 22083 D dalvikvm: GC_CONCURRENT freed 125K, 3% free 9672K/9927K, paused 1ms+2ms
07-19 04:12:11.434 22067 22070 D dalvikvm: GC_CONCURRENT freed 336K, 5% free 9576K/9991K, paused 2ms+3ms
07-19 04:12:11.474 22067 22067 I ActivityThread: Pub com.google.android.apps.plus.content.EsPicasaStoreProvider: com.google.android.picasastore.PicasaPhotoContentProvider
07-19 04:12:11.481 22067 22067 I ActivityThread: Pub com.google.plus.platform: com.google.android.apps.plus.content.AdsProvider
07-19 04:12:11.481 22067 22067 I ActivityThread: Pub com.google.android.apps.plus.iu.EsGoogleIuProvider: com.google.android.apps.plus.iu.InstantUploadProvider
07-19 04:12:11.587 22067 22070 D dalvikvm: GC_CONCURRENT freed 501K, 6% free 9604K/10183K, paused 5ms+5ms
07-19 04:12:11.591 22080 22080 I ActivityThread: Pub com.facebook.katana.provider.LoggingProvider: com.facebook.katana.provider.LoggingProvider
07-19 04:12:11.595 22067 22067 I ActivityThread: Pub com.google.android.apps.plus.content.EsProvider: com.google.android.apps.plus.content.EsProvider
07-19 04:12:11.626 22080 22080 I ActivityThread: Pub com.facebook.katana.provider.KeyValueProvider: com.facebook.katana.provider.KeyValueProvider
07-19 04:12:11.630 22080 22080 I ActivityThread: Pub com.facebook.katana.provider.CacheProvider: com.facebook.katana.provider.CacheProvider
07-19 04:12:11.630 22080 22080 I ActivityThread: Pub com.facebook.katana.provider.VaultImageProvider: com.facebook.katana.provider.VaultImageProvider
07-19 04:12:11.630 22080 22080 I ActivityThread: Pub com.facebook.katana.provider.MailboxProvider: com.facebook.katana.provider.MailboxProvider
07-19 04:12:11.634 22080 22080 I ActivityThread: Pub com.facebook.katana.provider.UserStatusesProvider: com.facebook.katana.provider.UserStatusesProvider
07-19 04:12:11.638 22080 22080 I ActivityThread: Pub com.facebook.katana.provider.EventsProvider: com.facebook.katana.provider.EventsProvider
07-19 04:12:11.641 22080 22080 I ActivityThread: Pub com.facebook.katana.provider.ObservedContactsProvider: com.facebook.katana.provider.ObservedContactsProvider
07-19 04:12:11.649 22080 22080 I ActivityThread: Pub com.facebook.katana.provider.NotificationsProvider: com.facebook.katana.provider.NotificationsProvider
07-19 04:12:11.657 22080 22080 I ActivityThread: Pub com.facebook.katana.provider.UserValuesProvider: com.facebook.katana.provider.UserValuesProvider
07-19 04:12:11.657 22080 22080 I ActivityThread: Pub com.facebook.katana.provider.PagesProvider: com.facebook.katana.provider.PagesProvider
07-19 04:12:11.661 22080 22080 I ActivityThread: Pub com.facebook.katana.provider.MobileEventLogProvider: com.facebook.katana.provider.MobileEventLogProvider
07-19 04:12:11.661 22080 22080 I ActivityThread: Pub com.facebook.katana.provider.PushNotificationsProvider: com.facebook.katana.provider.PushNotificationsProvider
07-19 04:12:11.661 22080 22080 I ActivityThread: Pub com.facebook.katana.provider.PhotosProvider: com.facebook.katana.provider.PhotosProvider
07-19 04:12:11.665 22080 22080 I ActivityThread: Pub com.facebook.katana.provider.ConnectionsProvider: com.facebook.katana.provider.ConnectionsProvider
07-19 04:12:11.684 22080 22080 I ActivityThread: Pub com.facebook.orca.notify.FbandroidMessagesForegroundProvider: com.facebook.orca.notify.FbandroidMessagesForegroundProvider
07-19 04:12:11.747   144  1167 I ActivityManager: Start proc android.process.media for content provider com.android.providers.media/.MediaProvider: pid=22101 uid=10012 gids={1015, 1023, 1024, 2001, 3003, 3007}
07-19 04:12:11.958   144  1168 D dalvikvm: GC_EXPLICIT freed 184K, 23% free 18693K/24199K, paused 39ms+15ms
07-19 04:12:11.997 22080 22080 D ACRA    : Retrieve application default SharedPreferences.
07-19 04:12:12.005 22080 22080 D ACRA    : Set OnSharedPreferenceChangeListener.
07-19 04:12:12.032 22101 22101 I ActivityThread: Pub downloads: com.android.providers.downloads.DownloadProvider
07-19 04:12:12.079 22101 22101 I ActivityThread: Pub drm: com.android.providers.drm.DrmProvider
07-19 04:12:12.079 22101 22121 I DownloadManager: in removeSpuriousFiles
07-19 04:12:12.091 22080 22080 D ACRA    : ACRA is enabled for com.facebook.katana, intializing...
07-19 04:12:12.122 22101 22121 I DownloadManager: in removeSpuriousFiles, preserving file /data/data/com.android.providers.downloads/cache/metadata.json
07-19 04:12:12.122 22101 22121 I DownloadManager: in removeSpuriousFiles, preserving file /data/data/com.android.providers.downloads/cache/en_general.htm
07-19 04:12:12.122 22101 22121 I DownloadManager: in removeSpuriousFiles, preserving file /mnt/sdcard/Download/img-thing.jpeg
07-19 04:12:12.122 22101 22121 I DownloadManager: in removeSpuriousFiles, preserving file /data/data/com.android.providers.downloads/cache/metadata-1.json
07-19 04:12:12.122 22101 22121 I DownloadManager: in removeSpuriousFiles, preserving file /data/data/com.android.providers.downloads/cache/downloadfile.jpeg
07-19 04:12:12.122 22101 22121 I DownloadManager: in removeSpuriousFiles, preserving file /data/data/com.android.providers.downloads/cache/metadata-2.json
07-19 04:12:12.122 22101 22121 I DownloadManager: in removeSpuriousFiles, preserving file /data/data/com.android.providers.downloads/cache/metadata-3.json
07-19 04:12:12.122 22101 22121 I DownloadManager: in removeSpuriousFiles, preserving file /data/data/com.android.providers.downloads/cache/downloadfile-1.jpeg
07-19 04:12:12.122 22101 22121 I DownloadManager: in removeSpuriousFiles, preserving file /data/data/com.android.providers.downloads/cache/downloadfile-2.jpeg
07-19 04:12:12.122 22101 22121 I DownloadManager: in removeSpuriousFiles, preserving file /data/data/com.android.providers.downloads/cache/metadata-4.json
07-19 04:12:12.122 22101 22121 I DownloadManager: in removeSpuriousFiles, preserving file /data/data/com.android.providers.downloads/cache/metadata-5.json
07-19 04:12:12.122 22101 22121 I DownloadManager: in removeSpuriousFiles, preserving file /data/data/com.android.providers.downloads/cache/metadata-6.json
07-19 04:12:12.126 22101 22121 I DownloadManager: deleting spurious file /cache/backup
07-19 04:12:12.173 22080 22080 D ACRA    : Looking for error files in /data/data/com.facebook.katana/app_acra-reports
07-19 04:12:12.184   144   390 I ActivityManager: Process com.google.android.apps.maps:LocationFriendService (pid 22010) has died.
07-19 04:12:12.204 22101 22101 I ActivityThread: Pub media: com.android.providers.media.MediaProvider
07-19 04:12:12.395 22080 22083 D dalvikvm: GC_CONCURRENT freed 267K, 4% free 9849K/10247K, paused 7ms+2ms
07-19 04:12:12.403 22080 22080 W nalizableReferenceQueue: Could not load Finalizer in its own class loader.Loading Finalizer in the current class loader instead. As a result, you will not be ableto garbage collect this class loader. To support reclaiming this class loader, eitherresolve the underlying issue, or move Google Collections to your system class path.
07-19 04:12:12.403 22080 22080 W nalizableReferenceQueue: java.io.FileNotFoundException: com/google/common/base/internal/Finalizer.class
07-19 04:12:12.403 22080 22080 W nalizableReferenceQueue: 	at com.google.common.base.FinalizableReferenceQueue$DecoupledLoader.getBaseUrl(FinalizableReferenceQueue.java:243)
07-19 04:12:12.403 22080 22080 W nalizableReferenceQueue: 	at com.google.common.base.FinalizableReferenceQueue$DecoupledLoader.loadFinalizer(FinalizableReferenceQueue.java:227)
07-19 04:12:12.403 22080 22080 W nalizableReferenceQueue: 	at com.google.common.base.FinalizableReferenceQueue.loadFinalizer(FinalizableReferenceQueue.java:155)
07-19 04:12:12.403 22080 22080 W nalizableReferenceQueue: 	at com.google.common.base.FinalizableReferenceQueue.<clinit>(FinalizableReferenceQueue.java:84)
07-19 04:12:12.403 22080 22080 W nalizableReferenceQueue: 	at com.google.common.collect.CustomConcurrentHashMap$QueueHolder.<clinit>(CustomConcurrentHashMap.java:650)
07-19 04:12:12.403 22080 22080 W nalizableReferenceQueue: 	at com.google.common.collect.CustomConcurrentHashMap$WeakEntry.<init>(CustomConcurrentHashMap.java:1342)
07-19 04:12:12.403 22080 22080 W nalizableReferenceQueue: 	at com.google.common.collect.CustomConcurrentHashMap$EntryFactory$9.newEntry(CustomConcurrentHashMap.java:453)
07-19 04:12:12.403 22080 22080 W nalizableReferenceQueue: 	at com.google.common.collect.CustomConcurrentHashMap.a(CustomConcurrentHashMap.java:1715)
07-19 04:12:12.403 22080 22080 W nalizableReferenceQueue: 	at com.google.common.collect.ComputingConcurrentHashMap$ComputingSegment.a(ComputingConcurrentHashMap.java:123)
07-19 04:12:12.403 22080 22080 W nalizableReferenceQueue: 	at com.google.common.collect.ComputingConcurrentHashMap.apply(ComputingConcurrentHashMap.java:71)
07-19 04:12:12.403 22080 22080 W nalizableReferenceQueue: 	at com.google.common.collect.MapMaker$ComputingMapAdapter.get(MapMaker.java:848)
07-19 04:12:12.403 22080 22080 W nalizableReferenceQueue: 	at com.google.inject.internal.Annotations$AnnotationChecker.a(Annotations.java:90)
07-19 04:12:12.403 22080 22080 W nalizableReferenceQueue: 	at com.google.inject.internal.Annotations.c(Annotations.java:108)
07-19 04:12:12.403 22080 22080 W nalizableReferenceQueue: 	at com.google.inject.Key.d(Key.java:369)
07-19 04:12:12.403 22080 22080 W nalizableReferenceQueue: 	at com.google.inject.Key.b(Key.java:356)
07-19 04:12:12.403 22080 22080 W nalizableReferenceQueue: 	at com.google.inject.Key.a(Key.java:267)
07-19 04:12:12.403 22080 22080 W nalizableReferenceQueue: 	at com.facebook.orca.inject.binder.AnnotatedBindingBuilderImpl.a(AnnotatedBindingBuilderImpl.java:22)
07-19 04:12:12.403 22080 22080 W nalizableReferenceQueue: 	at com.facebook.orca.app.FbBaseModule.a(FbBaseModule.java:75)
07-19 04:12:12.403 22080 22080 W nalizableReferenceQueue: 	at com.facebook.orca.inject.AbstractModule.a(AbstractModule.java:19)
07-19 04:12:12.403 22080 22080 W nalizableReferenceQueue: 	at com.facebook.orca.inject.FbInjectorImpl.a(FbInjectorImpl.java:63)
07-19 04:12:12.403 22080 22080 W nalizableReferenceQueue: 	at com.facebook.orca.inject.FbInjectorImpl.<init>(FbInjectorImpl.java:41)
07-19 04:12:12.403 22080 22080 W nalizableReferenceQueue: 	at com.facebook.orca.inject.FbInjector.a(FbInjector.java:40)
07-19 04:12:12.403 22080 22080 W nalizableReferenceQueue: 	at com.facebook.katana.FacebookApplication.onCreate(FacebookApplication.java:102)
07-19 04:12:12.403 22080 22080 W nalizableReferenceQueue: 	at android.app.Instrumentation.callApplicationOnCreate(Instrumentation.java:969)
07-19 04:12:12.403 22080 22080 W nalizableReferenceQueue: 	at android.app.ActivityThread.handleBindApplication(ActivityThread.java:3954)
07-19 04:12:12.403 22080 22080 W nalizableReferenceQueue: 	at android.app.ActivityThread.access$1300(ActivityThread.java:123)
07-19 04:12:12.403 22080 22080 W nalizableReferenceQueue: 	at android.app.ActivityThread$H.handleMessage(ActivityThread.java:1185)
07-19 04:12:12.403 22080 22080 W nalizableReferenceQueue: 	at android.os.Handler.dispatchMessage(Handler.java:99)
07-19 04:12:12.403 22080 22080 W nalizableReferenceQueue: 	at android.os.Looper.loop(Looper.java:137)
07-19 04:12:12.403 22080 22080 W nalizableReferenceQueue: 	at android.app.ActivityThread.main(ActivityThread.java:4424)
07-19 04:12:12.403 22080 22080 W nalizableReferenceQueue: 	at java.lang.reflect.Method.invokeNative(Native Method)
07-19 04:12:12.403 22080 22080 W nalizableReferenceQueue: 	at java.lang.reflect.Method.invoke(Method.java:511)
07-19 04:12:12.403 22080 22080 W nalizableReferenceQueue: 	at com.android.internal.os.ZygoteInit$MethodAndArgsCaller.run(ZygoteInit.java:784)
07-19 04:12:12.403 22080 22080 W nalizableReferenceQueue: 	at com.android.internal.os.ZygoteInit.main(ZygoteInit.java:551)
07-19 04:12:12.403 22080 22080 W nalizableReferenceQueue: 	at dalvik.system.NativeStart.main(Native Method)
07-19 04:12:12.403 22080 22080 I Finalizer: Couldn't access Thread.inheritableThreadLocals. Reference finalizer threads will inherit thread local values.
07-19 04:12:12.626 22101 22104 D dalvikvm: GC_CONCURRENT freed 317K, 5% free 9159K/9607K, paused 2ms+3ms
07-19 04:12:12.712 22080 22083 D dalvikvm: GC_CONCURRENT freed 401K, 5% free 9962K/10439K, paused 2ms+2ms
07-19 04:12:13.196 22080 22083 D dalvikvm: GC_CONCURRENT freed 333K, 5% free 10070K/10503K, paused 2ms+7ms
07-19 04:12:13.395   144   342 I ActivityManager: Process com.whatsapp (pid 18480) has died.
07-19 04:12:13.395   144   342 W ActivityManager: Scheduling restart of crashed service com.whatsapp/.messaging.MessageService in 5000ms
07-19 04:12:13.427 22054 22056 D dalvikvm: GC_CONCURRENT freed 207K, 4% free 9257K/9543K, paused 3ms+2ms
07-19 04:12:13.497 22067 22127 D dalvikvm: GC_FOR_ALLOC freed 175K, 4% free 9858K/10247K, paused 192ms
07-19 04:12:13.645 22080 22083 D dalvikvm: GC_CONCURRENT freed 392K, 5% free 10225K/10695K, paused 7ms+3ms
07-19 04:12:13.681 22067 22099 D PicasaPhotoCP: set fsid first time:-1
07-19 04:12:13.829   144  1168 I ActivityManager: Process android.process.media (pid 22101) has died.
07-19 04:12:13.981 22067 22070 D dalvikvm: GC_CONCURRENT freed 173K, 3% free 10132K/10439K, paused 3ms+3ms
07-19 04:12:14.286 22067 22070 D dalvikvm: GC_CONCURRENT freed 235K, 4% free 10330K/10695K, paused 3ms+2ms
07-19 04:12:14.415   144   156 I ActivityManager: Process com.facebook.katana (pid 22080) has died.
07-19 04:12:14.524 22054 22123 I Gmail   : calculateUnknownSyncRationalesAndPurgeInBackground: queueing
07-19 04:12:14.532 22054 22123 I Gmail   : calculateUnknownSyncRationalesAndPurgeInBackground: queueing
07-19 04:12:14.563 22067 22106 D dalvikvm: GC_FOR_ALLOC freed 154K, 4% free 10457K/10823K, paused 23ms
07-19 04:12:14.599 22067 22106 D dalvikvm: GC_FOR_ALLOC freed 126K, 5% free 10585K/11079K, paused 23ms
07-19 04:12:14.599 22067 22106 I dalvikvm-heap: Grow heap (frag case) to 10.588MB for 187514-byte allocation
07-19 04:12:14.599 22054 22123 I Gmail   : calculateUnknownSyncRationalesAndPurgeInBackground: running
07-19 04:12:14.614 22054 22123 I Gmail   : calculateUnknownSyncRationalesAndPurgeInBackground: running
07-19 04:12:14.622 22067 22106 D dalvikvm: GC_FOR_ALLOC freed 255K, 7% free 10513K/11271K, paused 21ms
07-19 04:12:14.677 22067 22070 D dalvikvm: GC_CONCURRENT freed 244K, 5% free 10770K/11271K, paused 2ms+3ms
07-19 04:12:14.720 22067 22106 D dalvikvm: GC_FOR_ALLOC freed 369K, 6% free 10825K/11463K, paused 21ms
07-19 04:12:14.743 22067 22106 D dalvikvm: GC_FOR_ALLOC freed 126K, 5% free 10953K/11463K, paused 20ms
07-19 04:12:14.876 22067 22070 D dalvikvm: GC_CONCURRENT freed 337K, 5% free 11180K/11655K, paused 2ms+2ms
07-19 04:12:15.009 22067 22070 D dalvikvm: GC_CONCURRENT freed 125K, 3% free 11648K/11911K, paused 2ms+2ms
07-19 04:12:15.188 22067 22070 D dalvikvm: GC_CONCURRENT freed 343K, 4% free 12177K/12615K, paused 2ms+4ms
07-19 04:12:15.395 22067 22070 D dalvikvm: GC_CONCURRENT freed 422K, 5% free 12705K/13255K, paused 1ms+2ms
07-19 04:12:15.536   144   144 I ActivityManager: Start proc android.process.media for service com.android.providers.media/.MediaScannerService: pid=22137 uid=10012 gids={1015, 1023, 1024, 2001, 3003, 3007}
07-19 04:12:15.548   144  1168 I ActivityManager: Process com.google.android.gm (pid 22054) has died.
07-19 04:12:15.602 22137 22137 I ActivityThread: Pub downloads: com.android.providers.downloads.DownloadProvider
07-19 04:12:15.681 22137 22137 I ActivityThread: Pub drm: com.android.providers.drm.DrmProvider
07-19 04:12:15.681 22137 22151 I DownloadManager: in removeSpuriousFiles
07-19 04:12:15.684 22137 22137 I ActivityThread: Pub media: com.android.providers.media.MediaProvider
07-19 04:12:15.735 22137 22151 I DownloadManager: in removeSpuriousFiles, preserving file /data/data/com.android.providers.downloads/cache/metadata.json
07-19 04:12:15.735 22137 22151 I DownloadManager: in removeSpuriousFiles, preserving file /data/data/com.android.providers.downloads/cache/en_general.htm
07-19 04:12:15.735 22137 22151 I DownloadManager: in removeSpuriousFiles, preserving file /mnt/sdcard/Download/img-thing.jpeg
07-19 04:12:15.735 22137 22151 I DownloadManager: in removeSpuriousFiles, preserving file /data/data/com.android.providers.downloads/cache/metadata-1.json
07-19 04:12:15.735 22137 22151 I DownloadManager: in removeSpuriousFiles, preserving file /data/data/com.android.providers.downloads/cache/downloadfile.jpeg
07-19 04:12:15.735 22137 22151 I DownloadManager: in removeSpuriousFiles, preserving file /data/data/com.android.providers.downloads/cache/metadata-2.json
07-19 04:12:15.735 22137 22151 I DownloadManager: in removeSpuriousFiles, preserving file /data/data/com.android.providers.downloads/cache/metadata-3.json
07-19 04:12:15.735 22137 22151 I DownloadManager: in removeSpuriousFiles, preserving file /data/data/com.android.providers.downloads/cache/downloadfile-1.jpeg
07-19 04:12:15.735 22137 22151 I DownloadManager: in removeSpuriousFiles, preserving file /data/data/com.android.providers.downloads/cache/downloadfile-2.jpeg
07-19 04:12:15.735 22137 22151 I DownloadManager: in removeSpuriousFiles, preserving file /data/data/com.android.providers.downloads/cache/metadata-4.json
07-19 04:12:15.735 22137 22151 I DownloadManager: in removeSpuriousFiles, preserving file /data/data/com.android.providers.downloads/cache/metadata-5.json
07-19 04:12:15.735 22137 22151 I DownloadManager: in removeSpuriousFiles, preserving file /data/data/com.android.providers.downloads/cache/metadata-6.json
07-19 04:12:15.739 22137 22151 I DownloadManager: deleting spurious file /cache/backup
07-19 04:12:16.099 22137 22139 D dalvikvm: GC_CONCURRENT freed 367K, 5% free 9165K/9607K, paused 2ms+2ms
07-19 04:12:16.126 22067 22108 I SqliteDatabaseCpp: sqlite returned: error code = 1, msg = no such column: wipeout_stats, db=/data/data/com.google.android.apps.plus/databases/es0.db
07-19 04:12:16.153 22067 22108 W System.err: android.database.sqlite.SQLiteException: no such column: wipeout_stats: , while compiling: SELECT wipeout_stats  FROM account_status
07-19 04:12:16.169 22067 22108 W System.err: 	at android.database.sqlite.SQLiteCompiledSql.native_compile(Native Method)
07-19 04:12:16.169 22067 22108 W System.err: 	at android.database.sqlite.SQLiteCompiledSql.<init>(SQLiteCompiledSql.java:68)
07-19 04:12:16.169 22067 22108 W System.err: 	at android.database.sqlite.SQLiteProgram.compileSql(SQLiteProgram.java:143)
07-19 04:12:16.169 22067 22108 W System.err: 	at android.database.sqlite.SQLiteProgram.compileAndbindAllArgs(SQLiteProgram.java:361)
07-19 04:12:16.169 22067 22108 W System.err: 	at android.database.sqlite.SQLiteStatement.acquireAndLock(SQLiteStatement.java:260)
07-19 04:12:16.173 22067 22108 W System.err: 	at android.database.sqlite.SQLiteStatement.simpleQueryForLong(SQLiteStatement.java:137)
07-19 04:12:16.173 22067 22108 W System.err: 	at android.database.DatabaseUtils.longForQuery(DatabaseUtils.java:791)
07-19 04:12:16.173 22067 22108 W System.err: 	at android.database.DatabaseUtils.longForQuery(DatabaseUtils.java:779)
07-19 04:12:16.173 22067 22108 W System.err: 	at com.google.android.apps.plus.content.EsAccountsData.isContactsStatsWipeoutNeeded(EsAccountsData.java:641)
07-19 04:12:16.173 22067 22108 W System.err: 	at com.google.android.apps.plus.service.EsService.processIntent(EsService.java:4246)
07-19 04:12:16.173 22067 22108 W System.err: 	at com.google.android.apps.plus.service.ServiceThread$1.run(ServiceThread.java:50)
07-19 04:12:16.173 22067 22108 W System.err: 	at android.os.Handler.handleCallback(Handler.java:605)
07-19 04:12:16.173 22067 22108 W System.err: 	at android.os.Handler.dispatchMessage(Handler.java:92)
07-19 04:12:16.173 22067 22108 W System.err: 	at android.os.Looper.loop(Looper.java:137)
07-19 04:12:16.173 22067 22108 W System.err: 	at com.google.android.apps.plus.service.ServiceThread.run(ServiceThread.java:122)
07-19 04:12:18.493   144   161 I ActivityManager: Start proc com.whatsapp for service com.whatsapp/.messaging.MessageService: pid=22157 uid=10068 gids={1015, 3003}
07-19 04:12:18.505 22157 22157 I dalvikvm: Turning on JNI app bug workarounds for target SDK version 7...
07-19 04:12:18.513   144 14192 I ActivityManager: Process android.process.media (pid 22137) has died.
07-19 04:12:18.743 22157 22160 D dalvikvm: GC_CONCURRENT freed 176K, 3% free 9344K/9607K, paused 7ms+4ms
07-19 04:12:19.403 22157 22160 D dalvikvm: GC_CONCURRENT freed 282K, 4% free 9596K/9991K, paused 2ms+3ms
07-19 04:12:19.684   144  1168 I ActivityManager: Start proc android.process.acore for content provider com.android.providers.contacts/.ContactsProvider2: pid=22177 uid=10000 gids={3003, 1015}
07-19 04:12:19.759    79    79 D dalvikvm: GC_EXPLICIT freed 38K, 4% free 9027K/9347K, paused 9ms+6ms
07-19 04:12:19.833    79    79 D dalvikvm: GC_EXPLICIT freed <1K, 4% free 9027K/9347K, paused 2ms+4ms
07-19 04:12:19.841 22157 22157 I dalvikvm: Could not find method android.media.MediaMetadataRetriever.captureFrame, referenced from method com.whatsapp.q3.a
07-19 04:12:19.841 22157 22157 W dalvikvm: VFY: unable to resolve virtual method 502: Landroid/media/MediaMetadataRetriever;.captureFrame ()Landroid/graphics/Bitmap;
07-19 04:12:19.841 22157 22157 D dalvikvm: VFY: replacing opcode 0x6e at 0x0134
07-19 04:12:19.852 22177 22177 I ActivityThread: Pub call_log: com.android.providers.contacts.CallLogProvider
07-19 04:12:19.876    79    79 D dalvikvm: GC_EXPLICIT freed <1K, 4% free 9027K/9347K, paused 9ms+2ms
07-19 04:12:19.903 22177 22177 I ActivityThread: Pub com.android.voicemail: com.android.providers.contacts.VoicemailContentProvider
07-19 04:12:19.915 22177 22177 I ActivityThread: Pub user_dictionary: com.android.providers.userdictionary.UserDictionaryProvider
07-19 04:12:19.950 22177 22177 I ActivityThread: Pub com.android.social: com.android.providers.contacts.SocialProvider
07-19 04:12:19.958 22177 22177 I ActivityThread: Pub applications: com.android.providers.applications.ApplicationsProvider
07-19 04:12:20.059 22157 22160 D dalvikvm: GC_CONCURRENT freed 265K, 4% free 9822K/10183K, paused 3ms+8ms
07-19 04:12:20.157 22177 22179 D dalvikvm: GC_CONCURRENT freed 350K, 5% free 9146K/9607K, paused 2ms+4ms
07-19 04:12:20.157 22177 22177 I ActivityThread: Pub contacts;com.android.contacts: com.android.providers.contacts.ContactsProvider2
07-19 04:12:20.266 22157 22160 D dalvikvm: GC_CONCURRENT freed 355K, 5% free 9970K/10439K, paused 1ms+4ms
07-19 04:12:21.466   144 12390 I ActivityManager: Process com.google.android.apps.plus (pid 22067) has died.
07-19 04:12:21.474 22177 22179 D dalvikvm: GC_CONCURRENT freed 207K, 4% free 9353K/9671K, paused 2ms+2ms
07-19 04:12:22.684 22157 22160 D dalvikvm: GC_CONCURRENT freed 309K, 4% free 10146K/10567K, paused 2ms+5ms
07-19 04:12:23.251 22177 22179 D dalvikvm: GC_CONCURRENT freed 181K, 4% free 9612K/9927K, paused 151ms+3ms
07-19 04:12:26.548   359   359 D dalvikvm: GC_EXPLICIT freed <1K, 6% free 9096K/9607K, paused 22ms+2ms
07-19 04:12:28.411   144   161 I ActivityManager: Start proc com.google.android.apps.plus for broadcast com.google.android.apps.plus/.service.CameraMonitor: pid=22204 uid=10060 gids={3003, 3002, 1015, 1006}
07-19 04:12:28.599 22204 22206 D dalvikvm: GC_CONCURRENT freed 149K, 3% free 9382K/9607K, paused 6ms+7ms
07-19 04:12:28.673 22204 22204 I ActivityThread: Pub com.google.android.apps.plus.content.ApiProvider: com.google.android.apps.plus.content.EsApiProvider
07-19 04:12:28.712 22204 22204 I ActivityThread: Pub com.google.android.apps.plus.content.EsGooglePhotoProvider: com.google.android.picasasync.PicasaContentProvider
07-19 04:12:28.946 22204 22206 D dalvikvm: GC_CONCURRENT freed 309K, 4% free 9603K/9991K, paused 22ms+3ms
07-19 04:12:29.009 22204 22204 I ActivityThread: Pub com.google.android.apps.plus.content.EsPicasaStoreProvider: com.google.android.picasastore.PicasaPhotoContentProvider
07-19 04:12:29.028   346   346 D SAN_SERVICE: *******************************************
07-19 04:12:29.028   346   346 D SAN_SERVICE: DM App Phone Service State - 0
07-19 04:12:29.028   346   346 D SAN_SERVICE: *******************************************
07-19 04:12:29.059 22204 22204 I ActivityThread: Pub com.google.plus.platform: com.google.android.apps.plus.content.AdsProvider
07-19 04:12:29.079 22204 22204 I ActivityThread: Pub com.google.android.apps.plus.iu.EsGoogleIuProvider: com.google.android.apps.plus.iu.InstantUploadProvider
07-19 04:12:29.095   144   156 I ActivityManager: Process android.process.acore (pid 22177) has died.
07-19 04:12:29.145   144 14192 I ActivityManager: Start proc android.process.media for content provider com.android.providers.media/.MediaProvider: pid=22219 uid=10012 gids={1015, 1023, 1024, 2001, 3003, 3007}
07-19 04:12:29.208 22204 22206 D dalvikvm: GC_CONCURRENT freed 565K, 7% free 9604K/10247K, paused 2ms+2ms
07-19 04:12:29.212 22204 22204 I ActivityThread: Pub com.google.android.apps.plus.content.EsProvider: com.google.android.apps.plus.content.EsProvider
07-19 04:12:29.391 22219 22219 I ActivityThread: Pub downloads: com.android.providers.downloads.DownloadProvider
07-19 04:12:29.434 22219 22219 I ActivityThread: Pub drm: com.android.providers.drm.DrmProvider
07-19 04:12:29.434 22219 22233 I DownloadManager: in removeSpuriousFiles
07-19 04:12:29.442 22219 22219 I ActivityThread: Pub media: com.android.providers.media.MediaProvider
07-19 04:12:29.505 22219 22233 I DownloadManager: in removeSpuriousFiles, preserving file /data/data/com.android.providers.downloads/cache/metadata.json
07-19 04:12:29.505 22219 22233 I DownloadManager: in removeSpuriousFiles, preserving file /data/data/com.android.providers.downloads/cache/en_general.htm
07-19 04:12:29.505 22219 22233 I DownloadManager: in removeSpuriousFiles, preserving file /mnt/sdcard/Download/img-thing.jpeg
07-19 04:12:29.505 22219 22233 I DownloadManager: in removeSpuriousFiles, preserving file /data/data/com.android.providers.downloads/cache/metadata-1.json
07-19 04:12:29.505 22219 22233 I DownloadManager: in removeSpuriousFiles, preserving file /data/data/com.android.providers.downloads/cache/downloadfile.jpeg
07-19 04:12:29.505 22219 22233 I DownloadManager: in removeSpuriousFiles, preserving file /data/data/com.android.providers.downloads/cache/metadata-2.json
07-19 04:12:29.505 22219 22233 I DownloadManager: in removeSpuriousFiles, preserving file /data/data/com.android.providers.downloads/cache/metadata-3.json
07-19 04:12:29.505 22219 22233 I DownloadManager: in removeSpuriousFiles, preserving file /data/data/com.android.providers.downloads/cache/downloadfile-1.jpeg
07-19 04:12:29.505 22219 22233 I DownloadManager: in removeSpuriousFiles, preserving file /data/data/com.android.providers.downloads/cache/downloadfile-2.jpeg
07-19 04:12:29.505 22219 22233 I DownloadManager: in removeSpuriousFiles, preserving file /data/data/com.android.providers.downloads/cache/metadata-4.json
07-19 04:12:29.505 22219 22233 I DownloadManager: in removeSpuriousFiles, preserving file /data/data/com.android.providers.downloads/cache/metadata-5.json
07-19 04:12:29.505 22219 22233 I DownloadManager: in removeSpuriousFiles, preserving file /data/data/com.android.providers.downloads/cache/metadata-6.json
