07-23 08:50:11.168 26888 26904 E GeckoConsole: [JavaScript Warning: "Error in parsing value for 'font'.  Declaration dropped." {file: "http://a.fsdn.com/sd/classic.css?release_20120711" line: 3892}]
07-23 08:50:11.171 26888 26904 E GeckoConsole: [JavaScript Warning: "Unknown property '-moz-border-radius'.  Declaration dropped." {file: "http://a.fsdn.com/sd/classic.css?release_20120711" line: 3994}]
07-23 08:50:11.171 26888 26904 E GeckoConsole: [JavaScript Warning: "Unknown property '-moz-border-radius'.  Declaration dropped." {file: "http://a.fsdn.com/sd/classic.css?release_20120711" line: 4088}]
07-23 08:50:11.171 26888 26904 E GeckoConsole: [JavaScript Warning: "Unknown property '-moz-box-shadow'.  Declaration dropped." {file: "http://a.fsdn.com/sd/classic.css?release_20120711" line: 4088}]
07-23 08:50:11.175 26888 26904 E GeckoConsole: [JavaScript Warning: "Unknown property '-moz-border-radius'.  Declaration dropped." {file: "http://a.fsdn.com/sd/classic.css?release_20120711" line: 4188}]
07-23 08:50:11.175 26888 26904 E GeckoConsole: [JavaScript Warning: "Unknown property '-moz-box-shadow'.  Declaration dropped." {file: "http://a.fsdn.com/sd/classic.css?release_20120711" line: 4305}]
07-23 08:50:11.175 26888 26904 E GeckoConsole: [JavaScript Warning: "Unknown property '-moz-border-radius'.  Declaration dropped." {file: "http://a.fsdn.com/sd/classic.css?release_20120711" line: 4325}]
07-23 08:50:11.175 26888 26904 E GeckoConsole: [JavaScript Warning: "Unknown property '-moz-box-shadow'.  Declaration dropped." {file: "http://a.fsdn.com/sd/classic.css?release_20120711" line: 4346}]
07-23 08:50:11.175 26888 26904 E GeckoConsole: [JavaScript Warning: "Unknown property '-moz-border-radius'.  Declaration dropped." {file: "http://a.fsdn.com/sd/classic.css?release_20120711" line: 4403}]
07-23 08:50:11.179 26888 26904 E GeckoConsole: [JavaScript Warning: "Unknown property '-moz-border-radius'.  Declaration dropped." {file: "http://a.fsdn.com/sd/classic.css?release_20120711" line: 4448}]
07-23 08:50:11.179 26888 26904 E GeckoConsole: [JavaScript Warning: "Unknown property '-moz-box-shadow'.  Declaration dropped." {file: "http://a.fsdn.com/sd/classic.css?release_20120711" line: 4455}]
07-23 08:50:11.179 26888 26904 E GeckoConsole: [JavaScript Warning: "Error in parsing value for 'background-image'.  Declaration dropped." {file: "http://a.fsdn.com/sd/classic.css?release_20120711" line: 4646}]
07-23 08:50:11.179 26888 26904 E GeckoConsole: [JavaScript Warning: "Error in parsing value for 'background-image'.  Declaration dropped." {file: "http://a.fsdn.com/sd/classic.css?release_20120711" line: 4648}]
07-23 08:50:11.179 26888 26904 E GeckoConsole: [JavaScript Warning: "Unknown property '-moz-border-radius'.  Declaration dropped." {file: "http://a.fsdn.com/sd/classic.css?release_20120711" line: 4653}]
07-23 08:50:11.179 26888 26904 E GeckoConsole: [JavaScript Warning: "Unknown property '-moz-border-radius'.  Declaration dropped." {file: "http://a.fsdn.com/sd/classic.css?release_20120711" line: 4682}]
07-23 08:50:11.183 26888 26904 E GeckoConsole: [JavaScript Warning: "Unknown property '-moz-box-shadow'.  Declaration dropped." {file: "http://a.fsdn.com/sd/classic.css?release_20120711" line: 4686}]
07-23 08:50:11.183 26888 26904 E GeckoConsole: [JavaScript Warning: "Unknown property '-moz-box-shadow'.  Declaration dropped." {file: "http://a.fsdn.com/sd/classic.css?release_20120711" line: 4692}]
07-23 08:50:11.183 26888 26904 E GeckoConsole: [JavaScript Warning: "Unknown property 'transform'.  Declaration dropped." {file: "http://a.fsdn.com/sd/classic.css?release_20120711" line: 4696}]
07-23 08:50:11.183 26888 26904 E GeckoConsole: [JavaScript Warning: "Error in parsing value for 'background-image'.  Declaration dropped." {file: "http://a.fsdn.com/sd/classic.css?release_20120711" line: 4785}]
07-23 08:50:11.183 26888 26904 E GeckoConsole: [JavaScript Warning: "Error in parsing value for 'background-image'.  Declaration dropped." {file: "http://a.fsdn.com/sd/classic.css?release_20120711" line: 4787}]
07-23 08:50:11.183 26888 26904 E GeckoConsole: [JavaScript Warning: "Error in parsing value for 'background-image'.  Declaration dropped." {file: "http://a.fsdn.com/sd/classic.css?release_20120711" line: 4851}]
07-23 08:50:11.187 26888 26904 E GeckoConsole: [JavaScript Warning: "Error in parsing value for 'background-image'.  Declaration dropped." {file: "http://a.fsdn.com/sd/classic.css?release_20120711" line: 4853}]
07-23 08:50:11.187 26888 26904 E GeckoConsole: [JavaScript Warning: "Unknown property '-moz-border-radius'.  Declaration dropped." {file: "http://a.fsdn.com/sd/classic.css?release_20120711" line: 4927}]
07-23 08:50:11.187 26888 26904 E GeckoConsole: [JavaScript Warning: "Unknown property '-moz-box-shadow'.  Declaration dropped." {file: "http://a.fsdn.com/sd/classic.css?release_20120711" line: 4933}]
07-23 08:50:11.187 26888 26904 E GeckoConsole: [JavaScript Warning: "Unknown property '-moz-border-radius'.  Declaration dropped." {file: "http://a.fsdn.com/sd/classic.css?release_20120711" line: 5023}]
07-23 08:50:11.191 26888 26904 E GeckoConsole: [JavaScript Warning: "Unknown property '-moz-border-radius'.  Declaration dropped." {file: "http://a.fsdn.com/sd/classic.css?release_20120711" line: 5093}]
07-23 08:50:11.191 26888 26904 E GeckoConsole: [JavaScript Warning: "Unknown property '-moz-box-shadow'.  Declaration dropped." {file: "http://a.fsdn.com/sd/classic.css?release_20120711" line: 5101}]
07-23 08:50:11.191 26888 26904 E GeckoConsole: [JavaScript Warning: "Unknown property 'transform'.  Declaration dropped." {file: "http://a.fsdn.com/sd/classic.css?release_20120711" line: 5126}]
07-23 08:50:11.191 26888 26904 E GeckoConsole: [JavaScript Warning: "Unknown property '-moz-border-radius'.  Declaration dropped." {file: "http://a.fsdn.com/sd/classic.css?release_20120711" line: 5175}]
07-23 08:50:11.191 26888 26904 E GeckoConsole: [JavaScript Warning: "Error in parsing value for 'background-image'.  Declaration dropped." {file: "http://a.fsdn.com/sd/classic.css?release_20120711" line: 5192}]
07-23 08:50:11.191 26888 26904 E GeckoConsole: [JavaScript Warning: "Error in parsing value for 'background-image'.  Declaration dropped." {file: "http://a.fsdn.com/sd/classic.css?release_20120711" line: 5194}]
07-23 08:50:11.191 26888 26904 E GeckoConsole: [JavaScript Warning: "Unknown property '-moz-border-radius'.  Declaration dropped." {file: "http://a.fsdn.com/sd/classic.css?release_20120711" line: 5211}]
07-23 08:50:11.191 26888 26904 E GeckoConsole: [JavaScript Warning: "Unknown property '-moz-border-radius'.  Declaration dropped." {file: "http://a.fsdn.com/sd/classic.css?release_20120711" line: 5238}]
07-23 08:50:11.191 26888 26904 E GeckoConsole: [JavaScript Warning: "Unknown property '-moz-box-shadow'.  Declaration dropped." {file: "http://a.fsdn.com/sd/classic.css?release_20120711" line: 5245}]
07-23 08:50:11.191 26888 26904 E GeckoConsole: [JavaScript Warning: "Unknown property 'transform'.  Declaration dropped." {file: "http://a.fsdn.com/sd/classic.css?release_20120711" line: 5267}]
07-23 08:50:11.195 26888 26904 E GeckoConsole: [JavaScript Warning: "Unknown property '-moz-border-radius'.  Declaration dropped." {file: "http://a.fsdn.com/sd/classic.css?release_20120711" line: 5293}]
07-23 08:50:11.195 26888 26904 E GeckoConsole: [JavaScript Warning: "Unknown property '-moz-border-radius'.  Declaration dropped." {file: "http://a.fsdn.com/sd/classic.css?release_20120711" line: 5345}]
07-23 08:50:11.199 26888 26904 E GeckoConsole: [JavaScript Warning: "Unknown property '-moz-box-shadow'.  Declaration dropped." {file: "http://a.fsdn.com/sd/smallscreen.css?release_20120711" line: 38}]
07-23 08:50:11.207 26888 26904 E GeckoConsole: [JavaScript Warning: "Expected media feature name but found '-webkit-min-device-pixel-ratio'." {file: "http://a.fsdn.com/sd/smallscreen.css?release_20120711" line: 355}]
07-23 08:50:11.207 26888 26904 E GeckoConsole: [JavaScript Warning: "Expected media feature name but found 'min-device-pixel-ratio'." {file: "http://a.fsdn.com/sd/smallscreen.css?release_20120711" line: 356}]
07-23 08:50:11.578 26888 26902 W GeckoGlobalHistory: Rebuilding visited link set...
07-23 08:50:11.742 26888 26904 I GeckoApp: Got message: DOMLinkAdded
07-23 08:50:11.742 26888 26904 I GeckoApp: link rel - [top], href - http://slashdot.org/
07-23 08:50:11.750 26888 26904 I GeckoApp: Got message: DOMLinkAdded
07-23 08:50:11.750 26888 26904 I GeckoApp: link rel - [search], href - http://science.slashdot.org/search.pl
07-23 08:50:11.754 26888 26904 I GeckoApp: Got message: DOMLinkAdded
07-23 08:50:11.754 26888 26904 I GeckoApp: link rel - [alternate], href - http://rss.slashdot.org/Slashdot/slashdotScience
07-23 08:50:11.757 26888 26904 I GeckoApp: Got message: DOMLinkAdded
07-23 08:50:11.757 26888 26904 I GeckoApp: link rel - [shortcut] [icon], href - http://science.slashdot.org/favicon.ico
07-23 08:50:11.757 26888 26904 I GeckoTab: Updated favicon URL for tab with id: 1
07-23 08:50:12.043 26888 26904 I GeckoApp: Got message: Tab:ViewportMetadata
07-23 08:50:12.050 26888 26888 D GeckoPanZoomController: generating valid viewport using v=RectF(0.0, 0.0, 480.0, 690.0) p=RectF(0.0, 0.0, 480.0, 690.0) c=RectF(0.0, 0.0, 320.0, 460.0) z=1.5
07-23 08:50:12.050 26888 26888 D GeckoPanZoomController: generated valid viewport as v=RectF(0.0, 0.0, 480.0, 690.0) p=RectF(0.0, 0.0, 480.0, 690.0) c=RectF(0.0, 0.0, 320.0, 460.0) z=1.5
07-23 08:50:12.054 26888 26922 I GeckoAppShell: Taking whole-screen screenshot, viewport: ImmutableViewportMetrics v=(0.0,0.0,480.0,690.0) p=(0.0,0.0,480.0,690.0) c=(0.0,0.0,320.0,460.0) z=1.5
07-23 08:50:12.152   144 29906 I ActivityManager: Process com.google.android.apps.docs (pid 26599) has died.
07-23 08:50:12.527 26888 26890 D dalvikvm: GC_CONCURRENT freed 2292K, 19% free 10507K/12871K, paused 2ms+3ms
07-23 08:50:12.664 26888 26890 D dalvikvm: GC_CONCURRENT freed 33K, 15% free 10986K/12871K, paused 2ms+4ms
07-23 08:50:12.832 26888 26890 D dalvikvm: GC_CONCURRENT freed 41K, 10% free 11600K/12871K, paused 1ms+9ms
07-23 08:50:12.976 26888 26902 D dalvikvm: GC_FOR_ALLOC freed 7K, 8% free 11851K/12871K, paused 51ms
07-23 08:50:12.988 26888 26902 I dalvikvm-heap: Grow heap (frag case) to 13.642MB for 2097168-byte allocation
07-23 08:50:13.035 26888 26922 D dalvikvm: GC_FOR_ALLOC freed <1K, 8% free 13898K/14983K, paused 39ms
07-23 08:50:13.070 26888 26922 I Gecko   : Compositor: Composite took 93 ms.
07-23 08:50:13.140 26888 26922 I Gecko   : Compositor: Composite took 52 ms.
07-23 08:50:13.144 26888 26890 D dalvikvm: GC_CONCURRENT freed 3K, 8% free 13900K/14983K, paused 2ms+26ms
07-23 08:50:13.398 26888 26904 E GeckoConsole: [JavaScript Warning: "Found unclosed string '"Arial, sans-serif;'.  Error in parsing value for 'font'.  Declaration dropped." {file: "http://science.slashdot.org/story/12/07/22/2013258/artificial-jellyfish-built-from-silicone-and-rat-cells?utm_source=slashdot&utm_medium=twitter" line: 244}]
07-23 08:50:13.402 26888 26904 E GeckoConsole: [JavaScript Warning: "Unknown property '-moz-border-radius'.  Declaration dropped." {file: "http://science.slashdot.org/story/12/07/22/2013258/artificial-jellyfish-built-from-silicone-and-rat-cells?utm_source=slashdot&utm_medium=twitter" line: 0}]
07-23 08:50:13.406 26888 26904 E GeckoConsole: [JavaScript Warning: "Unknown property '-moz-border-radius'.  Declaration dropped." {file: "http://science.slashdot.org/story/12/07/22/2013258/artificial-jellyfish-built-from-silicone-and-rat-cells?utm_source=slashdot&utm_medium=twitter" line: 0}]
07-23 08:50:13.410 26888 26904 E GeckoConsole: [JavaScript Warning: "Unknown property '-moz-border-radius-topright'.  Declaration dropped." {file: "http://science.slashdot.org/story/12/07/22/2013258/artificial-jellyfish-built-from-silicone-and-rat-cells?utm_source=slashdot&utm_medium=twitter" line: 414}]
07-23 08:50:13.410 26888 26904 E GeckoConsole: [JavaScript Warning: "Unknown property '-moz-border-radius-topright'.  Declaration dropped." {file: "http://science.slashdot.org/story/12/07/22/2013258/artificial-jellyfish-built-from-silicone-and-rat-cells?utm_source=slashdot&utm_medium=twitter" line: 419}]
07-23 08:50:13.410 26888 26904 E GeckoConsole: [JavaScript Warning: "Unknown property '-moz-border-radius'.  Declaration dropped." {file: "http://science.slashdot.org/story/12/07/22/2013258/artificial-jellyfish-built-from-silicone-and-rat-cells?utm_source=slashdot&utm_medium=twitter" line: 426}]
07-23 08:50:13.410 26888 26904 E GeckoConsole: [JavaScript Warning: "Expected declaration but found '!'.  Skipped to next declaration." {file: "http://science.slashdot.org/story/12/07/22/2013258/artificial-jellyfish-built-from-silicone-and-rat-cells?utm_source=slashdot&utm_medium=twitter" line: 457}]
07-23 08:50:13.410 26888 26904 E GeckoConsole: [JavaScript Warning: "Unknown property '-moz-border-radius'.  Declaration dropped." {file: "http://science.slashdot.org/story/12/07/22/2013258/artificial-jellyfish-built-from-silicone-and-rat-cells?utm_source=slashdot&utm_medium=twitter" line: 462}]
07-23 08:50:13.410 26888 26904 E GeckoConsole: [JavaScript Warning: "Error in parsing value for 'background-image'.  Declaration dropped." {file: "http://science.slashdot.org/story/12/07/22/2013258/artificial-jellyfish-built-from-silicone-and-rat-cells?utm_source=slashdot&utm_medium=twitter" line: 465}]
07-23 08:50:13.410 26888 26904 E GeckoConsole: [JavaScript Warning: "Error in parsing value for 'background-image'.  Declaration dropped." {file: "http://science.slashdot.org/story/12/07/22/2013258/artificial-jellyfish-built-from-silicone-and-rat-cells?utm_source=slashdot&utm_medium=twitter" line: 466}]
07-23 08:50:13.410 26888 26904 E GeckoConsole: [JavaScript Warning: "Unknown property '-moz-border-radius'.  Declaration dropped." {file: "http://science.slashdot.org/story/12/07/22/2013258/artificial-jellyfish-built-from-silicone-and-rat-cells?utm_source=slashdot&utm_medium=twitter" line: 480}]
07-23 08:50:13.414 26888 26904 E GeckoConsole: [JavaScript Warning: "Error in parsing value for 'background-image'.  Declaration dropped." {file: "http://science.slashdot.org/story/12/07/22/2013258/artificial-jellyfish-built-from-silicone-and-rat-cells?utm_source=slashdot&utm_medium=twitter" line: 488}]
07-23 08:50:13.414 26888 26904 E GeckoConsole: [JavaScript Warning: "Unknown property 'font-weignt'.  Declaration dropped." {file: "http://science.slashdot.org/story/12/07/22/2013258/artificial-jellyfish-built-from-silicone-and-rat-cells?utm_source=slashdot&utm_medium=twitter" line: 491}]
07-23 08:50:13.414 26888 26904 E GeckoConsole: [JavaScript Warning: "Error in parsing value for 'background-image'.  Declaration dropped." {file: "http://science.slashdot.org/story/12/07/22/2013258/artificial-jellyfish-built-from-silicone-and-rat-cells?utm_source=slashdot&utm_medium=twitter" line: 497}]
07-23 08:50:13.414 26888 26904 E GeckoConsole: [JavaScript Warning: "Unknown property '-moz-border-radius'.  Declaration dropped." {file: "http://science.slashdot.org/story/12/07/22/2013258/artificial-jellyfish-built-from-silicone-and-rat-cells?utm_source=slashdot&utm_medium=twitter" line: 539}]
07-23 08:50:13.414 26888 26904 E GeckoConsole: [JavaScript Warning: "Error in parsing value for 'background-image'.  Declaration dropped." {file: "http://science.slashdot.org/story/12/07/22/2013258/artificial-jellyfish-built-from-silicone-and-rat-cells?utm_source=slashdot&utm_medium=twitter" line: 550}]
07-23 08:50:13.437 26888 26904 E GeckoConsole: [JavaScript Warning: "Unknown property '-moz-border-radius'.  Declaration dropped." {file: "http://science.slashdot.org/story/12/07/22/2013258/artificial-jellyfish-built-from-silicone-and-rat-cells?utm_source=slashdot&utm_medium=twitter" line: 0}]
07-23 08:50:13.441 26888 26904 E GeckoConsole: [JavaScript Warning: "Unknown property '-moz-border-radius'.  Declaration dropped." {file: "http://science.slashdot.org/story/12/07/22/2013258/artificial-jellyfish-built-from-silicone-and-rat-cells?utm_source=slashdot&utm_medium=twitter" line: 0}]
07-23 08:50:13.609   144   498 I ActivityManager: Process com.google.android.talk (pid 26688) has died.
07-23 08:50:14.277 26888 26888 D GeckoPanZoomController: generating valid viewport using v=RectF(0.0, 0.0, 480.0, 690.0) p=RectF(0.0, 0.0, 480.0, 690.0) c=RectF(0.0, 0.0, 320.0, 460.0) z=1.5
07-23 08:50:14.281 26888 26888 D GeckoPanZoomController: generated valid viewport as v=RectF(0.0, 0.0, 480.0, 690.0) p=RectF(0.0, 0.0, 480.0, 690.0) c=RectF(0.0, 0.0, 320.0, 460.0) z=1.5
07-23 08:50:14.800 26888 26904 I GeckoPanZoomController: Got message: Browser:ZoomToPageWidth
07-23 08:50:14.800 26888 26888 D GeckoPanZoomController: generating valid viewport using v=RectF(0.0, 0.0, 480.0, 690.0) p=RectF(0.0, 0.0, 480.0, 8176.5) c=RectF(0.0, 0.0, 320.0, 5451.0) z=1.5
07-23 08:50:14.800 26888 26888 D GeckoPanZoomController: generated valid viewport as v=RectF(0.0, 0.0, 480.0, 690.0) p=RectF(0.0, 0.0, 480.0, 8176.5) c=RectF(0.0, 0.0, 320.0, 5451.0) z=1.5
07-23 08:50:15.300 26888 26888 D GeckoPanZoomController: generating valid viewport using v=RectF(0.0, 0.0, 480.0, 690.0) p=RectF(0.0, 0.0, 483.0, 8625.0) c=RectF(0.0, 0.0, 322.0, 5750.0) z=1.5
07-23 08:50:15.300 26888 26888 D GeckoPanZoomController: generated valid viewport as v=RectF(0.0, 0.0, 480.0, 690.0) p=RectF(0.0, 0.0, 483.0, 8625.0) c=RectF(0.0, 0.0, 322.0, 5750.0) z=1.5
07-23 08:50:15.336 26888 26922 I Gecko   : Compositor: Composite took 37 ms.
07-23 08:50:15.363 26888 26904 I GeckoApp: Got message: DOMContentLoaded
07-23 08:50:15.363   144   323 I ActivityManager: Process com.chess (pid 26363) has died.
07-23 08:50:15.683 26888 26922 I Gecko   : Compositor: Composite took 73 ms.
07-23 08:50:16.058 26888 26922 I Gecko   : Compositor: Composite took 372 ms.
07-23 08:50:16.476 26888 26904 E GeckoConsole: [JavaScript Error: "TypeError: $thumb.draggable is not a function" {file: "http://a.fsdn.com/sd/comments-minified.js?release_20120711" line: 401}]
07-23 08:50:16.902 26888 26922 I Gecko   : Compositor: Composite took 30 ms.
07-23 08:50:16.933 26888 26904 I GeckoApp: Got message: Content:PageShow
07-23 08:50:16.937 26888 26888 D GeckoFavicons: Creating LoadFaviconTask with URL = http://science.slashdot.org/story/12/07/22/2013258/artificial-jellyfish-built-from-silicone-and-rat-cells?utm_source=slashdot&utm_medium=twitter and favicon URL = http://science.slashdot.org/favicon.ico
07-23 08:50:16.941 26888 26888 D GeckoFavicons: Calling loadFavicon() with URL = http://science.slashdot.org/story/12/07/22/2013258/artificial-jellyfish-built-from-silicone-and-rat-cells?utm_source=slashdot&utm_medium=twitter and favicon URL = http://science.slashdot.org/favicon.ico (2)
07-23 08:50:16.957 26888 26922 I Gecko   : Compositor: Composite took 38 ms.
07-23 08:50:16.972   144   374 I ActivityManager: Process com.whatsapp (pid 26249) has died.
07-23 08:50:16.972   144   374 W ActivityManager: Scheduling restart of crashed service com.whatsapp/.messaging.MessageService in 5000ms
07-23 08:50:16.976 26888 26904 I GeckoApp: Got message: Content:StateChange
07-23 08:50:16.976 26888 26904 I GeckoApp: State - 786448
07-23 08:50:16.976 26888 26904 I GeckoApp: Got a document stop
07-23 08:50:16.992 26888 26888 I GeckoToolbar: zerdatime 257750844 - Throbber stop
07-23 08:50:17.011 26888 26935 D GeckoFavicons: Favicon URL is now: http://science.slashdot.org/favicon.ico
07-23 08:50:17.023 26888 26935 D GeckoFavicons: Calling getFaviconUrlForPageUrl() for http://science.slashdot.org/story/12/07/22/2013258/artificial-jellyfish-built-from-silicone-and-rat-cells?utm_source=slashdot&utm_medium=twitter
07-23 08:50:17.062 26888 26902 I GeckoAppShell: Taking whole-screen screenshot, viewport: ImmutableViewportMetrics v=(0.0,136.28699,480.0,826.287) p=(0.0,0.0,483.0,8625.0) c=(0.0,0.0,322.0,5750.0) z=1.5
07-23 08:50:17.164 26888 26888 D GeckoPanZoomController: Finishing animation at ImmutableViewportMetrics v=(0.0,137.40948,480.0,827.4095) p=(0.0,0.0,483.0,8625.0) c=(0.0,0.0,322.0,5750.0) z=1.5
07-23 08:50:17.195 26888 26922 I Gecko   : Compositor: Composite took 31 ms.
07-23 08:50:17.269 26888 26935 D GeckoFavicons: Loading favicon from DB for URL = http://science.slashdot.org/story/12/07/22/2013258/artificial-jellyfish-built-from-silicone-and-rat-cells?utm_source=slashdot&utm_medium=twitter
07-23 08:50:17.363 26888 26935 D GeckoFavicons: Loaded favicon from DB successfully for URL = http://science.slashdot.org/story/12/07/22/2013258/artificial-jellyfish-built-from-silicone-and-rat-cells?utm_source=slashdot&utm_medium=twitter
07-23 08:50:17.379 26888 26888 D GeckoFavicons: LoadFaviconTask finished for URL = http://science.slashdot.org/story/12/07/22/2013258/artificial-jellyfish-built-from-silicone-and-rat-cells?utm_source=slashdot&utm_medium=twitter (2)
07-23 08:50:17.379 26888 26888 I GeckoApp: Favicon successfully loaded for URL = http://science.slashdot.org/story/12/07/22/2013258/artificial-jellyfish-built-from-silicone-and-rat-cells?utm_source=slashdot&utm_medium=twitter
07-23 08:50:17.379 26888 26888 I GeckoApp: Favicon is for current URL = http://science.slashdot.org/story/12/07/22/2013258/artificial-jellyfish-built-from-silicone-and-rat-cells?utm_source=slashdot&utm_medium=twitter
07-23 08:50:17.379 26888 26888 I GeckoTab: Updated favicon for tab with id: 1
07-23 08:50:17.488 26888 26902 D dalvikvm: GC_FOR_ALLOC freed 2452K, 21% free 11876K/14983K, paused 28ms
07-23 08:50:17.492 26888 26902 I dalvikvm-heap: Grow heap (frag case) to 13.666MB for 2097168-byte allocation
07-23 08:50:17.535 26888 26890 D dalvikvm: GC_CONCURRENT freed 12K, 8% free 13911K/14983K, paused 1ms+10ms
07-23 08:50:17.546 26888 26922 I Gecko   : Compositor: Composite took 50 ms.
07-23 08:50:17.578 26888 26902 I GeckoAppShell: Taking whole-screen screenshot, viewport: ImmutableViewportMetrics v=(0.0,137.40948,480.0,827.4095) p=(0.0,0.0,483.0,8625.0) c=(0.0,0.0,322.0,5750.0) z=1.5
07-23 08:50:17.636 26888 26922 I Gecko   : Compositor: Composite took 65 ms.
07-23 08:50:17.933 26888 26902 D dalvikvm: GC_FOR_ALLOC freed 2224K, 21% free 11867K/14983K, paused 29ms
07-23 08:50:17.933 26888 26902 I dalvikvm-heap: Grow heap (frag case) to 13.658MB for 2097168-byte allocation
07-23 08:50:17.968 26888 26922 D dalvikvm: GC_FOR_ALLOC freed 3K, 8% free 13911K/14983K, paused 23ms
07-23 08:50:18.004 26888 26922 I Gecko   : Compositor: Composite took 72 ms.
07-23 08:50:18.046 26888 26890 D dalvikvm: GC_CONCURRENT freed 2K, 8% free 13913K/14983K, paused 2ms+16ms
07-23 08:50:18.066 26888 26922 I Gecko   : Compositor: Composite took 58 ms.
07-23 08:50:22.062   144   161 I ActivityManager: Start proc com.whatsapp for service com.whatsapp/.messaging.MessageService: pid=26936 uid=10068 gids={1015, 3003}
07-23 08:50:22.074 26888 26902 I GeckoAppShell: Taking whole-screen screenshot, viewport: ImmutableViewportMetrics v=(0.0,137.40948,480.0,827.4095) p=(0.0,0.0,483.0,8625.0) c=(0.0,0.0,322.0,5750.0) z=1.5
07-23 08:50:22.101 26936 26936 I dalvikvm: Turning on JNI app bug workarounds for target SDK version 7...
07-23 08:50:22.355 18569 18569 D OpenGLRenderer: Flushing caches (mode 2)
07-23 08:50:22.363 26888 26902 D dalvikvm: GC_FOR_ALLOC freed 2085K, 21% free 11866K/14983K, paused 37ms
07-23 08:50:22.367 26888 26902 I dalvikvm-heap: Grow heap (frag case) to 13.657MB for 2097168-byte allocation
07-23 08:50:22.375 26379 26379 D OpenGLRenderer: Flushing caches (mode 2)
07-23 08:50:22.421 26888 26890 D dalvikvm: GC_CONCURRENT freed 2K, 8% free 13911K/14983K, paused 2ms+25ms
07-23 08:50:22.492 26936 26937 D dalvikvm: GC_CONCURRENT freed 164K, 3% free 9365K/9607K, paused 19ms+2ms
07-23 08:50:22.496 18569 18569 D OpenGLRenderer: Flushing caches (mode 0)
07-23 08:50:22.617 26379 26379 D OpenGLRenderer: Flushing caches (mode 0)
07-23 08:50:22.621 26379 26379 D OpenGLRenderer: Flushing caches (mode 0)
07-23 08:50:22.625 26379 26379 D OpenGLRenderer: Flushing caches (mode 0)
07-23 08:50:22.625 26379 26379 D OpenGLRenderer: Flushing caches (mode 0)
07-23 08:50:22.629 26379 26379 D OpenGLRenderer: Flushing caches (mode 0)
07-23 08:50:22.855 26936 26937 D dalvikvm: GC_CONCURRENT freed 287K, 4% free 9618K/9991K, paused 3ms+3ms
07-23 08:50:23.129 26936 26936 I dalvikvm: Could not find method android.media.MediaMetadataRetriever.captureFrame, referenced from method com.whatsapp.q3.a
07-23 08:50:23.129 26936 26936 W dalvikvm: VFY: unable to resolve virtual method 502: Landroid/media/MediaMetadataRetriever;.captureFrame ()Landroid/graphics/Bitmap;
07-23 08:50:23.129 26936 26936 D dalvikvm: VFY: replacing opcode 0x6e at 0x0134
07-23 08:50:23.324 26936 26937 D dalvikvm: GC_CONCURRENT freed 455K, 6% free 9718K/10247K, paused 2ms+5ms
07-23 08:50:23.464 26936 26937 D dalvikvm: GC_CONCURRENT freed 142K, 3% free 9970K/10247K, paused 10ms+4ms
07-23 08:50:25.105 26936 26937 D dalvikvm: GC_CONCURRENT freed 548K, 6% free 9882K/10503K, paused 2ms+3ms
07-23 08:50:41.140 26888 26888 D SyncAdapter: AccountManager.get(org.mozilla.gecko.GeckoApplication@4132b6c8)
07-23 08:50:41.160 26888 26964 I SyncAdapter: Syncing account named lokeshmandvekar for client named 'Firefox Beta on Full Android on Crespo4G' with client guid V94sXC9gK7ko (sync account has 5 clients).
07-23 08:50:41.168 26888 26964 I SyncAdapter: Got onPerformSync. Extras bundle is Bundle[{upload=true}]
07-23 08:50:41.171 26888 26964 I SyncAdapter: Account name: lokeshmandvekar
07-23 08:50:41.171 26888 26964 D SyncAdapter: Invalidating auth token.
07-23 08:50:41.339 26888 26900 I SyncAuthService: AccountManager.get(org.mozilla.gecko.sync.setup.SyncAuthenticatorService@4159dd98)
07-23 08:50:41.343 26888 26900 I SyncAuthService: Setting username. Null? false
07-23 08:50:41.343 26888 26900 I SyncAuthService: Setting Sync Key. Null? false
07-23 08:50:41.347 26888 26964 I SyncAdapter: Waiting on sync monitor.
07-23 08:50:41.379 26888 26888 I SyncAdapter: AccountManagerCallback invoked.
07-23 08:50:41.379 26888 26888 D SyncAdapter: Username: lokeshmandvekar
07-23 08:50:41.379 26888 26888 D SyncAdapter: Server:   https://auth.services.mozilla.com/
07-23 08:50:41.379 26888 26888 D SyncAdapter: Password? true
07-23 08:50:41.379 26888 26888 D SyncAdapter: Key?      true
07-23 08:50:41.390 26888 26888 I SyncAdapter: Performing sync.
07-23 08:50:41.445 26888 26888 I GlobalSession: GlobalSession initialized with bundle Bundle[{upload=true}]
07-23 08:50:41.484 26888 26888 I SyncConfiguration: Set clusterURL from bundle: https://phx-sync128.services.mozilla.com/
07-23 08:50:41.484 26888 26888 I SyncConfiguration: Set syncID from bundle: SsvQEEWgXg7c
07-23 08:50:41.504 26888 26888 I SyncAdapter: Stage completed: idle
07-23 08:50:41.504 26888 26888 I GlobalSession: Running next stage checkPreconditions (org.mozilla.gecko.sync.stage.CheckPreconditionsStage@41303580)...
07-23 08:50:41.504 26888 26888 I SyncAdapter: Stage completed: checkPreconditions
07-23 08:50:41.504 26888 26888 I GlobalSession: Running next stage ensureClusterURL (org.mozilla.gecko.sync.stage.EnsureClusterURLStage@412ff6c0)...
07-23 08:50:41.504 26888 26888 I EnsureClusterURLStage: Cluster URL is already set and not stale. Continuing with sync.
07-23 08:50:41.504 26888 26888 I SyncAdapter: Stage completed: ensureClusterURL
07-23 08:50:41.504 26888 26888 I GlobalSession: Running next stage fetchInfoCollections (org.mozilla.gecko.sync.stage.FetchInfoCollectionsStage@4161b2f0)...
07-23 08:50:42.996 26888 26969 I InfoCollections: info/collections is {"history":1.3430461199E9,"adblockplus":1.34276294626E9,"bookmarks":1.34245357164E9,"prefs":1.34298531038E9,"passwords":1.342979136E9,"addons":1.34254255503E9,"crypto":1.32370693163E9,"meta":1.33648557571E9,"forms":1.34298154166E9,"clients":1.34300713619E9,"tabs":1.3430045809E9}
07-23 08:50:42.996 26888 26969 I FetchInfoCollStage: Got timestamps: 
07-23 08:50:42.996 26888 26969 I SyncAdapter: Stage completed: fetchInfoCollections
07-23 08:50:42.996 26888 26969 I GlobalSession: Running next stage fetchMetaGlobal (org.mozilla.gecko.sync.stage.FetchMetaGlobalStage@414053b8)...
07-23 08:50:42.996 26888 26969 I FetchMetaGlobalStage: Trying to use persisted meta/global for this session.
07-23 08:50:43.011 26888 26969 I MetaGlobal: meta/global is {"storageVersion":5,"engines":{"history":{"version":1,"syncID":"01-e95SthD5J"},"adblockplus":{"version":1,"syncID":"rGMG9HqQ8upG"},"bookmarks":{"version":2,"syncID":"DGxUQGK3Brjl"},"passwords":{"version":1,"syncID":"TSHU3rEev3hw"},"prefs":{"version":2,"syncID":"syRuG3i8nTfN"},"addons":{"version":1,"syncID":"EOfhOHDJ_kpO"},"forms":{"version":1,"syncID":"-CIEkGBGj2cs"},"clients":{"version":1,"syncID":"dMvGPkFS5Xgi"},"tabs":{"version":1,"syncID":"Gu-a_LMebMpU"}},"syncID":"SsvQEEWgXg7c"}
07-23 08:50:43.011 26888 26969 I FetchMetaGlobalStage: Using persisted meta/global for this session.
07-23 08:50:43.015 26888 26969 I SyncAdapter: Stage completed: fetchMetaGlobal
07-23 08:50:43.015 26888 26969 I GlobalSession: Running next stage ensureKeysStage (org.mozilla.gecko.sync.stage.EnsureCrypto5KeysStage@415d5bd0)...
07-23 08:50:43.015 26888 26969 I EnsureC5KeysStage: Trying to use persisted collection keys for this session.
07-23 08:50:43.031 26888 26969 I EnsureC5KeysStage: Using persisted collection keys for this session.
07-23 08:50:43.031 26888 26969 I SyncAdapter: Stage completed: ensureKeysStage
07-23 08:50:43.031 26888 26969 I GlobalSession: Running next stage syncClientsEngine (org.mozilla.gecko.sync.stage.SyncClientsEngineStage@415d5f18)...
07-23 08:50:43.554 26888 26969 I SyncClientsEngineStage: Local client GUID exists on server and was downloaded
07-23 08:50:43.589 26888 26890 D dalvikvm: GC_CONCURRENT freed 3166K, 22% free 12330K/15623K, paused 24ms+11ms
07-23 08:50:44.097 26888 26969 I SyncAdapter: Stage completed: syncClientsEngine
07-23 08:50:44.097 26888 26969 I GlobalSession: Running next stage syncTabs (org.mozilla.gecko.sync.stage.FennecTabsServerSyncStage@41401ca8)...
07-23 08:50:44.164 26888 26969 I SynchronizerSession: Starting A to B flow. Channel is org.mozilla.gecko.sync.synchronizer.RecordsChannel@415e7928
07-23 08:50:44.164 26888 26969 I RecordsChannel: Beginning source.
07-23 08:50:44.164 26888 26971 I RecordsChannel: Source session began. Beginning sink session.
07-23 08:50:44.164 26888 26972 I RecordsChannel: Sink session began. Beginning flow.
07-23 08:50:44.461 26888 26890 D dalvikvm: GC_CONCURRENT freed 1055K, 21% free 12377K/15623K, paused 2ms+10ms
07-23 08:50:44.476 26888 26895 I dalvikvm: Total arena pages for JIT: 11
07-23 08:50:44.480 26888 26895 I dalvikvm: Total arena pages for JIT: 12
07-23 08:50:44.480 26888 26895 I dalvikvm: Total arena pages for JIT: 13
07-23 08:50:44.480 26888 26895 I dalvikvm: Total arena pages for JIT: 14
07-23 08:50:44.480 26888 26895 I dalvikvm: Total arena pages for JIT: 15
07-23 08:50:44.480 26888 26895 I dalvikvm: Total arena pages for JIT: 16
07-23 08:50:44.480 26888 26895 I dalvikvm: Total arena pages for JIT: 17
07-23 08:50:44.535 26888 26895 I dalvikvm: Total arena pages for JIT: 18
07-23 08:50:44.687 26888 26890 D dalvikvm: GC_CONCURRENT freed 1088K, 21% free 12407K/15623K, paused 2ms+10ms
07-23 08:50:44.734 26888 26972 I RecordsChannel: onFetchCompleted. Stopping consumer once stores are done.
07-23 08:50:44.734 26888 26972 I RecordsChannel: Fetch timestamp is 1343047844690
07-23 08:50:44.734 26888 26969 I CRecordConsumer: Consumer is done. Processed 0 records.
07-23 08:50:45.515 26888 26922 I Gecko   : Compositor: Composite took 40 ms.
07-23 08:50:45.578 26888 26922 I Gecko   : Compositor: Composite took 30 ms.
07-23 08:50:45.699 26888 26922 I Gecko   : Compositor: Composite took 32 ms.
07-23 08:50:45.777 26888 26922 I Gecko   : Compositor: Composite took 30 ms.
07-23 08:50:45.992 26888 26922 I Gecko   : Compositor: Composite took 32 ms.
07-23 08:50:46.105 26888 26888 D GeckoPanZoomController: Finishing animation at ImmutableViewportMetrics v=(0.0,265.88925,480.0,955.8893) p=(0.0,0.0,483.0,8625.0) c=(0.0,0.0,322.0,5750.0) z=1.5
07-23 08:50:46.347 26888 26967 D class ch.boye.httpclientandroidlib.impl.conn.tsccm.ThreadSafeClientConnManager: Closing expired connections
07-23 08:50:46.347 26888 26967 D class ch.boye.httpclientandroidlib.impl.conn.tsccm.ConnPoolByRoute: Closing expired connections
07-23 08:50:46.679 26888 26922 I Gecko   : Compositor: Composite took 32 ms.
07-23 08:50:46.742 26888 26890 D dalvikvm: GC_CONCURRENT freed 1081K, 22% free 12336K/15623K, paused 5ms+14ms
07-23 08:50:48.879 26888 26973 I RecordsChannel: onStoreCompleted. Notifying delegate of onFlowCompleted. Fetch end is 1343047844690, store end is 1343047844738
07-23 08:50:48.882 26888 26973 I SynchronizerSession: First RecordsChannel onFlowCompleted.
07-23 08:50:48.882 26888 26973 I SynchronizerSession: Fetch end is 1343047844690. Store end is 1343047844738. Starting next.
07-23 08:50:48.882 26888 26973 I RecordsChannel: onFetchCompleted. Stopping consumer once stores are done.
07-23 08:50:48.882 26888 26973 I RecordsChannel: Fetch timestamp is 1343047848885
07-23 08:50:48.882 26888 26969 I CRecordConsumer: Consumer is done. Processed 0 records.
07-23 08:50:48.925 26888 26975 I RecordsChannel: onStoreCompleted. Notifying delegate of onFlowCompleted. Fetch end is 1343047848885, store end is 0
07-23 08:50:48.925 26888 26975 I SynchronizerSession: Second RecordsChannel onFlowCompleted.
07-23 08:50:48.929 26888 26975 I SynchronizerSession: Fetch end is 1343047848885. Store end is 0. Finishing.
07-23 08:50:48.929 26888 26975 I SynchronizerSession: onFinishSucceeded. Flows? true, true
07-23 08:50:48.929 26888 26975 I SynchronizerSession: onFinishSucceeded: bumping session A's timestamp to 1343047844690 or 0
07-23 08:50:48.929 26888 26975 D RepositorySessionBundle: Setting timestamp on RepositorySessionBundle to 1343047844690
07-23 08:50:48.929 26888 26975 I SynchronizerSession: Finishing session B.
07-23 08:50:48.929 26888 26972 I SynchronizerSession: onFinishSucceeded. Flows? true, true
07-23 08:50:48.929 26888 26972 I SynchronizerSession: onFinishSucceeded: bumping session B's timestamp to 1343047848885 or 1343047844738
07-23 08:50:48.933 26888 26972 D RepositorySessionBundle: Setting timestamp on RepositorySessionBundle to 1343047848885
07-23 08:50:48.933 26888 26972 I SynchronizerSession: Notifying delegate.onSynchronized.
07-23 08:50:48.933 26888 26972 D SyncDelSDelegate: Got onSynchronized.
07-23 08:50:48.933 26888 26972 D SyncDelSDelegate: Notifying SynchronizerDelegate.
07-23 08:50:48.937 26888 26975 I RepositorySession: Shutting down work queues.
07-23 08:50:48.945 26888 26975 I RepositorySession: Shutting down work queues.
07-23 08:50:48.961 26888 26972 I ServerSyncStage: Advancing session.
07-23 08:50:48.961 26888 26972 I SyncAdapter: Stage completed: syncTabs
07-23 08:50:48.961 26888 26972 I GlobalSession: Running next stage syncPasswords (org.mozilla.gecko.sync.stage.PasswordsServerSyncStage@413fa620)...
07-23 08:50:48.996   144   156 I ActivityManager: Start proc org.mozilla.firefox_beta.PasswordsProvider for content provider org.mozilla.firefox_beta/.db.PasswordsProvider: pid=26976 uid=10061 gids={3003, 1015, 1006}
07-23 08:50:49.152 26976 26976 I ActivityThread: Pub org.mozilla.firefox_beta.db.passwords: org.mozilla.firefox_beta.db.PasswordsProvider
07-23 08:50:49.152 26976 26976 D dalvikvm: Trying to load lib /data/data/org.mozilla.firefox_beta/lib/libmozglue.so 0x4130bdf8
07-23 08:50:49.156 26976 26976 D dalvikvm: Added shared lib /data/data/org.mozilla.firefox_beta/lib/libmozglue.so 0x4130bdf8
07-23 08:50:49.156 26976 26976 D dalvikvm: No JNI_OnLoad found in /data/data/org.mozilla.firefox_beta/lib/libmozglue.so 0x4130bdf8, skipping init
07-23 08:50:49.160 26888 26969 I SynchronizerSession: Starting A to B flow. Channel is org.mozilla.gecko.sync.synchronizer.RecordsChannel@4194c558
07-23 08:50:49.160 26888 26969 I RecordsChannel: Beginning source.
07-23 08:50:49.175 26888 26989 I RecordsChannel: Source session began. Beginning sink session.
07-23 08:50:49.175 26888 26990 I RecordsChannel: Sink session began. Beginning flow.
07-23 08:50:49.461 26888 26990 I RecordsChannel: onFetchCompleted. Stopping consumer once stores are done.
07-23 08:50:49.461 26888 26990 I RecordsChannel: Fetch timestamp is 1343047849710
07-23 08:50:49.464 26888 26969 I CRecordConsumer: Consumer is done. Processed 0 records.
07-23 08:50:49.468 26888 26991 I RecordsChannel: onStoreCompleted. Notifying delegate of onFlowCompleted. Fetch end is 1343047849710, store end is 1343047849469
07-23 08:50:49.468 26888 26991 I SynchronizerSession: First RecordsChannel onFlowCompleted.
07-23 08:50:49.468 26888 26991 I SynchronizerSession: Fetch end is 1343047849710. Store end is 1343047849469. Starting next.
07-23 08:50:49.480 26976 26987 D GeckoProfile: Found profile dir: /data/data/org.mozilla.firefox_beta/files/mozilla/r0zhquk7.default
07-23 08:50:49.488 26976 26987 D dalvikvm: Trying to load lib /data/data/org.mozilla.firefox_beta/lib/libmozglue.so 0x4130bdf8
07-23 08:50:49.488 26976 26987 D dalvikvm: Shared lib '/data/data/org.mozilla.firefox_beta/lib/libmozglue.so' already loaded in same CL 0x4130bdf8
07-23 08:50:49.488 26976 26987 E GeckoLibLoad: Load sqlite start
07-23 08:50:49.515 26976 26987 E GeckoLinker: /data/app/org.mozilla.firefox_beta-1.apk!/libmozsqlite3.so: Warning: relocation to NULL @0x00052db4
07-23 08:50:49.515 26976 26987 E GeckoLinker: /data/app/org.mozilla.firefox_beta-1.apk!/libmozsqlite3.so: Warning: relocation to NULL @0x00052cb0 for symbol "__cxa_begin_cleanup"
07-23 08:50:49.515 26976 26987 E GeckoLinker: /data/app/org.mozilla.firefox_beta-1.apk!/libmozsqlite3.so: Warning: relocation to NULL @0x00052d1c for symbol "__cxa_type_match"
07-23 08:50:49.515 26976 26987 E GeckoLibLoad: Load sqlite done
07-23 08:50:49.515 26976 26987 D dalvikvm: Trying to load lib /data/data/org.mozilla.firefox_beta/lib/libmozglue.so 0x4130bdf8
07-23 08:50:49.515 26976 26987 D dalvikvm: Shared lib '/data/data/org.mozilla.firefox_beta/lib/libmozglue.so' already loaded in same CL 0x4130bdf8
07-23 08:50:49.515 26976 26987 E GeckoLibLoad: Load nss start
07-23 08:50:49.558 26976 26987 E GeckoLinker: /data/app/org.mozilla.firefox_beta-1.apk!/libnspr4.so: Warning: relocation to NULL @0x00020de0
07-23 08:50:49.558 26976 26987 E GeckoLinker: /data/app/org.mozilla.firefox_beta-1.apk!/libnspr4.so: Warning: relocation to NULL @0x00020b98 for symbol "__cxa_begin_cleanup"
07-23 08:50:49.558 26976 26987 E GeckoLinker: /data/app/org.mozilla.firefox_beta-1.apk!/libnspr4.so: Warning: relocation to NULL @0x00020cb0 for symbol "__cxa_type_match"
07-23 08:50:49.562 26976 26987 E GeckoLibLoad: Load nss done
07-23 08:50:49.589 26888 26990 I RecordsChannel: onFetchCompleted. Stopping consumer once stores are done.
07-23 08:50:49.589 26888 26990 I RecordsChannel: Fetch timestamp is 1343047849471
07-23 08:50:49.589 26888 26969 I CRecordConsumer: Consumer is done. Processed 0 records.
07-23 08:50:49.593 26888 26994 I RecordsChannel: onStoreCompleted. Notifying delegate of onFlowCompleted. Fetch end is 1343047849471, store end is 0
07-23 08:50:49.593 26888 26994 I SynchronizerSession: Second RecordsChannel onFlowCompleted.
07-23 08:50:49.593 26888 26994 I SynchronizerSession: Fetch end is 1343047849471. Store end is 0. Finishing.
07-23 08:50:49.593 26888 26994 I SynchronizerSession: onFinishSucceeded. Flows? true, true
07-23 08:50:49.593 26888 26994 I SynchronizerSession: onFinishSucceeded: bumping session A's timestamp to 1343047849710 or 0
07-23 08:50:49.593 26888 26994 D RepositorySessionBundle: Setting timestamp on RepositorySessionBundle to 1343047849710
07-23 08:50:49.593 26888 26994 I SynchronizerSession: Finishing session B.
07-23 08:50:49.593 26888 26990 I SynchronizerSession: onFinishSucceeded. Flows? true, true
07-23 08:50:49.593 26888 26990 I SynchronizerSession: onFinishSucceeded: bumping session B's timestamp to 1343047849471 or 1343047849469
07-23 08:50:49.593 26888 26990 D RepositorySessionBundle: Setting timestamp on RepositorySessionBundle to 1343047849471
07-23 08:50:49.593 26888 26990 I SynchronizerSession: Notifying delegate.onSynchronized.
07-23 08:50:49.593 26888 26990 D SyncDelSDelegate: Got onSynchronized.
07-23 08:50:49.593 26888 26990 D SyncDelSDelegate: Notifying SynchronizerDelegate.
07-23 08:50:49.597 26888 26994 I RepositorySession: Shutting down work queues.
07-23 08:50:49.597 26888 26994 I RepositorySession: Shutting down work queues.
07-23 08:50:49.617 26888 26990 I ServerSyncStage: Advancing session.
07-23 08:50:49.617 26888 26990 I SyncAdapter: Stage completed: syncPasswords
07-23 08:50:49.617 26888 26990 I GlobalSession: Running next stage syncBookmarks (org.mozilla.gecko.sync.stage.AndroidBrowserBookmarksServerSyncStage@413fa4e8)...
07-23 08:50:49.625 26888 26969 I SynchronizerSession: Starting A to B flow. Channel is org.mozilla.gecko.sync.synchronizer.RecordsChannel@41571350
07-23 08:50:49.625 26888 26969 I RecordsChannel: Beginning source.
07-23 08:50:49.629 26888 26996 I RecordsChannel: Source session began. Beginning sink session.
07-23 08:50:49.644 26888 26996 I BrowserRepoSession: BEGIN: checking database.
07-23 08:50:49.648 26888 26996 I BrowserRepoSession: END: checking database.
07-23 08:50:49.648 26888 26997 I RecordsChannel: Sink session began. Beginning flow.
07-23 08:50:49.988 26888 26997 I RecordsChannel: onFetchCompleted. Stopping consumer once stores are done.
07-23 08:50:49.988 26888 26997 I RecordsChannel: Fetch timestamp is 1343047850170
07-23 08:50:49.988 26888 26969 I CRecordConsumer: Consumer is done. Processed 0 records.
07-23 08:50:49.996 26888 26998 I RecordsChannel: onStoreCompleted. Notifying delegate of onFlowCompleted. Fetch end is 1343047850170, store end is 1343047849998
07-23 08:50:49.996 26888 26998 I SynchronizerSession: First RecordsChannel onFlowCompleted.
07-23 08:50:50.000 26888 26998 I SynchronizerSession: Fetch end is 1343047850170. Store end is 1343047849998. Starting next.
07-23 08:50:50.000 26888 26998 I BrowserRepoSession: Running fetchSince(1343046118118).
07-23 08:50:50.004 26888 26997 I RecordsChannel: onFetchCompleted. Stopping consumer once stores are done.
07-23 08:50:50.004 26888 26997 I RecordsChannel: Fetch timestamp is 1343047850001
07-23 08:50:50.004 26888 26969 I CRecordConsumer: Consumer is done. Processed 0 records.
07-23 08:50:50.007 26888 26999 I RecordsChannel: onStoreCompleted. Notifying delegate of onFlowCompleted. Fetch end is 1343047850001, store end is 0
07-23 08:50:50.007 26888 26999 I SynchronizerSession: Second RecordsChannel onFlowCompleted.
07-23 08:50:50.007 26888 26999 I SynchronizerSession: Fetch end is 1343047850001. Store end is 0. Finishing.
07-23 08:50:50.007 26888 26999 I SynchronizerSession: onFinishSucceeded. Flows? true, true
07-23 08:50:50.007 26888 26999 I SynchronizerSession: onFinishSucceeded: bumping session A's timestamp to 1343047850170 or 0
07-23 08:50:50.007 26888 26999 D RepositorySessionBundle: Setting timestamp on RepositorySessionBundle to 1343047850170
07-23 08:50:50.007 26888 26999 I SynchronizerSession: Finishing session B.
07-23 08:50:50.007 26888 26997 I SynchronizerSession: onFinishSucceeded. Flows? true, true
07-23 08:50:50.007 26888 26997 I SynchronizerSession: onFinishSucceeded: bumping session B's timestamp to 1343047850001 or 1343047849998
07-23 08:50:50.007 26888 26997 D RepositorySessionBundle: Setting timestamp on RepositorySessionBundle to 1343047850001
07-23 08:50:50.007 26888 26997 I SynchronizerSession: Notifying delegate.onSynchronized.
07-23 08:50:50.007 26888 26997 D SyncDelSDelegate: Got onSynchronized.
07-23 08:50:50.007 26888 26997 D SyncDelSDelegate: Notifying SynchronizerDelegate.
07-23 08:50:50.015 26888 26999 I RepositorySession: Shutting down work queues.
07-23 08:50:50.015 26888 26999 I RepositorySession: Shutting down work queues.
07-23 08:50:50.035 26888 26997 I ServerSyncStage: Advancing session.
07-23 08:50:50.035 26888 26997 I SyncAdapter: Stage completed: syncBookmarks
07-23 08:50:50.035 26888 26997 I GlobalSession: Running next stage syncHistory (org.mozilla.gecko.sync.stage.AndroidBrowserHistoryServerSyncStage@413f8e70)...
07-23 08:50:50.039 26888 26890 D dalvikvm: GC_CONCURRENT freed 1019K, 21% free 12406K/15623K, paused 21ms+12ms
07-23 08:50:50.050 26888 27000 I SynchronizerSession: Starting A to B flow. Channel is org.mozilla.gecko.sync.synchronizer.RecordsChannel@418ff4a0
07-23 08:50:50.050 26888 27000 I RecordsChannel: Beginning source.
07-23 08:50:50.050 26888 27001 I RecordsChannel: Source session began. Beginning sink session.
07-23 08:50:50.703 26888 27001 I BrowserRepoSession: BEGIN: checking database.
07-23 08:50:50.707 26888 27001 I BrowserRepoSession: END: checking database.
07-23 08:50:50.711 26888 27002 I RecordsChannel: Sink session began. Beginning flow.
07-23 08:50:50.964 26888 27002 I RecordsChannel: onFetchCompleted. Stopping consumer once stores are done.
07-23 08:50:50.968 26888 27002 I RecordsChannel: Fetch timestamp is 1343047851210
07-23 08:50:50.972 26888 26969 I CRecordConsumer: Consumer is done. Processed 0 records.
07-23 08:50:50.996 26888 27003 I RecordsChannel: onStoreCompleted. Notifying delegate of onFlowCompleted. Fetch end is 1343047851210, store end is 1343047850982
07-23 08:50:50.996 26888 27003 I SynchronizerSession: First RecordsChannel onFlowCompleted.
07-23 08:50:51.000 26888 27003 I SynchronizerSession: Fetch end is 1343047851210. Store end is 1343047850982. Starting next.
07-23 08:50:51.000 26888 27003 I BrowserRepoSession: Running fetchSince(1343046119335).
07-23 08:50:51.074 26888 27002 D ABHistoryRepoSess: Adding visits for GUID F6bTmg009mmz
07-23 08:50:51.097 26888 27002 I RecordsChannel: onFetchCompleted. Stopping consumer once stores are done.
07-23 08:50:51.097 26888 27002 I RecordsChannel: Fetch timestamp is 1343047851001
07-23 08:50:51.101 26888 26969 I CRecordConsumer: Consumer is done. Processed 0 records.
07-23 08:50:51.101 26888 26969 I RecordUploadRunnable: Preparing record upload for 1 records (724 bytes).
07-23 08:50:51.175 26888 26902 I GeckoAppShell: Taking whole-screen screenshot, viewport: ImmutableViewportMetrics v=(0.0,265.88925,480.0,955.8893) p=(0.0,0.0,483.0,8625.0) c=(0.0,0.0,322.0,5750.0) z=1.5
07-23 08:50:51.351 26888 26967 D class ch.boye.httpclientandroidlib.impl.conn.tsccm.ThreadSafeClientConnManager: Closing expired connections
07-23 08:50:51.351 26888 26967 D class ch.boye.httpclientandroidlib.impl.conn.tsccm.ConnPoolByRoute: Closing expired connections
07-23 08:50:51.386 26888 27004 I RecordUploadRunnable: POST of 1 records done.
07-23 08:50:51.390 26888 27004 I RecordUploadRunnable: POST of 1 records handled.
07-23 08:50:51.390 26888 27004 I RecordsChannel: onStoreCompleted. Notifying delegate of onFlowCompleted. Fetch end is 1343047851001, store end is 1343047851670
07-23 08:50:51.390 26888 27004 I SynchronizerSession: Second RecordsChannel onFlowCompleted.
07-23 08:50:51.390 26888 27004 I SynchronizerSession: Fetch end is 1343047851001. Store end is 1343047851670. Finishing.
07-23 08:50:51.390 26888 27004 I SynchronizerSession: onFinishSucceeded. Flows? true, true
07-23 08:50:51.390 26888 27004 I SynchronizerSession: onFinishSucceeded: bumping session A's timestamp to 1343047851210 or 1343047851670
07-23 08:50:51.390 26888 27004 D RepositorySessionBundle: Setting timestamp on RepositorySessionBundle to 1343047851670
07-23 08:50:51.390 26888 27004 I SynchronizerSession: Finishing session B.
07-23 08:50:51.390 26888 27002 I SynchronizerSession: onFinishSucceeded. Flows? true, true
07-23 08:50:51.390 26888 27002 I SynchronizerSession: onFinishSucceeded: bumping session B's timestamp to 1343047851001 or 1343047850982
07-23 08:50:51.390 26888 27002 D RepositorySessionBundle: Setting timestamp on RepositorySessionBundle to 1343047851001
07-23 08:50:51.390 26888 27002 I SynchronizerSession: Notifying delegate.onSynchronized.
07-23 08:50:51.390 26888 27002 D SyncDelSDelegate: Got onSynchronized.
07-23 08:50:51.390 26888 27002 D SyncDelSDelegate: Notifying SynchronizerDelegate.
07-23 08:50:51.402 26888 27004 I RepositorySession: Shutting down work queues.
07-23 08:50:51.402 26888 27004 I RepositorySession: Shutting down work queues.
07-23 08:50:51.414 26888 27002 I ServerSyncStage: Advancing session.
07-23 08:50:51.414 26888 27002 I SyncAdapter: Stage completed: syncHistory
07-23 08:50:51.414 26888 27002 I GlobalSession: Running next stage syncFormHistory (org.mozilla.gecko.sync.stage.FormHistoryServerSyncStage@413f7c98)...
07-23 08:50:51.421 26888 27002 I SynchronizerSession: Starting A to B flow. Channel is org.mozilla.gecko.sync.synchronizer.RecordsChannel@415d9a40
07-23 08:50:51.421 26888 27002 I RecordsChannel: Beginning source.
07-23 08:50:51.433 26888 27005 I RecordsChannel: Source session began. Beginning sink session.
07-23 08:50:51.472 26888 26902 D dalvikvm: GC_FOR_ALLOC freed 717K, 22% free 12340K/15623K, paused 32ms
07-23 08:50:51.476 26888 26902 I dalvikvm-heap: Grow heap (frag case) to 14.120MB for 2097168-byte allocation
07-23 08:50:51.515 26888 26888 D dalvikvm: GC_FOR_ALLOC freed <1K, 8% free 14388K/15623K, paused 28ms
07-23 08:50:51.515 26888 27006 I RecordsChannel: Sink session began. Beginning flow.
07-23 08:50:51.613 26888 26922 I Gecko   : Compositor: Composite took 60 ms.
07-23 08:50:51.621 26888 26890 D dalvikvm: GC_CONCURRENT freed 46K, 8% free 14392K/15623K, paused 2ms+23ms
07-23 08:50:51.644 26888 26922 I Gecko   : Compositor: Composite took 32 ms.
07-23 08:50:51.746 26888 26922 I Gecko   : Compositor: Composite took 32 ms.
07-23 08:50:51.980 26888 26922 I Gecko   : Compositor: Composite took 31 ms.
07-23 08:50:52.000 26888 27006 I RecordsChannel: onFetchCompleted. Stopping consumer once stores are done.
07-23 08:50:52.004 26888 27006 I RecordsChannel: Fetch timestamp is 1343047852190
07-23 08:50:52.004 26888 26969 I CRecordConsumer: Consumer is done. Processed 0 records.
