07-19 05:29:14.044   144 15767 D dalvikvm: GC_EXPLICIT freed 634K, 23% free 18705K/24199K, paused 18ms+9ms
07-19 05:29:14.184 29922 29924 D dalvikvm: GC_CONCURRENT freed 227K, 4% free 9375K/9735K, paused 2ms+2ms
07-19 05:29:14.977 29922 29924 D dalvikvm: GC_CONCURRENT freed 158K, 3% free 9634K/9927K, paused 4ms+3ms
07-19 05:29:16.759 29906 29908 D dalvikvm: GC_CONCURRENT freed 211K, 4% free 10410K/10759K, paused 89ms+3ms
07-19 05:29:19.376 29906 29908 D dalvikvm: GC_CONCURRENT freed 268K, 4% free 10544K/10951K, paused 20ms+2ms
07-19 05:29:19.946 29906 29908 D dalvikvm: GC_CONCURRENT freed 333K, 5% free 10616K/11079K, paused 2ms+2ms
07-19 05:29:22.251   359   359 D dalvikvm: GC_EXPLICIT freed <1K, 6% free 9096K/9607K, paused 20ms+2ms
07-19 05:29:22.649   144   161 I ActivityManager: Start proc com.google.android.apps.googlevoice for service com.google.android.apps.googlevoice/.ShadowNumberRefreshService: pid=29948 uid=10054 gids={3003, 1015}
07-19 05:29:23.200   144   342 I ActivityManager: Process android.process.acore (pid 29922) has died.
07-19 05:29:23.278 29948 29950 D dalvikvm: GC_CONCURRENT freed 239K, 4% free 9293K/9607K, paused 16ms+43ms
07-19 05:29:23.341 29906 29908 D dalvikvm: GC_CONCURRENT freed 361K, 5% free 10708K/11207K, paused 3ms+3ms
07-19 05:29:23.356   144 14994 I ActivityManager: Start proc android.process.acore for content provider com.android.providers.contacts/.VoicemailContentProvider: pid=29964 uid=10000 gids={3003, 1015}
07-19 05:29:23.395 29964 29964 I ActivityThread: Pub call_log: com.android.providers.contacts.CallLogProvider
07-19 05:29:23.411 29964 29964 I ActivityThread: Pub com.android.voicemail: com.android.providers.contacts.VoicemailContentProvider
07-19 05:29:23.415 29964 29964 I ActivityThread: Pub user_dictionary: com.android.providers.userdictionary.UserDictionaryProvider
07-19 05:29:23.423 29964 29964 I ActivityThread: Pub com.android.social: com.android.providers.contacts.SocialProvider
07-19 05:29:23.423 29964 29964 I ActivityThread: Pub applications: com.android.providers.applications.ApplicationsProvider
07-19 05:29:23.513 29964 29966 D dalvikvm: GC_CONCURRENT freed 338K, 5% free 9145K/9607K, paused 2ms+1ms
07-19 05:29:23.517 29964 29964 I ActivityThread: Pub contacts;com.android.contacts: com.android.providers.contacts.ContactsProvider2
07-19 05:29:24.095 29948 29980 W System.err: com.google.android.apps.googlevoice.net.VoiceServiceException: Voice service failed [INVALID_AUTH_TOKEN]
07-19 05:29:24.095 29948 29980 W System.err: 	at com.google.android.apps.googlevoice.net.masf.MASFVoiceService.checkCredentials(MASFVoiceService.java:107)
07-19 05:29:24.099 29948 29980 W System.err: 	at com.google.android.apps.googlevoice.net.masf.MASFVoiceService.getAuthToken(MASFVoiceService.java:95)
07-19 05:29:24.099 29948 29980 W System.err: 	at com.google.android.apps.googlevoice.net.masf.MASFGetBackendInfoRpc.createRequestPayload(MASFGetBackendInfoRpc.java:34)
07-19 05:29:24.099 29948 29980 W System.err: 	at com.google.android.apps.googlevoice.net.masf.MASFApiRpc.requestSubmit(MASFApiRpc.java:160)
07-19 05:29:24.099 29948 29980 W System.err: 	at com.google.android.apps.googlevoice.net.masf.MASFApiRpc.run(MASFApiRpc.java:141)
07-19 05:29:24.099 29948 29980 W System.err: 	at com.googlex.common.task.AbstractTask.run(Unknown Source)
07-19 05:29:24.099 29948 29980 W System.err: 	at com.googlex.common.task.AbstractTask.runInternal(Unknown Source)
07-19 05:29:24.099 29948 29980 W System.err: 	at com.googlex.common.task.TaskRunner.run(Unknown Source)
07-19 05:29:24.099 29948 29980 W System.err: 	at com.googlex.common.lang.BaseThreadFactory$ThreadImpl.run(Unknown Source)
07-19 05:29:24.102 29948 29980 E GoogleVoice: ShadowNumberRefreshService: Failed to get backend info!
07-19 05:29:24.102 29948 29980 E GoogleVoice: com.google.android.apps.googlevoice.net.VoiceServiceException: Voice service failed [INVALID_AUTH_TOKEN]
07-19 05:29:24.102 29948 29980 E GoogleVoice: 	at com.google.android.apps.googlevoice.net.masf.MASFVoiceService.checkCredentials(MASFVoiceService.java:107)
07-19 05:29:24.102 29948 29980 E GoogleVoice: 	at com.google.android.apps.googlevoice.net.masf.MASFVoiceService.getAuthToken(MASFVoiceService.java:95)
07-19 05:29:24.102 29948 29980 E GoogleVoice: 	at com.google.android.apps.googlevoice.net.masf.MASFGetBackendInfoRpc.createRequestPayload(MASFGetBackendInfoRpc.java:34)
07-19 05:29:24.102 29948 29980 E GoogleVoice: 	at com.google.android.apps.googlevoice.net.masf.MASFApiRpc.requestSubmit(MASFApiRpc.java:160)
07-19 05:29:24.102 29948 29980 E GoogleVoice: 	at com.google.android.apps.googlevoice.net.masf.MASFApiRpc.run(MASFApiRpc.java:141)
07-19 05:29:24.102 29948 29980 E GoogleVoice: 	at com.googlex.common.task.AbstractTask.run(Unknown Source)
07-19 05:29:24.102 29948 29980 E GoogleVoice: 	at com.googlex.common.task.AbstractTask.runInternal(Unknown Source)
07-19 05:29:24.102 29948 29980 E GoogleVoice: 	at com.googlex.common.task.TaskRunner.run(Unknown Source)
07-19 05:29:24.102 29948 29980 E GoogleVoice: 	at com.googlex.common.lang.BaseThreadFactory$ThreadImpl.run(Unknown Source)
07-19 05:29:24.118 29964 29966 D dalvikvm: GC_CONCURRENT freed 207K, 4% free 9325K/9671K, paused 2ms+2ms
07-19 05:29:24.794 29964 29966 D dalvikvm: GC_CONCURRENT freed 217K, 4% free 9511K/9863K, paused 11ms+3ms
07-19 05:29:28.142 29964 29966 D dalvikvm: GC_CONCURRENT freed 281K, 5% free 9636K/10055K, paused 11ms+3ms
07-19 05:29:28.243  3217  3217 W ThumbnailCache: Low Memory: Freed 0 textures from compression queue, 0 from write queue, 0 from the pinned list, 0 from the cache.
07-19 05:29:28.294  3217  3217 D dalvikvm: GC_EXPLICIT freed 36K, 20% free 12146K/15111K, paused 3ms+5ms
07-19 05:29:33.302  3452  3452 D dalvikvm: GC_EXPLICIT freed <1K, 4% free 9238K/9543K, paused 30ms+2ms
07-19 05:29:38.337 28060 28060 D dalvikvm: GC_EXPLICIT freed 69K, 7% free 9814K/10503K, paused 33ms+3ms
07-19 05:29:43.446   144   160 D dalvikvm: GC_EXPLICIT freed 304K, 23% free 18670K/24199K, paused 53ms+7ms
07-19 05:29:48.321   346   346 D dalvikvm: GC_EXPLICIT freed 3K, 10% free 11911K/13191K, paused 40ms+3ms
07-19 05:29:53.290   435   435 D dalvikvm: GC_EXPLICIT freed <1K, 4% free 9033K/9347K, paused 20ms+2ms
07-19 05:29:58.313   321   321 D dalvikvm: GC_EXPLICIT freed <1K, 24% free 10155K/13191K, paused 20ms+3ms
07-19 05:29:59.966 28677 28678 D dalvikvm: GC_CONCURRENT freed 508K, 7% free 10397K/11079K, paused 2ms+7ms
07-19 05:29:59.989   144  1168 I ActivityManager: Start proc com.google.android.apps.maps:LocationFriendService for service com.google.android.apps.maps/com.google.googlenav.friend.reporting.LocationReceiverService: pid=29987 uid=10056 gids={3003, 1015}
07-19 05:30:00.165 29987 29989 D dalvikvm: GC_CONCURRENT freed 173K, 3% free 9359K/9607K, paused 3ms+4ms
07-19 05:30:00.501 29987 29989 D dalvikvm: GC_CONCURRENT freed 158K, 3% free 9659K/9927K, paused 19ms+2ms
07-19 05:30:00.954 29987 29989 D dalvikvm: GC_CONCURRENT freed 287K, 5% free 9837K/10247K, paused 10ms+3ms
07-19 05:30:01.040 29987 29994 I dalvikvm: Total arena pages for JIT: 11
07-19 05:30:01.040 29987 29994 I dalvikvm: Total arena pages for JIT: 12
07-19 05:30:01.040 29987 29994 I dalvikvm: Total arena pages for JIT: 13
07-19 05:30:01.044 29987 29994 I dalvikvm: Total arena pages for JIT: 14
07-19 05:30:01.044 29987 29994 I dalvikvm: Total arena pages for JIT: 15
07-19 05:30:01.044 29987 29994 I dalvikvm: Total arena pages for JIT: 16
07-19 05:30:01.044 29987 29994 I dalvikvm: Total arena pages for JIT: 17
07-19 05:30:01.188 29987 29989 D dalvikvm: GC_CONCURRENT freed 327K, 4% free 9965K/10375K, paused 2ms+2ms
07-19 05:30:05.325 13970 13970 D dalvikvm: GC_EXPLICIT freed <1K, 6% free 9760K/10375K, paused 23ms+3ms
07-19 05:30:10.306   215   215 D dalvikvm: GC_EXPLICIT freed 37K, 56% free 10153K/22727K, paused 22ms+3ms
07-19 05:30:13.126   144 13425 D CountryDetector: The first listener is added
07-19 05:30:13.224 29948 29950 D dalvikvm: GC_CONCURRENT freed 433K, 6% free 9398K/9927K, paused 6ms+3ms
07-19 05:30:13.224 29948 29957 W CursorWrapperInner: Cursor finalized without prior close()
07-19 05:30:13.224 29948 29957 W CursorWrapperInner: Cursor finalized without prior close()
07-19 05:30:13.224 29948 29957 W CursorWrapperInner: Cursor finalized without prior close()
07-19 05:30:13.380   144 14994 I ActivityManager: Process com.google.android.apps.maps:LocationFriendService (pid 29987) has died.
07-19 05:30:13.567 29948 29950 D dalvikvm: GC_CONCURRENT freed 296K, 5% free 9527K/9991K, paused 2ms+2ms
07-19 05:30:13.645 29964 29966 D dalvikvm: GC_CONCURRENT freed 439K, 6% free 9679K/10247K, paused 17ms+2ms
07-19 05:30:13.942 29964 29966 D dalvikvm: GC_CONCURRENT freed 302K, 5% free 9819K/10247K, paused 3ms+5ms
07-19 05:30:13.950 29948 30011 D dalvikvm: GC_FOR_ALLOC freed 142K, 5% free 9636K/10119K, paused 38ms
07-19 05:30:18.474 28677 28677 D dalvikvm: GC_EXPLICIT freed 23K, 7% free 10385K/11079K, paused 24ms+2ms
07-19 05:30:23.489 29187 29187 D dalvikvm: GC_EXPLICIT freed 228K, 4% free 9049K/9415K, paused 22ms+2ms
07-19 05:30:28.602 29701 29701 D dalvikvm: GC_EXPLICIT freed 99K, 6% free 9881K/10503K, paused 47ms+3ms
07-19 05:30:33.493 29722 29722 D dalvikvm: GC_EXPLICIT freed 45K, 6% free 10692K/11335K, paused 26ms+3ms
07-19 05:30:38.497 29274 29274 D dalvikvm: GC_EXPLICIT freed 227K, 4% free 9136K/9479K, paused 35ms+2ms
07-19 05:30:43.474 29792 29792 D dalvikvm: GC_EXPLICIT freed 42K, 4% free 9052K/9347K, paused 33ms+2ms
07-19 05:30:48.509 29831 29831 D dalvikvm: GC_EXPLICIT freed 98K, 4% free 10927K/11335K, paused 33ms+2ms
07-19 05:30:58.325 29906 29906 D dalvikvm: GC_EXPLICIT freed 309K, 7% free 10694K/11399K, paused 2ms+3ms
07-19 05:30:59.852   144  6618 I ActivityManager: Start proc com.google.android.apps.maps:LocationFriendService for service com.google.android.apps.maps/com.google.googlenav.friend.reporting.LocationReceiverService: pid=30016 uid=10056 gids={3003, 1015}
07-19 05:30:59.899   144   144 I ActivityManager: Process android.process.acore (pid 29964) has died.
07-19 05:30:59.899   144   144 D CountryDetector: No listener is left
07-19 05:31:00.020 30016 30019 D dalvikvm: GC_CONCURRENT freed 175K, 3% free 9356K/9607K, paused 3ms+6ms
07-19 05:31:00.454 30016 30019 D dalvikvm: GC_CONCURRENT freed 161K, 3% free 9659K/9927K, paused 16ms+2ms
07-19 05:31:01.005 30016 30019 D dalvikvm: GC_CONCURRENT freed 277K, 4% free 9839K/10247K, paused 2ms+3ms
07-19 05:31:01.114 30016 30023 I dalvikvm: Total arena pages for JIT: 11
07-19 05:31:01.118 30016 30023 I dalvikvm: Total arena pages for JIT: 12
07-19 05:31:01.118 30016 30023 I dalvikvm: Total arena pages for JIT: 13
07-19 05:31:01.122 30016 30023 I dalvikvm: Total arena pages for JIT: 14
07-19 05:31:01.122 30016 30023 I dalvikvm: Total arena pages for JIT: 15
07-19 05:31:01.122 30016 30023 I dalvikvm: Total arena pages for JIT: 16
07-19 05:31:01.122 30016 30023 I dalvikvm: Total arena pages for JIT: 17
07-19 05:31:01.313 30016 30019 D dalvikvm: GC_CONCURRENT freed 331K, 5% free 9971K/10439K, paused 2ms+2ms
07-19 05:31:04.778 29187 29200 I PhoneLab-: Service Running
07-19 05:31:04.860   144   342 I ActivityManager: Process com.google.android.apps.maps:LocationFriendService (pid 30016) has died.
07-19 05:31:04.919 29187 29200 I PhoneLab-LoggerService: app_37    1395  1     1432   980   c00f181c 400107b4 S logcat
07-19 05:31:04.919 29187 29200 I PhoneLab-LoggerService: Logcat pid from database 1395
07-19 05:31:04.919 29187 29200 I PhoneLab-LoggerService: Logcat process found 1395
07-19 05:31:04.919 29187 29200 I PhoneLab-LoggerService: Checking Threshold
07-19 05:31:04.923 29187 29200 I PhoneLab-LoggerService: Starting to rename files
07-19 05:31:04.923 29187 29200 I PhoneLab-LoggerService: Files found .. 2
07-19 05:31:04.923 29187 29200 I PhoneLab-LoggerService: File 1 log.out.1
07-19 05:31:04.931 29187 29200 I PhoneLab-LoggerService: Renamed successfully
07-19 05:31:09.958   359   359 D dalvikvm: GC_EXPLICIT freed <1K, 6% free 9096K/9607K, paused 25ms+3ms
07-19 05:31:14.919  3217  3217 W ThumbnailCache: Low Memory: Freed 0 textures from compression queue, 0 from write queue, 0 from the pinned list, 0 from the cache.
07-19 05:31:14.997  3217  3217 D dalvikvm: GC_EXPLICIT freed 263K, 20% free 12169K/15111K, paused 39ms+4ms
07-19 05:31:20.591   144   199 D DhcpInfoInternal: makeLinkProperties with empty dns2!
07-19 05:31:20.599   144   199 D DhcpInfoInternal: makeLinkProperties with empty dns2!
07-19 05:31:26.110  3452  3452 D dalvikvm: GC_EXPLICIT freed <1K, 4% free 9238K/9543K, paused 26ms+2ms
07-19 05:31:31.227   144   160 D dalvikvm: GC_EXPLICIT freed 343K, 23% free 18690K/24199K, paused 45ms+8ms
07-19 05:31:36.114   346   346 D dalvikvm: GC_EXPLICIT freed 5K, 10% free 11911K/13191K, paused 35ms+4ms
07-19 05:31:41.079   435   435 D dalvikvm: GC_EXPLICIT freed <1K, 4% free 9033K/9347K, paused 17ms+2ms
07-19 05:31:46.110   321   321 D dalvikvm: GC_EXPLICIT freed <1K, 24% free 10155K/13191K, paused 17ms+2ms
07-19 05:31:51.091 13970 13970 D dalvikvm: GC_EXPLICIT freed <1K, 6% free 9760K/10375K, paused 22ms+3ms
07-19 05:31:56.099   215   215 D dalvikvm: GC_EXPLICIT freed 25K, 56% free 10153K/22727K, paused 21ms+3ms
07-19 05:31:59.958   144 13425 I ActivityManager: Start proc com.google.android.apps.maps:LocationFriendService for service com.google.android.apps.maps/com.google.googlenav.friend.reporting.LocationReceiverService: pid=30059 uid=10056 gids={3003, 1015}
07-19 05:31:59.993    79    79 D dalvikvm: GC_EXPLICIT freed 38K, 4% free 9027K/9347K, paused 3ms+8ms
07-19 05:32:00.075    79    79 D dalvikvm: GC_EXPLICIT freed <1K, 4% free 9027K/9347K, paused 22ms+9ms
07-19 05:32:00.122    79    79 D dalvikvm: GC_EXPLICIT freed <1K, 4% free 9027K/9347K, paused 2ms+6ms
07-19 05:32:00.177 30059 30062 D dalvikvm: GC_CONCURRENT freed 178K, 3% free 9354K/9607K, paused 2ms+2ms
07-19 05:32:00.247 28677 28678 D dalvikvm: GC_CONCURRENT freed 495K, 7% free 10402K/11079K, paused 2ms+49ms
07-19 05:32:00.470 30059 30062 D dalvikvm: GC_CONCURRENT freed 169K, 3% free 9710K/9991K, paused 2ms+7ms
07-19 05:32:00.739 30059 30062 D dalvikvm: GC_CONCURRENT freed 286K, 4% free 9900K/10311K, paused 1ms+2ms
07-19 05:32:00.759   144   310 I ActivityManager: Process com.google.android.apps.maps (pid 29831) has died.
07-19 05:32:00.759   144   310 W ActivityManager: Scheduling restart of crashed service com.google.android.apps.maps/com.google.googlenav.prefetch.android.PrefetcherService in 5000ms
07-19 05:32:02.427   144 30080 I ActivityManager: Applications Memory Usage (kB):
07-19 05:32:02.427   144 30080 I ActivityManager: Uptime: 227231308 Realtime: 307190152
07-19 05:32:02.427   144 30080 I ActivityManager: Total PSS by OOM adjustment:
07-19 05:32:02.427   144 30080 I ActivityManager:     27789 kB: System
07-19 05:32:02.427   144 30080 I ActivityManager:                27789 kB: system (pid 144)
07-19 05:32:02.427   144 30080 I ActivityManager:     28746 kB: Persistent
07-19 05:32:02.427   144 30080 I ActivityManager:                13035 kB: com.android.systemui (pid 215)
07-19 05:32:02.427   144 30080 I ActivityManager:                11761 kB: com.android.phone (pid 346)
07-19 05:32:02.427   144 30080 I ActivityManager:                 3950 kB: com.android.nfc (pid 359)
07-19 05:32:02.427   144 30080 I ActivityManager:    104791 kB: Foreground
07-19 05:32:02.427   144 30080 I ActivityManager:                63318 kB: com.android.chrome (pid 3217)
07-19 05:32:02.427   144 30080 I ActivityManager:                41473 kB: com.android.chrome:sandboxed_process1 (pid 3452)
07-19 05:32:02.427   144 30080 I ActivityManager:     26306 kB: Visible
07-19 05:32:02.427   144 30080 I ActivityManager:                14594 kB: com.google.android.gsf.login (pid 13970)
07-19 05:32:02.427   144 30080 I ActivityManager:                 8871 kB: com.google.process.gapps (pid 28060)
07-19 05:32:02.427   144 30080 I ActivityManager:                 2841 kB: com.android.smspush (pid 435)
07-19 05:32:02.427   144 30080 I ActivityManager:      6699 kB: Perceptible
07-19 05:32:02.427   144 30080 I ActivityManager:                 6699 kB: com.klye.ime.latin (pid 321)
07-19 05:32:02.427   144 30080 I ActivityManager:     32597 kB: A Services
07-19 05:32:02.427   144 30080 I ActivityManager:                 9792 kB: com.facebook.katana (pid 29722)
07-19 05:32:02.427   144 30080 I ActivityManager:                 8398 kB: com.google.android.apps.maps:LocationFriendService (pid 30059)
07-19 05:32:02.427   144 30080 I ActivityManager:                 7232 kB: com.google.android.apps.googlevoice (pid 29948)
07-19 05:32:02.427   144 30080 I ActivityManager:                 7175 kB: com.google.android.apps.maps:NetworkLocationService (pid 28677)
07-19 05:32:02.427   144 30080 I ActivityManager:     24846 kB: B Services
07-19 05:32:02.427   144 30080 I ActivityManager:                 9053 kB: com.xabber.androiddev (pid 29906)
07-19 05:32:02.427   144 30080 I ActivityManager:                 6168 kB: com.whatsapp (pid 29701)
07-19 05:32:02.427   144 30080 I ActivityManager:                 3567 kB: com.apksoftware.compass (pid 29274)
07-19 05:32:02.427   144 30080 I ActivityManager:                 3245 kB: edu.buffalo.cse.phonelab.phonelabservices (pid 29187)
07-19 05:32:02.427   144 30080 I ActivityManager:                 2813 kB: com.android.sprintmenu (pid 29792)
07-19 05:32:02.427   144 30080 I ActivityManager: 
07-19 05:32:02.427   144 30080 I ActivityManager: Total PSS: 251774 kB
07-19 05:32:02.427   144 30080 I ActivityManager:   PID      Vss      Rss      Pss      Uss  cmdline
07-19 05:32:02.427   144 30080 I ActivityManager:  3217   86276K   86184K   63451K   57468K  com.android.chrome
07-19 05:32:02.427   144 30080 I ActivityManager:  3452   60292K   60188K   41524K   38056K  com.android.chrome:sandboxed_process1
07-19 05:32:02.427   144 30080 I ActivityManager:   144   43440K   43372K   27841K   26828K  system_server
07-19 05:32:02.427   144 30080 I ActivityManager: 13970   30376K   30296K   14664K   13756K  com.google.android.gsf.login
07-19 05:32:02.427   144 30080 I ActivityManager:   215   32292K   32076K   13083K    9080K  com.android.systemui
07-19 05:32:02.427   144 30080 I ActivityManager:    78   21120K   18120K   12233K    7092K  /system/bin/surfaceflinger
07-19 05:32:02.427   144 30080 I ActivityManager:   346   26800K   26728K   11810K   10964K  com.android.phone
07-19 05:32:02.427   144 30080 I ActivityManager: 29722   30388K   30284K    9843K    8104K  com.facebook.katana
07-19 05:32:02.427   144 30080 I ActivityManager: 29906   30416K   30324K    9101K    7020K  com.xabber.androiddev
07-19 05:32:02.427   144 30080 I ActivityManager: 28060   27572K   27484K    8919K    7688K  com.google.process.gapps
07-19 05:32:02.427   144 30080 I ActivityManager: 30059   29404K   29344K    8574K    6524K  com.google.android.apps.maps:LocationFriendService
07-19 05:32:02.427   144 30080 I ActivityManager: 29948   27816K   27752K    7280K    5632K  com.google.android.apps.googlevoice
07-19 05:32:02.427   144 30080 I ActivityManager: 28677   25988K   25928K    7224K    5896K  com.google.android.apps.maps:NetworkLocationService
07-19 05:32:02.427   144 30080 I ActivityManager:   321   21896K   21796K    6748K    5896K  com.klye.ime.latin
07-19 05:32:02.427   144 30080 I ActivityManager: 29701   26928K   26832K    6217K    4560K  com.whatsapp
07-19 05:32:02.427   144 30080 I ActivityManager:   359   19244K   19148K    3998K    3144K  com.android.nfc
07-19 05:32:02.427   144 30080 I ActivityManager: 29274   23520K   23420K    3614K    2240K  com.apksoftware.compass
07-19 05:32:02.427   144 30080 I ActivityManager: 29187   22684K   22584K    3294K    1980K  edu.buffalo.cse.phonelab.phonelabservices
07-19 05:32:02.427   144 30080 I ActivityManager:   435   18508K   18396K    2893K    1940K  com.android.smspush
07-19 05:32:02.427   144 30080 I ActivityManager: 29792   22364K   22260K    2863K    1492K  com.android.sprintmenu
07-19 05:32:02.427   144 30080 I ActivityManager:    79   18644K   18516K    2140K    1052K  zygote
07-19 05:32:02.427   144 30080 I ActivityManager:    81    2136K    2136K    1813K    1788K  /system/bin/mediaserver
07-19 05:32:02.427   144 30080 I ActivityManager:    80     956K     956K     878K     876K  /system/bin/drmserver
07-19 05:32:02.427   144 30080 I ActivityManager:  1395     984K     980K     845K     840K  logcat
07-19 05:32:02.427   144 30080 I ActivityManager:    77     964K     964K     684K     668K  /system/bin/rild
07-19 05:32:02.427   144 30080 I ActivityManager: 30081     792K     784K     663K     660K  procrank
07-19 05:32:02.427   144 30080 I ActivityManager:   275     684K     680K     524K     516K  /system/bin/wpa_supplicant
07-19 05:32:02.427   144 30080 I ActivityManager:    88     444K     444K     428K     428K  /sbin/adbd
07-19 05:32:02.427   144 30080 I ActivityManager: 29673     576K     572K     386K     372K  /system/bin/netd
07-19 05:32:02.427   144 30080 I ActivityManager:   292     332K     332K     300K     300K  /system/bin/bluetoothd
07-19 05:32:02.427   144 30080 I ActivityManager:    72     380K     376K     290K     284K  /system/bin/vold
07-19 05:32:02.427   144 30080 I ActivityManager:    86     432K     428K     282K     276K  /system/vendor/bin/gpsd
07-19 05:32:02.427   144 30080 I ActivityManager: 28597     352K     348K     198K     192K  /system/bin/dhcpcd
07-19 05:32:02.427   144 30080 I ActivityManager:    82     220K     212K     184K     184K  /system/bin/dbus-daemon
07-19 05:32:02.427   144 30080 I ActivityManager:    85     200K     192K     160K     160K  /system/bin/keystore
07-19 05:32:02.427   144 30080 I ActivityManager:     1     204K     204K     142K     104K  /init
07-19 05:32:02.427   144 30080 I ActivityManager:   203     168K     160K     128K     128K  /system/bin/brcm_patchram_plus
07-19 05:32:02.427   144 30080 I ActivityManager:    61     160K     160K     122K      84K  /sbin/ueventd
07-19 05:32:02.427   144 30080 I ActivityManager:    87     140K     136K     104K     104K  /system
07-19 05:32:02.442 30059 30062 D dalvikvm: GC_CONCURRENT freed 384K, 5% free 9950K/10439K, paused 2ms+12ms
07-19 05:32:05.829   144   161 I ActivityManager: Start proc com.google.android.apps.maps for service com.google.android.apps.maps/com.google.googlenav.prefetch.android.PrefetcherService: pid=30084 uid=10056 gids={3003, 1015}
07-19 05:32:05.872   359   359 D dalvikvm: GC_EXPLICIT freed <1K, 6% free 9096K/9607K, paused 2ms+16ms
07-19 05:32:05.962   144   144 D dalvikvm: GC_EXPLICIT freed 802K, 23% free 18661K/24199K, paused 3ms+8ms
07-19 05:32:06.059 30084 30087 D dalvikvm: GC_CONCURRENT freed 149K, 3% free 9382K/9607K, paused 2ms+2ms
07-19 05:32:06.118 30084 30084 I ActivityThread: Pub com.google.android.maps.SearchHistoryProvider: com.google.googlenav.provider.SearchHistoryProvider
07-19 05:32:06.138 30084 30084 I ActivityThread: Pub com.google.android.maps.SuggestionProvider: com.google.googlenav.suggest.android.SuggestContentProvider
07-19 05:32:06.149 30084 30084 I ActivityThread: Pub com.google.android.maps.LayerInfoProvider: com.google.googlenav.layer.LayerInfoProvider
07-19 05:32:06.157 30084 30084 I ActivityThread: Pub com.google.android.maps.TrafficAppWidgetProvider: com.google.googlenav.appwidget.traffic.TrafficAppWidgetProvider
07-19 05:32:06.157 30084 30084 I ActivityThread: Pub com.google.android.maps.LocalActivePlacesProvider: com.google.googlenav.provider.LocalActivePlacesProvider
07-19 05:32:06.157 30084 30084 I ActivityThread: Pub com.google.android.maps.StarredItemProvider: com.google.googlenav.provider.StarredItemProvider
07-19 05:32:06.259 28060 28072 D dalvikvm: GC_EXPLICIT freed 37K, 7% free 9844K/10503K, paused 8ms+8ms
07-19 05:32:06.321 30084 30087 D dalvikvm: GC_CONCURRENT freed 197K, 4% free 9680K/9991K, paused 2ms+2ms
07-19 05:32:06.395   144 15767 I ActivityManager: Process com.google.android.apps.maps:LocationFriendService (pid 30059) has died.
07-19 05:32:06.438 30084 30084 I ActivityThread: Pub com.google.android.maps.LocalSuggestionProvider: com.google.googlenav.provider.LocalSuggestionProvider
07-19 05:32:06.438 30084 30084 I ActivityThread: Pub com.google.android.maps.NavigationAvailabilityProvider: com.google.googlenav.provider.NavigationAvailabilityProvider
07-19 05:32:06.462 30084 30087 D dalvikvm: GC_CONCURRENT freed 257K, 4% free 9913K/10311K, paused 2ms+2ms
07-19 05:32:06.602 30084 30099 D dalvikvm: GC_FOR_ALLOC freed 105K, 4% free 9970K/10311K, paused 39ms
07-19 05:32:06.653 30084 30100 D dalvikvm: GC_FOR_ALLOC freed 10K, 4% free 10162K/10567K, paused 37ms
07-19 05:32:06.657 30084 30100 I dalvikvm-heap: Grow heap (frag case) to 10.192MB for 204816-byte allocation
07-19 05:32:06.708 30084 30084 D dalvikvm: GC_FOR_ALLOC freed 0K, 5% free 10363K/10823K, paused 40ms
07-19 05:32:06.770 30084 30109 D dalvikvm: GC_FOR_ALLOC freed 78K, 4% free 10439K/10823K, paused 18ms
07-19 05:32:06.806 30084 30110 D dalvikvm: GC_FOR_ALLOC freed 61K, 4% free 10653K/11079K, paused 18ms
07-19 05:32:11.841  3217  3217 W ThumbnailCache: Low Memory: Freed 0 textures from compression queue, 0 from write queue, 0 from the pinned list, 0 from the cache.
07-19 05:32:11.946  3217  3217 D dalvikvm: GC_EXPLICIT freed 25K, 20% free 12145K/15111K, paused 27ms+3ms
07-19 05:32:16.911  3452  3452 D dalvikvm: GC_EXPLICIT freed <1K, 4% free 9238K/9543K, paused 23ms+2ms
07-19 05:32:21.938 28060 28060 D dalvikvm: GC_EXPLICIT freed 33K, 7% free 9822K/10503K, paused 24ms+3ms
07-19 05:32:26.981   144   160 D dalvikvm: GC_EXPLICIT freed 55K, 23% free 18656K/24199K, paused 31ms+7ms
07-19 05:32:30.688 28060 30118 I EventLogService: Aggregate from 1342688550467 (log), 1342688550467 (data)
07-19 05:32:35.770   346   346 D dalvikvm: GC_EXPLICIT freed <1K, 10% free 11911K/13191K, paused 28ms+2ms
07-19 05:32:40.743   435   435 D dalvikvm: GC_EXPLICIT freed <1K, 4% free 9033K/9347K, paused 16ms+2ms
07-19 05:32:45.770   321   321 D dalvikvm: GC_EXPLICIT freed <1K, 24% free 10155K/13191K, paused 18ms+3ms
07-19 05:32:46.755 28060 28063 D dalvikvm: GC_CONCURRENT freed 227K, 5% free 9981K/10503K, paused 2ms+9ms
07-19 05:32:46.915   144   156 I ActivityManager: Start proc android.process.acore for content provider com.android.providers.contacts/.ContactsProvider2: pid=30120 uid=10000 gids={3003, 1015}
07-19 05:32:46.954 30120 30120 I ActivityThread: Pub call_log: com.android.providers.contacts.CallLogProvider
07-19 05:32:46.981 30120 30120 I ActivityThread: Pub com.android.voicemail: com.android.providers.contacts.VoicemailContentProvider
07-19 05:32:46.985 30120 30120 I ActivityThread: Pub user_dictionary: com.android.providers.userdictionary.UserDictionaryProvider
07-19 05:32:46.997 30120 30120 I ActivityThread: Pub com.android.social: com.android.providers.contacts.SocialProvider
07-19 05:32:47.001 30120 30120 I ActivityThread: Pub applications: com.android.providers.applications.ApplicationsProvider
07-19 05:32:47.083 30120 30120 I ActivityThread: Pub contacts;com.android.contacts: com.android.providers.contacts.ContactsProvider2
07-19 05:32:47.126 30120 30122 D dalvikvm: GC_CONCURRENT freed 346K, 5% free 9184K/9607K, paused 2ms+6ms
07-19 05:32:47.438 30120 30122 D dalvikvm: GC_CONCURRENT freed 227K, 4% free 9370K/9735K, paused 3ms+2ms
07-19 05:32:48.337 30120 30122 D dalvikvm: GC_CONCURRENT freed 191K, 4% free 9614K/9927K, paused 3ms+3ms
07-19 05:32:48.649   144   155 I ActivityManager: Process android.process.acore (pid 30120) has died.
07-19 05:32:53.735 13970 13970 D dalvikvm: GC_EXPLICIT freed <1K, 6% free 9760K/10375K, paused 23ms+3ms
07-19 05:32:59.989   144   390 I ActivityManager: Start proc com.google.android.apps.maps:LocationFriendService for service com.google.android.apps.maps/com.google.googlenav.friend.reporting.LocationReceiverService: pid=30138 uid=10056 gids={3003, 1015}
07-19 05:33:00.138 30138 30141 D dalvikvm: GC_CONCURRENT freed 158K, 3% free 9373K/9607K, paused 2ms+2ms
07-19 05:33:00.376 30138 30141 D dalvikvm: GC_CONCURRENT freed 165K, 3% free 9692K/9991K, paused 9ms+3ms
07-19 05:33:00.575 30138 30141 D dalvikvm: GC_CONCURRENT freed 324K, 5% free 9855K/10311K, paused 2ms+2ms
07-19 05:33:00.700 30138 30145 I dalvikvm: Total arena pages for JIT: 11
07-19 05:33:00.700 30138 30145 I dalvikvm: Total arena pages for JIT: 12
07-19 05:33:00.704 30138 30145 I dalvikvm: Total arena pages for JIT: 13
07-19 05:33:00.704 30138 30145 I dalvikvm: Total arena pages for JIT: 14
07-19 05:33:00.704 30138 30145 I dalvikvm: Total arena pages for JIT: 15
07-19 05:33:00.704 30138 30145 I dalvikvm: Total arena pages for JIT: 16
07-19 05:33:00.704 30138 30145 I dalvikvm: Total arena pages for JIT: 17
07-19 05:33:00.770 30138 30141 D dalvikvm: GC_CONCURRENT freed 434K, 5% free 10002K/10503K, paused 2ms+3ms
07-19 05:33:02.267 30138 30141 D dalvikvm: GC_CONCURRENT freed 499K, 6% free 10025K/10631K, paused 70ms+2ms
07-19 05:33:04.794 29187 29200 I PhoneLab-: Service Running
07-19 05:33:04.860   144   390 I ActivityManager: Process com.google.android.apps.maps:LocationFriendService (pid 30138) has died.
07-19 05:33:04.903 29187 29200 I PhoneLab-LoggerService: app_37    1395  1     1432   980   c00f181c 400107b4 S logcat
07-19 05:33:04.903 29187 29200 I PhoneLab-LoggerService: Logcat pid from database 1395
07-19 05:33:04.903 29187 29200 I PhoneLab-LoggerService: Logcat process found 1395
07-19 05:33:04.903 29187 29200 I PhoneLab-LoggerService: Checking Threshold
07-19 05:33:04.907 29187 29200 I PhoneLab-LoggerService: Starting to rename files
07-19 05:33:04.907 29187 29200 I PhoneLab-LoggerService: Files found .. 2
07-19 05:33:09.954   359   359 D dalvikvm: GC_EXPLICIT freed <1K, 6% free 9096K/9607K, paused 23ms+2ms
07-19 05:33:11.794 30167 30167 D dalvikvm: Late-enabling CheckJNI
07-19 05:33:11.794   144   161 I ActivityManager: Start proc com.chess for broadcast com.chess/.backend.AlarmReceiver: pid=30167 uid=10079 gids={3003, 1015}
07-19 05:33:11.966 30167 30169 D dalvikvm: GC_CONCURRENT freed 159K, 3% free 9372K/9607K, paused 2ms+2ms
07-19 05:33:12.099 30167 30181 D GetStringObjTask: retrieving from url = http://www.chess.com/api/get_move_status?id=5HHjW9WUGa%2Bcu1LUwnVJPxTIWxmEve4VdkRnRyg7b5Ch69JH2Z5aB%2B7eGuFw8K2uFx47KFsdE3JRdR3Mzv0PkZOj6eZ8N73BvxmEERrzXjMNRo80rkLyJAUTh0iqof4n
07-19 05:33:12.165   144  1167 I ActivityManager: Process com.chess (pid 30167) has died.
07-19 05:33:12.306 29673 30182 F libc    : Fatal signal 13 (SIGPIPE) at 0x000073e9 (code=0)
07-19 05:33:12.517 29673 30182 W DnsProxyListener: Error writing DNS result to client
07-19 05:33:12.517 29673 30182 W SocketClient: write error (Broken pipe)
07-19 05:33:12.716 29652 29652 I DEBUG   : debuggerd committing suicide to free the zombie!
07-19 05:33:12.809 30183 30183 I DEBUG   : debuggerd: Jun 28 2012 18:17:40
07-19 05:33:12.817   144   390 I ActivityManager: Process com.xabber.androiddev (pid 29906) has died.
07-19 05:33:12.817   144   390 W ActivityManager: Scheduling restart of crashed service com.xabber.androiddev/com.xabber.android.service.XMPPService in 5000ms
07-19 05:33:17.892 30184 30184 D dalvikvm: Late-enabling CheckJNI
07-19 05:33:17.899   144   161 I ActivityManager: Start proc com.xabber.androiddev for service com.xabber.androiddev/com.xabber.android.service.XMPPService: pid=30184 uid=10063 gids={3003, 1015}
07-19 05:33:17.911 30184 30184 I dalvikvm: Turning on JNI app bug workarounds for target SDK version 9...
07-19 05:33:17.931  3217  3217 W ThumbnailCache: Low Memory: Freed 0 textures from compression queue, 0 from write queue, 0 from the pinned list, 0 from the cache.
07-19 05:33:18.005  3217  3217 D dalvikvm: GC_EXPLICIT freed 1K, 20% free 12145K/15111K, paused 2ms+4ms
07-19 05:33:18.243 30184 30187 D dalvikvm: GC_CONCURRENT freed 210K, 3% free 9322K/9607K, paused 4ms+2ms
07-19 05:33:18.278 30184 30184 D dalvikvm: GC_FOR_ALLOC freed 313K, 5% free 9457K/9927K, paused 14ms
07-19 05:33:18.380 30184 30187 D dalvikvm: GC_CONCURRENT freed 127K, 3% free 9852K/10055K, paused 1ms+6ms
07-19 05:33:18.509 30184 30187 D dalvikvm: GC_CONCURRENT freed 290K, 4% free 10074K/10439K, paused 2ms+2ms
07-19 05:33:18.681 30184 30184 I com.xabber.android.service.XMPPService@4148bf90: onCreate
07-19 05:33:18.684 30184 30184 I com.xabber.android.data.Application@41352f70: onStart
07-19 05:33:18.724 30184 30187 D dalvikvm: GC_CONCURRENT freed 349K, 5% free 10176K/10631K, paused 2ms+3ms
07-19 05:33:18.724 30184 30198 I com.xabber.android.data.LogManager@41363730: onLoad
07-19 05:33:18.934   144   342 I ActivityManager: Start proc android.process.acore for content provider com.android.providers.contacts/.ContactsProvider2: pid=30200 uid=10000 gids={3003, 1015}
07-19 05:33:18.966 30200 30200 I ActivityThread: Pub call_log: com.android.providers.contacts.CallLogProvider
07-19 05:33:18.993 30200 30200 I ActivityThread: Pub com.android.voicemail: com.android.providers.contacts.VoicemailContentProvider
07-19 05:33:18.997 30200 30200 I ActivityThread: Pub user_dictionary: com.android.providers.userdictionary.UserDictionaryProvider
07-19 05:33:19.005 30200 30200 I ActivityThread: Pub com.android.social: com.android.providers.contacts.SocialProvider
07-19 05:33:19.009 30200 30200 I ActivityThread: Pub applications: com.android.providers.applications.ApplicationsProvider
07-19 05:33:19.102 30200 30202 D dalvikvm: GC_CONCURRENT freed 333K, 5% free 9146K/9607K, paused 2ms+2ms
07-19 05:33:19.102 30200 30200 I ActivityThread: Pub contacts;com.android.contacts: com.android.providers.contacts.ContactsProvider2
07-19 05:33:19.380 30200 30202 D dalvikvm: GC_CONCURRENT freed 194K, 4% free 9342K/9671K, paused 2ms+2ms
07-19 05:33:20.579   144  1167 I ActivityManager: Process com.google.android.apps.maps (pid 30084) has died.
07-19 05:33:20.579   144  1167 W ActivityManager: Scheduling restart of crashed service com.google.android.apps.maps/com.google.googlenav.prefetch.android.PrefetcherService in 5000ms
07-19 05:33:20.931 30200 30202 D dalvikvm: GC_CONCURRENT freed 185K, 4% free 9605K/9927K, paused 8ms+5ms
07-19 05:33:21.212 30184 30187 D dalvikvm: GC_CONCURRENT freed 207K, 4% free 10413K/10759K, paused 99ms+3ms
07-19 05:33:23.294 30184 30187 D dalvikvm: GC_CONCURRENT freed 279K, 4% free 10539K/10951K, paused 14ms+2ms
07-19 05:33:24.540 30184 30187 D dalvikvm: GC_CONCURRENT freed 337K, 5% free 10616K/11079K, paused 2ms+4ms
07-19 05:33:25.649   144   161 I ActivityManager: Start proc com.google.android.apps.maps for service com.google.android.apps.maps/com.google.googlenav.prefetch.android.PrefetcherService: pid=30226 uid=10056 gids={3003, 1015}
07-19 05:33:25.806 30226 30229 D dalvikvm: GC_CONCURRENT freed 164K, 3% free 9367K/9607K, paused 2ms+2ms
07-19 05:33:25.938 30226 30226 I ActivityThread: Pub com.google.android.maps.SearchHistoryProvider: com.google.googlenav.provider.SearchHistoryProvider
07-19 05:33:25.993 30226 30226 I ActivityThread: Pub com.google.android.maps.SuggestionProvider: com.google.googlenav.suggest.android.SuggestContentProvider
07-19 05:33:26.063 30226 30226 I ActivityThread: Pub com.google.android.maps.LayerInfoProvider: com.google.googlenav.layer.LayerInfoProvider
07-19 05:33:26.083 30226 30226 I ActivityThread: Pub com.google.android.maps.TrafficAppWidgetProvider: com.google.googlenav.appwidget.traffic.TrafficAppWidgetProvider
07-19 05:33:26.087 30226 30226 I ActivityThread: Pub com.google.android.maps.LocalActivePlacesProvider: com.google.googlenav.provider.LocalActivePlacesProvider
07-19 05:33:26.087 30226 30226 I ActivityThread: Pub com.google.android.maps.StarredItemProvider: com.google.googlenav.provider.StarredItemProvider
07-19 05:33:26.188 30226 30229 D dalvikvm: GC_CONCURRENT freed 147K, 3% free 9660K/9927K, paused 2ms+2ms
07-19 05:33:26.392 30226 30229 D dalvikvm: GC_CONCURRENT freed 234K, 4% free 9829K/10183K, paused 3ms+7ms
07-19 05:33:26.431 30226 30226 I ActivityThread: Pub com.google.android.maps.LocalSuggestionProvider: com.google.googlenav.provider.LocalSuggestionProvider
07-19 05:33:26.431 30226 30226 I ActivityThread: Pub com.google.android.maps.NavigationAvailabilityProvider: com.google.googlenav.provider.NavigationAvailabilityProvider
07-19 05:33:26.556 30226 30241 D dalvikvm: GC_FOR_ALLOC freed 164K, 3% free 9962K/10247K, paused 25ms
07-19 05:33:26.595 30226 30242 D dalvikvm: GC_FOR_ALLOC freed 12K, 4% free 10152K/10503K, paused 26ms
07-19 05:33:26.669 30226 30251 D dalvikvm: GC_FOR_ALLOC freed 86K, 3% free 10441K/10759K, paused 22ms
07-19 05:33:26.708 30226 30252 D dalvikvm: GC_FOR_ALLOC freed 62K, 4% free 10648K/11015K, paused 28ms
07-19 05:33:26.864 30226 30229 D dalvikvm: GC_CONCURRENT freed 136K, 3% free 10937K/11271K, paused 2ms+2ms
07-19 05:33:27.302 30184 30187 D dalvikvm: GC_CONCURRENT freed 359K, 5% free 10716K/11207K, paused 1ms+141ms
07-19 05:33:29.653 30200 30202 D dalvikvm: GC_CONCURRENT freed 557K, 7% free 9487K/10183K, paused 10ms+2ms
07-19 05:33:31.849  3452  3452 D dalvikvm: GC_EXPLICIT freed <1K, 4% free 9238K/9543K, paused 31ms+3ms
07-19 05:33:36.993   144   160 D dalvikvm: GC_EXPLICIT freed 485K, 23% free 18688K/24199K, paused 44ms+8ms
07-19 05:33:39.286   144   174 I ActivityManager: Start proc com.twitter.android for service com.twitter.android/.client.AppService: pid=30260 uid=10064 gids={3003, 1015}
07-19 05:33:39.298 30260 30260 I dalvikvm: Turning on JNI app bug workarounds for target SDK version 11...
07-19 05:33:39.317   144  1168 I ActivityManager: Process android.process.acore (pid 30200) has died.
07-19 05:33:39.423 30260 30260 I ActivityThread: Pub com.twitter.android.provider.GlobalDatabaseProvider: com.twitter.android.provider.GlobalDatabaseProvider
07-19 05:33:39.431 30260 30260 I ActivityThread: Pub com.twitter.android.provider.TwitterProvider: com.twitter.android.provider.TwitterProvider
07-19 05:33:39.528 30260 30263 D dalvikvm: GC_CONCURRENT freed 191K, 4% free 9301K/9607K, paused 10ms+4ms
07-19 05:33:39.868 30260 30263 D dalvikvm: GC_CONCURRENT freed 218K, 4% free 9510K/9863K, paused 6ms+2ms
07-19 05:33:40.013 30260 30263 D dalvikvm: GC_CONCURRENT freed 288K, 5% free 9633K/10055K, paused 1ms+2ms
07-19 05:33:40.138 30260 30263 D dalvikvm: GC_CONCURRENT freed 292K, 5% free 9759K/10183K, paused 2ms+2ms
07-19 05:33:40.267 30260 30263 D dalvikvm: GC_CONCURRENT freed 303K, 5% free 9885K/10311K, paused 2ms+2ms
07-19 05:33:40.407 30260 30263 D dalvikvm: GC_CONCURRENT freed 297K, 5% free 10014K/10439K, paused 1ms+2ms
07-19 05:33:40.532 30260 30263 D dalvikvm: GC_CONCURRENT freed 301K, 4% free 10146K/10567K, paused 2ms+3ms
07-19 05:33:40.669 30260 30263 D dalvikvm: GC_CONCURRENT freed 296K, 4% free 10273K/10695K, paused 2ms+2ms
07-19 05:33:40.868 30260 30263 D dalvikvm: GC_CONCURRENT freed 472K, 6% free 10221K/10823K, paused 2ms+3ms
07-19 05:33:41.001 30260 30263 D dalvikvm: GC_CONCURRENT freed 320K, 5% free 10298K/10823K, paused 2ms+3ms
07-19 05:33:41.134 30260 30263 D dalvikvm: GC_CONCURRENT freed 329K, 5% free 10371K/10823K, paused 2ms+3ms
07-19 05:33:41.298 30260 30263 D dalvikvm: GC_CONCURRENT freed 358K, 5% free 10469K/10951K, paused 3ms+2ms
07-19 05:33:41.419 30260 30263 D dalvikvm: GC_CONCURRENT freed 343K, 5% free 10551K/11015K, paused 1ms+2ms
07-19 05:33:41.548 30260 30263 D dalvikvm: GC_CONCURRENT freed 323K, 5% free 10631K/11079K, paused 2ms+3ms
07-19 05:33:41.677 30260 30263 D dalvikvm: GC_CONCURRENT freed 368K, 5% free 10719K/11207K, paused 2ms+2ms
07-19 05:33:41.813 30260 30263 D dalvikvm: GC_CONCURRENT freed 394K, 5% free 10811K/11335K, paused 2ms+2ms
07-19 05:33:43.153 30260 30263 D dalvikvm: GC_CONCURRENT freed 320K, 4% free 11014K/11463K, paused 2ms+3ms
07-19 05:33:44.431   346   346 D dalvikvm: GC_EXPLICIT freed <1K, 10% free 11911K/13191K, paused 9ms+3ms
07-19 05:33:44.899 30260 30263 D dalvikvm: GC_CONCURRENT freed 452K, 5% free 11140K/11719K, paused 2ms+4ms
07-19 05:33:45.462   144   199 D DhcpInfoInternal: makeLinkProperties with empty dns2!
07-19 05:33:45.466   144   199 D DhcpInfoInternal: makeLinkProperties with empty dns2!
07-19 05:33:45.591   144   144 I ActivityManager: Process com.twitter.android (pid 30260) has died.
07-19 05:33:50.868   435   435 D dalvikvm: GC_EXPLICIT freed <1K, 4% free 9033K/9347K, paused 19ms+2ms
07-19 05:33:55.876   321   321 D dalvikvm: GC_EXPLICIT freed <1K, 24% free 10155K/13191K, paused 25ms+2ms
07-19 05:34:00.200   144   388 I ActivityManager: Start proc com.google.android.apps.maps:LocationFriendService for service com.google.android.apps.maps/com.google.googlenav.friend.reporting.LocationReceiverService: pid=30298 uid=10056 gids={3003, 1015}
07-19 05:34:00.360 30298 30301 D dalvikvm: GC_CONCURRENT freed 173K, 3% free 9359K/9607K, paused 2ms+2ms
07-19 05:34:00.423 28677 28678 D dalvikvm: GC_CONCURRENT freed 508K, 7% free 10401K/11079K, paused 2ms+3ms
07-19 05:34:00.751 30298 30301 D dalvikvm: GC_CONCURRENT freed 161K, 3% free 9658K/9927K, paused 3ms+2ms
07-19 05:34:01.220 30298 30301 D dalvikvm: GC_CONCURRENT freed 277K, 5% free 9836K/10247K, paused 3ms+3ms
07-19 05:34:01.372   144   378 D dalvikvm: GC_EXPLICIT freed 189K, 23% free 18677K/24199K, paused 4ms+8ms
07-19 05:34:01.450 30298 30305 I dalvikvm: Total arena pages for JIT: 11
07-19 05:34:01.454 30298 30305 I dalvikvm: Total arena pages for JIT: 12
07-19 05:34:01.454 30298 30305 I dalvikvm: Total arena pages for JIT: 13
07-19 05:34:01.454 30298 30305 I dalvikvm: Total arena pages for JIT: 14
07-19 05:34:01.458 30298 30305 I dalvikvm: Total arena pages for JIT: 15
07-19 05:34:01.458 30298 30305 I dalvikvm: Total arena pages for JIT: 16
07-19 05:34:01.458 30298 30305 I dalvikvm: Total arena pages for JIT: 17
07-19 05:34:01.532   144   342 I ActivityManager: Process com.xabber.androiddev (pid 30184) has died.
07-19 05:34:01.532   144   342 W ActivityManager: Scheduling restart of crashed service com.xabber.androiddev/com.xabber.android.service.XMPPService in 20000ms
07-19 05:34:01.579 30298 30301 D dalvikvm: GC_CONCURRENT freed 334K, 5% free 9964K/10439K, paused 5ms+2ms
07-19 05:34:06.626 13970 13970 D dalvikvm: GC_EXPLICIT freed <1K, 6% free 9760K/10375K, paused 21ms+3ms
07-19 05:34:14.731   215   215 D dalvikvm: GC_EXPLICIT freed 47K, 56% free 10154K/22727K, paused 2ms+3ms
07-19 05:34:19.849 28060 28060 D dalvikvm: GC_EXPLICIT freed 166K, 6% free 9937K/10503K, paused 34ms+4ms
07-19 05:34:21.599 30321 30321 D dalvikvm: Late-enabling CheckJNI
07-19 05:34:21.599   144   161 I ActivityManager: Start proc com.xabber.androiddev for service com.xabber.androiddev/com.xabber.android.service.XMPPService: pid=30321 uid=10063 gids={3003, 1015}
07-19 05:34:21.606 30321 30321 I dalvikvm: Turning on JNI app bug workarounds for target SDK version 9...
07-19 05:34:21.864 30321 30324 D dalvikvm: GC_CONCURRENT freed 222K, 4% free 9307K/9607K, paused 4ms+5ms
07-19 05:34:21.911 30321 30321 D dalvikvm: GC_FOR_ALLOC freed 331K, 5% free 9473K/9927K, paused 14ms
07-19 05:34:22.028 30321 30324 D dalvikvm: GC_CONCURRENT freed 190K, 3% free 9854K/10119K, paused 1ms+3ms
07-19 05:34:22.149 30321 30324 D dalvikvm: GC_CONCURRENT freed 361K, 5% free 10066K/10503K, paused 1ms+2ms
07-19 05:34:22.290 30321 30321 I com.xabber.android.service.XMPPService@4136c5d8: onCreate
07-19 05:34:22.290 30321 30321 I com.xabber.android.data.Application@413574b0: onStart
07-19 05:34:22.302   144  6618 I ActivityManager: Process com.google.android.apps.maps:LocationFriendService (pid 30298) has died.
07-19 05:34:22.309 30321 30335 I com.xabber.android.data.LogManager@41362fa0: onLoad
07-19 05:34:22.434 30321 30324 D dalvikvm: GC_CONCURRENT freed 285K, 4% free 10208K/10631K, paused 2ms+3ms
07-19 05:34:22.524   144   378 I ActivityManager: Start proc android.process.acore for content provider com.android.providers.contacts/.ContactsProvider2: pid=30337 uid=10000 gids={3003, 1015}
07-19 05:34:22.575    79    79 D dalvikvm: GC_EXPLICIT freed 38K, 4% free 9027K/9347K, paused 3ms+7ms
07-19 05:34:22.583 30337 30337 I ActivityThread: Pub call_log: com.android.providers.contacts.CallLogProvider
07-19 05:34:22.602    79    79 D dalvikvm: GC_EXPLICIT freed <1K, 4% free 9027K/9347K, paused 2ms+2ms
07-19 05:34:22.634 30337 30337 I ActivityThread: Pub com.android.voicemail: com.android.providers.contacts.VoicemailContentProvider
07-19 05:34:22.634 30337 30337 I ActivityThread: Pub user_dictionary: com.android.providers.userdictionary.UserDictionaryProvider
07-19 05:34:22.645    79    79 D dalvikvm: GC_EXPLICIT freed <1K, 4% free 9027K/9347K, paused 2ms+5ms
07-19 05:34:22.649 30337 30337 I ActivityThread: Pub com.android.social: com.android.providers.contacts.SocialProvider
07-19 05:34:22.649 30337 30337 I ActivityThread: Pub applications: com.android.providers.applications.ApplicationsProvider
07-19 05:34:22.755 30337 30337 I ActivityThread: Pub contacts;com.android.contacts: com.android.providers.contacts.ContactsProvider2
07-19 05:34:22.767 30337 30339 D dalvikvm: GC_CONCURRENT freed 350K, 5% free 9187K/9607K, paused 3ms+2ms
07-19 05:34:23.044 30337 30339 D dalvikvm: GC_CONCURRENT freed 232K, 4% free 9378K/9735K, paused 2ms+2ms
07-19 05:34:23.849 30337 30339 D dalvikvm: GC_CONCURRENT freed 259K, 4% free 9532K/9927K, paused 7ms+2ms
07-19 05:34:24.372 30321 30324 D dalvikvm: GC_CONCURRENT freed 221K, 4% free 10401K/10759K, paused 8ms+3ms
07-19 05:34:26.809 30321 30324 D dalvikvm: GC_CONCURRENT freed 258K, 4% free 10560K/10951K, paused 5ms+2ms
07-19 05:34:27.345 30321 30324 D dalvikvm: GC_CONCURRENT freed 353K, 5% free 10661K/11143K, paused 2ms+2ms
07-19 05:34:29.782   359   359 D dalvikvm: GC_EXPLICIT freed <1K, 6% free 9096K/9607K, paused 23ms+2ms
07-19 05:34:29.845 30321 30324 D dalvikvm: GC_CONCURRENT freed 342K, 5% free 10854K/11335K, paused 2ms+3ms
07-19 05:34:34.751  3217  3217 W ThumbnailCache: Low Memory: Freed 0 textures from compression queue, 0 from write queue, 0 from the pinned list, 0 from the cache.
07-19 05:34:34.837  3217  3217 D dalvikvm: GC_EXPLICIT freed 1K, 20% free 12145K/15111K, paused 28ms+3ms
07-19 05:34:39.759  3452  3452 D dalvikvm: GC_EXPLICIT freed <1K, 4% free 9238K/9543K, paused 32ms+2ms
07-19 05:34:44.868 28060 28060 D dalvikvm: GC_EXPLICIT freed 42K, 6% free 9895K/10503K, paused 34ms+2ms
07-19 05:34:49.849   144   160 D dalvikvm: GC_EXPLICIT freed 194K, 23% free 18673K/24199K, paused 34ms+8ms
07-19 05:34:54.841   346   346 D dalvikvm: GC_EXPLICIT freed 1K, 10% free 11911K/13191K, paused 40ms+3ms
07-19 05:35:00.356   144   310 I ActivityManager: Start proc com.google.android.apps.maps:LocationFriendService for service com.google.android.apps.maps/com.google.googlenav.friend.reporting.LocationReceiverService: pid=30362 uid=10056 gids={3003, 1015}
07-19 05:35:00.501 30362 30364 D dalvikvm: GC_CONCURRENT freed 134K, 3% free 9330K/9543K, paused 2ms+1ms
07-19 05:35:00.759 30362 30364 D dalvikvm: GC_CONCURRENT freed 130K, 3% free 9608K/9863K, paused 3ms+7ms
07-19 05:35:00.794   144 14192 I ActivityManager: Process android.process.acore (pid 30337) has died.
07-19 05:35:01.263 30362 30364 D dalvikvm: GC_CONCURRENT freed 305K, 4% free 9842K/10247K, paused 2ms+7ms
07-19 05:35:01.493 30362 30364 D dalvikvm: GC_CONCURRENT freed 347K, 5% free 9966K/10439K, paused 1ms+3ms
07-19 05:35:04.786 29187 29200 I PhoneLab-: Service Running
07-19 05:35:04.923 29187 29200 I PhoneLab-LoggerService: app_37    1395  1     1432   980   c00f181c 400107b4 S logcat
07-19 05:35:04.923 29187 29200 I PhoneLab-LoggerService: Logcat pid from database 1395
07-19 05:35:04.923 29187 29200 I PhoneLab-LoggerService: Logcat process found 1395
07-19 05:35:04.923 29187 29200 I PhoneLab-LoggerService: Checking Threshold
07-19 05:35:04.927 29187 29200 I PhoneLab-LoggerService: Starting to rename files
07-19 05:35:04.927 29187 29200 I PhoneLab-LoggerService: Files found .. 2
07-19 05:35:05.892   435   435 D dalvikvm: GC_EXPLICIT freed <1K, 4% free 9033K/9347K, paused 20ms+2ms
07-19 05:35:10.911   321   321 D dalvikvm: GC_EXPLICIT freed <1K, 24% free 10155K/13191K, paused 22ms+3ms
07-19 05:35:15.899 13970 13970 D dalvikvm: GC_EXPLICIT freed <1K, 6% free 9760K/10375K, paused 23ms+3ms
07-19 05:35:20.884   215   215 D dalvikvm: GC_EXPLICIT freed 23K, 56% free 10153K/22727K, paused 22ms+4ms
07-19 05:35:25.852 28677 28677 D dalvikvm: GC_EXPLICIT freed 261K, 7% free 10394K/11079K, paused 2ms+4ms
07-19 05:35:30.872 29187 29187 D dalvikvm: GC_EXPLICIT freed 159K, 4% free 9050K/9415K, paused 2ms+3ms
07-19 05:35:35.950 29274 29274 D dalvikvm: GC_EXPLICIT freed 28K, 4% free 9135K/9479K, paused 19ms+2ms
07-19 05:35:40.985 29701 29701 D dalvikvm: GC_EXPLICIT freed 41K, 6% free 9882K/10503K, paused 27ms+3ms
07-19 05:35:45.946 29792 29792 D dalvikvm: GC_EXPLICIT freed 1K, 4% free 9051K/9347K, paused 26ms+2ms
07-19 05:35:51.001 29948 29948 D dalvikvm: GC_EXPLICIT freed 74K, 6% free 9667K/10183K, paused 23ms+3ms
07-19 05:35:56.048 29722 29722 D dalvikvm: GC_EXPLICIT freed 48K, 6% free 10692K/11335K, paused 39ms+2ms
07-19 05:36:00.294 30362 30367 I dalvikvm: Total arena pages for JIT: 11
07-19 05:36:00.294 30362 30367 I dalvikvm: Total arena pages for JIT: 12
07-19 05:36:00.294 30362 30367 I dalvikvm: Total arena pages for JIT: 13
07-19 05:36:00.294 30362 30367 I dalvikvm: Total arena pages for JIT: 14
07-19 05:36:00.294 30362 30367 I dalvikvm: Total arena pages for JIT: 15
07-19 05:36:00.294 30362 30367 I dalvikvm: Total arena pages for JIT: 16
07-19 05:36:00.294 30362 30367 I dalvikvm: Total arena pages for JIT: 17
07-19 05:36:00.329 30362 30367 I dalvikvm: Total arena pages for JIT: 18
07-19 05:36:00.423 30362 30364 D dalvikvm: GC_CONCURRENT freed 436K, 6% free 9930K/10503K, paused 13ms+2ms
07-19 05:36:05.259 30226 30226 D dalvikvm: GC_EXPLICIT freed 11K, 4% free 10926K/11271K, paused 23ms+2ms
07-19 05:36:10.274   144 12390 I ActivityManager: Process com.google.android.apps.maps:LocationFriendService (pid 30362) has died.
07-19 05:36:10.384   144   199 D DhcpInfoInternal: makeLinkProperties with empty dns2!
07-19 05:36:10.388   144   199 D DhcpInfoInternal: makeLinkProperties with empty dns2!
07-19 05:36:15.642   359   359 D dalvikvm: GC_EXPLICIT freed <1K, 6% free 9096K/9607K, paused 29ms+2ms
07-19 05:36:20.583  3217  3217 W ThumbnailCache: Low Memory: Freed 0 textures from compression queue, 0 from write queue, 0 from the pinned list, 0 from the cache.
07-19 05:36:20.669  3217  3217 D dalvikvm: GC_EXPLICIT freed 1K, 20% free 12145K/15111K, paused 29ms+4ms
07-19 05:36:25.661  3452  3452 D dalvikvm: GC_EXPLICIT freed <1K, 4% free 9238K/9543K, paused 8ms+3ms
07-19 05:36:30.724   144   160 D dalvikvm: GC_EXPLICIT freed 211K, 23% free 18681K/24199K, paused 30ms+8ms
07-19 05:36:35.669   346   346 D dalvikvm: GC_EXPLICIT freed 1K, 10% free 11911K/13191K, paused 12ms+2ms
07-19 05:36:40.673   435   435 D dalvikvm: GC_EXPLICIT freed <1K, 4% free 9033K/9347K, paused 41ms+2ms
07-19 05:36:45.700   321   321 D dalvikvm: GC_EXPLICIT freed <1K, 24% free 10155K/13191K, paused 23ms+2ms
07-19 05:36:50.696 13970 13970 D dalvikvm: GC_EXPLICIT freed <1K, 6% free 9760K/10375K, paused 22ms+3ms
07-19 05:36:55.692   215   215 D dalvikvm: GC_EXPLICIT freed 27K, 56% free 10153K/22727K, paused 22ms+3ms
07-19 05:37:00.376   144   156 I ActivityManager: Start proc com.google.android.apps.maps:LocationFriendService for service com.google.android.apps.maps/com.google.googlenav.friend.reporting.LocationReceiverService: pid=30407 uid=10056 gids={3003, 1015}
07-19 05:37:00.501 30407 30410 D dalvikvm: GC_CONCURRENT freed 156K, 3% free 9376K/9607K, paused 2ms+2ms
07-19 05:37:00.587 28677 28678 D dalvikvm: GC_CONCURRENT freed 500K, 7% free 10405K/11079K, paused 1ms+3ms
07-19 05:37:00.696 30407 30410 D dalvikvm: GC_CONCURRENT freed 192K, 3% free 9713K/9991K, paused 3ms+3ms
07-19 05:37:01.020 30407 30410 D dalvikvm: GC_CONCURRENT freed 333K, 5% free 9898K/10311K, paused 2ms+5ms
07-19 05:37:04.102   144 12390 I ActivityManager: Process com.google.android.apps.maps:LocationFriendService (pid 30407) has died.
07-19 05:37:04.774 29187 29200 I PhoneLab-: Service Running
07-19 05:37:05.274 29187 29200 I PhoneLab-LoggerService: app_37    1395  1     1432   980   c00f181c 400107b4 S logcat
07-19 05:37:05.278 29187 29200 I PhoneLab-LoggerService: Logcat pid from database 1395
07-19 05:37:05.286 29187 29200 I PhoneLab-LoggerService: Logcat process found 1395
07-19 05:37:05.290 29187 29200 I PhoneLab-LoggerService: Checking Threshold
07-19 05:37:05.313 29187 29200 I PhoneLab-LoggerService: Starting to rename files
07-19 05:37:05.325 29187 29200 I PhoneLab-LoggerService: Files found .. 2
07-19 05:37:05.688   144 30432 I ActivityManager: Applications Memory Usage (kB):
07-19 05:37:05.688   144 30432 I ActivityManager: Uptime: 227534645 Realtime: 307493489
07-19 05:37:05.688   144 30432 I ActivityManager: Total PSS by OOM adjustment:
07-19 05:37:05.688   144 30432 I ActivityManager:     27795 kB: System
07-19 05:37:05.688   144 30432 I ActivityManager:                27795 kB: system (pid 144)
07-19 05:37:05.688   144 30432 I ActivityManager:     28703 kB: Persistent
07-19 05:37:05.688   144 30432 I ActivityManager:                13032 kB: com.android.systemui (pid 215)
07-19 05:37:05.688   144 30432 I ActivityManager:                11759 kB: com.android.phone (pid 346)
07-19 05:37:05.688   144 30432 I ActivityManager:                 3912 kB: com.android.nfc (pid 359)
07-19 05:37:05.688   144 30432 I ActivityManager:    103938 kB: Foreground
07-19 05:37:05.688   144 30432 I ActivityManager:                62466 kB: com.android.chrome (pid 3217)
07-19 05:37:05.688   144 30432 I ActivityManager:                41472 kB: com.android.chrome:sandboxed_process1 (pid 3452)
07-19 05:37:05.688   144 30432 I ActivityManager:     26774 kB: Visible
07-19 05:37:05.688   144 30432 I ActivityManager:                14593 kB: com.google.android.gsf.login (pid 13970)
07-19 05:37:05.688   144 30432 I ActivityManager:                 9339 kB: com.google.process.gapps (pid 28060)
07-19 05:37:05.688   144 30432 I ActivityManager:                 2842 kB: com.android.smspush (pid 435)
07-19 05:37:05.688   144 30432 I ActivityManager:      6700 kB: Perceptible
07-19 05:37:05.688   144 30432 I ActivityManager:                 6700 kB: com.klye.ime.latin (pid 321)
07-19 05:37:05.688   144 30432 I ActivityManager:     34814 kB: A Services
07-19 05:37:05.688   144 30432 I ActivityManager:                 9623 kB: com.xabber.androiddev (pid 30321)
07-19 05:37:05.688   144 30432 I ActivityManager:                 9497 kB: com.facebook.katana (pid 29722)
07-19 05:37:05.688   144 30432 I ActivityManager:                 8271 kB: com.google.android.apps.maps:NetworkLocationService (pid 28677)
07-19 05:37:05.688   144 30432 I ActivityManager:                 7423 kB: com.google.android.apps.maps (pid 30226)
07-19 05:37:05.688   144 30432 I ActivityManager:     20952 kB: B Services
07-19 05:37:05.688   144 30432 I ActivityManager:                 5994 kB: com.whatsapp (pid 29701)
07-19 05:37:05.688   144 30432 I ActivityManager:                 5490 kB: com.google.android.apps.googlevoice (pid 29948)
07-19 05:37:05.688   144 30432 I ActivityManager:                 3526 kB: com.apksoftware.compass (pid 29274)
07-19 05:37:05.688   144 30432 I ActivityManager:                 3165 kB: edu.buffalo.cse.phonelab.phonelabservices (pid 29187)
07-19 05:37:05.688   144 30432 I ActivityManager:                 2777 kB: com.android.sprintmenu (pid 29792)
07-19 05:37:05.688   144 30432 I ActivityManager: 
07-19 05:37:05.688   144 30432 I ActivityManager: Total PSS: 249676 kB
07-19 05:37:05.688   144 30432 I ActivityManager:   PID      Vss      Rss      Pss      Uss  cmdline
07-19 05:37:05.688   144 30432 I ActivityManager:  3217   85344K   85252K   62612K   56712K  com.android.chrome
07-19 05:37:05.688   144 30432 I ActivityManager:  3452   60292K   60188K   41522K   38056K  com.android.chrome:sandboxed_process1
07-19 05:37:05.688   144 30432 I ActivityManager:   144   43428K   43360K   27844K   26840K  system_server
07-19 05:37:05.688   144 30432 I ActivityManager: 13970   30376K   30296K   14663K   13756K  com.google.android.gsf.login
07-19 05:37:05.688   144 30432 I ActivityManager:   215   32272K   32056K   13082K    9048K  com.android.systemui
07-19 05:37:05.688   144 30432 I ActivityManager:    78   21120K   18120K   12233K    7092K  /system/bin/surfaceflinger
07-19 05:37:05.688   144 30432 I ActivityManager:   346   26788K   26716K   11807K   10964K  com.android.phone
07-19 05:37:05.688   144 30432 I ActivityManager: 30321   30784K   30724K    9673K    7556K  com.xabber.androiddev
07-19 05:37:05.688   144 30432 I ActivityManager: 29722   29676K   29572K    9548K    7968K  com.facebook.katana
07-19 05:37:05.688   144 30432 I ActivityManager: 28060   28584K   28496K    9389K    8044K  com.google.process.gapps
07-19 05:37:05.688   144 30432 I ActivityManager: 28677   27292K   27232K    8323K    6876K  com.google.android.apps.maps:NetworkLocationService
07-19 05:37:05.688   144 30432 I ActivityManager: 30226   28352K   28252K    7470K    5368K  com.google.android.apps.maps
07-19 05:37:05.688   144 30432 I ActivityManager:   321   21904K   21804K    6749K    5896K  com.klye.ime.latin
07-19 05:37:05.688   144 30432 I ActivityManager: 29701   26408K   26312K    6043K    4496K  com.whatsapp
07-19 05:37:05.688   144 30432 I ActivityManager: 29948   25896K   25800K    5536K    4000K  com.google.android.apps.googlevoice
07-19 05:37:05.688   144 30432 I ActivityManager:   359   19244K   19148K    3998K    3144K  com.android.nfc
07-19 05:37:05.688   144 30432 I ActivityManager: 29274   23320K   23220K    3577K    2236K  com.apksoftware.compass
07-19 05:37:05.688   144 30432 I ActivityManager: 29187   22460K   22360K    3217K    1940K  edu.buffalo.cse.phonelab.phonelabservices
07-19 05:37:05.688   144 30432 I ActivityManager:   435   18508K   18396K    2892K    1940K  com.android.smspush
07-19 05:37:05.688   144 30432 I ActivityManager: 29792   22176K   22072K    2826K    1496K  com.android.sprintmenu
07-19 05:37:05.688   144 30432 I ActivityManager:    79   18644K   18516K    2153K    1060K  zygote
07-19 05:37:05.688   144 30432 I ActivityManager:    81    2136K    2136K    1813K    1788K  /system/bin/mediaserver
07-19 05:37:05.688   144 30432 I ActivityManager:    80     956K     956K     878K     876K  /system/bin/drmserver
07-19 05:37:05.688   144 30432 I ActivityManager:  1395     984K     980K     845K     840K  logcat
07-19 05:37:05.688   144 30432 I ActivityManager:    77     964K     964K     684K     668K  /system/bin/rild
07-19 05:37:05.688   144 30432 I ActivityManager: 30434     804K     796K     635K     600K  procrank
07-19 05:37:05.688   144 30432 I ActivityManager:   275     684K     680K     524K     516K  /system/bin/wpa_supplicant
07-19 05:37:05.688   144 30432 I ActivityManager:    88     448K     448K     432K     432K  /sbin/adbd
07-19 05:37:05.688   144 30432 I ActivityManager: 29673     596K     596K     394K     372K  /system/bin/netd
07-19 05:37:05.688   144 30432 I ActivityManager:   292     332K     332K     300K     300K  /system/bin/bluetoothd
07-19 05:37:05.688   144 30432 I ActivityManager:    72     380K     376K     290K     284K  /system/bin/vold
07-19 05:37:05.688   144 30432 I ActivityManager:    86     432K     428K     282K     276K  /system/vendor/bin/gpsd
07-19 05:37:05.688   144 30432 I ActivityManager: 28597     352K     348K     198K     192K  /system/bin/dhcpcd
07-19 05:37:05.688   144 30432 I ActivityManager:    82     220K     212K     184K     184K  /system/bin/dbus-daemon
07-19 05:37:05.688   144 30432 I ActivityManager:    85     200K     192K     160K     160K  /system/bin/keystore
07-19 05:37:05.688   144 30432 I ActivityManager:     1     204K     204K     142K     104K  /init
07-19 05:37:05.688   144 30432 I ActivityManager:   203     168K     160K     128K     128K  /system/bin/brcm_patchram_plus
07-19 05:37:05.688   144 30432 I ActivityManager:    61     160K     160K     122K      84K  /sbin/ueventd
07-19 05:37:05.688   144 30432 I ActivityManager: 30183     268K     260K     116K      84K  /system/bin/debuggerd
07-19 05:37:05.688   144 30432 I ActivityManager:    87     140K     136K     1
07-19 05:37:09.212 28060 28060 D dalvikvm: GC_EXPLICIT freed 30K, 6% free 9920K/10503K, paused 26ms+4ms
07-19 05:37:14.212 30321 30321 D dalvikvm: GC_EXPLICIT freed 245K, 6% free 10694K/11335K, paused 27ms+2ms
07-19 05:37:19.192 28677 28677 D dalvikvm: GC_EXPLICIT freed 185K, 7% free 10404K/11079K, paused 22ms+3ms
07-19 05:37:24.204 29187 29187 D dalvikvm: GC_EXPLICIT freed 56K, 4% free 9048K/9415K, paused 20ms+2ms
07-19 05:37:29.212 29274 29274 D dalvikvm: GC_EXPLICIT freed 19K, 4% free 9127K/9479K, paused 19ms+2ms
07-19 05:37:34.224 29701 29701 D dalvikvm: GC_EXPLICIT freed 9K, 6% free 9877K/10503K, paused 25ms+3ms
07-19 05:37:39.196 29792 29792 D dalvikvm: GC_EXPLICIT freed <1K, 4% free 9051K/9347K, paused 20ms+2ms
07-19 05:37:44.196 29948 29948 D dalvikvm: GC_EXPLICIT freed 7K, 6% free 9659K/10183K, paused 34ms+3ms
07-19 05:37:49.192 29722 29722 D dalvikvm: GC_EXPLICIT freed 18K, 6% free 10692K/11335K, paused 2ms+3ms
07-19 05:37:49.270   144   156 I ActivityManager: Start proc android.process.acore for content provider com.android.providers.contacts/.ContactsProvider2: pid=30435 uid=10000 gids={3003, 1015}
07-19 05:37:49.317 30435 30435 I ActivityThread: Pub call_log: com.android.providers.contacts.CallLogProvider
07-19 05:37:49.376 30435 30435 I ActivityThread: Pub com.android.voicemail: com.android.providers.contacts.VoicemailContentProvider
07-19 05:37:49.380 30435 30435 I ActivityThread: Pub user_dictionary: com.android.providers.userdictionary.UserDictionaryProvider
07-19 05:37:49.419 30435 30435 I ActivityThread: Pub com.android.social: com.android.providers.contacts.SocialProvider
07-19 05:37:49.423 30435 30435 I ActivityThread: Pub applications: com.android.providers.applications.ApplicationsProvider
07-19 05:37:49.575 30435 30435 I ActivityThread: Pub contacts;com.android.contacts: com.android.providers.contacts.ContactsProvider2
07-19 05:37:49.618 30435 30437 D dalvikvm: GC_CONCURRENT freed 339K, 5% free 9192K/9607K, paused 4ms+2ms
07-19 05:37:49.872 30435 30437 D dalvikvm: GC_CONCURRENT freed 220K, 4% free 9381K/9735K, paused 4ms+2ms
07-19 05:37:50.770 30435 30437 D dalvikvm: GC_CONCURRENT freed 265K, 5% free 9527K/9927K, paused 18ms+3ms
07-19 05:37:53.177 30435 30437 D dalvikvm: GC_CONCURRENT freed 277K, 5% free 9641K/10055K, paused 10ms+7ms
07-19 05:37:54.185 30226 30226 D dalvikvm: GC_EXPLICIT freed <1K, 4% free 10925K/11271K, paused 4ms+3ms
07-19 05:38:00.536   144   317 I ActivityManager: Start proc com.google.android.apps.maps:LocationFriendService for service com.google.android.apps.maps/com.google.googlenav.friend.reporting.LocationReceiverService: pid=30453 uid=10056 gids={3003, 1015}
07-19 05:38:00.806 30453 30454 D dalvikvm: GC_CONCURRENT freed 161K, 3% free 9371K/9607K, paused 6ms+3ms
07-19 05:38:01.079 30453 30454 D dalvikvm: GC_CONCURRENT freed 180K, 3% free 9732K/9991K, paused 6ms+4ms
07-19 05:38:01.278 30453 30454 D dalvikvm: GC_CONCURRENT freed 370K, 5% free 9917K/10375K, paused 1ms+2ms
07-19 05:38:11.782 30476 30476 D dalvikvm: Late-enabling CheckJNI
07-19 05:38:11.782   144   161 I ActivityManager: Start proc com.chess for broadcast com.chess/.backend.AlarmReceiver: pid=30476 uid=10079 gids={3003, 1015}
07-19 05:38:11.938 30476 30478 D dalvikvm: GC_CONCURRENT freed 162K, 3% free 9370K/9607K, paused 2ms+2ms
07-19 05:38:12.192 30476 30490 D GetStringObjTask: retrieving from url = http://www.chess.com/api/get_move_status?id=5HHjW9WUGa%2Bcu1LUwnVJPxTIWxmEve4VdkRnRyg7b5Ch69JH2Z5aB%2B7eGuFw8K2uFx47KFsdE3JRdR3Mzv0PkZOj6eZ8N73BvxmEERrzXjMNRo80rkLyJAUTh0iqof4n
07-19 05:38:12.310   144 15767 I ActivityManager: Process android.process.acore (pid 30435) has died.
07-19 05:38:13.231 30476 30490 D GetStringObjTask: WebRequest SERVER RESPONSE: Success+0
07-19 05:38:34.708   144   390 I ActivityManager: Process com.google.android.apps.maps:LocationFriendService (pid 30453) has died.
07-19 05:38:35.306   144   199 D DhcpInfoInternal: makeLinkProperties with empty dns2!
07-19 05:38:35.313   144   199 D DhcpInfoInternal: makeLinkProperties with empty dns2!
07-19 05:38:45.251   144   174 I ActivityManager: Start proc com.twitter.android for service com.twitter.android/.client.AppService: pid=30511 uid=10064 gids={3003, 1015}
07-19 05:38:45.263 30511 30511 I dalvikvm: Turning on JNI app bug workarounds for target SDK version 11...
07-19 05:38:45.376 30511 30511 I ActivityThread: Pub com.twitter.android.provider.GlobalDatabaseProvider: com.twitter.android.provider.GlobalDatabaseProvider
07-19 05:38:45.388 30511 30511 I ActivityThread: Pub com.twitter.android.provider.TwitterProvider: com.twitter.android.provider.TwitterProvider
07-19 05:38:45.446 30511 30514 D dalvikvm: GC_CONCURRENT freed 213K, 4% free 9273K/9607K, paused 2ms+2ms
07-19 05:38:45.446   144  1167 I ActivityManager: Process com.chess (pid 30476) has died.
07-19 05:38:45.774 30511 30514 D dalvikvm: GC_CONCURRENT freed 166K, 4% free 9502K/9799K, paused 2ms+2ms
07-19 05:38:45.919 30511 30514 D dalvikvm: GC_CONCURRENT freed 295K, 5% free 9625K/10055K, paused 2ms+1ms
07-19 05:38:46.048 30511 30514 D dalvikvm: GC_CONCURRENT freed 298K, 5% free 9754K/10183K, paused 2ms+2ms
07-19 05:38:46.181 30511 30514 D dalvikvm: GC_CONCURRENT freed 304K, 5% free 9883K/10311K, paused 2ms+2ms
07-19 05:38:46.310 30511 30514 D dalvikvm: GC_CONCURRENT freed 302K, 5% free 10011K/10439K, paused 2ms+2ms
07-19 05:38:46.438 30511 30514 D dalvikvm: GC_CONCURRENT freed 299K, 5% free 10143K/10567K, paused 1ms+2ms
07-19 05:38:46.567 30511 30514 D dalvikvm: GC_CONCURRENT freed 294K, 4% free 10268K/10695K, paused 2ms+2ms
07-19 05:38:46.735 30511 30514 D dalvikvm: GC_CONCURRENT freed 475K, 6% free 10219K/10823K, paused 2ms+2ms
07-19 05:38:46.860 30511 30514 D dalvikvm: GC_CONCURRENT freed 324K, 5% free 10294K/10823K, paused 2ms+2ms
07-19 05:38:46.981 30511 30514 D dalvikvm: GC_CONCURRENT freed 328K, 5% free 10370K/10823K, paused 2ms+2ms
07-19 05:38:47.145 30511 30514 D dalvikvm: GC_CONCURRENT freed 354K, 5% free 10469K/10951K, paused 4ms+2ms
07-19 05:38:47.270 30511 30514 D dalvikvm: GC_CONCURRENT freed 338K, 5% free 10551K/11015K, paused 1ms+2ms
07-19 05:38:47.407 30511 30514 D dalvikvm: GC_CONCURRENT freed 320K, 4% free 10643K/11079K, paused 2ms+2ms
07-19 05:38:47.532 30511 30514 D dalvikvm: GC_CONCURRENT freed 369K, 5% free 10715K/11207K, paused 2ms+2ms
07-19 05:38:47.681 30511 30514 D dalvikvm: GC_CONCURRENT freed 398K, 5% free 10811K/11335K, paused 2ms+2ms
07-19 05:38:49.243 30511 30514 D dalvikvm: GC_CONCURRENT freed 325K, 4% free 11012K/11463K, paused 2ms+2ms
07-19 05:38:50.532   359   359 D dalvikvm: GC_EXPLICIT freed <1K, 6% free 9096K/9607K, paused 37ms+3ms
07-19 05:38:51.200 30511 30525 I DatabaseHelper: Begin cleanup.
07-19 05:38:51.294 30511 30514 D dalvikvm: GC_CONCURRENT freed 455K, 5% free 11166K/11719K, paused 2ms+3ms
07-19 05:38:51.645 30511 30525 I DatabaseHelper: Cleaned up: 0
07-19 05:38:51.829   144   378 D dalvikvm: GC_EXPLICIT freed 1152K, 23% free 18698K/24199K, paused 3ms+9ms
07-19 05:38:52.013   144   155 I ActivityManager: Process com.twitter.android (pid 30511) has died.
07-19 05:38:57.032  3217  3217 W ThumbnailCache: Low Memory: Freed 0 textures from compression queue, 0 from write queue, 0 from the pinned list, 0 from the cache.
07-19 05:38:57.126  3217  3217 D dalvikvm: GC_EXPLICIT freed 1K, 20% free 12145K/15111K, paused 30ms+4ms
07-19 05:39:00.567   144   390 I ActivityManager: Start proc com.google.android.apps.maps:LocationFriendService for service com.google.android.apps.maps/com.google.googlenav.friend.reporting.LocationReceiverService: pid=30532 uid=10056 gids={3003, 1015}
07-19 05:39:00.618 28677 28678 D dalvikvm: GC_CONCURRENT freed 498K, 7% free 10413K/11079K, paused 2ms+3ms
07-19 05:39:00.720 30532 30535 D dalvikvm: GC_CONCURRENT freed 168K, 3% free 9363K/9607K, paused 2ms+2ms
07-19 05:39:00.993 30532 30535 D dalvikvm: GC_CONCURRENT freed 133K, 3% free 9670K/9927K, paused 16ms+4ms
07-19 05:39:01.438 30532 30535 D dalvikvm: GC_CONCURRENT freed 324K, 5% free 9877K/10311K, paused 2ms+3ms
07-19 05:39:01.528 30532 30539 I dalvikvm: Total arena pages for JIT: 11
07-19 05:39:01.528 30532 30539 I dalvikvm: Total arena pages for JIT: 12
07-19 05:39:01.528 30532 30539 I dalvikvm: Total arena pages for JIT: 13
07-19 05:39:01.528 30532 30539 I dalvikvm: Total arena pages for JIT: 14
07-19 05:39:01.532 30532 30539 I dalvikvm: Total arena pages for JIT: 15
07-19 05:39:01.532 30532 30539 I dalvikvm: Total arena pages for JIT: 16
07-19 05:39:01.532 30532 30539 I dalvikvm: Total arena pages for JIT: 17
07-19 05:39:01.653 30532 30535 D dalvikvm: GC_CONCURRENT freed 370K, 5% free 9957K/10439K, paused 1ms+2ms
07-19 05:39:04.794 29187 29200 I PhoneLab-: Service Running
07-19 05:39:04.841   144   155 I ActivityManager: Process com.google.android.apps.maps:LocationFriendService (pid 30532) has died.
07-19 05:39:04.880 29187 29200 I PhoneLab-LoggerService: app_37    1395  1     1432   980   c00f181c 400107b4 S logcat
07-19 05:39:04.880 29187 29200 I PhoneLab-LoggerService: Logcat pid from database 1395
07-19 05:39:04.880 29187 29200 I PhoneLab-LoggerService: Logcat process found 1395
07-19 05:39:04.880 29187 29200 I PhoneLab-LoggerService: Checking Threshold
07-19 05:39:04.884 29187 29200 I PhoneLab-LoggerService: Starting to rename files
07-19 05:39:04.884 29187 29200 I PhoneLab-LoggerService: Files found .. 2
07-19 05:39:09.915  3452  3452 D dalvikvm: GC_EXPLICIT freed <1K, 4% free 9238K/9543K, paused 20ms+3ms
07-19 05:39:14.962 28060 28060 D dalvikvm: GC_EXPLICIT freed 162K, 6% free 9940K/10503K, paused 24ms+4ms
07-19 05:39:20.692   144   160 D dalvikvm: GC_EXPLICIT freed 141K, 23% free 18668K/24199K, paused 3ms+7ms
07-19 05:39:25.747   346   346 D dalvikvm: GC_EXPLICIT freed 4K, 10% free 11911K/13191K, paused 24ms+3ms
07-19 05:39:30.704   435   435 D dalvikvm: GC_EXPLICIT freed <1K, 4% free 9033K/9347K, paused 22ms+2ms
07-19 05:39:35.708   321   321 D dalvikvm: GC_EXPLICIT freed <1K, 24% free 10155K/13191K, paused 18ms+2ms
07-19 05:39:40.716 13970 13970 D dalvikvm: GC_EXPLICIT freed <1K, 6% free 9760K/10375K, paused 22ms+3ms
07-19 05:39:45.727   215   215 D dalvikvm: GC_EXPLICIT freed 50K, 56% free 10157K/22727K, paused 42ms+4ms
07-19 05:39:45.763   144   390 I ActivityManager: Start proc android.process.acore for content provider com.android.providers.contacts/.ContactsProvider2: pid=30556 uid=10000 gids={3003, 1015}
07-19 05:39:45.802 30556 30556 I ActivityThread: Pub call_log: com.android.providers.contacts.CallLogProvider
07-19 05:39:45.852 30556 30556 I ActivityThread: Pub com.android.voicemail: com.android.providers.contacts.VoicemailContentProvider
07-19 05:39:45.856 30556 30556 I ActivityThread: Pub user_dictionary: com.android.providers.userdictionary.UserDictionaryProvider
07-19 05:39:45.880 30556 30556 I ActivityThread: Pub com.android.social: com.android.providers.contacts.SocialProvider
07-19 05:39:45.880 30556 30556 I ActivityThread: Pub applications: com.android.providers.applications.ApplicationsProvider
07-19 05:39:46.032 30556 30559 D dalvikvm: GC_CONCURRENT freed 338K, 5% free 9146K/9607K, paused 2ms+2ms
07-19 05:39:46.040 30556 30556 I ActivityThread: Pub contacts;com.android.contacts: com.android.providers.contacts.ContactsProvider2
07-19 05:39:46.372 30556 30559 D dalvikvm: GC_CONCURRENT freed 198K, 4% free 9344K/9671K, paused 2ms+2ms
07-19 05:39:47.157   144 14192 I ActivityManager: Process android.process.acore (pid 30556) has died.
07-19 05:39:52.235   359   359 D dalvikvm: GC_EXPLICIT freed <1K, 6% free 9096K/9607K, paused 22ms+2ms
07-19 05:39:57.177  3217  3217 W ThumbnailCache: Low Memory: Freed 0 textures from compression queue, 0 from write queue, 0 from the pinned list, 0 from the cache.
07-19 05:39:57.247  3217  3217 D dalvikvm: GC_EXPLICIT freed 1K, 20% free 12145K/15111K, paused 25ms+3ms
07-19 05:40:00.602   144  1167 I ActivityManager: Start proc com.google.android.apps.maps:LocationFriendService for service com.google.android.apps.maps/com.google.googlenav.friend.reporting.LocationReceiverService: pid=30572 uid=10056 gids={3003, 1015}
07-19 05:40:00.767 30572 30575 D dalvikvm: GC_CONCURRENT freed 173K, 3% free 9358K/9607K, paused 2ms+2ms
07-19 05:40:01.044 30572 30575 D dalvikvm: GC_CONCURRENT freed 199K, 3% free 9715K/9991K, paused 16ms+4ms
07-19 05:40:01.352 30572 30575 D dalvikvm: GC_CONCURRENT freed 295K, 4% free 9853K/10247K, paused 4ms+4ms
07-19 05:40:01.427 30572 30579 I dalvikvm: Total arena pages for JIT: 11
07-19 05:40:01.427 30572 30579 I dalvikvm: Total arena pages for JIT: 12
07-19 05:40:01.431 30572 30579 I dalvikvm: Total arena pages for JIT: 13
07-19 05:40:01.431 30572 30579 I dalvikvm: Total arena pages for JIT: 14
07-19 05:40:01.431 30572 30579 I dalvikvm: Total arena pages for JIT: 15
07-19 05:40:01.431 30572 30579 I dalvikvm: Total arena pages for JIT: 16
07-19 05:40:01.431 30572 30579 I dalvikvm: Total arena pages for JIT: 17
07-19 05:40:01.560 30572 30575 D dalvikvm: GC_CONCURRENT freed 386K, 5% free 9946K/10439K, paused 2ms+6ms
07-19 05:40:01.790   144 14192 I ActivityManager: Process com.google.android.apps.maps:LocationFriendService (pid 30572) has died.
07-19 05:40:06.888  3452  3452 D dalvikvm: GC_EXPLICIT freed <1K, 4% free 9238K/9543K, paused 20ms+2ms
07-19 05:40:11.829 28060 28060 D dalvikvm: GC_EXPLICIT freed 77K, 6% free 9916K/10503K, paused 2ms+4ms
07-19 05:40:16.935   144   160 D dalvikvm: GC_EXPLICIT freed 213K, 23% free 18665K/24199K, paused 33ms+7ms
07-19 05:40:21.837   346   346 D dalvikvm: GC_EXPLICIT freed <1K, 10% free 11911K/13191K, paused 3ms+3ms
07-19 05:40:26.880   435   435 D dalvikvm: GC_EXPLICIT freed <1K, 4% free 9033K/9347K, paused 20ms+2ms
07-19 05:40:31.841   321   321 D dalvikvm: GC_EXPLICIT freed <1K, 24% free 10155K/13191K, paused 3ms+2ms
07-19 05:40:38.841 13970 13970 D dalvikvm: GC_EXPLICIT freed <1K, 6% free 9760K/10375K, paused 21ms+3ms
07-19 05:40:43.841   215   215 D dalvikvm: GC_EXPLICIT freed 22K, 56% free 10153K/22727K, paused 34ms+3ms
07-19 05:40:48.876 28677 28677 D dalvikvm: GC_EXPLICIT freed 269K, 7% free 10406K/11079K, paused 10ms+2ms
07-19 05:40:58.352 29187 29187 D dalvikvm: GC_EXPLICIT freed 53K, 4% free 9048K/9415K, paused 81ms+3ms
07-19 05:41:00.321   144   199 D DhcpInfoInternal: makeLinkProperties with empty dns2!
07-19 05:41:00.333   144   199 D DhcpInfoInternal: makeLinkProperties with empty dns2!
07-19 05:41:00.614   144   342 I ActivityManager: Start proc com.google.android.apps.maps:LocationFriendService for service com.google.android.apps.maps/com.google.googlenav.friend.reporting.LocationReceiverService: pid=30613 uid=10056 gids={3003, 1015}
07-19 05:41:00.747 30613 30616 D dalvikvm: GC_CONCURRENT freed 174K, 3% free 9357K/9607K, paused 2ms+2ms
07-19 05:41:00.942 30613 30616 D dalvikvm: GC_CONCURRENT freed 209K, 3% free 9706K/9991K, paused 2ms+3ms
07-19 05:41:01.130   144   390 I ActivityManager: Process com.whatsapp (pid 29701) has died.
07-19 05:41:01.134   144   390 W ActivityManager: Scheduling restart of crashed service com.whatsapp/.messaging.MessageService in 5000ms
07-19 05:41:01.157 30613 30616 D dalvikvm: GC_CONCURRENT freed 323K, 4% free 9908K/10311K, paused 21ms+3ms
07-19 05:41:04.767 29187 29200 I PhoneLab-: Service Running
07-19 05:41:04.856 29187 29200 I PhoneLab-LoggerService: app_37    1395  1     1432   980   c00f181c 400107b4 S logcat
07-19 05:41:04.856 29187 29200 I PhoneLab-LoggerService: Logcat pid from database 1395
07-19 05:41:04.856 29187 29200 I PhoneLab-LoggerService: Logcat process found 1395
07-19 05:41:04.856 29187 29200 I PhoneLab-LoggerService: Checking Threshold
07-19 05:41:04.856 29187 29200 I PhoneLab-LoggerService: Starting to rename files
07-19 05:41:04.856 29187 29200 I PhoneLab-LoggerService: Files found .. 2
07-19 05:41:06.196   144   161 I ActivityManager: Start proc com.whatsapp for service com.whatsapp/.messaging.MessageService: pid=30637 uid=10068 gids={1015, 3003}
07-19 05:41:06.220 30637 30637 I dalvikvm: Turning on JNI app bug workarounds for target SDK version 7...
07-19 05:41:06.235    79    79 D dalvikvm: GC_EXPLICIT freed 38K, 4% free 9027K/9347K, paused 2ms+3ms
07-19 05:41:06.267    79    79 D dalvikvm: GC_EXPLICIT freed <1K, 4% free 9027K/9347K, paused 6ms+3ms
07-19 05:41:06.310    79    79 D dalvikvm: GC_EXPLICIT freed <1K, 4% free 9027K/9347K, paused 2ms+5ms
07-19 05:41:06.403 30637 30639 D dalvikvm: GC_CONCURRENT freed 167K, 4% free 9301K/9607K, paused 2ms+2ms
07-19 05:41:06.821   144   390 I ActivityManager: Process com.google.android.apps.maps:LocationFriendService (pid 30613) has died.
07-19 05:41:07.040 30637 30639 D dalvikvm: GC_CONCURRENT freed 294K, 4% free 9554K/9927K, paused 4ms+3ms
07-19 05:41:07.317   144  1168 I ActivityManager: Start proc android.process.acore for content provider com.android.providers.contacts/.ContactsProvider2: pid=30657 uid=10000 gids={3003, 1015}
07-19 05:41:07.388 30657 30657 I ActivityThread: Pub call_log: com.android.providers.contacts.CallLogProvider
07-19 05:41:07.435 30657 30657 I ActivityThread: Pub com.android.voicemail: com.android.providers.contacts.VoicemailContentProvider
07-19 05:41:07.438 30657 30657 I ActivityThread: Pub user_dictionary: com.android.providers.userdictionary.UserDictionaryProvider
07-19 05:41:07.446 30657 30657 I ActivityThread: Pub com.android.social: com.android.providers.contacts.SocialProvider
07-19 05:41:07.450 30657 30657 I ActivityThread: Pub applications: com.android.providers.applications.ApplicationsProvider
07-19 05:41:07.474 30637 30637 I dalvikvm: Could not find method android.media.MediaMetadataRetriever.captureFrame, referenced from method com.whatsapp.q3.a
07-19 05:41:07.474 30637 30637 W dalvikvm: VFY: unable to resolve virtual method 502: Landroid/media/MediaMetadataRetriever;.captureFrame ()Landroid/graphics/Bitmap;
07-19 05:41:07.474 30637 30637 D dalvikvm: VFY: replacing opcode 0x6e at 0x0134
07-19 05:41:07.579 30657 30657 I ActivityThread: Pub contacts;com.android.contacts: com.android.providers.contacts.ContactsProvider2
07-19 05:41:07.708 30657 30660 D dalvikvm: GC_CONCURRENT freed 347K, 5% free 9184K/9607K, paused 2ms+12ms
07-19 05:41:07.731 30637 30639 D dalvikvm: GC_CONCURRENT freed 253K, 4% free 9851K/10183K, paused 5ms+13ms
07-19 05:41:07.880 30637 30639 D dalvikvm: GC_CONCURRENT freed 357K, 5% free 9970K/10439K, paused 2ms+3ms
07-19 05:41:07.923   144   342 I ActivityManager: Process com.google.android.apps.maps (pid 30226) has died.
07-19 05:41:07.927   144   342 W ActivityManager: Scheduling restart of crashed service com.google.android.apps.maps/com.google.googlenav.prefetch.android.PrefetcherService in 5000ms
07-19 05:41:08.966 30657 30660 D dalvikvm: GC_CONCURRENT freed 235K, 4% free 9376K/9735K, paused 49ms+2ms
07-19 05:41:09.915 30637 30639 D dalvikvm: GC_CONCURRENT freed 303K, 5% free 10144K/10567K, paused 2ms+7ms
07-19 05:41:10.395 30657 30660 D dalvikvm: GC_CONCURRENT freed 181K, 4% free 9612K/9927K, paused 61ms+5ms
07-19 05:41:12.997   144   161 I ActivityManager: Start proc com.google.android.apps.maps for service com.google.android.apps.maps/com.google.googlenav.prefetch.android.PrefetcherService: pid=30684 uid=10056 gids={3003, 1015}
07-19 05:41:13.099   359   359 D dalvikvm: GC_EXPLICIT freed <1K, 6% free 9096K/9607K, paused 2ms+4ms
07-19 05:41:13.173 30684 30685 D dalvikvm: GC_CONCURRENT freed 152K, 3% free 9380K/9607K, paused 2ms+2ms
07-19 05:41:13.247 30684 30684 I ActivityThread: Pub com.google.android.maps.SearchHistoryProvider: com.google.googlenav.provider.SearchHistoryProvider
07-19 05:41:13.294 30684 30684 I ActivityThread: Pub com.google.android.maps.SuggestionProvider: com.google.googlenav.suggest.android.SuggestContentProvider
07-19 05:41:13.325 30684 30684 I ActivityThread: Pub com.google.android.maps.LayerInfoProvider: com.google.googlenav.layer.LayerInfoProvider
07-19 05:41:13.345 30684 30684 I ActivityThread: Pub com.google.android.maps.TrafficAppWidgetProvider: com.google.googlenav.appwidget.traffic.TrafficAppWidgetProvider
07-19 05:41:13.352 30684 30684 I ActivityThread: Pub com.google.android.maps.LocalActivePlacesProvider: com.google.googlenav.provider.LocalActivePlacesProvider
07-19 05:41:13.356 30684 30684 I ActivityThread: Pub com.google.android.maps.StarredItemProvider: com.google.googlenav.provider.StarredItemProvider
07-19 05:41:13.477 30684 30685 D dalvikvm: GC_CONCURRENT freed 197K, 4% free 9682K/9991K, paused 6ms+2ms
07-19 05:41:13.540 28060 28072 D dalvikvm: GC_EXPLICIT freed 27K, 6% free 9919K/10503K, paused 8ms+3ms
07-19 05:41:13.864 30684 30684 I ActivityThread: Pub com.google.android.maps.LocalSuggestionProvider: com.google.googlenav.provider.LocalSuggestionProvider
07-19 05:41:13.864 30684 30684 I ActivityThread: Pub com.google.android.maps.NavigationAvailabilityProvider: com.google.googlenav.provider.NavigationAvailabilityProvider
07-19 05:41:13.876 30684 30685 D dalvikvm: GC_CONCURRENT freed 250K, 4% free 9930K/10311K, paused 8ms+3ms
07-19 05:41:14.063 30684 30700 D dalvikvm: GC_FOR_ALLOC freed 109K, 4% free 10156K/10567K, paused 18ms
07-19 05:41:14.063 30684 30700 I dalvikvm-heap: Grow heap (frag case) to 10.186MB for 204816-byte allocation
07-19 05:41:14.091 30684 30701 D dalvikvm: GC_FOR_ALLOC freed <1K, 5% free 10356K/10823K, paused 18ms
07-19 05:41:14.278 30684 30710 D dalvikvm: GC_FOR_ALLOC freed 155K, 4% free 10485K/10823K, paused 60ms
07-19 05:41:14.306   144  1167 I ActivityManager: Process android.process.acore (pid 30657) has died.
07-19 05:41:14.341 30684 30709 D dalvikvm: GC_FOR_ALLOC freed 64K, 4% free 10686K/11079K, paused 33ms
07-19 05:41:19.352  3217  3217 W ThumbnailCache: Low Memory: Freed 0 textures from compression queue, 0 from write queue, 0 from the pinned list, 0 from the cache.
07-19 05:41:19.438  3217  3217 D dalvikvm: GC_EXPLICIT freed 1K, 20% free 12145K/15111K, paused 28ms+3ms
07-19 05:41:24.423  3452  3452 D dalvikvm: GC_EXPLICIT freed <1K, 4% free 9238K/9543K, paused 22ms+2ms
07-19 05:41:30.899 28060 28060 D dalvikvm: GC_EXPLICIT freed 15K, 6% free 9909K/10503K, paused 2ms+4ms
07-19 05:41:35.989   144   160 D dalvikvm: GC_EXPLICIT freed 541K, 23% free 18687K/24199K, paused 19ms+8ms
07-19 05:41:40.950   346   346 D dalvikvm: GC_EXPLICIT freed 4K, 10% free 11911K/13191K, paused 27ms+2ms
07-19 05:41:45.938   435   435 D dalvikvm: GC_EXPLICIT freed <1K, 4% free 9033K/9347K, paused 35ms+2ms
07-19 05:41:50.962   321   321 D dalvikvm: GC_EXPLICIT freed <1K, 24% free 10155K/13191K, paused 16ms+3ms
07-19 05:41:55.935 13970 13970 D dalvikvm: GC_EXPLICIT freed <1K, 6% free 9760K/10375K, paused 13ms+3ms
07-19 05:42:00.759 28677 28678 D dalvikvm: GC_CONCURRENT freed 497K, 6% free 10420K/11079K, paused 2ms+3ms
07-19 05:42:00.770   144   317 I ActivityManager: Start proc com.google.android.apps.maps:LocationFriendService for service com.google.android.apps.maps/com.google.googlenav.friend.reporting.LocationReceiverService: pid=30717 uid=10056 gids={3003, 1015}
07-19 05:42:00.895 30717 30720 D dalvikvm: GC_CONCURRENT freed 158K, 3% free 9373K/9607K, paused 3ms+2ms
07-19 05:42:01.063 30717 30720 D dalvikvm: GC_CONCURRENT freed 162K, 3% free 9678K/9927K, paused 2ms+5ms
07-19 05:42:01.227   144   310 D dalvikvm: GC_EXPLICIT freed 89K, 23% free 18669K/24199K, paused 3ms+8ms
07-19 05:42:01.321 30717 30720 D dalvikvm: GC_CONCURRENT freed 284K, 4% free 9844K/10247K, paused 2ms+7ms
07-19 05:42:01.384 30717 30724 I dalvikvm: Total arena pages for JIT: 11
07-19 05:42:01.384 30717 30724 I dalvikvm: Total arena pages for JIT: 12
07-19 05:42:01.388 30717 30724 I dalvikvm: Total arena pages for JIT: 13
07-19 05:42:01.388 30717 30724 I dalvikvm: Total arena pages for JIT: 14
07-19 05:42:01.388 30717 30724 I dalvikvm: Total arena pages for JIT: 15
07-19 05:42:01.388 30717 30724 I dalvikvm: Total arena pages for JIT: 16
07-19 05:42:01.388 30717 30724 I dalvikvm: Total arena pages for JIT: 17
07-19 05:42:01.513 30717 30720 D dalvikvm: GC_CONCURRENT freed 322K, 4% free 9962K/10375K, paused 2ms+5ms
07-19 05:42:01.556   144   155 I ActivityManager: Process com.google.android.apps.maps:LocationFriendService (pid 30717) has died.
07-19 05:42:06.653   359   359 D dalvikvm: GC_EXPLICIT freed <1K, 6% free 9096K/9607K, paused 21ms+2ms
07-19 05:42:10.704   144   174 I ActivityManager: Start proc com.google.android.gm for service com.google.android.gm/.provider.MailIndexerService: pid=30740 uid=10075 gids={3003, 1015}
07-19 05:42:10.724   144   174 I ActivityManager: Start proc com.google.android.apps.plus for service com.google.android.apps.plus/.service.EsService: pid=30753 uid=10060 gids={3003, 3002, 1015, 1006}
07-19 05:42:10.966 30753 30756 D dalvikvm: GC_CONCURRENT freed 159K, 3% free 9373K/9607K, paused 2ms+2ms
07-19 05:42:10.997 30740 30740 I ActivityThread: Pub gmail-ls: com.google.android.gm.provider.MailProvider
07-19 05:42:11.036 30740 30740 I ActivityThread: Pub com.google.android.gm: com.google.android.gm.provider.PublicContentProvider
07-19 05:42:11.161 30740 30740 I ActivityThread: Pub com.google.android.gmail.SuggestionProvider: com.google.android.gm.SuggestionsProvider
07-19 05:42:11.165 30753 30753 I ActivityThread: Pub com.google.android.apps.plus.content.ApiProvider: com.google.android.apps.plus.content.EsApiProvider
07-19 05:42:11.208 30753 30753 I ActivityThread: Pub com.google.android.apps.plus.content.EsGooglePhotoProvider: com.google.android.picasasync.PicasaContentProvider
07-19 05:42:11.388 30753 30756 D dalvikvm: GC_CONCURRENT freed 335K, 5% free 9577K/9991K, paused 20ms+3ms
07-19 05:42:11.427 30753 30753 I ActivityThread: Pub com.google.android.apps.plus.content.EsPicasaStoreProvider: com.google.android.picasastore.PicasaPhotoContentProvider
07-19 05:42:11.481 30753 30753 I ActivityThread: Pub com.google.plus.platform: com.google.android.apps.plus.content.AdsProvider
07-19 05:42:11.481 30753 30753 I ActivityThread: Pub com.google.android.apps.plus.iu.EsGoogleIuProvider: com.google.android.apps.plus.iu.InstantUploadProvider
07-19 05:42:11.575 30753 30756 D dalvikvm: GC_CONCURRENT freed 500K, 6% free 9604K/10183K, paused 1ms+3ms
07-19 05:42:11.583 30753 30753 I ActivityThread: Pub com.google.android.apps.plus.content.EsProvider: com.google.android.apps.plus.content.EsProvider
07-19 05:42:11.583   144 15767 I ActivityManager: Start proc android.process.media for content provider com.android.providers.media/.MediaProvider: pid=30773 uid=10012 gids={1015, 1023, 1024, 2001, 3003, 3007}
07-19 05:42:11.649 30773 30773 I ActivityThread: Pub downloads: com.android.providers.downloads.DownloadProvider
07-19 05:42:11.692 30773 30773 I ActivityThread: Pub drm: com.android.providers.drm.DrmProvider
07-19 05:42:11.692 30773 30788 I DownloadManager: in removeSpuriousFiles
07-19 05:42:11.724 30773 30788 I DownloadManager: in removeSpuriousFiles, preserving file /data/data/com.android.providers.downloads/cache/metadata.json
07-19 05:42:11.724 30773 30788 I DownloadManager: in removeSpuriousFiles, preserving file /data/data/com.android.providers.downloads/cache/en_general.htm
07-19 05:42:11.724 30773 30788 I DownloadManager: in removeSpuriousFiles, preserving file /mnt/sdcard/Download/img-thing.jpeg
07-19 05:42:11.724 30773 30788 I DownloadManager: in removeSpuriousFiles, preserving file /data/data/com.android.providers.downloads/cache/metadata-1.json
07-19 05:42:11.724 30773 30788 I DownloadManager: in removeSpuriousFiles, preserving file /data/data/com.android.providers.downloads/cache/downloadfile.jpeg
07-19 05:42:11.724 30773 30788 I DownloadManager: in removeSpuriousFiles, preserving file /data/data/com.android.providers.downloads/cache/metadata-2.json
07-19 05:42:11.724 30773 30788 I DownloadManager: in removeSpuriousFiles, preserving file /data/data/com.android.providers.downloads/cache/metadata-3.json
07-19 05:42:11.724 30773 30788 I DownloadManager: in removeSpuriousFiles, preserving file /data/data/com.android.providers.downloads/cache/downloadfile-1.jpeg
07-19 05:42:11.724 30773 30788 I DownloadManager: in removeSpuriousFiles, preserving file /data/data/com.android.providers.downloads/cache/downloadfile-2.jpeg
07-19 05:42:11.724 30773 30788 I DownloadManager: in removeSpuriousFiles, preserving file /data/data/com.android.providers.downloads/cache/metadata-4.json
07-19 05:42:11.724 30773 30788 I DownloadManager: in removeSpuriousFiles, preserving file /data/data/com.android.providers.downloads/cache/metadata-5.json
07-19 05:42:11.724 30773 30788 I DownloadManager: in removeSpuriousFiles, preserving file /data/data/com.android.providers.downloads/cache/metadata-6.json
07-19 05:42:11.727 30773 30788 I DownloadManager: deleting spurious file /cache/backup
07-19 05:42:11.747 30773 30773 I ActivityThread: Pub media: com.android.providers.media.MediaProvider
07-19 05:42:11.892   144   390 I ActivityManager: Process com.xabber.androiddev (pid 30321) has died.
07-19 05:42:11.892   144   390 W ActivityManager: Scheduling restart of crashed service com.xabber.androiddev/com.xabber.android.service.XMPPService in 5000ms
07-19 05:42:11.946 30740 30743 D dalvikvm: GC_CONCURRENT freed 207K, 4% free 9257K/9543K, paused 169ms+2ms
07-19 05:42:12.110 30773 30776 D dalvikvm: GC_CONCURRENT freed 372K, 5% free 9159K/9607K, paused 2ms+8ms
07-19 05:42:12.704 30753 30791 D dalvikvm: GC_FOR_ALLOC freed 167K, 4% free 9853K/10247K, paused 693ms
07-19 05:42:12.962 30753 30772 D PicasaPhotoCP: set fsid first time:-1
07-19 05:42:13.044   144  1168 I ActivityManager: Process com.google.android.apps.maps (pid 30684) has died.
07-19 05:42:13.044   144  1168 W ActivityManager: Scheduling restart of crashed service com.google.android.apps.maps/com.google.googlenav.prefetch.android.PrefetcherService in 13846ms
07-19 05:42:13.825   144 30792 I ActivityManager: Applications Memory Usage (kB):
07-19 05:42:13.825   144 30792 I ActivityManager: Uptime: 227842485 Realtime: 307801329
07-19 05:42:13.825   144 30792 I ActivityManager: Total PSS by OOM adjustment:
07-19 05:42:13.825   144 30792 I ActivityManager:     27650 kB: System
07-19 05:42:13.825   144 30792 I ActivityManager:                27650 kB: system (pid 144)
07-19 05:42:13.825   144 30792 I ActivityManager:     28292 kB: Persistent
07-19 05:42:13.825   144 30792 I ActivityManager:                12735 kB: com.android.systemui (pid 215)
07-19 05:42:13.825   144 30792 I ActivityManager:                11682 kB: com.android.phone (pid 346)
07-19 05:42:13.825   144 30792 I ActivityManager:                 3875 kB: com.android.nfc (pid 359)
07-19 05:42:13.825   144 30792 I ActivityManager:    107589 kB: Foreground
07-19 05:42:13.825   144 30792 I ActivityManager:                62268 kB: com.android.chrome (pid 3217)
07-19 05:42:13.825   144 30792 I ActivityManager:                41390 kB: com.android.chrome:sandboxed_process1 (pid 3452)
07-19 05:42:13.825   144 30792 I ActivityManager:                 3931 kB: android.process.media (pid 30773)
07-19 05:42:13.825   144 30792 I ActivityManager:     26403 kB: Visible
07-19 05:42:13.825   144 30792 I ActivityManager:                14525 kB: com.google.android.gsf.login (pid 13970)
07-19 05:42:13.825   144 30792 I ActivityManager:                 9114 kB: com.google.process.gapps (pid 28060)
07-19 05:42:13.825   144 30792 I ActivityManager:                 2764 kB: com.android.smspush (pid 435)
07-19 05:42:13.825   144 30792 I ActivityManager:      6628 kB: Perceptible
07-19 05:42:13.825   144 30792 I ActivityManager:                 6628 kB: com.klye.ime.latin (pid 321)
07-19 05:42:13.825   144 30792 I ActivityManager:     38777 kB: A Services
07-19 05:42:13.825   144 30792 I ActivityManager:                 9197 kB: com.facebook.katana (pid 29722)
07-19 05:42:13.825   144 30792 I ActivityManager:                 9125 kB: com.google.android.apps.maps (pid 30684)
07-19 05:42:13.825   144 30792 I ActivityManager:                 7851 kB: com.google.android.apps.plus (pid 30753)
07-19 05:42:13.825   144 30792 I ActivityManager:                 7163 kB: com.google.android.apps.maps:NetworkLocationService (pid 28677)
07-19 05:42:13.825   144 30792 I ActivityManager:                 5441 kB: com.google.android.gm (pid 30740)
07-19 05:42:13.825   144 30792 I ActivityManager:     20596 kB: B Services
07-19 05:42:13.825   144 30792 I ActivityManager:                 6515 kB: com.whatsapp (pid 30637)
07-19 05:42:13.825   144 30792 I ActivityManager:                 5155 kB: com.google.android.apps.googlevoice (pid 29948)
07-19 05:42:13.825   144 30792 I ActivityManager:                 3340 kB: com.apksoftware.compass (pid 29274)
07-19 05:42:13.825   144 30792 I ActivityManager:                 2988 kB: edu.buffalo.cse.phonelab.phonelabservices (pid 29187)
07-19 05:42:13.825   144 30792 I ActivityManager:                 2598 kB: com.android.sprintmenu (pid 29792)
07-19 05:42:13.825   144 30792 I ActivityManager: 
07-19 05:42:13.825   144 30792 I ActivityManager: Total PSS: 255935 kB
07-19 05:42:13.825   144 30792 I ActivityManager:   PID      Vss      Rss      Pss      Uss  cmdline
07-19 05:42:13.825   144 30792 I ActivityManager:  3217   84952K   84860K   62442K   56628K  com.android.chrome
07-19 05:42:13.825   144 30792 I ActivityManager:  3452   60292K   60188K   41481K   38060K  com.android.chrome:sandboxed_process1
07-19 05:42:13.825   144 30792 I ActivityManager:   144   43372K   43304K   27756K   26772K  system_server
07-19 05:42:13.825   144 30792 I ActivityManager: 13970   30372K   30292K   14627K   13756K  com.google.android.gsf.login
07-19 05:42:13.825   144 30792 I ActivityManager:   215   32016K   31800K   12826K    8800K  com.android.systemui
07-19 05:42:13.825   144 30792 I ActivityManager:    78   21120K   18120K   12233K    7092K  /system/bin/surfaceflinger
07-19 05:42:13.825   144 30792 I ActivityManager:   346   26788K   26716K   11765K   10960K  com.android.phone
07-19 05:42:13.825   144 30792 I ActivityManager: 29722   29008K   28904K    9322K    7904K  com.facebook.katana
07-19 05:42:13.825   144 30792 I ActivityManager: 28060   28192K   28104K    9219K    7992K  com.google.process.gapps
07-19 05:42:13.825   144 30792 I ActivityManager: 30753   28156K   28080K    8003K    6408K  com.google.android.apps.plus
07-19 05:42:13.825   144 30792 I ActivityManager: 28677   25968K   25908K    7425K    6240K  com.google.android.apps.maps:NetworkLocationService
07-19 05:42:13.825   144 30792 I ActivityManager: 30637   27544K   27480K    6712K    4904K  com.whatsapp
07-19 05:42:13.825   144 30792 I ActivityManager:   321   21900K   21800K    6710K    5892K  com.klye.ime.latin
07-19 05:42:13.825   144 30792 I ActivityManager: 30740   26244K   26180K    5728K    4152K  com.google.android.gm
07-19 05:42:13.825   144 30792 I ActivityManager: 29948   25380K   25284K    5284K    3884K  com.google.android.apps.googlevoice
07-19 05:42:13.825   144 30792 I ActivityManager: 30773   25124K   25056K    4620K    3080K  android.process.media
07-19 05:42:13.825   144 30792 I ActivityManager:   359   19244K   19148K    3956K    3144K  com.android.nfc
07-19 05:42:13.825   144 30792 I ActivityManager: 29274   23104K   23004K    3472K    2240K  com.apksoftware.compass
07-19 05:42:13.825   144 30792 I ActivityManager: 29187   22256K   22156K    3103K    1924K  edu.buffalo.cse.phonelab.phonelabservices
07-19 05:42:13.825   144 30792 I ActivityManager:   435   18508K   18396K    2849K    1940K  com.android.smspush
07-19 05:42:13.825   144 30792 I ActivityManager: 29792   21952K   21848K    2715K    1496K  com.android.sprintmenu
07-19 05:42:13.825   144 30792 I ActivityManager:    79   18644K   18516K    2072K    1048K  zygote
07-19 05:42:13.825   144 30792 I ActivityManager:    81    2136K    2136K    1813K    1788K  /system/bin/mediaserver
07-19 05:42:13.825   144 30792 I ActivityManager:    80     956K     956K     878K     876K  /system/bin/drmserver
07-19 05:42:13.825   144 30792 I ActivityManager:  1395     984K     980K     845K     840K  logcat
07-19 05:42:13.825   144 30792 I ActivityManager:    77     964K     964K     683K     668K  /system/bin/rild
07-19 05:42:13.825   144 30792 I ActivityManager: 30796     808K     800K     679K     676K  procrank
07-19 05:42:13.825   144 30792 I ActivityManager:   275     684K     680K     524K     516K  /system/bin/wpa_supplicant
07-19 05:42:13.825   144 30792 I ActivityManager:    88     448K     448K     432K     432K  /sbin/adbd
07-19 05:42:13.825   144 30792 I ActivityManager: 29673     548K     548K     358K     344K  /system/bin/netd
07-19 05:42:13.825   144 30792 I ActivityManager:   292     332K     332K     300K     300K  /system/bin/bluetoothd
07-19 05:42:13.825   144 30792 I ActivityManager:    72     380K     376K     290K     284K  /system/bin/vold
07-19 05:42:13.825   144 30792 I ActivityManager:    86     432K     428K     282K     276K  /system/vendor/bin/gpsd
07-19 05:42:13.825   144 30792 I ActivityManager: 28597     340K     336K     185K     180K  /system/bin/dhcpcd
07-19 05:42:13.825   144 30792 I ActivityManager:    82     220K     212K     184K     184K  /system/bin/dbus-daemon
07-19 05:42:13.825   144 30792 I ActivityManager:    85     200K     192K     160K     160K  /system/bin/keystore
07-19 05:42:13.825   144 30792 I ActivityManager:     1     204K     204K     142K     104K  /init
07-19 05:42:13.825   144 30792 I ActivityManager:   203     168K     160K     128K   
07-19 05:42:14.001 30740 30779 I Gmail   : calculateUnknownSyncRationalesAndPurgeInBackground: queueing
07-19 05:42:14.009 30740 30779 I Gmail   : calculateUnknownSyncRationalesAndPurgeInBackground: queueing
07-19 05:42:14.036 30740 30779 I Gmail   : calculateUnknownSyncRationalesAndPurgeInBackground: running
07-19 05:42:14.036 30740 30779 I Gmail   : calculateUnknownSyncRationalesAndPurgeInBackground: running
07-19 05:42:14.095 30753 30756 D dalvikvm: GC_CONCURRENT freed 175K, 4% free 10126K/10439K, paused 2ms+2ms
07-19 05:42:14.200 30753 30756 D dalvikvm: GC_CONCURRENT freed 234K, 4% free 10325K/10695K, paused 2ms+2ms
07-19 05:42:14.255 30753 30789 D dalvikvm: GC_FOR_ALLOC freed 156K, 4% free 10452K/10823K, paused 23ms
07-19 05:42:14.282 30753 30789 D dalvikvm: GC_FOR_ALLOC freed 126K, 5% free 10580K/11079K, paused 19ms
07-19 05:42:14.310 30753 30789 D dalvikvm: GC_FOR_ALLOC freed 311K, 6% free 10573K/11143K, paused 19ms
07-19 05:42:14.333 30753 30789 D dalvikvm: GC_FOR_ALLOC freed 62K, 5% free 10636K/11143K, paused 20ms
07-19 05:42:14.352 30753 30789 D dalvikvm: GC_FOR_ALLOC freed 126K, 4% free 10764K/11143K, paused 19ms
07-19 05:42:14.380 30753 30789 D dalvikvm: GC_FOR_ALLOC freed 369K, 6% free 10820K/11463K, paused 20ms
07-19 05:42:14.403 30753 30789 D dalvikvm: GC_FOR_ALLOC freed 126K, 5% free 10948K/11463K, paused 20ms
07-19 05:42:14.536 30753 30756 D dalvikvm: GC_CONCURRENT freed 338K, 5% free 11179K/11655K, paused 2ms+2ms
07-19 05:42:14.669 30753 30756 D dalvikvm: GC_CONCURRENT freed 126K, 3% free 11649K/11911K, paused 2ms+2ms
07-19 05:42:14.915 30753 30756 D dalvikvm: GC_CONCURRENT freed 341K, 4% free 12172K/12615K, paused 2ms+1ms
07-19 05:42:15.118 30753 30756 D dalvikvm: GC_CONCURRENT freed 421K, 5% free 12697K/13255K, paused 2ms+2ms
07-19 05:42:15.313   144 14994 I ActivityManager: Process com.google.android.gm (pid 30740) has died.
07-19 05:42:15.501 30753 30790 I SqliteDatabaseCpp: sqlite returned: error code = 1, msg = no such column: wipeout_stats, db=/data/data/com.google.android.apps.plus/databases/es0.db
07-19 05:42:15.505 30753 30790 W System.err: android.database.sqlite.SQLiteException: no such column: wipeout_stats: , while compiling: SELECT wipeout_stats  FROM account_status
07-19 05:42:15.520 30753 30790 W System.err: 	at android.database.sqlite.SQLiteCompiledSql.native_compile(Native Method)
07-19 05:42:15.520 30753 30790 W System.err: 	at android.database.sqlite.SQLiteCompiledSql.<init>(SQLiteCompiledSql.java:68)
07-19 05:42:15.520 30753 30790 W System.err: 	at android.database.sqlite.SQLiteProgram.compileSql(SQLiteProgram.java:143)
07-19 05:42:15.520 30753 30790 W System.err: 	at android.database.sqlite.SQLiteProgram.compileAndbindAllArgs(SQLiteProgram.java:361)
07-19 05:42:15.520 30753 30790 W System.err: 	at android.database.sqlite.SQLiteStatement.acquireAndLock(SQLiteStatement.java:260)
07-19 05:42:15.520 30753 30790 W System.err: 	at android.database.sqlite.SQLiteStatement.simpleQueryForLong(SQLiteStatement.java:137)
07-19 05:42:15.520 30753 30790 W System.err: 	at android.database.DatabaseUtils.longForQuery(DatabaseUtils.java:791)
07-19 05:42:15.520 30753 30790 W System.err: 	at android.database.DatabaseUtils.longForQuery(DatabaseUtils.java:779)
07-19 05:42:15.520 30753 30790 W System.err: 	at com.google.android.apps.plus.content.EsAccountsData.isContactsStatsWipeoutNeeded(EsAccountsData.java:641)
07-19 05:42:15.520 30753 30790 W System.err: 	at com.google.android.apps.plus.service.EsService.processIntent(EsService.java:4246)
07-19 05:42:15.524 30753 30790 W System.err: 	at com.google.android.apps.plus.service.ServiceThread$1.run(ServiceThread.java:50)
07-19 05:42:15.524 30753 30790 W System.err: 	at android.os.Handler.handleCallback(Handler.java:605)
07-19 05:42:15.524 30753 30790 W System.err: 	at android.os.Handler.dispatchMessage(Handler.java:92)
07-19 05:42:15.524 30753 30790 W System.err: 	at android.os.Looper.loop(Looper.java:137)
07-19 05:42:15.524 30753 30790 W System.err: 	at com.google.android.apps.plus.service.ServiceThread.run(ServiceThread.java:122)
07-19 05:42:16.974 30801 30801 D dalvikvm: Late-enabling CheckJNI
07-19 05:42:16.974   144   161 I ActivityManager: Start proc com.xabber.androiddev for service com.xabber.androiddev/com.xabber.android.service.XMPPService: pid=30801 uid=10063 gids={3003, 1015}
07-19 05:42:17.173 30801 30801 I dalvikvm: Turning on JNI app bug workarounds for target SDK version 9...
07-19 05:42:17.610   144 14994 I ActivityManager: Process android.process.media (pid 30773) has died.
07-19 05:42:17.724 30801 30804 D dalvikvm: GC_CONCURRENT freed 217K, 4% free 9315K/9607K, paused 4ms+4ms
07-19 05:42:17.770 30801 30801 D dalvikvm: GC_FOR_ALLOC freed 327K, 5% free 9473K/9927K, paused 14ms
07-19 05:42:17.899 30801 30804 D dalvikvm: GC_CONCURRENT freed 109K, 2% free 9935K/10119K, paused 2ms+15ms
07-19 05:42:18.032 30801 30804 D dalvikvm: GC_CONCURRENT freed 411K, 5% free 10066K/10567K, paused 1ms+5ms
07-19 05:42:18.227 30801 30801 I com.xabber.android.service.XMPPService@413c1bd8: onCreate
07-19 05:42:18.231 30801 30801 I com.xabber.android.data.Application@41354ba8: onStart
07-19 05:42:18.247 30801 30815 I com.xabber.android.data.LogManager@413660a8: onLoad
07-19 05:42:18.403 30801 30804 D dalvikvm: GC_CONCURRENT freed 256K, 4% free 10237K/10631K, paused 6ms+4ms
07-19 05:42:18.540   144 13425 I ActivityManager: Start proc android.process.acore for content provider com.android.providers.contacts/.ContactsProvider2: pid=30817 uid=10000 gids={3003, 1015}
07-19 05:42:18.583 30817 30817 I ActivityThread: Pub call_log: com.android.providers.contacts.CallLogProvider
07-19 05:42:18.642 30817 30817 I ActivityThread: Pub com.android.voicemail: com.android.providers.contacts.VoicemailContentProvider
07-19 05:42:18.649 30817 30817 I ActivityThread: Pub user_dictionary: com.android.providers.userdictionary.UserDictionaryProvider
07-19 05:42:18.688 30817 30817 I ActivityThread: Pub com.android.social: com.android.providers.contacts.SocialProvider
07-19 05:42:18.692 30817 30817 I ActivityThread: Pub applications: com.android.providers.applications.ApplicationsProvider
07-19 05:42:18.860 30817 30817 I ActivityThread: Pub contacts;com.android.contacts: com.android.providers.contacts.ContactsProvider2
07-19 05:42:18.895 30817 30819 D dalvikvm: GC_CONCURRENT freed 352K, 5% free 9180K/9607K, paused 4ms+2ms
07-19 05:42:19.317 30817 30819 D dalvikvm: GC_CONCURRENT freed 228K, 4% free 9374K/9735K, paused 2ms+2ms
07-19 05:42:19.903   144   155 I ActivityManager: Process com.whatsapp (pid 30637) has died.
07-19 05:42:19.903   144   155 W ActivityManager: Scheduling restart of crashed service com.whatsapp/.messaging.MessageService in 16987ms
07-19 05:42:20.392 30817 30819 D dalvikvm: GC_CONCURRENT freed 182K, 4% free 9606K/9927K, paused 15ms+3ms
07-19 05:42:21.040 30801 30804 D dalvikvm: GC_CONCURRENT freed 275K, 4% free 10412K/10823K, paused 2ms+60ms
07-19 05:42:25.446 30801 30804 D dalvikvm: GC_CONCURRENT freed 219K, 4% free 10596K/10951K, paused 2ms+3ms
07-19 05:42:26.134 30801 30804 D dalvikvm: GC_CONCURRENT freed 342K, 5% free 10663K/11143K, paused 4ms+4ms
07-19 05:42:26.981   144   161 I ActivityManager: Start proc com.google.android.apps.maps for service com.google.android.apps.maps/com.google.googlenav.prefetch.android.PrefetcherService: pid=30843 uid=10056 gids={3003, 1015}
07-19 05:42:27.126 30843 30846 D dalvikvm: GC_CONCURRENT freed 169K, 3% free 9362K/9607K, paused 2ms+2ms
07-19 05:42:27.239 30843 30843 I ActivityThread: Pub com.google.android.maps.SearchHistoryProvider: com.google.googlenav.provider.SearchHistoryProvider
07-19 05:42:27.278 30843 30843 I ActivityThread: Pub com.google.android.maps.SuggestionProvider: com.google.googlenav.suggest.android.SuggestContentProvider
07-19 05:42:27.321 30843 30843 I ActivityThread: Pub com.google.android.maps.LayerInfoProvider: com.google.googlenav.layer.LayerInfoProvider
07-19 05:42:27.341 30843 30843 I ActivityThread: Pub com.google.android.maps.TrafficAppWidgetProvider: com.google.googlenav.appwidget.traffic.TrafficAppWidgetProvider
07-19 05:42:27.341 30843 30843 I ActivityThread: Pub com.google.android.maps.LocalActivePlacesProvider: com.google.googlenav.provider.LocalActivePlacesProvider
07-19 05:42:27.345 30843 30843 I ActivityThread: Pub com.google.android.maps.StarredItemProvider: com.google.googlenav.provider.StarredItemProvider
07-19 05:42:27.552 30843 30846 D dalvikvm: GC_CONCURRENT freed 202K, 3% free 9719K/9991K, paused 8ms+8ms
07-19 05:42:27.770   144   378 I ActivityManager: Process android.process.acore (pid 30817) has died.
07-19 05:42:27.884 30843 30846 D dalvikvm: GC_CONCURRENT freed 223K, 4% free 9908K/10247K, paused 2ms+2ms
07-19 05:42:27.915 30843 30843 I ActivityThread: Pub com.google.android.maps.LocalSuggestionProvider: com.google.googlenav.provider.LocalSuggestionProvider
07-19 05:42:27.915 30843 30843 I ActivityThread: Pub com.google.android.maps.NavigationAvailabilityProvider: com.google.googlenav.provider.NavigationAvailabilityProvider
07-19 05:42:28.044 30843 30871 D dalvikvm: GC_FOR_ALLOC freed 153K, 3% free 10071K/10311K, paused 28ms
07-19 05:42:28.075 30843 30872 D dalvikvm: GC_FOR_ALLOC freed 8K, 3% free 10262K/10567K, paused 22ms
07-19 05:42:28.130   144 13425 I ActivityManager: Start proc android.process.media for content provider com.android.providers.media/.MediaProvider: pid=30878 uid=10012 gids={1015, 1023, 1024, 2001, 3003, 3007}
07-19 05:42:28.134 30843 30861 D dalvikvm: GC_FOR_ALLOC freed 104K, 4% free 10475K/10823K, paused 38ms
07-19 05:42:28.208 30843 30862 D dalvikvm: GC_FOR_ALLOC freed 55K, 4% free 10676K/11079K, paused 59ms
07-19 05:42:28.220 30878 30878 I ActivityThread: Pub downloads: com.android.providers.downloads.DownloadProvider
07-19 05:42:28.333 30878 30878 I ActivityThread: Pub drm: com.android.providers.drm.DrmProvider
07-19 05:42:28.337 30878 30892 I DownloadManager: in removeSpuriousFiles
07-19 05:42:28.345 30878 30878 I ActivityThread: Pub media: com.android.providers.media.MediaProvider
07-19 05:42:28.388 30878 30892 I DownloadManager: in removeSpuriousFiles, preserving file /data/data/com.android.providers.downloads/cache/metadata.json
07-19 05:42:28.388 30878 30892 I DownloadManager: in removeSpuriousFiles, preserving file /data/data/com.android.providers.downloads/cache/en_general.htm
07-19 05:42:28.388 30878 30892 I DownloadManager: in removeSpuriousFiles, preserving file /mnt/sdcard/Download/img-thing.jpeg
07-19 05:42:28.388 30878 30892 I DownloadManager: in removeSpuriousFiles, preserving file /data/data/com.android.providers.downloads/cache/metadata-1.json
07-19 05:42:28.388 30878 30892 I DownloadManager: in removeSpuriousFiles, preserving file /data/data/com.android.providers.downloads/cache/downloadfile.jpeg
07-19 05:42:28.388 30878 30892 I DownloadManager: in removeSpuriousFiles, preserving file /data/data/com.android.providers.downloads/cache/metadata-2.json
07-19 05:42:28.388 30878 30892 I DownloadManager: in removeSpuriousFiles, preserving file /data/data/com.android.providers.downloads/cache/metadata-3.json
07-19 05:42:28.388 30878 30892 I DownloadManager: in removeSpuriousFiles, preserving file /data/data/com.android.providers.downloads/cache/downloadfile-1.jpeg
07-19 05:42:28.388 30878 30892 I DownloadManager: in removeSpuriousFiles, preserving file /data/data/com.android.providers.downloads/cache/downloadfile-2.jpeg
07-19 05:42:28.388 30878 30892 I DownloadManager: in removeSpuriousFiles, preserving file /data/data/com.android.providers.downloads/cache/metadata-4.json
07-19 05:42:28.388 30878 30892 I DownloadManager: in removeSpuriousFiles, preserving file /data/data/com.android.providers.downloads/cache/metadata-5.json
07-19 05:42:28.388 30878 30892 I DownloadManager: in removeSpuriousFiles, preserving file /data/data/com.android.providers.downloads/cache/metadata-6.json
07-19 05:42:28.388 30878 30892 I DownloadManager: deleting spurious file /cache/backup
07-19 05:42:28.427   144   310 I ActivityManager: Start proc android.process.acore for content provider com.android.providers.contacts/.ContactsProvider2: pid=30893 uid=10000 gids={3003, 1015}
07-19 05:42:28.481    79    79 D dalvikvm: GC_EXPLICIT freed 38K, 4% free 9027K/9347K, paused 2ms+10ms
07-19 05:42:28.509 30893 30893 I ActivityThread: Pub call_log: com.android.providers.contacts.CallLogProvider
07-19 05:42:28.513    79    79 D dalvikvm: GC_EXPLICIT freed <1K, 4% free 9027K/9347K, paused 2ms+3ms
07-19 05:42:28.540    79    79 D dalvikvm: GC_EXPLICIT freed <1K, 4% free 9027K/9347K, paused 1ms+3ms
07-19 05:42:28.560 30893 30893 I ActivityThread: Pub com.android.voicemail: com.android.providers.contacts.VoicemailContentProvider
07-19 05:42:28.560   144  1167 I ActivityManager: Process com.google.android.apps.plus (pid 30753) has died.
07-19 05:42:28.563 30893 30893 I ActivityThread: Pub user_dictionary: com.android.providers.userdictionary.UserDictionaryProvider
07-19 05:42:28.587 30893 30893 I ActivityThread: Pub com.android.social: com.android.providers.contacts.SocialProvider
07-19 05:42:28.587 30893 30893 I ActivityThread: Pub applications: com.android.providers.applications.ApplicationsProvider
07-19 05:42:28.759 30893 30893 I ActivityThread: Pub contacts;com.android.contacts: com.android.providers.contacts.ContactsProvider2
07-19 05:42:28.767 30893 30895 D dalvikvm: GC_CONCURRENT freed 350K, 5% free 9181K/9607K, paused 2ms+5ms
07-19 05:42:28.977 30878 30880 D dalvikvm: GC_CONCURRENT freed 328K, 5% free 9204K/9607K, paused 5ms+46ms
07-19 05:42:29.251 30893 30895 D dalvikvm: GC_CONCURRENT freed 237K, 4% free 9373K/9735K, paused 2ms+2ms
07-19 05:42:29.423 30801 30804 D dalvikvm: GC_CONCURRENT freed 394K, 5% free 10835K/11335K, paused 3ms+2ms
07-19 05:42:30.290 30893 30895 D dalvikvm: GC_CONCURRENT freed 178K, 4% free 9611K/9927K, paused 6ms+4ms
07-19 05:42:33.657  3217  3217 W ThumbnailCache: Low Memory: Freed 0 textures from compression queue, 0 from write queue, 0 from the pinned list, 0 from the cache.
07-19 05:42:33.700  3217  3217 D dalvikvm: GC_EXPLICIT freed 1K, 20% free 12145K/15111K, paused 2ms+4ms
07-19 05:42:36.974   144   161 I ActivityManager: Start proc com.whatsapp for service com.whatsapp/.messaging.MessageService: pid=30912 uid=10068 gids={1015, 3003}
07-19 05:42:36.989 30912 30912 I dalvikvm: Turning on JNI app bug workarounds for target SDK version 7...
07-19 05:42:37.138   144   378 I ActivityManager: Process android.process.acore (pid 30893) has died.
07-19 05:42:37.313 30912 30914 D dalvikvm: GC_CONCURRENT freed 157K, 3% free 9361K/9607K, paused 10ms+5ms
07-19 05:42:37.942   144 13425 I ActivityManager: Process android.process.media (pid 30878) has died.
07-19 05:42:38.255 30912 30914 D dalvikvm: GC_CONCURRENT freed 301K, 4% free 9611K/9991K, paused 2ms+6ms
07-19 05:42:38.485   144 15767 I ActivityManager: Start proc android.process.acore for content provider com.android.providers.contacts/.ContactsProvider2: pid=30932 uid=10000 gids={3003, 1015}
07-19 05:42:38.579 30932 30932 I ActivityThread: Pub call_log: com.android.providers.contacts.CallLogProvider
07-19 05:42:38.579 30912 30912 I dalvikvm: Could not find method android.media.MediaMetadataRetriever.captureFrame, referenced from method com.whatsapp.q3.a
07-19 05:42:38.579 30912 30912 W dalvikvm: VFY: unable to resolve virtual method 502: Landroid/media/MediaMetadataRetriever;.captureFrame ()Landroid/graphics/Bitmap;
07-19 05:42:38.579 30912 30912 D dalvikvm: VFY: replacing opcode 0x6e at 0x0134
07-19 05:42:38.626 30932 30932 I ActivityThread: Pub com.android.voicemail: com.android.providers.contacts.VoicemailContentProvider
07-19 05:42:38.626 30932 30932 I ActivityThread: Pub user_dictionary: com.android.providers.userdictionary.UserDictionaryProvider
07-19 05:42:38.642 30932 30932 I ActivityThread: Pub com.android.social: com.android.providers.contacts.SocialProvider
07-19 05:42:38.645 30932 30932 I ActivityThread: Pub applications: com.android.providers.applications.ApplicationsProvider
07-19 05:42:38.923 30932 30935 D dalvikvm: GC_CONCURRENT freed 329K, 5% free 9136K/9543K, paused 2ms+4ms
07-19 05:42:38.927 30932 30932 I ActivityThread: Pub contacts;com.android.contacts: com.android.providers.contacts.ContactsProvider2
07-19 05:42:38.935 30912 30914 D dalvikvm: GC_CONCURRENT freed 444K, 6% free 9725K/10247K, paused 6ms+9ms
07-19 05:42:39.270 30912 30914 D dalvikvm: GC_CONCURRENT freed 192K, 4% free 9988K/10311K, paused 2ms+6ms
07-19 05:42:39.294   144   390 D dalvikvm: GC_EXPLICIT freed 1392K, 23% free 18721K/24199K, paused 3ms+20ms
07-19 05:42:40.079 30932 30935 D dalvikvm: GC_CONCURRENT freed 215K, 4% free 9365K/9671K, paused 36ms+39ms
07-19 05:42:42.602 30912 30914 D dalvikvm: GC_CONCURRENT freed 540K, 7% free 9892K/10567K, paused 89ms+5ms
07-19 05:42:42.903 30932 30935 D dalvikvm: GC_CONCURRENT freed 226K, 4% free 9614K/9927K, paused 37ms+3ms
07-19 05:42:44.489  3452  3452 D dalvikvm: GC_EXPLICIT freed <1K, 4% free 9238K/9543K, paused 15ms+2ms
07-19 05:42:49.587 28060 28060 D dalvikvm: GC_EXPLICIT freed 22K, 6% free 9922K/10503K, paused 35ms+3ms
07-19 05:42:54.563   144   160 D dalvikvm: GC_EXPLICIT freed 167K, 23% free 18679K/24199K, paused 43ms+7ms
07-19 05:43:00.938   144   156 I ActivityManager: Start proc com.google.android.apps.maps:LocationFriendService for service com.google.android.apps.maps/com.google.googlenav.friend.reporting.LocationReceiverService: pid=30959 uid=10056 gids={3003, 1015}
07-19 05:43:01.157 30959 30963 D dalvikvm: GC_CONCURRENT freed 158K, 3% free 9373K/9607K, paused 6ms+8ms
07-19 05:43:01.665 30959 30963 D dalvikvm: GC_CONCURRENT freed 153K, 3% free 9658K/9927K, paused 27ms+2ms
07-19 05:43:02.138 30959 30963 D dalvikvm: GC_CONCURRENT freed 277K, 5% free 9834K/10247K, paused 2ms+4ms
07-19 05:43:02.231   144   310 I ActivityManager: Process android.process.acore (pid 30932) has died.
07-19 05:43:02.278 30959 30966 I dalvikvm: Total arena pages for JIT: 11
07-19 05:43:02.278 30959 30966 I dalvikvm: Total arena pages for JIT: 12
07-19 05:43:02.278 30959 30966 I dalvikvm: Total arena pages for JIT: 13
07-19 05:43:02.278 30959 30966 I dalvikvm: Total arena pages for JIT: 14
07-19 05:43:02.278 30959 30966 I dalvikvm: Total arena pages for JIT: 15
07-19 05:43:02.282 30959 30966 I dalvikvm: Total arena pages for JIT: 16
07-19 05:43:02.282 30959 30966 I dalvikvm: Total arena pages for JIT: 17
07-19 05:43:02.395 30959 30963 D dalvikvm: GC_CONCURRENT freed 336K, 5% free 9966K/10439K, paused 1ms+2ms
07-19 05:43:04.798 29187 29200 I PhoneLab-: Service Running
07-19 05:43:04.888 29187 29200 I PhoneLab-LoggerService: app_37    1395  1     1432   980   c00f181c 400107b4 S logcat
07-19 05:43:04.888 29187 29200 I PhoneLab-LoggerService: Logcat pid from database 1395
07-19 05:43:04.888 29187 29200 I PhoneLab-LoggerService: Logcat process found 1395
07-19 05:43:04.888 29187 29200 I PhoneLab-LoggerService: Checking Threshold
07-19 05:43:04.892 29187 29200 I PhoneLab-LoggerService: Starting to rename files
07-19 05:43:04.892 29187 29200 I PhoneLab-LoggerService: Files found .. 2
07-19 05:43:07.306   359   359 D dalvikvm: GC_EXPLICIT freed <1K, 6% free 9096K/9607K, paused 9ms+2ms
07-19 05:43:11.770 30983 30983 D dalvikvm: Late-enabling CheckJNI
07-19 05:43:11.774   144   161 I ActivityManager: Start proc com.chess for broadcast com.chess/.backend.AlarmReceiver: pid=30983 uid=10079 gids={3003, 1015}
07-19 05:43:11.915 30983 30985 D dalvikvm: GC_CONCURRENT freed 159K, 3% free 9372K/9607K, paused 2ms+2ms
07-19 05:43:12.106 30983 30997 D GetStringObjTask: retrieving from url = http://www.chess.com/api/get_move_status?id=5HHjW9WUGa%2Bcu1LUwnVJPxTIWxmEve4VdkRnRyg7b5Ch69JH2Z5aB%2B7eGuFw8K2uFx47KFsdE3JRdR3Mzv0PkZOj6eZ8N73BvxmEERrzXjMNRo80rkLyJAUTh0iqof4n
07-19 05:43:12.735   144   317 I ActivityManager: Process com.google.android.apps.maps:LocationFriendService (pid 30959) has died.
07-19 05:43:13.001 30983 30997 D GetStringObjTask: WebRequest SERVER RESPONSE: Success+0
07-19 05:43:17.138  3217  3217 W ThumbnailCache: Low Memory: Freed 0 textures from compression queue, 0 from write queue, 0 from the pinned list, 0 from the cache.
07-19 05:43:17.235  3217  3217 D dalvikvm: GC_EXPLICIT freed 1K, 20% free 12145K/15111K, paused 28ms+3ms
07-19 05:43:22.165  3452  3452 D dalvikvm: GC_EXPLICIT freed <1K, 4% free 9238K/9543K, paused 21ms+2ms
07-19 05:43:25.196   144   199 D DhcpInfoInternal: makeLinkProperties with empty dns2!
07-19 05:43:25.196   144   199 D DhcpInfoInternal: makeLinkProperties with empty dns2!
07-19 05:43:33.114 28060 28060 D dalvikvm: GC_EXPLICIT freed 33K, 6% free 9925K/10503K, paused 36ms+3ms
07-19 05:43:33.298   144   378 I ActivityManager: Start proc android.process.acore for content provider com.android.providers.contacts/.ContactsProvider2: pid=31017 uid=10000 gids={3003, 1015}
07-19 05:43:33.341 31017 31017 I ActivityThread: Pub call_log: com.android.providers.contacts.CallLogProvider
07-19 05:43:33.395 31017 31017 I ActivityThread: Pub com.android.voicemail: com.android.providers.contacts.VoicemailContentProvider
07-19 05:43:33.403 31017 31017 I ActivityThread: Pub user_dictionary: com.android.providers.userdictionary.UserDictionaryProvider
07-19 05:43:33.442 31017 31017 I ActivityThread: Pub com.android.social: com.android.providers.contacts.SocialProvider
07-19 05:43:33.446 31017 31017 I ActivityThread: Pub applications: com.android.providers.applications.ApplicationsProvider
07-19 05:43:33.614 31017 31017 I ActivityThread: Pub contacts;com.android.contacts: com.android.providers.contacts.ContactsProvider2
07-19 05:43:33.653 31017 31019 D dalvikvm: GC_CONCURRENT freed 336K, 5% free 9183K/9607K, paused 4ms+4ms
07-19 05:43:33.724   144 14994 I ActivityManager: Process com.chess (pid 30983) has died.
07-19 05:43:33.923 31017 31019 D dalvikvm: GC_CONCURRENT freed 232K, 4% free 9380K/9735K, paused 2ms+2ms
07-19 05:43:34.864 31017 31019 D dalvikvm: GC_CONCURRENT freed 247K, 4% free 9543K/9927K, paused 11ms+2ms
07-19 05:43:38.911   144   160 D dalvikvm: GC_EXPLICIT freed 248K, 23% free 18694K/24199K, paused 41ms+8ms
07-19 05:43:43.856   346   346 D dalvikvm: GC_EXPLICIT freed 5K, 10% free 11911K/13191K, paused 46ms+2ms
07-19 05:43:48.841   435   435 D dalvikvm: GC_EXPLICIT freed <1K, 4% free 9033K/9347K, paused 18ms+3ms
07-19 05:43:51.931   144   174 I ActivityManager: Start proc com.twitter.android for service com.twitter.android/.client.AppService: pid=31035 uid=10064 gids={3003, 1015}
07-19 05:43:51.970 31035 31035 I dalvikvm: Turning on JNI app bug workarounds for target SDK version 11...
07-19 05:43:52.005   144   378 I ActivityManager: Process android.process.acore (pid 31017) has died.
07-19 05:43:52.122 31035 31035 I ActivityThread: Pub com.twitter.android.provider.GlobalDatabaseProvider: com.twitter.android.provider.GlobalDatabaseProvider
07-19 05:43:52.134 31035 31035 I ActivityThread: Pub com.twitter.android.provider.TwitterProvider: com.twitter.android.provider.TwitterProvider
07-19 05:43:52.310 31035 31039 D dalvikvm: GC_CONCURRENT freed 189K, 4% free 9297K/9607K, paused 7ms+44ms
07-19 05:43:52.829 31035 31039 D dalvikvm: GC_CONCURRENT freed 217K, 4% free 9516K/9863K, paused 5ms+2ms
07-19 05:43:52.974 31035 31039 D dalvikvm: GC_CONCURRENT freed 286K, 5% free 9635K/10055K, paused 2ms+3ms
07-19 05:43:53.106 31035 31039 D dalvikvm: GC_CONCURRENT freed 292K, 5% free 9760K/10183K, paused 2ms+2ms
07-19 05:43:53.247 31035 31039 D dalvikvm: GC_CONCURRENT freed 296K, 5% free 9884K/10311K, paused 2ms+2ms
07-19 05:43:53.337   144   388 I ActivityManager: Process com.xabber.androiddev (pid 30801) has died.
07-19 05:43:53.337   144   388 W ActivityManager: Scheduling restart of crashed service com.xabber.androiddev/com.xabber.android.service.XMPPService in 5000ms
07-19 05:43:53.380 31035 31039 D dalvikvm: GC_CONCURRENT freed 300K, 5% free 10018K/10439K, paused 1ms+1ms
07-19 05:43:53.513 31035 31039 D dalvikvm: GC_CONCURRENT freed 298K, 5% free 10145K/10567K, paused 2ms+2ms
07-19 05:43:53.634 31035 31039 D dalvikvm: GC_CONCURRENT freed 294K, 4% free 10269K/10695K, paused 1ms+2ms
07-19 05:43:53.841 31035 31039 D dalvikvm: GC_CONCURRENT freed 471K, 6% free 10220K/10823K, paused 3ms+2ms
07-19 05:43:53.989 31035 31039 D dalvikvm: GC_CONCURRENT freed 319K, 5% free 10294K/10823K, paused 5ms+12ms
07-19 05:43:54.114 31035 31039 D dalvikvm: GC_CONCURRENT freed 327K, 5% free 10369K/10823K, paused 2ms+2ms
07-19 05:43:54.255 31035 31039 D dalvikvm: GC_CONCURRENT freed 356K, 5% free 10468K/10951K, paused 1ms+2ms
07-19 05:43:54.388 31035 31039 D dalvikvm: GC_CONCURRENT freed 349K, 5% free 10550K/11015K, paused 2ms+2ms
07-19 05:43:54.513 31035 31039 D dalvikvm: GC_CONCURRENT freed 324K, 5% free 10632K/11079K, paused 2ms+2ms
07-19 05:43:54.642 31035 31039 D dalvikvm: GC_CONCURRENT freed 360K, 5% free 10717K/11207K, paused 2ms+2ms
07-19 05:43:54.774 31035 31039 D dalvikvm: GC_CONCURRENT freed 400K, 5% free 10812K/11335K, paused 2ms+3ms
07-19 05:43:55.950 31035 31039 D dalvikvm: GC_CONCURRENT freed 326K, 4% free 11018K/11463K, paused 3ms+3ms
07-19 05:43:58.122 31035 31039 D dalvikvm: GC_CONCURRENT freed 448K, 5% free 11159K/11719K, paused 2ms+5ms
07-19 05:43:58.360 31056 31056 D dalvikvm: Late-enabling CheckJNI
07-19 05:43:58.376   144   161 I ActivityManager: Start proc com.xabber.androiddev for service com.xabber.androiddev/com.xabber.android.service.XMPPService: pid=31056 uid=10063 gids={3003, 1015}
07-19 05:43:58.399 31056 31056 I dalvikvm: Turning on JNI app bug workarounds for target SDK version 9...
07-19 05:43:58.634 31056 31058 D dalvikvm: GC_CONCURRENT freed 216K, 4% free 9315K/9607K, paused 2ms+2ms
07-19 05:43:58.681 31056 31058 D dalvikvm: GC_CONCURRENT freed 326K, 5% free 9473K/9927K, paused 2ms+2ms
07-19 05:43:58.806 31056 31058 D dalvikvm: GC_CONCURRENT freed 190K, 3% free 9854K/10119K, paused 1ms+2ms
07-19 05:43:58.899   144 15767 I ActivityManager: Process com.twitter.android (pid 31035) has died.
07-19 05:43:58.942 31056 31058 D dalvikvm: GC_CONCURRENT freed 362K, 5% free 10066K/10503K, paused 1ms+2ms
07-19 05:43:59.091 31056 31056 I com.xabber.android.service.XMPPService@41359868: onCreate
07-19 05:43:59.095 31056 31056 I com.xabber.android.data.Application@41354a20: onStart
07-19 05:43:59.106 31056 31071 I com.xabber.android.data.LogManager@41365fe0: onLoad
07-19 05:43:59.255 31056 31058 D dalvikvm: GC_CONCURRENT freed 285K, 4% free 10208K/10631K, paused 2ms+2ms
07-19 05:43:59.349   144  6618 I ActivityManager: Start proc android.process.acore for content provider com.android.providers.contacts/.ContactsProvider2: pid=31073 uid=10000 gids={3003, 1015}
07-19 05:43:59.388 31073 31073 I ActivityThread: Pub call_log: com.android.providers.contacts.CallLogProvider
07-19 05:43:59.438 31073 31073 I ActivityThread: Pub com.android.voicemail: com.android.providers.contacts.VoicemailContentProvider
07-19 05:43:59.442 31073 31073 I ActivityThread: Pub user_dictionary: com.android.providers.userdictionary.UserDictionaryProvider
07-19 05:43:59.489 31073 31073 I ActivityThread: Pub com.android.social: com.android.providers.contacts.SocialProvider
07-19 05:43:59.493 31073 31073 I ActivityThread: Pub applications: com.android.providers.applications.ApplicationsProvider
07-19 05:43:59.622 31073 31073 I ActivityThread: Pub contacts;com.android.contacts: com.android.providers.contacts.ContactsProvider2
07-19 05:43:59.645 31073 31076 D dalvikvm: GC_CONCURRENT freed 355K, 5% free 9177K/9607K, paused 2ms+3ms
07-19 05:43:59.895 31073 31076 D dalvikvm: GC_CONCURRENT freed 225K, 4% free 9374K/9735K, paused 2ms+2ms
07-19 05:44:00.892 28677 28678 D dalvikvm: GC_CONCURRENT freed 510K, 6% free 10421K/11079K, paused 2ms+3ms
07-19 05:44:00.962   144   378 I ActivityManager: Start proc com.google.android.apps.maps:LocationFriendService for service com.google.android.apps.maps/com.google.googlenav.friend.reporting.LocationReceiverService: pid=31089 uid=10056 gids={3003, 1015}
07-19 05:44:01.243 31073 31076 D dalvikvm: GC_CONCURRENT freed 177K, 4% free 9612K/9927K, paused 2ms+11ms
07-19 05:44:01.251 31089 31091 D dalvikvm: GC_CONCURRENT freed 173K, 3% free 9359K/9607K, paused 59ms+2ms
07-19 05:44:01.966 31056 31058 D dalvikvm: GC_CONCURRENT freed 220K, 4% free 10400K/10759K, paused 8ms+43ms
07-19 05:44:02.438 31089 31091 D dalvikvm: GC_CONCURRENT freed 154K, 3% free 9658K/9927K, paused 36ms+9ms
07-19 05:44:02.497   144   342 I ActivityManager: Process android.process.acore (pid 31073) has died.
07-19 05:44:03.169 31089 31091 D dalvikvm: GC_CONCURRENT freed 285K, 4% free 9842K/10247K, paused 2ms+3ms
07-19 05:44:03.274 31089 31096 I dalvikvm: Total arena pages for JIT: 11
07-19 05:44:03.274 31089 31096 I dalvikvm: Total arena pages for JIT: 12
07-19 05:44:03.278 31089 31096 I dalvikvm: Total arena pages for JIT: 13
07-19 05:44:03.278 31089 31096 I dalvikvm: Total arena pages for JIT: 14
07-19 05:44:03.278 31089 31096 I dalvikvm: Total arena pages for JIT: 15
07-19 05:44:03.278 31089 31096 I dalvikvm: Total arena pages for JIT: 16
07-19 05:44:03.278 31089 31096 I dalvikvm: Total arena pages for JIT: 17
07-19 05:44:03.407 31089 31091 D dalvikvm: GC_CONCURRENT freed 333K, 5% free 9967K/10439K, paused 2ms+3ms
07-19 05:44:07.884   359   359 D dalvikvm: GC_EXPLICIT freed <1K, 6% free 9096K/9607K, paused 22ms+2ms
07-19 05:44:09.606   144 15767 I ActivityManager: Process com.google.android.apps.maps:LocationFriendService (pid 31089) has died.
07-19 05:44:09.681 31056 31058 D dalvikvm: GC_CONCURRENT freed 218K, 4% free 10596K/10951K, paused 2ms+2ms
07-19 05:44:10.477 31056 31058 D dalvikvm: GC_CONCURRENT freed 341K, 5% free 10663K/11143K, paused 3ms+2ms
07-19 05:44:11.810   144   144 I ActivityManager: Start proc android.process.acore for content provider com.android.providers.contacts/.ContactsProvider2: pid=31122 uid=10000 gids={3003, 1015}
07-19 05:44:11.868 31122 31122 I ActivityThread: Pub call_log: com.android.providers.contacts.CallLogProvider
07-19 05:44:11.911 31122 31122 I ActivityThread: Pub com.android.voicemail: com.android.providers.contacts.VoicemailContentProvider
07-19 05:44:11.915 31122 31122 I ActivityThread: Pub user_dictionary: com.android.providers.userdictionary.UserDictionaryProvider
07-19 05:44:11.938 31122 31122 I ActivityThread: Pub com.android.social: com.android.providers.contacts.SocialProvider
07-19 05:44:11.938 31122 31122 I ActivityThread: Pub applications: com.android.providers.applications.ApplicationsProvider
07-19 05:44:12.067 31122 31125 D dalvikvm: GC_CONCURRENT freed 345K, 5% free 9145K/9607K, paused 2ms+2ms
07-19 05:44:12.087 31122 31122 I ActivityThread: Pub contacts;com.android.contacts: com.android.providers.contacts.ContactsProvider2
07-19 05:44:12.204 31056 31058 D dalvikvm: GC_CONCURRENT freed 429K, 5% free 10818K/11335K, paused 7ms+2ms
07-19 05:44:12.364 31122 31125 D dalvikvm: GC_CONCURRENT freed 200K, 4% free 9346K/9671K, paused 2ms+2ms
07-19 05:44:13.329 31122 31125 D dalvikvm: GC_CONCURRENT freed 213K, 4% free 9583K/9927K, paused 49ms+2ms
07-19 05:44:13.438   144   317 I ActivityManager: Process android.process.acore (pid 31122) has died.
07-19 05:44:18.520  3217  3217 W ThumbnailCache: Low Memory: Freed 0 textures from compression queue, 0 from write queue, 0 from the pinned list, 0 from the cache.
07-19 05:44:18.599  3217  3217 D dalvikvm: GC_EXPLICIT freed 1K, 20% free 12145K/15111K, paused 27ms+4ms
07-19 05:44:27.481  3452  3452 D dalvikvm: GC_EXPLICIT freed <1K, 4% free 9238K/9543K, paused 1ms+2ms
07-19 05:44:32.685   144   160 D dalvikvm: GC_EXPLICIT freed 456K, 23% free 18697K/24199K, paused 58ms+7ms
07-19 05:44:37.567   346   346 D dalvikvm: GC_EXPLICIT freed 2K, 10% free 11911K/13191K, paused 27ms+3ms
07-19 05:44:42.583   435   435 D dalvikvm: GC_EXPLICIT freed <1K, 4% free 9033K/9347K, paused 22ms+3ms
07-19 05:44:47.587   321   321 D dalvikvm: GC_EXPLICIT freed <1K, 24% free 10155K/13191K, paused 20ms+3ms
07-19 05:44:52.587 13970 13970 D dalvikvm: GC_EXPLICIT freed <1K, 6% free 9760K/10375K, paused 25ms+3ms
07-19 05:44:57.614   215   215 D dalvikvm: GC_EXPLICIT freed 113K, 56% free 10170K/22727K, paused 24ms+4ms
07-19 05:45:01.063   144   317 I ActivityManager: Start proc com.google.android.apps.maps:LocationFriendService for service com.google.android.apps.maps/com.google.googlenav.friend.reporting.LocationReceiverService: pid=31141 uid=10056 gids={3003, 1015}
07-19 05:45:01.102    79    79 D dalvikvm: GC_EXPLICIT freed 37K, 4% free 9027K/9347K, paused 2ms+3ms
07-19 05:45:01.153    79    79 D dalvikvm: GC_EXPLICIT freed <1K, 4% free 9027K/9347K, paused 2ms+3ms
07-19 05:45:01.185    79    79 D dalvikvm: GC_EXPLICIT freed <1K, 4% free 9027K/9347K, paused 2ms+3ms
07-19 05:45:01.286 31141 31144 D dalvikvm: GC_CONCURRENT freed 178K, 3% free 9354K/9607K, paused 6ms+3ms
07-19 05:45:01.759 31141 31144 D dalvikvm: GC_CONCURRENT freed 131K, 3% free 9668K/9927K, paused 35ms+3ms
07-19 05:45:02.169   144 12390 D dalvikvm: GC_EXPLICIT freed 91K, 23% free 18679K/24199K, paused 4ms+8ms
07-19 05:45:02.286 31141 31144 D dalvikvm: GC_CONCURRENT freed 310K, 4% free 9841K/10247K, paused 2ms+3ms
07-19 05:45:02.384 31141 31148 I dalvikvm: Total arena pages for JIT: 11
07-19 05:45:02.384 31141 31148 I dalvikvm: Total arena pages for JIT: 12
07-19 05:45:02.384 31141 31148 I dalvikvm: Total arena pages for JIT: 13
07-19 05:45:02.388 31141 31148 I dalvikvm: Total arena pages for JIT: 14
07-19 05:45:02.392 31141 31148 I dalvikvm: Total arena pages for JIT: 15
07-19 05:45:02.392 31141 31148 I dalvikvm: Total arena pages for JIT: 16
07-19 05:45:02.392 31141 31148 I dalvikvm: Total arena pages for JIT: 17
07-19 05:45:02.505 31141 31144 D dalvikvm: GC_CONCURRENT freed 331K, 5% free 9966K/10439K, paused 2ms+2ms
07-19 05:45:02.540   144 15767 I ActivityManager: Process com.google.android.apps.maps:LocationFriendService (pid 31141) has died.
07-19 05:45:04.790 29187 29200 I PhoneLab-: Service Running
07-19 05:45:04.911 29187 29200 I PhoneLab-LoggerService: app_37    1395  1     1432   980   c00f181c 400107b4 S logcat
07-19 05:45:04.911 29187 29200 I PhoneLab-LoggerService: Logcat pid from database 1395
07-19 05:45:04.911 29187 29200 I PhoneLab-LoggerService: Logcat process found 1395
07-19 05:45:04.911 29187 29200 I PhoneLab-LoggerService: Checking Threshold
07-19 05:45:04.915 29187 29200 I PhoneLab-LoggerService: Starting to rename files
07-19 05:45:04.915 29187 29200 I PhoneLab-LoggerService: Files found .. 2
07-19 05:45:07.638 28060 28060 D dalvikvm: GC_EXPLICIT freed 114K, 6% free 9945K/10503K, paused 24ms+4ms
07-19 05:45:12.630 28677 28677 D dalvikvm: GC_EXPLICIT freed 302K, 7% free 10411K/11079K, paused 25ms+2ms
07-19 05:45:17.626 29187 29187 D dalvikvm: GC_EXPLICIT freed 155K, 4% free 9050K/9415K, paused 20ms+2ms
07-19 05:45:22.630 29274 29274 D dalvikvm: GC_EXPLICIT freed 27K, 4% free 9144K/9479K, paused 19ms+2ms
07-19 05:45:30.888 29792 29792 D dalvikvm: GC_EXPLICIT freed <1K, 4% free 9051K/9347K, paused 16ms+3ms
07-19 05:45:35.942 29948 29948 D dalvikvm: GC_EXPLICIT freed <1K, 6% free 9659K/10183K, paused 22ms+3ms
07-19 05:45:40.985 29722 29722 D dalvikvm: GC_EXPLICIT freed 77K, 6% free 10698K/11335K, paused 36ms+3ms
07-19 05:45:45.974 30843 30843 D dalvikvm: GC_EXPLICIT freed 106K, 4% free 10928K/11335K, paused 16ms+4ms
07-19 05:45:50.142   144   199 D DhcpInfoInternal: makeLinkProperties with empty dns2!
07-19 05:45:50.161   144   199 D DhcpInfoInternal: makeLinkProperties with empty dns2!
07-19 05:45:57.868 30912 30912 D dalvikvm: GC_EXPLICIT freed 43K, 7% free 9880K/10567K, paused 34ms+3ms
07-19 05:46:01.001   144 14994 I ActivityManager: Start proc com.google.android.apps.maps:LocationFriendService for service com.google.android.apps.maps/com.google.googlenav.friend.reporting.LocationReceiverService: pid=31183 uid=10056 gids={3003, 1015}
07-19 05:46:01.126 31183 31186 D dalvikvm: GC_CONCURRENT freed 153K, 3% free 9378K/9607K, paused 2ms+2ms
07-19 05:46:01.325 31183 31186 D dalvikvm: GC_CONCURRENT freed 199K, 3% free 9711K/9991K, paused 4ms+3ms
07-19 05:46:01.560 31183 31186 D dalvikvm: GC_CONCURRENT freed 323K, 4% free 9908K/10311K, paused 2ms+3ms
07-19 05:46:01.946   144   155 I ActivityManager: Process com.google.android.apps.maps:LocationFriendService (pid 31183) has died.
07-19 05:46:07.040   359   359 D dalvikvm: GC_EXPLICIT freed <1K, 6% free 9096K/9607K, paused 21ms+2ms
07-19 05:46:11.958  3217  3217 W ThumbnailCache: Low Memory: Freed 0 textures from compression queue, 0 from write queue, 0 from the pinned list, 0 from the cache.
07-19 05:46:12.067  3217  3217 D dalvikvm: GC_EXPLICIT freed 1K, 20% free 12145K/15111K, paused 28ms+4ms
07-19 05:46:17.056  3452  3452 D dalvikvm: GC_EXPLICIT freed <1K, 4% free 9238K/9543K, paused 54ms+2ms
07-19 05:46:22.079 28060 28060 D dalvikvm: GC_EXPLICIT freed 47K, 6% free 9922K/10503K, paused 27ms+3ms
07-19 05:46:30.950   144   160 D dalvikvm: GC_EXPLICIT freed 165K, 23% free 18690K/24199K, paused 3ms+8ms
07-19 05:46:35.981   346   346 D dalvikvm: GC_EXPLICIT freed 5K, 10% free 11911K/13191K, paused 26ms+3ms
07-19 05:46:40.962   435   435 D dalvikvm: GC_EXPLICIT freed <1K, 4% free 9033K/9347K, paused 19ms+2ms
07-19 05:46:45.981   321   321 D dalvikvm: GC_EXPLICIT freed <1K, 24% free 10155K/13191K, paused 19ms+3ms
07-19 05:46:50.970 13970 13970 D dalvikvm: GC_EXPLICIT freed <1K, 6% free 9760K/10375K, paused 21ms+3ms
07-19 05:46:55.993   215   215 D dalvikvm: GC_EXPLICIT freed 53K, 56% free 10153K/22727K, paused 22ms+4ms
07-19 05:47:01.110 28677 28678 D dalvikvm: GC_CONCURRENT freed 500K, 6% free 10423K/11079K, paused 2ms+3ms
07-19 05:47:01.122   144   317 I ActivityManager: Start proc com.google.android.apps.maps:LocationFriendService for service com.google.android.apps.maps/com.google.googlenav.friend.reporting.LocationReceiverService: pid=31206 uid=10056 gids={3003, 1015}
07-19 05:47:01.251 31206 31209 D dalvikvm: GC_CONCURRENT freed 156K, 3% free 9376K/9607K, paused 2ms+3ms
07-19 05:47:01.435 31206 31209 D dalvikvm: GC_CONCURRENT freed 198K, 3% free 9713K/9991K, paused 1ms+3ms
07-19 05:47:01.544   144  1167 I ActivityManager: Process com.google.android.apps.maps (pid 30843) has died.
07-19 05:47:01.544   144  1167 W ActivityManager: Scheduling restart of crashed service com.google.android.apps.maps/com.google.googlenav.prefetch.android.PrefetcherService in 5000ms
07-19 05:47:01.602 31206 31209 D dalvikvm: GC_CONCURRENT freed 325K, 4% free 9905K/10311K, paused 2ms+2ms
07-19 05:47:04.763 29187 29200 I PhoneLab-: Service Running
07-19 05:47:04.817 29187 29200 I PhoneLab-LoggerService: app_37    1395  1     1432   980   c00f181c 400107b4 S logcat
07-19 05:47:04.817 29187 29200 I PhoneLab-LoggerService: Logcat pid from database 1395
07-19 05:47:04.817 29187 29200 I PhoneLab-LoggerService: Logcat process found 1395
07-19 05:47:04.817 29187 29200 I PhoneLab-LoggerService: Checking Threshold
07-19 05:47:04.821 29187 29200 I PhoneLab-LoggerService: Starting to rename files
07-19 05:47:04.821 29187 29200 I PhoneLab-LoggerService: Files found .. 2
07-19 05:47:06.630   144   161 I ActivityManager: Start proc com.google.android.apps.maps for service com.google.android.apps.maps/com.google.googlenav.prefetch.android.PrefetcherService: pid=31230 uid=10056 gids={3003, 1015}
07-19 05:47:06.751 31230 31233 D dalvikvm: GC_CONCURRENT freed 154K, 3% free 9377K/9607K, paused 1ms+2ms
07-19 05:47:06.810 31230 31230 I ActivityThread: Pub com.google.android.maps.SearchHistoryProvider: com.google.googlenav.provider.SearchHistoryProvider
07-19 05:47:06.813 31230 31230 I ActivityThread: Pub com.google.android.maps.SuggestionProvider: com.google.googlenav.suggest.android.SuggestContentProvider
07-19 05:47:06.817 31230 31230 I ActivityThread: Pub com.google.android.maps.LayerInfoProvider: com.google.googlenav.layer.LayerInfoProvider
07-19 05:47:06.825 31230 31230 I ActivityThread: Pub com.google.android.maps.TrafficAppWidgetProvider: com.google.googlenav.appwidget.traffic.TrafficAppWidgetProvider
07-19 05:47:06.825 31230 31230 I ActivityThread: Pub com.google.android.maps.LocalActivePlacesProvider: com.google.googlenav.provider.LocalActivePlacesProvider
07-19 05:47:06.829 31230 31230 I ActivityThread: Pub com.google.android.maps.StarredItemProvider: com.google.googlenav.provider.StarredItemProvider
07-19 05:47:06.852 28677 28677 D dalvikvm: GC_EXPLICIT freed 32K, 7% free 10408K/11079K, paused 30ms+2ms
07-19 05:47:06.899 31230 31233 D dalvikvm: GC_CONCURRENT freed 205K, 3% free 9706K/9991K, paused 1ms+3ms
07-19 05:47:07.013 31230 31233 D dalvikvm: GC_CONCURRENT freed 235K, 4% free 9913K/10247K, paused 2ms+2ms
07-19 05:47:07.013 31230 31230 I ActivityThread: Pub com.google.android.maps.LocalSuggestionProvider: com.google.googlenav.provider.LocalSuggestionProvider
07-19 05:47:07.017 31230 31230 I ActivityThread: Pub com.google.android.maps.NavigationAvailabilityProvider: com.google.googlenav.provider.NavigationAvailabilityProvider
07-19 05:47:07.173 31230 31245 D dalvikvm: GC_FOR_ALLOC freed 131K, 4% free 10165K/10503K, paused 27ms
07-19 05:47:07.200   144  1168 I ActivityManager: Process com.google.android.apps.maps:LocationFriendService (pid 31206) has died.
07-19 05:47:07.259 31230 31233 D dalvikvm: GC_CONCURRENT freed 158K, 3% free 10508K/10759K, paused 2ms+3ms
07-19 05:47:07.317 31230 31255 D dalvikvm: GC_FOR_ALLOC freed 31K, 4% free 10676K/11015K, paused 31ms
07-19 05:47:12.419   359   359 D dalvikvm: GC_EXPLICIT freed <1K, 6% free 9096K/9607K, paused 23ms+2ms
07-19 05:47:17.345  3217  3217 W ThumbnailCache: Low Memory: Freed 0 textures from compression queue, 0 from write queue, 0 from the pinned list, 0 from the cache.
07-19 05:47:17.446  3217  3217 D dalvikvm: GC_EXPLICIT freed 1K, 20% free 12145K/15111K, paused 29ms+3ms
07-19 05:47:22.411  3452  3452 D dalvikvm: GC_EXPLICIT freed <1K, 4% free 9238K/9543K, paused 8ms+2ms
07-19 05:47:30.950   144   160 D dalvikvm: GC_EXPLICIT freed 196K, 23% free 18666K/24199K, paused 3ms+7ms
07-19 05:47:35.958   346   346 D dalvikvm: GC_EXPLICIT freed 2K, 10% free 11911K/13191K, paused 27ms+2ms
07-19 05:47:40.954   435   435 D dalvikvm: GC_EXPLICIT freed <1K, 4% free 9033K/9347K, paused 19ms+2ms
07-19 05:47:45.958   321   321 D dalvikvm: GC_EXPLICIT freed <1K, 24% free 10155K/13191K, paused 16ms+2ms
07-19 05:47:50.977 13970 13970 D dalvikvm: GC_EXPLICIT freed <1K, 6% free 9760K/10375K, paused 21ms+3ms
07-19 05:47:55.985   215   215 D dalvikvm: GC_EXPLICIT freed 22K, 56% free 10153K/22727K, paused 19ms+4ms
07-19 05:47:59.790 28677 28698 D dalvikvm: GC_EXPLICIT freed 6K, 7% free 10409K/11079K, paused 7ms+3ms
07-19 05:48:01.099   144 14994 I ActivityManager: Start proc com.google.android.apps.maps:LocationFriendService for service com.google.android.apps.maps/com.google.googlenav.friend.reporting.LocationReceiverService: pid=31263 uid=10056 gids={3003, 1015}
07-19 05:48:01.216 31263 31265 D dalvikvm: GC_CONCURRENT freed 161K, 3% free 9371K/9607K, paused 2ms+2ms
07-19 05:48:01.325   144 15767 I ActivityManager: Process com.whatsapp (pid 30912) has died.
07-19 05:48:01.337   144 15767 W ActivityManager: Scheduling restart of crashed service com.whatsapp/.messaging.MessageService in 5000ms
07-19 05:48:01.431 31263 31265 D dalvikvm: GC_CONCURRENT freed 208K, 3% free 9705K/9991K, paused 2ms+3ms
07-19 05:48:02.110 31263 31265 D dalvikvm: GC_CONCURRENT freed 318K, 4% free 9908K/10311K, paused 2ms+79ms
07-19 05:48:03.130   144 31280 I ActivityManager: Applications Memory Usage (kB):
07-19 05:48:03.130   144 31280 I ActivityManager: Uptime: 228191896 Realtime: 308150739
07-19 05:48:03.130   144 31280 I ActivityManager: Total PSS by OOM adjustment:
07-19 05:48:03.130   144 31280 I ActivityManager:     28088 kB: System
07-19 05:48:03.130   144 31280 I ActivityManager:                28088 kB: system (pid 144)
07-19 05:48:03.130   144 31280 I ActivityManager:     29020 kB: Persistent
07-19 05:48:03.130   144 31280 I ActivityManager:                13312 kB: com.android.systemui (pid 215)
07-19 05:48:03.130   144 31280 I ActivityManager:                11759 kB: com.android.phone (pid 346)
07-19 05:48:03.130   144 31280 I ActivityManager:                 3949 kB: com.android.nfc (pid 359)
07-19 05:48:03.130   144 31280 I ActivityManager:    113137 kB: Foreground
07-19 05:48:03.130   144 31280 I ActivityManager:                62397 kB: com.android.chrome (pid 3217)
07-19 05:48:03.130   144 31280 I ActivityManager:                41475 kB: com.android.chrome:sandboxed_process1 (pid 3452)
07-19 05:48:03.130   144 31280 I ActivityManager:                 9265 kB: com.google.process.gapps (pid 28060)
07-19 05:48:03.130   144 31280 I ActivityManager:     17431 kB: Visible
07-19 05:48:03.130   144 31280 I ActivityManager:                14592 kB: com.google.android.gsf.login (pid 13970)
07-19 05:48:03.130   144 31280 I ActivityManager:                 2839 kB: com.android.smspush (pid 435)
07-19 05:48:03.130   144 31280 I ActivityManager:      6700 kB: Perceptible
07-19 05:48:03.130   144 31280 I ActivityManager:                 6700 kB: com.klye.ime.latin (pid 321)
07-19 05:48:03.130   144 31280 I ActivityManager:     32523 kB: A Services
07-19 05:48:03.130   144 31280 I ActivityManager:                 9220 kB: com.facebook.katana (pid 29722)
07-19 05:48:03.130   144 31280 I ActivityManager:                 8625 kB: com.google.android.apps.maps (pid 31230)
07-19 05:48:03.130   144 31280 I ActivityManager:                 7465 kB: com.google.android.apps.maps:LocationFriendService (pid 31263)
07-19 05:48:03.130   144 31280 I ActivityManager:                 7213 kB: com.google.android.apps.maps:NetworkLocationService (pid 28677)
07-19 05:48:03.130   144 31280 I ActivityManager:     23906 kB: B Services
07-19 05:48:03.130   144 31280 I ActivityManager:                 9224 kB: com.xabber.androiddev (pid 31056)
07-19 05:48:03.130   144 31280 I ActivityManager:                 5324 kB: com.google.android.apps.googlevoice (pid 29948)
07-19 05:48:03.130   144 31280 I ActivityManager:                 3493 kB: com.apksoftware.compass (pid 29274)
07-19 05:48:03.130   144 31280 I ActivityManager:                 3131 kB: edu.buffalo.cse.phonelab.phonelabservices (pid 29187)
07-19 05:48:03.130   144 31280 I ActivityManager:                 2734 kB: com.android.sprintmenu (pid 29792)
07-19 05:48:03.130   144 31280 I ActivityManager: 
07-19 05:48:03.130   144 31280 I ActivityManager: Total PSS: 250805 kB
07-19 05:48:03.130   144 31280 I ActivityManager:   PID      Vss      Rss      Pss      Uss  cmdline
07-19 05:48:03.130   144 31280 I ActivityManager:  3217   84916K   84824K   62532K   56712K  com.android.chrome
07-19 05:48:03.130   144 31280 I ActivityManager:  3452   60292K   60188K   41525K   38060K  com.android.chrome:sandboxed_process1
07-19 05:48:03.130   144 31280 I ActivityManager:   144   43728K   43660K   28141K   27116K  system_server
07-19 05:48:03.130   144 31280 I ActivityManager: 13970   30368K   30288K   14663K   13756K  com.google.android.gsf.login
07-19 05:48:03.130   144 31280 I ActivityManager:   215   32296K   32080K   13361K    9424K  com.android.systemui
07-19 05:48:03.130   144 31280 I ActivityManager:    78   21120K   18120K   12233K    7092K  /system/bin/surfaceflinger
07-19 05:48:03.130   144 31280 I ActivityManager:   346   26792K   26720K   11808K   10964K  com.android.phone
07-19 05:48:03.130   144 31280 I ActivityManager: 28060   28056K   27968K    9310K    8044K  com.google.process.gapps
07-19 05:48:03.130   144 31280 I ActivityManager: 31056   30084K   30024K    9272K    7200K  com.xabber.androiddev
07-19 05:48:03.130   144 31280 I ActivityManager: 29722   28404K   28300K    9271K    7948K  com.facebook.katana
07-19 05:48:03.130   144 31280 I ActivityManager: 31230   30716K   30652K    8676K    5600K  com.google.android.apps.maps
07-19 05:48:03.130   144 31280 I ActivityManager: 31263   29372K   29312K    7382K    4304K  com.google.android.apps.maps:LocationFriendService
07-19 05:48:03.130   144 31280 I ActivityManager: 28677   25752K   25660K    7265K    5996K  com.google.android.apps.maps:NetworkLocationService
07-19 05:48:03.130   144 31280 I ActivityManager:   321   21904K   21804K    6749K    5896K  com.klye.ime.latin
07-19 05:48:03.130   144 31280 I ActivityManager: 29948   25052K   24956K    5373K    3996K  com.google.android.apps.googlevoice
07-19 05:48:03.130   144 31280 I ActivityManager:   359   19244K   19148K    3997K    3144K  com.android.nfc
07-19 05:48:03.130   144 31280 I ActivityManager: 29274   22944K   22844K    3543K    2244K  com.apksoftware.compass
07-19 05:48:03.130   144 31280 I ActivityManager: 29187   22140K   22040K    3179K    1928K  edu.buffalo.cse.phonelab.phonelabservices
07-19 05:48:03.130   144 31280 I ActivityManager:   435   18508K   18396K    2891K    1940K  com.android.smspush
07-19 05:48:03.130   144 31280 I ActivityManager: 29792   21812K   21708K    2786K    1504K  com.android.sprintmenu
07-19 05:48:03.130   144 31280 I ActivityManager:    79   18648K   18520K    2135K    1044K  zygote
07-19 05:48:03.130   144 31280 I ActivityManager:    81    2136K    2136K    1813K    1788K  /system/bin/mediaserver
07-19 05:48:03.130   144 31280 I ActivityManager:    80     956K     956K     878K     876K  /system/bin/drmserver
07-19 05:48:03.130   144 31280 I ActivityManager:  1395     984K     980K     845K     840K  logcat
07-19 05:48:03.130   144 31280 I ActivityManager:    77    1032K    1032K     752K     736K  /system/bin/rild
07-19 05:48:03.130   144 31280 I ActivityManager: 31285     796K     788K     667K     664K  procrank
07-19 05:48:03.130   144 31280 I ActivityManager:   275     684K     680K     524K     516K  /system/bin/wpa_supplicant
07-19 05:48:03.130   144 31280 I ActivityManager:    88     448K     448K     432K     432K  /sbin/adbd
07-19 05:48:03.130   144 31280 I ActivityManager: 29673     548K     548K     359K     344K  /system/bin/netd
07-19 05:48:03.130   144 31280 I ActivityManager:   292     332K     332K     300K     300K  /system/bin/bluetoothd
07-19 05:48:03.130   144 31280 I ActivityManager:    72     380K     376K     290K     284K  /system/bin/vold
07-19 05:48:03.130   144 31280 I ActivityManager:    86     432K     428K     283K     276K  /system/vendor/bin/gpsd
07-19 05:48:03.130   144 31280 I ActivityManager: 28597     352K     348K     198K     192K  /system/bin/dhcpcd
07-19 05:48:03.130   144 31280 I ActivityManager:    82     220K     212K     184K     184K  /system/bin/dbus-daemon
07-19 05:48:03.130   144 31280 I ActivityManager:    85     200K     192K     160K     160K  /system/bin/keystore
07-19 05:48:03.130   144 31280 I ActivityManager:     1     204K     204K     142K     104K  /init
07-19 05:48:03.130   144 31280 I ActivityManager:   203     168K     160K     128K     128K  /system/bin/brcm_patchram_plus
07-19 05:48:03.130   144 31280 I ActivityManager:    61     160K     160K     122K      84K  /sbin/ueventd
07-19 05:48:03.130   144 31280 I ActivityManager:    87     140K    
07-19 05:48:06.349   144   161 I ActivityManager: Start proc com.whatsapp for service com.whatsapp/.messaging.MessageService: pid=31288 uid=10068 gids={1015, 3003}
07-19 05:48:06.356 31288 31288 I dalvikvm: Turning on JNI app bug workarounds for target SDK version 7...
07-19 05:48:06.419 28060 28060 D dalvikvm: GC_EXPLICIT freed 42K, 6% free 9940K/10503K, paused 23ms+7ms
07-19 05:48:06.556 31288 31291 D dalvikvm: GC_CONCURRENT freed 163K, 3% free 9360K/9607K, paused 2ms+2ms
07-19 05:48:06.829   144  6618 I ActivityManager: Process com.google.android.apps.maps:LocationFriendService (pid 31263) has died.
07-19 05:48:07.165 31288 31291 D dalvikvm: GC_CONCURRENT freed 278K, 4% free 9595K/9991K, paused 2ms+3ms
07-19 05:48:07.204 29187 29187 I PhoneLab-Locks: wake lock acquired
07-19 05:48:07.227 29187 31304 I PhoneLab-PeriodicCheckService: User info is synched
07-19 05:48:07.243 29187 31304 I PhoneLab-PeriodicCheckService: Logger Service is running
07-19 05:48:07.247 29187 29187 I PhoneLab-Locks: wake lock acquired
07-19 05:48:07.255 29187 29187 I PhoneLab-StatusMonitor: Status Monitoring is started
07-19 05:48:07.255 29187 31304 I PhoneLab-Locks: wake lock acquired
07-19 05:48:07.255 29187 31304 I PhoneLab-PeriodicCheckService: Rescheduling periodic checking...
07-19 05:48:07.259 29187 31304 I PhoneLab-Locks: wake lock released
07-19 05:48:07.333 29187 29187 E PhoneLab-PhoneLabManifest: java.io.FileNotFoundException: /data/data/edu.buffalo.cse.phonelab.phonelabservices/files/manifest.xml: open failed: ENOENT (No such file or directory)
07-19 05:48:07.392 29187 29187 I PhoneLab-Locks: wake lock released
07-19 05:48:07.411 29187 29187 I PhoneLab-UploadLogs: Transfering log files now
07-19 05:48:07.614 29187 29189 D dalvikvm: GC_CONCURRENT freed 402K, 6% free 9158K/9671K, paused 4ms+3ms
07-19 05:48:07.642 29187 29187 D dalvikvm: GC_FOR_ALLOC freed 63K, 6% free 9186K/9735K, paused 21ms
07-19 05:48:07.642 29187 29187 I dalvikvm-heap: Grow heap (frag case) to 9.162MB for 123476-byte allocation
07-19 05:48:07.665 29187 29187 D dalvikvm: GC_FOR_ALLOC freed 56K, 7% free 9250K/9863K, paused 13ms
07-19 05:48:07.665 29187 29187 I dalvikvm-heap: Grow heap (frag case) to 9.349MB for 254548-byte allocation
07-19 05:48:07.708 29187 29187 D dalvikvm: GC_FOR_ALLOC freed 120K, 8% free 9378K/10119K, paused 33ms
07-19 05:48:07.712 29187 29187 I dalvikvm-heap: Grow heap (frag case) to 9.724MB for 516692-byte allocation
07-19 05:48:07.747 29187 29189 D dalvikvm: GC_CONCURRENT freed 248K, 10% free 9633K/10631K, paused 2ms+3ms
07-19 05:48:07.747   144   378 I ActivityManager: Start proc android.process.acore for content provider com.android.providers.contacts/.ContactsProvider2: pid=31310 uid=10000 gids={3003, 1015}
07-19 05:48:07.778 29187 29187 I PhoneLab-UploadLogs: OnStartCommand
07-19 05:48:07.841 31310 31310 I ActivityThread: Pub call_log: com.android.providers.contacts.CallLogProvider
07-19 05:48:07.899 31310 31310 I ActivityThread: Pub com.android.voicemail: com.android.providers.contacts.VoicemailContentProvider
07-19 05:48:07.903 31310 31310 I ActivityThread: Pub user_dictionary: com.android.providers.userdictionary.UserDictionaryProvider
07-19 05:48:07.935 31310 31310 I ActivityThread: Pub com.android.social: com.android.providers.contacts.SocialProvider
07-19 05:48:07.938 31310 31310 I ActivityThread: Pub applications: com.android.providers.applications.ApplicationsProvider
07-19 05:48:08.024 31288 31288 I dalvikvm: Could not find method android.media.MediaMetadataRetriever.captureFrame, referenced from method com.whatsapp.q3.a
07-19 05:48:08.024 31288 31288 W dalvikvm: VFY: unable to resolve virtual method 502: Landroid/media/MediaMetadataRetriever;.captureFrame ()Landroid/graphics/Bitmap;
07-19 05:48:08.024 31288 31288 D dalvikvm: VFY: replacing opcode 0x6e at 0x0134
07-19 05:48:08.142 31310 31310 I ActivityThread: Pub contacts;com.android.contacts: com.android.providers.contacts.ContactsProvider2
07-19 05:48:08.188 31310 31312 D dalvikvm: GC_CONCURRENT freed 345K, 5% free 9187K/9607K, paused 4ms+2ms
07-19 05:48:08.216 31288 31291 D dalvikvm: GC_CONCURRENT freed 255K, 4% free 9798K/10183K, paused 5ms+3ms
07-19 05:48:08.403 31288 31291 D dalvikvm: GC_CONCURRENT freed 359K, 5% free 9969K/10439K, paused 2ms+4ms
07-19 05:48:08.485 29187 31317 D dalvikvm: GC_FOR_ALLOC freed 383K, 10% free 9618K/10631K, paused 136ms
07-19 05:48:08.505 29187 31317 D dalvikvm: GC_FOR_ALLOC freed 301K, 10% free 9618K/10631K, paused 16ms
07-19 05:48:08.524 29187 31317 D dalvikvm: GC_FOR_ALLOC freed 301K, 10% free 9625K/10631K, paused 14ms
07-19 05:48:08.599   144   342 I ActivityManager: Process com.google.android.apps.maps (pid 31230) has died.
07-19 05:48:08.599   144   342 W ActivityManager: Scheduling restart of crashed service com.google.android.apps.maps/com.google.googlenav.prefetch.android.PrefetcherService in 5000ms
07-19 05:48:09.669 31310 31312 D dalvikvm: GC_CONCURRENT freed 231K, 4% free 9380K/9735K, paused 44ms+4ms
07-19 05:48:10.759 31288 31291 D dalvikvm: GC_CONCURRENT freed 308K, 4% free 10149K/10567K, paused 67ms+7ms
07-19 05:48:10.841 31310 31312 D dalvikvm: GC_CONCURRENT freed 194K, 4% free 9609K/9927K, paused 8ms+3ms
07-19 05:48:11.411 29187 29187 I PhoneLab-: 1342690264927.log is deleted
07-19 05:48:11.411 29187 29187 I PhoneLab-: Response: {"data": "done", "err": ""}
07-19 05:48:11.438 29187 29187 I PhoneLab-UploadLogs: No log files to transfer
07-19 05:48:11.442 29187 29187 I PhoneLab-Locks: wake lock released
07-19 05:48:11.790 31338 31338 D dalvikvm: Late-enabling CheckJNI
07-19 05:48:11.806   144   161 I ActivityManager: Start proc com.chess for broadcast com.chess/.backend.AlarmReceiver: pid=31338 uid=10079 gids={3003, 1015}
07-19 05:48:12.392 31338 31340 D dalvikvm: GC_CONCURRENT freed 167K, 3% free 9365K/9607K, paused 2ms+3ms
07-19 05:48:12.669 31338 31352 D GetStringObjTask: retrieving from url = http://www.chess.com/api/get_move_status?id=5HHjW9WUGa%2Bcu1LUwnVJPxTIWxmEve4VdkRnRyg7b5Ch69JH2Z5aB%2B7eGuFw8K2uFx47KFsdE3JRdR3Mzv0PkZOj6eZ8N73BvxmEERrzXjMNRo80rkLyJAUTh0iqof4n
07-19 05:48:13.450 31338 31352 D GetStringObjTask: WebRequest SERVER RESPONSE: Success+0
07-19 05:48:13.708   144   161 I ActivityManager: Start proc com.google.android.apps.maps for service com.google.android.apps.maps/com.google.googlenav.prefetch.android.PrefetcherService: pid=31354 uid=10056 gids={3003, 1015}
07-19 05:48:14.290 31354 31357 D dalvikvm: GC_CONCURRENT freed 166K, 3% free 9365K/9607K, paused 2ms+12ms
07-19 05:48:14.407 31354 31354 I ActivityThread: Pub com.google.android.maps.SearchHistoryProvider: com.google.googlenav.provider.SearchHistoryProvider
07-19 05:48:14.446 31354 31354 I ActivityThread: Pub com.google.android.maps.SuggestionProvider: com.google.googlenav.suggest.android.SuggestContentProvider
07-19 05:48:14.477 31354 31354 I ActivityThread: Pub com.google.android.maps.LayerInfoProvider: com.google.googlenav.layer.LayerInfoProvider
07-19 05:48:14.509 31354 31354 I ActivityThread: Pub com.google.android.maps.TrafficAppWidgetProvider: com.google.googlenav.appwidget.traffic.TrafficAppWidgetProvider
07-19 05:48:14.513 31354 31354 I ActivityThread: Pub com.google.android.maps.LocalActivePlacesProvider: com.google.googlenav.provider.LocalActivePlacesProvider
07-19 05:48:14.513 31354 31354 I ActivityThread: Pub com.google.android.maps.StarredItemProvider: com.google.googlenav.provider.StarredItemProvider
07-19 05:48:14.665 31354 31357 D dalvikvm: GC_CONCURRENT freed 177K, 4% free 9672K/9991K, paused 5ms+7ms
07-19 05:48:14.700   144   388 I ActivityManager: Process android.process.acore (pid 31310) has died.
07-19 05:48:14.974 31354 31357 D dalvikvm: GC_CONCURRENT freed 261K, 4% free 9923K/10247K, paused 3ms+5ms
07-19 05:48:14.985 31354 31354 I ActivityThread: Pub com.google.android.maps.LocalSuggestionProvider: com.google.googlenav.provider.LocalSuggestionProvider
07-19 05:48:14.989 31354 31354 I ActivityThread: Pub com.google.android.maps.NavigationAvailabilityProvider: com.google.googlenav.provider.NavigationAvailabilityProvider
07-19 05:48:15.110 31354 31387 D dalvikvm: GC_FOR_ALLOC freed 121K, 4% free 10166K/10503K, paused 18ms
07-19 05:48:15.165   144   199 D DhcpInfoInternal: makeLinkProperties with empty dns2!
07-19 05:48:15.165   144   199 D DhcpInfoInternal: makeLinkProperties with empty dns2!
07-19 05:48:15.212 31354 31357 D dalvikvm: GC_CONCURRENT freed 150K, 3% free 10486K/10759K, paused 2ms+2ms
07-19 05:48:15.231 31354 31398 D dalvikvm: GC_FOR_ALLOC freed 28K, 4% free 10657K/11015K, paused 19ms
07-19 05:48:15.341   144   155 I ActivityManager: Process com.chess (pid 31338) has died.
07-19 05:48:22.591   359   359 D dalvikvm: GC_EXPLICIT freed <1K, 6% free 9096K/9607K, paused 24ms+3ms
07-19 05:48:30.829  3217  3217 W ThumbnailCache: Low Memory: Freed 0 textures from compression queue, 0 from write queue, 0 from the pinned list, 0 from the cache.
07-19 05:48:30.872  3217  3217 D dalvikvm: GC_EXPLICIT freed 1K, 20% free 12145K/15111K, paused 2ms+4ms
07-19 05:48:35.938  3452  3452 D dalvikvm: GC_EXPLICIT freed <1K, 4% free 9238K/9543K, paused 18ms+3ms
07-19 05:48:40.985   144   160 D dalvikvm: GC_EXPLICIT freed 1212K, 23% free 18693K/24199K, paused 31ms+8ms
07-19 05:48:43.567   144 14192 I ActivityManager: Start proc android.process.acore for content provider com.android.providers.contacts/.ContactsProvider2: pid=31406 uid=10000 gids={3003, 1015}
07-19 05:48:43.688 31406 31406 I ActivityThread: Pub call_log: com.android.providers.contacts.CallLogProvider
07-19 05:48:43.798 31406 31406 I ActivityThread: Pub com.android.voicemail: com.android.providers.contacts.VoicemailContentProvider
07-19 05:48:43.813 31406 31406 I ActivityThread: Pub user_dictionary: com.android.providers.userdictionary.UserDictionaryProvider
07-19 05:48:43.892 31406 31406 I ActivityThread: Pub com.android.social: com.android.providers.contacts.SocialProvider
07-19 05:48:43.895 31406 31406 I ActivityThread: Pub applications: com.android.providers.applications.ApplicationsProvider
07-19 05:48:44.102 31406 31409 D dalvikvm: GC_CONCURRENT freed 341K, 5% free 9148K/9607K, paused 2ms+2ms
07-19 05:48:44.102 31406 31406 I ActivityThread: Pub contacts;com.android.contacts: com.android.providers.contacts.ContactsProvider2
07-19 05:48:44.298   144   390 D dalvikvm: GC_EXPLICIT freed 40K, 23% free 18680K/24199K, paused 4ms+7ms
07-19 05:48:44.513 31406 31409 D dalvikvm: GC_CONCURRENT freed 193K, 4% free 9348K/9671K, paused 2ms+3ms
07-19 05:48:44.688   144   378 I ActivityManager: Process com.whatsapp (pid 31288) has died.
07-19 05:48:44.688   144   378 W ActivityManager: Scheduling restart of crashed service com.whatsapp/.messaging.MessageService in 5000ms
07-19 05:48:45.278 31406 31409 D dalvikvm: GC_CONCURRENT freed 286K, 5% free 9519K/9927K, paused 2ms+3ms
07-19 05:48:47.802 31406 31409 D dalvikvm: GC_CONCURRENT freed 279K, 5% free 9638K/10055K, paused 29ms+3ms
07-19 05:48:49.794   144   161 I ActivityManager: Start proc com.whatsapp for service com.whatsapp/.messaging.MessageService: pid=31422 uid=10068 gids={1015, 3003}
07-19 05:48:49.806 31422 31422 I dalvikvm: Turning on JNI app bug workarounds for target SDK version 7...
07-19 05:48:49.880   346   346 D dalvikvm: GC_EXPLICIT freed 3K, 10% free 11911K/13191K, paused 8ms+6ms
07-19 05:48:50.048 31422 31425 D dalvikvm: GC_CONCURRENT freed 175K, 3% free 9345K/9607K, paused 3ms+5ms
07-19 05:48:50.833 31422 31425 D dalvikvm: GC_CONCURRENT freed 283K, 4% free 9604K/9991K, paused 2ms+2ms
07-19 05:48:51.263 31422 31422 I dalvikvm: Could not find method android.media.MediaMetadataRetriever.captureFrame, referenced from method com.whatsapp.q3.a
07-19 05:48:51.263 31422 31422 W dalvikvm: VFY: unable to resolve virtual method 502: Landroid/media/MediaMetadataRetriever;.captureFrame ()Landroid/graphics/Bitmap;
07-19 05:48:51.263 31422 31422 D dalvikvm: VFY: replacing opcode 0x6e at 0x0134
07-19 05:48:51.450 31422 31425 D dalvikvm: GC_CONCURRENT freed 332K, 5% free 9836K/10247K, paused 2ms+3ms
07-19 05:48:51.571 31422 31425 D dalvikvm: GC_CONCURRENT freed 283K, 4% free 9970K/10375K, paused 4ms+5ms
07-19 05:48:51.739   144 15767 I ActivityManager: Process android.process.acore (pid 31406) has died.
07-19 05:48:51.778   144   144 I ActivityManager: Start proc android.process.acore for content provider com.android.providers.contacts/.ContactsProvider2: pid=31449 uid=10000 gids={3003, 1015}
07-19 05:48:51.810    79    79 D dalvikvm: GC_EXPLICIT freed 37K, 4% free 9027K/9347K, paused 2ms+2ms
07-19 05:48:51.833 31449 31449 I ActivityThread: Pub call_log: com.android.providers.contacts.CallLogProvider
07-19 05:48:51.852    79    79 D dalvikvm: GC_EXPLICIT freed <1K, 4% free 9027K/9347K, paused 3ms+2ms
07-19 05:48:51.856 31449 31449 I ActivityThread: Pub com.android.voicemail: com.android.providers.contacts.VoicemailContentProvider
07-19 05:48:51.860 31449 31449 I ActivityThread: Pub user_dictionary: com.android.providers.userdictionary.UserDictionaryProvider
07-19 05:48:51.872 31449 31449 I ActivityThread: Pub com.android.social: com.android.providers.contacts.SocialProvider
07-19 05:48:51.872 31449 31449 I ActivityThread: Pub applications: com.android.providers.applications.ApplicationsProvider
07-19 05:48:51.903    79    79 D dalvikvm: GC_EXPLICIT freed <1K, 4% free 9027K/9347K, paused 2ms+2ms
07-19 05:48:52.036 31449 31452 D dalvikvm: GC_CONCURRENT freed 348K, 5% free 9145K/9607K, paused 1ms+2ms
07-19 05:48:52.044 31449 31449 I ActivityThread: Pub contacts;com.android.contacts: com.android.providers.contacts.ContactsProvider2
07-19 05:48:53.122 31449 31452 D dalvikvm: GC_CONCURRENT freed 172K, 4% free 9364K/9671K, paused 2ms+1ms
07-19 05:48:53.399 31422 31425 D dalvikvm: GC_CONCURRENT freed 307K, 4% free 10151K/10567K, paused 2ms+7ms
07-19 05:48:53.938 31449 31452 D dalvikvm: GC_CONCURRENT freed 182K, 4% free 9606K/9927K, paused 24ms+5ms
07-19 05:48:54.032   144 15767 I ActivityManager: Process android.process.acore (pid 31449) has died.
07-19 05:48:55.048   346   346 D SAN_SERVICE: *******************************************
07-19 05:48:55.048   346   346 D SAN_SERVICE: DM App Phone Service State - 0
07-19 05:48:55.048   346   346 D SAN_SERVICE: *******************************************
07-19 05:48:58.157   144   174 I ActivityManager: Start proc com.twitter.android for service com.twitter.android/.client.AppService: pid=31470 uid=10064 gids={3003, 1015}
07-19 05:48:58.165 31470 31470 I dalvikvm: Turning on JNI app bug workarounds for target SDK version 11...
07-19 05:48:58.302 31470 31470 I ActivityThread: Pub com.twitter.android.provider.GlobalDatabaseProvider: com.twitter.android.provider.GlobalDatabaseProvider
07-19 05:48:58.313 31470 31470 I ActivityThread: Pub com.twitter.android.provider.TwitterProvider: com.twitter.android.provider.TwitterProvider
07-19 05:48:58.403 31470 31472 D dalvikvm: GC_CONCURRENT freed 172K, 4% free 9297K/9607K, paused 2ms+22ms
07-19 05:48:58.903 31470 31472 D dalvikvm: GC_CONCURRENT freed 221K, 4% free 9513K/9863K, paused 3ms+3ms
07-19 05:48:59.052 31470 31472 D dalvikvm: GC_CONCURRENT freed 286K, 5% free 9640K/10055K, paused 2ms+2ms
07-19 05:48:59.181 31470 31472 D dalvikvm: GC_CONCURRENT freed 290K, 5% free 9761K/10183K, paused 1ms+2ms
07-19 05:48:59.317 31470 31472 D dalvikvm: GC_CONCURRENT freed 295K, 5% free 9883K/10311K, paused 2ms+2ms
07-19 05:48:59.438 31470 31472 D dalvikvm: GC_CONCURRENT freed 298K, 5% free 10013K/10439K, paused 2ms+2ms
07-19 05:48:59.583 31470 31472 D dalvikvm: GC_CONCURRENT freed 293K, 5% free 10143K/10567K, paused 2ms+2ms
07-19 05:48:59.704 31470 31472 D dalvikvm: GC_CONCURRENT freed 297K, 5% free 10268K/10695K, paused 1ms+1ms
07-19 05:48:59.915   144   342 I ActivityManager: Process com.xabber.androiddev (pid 31056) has died.
07-19 05:48:59.915   144   342 W ActivityManager: Scheduling restart of crashed service com.xabber.androiddev/com.xabber.android.service.XMPPService in 5000ms
07-19 05:48:59.954 31470 31472 D dalvikvm: GC_CONCURRENT freed 475K, 6% free 10220K/10823K, paused 4ms+6ms
07-19 05:49:00.118 31470 31472 D dalvikvm: GC_CONCURRENT freed 320K, 5% free 10294K/10823K, paused 2ms+2ms
07-19 05:49:00.247 31470 31472 D dalvikvm: GC_CONCURRENT freed 329K, 5% free 10370K/10823K, paused 2ms+2ms
07-19 05:49:00.415 31470 31472 D dalvikvm: GC_CONCURRENT freed 352K, 5% free 10471K/10951K, paused 2ms+2ms
07-19 05:49:00.536 31470 31472 D dalvikvm: GC_CONCURRENT freed 341K, 5% free 10550K/11015K, paused 2ms+2ms
07-19 05:49:00.661 31470 31472 D dalvikvm: GC_CONCURRENT freed 326K, 5% free 10631K/11079K, paused 2ms+2ms
07-19 05:49:00.794 31470 31472 D dalvikvm: GC_CONCURRENT freed 365K, 5% free 10718K/11207K, paused 1ms+2ms
07-19 05:49:00.931 31470 31472 D dalvikvm: GC_CONCURRENT freed 397K, 5% free 10814K/11335K, paused 1ms+2ms
07-19 05:49:01.399 28677 28678 D dalvikvm: GC_CONCURRENT freed 497K, 6% free 10423K/11079K, paused 2ms+4ms
07-19 05:49:01.415   144   342 I ActivityManager: Start proc com.google.android.apps.maps:LocationFriendService for service com.google.android.apps.maps/com.google.googlenav.friend.reporting.LocationReceiverService: pid=31487 uid=10056 gids={3003, 1015}
07-19 05:49:01.591 31487 31490 D dalvikvm: GC_CONCURRENT freed 156K, 3% free 9376K/9607K, paused 2ms+2ms
07-19 05:49:02.024 31487 31490 D dalvikvm: GC_CONCURRENT freed 150K, 3% free 9673K/9927K, paused 41ms+2ms
07-19 05:49:02.290 31487 31490 D dalvikvm: GC_CONCURRENT freed 278K, 5% free 9833K/10247K, paused 2ms+2ms
07-19 05:49:02.579 31487 31490 D dalvikvm: GC_CONCURRENT freed 333K, 4% free 9963K/10375K, paused 2ms+5ms
07-19 05:49:02.657 31470 31472 D dalvikvm: GC_CONCURRENT freed 324K, 4% free 11015K/11463K, paused 2ms+2ms
07-19 05:49:02.727   144  1167 I ActivityManager: Process com.google.android.apps.maps:LocationFriendService (pid 31487) has died.
07-19 05:49:04.977 31512 31512 D dalvikvm: Late-enabling CheckJNI
07-19 05:49:04.985   144   161 I ActivityManager: Start proc com.xabber.androiddev for service com.xabber.androiddev/com.xabber.android.service.XMPPService: pid=31512 uid=10063 gids={3003, 1015}
07-19 05:49:05.497 29187 29200 I PhoneLab-: Service Running
07-19 05:49:05.544   144   390 I ActivityManager: Process com.google.android.apps.maps (pid 31354) has died.
07-19 05:49:05.544   144   390 W ActivityManager: Scheduling restart of crashed service com.google.android.apps.maps/com.google.googlenav.prefetch.android.PrefetcherService in 20000ms
07-19 05:49:05.700 31512 31512 I dalvikvm: Turning on JNI app bug workarounds for target SDK version 9...
07-19 05:49:05.786 29187 29200 I PhoneLab-LoggerService: app_37    1395  1     1432   980   c00f181c 400107b4 S logcat
07-19 05:49:05.786 29187 29200 I PhoneLab-LoggerService: Logcat pid from database 1395
07-19 05:49:05.790 29187 29200 I PhoneLab-LoggerService: Logcat process found 1395
07-19 05:49:05.790 29187 29200 I PhoneLab-LoggerService: Checking Threshold
07-19 05:49:05.946 31470 31472 D dalvikvm: GC_CONCURRENT freed 434K, 5% free 11151K/11719K, paused 2ms+5ms
07-19 05:49:06.063 31512 31515 D dalvikvm: GC_CONCURRENT freed 207K, 3% free 9325K/9607K, paused 2ms+3ms
07-19 05:49:06.102 31512 31512 D dalvikvm: GC_FOR_ALLOC freed 309K, 5% free 9457K/9927K, paused 16ms
07-19 05:49:06.204 31512 31515 D dalvikvm: GC_CONCURRENT freed 127K, 3% free 9852K/10055K, paused 1ms+5ms
07-19 05:49:06.341 31512 31515 D dalvikvm: GC_CONCURRENT freed 290K, 4% free 10074K/10439K, paused 1ms+2ms
07-19 05:49:06.520 31512 31512 I com.xabber.android.service.XMPPService@4148c0c0: onCreate
07-19 05:49:06.520 31512 31512 I com.xabber.android.data.Application@413513d8: onStart
07-19 05:49:06.618 31512 31515 D dalvikvm: GC_CONCURRENT freed 349K, 5% free 10176K/10631K, paused 3ms+3ms
07-19 05:49:06.622 31512 31528 I com.xabber.android.data.LogManager@413540a0: onLoad
07-19 05:49:06.677   144   317 I ActivityManager: Process com.twitter.android (pid 31470) has died.
07-19 05:49:06.790   144 12390 I ActivityManager: Start proc android.process.acore for content provider com.android.providers.contacts/.ContactsProvider2: pid=31531 uid=10000 gids={3003, 1015}
07-19 05:49:06.829 31531 31531 I ActivityThread: Pub call_log: com.android.providers.contacts.CallLogProvider
07-19 05:49:06.872 31531 31531 I ActivityThread: Pub com.android.voicemail: com.android.providers.contacts.VoicemailContentProvider
07-19 05:49:06.880 31531 31531 I ActivityThread: Pub user_dictionary: com.android.providers.userdictionary.UserDictionaryProvider
07-19 05:49:06.895 31531 31531 I ActivityThread: Pub com.android.social: com.android.providers.contacts.SocialProvider
07-19 05:49:06.899 31531 31531 I ActivityThread: Pub applications: com.android.providers.applications.ApplicationsProvider
07-19 05:49:07.048 31531 31534 D dalvikvm: GC_CONCURRENT freed 325K, 5% free 9147K/9607K, paused 2ms+2ms
07-19 05:49:07.048 31531 31531 I ActivityThread: Pub contacts;com.android.contacts: com.android.providers.contacts.ContactsProvider2
07-19 05:49:07.282 31531 31534 D dalvikvm: GC_CONCURRENT freed 195K, 4% free 9342K/9671K, paused 6ms+2ms
07-19 05:49:08.665 31531 31534 D dalvikvm: GC_CONCURRENT freed 182K, 4% free 9606K/9927K, paused 15ms+2ms
07-19 05:49:08.911 31512 31515 D dalvikvm: GC_CONCURRENT freed 208K, 4% free 10413K/10759K, paused 2ms+3ms
07-19 05:49:11.185 31512 31515 D dalvikvm: GC_CONCURRENT freed 279K, 4% free 10539K/10951K, paused 54ms+5ms
07-19 05:49:12.036 31512 31515 D dalvikvm: GC_CONCURRENT freed 337K, 5% free 10616K/11079K, paused 2ms+2ms
07-19 05:49:14.560 31512 31515 D dalvikvm: GC_CONCURRENT freed 360K, 5% free 10780K/11271K, paused 9ms+2ms
07-19 05:49:14.774   435   435 D dalvikvm: GC_EXPLICIT freed <1K, 4% free 9033K/9347K, paused 10ms+2ms
07-19 05:49:19.786   321   321 D dalvikvm: GC_EXPLICIT freed <1K, 24% free 10155K/13191K, paused 16ms+2ms
07-19 05:49:24.802 13970 13970 D dalvikvm: GC_EXPLICIT freed <1K, 6% free 9760K/10375K, paused 39ms+3ms
07-19 05:49:25.677   144   161 I ActivityManager: Start proc com.google.android.apps.maps for service com.google.android.apps.maps/com.google.googlenav.prefetch.android.PrefetcherService: pid=31557 uid=10056 gids={3003, 1015}
07-19 05:49:25.864 31557 31560 D dalvikvm: GC_CONCURRENT freed 159K, 3% free 9372K/9607K, paused 2ms+2ms
07-19 05:49:25.993 31557 31557 I ActivityThread: Pub com.google.android.maps.SearchHistoryProvider: com.google.googlenav.provider.SearchHistoryProvider
07-19 05:49:26.036 31557 31557 I ActivityThread: Pub com.google.android.maps.SuggestionProvider: com.google.googlenav.suggest.android.SuggestContentProvider
07-19 05:49:26.095 31557 31557 I ActivityThread: Pub com.google.android.maps.LayerInfoProvider: com.google.googlenav.layer.LayerInfoProvider
07-19 05:49:26.134 31557 31557 I ActivityThread: Pub com.google.android.maps.TrafficAppWidgetProvider: com.google.googlenav.appwidget.traffic.TrafficAppWidgetProvider
07-19 05:49:26.138 31557 31557 I ActivityThread: Pub com.google.android.maps.LocalActivePlacesProvider: com.google.googlenav.provider.LocalActivePlacesProvider
07-19 05:49:26.142 31557 31557 I ActivityThread: Pub com.google.android.maps.StarredItemProvider: com.google.googlenav.provider.StarredItemProvider
07-19 05:49:26.243 31557 31560 D dalvikvm: GC_CONCURRENT freed 158K, 3% free 9650K/9927K, paused 2ms+2ms
07-19 05:49:26.415 31557 31560 D dalvikvm: GC_CONCURRENT freed 218K, 4% free 9828K/10183K, paused 2ms+10ms
07-19 05:49:26.435 28060 28154 D dalvikvm: GC_EXPLICIT freed 133K, 6% free 9953K/10503K, paused 6ms+5ms
07-19 05:49:26.477 31557 31557 I ActivityThread: Pub com.google.android.maps.LocalSuggestionProvider: com.google.googlenav.provider.LocalSuggestionProvider
07-19 05:49:26.477 31557 31557 I ActivityThread: Pub com.google.android.maps.NavigationAvailabilityProvider: com.google.googlenav.provider.NavigationAvailabilityProvider
07-19 05:49:26.599 31557 31573 D dalvikvm: GC_FOR_ALLOC freed 168K, 3% free 9962K/10247K, paused 26ms
07-19 05:49:26.634 31557 31572 D dalvikvm: GC_FOR_ALLOC freed 12K, 4% free 10161K/10503K, paused 20ms
07-19 05:49:26.739 31557 31560 D dalvikvm: GC_CONCURRENT freed 171K, 3% free 10489K/10759K, paused 3ms+8ms
07-19 05:49:26.774 31557 31582 D dalvikvm: GC_FOR_ALLOC freed 19K, 4% free 10669K/11015K, paused 33ms
07-19 05:49:26.802   144   144 I ActivityManager: Process android.process.acore (pid 31531) has died.
07-19 05:49:33.513   359   359 D dalvikvm: GC_EXPLICIT freed <1K, 6% free 9096K/9607K, paused 22ms+2ms
07-19 05:49:38.462  3217  3217 W ThumbnailCache: Low Memory: Freed 0 textures from compression queue, 0 from write queue, 0 from the pinned list, 0 from the cache.
07-19 05:49:38.505  3217  3217 D dalvikvm: GC_EXPLICIT freed 256K, 20% free 12169K/15111K, paused 2ms+4ms
07-19 05:49:43.501  3452  3452 D dalvikvm: GC_EXPLICIT freed <1K, 4% free 9238K/9543K, paused 20ms+2ms
07-19 05:49:48.567   144   160 D dalvikvm: GC_EXPLICIT freed 824K, 23% free 18706K/24199K, paused 8ms+8ms
07-19 05:49:53.583   346   346 D dalvikvm: GC_EXPLICIT freed 23K, 10% free 11911K/13191K, paused 39ms+4ms
07-19 05:49:58.462   435   435 D dalvikvm: GC_EXPLICIT freed <1K, 4% free 9033K/9347K, paused 2ms+2ms
07-19 05:50:01.224   144 12390 I ActivityManager: Start proc com.google.android.apps.maps:LocationFriendService for service com.google.android.apps.maps/com.google.googlenav.friend.reporting.LocationReceiverService: pid=31590 uid=10056 gids={3003, 1015}
07-19 05:50:01.341 31590 31593 D dalvikvm: GC_CONCURRENT freed 165K, 3% free 9366K/9607K, paused 2ms+2ms
07-19 05:50:01.548 31590 31593 D dalvikvm: GC_CONCURRENT freed 138K, 3% free 9694K/9927K, paused 2ms+2ms
07-19 05:50:01.817 31590 31593 D dalvikvm: GC_CONCURRENT freed 304K, 4% free 9848K/10247K, paused 3ms+2ms
07-19 05:50:02.028 31590 31593 D dalvikvm: GC_CONCURRENT freed 321K, 4% free 9964K/10375K, paused 2ms+4ms
07-19 05:50:02.060   144   342 I ActivityManager: Process com.xabber.androiddev (pid 31512) has died.
07-19 05:50:02.060   144   342 W ActivityManager: Scheduling restart of crashed service com.xabber.androiddev/com.xabber.android.service.XMPPService in 20000ms
07-19 05:50:06.216   321   321 D dalvikvm: GC_EXPLICIT freed <1K, 24% free 10155K/13191K, paused 16ms+3ms
07-19 05:50:11.235 13970 13970 D dalvikvm: GC_EXPLICIT freed <1K, 6% free 9760K/10375K, paused 21ms+3ms
07-19 05:50:16.259   215   215 D dalvikvm: GC_EXPLICIT freed 77K, 56% free 10170K/22727K, paused 23ms+4ms
07-19 05:50:21.224 28677 28677 D dalvikvm: GC_EXPLICIT freed 282K, 7% free 10412K/11079K, paused 23ms+3ms
07-19 05:50:22.126 31613 31613 D dalvikvm: Late-enabling CheckJNI
07-19 05:50:22.126   144   161 I ActivityManager: Start proc com.xabber.androiddev for service com.xabber.androiddev/com.xabber.android.service.XMPPService: pid=31613 uid=10063 gids={3003, 1015}
07-19 05:50:22.138 31613 31613 I dalvikvm: Turning on JNI app bug workarounds for target SDK version 9...
07-19 05:50:22.337   144  1167 D dalvikvm: GC_EXPLICIT freed 118K, 23% free 18676K/24199K, paused 3ms+7ms
07-19 05:50:22.427 31613 31615 D dalvikvm: GC_CONCURRENT freed 217K, 4% free 9315K/9607K, paused 5ms+2ms
07-19 05:50:22.477 31613 31613 D dalvikvm: GC_FOR_ALLOC freed 327K, 5% free 9473K/9927K, paused 15ms
07-19 05:50:22.591 31613 31615 D dalvikvm: GC_CONCURRENT freed 190K, 3% free 9854K/10119K, paused 2ms+3ms
07-19 05:50:22.735 31613 31615 D dalvikvm: GC_CONCURRENT freed 275K, 4% free 10152K/10503K, paused 2ms+2ms
07-19 05:50:22.845 31613 31613 I com.xabber.android.service.XMPPService@41425b60: onCreate
07-19 05:50:22.849 31613 31613 I com.xabber.android.data.Application@41354b68: onStart
07-19 05:50:22.860 31613 31627 I com.xabber.android.data.LogManager@41360658: onLoad
07-19 05:50:22.911   144   378 I ActivityManager: Process com.google.android.apps.maps:LocationFriendService (pid 31590) has died.
07-19 05:50:22.962 31613 31615 D dalvikvm: GC_CONCURRENT freed 358K, 5% free 10199K/10695K, paused 2ms+3ms
07-19 05:50:23.063   144   156 I ActivityManager: Start proc android.process.acore for content provider com.android.providers.contacts/.ContactsProvider2: pid=31629 uid=10000 gids={3003, 1015}
07-19 05:50:23.102 31629 31629 I ActivityThread: Pub call_log: com.android.providers.contacts.CallLogProvider
07-19 05:50:23.142 31629 31629 I ActivityThread: Pub com.android.voicemail: com.android.providers.contacts.VoicemailContentProvider
07-19 05:50:23.145 31629 31629 I ActivityThread: Pub user_dictionary: com.android.providers.userdictionary.UserDictionaryProvider
07-19 05:50:23.153 31629 31629 I ActivityThread: Pub com.android.social: com.android.providers.contacts.SocialProvider
07-19 05:50:23.157 31629 31629 I ActivityThread: Pub applications: com.android.providers.applications.ApplicationsProvider
07-19 05:50:23.290 31629 31629 I ActivityThread: Pub contacts;com.android.contacts: com.android.providers.contacts.ContactsProvider2
07-19 05:50:23.313 31629 31631 D dalvikvm: GC_CONCURRENT freed 341K, 5% free 9188K/9607K, paused 2ms+2ms
07-19 05:50:23.614 31629 31631 D dalvikvm: GC_CONCURRENT freed 237K, 4% free 9373K/9735K, paused 3ms+2ms
07-19 05:50:24.395 31629 31631 D dalvikvm: GC_CONCURRENT freed 252K, 4% free 9540K/9927K, paused 2ms+2ms
07-19 05:50:25.075 31613 31615 D dalvikvm: GC_CONCURRENT freed 214K, 4% free 10407K/10759K, paused 2ms+2ms
07-19 05:50:29.880 31613 31615 D dalvikvm: GC_CONCURRENT freed 222K, 4% free 10594K/10951K, paused 3ms+2ms
07-19 05:50:30.700 31613 31615 D dalvikvm: GC_CONCURRENT freed 345K, 5% free 10661K/11143K, paused 2ms+3ms
07-19 05:50:30.938 29274 29274 D dalvikvm: GC_EXPLICIT freed 35K, 4% free 9136K/9479K, paused 4ms+2ms
07-19 05:50:33.017 31613 31615 D dalvikvm: GC_CONCURRENT freed 400K, 5% free 10800K/11335K, paused 2ms+18ms
07-19 05:50:33.368   144   342 I ActivityManager: Process android.process.acore (pid 31629) has died.
07-19 05:50:38.466   359   359 D dalvikvm: GC_EXPLICIT freed <1K, 6% free 9096K/9607K, paused 32ms+2ms
07-19 05:50:40.325   144   199 D DhcpInfoInternal: makeLinkProperties with empty dns2!
07-19 05:50:40.333   144   199 D DhcpInfoInternal: makeLinkProperties with empty dns2!
07-19 05:50:47.614  3217  3217 W ThumbnailCache: Low Memory: Freed 0 textures from compression queue, 0 from write queue, 0 from the pinned list, 0 from the cache.
07-19 05:50:47.724  3217  3217 D dalvikvm: GC_EXPLICIT freed 25K, 20% free 12145K/15111K, paused 32ms+4ms
07-19 05:50:52.618  3452  3452 D dalvikvm: GC_EXPLICIT freed <1K, 4% free 9238K/9543K, paused 22ms+2ms
07-19 05:50:58.470   144   160 D dalvikvm: GC_EXPLICIT freed 242K, 23% free 18682K/24199K, paused 50ms+7ms
07-19 05:51:01.321   144  1168 I ActivityManager: Start proc com.google.android.apps.maps:LocationFriendService for service com.google.android.apps.maps/com.google.googlenav.friend.reporting.LocationReceiverService: pid=31674 uid=10056 gids={3003, 1015}
07-19 05:51:01.489 31674 31677 D dalvikvm: GC_CONCURRENT freed 173K, 3% free 9358K/9607K, paused 8ms+3ms
07-19 05:51:01.907 31674 31677 D dalvikvm: GC_CONCURRENT freed 162K, 3% free 9678K/9927K, paused 18ms+29ms
07-19 05:51:02.290 31674 31677 D dalvikvm: GC_CONCURRENT freed 319K, 5% free 9882K/10311K, paused 4ms+2ms
07-19 05:51:02.341 31674 31681 I dalvikvm: Total arena pages for JIT: 11
07-19 05:51:02.345 31674 31681 I dalvikvm: Total arena pages for JIT: 12
07-19 05:51:02.345 31674 31681 I dalvikvm: Total arena pages for JIT: 13
07-19 05:51:02.345 31674 31681 I dalvikvm: Total arena pages for JIT: 14
07-19 05:51:02.345 31674 31681 I dalvikvm: Total arena pages for JIT: 15
07-19 05:51:02.345 31674 31681 I dalvikvm: Total arena pages for JIT: 16
07-19 05:51:02.349 31674 31681 I dalvikvm: Total arena pages for JIT: 17
07-19 05:51:02.462   144 13425 I ActivityManager: Process com.google.android.apps.maps:LocationFriendService (pid 31674) has died.
07-19 05:51:04.802 29187 29200 I PhoneLab-: Service Running
07-19 05:51:04.915 29187 29189 D dalvikvm: GC_CONCURRENT freed 898K, 15% free 9142K/10631K, paused 2ms+1ms
07-19 05:51:04.942 29187 29200 I PhoneLab-LoggerService: app_37    1395  1     1432   980   c00f181c 400107b4 S logcat
07-19 05:51:04.942 29187 29200 I PhoneLab-LoggerService: Logcat pid from database 1395
07-19 05:51:04.946 29187 29200 I PhoneLab-LoggerService: Logcat process found 1395
07-19 05:51:04.946 29187 29200 I PhoneLab-LoggerService: Checking Threshold
07-19 05:51:07.708   346   346 D dalvikvm: GC_EXPLICIT freed 4K, 10% free 11911K/13191K, paused 25ms+3ms
07-19 05:51:12.532   435   435 D dalvikvm: GC_EXPLICIT freed <1K, 4% free 9033K/9347K, paused 34ms+2ms
07-19 05:51:17.563   321   321 D dalvikvm: GC_EXPLICIT freed <1K, 24% free 10155K/13191K, paused 24ms+2ms
07-19 05:51:22.563 13970 13970 D dalvikvm: GC_EXPLICIT freed <1K, 6% free 9760K/10375K, paused 41ms+3ms
07-19 05:51:23.192   346   346 D SAN_SERVICE: *******************************************
07-19 05:51:23.192   346   346 D SAN_SERVICE: DM App Phone Service State - 0
07-19 05:51:23.192   346   346 D SAN_SERVICE: *******************************************
07-19 05:51:23.474   346   346 D SAN_SERVICE: *******************************************
07-19 05:51:23.474   346   346 D SAN_SERVICE: DM App Phone Service State - 0
07-19 05:51:23.474   346   346 D SAN_SERVICE: *******************************************
07-19 05:51:23.981   346   346 D SAN_SERVICE: *******************************************
07-19 05:51:23.981   346   346 D SAN_SERVICE: DM App Phone Service State - 0
07-19 05:51:23.981   346   346 D SAN_SERVICE: *******************************************
07-19 05:51:30.849   215   215 D dalvikvm: GC_EXPLICIT freed 48K, 56% free 10153K/22727K, paused 22ms+4ms
07-19 05:51:35.915 31422 31422 D dalvikvm: GC_EXPLICIT freed 334K, 7% free 9884K/10567K, paused 29ms+3ms
07-19 05:51:38.548   346   346 D SAN_SERVICE: *******************************************
07-19 05:51:38.548   346   346 D SAN_SERVICE: DM App Phone Service State - 0
07-19 05:51:38.548   346   346 D SAN_SERVICE: *******************************************
07-19 05:51:38.579   215   215 D dalvikvm: GC_EXPLICIT freed 6K, 56% free 10152K/22727K, paused 7ms+4ms
07-19 05:51:38.856   346   346 D SAN_SERVICE: *******************************************
07-19 05:51:38.856   346   346 D SAN_SERVICE: DM App Phone Service State - 0
07-19 05:51:38.856   346   346 D SAN_SERVICE: *******************************************
07-19 05:51:39.333   346   346 D SAN_SERVICE: *******************************************
07-19 05:51:39.333   346   346 D SAN_SERVICE: DM App Phone Service State - 0
07-19 05:51:39.333   346   346 D SAN_SERVICE: *******************************************
07-19 05:51:44.419 31557 31557 D dalvikvm: GC_EXPLICIT freed 103K, 4% free 10927K/11271K, paused 28ms+3ms
07-19 05:51:49.450 28677 28677 D dalvikvm: GC_EXPLICIT freed 270K, 7% free 10412K/11079K, paused 23ms+3ms
07-19 05:51:54.407 29274 29274 D dalvikvm: GC_EXPLICIT freed 16K, 4% free 9125K/9479K, paused 20ms+2ms
07-19 05:51:55.642   346   346 D SAN_SERVICE: *******************************************
07-19 05:51:55.642   346   346 D SAN_SERVICE: DM App Phone Service State - 0
07-19 05:51:55.642   346   346 D SAN_SERVICE: *******************************************
07-19 05:51:56.145   346   346 D SAN_SERVICE: *******************************************
07-19 05:51:56.145   346   346 D SAN_SERVICE: DM App Phone Service State - 0
07-19 05:51:56.145   346   346 D SAN_SERVICE: *******************************************
07-19 05:52:01.302   144  1168 I ActivityManager: Start proc com.google.android.apps.maps:LocationFriendService for service com.google.android.apps.maps/com.google.googlenav.friend.reporting.LocationReceiverService: pid=31698 uid=10056 gids={3003, 1015}
07-19 05:52:01.384   144   317 I ActivityManager: Process com.google.process.gapps (pid 28060) has died.
07-19 05:52:01.384   144   317 W ActivityManager: Scheduling restart of crashed service com.google.android.location/.internal.server.NetworkLocationService in 5000ms
07-19 05:52:01.384   144   317 W ActivityManager: Scheduling restart of crashed service com.google.android.location/.NetworkLocationService in 15000ms
07-19 05:52:01.384   144   317 W ActivityManager: Scheduling restart of crashed service com.google.android.gsf/.gtalkservice.service.GTalkService in 24999ms
07-19 05:52:01.384   144   317 I ActivityManager: Kill com.google.android.apps.maps:NetworkLocationService (pid 28677): provider com.google.android.gsf.settings.GoogleSettingsProvider in dying process com.google.process.gapps
07-19 05:52:01.419 31698 31700 D dalvikvm: GC_CONCURRENT freed 176K, 3% free 9356K/9607K, paused 2ms+2ms
07-19 05:52:01.501   144 13425 I ActivityManager: Start proc com.google.process.gapps for content provider com.google.android.gsf/.settings.GoogleSettingsProvider: pid=31712 uid=10009 gids={3003, 1015, 1007, 2001, 3006}
07-19 05:52:01.548    79    79 D dalvikvm: GC_EXPLICIT freed 38K, 4% free 9027K/9347K, paused 2ms+9ms
07-19 05:52:01.591    79    79 D dalvikvm: GC_EXPLICIT freed <1K, 4% free 9027K/9347K, paused 1ms+2ms
07-19 05:52:01.634    79    79 D dalvikvm: GC_EXPLICIT freed <1K, 4% free 9027K/9347K, paused 2ms+4ms
07-19 05:52:01.638   144   378 I ActivityManager: Process com.google.android.apps.maps:NetworkLocationService (pid 28677) has died.
07-19 05:52:01.638   144   378 W ActivityManager: Scheduling restart of crashed service com.google.android.apps.maps/com.google.android.location.internal.server.NetworkLocationService in 34745ms
07-19 05:52:01.642 31712 31712 I ActivityThread: Pub com.google.settings: com.google.android.gsf.settings.GoogleSettingsProvider
07-19 05:52:01.712 31712 31712 I ActivityThread: Pub subscribedfeeds: com.google.android.gsf.subscribedfeeds.SubscribedFeedsProvider
07-19 05:52:01.845 31712 31712 I ActivityThread: Pub com.google.contacts.gal.provider: com.google.android.syncadapters.contacts.GalProvider
07-19 05:52:01.935 31712 31712 I ActivityThread: Pub com.google.android.gsf.gservices: com.google.android.gsf.gservices.GservicesProvider
07-19 05:52:01.942 31712 31712 I GservicesProvider: Gservices pushing to system: true; secure: true
07-19 05:52:01.942 31712 31712 I ActivityThread: Pub com.google.android.providers.talk: com.google.android.gsf.talk.TalkProvider
07-19 05:52:02.079 31712 31714 D dalvikvm: GC_CONCURRENT freed 345K, 5% free 9186K/9607K, paused 6ms+2ms
07-19 05:52:02.165 31698 31700 D dalvikvm: GC_CONCURRENT freed 184K, 3% free 9714K/9991K, paused 3ms+3ms
07-19 05:52:02.173   144 12390 D SyncManager: setSyncAutomatically: , provider subscribedfeeds -> true
07-19 05:52:02.173   144 12390 D SyncManager: setSyncAutomatically: already set to true, doing nothing
07-19 05:52:02.333 31698 31700 D dalvikvm: GC_CONCURRENT freed 325K, 4% free 9907K/10311K, paused 2ms+3ms
07-19 05:52:06.481 31712 31712 D androidInternalNlpService: onCreate com.google.android.location.internal.server.NetworkLocationService@41387908
07-19 05:52:06.513 31712 31737 D NetworkLocationRealOs: NLPv2 file already exists; ignoring any NLPv1 files
07-19 05:52:06.532 31712 31712 D androidNlpServiceThread: ANDROID minProtocolVersion 1 maxProtocolVersion 1 releaseVersion -1
07-19 05:52:06.665   359   359 D dalvikvm: GC_EXPLICIT freed <1K, 6% free 9096K/9607K, paused 1ms+3ms
07-19 05:52:06.669   144 15767 I ActivityManager: Process com.google.android.apps.maps:LocationFriendService (pid 31698) has died.
07-19 05:52:06.681 31712 31714 D dalvikvm: GC_CONCURRENT freed 364K, 5% free 9276K/9735K, paused 3ms+14ms
07-19 05:52:06.903 31712 31714 D dalvikvm: GC_CONCURRENT freed 170K, 3% free 9611K/9863K, paused 2ms+2ms
07-19 05:52:07.106 31712 31714 D dalvikvm: GC_CONCURRENT freed 670K, 8% free 9427K/10183K, paused 2ms+2ms
07-19 05:52:13.345  3217  3217 W ThumbnailCache: Low Memory: Freed 0 textures from compression queue, 0 from write queue, 0 from the pinned list, 0 from the cache.
07-19 05:52:13.431  3217  3217 D dalvikvm: GC_EXPLICIT freed 1K, 20% free 12145K/15111K, paused 26ms+4ms
07-19 05:52:16.438 31712 31712 D NetworkLocationService: onCreate com.google.android.location.NetworkLocationService@41401050
07-19 05:52:16.470 31712 31712 D NetworkLocationClient: ANDROID minProtocolVersion 1 maxProtocolVersion 1 releaseVersion -1
07-19 05:52:16.470 31712 31712 D NetworkLocationClient: binding to Intent { act=com.google.android.location.internal.ANDROID_NLP }
07-19 05:52:16.474 31712 31712 D NetworkLocationService: onBind com.google.android.location.NetworkLocationProvidercom.google.android.location.NetworkLocationService@41401050
07-19 05:52:16.477 31712 31712 D NetworkLocationService: onBind com.google.android.location.GeocodeProvidercom.google.android.location.NetworkLocationService@41401050
07-19 05:52:16.485 31712 31712 D NetworkLocationClient: onServiceConnected to ComponentInfo{com.google.android.location/com.google.android.location.internal.server.NetworkLocationService}
07-19 05:52:16.489 31712 31746 D androidNetworkLocationListeners: Still have listener com.google.android.location.internal.client.NetworkLocationClient$1@413efd50
07-19 05:52:16.501 31712 31746 D androidNetworkLocationListeners: Still have listener com.google.android.location.internal.client.NetworkLocationClient$1@413efd50
07-19 05:52:16.520 31712 31714 D dalvikvm: GC_CONCURRENT freed 324K, 7% free 9530K/10183K, paused 2ms+4ms
07-19 05:52:16.544 31712 31746 D androidNetworkLocationListeners: Still have listener com.google.android.location.internal.client.NetworkLocationClient$1@413efd50
07-19 05:52:17.810   144   332 I ActivityManager: Start proc com.google.android.apps.maps:LocationFriendService for service com.google.android.apps.maps/com.google.googlenav.friend.reporting.LocationReceiverService: pid=31748 uid=10056 gids={3003, 1015}
07-19 05:52:17.923 31748 31751 D dalvikvm: GC_CONCURRENT freed 153K, 3% free 9378K/9607K, paused 2ms+2ms
07-19 05:52:18.056 31748 31751 D dalvikvm: GC_CONCURRENT freed 147K, 3% free 9643K/9927K, paused 3ms+2ms
07-19 05:52:26.532 31712 31714 D dalvikvm: GC_CONCURRENT freed 440K, 6% free 9599K/10183K, paused 2ms+3ms
07-19 05:52:26.614  3452  3452 D dalvikvm: GC_EXPLICIT freed <1K, 4% free 9238K/9543K, paused 1ms+2ms
07-19 05:52:26.681   144   161 I ActivityManager: Start proc com.google.android.talk for broadcast com.google.android.talk/.McsConnectionStartedReceiver: pid=31766 uid=10045 gids={3003, 1015, 1006, 3002}
07-19 05:52:26.755   144   156 I ActivityManager: Process com.google.android.apps.maps:LocationFriendService (pid 31748) has died.
07-19 05:52:26.817 31766 31766 I ActivityThread: Pub com.google.android.talk.SuggestionProvider: com.google.android.talk.SuggestionsProvider
07-19 05:52:26.880 31712 31714 D dalvikvm: GC_CONCURRENT freed 482K, 7% free 9618K/10247K, paused 2ms+3ms
07-19 05:52:26.903 31766 31766 D vclib:CallStateClient: startListening
07-19 05:52:26.919 31766 31785 I talk    : onMcsConnectionStarted
07-19 05:52:27.102 31712 31765 I GTalkService/c: [AndroidEndpoint@1094571048] connect: acct=1000000, state=CONNECTING
07-19 05:52:27.126 31766 31770 D dalvikvm: GC_CONCURRENT freed 159K, 3% free 9350K/9607K, paused 59ms+3ms
07-19 05:52:27.134   144   342 I ActivityManager: Process com.google.android.talk (pid 31766) has died.
07-19 05:52:27.431 31712 31788 I GTalkService/c: [GTalkConnection@1094226960] connect: acct=1, state=CONNECTING
07-19 05:52:28.446 31712 31714 D dalvikvm: GC_CONCURRENT freed 287K, 6% free 9717K/10247K, paused 5ms+4ms
07-19 05:52:29.302   144   156 I ActivityManager: Start proc android.process.acore for content provider com.android.providers.contacts/.ContactsProvider2: pid=31794 uid=10000 gids={3003, 1015}
07-19 05:52:29.329 31794 31794 I ActivityThread: Pub call_log: com.android.providers.contacts.CallLogProvider
07-19 05:52:29.384 31794 31794 I ActivityThread: Pub com.android.voicemail: com.android.providers.contacts.VoicemailContentProvider
07-19 05:52:29.388 31794 31794 I ActivityThread: Pub user_dictionary: com.android.providers.userdictionary.UserDictionaryProvider
07-19 05:52:29.415 31794 31794 I ActivityThread: Pub com.android.social: com.android.providers.contacts.SocialProvider
07-19 05:52:29.415 31794 31794 I ActivityThread: Pub applications: com.android.providers.applications.ApplicationsProvider
07-19 05:52:29.454   144   201 D ConnectivityService: handleInetConditionHoldEnd: net=1, condition=100, published condition=100
07-19 05:52:29.517 31794 31794 I ActivityThread: Pub contacts;com.android.contacts: com.android.providers.contacts.ContactsProvider2
07-19 05:52:29.544 31794 31797 D dalvikvm: GC_CONCURRENT freed 337K, 5% free 9189K/9607K, paused 2ms+3ms
07-19 05:52:29.716   144   310 D dalvikvm: GC_EXPLICIT freed 511K, 23% free 18738K/24199K, paused 4ms+11ms
07-19 05:52:29.895 31794 31797 D dalvikvm: GC_CONCURRENT freed 225K, 4% free 9374K/9735K, paused 2ms+3ms
07-19 05:52:30.681   144   156 I ActivityManager: Process android.process.acore (pid 31794) has died.
07-19 05:52:30.739   144  1168 I ActivityManager: Start proc android.process.acore for content provider com.android.providers.contacts/.ContactsProvider2: pid=31810 uid=10000 gids={3003, 1015}
07-19 05:52:30.778 31810 31810 I ActivityThread: Pub call_log: com.android.providers.contacts.CallLogProvider
07-19 05:52:30.786 31810 31810 I ActivityThread: Pub com.android.voicemail: com.android.providers.contacts.VoicemailContentProvider
07-19 05:52:30.786 31810 31810 I ActivityThread: Pub user_dictionary: com.android.providers.userdictionary.UserDictionaryProvider
07-19 05:52:30.794 31810 31810 I ActivityThread: Pub com.android.social: com.android.providers.contacts.SocialProvider
07-19 05:52:30.794 31810 31810 I ActivityThread: Pub applications: com.android.providers.applications.ApplicationsProvider
07-19 05:52:30.856 31810 31810 I ActivityThread: Pub contacts;com.android.contacts: com.android.providers.contacts.ContactsProvider2
07-19 05:52:30.880 31810 31812 D dalvikvm: GC_CONCURRENT freed 340K, 5% free 9191K/9607K, paused 2ms+2ms
07-19 05:52:31.036 31810 31812 D dalvikvm: GC_CONCURRENT freed 229K, 4% free 9376K/9735K, paused 2ms+2ms
07-19 05:52:31.442   144   161 I ActivityManager: Start proc com.google.android.talk for broadcast com.google.android.talk/.ConnectionStateOnlineReceiver: pid=31826 uid=10045 gids={3003, 1015, 1006, 3002}
07-19 05:52:31.501 31826 31826 I ActivityThread: Pub com.google.android.talk.SuggestionProvider: com.google.android.talk.SuggestionsProvider
07-19 05:52:31.524   144 15767 I ActivityManager: Process android.process.acore (pid 31810) has died.
07-19 05:52:31.536 31826 31826 D vclib:CallStateClient: startListening
07-19 05:52:31.595 31826 31829 D dalvikvm: GC_CONCURRENT freed 168K, 3% free 9363K/9607K, paused 2ms+8ms
07-19 05:52:31.669   144  1167 I ActivityManager: Start proc android.process.acore for content provider com.android.providers.contacts/.ContactsProvider2: pid=31846 uid=10000 gids={3003, 1015}
07-19 05:52:31.696 31846 31846 I ActivityThread: Pub call_log: com.android.providers.contacts.CallLogProvider
07-19 05:52:31.700 31846 31846 I ActivityThread: Pub com.android.voicemail: com.android.providers.contacts.VoicemailContentProvider
07-19 05:52:31.704 31846 31846 I ActivityThread: Pub user_dictionary: com.android.providers.userdictionary.UserDictionaryProvider
07-19 05:52:31.708 31846 31846 I ActivityThread: Pub com.android.social: com.android.providers.contacts.SocialProvider
07-19 05:52:31.708 31846 31846 I ActivityThread: Pub applications: com.android.providers.applications.ApplicationsProvider
07-19 05:52:31.747   144   156 I ActivityManager: Process com.google.android.talk (pid 31826) has died.
07-19 05:52:31.770 31846 31846 I ActivityThread: Pub contacts;com.android.contacts: com.android.providers.contacts.ContactsProvider2
07-19 05:52:31.786 31846 31848 D dalvikvm: GC_CONCURRENT freed 349K, 5% free 9182K/9607K, paused 2ms+3ms
07-19 05:52:31.958   144   161 I ActivityManager: Start proc com.google.android.talk for broadcast com.google.android.talk/.videochat.XmppReceiver: pid=31861 uid=10045 gids={3003, 1015, 1006, 3002}
07-19 05:52:32.036 31846 31848 D dalvikvm: GC_CONCURRENT freed 223K, 4% free 9381K/9735K, paused 2ms+2ms
07-19 05:52:32.040 31861 31861 I ActivityThread: Pub com.google.android.talk.SuggestionProvider: com.google.android.talk.SuggestionsProvider
07-19 05:52:32.083 31861 31861 D vclib:CallStateClient: startListening
07-19 05:52:32.169 31861 31864 D dalvikvm: GC_CONCURRENT freed 163K, 3% free 9362K/9607K, paused 6ms+6ms
07-19 05:52:32.270   144   390 I ActivityManager: Process com.google.android.talk (pid 31861) has died.
07-19 05:52:32.403 31712 31714 D dalvikvm: GC_CONCURRENT freed 301K, 5% free 9809K/10247K, paused 2ms+13ms
07-19 05:52:33.001 31846 31848 D dalvikvm: GC_CONCURRENT freed 172K, 4% free 9620K/9927K, paused 12ms+6ms
07-19 05:52:36.536   144   161 I ActivityManager: Start proc com.google.android.apps.maps:NetworkLocationService for service com.google.android.apps.maps/com.google.android.location.internal.server.NetworkLocationService: pid=31886 uid=10056 gids={3003, 1015}
07-19 05:52:36.591   144   144 I ActivityManager: Process android.process.acore (pid 31846) has died.
07-19 05:52:36.767 31886 31887 D dalvikvm: GC_CONCURRENT freed 171K, 3% free 9361K/9607K, paused 7ms+2ms
07-19 05:52:37.341 31712 31787 D dalvikvm: GC_EXPLICIT freed 342K, 5% free 9889K/10311K, paused 37ms+4ms
07-19 05:52:37.384   144 14192 I ActivityManager: Start proc android.process.acore for content provider com.android.providers.contacts/.ContactsProvider2: pid=31900 uid=10000 gids={3003, 1015}
07-19 05:52:37.415 31900 31900 I ActivityThread: Pub call_log: com.android.providers.contacts.CallLogProvider
07-19 05:52:37.435 31900 31900 I ActivityThread: Pub com.android.voicemail: com.android.providers.contacts.VoicemailContentProvider
07-19 05:52:37.435 31900 31900 I ActivityThread: Pub user_dictionary: com.android.providers.userdictionary.UserDictionaryProvider
07-19 05:52:37.446 31900 31900 I ActivityThread: Pub com.android.social: com.android.providers.contacts.SocialProvider
07-19 05:52:37.446 31900 31900 I ActivityThread: Pub applications: com.android.providers.applications.ApplicationsProvider
07-19 05:52:37.493 31886 31887 D dalvikvm: GC_CONCURRENT freed 147K, 3% free 9643K/9927K, paused 7ms+1ms
07-19 05:52:37.517 31900 31900 I ActivityThread: Pub contacts;com.android.contacts: com.android.providers.contacts.ContactsProvider2
07-19 05:52:37.532 31900 31902 D dalvikvm: GC_CONCURRENT freed 357K, 5% free 9174K/9607K, paused 2ms+2ms
07-19 05:52:38.044 31886 31887 D dalvikvm: GC_CONCURRENT freed 167K, 3% free 10004K/10247K, paused 2ms+4ms
07-19 05:52:38.216 31886 31887 D dalvikvm: GC_CONCURRENT freed 149K, 3% free 10402K/10631K, paused 4ms+5ms
07-19 05:52:38.368 31900 31902 D dalvikvm: GC_CONCURRENT freed 200K, 4% free 9396K/9735K, paused 2ms+2ms
07-19 05:52:38.415   144   161 I ActivityManager: Start proc com.google.android.apps.maps:FriendService for broadcast com.google.android.apps.maps/com.google.googlenav.friend.android.ServiceReceiver: pid=31922 uid=10056 gids={3003, 1015}
07-19 05:52:38.567 31922 31924 D dalvikvm: GC_CONCURRENT freed 175K, 3% free 9356K/9607K, paused 5ms+2ms
07-19 05:52:38.790 31922 31924 D dalvikvm: GC_CONCURRENT freed 241K, 4% free 9670K/9991K, paused 1ms+5ms
07-19 05:52:38.884   144 12390 I ActivityManager: Start proc com.google.android.apps.maps:LocationFriendService for broadcast com.google.android.apps.maps/com.google.googlenav.friend.reporting.LocationReportingIntentReceiver: pid=31936 uid=10056 gids={3003, 1015}
07-19 05:52:38.911    79    79 D dalvikvm: GC_EXPLICIT freed 38K, 4% free 9027K/9347K, paused 4ms+2ms
07-19 05:52:38.970    79    79 D dalvikvm: GC_EXPLICIT freed <1K, 4% free 9027K/9347K, paused 2ms+5ms
07-19 05:52:39.013    79    79 D dalvikvm: GC_EXPLICIT freed <1K, 4% free 9027K/9347K, paused 3ms+2ms
07-19 05:52:39.071 31936 31939 D dalvikvm: GC_CONCURRENT freed 178K, 3% free 9354K/9607K, paused 2ms+2ms
07-19 05:52:39.185 31886 31890 I dalvikvm: Total arena pages for JIT: 11
07-19 05:52:39.188 31886 31890 I dalvikvm: Total arena pages for JIT: 12
07-19 05:52:39.188 31886 31890 I dalvikvm: Total arena pages for JIT: 13
07-19 05:52:39.192 31886 31890 I dalvikvm: Total arena pages for JIT: 14
07-19 05:52:39.192 31886 31890 I dalvikvm: Total arena pages for JIT: 15
07-19 05:52:39.192 31886 31890 I dalvikvm: Total arena pages for JIT: 16
07-19 05:52:39.192 31886 31890 I dalvikvm: Total arena pages for JIT: 17
07-19 05:52:39.196   144   388 I ActivityManager: Process com.whatsapp (pid 31422) has died.
07-19 05:52:39.208   144   388 W ActivityManager: Scheduling restart of crashed service com.whatsapp/.messaging.MessageService in 5000ms
07-19 05:52:39.267 31936 31939 D dalvikvm: GC_CONCURRENT freed 222K, 4% free 9685K/9991K, paused 2ms+2ms
07-19 05:52:39.450 31936 31939 D dalvikvm: GC_CONCURRENT freed 327K, 4% free 9969K/10311K, paused 1ms+4ms
07-19 05:52:39.489   144   156 I ActivityManager: Process com.google.android.apps.maps:FriendService (pid 31922) has died.
07-19 05:52:39.642 31886 31887 D dalvikvm: GC_CONCURRENT freed 748K, 8% free 10168K/11015K, paused 57ms+3ms
07-19 05:52:39.704 31886 31890 I dalvikvm: Total arena pages for JIT: 18
07-19 05:52:40.079 31886 31921 D dalvikvm: GC_FOR_ALLOC freed 307K, 8% free 10213K/11015K, paused 22ms
07-19 05:52:40.571 31886 31917 D dalvikvm: GC_FOR_ALLOC freed 176K, 7% free 10253K/11015K, paused 36ms
07-19 05:52:40.626 31886 31917 D dalvikvm: GC_FOR_ALLOC freed 62K, 7% free 10306K/11015K, paused 28ms
07-19 05:52:40.626 31886 31917 I dalvikvm-heap: Grow heap (frag case) to 10.159MB for 22634-byte allocation
07-19 05:52:40.673 31886 31917 D dalvikvm: GC_FOR_ALLOC freed 33K, 8% free 10294K/11079K, paused 47ms
07-19 05:52:40.688 31900 31902 D dalvikvm: GC_CONCURRENT freed 201K, 3% free 9639K/9927K, paused 6ms+3ms
07-19 05:52:41.376 31886 31887 D dalvikvm: GC_CONCURRENT freed 365K, 7% free 10334K/11079K, paused 15ms+4ms
07-19 05:52:42.134 31936 31939 D dalvikvm: GC_CONCURRENT freed 451K, 6% free 9995K/10567K, paused 45ms+3ms
07-19 05:52:42.517 31886 31887 D dalvikvm: GC_CONCURRENT freed 291K, 6% free 10510K/11079K, paused 2ms+4ms
07-19 05:52:42.696 31900 31902 D dalvikvm: GC_CONCURRENT freed 316K, 5% free 9736K/10183K, paused 32ms+12ms
07-19 05:52:44.333   144   161 I ActivityManager: Start proc com.whatsapp for service com.whatsapp/.messaging.MessageService: pid=31962 uid=10068 gids={1015, 3003}
07-19 05:52:44.352 31962 31962 I dalvikvm: Turning on JNI app bug workarounds for target SDK version 7...
07-19 05:52:44.411   144  6618 D dalvikvm: GC_EXPLICIT freed 620K, 23% free 18704K/24199K, paused 37ms+8ms
07-19 05:52:44.423   144   390 I ActivityManager: Process android.process.acore (pid 31900) has died.
07-19 05:52:44.770 31962 31963 D dalvikvm: GC_CONCURRENT freed 157K, 3% free 9360K/9607K, paused 6ms+41ms
07-19 05:52:45.477 31962 31963 D dalvikvm: GC_CONCURRENT freed 271K, 4% free 9597K/9991K, paused 2ms+2ms
07-19 05:52:45.845   144 12390 I ActivityManager: Start proc android.process.acore for content provider com.android.providers.contacts/.ContactsProvider2: pid=31982 uid=10000 gids={3003, 1015}
07-19 05:52:45.935 31982 31982 I ActivityThread: Pub call_log: com.android.providers.contacts.CallLogProvider
07-19 05:52:45.962 31982 31982 I ActivityThread: Pub com.android.voicemail: com.android.providers.contacts.VoicemailContentProvider
07-19 05:52:45.966 31982 31982 I ActivityThread: Pub user_dictionary: com.android.providers.userdictionary.UserDictionaryProvider
07-19 05:52:45.977 31982 31982 I ActivityThread: Pub com.android.social: com.android.providers.contacts.SocialProvider
07-19 05:52:45.977 31982 31982 I ActivityThread: Pub applications: com.android.providers.applications.ApplicationsProvider
07-19 05:52:46.040 31962 31962 I dalvikvm: Could not find method android.media.MediaMetadataRetriever.captureFrame, referenced from method com.whatsapp.q3.a
07-19 05:52:46.040 31962 31962 W dalvikvm: VFY: unable to resolve virtual method 502: Landroid/media/MediaMetadataRetriever;.captureFrame ()Landroid/graphics/Bitmap;
07-19 05:52:46.040 31962 31962 D dalvikvm: VFY: replacing opcode 0x6e at 0x0134
07-19 05:52:46.165 31982 31982 I ActivityThread: Pub contacts;com.android.contacts: com.android.providers.contacts.ContactsProvider2
07-19 05:52:46.243 31982 31984 D dalvikvm: GC_CONCURRENT freed 349K, 5% free 9183K/9607K, paused 3ms+8ms
07-19 05:52:46.286 31962 31963 D dalvikvm: GC_CONCURRENT freed 337K, 5% free 9832K/10247K, paused 4ms+5ms
07-19 05:52:46.380   144  1168 I ActivityManager: Process com.google.android.apps.maps:LocationFriendService (pid 31936) has died.
07-19 05:52:46.431 31962 31963 D dalvikvm: GC_CONCURRENT freed 277K, 4% free 9969K/10375K, paused 2ms+3ms
07-19 05:52:47.813 31982 31984 D dalvikvm: GC_CONCURRENT freed 236K, 4% free 9375K/9735K, paused 16ms+109ms
07-19 05:52:48.938 31962 31963 D dalvikvm: GC_CONCURRENT freed 283K, 4% free 10162K/10567K, paused 7ms+5ms
07-19 05:52:49.505   144   310 I ActivityManager: Process android.process.acore (pid 31982) has died.
07-19 05:52:54.704   144   160 D dalvikvm: GC_EXPLICIT freed 349K, 23% free 18693K/24199K, paused 16ms+8ms
07-19 05:52:59.661   346   346 D dalvikvm: GC_EXPLICIT freed 139K, 10% free 11912K/13191K, paused 50ms+4ms
07-19 05:53:04.778 29187 29200 I PhoneLab-: Service Running
07-19 05:53:04.876 29187 29200 I PhoneLab-LoggerService: app_37    1395  1     1432   980   c00f181c 400107b4 S logcat
07-19 05:53:04.876 29187 29200 I PhoneLab-LoggerService: Logcat pid from database 1395
07-19 05:53:04.876 29187 29200 I PhoneLab-LoggerService: Logcat process found 1395
07-19 05:53:04.876 29187 29200 I PhoneLab-LoggerService: Checking Threshold
07-19 05:53:05.153   144   144 I ActivityManager: Process com.google.android.apps.maps (pid 31557) has died.
07-19 05:53:05.153   144   144 W ActivityManager: Scheduling restart of crashed service com.google.android.apps.maps/com.google.googlenav.prefetch.android.PrefetcherService in 5000ms
07-19 05:53:05.239   144   199 D DhcpInfoInternal: makeLinkProperties with empty dns2!
07-19 05:53:05.239   144   199 D DhcpInfoInternal: makeLinkProperties with empty dns2!
07-19 05:53:06.704   144 32023 I ActivityManager: Applications Memory Usage (kB):
07-19 05:53:06.704   144 32023 I ActivityManager: Uptime: 228495700 Realtime: 308454543
07-19 05:53:06.704   144 32023 I ActivityManager: Total PSS by OOM adjustment:
07-19 05:53:06.704   144 32023 I ActivityManager:     27978 kB: System
07-19 05:53:06.704   144 32023 I ActivityManager:                27978 kB: system (pid 144)
07-19 05:53:06.704   144 32023 I ActivityManager:     29184 kB: Persistent
07-19 05:53:06.704   144 32023 I ActivityManager:                13407 kB: com.android.systemui (pid 215)
07-19 05:53:06.704   144 32023 I ActivityManager:                11796 kB: com.android.phone (pid 346)
07-19 05:53:06.704   144 32023 I ActivityManager:                 3981 kB: com.android.nfc (pid 359)
07-19 05:53:06.704   144 32023 I ActivityManager:    103751 kB: Foreground
07-19 05:53:06.704   144 32023 I ActivityManager:                62251 kB: com.android.chrome (pid 3217)
07-19 05:53:06.704   144 32023 I ActivityManager:                41500 kB: com.android.chrome:sandboxed_process1 (pid 3452)
07-19 05:53:06.704   144 32023 I ActivityManager:     26666 kB: Visible
07-19 05:53:06.704   144 32023 I ActivityManager:                14613 kB: com.google.android.gsf.login (pid 13970)
07-19 05:53:06.704   144 32023 I ActivityManager:                 9154 kB: com.google.process.gapps (pid 31712)
07-19 05:53:06.704   144 32023 I ActivityManager:                 2899 kB: com.android.smspush (pid 435)
07-19 05:53:06.704   144 32023 I ActivityManager:      6719 kB: Perceptible
07-19 05:53:06.704   144 32023 I ActivityManager:                 6719 kB: com.klye.ime.latin (pid 321)
07-19 05:53:06.704   144 32023 I ActivityManager:     33755 kB: A Services
07-19 05:53:06.704   144 32023 I ActivityManager:                 9621 kB: com.google.android.apps.maps:NetworkLocationService (pid 31886)
07-19 05:53:06.704   144 32023 I ActivityManager:                 8845 kB: com.facebook.katana (pid 29722)
07-19 05:53:06.704   144 32023 I ActivityManager:                 7676 kB: com.whatsapp (pid 31962)
07-19 05:53:06.704   144 32023 I ActivityManager:                 7613 kB: com.xabber.androiddev (pid 31613)
07-19 05:53:06.704   144 32023 I ActivityManager:     15303 kB: B Services
07-19 05:53:06.704   144 32023 I ActivityManager:                 5181 kB: com.google.android.apps.googlevoice (pid 29948)
07-19 05:53:06.704   144 32023 I ActivityManager:                 3863 kB: edu.buffalo.cse.phonelab.phonelabservices (pid 29187)
07-19 05:53:06.704   144 32023 I ActivityManager:                 3500 kB: com.apksoftware.compass (pid 29274)
07-19 05:53:06.704   144 32023 I ActivityManager:                 2759 kB: com.android.sprintmenu (pid 29792)
07-19 05:53:06.704   144 32023 I ActivityManager: 
07-19 05:53:06.704   144 32023 I ActivityManager: Total PSS: 243356 kB
07-19 05:53:06.704   144 32023 I ActivityManager:   PID      Vss      Rss      Pss      Uss  cmdline
07-19 05:53:06.704   144 32023 I ActivityManager:  3217   84820K   84728K   62380K   56484K  com.android.chrome
07-19 05:53:06.704   144 32023 I ActivityManager:  3452   60204K   60100K   41549K   38056K  com.android.chrome:sandboxed_process1
07-19 05:53:06.704   144 32023 I ActivityManager:   144   43560K   43492K   28029K   26920K  system_server
07-19 05:53:06.704   144 32023 I ActivityManager: 13970   30300K   30220K   14675K   13724K  com.google.android.gsf.login
07-19 05:53:06.704   144 32023 I ActivityManager:   215   32484K   32268K   13452K    9320K  com.android.systemui
07-19 05:53:06.704   144 32023 I ActivityManager:    78   21120K   18120K   12234K    7092K  /system/bin/surfaceflinger
07-19 05:53:06.704   144 32023 I ActivityManager:   346   26768K   26696K   11840K   10952K  com.android.phone
07-19 05:53:06.704   144 32023 I ActivityManager: 31886   29716K   29656K    9669K    7580K  com.google.android.apps.maps:NetworkLocationService
07-19 05:53:06.704   144 32023 I ActivityManager: 31712   29356K   29268K    9202K    7336K  com.google.process.gapps
07-19 05:53:06.704   144 32023 I ActivityManager: 29722   27340K   27236K    8893K    7604K  com.facebook.katana
07-19 05:53:06.704   144 32023 I ActivityManager: 31962   28076K   28012K    7723K    5660K  com.whatsapp
07-19 05:53:06.704   144 32023 I ActivityManager: 31613   27840K   27776K    7661K    5876K  com.xabber.androiddev
07-19 05:53:06.704   144 32023 I ActivityManager:   321   21864K   21764K    6768K    5868K  com.klye.ime.latin
07-19 05:53:06.704   144 32023 I ActivityManager: 29948   24188K   24092K    5228K    3884K  com.google.android.apps.googlevoice
07-19 05:53:06.704   144 32023 I ActivityManager:   359   19208K   19112K    4025K    3124K  com.android.nfc
07-19 05:53:06.704   144 32023 I ActivityManager: 29187   22580K   22508K    3911K    2580K  edu.buffalo.cse.phonelab.phonelabservices
07-19 05:53:06.704   144 32023 I ActivityManager: 29274   22508K   22408K    3551K    2220K  com.apksoftware.compass
07-19 05:53:06.704   144 32023 I ActivityManager:   435   18492K   18380K    2945K    1936K  com.android.smspush
07-19 05:53:06.704   144 32023 I ActivityManager: 29792   21352K   21248K    2805K    1496K  com.android.sprintmenu
07-19 05:53:06.704   144 32023 I ActivityManager:    79   18636K   18508K    2214K    1056K  zygote
07-19 05:53:06.704   144 32023 I ActivityManager:    81    2136K    2136K    1814K    1788K  /system/bin/mediaserver
07-19 05:53:06.704   144 32023 I ActivityManager:    80     956K     956K     878K     876K  /system/bin/drmserver
07-19 05:53:06.704   144 32023 I ActivityManager:  1395     984K     980K     845K     840K  logcat
07-19 05:53:06.704   144 32023 I ActivityManager:    77     964K     964K     685K     668K  /system/bin/rild
07-19 05:53:06.704   144 32023 I ActivityManager: 32029     776K     768K     648K     644K  procrank
07-19 05:53:06.704   144 32023 I ActivityManager:   275     616K     612K     456K     448K  /system/bin/wpa_supplicant
07-19 05:53:06.704   144 32023 I ActivityManager:    88     448K     448K     432K     432K  /sbin/adbd
07-19 05:53:06.704   144 32023 I ActivityManager: 29673     576K     576K     386K     372K  /system/bin/netd
07-19 05:53:06.704   144 32023 I ActivityManager:   292     332K     332K     300K     300K  /system/bin/bluetoothd
07-19 05:53:06.704   144 32023 I ActivityManager:    86     432K     428K     282K     276K  /system/vendor/bin/gpsd
07-19 05:53:06.704   144 32023 I ActivityManager:    72     364K     360K     274K     268K  /system/bin/vold
07-19 05:53:06.704   144 32023 I ActivityManager: 28597     352K     348K     198K     192K  /system/bin/dhcpcd
07-19 05:53:06.704   144 32023 I ActivityManager:    82     220K     212K     184K     184K  /system/bin/dbus-daemon
07-19 05:53:06.704   144 32023 I ActivityManager:    85     200K     192K     160K     160K  /system/bin/keystore
07-19 05:53:06.704   144 32023 I ActivityManager:     1     204K     204K     142K     104K  /init
07-19 05:53:06.704   144 32023 I ActivityManager:   203     168K     160K     128K     128K  /system/bin/brcm_patchram_plus
07-19 05:53:06.704   144 32023 I ActivityManager:    61     160K     160K     122K      84K  /sbin/ueventd
07-19 05:53:06.704   144 32023 I ActivityManager:    87     140K     136K     104K     104K  /system/bin/sh
07-19 05:53:06.704   144 32023 I ActivityManager:    83     196K     188K      98K      96K  /system/bin/installd
07-19 05:53:06.704   144 32023 I ActivityManager:    71     156K     148K      93K      92K  /system/bin/servicemanager
07-19 05:53:06.704   144 32023 I ActivityManager: 30183     192K     184K      75K      72
07-19 05:53:10.220   144   161 I ActivityManager: Start proc com.google.android.apps.maps for service com.google.android.apps.maps/com.google.googlenav.prefetch.android.PrefetcherService: pid=32030 uid=10056 gids={3003, 1015}
07-19 05:53:10.458 32030 32031 D dalvikvm: GC_CONCURRENT freed 154K, 3% free 9377K/9607K, paused 11ms+2ms
07-19 05:53:10.548 32030 32030 I ActivityThread: Pub com.google.android.maps.SearchHistoryProvider: com.google.googlenav.provider.SearchHistoryProvider
07-19 05:53:10.622 32030 32030 I ActivityThread: Pub com.google.android.maps.SuggestionProvider: com.google.googlenav.suggest.android.SuggestContentProvider
07-19 05:53:10.669 32030 32030 I ActivityThread: Pub com.google.android.maps.LayerInfoProvider: com.google.googlenav.layer.LayerInfoProvider
07-19 05:53:10.688 32030 32030 I ActivityThread: Pub com.google.android.maps.TrafficAppWidgetProvider: com.google.googlenav.appwidget.traffic.TrafficAppWidgetProvider
07-19 05:53:10.688 32030 32030 I ActivityThread: Pub com.google.android.maps.LocalActivePlacesProvider: com.google.googlenav.provider.LocalActivePlacesProvider
07-19 05:53:10.692 32030 32030 I ActivityThread: Pub com.google.android.maps.StarredItemProvider: com.google.googlenav.provider.StarredItemProvider
07-19 05:53:10.782 32030 32031 D dalvikvm: GC_CONCURRENT freed 156K, 3% free 9654K/9927K, paused 2ms+2ms
07-19 05:53:10.942 32030 32031 D dalvikvm: GC_CONCURRENT freed 226K, 4% free 9867K/10183K, paused 2ms+3ms
07-19 05:53:11.020 32030 32030 I ActivityThread: Pub com.google.android.maps.LocalSuggestionProvider: com.google.googlenav.provider.LocalSuggestionProvider
07-19 05:53:11.020 32030 32030 I ActivityThread: Pub com.google.android.maps.NavigationAvailabilityProvider: com.google.googlenav.provider.NavigationAvailabilityProvider
07-19 05:53:11.185 32030 32031 D dalvikvm: GC_CONCURRENT freed 182K, 3% free 10236K/10503K, paused 2ms+4ms
07-19 05:53:11.220   144   310 I ActivityManager: Process com.google.android.apps.googlevoice (pid 29948) has died.
07-19 05:53:11.220   144   310 W ActivityManager: Scheduling restart of crashed service com.google.android.apps.googlevoice/.ShadowNumberRefreshService in 5000ms
07-19 05:53:11.220   144   310 W ActivityManager: Scheduling restart of crashed service com.google.android.apps.googlevoice/.UpdateService in 15000ms
07-19 05:53:11.220   144   310 W ActivityManager: Scheduling restart of crashed service com.google.android.apps.googlevoice/.CallLogService in 25000ms
07-19 05:53:11.282 32030 32056 D dalvikvm: GC_FOR_ALLOC freed 160K, 4% free 10477K/10823K, paused 32ms
07-19 05:53:11.372 32030 32031 D dalvikvm: GC_CONCURRENT freed 47K, 4% free 10700K/11079K, paused 4ms+7ms
07-19 05:53:11.767 32063 32063 D dalvikvm: Late-enabling CheckJNI
07-19 05:53:11.767   144   161 I ActivityManager: Start proc com.chess for broadcast com.chess/.backend.AlarmReceiver: pid=32063 uid=10079 gids={3003, 1015}
07-19 05:53:11.802   144 12390 I ActivityManager: Process com.xabber.androiddev (pid 31613) has died.
07-19 05:53:11.802   144 12390 W ActivityManager: Scheduling restart of crashed service com.xabber.androiddev/com.xabber.android.service.XMPPService in 34416ms
07-19 05:53:11.935 32063 32066 D dalvikvm: GC_CONCURRENT freed 159K, 3% free 9372K/9607K, paused 2ms+2ms
07-19 05:53:12.091 32063 32077 D GetStringObjTask: retrieving from url = http://www.chess.com/api/get_move_status?id=5HHjW9WUGa%2Bcu1LUwnVJPxTIWxmEve4VdkRnRyg7b5Ch69JH2Z5aB%2B7eGuFw8K2uFx47KFsdE3JRdR3Mzv0PkZOj6eZ8N73BvxmEERrzXjMNRo80rkLyJAUTh0iqof4n
07-19 05:53:12.872 32063 32077 D GetStringObjTask: WebRequest SERVER RESPONSE: Success+0
07-19 05:53:16.286   144   161 I ActivityManager: Start proc com.google.android.apps.googlevoice for service com.google.android.apps.googlevoice/.ShadowNumberRefreshService: pid=32079 uid=10054 gids={3003, 1015}
07-19 05:53:16.310   144  1167 I ActivityManager: Process com.chess (pid 32063) has died.
07-19 05:53:16.685 32079 32082 D dalvikvm: GC_CONCURRENT freed 232K, 4% free 9299K/9607K, paused 12ms+2ms
07-19 05:53:16.767   144   390 I ActivityManager: Start proc android.process.acore for content provider com.android.providers.contacts/.VoicemailContentProvider: pid=32094 uid=10000 gids={3003, 1015}
07-19 05:53:16.810 32094 32094 I ActivityThread: Pub call_log: com.android.providers.contacts.CallLogProvider
07-19 05:53:16.852 32094 32094 I ActivityThread: Pub com.android.voicemail: com.android.providers.contacts.VoicemailContentProvider
07-19 05:53:16.852 32094 32094 I ActivityThread: Pub user_dictionary: com.android.providers.userdictionary.UserDictionaryProvider
07-19 05:53:16.876 32094 32094 I ActivityThread: Pub com.android.social: com.android.providers.contacts.SocialProvider
07-19 05:53:16.876 32094 32094 I ActivityThread: Pub applications: com.android.providers.applications.ApplicationsProvider
07-19 05:53:17.040 32094 32094 I ActivityThread: Pub contacts;com.android.contacts: com.android.providers.contacts.ContactsProvider2
07-19 05:53:17.087 32094 32096 D dalvikvm: GC_CONCURRENT freed 349K, 5% free 9183K/9607K, paused 7ms+2ms
07-19 05:53:17.630 32079 32110 W System.err: com.google.android.apps.googlevoice.net.VoiceServiceException: Voice service failed [INVALID_AUTH_TOKEN]
07-19 05:53:17.630 32079 32110 W System.err: 	at com.google.android.apps.googlevoice.net.masf.MASFVoiceService.checkCredentials(MASFVoiceService.java:107)
07-19 05:53:17.634 32079 32110 W System.err: 	at com.google.android.apps.googlevoice.net.masf.MASFVoiceService.getAuthToken(MASFVoiceService.java:95)
07-19 05:53:17.634 32079 32110 W System.err: 	at com.google.android.apps.googlevoice.net.masf.MASFGetBackendInfoRpc.createRequestPayload(MASFGetBackendInfoRpc.java:34)
07-19 05:53:17.634 32079 32110 W System.err: 	at com.google.android.apps.googlevoice.net.masf.MASFApiRpc.requestSubmit(MASFApiRpc.java:160)
07-19 05:53:17.634 32079 32110 W System.err: 	at com.google.android.apps.googlevoice.net.masf.MASFApiRpc.run(MASFApiRpc.java:141)
07-19 05:53:17.634 32079 32110 W System.err: 	at com.googlex.common.task.AbstractTask.run(Unknown Source)
07-19 05:53:17.634 32079 32110 W System.err: 	at com.googlex.common.task.AbstractTask.runInternal(Unknown Source)
07-19 05:53:17.634 32079 32110 W System.err: 	at com.googlex.common.task.TaskRunner.run(Unknown Source)
07-19 05:53:17.634 32079 32110 W System.err: 	at com.googlex.common.lang.BaseThreadFactory$ThreadImpl.run(Unknown Source)
07-19 05:53:17.645 32079 32110 E GoogleVoice: ShadowNumberRefreshService: Failed to get backend info!
07-19 05:53:17.645 32079 32110 E GoogleVoice: com.google.android.apps.googlevoice.net.VoiceServiceException: Voice service failed [INVALID_AUTH_TOKEN]
07-19 05:53:17.645 32079 32110 E GoogleVoice: 	at com.google.android.apps.googlevoice.net.masf.MASFVoiceService.checkCredentials(MASFVoiceService.java:107)
07-19 05:53:17.645 32079 32110 E GoogleVoice: 	at com.google.android.apps.googlevoice.net.masf.MASFVoiceService.getAuthToken(MASFVoiceService.java:95)
07-19 05:53:17.645 32079 32110 E GoogleVoice: 	at com.google.android.apps.googlevoice.net.masf.MASFGetBackendInfoRpc.createRequestPayload(MASFGetBackendInfoRpc.java:34)
07-19 05:53:17.645 32079 32110 E GoogleVoice: 	at com.google.android.apps.googlevoice.net.masf.MASFApiRpc.requestSubmit(MASFApiRpc.java:160)
07-19 05:53:17.645 32079 32110 E GoogleVoice: 	at com.google.android.apps.googlevoice.net.masf.MASFApiRpc.run(MASFApiRpc.java:141)
07-19 05:53:17.645 32079 32110 E GoogleVoice: 	at com.googlex.common.task.AbstractTask.run(Unknown Source)
07-19 05:53:17.645 32079 32110 E GoogleVoice: 	at com.googlex.common.task.AbstractTask.runInternal(Unknown Source)
07-19 05:53:17.645 32079 32110 E GoogleVoice: 	at com.googlex.common.task.TaskRunner.run(Unknown Source)
07-19 05:53:17.645 32079 32110 E GoogleVoice: 	at com.googlex.common.lang.BaseThreadFactory$ThreadImpl.run(Unknown Source)
07-19 05:53:17.704 32094 32096 D dalvikvm: GC_CONCURRENT freed 237K, 4% free 9374K/9735K, paused 3ms+3ms
07-19 05:53:18.544 32094 32096 D dalvikvm: GC_CONCURRENT freed 177K, 4% free 9611K/9927K, paused 9ms+4ms
07-19 05:53:21.454   359   359 D dalvikvm: GC_EXPLICIT freed <1K, 6% free 9096K/9607K, paused 11ms+3ms
07-19 05:53:26.442  3217  3217 W ThumbnailCache: Low Memory: Freed 0 textures from compression queue, 0 from write queue, 0 from the pinned list, 0 from the cache.
07-19 05:53:26.724  3217  3217 D dalvikvm: GC_EXPLICIT freed 1K, 20% free 12145K/15111K, paused 92ms+8ms
07-19 05:53:26.864 32079 32082 D dalvikvm: GC_CONCURRENT freed 412K, 6% free 9398K/9927K, paused 3ms+38ms
07-19 05:53:26.864 32079 32088 W CursorWrapperInner: Cursor finalized without prior close()
07-19 05:53:26.864 32079 32088 W CursorWrapperInner: Cursor finalized without prior close()
07-19 05:53:26.864 32079 32088 W CursorWrapperInner: Cursor finalized without prior close()
07-19 05:53:26.907   144  1167 D CountryDetector: The first listener is added
07-19 05:53:27.087 32094 32096 D dalvikvm: GC_CONCURRENT freed 530K, 6% free 9633K/10247K, paused 7ms+3ms
07-19 05:53:27.352 32079 32082 D dalvikvm: GC_CONCURRENT freed 319K, 5% free 9487K/9927K, paused 4ms+3ms
07-19 05:53:27.599 32094 32096 D dalvikvm: GC_CONCURRENT freed 376K, 5% free 9769K/10247K, paused 1ms+4ms
07-19 05:53:27.786   144  1168 D dalvikvm: GC_EXPLICIT freed 924K, 23% free 18701K/24199K, paused 8ms+8ms
07-19 05:53:27.923 32079 32118 D dalvikvm: GC_FOR_ALLOC freed 168K, 5% free 9657K/10119K, paused 15ms
07-19 05:53:31.384  3452  3452 D dalvikvm: GC_EXPLICIT freed <1K, 4% free 9238K/9543K, paused 30ms+2ms
07-19 05:53:36.446   144   160 D dalvikvm: GC_EXPLICIT freed 45K, 23% free 18687K/24199K, paused 15ms+8ms
07-19 05:53:41.692   144   310 I ActivityManager: Start proc com.google.android.apps.maps:LocationFriendService for service com.google.android.apps.maps/com.google.googlenav.friend.reporting.LocationReceiverService: pid=32121 uid=10056 gids={3003, 1015}
07-19 05:53:41.813 31886 31887 D dalvikvm: GC_CONCURRENT freed 559K, 7% free 10388K/11079K, paused 2ms+57ms
07-19 05:53:41.849 32121 32124 D dalvikvm: GC_CONCURRENT freed 168K, 3% free 9364K/9607K, paused 7ms+2ms
07-19 05:53:41.915   144   155 I ActivityManager: Process android.process.acore (pid 32094) has died.
07-19 05:53:41.919   144 14994 D CountryDetector: No listener is left
07-19 05:53:42.157 32121 32124 D dalvikvm: GC_CONCURRENT freed 155K, 3% free 9660K/9927K, paused 14ms+5ms
07-19 05:53:42.517 32121 32124 D dalvikvm: GC_CONCURRENT freed 280K, 4% free 9843K/10247K, paused 2ms+4ms
07-19 05:53:42.622 32121 32128 I dalvikvm: Total arena pages for JIT: 11
07-19 05:53:42.626 32121 32128 I dalvikvm: Total arena pages for JIT: 12
07-19 05:53:42.626 32121 32128 I dalvikvm: Total arena pages for JIT: 13
07-19 05:53:42.626 32121 32128 I dalvikvm: Total arena pages for JIT: 14
07-19 05:53:42.626 32121 32128 I dalvikvm: Total arena pages for JIT: 15
07-19 05:53:42.626 32121 32128 I dalvikvm: Total arena pages for JIT: 16
07-19 05:53:42.626 32121 32128 I dalvikvm: Total arena pages for JIT: 17
07-19 05:53:42.759 32121 32124 D dalvikvm: GC_CONCURRENT freed 336K, 5% free 9968K/10439K, paused 2ms+2ms
07-19 05:53:46.286 32144 32144 D dalvikvm: Late-enabling CheckJNI
07-19 05:53:46.286   144   161 I ActivityManager: Start proc com.xabber.androiddev for service com.xabber.androiddev/com.xabber.android.service.XMPPService: pid=32144 uid=10063 gids={3003, 1015}
07-19 05:53:46.294   144   317 I ActivityManager: Process com.google.android.apps.maps:LocationFriendService (pid 32121) has died.
07-19 05:53:46.313 32144 32144 I dalvikvm: Turning on JNI app bug workarounds for target SDK version 9...
07-19 05:53:46.610 32144 32148 D dalvikvm: GC_CONCURRENT freed 219K, 4% free 9313K/9607K, paused 9ms+5ms
07-19 05:53:46.673 32144 32144 D dalvikvm: GC_FOR_ALLOC freed 328K, 5% free 9473K/9927K, paused 19ms
07-19 05:53:46.802 32144 32148 D dalvikvm: GC_CONCURRENT freed 186K, 3% free 9850K/10119K, paused 1ms+3ms
07-19 05:53:46.993 32144 32148 D dalvikvm: GC_CONCURRENT freed 279K, 4% free 10079K/10439K, paused 2ms+3ms
07-19 05:53:47.149 32144 32144 I com.xabber.android.service.XMPPService@413de480: onCreate
07-19 05:53:47.149 32144 32144 I com.xabber.android.data.Application@41355838: onStart
07-19 05:53:47.165 32144 32158 I com.xabber.android.data.LogManager@41364048: onLoad
07-19 05:53:47.243 32144 32148 D dalvikvm: GC_CONCURRENT freed 301K, 5% free 10192K/10631K, paused 3ms+2ms
07-19 05:53:47.384   144   390 I ActivityManager: Start proc android.process.acore for content provider com.android.providers.contacts/.ContactsProvider2: pid=32160 uid=10000 gids={3003, 1015}
07-19 05:53:47.419 32160 32160 I ActivityThread: Pub call_log: com.android.providers.contacts.CallLogProvider
07-19 05:53:47.458 32160 32160 I ActivityThread: Pub com.android.voicemail: com.android.providers.contacts.VoicemailContentProvider
07-19 05:53:47.462 32160 32160 I ActivityThread: Pub user_dictionary: com.android.providers.userdictionary.UserDictionaryProvider
07-19 05:53:47.513 32160 32160 I ActivityThread: Pub com.android.social: com.android.providers.contacts.SocialProvider
07-19 05:53:47.517 32160 32160 I ActivityThread: Pub applications: com.android.providers.applications.ApplicationsProvider
07-19 05:53:47.751 32160 32162 D dalvikvm: GC_CONCURRENT freed 343K, 5% free 9147K/9607K, paused 4ms+3ms
07-19 05:53:47.755 32160 32160 I ActivityThread: Pub contacts;com.android.contacts: com.android.providers.contacts.ContactsProvider2
07-19 05:53:47.856   144 14994 I ActivityManager: Process com.google.android.apps.maps (pid 32030) has died.
07-19 05:53:47.856   144 14994 W ActivityManager: Scheduling restart of crashed service com.google.android.apps.maps/com.google.googlenav.prefetch.android.PrefetcherService in 20000ms
07-19 05:53:48.114 32160 32162 D dalvikvm: GC_CONCURRENT freed 218K, 4% free 9358K/9671K, paused 2ms+2ms
07-19 05:53:49.376 32160 32162 D dalvikvm: GC_CONCURRENT freed 169K, 3% free 9651K/9927K, paused 71ms+2ms
07-19 05:53:49.392 32144 32148 D dalvikvm: GC_CONCURRENT freed 212K, 4% free 10410K/10759K, paused 2ms+3ms
07-19 05:53:52.263 32144 32148 D dalvikvm: GC_CONCURRENT freed 265K, 4% free 10547K/10951K, paused 3ms+3ms
07-19 05:53:53.079 32144 32148 D dalvikvm: GC_CONCURRENT freed 332K, 5% free 10615K/11079K, paused 3ms+2ms
07-19 05:53:55.673   346   346 D dalvikvm: GC_EXPLICIT freed 1K, 10% free 11911K/13191K, paused 90ms+4ms
07-19 05:53:56.114 32144 32148 D dalvikvm: GC_CONCURRENT freed 361K, 5% free 10717K/11207K, paused 9ms+2ms
07-19 05:54:04.747   144   174 I ActivityManager: Start proc com.twitter.android for service com.twitter.android/.client.AppService: pid=32187 uid=10064 gids={3003, 1015}
07-19 05:54:04.778 32187 32187 I dalvikvm: Turning on JNI app bug workarounds for target SDK version 11...
07-19 05:54:04.927 32187 32187 I ActivityThread: Pub com.twitter.android.provider.GlobalDatabaseProvider: com.twitter.android.provider.GlobalDatabaseProvider
07-19 05:54:04.942 32187 32187 I ActivityThread: Pub com.twitter.android.provider.TwitterProvider: com.twitter.android.provider.TwitterProvider
07-19 05:54:05.087 32187 32189 D dalvikvm: GC_CONCURRENT freed 198K, 4% free 9301K/9607K, paused 15ms+2ms
07-19 05:54:05.106   144 14192 I ActivityManager: Process android.process.acore (pid 32160) has died.
07-19 05:54:05.462 32187 32189 D dalvikvm: GC_CONCURRENT freed 217K, 4% free 9511K/9863K, paused 2ms+2ms
07-19 05:54:05.606 32187 32189 D dalvikvm: GC_CONCURRENT freed 290K, 5% free 9633K/10055K, paused 2ms+2ms
07-19 05:54:05.727 32187 32189 D dalvikvm: GC_CONCURRENT freed 295K, 5% free 9761K/10183K, paused 2ms+2ms
07-19 05:54:05.849 32187 32189 D dalvikvm: GC_CONCURRENT freed 295K, 5% free 9884K/10311K, paused 2ms+2ms
07-19 05:54:05.977 32187 32189 D dalvikvm: GC_CONCURRENT freed 295K, 5% free 10010K/10439K, paused 2ms+3ms
07-19 05:54:06.110 32187 32189 D dalvikvm: GC_CONCURRENT freed 300K, 5% free 10142K/10567K, paused 2ms+3ms
07-19 05:54:06.247 32187 32189 D dalvikvm: GC_CONCURRENT freed 295K, 4% free 10268K/10695K, paused 2ms+2ms
07-19 05:54:06.427 32187 32189 D dalvikvm: GC_CONCURRENT freed 472K, 6% free 10233K/10823K, paused 2ms+2ms
07-19 05:54:06.552 32187 32189 D dalvikvm: GC_CONCURRENT freed 328K, 5% free 10297K/10823K, paused 2ms+2ms
07-19 05:54:06.685 32187 32189 D dalvikvm: GC_CONCURRENT freed 326K, 5% free 10371K/10823K, paused 7ms+2ms
07-19 05:54:06.845 32187 32189 D dalvikvm: GC_CONCURRENT freed 354K, 5% free 10469K/10951K, paused 2ms+2ms
07-19 05:54:06.977 32187 32189 D dalvikvm: GC_CONCURRENT freed 343K, 5% free 10552K/11015K, paused 2ms+3ms
07-19 05:54:07.110 32187 32189 D dalvikvm: GC_CONCURRENT freed 324K, 5% free 10631K/11079K, paused 2ms+2ms
07-19 05:54:07.247 32187 32189 D dalvikvm: GC_CONCURRENT freed 361K, 5% free 10728K/11207K, paused 1ms+2ms
07-19 05:54:07.388 32187 32189 D dalvikvm: GC_CONCURRENT freed 399K, 5% free 10811K/11335K, paused 2ms+3ms
07-19 05:54:07.911   144   161 I ActivityManager: Start proc com.google.android.apps.maps for service com.google.android.apps.maps/com.google.googlenav.prefetch.android.PrefetcherService: pid=32205 uid=10056 gids={3003, 1015}
07-19 05:54:07.962    79    79 D dalvikvm: GC_EXPLICIT freed 37K, 4% free 9027K/9347K, paused 2ms+9ms
07-19 05:54:07.993    79    79 D dalvikvm: GC_EXPLICIT freed <1K, 4% free 9027K/9347K, paused 2ms+3ms
07-19 05:54:08.040    79    79 D dalvikvm: GC_EXPLICIT freed <1K, 4% free 9027K/9347K, paused 8ms+4ms
07-19 05:54:08.122 32205 32207 D dalvikvm: GC_CONCURRENT freed 174K, 3% free 9358K/9607K, paused 3ms+2ms
07-19 05:54:08.188   144   156 I ActivityManager: Process com.facebook.katana (pid 29722) has died.
07-19 05:54:08.188   144   156 W ActivityManager: Scheduling restart of crashed service com.facebook.katana/.service.MediaUploadService in 5000ms
07-19 05:54:08.263 32205 32205 I ActivityThread: Pub com.google.android.maps.SearchHistoryProvider: com.google.googlenav.provider.SearchHistoryProvider
07-19 05:54:08.325 32205 32205 I ActivityThread: Pub com.google.android.maps.SuggestionProvider: com.google.googlenav.suggest.android.SuggestContentProvider
07-19 05:54:08.407 32205 32205 I ActivityThread: Pub com.google.android.maps.LayerInfoProvider: com.google.googlenav.layer.LayerInfoProvider
07-19 05:54:08.446 32205 32205 I ActivityThread: Pub com.google.android.maps.TrafficAppWidgetProvider: com.google.googlenav.appwidget.traffic.TrafficAppWidgetProvider
07-19 05:54:08.450 32205 32205 I ActivityThread: Pub com.google.android.maps.LocalActivePlacesProvider: com.google.googlenav.provider.LocalActivePlacesProvider
07-19 05:54:08.454 32205 32205 I ActivityThread: Pub com.google.android.maps.StarredItemProvider: com.google.googlenav.provider.StarredItemProvider
07-19 05:54:08.630 32205 32207 D dalvikvm: GC_CONCURRENT freed 174K, 3% free 9661K/9927K, paused 7ms+2ms
07-19 05:54:08.802 32205 32207 D dalvikvm: GC_CONCURRENT freed 253K, 4% free 9911K/10247K, paused 4ms+2ms
07-19 05:54:08.817 32205 32205 I ActivityThread: Pub com.google.android.maps.LocalSuggestionProvider: com.google.googlenav.provider.LocalSuggestionProvider
07-19 05:54:08.817 32205 32205 I ActivityThread: Pub com.google.android.maps.NavigationAvailabilityProvider: com.google.googlenav.provider.NavigationAvailabilityProvider
07-19 05:54:08.950 32205 32207 D dalvikvm: GC_CONCURRENT freed 142K, 3% free 10221K/10503K, paused 2ms+3ms
07-19 05:54:08.954 32187 32189 D dalvikvm: GC_CONCURRENT freed 324K, 4% free 11012K/11463K, paused 36ms+35ms
07-19 05:54:09.032 32205 32230 D dalvikvm: GC_FOR_ALLOC freed 102K, 3% free 10452K/10759K, paused 35ms
07-19 05:54:09.071 32205 32231 D dalvikvm: GC_FOR_ALLOC freed 62K, 4% free 10662K/11015K, paused 20ms
07-19 05:54:13.278   144   161 I ActivityManager: Start proc com.facebook.katana for service com.facebook.katana/.service.MediaUploadService: pid=32238 uid=10071 gids={3003, 1006, 1015}
07-19 05:54:13.286 32238 32238 I dalvikvm: Turning on JNI app bug workarounds for target SDK version 10...
07-19 05:54:13.310   144   390 I ActivityManager: Process com.twitter.android (pid 32187) has died.
07-19 05:54:13.485 32238 32240 D dalvikvm: GC_CONCURRENT freed 147K, 3% free 9385K/9607K, paused 2ms+2ms
07-19 05:54:13.591 32238 32240 D dalvikvm: GC_CONCURRENT freed 119K, 3% free 9675K/9927K, paused 1ms+1ms
07-19 05:54:13.688 32238 32238 I ActivityThread: Pub com.facebook.katana.provider.LoggingProvider: com.facebook.katana.provider.LoggingProvider
07-19 05:54:13.751 32238 32238 I ActivityThread: Pub com.facebook.katana.provider.KeyValueProvider: com.facebook.katana.provider.KeyValueProvider
07-19 05:54:13.755 32238 32238 I ActivityThread: Pub com.facebook.katana.provider.CacheProvider: com.facebook.katana.provider.CacheProvider
07-19 05:54:13.763 32238 32238 I ActivityThread: Pub com.facebook.katana.provider.VaultImageProvider: com.facebook.katana.provider.VaultImageProvider
07-19 05:54:13.767 32238 32238 I ActivityThread: Pub com.facebook.katana.provider.MailboxProvider: com.facebook.katana.provider.MailboxProvider
07-19 05:54:13.782 32238 32238 I ActivityThread: Pub com.facebook.katana.provider.UserStatusesProvider: com.facebook.katana.provider.UserStatusesProvider
07-19 05:54:13.786 32238 32238 I ActivityThread: Pub com.facebook.katana.provider.EventsProvider: com.facebook.katana.provider.EventsProvider
07-19 05:54:13.786 32238 32238 I ActivityThread: Pub com.facebook.katana.provider.ObservedContactsProvider: com.facebook.katana.provider.ObservedContactsProvider
07-19 05:54:13.790 32238 32238 I ActivityThread: Pub com.facebook.katana.provider.NotificationsProvider: com.facebook.katana.provider.NotificationsProvider
07-19 05:54:13.790 32238 32238 I ActivityThread: Pub com.facebook.katana.provider.UserValuesProvider: com.facebook.katana.provider.UserValuesProvider
07-19 05:54:13.790 32238 32238 I ActivityThread: Pub com.facebook.katana.provider.PagesProvider: com.facebook.katana.provider.PagesProvider
07-19 05:54:13.790 32238 32238 I ActivityThread: Pub com.facebook.katana.provider.MobileEventLogProvider: com.facebook.katana.provider.MobileEventLogProvider
07-19 05:54:13.794 32238 32238 I ActivityThread: Pub com.facebook.katana.provider.PushNotificationsProvider: com.facebook.katana.provider.PushNotificationsProvider
07-19 05:54:13.794 32238 32238 I ActivityThread: Pub com.facebook.katana.provider.PhotosProvider: com.facebook.katana.provider.PhotosProvider
07-19 05:54:13.794 32238 32238 I ActivityThread: Pub com.facebook.katana.provider.ConnectionsProvider: com.facebook.katana.provider.ConnectionsProvider
07-19 05:54:13.806 32238 32238 I ActivityThread: Pub com.facebook.orca.notify.FbandroidMessagesForegroundProvider: com.facebook.orca.notify.FbandroidMessagesForegroundProvider
07-19 05:54:13.876 32238 32238 D ACRA    : Retrieve application default SharedPreferences.
07-19 05:54:13.884 32238 32238 D ACRA    : Set OnSharedPreferenceChangeListener.
07-19 05:54:13.899 32238 32238 D ACRA    : ACRA is enabled for com.facebook.katana, intializing...
07-19 05:54:13.977 32238 32238 D ACRA    : Looking for error files in /data/data/com.facebook.katana/app_acra-reports
07-19 05:54:14.153 32238 32238 W nalizableReferenceQueue: Could not load Finalizer in its own class loader.Loading Finalizer in the current class loader instead. As a result, you will not be ableto garbage collect this class loader. To support reclaiming this class loader, eitherresolve the underlying issue, or move Google Collections to your system class path.
07-19 05:54:14.153 32238 32238 W nalizableReferenceQueue: java.io.FileNotFoundException: com/google/common/base/internal/Finalizer.class
07-19 05:54:14.153 32238 32238 W nalizableReferenceQueue: 	at com.google.common.base.FinalizableReferenceQueue$DecoupledLoader.getBaseUrl(FinalizableReferenceQueue.java:243)
07-19 05:54:14.153 32238 32238 W nalizableReferenceQueue: 	at com.google.common.base.FinalizableReferenceQueue$DecoupledLoader.loadFinalizer(FinalizableReferenceQueue.java:227)
07-19 05:54:14.153 32238 32238 W nalizableReferenceQueue: 	at com.google.common.base.FinalizableReferenceQueue.loadFinalizer(FinalizableReferenceQueue.java:155)
07-19 05:54:14.153 32238 32238 W nalizableReferenceQueue: 	at com.google.common.base.FinalizableReferenceQueue.<clinit>(FinalizableReferenceQueue.java:84)
07-19 05:54:14.153 32238 32238 W nalizableReferenceQueue: 	at com.google.common.collect.CustomConcurrentHashMap$QueueHolder.<clinit>(CustomConcurrentHashMap.java:650)
07-19 05:54:14.153 32238 32238 W nalizableReferenceQueue: 	at com.google.common.collect.CustomConcurrentHashMap$WeakEntry.<init>(CustomConcurrentHashMap.java:1342)
07-19 05:54:14.153 32238 32238 W nalizableReferenceQueue: 	at com.google.common.collect.CustomConcurrentHashMap$EntryFactory$9.newEntry(CustomConcurrentHashMap.java:453)
07-19 05:54:14.153 32238 32238 W nalizableReferenceQueue: 	at com.google.common.collect.CustomConcurrentHashMap.a(CustomConcurrentHashMap.java:1715)
07-19 05:54:14.153 32238 32238 W nalizableReferenceQueue: 	at com.google.common.collect.ComputingConcurrentHashMap$ComputingSegment.a(ComputingConcurrentHashMap.java:123)
07-19 05:54:14.153 32238 32238 W nalizableReferenceQueue: 	at com.google.common.collect.ComputingConcurrentHashMap.apply(ComputingConcurrentHashMap.java:71)
07-19 05:54:14.153 32238 32238 W nalizableReferenceQueue: 	at com.google.common.collect.MapMaker$ComputingMapAdapter.get(MapMaker.java:848)
07-19 05:54:14.153 32238 32238 W nalizableReferenceQueue: 	at com.google.inject.internal.Annotations$AnnotationChecker.a(Annotations.java:90)
07-19 05:54:14.153 32238 32238 W nalizableReferenceQueue: 	at com.google.inject.internal.Annotations.c(Annotations.java:108)
07-19 05:54:14.153 32238 32238 W nalizableReferenceQueue: 	at com.google.inject.Key.d(Key.java:369)
07-19 05:54:14.153 32238 32238 W nalizableReferenceQueue: 	at com.google.inject.Key.b(Key.java:356)
07-19 05:54:14.153 32238 32238 W nalizableReferenceQueue: 	at com.google.inject.Key.a(Key.java:267)
07-19 05:54:14.153 32238 32238 W nalizableReferenceQueue: 	at com.facebook.orca.inject.binder.AnnotatedBindingBuilderImpl.a(AnnotatedBindingBuilderImpl.java:22)
07-19 05:54:14.153 32238 32238 W nalizableReferenceQueue: 	at com.facebook.orca.app.FbBaseModule.a(FbBaseModule.java:75)
07-19 05:54:14.153 32238 32238 W nalizableReferenceQueue: 	at com.facebook.orca.inject.AbstractModule.a(AbstractModule.java:19)
07-19 05:54:14.153 32238 32238 W nalizableReferenceQueue: 	at com.facebook.orca.inject.FbInjectorImpl.a(FbInjectorImpl.java:63)
07-19 05:54:14.153 32238 32238 W nalizableReferenceQueue: 	at com.facebook.orca.inject.FbInjectorImpl.<init>(FbInjectorImpl.java:41)
07-19 05:54:14.153 32238 32238 W nalizableReferenceQueue: 	at com.facebook.orca.inject.FbInjector.a(FbInjector.java:40)
07-19 05:54:14.153 32238 32238 W nalizableReferenceQueue: 	at com.facebook.katana.FacebookApplication.onCreate(FacebookApplication.java:102)
07-19 05:54:14.153 32238 32238 W nalizableReferenceQueue: 	at android.app.Instrumentation.callApplicationOnCreate(Instrumentation.java:969)
07-19 05:54:14.153 32238 32238 W nalizableReferenceQueue: 	at android.app.ActivityThread.handleBindApplication(ActivityThread.java:3954)
07-19 05:54:14.153 32238 32238 W nalizableReferenceQueue: 	at android.app.ActivityThread.access$1300(ActivityThread.java:123)
07-19 05:54:14.153 32238 32238 W nalizableReferenceQueue: 	at android.app.ActivityThread$H.handleMessage(ActivityThread.java:1185)
07-19 05:54:14.153 32238 32238 W nalizableReferenceQueue: 	at android.os.Handler.dispatchMessage(Handler.java:99)
07-19 05:54:14.153 32238 32238 W nalizableReferenceQueue: 	at android.os.Looper.loop(Looper.java:137)
07-19 05:54:14.153 32238 32238 W nalizableReferenceQueue: 	at android.app.ActivityThread.main(ActivityThread.java:4424)
07-19 05:54:14.153 32238 32238 W nalizableReferenceQueue: 	at java.lang.reflect.Method.invokeNative(Native Method)
07-19 05:54:14.153 32238 32238 W nalizableReferenceQueue: 	at java.lang.reflect.Method.invoke(Method.java:511)
07-19 05:54:14.153 32238 32238 W nalizableReferenceQueue: 	at com.android.internal.os.ZygoteInit$MethodAndArgsCaller.run(ZygoteInit.java:784)
07-19 05:54:14.153 32238 32238 W nalizableReferenceQueue: 	at com.android.internal.os.ZygoteInit.main(ZygoteInit.java:551)
07-19 05:54:14.153 32238 32238 W nalizableReferenceQueue: 	at dalvik.system.NativeStart.main(Native Method)
07-19 05:54:14.157 32238 32238 I Finalizer: Couldn't access Thread.inheritableThreadLocals. Reference finalizer threads will inherit thread local values.
07-19 05:54:14.196 32238 32240 D dalvikvm: GC_CONCURRENT freed 332K, 5% free 9873K/10311K, paused 16ms+2ms
07-19 05:54:14.368 32238 32240 D dalvikvm: GC_CONCURRENT freed 405K, 5% free 10001K/10503K, paused 2ms+2ms
07-19 05:54:14.563 32238 32240 D dalvikvm: GC_CONCURRENT freed 362K, 5% free 10103K/10567K, paused 2ms+3ms
07-19 05:54:14.872 32238 32240 D dalvikvm: GC_CONCURRENT freed 325K, 4% free 10270K/10695K, paused 53ms+4ms
07-19 05:54:15.118 32238 32255 W Resources: Converting to string: TypedValue{t=0x10/d=0xffffffff a=-1}
07-19 05:54:15.466 32238 32240 D dalvikvm: GC_CONCURRENT freed 304K, 4% free 10407K/10823K, paused 2ms+3ms
07-19 05:54:15.763 32238 32240 D dalvikvm: GC_CONCURRENT freed 305K, 5% free 10510K/10951K, paused 1ms+3ms
07-19 05:54:16.560 32238 32240 D dalvikvm: GC_CONCURRENT freed 312K, 5% free 10631K/11079K, paused 7ms+3ms
07-19 05:54:17.067 32238 32240 D dalvikvm: GC_CONCURRENT freed 366K, 5% free 10718K/11207K, paused 2ms+3ms
07-19 05:54:17.692 32238 32240 D dalvikvm: GC_CONCURRENT freed 450K, 6% free 10746K/11335K, paused 2ms+3ms
07-19 05:54:20.532   359   359 D dalvikvm: GC_EXPLICIT freed <1K, 6% free 9096K/9607K, paused 21ms+2ms
07-19 05:54:25.524  3217  3217 W ThumbnailCache: Low Memory: Freed 0 textures from compression queue, 0 from write queue, 0 from the pinned list, 0 from the cache.
07-19 05:54:25.626  3217  3217 D dalvikvm: GC_EXPLICIT freed 1K, 20% free 12145K/15111K, paused 29ms+3ms
07-19 05:54:27.751   144   390 D dalvikvm: GC_EXPLICIT freed 458K, 23% free 18721K/24199K, paused 14ms+9ms
07-19 05:54:30.778  3452  3452 D dalvikvm: GC_EXPLICIT freed <1K, 4% free 9238K/9543K, paused 5ms+2ms
07-19 05:54:40.399 31712 31712 D dalvikvm: GC_EXPLICIT freed 302K, 5% free 9867K/10311K, paused 9ms+8ms
07-19 05:54:41.614   144   144 I ActivityManager: Start proc com.google.android.apps.maps:LocationFriendService for service com.google.android.apps.maps/com.google.googlenav.friend.reporting.LocationReceiverService: pid=32273 uid=10056 gids={3003, 1015}
07-19 05:54:41.790 32273 32275 D dalvikvm: GC_CONCURRENT freed 156K, 3% free 9376K/9607K, paused 9ms+3ms
07-19 05:54:42.157 32273 32275 D dalvikvm: GC_CONCURRENT freed 150K, 3% free 9659K/9927K, paused 9ms+2ms
07-19 05:54:42.622 32273 32275 D dalvikvm: GC_CONCURRENT freed 278K, 4% free 9847K/10247K, paused 2ms+5ms
07-19 05:54:42.739 32273 32280 I dalvikvm: Total arena pages for JIT: 11
07-19 05:54:42.743 32273 32280 I dalvikvm: Total arena pages for JIT: 12
07-19 05:54:42.743 32273 32280 I dalvikvm: Total arena pages for JIT: 13
07-19 05:54:42.743 32273 32280 I dalvikvm: Total arena pages for JIT: 14
07-19 05:54:42.743 32273 32280 I dalvikvm: Total arena pages for JIT: 15
07-19 05:54:42.747 32273 32280 I dalvikvm: Total arena pages for JIT: 16
07-19 05:54:42.747 32273 32280 I dalvikvm: Total arena pages for JIT: 17
07-19 05:54:42.880 32273 32275 D dalvikvm: GC_CONCURRENT freed 330K, 4% free 9964K/10375K, paused 2ms+2ms
07-19 05:54:46.642   144   160 D dalvikvm: GC_EXPLICIT freed 118K, 23% free 18677K/24199K, paused 32ms+8ms
07-19 05:54:51.657   346   346 D dalvikvm: GC_EXPLICIT freed 2K, 10% free 11911K/13191K, paused 37ms+3ms
07-19 05:54:52.458   144  1168 I ActivityManager: Process com.google.android.apps.maps:LocationFriendService (pid 32273) has died.
07-19 05:54:57.540   435   435 D dalvikvm: GC_EXPLICIT freed <1K, 4% free 9033K/9347K, paused 19ms+2ms
07-19 05:55:04.790 29187 29200 I PhoneLab-: Service Running
07-19 05:55:04.903 29187 29200 I PhoneLab-LoggerService: app_37    1395  1     1432   980   c00f181c 400107b4 S logcat
07-19 05:55:04.907 29187 29200 I PhoneLab-LoggerService: Logcat pid from database 1395
07-19 05:55:04.907 29187 29200 I PhoneLab-LoggerService: Logcat process found 1395
07-19 05:55:04.907 29187 29200 I PhoneLab-LoggerService: Checking Threshold
07-19 05:55:05.286   321   321 D dalvikvm: GC_EXPLICIT freed <1K, 24% free 10155K/13191K, paused 21ms+2ms
07-19 05:55:10.290 13970 13970 D dalvikvm: GC_EXPLICIT freed <1K, 6% free 9760K/10375K, paused 22ms+3ms
07-19 05:55:15.321   215   215 D dalvikvm: GC_EXPLICIT freed 86K, 56% free 10162K/22727K, paused 28ms+3ms
07-19 05:55:20.310 29274 29274 D dalvikvm: GC_EXPLICIT freed 14K, 4% free 9133K/9479K, paused 20ms+2ms
07-19 05:55:25.298 29792 29792 D dalvikvm: GC_EXPLICIT freed <1K, 4% free 9051K/9347K, paused 26ms+2ms
07-19 05:55:27.923   144   390 I ActivityManager: Start proc android.process.acore for content provider com.android.providers.contacts/.ContactsProvider2: pid=32298 uid=10000 gids={3003, 1015}
07-19 05:55:27.985   144 14192 I ActivityManager: Process com.xabber.androiddev (pid 32144) has died.
07-19 05:55:27.985 32298 32298 I ActivityThread: Pub call_log: com.android.providers.contacts.CallLogProvider
07-19 05:55:27.985   144 14192 W ActivityManager: Scheduling restart of crashed service com.xabber.androiddev/com.xabber.android.service.XMPPService in 5000ms
07-19 05:55:28.032 32298 32298 I ActivityThread: Pub com.android.voicemail: com.android.providers.contacts.VoicemailContentProvider
07-19 05:55:28.032 32298 32298 I ActivityThread: Pub user_dictionary: com.android.providers.userdictionary.UserDictionaryProvider
07-19 05:55:28.071 32298 32298 I ActivityThread: Pub com.android.social: com.android.providers.contacts.SocialProvider
07-19 05:55:28.071 32298 32298 I ActivityThread: Pub applications: com.android.providers.applications.ApplicationsProvider
07-19 05:55:28.239 32298 32298 I ActivityThread: Pub contacts;com.android.contacts: com.android.providers.contacts.ContactsProvider2
07-19 05:55:28.274 32298 32300 D dalvikvm: GC_CONCURRENT freed 347K, 5% free 9184K/9607K, paused 4ms+2ms
07-19 05:55:28.548 32298 32300 D dalvikvm: GC_CONCURRENT freed 231K, 4% free 9367K/9735K, paused 2ms+3ms
07-19 05:55:28.970   144   388 I ActivityManager: Process com.whatsapp (pid 31962) has died.
07-19 05:55:28.970   144   388 W ActivityManager: Scheduling restart of crashed service com.whatsapp/.messaging.MessageService in 14013ms
07-19 05:55:29.630 32298 32300 D dalvikvm: GC_CONCURRENT freed 185K, 4% free 9607K/9927K, paused 9ms+11ms
07-19 05:55:30.224   144 14192 I ActivityManager: Process android.process.acore (pid 32298) has died.
07-19 05:55:30.446   144   199 D DhcpInfoInternal: makeLinkProperties with empty dns2!
07-19 05:55:30.466   144   199 D DhcpInfoInternal: makeLinkProperties with empty dns2!
07-19 05:55:32.993 32333 32333 D dalvikvm: Late-enabling CheckJNI
07-19 05:55:32.993   144   161 I ActivityManager: Start proc com.xabber.androiddev for service com.xabber.androiddev/com.xabber.android.service.XMPPService: pid=32333 uid=10063 gids={3003, 1015}
07-19 05:55:33.013 32333 32333 I dalvikvm: Turning on JNI app bug workarounds for target SDK version 9...
07-19 05:55:33.317 32333 32336 D dalvikvm: GC_CONCURRENT freed 209K, 3% free 9322K/9607K, paused 7ms+2ms
07-19 05:55:33.360 32333 32333 D dalvikvm: GC_FOR_ALLOC freed 310K, 5% free 9457K/9927K, paused 14ms
07-19 05:55:33.462 32333 32336 D dalvikvm: GC_CONCURRENT freed 190K, 3% free 9789K/10055K, paused 1ms+2ms
07-19 05:55:33.634 32333 32336 D dalvikvm: GC_CONCURRENT freed 287K, 4% free 10061K/10439K, paused 1ms+2ms
07-19 05:55:33.833 32333 32333 I com.xabber.android.service.XMPPService@4140c2b0: onCreate
07-19 05:55:33.837 32333 32333 I com.xabber.android.data.Application@41352180: onStart
07-19 05:55:33.852 32333 32347 I com.xabber.android.data.LogManager@41363d88: onLoad
07-19 05:55:33.981 32333 32336 D dalvikvm: GC_CONCURRENT freed 301K, 5% free 10191K/10631K, paused 5ms+4ms
07-19 05:55:34.142   144   378 I ActivityManager: Start proc android.process.acore for content provider com.android.providers.contacts/.ContactsProvider2: pid=32349 uid=10000 gids={3003, 1015}
07-19 05:55:34.181 32349 32349 I ActivityThread: Pub call_log: com.android.providers.contacts.CallLogProvider
07-19 05:55:34.227 32349 32349 I ActivityThread: Pub com.android.voicemail: com.android.providers.contacts.VoicemailContentProvider
07-19 05:55:34.235 32349 32349 I ActivityThread: Pub user_dictionary: com.android.providers.userdictionary.UserDictionaryProvider
07-19 05:55:34.263 32349 32349 I ActivityThread: Pub com.android.social: com.android.providers.contacts.SocialProvider
07-19 05:55:34.267 32349 32349 I ActivityThread: Pub applications: com.android.providers.applications.ApplicationsProvider
07-19 05:55:34.442 32349 32349 I ActivityThread: Pub contacts;com.android.contacts: com.android.providers.contacts.ContactsProvider2
07-19 05:55:34.474 32349 32352 D dalvikvm: GC_CONCURRENT freed 347K, 5% free 9184K/9607K, paused 4ms+4ms
07-19 05:55:34.513   144   144 I ActivityManager: Process com.facebook.katana (pid 32238) has died.
07-19 05:55:34.513   144   144 W ActivityManager: Scheduling restart of crashed service com.facebook.katana/.service.MediaUploadService in 18472ms
07-19 05:55:34.755 32349 32352 D dalvikvm: GC_CONCURRENT freed 239K, 4% free 9367K/9735K, paused 2ms+3ms
07-19 05:55:37.091 32349 32352 D dalvikvm: GC_CONCURRENT freed 176K, 4% free 9614K/9927K, paused 38ms+7ms
07-19 05:55:38.083 32333 32336 D dalvikvm: GC_CONCURRENT freed 212K, 4% free 10410K/10759K, paused 2ms+3ms
07-19 05:55:41.802   144 14192 I ActivityManager: Start proc com.google.android.apps.maps:LocationFriendService for service com.google.android.apps.maps/com.google.googlenav.friend.reporting.LocationReceiverService: pid=32371 uid=10056 gids={3003, 1015}
07-19 05:55:41.942 32371 32374 D dalvikvm: GC_CONCURRENT freed 165K, 3% free 9366K/9607K, paused 10ms+2ms
07-19 05:55:41.993 31886 31887 D dalvikvm: GC_CONCURRENT freed 504K, 7% free 10395K/11079K, paused 7ms+15ms
07-19 05:55:42.294   144 13425 I ActivityManager: Process android.process.acore (pid 32349) has died.
07-19 05:55:42.345 32371 32374 D dalvikvm: GC_CONCURRENT freed 138K, 3% free 9671K/9927K, paused 18ms+7ms
07-19 05:55:42.567 32333 32336 D dalvikvm: GC_CONCURRENT freed 268K, 4% free 10546K/10951K, paused 57ms+3ms
07-19 05:55:42.958 32371 32374 D dalvikvm: GC_CONCURRENT freed 305K, 4% free 9839K/10247K, paused 2ms+3ms
07-19 05:55:43.005   144   161 I ActivityManager: Start proc com.whatsapp for service com.whatsapp/.messaging.MessageService: pid=32392 uid=10068 gids={1015, 3003}
07-19 05:55:43.048 32392 32392 I dalvikvm: Turning on JNI app bug workarounds for target SDK version 7...
07-19 05:55:43.153 32371 32378 I dalvikvm: Total arena pages for JIT: 11
07-19 05:55:43.153 32371 32378 I dalvikvm: Total arena pages for JIT: 12
07-19 05:55:43.157 32371 32378 I dalvikvm: Total arena pages for JIT: 13
07-19 05:55:43.157 32371 32378 I dalvikvm: Total arena pages for JIT: 14
07-19 05:55:43.157 32371 32378 I dalvikvm: Total arena pages for JIT: 15
07-19 05:55:43.157 32371 32378 I dalvikvm: Total arena pages for JIT: 16
07-19 05:55:43.157 32371 32378 I dalvikvm: Total arena pages for JIT: 17
07-19 05:55:43.282 32392 32395 D dalvikvm: GC_CONCURRENT freed 176K, 3% free 9356K/9607K, paused 2ms+2ms
07-19 05:55:43.399 32371 32374 D dalvikvm: GC_CONCURRENT freed 324K, 4% free 9962K/10375K, paused 2ms+3ms
07-19 05:55:43.727 32392 32395 D dalvikvm: GC_CONCURRENT freed 297K, 4% free 9616K/9991K, paused 3ms+3ms
07-19 05:55:43.977 32333 32336 D dalvikvm: GC_CONCURRENT freed 333K, 5% free 10615K/11079K, paused 7ms+5ms
07-19 05:55:44.020 32392 32392 I dalvikvm: Could not find method android.media.MediaMetadataRetriever.captureFrame, referenced from method com.whatsapp.q3.a
07-19 05:55:44.020 32392 32392 W dalvikvm: VFY: unable to resolve virtual method 502: Landroid/media/MediaMetadataRetriever;.captureFrame ()Landroid/graphics/Bitmap;
07-19 05:55:44.020 32392 32392 D dalvikvm: VFY: replacing opcode 0x6e at 0x0134
07-19 05:55:44.106   144 14994 I ActivityManager: Start proc android.process.acore for content provider com.android.providers.contacts/.ContactsProvider2: pid=32415 uid=10000 gids={3003, 1015}
07-19 05:55:44.134   144   317 I ActivityManager: Process com.google.android.apps.maps:LocationFriendService (pid 32371) has died.
07-19 05:55:44.142 32415 32415 I ActivityThread: Pub call_log: com.android.providers.contacts.CallLogProvider
07-19 05:55:44.200 32415 32415 I ActivityThread: Pub com.android.voicemail: com.android.providers.contacts.VoicemailContentProvider
07-19 05:55:44.204 32415 32415 I ActivityThread: Pub user_dictionary: com.android.providers.userdictionary.UserDictionaryProvider
07-19 05:55:44.224 32415 32415 I ActivityThread: Pub com.android.social: com.android.providers.contacts.SocialProvider
07-19 05:55:44.224 32415 32415 I ActivityThread: Pub applications: com.android.providers.applications.ApplicationsProvider
07-19 05:55:44.306 32392 32395 D dalvikvm: GC_CONCURRENT freed 404K, 6% free 9703K/10247K, paused 2ms+20ms
07-19 05:55:44.376 32415 32415 I ActivityThread: Pub contacts;com.android.contacts: com.android.providers.contacts.ContactsProvider2
07-19 05:55:44.403 32415 32417 D dalvikvm: GC_CONCURRENT freed 351K, 5% free 9180K/9607K, paused 2ms+3ms
07-19 05:55:44.532 32392 32395 D dalvikvm: GC_CONCURRENT freed 181K, 3% free 9969K/10247K, paused 1ms+3ms
07-19 05:55:44.825 32415 32417 D dalvikvm: GC_CONCURRENT freed 234K, 4% free 9378K/9735K, paused 2ms+2ms
07-19 05:55:46.720 32392 32395 D dalvikvm: GC_CONCURRENT freed 247K, 4% free 10174K/10503K, paused 94ms+160ms
07-19 05:55:46.806 32415 32417 D dalvikvm: GC_CONCURRENT freed 186K, 4% free 9609K/9927K, paused 7ms+10ms
07-19 05:55:49.739   359   359 D dalvikvm: GC_EXPLICIT freed <1K, 6% free 9096K/9607K, paused 2ms+2ms
07-19 05:55:49.739 32333 32336 D dalvikvm: GC_CONCURRENT freed 361K, 5% free 10709K/11207K, paused 2ms+12ms
07-19 05:55:53.013   144   161 I ActivityManager: Start proc com.facebook.katana for service com.facebook.katana/.service.MediaUploadService: pid=32443 uid=10071 gids={3003, 1006, 1015}
07-19 05:55:53.048 32443 32443 I dalvikvm: Turning on JNI app bug workarounds for target SDK version 10...
07-19 05:55:53.267 32443 32444 D dalvikvm: GC_CONCURRENT freed 167K, 3% free 9365K/9607K, paused 5ms+3ms
07-19 05:55:53.376 32443 32444 D dalvikvm: GC_CONCURRENT freed 127K, 3% free 9672K/9927K, paused 1ms+2ms
07-19 05:55:53.470 32443 32443 I ActivityThread: Pub com.facebook.katana.provider.LoggingProvider: com.facebook.katana.provider.LoggingProvider
07-19 05:55:53.524 32443 32443 I ActivityThread: Pub com.facebook.katana.provider.KeyValueProvider: com.facebook.katana.provider.KeyValueProvider
07-19 05:55:53.528 32443 32443 I ActivityThread: Pub com.facebook.katana.provider.CacheProvider: com.facebook.katana.provider.CacheProvider
07-19 05:55:53.532 32443 32443 I ActivityThread: Pub com.facebook.katana.provider.VaultImageProvider: com.facebook.katana.provider.VaultImageProvider
07-19 05:55:53.540 32443 32443 I ActivityThread: Pub com.facebook.katana.provider.MailboxProvider: com.facebook.katana.provider.MailboxProvider
07-19 05:55:53.556 32443 32443 I ActivityThread: Pub com.facebook.katana.provider.UserStatusesProvider: com.facebook.katana.provider.UserStatusesProvider
07-19 05:55:53.560 32443 32443 I ActivityThread: Pub com.facebook.katana.provider.EventsProvider: com.facebook.katana.provider.EventsProvider
07-19 05:55:53.567 32443 32443 I ActivityThread: Pub com.facebook.katana.provider.ObservedContactsProvider: com.facebook.katana.provider.ObservedContactsProvider
07-19 05:55:53.579 32443 32443 I ActivityThread: Pub com.facebook.katana.provider.NotificationsProvider: com.facebook.katana.provider.NotificationsProvider
07-19 05:55:53.610 32443 32443 I ActivityThread: Pub com.facebook.katana.provider.UserValuesProvider: com.facebook.katana.provider.UserValuesProvider
07-19 05:55:53.614 32443 32443 I ActivityThread: Pub com.facebook.katana.provider.PagesProvider: com.facebook.katana.provider.PagesProvider
07-19 05:55:53.614 32443 32443 I ActivityThread: Pub com.facebook.katana.provider.MobileEventLogProvider: com.facebook.katana.provider.MobileEventLogProvider
07-19 05:55:53.622 32443 32443 I ActivityThread: Pub com.facebook.katana.provider.PushNotificationsProvider: com.facebook.katana.provider.PushNotificationsProvider
07-19 05:55:53.626 32443 32443 I ActivityThread: Pub com.facebook.katana.provider.PhotosProvider: com.facebook.katana.provider.PhotosProvider
07-19 05:55:53.634 32443 32443 I ActivityThread: Pub com.facebook.katana.provider.ConnectionsProvider: com.facebook.katana.provider.ConnectionsProvider
07-19 05:55:53.677 32443 32443 I ActivityThread: Pub com.facebook.orca.notify.FbandroidMessagesForegroundProvider: com.facebook.orca.notify.FbandroidMessagesForegroundProvider
07-19 05:55:53.829 32443 32443 D ACRA    : Retrieve application default SharedPreferences.
07-19 05:55:53.837 32443 32443 D ACRA    : Set OnSharedPreferenceChangeListener.
07-19 05:55:53.868 32443 32443 D ACRA    : ACRA is enabled for com.facebook.katana, intializing...
07-19 05:55:54.013 32443 32443 D ACRA    : Looking for error files in /data/data/com.facebook.katana/app_acra-reports
07-19 05:55:54.235 32443 32444 D dalvikvm: GC_CONCURRENT freed 267K, 4% free 9849K/10247K, paused 5ms+3ms
07-19 05:55:54.251 32443 32443 W nalizableReferenceQueue: Could not load Finalizer in its own class loader.Loading Finalizer in the current class loader instead. As a result, you will not be ableto garbage collect this class loader. To support reclaiming this class loader, eitherresolve the underlying issue, or move Google Collections to your system class path.
07-19 05:55:54.251 32443 32443 W nalizableReferenceQueue: java.io.FileNotFoundException: com/google/common/base/internal/Finalizer.class
07-19 05:55:54.251 32443 32443 W nalizableReferenceQueue: 	at com.google.common.base.FinalizableReferenceQueue$DecoupledLoader.getBaseUrl(FinalizableReferenceQueue.java:243)
07-19 05:55:54.251 32443 32443 W nalizableReferenceQueue: 	at com.google.common.base.FinalizableReferenceQueue$DecoupledLoader.loadFinalizer(FinalizableReferenceQueue.java:227)
07-19 05:55:54.251 32443 32443 W nalizableReferenceQueue: 	at com.google.common.base.FinalizableReferenceQueue.loadFinalizer(FinalizableReferenceQueue.java:155)
07-19 05:55:54.251 32443 32443 W nalizableReferenceQueue: 	at com.google.common.base.FinalizableReferenceQueue.<clinit>(FinalizableReferenceQueue.java:84)
07-19 05:55:54.251 32443 32443 W nalizableReferenceQueue: 	at com.google.common.collect.CustomConcurrentHashMap$QueueHolder.<clinit>(CustomConcurrentHashMap.java:650)
07-19 05:55:54.251 32443 32443 W nalizableReferenceQueue: 	at com.google.common.collect.CustomConcurrentHashMap$WeakEntry.<init>(CustomConcurrentHashMap.java:1342)
07-19 05:55:54.251 32443 32443 W nalizableReferenceQueue: 	at com.google.common.collect.CustomConcurrentHashMap$EntryFactory$9.newEntry(CustomConcurrentHashMap.java:453)
07-19 05:55:54.251 32443 32443 W nalizableReferenceQueue: 	at com.google.common.collect.CustomConcurrentHashMap.a(CustomConcurrentHashMap.java:1715)
07-19 05:55:54.251 32443 32443 W nalizableReferenceQueue: 	at com.google.common.collect.ComputingConcurrentHashMap$ComputingSegment.a(ComputingConcurrentHashMap.java:123)
07-19 05:55:54.251 32443 32443 W nalizableReferenceQueue: 	at com.google.common.collect.ComputingConcurrentHashMap.apply(ComputingConcurrentHashMap.java:71)
07-19 05:55:54.251 32443 32443 W nalizableReferenceQueue: 	at com.google.common.collect.MapMaker$ComputingMapAdapter.get(MapMaker.java:848)
07-19 05:55:54.251 32443 32443 W nalizableReferenceQueue: 	at com.google.inject.internal.Annotations$AnnotationChecker.a(Annotations.java:90)
07-19 05:55:54.251 32443 32443 W nalizableReferenceQueue: 	at com.google.inject.internal.Annotations.c(Annotations.java:108)
07-19 05:55:54.251 32443 32443 W nalizableReferenceQueue: 	at com.google.inject.Key.d(Key.java:369)
07-19 05:55:54.251 32443 32443 W nalizableReferenceQueue: 	at com.google.inject.Key.b(Key.java:356)
07-19 05:55:54.251 32443 32443 W nalizableReferenceQueue: 	at com.google.inject.Key.a(Key.java:267)
07-19 05:55:54.251 32443 32443 W nalizableReferenceQueue: 	at com.facebook.orca.inject.binder.AnnotatedBindingBuilderImpl.a(AnnotatedBindingBuilderImpl.java:22)
07-19 05:55:54.251 32443 32443 W nalizableReferenceQueue: 	at com.facebook.orca.app.FbBaseModule.a(FbBaseModule.java:75)
07-19 05:55:54.251 32443 32443 W nalizableReferenceQueue: 	at com.facebook.orca.inject.AbstractModule.a(AbstractModule.java:19)
07-19 05:55:54.251 32443 32443 W nalizableReferenceQueue: 	at com.facebook.orca.inject.FbInjectorImpl.a(FbInjectorImpl.java:63)
07-19 05:55:54.251 32443 32443 W nalizableReferenceQueue: 	at com.facebook.orca.inject.FbInjectorImpl.<init>(FbInjectorImpl.java:41)
07-19 05:55:54.251 32443 32443 W nalizableReferenceQueue: 	at com.facebook.orca.inject.FbInjector.a(FbInjector.java:40)
07-19 05:55:54.251 32443 32443 W nalizableReferenceQueue: 	at com.facebook.katana.FacebookApplication.onCreate(FacebookApplication.java:102)
07-19 05:55:54.251 32443 32443 W nalizableReferenceQueue: 	at android.app.Instrumentation.callApplicationOnCreate(Instrumentation.java:969)
07-19 05:55:54.251 32443 32443 W nalizableReferenceQueue: 	at android.app.ActivityThread.handleBindApplication(ActivityThread.java:3954)
07-19 05:55:54.251 32443 32443 W nalizableReferenceQueue: 	at android.app.ActivityThread.access$1300(ActivityThread.java:123)
07-19 05:55:54.251 32443 32443 W nalizableReferenceQueue: 	at android.app.ActivityThread$H.handleMessage(ActivityThread.java:1185)
07-19 05:55:54.251 32443 32443 W nalizableReferenceQueue: 	at android.os.Handler.dispatchMessage(Handler.java:99)
07-19 05:55:54.251 32443 32443 W nalizableReferenceQueue: 	at android.os.Looper.loop(Looper.java:137)
07-19 05:55:54.251 32443 32443 W nalizableReferenceQueue: 	at android.app.ActivityThread.main(ActivityThread.java:4424)
07-19 05:55:54.251 32443 32443 W nalizableReferenceQueue: 	at java.lang.reflect.Method.invokeNative(Native Method)
07-19 05:55:54.251 32443 32443 W nalizableReferenceQueue: 	at java.lang.reflect.Method.invoke(Method.java:511)
07-19 05:55:54.251 32443 32443 W nalizableReferenceQueue: 	at com.android.internal.os.ZygoteInit$MethodAndArgsCaller.run(ZygoteInit.java:784)
07-19 05:55:54.251 32443 32443 W nalizableReferenceQueue: 	at com.android.internal.os.ZygoteInit.main(ZygoteInit.java:551)
07-19 05:55:54.251 32443 32443 W nalizableReferenceQueue: 	at dalvik.system.NativeStart.main(Native Method)
07-19 05:55:54.255 32443 32443 I Finalizer: Couldn't access Thread.inheritableThreadLocals. Reference finalizer threads will inherit thread local values.
07-19 05:55:54.438 32443 32444 D dalvikvm: GC_CONCURRENT freed 383K, 5% free 9960K/10439K, paused 2ms+2ms
07-19 05:55:54.587 32443 32444 D dalvikvm: GC_CONCURRENT freed 327K, 5% free 10069K/10503K, paused 1ms+7ms
07-19 05:55:54.782  3217  3217 W ThumbnailCache: Low Memory: Freed 0 textures from compression queue, 0 from write queue, 0 from the pinned list, 0 from the cache.
07-19 05:55:54.845  3217  3217 D dalvikvm: GC_EXPLICIT freed 1K, 20% free 12145K/15111K, paused 2ms+6ms
07-19 05:55:55.075 32443 32444 D dalvikvm: GC_CONCURRENT freed 410K, 5% free 10207K/10695K, paused 7ms+3ms
07-19 05:55:55.571 32443 32460 W Resources: Converting to string: TypedValue{t=0x10/d=0xffffffff a=-1}
07-19 05:55:55.794 32443 32444 D dalvikvm: GC_CONCURRENT freed 318K, 5% free 10389K/10823K, paused 4ms+7ms
07-19 05:55:55.993   144   310 I ActivityManager: Process android.process.acore (pid 32415) has died.
07-19 05:55:56.313   144   156 D dalvikvm: GC_EXPLICIT freed 866K, 23% free 18697K/24199K, paused 8ms+9ms
07-19 05:55:56.446 32443 32444 D dalvikvm: GC_CONCURRENT freed 360K, 4% free 10514K/10951K, paused 2ms+3ms
07-19 05:55:57.333 32443 32444 D dalvikvm: GC_CONCURRENT freed 322K, 5% free 10620K/11079K, paused 7ms+3ms
07-19 05:55:57.810 32443 32444 D dalvikvm: GC_CONCURRENT freed 352K, 5% free 10719K/11207K, paused 2ms+3ms
07-19 05:56:05.302  3452  3452 D dalvikvm: GC_EXPLICIT freed <1K, 4% free 9238K/9543K, paused 28ms+2ms
07-19 05:56:06.474 32443 32444 D dalvikvm: GC_CONCURRENT freed 505K, 6% free 10721K/11335K, paused 2ms+2ms
07-19 05:56:10.345 31712 31712 D dalvikvm: GC_EXPLICIT freed 136K, 5% free 9802K/10311K, paused 32ms+4ms
07-19 05:56:15.310   144   160 D dalvikvm: GC_EXPLICIT freed 112K, 23% free 18666K/24199K, paused 32ms+8ms
07-19 05:56:24.446   346   346 D dalvikvm: GC_EXPLICIT freed 4K, 10% free 11911K/13191K, paused 26ms+3ms
07-19 05:56:29.403   435   435 D dalvikvm: GC_EXPLICIT freed <1K, 4% free 9033K/9347K, paused 17ms+2ms
07-19 05:56:34.431   321   321 D dalvikvm: GC_EXPLICIT freed <1K, 24% free 10155K/13191K, paused 20ms+3ms
07-19 05:56:39.411 13970 13970 D dalvikvm: GC_EXPLICIT freed <1K, 6% free 9760K/10375K, paused 22ms+3ms
07-19 05:56:41.903   144 12390 I ActivityManager: Start proc com.google.android.apps.maps:LocationFriendService for service com.google.android.apps.maps/com.google.googlenav.friend.reporting.LocationReceiverService: pid=32478 uid=10056 gids={3003, 1015}
07-19 05:56:42.102 32478 32481 D dalvikvm: GC_CONCURRENT freed 175K, 3% free 9356K/9607K, paused 2ms+2ms
07-19 05:56:42.458 32478 32481 D dalvikvm: GC_CONCURRENT freed 136K, 3% free 9670K/9927K, paused 18ms+4ms
07-19 05:56:42.888 32478 32481 D dalvikvm: GC_CONCURRENT freed 305K, 4% free 9840K/10247K, paused 2ms+3ms
07-19 05:56:43.040 32478 32485 I dalvikvm: Total arena pages for JIT: 11
07-19 05:56:43.040 32478 32485 I dalvikvm: Total arena pages for JIT: 12
07-19 05:56:43.040 32478 32485 I dalvikvm: Total arena pages for JIT: 13
07-19 05:56:43.044 32478 32485 I dalvikvm: Total arena pages for JIT: 14
07-19 05:56:43.044 32478 32485 I dalvikvm: Total arena pages for JIT: 15
07-19 05:56:43.044 32478 32485 I dalvikvm: Total arena pages for JIT: 16
07-19 05:56:43.044 32478 32485 I dalvikvm: Total arena pages for JIT: 17
07-19 05:56:43.165 32478 32481 D dalvikvm: GC_CONCURRENT freed 329K, 4% free 9966K/10375K, paused 2ms+2ms
07-19 05:56:46.837   215   215 D dalvikvm: GC_EXPLICIT freed 62K, 56% free 10161K/22727K, paused 23ms+3ms
07-19 05:56:51.813 32205 32205 D dalvikvm: GC_EXPLICIT freed 122K, 4% free 10927K/11271K, paused 17ms+2ms
07-19 05:56:56.821 29274 29274 D dalvikvm: GC_EXPLICIT freed 14K, 4% free 9125K/9479K, paused 20ms+2ms
07-19 05:57:04.790 29187 29200 I PhoneLab-: Service Running
07-19 05:57:04.841   144  1168 I ActivityManager: Process com.google.android.apps.maps:LocationFriendService (pid 32478) has died.
07-19 05:57:04.903 29187 29200 I PhoneLab-LoggerService: app_37    1395  1     1432   980   c00f181c 400107b4 S logcat
07-19 05:57:04.903 29187 29200 I PhoneLab-LoggerService: Logcat pid from database 1395
07-19 05:57:04.903 29187 29200 I PhoneLab-LoggerService: Logcat process found 1395
07-19 05:57:04.903 29187 29200 I PhoneLab-LoggerService: Checking Threshold
07-19 05:57:09.923   359   359 D dalvikvm: GC_EXPLICIT freed <1K, 6% free 9096K/9607K, paused 24ms+2ms
07-19 05:57:10.688   144   174 I ActivityManager: Start proc com.google.android.gm for service com.google.android.gm/.provider.MailIndexerService: pid=32502 uid=10075 gids={3003, 1015}
07-19 05:57:10.720    79    79 D dalvikvm: GC_EXPLICIT freed 37K, 4% free 9027K/9347K, paused 3ms+9ms
07-19 05:57:10.743    79    79 D dalvikvm: GC_EXPLICIT freed <1K, 4% free 9027K/9347K, paused 2ms+2ms
07-19 05:57:10.763    79    79 D dalvikvm: GC_EXPLICIT freed <1K, 4% free 9027K/9347K, paused 1ms+2ms
07-19 05:57:10.770   144   174 I ActivityManager: Start proc com.google.android.apps.plus for service com.google.android.apps.plus/.service.EsService: pid=32515 uid=10060 gids={3003, 3002, 1015, 1006}
07-19 05:57:10.931   144  6618 I ActivityManager: Process edu.buffalo.cse.phonelab.phonelabservices (pid 29187) has died.
07-19 05:57:10.931   144  6618 W ActivityManager: Scheduling restart of crashed service edu.buffalo.cse.phonelab.phonelabservices/edu.buffalo.cse.phonelab.datalogger.LoggerService in 5000ms
07-19 05:57:11.005 32502 32502 I ActivityThread: Pub gmail-ls: com.google.android.gm.provider.MailProvider
07-19 05:57:11.142 32502 32502 I ActivityThread: Pub com.google.android.gm: com.google.android.gm.provider.PublicContentProvider
07-19 05:57:11.200 32502 32502 I ActivityThread: Pub com.google.android.gmail.SuggestionProvider: com.google.android.gm.SuggestionsProvider
07-19 05:57:11.294 32515 32518 D dalvikvm: GC_CONCURRENT freed 149K, 3% free 9382K/9607K, paused 2ms+2ms
07-19 05:57:11.466 32515 32515 I ActivityThread: Pub com.google.android.apps.plus.content.ApiProvider: com.google.android.apps.plus.content.EsApiProvider
07-19 05:57:11.513 32515 32515 I ActivityThread: Pub com.google.android.apps.plus.content.EsGooglePhotoProvider: com.google.android.picasasync.PicasaContentProvider
07-19 05:57:11.653 32515 32518 D dalvikvm: GC_CONCURRENT freed 335K, 5% free 9577K/9991K, paused 1ms+4ms
07-19 05:57:11.681 32515 32515 I ActivityThread: Pub com.google.android.apps.plus.content.EsPicasaStoreProvider: com.google.android.picasastore.PicasaPhotoContentProvider
07-19 05:57:11.688 32515 32515 I ActivityThread: Pub com.google.plus.platform: com.google.android.apps.plus.content.AdsProvider
07-19 05:57:11.688 32515 32515 I ActivityThread: Pub com.google.android.apps.plus.iu.EsGoogleIuProvider: com.google.android.apps.plus.iu.InstantUploadProvider
07-19 05:57:11.724 32502 32505 D dalvikvm: GC_CONCURRENT freed 219K, 4% free 9252K/9607K, paused 23ms+16ms
07-19 05:57:11.774 32515 32518 D dalvikvm: GC_CONCURRENT freed 501K, 6% free 9604K/10183K, paused 1ms+5ms
07-19 05:57:11.782 32515 32515 I ActivityThread: Pub com.google.android.apps.plus.content.EsProvider: com.google.android.apps.plus.content.EsProvider
07-19 05:57:11.829   144   156 I ActivityManager: Start proc android.process.media for content provider com.android.providers.media/.MediaProvider: pid=32536 uid=10012 gids={1015, 1023, 1024, 2001, 3003, 3007}
07-19 05:57:11.919 32536 32536 I ActivityThread: Pub downloads: com.android.providers.downloads.DownloadProvider
07-19 05:57:11.970 32536 32536 I ActivityThread: Pub drm: com.android.providers.drm.DrmProvider
07-19 05:57:11.974 32536 32552 I DownloadManager: in removeSpuriousFiles
07-19 05:57:12.009 32536 32552 I DownloadManager: in removeSpuriousFiles, preserving file /data/data/com.android.providers.downloads/cache/metadata.json
07-19 05:57:12.009 32536 32552 I DownloadManager: in removeSpuriousFiles, preserving file /data/data/com.android.providers.downloads/cache/en_general.htm
07-19 05:57:12.009 32536 32552 I DownloadManager: in removeSpuriousFiles, preserving file /mnt/sdcard/Download/img-thing.jpeg
07-19 05:57:12.009 32536 32552 I DownloadManager: in removeSpuriousFiles, preserving file /data/data/com.android.providers.downloads/cache/metadata-1.json
07-19 05:57:12.009 32536 32552 I DownloadManager: in removeSpuriousFiles, preserving file /data/data/com.android.providers.downloads/cache/downloadfile.jpeg
07-19 05:57:12.009 32536 32552 I DownloadManager: in removeSpuriousFiles, preserving file /data/data/com.android.providers.downloads/cache/metadata-2.json
07-19 05:57:12.009 32536 32552 I DownloadManager: in removeSpuriousFiles, preserving file /data/data/com.android.providers.downloads/cache/metadata-3.json
07-19 05:57:12.009 32536 32552 I DownloadManager: in removeSpuriousFiles, preserving file /data/data/com.android.providers.downloads/cache/downloadfile-1.jpeg
07-19 05:57:12.009 32536 32552 I DownloadManager: in removeSpuriousFiles, preserving file /data/data/com.android.providers.downloads/cache/downloadfile-2.jpeg
07-19 05:57:12.009 32536 32552 I DownloadManager: in removeSpuriousFiles, preserving file /data/data/com.android.providers.downloads/cache/metadata-4.json
07-19 05:57:12.009 32536 32552 I DownloadManager: in removeSpuriousFiles, preserving file /data/data/com.android.providers.downloads/cache/metadata-5.json
07-19 05:57:12.009 32536 32552 I DownloadManager: in removeSpuriousFiles, preserving file /data/data/com.android.providers.downloads/cache/metadata-6.json
07-19 05:57:12.009 32536 32552 I DownloadManager: deleting spurious file /cache/backup
07-19 05:57:12.024 32536 32536 I ActivityThread: Pub media: com.android.providers.media.MediaProvider
07-19 05:57:12.138 32515 32518 D dalvikvm: GC_CONCURRENT freed 218K, 5% free 9826K/10247K, paused 17ms+3ms
07-19 05:57:12.294 32515 32518 D dalvikvm: GC_CONCURRENT freed 119K, 3% free 10120K/10375K, paused 1ms+2ms
07-19 05:57:12.462 32536 32539 D dalvikvm: GC_CONCURRENT freed 311K, 5% free 9221K/9607K, paused 20ms+2ms
07-19 05:57:12.591 32515 32518 D dalvikvm: GC_CONCURRENT freed 241K, 4% free 10335K/10695K, paused 2ms+2ms
07-19 05:57:12.610 32515 32533 D PicasaPhotoCP: set fsid first time:-1
07-19 05:57:12.622 32502 32534 I Gmail   : calculateUnknownSyncRationalesAndPurgeInBackground: queueing
07-19 05:57:12.645 32502 32534 I Gmail   : calculateUnknownSyncRationalesAndPurgeInBackground: queueing
07-19 05:57:12.681 32502 32534 I Gmail   : calculateUnknownSyncRationalesAndPurgeInBackground: running
07-19 05:57:12.688   144   378 I ActivityManager: Process com.xabber.androiddev (pid 32333) has died.
07-19 05:57:12.688 32502 32534 I Gmail   : calculateUnknownSyncRationalesAndPurgeInBackground: running
07-19 05:57:12.688   144   378 W ActivityManager: Scheduling restart of crashed service com.xabber.androiddev/com.xabber.android.service.XMPPService in 13242ms
07-19 05:57:12.751 32515 32549 D dalvikvm: GC_FOR_ALLOC freed 154K, 4% free 10458K/10823K, paused 20ms
07-19 05:57:12.774 32515 32549 D dalvikvm: GC_FOR_ALLOC freed 126K, 5% free 10585K/11079K, paused 19ms
07-19 05:57:12.802 32515 32549 D dalvikvm: GC_FOR_ALLOC freed 311K, 6% free 10578K/11143K, paused 20ms
07-19 05:57:12.825 32515 32549 D dalvikvm: GC_FOR_ALLOC freed 62K, 5% free 10642K/11143K, paused 20ms
07-19 05:57:12.849 32515 32549 D dalvikvm: GC_FOR_ALLOC freed 126K, 4% free 10770K/11143K, paused 20ms
07-19 05:57:12.880 32515 32549 D dalvikvm: GC_FOR_ALLOC freed 369K, 6% free 10825K/11463K, paused 24ms
07-19 05:57:12.903 32515 32549 D dalvikvm: GC_FOR_ALLOC freed 126K, 5% free 10953K/11463K, paused 20ms
07-19 05:57:13.040 32515 32518 D dalvikvm: GC_CONCURRENT freed 337K, 5% free 11181K/11655K, paused 2ms+2ms
07-19 05:57:13.185 32515 32518 D dalvikvm: GC_CONCURRENT freed 139K, 3% free 11702K/11975K, paused 2ms+2ms
07-19 05:57:13.415 32515 32518 D dalvikvm: GC_CONCURRENT freed 329K, 4% free 12178K/12615K, paused 2ms+2ms
07-19 05:57:13.610 32515 32518 D dalvikvm: GC_CONCURRENT freed 420K, 5% free 12698K/13255K, paused 2ms+2ms
07-19 05:57:13.907 32515 32550 I SqliteDatabaseCpp: sqlite returned: error code = 1, msg = no such column: wipeout_stats, db=/data/data/com.google.android.apps.plus/databases/es0.db
07-19 05:57:13.911 32515 32550 W System.err: android.database.sqlite.SQLiteException: no such column: wipeout_stats: , while compiling: SELECT wipeout_stats  FROM account_status
07-19 05:57:13.923 32515 32550 W System.err: 	at android.database.sqlite.SQLiteCompiledSql.native_compile(Native Method)
07-19 05:57:13.923 32515 32550 W System.err: 	at android.database.sqlite.SQLiteCompiledSql.<init>(SQLiteCompiledSql.java:68)
07-19 05:57:13.923 32515 32550 W System.err: 	at android.database.sqlite.SQLiteProgram.compileSql(SQLiteProgram.java:143)
07-19 05:57:13.927 32515 32550 W System.err: 	at android.database.sqlite.SQLiteProgram.compileAndbindAllArgs(SQLiteProgram.java:361)
07-19 05:57:13.931 32515 32550 W System.err: 	at android.database.sqlite.SQLiteStatement.acquireAndLock(SQLiteStatement.java:260)
07-19 05:57:13.931 32515 32550 W System.err: 	at android.database.sqlite.SQLiteStatement.simpleQueryForLong(SQLiteStatement.java:137)
07-19 05:57:13.931 32515 32550 W System.err: 	at android.database.DatabaseUtils.longForQuery(DatabaseUtils.java:791)
07-19 05:57:13.931 32515 32550 W System.err: 	at android.database.DatabaseUtils.longForQuery(DatabaseUtils.java:779)
07-19 05:57:13.931 32515 32550 W System.err: 	at com.google.android.apps.plus.content.EsAccountsData.isContactsStatsWipeoutNeeded(EsAccountsData.java:641)
07-19 05:57:13.935 32515 32550 W System.err: 	at com.google.android.apps.plus.service.EsService.processIntent(EsService.java:4246)
07-19 05:57:13.935 32515 32550 W System.err: 	at com.google.android.apps.plus.service.ServiceThread$1.run(ServiceThread.java:50)
07-19 05:57:13.935 32515 32550 W System.err: 	at android.os.Handler.handleCallback(Handler.java:605)
07-19 05:57:13.935 32515 32550 W System.err: 	at android.os.Handler.dispatchMessage(Handler.java:92)
07-19 05:57:13.935 32515 32550 W System.err: 	at android.os.Looper.loop(Looper.java:137)
07-19 05:57:13.935 32515 32550 W System.err: 	at com.google.android.apps.plus.service.ServiceThread.run(ServiceThread.java:122)
07-19 05:57:13.950   144  1167 I ActivityManager: Process com.google.android.gm (pid 32502) has died.
07-19 05:57:16.009   144   161 I ActivityManager: Start proc edu.buffalo.cse.phonelab.phonelabservices for service edu.buffalo.cse.phonelab.phonelabservices/edu.buffalo.cse.phonelab.datalogger.LoggerService: pid=32560 uid=10037 gids={3003, 1015, 1007, 2001}
07-19 05:57:16.017   144 14994 I ActivityManager: Process android.process.media (pid 32536) has died.
07-19 05:57:16.106 32560 32560 I PhoneLab-LoggerService: Start Logger Service
07-19 05:57:16.122 32560 32573 I PhoneLab-: Service Running
07-19 05:57:16.173   144   317 I ActivityManager: Process com.apksoftware.compass (pid 29274) has died.
07-19 05:57:16.173   144   317 W ActivityManager: Scheduling restart of crashed service com.apksoftware.compass/com.catchnotes.buy.CatchBuyService in 19758ms
07-19 05:57:16.255 32560 32573 I PhoneLab-LoggerService: app_37    1395  1     1432   980   c00f181c 400107b4 S logcat
07-19 05:57:16.255 32560 32573 I PhoneLab-LoggerService: Logcat pid from database 1395
07-19 05:57:16.259 32560 32573 I PhoneLab-LoggerService: Logcat process found 1395
07-19 05:57:16.259 32560 32573 I PhoneLab-LoggerService: Checking Threshold
07-19 05:57:21.243  3217  3217 W ThumbnailCache: Low Memory: Freed 0 textures from compression queue, 0 from write queue, 0 from the pinned list, 0 from the cache.
07-19 05:57:21.329  3217  3217 D dalvikvm: GC_EXPLICIT freed 1K, 20% free 12145K/15111K, paused 29ms+3ms
07-19 05:57:26.009 32577 32577 D dalvikvm: Late-enabling CheckJNI
07-19 05:57:26.013   144   161 I ActivityManager: Start proc com.xabber.androiddev for service com.xabber.androiddev/com.xabber.android.service.XMPPService: pid=32577 uid=10063 gids={3003, 1015}
07-19 05:57:26.044 32577 32577 I dalvikvm: Turning on JNI app bug workarounds for target SDK version 9...
07-19 05:57:26.149   144 14192 I ActivityManager: Process com.google.android.apps.plus (pid 32515) has died.
07-19 05:57:26.310 32577 32579 D dalvikvm: GC_CONCURRENT freed 209K, 3% free 9322K/9607K, paused 3ms+3ms
07-19 05:57:26.349 32577 32577 D dalvikvm: GC_FOR_ALLOC freed 310K, 5% free 9457K/9927K, paused 14ms
07-19 05:57:26.438 32577 32579 D dalvikvm: GC_CONCURRENT freed 127K, 3% free 9852K/10055K, paused 2ms+6ms
07-19 05:57:26.563 32577 32579 D dalvikvm: GC_CONCURRENT freed 290K, 4% free 10074K/10439K, paused 1ms+3ms
07-19 05:57:26.770 32577 32577 I com.xabber.android.service.XMPPService@4148c020: onCreate
07-19 05:57:26.774 32577 32577 I com.xabber.android.data.Application@41352308: onStart
07-19 05:57:26.837 32577 32579 D dalvikvm: GC_CONCURRENT freed 349K, 5% free 10176K/10631K, paused 4ms+2ms
07-19 05:57:26.837 32577 32593 I com.xabber.android.data.LogManager@41364048: onLoad
07-19 05:57:27.020   144   310 I ActivityManager: Start proc android.process.acore for content provider com.android.providers.contacts/.ContactsProvider2: pid=32595 uid=10000 gids={3003, 1015}
07-19 05:57:27.056 32595 32595 I ActivityThread: Pub call_log: com.android.providers.contacts.CallLogProvider
07-19 05:57:27.106 32595 32595 I ActivityThread: Pub com.android.voicemail: com.android.providers.contacts.VoicemailContentProvider
07-19 05:57:27.110 32595 32595 I ActivityThread: Pub user_dictionary: com.android.providers.userdictionary.UserDictionaryProvider
07-19 05:57:27.145 32595 32595 I ActivityThread: Pub com.android.social: com.android.providers.contacts.SocialProvider
07-19 05:57:27.149 32595 32595 I ActivityThread: Pub applications: com.android.providers.applications.ApplicationsProvider
07-19 05:57:27.239 32595 32595 I ActivityThread: Pub contacts;com.android.contacts: com.android.providers.contacts.ContactsProvider2
07-19 05:57:27.247 32595 32597 D dalvikvm: GC_CONCURRENT freed 329K, 5% free 9177K/9607K, paused 2ms+2ms
07-19 05:57:27.681 32595 32597 D dalvikvm: GC_CONCURRENT freed 233K, 4% free 9369K/9735K, paused 2ms+1ms
07-19 05:57:28.231   144  1167 I ActivityManager: Process com.facebook.katana (pid 32443) has died.
07-19 05:57:28.231   144  1167 W ActivityManager: Scheduling restart of crashed service com.facebook.katana/.service.MediaUploadService in 17699ms
07-19 05:57:29.864 32595 32597 D dalvikvm: GC_CONCURRENT freed 177K, 4% free 9613K/9927K, paused 2ms+3ms
07-19 05:57:30.028 32577 32579 D dalvikvm: GC_CONCURRENT freed 210K, 4% free 10413K/10759K, paused 2ms+3ms
07-19 05:57:32.032 32577 32579 D dalvikvm: GC_CONCURRENT freed 277K, 4% free 10539K/10951K, paused 10ms+2ms
07-19 05:57:33.017 32577 32579 D dalvikvm: GC_CONCURRENT freed 337K, 5% free 10616K/11079K, paused 2ms+3ms
07-19 05:57:35.325 32577 32579 D dalvikvm: GC_CONCURRENT freed 361K, 5% free 10709K/11207K, paused 5ms+3ms
07-19 05:57:35.958  3452  3452 D dalvikvm: GC_EXPLICIT freed <1K, 4% free 9238K/9543K, paused 27ms+3ms
07-19 05:57:35.970   144   161 I ActivityManager: Start proc com.apksoftware.compass for service com.apksoftware.compass/com.catchnotes.buy.CatchBuyService: pid=32622 uid=10091 gids={3003}
07-19 05:57:35.977 32622 32622 I dalvikvm: Turning on JNI app bug workarounds for target SDK version 8...
07-19 05:57:36.067 32622 32622 I BugSenseHandler: Registering default exceptions handler
07-19 05:57:36.067 32622 32622 D BugSenseHandler: Looking for exceptions in: /data/data/com.apksoftware.compass/files
07-19 05:57:36.071 32622 32622 D BugSenseHandler: Found 0 stacktrace(s)
07-19 05:57:36.106 32622 32622 W CatchBuyService: handleCommand received null intent
07-19 05:57:41.970 31886 31887 D dalvikvm: GC_CONCURRENT freed 508K, 7% free 10398K/11079K, paused 2ms+7ms
07-19 05:57:41.997   144   156 I ActivityManager: Start proc com.google.android.apps.maps:LocationFriendService for service com.google.android.apps.maps/com.google.googlenav.friend.reporting.LocationReceiverService: pid=32641 uid=10056 gids={3003, 1015}
07-19 05:57:42.118 32641 32643 D dalvikvm: GC_CONCURRENT freed 168K, 3% free 9363K/9607K, paused 4ms+2ms
07-19 05:57:42.517   144   388 D dalvikvm: GC_EXPLICIT freed 830K, 23% free 18698K/24199K, paused 12ms+9ms
07-19 05:57:42.720 32641 32643 D dalvikvm: GC_CONCURRENT freed 158K, 3% free 9659K/9927K, paused 20ms+3ms
07-19 05:57:43.181 31712 31747 D dalvikvm: GC_EXPLICIT freed 41K, 5% free 9800K/10311K, paused 5ms+4ms
07-19 05:57:43.294 32641 32643 D dalvikvm: GC_CONCURRENT freed 275K, 4% free 9846K/10247K, paused 2ms+5ms
07-19 05:57:43.517 32641 32643 D dalvikvm: GC_CONCURRENT freed 333K, 4% free 9965K/10375K, paused 2ms+3ms
07-19 05:57:46.013   144   161 I ActivityManager: Start proc com.facebook.katana for service com.facebook.katana/.service.MediaUploadService: pid=32664 uid=10071 gids={3003, 1006, 1015}
07-19 05:57:46.020 32664 32664 I dalvikvm: Turning on JNI app bug workarounds for target SDK version 10...
07-19 05:57:46.044   144  1167 I ActivityManager: Process android.process.acore (pid 32595) has died.
07-19 05:57:46.200 32664 32667 D dalvikvm: GC_CONCURRENT freed 164K, 3% free 9367K/9607K, paused 2ms+2ms
07-19 05:57:46.310 32664 32667 D dalvikvm: GC_CONCURRENT freed 126K, 3% free 9675K/9927K, paused 1ms+2ms
07-19 05:57:46.337 32664 32664 I ActivityThread: Pub com.facebook.katana.provider.LoggingProvider: com.facebook.katana.provider.LoggingProvider
07-19 05:57:46.376 32664 32664 I ActivityThread: Pub com.facebook.katana.provider.KeyValueProvider: com.facebook.katana.provider.KeyValueProvider
07-19 05:57:46.376 32664 32664 I ActivityThread: Pub com.facebook.katana.provider.CacheProvider: com.facebook.katana.provider.CacheProvider
07-19 05:57:46.380 32664 32664 I ActivityThread: Pub com.facebook.katana.provider.VaultImageProvider: com.facebook.katana.provider.VaultImageProvider
07-19 05:57:46.380 32664 32664 I ActivityThread: Pub com.facebook.katana.provider.MailboxProvider: com.facebook.katana.provider.MailboxProvider
07-19 05:57:46.384 32664 32664 I ActivityThread: Pub com.facebook.katana.provider.UserStatusesProvider: com.facebook.katana.provider.UserStatusesProvider
07-19 05:57:46.388 32664 32664 I ActivityThread: Pub com.facebook.katana.provider.EventsProvider: com.facebook.katana.provider.EventsProvider
07-19 05:57:46.388 32664 32664 I ActivityThread: Pub com.facebook.katana.provider.ObservedContactsProvider: com.facebook.katana.provider.ObservedContactsProvider
07-19 05:57:46.399 32664 32664 I ActivityThread: Pub com.facebook.katana.provider.NotificationsProvider: com.facebook.katana.provider.NotificationsProvider
07-19 05:57:46.399 32664 32664 I ActivityThread: Pub com.facebook.katana.provider.UserValuesProvider: com.facebook.katana.provider.UserValuesProvider
07-19 05:57:46.403 32664 32664 I ActivityThread: Pub com.facebook.katana.provider.PagesProvider: com.facebook.katana.provider.PagesProvider
07-19 05:57:46.403 32664 32664 I ActivityThread: Pub com.facebook.katana.provider.MobileEventLogProvider: com.facebook.katana.provider.MobileEventLogProvider
07-19 05:57:46.403 32664 32664 I ActivityThread: Pub com.facebook.katana.provider.PushNotificationsProvider: com.facebook.katana.provider.PushNotificationsProvider
07-19 05:57:46.407 32664 32664 I ActivityThread: Pub com.facebook.katana.provider.PhotosProvider: com.facebook.katana.provider.PhotosProvider
07-19 05:57:46.411 32664 32664 I ActivityThread: Pub com.facebook.katana.provider.ConnectionsProvider: com.facebook.katana.provider.ConnectionsProvider
07-19 05:57:46.427 32664 32664 I ActivityThread: Pub com.facebook.orca.notify.FbandroidMessagesForegroundProvider: com.facebook.orca.notify.FbandroidMessagesForegroundProvider
07-19 05:57:46.532 32664 32664 D ACRA    : Retrieve application default SharedPreferences.
07-19 05:57:46.532 32664 32664 D ACRA    : Set OnSharedPreferenceChangeListener.
07-19 05:57:46.552 32664 32664 D ACRA    : ACRA is enabled for com.facebook.katana, intializing...
07-19 05:57:46.720 32664 32664 D ACRA    : Looking for error files in /data/data/com.facebook.katana/app_acra-reports
07-19 05:57:46.923 32664 32664 W nalizableReferenceQueue: Could not load Finalizer in its own class loader.Loading Finalizer in the current class loader instead. As a result, you will not be ableto garbage collect this class loader. To support reclaiming this class loader, eitherresolve the underlying issue, or move Google Collections to your system class path.
07-19 05:57:46.923 32664 32664 W nalizableReferenceQueue: java.io.FileNotFoundException: com/google/common/base/internal/Finalizer.class
07-19 05:57:46.923 32664 32664 W nalizableReferenceQueue: 	at com.google.common.base.FinalizableReferenceQueue$DecoupledLoader.getBaseUrl(FinalizableReferenceQueue.java:243)
07-19 05:57:46.923 32664 32664 W nalizableReferenceQueue: 	at com.google.common.base.FinalizableReferenceQueue$DecoupledLoader.loadFinalizer(FinalizableReferenceQueue.java:227)
07-19 05:57:46.923 32664 32664 W nalizableReferenceQueue: 	at com.google.common.base.FinalizableReferenceQueue.loadFinalizer(FinalizableReferenceQueue.java:155)
07-19 05:57:46.923 32664 32664 W nalizableReferenceQueue: 	at com.google.common.base.FinalizableReferenceQueue.<clinit>(FinalizableReferenceQueue.java:84)
07-19 05:57:46.923 32664 32664 W nalizableReferenceQueue: 	at com.google.common.collect.CustomConcurrentHashMap$QueueHolder.<clinit>(CustomConcurrentHashMap.java:650)
07-19 05:57:46.923 32664 32664 W nalizableReferenceQueue: 	at com.google.common.collect.CustomConcurrentHashMap$WeakEntry.<init>(CustomConcurrentHashMap.java:1342)
07-19 05:57:46.923 32664 32664 W nalizableReferenceQueue: 	at com.google.common.collect.CustomConcurrentHashMap$EntryFactory$9.newEntry(CustomConcurrentHashMap.java:453)
07-19 05:57:46.923 32664 32664 W nalizableReferenceQueue: 	at com.google.common.collect.CustomConcurrentHashMap.a(CustomConcurrentHashMap.java:1715)
07-19 05:57:46.923 32664 32664 W nalizableReferenceQueue: 	at com.google.common.collect.ComputingConcurrentHashMap$ComputingSegment.a(ComputingConcurrentHashMap.java:123)
07-19 05:57:46.923 32664 32664 W nalizableReferenceQueue: 	at com.google.common.collect.ComputingConcurrentHashMap.apply(ComputingConcurrentHashMap.java:71)
07-19 05:57:46.923 32664 32664 W nalizableReferenceQueue: 	at com.google.common.collect.MapMaker$ComputingMapAdapter.get(MapMaker.java:848)
07-19 05:57:46.923 32664 32664 W nalizableReferenceQueue: 	at com.google.inject.internal.Annotations$AnnotationChecker.a(Annotations.java:90)
07-19 05:57:46.923 32664 32664 W nalizableReferenceQueue: 	at com.google.inject.internal.Annotations.c(Annotations.java:108)
07-19 05:57:46.923 32664 32664 W nalizableReferenceQueue: 	at com.google.inject.Key.d(Key.java:369)
07-19 05:57:46.923 32664 32664 W nalizableReferenceQueue: 	at com.google.inject.Key.b(Key.java:356)
07-19 05:57:46.923 32664 32664 W nalizableReferenceQueue: 	at com.google.inject.Key.a(Key.java:267)
07-19 05:57:46.923 32664 32664 W nalizableReferenceQueue: 	at com.facebook.orca.inject.binder.AnnotatedBindingBuilderImpl.a(AnnotatedBindingBuilderImpl.java:22)
07-19 05:57:46.923 32664 32664 W nalizableReferenceQueue: 	at com.facebook.orca.app.FbBaseModule.a(FbBaseModule.java:75)
07-19 05:57:46.923 32664 32664 W nalizableReferenceQueue: 	at com.facebook.orca.inject.AbstractModule.a(AbstractModule.java:19)
07-19 05:57:46.923 32664 32664 W nalizableReferenceQueue: 	at com.facebook.orca.inject.FbInjectorImpl.a(FbInjectorImpl.java:63)
07-19 05:57:46.923 32664 32664 W nalizableReferenceQueue: 	at com.facebook.orca.inject.FbInjectorImpl.<init>(FbInjectorImpl.java:41)
07-19 05:57:46.923 32664 32664 W nalizableReferenceQueue: 	at com.facebook.orca.inject.FbInjector.a(FbInjector.java:40)
07-19 05:57:46.923 32664 32664 W nalizableReferenceQueue: 	at com.facebook.katana.FacebookApplication.onCreate(FacebookApplication.java:102)
07-19 05:57:46.923 32664 32664 W nalizableReferenceQueue: 	at android.app.Instrumentation.callApplicationOnCreate(Instrumentation.java:969)
07-19 05:57:46.923 32664 32664 W nalizableReferenceQueue: 	at android.app.ActivityThread.handleBindApplication(ActivityThread.java:3954)
07-19 05:57:46.923 32664 32664 W nalizableReferenceQueue: 	at android.app.ActivityThread.access$1300(ActivityThread.java:123)
07-19 05:57:46.923 32664 32664 W nalizableReferenceQueue: 	at android.app.ActivityThread$H.handleMessage(ActivityThread.java:1185)
07-19 05:57:46.923 32664 32664 W nalizableReferenceQueue: 	at android.os.Handler.dispatchMessage(Handler.java:99)
07-19 05:57:46.923 32664 32664 W nalizableReferenceQueue: 	at android.os.Looper.loop(Looper.java:137)
07-19 05:57:46.923 32664 32664 W nalizableReferenceQueue: 	at android.app.ActivityThread.main(ActivityThread.java:4424)
07-19 05:57:46.923 32664 32664 W nalizableReferenceQueue: 	at java.lang.reflect.Method.invokeNative(Native Method)
07-19 05:57:46.923 32664 32664 W nalizableReferenceQueue: 	at java.lang.reflect.Method.invoke(Method.java:511)
07-19 05:57:46.923 32664 32664 W nalizableReferenceQueue: 	at com.android.internal.os.ZygoteInit$MethodAndArgsCaller.run(ZygoteInit.java:784)
07-19 05:57:46.923 32664 32664 W nalizableReferenceQueue: 	at com.android.internal.os.ZygoteInit.main(ZygoteInit.java:551)
07-19 05:57:46.923 32664 32664 W nalizableReferenceQueue: 	at dalvik.system.NativeStart.main(Native Method)
07-19 05:57:46.923 32664 32664 I Finalizer: Couldn't access Thread.inheritableThreadLocals. Reference finalizer threads will inherit thread local values.
07-19 05:57:46.946 31712 31712 D dalvikvm: GC_EXPLICIT freed 17K, 6% free 9787K/10311K, paused 71ms+2ms
07-19 05:57:46.958 32664 32667 D dalvikvm: GC_CONCURRENT freed 357K, 5% free 9876K/10311K, paused 2ms+2ms
07-19 05:57:47.110 32664 32667 D dalvikvm: GC_CONCURRENT freed 394K, 5% free 10010K/10503K, paused 2ms+2ms
07-19 05:57:47.454 32664 32667 D dalvikvm: GC_CONCURRENT freed 320K, 5% free 10121K/10567K, paused 26ms+3ms
07-19 05:57:47.817 32664 32667 D dalvikvm: GC_CONCURRENT freed 346K, 5% free 10266K/10695K, paused 3ms+14ms
07-19 05:57:48.239 32664 32681 W Resources: Converting to string: TypedValue{t=0x10/d=0xffffffff a=-1}
07-19 05:57:48.653 32664 32667 D dalvikvm: GC_CONCURRENT freed 308K, 4% free 10421K/10823K, paused 2ms+8ms
07-19 05:57:48.872   144 14192 I ActivityManager: Process com.google.android.apps.maps:LocationFriendService (pid 32641) has died.
07-19 05:57:48.950 32664 32667 D dalvikvm: GC_CONCURRENT freed 311K, 5% free 10501K/10951K, paused 3ms+3ms
07-19 05:57:49.806 32664 32667 D dalvikvm: GC_CONCURRENT freed 356K, 5% free 10586K/11079K, paused 3ms+3ms
07-19 05:57:50.145 32664 32667 D dalvikvm: GC_CONCURRENT freed 311K, 4% free 10698K/11143K, paused 2ms+4ms
07-19 05:57:54.040   144   160 D dalvikvm: GC_EXPLICIT freed 178K, 23% free 18669K/24199K, paused 32ms+8ms
07-19 05:57:54.899   144   161 W ProcessStats: Skipping unknown process pid 32697
07-19 05:57:55.548   144   199 D DhcpInfoInternal: makeLinkProperties with empty dns2!
07-19 05:57:55.560   144   199 D DhcpInfoInternal: makeLinkProperties with empty dns2!
07-19 05:57:58.962 32664 32667 D dalvikvm: GC_CONCURRENT freed 481K, 6% free 10694K/11271K, paused 4ms+2ms
07-19 05:58:04.407   346   346 D SAN_SERVICE: *******************************************
07-19 05:58:04.407   346   346 D SAN_SERVICE: DM App Phone Service State - 0
07-19 05:58:04.407   346   346 D SAN_SERVICE: *******************************************
07-19 05:58:04.540   346   346 D SAN_SERVICE: *******************************************
07-19 05:58:04.540   346   346 D SAN_SERVICE: DM App Phone Service State - 0
07-19 05:58:04.540   346   346 D SAN_SERVICE: *******************************************
07-19 05:58:06.118   144   388 I ActivityManager: Start proc android.process.acore for content provider com.android.providers.contacts/.ContactsProvider2: pid=32717 uid=10000 gids={3003, 1015}
07-19 05:58:06.177 32717 32717 I ActivityThread: Pub call_log: com.android.providers.contacts.CallLogProvider
07-19 05:58:06.227 32717 32717 I ActivityThread: Pub com.android.voicemail: com.android.providers.contacts.VoicemailContentProvider
07-19 05:58:06.227 32717 32717 I ActivityThread: Pub user_dictionary: com.android.providers.userdictionary.UserDictionaryProvider
07-19 05:58:06.259 32717 32717 I ActivityThread: Pub com.android.social: com.android.providers.contacts.SocialProvider
07-19 05:58:06.259 32717 32717 I ActivityThread: Pub applications: com.android.providers.applications.ApplicationsProvider
07-19 05:58:06.403 32717 32717 I ActivityThread: Pub contacts;com.android.contacts: com.android.providers.contacts.ContactsProvider2
07-19 05:58:06.431 32717 32719 D dalvikvm: GC_CONCURRENT freed 357K, 5% free 9174K/9607K, paused 13ms+2ms
07-19 05:58:06.704 32717 32719 D dalvikvm: GC_CONCURRENT freed 226K, 4% free 9383K/9735K, paused 3ms+4ms
07-19 05:58:07.720 32717 32719 D dalvikvm: GC_CONCURRENT freed 253K, 4% free 9535K/9927K, paused 5ms+6ms
07-19 05:58:09.868   346   346 D dalvikvm: GC_EXPLICIT freed 39K, 10% free 11911K/13191K, paused 25ms+7ms
07-19 05:58:11.243 32717 32719 D dalvikvm: GC_CONCURRENT freed 507K, 7% free 9477K/10119K, paused 4ms+6ms
07-19 05:58:11.841 32735 32735 D dalvikvm: Late-enabling CheckJNI
07-19 05:58:11.876   144   161 I ActivityManager: Start proc com.chess for broadcast com.chess/.backend.AlarmReceiver: pid=32735 uid=10079 gids={3003, 1015}
07-19 05:58:12.204 32735 32736 D dalvikvm: GC_CONCURRENT freed 174K, 3% free 9357K/9607K, paused 16ms+3ms
07-19 05:58:12.513 32735 32749 D GetStringObjTask: retrieving from url = http://www.chess.com/api/get_move_status?id=5HHjW9WUGa%2Bcu1LUwnVJPxTIWxmEve4VdkRnRyg7b5Ch69JH2Z5aB%2B7eGuFw8K2uFx47KFsdE3JRdR3Mzv0PkZOj6eZ8N73BvxmEERrzXjMNRo80rkLyJAUTh0iqof4n
07-19 05:58:12.610   144 15767 I ActivityManager: Process android.process.acore (pid 32717) has died.
07-19 05:58:12.942   346   346 D SAN_SERVICE: *******************************************
07-19 05:58:12.942   346   346 D SAN_SERVICE: DM App Phone Service State - 0
07-19 05:58:12.942   346   346 D SAN_SERVICE: *******************************************
07-19 05:58:13.513 32735 32749 D GetStringObjTask: WebRequest SERVER RESPONSE: Success+0
07-19 05:58:17.993   435   435 D dalvikvm: GC_EXPLICIT freed <1K, 4% free 9033K/9347K, paused 21ms+2ms
07-19 05:58:23.005   321   321 D dalvikvm: GC_EXPLICIT freed <1K, 24% free 10155K/13191K, paused 17ms+2ms
07-19 05:58:27.997 13970 13970 D dalvikvm: GC_EXPLICIT freed <1K, 6% free 9760K/10375K, paused 22ms+3ms
07-19 05:58:33.075   215   215 D dalvikvm: GC_EXPLICIT freed 54K, 56% free 10154K/22727K, paused 23ms+3ms
07-19 05:58:38.052 29792 29792 D dalvikvm: GC_EXPLICIT freed <1K, 4% free 9051K/9347K, paused 43ms+2ms
07-19 05:58:42.001   144   342 I ActivityManager: Start proc com.google.android.apps.maps:LocationFriendService for service com.google.android.apps.maps/com.google.googlenav.friend.reporting.LocationReceiverService: pid=32751 uid=10056 gids={3003, 1015}
07-19 05:58:42.040    79    79 D dalvikvm: GC_EXPLICIT freed 38K, 4% free 9027K/9347K, paused 2ms+8ms
07-19 05:58:42.079    79    79 D dalvikvm: GC_EXPLICIT freed <1K, 4% free 9027K/9347K, paused 3ms+10ms
07-19 05:58:42.126    79    79 D dalvikvm: GC_EXPLICIT freed <1K, 4% free 9027K/9347K, paused 1ms+5ms
07-19 05:58:42.153   144   317 I ActivityManager: Process com.chess (pid 32735) has died.
07-19 05:58:42.188 32751 32753 D dalvikvm: GC_CONCURRENT freed 178K, 3% free 9354K/9607K, paused 3ms+2ms
07-19 05:58:42.431   144   310 I ActivityManager: Process com.android.sprintmenu (pid 29792) has died.
07-19 05:58:42.431   144   310 W ActivityManager: Scheduling restart of crashed service com.android.sprintmenu/.HiddenPhoneService in 5000ms
07-19 05:58:42.786 32751 32753 D dalvikvm: GC_CONCURRENT freed 151K, 3% free 9664K/9927K, paused 21ms+29ms
07-19 05:58:43.227 32751 32753 D dalvikvm: GC_CONCURRENT freed 303K, 4% free 9903K/10311K, paused 2ms+8ms
07-19 05:58:44.395   144 32766 I ActivityManager: Applications Memory Usage (kB):
07-19 05:58:44.395   144 32766 I ActivityManager: Uptime: 228832998 Realtime: 308791842
07-19 05:58:44.395   144 32766 I ActivityManager: Total PSS by OOM adjustment:
07-19 05:58:44.395   144 32766 I ActivityManager:     27661 kB: System
07-19 05:58:44.395   144 32766 I ActivityManager:                27661 kB: system (pid 144)
07-19 05:58:44.395   144 32766 I ActivityManager:     28506 kB: Persistent
07-19 05:58:44.395   144 32766 I ActivityManager:                12717 kB: com.android.systemui (pid 215)
07-19 05:58:44.395   144 32766 I ActivityManager:                11856 kB: com.android.phone (pid 346)
07-19 05:58:44.395   144 32766 I ActivityManager:                 3933 kB: com.android.nfc (pid 359)
07-19 05:58:44.395   144 32766 I ActivityManager:    110874 kB: Foreground
07-19 05:58:44.395   144 32766 I ActivityManager:                62156 kB: com.android.chrome (pid 3217)
07-19 05:58:44.395   144 32766 I ActivityManager:                41456 kB: com.android.chrome:sandboxed_process1 (pid 3452)
07-19 05:58:44.395   144 32766 I ActivityManager:                 7262 kB: com.google.android.apps.maps:LocationFriendService (pid 32751)
07-19 05:58:44.395   144 32766 I ActivityManager:     26386 kB: Visible
07-19 05:58:44.395   144 32766 I ActivityManager:                14598 kB: com.google.android.gsf.login (pid 13970)
07-19 05:58:44.395   144 32766 I ActivityManager:                 8935 kB: com.google.process.gapps (pid 31712)
07-19 05:58:44.395   144 32766 I ActivityManager:                 2853 kB: com.android.smspush (pid 435)
07-19 05:58:44.395   144 32766 I ActivityManager:      6702 kB: Perceptible
07-19 05:58:44.395   144 32766 I ActivityManager:                 6702 kB: com.klye.ime.latin (pid 321)
07-19 05:58:44.395   144 32766 I ActivityManager:     22295 kB: A Services
07-19 05:58:44.395   144 32766 I ActivityManager:                11701 kB: com.facebook.katana (pid 32664)
07-19 05:58:44.395   144 32766 I ActivityManager:                 7196 kB: com.google.android.apps.maps:NetworkLocationService (pid 31886)
07-19 05:58:44.395   144 32766 I ActivityManager:                 3398 kB: com.apksoftware.compass (pid 32622)
07-19 05:58:44.395   144 32766 I ActivityManager:     28739 kB: B Services
07-19 05:58:44.395   144 32766 I ActivityManager:                 8401 kB: com.xabber.androiddev (pid 32577)
07-19 05:58:44.395   144 32766 I ActivityManager:                 6362 kB: com.google.android.apps.maps (pid 32205)
07-19 05:58:44.395   144 32766 I ActivityManager:                 5978 kB: com.whatsapp (pid 32392)
07-19 05:58:44.395   144 32766 I ActivityManager:                 5148 kB: com.google.android.apps.googlevoice (pid 32079)
07-19 05:58:44.395   144 32766 I ActivityManager:                 2850 kB: edu.buffalo.cse.phonelab.phonelabservices (pid 32560)
07-19 05:58:44.395   144 32766 I ActivityManager: 
07-19 05:58:44.395   144 32766 I ActivityManager: Total PSS: 251163 kB
07-19 05:58:44.395   144 32766 I ActivityManager:   PID      Vss      Rss      Pss      Uss  cmdline
07-19 05:58:44.395   144 32766 I ActivityManager:  3217   84716K   84624K   62291K   56484K  com.android.chrome
07-19 05:58:44.395   144 32766 I ActivityManager:  3452   60224K   60120K   41504K   38056K  com.android.chrome:sandboxed_process1
07-19 05:58:44.395   144 32766 I ActivityManager:   144   43280K   43212K   27713K   26708K  system_server
07-19 05:58:44.395   144 32766 I ActivityManager: 13970   30344K   30264K   14666K   13756K  com.google.android.gsf.login
07-19 05:58:44.395   144 32766 I ActivityManager:   215   31884K   31668K   12766K    8700K  com.android.systemui
07-19 05:58:44.395   144 32766 I ActivityManager:    78   21120K   18120K   12233K    7092K  /system/bin/surfaceflinger
07-19 05:58:44.395   144 32766 I ActivityManager:   346   26852K   26780K   11847K   11004K  com.android.phone
07-19 05:58:44.395   144 32766 I ActivityManager: 32664   31916K   31844K   11726K    9820K  com.facebook.katana
07-19 05:58:44.395   144 32766 I ActivityManager: 31712   28508K   28420K    8969K    7612K  com.google.process.gapps
07-19 05:58:44.395   144 32766 I ActivityManager: 32751   29364K   29304K    8840K    6964K  com.google.android.apps.maps:LocationFriendService
07-19 05:58:44.395   144 32766 I ActivityManager: 31886   26520K   26460K    7246K    5844K  com.google.android.apps.maps:NetworkLocationService
07-19 05:58:44.395   144 32766 I ActivityManager:   321   21892K   21792K    6753K    5896K  com.klye.ime.latin
07-19 05:58:44.395   144 32766 I ActivityManager: 32205   26328K   26228K    6429K    5028K  com.google.android.apps.maps
07-19 05:58:44.395   144 32766 I ActivityManager: 32392   26048K   25984K    6018K    4564K  com.whatsapp
07-19 05:58:44.395   144 32766 I ActivityManager: 32079   25036K   24972K    5197K    3852K  com.google.android.apps.googlevoice
07-19 05:58:44.395   144 32766 I ActivityManager:   359   19216K   19120K    3981K    3124K  com.android.nfc
07-19 05:58:44.395   144 32766 I ActivityManager: 32622   23380K   23280K    3469K    1936K  com.apksoftware.compass
07-19 05:58:44.395   144 32766 I ActivityManager: 32560   22144K   22044K    2911K    1496K  edu.buffalo.cse.phonelab.phonelabservices
07-19 05:58:44.395   144 32766 I ActivityManager:   435   18504K   18392K    2908K    1940K  com.android.smspush
07-19 05:58:44.395   144 32766 I ActivityManager:    79   18652K   18524K    2142K    1036K  zygote
07-19 05:58:44.395   144 32766 I ActivityManager:    81    2136K    2136K    1813K    1788K  /system/bin/mediaserver
07-19 05:58:44.395   144 32766 I ActivityManager:    80     956K     956K     878K     876K  /system/bin/drmserver
07-19 05:58:44.395   144 32766 I ActivityManager:  1395     984K     980K     845K     840K  logcat
07-19 05:58:44.395   144 32766 I ActivityManager:    77    1084K    1084K     803K     788K  /system/bin/rild
07-19 05:58:44.395   144 32766 I ActivityManager:   275     684K     680K     524K     516K  /system/bin/wpa_supplicant
07-19 05:58:44.395   144 32766 I ActivityManager:    88     448K     448K     432K     432K  /sbin/adbd
07-19 05:58:44.395   144 32766 I ActivityManager: 29673     592K     592K     406K     392K  /system/bin/netd
07-19 05:58:44.395   144 32766 I ActivityManager:   305     452K     444K     323K     320K  procrank
07-19 05:58:44.395   144 32766 I ActivityManager:   292     332K     332K     300K     300K  /system/bin/bluetoothd
07-19 05:58:44.395   144 32766 I ActivityManager:    86     432K     428K     282K     276K  /system/vendor/bin/gpsd
07-19 05:58:44.395   144 32766 I ActivityManager:    72     364K     360K     274K     268K  /system/bin/vold
07-19 05:58:44.395   144 32766 I ActivityManager: 28597     340K     336K     186K     180K  /system/bin/dhcpcd
07-19 05:58:44.395   144 32766 I ActivityManager:    82     220K     212K     184K     184K  /system/bin/dbus-daemon
07-19 05:58:44.395   144 32766 I ActivityManager:    85     200K     192K     160K     160K  /system/bin/keystore
07-19 05:58:44.395   144 32766 I ActivityManager:     1     204K     204K     142K     104K  /init
07-19 05:58:44.395   144 32766 I ActivityManager:   203     168K     160K     128K     128K  /system/bin/brcm_patchram_plus
07-19 05:58:44.395   144 32766 I ActivityManager:    61     160K     160K     122K      84K  /sbin/ueventd
07-19 05:58:44.395   144 32766 I ActivityManager:    87     140K     136K     104K     104K  /system/bin/sh
07-19 05:58:44.395   144 32766 I ActivityManager:    83     196K     188K      98K      96K  /s
