07-16 08:32:55.788   346   346 D SAN_SERVICE: DM App Phone Service State - 0
07-16 08:32:55.788   346   346 D SAN_SERVICE: *******************************************
07-16 08:32:55.995   346   346 D SAN_SERVICE: *******************************************
07-16 08:32:55.995   346   346 D SAN_SERVICE: DM App Phone Service State - 0
07-16 08:32:55.995   346   346 D SAN_SERVICE: *******************************************
07-16 08:32:56.410  1351  1353 D dalvikvm: GC_CONCURRENT freed 460K, 8% free 10390K/11207K, paused 2ms+4ms
07-16 08:32:57.249 19713 19716 D dalvikvm: GC_CONCURRENT freed 446K, 5% free 11137K/11719K, paused 2ms+3ms
07-16 08:32:57.417  1351  1353 D dalvikvm: GC_CONCURRENT freed 501K, 8% free 10342K/11207K, paused 2ms+3ms
07-16 08:32:58.585   144   342 D dalvikvm: GC_EXPLICIT freed 1190K, 15% free 16875K/19719K, paused 3ms+8ms
07-16 08:32:59.468 12903 12906 D dalvikvm: GC_CONCURRENT freed 813K, 8% free 11143K/12103K, paused 13ms+13ms
07-16 08:32:59.523  1351  1353 D dalvikvm: GC_CONCURRENT freed 499K, 8% free 10345K/11207K, paused 3ms+9ms
07-16 08:32:59.652 12903 19404 D dalvikvm: GC_FOR_ALLOC freed 276K, 9% free 11130K/12103K, paused 38ms
07-16 08:32:59.695 12903 19404 D dalvikvm: GC_FOR_ALLOC freed 53K, 8% free 11161K/12103K, paused 27ms
07-16 08:32:59.726 12903 19404 D dalvikvm: GC_FOR_ALLOC freed 106K, 8% free 11151K/12103K, paused 26ms
07-16 08:33:00.413  1351  1353 D dalvikvm: GC_CONCURRENT freed 459K, 8% free 10395K/11207K, paused 2ms+3ms
07-16 08:33:00.495   346   346 D SAN_SERVICE: *******************************************
07-16 08:33:00.495   346   346 D SAN_SERVICE: DM App Phone Service State - 0
07-16 08:33:00.495   346   346 D SAN_SERVICE: *******************************************
07-16 08:33:00.808   346   346 D SAN_SERVICE: *******************************************
07-16 08:33:00.808   346   346 D SAN_SERVICE: DM App Phone Service State - 0
07-16 08:33:00.808   346   346 D SAN_SERVICE: *******************************************
07-16 08:33:00.839   346   348 D dalvikvm: GC_CONCURRENT freed 379K, 6% free 9473K/10055K, paused 8ms+2ms
07-16 08:33:01.054   346   346 D SAN_SERVICE: *******************************************
07-16 08:33:01.054   346   346 D SAN_SERVICE: DM App Phone Service State - 0
07-16 08:33:01.058   346   346 D SAN_SERVICE: *******************************************
07-16 08:33:01.413  1351  1353 D dalvikvm: GC_CONCURRENT freed 520K, 8% free 10357K/11207K, paused 2ms+4ms
07-16 08:33:03.402  1351  1353 D dalvikvm: GC_CONCURRENT freed 525K, 8% free 10342K/11207K, paused 4ms+3ms
07-16 08:33:04.386  1351  1353 D dalvikvm: GC_CONCURRENT freed 449K, 8% free 10402K/11207K, paused 2ms+4ms
07-16 08:33:05.421  1351  1353 D dalvikvm: GC_CONCURRENT freed 515K, 8% free 10346K/11207K, paused 2ms+3ms
07-16 08:33:05.812   346   346 D SAN_SERVICE: *******************************************
07-16 08:33:05.812   346   346 D SAN_SERVICE: DM App Phone Service State - 0
07-16 08:33:05.812   346   346 D SAN_SERVICE: *******************************************
07-16 08:33:06.038   346   346 D SAN_SERVICE: *******************************************
07-16 08:33:06.038   346   346 D SAN_SERVICE: DM App Phone Service State - 0
07-16 08:33:06.038   346   346 D SAN_SERVICE: *******************************************
07-16 08:33:06.624 12903 12906 D dalvikvm: GC_CONCURRENT freed 722K, 9% free 11017K/12103K, paused 29ms+3ms
07-16 08:33:07.433  1351  1353 D dalvikvm: GC_CONCURRENT freed 523K, 8% free 10335K/11207K, paused 2ms+3ms
07-16 08:33:08.421  1351  1353 D dalvikvm: GC_CONCURRENT freed 515K, 8% free 10368K/11207K, paused 2ms+3ms
07-16 08:33:09.062   144   156 D AlarmManagerService: Kernel timezone updated to 240 minutes west of GMT
07-16 08:33:09.472 12903 12906 D dalvikvm: GC_CONCURRENT freed 406K, 8% free 11196K/12103K, paused 4ms+8ms
07-16 08:33:09.515 12903 19404 D dalvikvm: GC_FOR_ALLOC freed 57K, 8% free 11186K/12103K, paused 39ms
07-16 08:33:09.515 12903 19404 I dalvikvm-heap: Grow heap (frag case) to 11.059MB for 64494-byte allocation
07-16 08:33:09.562 12903 19390 D dalvikvm: GC_FOR_ALLOC freed 86K, 9% free 11162K/12167K, paused 34ms
07-16 08:33:10.351  1351  1353 D dalvikvm: GC_CONCURRENT freed 516K, 8% free 10342K/11207K, paused 4ms+2ms
07-16 08:33:11.398  1351  1353 D dalvikvm: GC_CONCURRENT freed 481K, 8% free 10373K/11207K, paused 2ms+3ms
07-16 08:33:11.706   215   217 D dalvikvm: GC_CONCURRENT freed 137K, 29% free 10217K/14215K, paused 2ms+3ms
07-16 08:33:11.796   215   217 D dalvikvm: GC_CONCURRENT freed 339K, 28% free 10321K/14215K, paused 2ms+3ms
07-16 08:33:12.449  1351  1353 D dalvikvm: GC_CONCURRENT freed 439K, 8% free 10333K/11207K, paused 1ms+2ms
07-16 08:33:13.230   215   217 D dalvikvm: GC_CONCURRENT freed 698K, 29% free 10128K/14215K, paused 2ms+2ms
07-16 08:33:13.296   215   217 D dalvikvm: GC_CONCURRENT freed 309K, 28% free 10248K/14215K, paused 2ms+2ms
07-16 08:33:14.398  1351  1353 D dalvikvm: GC_CONCURRENT freed 506K, 8% free 10339K/11207K, paused 2ms+3ms
07-16 08:33:15.113   215   217 D dalvikvm: GC_CONCURRENT freed 464K, 29% free 10168K/14215K, paused 9ms+3ms
07-16 08:33:15.480  1351  1353 D dalvikvm: GC_CONCURRENT freed 509K, 8% free 10359K/11207K, paused 6ms+2ms
07-16 08:33:16.038   346   346 D SAN_SERVICE: *******************************************
07-16 08:33:16.038   346   346 D SAN_SERVICE: DM App Phone Service State - 0
07-16 08:33:16.038   346   346 D SAN_SERVICE: *******************************************
07-16 08:33:16.312  1351  1351 D dalvikvm: GC_EXPLICIT freed 70K, 9% free 10294K/11207K, paused 2ms+2ms
07-16 08:33:16.480   144  6618 D dalvikvm: GC_EXPLICIT freed 1052K, 15% free 16936K/19719K, paused 2ms+13ms
07-16 08:33:16.570 12903 12906 D dalvikvm: GC_CONCURRENT freed 741K, 10% free 11037K/12167K, paused 2ms+9ms
07-16 08:33:16.652  1351  1353 D dalvikvm: GC_CONCURRENT freed 428K, 8% free 10370K/11207K, paused 1ms+3ms
07-16 08:33:17.402  1351  1353 D dalvikvm: GC_CONCURRENT freed 531K, 8% free 10346K/11207K, paused 2ms+3ms
07-16 08:33:18.964  1351  1353 D dalvikvm: GC_CONCURRENT freed 450K, 8% free 10339K/11207K, paused 2ms+9ms
07-16 08:33:19.261 12903 12906 D dalvikvm: GC_CONCURRENT freed 428K, 8% free 11205K/12167K, paused 1ms+3ms
07-16 08:33:19.296 12903 19404 D dalvikvm: GC_FOR_ALLOC freed 22K, 9% free 11183K/12167K, paused 33ms
07-16 08:33:19.296 12903 19404 I dalvikvm-heap: Grow heap (frag case) to 11.056MB for 64492-byte allocation
07-16 08:33:19.378 12903 19390 D dalvikvm: GC_FOR_ALLOC freed 31K, 9% free 11214K/12231K, paused 66ms
07-16 08:33:19.906  1351  1353 D dalvikvm: GC_CONCURRENT freed 440K, 8% free 10342K/11207K, paused 2ms+3ms
07-16 08:33:20.472  1351  1353 D dalvikvm: GC_CONCURRENT freed 414K, 8% free 10312K/11207K, paused 7ms+2ms
07-16 08:33:21.070   346   346 D SAN_SERVICE: *******************************************
07-16 08:33:21.070   346   346 D SAN_SERVICE: DM App Phone Service State - 0
07-16 08:33:21.070   346   346 D SAN_SERVICE: *******************************************
07-16 08:33:21.304   346   346 D SAN_SERVICE: *******************************************
07-16 08:33:21.304   346   346 D SAN_SERVICE: DM App Phone Service State - 0
07-16 08:33:21.304   346   346 D SAN_SERVICE: *******************************************
07-16 08:33:21.456  1351  1353 D dalvikvm: GC_CONCURRENT freed 386K, 8% free 10331K/11207K, paused 2ms+2ms
07-16 08:33:22.054   346   346 D SAN_SERVICE: *******************************************
07-16 08:33:22.054   346   346 D SAN_SERVICE: DM App Phone Service State - 0
07-16 08:33:22.054   346   346 D SAN_SERVICE: *******************************************
07-16 08:33:22.265 19345 19345 I GAV2    : msg fired
07-16 08:33:22.429  1351  1353 D dalvikvm: GC_CONCURRENT freed 391K, 8% free 10326K/11207K, paused 2ms+3ms
07-16 08:33:24.445  1351  1353 D dalvikvm: GC_CONCURRENT freed 483K, 8% free 10333K/11207K, paused 2ms+3ms
07-16 08:33:25.437   291   294 D dalvikvm: GC_CONCURRENT freed 318K, 6% free 10856K/11527K, paused 2ms+43ms
07-16 08:33:25.488  1351  1353 D dalvikvm: GC_CONCURRENT freed 488K, 8% free 10357K/11207K, paused 2ms+11ms
07-16 08:33:26.402  1351  1353 D dalvikvm: GC_CONCURRENT freed 445K, 8% free 10326K/11207K, paused 2ms+3ms
07-16 08:33:26.917 12903 12906 D dalvikvm: GC_CONCURRENT freed 794K, 10% free 11030K/12231K, paused 24ms+3ms
07-16 08:33:28.374  1351  1353 D dalvikvm: GC_CONCURRENT freed 486K, 8% free 10329K/11207K, paused 3ms+4ms
07-16 08:33:29.288 12903 12906 D dalvikvm: GC_CONCURRENT freed 439K, 9% free 11233K/12231K, paused 2ms+2ms
07-16 08:33:29.433  1351  1353 D dalvikvm: GC_CONCURRENT freed 486K, 8% free 10355K/11207K, paused 2ms+3ms
07-16 08:33:30.402  1351  1353 D dalvikvm: GC_CONCURRENT freed 449K, 8% free 10322K/11207K, paused 2ms+3ms
07-16 08:33:32.374  1351  1353 D dalvikvm: GC_CONCURRENT freed 491K, 8% free 10332K/11207K, paused 1ms+3ms
07-16 08:33:33.386  1351  1353 D dalvikvm: GC_CONCURRENT freed 462K, 8% free 10382K/11207K, paused 2ms+2ms
07-16 08:33:34.433  1351  1353 D dalvikvm: GC_CONCURRENT freed 490K, 8% free 10336K/11207K, paused 2ms+2ms
07-16 08:33:35.456   144 14192 D dalvikvm: GC_EXPLICIT freed 1137K, 15% free 16916K/19719K, paused 2ms+10ms
07-16 08:33:36.320   346   346 D SAN_SERVICE: *******************************************
07-16 08:33:36.320   346   346 D SAN_SERVICE: DM App Phone Service State - 0
07-16 08:33:36.320   346   346 D SAN_SERVICE: *******************************************
07-16 08:33:36.441  1351  1353 D dalvikvm: GC_CONCURRENT freed 503K, 8% free 10333K/11207K, paused 2ms+8ms
07-16 08:33:36.468 12903 12906 D dalvikvm: GC_CONCURRENT freed 816K, 10% free 11037K/12231K, paused 14ms+16ms
07-16 08:33:37.066   346   346 D SAN_SERVICE: *******************************************
07-16 08:33:37.066   346   346 D SAN_SERVICE: DM App Phone Service State - 0
07-16 08:33:37.066   346   346 D SAN_SERVICE: *******************************************
07-16 08:33:37.429  1351  1353 D dalvikvm: GC_CONCURRENT freed 462K, 8% free 10382K/11207K, paused 2ms+3ms
07-16 08:33:38.452  1351  1353 D dalvikvm: GC_CONCURRENT freed 484K, 8% free 10328K/11207K, paused 3ms+2ms
07-16 08:33:39.124 12903 12906 D dalvikvm: GC_CONCURRENT freed 461K, 9% free 11237K/12231K, paused 1ms+3ms
07-16 08:33:40.343   291   816 D dalvikvm: GC_EXPLICIT freed 282K, 7% free 10778K/11527K, paused 3ms+5ms
07-16 08:33:40.433  1351  1353 D dalvikvm: GC_CONCURRENT freed 513K, 8% free 10326K/11207K, paused 2ms+3ms
07-16 08:33:41.339  1351  1351 D dalvikvm: GC_EXPLICIT freed 237K, 9% free 10279K/11207K, paused 2ms+3ms
07-16 08:33:42.355  1351  1353 D dalvikvm: GC_CONCURRENT freed 464K, 8% free 10326K/11207K, paused 2ms+2ms
07-16 08:33:43.402  1351  1353 D dalvikvm: GC_CONCURRENT freed 496K, 8% free 10340K/11207K, paused 1ms+3ms
07-16 08:33:45.394  1351  1353 D dalvikvm: GC_CONCURRENT freed 510K, 8% free 10331K/11207K, paused 2ms+2ms
07-16 08:33:46.238 12903 12906 D dalvikvm: GC_CONCURRENT freed 825K, 10% free 11038K/12231K, paused 6ms+3ms
07-16 08:33:46.410  1351  1353 D dalvikvm: GC_CONCURRENT freed 509K, 8% free 10346K/11207K, paused 2ms+3ms
07-16 08:33:47.515  1351  1353 D dalvikvm: GC_CONCURRENT freed 493K, 8% free 10362K/11207K, paused 2ms+3ms
07-16 08:33:48.425  1351  1353 D dalvikvm: GC_CONCURRENT freed 534K, 8% free 10338K/11207K, paused 2ms+3ms
07-16 08:33:49.023 12903 12906 D dalvikvm: GC_CONCURRENT freed 507K, 9% free 11215K/12231K, paused 2ms+3ms
07-16 08:33:49.171 18454 18467 I PhoneLab-: Service Running
07-16 08:33:49.285 18454 18467 I PhoneLab-LoggerService: app_37    1395  1     1432   996   c00f181c 400107b4 S logcat
07-16 08:33:49.285 18454 18467 I PhoneLab-LoggerService: Logcat pid from database 1395
07-16 08:33:49.285 18454 18467 I PhoneLab-LoggerService: Logcat process found 1395
07-16 08:33:49.285 18454 18467 I PhoneLab-LoggerService: Checking Threshold
07-16 08:33:49.285 18454 18467 I PhoneLab-LoggerService: Starting to rename files
07-16 08:33:49.285 18454 18467 I PhoneLab-LoggerService: Files found .. 2
07-16 08:33:49.285 18454 18467 I PhoneLab-LoggerService: File 1 log.out.1
07-16 08:33:49.292 18454 18467 I PhoneLab-LoggerService: Renamed successfully
07-16 08:33:50.339  1351  1353 D dalvikvm: GC_CONCURRENT freed 507K, 8% free 10333K/11207K, paused 2ms+3ms
07-16 08:33:51.390  1351  1353 D dalvikvm: GC_CONCURRENT freed 510K, 8% free 10335K/11207K, paused 3ms+3ms
07-16 08:33:51.859   346   346 D SAN_SERVICE: *******************************************
07-16 08:33:51.859   346   346 D SAN_SERVICE: DM App Phone Service State - 0
07-16 08:33:51.859   346   346 D SAN_SERVICE: *******************************************
07-16 08:33:52.425  1351  1353 D dalvikvm: GC_CONCURRENT freed 409K, 8% free 10320K/11207K, paused 2ms+2ms
07-16 08:33:53.144 12903 12906 D dalvikvm: GC_CONCURRENT freed 958K, 12% free 10883K/12231K, paused 21ms+3ms
07-16 08:33:53.495   144  1167 D dalvikvm: GC_EXPLICIT freed 1067K, 15% free 16923K/19719K, paused 2ms+10ms
07-16 08:33:54.402  1351  1353 D dalvikvm: GC_CONCURRENT freed 502K, 8% free 10329K/11207K, paused 2ms+4ms
07-16 08:33:55.402  1351  1353 D dalvikvm: GC_CONCURRENT freed 511K, 8% free 10329K/11207K, paused 2ms+3ms
07-16 08:33:56.839   346   346 D SAN_SERVICE: *******************************************
07-16 08:33:56.839   346   346 D SAN_SERVICE: DM App Phone Service State - 0
07-16 08:33:56.839   346   346 D SAN_SERVICE: *******************************************
07-16 08:33:57.101   346   346 D SAN_SERVICE: *******************************************
07-16 08:33:57.101   346   346 D SAN_SERVICE: DM App Phone Service State - 0
07-16 08:33:57.101   346   346 D SAN_SERVICE: *******************************************
07-16 08:33:57.394  1351  1353 D dalvikvm: GC_CONCURRENT freed 497K, 8% free 10330K/11207K, paused 2ms+2ms
07-16 08:33:58.460  1351  1353 D dalvikvm: GC_CONCURRENT freed 505K, 8% free 10337K/11207K, paused 2ms+3ms
07-16 08:33:58.851 12903 12906 D dalvikvm: GC_CONCURRENT freed 300K, 9% free 11195K/12231K, paused 2ms+3ms
07-16 08:33:59.378  1351  1353 D dalvikvm: GC_CONCURRENT freed 416K, 8% free 10322K/11207K, paused 2ms+2ms
07-16 08:34:01.359  1351  1353 D dalvikvm: GC_CONCURRENT freed 483K, 8% free 10331K/11207K, paused 1ms+3ms
07-16 08:34:02.113   346   346 D SAN_SERVICE: *******************************************
07-16 08:34:02.113   346   346 D SAN_SERVICE: DM App Phone Service State - 0
07-16 08:34:02.117   346   346 D SAN_SERVICE: *******************************************
07-16 08:34:02.410  1351  1353 D dalvikvm: GC_CONCURRENT freed 486K, 8% free 10356K/11207K, paused 3ms+5ms
07-16 08:34:02.441 12903 12906 D dalvikvm: GC_CONCURRENT freed 957K, 12% free 10840K/12231K, paused 6ms+5ms
07-16 08:34:03.398  1351  1353 D dalvikvm: GC_CONCURRENT freed 452K, 8% free 10326K/11207K, paused 2ms+2ms
07-16 08:34:05.347  1351  1353 D dalvikvm: GC_CONCURRENT freed 508K, 8% free 10329K/11207K, paused 1ms+3ms
07-16 08:34:06.355  1351 19892 D dalvikvm: GC_EXPLICIT freed 241K, 9% free 10283K/11207K, paused 2ms+4ms
07-16 08:34:07.035   346   346 D SAN_SERVICE: *******************************************
07-16 08:34:07.035   346   346 D SAN_SERVICE: DM App Phone Service State - 0
07-16 08:34:07.035   346   346 D SAN_SERVICE: *******************************************
07-16 08:34:07.351  1351  1353 D dalvikvm: GC_CONCURRENT freed 465K, 8% free 10330K/11207K, paused 1ms+3ms
07-16 08:34:08.429  1351  1353 D dalvikvm: GC_CONCURRENT freed 516K, 9% free 10310K/11207K, paused 2ms+2ms
07-16 08:34:08.773 12903 12906 D dalvikvm: GC_CONCURRENT freed 266K, 9% free 11171K/12231K, paused 2ms+3ms
07-16 08:34:10.359  1351  1353 D dalvikvm: GC_CONCURRENT freed 485K, 8% free 10336K/11207K, paused 2ms+4ms
07-16 08:34:11.425  1351  1353 D dalvikvm: GC_CONCURRENT freed 536K, 9% free 10310K/11207K, paused 2ms+3ms
07-16 08:34:11.847 12903 12906 D dalvikvm: GC_CONCURRENT freed 963K, 12% free 10812K/12231K, paused 20ms+2ms
07-16 08:34:12.281   346   346 D SAN_SERVICE: *******************************************
07-16 08:34:12.281   346   346 D SAN_SERVICE: DM App Phone Service State - 0
07-16 08:34:12.285   346   346 D SAN_SERVICE: *******************************************
07-16 08:34:12.452   144  6618 D dalvikvm: GC_EXPLICIT freed 1197K, 15% free 16898K/19719K, paused 4ms+10ms
07-16 08:34:13.089   346   346 D SAN_SERVICE: *******************************************
07-16 08:34:13.089   346   346 D SAN_SERVICE: DM App Phone Service State - 0
07-16 08:34:13.089   346   346 D SAN_SERVICE: *******************************************
07-16 08:34:13.374  1351  1353 D dalvikvm: GC_CONCURRENT freed 490K, 8% free 10332K/11207K, paused 2ms+3ms
07-16 08:34:14.382  1351  1353 D dalvikvm: GC_CONCURRENT freed 494K, 8% free 10344K/11207K, paused 2ms+3ms
07-16 08:34:16.378  1351  1353 D dalvikvm: GC_CONCURRENT freed 505K, 8% free 10338K/11207K, paused 3ms+3ms
07-16 08:34:17.347   346   346 D SAN_SERVICE: *******************************************
07-16 08:34:17.347   346   346 D SAN_SERVICE: DM App Phone Service State - 0
07-16 08:34:17.347   346   346 D SAN_SERVICE: *******************************************
07-16 08:34:17.421   291   294 D dalvikvm: GC_CONCURRENT freed 386K, 6% free 10853K/11527K, paused 6ms+6ms
07-16 08:34:17.558  1351  1353 D dalvikvm: GC_CONCURRENT freed 457K, 8% free 10415K/11207K, paused 2ms+4ms
07-16 08:34:18.101   346   346 D SAN_SERVICE: *******************************************
07-16 08:34:18.101   346   346 D SAN_SERVICE: DM App Phone Service State - 0
07-16 08:34:18.101   346   346 D SAN_SERVICE: *******************************************
07-16 08:34:18.796 12903 12906 D dalvikvm: GC_CONCURRENT freed 185K, 9% free 11140K/12231K, paused 7ms+3ms
07-16 08:34:19.359  1351  1353 D dalvikvm: GC_CONCURRENT freed 557K, 8% free 10332K/11207K, paused 1ms+2ms
07-16 08:34:19.687 12903 12906 D dalvikvm: GC_CONCURRENT freed 1009K, 13% free 10714K/12231K, paused 2ms+3ms
07-16 08:34:20.421  1351  1353 D dalvikvm: GC_CONCURRENT freed 503K, 8% free 10340K/11207K, paused 2ms+4ms
07-16 08:34:22.413  1351  1353 D dalvikvm: GC_CONCURRENT freed 523K, 8% free 10328K/11207K, paused 3ms+3ms
07-16 08:34:22.577   346   346 D SAN_SERVICE: *******************************************
07-16 08:34:22.577   346   346 D SAN_SERVICE: DM App Phone Service State - 0
07-16 08:34:22.577   346   346 D SAN_SERVICE: *******************************************
07-16 08:34:23.105   346   346 D SAN_SERVICE: *******************************************
07-16 08:34:23.105   346   346 D SAN_SERVICE: DM App Phone Service State - 0
07-16 08:34:23.105   346   346 D SAN_SERVICE: *******************************************
07-16 08:34:23.390  1351  1353 D dalvikvm: GC_CONCURRENT freed 461K, 8% free 10332K/11207K, paused 2ms+3ms
07-16 08:34:25.367  1351  1353 D dalvikvm: GC_CONCURRENT freed 514K, 8% free 10329K/11207K, paused 3ms+3ms
07-16 08:34:25.652 12903 12906 D dalvikvm: GC_CONCURRENT freed 146K, 10% free 11018K/12231K, paused 2ms+4ms
07-16 08:34:26.410  1351  1353 D dalvikvm: GC_CONCURRENT freed 444K, 8% free 10330K/11207K, paused 2ms+2ms
07-16 08:34:27.788    86   545 E GPSD    : ril_gps_wait_for_ril: Response already received.
07-16 08:34:28.425  1351  1353 D dalvikvm: GC_CONCURRENT freed 498K, 8% free 10344K/11207K, paused 2ms+3ms
07-16 08:34:28.839 12903 12906 D dalvikvm: GC_CONCURRENT freed 415K, 9% free 11252K/12231K, paused 2ms+3ms
07-16 08:34:29.402  1351  1353 D dalvikvm: GC_CONCURRENT freed 446K, 8% free 10321K/11207K, paused 3ms+2ms
07-16 08:34:30.343   291   308 D dalvikvm: GC_EXPLICIT freed 256K, 7% free 10749K/11527K, paused 2ms+4ms
07-16 08:34:31.406   144   332 D dalvikvm: GC_EXPLICIT freed 1116K, 15% free 16884K/19719K, paused 2ms+10ms
07-16 08:34:31.519  1351  1353 D dalvikvm: GC_CONCURRENT freed 497K, 8% free 10335K/11207K, paused 2ms+2ms
07-16 08:34:32.386  1351  1353 D dalvikvm: GC_CONCURRENT freed 443K, 9% free 10305K/11207K, paused 2ms+2ms
07-16 08:34:33.308  1351  3585 D dalvikvm: GC_EXPLICIT freed 31K, 9% free 10273K/11207K, paused 2ms+3ms
07-16 08:34:34.406  1351  1353 D dalvikvm: GC_CONCURRENT freed 450K, 8% free 10335K/11207K, paused 3ms+3ms
07-16 08:34:35.378  1351  1353 D dalvikvm: GC_CONCURRENT freed 414K, 9% free 10309K/11207K, paused 2ms+2ms
07-16 08:34:36.597 12903 12906 D dalvikvm: GC_CONCURRENT freed 819K, 10% free 11054K/12231K, paused 20ms+4ms
07-16 08:34:37.402  1351  1353 D dalvikvm: GC_CONCURRENT freed 489K, 8% free 10332K/11207K, paused 2ms+2ms
07-16 08:34:38.449  1351  1353 D dalvikvm: GC_CONCURRENT freed 427K, 8% free 10312K/11207K, paused 2ms+5ms
07-16 08:34:38.855 12903 12906 D dalvikvm: GC_CONCURRENT freed 396K, 8% free 11327K/12231K, paused 2ms+5ms
07-16 08:34:40.359  1351  1353 D dalvikvm: GC_CONCURRENT freed 490K, 8% free 10333K/11207K, paused 2ms+3ms
07-16 08:34:41.390  1351  1353 D dalvikvm: GC_CONCURRENT freed 427K, 8% free 10312K/11207K, paused 2ms+2ms
07-16 08:34:43.390  1351  1353 D dalvikvm: GC_CONCURRENT freed 487K, 8% free 10337K/11207K, paused 2ms+3ms
07-16 08:34:44.148   144 13425 D AlarmManagerService: Kernel timezone updated to 240 minutes west of GMT
07-16 08:34:44.160   346   346 D SAN_SERVICE: *******************************************
07-16 08:34:44.160   346   346 D SAN_SERVICE: DM App Phone Service State - 0
07-16 08:34:44.160   346   346 D SAN_SERVICE: *******************************************
07-16 08:34:44.417  1351  1353 D dalvikvm: GC_CONCURRENT freed 418K, 8% free 10311K/11207K, paused 3ms+2ms
07-16 08:34:46.413  1351  1353 D dalvikvm: GC_CONCURRENT freed 483K, 8% free 10340K/11207K, paused 1ms+2ms
07-16 08:34:47.476 12903 12906 D dalvikvm: GC_CONCURRENT freed 992K, 10% free 11104K/12231K, paused 2ms+9ms
07-16 08:34:47.542  1351  1353 D dalvikvm: GC_CONCURRENT freed 424K, 8% free 10327K/11207K, paused 2ms+8ms
07-16 08:34:48.378  1351  1353 D dalvikvm: GC_CONCURRENT freed 493K, 8% free 10345K/11207K, paused 2ms+3ms
07-16 08:34:48.644   144   144 D dalvikvm: GC_EXPLICIT freed 1045K, 15% free 16878K/19719K, paused 3ms+9ms
07-16 08:34:48.808 12903 12906 D dalvikvm: GC_CONCURRENT freed 487K, 9% free 11211K/12231K, paused 2ms+3ms
07-16 08:34:49.406  1351  1353 D dalvikvm: GC_CONCURRENT freed 435K, 8% free 10313K/11207K, paused 2ms+2ms
07-16 08:34:51.370  1351  1353 D dalvikvm: GC_CONCURRENT freed 485K, 8% free 10339K/11207K, paused 2ms+3ms
07-16 08:34:52.425  1351  1353 D dalvikvm: GC_CONCURRENT freed 419K, 8% free 10311K/11207K, paused 2ms+2ms
07-16 08:34:54.421  1351  1353 D dalvikvm: GC_CONCURRENT freed 485K, 8% free 10338K/11207K, paused 3ms+3ms
07-16 08:34:55.019 12903 12906 D dalvikvm: GC_CONCURRENT freed 823K, 11% free 11001K/12231K, paused 2ms+3ms
07-16 08:34:55.386  1351  1353 D dalvikvm: GC_CONCURRENT freed 418K, 8% free 10312K/11207K, paused 3ms+3ms
07-16 08:34:57.382  1351  1353 D dalvikvm: GC_CONCURRENT freed 484K, 8% free 10339K/11207K, paused 2ms+3ms
07-16 08:34:58.398  1351  7177 D dalvikvm: GC_EXPLICIT freed 151K, 9% free 10278K/11207K, paused 2ms+2ms
07-16 08:34:58.577   346   346 D SAN_SERVICE: *******************************************
07-16 08:34:58.577   346   346 D SAN_SERVICE: DM App Phone Service State - 0
07-16 08:34:58.577   346   346 D SAN_SERVICE: *******************************************
07-16 08:34:58.757 12903 12906 D dalvikvm: GC_CONCURRENT freed 382K, 8% free 11278K/12231K, paused 2ms+3ms
07-16 08:34:59.128   144   342 D AlarmManagerService: Kernel timezone updated to 240 minutes west of GMT
07-16 08:34:59.402  1351  1353 D dalvikvm: GC_CONCURRENT freed 450K, 8% free 10339K/11207K, paused 2ms+3ms
07-16 08:35:00.386  1351  1353 D dalvikvm: GC_CONCURRENT freed 416K, 8% free 10313K/11207K, paused 2ms+2ms
07-16 08:35:02.441  1351  1353 D dalvikvm: GC_CONCURRENT freed 461K, 8% free 10364K/11207K, paused 11ms+3ms
07-16 08:35:04.406  1351  1353 D dalvikvm: GC_CONCURRENT freed 538K, 8% free 10336K/11207K, paused 1ms+3ms
07-16 08:35:05.429  1351  1353 D dalvikvm: GC_CONCURRENT freed 458K, 8% free 10332K/11207K, paused 1ms+2ms
07-16 08:35:06.429 12903 12906 D dalvikvm: GC_CONCURRENT freed 882K, 10% free 11026K/12231K, paused 2ms+6ms
07-16 08:35:06.745   291   294 D dalvikvm: GC_CONCURRENT freed 355K, 6% free 10846K/11527K, paused 3ms+6ms
07-16 08:35:07.413   144   378 D dalvikvm: GC_EXPLICIT freed 1067K, 15% free 16881K/19719K, paused 3ms+10ms
07-16 08:35:07.495  1351  1353 D dalvikvm: GC_CONCURRENT freed 481K, 8% free 10363K/11207K, paused 2ms+3ms
07-16 08:35:08.386  1351  1353 D dalvikvm: GC_CONCURRENT freed 440K, 9% free 10308K/11207K, paused 3ms+3ms
07-16 08:35:08.617   346   346 D SAN_SERVICE: *******************************************
07-16 08:35:08.617   346   346 D SAN_SERVICE: DM App Phone Service State - 0
07-16 08:35:08.617   346   346 D SAN_SERVICE: *******************************************
07-16 08:35:08.640   346   348 D dalvikvm: GC_CONCURRENT freed 466K, 6% free 9460K/10055K, paused 2ms+2ms
07-16 08:35:08.855 12903 12906 D dalvikvm: GC_CONCURRENT freed 375K, 8% free 11321K/12231K, paused 2ms+4ms
07-16 08:35:09.101   346   346 D SAN_SERVICE: *******************************************
07-16 08:35:09.101   346   346 D SAN_SERVICE: DM App Phone Service State - 0
07-16 08:35:09.101   346   346 D SAN_SERVICE: *******************************************
07-16 08:35:10.406  1351  1353 D dalvikvm: GC_CONCURRENT freed 465K, 8% free 10355K/11207K, paused 2ms+24ms
07-16 08:35:12.351  1351  1353 D dalvikvm: GC_CONCURRENT freed 525K, 8% free 10331K/11207K, paused 2ms+2ms
07-16 08:35:13.386  1351  1353 D dalvikvm: GC_CONCURRENT freed 447K, 8% free 10325K/11207K, paused 2ms+2ms
07-16 08:35:13.644   346   346 D SAN_SERVICE: *******************************************
07-16 08:35:13.644   346   346 D SAN_SERVICE: DM App Phone Service State - 0
07-16 08:35:13.644   346   346 D SAN_SERVICE: *******************************************
07-16 08:35:14.124   346   346 D SAN_SERVICE: *******************************************
07-16 08:35:14.124   346   346 D SAN_SERVICE: DM App Phone Service State - 0
07-16 08:35:14.124   346   346 D SAN_SERVICE: *******************************************
07-16 08:35:15.402  1351  1353 D dalvikvm: GC_CONCURRENT freed 479K, 8% free 10357K/11207K, paused 2ms+2ms
07-16 08:35:16.425  1351  1353 D dalvikvm: GC_CONCURRENT freed 441K, 8% free 10316K/11207K, paused 2ms+2ms
07-16 08:35:17.433 12903 12906 D dalvikvm: GC_CONCURRENT freed 868K, 10% free 11100K/12231K, paused 2ms+3ms
07-16 08:35:18.335   291  6334 D dalvikvm: GC_EXPLICIT freed 238K, 7% free 10746K/11527K, paused 3ms+5ms
07-16 08:35:18.445  1351  1353 D dalvikvm: GC_CONCURRENT freed 495K, 8% free 10332K/11207K, paused 2ms+4ms
07-16 08:35:18.796 12903 12906 D dalvikvm: GC_CONCURRENT freed 403K, 8% free 11316K/12231K, paused 1ms+2ms
07-16 08:35:19.390  1351  1353 D dalvikvm: GC_CONCURRENT freed 436K, 8% free 10317K/11207K, paused 2ms+3ms
07-16 08:35:21.421  1351  1353 D dalvikvm: GC_CONCURRENT freed 491K, 8% free 10337K/11207K, paused 2ms+4ms
07-16 08:35:23.394  1351  1353 D dalvikvm: GC_CONCURRENT freed 512K, 8% free 10324K/11207K, paused 2ms+2ms
07-16 08:35:24.144   346   346 D SAN_SERVICE: *******************************************
07-16 08:35:24.144   346   346 D SAN_SERVICE: DM App Phone Service State - 0
07-16 08:35:24.144   346   346 D SAN_SERVICE: *******************************************
07-16 08:35:24.370  1351  1351 D dalvikvm: GC_EXPLICIT freed 218K, 9% free 10282K/11207K, paused 2ms+2ms
07-16 08:35:25.472  1351  1353 D dalvikvm: GC_CONCURRENT freed 420K, 8% free 10374K/11207K, paused 2ms+4ms
07-16 08:35:26.398   144   332 D dalvikvm: GC_EXPLICIT freed 1171K, 15% free 16888K/19719K, paused 3ms+10ms
07-16 08:35:26.531 12903 12906 D dalvikvm: GC_CONCURRENT freed 856K, 10% free 11100K/12231K, paused 2ms+3ms
07-16 08:35:27.370  1351  1353 D dalvikvm: GC_CONCURRENT freed 539K, 8% free 10332K/11207K, paused 2ms+2ms
07-16 08:35:28.437  1351  1353 D dalvikvm: GC_CONCURRENT freed 459K, 8% free 10326K/11207K, paused 1ms+3ms
07-16 08:35:28.675 12903 12906 D dalvikvm: GC_CONCURRENT freed 424K, 8% free 11316K/12231K, paused 2ms+2ms
07-16 08:35:29.144   346   346 D SAN_SERVICE: *******************************************
07-16 08:35:29.144   346   346 D SAN_SERVICE: DM App Phone Service State - 0
07-16 08:35:29.144   346   346 D SAN_SERVICE: *******************************************
07-16 08:35:30.441  1351  1353 D dalvikvm: GC_CONCURRENT freed 469K, 8% free 10368K/11207K, paused 2ms+3ms
07-16 08:35:32.464  1351  1353 D dalvikvm: GC_CONCURRENT freed 529K, 8% free 10330K/11207K, paused 2ms+3ms
07-16 08:35:33.417  1351  1353 D dalvikvm: GC_CONCURRENT freed 442K, 8% free 10324K/11207K, paused 2ms+3ms
07-16 08:35:35.421  1351  1353 D dalvikvm: GC_CONCURRENT freed 474K, 8% free 10362K/11207K, paused 1ms+3ms
07-16 08:35:37.421  1351  1353 D dalvikvm: GC_CONCURRENT freed 538K, 8% free 10335K/11207K, paused 2ms+2ms
07-16 08:35:38.413  1351  1353 D dalvikvm: GC_CONCURRENT freed 460K, 8% free 10328K/11207K, paused 2ms+4ms
07-16 08:35:38.894 12903 12906 D dalvikvm: GC_CONCURRENT freed 876K, 9% free 11160K/12231K, paused 2ms+2ms
07-16 08:35:38.995 12903 19404 D dalvikvm: GC_FOR_ALLOC freed 366K, 9% free 11166K/12231K, paused 28ms
07-16 08:35:39.378   346   346 D SAN_SERVICE: *******************************************
07-16 08:35:39.378   346   346 D SAN_SERVICE: DM App Phone Service State - 0
07-16 08:35:39.378   346   346 D SAN_SERVICE: *******************************************
07-16 08:35:40.398  1351  1353 D dalvikvm: GC_CONCURRENT freed 468K, 8% free 10370K/11207K, paused 2ms+3ms
07-16 08:35:42.363  1351  1353 D dalvikvm: GC_CONCURRENT freed 547K, 8% free 10334K/11207K, paused 2ms+3ms
07-16 08:35:43.421  1351  1353 D dalvikvm: GC_CONCURRENT freed 417K, 8% free 10311K/11207K, paused 2ms+3ms
07-16 08:35:45.433   144 15767 D dalvikvm: GC_EXPLICIT freed 1020K, 15% free 16859K/19719K, paused 3ms+10ms
07-16 08:35:45.535  1351  1353 D dalvikvm: GC_CONCURRENT freed 446K, 8% free 10377K/11207K, paused 2ms+3ms
07-16 08:35:47.492  1351  1353 D dalvikvm: GC_CONCURRENT freed 562K, 8% free 10326K/11207K, paused 3ms+2ms
07-16 08:35:47.577 12903 12906 D dalvikvm: GC_CONCURRENT freed 713K, 10% free 11064K/12231K, paused 2ms+4ms
07-16 08:35:47.995 18454 18467 I PhoneLab-: Service Running
07-16 08:35:48.066 18454 18467 I PhoneLab-LoggerService: app_37    1395  1     1432   996   c00f181c 400107b4 S logcat
07-16 08:35:48.070 18454 18467 I PhoneLab-LoggerService: Logcat pid from database 1395
07-16 08:35:48.070 18454 18467 I PhoneLab-LoggerService: Logcat process found 1395
07-16 08:35:48.070 18454 18467 I PhoneLab-LoggerService: Checking Threshold
07-16 08:35:48.070 18454 18467 I PhoneLab-LoggerService: Starting to rename files
07-16 08:35:48.070 18454 18467 I PhoneLab-LoggerService: Files found .. 2
07-16 08:35:48.390  1351  1353 D dalvikvm: GC_CONCURRENT freed 424K, 8% free 10317K/11207K, paused 2ms+3ms
07-16 08:35:49.171 12903 12906 D dalvikvm: GC_CONCURRENT freed 417K, 8% free 11285K/12231K, paused 2ms+2ms
07-16 08:35:50.367  1351 20104 D dalvikvm: GC_EXPLICIT freed 322K, 9% free 10290K/11207K, paused 2ms+4ms
07-16 08:35:50.605  1351  1353 D dalvikvm: GC_CONCURRENT freed 433K, 8% free 10368K/11207K, paused 2ms+3ms
07-16 08:35:52.410  1351  1353 D dalvikvm: GC_CONCURRENT freed 550K, 8% free 10330K/11207K, paused 2ms+3ms
07-16 08:35:52.734 12903 12906 D dalvikvm: GC_CONCURRENT freed 1056K, 12% free 10863K/12231K, paused 1ms+3ms
07-16 08:35:53.398  1351  1353 D dalvikvm: GC_CONCURRENT freed 420K, 8% free 10312K/11207K, paused 2ms+3ms
07-16 08:35:54.351 19607 19610 D dalvikvm: GC_CONCURRENT freed 404K, 6% free 9061K/9543K, paused 16ms+2ms
07-16 08:35:54.663   346   346 D SAN_SERVICE: *******************************************
07-16 08:35:54.663   346   346 D SAN_SERVICE: DM App Phone Service State - 0
07-16 08:35:54.663   346   346 D SAN_SERVICE: *******************************************
07-16 08:35:55.171   346   346 D SAN_SERVICE: *******************************************
07-16 08:35:55.171   346   346 D SAN_SERVICE: DM App Phone Service State - 0
07-16 08:35:55.171   346   346 D SAN_SERVICE: *******************************************
07-16 08:35:55.452  1351  1353 D dalvikvm: GC_CONCURRENT freed 451K, 8% free 10371K/11207K, paused 2ms+3ms
07-16 08:35:57.382  1351  1353 D dalvikvm: GC_CONCURRENT freed 547K, 8% free 10336K/11207K, paused 2ms+2ms
07-16 08:35:59.230 12903 12906 D dalvikvm: GC_CONCURRENT freed 271K, 9% free 11202K/12231K, paused 1ms+3ms
07-16 08:35:59.312 12903 19404 D dalvikvm: GC_FOR_ALLOC freed 297K, 9% free 11172K/12231K, paused 35ms
07-16 08:35:59.429  1351  1353 D dalvikvm: GC_CONCURRENT freed 503K, 8% free 10339K/11207K, paused 2ms+3ms
07-16 08:35:59.964   346   346 D SAN_SERVICE: *******************************************
07-16 08:35:59.964   346   346 D SAN_SERVICE: DM App Phone Service State - 0
07-16 08:35:59.964   346   346 D SAN_SERVICE: *******************************************
07-16 08:36:00.093   346   346 D SAN_SERVICE: *******************************************
07-16 08:36:00.093   346   346 D SAN_SERVICE: DM App Phone Service State - 0
07-16 08:36:00.093   346   346 D SAN_SERVICE: *******************************************
07-16 08:36:00.398  1351  1353 D dalvikvm: GC_CONCURRENT freed 437K, 8% free 10321K/11207K, paused 1ms+2ms
07-16 08:36:02.445   144   388 D dalvikvm: GC_EXPLICIT freed 997K, 15% free 16861K/19719K, paused 4ms+17ms
07-16 08:36:02.535  1351  1353 D dalvikvm: GC_CONCURRENT freed 457K, 8% free 10373K/11207K, paused 2ms+3ms
07-16 08:36:04.370  1351  1353 D dalvikvm: GC_CONCURRENT freed 549K, 8% free 10335K/11207K, paused 2ms+3ms
07-16 08:36:04.867   346   346 D SAN_SERVICE: *******************************************
07-16 08:36:04.867   346   346 D SAN_SERVICE: DM App Phone Service State - 0
07-16 08:36:04.867   346   346 D SAN_SERVICE: *******************************************
07-16 08:36:05.140   346   346 D SAN_SERVICE: *******************************************
07-16 08:36:05.140   346   346 D SAN_SERVICE: DM App Phone Service State - 0
07-16 08:36:05.140   346   346 D SAN_SERVICE: *******************************************
07-16 08:36:06.351  1351  1353 D dalvikvm: GC_CONCURRENT freed 435K, 9% free 10298K/11207K, paused 5ms+3ms
07-16 08:36:07.351   291   956 D dalvikvm: GC_EXPLICIT freed 355K, 7% free 10823K/11527K, paused 3ms+7ms
07-16 08:36:07.480  1351  1353 D dalvikvm: GC_CONCURRENT freed 415K, 8% free 10394K/11207K, paused 2ms+3ms
07-16 08:36:08.566 12903 12906 D dalvikvm: GC_CONCURRENT freed 705K, 10% free 11062K/12231K, paused 2ms+3ms
07-16 08:36:09.460  1351  1353 D dalvikvm: GC_CONCURRENT freed 550K, 8% free 10356K/11207K, paused 2ms+5ms
07-16 08:36:09.570 12903 19404 D dalvikvm: GC_FOR_ALLOC freed 412K, 9% free 11161K/12231K, paused 31ms
07-16 08:36:11.363  1351  1353 D dalvikvm: GC_CONCURRENT freed 535K, 8% free 10333K/11207K, paused 2ms+3ms
07-16 08:36:13.429  1351  1353 D dalvikvm: GC_CONCURRENT freed 509K, 8% free 10323K/11207K, paused 4ms+3ms
07-16 08:36:14.402  1351  1353 D dalvikvm: GC_CONCURRENT freed 430K, 8% free 10320K/11207K, paused 1ms+2ms
07-16 08:36:16.324  1351  1351 D dalvikvm: GC_EXPLICIT freed 309K, 9% free 10290K/11207K, paused 2ms+3ms
07-16 08:36:17.413  1351  1353 D dalvikvm: GC_CONCURRENT freed 471K, 8% free 10330K/11207K, paused 2ms+2ms
07-16 08:36:18.800 12903 12906 D dalvikvm: GC_CONCURRENT freed 691K, 10% free 11064K/12231K, paused 2ms+3ms
07-16 08:36:19.382  1351  1353 D dalvikvm: GC_CONCURRENT freed 517K, 8% free 10325K/11207K, paused 2ms+3ms
07-16 08:36:19.824 12903 19404 D dalvikvm: GC_FOR_ALLOC freed 416K, 9% free 11165K/12231K, paused 31ms
07-16 08:36:20.202   346   346 D SAN_SERVICE: *******************************************
07-16 08:36:20.202   346   346 D SAN_SERVICE: DM App Phone Service State - 0
07-16 08:36:20.202   346   346 D SAN_SERVICE: *******************************************
07-16 08:36:20.402  1351  1353 D dalvikvm: GC_CONCURRENT freed 405K, 9% free 10310K/11207K, paused 2ms+2ms
07-16 08:36:21.445   144   156 D dalvikvm: GC_EXPLICIT freed 1010K, 15% free 16872K/19719K, paused 3ms+8ms
07-16 08:36:22.363  1351  1353 D dalvikvm: GC_CONCURRENT freed 455K, 8% free 10366K/11207K, paused 1ms+3ms
07-16 08:36:24.374  1351  1353 D dalvikvm: GC_CONCURRENT freed 543K, 8% free 10335K/11207K, paused 2ms+3ms
07-16 08:36:26.394  1351  1353 D dalvikvm: GC_CONCURRENT freed 516K, 8% free 10330K/11207K, paused 2ms+3ms
07-16 08:36:28.398  1351  1353 D dalvikvm: GC_CONCURRENT freed 495K, 8% free 10332K/11207K, paused 2ms+3ms
07-16 08:36:28.910 12903 12906 D dalvikvm: GC_CONCURRENT freed 700K, 10% free 11060K/12231K, paused 2ms+3ms
07-16 08:36:29.394  1351  1353 D dalvikvm: GC_CONCURRENT freed 426K, 8% free 10314K/11207K, paused 10ms+3ms
07-16 08:36:30.085 12903 19404 D dalvikvm: GC_FOR_ALLOC freed 425K, 9% free 11167K/12231K, paused 28ms
07-16 08:36:30.363   346   346 D SAN_SERVICE: *******************************************
07-16 08:36:30.363   346   346 D SAN_SERVICE: DM App Phone Service State - 0
07-16 08:36:30.363   346   346 D SAN_SERVICE: *******************************************
07-16 08:36:31.171   346   346 D SAN_SERVICE: *******************************************
07-16 08:36:31.171   346   346 D SAN_SERVICE: DM App Phone Service State - 0
07-16 08:36:31.171   346   346 D SAN_SERVICE: *******************************************
07-16 08:36:31.456  1351  1353 D dalvikvm: GC_CONCURRENT freed 459K, 8% free 10367K/11207K, paused 2ms+3ms
07-16 08:36:33.398  1351  1353 D dalvikvm: GC_CONCURRENT freed 544K, 8% free 10335K/11207K, paused 2ms+4ms
07-16 08:36:35.355  1351  1353 D dalvikvm: GC_CONCURRENT freed 516K, 8% free 10330K/11207K, paused 3ms+2ms
07-16 08:36:36.402  1351  1353 D dalvikvm: GC_CONCURRENT freed 406K, 9% free 10310K/11207K, paused 3ms+2ms
07-16 08:36:38.367  1351  1353 D dalvikvm: GC_CONCURRENT freed 450K, 8% free 10371K/11207K, paused 2ms+3ms
07-16 08:36:38.831 12903 12906 D dalvikvm: GC_CONCURRENT freed 699K, 10% free 11060K/12231K, paused 23ms+3ms
07-16 08:36:40.394   275   275 I wpa_supplicant: wlan0: Trying to associate with 00:1a:1e:6b:66:b0 (SSID='TimHortons' freq=2462 MHz)
07-16 08:36:40.472  1351  1353 D dalvikvm: GC_CONCURRENT freed 539K, 8% free 10343K/11207K, paused 5ms+5ms
07-16 08:36:40.519   275   275 I wpa_supplicant: wlan0: Associated with 00:1a:1e:6b:66:b0
07-16 08:36:40.519   275   275 I wpa_supplicant: wlan0: CTRL-EVENT-CONNECTED - Connection to 00:1a:1e:6b:66:b0 completed (reauth) [id=3 id_str=]
07-16 08:36:40.593 12903 12906 D dalvikvm: GC_CONCURRENT freed 381K, 9% free 11240K/12231K, paused 4ms+4ms
07-16 08:36:40.730   144   155 D dalvikvm: GC_EXPLICIT freed 1052K, 15% free 16878K/19719K, paused 3ms+16ms
07-16 08:36:40.738   346   346 D SAN_SERVICE: *******************************************
07-16 08:36:40.738   346   346 D SAN_SERVICE: DM App Phone Service State - 0
07-16 08:36:40.738   346   346 D SAN_SERVICE: *******************************************
07-16 08:36:41.156   346   346 D SAN_SERVICE: *******************************************
07-16 08:36:41.156   346   346 D SAN_SERVICE: DM App Phone Service State - 0
07-16 08:36:41.160   346   346 D SAN_SERVICE: *******************************************
07-16 08:36:42.367  1351 20224 D dalvikvm: GC_EXPLICIT freed 368K, 9% free 10293K/11207K, paused 2ms+2ms
07-16 08:36:43.378  1351  1353 D dalvikvm: GC_CONCURRENT freed 418K, 8% free 10385K/11207K, paused 3ms+3ms
07-16 08:36:44.441 20230 20230 D dalvikvm: Late-enabling CheckJNI
07-16 08:36:44.452   144   161 I ActivityManager: Start proc com.chess for broadcast com.chess/.backend.AlarmReceiver: pid=20230 uid=10079 gids={3003, 1015}
07-16 08:36:45.238 20230 20232 D dalvikvm: GC_CONCURRENT freed 162K, 3% free 9370K/9607K, paused 4ms+2ms
07-16 08:36:45.386 20230 20246 D GetStringObjTask: retrieving from url = http://www.chess.com/api/get_move_status?id=5HHjW9WUGa%2Bcu1LUwnVJPxTIWxmEve4VdkRnRyg7b5Ch69JH2Z5aB%2B7eGuFw8K2uFx47KFsdE3JRdR3Mzv0PkZOj6eZ8N73BvxmEERrzXjMNRo80rkLyJAUTh0iqof4n
07-16 08:36:45.406  1351  1353 D dalvikvm: GC_CONCURRENT freed 515K, 8% free 10382K/11207K, paused 9ms+4ms
07-16 08:36:45.413   144   388 I ActivityManager: No longer want com.google.android.apps.schemer (pid 19345): hidden #16
07-16 08:36:45.949   346   346 D SAN_SERVICE: *******************************************
07-16 08:36:45.949   346   346 D SAN_SERVICE: DM App Phone Service State - 0
07-16 08:36:45.949   346   346 D SAN_SERVICE: *******************************************
07-16 08:36:46.378   346   346 D SAN_SERVICE: *******************************************
07-16 08:36:46.378   346   346 D SAN_SERVICE: DM App Phone Service State - 0
07-16 08:36:46.378   346   346 D SAN_SERVICE: *******************************************
07-16 08:36:47.445  1351  1353 D dalvikvm: GC_CONCURRENT freed 525K, 8% free 10368K/11207K, paused 2ms+3ms
07-16 08:36:47.558 20230 20246 D GetStringObjTask: WebRequest SERVER RESPONSE: Success+0
07-16 08:36:48.343   144   201 D ConnectivityService: ConnectivityChange for WIFI: CONNECTED/CONNECTED
07-16 08:36:48.343   144   201 D ConnectivityService: Policy requires mobile teardown
07-16 08:36:48.359 18454 18454 I PhoneLab-WiFiReceiver: Wi-Fi is connected!
07-16 08:36:48.402 18454 18454 I PhoneLab-WiFiReceiver: SSID: TimHortons BSSID: 00:1a:1e:6b:66:b0 RSSI: -200 LinkSpeed: -1
07-16 08:36:48.406 18454 18454 I PhoneLab-Locks: wake lock acquired
07-16 08:36:48.410   144   201 D ConnectivityService: ConnectivityChange for mobile: DISCONNECTED/DISCONNECTED
07-16 08:36:48.425   144   201 D ConnectivityService: Attempting to switch to WIFI
07-16 08:36:48.425   144   201 D ConnectivityService: Attempting to switch to WIMAX
07-16 08:36:48.425   144   201 D ConnectivityService: Attempting to switch to BLUETOOTH_TETHER
07-16 08:36:48.429   144   201 D NetUtils: android_net_utils_resetConnections in env=0x1d93420 clazz=0x46500001 iface=rmnet0 mask=0x3
07-16 08:36:48.429   144   201 D ConnectivityService: resetConnections(rmnet0, 3)
07-16 08:36:48.441 18454 18454 I PhoneLab-UploadLogs: Transfering log files now
07-16 08:36:48.464   144   196 W NetworkStats: dropping UID delta from unknown iface: iface=wlan0 uid=0 set=DEFAULT tag=0x0 rxBytes=7600 rxPackets=23 txBytes=328 txPackets=5 operations=0
07-16 08:36:48.484   346   348 D dalvikvm: GC_CONCURRENT freed 389K, 6% free 9461K/10055K, paused 2ms+2ms
07-16 08:36:48.577 18454 18456 D dalvikvm: GC_CONCURRENT freed 462K, 14% free 9191K/10567K, paused 2ms+3ms
07-16 08:36:48.644 18454 18454 D dalvikvm: GC_FOR_ALLOC freed 237K, 13% free 9289K/10567K, paused 31ms
07-16 08:36:48.671 18454 18454 D dalvikvm: GC_FOR_ALLOC freed 120K, 11% free 9417K/10567K, paused 19ms
07-16 08:36:48.671 18454 18454 I dalvikvm-heap: Grow heap (frag case) to 9.762MB for 516692-byte allocation
07-16 08:36:48.702 18454 18456 D dalvikvm: GC_CONCURRENT freed 248K, 13% free 9673K/11079K, paused 2ms+2ms
07-16 08:36:48.702 18454 18454 I PhoneLab-UploadLogs: OnStartCommand
07-16 08:36:48.851   291 19676 W Smack/Packet: notify conn break (IOEx), close connection
07-16 08:36:48.976  1351  1353 D dalvikvm: GC_CONCURRENT freed 507K, 8% free 10372K/11207K, paused 3ms+4ms
07-16 08:36:49.015   291 19676 I qtaguid : Failed write_ctrl(u 85) res=-1 errno=22
07-16 08:36:49.015   291 19676 I qtaguid : Untagging socket 85 failed errno=-22
07-16 08:36:49.015   291 19676 W NetworkManagementSocketTagger: untagSocket(85) failed with errno -22
07-16 08:36:49.019   144   201 D ConnectivityService: handleInetConditionChange: net=0 != default=1 - ignore
07-16 08:36:50.312 12903 12906 D dalvikvm: GC_CONCURRENT freed 768K, 10% free 11090K/12231K, paused 3ms+3ms
07-16 08:36:50.413  1351  1353 D dalvikvm: GC_CONCURRENT freed 546K, 8% free 10338K/11207K, paused 2ms+3ms
07-16 08:36:50.679 12903 19404 D dalvikvm: GC_FOR_ALLOC freed 405K, 9% free 11164K/12231K, paused 31ms
07-16 08:36:50.925   346   346 D SAN_SERVICE: *******************************************
07-16 08:36:50.925   346   346 D SAN_SERVICE: DM App Phone Service State - 0
07-16 08:36:50.925   346   346 D SAN_SERVICE: *******************************************
07-16 08:36:51.370   346   346 D SAN_SERVICE: *******************************************
07-16 08:36:51.370   346   346 D SAN_SERVICE: DM App Phone Service State - 0
07-16 08:36:51.370   346   346 D SAN_SERVICE: *******************************************
07-16 08:36:51.425   144   205 D Tethering: MasterInitialState.processMessage what=3
07-16 08:36:51.480   291   291 I GTalkService/c: [AndroidEndpoint@1094321424] connect: acct=1000000, state=CONNECTING
07-16 08:36:51.488   291   291 I GTalkService/c: [GTalkConnection@1094939328] connect: acct=1, state=CONNECTING
07-16 08:36:51.570 19547 19547 I MediaUploader: No need to wake up
07-16 08:36:51.671   144   205 D Tethering: MasterInitialState.processMessage what=3
07-16 08:36:51.710   144   205 D Tethering: MasterInitialState.processMessage what=3
07-16 08:36:51.722 19222 19568 D PicasaSyncManager: active network: NetworkInfo: type: WIFI[], state: CONNECTED/CONNECTED, reason: (unspecified), extra: (none), roaming: false, failover: false, isAvailable: true
07-16 08:36:51.726 19222 19568 D PicasaSyncManager: background data: true
07-16 08:36:51.753   144   146 D dalvikvm: GC_CONCURRENT freed 1967K, 15% free 16862K/19719K, paused 2ms+10ms
07-16 08:36:51.812 19628 19628 W ContextScopeImpl: thread=1 tried to enter the scope of the application context. Ignored.
07-16 08:36:51.839 19547 19547 I MediaUploader: No need to wake up
07-16 08:36:51.952 19628 19628 W ContextScopeImpl: thread=1 tried to enter the scope of the application context. Ignored.
07-16 08:36:51.980 19547 19547 I MediaUploader: No need to wake up
07-16 08:36:52.074 19628 19628 W ContextScopeImpl: thread=1 tried to enter the scope of the application context. Ignored.
07-16 08:36:52.152 19222 19568 D PicasaSyncManager: active network: NetworkInfo: type: WIFI[], state: CONNECTED/CONNECTED, reason: (unspecified), extra: (none), roaming: false, failover: false, isAvailable: true
07-16 08:36:52.152 19222 19568 D PicasaSyncManager: background data: true
07-16 08:36:52.249 19237 19240 D dalvikvm: GC_CONCURRENT freed 292K, 5% free 9307K/9735K, paused 4ms+3ms
07-16 08:36:52.378   291   944 D dalvikvm: GC_EXPLICIT freed 520K, 7% free 10739K/11527K, paused 2ms+5ms
07-16 08:36:52.464  1351  1353 D dalvikvm: GC_CONCURRENT freed 514K, 8% free 10335K/11207K, paused 2ms+3ms
07-16 08:36:53.402   144   155 D dalvikvm: GC_EXPLICIT freed 458K, 15% free 16772K/19719K, paused 3ms+8ms
07-16 08:36:53.636 18454 20273 D dalvikvm: GC_FOR_ALLOC freed 372K, 13% free 9653K/11079K, paused 51ms
07-16 08:36:53.652 18454 20273 D dalvikvm: GC_FOR_ALLOC freed 301K, 13% free 9653K/11079K, paused 13ms
07-16 08:36:53.667 18454 20273 D dalvikvm: GC_FOR_ALLOC freed 301K, 13% free 9654K/11079K, paused 15ms
07-16 08:36:54.374  1351  1353 D dalvikvm: GC_CONCURRENT freed 524K, 8% free 10322K/11207K, paused 2ms+2ms
07-16 08:36:56.347  1351  1353 D dalvikvm: GC_CONCURRENT freed 502K, 8% free 10330K/11207K, paused 1ms+3ms
07-16 08:36:57.452   215   217 D dalvikvm: GC_CONCURRENT freed 169K, 27% free 10398K/14215K, paused 2ms+3ms
07-16 08:36:57.628   215   217 D dalvikvm: GC_CONCURRENT freed 560K, 29% free 10233K/14215K, paused 2ms+3ms
07-16 08:36:57.660  1351  1353 D dalvikvm: GC_CONCURRENT freed 423K, 9% free 10304K/11207K, paused 2ms+2ms
07-16 08:36:59.402   144 12390 W ActivityManager: finishReceiver called but no pending broadcasts
07-16 08:36:59.456  1351  1353 D dalvikvm: GC_CONCURRENT freed 439K, 8% free 10376K/11207K, paused 2ms+3ms
07-16 08:36:59.538 12903 12906 D dalvikvm: GC_CONCURRENT freed 733K, 10% free 11084K/12231K, paused 2ms+2ms
07-16 08:36:59.593   215   215 D dalvikvm: GC_FOR_ALLOC freed 468K, 29% free 10132K/14215K, paused 17ms
07-16 08:36:59.656   215   217 D dalvikvm: GC_CONCURRENT freed 446K, 29% free 10128K/14215K, paused 2ms+2ms
07-16 08:37:00.456   215   217 D dalvikvm: GC_CONCURRENT freed 395K, 29% free 10170K/14215K, paused 12ms+2ms
07-16 08:37:04.062 18454 20273 W System.err: java.net.SocketTimeoutException
07-16 08:37:04.097 18454 20273 W System.err: 	at java.net.PlainSocketImpl.read(PlainSocketImpl.java:491)
07-16 08:37:04.097 18454 20273 W System.err: 	at java.net.PlainSocketImpl.access$000(PlainSocketImpl.java:46)
07-16 08:37:04.101 18454 20273 W System.err: 	at java.net.PlainSocketImpl$PlainSocketInputStream.read(PlainSocketImpl.java:240)
07-16 08:37:04.105 18454 20273 W System.err: 	at org.apache.http.impl.io.AbstractSessionInputBuffer.fillBuffer(AbstractSessionInputBuffer.java:103)
07-16 08:37:04.109 18454 20273 W System.err: 	at org.apache.http.impl.io.AbstractSessionInputBuffer.readLine(AbstractSessionInputBuffer.java:191)
07-16 08:37:04.113 18454 20273 W System.err: 	at org.apache.http.impl.conn.DefaultResponseParser.parseHead(DefaultResponseParser.java:82)
07-16 08:37:04.117 18454 20273 W System.err: 	at org.apache.http.impl.io.AbstractMessageParser.parse(AbstractMessageParser.java:174)
07-16 08:37:04.120 18454 20273 W System.err: 	at org.apache.http.impl.AbstractHttpClientConnection.receiveResponseHeader(AbstractHttpClientConnection.java:180)
07-16 08:37:04.120 18454 20273 W System.err: 	at org.apache.http.impl.conn.DefaultClientConnection.receiveResponseHeader(DefaultClientConnection.java:235)
07-16 08:37:04.124 18454 20273 W System.err: 	at org.apache.http.impl.conn.AbstractClientConnAdapter.receiveResponseHeader(AbstractClientConnAdapter.java:259)
07-16 08:37:04.132 18454 20273 W System.err: 	at org.apache.http.protocol.HttpRequestExecutor.doReceiveResponse(HttpRequestExecutor.java:279)
07-16 08:37:04.132 18454 20273 W System.err: 	at org.apache.http.protocol.HttpRequestExecutor.execute(HttpRequestExecutor.java:121)
07-16 08:37:04.132 18454 20273 W System.err: 	at org.apache.http.impl.client.DefaultRequestDirector.execute(DefaultRequestDirector.java:428)
07-16 08:37:04.132 18454 20273 W System.err: 	at org.apache.http.impl.client.AbstractHttpClient.execute(AbstractHttpClient.java:555)
07-16 08:37:04.132 18454 20273 W System.err: 	at org.apache.http.impl.client.AbstractHttpClient.execute(AbstractHttpClient.java:487)
07-16 08:37:04.132 18454 20273 W System.err: 	at com.loopj.android.http.AsyncHttpRequest.makeRequest(Unknown Source)
07-16 08:37:04.132 18454 20273 W System.err: 	at com.loopj.android.http.AsyncHttpRequest.makeRequestWithRetries(Unknown Source)
07-16 08:37:04.132 18454 20273 W System.err: 	at com.loopj.android.http.AsyncHttpRequest.run(Unknown Source)
07-16 08:37:04.136 18454 20273 W System.err: 	at java.util.concurrent.Executors$RunnableAdapter.call(Executors.java:442)
07-16 08:37:04.136 18454 20273 W System.err: 	at java.util.concurrent.FutureTask$Sync.innerRun(FutureTask.java:305)
07-16 08:37:04.136 18454 20273 W System.err: 	at java.util.concurrent.FutureTask.run(FutureTask.java:137)
07-16 08:37:04.136 18454 20273 W System.err: 	at java.util.concurrent.ThreadPoolExecutor.runWorker(ThreadPoolExecutor.java:1076)
07-16 08:37:04.136 18454 20273 W System.err: 	at java.util.concurrent.ThreadPoolExecutor$Worker.run(ThreadPoolExecutor.java:569)
07-16 08:37:04.136 18454 20273 W System.err: 	at java.lang.Thread.run(Thread.java:856)
07-16 08:37:04.136 18454 20273 W System.err: java.net.SocketTimeoutException
07-16 08:37:04.136 18454 20273 W System.err: 	at java.net.PlainSocketImpl.read(PlainSocketImpl.java:491)
07-16 08:37:04.136 18454 20273 W System.err: 	at java.net.PlainSocketImpl.access$000(PlainSocketImpl.java:46)
07-16 08:37:04.136 18454 20273 W System.err: 	at java.net.PlainSocketImpl$PlainSocketInputStream.read(PlainSocketImpl.java:240)
07-16 08:37:04.140 18454 20273 W System.err: 	at org.apache.http.impl.io.AbstractSessionInputBuffer.fillBuffer(AbstractSessionInputBuffer.java:103)
07-16 08:37:04.140 18454 20273 W System.err: 	at org.apache.http.impl.io.AbstractSessionInputBuffer.readLine(AbstractSessionInputBuffer.java:191)
07-16 08:37:04.140 18454 20273 W System.err: 	at org.apache.http.impl.conn.DefaultResponseParser.parseHead(DefaultResponseParser.java:82)
07-16 08:37:04.140 18454 20273 W System.err: 	at org.apache.http.impl.io.AbstractMessageParser.parse(AbstractMessageParser.java:174)
07-16 08:37:04.140 18454 20273 W System.err: 	at org.apache.http.impl.AbstractHttpClientConnection.receiveResponseHeader(AbstractHttpClientConnection.java:180)
07-16 08:37:04.140 18454 20273 W System.err: 	at org.apache.http.impl.conn.DefaultClientConnection.receiveResponseHeader(DefaultClientConnection.java:235)
07-16 08:37:04.140 18454 20273 W System.err: 	at org.apache.http.impl.conn.AbstractClientConnAdapter.receiveResponseHeader(AbstractClientConnAdapter.java:259)
07-16 08:37:04.140 18454 20273 W System.err: 	at org.apache.http.protocol.HttpRequestExecutor.doReceiveResponse(HttpRequestExecutor.java:279)
07-16 08:37:04.140 18454 20273 W System.err: 	at org.apache.http.protocol.HttpRequestExecutor.execute(HttpRequestExecutor.java:121)
07-16 08:37:04.140 18454 20273 W System.err: 	at org.apache.http.impl.client.DefaultRequestDirector.execute(DefaultRequestDirector.java:428)
07-16 08:37:04.140 18454 20273 W System.err: 	at org.apache.http.impl.client.AbstractHttpClient.execute(AbstractHttpClient.java:555)
07-16 08:37:04.140 18454 20273 W System.err: 	at org.apache.http.impl.client.AbstractHttpClient.execute(AbstractHttpClient.java:487)
07-16 08:37:04.140 18454 20273 W System.err: 	at com.loopj.android.http.AsyncHttpRequest.makeRequest(Unknown Source)
07-16 08:37:04.140 18454 20273 W System.err: 	at com.loopj.android.http.AsyncHttpRequest.makeRequestWithRetries(Unknown Source)
07-16 08:37:04.144 18454 20273 W System.err: 	at com.loopj.android.http.AsyncHttpRequest.run(Unknown Source)
07-16 08:37:04.144 18454 20273 W System.err: 	at java.util.concurrent.Executors$RunnableAdapter.call(Executors.java:442)
07-16 08:37:04.144 18454 20273 W System.err: 	at java.util.concurrent.FutureTask$Sync.innerRun(FutureTask.java:305)
07-16 08:37:04.144 18454 20273 W System.err: 	at java.util.concurrent.FutureTask.run(FutureTask.java:137)
07-16 08:37:04.144 18454 20273 W System.err: 	at java.util.concurrent.ThreadPoolExecutor.runWorker(ThreadPoolExecutor.java:1076)
07-16 08:37:04.144 18454 20273 W System.err: 	at java.util.concurrent.ThreadPoolExecutor$Worker.run(ThreadPoolExecutor.java:569)
07-16 08:37:04.144 18454 20273 W System.err: 	at java.lang.Thread.run(Thread.java:856)
07-16 08:37:04.144 18454 18454 E PhoneLab-: Transfering 1342442029289.log failed
07-16 08:37:04.144 18454 18454 I PhoneLab-Locks: wake lock released
07-16 08:37:19.695  6108  6108 D dalvikvm: GC_EXPLICIT freed 421K, 7% free 10873K/11591K, paused 9ms+4ms
07-16 08:37:19.925   275   275 I wpa_supplicant: wlan0: CTRL-EVENT-DISCONNECTED bssid=00:1a:1e:6b:66:b0 reason=0
07-16 08:37:19.929    75   117 D CommandListener: Clearing all IP addresses on wlan0
07-16 08:37:20.003   144   201 D ConnectivityService: ConnectivityChange for WIFI: DISCONNECTED/DISCONNECTED
07-16 08:37:20.019   144   201 D ConnectivityService: Attempting to switch to mobile
07-16 08:37:20.019   144   201 D ConnectivityService: Attempting to switch to WIMAX
07-16 08:37:20.019   144   201 D ConnectivityService: Attempting to switch to BLUETOOTH_TETHER
07-16 08:37:20.038   144   201 E ConnectivityService: Exception trying to remove a route: java.lang.IllegalStateException: Unable to communicate with native dameon to add routes - com.android.server.NativeDaemonConnectorException: Cmd {interface route remove wlan0 default 10.3.1.1 32 0.0.0.0} failed with code 400 : {Failed to remove route from default table (No such process)}
07-16 08:37:20.046   144   201 E ConnectivityService: Exception trying to remove a route: java.lang.IllegalStateException: Unable to communicate with native dameon to add routes - com.android.server.NativeDaemonConnectorException: Cmd {interface route remove wlan0 default 0.0.0.0 0 10.3.1.1} failed with code 400 : {Failed to remove route from default table (No such process)}
07-16 08:37:20.046   144   201 D ConnectivityService: resetConnections(wlan0, 3)
07-16 08:37:20.050   144   201 D NetUtils: android_net_utils_resetConnections in env=0x1d93420 clazz=0x54f00001 iface=wlan0 mask=0x3
07-16 08:37:20.160   291   912 E GTalkService: connectionClosed: no XMPPConnection - That's strange!
07-16 08:37:20.222   215   217 D dalvikvm: GC_CONCURRENT freed 621K, 30% free 10011K/14215K, paused 2ms+2ms
07-16 08:37:20.230   144   201 D ConnectivityService: handleInetConditionChange: no active default network - ignore
07-16 08:37:20.394   291   912 E GTalkService: connectionClosed: no XMPPConnection - That's strange!
07-16 08:37:23.113   144   205 D Tethering: MasterInitialState.processMessage what=3
07-16 08:37:23.183 19547 19547 I MediaUploader: No need to wake up
07-16 08:37:23.187 18454 18454 I PhoneLab-WiFiReceiver: Wi-Fi is disconnected!
07-16 08:37:23.242 19222 19568 D PicasaSyncManager: active network: null
07-16 08:37:23.242 19222 19568 D PicasaSyncManager: background data: true
07-16 08:37:26.960   346   346 D SAN_SERVICE: *******************************************
07-16 08:37:26.960   346   346 D SAN_SERVICE: DM App Phone Service State - 0
07-16 08:37:26.960   346   346 D SAN_SERVICE: *******************************************
07-16 08:37:27.464   346   346 D SAN_SERVICE: *******************************************
07-16 08:37:27.464   346   346 D SAN_SERVICE: DM App Phone Service State - 0
07-16 08:37:27.464   346   346 D SAN_SERVICE: *******************************************
07-16 08:37:27.480   144   201 D ConnectivityService: ConnectivityChange for mobile: CONNECTED/CONNECTED
07-16 08:37:27.574   144   197 D NetworkPolicy: applying policy NetworkPolicy[NetworkTemplate: matchRule=MOBILE_ALL, subscriberId=valid]: cycleDay=20, warningBytes=2147483648, limitBytes=-1, lastSnooze=-1 to ifaces [rmnet0]
07-16 08:37:28.484   144   201 D ConnectivityService: NetTransition Wakelock for WifiStateMachine released by timeout
07-16 08:37:29.538   291   291 I GTalkService/c: [AndroidEndpoint@1094321424] connect: acct=1000000, state=CONNECTING
07-16 08:37:29.554   291   291 I GTalkService/c: [GTalkConnection@1094939328] connect: acct=1, state=CONNECTING
07-16 08:37:30.519   144   205 D Tethering: MasterInitialState.processMessage what=3
07-16 08:37:30.593 19547 19547 I MediaUploader: No need to wake up
07-16 08:37:30.644 19222 19568 D PicasaSyncManager: active network: NetworkInfo: type: mobile[CDMA - EvDo rev. A], state: CONNECTED/CONNECTED, reason: (unspecified), extra: , roaming: false, failover: true, isAvailable: true
07-16 08:37:30.644 19222 19568 D PicasaSyncManager: background data: true
07-16 08:37:30.663 19628 19628 W ContextScopeImpl: thread=1 tried to enter the scope of the application context. Ignored.
07-16 08:37:30.742   291   294 D dalvikvm: GC_CONCURRENT freed 507K, 8% free 10704K/11527K, paused 11ms+4ms
07-16 08:37:31.406   144   146 D dalvikvm: GC_CONCURRENT freed 1683K, 15% free 16905K/19719K, paused 2ms+9ms
07-16 08:37:31.945   144   201 D ConnectivityService: handleInetConditionHoldEnd: net=0, condition=100, published condition=0
07-16 08:37:31.952   346   346 D SAN_SERVICE: *******************************************
07-16 08:37:31.952   346   346 D SAN_SERVICE: DM App Phone Service State - 0
07-16 08:37:31.952   346   346 D SAN_SERVICE: *******************************************
07-16 08:37:32.445   346   346 D SAN_SERVICE: *******************************************
07-16 08:37:32.445   346   346 D SAN_SERVICE: DM App Phone Service State - 0
07-16 08:37:32.445   346   346 D SAN_SERVICE: *******************************************
07-16 08:37:48.125   144 14192 D dalvikvm: GC_EXPLICIT freed 346K, 16% free 16693K/19719K, paused 3ms+6ms
07-16 08:38:19.671 19508 19510 D dalvikvm: GC_CONCURRENT freed 375K, 7% free 9888K/10567K, paused 2ms+2ms
07-16 08:38:20.531 19713 19716 D dalvikvm: GC_CONCURRENT freed 479K, 6% free 11299K/11911K, paused 2ms+3ms
07-16 08:38:23.046 18454 18467 I PhoneLab-: Service Running
07-16 08:38:23.140 18454 18467 I PhoneLab-LoggerService: app_37    1395  1     1432   996   c00f181c 400107b4 S logcat
07-16 08:38:23.144 18454 18467 I PhoneLab-LoggerService: Logcat pid from database 1395
07-16 08:38:23.144 18454 18467 I PhoneLab-LoggerService: Logcat process found 1395
07-16 08:38:23.144 18454 18467 I PhoneLab-LoggerService: Checking Threshold
07-16 08:38:23.144 18454 18467 I PhoneLab-LoggerService: Starting to rename files
07-16 08:38:23.144 18454 18467 I PhoneLab-LoggerService: Files found .. 2
07-16 08:38:23.148 18454 18456 D dalvikvm: GC_CONCURRENT freed 919K, 18% free 9143K/11079K, paused 2ms+2ms
07-16 08:38:48.371  1351  1353 D dalvikvm: GC_CONCURRENT freed 521K, 8% free 10363K/11207K, paused 1ms+3ms
07-16 08:38:50.211 12903 12906 D dalvikvm: GC_CONCURRENT freed 1003K, 13% free 10686K/12231K, paused 14ms+6ms
07-16 08:38:50.820 12903 12924 I y       : Not returning location for the following outliers: [164867839408]
07-16 08:39:48.964 12903 12906 D dalvikvm: GC_CONCURRENT freed 571K, 13% free 10672K/12231K, paused 2ms+2ms
07-16 08:39:49.054  1351  1353 D dalvikvm: GC_CONCURRENT freed 547K, 8% free 10328K/11207K, paused 2ms+2ms
07-16 08:41:48.019 20230 20345 D GetStringObjTask: retrieving from url = http://www.chess.com/api/get_move_status?id=5HHjW9WUGa%2Bcu1LUwnVJPxTIWxmEve4VdkRnRyg7b5Ch69JH2Z5aB%2B7eGuFw8K2uFx47KFsdE3JRdR3Mzv0PkZOj6eZ8N73BvxmEERrzXjMNRo80rkLyJAUTh0iqof4n
07-16 08:41:49.074 20230 20345 D GetStringObjTask: WebRequest SERVER RESPONSE: Success+0
07-16 08:41:49.109  1351  1353 D dalvikvm: GC_CONCURRENT freed 513K, 8% free 10325K/11207K, paused 1ms+2ms
07-16 08:42:06.019   144   174 I ActivityManager: Start proc com.google.android.gm for service com.google.android.gm/.provider.MailIndexerService: pid=20349 uid=10075 gids={3003, 1015}
07-16 08:42:06.191 20349 20349 I ActivityThread: Pub gmail-ls: com.google.android.gm.provider.MailProvider
07-16 08:42:06.242 20349 20349 I ActivityThread: Pub com.google.android.gm: com.google.android.gm.provider.PublicContentProvider
07-16 08:42:06.269 20349 20349 I ActivityThread: Pub com.google.android.gmail.SuggestionProvider: com.google.android.gm.SuggestionsProvider
07-16 08:42:06.437 20349 20351 D dalvikvm: GC_CONCURRENT freed 211K, 4% free 9256K/9543K, paused 2ms+2ms
07-16 08:42:06.992 19222 20368 I SqliteDatabaseCpp: sqlite returned: error code = 1, msg = no such column: wipeout_stats, db=/data/data/com.google.android.apps.plus/databases/iu.upload.db
07-16 08:42:06.996 19222 20368 W System.err: android.database.sqlite.SQLiteException: no such column: wipeout_stats: , while compiling: SELECT wipeout_stats  FROM account_status
07-16 08:42:07.004 19222 20368 W System.err: 	at android.database.sqlite.SQLiteCompiledSql.native_compile(Native Method)
07-16 08:42:07.004 19222 20368 W System.err: 	at android.database.sqlite.SQLiteCompiledSql.<init>(SQLiteCompiledSql.java:68)
07-16 08:42:07.004 19222 20368 W System.err: 	at android.database.sqlite.SQLiteProgram.compileSql(SQLiteProgram.java:143)
07-16 08:42:07.004 19222 20368 W System.err: 	at android.database.sqlite.SQLiteProgram.compileAndbindAllArgs(SQLiteProgram.java:361)
07-16 08:42:07.007 19222 20368 W System.err: 	at android.database.sqlite.SQLiteStatement.acquireAndLock(SQLiteStatement.java:260)
07-16 08:42:07.007 19222 20368 W System.err: 	at android.database.sqlite.SQLiteStatement.simpleQueryForLong(SQLiteStatement.java:137)
07-16 08:42:07.007 19222 20368 W System.err: 	at android.database.DatabaseUtils.longForQuery(DatabaseUtils.java:791)
07-16 08:42:07.007 19222 20368 W System.err: 	at android.database.DatabaseUtils.longForQuery(DatabaseUtils.java:779)
07-16 08:42:07.007 19222 20368 W System.err: 	at com.google.android.apps.plus.content.EsAccountsData.isContactsStatsWipeoutNeeded(EsAccountsData.java:641)
07-16 08:42:07.007 19222 20368 W System.err: 	at com.google.android.apps.plus.service.EsService.processIntent(EsService.java:4246)
07-16 08:42:07.007 19222 20368 W System.err: 	at com.google.android.apps.plus.service.ServiceThread$1.run(ServiceThread.java:50)
07-16 08:42:07.007 19222 20368 W System.err: 	at android.os.Handler.handleCallback(Handler.java:605)
07-16 08:42:07.007 19222 20368 W System.err: 	at android.os.Handler.dispatchMessage(Handler.java:92)
07-16 08:42:07.007 19222 20368 W System.err: 	at android.os.Looper.loop(Looper.java:137)
07-16 08:42:07.007 19222 20368 W System.err: 	at com.google.android.apps.plus.service.ServiceThread.run(ServiceThread.java:122)
07-16 08:42:07.269 20349 20366 I Gmail   : calculateUnknownSyncRationalesAndPurgeInBackground: queueing
07-16 08:42:07.285 20349 20366 I Gmail   : calculateUnknownSyncRationalesAndPurgeInBackground: queueing
07-16 08:42:07.312 19222 19223 D dalvikvm: GC_CONCURRENT freed 1077K, 9% free 12816K/14023K, paused 2ms+4ms
07-16 08:42:07.543 20349 20366 I Gmail   : calculateUnknownSyncRationalesAndPurgeInBackground: running
07-16 08:42:07.550 20349 20366 I Gmail   : calculateUnknownSyncRationalesAndPurgeInBackground: running
07-16 08:42:08.160   346   348 D dalvikvm: GC_CONCURRENT freed 366K, 6% free 9481K/10055K, paused 20ms+2ms
07-16 08:42:12.457 19222 19223 D dalvikvm: GC_CONCURRENT freed 1086K, 9% free 12947K/14151K, paused 18ms+3ms
07-16 08:42:13.488 19222 20369 E dalvikvm: Could not find class 'android.app.Notification$InboxStyle', referenced from method com.google.android.apps.plus.service.AndroidNotification.createDigestNotification
07-16 08:42:13.488 19222 20369 W dalvikvm: VFY: unable to resolve new-instance 41 (Landroid/app/Notification$InboxStyle;) in Lcom/google/android/apps/plus/service/AndroidNotification;
07-16 08:42:13.488 19222 20369 D dalvikvm: VFY: replacing opcode 0x22 at 0x0018
07-16 08:42:13.492 19222 20369 I dalvikvm: Could not find method android.app.Notification$Builder.setPriority, referenced from method com.google.android.apps.plus.service.AndroidNotification.createRichNotification
07-16 08:42:13.492 19222 20369 W dalvikvm: VFY: unable to resolve virtual method 162: Landroid/app/Notification$Builder;.setPriority (I)Landroid/app/Notification$Builder;
07-16 08:42:13.492 19222 20369 D dalvikvm: VFY: replacing opcode 0x6e at 0x00d5
07-16 08:42:13.500 19222 20369 D dalvikvm: DexOpt: unable to opt direct call 0x00a8 at 0x1a in Lcom/google/android/apps/plus/service/AndroidNotification;.createDigestNotification
07-16 08:42:13.500 19222 20369 D dalvikvm: DexOpt: unable to opt direct call 0x0091 at 0xf1 in Lcom/google/android/apps/plus/service/AndroidNotification;.createRichNotification
07-16 08:42:13.500 19222 20369 D dalvikvm: DexOpt: unable to opt direct call 0x0095 at 0x397 in Lcom/google/android/apps/plus/service/AndroidNotification;.createRichNotification
07-16 08:42:18.000 19222 19223 D dalvikvm: GC_CONCURRENT freed 1113K, 9% free 13032K/14279K, paused 3ms+3ms
07-16 08:42:18.332 19222 19223 D dalvikvm: GC_CONCURRENT freed 1109K, 9% free 13162K/14407K, paused 2ms+3ms
07-16 08:42:21.843 19222 19223 D dalvikvm: GC_CONCURRENT freed 1151K, 9% free 13331K/14599K, paused 2ms+3ms
07-16 08:42:21.957 19222 20374 D dalvikvm: GC_EXPLICIT freed 296K, 9% free 13290K/14599K, paused 2ms+3ms
07-16 08:42:22.019 18943 18945 D dalvikvm: GC_CONCURRENT freed 378K, 7% free 9545K/10183K, paused 7ms+3ms
07-16 08:42:22.351 18943 18989 D dalvikvm: GC_EXPLICIT freed 177K, 7% free 9499K/10183K, paused 1ms+3ms
07-16 08:42:22.855   144 14994 D dalvikvm: GC_EXPLICIT freed 928K, 15% free 16781K/19719K, paused 3ms+8ms
07-16 08:42:23.347 19508 19510 D dalvikvm: GC_CONCURRENT freed 355K, 6% free 9943K/10567K, paused 4ms+3ms
07-16 08:42:23.425 19222 20369 D dalvikvm: GC_FOR_ALLOC freed 370K, 7% free 13589K/14599K, paused 54ms
07-16 08:42:23.472 19222 20369 D dalvikvm: GC_FOR_ALLOC freed 350K, 10% free 13580K/14983K, paused 42ms
07-16 08:42:23.472 19222 20369 I dalvikvm-heap: Grow heap (frag case) to 13.669MB for 349947-byte allocation
07-16 08:42:23.511 19222 20369 D dalvikvm: GC_FOR_ALLOC freed 0K, 10% free 13921K/15367K, paused 39ms
07-16 08:42:24.566 19222 19223 D dalvikvm: GC_CONCURRENT freed 1057K, 8% free 14431K/15623K, paused 2ms+3ms
07-16 08:42:26.734 19222 19223 D dalvikvm: GC_CONCURRENT freed 1703K, 12% free 14423K/16263K, paused 2ms+2ms
07-16 08:42:29.699 19508 19510 D dalvikvm: GC_CONCURRENT freed 398K, 6% free 9959K/10567K, paused 2ms+3ms
07-16 08:42:29.914 19222 20369 I SqliteDatabaseCpp: sqlite returned: error code = 1, msg = no such column: last_stats_sync_time, db=/data/data/com.google.android.apps.plus/databases/iu.upload.db
07-16 08:42:29.918 19222 20369 E EsSyncAdapterService: Sync failure
07-16 08:42:29.918 19222 20369 E EsSyncAdapterService: android.database.sqlite.SQLiteException: no such column: last_stats_sync_time: , while compiling: SELECT last_stats_sync_time  FROM account_status
07-16 08:42:29.918 19222 20369 E EsSyncAdapterService: 	at android.database.sqlite.SQLiteCompiledSql.native_compile(Native Method)
07-16 08:42:29.918 19222 20369 E EsSyncAdapterService: 	at android.database.sqlite.SQLiteCompiledSql.<init>(SQLiteCompiledSql.java:68)
07-16 08:42:29.918 19222 20369 E EsSyncAdapterService: 	at android.database.sqlite.SQLiteProgram.compileSql(SQLiteProgram.java:143)
07-16 08:42:29.918 19222 20369 E EsSyncAdapterService: 	at android.database.sqlite.SQLiteProgram.compileAndbindAllArgs(SQLiteProgram.java:361)
07-16 08:42:29.918 19222 20369 E EsSyncAdapterService: 	at android.database.sqlite.SQLiteStatement.acquireAndLock(SQLiteStatement.java:260)
07-16 08:42:29.918 19222 20369 E EsSyncAdapterService: 	at android.database.sqlite.SQLiteStatement.simpleQueryForLong(SQLiteStatement.java:137)
07-16 08:42:29.918 19222 20369 E EsSyncAdapterService: 	at android.database.DatabaseUtils.longForQuery(DatabaseUtils.java:791)
07-16 08:42:29.918 19222 20369 E EsSyncAdapterService: 	at android.database.DatabaseUtils.longForQuery(DatabaseUtils.java:779)
07-16 08:42:29.918 19222 20369 E EsSyncAdapterService: 	at com.google.android.apps.plus.content.EsAccountsData.queryLastStatsSyncTimestamp(EsAccountsData.java:570)
07-16 08:42:29.918 19222 20369 E EsSyncAdapterService: 	at com.google.android.apps.plus.service.EsSyncAdapterService.syncContactsStatsIfNecessary(EsSyncAdapterService.java:670)
07-16 08:42:29.918 19222 20369 E EsSyncAdapterService: 	at com.google.android.apps.plus.service.EsSyncAdapterService.doFullSync(EsSyncAdapterService.java:633)
07-16 08:42:29.918 19222 20369 E EsSyncAdapterService: 	at com.google.android.apps.plus.service.EsSyncAdapterService.doSync(EsSyncAdapterService.java:566)
07-16 08:42:29.918 19222 20369 E EsSyncAdapterService: 	at com.google.android.apps.plus.service.EsSyncAdapterService.access$100(EsSyncAdapterService.java:52)
07-16 08:42:29.918 19222 20369 E EsSyncAdapterService: 	at com.google.android.apps.plus.service.EsSyncAdapterService$SyncAdapterImpl.onPerformSync(EsSyncAdapterService.java:408)
07-16 08:42:29.918 19222 20369 E EsSyncAdapterService: 	at android.content.AbstractThreadedSyncAdapter$SyncThread.run(AbstractThreadedSyncAdapter.java:247)
07-16 08:42:29.937   144   169 D SyncManager: failed sync operation lokeshmandvekar@gmail.com (com.google), com.google.android.apps.plus.content.EsProvider, SERVER, earliestRunTime 59400457, SyncResult: stats [ numParseExceptions: 1]
07-16 08:42:29.937   144   169 D SyncManager: not retrying sync operation because the error is a hard error: lokeshmandvekar@gmail.com (com.google), com.google.android.apps.plus.content.EsProvider, SERVER, earliestRunTime 59423403
07-16 08:42:47.027   144   155 I ActivityManager: No longer want com.android.deskclock (pid 19463): hidden #16
07-16 08:42:47.211 19222 19223 D dalvikvm: GC_CONCURRENT freed 2910K, 19% free 13246K/16263K, paused 2ms+3ms
07-16 08:42:47.297 18943 18945 D dalvikvm: GC_CONCURRENT freed 332K, 7% free 9555K/10183K, paused 2ms+3ms
07-16 08:42:53.375 18943 18945 D dalvikvm: GC_CONCURRENT freed 382K, 7% free 9559K/10183K, paused 2ms+3ms
07-16 08:42:56.132 19508 19510 D dalvikvm: GC_CONCURRENT freed 397K, 6% free 9950K/10567K, paused 2ms+3ms
07-16 08:43:36.195   144  1167 D dalvikvm: GC_EXPLICIT freed 628K, 16% free 16703K/19719K, paused 6ms+6ms
07-16 08:43:38.035 19713 19716 D dalvikvm: GC_CONCURRENT freed 607K, 7% free 11362K/12103K, paused 3ms+6ms
07-16 08:43:48.625  1351  1353 D dalvikvm: GC_CONCURRENT freed 485K, 8% free 10351K/11207K, paused 2ms+18ms
07-16 08:43:48.652 12903 12906 D dalvikvm: GC_CONCURRENT freed 521K, 13% free 10696K/12231K, paused 2ms+3ms
07-16 08:43:51.918   346   346 D SAN_SERVICE: *******************************************
07-16 08:43:51.918   346   346 D SAN_SERVICE: DM App Phone Service State - 0
07-16 08:43:51.918   346   346 D SAN_SERVICE: *******************************************
07-16 08:43:54.234 18454 18467 I PhoneLab-: Service Running
07-16 08:43:54.320 18454 18467 I PhoneLab-LoggerService: app_37    1395  1     1432   996   c00f181c 400107b4 S logcat
07-16 08:43:54.320 18454 18467 I PhoneLab-LoggerService: Logcat pid from database 1395
07-16 08:43:54.320 18454 18467 I PhoneLab-LoggerService: Logcat process found 1395
07-16 08:43:54.320 18454 18467 I PhoneLab-LoggerService: Checking Threshold
07-16 08:43:54.324 18454 18467 I PhoneLab-LoggerService: Starting to rename files
07-16 08:43:54.324 18454 18467 I PhoneLab-LoggerService: Files found .. 2
07-16 08:43:54.324 18454 18467 I PhoneLab-: Service Running
07-16 08:43:54.351 18454 18467 I PhoneLab-LoggerService: app_37    1395  1     1432   996   c00f181c 400107b4 S logcat
07-16 08:43:54.351 18454 18467 I PhoneLab-LoggerService: Logcat pid from database 1395
07-16 08:43:54.351 18454 18467 I PhoneLab-LoggerService: Logcat process found 1395
07-16 08:43:54.351 18454 18467 I PhoneLab-LoggerService: Checking Threshold
07-16 08:43:54.351 18454 18467 I PhoneLab-LoggerService: Starting to rename files
07-16 08:43:54.351 18454 18467 I PhoneLab-LoggerService: Files found .. 2
07-16 08:43:54.355 18454 18467 I PhoneLab-: Service Running
07-16 08:43:54.382 18454 18467 I PhoneLab-LoggerService: app_37    1395  1     1432   996   c00f181c 400107b4 S logcat
07-16 08:43:54.382 18454 18467 I PhoneLab-LoggerService: Logcat pid from database 1395
07-16 08:43:54.382 18454 18467 I PhoneLab-LoggerService: Logcat process found 1395
07-16 08:43:54.382 18454 18467 I PhoneLab-LoggerService: Checking Threshold
07-16 08:43:54.382 18454 18467 I PhoneLab-LoggerService: Starting to rename files
07-16 08:43:54.386 18454 18467 I PhoneLab-LoggerService: Files found .. 2
07-16 08:44:21.925 18454 18454 I PhoneLab-Locks: wake lock acquired
07-16 08:44:21.957 18454 20397 I PhoneLab-PeriodicCheckService: User info is synched
07-16 08:44:21.961 18454 20397 I PhoneLab-PeriodicCheckService: Logger Service is running
07-16 08:44:21.964 18454 18454 I PhoneLab-Locks: wake lock acquired
07-16 08:44:21.968 18454 18454 I PhoneLab-StatusMonitor: Status Monitoring is started
07-16 08:44:21.968 18454 20397 I PhoneLab-Locks: wake lock acquired
07-16 08:44:21.972 18454 20397 I PhoneLab-PeriodicCheckService: Rescheduling periodic checking...
07-16 08:44:21.972 18454 20397 I PhoneLab-Locks: wake lock released
07-16 08:44:21.988 18454 18454 E PhoneLab-PhoneLabManifest: java.io.FileNotFoundException: /data/data/edu.buffalo.cse.phonelab.phonelabservices/files/manifest.xml: open failed: ENOENT (No such file or directory)
07-16 08:44:21.996 18454 18454 I PhoneLab-Locks: wake lock released
07-16 08:44:22.000 18454 18454 I PhoneLab-UploadLogs: Transfering log files now
07-16 08:44:22.046 18454 18456 D dalvikvm: GC_CONCURRENT freed 445K, 17% free 9209K/11079K, paused 2ms+3ms
07-16 08:44:22.082 18454 18454 D dalvikvm: GC_FOR_ALLOC freed 286K, 15% free 9420K/11079K, paused 14ms
07-16 08:44:22.109 18454 18454 I PhoneLab-UploadLogs: OnStartCommand
07-16 08:44:22.125 18454 18456 D dalvikvm: GC_CONCURRENT freed 294K, 14% free 9637K/11079K, paused 2ms+3ms
07-16 08:44:22.734 18454 20399 D dalvikvm: GC_FOR_ALLOC freed 311K, 13% free 9653K/11079K, paused 44ms
07-16 08:44:22.750 18454 20399 D dalvikvm: GC_FOR_ALLOC freed 301K, 13% free 9653K/11079K, paused 12ms
07-16 08:44:22.761 18454 20399 D dalvikvm: GC_FOR_ALLOC freed 301K, 13% free 9654K/11079K, paused 12ms
07-16 08:44:29.289 18454 18454 I PhoneLab-: 1342442029289.log is deleted
07-16 08:44:29.289 18454 18454 I PhoneLab-: Response: {"data": "done", "err": ""}
07-16 08:44:29.296 18454 18454 I PhoneLab-UploadLogs: No log files to transfer
07-16 08:44:29.296 18454 18454 I PhoneLab-Locks: wake lock released
07-16 08:44:48.617  1351  1351 D dalvikvm: GC_EXPLICIT freed 90K, 9% free 10278K/11207K, paused 2ms+2ms
07-16 08:44:48.859  1351  1353 D dalvikvm: GC_CONCURRENT freed 461K, 8% free 10328K/11207K, paused 3ms+5ms
07-16 08:44:49.058   275   275 I wpa_supplicant: wlan0: Trying to associate with 00:13:80:94:4a:a1 (SSID='UB_Secure' freq=2462 MHz)
07-16 08:45:48.543   275   275 I wpa_supplicant: wlan0: Authentication with 00:13:80:94:4a:a1 timed out.
07-16 08:45:49.125   275   275 I wpa_supplicant: wlan0: Trying to associate with 00:14:a9:c8:31:11 (SSID='UB_Secure' freq=2412 MHz)
07-16 08:45:49.277   275   275 I wpa_supplicant: wlan0: Associated with 00:14:a9:c8:31:11
07-16 08:45:49.277   275   275 I wpa_supplicant: wlan0: CTRL-EVENT-EAP-STARTED EAP authentication started
07-16 08:45:49.300   275   275 I wpa_supplicant: wlan0: CTRL-EVENT-EAP-PROPOSED-METHOD vendor=0 method=4 -> NAK
07-16 08:45:49.304   275   275 I wpa_supplicant: wlan0: CTRL-EVENT-EAP-PROPOSED-METHOD vendor=0 method=25
07-16 08:45:49.312   275   275 I wpa_supplicant: wlan0: CTRL-EVENT-EAP-METHOD EAP vendor 0 method 25 (PEAP) selected
07-16 08:45:49.367    75   114 D NetlinkEvent: Unexpected netlink message. type=0x0
07-16 08:45:49.382   275   275 I wpa_supplicant: wlan0: CTRL-EVENT-EAP-PEER-CERT depth=2 subject='/C=US/O=Entrust.net/OU=www.entrust.net/CPS incorp. by ref. (limits liab.)/OU=(c) 1999 Entrust.net Limited/CN=Entrust.net Secure Server Certification Authority'
07-16 08:45:49.382   275   275 I wpa_supplicant: wlan0: CTRL-EVENT-EAP-PEER-CERT depth=2 subject='/C=US/O=Entrust.net/OU=www.entrust.net/CPS incorp. by ref. (limits liab.)/OU=(c) 1999 Entrust.net Limited/CN=Entrust.net Secure Server Certification Authority'
07-16 08:45:49.386   275   275 I wpa_supplicant: wlan0: CTRL-EVENT-EAP-PEER-CERT depth=1 subject='/C=US/ST=UT/L=Salt Lake City/O=The USERTRUST Network/CN=USERTrust Legacy Secure Server CA'
07-16 08:45:49.390   275   275 I wpa_supplicant: wlan0: CTRL-EVENT-EAP-PEER-CERT depth=0 subject='/C=US/postalCode=14260/ST=New York/L=Buffalo/street=305 Computing Center/O=SUNY AT BUFFALO/OU=Office of the President/OU=Issued through UNIVERSITY AT BUFFALO E-PKI Manager/OU=PremiumSSL Legacy/CN=ubsecure.acsu.buffalo.edu'
07-16 08:45:49.422   215   217 D dalvikvm: GC_CONCURRENT freed 403K, 30% free 10003K/14215K, paused 2ms+6ms
07-16 08:45:49.504   215   217 D dalvikvm: GC_CONCURRENT freed 340K, 29% free 10102K/14215K, paused 2ms+2ms
07-16 08:45:49.558   275   275 I wpa_supplicant: EAP-MSCHAPV2: Authentication succeeded
07-16 08:45:49.562   275   275 I wpa_supplicant: EAP-TLV: TLV Result - Success - EAP-TLV/Phase2 Completed
07-16 08:45:49.566   275   275 I wpa_supplicant: wlan0: CTRL-EVENT-EAP-SUCCESS EAP authentication completed successfully
07-16 08:45:49.578   275   275 I wpa_supplicant: wlan0: WPA: Key negotiation completed with 00:14:a9:c8:31:11 [PTK=CCMP GTK=TKIP]
07-16 08:45:49.578   275   275 I wpa_supplicant: wlan0: CTRL-EVENT-CONNECTED - Connection to 00:14:a9:c8:31:11 completed (reauth) [id=0 id_str=]
07-16 08:45:49.660 12903 12906 D dalvikvm: GC_CONCURRENT freed 509K, 13% free 10709K/12231K, paused 48ms+3ms
07-16 08:45:49.836  1351  1353 D dalvikvm: GC_CONCURRENT freed 476K, 8% free 10363K/11207K, paused 1ms+2ms
07-16 08:45:53.222   215   217 D dalvikvm: GC_CONCURRENT freed 371K, 29% free 10166K/14215K, paused 12ms+2ms
07-16 08:45:56.418   144   201 D ConnectivityService: ConnectivityChange for WIFI: CONNECTED/CONNECTED
07-16 08:45:56.418   144   201 D ConnectivityService: Policy requires mobile teardown
07-16 08:45:56.422 18454 18454 I PhoneLab-WiFiReceiver: Wi-Fi is connected!
07-16 08:45:56.425 18454 18454 I PhoneLab-WiFiReceiver: SSID: UB_Secure BSSID: 00:14:a9:c8:31:11 RSSI: -200 LinkSpeed: -1
07-16 08:45:56.425 18454 18454 I PhoneLab-Locks: wake lock acquired
07-16 08:45:56.437 18454 18454 I PhoneLab-UploadLogs: Transfering log files now
07-16 08:45:56.437 18454 18454 I PhoneLab-UploadLogs: No log files to transfer
07-16 08:45:56.437 18454 18454 I PhoneLab-Locks: wake lock released
07-16 08:45:56.457 18454 18454 I PhoneLab-UploadLogs: OnStartCommand
07-16 08:45:56.472   144   201 D ConnectivityService: ConnectivityChange for mobile: DISCONNECTED/DISCONNECTED
07-16 08:45:56.484   144   201 D ConnectivityService: Attempting to switch to WIFI
07-16 08:45:56.484   144   201 D ConnectivityService: Attempting to switch to WIMAX
07-16 08:45:56.484   144   201 D ConnectivityService: Attempting to switch to BLUETOOTH_TETHER
07-16 08:45:56.488   144   196 W NetworkStats: dropping UID delta from unknown iface: iface=wlan0 uid=0 set=DEFAULT tag=0x0 rxBytes=736 rxPackets=3 txBytes=328 txPackets=5 operations=0
07-16 08:45:56.492   144   201 D NetUtils: android_net_utils_resetConnections in env=0x1d93420 clazz=0x80c00001 iface=rmnet0 mask=0x3
07-16 08:45:56.492   144   201 D ConnectivityService: resetConnections(rmnet0, 3)
07-16 08:45:56.660   215   217 D dalvikvm: GC_CONCURRENT freed 605K, 30% free 10062K/14215K, paused 1ms+6ms
07-16 08:45:56.824   291 20318 W Smack/Packet: notify conn break (IOEx), close connection
07-16 08:45:56.980   291 20318 I qtaguid : Failed write_ctrl(u 85) res=-1 errno=22
07-16 08:45:56.984   291 20318 I qtaguid : Untagging socket 85 failed errno=-22
07-16 08:45:56.984   291 20318 W NetworkManagementSocketTagger: untagSocket(85) failed with errno -22
07-16 08:45:57.004   144   201 D ConnectivityService: handleInetConditionChange: net=0 != default=1 - ignore
07-16 08:45:57.347 18943 18955 D dalvikvm: GC_EXPLICIT freed 361K, 7% free 9560K/10183K, paused 2ms+3ms
07-16 08:45:57.437 19508 19510 D dalvikvm: GC_CONCURRENT freed 332K, 6% free 10006K/10567K, paused 1ms+2ms
07-16 08:46:02.230   144   205 D Tethering: MasterInitialState.processMessage what=3
07-16 08:46:02.296   291   291 I GTalkService/c: [AndroidEndpoint@1094321424] connect: acct=1000000, state=CONNECTING
07-16 08:46:02.300   291   291 I GTalkService/c: [GTalkConnection@1094939328] connect: acct=1, state=CONNECTING
07-16 08:46:02.355 19547 19547 I MediaUploader: No need to wake up
07-16 08:46:02.500   144   146 D dalvikvm: GC_CONCURRENT freed 1720K, 15% free 16786K/19719K, paused 3ms+7ms
07-16 08:46:02.535 19222 19568 D PicasaSyncManager: active network: NetworkInfo: type: WIFI[], state: CONNECTED/CONNECTED, reason: (unspecified), extra: (none), roaming: false, failover: false, isAvailable: true
07-16 08:46:02.550 19628 19628 W ContextScopeImpl: thread=1 tried to enter the scope of the application context. Ignored.
07-16 08:46:02.562 19222 19568 D PicasaSyncManager: background data: true
07-16 08:46:02.589   144   205 D Tethering: MasterInitialState.processMessage what=3
07-16 08:46:02.589   291   294 D dalvikvm: GC_CONCURRENT freed 482K, 8% free 10714K/11527K, paused 2ms+4ms
07-16 08:46:02.625 19547 19547 I MediaUploader: No need to wake up
07-16 08:46:02.640   144   205 D Tethering: MasterInitialState.processMessage what=3
07-16 08:46:02.707 19628 19628 W ContextScopeImpl: thread=1 tried to enter the scope of the application context. Ignored.
07-16 08:46:02.750 19547 19547 I MediaUploader: No need to wake up
07-16 08:46:02.828 19628 19628 W ContextScopeImpl: thread=1 tried to enter the scope of the application context. Ignored.
07-16 08:46:02.902 19222 19568 D PicasaSyncManager: active network: NetworkInfo: type: WIFI[], state: CONNECTED/CONNECTED, reason: (unspecified), extra: (none), roaming: false, failover: false, isAvailable: true
07-16 08:46:02.902 19222 19568 D PicasaSyncManager: background data: true
07-16 08:46:03.808   144   201 D ConnectivityService: handleInetConditionHoldEnd: net=1, condition=100, published condition=0
07-16 08:46:04.371   291   294 D dalvikvm: GC_CONCURRENT freed 454K, 8% free 10706K/11527K, paused 2ms+3ms
07-16 08:46:20.375   144   176 I power   : *** set_screen_state 1
07-16 08:46:20.480   144   176 I WindowManager: Lock screen displayed!
07-16 08:46:20.570    78   123 D SurfaceFlinger: Screen about to return, flinger = 0x16bd918
07-16 08:46:20.726   144 14192 D dalvikvm: GC_EXPLICIT freed 586K, 16% free 16715K/19719K, paused 7ms+6ms
07-16 08:46:21.172   215   215 D PhoneStatusBar: disable: < expand icons alerts ticker system_info BACK HOME recent* CLOCK >
07-16 08:46:21.218   144  6618 W InputManagerService: Window already focused, ignoring focus gain of: com.android.internal.view.IInputMethodClient$Stub$Proxy@418eb770
07-16 08:46:21.218   215   215 D PhoneStatusBar: disable: < expand icons alerts ticker system_info back* home* recent clock* >
07-16 08:46:21.254   144   161 I ActivityManager: Start proc com.google.android.apps.gesturesearch for broadcast com.google.android.apps.gesturesearch/.motion.ScreenStateReceiver: pid=20464 uid=10088 gids={3003}
07-16 08:46:21.269 20464 20464 I dalvikvm: Turning on JNI app bug workarounds for target SDK version 8...
07-16 08:46:21.339 20464 20464 I ActivityThread: Pub com.google.android.apps.gesturesearch.history: com.google.android.apps.gesturesearch.data.QueryHistoryProvider
07-16 08:46:21.339 20464 20464 I ActivityThread: Pub com.google.android.apps.gesturesearch.index: com.google.android.apps.gesturesearch.data.IndexProvider
07-16 08:46:21.355   144   317 I ActivityManager: No longer want com.android.providers.calendar (pid 19475): hidden #16
07-16 08:46:22.230 18943 18945 D dalvikvm: GC_CONCURRENT freed 368K, 6% free 9576K/10183K, paused 1ms+2ms
07-16 08:46:22.726   291   294 D dalvikvm: GC_CONCURRENT freed 375K, 7% free 10769K/11527K, paused 3ms+6ms
07-16 08:46:22.793   291 20458 D dalvikvm: GC_EXPLICIT freed 70K, 8% free 10715K/11527K, paused 2ms+3ms
07-16 08:46:23.461   215   217 D dalvikvm: GC_CONCURRENT freed 564K, 31% free 9882K/14215K, paused 2ms+4ms
07-16 08:46:23.992   144 13425 W InputManagerService: Window already focused, ignoring focus gain of: com.android.internal.view.IInputMethodClient$Stub$Proxy@4166b1c0
07-16 08:46:24.070   215   215 D dalvikvm: GC_FOR_ALLOC freed 556K, 32% free 9691K/14215K, paused 27ms
07-16 08:46:24.129   215   217 D dalvikvm: GC_CONCURRENT freed 325K, 31% free 9833K/14215K, paused 1ms+3ms
07-16 08:46:24.230   215   217 D dalvikvm: GC_CONCURRENT freed 493K, 32% free 9803K/14215K, paused 2ms+4ms
07-16 08:46:24.808   371   371 D dalvikvm: GC_FOR_ALLOC freed 616K, 9% free 11788K/12935K, paused 22ms
07-16 08:46:24.894   144  1168 I ActivityManager: START {act=android.intent.action.MAIN cat=[android.intent.category.LAUNCHER] flg=0x10000000 pkg=com.starbucks.mobilecard cmp=com.starbucks.mobilecard/.activities.MainActivity bnds=[0,254][120,404]} from pid 371
07-16 08:46:25.011   144  6618 I ActivityManager: Start proc com.starbucks.mobilecard for activity com.starbucks.mobilecard/.activities.MainActivity: pid=20479 uid=10082 gids={3003, 1015}
07-16 08:46:25.031 20479 20479 I dalvikvm: Turning on JNI app bug workarounds for target SDK version 8...
07-16 08:46:25.191   144 12390 W WindowManager: Layout repeat skipped after too many iterations
07-16 08:46:25.191   371   371 D OpenGLRenderer: Flushing caches (mode 1)
07-16 08:46:25.191   144 12390 W WindowManager: Layout repeat skipped after too many iterations
07-16 08:46:25.191   144 12390 W WindowManager: Layout repeat skipped after too many iterations
07-16 08:46:25.191   144 12390 W WindowManager: Animation repeat aborted after too many iterations
07-16 08:46:25.207   371   371 D OpenGLRenderer: Flushing caches (mode 0)
07-16 08:46:25.504 20479 20479 D dalvikvm: Trying to load lib /data/data/com.starbucks.mobilecard/lib/libstlport_shared.so 0x41324460
07-16 08:46:25.527 20479 20479 D dalvikvm: Added shared lib /data/data/com.starbucks.mobilecard/lib/libstlport_shared.so 0x41324460
07-16 08:46:25.527 20479 20479 D dalvikvm: No JNI_OnLoad found in /data/data/com.starbucks.mobilecard/lib/libstlport_shared.so 0x41324460, skipping init
07-16 08:46:25.527 20479 20479 D dalvikvm: Trying to load lib /data/data/com.starbucks.mobilecard/lib/libsqlcipher_android.so 0x41324460
07-16 08:46:25.558   144   160 I Process : Sending signal. PID: 20479 SIG: 3
07-16 08:46:25.558 20479 20484 I dalvikvm: threadid=3: reacting to signal 3
07-16 08:46:25.597 20479 20479 D dalvikvm: Added shared lib /data/data/com.starbucks.mobilecard/lib/libsqlcipher_android.so 0x41324460
07-16 08:46:25.597 20479 20479 D dalvikvm: No JNI_OnLoad found in /data/data/com.starbucks.mobilecard/lib/libsqlcipher_android.so 0x41324460, skipping init
07-16 08:46:25.597 20479 20479 D dalvikvm: Trying to load lib /data/data/com.starbucks.mobilecard/lib/libdatabase_sqlcipher.so 0x41324460
07-16 08:46:25.601 20479 20484 I dalvikvm: Wrote stack traces to '/data/anr/traces.txt'
07-16 08:46:25.632 20479 20479 D dalvikvm: Added shared lib /data/data/com.starbucks.mobilecard/lib/libdatabase_sqlcipher.so 0x41324460
07-16 08:46:25.632 20479 20479 I Database: JNI_OnLoad called
07-16 08:46:25.632 20479 20479 I Database: JNI_OnLoad register methods 
07-16 08:46:25.964 20479 20482 D dalvikvm: GC_CONCURRENT freed 232K, 4% free 9257K/9607K, paused 2ms+3ms
07-16 08:46:26.039   144   160 I Process : Sending signal. PID: 20479 SIG: 3
07-16 08:46:26.039 20479 20484 I dalvikvm: threadid=3: reacting to signal 3
07-16 08:46:26.058 20479 20484 I dalvikvm: Wrote stack traces to '/data/anr/traces.txt'
07-16 08:46:26.234 20479 20479 I SBAppWidget: Sending widget broadcast
07-16 08:46:26.289 20479 20479 I SBAppWidget: Sending widget broadcast
07-16 08:46:26.386 20479 20482 D dalvikvm: GC_CONCURRENT freed 274K, 5% free 9398K/9799K, paused 3ms+12ms
07-16 08:46:26.429 20479 20479 D dalvikvm: GC_FOR_ALLOC freed 19K, 5% free 9386K/9799K, paused 23ms
07-16 08:46:26.433 20479 20479 I dalvikvm-heap: Grow heap (frag case) to 10.704MB for 1536016-byte allocation
07-16 08:46:26.488 20479 20482 D dalvikvm: GC_CONCURRENT freed <1K, 4% free 10886K/11335K, paused 2ms+9ms
07-16 08:46:26.515 20479 20479 I SBAppWidget: onReceive called with com.starbucks.mobilecard.SBUX_WIDGET_UPDATE
07-16 08:46:26.539   144   160 I Process : Sending signal. PID: 20479 SIG: 3
07-16 08:46:26.539 20479 20484 I dalvikvm: threadid=3: reacting to signal 3
07-16 08:46:26.554 20479 20484 I dalvikvm: Wrote stack traces to '/data/anr/traces.txt'
07-16 08:46:27.054   144   160 I Process : Sending signal. PID: 20479 SIG: 3
07-16 08:46:27.054 20479 20484 I dalvikvm: threadid=3: reacting to signal 3
07-16 08:46:27.164 20479 20484 I dalvikvm: Wrote stack traces to '/data/anr/traces.txt'
07-16 08:46:27.550   144   160 I Process : Sending signal. PID: 20479 SIG: 3
07-16 08:46:27.550 20479 20484 I dalvikvm: threadid=3: reacting to signal 3
07-16 08:46:27.562 20479 20484 I dalvikvm: Wrote stack traces to '/data/anr/traces.txt'
07-16 08:46:28.054   144   160 I Process : Sending signal. PID: 20479 SIG: 3
07-16 08:46:28.054 20479 20484 I dalvikvm: threadid=3: reacting to signal 3
07-16 08:46:28.129 20479 20484 I dalvikvm: Wrote stack traces to '/data/anr/traces.txt'
07-16 08:46:28.379 20479 20479 I SBAppWidget: Sending widget broadcast
07-16 08:46:28.382 20479 20479 I SBAppWidget: Sending widget broadcast
07-16 08:46:28.398 20479 20479 I SBAppWidget: Sending widget broadcast
07-16 08:46:28.445   215   215 V PhoneStatusBar: setLightsOn(true)
07-16 08:46:28.449 20479 20479 I SBAppWidget: onReceive called with com.starbucks.mobilecard.SBUX_WIDGET_UPDATE
07-16 08:46:28.527   144   175 I ActivityManager: Displayed com.starbucks.mobilecard/.activities.MainActivity: +3s550ms
07-16 08:46:28.527 20479 20479 I SBAppWidget: onReceive called with com.starbucks.mobilecard.SBUX_WIDGET_UPDATE
07-16 08:46:28.597 20479 20479 I SBAppWidget: onReceive called with com.starbucks.mobilecard.SBUX_WIDGET_UPDATE
07-16 08:46:28.632 20479 20479 I SBAppWidget: onReceive called with com.starbucks.mobilecard.SBUX_WIDGET_UPDATE
07-16 08:46:28.660 20479 20482 D dalvikvm: GC_CONCURRENT freed 376K, 5% free 11080K/11591K, paused 7ms+3ms
07-16 08:46:28.968 20479 20482 D dalvikvm: GC_CONCURRENT freed 421K, 5% free 11350K/11847K, paused 5ms+3ms
07-16 08:46:29.175 20479 20508 D dalvikvm: GC_FOR_ALLOC freed 82K, 5% free 11616K/12167K, paused 36ms
07-16 08:46:32.480 20479 20479 I SBAppWidget: Sending widget broadcast
07-16 08:46:32.496 20479 20479 I SBAppWidget: onReceive called with com.starbucks.mobilecard.SBUX_WIDGET_UPDATE
07-16 08:46:32.558   144 15767 I ActivityManager: START {flg=0x4000000 cmp=com.starbucks.mobilecard/.activities.StarbucksActivity} from pid 20479
07-16 08:46:32.691 20479 20482 D dalvikvm: GC_CONCURRENT freed 528K, 5% free 11989K/12615K, paused 2ms+3ms
07-16 08:46:32.742 20479 20479 D dalvikvm: GC_FOR_ALLOC freed 16K, 5% free 12412K/13063K, paused 21ms
07-16 08:46:32.781 20479 20479 D dalvikvm: GC_FOR_ALLOC freed 9K, 5% free 12540K/13191K, paused 19ms
07-16 08:46:32.785 20479 20479 I dalvikvm-heap: Grow heap (frag case) to 13.070MB for 786816-byte allocation
07-16 08:46:32.824 20479 20522 D dalvikvm: GC_FOR_ALLOC freed 2K, 6% free 13306K/14023K, paused 26ms
07-16 08:46:33.070 20479 20479 W MapActivity: Recycling dispatcher android_maps_conflict_avoidance.com.google.googlenav.datarequest.DataRequestDispatcher@415600b8
07-16 08:46:33.074 20479 20479 V MapActivity: Recycling map object.
07-16 08:46:33.093   144   160 I Process : Sending signal. PID: 20479 SIG: 3
07-16 08:46:33.093 20479 20484 I dalvikvm: threadid=3: reacting to signal 3
07-16 08:46:33.148 20479 20484 I dalvikvm: Wrote stack traces to '/data/anr/traces.txt'
07-16 08:46:33.484 20479 20482 D dalvikvm: GC_CONCURRENT freed 701K, 6% free 14079K/14855K, paused 2ms+4ms
07-16 08:46:33.492 20479 20488 W CursorWrapperInner: Cursor finalized without prior close()
07-16 08:46:33.492 20479 20488 W CursorWrapperInner: Cursor finalized without prior close()
07-16 08:46:33.492 20479 20488 W CursorWrapperInner: Cursor finalized without prior close()
07-16 08:46:33.492 20479 20488 W CursorWrapperInner: Cursor finalized without prior close()
07-16 08:46:33.593   144   160 I Process : Sending signal. PID: 20479 SIG: 3
07-16 08:46:33.593 20479 20484 I dalvikvm: threadid=3: reacting to signal 3
07-16 08:46:33.672 20479 20484 I dalvikvm: Wrote stack traces to '/data/anr/traces.txt'
07-16 08:46:34.062 20479 20482 D dalvikvm: GC_CONCURRENT freed 1178K, 8% free 14625K/15879K, paused 3ms+5ms
07-16 08:46:34.097   144   160 I Process : Sending signal. PID: 20479 SIG: 3
07-16 08:46:34.097 20479 20484 I dalvikvm: threadid=3: reacting to signal 3
07-16 08:46:34.148 20479 20484 I dalvikvm: Wrote stack traces to '/data/anr/traces.txt'
07-16 08:46:34.234   215   215 V PhoneStatusBar: setLightsOn(true)
07-16 08:46:34.246 20479 20479 I MapActivity: Handling network change notification:CONNECTED
07-16 08:46:34.246 20479 20479 E MapActivity: Couldn't get connection factory client
07-16 08:46:34.308   144   175 I ActivityManager: Displayed com.starbucks.mobilecard/.activities.StarbucksActivity: +1s720ms
07-16 08:46:36.574 20479 20514 I SBAppWidget: Sending widget broadcast
07-16 08:46:36.601 20479 20514 I SBAppWidget: Sending widget broadcast
07-16 08:46:37.570 20479 20479 I SBAppWidget: Sending widget broadcast
07-16 08:46:37.589 20479 20479 I SBAppWidget: onReceive called with com.starbucks.mobilecard.SBUX_WIDGET_UPDATE
07-16 08:46:37.851 20479 20479 I SBAppWidget: Sending widget broadcast
07-16 08:46:37.855 20479 20479 I SBAppWidget: onReceive called with com.starbucks.mobilecard.SBUX_WIDGET_UPDATE
07-16 08:46:37.941 20479 20479 I SBAppWidget: onReceive called with com.starbucks.mobilecard.SBUX_WIDGET_UPDATE
07-16 08:46:37.972 20479 20479 I SBAppWidget: onReceive called with com.starbucks.mobilecard.SBUX_WIDGET_UPDATE
07-16 08:46:44.082   144   172 I power   : *** set_screen_state 0
07-16 08:46:44.129    78   123 D SurfaceFlinger: About to give-up screen, flinger = 0x16bd918
07-16 08:46:44.281   144   176 D dalvikvm: GC_FOR_ALLOC freed 923K, 14% free 17025K/19719K, paused 68ms
07-16 08:46:44.379   144   176 D dalvikvm: GC_FOR_ALLOC freed 613K, 16% free 16633K/19719K, paused 56ms
07-16 08:46:44.386   144   176 V TransportControlView: Create TCV com.android.internal.widget.TransportControlView@41336180
07-16 08:46:44.414 20230 20529 D GetStringObjTask: retrieving from url = http://www.chess.com/api/get_move_status?id=5HHjW9WUGa%2Bcu1LUwnVJPxTIWxmEve4VdkRnRyg7b5Ch69JH2Z5aB%2B7eGuFw8K2uFx47KFsdE3JRdR3Mzv0PkZOj6eZ8N73BvxmEERrzXjMNRo80rkLyJAUTh0iqof4n
07-16 08:46:44.453   215   215 D PhoneStatusBar: disable: < expand icons alerts ticker system_info back home RECENT* clock >
07-16 08:46:44.480   215   215 D PhoneStatusBar: disable: < expand icons alerts ticker system_info BACK* HOME* RECENT CLOCK* >
07-16 08:46:50.230 12903 12906 D dalvikvm: GC_CONCURRENT freed 559K, 13% free 10649K/12231K, paused 2ms+6ms
07-16 08:46:50.285  1351  1353 D dalvikvm: GC_CONCURRENT freed 448K, 9% free 10309K/11207K, paused 2ms+2ms
07-16 08:46:56.328   346   346 D SAN_SERVICE: *******************************************
07-16 08:46:56.328   346   346 D SAN_SERVICE: DM App Phone Service State - 0
07-16 08:46:56.328   346   346 D SAN_SERVICE: *******************************************
07-16 08:46:57.121   346   346 D SAN_SERVICE: *******************************************
07-16 08:46:57.121   346   346 D SAN_SERVICE: DM App Phone Service State - 0
07-16 08:46:57.121   346   346 D SAN_SERVICE: *******************************************
07-16 08:47:00.418   275   275 I wpa_supplicant: wlan0: CTRL-EVENT-DISCONNECTED bssid=00:14:a9:c8:31:11 reason=0
07-16 08:47:00.433    75   117 D CommandListener: Clearing all IP addresses on wlan0
07-16 08:47:00.476   144   201 D ConnectivityService: ConnectivityChange for WIFI: DISCONNECTED/DISCONNECTED
07-16 08:47:00.480   144   201 D ConnectivityService: Attempting to switch to mobile
07-16 08:47:00.480   144   201 D ConnectivityService: Attempting to switch to WIMAX
07-16 08:47:00.480   144   201 D ConnectivityService: Attempting to switch to BLUETOOTH_TETHER
07-16 08:47:00.511   144   201 D NetUtils: android_net_utils_resetConnections in env=0x1d93420 clazz=0x92600001 iface=wlan0 mask=0x3
07-16 08:47:00.511   144   201 E ConnectivityService: Exception trying to remove a route: java.lang.IllegalStateException: Unable to communicate with native dameon to add routes - com.android.server.NativeDaemonConnectorException: Cmd {interface route remove wlan0 default 67.20.213.254 32 0.0.0.0} failed with code 400 : {Failed to remove route from default table (No such process)}
07-16 08:47:00.511   144   201 E ConnectivityService: Exception trying to remove a route: java.lang.IllegalStateException: Unable to communicate with native dameon to add routes - com.android.server.NativeDaemonConnectorException: Cmd {interface route remove wlan0 default 0.0.0.0 0 67.20.213.254} failed with code 400 : {Failed to remove route from default table (No such process)}
07-16 08:47:00.511   144   201 D ConnectivityService: resetConnections(wlan0, 3)
07-16 08:47:00.519 20479 20512 W GoogleAnalyticsTracker: Problem with socket or streams.
07-16 08:47:00.519 20479 20512 W GoogleAnalyticsTracker: java.net.ConnectException: failed to connect to www.google-analytics.com/74.125.226.195 (port 80): connect failed: ETIMEDOUT (Connection timed out)
07-16 08:47:00.519 20479 20512 W GoogleAnalyticsTracker: 	at libcore.io.IoBridge.connect(IoBridge.java:114)
07-16 08:47:00.519 20479 20512 W GoogleAnalyticsTracker: 	at java.net.PlainSocketImpl.connect(PlainSocketImpl.java:192)
07-16 08:47:00.519 20479 20512 W GoogleAnalyticsTracker: 	at java.net.PlainSocketImpl.connect(PlainSocketImpl.java:459)
07-16 08:47:00.519 20479 20512 W GoogleAnalyticsTracker: 	at java.net.Socket.connect(Socket.java:842)
07-16 08:47:00.519 20479 20512 W GoogleAnalyticsTracker: 	at org.apache.http.conn.scheme.PlainSocketFactory.connectSocket(PlainSocketFactory.java:119)
07-16 08:47:00.519 20479 20512 W GoogleAnalyticsTracker: 	at com.google.android.apps.analytics.PipelinedRequester.maybeOpenConnection(Unknown Source)
07-16 08:47:00.519 20479 20512 W GoogleAnalyticsTracker: 	at com.google.android.apps.analytics.PipelinedRequester.addRequest(Unknown Source)
07-16 08:47:00.519 20479 20512 W GoogleAnalyticsTracker: 	at com.google.android.apps.analytics.NetworkDispatcher$DispatcherThread$AsyncDispatchTask.dispatchSomePendingHits(Unknown Source)
07-16 08:47:00.519 20479 20512 W GoogleAnalyticsTracker: 	at com.google.android.apps.analytics.NetworkDispatcher$DispatcherThread$AsyncDispatchTask.run(Unknown Source)
07-16 08:47:00.519 20479 20512 W GoogleAnalyticsTracker: 	at android.os.Handler.handleCallback(Handler.java:605)
07-16 08:47:00.519 20479 20512 W GoogleAnalyticsTracker: 	at android.os.Handler.dispatchMessage(Handler.java:92)
07-16 08:47:00.519 20479 20512 W GoogleAnalyticsTracker: 	at android.os.Looper.loop(Looper.java:137)
07-16 08:47:00.519 20479 20512 W GoogleAnalyticsTracker: 	at android.os.HandlerThread.run(HandlerThread.java:60)
07-16 08:47:00.519 20479 20512 W GoogleAnalyticsTracker: Caused by: libcore.io.ErrnoException: connect failed: ETIMEDOUT (Connection timed out)
07-16 08:47:00.519 20479 20512 W GoogleAnalyticsTracker: 	at libcore.io.Posix.connect(Native Method)
07-16 08:47:00.519 20479 20512 W GoogleAnalyticsTracker: 	at libcore.io.BlockGuardOs.connect(BlockGuardOs.java:85)
07-16 08:47:00.519 20479 20512 W GoogleAnalyticsTracker: 	at libcore.io.IoBridge.connectErrno(IoBridge.java:127)
07-16 08:47:00.519 20479 20512 W GoogleAnalyticsTracker: 	at libcore.io.IoBridge.connect(IoBridge.java:112)
07-16 08:47:00.519 20479 20512 W GoogleAnalyticsTracker: 	... 12 more
07-16 08:47:00.629   291 20456 W Smack/Packet: notify conn break (IOEx), close connection
07-16 08:47:00.785   291 20456 I qtaguid : Failed write_ctrl(u 85) res=-1 errno=22
07-16 08:47:00.785   291 20456 I qtaguid : Untagging socket 85 failed errno=-22
07-16 08:47:00.785   291 20456 W NetworkManagementSocketTagger: untagSocket(85) failed with errno -22
07-16 08:47:00.808   144   201 D ConnectivityService: handleInetConditionChange: no active default network - ignore
07-16 08:47:01.031   275   275 I wpa_supplicant: wlan0: Trying to associate with 00:1a:a2:dd:b1:a1 (SSID='UB_Secure' freq=2437 MHz)
07-16 08:47:01.168   275   275 I wpa_supplicant: wlan0: Associated with 00:1a:a2:dd:b1:a1
07-16 08:47:01.168   275   275 I wpa_supplicant: wlan0: CTRL-EVENT-EAP-STARTED EAP authentication started
07-16 08:47:01.175   275   275 I wpa_supplicant: wlan0: CTRL-EVENT-EAP-PROPOSED-METHOD vendor=0 method=4 -> NAK
07-16 08:47:01.179   275   275 I wpa_supplicant: wlan0: CTRL-EVENT-EAP-PROPOSED-METHOD vendor=0 method=25
07-16 08:47:01.183   275   275 I wpa_supplicant: wlan0: CTRL-EVENT-EAP-METHOD EAP vendor 0 method 25 (PEAP) selected
07-16 08:47:01.246   275   275 I wpa_supplicant: wlan0: CTRL-EVENT-EAP-PEER-CERT depth=2 subject='/C=US/O=Entrust.net/OU=www.entrust.net/CPS incorp. by ref. (limits liab.)/OU=(c) 1999 Entrust.net Limited/CN=Entrust.net Secure Server Certification Authority'
07-16 08:47:01.246   275   275 I wpa_supplicant: wlan0: CTRL-EVENT-EAP-PEER-CERT depth=2 subject='/C=US/O=Entrust.net/OU=www.entrust.net/CPS incorp. by ref. (limits liab.)/OU=(c) 1999 Entrust.net Limited/CN=Entrust.net Secure Server Certification Authority'
07-16 08:47:01.246   275   275 I wpa_supplicant: wlan0: CTRL-EVENT-EAP-PEER-CERT depth=1 subject='/C=US/ST=UT/L=Salt Lake City/O=The USERTRUST Network/CN=USERTrust Legacy Secure Server CA'
07-16 08:47:01.254   275   275 I wpa_supplicant: wlan0: CTRL-EVENT-EAP-PEER-CERT depth=0 subject='/C=US/postalCode=14260/ST=New York/L=Buffalo/street=305 Computing Center/O=SUNY AT BUFFALO/OU=Office of the President/OU=Issued through UNIVERSITY AT BUFFALO E-PKI Manager/OU=PremiumSSL Legacy/CN=ubsecure.acsu.buffalo.edu'
07-16 08:47:01.449   275   275 I wpa_supplicant: EAP-MSCHAPV2: Authentication succeeded
07-16 08:47:01.476   275   275 I wpa_supplicant: EAP-TLV: TLV Result - Success - EAP-TLV/Phase2 Completed
07-16 08:47:01.484   275   275 I wpa_supplicant: wlan0: CTRL-EVENT-EAP-SUCCESS EAP authentication completed successfully
07-16 08:47:01.507   275   275 I wpa_supplicant: wlan0: WPA: Key negotiation completed with 00:1a:a2:dd:b1:a1 [PTK=CCMP GTK=TKIP]
07-16 08:47:01.507   275   275 I wpa_supplicant: wlan0: CTRL-EVENT-CONNECTED - Connection to 00:1a:a2:dd:b1:a1 completed (reauth) [id=0 id_str=]
07-16 08:47:01.746 20230 20529 E GetStringObjTask: I/O error while retrieving data from http://www.chess.com/api/get_move_status?id=5HHjW9WUGa%2Bcu1LUwnVJPxTIWxmEve4VdkRnRyg7b5Ch69JH2Z5aB%2B7eGuFw8K2uFx47KFsdE3JRdR3Mzv0PkZOj6eZ8N73BvxmEERrzXjMNRo80rkLyJAUTh0iqof4n
07-16 08:47:02.136   144   201 D ConnectivityService: ConnectivityChange for WIFI: CONNECTED/CONNECTED
07-16 08:47:02.164 18454 18454 I PhoneLab-WiFiReceiver: Wi-Fi is connected!
07-16 08:47:02.164 18454 18454 I PhoneLab-WiFiReceiver: SSID: UB_Secure BSSID: 00:1a:a2:dd:b1:a1 RSSI: -200 LinkSpeed: -1
07-16 08:47:02.164 18454 18454 I PhoneLab-Locks: wake lock acquired
07-16 08:47:02.168 18454 18454 I PhoneLab-UploadLogs: Transfering log files now
07-16 08:47:02.168 18454 18454 I PhoneLab-UploadLogs: No log files to transfer
07-16 08:47:02.168 18454 18454 I PhoneLab-Locks: wake lock released
07-16 08:47:02.171 18454 18454 I PhoneLab-UploadLogs: OnStartCommand
07-16 08:47:02.191   144   196 W NetworkStats: dropping UID delta from unknown iface: iface=wlan0 uid=0 set=DEFAULT tag=0x0 rxBytes=0 rxPackets=0 txBytes=140 txPackets=2 operations=0
07-16 08:47:03.140   144   201 D ConnectivityService: NetTransition Wakelock for WifiStateMachine released by timeout
07-16 08:47:05.027   144   205 D Tethering: MasterInitialState.processMessage what=3
07-16 08:47:05.039   291   291 I GTalkService/c: [AndroidEndpoint@1094321424] connect: acct=1000000, state=CONNECTING
07-16 08:47:05.187   144   388 D dalvikvm: GC_EXPLICIT freed 996K, 15% free 16900K/19719K, paused 10ms+9ms
07-16 08:47:05.187   291   291 I GTalkService/c: [GTalkConnection@1094939328] connect: acct=1, state=CONNECTING
07-16 08:47:05.222 19547 19547 I MediaUploader: No need to wake up
07-16 08:47:05.226 18454 18454 I PhoneLab-WiFiReceiver: Wi-Fi is disconnected!
07-16 08:47:05.304 19628 19628 W ContextScopeImpl: thread=1 tried to enter the scope of the application context. Ignored.
07-16 08:47:05.324 19222 19568 D PicasaSyncManager: active network: NetworkInfo: type: WIFI[], state: CONNECTED/CONNECTED, reason: (unspecified), extra: (none), roaming: false, failover: false, isAvailable: true
07-16 08:47:05.324 19222 19568 D PicasaSyncManager: background data: true
07-16 08:47:05.371 19628 19630 D dalvikvm: GC_CONCURRENT freed 328K, 5% free 9867K/10311K, paused 2ms+3ms
07-16 08:47:05.691   346   346 D SAN_SERVICE: *******************************************
07-16 08:47:05.691   346   346 D SAN_SERVICE: DM App Phone Service State - 0
07-16 08:47:05.691   346   346 D SAN_SERVICE: *******************************************
07-16 08:47:05.742   291   294 D dalvikvm: GC_CONCURRENT freed 384K, 7% free 10776K/11527K, paused 2ms+3ms
07-16 08:47:06.156   346   346 D SAN_SERVICE: *******************************************
07-16 08:47:06.156   346   346 D SAN_SERVICE: DM App Phone Service State - 0
07-16 08:47:06.156   346   346 D SAN_SERVICE: *******************************************
07-16 08:47:06.371   144   205 D Tethering: MasterInitialState.processMessage what=3
07-16 08:47:06.375   144   201 D ConnectivityService: handleInetConditionHoldEnd: net=1, condition=100, published condition=0
07-16 08:47:06.425 19547 19547 I MediaUploader: No need to wake up
07-16 08:47:06.496 19628 19628 W ContextScopeImpl: thread=1 tried to enter the scope of the application context. Ignored.
07-16 08:47:06.515 19222 19568 D PicasaSyncManager: active network: NetworkInfo: type: WIFI[], state: CONNECTED/CONNECTED, reason: (unspecified), extra: (none), roaming: false, failover: false, isAvailable: true
07-16 08:47:06.515 19222 19568 D PicasaSyncManager: background data: true
07-16 08:47:06.550   144   201 D ConnectivityService: ConnectivityChange for mobile: CONNECTED/CONNECTED
07-16 08:47:06.605   346   348 D dalvikvm: GC_CONCURRENT freed 434K, 6% free 9483K/10055K, paused 2ms+2ms
07-16 08:47:06.621   144   201 D NetUtils: android_net_utils_resetConnections in env=0x1d93420 clazz=0xa8500001 iface=rmnet0 mask=0x3
07-16 08:47:06.621   144   201 D ConnectivityService: ConnectivityChange for mobile: DISCONNECTED/DISCONNECTED
07-16 08:47:06.621   144   201 D ConnectivityService: Attempting to switch to WIFI
07-16 08:47:06.621   144   201 D ConnectivityService: Attempting to switch to WIMAX
07-16 08:47:06.621   144   201 D ConnectivityService: Attempting to switch to BLUETOOTH_TETHER
07-16 08:47:06.621   144   201 D ConnectivityService: resetConnections(rmnet0, 3)
07-16 08:47:06.902   144   201 D ConnectivityService: handleInetConditionHoldEnd: net=1, condition=100, published condition=100
07-16 08:47:07.090 19688 19691 D dalvikvm: GC_CONCURRENT freed 514K, 7% free 9343K/9991K, paused 9ms+5ms
07-16 08:47:11.007   144   176 I power   : *** set_screen_state 1
07-16 08:47:11.086   144   176 I WindowManager: Lock screen displayed!
07-16 08:47:11.242    78   123 D SurfaceFlinger: Screen about to return, flinger = 0x16bd918
07-16 08:47:11.355 20479 20479 I MapActivity: Handling network change notification:CONNECTED
07-16 08:47:11.355 20479 20479 E MapActivity: Couldn't get connection factory client
07-16 08:47:11.687   215   215 D PhoneStatusBar: disable: < expand icons alerts ticker system_info BACK HOME recent* CLOCK >
07-16 08:47:11.718   215   215 D PhoneStatusBar: disable: < expand icons alerts ticker system_info back* home* recent clock* >
07-16 08:47:11.730   144   144 W InputManagerService: Window already focused, ignoring focus gain of: com.android.internal.view.IInputMethodClient$Stub$Proxy@41af0ec0
07-16 08:47:11.746   215   215 V PhoneStatusBar: setLightsOn(true)
07-16 08:47:11.898   144   205 D Tethering: MasterInitialState.processMessage what=3
07-16 08:47:11.945   144   205 D Tethering: MasterInitialState.processMessage what=3
07-16 08:47:11.984 20479 20479 I MapActivity: Handling network change notification:CONNECTED
07-16 08:47:11.984 20479 20479 E MapActivity: Couldn't get connection factory client
07-16 08:47:11.984 20479 20479 I MapActivity: Handling network change notification:CONNECTED
07-16 08:47:11.984 20479 20479 E MapActivity: Couldn't get connection factory client
07-16 08:47:12.078 19547 19547 I MediaUploader: No need to wake up
07-16 08:47:12.152 19628 19628 W ContextScopeImpl: thread=1 tried to enter the scope of the application context. Ignored.
07-16 08:47:12.183 19222 19568 D PicasaSyncManager: active network: NetworkInfo: type: WIFI[], state: CONNECTED/CONNECTED, reason: (unspecified), extra: (none), roaming: false, failover: false, isAvailable: true
07-16 08:47:12.199 19222 19568 D PicasaSyncManager: background data: true
07-16 08:47:12.230 19547 19547 I MediaUploader: No need to wake up
07-16 08:47:12.289 19222 19568 D PicasaSyncManager: active network: NetworkInfo: type: WIFI[], state: CONNECTED/CONNECTED, reason: (unspecified), extra: (none), roaming: false, failover: false, isAvailable: true
07-16 08:47:12.308 19628 19628 W ContextScopeImpl: thread=1 tried to enter the scope of the application context. Ignored.
07-16 08:47:12.324 19222 19568 D PicasaSyncManager: background data: true
07-16 08:47:12.379 18454 18456 D dalvikvm: GC_CONCURRENT freed 898K, 18% free 9142K/11079K, paused 2ms+30ms
07-16 08:47:12.480   291   294 D dalvikvm: GC_CONCURRENT freed 469K, 7% free 10778K/11527K, paused 2ms+4ms
07-16 08:47:12.500   144   201 D ConnectivityService: handleInetConditionHoldEnd: net=1, condition=100, published condition=100
07-16 08:47:12.652 18943 18945 D dalvikvm: GC_CONCURRENT freed 382K, 6% free 9584K/10183K, paused 2ms+3ms
07-16 08:47:12.843 18943 18945 D dalvikvm: GC_CONCURRENT freed 385K, 6% free 9584K/10183K, paused 2ms+2ms
07-16 08:47:13.304   144   388 D dalvikvm: GC_EXPLICIT freed 1887K, 15% free 16779K/19719K, paused 3ms+8ms
07-16 08:47:14.082   144   172 I power   : *** set_screen_state 0
07-16 08:47:14.121    78   123 D SurfaceFlinger: About to give-up screen, flinger = 0x16bd918
07-16 08:47:14.261 20479 20482 D dalvikvm: GC_CONCURRENT freed 1615K, 11% free 14766K/16519K, paused 3ms+12ms
07-16 08:47:14.308   144   176 D dalvikvm: GC_FOR_ALLOC freed 902K, 17% free 16447K/19719K, paused 102ms
07-16 08:47:14.332   144   176 V TransportControlView: Create TCV com.android.internal.widget.TransportControlView@416e7e68
07-16 08:47:14.363   215   215 D PhoneStatusBar: disable: < expand icons alerts ticker system_info back home RECENT* clock >
07-16 08:47:14.382   215   215 D PhoneStatusBar: disable: < expand icons alerts ticker system_info BACK* HOME* RECENT CLOCK* >
07-16 08:47:18.800 19508 19687 D dalvikvm: GC_EXPLICIT freed 488K, 7% free 9916K/10567K, paused 3ms+2ms
07-16 08:47:24.004   144   176 I power   : *** set_screen_state 1
07-16 08:47:24.062   144   176 I WindowManager: Lock screen displayed!
07-16 08:47:24.238    78   123 D SurfaceFlinger: Screen about to return, flinger = 0x16bd918
07-16 08:47:24.351 20479 20479 I MapActivity: Handling network change notification:CONNECTED
07-16 08:47:24.351 20479 20479 E MapActivity: Couldn't get connection factory client
07-16 08:47:24.777   215   215 D PhoneStatusBar: disable: < expand icons alerts ticker system_info BACK HOME recent* CLOCK >
07-16 08:47:24.804   215   215 D PhoneStatusBar: disable: < expand icons alerts ticker system_info back* home* recent clock* >
07-16 08:47:24.808   215   215 V PhoneStatusBar: setLightsOn(true)
07-16 08:47:24.832   144   156 W InputManagerService: Window already focused, ignoring focus gain of: com.android.internal.view.IInputMethodClient$Stub$Proxy@416ea110
07-16 08:47:24.882   321   322 D dalvikvm: GC_CONCURRENT freed 459K, 19% free 10027K/12295K, paused 5ms+8ms
07-16 08:47:36.683 18454 18467 I PhoneLab-: Service Running
07-16 08:47:36.773 18454 18467 I PhoneLab-LoggerService: app_37    1395  1     1432   996   c00f181c 400107b4 S logcat
07-16 08:47:36.773 18454 18467 I PhoneLab-LoggerService: Logcat pid from database 1395
07-16 08:47:36.773 18454 18467 I PhoneLab-LoggerService: Logcat process found 1395
07-16 08:47:36.773 18454 18467 I PhoneLab-LoggerService: Checking Threshold
07-16 08:47:41.746   144   172 I power   : *** set_screen_state 0
07-16 08:47:41.812    78   123 D SurfaceFlinger: About to give-up screen, flinger = 0x16bd918
07-16 08:47:41.832   144   176 V TransportControlView: Create TCV com.android.internal.widget.TransportControlView@417c90d0
07-16 08:47:41.894   215   215 D PhoneStatusBar: disable: < expand icons alerts ticker system_info back home RECENT* clock >
07-16 08:47:41.937   215   215 D PhoneStatusBar: disable: < expand icons alerts ticker system_info BACK* HOME* RECENT CLOCK* >
07-16 08:47:42.027 19565 19567 D dalvikvm: GC_CONCURRENT freed 410K, 5% free 10412K/10951K, paused 2ms+3ms
07-16 08:47:42.531   346   346 D SAN_SERVICE: *******************************************
07-16 08:47:42.535   346   346 D SAN_SERVICE: DM App Phone Service State - 0
07-16 08:47:42.535   346   346 D SAN_SERVICE: *******************************************
07-16 08:47:43.066   346   346 D SAN_SERVICE: *******************************************
07-16 08:47:43.066   346   346 D SAN_SERVICE: DM App Phone Service State - 0
07-16 08:47:43.066   346   346 D SAN_SERVICE: *******************************************
07-16 08:47:49.890   144   176 I power   : *** set_screen_state 1
07-16 08:47:49.949   144   176 I WindowManager: Lock screen displayed!
07-16 08:47:50.027 20479 20479 I MapActivity: Handling network change notification:CONNECTED
07-16 08:47:50.027 20479 20479 E MapActivity: Couldn't get connection factory client
07-16 08:47:50.082    78   123 D SurfaceFlinger: Screen about to return, flinger = 0x16bd918
07-16 08:47:51.437 18454 18467 I PhoneLab-: Service Running
07-16 08:47:51.527 18454 18467 I PhoneLab-LoggerService: app_37    1395  1     1432   996   c00f181c 400107b4 S logcat
07-16 08:47:51.527 18454 18467 I PhoneLab-LoggerService: Logcat pid from database 1395
07-16 08:47:51.527 18454 18467 I PhoneLab-LoggerService: Logcat process found 1395
07-16 08:47:51.527 18454 18467 I PhoneLab-LoggerService: Checking Threshold
07-16 08:47:51.949   215   215 D PhoneStatusBar: disable: < expand icons alerts ticker system_info BACK HOME recent* CLOCK >
07-16 08:47:51.972   144   342 W InputManagerService: Window already focused, ignoring focus gain of: com.android.internal.view.IInputMethodClient$Stub$Proxy@418f73e0
07-16 08:47:51.984   215   215 D PhoneStatusBar: disable: < expand icons alerts ticker system_info back* home* recent clock* >
07-16 08:47:51.992   215   215 V PhoneStatusBar: setLightsOn(true)
07-16 08:47:52.668   346   346 D SAN_SERVICE: *******************************************
07-16 08:47:52.668   346   346 D SAN_SERVICE: DM App Phone Service State - 0
07-16 08:47:52.668   346   346 D SAN_SERVICE: *******************************************
07-16 08:47:53.214   346   346 D SAN_SERVICE: *******************************************
07-16 08:47:53.214   346   346 D SAN_SERVICE: DM App Phone Service State - 0
07-16 08:47:53.214   346   346 D SAN_SERVICE: *******************************************
07-16 08:47:55.082 20479 20479 D dalvikvm: GC_FOR_ALLOC freed 497K, 11% free 14740K/16519K, paused 26ms
07-16 08:47:55.082 20479 20479 I dalvikvm-heap: Grow heap (frag case) to 14.721MB for 266016-byte allocation
07-16 08:47:55.109 20479 20479 D dalvikvm: GC_FOR_ALLOC freed 42K, 12% free 14958K/16839K, paused 24ms
07-16 08:47:55.136 20479 20479 D dalvikvm: GC_FOR_ALLOC freed 1K, 12% free 14957K/16839K, paused 23ms
07-16 08:47:55.136 20479 20479 I dalvikvm-heap: Grow heap (frag case) to 14.932MB for 266016-byte allocation
07-16 08:47:55.160 20479 20479 D dalvikvm: GC_FOR_ALLOC freed 1K, 12% free 15215K/17159K, paused 23ms
07-16 08:47:57.785   346   346 D SAN_SERVICE: *******************************************
07-16 08:47:57.785   346   346 D SAN_SERVICE: DM App Phone Service State - 0
07-16 08:47:57.785   346   346 D SAN_SERVICE: *******************************************
07-16 08:47:57.836 12903 12906 D dalvikvm: GC_CONCURRENT freed 416K, 13% free 10651K/12231K, paused 1ms+3ms
07-16 08:47:58.359   346   346 D SAN_SERVICE: *******************************************
07-16 08:47:58.359   346   346 D SAN_SERVICE: DM App Phone Service State - 0
07-16 08:47:58.359   346   346 D SAN_SERVICE: *******************************************
07-16 08:48:02.879   346   346 D SAN_SERVICE: *******************************************
07-16 08:48:02.879   346   346 D SAN_SERVICE: DM App Phone Service State - 0
07-16 08:48:02.879   346   346 D SAN_SERVICE: *******************************************
07-16 08:48:08.000   346   346 D SAN_SERVICE: *******************************************
07-16 08:48:08.004   346   346 D SAN_SERVICE: DM App Phone Service State - 0
07-16 08:48:08.004   346   346 D SAN_SERVICE: *******************************************
07-16 08:48:29.472 20479 20479 I SBAppWidget: Sending widget broadcast
07-16 08:48:29.504 20479 20479 I SBAppWidget: onReceive called with com.starbucks.mobilecard.SBUX_WIDGET_UPDATE
07-16 08:48:29.918   275   275 I wpa_supplicant: wlan0: Associated with 00:1a:a2:dc:8c:11
07-16 08:48:29.921   275   275 I wpa_supplicant: wlan0: CTRL-EVENT-EAP-STARTED EAP authentication started
07-16 08:48:29.925   275   275 I wpa_supplicant: wlan0: CTRL-EVENT-EAP-PROPOSED-METHOD vendor=0 method=4 -> NAK
07-16 08:48:29.929   275   275 I wpa_supplicant: wlan0: CTRL-EVENT-EAP-PROPOSED-METHOD vendor=0 method=25
07-16 08:48:29.929   275   275 I wpa_supplicant: wlan0: CTRL-EVENT-EAP-METHOD EAP vendor 0 method 25 (PEAP) selected
07-16 08:48:29.984   275   275 I wpa_supplicant: wlan0: CTRL-EVENT-EAP-PEER-CERT depth=2 subject='/C=US/O=Entrust.net/OU=www.entrust.net/CPS incorp. by ref. (limits liab.)/OU=(c) 1999 Entrust.net Limited/CN=Entrust.net Secure Server Certification Authority'
07-16 08:48:29.984   275   275 I wpa_supplicant: wlan0: CTRL-EVENT-EAP-PEER-CERT depth=2 subject='/C=US/O=Entrust.net/OU=www.entrust.net/CPS incorp. by ref. (limits liab.)/OU=(c) 1999 Entrust.net Limited/CN=Entrust.net Secure Server Certification Authority'
07-16 08:48:29.984   275   275 I wpa_supplicant: wlan0: CTRL-EVENT-EAP-PEER-CERT depth=1 subject='/C=US/ST=UT/L=Salt Lake City/O=The USERTRUST Network/CN=USERTrust Legacy Secure Server CA'
07-16 08:48:29.992   275   275 I wpa_supplicant: wlan0: CTRL-EVENT-EAP-PEER-CERT depth=0 subject='/C=US/postalCode=14260/ST=New York/L=Buffalo/street=305 Computing Center/O=SUNY AT BUFFALO/OU=Office of the President/OU=Issued through UNIVERSITY AT BUFFALO E-PKI Manager/OU=PremiumSSL Legacy/CN=ubsecure.acsu.buffalo.edu'
07-16 08:48:30.171   275   275 I wpa_supplicant: EAP-MSCHAPV2: Authentication succeeded
07-16 08:48:30.183   275   275 I wpa_supplicant: EAP-TLV: TLV Result - Success - EAP-TLV/Phase2 Completed
07-16 08:48:30.191   275   275 I wpa_supplicant: wlan0: CTRL-EVENT-EAP-SUCCESS EAP authentication completed successfully
07-16 08:48:30.234   275   275 I wpa_supplicant: wlan0: WPA: Key negotiation completed with 00:1a:a2:dc:8c:11 [PTK=CCMP GTK=TKIP]
07-16 08:48:30.234   275   275 I wpa_supplicant: wlan0: CTRL-EVENT-CONNECTED - Connection to 00:1a:a2:dc:8c:11 completed (reauth) [id=0 id_str=]
07-16 08:48:30.949 20479 20479 I SBAppWidget: Sending widget broadcast
07-16 08:48:30.980 20479 20479 I SBAppWidget: onReceive called with com.starbucks.mobilecard.SBUX_WIDGET_UPDATE
07-16 08:48:31.777   144 13425 W InputManagerService: Starting input on non-focused client com.android.internal.view.IInputMethodClient$Stub$Proxy@413514c8 (uid=10082 pid=20479)
07-16 08:48:33.824   144   144 I ActivityManager: No longer want com.android.calendar (pid 19446): hidden #16
07-16 08:48:33.832 20479 20479 D MapActivity: onDestroy leaving the lights on for com.starbucks.mobilecard.activities.CardsActivity@417feb98
07-16 08:48:34.316   144   172 I power   : *** set_screen_state 0
07-16 08:48:34.363    78   123 D SurfaceFlinger: About to give-up screen, flinger = 0x16bd918
07-16 08:48:34.398   144   176 V TransportControlView: Create TCV com.android.internal.widget.TransportControlView@419b0a60
07-16 08:48:34.515   144   146 D dalvikvm: GC_CONCURRENT freed 1268K, 14% free 17038K/19719K, paused 3ms+13ms
07-16 08:48:34.531   215   215 D PhoneStatusBar: disable: < expand icons alerts ticker system_info back home RECENT* clock >
07-16 08:48:34.578   215   215 D PhoneStatusBar: disable: < expand icons alerts ticker system_info BACK* HOME* RECENT CLOCK* >
07-16 08:48:34.617   346   346 D dalvikvm: GC_EXPLICIT freed 264K, 6% free 9469K/10055K, paused 1ms+3ms
07-16 08:48:42.004 19713 19716 D dalvikvm: GC_CONCURRENT freed 648K, 7% free 11396K/12167K, paused 2ms+2ms
07-16 08:48:50.066  1351  1353 D dalvikvm: GC_CONCURRENT freed 486K, 8% free 10334K/11207K, paused 2ms+2ms
07-16 08:49:50.050   291   294 D dalvikvm: GC_CONCURRENT freed 442K, 7% free 10811K/11527K, paused 2ms+15ms
07-16 08:49:50.117 12903 12906 D dalvikvm: GC_CONCURRENT freed 530K, 13% free 10664K/12231K, paused 1ms+3ms
07-16 08:49:50.234  1351  1353 D dalvikvm: GC_CONCURRENT freed 439K, 8% free 10311K/11207K, paused 1ms+2ms
07-16 08:49:50.429   346   346 D SAN_SERVICE: *******************************************
07-16 08:49:50.429   346   346 D SAN_SERVICE: DM App Phone Service State - 0
07-16 08:49:50.429   346   346 D SAN_SERVICE: *******************************************
07-16 08:49:51.183   346   346 D SAN_SERVICE: *******************************************
07-16 08:49:51.183   346   346 D SAN_SERVICE: DM App Phone Service State - 0
07-16 08:49:51.183   346   346 D SAN_SERVICE: *******************************************
07-16 08:50:20.336   275   275 I wpa_supplicant: wlan0: CTRL-EVENT-DISCONNECTED bssid=00:1a:a2:dc:8c:11 reason=0
07-16 08:50:20.336    75   117 D CommandListener: Clearing all IP addresses on wlan0
07-16 08:50:20.351   144   201 D ConnectivityService: ConnectivityChange for WIFI: DISCONNECTED/DISCONNECTED
07-16 08:50:20.355   144   201 D ConnectivityService: Attempting to switch to mobile
07-16 08:50:20.355   144   201 D ConnectivityService: Attempting to switch to WIMAX
07-16 08:50:20.355   144   201 D ConnectivityService: Attempting to switch to BLUETOOTH_TETHER
07-16 08:50:20.363   144   201 E ConnectivityService: Exception trying to remove a route: java.lang.IllegalStateException: Unable to communicate with native dameon to add routes - com.android.server.NativeDaemonConnectorException: Cmd {interface route remove wlan0 default 67.20.213.254 32 0.0.0.0} failed with code 400 : {Failed to remove route from default table (No such process)}
07-16 08:50:20.367   144   201 E ConnectivityService: Exception trying to remove a route: java.lang.IllegalStateException: Unable to communicate with native dameon to add routes - com.android.server.NativeDaemonConnectorException: Cmd {interface route remove wlan0 default 0.0.0.0 0 67.20.213.254} failed with code 400 : {Failed to remove route from default table (No such process)}
07-16 08:50:20.371   144   201 D ConnectivityService: resetConnections(wlan0, 3)
07-16 08:50:20.375   144   201 D NetUtils: android_net_utils_resetConnections in env=0x1d93420 clazz=0xba500001 iface=wlan0 mask=0x3
07-16 08:50:20.488   291 20567 W Smack/Packet: notify conn break (IOEx), close connection
07-16 08:50:20.640   291 20567 I qtaguid : Failed write_ctrl(u 85) res=-1 errno=22
07-16 08:50:20.640   291 20567 I qtaguid : Untagging socket 85 failed errno=-22
07-16 08:50:20.644   291 20567 W NetworkManagementSocketTagger: untagSocket(85) failed with errno -22
07-16 08:50:20.668   144   201 D ConnectivityService: handleInetConditionChange: no active default network - ignore
07-16 08:50:20.925   275   275 I wpa_supplicant: wlan0: Trying to associate with 00:14:a9:c8:31:11 (SSID='UB_Secure' freq=2412 MHz)
07-16 08:50:21.086   275   275 I wpa_supplicant: wlan0: Associated with 00:14:a9:c8:31:11
07-16 08:50:21.117   275   275 I wpa_supplicant: wlan0: CTRL-EVENT-EAP-STARTED EAP authentication started
07-16 08:50:21.121   275   275 I wpa_supplicant: wlan0: CTRL-EVENT-EAP-PROPOSED-METHOD vendor=0 method=4 -> NAK
07-16 08:50:21.132   275   275 I wpa_supplicant: wlan0: CTRL-EVENT-EAP-PROPOSED-METHOD vendor=0 method=25
07-16 08:50:21.132   275   275 I wpa_supplicant: wlan0: CTRL-EVENT-EAP-METHOD EAP vendor 0 method 25 (PEAP) selected
07-16 08:50:21.160   346   346 D SAN_SERVICE: *******************************************
07-16 08:50:21.160   346   346 D SAN_SERVICE: DM App Phone Service State - 0
07-16 08:50:21.160   346   346 D SAN_SERVICE: *******************************************
07-16 08:50:21.207   275   275 I wpa_supplicant: wlan0: CTRL-EVENT-EAP-PEER-CERT depth=2 subject='/C=US/O=Entrust.net/OU=www.entrust.net/CPS incorp. by ref. (limits liab.)/OU=(c) 1999 Entrust.net Limited/CN=Entrust.net Secure Server Certification Authority'
07-16 08:50:21.207   275   275 I wpa_supplicant: wlan0: CTRL-EVENT-EAP-PEER-CERT depth=2 subject='/C=US/O=Entrust.net/OU=www.entrust.net/CPS incorp. by ref. (limits liab.)/OU=(c) 1999 Entrust.net Limited/CN=Entrust.net Secure Server Certification Authority'
07-16 08:50:21.211   275   275 I wpa_supplicant: wlan0: CTRL-EVENT-EAP-PEER-CERT depth=1 subject='/C=US/ST=UT/L=Salt Lake City/O=The USERTRUST Network/CN=USERTrust Legacy Secure Server CA'
07-16 08:50:21.214   275   275 I wpa_supplicant: wlan0: CTRL-EVENT-EAP-PEER-CERT depth=0 subject='/C=US/postalCode=14260/ST=New York/L=Buffalo/street=305 Computing Center/O=SUNY AT BUFFALO/OU=Office of the President/OU=Issued through UNIVERSITY AT BUFFALO E-PKI Manager/OU=PremiumSSL Legacy/CN=ubsecure.acsu.buffalo.edu'
07-16 08:50:21.386   275   275 I wpa_supplicant: EAP-MSCHAPV2: Authentication succeeded
07-16 08:50:21.394   275   275 I wpa_supplicant: EAP-TLV: TLV Result - Success - EAP-TLV/Phase2 Completed
07-16 08:50:21.402   275   275 I wpa_supplicant: wlan0: CTRL-EVENT-EAP-SUCCESS EAP authentication completed successfully
07-16 08:50:21.472   275   275 I wpa_supplicant: wlan0: WPA: Key negotiation completed with 00:14:a9:c8:31:11 [PTK=CCMP GTK=TKIP]
07-16 08:50:21.472   275   275 I wpa_supplicant: wlan0: CTRL-EVENT-CONNECTED - Connection to 00:14:a9:c8:31:11 completed (reauth) [id=0 id_str=]
07-16 08:50:21.648   346   346 D SAN_SERVICE: *******************************************
07-16 08:50:21.648   346   346 D SAN_SERVICE: DM App Phone Service State - 0
07-16 08:50:21.648   346   346 D SAN_SERVICE: *******************************************
07-16 08:50:22.113   144   201 D ConnectivityService: ConnectivityChange for WIFI: CONNECTED/CONNECTED
07-16 08:50:22.144 18454 18454 I PhoneLab-WiFiReceiver: Wi-Fi is connected!
07-16 08:50:22.144 18454 18454 I PhoneLab-WiFiReceiver: SSID: UB_Secure BSSID: 00:14:a9:c8:31:11 RSSI: -200 LinkSpeed: -1
07-16 08:50:22.144 18454 18454 I PhoneLab-Locks: wake lock acquired
07-16 08:50:22.148 18454 18454 I PhoneLab-UploadLogs: Transfering log files now
07-16 08:50:22.148 18454 18454 I PhoneLab-UploadLogs: No log files to transfer
07-16 08:50:22.148 18454 18454 I PhoneLab-Locks: wake lock released
07-16 08:50:22.152 18454 18454 I PhoneLab-UploadLogs: OnStartCommand
07-16 08:50:22.160   144   196 W NetworkStats: dropping UID delta from unknown iface: iface=wlan0 uid=0 set=DEFAULT tag=0x0 rxBytes=0 rxPackets=0 txBytes=140 txPackets=2 operations=0
07-16 08:50:23.113   144   201 D ConnectivityService: NetTransition Wakelock for WifiStateMachine released by timeout
07-16 08:50:25.011   144   205 D Tethering: MasterInitialState.processMessage what=3
07-16 08:50:25.031   291   291 I GTalkService/c: [AndroidEndpoint@1094321424] connect: acct=1000000, state=CONNECTING
07-16 08:50:25.035   291   291 I GTalkService/c: [GTalkConnection@1094939328] connect: acct=1, state=CONNECTING
07-16 08:50:25.066 19547 19547 I MediaUploader: No need to wake up
07-16 08:50:25.070 18454 18454 I PhoneLab-WiFiReceiver: Wi-Fi is disconnected!
07-16 08:50:25.136 19222 19568 D PicasaSyncManager: active network: NetworkInfo: type: WIFI[], state: CONNECTED/CONNECTED, reason: (unspecified), extra: (none), roaming: false, failover: false, isAvailable: true
07-16 08:50:25.148 19628 19628 W ContextScopeImpl: thread=1 tried to enter the scope of the application context. Ignored.
07-16 08:50:25.156 19222 19568 D PicasaSyncManager: background data: true
07-16 08:50:25.625   144   317 D dalvikvm: GC_EXPLICIT freed 1602K, 15% free 16925K/19719K, paused 10ms+7ms
07-16 08:50:25.640   346   346 D SAN_SERVICE: *******************************************
07-16 08:50:25.640   346   346 D SAN_SERVICE: DM App Phone Service State - 0
07-16 08:50:25.640   346   346 D SAN_SERVICE: *******************************************
07-16 08:50:26.000   346   346 D SAN_SERVICE: *******************************************
07-16 08:50:26.000   346   346 D SAN_SERVICE: DM App Phone Service State - 0
07-16 08:50:26.000   346   346 D SAN_SERVICE: *******************************************
07-16 08:50:26.418   144   205 D Tethering: MasterInitialState.processMessage what=3
07-16 08:50:26.457   144   201 D ConnectivityService: handleInetConditionHoldEnd: net=1, condition=100, published condition=0
07-16 08:50:26.507 19547 19547 I MediaUploader: No need to wake up
07-16 08:50:26.605 19628 19628 W ContextScopeImpl: thread=1 tried to enter the scope of the application context. Ignored.
07-16 08:50:26.617 19222 19568 D PicasaSyncManager: active network: NetworkInfo: type: WIFI[], state: CONNECTED/CONNECTED, reason: (unspecified), extra: (none), roaming: false, failover: false, isAvailable: true
07-16 08:50:26.617 19222 19568 D PicasaSyncManager: background data: true
07-16 08:50:26.699 19237 19240 D dalvikvm: GC_CONCURRENT freed 372K, 6% free 9359K/9863K, paused 1ms+7ms
07-16 08:50:26.711 19222 19223 D dalvikvm: GC_CONCURRENT freed 1288K, 19% free 13246K/16263K, paused 7ms+9ms
07-16 08:50:26.777   144   201 D ConnectivityService: ConnectivityChange for mobile: CONNECTED/CONNECTED
07-16 08:50:26.800   144   201 D NetUtils: android_net_utils_resetConnections in env=0x1d93420 clazz=0xd0100001 iface=rmnet0 mask=0x3
07-16 08:50:26.800   144   201 D ConnectivityService: ConnectivityChange for mobile: DISCONNECTED/DISCONNECTED
07-16 08:50:26.800   144   201 D ConnectivityService: Attempting to switch to WIFI
07-16 08:50:26.800   144   201 D ConnectivityService: Attempting to switch to WIMAX
07-16 08:50:26.800   144   201 D ConnectivityService: Attempting to switch to BLUETOOTH_TETHER
07-16 08:50:26.800   144   201 D ConnectivityService: resetConnections(rmnet0, 3)
07-16 08:50:26.988   144   201 D ConnectivityService: handleInetConditionHoldEnd: net=1, condition=100, published condition=100
07-16 08:50:27.086   291   294 D dalvikvm: GC_CONCURRENT freed 528K, 7% free 10769K/11527K, paused 2ms+3ms
07-16 08:50:31.011   144   205 D Tethering: MasterInitialState.processMessage what=3
07-16 08:50:31.035   144   205 D Tethering: MasterInitialState.processMessage what=3
07-16 08:50:31.078 19547 19547 I MediaUploader: No need to wake up
07-16 08:50:31.144 19222 19568 D PicasaSyncManager: active network: NetworkInfo: type: WIFI[], state: CONNECTED/CONNECTED, reason: (unspecified), extra: (none), roaming: false, failover: false, isAvailable: true
07-16 08:50:31.152 19222 19568 D PicasaSyncManager: background data: true
07-16 08:50:31.175 19628 19628 W ContextScopeImpl: thread=1 tried to enter the scope of the application context. Ignored.
07-16 08:50:31.211 19547 19547 I MediaUploader: No need to wake up
07-16 08:50:31.261 19222 19568 D PicasaSyncManager: active network: NetworkInfo: type: WIFI[], state: CONNECTED/CONNECTED, reason: (unspecified), extra: (none), roaming: false, failover: false, isAvailable: true
07-16 08:50:31.261 19222 19568 D PicasaSyncManager: background data: true
07-16 08:50:31.285 19628 19628 W ContextScopeImpl: thread=1 tried to enter the scope of the application context. Ignored.
07-16 08:50:31.351   346   346 D SAN_SERVICE: *******************************************
07-16 08:50:31.351   346   346 D SAN_SERVICE: DM App Phone Service State - 0
07-16 08:50:31.351   346   346 D SAN_SERVICE: *******************************************
07-16 08:50:31.535   144   201 D ConnectivityService: handleInetConditionHoldEnd: net=1, condition=100, published condition=100
07-16 08:50:31.914   346   346 D SAN_SERVICE: *******************************************
07-16 08:50:31.914   346   346 D SAN_SERVICE: DM App Phone Service State - 0
07-16 08:50:31.918   346   346 D SAN_SERVICE: *******************************************
07-16 08:50:37.027   144   201 D ConnectivityService: ConnectivityChange for WIMAX: DISCONNECTED/SCANNING
07-16 08:50:37.031   144   201 D ConnectivityService: Attempting to switch to mobile
07-16 08:50:37.031   144   201 D ConnectivityService: Attempting to switch to WIFI
07-16 08:50:37.031   144   201 D ConnectivityService: Attempting to switch to BLUETOOTH_TETHER
07-16 08:50:37.269   144   146 D dalvikvm: GC_CONCURRENT freed 1948K, 15% free 16956K/19719K, paused 3ms+8ms
07-16 08:50:40.054   144   205 D Tethering: MasterInitialState.processMessage what=3
07-16 08:50:40.109   144   205 D Tethering: MasterInitialState.processMessage what=3
07-16 08:50:40.156 19547 19547 I MediaUploader: No need to wake up
07-16 08:50:40.226 19628 19628 W ContextScopeImpl: thread=1 tried to enter the scope of the application context. Ignored.
07-16 08:50:40.246 19222 19568 D PicasaSyncManager: active network: NetworkInfo: type: WIFI[], state: CONNECTED/CONNECTED, reason: (unspecified), extra: (none), roaming: false, failover: false, isAvailable: true
07-16 08:50:40.246 19222 19568 D PicasaSyncManager: background data: true
07-16 08:50:40.269 19547 19547 I MediaUploader: No need to wake up
07-16 08:50:40.297   346   348 D dalvikvm: GC_CONCURRENT freed 433K, 6% free 9484K/10055K, paused 2ms+2ms
07-16 08:50:40.316 19222 19568 D PicasaSyncManager: active network: NetworkInfo: type: WIFI[], state: CONNECTED/CONNECTED, reason: (unspecified), extra: (none), roaming: false, failover: false, isAvailable: true
07-16 08:50:40.320 19222 19568 D PicasaSyncManager: background data: true
07-16 08:50:40.382 19628 19628 W ContextScopeImpl: thread=1 tried to enter the scope of the application context. Ignored.
07-16 08:50:40.625   144   201 D ConnectivityService: handleInetConditionHoldEnd: net=1, condition=100, published condition=100
07-16 08:50:41.457   346   346 D SAN_SERVICE: *******************************************
07-16 08:50:41.457   346   346 D SAN_SERVICE: DM App Phone Service State - 0
07-16 08:50:41.457   346   346 D SAN_SERVICE: *******************************************
07-16 08:50:42.043   346   346 D SAN_SERVICE: *******************************************
07-16 08:50:42.043   346   346 D SAN_SERVICE: DM App Phone Service State - 0
07-16 08:50:42.043   346   346 D SAN_SERVICE: *******************************************
07-16 08:50:43.019   144   201 D ConnectivityService: ConnectivityChange for mobile: CONNECTED/CONNECTED
07-16 08:50:43.047   144   201 D NetUtils: android_net_utils_resetConnections in env=0x1d93420 clazz=0xe8f00001 iface=rmnet0 mask=0x3
07-16 08:50:43.047   144   201 D ConnectivityService: ConnectivityChange for mobile: DISCONNECTED/DISCONNECTED
07-16 08:50:43.047   144   201 D ConnectivityService: Attempting to switch to WIFI
07-16 08:50:43.047   144   201 D ConnectivityService: Attempting to switch to WIMAX
07-16 08:50:43.047   144   201 D ConnectivityService: Attempting to switch to BLUETOOTH_TETHER
07-16 08:50:43.047   144   201 D ConnectivityService: resetConnections(rmnet0, 3)
07-16 08:50:48.859   291   427 D dalvikvm: GC_EXPLICIT freed 403K, 7% free 10728K/11527K, paused 3ms+3ms
07-16 08:50:49.136   144   205 D Tethering: MasterInitialState.processMessage what=3
07-16 08:50:49.203   144   205 D Tethering: MasterInitialState.processMessage what=3
07-16 08:50:49.230 19547 19547 I MediaUploader: No need to wake up
07-16 08:50:49.281 19222 19568 D PicasaSyncManager: active network: NetworkInfo: type: WIFI[], state: CONNECTED/CONNECTED, reason: (unspecified), extra: (none), roaming: false, failover: false, isAvailable: true
07-16 08:50:49.281 19222 19568 D PicasaSyncManager: background data: true
07-16 08:50:49.304 19628 19628 W ContextScopeImpl: thread=1 tried to enter the scope of the application context. Ignored.
07-16 08:50:49.336 19547 19547 I MediaUploader: No need to wake up
07-16 08:50:49.414 19628 19628 W ContextScopeImpl: thread=1 tried to enter the scope of the application context. Ignored.
07-16 08:50:49.418 19222 19568 D PicasaSyncManager: active network: NetworkInfo: type: WIFI[], state: CONNECTED/CONNECTED, reason: (unspecified), extra: (none), roaming: false, failover: false, isAvailable: true
07-16 08:50:49.421 19222 19568 D PicasaSyncManager: background data: true
07-16 08:50:49.683   144   201 D ConnectivityService: handleInetConditionHoldEnd: net=1, condition=100, published condition=100
07-16 08:50:50.203   346   346 D SAN_SERVICE: *******************************************
07-16 08:50:50.207   346   346 D SAN_SERVICE: DM App Phone Service State - 0
07-16 08:50:50.207   346   346 D SAN_SERVICE: *******************************************
07-16 08:50:50.379   346   346 D SAN_SERVICE: *******************************************
07-16 08:50:50.382   346   346 D SAN_SERVICE: DM App Phone Service State - 0
07-16 08:50:50.382   346   346 D SAN_SERVICE: *******************************************
07-16 08:50:57.074   275   275 I wpa_supplicant: wlan0: CTRL-EVENT-DISCONNECTED bssid=00:14:a9:c8:31:11 reason=0
07-16 08:50:57.086    75   117 D CommandListener: Clearing all IP addresses on wlan0
07-16 08:50:57.140   144   201 D ConnectivityService: ConnectivityChange for WIFI: DISCONNECTED/DISCONNECTED
07-16 08:50:57.140   144   201 D ConnectivityService: Attempting to switch to mobile
07-16 08:50:57.140   144   201 D ConnectivityService: Attempting to switch to WIMAX
07-16 08:50:57.140   144   201 D ConnectivityService: Attempting to switch to BLUETOOTH_TETHER
07-16 08:50:57.171   144   201 E ConnectivityService: Exception trying to remove a route: java.lang.IllegalStateException: Unable to communicate with native dameon to add routes - com.android.server.NativeDaemonConnectorException: Cmd {interface route remove wlan0 default 67.20.213.254 32 0.0.0.0} failed with code 400 : {Failed to remove route from default table (No such process)}
07-16 08:50:57.175   144   201 E ConnectivityService: Exception trying to remove a route: java.lang.IllegalStateException: Unable to communicate with native dameon to add routes - com.android.server.NativeDaemonConnectorException: Cmd {interface route remove wlan0 default 0.0.0.0 0 67.20.213.254} failed with code 400 : {Failed to remove route from default table (No such process)}
07-16 08:50:57.175   144   201 D NetUtils: android_net_utils_resetConnections in env=0x1d93420 clazz=0xf8300001 iface=wlan0 mask=0x3
07-16 08:50:57.175   144   201 D ConnectivityService: resetConnections(wlan0, 3)
07-16 08:50:57.195   144   201 D ConnectivityService: ConnectivityChange for WIMAX: DISCONNECTED/SCANNING
07-16 08:50:57.203   144   201 D ConnectivityService: Attempting to switch to mobile
07-16 08:50:57.203   144   201 D ConnectivityService: Attempting to switch to WIFI
07-16 08:50:57.203   144   201 D ConnectivityService: Attempting to switch to BLUETOOTH_TETHER
07-16 08:50:57.367   144  6618 D dalvikvm: GC_EXPLICIT freed 1979K, 15% free 16930K/19719K, paused 2ms+8ms
07-16 08:50:57.379   291 20645 W Smack/Packet: notify conn break (IOEx), close connection
07-16 08:50:57.539   291 20645 I qtaguid : Failed write_ctrl(u 85) res=-1 errno=22
07-16 08:50:57.539   291 20645 I qtaguid : Untagging socket 85 failed errno=-22
07-16 08:50:57.539   291 20645 W NetworkManagementSocketTagger: untagSocket(85) failed with errno -22
07-16 08:50:57.562   144   201 D ConnectivityService: handleInetConditionChange: no active default network - ignore
07-16 08:50:57.668   275   275 I wpa_supplicant: wlan0: Trying to associate with 00:13:80:94:4a:a1 (SSID='UB_Secure' freq=2462 MHz)
07-16 08:50:57.804   275   275 I wpa_supplicant: wlan0: Associated with 00:13:80:94:4a:a1
07-16 08:50:57.824   275   275 I wpa_supplicant: wlan0: CTRL-EVENT-EAP-STARTED EAP authentication started
07-16 08:50:57.828   275   275 I wpa_supplicant: wlan0: CTRL-EVENT-EAP-PROPOSED-METHOD vendor=0 method=4 -> NAK
07-16 08:50:57.836   275   275 I wpa_supplicant: wlan0: CTRL-EVENT-EAP-PROPOSED-METHOD vendor=0 method=25
07-16 08:50:57.836   275   275 I wpa_supplicant: wlan0: CTRL-EVENT-EAP-METHOD EAP vendor 0 method 25 (PEAP) selected
07-16 08:50:57.910   275   275 I wpa_supplicant: wlan0: CTRL-EVENT-EAP-PEER-CERT depth=2 subject='/C=US/O=Entrust.net/OU=www.entrust.net/CPS incorp. by ref. (limits liab.)/OU=(c) 1999 Entrust.net Limited/CN=Entrust.net Secure Server Certification Authority'
07-16 08:50:57.910   275   275 I wpa_supplicant: wlan0: CTRL-EVENT-EAP-PEER-CERT depth=2 subject='/C=US/O=Entrust.net/OU=www.entrust.net/CPS incorp. by ref. (limits liab.)/OU=(c) 1999 Entrust.net Limited/CN=Entrust.net Secure Server Certification Authority'
07-16 08:50:57.910   275   275 I wpa_supplicant: wlan0: CTRL-EVENT-EAP-PEER-CERT depth=1 subject='/C=US/ST=UT/L=Salt Lake City/O=The USERTRUST Network/CN=USERTrust Legacy Secure Server CA'
07-16 08:50:57.914   275   275 I wpa_supplicant: wlan0: CTRL-EVENT-EAP-PEER-CERT depth=0 subject='/C=US/postalCode=14260/ST=New York/L=Buffalo/street=305 Computing Center/O=SUNY AT BUFFALO/OU=Office of the President/OU=Issued through UNIVERSITY AT BUFFALO E-PKI Manager/OU=PremiumSSL Legacy/CN=ubsecure.acsu.buffalo.edu'
07-16 08:50:57.933 12903 12906 D dalvikvm: GC_CONCURRENT freed 433K, 13% free 10661K/12231K, paused 1ms+2ms
07-16 08:50:58.062   275   275 I wpa_supplicant: EAP-MSCHAPV2: Authentication succeeded
07-16 08:50:58.070   275   275 I wpa_supplicant: EAP-TLV: TLV Result - Success - EAP-TLV/Phase2 Completed
07-16 08:50:58.078   275   275 I wpa_supplicant: wlan0: CTRL-EVENT-EAP-SUCCESS EAP authentication completed successfully
07-16 08:50:58.140   275   275 I wpa_supplicant: wlan0: WPA: Key negotiation completed with 00:13:80:94:4a:a1 [PTK=CCMP GTK=TKIP]
07-16 08:50:58.144   275   275 I wpa_supplicant: wlan0: CTRL-EVENT-CONNECTED - Connection to 00:13:80:94:4a:a1 completed (reauth) [id=0 id_str=]
07-16 08:51:00.211   144   205 D Tethering: MasterInitialState.processMessage what=3
07-16 08:51:00.265   144   205 D Tethering: MasterInitialState.processMessage what=3
07-16 08:51:00.312 19547 19547 I MediaUploader: No need to wake up
07-16 08:51:00.316 18454 18454 I PhoneLab-WiFiReceiver: Wi-Fi is disconnected!
07-16 08:51:00.367 19222 19568 D PicasaSyncManager: active network: null
07-16 08:51:00.367 19222 19568 D PicasaSyncManager: background data: true
07-16 08:51:00.472 19547 19547 I MediaUploader: No need to wake up
07-16 08:51:00.535 19222 19568 D PicasaSyncManager: active network: null
07-16 08:51:00.535 19222 19568 D PicasaSyncManager: background data: true
07-16 08:51:01.757 18454 18467 I PhoneLab-: Service Running
07-16 08:51:01.832 18454 18467 I PhoneLab-LoggerService: app_37    1395  1     1432   992   c00f181c 400107b4 S logcat
07-16 08:51:01.832 18454 18467 I PhoneLab-LoggerService: Logcat pid from database 1395
07-16 08:51:01.832 18454 18467 I PhoneLab-LoggerService: Logcat process found 1395
07-16 08:51:01.832 18454 18467 I PhoneLab-LoggerService: Checking Threshold
07-16 08:51:02.160   346   346 D SAN_SERVICE: *******************************************
07-16 08:51:02.164   346   346 D SAN_SERVICE: DM App Phone Service State - 0
07-16 08:51:02.164   346   346 D SAN_SERVICE: *******************************************
07-16 08:51:02.621   346   346 D SAN_SERVICE: *******************************************
07-16 08:51:02.625   346   346 D SAN_SERVICE: DM App Phone Service State - 0
07-16 08:51:02.625   346   346 D SAN_SERVICE: *******************************************
07-16 08:51:03.222   144   201 D ConnectivityService: ConnectivityChange for mobile: CONNECTED/CONNECTED
07-16 08:51:03.273   144   196 W NetworkStats: dropping UID delta from unknown iface: iface=wlan0 uid=0 set=DEFAULT tag=0x0 rxBytes=0 rxPackets=0 txBytes=272 txPackets=4 operations=0
07-16 08:51:03.316   144   197 D NetworkPolicy: applying policy NetworkPolicy[NetworkTemplate: matchRule=MOBILE_ALL, subscriberId=valid]: cycleDay=20, warningBytes=2147483648, limitBytes=-1, lastSnooze=-1 to ifaces [rmnet0]
07-16 08:51:03.617   144   201 D ConnectivityService: ConnectivityChange for WIMAX: DISCONNECTED/SCANNING
07-16 08:51:03.621   144   201 D ConnectivityService: Attempting to switch to mobile
07-16 08:51:03.621   144   201 D ConnectivityService: Attempting to switch to WIFI
07-16 08:51:03.621   144   201 D ConnectivityService: Attempting to switch to BLUETOOTH_TETHER
07-16 08:51:03.636   144   196 W NetworkStats: dropping UID delta from unknown iface: iface=wlan0 uid=0 set=DEFAULT tag=0x0 rxBytes=0 rxPackets=0 txBytes=56 txPackets=1 operations=0
07-16 08:51:03.671   144   197 D NetworkPolicy: applying policy NetworkPolicy[NetworkTemplate: matchRule=MOBILE_ALL, subscriberId=valid]: cycleDay=20, warningBytes=2147483648, limitBytes=-1, lastSnooze=-1 to ifaces [rmnet0]
07-16 08:51:03.718   144   197 D NetworkPolicy: applying policy NetworkPolicy[NetworkTemplate: matchRule=MOBILE_ALL, subscriberId=valid]: cycleDay=20, warningBytes=2147483648, limitBytes=-1, lastSnooze=-1 to ifaces [rmnet0]
07-16 08:51:04.226   144   201 D ConnectivityService: NetTransition Wakelock for WifiStateMachine released by timeout
07-16 08:51:05.640   346   346 D SAN_SERVICE: *******************************************
07-16 08:51:05.640   346   346 D SAN_SERVICE: DM App Phone Service State - 0
07-16 08:51:05.640   346   346 D SAN_SERVICE: *******************************************
07-16 08:51:05.652   346   348 D dalvikvm: GC_CONCURRENT freed 449K, 6% free 9484K/10055K, paused 14ms+3ms
07-16 08:51:06.300   144   205 D Tethering: MasterInitialState.processMessage what=3
07-16 08:51:06.336   291   291 I GTalkService/c: [AndroidEndpoint@1094321424] connect: acct=1000000, state=CONNECTING
07-16 08:51:06.336   291   291 I GTalkService/c: [GTalkConnection@1094939328] connect: acct=1, state=CONNECTING
07-16 08:51:06.367 19547 19547 I MediaUploader: No need to wake up
07-16 08:51:06.394 19222 19568 D PicasaSyncManager: active network: NetworkInfo: type: mobile[CDMA - EvDo rev. A], state: CONNECTED/CONNECTED, reason: (unspecified), extra: , roaming: false, failover: false, isAvailable: true
07-16 08:51:06.398 19222 19568 D PicasaSyncManager: background data: true
07-16 08:51:06.476 19628 19628 W ContextScopeImpl: thread=1 tried to enter the scope of the application context. Ignored.
07-16 08:51:06.570   144   146 D dalvikvm: GC_CONCURRENT freed 1908K, 15% free 16899K/19719K, paused 6ms+6ms
07-16 08:51:06.640   144   205 D Tethering: MasterInitialState.processMessage what=3
07-16 08:51:06.656   144   205 D Tethering: MasterInitialState.processMessage what=3
07-16 08:51:06.714   291   294 D dalvikvm: GC_CONCURRENT freed 480K, 7% free 10730K/11527K, paused 2ms+5ms
07-16 08:51:06.742 19547 19547 I MediaUploader: No need to wake up
07-16 08:51:06.808 19628 19628 W ContextScopeImpl: thread=1 tried to enter the scope of the application context. Ignored.
07-16 08:51:06.816 19222 19568 D PicasaSyncManager: active network: NetworkInfo: type: mobile[CDMA - EvDo rev. A], state: CONNECTED/CONNECTED, reason: (unspecified), extra: , roaming: false, failover: false, isAvailable: true
07-16 08:51:06.820 19222 19568 D PicasaSyncManager: background data: true
07-16 08:51:06.851 19237 19240 D dalvikvm: GC_CONCURRENT freed 440K, 6% free 9349K/9927K, paused 2ms+3ms
07-16 08:51:06.890 19547 19547 I MediaUploader: No need to wake up
07-16 08:51:06.961 19628 19628 W ContextScopeImpl: thread=1 tried to enter the scope of the application context. Ignored.
07-16 08:51:06.961 19222 19568 D PicasaSyncManager: active network: NetworkInfo: type: mobile[CDMA - EvDo rev. A], state: CONNECTED/CONNECTED, reason: (unspecified), extra: , roaming: false, failover: false, isAvailable: true
07-16 08:51:06.964 19222 19568 D PicasaSyncManager: background data: true
07-16 08:51:08.355   144   201 D ConnectivityService: handleInetConditionHoldEnd: net=0, condition=100, published condition=0
07-16 08:51:09.289   291   294 D dalvikvm: GC_CONCURRENT freed 441K, 7% free 10737K/11527K, paused 47ms+3ms
07-16 08:51:10.425   275   275 I wpa_supplicant: wlan0: CTRL-EVENT-DISCONNECTED bssid=00:13:80:94:4a:a1 reason=0
07-16 08:51:10.429    75   117 D CommandListener: Clearing all IP addresses on wlan0
07-16 08:51:10.480   144   201 D ConnectivityService: ConnectivityChange for WIFI: DISCONNECTED/DISCONNECTED
07-16 08:51:10.480   144   201 D ConnectivityService: Attempting to switch to mobile
07-16 08:51:10.480   144   201 D ConnectivityService: Attempting to switch to WIMAX
07-16 08:51:10.480   144   201 D ConnectivityService: Attempting to switch to BLUETOOTH_TETHER
07-16 08:51:10.500   144   196 W NetworkStats: dropping UID delta from unknown iface: iface=wlan0 uid=0 set=DEFAULT tag=0x0 rxBytes=0 rxPackets=0 txBytes=56 txPackets=1 operations=0
07-16 08:51:10.535   144   197 D NetworkPolicy: applying policy NetworkPolicy[NetworkTemplate: matchRule=MOBILE_ALL, subscriberId=valid]: cycleDay=20, warningBytes=2147483648, limitBytes=-1, lastSnooze=-1 to ifaces [rmnet0]
07-16 08:51:10.586   144   197 D NetworkPolicy: applying policy NetworkPolicy[NetworkTemplate: matchRule=MOBILE_ALL, subscriberId=valid]: cycleDay=20, warningBytes=2147483648, limitBytes=-1, lastSnooze=-1 to ifaces [rmnet0]
07-16 08:51:10.847   346   346 D SAN_SERVICE: *******************************************
07-16 08:51:10.847   346   346 D SAN_SERVICE: DM App Phone Service State - 0
07-16 08:51:10.847   346   346 D SAN_SERVICE: *******************************************
07-16 08:51:11.629   346   346 D SAN_SERVICE: *******************************************
07-16 08:51:11.629   346   346 D SAN_SERVICE: DM App Phone Service State - 0
07-16 08:51:11.629   346   346 D SAN_SERVICE: *******************************************
07-16 08:51:19.316   144   205 D Tethering: MasterInitialState.processMessage what=3
07-16 08:51:19.390   144   205 D Tethering: MasterInitialState.processMessage what=3
07-16 08:51:19.414 19547 19547 I MediaUploader: No need to wake up
07-16 08:51:19.418 18454 18454 I PhoneLab-WiFiReceiver: Wi-Fi is disconnected!
07-16 08:51:19.480 19628 19628 W ContextScopeImpl: thread=1 tried to enter the scope of the application context. Ignored.
07-16 08:51:19.515 19547 19547 I MediaUploader: No need to wake up
07-16 08:51:19.601 19628 19628 W ContextScopeImpl: thread=1 tried to enter the scope of the application context. Ignored.
07-16 08:51:19.609 19222 19568 D PicasaSyncManager: active network: NetworkInfo: type: mobile[CDMA - EvDo rev. A], state: CONNECTED/CONNECTED, reason: (unspecified), extra: , roaming: false, failover: false, isAvailable: true
07-16 08:51:19.613 19222 19568 D PicasaSyncManager: background data: true
07-16 08:51:19.617 19222 19568 D PicasaSyncManager: active network: NetworkInfo: type: mobile[CDMA - EvDo rev. A], state: CONNECTED/CONNECTED, reason: (unspecified), extra: , roaming: false, failover: false, isAvailable: true
07-16 08:51:19.617 19222 19568 D PicasaSyncManager: background data: true
07-16 08:51:19.867   144   201 D ConnectivityService: handleInetConditionHoldEnd: net=0, condition=100, published condition=100
07-16 08:51:49.050 20230 20722 D GetStringObjTask: retrieving from url = http://www.chess.com/api/get_move_status?id=5HHjW9WUGa%2Bcu1LUwnVJPxTIWxmEve4VdkRnRyg7b5Ch69JH2Z5aB%2B7eGuFw8K2uFx47KFsdE3JRdR3Mzv0PkZOj6eZ8N73BvxmEERrzXjMNRo80rkLyJAUTh0iqof4n
07-16 08:51:49.222   144   342 D dalvikvm: GC_EXPLICIT freed 1384K, 15% free 16902K/19719K, paused 4ms+7ms
07-16 08:51:49.277  1351  1353 D dalvikvm: GC_CONCURRENT freed 496K, 8% free 10327K/11207K, paused 2ms+2ms
07-16 08:51:49.554   275   275 I wpa_supplicant: wlan0: Trying to associate with 00:13:80:94:4a:a1 (SSID='UB_Secure' freq=2462 MHz)
07-16 08:51:49.621  1351  1353 D dalvikvm: GC_CONCURRENT freed 287K, 7% free 10457K/11207K, paused 17ms+7ms
07-16 08:51:49.949 20230 20722 D GetStringObjTask: WebRequest SERVER RESPONSE: Success+0
07-16 08:51:49.961 20230 20232 D dalvikvm: GC_CONCURRENT freed 305K, 5% free 9497K/9927K, paused 2ms+2ms
07-16 08:51:51.070  1351  1353 D dalvikvm: GC_CONCURRENT freed 370K, 6% free 10567K/11207K, paused 13ms+7ms
07-16 08:51:51.699   346   346 D SAN_SERVICE: *******************************************
07-16 08:51:51.699   346   346 D SAN_SERVICE: DM App Phone Service State - 0
07-16 08:51:51.699   346   346 D SAN_SERVICE: *******************************************
07-16 08:51:52.211   346   346 D SAN_SERVICE: *******************************************
07-16 08:51:52.211   346   346 D SAN_SERVICE: DM App Phone Service State - 0
07-16 08:51:52.211   346   346 D SAN_SERVICE: *******************************************
07-16 08:52:19.164   275   275 I wpa_supplicant: wlan0: Authentication with 00:13:80:94:4a:a1 timed out.
07-16 08:52:48.644   275   275 I wpa_supplicant: wlan0: Trying to associate with d0:c2:82:67:f0:d1 (SSID='UB_Secure' freq=2412 MHz)
07-16 08:52:48.808   275   275 I wpa_supplicant: wlan0: Associated with d0:c2:82:67:f0:d1
07-16 08:52:48.820   275   275 I wpa_supplicant: wlan0: CTRL-EVENT-EAP-STARTED EAP authentication started
07-16 08:52:48.843   275   275 I wpa_supplicant: wlan0: CTRL-EVENT-EAP-PROPOSED-METHOD vendor=0 method=4 -> NAK
07-16 08:52:48.847   275   275 I wpa_supplicant: wlan0: CTRL-EVENT-EAP-PROPOSED-METHOD vendor=0 method=25
07-16 08:52:48.847   275   275 I wpa_supplicant: wlan0: CTRL-EVENT-EAP-METHOD EAP vendor 0 method 25 (PEAP) selected
07-16 08:52:48.906   275   275 I wpa_supplicant: wlan0: CTRL-EVENT-EAP-PEER-CERT depth=2 subject='/C=US/O=Entrust.net/OU=www.entrust.net/CPS incorp. by ref. (limits liab.)/OU=(c) 1999 Entrust.net Limited/CN=Entrust.net Secure Server Certification Authority'
07-16 08:52:48.906   275   275 I wpa_supplicant: wlan0: CTRL-EVENT-EAP-PEER-CERT depth=2 subject='/C=US/O=Entrust.net/OU=www.entrust.net/CPS incorp. by ref. (limits liab.)/OU=(c) 1999 Entrust.net Limited/CN=Entrust.net Secure Server Certification Authority'
07-16 08:52:48.906   275   275 I wpa_supplicant: wlan0: CTRL-EVENT-EAP-PEER-CERT depth=1 subject='/C=US/ST=UT/L=Salt Lake City/O=The USERTRUST Network/CN=USERTrust Legacy Secure Server CA'
07-16 08:52:48.910   275   275 I wpa_supplicant: wlan0: CTRL-EVENT-EAP-PEER-CERT depth=0 subject='/C=US/postalCode=14260/ST=New York/L=Buffalo/street=305 Computing Center/O=SUNY AT BUFFALO/OU=Office of the President/OU=Issued through UNIVERSITY AT BUFFALO E-PKI Manager/OU=PremiumSSL Legacy/CN=ubsecure.acsu.buffalo.edu'
07-16 08:52:48.929   215   215 D dalvikvm: GC_FOR_ALLOC freed 398K, 32% free 9778K/14215K, paused 33ms
07-16 08:52:49.011   215   217 D dalvikvm: GC_CONCURRENT freed 356K, 31% free 9880K/14215K, paused 1ms+2ms
07-16 08:52:49.062   275   275 I wpa_supplicant: EAP-MSCHAPV2: Authentication succeeded
07-16 08:52:49.062   275   275 I wpa_supplicant: EAP-TLV: TLV Result - Success - EAP-TLV/Phase2 Completed
07-16 08:52:49.066   275   275 I wpa_supplicant: wlan0: CTRL-EVENT-EAP-SUCCESS EAP authentication completed successfully
07-16 08:52:49.082   275   275 I wpa_supplicant: wlan0: WPA: Key negotiation completed with d0:c2:82:67:f0:d1 [PTK=CCMP GTK=TKIP]
07-16 08:52:49.082   275   275 I wpa_supplicant: wlan0: CTRL-EVENT-CONNECTED - Connection to d0:c2:82:67:f0:d1 completed (reauth) [id=0 id_str=]
07-16 08:52:49.082    75   114 D NetlinkEvent: Unexpected netlink message. type=0xf
07-16 08:52:49.199 12903 12906 D dalvikvm: GC_CONCURRENT freed 541K, 13% free 10667K/12231K, paused 2ms+5ms
07-16 08:52:49.597   346   346 D SAN_SERVICE: *******************************************
07-16 08:52:49.597   346   346 D SAN_SERVICE: DM App Phone Service State - 0
07-16 08:52:49.597   346   346 D SAN_SERVICE: *******************************************
07-16 08:52:49.668   144   201 D ConnectivityService: ConnectivityChange for WIFI: CONNECTED/CONNECTED
07-16 08:52:49.668   144   201 D ConnectivityService: Policy requires mobile teardown
07-16 08:52:49.679 18454 18454 I PhoneLab-WiFiReceiver: Wi-Fi is connected!
07-16 08:52:49.679 18454 18454 I PhoneLab-WiFiReceiver: SSID: UB_Secure BSSID: d0:c2:82:67:f0:d1 RSSI: -200 LinkSpeed: -1
07-16 08:52:49.679 18454 18454 I PhoneLab-Locks: wake lock acquired
07-16 08:52:49.683 18454 18454 I PhoneLab-UploadLogs: Transfering log files now
07-16 08:52:49.683 18454 18454 I PhoneLab-UploadLogs: No log files to transfer
07-16 08:52:49.683 18454 18454 I PhoneLab-Locks: wake lock released
07-16 08:52:49.695 18454 18454 I PhoneLab-UploadLogs: OnStartCommand
07-16 08:52:49.742   144   201 D ConnectivityService: ConnectivityChange for mobile: DISCONNECTED/DISCONNECTED
07-16 08:52:49.742   144   201 D ConnectivityService: Attempting to switch to WIFI
07-16 08:52:49.742   144   201 D ConnectivityService: Attempting to switch to WIMAX
07-16 08:52:49.742   144   201 D ConnectivityService: Attempting to switch to BLUETOOTH_TETHER
07-16 08:52:49.750   144   201 D ConnectivityService: resetConnections(rmnet0, 3)
07-16 08:52:49.757   144   201 D NetUtils: android_net_utils_resetConnections in env=0x1d93420 clazz=0x35000001 iface=rmnet0 mask=0x3
07-16 08:52:49.761   144   196 W NetworkStats: dropping UID delta from unknown iface: iface=wlan0 uid=0 set=DEFAULT tag=0x0 rxBytes=0 rxPackets=0 txBytes=140 txPackets=2 operations=0
07-16 08:52:49.918   215   217 D dalvikvm: GC_CONCURRENT freed 577K, 32% free 9773K/14215K, paused 2ms+14ms
07-16 08:52:50.007   291 20712 W Smack/Packet: notify conn break (IOEx), close connection
07-16 08:52:50.050  1351  1353 D dalvikvm: GC_CONCURRENT freed 658K, 8% free 10314K/11207K, paused 1ms+3ms
07-16 08:52:50.160   291 20712 I qtaguid : Failed write_ctrl(u 85) res=-1 errno=22
07-16 08:52:50.160   291 20712 I qtaguid : Untagging socket 85 failed errno=-22
07-16 08:52:50.160   291 20712 W NetworkManagementSocketTagger: untagSocket(85) failed with errno -22
07-16 08:52:50.171   144   201 D ConnectivityService: handleInetConditionChange: net=0 != default=1 - ignore
07-16 08:52:50.304   346   346 D SAN_SERVICE: *******************************************
07-16 08:52:50.304   346   346 D SAN_SERVICE: DM App Phone Service State - 0
07-16 08:52:50.304   346   346 D SAN_SERVICE: *******************************************
07-16 08:52:52.761   144   205 D Tethering: MasterInitialState.processMessage what=3
07-16 08:52:52.812   291   291 I GTalkService/c: [AndroidEndpoint@1094321424] connect: acct=1000000, state=CONNECTING
07-16 08:52:52.816   291   291 I GTalkService/c: [GTalkConnection@1094939328] connect: acct=1, state=CONNECTING
07-16 08:52:52.855 19547 19547 I MediaUploader: No need to wake up
07-16 08:52:52.902   144   205 D Tethering: MasterInitialState.processMessage what=3
07-16 08:52:52.914   144   205 D Tethering: MasterInitialState.processMessage what=3
07-16 08:52:52.957 19222 19568 D PicasaSyncManager: active network: NetworkInfo: type: WIFI[], state: CONNECTED/CONNECTED, reason: (unspecified), extra: (none), roaming: false, failover: false, isAvailable: true
07-16 08:52:52.980 19628 19628 W ContextScopeImpl: thread=1 tried to enter the scope of the application context. Ignored.
07-16 08:52:52.984 19222 19568 D PicasaSyncManager: background data: true
07-16 08:52:53.015 19547 19547 I MediaUploader: No need to wake up
07-16 08:52:53.082 19628 19628 W ContextScopeImpl: thread=1 tried to enter the scope of the application context. Ignored.
07-16 08:52:53.113 19547 19547 I MediaUploader: No need to wake up
07-16 08:52:53.207 19628 19630 D dalvikvm: GC_CONCURRENT freed 374K, 5% free 9927K/10439K, paused 2ms+2ms
07-16 08:52:53.207 19508 19510 D dalvikvm: GC_CONCURRENT freed 382K, 6% free 9935K/10567K, paused 7ms+3ms
07-16 08:52:53.230 19628 19628 W ContextScopeImpl: thread=1 tried to enter the scope of the application context. Ignored.
07-16 08:52:53.328 19222 19568 D PicasaSyncManager: active network: NetworkInfo: type: WIFI[], state: CONNECTED/CONNECTED, reason: (unspecified), extra: (none), roaming: false, failover: false, isAvailable: true
07-16 08:52:53.328 19222 19568 D PicasaSyncManager: background data: true
07-16 08:53:01.875   275   275 I wpa_supplicant: wlan0: CTRL-EVENT-DISCONNECTED bssid=d0:c2:82:67:f0:d1 reason=0
07-16 08:53:01.882    75   117 D CommandListener: Clearing all IP addresses on wlan0
07-16 08:53:01.957   144   201 D ConnectivityService: ConnectivityChange for WIFI: DISCONNECTED/DISCONNECTED
07-16 08:53:01.961   144   201 D ConnectivityService: Attempting to switch to mobile
07-16 08:53:01.961   144   201 D ConnectivityService: Attempting to switch to WIMAX
07-16 08:53:01.961   144   201 D ConnectivityService: Attempting to switch to BLUETOOTH_TETHER
07-16 08:53:02.004   144   201 D NetUtils: android_net_utils_resetConnections in env=0x1d93420 clazz=0x43700001 iface=wlan0 mask=0x3
07-16 08:53:02.004   144   201 E ConnectivityService: Exception trying to remove a route: java.lang.IllegalStateException: Unable to communicate with native dameon to add routes - com.android.server.NativeDaemonConnectorException: Cmd {interface route remove wlan0 default 67.20.213.254 32 0.0.0.0} failed with code 400 : {Failed to remove route from default table (No such process)}
07-16 08:53:02.004   144   201 E ConnectivityService: Exception trying to remove a route: java.lang.IllegalStateException: Unable to communicate with native dameon to add routes - com.android.server.NativeDaemonConnectorException: Cmd {interface route remove wlan0 default 0.0.0.0 0 67.20.213.254} failed with code 400 : {Failed to remove route from default table (No such process)}
07-16 08:53:02.004   144   201 D ConnectivityService: resetConnections(wlan0, 3)
07-16 08:53:02.101   144   146 D dalvikvm: GC_CONCURRENT freed 1867K, 14% free 17009K/19719K, paused 6ms+7ms
07-16 08:53:02.105   291   912 E GTalkService: connectionClosed: no XMPPConnection - That's strange!
07-16 08:53:02.156   144   201 D ConnectivityService: handleInetConditionChange: no active default network - ignore
07-16 08:53:02.332   291   912 E GTalkService: connectionClosed: no XMPPConnection - That's strange!
07-16 08:53:02.492   275   275 I wpa_supplicant: wlan0: Trying to associate with 58:35:d9:38:be:51 (SSID='UB_Secure' freq=2462 MHz)
07-16 08:53:02.617   275   275 I wpa_supplicant: wlan0: Associated with 58:35:d9:38:be:51
07-16 08:53:02.617   275   275 I wpa_supplicant: wlan0: CTRL-EVENT-EAP-STARTED EAP authentication started
07-16 08:53:02.621   275   275 I wpa_supplicant: wlan0: CTRL-EVENT-EAP-PROPOSED-METHOD vendor=0 method=4 -> NAK
07-16 08:53:02.625   275   275 I wpa_supplicant: wlan0: CTRL-EVENT-EAP-PROPOSED-METHOD vendor=0 method=25
07-16 08:53:02.625   275   275 I wpa_supplicant: wlan0: CTRL-EVENT-EAP-METHOD EAP vendor 0 method 25 (PEAP) selected
07-16 08:53:02.675   275   275 I wpa_supplicant: wlan0: CTRL-EVENT-EAP-PEER-CERT depth=2 subject='/C=US/O=Entrust.net/OU=www.entrust.net/CPS incorp. by ref. (limits liab.)/OU=(c) 1999 Entrust.net Limited/CN=Entrust.net Secure Server Certification Authority'
07-16 08:53:02.675   275   275 I wpa_supplicant: wlan0: CTRL-EVENT-EAP-PEER-CERT depth=2 subject='/C=US/O=Entrust.net/OU=www.entrust.net/CPS incorp. by ref. (limits liab.)/OU=(c) 1999 Entrust.net Limited/CN=Entrust.net Secure Server Certification Authority'
07-16 08:53:02.679   275   275 I wpa_supplicant: wlan0: CTRL-EVENT-EAP-PEER-CERT depth=1 subject='/C=US/ST=UT/L=Salt Lake City/O=The USERTRUST Network/CN=USERTrust Legacy Secure Server CA'
07-16 08:53:02.683   275   275 I wpa_supplicant: wlan0: CTRL-EVENT-EAP-PEER-CERT depth=0 subject='/C=US/postalCode=14260/ST=New York/L=Buffalo/street=305 Computing Center/O=SUNY AT BUFFALO/OU=Office of the President/OU=Issued through UNIVERSITY AT BUFFALO E-PKI Manager/OU=PremiumSSL Legacy/CN=ubsecure.acsu.buffalo.edu'
07-16 08:53:02.843   275   275 I wpa_supplicant: EAP-MSCHAPV2: Authentication succeeded
07-16 08:53:02.855   275   275 I wpa_supplicant: EAP-TLV: TLV Result - Success - EAP-TLV/Phase2 Completed
07-16 08:53:02.859   275   275 I wpa_supplicant: wlan0: CTRL-EVENT-EAP-SUCCESS EAP authentication completed successfully
07-16 08:53:02.921   275   275 I wpa_supplicant: wlan0: WPA: Key negotiation completed with 58:35:d9:38:be:51 [PTK=CCMP GTK=TKIP]
07-16 08:53:02.925   275   275 I wpa_supplicant: wlan0: CTRL-EVENT-CONNECTED - Connection to 58:35:d9:38:be:51 completed (reauth) [id=0 id_str=]
07-16 08:53:03.558   144   201 D ConnectivityService: ConnectivityChange for WIFI: CONNECTED/CONNECTED
07-16 08:53:03.597 18454 18454 I PhoneLab-WiFiReceiver: Wi-Fi is connected!
07-16 08:53:03.601 18454 18454 I PhoneLab-WiFiReceiver: SSID: UB_Secure BSSID: 58:35:d9:38:be:51 RSSI: -200 LinkSpeed: -1
07-16 08:53:03.601 18454 18454 I PhoneLab-Locks: wake lock acquired
07-16 08:53:03.605 18454 18454 I PhoneLab-UploadLogs: Transfering log files now
07-16 08:53:03.605 18454 18454 I PhoneLab-UploadLogs: No log files to transfer
07-16 08:53:03.605 18454 18454 I PhoneLab-Locks: wake lock released
07-16 08:53:03.605 18454 18454 I PhoneLab-UploadLogs: OnStartCommand
07-16 08:53:03.625   144   196 W NetworkStats: dropping UID delta from unknown iface: iface=wlan0 uid=0 set=DEFAULT tag=0x0 rxBytes=0 rxPackets=0 txBytes=140 txPackets=2 operations=0
07-16 08:53:04.562   144   201 D ConnectivityService: NetTransition Wakelock for WifiStateMachine released by timeout
07-16 08:53:05.031   144   205 D Tethering: MasterInitialState.processMessage what=3
07-16 08:53:05.078   291   291 I GTalkService/c: [AndroidEndpoint@1094321424] connect: acct=1000000, state=CONNECTING
07-16 08:53:05.082   291   291 I GTalkService/c: [GTalkConnection@1094939328] connect: acct=1, state=CONNECTING
07-16 08:53:05.156 19547 19547 I MediaUploader: No need to wake up
07-16 08:53:05.156 18454 18454 I PhoneLab-WiFiReceiver: Wi-Fi is disconnected!
07-16 08:53:05.226 19628 19628 W ContextScopeImpl: thread=1 tried to enter the scope of the application context. Ignored.
07-16 08:53:05.242 19222 19568 D PicasaSyncManager: active network: NetworkInfo: type: WIFI[], state: CONNECTED/CONNECTED, reason: (unspecified), extra: (none), roaming: false, failover: false, isAvailable: true
07-16 08:53:05.242 19222 19568 D PicasaSyncManager: background data: true
07-16 08:53:05.254   291   294 D dalvikvm: GC_CONCURRENT freed 459K, 7% free 10761K/11527K, paused 1ms+6ms
07-16 08:53:05.289 19565 19567 D dalvikvm: GC_CONCURRENT freed 415K, 5% free 10410K/10951K, paused 1ms+8ms
07-16 08:53:06.375   144   201 D ConnectivityService: handleInetConditionHoldEnd: net=1, condition=100, published condition=0
07-16 08:53:06.629   144   205 D Tethering: MasterInitialState.processMessage what=3
07-16 08:53:06.687 19547 19547 I MediaUploader: No need to wake up
07-16 08:53:06.734 19222 19568 D PicasaSyncManager: active network: NetworkInfo: type: WIFI[], state: CONNECTED/CONNECTED, reason: (unspecified), extra: (none), roaming: false, failover: false, isAvailable: true
07-16 08:53:06.761 19628 19628 W ContextScopeImpl: thread=1 tried to enter the scope of the application context. Ignored.
07-16 08:53:06.781 19222 19568 D PicasaSyncManager: background data: true
07-16 08:53:07.027   291   294 D dalvikvm: GC_CONCURRENT freed 472K, 7% free 10752K/11527K, paused 3ms+4ms
07-16 08:53:07.152   144   201 D ConnectivityService: handleInetConditionHoldEnd: net=1, condition=100, published condition=100
07-16 08:53:07.293 18943 18945 D dalvikvm: GC_CONCURRENT freed 417K, 7% free 9553K/10183K, paused 1ms+3ms
07-16 08:53:09.804   144   201 D ConnectivityService: ConnectivityChange for mobile: CONNECTED/CONNECTED
07-16 08:53:09.832   144   201 D NetUtils: android_net_utils_resetConnections in env=0x1d93420 clazz=0x5a500001 iface=rmnet0 mask=0x3
07-16 08:53:09.832   144   201 D ConnectivityService: ConnectivityChange for mobile: DISCONNECTED/DISCONNECTED
07-16 08:53:09.832   144   201 D ConnectivityService: Attempting to switch to WIFI
07-16 08:53:09.832   144   201 D ConnectivityService: Attempting to switch to WIMAX
07-16 08:53:09.832   144   201 D ConnectivityService: Attempting to switch to BLUETOOTH_TETHER
07-16 08:53:09.832   144   201 D ConnectivityService: resetConnections(rmnet0, 3)
07-16 08:53:09.996   346   348 D dalvikvm: GC_CONCURRENT freed 430K, 6% free 9486K/10055K, paused 2ms+8ms
07-16 08:53:10.113   144   201 D dalvikvm: GC_EXPLICIT freed 1924K, 15% free 16937K/19719K, paused 9ms+8ms
07-16 08:53:14.195   144   205 D Tethering: MasterInitialState.processMessage what=3
07-16 08:53:14.203   144   205 D Tethering: MasterInitialState.processMessage what=3
07-16 08:53:14.254 19547 19547 I MediaUploader: No need to wake up
07-16 08:53:14.343 19628 19628 W ContextScopeImpl: thread=1 tried to enter the scope of the application context. Ignored.
07-16 08:53:14.343 19222 19568 D PicasaSyncManager: active network: NetworkInfo: type: WIFI[], state: CONNECTED/CONNECTED, reason: (unspecified), extra: (none), roaming: false, failover: false, isAvailable: true
07-16 08:53:14.367 19222 19226 I dalvikvm: Jit: resizing JitTable from 4096 to 8192
07-16 08:53:14.379 19222 19568 D PicasaSyncManager: background data: true
07-16 08:53:14.386 19547 19547 I MediaUploader: No need to wake up
07-16 08:53:14.441 19222 19568 D PicasaSyncManager: active network: NetworkInfo: type: WIFI[], state: CONNECTED/CONNECTED, reason: (unspecified), extra: (none), roaming: false, failover: false, isAvailable: true
07-16 08:53:14.464 19628 19628 W ContextScopeImpl: thread=1 tried to enter the scope of the application context. Ignored.
07-16 08:53:14.472 19222 19568 D PicasaSyncManager: background data: true
07-16 08:53:14.527  6108  6110 D dalvikvm: GC_CONCURRENT freed 471K, 7% free 10895K/11591K, paused 2ms+4ms
07-16 08:53:14.586 19237 19240 D dalvikvm: GC_CONCURRENT freed 449K, 6% free 9352K/9927K, paused 1ms+3ms
07-16 08:53:14.656 18454 18467 I PhoneLab-: Service Running
07-16 08:53:14.707 18454 18467 I PhoneLab-LoggerService: app_37    1395  1     1432   992   c00f181c 400107b4 S logcat
07-16 08:53:14.711 18454 18467 I PhoneLab-LoggerService: Logcat pid from database 1395
07-16 08:53:14.711 18454 18467 I PhoneLab-LoggerService: Logcat process found 1395
07-16 08:53:14.711 18454 18467 I PhoneLab-LoggerService: Checking Threshold
07-16 08:53:14.722   144   201 D ConnectivityService: handleInetConditionHoldEnd: net=1, condition=100, published condition=100
07-16 08:53:42.039   275   275 I wpa_supplicant: wlan0: CTRL-EVENT-DISCONNECTED bssid=58:35:d9:38:be:51 reason=0
07-16 08:53:42.043    75   117 D CommandListener: Clearing all IP addresses on wlan0
07-16 08:53:42.054   144   201 D ConnectivityService: ConnectivityChange for WIFI: DISCONNECTED/DISCONNECTED
07-16 08:53:42.066   144   201 D ConnectivityService: Attempting to switch to mobile
07-16 08:53:42.066   144   201 D ConnectivityService: Attempting to switch to WIMAX
07-16 08:53:42.066   144   201 D ConnectivityService: Attempting to switch to BLUETOOTH_TETHER
07-16 08:53:42.074   144   201 E ConnectivityService: Exception trying to remove a route: java.lang.IllegalStateException: Unable to communicate with native dameon to add routes - com.android.server.NativeDaemonConnectorException: Cmd {interface route remove wlan0 default 67.20.213.254 32 0.0.0.0} failed with code 400 : {Failed to remove route from default table (No such process)}
07-16 08:53:42.117   144   201 E ConnectivityService: Exception trying to remove a route: java.lang.IllegalStateException: Unable to communicate with native dameon to add routes - com.android.server.NativeDaemonConnectorException: Cmd {interface route remove wlan0 default 0.0.0.0 0 67.20.213.254} failed with code 400 : {Failed to remove route from default table (No such process)}
07-16 08:53:42.121   144   201 D ConnectivityService: resetConnections(wlan0, 3)
07-16 08:53:42.125   144   201 D NetUtils: android_net_utils_resetConnections in env=0x1d93420 clazz=0x66700001 iface=wlan0 mask=0x3
07-16 08:53:42.254   291 20800 W Smack/Packet: notify conn break (IOEx), close connection
07-16 08:53:42.300 19713 20819 I DatabaseHelper: Begin cleanup.
07-16 08:53:42.402   291 20800 I qtaguid : Failed write_ctrl(u 85) res=-1 errno=22
07-16 08:53:42.402   291 20800 I qtaguid : Untagging socket 85 failed errno=-22
07-16 08:53:42.402   291 20800 W NetworkManagementSocketTagger: untagSocket(85) failed with errno -22
07-16 08:53:42.410   144   201 D ConnectivityService: handleInetConditionChange: no active default network - ignore
07-16 08:53:42.754 19713 20819 I DatabaseHelper: Cleaned up: 0
07-16 08:53:45.168   144   205 D Tethering: MasterInitialState.processMessage what=3
07-16 08:53:45.246 19547 19547 I MediaUploader: No need to wake up
07-16 08:53:45.250 18454 18454 I PhoneLab-WiFiReceiver: Wi-Fi is disconnected!
07-16 08:53:45.297 19222 19568 D PicasaSyncManager: active network: null
07-16 08:53:45.297 19222 19568 D PicasaSyncManager: background data: true
07-16 08:53:55.121   346   346 D SAN_SERVICE: *******************************************
07-16 08:53:55.121   346   346 D SAN_SERVICE: DM App Phone Service State - 0
07-16 08:53:55.121   346   346 D SAN_SERVICE: *******************************************
07-16 08:53:56.148   346   346 D SAN_SERVICE: *******************************************
07-16 08:53:56.148   346   346 D SAN_SERVICE: DM App Phone Service State - 0
07-16 08:53:56.148   346   346 D SAN_SERVICE: *******************************************
07-16 08:53:58.207   275   275 I wpa_supplicant: wlan0: Trying to associate with d0:c2:82:2d:f2:a1 (SSID='UB_Secure' freq=2462 MHz)
07-16 08:53:58.238   275   275 I wpa_supplicant: wlan0: Associated with d0:c2:82:2d:f2:a1
07-16 08:53:58.238   275   275 I wpa_supplicant: wlan0: CTRL-EVENT-EAP-STARTED EAP authentication started
07-16 08:53:58.242   275   275 I wpa_supplicant: wlan0: CTRL-EVENT-EAP-PROPOSED-METHOD vendor=0 method=4 -> NAK
07-16 08:53:58.250   275   275 I wpa_supplicant: wlan0: CTRL-EVENT-EAP-PROPOSED-METHOD vendor=0 method=25
07-16 08:53:58.250   275   275 I wpa_supplicant: wlan0: CTRL-EVENT-EAP-METHOD EAP vendor 0 method 25 (PEAP) selected
07-16 08:53:58.297   275   275 I wpa_supplicant: wlan0: CTRL-EVENT-EAP-PEER-CERT depth=2 subject='/C=US/O=Entrust.net/OU=www.entrust.net/CPS incorp. by ref. (limits liab.)/OU=(c) 1999 Entrust.net Limited/CN=Entrust.net Secure Server Certification Authority'
07-16 08:53:58.297   275   275 I wpa_supplicant: wlan0: CTRL-EVENT-EAP-PEER-CERT depth=2 subject='/C=US/O=Entrust.net/OU=www.entrust.net/CPS incorp. by ref. (limits liab.)/OU=(c) 1999 Entrust.net Limited/CN=Entrust.net Secure Server Certification Authority'
07-16 08:53:58.297   275   275 I wpa_supplicant: wlan0: CTRL-EVENT-EAP-PEER-CERT depth=1 subject='/C=US/ST=UT/L=Salt Lake City/O=The USERTRUST Network/CN=USERTrust Legacy Secure Server CA'
07-16 08:53:58.300   275   275 I wpa_supplicant: wlan0: CTRL-EVENT-EAP-PEER-CERT depth=0 subject='/C=US/postalCode=14260/ST=New York/L=Buffalo/street=305 Computing Center/O=SUNY AT BUFFALO/OU=Office of the President/OU=Issued through UNIVERSITY AT BUFFALO E-PKI Manager/OU=PremiumSSL Legacy/CN=ubsecure.acsu.buffalo.edu'
07-16 08:53:58.382   215   217 D dalvikvm: GC_CONCURRENT freed 360K, 31% free 9879K/14215K, paused 1ms+3ms
07-16 08:53:58.437   215   215 D dalvikvm: GC_FOR_ALLOC freed 662K, 32% free 9682K/14215K, paused 16ms
07-16 08:53:58.453   275   275 I wpa_supplicant: EAP-MSCHAPV2: Authentication succeeded
07-16 08:53:58.457   275   275 I wpa_supplicant: EAP-TLV: TLV Result - Success - EAP-TLV/Phase2 Completed
07-16 08:53:58.461   275   275 I wpa_supplicant: wlan0: CTRL-EVENT-EAP-SUCCESS EAP authentication completed successfully
07-16 08:53:58.468   275   275 I wpa_supplicant: wlan0: WPA: Key negotiation completed with d0:c2:82:2d:f2:a1 [PTK=CCMP GTK=TKIP]
07-16 08:53:58.468   275   275 I wpa_supplicant: wlan0: CTRL-EVENT-CONNECTED - Connection to d0:c2:82:2d:f2:a1 completed (reauth) [id=0 id_str=]
07-16 08:53:58.539   215   217 D dalvikvm: GC_CONCURRENT freed 369K, 32% free 9748K/14215K, paused 2ms+3ms
07-16 08:53:59.086   144   201 D ConnectivityService: ConnectivityChange for WIFI: CONNECTED/CONNECTED
07-16 08:53:59.109 18454 18454 I PhoneLab-WiFiReceiver: Wi-Fi is connected!
07-16 08:53:59.113 18454 18454 I PhoneLab-WiFiReceiver: SSID: UB_Secure BSSID: d0:c2:82:2d:f2:a1 RSSI: -200 LinkSpeed: -1
07-16 08:53:59.113 18454 18454 I PhoneLab-Locks: wake lock acquired
07-16 08:53:59.113 18454 18454 I PhoneLab-UploadLogs: Transfering log files now
07-16 08:53:59.117 18454 18454 I PhoneLab-UploadLogs: No log files to transfer
07-16 08:53:59.117 18454 18454 I PhoneLab-Locks: wake lock released
07-16 08:53:59.117 18454 18454 I PhoneLab-UploadLogs: OnStartCommand
07-16 08:53:59.136   144   196 W NetworkStats: dropping UID delta from unknown iface: iface=wlan0 uid=0 set=DEFAULT tag=0x0 rxBytes=0 rxPackets=0 txBytes=140 txPackets=2 operations=0
07-16 08:54:00.090   144   201 D ConnectivityService: NetTransition Wakelock for WifiStateMachine released by timeout
07-16 08:54:00.457   144   201 D ConnectivityService: ConnectivityChange for mobile: CONNECTED/CONNECTED
07-16 08:54:00.484   144   201 D NetUtils: android_net_utils_resetConnections in env=0x1d93420 clazz=0x79e00001 iface=rmnet0 mask=0x3
07-16 08:54:00.484   144   201 D ConnectivityService: ConnectivityChange for mobile: DISCONNECTED/DISCONNECTED
07-16 08:54:00.484   144   201 D ConnectivityService: Attempting to switch to WIFI
07-16 08:54:00.484   144   201 D ConnectivityService: Attempting to switch to WIMAX
07-16 08:54:00.484   144   201 D ConnectivityService: Attempting to switch to BLUETOOTH_TETHER
07-16 08:54:00.484   144   201 D ConnectivityService: resetConnections(rmnet0, 3)
07-16 08:54:00.648   144   146 D dalvikvm: JIT code cache reset in 4 ms (1048372 bytes 11/0)
07-16 08:54:00.675   144   146 D dalvikvm: GC_CONCURRENT freed 1931K, 14% free 16988K/19719K, paused 2ms+11ms
07-16 08:54:01.894 12903 12906 D dalvikvm: GC_CONCURRENT freed 415K, 13% free 10674K/12231K, paused 27ms+2ms
07-16 08:54:02.117   144   156 D AlarmManagerService: Kernel timezone updated to 240 minutes west of GMT
07-16 08:54:02.132   346   346 D SystemClock: Setting time of day to sec=1342443242
07-16 08:54:02.092   144   205 D Tethering: MasterInitialState.processMessage what=3
07-16 08:54:02.143   291   291 I GTalkService/c: [AndroidEndpoint@1094321424] connect: acct=1000000, state=CONNECTING
07-16 08:54:02.147   291   291 I GTalkService/c: [GTalkConnection@1094939328] connect: acct=1, state=CONNECTING
07-16 08:54:02.221 19547 19547 I MediaUploader: No need to wake up
07-16 08:54:02.315 19628 19628 W ContextScopeImpl: thread=1 tried to enter the scope of the application context. Ignored.
07-16 08:54:02.331   144  6618 I ActivityManager: Start proc com.android.calendar for broadcast com.android.calendar/.widget.CalendarAppWidgetService$CalendarFactory: pid=20857 uid=10005 gids={3003}
07-16 08:54:02.335 19222 19568 D PicasaSyncManager: active network: NetworkInfo: type: WIFI[], state: CONNECTED/CONNECTED, reason: (unspecified), extra: (none), roaming: false, failover: false, isAvailable: true
07-16 08:54:02.339 19222 19568 D PicasaSyncManager: background data: true
07-16 08:54:02.401 18454 18456 D dalvikvm: GC_CONCURRENT freed 408K, 18% free 9119K/11079K, paused 1ms+11ms
07-16 08:54:02.452 20857 20857 I ActivityThread: Pub com.android.calendar.CalendarRecentSuggestionsProvider: com.android.calendar.CalendarRecentSuggestionsProvider
07-16 08:54:02.604   291   294 D dalvikvm: GC_CONCURRENT freed 474K, 7% free 10753K/11527K, paused 2ms+5ms
07-16 08:54:02.663   144   310 I ActivityManager: Start proc com.android.deskclock for broadcast com.android.deskclock/.AlarmInitReceiver: pid=20873 uid=10011 gids={}
07-16 08:54:02.667   144   310 I ActivityManager: No longer want com.google.android.gm (pid 20349): hidden #16
07-16 08:54:02.714 20873 20873 I ActivityThread: Pub com.android.deskclock: com.android.deskclock.AlarmProvider
07-16 08:54:02.733   144 12390 I ActivityManager: Start proc com.android.providers.calendar for content provider com.android.providers.calendar/.CalendarProvider2: pid=20887 uid=10006 gids={3003, 1015}
07-16 08:54:02.780   144  1167 I ActivityManager: No longer want com.starbucks.mobilecard (pid 20479): hidden #16
07-16 08:54:02.792    79    79 D dalvikvm: GC_EXPLICIT freed 37K, 4% free 9027K/9347K, paused 1ms+2ms
07-16 08:54:02.835    79    79 D dalvikvm: GC_EXPLICIT freed <1K, 4% free 9027K/9347K, paused 2ms+4ms
07-16 08:54:02.846 20873 20893 V AlarmClock: AlarmInitReceiver finished
07-16 08:54:02.854 20887 20887 I ActivityThread: Pub com.android.calendar: com.android.providers.calendar.CalendarProvider2
07-16 08:54:02.882    79    79 D dalvikvm: GC_EXPLICIT freed <1K, 4% free 9027K/9347K, paused 1ms+5ms
07-16 08:54:03.003   144   156 I ActivityManager: No longer want com.google.android.apps.gesturesearch (pid 20464): hidden #16
07-16 08:54:03.092 19508 19510 D dalvikvm: GC_CONCURRENT freed 423K, 7% free 9920K/10567K, paused 18ms+6ms
07-16 08:54:03.245 19222 19253 D dalvikvm: GC_EXPLICIT freed 426K, 19% free 13269K/16263K, paused 32ms+35ms
07-16 08:54:03.452   144   205 D Tethering: MasterInitialState.processMessage what=3
07-16 08:54:03.526 19547 19547 I MediaUploader: No need to wake up
07-16 08:54:03.596 19628 19628 W ContextScopeImpl: thread=1 tried to enter the scope of the application context. Ignored.
07-16 08:54:03.612 19222 19568 D PicasaSyncManager: active network: NetworkInfo: type: WIFI[], state: CONNECTED/CONNECTED, reason: (unspecified), extra: (none), roaming: false, failover: false, isAvailable: true
07-16 08:54:03.616 19222 19568 D PicasaSyncManager: background data: true
07-16 08:54:03.729 19547 19547 I MediaUploader: No need to wake up
07-16 08:54:03.772   144 14994 D dalvikvm: GC_EXPLICIT freed 1631K, 15% free 16769K/19719K, paused 3ms+8ms
07-16 08:54:03.784   144   205 D Tethering: MasterInitialState.processMessage what=3
07-16 08:54:03.901 19222 19568 D PicasaSyncManager: active network: NetworkInfo: type: WIFI[], state: CONNECTED/CONNECTED, reason: (unspecified), extra: (none), roaming: false, failover: false, isAvailable: true
07-16 08:54:03.928 19628 19628 W ContextScopeImpl: thread=1 tried to enter the scope of the application context. Ignored.
07-16 08:54:03.940 19222 19568 D PicasaSyncManager: background data: true
07-16 08:54:03.983   144   201 D ConnectivityService: handleInetConditionHoldEnd: net=1, condition=100, published condition=0
07-16 08:54:04.182 20887 20887 I CalendarProvider2: Sending notification intent: Intent { act=android.intent.action.PROVIDER_CHANGED dat=content://com.android.calendar }
07-16 08:54:04.182 20887 20887 W ContentResolver: Failed to get type for: content://com.android.calendar (Unknown URL content://com.android.calendar)
07-16 08:54:04.487   144   201 D ConnectivityService: handleInetConditionHoldEnd: net=1, condition=100, published condition=100
07-16 08:54:04.800   291   294 D dalvikvm: GC_CONCURRENT freed 457K, 7% free 10760K/11527K, paused 2ms+3ms
07-16 08:54:07.792 18454 18467 I PhoneLab-: Service Running
07-16 08:54:07.866 18454 18467 I PhoneLab-LoggerService: app_37    1395  1     1432   992   c00f181c 400107b4 S logcat
07-16 08:54:07.866 18454 18467 I PhoneLab-LoggerService: Logcat pid from database 1395
07-16 08:54:07.866 18454 18467 I PhoneLab-LoggerService: Logcat process found 1395
07-16 08:54:07.866 18454 18467 I PhoneLab-LoggerService: Checking Threshold
07-16 08:54:37.124   275   275 I wpa_supplicant: wlan0: CTRL-EVENT-DISCONNECTED bssid=d0:c2:82:2d:f2:a1 reason=0
07-16 08:54:37.135    75   117 D CommandListener: Clearing all IP addresses on wlan0
07-16 08:54:37.182   144   201 D ConnectivityService: ConnectivityChange for WIFI: DISCONNECTED/DISCONNECTED
07-16 08:54:37.186   144   161 I ActivityManager: No longer want com.google.android.apps.maps:NetworkLocationService (pid 12903): hidden #16
07-16 08:54:37.190   144   201 D ConnectivityService: Attempting to switch to mobile
07-16 08:54:37.190   144   201 D ConnectivityService: Attempting to switch to WIMAX
07-16 08:54:37.190   144   201 D ConnectivityService: Attempting to switch to BLUETOOTH_TETHER
07-16 08:54:37.198   144   310 I ActivityManager: No longer want com.google.android.gsf.login (pid 18730): hidden #16
07-16 08:54:37.225   144   201 D NetUtils: android_net_utils_resetConnections in env=0x1d93420 clazz=0x88400001 iface=wlan0 mask=0x3
07-16 08:54:37.225   144   201 E ConnectivityService: Exception trying to remove a route: java.lang.IllegalStateException: Unable to communicate with native dameon to add routes - com.android.server.NativeDaemonConnectorException: Cmd {interface route remove wlan0 default 67.20.213.254 32 0.0.0.0} failed with code 400 : {Failed to remove route from default table (No such process)}
07-16 08:54:37.225   144   201 E ConnectivityService: Exception trying to remove a route: java.lang.IllegalStateException: Unable to communicate with native dameon to add routes - com.android.server.NativeDaemonConnectorException: Cmd {interface route remove wlan0 default 0.0.0.0 0 67.20.213.254} failed with code 400 : {Failed to remove route from default table (No such process)}
07-16 08:54:37.225   144   201 D ConnectivityService: resetConnections(wlan0, 3)
07-16 08:54:37.366   291 20907 W Smack/Packet: notify conn break (IOEx), close connection
07-16 08:54:37.393   144   378 W ActivityManager: Scheduling restart of crashed service com.google.android.apps.maps/com.google.android.location.internal.server.NetworkLocationService in 5000ms
07-16 08:54:37.401   144   528 W GpsLocationProvider: Unneeded remove listener for uid 1000
07-16 08:54:37.518   291 20907 I qtaguid : Failed write_ctrl(u 85) res=-1 errno=22
07-16 08:54:37.518   291 20907 I qtaguid : Untagging socket 85 failed errno=-22
07-16 08:54:37.522   291 20907 W NetworkManagementSocketTagger: untagSocket(85) failed with errno -22
07-16 08:54:37.550   144   201 D ConnectivityService: handleInetConditionChange: no active default network - ignore
07-16 08:54:37.647   215   217 D dalvikvm: GC_CONCURRENT freed 300K, 31% free 9862K/14215K, paused 2ms+2ms
07-16 08:54:37.706   275   275 I wpa_supplicant: wlan0: Trying to associate with d0:c2:82:67:e7:61 (SSID='UB_Secure' freq=2437 MHz)
07-16 08:54:37.714   215   217 D dalvikvm: GC_CONCURRENT freed 482K, 32% free 9808K/14215K, paused 2ms+8ms
07-16 08:54:37.839   275   275 I wpa_supplicant: wlan0: Associated with d0:c2:82:67:e7:61
07-16 08:54:37.839   275   275 I wpa_supplicant: wlan0: CTRL-EVENT-EAP-STARTED EAP authentication started
07-16 08:54:37.846   275   275 I wpa_supplicant: wlan0: CTRL-EVENT-EAP-PROPOSED-METHOD vendor=0 method=4 -> NAK
07-16 08:54:37.850   275   275 I wpa_supplicant: wlan0: CTRL-EVENT-EAP-PROPOSED-METHOD vendor=0 method=25
07-16 08:54:37.850   275   275 I wpa_supplicant: wlan0: CTRL-EVENT-EAP-METHOD EAP vendor 0 method 25 (PEAP) selected
07-16 08:54:37.967   275   275 I wpa_supplicant: wlan0: CTRL-EVENT-EAP-PEER-CERT depth=2 subject='/C=US/O=Entrust.net/OU=www.entrust.net/CPS incorp. by ref. (limits liab.)/OU=(c) 1999 Entrust.net Limited/CN=Entrust.net Secure Server Certification Authority'
07-16 08:54:37.971   275   275 I wpa_supplicant: wlan0: CTRL-EVENT-EAP-PEER-CERT depth=2 subject='/C=US/O=Entrust.net/OU=www.entrust.net/CPS incorp. by ref. (limits liab.)/OU=(c) 1999 Entrust.net Limited/CN=Entrust.net Secure Server Certification Authority'
07-16 08:54:37.975   275   275 I wpa_supplicant: wlan0: CTRL-EVENT-EAP-PEER-CERT depth=1 subject='/C=US/ST=UT/L=Salt Lake City/O=The USERTRUST Network/CN=USERTrust Legacy Secure Server CA'
07-16 08:54:37.983   275   275 I wpa_supplicant: wlan0: CTRL-EVENT-EAP-PEER-CERT depth=0 subject='/C=US/postalCode=14260/ST=New York/L=Buffalo/street=305 Computing Center/O=SUNY AT BUFFALO/OU=Office of the President/OU=Issued through UNIVERSITY AT BUFFALO E-PKI Manager/OU=PremiumSSL Legacy/CN=ubsecure.acsu.buffalo.edu'
07-16 08:54:38.132   275   275 I wpa_supplicant: EAP-MSCHAPV2: Authentication succeeded
07-16 08:54:38.139   275   275 I wpa_supplicant: EAP-TLV: TLV Result - Success - EAP-TLV/Phase2 Completed
07-16 08:54:38.143   275   275 I wpa_supplicant: wlan0: CTRL-EVENT-EAP-SUCCESS EAP authentication completed successfully
07-16 08:54:38.178   275   275 I wpa_supplicant: wlan0: WPA: Key negotiation completed with d0:c2:82:67:e7:61 [PTK=CCMP GTK=TKIP]
07-16 08:54:38.178   275   275 I wpa_supplicant: wlan0: CTRL-EVENT-CONNECTED - Connection to d0:c2:82:67:e7:61 completed (reauth) [id=0 id_str=]
07-16 08:54:38.831   144   201 D ConnectivityService: ConnectivityChange for WIFI: CONNECTED/CONNECTED
07-16 08:54:38.850 18454 18454 I PhoneLab-WiFiReceiver: Wi-Fi is connected!
07-16 08:54:38.854 18454 18454 I PhoneLab-WiFiReceiver: SSID: UB_Secure BSSID: d0:c2:82:67:e7:61 RSSI: -200 LinkSpeed: -1
07-16 08:54:38.854 18454 18454 I PhoneLab-Locks: wake lock acquired
07-16 08:54:38.854 18454 18454 I PhoneLab-UploadLogs: Transfering log files now
07-16 08:54:38.854 18454 18454 I PhoneLab-UploadLogs: No log files to transfer
07-16 08:54:38.854 18454 18454 I PhoneLab-Locks: wake lock released
07-16 08:54:38.858 18454 18454 I PhoneLab-UploadLogs: OnStartCommand
07-16 08:54:38.885   144   196 W NetworkStats: dropping UID delta from unknown iface: iface=wlan0 uid=0 set=DEFAULT tag=0x0 rxBytes=0 rxPackets=0 txBytes=140 txPackets=2 operations=0
07-16 08:54:39.835   144   201 D ConnectivityService: NetTransition Wakelock for WifiStateMachine released by timeout
07-16 08:54:42.011   144   205 D Tethering: MasterInitialState.processMessage what=3
07-16 08:54:42.039   291   291 I GTalkService/c: [AndroidEndpoint@1094321424] connect: acct=1000000, state=CONNECTING
07-16 08:54:42.050   291   291 I GTalkService/c: [GTalkConnection@1094939328] connect: acct=1, state=CONNECTING
07-16 08:54:42.086 19547 19547 I MediaUploader: No need to wake up
07-16 08:54:42.089 18454 18454 I PhoneLab-WiFiReceiver: Wi-Fi is disconnected!
07-16 08:54:42.144 19628 19628 W ContextScopeImpl: thread=1 tried to enter the scope of the application context. Ignored.
07-16 08:54:42.156 19222 19568 D PicasaSyncManager: active network: NetworkInfo: type: WIFI[], state: CONNECTED/CONNECTED, reason: (unspecified), extra: (none), roaming: false, failover: false, isAvailable: true
07-16 08:54:42.156 19222 19568 D PicasaSyncManager: background data: true
07-16 08:54:42.203   346   348 D dalvikvm: GC_CONCURRENT freed 425K, 6% free 9490K/10055K, paused 1ms+3ms
07-16 08:54:42.242   291  1178 D dalvikvm: GC_EXPLICIT freed 226K, 8% free 10700K/11527K, paused 2ms+3ms
07-16 08:54:43.433   144   205 D Tethering: MasterInitialState.processMessage what=3
07-16 08:54:43.504 19547 19547 I MediaUploader: No need to wake up
07-16 08:54:43.660 19628 19628 W ContextScopeImpl: thread=1 tried to enter the scope of the application context. Ignored.
07-16 08:54:43.675   144   146 D dalvikvm: GC_CONCURRENT freed 1817K, 15% free 16870K/19719K, paused 2ms+12ms
07-16 08:54:43.711 19222 19568 D PicasaSyncManager: active network: NetworkInfo: type: WIFI[], state: CONNECTED/CONNECTED, reason: (unspecified), extra: (none), roaming: false, failover: false, isAvailable: true
07-16 08:54:43.718 19222 19568 D PicasaSyncManager: background data: true
07-16 08:54:43.769   144   201 D ConnectivityService: handleInetConditionHoldEnd: net=1, condition=100, published condition=0
07-16 08:54:43.898   144   161 I ActivityManager: Start proc com.google.android.apps.maps:NetworkLocationService for service com.google.android.apps.maps/com.google.android.location.internal.server.NetworkLocationService: pid=20960 uid=10056 gids={3003, 1015}
07-16 08:54:44.363 20960 20962 D dalvikvm: GC_CONCURRENT freed 152K, 3% free 9380K/9607K, paused 72ms+2ms
07-16 08:54:44.707 19688 19691 D dalvikvm: GC_CONCURRENT freed 408K, 7% free 9337K/9991K, paused 1ms+2ms
07-16 08:54:44.765   291   294 D dalvikvm: GC_CONCURRENT freed 392K, 7% free 10746K/11527K, paused 2ms+3ms
07-16 08:54:44.832 20960 20962 D dalvikvm: GC_CONCURRENT freed 155K, 3% free 9675K/9927K, paused 2ms+4ms
07-16 08:54:45.296 20960 20962 D dalvikvm: GC_CONCURRENT freed 175K, 3% free 10061K/10311K, paused 2ms+3ms
07-16 08:54:45.484 20960 20962 D dalvikvm: GC_CONCURRENT freed 662K, 8% free 9883K/10631K, paused 2ms+2ms
07-16 08:54:45.566   144   161 I ActivityManager: Start proc com.google.android.apps.maps:FriendService for broadcast com.google.android.apps.maps/com.google.googlenav.friend.android.ServiceReceiver: pid=20981 uid=10056 gids={3003, 1015}
07-16 08:54:45.687 20981 20984 D dalvikvm: GC_CONCURRENT freed 156K, 3% free 9376K/9607K, paused 3ms+2ms
07-16 08:54:45.824   144   310 D dalvikvm: GC_EXPLICIT freed 366K, 16% free 16641K/19719K, paused 3ms+5ms
07-16 08:54:45.882 20981 20984 D dalvikvm: GC_CONCURRENT freed 239K, 4% free 9672K/9991K, paused 1ms+2ms
07-16 08:54:45.976  1351  1353 D dalvikvm: GC_CONCURRENT freed 482K, 8% free 10332K/11207K, paused 2ms+2ms
07-16 08:54:46.011   144   310 I ActivityManager: No longer want com.chess (pid 20230): hidden #16
07-16 08:54:46.039 20960 20967 I dalvikvm: Total arena pages for JIT: 11
07-16 08:54:46.039 20960 20967 I dalvikvm: Total arena pages for JIT: 12
07-16 08:54:46.043 20960 20967 I dalvikvm: Total arena pages for JIT: 13
07-16 08:54:46.043 20960 20967 I dalvikvm: Total arena pages for JIT: 14
07-16 08:54:46.043 20960 20967 I dalvikvm: Total arena pages for JIT: 15
07-16 08:54:46.046 20960 20967 I dalvikvm: Total arena pages for JIT: 16
07-16 08:54:46.046 20960 20967 I dalvikvm: Total arena pages for JIT: 17
07-16 08:54:46.140 20960 20967 I dalvikvm: Total arena pages for JIT: 18
07-16 08:54:46.289 20960 20962 D dalvikvm: GC_CONCURRENT freed 207K, 5% free 10187K/10631K, paused 2ms+3ms
07-16 08:54:46.699 20960 20962 D dalvikvm: GC_CONCURRENT freed 425K, 5% free 10284K/10823K, paused 2ms+3ms
07-16 08:54:46.980   144   201 D ConnectivityService: ConnectivityChange for mobile: CONNECTED/CONNECTED
07-16 08:54:47.015   144   201 D NetUtils: android_net_utils_resetConnections in env=0x1d93420 clazz=0x9e700001 iface=rmnet0 mask=0x3
07-16 08:54:47.015   144   201 D ConnectivityService: ConnectivityChange for mobile: DISCONNECTED/DISCONNECTED
07-16 08:54:47.015   144   201 D ConnectivityService: Attempting to switch to WIFI
07-16 08:54:47.015   144   201 D ConnectivityService: Attempting to switch to WIMAX
07-16 08:54:47.015   144   201 D ConnectivityService: Attempting to switch to BLUETOOTH_TETHER
07-16 08:54:47.015   144   201 D ConnectivityService: resetConnections(rmnet0, 3)
07-16 08:54:47.769   144   528 W GpsLocationProvider: Duplicate add listener for uid 10056
07-16 08:54:47.828   215   217 D dalvikvm: GC_CONCURRENT freed 536K, 32% free 9702K/14215K, paused 2ms+2ms
07-16 08:54:47.898   215   215 D dalvikvm: GC_FOR_ALLOC freed 368K, 32% free 9688K/14215K, paused 18ms
07-16 08:54:47.949   215   217 D dalvikvm: GC_CONCURRENT freed 474K, 32% free 9686K/14215K, paused 1ms+2ms
07-16 08:54:47.961  1351  1353 D dalvikvm: GC_CONCURRENT freed 419K, 8% free 10318K/11207K, paused 1ms+11ms
07-16 08:54:48.039   215   217 D dalvikvm: GC_CONCURRENT freed 382K, 32% free 9772K/14215K, paused 1ms+3ms
07-16 08:54:50.089   144   205 D Tethering: MasterInitialState.processMessage what=3
07-16 08:54:50.144   144   205 D Tethering: MasterInitialState.processMessage what=3
07-16 08:54:50.168 19547 19547 I MediaUploader: No need to wake up
07-16 08:54:50.238 19628 19628 W ContextScopeImpl: thread=1 tried to enter the scope of the application context. Ignored.
07-16 08:54:50.273 19547 19547 I MediaUploader: No need to wake up
07-16 08:54:50.343 19628 19628 W ContextScopeImpl: thread=1 tried to enter the scope of the application context. Ignored.
07-16 08:54:50.359 19222 19568 D PicasaSyncManager: active network: NetworkInfo: type: WIFI[], state: CONNECTED/CONNECTED, reason: (unspecified), extra: (none), roaming: false, failover: false, isAvailable: true
07-16 08:54:50.363 19222 19568 D PicasaSyncManager: background data: true
07-16 08:54:50.644   144   201 D ConnectivityService: handleInetConditionHoldEnd: net=1, condition=100, published condition=100
07-16 08:54:58.488   275   275 I wpa_supplicant: wlan0: CTRL-EVENT-DISCONNECTED bssid=d0:c2:82:67:e7:61 reason=0
07-16 08:54:58.496    75   117 D CommandListener: Clearing all IP addresses on wlan0
07-16 08:54:58.550   144   201 D ConnectivityService: ConnectivityChange for WIFI: DISCONNECTED/DISCONNECTED
07-16 08:54:58.558   144   201 D ConnectivityService: Attempting to switch to mobile
07-16 08:54:58.558   144   201 D ConnectivityService: Attempting to switch to WIMAX
07-16 08:54:58.558   144   201 D ConnectivityService: Attempting to switch to BLUETOOTH_TETHER
07-16 08:54:58.586   144   201 E ConnectivityService: Exception trying to remove a route: java.lang.IllegalStateException: Unable to communicate with native dameon to add routes - com.android.server.NativeDaemonConnectorException: Cmd {interface route remove wlan0 default 67.20.213.254 32 0.0.0.0} failed with code 400 : {Failed to remove route from default table (No such process)}
07-16 08:54:58.589   144   201 D NetUtils: android_net_utils_resetConnections in env=0x1d93420 clazz=0xaa400001 iface=wlan0 mask=0x3
07-16 08:54:58.589   144   201 E ConnectivityService: Exception trying to remove a route: java.lang.IllegalStateException: Unable to communicate with native dameon to add routes - com.android.server.NativeDaemonConnectorException: Cmd {interface route remove wlan0 default 0.0.0.0 0 67.20.213.254} failed with code 400 : {Failed to remove route from default table (No such process)}
07-16 08:54:58.589   144   201 D ConnectivityService: resetConnections(wlan0, 3)
07-16 08:54:58.671   291 20953 W Smack/Packet: notify conn break (IOEx), close connection
07-16 08:54:58.785   144   146 D dalvikvm: GC_CONCURRENT freed 1701K, 16% free 16725K/19719K, paused 3ms+6ms
07-16 08:54:58.820   291 20953 I qtaguid : Failed write_ctrl(u 80) res=-1 errno=22
07-16 08:54:58.820   291 20953 I qtaguid : Untagging socket 80 failed errno=-22
07-16 08:54:58.820   291 20953 W NetworkManagementSocketTagger: untagSocket(80) failed with errno -22
07-16 08:54:58.824   144   201 D ConnectivityService: handleInetConditionChange: no active default network - ignore
07-16 08:54:59.078   275   275 I wpa_supplicant: wlan0: Trying to associate with d0:c2:82:7e:31:51 (SSID='UB_Secure' freq=2412 MHz)
07-16 08:54:59.265   275   275 I wpa_supplicant: wlan0: Associated with d0:c2:82:7e:31:51
07-16 08:54:59.304   275   275 I wpa_supplicant: wlan0: CTRL-EVENT-EAP-STARTED EAP authentication started
07-16 08:54:59.308   275   275 I wpa_supplicant: wlan0: CTRL-EVENT-EAP-PROPOSED-METHOD vendor=0 method=4 -> NAK
07-16 08:54:59.312   275   275 I wpa_supplicant: wlan0: CTRL-EVENT-EAP-PROPOSED-METHOD vendor=0 method=25
07-16 08:54:59.312   275   275 I wpa_supplicant: wlan0: CTRL-EVENT-EAP-METHOD EAP vendor 0 method 25 (PEAP) selected
07-16 08:54:59.355   275   275 I wpa_supplicant: wlan0: CTRL-EVENT-EAP-PEER-CERT depth=2 subject='/C=US/O=Entrust.net/OU=www.entrust.net/CPS incorp. by ref. (limits liab.)/OU=(c) 1999 Entrust.net Limited/CN=Entrust.net Secure Server Certification Authority'
07-16 08:54:59.355   275   275 I wpa_supplicant: wlan0: CTRL-EVENT-EAP-PEER-CERT depth=2 subject='/C=US/O=Entrust.net/OU=www.entrust.net/CPS incorp. by ref. (limits liab.)/OU=(c) 1999 Entrust.net Limited/CN=Entrust.net Secure Server Certification Authority'
07-16 08:54:59.359   275   275 I wpa_supplicant: wlan0: CTRL-EVENT-EAP-PEER-CERT depth=1 subject='/C=US/ST=UT/L=Salt Lake City/O=The USERTRUST Network/CN=USERTrust Legacy Secure Server CA'
07-16 08:54:59.359   275   275 I wpa_supplicant: wlan0: CTRL-EVENT-EAP-PEER-CERT depth=0 subject='/C=US/postalCode=14260/ST=New York/L=Buffalo/street=305 Computing Center/O=SUNY AT BUFFALO/OU=Office of the President/OU=Issued through UNIVERSITY AT BUFFALO E-PKI Manager/OU=PremiumSSL Legacy/CN=ubsecure.acsu.buffalo.edu'
07-16 08:54:59.507   275   275 I wpa_supplicant: EAP-MSCHAPV2: Authentication succeeded
07-16 08:54:59.515   275   275 I wpa_supplicant: EAP-TLV: TLV Result - Success - EAP-TLV/Phase2 Completed
07-16 08:54:59.523   275   275 I wpa_supplicant: wlan0: CTRL-EVENT-EAP-SUCCESS EAP authentication completed successfully
07-16 08:54:59.570   275   275 I wpa_supplicant: wlan0: WPA: Key negotiation completed with d0:c2:82:7e:31:51 [PTK=CCMP GTK=TKIP]
07-16 08:54:59.570   275   275 I wpa_supplicant: wlan0: CTRL-EVENT-CONNECTED - Connection to d0:c2:82:7e:31:51 completed (reauth) [id=0 id_str=]
07-16 08:54:59.714 20960 20962 D dalvikvm: GC_CONCURRENT freed 390K, 5% free 10294K/10823K, paused 2ms+2ms
07-16 08:55:00.152   144   201 D ConnectivityService: ConnectivityChange for WIFI: CONNECTED/CONNECTED
07-16 08:55:00.168 18454 18454 I PhoneLab-WiFiReceiver: Wi-Fi is connected!
07-16 08:55:00.168 18454 18454 I PhoneLab-WiFiReceiver: SSID: UB_Secure BSSID: d0:c2:82:7e:31:51 RSSI: -200 LinkSpeed: -1
07-16 08:55:00.168 18454 18454 I PhoneLab-Locks: wake lock acquired
07-16 08:55:00.179 18454 18454 I PhoneLab-UploadLogs: Transfering log files now
07-16 08:55:00.179 18454 18454 I PhoneLab-UploadLogs: No log files to transfer
07-16 08:55:00.179 18454 18454 I PhoneLab-Locks: wake lock released
07-16 08:55:00.183 18454 18454 I PhoneLab-UploadLogs: OnStartCommand
07-16 08:55:00.203   144   196 W NetworkStats: dropping UID delta from unknown iface: iface=wlan0 uid=0 set=DEFAULT tag=0x0 rxBytes=0 rxPackets=0 txBytes=72 txPackets=1 operations=0
07-16 08:55:01.152   144   201 D ConnectivityService: NetTransition Wakelock for WifiStateMachine released by timeout
07-16 08:55:01.640   144   205 D Tethering: MasterInitialState.processMessage what=3
07-16 08:55:01.683   291   291 I GTalkService/c: [AndroidEndpoint@1094321424] connect: acct=1000000, state=CONNECTING
07-16 08:55:01.683   291   291 I GTalkService/c: [GTalkConnection@1094939328] connect: acct=1, state=CONNECTING
07-16 08:55:01.718 19547 19547 I MediaUploader: No need to wake up
07-16 08:55:01.726 18454 18454 I PhoneLab-WiFiReceiver: Wi-Fi is disconnected!
07-16 08:55:01.781 19628 19628 W ContextScopeImpl: thread=1 tried to enter the scope of the application context. Ignored.
07-16 08:55:01.796 19222 19568 D PicasaSyncManager: active network: NetworkInfo: type: WIFI[], state: CONNECTED/CONNECTED, reason: (unspecified), extra: (none), roaming: false, failover: false, isAvailable: true
07-16 08:55:01.796 19222 19568 D PicasaSyncManager: background data: true
07-16 08:55:02.019   291   294 D dalvikvm: GC_CONCURRENT freed 419K, 7% free 10780K/11527K, paused 4ms+4ms
07-16 08:55:02.882   144   201 D ConnectivityService: handleInetConditionHoldEnd: net=1, condition=100, published condition=0
07-16 08:55:02.980 18943 18955 D dalvikvm: GC_EXPLICIT freed 272K, 7% free 9498K/10183K, paused 9ms+4ms
07-16 08:55:03.214   144   205 D Tethering: MasterInitialState.processMessage what=3
07-16 08:55:03.293 19547 19547 I MediaUploader: No need to wake up
07-16 08:55:03.363 19628 19628 W ContextScopeImpl: thread=1 tried to enter the scope of the application context. Ignored.
07-16 08:55:03.371 19222 19568 D PicasaSyncManager: active network: NetworkInfo: type: WIFI[], state: CONNECTED/CONNECTED, reason: (unspecified), extra: (none), roaming: false, failover: false, isAvailable: true
07-16 08:55:03.375 19222 19568 D PicasaSyncManager: background data: true
07-16 08:55:03.511 19237 19240 D dalvikvm: GC_CONCURRENT freed 421K, 6% free 9369K/9927K, paused 1ms+4ms
07-16 08:55:03.757   144   201 D ConnectivityService: handleInetConditionHoldEnd: net=1, condition=100, published condition=100
07-16 08:55:17.921   275   275 I wpa_supplicant: wlan0: CTRL-EVENT-DISCONNECTED bssid=d0:c2:82:7e:31:51 reason=0
07-16 08:55:17.929    75   117 D CommandListener: Clearing all IP addresses on wlan0
07-16 08:55:17.996   144   201 D ConnectivityService: ConnectivityChange for WIFI: DISCONNECTED/DISCONNECTED
07-16 08:55:17.996   144   201 D ConnectivityService: Attempting to switch to mobile
07-16 08:55:17.996   144   201 D ConnectivityService: Attempting to switch to WIMAX
07-16 08:55:17.996   144   201 D ConnectivityService: Attempting to switch to BLUETOOTH_TETHER
07-16 08:55:18.000   144   201 E ConnectivityService: Exception trying to remove a route: java.lang.IllegalStateException: Unable to communicate with native dameon to add routes - com.android.server.NativeDaemonConnectorException: Cmd {interface route remove wlan0 default 67.20.213.254 32 0.0.0.0} failed with code 400 : {Failed to remove route from default table (No such process)}
07-16 08:55:18.004   144   201 D NetUtils: android_net_utils_resetConnections in env=0x1d93420 clazz=0xc0d00001 iface=wlan0 mask=0x3
07-16 08:55:18.004   144   201 E ConnectivityService: Exception trying to remove a route: java.lang.IllegalStateException: Unable to communicate with native dameon to add routes - com.android.server.NativeDaemonConnectorException: Cmd {interface route remove wlan0 default 0.0.0.0 0 67.20.213.254} failed with code 400 : {Failed to remove route from default table (No such process)}
07-16 08:55:18.004   144   201 D ConnectivityService: resetConnections(wlan0, 3)
07-16 08:55:18.031   291 21035 W Smack/Packet: notify conn break (IOEx), close connection
07-16 08:55:18.183   291 21035 I qtaguid : Failed write_ctrl(u 80) res=-1 errno=22
07-16 08:55:18.183   291 21035 I qtaguid : Untagging socket 80 failed errno=-22
07-16 08:55:18.187   291 21035 W NetworkManagementSocketTagger: untagSocket(80) failed with errno -22
07-16 08:55:18.203   144   201 D ConnectivityService: handleInetConditionChange: no active default network - ignore
07-16 08:55:18.500   275   275 I wpa_supplicant: wlan0: Trying to associate with d0:c2:82:2d:ea:c1 (SSID='UB_Secure' freq=2462 MHz)
07-16 08:55:18.668   275   275 I wpa_supplicant: wlan0: Associated with d0:c2:82:2d:ea:c1
07-16 08:55:18.668   275   275 I wpa_supplicant: wlan0: CTRL-EVENT-EAP-STARTED EAP authentication started
07-16 08:55:18.671   275   275 I wpa_supplicant: wlan0: CTRL-EVENT-EAP-PROPOSED-METHOD vendor=0 method=4 -> NAK
07-16 08:55:18.675   275   275 I wpa_supplicant: wlan0: CTRL-EVENT-EAP-PROPOSED-METHOD vendor=0 method=25
07-16 08:55:18.675   275   275 I wpa_supplicant: wlan0: CTRL-EVENT-EAP-METHOD EAP vendor 0 method 25 (PEAP) selected
07-16 08:55:18.722   275   275 I wpa_supplicant: wlan0: CTRL-EVENT-EAP-PEER-CERT depth=2 subject='/C=US/O=Entrust.net/OU=www.entrust.net/CPS incorp. by ref. (limits liab.)/OU=(c) 1999 Entrust.net Limited/CN=Entrust.net Secure Server Certification Authority'
07-16 08:55:18.726   275   275 I wpa_supplicant: wlan0: CTRL-EVENT-EAP-PEER-CERT depth=2 subject='/C=US/O=Entrust.net/OU=www.entrust.net/CPS incorp. by ref. (limits liab.)/OU=(c) 1999 Entrust.net Limited/CN=Entrust.net Secure Server Certification Authority'
07-16 08:55:18.726   275   275 I wpa_supplicant: wlan0: CTRL-EVENT-EAP-PEER-CERT depth=1 subject='/C=US/ST=UT/L=Salt Lake City/O=The USERTRUST Network/CN=USERTrust Legacy Secure Server CA'
07-16 08:55:18.726   275   275 I wpa_supplicant: wlan0: CTRL-EVENT-EAP-PEER-CERT depth=0 subject='/C=US/postalCode=14260/ST=New York/L=Buffalo/street=305 Computing Center/O=SUNY AT BUFFALO/OU=Office of the President/OU=Issued through UNIVERSITY AT BUFFALO E-PKI Manager/OU=PremiumSSL Legacy/CN=ubsecure.acsu.buffalo.edu'
07-16 08:55:18.875   275   275 I wpa_supplicant: EAP-MSCHAPV2: Authentication succeeded
07-16 08:55:18.879   275   275 I wpa_supplicant: EAP-TLV: TLV Result - Success - EAP-TLV/Phase2 Completed
07-16 08:55:18.882   275   275 I wpa_supplicant: wlan0: CTRL-EVENT-EAP-SUCCESS EAP authentication completed successfully
07-16 08:55:18.918   275   275 I wpa_supplicant: wlan0: WPA: Key negotiation completed with d0:c2:82:2d:ea:c1 [PTK=CCMP GTK=TKIP]
07-16 08:55:18.921   275   275 I wpa_supplicant: wlan0: CTRL-EVENT-CONNECTED - Connection to d0:c2:82:2d:ea:c1 completed (reauth) [id=0 id_str=]
07-16 08:55:19.550   144   201 D ConnectivityService: ConnectivityChange for WIFI: CONNECTED/CONNECTED
07-16 08:55:19.566 18454 18454 I PhoneLab-WiFiReceiver: Wi-Fi is connected!
07-16 08:55:19.566 18454 18454 I PhoneLab-WiFiReceiver: SSID: UB_Secure BSSID: d0:c2:82:2d:ea:c1 RSSI: -200 LinkSpeed: -1
07-16 08:55:19.566 18454 18454 I PhoneLab-Locks: wake lock acquired
07-16 08:55:19.578 18454 18454 I PhoneLab-UploadLogs: Transfering log files now
07-16 08:55:19.578 18454 18454 I PhoneLab-UploadLogs: No log files to transfer
07-16 08:55:19.578 18454 18454 I PhoneLab-Locks: wake lock released
07-16 08:55:19.582 18454 18454 I PhoneLab-UploadLogs: OnStartCommand
07-16 08:55:19.601   144   196 W NetworkStats: dropping UID delta from unknown iface: iface=wlan0 uid=0 set=DEFAULT tag=0x0 rxBytes=0 rxPackets=0 txBytes=136 txPackets=2 operations=0
07-16 08:55:19.707   144   146 D dalvikvm: GC_CONCURRENT freed 1869K, 15% free 16785K/19719K, paused 2ms+7ms
07-16 08:55:20.554   144   201 D ConnectivityService: NetTransition Wakelock for WifiStateMachine released by timeout
07-16 08:55:21.043   144   205 D Tethering: MasterInitialState.processMessage what=3
07-16 08:55:21.093   291   291 I GTalkService/c: [AndroidEndpoint@1094321424] connect: acct=1000000, state=CONNECTING
07-16 08:55:21.097   291   291 I GTalkService/c: [GTalkConnection@1094939328] connect: acct=1, state=CONNECTING
07-16 08:55:21.140 19547 19547 I MediaUploader: No need to wake up
07-16 08:55:21.144 18454 18454 I PhoneLab-WiFiReceiver: Wi-Fi is disconnected!
07-16 08:55:21.214 19222 19568 D PicasaSyncManager: active network: NetworkInfo: type: WIFI[], state: CONNECTED/CONNECTED, reason: (unspecified), extra: (none), roaming: false, failover: false, isAvailable: true
07-16 08:55:21.254 19222 19568 D PicasaSyncManager: background data: true
07-16 08:55:21.285   144 15767 D dalvikvm: GC_EXPLICIT freed 335K, 16% free 16660K/19719K, paused 2ms+10ms
07-16 08:55:21.308 19628 19628 W ContextScopeImpl: thread=1 tried to enter the scope of the application context. Ignored.
07-16 08:55:21.332   291   294 D dalvikvm: GC_CONCURRENT freed 528K, 7% free 10745K/11527K, paused 2ms+5ms
07-16 08:55:21.363   144 12390 D AlarmManagerService: Kernel timezone updated to 240 minutes west of GMT
07-16 08:55:21.820   144   201 D NetUtils: android_net_utils_resetConnections in env=0x1d93420 clazz=0xd2800001 iface=rmnet0 mask=0x3
07-16 08:55:21.820   144   201 D ConnectivityService: ConnectivityChange for mobile: DISCONNECTED/DISCONNECTED
07-16 08:55:21.820   144   201 D ConnectivityService: Attempting to switch to WIFI
07-16 08:55:21.820   144   201 D ConnectivityService: Attempting to switch to WIMAX
07-16 08:55:21.820   144   201 D ConnectivityService: Attempting to switch to BLUETOOTH_TETHER
07-16 08:55:21.820   144   201 D ConnectivityService: resetConnections(rmnet0, 3)
07-16 08:55:21.949   346   348 D dalvikvm: GC_CONCURRENT freed 454K, 6% free 9502K/10055K, paused 1ms+7ms
07-16 08:55:22.574   144   201 D ConnectivityService: handleInetConditionHoldEnd: net=1, condition=100, published condition=0
07-16 08:55:22.605   144   205 D Tethering: MasterInitialState.processMessage what=3
07-16 08:55:22.664 19237 20654 D dalvikvm: GC_EXPLICIT freed 211K, 8% free 9181K/9927K, paused 2ms+2ms
07-16 08:55:22.695 19547 19547 I MediaUploader: No need to wake up
07-16 08:55:22.789 19628 19628 W ContextScopeImpl: thread=1 tried to enter the scope of the application context. Ignored.
07-16 08:55:22.796 19222 19568 D PicasaSyncManager: active network: NetworkInfo: type: WIFI[], state: CONNECTED/CONNECTED, reason: (unspecified), extra: (none), roaming: false, failover: false, isAvailable: true
07-16 08:55:22.800 19222 19568 D PicasaSyncManager: background data: true
07-16 08:55:23.062   291   294 D dalvikvm: GC_CONCURRENT freed 440K, 7% free 10754K/11527K, paused 2ms+3ms
07-16 08:55:23.129   144   201 D ConnectivityService: handleInetConditionHoldEnd: net=1, condition=100, published condition=100
07-16 08:55:24.871   144   205 D Tethering: MasterInitialState.processMessage what=3
07-16 08:55:24.929   144   205 D Tethering: MasterInitialState.processMessage what=3
07-16 08:55:24.961 19547 19547 I MediaUploader: No need to wake up
07-16 08:55:25.031 19628 19628 W ContextScopeImpl: thread=1 tried to enter the scope of the application context. Ignored.
07-16 08:55:25.066 19547 19547 I MediaUploader: No need to wake up
07-16 08:55:25.089 19222 19568 D PicasaSyncManager: active network: NetworkInfo: type: WIFI[], state: CONNECTED/CONNECTED, reason: (unspecified), extra: (none), roaming: false, failover: false, isAvailable: true
07-16 08:55:25.132 19222 19568 D PicasaSyncManager: background data: true
07-16 08:55:25.144 19628 19628 W ContextScopeImpl: thread=1 tried to enter the scope of the application context. Ignored.
07-16 08:55:25.152 19222 19568 D PicasaSyncManager: active network: NetworkInfo: type: WIFI[], state: CONNECTED/CONNECTED, reason: (unspecified), extra: (none), roaming: false, failover: false, isAvailable: true
07-16 08:55:25.152 19222 19568 D PicasaSyncManager: background data: true
07-16 08:55:25.406   144   201 D ConnectivityService: handleInetConditionHoldEnd: net=1, condition=100, published condition=100
07-16 08:55:27.218   346   346 D SAN_SERVICE: *******************************************
07-16 08:55:27.218   346   346 D SAN_SERVICE: DM App Phone Service State - 0
07-16 08:55:27.218   346   346 D SAN_SERVICE: *******************************************
07-16 08:55:32.187   346   346 D SAN_SERVICE: *******************************************
07-16 08:55:32.187   346   346 D SAN_SERVICE: DM App Phone Service State - 0
07-16 08:55:32.187   346   346 D SAN_SERVICE: *******************************************
07-16 08:55:32.425   346   346 D SAN_SERVICE: *******************************************
07-16 08:55:32.429   346   346 D SAN_SERVICE: DM App Phone Service State - 0
07-16 08:55:32.429   346   346 D SAN_SERVICE: *******************************************
07-16 08:55:32.925   346   346 D SAN_SERVICE: *******************************************
07-16 08:55:32.925   346   346 D SAN_SERVICE: DM App Phone Service State - 0
07-16 08:55:32.925   346   346 D SAN_SERVICE: *******************************************
07-16 08:55:33.421   346   346 D SAN_SERVICE: *******************************************
07-16 08:55:33.421   346   346 D SAN_SERVICE: DM App Phone Service State - 0
07-16 08:55:33.421   346   346 D SAN_SERVICE: *******************************************
07-16 08:55:33.945   346   346 D SAN_SERVICE: *******************************************
07-16 08:55:33.945   346   346 D SAN_SERVICE: DM App Phone Service State - 0
07-16 08:55:33.945   346   346 D SAN_SERVICE: *******************************************
07-16 08:55:34.421   346   346 D SAN_SERVICE: *******************************************
07-16 08:55:34.421   346   346 D SAN_SERVICE: DM App Phone Service State - 0
07-16 08:55:34.421   346   346 D SAN_SERVICE: *******************************************
07-16 08:55:34.699   346   346 D SAN_SERVICE: *******************************************
07-16 08:55:34.699   346   346 D SAN_SERVICE: DM App Phone Service State - 0
07-16 08:55:34.699   346   346 D SAN_SERVICE: *******************************************
07-16 08:55:34.925   346   346 D SAN_SERVICE: *******************************************
07-16 08:55:34.925   346   346 D SAN_SERVICE: DM App Phone Service State - 0
07-16 08:55:34.925   346   346 D SAN_SERVICE: *******************************************
07-16 08:55:35.046   144   146 D dalvikvm: GC_CONCURRENT freed 1814K, 16% free 16761K/19719K, paused 3ms+7ms
07-16 08:55:35.675   346   346 D SAN_SERVICE: *******************************************
07-16 08:55:35.675   346   346 D SAN_SERVICE: DM App Phone Service State - 0
07-16 08:55:35.675   346   346 D SAN_SERVICE: *******************************************
07-16 08:55:47.062  1351  1353 D dalvikvm: GC_CONCURRENT freed 429K, 8% free 10315K/11207K, paused 2ms+5ms
07-16 08:55:47.347  1351  1353 D dalvikvm: GC_CONCURRENT freed 405K, 8% free 10327K/11207K, paused 2ms+2ms
07-16 08:55:47.910 20960 20962 D dalvikvm: GC_CONCURRENT freed 395K, 5% free 10289K/10823K, paused 13ms+2ms
07-16 08:55:49.480 18454 18467 I PhoneLab-: Service Running
07-16 08:55:49.550 18454 18467 I PhoneLab-LoggerService: app_37    1395  1     1432   992   c00f181c 400107b4 S logcat
07-16 08:55:49.550 18454 18467 I PhoneLab-LoggerService: Logcat pid from database 1395
07-16 08:55:49.550 18454 18467 I PhoneLab-LoggerService: Logcat process found 1395
07-16 08:55:49.550 18454 18467 I PhoneLab-LoggerService: Checking Threshold
07-16 08:55:52.937   346   346 D SAN_SERVICE: *******************************************
07-16 08:55:52.937   346   346 D SAN_SERVICE: DM App Phone Service State - 0
07-16 08:55:52.937   346   346 D SAN_SERVICE: *******************************************
07-16 08:55:53.707   346   346 D SAN_SERVICE: *******************************************
07-16 08:55:53.707   346   346 D SAN_SERVICE: DM App Phone Service State - 0
07-16 08:55:53.707   346   346 D SAN_SERVICE: *******************************************
07-16 08:55:55.683   144  1167 D AlarmManagerService: Kernel timezone updated to 240 minutes west of GMT
07-16 08:56:00.699 20960 21097 D dalvikvm: GC_FOR_ALLOC freed 150K, 6% free 10341K/10887K, paused 22ms
07-16 08:56:00.718 20960 21097 D dalvikvm: GC_FOR_ALLOC freed 102K, 6% free 10325K/10951K, paused 21ms
07-16 08:56:00.781 20960 21098 D dalvikvm: GC_FOR_ALLOC freed 205K, 5% free 10417K/10951K, paused 18ms
07-16 08:56:00.816 20960 21097 D dalvikvm: GC_FOR_ALLOC freed 176K, 6% free 10428K/11015K, paused 19ms
07-16 08:56:00.851 20960 21098 D dalvikvm: GC_FOR_ALLOC freed 78K, 5% free 10477K/11015K, paused 19ms
07-16 08:56:00.851 20960 21098 I dalvikvm-heap: Grow heap (frag case) to 10.369MB for 67616-byte allocation
07-16 08:56:00.879 20960 21097 D dalvikvm: GC_FOR_ALLOC freed 33K, 6% free 10509K/11143K, paused 18ms
07-16 08:56:00.914 20960 21098 D dalvikvm: GC_FOR_ALLOC freed 242K, 7% free 10431K/11143K, paused 23ms
07-16 08:56:00.996 20960 20962 D dalvikvm: GC_CONCURRENT freed 303K, 6% free 10582K/11143K, paused 2ms+2ms
07-16 08:56:01.031 20960 21098 D dalvikvm: GC_FOR_ALLOC freed 268K, 6% free 10481K/11143K, paused 30ms
07-16 08:56:01.062 20960 21097 D dalvikvm: GC_FOR_ALLOC freed 57K, 6% free 10563K/11143K, paused 18ms
07-16 08:56:01.062 20960 21097 I dalvikvm-heap: Grow heap (frag case) to 10.452MB for 67370-byte allocation
07-16 08:56:01.097 20960 20976 D dalvikvm: GC_FOR_ALLOC freed 32K, 6% free 10596K/11271K, paused 22ms
07-16 08:56:01.136 20960 21097 D dalvikvm: GC_FOR_ALLOC freed 247K, 7% free 10517K/11271K, paused 22ms
07-16 08:56:01.277 20960 20962 D dalvikvm: GC_CONCURRENT freed 277K, 5% free 10752K/11271K, paused 2ms+6ms
07-16 08:56:01.343 20960 21097 D dalvikvm: GC_FOR_ALLOC freed 390K, 7% free 10764K/11463K, paused 23ms
07-16 08:56:01.406 20960 21098 D dalvikvm: GC_FOR_ALLOC freed 363K, 7% free 10745K/11463K, paused 25ms
07-16 08:56:01.531 20960 20962 D dalvikvm: GC_CONCURRENT freed 365K, 5% free 10955K/11463K, paused 2ms+2ms
07-16 08:56:01.648 20960 20962 D dalvikvm: GC_CONCURRENT freed 543K, 6% free 11096K/11719K, paused 2ms+3ms
07-16 08:56:01.761 20960 20962 D dalvikvm: GC_CONCURRENT freed 547K, 6% free 11280K/11911K, paused 2ms+2ms
07-16 08:56:01.875 20960 20962 D dalvikvm: GC_CONCURRENT freed 789K, 8% free 11296K/12167K, paused 3ms+3ms
07-16 08:56:01.968 20960 20962 D dalvikvm: GC_CONCURRENT freed 771K, 8% free 11283K/12167K, paused 2ms+3ms
07-16 08:56:02.062 20960 20962 D dalvikvm: GC_CONCURRENT freed 691K, 7% free 11325K/12167K, paused 2ms+2ms
07-16 08:56:02.148 20960 20962 D dalvikvm: GC_CONCURRENT freed 684K, 7% free 11424K/12231K, paused 2ms+1ms
07-16 08:56:02.242 20960 20962 D dalvikvm: GC_CONCURRENT freed 613K, 6% free 11662K/12359K, paused 2ms+2ms
07-16 08:56:02.343 20960 20962 D dalvikvm: GC_CONCURRENT freed 894K, 8% free 11691K/12679K, paused 2ms+2ms
07-16 08:56:02.445 20960 20962 D dalvikvm: GC_CONCURRENT freed 695K, 7% free 11845K/12679K, paused 2ms+2ms
07-16 08:56:02.558 20960 20962 D dalvikvm: GC_CONCURRENT freed 763K, 7% free 12023K/12871K, paused 2ms+3ms
07-16 08:56:02.656 20960 20962 D dalvikvm: GC_CONCURRENT freed 936K, 8% free 12082K/13127K, paused 2ms+2ms
07-16 08:56:02.871 20960 20962 D dalvikvm: GC_CONCURRENT freed 784K, 7% free 12250K/13127K, paused 3ms+2ms
07-16 08:56:03.207 20960 20962 D dalvikvm: GC_CONCURRENT freed 1010K, 9% free 12299K/13447K, paused 4ms+2ms
07-16 08:56:03.336   144   176 I power   : *** set_screen_state 1
07-16 08:56:03.492   144   176 I WindowManager: Lock screen displayed!
07-16 08:56:03.535 20960 21098 D dalvikvm: GC_FOR_ALLOC freed 860K, 10% free 12191K/13447K, paused 31ms
07-16 08:56:03.546    78   123 D SurfaceFlinger: Screen about to return, flinger = 0x16bd918
07-16 08:56:03.746 20960 20962 D dalvikvm: GC_CONCURRENT freed 1033K, 10% free 12215K/13447K, paused 2ms+3ms
07-16 08:56:03.839   215   217 D dalvikvm: GC_CONCURRENT freed 395K, 31% free 9866K/14215K, paused 2ms+2ms
07-16 08:56:03.886   215   217 D dalvikvm: GC_CONCURRENT freed 621K, 32% free 9687K/14215K, paused 2ms+3ms
07-16 08:56:03.992   215   217 D dalvikvm: GC_CONCURRENT freed 490K, 32% free 9687K/14215K, paused 2ms+7ms
07-16 08:56:04.164   215   215 D PhoneStatusBar: disable: < expand icons alerts ticker system_info BACK HOME recent* CLOCK >
07-16 08:56:04.195   144   342 W InputManagerService: Window already focused, ignoring focus gain of: com.android.internal.view.IInputMethodClient$Stub$Proxy@418f5fa0
07-16 08:56:04.207   215   215 D PhoneStatusBar: disable: < expand icons alerts ticker system_info back* home* recent clock* >
07-16 08:56:04.230   144   161 I ActivityManager: Start proc com.google.android.apps.gesturesearch for broadcast com.google.android.apps.gesturesearch/.motion.ScreenStateReceiver: pid=21103 uid=10088 gids={3003}
07-16 08:56:04.234 21103 21103 I dalvikvm: Turning on JNI app bug workarounds for target SDK version 8...
07-16 08:56:04.273 21103 21103 I ActivityThread: Pub com.google.android.apps.gesturesearch.history: com.google.android.apps.gesturesearch.data.QueryHistoryProvider
07-16 08:56:04.277 21103 21103 I ActivityThread: Pub com.google.android.apps.gesturesearch.index: com.google.android.apps.gesturesearch.data.IndexProvider
07-16 08:56:04.293   144   317 I ActivityManager: No longer want com.twitter.android (pid 19713): hidden #16
07-16 08:56:04.386 20960 20962 D dalvikvm: GC_CONCURRENT freed 1089K, 10% free 12189K/13447K, paused 5ms+7ms
07-16 08:56:04.507 20960 21098 D dalvikvm: GC_FOR_ALLOC freed 843K, 11% free 12080K/13447K, paused 42ms
07-16 08:56:04.699   291   294 D dalvikvm: GC_CONCURRENT freed 367K, 6% free 10844K/11527K, paused 3ms+6ms
07-16 08:56:04.785 20960 20962 D dalvikvm: GC_CONCURRENT freed 1118K, 12% free 11855K/13447K, paused 1ms+3ms
07-16 08:56:04.941 18943 18945 D dalvikvm: GC_CONCURRENT freed 316K, 7% free 9568K/10183K, paused 2ms+3ms
07-16 08:56:05.257 20960 20962 D dalvikvm: GC_CONCURRENT freed 865K, 12% free 11928K/13447K, paused 2ms+2ms
07-16 08:56:05.664   144 14994 D dalvikvm: GC_EXPLICIT freed 769K, 16% free 16754K/19719K, paused 4ms+9ms
07-16 08:56:05.726 20960 20962 D dalvikvm: GC_CONCURRENT freed 1271K, 14% free 11599K/13447K, paused 2ms+3ms
07-16 08:56:06.011 20960 20962 D dalvikvm: GC_CONCURRENT freed 724K, 14% free 11699K/13447K, paused 2ms+2ms
07-16 08:56:06.074   144   201 D ConnectivityService: ConnectivityChange for mobile: DISCONNECTED/DISCONNECTED
07-16 08:56:06.074   144   201 D ConnectivityService: Attempting to switch to WIFI
07-16 08:56:06.074   144   201 D ConnectivityService: Attempting to switch to WIMAX
07-16 08:56:06.074   144   201 D ConnectivityService: Attempting to switch to BLUETOOTH_TETHER
07-16 08:56:06.078   144   201 D NetUtils: android_net_utils_resetConnections in env=0x1d93420 clazz=0xe4100001 iface=rmnet0 mask=0x3
07-16 08:56:06.078   144   201 D ConnectivityService: resetConnections(rmnet0, 3)
07-16 08:56:06.230   346   346 D SAN_SERVICE: *******************************************
07-16 08:56:06.230   346   346 D SAN_SERVICE: DM App Phone Service State - 0
07-16 08:56:06.230   346   346 D SAN_SERVICE: *******************************************
07-16 08:56:06.316   346   348 D dalvikvm: GC_CONCURRENT freed 438K, 6% free 9478K/10055K, paused 3ms+5ms
07-16 08:56:06.367   144 12390 I ActivityManager: START {act=android.intent.action.MAIN cat=[android.intent.category.LAUNCHER] flg=0x10200000 cmp=com.google.android.talk/.SigningInActivity bnds=[96,706][192,802]} from pid 371
07-16 08:56:06.644   371   371 D OpenGLRenderer: Flushing caches (mode 1)
07-16 08:56:06.660   371   371 D OpenGLRenderer: Flushing caches (mode 0)
07-16 08:56:06.683 19688 19691 D dalvikvm: GC_CONCURRENT freed 252K, 5% free 9512K/9991K, paused 2ms+2ms
07-16 08:56:06.761 19688 19688 D vclib:CallStateClient: startListening
07-16 08:56:06.832   291   816 D dalvikvm: GC_EXPLICIT freed 225K, 7% free 10774K/11527K, paused 3ms+5ms
07-16 08:56:06.851 19688 21120 E talk    : [Databaseutils] pruneOldMessageHistory
07-16 08:56:06.937   144   160 I Process : Sending signal. PID: 19688 SIG: 3
07-16 08:56:06.937 19688 19693 I dalvikvm: threadid=3: reacting to signal 3
07-16 08:56:06.949 20960 20962 D dalvikvm: GC_CONCURRENT freed 1046K, 15% free 11543K/13447K, paused 1ms+5ms
07-16 08:56:07.043 20960 21098 D dalvikvm: GC_FOR_ALLOC freed 1003K, 16% free 11373K/13447K, paused 39ms
07-16 08:56:07.050 19688 19688 D libEGL  : loaded /system/lib/egl/libGLES_android.so
07-16 08:56:07.062 19688 19688 D libEGL  : loaded /vendor/lib/egl/libEGL_POWERVR_SGX540_120.so
07-16 08:56:07.086 19688 19688 D libEGL  : loaded /vendor/lib/egl/libGLESv1_CM_POWERVR_SGX540_120.so
07-16 08:56:07.089 19688 19688 D libEGL  : loaded /vendor/lib/egl/libGLESv2_POWERVR_SGX540_120.so
07-16 08:56:07.125 19688 19693 I dalvikvm: Wrote stack traces to '/data/anr/traces.txt'
07-16 08:56:07.203 20960 20962 D dalvikvm: GC_CONCURRENT freed 738K, 16% free 11420K/13447K, paused 1ms+2ms
07-16 08:56:07.386 19688 19688 D OpenGLRenderer: Enabling debug mode 0
07-16 08:56:07.437   144   160 I Process : Sending signal. PID: 19688 SIG: 3
07-16 08:56:07.437 19688 19693 I dalvikvm: threadid=3: reacting to signal 3
07-16 08:56:07.453 19688 19693 I dalvikvm: Wrote stack traces to '/data/anr/traces.txt'
07-16 08:56:07.488   144   175 I ActivityManager: Displayed com.google.android.talk/.SigningInActivity: +1s54ms
07-16 08:56:07.566 20960 20962 D dalvikvm: GC_CONCURRENT freed 982K, 17% free 11210K/13447K, paused 32ms+6ms
07-16 08:56:07.754 20960 20962 D dalvikvm: GC_CONCURRENT freed 835K, 18% free 11069K/13447K, paused 5ms+3ms
07-16 08:56:08.035 20960 20962 D dalvikvm: GC_CONCURRENT freed 721K, 19% free 11003K/13447K, paused 2ms+3ms
07-16 08:56:08.261 19688 19688 D vclib:CallStateClient: stopListening
07-16 08:56:08.261 19688 19688 D vclib:CallStateClient: startListening
07-16 08:56:08.371 19688 19691 D dalvikvm: GC_CONCURRENT freed 221K, 4% free 9740K/10055K, paused 2ms+3ms
07-16 08:56:08.554 19688 19691 D dalvikvm: GC_CONCURRENT freed 200K, 3% free 10093K/10375K, paused 1ms+4ms
07-16 08:56:08.687 20960 20962 D dalvikvm: GC_CONCURRENT freed 696K, 19% free 10922K/13447K, paused 23ms+2ms
07-16 08:56:09.109   144   205 D Tethering: MasterInitialState.processMessage what=3
07-16 08:56:09.191   144   205 D Tethering: MasterInitialState.processMessage what=3
07-16 08:56:09.207   346   346 D SAN_SERVICE: *******************************************
07-16 08:56:09.207   346   346 D SAN_SERVICE: DM App Phone Service State - 0
07-16 08:56:09.207   346   346 D SAN_SERVICE: *******************************************
07-16 08:56:09.238 19547 19547 I MediaUploader: No need to wake up
07-16 08:56:09.289 19222 19568 D PicasaSyncManager: active network: NetworkInfo: type: WIFI[], state: CONNECTED/CONNECTED, reason: (unspecified), extra: (none), roaming: false, failover: false, isAvailable: true
07-16 08:56:09.328 19222 19568 D PicasaSyncManager: background data: true
07-16 08:56:09.347 19628 19628 W ContextScopeImpl: thread=1 tried to enter the scope of the application context. Ignored.
07-16 08:56:09.382 19628 19630 D dalvikvm: GC_CONCURRENT freed 395K, 5% free 9981K/10503K, paused 17ms+6ms
07-16 08:56:09.433 19547 19547 I MediaUploader: No need to wake up
07-16 08:56:09.578 19222 19568 D PicasaSyncManager: active network: NetworkInfo: type: WIFI[], state: CONNECTED/CONNECTED, reason: (unspecified), extra: (none), roaming: false, failover: false, isAvailable: true
07-16 08:56:09.586 19222 19568 D PicasaSyncManager: background data: true
07-16 08:56:09.691   144   201 D ConnectivityService: handleInetConditionHoldEnd: net=1, condition=100, published condition=100
07-16 08:56:09.765 19628 19628 W ContextScopeImpl: thread=1 tried to enter the scope of the application context. Ignored.
07-16 08:56:09.793 20960 20962 D dalvikvm: GC_CONCURRENT freed 664K, 20% free 10841K/13447K, paused 46ms+4ms
07-16 08:56:10.062 20960 20962 D dalvikvm: GC_CONCURRENT freed 767K, 21% free 10680K/13447K, paused 4ms+11ms
07-16 08:56:25.336   144   201 D ConnectivityService: ConnectivityChange for mobile: CONNECTED/CONNECTED
07-16 08:56:25.363   144   201 D NetUtils: android_net_utils_resetConnections in env=0x1d93420 clazz=0xf1800001 iface=rmnet0 mask=0x3
07-16 08:56:25.363   144   201 D ConnectivityService: ConnectivityChange for mobile: DISCONNECTED/DISCONNECTED
07-16 08:56:25.363   144   201 D ConnectivityService: Attempting to switch to WIFI
07-16 08:56:25.363   144   201 D ConnectivityService: Attempting to switch to WIMAX
07-16 08:56:25.363   144   201 D ConnectivityService: Attempting to switch to BLUETOOTH_TETHER
07-16 08:56:25.363   144   201 D ConnectivityService: resetConnections(rmnet0, 3)
07-16 08:56:25.527   144   146 D dalvikvm: GC_CONCURRENT freed 2658K, 19% free 16032K/19719K, paused 3ms+8ms
07-16 08:56:28.414   144   205 D Tethering: MasterInitialState.processMessage what=3
07-16 08:56:28.457   144   205 D Tethering: MasterInitialState.processMessage what=3
07-16 08:56:28.496 19547 19547 I MediaUploader: No need to wake up
07-16 08:56:28.570 19628 19628 W ContextScopeImpl: thread=1 tried to enter the scope of the application context. Ignored.
07-16 08:56:28.609 19222 19568 D PicasaSyncManager: active network: NetworkInfo: type: WIFI[], state: CONNECTED/CONNECTED, reason: (unspecified), extra: (none), roaming: false, failover: false, isAvailable: true
07-16 08:56:28.613 19547 19547 I MediaUploader: No need to wake up
07-16 08:56:28.711 19628 19628 W ContextScopeImpl: thread=1 tried to enter the scope of the application context. Ignored.
07-16 08:56:28.714 19222 19568 D PicasaSyncManager: background data: true
07-16 08:56:28.722 19222 19568 D PicasaSyncManager: active network: NetworkInfo: type: WIFI[], state: CONNECTED/CONNECTED, reason: (unspecified), extra: (none), roaming: false, failover: false, isAvailable: true
07-16 08:56:28.730 19222 19568 D PicasaSyncManager: background data: true
07-16 08:56:28.738 19565 19567 D dalvikvm: GC_CONCURRENT freed 434K, 5% free 10413K/10951K, paused 2ms+7ms
07-16 08:56:28.953   144   201 D ConnectivityService: handleInetConditionHoldEnd: net=1, condition=100, published condition=100
07-16 08:56:30.746   144 15767 D AlarmManagerService: Kernel timezone updated to 240 minutes west of GMT
07-16 08:56:35.031   144   388 D AlarmManagerService: Kernel timezone updated to 240 minutes west of GMT
07-16 08:56:41.781   144   181 I InputReader: Reconfiguring input devices.  changes=0x00000004
07-16 08:56:41.781   144   181 I InputReader: Device reconfigured: id=7, name='mxt224_ts_input', surface size is now 480x800, mode is 1
07-16 08:56:41.824   144   160 I ActivityManager: Config changed: {0.85 310mcc120mnc en_US layoutdir=0 sw320dp w533dp h294dp nrml long land finger -keyb/v/h -nav/h s.12}
07-16 08:56:41.847 19688 19688 D OpenGLRenderer: Flushing caches (mode 0)
07-16 08:56:41.941   321   322 D dalvikvm: GC_CONCURRENT freed 391K, 18% free 10085K/12295K, paused 2ms+11ms
07-16 08:56:42.144 19688 19691 D dalvikvm: GC_CONCURRENT freed 272K, 4% free 10230K/10631K, paused 2ms+5ms
07-16 08:56:44.410   144   175 D dalvikvm: GC_EXPLICIT freed 946K, 20% free 15955K/19719K, paused 16ms+7ms
07-16 08:56:44.421 21143 21143 D dalvikvm: Late-enabling CheckJNI
07-16 08:56:44.488   144   161 I ActivityManager: Start proc com.chess for broadcast com.chess/.backend.AlarmReceiver: pid=21143 uid=10079 gids={3003, 1015}
07-16 08:56:44.539   215   215 W PowerUI : unknown intent: Intent { act=android.intent.action.ACTION_POWER_CONNECTED flg=0x10000010 }
07-16 08:56:44.632 21143 21145 D dalvikvm: GC_CONCURRENT freed 159K, 3% free 9372K/9607K, paused 2ms+2ms
07-16 08:56:44.734 18454 18454 I PhoneLab-PowerOnReceiver: Power is plugged in!
07-16 08:56:44.734 18454 18454 I PhoneLab-PowerOnReceiver: Rescheduling periodic checking...
07-16 08:56:44.734 21143 21158 D GetStringObjTask: retrieving from url = http://www.chess.com/api/get_move_status?id=5HHjW9WUGa%2Bcu1LUwnVJPxTIWxmEve4VdkRnRyg7b5Ch69JH2Z5aB%2B7eGuFw8K2uFx47KFsdE3JRdR3Mzv0PkZOj6eZ8N73BvxmEERrzXjMNRo80rkLyJAUTh0iqof4n
07-16 08:56:44.785 18454 18454 I PhoneLab-Locks: wake lock acquired
07-16 08:56:44.832 18454 18454 I PhoneLab-UploadLogs: Transfering log files now
07-16 08:56:44.832 18454 18454 I PhoneLab-UploadLogs: No log files to transfer
07-16 08:56:44.832 18454 18454 I PhoneLab-Locks: wake lock released
07-16 08:56:44.863 18454 18456 D dalvikvm: GC_CONCURRENT freed 383K, 18% free 9136K/11079K, paused 3ms+3ms
07-16 08:56:44.867 18454 18454 I PhoneLab-UploadLogs: OnStartCommand
07-16 08:56:44.867   144 15767 I ActivityManager: Start proc com.google.android.gsf.login for service com.google.android.gsf.login/com.google.android.gsf.loginservice.GoogleLoginService: pid=21161 uid=10009 gids={3003, 1015, 1007, 2001, 3006}
07-16 08:56:45.129   144 15767 D dalvikvm: GC_EXPLICIT freed 389K, 20% free 15883K/19719K, paused 2ms+8ms
07-16 08:56:45.218 21143 21158 D GetStringObjTask: WebRequest SERVER RESPONSE: Success+0
07-16 08:56:45.839 19565 19567 D dalvikvm: GC_CONCURRENT freed 319K, 4% free 10547K/10951K, paused 2ms+3ms
07-16 08:56:46.140 19565 19567 D dalvikvm: GC_CONCURRENT freed 292K, 4% free 10768K/11143K, paused 5ms+3ms
07-16 08:56:48.238 20960 20962 D dalvikvm: GC_CONCURRENT freed 586K, 22% free 10570K/13447K, paused 2ms+7ms
07-16 08:56:48.312  1351  1353 D dalvikvm: GC_CONCURRENT freed 416K, 8% free 10328K/11207K, paused 2ms+3ms
07-16 08:56:54.824 18454 18454 I PhoneLab-Locks: wake lock acquired
07-16 08:56:54.832 18454 21192 I PhoneLab-PeriodicCheckService: User info is synched
07-16 08:56:54.836 18454 21192 I PhoneLab-PeriodicCheckService: Logger Service is running
07-16 08:56:54.839 18454 18454 I PhoneLab-Locks: wake lock acquired
07-16 08:56:54.847 18454 18454 I PhoneLab-StatusMonitor: Status Monitoring is started
07-16 08:56:54.847 18454 21192 I PhoneLab-Locks: wake lock acquired
07-16 08:56:54.851 18454 18454 E PhoneLab-PhoneLabManifest: java.io.FileNotFoundException: /data/data/edu.buffalo.cse.phonelab.phonelabservices/files/manifest.xml: open failed: ENOENT (No such file or directory)
07-16 08:56:54.851 18454 21192 I PhoneLab-PeriodicCheckService: Rescheduling periodic checking...
07-16 08:56:54.855 18454 21192 I PhoneLab-Locks: wake lock released
07-16 08:56:54.859 18454 18454 I PhoneLab-Locks: wake lock released
07-16 08:56:54.863 18454 18454 I PhoneLab-UploadLogs: Transfering log files now
07-16 08:56:54.863 18454 18454 I PhoneLab-UploadLogs: No log files to transfer
07-16 08:56:54.863 18454 18454 I PhoneLab-Locks: wake lock released
07-16 08:56:54.863 18454 18454 I PhoneLab-UploadLogs: OnStartCommand
07-16 08:57:05.433   144   174 I ActivityManager: Start proc com.google.android.gm for service com.google.android.gm/.provider.MailIndexerService: pid=21193 uid=10075 gids={3003, 1015}
07-16 08:57:05.562 21193 21193 I ActivityThread: Pub gmail-ls: com.google.android.gm.provider.MailProvider
07-16 08:57:05.625 21193 21193 I ActivityThread: Pub com.google.android.gm: com.google.android.gm.provider.PublicContentProvider
07-16 08:57:05.632 21193 21193 I ActivityThread: Pub com.google.android.gmail.SuggestionProvider: com.google.android.gm.SuggestionsProvider
07-16 08:57:05.765 21193 21196 D dalvikvm: GC_CONCURRENT freed 210K, 4% free 9256K/9543K, paused 2ms+2ms
07-16 08:57:06.281   144  1167 I ActivityManager: No longer want com.android.deskclock (pid 20873): hidden #16
07-16 08:57:06.289 21193 21210 I Gmail   : calculateUnknownSyncRationalesAndPurgeInBackground: queueing
07-16 08:57:06.296 21193 21210 I Gmail   : calculateUnknownSyncRationalesAndPurgeInBackground: queueing
07-16 08:57:06.312 21193 21210 I Gmail   : calculateUnknownSyncRationalesAndPurgeInBackground: running
07-16 08:57:06.312 21193 21210 I Gmail   : calculateUnknownSyncRationalesAndPurgeInBackground: running
07-16 08:57:06.586 19222 21212 I SqliteDatabaseCpp: sqlite returned: error code = 1, msg = no such column: wipeout_stats, db=/data/data/com.google.android.apps.plus/databases/iu.upload.db
07-16 08:57:06.586 19222 21212 W System.err: android.database.sqlite.SQLiteException: no such column: wipeout_stats: , while compiling: SELECT wipeout_stats  FROM account_status
07-16 08:57:06.660 19222 21212 W System.err: 	at android.database.sqlite.SQLiteCompiledSql.native_compile(Native Method)
07-16 08:57:06.660 19222 21212 W System.err: 	at android.database.sqlite.SQLiteCompiledSql.<init>(SQLiteCompiledSql.java:68)
07-16 08:57:06.660 19222 21212 W System.err: 	at android.database.sqlite.SQLiteProgram.compileSql(SQLiteProgram.java:143)
07-16 08:57:06.660 19222 21212 W System.err: 	at android.database.sqlite.SQLiteProgram.compileAndbindAllArgs(SQLiteProgram.java:361)
07-16 08:57:06.660 19222 21212 W System.err: 	at android.database.sqlite.SQLiteStatement.acquireAndLock(SQLiteStatement.java:260)
07-16 08:57:06.660 19222 21212 W System.err: 	at android.database.sqlite.SQLiteStatement.simpleQueryForLong(SQLiteStatement.java:137)
07-16 08:57:06.660 19222 21212 W System.err: 	at android.database.DatabaseUtils.longForQuery(DatabaseUtils.java:791)
07-16 08:57:06.664 19222 21212 W System.err: 	at android.database.DatabaseUtils.longForQuery(DatabaseUtils.java:779)
07-16 08:57:06.664 19222 21212 W System.err: 	at com.google.android.apps.plus.content.EsAccountsData.isContactsStatsWipeoutNeeded(EsAccountsData.java:641)
07-16 08:57:06.664 19222 21212 W System.err: 	at com.google.android.apps.plus.service.EsService.processIntent(EsService.java:4246)
07-16 08:57:06.664 19222 21212 W System.err: 	at com.google.android.apps.plus.service.ServiceThread$1.run(ServiceThread.java:50)
07-16 08:57:06.664 19222 21212 W System.err: 	at android.os.Handler.handleCallback(Handler.java:605)
07-16 08:57:06.664 19222 21212 W System.err: 	at android.os.Handler.dispatchMessage(Handler.java:92)
07-16 08:57:06.668 19222 21212 W System.err: 	at android.os.Looper.loop(Looper.java:137)
07-16 08:57:06.668 19222 21212 W System.err: 	at com.google.android.apps.plus.service.ServiceThread.run(ServiceThread.java:122)
07-16 08:57:06.738   291   294 D dalvikvm: GC_CONCURRENT freed 440K, 7% free 10791K/11527K, paused 5ms+4ms
07-16 08:57:08.894   275   275 I wpa_supplicant: wlan0: WPA: Group rekeying completed with d0:c2:82:2d:ea:c1 [GTK=TKIP]
07-16 08:57:09.722   346   346 D SAN_SERVICE: *******************************************
07-16 08:57:09.722   346   346 D SAN_SERVICE: DM App Phone Service State - 0
07-16 08:57:09.722   346   346 D SAN_SERVICE: *******************************************
07-16 08:57:09.808 19222 19223 D dalvikvm: GC_CONCURRENT freed 1260K, 19% free 13300K/16263K, paused 6ms+6ms
07-16 08:57:12.754   346   346 D SAN_SERVICE: *******************************************
07-16 08:57:12.754   346   346 D SAN_SERVICE: DM App Phone Service State - 0
07-16 08:57:12.754   346   346 D SAN_SERVICE: *******************************************
07-16 08:57:14.972 19222 19223 D dalvikvm: GC_CONCURRENT freed 1053K, 17% free 13577K/16263K, paused 17ms+3ms
07-16 08:57:15.437 19222 19223 D dalvikvm: GC_CONCURRENT freed 1060K, 15% free 13938K/16263K, paused 4ms+5ms
07-16 08:57:16.554 19222 19223 D dalvikvm: GC_CONCURRENT freed 978K, 12% free 14473K/16263K, paused 2ms+3ms
07-16 08:57:18.566 19222 19223 D dalvikvm: GC_CONCURRENT freed 1703K, 12% free 14486K/16327K, paused 2ms+3ms
07-16 08:57:21.171 19222 21213 I SqliteDatabaseCpp: sqlite returned: error code = 1, msg = no such column: last_stats_sync_time, db=/data/data/com.google.android.apps.plus/databases/iu.upload.db
07-16 08:57:21.187 19222 21213 E EsSyncAdapterService: Sync failure
07-16 08:57:21.187 19222 21213 E EsSyncAdapterService: android.database.sqlite.SQLiteException: no such column: last_stats_sync_time: , while compiling: SELECT last_stats_sync_time  FROM account_status
07-16 08:57:21.187 19222 21213 E EsSyncAdapterService: 	at android.database.sqlite.SQLiteCompiledSql.native_compile(Native Method)
07-16 08:57:21.187 19222 21213 E EsSyncAdapterService: 	at android.database.sqlite.SQLiteCompiledSql.<init>(SQLiteCompiledSql.java:68)
07-16 08:57:21.187 19222 21213 E EsSyncAdapterService: 	at android.database.sqlite.SQLiteProgram.compileSql(SQLiteProgram.java:143)
07-16 08:57:21.187 19222 21213 E EsSyncAdapterService: 	at android.database.sqlite.SQLiteProgram.compileAndbindAllArgs(SQLiteProgram.java:361)
07-16 08:57:21.187 19222 21213 E EsSyncAdapterService: 	at android.database.sqlite.SQLiteStatement.acquireAndLock(SQLiteStatement.java:260)
07-16 08:57:21.187 19222 21213 E EsSyncAdapterService: 	at android.database.sqlite.SQLiteStatement.simpleQueryForLong(SQLiteStatement.java:137)
07-16 08:57:21.187 19222 21213 E EsSyncAdapterService: 	at android.database.DatabaseUtils.longForQuery(DatabaseUtils.java:791)
07-16 08:57:21.187 19222 21213 E EsSyncAdapterService: 	at android.database.DatabaseUtils.longForQuery(DatabaseUtils.java:779)
07-16 08:57:21.187 19222 21213 E EsSyncAdapterService: 	at com.google.android.apps.plus.content.EsAccountsData.queryLastStatsSyncTimestamp(EsAccountsData.java:570)
07-16 08:57:21.187 19222 21213 E EsSyncAdapterService: 	at com.google.android.apps.plus.service.EsSyncAdapterService.syncContactsStatsIfNecessary(EsSyncAdapterService.java:670)
07-16 08:57:21.187 19222 21213 E EsSyncAdapterService: 	at com.google.android.apps.plus.service.EsSyncAdapterService.doFullSync(EsSyncAdapterService.java:633)
07-16 08:57:21.187 19222 21213 E EsSyncAdapterService: 	at com.google.android.apps.plus.service.EsSyncAdapterService.doSync(EsSyncAdapterService.java:566)
07-16 08:57:21.187 19222 21213 E EsSyncAdapterService: 	at com.google.android.apps.plus.service.EsSyncAdapterService.access$100(EsSyncAdapterService.java:52)
07-16 08:57:21.187 19222 21213 E EsSyncAdapterService: 	at com.google.android.apps.plus.service.EsSyncAdapterService$SyncAdapterImpl.onPerformSync(EsSyncAdapterService.java:408)
07-16 08:57:21.187 19222 21213 E EsSyncAdapterService: 	at android.content.AbstractThreadedSyncAdapter$SyncThread.run(AbstractThreadedSyncAdapter.java:247)
07-16 08:57:21.203   144   169 D SyncManager: failed sync operation lokeshmandvekar@gmail.com (com.google), com.google.android.apps.plus.content.EsProvider, SERVER, earliestRunTime 60300132, SyncResult: stats [ numParseExceptions: 1]
07-16 08:57:21.207   144   169 D SyncManager: not retrying sync operation because the error is a hard error: lokeshmandvekar@gmail.com (com.google), com.google.android.apps.plus.content.EsProvider, SERVER, earliestRunTime 60314754
07-16 08:57:26.070 19222 19223 D dalvikvm: GC_CONCURRENT freed 2877K, 19% free 13327K/16391K, paused 3ms+3ms
07-16 08:57:26.269 18943 18945 D dalvikvm: GC_CONCURRENT freed 423K, 7% free 9529K/10183K, paused 2ms+3ms
07-16 08:57:26.918 19222 19223 D dalvikvm: GC_CONCURRENT freed 1355K, 19% free 13295K/16391K, paused 2ms+3ms
07-16 08:57:27.472 19508 19510 D dalvikvm: GC_CONCURRENT freed 351K, 6% free 9961K/10567K, paused 2ms+3ms
07-16 08:57:27.539 18943 18945 D dalvikvm: GC_CONCURRENT freed 368K, 7% free 9546K/10183K, paused 1ms+3ms
07-16 08:57:47.996 18454 18467 I PhoneLab-: Service Running
07-16 08:57:48.207 18454 18467 I PhoneLab-LoggerService: app_37    1395  1     1432   992   c00f181c 400107b4 S logcat
07-16 08:57:48.211 18454 18467 I PhoneLab-LoggerService: Logcat pid from database 1395
07-16 08:57:48.211 18454 18467 I PhoneLab-LoggerService: Logcat process found 1395
07-16 08:57:48.211 18454 18467 I PhoneLab-LoggerService: Checking Threshold
07-16 08:58:07.316 18943 18954 D dalvikvm: GC_EXPLICIT freed 315K, 7% free 9509K/10183K, paused 7ms+4ms
07-16 08:58:07.410   144  6618 D dalvikvm: GC_EXPLICIT freed 900K, 20% free 15936K/19719K, paused 3ms+8ms
07-16 08:58:07.449 19508 19510 D dalvikvm: GC_CONCURRENT freed 410K, 6% free 9935K/10567K, paused 20ms+3ms
07-16 08:58:07.750 19508 21223 D dalvikvm: GC_EXPLICIT freed 28K, 6% free 9998K/10567K, paused 2ms+4ms
07-16 08:58:15.191   346   346 D SAN_SERVICE: *******************************************
07-16 08:58:15.191   346   346 D SAN_SERVICE: DM App Phone Service State - 0
07-16 08:58:15.191   346   346 D SAN_SERVICE: *******************************************
07-16 08:58:42.851   144   174 I ActivityManager: Start proc com.twitter.android for service com.twitter.android/.client.AppService: pid=21227 uid=10064 gids={3003, 1015}
07-16 08:58:42.855 21227 21227 I dalvikvm: Turning on JNI app bug workarounds for target SDK version 11...
07-16 08:58:42.988 21227 21227 I ActivityThread: Pub com.twitter.android.provider.GlobalDatabaseProvider: com.twitter.android.provider.GlobalDatabaseProvider
07-16 08:58:42.992 21227 21227 I ActivityThread: Pub com.twitter.android.provider.TwitterProvider: com.twitter.android.provider.TwitterProvider
07-16 08:58:43.066   144  1168 I ActivityManager: No longer want com.android.providers.calendar (pid 20887): hidden #16
07-16 08:58:43.097 21227 21229 D dalvikvm: GC_CONCURRENT freed 192K, 4% free 9302K/9607K, paused 10ms+2ms
07-16 08:58:43.316 21227 21229 D dalvikvm: GC_CONCURRENT freed 221K, 4% free 9513K/9863K, paused 3ms+3ms
07-16 08:58:43.464 21227 21229 D dalvikvm: GC_CONCURRENT freed 287K, 5% free 9639K/10055K, paused 1ms+2ms
07-16 08:58:43.589 21227 21229 D dalvikvm: GC_CONCURRENT freed 288K, 5% free 9764K/10183K, paused 2ms+2ms
07-16 08:58:43.711 21227 21229 D dalvikvm: GC_CONCURRENT freed 299K, 5% free 9886K/10311K, paused 2ms+3ms
07-16 08:58:43.836 21227 21229 D dalvikvm: GC_CONCURRENT freed 297K, 5% free 10013K/10439K, paused 2ms+2ms
07-16 08:58:43.953 21227 21229 D dalvikvm: GC_CONCURRENT freed 295K, 5% free 10141K/10567K, paused 2ms+2ms
07-16 08:58:44.074 21227 21229 D dalvikvm: GC_CONCURRENT freed 299K, 4% free 10273K/10695K, paused 2ms+3ms
07-16 08:58:44.214 21227 21229 D dalvikvm: GC_CONCURRENT freed 472K, 6% free 10220K/10823K, paused 2ms+2ms
07-16 08:58:44.336 21227 21229 D dalvikvm: GC_CONCURRENT freed 326K, 5% free 10296K/10823K, paused 1ms+2ms
07-16 08:58:44.445 21227 21229 D dalvikvm: GC_CONCURRENT freed 323K, 5% free 10371K/10823K, paused 1ms+2ms
07-16 08:58:44.601 21227 21229 D dalvikvm: GC_CONCURRENT freed 360K, 5% free 10471K/10951K, paused 2ms+2ms
07-16 08:58:44.722 21227 21229 D dalvikvm: GC_CONCURRENT freed 336K, 5% free 10549K/11015K, paused 2ms+2ms
07-16 08:58:44.851 21227 21229 D dalvikvm: GC_CONCURRENT freed 325K, 5% free 10631K/11079K, paused 2ms+2ms
07-16 08:58:44.976 21227 21229 D dalvikvm: GC_CONCURRENT freed 363K, 5% free 10723K/11207K, paused 1ms+2ms
07-16 08:58:45.117 21227 21229 D dalvikvm: GC_CONCURRENT freed 401K, 5% free 10811K/11335K, paused 1ms+2ms
07-16 08:58:45.765 21227 21229 D dalvikvm: GC_CONCURRENT freed 322K, 4% free 11015K/11463K, paused 2ms+2ms
07-16 08:58:47.769 21227 21229 D dalvikvm: GC_CONCURRENT freed 420K, 5% free 11213K/11719K, paused 2ms+4ms
07-16 08:58:48.261 20960 20962 D dalvikvm: GC_CONCURRENT freed 511K, 22% free 10575K/13447K, paused 2ms+3ms
07-16 08:58:48.359  1351  1353 D dalvikvm: GC_CONCURRENT freed 511K, 8% free 10328K/11207K, paused 1ms+3ms
07-16 08:59:20.523  6108  6110 D dalvikvm: GC_CONCURRENT freed 574K, 6% free 10919K/11591K, paused 8ms+5ms
07-16 08:59:47.996 18454 18467 I PhoneLab-: Service Running
07-16 08:59:48.078 18454 18467 I PhoneLab-LoggerService: app_37    1395  1     1432   992   c00f181c 400107b4 S logcat
07-16 08:59:48.078 18454 18467 I PhoneLab-LoggerService: Logcat pid from database 1395
07-16 08:59:48.078 18454 18467 I PhoneLab-LoggerService: Logcat process found 1395
07-16 08:59:48.078 18454 18467 I PhoneLab-LoggerService: Checking Threshold
07-16 08:59:48.367  1351  1353 D dalvikvm: GC_CONCURRENT freed 505K, 8% free 10335K/11207K, paused 2ms+3ms
07-16 09:00:11.281   144 15767 D AlarmManagerService: Kernel timezone updated to 240 minutes west of GMT
07-16 09:00:48.343 20960 20962 D dalvikvm: GC_CONCURRENT freed 515K, 22% free 10579K/13447K, paused 2ms+3ms
07-16 09:00:48.468  1351  1353 D dalvikvm: GC_CONCURRENT freed 465K, 8% free 10319K/11207K, paused 2ms+2ms
07-16 09:00:54.707   144 14994 D AlarmManagerService: Kernel timezone updated to 240 minutes west of GMT
07-16 09:00:58.714   144   388 D AlarmManagerService: Kernel timezone updated to 240 minutes west of GMT
07-16 09:01:16.062   291   817 I EventLogService: Aggregate from 1342441875870 (log), 1342441875870 (data)
07-16 09:01:16.086   346   346 D SAN_SERVICE: *******************************************
07-16 09:01:16.086   346   346 D SAN_SERVICE: DM App Phone Service State - 0
07-16 09:01:16.086   346   346 D SAN_SERVICE: *******************************************
07-16 09:01:16.726   144   390 D AlarmManagerService: Kernel timezone updated to 240 minutes west of GMT
07-16 09:01:17.730   144 15767 D AlarmManagerService: Kernel timezone updated to 240 minutes west of GMT
07-16 09:01:39.754   144  1168 D AlarmManagerService: Kernel timezone updated to 240 minutes west of GMT
07-16 09:01:40.074   346   346 D SAN_SERVICE: *******************************************
07-16 09:01:40.074   346   346 D SAN_SERVICE: DM App Phone Service State - 0
07-16 09:01:40.074   346   346 D SAN_SERVICE: *******************************************
07-16 09:01:40.808   346   346 D SAN_SERVICE: *******************************************
07-16 09:01:40.808   346   346 D SAN_SERVICE: DM App Phone Service State - 0
07-16 09:01:40.808   346   346 D SAN_SERVICE: *******************************************
07-16 09:01:42.812   144  1167 D AlarmManagerService: Kernel timezone updated to 240 minutes west of GMT
07-16 09:01:43.539   346   346 D SAN_SERVICE: *******************************************
07-16 09:01:43.539   346   346 D SAN_SERVICE: DM App Phone Service State - 0
07-16 09:01:43.539   346   346 D SAN_SERVICE: *******************************************
07-16 09:01:43.871   346   346 D SAN_SERVICE: *******************************************
07-16 09:01:43.871   346   346 D SAN_SERVICE: DM App Phone Service State - 0
07-16 09:01:43.871   346   346 D SAN_SERVICE: *******************************************
07-16 09:01:43.882   346   348 D dalvikvm: GC_CONCURRENT freed 444K, 6% free 9499K/10055K, paused 2ms+4ms
07-16 09:01:44.476 21143 21260 D GetStringObjTask: retrieving from url = http://www.chess.com/api/get_move_status?id=5HHjW9WUGa%2Bcu1LUwnVJPxTIWxmEve4VdkRnRyg7b5Ch69JH2Z5aB%2B7eGuFw8K2uFx47KFsdE3JRdR3Mzv0PkZOj6eZ8N73BvxmEERrzXjMNRo80rkLyJAUTh0iqof4n
07-16 09:01:44.695 21143 21260 D GetStringObjTask: WebRequest SERVER RESPONSE: Success+0
07-16 09:01:45.836   144   388 D AlarmManagerService: Kernel timezone updated to 240 minutes west of GMT
07-16 09:01:45.863   346   346 D SAN_SERVICE: *******************************************
07-16 09:01:45.863   346   346 D SAN_SERVICE: DM App Phone Service State - 0
07-16 09:01:45.863   346   346 D SAN_SERVICE: *******************************************
07-16 09:01:47.996 18454 18467 I PhoneLab-: Service Running
07-16 09:01:48.121 18454 18467 I PhoneLab-LoggerService: app_37    1395  1     1432   992   c00f181c 400107b4 S logcat
07-16 09:01:48.125 18454 18467 I PhoneLab-LoggerService: Logcat pid from database 1395
07-16 09:01:48.125 18454 18467 I PhoneLab-LoggerService: Logcat process found 1395
07-16 09:01:48.125 18454 18467 I PhoneLab-LoggerService: Checking Threshold
07-16 09:01:48.472 20960 20962 D dalvikvm: GC_CONCURRENT freed 541K, 22% free 10549K/13447K, paused 2ms+4ms
07-16 09:01:48.566  1351  1353 D dalvikvm: GC_CONCURRENT freed 375K, 8% free 10359K/11207K, paused 1ms+3ms
07-16 09:01:48.722  1351  1353 D dalvikvm: GC_CONCURRENT freed 279K, 7% free 10483K/11207K, paused 2ms+3ms
07-16 09:02:47.058   346   346 D SAN_SERVICE: *******************************************
07-16 09:02:47.058   346   346 D SAN_SERVICE: DM App Phone Service State - 0
07-16 09:02:47.058   346   346 D SAN_SERVICE: *******************************************
07-16 09:02:47.300   144  1167 D AlarmManagerService: Kernel timezone updated to 240 minutes west of GMT
07-16 09:02:47.308   346   346 D SAN_SERVICE: *******************************************
07-16 09:02:47.308   346   346 D SAN_SERVICE: DM App Phone Service State - 0
07-16 09:02:47.308   346   346 D SAN_SERVICE: *******************************************
07-16 09:02:48.472   144 14994 D dalvikvm: GC_EXPLICIT freed 1318K, 20% free 15970K/19719K, paused 3ms+9ms
07-16 09:02:48.605  1351  1353 D dalvikvm: GC_CONCURRENT freed 611K, 8% free 10382K/11207K, paused 2ms+2ms
07-16 09:02:52.386   144   317 D AlarmManagerService: Kernel timezone updated to 240 minutes west of GMT
07-16 09:02:53.285   144 12390 D AlarmManagerService: Kernel timezone updated to 240 minutes west of GMT
07-16 09:02:56.308   144 15767 D AlarmManagerService: Kernel timezone updated to 240 minutes west of GMT
07-16 09:02:57.507   346   346 D SAN_SERVICE: *******************************************
07-16 09:02:57.507   346   346 D SAN_SERVICE: DM App Phone Service State - 0
07-16 09:02:57.507   346   346 D SAN_SERVICE: *******************************************
07-16 09:02:58.308   346   346 D SAN_SERVICE: *******************************************
07-16 09:02:58.308   346   346 D SAN_SERVICE: DM App Phone Service State - 0
07-16 09:02:58.308   346   346 D SAN_SERVICE: *******************************************
07-16 09:03:00.101   346   346 D SAN_SERVICE: *******************************************
07-16 09:03:00.101   346   346 D SAN_SERVICE: DM App Phone Service State - 0
07-16 09:03:00.101   346   346 D SAN_SERVICE: *******************************************
07-16 09:03:00.320   144 12390 D AlarmManagerService: Kernel timezone updated to 240 minutes west of GMT
07-16 09:03:00.332   346   346 D SAN_SERVICE: *******************************************
07-16 09:03:00.332   346   346 D SAN_SERVICE: DM App Phone Service State - 0
07-16 09:03:00.332   346   346 D SAN_SERVICE: *******************************************
07-16 09:03:06.929   346   346 D SAN_SERVICE: *******************************************
07-16 09:03:06.933   346   346 D SAN_SERVICE: DM App Phone Service State - 0
07-16 09:03:06.933   346   346 D SAN_SERVICE: *******************************************
07-16 09:03:07.320   144 13425 D AlarmManagerService: Kernel timezone updated to 240 minutes west of GMT
07-16 09:03:13.343   144   155 D AlarmManagerService: Kernel timezone updated to 240 minutes west of GMT
07-16 09:03:20.351   144  1167 D AlarmManagerService: Kernel timezone updated to 240 minutes west of GMT
07-16 09:03:20.867   346   346 D SAN_SERVICE: *******************************************
07-16 09:03:20.867   346   346 D SAN_SERVICE: DM App Phone Service State - 0
07-16 09:03:20.867   346   346 D SAN_SERVICE: *******************************************
07-16 09:03:21.359   144   144 D AlarmManagerService: Kernel timezone updated to 240 minutes west of GMT
07-16 09:03:23.379   144   342 D AlarmManagerService: Kernel timezone updated to 240 minutes west of GMT
07-16 09:03:37.379   144 15767 D AlarmManagerService: Kernel timezone updated to 240 minutes west of GMT
07-16 09:03:40.398   346   346 D SAN_SERVICE: *******************************************
07-16 09:03:40.398   346   346 D SAN_SERVICE: DM App Phone Service State - 1
07-16 09:03:40.398   346   346 D SAN_SERVICE: *******************************************
07-16 09:03:41.886   346   346 D SAN_SERVICE: *******************************************
07-16 09:03:41.886   346   346 D SAN_SERVICE: DM App Phone Service State - 1
07-16 09:03:41.886   346   346 D SAN_SERVICE: *******************************************
07-16 09:03:42.406   346   346 D SAN_SERVICE: *******************************************
07-16 09:03:42.406   346   346 D SAN_SERVICE: DM App Phone Service State - 1
07-16 09:03:42.406   346   346 D SAN_SERVICE: *******************************************
07-16 09:03:45.168   346   346 D SAN_SERVICE: *******************************************
07-16 09:03:45.168   346   346 D SAN_SERVICE: DM App Phone Service State - 0
07-16 09:03:45.168   346   346 D SAN_SERVICE: *******************************************
07-16 09:03:45.254   346   348 D dalvikvm: GC_CONCURRENT freed 481K, 6% free 9497K/10055K, paused 22ms+2ms
07-16 09:03:45.359   144 14994 D AlarmManagerService: Kernel timezone updated to 240 minutes west of GMT
07-16 09:03:45.379   346   346 D SAN_SERVICE: *******************************************
07-16 09:03:45.379   346   346 D SAN_SERVICE: DM App Phone Service State - 0
07-16 09:03:45.379   346   346 D SAN_SERVICE: *******************************************
07-16 09:03:45.617   346   346 D SAN_SERVICE: *******************************************
07-16 09:03:45.617   346   346 D SAN_SERVICE: DM App Phone Service State - 0
07-16 09:03:45.617   346   346 D SAN_SERVICE: *******************************************
07-16 09:03:47.996 18454 18467 I PhoneLab-: Service Running
07-16 09:03:48.043 18454 18467 I PhoneLab-LoggerService: app_37    1395  1     1432   992   c00f181c 400107b4 S logcat
07-16 09:03:48.043 18454 18467 I PhoneLab-LoggerService: Logcat pid from database 1395
07-16 09:03:48.043 18454 18467 I PhoneLab-LoggerService: Logcat process found 1395
07-16 09:03:48.043 18454 18467 I PhoneLab-LoggerService: Checking Threshold
07-16 09:03:48.464 20960 20962 D dalvikvm: GC_CONCURRENT freed 488K, 22% free 10573K/13447K, paused 4ms+3ms
07-16 09:03:48.578  1351  1353 D dalvikvm: GC_CONCURRENT freed 485K, 8% free 10320K/11207K, paused 2ms+3ms
07-16 09:03:48.765  1351  1353 D dalvikvm: GC_CONCURRENT freed 234K, 7% free 10470K/11207K, paused 2ms+2ms
07-16 09:03:49.613 21227 21229 D dalvikvm: GC_CONCURRENT freed 552K, 6% free 11335K/11975K, paused 4ms+3ms
07-16 09:03:49.648   144   169 I ActivityManager: Start proc com.google.android.apps.currents for service com.google.android.apps.currents/com.google.apps.dots.android.app.service.SyncService: pid=21274 uid=10078 gids={3003, 1015}
07-16 09:03:50.144 21274 21274 I ActivityThread: Pub com.google.apps.dots.android.app.provider.SuggestionProvider: com.google.apps.dots.android.app.provider.SuggestionProvider
07-16 09:03:50.152 21274 21274 I ActivityThread: Pub com.google.android.apps.currents.exported: com.google.apps.dots.android.app.provider.ExportedContentProvider
07-16 09:03:50.211 21274 21277 D dalvikvm: GC_CONCURRENT freed 175K, 3% free 9357K/9607K, paused 2ms+3ms
07-16 09:03:50.273 21274 21277 D dalvikvm: GC_CONCURRENT freed 265K, 5% free 9581K/9991K, paused 1ms+2ms
07-16 09:03:50.343   144  1168 D AlarmManagerService: Kernel timezone updated to 240 minutes west of GMT
07-16 09:03:50.402   346   346 D SAN_SERVICE: *******************************************
07-16 09:03:50.402   346   346 D SAN_SERVICE: DM App Phone Service State - 0
07-16 09:03:50.402   346   346 D SAN_SERVICE: *******************************************
07-16 09:03:50.421 21274 21277 D dalvikvm: GC_CONCURRENT freed 231K, 4% free 9823K/10183K, paused 1ms+2ms
07-16 09:03:50.554 21274 21277 D dalvikvm: GC_CONCURRENT freed 239K, 4% free 10110K/10439K, paused 2ms+3ms
07-16 09:03:50.589 21274 21274 I DotsContentUris: content://com.google.android.apps.currents
07-16 09:03:50.597 21274 21274 I ActivityThread: Pub com.google.android.apps.currents: com.google.apps.dots.android.app.provider.DotsContentProvider
07-16 09:03:50.605 21274 21274 I DotsApplication: Starting up...
07-16 09:03:50.890 21274 21277 D dalvikvm: GC_CONCURRENT freed 471K, 6% free 10154K/10759K, paused 2ms+5ms
07-16 09:03:51.058 21274 21277 D dalvikvm: GC_CONCURRENT freed 249K, 4% free 10329K/10759K, paused 2ms+3ms
07-16 09:03:51.113 21274 21295 I SyncService: Starting sync (09:03:51)
07-16 09:03:51.543   144   146 D dalvikvm: GC_CONCURRENT freed 1735K, 19% free 15976K/19719K, paused 7ms+8ms
07-16 09:03:54.828 21274 21277 D dalvikvm: GC_CONCURRENT freed 282K, 4% free 10466K/10887K, paused 2ms+3ms
07-16 09:03:55.179 21274 21277 D dalvikvm: GC_CONCURRENT freed 207K, 3% free 10700K/11015K, paused 2ms+2ms
07-16 09:03:55.285 21274 21277 D dalvikvm: GC_CONCURRENT freed 549K, 7% free 10649K/11399K, paused 3ms+3ms
07-16 09:03:55.488 21274 21277 D dalvikvm: GC_CONCURRENT freed 376K, 7% free 10688K/11399K, paused 2ms+2ms
07-16 09:03:55.988 21274 21277 D dalvikvm: GC_CONCURRENT freed 356K, 6% free 10762K/11399K, paused 10ms+2ms
07-16 09:03:56.687   144 14192 D SyncManager: setSyncAutomatically: , provider com.google.android.apps.currents -> true
07-16 09:03:56.687   144 14192 D SyncManager: setSyncAutomatically: already set to true, doing nothing
07-16 09:03:57.004 21274 21277 D dalvikvm: GC_CONCURRENT freed 351K, 5% free 10913K/11463K, paused 3ms+3ms
07-16 09:03:57.179 21274 21277 D dalvikvm: GC_CONCURRENT freed 264K, 4% free 11207K/11591K, paused 3ms+3ms
07-16 09:03:57.570 21274 21277 D dalvikvm: GC_CONCURRENT freed 306K, 4% free 11530K/11975K, paused 4ms+7ms
07-16 09:03:57.730   144   156 D dalvikvm: GC_EXPLICIT freed 408K, 20% free 15866K/19719K, paused 3ms+7ms
07-16 09:03:57.996 21274 21277 D dalvikvm: GC_CONCURRENT freed 1159K, 11% free 11125K/12423K, paused 3ms+3ms
07-16 09:03:58.359 21274 21277 D dalvikvm: GC_CONCURRENT freed 547K, 11% free 11161K/12423K, paused 5ms+3ms
07-16 09:03:59.355 21274 21277 D dalvikvm: GC_CONCURRENT freed 565K, 10% free 11185K/12423K, paused 2ms+3ms
07-16 09:03:59.515 21274 21277 D dalvikvm: GC_CONCURRENT freed 607K, 11% free 11173K/12423K, paused 2ms+3ms
07-16 09:03:59.722 21274 21277 D dalvikvm: GC_CONCURRENT freed 564K, 10% free 11200K/12423K, paused 4ms+3ms
07-16 09:04:00.437 21274 21277 D dalvikvm: GC_CONCURRENT freed 674K, 11% free 11127K/12423K, paused 2ms+2ms
07-16 09:04:00.589 21274 21277 D dalvikvm: GC_CONCURRENT freed 527K, 10% free 11185K/12423K, paused 2ms+2ms
07-16 09:04:00.730 21274 21277 D dalvikvm: GC_CONCURRENT freed 564K, 10% free 11237K/12423K, paused 2ms+2ms
07-16 09:04:00.894 21274 21277 D dalvikvm: GC_CONCURRENT freed 622K, 10% free 11240K/12423K, paused 2ms+3ms
07-16 09:04:01.050 21274 21277 D dalvikvm: GC_CONCURRENT freed 598K, 10% free 11257K/12423K, paused 2ms+2ms
07-16 09:04:02.289 21274 21277 D dalvikvm: GC_CONCURRENT freed 701K, 11% free 11175K/12423K, paused 2ms+3ms
07-16 09:04:02.613 21274 21277 D dalvikvm: GC_CONCURRENT freed 603K, 11% free 11164K/12423K, paused 2ms+3ms
07-16 09:04:03.382 21274 21277 D dalvikvm: GC_CONCURRENT freed 566K, 10% free 11192K/12423K, paused 2ms+3ms
07-16 09:04:05.597 21274 21277 D dalvikvm: GC_CONCURRENT freed 580K, 10% free 11209K/12423K, paused 2ms+2ms
07-16 09:04:06.058 21274 21277 D dalvikvm: GC_CONCURRENT freed 589K, 10% free 11223K/12423K, paused 2ms+2ms
07-16 09:04:06.718 21274 21277 D dalvikvm: GC_CONCURRENT freed 610K, 10% free 11224K/12423K, paused 2ms+3ms
07-16 09:04:06.859 21274 21277 D dalvikvm: GC_CONCURRENT freed 599K, 10% free 11234K/12423K, paused 2ms+2ms
07-16 09:04:07.445 21274 21277 D dalvikvm: GC_CONCURRENT freed 615K, 10% free 11234K/12423K, paused 2ms+3ms
07-16 09:04:07.976 21274 21277 D dalvikvm: GC_CONCURRENT freed 616K, 10% free 11249K/12423K, paused 2ms+2ms
07-16 09:04:08.129 21274 21277 D dalvikvm: GC_CONCURRENT freed 592K, 10% free 11272K/12423K, paused 2ms+3ms
07-16 09:04:08.871 21274 21277 D dalvikvm: GC_CONCURRENT freed 662K, 10% free 11238K/12423K, paused 2ms+3ms
07-16 09:04:09.132 21274 21277 D dalvikvm: GC_CONCURRENT freed 619K, 10% free 11230K/12423K, paused 3ms+3ms
07-16 09:04:09.492 21274 21277 D dalvikvm: GC_CONCURRENT freed 587K, 10% free 11254K/12423K, paused 2ms+3ms
07-16 09:04:10.179 21274 21277 D dalvikvm: GC_CONCURRENT freed 638K, 10% free 11240K/12423K, paused 2ms+3ms
07-16 09:04:11.015 21274 21277 D dalvikvm: GC_CONCURRENT freed 581K, 10% free 11274K/12423K, paused 2ms+3ms
07-16 09:04:11.168 21274 21277 D dalvikvm: GC_CONCURRENT freed 591K, 9% free 11310K/12423K, paused 1ms+2ms
07-16 09:04:11.578 21274 21277 D dalvikvm: GC_CONCURRENT freed 623K, 9% free 11323K/12423K, paused 2ms+3ms
07-16 09:04:13.144 21274 21277 D dalvikvm: GC_CONCURRENT freed 694K, 10% free 11269K/12423K, paused 1ms+2ms
07-16 09:04:14.129 21274 21277 D dalvikvm: GC_CONCURRENT freed 599K, 10% free 11293K/12423K, paused 3ms+3ms
07-16 09:04:14.425   144  1168 D dalvikvm: GC_EXPLICIT freed 480K, 20% free 15870K/19719K, paused 3ms+6ms
07-16 09:04:14.492 21274 21277 D dalvikvm: GC_CONCURRENT freed 590K, 9% free 11334K/12423K, paused 2ms+3ms
07-16 09:04:15.863 21274 21277 D dalvikvm: GC_CONCURRENT freed 671K, 9% free 11308K/12423K, paused 2ms+3ms
07-16 09:04:15.992 21274 21277 D dalvikvm: GC_CONCURRENT freed 612K, 9% free 11341K/12423K, paused 2ms+3ms
07-16 09:04:16.144 21274 21277 D dalvikvm: GC_CONCURRENT freed 626K, 9% free 11370K/12423K, paused 2ms+2ms
07-16 09:04:16.355 21274 21299 D dalvikvm: GC_EXPLICIT freed 453K, 9% free 11370K/12423K, paused 5ms+3ms
07-16 09:04:16.629 21274 21277 D dalvikvm: GC_CONCURRENT freed 502K, 8% free 11526K/12423K, paused 3ms+3ms
07-16 09:04:18.449 21274 21277 D dalvikvm: GC_CONCURRENT freed 1019K, 10% free 11270K/12423K, paused 2ms+3ms
07-16 09:04:18.593 21274 21277 D dalvikvm: GC_CONCURRENT freed 544K, 9% free 11351K/12423K, paused 2ms+4ms
07-16 09:04:18.738 21274 21277 D dalvikvm: GC_CONCURRENT freed 610K, 9% free 11391K/12423K, paused 2ms+3ms
07-16 09:04:19.578 21274 21277 D dalvikvm: GC_CONCURRENT freed 696K, 9% free 11374K/12423K, paused 2ms+3ms
07-16 09:04:19.675 21274 21299 D dalvikvm: GC_FOR_ALLOC freed 414K, 8% free 11438K/12423K, paused 26ms
07-16 09:04:19.675 21274 21299 I dalvikvm-heap: Grow heap (frag case) to 11.298MB for 57355-byte allocation
07-16 09:04:19.703 21274 21299 D dalvikvm: GC_FOR_ALLOC freed 64K, 9% free 11430K/12487K, paused 25ms
07-16 09:04:19.800 21274 21299 D dalvikvm: GC_FOR_ALLOC freed 633K, 9% free 11403K/12487K, paused 27ms
07-16 09:04:22.839 21274 21277 D dalvikvm: GC_CONCURRENT freed 646K, 9% free 11425K/12487K, paused 2ms+2ms
07-16 09:04:22.988 21274 21277 D dalvikvm: GC_CONCURRENT freed 635K, 8% free 11501K/12487K, paused 2ms+3ms
07-16 09:04:23.906 21274 21277 D dalvikvm: GC_CONCURRENT freed 823K, 9% free 11378K/12487K, paused 2ms+2ms
07-16 09:04:24.125 21274 21277 D dalvikvm: GC_CONCURRENT freed 664K, 9% free 11374K/12487K, paused 2ms+3ms
07-16 09:04:24.363 21274 21277 D dalvikvm: GC_CONCURRENT freed 658K, 9% free 11375K/12487K, paused 3ms+2ms
07-16 09:04:24.535 21274 21277 D dalvikvm: GC_CONCURRENT freed 472K, 8% free 11565K/12487K, paused 3ms+2ms
07-16 09:04:24.656 21274 21277 D dalvikvm: GC_CONCURRENT freed 570K, 6% free 11780K/12487K, paused 2ms+2ms
07-16 09:04:24.804 21274 21277 D dalvikvm: GC_CONCURRENT freed 804K, 8% free 11814K/12743K, paused 2ms+5ms
07-16 09:04:24.968 21274 21277 D dalvikvm: GC_CONCURRENT freed 1388K, 12% free 11281K/12807K, paused 3ms+3ms
07-16 09:04:25.796 21274 21277 D dalvikvm: GC_CONCURRENT freed 511K, 12% free 11397K/12807K, paused 7ms+2ms
07-16 09:04:26.148 21274 21295 I SyncService: sync service finished (09:04:26)
07-16 09:04:47.832   144 12390 D AlarmManagerService: Kernel timezone updated to 240 minutes west of GMT
07-16 09:04:47.836   346   346 D SystemClock: Setting time of day to sec=1342443888
07-16 09:04:48.104   144   144 I ActivityManager: Start proc com.android.deskclock for broadcast com.android.deskclock/.AlarmInitReceiver: pid=21304 uid=10011 gids={}
07-16 09:04:48.170   144   155 I ActivityManager: Start proc com.android.providers.calendar for content provider com.android.providers.calendar/.CalendarProvider2: pid=21316 uid=10006 gids={3003, 1015}
07-16 09:04:48.205 21304 21304 I ActivityThread: Pub com.android.deskclock: com.android.deskclock.AlarmProvider
07-16 09:04:48.358   144   156 I ActivityManager: No longer want com.google.android.apps.maps:FriendService (pid 20981): hidden #16
07-16 09:04:48.369 21304 21326 V AlarmClock: AlarmInitReceiver finished
07-16 09:04:48.373   144   390 I ActivityManager: No longer want android.process.media (pid 19237): hidden #16
07-16 09:04:48.416 21316 21316 I ActivityThread: Pub com.android.calendar: com.android.providers.calendar.CalendarProvider2
07-16 09:04:48.541   291   294 D dalvikvm: GC_CONCURRENT freed 458K, 6% free 10836K/11527K, paused 9ms+6ms
07-16 09:04:48.850  1351  1353 D dalvikvm: GC_CONCURRENT freed 595K, 8% free 10386K/11207K, paused 2ms+4ms
07-16 09:04:48.858 20960 20962 D dalvikvm: GC_CONCURRENT freed 417K, 22% free 10545K/13447K, paused 7ms+3ms
07-16 09:04:49.147   144  1167 D dalvikvm: GC_EXPLICIT freed 529K, 20% free 15890K/19719K, paused 39ms+6ms
07-16 09:04:49.162   144   310 D AlarmManagerService: Kernel timezone updated to 240 minutes west of GMT
07-16 09:04:49.178   346   346 D SAN_SERVICE: *******************************************
07-16 09:04:49.178   346   346 D SAN_SERVICE: DM App Phone Service State - 0
07-16 09:04:49.178   346   346 D SAN_SERVICE: *******************************************
07-16 09:04:49.592 21316 21316 I CalendarProvider2: Sending notification intent: Intent { act=android.intent.action.PROVIDER_CHANGED dat=content://com.android.calendar }
07-16 09:04:49.596 21316 21316 W ContentResolver: Failed to get type for: content://com.android.calendar (Unknown URL content://com.android.calendar)
07-16 09:04:55.104   144   390 D AlarmManagerService: Kernel timezone updated to 240 minutes west of GMT
07-16 09:04:55.116   346   346 D SAN_SERVICE: *******************************************
07-16 09:04:55.116   346   346 D SAN_SERVICE: DM App Phone Service State - 0
07-16 09:04:55.116   346   346 D SAN_SERVICE: *******************************************
07-16 09:04:56.116   346   346 D SAN_SERVICE: *******************************************
07-16 09:04:56.116   346   346 D SAN_SERVICE: DM App Phone Service State - 0
07-16 09:04:56.116   346   346 D SAN_SERVICE: *******************************************
07-16 09:04:57.819   346   346 D SAN_SERVICE: *******************************************
07-16 09:04:57.819   346   346 D SAN_SERVICE: DM App Phone Service State - 0
07-16 09:04:57.819   346   346 D SAN_SERVICE: *******************************************
07-16 09:04:58.084   346   346 D SAN_SERVICE: *******************************************
07-16 09:04:58.084   346   346 D SAN_SERVICE: DM App Phone Service State - 0
07-16 09:04:58.084   346   346 D SAN_SERVICE: *******************************************
07-16 09:04:58.561   346   346 D SAN_SERVICE: *******************************************
07-16 09:04:58.561   346   346 D SAN_SERVICE: DM App Phone Service State - 0
07-16 09:04:58.561   346   346 D SAN_SERVICE: *******************************************
07-16 09:04:58.811   346   346 D SAN_SERVICE: *******************************************
07-16 09:04:58.811   346   346 D SAN_SERVICE: DM App Phone Service State - 0
07-16 09:04:58.811   346   346 D SAN_SERVICE: *******************************************
07-16 09:04:59.057   144   144 D AlarmManagerService: Kernel timezone updated to 240 minutes west of GMT
07-16 09:04:59.065   346   346 D SAN_SERVICE: *******************************************
07-16 09:04:59.065   346   346 D SAN_SERVICE: DM App Phone Service State - 0
07-16 09:04:59.065   346   346 D SAN_SERVICE: *******************************************
07-16 09:05:00.963 19688 19691 D dalvikvm: GC_CONCURRENT freed 424K, 6% free 10202K/10759K, paused 15ms+9ms
07-16 09:05:37.455   215   217 D dalvikvm: GC_CONCURRENT freed 411K, 33% free 9660K/14215K, paused 16ms+3ms
07-16 09:05:48.233 18454 18467 I PhoneLab-: Service Running
07-16 09:05:48.342 18454 18467 I PhoneLab-LoggerService: app_37    1395  1     1432   992   c00f181c 400107b4 S logcat
07-16 09:05:48.342 18454 18467 I PhoneLab-LoggerService: Logcat pid from database 1395
07-16 09:05:48.342 18454 18467 I PhoneLab-LoggerService: Logcat process found 1395
07-16 09:05:48.342 18454 18467 I PhoneLab-LoggerService: Checking Threshold
07-16 09:05:48.869  1351  1353 D dalvikvm: GC_CONCURRENT freed 531K, 8% free 10366K/11207K, paused 2ms+3ms
07-16 09:05:54.135   144   388 D AlarmManagerService: Kernel timezone updated to 240 minutes west of GMT
07-16 09:06:02.159   144 12390 D AlarmManagerService: Kernel timezone updated to 240 minutes west of GMT
07-16 09:06:05.526   346   346 D SAN_SERVICE: *******************************************
07-16 09:06:05.526   346   346 D SAN_SERVICE: DM App Phone Service State - 0
07-16 09:06:05.526   346   346 D SAN_SERVICE: *******************************************
07-16 09:06:06.162   144 14994 D AlarmManagerService: Kernel timezone updated to 240 minutes west of GMT
07-16 09:06:07.159   144  1168 D AlarmManagerService: Kernel timezone updated to 240 minutes west of GMT
07-16 09:06:07.682   346   346 D SAN_SERVICE: *******************************************
07-16 09:06:07.682   346   346 D SAN_SERVICE: DM App Phone Service State - 0
07-16 09:06:07.682   346   346 D SAN_SERVICE: *******************************************
07-16 09:06:07.936 20960 20962 D dalvikvm: GC_CONCURRENT freed 390K, 22% free 10569K/13447K, paused 5ms+8ms
07-16 09:06:44.455 21143 21362 D GetStringObjTask: retrieving from url = http://www.chess.com/api/get_move_status?id=5HHjW9WUGa%2Bcu1LUwnVJPxTIWxmEve4VdkRnRyg7b5Ch69JH2Z5aB%2B7eGuFw8K2uFx47KFsdE3JRdR3Mzv0PkZOj6eZ8N73BvxmEERrzXjMNRo80rkLyJAUTh0iqof4n
07-16 09:06:44.674 21143 21362 D GetStringObjTask: WebRequest SERVER RESPONSE: Success+0
07-16 09:06:48.932  1351  1353 D dalvikvm: GC_CONCURRENT freed 451K, 8% free 10331K/11207K, paused 2ms+3ms
07-16 09:06:58.155   144  6618 D AlarmManagerService: Kernel timezone updated to 240 minutes west of GMT
07-16 09:07:09.131   291   306 D dalvikvm: GC_EXPLICIT freed 245K, 7% free 10788K/11527K, paused 4ms+7ms
07-16 09:07:47.994 18454 18467 I PhoneLab-: Service Running
07-16 09:07:48.069 18454 18467 I PhoneLab-LoggerService: app_37    1395  1     1432   992   c00f181c 400107b4 S logcat
07-16 09:07:48.069 18454 18467 I PhoneLab-LoggerService: Logcat pid from database 1395
07-16 09:07:48.069 18454 18467 I PhoneLab-LoggerService: Logcat process found 1395
07-16 09:07:48.069 18454 18467 I PhoneLab-LoggerService: Checking Threshold
07-16 09:07:48.873 20960 20962 D dalvikvm: GC_CONCURRENT freed 519K, 22% free 10566K/13447K, paused 2ms+2ms
07-16 09:07:48.948  1351 21368 D dalvikvm: GC_EXPLICIT freed 56K, 9% free 10282K/11207K, paused 4ms+2ms
07-16 09:07:49.034  1351  1353 D dalvikvm: GC_CONCURRENT freed 357K, 8% free 10336K/11207K, paused 2ms+3ms
07-16 09:08:04.889 21193 21196 D dalvikvm: GC_CONCURRENT freed 236K, 4% free 9431K/9799K, paused 3ms+2ms
07-16 09:08:04.920 21193 21371 I Gmail   : MainSyncRequestProto: lowestBkwdConvoId: 0, highestHandledServerOp: 3317815, normalSync: true
07-16 09:08:05.385 21193 21196 D dalvikvm: GC_CONCURRENT freed 327K, 5% free 9555K/9991K, paused 2ms+2ms
07-16 09:08:06.666 21193 21371 D dalvikvm: GC_EXPLICIT freed 374K, 6% free 9542K/10055K, paused 2ms+3ms
07-16 09:08:06.670 21193 21371 I Gmail   : MainSyncRequestProto: lowestBkwdConvoId: 0, highestHandledServerOp: 3317859, normalSync: true
07-16 09:08:07.428 21193 21371 D dalvikvm: GC_EXPLICIT freed 203K, 5% free 9586K/10055K, paused 4ms+3ms
07-16 09:08:07.436 21193 21371 I Gmail   : MainSyncRequestProto: lowestBkwdConvoId: 0, highestHandledServerOp: 3317859, normalSync: true
07-16 09:08:07.436 21193 21371 I Gmail   : lowestBackward conversation id 0
07-16 09:08:07.452 21193 21371 W Gmail   : Scheduling index for 300000 ms from now
07-16 09:08:07.487 21193 21371 I Gmail   : Sending notification intent: Intent { act=android.intent.action.PROVIDER_CHANGED dat=content://gmail-ls/unread/^i (has extras) }
07-16 09:08:07.721 21193 21375 W Gmail   : Showing notification with unreadCount of 1 and unseenCount of 1
07-16 09:08:07.963   215   215 D dalvikvm: GC_FOR_ALLOC freed 132K, 31% free 9856K/14215K, paused 21ms
07-16 09:08:08.045   215   217 D dalvikvm: GC_CONCURRENT freed 298K, 30% free 10056K/14215K, paused 3ms+6ms
07-16 09:08:08.190   215   215 D dalvikvm: GC_FOR_ALLOC freed 464K, 31% free 9838K/14215K, paused 21ms
07-16 09:08:10.975   215   217 D dalvikvm: GC_CONCURRENT freed 120K, 29% free 10145K/14215K, paused 18ms+3ms
07-16 09:08:49.030  1351  1353 D dalvikvm: GC_CONCURRENT freed 409K, 8% free 10332K/11207K, paused 2ms+2ms
07-16 09:09:26.436   144 12390 I ActivityManager: No longer want com.google.android.apps.uploader (pid 19547): hidden #16
07-16 09:09:44.381 18943 18945 D dalvikvm: GC_CONCURRENT freed 361K, 7% free 9534K/10183K, paused 2ms+3ms
07-16 09:09:47.998 18454 18467 I PhoneLab-: Service Running
07-16 09:09:48.084 18454 18456 D dalvikvm: GC_CONCURRENT freed 406K, 18% free 9147K/11079K, paused 7ms+2ms
07-16 09:09:48.088 18454 18467 I PhoneLab-LoggerService: app_37    1395  1     1432   992   c00f181c 400107b4 S logcat
07-16 09:09:48.092 18454 18467 I PhoneLab-LoggerService: Logcat pid from database 1395
07-16 09:09:48.092 18454 18467 I PhoneLab-LoggerService: Logcat process found 1395
07-16 09:09:48.092 18454 18467 I PhoneLab-LoggerService: Checking Threshold
07-16 09:09:48.987 20960 20962 D dalvikvm: GC_CONCURRENT freed 416K, 21% free 10638K/13447K, paused 1ms+2ms
07-16 09:09:49.139   144  1168 D dalvikvm: GC_EXPLICIT freed 1190K, 19% free 16043K/19719K, paused 2ms+8ms
07-16 09:09:49.233  1351  1353 D dalvikvm: GC_CONCURRENT freed 413K, 8% free 10347K/11207K, paused 2ms+3ms
07-16 09:09:49.389  1351  1353 D dalvikvm: GC_CONCURRENT freed 301K, 7% free 10533K/11207K, paused 2ms+3ms
07-16 09:10:49.096  1351  1353 D dalvikvm: GC_CONCURRENT freed 711K, 8% free 10334K/11207K, paused 2ms+3ms
07-16 09:11:09.350   144   201 D ConnectivityService: ConnectivityChange for WIMAX: DISCONNECTED/SCANNING
07-16 09:11:09.354   144   201 D ConnectivityService: Attempting to switch to mobile
07-16 09:11:09.354   144   201 D ConnectivityService: Attempting to switch to WIFI
07-16 09:11:09.354   144   201 D ConnectivityService: Attempting to switch to BLUETOOTH_TETHER
07-16 09:11:09.467   346   348 D dalvikvm: GC_CONCURRENT freed 470K, 6% free 9481K/10055K, paused 2ms+5ms
07-16 09:11:12.381   144   205 D Tethering: MasterInitialState.processMessage what=3
07-16 09:11:12.432   144   161 I ActivityManager: Start proc android.process.media for broadcast com.android.providers.downloads/.DownloadReceiver: pid=21393 uid=10012 gids={1015, 1023, 1024, 2001, 3003, 3007}
07-16 09:11:12.436   144   205 D Tethering: MasterInitialState.processMessage what=3
07-16 09:11:12.467    79    79 D dalvikvm: GC_EXPLICIT freed 37K, 4% free 9027K/9347K, paused 14ms+2ms
07-16 09:11:12.491    79    79 D dalvikvm: GC_EXPLICIT freed <1K, 4% free 9027K/9347K, paused 1ms+2ms
07-16 09:11:12.514    79    79 D dalvikvm: GC_EXPLICIT freed <1K, 4% free 9027K/9347K, paused 2ms+2ms
07-16 09:11:12.534   144   310 I ActivityManager: No longer want com.google.android.apps.googlevoice (pid 18483): hidden #16
07-16 09:11:12.557 21393 21393 I ActivityThread: Pub downloads: com.android.providers.downloads.DownloadProvider
07-16 09:11:12.573 21393 21393 I ActivityThread: Pub drm: com.android.providers.drm.DrmProvider
07-16 09:11:12.573 21393 21406 I DownloadManager: in removeSpuriousFiles
07-16 09:11:12.588 21393 21406 I DownloadManager: in removeSpuriousFiles, preserving file /data/data/com.android.providers.downloads/cache/metadata.json
07-16 09:11:12.588 21393 21406 I DownloadManager: in removeSpuriousFiles, preserving file /data/data/com.android.providers.downloads/cache/en_general.htm
07-16 09:11:12.588 21393 21406 I DownloadManager: in removeSpuriousFiles, preserving file /mnt/sdcard/Download/img-thing.jpeg
07-16 09:11:12.588 21393 21406 I DownloadManager: in removeSpuriousFiles, preserving file /data/data/com.android.providers.downloads/cache/metadata-1.json
07-16 09:11:12.588 21393 21406 I DownloadManager: in removeSpuriousFiles, preserving file /data/data/com.android.providers.downloads/cache/downloadfile.jpeg
07-16 09:11:12.588 21393 21406 I DownloadManager: in removeSpuriousFiles, preserving file /data/data/com.android.providers.downloads/cache/metadata-2.json
07-16 09:11:12.588 21393 21406 I DownloadManager: in removeSpuriousFiles, preserving file /data/data/com.android.providers.downloads/cache/metadata-3.json
07-16 09:11:12.588 21393 21406 I DownloadManager: in removeSpuriousFiles, preserving file /data/data/com.android.providers.downloads/cache/downloadfile-1.jpeg
07-16 09:11:12.588 21393 21406 I DownloadManager: in removeSpuriousFiles, preserving file /data/data/com.android.providers.downloads/cache/downloadfile-2.jpeg
07-16 09:11:12.592 21393 21406 I DownloadManager: in removeSpuriousFiles, preserving file /data/data/com.android.providers.downloads/cache/metadata-4.json
07-16 09:11:12.592 21393 21406 I DownloadManager: in removeSpuriousFiles, preserving file /data/data/com.android.providers.downloads/cache/metadata-5.json
07-16 09:11:12.592 21393 21406 I DownloadManager: in removeSpuriousFiles, preserving file /data/data/com.android.providers.downloads/cache/metadata-6.json
07-16 09:11:12.592 21393 21406 I DownloadManager: deleting spurious file /cache/backup
07-16 09:11:12.600   144   310 W ActivityManager: Scheduling restart of crashed service com.google.android.apps.googlevoice/.widget.WidgetService in 5000ms
07-16 09:11:12.600   144   310 W ActivityManager: Scheduling restart of crashed service com.google.android.apps.googlevoice/.CallLogService in 15000ms
07-16 09:11:12.600   144   310 W ActivityManager: Scheduling restart of crashed service com.google.android.apps.googlevoice/.UpdateService in 25000ms
07-16 09:11:12.608 21393 21393 I ActivityThread: Pub media: com.android.providers.media.MediaProvider
07-16 09:11:12.936   144   201 D ConnectivityService: handleInetConditionHoldEnd: net=1, condition=100, published condition=100
07-16 09:11:13.092 21393 21395 D dalvikvm: GC_CONCURRENT freed 325K, 5% free 9206K/9607K, paused 11ms+2ms
07-16 09:11:13.182   144 15767 I ActivityManager: Start proc com.google.android.apps.uploader for broadcast com.google.android.apps.uploader/.ConnectivityBroadcastReceiver: pid=21410 uid=10030 gids={3003}
07-16 09:11:13.190 21410 21410 I dalvikvm: Turning on JNI app bug workarounds for target SDK version 11...
07-16 09:11:13.252 21410 21410 I ActivityThread: Pub com.google.android.apps.uploader: com.google.android.apps.uploader.UploadsContentProvider
07-16 09:11:13.252 21410 21410 I ActivityThread: Pub com.google.photos.provider.Album: com.google.android.apps.uploader.clients.picasa.AlbumProvider
07-16 09:11:13.260 21410 21410 D MediaUploader: UploaderApplication.onCreate
07-16 09:11:13.295 21410 21410 D MediaUploader: nonWifiLimit=20971520, default=20971520
07-16 09:11:13.307 21410 21410 I MediaUploader: No need to wake up
07-16 09:11:13.342   144 14994 I ActivityManager: No longer want com.google.android.apps.docs (pid 19628): hidden #16
07-16 09:11:13.420 19222 19568 D PicasaSyncManager: active network: NetworkInfo: type: WIFI[], state: CONNECTED/CONNECTED, reason: (unspecified), extra: (none), roaming: false, failover: false, isAvailable: true
07-16 09:11:13.424 19222 19568 D PicasaSyncManager: background data: true
07-16 09:11:13.452   144   317 I ActivityManager: Start proc com.google.android.apps.docs for broadcast com.google.android.apps.docs/.receivers.NetworkChangeReceiver: pid=21428 uid=10077 gids={3003, 1015, 1006}
07-16 09:11:13.721 21428 21428 I PackageInfoHelper: Provided clientMode=RELEASE, packageInfo=PackageInfo{4135e468 com.google.android.apps.docs}
07-16 09:11:13.729 21428 21428 I ActivityThread: Pub com.google.android.apps.docs.files: com.google.android.apps.docs.sync.filemanager.FileProvider
07-16 09:11:13.737 21428 21428 I ActivityThread: Pub com.google.android.apps.docs.doclist.search_suggest: com.google.android.apps.docs.doclist.DocListGlobalSearchSuggestionProvider
07-16 09:11:13.799   144  1167 I ActivityManager: No longer want com.google.android.apps.gesturesearch (pid 21103): hidden #16
07-16 09:11:13.897 21428 21430 D dalvikvm: GC_CONCURRENT freed 215K, 4% free 9308K/9607K, paused 2ms+2ms
07-16 09:11:14.022 21428 21430 D dalvikvm: GC_CONCURRENT freed 424K, 6% free 9417K/9927K, paused 3ms+3ms
07-16 09:11:14.131 21428 21430 D dalvikvm: GC_CONCURRENT freed 545K, 7% free 9431K/10055K, paused 2ms+3ms
07-16 09:11:14.221 21428 21430 D dalvikvm: GC_CONCURRENT freed 499K, 7% free 9444K/10055K, paused 2ms+2ms
07-16 09:11:14.311 21428 21430 D dalvikvm: GC_CONCURRENT freed 461K, 6% free 9495K/10055K, paused 2ms+3ms
07-16 09:11:14.416 21428 21430 D dalvikvm: GC_CONCURRENT freed 540K, 7% free 9500K/10119K, paused 1ms+2ms
07-16 09:11:14.561 21428 21430 D dalvikvm: GC_CONCURRENT freed 331K, 5% free 9625K/10119K, paused 2ms+2ms
07-16 09:11:14.686 21428 21430 D dalvikvm: GC_CONCURRENT freed 396K, 5% free 9764K/10247K, paused 2ms+3ms
07-16 09:11:14.690 21428 21428 D ContextScopeImpl: in ContextScope.getContextOrDefault for thread=1
07-16 09:11:14.690 21428 21428 D ContextScopeImpl: returning application context for thread=1
07-16 09:11:14.709 21428 21428 I FeatureCheckerImpl: Configured disabled features: []
07-16 09:11:14.709 21428 21428 D ContextScopeImpl: in ContextScope.getContextOrDefault for thread=1
07-16 09:11:14.709 21428 21428 D ContextScopeImpl: returning application context for thread=1
07-16 09:11:14.721 21428 21428 D ContextScopeImpl: in ContextScope.enter for thread=1
07-16 09:11:14.721 21428 21428 W ContextScopeImpl: thread=1 tried to enter the scope of the application context. Ignored.
07-16 09:11:14.721 21428 21428 D ContextScopeImpl: in ContextScope.getContextOrDefault for thread=1
07-16 09:11:14.721 21428 21428 D ContextScopeImpl: returning application context for thread=1
07-16 09:11:14.721 21428 21428 D DocListDatabase: openHelper points on new database: DocList.db
07-16 09:11:14.725 21428 21428 D DocListDatabase: in openWriteDatabase
07-16 09:11:14.733 21428 21428 I ActivityThread: Pub com.google.android.apps.docs.doclist.account_suggest: com.google.android.apps.docs.doclist.DocListAccountSuggestionProvider
07-16 09:11:14.733 21428 21428 D ContextScopeImpl: in ContextScope.enter for thread=1
07-16 09:11:14.737 21428 21428 W ContextScopeImpl: thread=1 tried to enter the scope of the application context. Ignored.
07-16 09:11:14.737 21428 21428 I ActivityThread: Pub com.google.android.apps.docs: com.google.android.apps.docs.providers.DocListProvider
07-16 09:11:14.737 21428 21428 D ContextScopeImpl: in ContextScope.enter for thread=1
07-16 09:11:14.737 21428 21428 W ContextScopeImpl: thread=1 tried to enter the scope of the application context. Ignored.
07-16 09:11:14.741 21428 21428 W ContextScopeImpl: thread=1 tried to enter the scope of the application context. Ignored.
07-16 09:11:14.748 21428 21442 W ContextScopeImpl: thread=906 tried to enter the scope of the application context. Ignored.
07-16 09:11:14.791 21428 21428 W ContextScopeImpl: thread=1 tried to enter the scope of the application context. Ignored.
07-16 09:11:14.869 21410 21410 I MediaUploader: No need to wake up
07-16 09:11:14.955 21428 21428 W ContextScopeImpl: thread=1 tried to enter the scope of the application context. Ignored.
07-16 09:11:14.994 19222 19568 D PicasaSyncManager: active network: NetworkInfo: type: WIFI[], state: CONNECTED/CONNECTED, reason: (unspecified), extra: (none), roaming: false, failover: false, isAvailable: true
07-16 09:11:15.018 19222 19568 D PicasaSyncManager: background data: true
07-16 09:11:15.077   144 15767 I ActivityManager: No longer want com.google.android.apps.currents (pid 21274): hidden #16
07-16 09:11:15.866 20960 20962 D dalvikvm: GC_CONCURRENT freed 491K, 22% free 10561K/13447K, paused 2ms+2ms
07-16 09:11:17.674   144   161 I ActivityManager: Start proc com.google.android.apps.googlevoice for service com.google.android.apps.googlevoice/.widget.WidgetService: pid=21450 uid=10054 gids={3003, 1015}
07-16 09:11:18.034 21450 21453 D dalvikvm: GC_CONCURRENT freed 226K, 4% free 9305K/9607K, paused 9ms+6ms
07-16 09:11:18.475   144   156 D CountryDetector: The first listener is added
07-16 09:11:18.569 21450 21453 D dalvikvm: GC_CONCURRENT freed 479K, 6% free 9372K/9927K, paused 2ms+7ms
07-16 09:11:18.569 21450 21459 W CursorWrapperInner: Cursor finalized without prior close()
07-16 09:11:18.772 18943 18945 D dalvikvm: GC_CONCURRENT freed 311K, 6% free 9665K/10183K, paused 2ms+6ms
07-16 09:11:18.799 21450 21450 W GoogleVoice: WidgetService: got a null intent
07-16 09:11:18.815   144   317 I ActivityManager: No longer want com.android.deskclock (pid 21304): hidden #16
07-16 09:11:18.909 21450 21459 W CursorWrapperInner: Cursor finalized without prior close()
07-16 09:11:18.909 21450 21459 W CursorWrapperInner: Cursor finalized without prior close()
07-16 09:11:18.912 21450 21453 D dalvikvm: GC_CONCURRENT freed 250K, 5% free 9561K/9991K, paused 2ms+2ms
07-16 09:11:19.135 18943 18945 D dalvikvm: GC_CONCURRENT freed 378K, 5% free 9847K/10311K, paused 2ms+4ms
07-16 09:11:39.178   144   201 D NetUtils: android_net_utils_resetConnections in env=0x1d93420 clazz=0xf800001 iface=rmnet0 mask=0x3
07-16 09:11:39.178   144   201 D ConnectivityService: ConnectivityChange for mobile: DISCONNECTED/DISCONNECTED
07-16 09:11:39.178   144   201 D ConnectivityService: Attempting to switch to WIFI
07-16 09:11:39.178   144   201 D ConnectivityService: Attempting to switch to WIMAX
07-16 09:11:39.178   144   201 D ConnectivityService: Attempting to switch to BLUETOOTH_TETHER
07-16 09:11:39.178   144   201 D ConnectivityService: resetConnections(rmnet0, 3)
07-16 09:11:39.354   144   146 D dalvikvm: GC_CONCURRENT freed 1759K, 19% free 16042K/19719K, paused 11ms+8ms
07-16 09:11:42.229   144   205 D Tethering: MasterInitialState.processMessage what=3
07-16 09:11:42.303   144   205 D Tethering: MasterInitialState.processMessage what=3
07-16 09:11:42.334 21410 21410 I MediaUploader: No need to wake up
07-16 09:11:42.483 19222 19568 D PicasaSyncManager: active network: NetworkInfo: type: WIFI[], state: CONNECTED/CONNECTED, reason: (unspecified), extra: (none), roaming: false, failover: false, isAvailable: true
07-16 09:11:42.483 19222 19568 D PicasaSyncManager: background data: true
07-16 09:11:42.506   144   310 D dalvikvm: GC_EXPLICIT freed 738K, 20% free 15946K/19719K, paused 3ms+6ms
07-16 09:11:42.522 21428 21428 W ContextScopeImpl: thread=1 tried to enter the scope of the application context. Ignored.
07-16 09:11:42.569 21410 21410 I MediaUploader: No need to wake up
07-16 09:11:42.612 19222 19568 D PicasaSyncManager: active network: NetworkInfo: type: WIFI[], state: CONNECTED/CONNECTED, reason: (unspecified), extra: (none), roaming: false, failover: false, isAvailable: true
07-16 09:11:42.643 19222 19568 D PicasaSyncManager: background data: true
07-16 09:11:42.666 21428 21428 W ContextScopeImpl: thread=1 tried to enter the scope of the application context. Ignored.
07-16 09:11:42.760   291   294 D dalvikvm: GC_CONCURRENT freed 428K, 7% free 10835K/11527K, paused 2ms+4ms
07-16 09:11:42.795   144   201 D ConnectivityService: handleInetConditionHoldEnd: net=1, condition=100, published condition=100
07-16 09:11:44.475 21143 21485 D GetStringObjTask: retrieving from url = http://www.chess.com/api/get_move_status?id=5HHjW9WUGa%2Bcu1LUwnVJPxTIWxmEve4VdkRnRyg7b5Ch69JH2Z5aB%2B7eGuFw8K2uFx47KFsdE3JRdR3Mzv0PkZOj6eZ8N73BvxmEERrzXjMNRo80rkLyJAUTh0iqof4n
07-16 09:11:44.580 21143 21145 D dalvikvm: GC_CONCURRENT freed 329K, 5% free 9480K/9927K, paused 4ms+4ms
07-16 09:11:44.756 21143 21485 D GetStringObjTask: WebRequest SERVER RESPONSE: Success+0
07-16 09:11:47.994 18454 18467 I PhoneLab-: Service Running
07-16 09:11:48.065 18454 18467 I PhoneLab-LoggerService: app_37    1395  1     1432   992   c00f181c 400107b4 S logcat
07-16 09:11:48.065 18454 18467 I PhoneLab-LoggerService: Logcat pid from database 1395
07-16 09:11:48.065 18454 18467 I PhoneLab-LoggerService: Logcat process found 1395
07-16 09:11:48.065 18454 18467 I PhoneLab-LoggerService: Checking Threshold
07-16 09:11:49.143  1351  1353 D dalvikvm: GC_CONCURRENT freed 474K, 8% free 10372K/11207K, paused 2ms+2ms
07-16 09:12:00.526   144   342 D AlarmManagerService: Kernel timezone updated to 240 minutes west of GMT
07-16 09:12:01.545   144  1167 D AlarmManagerService: Kernel timezone updated to 240 minutes west of GMT
07-16 09:12:10.616   144   201 D ConnectivityService: ConnectivityChange for mobile: DISCONNECTED/DISCONNECTED
07-16 09:12:10.616   144   201 D ConnectivityService: Attempting to switch to WIFI
07-16 09:12:10.619   144   201 D NetUtils: android_net_utils_resetConnections in env=0x1d93420 clazz=0x1ab00001 iface=rmnet0 mask=0x3
07-16 09:12:10.619   144   201 D ConnectivityService: Attempting to switch to WIMAX
07-16 09:12:10.619   144   201 D ConnectivityService: Attempting to switch to BLUETOOTH_TETHER
07-16 09:12:10.619   144   201 D ConnectivityService: resetConnections(rmnet0, 3)
07-16 09:12:13.662   144   205 D Tethering: MasterInitialState.processMessage what=3
07-16 09:12:13.741   144   205 D Tethering: MasterInitialState.processMessage what=3
07-16 09:12:13.776 21410 21410 I MediaUploader: No need to wake up
07-16 09:12:13.873 21428 21428 W ContextScopeImpl: thread=1 tried to enter the scope of the application context. Ignored.
07-16 09:12:13.912 21410 21410 I MediaUploader: No need to wake up
07-16 09:12:13.987 21428 21428 W ContextScopeImpl: thread=1 tried to enter the scope of the application context. Ignored.
07-16 09:12:14.030 19565 19565 D dalvikvm: GC_EXPLICIT freed 379K, 5% free 10662K/11143K, paused 19ms+3ms
07-16 09:12:14.057 19222 19568 D PicasaSyncManager: active network: NetworkInfo: type: WIFI[], state: CONNECTED/CONNECTED, reason: (unspecified), extra: (none), roaming: false, failover: false, isAvailable: true
07-16 09:12:14.065 19222 19568 D PicasaSyncManager: background data: true
07-16 09:12:14.088 19222 19568 D PicasaSyncManager: active network: NetworkInfo: type: WIFI[], state: CONNECTED/CONNECTED, reason: (unspecified), extra: (none), roaming: false, failover: false, isAvailable: true
07-16 09:12:14.092 19222 19568 D PicasaSyncManager: background data: true
07-16 09:12:14.127 19508 19510 D dalvikvm: GC_CONCURRENT freed 509K, 7% free 9919K/10567K, paused 4ms+9ms
07-16 09:12:14.209 21393 21395 D dalvikvm: GC_CONCURRENT freed 324K, 5% free 9276K/9735K, paused 1ms+4ms
07-16 09:12:14.233   144   201 D ConnectivityService: handleInetConditionHoldEnd: net=1, condition=100, published condition=100
07-16 09:12:19.323   346   348 D dalvikvm: GC_CONCURRENT freed 422K, 6% free 9499K/10055K, paused 4ms+3ms
07-16 09:12:20.780   144   144 D AlarmManagerService: Kernel timezone updated to 240 minutes west of GMT
07-16 09:12:33.549   144   146 D dalvikvm: GC_CONCURRENT freed 1520K, 19% free 16036K/19719K, paused 26ms+8ms
07-16 09:12:41.233   144   201 D NetUtils: android_net_utils_resetConnections in env=0x1d93420 clazz=0x25e00001 iface=rmnet0 mask=0x3
07-16 09:12:41.233   144   201 D ConnectivityService: ConnectivityChange for mobile: DISCONNECTED/DISCONNECTED
07-16 09:12:41.233   144   201 D ConnectivityService: Attempting to switch to WIFI
07-16 09:12:41.233   144   201 D ConnectivityService: Attempting to switch to WIMAX
07-16 09:12:41.233   144   201 D ConnectivityService: Attempting to switch to BLUETOOTH_TETHER
07-16 09:12:41.233   144   201 D ConnectivityService: resetConnections(rmnet0, 3)
07-16 09:12:44.276   144   205 D Tethering: MasterInitialState.processMessage what=3
07-16 09:12:44.315   144   205 D Tethering: MasterInitialState.processMessage what=3
07-16 09:12:44.346 21410 21410 I MediaUploader: No need to wake up
07-16 09:12:44.444 21428 21428 W ContextScopeImpl: thread=1 tried to enter the scope of the application context. Ignored.
07-16 09:12:44.471 19222 19568 D PicasaSyncManager: active network: NetworkInfo: type: WIFI[], state: CONNECTED/CONNECTED, reason: (unspecified), extra: (none), roaming: false, failover: false, isAvailable: true
07-16 09:12:44.471 19222 19568 D PicasaSyncManager: background data: true
07-16 09:12:44.510 21410 21410 I MediaUploader: No need to wake up
07-16 09:12:44.600 19222 19568 D PicasaSyncManager: active network: NetworkInfo: type: WIFI[], state: CONNECTED/CONNECTED, reason: (unspecified), extra: (none), roaming: false, failover: false, isAvailable: true
07-16 09:12:44.604 19222 19568 D PicasaSyncManager: background data: true
07-16 09:12:44.608 21428 21428 W ContextScopeImpl: thread=1 tried to enter the scope of the application context. Ignored.
07-16 09:12:44.682 21428 21430 D dalvikvm: GC_CONCURRENT freed 317K, 5% free 9866K/10311K, paused 2ms+28ms
07-16 09:12:44.823   144   201 D ConnectivityService: handleInetConditionHoldEnd: net=1, condition=100, published condition=100
07-16 09:12:49.139 20960 20962 D dalvikvm: GC_CONCURRENT freed 509K, 22% free 10566K/13447K, paused 2ms+3ms
07-16 09:12:49.276  1351  1353 D dalvikvm: GC_CONCURRENT freed 486K, 8% free 10365K/11207K, paused 2ms+3ms
07-16 09:12:49.373  1351  1353 D dalvikvm: GC_CONCURRENT freed 199K, 6% free 10553K/11207K, paused 2ms+2ms
07-16 09:12:54.244   144 15767 D AlarmManagerService: Kernel timezone updated to 240 minutes west of GMT
07-16 09:13:12.518   144   144 D dalvikvm: GC_EXPLICIT freed 1265K, 19% free 16008K/19719K, paused 28ms+7ms
07-16 09:13:12.588   346   346 D SAN_SERVICE: *******************************************
07-16 09:13:12.588   346   346 D SAN_SERVICE: DM App Phone Service State - 0
07-16 09:13:12.588   346   346 D SAN_SERVICE: *******************************************
07-16 09:13:34.674   144   201 D ConnectivityService: ConnectivityChange for mobile: DISCONNECTED/DISCONNECTED
07-16 09:13:34.674   144   201 D ConnectivityService: Attempting to switch to WIFI
07-16 09:13:34.674   144   201 D ConnectivityService: Attempting to switch to WIMAX
07-16 09:13:34.674   144   201 D ConnectivityService: Attempting to switch to BLUETOOTH_TETHER
07-16 09:13:34.678   144   201 D NetUtils: android_net_utils_resetConnections in env=0x1d93420 clazz=0x31000001 iface=rmnet0 mask=0x3
07-16 09:13:34.678   144   201 D ConnectivityService: resetConnections(rmnet0, 3)
07-16 09:13:37.721   144   205 D Tethering: MasterInitialState.processMessage what=3
07-16 09:13:37.807   144   205 D Tethering: MasterInitialState.processMessage what=3
07-16 09:13:37.881   291   294 D dalvikvm: GC_CONCURRENT freed 531K, 7% free 10811K/11527K, paused 2ms+4ms
07-16 09:13:37.901 21410 21410 I MediaUploader: No need to wake up
07-16 09:13:37.971 21428 21428 W ContextScopeImpl: thread=1 tried to enter the scope of the application context. Ignored.
07-16 09:13:38.010 21410 21410 I MediaUploader: No need to wake up
07-16 09:13:38.139  6108  6110 D dalvikvm: GC_CONCURRENT freed 584K, 7% free 10888K/11591K, paused 7ms+6ms
07-16 09:13:38.155 21428 21428 W ContextScopeImpl: thread=1 tried to enter the scope of the application context. Ignored.
07-16 09:13:38.166 19222 19568 D PicasaSyncManager: active network: NetworkInfo: type: WIFI[], state: CONNECTED/CONNECTED, reason: (unspecified), extra: (none), roaming: false, failover: false, isAvailable: true
07-16 09:13:38.170 19222 19568 D PicasaSyncManager: background data: true
07-16 09:13:38.178 19222 19568 D PicasaSyncManager: active network: NetworkInfo: type: WIFI[], state: CONNECTED/CONNECTED, reason: (unspecified), extra: (none), roaming: false, failover: false, isAvailable: true
07-16 09:13:38.178 19222 19568 D PicasaSyncManager: background data: true
07-16 09:13:38.291   144   201 D ConnectivityService: handleInetConditionHoldEnd: net=1, condition=100, published condition=100
07-16 09:13:47.994 18454 18467 I PhoneLab-: Service Running
07-16 09:13:48.092 18454 18467 I PhoneLab-LoggerService: app_37    1395  1     1432   992   c00f181c 400107b4 S logcat
07-16 09:13:48.092 18454 18467 I PhoneLab-LoggerService: Logcat pid from database 1395
07-16 09:13:48.092 18454 18467 I PhoneLab-LoggerService: Logcat process found 1395
07-16 09:13:48.092 18454 18467 I PhoneLab-LoggerService: Checking Threshold
07-16 09:13:49.241  1351  1353 D dalvikvm: GC_CONCURRENT freed 739K, 8% free 10325K/11207K, paused 2ms+2ms
07-16 09:13:51.549 21227 21229 D dalvikvm: GC_CONCURRENT freed 694K, 7% free 11354K/12167K, paused 10ms+3ms
07-16 09:13:53.479   144 14994 D AlarmManagerService: Kernel timezone updated to 240 minutes west of GMT
07-16 09:14:14.686   144   390 D AlarmManagerService: Kernel timezone updated to 240 minutes west of GMT
07-16 09:14:14.713   346   346 D SAN_SERVICE: *******************************************
07-16 09:14:14.713   346   346 D SAN_SERVICE: DM App Phone Service State - 0
07-16 09:14:14.713   346   346 D SAN_SERVICE: *******************************************
07-16 09:14:49.252 20960 20962 D dalvikvm: GC_CONCURRENT freed 517K, 22% free 10565K/13447K, paused 2ms+2ms
07-16 09:14:49.385  1351  1353 D dalvikvm: GC_CONCURRENT freed 451K, 8% free 10377K/11207K, paused 2ms+3ms
07-16 09:15:14.729   144   201 D NetUtils: android_net_utils_resetConnections in env=0x1d93420 clazz=0x3c400001 iface=rmnet0 mask=0x3
07-16 09:15:14.729   144   201 D ConnectivityService: ConnectivityChange for mobile: DISCONNECTED/DISCONNECTED
07-16 09:15:14.729   144   201 D ConnectivityService: Attempting to switch to WIFI
07-16 09:15:14.729   144   201 D ConnectivityService: Attempting to switch to WIMAX
07-16 09:15:14.729   144   201 D ConnectivityService: Attempting to switch to BLUETOOTH_TETHER
07-16 09:15:14.729   144   201 D ConnectivityService: resetConnections(rmnet0, 3)
07-16 09:15:14.866   346   348 D dalvikvm: GC_CONCURRENT freed 452K, 6% free 9501K/10055K, paused 2ms+8ms
07-16 09:15:14.936   144   146 D dalvikvm: GC_CONCURRENT freed 1677K, 19% free 16082K/19719K, paused 3ms+8ms
07-16 09:15:15.202 18943 18955 D dalvikvm: GC_EXPLICIT freed 305K, 6% free 9773K/10311K, paused 2ms+4ms
07-16 09:15:15.346 19688 19691 D dalvikvm: GC_CONCURRENT freed 436K, 5% free 10244K/10759K, paused 2ms+4ms
07-16 09:15:17.787   144   205 D Tethering: MasterInitialState.processMessage what=3
07-16 09:15:17.854   144   205 D Tethering: MasterInitialState.processMessage what=3
07-16 09:15:17.881 21410 21410 I MediaUploader: No need to wake up
07-16 09:15:17.928 19222 19568 D PicasaSyncManager: active network: NetworkInfo: type: WIFI[], state: CONNECTED/CONNECTED, reason: (unspecified), extra: (none), roaming: false, failover: false, isAvailable: true
07-16 09:15:17.975 21428 21428 W ContextScopeImpl: thread=1 tried to enter the scope of the application context. Ignored.
07-16 09:15:17.983 19222 19568 D PicasaSyncManager: background data: true
07-16 09:15:18.022 21410 21410 I MediaUploader: No need to wake up
07-16 09:15:18.100 21428 21428 W ContextScopeImpl: thread=1 tried to enter the scope of the application context. Ignored.
07-16 09:15:18.123 19222 19568 D PicasaSyncManager: active network: NetworkInfo: type: WIFI[], state: CONNECTED/CONNECTED, reason: (unspecified), extra: (none), roaming: false, failover: false, isAvailable: true
07-16 09:15:18.127 19222 19568 D PicasaSyncManager: background data: true
07-16 09:15:18.334   144   201 D ConnectivityService: handleInetConditionHoldEnd: net=1, condition=100, published condition=100
07-16 09:15:24.342   144  6618 D AlarmManagerService: Kernel timezone updated to 240 minutes west of GMT
07-16 09:15:24.342   346   346 D SystemClock: Setting time of day to sec=1342444524
07-16 09:15:24.108   144   378 I ActivityManager: Start proc com.android.deskclock for broadcast com.android.deskclock/.AlarmInitReceiver: pid=21563 uid=10011 gids={}
07-16 09:15:24.198 21563 21563 I ActivityThread: Pub com.android.deskclock: com.android.deskclock.AlarmProvider
07-16 09:15:24.244   144   144 I ActivityManager: No longer want com.android.sprintmenu (pid 19607): hidden #16
07-16 09:15:24.315   291   291 D dalvikvm: GC_EXPLICIT freed 336K, 7% free 10763K/11527K, paused 4ms+4ms
07-16 09:15:24.330 21563 21576 V AlarmClock: AlarmInitReceiver finished
07-16 09:15:24.330   144 15767 W ActivityManager: Scheduling restart of crashed service com.android.sprintmenu/.HiddenPhoneService in 5000ms
07-16 09:15:29.272 21316 21320 D dalvikvm: GC_CONCURRENT freed 342K, 5% free 9153K/9607K, paused 2ms+2ms
07-16 09:15:29.342   144   161 I ActivityManager: Start proc com.android.sprintmenu for service com.android.sprintmenu/.HiddenPhoneService: pid=21579 uid=1001 gids={3002, 3001, 3003, 1015}
07-16 09:15:47.795   144   388 D dalvikvm: GC_EXPLICIT freed 1196K, 19% free 15995K/19719K, paused 3ms+7ms
