07-26 18:30:44.949 31737 31740 D dalvikvm: GC_CONCURRENT freed 422K, 8% free 10832K/11655K, paused 21ms+3ms
07-26 18:30:45.468 28503 28503 D dalvikvm: GC_FOR_ALLOC freed 80K, 6% free 9937K/10567K, paused 25ms
07-26 18:30:49.382 29724 29737 I PhoneLab-: Service Running
07-26 18:30:49.484 29724 29737 I PhoneLab-LoggerService: app_37    1300  1     1440   1004  c00f181c 400107b4 S logcat
07-26 18:30:49.484 29724 29737 I PhoneLab-LoggerService: Logcat pid from database 1300
07-26 18:30:49.484 29724 29737 I PhoneLab-LoggerService: Logcat process found 1300
07-26 18:30:49.488 29724 29737 I PhoneLab-LoggerService: Checking Threshold
07-26 18:30:49.488 29724 29737 I PhoneLab-LoggerService: Starting to rename files
07-26 18:30:49.488 29724 29737 I PhoneLab-LoggerService: Files found .. 2
07-26 18:30:49.488 29724 29737 I PhoneLab-LoggerService: File 1 log.out.1
07-26 18:30:49.496 29724 29737 I PhoneLab-LoggerService: Renamed successfully
07-26 18:30:49.500 29724 29737 I PhoneLab-: Service Running
07-26 18:30:49.527 29724 29737 I PhoneLab-LoggerService: app_37    1300  1     1440   1004  c00f181c 400107b4 S logcat
07-26 18:30:49.527 29724 29737 I PhoneLab-LoggerService: Logcat pid from database 1300
07-26 18:30:49.527 29724 29737 I PhoneLab-LoggerService: Logcat process found 1300
07-26 18:30:49.527 29724 29737 I PhoneLab-LoggerService: Checking Threshold
07-26 18:30:49.527 29724 29737 I PhoneLab-LoggerService: Starting to rename files
07-26 18:30:49.527 29724 29737 I PhoneLab-LoggerService: Files found .. 2
07-26 18:30:49.531 29724 29737 I PhoneLab-: Service Running
07-26 18:30:49.574 29724 29737 I PhoneLab-LoggerService: app_37    1300  1     1440   1004  c00f181c 400107b4 S logcat
07-26 18:30:49.574 29724 29737 I PhoneLab-LoggerService: Logcat pid from database 1300
07-26 18:30:49.574 29724 29737 I PhoneLab-LoggerService: Logcat process found 1300
07-26 18:30:49.574 29724 29737 I PhoneLab-LoggerService: Checking Threshold
07-26 18:30:49.574 29724 29737 I PhoneLab-LoggerService: Starting to rename files
07-26 18:30:49.574 29724 29737 I PhoneLab-LoggerService: Files found .. 2
07-26 18:30:52.211   342   342 D SAN_SERVICE: *******************************************
07-26 18:30:52.211   342   342 D SAN_SERVICE: DM App Phone Service State - 0
07-26 18:30:52.211   342   342 D SAN_SERVICE: *******************************************
07-26 18:30:52.445   145   430 W ActivityManager: finishReceiver called but no pending broadcasts
07-26 18:30:52.527 30205 30206 D dalvikvm: GC_CONCURRENT freed 590K, 6% free 10664K/11335K, paused 2ms+3ms
07-26 18:30:57.296   342   342 D SAN_SERVICE: *******************************************
07-26 18:30:57.296   342   342 D SAN_SERVICE: DM App Phone Service State - 0
07-26 18:30:57.296   342   342 D SAN_SERVICE: *******************************************
07-26 18:31:01.265   145   326 W ActivityManager: finishReceiver called but no pending broadcasts
07-26 18:31:01.343 30205 30206 D dalvikvm: GC_CONCURRENT freed 549K, 6% free 10662K/11335K, paused 2ms+3ms
07-26 18:31:01.789   215   217 D dalvikvm: GC_CONCURRENT freed 250K, 31% free 9930K/14215K, paused 5ms+6ms
07-26 18:31:01.882   215   217 D dalvikvm: GC_CONCURRENT freed 618K, 32% free 9800K/14215K, paused 3ms+3ms
07-26 18:31:04.265 30205 30206 D dalvikvm: GC_CONCURRENT freed 369K, 6% free 10714K/11335K, paused 2ms+2ms
07-26 18:31:06.082   342   342 D SAN_SERVICE: *******************************************
07-26 18:31:06.082   342   342 D SAN_SERVICE: DM App Phone Service State - 0
07-26 18:31:06.082   342   342 D SAN_SERVICE: *******************************************
07-26 18:31:06.316   342   342 D SAN_SERVICE: *******************************************
07-26 18:31:06.316   342   342 D SAN_SERVICE: DM App Phone Service State - 0
07-26 18:31:06.316   342   342 D SAN_SERVICE: *******************************************
07-26 18:31:06.863 28346 28349 D dalvikvm: GC_CONCURRENT freed 582K, 8% free 10295K/11143K, paused 1ms+2ms
07-26 18:31:08.671 28346 28349 D dalvikvm: GC_CONCURRENT freed 490K, 8% free 10314K/11143K, paused 3ms+3ms
07-26 18:31:09.699 28346 28349 D dalvikvm: GC_CONCURRENT freed 505K, 8% free 10320K/11143K, paused 2ms+2ms
07-26 18:31:10.656 30205 30206 D dalvikvm: GC_CONCURRENT freed 165K, 3% free 11039K/11335K, paused 2ms+5ms
07-26 18:31:10.789 28346 28349 D dalvikvm: GC_CONCURRENT freed 474K, 8% free 10356K/11143K, paused 2ms+2ms
07-26 18:31:11.062   342   342 D SAN_SERVICE: *******************************************
07-26 18:31:11.062   342   342 D SAN_SERVICE: DM App Phone Service State - 0
07-26 18:31:11.062   342   342 D SAN_SERVICE: *******************************************
07-26 18:31:11.265   342   342 D SAN_SERVICE: *******************************************
07-26 18:31:11.265   342   342 D SAN_SERVICE: DM App Phone Service State - 0
07-26 18:31:11.265   342   342 D SAN_SERVICE: *******************************************
07-26 18:31:11.789 30205 30206 D dalvikvm: GC_CONCURRENT freed 465K, 5% free 11234K/11783K, paused 11ms+6ms
07-26 18:31:11.871 28346 28349 D dalvikvm: GC_CONCURRENT freed 505K, 8% free 10329K/11143K, paused 2ms+2ms
07-26 18:31:12.777 28346 28349 D dalvikvm: GC_CONCURRENT freed 415K, 8% free 10308K/11143K, paused 2ms+2ms
07-26 18:31:13.808 28346 28349 D dalvikvm: GC_CONCURRENT freed 393K, 8% free 10308K/11143K, paused 2ms+3ms
07-26 18:31:14.730 28346 28349 D dalvikvm: GC_CONCURRENT freed 406K, 8% free 10314K/11143K, paused 1ms+4ms
07-26 18:31:15.769   145   156 D dalvikvm: GC_EXPLICIT freed 1037K, 17% free 19573K/23495K, paused 10ms+14ms
07-26 18:31:15.886 28346 28349 D dalvikvm: GC_CONCURRENT freed 429K, 8% free 10311K/11143K, paused 2ms+2ms
07-26 18:31:16.277   342   342 D SAN_SERVICE: *******************************************
07-26 18:31:16.277   342   342 D SAN_SERVICE: DM App Phone Service State - 0
07-26 18:31:16.277   342   342 D SAN_SERVICE: *******************************************
07-26 18:31:16.707 28346 28349 D dalvikvm: GC_CONCURRENT freed 396K, 8% free 10308K/11143K, paused 2ms+2ms
07-26 18:31:17.773 28346 28349 D dalvikvm: GC_CONCURRENT freed 392K, 8% free 10308K/11143K, paused 2ms+3ms
07-26 18:31:18.789 28346 28349 D dalvikvm: GC_CONCURRENT freed 392K, 8% free 10309K/11143K, paused 2ms+2ms
07-26 18:31:19.711 28346 28349 D dalvikvm: GC_CONCURRENT freed 393K, 8% free 10309K/11143K, paused 2ms+2ms
07-26 18:31:20.711 28346 28349 D dalvikvm: GC_CONCURRENT freed 392K, 8% free 10309K/11143K, paused 2ms+2ms
07-26 18:31:20.769 30205 30206 D dalvikvm: GC_CONCURRENT freed 835K, 9% free 11071K/12039K, paused 2ms+3ms
07-26 18:31:21.281   342   342 D SAN_SERVICE: *******************************************
07-26 18:31:21.281   342   342 D SAN_SERVICE: DM App Phone Service State - 0
07-26 18:31:21.281   342   342 D SAN_SERVICE: *******************************************
07-26 18:31:21.589 30205 30637 D dalvikvm: GC_FOR_ALLOC freed 382K, 8% free 11118K/12039K, paused 29ms
07-26 18:31:21.636 30205 30637 D dalvikvm: GC_FOR_ALLOC freed 109K, 8% free 11105K/12039K, paused 40ms
07-26 18:31:21.777 28346 28349 D dalvikvm: GC_CONCURRENT freed 392K, 8% free 10309K/11143K, paused 2ms+3ms
07-26 18:31:22.066   342   342 D SAN_SERVICE: *******************************************
07-26 18:31:22.066   342   342 D SAN_SERVICE: DM App Phone Service State - 0
07-26 18:31:22.066   342   342 D SAN_SERVICE: *******************************************
07-26 18:31:22.312   342   342 D SAN_SERVICE: *******************************************
07-26 18:31:22.316   342   342 D SAN_SERVICE: DM App Phone Service State - 0
07-26 18:31:22.316   342   342 D SAN_SERVICE: *******************************************
07-26 18:31:22.703 28346 28346 D dalvikvm: GC_EXPLICIT freed 47K, 8% free 10268K/11143K, paused 2ms+5ms
07-26 18:31:22.800 28346 28349 D dalvikvm: GC_CONCURRENT freed 347K, 8% free 10308K/11143K, paused 2ms+2ms
07-26 18:31:23.761 28346 28349 D dalvikvm: GC_CONCURRENT freed 391K, 8% free 10310K/11143K, paused 2ms+2ms
07-26 18:31:24.894 30205 30206 D dalvikvm: GC_CONCURRENT freed 933K, 11% free 10797K/12039K, paused 2ms+8ms
07-26 18:31:24.949 28346 28349 D dalvikvm: GC_CONCURRENT freed 463K, 8% free 10343K/11143K, paused 2ms+3ms
07-26 18:31:25.683 28346 28349 D dalvikvm: GC_CONCURRENT freed 481K, 7% free 10373K/11143K, paused 3ms+2ms
07-26 18:31:26.765 28346 28349 D dalvikvm: GC_CONCURRENT freed 559K, 8% free 10320K/11143K, paused 2ms+3ms
07-26 18:31:26.777   342   342 D SAN_SERVICE: *******************************************
07-26 18:31:26.777   342   342 D SAN_SERVICE: DM App Phone Service State - 0
07-26 18:31:26.777   342   342 D SAN_SERVICE: *******************************************
07-26 18:31:26.847 31737 31740 D dalvikvm: GC_CONCURRENT freed 404K, 7% free 10904K/11655K, paused 6ms+4ms
07-26 18:31:26.996   342   342 D SAN_SERVICE: *******************************************
07-26 18:31:26.996   342   342 D SAN_SERVICE: DM App Phone Service State - 0
07-26 18:31:26.996   342   342 D SAN_SERVICE: *******************************************
07-26 18:31:27.023   342   342 D SAN_SERVICE: *******************************************
07-26 18:31:27.023   342   342 D SAN_SERVICE: DM App Phone Service State - 0
07-26 18:31:27.023   342   342 D SAN_SERVICE: *******************************************
07-26 18:31:27.273   342   342 D SAN_SERVICE: *******************************************
07-26 18:31:27.273   342   342 D SAN_SERVICE: DM App Phone Service State - 0
07-26 18:31:27.273   342   342 D SAN_SERVICE: *******************************************
07-26 18:31:27.742 28346 28349 D dalvikvm: GC_CONCURRENT freed 415K, 8% free 10311K/11143K, paused 2ms+2ms
07-26 18:31:28.754 28346 28349 D dalvikvm: GC_CONCURRENT freed 394K, 8% free 10308K/11143K, paused 1ms+2ms
07-26 18:31:29.765 28346 28349 D dalvikvm: GC_CONCURRENT freed 390K, 8% free 10308K/11143K, paused 1ms+2ms
07-26 18:31:30.699 28346 28349 D dalvikvm: GC_CONCURRENT freed 391K, 8% free 10308K/11143K, paused 2ms+2ms
07-26 18:31:31.734 30205 30206 D dalvikvm: GC_CONCURRENT freed 281K, 8% free 11097K/12039K, paused 2ms+12ms
07-26 18:31:31.820 28346 28349 D dalvikvm: GC_CONCURRENT freed 390K, 8% free 10309K/11143K, paused 2ms+5ms
07-26 18:31:31.875 30205 30637 D dalvikvm: GC_FOR_ALLOC freed 352K, 8% free 11095K/12039K, paused 27ms
07-26 18:31:32.707 28346 28349 D dalvikvm: GC_CONCURRENT freed 390K, 8% free 10309K/11143K, paused 2ms+2ms
07-26 18:31:33.105 29905 29908 D dalvikvm: GC_CONCURRENT freed 391K, 7% free 9911K/10567K, paused 69ms+4ms
07-26 18:31:33.746 28346 28349 D dalvikvm: GC_CONCURRENT freed 390K, 8% free 10309K/11143K, paused 2ms+2ms
07-26 18:31:34.773   145   430 D dalvikvm: GC_EXPLICIT freed 1227K, 18% free 19481K/23495K, paused 4ms+11ms
07-26 18:31:34.855 28346 28349 D dalvikvm: GC_CONCURRENT freed 391K, 8% free 10310K/11143K, paused 3ms+3ms
07-26 18:31:35.734 28346 28349 D dalvikvm: GC_CONCURRENT freed 393K, 8% free 10308K/11143K, paused 2ms+2ms
07-26 18:31:36.714 28346 28349 D dalvikvm: GC_CONCURRENT freed 391K, 8% free 10308K/11143K, paused 2ms+2ms
07-26 18:31:37.722 28346 28349 D dalvikvm: GC_CONCURRENT freed 390K, 8% free 10308K/11143K, paused 2ms+2ms
07-26 18:31:38.730 28346 28349 D dalvikvm: GC_CONCURRENT freed 385K, 8% free 10314K/11143K, paused 2ms+2ms
07-26 18:31:39.761 28346 28349 D dalvikvm: GC_CONCURRENT freed 396K, 8% free 10309K/11143K, paused 2ms+2ms
07-26 18:31:40.574 30205 30206 D dalvikvm: GC_CONCURRENT freed 667K, 9% free 10996K/12039K, paused 21ms+3ms
07-26 18:31:40.726 28346 28349 D dalvikvm: GC_CONCURRENT freed 391K, 8% free 10309K/11143K, paused 3ms+3ms
07-26 18:31:41.816 28346 28349 D dalvikvm: GC_CONCURRENT freed 390K, 8% free 10309K/11143K, paused 2ms+5ms
07-26 18:31:41.910 30205 30637 D dalvikvm: GC_FOR_ALLOC freed 357K, 8% free 11129K/12039K, paused 28ms
07-26 18:31:41.910 30205 30637 I dalvikvm-heap: Grow heap (frag case) to 10.999MB for 64406-byte allocation
07-26 18:31:41.949 30205 30626 D dalvikvm: GC_FOR_ALLOC freed 39K, 8% free 11152K/12103K, paused 26ms
07-26 18:31:42.754 28346 28349 D dalvikvm: GC_CONCURRENT freed 391K, 8% free 10310K/11143K, paused 2ms+2ms
07-26 18:31:43.687 31737 10076 D dalvikvm: GC_EXPLICIT freed 189K, 7% free 10840K/11655K, paused 3ms+4ms
07-26 18:31:43.785 28346 28349 D dalvikvm: GC_CONCURRENT freed 391K, 8% free 10311K/11143K, paused 2ms+2ms
07-26 18:31:44.746 28346 28349 D dalvikvm: GC_CONCURRENT freed 393K, 8% free 10308K/11143K, paused 3ms+2ms
07-26 18:31:45.703 28346 28349 D dalvikvm: GC_CONCURRENT freed 390K, 8% free 10309K/11143K, paused 2ms+2ms
07-26 18:31:46.742 28346 28349 D dalvikvm: GC_CONCURRENT freed 391K, 8% free 10309K/11143K, paused 1ms+2ms
07-26 18:31:47.648 28346 28346 D dalvikvm: GC_EXPLICIT freed 48K, 8% free 10267K/11143K, paused 2ms+3ms
07-26 18:31:47.754 28346 28349 D dalvikvm: GC_CONCURRENT freed 353K, 8% free 10299K/11143K, paused 2ms+2ms
07-26 18:31:48.726 28346 28349 D dalvikvm: GC_CONCURRENT freed 380K, 8% free 10310K/11143K, paused 5ms+2ms
07-26 18:31:49.644 30205 30206 D dalvikvm: GC_CONCURRENT freed 783K, 10% free 10960K/12103K, paused 53ms+3ms
07-26 18:31:49.773 28346 28349 D dalvikvm: GC_CONCURRENT freed 390K, 8% free 10310K/11143K, paused 2ms+5ms
07-26 18:31:50.734 28346 28349 D dalvikvm: GC_CONCURRENT freed 390K, 8% free 10310K/11143K, paused 1ms+2ms
07-26 18:31:51.703 28346 28349 D dalvikvm: GC_CONCURRENT freed 390K, 8% free 10310K/11143K, paused 4ms+4ms
07-26 18:31:52.015 30205 30206 D dalvikvm: GC_CONCURRENT freed 396K, 8% free 11205K/12103K, paused 2ms+3ms
07-26 18:31:52.734 28346 28349 D dalvikvm: GC_CONCURRENT freed 390K, 8% free 10311K/11143K, paused 2ms+2ms
07-26 18:31:53.695 28346 28349 D dalvikvm: GC_CONCURRENT freed 391K, 8% free 10311K/11143K, paused 1ms+2ms
07-26 18:31:54.718 28346 28349 D dalvikvm: GC_CONCURRENT freed 391K, 8% free 10311K/11143K, paused 2ms+2ms
07-26 18:31:55.734 28346 28349 D dalvikvm: GC_CONCURRENT freed 390K, 8% free 10311K/11143K, paused 2ms+2ms
07-26 18:31:56.761   145   326 D dalvikvm: GC_EXPLICIT freed 1127K, 18% free 19469K/23495K, paused 4ms+10ms
07-26 18:31:56.843 28346 28349 D dalvikvm: GC_CONCURRENT freed 390K, 8% free 10312K/11143K, paused 2ms+2ms
07-26 18:31:57.695 28346 28349 D dalvikvm: GC_CONCURRENT freed 393K, 8% free 10309K/11143K, paused 2ms+2ms
07-26 18:31:58.695 28346 28349 D dalvikvm: GC_CONCURRENT freed 390K, 8% free 10310K/11143K, paused 2ms+2ms
07-26 18:31:59.699 28346 28349 D dalvikvm: GC_CONCURRENT freed 390K, 8% free 10310K/11143K, paused 2ms+3ms
07-26 18:32:00.718 28346 28349 D dalvikvm: GC_CONCURRENT freed 391K, 8% free 10310K/11143K, paused 2ms+2ms
07-26 18:32:01.285 30205 30206 D dalvikvm: GC_CONCURRENT freed 797K, 10% free 11012K/12103K, paused 21ms+3ms
07-26 18:32:01.742 28346 28349 D dalvikvm: GC_CONCURRENT freed 391K, 8% free 10310K/11143K, paused 2ms+3ms
07-26 18:32:02.129 30205 30637 D dalvikvm: GC_FOR_ALLOC freed 434K, 9% free 11096K/12103K, paused 29ms
07-26 18:32:02.316   342   342 D SAN_SERVICE: *******************************************
07-26 18:32:02.316   342   342 D SAN_SERVICE: DM App Phone Service State - 0
07-26 18:32:02.316   342   342 D SAN_SERVICE: *******************************************
07-26 18:32:02.832 28346 28349 D dalvikvm: GC_CONCURRENT freed 390K, 8% free 10311K/11143K, paused 2ms+2ms
07-26 18:32:03.699 28346 28349 D dalvikvm: GC_CONCURRENT freed 390K, 8% free 10311K/11143K, paused 2ms+2ms
07-26 18:32:04.711 28346 28349 D dalvikvm: GC_CONCURRENT freed 390K, 8% free 10311K/11143K, paused 2ms+3ms
07-26 18:32:05.726 28346 28349 D dalvikvm: GC_CONCURRENT freed 390K, 8% free 10311K/11143K, paused 1ms+2ms
07-26 18:32:06.746 28346 28349 D dalvikvm: GC_CONCURRENT freed 390K, 8% free 10312K/11143K, paused 2ms+2ms
07-26 18:32:07.625   342   342 D SAN_SERVICE: *******************************************
07-26 18:32:07.625   342   342 D SAN_SERVICE: DM App Phone Service State - 0
07-26 18:32:07.625   342   342 D SAN_SERVICE: *******************************************
07-26 18:32:07.769 28346 28349 D dalvikvm: GC_CONCURRENT freed 390K, 8% free 10312K/11143K, paused 2ms+2ms
07-26 18:32:08.347   342   342 D SAN_SERVICE: *******************************************
07-26 18:32:08.347   342   342 D SAN_SERVICE: DM App Phone Service State - 0
07-26 18:32:08.347   342   342 D SAN_SERVICE: *******************************************
07-26 18:32:08.746 28346 28349 D dalvikvm: GC_CONCURRENT freed 390K, 8% free 10312K/11143K, paused 2ms+2ms
07-26 18:32:09.429 30205 30206 D dalvikvm: GC_CONCURRENT freed 726K, 10% free 10936K/12103K, paused 2ms+3ms
07-26 18:32:09.734 28346 28349 D dalvikvm: GC_CONCURRENT freed 390K, 8% free 10313K/11143K, paused 2ms+2ms
07-26 18:32:10.769 28346 28349 D dalvikvm: GC_CONCURRENT freed 390K, 8% free 10313K/11143K, paused 2ms+2ms
07-26 18:32:11.691 28346 28349 D dalvikvm: GC_CONCURRENT freed 391K, 8% free 10313K/11143K, paused 2ms+3ms
07-26 18:32:12.367 30205 30206 D dalvikvm: GC_CONCURRENT freed 385K, 8% free 11178K/12103K, paused 2ms+2ms
07-26 18:32:12.578   342   342 D SAN_SERVICE: *******************************************
07-26 18:32:12.578   342   342 D SAN_SERVICE: DM App Phone Service State - 0
07-26 18:32:12.578   342   342 D SAN_SERVICE: *******************************************
07-26 18:32:12.656 28346 28346 D dalvikvm: GC_EXPLICIT freed 46K, 8% free 10272K/11143K, paused 1ms+2ms
07-26 18:32:12.754 28346 28349 D dalvikvm: GC_CONCURRENT freed 345K, 8% free 10312K/11143K, paused 1ms+2ms
07-26 18:32:13.371   342   342 D SAN_SERVICE: *******************************************
07-26 18:32:13.371   342   342 D SAN_SERVICE: DM App Phone Service State - 0
07-26 18:32:13.371   342   342 D SAN_SERVICE: *******************************************
07-26 18:32:14.679 28346 28349 D dalvikvm: GC_CONCURRENT freed 479K, 8% free 10341K/11143K, paused 8ms+2ms
07-26 18:32:15.734 28346 28349 D dalvikvm: GC_CONCURRENT freed 451K, 7% free 10398K/11143K, paused 2ms+3ms
07-26 18:32:16.714 28346 28349 D dalvikvm: GC_CONCURRENT freed 535K, 8% free 10330K/11143K, paused 1ms+2ms
07-26 18:32:18.578 29724 29737 I PhoneLab-: Service Running
07-26 18:32:18.636 29724 29737 I PhoneLab-LoggerService: app_37    1300  1     1440   1004  c00f181c 400107b4 S logcat
07-26 18:32:18.636 29724 29737 I PhoneLab-LoggerService: Logcat pid from database 1300
07-26 18:32:18.636 29724 29737 I PhoneLab-LoggerService: Logcat process found 1300
07-26 18:32:18.636 29724 29737 I PhoneLab-LoggerService: Checking Threshold
07-26 18:32:18.640 29724 29737 I PhoneLab-LoggerService: Starting to rename files
07-26 18:32:18.640 29724 29737 I PhoneLab-LoggerService: Files found .. 2
07-26 18:32:18.773   145 21503 D dalvikvm: GC_EXPLICIT freed 1134K, 18% free 19462K/23495K, paused 3ms+11ms
07-26 18:32:18.855 28346 28349 D dalvikvm: GC_CONCURRENT freed 495K, 8% free 10342K/11143K, paused 2ms+3ms
07-26 18:32:19.566 29959 30779 D PicasaSyncService: start sync on lokeshmandvekar@gmail.com
07-26 18:32:19.718 29959 30779 D PicasaSyncManager: perform sync task: MetadataSyncTask (lokeshmandvekar@gmail.com)
07-26 18:32:19.781 28346 28349 D dalvikvm: GC_CONCURRENT freed 462K, 7% free 10388K/11143K, paused 2ms+4ms
07-26 18:32:20.457 30205 30206 D dalvikvm: GC_CONCURRENT freed 808K, 10% free 10963K/12103K, paused 2ms+4ms
07-26 18:32:20.765 28346 28349 D dalvikvm: GC_CONCURRENT freed 527K, 8% free 10328K/11143K, paused 2ms+3ms
07-26 18:32:21.214 29959 30779 E PicasaAPI:     getAlbums fail - uri: https://picasaweb.google.com/data/feed/api/user/lokeshmandvekar?max-results=1000&imgmax=d&thumbsize=640u&visibility=visible&v=4&alt=json&fd=shapes&kind=album, status code: 403
07-26 18:32:21.312 27972 27973 D dalvikvm: GC_CONCURRENT freed 459K, 6% free 9617K/10183K, paused 6ms+4ms
07-26 18:32:22.550 30205 30206 D dalvikvm: GC_CONCURRENT freed 369K, 8% free 11238K/12103K, paused 2ms+3ms
07-26 18:32:22.691 28346 28349 D dalvikvm: GC_CONCURRENT freed 495K, 8% free 10340K/11143K, paused 2ms+3ms
07-26 18:32:22.722 28346 28353 I dalvikvm: Jit: resizing JitTable from 4096 to 8192
07-26 18:32:23.711 28346 28349 D dalvikvm: GC_CONCURRENT freed 455K, 7% free 10394K/11143K, paused 3ms+3ms
07-26 18:32:24.836 28346 28349 D dalvikvm: GC_CONCURRENT freed 571K, 8% free 10334K/11143K, paused 2ms+3ms
07-26 18:32:25.750 28346 28349 D dalvikvm: GC_CONCURRENT freed 488K, 8% free 10357K/11143K, paused 1ms+2ms
07-26 18:32:26.793 28346 28349 D dalvikvm: GC_CONCURRENT freed 555K, 8% free 10305K/11143K, paused 4ms+3ms
07-26 18:32:27.746 28346 28349 D dalvikvm: GC_CONCURRENT freed 378K, 8% free 10316K/11143K, paused 2ms+3ms
07-26 18:32:27.812   342   342 D SAN_SERVICE: *******************************************
07-26 18:32:27.812   342   342 D SAN_SERVICE: DM App Phone Service State - 0
07-26 18:32:27.812   342   342 D SAN_SERVICE: *******************************************
07-26 18:32:27.929 30205 30206 D dalvikvm: GC_CONCURRENT freed 1006K, 11% free 10845K/12103K, paused 2ms+3ms
07-26 18:32:28.011 29959 30779 V PicasaAPI:    etag: --> W/"DU4ASXY5fSp7ImA9WhJRFEo.",entryCount=1
07-26 18:32:28.328   342   342 D SAN_SERVICE: *******************************************
07-26 18:32:28.328   342   342 D SAN_SERVICE: DM App Phone Service State - 0
07-26 18:32:28.328   342   342 D SAN_SERVICE: *******************************************
07-26 18:32:28.546 29959 30779 V PicasaAPI:    etag: --> W/"DU4ASHoyeCp7ImA9WhJRFEo.",entryCount=1
07-26 18:32:29.019 29959 30779 V PicasaAPI:    etag: --> W/"DU4ASHczcSp7ImA9WhJRFEo.",entryCount=1
07-26 18:32:29.714 28346 28349 D dalvikvm: GC_CONCURRENT freed 482K, 8% free 10342K/11143K, paused 2ms+3ms
07-26 18:32:29.820 29959 29961 D dalvikvm: GC_CONCURRENT freed 1060K, 9% free 12907K/14087K, paused 2ms+4ms
07-26 18:32:29.863 29959 30779 V PicasaAPI:    etag: --> W/"DU4BQXk9eSp7ImA9WhJRFEo.",entryCount=1
07-26 18:32:30.488 29959 30779 V PicasaAPI:    etag: --> W/"DU4BQHo6fyp7ImA9WhJRFEo.",entryCount=1
07-26 18:32:30.785 28346 28349 D dalvikvm: GC_CONCURRENT freed 457K, 7% free 10395K/11143K, paused 2ms+3ms
07-26 18:32:30.902 29959 30779 V PicasaAPI:    etag: --> W/"DU4BQHY9fip7ImA9WhJRFEo.",entryCount=1
07-26 18:32:31.738 28346 28349 D dalvikvm: GC_CONCURRENT freed 525K, 8% free 10337K/11143K, paused 1ms+3ms
07-26 18:32:32.464 29959 30779 V PicasaAPI:    etag: --> W/"DU4BQno7fip7ImA9WhJRFEo.",entryCount=1
07-26 18:32:32.597 30205 30212 I dalvikvm: Jit: resizing JitTable from 4096 to 8192
07-26 18:32:32.660 31737 18547 D dalvikvm: GC_EXPLICIT freed 291K, 7% free 10907K/11655K, paused 2ms+8ms
07-26 18:32:32.945 30205 30206 D dalvikvm: GC_CONCURRENT freed 273K, 8% free 11224K/12103K, paused 2ms+2ms
07-26 18:32:32.980 30205 30637 D dalvikvm: GC_FOR_ALLOC freed 233K, 9% free 11109K/12103K, paused 30ms
07-26 18:32:33.058 29959 30779 V PicasaAPI:    etag: --> W/"DU4BQnY-eSp7ImA9WhJRFEo.",entryCount=1
07-26 18:32:33.523 29959 30779 V PicasaAPI:    etag: --> W/"DU4BRXoycCp7ImA9WhJRFEo.",entryCount=1
07-26 18:32:33.754 28346 28349 D dalvikvm: GC_CONCURRENT freed 503K, 8% free 10342K/11143K, paused 2ms+3ms
07-26 18:32:34.070 29959 30779 V PicasaAPI:    etag: --> W/"DU4BRXcyeyp7ImA9WhJRFEo.",entryCount=1
07-26 18:32:34.699 28346 28349 D dalvikvm: GC_CONCURRENT freed 457K, 7% free 10395K/11143K, paused 2ms+2ms
07-26 18:32:35.468 29959 30779 V PicasaAPI:    etag: --> W/"DU4BR3o_eyp7ImA9WhJRFEo.",entryCount=1
07-26 18:32:35.738 28346 28349 D dalvikvm: GC_CONCURRENT freed 537K, 8% free 10326K/11143K, paused 2ms+3ms
07-26 18:32:36.773   145  1302 D dalvikvm: GC_EXPLICIT freed 1469K, 18% free 19468K/23495K, paused 3ms+12ms
07-26 18:32:37.511 29959 30779 V PicasaAPI:    etag: --> W/"DU4BRnc8eSp7ImA9WhJRFEo.",entryCount=19
07-26 18:32:37.683 28346 28346 D dalvikvm: GC_EXPLICIT freed 425K, 8% free 10278K/11143K, paused 4ms+4ms
07-26 18:32:38.058   342   342 D SAN_SERVICE: *******************************************
07-26 18:32:38.058   342   342 D SAN_SERVICE: DM App Phone Service State - 0
07-26 18:32:38.058   342   342 D SAN_SERVICE: *******************************************
07-26 18:32:38.183   342   342 D SAN_SERVICE: *******************************************
07-26 18:32:38.183   342   342 D SAN_SERVICE: DM App Phone Service State - 0
07-26 18:32:38.183   342   342 D SAN_SERVICE: *******************************************
07-26 18:32:38.257 29959 30779 V PicasaAPI:    etag: --> W/"DU4BSH84eyp7ImA9WhJRFEo.",entryCount=1
07-26 18:32:38.691 28346 28349 D dalvikvm: GC_CONCURRENT freed 448K, 8% free 10333K/11143K, paused 8ms+2ms
07-26 18:32:39.101 29959 30779 V PicasaAPI:    etag: --> W/"DU4BSHgzeSp7ImA9WhJRFEo.",entryCount=1
07-26 18:32:39.675 29959 30779 V PicasaAPI:    etag: --> W/"DU4CQXg7eCp7ImA9WhJRFEo.",entryCount=1
07-26 18:32:39.746 30205 30206 D dalvikvm: GC_CONCURRENT freed 738K, 10% free 10942K/12103K, paused 2ms+5ms
07-26 18:32:39.765 28346 28349 D dalvikvm: GC_CONCURRENT freed 459K, 7% free 10385K/11143K, paused 2ms+3ms
07-26 18:32:40.136 29959 30779 V PicasaAPI:    etag: --> W/"DU4CQH89cSp7ImA9WhJRFEo.",entryCount=1
07-26 18:32:40.777 28346 28349 D dalvikvm: GC_CONCURRENT freed 552K, 8% free 10339K/11143K, paused 3ms+3ms
07-26 18:32:40.820 29959 30779 V PicasaAPI:    etag: --> W/"DU4CQHszcSp7ImA9WhJRFEo.",entryCount=1
07-26 18:32:40.898 29959 29961 D dalvikvm: GC_CONCURRENT freed 1252K, 10% free 12828K/14215K, paused 2ms+3ms
07-26 18:32:41.820 28346 28349 D dalvikvm: GC_CONCURRENT freed 422K, 8% free 10301K/11143K, paused 2ms+2ms
07-26 18:32:42.300 29959 30779 D PicasaSyncManager: perform sync task: PrefetchFullImage (lokeshmandvekar@gmail.com)
07-26 18:32:42.808 29959 30779 D PicasaSyncManager: perform sync task: PrefetchAlbumCover (lokeshmandvekar@gmail.com)
07-26 18:32:42.847 30205 30206 D dalvikvm: GC_CONCURRENT freed 360K, 8% free 11174K/12103K, paused 2ms+3ms
07-26 18:32:42.980 29959 30779 D PicasaSyncManager: perform sync task: PrefetchScreenNail (lokeshmandvekar@gmail.com)
07-26 18:32:43.109 29959 30779 D PicasaSyncService: sync finished
07-26 18:32:43.695 28346 28349 D dalvikvm: GC_CONCURRENT freed 472K, 8% free 10336K/11143K, paused 2ms+2ms
07-26 18:32:44.714 28346 28349 D dalvikvm: GC_CONCURRENT freed 456K, 7% free 10392K/11143K, paused 3ms+4ms
07-26 18:32:45.754 28346 28349 D dalvikvm: GC_CONCURRENT freed 542K, 8% free 10326K/11143K, paused 2ms+3ms
07-26 18:32:47.722 28346 28349 D dalvikvm: GC_CONCURRENT freed 502K, 8% free 10335K/11143K, paused 12ms+3ms
07-26 18:32:48.382   342   342 D SAN_SERVICE: *******************************************
07-26 18:32:48.382   342   342 D SAN_SERVICE: DM App Phone Service State - 0
07-26 18:32:48.382   342   342 D SAN_SERVICE: *******************************************
07-26 18:32:48.761 28346 28349 D dalvikvm: GC_CONCURRENT freed 455K, 7% free 10390K/11143K, paused 2ms+3ms
07-26 18:32:48.933 30205 30206 D dalvikvm: GC_CONCURRENT freed 856K, 10% free 10910K/12103K, paused 10ms+3ms
07-26 18:32:49.722 28346 28349 D dalvikvm: GC_CONCURRENT freed 541K, 8% free 10327K/11143K, paused 2ms+2ms
07-26 18:32:51.730 28346 28349 D dalvikvm: GC_CONCURRENT freed 503K, 8% free 10313K/11143K, paused 2ms+3ms
07-26 18:32:52.843 28346 28349 D dalvikvm: GC_CONCURRENT freed 461K, 7% free 10364K/11143K, paused 2ms+9ms
07-26 18:32:52.882 30205 30206 D dalvikvm: GC_CONCURRENT freed 316K, 8% free 11221K/12103K, paused 2ms+5ms
07-26 18:32:53.734 28346 28349 D dalvikvm: GC_CONCURRENT freed 566K, 8% free 10299K/11143K, paused 2ms+3ms
07-26 18:32:55.722 28346 28349 D dalvikvm: GC_CONCURRENT freed 473K, 8% free 10314K/11143K, paused 2ms+2ms
07-26 18:32:56.695 28346 28349 D dalvikvm: GC_CONCURRENT freed 460K, 7% free 10365K/11143K, paused 2ms+3ms
07-26 18:32:57.804   145   326 D dalvikvm: GC_EXPLICIT freed 1244K, 18% free 19427K/23495K, paused 3ms+19ms
07-26 18:32:57.910 28346 28349 D dalvikvm: GC_CONCURRENT freed 560K, 8% free 10305K/11143K, paused 2ms+4ms
07-26 18:32:58.629 30205 30206 D dalvikvm: GC_CONCURRENT freed 933K, 10% free 10901K/12103K, paused 21ms+4ms
07-26 18:32:59.683 28346 28349 D dalvikvm: GC_CONCURRENT freed 480K, 8% free 10336K/11143K, paused 2ms+3ms
07-26 18:32:59.964 25228 25684 D GetStringObjTask: retrieving from url = http://www.chess.com/api/get_move_status?id=5HHjW9WUGa%2Bcu1LUwnVJPxTIWxmEve4VdkRnRyg7b5Ch69JH2Z5aB%2B7eGuFw8K2uFx47KFsdE3JRdR3Mzv0PkZOj6eZ8N73BvxmEERrzXjMNRo80rkLyJAUTh0iqof4n
07-26 18:33:00.519 25228 25230 D dalvikvm: GC_CONCURRENT freed 421K, 6% free 9501K/10055K, paused 55ms+2ms
07-26 18:33:00.746 28346 28349 D dalvikvm: GC_CONCURRENT freed 455K, 7% free 10392K/11143K, paused 1ms+2ms
07-26 18:33:00.773 25228 25684 D GetStringObjTask: WebRequest SERVER RESPONSE: Success+0
07-26 18:33:01.707 28346 28349 D dalvikvm: GC_CONCURRENT freed 543K, 8% free 10328K/11143K, paused 2ms+2ms
07-26 18:33:02.859 30205 30206 D dalvikvm: GC_CONCURRENT freed 361K, 8% free 11138K/12103K, paused 2ms+4ms
07-26 18:33:03.648 28346 28346 D dalvikvm: GC_EXPLICIT freed 428K, 8% free 10281K/11143K, paused 2ms+3ms
07-26 18:33:04.707   145   199 D DhcpInfoInternal: makeLinkProperties with empty dns2!
07-26 18:33:04.707   145   199 D DhcpInfoInternal: makeLinkProperties with empty dns2!
07-26 18:33:04.711 28346 28349 D dalvikvm: GC_CONCURRENT freed 449K, 8% free 10338K/11143K, paused 4ms+7ms
07-26 18:33:05.754 28346 28349 D dalvikvm: GC_CONCURRENT freed 453K, 7% free 10395K/11143K, paused 2ms+3ms
07-26 18:33:06.714 28346 28349 D dalvikvm: GC_CONCURRENT freed 545K, 8% free 10329K/11143K, paused 2ms+3ms
07-26 18:33:07.304 30205 30206 D dalvikvm: GC_CONCURRENT freed 884K, 11% free 10853K/12103K, paused 4ms+3ms
07-26 18:33:08.734 28346 28349 D dalvikvm: GC_CONCURRENT freed 503K, 8% free 10315K/11143K, paused 3ms+4ms
07-26 18:33:09.711 28346 28349 D dalvikvm: GC_CONCURRENT freed 460K, 7% free 10367K/11143K, paused 9ms+3ms
07-26 18:33:10.722 28346 28349 D dalvikvm: GC_CONCURRENT freed 566K, 8% free 10300K/11143K, paused 2ms+3ms
07-26 18:33:12.859 28346 28349 D dalvikvm: GC_CONCURRENT freed 470K, 8% free 10341K/11143K, paused 2ms+9ms
07-26 18:33:12.890 30205 30206 D dalvikvm: GC_CONCURRENT freed 276K, 8% free 11173K/12103K, paused 1ms+8ms
07-26 18:33:13.750 28346 28349 D dalvikvm: GC_CONCURRENT freed 460K, 7% free 10392K/11143K, paused 2ms+3ms
07-26 18:33:14.750 28346 28349 D dalvikvm: GC_CONCURRENT freed 553K, 8% free 10333K/11143K, paused 2ms+3ms
07-26 18:33:16.671 28346 28349 D dalvikvm: GC_CONCURRENT freed 438K, 8% free 10287K/11143K, paused 2ms+7ms
07-26 18:33:17.461 30205 30206 D dalvikvm: GC_CONCURRENT freed 921K, 11% free 10844K/12103K, paused 1ms+3ms
07-26 18:33:17.738 28346 28349 D dalvikvm: GC_CONCURRENT freed 459K, 8% free 10317K/11143K, paused 2ms+2ms
07-26 18:33:18.707 28346 28349 D dalvikvm: GC_CONCURRENT freed 460K, 7% free 10368K/11143K, paused 2ms+3ms
07-26 18:33:19.750   145   156 D dalvikvm: GC_EXPLICIT freed 1200K, 18% free 19440K/23495K, paused 3ms+11ms
07-26 18:33:19.855 28346 28349 D dalvikvm: GC_CONCURRENT freed 547K, 8% free 10332K/11143K, paused 2ms+4ms
07-26 18:33:20.718 28346 28349 D dalvikvm: GC_CONCURRENT freed 417K, 8% free 10312K/11143K, paused 2ms+3ms
07-26 18:33:21.761 28346 28349 D dalvikvm: GC_CONCURRENT freed 393K, 8% free 10304K/11143K, paused 2ms+2ms
07-26 18:33:22.043 31737 31740 D dalvikvm: GC_CONCURRENT freed 433K, 6% free 10979K/11655K, paused 2ms+6ms
07-26 18:33:22.683 31737 27750 D dalvikvm: GC_EXPLICIT freed 181K, 8% free 10800K/11655K, paused 2ms+4ms
07-26 18:33:22.875 28346 28349 D dalvikvm: GC_CONCURRENT freed 409K, 8% free 10279K/11143K, paused 7ms+5ms
07-26 18:33:22.910 30205 30206 D dalvikvm: GC_CONCURRENT freed 298K, 8% free 11153K/12103K, paused 2ms+3ms
07-26 18:33:23.722 28346 28349 D dalvikvm: GC_CONCURRENT freed 372K, 8% free 10291K/11143K, paused 2ms+2ms
07-26 18:33:24.898 30205 30206 D dalvikvm: GC_CONCURRENT freed 1105K, 12% free 10727K/12103K, paused 2ms+6ms
07-26 18:33:24.953 28346 28349 D dalvikvm: GC_CONCURRENT freed 444K, 8% free 10341K/11143K, paused 2ms+3ms
07-26 18:33:25.734 28346 28349 D dalvikvm: GC_CONCURRENT freed 466K, 7% free 10385K/11143K, paused 2ms+3ms
07-26 18:33:26.714 28346 28349 D dalvikvm: GC_CONCURRENT freed 554K, 8% free 10326K/11143K, paused 3ms+2ms
07-26 18:33:27.660 28346 30942 D dalvikvm: GC_EXPLICIT freed 67K, 8% free 10266K/11143K, paused 7ms+3ms
07-26 18:33:28.668 28346 28349 D dalvikvm: GC_CONCURRENT freed 448K, 8% free 10308K/11143K, paused 2ms+3ms
07-26 18:33:29.703 28346 28349 D dalvikvm: GC_CONCURRENT freed 459K, 8% free 10361K/11143K, paused 2ms+3ms
07-26 18:33:30.738 28346 28349 D dalvikvm: GC_CONCURRENT freed 541K, 8% free 10330K/11143K, paused 1ms+2ms
07-26 18:33:31.746 28346 28349 D dalvikvm: GC_CONCURRENT freed 419K, 8% free 10308K/11143K, paused 2ms+4ms
07-26 18:33:31.781 30205 30206 D dalvikvm: GC_CONCURRENT freed 142K, 9% free 11039K/12103K, paused 2ms+3ms
07-26 18:33:32.785 28346 28349 D dalvikvm: GC_CONCURRENT freed 398K, 8% free 10293K/11143K, paused 3ms+7ms
07-26 18:33:32.949 30205 30206 D dalvikvm: GC_CONCURRENT freed 549K, 9% free 11123K/12103K, paused 2ms+3ms
07-26 18:33:33.711 28346 28349 D dalvikvm: GC_CONCURRENT freed 378K, 8% free 10300K/11143K, paused 2ms+2ms
07-26 18:33:34.621   342   342 D SAN_SERVICE: *******************************************
07-26 18:33:34.621   342   342 D SAN_SERVICE: DM App Phone Service State - 0
07-26 18:33:34.621   342   342 D SAN_SERVICE: *******************************************
07-26 18:33:34.746 28346 28349 D dalvikvm: GC_CONCURRENT freed 384K, 8% free 10300K/11143K, paused 2ms+3ms
07-26 18:33:35.339   342   342 D SAN_SERVICE: *******************************************
07-26 18:33:35.339   342   342 D SAN_SERVICE: DM App Phone Service State - 0
07-26 18:33:35.339   342   342 D SAN_SERVICE: *******************************************
07-26 18:33:36.644 28346 28349 D dalvikvm: GC_CONCURRENT freed 409K, 8% free 10277K/11143K, paused 2ms+4ms
07-26 18:33:37.675 28346 28349 D dalvikvm: GC_CONCURRENT freed 458K, 8% free 10313K/11143K, paused 2ms+3ms
07-26 18:33:38.695 28346 28349 D dalvikvm: GC_CONCURRENT freed 461K, 7% free 10364K/11143K, paused 1ms+3ms
07-26 18:33:39.640   342   342 D SAN_SERVICE: *******************************************
07-26 18:33:39.640   342   342 D SAN_SERVICE: DM App Phone Service State - 0
07-26 18:33:39.640   342   342 D SAN_SERVICE: *******************************************
07-26 18:33:39.800   145   157 D dalvikvm: GC_EXPLICIT freed 1125K, 18% free 19424K/23495K, paused 3ms+10ms
07-26 18:33:39.894 28346 28349 D dalvikvm: GC_CONCURRENT freed 563K, 8% free 10312K/11143K, paused 2ms+2ms
07-26 18:33:40.355   342   342 D SAN_SERVICE: *******************************************
07-26 18:33:40.355   342   342 D SAN_SERVICE: DM App Phone Service State - 0
07-26 18:33:40.355   342   342 D SAN_SERVICE: *******************************************
07-26 18:33:40.714 28346 28349 D dalvikvm: GC_CONCURRENT freed 402K, 8% free 10308K/11143K, paused 2ms+2ms
07-26 18:33:41.671 30205 30206 D dalvikvm: GC_CONCURRENT freed 658K, 9% free 11042K/12103K, paused 3ms+5ms
07-26 18:33:42.648 28346 28349 D dalvikvm: GC_CONCURRENT freed 418K, 8% free 10276K/11143K, paused 2ms+3ms
07-26 18:33:42.894 30205 30206 D dalvikvm: GC_CONCURRENT freed 416K, 8% free 11173K/12103K, paused 2ms+2ms
07-26 18:33:43.703 28346 28349 D dalvikvm: GC_CONCURRENT freed 459K, 8% free 10312K/11143K, paused 1ms+3ms
07-26 18:33:44.609   342   342 D SAN_SERVICE: *******************************************
07-26 18:33:44.609   342   342 D SAN_SERVICE: DM App Phone Service State - 0
07-26 18:33:44.609   342   342 D SAN_SERVICE: *******************************************
07-26 18:33:44.718 28346 28349 D dalvikvm: GC_CONCURRENT freed 450K, 7% free 10373K/11143K, paused 2ms+2ms
07-26 18:33:45.421   342   342 D SAN_SERVICE: *******************************************
07-26 18:33:45.421   342   342 D SAN_SERVICE: DM App Phone Service State - 0
07-26 18:33:45.421   342   342 D SAN_SERVICE: *******************************************
07-26 18:33:45.765 28346 28349 D dalvikvm: GC_CONCURRENT freed 558K, 8% free 10326K/11143K, paused 2ms+3ms
07-26 18:33:47.711 28346 28349 D dalvikvm: GC_CONCURRENT freed 504K, 8% free 10312K/11143K, paused 5ms+3ms
07-26 18:33:48.687 28346 28349 D dalvikvm: GC_CONCURRENT freed 459K, 7% free 10364K/11143K, paused 2ms+3ms
07-26 18:33:49.730 28346 28349 D dalvikvm: GC_CONCURRENT freed 561K, 8% free 10303K/11143K, paused 1ms+3ms
07-26 18:33:50.347 30205 30206 D dalvikvm: GC_CONCURRENT freed 771K, 10% free 10994K/12103K, paused 20ms+3ms
07-26 18:33:51.695 28346 28349 D dalvikvm: GC_CONCURRENT freed 478K, 8% free 10314K/11143K, paused 6ms+4ms
07-26 18:33:52.847 28346 28349 D dalvikvm: GC_CONCURRENT freed 460K, 7% free 10366K/11143K, paused 2ms+5ms
07-26 18:33:52.902 30205 30206 D dalvikvm: GC_CONCURRENT freed 414K, 8% free 11221K/12103K, paused 2ms+3ms
07-26 18:33:53.679 28346 28346 D dalvikvm: GC_EXPLICIT freed 226K, 8% free 10273K/11143K, paused 2ms+3ms
07-26 18:33:54.699 28346 28349 D dalvikvm: GC_CONCURRENT freed 440K, 8% free 10340K/11143K, paused 2ms+2ms
07-26 18:33:54.894   342   342 D SAN_SERVICE: *******************************************
07-26 18:33:54.894   342   342 D SAN_SERVICE: DM App Phone Service State - 0
07-26 18:33:54.898   342   342 D SAN_SERVICE: *******************************************
07-26 18:33:55.386   342   342 D SAN_SERVICE: *******************************************
07-26 18:33:55.386   342   342 D SAN_SERVICE: DM App Phone Service State - 0
07-26 18:33:55.386   342   342 D SAN_SERVICE: *******************************************
07-26 18:33:55.714 28346 28349 D dalvikvm: GC_CONCURRENT freed 456K, 7% free 10395K/11143K, paused 2ms+3ms
07-26 18:33:56.711 28346 28349 D dalvikvm: GC_CONCURRENT freed 544K, 8% free 10330K/11143K, paused 3ms+3ms
07-26 18:33:58.691 28346 28349 D dalvikvm: GC_CONCURRENT freed 503K, 8% free 10316K/11143K, paused 2ms+2ms
07-26 18:33:58.933 31737  1686 I EventLogService: Aggregate from 1343340238622 (log), 1343340238622 (data)
07-26 18:33:59.140 31737 31740 D dalvikvm: GC_CONCURRENT freed 290K, 6% free 10981K/11655K, paused 18ms+7ms
07-26 18:33:59.687 28346 28349 D dalvikvm: GC_CONCURRENT freed 461K, 7% free 10367K/11143K, paused 2ms+3ms
07-26 18:34:00.261   145   430 D dalvikvm: GC_EXPLICIT freed 1174K, 18% free 19439K/23495K, paused 9ms+11ms
07-26 18:34:00.281   342   342 D SAN_SERVICE: *******************************************
07-26 18:34:00.281   342   342 D SAN_SERVICE: DM App Phone Service State - 0
07-26 18:34:00.281   342   342 D SAN_SERVICE: *******************************************
07-26 18:34:00.789 28346 28349 D dalvikvm: GC_CONCURRENT freed 546K, 8% free 10323K/11143K, paused 1ms+3ms
07-26 18:34:00.816 30205 30206 D dalvikvm: GC_CONCURRENT freed 820K, 10% free 11009K/12103K, paused 2ms+11ms
07-26 18:34:01.093 30205 30205 D dalvikvm: GC_EXPLICIT freed 64K, 10% free 10966K/12103K, paused 2ms+3ms
07-26 18:34:02.781 28346 28349 D dalvikvm: GC_CONCURRENT freed 491K, 8% free 10321K/11143K, paused 8ms+2ms
07-26 18:34:02.855 30205 30206 D dalvikvm: GC_CONCURRENT freed 343K, 8% free 11209K/12103K, paused 2ms+7ms
07-26 18:34:03.711 28346 28349 D dalvikvm: GC_CONCURRENT freed 473K, 8% free 10360K/11143K, paused 3ms+3ms
07-26 18:34:04.777 28346 28349 D dalvikvm: GC_CONCURRENT freed 562K, 8% free 10299K/11143K, paused 2ms+3ms
07-26 18:34:05.175   342   342 D SAN_SERVICE: *******************************************
07-26 18:34:05.175   342   342 D SAN_SERVICE: DM App Phone Service State - 0
07-26 18:34:05.175   342   342 D SAN_SERVICE: *******************************************
07-26 18:34:05.222   342   345 D dalvikvm: GC_CONCURRENT freed 944K, 9% free 11922K/12999K, paused 6ms+4ms
07-26 18:34:05.394   342   342 D SAN_SERVICE: *******************************************
07-26 18:34:05.394   342   342 D SAN_SERVICE: DM App Phone Service State - 0
07-26 18:34:05.394   342   342 D SAN_SERVICE: *******************************************
07-26 18:34:06.742 28346 28349 D dalvikvm: GC_CONCURRENT freed 479K, 8% free 10311K/11143K, paused 2ms+2ms
07-26 18:34:07.625 30189 30192 D dalvikvm: GC_CONCURRENT freed 403K, 6% free 9065K/9543K, paused 7ms+2ms
07-26 18:34:07.726 28346 28349 D dalvikvm: GC_CONCURRENT freed 460K, 8% free 10362K/11143K, paused 3ms+3ms
07-26 18:34:08.722 28346 28349 D dalvikvm: GC_CONCURRENT freed 564K, 8% free 10300K/11143K, paused 2ms+3ms
07-26 18:34:10.421   342   342 D SAN_SERVICE: *******************************************
07-26 18:34:10.421   342   342 D SAN_SERVICE: DM App Phone Service State - 0
07-26 18:34:10.421   342   342 D SAN_SERVICE: *******************************************
07-26 18:34:10.722 30205 30206 D dalvikvm: GC_CONCURRENT freed 820K, 10% free 10997K/12103K, paused 31ms+5ms
07-26 18:34:10.804 31737  7911 D dalvikvm: GC_EXPLICIT freed 256K, 7% free 10859K/11655K, paused 2ms+5ms
07-26 18:34:10.879 28346 28349 D dalvikvm: GC_CONCURRENT freed 478K, 8% free 10311K/11143K, paused 2ms+3ms
07-26 18:34:11.695 28346 28349 D dalvikvm: GC_CONCURRENT freed 497K, 8% free 10326K/11143K, paused 3ms+3ms
07-26 18:34:12.843 28346 28349 D dalvikvm: GC_CONCURRENT freed 506K, 8% free 10322K/11143K, paused 7ms+3ms
07-26 18:34:12.855 30205 30206 D dalvikvm: GC_CONCURRENT freed 380K, 8% free 11228K/12103K, paused 6ms+14ms
07-26 18:34:14.722 28346 28349 D dalvikvm: GC_CONCURRENT freed 501K, 8% free 10310K/11143K, paused 2ms+3ms
07-26 18:34:15.800 28346 28349 D dalvikvm: GC_CONCURRENT freed 460K, 8% free 10362K/11143K, paused 2ms+2ms
07-26 18:34:16.734 28346 28349 D dalvikvm: GC_CONCURRENT freed 570K, 8% free 10302K/11143K, paused 2ms+3ms
07-26 18:34:17.722 28346 28349 D dalvikvm: GC_CONCURRENT freed 427K, 8% free 10314K/11143K, paused 2ms+3ms
07-26 18:34:18.613 29724 29737 I PhoneLab-: Service Running
07-26 18:34:18.656 29724 29737 I PhoneLab-LoggerService: app_37    1300  1     1440   1000  c00f181c 400107b4 S logcat
07-26 18:34:18.656 29724 29737 I PhoneLab-LoggerService: Logcat pid from database 1300
07-26 18:34:18.656 29724 29737 I PhoneLab-LoggerService: Logcat process found 1300
07-26 18:34:18.656 29724 29737 I PhoneLab-LoggerService: Checking Threshold
07-26 18:34:18.660 29724 29737 I PhoneLab-LoggerService: Starting to rename files
07-26 18:34:18.660 29724 29737 I PhoneLab-LoggerService: Files found .. 2
07-26 18:34:18.765 28346 28349 D dalvikvm: GC_CONCURRENT freed 397K, 8% free 10309K/11143K, paused 2ms+2ms
07-26 18:34:19.718 28346 28346 D dalvikvm: GC_EXPLICIT freed 47K, 8% free 10268K/11143K, paused 2ms+3ms
07-26 18:34:19.816 28346 28349 D dalvikvm: GC_CONCURRENT freed 347K, 8% free 10308K/11143K, paused 2ms+2ms
07-26 18:34:20.668 30205 30206 D dalvikvm: GC_CONCURRENT freed 846K, 10% free 11006K/12103K, paused 2ms+3ms
07-26 18:34:20.679   342   342 D SAN_SERVICE: *******************************************
07-26 18:34:20.683   342   342 D SAN_SERVICE: DM App Phone Service State - 0
07-26 18:34:20.683   342   342 D SAN_SERVICE: *******************************************
07-26 18:34:20.816 28346 28349 D dalvikvm: GC_CONCURRENT freed 391K, 8% free 10310K/11143K, paused 2ms+3ms
07-26 18:34:21.363   342   342 D SAN_SERVICE: *******************************************
07-26 18:34:21.363   342   342 D SAN_SERVICE: DM App Phone Service State - 0
07-26 18:34:21.363   342   342 D SAN_SERVICE: *******************************************
07-26 18:34:21.781   145   156 D dalvikvm: GC_EXPLICIT freed 1180K, 18% free 19446K/23495K, paused 3ms+11ms
07-26 18:34:21.898 28346 28349 D dalvikvm: GC_CONCURRENT freed 386K, 8% free 10315K/11143K, paused 2ms+2ms
07-26 18:34:22.879 30205 30206 D dalvikvm: GC_CONCURRENT freed 399K, 8% free 11204K/12103K, paused 2ms+5ms
07-26 18:34:22.890 28346 28349 D dalvikvm: GC_CONCURRENT freed 400K, 8% free 10308K/11143K, paused 1ms+2ms
07-26 18:34:23.711 28346 28349 D dalvikvm: GC_CONCURRENT freed 393K, 8% free 10308K/11143K, paused 2ms+3ms
07-26 18:34:24.800 28346 28349 D dalvikvm: GC_CONCURRENT freed 393K, 8% free 10309K/11143K, paused 15ms+11ms
07-26 18:34:24.925 28346 28349 D dalvikvm: GC_CONCURRENT freed 394K, 8% free 10310K/11143K, paused 3ms+3ms
07-26 18:34:25.789 28346 28349 D dalvikvm: GC_CONCURRENT freed 393K, 8% free 10309K/11143K, paused 2ms+2ms
07-26 18:34:26.800 30205 30206 D dalvikvm: GC_CONCURRENT freed 992K, 11% free 10814K/12103K, paused 2ms+3ms
07-26 18:34:26.804 28346 28349 D dalvikvm: GC_CONCURRENT freed 392K, 8% free 10309K/11143K, paused 2ms+8ms
07-26 18:34:27.726 28346 28349 D dalvikvm: GC_CONCURRENT freed 392K, 8% free 10310K/11143K, paused 2ms+2ms
07-26 18:34:28.722 28346 28349 D dalvikvm: GC_CONCURRENT freed 392K, 8% free 10310K/11143K, paused 1ms+3ms
07-26 18:34:29.718 28346 28349 D dalvikvm: GC_CONCURRENT freed 392K, 8% free 10310K/11143K, paused 2ms+2ms
07-26 18:34:30.734 28346 28349 D dalvikvm: GC_CONCURRENT freed 393K, 8% free 10310K/11143K, paused 1ms+2ms
07-26 18:34:31.761 28346 28349 D dalvikvm: GC_CONCURRENT freed 393K, 8% free 10311K/11143K, paused 1ms+2ms
07-26 18:34:32.839 30205 30206 D dalvikvm: GC_CONCURRENT freed 275K, 8% free 11136K/12103K, paused 9ms+6ms
07-26 18:34:32.937 28346 28349 D dalvikvm: GC_CONCURRENT freed 393K, 8% free 10311K/11143K, paused 2ms+8ms
07-26 18:34:33.769 28346 28349 D dalvikvm: GC_CONCURRENT freed 393K, 8% free 10311K/11143K, paused 2ms+2ms
07-26 18:34:34.738 28346 28349 D dalvikvm: GC_CONCURRENT freed 393K, 8% free 10311K/11143K, paused 1ms+2ms
07-26 18:34:35.711 28346 28349 D dalvikvm: GC_CONCURRENT freed 393K, 8% free 10312K/11143K, paused 2ms+2ms
07-26 18:34:36.250 30205 30206 D dalvikvm: GC_CONCURRENT freed 927K, 11% free 10789K/12103K, paused 4ms+3ms
07-26 18:34:36.769 28346 28349 D dalvikvm: GC_CONCURRENT freed 393K, 8% free 10312K/11143K, paused 2ms+2ms
07-26 18:34:37.734 28346 28349 D dalvikvm: GC_CONCURRENT freed 392K, 8% free 10312K/11143K, paused 2ms+2ms
07-26 18:34:38.711 28346 28349 D dalvikvm: GC_CONCURRENT freed 392K, 8% free 10312K/11143K, paused 2ms+2ms
07-26 18:34:39.711 28346 28349 D dalvikvm: GC_CONCURRENT freed 392K, 8% free 10313K/11143K, paused 2ms+3ms
07-26 18:34:40.730 28346 28349 D dalvikvm: GC_CONCURRENT freed 393K, 8% free 10313K/11143K, paused 2ms+3ms
07-26 18:34:41.769   145 22786 D dalvikvm: GC_EXPLICIT freed 1151K, 18% free 19430K/23495K, paused 4ms+11ms
07-26 18:34:41.871 28346 28349 D dalvikvm: GC_CONCURRENT freed 393K, 8% free 10313K/11143K, paused 3ms+2ms
07-26 18:34:42.664 30205 30206 D dalvikvm: GC_CONCURRENT freed 201K, 9% free 11085K/12103K, paused 2ms+3ms
07-26 18:34:42.843 28346 28349 D dalvikvm: GC_CONCURRENT freed 395K, 8% free 10311K/11143K, paused 3ms+5ms
07-26 18:34:42.875 30205 30637 D dalvikvm: GC_FOR_ALLOC freed 394K, 9% free 11111K/12103K, paused 44ms
07-26 18:34:43.668 28346 28346 D dalvikvm: GC_EXPLICIT freed 45K, 8% free 10271K/11143K, paused 2ms+3ms
07-26 18:34:43.785 28346 28349 D dalvikvm: GC_CONCURRENT freed 349K, 8% free 10310K/11143K, paused 2ms+3ms
07-26 18:34:44.132   145   201 D ConnectivityService: ConnectivityChange for WIMAX: DISCONNECTED/SCANNING
07-26 18:34:44.132   145   201 D ConnectivityService: Attempting to switch to mobile
07-26 18:34:44.132   145   201 D ConnectivityService: Attempting to switch to WIFI
07-26 18:34:44.132   145   201 D ConnectivityService: Attempting to switch to BLUETOOTH_TETHER
07-26 18:34:44.722 28346 28349 D dalvikvm: GC_CONCURRENT freed 391K, 8% free 10312K/11143K, paused 2ms+2ms
07-26 18:34:46.211   342   342 D SAN_SERVICE: *******************************************
07-26 18:34:46.211   342   342 D SAN_SERVICE: DM App Phone Service State - 0
07-26 18:34:46.211   342   342 D SAN_SERVICE: *******************************************
07-26 18:34:46.429   342   342 D SAN_SERVICE: *******************************************
07-26 18:34:46.429   342   342 D SAN_SERVICE: DM App Phone Service State - 0
07-26 18:34:46.429   342   342 D SAN_SERVICE: *******************************************
07-26 18:34:46.722 28346 28349 D dalvikvm: GC_CONCURRENT freed 485K, 8% free 10337K/11143K, paused 2ms+3ms
07-26 18:34:47.171   145   205 D Tethering: MasterInitialState.processMessage what=3
07-26 18:34:47.257   145   205 D Tethering: MasterInitialState.processMessage what=3
07-26 18:34:47.402   145   423 D AlarmManagerService: Kernel timezone updated to 240 minutes west of GMT
07-26 18:34:47.414   342   342 D SystemClock: Setting time of day to sec=1343342088
07-26 18:34:48.060 30088 30088 I MediaUploader: No need to wake up
07-26 18:34:48.146 29959 30111 D PicasaSyncManager: active network: NetworkInfo: type: WIFI[], state: CONNECTED/CONNECTED, reason: (unspecified), extra: (none), roaming: false, failover: false, isAvailable: true
07-26 18:34:48.146 29959 30111 D PicasaSyncManager: background data: true
07-26 18:34:48.236 30112 30112 W ContextScopeImpl: thread=1 tried to enter the scope of the application context. Ignored.
07-26 18:34:48.388 30088 30088 I MediaUploader: No need to wake up
07-26 18:34:48.466   145   201 D ConnectivityService: handleInetConditionHoldEnd: net=1, condition=100, published condition=100
07-26 18:34:48.478 30112 30112 W ContextScopeImpl: thread=1 tried to enter the scope of the application context. Ignored.
07-26 18:34:48.529 29959 30111 D PicasaSyncManager: active network: NetworkInfo: type: WIFI[], state: CONNECTED/CONNECTED, reason: (unspecified), extra: (none), roaming: false, failover: false, isAvailable: true
07-26 18:34:48.537   145   430 I ActivityManager: Start proc com.android.calendar for broadcast com.android.calendar/.widget.CalendarAppWidgetService$CalendarFactory: pid=31117 uid=10005 gids={3003}
07-26 18:34:48.556 29959 30111 D PicasaSyncManager: background data: true
07-26 18:34:48.693 31737 31740 D dalvikvm: GC_CONCURRENT freed 403K, 6% free 10976K/11655K, paused 3ms+28ms
07-26 18:34:48.732 28346 28349 D dalvikvm: GC_CONCURRENT freed 458K, 7% free 10391K/11143K, paused 3ms+13ms
07-26 18:34:48.845 31117 31117 I ActivityThread: Pub com.android.calendar.CalendarRecentSuggestionsProvider: com.android.calendar.CalendarRecentSuggestionsProvider
07-26 18:34:48.916   145   356 I ActivityManager: Process com.twitter.android (pid 28878) has died.
07-26 18:34:49.045   145   156 I ActivityManager: Start proc com.android.providers.calendar for content provider com.android.providers.calendar/.CalendarProvider2: pid=31134 uid=10006 gids={3003, 1015}
07-26 18:34:49.072 29212 29233 V AlarmClock: AlarmInitReceiver finished
07-26 18:34:49.150 31134 31134 I ActivityThread: Pub com.android.calendar: com.android.providers.calendar.CalendarProvider2
07-26 18:34:49.412 28346 28349 D dalvikvm: GC_CONCURRENT freed 530K, 8% free 10334K/11143K, paused 2ms+3ms
07-26 18:34:50.228 31134 31134 I CalendarProvider2: Sending notification intent: Intent { act=android.intent.action.PROVIDER_CHANGED dat=content://com.android.calendar }
07-26 18:34:50.279 31134 31134 W ContentResolver: Failed to get type for: content://com.android.calendar (Unknown URL content://com.android.calendar)
07-26 18:34:50.443   145   147 D dalvikvm: GC_CONCURRENT freed 1950K, 18% free 19404K/23495K, paused 3ms+9ms
07-26 18:34:50.927 30205 30206 D dalvikvm: GC_CONCURRENT freed 707K, 10% free 10977K/12103K, paused 21ms+3ms
07-26 18:34:51.318 28346 28349 D dalvikvm: GC_CONCURRENT freed 511K, 8% free 10333K/11143K, paused 2ms+2ms
07-26 18:34:52.087   342   342 D SAN_SERVICE: *******************************************
07-26 18:34:52.087   342   342 D SAN_SERVICE: DM App Phone Service State - 0
07-26 18:34:52.091   342   342 D SAN_SERVICE: *******************************************
07-26 18:34:52.451 28346 28349 D dalvikvm: GC_CONCURRENT freed 459K, 7% free 10385K/11143K, paused 2ms+3ms
07-26 18:34:53.459 30205 30206 D dalvikvm: GC_CONCURRENT freed 402K, 8% free 11205K/12103K, paused 2ms+11ms
07-26 18:34:53.482 28346 28349 D dalvikvm: GC_CONCURRENT freed 535K, 8% free 10323K/11143K, paused 2ms+6ms
07-26 18:34:53.505 30205 30637 D dalvikvm: GC_FOR_ALLOC freed 91K, 9% free 11114K/12103K, paused 45ms
07-26 18:34:53.759   145   201 D ConnectivityService: ConnectivityChange for mobile: CONNECTED/CONNECTED
07-26 18:34:53.791   145   201 D ConnectivityService: ConnectivityChange for mobile: DISCONNECTED/DISCONNECTED
07-26 18:34:53.791   145   201 D ConnectivityService: Attempting to switch to WIFI
07-26 18:34:53.791   145   201 D ConnectivityService: Attempting to switch to WIMAX
07-26 18:34:53.791   145   201 D NetUtils: android_net_utils_resetConnections in env=0x2fd008 clazz=0x24400001 iface=rmnet0 mask=0x3
07-26 18:34:53.791   145   201 D ConnectivityService: Attempting to switch to BLUETOOTH_TETHER
07-26 18:34:53.791   145   201 D ConnectivityService: resetConnections(rmnet0, 3)
07-26 18:34:55.420 31737  8545 D dalvikvm: GC_EXPLICIT freed 261K, 8% free 10836K/11655K, paused 2ms+3ms
07-26 18:34:55.580   145   430 D dalvikvm: GC_EXPLICIT freed 1101K, 18% free 19370K/23495K, paused 3ms+9ms
07-26 18:34:55.607 28346 28349 D dalvikvm: GC_CONCURRENT freed 472K, 8% free 10362K/11143K, paused 2ms+3ms
07-26 18:34:56.013   145   421 D AlarmManagerService: Kernel timezone updated to 240 minutes west of GMT
07-26 18:34:56.337 28346 28349 D dalvikvm: GC_CONCURRENT freed 482K, 7% free 10391K/11143K, paused 2ms+2ms
07-26 18:34:56.849   145   205 D Tethering: MasterInitialState.processMessage what=3
07-26 18:34:56.880   145   205 D Tethering: MasterInitialState.processMessage what=3
07-26 18:34:56.939 30088 30088 I MediaUploader: No need to wake up
07-26 18:34:56.982 30112 30112 W ContextScopeImpl: thread=1 tried to enter the scope of the application context. Ignored.
07-26 18:34:57.009 29959 30111 D PicasaSyncManager: active network: NetworkInfo: type: WIFI[], state: CONNECTED/CONNECTED, reason: (unspecified), extra: (none), roaming: false, failover: false, isAvailable: true
07-26 18:34:57.033 29959 30111 D PicasaSyncManager: background data: true
07-26 18:34:57.064 30088 30088 I MediaUploader: No need to wake up
07-26 18:34:57.107 30112 30112 W ContextScopeImpl: thread=1 tried to enter the scope of the application context. Ignored.
07-26 18:34:57.158 29959 30111 D PicasaSyncManager: active network: NetworkInfo: type: WIFI[], state: CONNECTED/CONNECTED, reason: (unspecified), extra: (none), roaming: false, failover: false, isAvailable: true
07-26 18:34:57.158 29959 30111 D PicasaSyncManager: background data: true
07-26 18:34:57.357 28346 28349 D dalvikvm: GC_CONCURRENT freed 541K, 8% free 10323K/11143K, paused 2ms+4ms
07-26 18:34:57.388   145   201 D ConnectivityService: handleInetConditionHoldEnd: net=1, condition=100, published condition=100
07-26 18:34:57.810   342   342 D SAN_SERVICE: *******************************************
07-26 18:34:57.810   342   342 D SAN_SERVICE: DM App Phone Service State - 0
07-26 18:34:57.810   342   342 D SAN_SERVICE: *******************************************
07-26 18:34:57.908   342   342 D SAN_SERVICE: *******************************************
07-26 18:34:57.908   342   342 D SAN_SERVICE: DM App Phone Service State - 0
07-26 18:34:57.908   342   342 D SAN_SERVICE: *******************************************
07-26 18:34:58.041   342   342 D SAN_SERVICE: *******************************************
07-26 18:34:58.045   342   342 D SAN_SERVICE: DM App Phone Service State - 0
07-26 18:34:58.045   342   342 D SAN_SERVICE: *******************************************
07-26 18:34:58.263   342   342 D SAN_SERVICE: *******************************************
07-26 18:34:58.267   342   342 D SAN_SERVICE: DM App Phone Service State - 0
07-26 18:34:58.267   342   342 D SAN_SERVICE: *******************************************
07-26 18:34:59.084   342   342 D SAN_SERVICE: *******************************************
07-26 18:34:59.084   342   342 D SAN_SERVICE: DM App Phone Service State - 0
07-26 18:34:59.084   342   342 D SAN_SERVICE: *******************************************
07-26 18:34:59.357 28346 28349 D dalvikvm: GC_CONCURRENT freed 500K, 8% free 10332K/11143K, paused 2ms+3ms
07-26 18:34:59.560   342   342 D SAN_SERVICE: *******************************************
07-26 18:34:59.560   342   342 D SAN_SERVICE: DM App Phone Service State - 0
07-26 18:34:59.560   342   342 D SAN_SERVICE: *******************************************
07-26 18:35:00.084   342   342 D SAN_SERVICE: *******************************************
07-26 18:35:00.084   342   342 D SAN_SERVICE: DM App Phone Service State - 0
07-26 18:35:00.084   342   342 D SAN_SERVICE: *******************************************
07-26 18:35:00.447 28346 28349 D dalvikvm: GC_CONCURRENT freed 458K, 7% free 10386K/11143K, paused 2ms+3ms
07-26 18:35:00.744 30205 30206 D dalvikvm: GC_CONCURRENT freed 728K, 10% free 10957K/12103K, paused 2ms+3ms
07-26 18:35:01.341 28346 28349 D dalvikvm: GC_CONCURRENT freed 535K, 8% free 10324K/11143K, paused 2ms+3ms
07-26 18:35:03.459 28346 28349 D dalvikvm: GC_CONCURRENT freed 501K, 8% free 10334K/11143K, paused 2ms+5ms
07-26 18:35:03.556 30205 30206 D dalvikvm: GC_CONCURRENT freed 362K, 8% free 11179K/12103K, paused 2ms+3ms
07-26 18:35:04.361 28346 28349 D dalvikvm: GC_CONCURRENT freed 457K, 7% free 10387K/11143K, paused 2ms+2ms
07-26 18:35:04.810   342   342 D SAN_SERVICE: *******************************************
07-26 18:35:04.810   342   342 D SAN_SERVICE: DM App Phone Service State - 0
07-26 18:35:04.810   342   342 D SAN_SERVICE: *******************************************
07-26 18:35:05.013   342   342 D SAN_SERVICE: *******************************************
07-26 18:35:05.013   342   342 D SAN_SERVICE: DM App Phone Service State - 0
07-26 18:35:05.013   342   342 D SAN_SERVICE: *******************************************
07-26 18:35:05.349 28346 28349 D dalvikvm: GC_CONCURRENT freed 537K, 8% free 10325K/11143K, paused 2ms+4ms
07-26 18:35:07.314   342   342 D SAN_SERVICE: *******************************************
07-26 18:35:07.314   342   342 D SAN_SERVICE: DM App Phone Service State - 0
07-26 18:35:07.314   342   342 D SAN_SERVICE: *******************************************
07-26 18:35:07.404 28346 28349 D dalvikvm: GC_CONCURRENT freed 501K, 8% free 10335K/11143K, paused 2ms+2ms
07-26 18:35:08.103   342   342 D SAN_SERVICE: *******************************************
07-26 18:35:08.103   342   342 D SAN_SERVICE: DM App Phone Service State - 0
07-26 18:35:08.103   342   342 D SAN_SERVICE: *******************************************
07-26 18:35:08.380 28346 28349 D dalvikvm: GC_CONCURRENT freed 458K, 7% free 10388K/11143K, paused 2ms+3ms
07-26 18:35:09.353 28346 28349 D dalvikvm: GC_CONCURRENT freed 535K, 8% free 10326K/11143K, paused 3ms+3ms
07-26 18:35:09.767   342   342 D SAN_SERVICE: *******************************************
07-26 18:35:09.767   342   342 D SAN_SERVICE: DM App Phone Service State - 0
07-26 18:35:09.767   342   342 D SAN_SERVICE: *******************************************
07-26 18:35:10.060   342   342 D SAN_SERVICE: *******************************************
07-26 18:35:10.060   342   342 D SAN_SERVICE: DM App Phone Service State - 0
07-26 18:35:10.060   342   342 D SAN_SERVICE: *******************************************
07-26 18:35:10.326 30205 30206 D dalvikvm: GC_CONCURRENT freed 841K, 10% free 10937K/12103K, paused 6ms+3ms
07-26 18:35:10.365 28346 28346 D dalvikvm: GC_EXPLICIT freed 61K, 8% free 10270K/11143K, paused 2ms+2ms
07-26 18:35:11.326 28346 28349 D dalvikvm: GC_CONCURRENT freed 439K, 8% free 10337K/11143K, paused 2ms+3ms
07-26 18:35:12.388   145   363 D dalvikvm: GC_EXPLICIT freed 1282K, 18% free 19466K/23495K, paused 3ms+12ms
07-26 18:35:12.482 28346 28349 D dalvikvm: GC_CONCURRENT freed 455K, 7% free 10393K/11143K, paused 2ms+24ms
07-26 18:35:13.377 28346 28349 D dalvikvm: GC_CONCURRENT freed 541K, 8% free 10325K/11143K, paused 2ms+7ms
07-26 18:35:13.529 30205 30206 D dalvikvm: GC_CONCURRENT freed 357K, 8% free 11171K/12103K, paused 3ms+3ms
07-26 18:35:15.326 28346 28349 D dalvikvm: GC_CONCURRENT freed 499K, 8% free 10336K/11143K, paused 2ms+3ms
07-26 18:35:16.369 28346 28349 D dalvikvm: GC_CONCURRENT freed 460K, 7% free 10387K/11143K, paused 2ms+3ms
07-26 18:35:17.357 28346 28349 D dalvikvm: GC_CONCURRENT freed 538K, 8% free 10328K/11143K, paused 3ms+3ms
07-26 18:35:17.587   342   342 D SAN_SERVICE: *******************************************
07-26 18:35:17.587   342   342 D SAN_SERVICE: DM App Phone Service State - 0
07-26 18:35:17.587   342   342 D SAN_SERVICE: *******************************************
07-26 18:35:18.095   342   342 D SAN_SERVICE: *******************************************
07-26 18:35:18.095   342   342 D SAN_SERVICE: DM App Phone Service State - 0
07-26 18:35:18.095   342   342 D SAN_SERVICE: *******************************************
07-26 18:35:19.322 28346 28349 D dalvikvm: GC_CONCURRENT freed 503K, 8% free 10336K/11143K, paused 1ms+2ms
07-26 18:35:19.720 30205 30206 D dalvikvm: GC_CONCURRENT freed 855K, 10% free 10913K/12103K, paused 21ms+3ms
07-26 18:35:20.345 28346 28349 D dalvikvm: GC_CONCURRENT freed 458K, 7% free 10388K/11143K, paused 2ms+3ms
07-26 18:35:21.341 28346 28349 D dalvikvm: GC_CONCURRENT freed 539K, 8% free 10329K/11143K, paused 2ms+3ms
07-26 18:35:22.822   342   342 D SAN_SERVICE: *******************************************
07-26 18:35:22.822   342   342 D SAN_SERVICE: DM App Phone Service State - 0
07-26 18:35:22.822   342   342 D SAN_SERVICE: *******************************************
07-26 18:35:22.994   342   342 D SAN_SERVICE: *******************************************
07-26 18:35:22.998   342   342 D SAN_SERVICE: DM App Phone Service State - 0
07-26 18:35:22.998   342   342 D SAN_SERVICE: *******************************************
07-26 18:35:23.322 28346 28349 D dalvikvm: GC_CONCURRENT freed 504K, 8% free 10314K/11143K, paused 1ms+3ms
07-26 18:35:23.556 30205 30206 D dalvikvm: GC_CONCURRENT freed 317K, 8% free 11224K/12103K, paused 1ms+3ms
07-26 18:35:23.599 30205 30637 D dalvikvm: GC_FOR_ALLOC freed 230K, 9% free 11111K/12103K, paused 39ms
07-26 18:35:24.334 28346 28349 D dalvikvm: GC_CONCURRENT freed 461K, 7% free 10365K/11143K, paused 3ms+4ms
07-26 18:35:25.412 28346 28349 D dalvikvm: GC_CONCURRENT freed 568K, 8% free 10299K/11143K, paused 2ms+3ms
07-26 18:35:26.302 28346 28349 D dalvikvm: GC_CONCURRENT freed 476K, 8% free 10316K/11143K, paused 4ms+2ms
07-26 18:35:27.197 30205 30206 D dalvikvm: GC_CONCURRENT freed 890K, 11% free 10798K/12103K, paused 2ms+3ms
07-26 18:35:27.337 28346 28349 D dalvikvm: GC_CONCURRENT freed 460K, 7% free 10367K/11143K, paused 3ms+4ms
07-26 18:35:27.380   145   174 I ActivityManager: Start proc com.twitter.android for service com.twitter.android/.client.AppService: pid=31240 uid=10064 gids={3003, 1015}
07-26 18:35:27.388 31240 31240 I dalvikvm: Turning on JNI app bug workarounds for target SDK version 11...
07-26 18:35:27.533 31240 31240 I ActivityThread: Pub com.twitter.android.provider.GlobalDatabaseProvider: com.twitter.android.provider.GlobalDatabaseProvider
07-26 18:35:27.541 31240 31240 I ActivityThread: Pub com.twitter.android.provider.TwitterProvider: com.twitter.android.provider.TwitterProvider
07-26 18:35:27.630 31240 31243 D dalvikvm: GC_CONCURRENT freed 182K, 4% free 9305K/9607K, paused 4ms+2ms
07-26 18:35:27.896 31240 31243 D dalvikvm: GC_CONCURRENT freed 217K, 4% free 9518K/9863K, paused 6ms+2ms
07-26 18:35:28.041 31240 31243 D dalvikvm: GC_CONCURRENT freed 285K, 5% free 9639K/10055K, paused 2ms+2ms
07-26 18:35:28.197 31240 31243 D dalvikvm: GC_CONCURRENT freed 289K, 5% free 9763K/10183K, paused 2ms+3ms
07-26 18:35:28.408 28346 28349 D dalvikvm: GC_CONCURRENT freed 567K, 8% free 10299K/11143K, paused 20ms+2ms
07-26 18:35:28.502 31240 31243 D dalvikvm: GC_CONCURRENT freed 301K, 5% free 9888K/10311K, paused 2ms+2ms
07-26 18:35:28.630 31240 31243 D dalvikvm: GC_CONCURRENT freed 297K, 5% free 10017K/10439K, paused 2ms+2ms
07-26 18:35:28.775 31240 31243 D dalvikvm: GC_CONCURRENT freed 295K, 5% free 10144K/10567K, paused 1ms+3ms
07-26 18:35:28.916 31240 31243 D dalvikvm: GC_CONCURRENT freed 295K, 4% free 10271K/10695K, paused 2ms+2ms
07-26 18:35:29.111 31240 31243 D dalvikvm: GC_CONCURRENT freed 476K, 6% free 10223K/10823K, paused 2ms+3ms
07-26 18:35:29.337 31240 31243 D dalvikvm: GC_CONCURRENT freed 318K, 5% free 10310K/10823K, paused 2ms+73ms
07-26 18:35:29.568 31737 31740 D dalvikvm: GC_CONCURRENT freed 386K, 7% free 10930K/11655K, paused 6ms+7ms
07-26 18:35:29.662 31240 31243 D dalvikvm: GC_CONCURRENT freed 376K, 5% free 10400K/10887K, paused 3ms+2ms
07-26 18:35:29.869 31240 31243 D dalvikvm: GC_CONCURRENT freed 344K, 5% free 10481K/10951K, paused 1ms+2ms
07-26 18:35:29.888   145   199 D DhcpInfoInternal: makeLinkProperties with empty dns2!
07-26 18:35:29.888   145   199 D DhcpInfoInternal: makeLinkProperties with empty dns2!
07-26 18:35:30.005 31240 31243 D dalvikvm: GC_CONCURRENT freed 341K, 5% free 10560K/11015K, paused 2ms+2ms
07-26 18:35:30.146 31240 31243 D dalvikvm: GC_CONCURRENT freed 370K, 5% free 10653K/11143K, paused 2ms+2ms
07-26 18:35:30.330 28346 28349 D dalvikvm: GC_CONCURRENT freed 472K, 8% free 10316K/11143K, paused 2ms+3ms
07-26 18:35:30.400 31240 31243 D dalvikvm: GC_CONCURRENT freed 351K, 5% free 10736K/11207K, paused 3ms+2ms
07-26 18:35:30.545 31240 31243 D dalvikvm: GC_CONCURRENT freed 393K, 5% free 10830K/11335K, paused 2ms+3ms
07-26 18:35:30.740   145 22786 D dalvikvm: GC_EXPLICIT freed 1135K, 18% free 19463K/23495K, paused 4ms+11ms
07-26 18:35:31.373 28346 28349 D dalvikvm: GC_CONCURRENT freed 466K, 8% free 10362K/11143K, paused 2ms+6ms
07-26 18:35:32.029 31240 31243 D dalvikvm: GC_CONCURRENT freed 312K, 4% free 11028K/11463K, paused 6ms+2ms
07-26 18:35:32.408 28346 28349 D dalvikvm: GC_CONCURRENT freed 570K, 8% free 10292K/11143K, paused 2ms+3ms
07-26 18:35:33.587 30205 30206 D dalvikvm: GC_CONCURRENT freed 263K, 9% free 11122K/12103K, paused 2ms+8ms
07-26 18:35:33.826 31240 31243 D dalvikvm: GC_CONCURRENT freed 382K, 5% free 11219K/11719K, paused 13ms+6ms
07-26 18:35:34.349 28346 28349 D dalvikvm: GC_CONCURRENT freed 472K, 8% free 10332K/11143K, paused 2ms+3ms
07-26 18:35:35.326 28346 28346 D dalvikvm: GC_EXPLICIT freed 307K, 8% free 10269K/11143K, paused 2ms+3ms
07-26 18:35:36.388 28346 28349 D dalvikvm: GC_CONCURRENT freed 442K, 8% free 10334K/11143K, paused 2ms+3ms
07-26 18:35:36.810 30205 30206 D dalvikvm: GC_CONCURRENT freed 940K, 11% free 10781K/12103K, paused 21ms+4ms
07-26 18:35:37.345 28346 28349 D dalvikvm: GC_CONCURRENT freed 456K, 7% free 10390K/11143K, paused 2ms+3ms
07-26 18:35:38.353 28346 28349 D dalvikvm: GC_CONCURRENT freed 543K, 8% free 10326K/11143K, paused 3ms+3ms
07-26 18:35:40.341 28346 28349 D dalvikvm: GC_CONCURRENT freed 503K, 8% free 10334K/11143K, paused 2ms+3ms
07-26 18:35:41.291 31737 27750 D dalvikvm: GC_EXPLICIT freed 202K, 7% free 10843K/11655K, paused 3ms+5ms
07-26 18:35:41.377 28346 28349 D dalvikvm: GC_CONCURRENT freed 455K, 7% free 10389K/11143K, paused 2ms+3ms
07-26 18:35:42.412 28346 28349 D dalvikvm: GC_CONCURRENT freed 541K, 8% free 10325K/11143K, paused 1ms+3ms
07-26 18:35:43.521 30205 30206 D dalvikvm: GC_CONCURRENT freed 263K, 9% free 11105K/12103K, paused 2ms+3ms
07-26 18:35:44.373 28346 28349 D dalvikvm: GC_CONCURRENT freed 503K, 8% free 10333K/11143K, paused 2ms+2ms
07-26 18:35:45.439 28346 28349 D dalvikvm: GC_CONCURRENT freed 453K, 7% free 10390K/11143K, paused 2ms+3ms
07-26 18:35:46.345 28346 28349 D dalvikvm: GC_CONCURRENT freed 542K, 8% free 10326K/11143K, paused 2ms+3ms
07-26 18:35:46.716 30205 30206 D dalvikvm: GC_CONCURRENT freed 923K, 12% free 10769K/12103K, paused 116ms+3ms
07-26 18:35:48.365 28346 28349 D dalvikvm: GC_CONCURRENT freed 496K, 8% free 10337K/11143K, paused 2ms+3ms
07-26 18:35:49.365 28346 28349 D dalvikvm: GC_CONCURRENT freed 457K, 7% free 10390K/11143K, paused 2ms+3ms
07-26 18:35:49.627   342   342 D SAN_SERVICE: *******************************************
07-26 18:35:49.627   342   342 D SAN_SERVICE: DM App Phone Service State - 0
07-26 18:35:49.627   342   342 D SAN_SERVICE: *******************************************
07-26 18:35:50.099   342   342 D SAN_SERVICE: *******************************************
07-26 18:35:50.099   342   342 D SAN_SERVICE: DM App Phone Service State - 0
07-26 18:35:50.099   342   342 D SAN_SERVICE: *******************************************
07-26 18:35:50.392 28346 28349 D dalvikvm: GC_CONCURRENT freed 529K, 8% free 10324K/11143K, paused 2ms+3ms
07-26 18:35:51.384   145   329 D dalvikvm: GC_EXPLICIT freed 1185K, 18% free 19459K/23495K, paused 4ms+10ms
07-26 18:35:52.318 28346 28349 D dalvikvm: GC_CONCURRENT freed 493K, 8% free 10338K/11143K, paused 2ms+3ms
07-26 18:35:53.357 28346 28349 D dalvikvm: GC_CONCURRENT freed 461K, 7% free 10388K/11143K, paused 2ms+4ms
07-26 18:35:53.689 30205 30206 D dalvikvm: GC_CONCURRENT freed 250K, 9% free 11091K/12103K, paused 2ms+3ms
07-26 18:35:54.357 28346 28349 D dalvikvm: GC_CONCURRENT freed 528K, 8% free 10323K/11143K, paused 2ms+2ms
07-26 18:35:56.337 30205 30206 D dalvikvm: GC_CONCURRENT freed 910K, 12% free 10745K/12103K, paused 6ms+3ms
07-26 18:35:56.416 28346 28349 D dalvikvm: GC_CONCURRENT freed 493K, 8% free 10336K/11143K, paused 2ms+2ms
07-26 18:35:57.357 28346 28349 D dalvikvm: GC_CONCURRENT freed 461K, 7% free 10387K/11143K, paused 1ms+3ms
07-26 18:35:58.361 28346 28349 D dalvikvm: GC_CONCURRENT freed 526K, 8% free 10324K/11143K, paused 3ms+3ms
07-26 18:36:00.353 28346 28349 D dalvikvm: GC_CONCURRENT freed 494K, 8% free 10337K/11143K, paused 2ms+3ms
07-26 18:36:01.287 28346 28358 D dalvikvm: GC_EXPLICIT freed 303K, 8% free 10267K/11143K, paused 3ms+3ms
07-26 18:36:02.181   145   423 W ActivityManager: finishReceiver called but no pending broadcasts
07-26 18:36:02.431 28346 28349 D dalvikvm: GC_CONCURRENT freed 437K, 8% free 10337K/11143K, paused 2ms+2ms
07-26 18:36:02.462   215   217 D dalvikvm: GC_CONCURRENT freed 533K, 32% free 9752K/14215K, paused 7ms+2ms
07-26 18:36:02.509   215   217 D dalvikvm: GC_CONCURRENT freed 428K, 32% free 9744K/14215K, paused 1ms+2ms
07-26 18:36:02.545 30205 30206 D dalvikvm: GC_CONCURRENT freed 258K, 9% free 11052K/12103K, paused 9ms+2ms
07-26 18:36:02.611   215   217 D dalvikvm: GC_CONCURRENT freed 392K, 32% free 9758K/14215K, paused 2ms+2ms
07-26 18:36:25.492 30205 30206 D dalvikvm: GC_CONCURRENT freed 1118K, 13% free 10611K/12103K, paused 2ms+3ms
07-26 18:36:25.601 28346 28349 D dalvikvm: GC_CONCURRENT freed 457K, 7% free 10391K/11143K, paused 2ms+3ms
07-26 18:37:26.781 28346 28349 D dalvikvm: GC_CONCURRENT freed 518K, 8% free 10319K/11143K, paused 1ms+2ms
07-26 18:37:51.019 29724 29737 I PhoneLab-: Service Running
07-26 18:37:51.070 29724 29737 I PhoneLab-LoggerService: app_37    1300  1     1440   1000  c00f181c 400107b4 S logcat
07-26 18:37:51.070 29724 29737 I PhoneLab-LoggerService: Logcat pid from database 1300
07-26 18:37:51.070 29724 29737 I PhoneLab-LoggerService: Logcat process found 1300
07-26 18:37:51.074 29724 29737 I PhoneLab-LoggerService: Checking Threshold
07-26 18:37:51.074 29724 29737 I PhoneLab-LoggerService: Starting to rename files
07-26 18:37:51.074 29724 29737 I PhoneLab-LoggerService: Files found .. 2
07-26 18:37:54.793   145   199 D DhcpInfoInternal: makeLinkProperties with empty dns2!
07-26 18:37:54.796   145   199 D DhcpInfoInternal: makeLinkProperties with empty dns2!
07-26 18:38:01.062 25228 25739 D GetStringObjTask: retrieving from url = http://www.chess.com/api/get_move_status?id=5HHjW9WUGa%2Bcu1LUwnVJPxTIWxmEve4VdkRnRyg7b5Ch69JH2Z5aB%2B7eGuFw8K2uFx47KFsdE3JRdR3Mzv0PkZOj6eZ8N73BvxmEERrzXjMNRo80rkLyJAUTh0iqof4n
07-26 18:38:01.461 25228 25739 D GetStringObjTask: WebRequest SERVER RESPONSE: Success+0
07-26 18:38:26.789 30205 30206 D dalvikvm: GC_CONCURRENT freed 538K, 13% free 10603K/12103K, paused 1ms+3ms
07-26 18:39:26.894 28346 28349 D dalvikvm: GC_CONCURRENT freed 484K, 8% free 10337K/11143K, paused 2ms+3ms
07-26 18:39:54.586 29959 31381 I SqliteDatabaseCpp: sqlite returned: error code = 1, msg = no such column: wipeout_stats, db=/data/data/com.google.android.apps.plus/databases/iu.upload.db
07-26 18:39:54.621 29959 31381 W System.err: android.database.sqlite.SQLiteException: no such column: wipeout_stats: , while compiling: SELECT wipeout_stats  FROM account_status
07-26 18:39:54.695 29959 31381 W System.err: 	at android.database.sqlite.SQLiteCompiledSql.native_compile(Native Method)
07-26 18:39:54.699 29959 31381 W System.err: 	at android.database.sqlite.SQLiteCompiledSql.<init>(SQLiteCompiledSql.java:68)
07-26 18:39:54.699 29959 31381 W System.err: 	at android.database.sqlite.SQLiteProgram.compileSql(SQLiteProgram.java:143)
07-26 18:39:54.699 29959 31381 W System.err: 	at android.database.sqlite.SQLiteProgram.compileAndbindAllArgs(SQLiteProgram.java:361)
07-26 18:39:54.699 29959 31381 W System.err: 	at android.database.sqlite.SQLiteStatement.acquireAndLock(SQLiteStatement.java:260)
07-26 18:39:54.699 29959 31381 W System.err: 	at android.database.sqlite.SQLiteStatement.simpleQueryForLong(SQLiteStatement.java:137)
07-26 18:39:54.699 29959 31381 W System.err: 	at android.database.DatabaseUtils.longForQuery(DatabaseUtils.java:791)
07-26 18:39:54.699 29959 31381 W System.err: 	at android.database.DatabaseUtils.longForQuery(DatabaseUtils.java:779)
07-26 18:39:54.699 29959 31381 W System.err: 	at com.google.android.apps.plus.content.EsAccountsData.isContactsStatsWipeoutNeeded(EsAccountsData.java:641)
07-26 18:39:54.699 29959 31381 W System.err: 	at com.google.android.apps.plus.service.EsService.processIntent(EsService.java:4246)
07-26 18:39:54.699 29959 31381 W System.err: 	at com.google.android.apps.plus.service.ServiceThread$1.run(ServiceThread.java:50)
07-26 18:39:54.699 29959 31381 W System.err: 	at android.os.Handler.handleCallback(Handler.java:605)
07-26 18:39:54.703 29959 31381 W System.err: 	at android.os.Handler.dispatchMessage(Handler.java:92)
07-26 18:39:54.703 29959 31381 W System.err: 	at android.os.Looper.loop(Looper.java:137)
07-26 18:39:54.703 29959 31381 W System.err: 	at com.google.android.apps.plus.service.ServiceThread.run(ServiceThread.java:122)
07-26 18:39:55.398 29959 31382 D dalvikvm: GC_EXPLICIT freed 806K, 9% free 12947K/14215K, paused 28ms+3ms
07-26 18:39:58.527   342   342 D SAN_SERVICE: *******************************************
07-26 18:39:58.527   342   342 D SAN_SERVICE: DM App Phone Service State - 0
07-26 18:39:58.527   342   342 D SAN_SERVICE: *******************************************
07-26 18:39:58.550 29959 29961 D dalvikvm: GC_CONCURRENT freed 1120K, 9% free 13046K/14279K, paused 5ms+27ms
07-26 18:39:58.851   342   342 D SAN_SERVICE: *******************************************
07-26 18:39:58.851   342   342 D SAN_SERVICE: DM App Phone Service State - 0
07-26 18:39:58.851   342   342 D SAN_SERVICE: *******************************************
07-26 18:39:59.101   342   342 D SAN_SERVICE: *******************************************
07-26 18:39:59.101   342   342 D SAN_SERVICE: DM App Phone Service State - 0
07-26 18:39:59.101   342   342 D SAN_SERVICE: *******************************************
07-26 18:39:59.757 29959 31382 E dalvikvm: Could not find class 'android.app.Notification$InboxStyle', referenced from method com.google.android.apps.plus.service.AndroidNotification.createDigestNotification
07-26 18:39:59.757 29959 31382 W dalvikvm: VFY: unable to resolve new-instance 41 (Landroid/app/Notification$InboxStyle;) in Lcom/google/android/apps/plus/service/AndroidNotification;
07-26 18:39:59.757 29959 31382 D dalvikvm: VFY: replacing opcode 0x22 at 0x0018
07-26 18:39:59.761 29959 31382 I dalvikvm: Could not find method android.app.Notification$Builder.setPriority, referenced from method com.google.android.apps.plus.service.AndroidNotification.createRichNotification
07-26 18:39:59.761 29959 31382 W dalvikvm: VFY: unable to resolve virtual method 162: Landroid/app/Notification$Builder;.setPriority (I)Landroid/app/Notification$Builder;
07-26 18:39:59.761 29959 31382 D dalvikvm: VFY: replacing opcode 0x6e at 0x00d5
07-26 18:39:59.773 29959 31382 D dalvikvm: DexOpt: unable to opt direct call 0x00a8 at 0x1a in Lcom/google/android/apps/plus/service/AndroidNotification;.createDigestNotification
07-26 18:39:59.773 29959 31382 D dalvikvm: DexOpt: unable to opt direct call 0x0091 at 0xf1 in Lcom/google/android/apps/plus/service/AndroidNotification;.createRichNotification
07-26 18:39:59.773 29959 31382 D dalvikvm: DexOpt: unable to opt direct call 0x0095 at 0x397 in Lcom/google/android/apps/plus/service/AndroidNotification;.createRichNotification
07-26 18:40:03.136   145   338 I ActivityManager: Process com.google.android.apps.gesturesearch (pid 29991) has died.
07-26 18:40:03.519 29959 29961 D dalvikvm: GC_CONCURRENT freed 1083K, 9% free 13191K/14407K, paused 2ms+3ms
07-26 18:40:03.804 29959 29961 D dalvikvm: GC_CONCURRENT freed 1166K, 9% free 13306K/14599K, paused 3ms+2ms
07-26 18:40:04.078   145   145 D dalvikvm: GC_EXPLICIT freed 1746K, 18% free 19443K/23495K, paused 4ms+9ms
07-26 18:40:04.621 29724 29737 I PhoneLab-: Service Running
07-26 18:40:04.714 29724 29737 I PhoneLab-LoggerService: app_37    1300  1     1440   1000  c00f181c 400107b4 S logcat
07-26 18:40:04.718 29724 29737 I PhoneLab-LoggerService: Logcat pid from database 1300
07-26 18:40:04.718 29724 29737 I PhoneLab-LoggerService: Logcat process found 1300
07-26 18:40:04.718 29724 29737 I PhoneLab-LoggerService: Checking Threshold
07-26 18:40:04.718 29724 29737 I PhoneLab-LoggerService: Starting to rename files
07-26 18:40:04.718 29724 29737 I PhoneLab-LoggerService: Files found .. 2
07-26 18:40:06.027 29184 29186 D dalvikvm: GC_CONCURRENT freed 445K, 6% free 9864K/10439K, paused 2ms+4ms
07-26 18:40:06.336 29959 29961 D dalvikvm: GC_CONCURRENT freed 1311K, 10% free 13408K/14855K, paused 4ms+4ms
07-26 18:40:06.519 29959 31382 D dalvikvm: GC_FOR_ALLOC freed 195K, 8% free 13710K/14855K, paused 51ms
07-26 18:40:06.566 29959 31382 D dalvikvm: GC_FOR_ALLOC freed 346K, 11% free 13708K/15239K, paused 42ms
07-26 18:40:06.570 29959 31382 I dalvikvm-heap: Grow heap (frag case) to 13.792MB for 352172-byte allocation
07-26 18:40:06.613 29959 31382 D dalvikvm: GC_FOR_ALLOC freed 0K, 11% free 14052K/15623K, paused 39ms
07-26 18:40:07.375 29959 29961 D dalvikvm: GC_CONCURRENT freed 1070K, 8% free 14554K/15751K, paused 2ms+3ms
07-26 18:40:07.851 29959 29966 I dalvikvm: Jit: resizing JitTable from 4096 to 8192
07-26 18:40:08.324 29905 31389 D dalvikvm: GC_EXPLICIT freed 214K, 6% free 9982K/10567K, paused 20ms+34ms
07-26 18:40:08.781   342   342 D SAN_SERVICE: *******************************************
07-26 18:40:08.781   342   342 D SAN_SERVICE: DM App Phone Service State - 0
07-26 18:40:08.781   342   342 D SAN_SERVICE: *******************************************
07-26 18:40:09.050   342   342 D SAN_SERVICE: *******************************************
07-26 18:40:09.050   342   342 D SAN_SERVICE: DM App Phone Service State - 0
07-26 18:40:09.050   342   342 D SAN_SERVICE: *******************************************
07-26 18:40:09.800   342   342 D SAN_SERVICE: *******************************************
07-26 18:40:09.800   342   342 D SAN_SERVICE: DM App Phone Service State - 0
07-26 18:40:09.800   342   342 D SAN_SERVICE: *******************************************
07-26 18:40:09.906 29959 29961 D dalvikvm: GC_CONCURRENT freed 1782K, 12% free 14541K/16455K, paused 14ms+5ms
07-26 18:40:12.914 29959 31382 I SqliteDatabaseCpp: sqlite returned: error code = 1, msg = no such column: last_stats_sync_time, db=/data/data/com.google.android.apps.plus/databases/iu.upload.db
07-26 18:40:12.964 29959 31382 E EsSyncAdapterService: Sync failure
07-26 18:40:12.964 29959 31382 E EsSyncAdapterService: android.database.sqlite.SQLiteException: no such column: last_stats_sync_time: , while compiling: SELECT last_stats_sync_time  FROM account_status
07-26 18:40:12.964 29959 31382 E EsSyncAdapterService: 	at android.database.sqlite.SQLiteCompiledSql.native_compile(Native Method)
07-26 18:40:12.964 29959 31382 E EsSyncAdapterService: 	at android.database.sqlite.SQLiteCompiledSql.<init>(SQLiteCompiledSql.java:68)
07-26 18:40:12.964 29959 31382 E EsSyncAdapterService: 	at android.database.sqlite.SQLiteProgram.compileSql(SQLiteProgram.java:143)
07-26 18:40:12.964 29959 31382 E EsSyncAdapterService: 	at android.database.sqlite.SQLiteProgram.compileAndbindAllArgs(SQLiteProgram.java:361)
07-26 18:40:12.964 29959 31382 E EsSyncAdapterService: 	at android.database.sqlite.SQLiteStatement.acquireAndLock(SQLiteStatement.java:260)
07-26 18:40:12.964 29959 31382 E EsSyncAdapterService: 	at android.database.sqlite.SQLiteStatement.simpleQueryForLong(SQLiteStatement.java:137)
07-26 18:40:12.964 29959 31382 E EsSyncAdapterService: 	at android.database.DatabaseUtils.longForQuery(DatabaseUtils.java:791)
07-26 18:40:12.964 29959 31382 E EsSyncAdapterService: 	at android.database.DatabaseUtils.longForQuery(DatabaseUtils.java:779)
07-26 18:40:12.964 29959 31382 E EsSyncAdapterService: 	at com.google.android.apps.plus.content.EsAccountsData.queryLastStatsSyncTimestamp(EsAccountsData.java:570)
07-26 18:40:12.964 29959 31382 E EsSyncAdapterService: 	at com.google.android.apps.plus.service.EsSyncAdapterService.syncContactsStatsIfNecessary(EsSyncAdapterService.java:670)
07-26 18:40:12.964 29959 31382 E EsSyncAdapterService: 	at com.google.android.apps.plus.service.EsSyncAdapterService.doFullSync(EsSyncAdapterService.java:633)
07-26 18:40:12.964 29959 31382 E EsSyncAdapterService: 	at com.google.android.apps.plus.service.EsSyncAdapterService.doSync(EsSyncAdapterService.java:566)
07-26 18:40:12.964 29959 31382 E EsSyncAdapterService: 	at com.google.android.apps.plus.service.EsSyncAdapterService.access$100(EsSyncAdapterService.java:52)
07-26 18:40:12.964 29959 31382 E EsSyncAdapterService: 	at com.google.android.apps.plus.service.EsSyncAdapterService$SyncAdapterImpl.onPerformSync(EsSyncAdapterService.java:408)
07-26 18:40:12.964 29959 31382 E EsSyncAdapterService: 	at android.content.AbstractThreadedSyncAdapter$SyncThread.run(AbstractThreadedSyncAdapter.java:247)
07-26 18:40:12.984   145   169 D SyncManager: failed sync operation lokeshmandvekar@gmail.com (com.google), com.google.android.apps.plus.content.EsProvider, SERVER, earliestRunTime 261900346, SyncResult: stats [ numParseExceptions: 1]
07-26 18:40:12.988   145   169 D SyncManager: not retrying sync operation because the error is a hard error: lokeshmandvekar@gmail.com (com.google), com.google.android.apps.plus.content.EsProvider, SERVER, earliestRunTime 261918747
07-26 18:40:13.066 29184 29186 D dalvikvm: GC_CONCURRENT freed 450K, 6% free 9853K/10439K, paused 2ms+8ms
07-26 18:40:19.793   145   157 I ActivityManager: Process com.android.providers.calendar (pid 31134) has died.
07-26 18:40:20.035   145   199 D DhcpInfoInternal: makeLinkProperties with empty dns2!
07-26 18:40:20.039   145   199 D DhcpInfoInternal: makeLinkProperties with empty dns2!
07-26 18:40:24.195   342   342 D SAN_SERVICE: *******************************************
07-26 18:40:24.195   342   342 D SAN_SERVICE: DM App Phone Service State - 0
07-26 18:40:24.199   342   342 D SAN_SERVICE: *******************************************
07-26 18:40:24.429   342   342 D SAN_SERVICE: *******************************************
07-26 18:40:24.429   342   342 D SAN_SERVICE: DM App Phone Service State - 0
07-26 18:40:24.429   342   342 D SAN_SERVICE: *******************************************
07-26 18:40:25.078 29959 29961 D dalvikvm: GC_CONCURRENT freed 2918K, 19% free 13356K/16455K, paused 2ms+3ms
07-26 18:40:25.152 29184 29195 D dalvikvm: GC_EXPLICIT freed 173K, 7% free 9724K/10439K, paused 2ms+2ms
07-26 18:40:26.160 29184 29186 D dalvikvm: GC_CONCURRENT freed 289K, 6% free 9822K/10439K, paused 4ms+2ms
07-26 18:40:26.160 29905 29908 D dalvikvm: GC_CONCURRENT freed 405K, 6% free 9969K/10567K, paused 2ms+2ms
07-26 18:40:26.207 29724 29737 I PhoneLab-: Service Running
07-26 18:40:26.250 29724 29727 D dalvikvm: GC_CONCURRENT freed 433K, 6% free 9118K/9671K, paused 6ms+1ms
07-26 18:40:26.257 29724 29737 I PhoneLab-LoggerService: app_37    1300  1     1440   1000  c00f181c 400107b4 S logcat
07-26 18:40:26.257 29724 29737 I PhoneLab-LoggerService: Logcat pid from database 1300
07-26 18:40:26.257 29724 29737 I PhoneLab-LoggerService: Logcat process found 1300
07-26 18:40:26.257 29724 29737 I PhoneLab-LoggerService: Checking Threshold
07-26 18:40:26.257 29724 29737 I PhoneLab-LoggerService: Starting to rename files
07-26 18:40:26.257 29724 29737 I PhoneLab-LoggerService: Files found .. 2
07-26 18:40:26.828 30205 30206 D dalvikvm: GC_CONCURRENT freed 521K, 13% free 10609K/12103K, paused 2ms+3ms
07-26 18:40:26.957   145   379 D dalvikvm: GC_EXPLICIT freed 694K, 18% free 19320K/23495K, paused 3ms+7ms
07-26 18:40:27.027 28346 28349 D dalvikvm: GC_CONCURRENT freed 458K, 7% free 10390K/11143K, paused 1ms+3ms
07-26 18:40:30.988   342   342 D SAN_SERVICE: *******************************************
07-26 18:40:30.988   342   342 D SAN_SERVICE: DM App Phone Service State - 0
07-26 18:40:30.988   342   342 D SAN_SERVICE: *******************************************
07-26 18:40:31.039   342   345 D dalvikvm: GC_CONCURRENT freed 839K, 9% free 11928K/12999K, paused 10ms+4ms
07-26 18:40:54.250   145 21503 D AlarmManagerService: Kernel timezone updated to 240 minutes west of GMT
07-26 18:40:55.488   342   342 D SAN_SERVICE: *******************************************
07-26 18:40:55.488   342   342 D SAN_SERVICE: DM App Phone Service State - 0
07-26 18:40:55.488   342   342 D SAN_SERVICE: *******************************************
07-26 18:40:56.090   145   156 I ActivityManager: Process com.android.calendar (pid 31117) has died.
07-26 18:40:56.234   342   342 D SAN_SERVICE: *******************************************
07-26 18:40:56.234   342   342 D SAN_SERVICE: DM App Phone Service State - 0
07-26 18:40:56.234   342   342 D SAN_SERVICE: *******************************************
07-26 18:40:56.453 29905 29908 D dalvikvm: GC_CONCURRENT freed 405K, 6% free 9972K/10567K, paused 2ms+3ms
07-26 18:40:56.738 29184 29186 D dalvikvm: GC_CONCURRENT freed 376K, 6% free 9831K/10439K, paused 7ms+8ms
07-26 18:41:27.027 28346 28349 D dalvikvm: GC_CONCURRENT freed 512K, 8% free 10326K/11143K, paused 2ms+11ms
07-26 18:41:27.281 28346 28349 D dalvikvm: GC_CONCURRENT freed 206K, 6% free 10535K/11143K, paused 6ms+2ms
07-26 18:41:28.168   342   342 D SAN_SERVICE: *******************************************
07-26 18:41:28.168   342   342 D SAN_SERVICE: DM App Phone Service State - 0
07-26 18:41:28.168   342   342 D SAN_SERVICE: *******************************************
07-26 18:41:28.437   342   342 D SAN_SERVICE: *******************************************
07-26 18:41:28.437   342   342 D SAN_SERVICE: DM App Phone Service State - 0
07-26 18:41:28.437   342   342 D SAN_SERVICE: *******************************************
07-26 18:42:27.043   342   342 D SAN_SERVICE: *******************************************
07-26 18:42:27.043   342   342 D SAN_SERVICE: DM App Phone Service State - 0
07-26 18:42:27.043   342   342 D SAN_SERVICE: *******************************************
07-26 18:42:27.332 30205 30206 D dalvikvm: GC_CONCURRENT freed 536K, 13% free 10602K/12103K, paused 2ms+3ms
07-26 18:42:27.433 28346 28349 D dalvikvm: GC_CONCURRENT freed 689K, 8% free 10340K/11143K, paused 2ms+2ms
07-26 18:42:27.496   342   342 D SAN_SERVICE: *******************************************
07-26 18:42:27.496   342   342 D SAN_SERVICE: DM App Phone Service State - 0
07-26 18:42:27.496   342   342 D SAN_SERVICE: *******************************************
07-26 18:42:44.929   145   199 D DhcpInfoInternal: makeLinkProperties with empty dns2!
07-26 18:42:44.937   145   199 D DhcpInfoInternal: makeLinkProperties with empty dns2!
07-26 18:43:26.101 25228 25769 D GetStringObjTask: retrieving from url = http://www.chess.com/api/get_move_status?id=5HHjW9WUGa%2Bcu1LUwnVJPxTIWxmEve4VdkRnRyg7b5Ch69JH2Z5aB%2B7eGuFw8K2uFx47KFsdE3JRdR3Mzv0PkZOj6eZ8N73BvxmEERrzXjMNRo80rkLyJAUTh0iqof4n
07-26 18:43:26.507 25228 25769 D GetStringObjTask: WebRequest SERVER RESPONSE: Success+0
07-26 18:43:27.429 28346 28349 D dalvikvm: GC_CONCURRENT freed 396K, 8% free 10333K/11143K, paused 1ms+2ms
07-26 18:44:25.777   145   176 I power   : *** set_screen_state 1
07-26 18:44:25.910   145   176 I WindowManager: Lock screen displayed!
07-26 18:44:25.972    78   121 D SurfaceFlinger: Screen about to return, flinger = 0x749918
07-26 18:44:26.828   215   215 D PhoneStatusBar: disable: < expand icons alerts ticker system_info BACK HOME recent* CLOCK >
07-26 18:44:26.906   215   215 D PhoneStatusBar: disable: < expand icons alerts ticker system_info back* home* recent clock* >
07-26 18:44:26.929   145   162 I ActivityManager: Start proc com.google.android.apps.gesturesearch for broadcast com.google.android.apps.gesturesearch/.motion.ScreenStateReceiver: pid=31451 uid=10088 gids={3003}
07-26 18:44:26.941   145   430 W InputManagerService: Window already focused, ignoring focus gain of: com.android.internal.view.IInputMethodClient$Stub$Proxy@4164c5c0
07-26 18:44:27.046 31451 31451 I dalvikvm: Turning on JNI app bug workarounds for target SDK version 8...
07-26 18:44:27.363 31451 31451 I ActivityThread: Pub com.google.android.apps.gesturesearch.history: com.google.android.apps.gesturesearch.data.QueryHistoryProvider
07-26 18:44:27.367 31451 31451 I ActivityThread: Pub com.google.android.apps.gesturesearch.index: com.google.android.apps.gesturesearch.data.IndexProvider
07-26 18:44:27.379 31737 31740 D dalvikvm: GC_CONCURRENT freed 386K, 6% free 10963K/11655K, paused 8ms+7ms
07-26 18:44:27.593 30205 30206 D dalvikvm: GC_CONCURRENT freed 529K, 13% free 10599K/12103K, paused 2ms+38ms
07-26 18:44:27.621 28346 28349 D dalvikvm: GC_CONCURRENT freed 474K, 7% free 10370K/11143K, paused 2ms+6ms
07-26 18:44:28.183 21345 21347 D dalvikvm: GC_CONCURRENT freed 939K, 15% free 12402K/14535K, paused 26ms+8ms
07-26 18:44:29.039   145   430 I ActivityManager: START {act=android.intent.action.MAIN cat=[android.intent.category.LAUNCHER] flg=0x10000000 pkg=com.whatsapp cmp=com.whatsapp/.Main bnds=[0,254][120,404]} from pid 21345
07-26 18:44:29.156 21345 21345 D OpenGLRenderer: Flushing caches (mode 1)
07-26 18:44:29.230   145   379 I ActivityManager: START {cmp=com.whatsapp/.Conversations} from pid 29905
07-26 18:44:29.234   145   421 W ActivityManager: Duplicate finish request for ActivityRecord{41a77b50 com.whatsapp/.Main}
07-26 18:44:29.293 21345 21345 D OpenGLRenderer: Flushing caches (mode 0)
07-26 18:44:29.363 29905 29908 D dalvikvm: GC_CONCURRENT freed 408K, 6% free 9952K/10567K, paused 11ms+3ms
07-26 18:44:29.480 29905 29905 D dalvikvm: GC_FOR_ALLOC freed 29K, 5% free 10042K/10567K, paused 26ms
07-26 18:44:29.507 29905 29905 D dalvikvm: GC_FOR_ALLOC freed 3K, 6% free 10075K/10631K, paused 20ms
07-26 18:44:29.507 29905 29905 I dalvikvm-heap: Grow heap (frag case) to 10.096MB for 196256-byte allocation
07-26 18:44:29.531 29905 29905 D dalvikvm: GC_FOR_ALLOC freed <1K, 6% free 10267K/10823K, paused 19ms
07-26 18:44:29.562 29905 29905 D dalvikvm: GC_FOR_ALLOC freed 3K, 6% free 10275K/10823K, paused 21ms
07-26 18:44:29.562 29905 29905 I dalvikvm-heap: Grow heap (frag case) to 10.252MB for 155248-byte allocation
07-26 18:44:29.586 29905 29905 D dalvikvm: GC_FOR_ALLOC freed <1K, 6% free 10427K/11015K, paused 19ms
07-26 18:44:29.703   215   215 V PhoneStatusBar: setLightsOn(true)
07-26 18:44:29.750   145   161 I Process : Sending signal. PID: 29905 SIG: 3
07-26 18:44:29.750 29905 29910 I dalvikvm: threadid=3: reacting to signal 3
07-26 18:44:29.800 29905 29910 I dalvikvm: Wrote stack traces to '/data/anr/traces.txt'
07-26 18:44:29.859   342   342 D SAN_SERVICE: *******************************************
07-26 18:44:29.859   342   342 D SAN_SERVICE: DM App Phone Service State - 0
07-26 18:44:29.859   342   342 D SAN_SERVICE: *******************************************
07-26 18:44:29.902   145   175 I ActivityManager: Displayed com.whatsapp/.Conversations: +669ms (total +829ms)
07-26 18:44:29.972 29184 29186 D dalvikvm: GC_CONCURRENT freed 364K, 6% free 9856K/10439K, paused 22ms+3ms
07-26 18:44:30.004 29905 31468 D dalvikvm: GC_FOR_ALLOC freed 83K, 4% free 10581K/11015K, paused 22ms
07-26 18:44:30.058 29724 29724 I PhoneLab-Locks: wake lock acquired
07-26 18:44:30.199   145   421 D dalvikvm: GC_EXPLICIT freed 1078K, 18% free 19394K/23495K, paused 4ms+11ms
07-26 18:44:30.203   342   342 D SAN_SERVICE: *******************************************
07-26 18:44:30.203   342   342 D SAN_SERVICE: DM App Phone Service State - 0
07-26 18:44:30.203   342   342 D SAN_SERVICE: *******************************************
07-26 18:44:30.234 29724 31469 I PhoneLab-PeriodicCheckService: User info is synched
07-26 18:44:30.238 29724 31469 I PhoneLab-PeriodicCheckService: Logger Service is running
07-26 18:44:30.242 29724 29724 I PhoneLab-Locks: wake lock acquired
07-26 18:44:30.246 29724 29724 I PhoneLab-StatusMonitor: Status Monitoring is started
07-26 18:44:30.246 29724 31469 I PhoneLab-Locks: wake lock acquired
07-26 18:44:30.250 29724 31469 I PhoneLab-PeriodicCheckService: Rescheduling periodic checking...
07-26 18:44:30.250 29724 31469 I PhoneLab-Locks: wake lock released
07-26 18:44:30.269 29724 29724 E PhoneLab-PhoneLabManifest: java.io.FileNotFoundException: /data/data/edu.buffalo.cse.phonelab.phonelabservices/files/manifest.xml: open failed: ENOENT (No such file or directory)
07-26 18:44:30.285 29724 29724 I PhoneLab-Locks: wake lock released
07-26 18:44:30.285 29724 29724 I PhoneLab-UploadLogs: Transfering log files now
07-26 18:44:30.437 29724 29727 D dalvikvm: GC_CONCURRENT freed 434K, 6% free 9230K/9735K, paused 6ms+2ms
07-26 18:44:30.457 29724 29724 D dalvikvm: GC_FOR_ALLOC freed 76K, 6% free 9277K/9863K, paused 16ms
07-26 18:44:30.457 29724 29724 I dalvikvm-heap: Grow heap (frag case) to 9.372MB for 254548-byte allocation
07-26 18:44:30.480 29724 29724 D dalvikvm: GC_FOR_ALLOC freed 120K, 8% free 9405K/10119K, paused 13ms
07-26 18:44:30.480 29724 29724 I dalvikvm-heap: Grow heap (frag case) to 9.747MB for 516692-byte allocation
07-26 18:44:30.507 29724 29727 D dalvikvm: GC_CONCURRENT freed 248K, 10% free 9661K/10631K, paused 2ms+2ms
07-26 18:44:30.511 29724 29724 I PhoneLab-UploadLogs: OnStartCommand
07-26 18:44:30.617 29724 31471 D dalvikvm: GC_FOR_ALLOC freed 383K, 10% free 9645K/10631K, paused 17ms
07-26 18:44:30.636 29724 31471 D dalvikvm: GC_FOR_ALLOC freed 301K, 10% free 9646K/10631K, paused 18ms
07-26 18:44:30.656   342   342 D SAN_SERVICE: *******************************************
07-26 18:44:30.656   342   342 D SAN_SERVICE: DM App Phone Service State - 0
07-26 18:44:30.656   342   342 D SAN_SERVICE: *******************************************
07-26 18:44:30.664 29724 31471 D dalvikvm: GC_FOR_ALLOC freed 301K, 10% free 9652K/10631K, paused 21ms
07-26 18:44:31.363   145   356 I ActivityManager: START {flg=0x14000000 cmp=com.whatsapp/.Conversation (has extras)} from pid 29905
07-26 18:44:31.683 29905 29905 D dalvikvm: GC_FOR_ALLOC freed 147K, 4% free 10857K/11207K, paused 28ms
07-26 18:44:31.718 29905 29905 D skia    : --- SkImageDecoder::Factory returned null
07-26 18:44:31.859   215   215 V PhoneStatusBar: setLightsOn(true)
07-26 18:44:31.906 31737 31740 D dalvikvm: GC_CONCURRENT freed 619K, 7% free 10904K/11655K, paused 8ms+4ms
07-26 18:44:31.925 29905 29908 D dalvikvm: GC_CONCURRENT freed 163K, 3% free 11298K/11591K, paused 5ms+4ms
07-26 18:44:31.992   145   161 I Process : Sending signal. PID: 29905 SIG: 3
07-26 18:44:31.992 29905 29910 I dalvikvm: threadid=3: reacting to signal 3
07-26 18:44:32.027 29905 29910 I dalvikvm: Wrote stack traces to '/data/anr/traces.txt'
07-26 18:44:32.414 29905 29908 D dalvikvm: GC_CONCURRENT freed 474K, 5% free 11571K/12167K, paused 2ms+4ms
07-26 18:44:32.492   145   161 I Process : Sending signal. PID: 29905 SIG: 3
07-26 18:44:32.492 29905 29910 I dalvikvm: threadid=3: reacting to signal 3
07-26 18:44:32.515 29905 29910 I dalvikvm: Wrote stack traces to '/data/anr/traces.txt'
07-26 18:44:32.566   145   175 I ActivityManager: Displayed com.whatsapp/.Conversation: +1s76ms
07-26 18:44:32.711   215   215 V PhoneStatusBar: setLightsOn(true)
07-26 18:44:32.789   321   323 D dalvikvm: GC_CONCURRENT freed 395K, 19% free 10149K/12487K, paused 5ms+15ms
07-26 18:44:33.039 31737 30619 D dalvikvm: GC_EXPLICIT freed 200K, 7% free 10871K/11655K, paused 5ms+11ms
07-26 18:44:33.109 29905 29908 D dalvikvm: GC_CONCURRENT freed 534K, 6% free 11847K/12487K, paused 8ms+5ms
07-26 18:44:33.355 29905 30329 D dalvikvm: GC_FOR_ALLOC freed 473K, 7% free 11984K/12871K, paused 30ms
07-26 18:44:33.461 29724 29724 I PhoneLab-: 1343341849492.log is deleted
07-26 18:44:33.461 29724 29724 I PhoneLab-: Response: {"data": "done", "err": ""}
07-26 18:44:33.472 29724 29724 I PhoneLab-UploadLogs: No log files to transfer
07-26 18:44:33.476 29724 29724 I PhoneLab-Locks: wake lock released
07-26 18:44:33.550 29905 29908 D dalvikvm: GC_CONCURRENT freed 359K, 4% free 12533K/12999K, paused 2ms+3ms
07-26 18:44:34.168 29905 29908 D dalvikvm: GC_CONCURRENT freed 444K, 5% free 13197K/13767K, paused 2ms+4ms
07-26 18:44:45.261   145   145 D AlarmManagerService: Kernel timezone updated to 240 minutes west of GMT
07-26 18:45:05.851   342   342 D SAN_SERVICE: *******************************************
07-26 18:45:05.851   342   342 D SAN_SERVICE: DM App Phone Service State - 0
07-26 18:45:05.851   342   342 D SAN_SERVICE: *******************************************
07-26 18:45:05.996   342   342 D SAN_SERVICE: *******************************************
07-26 18:45:05.996   342   342 D SAN_SERVICE: DM App Phone Service State - 0
07-26 18:45:05.996   342   342 D SAN_SERVICE: *******************************************
07-26 18:45:06.816   342   342 D SAN_SERVICE: *******************************************
07-26 18:45:06.816   342   342 D SAN_SERVICE: DM App Phone Service State - 0
07-26 18:45:06.816   342   342 D SAN_SERVICE: *******************************************
07-26 18:45:09.793   145   199 D DhcpInfoInternal: makeLinkProperties with empty dns2!
07-26 18:45:09.796   145   199 D DhcpInfoInternal: makeLinkProperties with empty dns2!
07-26 18:45:26.257   342   342 D SAN_SERVICE: *******************************************
07-26 18:45:26.257   342   342 D SAN_SERVICE: DM App Phone Service State - 0
07-26 18:45:26.257   342   342 D SAN_SERVICE: *******************************************
07-26 18:45:26.496   342   342 D SAN_SERVICE: *******************************************
07-26 18:45:26.496   342   342 D SAN_SERVICE: DM App Phone Service State - 0
07-26 18:45:26.496   342   342 D SAN_SERVICE: *******************************************
07-26 18:45:27.660 28346 28349 D dalvikvm: GC_CONCURRENT freed 495K, 8% free 10313K/11143K, paused 7ms+3ms
07-26 18:45:32.054   145   172 I power   : *** set_screen_state 0
07-26 18:45:32.117    78   121 D SurfaceFlinger: About to give-up screen, flinger = 0x749918
07-26 18:45:36.504   342   342 D SAN_SERVICE: *******************************************
07-26 18:45:36.504   342   342 D SAN_SERVICE: DM App Phone Service State - 0
07-26 18:45:36.504   342   342 D SAN_SERVICE: *******************************************
07-26 18:45:36.988   342   342 D SAN_SERVICE: *******************************************
07-26 18:45:36.988   342   342 D SAN_SERVICE: DM App Phone Service State - 0
07-26 18:45:36.988   342   342 D SAN_SERVICE: *******************************************
07-26 18:45:37.214   145   176 V TransportControlView: Create TCV com.android.internal.widget.TransportControlView@419d2d30
07-26 18:45:37.265   215   215 D PhoneStatusBar: disable: < expand icons alerts ticker system_info back home RECENT* clock >
07-26 18:45:37.304   215   215 D PhoneStatusBar: disable: < expand icons alerts ticker system_info BACK* HOME* RECENT CLOCK* >
07-26 18:45:37.398   145   147 D dalvikvm: GC_CONCURRENT freed 1852K, 18% free 19487K/23495K, paused 3ms+8ms
07-26 18:45:56.062 31240 31243 D dalvikvm: GC_CONCURRENT freed 509K, 6% free 11346K/11975K, paused 6ms+3ms
07-26 18:45:56.953   342   342 D SAN_SERVICE: *******************************************
07-26 18:45:56.953   342   342 D SAN_SERVICE: DM App Phone Service State - 0
07-26 18:45:56.953   342   342 D SAN_SERVICE: *******************************************
07-26 18:45:57.414   342   342 D SAN_SERVICE: *******************************************
07-26 18:45:57.414   342   342 D SAN_SERVICE: DM App Phone Service State - 0
07-26 18:45:57.414   342   342 D SAN_SERVICE: *******************************************
07-26 18:45:58.785 29724 29737 I PhoneLab-: Service Running
07-26 18:45:58.859 29724 29737 I PhoneLab-LoggerService: app_37    1300  1     1440   1000  c00f181c 400107b4 S logcat
07-26 18:45:58.859 29724 29737 I PhoneLab-LoggerService: Logcat pid from database 1300
07-26 18:45:58.859 29724 29737 I PhoneLab-LoggerService: Logcat process found 1300
07-26 18:45:58.859 29724 29737 I PhoneLab-LoggerService: Checking Threshold
07-26 18:45:58.863 29724 29737 I PhoneLab-: Service Running
07-26 18:45:58.898 29724 29727 D dalvikvm: GC_CONCURRENT freed 889K, 14% free 9180K/10631K, paused 3ms+6ms
07-26 18:45:58.914 29724 29737 I PhoneLab-LoggerService: app_37    1300  1     1440   1000  c00f181c 400107b4 S logcat
07-26 18:45:58.914 29724 29737 I PhoneLab-LoggerService: Logcat pid from database 1300
07-26 18:45:58.914 29724 29737 I PhoneLab-LoggerService: Logcat process found 1300
07-26 18:45:58.914 29724 29737 I PhoneLab-LoggerService: Checking Threshold
07-26 18:46:18.242   342   342 D SAN_SERVICE: *******************************************
07-26 18:46:18.242   342   342 D SAN_SERVICE: DM App Phone Service State - 0
07-26 18:46:18.242   342   342 D SAN_SERVICE: *******************************************
07-26 18:46:18.718   342   342 D SAN_SERVICE: *******************************************
07-26 18:46:18.718   342   342 D SAN_SERVICE: DM App Phone Service State - 0
07-26 18:46:18.718   342   342 D SAN_SERVICE: *******************************************
07-26 18:46:27.597 30205 30206 D dalvikvm: GC_CONCURRENT freed 520K, 13% free 10605K/12103K, paused 2ms+2ms
07-26 18:47:27.785   145  1302 D dalvikvm: GC_EXPLICIT freed 359K, 18% free 19467K/23495K, paused 3ms+6ms
07-26 18:47:27.851 28346 28349 D dalvikvm: GC_CONCURRENT freed 498K, 8% free 10321K/11143K, paused 2ms+3ms
07-26 18:47:34.164   342   342 D SAN_SERVICE: *******************************************
07-26 18:47:34.164   342   342 D SAN_SERVICE: DM App Phone Service State - 0
07-26 18:47:34.164   342   342 D SAN_SERVICE: *******************************************
07-26 18:47:34.480   342   342 D SAN_SERVICE: *******************************************
07-26 18:47:34.480   342   342 D SAN_SERVICE: DM App Phone Service State - 0
07-26 18:47:34.480   342   342 D SAN_SERVICE: *******************************************
07-26 18:47:34.707   145   199 D DhcpInfoInternal: makeLinkProperties with empty dns2!
07-26 18:47:34.711   145   199 D DhcpInfoInternal: makeLinkProperties with empty dns2!
07-26 18:48:03.043 25228 25242 D GetStringObjTask: retrieving from url = http://www.chess.com/api/get_move_status?id=5HHjW9WUGa%2Bcu1LUwnVJPxTIWxmEve4VdkRnRyg7b5Ch69JH2Z5aB%2B7eGuFw8K2uFx47KFsdE3JRdR3Mzv0PkZOj6eZ8N73BvxmEERrzXjMNRo80rkLyJAUTh0iqof4n
07-26 18:48:03.425 25228 25242 D GetStringObjTask: WebRequest SERVER RESPONSE: Success+0
07-26 18:48:03.449 29724 29737 I PhoneLab-: Service Running
07-26 18:48:03.476 29724 29737 I PhoneLab-LoggerService: app_37    1300  1     1440   1000  c00f181c 400107b4 S logcat
07-26 18:48:03.476 29724 29737 I PhoneLab-LoggerService: Logcat pid from database 1300
07-26 18:48:03.476 29724 29737 I PhoneLab-LoggerService: Logcat process found 1300
07-26 18:48:03.480 29724 29737 I PhoneLab-LoggerService: Checking Threshold
07-26 18:48:27.715 30205 30206 D dalvikvm: GC_CONCURRENT freed 523K, 13% free 10610K/12103K, paused 2ms+3ms
07-26 18:48:27.824 28346 28349 D dalvikvm: GC_CONCURRENT freed 443K, 7% free 10390K/11143K, paused 1ms+9ms
07-26 18:48:28.031 28346 28349 D dalvikvm: GC_CONCURRENT freed 326K, 6% free 10480K/11143K, paused 2ms+3ms
07-26 18:49:27.800 28346 28349 D dalvikvm: GC_CONCURRENT freed 646K, 8% free 10327K/11143K, paused 2ms+2ms
07-26 18:49:59.582   145   199 D DhcpInfoInternal: makeLinkProperties with empty dns2!
07-26 18:49:59.589   145   199 D DhcpInfoInternal: makeLinkProperties with empty dns2!
07-26 18:50:26.179 29724 29737 I PhoneLab-: Service Running
07-26 18:50:26.215 29724 29737 I PhoneLab-LoggerService: app_37    1300  1     1440   1000  c00f181c 400107b4 S logcat
07-26 18:50:26.215 29724 29737 I PhoneLab-LoggerService: Logcat pid from database 1300
07-26 18:50:26.215 29724 29737 I PhoneLab-LoggerService: Logcat process found 1300
07-26 18:50:26.215 29724 29737 I PhoneLab-LoggerService: Checking Threshold
07-26 18:50:26.215 29724 29737 I PhoneLab-: Service Running
07-26 18:50:26.242 29724 29737 I PhoneLab-LoggerService: app_37    1300  1     1440   1000  c00f181c 400107b4 S logcat
07-26 18:50:26.242 29724 29737 I PhoneLab-LoggerService: Logcat pid from database 1300
07-26 18:50:26.242 29724 29737 I PhoneLab-LoggerService: Logcat process found 1300
07-26 18:50:26.242 29724 29737 I PhoneLab-LoggerService: Checking Threshold
07-26 18:50:27.789 30205 30206 D dalvikvm: GC_CONCURRENT freed 529K, 13% free 10610K/12103K, paused 1ms+3ms
07-26 18:50:27.882 28346 28349 D dalvikvm: GC_CONCURRENT freed 435K, 8% free 10305K/11143K, paused 1ms+2ms
07-26 18:50:27.972 28346 28349 D dalvikvm: GC_CONCURRENT freed 337K, 7% free 10382K/11143K, paused 2ms+3ms
07-26 18:50:28.324   342   342 D SAN_SERVICE: *******************************************
07-26 18:50:28.328   342   342 D SAN_SERVICE: DM App Phone Service State - 0
07-26 18:50:28.328   342   342 D SAN_SERVICE: *******************************************
07-26 18:50:28.547   342   342 D SAN_SERVICE: *******************************************
07-26 18:50:28.547   342   342 D SAN_SERVICE: DM App Phone Service State - 0
07-26 18:50:28.547   342   342 D SAN_SERVICE: *******************************************
07-26 18:50:29.078   342   342 D SAN_SERVICE: *******************************************
07-26 18:50:29.078   342   342 D SAN_SERVICE: DM App Phone Service State - 0
07-26 18:50:29.078   342   342 D SAN_SERVICE: *******************************************
07-26 18:50:58.953   342   342 D SAN_SERVICE: *******************************************
07-26 18:50:58.953   342   342 D SAN_SERVICE: DM App Phone Service State - 0
07-26 18:50:58.957   342   342 D SAN_SERVICE: *******************************************
07-26 18:50:59.285   342   342 D SAN_SERVICE: *******************************************
07-26 18:50:59.285   342   342 D SAN_SERVICE: DM App Phone Service State - 0
07-26 18:50:59.285   342   342 D SAN_SERVICE: *******************************************
07-26 18:50:59.488   342   342 D SAN_SERVICE: *******************************************
07-26 18:50:59.488   342   342 D SAN_SERVICE: DM App Phone Service State - 0
07-26 18:50:59.488   342   342 D SAN_SERVICE: *******************************************
07-26 18:51:00.254 31240 31243 D dalvikvm: GC_CONCURRENT freed 647K, 7% free 11399K/12167K, paused 4ms+3ms
07-26 18:51:27.898 28346 28349 D dalvikvm: GC_CONCURRENT freed 555K, 8% free 10329K/11143K, paused 5ms+3ms
07-26 18:52:05.629   342   342 D SAN_SERVICE: *******************************************
07-26 18:52:05.629   342   342 D SAN_SERVICE: DM App Phone Service State - 0
07-26 18:52:05.629   342   342 D SAN_SERVICE: *******************************************
07-26 18:52:06.039   145   169 I ActivityManager: Start proc com.google.android.apps.currents for service com.google.android.apps.currents/com.google.apps.dots.android.app.service.SyncService: pid=31554 uid=10078 gids={3003, 1015}
07-26 18:52:06.390   342   342 D SAN_SERVICE: *******************************************
07-26 18:52:06.390   342   342 D SAN_SERVICE: DM App Phone Service State - 0
07-26 18:52:06.390   342   342 D SAN_SERVICE: *******************************************
07-26 18:52:06.421 31554 31554 I ActivityThread: Pub com.google.apps.dots.android.app.provider.SuggestionProvider: com.google.apps.dots.android.app.provider.SuggestionProvider
07-26 18:52:06.453 31554 31554 I ActivityThread: Pub com.google.android.apps.currents.exported: com.google.apps.dots.android.app.provider.ExportedContentProvider
07-26 18:52:06.531 31554 31556 D dalvikvm: GC_CONCURRENT freed 170K, 3% free 9365K/9607K, paused 15ms+2ms
07-26 18:52:06.593 31554 31556 D dalvikvm: GC_CONCURRENT freed 262K, 5% free 9585K/9991K, paused 1ms+2ms
07-26 18:52:06.699 31554 31556 D dalvikvm: GC_CONCURRENT freed 235K, 4% free 9828K/10183K, paused 1ms+2ms
07-26 18:52:06.828 31554 31556 D dalvikvm: GC_CONCURRENT freed 233K, 4% free 10075K/10439K, paused 2ms+2ms
07-26 18:52:06.863 31554 31554 I DotsContentUris: content://com.google.android.apps.currents
07-26 18:52:06.890 31554 31554 I ActivityThread: Pub com.google.android.apps.currents: com.google.apps.dots.android.app.provider.DotsContentProvider
07-26 18:52:06.902 31554 31554 I DotsApplication: Starting up...
07-26 18:52:07.160 31554 31556 D dalvikvm: GC_CONCURRENT freed 406K, 5% free 10142K/10631K, paused 3ms+3ms
07-26 18:52:07.539 31554 31556 D dalvikvm: GC_CONCURRENT freed 314K, 4% free 10342K/10759K, paused 3ms+3ms
07-26 18:52:07.570 31554 31574 I SyncService: Starting sync (18:52:07)
07-26 18:52:10.211 31554 31556 D dalvikvm: GC_CONCURRENT freed 288K, 4% free 10470K/10887K, paused 2ms+3ms
07-26 18:52:10.449 31554 31556 D dalvikvm: GC_CONCURRENT freed 231K, 4% free 10668K/11015K, paused 2ms+3ms
07-26 18:52:10.543 31554 31556 D dalvikvm: GC_CONCURRENT freed 485K, 7% free 10655K/11335K, paused 2ms+2ms
07-26 18:52:10.601   145 22258 I ActivityManager: Process android.process.media (pid 29977) has died.
07-26 18:52:10.988 31554 31556 D dalvikvm: GC_CONCURRENT freed 374K, 6% free 10697K/11335K, paused 2ms+2ms
07-26 18:52:11.351 31554 31556 D dalvikvm: GC_CONCURRENT freed 382K, 6% free 10761K/11335K, paused 4ms+10ms
07-26 18:52:12.476   145   363 D SyncManager: setSyncAutomatically: , provider com.google.android.apps.currents -> true
07-26 18:52:12.476   145   363 D SyncManager: setSyncAutomatically: already set to true, doing nothing
07-26 18:52:12.773 31554 31556 D dalvikvm: GC_CONCURRENT freed 358K, 5% free 10909K/11463K, paused 1ms+3ms
07-26 18:52:12.925 31554 31556 D dalvikvm: GC_CONCURRENT freed 271K, 4% free 11188K/11591K, paused 2ms+3ms
07-26 18:52:13.125 31554 31556 D dalvikvm: GC_CONCURRENT freed 303K, 4% free 11542K/11975K, paused 2ms+3ms
07-26 18:52:13.296   145 21503 D dalvikvm: GC_EXPLICIT freed 1120K, 18% free 19390K/23495K, paused 8ms+8ms
07-26 18:52:13.539 31554 31556 D dalvikvm: GC_CONCURRENT freed 1081K, 10% free 11224K/12423K, paused 3ms+3ms
07-26 18:52:14.101   145   156 I ActivityManager: Process com.google.android.apps.uploader (pid 30088) has died.
07-26 18:52:14.589 31554 31556 D dalvikvm: GC_CONCURRENT freed 576K, 10% free 11260K/12423K, paused 5ms+2ms
07-26 18:52:15.714 31554 31556 D dalvikvm: GC_CONCURRENT freed 606K, 10% free 11291K/12423K, paused 2ms+3ms
07-26 18:52:15.754   342   342 D SAN_SERVICE: *******************************************
07-26 18:52:15.754   342   342 D SAN_SERVICE: DM App Phone Service State - 0
07-26 18:52:15.754   342   342 D SAN_SERVICE: *******************************************
07-26 18:52:15.902 31554 31556 D dalvikvm: GC_CONCURRENT freed 646K, 10% free 11275K/12423K, paused 1ms+2ms
07-26 18:52:16.050 31554 31556 D dalvikvm: GC_CONCURRENT freed 607K, 9% free 11335K/12423K, paused 2ms+2ms
07-26 18:52:17.289 31554 31556 D dalvikvm: GC_CONCURRENT freed 714K, 10% free 11267K/12423K, paused 2ms+2ms
07-26 18:52:17.886 31554 31556 D dalvikvm: GC_CONCURRENT freed 646K, 10% free 11253K/12423K, paused 3ms+5ms
07-26 18:52:18.304 31554 31556 D dalvikvm: GC_CONCURRENT freed 630K, 10% free 11264K/12423K, paused 2ms+3ms
07-26 18:52:18.457 31554 31556 D dalvikvm: GC_CONCURRENT freed 595K, 9% free 11331K/12423K, paused 2ms+3ms
07-26 18:52:18.593 31554 31556 D dalvikvm: GC_CONCURRENT freed 652K, 9% free 11357K/12423K, paused 2ms+2ms
07-26 18:52:18.726 31554 31556 D dalvikvm: GC_CONCURRENT freed 643K, 9% free 11367K/12423K, paused 2ms+2ms
07-26 18:52:19.586 31554 31556 D dalvikvm: GC_CONCURRENT freed 714K, 9% free 11326K/12423K, paused 2ms+3ms
07-26 18:52:20.019 31554 31556 D dalvikvm: GC_CONCURRENT freed 657K, 9% free 11311K/12423K, paused 1ms+3ms
07-26 18:52:20.152 31554 31556 D dalvikvm: GC_CONCURRENT freed 632K, 9% free 11345K/12423K, paused 2ms+3ms
07-26 18:52:20.406   145   157 I ActivityManager: Process com.android.deskclock (pid 29212) has died.
07-26 18:52:21.574   145   363 D dalvikvm: GC_EXPLICIT freed 1580K, 18% free 19314K/23495K, paused 32ms+7ms
07-26 18:52:21.683 31554 31556 D dalvikvm: GC_CONCURRENT freed 641K, 9% free 11352K/12423K, paused 5ms+12ms
07-26 18:52:22.273 31554 31556 D dalvikvm: GC_CONCURRENT freed 684K, 9% free 11325K/12423K, paused 2ms+8ms
07-26 18:52:22.414 31554 31556 D dalvikvm: GC_CONCURRENT freed 621K, 9% free 11378K/12423K, paused 2ms+3ms
07-26 18:52:22.546 31554 31556 D dalvikvm: GC_CONCURRENT freed 668K, 9% free 11406K/12423K, paused 2ms+3ms
07-26 18:52:26.285 31554 31556 D dalvikvm: GC_CONCURRENT freed 748K, 9% free 11330K/12423K, paused 2ms+3ms
07-26 18:52:26.386   145   199 D DhcpInfoInternal: makeLinkProperties with empty dns2!
07-26 18:52:26.386   145   199 D DhcpInfoInternal: makeLinkProperties with empty dns2!
07-26 18:52:26.824 31554 31556 D dalvikvm: GC_CONCURRENT freed 639K, 9% free 11335K/12423K, paused 2ms+2ms
07-26 18:52:26.972 31554 31577 D dalvikvm: GC_EXPLICIT freed 106K, 9% free 11317K/12423K, paused 8ms+3ms
07-26 18:52:27.082 30205 30206 D dalvikvm: GC_CONCURRENT freed 395K, 13% free 10622K/12103K, paused 20ms+3ms
07-26 18:52:27.734 31554 31556 D dalvikvm: GC_CONCURRENT freed 633K, 9% free 11343K/12423K, paused 2ms+2ms
07-26 18:52:28.168 28346 28349 D dalvikvm: GC_CONCURRENT freed 412K, 8% free 10344K/11143K, paused 20ms+3ms
07-26 18:52:28.359 31554 31556 D dalvikvm: GC_CONCURRENT freed 630K, 9% free 11374K/12423K, paused 2ms+3ms
07-26 18:52:28.504 31554 31556 D dalvikvm: GC_CONCURRENT freed 648K, 9% free 11393K/12423K, paused 2ms+2ms
07-26 18:52:30.296 31554 31556 D dalvikvm: GC_CONCURRENT freed 748K, 9% free 11328K/12423K, paused 2ms+3ms
07-26 18:52:30.546 31554 31556 D dalvikvm: GC_CONCURRENT freed 606K, 9% free 11366K/12423K, paused 3ms+3ms
07-26 18:52:31.281 31554 31556 D dalvikvm: GC_CONCURRENT freed 661K, 9% free 11364K/12423K, paused 2ms+2ms
07-26 18:52:31.410 31554 31556 D dalvikvm: GC_CONCURRENT freed 633K, 9% free 11408K/12423K, paused 1ms+2ms
07-26 18:52:31.550 31554 31556 D dalvikvm: GC_CONCURRENT freed 659K, 8% free 11438K/12423K, paused 2ms+3ms
07-26 18:52:31.812   145   423 D dalvikvm: GC_EXPLICIT freed 393K, 18% free 19315K/23495K, paused 2ms+7ms
07-26 18:52:32.429 31554 31556 D dalvikvm: GC_CONCURRENT freed 737K, 9% free 11378K/12423K, paused 2ms+3ms
07-26 18:52:32.933 31554 31556 D dalvikvm: GC_CONCURRENT freed 670K, 9% free 11371K/12423K, paused 1ms+2ms
07-26 18:52:33.078 31554 31556 D dalvikvm: GC_CONCURRENT freed 644K, 9% free 11412K/12423K, paused 2ms+2ms
07-26 18:52:33.531 31554 31556 D dalvikvm: GC_CONCURRENT freed 657K, 9% free 11427K/12423K, paused 14ms+3ms
07-26 18:52:33.816 31554 31556 D dalvikvm: GC_CONCURRENT freed 517K, 7% free 11598K/12423K, paused 2ms+3ms
07-26 18:52:34.742 31554 31556 D dalvikvm: GC_CONCURRENT freed 967K, 10% free 11414K/12551K, paused 2ms+3ms
07-26 18:52:35.769 31554 31556 D dalvikvm: GC_CONCURRENT freed 707K, 10% free 11412K/12551K, paused 2ms+3ms
07-26 18:52:35.894 31554 31556 D dalvikvm: GC_CONCURRENT freed 648K, 9% free 11445K/12551K, paused 5ms+2ms
07-26 18:52:36.535   342   342 D SAN_SERVICE: *******************************************
07-26 18:52:36.535   342   342 D SAN_SERVICE: DM App Phone Service State - 0
07-26 18:52:36.535   342   342 D SAN_SERVICE: *******************************************
07-26 18:52:36.570 31554 31556 D dalvikvm: GC_CONCURRENT freed 773K, 10% free 11357K/12551K, paused 2ms+2ms
07-26 18:52:36.691 31554 31556 D dalvikvm: GC_CONCURRENT freed 556K, 9% free 11461K/12551K, paused 2ms+3ms
07-26 18:52:36.769   342   342 D SAN_SERVICE: *******************************************
07-26 18:52:36.769   342   342 D SAN_SERVICE: DM App Phone Service State - 0
07-26 18:52:36.769   342   342 D SAN_SERVICE: *******************************************
07-26 18:52:36.832 31554 31556 D dalvikvm: GC_CONCURRENT freed 628K, 9% free 11523K/12551K, paused 2ms+2ms
07-26 18:52:39.601 31554 31556 D dalvikvm: GC_CONCURRENT freed 770K, 9% free 11490K/12551K, paused 1ms+4ms
07-26 18:52:39.718 31554 31556 D dalvikvm: GC_CONCURRENT freed 655K, 8% free 11551K/12551K, paused 2ms+2ms
07-26 18:52:39.765   145 22258 I ActivityManager: Process com.google.android.apps.plus (pid 29959) has died.
07-26 18:52:41.320 31554 31556 D dalvikvm: GC_CONCURRENT freed 846K, 9% free 11429K/12551K, paused 1ms+3ms
07-26 18:52:41.617 31554 31556 D dalvikvm: GC_CONCURRENT freed 683K, 9% free 11442K/12551K, paused 2ms+3ms
07-26 18:52:41.925 31554 31556 D dalvikvm: GC_CONCURRENT freed 709K, 9% free 11436K/12551K, paused 4ms+2ms
07-26 18:52:42.183 31554 31556 D dalvikvm: GC_CONCURRENT freed 616K, 9% free 11520K/12551K, paused 2ms+3ms
07-26 18:52:42.308 31554 31556 D dalvikvm: GC_CONCURRENT freed 548K, 7% free 11711K/12551K, paused 2ms+3ms
07-26 18:52:42.472 31554 31556 D dalvikvm: GC_CONCURRENT freed 664K, 7% free 11901K/12679K, paused 3ms+3ms
07-26 18:52:42.652 31554 31556 D dalvikvm: GC_CONCURRENT freed 1374K, 12% free 11369K/12871K, paused 2ms+3ms
07-26 18:52:42.812 31554 31556 D dalvikvm: GC_CONCURRENT freed 629K, 12% free 11415K/12871K, paused 2ms+2ms
07-26 18:52:44.734 31554 31574 I SyncService: sync service finished (18:52:44)
07-26 18:53:26.043 25228 25539 D GetStringObjTask: retrieving from url = http://www.chess.com/api/get_move_status?id=5HHjW9WUGa%2Bcu1LUwnVJPxTIWxmEve4VdkRnRyg7b5Ch69JH2Z5aB%2B7eGuFw8K2uFx47KFsdE3JRdR3Mzv0PkZOj6eZ8N73BvxmEERrzXjMNRo80rkLyJAUTh0iqof4n
07-26 18:53:26.281 21345 21345 D OpenGLRenderer: Flushing caches (mode 2)
07-26 18:53:26.410 21345 21345 D OpenGLRenderer: Flushing caches (mode 0)
07-26 18:53:26.504 25228 25539 D GetStringObjTask: WebRequest SERVER RESPONSE: Success+0
07-26 18:53:27.476   342   342 D SAN_SERVICE: *******************************************
07-26 18:53:27.476   342   342 D SAN_SERVICE: DM App Phone Service State - 0
07-26 18:53:27.476   342   342 D SAN_SERVICE: *******************************************
07-26 18:53:27.679   342   342 D SAN_SERVICE: *******************************************
07-26 18:53:27.679   342   342 D SAN_SERVICE: DM App Phone Service State - 0
07-26 18:53:27.683   342   342 D SAN_SERVICE: *******************************************
07-26 18:53:27.902 30205 30206 D dalvikvm: GC_CONCURRENT freed 532K, 13% free 10622K/12103K, paused 2ms+2ms
07-26 18:53:28.011 28346 28349 D dalvikvm: GC_CONCURRENT freed 404K, 8% free 10332K/11143K, paused 2ms+2ms
07-26 18:53:28.215   342   342 D SAN_SERVICE: *******************************************
07-26 18:53:28.215   342   342 D SAN_SERVICE: DM App Phone Service State - 0
07-26 18:53:28.215   342   342 D SAN_SERVICE: *******************************************
07-26 18:54:27.992 28346 28349 D dalvikvm: GC_CONCURRENT freed 388K, 8% free 10355K/11143K, paused 1ms+2ms
07-26 18:54:51.277   145   199 D DhcpInfoInternal: makeLinkProperties with empty dns2!
07-26 18:54:51.281   145   199 D DhcpInfoInternal: makeLinkProperties with empty dns2!
07-26 18:54:54.218   145   174 I ActivityManager: Start proc com.google.android.maps.mytracks for service com.google.android.maps.mytracks/com.google.android.apps.mytracks.services.RemoveTempFilesService: pid=31631 uid=10072 gids={3002, 3001, 3003, 1015}
07-26 18:54:54.261   145   174 I ActivityManager: Start proc com.google.android.apps.plus for service com.google.android.apps.plus/.service.EsService: pid=31638 uid=10060 gids={3003, 3002, 1015, 1006}
07-26 18:55:27.379 31631 31631 I ActivityThread: Pub com.google.android.maps.mytracks.search: com.google.android.apps.mytracks.content.SearchEngineProvider
07-26 18:55:27.390 31631 31631 I ActivityThread: Pub com.google.android.maps.mytracks: com.google.android.apps.mytracks.content.MyTracksProvider
07-26 18:55:27.437 31631 31631 D MyTracks: Enabling strict mode
07-26 18:55:27.562 31638 31640 D dalvikvm: GC_CONCURRENT freed 166K, 3% free 9369K/9607K, paused 27ms+8ms
07-26 18:55:27.636 31631 31633 D dalvikvm: GC_CONCURRENT freed 331K, 5% free 9189K/9607K, paused 2ms+11ms
07-26 18:55:27.683 31631 31631 D StrictMode: StrictMode policy violation; ~duration=190 ms: android.os.StrictMode$StrictModeDiskWriteViolation: policy=21 violation=1
07-26 18:55:27.683 31631 31631 D StrictMode: 	at android.os.StrictMode$AndroidBlockGuardPolicy.onWriteToDisk(StrictMode.java:1063)
07-26 18:55:27.683 31631 31631 D StrictMode: 	at android.database.sqlite.SQLiteStatement.acquireAndLock(SQLiteStatement.java:226)
07-26 18:55:27.683 31631 31631 D StrictMode: 	at android.database.sqlite.SQLiteStatement.executeUpdateDelete(SQLiteStatement.java:84)
07-26 18:55:27.683 31631 31631 D StrictMode: 	at android.database.sqlite.SQLiteDatabase.executeSql(SQLiteDatabase.java:1899)
07-26 18:55:27.683 31631 31631 D StrictMode: 	at android.database.sqlite.SQLiteDatabase.execSQL(SQLiteDatabase.java:1839)
07-26 18:55:27.683 31631 31631 D StrictMode: 	at android.database.sqlite.SQLiteDatabase.setPageSize(SQLiteDatabase.java:1297)
07-26 18:55:27.683 31631 31631 D StrictMode: 	at android.database.sqlite.SQLiteDatabase.openDatabase(SQLiteDatabase.java:995)
07-26 18:55:27.683 31631 31631 D StrictMode: 	at android.database.sqlite.SQLiteDatabase.openOrCreateDatabase(SQLiteDatabase.java:1051)
07-26 18:55:27.683 31631 31631 D StrictMode: 	at android.app.ContextImpl.openOrCreateDatabase(ContextImpl.java:770)
07-26 18:55:27.683 31631 31631 D StrictMode: 	at android.content.ContextWrapper.openOrCreateDatabase(ContextWrapper.java:221)
07-26 18:55:27.683 31631 31631 D StrictMode: 	at android.database.sqlite.SQLiteOpenHelper.getWritableDatabase(SQLiteOpenHelper.java:157)
07-26 18:55:27.683 31631 31631 D StrictMode: 	at com.google.android.apps.analytics.v.<init>(Unknown Source)
07-26 18:55:27.683 31631 31631 D StrictMode: 	at com.google.android.apps.analytics.v.<init>(Unknown Source)
07-26 18:55:27.683 31631 31631 D StrictMode: 	at com.google.android.apps.analytics.i.a(Unknown Source)
07-26 18:55:27.683 31631 31631 D StrictMode: 	at com.google.android.apps.mytracks.b.a.a(MT:43)
07-26 18:55:27.683 31631 31631 D StrictMode: 	at com.google.android.apps.mytracks.MyTracksApplication.onCreate(MT:42)
07-26 18:55:27.683 31631 31631 D StrictMode: 	at android.app.Instrumentation.callApplicationOnCreate(Instrumentation.java:969)
07-26 18:55:27.683 31631 31631 D StrictMode: 	at android.app.ActivityThread.handleBindApplication(ActivityThread.java:3954)
07-26 18:55:27.683 31631 31631 D StrictMode: 	at android.app.ActivityThread.access$1300(ActivityThread.java:123)
07-26 18:55:27.683 31631 31631 D StrictMode: 	at android.app.ActivityThread$H.handleMessage(ActivityThread.java:1185)
07-26 18:55:27.683 31631 31631 D StrictMode: 	at android.os.Handler.dispatchMessage(Handler.java:99)
07-26 18:55:27.683 31631 31631 D StrictMode: 	at android.os.Looper.loop(Looper.java:137)
07-26 18:55:27.683 31631 31631 D StrictMode: 	at android.app.ActivityThread.main(ActivityThread.java:4424)
07-26 18:55:27.683 31631 31631 D StrictMode: 	at java.lang.reflect.Method.invokeNative(Native Method)
07-26 18:55:27.683 31631 31631 D StrictMode: 	at java.lang.reflect.Method.invoke(Method.java:511)
07-26 18:55:27.683 31631 31631 D StrictMode: 	at com.android.internal.os.ZygoteInit$MethodAndArgsCaller.run(ZygoteInit.java:784)
07-26 18:55:27.683 31631 31631 D StrictMode: 	at com.android.internal.os.ZygoteInit.main(ZygoteInit.java:551)
07-26 18:55:27.683 31631 31631 D StrictMode: 	at dalvik.system.NativeStart.main(Native Method)
07-26 18:55:27.683 31631 31631 D StrictMode: StrictMode policy violation; ~duration=143 ms: android.os.StrictMode$StrictModeDiskWriteViolation: policy=21 violation=1
07-26 18:55:27.683 31631 31631 D StrictMode: 	at android.os.StrictMode$AndroidBlockGuardPolicy.onWriteToDisk(StrictMode.java:1063)
07-26 18:55:27.683 31631 31631 D StrictMode: 	at android.database.sqlite.SQLiteStatement.acquireAndLock(SQLiteStatement.java:226)
07-26 18:55:27.683 31631 31631 D StrictMode: 	at android.database.sqlite.SQLiteStatement.executeUpdateDelete(SQLiteStatement.java:84)
07-26 18:55:27.683 31631 31631 D StrictMode: 	at android.database.sqlite.SQLiteDatabase.executeSql(SQLiteDatabase.java:1899)
07-26 18:55:27.683 31631 31631 D StrictMode: 	at android.database.sqlite.SQLiteDatabase.execSQL(SQLiteDatabase.java:1839)
07-26 18:55:27.683 31631 31631 D StrictMode: 	at android.database.sqlite.SQLiteDatabase.beginTransaction(SQLiteDatabase.java:659)
07-26 18:55:27.683 31631 31631 D StrictMode: 	at android.database.sqlite.SQLiteDatabase.beginTransaction(SQLiteDatabase.java:552)
07-26 18:55:27.683 31631 31631 D StrictMode: 	at com.google.android.apps.analytics.v.a(Unknown Source)
07-26 18:55:27.683 31631 31631 D StrictMode: 	at com.google.android.apps.analytics.i.a(Unknown Source)
07-26 18:55:27.683 31631 31631 D StrictMode: 	at com.google.android.apps.mytracks.b.a.a(MT:45)
07-26 18:55:27.683 31631 31631 D StrictMode: 	at com.google.android.apps.mytracks.MyTracksApplication.onCreate(MT:42)
07-26 18:55:27.683 31631 31631 D StrictMode: 	at android.app.Instrumentation.callApplicationOnCreate(Instrumentation.java:969)
07-26 18:55:27.683 31631 31631 D StrictMode: 	at android.app.ActivityThread.handleBindApplication(ActivityThread.java:3954)
07-26 18:55:27.683 31631 31631 D StrictMode: 	at android.app.ActivityThread.access$1300(ActivityThread.java:123)
07-26 18:55:27.683 31631 31631 D StrictMode: 	at android.app.ActivityThread$H.handleMessage(ActivityThread.java:1185)
07-26 18:55:27.683 31631 31631 D StrictMode: 	at android.os.Handler.dispatchMessage(Handler.java:99)
07-26 18:55:27.683 31631 31631 D StrictMode: 	at android.os.Looper.loop(Looper.java:137)
07-26 18:55:27.683 31631 31631 D StrictMode: 	at android.app.ActivityThread.main(ActivityThread.java:4424)
07-26 18:55:27.683 31631 31631 D StrictMode: 	at java.lang.reflect.Method.invokeNative(Native Method)
07-26 18:55:27.683 31631 31631 D StrictMode: 	at java.lang.reflect.Method.invoke(Method.java:511)
07-26 18:55:27.683 31631 31631 D StrictMode: 	at com.android.internal.os.ZygoteInit$MethodAndArgsCaller.run(ZygoteInit.java:784)
07-26 18:55:27.683 31631 31631 D StrictMode: 	at com.android.internal.os.ZygoteInit.main(ZygoteInit.java:551)
07-26 18:55:27.683 31631 31631 D StrictMode: 	at dalvik.system.NativeStart.main(Native Method)
07-26 18:55:27.683 31631 31631 D StrictMode: StrictMode policy violation; ~duration=141 ms: android.os.StrictMode$StrictModeDiskWriteViolation: policy=21 violation=1
07-26 18:55:27.683 31631 31631 D StrictMode: 	at android.os.StrictMode$AndroidBlockGuardPolicy.onWriteToDisk(StrictMode.java:1063)
07-26 18:55:27.683 31631 31631 D StrictMode: 	at android.database.sqlite.SQLiteStatement.acquireAndLock(SQLiteStatement.java:226)
07-26 18:55:27.683 31631 31631 D StrictMode: 	at android.database.sqlite.SQLiteStatement.executeUpdateDelete(SQLiteStatement.java:84)
07-26 18:55:27.683 31631 31631 D StrictMode: 	at android.database.sqlite.SQLiteDatabase.delete(SQLiteDatabase.java:1741)
07-26 18:55:27.683 31631 31631 D StrictMode: 	at com.google.android.apps.analytics.v.a(Unknown Source)
07-26 18:55:27.683 31631 31631 D StrictMode: 	at com.google.android.apps.analytics.i.a(Unknown Source)
07-26 18:55:27.683 31631 31631 D StrictMode: 	at com.google.android.apps.mytracks.b.a.a(MT:45)
07-26 18:55:27.683 31631 31631 D StrictMode: 	at com.google.android.apps.mytracks.MyTracksApplication.onCreate(MT:42)
07-26 18:55:27.683 31631 31631 D StrictMode: 	at android.app.Instrumentation.callApplicationOnCreate(Instrumentation.java:969)
07-26 18:55:27.683 31631 31631 D StrictMode: 	at android.app.ActivityThread.handleBindApplication(ActivityThread.java:3954)
07-26 18:55:27.683 31631 31631 D StrictMode: 	at android.app.ActivityThread.access$1300(ActivityThread.java:123)
07-26 18:55:27.683 31631 31631 D StrictMode: 	at android.app.ActivityThread$H.handleMessage(ActivityThread.java:1185)
07-26 18:55:27.683 31631 31631 D StrictMode: 	at android.os.Handler.dispatchMessage(Handler.java:99)
07-26 18:55:27.683 31631 31631 D StrictMode: 	at android.os.Looper.loop(Looper.java:137)
07-26 18:55:27.683 31631 31631 D StrictMode: 	at android.app.ActivityThread.main(ActivityThread.java:4424)
07-26 18:55:27.683 31631 31631 D StrictMode: 	at java.lang.reflect.Method.invokeNative(Native Method)
07-26 18:55:27.683 31631 31631 D StrictMode: 	at java.lang.reflect.Method.invoke(Method.java:511)
07-26 18:55:27.683 31631 31631 D StrictMode: 	at com.android.internal.os.ZygoteInit$MethodAndArgsCaller.run(ZygoteInit.java:784)
07-26 18:55:27.683 31631 31631 D StrictMode: 	at com.android.internal.os.ZygoteInit.main(ZygoteInit.java:551)
07-26 18:55:27.683 31631 31631 D StrictMode: 	at dalvik.system.NativeStart.main(Native Method)
07-26 18:55:27.683 31631 31631 D StrictMode: StrictMode policy violation; ~duration=130 ms: android.os.StrictMode$StrictModeDiskWriteViolation: policy=21 violation=1
07-26 18:55:27.683 31631 31631 D StrictMode: 	at android.os.StrictMode$AndroidBlockGuardPolicy.onWriteToDisk(StrictMode.java:1063)
07-26 18:55:27.683 31631 31631 D StrictMode: 	at android.database.sqlite.SQLiteStatement.acquireAndLock(SQLiteStatement.java:226)
07-26 18:55:27.683 31631 31631 D StrictMode: 	at android.database.sqlite.SQLiteStatement.executeInsert(SQLiteStatement.java:112)
07-26 18:55:27.683 31631 31631 D StrictMode: 	at android.database.sqlite.SQLiteDatabase.insertWithOnConflict(SQLiteDatabase.java:1718)
07-26 18:55:27.683 31631 31631 D StrictMode: 	at android.database.sqlite.SQLiteDatabase.insert(SQLiteDatabase.java:1591)
07-26 18:55:27.683 31631 31631 D StrictMode: 	at com.google.android.apps.analytics.v.a(Unknown Source)
07-26 18:55:27.683 31631 31631 D StrictMode: 	at com.google.android.apps.analytics.i.a(Unknown Source)
07-26 18:55:27.683 31631 31631 D StrictMode: 	at com.google.android.apps.mytracks.b.a.a(MT:45)
07-26 18:55:27.683 31631 31631 D StrictMode: 	at com.google.android.apps.mytracks.MyTracksApplication.onCreate(MT:42)
07-26 18:55:27.683 31631 31631 D StrictMode: 	at android.app.Instrumentation.callApplicationOnCreate(Instrumentation.java:969)
07-26 18:55:27.683 31631 31631 D StrictMode: 	at android.app.ActivityThread.handleBindApplication(ActivityThread.java:3954)
07-26 18:55:27.683 31631 31631 D StrictMode: 	at android.app.ActivityThread.access$1300(ActivityThread.java:123)
07-26 18:55:27.683 31631 31631 D StrictMode: 	at android.app.ActivityThread$H.handleMessage(ActivityThread.java:1185)
07-26 18:55:27.683 31631 31631 D StrictMode: 	at android.os.Handler.dispatchMessage(Handler.java:99)
07-26 18:55:27.683 31631 31631 D StrictMode: 	at android.os.Looper.loop(Looper.java:137)
07-26 18:55:27.683 31631 31631 D StrictMode: 	at android.app.ActivityThread.main(ActivityThread.java:4424)
07-26 18:55:27.683 31631 31631 D StrictMode: 	at java.lang.reflect.Method.invokeNative(Native Method)
07-26 18:55:27.683 31631 31631 D StrictMode: 	at java.lang.reflect.Method.invoke(Method.java:511)
07-26 18:55:27.683 31631 31631 D StrictMode: 	at com.android.internal.os.ZygoteInit$MethodAndArgsCaller.run(ZygoteInit.java:784)
07-26 18:55:27.683 31631 31631 D StrictMode: 	at com.android.internal.os.ZygoteInit.main(ZygoteInit.java:551)
07-26 18:55:27.683 31631 31631 D StrictMode: 	at dalvik.system.NativeStart.main(Native Method)
07-26 18:55:27.683 31631 31631 D StrictMode: StrictMode policy violation; ~duration=102 ms: android.os.StrictMode$StrictModeDiskWriteViolation: policy=21 violation=1
07-26 18:55:27.683 31631 31631 D StrictMode: 	at android.os.StrictMode$AndroidBlockGuardPolicy.onWriteToDisk(StrictMode.java:1063)
07-26 18:55:27.683 31631 31631 D StrictMode: 	at android.database.sqlite.SQLiteStatement.acquireAndLock(SQLiteStatement.java:226)
07-26 18:55:27.683 31631 31631 D StrictMode: 	at android.database.sqlite.SQLiteStatement.executeInsert(SQLiteStatement.java:112)
07-26 18:55:27.683 31631 31631 D StrictMode: 	at android.database.sqlite.SQLiteDatabase.insertWithOnConflict(SQLiteDatabase.java:1718)
07-26 18:55:27.683 31631 31631 D StrictMode: 	at android.database.sqlite.SQLiteDatabase.insert(SQLiteDatabase.java:1591)
07-26 18:55:27.683 31631 31631 D StrictMode: 	at com.google.android.apps.analytics.v.a(Unknown Source)
07-26 18:55:27.683 31631 31631 D StrictMode: 	at com.google.android.apps.analytics.v.a(Unknown Source)
07-26 18:55:27.683 31631 31631 D StrictMode: 	at com.google.android.apps.analytics.v.a(Unknown Source)
07-26 18:55:27.683 31631 31631 D StrictMode: 	at com.google.android.apps.analytics.i.a(Unknown Source)
07-26 18:55:27.683 31631 31631 D StrictMode: 	at com.google.android.apps.mytracks.b.a.a(MT:45)
07-26 18:55:27.683 31631 31631 D StrictMode: 	at com.google.android.apps.mytracks.MyTracksApplication.onCreate(MT:42)
07-26 18:55:27.683 31631 31631 D StrictMode: 	at android.app.Instrumentation.callApplicationOnCreate(Instrumentation.java:969)
07-26 18:55:27.683 31631 31631 D StrictMode: 	at android.app.ActivityThread.handleBindApplication(ActivityThread.java:3954)
07-26 18:55:27.683 31631 31631 D StrictMode: 	at android.app.ActivityThread.access$1300(ActivityThread.java:123)
07-26 18:55:27.683 31631 31631 D StrictMode: 	at android.app.ActivityThread$H.handleMessage(ActivityThread.java:1185)
07-26 18:55:27.683 31631 31631 D StrictMode: 	at android.os.Handler.dispatchMessage(Handler.java:99)
07-26 18:55:27.683 31631 31631 D StrictMode: 	at android.os.Looper.loop(Looper.java:137)
07-26 18:55:27.683 31631 31631 D StrictMode: 	at android.app.ActivityThread.main(ActivityThread.java:4424)
07-26 18:55:27.683 31631 31631 D StrictMode: 	at java.lang.reflect.Method.invokeNative(Native Method)
07-26 18:55:27.683 31631 31631 D StrictMode: 	at java.lang.reflect.Method.invoke(Method.java:511)
07-26 18:55:27.683 31631 31631 D StrictMode: 	at com.android.internal.os.ZygoteInit$MethodAndArgsCaller.run(ZygoteInit.java:784)
07-26 18:55:27.683 31631 31631 D StrictMode: 	at com.android.internal.os.ZygoteInit.main(ZygoteInit.java:551)
07-26 18:55:27.683 31631 31631 D StrictMode: 	at dalvik.system.NativeStart.main(Native Method)
07-26 18:55:27.683 31631 31631 D StrictMode: StrictMode policy violation; ~duration=98 ms: android.os.StrictMode$StrictModeDiskWriteViolation: policy=21 violation=1
07-26 18:55:27.683 31631 31631 D StrictMode: 	at android.os.StrictMode$AndroidBlockGuardPolicy.onWriteToDisk(StrictMode.java:1063)
07-26 18:55:27.683 31631 31631 D StrictMode: 	at android.database.sqlite.SQLiteStatement.acquireAndLock(SQLiteStatement.java:226)
07-26 18:55:27.683 31631 31631 D StrictMode: 	at android.database.sqlite.SQLiteStatement.executeUpdateDelete(SQLiteStatement.java:84)
07-26 18:55:27.683 31631 31631 D StrictMode: 	at android.database.sqlite.SQLiteDatabase.executeSql(SQLiteDatabase.java:1899)
07-26 18:55:27.683 31631 31631 D StrictMode: 	at android.database.sqlite.SQLiteDatabase.execSQL(SQLiteDatabase.java:1839)
07-26 18:55:27.683 31631 31631 D StrictMode: 	at android.database.sqlite.SQLiteDatabase.endTransaction(SQLiteDatabase.java:714)
07-26 18:55:27.683 31631 31631 D StrictMode: 	at com.google.android.apps.analytics.v.d(Unknown Source)
07-26 18:55:27.683 31631 31631 D StrictMode: 	at com.google.android.apps.analytics.v.a(Unknown Source)
07-26 18:55:27.683 31631 31631 D StrictMode: 	at com.google.android.apps.analytics.i.a(Unknown Source)
07-26 18:55:27.683 31631 31631 D StrictMode: 	at com.google.android.apps.mytracks.b.a.a(MT:45)
07-26 18:55:27.683 31631 31631 D StrictMode: 	at com.google.android.apps.mytracks.MyTracksApplication.onCreate(MT:42)
07-26 18:55:27.683 31631 31631 D StrictMode: 	at android.app.Instrumentation.callApplicationOnCreate(Instrumentation.java:969)
07-26 18:55:27.683 31631 31631 D StrictMode: 	at android.app.ActivityThread.handleBindApplication(ActivityThread.java:3954)
07-26 18:55:27.683 31631 31631 D StrictMode: 	at android.app.ActivityThread.access$1300(ActivityThread.java:123)
07-26 18:55:27.683 31631 31631 D StrictMode: 	at android.app.ActivityThread$H.handleMessage(ActivityThread.java:1185)
07-26 18:55:27.683 31631 31631 D StrictMode: 	at android.os.Handler.dispatchMessage(Handler.java:99)
07-26 18:55:27.683 31631 31631 D StrictMode: 	at android.os.Looper.loop(Looper.java:137)
07-26 18:55:27.683 31631 31631 D StrictMode: 	at android.app.ActivityThread.main(ActivityThread.java:4424)
07-26 18:55:27.683 31631 31631 D StrictMode: 	at java.lang.reflect.Method.invokeNative(Native Method)
07-26 18:55:27.683 31631 31631 D StrictMode: 	at java.lang.reflect.Method.invoke(Method.java:511)
07-26 18:55:27.683 31631 31631 D StrictMode: 	at com.android.internal.os.ZygoteInit$MethodAndArgsCaller.run(ZygoteInit.java:784)
07-26 18:55:27.683 31631 31631 D StrictMode: 	at com.android.internal.os.ZygoteInit.main(ZygoteInit.java:551)
07-26 18:55:27.683 31631 31631 D StrictMode: 	at dalvik.system.NativeStart.main(Native Method)
07-26 18:55:27.789 31638 31638 I ActivityThread: Pub com.google.android.apps.plus.content.ApiProvider: com.google.android.apps.plus.content.EsApiProvider
07-26 18:55:27.828 31638 31638 I ActivityThread: Pub com.google.android.apps.plus.content.EsGooglePhotoProvider: com.google.android.picasasync.PicasaContentProvider
07-26 18:55:27.929 31638 31640 D dalvikvm: GC_CONCURRENT freed 335K, 5% free 9581K/9991K, paused 2ms+2ms
07-26 18:55:27.968 31638 31638 I ActivityThread: Pub com.google.android.apps.plus.content.EsPicasaStoreProvider: com.google.android.picasastore.PicasaPhotoContentProvider
07-26 18:55:27.984 31638 31638 I ActivityThread: Pub com.google.plus.platform: com.google.android.apps.plus.content.AdsProvider
07-26 18:55:27.988 31638 31638 I ActivityThread: Pub com.google.android.apps.plus.iu.EsGoogleIuProvider: com.google.android.apps.plus.iu.InstantUploadProvider
07-26 18:55:28.086 31638 31640 D dalvikvm: GC_CONCURRENT freed 500K, 6% free 9608K/10183K, paused 1ms+2ms
07-26 18:55:28.089 31638 31638 I ActivityThread: Pub com.google.android.apps.plus.content.EsProvider: com.google.android.apps.plus.content.EsProvider
07-26 18:55:28.371   145   423 I ActivityManager: Start proc android.process.media for content provider com.android.providers.media/.MediaProvider: pid=31667 uid=10012 gids={1015, 1023, 1024, 2001, 3003, 3007}
07-26 18:55:28.511 31667 31667 I ActivityThread: Pub downloads: com.android.providers.downloads.DownloadProvider
07-26 18:55:28.550 31667 31667 I ActivityThread: Pub drm: com.android.providers.drm.DrmProvider
07-26 18:55:28.554 31667 31681 I DownloadManager: in removeSpuriousFiles
07-26 18:55:28.574 31667 31681 I DownloadManager: in removeSpuriousFiles, preserving file /data/data/com.android.providers.downloads/cache/metadata.json
07-26 18:55:28.574 31667 31681 I DownloadManager: in removeSpuriousFiles, preserving file /data/data/com.android.providers.downloads/cache/en_general.htm
07-26 18:55:28.574 31667 31681 I DownloadManager: in removeSpuriousFiles, preserving file /mnt/sdcard/Download/img-thing.jpeg
07-26 18:55:28.574 31667 31681 I DownloadManager: in removeSpuriousFiles, preserving file /data/data/com.android.providers.downloads/cache/metadata-1.json
07-26 18:55:28.574 31667 31681 I DownloadManager: in removeSpuriousFiles, preserving file /data/data/com.android.providers.downloads/cache/downloadfile.jpeg
07-26 18:55:28.574 31667 31681 I DownloadManager: in removeSpuriousFiles, preserving file /data/data/com.android.providers.downloads/cache/metadata-2.json
07-26 18:55:28.574 31667 31681 I DownloadManager: in removeSpuriousFiles, preserving file /data/data/com.android.providers.downloads/cache/metadata-3.json
07-26 18:55:28.574 31667 31681 I DownloadManager: in removeSpuriousFiles, preserving file /data/data/com.android.providers.downloads/cache/downloadfile-1.jpeg
07-26 18:55:28.574 31667 31681 I DownloadManager: in removeSpuriousFiles, preserving file /data/data/com.android.providers.downloads/cache/downloadfile-2.jpeg
07-26 18:55:28.574 31667 31681 I DownloadManager: in removeSpuriousFiles, preserving file /data/data/com.android.providers.downloads/cache/metadata-4.json
07-26 18:55:28.574 31667 31681 I DownloadManager: in removeSpuriousFiles, preserving file /data/data/com.android.providers.downloads/cache/metadata-5.json
07-26 18:55:28.574 31667 31681 I DownloadManager: in removeSpuriousFiles, preserving file /data/data/com.android.providers.downloads/cache/metadata-6.json
07-26 18:55:28.574 31667 31681 I DownloadManager: in removeSpuriousFiles, preserving file /data/data/com.android.providers.downloads/cache/metadata-7.json
07-26 18:55:28.574 31667 31681 I DownloadManager: in removeSpuriousFiles, preserving file /data/data/com.android.providers.downloads/cache/metadata-8.json
07-26 18:55:28.574 31667 31681 I DownloadManager: in removeSpuriousFiles, preserving file /data/data/com.android.providers.downloads/cache/downloadfile-3.jpeg
07-26 18:55:28.574 31667 31681 I DownloadManager: in removeSpuriousFiles, preserving file /data/data/com.android.providers.downloads/cache/downloadfile-4.jpeg
07-26 18:55:28.574 31667 31681 I DownloadManager: deleting spurious file /cache/backup
07-26 18:55:28.664 31638 31640 D dalvikvm: GC_CONCURRENT freed 254K, 4% free 9912K/10247K, paused 30ms+3ms
07-26 18:55:28.695 30205 30206 D dalvikvm: GC_CONCURRENT freed 543K, 13% free 10612K/12103K, paused 40ms+13ms
07-26 18:55:28.703 31667 31667 I ActivityThread: Pub media: com.android.providers.media.MediaProvider
07-26 18:55:28.879   145   157 D dalvikvm: GC_EXPLICIT freed 1217K, 18% free 19354K/23495K, paused 3ms+16ms
07-26 18:55:28.902 31667 31670 D dalvikvm: GC_CONCURRENT freed 338K, 5% free 9198K/9607K, paused 1ms+2ms
07-26 18:55:29.043 31638 31662 D PicasaPhotoCP: set fsid first time:-1
07-26 18:55:29.078 28346 28349 D dalvikvm: GC_CONCURRENT freed 489K, 7% free 10374K/11143K, paused 4ms+12ms
07-26 18:55:29.132 31638 31640 D dalvikvm: GC_CONCURRENT freed 148K, 3% free 10265K/10503K, paused 1ms+3ms
07-26 18:55:29.230 31638 31665 D dalvikvm: GC_FOR_ALLOC freed 272K, 4% free 10392K/10823K, paused 27ms
07-26 18:55:29.265 31638 31665 D dalvikvm: GC_FOR_ALLOC freed 62K, 4% free 10456K/10823K, paused 26ms
07-26 18:55:29.293 31638 31665 D dalvikvm: GC_FOR_ALLOC freed 126K, 5% free 10584K/11079K, paused 21ms
07-26 18:55:29.293 31638 31665 I dalvikvm-heap: Grow heap (frag case) to 10.584MB for 187514-byte allocation
07-26 18:55:29.316 31638 31665 D dalvikvm: GC_FOR_ALLOC freed 255K, 7% free 10512K/11271K, paused 23ms
07-26 18:55:29.351 31638 31665 D dalvikvm: GC_FOR_ALLOC freed 118K, 6% free 10641K/11271K, paused 25ms
07-26 18:55:29.351 31638 31665 I dalvikvm-heap: Grow heap (frag case) to 10.708MB for 260112-byte allocation
07-26 18:55:29.379 31638 31665 D dalvikvm: GC_FOR_ALLOC freed 126K, 7% free 10769K/11527K, paused 22ms
07-26 18:55:29.410 31638 31665 D dalvikvm: GC_FOR_ALLOC freed 369K, 7% free 10825K/11527K, paused 20ms
07-26 18:55:29.535 31638 31640 D dalvikvm: GC_CONCURRENT freed 407K, 5% free 11000K/11527K, paused 1ms+3ms
07-26 18:55:29.718 31638 31640 D dalvikvm: GC_CONCURRENT freed 158K, 2% free 11553K/11783K, paused 1ms+3ms
07-26 18:55:29.871 28346 28349 D dalvikvm: GC_CONCURRENT freed 388K, 7% free 10400K/11143K, paused 2ms+4ms
07-26 18:55:29.890 31638 31640 D dalvikvm: GC_CONCURRENT freed 182K, 3% free 12175K/12487K, paused 2ms+4ms
07-26 18:55:30.070 31638 31640 D dalvikvm: GC_CONCURRENT freed 593K, 5% free 12655K/13319K, paused 2ms+3ms
07-26 18:55:30.316 31638 31665 I SqliteDatabaseCpp: sqlite returned: error code = 1, msg = no such column: wipeout_stats, db=/data/data/com.google.android.apps.plus/databases/es0.db
07-26 18:55:30.320 31638 31665 W System.err: android.database.sqlite.SQLiteException: no such column: wipeout_stats: , while compiling: SELECT wipeout_stats  FROM account_status
07-26 18:55:30.441 31638 31665 W System.err: 	at android.database.sqlite.SQLiteCompiledSql.native_compile(Native Method)
07-26 18:55:30.441 31638 31665 W System.err: 	at android.database.sqlite.SQLiteCompiledSql.<init>(SQLiteCompiledSql.java:68)
07-26 18:55:30.441 31638 31665 W System.err: 	at android.database.sqlite.SQLiteProgram.compileSql(SQLiteProgram.java:143)
07-26 18:55:30.445 31638 31665 W System.err: 	at android.database.sqlite.SQLiteProgram.compileAndbindAllArgs(SQLiteProgram.java:361)
07-26 18:55:30.445 31638 31665 W System.err: 	at android.database.sqlite.SQLiteStatement.acquireAndLock(SQLiteStatement.java:260)
07-26 18:55:30.449 31638 31665 W System.err: 	at android.database.sqlite.SQLiteStatement.simpleQueryForLong(SQLiteStatement.java:137)
07-26 18:55:30.449 31638 31665 W System.err: 	at android.database.DatabaseUtils.longForQuery(DatabaseUtils.java:791)
07-26 18:55:30.449 31638 31665 W System.err: 	at android.database.DatabaseUtils.longForQuery(DatabaseUtils.java:779)
07-26 18:55:30.453 31638 31665 W System.err: 	at com.google.android.apps.plus.content.EsAccountsData.isContactsStatsWipeoutNeeded(EsAccountsData.java:641)
07-26 18:55:30.453 31638 31665 W System.err: 	at com.google.android.apps.plus.service.EsService.processIntent(EsService.java:4246)
07-26 18:55:30.457 31638 31665 W System.err: 	at com.google.android.apps.plus.service.ServiceThread$1.run(ServiceThread.java:50)
07-26 18:55:30.457 31638 31665 W System.err: 	at android.os.Handler.handleCallback(Handler.java:605)
07-26 18:55:30.457 31638 31665 W System.err: 	at android.os.Handler.dispatchMessage(Handler.java:92)
07-26 18:55:30.461 31638 31665 W System.err: 	at android.os.Looper.loop(Looper.java:137)
07-26 18:55:30.461 31638 31665 W System.err: 	at com.google.android.apps.plus.service.ServiceThread.run(ServiceThread.java:122)
07-26 18:55:31.582 31638 31640 D dalvikvm: GC_CONCURRENT freed 1017K, 9% free 12764K/13895K, paused 3ms+3ms
07-26 18:55:34.109 31638 31640 D dalvikvm: GC_CONCURRENT freed 962K, 8% free 12933K/14023K, paused 3ms+3ms
07-26 18:55:34.769 31638 31689 E dalvikvm: Could not find class 'android.app.Notification$InboxStyle', referenced from method com.google.android.apps.plus.service.AndroidNotification.createDigestNotification
07-26 18:55:34.769 31638 31689 W dalvikvm: VFY: unable to resolve new-instance 41 (Landroid/app/Notification$InboxStyle;) in Lcom/google/android/apps/plus/service/AndroidNotification;
07-26 18:55:34.769 31638 31689 D dalvikvm: VFY: replacing opcode 0x22 at 0x0018
07-26 18:55:34.769 31638 31689 I dalvikvm: Could not find method android.app.Notification$Builder.setPriority, referenced from method com.google.android.apps.plus.service.AndroidNotification.createRichNotification
07-26 18:55:34.769 31638 31689 W dalvikvm: VFY: unable to resolve virtual method 162: Landroid/app/Notification$Builder;.setPriority (I)Landroid/app/Notification$Builder;
07-26 18:55:34.769 31638 31689 D dalvikvm: VFY: replacing opcode 0x6e at 0x00d5
07-26 18:55:34.777 31638 31689 D dalvikvm: DexOpt: unable to opt direct call 0x00a8 at 0x1a in Lcom/google/android/apps/plus/service/AndroidNotification;.createDigestNotification
07-26 18:55:34.777 31638 31689 D dalvikvm: DexOpt: unable to opt direct call 0x0091 at 0xf1 in Lcom/google/android/apps/plus/service/AndroidNotification;.createRichNotification
07-26 18:55:34.777 31638 31689 D dalvikvm: DexOpt: unable to opt direct call 0x0095 at 0x397 in Lcom/google/android/apps/plus/service/AndroidNotification;.createRichNotification
07-26 18:55:37.800 31638 31640 D dalvikvm: GC_CONCURRENT freed 1101K, 9% free 13060K/14279K, paused 3ms+4ms
07-26 18:55:38.089 31638 31640 D dalvikvm: GC_CONCURRENT freed 1203K, 9% free 13175K/14471K, paused 2ms+3ms
07-26 18:55:38.714 29184 29186 D dalvikvm: GC_CONCURRENT freed 463K, 6% free 9842K/10439K, paused 13ms+8ms
07-26 18:55:40.941 29184 29196 D dalvikvm: GC_EXPLICIT freed 142K, 7% free 9723K/10439K, paused 1ms+2ms
07-26 18:55:41.757 31638 31640 D dalvikvm: GC_CONCURRENT freed 1235K, 10% free 13232K/14599K, paused 2ms+3ms
07-26 18:55:42.535 29184 29186 D dalvikvm: GC_CONCURRENT freed 273K, 6% free 9835K/10439K, paused 2ms+3ms
07-26 18:55:44.648 31638 31689 D dalvikvm: GC_FOR_ALLOC freed 577K, 7% free 13595K/14599K, paused 65ms
07-26 18:55:44.687 31638 31689 D dalvikvm: GC_FOR_ALLOC freed 371K, 10% free 13567K/14983K, paused 37ms
07-26 18:55:44.687 31638 31689 I dalvikvm-heap: Grow heap (frag case) to 13.654MB for 352177-byte allocation
07-26 18:55:44.726 31638 31689 D dalvikvm: GC_FOR_ALLOC freed 0K, 10% free 13911K/15367K, paused 36ms
07-26 18:55:45.484 31638 31640 D dalvikvm: GC_CONCURRENT freed 1000K, 8% free 14428K/15559K, paused 2ms+3ms
07-26 18:55:47.496 31638 31640 D dalvikvm: GC_CONCURRENT freed 1704K, 12% free 14428K/16263K, paused 2ms+3ms
07-26 18:55:50.226 31638 31689 I SqliteDatabaseCpp: sqlite returned: error code = 1, msg = no such column: last_stats_sync_time, db=/data/data/com.google.android.apps.plus/databases/es0.db
07-26 18:55:50.257 31638 31689 E EsSyncAdapterService: Sync failure
07-26 18:55:50.257 31638 31689 E EsSyncAdapterService: android.database.sqlite.SQLiteException: no such column: last_stats_sync_time: , while compiling: SELECT last_stats_sync_time  FROM account_status
07-26 18:55:50.257 31638 31689 E EsSyncAdapterService: 	at android.database.sqlite.SQLiteCompiledSql.native_compile(Native Method)
07-26 18:55:50.257 31638 31689 E EsSyncAdapterService: 	at android.database.sqlite.SQLiteCompiledSql.<init>(SQLiteCompiledSql.java:68)
07-26 18:55:50.257 31638 31689 E EsSyncAdapterService: 	at android.database.sqlite.SQLiteProgram.compileSql(SQLiteProgram.java:143)
07-26 18:55:50.257 31638 31689 E EsSyncAdapterService: 	at android.database.sqlite.SQLiteProgram.compileAndbindAllArgs(SQLiteProgram.java:361)
07-26 18:55:50.257 31638 31689 E EsSyncAdapterService: 	at android.database.sqlite.SQLiteStatement.acquireAndLock(SQLiteStatement.java:260)
07-26 18:55:50.257 31638 31689 E EsSyncAdapterService: 	at android.database.sqlite.SQLiteStatement.simpleQueryForLong(SQLiteStatement.java:137)
07-26 18:55:50.257 31638 31689 E EsSyncAdapterService: 	at android.database.DatabaseUtils.longForQuery(DatabaseUtils.java:791)
07-26 18:55:50.257 31638 31689 E EsSyncAdapterService: 	at android.database.DatabaseUtils.longForQuery(DatabaseUtils.java:779)
07-26 18:55:50.257 31638 31689 E EsSyncAdapterService: 	at com.google.android.apps.plus.content.EsAccountsData.queryLastStatsSyncTimestamp(EsAccountsData.java:570)
07-26 18:55:50.257 31638 31689 E EsSyncAdapterService: 	at com.google.android.apps.plus.service.EsSyncAdapterService.syncContactsStatsIfNecessary(EsSyncAdapterService.java:670)
07-26 18:55:50.257 31638 31689 E EsSyncAdapterService: 	at com.google.android.apps.plus.service.EsSyncAdapterService.doFullSync(EsSyncAdapterService.java:633)
07-26 18:55:50.257 31638 31689 E EsSyncAdapterService: 	at com.google.android.apps.plus.service.EsSyncAdapterService.doSync(EsSyncAdapterService.java:566)
07-26 18:55:50.257 31638 31689 E EsSyncAdapterService: 	at com.google.android.apps.plus.service.EsSyncAdapterService.access$100(EsSyncAdapterService.java:52)
07-26 18:55:50.257 31638 31689 E EsSyncAdapterService: 	at com.google.android.apps.plus.service.EsSyncAdapterService$SyncAdapterImpl.onPerformSync(EsSyncAdapterService.java:408)
07-26 18:55:50.257 31638 31689 E EsSyncAdapterService: 	at android.content.AbstractThreadedSyncAdapter$SyncThread.run(AbstractThreadedSyncAdapter.java:247)
07-26 18:55:50.281   145   169 D SyncManager: failed sync operation lokeshmandvekar@gmail.com (com.google), com.google.android.apps.plus.content.EsProvider, SERVER, earliestRunTime 262836073, SyncResult: stats [ numParseExceptions: 1]
07-26 18:55:50.289   145   169 D SyncManager: not retrying sync operation because the error is a hard error: lokeshmandvekar@gmail.com (com.google), com.google.android.apps.plus.content.EsProvider, SERVER, earliestRunTime 262856049
07-26 18:56:00.953 31240 31701 D dalvikvm: GC_FOR_ALLOC freed 536K, 7% free 11515K/12295K, paused 100ms
07-26 18:56:00.953 31240 31701 I dalvikvm-heap: Grow heap (frag case) to 11.464MB for 157448-byte allocation
07-26 18:56:00.992 31240 31249 D dalvikvm: GC_FOR_ALLOC freed 79K, 8% free 11589K/12487K, paused 28ms
07-26 18:56:01.027 31240 31701 D dalvikvm: GC_FOR_ALLOC freed 17K, 8% free 11574K/12487K, paused 28ms
07-26 18:56:01.027 31240 31701 I dalvikvm-heap: Grow heap (frag case) to 11.502MB for 136865-byte allocation
07-26 18:56:01.058 31240 31701 D dalvikvm: GC_FOR_ALLOC freed <1K, 8% free 11707K/12679K, paused 28ms
07-26 18:56:02.570 31638 31640 D dalvikvm: GC_CONCURRENT freed 2892K, 19% free 13245K/16263K, paused 2ms+2ms
07-26 18:56:03.246 31638 31693 D dalvikvm: GC_EXPLICIT freed 259K, 19% free 13192K/16263K, paused 2ms+3ms
07-26 18:56:03.355   145   421 D dalvikvm: GC_EXPLICIT freed 533K, 18% free 19330K/23495K, paused 3ms+10ms
07-26 18:56:03.621 29184 29186 D dalvikvm: GC_CONCURRENT freed 398K, 6% free 9821K/10439K, paused 2ms+3ms
07-26 18:56:26.304 29905 29908 D dalvikvm: GC_CONCURRENT freed 1447K, 11% free 13019K/14599K, paused 15ms+12ms
07-26 18:56:27.472 29184 29196 D dalvikvm: GC_EXPLICIT freed 341K, 6% free 9827K/10439K, paused 1ms+3ms
07-26 18:56:28.828 28346 28349 D dalvikvm: GC_CONCURRENT freed 573K, 8% free 10334K/11143K, paused 6ms+3ms
07-26 18:56:44.293 29724 29737 I PhoneLab-: Service Running
07-26 18:56:44.425 29724 29737 I PhoneLab-LoggerService: app_37    1300  1     1440   1000  c00f181c 400107b4 S logcat
07-26 18:56:44.425 29724 29737 I PhoneLab-LoggerService: Logcat pid from database 1300
07-26 18:56:44.425 29724 29737 I PhoneLab-LoggerService: Logcat process found 1300
07-26 18:56:44.425 29724 29737 I PhoneLab-LoggerService: Checking Threshold
07-26 18:56:44.429 29724 29737 I PhoneLab-: Service Running
07-26 18:56:44.453 29724 29737 I PhoneLab-LoggerService: app_37    1300  1     1440   1000  c00f181c 400107b4 S logcat
07-26 18:56:44.457 29724 29737 I PhoneLab-LoggerService: Logcat pid from database 1300
07-26 18:56:44.457 29724 29737 I PhoneLab-LoggerService: Logcat process found 1300
07-26 18:56:44.457 29724 29737 I PhoneLab-LoggerService: Checking Threshold
07-26 18:56:44.457 29724 29737 I PhoneLab-: Service Running
07-26 18:56:44.484 29724 29737 I PhoneLab-LoggerService: app_37    1300  1     1440   1000  c00f181c 400107b4 S logcat
07-26 18:56:44.484 29724 29737 I PhoneLab-LoggerService: Logcat pid from database 1300
07-26 18:56:44.484 29724 29737 I PhoneLab-LoggerService: Logcat process found 1300
07-26 18:56:44.484 29724 29737 I PhoneLab-LoggerService: Checking Threshold
07-26 18:57:16.179   145   199 D DhcpInfoInternal: makeLinkProperties with empty dns2!
07-26 18:57:16.187   145   199 D DhcpInfoInternal: makeLinkProperties with empty dns2!
07-26 18:57:28.754 30205 30206 D dalvikvm: GC_CONCURRENT freed 526K, 13% free 10616K/12103K, paused 1ms+3ms
07-26 18:57:28.855 28346 28349 D dalvikvm: GC_CONCURRENT freed 386K, 8% free 10357K/11143K, paused 2ms+2ms
07-26 18:58:15.039 25228 25684 D GetStringObjTask: retrieving from url = http://www.chess.com/api/get_move_status?id=5HHjW9WUGa%2Bcu1LUwnVJPxTIWxmEve4VdkRnRyg7b5Ch69JH2Z5aB%2B7eGuFw8K2uFx47KFsdE3JRdR3Mzv0PkZOj6eZ8N73BvxmEERrzXjMNRo80rkLyJAUTh0iqof4n
07-26 18:58:15.312   145   169 I ActivityManager: Start proc com.google.android.gm for service com.google.android.gm/.provider.MailSyncAdapterService: pid=31735 uid=10075 gids={3003, 1015}
07-26 18:58:15.422 25228 25684 D GetStringObjTask: WebRequest SERVER RESPONSE: Success+0
07-26 18:58:15.660 31735 31735 I ActivityThread: Pub gmail-ls: com.google.android.gm.provider.MailProvider
07-26 18:58:15.800 31735 31735 I ActivityThread: Pub com.google.android.gm: com.google.android.gm.provider.PublicContentProvider
07-26 18:58:15.816 31735 31735 I ActivityThread: Pub com.google.android.gmail.SuggestionProvider: com.google.android.gm.SuggestionsProvider
07-26 18:58:16.062 31735 31736 D dalvikvm: GC_CONCURRENT freed 221K, 4% free 9256K/9607K, paused 7ms+8ms
07-26 18:58:16.527 31735 31764 I Gmail   : calculateUnknownSyncRationalesAndPurgeInBackground: queueing
07-26 18:58:16.566 31735 31736 D dalvikvm: GC_CONCURRENT freed 276K, 5% free 9393K/9799K, paused 2ms+3ms
07-26 18:58:16.625 31735 31764 I Gmail   : calculateUnknownSyncRationalesAndPurgeInBackground: queueing
07-26 18:58:16.656 31735 31761 I Gmail   : MainSyncRequestProto: lowestBkwdConvoId: 0, highestHandledServerOp: 3348719, normalSync: true
07-26 18:58:16.683 31735 31764 I Gmail   : calculateUnknownSyncRationalesAndPurgeInBackground: running
07-26 18:58:16.687 31735 31764 I Gmail   : calculateUnknownSyncRationalesAndPurgeInBackground: running
07-26 18:58:16.882 31737 31740 D dalvikvm: GC_CONCURRENT freed 458K, 7% free 10902K/11655K, paused 6ms+6ms
07-26 18:58:17.472 31735 31736 D dalvikvm: GC_CONCURRENT freed 252K, 4% free 9543K/9927K, paused 6ms+3ms
07-26 18:58:18.824 31735 31736 D dalvikvm: GC_CONCURRENT freed 459K, 6% free 9553K/10119K, paused 2ms+2ms
07-26 18:58:18.953 31735 31736 D dalvikvm: GC_CONCURRENT freed 468K, 6% free 9558K/10119K, paused 1ms+2ms
07-26 18:58:19.027 31735 31761 D dalvikvm: GC_EXPLICIT freed 40K, 6% free 9543K/10119K, paused 3ms+2ms
07-26 18:58:19.031 31735 31761 I Gmail   : MainSyncRequestProto: lowestBkwdConvoId: 0, highestHandledServerOp: 3348925, normalSync: true
07-26 18:58:19.941 31735 31761 D dalvikvm: GC_EXPLICIT freed 190K, 6% free 9589K/10119K, paused 16ms+3ms
07-26 18:58:19.945 31735 31761 I Gmail   : MainSyncRequestProto: lowestBkwdConvoId: 0, highestHandledServerOp: 3348925, normalSync: true
07-26 18:58:19.949 31735 31761 I Gmail   : lowestBackward conversation id 0
07-26 18:58:19.964 31735 31761 W Gmail   : Scheduling index for 300000 ms from now
07-26 18:58:19.992 31735 31761 I Gmail   : Sending notification intent: Intent { act=android.intent.action.PROVIDER_CHANGED dat=content://gmail-ls/unread/^i (has extras) }
07-26 18:58:20.054 31735 31761 I Gmail   : Sending notification intent: Intent { act=android.intent.action.PROVIDER_CHANGED dat=content://gmail-ls/unread/^iim (has extras) }
07-26 18:58:20.211 31735 31771 W Gmail   : Showing notification with unreadCount of 1 and unseenCount of 1
07-26 18:58:20.320 31735 31736 D dalvikvm: GC_CONCURRENT freed 297K, 5% free 9690K/10119K, paused 6ms+4ms
07-26 18:58:20.734   215   217 D dalvikvm: GC_CONCURRENT freed 307K, 31% free 9883K/14215K, paused 1ms+3ms
07-26 18:58:20.863   215   217 D dalvikvm: GC_CONCURRENT freed 331K, 30% free 10015K/14215K, paused 2ms+6ms
07-26 18:58:28.894   145   363 D dalvikvm: GC_EXPLICIT freed 675K, 18% free 19419K/23495K, paused 3ms+8ms
07-26 18:58:28.929 28346 31775 D dalvikvm: GC_FOR_ALLOC freed 396K, 8% free 10334K/11143K, paused 23ms
07-26 18:59:28.855 30205 30206 D dalvikvm: GC_CONCURRENT freed 530K, 13% free 10618K/12103K, paused 2ms+2ms
07-26 18:59:28.914 28346 28346 D dalvikvm: GC_EXPLICIT freed 273K, 8% free 10273K/11143K, paused 2ms+3ms
07-26 18:59:29.011 28346 28349 D dalvikvm: GC_CONCURRENT freed 351K, 8% free 10310K/11143K, paused 2ms+2ms
07-26 18:59:41.136   145   199 D DhcpInfoInternal: makeLinkProperties with empty dns2!
07-26 18:59:41.148   145   199 D DhcpInfoInternal: makeLinkProperties with empty dns2!
07-26 19:00:29.058 30205 30206 D dalvikvm: GC_CONCURRENT freed 523K, 13% free 10626K/12103K, paused 8ms+7ms
07-26 19:01:04.121 31240 31243 D dalvikvm: GC_CONCURRENT freed 937K, 9% free 11547K/12679K, paused 2ms+3ms
07-26 19:01:04.437 31240 31806 D dalvikvm: GC_FOR_ALLOC freed 263K, 9% free 11611K/12679K, paused 29ms
07-26 19:01:04.437 31240 31806 I dalvikvm-heap: Grow heap (frag case) to 11.541MB for 138981-byte allocation
07-26 19:01:04.464 31240 31806 D dalvikvm: GC_FOR_ALLOC freed <1K, 9% free 11747K/12871K, paused 28ms
07-26 19:01:05.949 31240 31806 I DatabaseHelper: Begin cleanup.
07-26 19:01:06.476 31240 31806 I DatabaseHelper: Cleaned up: 0
07-26 19:01:15.125 31240 31243 D dalvikvm: GC_CONCURRENT freed 984K, 11% free 11557K/12871K, paused 2ms+3ms
07-26 19:01:15.199 31735 31810 I Gmail   : MainSyncRequestProto: lowestBkwdConvoId: 0, highestHandledServerOp: 3348925, normalSync: true
07-26 19:01:15.949 31735 31810 D dalvikvm: GC_EXPLICIT freed 69K, 5% free 9680K/10119K, paused 16ms+3ms
07-26 19:01:15.953 31735 31810 I Gmail   : MainSyncRequestProto: lowestBkwdConvoId: 0, highestHandledServerOp: 3348925, normalSync: true
07-26 19:01:15.957 31735 31810 I Gmail   : lowestBackward conversation id 0
07-26 19:01:15.965 31735 31810 W Gmail   : Scheduling index for 300000 ms from now
07-26 19:01:28.937   342   342 D SAN_SERVICE: *******************************************
07-26 19:01:28.937   342   342 D SAN_SERVICE: DM App Phone Service State - 0
07-26 19:01:28.937   342   342 D SAN_SERVICE: *******************************************
07-26 19:01:29.058 30205 30206 D dalvikvm: GC_CONCURRENT freed 466K, 13% free 10611K/12103K, paused 2ms+3ms
07-26 19:01:29.086   342   342 D SAN_SERVICE: *******************************************
07-26 19:01:29.086   342   342 D SAN_SERVICE: DM App Phone Service State - 0
07-26 19:01:29.086   342   342 D SAN_SERVICE: *******************************************
07-26 19:01:29.117 28346 28349 D dalvikvm: GC_CONCURRENT freed 477K, 8% free 10341K/11143K, paused 11ms+2ms
07-26 19:01:57.070   145   161 I power   : *** set_screen_state 1
07-26 19:01:57.101 29724 29724 I PhoneLab-PowerOnReceiver: Power is plugged in!
07-26 19:01:57.101 29724 29724 I PhoneLab-PowerOnReceiver: Rescheduling periodic checking...
07-26 19:01:57.191   215   215 W PowerUI : unknown intent: Intent { act=android.intent.action.ACTION_POWER_CONNECTED flg=0x10000010 }
07-26 19:01:57.226   145   176 I WindowManager: Lock screen displayed!
07-26 19:01:57.261    78   121 D SurfaceFlinger: Screen about to return, flinger = 0x749918
07-26 19:01:57.265 29724 29724 I PhoneLab-Locks: wake lock acquired
07-26 19:01:57.617 29724 29727 D dalvikvm: GC_CONCURRENT freed 513K, 14% free 9169K/10631K, paused 45ms+25ms
07-26 19:01:57.621 29724 29724 I PhoneLab-UploadLogs: Transfering log files now
07-26 19:01:57.621 29724 29724 I PhoneLab-UploadLogs: No log files to transfer
07-26 19:01:57.621 29724 29724 I PhoneLab-Locks: wake lock released
07-26 19:01:57.625 29724 29724 I PhoneLab-UploadLogs: OnStartCommand
07-26 19:01:57.734   145   161 I Process : Sending signal. PID: 29905 SIG: 3
07-26 19:01:57.734 29905 29910 I dalvikvm: threadid=3: reacting to signal 3
07-26 19:01:57.804 29905 29910 I dalvikvm: Wrote stack traces to '/data/anr/traces.txt'
07-26 19:01:58.906 31451 31452 D dalvikvm: GC_CONCURRENT freed 238K, 4% free 9236K/9607K, paused 22ms+10ms
07-26 19:01:59.144   145   421 I ActivityManager: Start proc com.android.browser for content provider com.android.browser/.provider.BrowserProvider2: pid=31821 uid=10003 gids={3003, 1015}
07-26 19:01:59.183    79    79 D dalvikvm: GC_EXPLICIT freed 37K, 4% free 9031K/9347K, paused 2ms+3ms
07-26 19:01:59.234    79    79 D dalvikvm: GC_EXPLICIT freed <1K, 4% free 9031K/9347K, paused 2ms+3ms
07-26 19:01:59.269    79    79 D dalvikvm: GC_EXPLICIT freed <1K, 4% free 9031K/9347K, paused 1ms+3ms
07-26 19:01:59.277   145   356 I ActivityManager: Process android.process.media (pid 31667) has died.
07-26 19:01:59.418 31821 31821 I ActivityThread: Pub com.android.browser;browser: com.android.browser.provider.BrowserProvider2
07-26 19:01:59.453 31821 31821 I ActivityThread: Pub com.android.browser.home: com.android.browser.homepages.HomeProvider
07-26 19:01:59.453 31821 31821 I ActivityThread: Pub com.android.browser.snapshots: com.android.browser.provider.SnapshotProvider
07-26 19:01:59.507   215   215 D PhoneStatusBar: disable: < expand icons alerts ticker system_info BACK HOME recent* CLOCK >
07-26 19:01:59.582   215   215 D PhoneStatusBar: disable: < expand icons alerts ticker system_info back* home* recent clock* >
07-26 19:01:59.609   145 22258 W InputManagerService: Window already focused, ignoring focus gain of: com.android.internal.view.IInputMethodClient$Stub$Proxy@417dacf0
07-26 19:01:59.625 30129 30131 D dalvikvm: GC_CONCURRENT freed 445K, 6% free 10000K/10567K, paused 34ms+8ms
07-26 19:01:59.695   215   215 V PhoneStatusBar: setLightsOn(true)
07-26 19:01:59.816   145   338 I ActivityManager: Process com.google.android.maps.mytracks (pid 31631) has died.
07-26 19:02:00.757   145   326 I ActivityManager: Start proc android.process.media for content provider com.android.providers.media/.MediaProvider: pid=31844 uid=10012 gids={1015, 1023, 1024, 2001, 3003, 3007}
07-26 19:02:00.793 31844 31844 I ActivityThread: Pub downloads: com.android.providers.downloads.DownloadProvider
07-26 19:02:00.855 31844 31844 I ActivityThread: Pub drm: com.android.providers.drm.DrmProvider
07-26 19:02:00.855 31844 31858 I DownloadManager: in removeSpuriousFiles
07-26 19:02:00.867 31844 31844 I ActivityThread: Pub media: com.android.providers.media.MediaProvider
07-26 19:02:00.882   145   423 I ActivityManager: Process com.google.android.apps.docs (pid 30112) has died.
07-26 19:02:01.031 31844 31858 I DownloadManager: in removeSpuriousFiles, preserving file /data/data/com.android.providers.downloads/cache/metadata.json
07-26 19:02:01.031 31844 31858 I DownloadManager: in removeSpuriousFiles, preserving file /data/data/com.android.providers.downloads/cache/en_general.htm
07-26 19:02:01.031 31844 31858 I DownloadManager: in removeSpuriousFiles, preserving file /mnt/sdcard/Download/img-thing.jpeg
07-26 19:02:01.031 31844 31858 I DownloadManager: in removeSpuriousFiles, preserving file /data/data/com.android.providers.downloads/cache/metadata-1.json
07-26 19:02:01.031 31844 31858 I DownloadManager: in removeSpuriousFiles, preserving file /data/data/com.android.providers.downloads/cache/downloadfile.jpeg
07-26 19:02:01.031 31844 31858 I DownloadManager: in removeSpuriousFiles, preserving file /data/data/com.android.providers.downloads/cache/metadata-2.json
07-26 19:02:01.031 31844 31858 I DownloadManager: in removeSpuriousFiles, preserving file /data/data/com.android.providers.downloads/cache/metadata-3.json
07-26 19:02:01.035 31844 31858 I DownloadManager: in removeSpuriousFiles, preserving file /data/data/com.android.providers.downloads/cache/downloadfile-1.jpeg
07-26 19:02:01.035 31844 31858 I DownloadManager: in removeSpuriousFiles, preserving file /data/data/com.android.providers.downloads/cache/downloadfile-2.jpeg
07-26 19:02:01.035 31844 31858 I DownloadManager: in removeSpuriousFiles, preserving file /data/data/com.android.providers.downloads/cache/metadata-4.json
07-26 19:02:01.035 31844 31858 I DownloadManager: in removeSpuriousFiles, preserving file /data/data/com.android.providers.downloads/cache/metadata-5.json
07-26 19:02:01.035 31844 31858 I DownloadManager: in removeSpuriousFiles, preserving file /data/data/com.android.providers.downloads/cache/metadata-6.json
07-26 19:02:01.035 31844 31858 I DownloadManager: in removeSpuriousFiles, preserving file /data/data/com.android.providers.downloads/cache/metadata-7.json
07-26 19:02:01.035 31844 31858 I DownloadManager: in removeSpuriousFiles, preserving file /data/data/com.android.providers.downloads/cache/metadata-8.json
07-26 19:02:01.039 31844 31858 I DownloadManager: in removeSpuriousFiles, preserving file /data/data/com.android.providers.downloads/cache/downloadfile-3.jpeg
07-26 19:02:01.039 31844 31858 I DownloadManager: in removeSpuriousFiles, preserving file /data/data/com.android.providers.downloads/cache/downloadfile-4.jpeg
07-26 19:02:01.039 31844 31858 I DownloadManager: deleting spurious file /cache/backup
07-26 19:02:01.445 31844 31846 D dalvikvm: GC_CONCURRENT freed 327K, 5% free 9209K/9607K, paused 110ms+6ms
07-26 19:02:01.535 30129 30131 D dalvikvm: GC_CONCURRENT freed 371K, 5% free 10098K/10567K, paused 39ms+2ms
07-26 19:02:01.597 29184 29186 D dalvikvm: GC_CONCURRENT freed 367K, 6% free 9852K/10439K, paused 1ms+7ms
07-26 19:02:01.843   145 21503 I ActivityManager: START {act=android.intent.action.VIEW dat=content://gmail-ls/account/lokeshmandvekar@gmail.com/label/^i/conversationId/1408597747029076780/maxServerMessageId/1408597747029076780/labels/lokeshmandvekar%40gmail.com^*^595230239^*^^i^*^Inbox^*^0^*^0^**^lokeshmandvekar%40gmail.com^*^-505^*^^^unseen-^i^*^^*^2147483647^*^1^**^lokeshmandvekar%40gmail.com^*^595230361^*^^io_im^*^Important^*^0^*^0^**^lokeshmandvekar%40gmail.com^*^595230240^*^^u^*^Unread^*^0^*^1^**^lokeshmandvekar%40gmail.com^*^595230344^*^^iim^*^Priority+Inbox^*^0^*^0^**^lokeshmandvekar%40gmail.com^*^-506^*^^^unseen-^iim^*^^*^2147483647^*^1 typ=application/gmail-ls flg=0x10008000 cmp=com.google.android.gm/.ConversationListActivityGmail bnds=[96,119][480,215] (has extras)} from pid -1
07-26 19:02:01.968   145   378 W KeyguardViewMediator: verifyUnlock called when not externally disabled
07-26 19:02:02.226   145 22786 I ActivityManager: Process com.twitter.android (pid 31240) has died.
07-26 19:02:02.632   215   217 D dalvikvm: GC_CONCURRENT freed 584K, 31% free 9841K/14215K, paused 18ms+4ms
07-26 19:02:02.738   145   161 I Process : Sending signal. PID: 31735 SIG: 3
07-26 19:02:02.742 31735 31738 I dalvikvm: threadid=3: reacting to signal 3
07-26 19:02:03.101 31735 31738 I dalvikvm: Wrote stack traces to '/data/anr/traces.txt'
07-26 19:02:03.242   145   161 I Process : Sending signal. PID: 31735 SIG: 3
07-26 19:02:03.242 31735 31738 I dalvikvm: threadid=3: reacting to signal 3
07-26 19:02:03.293 31735 31738 I dalvikvm: Wrote stack traces to '/data/anr/traces.txt'
07-26 19:02:03.312 31735 31736 D dalvikvm: GC_CONCURRENT freed 222K, 4% free 9906K/10247K, paused 11ms+3ms
07-26 19:02:03.410   145   356 D dalvikvm: GC_EXPLICIT freed 1374K, 18% free 19486K/23495K, paused 49ms+21ms
07-26 19:02:03.711 31737 30619 D dalvikvm: GC_EXPLICIT freed 440K, 7% free 10895K/11655K, paused 20ms+5ms
07-26 19:02:03.742   145   161 I Process : Sending signal. PID: 31735 SIG: 3
07-26 19:02:03.742 31735 31738 I dalvikvm: threadid=3: reacting to signal 3
07-26 19:02:03.898 31735 31738 I dalvikvm: Wrote stack traces to '/data/anr/traces.txt'
07-26 19:02:03.937 31735 31735 D dalvikvm: GC_FOR_ALLOC freed 136K, 3% free 10103K/10375K, paused 31ms
07-26 19:02:03.941 31735 31735 I dalvikvm-heap: Grow heap (frag case) to 10.668MB for 768016-byte allocation
07-26 19:02:03.976 31735 31735 D dalvikvm: GC_FOR_ALLOC freed <1K, 3% free 10853K/11143K, paused 24ms
07-26 19:02:04.066 31735 31736 D dalvikvm: GC_CONCURRENT freed 20K, 3% free 10881K/11143K, paused 7ms+4ms
07-26 19:02:04.773   145   161 I Process : Sending signal. PID: 31735 SIG: 3
07-26 19:02:04.773 31735 31738 I dalvikvm: threadid=3: reacting to signal 3
07-26 19:02:04.933 31735 31738 I dalvikvm: Wrote stack traces to '/data/anr/traces.txt'
07-26 19:02:04.941   145   161 I Process : Sending signal. PID: 31735 SIG: 3
07-26 19:02:04.941 31735 31738 I dalvikvm: threadid=3: reacting to signal 3
07-26 19:02:05.101 31735 31738 I dalvikvm: Wrote stack traces to '/data/anr/traces.txt'
07-26 19:02:05.289 31735 31735 D libEGL  : loaded /system/lib/egl/libGLES_android.so
07-26 19:02:05.304 31735 31735 D libEGL  : loaded /vendor/lib/egl/libEGL_POWERVR_SGX540_120.so
07-26 19:02:05.347 31735 31735 D libEGL  : loaded /vendor/lib/egl/libGLESv1_CM_POWERVR_SGX540_120.so
07-26 19:02:05.363 31735 31735 D libEGL  : loaded /vendor/lib/egl/libGLESv2_POWERVR_SGX540_120.so
07-26 19:02:05.441   145   161 I Process : Sending signal. PID: 31735 SIG: 3
07-26 19:02:05.441 31735 31738 I dalvikvm: threadid=3: reacting to signal 3
07-26 19:02:05.609 31735 31738 I dalvikvm: Wrote stack traces to '/data/anr/traces.txt'
07-26 19:02:05.656 31735 31735 D OpenGLRenderer: Enabling debug mode 0
07-26 19:02:05.863 31735 31736 D dalvikvm: GC_CONCURRENT freed 282K, 4% free 11176K/11591K, paused 2ms+4ms
07-26 19:02:05.945   145   161 I Process : Sending signal. PID: 31735 SIG: 3
07-26 19:02:05.945 31735 31738 I dalvikvm: threadid=3: reacting to signal 3
07-26 19:02:05.984 31735 31738 I dalvikvm: Wrote stack traces to '/data/anr/traces.txt'
07-26 19:02:06.422   145 22258 W InputManagerService: Starting input on non-focused client com.android.internal.view.IInputMethodClient$Stub$Proxy@41885e70 (uid=10068 pid=29905)
07-26 19:02:06.429 29905 29905 W IInputConnectionWrapper: showStatusIcon on inactive InputConnection
07-26 19:02:06.441   145   161 I Process : Sending signal. PID: 31735 SIG: 3
07-26 19:02:06.441 31735 31738 I dalvikvm: threadid=3: reacting to signal 3
07-26 19:02:06.625 31735 31738 I dalvikvm: Wrote stack traces to '/data/anr/traces.txt'
07-26 19:02:06.941   145   161 I Process : Sending signal. PID: 31735 SIG: 3
07-26 19:02:06.945 31735 31738 I dalvikvm: threadid=3: reacting to signal 3
07-26 19:02:07.007   145   199 D DhcpInfoInternal: makeLinkProperties with empty dns2!
07-26 19:02:07.011   145   199 D DhcpInfoInternal: makeLinkProperties with empty dns2!
07-26 19:02:07.175 31735 31738 I dalvikvm: Wrote stack traces to '/data/anr/traces.txt'
07-26 19:02:07.191   145  1303 I ActivityManager: Process com.google.android.apps.maps:LocationFriendService (pid 28346) has died.
07-26 19:02:07.316 29724 29724 I PhoneLab-Locks: wake lock acquired
07-26 19:02:07.351 29724 31907 I PhoneLab-PeriodicCheckService: User info is synched
07-26 19:02:07.355 29724 31907 I PhoneLab-PeriodicCheckService: Logger Service is running
07-26 19:02:07.359 29724 29724 I PhoneLab-Locks: wake lock acquired
07-26 19:02:07.363 29724 29724 I PhoneLab-StatusMonitor: Status Monitoring is started
07-26 19:02:07.406 29724 31907 I PhoneLab-Locks: wake lock acquired
07-26 19:02:07.410 29724 31907 I PhoneLab-PeriodicCheckService: Rescheduling periodic checking...
07-26 19:02:07.414 29724 31907 I PhoneLab-Locks: wake lock released
07-26 19:02:07.429 29724 29724 E PhoneLab-PhoneLabManifest: java.io.FileNotFoundException: /data/data/edu.buffalo.cse.phonelab.phonelabservices/files/manifest.xml: open failed: ENOENT (No such file or directory)
07-26 19:02:07.445   145   161 I Process : Sending signal. PID: 31735 SIG: 3
07-26 19:02:07.445 31735 31738 I dalvikvm: threadid=3: reacting to signal 3
07-26 19:02:07.457 29724 29724 I PhoneLab-Locks: wake lock released
07-26 19:02:07.515 31735 31738 I dalvikvm: Wrote stack traces to '/data/anr/traces.txt'
07-26 19:02:07.632 29724 29724 I PhoneLab-UploadLogs: Transfering log files now
07-26 19:02:07.632 29724 29724 I PhoneLab-UploadLogs: No log files to transfer
07-26 19:02:07.632 29724 29724 I PhoneLab-Locks: wake lock released
07-26 19:02:07.640 29724 29724 I PhoneLab-UploadLogs: OnStartCommand
07-26 19:02:07.941   145   161 I Process : Sending signal. PID: 31735 SIG: 3
07-26 19:02:07.941 31735 31738 I dalvikvm: threadid=3: reacting to signal 3
07-26 19:02:07.961 31735 31738 I dalvikvm: Wrote stack traces to '/data/anr/traces.txt'
07-26 19:02:07.965   145   175 I ActivityManager: Displayed com.google.android.gm/.ConversationListActivityGmail: +5s725ms
07-26 19:02:09.121 31451 31452 D dalvikvm: GC_CONCURRENT freed 159K, 3% free 9507K/9799K, paused 6ms+5ms
07-26 19:02:09.648 31735 31736 D dalvikvm: GC_CONCURRENT freed 477K, 6% free 11303K/11911K, paused 30ms+4ms
07-26 19:02:10.062 31735 31910 I Gmail   : Sending notification intent: Intent { act=android.intent.action.PROVIDER_CHANGED dat=content://gmail-ls/unread/^i (has extras) }
07-26 19:02:10.265 31735 31910 I Gmail   : Sending notification intent: Intent { act=android.intent.action.PROVIDER_CHANGED dat=content://gmail-ls/unread/^iim (has extras) }
07-26 19:02:10.316 31735 31913 I Gmail   : MainSyncRequestProto: lowestBkwdConvoId: 0, highestHandledServerOp: 3348925, normalSync: true
07-26 19:02:10.472   145 22786 D dalvikvm: GC_EXPLICIT freed 1233K, 21% free 18627K/23495K, paused 20ms+8ms
07-26 19:02:10.847 31735 31735 D dalvikvm: GC_FOR_ALLOC freed 1011K, 12% free 10594K/11911K, paused 65ms
07-26 19:02:10.851 31735 31735 I dalvikvm-heap: Grow heap (frag case) to 11.148MB for 768016-byte allocation
07-26 19:02:10.890 31735 31913 D dalvikvm: GC_FOR_ALLOC freed 37K, 6% free 11306K/11911K, paused 31ms
07-26 19:02:11.406 31735 31736 D dalvikvm: GC_CONCURRENT freed 26K, 5% free 11377K/11911K, paused 389ms+16ms
07-26 19:02:12.605 31735 31736 D dalvikvm: GC_CONCURRENT freed 538K, 6% free 11568K/12231K, paused 2ms+5ms
07-26 19:02:13.113 31735 31913 D dalvikvm: GC_EXPLICIT freed 708K, 7% free 11512K/12295K, paused 2ms+3ms
07-26 19:02:13.117 31735 31913 I Gmail   : MainSyncRequestProto: lowestBkwdConvoId: 0, highestHandledServerOp: 3348954, normalSync: true
07-26 19:02:13.121 31735 31913 I Gmail   : lowestBackward conversation id 0
07-26 19:02:13.140 31735 31913 W Gmail   : Scheduling index for 300000 ms from now
07-26 19:02:13.976   145   356 D dalvikvm: GC_EXPLICIT freed 178K, 21% free 18607K/23495K, paused 4ms+15ms
07-26 19:02:14.304 31451 31452 D dalvikvm: GC_CONCURRENT freed 318K, 5% free 9602K/10055K, paused 11ms+5ms
07-26 19:02:14.367 31451 31818 D dalvikvm: GC_EXPLICIT freed 207K, 7% free 9403K/10055K, paused 7ms+3ms
07-26 19:02:14.984   145   421 D dalvikvm: GC_EXPLICIT freed 106K, 21% free 18603K/23495K, paused 4ms+8ms
07-26 19:02:17.332 31735 31735 D webviewglue: nativeDestroy view: 0x542b68
07-26 19:02:17.343 31735 31735 D webviewglue: nativeDestroy view: 0x533940
07-26 19:02:17.738   215   215 V PhoneStatusBar: setLightsOn(true)
07-26 19:02:17.765   145 22786 W InputManagerService: Starting input on non-focused client com.android.internal.view.IInputMethodClient$Stub$Proxy@41d4e570 (uid=10075 pid=31735)
07-26 19:02:17.804 31735 31735 D OpenGLRenderer: Flushing caches (mode 0)
07-26 19:02:17.843 31735 31736 D dalvikvm: GC_CONCURRENT freed 1383K, 13% free 10858K/12359K, paused 5ms+5ms
07-26 19:02:17.847 31735 31735 D OpenGLRenderer: Flushing caches (mode 1)
07-26 19:02:18.410   145   172 I power   : *** set_screen_state 0
07-26 19:02:18.476    78   121 D SurfaceFlinger: About to give-up screen, flinger = 0x749918
07-26 19:02:18.652   145   176 V TransportControlView: Create TCV com.android.internal.widget.TransportControlView@41a07188
07-26 19:02:18.683   215   215 D PhoneStatusBar: disable: < expand icons alerts ticker system_info back home RECENT* clock >
07-26 19:02:18.722   215   215 D PhoneStatusBar: disable: < expand icons alerts ticker system_info BACK* HOME* RECENT CLOCK* >
07-26 19:02:18.777 30129 30149 D dalvikvm: GC_FOR_ALLOC freed 216K, 5% free 10168K/10695K, paused 39ms
07-26 19:02:29.090   145   356 I ActivityManager: Start proc com.google.android.apps.maps:LocationFriendService for service com.google.android.apps.maps/com.google.googlenav.friend.reporting.LocationReceiverService: pid=31915 uid=10056 gids={3003, 1015}
07-26 19:02:29.394 31915 31916 D dalvikvm: GC_CONCURRENT freed 155K, 3% free 9380K/9607K, paused 7ms+2ms
07-26 19:02:29.898 31915 31916 D dalvikvm: GC_CONCURRENT freed 129K, 3% free 9672K/9927K, paused 20ms+7ms
07-26 19:02:30.218 31915 31916 D dalvikvm: GC_CONCURRENT freed 341K, 5% free 9854K/10311K, paused 2ms+4ms
07-26 19:02:30.355 31915 31920 I dalvikvm: Total arena pages for JIT: 11
07-26 19:02:30.355 31915 31920 I dalvikvm: Total arena pages for JIT: 12
07-26 19:02:30.355 31915 31920 I dalvikvm: Total arena pages for JIT: 13
07-26 19:02:30.355 31915 31920 I dalvikvm: Total arena pages for JIT: 14
07-26 19:02:30.355 31915 31920 I dalvikvm: Total arena pages for JIT: 15
07-26 19:02:30.355 31915 31920 I dalvikvm: Total arena pages for JIT: 16
07-26 19:02:30.355 31915 31920 I dalvikvm: Total arena pages for JIT: 17
07-26 19:02:30.476 31915 31916 D dalvikvm: GC_CONCURRENT freed 384K, 5% free 9960K/10439K, paused 1ms+2ms
07-26 19:02:30.488   342   342 D SAN_SERVICE: *******************************************
07-26 19:02:30.488   342   342 D SAN_SERVICE: DM App Phone Service State - 0
07-26 19:02:30.488   342   342 D SAN_SERVICE: *******************************************
07-26 19:02:30.543   145   363 I ActivityManager: Process com.google.android.talk (pid 28503) has died.
07-26 19:02:30.543   145   379 I WindowManager: WIN DEATH: Window{41926ff0 com.google.android.talk/com.google.android.talk.SigningInActivity paused=false}
07-26 19:02:31.043 31915 31916 D dalvikvm: GC_CONCURRENT freed 264K, 4% free 10117K/10503K, paused 15ms+2ms
07-26 19:02:31.226   342   342 D SAN_SERVICE: *******************************************
07-26 19:02:31.226   342   342 D SAN_SERVICE: DM App Phone Service State - 0
07-26 19:02:31.226   342   342 D SAN_SERVICE: *******************************************
07-26 19:02:32.461 31915 31916 D dalvikvm: GC_CONCURRENT freed 326K, 5% free 10318K/10759K, paused 15ms+3ms
07-26 19:02:39.773 29724 29737 I PhoneLab-: Service Running
07-26 19:02:39.992 29724 29737 I PhoneLab-LoggerService: app_37    1300  1     1440   1000  c00f181c 400107b4 S logcat
07-26 19:02:39.992 29724 29737 I PhoneLab-LoggerService: Logcat pid from database 1300
07-26 19:02:39.992 29724 29737 I PhoneLab-LoggerService: Logcat process found 1300
07-26 19:02:39.992 29724 29737 I PhoneLab-LoggerService: Checking Threshold
07-26 19:02:39.992 29724 29737 I PhoneLab-: Service Running
07-26 19:02:40.023 29724 29737 I PhoneLab-LoggerService: app_37    1300  1     1440   1000  c00f181c 400107b4 S logcat
07-26 19:02:40.027 29724 29737 I PhoneLab-LoggerService: Logcat pid from database 1300
07-26 19:02:40.027 29724 29737 I PhoneLab-LoggerService: Logcat process found 1300
07-26 19:02:40.027 29724 29737 I PhoneLab-LoggerService: Checking Threshold
07-26 19:02:40.027 29724 29737 I PhoneLab-: Service Running
07-26 19:02:40.054 29724 29737 I PhoneLab-LoggerService: app_37    1300  1     1440   1000  c00f181c 400107b4 S logcat
07-26 19:02:40.054 29724 29737 I PhoneLab-LoggerService: Logcat pid from database 1300
07-26 19:02:40.054 29724 29737 I PhoneLab-LoggerService: Logcat process found 1300
07-26 19:02:40.054 29724 29737 I PhoneLab-LoggerService: Checking Threshold
07-26 19:02:40.082 31735 31945 I Gmail   : MainSyncRequestProto: lowestBkwdConvoId: 0, highestHandledServerOp: 3348954, normalSync: true
07-26 19:02:40.082 31735 31945 I Gmail   : lowestBackward conversation id 0
07-26 19:02:40.093 31735 31945 W Gmail   : Scheduling index for 300000 ms from now
07-26 19:02:40.925   342   342 D SAN_SERVICE: *******************************************
07-26 19:02:40.925   342   342 D SAN_SERVICE: DM App Phone Service State - 0
07-26 19:02:40.925   342   342 D SAN_SERVICE: *******************************************
07-26 19:02:41.015   342   342 D SAN_SERVICE: *******************************************
07-26 19:02:41.019   342   342 D SAN_SERVICE: DM App Phone Service State - 0
07-26 19:02:41.019   342   342 D SAN_SERVICE: *******************************************
07-26 19:02:41.175   342   342 D SAN_SERVICE: *******************************************
07-26 19:02:41.175   342   342 D SAN_SERVICE: DM App Phone Service State - 0
07-26 19:02:41.175   342   342 D SAN_SERVICE: *******************************************
07-26 19:02:41.722   342   342 D SAN_SERVICE: *******************************************
07-26 19:02:41.722   342   342 D SAN_SERVICE: DM App Phone Service State - 0
07-26 19:02:41.722   342   342 D SAN_SERVICE: *******************************************
07-26 19:02:51.164   342   342 D SAN_SERVICE: *******************************************
07-26 19:02:51.164   342   342 D SAN_SERVICE: DM App Phone Service State - 0
07-26 19:02:51.164   342   342 D SAN_SERVICE: *******************************************
07-26 19:02:51.359   342   342 D SAN_SERVICE: *******************************************
07-26 19:02:51.359   342   342 D SAN_SERVICE: DM App Phone Service State - 0
07-26 19:02:51.359   342   342 D SAN_SERVICE: *******************************************
07-26 19:02:51.402   342   345 D dalvikvm: GC_CONCURRENT freed 860K, 9% free 11910K/12999K, paused 4ms+3ms
07-26 19:02:59.976 25228 25739 D GetStringObjTask: retrieving from url = http://www.chess.com/api/get_move_status?id=5HHjW9WUGa%2Bcu1LUwnVJPxTIWxmEve4VdkRnRyg7b5Ch69JH2Z5aB%2B7eGuFw8K2uFx47KFsdE3JRdR3Mzv0PkZOj6eZ8N73BvxmEERrzXjMNRo80rkLyJAUTh0iqof4n
07-26 19:03:01.117   145   161 V BackupManagerService: Running a backup pass
07-26 19:03:01.129   145   214 V BackupManagerService: Backup requested but nothing pending
07-26 19:03:05.398 25228 25230 D dalvikvm: GC_CONCURRENT freed 420K, 6% free 9502K/10055K, paused 24ms+2ms
07-26 19:03:05.601 25228 25739 D GetStringObjTask: WebRequest SERVER RESPONSE: Success+0
07-26 19:03:11.558   145   147 D dalvikvm: GC_CONCURRENT freed 1136K, 18% free 19390K/23495K, paused 28ms+9ms
07-26 19:03:21.711   342   342 D SAN_SERVICE: *******************************************
07-26 19:03:21.711   342   342 D SAN_SERVICE: DM App Phone Service State - 0
07-26 19:03:21.711   342   342 D SAN_SERVICE: *******************************************
07-26 19:03:22.218   342   342 D SAN_SERVICE: *******************************************
07-26 19:03:22.218   342   342 D SAN_SERVICE: DM App Phone Service State - 0
07-26 19:03:22.218   342   342 D SAN_SERVICE: *******************************************
07-26 19:03:27.066   342   342 D SAN_SERVICE: *******************************************
07-26 19:03:27.066   342   342 D SAN_SERVICE: DM App Phone Service State - 0
07-26 19:03:27.066   342   342 D SAN_SERVICE: *******************************************
07-26 19:03:29.093 30205 30206 D dalvikvm: GC_CONCURRENT freed 520K, 13% free 10620K/12103K, paused 2ms+2ms
07-26 19:03:29.175 31915 31920 I dalvikvm: Total arena pages for JIT: 18
07-26 19:03:29.254 31915 31916 D dalvikvm: GC_CONCURRENT freed 686K, 8% free 10098K/10887K, paused 2ms+2ms
07-26 19:03:42.140   342   342 D SAN_SERVICE: *******************************************
07-26 19:03:42.140   342   342 D SAN_SERVICE: DM App Phone Service State - 0
07-26 19:03:42.140   342   342 D SAN_SERVICE: *******************************************
07-26 19:03:42.422   342   342 D SAN_SERVICE: *******************************************
07-26 19:03:42.422   342   342 D SAN_SERVICE: DM App Phone Service State - 0
07-26 19:03:42.422   342   342 D SAN_SERVICE: *******************************************
07-26 19:03:42.925   342   342 D SAN_SERVICE: *******************************************
07-26 19:03:42.929   342   342 D SAN_SERVICE: DM App Phone Service State - 0
07-26 19:03:42.929   342   342 D SAN_SERVICE: *******************************************
07-26 19:03:47.527   342   342 D SAN_SERVICE: *******************************************
07-26 19:03:47.527   342   342 D SAN_SERVICE: DM App Phone Service State - 0
07-26 19:03:47.527   342   342 D SAN_SERVICE: *******************************************
07-26 19:03:48.504   145   156 D AlarmManagerService: Kernel timezone updated to 240 minutes west of GMT
07-26 19:03:48.523   342   342 D SystemClock: Setting time of day to sec=1343343829
07-26 19:03:49.195   145   162 I ActivityManager: Start proc com.android.calendar for broadcast com.android.calendar/.widget.CalendarAppWidgetService$CalendarFactory: pid=31949 uid=10005 gids={3003}
07-26 19:03:49.324 31949 31949 I ActivityThread: Pub com.android.calendar.CalendarRecentSuggestionsProvider: com.android.calendar.CalendarRecentSuggestionsProvider
07-26 19:03:49.355   342   342 D SAN_SERVICE: *******************************************
07-26 19:03:49.355   342   342 D SAN_SERVICE: DM App Phone Service State - 0
07-26 19:03:49.355   342   342 D SAN_SERVICE: *******************************************
07-26 19:03:49.503   145   338 I ActivityManager: Start proc com.android.deskclock for broadcast com.android.deskclock/.AlarmInitReceiver: pid=31966 uid=10011 gids={}
07-26 19:03:49.558   145   378 I ActivityManager: Start proc com.android.providers.calendar for content provider com.android.providers.calendar/.CalendarProvider2: pid=31981 uid=10006 gids={3003, 1015}
07-26 19:03:49.593   145   430 I ActivityManager: Process com.google.android.apps.plus (pid 31638) has died.
07-26 19:03:49.656 31966 31966 I ActivityThread: Pub com.android.deskclock: com.android.deskclock.AlarmProvider
07-26 19:03:49.691 31981 31981 I ActivityThread: Pub com.android.calendar: com.android.providers.calendar.CalendarProvider2
07-26 19:03:49.855 31966 31994 V AlarmClock: AlarmInitReceiver finished
07-26 19:03:50.062   342   342 D SAN_SERVICE: *******************************************
07-26 19:03:50.066   342   342 D SAN_SERVICE: DM App Phone Service State - 0
07-26 19:03:50.066   342   342 D SAN_SERVICE: *******************************************
07-26 19:03:50.503   342   342 D SAN_SERVICE: *******************************************
07-26 19:03:50.503   342   342 D SAN_SERVICE: DM App Phone Service State - 0
07-26 19:03:50.503   342   342 D SAN_SERVICE: *******************************************
07-26 19:03:50.836   342   342 D SAN_SERVICE: *******************************************
07-26 19:03:50.836   342   342 D SAN_SERVICE: DM App Phone Service State - 0
07-26 19:03:50.836   342   342 D SAN_SERVICE: *******************************************
07-26 19:03:50.902 31981 31981 I CalendarProvider2: Sending notification intent: Intent { act=android.intent.action.PROVIDER_CHANGED dat=content://com.android.calendar }
07-26 19:03:50.918 31981 31981 W ContentResolver: Failed to get type for: content://com.android.calendar (Unknown URL content://com.android.calendar)
07-26 19:03:51.832   342   342 D SAN_SERVICE: *******************************************
07-26 19:03:51.832   342   342 D SAN_SERVICE: DM App Phone Service State - 0
07-26 19:03:51.836   342   342 D SAN_SERVICE: *******************************************
07-26 19:03:52.113   342   342 D SAN_SERVICE: *******************************************
07-26 19:03:52.113   342   342 D SAN_SERVICE: DM App Phone Service State - 0
07-26 19:03:52.113   342   342 D SAN_SERVICE: *******************************************
07-26 19:03:59.086 31737 32655 I EventLogService: Aggregate from 1343342038935 (log), 1343342038935 (data)
07-26 19:04:15.531 31735 31760 D dalvikvm: GC_EXPLICIT freed 360K, 14% free 10647K/12359K, paused 5ms+3ms
07-26 19:04:15.543 31735 32002 I Gmail   : MainSyncRequestProto: lowestBkwdConvoId: 0, highestHandledServerOp: 3348954, normalSync: true
07-26 19:04:18.480 31735 32002 D dalvikvm: GC_EXPLICIT freed 50K, 14% free 10650K/12359K, paused 4ms+3ms
07-26 19:04:18.488 31735 32002 I Gmail   : MainSyncRequestProto: lowestBkwdConvoId: 0, highestHandledServerOp: 3348970, normalSync: true
07-26 19:04:18.488 31735 32002 I Gmail   : lowestBackward conversation id 0
07-26 19:04:18.496 31735 32002 W Gmail   : Scheduling index for 300000 ms from now
07-26 19:04:19.082 29724 29737 I PhoneLab-: Service Running
07-26 19:04:19.148 29724 29737 I PhoneLab-LoggerService: app_37    1300  1     1440   1000  c00f181c 400107b4 S logcat
07-26 19:04:19.148 29724 29737 I PhoneLab-LoggerService: Logcat pid from database 1300
07-26 19:04:19.148 29724 29737 I PhoneLab-LoggerService: Logcat process found 1300
07-26 19:04:19.148 29724 29737 I PhoneLab-LoggerService: Checking Threshold
07-26 19:04:29.773 31915 31916 D dalvikvm: GC_CONCURRENT freed 387K, 8% free 10096K/10887K, paused 2ms+2ms
07-26 19:04:32.464   145   199 D DhcpInfoInternal: makeLinkProperties with empty dns2!
07-26 19:04:32.464   145   199 D DhcpInfoInternal: makeLinkProperties with empty dns2!
07-26 19:04:33.945   342   342 D SAN_SERVICE: *******************************************
07-26 19:04:33.945   342   342 D SAN_SERVICE: DM App Phone Service State - 0
07-26 19:04:33.945   342   342 D SAN_SERVICE: *******************************************
07-26 19:04:34.175   342   342 D SAN_SERVICE: *******************************************
07-26 19:04:34.175   342   342 D SAN_SERVICE: DM App Phone Service State - 0
07-26 19:04:34.175   342   342 D SAN_SERVICE: *******************************************
07-26 19:04:49.320   342   342 D SAN_SERVICE: *******************************************
07-26 19:04:49.320   342   342 D SAN_SERVICE: DM App Phone Service State - 0
07-26 19:04:49.320   342   342 D SAN_SERVICE: *******************************************
07-26 19:04:50.074   342   342 D SAN_SERVICE: *******************************************
07-26 19:04:50.074   342   342 D SAN_SERVICE: DM App Phone Service State - 0
07-26 19:04:50.074   342   342 D SAN_SERVICE: *******************************************
07-26 19:05:09.812   145   338 D AlarmManagerService: Kernel timezone updated to 240 minutes west of GMT
07-26 19:05:25.148   342   342 D SAN_SERVICE: *******************************************
07-26 19:05:25.148   342   342 D SAN_SERVICE: DM App Phone Service State - 0
07-26 19:05:25.148   342   342 D SAN_SERVICE: *******************************************
07-26 19:05:25.339   342   342 D SAN_SERVICE: *******************************************
07-26 19:05:25.339   342   342 D SAN_SERVICE: DM App Phone Service State - 0
07-26 19:05:25.339   342   342 D SAN_SERVICE: *******************************************
07-26 19:05:28.511   145   157 D dalvikvm: GC_EXPLICIT freed 797K, 18% free 19420K/23495K, paused 8ms+12ms
07-26 19:05:29.847 30205 30206 D dalvikvm: GC_CONCURRENT freed 536K, 13% free 10617K/12103K, paused 7ms+2ms
07-26 19:05:29.992 31915 31916 D dalvikvm: GC_CONCURRENT freed 390K, 8% free 10090K/10887K, paused 3ms+2ms
07-26 19:05:45.636   342   342 D SAN_SERVICE: *******************************************
07-26 19:05:45.636   342   342 D SAN_SERVICE: DM App Phone Service State - 0
07-26 19:05:45.636   342   342 D SAN_SERVICE: *******************************************
07-26 19:05:45.855   342   342 D SAN_SERVICE: *******************************************
07-26 19:05:45.855   342   342 D SAN_SERVICE: DM App Phone Service State - 0
07-26 19:05:45.859   342   342 D SAN_SERVICE: *******************************************
07-26 19:05:46.132   342   342 D SAN_SERVICE: *******************************************
07-26 19:05:46.132   342   342 D SAN_SERVICE: DM App Phone Service State - 0
07-26 19:05:46.132   342   342 D SAN_SERVICE: *******************************************
07-26 19:06:06.562   145   174 I ActivityManager: Start proc com.twitter.android for service com.twitter.android/.client.AppService: pid=32026 uid=10064 gids={3003, 1015}
07-26 19:06:06.566 32026 32026 I dalvikvm: Turning on JNI app bug workarounds for target SDK version 11...
07-26 19:06:06.582   145   378 I ActivityManager: Process com.google.android.apps.currents (pid 31554) has died.
07-26 19:06:06.699 32026 32026 I ActivityThread: Pub com.twitter.android.provider.GlobalDatabaseProvider: com.twitter.android.provider.GlobalDatabaseProvider
07-26 19:06:06.707 32026 32026 I ActivityThread: Pub com.twitter.android.provider.TwitterProvider: com.twitter.android.provider.TwitterProvider
07-26 19:06:06.847 32026 32028 D dalvikvm: GC_CONCURRENT freed 189K, 4% free 9306K/9607K, paused 13ms+4ms
07-26 19:06:07.179 32026 32028 D dalvikvm: GC_CONCURRENT freed 225K, 4% free 9521K/9863K, paused 5ms+1ms
07-26 19:06:07.312 32026 32028 D dalvikvm: GC_CONCURRENT freed 287K, 5% free 9642K/10055K, paused 2ms+2ms
07-26 19:06:07.429 32026 32028 D dalvikvm: GC_CONCURRENT freed 286K, 5% free 9767K/10183K, paused 2ms+2ms
07-26 19:06:07.550 32026 32028 D dalvikvm: GC_CONCURRENT freed 306K, 5% free 9896K/10311K, paused 1ms+1ms
07-26 19:06:07.671 32026 32028 D dalvikvm: GC_CONCURRENT freed 303K, 4% free 10027K/10439K, paused 2ms+1ms
07-26 19:06:07.781 32026 32028 D dalvikvm: GC_CONCURRENT freed 292K, 4% free 10151K/10567K, paused 1ms+2ms
07-26 19:06:07.914 32026 32028 D dalvikvm: GC_CONCURRENT freed 301K, 4% free 10284K/10695K, paused 1ms+2ms
07-26 19:06:08.093 32026 32028 D dalvikvm: GC_CONCURRENT freed 471K, 6% free 10228K/10823K, paused 1ms+2ms
07-26 19:06:08.218 32026 32028 D dalvikvm: GC_CONCURRENT freed 337K, 5% free 10305K/10823K, paused 2ms+1ms
07-26 19:06:08.355 32026 32028 D dalvikvm: GC_CONCURRENT freed 372K, 5% free 10408K/10887K, paused 4ms+2ms
07-26 19:06:08.480 32026 32028 D dalvikvm: GC_CONCURRENT freed 345K, 5% free 10488K/10951K, paused 1ms+2ms
07-26 19:06:08.597 32026 32028 D dalvikvm: GC_CONCURRENT freed 332K, 5% free 10568K/11015K, paused 1ms+2ms
07-26 19:06:08.734 32026 32028 D dalvikvm: GC_CONCURRENT freed 374K, 5% free 10661K/11143K, paused 2ms+2ms
07-26 19:06:08.863 32026 32028 D dalvikvm: GC_CONCURRENT freed 418K, 5% free 10759K/11271K, paused 1ms+2ms
07-26 19:06:09.019 32026 32028 D dalvikvm: GC_CONCURRENT freed 410K, 5% free 10901K/11399K, paused 2ms+2ms
07-26 19:06:15.687 32026 32028 D dalvikvm: GC_CONCURRENT freed 355K, 5% free 11125K/11591K, paused 2ms+2ms
07-26 19:06:17.433 32026 32028 D dalvikvm: GC_CONCURRENT freed 490K, 5% free 11267K/11847K, paused 2ms+3ms
07-26 19:06:18.519 29724 29737 I PhoneLab-: Service Running
07-26 19:06:18.609 29724 29737 I PhoneLab-LoggerService: app_37    1300  1     1440   1000  c00f181c 400107b4 S logcat
07-26 19:06:18.609 29724 29737 I PhoneLab-LoggerService: Logcat pid from database 1300
07-26 19:06:18.609 29724 29737 I PhoneLab-LoggerService: Logcat process found 1300
07-26 19:06:18.609 29724 29737 I PhoneLab-LoggerService: Checking Threshold
07-26 19:06:26.578   342   342 D SAN_SERVICE: *******************************************
07-26 19:06:26.578   342   342 D SAN_SERVICE: DM App Phone Service State - 0
07-26 19:06:26.578   342   342 D SAN_SERVICE: *******************************************
07-26 19:06:26.820   342   342 D SAN_SERVICE: *******************************************
07-26 19:06:26.820   342   342 D SAN_SERVICE: DM App Phone Service State - 0
07-26 19:06:26.820   342   342 D SAN_SERVICE: *******************************************
07-26 19:06:27.031   342   342 D SAN_SERVICE: *******************************************
07-26 19:06:27.035   342   342 D SAN_SERVICE: DM App Phone Service State - 0
07-26 19:06:27.035   342   342 D SAN_SERVICE: *******************************************
07-26 19:06:29.972 31915 31916 D dalvikvm: GC_CONCURRENT freed 381K, 8% free 10096K/10887K, paused 2ms+2ms
07-26 19:06:57.246   342   342 D SAN_SERVICE: *******************************************
07-26 19:06:57.250   342   342 D SAN_SERVICE: DM App Phone Service State - 0
07-26 19:06:57.250   342   342 D SAN_SERVICE: *******************************************
07-26 19:06:57.355   145   199 D DhcpInfoInternal: makeLinkProperties with empty dns2!
07-26 19:06:57.359   145   199 D DhcpInfoInternal: makeLinkProperties with empty dns2!
07-26 19:06:57.765   342   342 D SAN_SERVICE: *******************************************
07-26 19:06:57.765   342   342 D SAN_SERVICE: DM App Phone Service State - 0
07-26 19:06:57.765   342   342 D SAN_SERVICE: *******************************************
07-26 19:06:57.839   342   342 D SAN_SERVICE: *******************************************
07-26 19:06:57.843   342   342 D SAN_SERVICE: DM App Phone Service State - 0
07-26 19:06:57.843   342   342 D SAN_SERVICE: *******************************************
07-26 19:06:58.316   342   342 D SAN_SERVICE: *******************************************
07-26 19:06:58.316   342   342 D SAN_SERVICE: DM App Phone Service State - 0
07-26 19:06:58.316   342   342 D SAN_SERVICE: *******************************************
07-26 19:07:09.257   342   342 D SAN_SERVICE: *******************************************
07-26 19:07:09.257   342   342 D SAN_SERVICE: DM App Phone Service State - 0
07-26 19:07:09.257   342   342 D SAN_SERVICE: *******************************************
07-26 19:07:09.496   342   342 D SAN_SERVICE: *******************************************
07-26 19:07:09.500   342   342 D SAN_SERVICE: DM App Phone Service State - 0
07-26 19:07:09.500   342   342 D SAN_SERVICE: *******************************************
07-26 19:07:17.769   342   342 D SAN_SERVICE: *******************************************
07-26 19:07:17.769   342   342 D SAN_SERVICE: DM App Phone Service State - 0
07-26 19:07:17.769   342   342 D SAN_SERVICE: *******************************************
07-26 19:07:28.023   342   342 D SAN_SERVICE: *******************************************
07-26 19:07:28.023   342   342 D SAN_SERVICE: DM App Phone Service State - 0
07-26 19:07:28.023   342   342 D SAN_SERVICE: *******************************************
07-26 19:07:28.257   342   342 D SAN_SERVICE: *******************************************
07-26 19:07:28.257   342   342 D SAN_SERVICE: DM App Phone Service State - 0
07-26 19:07:28.257   342   342 D SAN_SERVICE: *******************************************
07-26 19:07:28.679 30205 30206 D dalvikvm: GC_CONCURRENT freed 415K, 13% free 10608K/12103K, paused 3ms+3ms
07-26 19:07:29.011   342   342 D SAN_SERVICE: *******************************************
07-26 19:07:29.011   342   342 D SAN_SERVICE: DM App Phone Service State - 0
07-26 19:07:29.011   342   342 D SAN_SERVICE: *******************************************
07-26 19:07:30.054 31915 31916 D dalvikvm: GC_CONCURRENT freed 396K, 8% free 10100K/10887K, paused 2ms+2ms
07-26 19:07:48.543   342   342 D SAN_SERVICE: *******************************************
07-26 19:07:48.543   342   342 D SAN_SERVICE: DM App Phone Service State - 0
07-26 19:07:48.543   342   342 D SAN_SERVICE: *******************************************
07-26 19:07:48.828   342   342 D SAN_SERVICE: *******************************************
07-26 19:07:48.828   342   342 D SAN_SERVICE: DM App Phone Service State - 0
07-26 19:07:48.828   342   342 D SAN_SERVICE: *******************************************
07-26 19:07:49.082   342   342 D SAN_SERVICE: *******************************************
07-26 19:07:49.082   342   342 D SAN_SERVICE: DM App Phone Service State - 0
07-26 19:07:49.082   342   342 D SAN_SERVICE: *******************************************
07-26 19:07:59.929 25228 25769 D GetStringObjTask: retrieving from url = http://www.chess.com/api/get_move_status?id=5HHjW9WUGa%2Bcu1LUwnVJPxTIWxmEve4VdkRnRyg7b5Ch69JH2Z5aB%2B7eGuFw8K2uFx47KFsdE3JRdR3Mzv0PkZOj6eZ8N73BvxmEERrzXjMNRo80rkLyJAUTh0iqof4n
07-26 19:08:00.367 25228 25769 D GetStringObjTask: WebRequest SERVER RESPONSE: Success+0
07-26 19:08:18.519 29724 29737 I PhoneLab-: Service Running
07-26 19:08:18.593 29724 29737 I PhoneLab-LoggerService: app_37    1300  1     1440   1000  c00f181c 400107b4 S logcat
07-26 19:08:18.593 29724 29737 I PhoneLab-LoggerService: Logcat pid from database 1300
07-26 19:08:18.605 29724 29737 I PhoneLab-LoggerService: Logcat process found 1300
07-26 19:08:18.605 29724 29737 I PhoneLab-LoggerService: Checking Threshold
07-26 19:08:18.625 29724 29727 D dalvikvm: GC_CONCURRENT freed 430K, 15% free 9124K/10631K, paused 7ms+1ms
07-26 19:08:19.211   342   342 D SAN_SERVICE: *******************************************
07-26 19:08:19.211   342   342 D SAN_SERVICE: DM App Phone Service State - 0
07-26 19:08:19.211   342   342 D SAN_SERVICE: *******************************************
07-26 19:08:19.711   342   342 D SAN_SERVICE: *******************************************
07-26 19:08:19.711   342   342 D SAN_SERVICE: DM App Phone Service State - 0
07-26 19:08:19.711   342   342 D SAN_SERVICE: *******************************************
07-26 19:08:30.035 30205 30206 D dalvikvm: GC_CONCURRENT freed 508K, 13% free 10629K/12103K, paused 1ms+2ms
07-26 19:08:30.156 31915 31916 D dalvikvm: GC_CONCURRENT freed 398K, 8% free 10101K/10887K, paused 1ms+2ms
07-26 19:08:39.679   342   342 D SAN_SERVICE: *******************************************
07-26 19:08:39.679   342   342 D SAN_SERVICE: DM App Phone Service State - 0
07-26 19:08:39.679   342   342 D SAN_SERVICE: *******************************************
07-26 19:08:40.464   342   342 D SAN_SERVICE: *******************************************
07-26 19:08:40.464   342   342 D SAN_SERVICE: DM App Phone Service State - 0
07-26 19:08:40.464   342   342 D SAN_SERVICE: *******************************************
07-26 19:09:10.468   342   342 D SAN_SERVICE: *******************************************
07-26 19:09:10.468   342   342 D SAN_SERVICE: DM App Phone Service State - 0
07-26 19:09:10.468   342   342 D SAN_SERVICE: *******************************************
07-26 19:09:20.711   342   342 D SAN_SERVICE: *******************************************
07-26 19:09:20.711   342   342 D SAN_SERVICE: DM App Phone Service State - 0
07-26 19:09:20.711   342   342 D SAN_SERVICE: *******************************************
07-26 19:09:22.238   145   199 D DhcpInfoInternal: makeLinkProperties with empty dns2!
07-26 19:09:22.242   145   199 D DhcpInfoInternal: makeLinkProperties with empty dns2!
07-26 19:09:30.160 31915 31916 D dalvikvm: GC_CONCURRENT freed 392K, 8% free 10099K/10887K, paused 2ms+2ms
07-26 19:09:54.859   145   174 I ActivityManager: Start proc com.google.android.apps.plus for service com.google.android.apps.plus/.service.EsService: pid=32096 uid=10060 gids={3003, 3002, 1015, 1006}
07-26 19:09:55.148 32096 32098 D dalvikvm: GC_CONCURRENT freed 164K, 3% free 9372K/9607K, paused 2ms+1ms
07-26 19:09:55.265 31735 32095 W Gmail   : Successful index run, cancel next scheduled index run
07-26 19:09:55.378 32096 32096 I ActivityThread: Pub com.google.android.apps.plus.content.ApiProvider: com.google.android.apps.plus.content.EsApiProvider
07-26 19:09:55.402 32096 32096 I ActivityThread: Pub com.google.android.apps.plus.content.EsGooglePhotoProvider: com.google.android.picasasync.PicasaContentProvider
07-26 19:09:55.527 32096 32098 D dalvikvm: GC_CONCURRENT freed 308K, 4% free 9609K/9991K, paused 3ms+3ms
07-26 19:09:55.558 32096 32096 I ActivityThread: Pub com.google.android.apps.plus.content.EsPicasaStoreProvider: com.google.android.picasastore.PicasaPhotoContentProvider
07-26 19:09:55.582 32096 32096 I ActivityThread: Pub com.google.plus.platform: com.google.android.apps.plus.content.AdsProvider
07-26 19:09:55.582 32096 32096 I ActivityThread: Pub com.google.android.apps.plus.iu.EsGoogleIuProvider: com.google.android.apps.plus.iu.InstantUploadProvider
07-26 19:09:55.636 32096 32098 D dalvikvm: GC_CONCURRENT freed 563K, 7% free 9610K/10247K, paused 2ms+2ms
07-26 19:09:55.640 32096 32096 I ActivityThread: Pub com.google.android.apps.plus.content.EsProvider: com.google.android.apps.plus.content.EsProvider
07-26 19:09:55.675 32096 32110 D PicasaPhotoCP: set fsid first time:-1
07-26 19:09:55.691 32096 32096 D dalvikvm: GC_FOR_ALLOC freed 103K, 5% free 9767K/10247K, paused 16ms
07-26 19:09:55.933 32096 32098 D dalvikvm: GC_CONCURRENT freed 167K, 4% free 10039K/10375K, paused 2ms+2ms
07-26 19:09:56.027 32096 32098 D dalvikvm: GC_CONCURRENT freed 127K, 3% free 10338K/10567K, paused 2ms+2ms
07-26 19:09:56.113 32096 32098 D dalvikvm: GC_CONCURRENT freed 306K, 5% free 10461K/10951K, paused 2ms+3ms
07-26 19:09:56.152 32096 32112 D dalvikvm: GC_FOR_ALLOC freed 0K, 5% free 10461K/10951K, paused 21ms
07-26 19:09:56.152 32096 32112 I dalvikvm-heap: Grow heap (frag case) to 10.533MB for 260112-byte allocation
07-26 19:09:56.179 32096 32112 D dalvikvm: GC_FOR_ALLOC freed 126K, 6% free 10589K/11207K, paused 19ms
07-26 19:09:56.203 32096 32112 D dalvikvm: GC_FOR_ALLOC freed 311K, 6% free 10582K/11207K, paused 18ms
07-26 19:09:56.226 32096 32112 D dalvikvm: GC_FOR_ALLOC freed 62K, 6% free 10646K/11207K, paused 18ms
07-26 19:09:56.226 32096 32112 I dalvikvm-heap: Grow heap (frag case) to 10.713MB for 260112-byte allocation
07-26 19:09:56.246 32096 32112 D dalvikvm: GC_FOR_ALLOC freed 126K, 7% free 10774K/11463K, paused 18ms
07-26 19:09:56.269 32096 32112 D dalvikvm: GC_FOR_ALLOC freed 369K, 6% free 10829K/11463K, paused 18ms
07-26 19:09:56.293 32096 32112 D dalvikvm: GC_FOR_ALLOC freed 126K, 5% free 10957K/11463K, paused 18ms
07-26 19:09:56.421 32096 32098 D dalvikvm: GC_CONCURRENT freed 343K, 4% free 11209K/11655K, paused 2ms+2ms
07-26 19:09:56.554 32096 32098 D dalvikvm: GC_CONCURRENT freed 139K, 3% free 11731K/11975K, paused 1ms+2ms
07-26 19:09:56.707 32096 32098 D dalvikvm: GC_CONCURRENT freed 546K, 6% free 12024K/12679K, paused 2ms+2ms
07-26 19:09:56.886 32096 32098 D dalvikvm: GC_CONCURRENT freed 209K, 3% free 12750K/13063K, paused 1ms+2ms
07-26 19:09:57.078 32096 32113 I SqliteDatabaseCpp: sqlite returned: error code = 1, msg = no such column: wipeout_stats, db=/data/data/com.google.android.apps.plus/databases/es0.db
07-26 19:09:57.082 32096 32113 W System.err: android.database.sqlite.SQLiteException: no such column: wipeout_stats: , while compiling: SELECT wipeout_stats  FROM account_status
07-26 19:09:57.089 32096 32113 W System.err: 	at android.database.sqlite.SQLiteCompiledSql.native_compile(Native Method)
07-26 19:09:57.089 32096 32113 W System.err: 	at android.database.sqlite.SQLiteCompiledSql.<init>(SQLiteCompiledSql.java:68)
07-26 19:09:57.093 32096 32113 W System.err: 	at android.database.sqlite.SQLiteProgram.compileSql(SQLiteProgram.java:143)
07-26 19:09:57.093 32096 32113 W System.err: 	at android.database.sqlite.SQLiteProgram.compileAndbindAllArgs(SQLiteProgram.java:361)
07-26 19:09:57.093 32096 32113 W System.err: 	at android.database.sqlite.SQLiteStatement.acquireAndLock(SQLiteStatement.java:260)
07-26 19:09:57.093 32096 32113 W System.err: 	at android.database.sqlite.SQLiteStatement.simpleQueryForLong(SQLiteStatement.java:137)
07-26 19:09:57.093 32096 32113 W System.err: 	at android.database.DatabaseUtils.longForQuery(DatabaseUtils.java:791)
07-26 19:09:57.093 32096 32113 W System.err: 	at android.database.DatabaseUtils.longForQuery(DatabaseUtils.java:779)
07-26 19:09:57.093 32096 32113 W System.err: 	at com.google.android.apps.plus.content.EsAccountsData.isContactsStatsWipeoutNeeded(EsAccountsData.java:641)
07-26 19:09:57.093 32096 32113 W System.err: 	at com.google.android.apps.plus.service.EsService.processIntent(EsService.java:4246)
07-26 19:09:57.093 32096 32113 W System.err: 	at com.google.android.apps.plus.service.ServiceThread$1.run(ServiceThread.java:50)
07-26 19:09:57.097 32096 32113 W System.err: 	at android.os.Handler.handleCallback(Handler.java:605)
07-26 19:09:57.097 32096 32113 W System.err: 	at android.os.Handler.dispatchMessage(Handler.java:92)
07-26 19:09:57.097 32096 32113 W System.err: 	at android.os.Looper.loop(Looper.java:137)
07-26 19:09:57.097 32096 32113 W System.err: 	at com.google.android.apps.plus.service.ServiceThread.run(ServiceThread.java:122)
07-26 19:09:58.968 32096 32098 D dalvikvm: GC_CONCURRENT freed 1063K, 9% free 12841K/14023K, paused 2ms+3ms
07-26 19:10:06.699   342   342 D SAN_SERVICE: *******************************************
07-26 19:10:06.699   342   342 D SAN_SERVICE: DM App Phone Service State - 0
07-26 19:10:06.699   342   342 D SAN_SERVICE: *******************************************
07-26 19:10:06.980   342   342 D SAN_SERVICE: *******************************************
07-26 19:10:06.980   342   342 D SAN_SERVICE: DM App Phone Service State - 0
07-26 19:10:06.980   342   342 D SAN_SERVICE: *******************************************
07-26 19:10:07.195   342   342 D SAN_SERVICE: *******************************************
07-26 19:10:07.195   342   342 D SAN_SERVICE: DM App Phone Service State - 0
07-26 19:10:07.195   342   342 D SAN_SERVICE: *******************************************
07-26 19:10:07.199 32096 32117 E dalvikvm: Could not find class 'android.app.Notification$InboxStyle', referenced from method com.google.android.apps.plus.service.AndroidNotification.createDigestNotification
07-26 19:10:07.199 32096 32117 W dalvikvm: VFY: unable to resolve new-instance 41 (Landroid/app/Notification$InboxStyle;) in Lcom/google/android/apps/plus/service/AndroidNotification;
07-26 19:10:07.199 32096 32117 D dalvikvm: VFY: replacing opcode 0x22 at 0x0018
07-26 19:10:07.199 32096 32117 I dalvikvm: Could not find method android.app.Notification$Builder.setPriority, referenced from method com.google.android.apps.plus.service.AndroidNotification.createRichNotification
07-26 19:10:07.199 32096 32117 W dalvikvm: VFY: unable to resolve virtual method 162: Landroid/app/Notification$Builder;.setPriority (I)Landroid/app/Notification$Builder;
07-26 19:10:07.199 32096 32117 D dalvikvm: VFY: replacing opcode 0x6e at 0x00d5
07-26 19:10:07.211 32096 32117 D dalvikvm: DexOpt: unable to opt direct call 0x00a8 at 0x1a in Lcom/google/android/apps/plus/service/AndroidNotification;.createDigestNotification
07-26 19:10:07.211 32096 32117 D dalvikvm: DexOpt: unable to opt direct call 0x0091 at 0xf1 in Lcom/google/android/apps/plus/service/AndroidNotification;.createRichNotification
07-26 19:10:07.211 32096 32117 D dalvikvm: DexOpt: unable to opt direct call 0x0095 at 0x397 in Lcom/google/android/apps/plus/service/AndroidNotification;.createRichNotification
07-26 19:10:07.570 32096 32098 D dalvikvm: GC_CONCURRENT freed 1095K, 9% free 12938K/14151K, paused 2ms+3ms
07-26 19:10:09.566   145   147 D dalvikvm: GC_CONCURRENT freed 1862K, 18% free 19477K/23495K, paused 5ms+9ms
07-26 19:10:10.168 32096 32098 D dalvikvm: GC_CONCURRENT freed 1114K, 9% free 13043K/14279K, paused 4ms+5ms
07-26 19:10:10.574 32096 32098 D dalvikvm: GC_CONCURRENT freed 1131K, 9% free 13160K/14407K, paused 2ms+2ms
07-26 19:10:10.836 29184 29186 D dalvikvm: GC_CONCURRENT freed 414K, 6% free 9827K/10439K, paused 9ms+6ms
07-26 19:10:12.601   145   326 D dalvikvm: GC_EXPLICIT freed 235K, 18% free 19327K/23495K, paused 16ms+7ms
07-26 19:10:13.332 32096 32098 D dalvikvm: GC_CONCURRENT freed 1159K, 9% free 13313K/14599K, paused 3ms+6ms
07-26 19:10:13.699 32096 32117 D dalvikvm: GC_FOR_ALLOC freed 525K, 7% free 13590K/14599K, paused 43ms
07-26 19:10:13.746 32096 32117 D dalvikvm: GC_FOR_ALLOC freed 350K, 10% free 13584K/14983K, paused 38ms
07-26 19:10:13.746 32096 32117 I dalvikvm-heap: Grow heap (frag case) to 13.670MB for 352166-byte allocation
07-26 19:10:13.789 32096 32117 D dalvikvm: GC_FOR_ALLOC freed 0K, 10% free 13928K/15367K, paused 38ms
07-26 19:10:14.468 29184 29186 D dalvikvm: GC_CONCURRENT freed 378K, 6% free 9837K/10439K, paused 2ms+4ms
07-26 19:10:14.824 32096 32098 D dalvikvm: GC_CONCURRENT freed 1050K, 8% free 14445K/15623K, paused 3ms+7ms
07-26 19:10:16.339 29905 29908 D dalvikvm: GC_CONCURRENT freed 2003K, 17% free 12222K/14599K, paused 148ms+3ms
07-26 19:10:18.070 32096 32098 D dalvikvm: GC_CONCURRENT freed 1692K, 12% free 14441K/16263K, paused 2ms+5ms
07-26 19:10:18.519 29724 29737 I PhoneLab-: Service Running
07-26 19:10:18.578 29184 29468 D dalvikvm: GC_EXPLICIT freed 179K, 7% free 9770K/10439K, paused 31ms+3ms
07-26 19:10:18.621 29724 29737 I PhoneLab-LoggerService: app_37    1300  1     1440   1000  c00ab7c8 40010474 D logcat
07-26 19:10:18.621 29724 29737 I PhoneLab-LoggerService: Logcat pid from database 1300
07-26 19:10:18.621 29724 29737 I PhoneLab-LoggerService: Logcat process found 1300
07-26 19:10:18.621 29724 29737 I PhoneLab-LoggerService: Checking Threshold
07-26 19:10:20.445 32096 32117 I SqliteDatabaseCpp: sqlite returned: error code = 1, msg = no such column: last_stats_sync_time, db=/data/data/com.google.android.apps.plus/databases/es0.db
07-26 19:10:20.453 32096 32117 E EsSyncAdapterService: Sync failure
07-26 19:10:20.453 32096 32117 E EsSyncAdapterService: android.database.sqlite.SQLiteException: no such column: last_stats_sync_time: , while compiling: SELECT last_stats_sync_time  FROM account_status
07-26 19:10:20.453 32096 32117 E EsSyncAdapterService: 	at android.database.sqlite.SQLiteCompiledSql.native_compile(Native Method)
07-26 19:10:20.453 32096 32117 E EsSyncAdapterService: 	at android.database.sqlite.SQLiteCompiledSql.<init>(SQLiteCompiledSql.java:68)
07-26 19:10:20.453 32096 32117 E EsSyncAdapterService: 	at android.database.sqlite.SQLiteProgram.compileSql(SQLiteProgram.java:143)
07-26 19:10:20.453 32096 32117 E EsSyncAdapterService: 	at android.database.sqlite.SQLiteProgram.compileAndbindAllArgs(SQLiteProgram.java:361)
07-26 19:10:20.453 32096 32117 E EsSyncAdapterService: 	at android.database.sqlite.SQLiteStatement.acquireAndLock(SQLiteStatement.java:260)
07-26 19:10:20.453 32096 32117 E EsSyncAdapterService: 	at android.database.sqlite.SQLiteStatement.simpleQueryForLong(SQLiteStatement.java:137)
07-26 19:10:20.453 32096 32117 E EsSyncAdapterService: 	at android.database.DatabaseUtils.longForQuery(DatabaseUtils.java:791)
07-26 19:10:20.453 32096 32117 E EsSyncAdapterService: 	at android.database.DatabaseUtils.longForQuery(DatabaseUtils.java:779)
07-26 19:10:20.453 32096 32117 E EsSyncAdapterService: 	at com.google.android.apps.plus.content.EsAccountsData.queryLastStatsSyncTimestamp(EsAccountsData.java:570)
07-26 19:10:20.453 32096 32117 E EsSyncAdapterService: 	at com.google.android.apps.plus.service.EsSyncAdapterService.syncContactsStatsIfNecessary(EsSyncAdapterService.java:670)
07-26 19:10:20.453 32096 32117 E EsSyncAdapterService: 	at com.google.android.apps.plus.service.EsSyncAdapterService.doFullSync(EsSyncAdapterService.java:633)
07-26 19:10:20.453 32096 32117 E EsSyncAdapterService: 	at com.google.android.apps.plus.service.EsSyncAdapterService.doSync(EsSyncAdapterService.java:566)
07-26 19:10:20.453 32096 32117 E EsSyncAdapterService: 	at com.google.android.apps.plus.service.EsSyncAdapterService.access$100(EsSyncAdapterService.java:52)
07-26 19:10:20.453 32096 32117 E EsSyncAdapterService: 	at com.google.android.apps.plus.service.EsSyncAdapterService$SyncAdapterImpl.onPerformSync(EsSyncAdapterService.java:408)
07-26 19:10:20.453 32096 32117 E EsSyncAdapterService: 	at android.content.AbstractThreadedSyncAdapter$SyncThread.run(AbstractThreadedSyncAdapter.java:247)
07-26 19:10:20.476   145   169 D SyncManager: failed sync operation lokeshmandvekar@gmail.com (com.google), com.google.android.apps.plus.content.EsProvider, SERVER, earliestRunTime 263702278, SyncResult: stats [ numParseExceptions: 1]
07-26 19:10:20.511   145   169 D SyncManager: not retrying sync operation because the error is a hard error: lokeshmandvekar@gmail.com (com.google), com.google.android.apps.plus.content.EsProvider, SERVER, earliestRunTime 263725713
07-26 19:10:25.586 32096 32098 D dalvikvm: GC_CONCURRENT freed 2942K, 19% free 13245K/16327K, paused 2ms+3ms
07-26 19:10:25.761 32096 32124 D dalvikvm: GC_EXPLICIT freed 238K, 20% free 13193K/16327K, paused 10ms+3ms
07-26 19:10:26.347 29184 29186 D dalvikvm: GC_CONCURRENT freed 329K, 6% free 9830K/10439K, paused 2ms+5ms
07-26 19:10:28.179 29184 29186 D dalvikvm: GC_CONCURRENT freed 375K, 6% free 9842K/10439K, paused 2ms+3ms
07-26 19:10:28.859   145   421 D dalvikvm: GC_EXPLICIT freed 293K, 18% free 19339K/23495K, paused 28ms+7ms
07-26 19:10:30.199 30205 30206 D dalvikvm: GC_CONCURRENT freed 536K, 13% free 10629K/12103K, paused 2ms+3ms
07-26 19:10:30.328 31915 31916 D dalvikvm: GC_CONCURRENT freed 391K, 8% free 10101K/10887K, paused 1ms+2ms
07-26 19:10:57.894   342   342 D SAN_SERVICE: *******************************************
07-26 19:10:57.894   342   342 D SAN_SERVICE: DM App Phone Service State - 0
07-26 19:10:57.894   342   342 D SAN_SERVICE: *******************************************
07-26 19:10:58.203 29905 29908 D dalvikvm: GC_CONCURRENT freed 981K, 16% free 12297K/14599K, paused 6ms+8ms
07-26 19:10:58.718   342   342 D SAN_SERVICE: *******************************************
07-26 19:10:58.718   342   342 D SAN_SERVICE: DM App Phone Service State - 0
07-26 19:10:58.718   342   342 D SAN_SERVICE: *******************************************
07-26 19:11:08.285   342   342 D SAN_SERVICE: *******************************************
07-26 19:11:08.285   342   342 D SAN_SERVICE: DM App Phone Service State - 0
07-26 19:11:08.285   342   342 D SAN_SERVICE: *******************************************
07-26 19:11:08.320   342   345 D dalvikvm: GC_CONCURRENT freed 848K, 9% free 11912K/12999K, paused 13ms+3ms
07-26 19:11:08.375 31737 31740 D dalvikvm: GC_CONCURRENT freed 512K, 7% free 10880K/11655K, paused 22ms+6ms
07-26 19:11:08.414   342   342 D SAN_SERVICE: *******************************************
07-26 19:11:08.414   342   342 D SAN_SERVICE: DM App Phone Service State - 0
07-26 19:11:08.414   342   342 D SAN_SERVICE: *******************************************
07-26 19:11:09.214   342   342 D SAN_SERVICE: *******************************************
07-26 19:11:09.214   342   342 D SAN_SERVICE: DM App Phone Service State - 0
07-26 19:11:09.214   342   342 D SAN_SERVICE: *******************************************
07-26 19:11:14.976   342   342 D SAN_SERVICE: *******************************************
07-26 19:11:14.976   342   342 D SAN_SERVICE: DM App Phone Service State - 0
07-26 19:11:14.976   342   342 D SAN_SERVICE: *******************************************
07-26 19:11:28.679   342   342 D SAN_SERVICE: *******************************************
07-26 19:11:28.679   342   342 D SAN_SERVICE: DM App Phone Service State - 0
07-26 19:11:28.679   342   342 D SAN_SERVICE: *******************************************
07-26 19:11:28.925   342   342 D SAN_SERVICE: *******************************************
07-26 19:11:28.925   342   342 D SAN_SERVICE: DM App Phone Service State - 0
07-26 19:11:28.925   342   342 D SAN_SERVICE: *******************************************
07-26 19:11:29.429   342   342 D SAN_SERVICE: *******************************************
07-26 19:11:29.429   342   342 D SAN_SERVICE: DM App Phone Service State - 0
07-26 19:11:29.429   342   342 D SAN_SERVICE: *******************************************
07-26 19:11:30.336 31915 31916 D dalvikvm: GC_CONCURRENT freed 397K, 8% free 10101K/10887K, paused 2ms+2ms
07-26 19:11:39.128   342   342 D SAN_SERVICE: *******************************************
07-26 19:11:39.128   342   342 D SAN_SERVICE: DM App Phone Service State - 0
07-26 19:11:39.128   342   342 D SAN_SERVICE: *******************************************
07-26 19:11:39.925   342   342 D SAN_SERVICE: *******************************************
07-26 19:11:39.925   342   342 D SAN_SERVICE: DM App Phone Service State - 0
07-26 19:11:39.925   342   342 D SAN_SERVICE: *******************************************
07-26 19:11:46.918   145   199 D DhcpInfoInternal: makeLinkProperties with empty dns2!
07-26 19:11:46.918   145   199 D DhcpInfoInternal: makeLinkProperties with empty dns2!
07-26 19:11:49.187   342   342 D SAN_SERVICE: *******************************************
07-26 19:11:49.187   342   342 D SAN_SERVICE: DM App Phone Service State - 0
07-26 19:11:49.187   342   342 D SAN_SERVICE: *******************************************
07-26 19:12:04.488   342   342 D SAN_SERVICE: *******************************************
07-26 19:12:04.488   342   342 D SAN_SERVICE: DM App Phone Service State - 0
07-26 19:12:04.488   342   342 D SAN_SERVICE: *******************************************
07-26 19:12:04.765   342   342 D SAN_SERVICE: *******************************************
07-26 19:12:04.765   342   342 D SAN_SERVICE: DM App Phone Service State - 0
07-26 19:12:04.765   342   342 D SAN_SERVICE: *******************************************
07-26 19:12:04.980   342   342 D SAN_SERVICE: *******************************************
07-26 19:12:04.980   342   342 D SAN_SERVICE: DM App Phone Service State - 0
07-26 19:12:04.980   342   342 D SAN_SERVICE: *******************************************
07-26 19:12:18.519 29724 29737 I PhoneLab-: Service Running
07-26 19:12:18.605 29724 29737 I PhoneLab-LoggerService: app_37    1300  1     1440   1000  c00f181c 400107b4 S logcat
07-26 19:12:18.605 29724 29737 I PhoneLab-LoggerService: Logcat pid from database 1300
07-26 19:12:18.605 29724 29737 I PhoneLab-LoggerService: Logcat process found 1300
07-26 19:12:18.605 29724 29737 I PhoneLab-LoggerService: Checking Threshold
07-26 19:12:30.289 30205 30206 D dalvikvm: GC_CONCURRENT freed 535K, 13% free 10629K/12103K, paused 2ms+3ms
07-26 19:12:30.464 31915 31916 D dalvikvm: GC_CONCURRENT freed 405K, 8% free 10102K/10887K, paused 2ms+2ms
07-26 19:12:35.195   342   342 D SAN_SERVICE: *******************************************
07-26 19:12:35.195   342   342 D SAN_SERVICE: DM App Phone Service State - 0
07-26 19:12:35.195   342   342 D SAN_SERVICE: *******************************************
07-26 19:12:35.429   342   342 D SAN_SERVICE: *******************************************
07-26 19:12:35.429   342   342 D SAN_SERVICE: DM App Phone Service State - 0
07-26 19:12:35.429   342   342 D SAN_SERVICE: *******************************************
07-26 19:12:36.195   145  1302 D AlarmManagerService: Kernel timezone updated to 240 minutes west of GMT
07-26 19:12:36.207   342   342 D SAN_SERVICE: *******************************************
07-26 19:12:36.207   342   342 D SAN_SERVICE: DM App Phone Service State - 0
07-26 19:12:36.207   342   342 D SAN_SERVICE: *******************************************
07-26 19:12:36.683   342   342 D SAN_SERVICE: *******************************************
07-26 19:12:36.683   342   342 D SAN_SERVICE: DM App Phone Service State - 0
07-26 19:12:36.683   342   342 D SAN_SERVICE: *******************************************
07-26 19:12:36.918   342   342 D SAN_SERVICE: *******************************************
07-26 19:12:36.918   342   342 D SAN_SERVICE: DM App Phone Service State - 0
07-26 19:12:36.918   342   342 D SAN_SERVICE: *******************************************
07-26 19:12:37.226   342   342 D SAN_SERVICE: *******************************************
07-26 19:12:37.226   342   342 D SAN_SERVICE: DM App Phone Service State - 0
07-26 19:12:37.226   342   342 D SAN_SERVICE: *******************************************
07-26 19:12:39.039   342   342 D SAN_SERVICE: *******************************************
07-26 19:12:39.039   342   342 D SAN_SERVICE: DM App Phone Service State - 0
07-26 19:12:39.039   342   342 D SAN_SERVICE: *******************************************
07-26 19:12:39.574   342   342 D SAN_SERVICE: *******************************************
07-26 19:12:39.574   342   342 D SAN_SERVICE: DM App Phone Service State - 0
07-26 19:12:39.574   342   342 D SAN_SERVICE: *******************************************
07-26 19:12:44.480   342   342 D SAN_SERVICE: *******************************************
07-26 19:12:44.480   342   342 D SAN_SERVICE: DM App Phone Service State - 0
07-26 19:12:44.480   342   342 D SAN_SERVICE: *******************************************
07-26 19:12:48.023   342   342 D SAN_SERVICE: *******************************************
07-26 19:12:48.023   342   342 D SAN_SERVICE: DM App Phone Service State - 0
07-26 19:12:48.023   342   342 D SAN_SERVICE: *******************************************
07-26 19:12:58.250   342   342 D SAN_SERVICE: *******************************************
07-26 19:12:58.250   342   342 D SAN_SERVICE: DM App Phone Service State - 0
07-26 19:12:58.250   342   342 D SAN_SERVICE: *******************************************
07-26 19:12:58.757   342   342 D SAN_SERVICE: *******************************************
07-26 19:12:58.757   342   342 D SAN_SERVICE: DM App Phone Service State - 0
07-26 19:12:58.757   342   342 D SAN_SERVICE: *******************************************
07-26 19:12:59.925 25228 25242 D GetStringObjTask: retrieving from url = http://www.chess.com/api/get_move_status?id=5HHjW9WUGa%2Bcu1LUwnVJPxTIWxmEve4VdkRnRyg7b5Ch69JH2Z5aB%2B7eGuFw8K2uFx47KFsdE3JRdR3Mzv0PkZOj6eZ8N73BvxmEERrzXjMNRo80rkLyJAUTh0iqof4n
07-26 19:13:00.296 25228 25242 D GetStringObjTask: WebRequest SERVER RESPONSE: Success+0
07-26 19:13:06.000   342   342 D SAN_SERVICE: *******************************************
07-26 19:13:06.000   342   342 D SAN_SERVICE: DM App Phone Service State - 0
07-26 19:13:06.000   342   342 D SAN_SERVICE: *******************************************
07-26 19:13:17.902   342   342 D SAN_SERVICE: *******************************************
07-26 19:13:17.902   342   342 D SAN_SERVICE: DM App Phone Service State - 0
07-26 19:13:17.902   342   342 D SAN_SERVICE: *******************************************
07-26 19:13:18.617   145   157 D AlarmManagerService: Kernel timezone updated to 240 minutes west of GMT
07-26 19:13:18.625   342   342 D SAN_SERVICE: *******************************************
07-26 19:13:18.625   342   342 D SAN_SERVICE: DM App Phone Service State - 0
07-26 19:13:18.625   342   342 D SAN_SERVICE: *******************************************
07-26 19:13:30.351 30205 30206 D dalvikvm: GC_CONCURRENT freed 528K, 13% free 10636K/12103K, paused 2ms+3ms
07-26 19:13:30.492 31915 31916 D dalvikvm: GC_CONCURRENT freed 405K, 8% free 10099K/10887K, paused 1ms+2ms
07-26 19:13:31.562   342   342 D SAN_SERVICE: *******************************************
07-26 19:13:31.562   342   342 D SAN_SERVICE: DM App Phone Service State - 0
07-26 19:13:31.562   342   342 D SAN_SERVICE: *******************************************
07-26 19:13:32.316   342   342 D SAN_SERVICE: *******************************************
07-26 19:13:32.320   342   342 D SAN_SERVICE: DM App Phone Service State - 0
07-26 19:13:32.320   342   342 D SAN_SERVICE: *******************************************
07-26 19:13:41.781   342   342 D SAN_SERVICE: *******************************************
07-26 19:13:41.781   342   342 D SAN_SERVICE: DM App Phone Service State - 0
07-26 19:13:41.781   342   342 D SAN_SERVICE: *******************************************
07-26 19:13:42.050   342   342 D SAN_SERVICE: *******************************************
07-26 19:13:42.050   342   342 D SAN_SERVICE: DM App Phone Service State - 0
07-26 19:13:42.050   342   342 D SAN_SERVICE: *******************************************
07-26 19:13:42.804   342   342 D SAN_SERVICE: *******************************************
07-26 19:13:42.808   342   342 D SAN_SERVICE: DM App Phone Service State - 0
07-26 19:13:42.808   342   342 D SAN_SERVICE: *******************************************
07-26 19:13:58.855   342   342 D SAN_SERVICE: *******************************************
07-26 19:13:58.855   342   342 D SAN_SERVICE: DM App Phone Service State - 0
07-26 19:13:58.855   342   342 D SAN_SERVICE: *******************************************
07-26 19:13:59.363   342   342 D SAN_SERVICE: *******************************************
07-26 19:13:59.363   342   342 D SAN_SERVICE: DM App Phone Service State - 0
07-26 19:13:59.363   342   342 D SAN_SERVICE: *******************************************
07-26 19:14:07.582   342   342 D SAN_SERVICE: *******************************************
07-26 19:14:07.582   342   342 D SAN_SERVICE: DM App Phone Service State - 0
07-26 19:14:07.582   342   342 D SAN_SERVICE: *******************************************
07-26 19:14:07.836   342   342 D SAN_SERVICE: *******************************************
07-26 19:14:07.836   342   342 D SAN_SERVICE: DM App Phone Service State - 0
07-26 19:14:07.836   342   342 D SAN_SERVICE: *******************************************
07-26 19:14:07.964   342   342 D SAN_SERVICE: *******************************************
07-26 19:14:07.964   342   342 D SAN_SERVICE: DM App Phone Service State - 0
07-26 19:14:07.972   342   342 D SAN_SERVICE: *******************************************
07-26 19:14:11.816   145   199 D DhcpInfoInternal: makeLinkProperties with empty dns2!
07-26 19:14:11.820   145   199 D DhcpInfoInternal: makeLinkProperties with empty dns2!
07-26 19:14:17.656   342   342 D SAN_SERVICE: *******************************************
07-26 19:14:17.656   342   342 D SAN_SERVICE: DM App Phone Service State - 0
07-26 19:14:17.656   342   342 D SAN_SERVICE: *******************************************
07-26 19:14:18.121   342   342 D SAN_SERVICE: *******************************************
07-26 19:14:18.121   342   342 D SAN_SERVICE: DM App Phone Service State - 0
07-26 19:14:18.121   342   342 D SAN_SERVICE: *******************************************
07-26 19:14:18.519 29724 29737 I PhoneLab-: Service Running
07-26 19:14:18.589 29724 29737 I PhoneLab-LoggerService: app_37    1300  1     1440   1000  c00f181c 400107b4 S logcat
07-26 19:14:18.589 29724 29737 I PhoneLab-LoggerService: Logcat pid from database 1300
07-26 19:14:18.589 29724 29737 I PhoneLab-LoggerService: Logcat process found 1300
07-26 19:14:18.589 29724 29737 I PhoneLab-LoggerService: Checking Threshold
07-26 19:14:23.000   342   342 D SAN_SERVICE: *******************************************
07-26 19:14:23.000   342   342 D SAN_SERVICE: DM App Phone Service State - 0
07-26 19:14:23.000   342   342 D SAN_SERVICE: *******************************************
07-26 19:14:23.246   342   342 D SAN_SERVICE: *******************************************
07-26 19:14:23.246   342   342 D SAN_SERVICE: DM App Phone Service State - 0
07-26 19:14:23.246   342   342 D SAN_SERVICE: *******************************************
07-26 19:14:30.484 31915 31916 D dalvikvm: GC_CONCURRENT freed 399K, 8% free 10101K/10887K, paused 2ms+2ms
07-26 19:14:33.031   342   342 D SAN_SERVICE: *******************************************
07-26 19:14:33.031   342   342 D SAN_SERVICE: DM App Phone Service State - 0
07-26 19:14:33.035   342   342 D SAN_SERVICE: *******************************************
07-26 19:14:33.757   342   342 D SAN_SERVICE: *******************************************
07-26 19:14:33.757   342   342 D SAN_SERVICE: DM App Phone Service State - 0
07-26 19:14:33.757   342   342 D SAN_SERVICE: *******************************************
07-26 19:14:48.414   342   342 D SAN_SERVICE: *******************************************
07-26 19:14:48.418   342   342 D SAN_SERVICE: DM App Phone Service State - 0
07-26 19:14:48.418   342   342 D SAN_SERVICE: *******************************************
07-26 19:14:48.675   342   342 D SAN_SERVICE: *******************************************
07-26 19:14:48.675   342   342 D SAN_SERVICE: DM App Phone Service State - 0
07-26 19:14:48.675   342   342 D SAN_SERVICE: *******************************************
07-26 19:15:03.707   342   342 D SAN_SERVICE: *******************************************
07-26 19:15:03.707   342   342 D SAN_SERVICE: DM App Phone Service State - 0
07-26 19:15:03.707   342   342 D SAN_SERVICE: *******************************************
07-26 19:15:04.480   342   342 D SAN_SERVICE: *******************************************
07-26 19:15:04.480   342   342 D SAN_SERVICE: DM App Phone Service State - 0
07-26 19:15:04.480   342   342 D SAN_SERVICE: *******************************************
07-26 19:15:20.746   342   342 D SAN_SERVICE: *******************************************
07-26 19:15:20.746   342   342 D SAN_SERVICE: DM App Phone Service State - 0
07-26 19:15:20.746   342   342 D SAN_SERVICE: *******************************************
07-26 19:15:21.277   342   342 D SAN_SERVICE: *******************************************
07-26 19:15:21.277   342   342 D SAN_SERVICE: DM App Phone Service State - 0
07-26 19:15:21.277   342   342 D SAN_SERVICE: *******************************************
07-26 19:15:21.316   342   345 D dalvikvm: GC_CONCURRENT freed 838K, 9% free 11912K/12999K, paused 11ms+3ms
07-26 19:15:30.480 30205 30206 D dalvikvm: GC_CONCURRENT freed 534K, 13% free 10641K/12103K, paused 1ms+3ms
07-26 19:15:30.613 31915 31916 D dalvikvm: GC_CONCURRENT freed 414K, 8% free 10103K/10887K, paused 1ms+2ms
07-26 19:16:00.011   145   162 I ActivityManager: No longer want com.android.sprintmenu (pid 30189): hidden #16
07-26 19:16:00.074   145   421 W ActivityManager: Scheduling restart of crashed service com.android.sprintmenu/.HiddenPhoneService in 5000ms
07-26 19:16:01.734   342   342 D SAN_SERVICE: *******************************************
07-26 19:16:01.738   342   342 D SAN_SERVICE: DM App Phone Service State - 0
07-26 19:16:01.738   342   342 D SAN_SERVICE: *******************************************
07-26 19:16:01.992   342   342 D SAN_SERVICE: *******************************************
07-26 19:16:01.992   342   342 D SAN_SERVICE: DM App Phone Service State - 0
07-26 19:16:01.992   342   342 D SAN_SERVICE: *******************************************
07-26 19:16:05.086   145   162 I ActivityManager: Start proc com.android.sprintmenu for service com.android.sprintmenu/.HiddenPhoneService: pid=32194 uid=1001 gids={3002, 3001, 3003, 1015}
07-26 19:16:11.308   145   430 D AlarmManagerService: Kernel timezone updated to 240 minutes west of GMT
07-26 19:16:11.320   342   342 D SystemClock: Setting time of day to sec=1343344571
07-26 19:16:11.239   145 21503 D dalvikvm: JIT code cache reset in 4 ms (1048512 bytes 53/0)
07-26 19:16:11.251   145 21503 D dalvikvm: GC_EXPLICIT freed 1215K, 18% free 19478K/23495K, paused 4ms+16ms
07-26 19:16:11.294 31966 31994 V AlarmClock: AlarmInitReceiver finished
07-26 19:16:11.298   145 22786 I ActivityManager: No longer want com.google.android.apps.maps:NetworkLocationService (pid 30205): hidden #16
07-26 19:16:11.388   145 22258 W ActivityManager: Scheduling restart of crashed service com.google.android.apps.maps/com.google.android.location.internal.server.NetworkLocationService in 5000ms
07-26 19:16:13.915   342   342 D SAN_SERVICE: *******************************************
07-26 19:16:13.915   342   342 D SAN_SERVICE: DM App Phone Service State - 0
07-26 19:16:13.915   342   342 D SAN_SERVICE: *******************************************
07-26 19:16:14.173   342   342 D SAN_SERVICE: *******************************************
07-26 19:16:14.173   342   342 D SAN_SERVICE: DM App Phone Service State - 0
07-26 19:16:14.173   342   342 D SAN_SERVICE: *******************************************
07-26 19:16:14.935   342   342 D SAN_SERVICE: *******************************************
07-26 19:16:14.935   342   342 D SAN_SERVICE: DM App Phone Service State - 0
07-26 19:16:14.935   342   342 D SAN_SERVICE: *******************************************
07-26 19:16:15.439   342   342 D SAN_SERVICE: *******************************************
07-26 19:16:15.439   342   342 D SAN_SERVICE: DM App Phone Service State - 0
07-26 19:16:15.439   342   342 D SAN_SERVICE: *******************************************
07-26 19:16:15.939   342   342 D SAN_SERVICE: *******************************************
07-26 19:16:15.939   342   342 D SAN_SERVICE: DM App Phone Service State - 0
07-26 19:16:15.939   342   342 D SAN_SERVICE: *******************************************
07-26 19:16:16.208 31981 31984 D dalvikvm: GC_CONCURRENT freed 335K, 5% free 9163K/9607K, paused 2ms+3ms
07-26 19:16:16.442   145   162 I ActivityManager: Start proc com.google.android.apps.maps:NetworkLocationService for service com.google.android.apps.maps/com.google.android.location.internal.server.NetworkLocationService: pid=32212 uid=10056 gids={3003, 1015}
07-26 19:16:16.603 32212 32214 D dalvikvm: GC_CONCURRENT freed 173K, 3% free 9363K/9607K, paused 2ms+3ms
07-26 19:16:17.036 32212 32214 D dalvikvm: GC_CONCURRENT freed 160K, 3% free 9688K/9927K, paused 2ms+2ms
07-26 19:16:17.431 32212 32214 D dalvikvm: GC_CONCURRENT freed 166K, 3% free 10073K/10311K, paused 1ms+3ms
07-26 19:16:17.599 32212 32214 D dalvikvm: GC_CONCURRENT freed 672K, 8% free 9887K/10695K, paused 1ms+1ms
07-26 19:16:17.689   145   162 I ActivityManager: Start proc com.google.android.apps.maps:FriendService for broadcast com.google.android.apps.maps/com.google.googlenav.friend.android.ServiceReceiver: pid=32233 uid=10056 gids={3003, 1015}
07-26 19:16:17.853 32233 32235 D dalvikvm: GC_CONCURRENT freed 175K, 3% free 9360K/9607K, paused 2ms+2ms
07-26 19:16:17.985 32233 32235 D dalvikvm: GC_CONCURRENT freed 216K, 4% free 9685K/9991K, paused 4ms+2ms
07-26 19:16:18.028 32212 32219 I dalvikvm: Total arena pages for JIT: 11
07-26 19:16:18.036 32212 32219 I dalvikvm: Total arena pages for JIT: 12
07-26 19:16:18.052 32212 32219 I dalvikvm: Total arena pages for JIT: 13
07-26 19:16:18.052 32212 32219 I dalvikvm: Total arena pages for JIT: 14
07-26 19:16:18.052 32212 32219 I dalvikvm: Total arena pages for JIT: 15
07-26 19:16:18.052 32212 32219 I dalvikvm: Total arena pages for JIT: 16
07-26 19:16:18.052 32212 32219 I dalvikvm: Total arena pages for JIT: 17
07-26 19:16:18.118   145   421 I ActivityManager: No longer want com.facebook.orca (pid 30290): hidden #16
07-26 19:16:18.126   145   430 W ActivityManager: Scheduling restart of crashed service com.facebook.orca/.push.mqtt.MqttPushService in 5000ms
07-26 19:16:18.228 32212 32219 I dalvikvm: Total arena pages for JIT: 18
07-26 19:16:18.364 32212 32214 D dalvikvm: GC_CONCURRENT freed 206K, 5% free 10166K/10695K, paused 2ms+2ms
07-26 19:16:18.517 29724 29737 I PhoneLab-: Service Running
07-26 19:16:18.630 29724 29737 I PhoneLab-LoggerService: app_37    1300  1     1440   1000  c00f181c 400107b4 S logcat
07-26 19:16:18.630 29724 29737 I PhoneLab-LoggerService: Logcat pid from database 1300
07-26 19:16:18.630 29724 29737 I PhoneLab-LoggerService: Logcat process found 1300
07-26 19:16:18.630 29724 29737 I PhoneLab-LoggerService: Checking Threshold
07-26 19:16:18.759 32212 32214 D dalvikvm: GC_CONCURRENT freed 302K, 4% free 10344K/10759K, paused 2ms+6ms
07-26 19:16:19.001   342   342 D SAN_SERVICE: *******************************************
07-26 19:16:19.001   342   342 D SAN_SERVICE: DM App Phone Service State - 0
07-26 19:16:19.001   342   342 D SAN_SERVICE: *******************************************
07-26 19:16:19.728 32026 32028 D dalvikvm: GC_CONCURRENT freed 594K, 6% free 11337K/12039K, paused 34ms+22ms
07-26 19:16:19.903 32212 32214 D dalvikvm: GC_CONCURRENT freed 541K, 6% free 10330K/10951K, paused 2ms+2ms
07-26 19:16:20.005 31915 31916 D dalvikvm: GC_CONCURRENT freed 416K, 7% free 10199K/10887K, paused 2ms+3ms
07-26 19:16:22.056 32026 32028 D dalvikvm: GC_CONCURRENT freed 613K, 6% free 11468K/12167K, paused 4ms+2ms
07-26 19:16:23.181   145   162 I ActivityManager: Start proc com.facebook.orca for service com.facebook.orca/.push.mqtt.MqttPushService: pid=32254 uid=10062 gids={3003, 1015, 1006}
07-26 19:16:23.200    79    79 D dalvikvm: GC_EXPLICIT freed 37K, 4% free 9031K/9347K, paused 2ms+2ms
07-26 19:16:23.204 32254 32254 I dalvikvm: Turning on JNI app bug workarounds for target SDK version 10...
07-26 19:16:23.243    79    79 D dalvikvm: GC_EXPLICIT freed <1K, 4% free 9031K/9347K, paused 1ms+2ms
07-26 19:16:23.282    79    79 D dalvikvm: GC_EXPLICIT freed <1K, 4% free 9031K/9347K, paused 1ms+6ms
07-26 19:16:23.376 32254 32254 I ActivityThread: Pub com.facebook.orca.notify.MessengerLoggedInUserProvider: com.facebook.orca.notify.MessengerLoggedInUserProvider
07-26 19:16:23.399 32254 32254 I ActivityThread: Pub com.facebook.orca.notify.MessengerForegroundProvider: com.facebook.orca.notify.MessengerForegroundProvider
07-26 19:16:23.415 32254 32254 V orca:OrcaApplication: Forcing initialization of AsyncTask
07-26 19:16:23.560 32254 32257 D dalvikvm: GC_CONCURRENT freed 232K, 4% free 9304K/9607K, paused 7ms+2ms
07-26 19:16:23.579 32254 32254 I Finalizer: Couldn't access Thread.inheritableThreadLocals. Reference finalizer threads will inherit thread local values.
07-26 19:16:23.716 32254 32257 D dalvikvm: GC_CONCURRENT freed 354K, 5% free 9448K/9927K, paused 2ms+2ms
07-26 19:16:23.814 32254 32254 W OrcaGuiceModule: Sig: ijxLJi1yGs1JpL-X1SExmchvork
07-26 19:16:23.876 32254 32257 D dalvikvm: GC_CONCURRENT freed 291K, 5% free 9577K/9991K, paused 2ms+4ms
07-26 19:16:24.091   342   342 D SAN_SERVICE: *******************************************
07-26 19:16:24.091   342   342 D SAN_SERVICE: DM App Phone Service State - 0
07-26 19:16:24.091   342   342 D SAN_SERVICE: *******************************************
07-26 19:16:24.630 32254 32269 W Resources: Converting to string: TypedValue{t=0x10/d=0xffffffff a=-1}
07-26 19:16:24.806 32254 32257 D dalvikvm: GC_CONCURRENT freed 317K, 4% free 9795K/10183K, paused 2ms+3ms
07-26 19:16:24.817   342   342 D SAN_SERVICE: *******************************************
07-26 19:16:24.817   342   342 D SAN_SERVICE: DM App Phone Service State - 0
07-26 19:16:24.817   342   342 D SAN_SERVICE: *******************************************
07-26 19:16:24.935 32254 32254 D ACRA    : Retrieve application default SharedPreferences.
07-26 19:16:24.939 32254 32254 D ACRA    : Set OnSharedPreferenceChangeListener.
07-26 19:16:24.942 32254 32254 D ACRA    : ACRA is enabled for com.facebook.orca, intializing...
07-26 19:16:24.978 32254 32257 D dalvikvm: GC_CONCURRENT freed 315K, 4% free 10051K/10439K, paused 3ms+3ms
07-26 19:16:25.032 32254 32269 D dalvikvm: GC_FOR_ALLOC freed 119K, 5% free 10169K/10631K, paused 23ms
07-26 19:16:25.044 32254 32254 D ACRA    : Looking for error files in /data/data/com.facebook.orca/app_acra-reports
07-26 19:16:25.095 32254 32269 D dalvikvm: GC_FOR_ALLOC freed 245K, 6% free 10188K/10759K, paused 18ms
07-26 19:16:25.134 32254 32269 D dalvikvm: GC_FOR_ALLOC freed 96K, 5% free 10260K/10759K, paused 18ms
07-26 19:16:25.177 32254 32269 D dalvikvm: GC_FOR_ALLOC freed 185K, 6% free 10282K/10887K, paused 21ms
07-26 19:16:25.298 32254 32257 D dalvikvm: GC_CONCURRENT freed 364K, 5% free 10429K/10887K, paused 2ms+2ms
07-26 19:16:25.435 32254 32257 D dalvikvm: GC_CONCURRENT freed 166K, 3% free 10777K/11015K, paused 2ms+3ms
07-26 19:16:25.560 32254 32257 D dalvikvm: GC_CONCURRENT freed 316K, 4% free 11076K/11463K, paused 2ms+3ms
07-26 19:16:26.048 32254 32257 D dalvikvm: GC_CONCURRENT freed 557K, 6% free 11218K/11847K, paused 8ms+3ms
07-26 19:16:36.442   145   199 D DhcpInfoInternal: makeLinkProperties with empty dns2!
07-26 19:16:36.446   145   199 D DhcpInfoInternal: makeLinkProperties with empty dns2!
07-26 19:17:01.497   342   342 D SAN_SERVICE: *******************************************
07-26 19:17:01.497   342   342 D SAN_SERVICE: DM App Phone Service State - 0
07-26 19:17:01.497   342   342 D SAN_SERVICE: *******************************************
07-26 19:17:01.790   342   342 D SAN_SERVICE: *******************************************
07-26 19:17:01.790   342   342 D SAN_SERVICE: DM App Phone Service State - 0
07-26 19:17:01.790   342   342 D SAN_SERVICE: *******************************************
07-26 19:17:02.278   342   342 D SAN_SERVICE: *******************************************
07-26 19:17:02.278   342   342 D SAN_SERVICE: DM App Phone Service State - 0
07-26 19:17:02.278   342   342 D SAN_SERVICE: *******************************************
07-26 19:17:11.521   342   342 D SAN_SERVICE: *******************************************
07-26 19:17:11.524   342   342 D SAN_SERVICE: DM App Phone Service State - 0
07-26 19:17:11.524   342   342 D SAN_SERVICE: *******************************************
07-26 19:17:20.368 31915 31916 D dalvikvm: GC_CONCURRENT freed 580K, 7% free 10130K/10887K, paused 1ms+3ms
07-26 19:17:21.689   342   342 D SAN_SERVICE: *******************************************
07-26 19:17:21.689   342   342 D SAN_SERVICE: DM App Phone Service State - 0
07-26 19:17:21.689   342   342 D SAN_SERVICE: *******************************************
07-26 19:17:32.825   145   157 I ActivityManager: Process com.google.android.youtube (pid 30129) has died.
07-26 19:17:32.958 32212 32214 D dalvikvm: GC_CONCURRENT freed 371K, 5% free 10419K/10951K, paused 2ms+2ms
07-26 19:17:32.985 32212 32299 D dalvikvm: GC_FOR_ALLOC freed 194K, 6% free 10378K/11015K, paused 23ms
07-26 19:17:33.071 32212 32299 D dalvikvm: GC_FOR_ALLOC freed 226K, 5% free 10500K/11015K, paused 23ms
07-26 19:17:33.110 32212 32300 D dalvikvm: GC_FOR_ALLOC freed 85K, 5% free 10539K/11079K, paused 22ms
07-26 19:17:33.110 32212 32300 I dalvikvm-heap: Grow heap (frag case) to 10.425MB for 67462-byte allocation
07-26 19:17:33.142 32212 32299 D dalvikvm: GC_FOR_ALLOC freed <1K, 6% free 10605K/11207K, paused 22ms
07-26 19:17:33.177 32212 32300 D dalvikvm: GC_FOR_ALLOC freed 177K, 7% free 10525K/11207K, paused 23ms
07-26 19:17:33.255 32212 32228 D dalvikvm: GC_FOR_ALLOC freed 361K, 7% free 10521K/11207K, paused 25ms
07-26 19:17:33.329 32212 32214 D dalvikvm: GC_CONCURRENT freed 330K, 5% free 10703K/11207K, paused 2ms+3ms
07-26 19:17:33.376 32212 32300 D dalvikvm: GC_FOR_ALLOC freed 348K, 6% free 10665K/11271K, paused 20ms
07-26 19:17:33.431 32212 32299 D dalvikvm: GC_FOR_ALLOC freed 334K, 7% free 10650K/11335K, paused 24ms
07-26 19:17:33.536 32212 32214 D dalvikvm: GC_CONCURRENT freed 302K, 4% free 10891K/11335K, paused 2ms+2ms
07-26 19:17:33.642 31737 31749 D dalvikvm: GC_EXPLICIT freed 316K, 8% free 10833K/11655K, paused 6ms+4ms
07-26 19:17:33.704 32212 32214 D dalvikvm: GC_CONCURRENT freed 523K, 6% free 10989K/11591K, paused 2ms+10ms
07-26 19:17:33.759 32212 32300 D dalvikvm: GC_FOR_ALLOC freed 478K, 7% free 10969K/11719K, paused 26ms
07-26 19:17:33.841 32212 32299 D dalvikvm: GC_FOR_ALLOC freed 237K, 6% free 11068K/11719K, paused 22ms
07-26 19:17:33.923 32212 32214 D dalvikvm: GC_CONCURRENT freed 480K, 5% free 11289K/11847K, paused 2ms+3ms
07-26 19:17:34.071 32212 32214 D dalvikvm: GC_CONCURRENT freed 744K, 7% free 11345K/12167K, paused 9ms+2ms
07-26 19:17:34.212 32212 32214 D dalvikvm: GC_CONCURRENT freed 671K, 7% free 11480K/12231K, paused 2ms+2ms
07-26 19:17:34.321 32212 32214 D dalvikvm: GC_CONCURRENT freed 711K, 7% free 11632K/12423K, paused 2ms+3ms
07-26 19:17:34.435 32212 32214 D dalvikvm: GC_CONCURRENT freed 714K, 7% free 11812K/12615K, paused 2ms+3ms
07-26 19:17:34.536 32212 32214 D dalvikvm: GC_CONCURRENT freed 767K, 7% free 12024K/12871K, paused 2ms+3ms
07-26 19:17:34.649 32212 32214 D dalvikvm: GC_CONCURRENT freed 841K, 8% free 12174K/13127K, paused 2ms+2ms
07-26 19:17:34.763 32212 32214 D dalvikvm: GC_CONCURRENT freed 981K, 8% free 12258K/13319K, paused 2ms+3ms
07-26 19:17:35.032 32212 32214 D dalvikvm: GC_CONCURRENT freed 997K, 9% free 12370K/13447K, paused 2ms+2ms
07-26 19:17:35.134 32212 32228 D dalvikvm: GC_FOR_ALLOC freed 987K, 10% free 12335K/13575K, paused 27ms
07-26 19:17:35.388 32212 32214 D dalvikvm: GC_CONCURRENT freed 891K, 9% free 12482K/13575K, paused 2ms+2ms
07-26 19:17:35.638 32212 32214 D dalvikvm: GC_CONCURRENT freed 1122K, 10% free 12495K/13767K, paused 2ms+3ms
07-26 19:17:36.032 32212 32300 D dalvikvm: GC_FOR_ALLOC freed 985K, 11% free 12262K/13767K, paused 28ms
07-26 19:17:36.138 32212 32214 D dalvikvm: GC_CONCURRENT freed 906K, 11% free 12315K/13767K, paused 2ms+2ms
07-26 19:17:36.540 32212 32214 D dalvikvm: GC_CONCURRENT freed 1017K, 10% free 12395K/13767K, paused 2ms+3ms
07-26 19:17:36.837 32212 32300 D dalvikvm: GC_FOR_ALLOC freed 1136K, 12% free 12171K/13767K, paused 29ms
07-26 19:17:37.356 32212 32214 D dalvikvm: GC_CONCURRENT freed 1164K, 13% free 12025K/13767K, paused 2ms+2ms
07-26 19:17:37.626 32212 32214 D dalvikvm: GC_CONCURRENT freed 1071K, 14% free 11848K/13767K, paused 1ms+3ms
07-26 19:17:38.071 32212 32214 D dalvikvm: GC_CONCURRENT freed 941K, 14% free 11847K/13767K, paused 1ms+2ms
07-26 19:17:38.595 32212 32214 D dalvikvm: GC_CONCURRENT freed 1274K, 17% free 11489K/13767K, paused 14ms+2ms
07-26 19:17:39.017 32212 32214 D dalvikvm: GC_CONCURRENT freed 721K, 16% free 11584K/13767K, paused 1ms+2ms
07-26 19:17:39.290 32212 32214 D dalvikvm: GC_CONCURRENT freed 1055K, 18% free 11339K/13767K, paused 2ms+3ms
07-26 19:17:39.810 32212 32214 D dalvikvm: GC_CONCURRENT freed 898K, 19% free 11209K/13767K, paused 13ms+2ms
07-26 19:17:40.056 32212 32214 D dalvikvm: GC_CONCURRENT freed 626K, 19% free 11258K/13767K, paused 2ms+2ms
07-26 19:17:40.587 32212 32214 D dalvikvm: GC_CONCURRENT freed 788K, 19% free 11205K/13767K, paused 2ms+2ms
07-26 19:17:40.880 32212 32214 D dalvikvm: GC_CONCURRENT freed 792K, 20% free 11092K/13767K, paused 1ms+2ms
07-26 19:17:41.536 32212 32214 D dalvikvm: GC_CONCURRENT freed 856K, 22% free 10829K/13767K, paused 2ms+6ms
07-26 19:17:41.806 32212 32214 D dalvikvm: GC_CONCURRENT freed 528K, 21% free 10885K/13767K, paused 2ms+7ms
07-26 19:17:42.345 32212 32214 D dalvikvm: GC_CONCURRENT freed 781K, 23% free 10696K/13767K, paused 2ms+3ms
07-26 19:17:47.302   342   342 D SAN_SERVICE: *******************************************
07-26 19:17:47.302   342   342 D SAN_SERVICE: DM App Phone Service State - 0
07-26 19:17:47.302   342   342 D SAN_SERVICE: *******************************************
07-26 19:17:47.548   342   342 D SAN_SERVICE: *******************************************
07-26 19:17:47.548   342   342 D SAN_SERVICE: DM App Phone Service State - 0
07-26 19:17:47.548   342   342 D SAN_SERVICE: *******************************************
07-26 19:17:59.962 25228 25539 D GetStringObjTask: retrieving from url = http://www.chess.com/api/get_move_status?id=5HHjW9WUGa%2Bcu1LUwnVJPxTIWxmEve4VdkRnRyg7b5Ch69JH2Z5aB%2B7eGuFw8K2uFx47KFsdE3JRdR3Mzv0PkZOj6eZ8N73BvxmEERrzXjMNRo80rkLyJAUTh0iqof4n
07-26 19:18:00.458 25228 25539 D GetStringObjTask: WebRequest SERVER RESPONSE: Success+0
07-26 19:18:02.692   342   342 D SAN_SERVICE: *******************************************
07-26 19:18:02.692   342   342 D SAN_SERVICE: DM App Phone Service State - 0
07-26 19:18:02.692   342   342 D SAN_SERVICE: *******************************************
07-26 19:18:03.427   342   342 D SAN_SERVICE: *******************************************
07-26 19:18:03.427   342   342 D SAN_SERVICE: DM App Phone Service State - 0
07-26 19:18:03.427   342   342 D SAN_SERVICE: *******************************************
07-26 19:18:12.903   145   157 D AlarmManagerService: Kernel timezone updated to 240 minutes west of GMT
07-26 19:18:17.966   342   342 D SAN_SERVICE: *******************************************
07-26 19:18:17.966   342   342 D SAN_SERVICE: DM App Phone Service State - 0
07-26 19:18:17.966   342   342 D SAN_SERVICE: *******************************************
07-26 19:18:18.263   342   342 D SAN_SERVICE: *******************************************
07-26 19:18:18.263   342   342 D SAN_SERVICE: DM App Phone Service State - 0
07-26 19:18:18.263   342   342 D SAN_SERVICE: *******************************************
07-26 19:18:18.521 29724 29737 I PhoneLab-: Service Running
07-26 19:18:18.603 29724 29737 I PhoneLab-LoggerService: app_37    1300  1     1440   1000  c00f181c 400107b4 S logcat
07-26 19:18:18.603 29724 29737 I PhoneLab-LoggerService: Logcat pid from database 1300
07-26 19:18:18.603 29724 29737 I PhoneLab-LoggerService: Logcat process found 1300
07-26 19:18:18.603 29724 29737 I PhoneLab-LoggerService: Checking Threshold
07-26 19:18:18.759   342   342 D SAN_SERVICE: *******************************************
07-26 19:18:18.759   342   342 D SAN_SERVICE: DM App Phone Service State - 0
07-26 19:18:18.759   342   342 D SAN_SERVICE: *******************************************
07-26 19:18:20.411 31915 31916 D dalvikvm: GC_CONCURRENT freed 464K, 7% free 10145K/10887K, paused 7ms+3ms
07-26 19:18:38.509   342   342 D SAN_SERVICE: *******************************************
07-26 19:18:38.509   342   342 D SAN_SERVICE: DM App Phone Service State - 0
07-26 19:18:38.509   342   342 D SAN_SERVICE: *******************************************
07-26 19:18:38.962   342   342 D SAN_SERVICE: *******************************************
07-26 19:18:38.962   342   342 D SAN_SERVICE: DM App Phone Service State - 0
07-26 19:18:38.962   342   342 D SAN_SERVICE: *******************************************
07-26 19:18:48.931   342   342 D SAN_SERVICE: *******************************************
07-26 19:18:48.931   342   342 D SAN_SERVICE: DM App Phone Service State - 0
07-26 19:18:48.931   342   342 D SAN_SERVICE: *******************************************
07-26 19:18:49.685   342   342 D SAN_SERVICE: *******************************************
07-26 19:18:49.685   342   342 D SAN_SERVICE: DM App Phone Service State - 0
07-26 19:18:49.685   342   342 D SAN_SERVICE: *******************************************
07-26 19:19:01.317   145   199 D DhcpInfoInternal: makeLinkProperties with empty dns2!
07-26 19:19:01.321   145   199 D DhcpInfoInternal: makeLinkProperties with empty dns2!
07-26 19:19:20.380 32212 32214 D dalvikvm: GC_CONCURRENT freed 635K, 23% free 10618K/13767K, paused 2ms+3ms
07-26 19:19:20.540   145   147 D dalvikvm: GC_CONCURRENT freed 1944K, 18% free 19454K/23495K, paused 3ms+8ms
07-26 19:19:20.630 31915 31916 D dalvikvm: GC_CONCURRENT freed 444K, 8% free 10120K/10887K, paused 2ms+2ms
07-26 19:19:45.024   342   342 D SAN_SERVICE: *******************************************
07-26 19:19:45.024   342   342 D SAN_SERVICE: DM App Phone Service State - 0
07-26 19:19:45.024   342   342 D SAN_SERVICE: *******************************************
07-26 19:19:45.263   342   342 D SAN_SERVICE: *******************************************
07-26 19:19:45.263   342   342 D SAN_SERVICE: DM App Phone Service State - 0
07-26 19:19:45.267   342   342 D SAN_SERVICE: *******************************************
07-26 19:19:45.560   342   342 D SAN_SERVICE: *******************************************
07-26 19:19:45.560   342   342 D SAN_SERVICE: DM App Phone Service State - 0
07-26 19:19:45.560   342   342 D SAN_SERVICE: *******************************************
07-26 19:19:55.282   342   342 D SAN_SERVICE: *******************************************
07-26 19:19:55.282   342   342 D SAN_SERVICE: DM App Phone Service State - 0
07-26 19:19:55.282   342   342 D SAN_SERVICE: *******************************************
07-26 19:20:18.521 29724 29737 I PhoneLab-: Service Running
07-26 19:20:18.587 29724 29737 I PhoneLab-LoggerService: app_37    1300  1     1440   1000  c00f181c 400107b4 S logcat
07-26 19:20:18.587 29724 29737 I PhoneLab-LoggerService: Logcat pid from database 1300
07-26 19:20:18.587 29724 29737 I PhoneLab-LoggerService: Logcat process found 1300
07-26 19:20:18.587 29724 29737 I PhoneLab-LoggerService: Checking Threshold
07-26 19:20:19.220   145 22258 D dalvikvm: GC_EXPLICIT freed 183K, 18% free 19347K/23495K, paused 7ms+7ms
07-26 19:20:20.603 31915 31916 D dalvikvm: GC_CONCURRENT freed 424K, 8% free 10123K/10887K, paused 2ms+2ms
07-26 19:20:20.958   342   342 D SAN_SERVICE: *******************************************
07-26 19:20:20.958   342   342 D SAN_SERVICE: DM App Phone Service State - 0
07-26 19:20:20.958   342   342 D SAN_SERVICE: *******************************************
07-26 19:20:21.419   342   342 D SAN_SERVICE: *******************************************
07-26 19:20:21.419   342   342 D SAN_SERVICE: DM App Phone Service State - 0
07-26 19:20:21.419   342   342 D SAN_SERVICE: *******************************************
07-26 19:20:36.263   342   342 D SAN_SERVICE: *******************************************
07-26 19:20:36.263   342   342 D SAN_SERVICE: DM App Phone Service State - 0
07-26 19:20:36.263   342   342 D SAN_SERVICE: *******************************************
07-26 19:20:37.017   342   342 D SAN_SERVICE: *******************************************
07-26 19:20:37.017   342   342 D SAN_SERVICE: DM App Phone Service State - 0
07-26 19:20:37.017   342   342 D SAN_SERVICE: *******************************************
07-26 19:20:48.165   342   342 D SAN_SERVICE: *******************************************
07-26 19:20:48.165   342   342 D SAN_SERVICE: DM App Phone Service State - 0
07-26 19:20:48.165   342   342 D SAN_SERVICE: *******************************************
07-26 19:20:48.958   342   342 D SAN_SERVICE: *******************************************
07-26 19:20:48.958   342   342 D SAN_SERVICE: DM App Phone Service State - 0
07-26 19:20:48.958   342   342 D SAN_SERVICE: *******************************************
07-26 19:20:56.939   342   342 D SAN_SERVICE: *******************************************
07-26 19:20:56.939   342   342 D SAN_SERVICE: DM App Phone Service State - 0
07-26 19:20:56.939   342   342 D SAN_SERVICE: *******************************************
07-26 19:20:57.739   342   342 D SAN_SERVICE: *******************************************
07-26 19:20:57.739   342   342 D SAN_SERVICE: DM App Phone Service State - 0
07-26 19:20:57.739   342   342 D SAN_SERVICE: *******************************************
07-26 19:21:07.255   342   342 D SAN_SERVICE: *******************************************
07-26 19:21:07.255   342   342 D SAN_SERVICE: DM App Phone Service State - 0
07-26 19:21:07.259   342   342 D SAN_SERVICE: *******************************************
07-26 19:21:07.974   342   342 D SAN_SERVICE: *******************************************
07-26 19:21:07.974   342   342 D SAN_SERVICE: DM App Phone Service State - 0
07-26 19:21:07.974   342   342 D SAN_SERVICE: *******************************************
07-26 19:21:20.595 32212 32214 D dalvikvm: GC_CONCURRENT freed 524K, 23% free 10626K/13767K, paused 2ms+2ms
07-26 19:21:20.720 31915 31916 D dalvikvm: GC_CONCURRENT freed 420K, 8% free 10121K/10887K, paused 2ms+2ms
07-26 19:21:26.204   145   199 D DhcpInfoInternal: makeLinkProperties with empty dns2!
07-26 19:21:26.208   145   199 D DhcpInfoInternal: makeLinkProperties with empty dns2!
07-26 19:21:29.130   342   342 D SAN_SERVICE: *******************************************
07-26 19:21:29.130   342   342 D SAN_SERVICE: DM App Phone Service State - 0
07-26 19:21:29.130   342   342 D SAN_SERVICE: *******************************************
07-26 19:21:29.419   342   342 D SAN_SERVICE: *******************************************
07-26 19:21:29.419   342   342 D SAN_SERVICE: DM App Phone Service State - 0
07-26 19:21:29.419   342   342 D SAN_SERVICE: *******************************************
07-26 19:21:37.731   342   342 D SAN_SERVICE: *******************************************
07-26 19:21:37.731   342   342 D SAN_SERVICE: DM App Phone Service State - 0
07-26 19:21:37.731   342   342 D SAN_SERVICE: *******************************************
07-26 19:21:37.966   342   342 D SAN_SERVICE: *******************************************
07-26 19:21:37.966   342   342 D SAN_SERVICE: DM App Phone Service State - 0
07-26 19:21:37.966   342   342 D SAN_SERVICE: *******************************************
07-26 19:21:38.724   342   342 D SAN_SERVICE: *******************************************
07-26 19:21:38.724   342   342 D SAN_SERVICE: DM App Phone Service State - 0
07-26 19:21:38.724   342   342 D SAN_SERVICE: *******************************************
07-26 19:21:47.939   342   342 D SAN_SERVICE: *******************************************
07-26 19:21:47.939   342   342 D SAN_SERVICE: DM App Phone Service State - 0
07-26 19:21:47.939   342   342 D SAN_SERVICE: *******************************************
07-26 19:22:18.521 29724 29737 I PhoneLab-: Service Running
07-26 19:22:18.583 29724 29737 I PhoneLab-LoggerService: app_37    1300  1     1440   1000  c00f181c 400107b4 S logcat
07-26 19:22:18.587 29724 29737 I PhoneLab-LoggerService: Logcat pid from database 1300
07-26 19:22:18.587 29724 29737 I PhoneLab-LoggerService: Logcat process found 1300
07-26 19:22:18.587 29724 29737 I PhoneLab-LoggerService: Checking Threshold
07-26 19:22:20.669 31915 31915 D dalvikvm: GC_EXPLICIT freed 59K, 8% free 10067K/10887K, paused 7ms+2ms
07-26 19:22:20.759 31915 31916 D dalvikvm: GC_CONCURRENT freed 379K, 8% free 10113K/10887K, paused 1ms+2ms
07-26 19:22:39.165   342   342 D SAN_SERVICE: *******************************************
07-26 19:22:39.165   342   342 D SAN_SERVICE: DM App Phone Service State - 0
07-26 19:22:39.165   342   342 D SAN_SERVICE: *******************************************
07-26 19:22:39.677   342   342 D SAN_SERVICE: *******************************************
07-26 19:22:39.677   342   342 D SAN_SERVICE: DM App Phone Service State - 0
07-26 19:22:39.681   342   342 D SAN_SERVICE: *******************************************
07-26 19:22:49.653   342   342 D SAN_SERVICE: *******************************************
07-26 19:22:49.653   342   342 D SAN_SERVICE: DM App Phone Service State - 0
07-26 19:22:49.653   342   342 D SAN_SERVICE: *******************************************
07-26 19:22:49.712   342   345 D dalvikvm: GC_CONCURRENT freed 840K, 9% free 11912K/12999K, paused 7ms+3ms
07-26 19:22:50.380   342   342 D SAN_SERVICE: *******************************************
07-26 19:22:50.380   342   342 D SAN_SERVICE: DM App Phone Service State - 0
07-26 19:22:50.380   342   342 D SAN_SERVICE: *******************************************
07-26 19:22:59.935 25228 25684 D GetStringObjTask: retrieving from url = http://www.chess.com/api/get_move_status?id=5HHjW9WUGa%2Bcu1LUwnVJPxTIWxmEve4VdkRnRyg7b5Ch69JH2Z5aB%2B7eGuFw8K2uFx47KFsdE3JRdR3Mzv0PkZOj6eZ8N73BvxmEERrzXjMNRo80rkLyJAUTh0iqof4n
07-26 19:23:00.321 25228 25684 D GetStringObjTask: WebRequest SERVER RESPONSE: Success+0
07-26 19:23:04.802   342   342 D SAN_SERVICE: *******************************************
07-26 19:23:04.802   342   342 D SAN_SERVICE: DM App Phone Service State - 0
07-26 19:23:04.802   342   342 D SAN_SERVICE: *******************************************
07-26 19:23:05.517   342   342 D SAN_SERVICE: *******************************************
07-26 19:23:05.517   342   342 D SAN_SERVICE: DM App Phone Service State - 0
07-26 19:23:05.517   342   342 D SAN_SERVICE: *******************************************
07-26 19:23:20.731 32212 32214 D dalvikvm: GC_CONCURRENT freed 530K, 23% free 10630K/13767K, paused 2ms+2ms
07-26 19:23:20.856 31915 31916 D dalvikvm: GC_CONCURRENT freed 423K, 8% free 10110K/10887K, paused 2ms+2ms
07-26 19:23:30.368   342   342 D SAN_SERVICE: *******************************************
07-26 19:23:30.368   342   342 D SAN_SERVICE: DM App Phone Service State - 0
07-26 19:23:30.368   342   342 D SAN_SERVICE: *******************************************
07-26 19:23:30.618   342   342 D SAN_SERVICE: *******************************************
07-26 19:23:30.618   342   342 D SAN_SERVICE: DM App Phone Service State - 0
07-26 19:23:30.618   342   342 D SAN_SERVICE: *******************************************
07-26 19:23:40.571   342   342 D SAN_SERVICE: *******************************************
07-26 19:23:40.571   342   342 D SAN_SERVICE: DM App Phone Service State - 0
07-26 19:23:40.571   342   342 D SAN_SERVICE: *******************************************
07-26 19:23:41.075   342   342 D SAN_SERVICE: *******************************************
07-26 19:23:41.075   342   342 D SAN_SERVICE: DM App Phone Service State - 0
07-26 19:23:41.075   342   342 D SAN_SERVICE: *******************************************
07-26 19:23:50.845   342   342 D SAN_SERVICE: *******************************************
07-26 19:23:50.845   342   342 D SAN_SERVICE: DM App Phone Service State - 0
07-26 19:23:50.845   342   342 D SAN_SERVICE: *******************************************
07-26 19:23:51.075   342   342 D SAN_SERVICE: *******************************************
07-26 19:23:51.075   342   342 D SAN_SERVICE: DM App Phone Service State - 0
07-26 19:23:51.075   342   342 D SAN_SERVICE: *******************************************
07-26 19:23:51.079   145   199 D DhcpInfoInternal: makeLinkProperties with empty dns2!
07-26 19:23:51.079   145   199 D DhcpInfoInternal: makeLinkProperties with empty dns2!
07-26 19:23:51.814   342   342 D SAN_SERVICE: *******************************************
07-26 19:23:51.814   342   342 D SAN_SERVICE: DM App Phone Service State - 0
07-26 19:23:51.814   342   342 D SAN_SERVICE: *******************************************
07-26 19:24:18.521 29724 29737 I PhoneLab-: Service Running
07-26 19:24:18.606 29724 29727 D dalvikvm: GC_CONCURRENT freed 384K, 14% free 9149K/10631K, paused 7ms+2ms
07-26 19:24:18.606 29724 29737 I PhoneLab-LoggerService: app_37    1300  1     1440   1000  c00f181c 400107b4 S logcat
07-26 19:24:18.610 29724 29737 I PhoneLab-LoggerService: Logcat pid from database 1300
07-26 19:24:18.610 29724 29737 I PhoneLab-LoggerService: Logcat process found 1300
07-26 19:24:18.610 29724 29737 I PhoneLab-LoggerService: Checking Threshold
07-26 19:24:20.841 31915 31916 D dalvikvm: GC_CONCURRENT freed 415K, 8% free 10111K/10887K, paused 2ms+2ms
07-26 19:24:47.149   342   342 D SAN_SERVICE: *******************************************
07-26 19:24:47.149   342   342 D SAN_SERVICE: DM App Phone Service State - 0
07-26 19:24:47.149   342   342 D SAN_SERVICE: *******************************************
07-26 19:24:47.646   342   342 D SAN_SERVICE: *******************************************
07-26 19:24:47.646   342   342 D SAN_SERVICE: DM App Phone Service State - 0
07-26 19:24:47.646   342   342 D SAN_SERVICE: *******************************************
07-26 19:24:53.942   342   342 D SAN_SERVICE: *******************************************
07-26 19:24:53.942   342   342 D SAN_SERVICE: DM App Phone Service State - 0
07-26 19:24:53.942   342   342 D SAN_SERVICE: *******************************************
07-26 19:24:54.638 32096 32382 I SqliteDatabaseCpp: sqlite returned: error code = 1, msg = no such column: wipeout_stats, db=/data/data/com.google.android.apps.plus/databases/es0.db
07-26 19:24:54.638 32096 32382 W System.err: android.database.sqlite.SQLiteException: no such column: wipeout_stats: , while compiling: SELECT wipeout_stats  FROM account_status
07-26 19:24:54.685 32096 32382 W System.err: 	at android.database.sqlite.SQLiteCompiledSql.native_compile(Native Method)
07-26 19:24:54.685 32096 32382 W System.err: 	at android.database.sqlite.SQLiteCompiledSql.<init>(SQLiteCompiledSql.java:68)
07-26 19:24:54.685 32096 32382 W System.err: 	at android.database.sqlite.SQLiteProgram.compileSql(SQLiteProgram.java:143)
07-26 19:24:54.685 32096 32382 W System.err: 	at android.database.sqlite.SQLiteProgram.compileAndbindAllArgs(SQLiteProgram.java:361)
07-26 19:24:54.685 32096 32382 W System.err: 	at android.database.sqlite.SQLiteStatement.acquireAndLock(SQLiteStatement.java:260)
07-26 19:24:54.685 32096 32382 W System.err: 	at android.database.sqlite.SQLiteStatement.simpleQueryForLong(SQLiteStatement.java:137)
07-26 19:24:54.685 32096 32382 W System.err: 	at android.database.DatabaseUtils.longForQuery(DatabaseUtils.java:791)
07-26 19:24:54.685 32096 32382 W System.err: 	at android.database.DatabaseUtils.longForQuery(DatabaseUtils.java:779)
07-26 19:24:54.685 32096 32382 W System.err: 	at com.google.android.apps.plus.content.EsAccountsData.isContactsStatsWipeoutNeeded(EsAccountsData.java:641)
07-26 19:24:54.685 32096 32382 W System.err: 	at com.google.android.apps.plus.service.EsService.processIntent(EsService.java:4246)
07-26 19:24:54.685 32096 32382 W System.err: 	at com.google.android.apps.plus.service.ServiceThread$1.run(ServiceThread.java:50)
07-26 19:24:54.685 32096 32382 W System.err: 	at android.os.Handler.handleCallback(Handler.java:605)
07-26 19:24:54.685 32096 32382 W System.err: 	at android.os.Handler.dispatchMessage(Handler.java:92)
07-26 19:24:54.689 32096 32382 W System.err: 	at android.os.Looper.loop(Looper.java:137)
07-26 19:24:54.689 32096 32382 W System.err: 	at com.google.android.apps.plus.service.ServiceThread.run(ServiceThread.java:122)
07-26 19:24:57.282 32096 32098 D dalvikvm: GC_CONCURRENT freed 1134K, 19% free 13356K/16327K, paused 16ms+4ms
07-26 19:25:01.372 32096 32098 D dalvikvm: GC_CONCURRENT freed 1376K, 19% free 13314K/16327K, paused 2ms+3ms
07-26 19:25:05.368 32096 32384 D dalvikvm: GC_FOR_ALLOC freed 774K, 17% free 13669K/16327K, paused 47ms
07-26 19:25:05.735 32096 32103 I dalvikvm: Jit: resizing JitTable from 4096 to 8192
07-26 19:25:05.903 32096 32098 D dalvikvm: GC_CONCURRENT freed 784K, 13% free 14340K/16327K, paused 2ms+3ms
07-26 19:25:07.540   342   342 D SAN_SERVICE: *******************************************
07-26 19:25:07.540   342   342 D SAN_SERVICE: DM App Phone Service State - 0
07-26 19:25:07.540   342   342 D SAN_SERVICE: *******************************************
07-26 19:25:07.692 32096 32098 D dalvikvm: GC_CONCURRENT freed 1514K, 12% free 14477K/16327K, paused 8ms+3ms
07-26 19:25:08.325   342   342 D SAN_SERVICE: *******************************************
07-26 19:25:08.325   342   342 D SAN_SERVICE: DM App Phone Service State - 0
07-26 19:25:08.325   342   342 D SAN_SERVICE: *******************************************
07-26 19:25:09.544 32096 32098 D dalvikvm: GC_CONCURRENT freed 2387K, 16% free 13843K/16327K, paused 2ms+3ms
07-26 19:25:10.653 32096 32384 I SqliteDatabaseCpp: sqlite returned: error code = 1, msg = no such column: last_stats_sync_time, db=/data/data/com.google.android.apps.plus/databases/es0.db
07-26 19:25:10.704 32096 32384 E EsSyncAdapterService: Sync failure
07-26 19:25:10.704 32096 32384 E EsSyncAdapterService: android.database.sqlite.SQLiteException: no such column: last_stats_sync_time: , while compiling: SELECT last_stats_sync_time  FROM account_status
07-26 19:25:10.704 32096 32384 E EsSyncAdapterService: 	at android.database.sqlite.SQLiteCompiledSql.native_compile(Native Method)
07-26 19:25:10.704 32096 32384 E EsSyncAdapterService: 	at android.database.sqlite.SQLiteCompiledSql.<init>(SQLiteCompiledSql.java:68)
07-26 19:25:10.704 32096 32384 E EsSyncAdapterService: 	at android.database.sqlite.SQLiteProgram.compileSql(SQLiteProgram.java:143)
07-26 19:25:10.704 32096 32384 E EsSyncAdapterService: 	at android.database.sqlite.SQLiteProgram.compileAndbindAllArgs(SQLiteProgram.java:361)
07-26 19:25:10.704 32096 32384 E EsSyncAdapterService: 	at android.database.sqlite.SQLiteStatement.acquireAndLock(SQLiteStatement.java:260)
07-26 19:25:10.704 32096 32384 E EsSyncAdapterService: 	at android.database.sqlite.SQLiteStatement.simpleQueryForLong(SQLiteStatement.java:137)
07-26 19:25:10.704 32096 32384 E EsSyncAdapterService: 	at android.database.DatabaseUtils.longForQuery(DatabaseUtils.java:791)
07-26 19:25:10.704 32096 32384 E EsSyncAdapterService: 	at android.database.DatabaseUtils.longForQuery(DatabaseUtils.java:779)
07-26 19:25:10.704 32096 32384 E EsSyncAdapterService: 	at com.google.android.apps.plus.content.EsAccountsData.queryLastStatsSyncTimestamp(EsAccountsData.java:570)
07-26 19:25:10.704 32096 32384 E EsSyncAdapterService: 	at com.google.android.apps.plus.service.EsSyncAdapterService.syncContactsStatsIfNecessary(EsSyncAdapterService.java:670)
07-26 19:25:10.704 32096 32384 E EsSyncAdapterService: 	at com.google.android.apps.plus.service.EsSyncAdapterService.doFullSync(EsSyncAdapterService.java:633)
07-26 19:25:10.704 32096 32384 E EsSyncAdapterService: 	at com.google.android.apps.plus.service.EsSyncAdapterService.doSync(EsSyncAdapterService.java:566)
07-26 19:25:10.704 32096 32384 E EsSyncAdapterService: 	at com.google.android.apps.plus.service.EsSyncAdapterService.access$100(EsSyncAdapterService.java:52)
07-26 19:25:10.704 32096 32384 E EsSyncAdapterService: 	at com.google.android.apps.plus.service.EsSyncAdapterService$SyncAdapterImpl.onPerformSync(EsSyncAdapterService.java:408)
07-26 19:25:10.704 32096 32384 E EsSyncAdapterService: 	at android.content.AbstractThreadedSyncAdapter$SyncThread.run(AbstractThreadedSyncAdapter.java:247)
07-26 19:25:10.728   145   169 D SyncManager: failed sync operation lokeshmandvekar@gmail.com (com.google), com.google.android.apps.plus.content.EsProvider, SERVER, earliestRunTime 264600099, SyncResult: stats [ numParseExceptions: 1]
07-26 19:25:10.728   145   169 D SyncManager: not retrying sync operation because the error is a hard error: lokeshmandvekar@gmail.com (com.google), com.google.android.apps.plus.content.EsProvider, SERVER, earliestRunTime 264616190
07-26 19:25:15.708 32096 32098 D dalvikvm: GC_CONCURRENT freed 2015K, 19% free 13323K/16327K, paused 2ms+2ms
07-26 19:25:15.868 29184 29199 D dalvikvm: GC_EXPLICIT freed 297K, 7% free 9788K/10439K, paused 2ms+4ms
07-26 19:25:16.786   145   421 D dalvikvm: GC_EXPLICIT freed 1154K, 18% free 19448K/23495K, paused 3ms+9ms
07-26 19:25:19.239 29184 29186 D dalvikvm: GC_CONCURRENT freed 343K, 6% free 9836K/10439K, paused 2ms+3ms
07-26 19:25:19.540 29905 32387 D dalvikvm: GC_EXPLICIT freed 354K, 16% free 12267K/14599K, paused 4ms+3ms
07-26 19:25:20.767 32212 32214 D dalvikvm: GC_CONCURRENT freed 529K, 23% free 10636K/13767K, paused 1ms+2ms
07-26 19:25:20.911 31915 31916 D dalvikvm: GC_CONCURRENT freed 414K, 8% free 10113K/10887K, paused 2ms+2ms
07-26 19:25:20.939 32096 32124 D dalvikvm: GC_EXPLICIT freed 1043K, 19% free 13282K/16327K, paused 2ms+11ms
07-26 19:25:28.103   342   342 D SAN_SERVICE: *******************************************
07-26 19:25:28.103   342   342 D SAN_SERVICE: DM App Phone Service State - 0
07-26 19:25:28.103   342   342 D SAN_SERVICE: *******************************************
07-26 19:25:28.349   342   342 D SAN_SERVICE: *******************************************
07-26 19:25:28.349   342   342 D SAN_SERVICE: DM App Phone Service State - 0
07-26 19:25:28.349   342   342 D SAN_SERVICE: *******************************************
07-26 19:25:28.599   342   342 D SAN_SERVICE: *******************************************
07-26 19:25:28.599   342   342 D SAN_SERVICE: DM App Phone Service State - 0
07-26 19:25:28.599   342   342 D SAN_SERVICE: *******************************************
07-26 19:25:34.915   342   342 D SAN_SERVICE: *******************************************
07-26 19:25:34.915   342   342 D SAN_SERVICE: DM App Phone Service State - 0
07-26 19:25:34.915   342   342 D SAN_SERVICE: *******************************************
07-26 19:25:43.450   342   342 D SAN_SERVICE: *******************************************
07-26 19:25:43.450   342   342 D SAN_SERVICE: DM App Phone Service State - 0
07-26 19:25:43.450   342   342 D SAN_SERVICE: *******************************************
07-26 19:25:55.704 29905 29908 D dalvikvm: GC_CONCURRENT freed 1010K, 17% free 12222K/14599K, paused 8ms+3ms
07-26 19:26:03.993   342   342 D SAN_SERVICE: *******************************************
07-26 19:26:03.993   342   342 D SAN_SERVICE: DM App Phone Service State - 0
07-26 19:26:03.993   342   342 D SAN_SERVICE: *******************************************
07-26 19:26:04.271   342   342 D SAN_SERVICE: *******************************************
07-26 19:26:04.274   342   342 D SAN_SERVICE: DM App Phone Service State - 0
07-26 19:26:04.274   342   342 D SAN_SERVICE: *******************************************
07-26 19:26:04.524   342   342 D SAN_SERVICE: *******************************************
07-26 19:26:04.524   342   342 D SAN_SERVICE: DM App Phone Service State - 0
07-26 19:26:04.524   342   342 D SAN_SERVICE: *******************************************
07-26 19:26:14.146   342   342 D SAN_SERVICE: *******************************************
07-26 19:26:14.146   342   342 D SAN_SERVICE: DM App Phone Service State - 0
07-26 19:26:14.146   342   342 D SAN_SERVICE: *******************************************
07-26 19:26:15.985   145   199 D DhcpInfoInternal: makeLinkProperties with empty dns2!
07-26 19:26:15.985   145   199 D DhcpInfoInternal: makeLinkProperties with empty dns2!
07-26 19:26:18.528 29724 29737 I PhoneLab-: Service Running
07-26 19:26:18.626 29724 29737 I PhoneLab-LoggerService: app_37    1300  1     1440   1000  c00f181c 400107b4 S logcat
07-26 19:26:18.626 29724 29737 I PhoneLab-LoggerService: Logcat pid from database 1300
07-26 19:26:18.626 29724 29737 I PhoneLab-LoggerService: Logcat process found 1300
07-26 19:26:18.626 29724 29737 I PhoneLab-LoggerService: Checking Threshold
07-26 19:26:20.923 31915 31916 D dalvikvm: GC_CONCURRENT freed 418K, 8% free 10119K/10887K, paused 1ms+1ms
07-26 19:26:23.681 32026 32028 D dalvikvm: GC_CONCURRENT freed 696K, 7% free 11473K/12295K, paused 12ms+3ms
07-26 19:26:55.173   342   342 D SAN_SERVICE: *******************************************
07-26 19:26:55.173   342   342 D SAN_SERVICE: DM App Phone Service State - 0
07-26 19:26:55.173   342   342 D SAN_SERVICE: *******************************************
07-26 19:26:55.415   342   342 D SAN_SERVICE: *******************************************
07-26 19:26:55.415   342   342 D SAN_SERVICE: DM App Phone Service State - 0
07-26 19:26:55.415   342   342 D SAN_SERVICE: *******************************************
07-26 19:27:15.622   342   342 D SAN_SERVICE: *******************************************
07-26 19:27:15.622   342   342 D SAN_SERVICE: DM App Phone Service State - 0
07-26 19:27:15.622   342   342 D SAN_SERVICE: *******************************************
07-26 19:27:15.790   342   342 D SAN_SERVICE: *******************************************
07-26 19:27:15.790   342   342 D SAN_SERVICE: DM App Phone Service State - 0
07-26 19:27:15.790   342   342 D SAN_SERVICE: *******************************************
07-26 19:27:16.122   342   342 D SAN_SERVICE: *******************************************
07-26 19:27:16.122   342   342 D SAN_SERVICE: DM App Phone Service State - 0
07-26 19:27:16.122   342   342 D SAN_SERVICE: *******************************************
07-26 19:27:20.903 32212 32214 D dalvikvm: GC_CONCURRENT freed 529K, 23% free 10645K/13767K, paused 12ms+2ms
07-26 19:27:21.028 31915 31916 D dalvikvm: GC_CONCURRENT freed 440K, 8% free 10116K/10887K, paused 2ms+2ms
07-26 19:27:25.903   342   342 D SAN_SERVICE: *******************************************
07-26 19:27:25.903   342   342 D SAN_SERVICE: DM App Phone Service State - 0
07-26 19:27:25.903   342   342 D SAN_SERVICE: *******************************************
07-26 19:27:26.075   342   342 D SAN_SERVICE: *******************************************
07-26 19:27:26.075   342   342 D SAN_SERVICE: DM App Phone Service State - 0
07-26 19:27:26.075   342   342 D SAN_SERVICE: *******************************************
07-26 19:27:26.864   342   342 D SAN_SERVICE: *******************************************
07-26 19:27:26.864   342   342 D SAN_SERVICE: DM App Phone Service State - 0
07-26 19:27:26.864   342   342 D SAN_SERVICE: *******************************************
07-26 19:27:46.403   342   342 D SAN_SERVICE: *******************************************
07-26 19:27:46.403   342   342 D SAN_SERVICE: DM App Phone Service State - 0
07-26 19:27:46.403   342   342 D SAN_SERVICE: *******************************************
07-26 19:27:46.591   342   342 D SAN_SERVICE: *******************************************
07-26 19:27:46.591   342   342 D SAN_SERVICE: DM App Phone Service State - 0
07-26 19:27:46.595   342   342 D SAN_SERVICE: *******************************************
07-26 19:27:59.911 25228 25739 D GetStringObjTask: retrieving from url = http://www.chess.com/api/get_move_status?id=5HHjW9WUGa%2Bcu1LUwnVJPxTIWxmEve4VdkRnRyg7b5Ch69JH2Z5aB%2B7eGuFw8K2uFx47KFsdE3JRdR3Mzv0PkZOj6eZ8N73BvxmEERrzXjMNRo80rkLyJAUTh0iqof4n
07-26 19:28:00.345 25228 25739 D GetStringObjTask: WebRequest SERVER RESPONSE: Success+0
07-26 19:28:17.278   342   342 D SAN_SERVICE: *******************************************
07-26 19:28:17.278   342   342 D SAN_SERVICE: DM App Phone Service State - 0
07-26 19:28:17.278   342   342 D SAN_SERVICE: *******************************************
07-26 19:28:18.075   342   342 D SAN_SERVICE: *******************************************
07-26 19:28:18.075   342   342 D SAN_SERVICE: DM App Phone Service State - 0
07-26 19:28:18.075   342   342 D SAN_SERVICE: *******************************************
07-26 19:28:18.521 29724 29737 I PhoneLab-: Service Running
07-26 19:28:18.587 29724 29737 I PhoneLab-LoggerService: app_37    1300  1     1440   1000  c00f181c 400107b4 S logcat
07-26 19:28:18.587 29724 29737 I PhoneLab-LoggerService: Logcat pid from database 1300
07-26 19:28:18.587 29724 29737 I PhoneLab-LoggerService: Logcat process found 1300
07-26 19:28:18.587 29724 29737 I PhoneLab-LoggerService: Checking Threshold
07-26 19:28:21.017 31915 31916 D dalvikvm: GC_CONCURRENT freed 413K, 8% free 10111K/10887K, paused 1ms+2ms
07-26 19:28:27.368   342   342 D SAN_SERVICE: *******************************************
07-26 19:28:27.368   342   342 D SAN_SERVICE: DM App Phone Service State - 0
07-26 19:28:27.368   342   342 D SAN_SERVICE: *******************************************
07-26 19:28:40.638   145   199 D DhcpInfoInternal: makeLinkProperties with empty dns2!
07-26 19:28:40.638   145   199 D DhcpInfoInternal: makeLinkProperties with empty dns2!
07-26 19:29:21.017 32212 32214 D dalvikvm: GC_CONCURRENT freed 541K, 23% free 10644K/13767K, paused 2ms+2ms
07-26 19:29:21.142 31915 31916 D dalvikvm: GC_CONCURRENT freed 419K, 8% free 10116K/10887K, paused 2ms+2ms
07-26 19:29:28.771   342   342 D SAN_SERVICE: *******************************************
07-26 19:29:28.771   342   342 D SAN_SERVICE: DM App Phone Service State - 0
07-26 19:29:28.771   342   342 D SAN_SERVICE: *******************************************
07-26 19:29:28.997   342   342 D SAN_SERVICE: *******************************************
07-26 19:29:28.997   342   342 D SAN_SERVICE: DM App Phone Service State - 0
07-26 19:29:28.997   342   342 D SAN_SERVICE: *******************************************
07-26 19:30:18.521 29724 29737 I PhoneLab-: Service Running
07-26 19:30:18.587 29724 29737 I PhoneLab-LoggerService: app_37    1300  1     1440   1000  c00f181c 400107b4 S logcat
07-26 19:30:18.587 29724 29737 I PhoneLab-LoggerService: Logcat pid from database 1300
07-26 19:30:18.587 29724 29737 I PhoneLab-LoggerService: Logcat process found 1300
07-26 19:30:18.587 29724 29737 I PhoneLab-LoggerService: Checking Threshold
07-26 19:30:21.122 31915 31916 D dalvikvm: GC_CONCURRENT freed 416K, 8% free 10112K/10887K, paused 2ms+2ms
07-26 19:30:21.626   342   342 D SAN_SERVICE: *******************************************
07-26 19:30:21.626   342   342 D SAN_SERVICE: DM App Phone Service State - 0
07-26 19:30:21.626   342   342 D SAN_SERVICE: *******************************************
07-26 19:30:22.165   342   342 D SAN_SERVICE: *******************************************
07-26 19:30:22.165   342   342 D SAN_SERVICE: DM App Phone Service State - 0
07-26 19:30:22.165   342   342 D SAN_SERVICE: *******************************************
07-26 19:30:30.189   342   342 D SAN_SERVICE: *******************************************
07-26 19:30:30.189   342   342 D SAN_SERVICE: DM App Phone Service State - 0
07-26 19:30:30.189   342   342 D SAN_SERVICE: *******************************************
07-26 19:31:05.536   145   199 D DhcpInfoInternal: makeLinkProperties with empty dns2!
07-26 19:31:05.536   145   199 D DhcpInfoInternal: makeLinkProperties with empty dns2!
07-26 19:31:21.106 32212 32214 D dalvikvm: GC_CONCURRENT freed 542K, 23% free 10643K/13767K, paused 1ms+2ms
07-26 19:31:21.224   145   379 D dalvikvm: GC_EXPLICIT freed 1000K, 18% free 19463K/23495K, paused 3ms+8ms
07-26 19:31:21.333 31915 31916 D dalvikvm: GC_CONCURRENT freed 430K, 8% free 10117K/10887K, paused 2ms+2ms
07-26 19:31:41.841   342   342 D SAN_SERVICE: *******************************************
07-26 19:31:41.841   342   342 D SAN_SERVICE: DM App Phone Service State - 0
07-26 19:31:41.845   342   342 D SAN_SERVICE: *******************************************
07-26 19:31:42.130   342   342 D SAN_SERVICE: *******************************************
07-26 19:31:42.130   342   342 D SAN_SERVICE: DM App Phone Service State - 0
07-26 19:31:42.130   342   342 D SAN_SERVICE: *******************************************
07-26 19:31:57.306   342   342 D SAN_SERVICE: *******************************************
07-26 19:31:57.306   342   342 D SAN_SERVICE: DM App Phone Service State - 0
07-26 19:31:57.306   342   342 D SAN_SERVICE: *******************************************
07-26 19:31:57.517   342   342 D SAN_SERVICE: *******************************************
07-26 19:31:57.517   342   342 D SAN_SERVICE: DM App Phone Service State - 0
07-26 19:31:57.517   342   342 D SAN_SERVICE: *******************************************
07-26 19:31:58.071   342   342 D SAN_SERVICE: *******************************************
07-26 19:31:58.071   342   342 D SAN_SERVICE: DM App Phone Service State - 0
07-26 19:31:58.071   342   342 D SAN_SERVICE: *******************************************
07-26 19:32:07.755 29724 29724 I PhoneLab-Locks: wake lock acquired
07-26 19:32:07.802 29724 32473 I PhoneLab-PeriodicCheckService: User info is synched
07-26 19:32:07.802 29724 32473 I PhoneLab-PeriodicCheckService: Logger Service is running
07-26 19:32:07.806 29724 29724 I PhoneLab-Locks: wake lock acquired
07-26 19:32:07.810 29724 29724 I PhoneLab-StatusMonitor: Status Monitoring is started
07-26 19:32:07.810 29724 32473 I PhoneLab-Locks: wake lock acquired
07-26 19:32:07.810 29724 32473 I PhoneLab-PeriodicCheckService: Rescheduling periodic checking...
07-26 19:32:07.814 29724 32473 I PhoneLab-Locks: wake lock released
07-26 19:32:07.845 29724 29724 E PhoneLab-PhoneLabManifest: java.io.FileNotFoundException: /data/data/edu.buffalo.cse.phonelab.phonelabservices/files/manifest.xml: open failed: ENOENT (No such file or directory)
07-26 19:32:07.864 29724 29724 I PhoneLab-Locks: wake lock released
07-26 19:32:07.864 29724 29724 I PhoneLab-UploadLogs: Transfering log files now
07-26 19:32:07.864 29724 29724 I PhoneLab-UploadLogs: No log files to transfer
07-26 19:32:07.864 29724 29724 I PhoneLab-Locks: wake lock released
07-26 19:32:07.868 29724 29724 I PhoneLab-UploadLogs: OnStartCommand
07-26 19:32:18.521 29724 29737 I PhoneLab-: Service Running
07-26 19:32:18.606 29724 29737 I PhoneLab-LoggerService: app_37    1300  1     1440   1000  c00f181c 400107b4 S logcat
07-26 19:32:18.606 29724 29737 I PhoneLab-LoggerService: Logcat pid from database 1300
07-26 19:32:18.606 29724 29737 I PhoneLab-LoggerService: Logcat process found 1300
07-26 19:32:18.606 29724 29737 I PhoneLab-LoggerService: Checking Threshold
07-26 19:32:21.142 32212 32214 D dalvikvm: GC_CONCURRENT freed 571K, 23% free 10612K/13767K, paused 2ms+2ms
07-26 19:32:21.263 31915 31916 D dalvikvm: GC_CONCURRENT freed 421K, 8% free 10113K/10887K, paused 1ms+2ms
07-26 19:32:59.907 25228 25769 D GetStringObjTask: retrieving from url = http://www.chess.com/api/get_move_status?id=5HHjW9WUGa%2Bcu1LUwnVJPxTIWxmEve4VdkRnRyg7b5Ch69JH2Z5aB%2B7eGuFw8K2uFx47KFsdE3JRdR3Mzv0PkZOj6eZ8N73BvxmEERrzXjMNRo80rkLyJAUTh0iqof4n
07-26 19:33:00.321 25228 25230 D dalvikvm: GC_CONCURRENT freed 419K, 6% free 9501K/10055K, paused 24ms+2ms
07-26 19:33:00.462 25228 25769 D GetStringObjTask: WebRequest SERVER RESPONSE: Success+0
07-26 19:33:21.356   145  1303 I ActivityManager: Process com.google.android.apps.gesturesearch (pid 31451) has died.
07-26 19:33:21.396 31915 31916 D dalvikvm: GC_CONCURRENT freed 471K, 8% free 10113K/10887K, paused 2ms+39ms
07-26 19:33:22.060 31915 31916 D dalvikvm: GC_CONCURRENT freed 404K, 8% free 10124K/10887K, paused 7ms+3ms
07-26 19:33:29.376   342   342 D SAN_SERVICE: *******************************************
07-26 19:33:29.376   342   342 D SAN_SERVICE: DM App Phone Service State - 0
07-26 19:33:29.376   342   342 D SAN_SERVICE: *******************************************
07-26 19:33:29.669   342   342 D SAN_SERVICE: *******************************************
07-26 19:33:29.669   342   342 D SAN_SERVICE: DM App Phone Service State - 0
07-26 19:33:29.669   342   342 D SAN_SERVICE: *******************************************
07-26 19:33:30.411   342   342 D SAN_SERVICE: *******************************************
07-26 19:33:30.411   342   342 D SAN_SERVICE: DM App Phone Service State - 0
07-26 19:33:30.411   342   342 D SAN_SERVICE: *******************************************
07-26 19:33:30.423   145   199 D DhcpInfoInternal: makeLinkProperties with empty dns2!
07-26 19:33:30.427   145   199 D DhcpInfoInternal: makeLinkProperties with empty dns2!
07-26 19:33:30.481   342   345 D dalvikvm: GC_CONCURRENT freed 839K, 9% free 11911K/12999K, paused 22ms+2ms
07-26 19:33:59.271 31737  1686 I EventLogService: Aggregate from 1343343839091 (log), 1343343839091 (data)
07-26 19:34:15.700   342   342 D SAN_SERVICE: *******************************************
07-26 19:34:15.700   342   342 D SAN_SERVICE: DM App Phone Service State - 0
07-26 19:34:15.700   342   342 D SAN_SERVICE: *******************************************
07-26 19:34:16.450   342   342 D SAN_SERVICE: *******************************************
07-26 19:34:16.450   342   342 D SAN_SERVICE: DM App Phone Service State - 0
07-26 19:34:16.450   342   342 D SAN_SERVICE: *******************************************
07-26 19:34:18.521 29724 29737 I PhoneLab-: Service Running
07-26 19:34:18.587 29724 29737 I PhoneLab-LoggerService: app_37    1300  1     1440   1000  c00f181c 400107b4 S logcat
07-26 19:34:18.587 29724 29737 I PhoneLab-LoggerService: Logcat pid from database 1300
07-26 19:34:18.587 29724 29737 I PhoneLab-LoggerService: Logcat process found 1300
07-26 19:34:18.587 29724 29737 I PhoneLab-LoggerService: Checking Threshold
07-26 19:34:21.271 32212 32214 D dalvikvm: GC_CONCURRENT freed 533K, 23% free 10607K/13767K, paused 2ms+3ms
07-26 19:34:21.407 31737 31740 D dalvikvm: GC_CONCURRENT freed 439K, 7% free 10872K/11655K, paused 3ms+8ms
07-26 19:34:21.442 31915 31916 D dalvikvm: GC_CONCURRENT freed 480K, 7% free 10156K/10887K, paused 2ms+2ms
07-26 19:34:25.743   342   342 D SAN_SERVICE: *******************************************
07-26 19:34:25.743   342   342 D SAN_SERVICE: DM App Phone Service State - 0
07-26 19:34:25.743   342   342 D SAN_SERVICE: *******************************************
07-26 19:35:21.411 31915 31916 D dalvikvm: GC_CONCURRENT freed 470K, 7% free 10157K/10887K, paused 2ms+3ms
07-26 19:35:43.341   342   342 D SAN_SERVICE: *******************************************
07-26 19:35:43.341   342   342 D SAN_SERVICE: DM App Phone Service State - 0
07-26 19:35:43.341   342   342 D SAN_SERVICE: *******************************************
07-26 19:35:43.763   342   342 D SAN_SERVICE: *******************************************
07-26 19:35:43.763   342   342 D SAN_SERVICE: DM App Phone Service State - 0
07-26 19:35:43.763   342   342 D SAN_SERVICE: *******************************************
07-26 19:35:43.814   342   342 D SAN_SERVICE: *******************************************
07-26 19:35:43.814   342   342 D SAN_SERVICE: DM App Phone Service State - 0
07-26 19:35:43.814   342   342 D SAN_SERVICE: *******************************************
07-26 19:35:49.372   342   342 D SAN_SERVICE: *******************************************
07-26 19:35:49.372   342   342 D SAN_SERVICE: DM App Phone Service State - 0
07-26 19:35:49.372   342   342 D SAN_SERVICE: *******************************************
07-26 19:35:55.286   145   199 D DhcpInfoInternal: makeLinkProperties with empty dns2!
07-26 19:35:55.294   145   199 D DhcpInfoInternal: makeLinkProperties with empty dns2!
07-26 19:35:57.899   342   342 D SAN_SERVICE: *******************************************
07-26 19:35:57.899   342   342 D SAN_SERVICE: DM App Phone Service State - 0
07-26 19:35:57.899   342   342 D SAN_SERVICE: *******************************************
07-26 19:36:18.521 29724 29737 I PhoneLab-: Service Running
07-26 19:36:18.587 29724 29737 I PhoneLab-LoggerService: app_37    1300  1     1440   1000  c00f181c 400107b4 S logcat
07-26 19:36:18.587 29724 29737 I PhoneLab-LoggerService: Logcat pid from database 1300
07-26 19:36:18.587 29724 29737 I PhoneLab-LoggerService: Logcat process found 1300
07-26 19:36:18.587 29724 29737 I PhoneLab-LoggerService: Checking Threshold
07-26 19:36:21.376 32212 32214 D dalvikvm: GC_CONCURRENT freed 526K, 23% free 10610K/13767K, paused 2ms+2ms
07-26 19:36:21.497 31915 31916 D dalvikvm: GC_CONCURRENT freed 442K, 7% free 10141K/10887K, paused 1ms+2ms
07-26 19:36:23.489   342   342 D SAN_SERVICE: *******************************************
07-26 19:36:23.489   342   342 D SAN_SERVICE: DM App Phone Service State - 0
07-26 19:36:23.489   342   342 D SAN_SERVICE: *******************************************
07-26 19:36:23.739   342   342 D SAN_SERVICE: *******************************************
07-26 19:36:23.739   342   342 D SAN_SERVICE: DM App Phone Service State - 0
07-26 19:36:23.739   342   342 D SAN_SERVICE: *******************************************
07-26 19:36:26.950 32026 32028 D dalvikvm: GC_CONCURRENT freed 709K, 7% free 11550K/12359K, paused 1ms+3ms
07-26 19:36:38.829   342   342 D SAN_SERVICE: *******************************************
07-26 19:36:38.829   342   342 D SAN_SERVICE: DM App Phone Service State - 0
07-26 19:36:38.829   342   342 D SAN_SERVICE: *******************************************
07-26 19:36:39.091   342   342 D SAN_SERVICE: *******************************************
07-26 19:36:39.091   342   342 D SAN_SERVICE: DM App Phone Service State - 0
07-26 19:36:39.091   342   342 D SAN_SERVICE: *******************************************
07-26 19:36:39.329   342   342 D SAN_SERVICE: *******************************************
07-26 19:36:39.329   342   342 D SAN_SERVICE: DM App Phone Service State - 0
07-26 19:36:39.329   342   342 D SAN_SERVICE: *******************************************
07-26 19:36:59.321   342   342 D SAN_SERVICE: *******************************************
07-26 19:36:59.321   342   342 D SAN_SERVICE: DM App Phone Service State - 0
07-26 19:36:59.321   342   342 D SAN_SERVICE: *******************************************
07-26 19:36:59.825   342   342 D SAN_SERVICE: *******************************************
07-26 19:36:59.825   342   342 D SAN_SERVICE: DM App Phone Service State - 0
07-26 19:36:59.825   342   342 D SAN_SERVICE: *******************************************
07-26 19:37:14.884   342   342 D SAN_SERVICE: *******************************************
07-26 19:37:14.884   342   342 D SAN_SERVICE: DM App Phone Service State - 0
07-26 19:37:14.884   342   342 D SAN_SERVICE: *******************************************
07-26 19:37:15.001   342   342 D SAN_SERVICE: *******************************************
07-26 19:37:15.001   342   342 D SAN_SERVICE: DM App Phone Service State - 0
07-26 19:37:15.001   342   342 D SAN_SERVICE: *******************************************
07-26 19:37:20.126   342   342 D SAN_SERVICE: *******************************************
07-26 19:37:20.126   342   342 D SAN_SERVICE: DM App Phone Service State - 0
07-26 19:37:20.126   342   342 D SAN_SERVICE: *******************************************
07-26 19:37:20.337   342   342 D SAN_SERVICE: *******************************************
07-26 19:37:20.337   342   342 D SAN_SERVICE: DM App Phone Service State - 0
07-26 19:37:20.337   342   342 D SAN_SERVICE: *******************************************
07-26 19:37:20.606   342   342 D SAN_SERVICE: *******************************************
07-26 19:37:20.606   342   342 D SAN_SERVICE: DM App Phone Service State - 0
07-26 19:37:20.606   342   342 D SAN_SERVICE: *******************************************
07-26 19:37:21.517 31915 31916 D dalvikvm: GC_CONCURRENT freed 422K, 7% free 10137K/10887K, paused 1ms+1ms
07-26 19:37:40.310   342   342 D SAN_SERVICE: *******************************************
07-26 19:37:40.310   342   342 D SAN_SERVICE: DM App Phone Service State - 0
07-26 19:37:40.310   342   342 D SAN_SERVICE: *******************************************
07-26 19:37:40.552   342   342 D SAN_SERVICE: *******************************************
07-26 19:37:40.552   342   342 D SAN_SERVICE: DM App Phone Service State - 0
07-26 19:37:40.552   342   342 D SAN_SERVICE: *******************************************
07-26 19:37:41.056   342   342 D SAN_SERVICE: *******************************************
07-26 19:37:41.056   342   342 D SAN_SERVICE: DM App Phone Service State - 0
07-26 19:37:41.064   342   342 D SAN_SERVICE: *******************************************
07-26 19:37:50.560   342   342 D SAN_SERVICE: *******************************************
07-26 19:37:50.560   342   342 D SAN_SERVICE: DM App Phone Service State - 0
07-26 19:37:50.560   342   342 D SAN_SERVICE: *******************************************
07-26 19:37:59.911 25228 25242 D GetStringObjTask: retrieving from url = http://www.chess.com/api/get_move_status?id=5HHjW9WUGa%2Bcu1LUwnVJPxTIWxmEve4VdkRnRyg7b5Ch69JH2Z5aB%2B7eGuFw8K2uFx47KFsdE3JRdR3Mzv0PkZOj6eZ8N73BvxmEERrzXjMNRo80rkLyJAUTh0iqof4n
07-26 19:38:00.704 25228 25242 D GetStringObjTask: WebRequest SERVER RESPONSE: Success+0
07-26 19:38:10.981   342   342 D SAN_SERVICE: *******************************************
07-26 19:38:10.981   342   342 D SAN_SERVICE: DM App Phone Service State - 0
07-26 19:38:10.981   342   342 D SAN_SERVICE: *******************************************
07-26 19:38:11.263   342   342 D SAN_SERVICE: *******************************************
07-26 19:38:11.263   342   342 D SAN_SERVICE: DM App Phone Service State - 0
07-26 19:38:11.263   342   342 D SAN_SERVICE: *******************************************
07-26 19:38:18.521 29724 29737 I PhoneLab-: Service Running
07-26 19:38:18.606   145   378 I ActivityManager: Process com.android.browser (pid 31821) has died.
07-26 19:38:18.661 29724 29727 D dalvikvm: GC_CONCURRENT freed 415K, 14% free 9150K/10631K, paused 4ms+6ms
07-26 19:38:18.661 29724 29737 I PhoneLab-LoggerService: app_37    1300  1     1440   1000  c00f181c 400107b4 S logcat
07-26 19:38:18.665 29724 29737 I PhoneLab-LoggerService: Logcat pid from database 1300
07-26 19:38:18.665 29724 29737 I PhoneLab-LoggerService: Logcat process found 1300
07-26 19:38:18.669 29724 29737 I PhoneLab-LoggerService: Checking Threshold
07-26 19:38:19.950   145   199 D DhcpInfoInternal: makeLinkProperties with empty dns2!
07-26 19:38:19.950   145   199 D DhcpInfoInternal: makeLinkProperties with empty dns2!
07-26 19:38:21.290   342   342 D SAN_SERVICE: *******************************************
07-26 19:38:21.290   342   342 D SAN_SERVICE: DM App Phone Service State - 0
07-26 19:38:21.290   342   342 D SAN_SERVICE: *******************************************
07-26 19:38:21.462 32212 32214 D dalvikvm: GC_CONCURRENT freed 434K, 23% free 10691K/13767K, paused 2ms+3ms
07-26 19:38:21.595 31915 31916 D dalvikvm: GC_CONCURRENT freed 423K, 7% free 10140K/10887K, paused 2ms+2ms
07-26 19:38:57.110   342   342 D SAN_SERVICE: *******************************************
07-26 19:38:57.110   342   342 D SAN_SERVICE: DM App Phone Service State - 0
07-26 19:38:57.110   342   342 D SAN_SERVICE: *******************************************
07-26 19:38:57.372   342   342 D SAN_SERVICE: *******************************************
07-26 19:38:57.372   342   342 D SAN_SERVICE: DM App Phone Service State - 0
07-26 19:38:57.372   342   342 D SAN_SERVICE: *******************************************
07-26 19:38:57.606   342   342 D SAN_SERVICE: *******************************************
07-26 19:38:57.606   342   342 D SAN_SERVICE: DM App Phone Service State - 0
07-26 19:38:57.606   342   342 D SAN_SERVICE: *******************************************
07-26 19:39:12.513   342   342 D SAN_SERVICE: *******************************************
07-26 19:39:12.513   342   342 D SAN_SERVICE: DM App Phone Service State - 0
07-26 19:39:12.513   342   342 D SAN_SERVICE: *******************************************
07-26 19:39:12.798   342   342 D SAN_SERVICE: *******************************************
07-26 19:39:12.798   342   342 D SAN_SERVICE: DM App Phone Service State - 0
07-26 19:39:12.798   342   342 D SAN_SERVICE: *******************************************
07-26 19:39:13.556   342   342 D SAN_SERVICE: *******************************************
07-26 19:39:13.556   342   342 D SAN_SERVICE: DM App Phone Service State - 0
07-26 19:39:13.556   342   342 D SAN_SERVICE: *******************************************
07-26 19:39:21.634   145 22258 D dalvikvm: GC_EXPLICIT freed 1589K, 17% free 19521K/23495K, paused 8ms+10ms
07-26 19:39:21.728 31915 31916 D dalvikvm: GC_CONCURRENT freed 423K, 7% free 10137K/10887K, paused 1ms+2ms
07-26 19:40:09.032   342   342 D SAN_SERVICE: *******************************************
07-26 19:40:09.032   342   342 D SAN_SERVICE: DM App Phone Service State - 0
07-26 19:40:09.032   342   342 D SAN_SERVICE: *******************************************
07-26 19:40:09.247   342   342 D SAN_SERVICE: *******************************************
07-26 19:40:09.247   342   342 D SAN_SERVICE: DM App Phone Service State - 0
07-26 19:40:09.247   342   342 D SAN_SERVICE: *******************************************
07-26 19:40:18.521 29724 29737 I PhoneLab-: Service Running
07-26 19:40:18.587 29724 29737 I PhoneLab-LoggerService: app_37    1300  1     1440   1000  c00f181c 400107b4 S logcat
07-26 19:40:18.587 29724 29737 I PhoneLab-LoggerService: Logcat pid from database 1300
07-26 19:40:18.587 29724 29737 I PhoneLab-LoggerService: Logcat process found 1300
07-26 19:40:18.587 29724 29737 I PhoneLab-LoggerService: Checking Threshold
07-26 19:40:20.314 32212 32214 D dalvikvm: GC_CONCURRENT freed 512K, 23% free 10607K/13767K, paused 2ms+2ms
07-26 19:40:21.657 31915 31916 D dalvikvm: GC_CONCURRENT freed 423K, 7% free 10136K/10887K, paused 1ms+2ms
07-26 19:40:24.177   342   342 D SAN_SERVICE: *******************************************
07-26 19:40:24.177   342   342 D SAN_SERVICE: DM App Phone Service State - 0
07-26 19:40:24.177   342   342 D SAN_SERVICE: *******************************************
07-26 19:40:24.962   342   342 D SAN_SERVICE: *******************************************
07-26 19:40:24.962   342   342 D SAN_SERVICE: DM App Phone Service State - 0
07-26 19:40:24.962   342   342 D SAN_SERVICE: *******************************************
07-26 19:40:36.040   342   342 D SAN_SERVICE: *******************************************
07-26 19:40:36.040   342   342 D SAN_SERVICE: DM App Phone Service State - 0
07-26 19:40:36.040   342   342 D SAN_SERVICE: *******************************************
07-26 19:40:36.333   342   342 D SAN_SERVICE: *******************************************
07-26 19:40:36.333   342   342 D SAN_SERVICE: DM App Phone Service State - 0
07-26 19:40:36.333   342   342 D SAN_SERVICE: *******************************************
07-26 19:40:44.599   342   342 D SAN_SERVICE: *******************************************
07-26 19:40:44.599   342   342 D SAN_SERVICE: DM App Phone Service State - 0
07-26 19:40:44.599   342   342 D SAN_SERVICE: *******************************************
07-26 19:40:44.856   145   199 D DhcpInfoInternal: makeLinkProperties with empty dns2!
07-26 19:40:44.860   145   199 D DhcpInfoInternal: makeLinkProperties with empty dns2!
07-26 19:40:44.872   342   342 D SAN_SERVICE: *******************************************
07-26 19:40:44.872   342   342 D SAN_SERVICE: DM App Phone Service State - 0
07-26 19:40:44.872   342   342 D SAN_SERVICE: *******************************************
07-26 19:40:45.122   342   342 D SAN_SERVICE: *******************************************
07-26 19:40:45.122   342   342 D SAN_SERVICE: DM App Phone Service State - 0
07-26 19:40:45.122   342   342 D SAN_SERVICE: *******************************************
07-26 19:41:00.122   215   217 D dalvikvm: GC_CONCURRENT freed 497K, 32% free 9728K/14215K, paused 13ms+3ms
07-26 19:41:10.200   342   342 D SAN_SERVICE: *******************************************
07-26 19:41:10.200   342   342 D SAN_SERVICE: DM App Phone Service State - 0
07-26 19:41:10.200   342   342 D SAN_SERVICE: *******************************************
07-26 19:41:10.442   342   342 D SAN_SERVICE: *******************************************
07-26 19:41:10.446   342   342 D SAN_SERVICE: DM App Phone Service State - 0
07-26 19:41:10.446   342   342 D SAN_SERVICE: *******************************************
07-26 19:41:17.048   342   342 D SAN_SERVICE: *******************************************
07-26 19:41:17.048   342   342 D SAN_SERVICE: DM App Phone Service State - 0
07-26 19:41:17.048   342   342 D SAN_SERVICE: *******************************************
07-26 19:41:21.638 32212 32214 D dalvikvm: GC_CONCURRENT freed 523K, 23% free 10612K/13767K, paused 2ms+3ms
07-26 19:41:21.751 31915 31916 D dalvikvm: GC_CONCURRENT freed 418K, 7% free 10141K/10887K, paused 1ms+2ms
07-26 19:41:25.532   342   342 D SAN_SERVICE: *******************************************
07-26 19:41:25.532   342   342 D SAN_SERVICE: DM App Phone Service State - 0
07-26 19:41:25.532   342   342 D SAN_SERVICE: *******************************************
07-26 19:41:25.821   342   342 D SAN_SERVICE: *******************************************
