07-15 17:49:39.687   144   201 D ConnectivityService: ConnectivityChange for WIFI: CONNECTED/CONNECTED
07-15 17:49:39.687   144   201 D ConnectivityService: Policy requires mobile teardown
07-15 17:49:39.715  2643  2643 I PhoneLab-WiFiReceiver: Wi-Fi is connected!
07-15 17:49:39.715  2643  2643 I PhoneLab-WiFiReceiver: SSID: UB_Secure BSSID: 00:1a:a2:dd:b1:a1 RSSI: -200 LinkSpeed: -1
07-15 17:49:39.715  2643  2643 I PhoneLab-Locks: wake lock acquired
07-15 17:49:39.734  2643  2643 I PhoneLab-UploadLogs: Transfering log files now
07-15 17:49:39.734  2643  2643 I PhoneLab-UploadLogs: No log files to transfer
07-15 17:49:39.734  2643  2643 I PhoneLab-Locks: wake lock released
07-15 17:49:39.742  2643  2643 I PhoneLab-UploadLogs: OnStartCommand
07-15 17:49:39.777   144   201 D ConnectivityService: ConnectivityChange for mobile: DISCONNECTED/DISCONNECTED
07-15 17:49:39.777   144   201 D ConnectivityService: Attempting to switch to WIFI
07-15 17:49:39.777   144   201 D ConnectivityService: Attempting to switch to WIMAX
07-15 17:49:39.777   144   196 W NetworkStats: dropping UID delta from unknown iface: iface=wlan0 uid=0 set=DEFAULT tag=0x0 rxBytes=0 rxPackets=0 txBytes=64 txPackets=1 operations=0
07-15 17:49:39.777   144   201 D ConnectivityService: Attempting to switch to BLUETOOTH_TETHER
07-15 17:49:39.781   144   201 D NetUtils: android_net_utils_resetConnections in env=0x1d93420 clazz=0xf1700001 iface=rmnet0 mask=0x3
07-15 17:49:39.781   144   201 D ConnectivityService: resetConnections(rmnet0, 3)
07-15 17:49:39.933   144   146 D dalvikvm: GC_CONCURRENT freed 1551K, 12% free 15287K/17223K, paused 3ms+6ms
07-15 17:49:40.320   144   201 D ConnectivityService: NetTransition Wakelock for WifiStateMachine released by timeout
07-15 17:49:40.922   144   205 D Tethering: MasterInitialState.processMessage what=3
07-15 17:49:40.984   291   291 I GTalkService/c: [AndroidEndpoint@1094321424] connect: acct=1000000, state=CONNECTING
07-15 17:49:41.019   144   205 D Tethering: MasterInitialState.processMessage what=3
07-15 17:49:41.023   291   291 I GTalkService/c: [GTalkConnection@1094939328] connect: acct=1, state=CONNECTING
07-15 17:49:41.113  3285  3288 D dalvikvm: GC_CONCURRENT freed 676K, 8% free 9892K/10695K, paused 2ms+49ms
07-15 17:49:41.129   144   342 D dalvikvm: GC_EXPLICIT freed 487K, 12% free 15233K/17223K, paused 2ms+9ms
07-15 17:49:41.152  2663  2663 I MediaUploader: No need to wake up
07-15 17:49:41.156  2643  2643 I PhoneLab-WiFiReceiver: Wi-Fi is disconnected!
07-15 17:49:41.218  2002  2002 W ContextScopeImpl: thread=1 tried to enter the scope of the application context. Ignored.
07-15 17:49:41.246  2663  2663 I MediaUploader: No need to wake up
07-15 17:49:41.316  2002  2002 W ContextScopeImpl: thread=1 tried to enter the scope of the application context. Ignored.
07-15 17:49:41.328  1203  1223 D PicasaSyncManager: active network: NetworkInfo: type: WIFI[], state: CONNECTED/CONNECTED, reason: (unspecified), extra: (none), roaming: false, failover: false, isAvailable: true
07-15 17:49:41.328  1203  1223 D PicasaSyncManager: background data: true
07-15 17:49:42.379   144   205 D Tethering: MasterInitialState.processMessage what=3
07-15 17:49:42.476  2663  2663 I MediaUploader: No need to wake up
07-15 17:49:42.523  1203  1223 D PicasaSyncManager: active network: NetworkInfo: type: WIFI[], state: CONNECTED/CONNECTED, reason: (unspecified), extra: (none), roaming: false, failover: false, isAvailable: true
07-15 17:49:42.547  2002  2002 W ContextScopeImpl: thread=1 tried to enter the scope of the application context. Ignored.
07-15 17:49:42.550  1203  1223 D PicasaSyncManager: background data: true
07-15 17:49:42.613  2599  2602 D dalvikvm: GC_CONCURRENT freed 411K, 6% free 9314K/9863K, paused 1ms+3ms
07-15 17:49:42.797   144   205 D Tethering: MasterInitialState.processMessage what=3
07-15 17:49:42.898  2663  2663 I MediaUploader: No need to wake up
07-15 17:49:42.972  1203  1223 D PicasaSyncManager: active network: NetworkInfo: type: WIFI[], state: CONNECTED/CONNECTED, reason: (unspecified), extra: (none), roaming: false, failover: false, isAvailable: true
07-15 17:49:42.976  2002  2002 W ContextScopeImpl: thread=1 tried to enter the scope of the application context. Ignored.
07-15 17:49:43.000  1203  1223 D PicasaSyncManager: background data: true
07-15 17:49:43.039   144   205 D Tethering: MasterInitialState.processMessage what=3
07-15 17:49:43.047   144   205 D Tethering: MasterInitialState.processMessage what=3
07-15 17:49:43.058   291   294 D dalvikvm: GC_CONCURRENT freed 465K, 6% free 10391K/10951K, paused 2ms+3ms
07-15 17:49:43.078  2663  2663 I MediaUploader: No need to wake up
07-15 17:49:43.152  2002  2002 W ContextScopeImpl: thread=1 tried to enter the scope of the application context. Ignored.
07-15 17:49:43.164  1203  1223 D PicasaSyncManager: active network: NetworkInfo: type: WIFI[], state: CONNECTED/CONNECTED, reason: (unspecified), extra: (none), roaming: false, failover: false, isAvailable: true
07-15 17:49:43.179  1203  1223 D PicasaSyncManager: background data: true
07-15 17:49:43.187  2663  2663 I MediaUploader: No need to wake up
07-15 17:49:43.277  2002  2002 W ContextScopeImpl: thread=1 tried to enter the scope of the application context. Ignored.
07-15 17:49:43.281  1203  1223 D PicasaSyncManager: active network: NetworkInfo: type: WIFI[], state: CONNECTED/CONNECTED, reason: (unspecified), extra: (none), roaming: false, failover: false, isAvailable: true
07-15 17:49:43.285  1203  1223 D PicasaSyncManager: background data: true
07-15 17:49:44.586   144   201 D ConnectivityService: handleInetConditionHoldEnd: net=1, condition=100, published condition=0
07-15 17:50:29.152  3324  3327 D dalvikvm: GC_CONCURRENT freed 372K, 6% free 10269K/10823K, paused 2ms+2ms
07-15 17:50:29.277  1351  1353 D dalvikvm: GC_CONCURRENT freed 474K, 8% free 10324K/11143K, paused 2ms+2ms
07-15 17:51:29.281  3324  3327 D dalvikvm: GC_CONCURRENT freed 509K, 6% free 10222K/10823K, paused 1ms+6ms
07-15 17:51:29.339  1351  1353 D dalvikvm: GC_CONCURRENT freed 562K, 8% free 10269K/11143K, paused 1ms+3ms
07-15 17:52:06.144   144   342 W ActivityManager: finishReceiver called but no pending broadcasts
07-15 17:52:06.265  3324  3327 D dalvikvm: GC_CONCURRENT freed 374K, 5% free 10359K/10823K, paused 2ms+2ms
07-15 17:52:14.988   144  1168 W ActivityManager: finishReceiver called but no pending broadcasts
07-15 17:52:15.082  3324  3327 D dalvikvm: GC_CONCURRENT freed 515K, 6% free 10356K/10951K, paused 2ms+2ms
07-15 17:52:20.336   144   146 D dalvikvm: JIT code cache reset in 4 ms (1048480 bytes 2/0)
07-15 17:52:20.351   144   146 D dalvikvm: GC_CONCURRENT freed 1357K, 12% free 15310K/17223K, paused 3ms+11ms
07-15 17:52:24.046   144   390 W ActivityManager: finishReceiver called but no pending broadcasts
07-15 17:52:24.125  3324  3327 D dalvikvm: GC_CONCURRENT freed 519K, 6% free 10349K/10951K, paused 2ms+2ms
07-15 17:52:29.379   144   156 D dalvikvm: GC_EXPLICIT freed 146K, 12% free 15245K/17223K, paused 3ms+4ms
07-15 17:52:29.414  3324  3327 D dalvikvm: GC_CONCURRENT freed 564K, 7% free 10244K/10951K, paused 2ms+7ms
07-15 17:52:29.492  1351  1353 D dalvikvm: GC_CONCURRENT freed 422K, 8% free 10279K/11143K, paused 1ms+2ms
07-15 17:52:33.015   144   378 W ActivityManager: finishReceiver called but no pending broadcasts
07-15 17:52:33.109  3324  3327 D dalvikvm: GC_CONCURRENT freed 387K, 6% free 10369K/10951K, paused 2ms+2ms
07-15 17:52:41.964   144   378 W ActivityManager: finishReceiver called but no pending broadcasts
07-15 17:52:42.050  3324  3327 D dalvikvm: GC_CONCURRENT freed 587K, 7% free 10349K/11015K, paused 2ms+2ms
07-15 17:52:50.972   144  1167 W ActivityManager: finishReceiver called but no pending broadcasts
07-15 17:52:51.046  3324  3327 D dalvikvm: GC_CONCURRENT freed 495K, 6% free 10365K/11015K, paused 2ms+2ms
07-15 17:52:58.027  2643  2656 I PhoneLab-: Service Running
07-15 17:52:58.117  2643  2645 D dalvikvm: GC_CONCURRENT freed 424K, 7% free 9119K/9735K, paused 1ms+5ms
07-15 17:52:58.129  2643  2656 I PhoneLab-LoggerService: app_37    1395  1     1432   1064  c00f181c 400107b4 S logcat
07-15 17:52:58.129  2643  2656 I PhoneLab-LoggerService: Logcat pid from database 1395
07-15 17:52:58.129  2643  2656 I PhoneLab-LoggerService: Logcat process found 1395
07-15 17:52:58.129  2643  2656 I PhoneLab-LoggerService: Checking Threshold
07-15 17:52:58.129  2643  2656 I PhoneLab-LoggerService: Starting to rename files
07-15 17:52:58.129  2643  2656 I PhoneLab-LoggerService: Files found .. 2
07-15 17:52:58.129  2643  2656 I PhoneLab-LoggerService: File 1 log.out.1
07-15 17:52:58.144  2643  2656 I PhoneLab-LoggerService: Renamed successfully
07-15 17:52:58.144  2643  2656 I PhoneLab-: Service Running
07-15 17:52:58.175  2643  2656 I PhoneLab-LoggerService: app_37    1395  1     1432   1064  c00f181c 400107b4 S logcat
07-15 17:52:58.175  2643  2656 I PhoneLab-LoggerService: Logcat pid from database 1395
07-15 17:52:58.175  2643  2656 I PhoneLab-LoggerService: Logcat process found 1395
07-15 17:52:58.175  2643  2656 I PhoneLab-LoggerService: Checking Threshold
07-15 17:52:58.175  2643  2656 I PhoneLab-LoggerService: Starting to rename files
07-15 17:52:58.175  2643  2656 I PhoneLab-LoggerService: Files found .. 2
07-15 17:52:59.785   144   155 W ActivityManager: finishReceiver called but no pending broadcasts
07-15 17:52:59.863  3324  3327 D dalvikvm: GC_CONCURRENT freed 518K, 6% free 10358K/11015K, paused 1ms+2ms
07-15 17:53:00.347   215   217 D dalvikvm: GC_CONCURRENT freed 232K, 31% free 9890K/14215K, paused 2ms+3ms
07-15 17:53:00.398   215   217 D dalvikvm: GC_CONCURRENT freed 651K, 32% free 9693K/14215K, paused 3ms+3ms
07-15 17:53:00.500   215   217 D dalvikvm: GC_CONCURRENT freed 379K, 32% free 9781K/14215K, paused 2ms+3ms
07-15 17:53:01.261   346   346 D SAN_SERVICE: *******************************************
07-15 17:53:01.261   346   346 D SAN_SERVICE: DM App Phone Service State - 0
07-15 17:53:01.261   346   346 D SAN_SERVICE: *******************************************
07-15 17:53:01.476   291   294 D dalvikvm: GC_CONCURRENT freed 413K, 6% free 10405K/11015K, paused 2ms+8ms
07-15 17:53:01.754   346   346 D SAN_SERVICE: *******************************************
07-15 17:53:01.754   346   346 D SAN_SERVICE: DM App Phone Service State - 0
07-15 17:53:01.754   346   346 D SAN_SERVICE: *******************************************
07-15 17:53:02.718   346   346 D SAN_SERVICE: *******************************************
07-15 17:53:02.718   346   346 D SAN_SERVICE: DM App Phone Service State - 0
07-15 17:53:02.718   346   346 D SAN_SERVICE: *******************************************
07-15 17:53:03.593  3324  3327 D dalvikvm: GC_CONCURRENT freed 329K, 6% free 10416K/11015K, paused 2ms+3ms
07-15 17:53:04.445  1351  1353 D dalvikvm: GC_CONCURRENT freed 383K, 8% free 10283K/11143K, paused 2ms+2ms
07-15 17:53:05.449  1351  1353 D dalvikvm: GC_CONCURRENT freed 405K, 8% free 10281K/11143K, paused 2ms+2ms
07-15 17:53:07.390  1351  1353 D dalvikvm: GC_CONCURRENT freed 499K, 8% free 10287K/11143K, paused 3ms+2ms
07-15 17:53:08.320  3324  3327 D dalvikvm: GC_CONCURRENT freed 137K, 4% free 10669K/11015K, paused 2ms+3ms
07-15 17:53:08.441  1351  1353 D dalvikvm: GC_CONCURRENT freed 459K, 8% free 10336K/11143K, paused 3ms+2ms
07-15 17:53:09.172  2643  2656 I PhoneLab-: Service Running
07-15 17:53:09.289  2643  2656 I PhoneLab-LoggerService: app_37    1395  1     1432   1064  c00f181c 400107b4 S logcat
07-15 17:53:09.289  2643  2656 I PhoneLab-LoggerService: Logcat pid from database 1395
07-15 17:53:09.289  2643  2656 I PhoneLab-LoggerService: Logcat process found 1395
07-15 17:53:09.289  2643  2656 I PhoneLab-LoggerService: Checking Threshold
07-15 17:53:09.289  2643  2656 I PhoneLab-LoggerService: Starting to rename files
07-15 17:53:09.289  2643  2656 I PhoneLab-LoggerService: Files found .. 2
07-15 17:53:09.422  1351  1353 D dalvikvm: GC_CONCURRENT freed 512K, 8% free 10309K/11143K, paused 2ms+4ms
07-15 17:53:10.582  3324  3327 D dalvikvm: GC_CONCURRENT freed 378K, 5% free 10857K/11335K, paused 1ms+8ms
07-15 17:53:10.613  1351  1353 D dalvikvm: GC_CONCURRENT freed 452K, 8% free 10312K/11143K, paused 2ms+7ms
07-15 17:53:12.414  1351  1353 D dalvikvm: GC_CONCURRENT freed 525K, 8% free 10292K/11143K, paused 2ms+3ms
07-15 17:53:13.437  1351  1353 D dalvikvm: GC_CONCURRENT freed 457K, 8% free 10342K/11143K, paused 2ms+3ms
07-15 17:53:14.328  3324  3327 D dalvikvm: GC_CONCURRENT freed 876K, 9% free 10519K/11527K, paused 9ms+4ms
07-15 17:53:14.453  1351  1353 D dalvikvm: GC_CONCURRENT freed 513K, 8% free 10297K/11143K, paused 2ms+3ms
07-15 17:53:16.347  1351  1353 D dalvikvm: GC_CONCURRENT freed 513K, 8% free 10290K/11143K, paused 2ms+3ms
07-15 17:53:17.394  1351  1353 D dalvikvm: GC_CONCURRENT freed 465K, 8% free 10331K/11143K, paused 2ms+3ms
07-15 17:53:18.027   346   346 D SAN_SERVICE: *******************************************
07-15 17:53:18.027   346   346 D SAN_SERVICE: DM App Phone Service State - 0
07-15 17:53:18.027   346   346 D SAN_SERVICE: *******************************************
07-15 17:53:18.418   144   342 D dalvikvm: GC_EXPLICIT freed 952K, 11% free 15422K/17223K, paused 4ms+8ms
07-15 17:53:18.543  1351  1353 D dalvikvm: GC_CONCURRENT freed 523K, 8% free 10319K/11143K, paused 3ms+2ms
07-15 17:53:18.730   346   346 D SAN_SERVICE: *******************************************
07-15 17:53:18.730   346   346 D SAN_SERVICE: DM App Phone Service State - 0
07-15 17:53:18.730   346   346 D SAN_SERVICE: *******************************************
07-15 17:53:18.832  3324  3327 D dalvikvm: GC_CONCURRENT freed 164K, 7% free 10741K/11527K, paused 1ms+4ms
07-15 17:53:20.148  3324  3327 D dalvikvm: GC_CONCURRENT freed 400K, 6% free 10846K/11527K, paused 1ms+3ms
07-15 17:53:20.433  1351  1353 D dalvikvm: GC_CONCURRENT freed 535K, 8% free 10283K/11143K, paused 4ms+3ms
07-15 17:53:21.316  1351  1351 D dalvikvm: GC_EXPLICIT freed 299K, 9% free 10238K/11143K, paused 2ms+4ms
07-15 17:53:22.371   291   308 D dalvikvm: GC_EXPLICIT freed 228K, 5% free 10492K/11015K, paused 3ms+5ms
07-15 17:53:22.484  1351  1353 D dalvikvm: GC_CONCURRENT freed 449K, 8% free 10287K/11143K, paused 2ms+3ms
07-15 17:53:22.707   275   275 I wpa_supplicant: wlan0: CTRL-EVENT-DISCONNECTED bssid=00:1a:a2:dd:b1:a1 reason=0
07-15 17:53:22.722    75   117 D CommandListener: Clearing all IP addresses on wlan0
07-15 17:53:22.773   144   201 D ConnectivityService: ConnectivityChange for WIFI: DISCONNECTED/DISCONNECTED
07-15 17:53:22.777   144   201 D ConnectivityService: Attempting to switch to mobile
07-15 17:53:22.785   144   201 D ConnectivityService: Attempting to switch to WIMAX
07-15 17:53:22.785   144   201 D ConnectivityService: Attempting to switch to BLUETOOTH_TETHER
07-15 17:53:22.820   144   201 E ConnectivityService: Exception trying to remove a route: java.lang.IllegalStateException: Unable to communicate with native dameon to add routes - com.android.server.NativeDaemonConnectorException: Cmd {interface route remove wlan0 default 67.20.213.254 32 0.0.0.0} failed with code 400 : {Failed to remove route from default table (No such process)}
07-15 17:53:22.824   144   201 E ConnectivityService: Exception trying to remove a route: java.lang.IllegalStateException: Unable to communicate with native dameon to add routes - com.android.server.NativeDaemonConnectorException: Cmd {interface route remove wlan0 default 0.0.0.0 0 67.20.213.254} failed with code 400 : {Failed to remove route from default table (No such process)}
07-15 17:53:22.824   144   201 D NetUtils: android_net_utils_resetConnections in env=0x1d93420 clazz=0xb900001 iface=wlan0 mask=0x3
07-15 17:53:22.824   144   201 D ConnectivityService: resetConnections(wlan0, 3)
07-15 17:53:22.836   144   201 D ConnectivityService: ConnectivityChange for WIMAX: DISCONNECTED/SCANNING
07-15 17:53:22.871   144   201 D ConnectivityService: Attempting to switch to mobile
07-15 17:53:22.871   144   201 D ConnectivityService: Attempting to switch to WIFI
07-15 17:53:22.871   144   201 D ConnectivityService: Attempting to switch to BLUETOOTH_TETHER
07-15 17:53:23.086   291  3522 W Smack/Packet: notify conn break (IOEx), close connection
07-15 17:53:23.293   346   346 D SAN_SERVICE: *******************************************
07-15 17:53:23.293   346   346 D SAN_SERVICE: DM App Phone Service State - 0
07-15 17:53:23.293   346   346 D SAN_SERVICE: *******************************************
07-15 17:53:23.304   291  3522 I qtaguid : Failed write_ctrl(u 83) res=-1 errno=22
07-15 17:53:23.308   291  3522 I qtaguid : Untagging socket 83 failed errno=-22
07-15 17:53:23.308   291  3522 W NetworkManagementSocketTagger: untagSocket(83) failed with errno -22
07-15 17:53:23.316   144   201 D ConnectivityService: handleInetConditionChange: no active default network - ignore
07-15 17:53:23.425  1351  1353 D dalvikvm: GC_CONCURRENT freed 477K, 8% free 10320K/11143K, paused 2ms+4ms
07-15 17:53:23.574   275   275 I wpa_supplicant: wlan0: Trying to associate with 00:1f:9d:da:e6:d1 (SSID='UB_Secure' freq=2412 MHz)
07-15 17:53:23.773   275   275 I wpa_supplicant: wlan0: Associated with 00:1f:9d:da:e6:d1
07-15 17:53:23.773   275   275 I wpa_supplicant: wlan0: CTRL-EVENT-EAP-STARTED EAP authentication started
07-15 17:53:23.789   275   275 I wpa_supplicant: wlan0: CTRL-EVENT-EAP-PROPOSED-METHOD vendor=0 method=4 -> NAK
07-15 17:53:23.789   346   346 D SAN_SERVICE: *******************************************
07-15 17:53:23.789   346   346 D SAN_SERVICE: DM App Phone Service State - 0
07-15 17:53:23.789   346   346 D SAN_SERVICE: *******************************************
07-15 17:53:23.793   275   275 I wpa_supplicant: wlan0: CTRL-EVENT-EAP-PROPOSED-METHOD vendor=0 method=25
07-15 17:53:23.793   275   275 I wpa_supplicant: wlan0: CTRL-EVENT-EAP-METHOD EAP vendor 0 method 25 (PEAP) selected
07-15 17:53:23.828   346   348 D dalvikvm: GC_CONCURRENT freed 420K, 6% free 9495K/10055K, paused 2ms+2ms
07-15 17:53:23.851   275   275 I wpa_supplicant: wlan0: CTRL-EVENT-EAP-PEER-CERT depth=2 subject='/C=US/O=Entrust.net/OU=www.entrust.net/CPS incorp. by ref. (limits liab.)/OU=(c) 1999 Entrust.net Limited/CN=Entrust.net Secure Server Certification Authority'
07-15 17:53:23.851   275   275 I wpa_supplicant: wlan0: CTRL-EVENT-EAP-PEER-CERT depth=2 subject='/C=US/O=Entrust.net/OU=www.entrust.net/CPS incorp. by ref. (limits liab.)/OU=(c) 1999 Entrust.net Limited/CN=Entrust.net Secure Server Certification Authority'
07-15 17:53:23.855   275   275 I wpa_supplicant: wlan0: CTRL-EVENT-EAP-PEER-CERT depth=1 subject='/C=US/ST=UT/L=Salt Lake City/O=The USERTRUST Network/CN=USERTrust Legacy Secure Server CA'
07-15 17:53:23.855   275   275 I wpa_supplicant: wlan0: CTRL-EVENT-EAP-PEER-CERT depth=0 subject='/C=US/postalCode=14260/ST=New York/L=Buffalo/street=305 Computing Center/O=SUNY AT BUFFALO/OU=Office of the President/OU=Issued through UNIVERSITY AT BUFFALO E-PKI Manager/OU=PremiumSSL Legacy/CN=ubsecure.acsu.buffalo.edu'
07-15 17:53:24.011   275   275 I wpa_supplicant: EAP-MSCHAPV2: Authentication succeeded
07-15 17:53:24.019   275   275 I wpa_supplicant: EAP-TLV: TLV Result - Success - EAP-TLV/Phase2 Completed
07-15 17:53:24.035   275   275 I wpa_supplicant: wlan0: CTRL-EVENT-EAP-SUCCESS EAP authentication completed successfully
07-15 17:53:24.090   275   275 I wpa_supplicant: wlan0: WPA: Key negotiation completed with 00:1f:9d:da:e6:d1 [PTK=CCMP GTK=TKIP]
07-15 17:53:24.090   275   275 I wpa_supplicant: wlan0: CTRL-EVENT-CONNECTED - Connection to 00:1f:9d:da:e6:d1 completed (reauth) [id=0 id_str=]
07-15 17:53:24.593  1351  1353 D dalvikvm: GC_CONCURRENT freed 521K, 8% free 10308K/11143K, paused 2ms+7ms
07-15 17:53:24.824   144   201 D ConnectivityService: ConnectivityChange for WIFI: CONNECTED/CONNECTED
07-15 17:53:24.836  2643  2643 I PhoneLab-WiFiReceiver: Wi-Fi is connected!
07-15 17:53:24.836  2643  2643 I PhoneLab-WiFiReceiver: SSID: UB_Secure BSSID: 00:1f:9d:da:e6:d1 RSSI: -200 LinkSpeed: -1
07-15 17:53:24.836  2643  2643 I PhoneLab-Locks: wake lock acquired
07-15 17:53:24.840  2643  2643 I PhoneLab-UploadLogs: Transfering log files now
07-15 17:53:24.863   144   196 W NetworkStats: dropping UID delta from unknown iface: iface=wlan0 uid=0 set=DEFAULT tag=0x0 rxBytes=0 rxPackets=0 txBytes=216 txPackets=3 operations=0
07-15 17:53:24.980  2643  2645 D dalvikvm: GC_CONCURRENT freed 452K, 6% free 9177K/9735K, paused 1ms+2ms
07-15 17:53:25.007  2643  2643 D dalvikvm: GC_FOR_ALLOC freed 106K, 7% free 9209K/9799K, paused 14ms
07-15 17:53:25.007  2643  2643 I dalvikvm-heap: Grow heap (frag case) to 9.183MB for 123476-byte allocation
07-15 17:53:25.027  2643  2643 D dalvikvm: GC_FOR_ALLOC freed 56K, 7% free 9273K/9927K, paused 13ms
07-15 17:53:25.027  2643  2643 I dalvikvm-heap: Grow heap (frag case) to 9.371MB for 254548-byte allocation
07-15 17:53:25.047  2643  2643 D dalvikvm: GC_FOR_ALLOC freed 120K, 8% free 9401K/10183K, paused 13ms
07-15 17:53:25.047  2643  2643 I dalvikvm-heap: Grow heap (frag case) to 9.746MB for 516692-byte allocation
07-15 17:53:25.074  2643  2645 D dalvikvm: GC_CONCURRENT freed 248K, 10% free 9656K/10695K, paused 1ms+2ms
07-15 17:53:25.078  2643  2643 I PhoneLab-UploadLogs: OnStartCommand
07-15 17:53:25.144  3324  3327 D dalvikvm: GC_CONCURRENT freed 834K, 9% free 10558K/11591K, paused 2ms+3ms
07-15 17:53:25.828   144   201 D ConnectivityService: NetTransition Wakelock for WifiStateMachine released by timeout
07-15 17:53:25.879   144   205 D Tethering: MasterInitialState.processMessage what=3
07-15 17:53:25.894   291   291 I GTalkService/c: [AndroidEndpoint@1094321424] connect: acct=1000000, state=CONNECTING
07-15 17:53:25.894   291   291 I GTalkService/c: [GTalkConnection@1094939328] connect: acct=1, state=CONNECTING
07-15 17:53:25.941   144   205 D Tethering: MasterInitialState.processMessage what=3
07-15 17:53:26.039  2663  2663 I MediaUploader: No need to wake up
07-15 17:53:26.043  2643  2643 I PhoneLab-WiFiReceiver: Wi-Fi is disconnected!
07-15 17:53:26.093   144   146 D dalvikvm: GC_CONCURRENT freed 1562K, 11% free 15422K/17223K, paused 2ms+7ms
07-15 17:53:26.164  2002  2002 W ContextScopeImpl: thread=1 tried to enter the scope of the application context. Ignored.
07-15 17:53:26.199  1203  1223 D PicasaSyncManager: active network: NetworkInfo: type: WIFI[], state: CONNECTED/CONNECTED, reason: (unspecified), extra: (none), roaming: false, failover: false, isAvailable: true
07-15 17:53:26.203  1203  1223 D PicasaSyncManager: background data: true
07-15 17:53:26.218  2663  2663 I MediaUploader: No need to wake up
07-15 17:53:26.300  2002  2002 W ContextScopeImpl: thread=1 tried to enter the scope of the application context. Ignored.
07-15 17:53:26.320  1203  1223 D PicasaSyncManager: active network: NetworkInfo: type: WIFI[], state: CONNECTED/CONNECTED, reason: (unspecified), extra: (none), roaming: false, failover: false, isAvailable: true
07-15 17:53:26.320  1203  1223 D PicasaSyncManager: background data: true
07-15 17:53:26.425  1351  1353 D dalvikvm: GC_CONCURRENT freed 519K, 8% free 10292K/11143K, paused 2ms+3ms
07-15 17:53:26.679  2643  3618 D dalvikvm: GC_FOR_ALLOC freed 389K, 10% free 9641K/10695K, paused 14ms
07-15 17:53:26.742  2643  3618 D dalvikvm: GC_FOR_ALLOC freed 301K, 10% free 9642K/10695K, paused 64ms
07-15 17:53:26.765  2643  3618 D dalvikvm: GC_FOR_ALLOC freed 301K, 10% free 9648K/10695K, paused 15ms
07-15 17:53:27.425  1351  1353 D dalvikvm: GC_CONCURRENT freed 476K, 8% free 10326K/11143K, paused 1ms+3ms
07-15 17:53:27.890   144   205 D Tethering: MasterInitialState.processMessage what=3
07-15 17:53:27.941  2663  2663 I MediaUploader: No need to wake up
07-15 17:53:28.039  2681  2683 D dalvikvm: GC_CONCURRENT freed 424K, 7% free 10665K/11399K, paused 4ms+3ms
07-15 17:53:28.058  1203  1223 D PicasaSyncManager: active network: NetworkInfo: type: WIFI[], state: CONNECTED/CONNECTED, reason: (unspecified), extra: (none), roaming: false, failover: false, isAvailable: true
07-15 17:53:28.082  2002  2002 W ContextScopeImpl: thread=1 tried to enter the scope of the application context. Ignored.
07-15 17:53:28.172  1203  1223 D PicasaSyncManager: background data: true
07-15 17:53:28.500  1351  1353 D dalvikvm: GC_CONCURRENT freed 505K, 8% free 10295K/11143K, paused 2ms+3ms
07-15 17:53:28.511  3324  3327 D dalvikvm: GC_CONCURRENT freed 366K, 8% free 10701K/11591K, paused 2ms+4ms
07-15 17:53:29.039   291   294 D dalvikvm: GC_CONCURRENT freed 519K, 6% free 10444K/11079K, paused 3ms+3ms
07-15 17:53:29.425  1351  1353 D dalvikvm: GC_CONCURRENT freed 514K, 8% free 10288K/11143K, paused 1ms+3ms
07-15 17:53:29.621   144   201 D ConnectivityService: ConnectivityChange for mobile: CONNECTED/CONNECTED
07-15 17:53:29.656   144   201 D ConnectivityService: ConnectivityChange for mobile: DISCONNECTED/DISCONNECTED
07-15 17:53:29.660   144   201 D NetUtils: android_net_utils_resetConnections in env=0x1d93420 clazz=0x25b00001 iface=rmnet0 mask=0x3
07-15 17:53:29.660   144   201 D ConnectivityService: Attempting to switch to WIFI
07-15 17:53:29.660   144   201 D ConnectivityService: Attempting to switch to WIMAX
07-15 17:53:29.660   144   201 D ConnectivityService: Attempting to switch to BLUETOOTH_TETHER
07-15 17:53:29.660   144   201 D ConnectivityService: resetConnections(rmnet0, 3)
07-15 17:53:30.132  3324  3327 D dalvikvm: GC_CONCURRENT freed 389K, 7% free 10838K/11591K, paused 2ms+2ms
07-15 17:53:30.160  3324  3557 D dalvikvm: GC_FOR_ALLOC freed 14K, 7% free 10823K/11591K, paused 26ms
07-15 17:53:30.160  3324  3557 I dalvikvm-heap: Grow heap (frag case) to 10.704MB for 64418-byte allocation
07-15 17:53:30.195  3324  3543 D dalvikvm: GC_FOR_ALLOC freed 86K, 8% free 10799K/11655K, paused 25ms
07-15 17:53:30.386   144   332 D dalvikvm: GC_EXPLICIT freed 1429K, 11% free 15365K/17223K, paused 4ms+8ms
07-15 17:53:30.504  1351  1353 D dalvikvm: GC_CONCURRENT freed 465K, 7% free 10374K/11143K, paused 2ms+3ms
07-15 17:53:31.394  1351  1353 D dalvikvm: GC_CONCURRENT freed 520K, 8% free 10279K/11143K, paused 2ms+2ms
07-15 17:53:32.675   144   205 D Tethering: MasterInitialState.processMessage what=3
07-15 17:53:32.718   144   205 D Tethering: MasterInitialState.processMessage what=3
07-15 17:53:32.785  2663  2663 I MediaUploader: No need to wake up
07-15 17:53:32.816  1203  1223 D PicasaSyncManager: active network: NetworkInfo: type: WIFI[], state: CONNECTED/CONNECTED, reason: (unspecified), extra: (none), roaming: false, failover: false, isAvailable: true
07-15 17:53:32.816  1203  1223 D PicasaSyncManager: background data: true
07-15 17:53:32.890  2002  2002 W ContextScopeImpl: thread=1 tried to enter the scope of the application context. Ignored.
07-15 17:53:32.941  2681  2681 D dalvikvm: GC_EXPLICIT freed 40K, 7% free 10639K/11399K, paused 3ms+5ms
07-15 17:53:32.945  2663  2663 I MediaUploader: No need to wake up
07-15 17:53:33.035  2002  2002 W ContextScopeImpl: thread=1 tried to enter the scope of the application context. Ignored.
07-15 17:53:33.047  1203  1223 D PicasaSyncManager: active network: NetworkInfo: type: WIFI[], state: CONNECTED/CONNECTED, reason: (unspecified), extra: (none), roaming: false, failover: false, isAvailable: true
07-15 17:53:33.047  1203  1223 D PicasaSyncManager: background data: true
07-15 17:53:33.394  1351  1353 D dalvikvm: GC_CONCURRENT freed 495K, 8% free 10289K/11143K, paused 2ms+2ms
07-15 17:53:34.379  1351  1353 D dalvikvm: GC_CONCURRENT freed 466K, 8% free 10330K/11143K, paused 2ms+3ms
07-15 17:53:34.437  3324  3327 D dalvikvm: GC_CONCURRENT freed 732K, 10% free 10533K/11655K, paused 1ms+3ms
07-15 17:53:35.398  1351  1353 D dalvikvm: GC_CONCURRENT freed 511K, 8% free 10296K/11143K, paused 2ms+3ms
07-15 17:53:36.902  2643  3618 W System.err: java.net.SocketTimeoutException
07-15 17:53:36.922  2643  3618 W System.err: 	at java.net.PlainSocketImpl.read(PlainSocketImpl.java:491)
07-15 17:53:36.925  2643  3618 W System.err: 	at java.net.PlainSocketImpl.access$000(PlainSocketImpl.java:46)
07-15 17:53:36.925  2643  3618 W System.err: 	at java.net.PlainSocketImpl$PlainSocketInputStream.read(PlainSocketImpl.java:240)
07-15 17:53:36.925  2643  3618 W System.err: 	at org.apache.http.impl.io.AbstractSessionInputBuffer.fillBuffer(AbstractSessionInputBuffer.java:103)
07-15 17:53:36.925  2643  3618 W System.err: 	at org.apache.http.impl.io.AbstractSessionInputBuffer.readLine(AbstractSessionInputBuffer.java:191)
07-15 17:53:36.925  2643  3618 W System.err: 	at org.apache.http.impl.conn.DefaultResponseParser.parseHead(DefaultResponseParser.java:82)
07-15 17:53:36.925  2643  3618 W System.err: 	at org.apache.http.impl.io.AbstractMessageParser.parse(AbstractMessageParser.java:174)
07-15 17:53:36.925  2643  3618 W System.err: 	at org.apache.http.impl.AbstractHttpClientConnection.receiveResponseHeader(AbstractHttpClientConnection.java:180)
07-15 17:53:36.925  2643  3618 W System.err: 	at org.apache.http.impl.conn.DefaultClientConnection.receiveResponseHeader(DefaultClientConnection.java:235)
07-15 17:53:36.929  2643  3618 W System.err: 	at org.apache.http.impl.conn.AbstractClientConnAdapter.receiveResponseHeader(AbstractClientConnAdapter.java:259)
07-15 17:53:36.929  2643  3618 W System.err: 	at org.apache.http.protocol.HttpRequestExecutor.doReceiveResponse(HttpRequestExecutor.java:279)
07-15 17:53:36.929  2643  3618 W System.err: 	at org.apache.http.protocol.HttpRequestExecutor.execute(HttpRequestExecutor.java:121)
07-15 17:53:36.929  2643  3618 W System.err: 	at org.apache.http.impl.client.DefaultRequestDirector.execute(DefaultRequestDirector.java:428)
07-15 17:53:36.929  2643  3618 W System.err: 	at org.apache.http.impl.client.AbstractHttpClient.execute(AbstractHttpClient.java:555)
07-15 17:53:36.929  2643  3618 W System.err: 	at org.apache.http.impl.client.AbstractHttpClient.execute(AbstractHttpClient.java:487)
07-15 17:53:36.929  2643  3618 W System.err: 	at com.loopj.android.http.AsyncHttpRequest.makeRequest(Unknown Source)
07-15 17:53:36.929  2643  3618 W System.err: 	at com.loopj.android.http.AsyncHttpRequest.makeRequestWithRetries(Unknown Source)
07-15 17:53:36.933  2643  3618 W System.err: 	at com.loopj.android.http.AsyncHttpRequest.run(Unknown Source)
07-15 17:53:36.933  2643  3618 W System.err: 	at java.util.concurrent.Executors$RunnableAdapter.call(Executors.java:442)
07-15 17:53:36.933  2643  3618 W System.err: 	at java.util.concurrent.FutureTask$Sync.innerRun(FutureTask.java:305)
07-15 17:53:36.933  2643  3618 W System.err: 	at java.util.concurrent.FutureTask.run(FutureTask.java:137)
07-15 17:53:36.933  2643  3618 W System.err: 	at java.util.concurrent.ThreadPoolExecutor.runWorker(ThreadPoolExecutor.java:1076)
07-15 17:53:36.933  2643  3618 W System.err: 	at java.util.concurrent.ThreadPoolExecutor$Worker.run(ThreadPoolExecutor.java:569)
07-15 17:53:36.937  2643  3618 W System.err: 	at java.lang.Thread.run(Thread.java:856)
07-15 17:53:36.937  2643  3618 W System.err: java.net.SocketTimeoutException
07-15 17:53:36.937  2643  3618 W System.err: 	at java.net.PlainSocketImpl.read(PlainSocketImpl.java:491)
07-15 17:53:36.937  2643  3618 W System.err: 	at java.net.PlainSocketImpl.access$000(PlainSocketImpl.java:46)
07-15 17:53:36.937  2643  3618 W System.err: 	at java.net.PlainSocketImpl$PlainSocketInputStream.read(PlainSocketImpl.java:240)
07-15 17:53:36.937  2643  3618 W System.err: 	at org.apache.http.impl.io.AbstractSessionInputBuffer.fillBuffer(AbstractSessionInputBuffer.java:103)
07-15 17:53:36.937  2643  3618 W System.err: 	at org.apache.http.impl.io.AbstractSessionInputBuffer.readLine(AbstractSessionInputBuffer.java:191)
07-15 17:53:36.937  2643  3618 W System.err: 	at org.apache.http.impl.conn.DefaultResponseParser.parseHead(DefaultResponseParser.java:82)
07-15 17:53:36.937  2643  3618 W System.err: 	at org.apache.http.impl.io.AbstractMessageParser.parse(AbstractMessageParser.java:174)
07-15 17:53:36.937  2643  3618 W System.err: 	at org.apache.http.impl.AbstractHttpClientConnection.receiveResponseHeader(AbstractHttpClientConnection.java:180)
07-15 17:53:36.937  2643  3618 W System.err: 	at org.apache.http.impl.conn.DefaultClientConnection.receiveResponseHeader(DefaultClientConnection.java:235)
07-15 17:53:36.941  2643  3618 W System.err: 	at org.apache.http.impl.conn.AbstractClientConnAdapter.receiveResponseHeader(AbstractClientConnAdapter.java:259)
07-15 17:53:36.941  2643  3618 W System.err: 	at org.apache.http.protocol.HttpRequestExecutor.doReceiveResponse(HttpRequestExecutor.java:279)
07-15 17:53:36.941  2643  3618 W System.err: 	at org.apache.http.protocol.HttpRequestExecutor.execute(HttpRequestExecutor.java:121)
07-15 17:53:36.941  2643  3618 W System.err: 	at org.apache.http.impl.client.DefaultRequestDirector.execute(DefaultRequestDirector.java:428)
07-15 17:53:36.941  2643  3618 W System.err: 	at org.apache.http.impl.client.AbstractHttpClient.execute(AbstractHttpClient.java:555)
07-15 17:53:36.941  2643  3618 W System.err: 	at org.apache.http.impl.client.AbstractHttpClient.execute(AbstractHttpClient.java:487)
07-15 17:53:36.941  2643  3618 W System.err: 	at com.loopj.android.http.AsyncHttpRequest.makeRequest(Unknown Source)
07-15 17:53:36.941  2643  3618 W System.err: 	at com.loopj.android.http.AsyncHttpRequest.makeRequestWithRetries(Unknown Source)
07-15 17:53:36.941  2643  3618 W System.err: 	at com.loopj.android.http.AsyncHttpRequest.run(Unknown Source)
07-15 17:53:36.941  2643  3618 W System.err: 	at java.util.concurrent.Executors$RunnableAdapter.call(Executors.java:442)
07-15 17:53:36.941  2643  3618 W System.err: 	at java.util.concurrent.FutureTask$Sync.innerRun(FutureTask.java:305)
07-15 17:53:36.941  2643  3618 W System.err: 	at java.util.concurrent.FutureTask.run(FutureTask.java:137)
07-15 17:53:36.945  2643  3618 W System.err: 	at java.util.concurrent.ThreadPoolExecutor.runWorker(ThreadPoolExecutor.java:1076)
07-15 17:53:36.945  2643  3618 W System.err: 	at java.util.concurrent.ThreadPoolExecutor$Worker.run(ThreadPoolExecutor.java:569)
07-15 17:53:36.945  2643  3618 W System.err: 	at java.lang.Thread.run(Thread.java:856)
07-15 17:53:36.945  2643  2643 E PhoneLab-: Transfering 1342389178133.log failed
07-15 17:53:36.945  2643  2643 I PhoneLab-Locks: wake lock released
07-15 17:53:37.386  1351  1353 D dalvikvm: GC_CONCURRENT freed 517K, 8% free 10279K/11143K, paused 2ms+2ms
07-15 17:53:37.601   144   201 D ConnectivityService: handleInetConditionHoldEnd: net=1, condition=100, published condition=0
07-15 17:53:38.390  1351  1353 D dalvikvm: GC_CONCURRENT freed 444K, 8% free 10347K/11143K, paused 2ms+4ms
07-15 17:53:39.007  3324  3327 D dalvikvm: GC_CONCURRENT freed 167K, 8% free 10755K/11655K, paused 22ms+3ms
07-15 17:53:39.410  1351  1353 D dalvikvm: GC_CONCURRENT freed 541K, 8% free 10308K/11143K, paused 2ms+4ms
07-15 17:53:39.879  3324  3327 D dalvikvm: GC_CONCURRENT freed 435K, 7% free 10877K/11655K, paused 1ms+3ms
07-15 17:53:40.367   291   294 D dalvikvm: GC_CONCURRENT freed 350K, 6% free 10480K/11079K, paused 3ms+4ms
07-15 17:53:41.367  1351  1353 D dalvikvm: GC_CONCURRENT freed 447K, 9% free 10245K/11143K, paused 1ms+3ms
07-15 17:53:42.437  1351  1353 D dalvikvm: GC_CONCURRENT freed 464K, 8% free 10278K/11143K, paused 2ms+4ms
07-15 17:53:43.449  1351  1353 D dalvikvm: GC_CONCURRENT freed 446K, 8% free 10340K/11143K, paused 1ms+3ms
07-15 17:53:44.269  3324  3327 D dalvikvm: GC_CONCURRENT freed 804K, 10% free 10570K/11655K, paused 21ms+4ms
07-15 17:53:44.398  1351  1353 D dalvikvm: GC_CONCURRENT freed 543K, 8% free 10308K/11143K, paused 2ms+3ms
07-15 17:53:45.418   144   310 D dalvikvm: GC_EXPLICIT freed 1390K, 11% free 15424K/17223K, paused 3ms+8ms
07-15 17:53:46.390  1351  3584 D dalvikvm: GC_EXPLICIT freed 446K, 9% free 10241K/11143K, paused 2ms+2ms
07-15 17:53:47.351  1351  1353 D dalvikvm: GC_CONCURRENT freed 463K, 8% free 10278K/11143K, paused 1ms+3ms
07-15 17:53:48.418  1351  1353 D dalvikvm: GC_CONCURRENT freed 442K, 8% free 10344K/11143K, paused 2ms+3ms
07-15 17:53:49.109  3324  3327 D dalvikvm: GC_CONCURRENT freed 175K, 8% free 10788K/11655K, paused 20ms+4ms
07-15 17:53:49.652  1351  1353 D dalvikvm: GC_CONCURRENT freed 542K, 8% free 10307K/11143K, paused 2ms+8ms
07-15 17:53:49.664  3324  3327 D dalvikvm: GC_CONCURRENT freed 422K, 7% free 10929K/11655K, paused 4ms+4ms
07-15 17:53:51.367  1351  1353 D dalvikvm: GC_CONCURRENT freed 526K, 8% free 10279K/11143K, paused 3ms+3ms
07-15 17:53:52.394  1351  1353 D dalvikvm: GC_CONCURRENT freed 441K, 8% free 10347K/11143K, paused 2ms+4ms
07-15 17:53:53.476  1351  1353 D dalvikvm: GC_CONCURRENT freed 544K, 8% free 10308K/11143K, paused 1ms+3ms
07-15 17:53:53.800   346   346 D SAN_SERVICE: *******************************************
07-15 17:53:53.800   346   346 D SAN_SERVICE: DM App Phone Service State - 0
07-15 17:53:53.800   346   346 D SAN_SERVICE: *******************************************
07-15 17:53:55.195  3324  3327 D dalvikvm: GC_CONCURRENT freed 811K, 9% free 10632K/11655K, paused 21ms+3ms
07-15 17:53:55.394  1351  1353 D dalvikvm: GC_CONCURRENT freed 526K, 8% free 10281K/11143K, paused 7ms+3ms
07-15 17:53:56.371  1351  1353 D dalvikvm: GC_CONCURRENT freed 450K, 8% free 10341K/11143K, paused 2ms+3ms
07-15 17:53:56.902   291   294 D dalvikvm: GC_CONCURRENT freed 336K, 5% free 10529K/11079K, paused 2ms+4ms
07-15 17:53:57.316   291   427 D dalvikvm: GC_EXPLICIT freed 108K, 6% free 10425K/11079K, paused 2ms+3ms
07-15 17:53:57.422  1351  1353 D dalvikvm: GC_CONCURRENT freed 536K, 8% free 10309K/11143K, paused 1ms+3ms
07-15 17:53:59.332  3324  3327 D dalvikvm: GC_CONCURRENT freed 306K, 7% free 10852K/11655K, paused 2ms+5ms
07-15 17:53:59.414  3324  3557 D dalvikvm: GC_FOR_ALLOC freed 229K, 7% free 10849K/11655K, paused 29ms
07-15 17:53:59.414  3324  3557 I dalvikvm-heap: Grow heap (frag case) to 10.729MB for 64406-byte allocation
07-15 17:53:59.500  1351  1353 D dalvikvm: GC_CONCURRENT freed 530K, 8% free 10279K/11143K, paused 4ms+8ms
07-15 17:53:59.519  3324  3543 D dalvikvm: GC_FOR_ALLOC freed 31K, 8% free 10880K/11719K, paused 86ms
07-15 17:54:00.371  1351  1353 D dalvikvm: GC_CONCURRENT freed 443K, 8% free 10345K/11143K, paused 2ms+3ms
07-15 17:54:01.394  1351  1353 D dalvikvm: GC_CONCURRENT freed 543K, 8% free 10308K/11143K, paused 2ms+3ms
07-15 17:54:03.347  1351  1353 D dalvikvm: GC_CONCURRENT freed 525K, 8% free 10280K/11143K, paused 2ms+3ms
07-15 17:54:04.035   346   346 D SAN_SERVICE: *******************************************
07-15 17:54:04.035   346   346 D SAN_SERVICE: DM App Phone Service State - 0
07-15 17:54:04.035   346   346 D SAN_SERVICE: *******************************************
07-15 17:54:04.312  3324  3327 D dalvikvm: GC_CONCURRENT freed 792K, 10% free 10586K/11719K, paused 2ms+3ms
07-15 17:54:04.433  1351  1353 D dalvikvm: GC_CONCURRENT freed 445K, 8% free 10343K/11143K, paused 2ms+3ms
07-15 17:54:04.886   144   144 D dalvikvm: GC_EXPLICIT freed 1210K, 11% free 15457K/17223K, paused 39ms+9ms
07-15 17:54:04.898   346   346 D SAN_SERVICE: *******************************************
07-15 17:54:04.898   346   346 D SAN_SERVICE: DM App Phone Service State - 0
07-15 17:54:04.898   346   346 D SAN_SERVICE: *******************************************
07-15 17:54:05.402  1351  1353 D dalvikvm: GC_CONCURRENT freed 540K, 8% free 10309K/11143K, paused 1ms+2ms
07-15 17:54:06.394  1351  1353 D dalvikvm: GC_CONCURRENT freed 418K, 8% free 10285K/11143K, paused 2ms+2ms
07-15 17:54:07.410  1351  1353 D dalvikvm: GC_CONCURRENT freed 394K, 8% free 10285K/11143K, paused 2ms+2ms
07-15 17:54:08.441  1351  1353 D dalvikvm: GC_CONCURRENT freed 393K, 8% free 10285K/11143K, paused 1ms+2ms
07-15 17:54:09.140  3324  3327 D dalvikvm: GC_CONCURRENT freed 277K, 8% free 10823K/11719K, paused 2ms+3ms
07-15 17:54:09.238  3324  3557 D dalvikvm: GC_FOR_ALLOC freed 389K, 8% free 10819K/11719K, paused 27ms
07-15 17:54:09.382  1351  1353 D dalvikvm: GC_CONCURRENT freed 393K, 8% free 10286K/11143K, paused 2ms+3ms
07-15 17:54:10.406  1351  1353 D dalvikvm: GC_CONCURRENT freed 393K, 8% free 10286K/11143K, paused 1ms+2ms
07-15 17:54:11.390  1351  1353 D dalvikvm: GC_CONCURRENT freed 386K, 8% free 10293K/11143K, paused 3ms+2ms
07-15 17:54:12.386  1351  1351 D dalvikvm: GC_EXPLICIT freed 61K, 9% free 10238K/11143K, paused 2ms+3ms
07-15 17:54:12.488  1351  1353 D dalvikvm: GC_CONCURRENT freed 340K, 8% free 10285K/11143K, paused 2ms+2ms
07-15 17:54:13.425  1351  1353 D dalvikvm: GC_CONCURRENT freed 392K, 8% free 10287K/11143K, paused 2ms+2ms
07-15 17:54:14.289   346   346 D SAN_SERVICE: *******************************************
07-15 17:54:14.289   346   346 D SAN_SERVICE: DM App Phone Service State - 0
07-15 17:54:14.289   346   346 D SAN_SERVICE: *******************************************
07-15 17:54:14.453  1351  1353 D dalvikvm: GC_CONCURRENT freed 393K, 8% free 10287K/11143K, paused 1ms+2ms
07-15 17:54:14.816   346   346 D SAN_SERVICE: *******************************************
07-15 17:54:14.816   346   346 D SAN_SERVICE: DM App Phone Service State - 0
07-15 17:54:14.816   346   346 D SAN_SERVICE: *******************************************
07-15 17:54:14.867  3324  3327 D dalvikvm: GC_CONCURRENT freed 671K, 10% free 10625K/11719K, paused 2ms+3ms
07-15 17:54:15.406  1351  1353 D dalvikvm: GC_CONCURRENT freed 393K, 8% free 10287K/11143K, paused 2ms+3ms
07-15 17:54:16.382  1351  1353 D dalvikvm: GC_CONCURRENT freed 393K, 8% free 10287K/11143K, paused 1ms+2ms
07-15 17:54:17.433  1351  1353 D dalvikvm: GC_CONCURRENT freed 393K, 8% free 10288K/11143K, paused 2ms+2ms
07-15 17:54:18.465  1351  1353 D dalvikvm: GC_CONCURRENT freed 394K, 8% free 10288K/11143K, paused 2ms+3ms
07-15 17:54:18.968  3324  3327 D dalvikvm: GC_CONCURRENT freed 305K, 8% free 10843K/11719K, paused 2ms+3ms
07-15 17:54:19.050  3324  3557 D dalvikvm: GC_FOR_ALLOC freed 367K, 8% free 10814K/11719K, paused 25ms
07-15 17:54:19.433  1351  1353 D dalvikvm: GC_CONCURRENT freed 394K, 8% free 10288K/11143K, paused 2ms+2ms
07-15 17:54:19.504   346   346 D SAN_SERVICE: *******************************************
07-15 17:54:19.504   346   346 D SAN_SERVICE: DM App Phone Service State - 0
07-15 17:54:19.504   346   346 D SAN_SERVICE: *******************************************
07-15 17:54:19.797   346   346 D SAN_SERVICE: *******************************************
07-15 17:54:19.797   346   346 D SAN_SERVICE: DM App Phone Service State - 0
07-15 17:54:19.797   346   346 D SAN_SERVICE: *******************************************
07-15 17:54:20.394  1351  1353 D dalvikvm: GC_CONCURRENT freed 394K, 8% free 10288K/11143K, paused 5ms+2ms
07-15 17:54:20.793   291   294 D dalvikvm: GC_CONCURRENT freed 270K, 5% free 10552K/11079K, paused 130ms+4ms
07-15 17:54:21.398  1351  1353 D dalvikvm: GC_CONCURRENT freed 394K, 8% free 10289K/11143K, paused 2ms+2ms
07-15 17:54:22.390  1351  1353 D dalvikvm: GC_CONCURRENT freed 397K, 8% free 10285K/11143K, paused 2ms+3ms
07-15 17:54:23.375  1351  1353 D dalvikvm: GC_CONCURRENT freed 392K, 8% free 10286K/11143K, paused 2ms+2ms
07-15 17:54:23.863   275   275 I wpa_supplicant: wlan0: CTRL-EVENT-DISCONNECTED bssid=00:1f:9d:da:e6:d1 reason=0
07-15 17:54:23.875    75   117 D CommandListener: Clearing all IP addresses on wlan0
07-15 17:54:23.949   144   201 D ConnectivityService: ConnectivityChange for WIFI: DISCONNECTED/DISCONNECTED
07-15 17:54:23.953   144   201 D ConnectivityService: Attempting to switch to mobile
07-15 17:54:23.953   144   201 D ConnectivityService: Attempting to switch to WIMAX
07-15 17:54:23.953   144   201 D ConnectivityService: Attempting to switch to BLUETOOTH_TETHER
07-15 17:54:23.992   144   201 E ConnectivityService: Exception trying to remove a route: java.lang.IllegalStateException: Unable to communicate with native dameon to add routes - com.android.server.NativeDaemonConnectorException: Cmd {interface route remove wlan0 default 67.20.213.254 32 0.0.0.0} failed with code 400 : {Failed to remove route from default table (No such process)}
07-15 17:54:23.996   144   201 E ConnectivityService: Exception trying to remove a route: java.lang.IllegalStateException: Unable to communicate with native dameon to add routes - com.android.server.NativeDaemonConnectorException: Cmd {interface route remove wlan0 default 0.0.0.0 0 67.20.213.254} failed with code 400 : {Failed to remove route from default table (No such process)}
07-15 17:54:23.996   144   201 D NetUtils: android_net_utils_resetConnections in env=0x1d93420 clazz=0x34500001 iface=wlan0 mask=0x3
07-15 17:54:23.996   144   201 D ConnectivityService: resetConnections(wlan0, 3)
07-15 17:54:24.007   144   201 D ConnectivityService: ConnectivityChange for WIMAX: DISCONNECTED/SCANNING
07-15 17:54:24.027   144   201 D ConnectivityService: Attempting to switch to mobile
07-15 17:54:24.027   144   201 D ConnectivityService: Attempting to switch to WIFI
07-15 17:54:24.031   144   201 D ConnectivityService: Attempting to switch to BLUETOOTH_TETHER
07-15 17:54:24.101   291  3640 W Smack/Packet: notify conn break (IOEx), close connection
07-15 17:54:24.238   144   146 D dalvikvm: GC_CONCURRENT freed 1593K, 11% free 15477K/17223K, paused 3ms+8ms
07-15 17:54:24.320   291  3640 I qtaguid : Failed write_ctrl(u 83) res=-1 errno=22
07-15 17:54:24.328   291  3640 I qtaguid : Untagging socket 83 failed errno=-22
07-15 17:54:24.328   291  3640 W NetworkManagementSocketTagger: untagSocket(83) failed with errno -22
07-15 17:54:24.332   144   201 D ConnectivityService: handleInetConditionChange: no active default network - ignore
07-15 17:54:24.445  3324  3327 D dalvikvm: GC_CONCURRENT freed 672K, 10% free 10621K/11719K, paused 2ms+7ms
07-15 17:54:24.507   346   346 D SAN_SERVICE: *******************************************
07-15 17:54:24.507   346   346 D SAN_SERVICE: DM App Phone Service State - 0
07-15 17:54:24.507   346   346 D SAN_SERVICE: *******************************************
07-15 17:54:24.547  1351  1353 D dalvikvm: GC_CONCURRENT freed 392K, 8% free 10286K/11143K, paused 3ms+5ms
07-15 17:54:24.597   275   275 I wpa_supplicant: wlan0: Trying to associate with 00:13:80:94:5c:21 (SSID='UB_Secure' freq=2412 MHz)
07-15 17:54:24.754   144   144 D dalvikvm: GC_EXPLICIT freed 424K, 12% free 15308K/17223K, paused 3ms+8ms
07-15 17:54:24.765   346   346 D SAN_SERVICE: *******************************************
07-15 17:54:24.765   346   346 D SAN_SERVICE: DM App Phone Service State - 0
07-15 17:54:24.765   346   346 D SAN_SERVICE: *******************************************
07-15 17:54:25.418  1351  1353 D dalvikvm: GC_CONCURRENT freed 396K, 8% free 10284K/11143K, paused 3ms+3ms
07-15 17:54:26.398  1351  1353 D dalvikvm: GC_CONCURRENT freed 394K, 8% free 10284K/11143K, paused 2ms+2ms
07-15 17:54:27.062   144   205 D Tethering: MasterInitialState.processMessage what=3
07-15 17:54:27.105   144   205 D Tethering: MasterInitialState.processMessage what=3
07-15 17:54:27.183  2663  2663 I MediaUploader: No need to wake up
07-15 17:54:27.187  2643  2643 I PhoneLab-WiFiReceiver: Wi-Fi is disconnected!
07-15 17:54:27.304  2663  2663 I MediaUploader: No need to wake up
07-15 17:54:27.375  1203  1223 D PicasaSyncManager: active network: null
07-15 17:54:27.379  1203  1223 D PicasaSyncManager: background data: true
07-15 17:54:27.504  1203  1223 D PicasaSyncManager: active network: null
07-15 17:54:27.504  1203  1223 D PicasaSyncManager: background data: true
07-15 17:54:27.543  1351  1353 D dalvikvm: GC_CONCURRENT freed 394K, 8% free 10284K/11143K, paused 2ms+3ms
07-15 17:54:28.246  3324  3327 D dalvikvm: GC_CONCURRENT freed 286K, 8% free 10869K/11719K, paused 3ms+4ms
07-15 17:54:28.308  3324  3341 W System.err: java.net.UnknownHostException: Unable to resolve host "www.google.com": No address associated with hostname
07-15 17:54:28.343  3324  3341 W System.err: 	at java.net.InetAddress.lookupHostByName(InetAddress.java:426)
07-15 17:54:28.343  3324  3341 W System.err: 	at java.net.InetAddress.getAllByNameImpl(InetAddress.java:242)
07-15 17:54:28.343  3324  3341 W System.err: 	at java.net.InetAddress.getAllByName(InetAddress.java:220)
07-15 17:54:28.343  3324  3341 W System.err: 	at org.apache.http.impl.conn.DefaultClientConnectionOperator.openConnection(DefaultClientConnectionOperator.java:137)
07-15 17:54:28.343  3324  3341 W System.err: 	at org.apache.http.impl.conn.AbstractPoolEntry.open(AbstractPoolEntry.java:164)
07-15 17:54:28.343  3324  3341 W System.err: 	at org.apache.http.impl.conn.AbstractPooledConnAdapter.open(AbstractPooledConnAdapter.java:119)
07-15 17:54:28.343  3324  3341 W System.err: 	at org.apache.http.impl.client.DefaultRequestDirector.execute(DefaultRequestDirector.java:360)
07-15 17:54:28.343  3324  3341 W System.err: 	at org.apache.http.impl.client.AbstractHttpClient.execute(AbstractHttpClient.java:555)
07-15 17:54:28.343  3324  3341 W System.err: 	at org.apache.http.impl.client.AbstractHttpClient.execute(AbstractHttpClient.java:487)
07-15 17:54:28.343  3324  3341 W System.err: 	at android.net.http.AndroidHttpClient.execute(AndroidHttpClient.java:257)
07-15 17:54:28.343  3324  3341 W System.err: 	at e.a.a(SourceFile:202)
07-15 17:54:28.343  3324  3341 W System.err: 	at e.a.execute(SourceFile:244)
07-15 17:54:28.343  3324  3341 W System.err: 	at e.a.execute(SourceFile:312)
07-15 17:54:28.343  3324  3341 W System.err: 	at am.c.a(SourceFile:126)
07-15 17:54:28.343  3324  3341 W System.err: 	at am.c.f(SourceFile:172)
07-15 17:54:28.347  3324  3341 W System.err: 	at p.d.run(SourceFile:419)
07-15 17:54:28.347  3324  3341 W System.err: 	at p.c.c(SourceFile:225)
07-15 17:54:28.347  3324  3341 W System.err: 	at p.c.run(SourceFile:199)
07-15 17:54:28.347  3324  3341 W System.err: 	at ao.c.run(SourceFile:96)
07-15 17:54:28.347  3324  3341 W System.err: Caused by: libcore.io.GaiException: getaddrinfo failed: EAI_NODATA (No address associated with hostname)
07-15 17:54:28.347  3324  3341 W System.err: 	at libcore.io.Posix.getaddrinfo(Native Method)
07-15 17:54:28.347  3324  3341 W System.err: 	at libcore.io.ForwardingOs.getaddrinfo(ForwardingOs.java:55)
07-15 17:54:28.351  3324  3341 W System.err: 	at java.net.InetAddress.lookupHostByName(InetAddress.java:411)
07-15 17:54:28.351  3324  3341 W System.err: 	... 18 more
07-15 17:54:28.484  1351  1353 D dalvikvm: GC_CONCURRENT freed 463K, 8% free 10327K/11143K, paused 2ms+2ms
07-15 17:54:28.886  3324  3327 D dalvikvm: GC_CONCURRENT freed 528K, 7% free 10907K/11719K, paused 2ms+2ms
07-15 17:54:29.230   346   348 D dalvikvm: GC_CONCURRENT freed 447K, 6% free 9496K/10055K, paused 4ms+2ms
07-15 17:54:29.422  1351  1353 D dalvikvm: GC_CONCURRENT freed 507K, 8% free 10325K/11143K, paused 2ms+3ms
07-15 17:54:30.398  1351  1353 D dalvikvm: GC_CONCURRENT freed 506K, 8% free 10324K/11143K, paused 2ms+2ms
07-15 17:54:31.254   144   201 D ConnectivityService: ConnectivityChange for mobile: CONNECTED/CONNECTED
07-15 17:54:31.359   144   197 D NetworkPolicy: applying policy NetworkPolicy[NetworkTemplate: matchRule=MOBILE_ALL, subscriberId=valid]: cycleDay=20, warningBytes=2147483648, limitBytes=-1, lastSnooze=-1 to ifaces [rmnet0]
07-15 17:54:31.507  1351  1353 D dalvikvm: GC_CONCURRENT freed 451K, 8% free 10286K/11143K, paused 2ms+2ms
07-15 17:54:32.257   144   201 D ConnectivityService: NetTransition Wakelock for WifiStateMachine released by timeout
07-15 17:54:32.394  1351  1353 D dalvikvm: GC_CONCURRENT freed 387K, 8% free 10294K/11143K, paused 1ms+4ms
07-15 17:54:33.398  1351  1353 D dalvikvm: GC_CONCURRENT freed 414K, 8% free 10292K/11143K, paused 2ms+2ms
07-15 17:54:33.922   291   291 I GTalkService/c: [AndroidEndpoint@1094321424] connect: acct=1000000, state=CONNECTING
07-15 17:54:33.929   291   291 I GTalkService/c: [GTalkConnection@1094939328] connect: acct=1, state=CONNECTING
07-15 17:54:34.328   144   205 D Tethering: MasterInitialState.processMessage what=3
07-15 17:54:34.418  2663  2663 I MediaUploader: No need to wake up
07-15 17:54:34.500  2002  2002 W ContextScopeImpl: thread=1 tried to enter the scope of the application context. Ignored.
07-15 17:54:34.507  1203  1223 D PicasaSyncManager: active network: NetworkInfo: type: mobile[CDMA - EvDo rev. A], state: CONNECTED/CONNECTED, reason: (unspecified), extra: , roaming: false, failover: true, isAvailable: true
07-15 17:54:34.515  1203  1223 D PicasaSyncManager: background data: true
07-15 17:54:34.566   291   294 D dalvikvm: GC_CONCURRENT freed 505K, 6% free 10468K/11079K, paused 2ms+7ms
07-15 17:54:34.605   275   275 I wpa_supplicant: wlan0: Authentication with 00:13:80:94:5c:21 timed out.
07-15 17:54:34.656   144   146 D dalvikvm: GC_CONCURRENT freed 1360K, 11% free 15397K/17223K, paused 3ms+7ms
07-15 17:54:34.726  3324  3327 D dalvikvm: GC_CONCURRENT freed 788K, 10% free 10625K/11719K, paused 7ms+2ms
07-15 17:54:34.781   346   346 D SAN_SERVICE: *******************************************
07-15 17:54:34.781   346   346 D SAN_SERVICE: DM App Phone Service State - 0
07-15 17:54:34.781   346   346 D SAN_SERVICE: *******************************************
07-15 17:54:34.808  1351  1358 I dalvikvm: Jit: resizing JitTable from 4096 to 8192
07-15 17:54:34.918  1351  1353 D dalvikvm: GC_CONCURRENT freed 435K, 8% free 10301K/11143K, paused 2ms+3ms
07-15 17:54:35.355   275   275 I wpa_supplicant: wlan0: Trying to associate with e8:40:40:ac:1e:01 (SSID='UB_Secure' freq=2462 MHz)
07-15 17:54:35.457  1351  1353 D dalvikvm: GC_CONCURRENT freed 443K, 8% free 10286K/11143K, paused 2ms+3ms
07-15 17:54:35.480   275   275 I wpa_supplicant: wlan0: Associated with e8:40:40:ac:1e:01
07-15 17:54:35.484   275   275 I wpa_supplicant: wlan0: CTRL-EVENT-EAP-STARTED EAP authentication started
07-15 17:54:35.488   275   275 I wpa_supplicant: wlan0: CTRL-EVENT-EAP-PROPOSED-METHOD vendor=0 method=4 -> NAK
07-15 17:54:35.496   275   275 I wpa_supplicant: wlan0: CTRL-EVENT-EAP-PROPOSED-METHOD vendor=0 method=25
07-15 17:54:35.496   275   275 I wpa_supplicant: wlan0: CTRL-EVENT-EAP-METHOD EAP vendor 0 method 25 (PEAP) selected
07-15 17:54:35.543   275   275 I wpa_supplicant: wlan0: CTRL-EVENT-EAP-PEER-CERT depth=2 subject='/C=US/O=Entrust.net/OU=www.entrust.net/CPS incorp. by ref. (limits liab.)/OU=(c) 1999 Entrust.net Limited/CN=Entrust.net Secure Server Certification Authority'
07-15 17:54:35.543   275   275 I wpa_supplicant: wlan0: CTRL-EVENT-EAP-PEER-CERT depth=2 subject='/C=US/O=Entrust.net/OU=www.entrust.net/CPS incorp. by ref. (limits liab.)/OU=(c) 1999 Entrust.net Limited/CN=Entrust.net Secure Server Certification Authority'
07-15 17:54:35.543   275   275 I wpa_supplicant: wlan0: CTRL-EVENT-EAP-PEER-CERT depth=1 subject='/C=US/ST=UT/L=Salt Lake City/O=The USERTRUST Network/CN=USERTrust Legacy Secure Server CA'
07-15 17:54:35.543   275   275 I wpa_supplicant: wlan0: CTRL-EVENT-EAP-PEER-CERT depth=0 subject='/C=US/postalCode=14260/ST=New York/L=Buffalo/street=305 Computing Center/O=SUNY AT BUFFALO/OU=Office of the President/OU=Issued through UNIVERSITY AT BUFFALO E-PKI Manager/OU=PremiumSSL Legacy/CN=ubsecure.acsu.buffalo.edu'
07-15 17:54:35.617   215   217 D dalvikvm: GC_CONCURRENT freed 213K, 30% free 9993K/14215K, paused 2ms+3ms
07-15 17:54:35.707   275   275 I wpa_supplicant: EAP-MSCHAPV2: Authentication succeeded
07-15 17:54:35.711   275   275 I wpa_supplicant: EAP-TLV: TLV Result - Success - EAP-TLV/Phase2 Completed
07-15 17:54:35.715   275   275 I wpa_supplicant: wlan0: CTRL-EVENT-EAP-SUCCESS EAP authentication completed successfully
07-15 17:54:35.726   215   217 D dalvikvm: GC_CONCURRENT freed 332K, 29% free 10164K/14215K, paused 1ms+9ms
07-15 17:54:35.742   275   275 I wpa_supplicant: wlan0: WPA: Key negotiation completed with e8:40:40:ac:1e:01 [PTK=CCMP GTK=TKIP]
07-15 17:54:35.746   275   275 I wpa_supplicant: wlan0: CTRL-EVENT-CONNECTED - Connection to e8:40:40:ac:1e:01 completed (reauth) [id=0 id_str=]
07-15 17:54:36.183   144   144 D dalvikvm: GC_EXPLICIT freed 262K, 11% free 15342K/17223K, paused 10ms+12ms
07-15 17:54:36.320  1351  1351 D dalvikvm: GC_EXPLICIT freed 58K, 9% free 10234K/11143K, paused 2ms+2ms
07-15 17:54:36.367   144   201 D ConnectivityService: ConnectivityChange for WIFI: CONNECTED/CONNECTED
07-15 17:54:36.367   144   201 D ConnectivityService: Policy requires mobile teardown
07-15 17:54:36.386  2643  2643 I PhoneLab-WiFiReceiver: Wi-Fi is connected!
07-15 17:54:36.386  2643  2643 I PhoneLab-WiFiReceiver: SSID: UB_Secure BSSID: e8:40:40:ac:1e:01 RSSI: -200 LinkSpeed: -1
07-15 17:54:36.386  2643  2643 I PhoneLab-Locks: wake lock acquired
07-15 17:54:36.394  2643  2643 I PhoneLab-UploadLogs: Transfering log files now
07-15 17:54:36.461   291   308 D dalvikvm: GC_EXPLICIT freed 259K, 6% free 10440K/11079K, paused 2ms+3ms
07-15 17:54:36.488   144   201 D ConnectivityService: ConnectivityChange for mobile: DISCONNECTED/DISCONNECTED
07-15 17:54:36.488   144   196 W NetworkStats: dropping UID delta from unknown iface: iface=wlan0 uid=0 set=DEFAULT tag=0x0 rxBytes=52 rxPackets=1 txBytes=140 txPackets=2 operations=0
07-15 17:54:36.488   144   201 D ConnectivityService: Attempting to switch to WIFI
07-15 17:54:36.488   144   201 D ConnectivityService: Attempting to switch to WIMAX
07-15 17:54:36.488   144   201 D ConnectivityService: Attempting to switch to BLUETOOTH_TETHER
07-15 17:54:36.511   144   201 D NetUtils: android_net_utils_resetConnections in env=0x1d93420 clazz=0x5b500001 iface=rmnet0 mask=0x3
07-15 17:54:36.511   144   201 D ConnectivityService: resetConnections(rmnet0, 3)
07-15 17:54:36.539  2643  2645 D dalvikvm: GC_CONCURRENT freed 1008K, 15% free 9152K/10695K, paused 1ms+5ms
07-15 17:54:36.617  2643  2645 D dalvikvm: GC_CONCURRENT freed 292K, 14% free 9290K/10695K, paused 2ms+2ms
07-15 17:54:36.672  2643  2643 D dalvikvm: GC_FOR_ALLOC freed 122K, 12% free 9416K/10695K, paused 49ms
07-15 17:54:36.691   215   217 D dalvikvm: GC_CONCURRENT freed 604K, 30% free 10011K/14215K, paused 2ms+15ms
07-15 17:54:36.738  2643  2645 D dalvikvm: GC_CONCURRENT freed 254K, 10% free 9673K/10695K, paused 2ms+6ms
07-15 17:54:36.754   144   201 D ConnectivityService: handleInetConditionHoldEnd: net=0, condition=100, published condition=0
07-15 17:54:36.754   144   201 D ConnectivityService: handleInetConditionHoldEnd: event hold for obsolete network - ignoring
07-15 17:54:36.769  2643  2643 I PhoneLab-UploadLogs: OnStartCommand
07-15 17:54:37.004   291  3798 W Smack/Packet: notify conn break (IOEx), close connection
07-15 17:54:37.066  1351  1353 D dalvikvm: GC_CONCURRENT freed 345K, 8% free 10282K/11143K, paused 1ms+2ms
07-15 17:54:37.156   291  3798 I qtaguid : Failed write_ctrl(u 83) res=-1 errno=22
07-15 17:54:37.160   291  3798 I qtaguid : Untagging socket 83 failed errno=-22
07-15 17:54:37.175   291  3798 W NetworkManagementSocketTagger: untagSocket(83) failed with errno -22
07-15 17:54:37.218  2643  3835 D dalvikvm: GC_FOR_ALLOC freed 351K, 10% free 9649K/10695K, paused 39ms
07-15 17:54:37.238  2643  3835 D dalvikvm: GC_FOR_ALLOC freed 301K, 10% free 9649K/10695K, paused 15ms
07-15 17:54:37.254  2643  3835 D dalvikvm: GC_FOR_ALLOC freed 301K, 10% free 9650K/10695K, paused 14ms
07-15 17:54:37.382  1351  1353 D dalvikvm: GC_CONCURRENT freed 399K, 8% free 10282K/11143K, paused 2ms+3ms
07-15 17:54:38.402  1351  1353 D dalvikvm: GC_CONCURRENT freed 397K, 8% free 10282K/11143K, paused 2ms+2ms
07-15 17:54:39.050  3324  3327 D dalvikvm: GC_CONCURRENT freed 224K, 7% free 10916K/11719K, paused 2ms+4ms
07-15 17:54:39.160  3324  3557 D dalvikvm: GC_FOR_ALLOC freed 377K, 8% free 10894K/11719K, paused 27ms
07-15 17:54:39.457  1351  1353 D dalvikvm: GC_CONCURRENT freed 400K, 8% free 10283K/11143K, paused 2ms+2ms
07-15 17:54:39.488   144   205 D Tethering: MasterInitialState.processMessage what=3
07-15 17:54:39.523   291   291 I GTalkService/c: [AndroidEndpoint@1094321424] connect: acct=1000000, state=CONNECTING
07-15 17:54:39.554   144   205 D Tethering: MasterInitialState.processMessage what=3
07-15 17:54:39.605   144   205 D Tethering: MasterInitialState.processMessage what=3
07-15 17:54:39.625  2663  2663 I MediaUploader: No need to wake up
07-15 17:54:39.711  1203  1223 D PicasaSyncManager: active network: NetworkInfo: type: WIFI[], state: CONNECTED/CONNECTED, reason: (unspecified), extra: (none), roaming: false, failover: false, isAvailable: true
07-15 17:54:39.715  1203  1223 D PicasaSyncManager: background data: true
07-15 17:54:39.730  2002  2002 W ContextScopeImpl: thread=1 tried to enter the scope of the application context. Ignored.
07-15 17:54:39.777  2663  2663 I MediaUploader: No need to wake up
07-15 17:54:39.953   144   146 D dalvikvm: GC_CONCURRENT freed 1434K, 11% free 15438K/17223K, paused 2ms+6ms
07-15 17:54:39.965  2002  2002 W ContextScopeImpl: thread=1 tried to enter the scope of the application context. Ignored.
07-15 17:54:40.011   346   346 D SAN_SERVICE: *******************************************
07-15 17:54:40.011   346   346 D SAN_SERVICE: DM App Phone Service State - 0
07-15 17:54:40.011   346   346 D SAN_SERVICE: *******************************************
07-15 17:54:40.062  2663  2663 I MediaUploader: No need to wake up
07-15 17:54:40.144  2002  2002 W ContextScopeImpl: thread=1 tried to enter the scope of the application context. Ignored.
07-15 17:54:40.254  1203  1223 D PicasaSyncManager: active network: NetworkInfo: type: WIFI[], state: CONNECTED/CONNECTED, reason: (unspecified), extra: (none), roaming: false, failover: false, isAvailable: true
07-15 17:54:40.254  1203  1223 D PicasaSyncManager: background data: true
07-15 17:54:40.336  2599  2602 D dalvikvm: GC_CONCURRENT freed 404K, 6% free 9326K/9863K, paused 7ms+17ms
07-15 17:54:40.445  1351  1353 D dalvikvm: GC_CONCURRENT freed 401K, 8% free 10283K/11143K, paused 3ms+2ms
07-15 17:54:40.816   346   346 D SAN_SERVICE: *******************************************
07-15 17:54:40.816   346   346 D SAN_SERVICE: DM App Phone Service State - 0
07-15 17:54:40.816   346   346 D SAN_SERVICE: *******************************************
07-15 17:54:41.461  1351  1353 D dalvikvm: GC_CONCURRENT freed 400K, 8% free 10283K/11143K, paused 2ms+4ms
07-15 17:54:42.379  1351  1353 D dalvikvm: GC_CONCURRENT freed 400K, 8% free 10283K/11143K, paused 3ms+3ms
07-15 17:54:42.504  3324  3327 D dalvikvm: GC_CONCURRENT freed 758K, 10% free 10653K/11719K, paused 2ms+4ms
07-15 17:54:42.511   144   201 D ConnectivityService: handleInetConditionHoldEnd: net=1, condition=0, published condition=0
07-15 17:54:43.398  1351  1353 D dalvikvm: GC_CONCURRENT freed 400K, 8% free 10283K/11143K, paused 1ms+2ms
07-15 17:54:43.636   291   294 D dalvikvm: GC_CONCURRENT freed 350K, 6% free 10481K/11079K, paused 2ms+4ms
07-15 17:54:44.425  1351  1353 D dalvikvm: GC_CONCURRENT freed 399K, 8% free 10283K/11143K, paused 2ms+2ms
07-15 17:54:45.445  1351  1353 D dalvikvm: GC_CONCURRENT freed 400K, 8% free 10283K/11143K, paused 2ms+2ms
07-15 17:54:45.789  3285  3288 D dalvikvm: GC_CONCURRENT freed 391K, 8% free 9891K/10695K, paused 3ms+3ms
07-15 17:54:46.429  1351  1353 D dalvikvm: GC_CONCURRENT freed 399K, 8% free 10283K/11143K, paused 2ms+2ms
07-15 17:54:47.265  3324  3327 D dalvikvm: GC_CONCURRENT freed 224K, 8% free 10884K/11719K, paused 3ms+5ms
07-15 17:54:47.402  1351  1353 D dalvikvm: GC_CONCURRENT freed 397K, 8% free 10283K/11143K, paused 2ms+3ms
07-15 17:54:47.511  2643  3835 W System.err: java.net.SocketTimeoutException
07-15 17:54:47.515  2643  3835 W System.err: 	at java.net.PlainSocketImpl.read(PlainSocketImpl.java:491)
07-15 17:54:47.519  2643  3835 W System.err: 	at java.net.PlainSocketImpl.access$000(PlainSocketImpl.java:46)
07-15 17:54:47.519  2643  3835 W System.err: 	at java.net.PlainSocketImpl$PlainSocketInputStream.read(PlainSocketImpl.java:240)
07-15 17:54:47.523  2643  3835 W System.err: 	at org.apache.http.impl.io.AbstractSessionInputBuffer.fillBuffer(AbstractSessionInputBuffer.java:103)
07-15 17:54:47.523  2643  3835 W System.err: 	at org.apache.http.impl.io.AbstractSessionInputBuffer.readLine(AbstractSessionInputBuffer.java:191)
07-15 17:54:47.523  2643  3835 W System.err: 	at org.apache.http.impl.conn.DefaultResponseParser.parseHead(DefaultResponseParser.java:82)
07-15 17:54:47.523  2643  3835 W System.err: 	at org.apache.http.impl.io.AbstractMessageParser.parse(AbstractMessageParser.java:174)
07-15 17:54:47.531  2643  3835 W System.err: 	at org.apache.http.impl.AbstractHttpClientConnection.receiveResponseHeader(AbstractHttpClientConnection.java:180)
07-15 17:54:47.531  2643  3835 W System.err: 	at org.apache.http.impl.conn.DefaultClientConnection.receiveResponseHeader(DefaultClientConnection.java:235)
07-15 17:54:47.531  2643  3835 W System.err: 	at org.apache.http.impl.conn.AbstractClientConnAdapter.receiveResponseHeader(AbstractClientConnAdapter.java:259)
07-15 17:54:47.531  2643  3835 W System.err: 	at org.apache.http.protocol.HttpRequestExecutor.doReceiveResponse(HttpRequestExecutor.java:279)
07-15 17:54:47.531  2643  3835 W System.err: 	at org.apache.http.protocol.HttpRequestExecutor.execute(HttpRequestExecutor.java:121)
07-15 17:54:47.535  2643  3835 W System.err: 	at org.apache.http.impl.client.DefaultRequestDirector.execute(DefaultRequestDirector.java:428)
07-15 17:54:47.535  2643  3835 W System.err: 	at org.apache.http.impl.client.AbstractHttpClient.execute(AbstractHttpClient.java:555)
07-15 17:54:47.535  2643  3835 W System.err: 	at org.apache.http.impl.client.AbstractHttpClient.execute(AbstractHttpClient.java:487)
07-15 17:54:47.539  2643  3835 W System.err: 	at com.loopj.android.http.AsyncHttpRequest.makeRequest(Unknown Source)
07-15 17:54:47.539  2643  3835 W System.err: 	at com.loopj.android.http.AsyncHttpRequest.makeRequestWithRetries(Unknown Source)
07-15 17:54:47.539  2643  3835 W System.err: 	at com.loopj.android.http.AsyncHttpRequest.run(Unknown Source)
07-15 17:54:47.543  2643  3835 W System.err: 	at java.util.concurrent.Executors$RunnableAdapter.call(Executors.java:442)
07-15 17:54:47.543  2643  3835 W System.err: 	at java.util.concurrent.FutureTask$Sync.innerRun(FutureTask.java:305)
07-15 17:54:47.543  2643  3835 W System.err: 	at java.util.concurrent.FutureTask.run(FutureTask.java:137)
07-15 17:54:47.543  2643  3835 W System.err: 	at java.util.concurrent.ThreadPoolExecutor.runWorker(ThreadPoolExecutor.java:1076)
07-15 17:54:47.543  2643  3835 W System.err: 	at java.util.concurrent.ThreadPoolExecutor$Worker.run(ThreadPoolExecutor.java:569)
07-15 17:54:47.547  2643  3835 W System.err: 	at java.lang.Thread.run(Thread.java:856)
07-15 17:54:47.550  2643  3835 W System.err: java.net.SocketTimeoutException
07-15 17:54:47.550  2643  3835 W System.err: 	at java.net.PlainSocketImpl.read(PlainSocketImpl.java:491)
07-15 17:54:47.550  2643  3835 W System.err: 	at java.net.PlainSocketImpl.access$000(PlainSocketImpl.java:46)
07-15 17:54:47.550  2643  3835 W System.err: 	at java.net.PlainSocketImpl$PlainSocketInputStream.read(PlainSocketImpl.java:240)
07-15 17:54:47.554  2643  3835 W System.err: 	at org.apache.http.impl.io.AbstractSessionInputBuffer.fillBuffer(AbstractSessionInputBuffer.java:103)
07-15 17:54:47.558  2643  3835 W System.err: 	at org.apache.http.impl.io.AbstractSessionInputBuffer.readLine(AbstractSessionInputBuffer.java:191)
07-15 17:54:47.558  2643  3835 W System.err: 	at org.apache.http.impl.conn.DefaultResponseParser.parseHead(DefaultResponseParser.java:82)
07-15 17:54:47.558  2643  3835 W System.err: 	at org.apache.http.impl.io.AbstractMessageParser.parse(AbstractMessageParser.java:174)
07-15 17:54:47.562  2643  3835 W System.err: 	at org.apache.http.impl.AbstractHttpClientConnection.receiveResponseHeader(AbstractHttpClientConnection.java:180)
07-15 17:54:47.562  2643  3835 W System.err: 	at org.apache.http.impl.conn.DefaultClientConnection.receiveResponseHeader(DefaultClientConnection.java:235)
07-15 17:54:47.562  2643  3835 W System.err: 	at org.apache.http.impl.conn.AbstractClientConnAdapter.receiveResponseHeader(AbstractClientConnAdapter.java:259)
07-15 17:54:47.562  2643  3835 W System.err: 	at org.apache.http.protocol.HttpRequestExecutor.doReceiveResponse(HttpRequestExecutor.java:279)
07-15 17:54:47.562  2643  3835 W System.err: 	at org.apache.http.protocol.HttpRequestExecutor.execute(HttpRequestExecutor.java:121)
07-15 17:54:47.562  2643  3835 W System.err: 	at org.apache.http.impl.client.DefaultRequestDirector.execute(DefaultRequestDirector.java:428)
07-15 17:54:47.562  2643  3835 W System.err: 	at org.apache.http.impl.client.AbstractHttpClient.execute(AbstractHttpClient.java:555)
07-15 17:54:47.562  2643  3835 W System.err: 	at org.apache.http.impl.client.AbstractHttpClient.execute(AbstractHttpClient.java:487)
07-15 17:54:47.562  2643  3835 W System.err: 	at com.loopj.android.http.AsyncHttpRequest.makeRequest(Unknown Source)
07-15 17:54:47.562  2643  3835 W System.err: 	at com.loopj.android.http.AsyncHttpRequest.makeRequestWithRetries(Unknown Source)
07-15 17:54:47.562  2643  3835 W System.err: 	at com.loopj.android.http.AsyncHttpRequest.run(Unknown Source)
07-15 17:54:47.562  2643  3835 W System.err: 	at java.util.concurrent.Executors$RunnableAdapter.call(Executors.java:442)
07-15 17:54:47.562  2643  3835 W System.err: 	at java.util.concurrent.FutureTask$Sync.innerRun(FutureTask.java:305)
07-15 17:54:47.562  2643  3835 W System.err: 	at java.util.concurrent.FutureTask.run(FutureTask.java:137)
07-15 17:54:47.566  2643  3835 W System.err: 	at java.util.concurrent.ThreadPoolExecutor.runWorker(ThreadPoolExecutor.java:1076)
07-15 17:54:47.566  2643  3835 W System.err: 	at java.util.concurrent.ThreadPoolExecutor$Worker.run(ThreadPoolExecutor.java:569)
07-15 17:54:47.566  2643  3835 W System.err: 	at java.lang.Thread.run(Thread.java:856)
07-15 17:54:47.566  2643  2643 E PhoneLab-: Transfering 1342389178133.log failed
07-15 17:54:47.566  2643  2643 I PhoneLab-Locks: wake lock released
07-15 17:54:48.511  3324  3327 D dalvikvm: GC_CONCURRENT freed 434K, 6% free 11029K/11719K, paused 25ms+5ms
07-15 17:54:48.590  1351  1353 D dalvikvm: GC_CONCURRENT freed 397K, 8% free 10283K/11143K, paused 2ms+3ms
07-15 17:54:49.418   144   144 D dalvikvm: GC_EXPLICIT freed 870K, 11% free 15441K/17223K, paused 3ms+12ms
07-15 17:54:49.574  1351  1353 D dalvikvm: GC_CONCURRENT freed 397K, 8% free 10284K/11143K, paused 6ms+3ms
07-15 17:54:50.406  1351  1353 D dalvikvm: GC_CONCURRENT freed 400K, 8% free 10283K/11143K, paused 2ms+2ms
07-15 17:54:51.402  1351  1353 D dalvikvm: GC_CONCURRENT freed 400K, 8% free 10283K/11143K, paused 2ms+2ms
07-15 17:54:52.379  1351  1353 D dalvikvm: GC_CONCURRENT freed 399K, 8% free 10283K/11143K, paused 2ms+2ms
07-15 17:54:53.179  3324  3327 D dalvikvm: GC_CONCURRENT freed 879K, 9% free 10750K/11783K, paused 3ms+4ms
07-15 17:54:53.418  1351  1353 D dalvikvm: GC_CONCURRENT freed 399K, 8% free 10284K/11143K, paused 2ms+2ms
07-15 17:54:54.461  1351  1353 D dalvikvm: GC_CONCURRENT freed 399K, 8% free 10284K/11143K, paused 2ms+3ms
07-15 17:54:55.300   346   346 D SAN_SERVICE: *******************************************
07-15 17:54:55.300   346   346 D SAN_SERVICE: DM App Phone Service State - 0
07-15 17:54:55.300   346   346 D SAN_SERVICE: *******************************************
07-15 17:54:55.429  1351  1353 D dalvikvm: GC_CONCURRENT freed 399K, 8% free 10284K/11143K, paused 2ms+2ms
07-15 17:54:55.769   346   346 D SAN_SERVICE: *******************************************
07-15 17:54:55.773   346   346 D SAN_SERVICE: DM App Phone Service State - 0
07-15 17:54:55.773   346   346 D SAN_SERVICE: *******************************************
07-15 17:54:56.394  1351  1353 D dalvikvm: GC_CONCURRENT freed 398K, 8% free 10284K/11143K, paused 2ms+2ms
07-15 17:54:57.175   291   912 E GTalkService: connectionClosed: no XMPPConnection - That's strange!
07-15 17:54:57.179   291   912 E GTalkService: connectionClosed: no XMPPConnection - That's strange!
07-15 17:54:57.422  1351  1353 D dalvikvm: GC_CONCURRENT freed 399K, 8% free 10285K/11143K, paused 2ms+2ms
07-15 17:54:57.715  3324  3327 D dalvikvm: GC_CONCURRENT freed 361K, 7% free 10966K/11783K, paused 1ms+3ms
07-15 17:54:57.793  3324  3557 D dalvikvm: GC_FOR_ALLOC freed 241K, 8% free 10955K/11783K, paused 26ms
07-15 17:54:58.215   291   294 D dalvikvm: GC_CONCURRENT freed 329K, 5% free 10550K/11079K, paused 15ms+5ms
07-15 17:54:58.402  1351  1353 D dalvikvm: GC_CONCURRENT freed 399K, 8% free 10285K/11143K, paused 2ms+2ms
07-15 17:54:59.449  1351  1353 D dalvikvm: GC_CONCURRENT freed 401K, 8% free 10283K/11143K, paused 2ms+30ms
07-15 17:55:00.179   144   201 D ConnectivityService: handleInetConditionHoldEnd: net=1, condition=100, published condition=0
07-15 17:55:00.289   346   346 D SAN_SERVICE: *******************************************
07-15 17:55:00.289   346   346 D SAN_SERVICE: DM App Phone Service State - 0
07-15 17:55:00.289   346   346 D SAN_SERVICE: *******************************************
07-15 17:55:00.437  1351  1353 D dalvikvm: GC_CONCURRENT freed 399K, 8% free 10283K/11143K, paused 2ms+2ms
07-15 17:55:00.773   346   346 D SAN_SERVICE: *******************************************
07-15 17:55:00.773   346   346 D SAN_SERVICE: DM App Phone Service State - 0
07-15 17:55:00.773   346   346 D SAN_SERVICE: *******************************************
07-15 17:55:00.992  3324  3327 D dalvikvm: GC_CONCURRENT freed 824K, 10% free 10652K/11783K, paused 23ms+4ms
07-15 17:55:01.320  1351  1351 D dalvikvm: GC_EXPLICIT freed 52K, 9% free 10237K/11143K, paused 2ms+3ms
07-15 17:55:01.422  1351  1353 D dalvikvm: GC_CONCURRENT freed 346K, 8% free 10283K/11143K, paused 2ms+4ms
07-15 17:55:02.398  1351  1353 D dalvikvm: GC_CONCURRENT freed 398K, 8% free 10284K/11143K, paused 2ms+3ms
07-15 17:55:02.812    86   545 E GPSD    : ril_gps_wait_for_ril: Response already received.
07-15 17:55:03.410  1351  1353 D dalvikvm: GC_CONCURRENT freed 399K, 8% free 10284K/11143K, paused 1ms+3ms
07-15 17:55:04.468  1351  1353 D dalvikvm: GC_CONCURRENT freed 399K, 8% free 10285K/11143K, paused 2ms+2ms
07-15 17:55:05.390  1351  1353 D dalvikvm: GC_CONCURRENT freed 398K, 8% free 10285K/11143K, paused 2ms+2ms
07-15 17:55:05.707  3324  3327 D dalvikvm: GC_CONCURRENT freed 213K, 8% free 10870K/11783K, paused 1ms+4ms
07-15 17:55:06.379  1351  1353 D dalvikvm: GC_CONCURRENT freed 396K, 8% free 10285K/11143K, paused 2ms+2ms
07-15 17:55:07.222  3324  3327 D dalvikvm: GC_CONCURRENT freed 406K, 7% free 10982K/11783K, paused 2ms+3ms
07-15 17:55:07.379  1351  1353 D dalvikvm: GC_CONCURRENT freed 414K, 8% free 10292K/11143K, paused 3ms+2ms
07-15 17:55:08.215   291   294 D dalvikvm: GC_CONCURRENT freed 417K, 6% free 10525K/11079K, paused 3ms+8ms
07-15 17:55:08.410   144   388 D dalvikvm: GC_EXPLICIT freed 1214K, 10% free 15512K/17223K, paused 3ms+8ms
07-15 17:55:08.523  1351  1353 D dalvikvm: GC_CONCURRENT freed 421K, 8% free 10292K/11143K, paused 2ms+2ms
07-15 17:55:09.191  2643  2656 I PhoneLab-: Service Running
07-15 17:55:09.269  2643  2656 I PhoneLab-LoggerService: app_37    1395  1     1432   1064  c00f181c 400107b4 S logcat
07-15 17:55:09.269  2643  2656 I PhoneLab-LoggerService: Logcat pid from database 1395
07-15 17:55:09.269  2643  2656 I PhoneLab-LoggerService: Logcat process found 1395
07-15 17:55:09.269  2643  2656 I PhoneLab-LoggerService: Checking Threshold
07-15 17:55:09.269  2643  2656 I PhoneLab-LoggerService: Starting to rename files
07-15 17:55:09.269  2643  2656 I PhoneLab-LoggerService: Files found .. 2
07-15 17:55:09.273  2643  2645 D dalvikvm: GC_CONCURRENT freed 909K, 15% free 9146K/10695K, paused 2ms+9ms
07-15 17:55:09.441  1351  1353 D dalvikvm: GC_CONCURRENT freed 424K, 8% free 10288K/11143K, paused 2ms+2ms
07-15 17:55:10.394  1351  1353 D dalvikvm: GC_CONCURRENT freed 412K, 8% free 10297K/11143K, paused 2ms+3ms
07-15 17:55:10.609   346   346 D SAN_SERVICE: *******************************************
07-15 17:55:10.609   346   346 D SAN_SERVICE: DM App Phone Service State - 0
07-15 17:55:10.609   346   346 D SAN_SERVICE: *******************************************
07-15 17:55:10.820   346   346 D SAN_SERVICE: *******************************************
07-15 17:55:10.820   346   346 D SAN_SERVICE: DM App Phone Service State - 0
07-15 17:55:10.820   346   346 D SAN_SERVICE: *******************************************
07-15 17:55:11.414  1351  1353 D dalvikvm: GC_CONCURRENT freed 429K, 8% free 10289K/11143K, paused 2ms+3ms
07-15 17:55:11.660  3324  3327 D dalvikvm: GC_CONCURRENT freed 849K, 10% free 10663K/11783K, paused 21ms+3ms
07-15 17:55:11.722   291   291 I GTalkService/c: [GTalkConnection@1094939328] connect: acct=1, state=CONNECTING
07-15 17:55:12.418  1351  1353 D dalvikvm: GC_CONCURRENT freed 420K, 8% free 10289K/11143K, paused 2ms+3ms
07-15 17:55:13.386  1351  1353 D dalvikvm: GC_CONCURRENT freed 420K, 8% free 10290K/11143K, paused 2ms+2ms
07-15 17:55:14.496  1351  1353 D dalvikvm: GC_CONCURRENT freed 421K, 8% free 10290K/11143K, paused 2ms+3ms
07-15 17:55:15.382  1351  1353 D dalvikvm: GC_CONCURRENT freed 421K, 8% free 10290K/11143K, paused 2ms+2ms
07-15 17:55:15.843   346   346 D SAN_SERVICE: *******************************************
07-15 17:55:15.843   346   346 D SAN_SERVICE: DM App Phone Service State - 0
07-15 17:55:15.843   346   346 D SAN_SERVICE: *******************************************
07-15 17:55:16.410  1351  1353 D dalvikvm: GC_CONCURRENT freed 424K, 8% free 10291K/11143K, paused 3ms+3ms
07-15 17:55:16.707  3324  3327 D dalvikvm: GC_CONCURRENT freed 196K, 8% free 10925K/11783K, paused 1ms+4ms
07-15 17:55:16.863  3324  3557 D dalvikvm: GC_FOR_ALLOC freed 484K, 8% free 10914K/11783K, paused 27ms
07-15 17:55:17.386   291   816 D dalvikvm: GC_EXPLICIT freed 198K, 6% free 10502K/11079K, paused 2ms+4ms
07-15 17:55:17.488  1351  1353 D dalvikvm: GC_CONCURRENT freed 422K, 8% free 10291K/11143K, paused 2ms+2ms
07-15 17:55:18.390  1351  1353 D dalvikvm: GC_CONCURRENT freed 421K, 8% free 10290K/11143K, paused 2ms+2ms
07-15 17:55:19.414  1351  1353 D dalvikvm: GC_CONCURRENT freed 421K, 8% free 10290K/11143K, paused 1ms+2ms
07-15 17:55:20.476  1351  1353 D dalvikvm: GC_CONCURRENT freed 421K, 8% free 10290K/11143K, paused 2ms+2ms
07-15 17:55:20.832   346   346 D SAN_SERVICE: *******************************************
07-15 17:55:20.832   346   346 D SAN_SERVICE: DM App Phone Service State - 0
07-15 17:55:20.832   346   346 D SAN_SERVICE: *******************************************
07-15 17:55:21.394  1351  1353 D dalvikvm: GC_CONCURRENT freed 420K, 8% free 10290K/11143K, paused 2ms+3ms
07-15 17:55:21.668  3324  3327 D dalvikvm: GC_CONCURRENT freed 743K, 10% free 10686K/11783K, paused 2ms+3ms
07-15 17:55:21.765   275   275 I wpa_supplicant: wlan0: CTRL-EVENT-DISCONNECTED bssid=e8:40:40:ac:1e:01 reason=0
07-15 17:55:21.769    75   117 D CommandListener: Clearing all IP addresses on wlan0
07-15 17:55:21.840   144   201 D ConnectivityService: ConnectivityChange for WIFI: DISCONNECTED/DISCONNECTED
07-15 17:55:21.851   144   201 D ConnectivityService: Attempting to switch to mobile
07-15 17:55:21.851   144   201 D ConnectivityService: Attempting to switch to WIMAX
07-15 17:55:21.851   144   201 D ConnectivityService: Attempting to switch to BLUETOOTH_TETHER
07-15 17:55:21.859   144   201 E ConnectivityService: Exception trying to remove a route: java.lang.IllegalStateException: Unable to communicate with native dameon to add routes - com.android.server.NativeDaemonConnectorException: Cmd {interface route remove wlan0 default 67.20.213.254 32 0.0.0.0} failed with code 400 : {Failed to remove route from default table (No such process)}
07-15 17:55:21.867   144   201 D NetUtils: android_net_utils_resetConnections in env=0x1d93420 clazz=0x6d400001 iface=wlan0 mask=0x3
07-15 17:55:21.867   144   201 E ConnectivityService: Exception trying to remove a route: java.lang.IllegalStateException: Unable to communicate with native dameon to add routes - com.android.server.NativeDaemonConnectorException: Cmd {interface route remove wlan0 default 0.0.0.0 0 67.20.213.254} failed with code 400 : {Failed to remove route from default table (No such process)}
07-15 17:55:21.867   144   201 D ConnectivityService: resetConnections(wlan0, 3)
07-15 17:55:22.035   291  3898 W Smack/Packet: notify conn break (IOEx), close connection
07-15 17:55:22.242   291  3898 I qtaguid : Failed write_ctrl(u 83) res=-1 errno=22
07-15 17:55:22.242   291  3898 I qtaguid : Untagging socket 83 failed errno=-22
07-15 17:55:22.242   291  3898 W NetworkManagementSocketTagger: untagSocket(83) failed with errno -22
07-15 17:55:22.390  1351  1353 D dalvikvm: GC_CONCURRENT freed 417K, 8% free 10291K/11143K, paused 2ms+2ms
07-15 17:55:22.523   275   275 I wpa_supplicant: wlan0: Trying to associate with d0:c2:82:67:3c:a1 (SSID='UB_Secure' freq=2462 MHz)
07-15 17:55:23.379  1351  1353 D dalvikvm: GC_CONCURRENT freed 412K, 8% free 10298K/11143K, paused 1ms+2ms
07-15 17:55:24.386  1351  1353 D dalvikvm: GC_CONCURRENT freed 426K, 8% free 10291K/11143K, paused 1ms+2ms
07-15 17:55:24.945   144   205 D Tethering: MasterInitialState.processMessage what=3
07-15 17:55:25.093   144   146 D dalvikvm: GC_CONCURRENT freed 1520K, 10% free 15546K/17223K, paused 2ms+9ms
07-15 17:55:25.140  2663  2663 I MediaUploader: No need to wake up
07-15 17:55:25.144  2643  2643 I PhoneLab-WiFiReceiver: Wi-Fi is disconnected!
07-15 17:55:25.179  1203  1223 D PicasaSyncManager: active network: null
07-15 17:55:25.183  1203  1223 D PicasaSyncManager: background data: true
07-15 17:55:25.293   346   348 D dalvikvm: GC_CONCURRENT freed 425K, 6% free 9491K/10055K, paused 7ms+2ms
07-15 17:55:25.453  1351  1353 D dalvikvm: GC_CONCURRENT freed 419K, 8% free 10292K/11143K, paused 2ms+3ms
07-15 17:55:25.465  2599  2611 D dalvikvm: GC_EXPLICIT freed 226K, 8% free 9168K/9863K, paused 7ms+23ms
07-15 17:55:26.074   346   346 D SAN_SERVICE: *******************************************
07-15 17:55:26.074   346   346 D SAN_SERVICE: DM App Phone Service State - 0
07-15 17:55:26.074   346   346 D SAN_SERVICE: *******************************************
07-15 17:55:26.316  1351  1351 D dalvikvm: GC_EXPLICIT freed 61K, 9% free 10236K/11143K, paused 2ms+3ms
07-15 17:55:26.410   144   390 D dalvikvm: GC_EXPLICIT freed 396K, 11% free 15351K/17223K, paused 3ms+6ms
07-15 17:55:26.511  1351  1353 D dalvikvm: GC_CONCURRENT freed 361K, 8% free 10289K/11143K, paused 2ms+2ms
07-15 17:55:26.789   346   346 D SAN_SERVICE: *******************************************
07-15 17:55:26.789   346   346 D SAN_SERVICE: DM App Phone Service State - 0
07-15 17:55:26.789   346   346 D SAN_SERVICE: *******************************************
07-15 17:55:26.847  3324  3327 D dalvikvm: GC_CONCURRENT freed 279K, 7% free 10960K/11783K, paused 2ms+3ms
07-15 17:55:26.910  3324  3557 D dalvikvm: GC_FOR_ALLOC freed 272K, 8% free 10908K/11783K, paused 26ms
07-15 17:55:27.402  1351  1353 D dalvikvm: GC_CONCURRENT freed 419K, 8% free 10290K/11143K, paused 2ms+3ms
07-15 17:55:28.394  1351  1353 D dalvikvm: GC_CONCURRENT freed 491K, 8% free 10308K/11143K, paused 2ms+3ms
07-15 17:55:28.992   144   201 D ConnectivityService: ConnectivityChange for mobile: CONNECTED/CONNECTED
07-15 17:55:29.101   144   197 D NetworkPolicy: applying policy NetworkPolicy[NetworkTemplate: matchRule=MOBILE_ALL, subscriberId=valid]: cycleDay=20, warningBytes=2147483648, limitBytes=-1, lastSnooze=-1 to ifaces [rmnet0]
07-15 17:55:29.269  3324  3327 D dalvikvm: GC_CONCURRENT freed 903K, 11% free 10511K/11783K, paused 40ms+2ms
07-15 17:55:29.379  1351  1353 D dalvikvm: GC_CONCURRENT freed 540K, 8% free 10280K/11143K, paused 2ms+7ms
07-15 17:55:29.996   144   201 D ConnectivityService: NetTransition Wakelock for WifiStateMachine released by timeout
07-15 17:55:30.457  1351  1353 D dalvikvm: GC_CONCURRENT freed 431K, 8% free 10358K/11143K, paused 2ms+3ms
07-15 17:55:31.043   346   346 D SAN_SERVICE: *******************************************
07-15 17:55:31.043   346   346 D SAN_SERVICE: DM App Phone Service State - 0
07-15 17:55:31.043   346   346 D SAN_SERVICE: *******************************************
07-15 17:55:31.386  1351  1353 D dalvikvm: GC_CONCURRENT freed 594K, 8% free 10273K/11143K, paused 2ms+3ms
07-15 17:55:31.855   346   346 D SAN_SERVICE: *******************************************
07-15 17:55:31.855   346   346 D SAN_SERVICE: DM App Phone Service State - 0
07-15 17:55:31.855   346   346 D SAN_SERVICE: *******************************************
07-15 17:55:32.078   144   205 D Tethering: MasterInitialState.processMessage what=3
07-15 17:55:32.105   291   291 I GTalkService/c: [AndroidEndpoint@1094321424] connect: acct=1000000, state=CONNECTING
07-15 17:55:32.136  2663  2663 I MediaUploader: No need to wake up
07-15 17:55:32.222  2002  2002 W ContextScopeImpl: thread=1 tried to enter the scope of the application context. Ignored.
07-15 17:55:32.238  1203  1223 D PicasaSyncManager: active network: NetworkInfo: type: mobile[CDMA - EvDo rev. A], state: CONNECTED/CONNECTED, reason: (unspecified), extra: , roaming: false, failover: true, isAvailable: true
07-15 17:55:32.238  1203  1223 D PicasaSyncManager: background data: true
07-15 17:55:32.273   291   912 E GTalkService: connectionClosed: no XMPPConnection - That's strange!
07-15 17:55:32.343   291   912 E GTalkService: connectionClosed: no XMPPConnection - That's strange!
07-15 17:55:32.429  1351  1353 D dalvikvm: GC_CONCURRENT freed 459K, 8% free 10303K/11143K, paused 2ms+4ms
07-15 17:55:32.554   275   275 I wpa_supplicant: wlan0: Authentication with d0:c2:82:67:3c:a1 timed out.
07-15 17:55:32.937   291   294 D dalvikvm: GC_CONCURRENT freed 442K, 6% free 10510K/11143K, paused 5ms+4ms
07-15 17:55:33.261   275   275 I wpa_supplicant: wlan0: Trying to associate with e8:40:40:78:8f:11 (SSID='UB_Secure' freq=2412 MHz)
07-15 17:55:33.496   215   217 D dalvikvm: GC_CONCURRENT freed 280K, 29% free 10181K/14215K, paused 1ms+3ms
07-15 17:55:33.597   215   217 D dalvikvm: GC_CONCURRENT freed 513K, 29% free 10172K/14215K, paused 2ms+2ms
07-15 17:55:33.672  1351  1353 D dalvikvm: GC_CONCURRENT freed 431K, 8% free 10292K/11143K, paused 51ms+2ms
07-15 17:55:34.445  1351  1353 D dalvikvm: GC_CONCURRENT freed 423K, 8% free 10290K/11143K, paused 2ms+3ms
07-15 17:55:35.105   144   201 D ConnectivityService: handleInetConditionHoldEnd: net=0, condition=100, published condition=0
07-15 17:55:35.453  1351  1353 D dalvikvm: GC_CONCURRENT freed 433K, 8% free 10295K/11143K, paused 2ms+4ms
07-15 17:55:36.164  3324  3327 D dalvikvm: GC_CONCURRENT freed 97K, 9% free 10803K/11783K, paused 21ms+3ms
07-15 17:55:36.433  1351  1353 D dalvikvm: GC_CONCURRENT freed 456K, 8% free 10293K/11143K, paused 2ms+2ms
07-15 17:55:37.062  3324  3557 D dalvikvm: GC_EXPLICIT freed 86K, 9% free 10820K/11783K, paused 3ms+4ms
07-15 17:55:37.156  3324  3557 D dalvikvm: GC_FOR_ALLOC freed 344K, 8% free 10887K/11783K, paused 26ms
07-15 17:55:37.449  1351  1353 D dalvikvm: GC_CONCURRENT freed 424K, 8% free 10291K/11143K, paused 2ms+2ms
07-15 17:55:38.445  1351  1353 D dalvikvm: GC_CONCURRENT freed 421K, 8% free 10291K/11143K, paused 1ms+2ms
07-15 17:55:39.390  1351  1353 D dalvikvm: GC_CONCURRENT freed 421K, 8% free 10291K/11143K, paused 2ms+3ms
07-15 17:55:40.422   144   156 D dalvikvm: GC_EXPLICIT freed 1299K, 11% free 15454K/17223K, paused 4ms+8ms
07-15 17:55:40.527  1351  1353 D dalvikvm: GC_CONCURRENT freed 421K, 8% free 10291K/11143K, paused 3ms+2ms
07-15 17:55:41.300   346   346 D SAN_SERVICE: *******************************************
07-15 17:55:41.300   346   346 D SAN_SERVICE: DM App Phone Service State - 0
07-15 17:55:41.300   346   346 D SAN_SERVICE: *******************************************
07-15 17:55:41.425  1351  1353 D dalvikvm: GC_CONCURRENT freed 423K, 8% free 10290K/11143K, paused 2ms+2ms
07-15 17:55:41.562   291   291 I GTalkService/c: [GTalkConnection@1094939328] connect: acct=1, state=CONNECTING
07-15 17:55:41.797   346   346 D SAN_SERVICE: *******************************************
07-15 17:55:41.797   346   346 D SAN_SERVICE: DM App Phone Service State - 0
07-15 17:55:41.797   346   346 D SAN_SERVICE: *******************************************
07-15 17:55:42.425  1351  1353 D dalvikvm: GC_CONCURRENT freed 421K, 8% free 10291K/11143K, paused 2ms+3ms
07-15 17:55:42.879   291   294 D dalvikvm: GC_CONCURRENT freed 419K, 6% free 10485K/11143K, paused 50ms+3ms
07-15 17:55:43.382   275   275 I wpa_supplicant: wlan0: Authentication with e8:40:40:78:8f:11 timed out.
07-15 17:55:43.437  1351  1353 D dalvikvm: GC_CONCURRENT freed 422K, 8% free 10290K/11143K, paused 1ms+2ms
07-15 17:55:44.222   275   275 I wpa_supplicant: wlan0: Trying to associate with 58:35:d9:38:bd:b1 (SSID='UB_Secure' freq=2437 MHz)
07-15 17:55:44.300  3324  3327 D dalvikvm: GC_CONCURRENT freed 706K, 10% free 10685K/11783K, paused 2ms+4ms
07-15 17:55:44.437   215   217 D dalvikvm: GC_CONCURRENT freed 592K, 30% free 10091K/14215K, paused 2ms+3ms
07-15 17:55:44.511   215   217 D dalvikvm: GC_CONCURRENT freed 473K, 29% free 10110K/14215K, paused 1ms+3ms
07-15 17:55:44.656  1351  1353 D dalvikvm: GC_CONCURRENT freed 423K, 8% free 10289K/11143K, paused 2ms+2ms
07-15 17:55:45.386  1351  1353 D dalvikvm: GC_CONCURRENT freed 422K, 8% free 10289K/11143K, paused 2ms+2ms
07-15 17:55:46.418  1351  1353 D dalvikvm: GC_CONCURRENT freed 422K, 8% free 10290K/11143K, paused 2ms+2ms
07-15 17:55:46.597   346   346 D SAN_SERVICE: *******************************************
07-15 17:55:46.597   346   346 D SAN_SERVICE: DM App Phone Service State - 0
07-15 17:55:46.597   346   346 D SAN_SERVICE: *******************************************
07-15 17:55:46.875   346   346 D SAN_SERVICE: *******************************************
07-15 17:55:46.875   346   346 D SAN_SERVICE: DM App Phone Service State - 0
07-15 17:55:46.875   346   346 D SAN_SERVICE: *******************************************
07-15 17:55:47.453  3324  3327 D dalvikvm: GC_CONCURRENT freed 264K, 7% free 10971K/11783K, paused 1ms+6ms
07-15 17:55:47.492  3324  3557 D dalvikvm: GC_FOR_ALLOC freed 202K, 8% free 10879K/11783K, paused 36ms
07-15 17:55:47.554  1351  1353 D dalvikvm: GC_CONCURRENT freed 422K, 8% free 10290K/11143K, paused 1ms+5ms
07-15 17:55:48.398  1351  1353 D dalvikvm: GC_CONCURRENT freed 422K, 8% free 10290K/11143K, paused 2ms+2ms
07-15 17:55:49.445  1351  1353 D dalvikvm: GC_CONCURRENT freed 422K, 8% free 10291K/11143K, paused 2ms+3ms
07-15 17:55:50.320  1351  1351 D dalvikvm: GC_EXPLICIT freed 59K, 9% free 10237K/11143K, paused 2ms+3ms
07-15 17:55:50.418  1351  1353 D dalvikvm: GC_CONCURRENT freed 363K, 8% free 10290K/11143K, paused 2ms+2ms
07-15 17:55:51.453  1351  1353 D dalvikvm: GC_CONCURRENT freed 421K, 8% free 10291K/11143K, paused 2ms+3ms
07-15 17:55:51.644   346   346 D SAN_SERVICE: *******************************************
07-15 17:55:51.644   346   346 D SAN_SERVICE: DM App Phone Service State - 0
07-15 17:55:51.644   346   346 D SAN_SERVICE: *******************************************
07-15 17:55:51.867   346   346 D SAN_SERVICE: *******************************************
07-15 17:55:51.867   346   346 D SAN_SERVICE: DM App Phone Service State - 0
07-15 17:55:51.867   346   346 D SAN_SERVICE: *******************************************
07-15 17:55:52.429  1351  1353 D dalvikvm: GC_CONCURRENT freed 422K, 8% free 10291K/11143K, paused 2ms+2ms
07-15 17:55:53.390  1351  1353 D dalvikvm: GC_CONCURRENT freed 422K, 8% free 10292K/11143K, paused 1ms+2ms
07-15 17:55:54.324   275   275 I wpa_supplicant: wlan0: Authentication with 58:35:d9:38:bd:b1 timed out.
07-15 17:55:54.402  1351  1353 D dalvikvm: GC_CONCURRENT freed 422K, 8% free 10292K/11143K, paused 2ms+2ms
07-15 17:55:54.425  3324  3327 D dalvikvm: GC_CONCURRENT freed 693K, 10% free 10681K/11783K, paused 1ms+3ms
07-15 17:55:55.371   291   944 D dalvikvm: GC_EXPLICIT freed 104K, 7% free 10469K/11143K, paused 2ms+4ms
07-15 17:55:55.468  1351  1353 D dalvikvm: GC_CONCURRENT freed 419K, 8% free 10292K/11143K, paused 2ms+2ms
07-15 17:55:55.617   275   275 I wpa_supplicant: wlan0: Trying to associate with d0:c2:82:66:66:f1 (SSID='UB_Secure' freq=2437 MHz)
07-15 17:55:56.871   346   346 D SAN_SERVICE: *******************************************
07-15 17:55:56.871   346   346 D SAN_SERVICE: DM App Phone Service State - 0
07-15 17:55:56.871   346   346 D SAN_SERVICE: *******************************************
07-15 17:55:57.683  3324  3327 D dalvikvm: GC_CONCURRENT freed 241K, 8% free 10924K/11783K, paused 2ms+3ms
07-15 17:55:57.742  3324  3557 D dalvikvm: GC_FOR_ALLOC freed 283K, 8% free 10870K/11783K, paused 25ms
07-15 17:56:01.394  1351  1353 D dalvikvm: GC_CONCURRENT freed 420K, 8% free 10291K/11143K, paused 1ms+2ms
07-15 17:56:01.859   346   346 D SAN_SERVICE: *******************************************
07-15 17:56:01.859   346   346 D SAN_SERVICE: DM App Phone Service State - 0
07-15 17:56:01.859   346   346 D SAN_SERVICE: *******************************************
07-15 17:56:02.394   144   317 D dalvikvm: GC_EXPLICIT freed 1037K, 11% free 15462K/17223K, paused 3ms+8ms
07-15 17:56:02.504  1351  1353 D dalvikvm: GC_CONCURRENT freed 418K, 8% free 10291K/11143K, paused 2ms+7ms
07-15 17:56:03.398  1351  1353 D dalvikvm: GC_CONCURRENT freed 421K, 8% free 10289K/11143K, paused 1ms+2ms
07-15 17:56:04.386  1351  1353 D dalvikvm: GC_CONCURRENT freed 419K, 8% free 10289K/11143K, paused 2ms+3ms
07-15 17:56:05.386  1351  1353 D dalvikvm: GC_CONCURRENT freed 419K, 8% free 10290K/11143K, paused 2ms+2ms
07-15 17:56:05.683   275   275 I wpa_supplicant: wlan0: Authentication with d0:c2:82:66:66:f1 timed out.
07-15 17:56:06.191  3324  3327 D dalvikvm: GC_CONCURRENT freed 624K, 9% free 10740K/11783K, paused 43ms+2ms
07-15 17:56:06.359   275   275 I wpa_supplicant: wlan0: Trying to associate with d0:c2:82:67:f9:11 (SSID='UB_Secure' freq=2412 MHz)
07-15 17:56:06.437  1351  1353 D dalvikvm: GC_CONCURRENT freed 419K, 8% free 10290K/11143K, paused 2ms+3ms
07-15 17:56:06.496   275   275 I wpa_supplicant: wlan0: Associated with d0:c2:82:67:f9:11
07-15 17:56:06.496   275   275 I wpa_supplicant: wlan0: CTRL-EVENT-EAP-STARTED EAP authentication started
07-15 17:56:06.500   275   275 I wpa_supplicant: wlan0: CTRL-EVENT-EAP-PROPOSED-METHOD vendor=0 method=4 -> NAK
07-15 17:56:06.504   275   275 I wpa_supplicant: wlan0: CTRL-EVENT-EAP-PROPOSED-METHOD vendor=0 method=25
07-15 17:56:06.504   275   275 I wpa_supplicant: wlan0: CTRL-EVENT-EAP-METHOD EAP vendor 0 method 25 (PEAP) selected
07-15 17:56:06.539    75   114 D NetlinkEvent: Unexpected netlink message. type=0x0
07-15 17:56:06.550   275   275 I wpa_supplicant: wlan0: CTRL-EVENT-EAP-PEER-CERT depth=2 subject='/C=US/O=Entrust.net/OU=www.entrust.net/CPS incorp. by ref. (limits liab.)/OU=(c) 1999 Entrust.net Limited/CN=Entrust.net Secure Server Certification Authority'
07-15 17:56:06.550   275   275 I wpa_supplicant: wlan0: CTRL-EVENT-EAP-PEER-CERT depth=2 subject='/C=US/O=Entrust.net/OU=www.entrust.net/CPS incorp. by ref. (limits liab.)/OU=(c) 1999 Entrust.net Limited/CN=Entrust.net Secure Server Certification Authority'
07-15 17:56:06.550   275   275 I wpa_supplicant: wlan0: CTRL-EVENT-EAP-PEER-CERT depth=1 subject='/C=US/ST=UT/L=Salt Lake City/O=The USERTRUST Network/CN=USERTrust Legacy Secure Server CA'
07-15 17:56:06.554   275   275 I wpa_supplicant: wlan0: CTRL-EVENT-EAP-PEER-CERT depth=0 subject='/C=US/postalCode=14260/ST=New York/L=Buffalo/street=305 Computing Center/O=SUNY AT BUFFALO/OU=Office of the President/OU=Issued through UNIVERSITY AT BUFFALO E-PKI Manager/OU=PremiumSSL Legacy/CN=ubsecure.acsu.buffalo.edu'
07-15 17:56:06.699   275   275 I wpa_supplicant: EAP-MSCHAPV2: Authentication succeeded
07-15 17:56:06.711   275   275 I wpa_supplicant: EAP-TLV: TLV Result - Success - EAP-TLV/Phase2 Completed
07-15 17:56:06.722   275   275 I wpa_supplicant: wlan0: CTRL-EVENT-EAP-SUCCESS EAP authentication completed successfully
07-15 17:56:06.754   275   275 I wpa_supplicant: wlan0: WPA: Key negotiation completed with d0:c2:82:67:f9:11 [PTK=CCMP GTK=TKIP]
07-15 17:56:06.754   275   275 I wpa_supplicant: wlan0: CTRL-EVENT-CONNECTED - Connection to d0:c2:82:67:f9:11 completed (reauth) [id=0 id_str=]
07-15 17:56:07.062   346   346 D SAN_SERVICE: *******************************************
07-15 17:56:07.062   346   346 D SAN_SERVICE: DM App Phone Service State - 0
07-15 17:56:07.062   346   346 D SAN_SERVICE: *******************************************
07-15 17:56:07.406   144   201 D ConnectivityService: ConnectivityChange for WIFI: CONNECTED/CONNECTED
07-15 17:56:07.406   144   201 D ConnectivityService: Policy requires mobile teardown
07-15 17:56:07.422  2643  2643 I PhoneLab-WiFiReceiver: Wi-Fi is connected!
07-15 17:56:07.422  2643  2643 I PhoneLab-WiFiReceiver: SSID: UB_Secure BSSID: d0:c2:82:67:f9:11 RSSI: -200 LinkSpeed: -1
07-15 17:56:07.422  2643  2643 I PhoneLab-Locks: wake lock acquired
07-15 17:56:07.425  2643  2643 I PhoneLab-UploadLogs: Transfering log files now
07-15 17:56:07.476   144   201 D ConnectivityService: ConnectivityChange for mobile: DISCONNECTED/DISCONNECTED
07-15 17:56:07.488   144   201 D ConnectivityService: Attempting to switch to WIFI
07-15 17:56:07.488   144   201 D ConnectivityService: Attempting to switch to WIMAX
07-15 17:56:07.488   144   201 D ConnectivityService: Attempting to switch to BLUETOOTH_TETHER
07-15 17:56:07.500   144   201 D NetUtils: android_net_utils_resetConnections in env=0x1d93420 clazz=0x8f700001 iface=rmnet0 mask=0x3
07-15 17:56:07.500   144   201 D ConnectivityService: resetConnections(rmnet0, 3)
07-15 17:56:07.511   144   196 W NetworkStats: dropping UID delta from unknown iface: iface=wlan0 uid=0 set=DEFAULT tag=0x0 rxBytes=0 rxPackets=0 txBytes=140 txPackets=2 operations=0
07-15 17:56:07.582  2643  2645 D dalvikvm: GC_CONCURRENT freed 385K, 14% free 9225K/10695K, paused 2ms+4ms
07-15 17:56:07.613  2643  2643 D dalvikvm: GC_FOR_ALLOC freed 179K, 12% free 9415K/10695K, paused 27ms
07-15 17:56:07.672  2643  2643 I PhoneLab-UploadLogs: OnStartCommand
07-15 17:56:07.672  2643  2645 D dalvikvm: GC_CONCURRENT freed 254K, 10% free 9672K/10695K, paused 3ms+18ms
07-15 17:56:07.820   346   346 D SAN_SERVICE: *******************************************
07-15 17:56:07.820   346   346 D SAN_SERVICE: DM App Phone Service State - 0
07-15 17:56:07.820   346   346 D SAN_SERVICE: *******************************************
07-15 17:56:07.832   291  3984 W Smack/Packet: notify conn break (IOEx), close connection
07-15 17:56:07.922  3285  3288 D dalvikvm: GC_CONCURRENT freed 396K, 8% free 9897K/10695K, paused 3ms+8ms
07-15 17:56:07.925  1351  1353 D dalvikvm: GC_CONCURRENT freed 425K, 8% free 10290K/11143K, paused 2ms+3ms
07-15 17:56:07.992   291  3984 I qtaguid : Failed write_ctrl(u 83) res=-1 errno=22
07-15 17:56:07.992   291  3984 I qtaguid : Untagging socket 83 failed errno=-22
07-15 17:56:07.992   291  3984 W NetworkManagementSocketTagger: untagSocket(83) failed with errno -22
07-15 17:56:08.004   144   201 D ConnectivityService: handleInetConditionChange: net=0 != default=1 - ignore
07-15 17:56:08.086  3324  3327 D dalvikvm: GC_CONCURRENT freed 312K, 7% free 10999K/11783K, paused 2ms+4ms
07-15 17:56:08.121  3324  3557 D dalvikvm: GC_FOR_ALLOC freed 169K, 8% free 10894K/11783K, paused 33ms
07-15 17:56:08.172  3285  3297 D dalvikvm: GC_EXPLICIT freed 26K, 8% free 9874K/10695K, paused 3ms+3ms
07-15 17:56:08.340  2643  4075 D dalvikvm: GC_FOR_ALLOC freed 350K, 10% free 9649K/10695K, paused 20ms
07-15 17:56:08.359  2643  4075 D dalvikvm: GC_FOR_ALLOC freed 301K, 10% free 9649K/10695K, paused 16ms
07-15 17:56:08.379  2643  4075 D dalvikvm: GC_FOR_ALLOC freed 301K, 10% free 9650K/10695K, paused 16ms
07-15 17:56:08.500  1351  1353 D dalvikvm: GC_CONCURRENT freed 405K, 8% free 10286K/11143K, paused 3ms+2ms
07-15 17:56:09.402  1351  1353 D dalvikvm: GC_CONCURRENT freed 401K, 8% free 10286K/11143K, paused 2ms+3ms
07-15 17:56:09.718  3324  3331 I dalvikvm: Jit: resizing JitTable from 4096 to 8192
07-15 17:56:10.386  1351  1353 D dalvikvm: GC_CONCURRENT freed 403K, 8% free 10286K/11143K, paused 2ms+3ms
07-15 17:56:10.480   144   205 D Tethering: MasterInitialState.processMessage what=3
07-15 17:56:10.543   291   291 I GTalkService/c: [AndroidEndpoint@1094321424] connect: acct=1000000, state=CONNECTING
07-15 17:56:10.547   291   291 I GTalkService/c: [GTalkConnection@1094939328] connect: acct=1, state=CONNECTING
07-15 17:56:10.582   144   205 D Tethering: MasterInitialState.processMessage what=3
07-15 17:56:10.609   144   205 D Tethering: MasterInitialState.processMessage what=3
07-15 17:56:10.652  2663  2663 I MediaUploader: No need to wake up
07-15 17:56:10.769   144   146 D dalvikvm: GC_CONCURRENT freed 1621K, 11% free 15455K/17223K, paused 7ms+7ms
07-15 17:56:10.847  1203  1223 D PicasaSyncManager: active network: NetworkInfo: type: WIFI[], state: CONNECTED/CONNECTED, reason: (unspecified), extra: (none), roaming: false, failover: false, isAvailable: true
07-15 17:56:10.859  2002  2002 W ContextScopeImpl: thread=1 tried to enter the scope of the application context. Ignored.
07-15 17:56:10.898  2002  2005 D dalvikvm: GC_CONCURRENT freed 385K, 5% free 10063K/10567K, paused 3ms+3ms
07-15 17:56:10.945  1203  1223 D PicasaSyncManager: background data: true
07-15 17:56:10.996  2663  2663 I MediaUploader: No need to wake up
07-15 17:56:11.074  2002  2002 W ContextScopeImpl: thread=1 tried to enter the scope of the application context. Ignored.
07-15 17:56:11.109  2663  2663 I MediaUploader: No need to wake up
07-15 17:56:11.191  2002  2002 W ContextScopeImpl: thread=1 tried to enter the scope of the application context. Ignored.
07-15 17:56:11.207  2643  2643 I PhoneLab-: 1342389178133.log is deleted
07-15 17:56:11.207  2643  2643 I PhoneLab-: Response: {"data": "done", "err": ""}
07-15 17:56:11.211  2643  2643 I PhoneLab-UploadLogs: No log files to transfer
07-15 17:56:11.215  2643  2643 I PhoneLab-Locks: wake lock released
07-15 17:56:11.328  1203  1223 D PicasaSyncManager: active network: NetworkInfo: type: WIFI[], state: CONNECTED/CONNECTED, reason: (unspecified), extra: (none), roaming: false, failover: false, isAvailable: true
07-15 17:56:11.328  1203  1223 D PicasaSyncManager: background data: true
07-15 17:56:11.781   291   294 D dalvikvm: GC_CONCURRENT freed 358K, 6% free 10506K/11143K, paused 2ms+5ms
07-15 17:56:11.922  3324  3327 D dalvikvm: GC_CONCURRENT freed 739K, 10% free 10655K/11783K, paused 7ms+3ms
07-15 17:56:13.547   144   201 D ConnectivityService: handleInetConditionHoldEnd: net=1, condition=100, published condition=0
07-15 17:56:14.742   346   348 D dalvikvm: GC_CONCURRENT freed 440K, 6% free 9489K/10055K, paused 3ms+3ms
07-15 17:56:14.808   291   294 D dalvikvm: GC_CONCURRENT freed 393K, 6% free 10505K/11143K, paused 2ms+4ms
07-15 17:56:15.179  3324  3327 D dalvikvm: GC_CONCURRENT freed 213K, 8% free 10864K/11783K, paused 26ms+5ms
07-15 17:56:17.070   346   346 D SAN_SERVICE: *******************************************
07-15 17:56:17.070   346   346 D SAN_SERVICE: DM App Phone Service State - 0
07-15 17:56:17.070   346   346 D SAN_SERVICE: *******************************************
07-15 17:56:17.175  3324  3327 D dalvikvm: GC_CONCURRENT freed 426K, 7% free 11070K/11783K, paused 2ms+3ms
07-15 17:56:17.863   346   346 D SAN_SERVICE: *******************************************
07-15 17:56:17.863   346   346 D SAN_SERVICE: DM App Phone Service State - 0
07-15 17:56:17.863   346   346 D SAN_SERVICE: *******************************************
07-15 17:56:18.379   144   378 D dalvikvm: GC_EXPLICIT freed 802K, 11% free 15422K/17223K, paused 4ms+7ms
07-15 17:56:20.707  3324  3327 D dalvikvm: GC_CONCURRENT freed 999K, 10% free 10722K/11847K, paused 2ms+4ms
07-15 17:56:22.355   346   346 D SAN_SERVICE: *******************************************
07-15 17:56:22.355   346   346 D SAN_SERVICE: DM App Phone Service State - 0
07-15 17:56:22.355   346   346 D SAN_SERVICE: *******************************************
07-15 17:56:22.871   346   346 D SAN_SERVICE: *******************************************
07-15 17:56:22.871   346   346 D SAN_SERVICE: DM App Phone Service State - 0
07-15 17:56:22.871   346   346 D SAN_SERVICE: *******************************************
07-15 17:56:25.246  3324  3327 D dalvikvm: GC_CONCURRENT freed 244K, 8% free 10921K/11847K, paused 2ms+4ms
07-15 17:56:26.254  3324  3327 D dalvikvm: GC_CONCURRENT freed 420K, 8% free 11015K/11847K, paused 2ms+3ms
07-15 17:56:26.281  3324  3557 D dalvikvm: GC_FOR_ALLOC freed 39K, 8% free 10976K/11847K, paused 28ms
07-15 17:56:26.281  3324  3557 I dalvikvm-heap: Grow heap (frag case) to 10.854MB for 64428-byte allocation
07-15 17:56:26.320  3324  3543 D dalvikvm: GC_FOR_ALLOC freed 0K, 8% free 11039K/11911K, paused 26ms
07-15 17:56:27.234   275   275 I wpa_supplicant: wlan0: CTRL-EVENT-DISCONNECTED bssid=d0:c2:82:67:f9:11 reason=0
07-15 17:56:27.234    75   117 D CommandListener: Clearing all IP addresses on wlan0
07-15 17:56:27.250   144   201 D ConnectivityService: ConnectivityChange for WIFI: DISCONNECTED/DISCONNECTED
07-15 17:56:27.257   144   201 D ConnectivityService: Attempting to switch to mobile
07-15 17:56:27.257   144   201 D ConnectivityService: Attempting to switch to WIMAX
07-15 17:56:27.257   144   201 D ConnectivityService: Attempting to switch to BLUETOOTH_TETHER
07-15 17:56:27.261   144   201 E ConnectivityService: Exception trying to remove a route: java.lang.IllegalStateException: Unable to communicate with native dameon to add routes - com.android.server.NativeDaemonConnectorException: Cmd {interface route remove wlan0 default 67.20.213.254 32 0.0.0.0} failed with code 400 : {Failed to remove route from default table (No such process)}
07-15 17:56:27.273   144   201 E ConnectivityService: Exception trying to remove a route: java.lang.IllegalStateException: Unable to communicate with native dameon to add routes - com.android.server.NativeDaemonConnectorException: Cmd {interface route remove wlan0 default 0.0.0.0 0 67.20.213.254} failed with code 400 : {Failed to remove route from default table (No such process)}
07-15 17:56:27.277   144   201 D NetUtils: android_net_utils_resetConnections in env=0x1d93420 clazz=0x9fc00001 iface=wlan0 mask=0x3
07-15 17:56:27.277   144   201 D ConnectivityService: resetConnections(wlan0, 3)
07-15 17:56:27.418   291  4095 W Smack/Packet: notify conn break (IOEx), close connection
07-15 17:56:27.593   291  4095 I qtaguid : Failed write_ctrl(u 83) res=-1 errno=22
07-15 17:56:27.593   291  4095 I qtaguid : Untagging socket 83 failed errno=-22
07-15 17:56:27.601   291  4095 W NetworkManagementSocketTagger: untagSocket(83) failed with errno -22
07-15 17:56:27.660   144   201 D ConnectivityService: handleInetConditionChange: no active default network - ignore
07-15 17:56:27.691   291   294 D dalvikvm: GC_CONCURRENT freed 332K, 6% free 10563K/11143K, paused 2ms+6ms
07-15 17:56:27.918   275   275 I wpa_supplicant: wlan0: Trying to associate with 58:35:d9:38:bc:11 (SSID='UB_Secure' freq=2412 MHz)
07-15 17:56:27.937   275   275 I wpa_supplicant: wlan0: Associated with 58:35:d9:38:bc:11
07-15 17:56:27.937   275   275 I wpa_supplicant: wlan0: CTRL-EVENT-EAP-STARTED EAP authentication started
07-15 17:56:27.941   275   275 I wpa_supplicant: wlan0: CTRL-EVENT-EAP-PROPOSED-METHOD vendor=0 method=4 -> NAK
07-15 17:56:27.945   275   275 I wpa_supplicant: wlan0: CTRL-EVENT-EAP-PROPOSED-METHOD vendor=0 method=25
07-15 17:56:27.945   275   275 I wpa_supplicant: wlan0: CTRL-EVENT-EAP-METHOD EAP vendor 0 method 25 (PEAP) selected
07-15 17:56:28.007   275   275 I wpa_supplicant: wlan0: CTRL-EVENT-EAP-PEER-CERT depth=2 subject='/C=US/O=Entrust.net/OU=www.entrust.net/CPS incorp. by ref. (limits liab.)/OU=(c) 1999 Entrust.net Limited/CN=Entrust.net Secure Server Certification Authority'
07-15 17:56:28.007   275   275 I wpa_supplicant: wlan0: CTRL-EVENT-EAP-PEER-CERT depth=2 subject='/C=US/O=Entrust.net/OU=www.entrust.net/CPS incorp. by ref. (limits liab.)/OU=(c) 1999 Entrust.net Limited/CN=Entrust.net Secure Server Certification Authority'
07-15 17:56:28.007   275   275 I wpa_supplicant: wlan0: CTRL-EVENT-EAP-PEER-CERT depth=1 subject='/C=US/ST=UT/L=Salt Lake City/O=The USERTRUST Network/CN=USERTrust Legacy Secure Server CA'
07-15 17:56:28.011   275   275 I wpa_supplicant: wlan0: CTRL-EVENT-EAP-PEER-CERT depth=0 subject='/C=US/postalCode=14260/ST=New York/L=Buffalo/street=305 Computing Center/O=SUNY AT BUFFALO/OU=Office of the President/OU=Issued through UNIVERSITY AT BUFFALO E-PKI Manager/OU=PremiumSSL Legacy/CN=ubsecure.acsu.buffalo.edu'
07-15 17:56:28.175   275   275 I wpa_supplicant: EAP-MSCHAPV2: Authentication succeeded
07-15 17:56:28.191   275   275 I wpa_supplicant: EAP-TLV: TLV Result - Success - EAP-TLV/Phase2 Completed
07-15 17:56:28.203   275   275 I wpa_supplicant: wlan0: CTRL-EVENT-EAP-SUCCESS EAP authentication completed successfully
07-15 17:56:28.254   275   275 I wpa_supplicant: wlan0: WPA: Key negotiation completed with 58:35:d9:38:bc:11 [PTK=CCMP GTK=TKIP]
07-15 17:56:28.254   275   275 I wpa_supplicant: wlan0: CTRL-EVENT-CONNECTED - Connection to 58:35:d9:38:bc:11 completed (reauth) [id=0 id_str=]
07-15 17:56:28.379  3233  3236 D dalvikvm: GC_CONCURRENT freed 404K, 6% free 9061K/9543K, paused 2ms+8ms
07-15 17:56:28.652  3324  3327 D dalvikvm: GC_CONCURRENT freed 1040K, 11% free 10622K/11911K, paused 2ms+38ms
07-15 17:56:28.742  1351  1353 D dalvikvm: GC_CONCURRENT freed 466K, 8% free 10329K/11143K, paused 2ms+3ms
07-15 17:56:28.984   144   201 D ConnectivityService: ConnectivityChange for WIFI: CONNECTED/CONNECTED
07-15 17:56:28.992  2643  2643 I PhoneLab-WiFiReceiver: Wi-Fi is connected!
07-15 17:56:28.996  2643  2643 I PhoneLab-WiFiReceiver: SSID: UB_Secure BSSID: 58:35:d9:38:bc:11 RSSI: -200 LinkSpeed: -1
07-15 17:56:28.996  2643  2643 I PhoneLab-Locks: wake lock acquired
07-15 17:56:29.000  2643  2643 I PhoneLab-UploadLogs: Transfering log files now
07-15 17:56:29.000  2643  2643 I PhoneLab-UploadLogs: No log files to transfer
07-15 17:56:29.000  2643  2643 I PhoneLab-Locks: wake lock released
07-15 17:56:29.004  2643  2643 I PhoneLab-UploadLogs: OnStartCommand
07-15 17:56:29.019   144   196 W NetworkStats: dropping UID delta from unknown iface: iface=wlan0 uid=0 set=DEFAULT tag=0x0 rxBytes=0 rxPackets=0 txBytes=72 txPackets=1 operations=0
07-15 17:56:29.371  1351  1353 D dalvikvm: GC_CONCURRENT freed 503K, 8% free 10334K/11143K, paused 3ms+2ms
07-15 17:56:29.992   144   201 D ConnectivityService: NetTransition Wakelock for WifiStateMachine released by timeout
07-15 17:56:30.316   144   205 D Tethering: MasterInitialState.processMessage what=3
07-15 17:56:30.332   291   291 I GTalkService/c: [AndroidEndpoint@1094321424] connect: acct=1000000, state=CONNECTING
07-15 17:56:30.336   291   291 I GTalkService/c: [GTalkConnection@1094939328] connect: acct=1, state=CONNECTING
07-15 17:56:30.382  2663  2663 I MediaUploader: No need to wake up
07-15 17:56:30.386  2643  2643 I PhoneLab-WiFiReceiver: Wi-Fi is disconnected!
07-15 17:56:30.461  2002  2002 W ContextScopeImpl: thread=1 tried to enter the scope of the application context. Ignored.
07-15 17:56:30.484  1203  1223 D PicasaSyncManager: active network: NetworkInfo: type: WIFI[], state: CONNECTED/CONNECTED, reason: (unspecified), extra: (none), roaming: false, failover: false, isAvailable: true
07-15 17:56:30.484  1203  1223 D PicasaSyncManager: background data: true
07-15 17:56:30.562  1351  1353 D dalvikvm: GC_CONCURRENT freed 520K, 8% free 10324K/11143K, paused 2ms+4ms
07-15 17:56:31.425  1351  1353 D dalvikvm: GC_CONCURRENT freed 455K, 8% free 10285K/11143K, paused 2ms+15ms
07-15 17:56:31.715   144   146 D dalvikvm: GC_CONCURRENT freed 1408K, 11% free 15489K/17223K, paused 3ms+8ms
07-15 17:56:32.027   144   205 D Tethering: MasterInitialState.processMessage what=3
07-15 17:56:32.136  2663  2663 I MediaUploader: No need to wake up
07-15 17:56:32.218  2002  2002 W ContextScopeImpl: thread=1 tried to enter the scope of the application context. Ignored.
07-15 17:56:32.230  1203  1223 D PicasaSyncManager: active network: NetworkInfo: type: WIFI[], state: CONNECTED/CONNECTED, reason: (unspecified), extra: (none), roaming: false, failover: false, isAvailable: true
07-15 17:56:32.230  1203  1223 D PicasaSyncManager: background data: true
07-15 17:56:32.492  1351  1353 D dalvikvm: GC_CONCURRENT freed 398K, 8% free 10285K/11143K, paused 2ms+3ms
07-15 17:56:32.593   144   201 D ConnectivityService: handleInetConditionHoldEnd: net=1, condition=100, published condition=0
07-15 17:56:32.961   291   294 D dalvikvm: GC_CONCURRENT freed 488K, 6% free 10527K/11143K, paused 3ms+6ms
07-15 17:56:33.433   473   475 D dalvikvm: GC_CONCURRENT freed 334K, 7% free 9540K/10183K, paused 1ms+8ms
07-15 17:56:33.496  1351  1353 D dalvikvm: GC_CONCURRENT freed 398K, 8% free 10285K/11143K, paused 1ms+2ms
07-15 17:56:33.890   144   201 D ConnectivityService: ConnectivityChange for mobile: CONNECTED/CONNECTED
07-15 17:56:33.925   144   201 D ConnectivityService: ConnectivityChange for mobile: DISCONNECTED/DISCONNECTED
07-15 17:56:33.925   144   201 D ConnectivityService: Attempting to switch to WIFI
07-15 17:56:33.925   144   201 D ConnectivityService: Attempting to switch to WIMAX
07-15 17:56:33.929   144   201 D NetUtils: android_net_utils_resetConnections in env=0x1d93420 clazz=0xb5500001 iface=rmnet0 mask=0x3
07-15 17:56:33.929   144   201 D ConnectivityService: Attempting to switch to BLUETOOTH_TETHER
07-15 17:56:33.929   144   201 D ConnectivityService: resetConnections(rmnet0, 3)
07-15 17:56:34.226  3324  3327 D dalvikvm: GC_CONCURRENT freed 183K, 9% free 10849K/11911K, paused 2ms+5ms
07-15 17:56:34.320  2786  2788 D dalvikvm: GC_CONCURRENT freed 402K, 6% free 9337K/9927K, paused 3ms+3ms
07-15 17:56:34.465  1351  1353 D dalvikvm: GC_CONCURRENT freed 399K, 8% free 10284K/11143K, paused 2ms+2ms
07-15 17:56:35.398   144   144 D dalvikvm: GC_EXPLICIT freed 1244K, 11% free 15435K/17223K, paused 3ms+7ms
07-15 17:56:35.496  1351  1353 D dalvikvm: GC_CONCURRENT freed 399K, 8% free 10284K/11143K, paused 2ms+2ms
07-15 17:56:36.000  3324  3327 D dalvikvm: GC_CONCURRENT freed 436K, 8% free 11016K/11911K, paused 2ms+3ms
07-15 17:56:36.324  1351  1351 D dalvikvm: GC_EXPLICIT freed 56K, 9% free 10234K/11143K, paused 2ms+3ms
07-15 17:56:36.422  1351  1353 D dalvikvm: GC_CONCURRENT freed 343K, 8% free 10284K/11143K, paused 1ms+2ms
07-15 17:56:37.007   144   205 D Tethering: MasterInitialState.processMessage what=3
07-15 17:56:37.074   144   205 D Tethering: MasterInitialState.processMessage what=3
07-15 17:56:37.117  2663  2663 I MediaUploader: No need to wake up
07-15 17:56:37.203  2002  2002 W ContextScopeImpl: thread=1 tried to enter the scope of the application context. Ignored.
07-15 17:56:37.230  1203  1223 D PicasaSyncManager: active network: NetworkInfo: type: WIFI[], state: CONNECTED/CONNECTED, reason: (unspecified), extra: (none), roaming: false, failover: false, isAvailable: true
07-15 17:56:37.242  1203  1223 D PicasaSyncManager: background data: true
07-15 17:56:37.265  2663  2663 I MediaUploader: No need to wake up
07-15 17:56:37.340  2002  2002 W ContextScopeImpl: thread=1 tried to enter the scope of the application context. Ignored.
07-15 17:56:37.379  1203  1223 D PicasaSyncManager: active network: NetworkInfo: type: WIFI[], state: CONNECTED/CONNECTED, reason: (unspecified), extra: (none), roaming: false, failover: false, isAvailable: true
07-15 17:56:37.390  1203  1223 D PicasaSyncManager: background data: true
07-15 17:56:37.476   291   294 D dalvikvm: GC_CONCURRENT freed 405K, 6% free 10512K/11143K, paused 3ms+5ms
07-15 17:56:37.578   144   201 D ConnectivityService: handleInetConditionHoldEnd: net=1, condition=100, published condition=100
07-15 17:56:37.582   346   346 D SAN_SERVICE: *******************************************
07-15 17:56:37.582   346   346 D SAN_SERVICE: DM App Phone Service State - 0
07-15 17:56:37.582   346   346 D SAN_SERVICE: *******************************************
07-15 17:56:37.640  1351  1353 D dalvikvm: GC_CONCURRENT freed 398K, 8% free 10285K/11143K, paused 1ms+5ms
07-15 17:56:37.894   346   346 D SAN_SERVICE: *******************************************
07-15 17:56:37.894   346   346 D SAN_SERVICE: DM App Phone Service State - 0
07-15 17:56:37.894   346   346 D SAN_SERVICE: *******************************************
07-15 17:56:38.390  1351  1353 D dalvikvm: GC_CONCURRENT freed 399K, 8% free 10284K/11143K, paused 1ms+3ms
07-15 17:56:39.429  1351  1353 D dalvikvm: GC_CONCURRENT freed 408K, 8% free 10296K/11143K, paused 1ms+3ms
07-15 17:56:40.367  3324  3327 D dalvikvm: GC_CONCURRENT freed 872K, 11% free 10693K/11911K, paused 62ms+4ms
07-15 17:56:40.492  1351  1353 D dalvikvm: GC_CONCURRENT freed 429K, 8% free 10288K/11143K, paused 2ms+2ms
07-15 17:56:41.386  1351  1353 D dalvikvm: GC_CONCURRENT freed 420K, 8% free 10289K/11143K, paused 2ms+3ms
07-15 17:56:42.394  1351  1353 D dalvikvm: GC_CONCURRENT freed 420K, 8% free 10289K/11143K, paused 4ms+3ms
07-15 17:56:42.918   346   346 D SAN_SERVICE: *******************************************
07-15 17:56:42.918   346   346 D SAN_SERVICE: DM App Phone Service State - 0
07-15 17:56:42.918   346   346 D SAN_SERVICE: *******************************************
07-15 17:56:43.386  1351  1353 D dalvikvm: GC_CONCURRENT freed 420K, 8% free 10289K/11143K, paused 1ms+3ms
07-15 17:56:44.328   291   427 D dalvikvm: GC_EXPLICIT freed 144K, 6% free 10505K/11143K, paused 2ms+4ms
07-15 17:56:44.425  1351  1353 D dalvikvm: GC_CONCURRENT freed 421K, 8% free 10289K/11143K, paused 2ms+3ms
07-15 17:56:45.156  3324  3327 D dalvikvm: GC_CONCURRENT freed 223K, 9% free 10917K/11911K, paused 1ms+3ms
07-15 17:56:45.484  3324  3327 D dalvikvm: GC_CONCURRENT freed 561K, 9% free 10900K/11911K, paused 1ms+2ms
07-15 17:56:47.906   346   346 D SAN_SERVICE: *******************************************
07-15 17:56:47.906   346   346 D SAN_SERVICE: DM App Phone Service State - 0
07-15 17:56:47.906   346   346 D SAN_SERVICE: *******************************************
07-15 17:56:50.230  3324  3327 D dalvikvm: GC_CONCURRENT freed 677K, 10% free 10739K/11911K, paused 2ms+4ms
07-15 17:56:53.152   346   346 D SAN_SERVICE: *******************************************
07-15 17:56:53.152   346   346 D SAN_SERVICE: DM App Phone Service State - 0
07-15 17:56:53.152   346   346 D SAN_SERVICE: *******************************************
07-15 17:56:53.914   346   346 D SAN_SERVICE: *******************************************
07-15 17:56:53.914   346   346 D SAN_SERVICE: DM App Phone Service State - 0
07-15 17:56:53.914   346   346 D SAN_SERVICE: *******************************************
07-15 17:56:55.082  3324  3327 D dalvikvm: GC_CONCURRENT freed 319K, 8% free 10989K/11911K, paused 2ms+4ms
07-15 17:56:55.179  3324  3557 D dalvikvm: GC_FOR_ALLOC freed 432K, 9% free 10940K/11911K, paused 29ms
07-15 17:56:58.136   346   346 D SAN_SERVICE: *******************************************
07-15 17:56:58.136   346   346 D SAN_SERVICE: DM App Phone Service State - 0
07-15 17:56:58.136   346   346 D SAN_SERVICE: *******************************************
07-15 17:56:58.160   346   348 D dalvikvm: GC_CONCURRENT freed 435K, 6% free 9491K/10055K, paused 3ms+2ms
07-15 17:56:58.922   346   346 D SAN_SERVICE: *******************************************
07-15 17:56:58.922   346   346 D SAN_SERVICE: DM App Phone Service State - 0
07-15 17:56:58.922   346   346 D SAN_SERVICE: *******************************************
07-15 17:57:00.398  3324  3327 D dalvikvm: GC_CONCURRENT freed 686K, 10% free 10779K/11911K, paused 2ms+4ms
07-15 17:57:04.125   144   146 D dalvikvm: GC_CONCURRENT freed 1305K, 10% free 15613K/17223K, paused 3ms+9ms
07-15 17:57:04.726  3324  3327 D dalvikvm: GC_CONCURRENT freed 334K, 8% free 11034K/11911K, paused 2ms+3ms
07-15 17:57:04.804  3324  3557 D dalvikvm: GC_FOR_ALLOC freed 398K, 9% free 10946K/11911K, paused 26ms
07-15 17:57:06.863   275   275 I wpa_supplicant: wlan0: CTRL-EVENT-DISCONNECTED bssid=58:35:d9:38:bc:11 reason=0
07-15 17:57:06.863    75   117 D CommandListener: Clearing all IP addresses on wlan0
07-15 17:57:06.918   144   201 D ConnectivityService: ConnectivityChange for WIFI: DISCONNECTED/DISCONNECTED
07-15 17:57:06.922   144   201 D ConnectivityService: Attempting to switch to mobile
07-15 17:57:06.922   144   201 D ConnectivityService: Attempting to switch to WIMAX
07-15 17:57:06.922   144   201 D ConnectivityService: Attempting to switch to BLUETOOTH_TETHER
07-15 17:57:06.961   144   201 E ConnectivityService: Exception trying to remove a route: java.lang.IllegalStateException: Unable to communicate with native dameon to add routes - com.android.server.NativeDaemonConnectorException: Cmd {interface route remove wlan0 default 67.20.213.254 32 0.0.0.0} failed with code 400 : {Failed to remove route from default table (No such process)}
07-15 17:57:06.965   144   201 D NetUtils: android_net_utils_resetConnections in env=0x1d93420 clazz=0xc2000001 iface=wlan0 mask=0x3
07-15 17:57:06.965   144   201 E ConnectivityService: Exception trying to remove a route: java.lang.IllegalStateException: Unable to communicate with native dameon to add routes - com.android.server.NativeDaemonConnectorException: Cmd {interface route remove wlan0 default 0.0.0.0 0 67.20.213.254} failed with code 400 : {Failed to remove route from default table (No such process)}
07-15 17:57:06.965   144   201 D ConnectivityService: resetConnections(wlan0, 3)
07-15 17:57:07.090   291  4139 W Smack/Packet: notify conn break (IOEx), close connection
07-15 17:57:07.277   291  4139 I qtaguid : Failed write_ctrl(u 83) res=-1 errno=22
07-15 17:57:07.277   291  4139 I qtaguid : Untagging socket 83 failed errno=-22
07-15 17:57:07.277   291  4139 W NetworkManagementSocketTagger: untagSocket(83) failed with errno -22
07-15 17:57:07.281   144   201 D ConnectivityService: handleInetConditionChange: no active default network - ignore
07-15 17:57:07.347   291   294 D dalvikvm: GC_CONCURRENT freed 303K, 5% free 10591K/11143K, paused 2ms+15ms
07-15 17:57:07.390  2536  4181 W Gmail   : Successful index run, cancel next scheduled index run
07-15 17:57:07.586   275   275 I wpa_supplicant: wlan0: Trying to associate with e8:ba:70:f9:e1:51 (SSID='UB_Secure' freq=2462 MHz)
07-15 17:57:07.738   275   275 I wpa_supplicant: wlan0: Associated with e8:ba:70:f9:e1:51
07-15 17:57:07.750   275   275 I wpa_supplicant: wlan0: CTRL-EVENT-EAP-STARTED EAP authentication started
07-15 17:57:07.757   275   275 I wpa_supplicant: wlan0: CTRL-EVENT-EAP-PROPOSED-METHOD vendor=0 method=4 -> NAK
07-15 17:57:07.761   275   275 I wpa_supplicant: wlan0: CTRL-EVENT-EAP-PROPOSED-METHOD vendor=0 method=25
07-15 17:57:07.761   275   275 I wpa_supplicant: wlan0: CTRL-EVENT-EAP-METHOD EAP vendor 0 method 25 (PEAP) selected
07-15 17:57:07.808   275   275 I wpa_supplicant: wlan0: CTRL-EVENT-EAP-PEER-CERT depth=2 subject='/C=US/O=Entrust.net/OU=www.entrust.net/CPS incorp. by ref. (limits liab.)/OU=(c) 1999 Entrust.net Limited/CN=Entrust.net Secure Server Certification Authority'
07-15 17:57:07.808   275   275 I wpa_supplicant: wlan0: CTRL-EVENT-EAP-PEER-CERT depth=2 subject='/C=US/O=Entrust.net/OU=www.entrust.net/CPS incorp. by ref. (limits liab.)/OU=(c) 1999 Entrust.net Limited/CN=Entrust.net Secure Server Certification Authority'
07-15 17:57:07.808   275   275 I wpa_supplicant: wlan0: CTRL-EVENT-EAP-PEER-CERT depth=1 subject='/C=US/ST=UT/L=Salt Lake City/O=The USERTRUST Network/CN=USERTrust Legacy Secure Server CA'
07-15 17:57:07.812   275   275 I wpa_supplicant: wlan0: CTRL-EVENT-EAP-PEER-CERT depth=0 subject='/C=US/postalCode=14260/ST=New York/L=Buffalo/street=305 Computing Center/O=SUNY AT BUFFALO/OU=Office of the President/OU=Issued through UNIVERSITY AT BUFFALO E-PKI Manager/OU=PremiumSSL Legacy/CN=ubsecure.acsu.buffalo.edu'
07-15 17:57:08.199   275   275 I wpa_supplicant: EAP-MSCHAPV2: Authentication succeeded
07-15 17:57:08.207   275   275 I wpa_supplicant: EAP-TLV: TLV Result - Success - EAP-TLV/Phase2 Completed
07-15 17:57:08.218   275   275 I wpa_supplicant: wlan0: CTRL-EVENT-EAP-SUCCESS EAP authentication completed successfully
07-15 17:57:08.269   275   275 I wpa_supplicant: wlan0: WPA: Key negotiation completed with e8:ba:70:f9:e1:51 [PTK=CCMP GTK=TKIP]
07-15 17:57:08.269   275   275 I wpa_supplicant: wlan0: CTRL-EVENT-CONNECTED - Connection to e8:ba:70:f9:e1:51 completed (reauth) [id=0 id_str=]
07-15 17:57:08.363   346   346 D SAN_SERVICE: *******************************************
07-15 17:57:08.363   346   346 D SAN_SERVICE: DM App Phone Service State - 0
07-15 17:57:08.363   346   346 D SAN_SERVICE: *******************************************
07-15 17:57:08.890   346   346 D SAN_SERVICE: *******************************************
07-15 17:57:08.890   346   346 D SAN_SERVICE: DM App Phone Service State - 0
07-15 17:57:08.890   346   346 D SAN_SERVICE: *******************************************
07-15 17:57:08.996   144   201 D ConnectivityService: ConnectivityChange for WIFI: CONNECTED/CONNECTED
07-15 17:57:09.035  2643  2643 I PhoneLab-WiFiReceiver: Wi-Fi is connected!
07-15 17:57:09.035  2643  2643 I PhoneLab-WiFiReceiver: SSID: UB_Secure BSSID: e8:ba:70:f9:e1:51 RSSI: -200 LinkSpeed: -1
07-15 17:57:09.035  2643  2643 I PhoneLab-Locks: wake lock acquired
07-15 17:57:09.043  2643  2643 I PhoneLab-UploadLogs: Transfering log files now
07-15 17:57:09.043  2643  2643 I PhoneLab-UploadLogs: No log files to transfer
07-15 17:57:09.043  2643  2643 I PhoneLab-Locks: wake lock released
07-15 17:57:09.050   144   196 W NetworkStats: dropping UID delta from unknown iface: iface=wlan0 uid=0 set=DEFAULT tag=0x0 rxBytes=0 rxPackets=0 txBytes=136 txPackets=2 operations=0
07-15 17:57:09.050  2643  2643 I PhoneLab-UploadLogs: OnStartCommand
07-15 17:57:09.117  2643  2645 D dalvikvm: GC_CONCURRENT freed 898K, 15% free 9145K/10695K, paused 3ms+2ms
07-15 17:57:09.168  2643  2656 I PhoneLab-: Service Running
07-15 17:57:09.226  2643  2656 I PhoneLab-LoggerService: app_37    1395  1     1432   1064  c00f181c 400107b4 S logcat
07-15 17:57:09.226  2643  2656 I PhoneLab-LoggerService: Logcat pid from database 1395
07-15 17:57:09.226  2643  2656 I PhoneLab-LoggerService: Logcat process found 1395
07-15 17:57:09.230  2643  2656 I PhoneLab-LoggerService: Checking Threshold
07-15 17:57:09.679   346   346 D SAN_SERVICE: *******************************************
07-15 17:57:09.679   346   346 D SAN_SERVICE: DM App Phone Service State - 0
07-15 17:57:09.679   346   346 D SAN_SERVICE: *******************************************
07-15 17:57:09.890   346   346 D SAN_SERVICE: *******************************************
07-15 17:57:09.890   346   346 D SAN_SERVICE: DM App Phone Service State - 0
07-15 17:57:09.894   346   346 D SAN_SERVICE: *******************************************
07-15 17:57:09.984   144   205 D Tethering: MasterInitialState.processMessage what=3
07-15 17:57:10.015   144   201 D ConnectivityService: NetTransition Wakelock for WifiStateMachine released by timeout
07-15 17:57:10.043   291   291 I GTalkService/c: [AndroidEndpoint@1094321424] connect: acct=1000000, state=CONNECTING
07-15 17:57:10.047   291   291 I GTalkService/c: [GTalkConnection@1094939328] connect: acct=1, state=CONNECTING
07-15 17:57:10.101  2663  2663 I MediaUploader: No need to wake up
07-15 17:57:10.105  2643  2643 I PhoneLab-WiFiReceiver: Wi-Fi is disconnected!
07-15 17:57:10.175  2002  2002 W ContextScopeImpl: thread=1 tried to enter the scope of the application context. Ignored.
07-15 17:57:10.187  1203  1223 D PicasaSyncManager: active network: NetworkInfo: type: WIFI[], state: CONNECTED/CONNECTED, reason: (unspecified), extra: (none), roaming: false, failover: false, isAvailable: true
07-15 17:57:10.191  1203  1223 D PicasaSyncManager: background data: true
07-15 17:57:10.660   346   346 D SAN_SERVICE: *******************************************
07-15 17:57:10.660   346   346 D SAN_SERVICE: DM App Phone Service State - 0
07-15 17:57:10.660   346   346 D SAN_SERVICE: *******************************************
07-15 17:57:10.941   144   388 D dalvikvm: GC_EXPLICIT freed 1466K, 11% free 15459K/17223K, paused 3ms+7ms
07-15 17:57:10.953   346   346 D SAN_SERVICE: *******************************************
07-15 17:57:10.957   346   346 D SAN_SERVICE: DM App Phone Service State - 0
07-15 17:57:10.957   346   346 D SAN_SERVICE: *******************************************
07-15 17:57:11.047  3324  3327 D dalvikvm: GC_CONCURRENT freed 681K, 10% free 10808K/11911K, paused 2ms+4ms
07-15 17:57:12.074   144   205 D Tethering: MasterInitialState.processMessage what=3
07-15 17:57:12.175  2663  2663 I MediaUploader: No need to wake up
07-15 17:57:12.293  2002  2002 W ContextScopeImpl: thread=1 tried to enter the scope of the application context. Ignored.
07-15 17:57:12.308  1203  1223 D PicasaSyncManager: active network: NetworkInfo: type: WIFI[], state: CONNECTED/CONNECTED, reason: (unspecified), extra: (none), roaming: false, failover: false, isAvailable: true
07-15 17:57:12.316  1203  1223 D PicasaSyncManager: background data: true
07-15 17:57:12.379  2599  2602 D dalvikvm: GC_CONCURRENT freed 264K, 6% free 9291K/9863K, paused 2ms+3ms
07-15 17:57:12.965   291   294 D dalvikvm: GC_CONCURRENT freed 471K, 6% free 10547K/11143K, paused 3ms+5ms
07-15 17:57:13.484   144   201 D ConnectivityService: handleInetConditionHoldEnd: net=1, condition=100, published condition=0
07-15 17:57:14.351   346   346 D SAN_SERVICE: *******************************************
07-15 17:57:14.351   346   346 D SAN_SERVICE: DM App Phone Service State - 0
07-15 17:57:14.351   346   346 D SAN_SERVICE: *******************************************
07-15 17:57:14.539  3324  3327 D dalvikvm: GC_CONCURRENT freed 356K, 8% free 11046K/11911K, paused 2ms+3ms
07-15 17:57:14.574  3324  3557 D dalvikvm: GC_FOR_ALLOC freed 221K, 9% free 10943K/11911K, paused 30ms
07-15 17:57:14.894   346   346 D SAN_SERVICE: *******************************************
07-15 17:57:14.894   346   346 D SAN_SERVICE: DM App Phone Service State - 0
07-15 17:57:14.894   346   346 D SAN_SERVICE: *******************************************
07-15 17:57:19.527   275   275 I wpa_supplicant: wlan0: CTRL-EVENT-DISCONNECTED bssid=e8:ba:70:f9:e1:51 reason=0
07-15 17:57:19.543    75   117 D CommandListener: Clearing all IP addresses on wlan0
07-15 17:57:19.601   144   201 D ConnectivityService: ConnectivityChange for WIFI: DISCONNECTED/DISCONNECTED
07-15 17:57:19.601   144   201 D ConnectivityService: Attempting to switch to mobile
07-15 17:57:19.601   144   201 D ConnectivityService: Attempting to switch to WIMAX
07-15 17:57:19.601   144   201 D ConnectivityService: Attempting to switch to BLUETOOTH_TETHER
07-15 17:57:19.609   144   201 E ConnectivityService: Exception trying to remove a route: java.lang.IllegalStateException: Unable to communicate with native dameon to add routes - com.android.server.NativeDaemonConnectorException: Cmd {interface route remove wlan0 default 67.20.213.254 32 0.0.0.0} failed with code 400 : {Failed to remove route from default table (No such process)}
07-15 17:57:19.617   144   201 E ConnectivityService: Exception trying to remove a route: java.lang.IllegalStateException: Unable to communicate with native dameon to add routes - com.android.server.NativeDaemonConnectorException: Cmd {interface route remove wlan0 default 0.0.0.0 0 67.20.213.254} failed with code 400 : {Failed to remove route from default table (No such process)}
07-15 17:57:19.621   144   201 D NetUtils: android_net_utils_resetConnections in env=0x1d93420 clazz=0xd6d00001 iface=wlan0 mask=0x3
07-15 17:57:19.621   144   201 D ConnectivityService: resetConnections(wlan0, 3)
07-15 17:57:19.718   291  4218 W Smack/Packet: notify conn break (IOEx), close connection
07-15 17:57:19.890   291  4218 I qtaguid : Failed write_ctrl(u 83) res=-1 errno=22
07-15 17:57:19.894   291  4218 I qtaguid : Untagging socket 83 failed errno=-22
07-15 17:57:19.894   291  4218 W NetworkManagementSocketTagger: untagSocket(83) failed with errno -22
07-15 17:57:19.902   144   201 D ConnectivityService: handleInetConditionChange: no active default network - ignore
07-15 17:57:20.000  3324  3327 D dalvikvm: GC_CONCURRENT freed 710K, 10% free 10750K/11911K, paused 2ms+4ms
07-15 17:57:20.246   275   275 I wpa_supplicant: wlan0: Trying to associate with d0:c2:82:2d:f2:a1 (SSID='UB_Secure' freq=2462 MHz)
07-15 17:57:20.297   275   275 I wpa_supplicant: wlan0: Associated with d0:c2:82:2d:f2:a1
07-15 17:57:20.297   275   275 I wpa_supplicant: wlan0: CTRL-EVENT-EAP-STARTED EAP authentication started
07-15 17:57:20.300   275   275 I wpa_supplicant: wlan0: CTRL-EVENT-EAP-PROPOSED-METHOD vendor=0 method=4 -> NAK
07-15 17:57:20.304   275   275 I wpa_supplicant: wlan0: CTRL-EVENT-EAP-PROPOSED-METHOD vendor=0 method=25
07-15 17:57:20.304   275   275 I wpa_supplicant: wlan0: CTRL-EVENT-EAP-METHOD EAP vendor 0 method 25 (PEAP) selected
07-15 17:57:20.351   275   275 I wpa_supplicant: wlan0: CTRL-EVENT-EAP-PEER-CERT depth=2 subject='/C=US/O=Entrust.net/OU=www.entrust.net/CPS incorp. by ref. (limits liab.)/OU=(c) 1999 Entrust.net Limited/CN=Entrust.net Secure Server Certification Authority'
07-15 17:57:20.351   275   275 I wpa_supplicant: wlan0: CTRL-EVENT-EAP-PEER-CERT depth=2 subject='/C=US/O=Entrust.net/OU=www.entrust.net/CPS incorp. by ref. (limits liab.)/OU=(c) 1999 Entrust.net Limited/CN=Entrust.net Secure Server Certification Authority'
07-15 17:57:20.351   275   275 I wpa_supplicant: wlan0: CTRL-EVENT-EAP-PEER-CERT depth=1 subject='/C=US/ST=UT/L=Salt Lake City/O=The USERTRUST Network/CN=USERTrust Legacy Secure Server CA'
07-15 17:57:20.351   275   275 I wpa_supplicant: wlan0: CTRL-EVENT-EAP-PEER-CERT depth=0 subject='/C=US/postalCode=14260/ST=New York/L=Buffalo/street=305 Computing Center/O=SUNY AT BUFFALO/OU=Office of the President/OU=Issued through UNIVERSITY AT BUFFALO E-PKI Manager/OU=PremiumSSL Legacy/CN=ubsecure.acsu.buffalo.edu'
07-15 17:57:20.504   275   275 I wpa_supplicant: EAP-MSCHAPV2: Authentication succeeded
07-15 17:57:20.515   275   275 I wpa_supplicant: EAP-TLV: TLV Result - Success - EAP-TLV/Phase2 Completed
07-15 17:57:20.523   275   275 I wpa_supplicant: wlan0: CTRL-EVENT-EAP-SUCCESS EAP authentication completed successfully
07-15 17:57:20.554   275   275 I wpa_supplicant: wlan0: WPA: Key negotiation completed with d0:c2:82:2d:f2:a1 [PTK=CCMP GTK=TKIP]
07-15 17:57:20.554   275   275 I wpa_supplicant: wlan0: CTRL-EVENT-CONNECTED - Connection to d0:c2:82:2d:f2:a1 completed (reauth) [id=0 id_str=]
07-15 17:57:21.273   144   201 D ConnectivityService: ConnectivityChange for WIFI: CONNECTED/CONNECTED
07-15 17:57:21.285  2643  2643 I PhoneLab-WiFiReceiver: Wi-Fi is connected!
07-15 17:57:21.285  2643  2643 I PhoneLab-WiFiReceiver: SSID: UB_Secure BSSID: d0:c2:82:2d:f2:a1 RSSI: -200 LinkSpeed: -1
07-15 17:57:21.285  2643  2643 I PhoneLab-Locks: wake lock acquired
07-15 17:57:21.289  2643  2643 I PhoneLab-UploadLogs: Transfering log files now
07-15 17:57:21.293  2643  2643 I PhoneLab-UploadLogs: No log files to transfer
07-15 17:57:21.293  2643  2643 I PhoneLab-Locks: wake lock released
07-15 17:57:21.293  2643  2643 I PhoneLab-UploadLogs: OnStartCommand
07-15 17:57:21.312   144   196 W NetworkStats: dropping UID delta from unknown iface: iface=wlan0 uid=0 set=DEFAULT tag=0x0 rxBytes=0 rxPackets=0 txBytes=72 txPackets=1 operations=0
07-15 17:57:22.277   144   201 D ConnectivityService: NetTransition Wakelock for WifiStateMachine released by timeout
07-15 17:57:22.453   215   217 D dalvikvm: GC_CONCURRENT freed 604K, 31% free 9890K/14215K, paused 37ms+2ms
07-15 17:57:22.679   144   205 D Tethering: MasterInitialState.processMessage what=3
07-15 17:57:22.726   291   291 I GTalkService/c: [AndroidEndpoint@1094321424] connect: acct=1000000, state=CONNECTING
07-15 17:57:22.730   291   291 I GTalkService/c: [GTalkConnection@1094939328] connect: acct=1, state=CONNECTING
07-15 17:57:22.773  2663  2663 I MediaUploader: No need to wake up
07-15 17:57:22.777  2643  2643 I PhoneLab-WiFiReceiver: Wi-Fi is disconnected!
07-15 17:57:22.812  1203  1223 D PicasaSyncManager: active network: NetworkInfo: type: WIFI[], state: CONNECTED/CONNECTED, reason: (unspecified), extra: (none), roaming: false, failover: false, isAvailable: true
07-15 17:57:22.816  1203  1223 D PicasaSyncManager: background data: true
07-15 17:57:22.867  2002  2002 W ContextScopeImpl: thread=1 tried to enter the scope of the application context. Ignored.
07-15 17:57:22.965   144   146 D dalvikvm: GC_CONCURRENT freed 1420K, 10% free 15569K/17223K, paused 3ms+8ms
07-15 17:57:23.484   291   294 D dalvikvm: GC_CONCURRENT freed 420K, 6% free 10517K/11143K, paused 5ms+5ms
07-15 17:57:24.332   144   205 D Tethering: MasterInitialState.processMessage what=3
07-15 17:57:24.425  2663  2663 I MediaUploader: No need to wake up
07-15 17:57:24.507  2002  2002 W ContextScopeImpl: thread=1 tried to enter the scope of the application context. Ignored.
07-15 17:57:24.515  1203  1223 D PicasaSyncManager: active network: NetworkInfo: type: WIFI[], state: CONNECTED/CONNECTED, reason: (unspecified), extra: (none), roaming: false, failover: false, isAvailable: true
07-15 17:57:24.515  1203  1223 D PicasaSyncManager: background data: true
07-15 17:57:24.711  3324  3327 D dalvikvm: GC_CONCURRENT freed 304K, 8% free 11012K/11911K, paused 3ms+5ms
07-15 17:57:24.875   144   201 D ConnectivityService: handleInetConditionHoldEnd: net=1, condition=100, published condition=0
07-15 17:57:26.000  3285  3288 D dalvikvm: GC_CONCURRENT freed 366K, 8% free 9891K/10695K, paused 8ms+2ms
07-15 17:57:26.734   291   294 D dalvikvm: GC_CONCURRENT freed 397K, 6% free 10517K/11143K, paused 2ms+3ms
07-15 17:57:28.382  3324  3327 D dalvikvm: GC_CONCURRENT freed 1056K, 11% free 10620K/11911K, paused 2ms+4ms
07-15 17:57:28.574  1351  1353 D dalvikvm: GC_CONCURRENT freed 443K, 8% free 10300K/11143K, paused 1ms+3ms
07-15 17:57:29.425  1351  1353 D dalvikvm: GC_CONCURRENT freed 506K, 8% free 10268K/11143K, paused 11ms+5ms
07-15 17:57:32.254  3324  3327 D dalvikvm: GC_CONCURRENT freed 239K, 10% free 10832K/11911K, paused 1ms+4ms
07-15 17:57:34.375  3324  3327 D dalvikvm: GC_CONCURRENT freed 393K, 8% free 10996K/11911K, paused 1ms+3ms
07-15 17:57:34.816   144   342 D dalvikvm: GC_EXPLICIT freed 723K, 11% free 15455K/17223K, paused 3ms+7ms
07-15 17:57:38.593  3324  3327 D dalvikvm: GC_CONCURRENT freed 864K, 11% free 10681K/11911K, paused 2ms+4ms
07-15 17:57:40.062   144   201 D ConnectivityService: ConnectivityChange for mobile: CONNECTED/CONNECTED
07-15 17:57:40.093   144   201 D ConnectivityService: ConnectivityChange for mobile: DISCONNECTED/DISCONNECTED
07-15 17:57:40.093   144   201 D ConnectivityService: Attempting to switch to WIFI
07-15 17:57:40.093   144   201 D ConnectivityService: Attempting to switch to WIMAX
07-15 17:57:40.093   144   201 D NetUtils: android_net_utils_resetConnections in env=0x1d93420 clazz=0xec700001 iface=rmnet0 mask=0x3
07-15 17:57:40.093   144   201 D ConnectivityService: Attempting to switch to BLUETOOTH_TETHER
07-15 17:57:40.093   144   201 D ConnectivityService: resetConnections(rmnet0, 3)
07-15 17:57:40.910   144   378 D AlarmManagerService: Kernel timezone updated to 240 minutes west of GMT
07-15 17:57:40.914   346   346 D SystemClock: Setting time of day to sec=1342389461
07-15 17:57:41.139  1510  1523 V AlarmClock: AlarmInitReceiver finished
07-15 17:57:43.229   144   205 D Tethering: MasterInitialState.processMessage what=3
07-15 17:57:43.264   144   205 D Tethering: MasterInitialState.processMessage what=3
07-15 17:57:43.291  2663  2663 I MediaUploader: No need to wake up
07-15 17:57:43.362  1203  1223 D PicasaSyncManager: active network: NetworkInfo: type: WIFI[], state: CONNECTED/CONNECTED, reason: (unspecified), extra: (none), roaming: false, failover: false, isAvailable: true
07-15 17:57:43.366  1203  1223 D PicasaSyncManager: background data: true
07-15 17:57:43.389  2002  2002 W ContextScopeImpl: thread=1 tried to enter the scope of the application context. Ignored.
07-15 17:57:43.428  2663  2663 I MediaUploader: No need to wake up
07-15 17:57:43.518  2002  2002 W ContextScopeImpl: thread=1 tried to enter the scope of the application context. Ignored.
07-15 17:57:43.538  1203  1223 D PicasaSyncManager: active network: NetworkInfo: type: WIFI[], state: CONNECTED/CONNECTED, reason: (unspecified), extra: (none), roaming: false, failover: false, isAvailable: true
07-15 17:57:43.538  1203  1223 D PicasaSyncManager: background data: true
07-15 17:57:43.588  2681  2683 D dalvikvm: GC_CONCURRENT freed 404K, 7% free 10656K/11399K, paused 2ms+25ms
07-15 17:57:43.686   291   294 D dalvikvm: GC_CONCURRENT freed 371K, 6% free 10556K/11143K, paused 2ms+27ms
07-15 17:57:43.764   144   201 D ConnectivityService: handleInetConditionHoldEnd: net=1, condition=100, published condition=100
07-15 17:57:44.143  3324  3327 D dalvikvm: GC_CONCURRENT freed 235K, 9% free 10917K/11911K, paused 20ms+4ms
07-15 17:57:44.299  3324  3327 D dalvikvm: GC_CONCURRENT freed 506K, 9% free 10941K/11911K, paused 2ms+3ms
07-15 17:57:46.573   346   348 D dalvikvm: GC_CONCURRENT freed 432K, 6% free 9495K/10055K, paused 3ms+3ms
07-15 17:57:50.163  3324  3327 D dalvikvm: GC_CONCURRENT freed 706K, 10% free 10795K/11911K, paused 2ms+4ms
07-15 17:57:52.862   144   146 D dalvikvm: GC_CONCURRENT freed 1409K, 10% free 15531K/17223K, paused 2ms+8ms
07-15 17:57:53.963  3324  3327 D dalvikvm: GC_CONCURRENT freed 363K, 8% free 10998K/11911K, paused 2ms+3ms
07-15 17:57:54.034  3324  3557 D dalvikvm: GC_FOR_ALLOC freed 346K, 9% free 10925K/11911K, paused 27ms
07-15 17:57:56.166   275   275 I wpa_supplicant: wlan0: CTRL-EVENT-DISCONNECTED bssid=d0:c2:82:2d:f2:a1 reason=0
07-15 17:57:56.178    75   117 D CommandListener: Clearing all IP addresses on wlan0
07-15 17:57:56.217   144   201 D ConnectivityService: ConnectivityChange for WIFI: DISCONNECTED/DISCONNECTED
07-15 17:57:56.221   144   201 D ConnectivityService: Attempting to switch to mobile
07-15 17:57:56.221   144   201 D ConnectivityService: Attempting to switch to WIMAX
07-15 17:57:56.221   144   201 D ConnectivityService: Attempting to switch to BLUETOOTH_TETHER
07-15 17:57:56.256   144   201 E ConnectivityService: Exception trying to remove a route: java.lang.IllegalStateException: Unable to communicate with native dameon to add routes - com.android.server.NativeDaemonConnectorException: Cmd {interface route remove wlan0 default 67.20.213.254 32 0.0.0.0} failed with code 400 : {Failed to remove route from default table (No such process)}
07-15 17:57:56.260   144   201 E ConnectivityService: Exception trying to remove a route: java.lang.IllegalStateException: Unable to communicate with native dameon to add routes - com.android.server.NativeDaemonConnectorException: Cmd {interface route remove wlan0 default 0.0.0.0 0 67.20.213.254} failed with code 400 : {Failed to remove route from default table (No such process)}
07-15 17:57:56.260   144   201 D NetUtils: android_net_utils_resetConnections in env=0x1d93420 clazz=0xf8100001 iface=wlan0 mask=0x3
07-15 17:57:56.260   144   201 D ConnectivityService: resetConnections(wlan0, 3)
07-15 17:57:56.397   291  4252 W Smack/Packet: notify conn break (IOEx), close connection
07-15 17:57:56.565   291  4252 I qtaguid : Failed write_ctrl(u 83) res=-1 errno=22
07-15 17:57:56.573   291  4252 I qtaguid : Untagging socket 83 failed errno=-22
07-15 17:57:56.573   291  4252 W NetworkManagementSocketTagger: untagSocket(83) failed with errno -22
07-15 17:57:56.600   144   201 D ConnectivityService: handleInetConditionChange: no active default network - ignore
07-15 17:57:56.819   473   527 D dalvikvm: GC_EXPLICIT freed 207K, 7% free 9491K/10183K, paused 3ms+3ms
07-15 17:57:56.889   275   275 I wpa_supplicant: wlan0: Trying to associate with d0:c2:82:2d:f2:b1 (SSID='UB_Secure' freq=2437 MHz)
07-15 17:57:57.045   275   275 I wpa_supplicant: wlan0: Associated with d0:c2:82:2d:f2:b1
07-15 17:57:57.057   275   275 I wpa_supplicant: wlan0: CTRL-EVENT-EAP-STARTED EAP authentication started
07-15 17:57:57.065   275   275 I wpa_supplicant: wlan0: CTRL-EVENT-EAP-PROPOSED-METHOD vendor=0 method=4 -> NAK
07-15 17:57:57.069   275   275 I wpa_supplicant: wlan0: CTRL-EVENT-EAP-PROPOSED-METHOD vendor=0 method=25
07-15 17:57:57.069   275   275 I wpa_supplicant: wlan0: CTRL-EVENT-EAP-METHOD EAP vendor 0 method 25 (PEAP) selected
07-15 17:57:57.112   275   275 I wpa_supplicant: wlan0: CTRL-EVENT-EAP-PEER-CERT depth=2 subject='/C=US/O=Entrust.net/OU=www.entrust.net/CPS incorp. by ref. (limits liab.)/OU=(c) 1999 Entrust.net Limited/CN=Entrust.net Secure Server Certification Authority'
07-15 17:57:57.112   275   275 I wpa_supplicant: wlan0: CTRL-EVENT-EAP-PEER-CERT depth=2 subject='/C=US/O=Entrust.net/OU=www.entrust.net/CPS incorp. by ref. (limits liab.)/OU=(c) 1999 Entrust.net Limited/CN=Entrust.net Secure Server Certification Authority'
07-15 17:57:57.116   275   275 I wpa_supplicant: wlan0: CTRL-EVENT-EAP-PEER-CERT depth=1 subject='/C=US/ST=UT/L=Salt Lake City/O=The USERTRUST Network/CN=USERTrust Legacy Secure Server CA'
07-15 17:57:57.116   275   275 I wpa_supplicant: wlan0: CTRL-EVENT-EAP-PEER-CERT depth=0 subject='/C=US/postalCode=14260/ST=New York/L=Buffalo/street=305 Computing Center/O=SUNY AT BUFFALO/OU=Office of the President/OU=Issued through UNIVERSITY AT BUFFALO E-PKI Manager/OU=PremiumSSL Legacy/CN=ubsecure.acsu.buffalo.edu'
07-15 17:57:57.264   275   275 I wpa_supplicant: EAP-MSCHAPV2: Authentication succeeded
07-15 17:57:57.280   275   275 I wpa_supplicant: EAP-TLV: TLV Result - Success - EAP-TLV/Phase2 Completed
07-15 17:57:57.295   275   275 I wpa_supplicant: wlan0: CTRL-EVENT-EAP-SUCCESS EAP authentication completed successfully
07-15 17:57:57.354   275   275 I wpa_supplicant: wlan0: WPA: Key negotiation completed with d0:c2:82:2d:f2:b1 [PTK=CCMP GTK=TKIP]
07-15 17:57:57.354   275   275 I wpa_supplicant: wlan0: CTRL-EVENT-CONNECTED - Connection to d0:c2:82:2d:f2:b1 completed (reauth) [id=0 id_str=]
07-15 17:57:58.069   144   201 D ConnectivityService: ConnectivityChange for WIFI: CONNECTED/CONNECTED
07-15 17:57:58.080  2643  2643 I PhoneLab-WiFiReceiver: Wi-Fi is connected!
07-15 17:57:58.080  2643  2643 I PhoneLab-WiFiReceiver: SSID: UB_Secure BSSID: d0:c2:82:2d:f2:b1 RSSI: -200 LinkSpeed: -1
07-15 17:57:58.080  2643  2643 I PhoneLab-Locks: wake lock acquired
07-15 17:57:58.084  2643  2643 I PhoneLab-UploadLogs: Transfering log files now
07-15 17:57:58.084  2643  2643 I PhoneLab-UploadLogs: No log files to transfer
07-15 17:57:58.084  2643  2643 I PhoneLab-Locks: wake lock released
07-15 17:57:58.088  2643  2643 I PhoneLab-UploadLogs: OnStartCommand
07-15 17:57:58.108   144   196 W NetworkStats: dropping UID delta from unknown iface: iface=wlan0 uid=0 set=DEFAULT tag=0x0 rxBytes=0 rxPackets=0 txBytes=140 txPackets=2 operations=0
07-15 17:57:59.073   144   201 D ConnectivityService: NetTransition Wakelock for WifiStateMachine released by timeout
07-15 17:57:59.319   144   205 D Tethering: MasterInitialState.processMessage what=3
07-15 17:57:59.334   291   291 I GTalkService/c: [AndroidEndpoint@1094321424] connect: acct=1000000, state=CONNECTING
07-15 17:57:59.338   291   291 I GTalkService/c: [GTalkConnection@1094939328] connect: acct=1, state=CONNECTING
07-15 17:57:59.370  2663  2663 I MediaUploader: No need to wake up
07-15 17:57:59.377  2643  2643 I PhoneLab-WiFiReceiver: Wi-Fi is disconnected!
07-15 17:57:59.448  2002  2002 W ContextScopeImpl: thread=1 tried to enter the scope of the application context. Ignored.
07-15 17:57:59.467  1203  1223 D PicasaSyncManager: active network: NetworkInfo: type: WIFI[], state: CONNECTED/CONNECTED, reason: (unspecified), extra: (none), roaming: false, failover: false, isAvailable: true
07-15 17:57:59.467  1203  1223 D PicasaSyncManager: background data: true
07-15 17:58:00.073   346   346 D SAN_SERVICE: *******************************************
07-15 17:58:00.073   346   346 D SAN_SERVICE: DM App Phone Service State - 0
07-15 17:58:00.073   346   346 D SAN_SERVICE: *******************************************
07-15 17:58:00.256   346   346 D SAN_SERVICE: *******************************************
07-15 17:58:00.256   346   346 D SAN_SERVICE: DM App Phone Service State - 0
07-15 17:58:00.256   346   346 D SAN_SERVICE: *******************************************
07-15 17:58:00.319   291   294 D dalvikvm: GC_CONCURRENT freed 473K, 6% free 10551K/11143K, paused 15ms+5ms
07-15 17:58:00.420   144  1167 W ActivityManager: finishReceiver called but no pending broadcasts
07-15 17:58:00.436  3324  3327 D dalvikvm: GC_CONCURRENT freed 682K, 10% free 10800K/11911K, paused 1ms+4ms
07-15 17:58:00.608   215   217 D dalvikvm: GC_CONCURRENT freed 613K, 32% free 9695K/14215K, paused 2ms+2ms
07-15 17:58:00.659   215   217 D dalvikvm: GC_CONCURRENT freed 424K, 32% free 9690K/14215K, paused 2ms+3ms
07-15 17:58:00.803   215   217 D dalvikvm: GC_CONCURRENT freed 358K, 32% free 9721K/14215K, paused 3ms+5ms
07-15 17:58:01.061   346   346 D SAN_SERVICE: *******************************************
07-15 17:58:01.061   346   346 D SAN_SERVICE: DM App Phone Service State - 0
07-15 17:58:01.061   346   346 D SAN_SERVICE: *******************************************
07-15 17:58:01.123   144   205 D Tethering: MasterInitialState.processMessage what=3
07-15 17:58:01.217  2663  2663 I MediaUploader: No need to wake up
07-15 17:58:01.288  2002  2002 W ContextScopeImpl: thread=1 tried to enter the scope of the application context. Ignored.
07-15 17:58:01.303  1203  1223 D PicasaSyncManager: active network: NetworkInfo: type: WIFI[], state: CONNECTED/CONNECTED, reason: (unspecified), extra: (none), roaming: false, failover: false, isAvailable: true
07-15 17:58:01.307  1203  1223 D PicasaSyncManager: background data: true
07-15 17:58:01.690   144   201 D ConnectivityService: handleInetConditionHoldEnd: net=1, condition=100, published condition=0
07-15 17:58:02.354   144   201 D ConnectivityService: handleInetConditionHoldEnd: net=1, condition=100, published condition=100
07-15 17:58:02.592   144   201 D ConnectivityService: ConnectivityChange for mobile: CONNECTED/CONNECTED
07-15 17:58:02.616   144   201 D NetUtils: android_net_utils_resetConnections in env=0x1d93420 clazz=0xec00001 iface=rmnet0 mask=0x3
07-15 17:58:02.616   144   201 D ConnectivityService: ConnectivityChange for mobile: DISCONNECTED/DISCONNECTED
07-15 17:58:02.616   144   201 D ConnectivityService: Attempting to switch to WIFI
07-15 17:58:02.616   144   201 D ConnectivityService: Attempting to switch to WIMAX
07-15 17:58:02.616   144   201 D ConnectivityService: Attempting to switch to BLUETOOTH_TETHER
07-15 17:58:02.616   144   201 D ConnectivityService: resetConnections(rmnet0, 3)
07-15 17:58:02.776   144   146 D dalvikvm: GC_CONCURRENT freed 1706K, 11% free 15500K/17287K, paused 3ms+7ms
07-15 17:58:04.334   144   156 D dalvikvm: GC_EXPLICIT freed 496K, 12% free 15370K/17287K, paused 3ms+5ms
07-15 17:58:05.690   144   205 D Tethering: MasterInitialState.processMessage what=3
07-15 17:58:05.721   144   205 D Tethering: MasterInitialState.processMessage what=3
07-15 17:58:05.811  2663  2663 I MediaUploader: No need to wake up
07-15 17:58:05.893  2002  2002 W ContextScopeImpl: thread=1 tried to enter the scope of the application context. Ignored.
07-15 17:58:05.897  1203  1223 D PicasaSyncManager: active network: NetworkInfo: type: WIFI[], state: CONNECTED/CONNECTED, reason: (unspecified), extra: (none), roaming: false, failover: false, isAvailable: true
07-15 17:58:05.897  1203  1223 D PicasaSyncManager: background data: true
07-15 17:58:05.936   291   294 D dalvikvm: GC_CONCURRENT freed 456K, 6% free 10505K/11143K, paused 2ms+4ms
07-15 17:58:05.963  2663  2663 I MediaUploader: No need to wake up
07-15 17:58:06.034  2002  2002 W ContextScopeImpl: thread=1 tried to enter the scope of the application context. Ignored.
07-15 17:58:06.041  1203  1223 D PicasaSyncManager: active network: NetworkInfo: type: WIFI[], state: CONNECTED/CONNECTED, reason: (unspecified), extra: (none), roaming: false, failover: false, isAvailable: true
07-15 17:58:06.041  1203  1223 D PicasaSyncManager: background data: true
07-15 17:58:06.229   144   201 D ConnectivityService: handleInetConditionHoldEnd: net=1, condition=100, published condition=100
07-15 17:58:29.171  3324  3327 D dalvikvm: GC_CONCURRENT freed 859K, 13% free 10436K/11911K, paused 2ms+3ms
07-15 17:58:29.324  1351  1353 D dalvikvm: GC_CONCURRENT freed 409K, 7% free 10371K/11143K, paused 1ms+3ms
07-15 17:58:37.011   275   275 I wpa_supplicant: wlan0: CTRL-EVENT-DISCONNECTED bssid=d0:c2:82:2d:f2:b1 reason=0
07-15 17:58:37.011    75   117 D CommandListener: Clearing all IP addresses on wlan0
07-15 17:58:37.027   144   201 D ConnectivityService: ConnectivityChange for WIFI: DISCONNECTED/DISCONNECTED
07-15 17:58:37.039   144   201 D ConnectivityService: Attempting to switch to mobile
07-15 17:58:37.039   144   201 D ConnectivityService: Attempting to switch to WIMAX
07-15 17:58:37.039   144   201 D ConnectivityService: Attempting to switch to BLUETOOTH_TETHER
07-15 17:58:37.043   144   201 E ConnectivityService: Exception trying to remove a route: java.lang.IllegalStateException: Unable to communicate with native dameon to add routes - com.android.server.NativeDaemonConnectorException: Cmd {interface route remove wlan0 default 67.20.213.254 32 0.0.0.0} failed with code 400 : {Failed to remove route from default table (No such process)}
07-15 17:58:37.043   144   201 E ConnectivityService: Exception trying to remove a route: java.lang.IllegalStateException: Unable to communicate with native dameon to add routes - com.android.server.NativeDaemonConnectorException: Cmd {interface route remove wlan0 default 0.0.0.0 0 67.20.213.254} failed with code 400 : {Failed to remove route from default table (No such process)}
07-15 17:58:37.047   144   201 D NetUtils: android_net_utils_resetConnections in env=0x1d93420 clazz=0x1c000001 iface=wlan0 mask=0x3
07-15 17:58:37.047   144   201 D ConnectivityService: resetConnections(wlan0, 3)
07-15 17:58:37.148   291  4305 W Smack/Packet: notify conn break (IOEx), close connection
07-15 17:58:37.304   291  4305 I qtaguid : Failed write_ctrl(u 83) res=-1 errno=22
07-15 17:58:37.308   291  4305 I qtaguid : Untagging socket 83 failed errno=-22
07-15 17:58:37.308   291  4305 W NetworkManagementSocketTagger: untagSocket(83) failed with errno -22
07-15 17:58:37.324   144   201 D ConnectivityService: handleInetConditionChange: no active default network - ignore
07-15 17:58:37.605   275   275 I wpa_supplicant: wlan0: Trying to associate with d0:c2:82:2d:f2:a1 (SSID='UB_Secure' freq=2462 MHz)
07-15 17:58:37.754   275   275 I wpa_supplicant: wlan0: Associated with d0:c2:82:2d:f2:a1
07-15 17:58:37.754   275   275 I wpa_supplicant: wlan0: CTRL-EVENT-EAP-STARTED EAP authentication started
07-15 17:58:37.757   275   275 I wpa_supplicant: wlan0: CTRL-EVENT-EAP-PROPOSED-METHOD vendor=0 method=4 -> NAK
07-15 17:58:37.765   275   275 I wpa_supplicant: wlan0: CTRL-EVENT-EAP-PROPOSED-METHOD vendor=0 method=25
07-15 17:58:37.765   275   275 I wpa_supplicant: wlan0: CTRL-EVENT-EAP-METHOD EAP vendor 0 method 25 (PEAP) selected
07-15 17:58:37.828   275   275 I wpa_supplicant: wlan0: CTRL-EVENT-EAP-PEER-CERT depth=2 subject='/C=US/O=Entrust.net/OU=www.entrust.net/CPS incorp. by ref. (limits liab.)/OU=(c) 1999 Entrust.net Limited/CN=Entrust.net Secure Server Certification Authority'
07-15 17:58:37.828   275   275 I wpa_supplicant: wlan0: CTRL-EVENT-EAP-PEER-CERT depth=2 subject='/C=US/O=Entrust.net/OU=www.entrust.net/CPS incorp. by ref. (limits liab.)/OU=(c) 1999 Entrust.net Limited/CN=Entrust.net Secure Server Certification Authority'
07-15 17:58:37.828   275   275 I wpa_supplicant: wlan0: CTRL-EVENT-EAP-PEER-CERT depth=1 subject='/C=US/ST=UT/L=Salt Lake City/O=The USERTRUST Network/CN=USERTrust Legacy Secure Server CA'
07-15 17:58:37.832   275   275 I wpa_supplicant: wlan0: CTRL-EVENT-EAP-PEER-CERT depth=0 subject='/C=US/postalCode=14260/ST=New York/L=Buffalo/street=305 Computing Center/O=SUNY AT BUFFALO/OU=Office of the President/OU=Issued through UNIVERSITY AT BUFFALO E-PKI Manager/OU=PremiumSSL Legacy/CN=ubsecure.acsu.buffalo.edu'
07-15 17:58:37.988   275   275 I wpa_supplicant: EAP-MSCHAPV2: Authentication succeeded
07-15 17:58:37.996   275   275 I wpa_supplicant: EAP-TLV: TLV Result - Success - EAP-TLV/Phase2 Completed
07-15 17:58:38.004   275   275 I wpa_supplicant: wlan0: CTRL-EVENT-EAP-SUCCESS EAP authentication completed successfully
07-15 17:58:38.054   275   275 I wpa_supplicant: wlan0: WPA: Key negotiation completed with d0:c2:82:2d:f2:a1 [PTK=CCMP GTK=TKIP]
07-15 17:58:38.058   275   275 I wpa_supplicant: wlan0: CTRL-EVENT-CONNECTED - Connection to d0:c2:82:2d:f2:a1 completed (reauth) [id=0 id_str=]
07-15 17:58:38.757   144   201 D ConnectivityService: ConnectivityChange for WIFI: CONNECTED/CONNECTED
07-15 17:58:38.781  2643  2643 I PhoneLab-WiFiReceiver: Wi-Fi is connected!
07-15 17:58:38.781  2643  2643 I PhoneLab-WiFiReceiver: SSID: UB_Secure BSSID: d0:c2:82:2d:f2:a1 RSSI: -200 LinkSpeed: -1
07-15 17:58:38.781  2643  2643 I PhoneLab-Locks: wake lock acquired
07-15 17:58:38.785  2643  2643 I PhoneLab-UploadLogs: Transfering log files now
07-15 17:58:38.785  2643  2643 I PhoneLab-UploadLogs: No log files to transfer
07-15 17:58:38.785  2643  2643 I PhoneLab-Locks: wake lock released
07-15 17:58:38.789  2643  2643 I PhoneLab-UploadLogs: OnStartCommand
07-15 17:58:38.800   144   196 W NetworkStats: dropping UID delta from unknown iface: iface=wlan0 uid=0 set=DEFAULT tag=0x0 rxBytes=0 rxPackets=0 txBytes=76 txPackets=1 operations=0
07-15 17:58:39.761   144   201 D ConnectivityService: NetTransition Wakelock for WifiStateMachine released by timeout
07-15 17:58:40.242   144   205 D Tethering: MasterInitialState.processMessage what=3
07-15 17:58:40.261   291   291 I GTalkService/c: [AndroidEndpoint@1094321424] connect: acct=1000000, state=CONNECTING
07-15 17:58:40.265   291   291 I GTalkService/c: [GTalkConnection@1094939328] connect: acct=1, state=CONNECTING
07-15 17:58:40.304  2663  2663 I MediaUploader: No need to wake up
07-15 17:58:40.308  2643  2643 I PhoneLab-WiFiReceiver: Wi-Fi is disconnected!
07-15 17:58:40.410  1203  1223 D PicasaSyncManager: active network: NetworkInfo: type: WIFI[], state: CONNECTED/CONNECTED, reason: (unspecified), extra: (none), roaming: false, failover: false, isAvailable: true
07-15 17:58:40.441  2002  2002 W ContextScopeImpl: thread=1 tried to enter the scope of the application context. Ignored.
07-15 17:58:40.461  1203  1223 D PicasaSyncManager: background data: true
07-15 17:58:40.465   144   146 D dalvikvm: GC_CONCURRENT freed 1381K, 11% free 15476K/17287K, paused 3ms+7ms
07-15 17:58:41.836   144   205 D Tethering: MasterInitialState.processMessage what=3
07-15 17:58:41.894  2663  2663 I MediaUploader: No need to wake up
07-15 17:58:41.965  2002  2002 W ContextScopeImpl: thread=1 tried to enter the scope of the application context. Ignored.
07-15 17:58:41.972  1203  1223 D PicasaSyncManager: active network: NetworkInfo: type: WIFI[], state: CONNECTED/CONNECTED, reason: (unspecified), extra: (none), roaming: false, failover: false, isAvailable: true
07-15 17:58:41.976  1203  1223 D PicasaSyncManager: background data: true
07-15 17:58:42.047  2599  2602 D dalvikvm: GC_CONCURRENT freed 409K, 6% free 9327K/9863K, paused 2ms+3ms
07-15 17:58:42.394   346   346 D SAN_SERVICE: *******************************************
07-15 17:58:42.394   346   346 D SAN_SERVICE: DM App Phone Service State - 0
07-15 17:58:42.394   346   346 D SAN_SERVICE: *******************************************
07-15 17:58:42.410   346   348 D dalvikvm: GC_CONCURRENT freed 425K, 6% free 9505K/10055K, paused 7ms+3ms
07-15 17:58:43.468   291   912 E GTalkService: connectionClosed: no XMPPConnection - That's strange!
07-15 17:58:43.722   291   912 E GTalkService: connectionClosed: no XMPPConnection - That's strange!
07-15 17:58:46.144   275   275 I wpa_supplicant: wlan0: CTRL-EVENT-DISCONNECTED bssid=d0:c2:82:2d:f2:a1 reason=0
07-15 17:58:46.160    75   117 D CommandListener: Clearing all IP addresses on wlan0
07-15 17:58:46.203   144   201 D ConnectivityService: ConnectivityChange for WIFI: DISCONNECTED/DISCONNECTED
07-15 17:58:46.203   144   201 D ConnectivityService: Attempting to switch to mobile
07-15 17:58:46.203   144   201 D ConnectivityService: Attempting to switch to WIMAX
07-15 17:58:46.203   144   201 D ConnectivityService: Attempting to switch to BLUETOOTH_TETHER
07-15 17:58:46.211   144   201 D NetUtils: android_net_utils_resetConnections in env=0x1d93420 clazz=0x32400001 iface=wlan0 mask=0x3
07-15 17:58:46.211   144   201 E ConnectivityService: Exception trying to remove a route: java.lang.IllegalStateException: Unable to communicate with native dameon to add routes - com.android.server.NativeDaemonConnectorException: Cmd {interface route remove wlan0 default 67.20.213.254 32 0.0.0.0} failed with code 400 : {Failed to remove route from default table (No such process)}
07-15 17:58:46.211   144   201 E ConnectivityService: Exception trying to remove a route: java.lang.IllegalStateException: Unable to communicate with native dameon to add routes - com.android.server.NativeDaemonConnectorException: Cmd {interface route remove wlan0 default 0.0.0.0 0 67.20.213.254} failed with code 400 : {Failed to remove route from default table (No such process)}
07-15 17:58:46.211   144   201 D ConnectivityService: resetConnections(wlan0, 3)
07-15 17:58:46.476   144   201 D ConnectivityService: handleInetConditionHoldEnd: net=1, condition=0, published condition=0
07-15 17:58:46.476   144   201 D ConnectivityService: handleInetConditionHoldEnd: no active default network - ignoring
07-15 17:58:46.750   275   275 I wpa_supplicant: wlan0: Trying to associate with d0:c2:82:2d:ea:c1 (SSID='UB_Secure' freq=2462 MHz)
07-15 17:58:46.785   275   275 I wpa_supplicant: wlan0: Associated with d0:c2:82:2d:ea:c1
07-15 17:58:46.785   275   275 I wpa_supplicant: wlan0: CTRL-EVENT-EAP-STARTED EAP authentication started
07-15 17:58:46.789   275   275 I wpa_supplicant: wlan0: CTRL-EVENT-EAP-PROPOSED-METHOD vendor=0 method=4 -> NAK
07-15 17:58:46.793   275   275 I wpa_supplicant: wlan0: CTRL-EVENT-EAP-PROPOSED-METHOD vendor=0 method=25
07-15 17:58:46.793   275   275 I wpa_supplicant: wlan0: CTRL-EVENT-EAP-METHOD EAP vendor 0 method 25 (PEAP) selected
07-15 17:58:46.840   275   275 I wpa_supplicant: wlan0: CTRL-EVENT-EAP-PEER-CERT depth=2 subject='/C=US/O=Entrust.net/OU=www.entrust.net/CPS incorp. by ref. (limits liab.)/OU=(c) 1999 Entrust.net Limited/CN=Entrust.net Secure Server Certification Authority'
07-15 17:58:46.840   275   275 I wpa_supplicant: wlan0: CTRL-EVENT-EAP-PEER-CERT depth=2 subject='/C=US/O=Entrust.net/OU=www.entrust.net/CPS incorp. by ref. (limits liab.)/OU=(c) 1999 Entrust.net Limited/CN=Entrust.net Secure Server Certification Authority'
07-15 17:58:46.840   275   275 I wpa_supplicant: wlan0: CTRL-EVENT-EAP-PEER-CERT depth=1 subject='/C=US/ST=UT/L=Salt Lake City/O=The USERTRUST Network/CN=USERTrust Legacy Secure Server CA'
07-15 17:58:46.843   275   275 I wpa_supplicant: wlan0: CTRL-EVENT-EAP-PEER-CERT depth=0 subject='/C=US/postalCode=14260/ST=New York/L=Buffalo/street=305 Computing Center/O=SUNY AT BUFFALO/OU=Office of the President/OU=Issued through UNIVERSITY AT BUFFALO E-PKI Manager/OU=PremiumSSL Legacy/CN=ubsecure.acsu.buffalo.edu'
07-15 17:58:46.988   275   275 I wpa_supplicant: EAP-MSCHAPV2: Authentication succeeded
07-15 17:58:46.992   275   275 I wpa_supplicant: EAP-TLV: TLV Result - Success - EAP-TLV/Phase2 Completed
07-15 17:58:46.996   275   275 I wpa_supplicant: wlan0: CTRL-EVENT-EAP-SUCCESS EAP authentication completed successfully
07-15 17:58:47.023   275   275 I wpa_supplicant: wlan0: WPA: Key negotiation completed with d0:c2:82:2d:ea:c1 [PTK=CCMP GTK=TKIP]
07-15 17:58:47.023   275   275 I wpa_supplicant: wlan0: CTRL-EVENT-CONNECTED - Connection to d0:c2:82:2d:ea:c1 completed (reauth) [id=0 id_str=]
07-15 17:58:47.746   144   201 D ConnectivityService: ConnectivityChange for WIFI: CONNECTED/CONNECTED
07-15 17:58:47.769  2643  2643 I PhoneLab-WiFiReceiver: Wi-Fi is connected!
07-15 17:58:47.769  2643  2643 I PhoneLab-WiFiReceiver: SSID: UB_Secure BSSID: d0:c2:82:2d:ea:c1 RSSI: -200 LinkSpeed: -1
07-15 17:58:47.769  2643  2643 I PhoneLab-Locks: wake lock acquired
07-15 17:58:47.773  2643  2643 I PhoneLab-UploadLogs: Transfering log files now
07-15 17:58:47.777  2643  2643 I PhoneLab-UploadLogs: No log files to transfer
07-15 17:58:47.777  2643  2643 I PhoneLab-Locks: wake lock released
07-15 17:58:47.777  2643  2643 I PhoneLab-UploadLogs: OnStartCommand
07-15 17:58:47.785   144   196 W NetworkStats: dropping UID delta from unknown iface: iface=wlan0 uid=0 set=DEFAULT tag=0x0 rxBytes=0 rxPackets=0 txBytes=76 txPackets=1 operations=0
07-15 17:58:48.738   346   346 D SAN_SERVICE: *******************************************
07-15 17:58:48.738   346   346 D SAN_SERVICE: DM App Phone Service State - 0
07-15 17:58:48.738   346   346 D SAN_SERVICE: *******************************************
07-15 17:58:48.746   144   201 D ConnectivityService: NetTransition Wakelock for WifiStateMachine released by timeout
07-15 17:58:49.246   144   205 D Tethering: MasterInitialState.processMessage what=3
07-15 17:58:49.293   291   291 I GTalkService/c: [AndroidEndpoint@1094321424] connect: acct=1000000, state=CONNECTING
07-15 17:58:49.297   291   291 I GTalkService/c: [GTalkConnection@1094939328] connect: acct=1, state=CONNECTING
07-15 17:58:49.324  2663  2663 I MediaUploader: No need to wake up
07-15 17:58:49.328  2643  2643 I PhoneLab-WiFiReceiver: Wi-Fi is disconnected!
07-15 17:58:49.410  1203  1223 D PicasaSyncManager: active network: NetworkInfo: type: WIFI[], state: CONNECTED/CONNECTED, reason: (unspecified), extra: (none), roaming: false, failover: false, isAvailable: true
07-15 17:58:49.414  2002  2002 W ContextScopeImpl: thread=1 tried to enter the scope of the application context. Ignored.
07-15 17:58:49.422  1203  1223 D PicasaSyncManager: background data: true
07-15 17:58:49.453  2002  2005 D dalvikvm: GC_CONCURRENT freed 384K, 5% free 10119K/10631K, paused 9ms+12ms
07-15 17:58:50.125   291   294 D dalvikvm: GC_CONCURRENT freed 432K, 7% free 10460K/11143K, paused 2ms+3ms
07-15 17:58:50.804   144   205 D Tethering: MasterInitialState.processMessage what=3
07-15 17:58:50.902  2663  2663 I MediaUploader: No need to wake up
07-15 17:58:50.980   144   146 D dalvikvm: GC_CONCURRENT freed 1533K, 11% free 15454K/17287K, paused 3ms+6ms
07-15 17:58:51.047  1203  1223 D PicasaSyncManager: active network: NetworkInfo: type: WIFI[], state: CONNECTED/CONNECTED, reason: (unspecified), extra: (none), roaming: false, failover: false, isAvailable: true
07-15 17:58:51.047  1203  1223 D PicasaSyncManager: background data: true
07-15 17:58:51.086  2002  2002 W ContextScopeImpl: thread=1 tried to enter the scope of the application context. Ignored.
07-15 17:58:51.125  1269  1271 D dalvikvm: GC_CONCURRENT freed 553K, 6% free 10910K/11591K, paused 2ms+4ms
07-15 17:58:51.179   346   839 D dalvikvm: GC_EXPLICIT freed 74K, 6% free 9474K/10055K, paused 2ms+6ms
07-15 17:58:52.097   144   201 D ConnectivityService: handleInetConditionHoldEnd: net=1, condition=100, published condition=0
07-15 17:58:52.304   346   346 D SAN_SERVICE: *******************************************
07-15 17:58:52.304   346   346 D SAN_SERVICE: DM App Phone Service State - 0
07-15 17:58:52.304   346   346 D SAN_SERVICE: *******************************************
07-15 17:58:52.601   346   346 D SAN_SERVICE: *******************************************
07-15 17:58:52.601   346   346 D SAN_SERVICE: DM App Phone Service State - 0
07-15 17:58:52.601   346   346 D SAN_SERVICE: *******************************************
07-15 17:58:52.879   346   346 D SAN_SERVICE: *******************************************
07-15 17:58:52.879   346   346 D SAN_SERVICE: DM App Phone Service State - 0
07-15 17:58:52.879   346   346 D SAN_SERVICE: *******************************************
07-15 17:58:54.031  3324  3327 D dalvikvm: GC_CONCURRENT freed 442K, 13% free 10451K/11911K, paused 2ms+3ms
07-15 17:58:54.070   291   912 D dalvikvm: GC_EXPLICIT freed 311K, 7% free 10456K/11143K, paused 2ms+3ms
07-15 17:58:54.500   144   155 D dalvikvm: GC_EXPLICIT freed 313K, 11% free 15425K/17287K, paused 2ms+5ms
07-15 17:58:55.738   346   346 D SAN_SERVICE: *******************************************
07-15 17:58:55.738   346   346 D SAN_SERVICE: DM App Phone Service State - 0
07-15 17:58:55.738   346   346 D SAN_SERVICE: *******************************************
07-15 17:58:58.336   144   201 D ConnectivityService: ConnectivityChange for mobile: CONNECTED/CONNECTED
07-15 17:58:58.363   144   201 D NetUtils: android_net_utils_resetConnections in env=0x1d93420 clazz=0x47100001 iface=rmnet0 mask=0x3
07-15 17:58:58.363   144   201 D ConnectivityService: ConnectivityChange for mobile: DISCONNECTED/DISCONNECTED
07-15 17:58:58.363   144   201 D ConnectivityService: Attempting to switch to WIFI
07-15 17:58:58.363   144   201 D ConnectivityService: Attempting to switch to WIMAX
07-15 17:58:58.363   144   201 D ConnectivityService: Attempting to switch to BLUETOOTH_TETHER
07-15 17:58:58.363   144   201 D ConnectivityService: resetConnections(rmnet0, 3)
07-15 17:58:59.836   144   388 D AlarmManagerService: Kernel timezone updated to 240 minutes west of GMT
07-15 17:59:00.840   144  1167 D AlarmManagerService: Kernel timezone updated to 240 minutes west of GMT
07-15 17:59:01.410   144   205 D Tethering: MasterInitialState.processMessage what=3
07-15 17:59:01.449   144   205 D Tethering: MasterInitialState.processMessage what=3
07-15 17:59:01.484  2663  2663 I MediaUploader: No need to wake up
07-15 17:59:01.558  2002  2002 W ContextScopeImpl: thread=1 tried to enter the scope of the application context. Ignored.
07-15 17:59:01.601  1203  1223 D PicasaSyncManager: active network: NetworkInfo: type: WIFI[], state: CONNECTED/CONNECTED, reason: (unspecified), extra: (none), roaming: false, failover: false, isAvailable: true
07-15 17:59:01.605  1203  1223 D PicasaSyncManager: background data: true
07-15 17:59:01.613  2663  2663 I MediaUploader: No need to wake up
07-15 17:59:01.668  1203  1223 D PicasaSyncManager: active network: NetworkInfo: type: WIFI[], state: CONNECTED/CONNECTED, reason: (unspecified), extra: (none), roaming: false, failover: false, isAvailable: true
07-15 17:59:01.683  2002  2002 W ContextScopeImpl: thread=1 tried to enter the scope of the application context. Ignored.
07-15 17:59:01.691  1203  1223 D PicasaSyncManager: background data: true
07-15 17:59:04.004   144   201 D ConnectivityService: handleInetConditionHoldEnd: net=1, condition=100, published condition=100
07-15 17:59:08.828   144   155 D AlarmManagerService: Kernel timezone updated to 240 minutes west of GMT
07-15 17:59:09.828   144   342 D AlarmManagerService: Kernel timezone updated to 240 minutes west of GMT
07-15 17:59:15.636   144   155 D AlarmManagerService: Kernel timezone updated to 240 minutes west of GMT
07-15 17:59:19.222  2536  4412 I Gmail   : MainSyncRequestProto: lowestBkwdConvoId: 0, highestHandledServerOp: 3316523, normalSync: true
07-15 17:59:19.945   346   346 D SAN_SERVICE: *******************************************
07-15 17:59:19.945   346   346 D SAN_SERVICE: DM App Phone Service State - 0
07-15 17:59:19.945   346   346 D SAN_SERVICE: *******************************************
07-15 17:59:21.336  2536  2539 D dalvikvm: GC_CONCURRENT freed 432K, 6% free 9699K/10247K, paused 6ms+2ms
07-15 17:59:21.539  2536  4412 D dalvikvm: GC_EXPLICIT freed 122K, 6% free 9692K/10247K, paused 15ms+3ms
07-15 17:59:21.543  2536  4412 I Gmail   : MainSyncRequestProto: lowestBkwdConvoId: 0, highestHandledServerOp: 3316553, normalSync: true
07-15 17:59:21.953   144   388 D AlarmManagerService: Kernel timezone updated to 240 minutes west of GMT
07-15 17:59:22.445  2536  4412 D dalvikvm: GC_EXPLICIT freed 78K, 6% free 9708K/10247K, paused 2ms+3ms
07-15 17:59:22.449  2536  4412 I Gmail   : MainSyncRequestProto: lowestBkwdConvoId: 0, highestHandledServerOp: 3316553, normalSync: true
07-15 17:59:22.453  2536  4412 I Gmail   : lowestBackward conversation id 0
07-15 17:59:22.461  2536  4412 W Gmail   : Scheduling index for 300000 ms from now
07-15 17:59:29.281  1351  1353 D dalvikvm: GC_CONCURRENT freed 517K, 7% free 10365K/11143K, paused 2ms+3ms
07-15 17:59:44.386   144   144 D AlarmManagerService: Kernel timezone updated to 240 minutes west of GMT
07-15 17:59:44.836   346   346 D SAN_SERVICE: *******************************************
07-15 17:59:44.836   346   346 D SAN_SERVICE: DM App Phone Service State - 0
07-15 17:59:44.836   346   346 D SAN_SERVICE: *******************************************
07-15 17:59:46.027   144   146 D dalvikvm: GC_CONCURRENT freed 1535K, 11% free 15495K/17287K, paused 2ms+7ms
07-15 17:59:46.035   144   160 I power   : *** set_screen_state 1
07-15 17:59:46.070   215   215 W PowerUI : unknown intent: Intent { act=android.intent.action.ACTION_POWER_CONNECTED flg=0x10000010 }
07-15 17:59:46.105  2643  2643 I PhoneLab-PowerOnReceiver: Power is plugged in!
07-15 17:59:46.105  2643  2643 I PhoneLab-PowerOnReceiver: Rescheduling periodic checking...
07-15 17:59:46.125   144   176 I WindowManager: Lock screen displayed!
07-15 17:59:46.218  2643  2643 I PhoneLab-Locks: wake lock acquired
07-15 17:59:46.226    78   123 D SurfaceFlinger: Screen about to return, flinger = 0x16bd918
07-15 17:59:46.273  2643  2643 I PhoneLab-UploadLogs: Transfering log files now
07-15 17:59:46.273  2643  2643 I PhoneLab-UploadLogs: No log files to transfer
07-15 17:59:46.273  2643  2643 I PhoneLab-Locks: wake lock released
07-15 17:59:46.277  2643  2643 I PhoneLab-UploadLogs: OnStartCommand
07-15 17:59:47.539  2681  2683 D dalvikvm: GC_CONCURRENT freed 429K, 6% free 10724K/11399K, paused 5ms+12ms
07-15 17:59:48.375  2681  2683 D dalvikvm: GC_CONCURRENT freed 430K, 6% free 10784K/11399K, paused 11ms+3ms
07-15 17:59:48.601  3324  3327 D dalvikvm: GC_CONCURRENT freed 385K, 13% free 10453K/11911K, paused 2ms+3ms
07-15 17:59:51.390  2643  2656 I PhoneLab-: Service Running
07-15 17:59:51.511  2643  2645 D dalvikvm: GC_CONCURRENT freed 398K, 15% free 9152K/10695K, paused 8ms+4ms
07-15 17:59:51.515  2643  2656 I PhoneLab-LoggerService: app_37    1395  1     1432   1064  c00f181c 400107b4 S logcat
07-15 17:59:51.515  2643  2656 I PhoneLab-LoggerService: Logcat pid from database 1395
07-15 17:59:51.515  2643  2656 I PhoneLab-LoggerService: Logcat process found 1395
07-15 17:59:51.515  2643  2656 I PhoneLab-LoggerService: Checking Threshold
07-15 17:59:56.257  2643  2643 I PhoneLab-Locks: wake lock acquired
07-15 17:59:56.265  2643  4429 I PhoneLab-PeriodicCheckService: User info is synched
07-15 17:59:56.269  2643  4429 I PhoneLab-PeriodicCheckService: Logger Service is running
07-15 17:59:56.273  2643  2643 I PhoneLab-Locks: wake lock acquired
07-15 17:59:56.277  2643  2643 I PhoneLab-StatusMonitor: Status Monitoring is started
07-15 17:59:56.281  2643  4429 I PhoneLab-Locks: wake lock acquired
07-15 17:59:56.281  2643  4429 I PhoneLab-PeriodicCheckService: Rescheduling periodic checking...
07-15 17:59:56.285  2643  4429 I PhoneLab-Locks: wake lock released
07-15 17:59:56.285  2643  2643 E PhoneLab-PhoneLabManifest: java.io.FileNotFoundException: /data/data/edu.buffalo.cse.phonelab.phonelabservices/files/manifest.xml: open failed: ENOENT (No such file or directory)
07-15 17:59:56.285  2643  2643 I PhoneLab-Locks: wake lock released
07-15 17:59:56.289  2643  2643 I PhoneLab-UploadLogs: Transfering log files now
07-15 17:59:56.289  2643  2643 I PhoneLab-UploadLogs: No log files to transfer
07-15 17:59:56.289  2643  2643 I PhoneLab-Locks: wake lock released
07-15 17:59:56.289  2643  2643 I PhoneLab-UploadLogs: OnStartCommand
07-15 18:00:19.355   144   169 I ActivityManager: Start proc com.google.android.apps.currents for service com.google.android.apps.currents/com.google.apps.dots.android.app.service.SyncService: pid=4430 uid=10078 gids={3003, 1015}
07-15 18:00:19.398    79    79 D dalvikvm: GC_EXPLICIT freed 37K, 4% free 9027K/9347K, paused 2ms+2ms
07-15 18:00:19.433    79    79 D dalvikvm: GC_EXPLICIT freed <1K, 4% free 9027K/9347K, paused 2ms+9ms
07-15 18:00:19.480    79    79 D dalvikvm: GC_EXPLICIT freed <1K, 4% free 9027K/9347K, paused 2ms+6ms
07-15 18:00:19.652  4430  4430 I ActivityThread: Pub com.google.apps.dots.android.app.provider.SuggestionProvider: com.google.apps.dots.android.app.provider.SuggestionProvider
07-15 18:00:19.660  4430  4430 I ActivityThread: Pub com.google.android.apps.currents.exported: com.google.apps.dots.android.app.provider.ExportedContentProvider
07-15 18:00:19.754  4430  4433 D dalvikvm: GC_CONCURRENT freed 182K, 3% free 9349K/9607K, paused 2ms+2ms
07-15 18:00:19.820  4430  4433 D dalvikvm: GC_CONCURRENT freed 267K, 5% free 9581K/9991K, paused 2ms+2ms
07-15 18:00:19.933  4430  4433 D dalvikvm: GC_CONCURRENT freed 229K, 4% free 9827K/10183K, paused 2ms+2ms
07-15 18:00:20.058  4430  4433 D dalvikvm: GC_CONCURRENT freed 239K, 4% free 10084K/10439K, paused 2ms+2ms
07-15 18:00:20.101  4430  4430 I DotsContentUris: content://com.google.android.apps.currents
07-15 18:00:20.109  4430  4430 I ActivityThread: Pub com.google.android.apps.currents: com.google.apps.dots.android.app.provider.DotsContentProvider
07-15 18:00:20.121  4430  4430 I DotsApplication: Starting up...
07-15 18:00:20.355  4430  4433 D dalvikvm: GC_CONCURRENT freed 431K, 6% free 10127K/10695K, paused 3ms+3ms
07-15 18:00:20.539  4430  4433 D dalvikvm: GC_CONCURRENT freed 281K, 4% free 10325K/10695K, paused 2ms+2ms
07-15 18:00:20.554  4430  4449 I SyncService: Starting sync (18:00:20)
07-15 18:00:22.535  4430  4433 D dalvikvm: GC_CONCURRENT freed 288K, 4% free 10469K/10887K, paused 2ms+3ms
07-15 18:00:22.773   144   378 D AlarmManagerService: Kernel timezone updated to 240 minutes west of GMT
07-15 18:00:22.781  4430  4433 D dalvikvm: GC_CONCURRENT freed 220K, 4% free 10660K/11015K, paused 2ms+8ms
07-15 18:00:22.890  4430  4433 D dalvikvm: GC_CONCURRENT freed 432K, 6% free 10741K/11335K, paused 2ms+3ms
07-15 18:00:23.160  4430  4433 D dalvikvm: GC_CONCURRENT freed 510K, 6% free 10689K/11335K, paused 2ms+2ms
07-15 18:00:23.613   144   342 D SyncManager: setSyncAutomatically: , provider com.google.android.apps.currents -> true
07-15 18:00:23.613   144   342 D SyncManager: setSyncAutomatically: already set to true, doing nothing
07-15 18:00:23.836  4430  4433 D dalvikvm: GC_CONCURRENT freed 334K, 5% free 10796K/11335K, paused 2ms+3ms
07-15 18:00:23.863   144   388 D AlarmManagerService: Kernel timezone updated to 240 minutes west of GMT
07-15 18:00:23.894   346   346 D SAN_SERVICE: *******************************************
07-15 18:00:23.894   346   346 D SAN_SERVICE: DM App Phone Service State - 0
07-15 18:00:23.894   346   346 D SAN_SERVICE: *******************************************
07-15 18:00:24.082   144  1167 D dalvikvm: GC_EXPLICIT freed 717K, 11% free 15464K/17287K, paused 3ms+6ms
07-15 18:00:24.172  4430  4433 D dalvikvm: GC_CONCURRENT freed 255K, 4% free 11078K/11463K, paused 2ms+3ms
07-15 18:00:24.328  4430  4433 D dalvikvm: GC_CONCURRENT freed 248K, 4% free 11400K/11783K, paused 2ms+3ms
07-15 18:00:24.547  4430  4433 D dalvikvm: GC_CONCURRENT freed 1009K, 10% free 11094K/12231K, paused 2ms+3ms
07-15 18:00:24.683  4430  4433 D dalvikvm: GC_CONCURRENT freed 449K, 9% free 11210K/12231K, paused 2ms+3ms
07-15 18:00:25.097  4430  4433 D dalvikvm: GC_CONCURRENT freed 549K, 8% free 11264K/12231K, paused 3ms+2ms
07-15 18:00:25.965  4430  4433 D dalvikvm: GC_CONCURRENT freed 582K, 8% free 11303K/12231K, paused 2ms+3ms
07-15 18:00:26.136  4430  4433 D dalvikvm: GC_CONCURRENT freed 645K, 8% free 11298K/12231K, paused 2ms+3ms
07-15 18:00:26.308  4430  4433 D dalvikvm: GC_CONCURRENT freed 621K, 8% free 11327K/12231K, paused 2ms+2ms
07-15 18:00:27.246  4430  4433 D dalvikvm: GC_CONCURRENT freed 614K, 8% free 11357K/12231K, paused 2ms+3ms
07-15 18:00:28.039  4430  4433 D dalvikvm: GC_CONCURRENT freed 712K, 8% free 11296K/12231K, paused 2ms+3ms
07-15 18:00:28.222  4430  4433 D dalvikvm: GC_CONCURRENT freed 610K, 8% free 11319K/12231K, paused 2ms+2ms
07-15 18:00:28.379  4430  4433 D dalvikvm: GC_CONCURRENT freed 623K, 8% free 11345K/12231K, paused 2ms+2ms
07-15 18:00:29.195   144   378 D dalvikvm: GC_EXPLICIT freed 238K, 11% free 15418K/17287K, paused 14ms+6ms
07-15 18:00:29.425   144   201 D ConnectivityService: ConnectivityChange for WIMAX: DISCONNECTED/SCANNING
07-15 18:00:29.425   144   201 D ConnectivityService: Attempting to switch to mobile
07-15 18:00:29.425   144   201 D ConnectivityService: Attempting to switch to WIFI
07-15 18:00:29.425   144   201 D ConnectivityService: Attempting to switch to BLUETOOTH_TETHER
07-15 18:00:29.558   346   348 D dalvikvm: GC_CONCURRENT freed 430K, 6% free 9494K/10055K, paused 2ms+5ms
07-15 18:00:29.800  4430  4433 D dalvikvm: GC_CONCURRENT freed 607K, 7% free 11388K/12231K, paused 1ms+3ms
07-15 18:00:30.648  1351  1353 D dalvikvm: GC_CONCURRENT freed 507K, 8% free 10331K/11143K, paused 2ms+3ms
07-15 18:00:30.949  4430  4433 D dalvikvm: GC_CONCURRENT freed 810K, 8% free 11283K/12231K, paused 9ms+2ms
07-15 18:00:31.582  4430  4433 D dalvikvm: GC_CONCURRENT freed 616K, 8% free 11299K/12231K, paused 2ms+2ms
07-15 18:00:32.457   144   205 D Tethering: MasterInitialState.processMessage what=3
07-15 18:00:32.507   144   205 D Tethering: MasterInitialState.processMessage what=3
07-15 18:00:32.570   291   294 D dalvikvm: GC_CONCURRENT freed 420K, 7% free 10473K/11143K, paused 3ms+4ms
07-15 18:00:32.593  2663  2663 I MediaUploader: No need to wake up
07-15 18:00:32.679  2002  2002 W ContextScopeImpl: thread=1 tried to enter the scope of the application context. Ignored.
07-15 18:00:32.722  2663  2663 I MediaUploader: No need to wake up
07-15 18:00:32.824  2002  2002 W ContextScopeImpl: thread=1 tried to enter the scope of the application context. Ignored.
07-15 18:00:32.867  1203  1223 D PicasaSyncManager: active network: NetworkInfo: type: WIFI[], state: CONNECTED/CONNECTED, reason: (unspecified), extra: (none), roaming: false, failover: false, isAvailable: true
07-15 18:00:32.867  1203  1223 D PicasaSyncManager: background data: true
07-15 18:00:32.871  1203  1223 D PicasaSyncManager: active network: NetworkInfo: type: WIFI[], state: CONNECTED/CONNECTED, reason: (unspecified), extra: (none), roaming: false, failover: false, isAvailable: true
07-15 18:00:32.875  1203  1223 D PicasaSyncManager: background data: true
07-15 18:00:33.015   144   201 D ConnectivityService: handleInetConditionHoldEnd: net=1, condition=100, published condition=100
07-15 18:00:33.050  4430  4433 D dalvikvm: GC_CONCURRENT freed 637K, 8% free 11293K/12231K, paused 3ms+5ms
07-15 18:00:33.617  4430  4433 D dalvikvm: GC_CONCURRENT freed 613K, 8% free 11313K/12231K, paused 3ms+2ms
07-15 18:00:33.773  4430  4433 D dalvikvm: GC_CONCURRENT freed 599K, 8% free 11351K/12231K, paused 4ms+4ms
07-15 18:00:34.457  4430  4433 D dalvikvm: GC_CONCURRENT freed 634K, 8% free 11367K/12231K, paused 2ms+3ms
07-15 18:00:34.648  4430  4433 D dalvikvm: GC_CONCURRENT freed 681K, 8% free 11342K/12231K, paused 2ms+3ms
07-15 18:00:35.215  4430  4433 D dalvikvm: GC_CONCURRENT freed 682K, 8% free 11313K/12231K, paused 2ms+3ms
07-15 18:00:35.375  4430  4433 D dalvikvm: GC_CONCURRENT freed 608K, 8% free 11342K/12231K, paused 2ms+2ms
07-15 18:00:37.226  4430  4433 D dalvikvm: GC_CONCURRENT freed 658K, 8% free 11335K/12231K, paused 2ms+3ms
07-15 18:00:37.394  4430  4433 D dalvikvm: GC_CONCURRENT freed 623K, 8% free 11357K/12231K, paused 2ms+3ms
07-15 18:00:38.261  4430  4433 D dalvikvm: GC_CONCURRENT freed 656K, 8% free 11354K/12231K, paused 2ms+2ms
07-15 18:00:38.976   346   346 D SAN_SERVICE: *******************************************
07-15 18:00:38.976   346   346 D SAN_SERVICE: DM App Phone Service State - 0
07-15 18:00:38.976   346   346 D SAN_SERVICE: *******************************************
07-15 18:00:39.023  4430  4433 D dalvikvm: GC_CONCURRENT freed 660K, 8% free 11346K/12231K, paused 9ms+2ms
07-15 18:00:39.191  4430  4433 D dalvikvm: GC_CONCURRENT freed 608K, 7% free 11389K/12231K, paused 2ms+3ms
07-15 18:00:39.386  4430  4433 D dalvikvm: GC_CONCURRENT freed 660K, 7% free 11433K/12231K, paused 3ms+3ms
07-15 18:00:40.132   144   146 D dalvikvm: GC_CONCURRENT freed 1537K, 11% free 15484K/17287K, paused 2ms+6ms
07-15 18:00:41.179  4430  4433 D dalvikvm: GC_CONCURRENT freed 792K, 8% free 11365K/12295K, paused 2ms+3ms
07-15 18:00:41.332  4430  4433 D dalvikvm: GC_CONCURRENT freed 627K, 8% free 11394K/12295K, paused 2ms+2ms
07-15 18:00:42.234  4430  4433 D dalvikvm: GC_CONCURRENT freed 632K, 8% free 11430K/12295K, paused 2ms+3ms
07-15 18:00:42.398  4430  4433 D dalvikvm: GC_CONCURRENT freed 705K, 7% free 11453K/12295K, paused 1ms+4ms
07-15 18:00:42.558  4430  4433 D dalvikvm: GC_CONCURRENT freed 673K, 7% free 11491K/12295K, paused 3ms+2ms
07-15 18:00:42.859  4430  4452 D dalvikvm: GC_EXPLICIT freed 227K, 7% free 11534K/12295K, paused 2ms+3ms
07-15 18:00:43.007   144   156 D dalvikvm: GC_EXPLICIT freed 281K, 11% free 15453K/17287K, paused 3ms+13ms
07-15 18:00:43.015   144   201 D ConnectivityService: ConnectivityChange for mobile: CONNECTED/CONNECTED
07-15 18:00:43.035   144   201 D NetUtils: android_net_utils_resetConnections in env=0x1d93420 clazz=0x63600001 iface=rmnet0 mask=0x3
07-15 18:00:43.035   144   201 D ConnectivityService: ConnectivityChange for mobile: DISCONNECTED/DISCONNECTED
07-15 18:00:43.035   144   201 D ConnectivityService: Attempting to switch to WIFI
07-15 18:00:43.035   144   201 D ConnectivityService: Attempting to switch to WIMAX
07-15 18:00:43.035   144   201 D ConnectivityService: Attempting to switch to BLUETOOTH_TETHER
07-15 18:00:43.035   144   201 D ConnectivityService: resetConnections(rmnet0, 3)
07-15 18:00:44.894  4430  4433 D dalvikvm: GC_CONCURRENT freed 872K, 9% free 11412K/12423K, paused 2ms+4ms
07-15 18:00:45.054  4430  4433 D dalvikvm: GC_CONCURRENT freed 655K, 8% free 11431K/12423K, paused 2ms+2ms
07-15 18:00:45.207  4430  4433 D dalvikvm: GC_CONCURRENT freed 647K, 8% free 11472K/12423K, paused 2ms+3ms
07-15 18:00:45.617  4430  4433 D dalvikvm: GC_CONCURRENT freed 615K, 8% free 11546K/12423K, paused 7ms+3ms
07-15 18:00:46.121   144   205 D Tethering: MasterInitialState.processMessage what=3
07-15 18:00:46.152   144   205 D Tethering: MasterInitialState.processMessage what=3
07-15 18:00:46.175   144   144 D AlarmManagerService: Kernel timezone updated to 240 minutes west of GMT
07-15 18:00:46.195  2663  2663 I MediaUploader: No need to wake up
07-15 18:00:46.308  2002  2002 W ContextScopeImpl: thread=1 tried to enter the scope of the application context. Ignored.
07-15 18:00:46.351  2663  2663 I MediaUploader: No need to wake up
07-15 18:00:46.406  1203  1223 D PicasaSyncManager: active network: NetworkInfo: type: WIFI[], state: CONNECTED/CONNECTED, reason: (unspecified), extra: (none), roaming: false, failover: false, isAvailable: true
07-15 18:00:46.418  1203  1223 D PicasaSyncManager: background data: true
07-15 18:00:46.441  2002  2002 W ContextScopeImpl: thread=1 tried to enter the scope of the application context. Ignored.
07-15 18:00:46.449  1203  1223 D PicasaSyncManager: active network: NetworkInfo: type: WIFI[], state: CONNECTED/CONNECTED, reason: (unspecified), extra: (none), roaming: false, failover: false, isAvailable: true
07-15 18:00:46.449  1203  1223 D PicasaSyncManager: background data: true
07-15 18:00:46.660   144   201 D ConnectivityService: handleInetConditionHoldEnd: net=1, condition=100, published condition=100
07-15 18:00:46.840  4430  4433 D dalvikvm: GC_CONCURRENT freed 824K, 8% free 11493K/12423K, paused 2ms+4ms
07-15 18:00:47.039   346   346 D SAN_SERVICE: *******************************************
07-15 18:00:47.039   346   346 D SAN_SERVICE: DM App Phone Service State - 0
07-15 18:00:47.039   346   346 D SAN_SERVICE: *******************************************
07-15 18:00:47.351  4430  4452 D dalvikvm: GC_FOR_ALLOC freed 609K, 8% free 11434K/12423K, paused 28ms
07-15 18:00:48.074   144   388 D AlarmManagerService: Kernel timezone updated to 240 minutes west of GMT
07-15 18:00:48.195   144   146 D dalvikvm: GC_CONCURRENT freed 1501K, 11% free 15480K/17287K, paused 3ms+6ms
07-15 18:00:48.222  4430  4433 D dalvikvm: GC_CONCURRENT freed 679K, 8% free 11437K/12423K, paused 2ms+26ms
07-15 18:00:48.273  4430  4452 D dalvikvm: GC_FOR_ALLOC freed 116K, 8% free 11455K/12423K, paused 27ms
07-15 18:00:48.273  4430  4452 I dalvikvm-heap: Grow heap (frag case) to 11.283MB for 23369-byte allocation
07-15 18:00:48.300  4430  4452 D dalvikvm: GC_FOR_ALLOC freed 42K, 9% free 11435K/12487K, paused 27ms
07-15 18:00:49.000  4430  4433 D dalvikvm: GC_CONCURRENT freed 667K, 9% free 11460K/12487K, paused 2ms+2ms
07-15 18:00:49.140  4430  4433 D dalvikvm: GC_CONCURRENT freed 666K, 8% free 11490K/12487K, paused 2ms+2ms
07-15 18:00:51.910  4430  4433 D dalvikvm: GC_CONCURRENT freed 781K, 9% free 11410K/12487K, paused 2ms+2ms
07-15 18:00:52.160  4430  4433 D dalvikvm: GC_CONCURRENT freed 695K, 9% free 11385K/12487K, paused 3ms+3ms
07-15 18:00:52.382  4430  4433 D dalvikvm: GC_CONCURRENT freed 648K, 9% free 11399K/12487K, paused 2ms+3ms
07-15 18:00:52.574  4430  4433 D dalvikvm: GC_CONCURRENT freed 557K, 8% free 11543K/12487K, paused 2ms+3ms
07-15 18:00:52.715  4430  4433 D dalvikvm: GC_CONCURRENT freed 481K, 6% free 11783K/12487K, paused 2ms+3ms
07-15 18:00:52.886  4430  4433 D dalvikvm: GC_CONCURRENT freed 773K, 8% free 11833K/12743K, paused 3ms+3ms
07-15 18:00:53.070  4430  4433 D dalvikvm: GC_CONCURRENT freed 1404K, 13% free 11264K/12807K, paused 3ms+3ms
07-15 18:00:53.187  4430  4433 D dalvikvm: GC_CONCURRENT freed 490K, 11% free 11408K/12807K, paused 2ms+3ms
07-15 18:00:53.976  4430  4449 I SyncService: sync service finished (18:00:53)
07-15 18:01:04.203   144   317 D AlarmManagerService: Kernel timezone updated to 240 minutes west of GMT
07-15 18:01:09.168  2643  2656 I PhoneLab-: Service Running
07-15 18:01:09.265  2643  2656 I PhoneLab-LoggerService: app_37    1395  1     1432   1064  c00f181c 400107b4 S logcat
07-15 18:01:09.265  2643  2656 I PhoneLab-LoggerService: Logcat pid from database 1395
07-15 18:01:09.265  2643  2656 I PhoneLab-LoggerService: Logcat process found 1395
07-15 18:01:09.265  2643  2656 I PhoneLab-LoggerService: Checking Threshold
07-15 18:01:10.617   144   378 D dalvikvm: GC_EXPLICIT freed 216K, 11% free 15448K/17287K, paused 3ms+6ms
07-15 18:01:10.621   291  1178 I EventLogService: Aggregate from 1342387870424 (log), 1342387870424 (data)
07-15 18:01:30.574  3324  3327 D dalvikvm: GC_CONCURRENT freed 501K, 13% free 10464K/11911K, paused 2ms+3ms
07-15 18:01:30.707  1351  1353 D dalvikvm: GC_CONCURRENT freed 453K, 8% free 10318K/11143K, paused 2ms+3ms
07-15 18:02:19.445  2536  4480 I Gmail   : MainSyncRequestProto: lowestBkwdConvoId: 0, highestHandledServerOp: 3316553, normalSync: true
07-15 18:02:20.359  2536  4480 D dalvikvm: GC_EXPLICIT freed 250K, 6% free 9714K/10247K, paused 2ms+3ms
07-15 18:02:20.363  2536  4480 I Gmail   : MainSyncRequestProto: lowestBkwdConvoId: 0, highestHandledServerOp: 3316580, normalSync: true
07-15 18:02:20.367  2536  4480 I Gmail   : lowestBackward conversation id 0
07-15 18:02:20.379  2536  4480 W Gmail   : Scheduling index for 300000 ms from now
07-15 18:02:30.703  1351  1353 D dalvikvm: GC_CONCURRENT freed 478K, 8% free 10312K/11143K, paused 1ms+2ms
07-15 18:03:09.168  2643  2656 I PhoneLab-: Service Running
07-15 18:03:09.261  2643  2656 I PhoneLab-LoggerService: app_37    1395  1     1432   1064  c00f181c 400107b4 S logcat
07-15 18:03:09.261  2643  2656 I PhoneLab-LoggerService: Logcat pid from database 1395
07-15 18:03:09.261  2643  2656 I PhoneLab-LoggerService: Logcat process found 1395
07-15 18:03:09.261  2643  2656 I PhoneLab-LoggerService: Checking Threshold
07-15 18:03:29.363   144   390 I ActivityManager: No longer want com.google.android.maps.mytracks (pid 2626): hidden #16
07-15 18:03:30.683  3324  3327 D dalvikvm: GC_CONCURRENT freed 515K, 13% free 10460K/11911K, paused 1ms+3ms
07-15 18:03:30.816  1351  1353 D dalvikvm: GC_CONCURRENT freed 456K, 8% free 10308K/11143K, paused 1ms+2ms
07-15 18:04:30.867  1351  1353 D dalvikvm: GC_CONCURRENT freed 422K, 8% free 10319K/11143K, paused 2ms+2ms
07-15 18:05:09.168  2643  2656 I PhoneLab-: Service Running
07-15 18:05:09.273  2643  2656 I PhoneLab-LoggerService: app_37    1395  1     1432   1064  c00f181c 400107b4 S logcat
07-15 18:05:09.273  2643  2656 I PhoneLab-LoggerService: Logcat pid from database 1395
07-15 18:05:09.273  2643  2656 I PhoneLab-LoggerService: Logcat process found 1395
07-15 18:05:09.273  2643  2656 I PhoneLab-LoggerService: Checking Threshold
07-15 18:05:30.832  3324  3327 D dalvikvm: GC_CONCURRENT freed 510K, 13% free 10462K/11911K, paused 2ms+3ms
07-15 18:05:30.988  1351  1353 D dalvikvm: GC_CONCURRENT freed 387K, 8% free 10324K/11143K, paused 7ms+8ms
07-15 18:05:31.132  1351  1353 D dalvikvm: GC_CONCURRENT freed 195K, 6% free 10530K/11143K, paused 2ms+3ms
07-15 18:05:54.023   144   317 I ActivityManager: No longer want com.google.android.apps.maps:FriendService (pid 3345): hidden #16
07-15 18:06:30.961  1351  1353 D dalvikvm: GC_CONCURRENT freed 713K, 8% free 10328K/11143K, paused 2ms+3ms
07-15 18:07:09.168  2643  2656 I PhoneLab-: Service Running
07-15 18:07:09.265  2643  2656 I PhoneLab-LoggerService: app_37    1395  1     1432   1064  c00f181c 400107b4 S logcat
07-15 18:07:09.269  2643  2656 I PhoneLab-LoggerService: Logcat pid from database 1395
07-15 18:07:09.269  2643  2656 I PhoneLab-LoggerService: Logcat process found 1395
07-15 18:07:09.269  2643  2656 I PhoneLab-LoggerService: Checking Threshold
07-15 18:07:30.968  3324  3327 D dalvikvm: GC_CONCURRENT freed 512K, 13% free 10462K/11911K, paused 2ms+3ms
07-15 18:07:31.070  1351  1353 D dalvikvm: GC_CONCURRENT freed 443K, 8% free 10302K/11143K, paused 2ms+2ms
07-15 18:08:31.090  1351  1353 D dalvikvm: GC_CONCURRENT freed 492K, 8% free 10322K/11143K, paused 2ms+2ms
07-15 18:09:09.168  2643  2656 I PhoneLab-: Service Running
07-15 18:09:09.250  2643  2656 I PhoneLab-LoggerService: app_37    1395  1     1432   1064  c00f181c 400107b4 S logcat
07-15 18:09:09.250  2643  2656 I PhoneLab-LoggerService: Logcat pid from database 1395
07-15 18:09:09.250  2643  2656 I PhoneLab-LoggerService: Logcat process found 1395
07-15 18:09:09.250  2643  2656 I PhoneLab-LoggerService: Checking Threshold
07-15 18:09:31.090  3324  3327 D dalvikvm: GC_CONCURRENT freed 512K, 13% free 10461K/11911K, paused 2ms+3ms
07-15 18:09:31.215  1351  1353 D dalvikvm: GC_CONCURRENT freed 466K, 7% free 10366K/11143K, paused 2ms+3ms
07-15 18:09:57.656   215   217 D dalvikvm: GC_CONCURRENT freed 443K, 33% free 9662K/14215K, paused 18ms+3ms
07-15 18:10:29.902   144   146 D dalvikvm: GC_CONCURRENT freed 1384K, 11% free 15547K/17287K, paused 3ms+8ms
07-15 18:10:31.191   291   294 D dalvikvm: GC_CONCURRENT freed 375K, 6% free 10489K/11143K, paused 2ms+13ms
07-15 18:10:31.300  1351  1353 D dalvikvm: GC_CONCURRENT freed 573K, 8% free 10303K/11143K, paused 2ms+2ms
07-15 18:10:31.402  1351  1353 D dalvikvm: GC_CONCURRENT freed 183K, 6% free 10505K/11143K, paused 1ms+2ms
07-15 18:11:09.168  2643  2656 I PhoneLab-: Service Running
07-15 18:11:09.254  2643  2645 D dalvikvm: GC_CONCURRENT freed 390K, 15% free 9157K/10695K, paused 2ms+6ms
07-15 18:11:09.269  2643  2656 I PhoneLab-LoggerService: app_37    1395  1     1432   1064  c00f181c 400107b4 S logcat
07-15 18:11:09.269  2643  2656 I PhoneLab-LoggerService: Logcat pid from database 1395
07-15 18:11:09.269  2643  2656 I PhoneLab-LoggerService: Logcat process found 1395
07-15 18:11:09.269  2643  2656 I PhoneLab-LoggerService: Checking Threshold
07-15 18:11:31.187  3324  3327 D dalvikvm: GC_CONCURRENT freed 510K, 13% free 10462K/11911K, paused 2ms+3ms
07-15 18:11:31.289  1351  1353 D dalvikvm: GC_CONCURRENT freed 643K, 7% free 10368K/11143K, paused 2ms+3ms
07-15 18:12:06.144  2536  4531 W Gmail   : Successful index run, cancel next scheduled index run
07-15 18:12:31.340  1351  4534 D dalvikvm: GC_EXPLICIT freed 426K, 8% free 10269K/11143K, paused 2ms+3ms
07-15 18:12:31.418  1351  1353 D dalvikvm: GC_CONCURRENT freed 362K, 8% free 10321K/11143K, paused 2ms+2ms
07-15 18:13:09.172  2643  2656 I PhoneLab-: Service Running
07-15 18:13:09.261  2643  2656 I PhoneLab-LoggerService: app_37    1395  1     1432   1064  c00f181c 400107b4 S logcat
07-15 18:13:09.261  2643  2656 I PhoneLab-LoggerService: Logcat pid from database 1395
07-15 18:13:09.261  2643  2656 I PhoneLab-LoggerService: Logcat process found 1395
07-15 18:13:09.261  2643  2656 I PhoneLab-LoggerService: Checking Threshold
07-15 18:13:31.355  3324  3327 D dalvikvm: GC_CONCURRENT freed 513K, 13% free 10461K/11911K, paused 2ms+3ms
07-15 18:13:31.488  1351  1353 D dalvikvm: GC_CONCURRENT freed 449K, 8% free 10319K/11143K, paused 2ms+2ms
07-15 18:14:07.734   144   336 D dalvikvm: GC_EXPLICIT freed 656K, 11% free 15475K/17287K, paused 9ms+7ms
07-15 18:14:31.496  1351  1353 D dalvikvm: GC_CONCURRENT freed 401K, 8% free 10312K/11143K, paused 2ms+2ms
07-15 18:14:31.593  1351  1353 D dalvikvm: GC_CONCURRENT freed 163K, 6% free 10532K/11143K, paused 2ms+2ms
07-15 18:15:09.168  2643  2656 I PhoneLab-: Service Running
07-15 18:15:09.269  2643  2656 I PhoneLab-LoggerService: app_37    1395  1     1432   1064  c00f181c 400107b4 S logcat
07-15 18:15:09.269  2643  2656 I PhoneLab-LoggerService: Logcat pid from database 1395
07-15 18:15:09.269  2643  2656 I PhoneLab-LoggerService: Logcat process found 1395
07-15 18:15:09.269  2643  2656 I PhoneLab-LoggerService: Checking Threshold
07-15 18:15:31.457  3324  3327 D dalvikvm: GC_CONCURRENT freed 488K, 12% free 10485K/11911K, paused 2ms+3ms
07-15 18:15:31.586  1351  1353 D dalvikvm: GC_CONCURRENT freed 684K, 8% free 10357K/11143K, paused 1ms+3ms
07-15 18:16:31.609  1351  1353 D dalvikvm: GC_CONCURRENT freed 464K, 8% free 10336K/11143K, paused 1ms+4ms
07-15 18:17:09.168  2643  2656 I PhoneLab-: Service Running
07-15 18:17:09.269  2643  2656 I PhoneLab-LoggerService: app_37    1395  1     1432   1064  c00f181c 400107b4 S logcat
07-15 18:17:09.269  2643  2656 I PhoneLab-LoggerService: Logcat pid from database 1395
07-15 18:17:09.269  2643  2656 I PhoneLab-LoggerService: Logcat process found 1395
07-15 18:17:09.269  2643  2656 I PhoneLab-LoggerService: Checking Threshold
07-15 18:17:31.629  3324  3327 D dalvikvm: GC_CONCURRENT freed 448K, 12% free 10538K/11911K, paused 1ms+3ms
07-15 18:17:31.765  1351  1353 D dalvikvm: GC_CONCURRENT freed 452K, 8% free 10318K/11143K, paused 2ms+3ms
07-15 18:18:31.761  3324  3327 D dalvikvm: GC_CONCURRENT freed 474K, 13% free 10459K/11911K, paused 2ms+7ms
07-15 18:18:31.820  1351  1353 D dalvikvm: GC_CONCURRENT freed 430K, 8% free 10329K/11143K, paused 2ms+3ms
07-15 18:19:09.168  2643  2656 I PhoneLab-: Service Running
07-15 18:19:09.254  2643  2656 I PhoneLab-LoggerService: app_37    1395  1     1432   1064  c00f181c 400107b4 S logcat
07-15 18:19:09.254  2643  2656 I PhoneLab-LoggerService: Logcat pid from database 1395
07-15 18:19:09.254  2643  2656 I PhoneLab-LoggerService: Logcat process found 1395
07-15 18:19:09.254  2643  2656 I PhoneLab-LoggerService: Checking Threshold
07-15 18:19:31.832  1351  1353 D dalvikvm: GC_CONCURRENT freed 418K, 8% free 10320K/11143K, paused 2ms+3ms
07-15 18:20:31.871  3324  3327 D dalvikvm: GC_CONCURRENT freed 503K, 13% free 10461K/11911K, paused 2ms+5ms
07-15 18:20:31.933  1351  1353 D dalvikvm: GC_CONCURRENT freed 398K, 8% free 10316K/11143K, paused 1ms+3ms
07-15 18:21:09.168  2643  2656 I PhoneLab-: Service Running
07-15 18:21:09.265  2643  2656 I PhoneLab-LoggerService: app_37    1395  1     1432   1064  c00f181c 400107b4 S logcat
07-15 18:21:09.269  2643  2656 I PhoneLab-LoggerService: Logcat pid from database 1395
07-15 18:21:09.269  2643  2656 I PhoneLab-LoggerService: Logcat process found 1395
07-15 18:21:09.269  2643  2656 I PhoneLab-LoggerService: Checking Threshold
07-15 18:21:30.531   144   310 I ActivityManager: No longer want com.android.sprintmenu (pid 3233): hidden #16
07-15 18:21:30.539   144   378 W ActivityManager: Scheduling restart of crashed service com.android.sprintmenu/.HiddenPhoneService in 5000ms
07-15 18:21:31.816   144  1167 I ActivityManager: No longer want com.google.android.apps.googlevoice (pid 3261): hidden #16
07-15 18:21:31.840   144   388 W ActivityManager: Scheduling restart of crashed service com.google.android.apps.googlevoice/.CallLogService in 13699ms
07-15 18:21:31.914   144   155 I ActivityManager: No longer want android.process.acore (pid 473): hidden #16
07-15 18:21:31.937  1351  1353 D dalvikvm: GC_CONCURRENT freed 407K, 8% free 10319K/11143K, paused 2ms+2ms
07-15 18:21:35.562   144   161 I ActivityManager: Start proc com.android.sprintmenu for service com.android.sprintmenu/.HiddenPhoneService: pid=4585 uid=1001 gids={3002, 3001, 3003, 1015}
07-15 18:21:45.605   144   161 I ActivityManager: Start proc com.google.android.apps.googlevoice for service com.google.android.apps.googlevoice/.CallLogService: pid=4601 uid=10054 gids={3003, 1015}
07-15 18:21:45.726  4601  4604 D dalvikvm: GC_CONCURRENT freed 228K, 4% free 9304K/9607K, paused 3ms+2ms
07-15 18:21:45.738   144   317 I ActivityManager: Start proc android.process.acore for content provider com.android.providers.contacts/.VoicemailContentProvider: pid=4616 uid=10000 gids={3003, 1015}
07-15 18:21:45.785  4616  4616 I ActivityThread: Pub call_log: com.android.providers.contacts.CallLogProvider
07-15 18:21:45.824  4616  4616 I ActivityThread: Pub com.android.voicemail: com.android.providers.contacts.VoicemailContentProvider
07-15 18:21:45.828  4616  4616 I ActivityThread: Pub user_dictionary: com.android.providers.userdictionary.UserDictionaryProvider
07-15 18:21:45.851  4616  4616 I ActivityThread: Pub com.android.social: com.android.providers.contacts.SocialProvider
07-15 18:21:45.855  4616  4616 I ActivityThread: Pub applications: com.android.providers.applications.ApplicationsProvider
07-15 18:21:45.988  4616  4616 I ActivityThread: Pub contacts;com.android.contacts: com.android.providers.contacts.ContactsProvider2
07-15 18:21:46.035  4616  4618 D dalvikvm: GC_CONCURRENT freed 346K, 5% free 9175K/9607K, paused 4ms+5ms
07-15 18:21:46.433  4616  4618 D dalvikvm: GC_CONCURRENT freed 233K, 4% free 9377K/9735K, paused 1ms+2ms
07-15 18:21:47.168  4616  4618 D dalvikvm: GC_CONCURRENT freed 250K, 4% free 9542K/9927K, paused 3ms+3ms
07-15 18:22:00.027   144   161 I ActivityManager: No longer want com.google.android.apps.maps:NetworkLocationService (pid 3324): hidden #16
07-15 18:22:00.117   144   388 W ActivityManager: Scheduling restart of crashed service com.google.android.apps.maps/com.google.android.location.internal.server.NetworkLocationService in 5000ms
07-15 18:22:05.140   144   161 I ActivityManager: Start proc com.google.android.apps.maps:NetworkLocationService for service com.google.android.apps.maps/com.google.android.location.internal.server.NetworkLocationService: pid=4639 uid=10056 gids={3003, 1015}
07-15 18:22:05.281  4639  4641 D dalvikvm: GC_CONCURRENT freed 161K, 3% free 9371K/9607K, paused 2ms+2ms
07-15 18:22:05.789  4639  4641 D dalvikvm: GC_CONCURRENT freed 156K, 3% free 9687K/9927K, paused 2ms+3ms
07-15 18:22:06.019  4639  4641 D dalvikvm: GC_CONCURRENT freed 169K, 3% free 10067K/10311K, paused 2ms+3ms
07-15 18:22:06.207  4639  4641 D dalvikvm: GC_CONCURRENT freed 669K, 8% free 9883K/10695K, paused 2ms+2ms
07-15 18:22:06.273   144   161 I ActivityManager: Start proc com.google.android.apps.maps:FriendService for broadcast com.google.android.apps.maps/com.google.googlenav.friend.android.ServiceReceiver: pid=4660 uid=10056 gids={3003, 1015}
07-15 18:22:06.406  4660  4663 D dalvikvm: GC_CONCURRENT freed 163K, 3% free 9368K/9607K, paused 3ms+2ms
07-15 18:22:06.531  4660  4663 D dalvikvm: GC_CONCURRENT freed 237K, 4% free 9674K/9991K, paused 1ms+2ms
07-15 18:22:06.625   144  1168 I ActivityManager: No longer want com.android.calendar (pid 2986): hidden #16
07-15 18:22:06.707  4639  4646 I dalvikvm: Total arena pages for JIT: 11
07-15 18:22:06.707  4639  4646 I dalvikvm: Total arena pages for JIT: 12
07-15 18:22:06.707  4639  4646 I dalvikvm: Total arena pages for JIT: 13
07-15 18:22:06.711  4639  4646 I dalvikvm: Total arena pages for JIT: 14
07-15 18:22:06.711  4639  4646 I dalvikvm: Total arena pages for JIT: 15
07-15 18:22:06.711  4639  4646 I dalvikvm: Total arena pages for JIT: 16
07-15 18:22:06.711  4639  4646 I dalvikvm: Total arena pages for JIT: 17
07-15 18:22:06.902  4639  4641 D dalvikvm: GC_CONCURRENT freed 199K, 5% free 10163K/10695K, paused 2ms+3ms
07-15 18:22:06.949  4639  4646 I dalvikvm: Total arena pages for JIT: 18
07-15 18:22:08.320  4639  4641 D dalvikvm: GC_CONCURRENT freed 392K, 5% free 10198K/10695K, paused 4ms+2ms
07-15 18:22:08.511  1351  1353 D dalvikvm: GC_CONCURRENT freed 492K, 8% free 10338K/11143K, paused 2ms+3ms
07-15 18:23:07.355   144   310 D dalvikvm: GC_EXPLICIT freed 1364K, 11% free 15532K/17287K, paused 28ms+8ms
07-15 18:23:08.777  4639  4641 D dalvikvm: GC_CONCURRENT freed 489K, 6% free 10208K/10823K, paused 2ms+4ms
07-15 18:23:08.851  1351  1353 D dalvikvm: GC_CONCURRENT freed 456K, 8% free 10327K/11143K, paused 2ms+3ms
07-15 18:23:09.172  2643  2656 I PhoneLab-: Service Running
07-15 18:23:09.273  2643  2656 I PhoneLab-LoggerService: app_37    1395  1     1432   1060  c00f181c 400107b4 S logcat
07-15 18:23:09.277  2643  2656 I PhoneLab-LoggerService: Logcat pid from database 1395
07-15 18:23:09.277  2643  2656 I PhoneLab-LoggerService: Logcat process found 1395
07-15 18:23:09.277  2643  2656 I PhoneLab-LoggerService: Checking Threshold
07-15 18:24:08.800   291  3005 D dalvikvm: GC_EXPLICIT freed 260K, 6% free 10501K/11143K, paused 2ms+6ms
07-15 18:24:08.914  1351  1353 D dalvikvm: GC_CONCURRENT freed 402K, 8% free 10363K/11143K, paused 2ms+2ms
07-15 18:24:09.613  1351  1353 D dalvikvm: GC_CONCURRENT freed 277K, 6% free 10558K/11143K, paused 27ms+4ms
07-15 18:25:08.910  4639  4641 D dalvikvm: GC_CONCURRENT freed 496K, 6% free 10215K/10823K, paused 2ms+5ms
07-15 18:25:08.976  1351  1353 D dalvikvm: GC_CONCURRENT freed 762K, 8% free 10361K/11207K, paused 1ms+2ms
07-15 18:25:09.168  2643  2656 I PhoneLab-: Service Running
07-15 18:25:09.257  2643  2656 I PhoneLab-LoggerService: app_37    1395  1     1432   1060  c00f181c 400107b4 S logcat
07-15 18:25:09.261  2643  2656 I PhoneLab-LoggerService: Logcat pid from database 1395
07-15 18:25:09.261  2643  2656 I PhoneLab-LoggerService: Logcat process found 1395
07-15 18:25:09.261  2643  2656 I PhoneLab-LoggerService: Checking Threshold
07-15 18:26:32.187   215   217 D dalvikvm: GC_CONCURRENT freed 393K, 33% free 9652K/14215K, paused 18ms+3ms
07-15 18:27:06.289  1203  4688 I SqliteDatabaseCpp: sqlite returned: error code = 1, msg = no such column: wipeout_stats, db=/data/data/com.google.android.apps.plus/databases/picasa.db
07-15 18:27:06.308  1203  4688 W System.err: android.database.sqlite.SQLiteException: no such column: wipeout_stats: , while compiling: SELECT wipeout_stats  FROM account_status
07-15 18:27:06.535  1203  4688 W System.err: 	at android.database.sqlite.SQLiteCompiledSql.native_compile(Native Method)
07-15 18:27:06.535  1203  4688 W System.err: 	at android.database.sqlite.SQLiteCompiledSql.<init>(SQLiteCompiledSql.java:68)
07-15 18:27:06.539  1203  4688 W System.err: 	at android.database.sqlite.SQLiteProgram.compileSql(SQLiteProgram.java:143)
07-15 18:27:06.539  1203  4688 W System.err: 	at android.database.sqlite.SQLiteProgram.compileAndbindAllArgs(SQLiteProgram.java:361)
07-15 18:27:06.539  1203  4688 W System.err: 	at android.database.sqlite.SQLiteStatement.acquireAndLock(SQLiteStatement.java:260)
07-15 18:27:06.539  1203  4688 W System.err: 	at android.database.sqlite.SQLiteStatement.simpleQueryForLong(SQLiteStatement.java:137)
07-15 18:27:06.539  1203  4688 W System.err: 	at android.database.DatabaseUtils.longForQuery(DatabaseUtils.java:791)
07-15 18:27:06.550  1203  4688 W System.err: 	at android.database.DatabaseUtils.longForQuery(DatabaseUtils.java:779)
07-15 18:27:06.550  1203  4688 W System.err: 	at com.google.android.apps.plus.content.EsAccountsData.isContactsStatsWipeoutNeeded(EsAccountsData.java:641)
07-15 18:27:06.550  1203  4688 W System.err: 	at com.google.android.apps.plus.service.EsService.processIntent(EsService.java:4246)
07-15 18:27:06.554  1203  4688 W System.err: 	at com.google.android.apps.plus.service.ServiceThread$1.run(ServiceThread.java:50)
07-15 18:27:06.554  1203  4688 W System.err: 	at android.os.Handler.handleCallback(Handler.java:605)
07-15 18:27:06.558  1203  4688 W System.err: 	at android.os.Handler.dispatchMessage(Handler.java:92)
07-15 18:27:06.558  1203  4688 W System.err: 	at android.os.Looper.loop(Looper.java:137)
07-15 18:27:06.558  1203  4688 W System.err: 	at com.google.android.apps.plus.service.ServiceThread.run(ServiceThread.java:122)
07-15 18:27:08.980  4639  4641 D dalvikvm: GC_CONCURRENT freed 506K, 6% free 10220K/10823K, paused 3ms+34ms
07-15 18:27:09.019  1351  1353 D dalvikvm: GC_CONCURRENT freed 545K, 8% free 10323K/11207K, paused 2ms+6ms
07-15 18:27:09.074  1203  1205 D dalvikvm: GC_CONCURRENT freed 1186K, 20% free 13500K/16711K, paused 12ms+8ms
07-15 18:27:09.168  2643  2656 I PhoneLab-: Service Running
07-15 18:27:09.211  2643  2645 D dalvikvm: GC_CONCURRENT freed 415K, 15% free 9158K/10695K, paused 2ms+4ms
07-15 18:27:09.226  2643  2656 I PhoneLab-LoggerService: app_37    1395  1     1432   1060  c00f181c 400107b4 S logcat
07-15 18:27:09.226  2643  2656 I PhoneLab-LoggerService: Logcat pid from database 1395
07-15 18:27:09.226  2643  2656 I PhoneLab-LoggerService: Logcat process found 1395
07-15 18:27:09.226  2643  2656 I PhoneLab-LoggerService: Checking Threshold
07-15 18:27:14.445  1203  1205 D dalvikvm: GC_CONCURRENT freed 1522K, 21% free 13356K/16711K, paused 3ms+3ms
07-15 18:27:20.168  1203  1205 D dalvikvm: GC_CONCURRENT freed 731K, 16% free 14042K/16711K, paused 7ms+3ms
07-15 18:27:20.777  1203  1205 D dalvikvm: GC_CONCURRENT freed 1166K, 14% free 14443K/16711K, paused 2ms+3ms
07-15 18:27:22.675  1203  1205 D dalvikvm: GC_CONCURRENT freed 1645K, 14% free 14479K/16711K, paused 3ms+2ms
07-15 18:27:25.019  1203  1205 D dalvikvm: GC_CONCURRENT freed 2334K, 18% free 13854K/16711K, paused 7ms+3ms
07-15 18:27:27.511  1203  4690 I SqliteDatabaseCpp: sqlite returned: error code = 1, msg = no such column: last_stats_sync_time, db=/data/data/com.google.android.apps.plus/databases/picasa.db
07-15 18:27:27.570  1203  4690 E EsSyncAdapterService: Sync failure
07-15 18:27:27.570  1203  4690 E EsSyncAdapterService: android.database.sqlite.SQLiteException: no such column: last_stats_sync_time: , while compiling: SELECT last_stats_sync_time  FROM account_status
07-15 18:27:27.570  1203  4690 E EsSyncAdapterService: 	at android.database.sqlite.SQLiteCompiledSql.native_compile(Native Method)
07-15 18:27:27.570  1203  4690 E EsSyncAdapterService: 	at android.database.sqlite.SQLiteCompiledSql.<init>(SQLiteCompiledSql.java:68)
07-15 18:27:27.570  1203  4690 E EsSyncAdapterService: 	at android.database.sqlite.SQLiteProgram.compileSql(SQLiteProgram.java:143)
07-15 18:27:27.570  1203  4690 E EsSyncAdapterService: 	at android.database.sqlite.SQLiteProgram.compileAndbindAllArgs(SQLiteProgram.java:361)
07-15 18:27:27.570  1203  4690 E EsSyncAdapterService: 	at android.database.sqlite.SQLiteStatement.acquireAndLock(SQLiteStatement.java:260)
07-15 18:27:27.570  1203  4690 E EsSyncAdapterService: 	at android.database.sqlite.SQLiteStatement.simpleQueryForLong(SQLiteStatement.java:137)
07-15 18:27:27.570  1203  4690 E EsSyncAdapterService: 	at android.database.DatabaseUtils.longForQuery(DatabaseUtils.java:791)
07-15 18:27:27.570  1203  4690 E EsSyncAdapterService: 	at android.database.DatabaseUtils.longForQuery(DatabaseUtils.java:779)
07-15 18:27:27.570  1203  4690 E EsSyncAdapterService: 	at com.google.android.apps.plus.content.EsAccountsData.queryLastStatsSyncTimestamp(EsAccountsData.java:570)
07-15 18:27:27.570  1203  4690 E EsSyncAdapterService: 	at com.google.android.apps.plus.service.EsSyncAdapterService.syncContactsStatsIfNecessary(EsSyncAdapterService.java:670)
07-15 18:27:27.570  1203  4690 E EsSyncAdapterService: 	at com.google.android.apps.plus.service.EsSyncAdapterService.doFullSync(EsSyncAdapterService.java:633)
07-15 18:27:27.570  1203  4690 E EsSyncAdapterService: 	at com.google.android.apps.plus.service.EsSyncAdapterService.doSync(EsSyncAdapterService.java:566)
07-15 18:27:27.570  1203  4690 E EsSyncAdapterService: 	at com.google.android.apps.plus.service.EsSyncAdapterService.access$100(EsSyncAdapterService.java:52)
07-15 18:27:27.570  1203  4690 E EsSyncAdapterService: 	at com.google.android.apps.plus.service.EsSyncAdapterService$SyncAdapterImpl.onPerformSync(EsSyncAdapterService.java:408)
07-15 18:27:27.570  1203  4690 E EsSyncAdapterService: 	at android.content.AbstractThreadedSyncAdapter$SyncThread.run(AbstractThreadedSyncAdapter.java:247)
07-15 18:27:27.582   144   169 D SyncManager: failed sync operation lokeshmandvekar@gmail.com (com.google), com.google.android.apps.plus.content.EsProvider, SERVER, earliestRunTime 8100215, SyncResult: stats [ numParseExceptions: 1]
07-15 18:27:27.586   144   169 D SyncManager: not retrying sync operation because the error is a hard error: lokeshmandvekar@gmail.com (com.google), com.google.android.apps.plus.content.EsProvider, SERVER, earliestRunTime 8121528
07-15 18:27:32.601   144   156 I ActivityManager: No longer want com.whatsapp (pid 3285): hidden #16
07-15 18:27:32.609   144   144 W ActivityManager: Scheduling restart of crashed service com.whatsapp/.messaging.MessageService in 5000ms
07-15 18:27:32.722  1203  2594 D dalvikvm: GC_EXPLICIT freed 2005K, 21% free 13298K/16711K, paused 2ms+3ms
07-15 18:27:33.035  4616  4618 D dalvikvm: GC_CONCURRENT freed 484K, 7% free 9498K/10119K, paused 3ms+3ms
07-15 18:27:34.297  4616  4618 D dalvikvm: GC_CONCURRENT freed 319K, 6% free 9563K/10119K, paused 2ms+2ms
07-15 18:27:37.672   144   161 I ActivityManager: Start proc com.whatsapp for service com.whatsapp/.messaging.MessageService: pid=4717 uid=10068 gids={1015, 3003}
07-15 18:27:37.675  4717  4717 I dalvikvm: Turning on JNI app bug workarounds for target SDK version 7...
07-15 18:27:37.847  4717  4719 D dalvikvm: GC_CONCURRENT freed 167K, 3% free 9359K/9607K, paused 2ms+2ms
07-15 18:27:38.086  4717  4719 D dalvikvm: GC_CONCURRENT freed 299K, 4% free 9601K/9991K, paused 2ms+3ms
07-15 18:27:38.437   144   317 D dalvikvm: GC_EXPLICIT freed 1488K, 11% free 15488K/17287K, paused 3ms+9ms
07-15 18:27:38.492  4717  4717 I dalvikvm: Could not find method android.media.MediaMetadataRetriever.captureFrame, referenced from method com.whatsapp.q3.a
07-15 18:27:38.492  4717  4717 W dalvikvm: VFY: unable to resolve virtual method 502: Landroid/media/MediaMetadataRetriever;.captureFrame ()Landroid/graphics/Bitmap;
07-15 18:27:38.492  4717  4717 D dalvikvm: VFY: replacing opcode 0x6e at 0x0134
07-15 18:27:38.699  4717  4719 D dalvikvm: GC_CONCURRENT freed 452K, 6% free 9717K/10247K, paused 3ms+3ms
07-15 18:27:38.910  4717  4719 D dalvikvm: GC_CONCURRENT freed 179K, 4% free 10001K/10311K, paused 2ms+4ms
07-15 18:27:40.410  4717  4719 D dalvikvm: GC_CONCURRENT freed 502K, 7% free 9926K/10567K, paused 3ms+3ms
07-15 18:27:40.781  4717  4719 D dalvikvm: GC_CONCURRENT freed 374K, 6% free 9937K/10567K, paused 2ms+3ms
07-15 18:28:09.027  1351  1353 D dalvikvm: GC_CONCURRENT freed 461K, 8% free 10370K/11207K, paused 2ms+3ms
07-15 18:28:09.125  1351  1353 D dalvikvm: GC_CONCURRENT freed 297K, 7% free 10466K/11207K, paused 2ms+2ms
07-15 18:29:09.093  4639  4641 D dalvikvm: GC_CONCURRENT freed 505K, 6% free 10225K/10823K, paused 2ms+6ms
07-15 18:29:09.144  1351  1353 D dalvikvm: GC_CONCURRENT freed 607K, 8% free 10370K/11207K, paused 2ms+2ms
07-15 18:29:09.168  2643  2656 I PhoneLab-: Service Running
07-15 18:29:09.203  2643  2656 I PhoneLab-LoggerService: app_37    1395  1     1432   1060  c00f181c 400107b4 S logcat
07-15 18:29:09.203  2643  2656 I PhoneLab-LoggerService: Logcat pid from database 1395
07-15 18:29:09.203  2643  2656 I PhoneLab-LoggerService: Logcat process found 1395
07-15 18:29:09.203  2643  2656 I PhoneLab-LoggerService: Checking Threshold
07-15 18:29:56.320  2643  2643 I PhoneLab-Locks: wake lock acquired
07-15 18:29:56.340  2643  4756 I PhoneLab-PeriodicCheckService: User info is synched
07-15 18:29:56.343  2643  4756 I PhoneLab-PeriodicCheckService: Logger Service is running
07-15 18:29:56.347  2643  2643 I PhoneLab-Locks: wake lock acquired
07-15 18:29:56.355  2643  2643 I PhoneLab-StatusMonitor: Status Monitoring is started
07-15 18:29:56.355  2643  4756 I PhoneLab-Locks: wake lock acquired
07-15 18:29:56.359  2643  4756 I PhoneLab-PeriodicCheckService: Rescheduling periodic checking...
07-15 18:29:56.359  2643  4756 I PhoneLab-Locks: wake lock released
07-15 18:29:56.367  2643  2643 E PhoneLab-PhoneLabManifest: java.io.FileNotFoundException: /data/data/edu.buffalo.cse.phonelab.phonelabservices/files/manifest.xml: open failed: ENOENT (No such file or directory)
07-15 18:29:56.379  2643  2643 I PhoneLab-Locks: wake lock released
07-15 18:29:56.379  2643  2643 I PhoneLab-UploadLogs: Transfering log files now
07-15 18:29:56.379  2643  2643 I PhoneLab-UploadLogs: No log files to transfer
07-15 18:29:56.379  2643  2643 I PhoneLab-Locks: wake lock released
07-15 18:29:56.382  2643  2643 I PhoneLab-UploadLogs: OnStartCommand
07-15 18:30:09.215  1351  1353 D dalvikvm: GC_CONCURRENT freed 522K, 8% free 10337K/11207K, paused 1ms+2ms
07-15 18:31:00.015   144   161 I ActivityManager: No longer want com.android.deskclock (pid 1510): hidden #16
07-15 18:31:09.168  2643  2656 I PhoneLab-: Service Running
07-15 18:31:09.207  4639  4641 D dalvikvm: GC_CONCURRENT freed 504K, 6% free 10233K/10823K, paused 2ms+5ms
07-15 18:31:09.285  2643  2656 I PhoneLab-LoggerService: app_37    1395  1     1432   1060  c00f181c 400107b4 S logcat
07-15 18:31:09.285  2643  2656 I PhoneLab-LoggerService: Logcat pid from database 1395
07-15 18:31:09.285  2643  2656 I PhoneLab-LoggerService: Logcat process found 1395
07-15 18:31:09.285  2643  2656 I PhoneLab-LoggerService: Checking Threshold
07-15 18:31:09.363  1351  1353 D dalvikvm: GC_CONCURRENT freed 393K, 8% free 10357K/11207K, paused 2ms+3ms
07-15 18:31:10.031  1351  1353 D dalvikvm: GC_CONCURRENT freed 264K, 6% free 10543K/11207K, paused 28ms+2ms
07-15 18:31:10.734   291   817 I EventLogService: Aggregate from 1342389670624 (log), 1342389670624 (data)
07-15 18:31:30.554  1203  4764 D PicasaSyncService: start sync on lokeshmandvekar@gmail.com
07-15 18:31:30.609  1203  4764 D PicasaSyncManager: perform sync task: MetadataSyncTask (lokeshmandvekar@gmail.com)
07-15 18:31:31.531  1203  1205 D dalvikvm: GC_CONCURRENT freed 1235K, 20% free 13397K/16711K, paused 2ms+3ms
07-15 18:31:31.746  1203  4764 E PicasaAPI:     getAlbums fail - uri: https://picasaweb.google.com/data/feed/api/user/lokeshmandvekar?max-results=1000&imgmax=d&thumbsize=640u&visibility=visible&v=4&alt=json&fd=shapes&kind=album, status code: 403
07-15 18:31:33.351  1084  1087 D dalvikvm: GC_CONCURRENT freed 334K, 5% free 9368K/9799K, paused 18ms+2ms
07-15 18:31:40.144  1203  4764 V PicasaAPI:    etag: --> W/"DUIEQXk-fSp7ImA9WhJSFU8.",entryCount=1
07-15 18:31:40.769  1203  4764 V PicasaAPI:    etag: --> W/"DUIEQHo6cSp7ImA9WhJSFU8.",entryCount=1
07-15 18:31:41.363  1203  4764 V PicasaAPI:    etag: --> W/"DUIEQ347eCp7ImA9WhJSFU8.",entryCount=1
07-15 18:31:42.597  1203  4764 V PicasaAPI:    etag: --> W/"DUIEQnw_eyp7ImA9WhJSFU8.",entryCount=1
07-15 18:31:43.187  1203  4764 V PicasaAPI:    etag: --> W/"DUIEQnY4fSp7ImA9WhJSFU8.",entryCount=1
07-15 18:31:43.750  1203  4764 V PicasaAPI:    etag: --> W/"DUIERXo4eyp7ImA9WhJSFU8.",entryCount=1
07-15 18:31:44.379  1203  4764 V PicasaAPI:    etag: --> W/"DUIERH4-eip7ImA9WhJSFU8.",entryCount=1
07-15 18:31:44.957  1203  4764 V PicasaAPI:    etag: --> W/"DUIERHg7eip7ImA9WhJSFU8.",entryCount=1
07-15 18:31:45.812  1203  4764 V PicasaAPI:    etag: --> W/"DUIER3w6cSp7ImA9WhJSFU8.",entryCount=1
07-15 18:31:46.465  1203  4764 V PicasaAPI:    etag: --> W/"DUIERn87fip7ImA9WhJSFU8.",entryCount=1
07-15 18:31:47.070  1203  4764 V PicasaAPI:    etag: --> W/"DUIERnk4eyp7ImA9WhJSFU8.",entryCount=1
07-15 18:31:49.531  1203  4764 V PicasaAPI:    etag: --> W/"DUIESHw8eyp7ImA9WhJSFU8.",entryCount=19
07-15 18:31:50.035  1203  1205 D dalvikvm: GC_CONCURRENT freed 1363K, 20% free 13378K/16711K, paused 23ms+3ms
07-15 18:31:50.843  1203  4764 V PicasaAPI:    etag: --> W/"DUIFQH09fyp7ImA9WhJSFU8.",entryCount=1
07-15 18:31:51.406  1203  4764 V PicasaAPI:    etag: --> W/"DUIFQ34zcCp7ImA9WhJSFU8.",entryCount=1
07-15 18:31:52.086  1203  4764 V PicasaAPI:    etag: --> W/"DUIFQ3kyfyp7ImA9WhJSFU8.",entryCount=1
07-15 18:31:52.625  1203  4764 V PicasaAPI:    etag: --> W/"DUIFQnw4fip7ImA9WhJSFU8.",entryCount=1
07-15 18:31:55.218  1203  4764 V PicasaAPI:    etag: --> W/"DUIFRX0-cSp7ImA9WhJSFU8.",entryCount=1
07-15 18:31:55.757  1203  4764 V PicasaAPI:    etag: --> W/"DUIFR308eyp7ImA9WhJSFU8.",entryCount=1
07-15 18:31:56.230  1203  4764 D PicasaSyncManager: perform sync task: PrefetchFullImage (lokeshmandvekar@gmail.com)
07-15 18:31:56.636  1203  4764 D PicasaSyncManager: perform sync task: PrefetchAlbumCover (lokeshmandvekar@gmail.com)
07-15 18:31:57.773  1203  4764 D PicasaSyncManager: perform sync task: PrefetchScreenNail (lokeshmandvekar@gmail.com)
07-15 18:31:58.105  1203  4764 D PicasaSyncService: sync finished
07-15 18:33:09.168  2643  2656 I PhoneLab-: Service Running
07-15 18:33:09.308  2643  2656 I PhoneLab-LoggerService: app_37    1395  1     1432   1060  c00f181c 400107b4 S logcat
07-15 18:33:09.308  2643  2656 I PhoneLab-LoggerService: Logcat pid from database 1395
07-15 18:33:09.308  2643  2656 I PhoneLab-LoggerService: Logcat process found 1395
07-15 18:33:09.308  2643  2656 I PhoneLab-LoggerService: Checking Threshold
07-15 18:33:09.328  4639  4641 D dalvikvm: GC_CONCURRENT freed 507K, 6% free 10238K/10823K, paused 2ms+3ms
07-15 18:33:09.410  1351  1353 D dalvikvm: GC_CONCURRENT freed 724K, 8% free 10326K/11207K, paused 1ms+2ms
07-15 18:34:09.437  1351  1353 D dalvikvm: GC_CONCURRENT freed 457K, 8% free 10377K/11207K, paused 2ms+3ms
07-15 18:34:09.535  1351  1353 D dalvikvm: GC_CONCURRENT freed 295K, 7% free 10466K/11207K, paused 2ms+2ms
07-15 18:35:09.168  2643  2656 I PhoneLab-: Service Running
07-15 18:35:09.289  2643  2656 I PhoneLab-LoggerService: app_37    1395  1     1432   1060  c00f181c 400107b4 S logcat
07-15 18:35:09.293  2643  2656 I PhoneLab-LoggerService: Logcat pid from database 1395
07-15 18:35:09.293  2643  2656 I PhoneLab-LoggerService: Logcat process found 1395
07-15 18:35:09.293  2643  2656 I PhoneLab-LoggerService: Checking Threshold
07-15 18:35:09.472   144   144 D dalvikvm: GC_EXPLICIT freed 1546K, 11% free 15424K/17287K, paused 3ms+8ms
07-15 18:35:09.515  4639  4641 D dalvikvm: GC_CONCURRENT freed 531K, 6% free 10235K/10887K, paused 2ms+4ms
07-15 18:35:09.566  1351  1353 D dalvikvm: GC_CONCURRENT freed 632K, 8% free 10345K/11207K, paused 1ms+3ms
07-15 18:35:14.761   144   160 V BackupManagerService: Running a backup pass
07-15 18:35:14.785   144   214 V BackupManagerService: Backup requested but nothing pending
07-15 18:36:09.566  1351  1353 D dalvikvm: GC_CONCURRENT freed 516K, 8% free 10339K/11207K, paused 2ms+3ms
07-15 18:37:09.168  2643  2656 I PhoneLab-: Service Running
07-15 18:37:09.261  2643  2656 I PhoneLab-LoggerService: app_37    1395  1     1432   1060  c00f181c 400107b4 S logcat
07-15 18:37:09.261  2643  2656 I PhoneLab-LoggerService: Logcat pid from database 1395
07-15 18:37:09.261  2643  2656 I PhoneLab-LoggerService: Logcat process found 1395
07-15 18:37:09.261  2643  2656 I PhoneLab-LoggerService: Checking Threshold
07-15 18:37:09.574  4639  4641 D dalvikvm: GC_CONCURRENT freed 504K, 6% free 10242K/10887K, paused 2ms+3ms
07-15 18:37:09.632  1351  1351 D dalvikvm: GC_EXPLICIT freed 99K, 9% free 10261K/11207K, paused 2ms+2ms
07-15 18:37:10.250  4639  4641 D dalvikvm: GC_CONCURRENT freed 339K, 5% free 10367K/10887K, paused 2ms+3ms
07-15 18:38:09.699  1351  1353 D dalvikvm: GC_CONCURRENT freed 450K, 8% free 10311K/11207K, paused 2ms+2ms
07-15 18:38:12.621   346   346 D SAN_SERVICE: *******************************************
07-15 18:38:12.621   346   346 D SAN_SERVICE: DM App Phone Service State - 0
07-15 18:38:12.621   346   346 D SAN_SERVICE: *******************************************
07-15 18:38:16.535   346   346 D SAN_SERVICE: *******************************************
07-15 18:38:16.535   346   346 D SAN_SERVICE: DM App Phone Service State - 0
07-15 18:38:16.535   346   346 D SAN_SERVICE: *******************************************
07-15 18:39:09.168  2643  2656 I PhoneLab-: Service Running
07-15 18:39:09.246  2643  2656 I PhoneLab-LoggerService: app_37    1395  1     1432   1060  c00f181c 400107b4 S logcat
07-15 18:39:09.246  2643  2656 I PhoneLab-LoggerService: Logcat pid from database 1395
07-15 18:39:09.246  2643  2656 I PhoneLab-LoggerService: Logcat process found 1395
07-15 18:39:09.246  2643  2656 I PhoneLab-LoggerService: Checking Threshold
07-15 18:39:09.257  2643  2645 D dalvikvm: GC_CONCURRENT freed 406K, 15% free 9146K/10695K, paused 2ms+2ms
07-15 18:39:09.679  4639  4641 D dalvikvm: GC_CONCURRENT freed 557K, 6% free 10382K/11015K, paused 2ms+2ms
07-15 18:39:09.808   291   294 D dalvikvm: GC_CONCURRENT freed 390K, 6% free 10496K/11143K, paused 3ms+15ms
07-15 18:39:09.832  1351  1353 D dalvikvm: GC_CONCURRENT freed 488K, 8% free 10335K/11207K, paused 2ms+4ms
07-15 18:40:09.914  1351  1353 D dalvikvm: GC_CONCURRENT freed 450K, 9% free 10306K/11207K, paused 2ms+3ms
07-15 18:41:09.168  2643  2656 I PhoneLab-: Service Running
07-15 18:41:09.242  2643  2656 I PhoneLab-LoggerService: app_37    1395  1     1432   1060  c00f181c 400107b4 S logcat
07-15 18:41:09.242  2643  2656 I PhoneLab-LoggerService: Logcat pid from database 1395
07-15 18:41:09.242  2643  2656 I PhoneLab-LoggerService: Logcat process found 1395
07-15 18:41:09.242  2643  2656 I PhoneLab-LoggerService: Checking Threshold
07-15 18:41:09.859  4639  4641 D dalvikvm: GC_CONCURRENT freed 506K, 6% free 10388K/11015K, paused 2ms+3ms
07-15 18:41:09.996   215   217 D dalvikvm: GC_CONCURRENT freed 384K, 33% free 9652K/14215K, paused 1ms+3ms
07-15 18:42:07.390   144   174 I ActivityManager: Start proc com.google.android.maps.mytracks for service com.google.android.maps.mytracks/com.google.android.apps.mytracks.services.RemoveTempFilesService: pid=4820 uid=10072 gids={3002, 3001, 3003, 1015}
07-15 18:42:07.453  4820  4820 I ActivityThread: Pub com.google.android.maps.mytracks.search: com.google.android.apps.mytracks.content.SearchEngineProvider
07-15 18:42:07.457  4820  4820 I ActivityThread: Pub com.google.android.maps.mytracks: com.google.android.apps.mytracks.content.MyTracksProvider
07-15 18:42:07.476  4820  4820 D MyTracks: Enabling strict mode
07-15 18:42:07.570  4820  4823 D dalvikvm: GC_CONCURRENT freed 331K, 5% free 9185K/9607K, paused 4ms+2ms
07-15 18:42:07.683  4820  4820 D StrictMode: StrictMode policy violation; ~duration=174 ms: android.os.StrictMode$StrictModeDiskWriteViolation: policy=21 violation=1
07-15 18:42:07.683  4820  4820 D StrictMode: 	at android.os.StrictMode$AndroidBlockGuardPolicy.onWriteToDisk(StrictMode.java:1063)
07-15 18:42:07.683  4820  4820 D StrictMode: 	at android.database.sqlite.SQLiteStatement.acquireAndLock(SQLiteStatement.java:226)
07-15 18:42:07.683  4820  4820 D StrictMode: 	at android.database.sqlite.SQLiteStatement.executeUpdateDelete(SQLiteStatement.java:84)
07-15 18:42:07.683  4820  4820 D StrictMode: 	at android.database.sqlite.SQLiteDatabase.executeSql(SQLiteDatabase.java:1899)
07-15 18:42:07.683  4820  4820 D StrictMode: 	at android.database.sqlite.SQLiteDatabase.execSQL(SQLiteDatabase.java:1839)
07-15 18:42:07.683  4820  4820 D StrictMode: 	at android.database.sqlite.SQLiteDatabase.setPageSize(SQLiteDatabase.java:1297)
07-15 18:42:07.683  4820  4820 D StrictMode: 	at android.database.sqlite.SQLiteDatabase.openDatabase(SQLiteDatabase.java:995)
07-15 18:42:07.683  4820  4820 D StrictMode: 	at android.database.sqlite.SQLiteDatabase.openOrCreateDatabase(SQLiteDatabase.java:1051)
07-15 18:42:07.683  4820  4820 D StrictMode: 	at android.app.ContextImpl.openOrCreateDatabase(ContextImpl.java:770)
07-15 18:42:07.683  4820  4820 D StrictMode: 	at android.content.ContextWrapper.openOrCreateDatabase(ContextWrapper.java:221)
07-15 18:42:07.683  4820  4820 D StrictMode: 	at android.database.sqlite.SQLiteOpenHelper.getWritableDatabase(SQLiteOpenHelper.java:157)
07-15 18:42:07.683  4820  4820 D StrictMode: 	at com.google.android.apps.analytics.v.<init>(Unknown Source)
07-15 18:42:07.683  4820  4820 D StrictMode: 	at com.google.android.apps.analytics.v.<init>(Unknown Source)
07-15 18:42:07.683  4820  4820 D StrictMode: 	at com.google.android.apps.analytics.i.a(Unknown Source)
07-15 18:42:07.683  4820  4820 D StrictMode: 	at com.google.android.apps.mytracks.b.a.a(MT:43)
07-15 18:42:07.683  4820  4820 D StrictMode: 	at com.google.android.apps.mytracks.MyTracksApplication.onCreate(MT:42)
07-15 18:42:07.683  4820  4820 D StrictMode: 	at android.app.Instrumentation.callApplicationOnCreate(Instrumentation.java:969)
07-15 18:42:07.683  4820  4820 D StrictMode: 	at android.app.ActivityThread.handleBindApplication(ActivityThread.java:3954)
07-15 18:42:07.683  4820  4820 D StrictMode: 	at android.app.ActivityThread.access$1300(ActivityThread.java:123)
07-15 18:42:07.683  4820  4820 D StrictMode: 	at android.app.ActivityThread$H.handleMessage(ActivityThread.java:1185)
07-15 18:42:07.683  4820  4820 D StrictMode: 	at android.os.Handler.dispatchMessage(Handler.java:99)
07-15 18:42:07.683  4820  4820 D StrictMode: 	at android.os.Looper.loop(Looper.java:137)
07-15 18:42:07.683  4820  4820 D StrictMode: 	at android.app.ActivityThread.main(ActivityThread.java:4424)
07-15 18:42:07.683  4820  4820 D StrictMode: 	at java.lang.reflect.Method.invokeNative(Native Method)
07-15 18:42:07.683  4820  4820 D StrictMode: 	at java.lang.reflect.Method.invoke(Method.java:511)
07-15 18:42:07.683  4820  4820 D StrictMode: 	at com.android.internal.os.ZygoteInit$MethodAndArgsCaller.run(ZygoteInit.java:784)
07-15 18:42:07.683  4820  4820 D StrictMode: 	at com.android.internal.os.ZygoteInit.main(ZygoteInit.java:551)
07-15 18:42:07.683  4820  4820 D StrictMode: 	at dalvik.system.NativeStart.main(Native Method)
07-15 18:42:07.687  4820  4820 D StrictMode: StrictMode policy violation; ~duration=151 ms: android.os.StrictMode$StrictModeDiskWriteViolation: policy=21 violation=1
07-15 18:42:07.687  4820  4820 D StrictMode: 	at android.os.StrictMode$AndroidBlockGuardPolicy.onWriteToDisk(StrictMode.java:1063)
07-15 18:42:07.687  4820  4820 D StrictMode: 	at android.database.sqlite.SQLiteStatement.acquireAndLock(SQLiteStatement.java:226)
07-15 18:42:07.687  4820  4820 D StrictMode: 	at android.database.sqlite.SQLiteStatement.executeUpdateDelete(SQLiteStatement.java:84)
07-15 18:42:07.687  4820  4820 D StrictMode: 	at android.database.sqlite.SQLiteDatabase.executeSql(SQLiteDatabase.java:1899)
07-15 18:42:07.687  4820  4820 D StrictMode: 	at android.database.sqlite.SQLiteDatabase.execSQL(SQLiteDatabase.java:1839)
07-15 18:42:07.687  4820  4820 D StrictMode: 	at android.database.sqlite.SQLiteDatabase.beginTransaction(SQLiteDatabase.java:659)
07-15 18:42:07.687  4820  4820 D StrictMode: 	at android.database.sqlite.SQLiteDatabase.beginTransaction(SQLiteDatabase.java:552)
07-15 18:42:07.687  4820  4820 D StrictMode: 	at com.google.android.apps.analytics.v.a(Unknown Source)
07-15 18:42:07.687  4820  4820 D StrictMode: 	at com.google.android.apps.analytics.i.a(Unknown Source)
07-15 18:42:07.687  4820  4820 D StrictMode: 	at com.google.android.apps.mytracks.b.a.a(MT:45)
07-15 18:42:07.687  4820  4820 D StrictMode: 	at com.google.android.apps.mytracks.MyTracksApplication.onCreate(MT:42)
07-15 18:42:07.687  4820  4820 D StrictMode: 	at android.app.Instrumentation.callApplicationOnCreate(Instrumentation.java:969)
07-15 18:42:07.687  4820  4820 D StrictMode: 	at android.app.ActivityThread.handleBindApplication(ActivityThread.java:3954)
07-15 18:42:07.687  4820  4820 D StrictMode: 	at android.app.ActivityThread.access$1300(ActivityThread.java:123)
07-15 18:42:07.687  4820  4820 D StrictMode: 	at android.app.ActivityThread$H.handleMessage(ActivityThread.java:1185)
07-15 18:42:07.687  4820  4820 D StrictMode: 	at android.os.Handler.dispatchMessage(Handler.java:99)
07-15 18:42:07.687  4820  4820 D StrictMode: 	at android.os.Looper.loop(Looper.java:137)
07-15 18:42:07.687  4820  4820 D StrictMode: 	at android.app.ActivityThread.main(ActivityThread.java:4424)
07-15 18:42:07.687  4820  4820 D StrictMode: 	at java.lang.reflect.Method.invokeNative(Native Method)
07-15 18:42:07.687  4820  4820 D StrictMode: 	at java.lang.reflect.Method.invoke(Method.java:511)
07-15 18:42:07.687  4820  4820 D StrictMode: 	at com.android.internal.os.ZygoteInit$MethodAndArgsCaller.run(ZygoteInit.java:784)
07-15 18:42:07.687  4820  4820 D StrictMode: 	at com.android.internal.os.ZygoteInit.main(ZygoteInit.java:551)
07-15 18:42:07.687  4820  4820 D StrictMode: 	at dalvik.system.NativeStart.main(Native Method)
07-15 18:42:07.691  4820  4820 D StrictMode: StrictMode policy violation; ~duration=148 ms: android.os.StrictMode$StrictModeDiskWriteViolation: policy=21 violation=1
07-15 18:42:07.691  4820  4820 D StrictMode: 	at android.os.StrictMode$AndroidBlockGuardPolicy.onWriteToDisk(StrictMode.java:1063)
07-15 18:42:07.691  4820  4820 D StrictMode: 	at android.database.sqlite.SQLiteStatement.acquireAndLock(SQLiteStatement.java:226)
07-15 18:42:07.691  4820  4820 D StrictMode: 	at android.database.sqlite.SQLiteStatement.executeUpdateDelete(SQLiteStatement.java:84)
07-15 18:42:07.691  4820  4820 D StrictMode: 	at android.database.sqlite.SQLiteDatabase.delete(SQLiteDatabase.java:1741)
07-15 18:42:07.691  4820  4820 D StrictMode: 	at com.google.android.apps.analytics.v.a(Unknown Source)
07-15 18:42:07.691  4820  4820 D StrictMode: 	at com.google.android.apps.analytics.i.a(Unknown Source)
07-15 18:42:07.691  4820  4820 D StrictMode: 	at com.google.android.apps.mytracks.b.a.a(MT:45)
07-15 18:42:07.691  4820  4820 D StrictMode: 	at com.google.android.apps.mytracks.MyTracksApplication.onCreate(MT:42)
07-15 18:42:07.691  4820  4820 D StrictMode: 	at android.app.Instrumentation.callApplicationOnCreate(Instrumentation.java:969)
07-15 18:42:07.691  4820  4820 D StrictMode: 	at android.app.ActivityThread.handleBindApplication(ActivityThread.java:3954)
07-15 18:42:07.691  4820  4820 D StrictMode: 	at android.app.ActivityThread.access$1300(ActivityThread.java:123)
07-15 18:42:07.691  4820  4820 D StrictMode: 	at android.app.ActivityThread$H.handleMessage(ActivityThread.java:1185)
07-15 18:42:07.691  4820  4820 D StrictMode: 	at android.os.Handler.dispatchMessage(Handler.java:99)
07-15 18:42:07.691  4820  4820 D StrictMode: 	at android.os.Looper.loop(Looper.java:137)
07-15 18:42:07.691  4820  4820 D StrictMode: 	at android.app.ActivityThread.main(ActivityThread.java:4424)
07-15 18:42:07.691  4820  4820 D StrictMode: 	at java.lang.reflect.Method.invokeNative(Native Method)
07-15 18:42:07.691  4820  4820 D StrictMode: 	at java.lang.reflect.Method.invoke(Method.java:511)
07-15 18:42:07.691  4820  4820 D StrictMode: 	at com.android.internal.os.ZygoteInit$MethodAndArgsCaller.run(ZygoteInit.java:784)
07-15 18:42:07.691  4820  4820 D StrictMode: 	at com.android.internal.os.ZygoteInit.main(ZygoteInit.java:551)
07-15 18:42:07.691  4820  4820 D StrictMode: 	at dalvik.system.NativeStart.main(Native Method)
07-15 18:42:07.691  4820  4820 D StrictMode: StrictMode policy violation; ~duration=143 ms: android.os.StrictMode$StrictModeDiskWriteViolation: policy=21 violation=1
07-15 18:42:07.691  4820  4820 D StrictMode: 	at android.os.StrictMode$AndroidBlockGuardPolicy.onWriteToDisk(StrictMode.java:1063)
07-15 18:42:07.691  4820  4820 D StrictMode: 	at android.database.sqlite.SQLiteStatement.acquireAndLock(SQLiteStatement.java:226)
07-15 18:42:07.691  4820  4820 D StrictMode: 	at android.database.sqlite.SQLiteStatement.executeInsert(SQLiteStatement.java:112)
07-15 18:42:07.691  4820  4820 D StrictMode: 	at android.database.sqlite.SQLiteDatabase.insertWithOnConflict(SQLiteDatabase.java:1718)
07-15 18:42:07.691  4820  4820 D StrictMode: 	at android.database.sqlite.SQLiteDatabase.insert(SQLiteDatabase.java:1591)
07-15 18:42:07.691  4820  4820 D StrictMode: 	at com.google.android.apps.analytics.v.a(Unknown Source)
07-15 18:42:07.691  4820  4820 D StrictMode: 	at com.google.android.apps.analytics.i.a(Unknown Source)
07-15 18:42:07.691  4820  4820 D StrictMode: 	at com.google.android.apps.mytracks.b.a.a(MT:45)
07-15 18:42:07.691  4820  4820 D StrictMode: 	at com.google.android.apps.mytracks.MyTracksApplication.onCreate(MT:42)
07-15 18:42:07.691  4820  4820 D StrictMode: 	at android.app.Instrumentation.callApplicationOnCreate(Instrumentation.java:969)
07-15 18:42:07.691  4820  4820 D StrictMode: 	at android.app.ActivityThread.handleBindApplication(ActivityThread.java:3954)
07-15 18:42:07.691  4820  4820 D StrictMode: 	at android.app.ActivityThread.access$1300(ActivityThread.java:123)
07-15 18:42:07.691  4820  4820 D StrictMode: 	at android.app.ActivityThread$H.handleMessage(ActivityThread.java:1185)
07-15 18:42:07.691  4820  4820 D StrictMode: 	at android.os.Handler.dispatchMessage(Handler.java:99)
07-15 18:42:07.691  4820  4820 D StrictMode: 	at android.os.Looper.loop(Looper.java:137)
07-15 18:42:07.691  4820  4820 D StrictMode: 	at android.app.ActivityThread.main(ActivityThread.java:4424)
07-15 18:42:07.691  4820  4820 D StrictMode: 	at java.lang.reflect.Method.invokeNative(Native Method)
07-15 18:42:07.691  4820  4820 D StrictMode: 	at java.lang.reflect.Method.invoke(Method.java:511)
07-15 18:42:07.691  4820  4820 D StrictMode: 	at com.android.internal.os.ZygoteInit$MethodAndArgsCaller.run(ZygoteInit.java:784)
07-15 18:42:07.691  4820  4820 D StrictMode: 	at com.android.internal.os.ZygoteInit.main(ZygoteInit.java:551)
07-15 18:42:07.691  4820  4820 D StrictMode: 	at dalvik.system.NativeStart.main(Native Method)
07-15 18:42:07.695  4820  4820 D StrictMode: StrictMode policy violation; ~duration=120 ms: android.os.StrictMode$StrictModeDiskWriteViolation: policy=21 violation=1
07-15 18:42:07.695  4820  4820 D StrictMode: 	at android.os.StrictMode$AndroidBlockGuardPolicy.onWriteToDisk(StrictMode.java:1063)
07-15 18:42:07.695  4820  4820 D StrictMode: 	at android.database.sqlite.SQLiteStatement.acquireAndLock(SQLiteStatement.java:226)
07-15 18:42:07.695  4820  4820 D StrictMode: 	at android.database.sqlite.SQLiteStatement.executeInsert(SQLiteStatement.java:112)
07-15 18:42:07.695  4820  4820 D StrictMode: 	at android.database.sqlite.SQLiteDatabase.insertWithOnConflict(SQLiteDatabase.java:1718)
07-15 18:42:07.695  4820  4820 D StrictMode: 	at android.database.sqlite.SQLiteDatabase.insert(SQLiteDatabase.java:1591)
07-15 18:42:07.695  4820  4820 D StrictMode: 	at com.google.android.apps.analytics.v.a(Unknown Source)
07-15 18:42:07.695  4820  4820 D StrictMode: 	at com.google.android.apps.analytics.v.a(Unknown Source)
07-15 18:42:07.695  4820  4820 D StrictMode: 	at com.google.android.apps.analytics.v.a(Unknown Source)
07-15 18:42:07.695  4820  4820 D StrictMode: 	at com.google.android.apps.analytics.i.a(Unknown Source)
07-15 18:42:07.695  4820  4820 D StrictMode: 	at com.google.android.apps.mytracks.b.a.a(MT:45)
07-15 18:42:07.695  4820  4820 D StrictMode: 	at com.google.android.apps.mytracks.MyTracksApplication.onCreate(MT:42)
07-15 18:42:07.695  4820  4820 D StrictMode: 	at android.app.Instrumentation.callApplicationOnCreate(Instrumentation.java:969)
07-15 18:42:07.695  4820  4820 D StrictMode: 	at android.app.ActivityThread.handleBindApplication(ActivityThread.java:3954)
07-15 18:42:07.695  4820  4820 D StrictMode: 	at android.app.ActivityThread.access$1300(ActivityThread.java:123)
07-15 18:42:07.695  4820  4820 D StrictMode: 	at android.app.ActivityThread$H.handleMessage(ActivityThread.java:1185)
07-15 18:42:07.695  4820  4820 D StrictMode: 	at android.os.Handler.dispatchMessage(Handler.java:99)
07-15 18:42:07.695  4820  4820 D StrictMode: 	at android.os.Looper.loop(Looper.java:137)
07-15 18:42:07.695  4820  4820 D StrictMode: 	at android.app.ActivityThread.main(ActivityThread.java:4424)
07-15 18:42:07.695  4820  4820 D StrictMode: 	at java.lang.reflect.Method.invokeNative(Native Method)
07-15 18:42:07.695  4820  4820 D StrictMode: 	at java.lang.reflect.Method.invoke(Method.java:511)
07-15 18:42:07.695  4820  4820 D StrictMode: 	at com.android.internal.os.ZygoteInit$MethodAndArgsCaller.run(ZygoteInit.java:784)
07-15 18:42:07.695  4820  4820 D StrictMode: 	at com.android.internal.os.ZygoteInit.main(ZygoteInit.java:551)
07-15 18:42:07.695  4820  4820 D StrictMode: 	at dalvik.system.NativeStart.main(Native Method)
07-15 18:42:07.695  4820  4820 D StrictMode: StrictMode policy violation; ~duration=113 ms: android.os.StrictMode$StrictModeDiskWriteViolation: policy=21 violation=1
07-15 18:42:07.695  4820  4820 D StrictMode: 	at android.os.StrictMode$AndroidBlockGuardPolicy.onWriteToDisk(StrictMode.java:1063)
07-15 18:42:07.695  4820  4820 D StrictMode: 	at android.database.sqlite.SQLiteStatement.acquireAndLock(SQLiteStatement.java:226)
07-15 18:42:07.695  4820  4820 D StrictMode: 	at android.database.sqlite.SQLiteStatement.executeUpdateDelete(SQLiteStatement.java:84)
07-15 18:42:07.695  4820  4820 D StrictMode: 	at android.database.sqlite.SQLiteDatabase.executeSql(SQLiteDatabase.java:1899)
07-15 18:42:07.695  4820  4820 D StrictMode: 	at android.database.sqlite.SQLiteDatabase.execSQL(SQLiteDatabase.java:1839)
07-15 18:42:07.695  4820  4820 D StrictMode: 	at android.database.sqlite.SQLiteDatabase.endTransaction(SQLiteDatabase.java:714)
07-15 18:42:07.695  4820  4820 D StrictMode: 	at com.google.android.apps.analytics.v.d(Unknown Source)
07-15 18:42:07.695  4820  4820 D StrictMode: 	at com.google.android.apps.analytics.v.a(Unknown Source)
07-15 18:42:07.695  4820  4820 D StrictMode: 	at com.google.android.apps.analytics.i.a(Unknown Source)
07-15 18:42:07.695  4820  4820 D StrictMode: 	at com.google.android.apps.mytracks.b.a.a(MT:45)
07-15 18:42:07.695  4820  4820 D StrictMode: 	at com.google.android.apps.mytracks.MyTracksApplication.onCreate(MT:42)
07-15 18:42:07.695  4820  4820 D StrictMode: 	at android.app.Instrumentation.callApplicationOnCreate(Instrumentation.java:969)
07-15 18:42:07.695  4820  4820 D StrictMode: 	at android.app.ActivityThread.handleBindApplication(ActivityThread.java:3954)
07-15 18:42:07.695  4820  4820 D StrictMode: 	at android.app.ActivityThread.access$1300(ActivityThread.java:123)
07-15 18:42:07.695  4820  4820 D StrictMode: 	at android.app.ActivityThread$H.handleMessage(ActivityThread.java:1185)
07-15 18:42:07.695  4820  4820 D StrictMode: 	at android.os.Handler.dispatchMessage(Handler.java:99)
07-15 18:42:07.695  4820  4820 D StrictMode: 	at android.os.Looper.loop(Looper.java:137)
07-15 18:42:07.695  4820  4820 D StrictMode: 	at android.app.ActivityThread.main(ActivityThread.java:4424)
07-15 18:42:07.695  4820  4820 D StrictMode: 	at java.lang.reflect.Method.invokeNative(Native Method)
07-15 18:42:07.695  4820  4820 D StrictMode: 	at java.lang.reflect.Method.invoke(Method.java:511)
07-15 18:42:07.695  4820  4820 D StrictMode: 	at com.android.internal.os.ZygoteInit$MethodAndArgsCaller.run(ZygoteInit.java:784)
07-15 18:42:07.695  4820  4820 D StrictMode: 	at com.android.internal.os.ZygoteInit.main(ZygoteInit.java:551)
07-15 18:42:07.695  4820  4820 D StrictMode: 	at dalvik.system.NativeStart.main(Native Method)
07-15 18:42:07.734   144   310 I ActivityManager: No longer want com.android.providers.calendar (pid 2334): hidden #16
07-15 18:42:09.961  1351  1353 D dalvikvm: GC_CONCURRENT freed 493K, 9% free 10310K/11207K, paused 2ms+3ms
07-15 18:42:53.379   215   215 D PhoneStatusBar: disable: < expand icons alerts ticker system_info BACK HOME recent* CLOCK >
07-15 18:42:53.437   215   215 D PhoneStatusBar: disable: < expand icons alerts ticker system_info back* home* recent clock* >
07-15 18:42:53.468   144   155 W InputManagerService: Window already focused, ignoring focus gain of: com.android.internal.view.IInputMethodClient$Stub$Proxy@41a028f0
07-15 18:42:53.715   291   294 D dalvikvm: GC_CONCURRENT freed 351K, 6% free 10535K/11143K, paused 2ms+5ms
07-15 18:42:53.894  4616  4618 D dalvikvm: GC_CONCURRENT freed 372K, 5% free 9617K/10119K, paused 1ms+3ms
07-15 18:42:54.043  4616  4628 D dalvikvm: GC_EXPLICIT freed 343K, 6% free 9580K/10119K, paused 2ms+4ms
07-15 18:42:54.570   144   342 D dalvikvm: GC_EXPLICIT freed 1369K, 11% free 15411K/17287K, paused 2ms+8ms
07-15 18:42:55.652   371   371 D dalvikvm: GC_FOR_ALLOC freed 508K, 10% free 11633K/12871K, paused 24ms
07-15 18:42:55.808   144   156 I ActivityManager: START {act=android.intent.action.MAIN cat=[android.intent.category.LAUNCHER] flg=0x10000000 pkg=com.twitter.android cmp=com.twitter.android/.StartActivity bnds=[120,254][240,404]} from pid 371
07-15 18:42:55.918   144   310 I ActivityManager: Start proc com.twitter.android for activity com.twitter.android/.StartActivity: pid=4840 uid=10064 gids={3003, 1015}
07-15 18:42:55.937  4840  4840 I dalvikvm: Turning on JNI app bug workarounds for target SDK version 11...
07-15 18:42:56.043   371   371 D OpenGLRenderer: Flushing caches (mode 1)
07-15 18:42:56.093   371   371 D OpenGLRenderer: Flushing caches (mode 0)
07-15 18:42:56.125  4840  4840 I ActivityThread: Pub com.twitter.android.provider.GlobalDatabaseProvider: com.twitter.android.provider.GlobalDatabaseProvider
07-15 18:42:56.136  4840  4840 I ActivityThread: Pub com.twitter.android.provider.TwitterProvider: com.twitter.android.provider.TwitterProvider
07-15 18:42:56.300  4840  4842 D dalvikvm: GC_CONCURRENT freed 150K, 3% free 9365K/9607K, paused 8ms+3ms
07-15 18:42:56.465   144   160 I Process : Sending signal. PID: 4840 SIG: 3
07-15 18:42:56.465  4840  4844 I dalvikvm: threadid=3: reacting to signal 3
07-15 18:42:56.500  4840  4844 I dalvikvm: Wrote stack traces to '/data/anr/traces.txt'
07-15 18:42:56.656  4840  4840 D dalvikvm: GC_FOR_ALLOC freed 181K, 4% free 9501K/9799K, paused 72ms
07-15 18:42:56.664  4840  4840 I dalvikvm-heap: Grow heap (frag case) to 11.896MB for 2668016-byte allocation
07-15 18:42:56.699  4840  4842 D dalvikvm: GC_CONCURRENT freed 2K, 3% free 12105K/12423K, paused 1ms+4ms
07-15 18:42:56.777  4840  4840 D dalvikvm: GC_FOR_ALLOC freed 0K, 3% free 12105K/12423K, paused 15ms
07-15 18:42:56.793  4840  4840 I dalvikvm-heap: Grow heap (frag case) to 17.622MB for 6006016-byte allocation
07-15 18:42:56.820  4840  4842 D dalvikvm: GC_CONCURRENT freed 0K, 2% free 17970K/18311K, paused 1ms+2ms
07-15 18:42:56.937   144   155 I ActivityManager: START {flg=0x4000000 cmp=com.twitter.android/.HomeTabActivity} from pid 4840
07-15 18:42:56.949   144   160 I Process : Sending signal. PID: 4840 SIG: 3
07-15 18:42:56.949  4840  4844 I dalvikvm: threadid=3: reacting to signal 3
07-15 18:42:56.957  4840  4844 I dalvikvm: Wrote stack traces to '/data/anr/traces.txt'
07-15 18:42:57.472   144   160 I Process : Sending signal. PID: 4840 SIG: 3
07-15 18:42:57.472  4840  4844 I dalvikvm: threadid=3: reacting to signal 3
07-15 18:42:57.613  4840  4844 I dalvikvm: Wrote stack traces to '/data/anr/traces.txt'
07-15 18:42:57.812   215   215 V PhoneStatusBar: setLightsOn(true)
07-15 18:42:57.840  4840  4840 D libEGL  : loaded /system/lib/egl/libGLES_android.so
07-15 18:42:57.851  4840  4840 D libEGL  : loaded /vendor/lib/egl/libEGL_POWERVR_SGX540_120.so
07-15 18:42:57.879  4840  4840 D libEGL  : loaded /vendor/lib/egl/libGLESv1_CM_POWERVR_SGX540_120.so
07-15 18:42:57.882  4840  4840 D libEGL  : loaded /vendor/lib/egl/libGLESv2_POWERVR_SGX540_120.so
07-15 18:42:57.972   144   160 I Process : Sending signal. PID: 4840 SIG: 3
07-15 18:42:57.972  4840  4844 I dalvikvm: threadid=3: reacting to signal 3
07-15 18:42:58.015  4840  4840 D OpenGLRenderer: Enabling debug mode 0
07-15 18:42:58.023  4840  4844 I dalvikvm: Wrote stack traces to '/data/anr/traces.txt'
07-15 18:42:58.109   144   175 I ActivityManager: Displayed com.twitter.android/.HomeTabActivity: +1s136ms (total +2s204ms)
07-15 18:42:58.500   291   536 D androidNetworkLocationListeners: Still have listener com.google.android.location.internal.client.NetworkLocationClient$1@4135cec8
07-15 18:42:58.519   291   536 D androidNetworkLocationListeners: Still have listener com.google.android.location.internal.client.NetworkLocationClient$1@4135cec8
07-15 18:42:58.785  4840  4840 W SoundPool:   sample 2 not READY
07-15 18:42:58.949  4840  4842 D dalvikvm: GC_CONCURRENT freed 3463K, 18% free 16536K/20039K, paused 184ms+5ms
07-15 18:42:59.043   215   217 D dalvikvm: GC_CONCURRENT freed 249K, 31% free 9869K/14215K, paused 2ms+12ms
07-15 18:42:59.175   215   217 D dalvikvm: GC_CONCURRENT freed 599K, 32% free 9751K/14215K, paused 2ms+5ms
07-15 18:42:59.894   291   294 D dalvikvm: GC_CONCURRENT freed 507K, 7% free 10449K/11143K, paused 2ms+6ms
07-15 18:42:59.929   291   536 D androidNetworkLocationListeners: Still have listener com.google.android.location.internal.client.NetworkLocationClient$1@4135cec8
07-15 18:43:00.043  4840  4842 D dalvikvm: GC_CONCURRENT freed 7326K, 45% free 11132K/20039K, paused 2ms+5ms
07-15 18:43:00.152   215   215 D dalvikvm: GC_FOR_ALLOC freed 431K, 32% free 9692K/14215K, paused 19ms
07-15 18:43:00.203   215   217 D dalvikvm: GC_CONCURRENT freed 318K, 31% free 9831K/14215K, paused 2ms+2ms
07-15 18:43:00.273   215   217 D dalvikvm: GC_CONCURRENT freed 617K, 32% free 9691K/14215K, paused 2ms+3ms
07-15 18:43:00.437  4840  4842 D dalvikvm: GC_CONCURRENT freed 564K, 45% free 11146K/20039K, paused 2ms+3ms
07-15 18:43:00.601  4840  4842 D dalvikvm: GC_CONCURRENT freed 479K, 44% free 11257K/20039K, paused 3ms+3ms
07-15 18:43:00.789  4840  4842 D dalvikvm: GC_CONCURRENT freed 493K, 44% free 11386K/20039K, paused 6ms+4ms
07-15 18:43:00.968  4840  4842 D dalvikvm: GC_CONCURRENT freed 541K, 43% free 11514K/20039K, paused 2ms+3ms
07-15 18:43:01.175  4840  4842 D dalvikvm: GC_CONCURRENT freed 568K, 42% free 11651K/20039K, paused 2ms+3ms
07-15 18:43:01.441  4840  4842 D dalvikvm: GC_CONCURRENT freed 611K, 42% free 11796K/20039K, paused 2ms+3ms
07-15 18:43:02.535  4840  4842 D dalvikvm: GC_CONCURRENT freed 467K, 40% free 12132K/20039K, paused 3ms+3ms
07-15 18:43:03.265  4840  4842 D dalvikvm: GC_CONCURRENT freed 679K, 39% free 12401K/20039K, paused 3ms+4ms
07-15 18:43:03.664  4840  4842 D dalvikvm: GC_CONCURRENT freed 422K, 36% free 12980K/20039K, paused 2ms+3ms
07-15 18:43:05.035  4639  4641 D dalvikvm: GC_CONCURRENT freed 387K, 6% free 10384K/11015K, paused 3ms+2ms
07-15 18:43:05.285  4840  4842 D dalvikvm: GC_CONCURRENT freed 1275K, 36% free 12907K/20039K, paused 2ms+4ms
07-15 18:43:06.750    81   122 D AudioHardware: AudioHardware pcm playback is exiting standby.
07-15 18:43:06.750    81   122 D AudioHardware: openPcmOut_l() mPcmOpenCnt: 0
07-15 18:43:07.093  4840  4842 D dalvikvm: GC_CONCURRENT freed 1763K, 39% free 12327K/20039K, paused 4ms+4ms
07-15 18:43:08.863  1351  1353 D dalvikvm: GC_CONCURRENT freed 436K, 8% free 10385K/11207K, paused 1ms+3ms
07-15 18:43:09.168  2643  2656 I PhoneLab-: Service Running
07-15 18:43:09.250  2643  2656 I PhoneLab-LoggerService: app_37    1395  1     1432   1060  c00f181c 400107b4 S logcat
07-15 18:43:09.250  2643  2656 I PhoneLab-LoggerService: Logcat pid from database 1395
07-15 18:43:09.250  2643  2656 I PhoneLab-LoggerService: Logcat process found 1395
07-15 18:43:09.250  2643  2656 I PhoneLab-LoggerService: Checking Threshold
07-15 18:43:09.890    81   122 D AudioHardware: AudioHardware pcm playback is going to standby.
07-15 18:43:09.890    81   122 D AudioHardware: closePcmOut_l() mPcmOpenCnt: 1
07-15 18:43:10.828  4840  4847 I dalvikvm: Jit: resizing JitTable from 4096 to 8192
07-15 18:43:11.867   321   322 D dalvikvm: GC_CONCURRENT freed 1418K, 14% free 10024K/11591K, paused 7ms+10ms
07-15 18:43:11.882   321   321 D dalvikvm: GC_FOR_ALLOC freed 3K, 14% free 10021K/11591K, paused 15ms
07-15 18:43:11.886   321   321 I dalvikvm-heap: Grow heap (frag case) to 10.700MB for 885136-byte allocation
07-15 18:43:11.898   321   321 D dalvikvm: GC_FOR_ALLOC freed <1K, 7% free 10885K/11591K, paused 15ms
07-15 18:43:12.070  4840  4842 D dalvikvm: GC_CONCURRENT freed 738K, 37% free 12636K/20039K, paused 10ms+54ms
07-15 18:43:12.191   215   217 D dalvikvm: GC_CONCURRENT freed 348K, 31% free 9834K/14215K, paused 2ms+2ms
07-15 18:43:12.855  4840  4898 I DatabaseHelper: Begin cleanup.
07-15 18:43:15.675  4840  4898 I DatabaseHelper: Cleaned up: 423
07-15 18:43:19.121   144   390 I ActivityManager: START {act=com.twitter.android.action.USER_SHOW_TYPEAHEAD flg=0x10000000 cmp=com.twitter.android/.SearchTweetsActivity (has extras)} from pid 4840
07-15 18:43:19.265   144   390 D dalvikvm: GC_FOR_ALLOC freed 1297K, 15% free 14777K/17287K, paused 100ms
07-15 18:43:19.293   144  1168 W WindowManager: Force-removing child win Window{4176fdf0 PopupWindow:41d58540 paused=false} from container Window{416c4750 com.twitter.android/com.twitter.android.HomeTabActivity paused=true}
07-15 18:43:19.300  4840  4840 E InputQueue-JNI: channel '4176fdf0 PopupWindow:41d58540 (client)' ~ Publisher closed input channel or an error occurred.  events=0x8
07-15 18:43:19.414    78    78 E SurfaceTexture: [PopupWindow:41d58540] query: SurfaceTexture has been abandoned!
07-15 18:43:19.414  4840  4840 E libEGL  : eglMakeCurrent:674 error 300b (EGL_BAD_NATIVE_WINDOW)
07-15 18:43:19.422  4840  4840 E HardwareRenderer: eglMakeCurrent failed EGL_BAD_NATIVE_WINDOW
07-15 18:43:19.437    78   533 W SurfaceTexture: [PopupWindow:41d58540] cancelBuffer: SurfaceTexture has been abandoned!
07-15 18:43:19.441  4840  4840 W HardwareRenderer: Mountain View, we've had a problem here. Switching back to software rendering.
07-15 18:43:19.472   144   342 W WindowManager: Failed looking up window
07-15 18:43:19.472   144   342 W WindowManager: java.lang.IllegalArgumentException: Requested window android.os.BinderProxy@41a15c08 does not exist
07-15 18:43:19.472   144   342 W WindowManager: 	at com.android.server.wm.WindowManagerService.windowForClientLocked(WindowManagerService.java:7163)
07-15 18:43:19.472   144   342 W WindowManager: 	at com.android.server.wm.WindowManagerService.windowForClientLocked(WindowManagerService.java:7154)
07-15 18:43:19.472   144   342 W WindowManager: 	at com.android.server.wm.WindowManagerService.removeWindow(WindowManagerService.java:2209)
07-15 18:43:19.472   144   342 W WindowManager: 	at com.android.server.wm.Session.remove(Session.java:149)
07-15 18:43:19.472   144   342 W WindowManager: 	at android.view.IWindowSession$Stub.onTransact(IWindowSession.java:124)
07-15 18:43:19.472   144   342 W WindowManager: 	at com.android.server.wm.Session.onTransact(Session.java:111)
07-15 18:43:19.472   144   342 W WindowManager: 	at android.os.Binder.execTransact(Binder.java:338)
07-15 18:43:19.472   144   342 W WindowManager: 	at dalvik.system.NativeStart.run(Native Method)
07-15 18:43:19.484   144   378 W InputManagerService: Focus gain on non-focused client com.android.internal.view.IInputMethodClient$Stub$Proxy@4137bfa0 (uid=10064 pid=4840)
07-15 18:43:19.582   144   388 I ActivityManager: START {cmp=com.twitter.android/.ProfileActivity (has extras)} from pid 4840
07-15 18:43:19.707   215   215 V PhoneStatusBar: setLightsOn(true)
07-15 18:43:19.769   144   175 I ActivityManager: Displayed com.twitter.android/.ProfileActivity: +181ms (total +407ms)
07-15 18:43:19.851  4840  4840 D OpenGLRenderer: Flushing caches (mode 0)
07-15 18:43:19.863   215   215 D dalvikvm: GC_FOR_ALLOC freed 528K, 32% free 9685K/14215K, paused 26ms
07-15 18:43:19.968   215   217 D dalvikvm: GC_CONCURRENT freed 325K, 31% free 9811K/14215K, paused 2ms+21ms
07-15 18:43:20.179  4840  4842 D dalvikvm: GC_CONCURRENT freed 927K, 36% free 12837K/20039K, paused 14ms+8ms
07-15 18:43:28.066   144   180 I ActivityManager: START {act=android.intent.action.MAIN cat=[android.intent.category.HOME] flg=0x10200000 cmp=com.android.launcher/com.android.launcher2.Launcher} from pid 144
07-15 18:43:28.281  4840  4840 D OpenGLRenderer: Flushing caches (mode 0)
07-15 18:43:28.355  4840  4840 D OpenGLRenderer: Flushing caches (mode 1)
07-15 18:43:28.957   144  1168 I ActivityManager: START {act=android.intent.action.MAIN cat=[android.intent.category.LAUNCHER] flg=0x10000000 pkg=com.instagram.android cmp=com.instagram.android/.activity.MainTabActivity bnds=[360,254][480,404]} from pid 371
07-15 18:43:29.097   144   390 I ActivityManager: Start proc com.instagram.android for activity com.instagram.android/.activity.MainTabActivity: pid=4917 uid=10083 gids={1006, 3003, 1015}
07-15 18:43:29.250   371   371 D OpenGLRenderer: Flushing caches (mode 1)
07-15 18:43:29.297   371   371 D OpenGLRenderer: Flushing caches (mode 0)
07-15 18:43:29.379  4917  4917 D dalvikvm: Trying to load lib /data/data/com.instagram.android/lib/libjni.so 0x413245b0
07-15 18:43:29.418  4917  4917 D dalvikvm: Added shared lib /data/data/com.instagram.android/lib/libjni.so 0x413245b0
07-15 18:43:29.511  4917  4918 D dalvikvm: GC_CONCURRENT freed 174K, 4% free 9317K/9607K, paused 6ms+2ms
07-15 18:43:29.687   144   160 I Process : Sending signal. PID: 4917 SIG: 3
07-15 18:43:29.687  4917  4919 I dalvikvm: threadid=3: reacting to signal 3
07-15 18:43:29.757  4917  4919 I dalvikvm: Wrote stack traces to '/data/anr/traces.txt'
07-15 18:43:30.004  4917  4918 D dalvikvm: GC_CONCURRENT freed 339K, 5% free 9506K/9927K, paused 2ms+2ms
07-15 18:43:30.132  4917  4918 D dalvikvm: GC_CONCURRENT freed 346K, 5% free 9694K/10119K, paused 4ms+3ms
07-15 18:43:30.187   144   160 I Process : Sending signal. PID: 4917 SIG: 3
07-15 18:43:30.187  4917  4919 I dalvikvm: threadid=3: reacting to signal 3
07-15 18:43:30.195  4917  4919 I dalvikvm: Wrote stack traces to '/data/anr/traces.txt'
07-15 18:43:30.324  4917  4918 D dalvikvm: GC_CONCURRENT freed 174K, 3% free 10059K/10311K, paused 2ms+4ms
07-15 18:43:30.535  4917  4918 D dalvikvm: GC_CONCURRENT freed 347K, 4% free 10282K/10695K, paused 2ms+8ms
07-15 18:43:30.687   144   160 I Process : Sending signal. PID: 4917 SIG: 3
07-15 18:43:30.687  4917  4919 I dalvikvm: threadid=3: reacting to signal 3
07-15 18:43:30.777  4917  4919 I dalvikvm: Wrote stack traces to '/data/anr/traces.txt'
07-15 18:43:31.187   144   160 I Process : Sending signal. PID: 4917 SIG: 3
07-15 18:43:31.187  4917  4919 I dalvikvm: threadid=3: reacting to signal 3
07-15 18:43:31.230  4917  4918 D dalvikvm: GC_CONCURRENT freed 235K, 3% free 10574K/10887K, paused 29ms+7ms
07-15 18:43:31.254  4917  4919 I dalvikvm: Wrote stack traces to '/data/anr/traces.txt'
07-15 18:43:31.340  4917  4917 D libEGL  : loaded /system/lib/egl/libGLES_android.so
07-15 18:43:31.382  4917  4917 D libEGL  : loaded /vendor/lib/egl/libEGL_POWERVR_SGX540_120.so
07-15 18:43:31.476  4917  4917 D libEGL  : loaded /vendor/lib/egl/libGLESv1_CM_POWERVR_SGX540_120.so
07-15 18:43:31.488  4917  4917 D libEGL  : loaded /vendor/lib/egl/libGLESv2_POWERVR_SGX540_120.so
07-15 18:43:31.636  4917  4917 D OpenGLRenderer: Enabling debug mode 0
07-15 18:43:31.691   144   160 I Process : Sending signal. PID: 4917 SIG: 3
07-15 18:43:31.691  4917  4919 I dalvikvm: threadid=3: reacting to signal 3
07-15 18:43:31.722  4917  4919 I dalvikvm: Wrote stack traces to '/data/anr/traces.txt'
07-15 18:43:31.746  4917  4918 D dalvikvm: GC_CONCURRENT freed 452K, 6% free 10568K/11143K, paused 15ms+3ms
07-15 18:43:31.836   144   175 I ActivityManager: Displayed com.instagram.android/.activity.MainTabActivity: +2s787ms
07-15 18:43:31.996   291   294 D dalvikvm: GC_CONCURRENT freed 453K, 7% free 10471K/11143K, paused 17ms+3ms
07-15 18:43:32.035  4917  4953 D dalvikvm: GC_FOR_ALLOC freed 126K, 4% free 10797K/11207K, paused 29ms
07-15 18:43:32.281  4917  4953 D dalvikvm: GC_FOR_ALLOC freed 184K, 4% free 11114K/11527K, paused 31ms
07-15 18:43:32.718  4917  4918 D dalvikvm: GC_CONCURRENT freed 403K, 5% free 11312K/11847K, paused 2ms+3ms
07-15 18:43:32.804  4917  4953 D dalvikvm: GC_FOR_ALLOC freed 271K, 6% free 11524K/12167K, paused 26ms
07-15 18:43:32.847  4917  4954 D dalvikvm: GC_FOR_ALLOC freed 360K, 8% free 11506K/12423K, paused 24ms
07-15 18:43:32.886  4917  4954 D dalvikvm: GC_FOR_ALLOC freed 112K, 7% free 11660K/12423K, paused 23ms
07-15 18:43:33.179  4917  4955 D dalvikvm: GC_FOR_ALLOC freed 898K, 9% free 11540K/12679K, paused 29ms
07-15 18:43:33.199   144   156 I ActivityManager: Process com.google.android.talk (pid 2786) has died.
07-15 18:43:33.308  4917  4953 D dalvikvm: GC_FOR_ALLOC freed 556K, 9% free 11551K/12679K, paused 25ms
07-15 18:43:33.308  4917  4953 I dalvikvm-heap: Grow heap (frag case) to 11.595MB for 253968-byte allocation
07-15 18:43:33.332  4917  4953 D dalvikvm: GC_FOR_ALLOC freed 120K, 10% free 11679K/12935K, paused 23ms
07-15 18:43:39.004   144   160 W ActivityManager: Launch timeout has expired, giving up wake lock!
07-15 18:43:39.230   144   342 D dalvikvm: JIT code cache reset in 4 ms (1048496 bytes 3/0)
07-15 18:43:39.246   144   342 D dalvikvm: GC_FOR_ALLOC freed 602K, 14% free 14907K/17287K, paused 79ms
07-15 18:43:39.257   144   160 W ActivityManager: Activity idle timeout for ActivityRecord{417081d0 com.instagram.android/.activity.MainTabActivity}
07-15 18:43:39.340   144   390 W InputManagerService: Starting input on non-focused client com.android.internal.view.IInputMethodClient$Stub$Proxy@41821a68 (uid=10083 pid=4917)
07-15 18:43:39.433  4917  4917 D OpenGLRenderer: Flushing caches (mode 0)
07-15 18:43:39.488  4917  4917 D OpenGLRenderer: Flushing caches (mode 1)
07-15 18:43:39.531  4917  4917 D webviewglue: nativeDestroy view: 0x1f6c3e0
07-15 18:43:39.531  4917  4917 D webviewglue: nativeDestroy view: 0x1f724f0
07-15 18:43:40.812   371   371 D dalvikvm: GC_FOR_ALLOC freed 441K, 10% free 11632K/12871K, paused 85ms
07-15 18:43:40.867   144   390 I ActivityManager: START {act=android.intent.action.MAIN cat=[android.intent.category.LAUNCHER] flg=0x10000000 pkg=com.instagram.android cmp=com.instagram.android/.activity.MainTabActivity bnds=[360,254][480,404]} from pid 371
07-15 18:43:41.027   371   371 D OpenGLRenderer: Flushing caches (mode 1)
07-15 18:43:41.199   144   175 I ActivityManager: Displayed com.instagram.android/.activity.MainTabActivity: +280ms
07-15 18:43:41.238   371   371 D OpenGLRenderer: Flushing caches (mode 0)
07-15 18:43:42.324   291  4968 D dalvikvm: GC_FOR_ALLOC freed 226K, 7% free 10468K/11143K, paused 39ms
07-15 18:43:50.918   144   160 W ActivityManager: Launch timeout has expired, giving up wake lock!
07-15 18:43:50.933   144   160 W ActivityManager: Activity idle timeout for ActivityRecord{417c3f48 com.instagram.android/.activity.MainTabActivity}
07-15 18:43:50.972  4917  4918 D dalvikvm: GC_CONCURRENT freed 1159K, 13% free 11279K/12935K, paused 2ms+7ms
07-15 18:43:51.445  4917  4918 D dalvikvm: GC_CONCURRENT freed 561K, 13% free 11345K/12935K, paused 3ms+5ms
07-15 18:43:51.945  4917  4918 D dalvikvm: GC_CONCURRENT freed 347K, 10% free 11651K/12935K, paused 2ms+3ms
07-15 18:43:52.129  4917  4918 D dalvikvm: GC_CONCURRENT freed 753K, 10% free 11686K/12935K, paused 6ms+3ms
07-15 18:43:52.281  4917  4918 D dalvikvm: GC_CONCURRENT freed 765K, 9% free 11805K/12935K, paused 2ms+3ms
07-15 18:43:52.465  4917  4918 D dalvikvm: GC_CONCURRENT freed 919K, 10% free 11694K/12935K, paused 2ms+3ms
07-15 18:43:52.597  4917  4918 D dalvikvm: GC_CONCURRENT freed 620K, 8% free 11916K/12935K, paused 2ms+3ms
07-15 18:43:52.711  4917  4955 D dalvikvm: GC_FOR_ALLOC freed 538K, 9% free 11852K/12935K, paused 36ms
07-15 18:43:52.769  4917  4953 D dalvikvm: GC_FOR_ALLOC freed 137K, 7% free 12127K/12935K, paused 37ms
07-15 18:43:52.925  4917  4954 D dalvikvm: GC_FOR_ALLOC freed 446K, 7% free 12287K/13191K, paused 27ms
07-15 18:43:53.093  4917  4955 D dalvikvm: GC_FOR_ALLOC freed 535K, 10% free 12278K/13511K, paused 88ms
07-15 18:43:53.160  4917  4955 D dalvikvm: GC_FOR_ALLOC freed 176K, 8% free 12469K/13511K, paused 28ms
07-15 18:43:53.211  4917  4952 D dalvikvm: GC_FOR_ALLOC freed 252K, 9% free 12491K/13703K, paused 29ms
07-15 18:43:53.449  4917  4954 D dalvikvm: GC_FOR_ALLOC freed 1347K, 12% free 12143K/13703K, paused 32ms
07-15 18:43:53.593  4917  4918 D dalvikvm: GC_CONCURRENT freed 830K, 11% free 12233K/13703K, paused 3ms+3ms
07-15 18:43:54.043  4917  4953 D dalvikvm: GC_FOR_ALLOC freed 1425K, 15% free 11670K/13703K, paused 28ms
07-15 18:43:54.433  4917  4918 D dalvikvm: GC_CONCURRENT freed 338K, 12% free 12105K/13703K, paused 2ms+3ms
07-15 18:43:54.511  4917  4918 D dalvikvm: GC_CONCURRENT freed 511K, 8% free 12615K/13703K, paused 2ms+3ms
07-15 18:43:54.562  4917  4954 D dalvikvm: GC_FOR_ALLOC freed 652K, 11% free 12380K/13831K, paused 28ms
07-15 18:43:54.761  4917  4918 D dalvikvm: GC_CONCURRENT freed 1195K, 12% free 12239K/13831K, paused 4ms+3ms
07-15 18:43:54.933  4917  4918 D dalvikvm: GC_CONCURRENT freed 944K, 12% free 12242K/13831K, paused 2ms+2ms
07-15 18:43:55.082  4917  4918 D dalvikvm: GC_CONCURRENT freed 995K, 12% free 12266K/13831K, paused 2ms+3ms
07-15 18:43:55.203  4917  4953 D dalvikvm: GC_FOR_ALLOC freed 765K, 11% free 12391K/13831K, paused 31ms
07-15 18:43:55.320  4917  4963 D dalvikvm: GC_FOR_ALLOC freed 1103K, 12% free 12231K/13831K, paused 36ms
07-15 18:43:55.343   144   156 I ActivityManager: Process android.process.media (pid 2599) has died.
07-15 18:43:55.476   144   310 I ActivityManager: Process com.google.android.apps.uploader (pid 2663) has died.
07-15 18:43:58.043   144   144 I ActivityManager: START {flg=0x10000 cmp=com.instagram.android/.activity.MediaCaptureActivity} from pid 4917
07-15 18:43:58.136   144   144 D dalvikvm: GC_FOR_ALLOC freed 433K, 15% free 14866K/17287K, paused 61ms
07-15 18:43:58.367  4917  4918 D dalvikvm: GC_CONCURRENT freed 1196K, 13% free 12086K/13831K, paused 5ms+5ms
07-15 18:43:58.382    81    81 I CameraService: Opening camera 0
07-15 18:43:58.382    81    81 I CameraHardwareSec: int android::HAL_camera_device_open(const hw_module_t*, const char*, hw_device_t**): open camera 0
07-15 18:43:58.390    81    81 E SecCamera: initCamera: m_cam_fd(30), m_jpeg_fd(0)
07-15 18:43:58.390    81    81 I SecCamera: Name of input channel[0] is S5K4ECGX
07-15 18:43:58.394    81    81 E SecCamera: initCamera: m_cam_fd2(31)
07-15 18:43:58.394    81    81 I SecCamera: Name of input channel[0] is S5K4ECGX
07-15 18:43:58.394    81    81 I SecCamera: initCamera : initialized
07-15 18:43:58.394    81    81 I SecCamera: Name of input channel[0] is S5K4ECGX
07-15 18:43:58.394    81    81 I CameraHardwareSec: int android::HAL_camera_device_open(const hw_module_t*, const char*, hw_device_t**): opened camera 0 (0x1a32ec0)
07-15 18:43:58.394    81  4988 I CameraHardwareSec: int android::CameraHardwareSec::previewThreadWrapper(): starting
07-15 18:43:58.394    81  4988 I CameraHardwareSec: int android::CameraHardwareSec::previewThreadWrapper(): calling mSecCamera->stopPreview() and waiting
07-15 18:43:58.398    81  4988 W SecCamera: int android::SecCamera::stopPreview(): doing nothing because m_flag_camera_start is zero
07-15 18:43:58.437    81    81 I AwesomePlayer: setDataSource_l('/system/media/audio/ui/camera_click.ogg')
07-15 18:43:58.547    81    81 I AwesomePlayer: setDataSource_l('/system/media/audio/ui/VideoRecord.ogg')
07-15 18:43:58.586  4917  4996 D Camera  : app passed NULL surface
07-15 18:43:58.617    81  4869 E CameraHardwareSec: preview window is NULL!
07-15 18:43:58.617    81  4869 I CameraHardwareSec: virtual android::status_t android::CameraHardwareSec::startPreview() : deferring
07-15 18:43:58.656   144   160 I Process : Sending signal. PID: 4917 SIG: 3
07-15 18:43:58.656  4917  4919 I dalvikvm: threadid=3: reacting to signal 3
07-15 18:43:58.715  4917  4919 I dalvikvm: Wrote stack traces to '/data/anr/traces.txt'
07-15 18:43:59.164   144   160 I Process : Sending signal. PID: 4917 SIG: 3
07-15 18:43:59.168  4917  4919 I dalvikvm: threadid=3: reacting to signal 3
07-15 18:43:59.277  4917  4919 I dalvikvm: Wrote stack traces to '/data/anr/traces.txt'
07-15 18:43:59.484    81   124 D CameraHardwareSec: mPreviewHeap(fd(30), size(460800), width(640), height(480))
07-15 18:43:59.484    81  4988 I CameraHardwareSec: int android::CameraHardwareSec::previewThreadWrapper(): return from wait
07-15 18:43:59.535   144   175 I ActivityManager: Displayed com.instagram.android/.activity.MediaCaptureActivity: +1s384ms
07-15 18:43:59.550  4840  4842 D dalvikvm: GC_CONCURRENT freed 1119K, 36% free 12913K/20039K, paused 2ms+57ms
07-15 18:43:59.636   321   322 D dalvikvm: GC_CONCURRENT freed 1366K, 14% free 10030K/11591K, paused 6ms+2ms
07-15 18:43:59.738  4917  4917 D OpenGLRenderer: Flushing caches (mode 0)
07-15 18:43:59.929  4840  4981 D dalvikvm: GC_FOR_ALLOC freed 496K, 35% free 13112K/20039K, paused 59ms
07-15 18:44:00.215  4840  4842 D dalvikvm: GC_CONCURRENT freed 358K, 31% free 14026K/20039K, paused 2ms+13ms
07-15 18:44:00.675    81  4988 I CameraHardwareSec: int android::CameraHardwareSec::previewThreadWrapper(): calling mSecCamera->stopPreview() and waiting
07-15 18:44:00.707    81    81 I CameraHardwareSec: void android::CameraHardwareSec::stopPreviewInternal() : preview not running, doing nothing
07-15 18:44:00.707    81   124 I CameraHardwareSec: void android::CameraHardwareSec::stopPreviewInternal() : preview not running, doing nothing
07-15 18:44:00.707    81  4988 I CameraHardwareSec: int android::CameraHardwareSec::previewThreadWrapper(): return from wait
07-15 18:44:00.707    81  4988 I CameraHardwareSec: int android::CameraHardwareSec::previewThreadWrapper(): exiting
07-15 18:44:00.707    81  4988 W SecCamera: int android::SecCamera::stopPreview(): doing nothing because m_flag_camera_start is zero
07-15 18:44:00.707    81   124 W SecCamera: int android::SecCamera::stopRecord(): doing nothing because m_flag_record_start is zero
07-15 18:44:00.707    81   124 I SecCamera: DeinitCamera: m_cam_fd(30)
07-15 18:44:00.711    81   124 I SecCamera: DeinitCamera: m_cam_fd2(31)
07-15 18:44:00.715    81   124 E CameraHardwareSec: preview window is NULL!
07-15 18:44:00.718    81   124 I CameraService: Destroying camera 0
07-15 18:44:00.718    81   124 I CameraHardwareSec: int android::HAL_camera_device_close(hw_device_t*)
07-15 18:44:00.718    81   124 I SecCamera: DeinitCamera : already deinitialized
07-15 18:44:00.730    81    81 W AudioFlinger: session id 4 not found for pid 81
07-15 18:44:00.730    81    81 W AudioFlinger: session id 5 not found for pid 81
07-15 18:44:00.843  4917  4917 D OpenGLRenderer: Flushing caches (mode 0)
07-15 18:44:01.218  4840  4842 D dalvikvm: GC_CONCURRENT freed 1081K, 28% free 14495K/20039K, paused 2ms+3ms
07-15 18:44:01.718  4840  4842 D dalvikvm: GC_CONCURRENT freed 1714K, 28% free 14501K/20039K, paused 3ms+3ms
07-15 18:44:03.347  4840  4842 D dalvikvm: GC_CONCURRENT freed 1646K, 28% free 14565K/20039K, paused 2ms+9ms
07-15 18:44:04.797  4840  4842 D dalvikvm: GC_CONCURRENT freed 1610K, 27% free 14698K/20039K, paused 8ms+5ms
07-15 18:44:05.191   321   321 D dalvikvm: GC_FOR_ALLOC freed 306K, 14% free 10029K/11591K, paused 16ms
07-15 18:44:05.195   321   321 I dalvikvm-heap: Grow heap (frag case) to 10.708MB for 885136-byte allocation
07-15 18:44:05.261   321   322 D dalvikvm: GC_CONCURRENT freed 1K, 7% free 10892K/11591K, paused 2ms+7ms
07-15 18:44:05.386  4917  4918 D dalvikvm: GC_CONCURRENT freed 452K, 9% free 12656K/13831K, paused 7ms+56ms
07-15 18:44:05.476   215   217 D dalvikvm: GC_CONCURRENT freed 404K, 31% free 9874K/14215K, paused 2ms+3ms
07-15 18:44:05.562   215   217 D dalvikvm: GC_CONCURRENT freed 595K, 32% free 9787K/14215K, paused 2ms+5ms
07-15 18:44:05.715   321   321 D dalvikvm: GC_FOR_ALLOC freed 1037K, 14% free 10029K/11591K, paused 15ms
07-15 18:44:05.715   321   321 I dalvikvm-heap: Grow heap (frag case) to 10.708MB for 885136-byte allocation
07-15 18:44:05.742   321   322 D dalvikvm: GC_CONCURRENT freed <1K, 7% free 10893K/11591K, paused 2ms+2ms
07-15 18:44:07.324  4917  4921 I dalvikvm: Jit: resizing JitTable from 4096 to 8192
07-15 18:44:10.168  4639  4641 D dalvikvm: GC_CONCURRENT freed 510K, 6% free 10385K/11015K, paused 2ms+54ms
07-15 18:44:10.328   144   310 D dalvikvm: GC_EXPLICIT freed 523K, 14% free 14874K/17287K, paused 4ms+9ms
07-15 18:44:10.386  4917  4918 D dalvikvm: GC_CONCURRENT freed 1639K, 13% free 12243K/13959K, paused 4ms+8ms
07-15 18:44:10.715   215   215 D dalvikvm: GC_FOR_ALLOC freed 478K, 32% free 9689K/14215K, paused 16ms
07-15 18:44:10.793   215   217 D dalvikvm: GC_CONCURRENT freed 356K, 31% free 9836K/14215K, paused 1ms+9ms
07-15 18:44:10.906   215   217 D dalvikvm: GC_CONCURRENT freed 539K, 32% free 9750K/14215K, paused 2ms+7ms
07-15 18:44:11.078  1351  1353 D dalvikvm: GC_CONCURRENT freed 486K, 8% free 10352K/11207K, paused 12ms+16ms
07-15 18:44:11.367  1351  1353 D dalvikvm: GC_CONCURRENT freed 235K, 7% free 10516K/11207K, paused 2ms+2ms
07-15 18:44:18.379  4917  4918 D dalvikvm: GC_CONCURRENT freed 835K, 12% free 12361K/13959K, paused 2ms+5ms
07-15 18:44:51.125  4917  4918 D dalvikvm: GC_CONCURRENT freed 847K, 11% free 12520K/13959K, paused 3ms+4ms
07-15 18:44:54.664   144   378 I ActivityManager: Process com.google.android.apps.currents (pid 4430) has died.
07-15 18:45:09.195  2643  2656 I PhoneLab-: Service Running
07-15 18:45:09.297  2643  2656 I PhoneLab-LoggerService: app_37    1395  1     1432   1060  c00f181c 400107b4 S logcat
07-15 18:45:09.297  2643  2656 I PhoneLab-LoggerService: Logcat pid from database 1395
07-15 18:45:09.297  2643  2656 I PhoneLab-LoggerService: Logcat process found 1395
07-15 18:45:09.297  2643  2656 I PhoneLab-LoggerService: Checking Threshold
07-15 18:45:10.195  1351  1353 D dalvikvm: GC_CONCURRENT freed 707K, 8% free 10321K/11207K, paused 2ms+6ms
07-15 18:45:10.972  4917  4918 D dalvikvm: GC_CONCURRENT freed 979K, 10% free 12595K/13959K, paused 6ms+11ms
07-15 18:45:13.949  4917  4918 D dalvikvm: GC_CONCURRENT freed 546K, 7% free 13120K/13959K, paused 3ms+8ms
07-15 18:45:15.281  4917  4918 D dalvikvm: GC_CONCURRENT freed 937K, 8% free 13487K/14535K, paused 2ms+9ms
07-15 18:45:15.445   144  1168 I ActivityManager: Process com.google.android.apps.docs (pid 2002) has died.
07-15 18:45:26.289  4917  4918 D dalvikvm: GC_CONCURRENT freed 1134K, 9% free 13781K/15047K, paused 2ms+6ms
07-15 18:45:27.832  4917  4918 D dalvikvm: GC_CONCURRENT freed 1296K, 10% free 14018K/15431K, paused 4ms+10ms
07-15 18:45:39.773  4917  4918 D dalvikvm: GC_CONCURRENT freed 1535K, 11% free 14122K/15751K, paused 13ms+6ms
07-15 18:45:39.937   321   322 D dalvikvm: GC_CONCURRENT freed 1423K, 14% free 10036K/11591K, paused 3ms+7ms
07-15 18:45:49.640  4917  4953 D dalvikvm: GC_FOR_ALLOC freed 1068K, 12% free 14088K/15879K, paused 62ms
07-15 18:45:50.285  4917  4953 D dalvikvm: GC_FOR_ALLOC freed 119K, 12% free 14067K/15879K, paused 50ms
07-15 18:45:50.285  4917  4953 I dalvikvm-heap: Grow heap (frag case) to 13.897MB for 90887-byte allocation
07-15 18:45:50.332  4917  4953 D dalvikvm: GC_FOR_ALLOC freed 98K, 13% free 14058K/16007K, paused 45ms
07-15 18:45:57.429   346   346 D SAN_SERVICE: *******************************************
07-15 18:45:57.429   346   346 D SAN_SERVICE: DM App Phone Service State - 0
07-15 18:45:57.429   346   346 D SAN_SERVICE: *******************************************
07-15 18:45:57.492   346   348 D dalvikvm: GC_CONCURRENT freed 427K, 6% free 9490K/10055K, paused 9ms+3ms
07-15 18:45:59.906   321   322 D dalvikvm: GC_CONCURRENT freed 458K, 14% free 10030K/11591K, paused 8ms+7ms
07-15 18:46:10.238  4639  4641 D dalvikvm: GC_CONCURRENT freed 513K, 6% free 10384K/11015K, paused 2ms+17ms
07-15 18:46:10.398  1351  1353 D dalvikvm: GC_CONCURRENT freed 510K, 8% free 10321K/11207K, paused 2ms+3ms
07-15 18:46:11.707   321   322 D dalvikvm: GC_CONCURRENT freed 461K, 14% free 10032K/11591K, paused 2ms+6ms
07-15 18:46:12.707  4917  4954 D dalvikvm: GC_FOR_ALLOC freed 1386K, 12% free 14186K/16007K, paused 66ms
07-15 18:46:16.933   144   310 I ActivityManager: Process com.google.android.gm (pid 2536) has died.
07-15 18:46:17.507   346   346 D SAN_SERVICE: *******************************************
07-15 18:46:17.507   346   346 D SAN_SERVICE: DM App Phone Service State - 0
07-15 18:46:17.507   346   346 D SAN_SERVICE: *******************************************
07-15 18:46:17.824   346   346 D SAN_SERVICE: *******************************************
07-15 18:46:17.824   346   346 D SAN_SERVICE: DM App Phone Service State - 0
07-15 18:46:17.824   346   346 D SAN_SERVICE: *******************************************
07-15 18:46:21.054   321   322 D dalvikvm: GC_CONCURRENT freed 454K, 14% free 10030K/11591K, paused 1ms+5ms
07-15 18:46:24.043  4917  4963 D dalvikvm: GC_FOR_ALLOC freed 1379K, 12% free 14095K/16007K, paused 77ms
07-15 18:46:30.547   321   322 D dalvikvm: GC_CONCURRENT freed 461K, 14% free 10032K/11591K, paused 2ms+3ms
07-15 18:46:32.507   144   155 I ActivityManager: Process com.facebook.katana (pid 1269) has died.
07-15 18:46:32.511   144   155 W ActivityManager: Scheduling restart of crashed service com.facebook.katana/.service.MediaUploadService in 5000ms
07-15 18:46:37.547   144   161 I ActivityManager: Start proc com.facebook.katana for service com.facebook.katana/.service.MediaUploadService: pid=5028 uid=10071 gids={3003, 1006, 1015}
07-15 18:46:37.590  5028  5028 I dalvikvm: Turning on JNI app bug workarounds for target SDK version 10...
07-15 18:46:37.859  5028  5031 D dalvikvm: GC_CONCURRENT freed 169K, 3% free 9362K/9607K, paused 6ms+3ms
07-15 18:46:38.011  5028  5031 D dalvikvm: GC_CONCURRENT freed 130K, 3% free 9673K/9927K, paused 1ms+2ms
07-15 18:46:38.027  4917  4955 D dalvikvm: GC_FOR_ALLOC freed 1355K, 12% free 14201K/16007K, paused 97ms
07-15 18:46:38.086  5028  5028 I ActivityThread: Pub com.facebook.katana.provider.LoggingProvider: com.facebook.katana.provider.LoggingProvider
07-15 18:46:38.113  5028  5028 I ActivityThread: Pub com.facebook.katana.provider.KeyValueProvider: com.facebook.katana.provider.KeyValueProvider
07-15 18:46:38.113  5028  5028 I ActivityThread: Pub com.facebook.katana.provider.CacheProvider: com.facebook.katana.provider.CacheProvider
07-15 18:46:38.117  5028  5028 I ActivityThread: Pub com.facebook.katana.provider.VaultImageProvider: com.facebook.katana.provider.VaultImageProvider
07-15 18:46:38.117  5028  5028 I ActivityThread: Pub com.facebook.katana.provider.MailboxProvider: com.facebook.katana.provider.MailboxProvider
07-15 18:46:38.121  5028  5028 I ActivityThread: Pub com.facebook.katana.provider.UserStatusesProvider: com.facebook.katana.provider.UserStatusesProvider
07-15 18:46:38.121  5028  5028 I ActivityThread: Pub com.facebook.katana.provider.EventsProvider: com.facebook.katana.provider.EventsProvider
07-15 18:46:38.121  5028  5028 I ActivityThread: Pub com.facebook.katana.provider.ObservedContactsProvider: com.facebook.katana.provider.ObservedContactsProvider
07-15 18:46:38.125  5028  5028 I ActivityThread: Pub com.facebook.katana.provider.NotificationsProvider: com.facebook.katana.provider.NotificationsProvider
07-15 18:46:38.132  5028  5028 I ActivityThread: Pub com.facebook.katana.provider.UserValuesProvider: com.facebook.katana.provider.UserValuesProvider
07-15 18:46:38.132  5028  5028 I ActivityThread: Pub com.facebook.katana.provider.PagesProvider: com.facebook.katana.provider.PagesProvider
07-15 18:46:38.136  5028  5028 I ActivityThread: Pub com.facebook.katana.provider.MobileEventLogProvider: com.facebook.katana.provider.MobileEventLogProvider
07-15 18:46:38.136  5028  5028 I ActivityThread: Pub com.facebook.katana.provider.PushNotificationsProvider: com.facebook.katana.provider.PushNotificationsProvider
07-15 18:46:38.136  5028  5028 I ActivityThread: Pub com.facebook.katana.provider.PhotosProvider: com.facebook.katana.provider.PhotosProvider
07-15 18:46:38.140  5028  5028 I ActivityThread: Pub com.facebook.katana.provider.ConnectionsProvider: com.facebook.katana.provider.ConnectionsProvider
07-15 18:46:38.215  5028  5028 I ActivityThread: Pub com.facebook.orca.notify.FbandroidMessagesForegroundProvider: com.facebook.orca.notify.FbandroidMessagesForegroundProvider
07-15 18:46:38.343  5028  5028 D ACRA    : Retrieve application default SharedPreferences.
07-15 18:46:38.355  5028  5028 D ACRA    : Set OnSharedPreferenceChangeListener.
07-15 18:46:38.386  5028  5028 D ACRA    : ACRA is enabled for com.facebook.katana, intializing...
07-15 18:46:38.484  5028  5028 D ACRA    : Looking for error files in /data/data/com.facebook.katana/app_acra-reports
07-15 18:46:38.582  5028  5028 W nalizableReferenceQueue: Could not load Finalizer in its own class loader.Loading Finalizer in the current class loader instead. As a result, you will not be ableto garbage collect this class loader. To support reclaiming this class loader, eitherresolve the underlying issue, or move Google Collections to your system class path.
07-15 18:46:38.582  5028  5028 W nalizableReferenceQueue: java.io.FileNotFoundException: com/google/common/base/internal/Finalizer.class
07-15 18:46:38.582  5028  5028 W nalizableReferenceQueue: 	at com.google.common.base.FinalizableReferenceQueue$DecoupledLoader.getBaseUrl(FinalizableReferenceQueue.java:243)
07-15 18:46:38.582  5028  5028 W nalizableReferenceQueue: 	at com.google.common.base.FinalizableReferenceQueue$DecoupledLoader.loadFinalizer(FinalizableReferenceQueue.java:227)
07-15 18:46:38.582  5028  5028 W nalizableReferenceQueue: 	at com.google.common.base.FinalizableReferenceQueue.loadFinalizer(FinalizableReferenceQueue.java:155)
07-15 18:46:38.582  5028  5028 W nalizableReferenceQueue: 	at com.google.common.base.FinalizableReferenceQueue.<clinit>(FinalizableReferenceQueue.java:84)
07-15 18:46:38.582  5028  5028 W nalizableReferenceQueue: 	at com.google.common.collect.CustomConcurrentHashMap$QueueHolder.<clinit>(CustomConcurrentHashMap.java:650)
07-15 18:46:38.582  5028  5028 W nalizableReferenceQueue: 	at com.google.common.collect.CustomConcurrentHashMap$WeakEntry.<init>(CustomConcurrentHashMap.java:1342)
07-15 18:46:38.582  5028  5028 W nalizableReferenceQueue: 	at com.google.common.collect.CustomConcurrentHashMap$EntryFactory$9.newEntry(CustomConcurrentHashMap.java:453)
07-15 18:46:38.582  5028  5028 W nalizableReferenceQueue: 	at com.google.common.collect.CustomConcurrentHashMap.a(CustomConcurrentHashMap.java:1715)
07-15 18:46:38.582  5028  5028 W nalizableReferenceQueue: 	at com.google.common.collect.ComputingConcurrentHashMap$ComputingSegment.a(ComputingConcurrentHashMap.java:123)
07-15 18:46:38.582  5028  5028 W nalizableReferenceQueue: 	at com.google.common.collect.ComputingConcurrentHashMap.apply(ComputingConcurrentHashMap.java:71)
07-15 18:46:38.582  5028  5028 W nalizableReferenceQueue: 	at com.google.common.collect.MapMaker$ComputingMapAdapter.get(MapMaker.java:848)
07-15 18:46:38.582  5028  5028 W nalizableReferenceQueue: 	at com.google.inject.internal.Annotations$AnnotationChecker.a(Annotations.java:90)
07-15 18:46:38.582  5028  5028 W nalizableReferenceQueue: 	at com.google.inject.internal.Annotations.c(Annotations.java:108)
07-15 18:46:38.582  5028  5028 W nalizableReferenceQueue: 	at com.google.inject.Key.d(Key.java:369)
07-15 18:46:38.582  5028  5028 W nalizableReferenceQueue: 	at com.google.inject.Key.b(Key.java:356)
07-15 18:46:38.582  5028  5028 W nalizableReferenceQueue: 	at com.google.inject.Key.a(Key.java:267)
07-15 18:46:38.582  5028  5028 W nalizableReferenceQueue: 	at com.facebook.orca.inject.binder.AnnotatedBindingBuilderImpl.a(AnnotatedBindingBuilderImpl.java:22)
07-15 18:46:38.582  5028  5028 W nalizableReferenceQueue: 	at com.facebook.orca.app.FbBaseModule.a(FbBaseModule.java:75)
07-15 18:46:38.582  5028  5028 W nalizableReferenceQueue: 	at com.facebook.orca.inject.AbstractModule.a(AbstractModule.java:19)
07-15 18:46:38.582  5028  5028 W nalizableReferenceQueue: 	at com.facebook.orca.inject.FbInjectorImpl.a(FbInjectorImpl.java:63)
07-15 18:46:38.582  5028  5028 W nalizableReferenceQueue: 	at com.facebook.orca.inject.FbInjectorImpl.<init>(FbInjectorImpl.java:41)
07-15 18:46:38.582  5028  5028 W nalizableReferenceQueue: 	at com.facebook.orca.inject.FbInjector.a(FbInjector.java:40)
07-15 18:46:38.582  5028  5028 W nalizableReferenceQueue: 	at com.facebook.katana.FacebookApplication.onCreate(FacebookApplication.java:102)
07-15 18:46:38.582  5028  5028 W nalizableReferenceQueue: 	at android.app.Instrumentation.callApplicationOnCreate(Instrumentation.java:969)
07-15 18:46:38.582  5028  5028 W nalizableReferenceQueue: 	at android.app.ActivityThread.handleBindApplication(ActivityThread.java:3954)
07-15 18:46:38.582  5028  5028 W nalizableReferenceQueue: 	at android.app.ActivityThread.access$1300(ActivityThread.java:123)
07-15 18:46:38.582  5028  5028 W nalizableReferenceQueue: 	at android.app.ActivityThread$H.handleMessage(ActivityThread.java:1185)
07-15 18:46:38.582  5028  5028 W nalizableReferenceQueue: 	at android.os.Handler.dispatchMessage(Handler.java:99)
07-15 18:46:38.582  5028  5028 W nalizableReferenceQueue: 	at android.os.Looper.loop(Looper.java:137)
07-15 18:46:38.582  5028  5028 W nalizableReferenceQueue: 	at android.app.ActivityThread.main(ActivityThread.java:4424)
07-15 18:46:38.582  5028  5028 W nalizableReferenceQueue: 	at java.lang.reflect.Method.invokeNative(Native Method)
07-15 18:46:38.582  5028  5028 W nalizableReferenceQueue: 	at java.lang.reflect.Method.invoke(Method.java:511)
07-15 18:46:38.582  5028  5028 W nalizableReferenceQueue: 	at com.android.internal.os.ZygoteInit$MethodAndArgsCaller.run(ZygoteInit.java:784)
07-15 18:46:38.582  5028  5028 W nalizableReferenceQueue: 	at com.android.internal.os.ZygoteInit.main(ZygoteInit.java:551)
07-15 18:46:38.582  5028  5028 W nalizableReferenceQueue: 	at dalvik.system.NativeStart.main(Native Method)
07-15 18:46:38.582  5028  5028 I Finalizer: Couldn't access Thread.inheritableThreadLocals. Reference finalizer threads will inherit thread local values.
07-15 18:46:38.601  5028  5031 D dalvikvm: GC_CONCURRENT freed 336K, 5% free 9876K/10311K, paused 6ms+2ms
07-15 18:46:38.804  5028  5031 D dalvikvm: GC_CONCURRENT freed 406K, 5% free 9985K/10503K, paused 2ms+3ms
07-15 18:46:39.015  5028  5031 D dalvikvm: GC_CONCURRENT freed 355K, 5% free 10109K/10567K, paused 4ms+14ms
07-15 18:46:39.422  5028  5031 D dalvikvm: GC_CONCURRENT freed 325K, 5% free 10259K/10695K, paused 2ms+12ms
07-15 18:46:39.773  5028  5045 W Resources: Converting to string: TypedValue{t=0x10/d=0xffffffff a=-1}
07-15 18:46:40.132  5028  5031 D dalvikvm: GC_CONCURRENT freed 314K, 5% free 10383K/10823K, paused 2ms+3ms
07-15 18:46:40.465  5028  5031 D dalvikvm: GC_CONCURRENT freed 379K, 5% free 10516K/11015K, paused 5ms+4ms
07-15 18:46:40.988  5028  5031 D dalvikvm: GC_CONCURRENT freed 359K, 5% free 10598K/11079K, paused 2ms+3ms
07-15 18:46:41.379  5028  5031 D dalvikvm: GC_CONCURRENT freed 379K, 5% free 10634K/11143K, paused 2ms+3ms
07-15 18:46:41.734  5028  5031 D dalvikvm: GC_CONCURRENT freed 319K, 4% free 10779K/11207K, paused 3ms+3ms
07-15 18:46:42.863  5028  5031 D dalvikvm: GC_CONCURRENT freed 541K, 6% free 10745K/11399K, paused 2ms+3ms
07-15 18:46:49.218   321   322 D dalvikvm: GC_CONCURRENT freed 454K, 14% free 10029K/11591K, paused 7ms+2ms
07-15 18:46:51.082   144   388 W InputManagerService: Starting input on non-focused client com.android.internal.view.IInputMethodClient$Stub$Proxy@41821a68 (uid=10083 pid=4917)
07-15 18:46:51.132  4917  4917 D OpenGLRenderer: Flushing caches (mode 0)
07-15 18:46:51.152  4917  4917 D OpenGLRenderer: Flushing caches (mode 1)
07-15 18:46:51.211  4917  4917 D webviewglue: nativeDestroy view: 0x1ebf1b0
07-15 18:46:51.215  4917  4917 D webviewglue: nativeDestroy view: 0x1ed9008
07-15 18:46:52.882  5028  5031 D dalvikvm: GC_CONCURRENT freed 382K, 6% free 10822K/11399K, paused 2ms+3ms
07-15 18:46:54.043   346   346 D SAN_SERVICE: *******************************************
07-15 18:46:54.043   346   346 D SAN_SERVICE: DM App Phone Service State - 0
07-15 18:46:54.043   346   346 D SAN_SERVICE: *******************************************
07-15 18:47:03.629   346   346 D SAN_SERVICE: *******************************************
07-15 18:47:03.629   346   346 D SAN_SERVICE: DM App Phone Service State - 0
07-15 18:47:03.629   346   346 D SAN_SERVICE: *******************************************
07-15 18:47:09.168  2643  2656 I PhoneLab-: Service Running
07-15 18:47:09.312  2643  2656 I PhoneLab-LoggerService: app_37    1395  1     1432   1060  c00f181c 400107b4 S logcat
07-15 18:47:09.312  2643  2656 I PhoneLab-LoggerService: Logcat pid from database 1395
07-15 18:47:09.312  2643  2656 I PhoneLab-LoggerService: Logcat process found 1395
07-15 18:47:09.312  2643  2656 I PhoneLab-LoggerService: Checking Threshold
07-15 18:47:10.187  4917  4917 D OpenGLRenderer: Flushing caches (mode 1)
07-15 18:47:10.187  4840  4840 D OpenGLRenderer: Flushing caches (mode 1)
07-15 18:47:10.316  1351  1353 D dalvikvm: GC_CONCURRENT freed 430K, 8% free 10328K/11207K, paused 2ms+2ms
07-15 18:47:37.312   346   346 D SAN_SERVICE: *******************************************
07-15 18:47:37.312   346   346 D SAN_SERVICE: DM App Phone Service State - 0
07-15 18:47:37.312   346   346 D SAN_SERVICE: *******************************************
07-15 18:47:38.543   144   146 D dalvikvm: GC_CONCURRENT freed 1315K, 14% free 14955K/17287K, paused 10ms+9ms
07-15 18:47:57.824   291  4396 D dalvikvm: GC_EXPLICIT freed 221K, 7% free 10455K/11143K, paused 7ms+5ms
07-15 18:47:57.914   144   390 D dalvikvm: GC_EXPLICIT freed 206K, 15% free 14824K/17287K, paused 3ms+5ms
07-15 18:48:10.285  4639  4641 D dalvikvm: GC_CONCURRENT freed 509K, 6% free 10387K/11015K, paused 2ms+2ms
07-15 18:48:10.312  4917  4917 D OpenGLRenderer: Flushing caches (mode 1)
07-15 18:48:10.320  4840  4840 D OpenGLRenderer: Flushing caches (mode 1)
07-15 18:48:10.363   346   346 D SAN_SERVICE: *******************************************
07-15 18:48:10.363   346   346 D SAN_SERVICE: DM App Phone Service State - 0
07-15 18:48:10.363   346   346 D SAN_SERVICE: *******************************************
07-15 18:48:10.433   144   390 I ActivityManager: START {act=android.intent.action.MAIN cat=[android.intent.category.LAUNCHER] flg=0x10200000 cmp=com.google.android.talk/.SigningInActivity bnds=[96,706][192,802]} from pid 371
07-15 18:48:10.507   144   317 I ActivityManager: Start proc com.google.android.talk for activity com.google.android.talk/.SigningInActivity: pid=5094 uid=10045 gids={3003, 1015, 1006, 3002}
07-15 18:48:10.636    79    79 D dalvikvm: GC_EXPLICIT freed 38K, 4% free 9027K/9347K, paused 19ms+17ms
07-15 18:48:10.683    79    79 D dalvikvm: GC_EXPLICIT freed <1K, 4% free 9027K/9347K, paused 3ms+2ms
07-15 18:48:10.707   371   371 D OpenGLRenderer: Flushing caches (mode 1)
07-15 18:48:10.726    79    79 D dalvikvm: GC_EXPLICIT freed <1K, 4% free 9027K/9347K, paused 3ms+2ms
07-15 18:48:10.734   371   371 D OpenGLRenderer: Flushing caches (mode 0)
07-15 18:48:10.750  5094  5094 I ActivityThread: Pub com.google.android.talk.SuggestionProvider: com.google.android.talk.SuggestionsProvider
07-15 18:48:10.800  5094  5094 D vclib:CallStateClient: startListening
07-15 18:48:10.898  5094  5096 D dalvikvm: GC_CONCURRENT freed 157K, 3% free 9374K/9607K, paused 16ms+7ms
07-15 18:48:11.027   144   390 I ActivityManager: Start proc android.process.media for content provider com.android.providers.media/.MediaProvider: pid=5116 uid=10012 gids={1015, 1023, 1024, 2001, 3003, 3007}
07-15 18:48:11.082  5116  5116 I ActivityThread: Pub downloads: com.android.providers.downloads.DownloadProvider
07-15 18:48:11.101   144   160 I Process : Sending signal. PID: 5094 SIG: 3
07-15 18:48:11.101  5094  5098 I dalvikvm: threadid=3: reacting to signal 3
07-15 18:48:11.148  5094  5098 I dalvikvm: Wrote stack traces to '/data/anr/traces.txt'
07-15 18:48:11.199  5116  5116 I ActivityThread: Pub drm: com.android.providers.drm.DrmProvider
07-15 18:48:11.199  5116  5130 I DownloadManager: in removeSpuriousFiles
07-15 18:48:11.211  5116  5116 I ActivityThread: Pub media: com.android.providers.media.MediaProvider
07-15 18:48:11.363  5116  5130 I DownloadManager: in removeSpuriousFiles, preserving file /data/data/com.android.providers.downloads/cache/metadata.json
07-15 18:48:11.367  5116  5130 I DownloadManager: in removeSpuriousFiles, preserving file /data/data/com.android.providers.downloads/cache/en_general.htm
07-15 18:48:11.367  5116  5130 I DownloadManager: in removeSpuriousFiles, preserving file /mnt/sdcard/Download/img-thing.jpeg
07-15 18:48:11.367  5116  5130 I DownloadManager: in removeSpuriousFiles, preserving file /data/data/com.android.providers.downloads/cache/metadata-1.json
07-15 18:48:11.367  5116  5130 I DownloadManager: in removeSpuriousFiles, preserving file /data/data/com.android.providers.downloads/cache/downloadfile.jpeg
07-15 18:48:11.367  5116  5130 I DownloadManager: in removeSpuriousFiles, preserving file /data/data/com.android.providers.downloads/cache/metadata-2.json
07-15 18:48:11.367  5116  5130 I DownloadManager: in removeSpuriousFiles, preserving file /data/data/com.android.providers.downloads/cache/metadata-3.json
07-15 18:48:11.371  5116  5130 I DownloadManager: in removeSpuriousFiles, preserving file /data/data/com.android.providers.downloads/cache/downloadfile-1.jpeg
07-15 18:48:11.371  5116  5130 I DownloadManager: in removeSpuriousFiles, preserving file /data/data/com.android.providers.downloads/cache/downloadfile-2.jpeg
07-15 18:48:11.371  5116  5130 I DownloadManager: in removeSpuriousFiles, preserving file /data/data/com.android.providers.downloads/cache/metadata-4.json
07-15 18:48:11.371  5116  5130 I DownloadManager: in removeSpuriousFiles, preserving file /data/data/com.android.providers.downloads/cache/metadata-5.json
07-15 18:48:11.371  5116  5130 I DownloadManager: deleting spurious file /cache/backup
07-15 18:48:11.433  5094  5094 D vclib:CallStateClient: startListening
07-15 18:48:11.875   144   160 I Process : Sending signal. PID: 5094 SIG: 3
07-15 18:48:11.879  5094  5098 I dalvikvm: threadid=3: reacting to signal 3
07-15 18:48:12.129   144   160 I Process : Sending signal. PID: 5094 SIG: 3
07-15 18:48:12.875   144   160 I Process : Sending signal. PID: 5094 SIG: 3
07-15 18:48:13.140  5094  5096 D dalvikvm: GC_CONCURRENT freed 270K, 4% free 9563K/9927K, paused 3ms+505ms
07-15 18:48:13.582  5094  5098 I dalvikvm: Wrote stack traces to '/data/anr/traces.txt'
07-15 18:48:13.582  5094  5098 I dalvikvm: threadid=3: reacting to signal 3
07-15 18:48:13.656  5094  5098 I dalvikvm: Wrote stack traces to '/data/anr/traces.txt'
07-15 18:48:13.703   144   160 I Process : Sending signal. PID: 5094 SIG: 3
07-15 18:48:13.703  5094  5098 I dalvikvm: threadid=3: reacting to signal 3
07-15 18:48:13.726  5094  5098 I dalvikvm: Wrote stack traces to '/data/anr/traces.txt'
07-15 18:48:13.875  5116  5118 D dalvikvm: GC_CONCURRENT freed 366K, 5% free 9162K/9607K, paused 5ms+4ms
07-15 18:48:13.879  5094  5094 D libEGL  : loaded /system/lib/egl/libGLES_android.so
07-15 18:48:13.886  5094  5094 D libEGL  : loaded /vendor/lib/egl/libEGL_POWERVR_SGX540_120.so
07-15 18:48:13.918  5094  5094 D libEGL  : loaded /vendor/lib/egl/libGLESv1_CM_POWERVR_SGX540_120.so
07-15 18:48:13.925  5094  5094 D libEGL  : loaded /vendor/lib/egl/libGLESv2_POWERVR_SGX540_120.so
07-15 18:48:14.000  5094  5094 D OpenGLRenderer: Enabling debug mode 0
07-15 18:48:14.023  5094  5136 E talk    : [Databaseutils] pruneOldMessageHistory
07-15 18:48:14.074   321   322 D dalvikvm: GC_CONCURRENT freed 458K, 14% free 10031K/11591K, paused 2ms+2ms
07-15 18:48:14.179   144   175 I ActivityManager: Displayed com.google.android.talk/.SigningInActivity: +3s714ms
07-15 18:48:15.043  5094  5094 D vclib:CallStateClient: stopListening
07-15 18:48:15.043  5094  5094 D vclib:CallStateClient: startListening
07-15 18:48:15.226  5094  5096 D dalvikvm: GC_CONCURRENT freed 258K, 4% free 9812K/10183K, paused 4ms+4ms
07-15 18:48:15.418  5094  5096 D dalvikvm: GC_CONCURRENT freed 121K, 3% free 10144K/10375K, paused 2ms+4ms
07-15 18:48:27.199   346   346 D SAN_SERVICE: *******************************************
07-15 18:48:27.199   346   346 D SAN_SERVICE: DM App Phone Service State - 0
07-15 18:48:27.199   346   346 D SAN_SERVICE: *******************************************
07-15 18:48:59.539   144   180 I ActivityManager: START {act=android.intent.action.MAIN cat=[android.intent.category.HOME] flg=0x10200000 cmp=com.android.launcher/com.android.launcher2.Launcher} from pid 144
07-15 18:48:59.652  5094  5094 D OpenGLRenderer: Flushing caches (mode 0)
07-15 18:48:59.699  5094  5094 D vclib:CallStateClient: stopListening
07-15 18:48:59.707  5094  5094 D OpenGLRenderer: Flushing caches (mode 1)
07-15 18:49:09.168  2643  2656 I PhoneLab-: Service Running
07-15 18:49:09.316  2643  2656 I PhoneLab-LoggerService: app_37    1395  1     1432   1060  c00f181c 400107b4 S logcat
07-15 18:49:09.316  2643  2656 I PhoneLab-LoggerService: Logcat pid from database 1395
07-15 18:49:09.316  2643  2656 I PhoneLab-LoggerService: Logcat process found 1395
07-15 18:49:09.316  2643  2656 I PhoneLab-LoggerService: Checking Threshold
07-15 18:49:10.027   275   275 I wpa_supplicant: wlan0: WPA: Group rekeying completed with d0:c2:82:2d:ea:c1 [GTK=TKIP]
07-15 18:49:10.363  1351  1353 D dalvikvm: GC_CONCURRENT freed 519K, 8% free 10315K/11207K, paused 5ms+2ms
07-15 18:49:27.511   346   346 D SAN_SERVICE: *******************************************
07-15 18:49:27.511   346   346 D SAN_SERVICE: DM App Phone Service State - 0
07-15 18:49:27.511   346   346 D SAN_SERVICE: *******************************************
07-15 18:49:29.047   346   346 D SAN_SERVICE: *******************************************
07-15 18:49:29.047   346   346 D SAN_SERVICE: DM App Phone Service State - 0
07-15 18:49:29.047   346   346 D SAN_SERVICE: *******************************************
07-15 18:49:30.250   144   146 D dalvikvm: GC_CONCURRENT freed 1321K, 14% free 14910K/17287K, paused 3ms+7ms
07-15 18:49:42.711  4616  4618 D dalvikvm: GC_CONCURRENT freed 426K, 6% free 9557K/10119K, paused 8ms+8ms
07-15 18:50:10.402  4639  4641 D dalvikvm: GC_CONCURRENT freed 514K, 6% free 10385K/11015K, paused 1ms+3ms
07-15 18:50:10.535  1351  1353 D dalvikvm: GC_CONCURRENT freed 454K, 8% free 10373K/11207K, paused 6ms+7ms
07-15 18:50:10.761  1351  1353 D dalvikvm: GC_CONCURRENT freed 282K, 7% free 10481K/11207K, paused 5ms+3ms
07-15 18:50:15.273   144   390 I ActivityManager: START {act=android.intent.action.MAIN cat=[android.intent.category.LAUNCHER] flg=0x10200000 cmp=com.google.android.talk/.SigningInActivity bnds=[96,706][192,802]} from pid 371
07-15 18:50:15.379  5094  5094 D vclib:CallStateClient: startListening
07-15 18:50:15.425  5094  5155 E talk    : [Databaseutils] pruneOldMessageHistory
07-15 18:50:15.468   371   371 D OpenGLRenderer: Flushing caches (mode 0)
07-15 18:50:15.562   371   371 D OpenGLRenderer: Flushing caches (mode 1)
07-15 18:50:16.121   291   294 D dalvikvm: GC_CONCURRENT freed 366K, 6% free 10483K/11143K, paused 2ms+4ms
07-15 18:50:16.215  5094  5094 D vclib:CallStateClient: stopListening
07-15 18:50:16.215  5094  5094 D vclib:CallStateClient: startListening
07-15 18:50:16.324  5094  5096 D dalvikvm: GC_CONCURRENT freed 404K, 5% free 10193K/10695K, paused 5ms+4ms
07-15 18:50:18.148  5094  5094 D vclib:CallStateClient: stopListening
07-15 18:50:18.238  5094  5096 D dalvikvm: GC_CONCURRENT freed 402K, 5% free 10228K/10759K, paused 2ms+3ms
07-15 18:50:19.500   321   321 D dalvikvm: GC_FOR_ALLOC freed 382K, 14% free 10030K/11591K, paused 24ms
07-15 18:50:19.504   321   321 I dalvikvm-heap: Grow heap (frag case) to 10.708MB for 885136-byte allocation
07-15 18:50:19.558   321   322 D dalvikvm: GC_CONCURRENT freed 1K, 7% free 10893K/11591K, paused 2ms+5ms
07-15 18:50:19.777   215   217 D dalvikvm: GC_CONCURRENT freed 312K, 31% free 9875K/14215K, paused 3ms+4ms
07-15 18:50:19.906   215   217 D dalvikvm: GC_CONCURRENT freed 550K, 31% free 9811K/14215K, paused 2ms+8ms
07-15 18:50:53.777   321   322 D dalvikvm: GC_CONCURRENT freed 402K, 6% free 10986K/11591K, paused 2ms+2ms
07-15 18:51:09.168  2643  2656 I PhoneLab-: Service Running
07-15 18:51:09.218  2643  2656 I PhoneLab-LoggerService: app_37    1395  1     1432   1060  c00f181c 400107b4 S logcat
07-15 18:51:09.218  2643  2656 I PhoneLab-LoggerService: Logcat pid from database 1395
07-15 18:51:09.218  2643  2656 I PhoneLab-LoggerService: Logcat process found 1395
07-15 18:51:09.218  2643  2656 I PhoneLab-LoggerService: Checking Threshold
07-15 18:51:10.453   144   144 D dalvikvm: GC_EXPLICIT freed 604K, 14% free 14900K/17287K, paused 3ms+6ms
07-15 18:51:10.523  1351  1353 D dalvikvm: GC_CONCURRENT freed 660K, 8% free 10318K/11207K, paused 2ms+2ms
07-15 18:51:24.379   321   321 D dalvikvm: GC_FOR_ALLOC freed 276K, 6% free 11003K/11591K, paused 18ms
07-15 18:51:26.816   321   321 D dalvikvm: GC_FOR_ALLOC freed 329K, 7% free 10998K/11783K, paused 73ms
07-15 18:51:53.773   321   322 D dalvikvm: GC_CONCURRENT freed 454K, 6% free 11096K/11783K, paused 2ms+3ms
07-15 18:52:10.504  4639  4641 D dalvikvm: GC_CONCURRENT freed 509K, 6% free 10387K/11015K, paused 2ms+3ms
07-15 18:52:10.636  1351  1353 D dalvikvm: GC_CONCURRENT freed 456K, 8% free 10371K/11207K, paused 2ms+3ms
07-15 18:52:31.125   215   217 D dalvikvm: GC_CONCURRENT freed 405K, 31% free 9879K/14215K, paused 2ms+3ms
07-15 18:52:31.261   215   217 D dalvikvm: GC_CONCURRENT freed 567K, 32% free 9806K/14215K, paused 7ms+10ms
07-15 18:52:34.621  5094  5096 D dalvikvm: GC_CONCURRENT freed 556K, 7% free 10115K/10823K, paused 8ms+13ms
07-15 18:52:34.636  5094  5094 D vclib:CallStateClient: startListening
07-15 18:52:34.808  5094  5094 D vclib:CallStateClient: stopListening
07-15 18:52:34.808  5094  5094 D vclib:CallStateClient: startListening
07-15 18:52:34.996  5094  5096 D dalvikvm: GC_CONCURRENT freed 193K, 5% free 10345K/10823K, paused 2ms+4ms
07-15 18:52:46.672   346   346 D SAN_SERVICE: *******************************************
07-15 18:52:46.672   346   346 D SAN_SERVICE: DM App Phone Service State - 0
07-15 18:52:46.672   346   346 D SAN_SERVICE: *******************************************
07-15 18:53:05.496   291  5183 D dalvikvm: GC_EXPLICIT freed 285K, 7% free 10449K/11143K, paused 7ms+5ms
07-15 18:53:09.226  2643  2656 I PhoneLab-: Service Running
07-15 18:53:09.257  2643  2656 I PhoneLab-LoggerService: app_37    1395  1     1432   1060  c00f181c 400107b4 S logcat
07-15 18:53:09.257  2643  2656 I PhoneLab-LoggerService: Logcat pid from database 1395
07-15 18:53:09.257  2643  2656 I PhoneLab-LoggerService: Logcat process found 1395
07-15 18:53:09.257  2643  2656 I PhoneLab-LoggerService: Checking Threshold
07-15 18:53:10.668  1351  1353 D dalvikvm: GC_CONCURRENT freed 512K, 8% free 10318K/11207K, paused 2ms+3ms
07-15 18:53:12.918   144   181 I InputReader: Reconfiguring input devices.  changes=0x00000004
07-15 18:53:12.918   144   181 I InputReader: Device reconfigured: id=7, name='mxt224_ts_input', surface size is now 480x800, mode is 1
07-15 18:53:12.957   144   160 I ActivityManager: Config changed: {0.85 310mcc120mnc en_US layoutdir=0 sw320dp w533dp h294dp nrml long land finger -keyb/v/h -nav/h s.6}
07-15 18:53:13.035  5094  5094 D OpenGLRenderer: Flushing caches (mode 0)
07-15 18:53:13.074   321   322 D dalvikvm: GC_CONCURRENT freed 1664K, 16% free 10101K/11911K, paused 16ms+2ms
07-15 18:53:13.679   144   181 I InputReader: Reconfiguring input devices.  changes=0x00000004
07-15 18:53:13.679   144   181 I InputReader: Device reconfigured: id=7, name='mxt224_ts_input', surface size is now 480x800, mode is 1
07-15 18:53:13.734   144   160 I ActivityManager: Config changed: {0.85 310mcc120mnc en_US layoutdir=0 sw320dp w320dp h508dp nrml long port finger -keyb/v/h -nav/h s.7}
07-15 18:53:13.773  5094  5094 D OpenGLRenderer: Flushing caches (mode 0)
07-15 18:53:13.804   321   322 D dalvikvm: GC_CONCURRENT freed 490K, 16% free 10054K/11911K, paused 2ms+2ms
07-15 18:53:15.945  5094  5096 D dalvikvm: GC_CONCURRENT freed 430K, 6% free 10366K/10951K, paused 2ms+4ms
07-15 18:53:16.179   144   175 D dalvikvm: GC_EXPLICIT freed 523K, 14% free 14899K/17287K, paused 3ms+14ms
07-15 18:53:24.023   346   346 D SAN_SERVICE: *******************************************
07-15 18:53:24.023   346   346 D SAN_SERVICE: DM App Phone Service State - 0
07-15 18:53:24.023   346   346 D SAN_SERVICE: *******************************************
07-15 18:53:28.437   346   346 D SAN_SERVICE: *******************************************
07-15 18:53:28.437   346   346 D SAN_SERVICE: DM App Phone Service State - 0
07-15 18:53:28.437   346   346 D SAN_SERVICE: *******************************************
07-15 18:53:53.257   346   346 D SAN_SERVICE: *******************************************
07-15 18:53:53.257   346   346 D SAN_SERVICE: DM App Phone Service State - 0
07-15 18:53:53.257   346   346 D SAN_SERVICE: *******************************************
07-15 18:54:09.312  4639  4641 D dalvikvm: GC_CONCURRENT freed 392K, 6% free 10383K/11015K, paused 18ms+3ms
07-15 18:54:10.699  1351  1353 D dalvikvm: GC_CONCURRENT freed 404K, 9% free 10303K/11207K, paused 2ms+2ms
07-15 18:54:20.875   346   346 D SAN_SERVICE: *******************************************
07-15 18:54:20.875   346   346 D SAN_SERVICE: DM App Phone Service State - 0
07-15 18:54:20.879   346   346 D SAN_SERVICE: *******************************************
07-15 18:54:25.562   346   346 D SAN_SERVICE: *******************************************
07-15 18:54:25.562   346   346 D SAN_SERVICE: DM App Phone Service State - 0
07-15 18:54:25.562   346   346 D SAN_SERVICE: *******************************************
07-15 18:54:26.101   346   346 D SAN_SERVICE: *******************************************
07-15 18:54:26.101   346   346 D SAN_SERVICE: DM App Phone Service State - 0
07-15 18:54:26.101   346   346 D SAN_SERVICE: *******************************************
07-15 18:54:30.691   346   346 D SAN_SERVICE: *******************************************
07-15 18:54:30.691   346   346 D SAN_SERVICE: DM App Phone Service State - 0
07-15 18:54:30.691   346   346 D SAN_SERVICE: *******************************************
07-15 18:54:35.808   346   346 D SAN_SERVICE: *******************************************
07-15 18:54:35.808   346   346 D SAN_SERVICE: DM App Phone Service State - 0
07-15 18:54:35.808   346   346 D SAN_SERVICE: *******************************************
07-15 18:55:09.168  2643  2656 I PhoneLab-: Service Running
07-15 18:55:09.257  2643  2645 D dalvikvm: GC_CONCURRENT freed 403K, 15% free 9148K/10695K, paused 8ms+3ms
