07-12 17:49:46.058   144   376 I ActivityManager: Start proc com.google.android.gsf.login for service com.google.android.gsf.login/com.google.android.gsf.loginservice.GoogleLoginService: pid=27196 uid=10009 gids={3003, 1015, 1007, 2001, 3006}
07-12 17:49:46.351 17159 17161 D dalvikvm: GC_CONCURRENT freed 312K, 5% free 10519K/11015K, paused 8ms+4ms
07-12 17:49:47.949 25099 25112 I PhoneLab-: Service Running
07-12 17:49:48.015   144   323 I ActivityManager: Process android.process.media (pid 27144) has died.
07-12 17:49:48.066 25099 25112 I PhoneLab-LoggerService: app_37    1373  1     1440   1004  c00f181c 400107b4 S logcat
07-12 17:49:48.070 25099 25112 I PhoneLab-LoggerService: Logcat pid from database 1373
07-12 17:49:48.070 25099 25112 I PhoneLab-LoggerService: Logcat process found 1373
07-12 17:49:48.070 25099 25112 I PhoneLab-LoggerService: Checking Threshold
07-12 17:49:48.070 25099 25112 I PhoneLab-LoggerService: Starting to rename files
07-12 17:49:48.070 25099 25112 I PhoneLab-LoggerService: Files found .. 2
07-12 17:49:48.070 25099 25112 I PhoneLab-LoggerService: File 1 log.out.1
07-12 17:49:48.125 25099 25112 I PhoneLab-LoggerService: Renamed successfully
07-12 17:49:48.129 25099 25112 I PhoneLab-: Service Running
07-12 17:49:48.175 25099 25112 I PhoneLab-LoggerService: app_37    1373  1     1440   1004  c00f181c 400107b4 S logcat
07-12 17:49:48.175 25099 25112 I PhoneLab-LoggerService: Logcat pid from database 1373
07-12 17:49:48.179 25099 25112 I PhoneLab-LoggerService: Logcat process found 1373
07-12 17:49:48.179 25099 25112 I PhoneLab-LoggerService: Checking Threshold
07-12 17:49:48.179 25099 25112 I PhoneLab-LoggerService: Starting to rename files
07-12 17:49:48.179 25099 25112 I PhoneLab-LoggerService: Files found .. 2
07-12 17:49:48.183 25099 25112 I PhoneLab-: Service Running
07-12 17:49:48.207 25099 25112 I PhoneLab-LoggerService: app_37    1373  1     1440   1004  c00f181c 400107b4 S logcat
07-12 17:49:48.207 25099 25112 I PhoneLab-LoggerService: Logcat pid from database 1373
07-12 17:49:48.207 25099 25112 I PhoneLab-LoggerService: Logcat process found 1373
07-12 17:49:48.207 25099 25112 I PhoneLab-LoggerService: Checking Threshold
07-12 17:49:48.207 25099 25112 I PhoneLab-LoggerService: Starting to rename files
07-12 17:49:48.207 25099 25112 I PhoneLab-LoggerService: Files found .. 2
07-12 17:49:48.211 25099 25112 I PhoneLab-: Service Running
07-12 17:49:48.234 25099 25112 I PhoneLab-LoggerService: app_37    1373  1     1440   1004  c00f181c 400107b4 S logcat
07-12 17:49:48.238 25099 25112 I PhoneLab-LoggerService: Logcat pid from database 1373
07-12 17:49:48.238 25099 25112 I PhoneLab-LoggerService: Logcat process found 1373
07-12 17:49:48.238 25099 25112 I PhoneLab-LoggerService: Checking Threshold
07-12 17:49:48.238 25099 25112 I PhoneLab-LoggerService: Starting to rename files
07-12 17:49:48.238 25099 25112 I PhoneLab-LoggerService: Files found .. 2
07-12 17:49:48.238 25099 25112 I PhoneLab-: Service Running
07-12 17:49:48.261 25099 25112 I PhoneLab-LoggerService: app_37    1373  1     1440   1004  c00f181c 400107b4 S logcat
07-12 17:49:48.265 25099 25112 I PhoneLab-LoggerService: Logcat pid from database 1373
07-12 17:49:48.265 25099 25112 I PhoneLab-LoggerService: Logcat process found 1373
07-12 17:49:48.265 25099 25112 I PhoneLab-LoggerService: Checking Threshold
07-12 17:49:48.265 25099 25112 I PhoneLab-LoggerService: Starting to rename files
07-12 17:49:48.265 25099 25112 I PhoneLab-LoggerService: Files found .. 2
07-12 17:49:49.867 27110 27112 D dalvikvm: GC_CONCURRENT freed 1019K, 9% free 12815K/13959K, paused 4ms+2ms
07-12 17:49:52.437 27110 27112 D dalvikvm: GC_CONCURRENT freed 1061K, 9% free 12925K/14087K, paused 2ms+7ms
07-12 17:49:53.148   356   356 D dalvikvm: GC_EXPLICIT freed <1K, 6% free 9100K/9607K, paused 17ms+2ms
07-12 17:49:53.730 27110 27192 E dalvikvm: Could not find class 'android.app.Notification$InboxStyle', referenced from method com.google.android.apps.plus.service.AndroidNotification.createDigestNotification
07-12 17:49:53.730 27110 27192 W dalvikvm: VFY: unable to resolve new-instance 41 (Landroid/app/Notification$InboxStyle;) in Lcom/google/android/apps/plus/service/AndroidNotification;
07-12 17:49:53.730 27110 27192 D dalvikvm: VFY: replacing opcode 0x22 at 0x0018
07-12 17:49:53.730 27110 27192 I dalvikvm: Could not find method android.app.Notification$Builder.setPriority, referenced from method com.google.android.apps.plus.service.AndroidNotification.createRichNotification
07-12 17:49:53.730 27110 27192 W dalvikvm: VFY: unable to resolve virtual method 162: Landroid/app/Notification$Builder;.setPriority (I)Landroid/app/Notification$Builder;
07-12 17:49:53.730 27110 27192 D dalvikvm: VFY: replacing opcode 0x6e at 0x00d5
07-12 17:49:53.746 27110 27192 D dalvikvm: DexOpt: unable to opt direct call 0x00a8 at 0x1a in Lcom/google/android/apps/plus/service/AndroidNotification;.createDigestNotification
07-12 17:49:53.746 27110 27192 D dalvikvm: DexOpt: unable to opt direct call 0x0091 at 0xf1 in Lcom/google/android/apps/plus/service/AndroidNotification;.createRichNotification
07-12 17:49:53.746 27110 27192 D dalvikvm: DexOpt: unable to opt direct call 0x0095 at 0x397 in Lcom/google/android/apps/plus/service/AndroidNotification;.createRichNotification
07-12 17:49:56.343   144   402 I ActivityManager: Start proc android.process.media for content provider com.android.providers.media/.MediaProvider: pid=27222 uid=10012 gids={1015, 1023, 1024, 2001, 3003, 3007}
07-12 17:49:56.363 27222 27222 I ActivityThread: Pub downloads: com.android.providers.downloads.DownloadProvider
07-12 17:49:56.402 27222 27222 I ActivityThread: Pub drm: com.android.providers.drm.DrmProvider
07-12 17:49:56.406 27222 27235 I DownloadManager: in removeSpuriousFiles
07-12 17:49:56.410 27222 27222 I ActivityThread: Pub media: com.android.providers.media.MediaProvider
07-12 17:49:56.433 27222 27235 I DownloadManager: in removeSpuriousFiles, preserving file /data/data/com.android.providers.downloads/cache/metadata.json
07-12 17:49:56.433 27222 27235 I DownloadManager: in removeSpuriousFiles, preserving file /data/data/com.android.providers.downloads/cache/en_general.htm
07-12 17:49:56.433 27222 27235 I DownloadManager: in removeSpuriousFiles, preserving file /mnt/sdcard/Download/img-thing.jpeg
07-12 17:49:56.433 27222 27235 I DownloadManager: in removeSpuriousFiles, preserving file /data/data/com.android.providers.downloads/cache/metadata-1.json
07-12 17:49:56.433 27222 27235 I DownloadManager: in removeSpuriousFiles, preserving file /data/data/com.android.providers.downloads/cache/downloadfile.jpeg
07-12 17:49:56.433 27222 27235 I DownloadManager: in removeSpuriousFiles, preserving file /data/data/com.android.providers.downloads/cache/metadata-2.json
07-12 17:49:56.433 27222 27235 I DownloadManager: in removeSpuriousFiles, preserving file /data/data/com.android.providers.downloads/cache/metadata-3.json
07-12 17:49:56.437 27222 27235 I DownloadManager: in removeSpuriousFiles, preserving file /data/data/com.android.providers.downloads/cache/downloadfile-1.jpeg
07-12 17:49:56.437 27222 27235 I DownloadManager: in removeSpuriousFiles, preserving file /data/data/com.android.providers.downloads/cache/downloadfile-2.jpeg
07-12 17:49:56.437 27222 27235 I DownloadManager: in removeSpuriousFiles, preserving file /data/data/com.android.providers.downloads/cache/metadata-4.json
07-12 17:49:56.437 27222 27235 I DownloadManager: in removeSpuriousFiles, preserving file /data/data/com.android.providers.downloads/cache/metadata-5.json
07-12 17:49:56.437 27222 27235 I DownloadManager: in removeSpuriousFiles, preserving file /data/data/com.android.providers.downloads/cache/downloadfile-1.apk
07-12 17:49:56.437 27222 27235 I DownloadManager: deleting spurious file /cache/backup
07-12 17:49:56.738 27222 27224 D dalvikvm: GC_CONCURRENT freed 326K, 5% free 9208K/9607K, paused 2ms+6ms
07-12 17:49:58.816 27110 27112 D dalvikvm: GC_CONCURRENT freed 1133K, 9% free 13050K/14279K, paused 16ms+2ms
07-12 17:49:59.597   144   155 I ActivityManager: Start proc android.process.acore for content provider com.android.providers.contacts/.ContactsProvider2: pid=27241 uid=10000 gids={3003, 1015}
07-12 17:49:59.648 27241 27241 I ActivityThread: Pub call_log: com.android.providers.contacts.CallLogProvider
07-12 17:49:59.671   144   376 I ActivityManager: Process android.process.media (pid 27222) has died.
07-12 17:49:59.718 27241 27241 I ActivityThread: Pub com.android.voicemail: com.android.providers.contacts.VoicemailContentProvider
07-12 17:49:59.722 27241 27241 I ActivityThread: Pub user_dictionary: com.android.providers.userdictionary.UserDictionaryProvider
07-12 17:49:59.757 27241 27241 I ActivityThread: Pub com.android.social: com.android.providers.contacts.SocialProvider
07-12 17:49:59.757 27241 27241 I ActivityThread: Pub applications: com.android.providers.applications.ApplicationsProvider
07-12 17:49:59.863 27241 27241 I ActivityThread: Pub contacts;com.android.contacts: com.android.providers.contacts.ContactsProvider2
07-12 17:49:59.894 27241 27244 D dalvikvm: GC_CONCURRENT freed 348K, 5% free 9188K/9607K, paused 2ms+7ms
07-12 17:49:59.964   144   147 D dalvikvm: GC_CONCURRENT freed 2107K, 22% free 18327K/23431K, paused 4ms+11ms
07-12 17:50:00.402 27241 27244 D dalvikvm: GC_CONCURRENT freed 225K, 4% free 9378K/9735K, paused 2ms+2ms
07-12 17:50:00.726 27110 27112 D dalvikvm: GC_CONCURRENT freed 1145K, 9% free 13167K/14407K, paused 2ms+3ms
07-12 17:50:00.957   144   323 I ActivityManager: Process com.google.android.gsf.login (pid 27196) has died.
07-12 17:50:01.175 27241 27244 D dalvikvm: GC_CONCURRENT freed 177K, 4% free 9617K/9927K, paused 25ms+7ms
07-12 17:50:04.656 27110 27112 D dalvikvm: GC_CONCURRENT freed 818K, 7% free 13663K/14599K, paused 34ms+3ms
07-12 17:50:04.718 27110 27192 D dalvikvm: GC_FOR_ALLOC freed 357K, 9% free 13647K/14983K, paused 39ms
07-12 17:50:04.722 27110 27192 I dalvikvm-heap: Grow heap (frag case) to 13.729MB for 349239-byte allocation
07-12 17:50:04.757 27110 27192 D dalvikvm: GC_FOR_ALLOC freed 0K, 9% free 13988K/15367K, paused 37ms
07-12 17:50:06.589 18680 18680 D dalvikvm: GC_EXPLICIT freed 427K, 11% free 11663K/12999K, paused 18ms+5ms
07-12 17:50:06.793   144   155 I ActivityManager: Process android.process.acore (pid 27241) has died.
07-12 17:50:07.230 25099 25112 I PhoneLab-: Service Running
07-12 17:50:07.351 25099 25112 I PhoneLab-LoggerService: app_37    1373  1     1440   1000  c00f181c 400107b4 S logcat
07-12 17:50:07.351 25099 25112 I PhoneLab-LoggerService: Logcat pid from database 1373
07-12 17:50:07.351 25099 25112 I PhoneLab-LoggerService: Logcat process found 1373
07-12 17:50:07.351 25099 25112 I PhoneLab-LoggerService: Checking Threshold
07-12 17:50:07.351 25099 25112 I PhoneLab-LoggerService: Starting to rename files
07-12 17:50:07.351 25099 25112 I PhoneLab-LoggerService: Files found .. 2
07-12 17:50:07.625   144  9084 I ActivityManager: Start proc android.process.acore for content provider com.android.providers.contacts/.ContactsProvider2: pid=27279 uid=10000 gids={3003, 1015}
07-12 17:50:07.793 27279 27279 I ActivityThread: Pub call_log: com.android.providers.contacts.CallLogProvider
07-12 17:50:07.836 27279 27279 I ActivityThread: Pub com.android.voicemail: com.android.providers.contacts.VoicemailContentProvider
07-12 17:50:07.839 27279 27279 I ActivityThread: Pub user_dictionary: com.android.providers.userdictionary.UserDictionaryProvider
07-12 17:50:07.875 27279 27279 I ActivityThread: Pub com.android.social: com.android.providers.contacts.SocialProvider
07-12 17:50:07.875 27279 27279 I ActivityThread: Pub applications: com.android.providers.applications.ApplicationsProvider
07-12 17:50:07.918   144   198 D DhcpInfoInternal: makeLinkProperties with empty dns2!
07-12 17:50:07.918   144   198 D DhcpInfoInternal: makeLinkProperties with empty dns2!
07-12 17:50:07.996 27279 27279 I ActivityThread: Pub contacts;com.android.contacts: com.android.providers.contacts.ContactsProvider2
07-12 17:50:08.007 27279 27281 D dalvikvm: GC_CONCURRENT freed 350K, 5% free 9186K/9607K, paused 10ms+3ms
07-12 17:50:08.269   144  9303 D dalvikvm: GC_EXPLICIT freed 505K, 23% free 18274K/23431K, paused 7ms+7ms
07-12 17:50:08.320 27110 27112 D dalvikvm: GC_CONCURRENT freed 1150K, 9% free 14411K/15687K, paused 2ms+3ms
07-12 17:50:08.562 27279 27281 D dalvikvm: GC_CONCURRENT freed 235K, 4% free 9385K/9735K, paused 7ms+2ms
07-12 17:50:09.339   144   403 I ActivityManager: Process android.process.acore (pid 27279) has died.
07-12 17:50:10.996 27110 27112 D dalvikvm: GC_CONCURRENT freed 1675K, 12% free 14459K/16263K, paused 14ms+6ms
07-12 17:50:12.461   144   326 I ActivityManager: Start proc android.process.acore for content provider com.android.providers.contacts/.ContactsProvider2: pid=27295 uid=10000 gids={3003, 1015}
07-12 17:50:12.488 27295 27295 I ActivityThread: Pub call_log: com.android.providers.contacts.CallLogProvider
07-12 17:50:12.492 27295 27295 I ActivityThread: Pub com.android.voicemail: com.android.providers.contacts.VoicemailContentProvider
07-12 17:50:12.492 27295 27295 I ActivityThread: Pub user_dictionary: com.android.providers.userdictionary.UserDictionaryProvider
07-12 17:50:12.496 27295 27295 I ActivityThread: Pub com.android.social: com.android.providers.contacts.SocialProvider
07-12 17:50:12.500 27295 27295 I ActivityThread: Pub applications: com.android.providers.applications.ApplicationsProvider
07-12 17:50:12.558 27295 27295 I ActivityThread: Pub contacts;com.android.contacts: com.android.providers.contacts.ContactsProvider2
07-12 17:50:12.574 27295 27298 D dalvikvm: GC_CONCURRENT freed 350K, 5% free 9186K/9607K, paused 2ms+2ms
07-12 17:50:12.754   144   323 I ActivityManager: Process com.facebook.katana (pid 21385) has died.
07-12 17:50:12.754   144   323 W ActivityManager: Scheduling restart of crashed service com.facebook.katana/.service.MediaUploadService in 5000ms
07-12 17:50:12.871 27295 27298 D dalvikvm: GC_CONCURRENT freed 238K, 4% free 9384K/9735K, paused 2ms+5ms
07-12 17:50:13.898 27295 27298 D dalvikvm: GC_CONCURRENT freed 246K, 4% free 9547K/9927K, paused 100ms+2ms
07-12 17:50:15.679 27110 27192 I SqliteDatabaseCpp: sqlite returned: error code = 1, msg = no such column: last_stats_sync_time, db=/data/data/com.google.android.apps.plus/databases/es0.db
07-12 17:50:15.816 27110 27192 E EsSyncAdapterService: Sync failure
07-12 17:50:15.816 27110 27192 E EsSyncAdapterService: android.database.sqlite.SQLiteException: no such column: last_stats_sync_time: , while compiling: SELECT last_stats_sync_time  FROM account_status
07-12 17:50:15.816 27110 27192 E EsSyncAdapterService: 	at android.database.sqlite.SQLiteCompiledSql.native_compile(Native Method)
07-12 17:50:15.816 27110 27192 E EsSyncAdapterService: 	at android.database.sqlite.SQLiteCompiledSql.<init>(SQLiteCompiledSql.java:68)
07-12 17:50:15.816 27110 27192 E EsSyncAdapterService: 	at android.database.sqlite.SQLiteProgram.compileSql(SQLiteProgram.java:143)
07-12 17:50:15.816 27110 27192 E EsSyncAdapterService: 	at android.database.sqlite.SQLiteProgram.compileAndbindAllArgs(SQLiteProgram.java:361)
07-12 17:50:15.816 27110 27192 E EsSyncAdapterService: 	at android.database.sqlite.SQLiteStatement.acquireAndLock(SQLiteStatement.java:260)
07-12 17:50:15.816 27110 27192 E EsSyncAdapterService: 	at android.database.sqlite.SQLiteStatement.simpleQueryForLong(SQLiteStatement.java:137)
07-12 17:50:15.816 27110 27192 E EsSyncAdapterService: 	at android.database.DatabaseUtils.longForQuery(DatabaseUtils.java:791)
07-12 17:50:15.816 27110 27192 E EsSyncAdapterService: 	at android.database.DatabaseUtils.longForQuery(DatabaseUtils.java:779)
07-12 17:50:15.816 27110 27192 E EsSyncAdapterService: 	at com.google.android.apps.plus.content.EsAccountsData.queryLastStatsSyncTimestamp(EsAccountsData.java:570)
07-12 17:50:15.816 27110 27192 E EsSyncAdapterService: 	at com.google.android.apps.plus.service.EsSyncAdapterService.syncContactsStatsIfNecessary(EsSyncAdapterService.java:670)
07-12 17:50:15.816 27110 27192 E EsSyncAdapterService: 	at com.google.android.apps.plus.service.EsSyncAdapterService.doFullSync(EsSyncAdapterService.java:633)
07-12 17:50:15.816 27110 27192 E EsSyncAdapterService: 	at com.google.android.apps.plus.service.EsSyncAdapterService.doSync(EsSyncAdapterService.java:566)
07-12 17:50:15.816 27110 27192 E EsSyncAdapterService: 	at com.google.android.apps.plus.service.EsSyncAdapterService.access$100(EsSyncAdapterService.java:52)
07-12 17:50:15.816 27110 27192 E EsSyncAdapterService: 	at com.google.android.apps.plus.service.EsSyncAdapterService$SyncAdapterImpl.onPerformSync(EsSyncAdapterService.java:408)
07-12 17:50:15.816 27110 27192 E EsSyncAdapterService: 	at android.content.AbstractThreadedSyncAdapter$SyncThread.run(AbstractThreadedSyncAdapter.java:247)
07-12 17:50:16.125   144   168 D SyncManager: failed sync operation lokeshmandvekar@gmail.com (com.google), com.google.android.apps.plus.content.EsProvider, SERVER, earliestRunTime 279043411, SyncResult: stats [ numParseExceptions: 1]
07-12 17:50:16.132   144   168 D SyncManager: not retrying sync operation because the error is a hard error: lokeshmandvekar@gmail.com (com.google), com.google.android.apps.plus.content.EsProvider, SERVER, earliestRunTime 279075445
07-12 17:50:38.882   144   161 I ActivityManager: Start proc com.facebook.katana for service com.facebook.katana/.service.MediaUploadService: pid=27313 uid=10071 gids={3003, 1006, 1015}
07-12 17:50:38.941 27313 27313 I dalvikvm: Turning on JNI app bug workarounds for target SDK version 7...
07-12 17:50:39.410 27313 27314 D dalvikvm: GC_CONCURRENT freed 166K, 3% free 9370K/9607K, paused 127ms+2ms
07-12 17:50:39.656 27313 27314 D dalvikvm: GC_CONCURRENT freed 129K, 3% free 9663K/9927K, paused 65ms+5ms
07-12 17:50:39.793 27313 27313 I ActivityThread: Pub com.facebook.katana.provider.LoggingProvider: com.facebook.katana.provider.LoggingProvider
07-12 17:50:39.832 27313 27313 I ActivityThread: Pub com.facebook.katana.provider.KeyValueProvider: com.facebook.katana.provider.KeyValueProvider
07-12 17:50:39.832 27313 27313 I ActivityThread: Pub com.facebook.katana.provider.CacheProvider: com.facebook.katana.provider.CacheProvider
07-12 17:50:39.851 27313 27313 I ActivityThread: Pub com.facebook.katana.provider.MailboxProvider: com.facebook.katana.provider.MailboxProvider
07-12 17:50:39.867 27313 27313 I ActivityThread: Pub com.facebook.katana.provider.UserStatusesProvider: com.facebook.katana.provider.UserStatusesProvider
07-12 17:50:39.906 27313 27313 I ActivityThread: Pub com.facebook.katana.provider.EventsProvider: com.facebook.katana.provider.EventsProvider
07-12 17:50:39.910 27313 27313 I ActivityThread: Pub com.facebook.katana.provider.NotificationsProvider: com.facebook.katana.provider.NotificationsProvider
07-12 17:50:39.925 27313 27313 I ActivityThread: Pub com.facebook.katana.provider.UserValuesProvider: com.facebook.katana.provider.UserValuesProvider
07-12 17:50:39.925 27313 27313 I ActivityThread: Pub com.facebook.katana.provider.PagesProvider: com.facebook.katana.provider.PagesProvider
07-12 17:50:39.929 27313 27313 I ActivityThread: Pub com.facebook.katana.provider.MobileEventLogProvider: com.facebook.katana.provider.MobileEventLogProvider
07-12 17:50:39.933 27313 27313 I ActivityThread: Pub com.facebook.katana.provider.PushNotificationsProvider: com.facebook.katana.provider.PushNotificationsProvider
07-12 17:50:39.941 27313 27313 I ActivityThread: Pub com.facebook.katana.provider.PhotosProvider: com.facebook.katana.provider.PhotosProvider
07-12 17:50:39.949 27313 27313 I ActivityThread: Pub com.facebook.katana.provider.ConnectionsProvider: com.facebook.katana.provider.ConnectionsProvider
07-12 17:50:40.015 27313 27313 I ActivityThread: Pub com.facebook.orca.notify.FbandroidMessagesForegroundProvider: com.facebook.orca.notify.FbandroidMessagesForegroundProvider
07-12 17:50:40.203 27313 27313 D ACRA    : Retrieve application default SharedPreferences.
07-12 17:50:40.215 27313 27313 D ACRA    : Set OnSharedPreferenceChangeListener.
07-12 17:50:40.238 27313 27313 D ACRA    : ACRA is enabled for com.facebook.katana, intializing...
07-12 17:50:40.375 27313 27313 D ACRA    : Looking for error files in /data/data/com.facebook.katana/app_acra-reports
07-12 17:50:40.500 27313 27314 D dalvikvm: GC_CONCURRENT freed 254K, 4% free 9833K/10183K, paused 2ms+6ms
07-12 17:50:40.574 27313 27313 W nalizableReferenceQueue: Could not load Finalizer in its own class loader.Loading Finalizer in the current class loader instead. As a result, you will not be ableto garbage collect this class loader. To support reclaiming this class loader, eitherresolve the underlying issue, or move Google Collections to your system class path.
07-12 17:50:40.574 27313 27313 W nalizableReferenceQueue: java.io.FileNotFoundException: com/google/common/base/internal/Finalizer.class
07-12 17:50:40.574 27313 27313 W nalizableReferenceQueue: 	at com.google.common.base.FinalizableReferenceQueue$DecoupledLoader.getBaseUrl(FinalizableReferenceQueue.java:243)
07-12 17:50:40.574 27313 27313 W nalizableReferenceQueue: 	at com.google.common.base.FinalizableReferenceQueue$DecoupledLoader.loadFinalizer(FinalizableReferenceQueue.java:227)
07-12 17:50:40.574 27313 27313 W nalizableReferenceQueue: 	at com.google.common.base.FinalizableReferenceQueue.loadFinalizer(FinalizableReferenceQueue.java:155)
07-12 17:50:40.574 27313 27313 W nalizableReferenceQueue: 	at com.google.common.base.FinalizableReferenceQueue.<clinit>(FinalizableReferenceQueue.java:84)
07-12 17:50:40.574 27313 27313 W nalizableReferenceQueue: 	at com.google.common.collect.CustomConcurrentHashMap$QueueHolder.<clinit>(CustomConcurrentHashMap.java:650)
07-12 17:50:40.574 27313 27313 W nalizableReferenceQueue: 	at com.google.common.collect.CustomConcurrentHashMap$WeakEntry.<init>(CustomConcurrentHashMap.java:1342)
07-12 17:50:40.574 27313 27313 W nalizableReferenceQueue: 	at com.google.common.collect.CustomConcurrentHashMap$EntryFactory$9.newEntry(CustomConcurrentHashMap.java:453)
07-12 17:50:40.574 27313 27313 W nalizableReferenceQueue: 	at com.google.common.collect.CustomConcurrentHashMap.a(CustomConcurrentHashMap.java:1715)
07-12 17:50:40.574 27313 27313 W nalizableReferenceQueue: 	at com.google.common.collect.ComputingConcurrentHashMap$ComputingSegment.a(ComputingConcurrentHashMap.java:123)
07-12 17:50:40.574 27313 27313 W nalizableReferenceQueue: 	at com.google.common.collect.ComputingConcurrentHashMap.apply(ComputingConcurrentHashMap.java:71)
07-12 17:50:40.574 27313 27313 W nalizableReferenceQueue: 	at com.google.common.collect.MapMaker$ComputingMapAdapter.get(MapMaker.java:848)
07-12 17:50:40.574 27313 27313 W nalizableReferenceQueue: 	at com.google.inject.internal.Annotations$AnnotationChecker.a(Annotations.java:94)
07-12 17:50:40.574 27313 27313 W nalizableReferenceQueue: 	at com.google.inject.internal.Annotations.c(Annotations.java:112)
07-12 17:50:40.574 27313 27313 W nalizableReferenceQueue: 	at com.google.inject.Key.d(Key.java:369)
07-12 17:50:40.574 27313 27313 W nalizableReferenceQueue: 	at com.google.inject.Key.b(Key.java:356)
07-12 17:50:40.574 27313 27313 W nalizableReferenceQueue: 	at com.google.inject.Key.a(Key.java:267)
07-12 17:50:40.574 27313 27313 W nalizableReferenceQueue: 	at com.facebook.orca.inject.binder.AnnotatedBindingBuilderImpl.a(AnnotatedBindingBuilderImpl.java:22)
07-12 17:50:40.574 27313 27313 W nalizableReferenceQueue: 	at com.facebook.orca.app.FbBaseModule.a(FbBaseModule.java:74)
07-12 17:50:40.574 27313 27313 W nalizableReferenceQueue: 	at com.facebook.orca.inject.AbstractModule.a(AbstractModule.java:19)
07-12 17:50:40.574 27313 27313 W nalizableReferenceQueue: 	at com.facebook.orca.inject.FbInjectorImpl.a(FbInjectorImpl.java:61)
07-12 17:50:40.574 27313 27313 W nalizableReferenceQueue: 	at com.facebook.orca.inject.FbInjectorImpl.<init>(FbInjectorImpl.java:41)
07-12 17:50:40.574 27313 27313 W nalizableReferenceQueue: 	at com.facebook.orca.inject.FbInjector.a(FbInjector.java:40)
07-12 17:50:40.574 27313 27313 W nalizableReferenceQueue: 	at com.facebook.katana.FacebookApplication.onCreate(FacebookApplication.java:86)
07-12 17:50:40.574 27313 27313 W nalizableReferenceQueue: 	at android.app.Instrumentation.callApplicationOnCreate(Instrumentation.java:969)
07-12 17:50:40.574 27313 27313 W nalizableReferenceQueue: 	at android.app.ActivityThread.handleBindApplication(ActivityThread.java:3954)
07-12 17:50:40.574 27313 27313 W nalizableReferenceQueue: 	at android.app.ActivityThread.access$1300(ActivityThread.java:123)
07-12 17:50:40.574 27313 27313 W nalizableReferenceQueue: 	at android.app.ActivityThread$H.handleMessage(ActivityThread.java:1185)
07-12 17:50:40.574 27313 27313 W nalizableReferenceQueue: 	at android.os.Handler.dispatchMessage(Handler.java:99)
07-12 17:50:40.574 27313 27313 W nalizableReferenceQueue: 	at android.os.Looper.loop(Looper.java:137)
07-12 17:50:40.574 27313 27313 W nalizableReferenceQueue: 	at android.app.ActivityThread.main(ActivityThread.java:4424)
07-12 17:50:40.574 27313 27313 W nalizableReferenceQueue: 	at java.lang.reflect.Method.invokeNative(Native Method)
07-12 17:50:40.574 27313 27313 W nalizableReferenceQueue: 	at java.lang.reflect.Method.invoke(Method.java:511)
07-12 17:50:40.574 27313 27313 W nalizableReferenceQueue: 	at com.android.internal.os.ZygoteInit$MethodAndArgsCaller.run(ZygoteInit.java:784)
07-12 17:50:40.574 27313 27313 W nalizableReferenceQueue: 	at com.android.internal.os.ZygoteInit.main(ZygoteInit.java:551)
07-12 17:50:40.574 27313 27313 W nalizableReferenceQueue: 	at dalvik.system.NativeStart.main(Native Method)
07-12 17:50:40.574 27313 27313 I Finalizer: Couldn't access Thread.inheritableThreadLocals. Reference finalizer threads will inherit thread local values.
07-12 17:50:40.586   144   376 I ActivityManager: Start proc com.google.android.apps.maps:LocationFriendService for service com.google.android.apps.maps/com.google.googlenav.friend.reporting.LocationReceiverService: pid=27328 uid=10056 gids={3003, 1015}
07-12 17:50:40.726   144  7984 I ActivityManager: Process android.process.acore (pid 27295) has died.
07-12 17:50:40.918 27328 27330 D dalvikvm: GC_CONCURRENT freed 173K, 3% free 9362K/9607K, paused 2ms+2ms
07-12 17:50:40.929 27313 27314 D dalvikvm: GC_CONCURRENT freed 329K, 5% free 9929K/10375K, paused 2ms+2ms
07-12 17:50:43.410 27313 27314 D dalvikvm: GC_CONCURRENT freed 341K, 5% free 10081K/10503K, paused 21ms+3ms
07-12 17:50:43.566 27328 27330 D dalvikvm: GC_CONCURRENT freed 141K, 3% free 9677K/9927K, paused 2ms+3ms
07-12 17:50:43.652 27110 27112 D dalvikvm: GC_CONCURRENT freed 2997K, 19% free 13249K/16327K, paused 41ms+4ms
07-12 17:50:43.898   144   424 I ActivityManager: Start proc android.process.acore for content provider com.android.providers.contacts/.ContactsProvider2: pid=27350 uid=10000 gids={3003, 1015}
07-12 17:50:43.968   144   144 I ActivityManager: Process com.google.android.apps.plus (pid 27110) has died.
07-12 17:50:44.101 17159 19206 D dalvikvm: GC_EXPLICIT freed 106K, 6% free 10431K/11015K, paused 10ms+3ms
07-12 17:51:33.086 27350 27350 I ActivityThread: Pub call_log: com.android.providers.contacts.CallLogProvider
07-12 17:51:33.304 27350 27350 I ActivityThread: Pub com.android.voicemail: com.android.providers.contacts.VoicemailContentProvider
07-12 17:51:33.308 27350 27350 I ActivityThread: Pub user_dictionary: com.android.providers.userdictionary.UserDictionaryProvider
07-12 17:51:33.328 27350 27350 I ActivityThread: Pub com.android.social: com.android.providers.contacts.SocialProvider
07-12 17:51:33.328 27350 27350 I ActivityThread: Pub applications: com.android.providers.applications.ApplicationsProvider
07-12 17:51:33.605 27350 27350 I ActivityThread: Pub contacts;com.android.contacts: com.android.providers.contacts.ContactsProvider2
07-12 17:51:33.640 27350 27352 D dalvikvm: GC_CONCURRENT freed 360K, 5% free 9176K/9607K, paused 39ms+5ms
07-12 17:51:33.808 27313 27314 D dalvikvm: GC_CONCURRENT freed 302K, 4% free 10233K/10631K, paused 3ms+91ms
07-12 17:51:33.871 27328 27330 D dalvikvm: GC_CONCURRENT freed 263K, 4% free 9880K/10247K, paused 91ms+2ms
07-12 17:51:34.101 25099 25099 I PhoneLab-Locks: wake lock acquired
07-12 17:51:34.156 25099 27373 I PhoneLab-PeriodicCheckService: User info is synched
07-12 17:51:34.160 25099 27373 I PhoneLab-PeriodicCheckService: Logger Service is running
07-12 17:51:34.164 25099 25099 I PhoneLab-Locks: wake lock acquired
07-12 17:51:34.168 27313 27344 W Resources: Converting to string: TypedValue{t=0x10/d=0xffffffff a=-1}
07-12 17:51:34.171 25099 25099 I PhoneLab-StatusMonitor: Status Monitoring is started
07-12 17:51:34.179 25099 27373 I PhoneLab-Locks: wake lock acquired
07-12 17:51:34.179 25099 27373 I PhoneLab-PeriodicCheckService: Rescheduling periodic checking...
07-12 17:51:34.183 25099 27373 I PhoneLab-Locks: wake lock released
07-12 17:51:34.199 25099 25099 E PhoneLab-PhoneLabManifest: java.io.FileNotFoundException: /data/data/edu.buffalo.cse.phonelab.phonelabservices/files/manifest.xml: open failed: ENOENT (No such file or directory)
07-12 17:51:34.211 25099 25099 I PhoneLab-Locks: wake lock released
07-12 17:51:34.218 25099 25099 I PhoneLab-UploadLogs: Transfering log files now
07-12 17:51:34.230 27328 27336 I dalvikvm: Total arena pages for JIT: 11
07-12 17:51:34.234 27328 27336 I dalvikvm: Total arena pages for JIT: 12
07-12 17:51:34.234 27328 27336 I dalvikvm: Total arena pages for JIT: 13
07-12 17:51:34.234 27328 27336 I dalvikvm: Total arena pages for JIT: 14
07-12 17:51:34.254 27328 27336 I dalvikvm: Total arena pages for JIT: 15
07-12 17:51:34.254 27328 27336 I dalvikvm: Total arena pages for JIT: 16
07-12 17:51:34.257 27328 27336 I dalvikvm: Total arena pages for JIT: 17
07-12 17:51:34.300 25099 25100 D dalvikvm: GC_CONCURRENT freed 414K, 15% free 9133K/10695K, paused 2ms+44ms
07-12 17:51:34.480 25099 25100 D dalvikvm: GC_CONCURRENT freed 300K, 14% free 9236K/10695K, paused 2ms+2ms
07-12 17:51:34.507 25099 25099 D dalvikvm: GC_FOR_ALLOC freed 184K, 12% free 9420K/10695K, paused 18ms
07-12 17:51:34.546 25099 25099 I PhoneLab-UploadLogs: OnStartCommand
07-12 17:51:34.629 25099 25100 D dalvikvm: GC_CONCURRENT freed 298K, 10% free 9633K/10695K, paused 2ms+30ms
07-12 17:51:34.687 27313 27314 D dalvikvm: GC_CONCURRENT freed 355K, 5% free 10320K/10759K, paused 2ms+2ms
07-12 17:51:34.793 27350 27352 D dalvikvm: GC_CONCURRENT freed 140K, 3% free 9467K/9735K, paused 5ms+2ms
07-12 17:51:34.929 25099 27379 D dalvikvm: GC_FOR_ALLOC freed 312K, 10% free 9652K/10695K, paused 15ms
07-12 17:51:34.949 25099 27379 D dalvikvm: GC_FOR_ALLOC freed 306K, 10% free 9653K/10695K, paused 19ms
07-12 17:51:34.964 25099 27379 D dalvikvm: GC_FOR_ALLOC freed 306K, 10% free 9654K/10695K, paused 13ms
07-12 17:51:35.168   144 24503 I ActivityManager: Process com.google.android.apps.maps:LocationFriendService (pid 27328) has died.
07-12 17:51:35.347 27313 27314 D dalvikvm: GC_CONCURRENT freed 355K, 5% free 10437K/10887K, paused 5ms+53ms
07-12 17:51:36.093 27350 27352 D dalvikvm: GC_CONCURRENT freed 250K, 4% free 9627K/9991K, paused 3ms+2ms
07-12 17:51:37.816 27313 27314 D dalvikvm: GC_CONCURRENT freed 363K, 5% free 10528K/11015K, paused 11ms+3ms
07-12 17:51:39.105 25099 25099 I PhoneLab-: 1342129788072.log is deleted
07-12 17:51:39.105 25099 25099 I PhoneLab-: Response: {"data": "done", "err": ""}
07-12 17:51:39.113 25099 25099 I PhoneLab-UploadLogs: No log files to transfer
07-12 17:51:39.113 25099 25099 I PhoneLab-Locks: wake lock released
07-12 17:51:39.152 27313 27314 D dalvikvm: GC_CONCURRENT freed 322K, 5% free 10625K/11079K, paused 3ms+3ms
07-12 17:51:40.207 25179 25180 D dalvikvm: GC_CONCURRENT freed 513K, 6% free 10435K/11079K, paused 1ms+3ms
07-12 17:51:40.269   144   380 I ActivityManager: Start proc com.google.android.apps.maps:LocationFriendService for service com.google.android.apps.maps/com.google.googlenav.friend.reporting.LocationReceiverService: pid=27390 uid=10056 gids={3003, 1015}
07-12 17:51:40.293    79    79 D dalvikvm: GC_EXPLICIT freed 38K, 4% free 9031K/9347K, paused 3ms+3ms
07-12 17:51:40.316    79    79 D dalvikvm: GC_EXPLICIT freed <1K, 4% free 9031K/9347K, paused 2ms+2ms
07-12 17:51:40.347    79    79 D dalvikvm: GC_EXPLICIT freed <1K, 4% free 9031K/9347K, paused 2ms+3ms
07-12 17:51:40.500 27390 27391 D dalvikvm: GC_CONCURRENT freed 178K, 3% free 9357K/9607K, paused 1ms+2ms
07-12 17:51:40.859 27390 27391 D dalvikvm: GC_CONCURRENT freed 134K, 3% free 9670K/9927K, paused 9ms+2ms
07-12 17:51:41.566 27390 27391 D dalvikvm: GC_CONCURRENT freed 273K, 4% free 9923K/10311K, paused 1ms+2ms
07-12 17:51:45.332   144   160 D dalvikvm: GC_EXPLICIT freed 1316K, 22% free 18299K/23431K, paused 47ms+7ms
07-12 17:51:46.062 27313 27314 D dalvikvm: GC_CONCURRENT freed 442K, 6% free 10632K/11207K, paused 2ms+2ms
07-12 17:51:47.300   344   344 D SAN_SERVICE: *******************************************
07-12 17:51:47.300   344   344 D SAN_SERVICE: DM App Phone Service State - 0
07-12 17:51:47.300   344   344 D SAN_SERVICE: *******************************************
07-12 17:52:32.847   144   198 D DhcpInfoInternal: makeLinkProperties with empty dns2!
07-12 17:52:32.847   144   198 D DhcpInfoInternal: makeLinkProperties with empty dns2!
07-12 17:52:40.379 27390 27396 I dalvikvm: Total arena pages for JIT: 11
07-12 17:52:40.379 27390 27396 I dalvikvm: Total arena pages for JIT: 12
07-12 17:52:40.379 27390 27396 I dalvikvm: Total arena pages for JIT: 13
07-12 17:52:40.379 27390 27396 I dalvikvm: Total arena pages for JIT: 14
07-12 17:52:40.382 27390 27396 I dalvikvm: Total arena pages for JIT: 15
07-12 17:52:40.382 27390 27396 I dalvikvm: Total arena pages for JIT: 16
07-12 17:52:40.382 27390 27396 I dalvikvm: Total arena pages for JIT: 17
07-12 17:52:40.453 27390 27391 D dalvikvm: GC_CONCURRENT freed 498K, 6% free 9964K/10567K, paused 2ms+2ms
07-12 17:53:00.273   144   173 I ActivityManager: Start proc com.twitter.android for service com.twitter.android/.client.AppService: pid=27435 uid=10064 gids={3003, 1015}
07-12 17:53:00.277 27435 27435 I dalvikvm: Turning on JNI app bug workarounds for target SDK version 11...
07-12 17:53:00.461 27435 27435 I ActivityThread: Pub com.twitter.android.provider.GlobalDatabaseProvider: com.twitter.android.provider.GlobalDatabaseProvider
07-12 17:53:00.476 27435 27435 I ActivityThread: Pub com.twitter.android.provider.TwitterProvider: com.twitter.android.provider.TwitterProvider
07-12 17:53:00.578 27435 27437 D dalvikvm: GC_CONCURRENT freed 172K, 4% free 9301K/9607K, paused 4ms+3ms
07-12 17:53:00.757   144   380 I ActivityManager: Process android.process.acore (pid 27350) has died.
07-12 17:53:00.867   144   168 D dalvikvm: GC_EXPLICIT freed 334K, 23% free 18269K/23431K, paused 2ms+7ms
07-12 17:53:01.207 27435 27437 D dalvikvm: GC_CONCURRENT freed 217K, 4% free 9522K/9863K, paused 7ms+2ms
07-12 17:53:01.343 27435 27437 D dalvikvm: GC_CONCURRENT freed 287K, 5% free 9641K/10055K, paused 2ms+1ms
07-12 17:53:01.457 27435 27437 D dalvikvm: GC_CONCURRENT freed 298K, 5% free 9767K/10183K, paused 2ms+1ms
07-12 17:53:01.578 27435 27437 D dalvikvm: GC_CONCURRENT freed 299K, 5% free 9892K/10311K, paused 2ms+3ms
07-12 17:53:01.695 27435 27437 D dalvikvm: GC_CONCURRENT freed 295K, 5% free 10020K/10439K, paused 2ms+2ms
07-12 17:53:01.808 27435 27437 D dalvikvm: GC_CONCURRENT freed 297K, 4% free 10151K/10567K, paused 1ms+1ms
07-12 17:53:01.933 27435 27437 D dalvikvm: GC_CONCURRENT freed 306K, 4% free 10281K/10695K, paused 1ms+1ms
07-12 17:53:02.097 27435 27437 D dalvikvm: GC_CONCURRENT freed 470K, 6% free 10228K/10823K, paused 2ms+2ms
07-12 17:53:02.218 27435 27437 D dalvikvm: GC_CONCURRENT freed 320K, 5% free 10303K/10823K, paused 5ms+3ms
07-12 17:53:02.343 27435 27437 D dalvikvm: GC_CONCURRENT freed 325K, 5% free 10383K/10823K, paused 1ms+2ms
07-12 17:53:02.476 27435 27437 D dalvikvm: GC_CONCURRENT freed 356K, 5% free 10475K/10951K, paused 1ms+1ms
07-12 17:53:02.593 27435 27437 D dalvikvm: GC_CONCURRENT freed 349K, 5% free 10558K/11015K, paused 2ms+2ms
07-12 17:53:02.711 27435 27437 D dalvikvm: GC_CONCURRENT freed 334K, 4% free 10640K/11079K, paused 2ms+2ms
07-12 17:53:02.840 27435 27437 D dalvikvm: GC_CONCURRENT freed 372K, 5% free 10729K/11207K, paused 2ms+2ms
07-12 17:53:02.961 27435 27437 D dalvikvm: GC_CONCURRENT freed 406K, 5% free 10825K/11335K, paused 1ms+2ms
07-12 17:53:05.922   344   344 D dalvikvm: GC_EXPLICIT freed 452K, 14% free 12235K/14087K, paused 17ms+4ms
07-12 17:53:09.355 27435 27437 D dalvikvm: GC_CONCURRENT freed 314K, 4% free 11026K/11463K, paused 2ms+2ms
07-12 17:53:10.875   440   440 D dalvikvm: GC_EXPLICIT freed <1K, 4% free 9037K/9347K, paused 15ms+2ms
07-12 17:53:40.597 25179 25180 D dalvikvm: GC_CONCURRENT freed 505K, 6% free 10441K/11079K, paused 2ms+2ms
07-12 17:53:40.664 27390 27396 I dalvikvm: Total arena pages for JIT: 18
07-12 17:54:40.726 27390 27391 D dalvikvm: GC_CONCURRENT freed 492K, 6% free 9962K/10567K, paused 7ms+3ms
07-12 17:54:57.511   144   198 D DhcpInfoInternal: makeLinkProperties with empty dns2!
07-12 17:54:57.511   144   198 D DhcpInfoInternal: makeLinkProperties with empty dns2!
07-12 17:55:40.687 25179 25180 D dalvikvm: GC_CONCURRENT freed 516K, 6% free 10436K/11079K, paused 1ms+3ms
07-12 17:55:40.824 27390 27391 D dalvikvm: GC_CONCURRENT freed 460K, 7% free 9933K/10567K, paused 1ms+2ms
07-12 17:56:41.199 27390 27391 D dalvikvm: GC_CONCURRENT freed 346K, 5% free 10068K/10567K, paused 4ms+6ms
07-12 17:56:41.605 27390 27391 D dalvikvm: GC_CONCURRENT freed 262K, 4% free 10236K/10631K, paused 13ms+2ms
07-12 17:57:22.402   144   198 D DhcpInfoInternal: makeLinkProperties with empty dns2!
07-12 17:57:22.406   144   198 D DhcpInfoInternal: makeLinkProperties with empty dns2!
07-12 17:57:40.195 25179 25180 D dalvikvm: GC_CONCURRENT freed 413K, 6% free 10455K/11079K, paused 2ms+6ms
07-12 17:57:40.863 27390 27391 D dalvikvm: GC_CONCURRENT freed 627K, 7% free 10110K/10823K, paused 2ms+2ms
07-12 17:58:10.957   344   344 D SAN_SERVICE: *******************************************
07-12 17:58:10.957   344   344 D SAN_SERVICE: DM App Phone Service State - 0
07-12 17:58:10.957   344   344 D SAN_SERVICE: *******************************************
07-12 17:58:12.218   144   402 I ActivityManager: Process com.google.android.apps.maps:LocationFriendService (pid 27390) has died.
07-12 17:58:12.234 27435 27437 D dalvikvm: GC_CONCURRENT freed 451K, 5% free 11157K/11719K, paused 14ms+2ms
07-12 17:58:40.847 25179 25180 D dalvikvm: GC_CONCURRENT freed 516K, 6% free 10451K/11079K, paused 2ms+3ms
07-12 17:58:40.867   144 10051 I ActivityManager: Start proc com.google.android.apps.maps:LocationFriendService for service com.google.android.apps.maps/com.google.googlenav.friend.reporting.LocationReceiverService: pid=27507 uid=10056 gids={3003, 1015}
07-12 17:58:41.004 27507 27510 D dalvikvm: GC_CONCURRENT freed 154K, 3% free 9382K/9607K, paused 2ms+2ms
07-12 17:58:41.238 27507 27510 D dalvikvm: GC_CONCURRENT freed 159K, 3% free 9679K/9927K, paused 3ms+5ms
07-12 17:58:41.547   144 30930 I ActivityManager: Process com.twitter.android (pid 27435) has died.
07-12 17:58:41.609 27507 27510 D dalvikvm: GC_CONCURRENT freed 240K, 4% free 9886K/10247K, paused 6ms+2ms
07-12 17:58:41.668 27507 27514 I dalvikvm: Total arena pages for JIT: 11
07-12 17:58:41.668 27507 27514 I dalvikvm: Total arena pages for JIT: 12
07-12 17:58:41.668 27507 27514 I dalvikvm: Total arena pages for JIT: 13
07-12 17:58:41.668 27507 27514 I dalvikvm: Total arena pages for JIT: 14
07-12 17:58:41.668 27507 27514 I dalvikvm: Total arena pages for JIT: 15
07-12 17:58:41.668 27507 27514 I dalvikvm: Total arena pages for JIT: 16
07-12 17:58:41.668 27507 27514 I dalvikvm: Total arena pages for JIT: 17
07-12 17:59:40.945 27507 27514 I dalvikvm: Total arena pages for JIT: 18
07-12 17:59:40.965 27507 27510 D dalvikvm: GC_CONCURRENT freed 433K, 6% free 9957K/10503K, paused 1ms+3ms
07-12 17:59:41.136 27507 27510 D dalvikvm: GC_CONCURRENT freed 315K, 5% free 10057K/10503K, paused 2ms+2ms
07-12 17:59:42.062 27507 27510 D dalvikvm: GC_CONCURRENT freed 266K, 4% free 10305K/10695K, paused 2ms+2ms
07-12 17:59:45.922   356   356 D dalvikvm: GC_EXPLICIT freed <1K, 6% free 9100K/9607K, paused 16ms+2ms
07-12 17:59:47.293   144   198 D DhcpInfoInternal: makeLinkProperties with empty dns2!
07-12 17:59:47.297   144   198 D DhcpInfoInternal: makeLinkProperties with empty dns2!
07-12 17:59:54.597 17159 18864 I EventLogService: Aggregate from 1342128594468 (log), 1342128594468 (data)
07-12 18:00:41.359 25179 25180 D dalvikvm: GC_CONCURRENT freed 510K, 6% free 10452K/11079K, paused 2ms+3ms
07-12 18:01:41.418 27507 27510 D dalvikvm: GC_CONCURRENT freed 739K, 8% free 10118K/10951K, paused 8ms+2ms
07-12 18:01:50.711 18680 18680 D dalvikvm: GC_EXPLICIT freed 95K, 11% free 11663K/12999K, paused 16ms+4ms
07-12 18:01:51.285   144   168 I ActivityManager: Start proc com.google.android.apps.currents for service com.google.android.apps.currents/com.google.apps.dots.android.app.service.SyncService: pid=27558 uid=10078 gids={3003, 1015}
07-12 18:01:51.722 27558 27558 I ActivityThread: Pub com.google.apps.dots.android.app.provider.SuggestionProvider: com.google.apps.dots.android.app.provider.SuggestionProvider
07-12 18:01:51.726 27558 27558 I ActivityThread: Pub com.google.android.apps.currents.exported: com.google.apps.dots.android.app.provider.ExportedContentProvider
07-12 18:01:51.793 27558 27560 D dalvikvm: GC_CONCURRENT freed 163K, 3% free 9373K/9607K, paused 3ms+2ms
07-12 18:01:51.847 27558 27560 D dalvikvm: GC_CONCURRENT freed 323K, 5% free 9522K/9991K, paused 2ms+2ms
07-12 18:01:51.957 27558 27560 D dalvikvm: GC_CONCURRENT freed 169K, 3% free 9828K/10119K, paused 2ms+2ms
07-12 18:01:52.070 27558 27560 D dalvikvm: GC_CONCURRENT freed 236K, 4% free 10075K/10439K, paused 2ms+2ms
07-12 18:01:52.113 27558 27558 I DotsContentUris: content://com.google.android.apps.currents
07-12 18:01:52.125 27558 27558 I ActivityThread: Pub com.google.android.apps.currents: com.google.apps.dots.android.app.provider.DotsContentProvider
07-12 18:01:52.132 27558 27558 I DotsApplication: Starting up...
07-12 18:01:52.226 25099 25112 I PhoneLab-: Service Running
07-12 18:01:52.382 27558 27560 D dalvikvm: GC_CONCURRENT freed 411K, 5% free 10133K/10631K, paused 8ms+3ms
07-12 18:01:52.418 25099 25112 I PhoneLab-LoggerService: app_37    1373  1     1440   1000  c00f181c 400107b4 S logcat
07-12 18:01:52.418 25099 25112 I PhoneLab-LoggerService: Logcat pid from database 1373
07-12 18:01:52.418 25099 25112 I PhoneLab-LoggerService: Logcat process found 1373
07-12 18:01:52.418 25099 25112 I PhoneLab-LoggerService: Checking Threshold
07-12 18:01:52.461 25099 25112 I PhoneLab-: Service Running
07-12 18:01:52.566 25099 25112 I PhoneLab-LoggerService: app_37    1373  1     1440   1000  c00f181c 400107b4 S logcat
07-12 18:01:52.582 25099 25112 I PhoneLab-LoggerService: Logcat pid from database 1373
07-12 18:01:52.582 25099 25112 I PhoneLab-LoggerService: Logcat process found 1373
07-12 18:01:52.582 25099 25112 I PhoneLab-LoggerService: Checking Threshold
07-12 18:01:52.586 25099 25100 D dalvikvm: GC_CONCURRENT freed 913K, 15% free 9171K/10695K, paused 1ms+15ms
07-12 18:01:52.617 25099 25112 I PhoneLab-: Service Running
07-12 18:01:52.675 25099 25112 I PhoneLab-LoggerService: app_37    1373  1     1440   1000  c00f181c 400107b4 S logcat
07-12 18:01:52.675 25099 25112 I PhoneLab-LoggerService: Logcat pid from database 1373
07-12 18:01:52.675 25099 25112 I PhoneLab-LoggerService: Logcat process found 1373
07-12 18:01:52.675 25099 25112 I PhoneLab-LoggerService: Checking Threshold
07-12 18:01:52.675 25099 25112 I PhoneLab-: Service Running
07-12 18:01:52.738 27558 27560 D dalvikvm: GC_CONCURRENT freed 298K, 5% free 10325K/10759K, paused 2ms+3ms
07-12 18:01:52.754 25099 25112 I PhoneLab-LoggerService: app_37    1373  1     1440   1000  c00f181c 400107b4 S logcat
07-12 18:01:52.757 25099 25112 I PhoneLab-LoggerService: Logcat pid from database 1373
07-12 18:01:52.757 25099 25112 I PhoneLab-LoggerService: Logcat process found 1373
07-12 18:01:52.757 25099 25112 I PhoneLab-LoggerService: Checking Threshold
07-12 18:01:52.757 25099 25112 I PhoneLab-: Service Running
07-12 18:01:52.781 27558 27581 I SyncService: Starting sync (18:01:52)
07-12 18:01:52.789 25099 25112 I PhoneLab-LoggerService: app_37    1373  1     1440   1000  c00f181c 400107b4 S logcat
07-12 18:01:52.789 25099 25112 I PhoneLab-LoggerService: Logcat pid from database 1373
07-12 18:01:52.789 25099 25112 I PhoneLab-LoggerService: Logcat process found 1373
07-12 18:01:52.789 25099 25112 I PhoneLab-LoggerService: Checking Threshold
07-12 18:01:52.871   144 24503 I ActivityManager: Process com.google.android.apps.maps:LocationFriendService (pid 27507) has died.
07-12 18:01:56.683 27558 27560 D dalvikvm: GC_CONCURRENT freed 287K, 4% free 10475K/10887K, paused 1ms+2ms
07-12 18:01:57.039 27558 27560 D dalvikvm: GC_CONCURRENT freed 202K, 4% free 10683K/11015K, paused 2ms+2ms
07-12 18:01:57.332 27558 27560 D dalvikvm: GC_CONCURRENT freed 503K, 6% free 10657K/11335K, paused 2ms+2ms
07-12 18:01:57.535   144   156 D dalvikvm: GC_EXPLICIT freed 1297K, 22% free 18365K/23431K, paused 14ms+9ms
07-12 18:01:57.636 27558 27560 D dalvikvm: GC_CONCURRENT freed 376K, 6% free 10699K/11335K, paused 1ms+3ms
07-12 18:01:58.090   144   160 D dalvikvm: GC_EXPLICIT freed 121K, 23% free 18246K/23431K, paused 6ms+7ms
07-12 18:01:58.160 27558 27560 D dalvikvm: GC_CONCURRENT freed 397K, 6% free 10766K/11335K, paused 3ms+2ms
07-12 18:01:59.840   144   156 D SyncManager: setSyncAutomatically: , provider com.google.android.apps.currents -> true
07-12 18:01:59.840   144   156 D SyncManager: setSyncAutomatically: already set to true, doing nothing
07-12 18:02:00.062 27558 27560 D dalvikvm: GC_CONCURRENT freed 358K, 5% free 10913K/11463K, paused 2ms+2ms
07-12 18:02:00.234 27558 27560 D dalvikvm: GC_CONCURRENT freed 272K, 4% free 11193K/11591K, paused 3ms+2ms
07-12 18:02:00.445 27558 27560 D dalvikvm: GC_CONCURRENT freed 313K, 4% free 11528K/11975K, paused 2ms+3ms
07-12 18:02:00.746 27558 27560 D dalvikvm: GC_CONCURRENT freed 1087K, 10% free 11202K/12423K, paused 3ms+3ms
07-12 18:02:01.441 27558 27560 D dalvikvm: GC_CONCURRENT freed 573K, 10% free 11234K/12423K, paused 2ms+2ms
07-12 18:02:02.992 27558 27560 D dalvikvm: GC_CONCURRENT freed 590K, 10% free 11256K/12423K, paused 1ms+3ms
07-12 18:02:03.132 27558 27560 D dalvikvm: GC_CONCURRENT freed 621K, 10% free 11283K/12423K, paused 2ms+3ms
07-12 18:02:03.281 27558 27560 D dalvikvm: GC_CONCURRENT freed 615K, 9% free 11313K/12423K, paused 3ms+3ms
07-12 18:02:03.449 27558 27560 D dalvikvm: GC_CONCURRENT freed 640K, 9% free 11341K/12423K, paused 2ms+2ms
07-12 18:02:04.054   144  9303 D dalvikvm: GC_EXPLICIT freed 376K, 22% free 18328K/23431K, paused 8ms+9ms
07-12 18:02:05.070 27558 27560 D dalvikvm: GC_CONCURRENT freed 735K, 10% free 11258K/12423K, paused 2ms+3ms
07-12 18:02:05.234 27558 27560 D dalvikvm: GC_CONCURRENT freed 598K, 10% free 11297K/12423K, paused 2ms+3ms
07-12 18:02:05.379 27558 27560 D dalvikvm: GC_CONCURRENT freed 636K, 9% free 11322K/12423K, paused 2ms+2ms
07-12 18:02:05.515 27558 27560 D dalvikvm: GC_CONCURRENT freed 633K, 9% free 11337K/12423K, paused 1ms+3ms
07-12 18:02:05.660 27558 27560 D dalvikvm: GC_CONCURRENT freed 662K, 9% free 11354K/12423K, paused 2ms+3ms
07-12 18:02:06.590 27558 27560 D dalvikvm: GC_CONCURRENT freed 616K, 9% free 11389K/12423K, paused 2ms+2ms
07-12 18:02:07.191 25099 25112 I PhoneLab-: Service Running
07-12 18:02:07.636 25099 25112 I PhoneLab-LoggerService: app_37    1373  1     1440   1000  c00f181c 400107b4 S logcat
07-12 18:02:07.636 25099 25112 I PhoneLab-LoggerService: Logcat pid from database 1373
07-12 18:02:07.640 25099 25112 I PhoneLab-LoggerService: Logcat process found 1373
07-12 18:02:07.640 25099 25112 I PhoneLab-LoggerService: Checking Threshold
07-12 18:02:08.019 27558 27560 D dalvikvm: GC_CONCURRENT freed 809K, 10% free 11257K/12423K, paused 2ms+3ms
07-12 18:02:09.121 27558 27560 D dalvikvm: GC_CONCURRENT freed 615K, 10% free 11262K/12423K, paused 2ms+8ms
07-12 18:02:09.570 27558 27560 D dalvikvm: GC_CONCURRENT freed 624K, 10% free 11272K/12423K, paused 2ms+2ms
07-12 18:02:09.836 27558 27560 D dalvikvm: GC_CONCURRENT freed 596K, 9% free 11314K/12423K, paused 2ms+3ms
07-12 18:02:10.718 27558 27560 D dalvikvm: GC_CONCURRENT freed 687K, 10% free 11278K/12423K, paused 2ms+2ms
07-12 18:02:11.379 27558 27560 D dalvikvm: GC_CONCURRENT freed 607K, 10% free 11299K/12423K, paused 1ms+2ms
07-12 18:02:11.500 27558 27560 D dalvikvm: GC_CONCURRENT freed 621K, 9% free 11339K/12423K, paused 2ms+2ms
07-12 18:02:12.160   144   198 D DhcpInfoInternal: makeLinkProperties with empty dns2!
07-12 18:02:12.164   144   198 D DhcpInfoInternal: makeLinkProperties with empty dns2!
07-12 18:02:12.476 27558 27560 D dalvikvm: GC_CONCURRENT freed 688K, 10% free 11299K/12423K, paused 2ms+3ms
07-12 18:02:12.804 27558 27585 D dalvikvm: GC_FOR_ALLOC freed 268K, 9% free 11318K/12423K, paused 23ms
07-12 18:02:12.804 27558 27585 I dalvikvm-heap: Grow heap (frag case) to 11.158MB for 37686-byte allocation
07-12 18:02:12.828 27558 27585 D dalvikvm: GC_FOR_ALLOC freed 7K, 10% free 11348K/12487K, paused 23ms
07-12 18:02:12.894 27558 27585 D dalvikvm: GC_FOR_ALLOC freed 432K, 10% free 11325K/12487K, paused 23ms
07-12 18:02:12.922 27558 27585 D dalvikvm: GC_FOR_ALLOC freed 41K, 10% free 11356K/12487K, paused 23ms
07-12 18:02:12.945 27558 27585 D dalvikvm: GC_FOR_ALLOC freed 73K, 10% free 11325K/12487K, paused 23ms
07-12 18:02:13.058 27558 27560 D dalvikvm: GC_CONCURRENT freed 648K, 10% free 11323K/12487K, paused 2ms+2ms
07-12 18:02:13.683 27558 27560 D dalvikvm: GC_CONCURRENT freed 661K, 10% free 11317K/12487K, paused 2ms+3ms
07-12 18:02:13.824 27558 27560 D dalvikvm: GC_CONCURRENT freed 625K, 10% free 11351K/12487K, paused 2ms+2ms
07-12 18:02:13.965 27558 27560 D dalvikvm: GC_CONCURRENT freed 646K, 9% free 11377K/12487K, paused 2ms+3ms
07-12 18:02:14.117 27558 27585 D dalvikvm: GC_EXPLICIT freed 394K, 10% free 11353K/12487K, paused 6ms+3ms
07-12 18:02:15.910 27558 27560 D dalvikvm: GC_CONCURRENT freed 698K, 10% free 11308K/12487K, paused 1ms+2ms
07-12 18:02:16.386   344   344 D dalvikvm: GC_EXPLICIT freed 66K, 14% free 12212K/14087K, paused 2ms+4ms
07-12 18:02:16.609 27558 27560 D dalvikvm: GC_CONCURRENT freed 616K, 10% free 11336K/12487K, paused 6ms+2ms
07-12 18:02:17.058 27558 27560 D dalvikvm: GC_CONCURRENT freed 653K, 10% free 11332K/12487K, paused 1ms+3ms
07-12 18:02:17.648 27313 27314 D dalvikvm: GC_CONCURRENT freed 416K, 5% free 10674K/11207K, paused 10ms+2ms
07-12 18:02:17.691 27558 27560 D dalvikvm: GC_CONCURRENT freed 659K, 10% free 11352K/12487K, paused 2ms+2ms
07-12 18:02:18.293 27558 27560 D dalvikvm: GC_CONCURRENT freed 644K, 9% free 11380K/12487K, paused 1ms+2ms
07-12 18:02:18.433 27558 27560 D dalvikvm: GC_CONCURRENT freed 659K, 9% free 11389K/12487K, paused 1ms+2ms
07-12 18:02:19.914 27558 27560 D dalvikvm: GC_CONCURRENT freed 722K, 10% free 11361K/12487K, paused 2ms+2ms
07-12 18:02:20.043 27558 27560 D dalvikvm: GC_CONCURRENT freed 643K, 9% free 11402K/12487K, paused 2ms+2ms
07-12 18:02:20.211   144  9303 D dalvikvm: GC_EXPLICIT freed 700K, 23% free 18262K/23431K, paused 3ms+6ms
07-12 18:02:20.347 27558 27560 D dalvikvm: GC_CONCURRENT freed 603K, 9% free 11476K/12487K, paused 2ms+3ms
07-12 18:02:21.906 27558 27560 D dalvikvm: GC_CONCURRENT freed 806K, 9% free 11390K/12487K, paused 2ms+2ms
07-12 18:02:22.050 27558 27560 D dalvikvm: GC_CONCURRENT freed 633K, 9% free 11444K/12487K, paused 2ms+4ms
07-12 18:02:22.203 27558 27560 D dalvikvm: GC_CONCURRENT freed 679K, 9% free 11468K/12487K, paused 2ms+3ms
07-12 18:02:22.636 27558 27560 D dalvikvm: GC_CONCURRENT freed 543K, 7% free 11627K/12487K, paused 2ms+3ms
07-12 18:02:24.211 27558 27560 D dalvikvm: GC_CONCURRENT freed 1041K, 10% free 11396K/12551K, paused 2ms+2ms
07-12 18:02:24.340 27558 27560 D dalvikvm: GC_CONCURRENT freed 643K, 9% free 11444K/12551K, paused 2ms+3ms
07-12 18:02:24.465 27558 27560 D dalvikvm: GC_CONCURRENT freed 666K, 9% free 11473K/12551K, paused 2ms+2ms
07-12 18:02:24.746   144   144 D dalvikvm: GC_EXPLICIT freed 295K, 23% free 18258K/23431K, paused 3ms+7ms
07-12 18:02:24.922 27558 27560 D dalvikvm: GC_CONCURRENT freed 551K, 8% free 11627K/12551K, paused 2ms+3ms
07-12 18:02:26.140 27558 27585 D dalvikvm: GC_FOR_ALLOC freed 966K, 10% free 11415K/12615K, paused 27ms
07-12 18:02:26.168 27558 27585 D dalvikvm: GC_FOR_ALLOC freed 54K, 10% free 11440K/12615K, paused 23ms
07-12 18:02:26.218 27558 27585 D dalvikvm: GC_FOR_ALLOC freed 273K, 10% free 11394K/12615K, paused 24ms
07-12 18:02:26.386   440   440 D dalvikvm: GC_EXPLICIT freed <1K, 4% free 9037K/9347K, paused 4ms+4ms
07-12 18:02:27.070 27558 27560 D dalvikvm: GC_CONCURRENT freed 627K, 10% free 11475K/12615K, paused 2ms+2ms
07-12 18:02:27.187 27558 27560 D dalvikvm: GC_CONCURRENT freed 712K, 10% free 11465K/12615K, paused 2ms+2ms
07-12 18:02:28.101 27558 27560 D dalvikvm: GC_CONCURRENT freed 698K, 10% free 11460K/12615K, paused 2ms+2ms
07-12 18:02:28.230 27558 27560 D dalvikvm: GC_CONCURRENT freed 643K, 9% free 11502K/12615K, paused 2ms+2ms
07-12 18:02:30.527 27558 27560 D dalvikvm: GC_CONCURRENT freed 842K, 10% free 11386K/12615K, paused 6ms+3ms
07-12 18:02:30.668 27558 27560 D dalvikvm: GC_CONCURRENT freed 574K, 9% free 11496K/12615K, paused 2ms+3ms
07-12 18:02:30.910 27558 27560 D dalvikvm: GC_CONCURRENT freed 697K, 9% free 11498K/12615K, paused 3ms+5ms
07-12 18:02:31.422   214   214 D dalvikvm: GC_EXPLICIT freed 225K, 55% free 9941K/22023K, paused 7ms+3ms
07-12 18:02:32.664 27558 27560 D dalvikvm: GC_CONCURRENT freed 768K, 10% free 11442K/12615K, paused 3ms+3ms
07-12 18:02:32.910 27558 27560 D dalvikvm: GC_CONCURRENT freed 722K, 10% free 11421K/12615K, paused 2ms+3ms
07-12 18:02:33.273 27558 27560 D dalvikvm: GC_CONCURRENT freed 687K, 10% free 11409K/12615K, paused 2ms+2ms
07-12 18:02:33.425 27558 27560 D dalvikvm: GC_CONCURRENT freed 502K, 9% free 11594K/12615K, paused 2ms+3ms
07-12 18:02:33.562 27558 27560 D dalvikvm: GC_CONCURRENT freed 527K, 7% free 11809K/12615K, paused 2ms+3ms
07-12 18:02:33.738 27558 27560 D dalvikvm: GC_CONCURRENT freed 730K, 7% free 11955K/12807K, paused 2ms+2ms
07-12 18:02:33.933 27558 27560 D dalvikvm: GC_CONCURRENT freed 1554K, 13% free 11344K/12999K, paused 2ms+6ms
07-12 18:02:35.527 27558 27560 D dalvikvm: GC_CONCURRENT freed 556K, 13% free 11434K/12999K, paused 14ms+2ms
07-12 18:02:35.652 27558 27581 I SyncService: sync service finished (18:02:35)
07-12 18:02:41.449 25179 25180 D dalvikvm: GC_CONCURRENT freed 512K, 6% free 10452K/11079K, paused 2ms+3ms
07-12 18:02:41.500   144 30930 I ActivityManager: Start proc com.google.android.apps.maps:LocationFriendService for service com.google.android.apps.maps/com.google.googlenav.friend.reporting.LocationReceiverService: pid=27610 uid=10056 gids={3003, 1015}
07-12 18:02:42.004 27610 27612 D dalvikvm: GC_CONCURRENT freed 161K, 3% free 9375K/9607K, paused 6ms+3ms
07-12 18:02:42.375 27610 27612 D dalvikvm: GC_CONCURRENT freed 141K, 3% free 9685K/9927K, paused 15ms+6ms
07-12 18:03:13.093 27610 27612 D dalvikvm: GC_CONCURRENT freed 259K, 4% free 9923K/10311K, paused 763ms+2ms
07-12 18:03:13.129 27610 27617 I dalvikvm: Total arena pages for JIT: 11
07-12 18:03:13.144 27610 27617 I dalvikvm: Total arena pages for JIT: 12
07-12 18:03:13.144 27610 27617 I dalvikvm: Total arena pages for JIT: 13
07-12 18:03:13.144 27610 27617 I dalvikvm: Total arena pages for JIT: 14
07-12 18:03:13.148 27610 27617 I dalvikvm: Total arena pages for JIT: 15
07-12 18:03:13.148 27610 27617 I dalvikvm: Total arena pages for JIT: 16
07-12 18:03:13.148 27610 27617 I dalvikvm: Total arena pages for JIT: 17
07-12 18:03:13.476   144   173 I ActivityManager: Start proc com.twitter.android for service com.twitter.android/.client.AppService: pid=27634 uid=10064 gids={3003, 1015}
07-12 18:03:13.484 27634 27634 I dalvikvm: Turning on JNI app bug workarounds for target SDK version 11...
07-12 18:03:13.597 27634 27634 I ActivityThread: Pub com.twitter.android.provider.GlobalDatabaseProvider: com.twitter.android.provider.GlobalDatabaseProvider
07-12 18:03:13.609 27634 27634 I ActivityThread: Pub com.twitter.android.provider.TwitterProvider: com.twitter.android.provider.TwitterProvider
07-12 18:03:13.675 27634 27636 D dalvikvm: GC_CONCURRENT freed 210K, 4% free 9279K/9607K, paused 2ms+2ms
07-12 18:03:13.906 27634 27636 D dalvikvm: GC_CONCURRENT freed 165K, 4% free 9505K/9799K, paused 1ms+1ms
07-12 18:03:14.043 27634 27636 D dalvikvm: GC_CONCURRENT freed 296K, 5% free 9630K/10055K, paused 1ms+1ms
07-12 18:03:14.168 27634 27636 D dalvikvm: GC_CONCURRENT freed 297K, 5% free 9761K/10183K, paused 2ms+2ms
07-12 18:03:14.277   144   326 I ActivityManager: Process com.google.android.apps.maps:LocationFriendService (pid 27610) has died.
07-12 18:03:14.328 27634 27636 D dalvikvm: GC_CONCURRENT freed 313K, 5% free 9890K/10311K, paused 2ms+2ms
07-12 18:03:14.441 27634 27636 D dalvikvm: GC_CONCURRENT freed 298K, 5% free 10019K/10439K, paused 1ms+3ms
07-12 18:03:14.562 27634 27636 D dalvikvm: GC_CONCURRENT freed 306K, 4% free 10153K/10567K, paused 2ms+2ms
07-12 18:03:14.675 27634 27636 D dalvikvm: GC_CONCURRENT freed 301K, 4% free 10279K/10695K, paused 2ms+2ms
07-12 18:03:14.851 27634 27636 D dalvikvm: GC_CONCURRENT freed 473K, 6% free 10228K/10823K, paused 2ms+2ms
07-12 18:03:14.968 27634 27636 D dalvikvm: GC_CONCURRENT freed 319K, 5% free 10303K/10823K, paused 2ms+2ms
07-12 18:03:15.089 27634 27636 D dalvikvm: GC_CONCURRENT freed 319K, 5% free 10381K/10823K, paused 1ms+1ms
07-12 18:03:15.222 27634 27636 D dalvikvm: GC_CONCURRENT freed 367K, 5% free 10477K/10951K, paused 2ms+2ms
07-12 18:03:15.336 27634 27636 D dalvikvm: GC_CONCURRENT freed 339K, 5% free 10557K/11015K, paused 2ms+2ms
07-12 18:03:15.457 27634 27636 D dalvikvm: GC_CONCURRENT freed 318K, 4% free 10637K/11079K, paused 2ms+2ms
07-12 18:03:15.586 27634 27636 D dalvikvm: GC_CONCURRENT freed 379K, 5% free 10724K/11207K, paused 2ms+2ms
07-12 18:03:15.711 27634 27636 D dalvikvm: GC_CONCURRENT freed 401K, 5% free 10820K/11335K, paused 1ms+2ms
07-12 18:03:17.574 27634 27636 D dalvikvm: GC_CONCURRENT freed 324K, 4% free 11028K/11463K, paused 2ms+3ms
07-12 18:03:19.375   356   356 D dalvikvm: GC_EXPLICIT freed <1K, 6% free 9100K/9607K, paused 18ms+3ms
07-12 18:03:19.464 27634 27636 D dalvikvm: GC_CONCURRENT freed 452K, 5% free 11150K/11719K, paused 2ms+2ms
07-12 18:03:20.566 27634 27648 I DatabaseHelper: Begin cleanup.
07-12 18:03:20.832 27634 27648 I DatabaseHelper: Cleaned up: 0
07-12 18:03:41.433   144   380 I ActivityManager: Start proc com.google.android.apps.maps:LocationFriendService for service com.google.android.apps.maps/com.google.googlenav.friend.reporting.LocationReceiverService: pid=27654 uid=10056 gids={3003, 1015}
07-12 18:03:41.480   144  9303 I ActivityManager: Process com.twitter.android (pid 27634) has died.
07-12 18:03:41.601 27654 27657 D dalvikvm: GC_CONCURRENT freed 164K, 3% free 9372K/9607K, paused 2ms+2ms
07-12 18:03:41.800 27654 27657 D dalvikvm: GC_CONCURRENT freed 205K, 3% free 9713K/9991K, paused 5ms+4ms
07-12 18:03:42.078 27654 27657 D dalvikvm: GC_CONCURRENT freed 273K, 4% free 9955K/10311K, paused 2ms+2ms
07-12 18:04:00.738   144   173 I ActivityManager: Start proc com.google.android.apps.plus for service com.google.android.apps.plus/.service.EsService: pid=27677 uid=10060 gids={3003, 3002, 1015, 1006}
07-12 18:04:00.777   144   173 I ActivityManager: Start proc com.google.android.gm for service com.google.android.gm/.provider.MailIndexerService: pid=27689 uid=10075 gids={3003, 1015}
07-12 18:04:00.816   144   424 I ActivityManager: Process com.google.android.apps.maps:LocationFriendService (pid 27654) has died.
07-12 18:04:01.156 27677 27679 D dalvikvm: GC_CONCURRENT freed 164K, 3% free 9372K/9607K, paused 3ms+5ms
07-12 18:04:01.257 27689 27689 I ActivityThread: Pub gmail-ls: com.google.android.gm.provider.MailProvider
07-12 18:04:01.320 27689 27689 I ActivityThread: Pub com.google.android.gm: com.google.android.gm.provider.PublicContentProvider
07-12 18:04:01.332 27689 27689 I ActivityThread: Pub com.google.android.gmail.SuggestionProvider: com.google.android.gm.SuggestionsProvider
07-12 18:04:01.714 27677 27677 I ActivityThread: Pub com.google.android.apps.plus.content.ApiProvider: com.google.android.apps.plus.content.EsApiProvider
07-12 18:04:01.746 27677 27677 I ActivityThread: Pub com.google.android.apps.plus.content.EsGooglePhotoProvider: com.google.android.picasasync.PicasaContentProvider
07-12 18:04:35.004 27677 27679 D dalvikvm: GC_CONCURRENT freed 335K, 5% free 9582K/9991K, paused 14ms+2ms
07-12 18:04:35.035 27677 27677 I ActivityThread: Pub com.google.android.apps.plus.content.EsPicasaStoreProvider: com.google.android.picasastore.PicasaPhotoContentProvider
07-12 18:04:35.046 27677 27677 I ActivityThread: Pub com.google.plus.platform: com.google.android.apps.plus.content.AdsProvider
07-12 18:04:35.046 27677 27677 I ActivityThread: Pub com.google.android.apps.plus.iu.EsGoogleIuProvider: com.google.android.apps.plus.iu.InstantUploadProvider
07-12 18:04:35.191 27689 27692 D dalvikvm: GC_CONCURRENT freed 215K, 3% free 9258K/9543K, paused 12ms+2ms
07-12 18:04:35.242 27677 27679 D dalvikvm: GC_CONCURRENT freed 472K, 6% free 9637K/10183K, paused 14ms+5ms
07-12 18:04:35.269 27677 27677 I ActivityThread: Pub com.google.android.apps.plus.content.EsProvider: com.google.android.apps.plus.content.EsProvider
07-12 18:04:35.324   144   402 I ActivityManager: Start proc android.process.media for content provider com.android.providers.media/.MediaProvider: pid=27710 uid=10012 gids={1015, 1023, 1024, 2001, 3003, 3007}
07-12 18:04:35.586 27710 27710 I ActivityThread: Pub downloads: com.android.providers.downloads.DownloadProvider
07-12 18:04:35.757 27710 27710 I ActivityThread: Pub drm: com.android.providers.drm.DrmProvider
07-12 18:04:35.757 27710 27726 I DownloadManager: in removeSpuriousFiles
07-12 18:04:35.777 27710 27726 I DownloadManager: in removeSpuriousFiles, preserving file /data/data/com.android.providers.downloads/cache/metadata.json
07-12 18:04:35.777 27710 27726 I DownloadManager: in removeSpuriousFiles, preserving file /data/data/com.android.providers.downloads/cache/en_general.htm
07-12 18:04:35.777 27710 27726 I DownloadManager: in removeSpuriousFiles, preserving file /mnt/sdcard/Download/img-thing.jpeg
07-12 18:04:35.777 27710 27726 I DownloadManager: in removeSpuriousFiles, preserving file /data/data/com.android.providers.downloads/cache/metadata-1.json
07-12 18:04:35.777 27710 27726 I DownloadManager: in removeSpuriousFiles, preserving file /data/data/com.android.providers.downloads/cache/downloadfile.jpeg
07-12 18:04:35.777 27710 27726 I DownloadManager: in removeSpuriousFiles, preserving file /data/data/com.android.providers.downloads/cache/metadata-2.json
07-12 18:04:35.777 27710 27726 I DownloadManager: in removeSpuriousFiles, preserving file /data/data/com.android.providers.downloads/cache/metadata-3.json
07-12 18:04:35.777 27710 27726 I DownloadManager: in removeSpuriousFiles, preserving file /data/data/com.android.providers.downloads/cache/downloadfile-1.jpeg
07-12 18:04:35.777 27710 27726 I DownloadManager: in removeSpuriousFiles, preserving file /data/data/com.android.providers.downloads/cache/downloadfile-2.jpeg
07-12 18:04:35.777 27710 27726 I DownloadManager: in removeSpuriousFiles, preserving file /data/data/com.android.providers.downloads/cache/metadata-4.json
07-12 18:04:35.777 27710 27726 I DownloadManager: in removeSpuriousFiles, preserving file /data/data/com.android.providers.downloads/cache/metadata-5.json
07-12 18:04:35.777 27710 27726 I DownloadManager: in removeSpuriousFiles, preserving file /data/data/com.android.providers.downloads/cache/downloadfile-1.apk
07-12 18:04:35.781 27710 27726 I DownloadManager: deleting spurious file /cache/backup
07-12 18:04:35.839 27710 27710 I ActivityThread: Pub media: com.android.providers.media.MediaProvider
07-12 18:04:35.886   144   424 I ActivityManager: Process com.google.android.apps.currents (pid 27558) has died.
07-12 18:04:35.890   144   424 W ActivityManager: Scheduling restart of crashed service com.google.android.apps.currents/com.google.apps.dots.android.app.service.DotsSyncService in 5000ms
07-12 18:04:36.031 27313 27314 D dalvikvm: GC_CONCURRENT freed 421K, 5% free 10726K/11271K, paused 3ms+6ms
07-12 18:04:36.121 27677 27729 D dalvikvm: GC_FOR_ALLOC freed 198K, 5% free 9837K/10247K, paused 129ms
07-12 18:04:36.652 27677 27679 D dalvikvm: GC_CONCURRENT freed 163K, 3% free 10105K/10375K, paused 13ms+2ms
07-12 18:04:36.812 27677 27679 D dalvikvm: GC_CONCURRENT freed 172K, 3% free 10328K/10631K, paused 1ms+2ms
07-12 18:04:36.879 27710 27712 D dalvikvm: GC_CONCURRENT freed 378K, 5% free 9155K/9607K, paused 2ms+86ms
07-12 18:04:36.968 27677 27708 D PicasaPhotoCP: set fsid first time:-1
07-12 18:04:37.070 27689 27709 I Gmail   : calculateUnknownSyncRationalesAndPurgeInBackground: queueing
07-12 18:04:37.105 27689 27709 I Gmail   : calculateUnknownSyncRationalesAndPurgeInBackground: queueing
07-12 18:04:37.175 27677 27723 D dalvikvm: GC_FOR_ALLOC freed 229K, 4% free 10457K/10887K, paused 25ms
07-12 18:04:37.175 27677 27723 I dalvikvm-heap: Grow heap (frag case) to 10.528MB for 260112-byte allocation
07-12 18:04:37.175   144  7984 I ActivityManager: Process com.google.android.gm (pid 27689) has died.
07-12 18:04:37.308 27677 27723 D dalvikvm: GC_FOR_ALLOC freed 126K, 6% free 10584K/11143K, paused 56ms
07-12 18:04:37.394   144   147 D dalvikvm: GC_CONCURRENT freed 1945K, 22% free 18292K/23431K, paused 14ms+13ms
07-12 18:04:37.441   144   198 D DhcpInfoInternal: makeLinkProperties with empty dns2!
07-12 18:04:37.441   144   198 D DhcpInfoInternal: makeLinkProperties with empty dns2!
07-12 18:04:37.441 27677 27723 D dalvikvm: GC_FOR_ALLOC freed 311K, 6% free 10577K/11143K, paused 41ms
07-12 18:04:37.461 27677 27723 D dalvikvm: GC_FOR_ALLOC freed 62K, 5% free 10641K/11143K, paused 18ms
07-12 18:04:37.464 27677 27723 I dalvikvm-heap: Grow heap (frag case) to 10.708MB for 260112-byte allocation
07-12 18:04:37.484 27677 27723 D dalvikvm: GC_FOR_ALLOC freed 126K, 6% free 10769K/11399K, paused 18ms
07-12 18:04:37.511 27677 27723 D dalvikvm: GC_FOR_ALLOC freed 369K, 6% free 10824K/11399K, paused 21ms
07-12 18:04:37.531 27677 27723 D dalvikvm: GC_FOR_ALLOC freed 126K, 4% free 10952K/11399K, paused 18ms
07-12 18:04:37.664 27677 27679 D dalvikvm: GC_CONCURRENT freed 345K, 4% free 11208K/11655K, paused 1ms+2ms
07-12 18:04:37.808 27677 27679 D dalvikvm: GC_CONCURRENT freed 139K, 3% free 11733K/11975K, paused 2ms+3ms
07-12 18:04:38.007 27677 27679 D dalvikvm: GC_CONCURRENT freed 544K, 6% free 12018K/12679K, paused 2ms+3ms
07-12 18:04:38.199 27677 27679 D dalvikvm: GC_CONCURRENT freed 211K, 3% free 12749K/13063K, paused 1ms+2ms
07-12 18:04:39.164   144   400 D dalvikvm: GC_EXPLICIT freed 89K, 23% free 18244K/23431K, paused 4ms+7ms
07-12 18:04:39.179 27677 27725 I SqliteDatabaseCpp: sqlite returned: error code = 1, msg = no such column: wipeout_stats, db=/data/data/com.google.android.apps.plus/databases/es0.db
07-12 18:04:39.183 27677 27725 W System.err: android.database.sqlite.SQLiteException: no such column: wipeout_stats: , while compiling: SELECT wipeout_stats  FROM account_status
07-12 18:04:39.199 27677 27725 W System.err: 	at android.database.sqlite.SQLiteCompiledSql.native_compile(Native Method)
07-12 18:04:39.199 27677 27725 W System.err: 	at android.database.sqlite.SQLiteCompiledSql.<init>(SQLiteCompiledSql.java:68)
07-12 18:04:39.199 27677 27725 W System.err: 	at android.database.sqlite.SQLiteProgram.compileSql(SQLiteProgram.java:143)
07-12 18:04:39.207 27677 27725 W System.err: 	at android.database.sqlite.SQLiteProgram.compileAndbindAllArgs(SQLiteProgram.java:361)
07-12 18:04:39.207 27677 27725 W System.err: 	at android.database.sqlite.SQLiteStatement.acquireAndLock(SQLiteStatement.java:260)
07-12 18:04:39.207 27677 27725 W System.err: 	at android.database.sqlite.SQLiteStatement.simpleQueryForLong(SQLiteStatement.java:137)
07-12 18:04:39.207 27677 27725 W System.err: 	at android.database.DatabaseUtils.longForQuery(DatabaseUtils.java:791)
07-12 18:04:39.207 27677 27725 W System.err: 	at android.database.DatabaseUtils.longForQuery(DatabaseUtils.java:779)
07-12 18:04:39.207 27677 27725 W System.err: 	at com.google.android.apps.plus.content.EsAccountsData.isContactsStatsWipeoutNeeded(EsAccountsData.java:641)
07-12 18:04:39.207 27677 27725 W System.err: 	at com.google.android.apps.plus.service.EsService.processIntent(EsService.java:4246)
07-12 18:04:39.207 27677 27725 W System.err: 	at com.google.android.apps.plus.service.ServiceThread$1.run(ServiceThread.java:50)
07-12 18:04:39.207 27677 27725 W System.err: 	at android.os.Handler.handleCallback(Handler.java:605)
07-12 18:04:39.207 27677 27725 W System.err: 	at android.os.Handler.dispatchMessage(Handler.java:92)
07-12 18:04:39.207 27677 27725 W System.err: 	at android.os.Looper.loop(Looper.java:137)
07-12 18:04:39.207 27677 27725 W System.err: 	at com.google.android.apps.plus.service.ServiceThread.run(ServiceThread.java:122)
07-12 18:04:39.941   144 24503 I ActivityManager: Start proc com.google.android.gsf.login for service com.google.android.gsf.login/com.google.android.gsf.loginservice.GoogleLoginService: pid=27757 uid=10009 gids={3003, 1015, 1007, 2001, 3006}
07-12 18:04:40.250 17159 17161 D dalvikvm: GC_CONCURRENT freed 285K, 5% free 10539K/11015K, paused 8ms+4ms
07-12 18:04:41.488 25179 25180 D dalvikvm: GC_CONCURRENT freed 512K, 6% free 10451K/11079K, paused 6ms+3ms
07-12 18:04:41.523   144   403 I ActivityManager: Start proc com.google.android.apps.maps:LocationFriendService for service com.google.android.apps.maps/com.google.googlenav.friend.reporting.LocationReceiverService: pid=27774 uid=10056 gids={3003, 1015}
07-12 18:04:41.546    79    79 D dalvikvm: GC_EXPLICIT freed 38K, 4% free 9031K/9347K, paused 2ms+3ms
07-12 18:04:41.589    79    79 D dalvikvm: GC_EXPLICIT freed <1K, 4% free 9031K/9347K, paused 10ms+3ms
07-12 18:04:41.629    79    79 D dalvikvm: GC_EXPLICIT freed <1K, 4% free 9031K/9347K, paused 2ms+2ms
07-12 18:04:41.648   144 24503 I ActivityManager: Process android.process.media (pid 27710) has died.
07-12 18:04:41.730 27774 27777 D dalvikvm: GC_CONCURRENT freed 178K, 3% free 9358K/9607K, paused 6ms+2ms
07-12 18:04:41.949 27774 27777 D dalvikvm: GC_CONCURRENT freed 170K, 4% free 9684K/9991K, paused 2ms+3ms
07-12 18:04:42.257 27677 27679 D dalvikvm: GC_CONCURRENT freed 1044K, 9% free 12869K/14023K, paused 28ms+8ms
07-12 18:04:42.621 27774 27777 D dalvikvm: GC_CONCURRENT freed 269K, 4% free 9936K/10311K, paused 1ms+292ms
07-12 18:04:43.601   144   403 I ActivityManager: Process com.google.android.apps.maps:LocationFriendService (pid 27774) has died.
07-12 18:04:46.949 27677 27755 E dalvikvm: Could not find class 'android.app.Notification$InboxStyle', referenced from method com.google.android.apps.plus.service.AndroidNotification.createDigestNotification
07-12 18:04:46.949 27677 27755 W dalvikvm: VFY: unable to resolve new-instance 41 (Landroid/app/Notification$InboxStyle;) in Lcom/google/android/apps/plus/service/AndroidNotification;
07-12 18:04:46.949 27677 27755 D dalvikvm: VFY: replacing opcode 0x22 at 0x0018
07-12 18:04:46.953 27677 27755 I dalvikvm: Could not find method android.app.Notification$Builder.setPriority, referenced from method com.google.android.apps.plus.service.AndroidNotification.createRichNotification
07-12 18:04:46.953 27677 27755 W dalvikvm: VFY: unable to resolve virtual method 162: Landroid/app/Notification$Builder;.setPriority (I)Landroid/app/Notification$Builder;
07-12 18:04:46.953 27677 27755 D dalvikvm: VFY: replacing opcode 0x6e at 0x00d5
07-12 18:04:46.988 27677 27755 D dalvikvm: DexOpt: unable to opt direct call 0x00a8 at 0x1a in Lcom/google/android/apps/plus/service/AndroidNotification;.createDigestNotification
07-12 18:04:46.988 27677 27755 D dalvikvm: DexOpt: unable to opt direct call 0x0091 at 0xf1 in Lcom/google/android/apps/plus/service/AndroidNotification;.createRichNotification
07-12 18:04:46.988 27677 27755 D dalvikvm: DexOpt: unable to opt direct call 0x0095 at 0x397 in Lcom/google/android/apps/plus/service/AndroidNotification;.createRichNotification
07-12 18:04:47.699 27677 27679 D dalvikvm: GC_CONCURRENT freed 1140K, 9% free 12943K/14215K, paused 5ms+3ms
07-12 18:04:48.714 18680 18680 D dalvikvm: GC_EXPLICIT freed 86K, 11% free 11663K/12999K, paused 21ms+4ms
07-12 18:04:51.105   144 24503 I ActivityManager: Start proc android.process.media for content provider com.android.providers.media/.MediaProvider: pid=27800 uid=10012 gids={1015, 1023, 1024, 2001, 3003, 3007}
07-12 18:04:51.179 27800 27800 I ActivityThread: Pub downloads: com.android.providers.downloads.DownloadProvider
07-12 18:04:51.203 27800 27800 I ActivityThread: Pub drm: com.android.providers.drm.DrmProvider
07-12 18:04:51.207 27800 27813 I DownloadManager: in removeSpuriousFiles
07-12 18:04:51.211 27800 27800 I ActivityThread: Pub media: com.android.providers.media.MediaProvider
07-12 18:04:51.273 27800 27813 I DownloadManager: in removeSpuriousFiles, preserving file /data/data/com.android.providers.downloads/cache/metadata.json
07-12 18:04:51.273 27800 27813 I DownloadManager: in removeSpuriousFiles, preserving file /data/data/com.android.providers.downloads/cache/en_general.htm
07-12 18:04:51.273 27800 27813 I DownloadManager: in removeSpuriousFiles, preserving file /mnt/sdcard/Download/img-thing.jpeg
07-12 18:04:51.273 27800 27813 I DownloadManager: in removeSpuriousFiles, preserving file /data/data/com.android.providers.downloads/cache/metadata-1.json
07-12 18:04:51.273 27800 27813 I DownloadManager: in removeSpuriousFiles, preserving file /data/data/com.android.providers.downloads/cache/downloadfile.jpeg
07-12 18:04:51.273 27800 27813 I DownloadManager: in removeSpuriousFiles, preserving file /data/data/com.android.providers.downloads/cache/metadata-2.json
07-12 18:04:51.273 27800 27813 I DownloadManager: in removeSpuriousFiles, preserving file /data/data/com.android.providers.downloads/cache/metadata-3.json
07-12 18:04:51.273 27800 27813 I DownloadManager: in removeSpuriousFiles, preserving file /data/data/com.android.providers.downloads/cache/downloadfile-1.jpeg
07-12 18:04:51.273 27800 27813 I DownloadManager: in removeSpuriousFiles, preserving file /data/data/com.android.providers.downloads/cache/downloadfile-2.jpeg
07-12 18:04:51.273 27800 27813 I DownloadManager: in removeSpuriousFiles, preserving file /data/data/com.android.providers.downloads/cache/metadata-4.json
07-12 18:04:51.273 27800 27813 I DownloadManager: in removeSpuriousFiles, preserving file /data/data/com.android.providers.downloads/cache/metadata-5.json
07-12 18:04:51.273 27800 27813 I DownloadManager: in removeSpuriousFiles, preserving file /data/data/com.android.providers.downloads/cache/downloadfile-1.apk
07-12 18:04:51.277 27800 27813 I DownloadManager: deleting spurious file /cache/backup
07-12 18:04:51.543 27800 27801 D dalvikvm: GC_CONCURRENT freed 368K, 5% free 9166K/9607K, paused 1ms+4ms
07-12 18:04:52.644 27677 27679 D dalvikvm: GC_CONCURRENT freed 1064K, 9% free 13093K/14279K, paused 16ms+2ms
07-12 18:04:52.656   144   144 I ActivityManager: Start proc android.process.acore for content provider com.android.providers.contacts/.ContactsProvider2: pid=27819 uid=10000 gids={3003, 1015}
07-12 18:04:52.695 27819 27819 I ActivityThread: Pub call_log: com.android.providers.contacts.CallLogProvider
07-12 18:04:52.695   144   380 I ActivityManager: Process android.process.media (pid 27800) has died.
07-12 18:04:52.746 27819 27819 I ActivityThread: Pub com.android.voicemail: com.android.providers.contacts.VoicemailContentProvider
07-12 18:04:52.750 27819 27819 I ActivityThread: Pub user_dictionary: com.android.providers.userdictionary.UserDictionaryProvider
07-12 18:04:52.839 27819 27819 I ActivityThread: Pub com.android.social: com.android.providers.contacts.SocialProvider
07-12 18:04:52.843 27819 27819 I ActivityThread: Pub applications: com.android.providers.applications.ApplicationsProvider
07-12 18:04:52.992 27819 27819 I ActivityThread: Pub contacts;com.android.contacts: com.android.providers.contacts.ContactsProvider2
07-12 18:04:53.027 27819 27821 D dalvikvm: GC_CONCURRENT freed 342K, 5% free 9194K/9607K, paused 1ms+9ms
07-12 18:04:53.597 27819 27821 D dalvikvm: GC_CONCURRENT freed 233K, 4% free 9368K/9735K, paused 7ms+8ms
07-12 18:04:53.695   144  9084 I ActivityManager: Process android.process.acore (pid 27819) has died.
07-12 18:04:53.890 27677 27679 D dalvikvm: GC_CONCURRENT freed 1206K, 10% free 13155K/14471K, paused 2ms+2ms
07-12 18:04:54.000   144   156 I ActivityManager: Start proc android.process.acore for content provider com.android.providers.contacts/.ContactsProvider2: pid=27835 uid=10000 gids={3003, 1015}
07-12 18:04:54.027 27835 27835 I ActivityThread: Pub call_log: com.android.providers.contacts.CallLogProvider
07-12 18:04:54.031 27835 27835 I ActivityThread: Pub com.android.voicemail: com.android.providers.contacts.VoicemailContentProvider
07-12 18:04:54.035 27835 27835 I ActivityThread: Pub user_dictionary: com.android.providers.userdictionary.UserDictionaryProvider
07-12 18:04:54.039 27835 27835 I ActivityThread: Pub com.android.social: com.android.providers.contacts.SocialProvider
07-12 18:04:54.039 27835 27835 I ActivityThread: Pub applications: com.android.providers.applications.ApplicationsProvider
07-12 18:04:54.097 27835 27835 I ActivityThread: Pub contacts;com.android.contacts: com.android.providers.contacts.ContactsProvider2
07-12 18:04:54.117 27835 27838 D dalvikvm: GC_CONCURRENT freed 349K, 5% free 9174K/9607K, paused 2ms+2ms
07-12 18:04:54.285 27835 27838 D dalvikvm: GC_CONCURRENT freed 241K, 4% free 9377K/9735K, paused 6ms+2ms
07-12 18:04:54.847   144   400 I ActivityManager: Process com.google.android.gsf.login (pid 27757) has died.
07-12 18:04:55.265 27835 27838 D dalvikvm: GC_CONCURRENT freed 173K, 3% free 9658K/9927K, paused 5ms+12ms
07-12 18:04:57.664   144   400 I ActivityManager: Process android.process.acore (pid 27835) has died.
07-12 18:04:59.273   144  9303 I ActivityManager: Start proc android.process.acore for content provider com.android.providers.contacts/.ContactsProvider2: pid=27852 uid=10000 gids={3003, 1015}
07-12 18:04:59.605 27852 27852 I ActivityThread: Pub call_log: com.android.providers.contacts.CallLogProvider
07-12 18:04:59.640 27852 27852 I ActivityThread: Pub com.android.voicemail: com.android.providers.contacts.VoicemailContentProvider
07-12 18:04:59.644 27852 27852 I ActivityThread: Pub user_dictionary: com.android.providers.userdictionary.UserDictionaryProvider
07-12 18:04:59.656 27852 27852 I ActivityThread: Pub com.android.social: com.android.providers.contacts.SocialProvider
07-12 18:04:59.660 27852 27852 I ActivityThread: Pub applications: com.android.providers.applications.ApplicationsProvider
07-12 18:04:59.765 27852 27853 D dalvikvm: GC_CONCURRENT freed 326K, 5% free 9151K/9607K, paused 17ms+6ms
07-12 18:04:59.765 27852 27852 I ActivityThread: Pub contacts;com.android.contacts: com.android.providers.contacts.ContactsProvider2
07-12 18:04:59.921 27677 27755 D dalvikvm: GC_FOR_ALLOC freed 759K, 7% free 13608K/14599K, paused 57ms
07-12 18:04:59.964 27677 27755 D dalvikvm: GC_FOR_ALLOC freed 358K, 10% free 13591K/14983K, paused 40ms
07-12 18:04:59.968 27677 27755 I dalvikvm-heap: Grow heap (frag case) to 13.673MB for 349229-byte allocation
07-12 18:05:00.015 27677 27755 D dalvikvm: GC_FOR_ALLOC freed 0K, 10% free 13932K/15367K, paused 45ms
07-12 18:05:00.156 27852 27853 D dalvikvm: GC_CONCURRENT freed 203K, 4% free 9352K/9671K, paused 34ms+2ms
07-12 18:05:00.949   144 24503 I ActivityManager: Process com.google.android.apps.maps (pid 24235) has died.
07-12 18:05:00.949   144 24503 W ActivityManager: Scheduling restart of crashed service com.google.android.apps.maps/com.google.googlenav.prefetch.android.PrefetcherService in 5000ms
07-12 18:05:01.363 27852 27853 D dalvikvm: GC_CONCURRENT freed 203K, 4% free 9592K/9927K, paused 105ms+2ms
07-12 18:05:02.230 27677 27679 D dalvikvm: GC_CONCURRENT freed 1053K, 8% free 14443K/15623K, paused 104ms+4ms
07-12 18:05:05.070 27677 27679 D dalvikvm: GC_CONCURRENT freed 1701K, 12% free 14441K/16263K, paused 2ms+2ms
07-12 18:05:06.242   144   161 I ActivityManager: Start proc com.google.android.apps.maps for service com.google.android.apps.maps/com.google.googlenav.prefetch.android.PrefetcherService: pid=27870 uid=10056 gids={3003, 1015}
07-12 18:05:06.382   144   400 I ActivityManager: Process android.process.acore (pid 27852) has died.
07-12 18:05:06.949   144   160 D dalvikvm: GC_EXPLICIT freed 1650K, 23% free 18271K/23431K, paused 74ms+9ms
07-12 18:05:06.972 27870 27871 D dalvikvm: GC_CONCURRENT freed 159K, 3% free 9377K/9607K, paused 26ms+2ms
07-12 18:05:07.222 27870 27870 I ActivityThread: Pub com.google.android.maps.SearchHistoryProvider: com.google.googlenav.provider.SearchHistoryProvider
07-12 18:05:07.371 27870 27870 I ActivityThread: Pub com.google.android.maps.SuggestionProvider: com.google.googlenav.suggest.android.SuggestContentProvider
07-12 18:05:07.554 27870 27870 I ActivityThread: Pub com.google.android.maps.LayerInfoProvider: com.google.googlenav.layer.LayerInfoProvider
07-12 18:05:07.605 27870 27870 I ActivityThread: Pub com.google.android.maps.TrafficAppWidgetProvider: com.google.googlenav.appwidget.traffic.TrafficAppWidgetProvider
07-12 18:05:07.605 27870 27870 I ActivityThread: Pub com.google.android.maps.LocalActivePlacesProvider: com.google.googlenav.provider.LocalActivePlacesProvider
07-12 18:05:07.605 27870 27870 I ActivityThread: Pub com.google.android.maps.StarredItemProvider: com.google.googlenav.provider.StarredItemProvider
07-12 18:05:07.945 27870 27871 D dalvikvm: GC_CONCURRENT freed 145K, 3% free 9651K/9927K, paused 2ms+2ms
07-12 18:05:08.226   144 30930 I ActivityManager: Start proc android.process.acore for content provider com.android.providers.contacts/.ContactsProvider2: pid=27885 uid=10000 gids={3003, 1015}
07-12 18:05:08.265 27885 27885 I ActivityThread: Pub call_log: com.android.providers.contacts.CallLogProvider
07-12 18:05:08.273 27885 27885 I ActivityThread: Pub com.android.voicemail: com.android.providers.contacts.VoicemailContentProvider
07-12 18:05:08.296 27885 27885 I ActivityThread: Pub user_dictionary: com.android.providers.userdictionary.UserDictionaryProvider
07-12 18:05:08.304 27885 27885 I ActivityThread: Pub com.android.social: com.android.providers.contacts.SocialProvider
07-12 18:05:08.308 27885 27885 I ActivityThread: Pub applications: com.android.providers.applications.ApplicationsProvider
07-12 18:05:08.312 27870 27871 D dalvikvm: GC_CONCURRENT freed 211K, 4% free 9904K/10247K, paused 2ms+3ms
07-12 18:05:08.316 27870 27870 I ActivityThread: Pub com.google.android.maps.LocalSuggestionProvider: com.google.googlenav.provider.LocalSuggestionProvider
07-12 18:05:08.316 27870 27870 I ActivityThread: Pub com.google.android.maps.NavigationAvailabilityProvider: com.google.googlenav.provider.NavigationAvailabilityProvider
07-12 18:05:08.504 27885 27885 I ActivityThread: Pub contacts;com.android.contacts: com.android.providers.contacts.ContactsProvider2
07-12 18:05:08.511 27885 27888 D dalvikvm: GC_CONCURRENT freed 332K, 5% free 9196K/9607K, paused 2ms+5ms
07-12 18:05:08.531 27870 27899 D dalvikvm: GC_FOR_ALLOC freed 123K, 4% free 10151K/10503K, paused 45ms
07-12 18:05:08.742 27870 27871 D dalvikvm: GC_CONCURRENT freed 171K, 3% free 10470K/10759K, paused 2ms+3ms
07-12 18:05:08.765 27870 27911 D dalvikvm: GC_FOR_ALLOC freed 16K, 4% free 10654K/11015K, paused 20ms
07-12 18:05:09.062 27885 27888 D dalvikvm: GC_CONCURRENT freed 247K, 4% free 9382K/9735K, paused 8ms+2ms
07-12 18:05:10.996   144   424 I ActivityManager: Process android.process.acore (pid 27885) has died.
07-12 18:05:10.996   144   424 I ActivityManager: Kill com.google.android.apps.plus (pid 27677): provider com.android.providers.contacts.ContactsProvider2 in dying process android.process.acore
07-12 18:05:11.027   144  9084 I ActivityManager: Process com.google.android.apps.plus (pid 27677) has died.
07-12 18:05:11.027   144  9084 W ActivityManager: Scheduling restart of crashed service com.google.android.apps.plus/.service.EsSyncAdapterService in 5000ms
07-12 18:05:41.605   144 24503 I ActivityManager: Start proc com.google.android.apps.maps:LocationFriendService for service com.google.android.apps.maps/com.google.googlenav.friend.reporting.LocationReceiverService: pid=27919 uid=10056 gids={3003, 1015}
07-12 18:05:41.718 27919 27921 D dalvikvm: GC_CONCURRENT freed 168K, 3% free 9368K/9607K, paused 2ms+2ms
07-12 18:05:41.953 27919 27921 D dalvikvm: GC_CONCURRENT freed 139K, 3% free 9679K/9927K, paused 16ms+2ms
07-12 18:05:42.300 27919 27921 D dalvikvm: GC_CONCURRENT freed 343K, 5% free 9894K/10311K, paused 6ms+3ms
07-12 18:05:42.304 27919 27926 I dalvikvm: Total arena pages for JIT: 11
07-12 18:05:42.312 27919 27926 I dalvikvm: Total arena pages for JIT: 12
07-12 18:05:42.312 27919 27926 I dalvikvm: Total arena pages for JIT: 13
07-12 18:05:42.312 27919 27926 I dalvikvm: Total arena pages for JIT: 14
07-12 18:05:42.312 27919 27926 I dalvikvm: Total arena pages for JIT: 15
07-12 18:05:42.320 27919 27926 I dalvikvm: Total arena pages for JIT: 16
07-12 18:05:42.324 27919 27926 I dalvikvm: Total arena pages for JIT: 17
07-12 18:06:40.382   144   155 D dalvikvm: GC_EXPLICIT freed 550K, 23% free 18252K/23431K, paused 25ms+7ms
07-12 18:06:41.687 25179 25180 D dalvikvm: GC_CONCURRENT freed 512K, 6% free 10450K/11079K, paused 2ms+2ms
07-12 18:06:41.730 25179 25199 D dalvikvm: GC_EXPLICIT freed 119K, 6% free 10432K/11079K, paused 2ms+3ms
07-12 18:06:41.789 27919 27926 I dalvikvm: Total arena pages for JIT: 18
07-12 18:06:41.875 27919 27921 D dalvikvm: GC_CONCURRENT freed 403K, 5% free 9987K/10503K, paused 1ms+2ms
07-12 18:07:02.550   144   198 D DhcpInfoInternal: makeLinkProperties with empty dns2!
07-12 18:07:02.562   144   198 D DhcpInfoInternal: makeLinkProperties with empty dns2!
07-12 18:07:11.011   262   262 I wpa_supplicant: wlan0: WPA: Group rekeying completed with 94:44:52:17:be:7d [GTK=CCMP]
07-12 18:07:41.937 25179 25180 D dalvikvm: GC_CONCURRENT freed 467K, 6% free 10475K/11079K, paused 6ms+2ms
07-12 18:08:21.015   144   173 I ActivityManager: Start proc com.twitter.android for service com.twitter.android/.client.AppService: pid=27966 uid=10064 gids={3003, 1015}
07-12 18:08:21.054 27966 27966 I dalvikvm: Turning on JNI app bug workarounds for target SDK version 11...
07-12 18:08:21.179 27966 27966 I ActivityThread: Pub com.twitter.android.provider.GlobalDatabaseProvider: com.twitter.android.provider.GlobalDatabaseProvider
07-12 18:08:21.191 27966 27966 I ActivityThread: Pub com.twitter.android.provider.TwitterProvider: com.twitter.android.provider.TwitterProvider
07-12 18:08:21.269 27966 27968 D dalvikvm: GC_CONCURRENT freed 191K, 4% free 9306K/9607K, paused 3ms+4ms
07-12 18:08:21.691 27966 27968 D dalvikvm: GC_CONCURRENT freed 218K, 4% free 9516K/9863K, paused 2ms+2ms
07-12 18:08:21.824 27966 27968 D dalvikvm: GC_CONCURRENT freed 291K, 5% free 9640K/10055K, paused 1ms+1ms
07-12 18:08:21.957 27966 27968 D dalvikvm: GC_CONCURRENT freed 291K, 5% free 9768K/10183K, paused 1ms+2ms
07-12 18:08:22.074 27966 27968 D dalvikvm: GC_CONCURRENT freed 307K, 5% free 9896K/10311K, paused 1ms+2ms
07-12 18:08:22.187 27966 27968 D dalvikvm: GC_CONCURRENT freed 293K, 4% free 10029K/10439K, paused 1ms+2ms
07-12 18:08:22.308 27966 27968 D dalvikvm: GC_CONCURRENT freed 306K, 4% free 10152K/10567K, paused 2ms+2ms
07-12 18:08:22.421 27966 27968 D dalvikvm: GC_CONCURRENT freed 304K, 4% free 10284K/10695K, paused 3ms+2ms
07-12 18:08:22.597 27966 27968 D dalvikvm: GC_CONCURRENT freed 470K, 6% free 10230K/10823K, paused 2ms+3ms
07-12 18:08:22.726 27966 27968 D dalvikvm: GC_CONCURRENT freed 328K, 5% free 10304K/10823K, paused 2ms+3ms
07-12 18:08:22.855 27966 27968 D dalvikvm: GC_CONCURRENT freed 311K, 5% free 10381K/10823K, paused 4ms+2ms
07-12 18:08:22.992 27966 27968 D dalvikvm: GC_CONCURRENT freed 351K, 5% free 10481K/10951K, paused 2ms+3ms
07-12 18:08:23.113 27966 27968 D dalvikvm: GC_CONCURRENT freed 340K, 5% free 10554K/11015K, paused 2ms+1ms
07-12 18:08:23.238 27966 27968 D dalvikvm: GC_CONCURRENT freed 326K, 4% free 10641K/11079K, paused 2ms+2ms
07-12 18:08:23.359 27966 27968 D dalvikvm: GC_CONCURRENT freed 378K, 5% free 10725K/11207K, paused 2ms+2ms
07-12 18:08:23.488 27966 27968 D dalvikvm: GC_CONCURRENT freed 398K, 5% free 10819K/11335K, paused 1ms+2ms
07-12 18:08:24.882 27966 27968 D dalvikvm: GC_CONCURRENT freed 319K, 4% free 11031K/11463K, paused 2ms+3ms
07-12 18:08:26.105   344   344 D dalvikvm: GC_EXPLICIT freed 19K, 14% free 12212K/14087K, paused 7ms+3ms
07-12 18:08:26.109 27966 27968 D dalvikvm: GC_CONCURRENT freed 453K, 5% free 11149K/11719K, paused 2ms+20ms
07-12 18:08:26.921   344   344 D SAN_SERVICE: *******************************************
07-12 18:08:26.921   344   344 D SAN_SERVICE: DM App Phone Service State - 0
07-12 18:08:26.921   344   344 D SAN_SERVICE: *******************************************
07-12 18:08:27.191   344   344 D SAN_SERVICE: *******************************************
07-12 18:08:27.191   344   344 D SAN_SERVICE: DM App Phone Service State - 0
07-12 18:08:27.191   344   344 D SAN_SERVICE: *******************************************
07-12 18:08:41.933 27919 27921 D dalvikvm: GC_CONCURRENT freed 559K, 7% free 9963K/10631K, paused 2ms+3ms
07-12 18:08:45.269 25099 25112 I PhoneLab-: Service Running
07-12 18:08:45.363 25099 25112 I PhoneLab-LoggerService: app_37    1373  1     1440   1000  c00f181c 400107b4 S logcat
07-12 18:08:45.363 25099 25112 I PhoneLab-LoggerService: Logcat pid from database 1373
07-12 18:08:45.363 25099 25112 I PhoneLab-LoggerService: Logcat process found 1373
07-12 18:08:45.363 25099 25112 I PhoneLab-LoggerService: Checking Threshold
07-12 18:08:45.367 25099 25112 I PhoneLab-: Service Running
07-12 18:08:45.390 25099 25112 I PhoneLab-LoggerService: app_37    1373  1     1440   1000  c00f181c 400107b4 S logcat
07-12 18:08:45.390 25099 25112 I PhoneLab-LoggerService: Logcat pid from database 1373
07-12 18:08:45.390 25099 25112 I PhoneLab-LoggerService: Logcat process found 1373
07-12 18:08:45.390 25099 25112 I PhoneLab-LoggerService: Checking Threshold
07-12 18:08:45.390 25099 25112 I PhoneLab-: Service Running
07-12 18:08:45.418 25099 25112 I PhoneLab-LoggerService: app_37    1373  1     1440   1000  c00f181c 400107b4 S logcat
07-12 18:08:45.418 25099 25112 I PhoneLab-LoggerService: Logcat pid from database 1373
07-12 18:08:45.418 25099 25112 I PhoneLab-LoggerService: Logcat process found 1373
07-12 18:08:45.418 25099 25112 I PhoneLab-LoggerService: Checking Threshold
07-12 18:08:45.754   344   344 D SAN_SERVICE: *******************************************
07-12 18:08:45.757   344   344 D SAN_SERVICE: DM App Phone Service State - 0
07-12 18:08:45.757   344   344 D SAN_SERVICE: *******************************************
07-12 18:08:46.250   344   344 D SAN_SERVICE: *******************************************
07-12 18:08:46.250   344   344 D SAN_SERVICE: DM App Phone Service State - 0
07-12 18:08:46.250   344   344 D SAN_SERVICE: *******************************************
07-12 18:09:26.765   344   344 D SAN_SERVICE: *******************************************
07-12 18:09:26.765   344   344 D SAN_SERVICE: DM App Phone Service State - 0
07-12 18:09:26.769   344   344 D SAN_SERVICE: *******************************************
07-12 18:09:26.953   344   344 D SAN_SERVICE: *******************************************
07-12 18:09:26.953   344   344 D SAN_SERVICE: DM App Phone Service State - 0
07-12 18:09:26.953   344   344 D SAN_SERVICE: *******************************************
07-12 18:09:27.214   144   198 D DhcpInfoInternal: makeLinkProperties with empty dns2!
07-12 18:09:27.214   144   198 D DhcpInfoInternal: makeLinkProperties with empty dns2!
07-12 18:09:41.882 25179 25180 D dalvikvm: GC_CONCURRENT freed 547K, 6% free 10440K/11079K, paused 2ms+3ms
07-12 18:10:41.976 17159 19446 D dalvikvm: GC_EXPLICIT freed 190K, 5% free 10474K/11015K, paused 8ms+3ms
07-12 18:10:42.070 27919 27921 D dalvikvm: GC_CONCURRENT freed 471K, 7% free 9975K/10631K, paused 2ms+2ms
07-12 18:10:42.250   144   376 I ActivityManager: Process com.twitter.android (pid 27966) has died.
07-12 18:10:42.461 27919 27921 D dalvikvm: GC_CONCURRENT freed 302K, 6% free 10057K/10631K, paused 11ms+4ms
07-12 18:10:44.035 27919 27921 D dalvikvm: GC_CONCURRENT freed 278K, 4% free 10293K/10695K, paused 2ms+2ms
07-12 18:11:40.066   356   356 D dalvikvm: GC_EXPLICIT freed <1K, 6% free 9100K/9607K, paused 2ms+3ms
07-12 18:11:42.019 25179 25180 D dalvikvm: GC_CONCURRENT freed 509K, 6% free 10442K/11079K, paused 2ms+2ms
07-12 18:11:42.148 27919 27921 D dalvikvm: GC_CONCURRENT freed 669K, 8% free 10098K/10887K, paused 2ms+2ms
07-12 18:11:52.093   144   198 D DhcpInfoInternal: makeLinkProperties with empty dns2!
07-12 18:11:52.093   144   198 D DhcpInfoInternal: makeLinkProperties with empty dns2!
07-12 18:13:26.949   144   173 I ActivityManager: Start proc com.twitter.android for service com.twitter.android/.client.AppService: pid=28040 uid=10064 gids={3003, 1015}
07-12 18:13:26.957 28040 28040 I dalvikvm: Turning on JNI app bug workarounds for target SDK version 11...
07-12 18:13:38.023 28040 28040 I ActivityThread: Pub com.twitter.android.provider.GlobalDatabaseProvider: com.twitter.android.provider.GlobalDatabaseProvider
07-12 18:13:38.023 28040 28040 I ActivityThread: Pub com.twitter.android.provider.TwitterProvider: com.twitter.android.provider.TwitterProvider
07-12 18:13:38.175 28040 28042 D dalvikvm: GC_CONCURRENT freed 195K, 4% free 9308K/9607K, paused 2ms+48ms
07-12 18:13:38.340 28040 28042 D dalvikvm: GC_CONCURRENT freed 221K, 4% free 9515K/9863K, paused 1ms+2ms
07-12 18:13:38.468 28040 28042 D dalvikvm: GC_CONCURRENT freed 286K, 4% free 9654K/10055K, paused 1ms+1ms
07-12 18:13:38.578 28040 28042 D dalvikvm: GC_CONCURRENT freed 292K, 5% free 9774K/10183K, paused 1ms+1ms
07-12 18:13:38.703 28040 28042 D dalvikvm: GC_CONCURRENT freed 296K, 4% free 9900K/10311K, paused 1ms+2ms
07-12 18:13:38.816 28040 28042 D dalvikvm: GC_CONCURRENT freed 303K, 5% free 10019K/10439K, paused 1ms+1ms
07-12 18:13:38.925 28040 28042 D dalvikvm: GC_CONCURRENT freed 295K, 4% free 10150K/10567K, paused 1ms+2ms
07-12 18:13:39.039 28040 28042 D dalvikvm: GC_CONCURRENT freed 308K, 4% free 10281K/10695K, paused 2ms+1ms
07-12 18:13:39.175 28040 28042 D dalvikvm: GC_CONCURRENT freed 473K, 6% free 10228K/10823K, paused 2ms+2ms
07-12 18:13:39.289 28040 28042 D dalvikvm: GC_CONCURRENT freed 336K, 5% free 10305K/10823K, paused 2ms+1ms
07-12 18:13:39.414 28040 28042 D dalvikvm: GC_CONCURRENT freed 307K, 5% free 10387K/10823K, paused 1ms+2ms
07-12 18:13:39.539 28040 28042 D dalvikvm: GC_CONCURRENT freed 359K, 5% free 10476K/10951K, paused 2ms+2ms
07-12 18:13:39.652 28040 28042 D dalvikvm: GC_CONCURRENT freed 338K, 5% free 10556K/11015K, paused 1ms+2ms
07-12 18:13:39.769 28040 28042 D dalvikvm: GC_CONCURRENT freed 334K, 4% free 10639K/11079K, paused 2ms+2ms
07-12 18:13:39.890 28040 28042 D dalvikvm: GC_CONCURRENT freed 375K, 5% free 10727K/11207K, paused 1ms+2ms
07-12 18:13:40.015 28040 28042 D dalvikvm: GC_CONCURRENT freed 410K, 5% free 10825K/11335K, paused 1ms+2ms
07-12 18:13:42.082 25179 25180 D dalvikvm: GC_CONCURRENT freed 505K, 6% free 10448K/11079K, paused 2ms+2ms
07-12 18:13:42.211 27919 27921 D dalvikvm: GC_CONCURRENT freed 487K, 8% free 10098K/10887K, paused 2ms+3ms
07-12 18:13:44.125 28040 28042 D dalvikvm: GC_CONCURRENT freed 323K, 4% free 11023K/11463K, paused 2ms+2ms
07-12 18:13:45.777 28040 28042 D dalvikvm: GC_CONCURRENT freed 421K, 5% free 11164K/11719K, paused 7ms+2ms
07-12 18:13:45.859   144  9303 I ActivityManager: Process com.google.android.apps.maps:LocationFriendService (pid 27919) has died.
07-12 18:14:08.156   144 28061 I ActivityManager: Applications Memory Usage (kB):
07-12 18:14:08.156   144 28061 I ActivityManager: Uptime: 193747090 Realtime: 280485225
07-12 18:14:08.156   144 28061 I ActivityManager: Total PSS by OOM adjustment:
07-12 18:14:08.156   144 28061 I ActivityManager:     30594 kB: System
07-12 18:14:08.156   144 28061 I ActivityManager:                30594 kB: system (pid 144)
07-12 18:14:08.156   144 28061 I ActivityManager:     30308 kB: Persistent
07-12 18:14:08.156   144 28061 I ActivityManager:                13222 kB: com.android.systemui (pid 214)
07-12 18:14:08.156   144 28061 I ActivityManager:                12912 kB: com.android.phone (pid 344)
07-12 18:14:08.156   144 28061 I ActivityManager:                 4174 kB: com.android.nfc (pid 356)
07-12 18:14:08.156   144 28061 I ActivityManager:     28413 kB: Foreground
07-12 18:14:08.156   144 28061 I ActivityManager:                28413 kB: com.android.launcher (pid 18680)
07-12 18:14:08.156   144 28061 I ActivityManager:     14728 kB: Visible
07-12 18:14:08.156   144 28061 I ActivityManager:                11773 kB: com.twitter.android (pid 28040)
07-12 18:14:08.156   144 28061 I ActivityManager:                 2955 kB: com.android.smspush (pid 440)
07-12 18:14:08.156   144 28061 I ActivityManager:      6666 kB: Perceptible
07-12 18:14:08.156   144 28061 I ActivityManager:                 6666 kB: com.klye.ime.latin (pid 320)
07-12 18:14:08.156   144 28061 I ActivityManager:     30145 kB: A Services
07-12 18:14:08.156   144 28061 I ActivityManager:                12190 kB: com.google.process.gapps (pid 17159)
07-12 18:14:08.156   144 28061 I ActivityManager:                10161 kB: com.google.android.apps.maps (pid 27870)
07-12 18:14:08.156   144 28061 I ActivityManager:                 7794 kB: com.google.android.apps.maps:NetworkLocationService (pid 25179)
07-12 18:14:08.156   144 28061 I ActivityManager:     82022 kB: Previous
07-12 18:14:08.156   144 28061 I ActivityManager:                82022 kB: org.mozilla.firefox_beta (pid 25222)
07-12 18:14:08.156   144 28061 I ActivityManager:     27703 kB: B Services
07-12 18:14:08.156   144 28061 I ActivityManager:                 9165 kB: com.facebook.katana (pid 27313)
07-12 18:14:08.156   144 28061 I ActivityManager:                 6023 kB: com.whatsapp (pid 23965)
07-12 18:14:08.156   144 28061 I ActivityManager:                 5212 kB: com.google.android.apps.googlevoice (pid 24354)
07-12 18:14:08.156   144 28061 I ActivityManager:                 4409 kB: edu.buffalo.cse.phonelab.phonelabservices (pid 25099)
07-12 18:14:08.156   144 28061 I ActivityManager:                 2894 kB: com.android.sprintmenu (pid 24219)
07-12 18:14:08.156   144 28061 I ActivityManager: 
07-12 18:14:08.156   144 28061 I ActivityManager: Total PSS: 250579 kB
07-12 18:14:08.156   144 28061 I ActivityManager:   PID      Vss      Rss      Pss      Uss  cmdline
07-12 18:14:08.156   144 28061 I ActivityManager: 25222   99340K   99268K   82105K   80888K  org.mozilla.firefox_beta
07-12 18:14:08.156   144 28061 I ActivityManager:   144   48168K   48100K   30659K   27768K  system_server
07-12 18:14:08.156   144 28061 I ActivityManager: 18680   48532K   48452K   28516K   25656K  com.android.launcher
07-12 18:14:08.156   144 28061 I ActivityManager:   214   32268K   32180K   13268K    9064K  com.android.systemui
07-12 18:14:08.156   144 28061 I ActivityManager:   344   28472K   28400K   12955K   11956K  com.android.phone
07-12 18:14:08.156   144 28061 I ActivityManager:    78   22568K   19568K   12841K    6936K  /system/bin/surfaceflinger
07-12 18:14:08.156   144 28061 I ActivityManager: 17159   29104K   29020K   12237K   11028K  com.google.process.gapps
07-12 18:14:08.156   144 28061 I ActivityManager: 28040   31428K   31376K   11957K    9328K  com.twitter.android
07-12 18:14:08.156   144 28061 I ActivityManager: 27870   29972K   29908K   10208K    7532K  com.google.android.apps.maps
07-12 18:14:08.156   144 28061 I ActivityManager: 27313   27584K   27516K    9212K    7504K  com.facebook.katana
07-12 18:14:08.156   144 28061 I ActivityManager: 25179   25452K   25392K    7840K    6344K  com.google.android.apps.maps:NetworkLocationService
07-12 18:14:08.156   144 28061 I ActivityManager:   320   22132K   22044K    6713K    5748K  com.klye.ime.latin
07-12 18:14:08.156   144 28061 I ActivityManager: 23965   22996K   22904K    6070K    4948K  com.whatsapp
07-12 18:14:08.156   144 28061 I ActivityManager: 24354   22544K   22444K    5259K    4088K  com.google.android.apps.googlevoice
07-12 18:14:08.156   144 28061 I ActivityManager: 25099   21752K   21680K    4456K    3192K  edu.buffalo.cse.phonelab.phonelabservices
07-12 18:14:08.156   144 28061 I ActivityManager:   356   20176K   20080K    4221K    3196K  com.android.nfc
07-12 18:14:08.156   144 28061 I ActivityManager:   440   19120K   19008K    3002K    1864K  com.android.smspush
07-12 18:14:08.156   144 28061 I ActivityManager: 24219   19868K   19768K    2941K    1724K  com.android.sprintmenu
07-12 18:14:08.156   144 28061 I ActivityManager:    79   19064K   18936K    2559K    1300K  zygote
07-12 18:14:08.156   144 28061 I ActivityManager:    81    2152K    2152K    1767K    1740K  /system/bin/mediaserver
07-12 18:14:08.156   144 28061 I ActivityManager:    80    1176K    1176K     887K     876K  /system/bin/drmserver
07-12 18:14:08.156   144 28061 I ActivityManager:  1373    1004K    1000K     852K     848K  logcat
07-12 18:14:08.156   144 28061 I ActivityManager:    77    1120K    1120K     789K     772K  /system/bin/rild
07-12 18:14:08.156   144 28061 I ActivityManager:    75     952K     952K     771K     760K  /system/bin/netd
07-12 18:14:08.156   144 28061 I ActivityManager: 28062     768K     760K     639K     636K  procrank
07-12 18:14:08.156   144 28061 I ActivityManager:   262     868K     864K     592K     564K  /system/bin/wpa_supplicant
07-12 18:14:08.156   144 28061 I ActivityManager:    72     456K     452K     292K     284K  /system/bin/vold
07-12 18:14:08.156   144 28061 I ActivityManager:   296     444K     444K     292K     288K  /system/bin/bluetoothd
07-12 18:14:08.156   144 28061 I ActivityManager:    86     496K     492K     284K     276K  /system/vendor/bin/gpsd
07-12 18:14:08.156   144 28061 I ActivityManager:    88     240K     240K     224K     224K  /sbin/adbd
07-12 18:14:08.156   144 28061 I ActivityManager: 26352     352K     348K     196K     192K  /system/bin/dhcpcd
07-12 18:14:08.156   144 28061 I ActivityManager:    82     312K     304K     171K     168K  /system/bin/dbus-daemon
07-12 18:14:08.156   144 28061 I ActivityManager:    85     264K     256K     162K     160K  /system/bin/keystore
07-12 18:14:08.156   144 28061 I ActivityManager:     1     204K     204K     142K     104K  /init
07-12 18:14:08.156   144 28061 I ActivityManager:    61     160K     160K     122K      84K  /sbin/ueventd
07-12 18:14:08.156   144 28061 I ActivityManager:   201     244K     236K     115K     112K  /system/bin/brcm_patchram_plus
07-12 18:14:08.156   144 28061 I ActivityManager:    87     212K     208K     106K     104K  /system/bin/sh
07-12 18:14:08.156   144 28061 I ActivityManager:    83     248K     240K     103K     100K  /system/bin/installd
07-12 18:14:08.156   144 28061 I ActivityManager:    71     212K     204K      95K      92K  /system/bin/servicemanager
07-12 18:14:08.156   144 28061 I ActivityManager: 26000     192K     184K      75K      72K  /system/bin/debuggerd
07-12 18:14:08.156   144 28061 I ActivityManager:                           ------   ------  ------
07-12 18:14:08.156   144 28061 I ActivityManager:                          275715K  238520K  TOTAL
07-12 18:14:08.156   144 28061 I ActivityManager: RAM: 
07-12 18:14:16.574   144   144 I ActivityManager: Process com.twitter.android (pid 28040) has died.
07-12 18:14:17.132   144   198 D DhcpInfoInternal: makeLinkProperties with empty dns2!
07-12 18:14:17.140   144   198 D DhcpInfoInternal: makeLinkProperties with empty dns2!
07-12 18:14:42.168   144 10051 I ActivityManager: Start proc com.google.android.apps.maps:LocationFriendService for service com.google.android.apps.maps/com.google.googlenav.friend.reporting.LocationReceiverService: pid=28083 uid=10056 gids={3003, 1015}
07-12 18:14:42.289 28083 28086 D dalvikvm: GC_CONCURRENT freed 173K, 3% free 9362K/9607K, paused 2ms+2ms
07-12 18:14:42.406 28083 28086 D dalvikvm: GC_CONCURRENT freed 140K, 3% free 9706K/9927K, paused 1ms+2ms
07-12 18:14:42.605 28083 28086 D dalvikvm: GC_CONCURRENT freed 332K, 4% free 9906K/10311K, paused 2ms+3ms
07-12 18:14:42.804   144   147 D dalvikvm: GC_CONCURRENT freed 1826K, 22% free 18346K/23431K, paused 6ms+7ms
07-12 18:14:42.918 28083 28086 D dalvikvm: GC_CONCURRENT freed 340K, 5% free 10012K/10439K, paused 2ms+2ms
07-12 18:14:43.047 28083 28086 D dalvikvm: GC_CONCURRENT freed 194K, 4% free 10239K/10567K, paused 2ms+2ms
07-12 18:14:44.062   344   344 D SAN_SERVICE: *******************************************
07-12 18:14:44.062   344   344 D SAN_SERVICE: DM App Phone Service State - 0
07-12 18:14:44.062   344   344 D SAN_SERVICE: *******************************************
07-12 18:14:44.324   344   344 D SAN_SERVICE: *******************************************
07-12 18:14:44.324   344   344 D SAN_SERVICE: DM App Phone Service State - 0
07-12 18:14:44.324   344   344 D SAN_SERVICE: *******************************************
07-12 18:14:45.050   344   344 D SAN_SERVICE: *******************************************
07-12 18:14:45.050   344   344 D SAN_SERVICE: DM App Phone Service State - 0
07-12 18:14:45.050   344   344 D SAN_SERVICE: *******************************************
07-12 18:15:42.214 25179 25180 D dalvikvm: GC_CONCURRENT freed 509K, 6% free 10451K/11079K, paused 2ms+2ms
07-12 18:15:42.320   144   380 D dalvikvm: GC_EXPLICIT freed 192K, 23% free 18238K/23431K, paused 2ms+7ms
07-12 18:15:42.390 28083 28090 I dalvikvm: Total arena pages for JIT: 11
07-12 18:15:42.390 28083 28090 I dalvikvm: Total arena pages for JIT: 12
07-12 18:15:42.390 28083 28090 I dalvikvm: Total arena pages for JIT: 13
07-12 18:15:42.390 28083 28090 I dalvikvm: Total arena pages for JIT: 14
07-12 18:15:42.390 28083 28090 I dalvikvm: Total arena pages for JIT: 15
07-12 18:15:42.390 28083 28090 I dalvikvm: Total arena pages for JIT: 16
07-12 18:15:42.390 28083 28090 I dalvikvm: Total arena pages for JIT: 17
07-12 18:15:42.410 28083 28086 D dalvikvm: GC_CONCURRENT freed 630K, 7% free 10098K/10823K, paused 2ms+2ms
07-12 18:16:41.914   144   198 D DhcpInfoInternal: makeLinkProperties with empty dns2!
07-12 18:16:41.922   144   198 D DhcpInfoInternal: makeLinkProperties with empty dns2!
07-12 18:16:42.281 28083 28090 I dalvikvm: Total arena pages for JIT: 18
07-12 18:16:42.359 28083 28086 D dalvikvm: GC_CONCURRENT freed 469K, 7% free 10077K/10823K, paused 1ms+2ms
07-12 18:17:42.296 25179 25180 D dalvikvm: GC_CONCURRENT freed 519K, 6% free 10444K/11079K, paused 1ms+2ms
07-12 18:17:42.480 28083 28086 D dalvikvm: GC_CONCURRENT freed 317K, 7% free 10168K/10823K, paused 2ms+3ms
07-12 18:17:44.418   144   175 I power   : *** set_screen_state 1
07-12 18:17:44.625   144   175 I WindowManager: Lock screen displayed!
07-12 18:17:44.648    78   120 D SurfaceFlinger: Screen about to return, flinger = 0x5b4918
07-12 18:17:45.398   214   214 D PhoneStatusBar: disable: < expand icons alerts ticker system_info BACK HOME recent* CLOCK >
07-12 18:17:45.421   144   161 I ActivityManager: Start proc com.google.android.apps.gesturesearch for broadcast com.google.android.apps.gesturesearch/.motion.ScreenStateReceiver: pid=28137 uid=10088 gids={3003}
07-12 18:17:45.445   144  7984 W InputManagerService: Window already focused, ignoring focus gain of: com.android.internal.view.IInputMethodClient$Stub$Proxy@413123d0
07-12 18:17:45.449   214   214 D PhoneStatusBar: disable: < expand icons alerts ticker system_info back* home* recent clock* >
07-12 18:17:45.492 28137 28137 I dalvikvm: Turning on JNI app bug workarounds for target SDK version 8...
07-12 18:17:45.535    79    79 D dalvikvm: GC_EXPLICIT freed 37K, 4% free 9031K/9347K, paused 3ms+8ms
07-12 18:17:45.574 28137 28137 I ActivityThread: Pub com.google.android.apps.gesturesearch.history: com.google.android.apps.gesturesearch.data.QueryHistoryProvider
07-12 18:17:45.574 28137 28137 I ActivityThread: Pub com.google.android.apps.gesturesearch.index: com.google.android.apps.gesturesearch.data.IndexProvider
07-12 18:17:45.617    79    79 D dalvikvm: GC_EXPLICIT freed <1K, 4% free 9031K/9347K, paused 2ms+9ms
07-12 18:17:45.675    79    79 D dalvikvm: GC_EXPLICIT freed <1K, 4% free 9031K/9347K, paused 2ms+4ms
07-12 18:17:46.050 17159 17161 D dalvikvm: GC_CONCURRENT freed 300K, 4% free 10586K/11015K, paused 5ms+4ms
07-12 18:17:46.863   144   424 I ActivityManager: Start proc android.process.acore for content provider com.android.providers.contacts/.ContactsProvider2: pid=28152 uid=10000 gids={3003, 1015}
07-12 18:17:46.898 28152 28152 I ActivityThread: Pub call_log: com.android.providers.contacts.CallLogProvider
07-12 18:17:46.910 28152 28152 I ActivityThread: Pub com.android.voicemail: com.android.providers.contacts.VoicemailContentProvider
07-12 18:17:46.914 28152 28152 I ActivityThread: Pub user_dictionary: com.android.providers.userdictionary.UserDictionaryProvider
07-12 18:17:46.929 28152 28152 I ActivityThread: Pub com.android.social: com.android.providers.contacts.SocialProvider
07-12 18:17:46.929 28152 28152 I ActivityThread: Pub applications: com.android.providers.applications.ApplicationsProvider
07-12 18:17:47.019 28152 28152 I ActivityThread: Pub contacts;com.android.contacts: com.android.providers.contacts.ContactsProvider2
07-12 18:17:47.066 28152 28154 D dalvikvm: GC_CONCURRENT freed 347K, 5% free 9188K/9607K, paused 3ms+2ms
07-12 18:17:47.289 28152 28154 D dalvikvm: GC_CONCURRENT freed 200K, 4% free 9419K/9735K, paused 2ms+2ms
07-12 18:17:47.804   144  7984 I ActivityManager: START {act=android.intent.action.VIEW dat=content://gmail-ls/account/lokeshmandvekar@gmail.com/label/^i/conversationId/1407324231008029634/maxServerMessageId/1407324231008029634/labels/lokeshmandvekar%40gmail.com^*^595230239^*^^i^*^Inbox^*^0^*^0^**^lokeshmandvekar%40gmail.com^*^-505^*^^^unseen-^i^*^^*^2147483647^*^1^**^lokeshmandvekar%40gmail.com^*^595230361^*^^io_im^*^Important^*^0^*^0^**^lokeshmandvekar%40gmail.com^*^595230240^*^^u^*^Unread^*^0^*^1^**^lokeshmandvekar%40gmail.com^*^595230344^*^^iim^*^Priority+Inbox^*^0^*^0^**^lokeshmandvekar%40gmail.com^*^-506^*^^^unseen-^iim^*^^*^2147483647^*^1 typ=application/gmail-ls flg=0x10008000 cmp=com.google.android.gm/.ConversationListActivityGmail bnds=[96,119][480,215] (has extras)} from pid -1
07-12 18:17:47.851   144 24503 W KeyguardViewMediator: verifyUnlock called when not externally disabled
07-12 18:17:47.976   144 10051 I ActivityManager: Start proc com.google.android.gm for activity com.google.android.gm/.ConversationListActivityGmail: pid=28169 uid=10075 gids={3003, 1015}
07-12 18:17:48.156   214   216 D dalvikvm: GC_CONCURRENT freed 513K, 56% free 9885K/22023K, paused 3ms+7ms
07-12 18:17:48.203   144   144 I ActivityManager: Process com.google.android.apps.maps:LocationFriendService (pid 28083) has died.
07-12 18:17:48.226 18680 18680 D OpenGLRenderer: Flushing caches (mode 0)
07-12 18:17:48.277 28169 28169 I ActivityThread: Pub gmail-ls: com.google.android.gm.provider.MailProvider
07-12 18:17:48.355 28169 28169 I ActivityThread: Pub com.google.android.gm: com.google.android.gm.provider.PublicContentProvider
07-12 18:17:48.386 28169 28169 I ActivityThread: Pub com.google.android.gmail.SuggestionProvider: com.google.android.gm.SuggestionsProvider
07-12 18:17:48.386   344   344 D SAN_SERVICE: *******************************************
07-12 18:17:48.386   344   344 D SAN_SERVICE: DM App Phone Service State - 0
07-12 18:17:48.386   344   344 D SAN_SERVICE: *******************************************
07-12 18:17:48.402 18680 18680 D OpenGLRenderer: Flushing caches (mode 1)
07-12 18:17:48.543   144   160 I Process : Sending signal. PID: 28169 SIG: 3
07-12 18:17:48.543 28169 28173 I dalvikvm: threadid=3: reacting to signal 3
07-12 18:17:48.601 28152 28154 D dalvikvm: GC_CONCURRENT freed 200K, 4% free 9661K/9991K, paused 3ms+3ms
07-12 18:17:48.757   344   344 D SAN_SERVICE: *******************************************
07-12 18:17:48.757   344   344 D SAN_SERVICE: DM App Phone Service State - 0
07-12 18:17:48.757   344   344 D SAN_SERVICE: *******************************************
07-12 18:17:48.773 28169 28171 D dalvikvm: GC_CONCURRENT freed 240K, 4% free 9272K/9607K, paused 2ms+15ms
07-12 18:17:48.785 28169 28173 I dalvikvm: Wrote stack traces to '/data/anr/traces.txt'
07-12 18:17:49.023   144   160 I Process : Sending signal. PID: 28169 SIG: 3
07-12 18:17:49.023 28169 28173 I dalvikvm: threadid=3: reacting to signal 3
07-12 18:17:49.035 28169 28173 I dalvikvm: Wrote stack traces to '/data/anr/traces.txt'
07-12 18:17:49.183   344   344 D SAN_SERVICE: *******************************************
07-12 18:17:49.183   344   344 D SAN_SERVICE: DM App Phone Service State - 0
07-12 18:17:49.183   344   344 D SAN_SERVICE: *******************************************
07-12 18:17:49.336 28169 28171 D dalvikvm: GC_CONCURRENT freed 193K, 3% free 9522K/9799K, paused 68ms+3ms
07-12 18:17:49.523   144   160 I Process : Sending signal. PID: 28169 SIG: 3
07-12 18:17:49.523 28169 28173 I dalvikvm: threadid=3: reacting to signal 3
07-12 18:17:49.546 28169 28173 I dalvikvm: Wrote stack traces to '/data/anr/traces.txt'
07-12 18:17:49.566 28169 28171 D dalvikvm: GC_CONCURRENT freed 189K, 3% free 9760K/10055K, paused 2ms+2ms
07-12 18:17:49.586 28169 28187 I Gmail   : calculateUnknownSyncRationalesAndPurgeInBackground: queueing
07-12 18:17:49.656   144  7984 I ActivityManager: Start proc com.google.android.gsf.login for service com.google.android.gsf.login/com.google.android.gsf.loginservice.GoogleLoginService: pid=28192 uid=10009 gids={3003, 1015, 1007, 2001, 3006}
07-12 18:17:49.836 28169 28169 D dalvikvm: GC_FOR_ALLOC freed 64K, 3% free 9829K/10055K, paused 23ms
07-12 18:17:49.839 28169 28169 I dalvikvm-heap: Grow heap (frag case) to 10.400MB for 768016-byte allocation
07-12 18:17:49.871 28169 28204 D dalvikvm: GC_FOR_ALLOC freed 12K, 3% free 10567K/10823K, paused 21ms
07-12 18:17:50.027   144   160 I Process : Sending signal. PID: 28169 SIG: 3
07-12 18:17:50.027 28169 28173 I dalvikvm: threadid=3: reacting to signal 3
07-12 18:17:50.296 28169 28173 I dalvikvm: Wrote stack traces to '/data/anr/traces.txt'
07-12 18:17:50.308 28169 28171 D dalvikvm: GC_CONCURRENT freed 4K, 3% free 10588K/10823K, paused 19ms+4ms
07-12 18:17:50.488 28169 28187 I Gmail   : calculateUnknownSyncRationalesAndPurgeInBackground: queueing
07-12 18:17:50.527   144   160 I Process : Sending signal. PID: 28169 SIG: 3
07-12 18:17:50.527 28169 28173 I dalvikvm: threadid=3: reacting to signal 3
07-12 18:17:50.757 25099 25112 I PhoneLab-: Service Running
07-12 18:17:50.882 28169 28173 I dalvikvm: Wrote stack traces to '/data/anr/traces.txt'
07-12 18:17:50.918 25099 25112 I PhoneLab-LoggerService: app_37    1373  1     1440   1000  c00f181c 400107b4 S logcat
07-12 18:17:50.921 25099 25112 I PhoneLab-LoggerService: Logcat pid from database 1373
07-12 18:17:50.921 25099 25112 I PhoneLab-LoggerService: Logcat process found 1373
07-12 18:17:50.921 25099 25112 I PhoneLab-LoggerService: Checking Threshold
07-12 18:17:50.929 25099 25112 I PhoneLab-: Service Running
07-12 18:17:50.996   144   326 I ActivityManager: Process com.google.android.gsf.login (pid 28192) has died.
07-12 18:17:51.023   144   160 I Process : Sending signal. PID: 28169 SIG: 3
07-12 18:17:51.023 28169 28173 I dalvikvm: threadid=3: reacting to signal 3
07-12 18:17:51.035 25099 25100 D dalvikvm: GC_CONCURRENT freed 420K, 15% free 9174K/10695K, paused 31ms+2ms
07-12 18:17:51.066 25099 25112 I PhoneLab-LoggerService: app_37    1373  1     1440   1000  c00f181c 400107b4 S logcat
07-12 18:17:51.066 25099 25112 I PhoneLab-LoggerService: Logcat pid from database 1373
07-12 18:17:51.066 25099 25112 I PhoneLab-LoggerService: Logcat process found 1373
07-12 18:17:51.066 25099 25112 I PhoneLab-LoggerService: Checking Threshold
07-12 18:17:51.066 25099 25112 I PhoneLab-: Service Running
07-12 18:17:51.078 28169 28173 I dalvikvm: Wrote stack traces to '/data/anr/traces.txt'
07-12 18:17:51.132 25099 25112 I PhoneLab-LoggerService: app_37    1373  1     1440   1000  c00f181c 400107b4 S logcat
07-12 18:17:51.132 25099 25112 I PhoneLab-LoggerService: Logcat pid from database 1373
07-12 18:17:51.132 25099 25112 I PhoneLab-LoggerService: Logcat process found 1373
07-12 18:17:51.132 25099 25112 I PhoneLab-LoggerService: Checking Threshold
07-12 18:17:51.132 25099 25112 I PhoneLab-: Service Running
07-12 18:17:51.207 25099 25112 I PhoneLab-LoggerService: app_37    1373  1     1440   1000  c00f181c 400107b4 S logcat
07-12 18:17:51.211 25099 25112 I PhoneLab-LoggerService: Logcat pid from database 1373
07-12 18:17:51.211 25099 25112 I PhoneLab-LoggerService: Logcat process found 1373
07-12 18:17:51.211 25099 25112 I PhoneLab-LoggerService: Checking Threshold
07-12 18:17:51.242 28152 28154 D dalvikvm: GC_CONCURRENT freed 307K, 5% free 9742K/10183K, paused 2ms+20ms
07-12 18:17:51.527   144   160 I Process : Sending signal. PID: 28169 SIG: 3
07-12 18:17:51.527 28169 28173 I dalvikvm: threadid=3: reacting to signal 3
07-12 18:17:51.730 28169 28173 I dalvikvm: Wrote stack traces to '/data/anr/traces.txt'
07-12 18:17:52.027   144   160 I Process : Sending signal. PID: 28169 SIG: 3
07-12 18:17:52.027 28169 28173 I dalvikvm: threadid=3: reacting to signal 3
07-12 18:17:52.168 28169 28173 I dalvikvm: Wrote stack traces to '/data/anr/traces.txt'
07-12 18:17:52.199 28169 28169 D libEGL  : loaded /system/lib/egl/libGLES_android.so
07-12 18:17:52.211 28169 28169 D libEGL  : loaded /vendor/lib/egl/libEGL_POWERVR_SGX540_120.so
07-12 18:17:52.257 28169 28169 D libEGL  : loaded /vendor/lib/egl/libGLESv1_CM_POWERVR_SGX540_120.so
07-12 18:17:52.269 28169 28169 D libEGL  : loaded /vendor/lib/egl/libGLESv2_POWERVR_SGX540_120.so
07-12 18:17:52.300 28169 28187 I Gmail   : calculateUnknownSyncRationalesAndPurgeInBackground: running
07-12 18:17:52.316 28169 28187 I Gmail   : calculateUnknownSyncRationalesAndPurgeInBackground: running
07-12 18:17:52.523   144   160 I Process : Sending signal. PID: 28169 SIG: 3
07-12 18:17:52.523 28169 28173 I dalvikvm: threadid=3: reacting to signal 3
07-12 18:17:52.703 28169 28171 D dalvikvm: GC_CONCURRENT freed 248K, 4% free 10763K/11143K, paused 5ms+3ms
07-12 18:17:52.820 28169 28173 I dalvikvm: Wrote stack traces to '/data/anr/traces.txt'
07-12 18:17:52.875 28169 28169 D OpenGLRenderer: Enabling debug mode 0
07-12 18:17:53.113   144   160 I Process : Sending signal. PID: 28169 SIG: 3
07-12 18:17:53.113 28169 28173 I dalvikvm: threadid=3: reacting to signal 3
07-12 18:17:53.406 28169 28173 I dalvikvm: Wrote stack traces to '/data/anr/traces.txt'
07-12 18:17:53.531   144   156 I ActivityManager: Start proc com.google.android.gsf.login for service com.google.android.gsf.login/com.google.android.gsf.loginservice.GoogleLoginService: pid=28223 uid=10009 gids={3003, 1015, 1007, 2001, 3006}
07-12 18:17:53.535   144   160 I Process : Sending signal. PID: 28169 SIG: 3
07-12 18:17:53.535 28169 28173 I dalvikvm: threadid=3: reacting to signal 3
07-12 18:17:53.691 28169 28173 I dalvikvm: Wrote stack traces to '/data/anr/traces.txt'
07-12 18:17:54.035   144   160 I Process : Sending signal. PID: 28169 SIG: 3
07-12 18:17:54.035 28169 28173 I dalvikvm: threadid=3: reacting to signal 3
07-12 18:17:54.339   144   174 I ActivityManager: Displayed com.google.android.gm/.ConversationListActivityGmail: +6s481ms
07-12 18:17:54.496 28169 28173 I dalvikvm: Wrote stack traces to '/data/anr/traces.txt'
07-12 18:17:54.793 28169 28171 D dalvikvm: GC_CONCURRENT freed 260K, 3% free 11129K/11463K, paused 24ms+4ms
07-12 18:17:55.586 28152 28154 D dalvikvm: GC_CONCURRENT freed 497K, 7% free 9681K/10311K, paused 8ms+5ms
07-12 18:17:55.589   144  9303 I ActivityManager: Process com.google.android.apps.gesturesearch (pid 28137) has died.
07-12 18:17:56.351   144 30930 D dalvikvm: GC_EXPLICIT freed 976K, 22% free 18283K/23431K, paused 11ms+19ms
07-12 18:17:56.535   144   376 I ActivityManager: Process com.google.android.gsf.login (pid 28223) has died.
07-12 18:17:56.714 18680 18680 D OpenGLRenderer: Flushing caches (mode 2)
07-12 18:17:56.722 18680 18680 D OpenGLRenderer: Flushing caches (mode 0)
07-12 18:17:57.464 28169 28171 D dalvikvm: GC_CONCURRENT freed 578K, 6% free 11148K/11847K, paused 26ms+8ms
07-12 18:17:57.554 28169 28244 I Gmail   : Sending notification intent: Intent { act=android.intent.action.PROVIDER_CHANGED dat=content://gmail-ls/unread/^i (has extras) }
07-12 18:17:57.836 28169 28244 I Gmail   : Sending notification intent: Intent { act=android.intent.action.PROVIDER_CHANGED dat=content://gmail-ls/unread/^iim (has extras) }
07-12 18:17:58.300   144   380 I ActivityManager: Process android.process.acore (pid 28152) has died.
07-12 18:17:58.789   344   344 D SAN_SERVICE: *******************************************
07-12 18:17:58.789   344   344 D SAN_SERVICE: DM App Phone Service State - 0
07-12 18:17:58.789   344   344 D SAN_SERVICE: *******************************************
07-12 18:17:58.789 28169 28169 D dalvikvm: GC_FOR_ALLOC freed 147K, 6% free 11160K/11847K, paused 34ms
07-12 18:17:58.800 28169 28169 I dalvikvm-heap: Grow heap (frag case) to 11.700MB for 768016-byte allocation
07-12 18:17:58.851 28169 28247 D dalvikvm: GC_FOR_ALLOC freed 23K, 6% free 11887K/12615K, paused 39ms
07-12 18:17:58.902 28169 28247 I Gmail   : MainSyncRequestProto: lowestBkwdConvoId: 0, highestHandledServerOp: 3310034, normalSync: true
07-12 18:17:58.914   344   344 D SAN_SERVICE: *******************************************
07-12 18:17:58.914   344   344 D SAN_SERVICE: DM App Phone Service State - 0
07-12 18:17:58.914   344   344 D SAN_SERVICE: *******************************************
07-12 18:17:59.035 28169 28171 D dalvikvm: GC_CONCURRENT freed 24K, 6% free 11958K/12615K, paused 7ms+61ms
07-12 18:17:59.355   144   376 I ActivityManager: Start proc com.google.android.gsf.login for service com.google.android.gsf.login/com.google.android.gsf.loginservice.GoogleLoginService: pid=28249 uid=10009 gids={3003, 1015, 1007, 2001, 3006}
07-12 18:17:59.668   344   344 D SAN_SERVICE: *******************************************
07-12 18:17:59.668   344   344 D SAN_SERVICE: DM App Phone Service State - 0
07-12 18:17:59.668   344   344 D SAN_SERVICE: *******************************************
07-12 18:17:59.793 17159 17161 D dalvikvm: GC_CONCURRENT freed 496K, 6% free 10546K/11143K, paused 9ms+12ms
07-12 18:18:00.539 28169 28171 D dalvikvm: GC_CONCURRENT freed 1488K, 13% free 11392K/12999K, paused 22ms+202ms
07-12 18:18:00.886   144   144 I ActivityManager: Start proc android.process.acore for content provider com.android.providers.contacts/.ContactsProvider2: pid=28268 uid=10000 gids={3003, 1015}
07-12 18:18:00.949 28268 28268 I ActivityThread: Pub call_log: com.android.providers.contacts.CallLogProvider
07-12 18:18:01.007 28268 28268 I ActivityThread: Pub com.android.voicemail: com.android.providers.contacts.VoicemailContentProvider
07-12 18:18:01.007 28268 28268 I ActivityThread: Pub user_dictionary: com.android.providers.userdictionary.UserDictionaryProvider
07-12 18:18:01.039 28268 28268 I ActivityThread: Pub com.android.social: com.android.providers.contacts.SocialProvider
07-12 18:18:01.043 28268 28268 I ActivityThread: Pub applications: com.android.providers.applications.ApplicationsProvider
07-12 18:18:01.171 28268 28268 I ActivityThread: Pub contacts;com.android.contacts: com.android.providers.contacts.ContactsProvider2
07-12 18:18:01.207 28268 28271 D dalvikvm: GC_CONCURRENT freed 350K, 5% free 9186K/9607K, paused 7ms+5ms
07-12 18:18:01.367   144   326 I ActivityManager: Process com.google.android.gsf.login (pid 28249) has died.
07-12 18:18:01.472 28268 28271 D dalvikvm: GC_CONCURRENT freed 223K, 4% free 9379K/9735K, paused 4ms+3ms
07-12 18:18:03.621 28268 28271 D dalvikvm: GC_CONCURRENT freed 183K, 4% free 9621K/9927K, paused 166ms+3ms
07-12 18:18:03.687 28169 28171 D dalvikvm: GC_CONCURRENT freed 712K, 12% free 11469K/12999K, paused 2ms+76ms
07-12 18:18:03.812   144   144 I ActivityManager: Process android.process.acore (pid 28268) has died.
07-12 18:18:03.914 28169 28247 D dalvikvm: GC_EXPLICIT freed 227K, 13% free 11382K/12999K, paused 8ms+4ms
07-12 18:18:03.937 28169 28247 I Gmail   : MainSyncRequestProto: lowestBkwdConvoId: 0, highestHandledServerOp: 3310055, normalSync: true
07-12 18:18:03.957 28169 28247 I Gmail   : lowestBackward conversation id 0
07-12 18:18:04.019 28169 28285 I Gmail   : MainSyncRequestProto: lowestBkwdConvoId: 0, highestHandledServerOp: 3310055, normalSync: true
07-12 18:18:04.214   144   402 I ActivityManager: Start proc com.google.android.gsf.login for service com.google.android.gsf.login/com.google.android.gsf.loginservice.GoogleLoginService: pid=28287 uid=10009 gids={3003, 1015, 1007, 2001, 3006}
07-12 18:18:05.117 28169 28285 D dalvikvm: GC_EXPLICIT freed 262K, 12% free 11527K/12999K, paused 3ms+12ms
07-12 18:18:05.125 28169 28285 I Gmail   : MainSyncRequestProto: lowestBkwdConvoId: 0, highestHandledServerOp: 3310073, normalSync: true
07-12 18:18:05.156 28169 28285 I Gmail   : lowestBackward conversation id 0
07-12 18:18:07.214 25099 25112 I PhoneLab-: Service Running
07-12 18:18:07.363 25099 25112 I PhoneLab-LoggerService: app_37    1373  1     1440   1000  c00f181c 400107b4 S logcat
07-12 18:18:07.363 25099 25112 I PhoneLab-LoggerService: Logcat pid from database 1373
07-12 18:18:07.363 25099 25112 I PhoneLab-LoggerService: Logcat process found 1373
07-12 18:18:07.363 25099 25112 I PhoneLab-LoggerService: Checking Threshold
07-12 18:18:07.437   144 10051 I ActivityManager: Process com.google.android.gsf.login (pid 28287) has died.
07-12 18:18:08.961   344   344 D SAN_SERVICE: *******************************************
07-12 18:18:08.961   344   344 D SAN_SERVICE: DM App Phone Service State - 0
07-12 18:18:08.961   344   344 D SAN_SERVICE: *******************************************
07-12 18:18:09.132   344   344 D SAN_SERVICE: *******************************************
07-12 18:18:09.132   344   344 D SAN_SERVICE: DM App Phone Service State - 0
07-12 18:18:09.132   344   344 D SAN_SERVICE: *******************************************
07-12 18:18:09.894   344   344 D SAN_SERVICE: *******************************************
07-12 18:18:09.894   344   344 D SAN_SERVICE: DM App Phone Service State - 0
07-12 18:18:09.894   344   344 D SAN_SERVICE: *******************************************
07-12 18:18:14.066 28169 28169 D webviewglue: nativeDestroy view: 0x15553e8
07-12 18:18:14.117 28169 28169 D webviewglue: nativeDestroy view: 0x180dae8
07-12 18:18:14.605   144   326 W InputManagerService: Starting input on non-focused client com.android.internal.view.IInputMethodClient$Stub$Proxy@41bce990 (uid=10075 pid=28169)
07-12 18:18:14.754   144   156 I ActivityManager: Process com.facebook.katana (pid 27313) has died.
07-12 18:18:14.754   144   156 W ActivityManager: Scheduling restart of crashed service com.facebook.katana/.service.MediaUploadService in 5000ms
07-12 18:18:14.769 28169 28169 D OpenGLRenderer: Flushing caches (mode 0)
07-12 18:18:14.839 28169 28169 D OpenGLRenderer: Flushing caches (mode 2)
07-12 18:18:14.859 28169 28169 D OpenGLRenderer: Flushing caches (mode 0)
07-12 18:18:14.859 28169 28169 W ManagedEGLContext: doTerminate failed: EGL count is 2 but managed count is 1
07-12 18:18:16.023   144   171 I power   : *** set_screen_state 0
07-12 18:18:16.070    78   120 D SurfaceFlinger: About to give-up screen, flinger = 0x5b4918
07-12 18:18:16.254   144   175 V TransportControlView: Create TCV com.android.internal.widget.TransportControlView@41677290
07-12 18:18:16.289   144   175 I ActivityManager: Start proc com.google.android.gsf.login for service com.google.android.gsf.login/com.google.android.gsf.loginservice.GoogleLoginService: pid=28304 uid=10009 gids={3003, 1015, 1007, 2001, 3006}
07-12 18:18:16.296   214   214 D PhoneStatusBar: disable: < expand icons alerts ticker system_info back home RECENT* clock >
07-12 18:18:16.324   214   214 D PhoneStatusBar: disable: < expand icons alerts ticker system_info BACK* HOME* RECENT CLOCK* >
07-12 18:18:27.179   144   161 I ActivityManager: Start proc com.facebook.katana for service com.facebook.katana/.service.MediaUploadService: pid=28320 uid=10071 gids={3003, 1006, 1015}
07-12 18:18:27.187 28320 28320 I dalvikvm: Turning on JNI app bug workarounds for target SDK version 7...
07-12 18:18:27.425 28169 28169 D OpenGLRenderer: Flushing caches (mode 2)
07-12 18:18:27.437 28169 28169 W ManagedEGLContext: doTerminate failed: EGL count is 2 but managed count is 1
07-12 18:18:27.480 28320 28321 D dalvikvm: GC_CONCURRENT freed 168K, 3% free 9368K/9607K, paused 25ms+17ms
07-12 18:18:27.593   144   160 D dalvikvm: GC_EXPLICIT freed 1552K, 22% free 18388K/23431K, paused 26ms+12ms
07-12 18:18:27.714 28169 28334 I Gmail   : MainSyncRequestProto: lowestBkwdConvoId: 0, highestHandledServerOp: 3310073, normalSync: true
07-12 18:18:27.722 28169 28334 I Gmail   : lowestBackward conversation id 0
07-12 18:18:27.746 28320 28321 D dalvikvm: GC_CONCURRENT freed 130K, 3% free 9664K/9927K, paused 2ms+3ms
07-12 18:18:27.789 28320 28320 I ActivityThread: Pub com.facebook.katana.provider.LoggingProvider: com.facebook.katana.provider.LoggingProvider
07-12 18:18:27.816 28320 28320 I ActivityThread: Pub com.facebook.katana.provider.KeyValueProvider: com.facebook.katana.provider.KeyValueProvider
07-12 18:18:27.820 28320 28320 I ActivityThread: Pub com.facebook.katana.provider.CacheProvider: com.facebook.katana.provider.CacheProvider
07-12 18:18:27.824 28320 28320 I ActivityThread: Pub com.facebook.katana.provider.MailboxProvider: com.facebook.katana.provider.MailboxProvider
07-12 18:18:27.836 28320 28320 I ActivityThread: Pub com.facebook.katana.provider.UserStatusesProvider: com.facebook.katana.provider.UserStatusesProvider
07-12 18:18:27.836 28320 28320 I ActivityThread: Pub com.facebook.katana.provider.EventsProvider: com.facebook.katana.provider.EventsProvider
07-12 18:18:27.839 28320 28320 I ActivityThread: Pub com.facebook.katana.provider.NotificationsProvider: com.facebook.katana.provider.NotificationsProvider
07-12 18:18:27.855 28320 28320 I ActivityThread: Pub com.facebook.katana.provider.UserValuesProvider: com.facebook.katana.provider.UserValuesProvider
07-12 18:18:27.855 28320 28320 I ActivityThread: Pub com.facebook.katana.provider.PagesProvider: com.facebook.katana.provider.PagesProvider
07-12 18:18:27.855 28320 28320 I ActivityThread: Pub com.facebook.katana.provider.MobileEventLogProvider: com.facebook.katana.provider.MobileEventLogProvider
07-12 18:18:27.855 28320 28320 I ActivityThread: Pub com.facebook.katana.provider.PushNotificationsProvider: com.facebook.katana.provider.PushNotificationsProvider
07-12 18:18:27.859 28320 28320 I ActivityThread: Pub com.facebook.katana.provider.PhotosProvider: com.facebook.katana.provider.PhotosProvider
07-12 18:18:27.859 28320 28320 I ActivityThread: Pub com.facebook.katana.provider.ConnectionsProvider: com.facebook.katana.provider.ConnectionsProvider
07-12 18:18:27.871 28320 28320 I ActivityThread: Pub com.facebook.orca.notify.FbandroidMessagesForegroundProvider: com.facebook.orca.notify.FbandroidMessagesForegroundProvider
07-12 18:18:27.918 28169 28171 D dalvikvm: GC_CONCURRENT freed 1463K, 18% free 10773K/12999K, paused 15ms+62ms
07-12 18:18:28.121   144   155 I ActivityManager: Process com.google.android.gm (pid 28169) has died.
07-12 18:18:28.121   144   155 W ActivityManager: Scheduling restart of crashed service com.google.android.gm/.provider.MailSyncAdapterService in 5000ms
07-12 18:18:28.125 28320 28320 D ACRA    : Retrieve application default SharedPreferences.
07-12 18:18:28.140 28320 28320 D ACRA    : Set OnSharedPreferenceChangeListener.
07-12 18:18:28.175 28320 28320 D ACRA    : ACRA is enabled for com.facebook.katana, intializing...
07-12 18:18:28.214 28320 28320 D ACRA    : Looking for error files in /data/data/com.facebook.katana/app_acra-reports
07-12 18:18:29.050 28320 28320 W nalizableReferenceQueue: Could not load Finalizer in its own class loader.Loading Finalizer in the current class loader instead. As a result, you will not be ableto garbage collect this class loader. To support reclaiming this class loader, eitherresolve the underlying issue, or move Google Collections to your system class path.
07-12 18:18:29.050 28320 28320 W nalizableReferenceQueue: java.io.FileNotFoundException: com/google/common/base/internal/Finalizer.class
07-12 18:18:29.050 28320 28320 W nalizableReferenceQueue: 	at com.google.common.base.FinalizableReferenceQueue$DecoupledLoader.getBaseUrl(FinalizableReferenceQueue.java:243)
07-12 18:18:29.050 28320 28320 W nalizableReferenceQueue: 	at com.google.common.base.FinalizableReferenceQueue$DecoupledLoader.loadFinalizer(FinalizableReferenceQueue.java:227)
07-12 18:18:29.050 28320 28320 W nalizableReferenceQueue: 	at com.google.common.base.FinalizableReferenceQueue.loadFinalizer(FinalizableReferenceQueue.java:155)
07-12 18:18:29.050 28320 28320 W nalizableReferenceQueue: 	at com.google.common.base.FinalizableReferenceQueue.<clinit>(FinalizableReferenceQueue.java:84)
07-12 18:18:29.050 28320 28320 W nalizableReferenceQueue: 	at com.google.common.collect.CustomConcurrentHashMap$QueueHolder.<clinit>(CustomConcurrentHashMap.java:650)
07-12 18:18:29.050 28320 28320 W nalizableReferenceQueue: 	at com.google.common.collect.CustomConcurrentHashMap$WeakEntry.<init>(CustomConcurrentHashMap.java:1342)
07-12 18:18:29.050 28320 28320 W nalizableReferenceQueue: 	at com.google.common.collect.CustomConcurrentHashMap$EntryFactory$9.newEntry(CustomConcurrentHashMap.java:453)
07-12 18:18:29.050 28320 28320 W nalizableReferenceQueue: 	at com.google.common.collect.CustomConcurrentHashMap.a(CustomConcurrentHashMap.java:1715)
07-12 18:18:29.050 28320 28320 W nalizableReferenceQueue: 	at com.google.common.collect.ComputingConcurrentHashMap$ComputingSegment.a(ComputingConcurrentHashMap.java:123)
07-12 18:18:29.050 28320 28320 W nalizableReferenceQueue: 	at com.google.common.collect.ComputingConcurrentHashMap.apply(ComputingConcurrentHashMap.java:71)
07-12 18:18:29.050 28320 28320 W nalizableReferenceQueue: 	at com.google.common.collect.MapMaker$ComputingMapAdapter.get(MapMaker.java:848)
07-12 18:18:29.050 28320 28320 W nalizableReferenceQueue: 	at com.google.inject.internal.Annotations$AnnotationChecker.a(Annotations.java:94)
07-12 18:18:29.050 28320 28320 W nalizableReferenceQueue: 	at com.google.inject.internal.Annotations.c(Annotations.java:112)
07-12 18:18:29.050 28320 28320 W nalizableReferenceQueue: 	at com.google.inject.Key.d(Key.java:369)
07-12 18:18:29.050 28320 28320 W nalizableReferenceQueue: 	at com.google.inject.Key.b(Key.java:356)
07-12 18:18:29.050 28320 28320 W nalizableReferenceQueue: 	at com.google.inject.Key.a(Key.java:267)
07-12 18:18:29.050 28320 28320 W nalizableReferenceQueue: 	at com.facebook.orca.inject.binder.AnnotatedBindingBuilderImpl.a(AnnotatedBindingBuilderImpl.java:22)
07-12 18:18:29.050 28320 28320 W nalizableReferenceQueue: 	at com.facebook.orca.app.FbBaseModule.a(FbBaseModule.java:74)
07-12 18:18:29.050 28320 28320 W nalizableReferenceQueue: 	at com.facebook.orca.inject.AbstractModule.a(AbstractModule.java:19)
07-12 18:18:29.050 28320 28320 W nalizableReferenceQueue: 	at com.facebook.orca.inject.FbInjectorImpl.a(FbInjectorImpl.java:61)
07-12 18:18:29.050 28320 28320 W nalizableReferenceQueue: 	at com.facebook.orca.inject.FbInjectorImpl.<init>(FbInjectorImpl.java:41)
07-12 18:18:29.050 28320 28320 W nalizableReferenceQueue: 	at com.facebook.orca.inject.FbInjector.a(FbInjector.java:40)
07-12 18:18:29.050 28320 28320 W nalizableReferenceQueue: 	at com.facebook.katana.FacebookApplication.onCreate(FacebookApplication.java:86)
07-12 18:18:29.050 28320 28320 W nalizableReferenceQueue: 	at android.app.Instrumentation.callApplicationOnCreate(Instrumentation.java:969)
07-12 18:18:29.050 28320 28320 W nalizableReferenceQueue: 	at android.app.ActivityThread.handleBindApplication(ActivityThread.java:3954)
07-12 18:18:29.050 28320 28320 W nalizableReferenceQueue: 	at android.app.ActivityThread.access$1300(ActivityThread.java:123)
07-12 18:18:29.050 28320 28320 W nalizableReferenceQueue: 	at android.app.ActivityThread$H.handleMessage(ActivityThread.java:1185)
07-12 18:18:29.050 28320 28320 W nalizableReferenceQueue: 	at android.os.Handler.dispatchMessage(Handler.java:99)
07-12 18:18:29.050 28320 28320 W nalizableReferenceQueue: 	at android.os.Looper.loop(Looper.java:137)
07-12 18:18:29.050 28320 28320 W nalizableReferenceQueue: 	at android.app.ActivityThread.main(ActivityThread.java:4424)
07-12 18:18:29.050 28320 28320 W nalizableReferenceQueue: 	at java.lang.reflect.Method.invokeNative(Native Method)
07-12 18:18:29.050 28320 28320 W nalizableReferenceQueue: 	at java.lang.reflect.Method.invoke(Method.java:511)
07-12 18:18:29.050 28320 28320 W nalizableReferenceQueue: 	at com.android.internal.os.ZygoteInit$MethodAndArgsCaller.run(ZygoteInit.java:784)
07-12 18:18:29.050 28320 28320 W nalizableReferenceQueue: 	at com.android.internal.os.ZygoteInit.main(ZygoteInit.java:551)
07-12 18:18:29.050 28320 28320 W nalizableReferenceQueue: 	at dalvik.system.NativeStart.main(Native Method)
07-12 18:18:29.050 28320 28320 I Finalizer: Couldn't access Thread.inheritableThreadLocals. Reference finalizer threads will inherit thread local values.
07-12 18:18:29.070 28320 28321 D dalvikvm: GC_CONCURRENT freed 341K, 5% free 9831K/10247K, paused 2ms+3ms
07-12 18:18:29.226 28320 28321 D dalvikvm: GC_CONCURRENT freed 350K, 5% free 10007K/10439K, paused 2ms+3ms
07-12 18:18:29.480 28320 28321 D dalvikvm: GC_CONCURRENT freed 419K, 5% free 10140K/10631K, paused 2ms+3ms
07-12 18:18:29.882 28320 28338 W Resources: Converting to string: TypedValue{t=0x10/d=0xffffffff a=-1}
07-12 18:18:30.086 28320 28321 D dalvikvm: GC_CONCURRENT freed 336K, 5% free 10292K/10759K, paused 9ms+4ms
07-12 18:18:30.765 28320 28321 D dalvikvm: GC_CONCURRENT freed 287K, 4% free 10414K/10823K, paused 2ms+3ms
07-12 18:18:32.355 28320 28321 D dalvikvm: GC_CONCURRENT freed 357K, 5% free 10504K/10951K, paused 2ms+2ms
07-12 18:18:39.320   356   356 D dalvikvm: GC_EXPLICIT freed 2K, 6% free 9100K/9607K, paused 15ms+2ms
07-12 18:18:42.090 28320 28321 D dalvikvm: GC_CONCURRENT freed 389K, 5% free 10558K/11079K, paused 2ms+3ms
07-12 18:18:42.500 25179 25180 D dalvikvm: GC_CONCURRENT freed 496K, 6% free 10459K/11079K, paused 2ms+3ms
07-12 18:18:42.547   144  9303 I ActivityManager: Start proc com.google.android.apps.maps:LocationFriendService for service com.google.android.apps.maps/com.google.googlenav.friend.reporting.LocationReceiverService: pid=28353 uid=10056 gids={3003, 1015}
07-12 18:18:42.695 28353 28355 D dalvikvm: GC_CONCURRENT freed 176K, 3% free 9360K/9607K, paused 2ms+2ms
07-12 18:18:43.125 28353 28355 D dalvikvm: GC_CONCURRENT freed 135K, 3% free 9673K/9927K, paused 13ms+5ms
07-12 18:18:43.422 17159 24319 D dalvikvm: GC_EXPLICIT freed 240K, 7% free 10468K/11143K, paused 6ms+4ms
07-12 18:18:46.054   144   173 I ActivityManager: Start proc com.twitter.android for service com.twitter.android/.client.AppService: pid=28374 uid=10064 gids={3003, 1015}
07-12 18:18:46.093    79    79 D dalvikvm: GC_EXPLICIT freed 38K, 4% free 9031K/9347K, paused 3ms+2ms
07-12 18:18:46.121 28374 28374 I dalvikvm: Turning on JNI app bug workarounds for target SDK version 11...
07-12 18:18:46.144    79    79 D dalvikvm: GC_EXPLICIT freed <1K, 4% free 9031K/9347K, paused 6ms+1ms
07-12 18:18:46.168    79    79 D dalvikvm: GC_EXPLICIT freed <1K, 4% free 9031K/9347K, paused 3ms+2ms
07-12 18:18:46.297 28374 28374 I ActivityThread: Pub com.twitter.android.provider.GlobalDatabaseProvider: com.twitter.android.provider.GlobalDatabaseProvider
07-12 18:18:46.308 28374 28374 I ActivityThread: Pub com.twitter.android.provider.TwitterProvider: com.twitter.android.provider.TwitterProvider
07-12 18:18:46.418 28353 28355 D dalvikvm: GC_CONCURRENT freed 271K, 4% free 9885K/10247K, paused 5ms+12ms
07-12 18:18:46.465 28374 28376 D dalvikvm: GC_CONCURRENT freed 203K, 4% free 9305K/9607K, paused 5ms+2ms
07-12 18:18:46.496 28353 28360 I dalvikvm: Total arena pages for JIT: 11
07-12 18:18:46.496 28353 28360 I dalvikvm: Total arena pages for JIT: 12
07-12 18:18:46.496 28353 28360 I dalvikvm: Total arena pages for JIT: 13
07-12 18:18:46.500 28353 28360 I dalvikvm: Total arena pages for JIT: 14
07-12 18:18:46.500 28353 28360 I dalvikvm: Total arena pages for JIT: 15
07-12 18:18:46.507 28353 28360 I dalvikvm: Total arena pages for JIT: 16
07-12 18:18:46.507 28353 28360 I dalvikvm: Total arena pages for JIT: 17
07-12 18:18:46.750 28374 28376 D dalvikvm: GC_CONCURRENT freed 223K, 4% free 9515K/9863K, paused 2ms+2ms
07-12 18:18:46.875 28374 28376 D dalvikvm: GC_CONCURRENT freed 285K, 5% free 9643K/10055K, paused 3ms+1ms
07-12 18:18:47.004 28374 28376 D dalvikvm: GC_CONCURRENT freed 291K, 5% free 9765K/10183K, paused 2ms+2ms
07-12 18:18:47.132 28374 28376 D dalvikvm: GC_CONCURRENT freed 293K, 5% free 9889K/10311K, paused 2ms+2ms
07-12 18:18:47.242 28374 28376 D dalvikvm: GC_CONCURRENT freed 301K, 5% free 10017K/10439K, paused 2ms+1ms
07-12 18:18:47.375 28374 28376 D dalvikvm: GC_CONCURRENT freed 310K, 4% free 10154K/10567K, paused 1ms+3ms
07-12 18:18:47.488 28374 28376 D dalvikvm: GC_CONCURRENT freed 303K, 4% free 10282K/10695K, paused 1ms+3ms
07-12 18:18:47.644 28374 28376 D dalvikvm: GC_CONCURRENT freed 471K, 6% free 10229K/10823K, paused 1ms+2ms
07-12 18:18:47.769 28374 28376 D dalvikvm: GC_CONCURRENT freed 324K, 5% free 10303K/10823K, paused 1ms+2ms
07-12 18:18:47.886 28374 28376 D dalvikvm: GC_CONCURRENT freed 315K, 5% free 10381K/10823K, paused 1ms+1ms
07-12 18:18:48.015 28374 28376 D dalvikvm: GC_CONCURRENT freed 363K, 5% free 10476K/10951K, paused 2ms+2ms
07-12 18:18:48.136 28374 28376 D dalvikvm: GC_CONCURRENT freed 346K, 5% free 10560K/11015K, paused 1ms+3ms
07-12 18:18:48.269 28374 28376 D dalvikvm: GC_CONCURRENT freed 378K, 5% free 10652K/11143K, paused 1ms+3ms
07-12 18:18:48.394 28374 28376 D dalvikvm: GC_CONCURRENT freed 364K, 5% free 10739K/11207K, paused 2ms+3ms
07-12 18:18:48.527 28374 28376 D dalvikvm: GC_CONCURRENT freed 400K, 5% free 10832K/11335K, paused 2ms+2ms
07-12 18:18:48.554   144   376 I ActivityManager: Process com.google.android.apps.maps:LocationFriendService (pid 28353) has died.
07-12 18:18:50.320 28374 28376 D dalvikvm: GC_CONCURRENT freed 306K, 4% free 11031K/11463K, paused 2ms+2ms
07-12 18:18:52.179 28374 28376 D dalvikvm: GC_CONCURRENT freed 438K, 5% free 11156K/11719K, paused 7ms+2ms
07-12 18:18:57.015   144   144 I ActivityManager: Process com.twitter.android (pid 28374) has died.
07-12 18:19:00.183   144   173 I ActivityManager: Start proc com.google.android.maps.mytracks for service com.google.android.maps.mytracks/com.google.android.apps.mytracks.services.RemoveTempFilesService: pid=28396 uid=10072 gids={3003, 3002, 3001, 1015}
07-12 18:19:00.203 28396 28396 I dalvikvm: Turning on JNI app bug workarounds for target SDK version 7...
07-12 18:19:00.523 28396 28396 I ActivityThread: Pub com.google.android.maps.mytracks.search: com.google.android.apps.mytracks.content.SearchEngineProvider
07-12 18:19:00.523 28396 28396 I ActivityThread: Pub com.google.android.maps.mytracks: com.google.android.apps.mytracks.content.MyTracksProvider
07-12 18:19:00.738   144   173 I ActivityManager: Start proc com.google.android.apps.plus for service com.google.android.apps.plus/.service.EsService: pid=28410 uid=10060 gids={3003, 3002, 1015, 1006}
07-12 18:19:00.765   144   173 I ActivityManager: Start proc com.google.android.gm for service com.google.android.gm/.provider.MailIndexerService: pid=28423 uid=10075 gids={3003, 1015}
07-12 18:19:05.043 28423 28423 I ActivityThread: Pub gmail-ls: com.google.android.gm.provider.MailProvider
07-12 18:19:05.082 28423 28423 I ActivityThread: Pub com.google.android.gm: com.google.android.gm.provider.PublicContentProvider
07-12 18:19:05.125 28423 28423 I ActivityThread: Pub com.google.android.gmail.SuggestionProvider: com.google.android.gm.SuggestionsProvider
07-12 18:19:05.164 28410 28412 D dalvikvm: GC_CONCURRENT freed 152K, 3% free 9384K/9607K, paused 14ms+6ms
07-12 18:19:05.254   344   344 D SAN_SERVICE: *******************************************
07-12 18:19:05.254   344   344 D SAN_SERVICE: DM App Phone Service State - 0
07-12 18:19:05.254   344   344 D SAN_SERVICE: *******************************************
07-12 18:19:05.359 28410 28410 I ActivityThread: Pub com.google.android.apps.plus.content.ApiProvider: com.google.android.apps.plus.content.EsApiProvider
07-12 18:19:05.382 28410 28410 I ActivityThread: Pub com.google.android.apps.plus.content.EsGooglePhotoProvider: com.google.android.picasasync.PicasaContentProvider
07-12 18:19:05.472   344   344 D SAN_SERVICE: *******************************************
07-12 18:19:05.472   344   344 D SAN_SERVICE: DM App Phone Service State - 0
07-12 18:19:05.472   344   344 D SAN_SERVICE: *******************************************
07-12 18:19:05.500 28410 28412 D dalvikvm: GC_CONCURRENT freed 335K, 5% free 9581K/9991K, paused 1ms+2ms
07-12 18:19:05.535 28410 28410 I ActivityThread: Pub com.google.android.apps.plus.content.EsPicasaStoreProvider: com.google.android.picasastore.PicasaPhotoContentProvider
07-12 18:19:05.558 28410 28410 I ActivityThread: Pub com.google.plus.platform: com.google.android.apps.plus.content.AdsProvider
07-12 18:19:05.558 28410 28410 I ActivityThread: Pub com.google.android.apps.plus.iu.EsGoogleIuProvider: com.google.android.apps.plus.iu.InstantUploadProvider
07-12 18:19:05.629 28410 28412 D dalvikvm: GC_CONCURRENT freed 501K, 6% free 9608K/10183K, paused 1ms+2ms
07-12 18:19:05.632 28410 28410 I ActivityThread: Pub com.google.android.apps.plus.content.EsProvider: com.google.android.apps.plus.content.EsProvider
07-12 18:19:05.679   344   344 D SAN_SERVICE: *******************************************
07-12 18:19:05.679   344   344 D SAN_SERVICE: DM App Phone Service State - 0
07-12 18:19:05.679   344   344 D SAN_SERVICE: *******************************************
07-12 18:19:05.879   144   144 I ActivityManager: Start proc android.process.media for content provider com.android.providers.media/.MediaProvider: pid=28447 uid=10012 gids={1015, 1023, 1024, 2001, 3003, 3007}
07-12 18:19:05.957 28447 28447 I ActivityThread: Pub downloads: com.android.providers.downloads.DownloadProvider
07-12 18:19:06.004 28447 28447 I ActivityThread: Pub drm: com.android.providers.drm.DrmProvider
07-12 18:19:06.004 28447 28460 I DownloadManager: in removeSpuriousFiles
07-12 18:19:06.019 28447 28460 I DownloadManager: in removeSpuriousFiles, preserving file /data/data/com.android.providers.downloads/cache/metadata.json
07-12 18:19:06.023 28447 28460 I DownloadManager: in removeSpuriousFiles, preserving file /data/data/com.android.providers.downloads/cache/en_general.htm
07-12 18:19:06.023 28447 28460 I DownloadManager: in removeSpuriousFiles, preserving file /mnt/sdcard/Download/img-thing.jpeg
07-12 18:19:06.023 28447 28460 I DownloadManager: in removeSpuriousFiles, preserving file /data/data/com.android.providers.downloads/cache/metadata-1.json
07-12 18:19:06.023 28447 28460 I DownloadManager: in removeSpuriousFiles, preserving file /data/data/com.android.providers.downloads/cache/downloadfile.jpeg
07-12 18:19:06.023 28447 28460 I DownloadManager: in removeSpuriousFiles, preserving file /data/data/com.android.providers.downloads/cache/metadata-2.json
07-12 18:19:06.023 28447 28460 I DownloadManager: in removeSpuriousFiles, preserving file /data/data/com.android.providers.downloads/cache/metadata-3.json
07-12 18:19:06.023 28447 28460 I DownloadManager: in removeSpuriousFiles, preserving file /data/data/com.android.providers.downloads/cache/downloadfile-1.jpeg
07-12 18:19:06.023 28447 28460 I DownloadManager: in removeSpuriousFiles, preserving file /data/data/com.android.providers.downloads/cache/downloadfile-2.jpeg
07-12 18:19:06.023 28447 28460 I DownloadManager: in removeSpuriousFiles, preserving file /data/data/com.android.providers.downloads/cache/metadata-4.json
07-12 18:19:06.023 28447 28460 I DownloadManager: in removeSpuriousFiles, preserving file /data/data/com.android.providers.downloads/cache/metadata-5.json
07-12 18:19:06.023 28447 28460 I DownloadManager: in removeSpuriousFiles, preserving file /data/data/com.android.providers.downloads/cache/downloadfile-1.apk
07-12 18:19:06.027 28447 28460 I DownloadManager: deleting spurious file /cache/backup
07-12 18:19:06.031 28447 28447 I ActivityThread: Pub media: com.android.providers.media.MediaProvider
07-12 18:19:06.402 28447 28449 D dalvikvm: GC_CONCURRENT freed 361K, 5% free 9193K/9607K, paused 1ms+4ms
07-12 18:19:06.578   144   403 I ActivityManager: Process com.google.android.maps.mytracks (pid 28396) has died.
07-12 18:19:06.605 28410 28412 D dalvikvm: GC_CONCURRENT freed 217K, 5% free 9834K/10247K, paused 97ms+8ms
07-12 18:19:06.609 28410 28442 D PicasaPhotoCP: set fsid first time:-1
07-12 18:19:06.875 28410 28412 D dalvikvm: GC_CONCURRENT freed 128K, 3% free 10147K/10375K, paused 1ms+2ms
07-12 18:19:06.910 28423 28427 D dalvikvm: GC_CONCURRENT freed 206K, 3% free 9264K/9543K, paused 2ms+2ms
07-12 18:19:07.039   144   198 D DhcpInfoInternal: makeLinkProperties with empty dns2!
07-12 18:19:07.039   144   198 D DhcpInfoInternal: makeLinkProperties with empty dns2!
07-12 18:19:07.062 28410 28412 D dalvikvm: GC_CONCURRENT freed 268K, 4% free 10329K/10759K, paused 2ms+2ms
07-12 18:19:07.172 28423 28461 I Gmail   : calculateUnknownSyncRationalesAndPurgeInBackground: queueing
07-12 18:19:07.179 28423 28461 I Gmail   : calculateUnknownSyncRationalesAndPurgeInBackground: queueing
07-12 18:19:07.195 28423 28461 I Gmail   : calculateUnknownSyncRationalesAndPurgeInBackground: running
07-12 18:19:07.199 28423 28461 I Gmail   : calculateUnknownSyncRationalesAndPurgeInBackground: running
07-12 18:19:07.222 28410 28444 D dalvikvm: GC_FOR_ALLOC freed 114K, 4% free 10456K/10887K, paused 18ms
07-12 18:19:07.222 28410 28444 I dalvikvm-heap: Grow heap (frag case) to 10.528MB for 260112-byte allocation
07-12 18:19:07.246 28410 28444 D dalvikvm: GC_FOR_ALLOC freed 126K, 6% free 10584K/11143K, paused 18ms
07-12 18:19:07.269 28410 28444 D dalvikvm: GC_FOR_ALLOC freed 311K, 6% free 10577K/11143K, paused 18ms
07-12 18:19:07.289 28410 28444 D dalvikvm: GC_FOR_ALLOC freed 62K, 5% free 10641K/11143K, paused 19ms
07-12 18:19:07.289 28410 28444 I dalvikvm-heap: Grow heap (frag case) to 10.708MB for 260112-byte allocation
07-12 18:19:07.312 28410 28444 D dalvikvm: GC_FOR_ALLOC freed 126K, 6% free 10769K/11399K, paused 18ms
07-12 18:19:07.336 28410 28444 D dalvikvm: GC_FOR_ALLOC freed 369K, 6% free 10824K/11399K, paused 18ms
07-12 18:19:07.355 28410 28444 D dalvikvm: GC_FOR_ALLOC freed 126K, 4% free 10952K/11399K, paused 18ms
07-12 18:19:07.488 28410 28412 D dalvikvm: GC_CONCURRENT freed 345K, 4% free 11207K/11655K, paused 2ms+2ms
07-12 18:19:07.629 28410 28412 D dalvikvm: GC_CONCURRENT freed 139K, 3% free 11732K/11975K, paused 2ms+2ms
07-12 18:19:07.781 28410 28412 D dalvikvm: GC_CONCURRENT freed 544K, 6% free 12018K/12679K, paused 2ms+2ms
07-12 18:19:07.961 28410 28412 D dalvikvm: GC_CONCURRENT freed 211K, 3% free 12748K/13063K, paused 2ms+2ms
07-12 18:19:40.097   144   402 I ActivityManager: Process com.google.android.gm (pid 28423) has died.
07-12 18:19:40.179 28410 28445 I SqliteDatabaseCpp: sqlite returned: error code = 1, msg = no such column: wipeout_stats, db=/data/data/com.google.android.apps.plus/databases/es0.db
07-12 18:19:40.234 28410 28445 W System.err: android.database.sqlite.SQLiteException: no such column: wipeout_stats: , while compiling: SELECT wipeout_stats  FROM account_status
07-12 18:19:40.281 28410 28445 W System.err: 	at android.database.sqlite.SQLiteCompiledSql.native_compile(Native Method)
07-12 18:19:40.281 28410 28445 W System.err: 	at android.database.sqlite.SQLiteCompiledSql.<init>(SQLiteCompiledSql.java:68)
07-12 18:19:40.285 28410 28445 W System.err: 	at android.database.sqlite.SQLiteProgram.compileSql(SQLiteProgram.java:143)
07-12 18:19:40.285 28410 28445 W System.err: 	at android.database.sqlite.SQLiteProgram.compileAndbindAllArgs(SQLiteProgram.java:361)
07-12 18:19:40.285 28410 28445 W System.err: 	at android.database.sqlite.SQLiteStatement.acquireAndLock(SQLiteStatement.java:260)
07-12 18:19:40.285 28410 28445 W System.err: 	at android.database.sqlite.SQLiteStatement.simpleQueryForLong(SQLiteStatement.java:137)
07-12 18:19:40.285 28410 28445 W System.err: 	at android.database.DatabaseUtils.longForQuery(DatabaseUtils.java:791)
07-12 18:19:40.285 28410 28445 W System.err: 	at android.database.DatabaseUtils.longForQuery(DatabaseUtils.java:779)
07-12 18:19:40.285 28410 28445 W System.err: 	at com.google.android.apps.plus.content.EsAccountsData.isContactsStatsWipeoutNeeded(EsAccountsData.java:641)
07-12 18:19:40.285 28410 28445 W System.err: 	at com.google.android.apps.plus.service.EsService.processIntent(EsService.java:4246)
07-12 18:19:40.285 28410 28445 W System.err: 	at com.google.android.apps.plus.service.ServiceThread$1.run(ServiceThread.java:50)
07-12 18:19:40.285 28410 28445 W System.err: 	at android.os.Handler.handleCallback(Handler.java:605)
07-12 18:19:40.285 28410 28445 W System.err: 	at android.os.Handler.dispatchMessage(Handler.java:92)
07-12 18:19:40.285 28410 28445 W System.err: 	at android.os.Looper.loop(Looper.java:137)
07-12 18:19:40.285 28410 28445 W System.err: 	at com.google.android.apps.plus.service.ServiceThread.run(ServiceThread.java:122)
07-12 18:19:40.472   144   144 D dalvikvm: GC_EXPLICIT freed 1358K, 23% free 18271K/23431K, paused 10ms+9ms
07-12 18:19:42.562   144   326 I ActivityManager: Start proc com.google.android.apps.maps:LocationFriendService for service com.google.android.apps.maps/com.google.googlenav.friend.reporting.LocationReceiverService: pid=28490 uid=10056 gids={3003, 1015}
07-12 18:19:42.750 28490 28493 D dalvikvm: GC_CONCURRENT freed 162K, 3% free 9374K/9607K, paused 2ms+2ms
07-12 18:19:43.097 28410 28412 D dalvikvm: GC_CONCURRENT freed 1045K, 9% free 12861K/14023K, paused 6ms+2ms
07-12 18:19:43.121 28490 28493 D dalvikvm: GC_CONCURRENT freed 187K, 3% free 9633K/9927K, paused 3ms+4ms
07-12 18:19:43.363   144   155 I ActivityManager: Process android.process.media (pid 28447) has died.
07-12 18:19:44.402 28490 28493 D dalvikvm: GC_CONCURRENT freed 215K, 3% free 9888K/10183K, paused 2ms+21ms
07-12 18:19:44.636 28490 28497 I dalvikvm: Total arena pages for JIT: 11
07-12 18:19:44.636 28490 28497 I dalvikvm: Total arena pages for JIT: 12
07-12 18:19:44.636 28490 28497 I dalvikvm: Total arena pages for JIT: 13
07-12 18:19:44.636 28490 28497 I dalvikvm: Total arena pages for JIT: 14
07-12 18:19:44.636 28490 28497 I dalvikvm: Total arena pages for JIT: 15
07-12 18:19:44.640 28490 28497 I dalvikvm: Total arena pages for JIT: 16
07-12 18:19:44.640 28490 28497 I dalvikvm: Total arena pages for JIT: 17
07-12 18:19:48.519 18680 18680 D dalvikvm: GC_EXPLICIT freed 199K, 11% free 11664K/12999K, paused 16ms+4ms
07-12 18:19:48.597 28410 28487 E dalvikvm: Could not find class 'android.app.Notification$InboxStyle', referenced from method com.google.android.apps.plus.service.AndroidNotification.createDigestNotification
07-12 18:19:48.597 28410 28487 W dalvikvm: VFY: unable to resolve new-instance 41 (Landroid/app/Notification$InboxStyle;) in Lcom/google/android/apps/plus/service/AndroidNotification;
07-12 18:19:48.597 28410 28487 D dalvikvm: VFY: replacing opcode 0x22 at 0x0018
07-12 18:19:48.601 28410 28487 I dalvikvm: Could not find method android.app.Notification$Builder.setPriority, referenced from method com.google.android.apps.plus.service.AndroidNotification.createRichNotification
07-12 18:19:48.601 28410 28487 W dalvikvm: VFY: unable to resolve virtual method 162: Landroid/app/Notification$Builder;.setPriority (I)Landroid/app/Notification$Builder;
07-12 18:19:48.601 28410 28487 D dalvikvm: VFY: replacing opcode 0x6e at 0x00d5
07-12 18:19:48.734 28410 28487 D dalvikvm: DexOpt: unable to opt direct call 0x00a8 at 0x1a in Lcom/google/android/apps/plus/service/AndroidNotification;.createDigestNotification
07-12 18:19:48.734 28410 28487 D dalvikvm: DexOpt: unable to opt direct call 0x0091 at 0xf1 in Lcom/google/android/apps/plus/service/AndroidNotification;.createRichNotification
07-12 18:19:48.742 28410 28487 D dalvikvm: DexOpt: unable to opt direct call 0x0095 at 0x397 in Lcom/google/android/apps/plus/service/AndroidNotification;.createRichNotification
07-12 18:19:48.812 28410 28412 D dalvikvm: GC_CONCURRENT freed 1110K, 9% free 12909K/14151K, paused 8ms+40ms
07-12 18:19:52.382   144   424 I ActivityManager: Start proc android.process.media for content provider com.android.providers.media/.MediaProvider: pid=28516 uid=10012 gids={1015, 1023, 1024, 2001, 3003, 3007}
07-12 18:19:52.433 28516 28516 I ActivityThread: Pub downloads: com.android.providers.downloads.DownloadProvider
07-12 18:19:52.472 28516 28516 I ActivityThread: Pub drm: com.android.providers.drm.DrmProvider
07-12 18:19:52.476 28516 28529 I DownloadManager: in removeSpuriousFiles
07-12 18:19:52.496   144  7984 I ActivityManager: Process com.google.android.apps.maps:LocationFriendService (pid 28490) has died.
07-12 18:19:52.504 28516 28529 I DownloadManager: in removeSpuriousFiles, preserving file /data/data/com.android.providers.downloads/cache/metadata.json
07-12 18:19:52.504 28516 28529 I DownloadManager: in removeSpuriousFiles, preserving file /data/data/com.android.providers.downloads/cache/en_general.htm
07-12 18:19:52.504 28516 28529 I DownloadManager: in removeSpuriousFiles, preserving file /mnt/sdcard/Download/img-thing.jpeg
07-12 18:19:52.504 28516 28529 I DownloadManager: in removeSpuriousFiles, preserving file /data/data/com.android.providers.downloads/cache/metadata-1.json
07-12 18:19:52.504 28516 28529 I DownloadManager: in removeSpuriousFiles, preserving file /data/data/com.android.providers.downloads/cache/downloadfile.jpeg
07-12 18:19:52.504 28516 28529 I DownloadManager: in removeSpuriousFiles, preserving file /data/data/com.android.providers.downloads/cache/metadata-2.json
07-12 18:19:52.504 28516 28529 I DownloadManager: in removeSpuriousFiles, preserving file /data/data/com.android.providers.downloads/cache/metadata-3.json
07-12 18:19:52.504 28516 28529 I DownloadManager: in removeSpuriousFiles, preserving file /data/data/com.android.providers.downloads/cache/downloadfile-1.jpeg
07-12 18:19:52.504 28516 28529 I DownloadManager: in removeSpuriousFiles, preserving file /data/data/com.android.providers.downloads/cache/downloadfile-2.jpeg
07-12 18:19:52.504 28516 28529 I DownloadManager: in removeSpuriousFiles, preserving file /data/data/com.android.providers.downloads/cache/metadata-4.json
07-12 18:19:52.504 28516 28529 I DownloadManager: in removeSpuriousFiles, preserving file /data/data/com.android.providers.downloads/cache/metadata-5.json
07-12 18:19:52.504 28516 28529 I DownloadManager: in removeSpuriousFiles, preserving file /data/data/com.android.providers.downloads/cache/downloadfile-1.apk
07-12 18:19:52.507 28516 28529 I DownloadManager: deleting spurious file /cache/backup
07-12 18:19:52.539 28516 28516 I ActivityThread: Pub media: com.android.providers.media.MediaProvider
07-12 18:19:52.968 28516 28517 D dalvikvm: GC_CONCURRENT freed 362K, 5% free 9173K/9607K, paused 16ms+2ms
07-12 18:19:54.992 28410 28412 D dalvikvm: GC_CONCURRENT freed 1062K, 9% free 13063K/14215K, paused 32ms+3ms
07-12 18:19:55.402   144 10051 I ActivityManager: Start proc android.process.acore for content provider com.android.providers.contacts/.ContactsProvider2: pid=28534 uid=10000 gids={3003, 1015}
07-12 18:19:55.445 28534 28534 I ActivityThread: Pub call_log: com.android.providers.contacts.CallLogProvider
07-12 18:19:55.492 28534 28534 I ActivityThread: Pub com.android.voicemail: com.android.providers.contacts.VoicemailContentProvider
07-12 18:19:55.492 28534 28534 I ActivityThread: Pub user_dictionary: com.android.providers.userdictionary.UserDictionaryProvider
07-12 18:19:55.515 28534 28534 I ActivityThread: Pub com.android.social: com.android.providers.contacts.SocialProvider
07-12 18:19:55.519 28534 28534 I ActivityThread: Pub applications: com.android.providers.applications.ApplicationsProvider
07-12 18:19:55.632 28534 28536 D dalvikvm: GC_CONCURRENT freed 332K, 5% free 9155K/9607K, paused 2ms+2ms
07-12 18:19:55.632 28534 28534 I ActivityThread: Pub contacts;com.android.contacts: com.android.providers.contacts.ContactsProvider2
07-12 18:19:55.746   144  7984 I ActivityManager: Process android.process.media (pid 28516) has died.
07-12 18:19:56.066 28534 28536 D dalvikvm: GC_CONCURRENT freed 247K, 4% free 9377K/9735K, paused 2ms+2ms
07-12 18:19:56.410 28410 28412 D dalvikvm: GC_CONCURRENT freed 1207K, 10% free 13155K/14471K, paused 2ms+14ms
07-12 18:19:56.855 28534 28536 D dalvikvm: GC_CONCURRENT freed 188K, 4% free 9622K/9927K, paused 9ms+6ms
07-12 18:19:56.953   144   156 I ActivityManager: Process com.google.android.gsf.login (pid 28304) has died.
07-12 18:20:00.859 28410 28487 D dalvikvm: GC_FOR_ALLOC freed 820K, 7% free 13609K/14535K, paused 60ms
07-12 18:20:00.921 28410 28487 D dalvikvm: GC_FOR_ALLOC freed 359K, 9% free 13591K/14919K, paused 56ms
07-12 18:20:00.925 28410 28487 I dalvikvm-heap: Grow heap (frag case) to 13.674MB for 349231-byte allocation
07-12 18:20:00.976 28410 28410 D dalvikvm: GC_FOR_ALLOC freed <1K, 9% free 13931K/15303K, paused 43ms
07-12 18:20:01.082   144   380 I ActivityManager: Process android.process.acore (pid 28534) has died.
07-12 18:20:01.961   144   400 I ActivityManager: Start proc android.process.acore for content provider com.android.providers.contacts/.ContactsProvider2: pid=28553 uid=10000 gids={3003, 1015}
07-12 18:20:02.222 28553 28553 I ActivityThread: Pub call_log: com.android.providers.contacts.CallLogProvider
07-12 18:20:02.296 28553 28553 I ActivityThread: Pub com.android.voicemail: com.android.providers.contacts.VoicemailContentProvider
07-12 18:20:02.312 28553 28553 I ActivityThread: Pub user_dictionary: com.android.providers.userdictionary.UserDictionaryProvider
07-12 18:20:02.351 28553 28553 I ActivityThread: Pub com.android.social: com.android.providers.contacts.SocialProvider
07-12 18:20:02.351 28553 28553 I ActivityThread: Pub applications: com.android.providers.applications.ApplicationsProvider
07-12 18:20:02.437 28553 28553 I ActivityThread: Pub contacts;com.android.contacts: com.android.providers.contacts.ContactsProvider2
07-12 18:20:02.445 28553 28555 D dalvikvm: GC_CONCURRENT freed 340K, 5% free 9187K/9607K, paused 8ms+1ms
07-12 18:20:02.777 28553 28555 D dalvikvm: GC_CONCURRENT freed 236K, 4% free 9375K/9735K, paused 9ms+1ms
07-12 18:20:03.254 28410 28412 D dalvikvm: GC_CONCURRENT freed 1083K, 8% free 14412K/15623K, paused 2ms+4ms
07-12 18:20:03.574 28553 28555 D dalvikvm: GC_CONCURRENT freed 173K, 3% free 9631K/9927K, paused 2ms+2ms
07-12 18:20:04.300   144  7984 I ActivityManager: Process android.process.acore (pid 28553) has died.
07-12 18:20:05.722 28410 28412 D dalvikvm: GC_CONCURRENT freed 1669K, 12% free 14461K/16263K, paused 13ms+2ms
07-12 18:20:07.976   144   156 I ActivityManager: Start proc android.process.acore for content provider com.android.providers.contacts/.ContactsProvider2: pid=28570 uid=10000 gids={3003, 1015}
07-12 18:20:08.031 28570 28570 I ActivityThread: Pub call_log: com.android.providers.contacts.CallLogProvider
07-12 18:20:08.035 28570 28570 I ActivityThread: Pub com.android.voicemail: com.android.providers.contacts.VoicemailContentProvider
07-12 18:20:08.035 28570 28570 I ActivityThread: Pub user_dictionary: com.android.providers.userdictionary.UserDictionaryProvider
07-12 18:20:08.050 28570 28570 I ActivityThread: Pub com.android.social: com.android.providers.contacts.SocialProvider
07-12 18:20:08.050 28570 28570 I ActivityThread: Pub applications: com.android.providers.applications.ApplicationsProvider
07-12 18:20:08.121 28570 28570 I ActivityThread: Pub contacts;com.android.contacts: com.android.providers.contacts.ContactsProvider2
07-12 18:20:08.136 28570 28571 D dalvikvm: GC_CONCURRENT freed 343K, 5% free 9155K/9607K, paused 4ms+2ms
07-12 18:20:08.421 28570 28571 D dalvikvm: GC_CONCURRENT freed 250K, 4% free 9384K/9735K, paused 10ms+2ms
07-12 18:20:09.406   356   356 D dalvikvm: GC_EXPLICIT freed <1K, 6% free 9100K/9607K, paused 2ms+2ms
07-12 18:20:09.961 28570 28571 D dalvikvm: GC_CONCURRENT freed 174K, 4% free 9629K/9927K, paused 186ms+2ms
07-12 18:20:10.714   144   402 I ActivityManager: Process com.google.android.apps.maps (pid 27870) has died.
07-12 18:20:10.714   144   402 W ActivityManager: Scheduling restart of crashed service com.google.android.apps.maps/com.google.googlenav.prefetch.android.PrefetcherService in 5000ms
07-12 18:20:12.093 28410 28487 I SqliteDatabaseCpp: sqlite returned: error code = 1, msg = no such column: last_stats_sync_time, db=/data/data/com.google.android.apps.plus/databases/es0.db
07-12 18:20:12.386 28410 28487 E EsSyncAdapterService: Sync failure
07-12 18:20:12.386 28410 28487 E EsSyncAdapterService: android.database.sqlite.SQLiteException: no such column: last_stats_sync_time: , while compiling: SELECT last_stats_sync_time  FROM account_status
07-12 18:20:12.386 28410 28487 E EsSyncAdapterService: 	at android.database.sqlite.SQLiteCompiledSql.native_compile(Native Method)
07-12 18:20:12.386 28410 28487 E EsSyncAdapterService: 	at android.database.sqlite.SQLiteCompiledSql.<init>(SQLiteCompiledSql.java:68)
07-12 18:20:12.386 28410 28487 E EsSyncAdapterService: 	at android.database.sqlite.SQLiteProgram.compileSql(SQLiteProgram.java:143)
07-12 18:20:12.386 28410 28487 E EsSyncAdapterService: 	at android.database.sqlite.SQLiteProgram.compileAndbindAllArgs(SQLiteProgram.java:361)
07-12 18:20:12.386 28410 28487 E EsSyncAdapterService: 	at android.database.sqlite.SQLiteStatement.acquireAndLock(SQLiteStatement.java:260)
07-12 18:20:12.386 28410 28487 E EsSyncAdapterService: 	at android.database.sqlite.SQLiteStatement.simpleQueryForLong(SQLiteStatement.java:137)
07-12 18:20:12.386 28410 28487 E EsSyncAdapterService: 	at android.database.DatabaseUtils.longForQuery(DatabaseUtils.java:791)
07-12 18:20:12.386 28410 28487 E EsSyncAdapterService: 	at android.database.DatabaseUtils.longForQuery(DatabaseUtils.java:779)
07-12 18:20:12.386 28410 28487 E EsSyncAdapterService: 	at com.google.android.apps.plus.content.EsAccountsData.queryLastStatsSyncTimestamp(EsAccountsData.java:570)
07-12 18:20:12.386 28410 28487 E EsSyncAdapterService: 	at com.google.android.apps.plus.service.EsSyncAdapterService.syncContactsStatsIfNecessary(EsSyncAdapterService.java:670)
07-12 18:20:12.386 28410 28487 E EsSyncAdapterService: 	at com.google.android.apps.plus.service.EsSyncAdapterService.doFullSync(EsSyncAdapterService.java:633)
07-12 18:20:12.386 28410 28487 E EsSyncAdapterService: 	at com.google.android.apps.plus.service.EsSyncAdapterService.doSync(EsSyncAdapterService.java:566)
07-12 18:20:12.386 28410 28487 E EsSyncAdapterService: 	at com.google.android.apps.plus.service.EsSyncAdapterService.access$100(EsSyncAdapterService.java:52)
07-12 18:20:12.386 28410 28487 E EsSyncAdapterService: 	at com.google.android.apps.plus.service.EsSyncAdapterService$SyncAdapterImpl.onPerformSync(EsSyncAdapterService.java:408)
07-12 18:20:12.386 28410 28487 E EsSyncAdapterService: 	at android.content.AbstractThreadedSyncAdapter$SyncThread.run(AbstractThreadedSyncAdapter.java:247)
07-12 18:20:12.476   144   168 D SyncManager: failed sync operation lokeshmandvekar@gmail.com (com.google), com.google.android.apps.plus.content.EsProvider, SERVER, earliestRunTime 280839460, SyncResult: stats [ numParseExceptions: 1]
07-12 18:20:12.496   144   168 D SyncManager: not retrying sync operation because the error is a hard error: lokeshmandvekar@gmail.com (com.google), com.google.android.apps.plus.content.EsProvider, SERVER, earliestRunTime 280871806
07-12 18:20:41.550 25179 25180 D dalvikvm: GC_CONCURRENT freed 398K, 6% free 10449K/11079K, paused 56ms+2ms
07-12 18:20:42.910   144 10051 I ActivityManager: Start proc com.google.android.apps.maps:LocationFriendService for service com.google.android.apps.maps/com.google.googlenav.friend.reporting.LocationReceiverService: pid=28589 uid=10056 gids={3003, 1015}
07-12 18:20:43.152   144   323 I ActivityManager: Process android.process.acore (pid 28570) has died.
07-12 18:20:43.312   144   161 I ActivityManager: Start proc com.google.android.apps.maps for service com.google.android.apps.maps/com.google.googlenav.prefetch.android.PrefetcherService: pid=28603 uid=10056 gids={3003, 1015}
07-12 18:20:43.406    79    79 D dalvikvm: GC_EXPLICIT freed 38K, 4% free 9031K/9347K, paused 3ms+10ms
07-12 18:20:43.472    79    79 D dalvikvm: GC_EXPLICIT freed <1K, 4% free 9031K/9347K, paused 1ms+9ms
07-12 18:20:43.550    79    79 D dalvikvm: GC_EXPLICIT freed <1K, 4% free 9031K/9347K, paused 1ms+2ms
07-12 18:20:43.570 28589 28590 D dalvikvm: GC_CONCURRENT freed 176K, 3% free 9360K/9607K, paused 9ms+6ms
07-12 18:20:43.582 28603 28604 D dalvikvm: GC_CONCURRENT freed 174K, 3% free 9362K/9607K, paused 2ms+4ms
07-12 18:20:46.218 28603 28603 D dalvikvm: DexOpt: sleeping on flock(/data/dalvik-cache/data@app@com.google.android.apps.maps-2.apk@classes.dex)
07-12 18:20:46.230 28603 28603 I ActivityThread: Pub com.google.android.maps.SearchHistoryProvider: com.google.googlenav.provider.SearchHistoryProvider
07-12 18:20:46.296 28603 28603 I ActivityThread: Pub com.google.android.maps.SuggestionProvider: com.google.googlenav.suggest.android.SuggestContentProvider
07-12 18:20:46.375 28603 28603 I ActivityThread: Pub com.google.android.maps.LayerInfoProvider: com.google.googlenav.layer.LayerInfoProvider
07-12 18:20:46.441 28603 28603 I ActivityThread: Pub com.google.android.maps.TrafficAppWidgetProvider: com.google.googlenav.appwidget.traffic.TrafficAppWidgetProvider
07-12 18:20:46.445 28603 28603 I ActivityThread: Pub com.google.android.maps.LocalActivePlacesProvider: com.google.googlenav.provider.LocalActivePlacesProvider
07-12 18:20:46.453 28603 28603 I ActivityThread: Pub com.google.android.maps.StarredItemProvider: com.google.googlenav.provider.StarredItemProvider
07-12 18:20:46.644 28603 28604 D dalvikvm: GC_CONCURRENT freed 161K, 3% free 9651K/9927K, paused 9ms+5ms
07-12 18:20:46.714 28589 28590 D dalvikvm: GC_CONCURRENT freed 135K, 3% free 9673K/9927K, paused 18ms+2ms
07-12 18:20:46.929 28603 28604 D dalvikvm: GC_CONCURRENT freed 190K, 3% free 9907K/10183K, paused 1ms+23ms
07-12 18:20:46.953 28603 28603 I ActivityThread: Pub com.google.android.maps.LocalSuggestionProvider: com.google.googlenav.provider.LocalSuggestionProvider
07-12 18:20:46.953 28603 28603 I ActivityThread: Pub com.google.android.maps.NavigationAvailabilityProvider: com.google.googlenav.provider.NavigationAvailabilityProvider
07-12 18:20:47.214 28589 28590 D dalvikvm: GC_CONCURRENT freed 269K, 4% free 9885K/10247K, paused 2ms+9ms
07-12 18:20:47.226 28603 28637 D dalvikvm: GC_FOR_ALLOC freed 146K, 3% free 10085K/10311K, paused 57ms
07-12 18:20:47.265 28603 28623 D dalvikvm: GC_FOR_ALLOC freed 164K, 4% free 10290K/10631K, paused 20ms
07-12 18:20:47.296 28603 28636 D dalvikvm: GC_FOR_ALLOC freed 17K, 4% free 10474K/10887K, paused 19ms
07-12 18:20:47.296 28603 28636 I dalvikvm-heap: Grow heap (frag case) to 10.493MB for 204816-byte allocation
07-12 18:20:47.328 28603 28632 D dalvikvm: GC_FOR_ALLOC freed 0K, 5% free 10674K/11143K, paused 19ms
07-12 18:20:47.359 28603 28624 D dalvikvm: GC_FOR_ALLOC freed 9K, 5% free 10666K/11143K, paused 21ms
07-12 18:20:47.359 28603 28624 I dalvikvm-heap: Grow heap (frag case) to 10.680MB for 204816-byte allocation
07-12 18:20:47.375 28589 28593 I dalvikvm: Total arena pages for JIT: 11
07-12 18:20:47.390 28603 28625 D dalvikvm: GC_FOR_ALLOC freed <1K, 5% free 10866K/11399K, paused 20ms
07-12 18:20:47.394 28589 28593 I dalvikvm: Total arena pages for JIT: 12
07-12 18:20:47.394 28589 28593 I dalvikvm: Total arena pages for JIT: 13
07-12 18:20:47.398 28589 28593 I dalvikvm: Total arena pages for JIT: 14
07-12 18:20:47.398 28589 28593 I dalvikvm: Total arena pages for JIT: 15
07-12 18:20:47.398 28589 28593 I dalvikvm: Total arena pages for JIT: 16
07-12 18:20:47.398 28589 28593 I dalvikvm: Total arena pages for JIT: 17
07-12 18:20:47.527   144   144 I ActivityManager: Process com.google.android.apps.plus (pid 28410) has died.
07-12 18:20:47.750   144   147 D dalvikvm: GC_CONCURRENT freed 2006K, 23% free 18249K/23431K, paused 10ms+8ms
07-12 18:20:48.004 28589 28590 D dalvikvm: GC_CONCURRENT freed 345K, 5% free 10024K/10503K, paused 10ms+4ms
07-12 18:20:48.179 28589 28590 D dalvikvm: GC_CONCURRENT freed 216K, 4% free 10221K/10567K, paused 2ms+2ms
07-12 18:20:50.531 28589 28590 D dalvikvm: GC_CONCURRENT freed 320K, 5% free 10322K/10759K, paused 3ms+3ms
07-12 18:21:32.320   144   198 D DhcpInfoInternal: makeLinkProperties with empty dns2!
07-12 18:21:32.324   144   198 D DhcpInfoInternal: makeLinkProperties with empty dns2!
07-12 18:21:34.234 25099 25099 I PhoneLab-Locks: wake lock acquired
07-12 18:21:34.257 25099 28668 I PhoneLab-PeriodicCheckService: User info is synched
07-12 18:21:34.277 25099 28668 I PhoneLab-PeriodicCheckService: Logger Service is running
07-12 18:21:34.285 25099 25099 I PhoneLab-Locks: wake lock acquired
07-12 18:21:34.289 25099 25099 I PhoneLab-StatusMonitor: Status Monitoring is started
07-12 18:21:34.289 25099 28668 I PhoneLab-Locks: wake lock acquired
07-12 18:21:34.293 25099 28668 I PhoneLab-PeriodicCheckService: Rescheduling periodic checking...
07-12 18:21:34.297 25099 28668 I PhoneLab-Locks: wake lock released
07-12 18:21:34.320 25099 25099 E PhoneLab-PhoneLabManifest: java.io.FileNotFoundException: /data/data/edu.buffalo.cse.phonelab.phonelabservices/files/manifest.xml: open failed: ENOENT (No such file or directory)
07-12 18:21:34.336 25099 25099 I PhoneLab-Locks: wake lock released
07-12 18:21:34.336 25099 25099 I PhoneLab-UploadLogs: Transfering log files now
07-12 18:21:34.340 25099 25099 I PhoneLab-UploadLogs: No log files to transfer
07-12 18:21:34.340 25099 25099 I PhoneLab-Locks: wake lock released
07-12 18:21:34.343 25099 25099 I PhoneLab-UploadLogs: OnStartCommand
07-12 18:21:42.715 25179 25180 D dalvikvm: GC_CONCURRENT freed 496K, 6% free 10465K/11079K, paused 1ms+2ms
07-12 18:21:42.800   144 10051 D dalvikvm: GC_EXPLICIT freed 145K, 23% free 18208K/23431K, paused 3ms+6ms
07-12 18:21:42.855 28589 28593 I dalvikvm: Total arena pages for JIT: 18
07-12 18:22:42.797 28589 28590 D dalvikvm: GC_CONCURRENT freed 725K, 8% free 10123K/10951K, paused 2ms+3ms
07-12 18:23:43.375 25179 25180 D dalvikvm: GC_CONCURRENT freed 529K, 6% free 10447K/11079K, paused 2ms+2ms
07-12 18:23:43.714 28589 28590 D dalvikvm: GC_CONCURRENT freed 457K, 8% free 10139K/10951K, paused 4ms+3ms
07-12 18:23:46.871   344   344 D SAN_SERVICE: *******************************************
07-12 18:23:46.871   344   344 D SAN_SERVICE: DM App Phone Service State - 0
07-12 18:23:46.871   344   344 D SAN_SERVICE: *******************************************
07-12 18:23:47.336   344   344 D SAN_SERVICE: *******************************************
07-12 18:23:47.336   344   344 D SAN_SERVICE: DM App Phone Service State - 0
07-12 18:23:47.336   344   344 D SAN_SERVICE: *******************************************
07-12 18:23:52.867   144   173 I ActivityManager: Start proc com.twitter.android for service com.twitter.android/.client.AppService: pid=28677 uid=10064 gids={3003, 1015}
07-12 18:23:52.875 28677 28677 I dalvikvm: Turning on JNI app bug workarounds for target SDK version 11...
07-12 18:23:53.019 28677 28677 I ActivityThread: Pub com.twitter.android.provider.GlobalDatabaseProvider: com.twitter.android.provider.GlobalDatabaseProvider
07-12 18:23:53.035 28677 28677 I ActivityThread: Pub com.twitter.android.provider.TwitterProvider: com.twitter.android.provider.TwitterProvider
07-12 18:23:56.082 28677 28679 D dalvikvm: GC_CONCURRENT freed 172K, 4% free 9301K/9607K, paused 4ms+3ms
07-12 18:23:56.418 28677 28679 D dalvikvm: GC_CONCURRENT freed 217K, 4% free 9516K/9863K, paused 3ms+2ms
07-12 18:23:56.566 28677 28679 D dalvikvm: GC_CONCURRENT freed 292K, 5% free 9644K/10055K, paused 2ms+13ms
07-12 18:23:56.683 28677 28679 D dalvikvm: GC_CONCURRENT freed 289K, 5% free 9766K/10183K, paused 2ms+1ms
07-12 18:23:56.804 28677 28679 D dalvikvm: GC_CONCURRENT freed 302K, 5% free 9891K/10311K, paused 1ms+2ms
07-12 18:23:56.957   144   198 D DhcpInfoInternal: makeLinkProperties with empty dns2!
07-12 18:23:56.957   144   198 D DhcpInfoInternal: makeLinkProperties with empty dns2!
07-12 18:23:56.980 28677 28679 D dalvikvm: GC_CONCURRENT freed 295K, 5% free 10018K/10439K, paused 2ms+2ms
07-12 18:23:57.101 28677 28679 D dalvikvm: GC_CONCURRENT freed 307K, 4% free 10153K/10567K, paused 2ms+1ms
07-12 18:23:57.215 28677 28679 D dalvikvm: GC_CONCURRENT freed 298K, 4% free 10279K/10695K, paused 1ms+2ms
07-12 18:23:57.390 28677 28679 D dalvikvm: GC_CONCURRENT freed 474K, 6% free 10227K/10823K, paused 6ms+3ms
07-12 18:23:57.515 28677 28679 D dalvikvm: GC_CONCURRENT freed 319K, 5% free 10302K/10823K, paused 2ms+2ms
07-12 18:23:57.629 28677 28679 D dalvikvm: GC_CONCURRENT freed 319K, 5% free 10382K/10823K, paused 2ms+2ms
07-12 18:23:57.757 28677 28679 D dalvikvm: GC_CONCURRENT freed 357K, 5% free 10475K/10951K, paused 1ms+2ms
07-12 18:23:57.875 28677 28679 D dalvikvm: GC_CONCURRENT freed 352K, 5% free 10558K/11015K, paused 2ms+2ms
07-12 18:23:58.000 28677 28679 D dalvikvm: GC_CONCURRENT freed 333K, 4% free 10641K/11079K, paused 1ms+2ms
07-12 18:23:58.121 28677 28679 D dalvikvm: GC_CONCURRENT freed 373K, 5% free 10728K/11207K, paused 2ms+2ms
07-12 18:23:58.246 28677 28679 D dalvikvm: GC_CONCURRENT freed 406K, 5% free 10825K/11335K, paused 1ms+2ms
07-12 18:23:59.656 28677 28679 D dalvikvm: GC_CONCURRENT freed 320K, 4% free 11025K/11463K, paused 2ms+2ms
07-12 18:24:01.918 28677 28679 D dalvikvm: GC_CONCURRENT freed 424K, 5% free 11172K/11719K, paused 2ms+3ms
07-12 18:24:04.199 28677 28679 D dalvikvm: GC_CONCURRENT freed 419K, 5% free 11374K/11911K, paused 22ms+2ms
07-12 18:24:32.496 25099 25112 I PhoneLab-: Service Running
07-12 18:24:32.574 25099 25112 I PhoneLab-LoggerService: app_37    1373  1     1440   1000  c00f181c 400107b4 S logcat
07-12 18:24:32.574 25099 25112 I PhoneLab-LoggerService: Logcat pid from database 1373
07-12 18:24:32.574 25099 25112 I PhoneLab-LoggerService: Logcat process found 1373
07-12 18:24:32.574 25099 25112 I PhoneLab-LoggerService: Checking Threshold
07-12 18:24:32.574 25099 25112 I PhoneLab-: Service Running
07-12 18:24:32.601 25099 25112 I PhoneLab-LoggerService: app_37    1373  1     1440   1000  c00f181c 400107b4 S logcat
07-12 18:24:32.601 25099 25112 I PhoneLab-LoggerService: Logcat pid from database 1373
07-12 18:24:32.601 25099 25112 I PhoneLab-LoggerService: Logcat process found 1373
07-12 18:24:32.601 25099 25112 I PhoneLab-LoggerService: Checking Threshold
07-12 18:24:32.601 25099 25112 I PhoneLab-: Service Running
07-12 18:24:32.644 25099 25112 I PhoneLab-LoggerService: app_37    1373  1     1440   1000  c00f181c 400107b4 S logcat
07-12 18:24:32.644 25099 25112 I PhoneLab-LoggerService: Logcat pid from database 1373
07-12 18:24:32.644 25099 25112 I PhoneLab-LoggerService: Logcat process found 1373
07-12 18:24:32.644 25099 25112 I PhoneLab-LoggerService: Checking Threshold
07-12 18:24:32.656 25099 25100 D dalvikvm: GC_CONCURRENT freed 418K, 15% free 9148K/10695K, paused 1ms+2ms
07-12 18:25:43.406 25179 25180 D dalvikvm: GC_CONCURRENT freed 507K, 6% free 10451K/11079K, paused 1ms+2ms
07-12 18:25:43.504 28589 28590 D dalvikvm: GC_CONCURRENT freed 490K, 8% free 10129K/10951K, paused 5ms+2ms
07-12 18:26:21.847   144   198 D DhcpInfoInternal: makeLinkProperties with empty dns2!
07-12 18:26:21.851   144   198 D DhcpInfoInternal: makeLinkProperties with empty dns2!
07-12 18:26:43.531 28589 28590 D dalvikvm: GC_CONCURRENT freed 478K, 8% free 10109K/10951K, paused 1ms+2ms
07-12 18:27:43.675 25179 25180 D dalvikvm: GC_CONCURRENT freed 510K, 6% free 10452K/11079K, paused 2ms+3ms
07-12 18:28:43.812 28589 28590 D dalvikvm: GC_CONCURRENT freed 483K, 8% free 10117K/10951K, paused 2ms+2ms
07-12 18:28:46.722   144   198 D DhcpInfoInternal: makeLinkProperties with empty dns2!
07-12 18:28:46.726   144   198 D DhcpInfoInternal: makeLinkProperties with empty dns2!
07-12 18:29:05.519 28677 28679 D dalvikvm: GC_CONCURRENT freed 680K, 7% free 11359K/12167K, paused 14ms+2ms
07-12 18:29:31.539   144   144 I ActivityManager: Process com.twitter.android (pid 28677) has died.
07-12 18:29:43.761 25179 25180 D dalvikvm: GC_CONCURRENT freed 510K, 6% free 10454K/11079K, paused 2ms+3ms
07-12 18:29:44.148 28589 28590 D dalvikvm: GC_CONCURRENT freed 420K, 8% free 10092K/10951K, paused 12ms+2ms
07-12 18:29:54.746 17159 19020 I EventLogService: Aggregate from 1342130394600 (log), 1342130394600 (data)
07-12 18:31:11.589   144   198 D DhcpInfoInternal: makeLinkProperties with empty dns2!
07-12 18:31:11.589   144   198 D DhcpInfoInternal: makeLinkProperties with empty dns2!
07-12 18:31:12.250   344   344 D SAN_SERVICE: *******************************************
07-12 18:31:12.250   344   344 D SAN_SERVICE: DM App Phone Service State - 0
07-12 18:31:12.250   344   344 D SAN_SERVICE: *******************************************
07-12 18:31:12.726   344   344 D SAN_SERVICE: *******************************************
07-12 18:31:12.726   344   344 D SAN_SERVICE: DM App Phone Service State - 0
07-12 18:31:12.726   344   344 D SAN_SERVICE: *******************************************
07-12 18:31:12.941   344   344 D SAN_SERVICE: *******************************************
07-12 18:31:12.941   344   344 D SAN_SERVICE: DM App Phone Service State - 0
07-12 18:31:12.941   344   344 D SAN_SERVICE: *******************************************
07-12 18:31:26.293   144   168 I ActivityManager: Start proc com.google.android.apps.plus for service com.google.android.apps.plus/com.google.android.picasasync.PicasaSyncService: pid=28791 uid=10060 gids={3003, 3002, 1015, 1006}
07-12 18:31:26.519 28791 28794 D dalvikvm: GC_CONCURRENT freed 152K, 3% free 9384K/9607K, paused 2ms+2ms
07-12 18:31:26.656 28791 28791 I ActivityThread: Pub com.google.android.apps.plus.content.ApiProvider: com.google.android.apps.plus.content.EsApiProvider
07-12 18:31:26.691 28791 28791 I ActivityThread: Pub com.google.android.apps.plus.content.EsGooglePhotoProvider: com.google.android.picasasync.PicasaContentProvider
07-12 18:31:26.816 28791 28794 D dalvikvm: GC_CONCURRENT freed 335K, 5% free 9581K/9991K, paused 3ms+4ms
07-12 18:31:26.840 28791 28791 I ActivityThread: Pub com.google.android.apps.plus.content.EsPicasaStoreProvider: com.google.android.picasastore.PicasaPhotoContentProvider
07-12 18:31:26.855 28791 28791 I ActivityThread: Pub com.google.plus.platform: com.google.android.apps.plus.content.AdsProvider
07-12 18:31:26.855 28791 28791 I ActivityThread: Pub com.google.android.apps.plus.iu.EsGoogleIuProvider: com.google.android.apps.plus.iu.InstantUploadProvider
07-12 18:31:26.929 28791 28794 D dalvikvm: GC_CONCURRENT freed 501K, 6% free 9608K/10183K, paused 2ms+2ms
07-12 18:31:26.933 28791 28791 I ActivityThread: Pub com.google.android.apps.plus.content.EsProvider: com.google.android.apps.plus.content.EsProvider
07-12 18:31:26.961   144   400 I ActivityManager: Start proc android.process.media for content provider com.android.providers.media/.MediaProvider: pid=28806 uid=10012 gids={1015, 1023, 1024, 2001, 3003, 3007}
07-12 18:31:27.015 28806 28806 I ActivityThread: Pub downloads: com.android.providers.downloads.DownloadProvider
07-12 18:31:27.105   144  7984 D dalvikvm: GC_EXPLICIT freed 1103K, 22% free 18335K/23431K, paused 2ms+9ms
07-12 18:31:27.132 28806 28806 I ActivityThread: Pub drm: com.android.providers.drm.DrmProvider
07-12 18:31:27.136 28806 28820 I DownloadManager: in removeSpuriousFiles
07-12 18:31:27.144 28806 28806 I ActivityThread: Pub media: com.android.providers.media.MediaProvider
07-12 18:31:27.242   144  7984 I ActivityManager: Process com.google.android.apps.maps:LocationFriendService (pid 28589) has died.
07-12 18:31:27.289 28806 28820 I DownloadManager: in removeSpuriousFiles, preserving file /data/data/com.android.providers.downloads/cache/metadata.json
07-12 18:31:27.289 28806 28820 I DownloadManager: in removeSpuriousFiles, preserving file /data/data/com.android.providers.downloads/cache/en_general.htm
07-12 18:31:27.289 28806 28820 I DownloadManager: in removeSpuriousFiles, preserving file /mnt/sdcard/Download/img-thing.jpeg
07-12 18:31:27.289 28806 28820 I DownloadManager: in removeSpuriousFiles, preserving file /data/data/com.android.providers.downloads/cache/metadata-1.json
07-12 18:31:27.289 28806 28820 I DownloadManager: in removeSpuriousFiles, preserving file /data/data/com.android.providers.downloads/cache/downloadfile.jpeg
07-12 18:31:27.289 28806 28820 I DownloadManager: in removeSpuriousFiles, preserving file /data/data/com.android.providers.downloads/cache/metadata-2.json
07-12 18:31:27.289 28806 28820 I DownloadManager: in removeSpuriousFiles, preserving file /data/data/com.android.providers.downloads/cache/metadata-3.json
07-12 18:31:27.289 28806 28820 I DownloadManager: in removeSpuriousFiles, preserving file /data/data/com.android.providers.downloads/cache/downloadfile-1.jpeg
07-12 18:31:27.289 28806 28820 I DownloadManager: in removeSpuriousFiles, preserving file /data/data/com.android.providers.downloads/cache/downloadfile-2.jpeg
07-12 18:31:27.289 28806 28820 I DownloadManager: in removeSpuriousFiles, preserving file /data/data/com.android.providers.downloads/cache/metadata-4.json
07-12 18:31:27.289 28806 28820 I DownloadManager: in removeSpuriousFiles, preserving file /data/data/com.android.providers.downloads/cache/metadata-5.json
07-12 18:31:27.289 28806 28820 I DownloadManager: in removeSpuriousFiles, preserving file /data/data/com.android.providers.downloads/cache/downloadfile-1.apk
07-12 18:31:27.293 28806 28820 I DownloadManager: deleting spurious file /cache/backup
07-12 18:31:27.312 28791 28822 D PicasaSync: sync account database
07-12 18:31:27.382 28791 28794 D dalvikvm: GC_CONCURRENT freed 191K, 4% free 9879K/10247K, paused 3ms+2ms
07-12 18:31:27.398 28791 28822 D PicasaSync: accounts in DB=1
07-12 18:31:27.433 28791 28822 D PicasaSyncManager: active network: NetworkInfo: type: WIFI[], state: CONNECTED/CONNECTED, reason: (unspecified), extra: (none), roaming: false, failover: false, isAvailable: true
07-12 18:31:27.433 28791 28822 D PicasaSyncManager: background data: true
07-12 18:31:27.492 28806 28809 D dalvikvm: GC_CONCURRENT freed 314K, 5% free 9198K/9607K, paused 11ms+2ms
07-12 18:31:27.582 28791 28821 D PicasaSyncService: start sync on lokeshmandvekar@gmail.com
07-12 18:31:27.601 28791 28794 D dalvikvm: GC_CONCURRENT freed 134K, 3% free 10193K/10439K, paused 2ms+4ms
07-12 18:31:27.617 28791 28805 D PicasaPhotoCP: set fsid first time:-1
07-12 18:31:27.750 28791 28794 D dalvikvm: GC_CONCURRENT freed 300K, 5% free 10377K/10823K, paused 2ms+2ms
07-12 18:31:27.750 28791 28822 D PicasaSyncManager: request sync for MetadataSyncTask (lokeshmandvekar@gmail.com)
07-12 18:31:27.765 28791 28822 D PicasaSyncManager: battery info: false
07-12 18:31:27.797 28791 28812 D dalvikvm: GC_FOR_ALLOC freed 103K, 5% free 10473K/10951K, paused 18ms
07-12 18:31:27.797 28791 28812 I dalvikvm-heap: Grow heap (frag case) to 10.543MB for 260112-byte allocation
07-12 18:31:27.828 28791 28822 D dalvikvm: GC_FOR_ALLOC freed 129K, 6% free 10597K/11207K, paused 18ms
07-12 18:31:27.832 28791 28821 D PicasaSyncManager: perform sync task: MetadataSyncTask (lokeshmandvekar@gmail.com)
07-12 18:31:27.867 28791 28812 D dalvikvm: GC_FOR_ALLOC freed 315K, 6% free 10591K/11207K, paused 19ms
07-12 18:31:27.886 28791 28812 D dalvikvm: GC_FOR_ALLOC freed 63K, 5% free 10654K/11207K, paused 19ms
07-12 18:31:27.886 28791 28812 I dalvikvm-heap: Grow heap (frag case) to 10.721MB for 260112-byte allocation
07-12 18:31:27.906 28791 28812 D dalvikvm: GC_FOR_ALLOC freed 126K, 6% free 10782K/11463K, paused 19ms
07-12 18:31:27.953 28791 28812 D dalvikvm: GC_FOR_ALLOC freed 369K, 6% free 10837K/11463K, paused 21ms
07-12 18:31:27.980 28791 28812 D dalvikvm: GC_FOR_ALLOC freed 126K, 5% free 10966K/11463K, paused 22ms
07-12 18:31:28.023   144  9084 I ActivityManager: Start proc com.google.android.gsf.login for service com.google.android.gsf.login/com.google.android.gsf.loginservice.GoogleLoginService: pid=28827 uid=10009 gids={3003, 1015, 1007, 2001, 3006}
07-12 18:31:28.226 28791 28794 D dalvikvm: GC_CONCURRENT freed 360K, 4% free 11196K/11655K, paused 2ms+3ms
07-12 18:31:28.402 28791 28794 D dalvikvm: GC_CONCURRENT freed 177K, 3% free 11695K/11975K, paused 4ms+3ms
07-12 18:31:28.558 28791 28794 D dalvikvm: GC_CONCURRENT freed 340K, 4% free 12214K/12679K, paused 2ms+6ms
07-12 18:31:28.761 28791 28794 D dalvikvm: GC_CONCURRENT freed 433K, 5% free 12782K/13319K, paused 2ms+2ms
07-12 18:31:29.312   144   380 I ActivityManager: Process com.google.android.gsf.login (pid 28827) has died.
07-12 18:31:34.422   356   356 D dalvikvm: GC_EXPLICIT freed <1K, 6% free 9100K/9607K, paused 12ms+2ms
07-12 18:31:39.437 18680 18680 D dalvikvm: GC_EXPLICIT freed 114K, 11% free 11663K/12999K, paused 16ms+4ms
07-12 18:31:41.097   144 24503 I ActivityManager: Process android.process.media (pid 28806) has died.
07-12 18:31:41.304 28791 28794 D dalvikvm: GC_CONCURRENT freed 1244K, 10% free 12799K/14151K, paused 4ms+3ms
07-12 18:31:41.347   144   380 I ActivityManager: Start proc android.process.media for content provider com.android.providers.media/.MediaProvider: pid=28850 uid=10012 gids={1015, 1023, 1024, 2001, 3003, 3007}
07-12 18:31:41.375 28850 28850 I ActivityThread: Pub downloads: com.android.providers.downloads.DownloadProvider
07-12 18:31:41.386 28850 28850 I ActivityThread: Pub drm: com.android.providers.drm.DrmProvider
07-12 18:31:41.390 28850 28850 I ActivityThread: Pub media: com.android.providers.media.MediaProvider
07-12 18:31:41.398 28850 28863 I DownloadManager: in removeSpuriousFiles
07-12 18:31:41.418 28850 28863 I DownloadManager: in removeSpuriousFiles, preserving file /data/data/com.android.providers.downloads/cache/metadata.json
07-12 18:31:41.418 28850 28863 I DownloadManager: in removeSpuriousFiles, preserving file /data/data/com.android.providers.downloads/cache/en_general.htm
07-12 18:31:41.418 28850 28863 I DownloadManager: in removeSpuriousFiles, preserving file /mnt/sdcard/Download/img-thing.jpeg
07-12 18:31:41.418 28850 28863 I DownloadManager: in removeSpuriousFiles, preserving file /data/data/com.android.providers.downloads/cache/metadata-1.json
07-12 18:31:41.418 28850 28863 I DownloadManager: in removeSpuriousFiles, preserving file /data/data/com.android.providers.downloads/cache/downloadfile.jpeg
07-12 18:31:41.418 28850 28863 I DownloadManager: in removeSpuriousFiles, preserving file /data/data/com.android.providers.downloads/cache/metadata-2.json
07-12 18:31:41.418 28850 28863 I DownloadManager: in removeSpuriousFiles, preserving file /data/data/com.android.providers.downloads/cache/metadata-3.json
07-12 18:31:41.418 28850 28863 I DownloadManager: in removeSpuriousFiles, preserving file /data/data/com.android.providers.downloads/cache/downloadfile-1.jpeg
07-12 18:31:41.418 28850 28863 I DownloadManager: in removeSpuriousFiles, preserving file /data/data/com.android.providers.downloads/cache/downloadfile-2.jpeg
07-12 18:31:41.418 28850 28863 I DownloadManager: in removeSpuriousFiles, preserving file /data/data/com.android.providers.downloads/cache/metadata-4.json
07-12 18:31:41.418 28850 28863 I DownloadManager: in removeSpuriousFiles, preserving file /data/data/com.android.providers.downloads/cache/metadata-5.json
07-12 18:31:41.418 28850 28863 I DownloadManager: in removeSpuriousFiles, preserving file /data/data/com.android.providers.downloads/cache/downloadfile-1.apk
07-12 18:31:41.418 28850 28863 I DownloadManager: deleting spurious file /cache/backup
07-12 18:31:42.117 28850 28853 D dalvikvm: GC_CONCURRENT freed 361K, 5% free 9174K/9607K, paused 25ms+2ms
07-12 18:31:43.043   144 24503 I ActivityManager: Process android.process.media (pid 28850) has died.
07-12 18:31:43.937 25179 25180 D dalvikvm: GC_CONCURRENT freed 512K, 6% free 10454K/11079K, paused 7ms+3ms
07-12 18:31:43.961   144   400 I ActivityManager: Start proc com.google.android.apps.maps:LocationFriendService for service com.google.android.apps.maps/com.google.googlenav.friend.reporting.LocationReceiverService: pid=28867 uid=10056 gids={3003, 1015}
07-12 18:31:44.093 28867 28870 D dalvikvm: GC_CONCURRENT freed 166K, 3% free 9370K/9607K, paused 5ms+2ms
07-12 18:31:44.488 28867 28870 D dalvikvm: GC_CONCURRENT freed 157K, 3% free 9673K/9927K, paused 7ms+2ms
07-12 18:31:44.718 17159 17161 D dalvikvm: GC_CONCURRENT freed 320K, 6% free 10538K/11143K, paused 6ms+5ms
07-12 18:31:45.031 28867 28870 D dalvikvm: GC_CONCURRENT freed 245K, 4% free 9907K/10247K, paused 1ms+5ms
07-12 18:31:45.074 28867 28874 I dalvikvm: Total arena pages for JIT: 11
07-12 18:31:45.074 28867 28874 I dalvikvm: Total arena pages for JIT: 12
07-12 18:31:45.074 28867 28874 I dalvikvm: Total arena pages for JIT: 13
07-12 18:31:45.074 28867 28874 I dalvikvm: Total arena pages for JIT: 14
07-12 18:31:45.074 28867 28874 I dalvikvm: Total arena pages for JIT: 15
07-12 18:31:45.074 28867 28874 I dalvikvm: Total arena pages for JIT: 16
07-12 18:31:45.074 28867 28874 I dalvikvm: Total arena pages for JIT: 17
07-12 18:31:48.972   144   160 D dalvikvm: GC_EXPLICIT freed 965K, 23% free 18238K/23431K, paused 24ms+7ms
07-12 18:31:53.922   344   344 D dalvikvm: GC_EXPLICIT freed 461K, 14% free 12214K/14087K, paused 22ms+3ms
07-12 18:31:54.187 28791 28821 D PicasaSyncManager: perform sync task: PrefetchFullImage (lokeshmandvekar@gmail.com)
07-12 18:31:54.629 28791 28821 D PicasaSyncManager: perform sync task: PrefetchAlbumCover (lokeshmandvekar@gmail.com)
07-12 18:31:54.828 28791 28821 D PicasaSyncManager: perform sync task: PrefetchScreenNail (lokeshmandvekar@gmail.com)
07-12 18:31:55.070 28791 28821 D PicasaSyncService: sync finished
07-12 18:31:55.121   144   156 I ActivityManager: Process com.google.android.apps.maps:LocationFriendService (pid 28867) has died.
07-12 18:31:55.136 28791 28891 D PicasaSyncService: start sync on lokeshmandvekar@gmail.com
07-12 18:31:55.152 28791 28891 D PicasaSyncService: sync finished
07-12 18:32:42.652 23965 23968 D dalvikvm: GC_CONCURRENT freed 374K, 8% free 9935K/10695K, paused 3ms+3ms
07-12 18:32:43.902   144 24503 I ActivityManager: Start proc com.google.android.apps.maps:LocationFriendService for service com.google.android.apps.maps/com.google.googlenav.friend.reporting.LocationReceiverService: pid=28894 uid=10056 gids={3003, 1015}
07-12 18:32:44.019 28894 28897 D dalvikvm: GC_CONCURRENT freed 168K, 3% free 9367K/9607K, paused 2ms+2ms
07-12 18:32:44.105 25179 25180 D dalvikvm: GC_CONCURRENT freed 398K, 6% free 10445K/11079K, paused 2ms+2ms
07-12 18:32:44.168 28894 28897 D dalvikvm: GC_CONCURRENT freed 154K, 3% free 9677K/9927K, paused 11ms+2ms
07-12 18:32:44.297   144   144 I ActivityManager: Process com.google.android.apps.plus (pid 28791) has died.
07-12 18:32:44.386 28894 28897 D dalvikvm: GC_CONCURRENT freed 335K, 4% free 9903K/10311K, paused 3ms+2ms
07-12 18:33:36.507   144   198 D DhcpInfoInternal: makeLinkProperties with empty dns2!
07-12 18:33:36.511   144   198 D DhcpInfoInternal: makeLinkProperties with empty dns2!
07-12 18:33:43.992 28894 28901 I dalvikvm: Total arena pages for JIT: 11
07-12 18:33:43.992 28894 28901 I dalvikvm: Total arena pages for JIT: 12
07-12 18:33:43.992 28894 28901 I dalvikvm: Total arena pages for JIT: 13
07-12 18:33:43.992 28894 28901 I dalvikvm: Total arena pages for JIT: 14
07-12 18:33:43.992 28894 28901 I dalvikvm: Total arena pages for JIT: 15
07-12 18:33:43.992 28894 28901 I dalvikvm: Total arena pages for JIT: 16
07-12 18:33:43.992 28894 28901 I dalvikvm: Total arena pages for JIT: 17
07-12 18:33:44.078 28894 28897 D dalvikvm: GC_CONCURRENT freed 409K, 5% free 9995K/10503K, paused 1ms+2ms
07-12 18:33:47.539 25099 25112 I PhoneLab-: Service Running
07-12 18:33:47.625 25099 25112 I PhoneLab-LoggerService: app_37    1373  1     1440   1000  c00f181c 400107b4 S logcat
07-12 18:33:47.625 25099 25112 I PhoneLab-LoggerService: Logcat pid from database 1373
07-12 18:33:47.629 25099 25112 I PhoneLab-LoggerService: Logcat process found 1373
07-12 18:33:47.629 25099 25112 I PhoneLab-LoggerService: Checking Threshold
07-12 18:33:47.629 25099 25112 I PhoneLab-: Service Running
07-12 18:33:47.652 25099 25112 I PhoneLab-LoggerService: app_37    1373  1     1440   1000  c00f181c 400107b4 S logcat
07-12 18:33:47.652 25099 25112 I PhoneLab-LoggerService: Logcat pid from database 1373
07-12 18:33:47.652 25099 25112 I PhoneLab-LoggerService: Logcat process found 1373
07-12 18:33:47.652 25099 25112 I PhoneLab-LoggerService: Checking Threshold
07-12 18:33:47.652 25099 25112 I PhoneLab-: Service Running
07-12 18:33:47.679 25099 25112 I PhoneLab-LoggerService: app_37    1373  1     1440   1000  c00f181c 400107b4 S logcat
07-12 18:33:47.679 25099 25112 I PhoneLab-LoggerService: Logcat pid from database 1373
07-12 18:33:47.679 25099 25112 I PhoneLab-LoggerService: Logcat process found 1373
07-12 18:33:47.679 25099 25112 I PhoneLab-LoggerService: Checking Threshold
07-12 18:33:47.679 25099 25112 I PhoneLab-: Service Running
07-12 18:33:47.707 25099 25112 I PhoneLab-LoggerService: app_37    1373  1     1440   1000  c00f181c 400107b4 S logcat
07-12 18:33:47.707 25099 25112 I PhoneLab-LoggerService: Logcat pid from database 1373
07-12 18:33:47.707 25099 25112 I PhoneLab-LoggerService: Logcat process found 1373
07-12 18:33:47.707 25099 25112 I PhoneLab-LoggerService: Checking Threshold
07-12 18:34:00.738   144   173 I ActivityManager: Start proc com.google.android.apps.plus for service com.google.android.apps.plus/.service.EsService: pid=28941 uid=10060 gids={3003, 3002, 1015, 1006}
07-12 18:34:00.773   144   173 I ActivityManager: Start proc com.google.android.gm for service com.google.android.gm/.provider.MailIndexerService: pid=28954 uid=10075 gids={3003, 1015}
07-12 18:34:00.836 28894 28901 I dalvikvm: Total arena pages for JIT: 18
07-12 18:34:01.035 28941 28943 D dalvikvm: GC_CONCURRENT freed 167K, 3% free 9369K/9607K, paused 2ms+2ms
07-12 18:34:01.109 28954 28954 I ActivityThread: Pub gmail-ls: com.google.android.gm.provider.MailProvider
07-12 18:34:01.136 28954 28954 I ActivityThread: Pub com.google.android.gm: com.google.android.gm.provider.PublicContentProvider
07-12 18:34:01.168 28954 28954 I ActivityThread: Pub com.google.android.gmail.SuggestionProvider: com.google.android.gm.SuggestionsProvider
07-12 18:34:01.211 28941 28941 I ActivityThread: Pub com.google.android.apps.plus.content.ApiProvider: com.google.android.apps.plus.content.EsApiProvider
07-12 18:34:01.226 28941 28941 I ActivityThread: Pub com.google.android.apps.plus.content.EsGooglePhotoProvider: com.google.android.picasasync.PicasaContentProvider
07-12 18:34:01.316 28941 28943 D dalvikvm: GC_CONCURRENT freed 336K, 5% free 9581K/9991K, paused 2ms+10ms
07-12 18:34:01.449 28941 28941 I ActivityThread: Pub com.google.android.apps.plus.content.EsPicasaStoreProvider: com.google.android.picasastore.PicasaPhotoContentProvider
07-12 18:34:01.484 28941 28941 I ActivityThread: Pub com.google.plus.platform: com.google.android.apps.plus.content.AdsProvider
07-12 18:34:01.496 28941 28941 I ActivityThread: Pub com.google.android.apps.plus.iu.EsGoogleIuProvider: com.google.android.apps.plus.iu.InstantUploadProvider
07-12 18:34:01.547   144   323 I ActivityManager: Start proc android.process.media for content provider com.android.providers.media/.MediaProvider: pid=28977 uid=10012 gids={1015, 1023, 1024, 2001, 3003, 3007}
07-12 18:34:01.582 28941 28943 D dalvikvm: GC_CONCURRENT freed 500K, 6% free 9609K/10183K, paused 1ms+2ms
07-12 18:34:01.586 28941 28941 I ActivityThread: Pub com.google.android.apps.plus.content.EsProvider: com.google.android.apps.plus.content.EsProvider
07-12 18:34:01.722   144  9084 D dalvikvm: GC_EXPLICIT freed 836K, 23% free 18270K/23431K, paused 2ms+7ms
07-12 18:34:01.738 28977 28977 I ActivityThread: Pub downloads: com.android.providers.downloads.DownloadProvider
07-12 18:34:01.757 28977 28977 I ActivityThread: Pub drm: com.android.providers.drm.DrmProvider
07-12 18:34:01.765 28977 28992 I DownloadManager: in removeSpuriousFiles
07-12 18:34:01.765 28977 28977 I ActivityThread: Pub media: com.android.providers.media.MediaProvider
07-12 18:34:01.785 28977 28992 I DownloadManager: in removeSpuriousFiles, preserving file /data/data/com.android.providers.downloads/cache/metadata.json
07-12 18:34:01.785 28977 28992 I DownloadManager: in removeSpuriousFiles, preserving file /data/data/com.android.providers.downloads/cache/en_general.htm
07-12 18:34:01.785 28977 28992 I DownloadManager: in removeSpuriousFiles, preserving file /mnt/sdcard/Download/img-thing.jpeg
07-12 18:34:01.785 28977 28992 I DownloadManager: in removeSpuriousFiles, preserving file /data/data/com.android.providers.downloads/cache/metadata-1.json
07-12 18:34:01.785 28977 28992 I DownloadManager: in removeSpuriousFiles, preserving file /data/data/com.android.providers.downloads/cache/downloadfile.jpeg
07-12 18:34:01.785 28977 28992 I DownloadManager: in removeSpuriousFiles, preserving file /data/data/com.android.providers.downloads/cache/metadata-2.json
07-12 18:34:01.785 28977 28992 I DownloadManager: in removeSpuriousFiles, preserving file /data/data/com.android.providers.downloads/cache/metadata-3.json
07-12 18:34:01.785 28977 28992 I DownloadManager: in removeSpuriousFiles, preserving file /data/data/com.android.providers.downloads/cache/downloadfile-1.jpeg
07-12 18:34:01.785 28977 28992 I DownloadManager: in removeSpuriousFiles, preserving file /data/data/com.android.providers.downloads/cache/downloadfile-2.jpeg
07-12 18:34:01.785 28977 28992 I DownloadManager: in removeSpuriousFiles, preserving file /data/data/com.android.providers.downloads/cache/metadata-4.json
07-12 18:34:01.785 28977 28992 I DownloadManager: in removeSpuriousFiles, preserving file /data/data/com.android.providers.downloads/cache/metadata-5.json
07-12 18:34:01.785 28977 28992 I DownloadManager: in removeSpuriousFiles, preserving file /data/data/com.android.providers.downloads/cache/downloadfile-1.apk
07-12 18:34:01.789 28977 28992 I DownloadManager: deleting spurious file /cache/backup
07-12 18:34:01.937 28954 28957 D dalvikvm: GC_CONCURRENT freed 218K, 4% free 9257K/9607K, paused 12ms+3ms
07-12 18:34:02.078 28941 28943 D dalvikvm: GC_CONCURRENT freed 180K, 4% free 9876K/10247K, paused 8ms+2ms
07-12 18:34:02.129 28977 28980 D dalvikvm: GC_CONCURRENT freed 338K, 5% free 9198K/9607K, paused 2ms+2ms
07-12 18:34:02.269 28941 28975 D PicasaPhotoCP: set fsid first time:-1
07-12 18:34:02.371 28320 28321 D dalvikvm: GC_CONCURRENT freed 346K, 4% free 10642K/11079K, paused 7ms+3ms
07-12 18:34:02.382 28894 28897 D dalvikvm: GC_CONCURRENT freed 438K, 6% free 10009K/10567K, paused 16ms+2ms
07-12 18:34:02.636   144   380 I ActivityManager: Process android.process.media (pid 28977) has died.
07-12 18:34:02.734 28941 28943 D dalvikvm: GC_CONCURRENT freed 180K, 3% free 10170K/10439K, paused 2ms+2ms
07-12 18:34:02.746 28954 28995 I Gmail   : calculateUnknownSyncRationalesAndPurgeInBackground: queueing
07-12 18:34:02.754 28954 28995 I Gmail   : calculateUnknownSyncRationalesAndPurgeInBackground: queueing
07-12 18:34:02.777 28954 28995 I Gmail   : calculateUnknownSyncRationalesAndPurgeInBackground: running
07-12 18:34:02.777 28954 28995 I Gmail   : calculateUnknownSyncRationalesAndPurgeInBackground: running
07-12 18:34:02.851 28941 28943 D dalvikvm: GC_CONCURRENT freed 266K, 4% free 10336K/10759K, paused 1ms+7ms
07-12 18:34:02.898 28941 28993 D dalvikvm: GC_FOR_ALLOC freed 114K, 4% free 10461K/10887K, paused 22ms
07-12 18:34:02.898 28941 28993 I dalvikvm-heap: Grow heap (frag case) to 10.533MB for 260112-byte allocation
07-12 18:34:02.922 28941 28993 D dalvikvm: GC_FOR_ALLOC freed 126K, 5% free 10589K/11143K, paused 18ms
07-12 18:34:02.945 28941 28993 D dalvikvm: GC_FOR_ALLOC freed 311K, 6% free 10582K/11143K, paused 18ms
07-12 18:34:02.965 28941 28993 D dalvikvm: GC_FOR_ALLOC freed 62K, 5% free 10646K/11143K, paused 18ms
07-12 18:34:02.965 28941 28993 I dalvikvm-heap: Grow heap (frag case) to 10.713MB for 260112-byte allocation
07-12 18:34:02.988 28941 28993 D dalvikvm: GC_FOR_ALLOC freed 126K, 6% free 10774K/11399K, paused 21ms
07-12 18:34:03.050 28941 28993 D dalvikvm: GC_FOR_ALLOC freed 369K, 5% free 10830K/11399K, paused 23ms
07-12 18:34:03.113 28941 28993 D dalvikvm: GC_FOR_ALLOC freed 126K, 4% free 10958K/11399K, paused 33ms
07-12 18:34:03.289 28941 28943 D dalvikvm: GC_CONCURRENT freed 344K, 4% free 11208K/11655K, paused 2ms+3ms
07-12 18:34:03.429 28941 28943 D dalvikvm: GC_CONCURRENT freed 139K, 3% free 11733K/11975K, paused 2ms+2ms
07-12 18:34:03.582 28941 28943 D dalvikvm: GC_CONCURRENT freed 545K, 6% free 12023K/12679K, paused 1ms+2ms
07-12 18:34:03.757 28941 28943 D dalvikvm: GC_CONCURRENT freed 210K, 3% free 12749K/13063K, paused 2ms+2ms
07-12 18:34:03.906   144   323 I ActivityManager: Start proc android.process.media for service com.android.providers.media/.MediaScannerService: pid=29003 uid=10012 gids={1015, 1023, 1024, 2001, 3003, 3007}
07-12 18:34:03.957    79    79 D dalvikvm: GC_EXPLICIT freed 38K, 4% free 9031K/9347K, paused 2ms+2ms
07-12 18:34:03.988    79    79 D dalvikvm: GC_EXPLICIT freed <1K, 4% free 9031K/9347K, paused 1ms+2ms
07-12 18:34:04.000 29003 29003 I ActivityThread: Pub downloads: com.android.providers.downloads.DownloadProvider
07-12 18:34:04.031 29003 29003 I ActivityThread: Pub drm: com.android.providers.drm.DrmProvider
07-12 18:34:04.035 29003 29003 I ActivityThread: Pub media: com.android.providers.media.MediaProvider
07-12 18:34:04.035 29003 29016 I DownloadManager: in removeSpuriousFiles
07-12 18:34:04.050    79    79 D dalvikvm: GC_EXPLICIT freed <1K, 4% free 9031K/9347K, paused 10ms+11ms
07-12 18:34:04.062 29003 29016 I DownloadManager: in removeSpuriousFiles, preserving file /data/data/com.android.providers.downloads/cache/metadata.json
07-12 18:34:04.062 29003 29016 I DownloadManager: in removeSpuriousFiles, preserving file /data/data/com.android.providers.downloads/cache/en_general.htm
07-12 18:34:04.062 29003 29016 I DownloadManager: in removeSpuriousFiles, preserving file /mnt/sdcard/Download/img-thing.jpeg
07-12 18:34:04.062 29003 29016 I DownloadManager: in removeSpuriousFiles, preserving file /data/data/com.android.providers.downloads/cache/metadata-1.json
07-12 18:34:04.062 29003 29016 I DownloadManager: in removeSpuriousFiles, preserving file /data/data/com.android.providers.downloads/cache/downloadfile.jpeg
07-12 18:34:04.062 29003 29016 I DownloadManager: in removeSpuriousFiles, preserving file /data/data/com.android.providers.downloads/cache/metadata-2.json
07-12 18:34:04.062 29003 29016 I DownloadManager: in removeSpuriousFiles, preserving file /data/data/com.android.providers.downloads/cache/metadata-3.json
07-12 18:34:04.062 29003 29016 I DownloadManager: in removeSpuriousFiles, preserving file /data/data/com.android.providers.downloads/cache/downloadfile-1.jpeg
07-12 18:34:04.062 29003 29016 I DownloadManager: in removeSpuriousFiles, preserving file /data/data/com.android.providers.downloads/cache/downloadfile-2.jpeg
07-12 18:34:04.062 29003 29016 I DownloadManager: in removeSpuriousFiles, preserving file /data/data/com.android.providers.downloads/cache/metadata-4.json
07-12 18:34:04.062 29003 29016 I DownloadManager: in removeSpuriousFiles, preserving file /data/data/com.android.providers.downloads/cache/metadata-5.json
07-12 18:34:04.062 29003 29016 I DownloadManager: in removeSpuriousFiles, preserving file /data/data/com.android.providers.downloads/cache/downloadfile-1.apk
07-12 18:34:04.062 29003 29016 I DownloadManager: deleting spurious file /cache/backup
07-12 18:34:04.086   144   155 I ActivityManager: Process com.google.android.apps.maps:LocationFriendService (pid 28894) has died.
07-12 18:34:04.386   144   173 I ActivityManager: Start proc com.twitter.android for service com.twitter.android/.client.AppService: pid=29018 uid=10064 gids={3003, 1015}
07-12 18:34:04.394 29003 29005 D dalvikvm: GC_CONCURRENT freed 329K, 5% free 9200K/9607K, paused 21ms+5ms
07-12 18:34:04.422 29018 29018 I dalvikvm: Turning on JNI app bug workarounds for target SDK version 11...
07-12 18:34:04.562 29018 29018 I ActivityThread: Pub com.twitter.android.provider.GlobalDatabaseProvider: com.twitter.android.provider.GlobalDatabaseProvider
07-12 18:34:04.570 29018 29018 I ActivityThread: Pub com.twitter.android.provider.TwitterProvider: com.twitter.android.provider.TwitterProvider
07-12 18:34:04.636 29018 29020 D dalvikvm: GC_CONCURRENT freed 196K, 4% free 9277K/9607K, paused 2ms+1ms
07-12 18:34:04.648   144 24503 I ActivityManager: Process com.google.android.gm (pid 28954) has died.
07-12 18:34:04.726 28941 28994 I SqliteDatabaseCpp: sqlite returned: error code = 1, msg = no such column: wipeout_stats, db=/data/data/com.google.android.apps.plus/databases/es0.db
07-12 18:34:04.730 28941 28994 W System.err: android.database.sqlite.SQLiteException: no such column: wipeout_stats: , while compiling: SELECT wipeout_stats  FROM account_status
07-12 18:34:04.746 28941 28994 W System.err: 	at android.database.sqlite.SQLiteCompiledSql.native_compile(Native Method)
07-12 18:34:04.746 28941 28994 W System.err: 	at android.database.sqlite.SQLiteCompiledSql.<init>(SQLiteCompiledSql.java:68)
07-12 18:34:04.746 28941 28994 W System.err: 	at android.database.sqlite.SQLiteProgram.compileSql(SQLiteProgram.java:143)
07-12 18:34:04.746 28941 28994 W System.err: 	at android.database.sqlite.SQLiteProgram.compileAndbindAllArgs(SQLiteProgram.java:361)
07-12 18:34:04.746 28941 28994 W System.err: 	at android.database.sqlite.SQLiteStatement.acquireAndLock(SQLiteStatement.java:260)
07-12 18:34:04.746 28941 28994 W System.err: 	at android.database.sqlite.SQLiteStatement.simpleQueryForLong(SQLiteStatement.java:137)
07-12 18:34:04.746 28941 28994 W System.err: 	at android.database.DatabaseUtils.longForQuery(DatabaseUtils.java:791)
07-12 18:34:04.746 28941 28994 W System.err: 	at android.database.DatabaseUtils.longForQuery(DatabaseUtils.java:779)
07-12 18:34:04.746 28941 28994 W System.err: 	at com.google.android.apps.plus.content.EsAccountsData.isContactsStatsWipeoutNeeded(EsAccountsData.java:641)
07-12 18:34:04.746 28941 28994 W System.err: 	at com.google.android.apps.plus.service.EsService.processIntent(EsService.java:4246)
07-12 18:34:04.746 28941 28994 W System.err: 	at com.google.android.apps.plus.service.ServiceThread$1.run(ServiceThread.java:50)
07-12 18:34:04.746 28941 28994 W System.err: 	at android.os.Handler.handleCallback(Handler.java:605)
07-12 18:34:04.746 28941 28994 W System.err: 	at android.os.Handler.dispatchMessage(Handler.java:92)
07-12 18:34:04.746 28941 28994 W System.err: 	at android.os.Looper.loop(Looper.java:137)
07-12 18:34:04.746 28941 28994 W System.err: 	at com.google.android.apps.plus.service.ServiceThread.run(ServiceThread.java:122)
07-12 18:34:04.754 25179 25180 D dalvikvm: GC_CONCURRENT freed 498K, 6% free 10458K/11079K, paused 3ms+5ms
07-12 18:34:04.800   144   400 I ActivityManager: Start proc com.google.android.apps.maps:LocationFriendService for service com.google.android.apps.maps/com.google.googlenav.friend.reporting.LocationReceiverService: pid=29037 uid=10056 gids={3003, 1015}
07-12 18:34:04.832   144   323 I ActivityManager: Process com.android.sprintmenu (pid 24219) has died.
07-12 18:34:04.832   144   323 W ActivityManager: Scheduling restart of crashed service com.android.sprintmenu/.HiddenPhoneService in 5000ms
07-12 18:34:04.965 29037 29039 D dalvikvm: GC_CONCURRENT freed 156K, 3% free 9380K/9607K, paused 2ms+2ms
07-12 18:34:05.187 29037 29039 D dalvikvm: GC_CONCURRENT freed 159K, 3% free 9677K/9927K, paused 47ms+2ms
07-12 18:34:05.507 29037 29044 I dalvikvm: Total arena pages for JIT: 11
07-12 18:34:05.511 29037 29044 I dalvikvm: Total arena pages for JIT: 12
07-12 18:34:05.511 29037 29044 I dalvikvm: Total arena pages for JIT: 13
07-12 18:34:05.511 29037 29044 I dalvikvm: Total arena pages for JIT: 14
07-12 18:34:05.511 29037 29044 I dalvikvm: Total arena pages for JIT: 15
07-12 18:34:05.511 29037 29044 I dalvikvm: Total arena pages for JIT: 16
07-12 18:34:05.515 29037 29039 D dalvikvm: GC_CONCURRENT freed 320K, 4% free 9907K/10311K, paused 2ms+2ms
07-12 18:34:05.515 29037 29044 I dalvikvm: Total arena pages for JIT: 17
07-12 18:34:05.668   144   155 I ActivityManager: Process android.process.media (pid 29003) has died.
07-12 18:34:05.726 29018 29020 D dalvikvm: GC_CONCURRENT freed 167K, 4% free 9504K/9799K, paused 2ms+1ms
07-12 18:34:05.859 29018 29020 D dalvikvm: GC_CONCURRENT freed 299K, 5% free 9635K/10055K, paused 1ms+2ms
07-12 18:34:05.976 29018 29020 D dalvikvm: GC_CONCURRENT freed 302K, 5% free 9765K/10183K, paused 2ms+1ms
07-12 18:34:06.097 29018 29020 D dalvikvm: GC_CONCURRENT freed 309K, 5% free 9893K/10311K, paused 2ms+2ms
07-12 18:34:06.218 29018 29020 D dalvikvm: GC_CONCURRENT freed 307K, 4% free 10025K/10439K, paused 1ms+2ms
07-12 18:34:06.328 29018 29020 D dalvikvm: GC_CONCURRENT freed 295K, 4% free 10153K/10567K, paused 2ms+2ms
07-12 18:34:06.441 29018 29020 D dalvikvm: GC_CONCURRENT freed 299K, 4% free 10280K/10695K, paused 2ms+2ms
07-12 18:34:06.613 29018 29020 D dalvikvm: GC_CONCURRENT freed 475K, 6% free 10229K/10823K, paused 2ms+2ms
07-12 18:34:06.738 29018 29020 D dalvikvm: GC_CONCURRENT freed 326K, 5% free 10304K/10823K, paused 2ms+2ms
07-12 18:34:06.851 29018 29020 D dalvikvm: GC_CONCURRENT freed 312K, 5% free 10382K/10823K, paused 1ms+4ms
07-12 18:34:06.992 29018 29020 D dalvikvm: GC_CONCURRENT freed 354K, 5% free 10481K/10951K, paused 2ms+3ms
07-12 18:34:07.121 29018 29020 D dalvikvm: GC_CONCURRENT freed 338K, 5% free 10569K/11015K, paused 1ms+2ms
07-12 18:34:07.250 29018 29020 D dalvikvm: GC_CONCURRENT freed 373K, 5% free 10657K/11143K, paused 2ms+2ms
07-12 18:34:07.379 29018 29020 D dalvikvm: GC_CONCURRENT freed 425K, 5% free 10747K/11271K, paused 2ms+2ms
07-12 18:34:07.500 29018 29020 D dalvikvm: GC_CONCURRENT freed 379K, 5% free 10850K/11335K, paused 1ms+2ms
07-12 18:34:07.707   144 24503 I ActivityManager: Process com.google.android.apps.maps:LocationFriendService (pid 29037) has died.
07-12 18:34:08.793 29018 29020 D dalvikvm: GC_CONCURRENT freed 383K, 5% free 11033K/11527K, paused 2ms+2ms
07-12 18:34:09.855   144   161 I ActivityManager: Start proc com.android.sprintmenu for service com.android.sprintmenu/.HiddenPhoneService: pid=29064 uid=1001 gids={3002, 3001, 3003, 1015}
07-12 18:34:10.269 29018 29020 D dalvikvm: GC_CONCURRENT freed 409K, 5% free 11207K/11719K, paused 2ms+2ms
07-12 18:34:11.566   144 24503 I ActivityManager: Process com.twitter.android (pid 29018) has died.
07-12 18:34:12.090   144   424 I ActivityManager: Start proc com.google.android.gsf.login for service com.google.android.gsf.login/com.google.android.gsf.loginservice.GoogleLoginService: pid=29084 uid=10009 gids={3003, 1015, 1007, 2001, 3006}
07-12 18:34:14.398 28941 28943 D dalvikvm: GC_CONCURRENT freed 1048K, 9% free 12863K/14023K, paused 3ms+3ms
07-12 18:34:15.929 28941 28943 D dalvikvm: GC_CONCURRENT freed 987K, 8% free 13043K/14151K, paused 2ms+7ms
07-12 18:34:16.722   144   326 I ActivityManager: Start proc android.process.media for content provider com.android.providers.media/.MediaProvider: pid=29104 uid=10012 gids={1015, 1023, 1024, 2001, 3003, 3007}
07-12 18:34:16.746 29104 29104 I ActivityThread: Pub downloads: com.android.providers.downloads.DownloadProvider
07-12 18:34:16.761 29104 29104 I ActivityThread: Pub drm: com.android.providers.drm.DrmProvider
07-12 18:34:16.761 29104 29117 I DownloadManager: in removeSpuriousFiles
07-12 18:34:16.777 29104 29104 I ActivityThread: Pub media: com.android.providers.media.MediaProvider
07-12 18:34:16.785 29104 29117 I DownloadManager: in removeSpuriousFiles, preserving file /data/data/com.android.providers.downloads/cache/metadata.json
07-12 18:34:16.789 29104 29117 I DownloadManager: in removeSpuriousFiles, preserving file /data/data/com.android.providers.downloads/cache/en_general.htm
07-12 18:34:16.793 29104 29117 I DownloadManager: in removeSpuriousFiles, preserving file /mnt/sdcard/Download/img-thing.jpeg
07-12 18:34:16.793 29104 29117 I DownloadManager: in removeSpuriousFiles, preserving file /data/data/com.android.providers.downloads/cache/metadata-1.json
07-12 18:34:16.793 29104 29117 I DownloadManager: in removeSpuriousFiles, preserving file /data/data/com.android.providers.downloads/cache/downloadfile.jpeg
07-12 18:34:16.793 29104 29117 I DownloadManager: in removeSpuriousFiles, preserving file /data/data/com.android.providers.downloads/cache/metadata-2.json
07-12 18:34:16.793 29104 29117 I DownloadManager: in removeSpuriousFiles, preserving file /data/data/com.android.providers.downloads/cache/metadata-3.json
07-12 18:34:16.793 29104 29117 I DownloadManager: in removeSpuriousFiles, preserving file /data/data/com.android.providers.downloads/cache/downloadfile-1.jpeg
07-12 18:34:16.793 29104 29117 I DownloadManager: in removeSpuriousFiles, preserving file /data/data/com.android.providers.downloads/cache/downloadfile-2.jpeg
07-12 18:34:16.793 29104 29117 I DownloadManager: in removeSpuriousFiles, preserving file /data/data/com.android.providers.downloads/cache/metadata-4.json
07-12 18:34:16.793 29104 29117 I DownloadManager: in removeSpuriousFiles, preserving file /data/data/com.android.providers.downloads/cache/metadata-5.json
07-12 18:34:16.793 29104 29117 I DownloadManager: in removeSpuriousFiles, preserving file /data/data/com.android.providers.downloads/cache/downloadfile-1.apk
07-12 18:34:16.793 29104 29117 I DownloadManager: deleting spurious file /cache/backup
07-12 18:34:18.011 29104 29106 D dalvikvm: GC_CONCURRENT freed 361K, 5% free 9174K/9607K, paused 24ms+2ms
07-12 18:34:18.652 25099 25112 I PhoneLab-: Service Running
07-12 18:34:18.722 25099 25112 I PhoneLab-LoggerService: app_37    1373  1     1440   1000  c00f181c 400107b4 S logcat
07-12 18:34:18.722 25099 25112 I PhoneLab-LoggerService: Logcat pid from database 1373
07-12 18:34:18.722 25099 25112 I PhoneLab-LoggerService: Logcat process found 1373
07-12 18:34:18.722 25099 25112 I PhoneLab-LoggerService: Checking Threshold
07-12 18:34:19.007 28941 29081 E dalvikvm: Could not find class 'android.app.Notification$InboxStyle', referenced from method com.google.android.apps.plus.service.AndroidNotification.createDigestNotification
07-12 18:34:19.007 28941 29081 W dalvikvm: VFY: unable to resolve new-instance 41 (Landroid/app/Notification$InboxStyle;) in Lcom/google/android/apps/plus/service/AndroidNotification;
07-12 18:34:19.007 28941 29081 D dalvikvm: VFY: replacing opcode 0x22 at 0x0018
07-12 18:34:19.015 28941 29081 I dalvikvm: Could not find method android.app.Notification$Builder.setPriority, referenced from method com.google.android.apps.plus.service.AndroidNotification.createRichNotification
07-12 18:34:19.015 28941 29081 W dalvikvm: VFY: unable to resolve virtual method 162: Landroid/app/Notification$Builder;.setPriority (I)Landroid/app/Notification$Builder;
07-12 18:34:19.015 28941 29081 D dalvikvm: VFY: replacing opcode 0x6e at 0x00d5
07-12 18:34:19.058 28941 29081 D dalvikvm: DexOpt: unable to opt direct call 0x00a8 at 0x1a in Lcom/google/android/apps/plus/service/AndroidNotification;.createDigestNotification
07-12 18:34:19.058 28941 29081 D dalvikvm: DexOpt: unable to opt direct call 0x0091 at 0xf1 in Lcom/google/android/apps/plus/service/AndroidNotification;.createRichNotification
07-12 18:34:19.062 28941 29081 D dalvikvm: DexOpt: unable to opt direct call 0x0095 at 0x397 in Lcom/google/android/apps/plus/service/AndroidNotification;.createRichNotification
07-12 18:34:21.703   440   440 D dalvikvm: GC_EXPLICIT freed <1K, 4% free 9037K/9347K, paused 2ms+2ms
07-12 18:34:24.828 28941 28943 D dalvikvm: GC_CONCURRENT freed 1184K, 10% free 13101K/14407K, paused 2ms+3ms
07-12 18:34:26.840   214   214 D dalvikvm: GC_EXPLICIT freed 438K, 57% free 9689K/22023K, paused 20ms+4ms
07-12 18:34:28.066   144  9084 I ActivityManager: Process android.process.media (pid 29104) has died.
07-12 18:34:28.125   144  7984 I ActivityManager: Start proc android.process.acore for content provider com.android.providers.contacts/.ContactsProvider2: pid=29124 uid=10000 gids={3003, 1015}
07-12 18:34:28.175 29124 29124 I ActivityThread: Pub call_log: com.android.providers.contacts.CallLogProvider
07-12 18:34:28.222 29124 29124 I ActivityThread: Pub com.android.voicemail: com.android.providers.contacts.VoicemailContentProvider
07-12 18:34:28.226 29124 29124 I ActivityThread: Pub user_dictionary: com.android.providers.userdictionary.UserDictionaryProvider
07-12 18:34:28.273 29124 29124 I ActivityThread: Pub com.android.social: com.android.providers.contacts.SocialProvider
07-12 18:34:28.273 29124 29124 I ActivityThread: Pub applications: com.android.providers.applications.ApplicationsProvider
07-12 18:34:28.390 29124 29126 D dalvikvm: GC_CONCURRENT freed 332K, 5% free 9152K/9607K, paused 1ms+2ms
07-12 18:34:28.390 29124 29124 I ActivityThread: Pub contacts;com.android.contacts: com.android.providers.contacts.ContactsProvider2
07-12 18:34:29.000 29124 29126 D dalvikvm: GC_CONCURRENT freed 236K, 4% free 9372K/9735K, paused 1ms+2ms
07-12 18:34:29.390 28941 28943 D dalvikvm: GC_CONCURRENT freed 1171K, 9% free 13171K/14471K, paused 11ms+3ms
07-12 18:34:29.836 29124 29126 D dalvikvm: GC_CONCURRENT freed 167K, 3% free 9635K/9927K, paused 18ms+2ms
07-12 18:34:29.855   144   326 D dalvikvm: GC_EXPLICIT freed 1703K, 23% free 18276K/23431K, paused 3ms+16ms
07-12 18:34:31.152   144 30930 I ActivityManager: Process android.process.acore (pid 29124) has died.
07-12 18:34:32.453 28941 28943 D dalvikvm: GC_CONCURRENT freed 1199K, 9% free 13292K/14599K, paused 7ms+3ms
07-12 18:34:33.398   144  9084 I ActivityManager: Start proc android.process.acore for content provider com.android.providers.contacts/.ContactsProvider2: pid=29144 uid=10000 gids={3003, 1015}
07-12 18:34:33.433 29144 29144 I ActivityThread: Pub call_log: com.android.providers.contacts.CallLogProvider
07-12 18:34:33.453 29144 29144 I ActivityThread: Pub com.android.voicemail: com.android.providers.contacts.VoicemailContentProvider
07-12 18:34:33.453 29144 29144 I ActivityThread: Pub user_dictionary: com.android.providers.userdictionary.UserDictionaryProvider
07-12 18:34:33.476 29144 29144 I ActivityThread: Pub com.android.social: com.android.providers.contacts.SocialProvider
07-12 18:34:33.480 29144 29144 I ActivityThread: Pub applications: com.android.providers.applications.ApplicationsProvider
07-12 18:34:33.648 29144 29146 D dalvikvm: GC_CONCURRENT freed 333K, 5% free 9154K/9607K, paused 4ms+8ms
07-12 18:34:33.648 29144 29144 I ActivityThread: Pub contacts;com.android.contacts: com.android.providers.contacts.ContactsProvider2
07-12 18:34:33.840 29144 29146 D dalvikvm: GC_CONCURRENT freed 251K, 4% free 9383K/9735K, paused 1ms+6ms
07-12 18:34:33.914   144   156 I ActivityManager: Process com.google.android.gsf.login (pid 29084) has died.
07-12 18:34:36.297   144 29159 I ActivityManager: Applications Memory Usage (kB):
07-12 18:34:36.297   144 29159 I ActivityManager: Uptime: 194051886 Realtime: 281733353
07-12 18:34:36.297   144 29159 I ActivityManager: Total PSS by OOM adjustment:
07-12 18:34:36.297   144 29159 I ActivityManager:     29923 kB: System
07-12 18:34:36.297   144 29159 I ActivityManager:                29923 kB: system (pid 144)
07-12 18:34:36.297   144 29159 I ActivityManager:     28967 kB: Persistent
07-12 18:34:36.297   144 29159 I ActivityManager:                12709 kB: com.android.phone (pid 344)
07-12 18:34:36.297   144 29159 I ActivityManager:                12159 kB: com.android.systemui (pid 214)
07-12 18:34:36.297   144 29159 I ActivityManager:                 4099 kB: com.android.nfc (pid 356)
07-12 18:34:36.297   144 29159 I ActivityManager:     28027 kB: Foreground
07-12 18:34:36.297   144 29159 I ActivityManager:                28027 kB: com.android.launcher (pid 18680)
07-12 18:34:36.297   144 29159 I ActivityManager:     29255 kB: Visible
07-12 18:34:36.297   144 29159 I ActivityManager:                19368 kB: com.google.android.apps.plus (pid 28941)
07-12 18:34:36.297   144 29159 I ActivityManager:                 6979 kB: android.process.acore (pid 29144)
07-12 18:34:36.297   144 29159 I ActivityManager:                 2908 kB: com.android.smspush (pid 440)
07-12 18:34:36.297   144 29159 I ActivityManager:      7012 kB: Perceptible
07-12 18:34:36.297   144 29159 I ActivityManager:                 7012 kB: com.klye.ime.latin (pid 320)
07-12 18:34:36.297   144 29159 I ActivityManager:     22442 kB: A Services
07-12 18:34:36.297   144 29159 I ActivityManager:                11931 kB: com.google.process.gapps (pid 17159)
07-12 18:34:36.297   144 29159 I ActivityManager:                 7464 kB: com.google.android.apps.maps:NetworkLocationService (pid 25179)
07-12 18:34:36.297   144 29159 I ActivityManager:                 3047 kB: com.android.sprintmenu (pid 29064)
07-12 18:34:36.297   144 29159 I ActivityManager:     81932 kB: Previous
07-12 18:34:36.297   144 29159 I ActivityManager:                81932 kB: org.mozilla.firefox_beta (pid 25222)
07-12 18:34:36.297   144 29159 I ActivityManager:     31970 kB: B Services
07-12 18:34:36.297   144 29159 I ActivityManager:                 8881 kB: com.facebook.katana (pid 28320)
07-12 18:34:36.297   144 29159 I ActivityManager:                 7857 kB: com.google.android.apps.maps (pid 28603)
07-12 18:34:36.297   144 29159 I ActivityManager:                 5976 kB: com.whatsapp (pid 23965)
07-12 18:34:36.297   144 29159 I ActivityManager:                 5088 kB: com.google.android.apps.googlevoice (pid 24354)
07-12 18:34:36.297   144 29159 I ActivityManager:                 4168 kB: edu.buffalo.cse.phonelab.phonelabservices (pid 25099)
07-12 18:34:36.297   144 29159 I ActivityManager: 
07-12 18:34:36.297   144 29159 I ActivityManager: Total PSS: 259528 kB
07-12 18:34:36.297   144 29159 I ActivityManager:   PID      Vss      Rss      Pss      Uss  cmdline
07-12 18:34:36.297   144 29159 I ActivityManager: 25222   98928K   98856K   82017K   80904K  org.mozilla.firefox_beta
07-12 18:34:36.297   144 29159 I ActivityManager:   144   47592K   47532K   30016K   27340K  system_server
07-12 18:34:36.297   144 29159 I ActivityManager: 18680   48132K   48052K   28129K   25352K  com.android.launcher
07-12 18:34:36.297   144 29159 I ActivityManager: 28941   38792K   38740K   18957K   16612K  com.google.android.apps.plus
07-12 18:34:36.297   144 29159 I ActivityManager:    78   22576K   19576K   12830K    6912K  /system/bin/surfaceflinger
07-12 18:34:36.297   144 29159 I ActivityManager:   344   28260K   28188K   12757K   11824K  com.android.phone
07-12 18:34:36.297   144 29159 I ActivityManager:   214   31440K   31352K   12388K    8372K  com.android.systemui
07-12 18:34:36.297   144 29159 I ActivityManager: 17159   28608K   28556K   11978K   10888K  com.google.process.gapps
07-12 18:34:36.297   144 29159 I ActivityManager: 29144   31400K   31328K   11383K    9288K  android.process.acore
07-12 18:34:36.297   144 29159 I ActivityManager: 28320   27828K   27764K    8926K    7292K  com.facebook.katana
07-12 18:34:36.297   144 29159 I ActivityManager: 28603   27744K   27680K    7909K    5852K  com.google.android.apps.maps
07-12 18:34:36.297   144 29159 I ActivityManager: 25179   24524K   24464K    7518K    6288K  com.google.android.apps.maps:NetworkLocationService
07-12 18:34:36.297   144 29159 I ActivityManager:   320   22628K   22540K    7057K    6112K  com.klye.ime.latin
07-12 18:34:36.297   144 29159 I ActivityManager: 23965   23016K   22956K    6024K    4952K  com.whatsapp
07-12 18:34:36.297   144 29159 I ActivityManager: 24354   22088K   21988K    5138K    4088K  com.google.android.apps.googlevoice
07-12 18:34:36.297   144 29159 I ActivityManager: 25099   21276K   21208K    4218K    3100K  edu.buffalo.cse.phonelab.phonelabservices
07-12 18:34:36.297   144 29159 I ActivityManager:   356   20156K   20060K    4143K    3180K  com.android.nfc
07-12 18:34:36.297   144 29159 I ActivityManager: 29064   21844K   21740K    3096K    1388K  com.android.sprintmenu
07-12 18:34:36.297   144 29159 I ActivityManager:   440   19216K   19104K    2956K    1864K  com.android.smspush
07-12 18:34:36.297   144 29159 I ActivityManager:    79   19128K   19000K    2368K    1052K  zygote
07-12 18:34:36.297   144 29159 I ActivityManager:    81    2196K    2196K    1811K    1784K  /system/bin/mediaserver
07-12 18:34:36.297   144 29159 I ActivityManager:    80    1176K    1176K     886K     876K  /system/bin/drmserver
07-12 18:34:36.297   144 29159 I ActivityManager:  1373    1004K    1000K     852K     848K  logcat
07-12 18:34:36.297   144 29159 I ActivityManager:    75     952K     952K     771K     760K  /system/bin/netd
07-12 18:34:36.297   144 29159 I ActivityManager:    77     996K     996K     664K     648K  /system/bin/rild
07-12 18:34:36.297   144 29159 I ActivityManager: 29163     788K     780K     659K     656K  procrank
07-12 18:34:36.297   144 29159 I ActivityManager:   262     820K     816K     543K     516K  /system/bin/wpa_supplicant
07-12 18:34:36.297   144 29159 I ActivityManager:    72     456K     452K     292K     284K  /system/bin/vold
07-12 18:34:36.297   144 29159 I ActivityManager:   296     444K     444K     292K     288K  /system/bin/bluetoothd
07-12 18:34:36.297   144 29159 I ActivityManager:    86     496K     492K     283K     276K  /system/vendor/bin/gpsd
07-12 18:34:36.297   144 29159 I ActivityManager:    88     240K     240K     224K     224K  /sbin/adbd
07-12 18:34:36.297   144 29159 I ActivityManager: 26352     340K     336K     184K     180K  /system/bin/dhcpcd
07-12 18:34:36.297   144 29159 I ActivityManager:    82     312K     304K     171K     168K  /system/bin/dbus-daemon
07-12 18:34:36.297   144 29159 I ActivityManager:    85     264K     256K     162K     160K  /system/bin/keystore
07-12 18:34:36.297   144 29159 I ActivityManager:     1     204K     204K     142K     104K  /init
07-12 18:34:36.297   144 29159 I ActivityManager:    61     160K     160K     122K      84K  /sbin/ueventd
07-12 18:34:36.297   144 29159 I ActivityManager:   201     244K     236K     115K     112K  /system/bin/brcm_patchram_plus
07-12 18:34:36.297   144 29159 I ActivityManager:    87     212K     208K     106K     104K  /system/bin/sh
07-12 18:34:36.297   144 29159 I ActivityManager:    83     248K     240K     103K     100K  /system/bin/installd
07-12 18:34:36.297   144 29159 I ActivityManager:    71     212K     204K      94K      92K  /system/bin/servicemanager
07-12 18:34:36.297   144 29159 I ActivityManager: 26000     192K     184K    
07-12 18:34:36.347 29144 29146 D dalvikvm: GC_CONCURRENT freed 191K, 4% free 9602K/9927K, paused 34ms+2ms
07-12 18:34:37.082   344   344 D SAN_SERVICE: *******************************************
07-12 18:34:37.082   344   344 D SAN_SERVICE: DM App Phone Service State - 0
07-12 18:34:37.082   344   344 D SAN_SERVICE: *******************************************
07-12 18:34:37.328   344   344 D SAN_SERVICE: *******************************************
07-12 18:34:37.328   344   344 D SAN_SERVICE: DM App Phone Service State - 0
07-12 18:34:37.332   344   344 D SAN_SERVICE: *******************************************
07-12 18:34:37.777   344   344 D SAN_SERVICE: *******************************************
07-12 18:34:37.777   344   344 D SAN_SERVICE: DM App Phone Service State - 0
07-12 18:34:37.777   344   344 D SAN_SERVICE: *******************************************
07-12 18:34:37.797 28941 29081 D dalvikvm: GC_FOR_ALLOC freed 324K, 8% free 13645K/14791K, paused 114ms
07-12 18:34:37.867 28941 29081 D dalvikvm: GC_FOR_ALLOC freed 362K, 11% free 13636K/15175K, paused 39ms
07-12 18:34:37.867 28941 29081 I dalvikvm-heap: Grow heap (frag case) to 13.718MB for 349237-byte allocation
07-12 18:34:37.910 28941 29081 D dalvikvm: GC_FOR_ALLOC freed 0K, 11% free 13977K/15559K, paused 40ms
07-12 18:34:39.300 28941 28943 D dalvikvm: GC_CONCURRENT freed 1352K, 10% free 14256K/15687K, paused 85ms+42ms
07-12 18:34:40.281   144   403 I ActivityManager: Process android.process.acore (pid 29144) has died.
07-12 18:34:41.773 28941 28943 D dalvikvm: GC_CONCURRENT freed 1354K, 10% free 14524K/16007K, paused 7ms+4ms
07-12 18:34:43.855   144 10051 I ActivityManager: Start proc android.process.acore for content provider com.android.providers.contacts/.ContactsProvider2: pid=29164 uid=10000 gids={3003, 1015}
07-12 18:34:44.035 29164 29164 I ActivityThread: Pub call_log: com.android.providers.contacts.CallLogProvider
07-12 18:34:44.054 29164 29164 I ActivityThread: Pub com.android.voicemail: com.android.providers.contacts.VoicemailContentProvider
07-12 18:34:44.058 29164 29164 I ActivityThread: Pub user_dictionary: com.android.providers.userdictionary.UserDictionaryProvider
07-12 18:34:44.082 29164 29164 I ActivityThread: Pub com.android.social: com.android.providers.contacts.SocialProvider
07-12 18:34:44.082 29164 29164 I ActivityThread: Pub applications: com.android.providers.applications.ApplicationsProvider
07-12 18:34:44.191 29164 29165 D dalvikvm: GC_CONCURRENT freed 339K, 5% free 9151K/9607K, paused 6ms+6ms
07-12 18:34:44.191 29164 29164 I ActivityThread: Pub contacts;com.android.contacts: com.android.providers.contacts.ContactsProvider2
07-12 18:34:44.441 28941 28943 D dalvikvm: GC_CONCURRENT freed 2454K, 16% free 13805K/16391K, paused 2ms+5ms
07-12 18:34:44.547 29164 29165 D dalvikvm: GC_CONCURRENT freed 234K, 4% free 9374K/9735K, paused 2ms+2ms
07-12 18:34:45.554   356   356 D dalvikvm: GC_EXPLICIT freed <1K, 6% free 9100K/9607K, paused 4ms+3ms
07-12 18:34:46.488   144 24503 I ActivityManager: Process android.process.acore (pid 29164) has died.
07-12 18:34:46.769   144   326 I ActivityManager: Start proc android.process.acore for content provider com.android.providers.contacts/.ContactsProvider2: pid=29180 uid=10000 gids={3003, 1015}
07-12 18:34:46.812 29180 29180 I ActivityThread: Pub call_log: com.android.providers.contacts.CallLogProvider
07-12 18:34:46.820 29180 29180 I ActivityThread: Pub com.android.voicemail: com.android.providers.contacts.VoicemailContentProvider
07-12 18:34:46.820 29180 29180 I ActivityThread: Pub user_dictionary: com.android.providers.userdictionary.UserDictionaryProvider
07-12 18:34:46.824 29180 29180 I ActivityThread: Pub com.android.social: com.android.providers.contacts.SocialProvider
07-12 18:34:46.828 29180 29180 I ActivityThread: Pub applications: com.android.providers.applications.ApplicationsProvider
07-12 18:34:46.882 29180 29180 I ActivityThread: Pub contacts;com.android.contacts: com.android.providers.contacts.ContactsProvider2
07-12 18:34:46.898 29180 29182 D dalvikvm: GC_CONCURRENT freed 357K, 5% free 9178K/9607K, paused 2ms+4ms
07-12 18:34:47.058 29180 29182 D dalvikvm: GC_CONCURRENT freed 239K, 4% free 9386K/9735K, paused 2ms+3ms
07-12 18:34:47.398   344   344 D SAN_SERVICE: *******************************************
07-12 18:34:47.398   344   344 D SAN_SERVICE: DM App Phone Service State - 0
07-12 18:34:47.398   344   344 D SAN_SERVICE: *******************************************
07-12 18:34:47.523   344   344 D SAN_SERVICE: *******************************************
07-12 18:34:47.523   344   344 D SAN_SERVICE: DM App Phone Service State - 0
07-12 18:34:47.523   344   344 D SAN_SERVICE: *******************************************
07-12 18:34:47.980 29180 29182 D dalvikvm: GC_CONCURRENT freed 183K, 4% free 9619K/9927K, paused 2ms+2ms
07-12 18:34:48.273   344   344 D SAN_SERVICE: *******************************************
07-12 18:34:48.273   344   344 D SAN_SERVICE: DM App Phone Service State - 0
07-12 18:34:48.277   344   344 D SAN_SERVICE: *******************************************
07-12 18:34:49.265   144   424 I ActivityManager: Process android.process.acore (pid 29180) has died.
07-12 18:34:49.425   144   376 I ActivityManager: Start proc android.process.acore for content provider com.android.providers.contacts/.ContactsProvider2: pid=29201 uid=10000 gids={3003, 1015}
07-12 18:34:49.750 29201 29201 I ActivityThread: Pub call_log: com.android.providers.contacts.CallLogProvider
07-12 18:34:49.754 29201 29201 I ActivityThread: Pub com.android.voicemail: com.android.providers.contacts.VoicemailContentProvider
07-12 18:34:49.757 29201 29201 I ActivityThread: Pub user_dictionary: com.android.providers.userdictionary.UserDictionaryProvider
07-12 18:34:49.761 29201 29201 I ActivityThread: Pub com.android.social: com.android.providers.contacts.SocialProvider
07-12 18:34:49.761 29201 29201 I ActivityThread: Pub applications: com.android.providers.applications.ApplicationsProvider
07-12 18:34:49.840 29201 29201 I ActivityThread: Pub contacts;com.android.contacts: com.android.providers.contacts.ContactsProvider2
07-12 18:34:49.941 29201 29202 D dalvikvm: GC_CONCURRENT freed 359K, 5% free 9177K/9607K, paused 18ms+83ms
07-12 18:34:50.445 23965 29198 D dalvikvm: GC_EXPLICIT freed 82K, 7% free 10009K/10695K, paused 18ms+3ms
07-12 18:34:50.730 29201 29202 D dalvikvm: GC_CONCURRENT freed 226K, 4% free 9379K/9735K, paused 100ms+4ms
07-12 18:34:51.097 28941 29081 I SqliteDatabaseCpp: sqlite returned: error code = 1, msg = no such column: last_stats_sync_time, db=/data/data/com.google.android.apps.plus/databases/es0.db
07-12 18:34:51.191 28941 29081 E EsSyncAdapterService: Sync failure
07-12 18:34:51.191 28941 29081 E EsSyncAdapterService: android.database.sqlite.SQLiteException: no such column: last_stats_sync_time: , while compiling: SELECT last_stats_sync_time  FROM account_status
07-12 18:34:51.191 28941 29081 E EsSyncAdapterService: 	at android.database.sqlite.SQLiteCompiledSql.native_compile(Native Method)
07-12 18:34:51.191 28941 29081 E EsSyncAdapterService: 	at android.database.sqlite.SQLiteCompiledSql.<init>(SQLiteCompiledSql.java:68)
07-12 18:34:51.191 28941 29081 E EsSyncAdapterService: 	at android.database.sqlite.SQLiteProgram.compileSql(SQLiteProgram.java:143)
07-12 18:34:51.191 28941 29081 E EsSyncAdapterService: 	at android.database.sqlite.SQLiteProgram.compileAndbindAllArgs(SQLiteProgram.java:361)
07-12 18:34:51.191 28941 29081 E EsSyncAdapterService: 	at android.database.sqlite.SQLiteStatement.acquireAndLock(SQLiteStatement.java:260)
07-12 18:34:51.191 28941 29081 E EsSyncAdapterService: 	at android.database.sqlite.SQLiteStatement.simpleQueryForLong(SQLiteStatement.java:137)
07-12 18:34:51.191 28941 29081 E EsSyncAdapterService: 	at android.database.DatabaseUtils.longForQuery(DatabaseUtils.java:791)
07-12 18:34:51.191 28941 29081 E EsSyncAdapterService: 	at android.database.DatabaseUtils.longForQuery(DatabaseUtils.java:779)
07-12 18:34:51.191 28941 29081 E EsSyncAdapterService: 	at com.google.android.apps.plus.content.EsAccountsData.queryLastStatsSyncTimestamp(EsAccountsData.java:570)
07-12 18:34:51.191 28941 29081 E EsSyncAdapterService: 	at com.google.android.apps.plus.service.EsSyncAdapterService.syncContactsStatsIfNecessary(EsSyncAdapterService.java:670)
07-12 18:34:51.191 28941 29081 E EsSyncAdapterService: 	at com.google.android.apps.plus.service.EsSyncAdapterService.doFullSync(EsSyncAdapterService.java:633)
07-12 18:34:51.191 28941 29081 E EsSyncAdapterService: 	at com.google.android.apps.plus.service.EsSyncAdapterService.doSync(EsSyncAdapterService.java:566)
07-12 18:34:51.191 28941 29081 E EsSyncAdapterService: 	at com.google.android.apps.plus.service.EsSyncAdapterService.access$100(EsSyncAdapterService.java:52)
07-12 18:34:51.191 28941 29081 E EsSyncAdapterService: 	at com.google.android.apps.plus.service.EsSyncAdapterService$SyncAdapterImpl.onPerformSync(EsSyncAdapterService.java:408)
07-12 18:34:51.191 28941 29081 E EsSyncAdapterService: 	at android.content.AbstractThreadedSyncAdapter$SyncThread.run(AbstractThreadedSyncAdapter.java:247)
07-12 18:34:51.347   144   168 D SyncManager: failed sync operation lokeshmandvekar@gmail.com (com.google), com.google.android.apps.plus.content.EsProvider, SERVER, earliestRunTime 281704038, SyncResult: stats [ numParseExceptions: 1]
07-12 18:34:51.468   144   326 I ActivityManager: Process com.facebook.katana (pid 28320) has died.
07-12 18:34:51.468   144   326 W ActivityManager: Scheduling restart of crashed service com.facebook.katana/.service.MediaUploadService in 5000ms
07-12 18:34:51.492   144   168 D SyncManager: not retrying sync operation because the error is a hard error: lokeshmandvekar@gmail.com (com.google), com.google.android.apps.plus.content.EsProvider, SERVER, earliestRunTime 281750805
07-12 18:34:51.777   144   147 D dalvikvm: GC_CONCURRENT freed 1960K, 23% free 18242K/23431K, paused 33ms+7ms
07-12 18:35:05.601 29201 29202 D dalvikvm: GC_CONCURRENT freed 233K, 4% free 9612K/9927K, paused 16ms+7ms
07-12 18:35:06.500   144 10051 I ActivityManager: Start proc com.google.android.apps.maps:LocationFriendService for service com.google.android.apps.maps/com.google.googlenav.friend.reporting.LocationReceiverService: pid=29221 uid=10056 gids={3003, 1015}
07-12 18:35:06.519    79    79 D dalvikvm: GC_EXPLICIT freed 38K, 4% free 9031K/9347K, paused 2ms+2ms
07-12 18:35:06.539    79    79 D dalvikvm: GC_EXPLICIT freed <1K, 4% free 9031K/9347K, paused 1ms+2ms
07-12 18:35:06.562    79    79 D dalvikvm: GC_EXPLICIT freed <1K, 4% free 9031K/9347K, paused 1ms+1ms
07-12 18:35:07.109 29221 29222 D dalvikvm: GC_CONCURRENT freed 178K, 3% free 9358K/9607K, paused 114ms+6ms
07-12 18:35:07.187   144   161 I ActivityManager: Start proc com.facebook.katana for service com.facebook.katana/.service.MediaUploadService: pid=29234 uid=10071 gids={3003, 1006, 1015}
07-12 18:35:07.257 29234 29234 I dalvikvm: Turning on JNI app bug workarounds for target SDK version 7...
07-12 18:35:10.519 17159 17170 D dalvikvm: GC_EXPLICIT freed 210K, 6% free 10492K/11143K, paused 127ms+8ms
07-12 18:35:10.566 29234 29238 D dalvikvm: GC_CONCURRENT freed 148K, 3% free 9388K/9607K, paused 2ms+2ms
07-12 18:35:11.043 29234 29234 I ActivityThread: Pub com.facebook.katana.provider.LoggingProvider: com.facebook.katana.provider.LoggingProvider
07-12 18:35:11.074 29234 29234 I ActivityThread: Pub com.facebook.katana.provider.KeyValueProvider: com.facebook.katana.provider.KeyValueProvider
07-12 18:35:11.074 29234 29234 I ActivityThread: Pub com.facebook.katana.provider.CacheProvider: com.facebook.katana.provider.CacheProvider
07-12 18:35:11.078 29234 29234 I ActivityThread: Pub com.facebook.katana.provider.MailboxProvider: com.facebook.katana.provider.MailboxProvider
07-12 18:35:11.097 29234 29234 I ActivityThread: Pub com.facebook.katana.provider.UserStatusesProvider: com.facebook.katana.provider.UserStatusesProvider
07-12 18:35:11.097 29234 29234 I ActivityThread: Pub com.facebook.katana.provider.EventsProvider: com.facebook.katana.provider.EventsProvider
07-12 18:35:11.097 29234 29234 I ActivityThread: Pub com.facebook.katana.provider.NotificationsProvider: com.facebook.katana.provider.NotificationsProvider
07-12 18:35:11.101 29221 29222 D dalvikvm: GC_CONCURRENT freed 135K, 3% free 9667K/9927K, paused 109ms+2ms
07-12 18:35:11.113 29234 29234 I ActivityThread: Pub com.facebook.katana.provider.UserValuesProvider: com.facebook.katana.provider.UserValuesProvider
07-12 18:35:11.113 29234 29234 I ActivityThread: Pub com.facebook.katana.provider.PagesProvider: com.facebook.katana.provider.PagesProvider
07-12 18:35:11.113 29234 29234 I ActivityThread: Pub com.facebook.katana.provider.MobileEventLogProvider: com.facebook.katana.provider.MobileEventLogProvider
07-12 18:35:11.113 29234 29234 I ActivityThread: Pub com.facebook.katana.provider.PushNotificationsProvider: com.facebook.katana.provider.PushNotificationsProvider
07-12 18:35:11.113 29234 29234 I ActivityThread: Pub com.facebook.katana.provider.PhotosProvider: com.facebook.katana.provider.PhotosProvider
07-12 18:35:11.117 29234 29238 D dalvikvm: GC_CONCURRENT freed 148K, 3% free 9719K/9991K, paused 3ms+2ms
07-12 18:35:11.117 29234 29234 I ActivityThread: Pub com.facebook.katana.provider.ConnectionsProvider: com.facebook.katana.provider.ConnectionsProvider
07-12 18:35:11.140 29234 29234 I ActivityThread: Pub com.facebook.orca.notify.FbandroidMessagesForegroundProvider: com.facebook.orca.notify.FbandroidMessagesForegroundProvider
07-12 18:35:11.297 29234 29234 D ACRA    : Retrieve application default SharedPreferences.
07-12 18:35:11.300 29234 29234 D ACRA    : Set OnSharedPreferenceChangeListener.
07-12 18:35:11.312 29234 29234 D ACRA    : ACRA is enabled for com.facebook.katana, intializing...
07-12 18:35:11.433 29234 29234 D ACRA    : Looking for error files in /data/data/com.facebook.katana/app_acra-reports
07-12 18:35:11.769 29234 29234 W nalizableReferenceQueue: Could not load Finalizer in its own class loader.Loading Finalizer in the current class loader instead. As a result, you will not be ableto garbage collect this class loader. To support reclaiming this class loader, eitherresolve the underlying issue, or move Google Collections to your system class path.
07-12 18:35:11.769 29234 29234 W nalizableReferenceQueue: java.io.FileNotFoundException: com/google/common/base/internal/Finalizer.class
07-12 18:35:11.769 29234 29234 W nalizableReferenceQueue: 	at com.google.common.base.FinalizableReferenceQueue$DecoupledLoader.getBaseUrl(FinalizableReferenceQueue.java:243)
07-12 18:35:11.769 29234 29234 W nalizableReferenceQueue: 	at com.google.common.base.FinalizableReferenceQueue$DecoupledLoader.loadFinalizer(FinalizableReferenceQueue.java:227)
07-12 18:35:11.769 29234 29234 W nalizableReferenceQueue: 	at com.google.common.base.FinalizableReferenceQueue.loadFinalizer(FinalizableReferenceQueue.java:155)
07-12 18:35:11.769 29234 29234 W nalizableReferenceQueue: 	at com.google.common.base.FinalizableReferenceQueue.<clinit>(FinalizableReferenceQueue.java:84)
07-12 18:35:11.769 29234 29234 W nalizableReferenceQueue: 	at com.google.common.collect.CustomConcurrentHashMap$QueueHolder.<clinit>(CustomConcurrentHashMap.java:650)
07-12 18:35:11.769 29234 29234 W nalizableReferenceQueue: 	at com.google.common.collect.CustomConcurrentHashMap$WeakEntry.<init>(CustomConcurrentHashMap.java:1342)
07-12 18:35:11.769 29234 29234 W nalizableReferenceQueue: 	at com.google.common.collect.CustomConcurrentHashMap$EntryFactory$9.newEntry(CustomConcurrentHashMap.java:453)
07-12 18:35:11.769 29234 29234 W nalizableReferenceQueue: 	at com.google.common.collect.CustomConcurrentHashMap.a(CustomConcurrentHashMap.java:1715)
07-12 18:35:11.769 29234 29234 W nalizableReferenceQueue: 	at com.google.common.collect.ComputingConcurrentHashMap$ComputingSegment.a(ComputingConcurrentHashMap.java:123)
07-12 18:35:11.769 29234 29234 W nalizableReferenceQueue: 	at com.google.common.collect.ComputingConcurrentHashMap.apply(ComputingConcurrentHashMap.java:71)
07-12 18:35:11.769 29234 29234 W nalizableReferenceQueue: 	at com.google.common.collect.MapMaker$ComputingMapAdapter.get(MapMaker.java:848)
07-12 18:35:11.769 29234 29234 W nalizableReferenceQueue: 	at com.google.inject.internal.Annotations$AnnotationChecker.a(Annotations.java:94)
07-12 18:35:11.769 29234 29234 W nalizableReferenceQueue: 	at com.google.inject.internal.Annotations.c(Annotations.java:112)
07-12 18:35:11.769 29234 29234 W nalizableReferenceQueue: 	at com.google.inject.Key.d(Key.java:369)
07-12 18:35:11.769 29234 29234 W nalizableReferenceQueue: 	at com.google.inject.Key.b(Key.java:356)
07-12 18:35:11.769 29234 29234 W nalizableReferenceQueue: 	at com.google.inject.Key.a(Key.java:267)
07-12 18:35:11.769 29234 29234 W nalizableReferenceQueue: 	at com.facebook.orca.inject.binder.AnnotatedBindingBuilderImpl.a(AnnotatedBindingBuilderImpl.java:22)
07-12 18:35:11.769 29234 29234 W nalizableReferenceQueue: 	at com.facebook.orca.app.FbBaseModule.a(FbBaseModule.java:74)
07-12 18:35:11.769 29234 29234 W nalizableReferenceQueue: 	at com.facebook.orca.inject.AbstractModule.a(AbstractModule.java:19)
07-12 18:35:11.769 29234 29234 W nalizableReferenceQueue: 	at com.facebook.orca.inject.FbInjectorImpl.a(FbInjectorImpl.java:61)
07-12 18:35:11.769 29234 29234 W nalizableReferenceQueue: 	at com.facebook.orca.inject.FbInjectorImpl.<init>(FbInjectorImpl.java:41)
07-12 18:35:11.769 29234 29234 W nalizableReferenceQueue: 	at com.facebook.orca.inject.FbInjector.a(FbInjector.java:40)
07-12 18:35:11.769 29234 29234 W nalizableReferenceQueue: 	at com.facebook.katana.FacebookApplication.onCreate(FacebookApplication.java:86)
07-12 18:35:11.769 29234 29234 W nalizableReferenceQueue: 	at android.app.Instrumentation.callApplicationOnCreate(Instrumentation.java:969)
07-12 18:35:11.769 29234 29234 W nalizableReferenceQueue: 	at android.app.ActivityThread.handleBindApplication(ActivityThread.java:3954)
07-12 18:35:11.769 29234 29234 W nalizableReferenceQueue: 	at android.app.ActivityThread.access$1300(ActivityThread.java:123)
07-12 18:35:11.769 29234 29234 W nalizableReferenceQueue: 	at android.app.ActivityThread$H.handleMessage(ActivityThread.java:1185)
07-12 18:35:11.769 29234 29234 W nalizableReferenceQueue: 	at android.os.Handler.dispatchMessage(Handler.java:99)
07-12 18:35:11.769 29234 29234 W nalizableReferenceQueue: 	at android.os.Looper.loop(Looper.java:137)
07-12 18:35:11.769 29234 29234 W nalizableReferenceQueue: 	at android.app.ActivityThread.main(ActivityThread.java:4424)
07-12 18:35:11.769 29234 29234 W nalizableReferenceQueue: 	at java.lang.reflect.Method.invokeNative(Native Method)
07-12 18:35:11.769 29234 29234 W nalizableReferenceQueue: 	at java.lang.reflect.Method.invoke(Method.java:511)
07-12 18:35:11.769 29234 29234 W nalizableReferenceQueue: 	at com.android.internal.os.ZygoteInit$MethodAndArgsCaller.run(ZygoteInit.java:784)
07-12 18:35:11.769 29234 29234 W nalizableReferenceQueue: 	at com.android.internal.os.ZygoteInit.main(ZygoteInit.java:551)
07-12 18:35:11.769 29234 29234 W nalizableReferenceQueue: 	at dalvik.system.NativeStart.main(Native Method)
07-12 18:35:11.800 29234 29234 I Finalizer: Couldn't access Thread.inheritableThreadLocals. Reference finalizer threads will inherit thread local values.
07-12 18:35:11.902 29234 29238 D dalvikvm: GC_CONCURRENT freed 313K, 5% free 9830K/10247K, paused 4ms+3ms
07-12 18:35:18.265   144   144 I ActivityManager: Process com.google.android.apps.plus (pid 28941) has died.
07-12 18:35:18.570 29221 29222 D dalvikvm: GC_CONCURRENT freed 272K, 4% free 9880K/10247K, paused 158ms+2ms
07-12 18:35:18.679 29221 29225 I dalvikvm: Total arena pages for JIT: 11
07-12 18:35:18.679 29221 29225 I dalvikvm: Total arena pages for JIT: 12
07-12 18:35:18.679 29221 29225 I dalvikvm: Total arena pages for JIT: 13
07-12 18:35:18.679 29221 29225 I dalvikvm: Total arena pages for JIT: 14
07-12 18:35:18.683 29221 29225 I dalvikvm: Total arena pages for JIT: 15
07-12 18:35:18.683 29221 29225 I dalvikvm: Total arena pages for JIT: 16
07-12 18:35:18.683 29221 29225 I dalvikvm: Total arena pages for JIT: 17
07-12 18:35:18.742 29234 29238 D dalvikvm: GC_CONCURRENT freed 387K, 5% free 9969K/10439K, paused 2ms+46ms
07-12 18:35:19.066 29234 29238 D dalvikvm: GC_CONCURRENT freed 345K, 4% free 10146K/10567K, paused 3ms+3ms
07-12 18:35:19.441 29234 29260 W Resources: Converting to string: TypedValue{t=0x10/d=0xffffffff a=-1}
07-12 18:35:19.847   144   155 I ActivityManager: Start proc com.google.android.gsf.login for service com.google.android.gsf.login/com.google.android.gsf.loginservice.GoogleLoginService: pid=29268 uid=10009 gids={3003, 1015, 1007, 2001, 3006}
07-12 18:35:19.961 29234 29238 D dalvikvm: GC_CONCURRENT freed 370K, 5% free 10289K/10759K, paused 7ms+7ms
07-12 18:35:20.433   144 10051 D dalvikvm: GC_EXPLICIT freed 343K, 23% free 18245K/23431K, paused 8ms+8ms
07-12 18:35:21.011 29234 29238 D dalvikvm: GC_CONCURRENT freed 282K, 4% free 10410K/10823K, paused 2ms+3ms
07-12 18:35:24.136 29234 29238 D dalvikvm: GC_CONCURRENT freed 352K, 5% free 10465K/10951K, paused 2ms+4ms
07-12 18:35:32.539 18680 18680 D dalvikvm: GC_EXPLICIT freed 187K, 11% free 11663K/12999K, paused 15ms+4ms
07-12 18:35:33.461   344   344 D SAN_SERVICE: *******************************************
07-12 18:35:33.461   344   344 D SAN_SERVICE: DM App Phone Service State - 0
07-12 18:35:33.461   344   344 D SAN_SERVICE: *******************************************
07-12 18:35:33.550   344   344 D SAN_SERVICE: *******************************************
07-12 18:35:33.550   344   344 D SAN_SERVICE: DM App Phone Service State - 0
07-12 18:35:33.554   344   344 D SAN_SERVICE: *******************************************
07-12 18:35:34.347   344   344 D SAN_SERVICE: *******************************************
07-12 18:35:34.351   344   344 D SAN_SERVICE: DM App Phone Service State - 0
07-12 18:35:34.351   344   344 D SAN_SERVICE: *******************************************
07-12 18:35:36.933 29234 29238 D dalvikvm: GC_CONCURRENT freed 332K, 5% free 10552K/11015K, paused 2ms+3ms
07-12 18:35:48.211   144   160 D dalvikvm: GC_EXPLICIT freed 117K, 23% free 18240K/23431K, paused 12ms+7ms
07-12 18:36:01.390   144   198 D DhcpInfoInternal: makeLinkProperties with empty dns2!
07-12 18:36:01.390   144   198 D DhcpInfoInternal: makeLinkProperties with empty dns2!
07-12 18:36:06.316 25179 25180 D dalvikvm: GC_CONCURRENT freed 512K, 6% free 10458K/11079K, paused 2ms+3ms
07-12 18:36:06.468 29221 29222 D dalvikvm: GC_CONCURRENT freed 432K, 6% free 9935K/10503K, paused 17ms+5ms
07-12 18:37:06.320 29221 29225 I dalvikvm: Total arena pages for JIT: 18
07-12 18:37:06.421 29221 29222 D dalvikvm: GC_CONCURRENT freed 450K, 6% free 9946K/10503K, paused 2ms+2ms
07-12 18:38:06.039 25179 25180 D dalvikvm: GC_CONCURRENT freed 421K, 6% free 10471K/11079K, paused 13ms+6ms
07-12 18:38:26.289   144   198 D DhcpInfoInternal: makeLinkProperties with empty dns2!
07-12 18:38:26.293   144   198 D DhcpInfoInternal: makeLinkProperties with empty dns2!
07-12 18:38:55.019   144   175 I power   : *** set_screen_state 1
07-12 18:38:55.144   144   175 I WindowManager: Lock screen displayed!
07-12 18:38:55.215    78   120 D SurfaceFlinger: Screen about to return, flinger = 0x5b4918
07-12 18:38:56.152   214   214 D PhoneStatusBar: disable: < expand icons alerts ticker system_info BACK HOME recent* CLOCK >
07-12 18:38:56.203   214   214 D PhoneStatusBar: disable: < expand icons alerts ticker system_info back* home* recent clock* >
07-12 18:38:56.207   144   155 W InputManagerService: Window already focused, ignoring focus gain of: com.android.internal.view.IInputMethodClient$Stub$Proxy@41661448
07-12 18:38:56.246   144   161 I ActivityManager: Start proc com.google.android.apps.gesturesearch for broadcast com.google.android.apps.gesturesearch/.motion.ScreenStateReceiver: pid=29337 uid=10088 gids={3003}
07-12 18:38:56.336 29337 29337 I dalvikvm: Turning on JNI app bug workarounds for target SDK version 8...
07-12 18:38:56.504 29337 29337 I ActivityThread: Pub com.google.android.apps.gesturesearch.history: com.google.android.apps.gesturesearch.data.QueryHistoryProvider
07-12 18:38:56.507 29337 29337 I ActivityThread: Pub com.google.android.apps.gesturesearch.index: com.google.android.apps.gesturesearch.data.IndexProvider
07-12 18:38:56.597 17159 17161 D dalvikvm: GC_CONCURRENT freed 348K, 6% free 10540K/11143K, paused 14ms+5ms
07-12 18:38:56.820 29201 29202 D dalvikvm: GC_CONCURRENT freed 536K, 7% free 9527K/10183K, paused 8ms+4ms
07-12 18:39:00.773   144   171 I power   : *** set_screen_state 0
07-12 18:39:00.840    78   120 D SurfaceFlinger: About to give-up screen, flinger = 0x5b4918
07-12 18:39:00.992   144   175 V TransportControlView: Create TCV com.android.internal.widget.TransportControlView@4170c970
07-12 18:39:01.043   214   214 D PhoneStatusBar: disable: < expand icons alerts ticker system_info back home RECENT* clock >
07-12 18:39:01.093   214   214 D PhoneStatusBar: disable: < expand icons alerts ticker system_info BACK* HOME* RECENT CLOCK* >
07-12 18:39:03.359   344   344 D SAN_SERVICE: *******************************************
07-12 18:39:03.359   344   344 D SAN_SERVICE: DM App Phone Service State - 0
07-12 18:39:03.359   344   344 D SAN_SERVICE: *******************************************
07-12 18:39:06.441 25179 25180 D dalvikvm: GC_CONCURRENT freed 517K, 6% free 10465K/11079K, paused 16ms+3ms
07-12 18:39:06.617 29221 29222 D dalvikvm: GC_CONCURRENT freed 504K, 6% free 9970K/10567K, paused 8ms+3ms
07-12 18:39:11.480   144   173 I ActivityManager: Start proc com.twitter.android for service com.twitter.android/.client.AppService: pid=29354 uid=10064 gids={3003, 1015}
07-12 18:39:15.007   144   175 I power   : *** set_screen_state 1
07-12 18:39:15.031 29354 29354 I dalvikvm: Turning on JNI app bug workarounds for target SDK version 11...
07-12 18:39:15.054   144   175 I WindowManager: Lock screen displayed!
07-12 18:39:15.203 29354 29354 I ActivityThread: Pub com.twitter.android.provider.GlobalDatabaseProvider: com.twitter.android.provider.GlobalDatabaseProvider
07-12 18:39:15.211   144   403 I ActivityManager: Process android.process.acore (pid 29201) has died.
07-12 18:39:15.215 29354 29354 I ActivityThread: Pub com.twitter.android.provider.TwitterProvider: com.twitter.android.provider.TwitterProvider
07-12 18:39:15.215    78   120 D SurfaceFlinger: Screen about to return, flinger = 0x5b4918
07-12 18:39:15.371 29354 29355 D dalvikvm: GC_CONCURRENT freed 182K, 4% free 9301K/9607K, paused 12ms+2ms
07-12 18:39:15.613   144   168 D dalvikvm: GC_EXPLICIT freed 835K, 20% free 18789K/23431K, paused 11ms+17ms
07-12 18:39:16.011   214   214 D PhoneStatusBar: disable: < expand icons alerts ticker system_info BACK HOME recent* CLOCK >
07-12 18:39:16.043   144   376 W InputManagerService: Window already focused, ignoring focus gain of: com.android.internal.view.IInputMethodClient$Stub$Proxy@418909b0
07-12 18:39:16.050   214   214 D PhoneStatusBar: disable: < expand icons alerts ticker system_info back* home* recent clock* >
07-12 18:39:16.105   320   324 D dalvikvm: GC_CONCURRENT freed 458K, 20% free 10164K/12615K, paused 5ms+2ms
07-12 18:39:16.238 29354 29355 D dalvikvm: GC_CONCURRENT freed 219K, 4% free 9516K/9863K, paused 5ms+2ms
07-12 18:39:16.386 29354 29355 D dalvikvm: GC_CONCURRENT freed 286K, 5% free 9642K/10055K, paused 1ms+1ms
07-12 18:39:16.531 29354 29355 D dalvikvm: GC_CONCURRENT freed 293K, 5% free 9766K/10183K, paused 2ms+2ms
07-12 18:39:16.652 29354 29355 D dalvikvm: GC_CONCURRENT freed 294K, 5% free 9891K/10311K, paused 2ms+3ms
07-12 18:39:16.785 29354 29355 D dalvikvm: GC_CONCURRENT freed 295K, 5% free 10015K/10439K, paused 1ms+2ms
07-12 18:39:16.910 29354 29355 D dalvikvm: GC_CONCURRENT freed 301K, 4% free 10146K/10567K, paused 2ms+2ms
07-12 18:39:17.031 29354 29355 D dalvikvm: GC_CONCURRENT freed 295K, 4% free 10272K/10695K, paused 2ms+2ms
07-12 18:39:17.218 29354 29355 D dalvikvm: GC_CONCURRENT freed 473K, 6% free 10224K/10823K, paused 1ms+5ms
07-12 18:39:17.328   144   171 I power   : *** set_screen_state 0
07-12 18:39:17.379    78   120 D SurfaceFlinger: About to give-up screen, flinger = 0x5b4918
07-12 18:39:17.422   144   175 V TransportControlView: Create TCV com.android.internal.widget.TransportControlView@41b6ade0
07-12 18:39:17.441   214   214 D PhoneStatusBar: disable: < expand icons alerts ticker system_info back home RECENT* clock >
07-12 18:39:17.468   214   214 D PhoneStatusBar: disable: < expand icons alerts ticker system_info BACK* HOME* RECENT CLOCK* >
07-12 18:39:17.519 29354 29355 D dalvikvm: GC_CONCURRENT freed 320K, 5% free 10298K/10823K, paused 2ms+2ms
07-12 18:39:17.636 29354 29355 D dalvikvm: GC_CONCURRENT freed 335K, 5% free 10382K/10823K, paused 2ms+2ms
07-12 18:39:17.777 29354 29355 D dalvikvm: GC_CONCURRENT freed 362K, 5% free 10476K/10951K, paused 2ms+2ms
07-12 18:39:17.890 29354 29355 D dalvikvm: GC_CONCURRENT freed 344K, 5% free 10557K/11015K, paused 2ms+2ms
07-12 18:39:18.050 29354 29355 D dalvikvm: GC_CONCURRENT freed 333K, 4% free 10640K/11079K, paused 1ms+7ms
07-12 18:39:18.289 29354 29355 D dalvikvm: GC_CONCURRENT freed 362K, 5% free 10729K/11207K, paused 2ms+2ms
07-12 18:39:18.558 29354 29355 D dalvikvm: GC_CONCURRENT freed 413K, 5% free 10824K/11335K, paused 2ms+2ms
07-12 18:39:18.640   344   344 D SAN_SERVICE: *******************************************
07-12 18:39:18.640   344   344 D SAN_SERVICE: DM App Phone Service State - 0
07-12 18:39:18.640   344   344 D SAN_SERVICE: *******************************************
07-12 18:39:19.144   344   344 D SAN_SERVICE: *******************************************
07-12 18:39:19.144   344   344 D SAN_SERVICE: DM App Phone Service State - 0
07-12 18:39:19.144   344   344 D SAN_SERVICE: *******************************************
07-12 18:39:20.195 29354 29355 D dalvikvm: GC_CONCURRENT freed 321K, 4% free 11029K/11463K, paused 2ms+2ms
07-12 18:39:21.082 25099 25112 I PhoneLab-: Service Running
07-12 18:39:21.238   144   424 I ActivityManager: Process com.google.android.apps.maps:LocationFriendService (pid 29221) has died.
07-12 18:39:21.273 25099 25112 I PhoneLab-LoggerService: app_37    1373  1     1440   1000  c00f181c 400107b4 S logcat
07-12 18:39:21.273 25099 25112 I PhoneLab-LoggerService: Logcat pid from database 1373
07-12 18:39:21.273 25099 25112 I PhoneLab-LoggerService: Logcat process found 1373
07-12 18:39:21.273 25099 25112 I PhoneLab-LoggerService: Checking Threshold
07-12 18:39:21.273 25099 25112 I PhoneLab-: Service Running
07-12 18:39:21.304 25099 25112 I PhoneLab-LoggerService: app_37    1373  1     1440   1000  c00f181c 400107b4 S logcat
07-12 18:39:21.304 25099 25112 I PhoneLab-LoggerService: Logcat pid from database 1373
07-12 18:39:21.304 25099 25112 I PhoneLab-LoggerService: Logcat process found 1373
07-12 18:39:21.304 25099 25112 I PhoneLab-LoggerService: Checking Threshold
07-12 18:39:21.570 29354 29355 D dalvikvm: GC_CONCURRENT freed 449K, 5% free 11146K/11719K, paused 2ms+3ms
07-12 18:40:06.578   144 24503 I ActivityManager: Start proc com.google.android.apps.maps:LocationFriendService for service com.google.android.apps.maps/com.google.googlenav.friend.reporting.LocationReceiverService: pid=29377 uid=10056 gids={3003, 1015}
07-12 18:40:06.621 25179 25180 D dalvikvm: GC_CONCURRENT freed 413K, 6% free 10462K/11079K, paused 2ms+3ms
07-12 18:40:06.726 29377 29380 D dalvikvm: GC_CONCURRENT freed 163K, 3% free 9373K/9607K, paused 2ms+2ms
07-12 18:40:07.015 29377 29380 D dalvikvm: GC_CONCURRENT freed 156K, 3% free 9682K/9927K, paused 9ms+2ms
07-12 18:40:07.144   144   403 I ActivityManager: Process com.google.android.gsf.login (pid 29268) has died.
07-12 18:40:07.453 29377 29380 D dalvikvm: GC_CONCURRENT freed 245K, 4% free 9925K/10247K, paused 5ms+2ms
07-12 18:40:07.476 29377 29384 I dalvikvm: Total arena pages for JIT: 11
07-12 18:40:07.480 29377 29384 I dalvikvm: Total arena pages for JIT: 12
07-12 18:40:07.480 29377 29384 I dalvikvm: Total arena pages for JIT: 13
07-12 18:40:07.480 29377 29384 I dalvikvm: Total arena pages for JIT: 14
07-12 18:40:07.480 29377 29384 I dalvikvm: Total arena pages for JIT: 15
07-12 18:40:07.480 29377 29384 I dalvikvm: Total arena pages for JIT: 16
07-12 18:40:07.480 29377 29384 I dalvikvm: Total arena pages for JIT: 17
07-12 18:40:07.558   144   155 I ActivityManager: Process com.twitter.android (pid 29354) has died.
07-12 18:40:46.007   144   175 I power   : *** set_screen_state 1
07-12 18:40:46.066   144   175 I WindowManager: Lock screen displayed!
07-12 18:40:46.117   344   344 D dalvikvm: GC_EXPLICIT freed 219K, 14% free 12213K/14087K, paused 3ms+9ms
07-12 18:40:46.238    78   120 D SurfaceFlinger: Screen about to return, flinger = 0x5b4918
07-12 18:40:48.324   144   171 I power   : *** set_screen_state 0
07-12 18:40:48.386    78   120 D SurfaceFlinger: About to give-up screen, flinger = 0x5b4918
07-12 18:40:48.468   144   175 V TransportControlView: Create TCV com.android.internal.widget.TransportControlView@41b6b860
07-12 18:40:48.621   144   147 D dalvikvm: GC_CONCURRENT freed 1645K, 19% free 19068K/23431K, paused 3ms+7ms
07-12 18:40:51.226   144   198 D DhcpInfoInternal: makeLinkProperties with empty dns2!
07-12 18:40:51.230   144   198 D DhcpInfoInternal: makeLinkProperties with empty dns2!
07-12 18:41:06.656 29377 29384 I dalvikvm: Total arena pages for JIT: 18
07-12 18:41:06.726 29377 29380 D dalvikvm: GC_CONCURRENT freed 507K, 6% free 9963K/10567K, paused 1ms+3ms
07-12 18:42:06.707 25179 25180 D dalvikvm: GC_CONCURRENT freed 510K, 6% free 10463K/11079K, paused 1ms+2ms
07-12 18:42:07.632   344   344 D SAN_SERVICE: *******************************************
07-12 18:42:07.632   344   344 D SAN_SERVICE: DM App Phone Service State - 0
07-12 18:42:07.632   344   344 D SAN_SERVICE: *******************************************
07-12 18:42:08.136   344   344 D SAN_SERVICE: *******************************************
07-12 18:42:08.136   344   344 D SAN_SERVICE: DM App Phone Service State - 0
07-12 18:42:08.140   344   344 D SAN_SERVICE: *******************************************
07-12 18:43:07.453 29377 29380 D dalvikvm: GC_CONCURRENT freed 493K, 6% free 9936K/10567K, paused 2ms+3ms
07-12 18:43:14.125   344   344 D SAN_SERVICE: *******************************************
07-12 18:43:14.125   344   344 D SAN_SERVICE: DM App Phone Service State - 0
07-12 18:43:14.129   344   344 D SAN_SERVICE: *******************************************
07-12 18:43:14.421   344   344 D SAN_SERVICE: *******************************************
07-12 18:43:14.421   344   344 D SAN_SERVICE: DM App Phone Service State - 0
07-12 18:43:14.421   344   344 D SAN_SERVICE: *******************************************
07-12 18:43:15.218 25099 25112 I PhoneLab-: Service Running
07-12 18:43:15.296 25099 25112 I PhoneLab-LoggerService: app_37    1373  1     1440   1000  c00f181c 400107b4 S logcat
07-12 18:43:15.296 25099 25112 I PhoneLab-LoggerService: Logcat pid from database 1373
07-12 18:43:15.296 25099 25112 I PhoneLab-LoggerService: Logcat process found 1373
07-12 18:43:15.296 25099 25112 I PhoneLab-LoggerService: Checking Threshold
07-12 18:43:15.296 25099 25112 I PhoneLab-: Service Running
07-12 18:43:15.316 25099 25100 D dalvikvm: GC_CONCURRENT freed 398K, 15% free 9148K/10695K, paused 1ms+2ms
07-12 18:43:15.339 25099 25112 I PhoneLab-LoggerService: app_37    1373  1     1440   1000  c00f181c 400107b4 S logcat
07-12 18:43:15.339 25099 25112 I PhoneLab-LoggerService: Logcat pid from database 1373
07-12 18:43:15.339 25099 25112 I PhoneLab-LoggerService: Logcat process found 1373
07-12 18:43:15.339 25099 25112 I PhoneLab-LoggerService: Checking Threshold
07-12 18:43:15.882   144   198 D DhcpInfoInternal: makeLinkProperties with empty dns2!
07-12 18:43:15.882   144   198 D DhcpInfoInternal: makeLinkProperties with empty dns2!
07-12 18:44:03.011   144   175 I power   : *** set_screen_state 1
07-12 18:44:03.113   144   175 I WindowManager: Lock screen displayed!
07-12 18:44:03.269    78   120 D SurfaceFlinger: Screen about to return, flinger = 0x5b4918
07-12 18:44:04.832   144   171 I power   : *** set_screen_state 0
07-12 18:44:04.886    78   120 D SurfaceFlinger: About to give-up screen, flinger = 0x5b4918
07-12 18:44:04.953   144   175 V TransportControlView: Create TCV com.android.internal.widget.TransportControlView@41914900
07-12 18:44:07.382 25179 25180 D dalvikvm: GC_CONCURRENT freed 511K, 6% free 10463K/11079K, paused 2ms+2ms
07-12 18:44:07.527 29377 29380 D dalvikvm: GC_CONCURRENT freed 415K, 6% free 10001K/10567K, paused 2ms+2ms
07-12 18:44:23.414   144   173 I ActivityManager: Start proc com.twitter.android for service com.twitter.android/.client.AppService: pid=29449 uid=10064 gids={3003, 1015}
07-12 18:44:28.043 29449 29449 I dalvikvm: Turning on JNI app bug workarounds for target SDK version 11...
07-12 18:44:28.093   144   160 I power   : *** set_screen_state 1
07-12 18:44:28.105 25099 25099 I PhoneLab-PowerOnReceiver: Power is plugged in!
07-12 18:44:28.105 25099 25099 I PhoneLab-PowerOnReceiver: Rescheduling periodic checking...
07-12 18:44:28.140   214   214 W PowerUI : unknown intent: Intent { act=android.intent.action.ACTION_POWER_CONNECTED flg=0x10000010 }
07-12 18:44:28.152   144   175 I WindowManager: Lock screen displayed!
07-12 18:44:28.203 25099 25099 I PhoneLab-Locks: wake lock acquired
07-12 18:44:28.218 29449 29449 I ActivityThread: Pub com.twitter.android.provider.GlobalDatabaseProvider: com.twitter.android.provider.GlobalDatabaseProvider
07-12 18:44:28.222 29449 29449 I ActivityThread: Pub com.twitter.android.provider.TwitterProvider: com.twitter.android.provider.TwitterProvider
07-12 18:44:28.285    78   120 D SurfaceFlinger: Screen about to return, flinger = 0x5b4918
07-12 18:44:28.363   144   323 I ActivityManager: Start proc com.google.android.apps.plus for broadcast com.google.android.apps.plus/.iu.BatteryReceiver: pid=29464 uid=10060 gids={3003, 3002, 1015, 1006}
07-12 18:44:28.375 25099 25099 I PhoneLab-UploadLogs: Transfering log files now
07-12 18:44:28.375 25099 25099 I PhoneLab-UploadLogs: No log files to transfer
07-12 18:44:28.375 25099 25099 I PhoneLab-Locks: wake lock released
07-12 18:44:28.379 25099 25099 I PhoneLab-UploadLogs: OnStartCommand
07-12 18:44:28.586 29449 29452 D dalvikvm: GC_CONCURRENT freed 189K, 4% free 9301K/9607K, paused 20ms+127ms
07-12 18:44:28.672 29464 29466 D dalvikvm: GC_CONCURRENT freed 164K, 3% free 9371K/9607K, paused 2ms+3ms
07-12 18:44:28.879 29464 29464 I ActivityThread: Pub com.google.android.apps.plus.content.ApiProvider: com.google.android.apps.plus.content.EsApiProvider
07-12 18:44:28.906 29464 29464 I ActivityThread: Pub com.google.android.apps.plus.content.EsGooglePhotoProvider: com.google.android.picasasync.PicasaContentProvider
07-12 18:44:29.047 29464 29466 D dalvikvm: GC_CONCURRENT freed 337K, 5% free 9580K/9991K, paused 2ms+9ms
07-12 18:44:29.097 29464 29464 I ActivityThread: Pub com.google.android.apps.plus.content.EsPicasaStoreProvider: com.google.android.picasastore.PicasaPhotoContentProvider
07-12 18:44:29.113 29464 29464 I ActivityThread: Pub com.google.plus.platform: com.google.android.apps.plus.content.AdsProvider
07-12 18:44:29.113 29464 29464 I ActivityThread: Pub com.google.android.apps.plus.iu.EsGoogleIuProvider: com.google.android.apps.plus.iu.InstantUploadProvider
07-12 18:44:29.222 29464 29466 D dalvikvm: GC_CONCURRENT freed 501K, 6% free 9608K/10183K, paused 5ms+3ms
07-12 18:44:29.226 29464 29464 I ActivityThread: Pub com.google.android.apps.plus.content.EsProvider: com.google.android.apps.plus.content.EsProvider
07-12 18:44:29.328   144   402 I ActivityManager: Start proc android.process.media for content provider com.android.providers.media/.MediaProvider: pid=29480 uid=10012 gids={1015, 1023, 1024, 2001, 3003, 3007}
07-12 18:44:29.457 29480 29480 I ActivityThread: Pub downloads: com.android.providers.downloads.DownloadProvider
07-12 18:44:29.484   144 30930 I ActivityManager: Start proc com.google.android.youtube for broadcast com.google.android.youtube/.app.prefetch.PrefetchService$DeviceStateReceiver: pid=29495 uid=10057 gids={3003, 1015, 1006}
07-12 18:44:29.543 29480 29480 I ActivityThread: Pub drm: com.android.providers.drm.DrmProvider
07-12 18:44:29.543 29480 29502 I DownloadManager: in removeSpuriousFiles
07-12 18:44:29.562 29480 29480 I ActivityThread: Pub media: com.android.providers.media.MediaProvider
07-12 18:44:29.621 29480 29502 I DownloadManager: in removeSpuriousFiles, preserving file /data/data/com.android.providers.downloads/cache/metadata.json
07-12 18:44:29.625 29480 29502 I DownloadManager: in removeSpuriousFiles, preserving file /data/data/com.android.providers.downloads/cache/en_general.htm
07-12 18:44:29.625 29480 29502 I DownloadManager: in removeSpuriousFiles, preserving file /mnt/sdcard/Download/img-thing.jpeg
07-12 18:44:29.625 29480 29502 I DownloadManager: in removeSpuriousFiles, preserving file /data/data/com.android.providers.downloads/cache/metadata-1.json
07-12 18:44:29.625 29480 29502 I DownloadManager: in removeSpuriousFiles, preserving file /data/data/com.android.providers.downloads/cache/downloadfile.jpeg
07-12 18:44:29.625 29480 29502 I DownloadManager: in removeSpuriousFiles, preserving file /data/data/com.android.providers.downloads/cache/metadata-2.json
07-12 18:44:29.625 29480 29502 I DownloadManager: in removeSpuriousFiles, preserving file /data/data/com.android.providers.downloads/cache/metadata-3.json
07-12 18:44:29.625 29480 29502 I DownloadManager: in removeSpuriousFiles, preserving file /data/data/com.android.providers.downloads/cache/downloadfile-1.jpeg
07-12 18:44:29.625 29480 29502 I DownloadManager: in removeSpuriousFiles, preserving file /data/data/com.android.providers.downloads/cache/downloadfile-2.jpeg
07-12 18:44:29.629 29480 29502 I DownloadManager: in removeSpuriousFiles, preserving file /data/data/com.android.providers.downloads/cache/metadata-4.json
07-12 18:44:29.629 29480 29502 I DownloadManager: in removeSpuriousFiles, preserving file /data/data/com.android.providers.downloads/cache/metadata-5.json
07-12 18:44:29.629 29480 29502 I DownloadManager: in removeSpuriousFiles, preserving file /data/data/com.android.providers.downloads/cache/downloadfile-1.apk
07-12 18:44:29.632 29480 29502 I DownloadManager: deleting spurious file /cache/backup
07-12 18:44:29.761   144   376 I ActivityManager: Process com.google.android.apps.maps:LocationFriendService (pid 29377) has died.
07-12 18:44:29.945 29495 29497 D dalvikvm: GC_CONCURRENT freed 169K, 3% free 9360K/9607K, paused 2ms+2ms
07-12 18:44:29.988   144  9084 I ActivityManager: Process com.google.android.apps.gesturesearch (pid 29337) has died.
07-12 18:44:30.152 29495 29495 I ActivityThread: Pub com.google.android.youtube.SuggestionProvider: com.google.android.youtube.core.suggest.SuggestionProvider
07-12 18:44:30.164 29480 29482 D dalvikvm: GC_CONCURRENT freed 368K, 5% free 9168K/9607K, paused 4ms+2ms
07-12 18:44:30.285 29464 29466 D dalvikvm: GC_CONCURRENT freed 290K, 5% free 9829K/10247K, paused 12ms+7ms
07-12 18:44:30.484   144 10051 I ActivityManager: Process com.google.android.apps.plus (pid 29464) has died.
07-12 18:44:30.664 29495 29497 D dalvikvm: GC_CONCURRENT freed 347K, 5% free 9573K/9991K, paused 2ms+3ms
07-12 18:44:30.668 29495 29505 W CursorWrapperInner: Cursor finalized without prior close()
07-12 18:44:30.672 29495 29505 W CursorWrapperInner: Cursor finalized without prior close()
07-12 18:44:30.757 29495 29497 D dalvikvm: GC_CONCURRENT freed 331K, 4% free 9781K/10183K, paused 2ms+3ms
07-12 18:44:30.863 29495 29497 D dalvikvm: GC_CONCURRENT freed 358K, 5% free 9946K/10375K, paused 1ms+5ms
07-12 18:44:30.968 29495 29497 D dalvikvm: GC_CONCURRENT freed 343K, 4% free 10152K/10567K, paused 2ms+3ms
07-12 18:44:31.039   144  9084 I ActivityManager: Process android.process.media (pid 29480) has died.
07-12 18:44:31.066 29495 29532 D dalvikvm: GC_FOR_ALLOC freed 427K, 5% free 10261K/10759K, paused 24ms
07-12 18:44:31.187   144 10051 I ActivityManager: Start proc com.google.android.apps.gesturesearch for broadcast com.google.android.apps.gesturesearch/.search.BatteryReceiver: pid=29541 uid=10088 gids={3003}
07-12 18:44:31.199 29541 29541 I dalvikvm: Turning on JNI app bug workarounds for target SDK version 8...
07-12 18:44:31.242 29449 29452 D dalvikvm: GC_CONCURRENT freed 219K, 4% free 9516K/9863K, paused 1ms+2ms
07-12 18:44:31.285 29541 29541 I ActivityThread: Pub com.google.android.apps.gesturesearch.history: com.google.android.apps.gesturesearch.data.QueryHistoryProvider
07-12 18:44:31.285 29541 29541 I ActivityThread: Pub com.google.android.apps.gesturesearch.index: com.google.android.apps.gesturesearch.data.IndexProvider
07-12 18:44:31.379 29495 29497 D dalvikvm: GC_CONCURRENT freed 387K, 5% free 10326K/10823K, paused 28ms+5ms
07-12 18:44:31.468   144 30930 D dalvikvm: GC_EXPLICIT freed 2503K, 22% free 18318K/23431K, paused 4ms+10ms
07-12 18:44:31.656 29449 29452 D dalvikvm: GC_CONCURRENT freed 286K, 5% free 9642K/10055K, paused 2ms+2ms
07-12 18:44:31.777 29449 29452 D dalvikvm: GC_CONCURRENT freed 295K, 5% free 9766K/10183K, paused 1ms+2ms
07-12 18:44:31.894 29449 29452 D dalvikvm: GC_CONCURRENT freed 292K, 5% free 9890K/10311K, paused 1ms+2ms
07-12 18:44:32.023 29449 29452 D dalvikvm: GC_CONCURRENT freed 299K, 5% free 10017K/10439K, paused 1ms+2ms
07-12 18:44:32.140 29449 29452 D dalvikvm: GC_CONCURRENT freed 300K, 4% free 10151K/10567K, paused 1ms+2ms
07-12 18:44:32.257 29449 29452 D dalvikvm: GC_CONCURRENT freed 292K, 4% free 10277K/10695K, paused 1ms+2ms
07-12 18:44:32.437 29449 29452 D dalvikvm: GC_CONCURRENT freed 484K, 6% free 10226K/10823K, paused 2ms+2ms
07-12 18:44:32.488   144 24503 I ActivityManager: Process com.google.android.youtube (pid 29495) has died.
07-12 18:44:32.601 29449 29452 D dalvikvm: GC_CONCURRENT freed 321K, 5% free 10301K/10823K, paused 2ms+2ms
07-12 18:44:32.718 29449 29452 D dalvikvm: GC_CONCURRENT freed 321K, 5% free 10375K/10823K, paused 2ms+2ms
07-12 18:44:32.863 29449 29452 D dalvikvm: GC_CONCURRENT freed 352K, 5% free 10478K/10951K, paused 2ms+2ms
07-12 18:44:32.984 29449 29452 D dalvikvm: GC_CONCURRENT freed 350K, 5% free 10557K/11015K, paused 2ms+2ms
07-12 18:44:33.105 29449 29452 D dalvikvm: GC_CONCURRENT freed 330K, 4% free 10638K/11079K, paused 2ms+2ms
07-12 18:44:33.234 29449 29452 D dalvikvm: GC_CONCURRENT freed 365K, 5% free 10725K/11207K, paused 2ms+2ms
07-12 18:44:33.367 29449 29452 D dalvikvm: GC_CONCURRENT freed 395K, 5% free 10822K/11335K, paused 2ms+2ms
07-12 18:44:34.429 29449 29452 D dalvikvm: GC_CONCURRENT freed 314K, 4% free 11020K/11463K, paused 2ms+3ms
07-12 18:44:35.769   344   344 D SAN_SERVICE: *******************************************
07-12 18:44:35.769   344   344 D SAN_SERVICE: DM App Phone Service State - 0
07-12 18:44:35.773   344   344 D SAN_SERVICE: *******************************************
07-12 18:44:36.004   344   344 D SAN_SERVICE: *******************************************
07-12 18:44:36.004   344   344 D SAN_SERVICE: DM App Phone Service State - 0
07-12 18:44:36.004   344   344 D SAN_SERVICE: *******************************************
07-12 18:44:36.257   344   344 D SAN_SERVICE: *******************************************
07-12 18:44:36.257   344   344 D SAN_SERVICE: DM App Phone Service State - 0
07-12 18:44:36.257   344   344 D SAN_SERVICE: *******************************************
07-12 18:44:36.363 29449 29452 D dalvikvm: GC_CONCURRENT freed 438K, 5% free 11220K/11783K, paused 2ms+8ms
07-12 18:44:38.254 25099 25099 I PhoneLab-Locks: wake lock acquired
07-12 18:44:38.316 25099 29564 I PhoneLab-PeriodicCheckService: User info is synched
07-12 18:44:38.320 25099 29564 I PhoneLab-PeriodicCheckService: Logger Service is running
07-12 18:44:38.324 25099 25099 I PhoneLab-Locks: wake lock acquired
07-12 18:44:38.328 25099 25099 I PhoneLab-StatusMonitor: Status Monitoring is started
07-12 18:44:38.328 25099 29564 I PhoneLab-Locks: wake lock acquired
07-12 18:44:38.332 25099 29564 I PhoneLab-PeriodicCheckService: Rescheduling periodic checking...
07-12 18:44:38.336 25099 25099 E PhoneLab-PhoneLabManifest: java.io.FileNotFoundException: /data/data/edu.buffalo.cse.phonelab.phonelabservices/files/manifest.xml: open failed: ENOENT (No such file or directory)
07-12 18:44:38.336 25099 29564 I PhoneLab-Locks: wake lock released
07-12 18:44:38.351 25099 25099 I PhoneLab-Locks: wake lock released
07-12 18:44:38.351 25099 25099 I PhoneLab-UploadLogs: Transfering log files now
07-12 18:44:38.351 25099 25099 I PhoneLab-UploadLogs: No log files to transfer
07-12 18:44:38.351 25099 25099 I PhoneLab-Locks: wake lock released
07-12 18:44:38.355 25099 25099 I PhoneLab-UploadLogs: OnStartCommand
07-12 18:44:43.425   356   356 D dalvikvm: GC_EXPLICIT freed 6K, 6% free 9100K/9607K, paused 24ms+3ms
07-12 18:44:46.011   344   344 D SAN_SERVICE: *******************************************
07-12 18:44:46.011   344   344 D SAN_SERVICE: DM App Phone Service State - 0
07-12 18:44:46.011   344   344 D SAN_SERVICE: *******************************************
07-12 18:44:51.047 18680 18680 D dalvikvm: GC_EXPLICIT freed 94K, 11% free 11661K/12999K, paused 2ms+4ms
07-12 18:44:56.187   144   160 D dalvikvm: GC_EXPLICIT freed 293K, 23% free 18246K/23431K, paused 33ms+6ms
07-12 18:45:05.195   344   344 D dalvikvm: GC_EXPLICIT freed 153K, 14% free 12213K/14087K, paused 26ms+3ms
07-12 18:45:06.531   344   344 D SAN_SERVICE: *******************************************
07-12 18:45:06.531   344   344 D SAN_SERVICE: DM App Phone Service State - 0
07-12 18:45:06.531   344   344 D SAN_SERVICE: *******************************************
07-12 18:45:07.019   344   344 D SAN_SERVICE: *******************************************
07-12 18:45:07.019   344   344 D SAN_SERVICE: DM App Phone Service State - 0
07-12 18:45:07.019   344   344 D SAN_SERVICE: *******************************************
07-12 18:45:07.465   144   403 I ActivityManager: Start proc com.google.android.apps.maps:LocationFriendService for service com.google.android.apps.maps/com.google.googlenav.friend.reporting.LocationReceiverService: pid=29565 uid=10056 gids={3003, 1015}
07-12 18:45:07.507    79    79 D dalvikvm: GC_EXPLICIT freed 38K, 4% free 9031K/9347K, paused 4ms+2ms
07-12 18:45:07.562    79    79 D dalvikvm: GC_EXPLICIT freed <1K, 4% free 9031K/9347K, paused 2ms+6ms
07-12 18:45:07.590    79    79 D dalvikvm: GC_EXPLICIT freed <1K, 4% free 9031K/9347K, paused 2ms+2ms
07-12 18:45:07.695 29565 29568 D dalvikvm: GC_CONCURRENT freed 178K, 3% free 9358K/9607K, paused 5ms+3ms
07-12 18:45:08.105 29565 29568 D dalvikvm: GC_CONCURRENT freed 135K, 3% free 9682K/9927K, paused 9ms+5ms
07-12 18:45:08.156   144  9084 I ActivityManager: Process com.twitter.android (pid 29449) has died.
07-12 18:45:08.656 29565 29568 D dalvikvm: GC_CONCURRENT freed 345K, 5% free 9893K/10311K, paused 3ms+2ms
07-12 18:45:09.953 25099 25112 I PhoneLab-: Service Running
07-12 18:45:10.035 25099 25112 I PhoneLab-LoggerService: app_37    1373  1     1440   1000  c00f181c 400107b4 S logcat
07-12 18:45:10.039 25099 25112 I PhoneLab-LoggerService: Logcat pid from database 1373
07-12 18:45:10.039 25099 25112 I PhoneLab-LoggerService: Logcat process found 1373
07-12 18:45:10.039 25099 25112 I PhoneLab-LoggerService: Checking Threshold
07-12 18:45:12.437   440   440 D dalvikvm: GC_EXPLICIT freed <1K, 4% free 9037K/9347K, paused 19ms+2ms
07-12 18:45:16.738   344   344 D SAN_SERVICE: *******************************************
07-12 18:45:16.738   344   344 D SAN_SERVICE: DM App Phone Service State - 0
07-12 18:45:16.738   344   344 D SAN_SERVICE: *******************************************
07-12 18:45:16.793 25179 25180 D dalvikvm: GC_CONCURRENT freed 392K, 6% free 10456K/11079K, paused 3ms+3ms
07-12 18:45:23.172   214   214 D dalvikvm: GC_EXPLICIT freed 176K, 57% free 9677K/22023K, paused 22ms+3ms
07-12 18:45:28.175   320   320 D dalvikvm: GC_EXPLICIT freed 2K, 20% free 10161K/12615K, paused 9ms+2ms
07-12 18:45:33.179 29064 29064 D dalvikvm: GC_EXPLICIT freed 49K, 4% free 9056K/9347K, paused 42ms+2ms
07-12 18:45:33.808   344   344 D SAN_SERVICE: *******************************************
07-12 18:45:33.808   344   344 D SAN_SERVICE: DM App Phone Service State - 0
07-12 18:45:33.808   344   344 D SAN_SERVICE: *******************************************
07-12 18:45:34.566   344   344 D SAN_SERVICE: *******************************************
07-12 18:45:34.566   344   344 D SAN_SERVICE: DM App Phone Service State - 0
07-12 18:45:34.566   344   344 D SAN_SERVICE: *******************************************
07-12 18:45:38.871   344   344 D SAN_SERVICE: *******************************************
07-12 18:45:38.871   344   344 D SAN_SERVICE: DM App Phone Service State - 0
07-12 18:45:38.871   344   344 D SAN_SERVICE: *******************************************
07-12 18:45:40.777   144   198 D DhcpInfoInternal: makeLinkProperties with empty dns2!
07-12 18:45:40.777   144   198 D DhcpInfoInternal: makeLinkProperties with empty dns2!
07-12 18:45:46.007 23965 23965 D dalvikvm: GC_EXPLICIT freed 408K, 8% free 9920K/10695K, paused 10ms+3ms
07-12 18:45:51.011 25179 25179 D dalvikvm: GC_EXPLICIT freed 23K, 6% free 10451K/11079K, paused 23ms+3ms
07-12 18:45:59.312 25222 25222 E GeckoApp: low memory
07-12 18:45:59.449 25222 25222 D dalvikvm: GC_EXPLICIT freed 2845K, 35% free 11306K/17159K, paused 22ms+9ms
07-12 18:46:05.105 24354 24354 D dalvikvm: GC_EXPLICIT freed 73K, 5% free 9815K/10247K, paused 2ms+3ms
07-12 18:46:07.187 25099 25112 I PhoneLab-: Service Running
07-12 18:46:07.269 25099 25112 I PhoneLab-LoggerService: app_37    1373  1     1440   1000  c00f181c 400107b4 S logcat
07-12 18:46:07.269 25099 25112 I PhoneLab-LoggerService: Logcat pid from database 1373
07-12 18:46:07.273 25099 25112 I PhoneLab-LoggerService: Logcat process found 1373
07-12 18:46:07.273 25099 25112 I PhoneLab-LoggerService: Checking Threshold
07-12 18:46:07.277 25099 25100 D dalvikvm: GC_CONCURRENT freed 400K, 15% free 9145K/10695K, paused 2ms+2ms
07-12 18:46:07.500 29565 29572 I dalvikvm: Total arena pages for JIT: 11
07-12 18:46:07.500 29565 29572 I dalvikvm: Total arena pages for JIT: 12
07-12 18:46:07.500 29565 29572 I dalvikvm: Total arena pages for JIT: 13
07-12 18:46:07.500 29565 29572 I dalvikvm: Total arena pages for JIT: 14
07-12 18:46:07.500 29565 29572 I dalvikvm: Total arena pages for JIT: 15
07-12 18:46:07.500 29565 29572 I dalvikvm: Total arena pages for JIT: 16
07-12 18:46:07.500 29565 29572 I dalvikvm: Total arena pages for JIT: 17
07-12 18:46:07.582 29565 29568 D dalvikvm: GC_CONCURRENT freed 444K, 6% free 9961K/10503K, paused 2ms+3ms
07-12 18:46:09.625   344   344 D SAN_SERVICE: *******************************************
07-12 18:46:09.625   344   344 D SAN_SERVICE: DM App Phone Service State - 0
07-12 18:46:09.625   344   344 D SAN_SERVICE: *******************************************
07-12 18:46:10.160   344   344 D SAN_SERVICE: *******************************************
07-12 18:46:10.160   344   344 D SAN_SERVICE: DM App Phone Service State - 0
07-12 18:46:10.160   344   344 D SAN_SERVICE: *******************************************
07-12 18:46:15.242 28603 28603 D dalvikvm: GC_EXPLICIT freed 92K, 5% free 10924K/11399K, paused 24ms+3ms
07-12 18:46:20.336 17159 17159 D dalvikvm: GC_EXPLICIT freed 302K, 6% free 10516K/11143K, paused 17ms+5ms
07-12 18:46:25.242 25099 25099 D dalvikvm: GC_EXPLICIT freed 40K, 15% free 9106K/10695K, paused 24ms+3ms
07-12 18:46:28.406   344   344 D SAN_SERVICE: *******************************************
07-12 18:46:28.406   344   344 D SAN_SERVICE: DM App Phone Service State - 0
07-12 18:46:28.406   344   344 D SAN_SERVICE: *******************************************
07-12 18:46:33.468 29234 29234 D dalvikvm: GC_EXPLICIT freed 152K, 5% free 10506K/11015K, paused 2ms+3ms
07-12 18:46:59.187   344   344 D SAN_SERVICE: *******************************************
07-12 18:46:59.187   344   344 D SAN_SERVICE: DM App Phone Service State - 0
07-12 18:46:59.187   344   344 D SAN_SERVICE: *******************************************
07-12 18:46:59.418   344   344 D SAN_SERVICE: *******************************************
07-12 18:46:59.418   344   344 D SAN_SERVICE: DM App Phone Service State - 0
07-12 18:46:59.418   344   344 D SAN_SERVICE: *******************************************
07-12 18:47:07.582 25179 25180 D dalvikvm: GC_CONCURRENT freed 497K, 6% free 10466K/11079K, paused 2ms+3ms
07-12 18:47:07.625 29565 29572 I dalvikvm: Total arena pages for JIT: 18
07-12 18:47:09.386   344   344 D SAN_SERVICE: *******************************************
07-12 18:47:09.386   344   344 D SAN_SERVICE: DM App Phone Service State - 0
07-12 18:47:09.386   344   344 D SAN_SERVICE: *******************************************
07-12 18:47:21.394   344   344 D SAN_SERVICE: *******************************************
07-12 18:47:21.394   344   344 D SAN_SERVICE: DM App Phone Service State - 0
07-12 18:47:21.394   344   344 D SAN_SERVICE: *******************************************
07-12 18:47:22.113   344   344 D SAN_SERVICE: *******************************************
07-12 18:47:22.113   344   344 D SAN_SERVICE: DM App Phone Service State - 0
07-12 18:47:22.113   344   344 D SAN_SERVICE: *******************************************
07-12 18:47:40.132   344   344 D SAN_SERVICE: *******************************************
07-12 18:47:40.132   344   344 D SAN_SERVICE: DM App Phone Service State - 0
07-12 18:47:40.132   344   344 D SAN_SERVICE: *******************************************
07-12 18:47:40.636   344   344 D SAN_SERVICE: *******************************************
07-12 18:47:40.636   344   344 D SAN_SERVICE: DM App Phone Service State - 0
07-12 18:47:40.636   344   344 D SAN_SERVICE: *******************************************
07-12 18:47:55.496   344   344 D SAN_SERVICE: *******************************************
07-12 18:47:55.496   344   344 D SAN_SERVICE: DM App Phone Service State - 0
07-12 18:47:55.496   344   344 D SAN_SERVICE: *******************************************
07-12 18:47:56.254   344   344 D SAN_SERVICE: *******************************************
07-12 18:47:56.254   344   344 D SAN_SERVICE: DM App Phone Service State - 0
07-12 18:47:56.254   344   344 D SAN_SERVICE: *******************************************
07-12 18:48:05.699   144   198 D DhcpInfoInternal: makeLinkProperties with empty dns2!
07-12 18:48:05.703   144   198 D DhcpInfoInternal: makeLinkProperties with empty dns2!
07-12 18:48:07.187 25099 25112 I PhoneLab-: Service Running
07-12 18:48:07.257 25099 25112 I PhoneLab-LoggerService: app_37    1373  1     1440   1000  c00f181c 400107b4 S logcat
07-12 18:48:07.257 25099 25112 I PhoneLab-LoggerService: Logcat pid from database 1373
07-12 18:48:07.261 25099 25112 I PhoneLab-LoggerService: Logcat process found 1373
07-12 18:48:07.261 25099 25112 I PhoneLab-LoggerService: Checking Threshold
07-12 18:48:07.695 29565 29568 D dalvikvm: GC_CONCURRENT freed 492K, 6% free 9963K/10567K, paused 2ms+3ms
07-12 18:48:10.761   344   344 D SAN_SERVICE: *******************************************
07-12 18:48:10.761   344   344 D SAN_SERVICE: DM App Phone Service State - 0
07-12 18:48:10.761   344   344 D SAN_SERVICE: *******************************************
07-12 18:48:11.300   344   344 D SAN_SERVICE: *******************************************
07-12 18:48:11.300   344   344 D SAN_SERVICE: DM App Phone Service State - 0
07-12 18:48:11.300   344   344 D SAN_SERVICE: *******************************************
07-12 18:48:31.316   344   344 D SAN_SERVICE: *******************************************
07-12 18:48:31.316   344   344 D SAN_SERVICE: DM App Phone Service State - 0
07-12 18:48:31.316   344   344 D SAN_SERVICE: *******************************************
07-12 18:48:31.523   344   344 D SAN_SERVICE: *******************************************
07-12 18:48:31.523   344   344 D SAN_SERVICE: DM App Phone Service State - 0
07-12 18:48:31.523   344   344 D SAN_SERVICE: *******************************************
07-12 18:48:32.066   344   344 D SAN_SERVICE: *******************************************
07-12 18:48:32.066   344   344 D SAN_SERVICE: DM App Phone Service State - 0
07-12 18:48:32.066   344   344 D SAN_SERVICE: *******************************************
07-12 18:48:32.316   144   160 V BackupManagerService: Running a backup pass
07-12 18:48:32.316   144   213 V BackupManagerService: Backup requested but nothing pending
07-12 18:48:41.543   344   344 D SAN_SERVICE: *******************************************
07-12 18:48:41.543   344   344 D SAN_SERVICE: DM App Phone Service State - 0
07-12 18:48:41.543   344   344 D SAN_SERVICE: *******************************************
07-12 18:48:51.859   344   344 D SAN_SERVICE: *******************************************
07-12 18:48:51.859   344   344 D SAN_SERVICE: DM App Phone Service State - 0
07-12 18:48:51.859   344   344 D SAN_SERVICE: *******************************************
07-12 18:48:52.562   344   344 D SAN_SERVICE: *******************************************
07-12 18:48:52.562   344   344 D SAN_SERVICE: DM App Phone Service State - 0
07-12 18:48:52.562   344   344 D SAN_SERVICE: *******************************************
07-12 18:49:00.765   144   173 I ActivityManager: Start proc com.google.android.apps.plus for service com.google.android.apps.plus/.service.EsService: pid=29635 uid=10060 gids={3003, 3002, 1015, 1006}
07-12 18:49:00.840   144   173 I ActivityManager: Start proc com.google.android.gm for service com.google.android.gm/.provider.MailIndexerService: pid=29648 uid=10075 gids={3003, 1015}
07-12 18:49:01.164 29635 29637 D dalvikvm: GC_CONCURRENT freed 149K, 3% free 9387K/9607K, paused 2ms+2ms
07-12 18:49:01.207 29648 29648 I ActivityThread: Pub gmail-ls: com.google.android.gm.provider.MailProvider
07-12 18:49:01.316 29648 29648 I ActivityThread: Pub com.google.android.gm: com.google.android.gm.provider.PublicContentProvider
07-12 18:49:01.332 29648 29648 I ActivityThread: Pub com.google.android.gmail.SuggestionProvider: com.google.android.gm.SuggestionsProvider
07-12 18:49:01.445 29635 29635 I ActivityThread: Pub com.google.android.apps.plus.content.ApiProvider: com.google.android.apps.plus.content.EsApiProvider
07-12 18:49:01.496 29635 29635 I ActivityThread: Pub com.google.android.apps.plus.content.EsGooglePhotoProvider: com.google.android.picasasync.PicasaContentProvider
07-12 18:49:01.605 29635 29637 D dalvikvm: GC_CONCURRENT freed 335K, 5% free 9582K/9991K, paused 2ms+3ms
07-12 18:49:01.636 29635 29635 I ActivityThread: Pub com.google.android.apps.plus.content.EsPicasaStoreProvider: com.google.android.picasastore.PicasaPhotoContentProvider
07-12 18:49:01.652 29635 29635 I ActivityThread: Pub com.google.plus.platform: com.google.android.apps.plus.content.AdsProvider
07-12 18:49:01.652 29635 29635 I ActivityThread: Pub com.google.android.apps.plus.iu.EsGoogleIuProvider: com.google.android.apps.plus.iu.InstantUploadProvider
07-12 18:49:01.715 29635 29637 D dalvikvm: GC_CONCURRENT freed 500K, 6% free 9608K/10183K, paused 1ms+2ms
07-12 18:49:01.718 29635 29635 I ActivityThread: Pub com.google.android.apps.plus.content.EsProvider: com.google.android.apps.plus.content.EsProvider
07-12 18:49:01.785   144 24503 I ActivityManager: Start proc android.process.media for content provider com.android.providers.media/.MediaProvider: pid=29667 uid=10012 gids={1015, 1023, 1024, 2001, 3003, 3007}
07-12 18:49:01.828   144   155 I ActivityManager: Process com.whatsapp (pid 23965) has died.
07-12 18:49:01.828   144   155 W ActivityManager: Scheduling restart of crashed service com.whatsapp/.messaging.MessageService in 5000ms
07-12 18:49:01.918 29667 29667 I ActivityThread: Pub downloads: com.android.providers.downloads.DownloadProvider
07-12 18:49:02.004 29667 29667 I ActivityThread: Pub drm: com.android.providers.drm.DrmProvider
07-12 18:49:02.007 29667 29684 I DownloadManager: in removeSpuriousFiles
07-12 18:49:02.043 29667 29684 I DownloadManager: in removeSpuriousFiles, preserving file /data/data/com.android.providers.downloads/cache/metadata.json
07-12 18:49:02.043 29667 29684 I DownloadManager: in removeSpuriousFiles, preserving file /data/data/com.android.providers.downloads/cache/en_general.htm
07-12 18:49:02.043 29667 29684 I DownloadManager: in removeSpuriousFiles, preserving file /mnt/sdcard/Download/img-thing.jpeg
07-12 18:49:02.043 29667 29684 I DownloadManager: in removeSpuriousFiles, preserving file /data/data/com.android.providers.downloads/cache/metadata-1.json
07-12 18:49:02.043 29667 29684 I DownloadManager: in removeSpuriousFiles, preserving file /data/data/com.android.providers.downloads/cache/downloadfile.jpeg
07-12 18:49:02.047 29667 29667 I ActivityThread: Pub media: com.android.providers.media.MediaProvider
07-12 18:49:02.047 29667 29684 I DownloadManager: in removeSpuriousFiles, preserving file /data/data/com.android.providers.downloads/cache/metadata-2.json
07-12 18:49:02.047 29667 29684 I DownloadManager: in removeSpuriousFiles, preserving file /data/data/com.android.providers.downloads/cache/metadata-3.json
07-12 18:49:02.047 29667 29684 I DownloadManager: in removeSpuriousFiles, preserving file /data/data/com.android.providers.downloads/cache/downloadfile-1.jpeg
07-12 18:49:02.047 29667 29684 I DownloadManager: in removeSpuriousFiles, preserving file /data/data/com.android.providers.downloads/cache/downloadfile-2.jpeg
07-12 18:49:02.047 29667 29684 I DownloadManager: in removeSpuriousFiles, preserving file /data/data/com.android.providers.downloads/cache/metadata-4.json
07-12 18:49:02.047 29667 29684 I DownloadManager: in removeSpuriousFiles, preserving file /data/data/com.android.providers.downloads/cache/metadata-5.json
07-12 18:49:02.050 29667 29684 I DownloadManager: in removeSpuriousFiles, preserving file /data/data/com.android.providers.downloads/cache/downloadfile-1.apk
07-12 18:49:02.050 29667 29684 I DownloadManager: deleting spurious file /cache/backup
07-12 18:49:02.332 29635 29637 D dalvikvm: GC_CONCURRENT freed 219K, 5% free 9830K/10247K, paused 6ms+2ms
07-12 18:49:02.425 29667 29669 D dalvikvm: GC_CONCURRENT freed 369K, 5% free 9165K/9607K, paused 1ms+2ms
07-12 18:49:02.488 29635 29664 D PicasaPhotoCP: set fsid first time:-1
07-12 18:49:02.609 29635 29637 D dalvikvm: GC_CONCURRENT freed 123K, 3% free 10127K/10375K, paused 2ms+2ms
07-12 18:49:02.609 29648 29650 D dalvikvm: GC_CONCURRENT freed 205K, 4% free 9270K/9607K, paused 4ms+4ms
07-12 18:49:02.765 29648 29685 I Gmail   : calculateUnknownSyncRationalesAndPurgeInBackground: queueing
07-12 18:49:02.773 29648 29685 I Gmail   : calculateUnknownSyncRationalesAndPurgeInBackground: queueing
07-12 18:49:02.797 29648 29685 I Gmail   : calculateUnknownSyncRationalesAndPurgeInBackground: running
07-12 18:49:02.800 29648 29685 I Gmail   : calculateUnknownSyncRationalesAndPurgeInBackground: running
07-12 18:49:02.871 29635 29637 D dalvikvm: GC_CONCURRENT freed 233K, 4% free 10334K/10695K, paused 2ms+2ms
07-12 18:49:02.929 29635 29681 D dalvikvm: GC_FOR_ALLOC freed 159K, 4% free 10461K/10823K, paused 26ms
07-12 18:49:02.961 29635 29681 D dalvikvm: GC_FOR_ALLOC freed 126K, 5% free 10589K/11079K, paused 23ms
07-12 18:49:02.988 29635 29681 D dalvikvm: GC_FOR_ALLOC freed 311K, 6% free 10582K/11143K, paused 19ms
07-12 18:49:03.015 29635 29681 D dalvikvm: GC_FOR_ALLOC freed 62K, 5% free 10646K/11143K, paused 23ms
07-12 18:49:03.019   144   376 I ActivityManager: Process com.google.android.apps.maps:LocationFriendService (pid 29565) has died.
07-12 18:49:03.043 29635 29681 D dalvikvm: GC_FOR_ALLOC freed 126K, 4% free 10774K/11143K, paused 20ms
07-12 18:49:03.074 29635 29681 D dalvikvm: GC_FOR_ALLOC freed 369K, 6% free 10829K/11463K, paused 21ms
07-12 18:49:03.093 29635 29681 D dalvikvm: GC_FOR_ALLOC freed 126K, 5% free 10957K/11463K, paused 20ms
07-12 18:49:03.230 29635 29637 D dalvikvm: GC_CONCURRENT freed 337K, 5% free 11185K/11655K, paused 2ms+2ms
07-12 18:49:03.371 29635 29637 D dalvikvm: GC_CONCURRENT freed 138K, 3% free 11703K/11975K, paused 1ms+2ms
07-12 18:49:03.539 29635 29637 D dalvikvm: GC_CONCURRENT freed 330K, 4% free 12182K/12615K, paused 2ms+2ms
07-12 18:49:03.738 29635 29637 D dalvikvm: GC_CONCURRENT freed 420K, 5% free 12702K/13255K, paused 2ms+2ms
07-12 18:49:03.945 29635 29682 I SqliteDatabaseCpp: sqlite returned: error code = 1, msg = no such column: wipeout_stats, db=/data/data/com.google.android.apps.plus/databases/es0.db
07-12 18:49:03.945 29635 29682 W System.err: android.database.sqlite.SQLiteException: no such column: wipeout_stats: , while compiling: SELECT wipeout_stats  FROM account_status
07-12 18:49:03.953 29635 29682 W System.err: 	at android.database.sqlite.SQLiteCompiledSql.native_compile(Native Method)
07-12 18:49:03.953 29635 29682 W System.err: 	at android.database.sqlite.SQLiteCompiledSql.<init>(SQLiteCompiledSql.java:68)
07-12 18:49:03.953 29635 29682 W System.err: 	at android.database.sqlite.SQLiteProgram.compileSql(SQLiteProgram.java:143)
07-12 18:49:03.953 29635 29682 W System.err: 	at android.database.sqlite.SQLiteProgram.compileAndbindAllArgs(SQLiteProgram.java:361)
07-12 18:49:03.953 29635 29682 W System.err: 	at android.database.sqlite.SQLiteStatement.acquireAndLock(SQLiteStatement.java:260)
07-12 18:49:03.953 29635 29682 W System.err: 	at android.database.sqlite.SQLiteStatement.simpleQueryForLong(SQLiteStatement.java:137)
07-12 18:49:03.953 29635 29682 W System.err: 	at android.database.DatabaseUtils.longForQuery(DatabaseUtils.java:791)
07-12 18:49:03.957 29635 29682 W System.err: 	at android.database.DatabaseUtils.longForQuery(DatabaseUtils.java:779)
07-12 18:49:03.957 29635 29682 W System.err: 	at com.google.android.apps.plus.content.EsAccountsData.isContactsStatsWipeoutNeeded(EsAccountsData.java:641)
07-12 18:49:03.957 29635 29682 W System.err: 	at com.google.android.apps.plus.service.EsService.processIntent(EsService.java:4246)
07-12 18:49:03.957 29635 29682 W System.err: 	at com.google.android.apps.plus.service.ServiceThread$1.run(ServiceThread.java:50)
07-12 18:49:03.957 29635 29682 W System.err: 	at android.os.Handler.handleCallback(Handler.java:605)
07-12 18:49:03.957 29635 29682 W System.err: 	at android.os.Handler.dispatchMessage(Handler.java:92)
07-12 18:49:03.957 29635 29682 W System.err: 	at android.os.Looper.loop(Looper.java:137)
07-12 18:49:03.957 29635 29682 W System.err: 	at com.google.android.apps.plus.service.ServiceThread.run(ServiceThread.java:122)
07-12 18:49:04.207   144 24503 D dalvikvm: GC_EXPLICIT freed 1088K, 22% free 18335K/23431K, paused 4ms+9ms
07-12 18:49:06.925   144   161 I ActivityManager: Start proc com.whatsapp for service com.whatsapp/.messaging.MessageService: pid=29695 uid=10068 gids={1015, 3003}
07-12 18:49:06.945 29695 29695 I dalvikvm: Turning on JNI app bug workarounds for target SDK version 7...
07-12 18:49:07.238 29695 29697 D dalvikvm: GC_CONCURRENT freed 163K, 3% free 9362K/9607K, paused 4ms+4ms
07-12 18:49:07.769 29695 29697 D dalvikvm: GC_CONCURRENT freed 305K, 4% free 9624K/9991K, paused 2ms+4ms
07-12 18:49:07.773 25179 25180 D dalvikvm: GC_CONCURRENT freed 465K, 6% free 10512K/11079K, paused 2ms+3ms
07-12 18:49:07.847   144 24503 I ActivityManager: Start proc com.google.android.apps.maps:LocationFriendService for service com.google.android.apps.maps/com.google.googlenav.friend.reporting.LocationReceiverService: pid=29711 uid=10056 gids={3003, 1015}
07-12 18:49:08.164 29711 29714 D dalvikvm: GC_CONCURRENT freed 163K, 3% free 9373K/9607K, paused 2ms+6ms
07-12 18:49:08.226   144   156 I ActivityManager: Process com.google.android.apps.gesturesearch (pid 29541) has died.
07-12 18:49:08.246   144  9303 I ActivityManager: Start proc android.process.acore for content provider com.android.providers.contacts/.ContactsProvider2: pid=29728 uid=10000 gids={3003, 1015}
07-12 18:49:08.433 29728 29728 I ActivityThread: Pub call_log: com.android.providers.contacts.CallLogProvider
07-12 18:49:08.523 29728 29728 I ActivityThread: Pub com.android.voicemail: com.android.providers.contacts.VoicemailContentProvider
07-12 18:49:08.527 29728 29728 I ActivityThread: Pub user_dictionary: com.android.providers.userdictionary.UserDictionaryProvider
07-12 18:49:08.562 29728 29728 I ActivityThread: Pub com.android.social: com.android.providers.contacts.SocialProvider
07-12 18:49:08.562 29728 29728 I ActivityThread: Pub applications: com.android.providers.applications.ApplicationsProvider
07-12 18:49:08.566 17159 19446 D dalvikvm: GC_EXPLICIT freed 140K, 7% free 10445K/11143K, paused 14ms+5ms
07-12 18:49:08.664 29695 29695 I dalvikvm: Could not find method android.media.MediaMetadataRetriever.captureFrame, referenced from method com.whatsapp.q3.a
07-12 18:49:08.664 29695 29695 W dalvikvm: VFY: unable to resolve virtual method 502: Landroid/media/MediaMetadataRetriever;.captureFrame ()Landroid/graphics/Bitmap;
07-12 18:49:08.664 29695 29695 D dalvikvm: VFY: replacing opcode 0x6e at 0x0134
07-12 18:49:08.699 29728 29728 I ActivityThread: Pub contacts;com.android.contacts: com.android.providers.contacts.ContactsProvider2
07-12 18:49:08.765 29728 29730 D dalvikvm: GC_CONCURRENT freed 337K, 5% free 9189K/9607K, paused 2ms+8ms
07-12 18:49:08.961 29695 29697 D dalvikvm: GC_CONCURRENT freed 397K, 5% free 9786K/10247K, paused 4ms+3ms
07-12 18:49:09.121   144   376 I ActivityManager: Process com.google.android.gm (pid 29648) has died.
07-12 18:49:09.195 29695 29697 D dalvikvm: GC_CONCURRENT freed 219K, 4% free 9988K/10311K, paused 3ms+4ms
07-12 18:49:09.207 29711 29714 D dalvikvm: GC_CONCURRENT freed 130K, 3% free 9675K/9927K, paused 12ms+2ms
07-12 18:49:09.668   144 30930 I ActivityManager: Process com.google.android.apps.plus (pid 29635) has died.
07-12 18:49:10.625 29711 29714 D dalvikvm: GC_CONCURRENT freed 345K, 5% free 9892K/10311K, paused 2ms+3ms
07-12 18:49:10.879 29728 29730 D dalvikvm: GC_CONCURRENT freed 171K, 3% free 9454K/9735K, paused 2ms+2ms
07-12 18:49:12.277   344   344 D SAN_SERVICE: *******************************************
07-12 18:49:12.277   344   344 D SAN_SERVICE: DM App Phone Service State - 0
07-12 18:49:12.277   344   344 D SAN_SERVICE: *******************************************
07-12 18:49:12.300 29728 29730 D dalvikvm: GC_CONCURRENT freed 264K, 4% free 9599K/9991K, paused 9ms+15ms
07-12 18:49:12.465   344   344 D SAN_SERVICE: *******************************************
07-12 18:49:12.465   344   344 D SAN_SERVICE: DM App Phone Service State - 0
07-12 18:49:12.465   344   344 D SAN_SERVICE: *******************************************
07-12 18:49:12.718   344   344 D SAN_SERVICE: *******************************************
07-12 18:49:12.718   344   344 D SAN_SERVICE: DM App Phone Service State - 0
07-12 18:49:12.718   344   344 D SAN_SERVICE: *******************************************
07-12 18:49:16.070   144   161 I ActivityManager: Start proc com.google.android.apps.plus for broadcast com.google.android.apps.plus/.service.CameraMonitor: pid=29762 uid=10060 gids={3003, 3002, 1015, 1006}
07-12 18:49:16.191 29762 29764 D dalvikvm: GC_CONCURRENT freed 164K, 3% free 9372K/9607K, paused 6ms+3ms
07-12 18:49:16.343 29762 29762 I ActivityThread: Pub com.google.android.apps.plus.content.ApiProvider: com.google.android.apps.plus.content.EsApiProvider
