07-26 17:28:47.624 28346 28349 D dalvikvm: GC_CONCURRENT freed 437K, 8% free 10237K/11079K, paused 13ms+2ms
07-26 17:28:48.960 27471 27484 I PhoneLab-: Service Running
07-26 17:28:49.062   145   363 I ActivityManager: Process com.google.android.apps.maps:FriendService (pid 29153) has died.
07-26 17:28:49.124 27471 27484 I PhoneLab-LoggerService: app_37    1300  1     1440   1000  c00f181c 400107b4 S logcat
07-26 17:28:49.124 27471 27484 I PhoneLab-LoggerService: Logcat pid from database 1300
07-26 17:28:49.128 27471 27484 I PhoneLab-LoggerService: Logcat process found 1300
07-26 17:28:49.128 27471 27484 I PhoneLab-LoggerService: Checking Threshold
07-26 17:28:49.659   342   342 D SAN_SERVICE: *******************************************
07-26 17:28:49.659   342   342 D SAN_SERVICE: DM App Phone Service State - 0
07-26 17:28:49.659   342   342 D SAN_SERVICE: *******************************************
07-26 17:29:04.757   342   342 D SAN_SERVICE: *******************************************
07-26 17:29:04.757   342   342 D SAN_SERVICE: DM App Phone Service State - 0
07-26 17:29:04.757   342   342 D SAN_SERVICE: *******************************************
07-26 17:29:40.976   145   421 D AlarmManagerService: Kernel timezone updated to 240 minutes west of GMT
07-26 17:29:42.534 28878 28881 D dalvikvm: GC_CONCURRENT freed 757K, 8% free 11662K/12551K, paused 16ms+3ms
07-26 17:29:44.987   145   338 D AlarmManagerService: Kernel timezone updated to 240 minutes west of GMT
07-26 17:29:45.999   145   423 D AlarmManagerService: Kernel timezone updated to 240 minutes west of GMT
07-26 17:29:46.284   145  1302 D dalvikvm: GC_EXPLICIT freed 545K, 18% free 19439K/23495K, paused 12ms+8ms
07-26 17:29:47.612 29132 29135 D dalvikvm: GC_CONCURRENT freed 523K, 6% free 10599K/11271K, paused 2ms+2ms
07-26 17:29:47.741 28346 28349 D dalvikvm: GC_CONCURRENT freed 431K, 8% free 10233K/11079K, paused 2ms+2ms
07-26 17:29:53.565   342   342 D SAN_SERVICE: *******************************************
07-26 17:29:53.565   342   342 D SAN_SERVICE: DM App Phone Service State - 0
07-26 17:29:53.565   342   342 D SAN_SERVICE: *******************************************
07-26 17:29:54.007   145 22786 D AlarmManagerService: Kernel timezone updated to 240 minutes west of GMT
07-26 17:29:55.030   145   423 D AlarmManagerService: Kernel timezone updated to 240 minutes west of GMT
07-26 17:30:00.073   145 21503 D AlarmManagerService: Kernel timezone updated to 240 minutes west of GMT
07-26 17:30:00.558   342   342 D SAN_SERVICE: *******************************************
07-26 17:30:00.562   342   342 D SAN_SERVICE: DM App Phone Service State - 0
07-26 17:30:00.562   342   342 D SAN_SERVICE: *******************************************
07-26 17:30:01.022   342   342 D SAN_SERVICE: *******************************************
07-26 17:30:01.022   342   342 D SAN_SERVICE: DM App Phone Service State - 0
07-26 17:30:01.022   342   342 D SAN_SERVICE: *******************************************
07-26 17:30:03.046   342   342 D SAN_SERVICE: *******************************************
07-26 17:30:03.050   342   342 D SAN_SERVICE: DM App Phone Service State - 0
07-26 17:30:03.050   342   342 D SAN_SERVICE: *******************************************
07-26 17:30:08.663   342   342 D SAN_SERVICE: *******************************************
07-26 17:30:08.663   342   342 D SAN_SERVICE: DM App Phone Service State - 0
07-26 17:30:08.663   342   342 D SAN_SERVICE: *******************************************
07-26 17:30:09.011   145   378 D AlarmManagerService: Kernel timezone updated to 240 minutes west of GMT
07-26 17:30:09.823   342   342 D SAN_SERVICE: *******************************************
07-26 17:30:09.823   342   342 D SAN_SERVICE: DM App Phone Service State - 0
07-26 17:30:09.823   342   342 D SAN_SERVICE: *******************************************
07-26 17:30:10.073   342   342 D SAN_SERVICE: *******************************************
07-26 17:30:10.073   342   342 D SAN_SERVICE: DM App Phone Service State - 0
07-26 17:30:10.073   342   342 D SAN_SERVICE: *******************************************
07-26 17:30:12.097   145 21503 D AlarmManagerService: Kernel timezone updated to 240 minutes west of GMT
07-26 17:30:12.124   342   342 D SAN_SERVICE: *******************************************
07-26 17:30:12.124   342   342 D SAN_SERVICE: DM App Phone Service State - 0
07-26 17:30:12.124   342   342 D SAN_SERVICE: *******************************************
07-26 17:30:23.784   145 22258 D AlarmManagerService: Kernel timezone updated to 240 minutes west of GMT
07-26 17:30:47.737 28346 28349 D dalvikvm: GC_CONCURRENT freed 431K, 8% free 10236K/11079K, paused 2ms+2ms
07-26 17:30:48.214 27471 27484 I PhoneLab-: Service Running
07-26 17:30:48.315 27471 27484 I PhoneLab-LoggerService: app_37    1300  1     1440   1000  c00f181c 400107b4 S logcat
07-26 17:30:48.315 27471 27484 I PhoneLab-LoggerService: Logcat pid from database 1300
07-26 17:30:48.315 27471 27484 I PhoneLab-LoggerService: Logcat process found 1300
07-26 17:30:48.315 27471 27484 I PhoneLab-LoggerService: Checking Threshold
07-26 17:31:13.284   145   378 D AlarmManagerService: Kernel timezone updated to 240 minutes west of GMT
07-26 17:31:13.679   342   342 D SAN_SERVICE: *******************************************
07-26 17:31:13.679   342   342 D SAN_SERVICE: DM App Phone Service State - 0
07-26 17:31:13.679   342   342 D SAN_SERVICE: *******************************************
07-26 17:31:33.882   342   342 D SAN_SERVICE: *******************************************
07-26 17:31:33.882   342   342 D SAN_SERVICE: DM App Phone Service State - 0
07-26 17:31:33.882   342   342 D SAN_SERVICE: *******************************************
07-26 17:31:34.343   145   338 D AlarmManagerService: Kernel timezone updated to 240 minutes west of GMT
07-26 17:31:36.351   145   145 D AlarmManagerService: Kernel timezone updated to 240 minutes west of GMT
07-26 17:31:43.116   342   342 D SAN_SERVICE: *******************************************
07-26 17:31:43.116   342   342 D SAN_SERVICE: DM App Phone Service State - 0
07-26 17:31:43.116   342   342 D SAN_SERVICE: *******************************************
07-26 17:31:43.366   145   421 D AlarmManagerService: Kernel timezone updated to 240 minutes west of GMT
07-26 17:31:43.374   342   342 D SAN_SERVICE: *******************************************
07-26 17:31:43.374   342   342 D SAN_SERVICE: DM App Phone Service State - 0
07-26 17:31:43.374   342   342 D SAN_SERVICE: *******************************************
07-26 17:31:45.378   342   342 D SAN_SERVICE: *******************************************
07-26 17:31:45.378   342   342 D SAN_SERVICE: DM App Phone Service State - 0
07-26 17:31:45.378   342   342 D SAN_SERVICE: *******************************************
07-26 17:31:45.636   342   342 D SAN_SERVICE: *******************************************
07-26 17:31:45.636   342   342 D SAN_SERVICE: DM App Phone Service State - 0
07-26 17:31:45.636   342   342 D SAN_SERVICE: *******************************************
07-26 17:31:46.468   342   345 D dalvikvm: GC_CONCURRENT freed 834K, 9% free 11935K/12999K, paused 2ms+3ms
07-26 17:31:46.890   342   342 D SAN_SERVICE: *******************************************
07-26 17:31:46.894   342   342 D SAN_SERVICE: DM App Phone Service State - 0
07-26 17:31:46.894   342   342 D SAN_SERVICE: *******************************************
07-26 17:31:47.358   342   342 D SAN_SERVICE: *******************************************
07-26 17:31:47.358   342   342 D SAN_SERVICE: DM App Phone Service State - 0
07-26 17:31:47.358   342   342 D SAN_SERVICE: *******************************************
07-26 17:31:47.714 29132 29135 D dalvikvm: GC_CONCURRENT freed 526K, 6% free 10599K/11271K, paused 1ms+2ms
07-26 17:31:47.843 28346 28349 D dalvikvm: GC_CONCURRENT freed 430K, 8% free 10237K/11079K, paused 2ms+3ms
07-26 17:31:48.905   342   342 D SAN_SERVICE: *******************************************
07-26 17:31:48.905   342   342 D SAN_SERVICE: DM App Phone Service State - 0
07-26 17:31:48.905   342   342 D SAN_SERVICE: *******************************************
07-26 17:31:49.077   342   342 D SAN_SERVICE: *******************************************
07-26 17:31:49.081   342   342 D SAN_SERVICE: DM App Phone Service State - 0
07-26 17:31:49.081   342   342 D SAN_SERVICE: *******************************************
07-26 17:31:49.362   145 21503 D AlarmManagerService: Kernel timezone updated to 240 minutes west of GMT
07-26 17:32:47.858 28346 28349 D dalvikvm: GC_CONCURRENT freed 431K, 8% free 10237K/11079K, paused 3ms+2ms
07-26 17:32:48.210 27471 27484 I PhoneLab-: Service Running
07-26 17:32:48.292 27471 27474 D dalvikvm: GC_CONCURRENT freed 444K, 18% free 9150K/11079K, paused 2ms+1ms
07-26 17:32:48.300 27471 27484 I PhoneLab-LoggerService: app_37    1300  1     1440   1000  c00f181c 400107b4 S logcat
07-26 17:32:48.308 27471 27484 I PhoneLab-LoggerService: Logcat pid from database 1300
07-26 17:32:48.312 27471 27484 I PhoneLab-LoggerService: Logcat process found 1300
07-26 17:32:48.312 27471 27484 I PhoneLab-LoggerService: Checking Threshold
07-26 17:32:50.081   145   421 D AlarmManagerService: Kernel timezone updated to 240 minutes west of GMT
07-26 17:32:52.081   145   378 D AlarmManagerService: Kernel timezone updated to 240 minutes west of GMT
07-26 17:32:54.823   342   342 D SAN_SERVICE: *******************************************
07-26 17:32:54.823   342   342 D SAN_SERVICE: DM App Phone Service State - 0
07-26 17:32:54.823   342   342 D SAN_SERVICE: *******************************************
07-26 17:32:55.108   342   342 D SAN_SERVICE: *******************************************
07-26 17:32:55.108   342   342 D SAN_SERVICE: DM App Phone Service State - 0
07-26 17:32:55.108   342   342 D SAN_SERVICE: *******************************************
07-26 17:32:57.870   342   342 D SAN_SERVICE: *******************************************
07-26 17:32:57.870   342   342 D SAN_SERVICE: DM App Phone Service State - 0
07-26 17:32:57.870   342   342 D SAN_SERVICE: *******************************************
07-26 17:32:58.050   145 22258 D AlarmManagerService: Kernel timezone updated to 240 minutes west of GMT
07-26 17:32:58.069   342   342 D SAN_SERVICE: *******************************************
07-26 17:32:58.069   342   342 D SAN_SERVICE: DM App Phone Service State - 0
07-26 17:32:58.069   342   342 D SAN_SERVICE: *******************************************
07-26 17:32:59.956 25228 25242 D GetStringObjTask: retrieving from url = http://www.chess.com/api/get_move_status?id=5HHjW9WUGa%2Bcu1LUwnVJPxTIWxmEve4VdkRnRyg7b5Ch69JH2Z5aB%2B7eGuFw8K2uFx47KFsdE3JRdR3Mzv0PkZOj6eZ8N73BvxmEERrzXjMNRo80rkLyJAUTh0iqof4n
07-26 17:33:00.069 25228 25230 D dalvikvm: GC_CONCURRENT freed 419K, 6% free 9502K/10055K, paused 47ms+2ms
07-26 17:33:00.319 25228 25242 D GetStringObjTask: WebRequest SERVER RESPONSE: Success+0
07-26 17:33:44.163   215   217 D dalvikvm: GC_CONCURRENT freed 385K, 32% free 9716K/14215K, paused 27ms+4ms
07-26 17:33:47.847 29132 29135 D dalvikvm: GC_CONCURRENT freed 525K, 6% free 10599K/11271K, paused 2ms+3ms
07-26 17:33:47.972 28346 28349 D dalvikvm: GC_CONCURRENT freed 429K, 8% free 10234K/11079K, paused 1ms+2ms
07-26 17:33:58.479 31737  1280 I EventLogService: Aggregate from 1343336638236 (log), 1343336638236 (data)
07-26 17:33:58.815   145   363 D AlarmManagerService: Kernel timezone updated to 240 minutes west of GMT
07-26 17:34:00.819   145   157 D AlarmManagerService: Kernel timezone updated to 240 minutes west of GMT
07-26 17:34:03.327   342   342 D SAN_SERVICE: *******************************************
07-26 17:34:03.327   342   342 D SAN_SERVICE: DM App Phone Service State - 0
07-26 17:34:03.327   342   342 D SAN_SERVICE: *******************************************
07-26 17:34:03.858   342   342 D SAN_SERVICE: *******************************************
07-26 17:34:03.858   342   342 D SAN_SERVICE: DM App Phone Service State - 0
07-26 17:34:03.858   342   342 D SAN_SERVICE: *******************************************
07-26 17:34:06.550   342   342 D SAN_SERVICE: *******************************************
07-26 17:34:06.550   342   342 D SAN_SERVICE: DM App Phone Service State - 0
07-26 17:34:06.550   342   342 D SAN_SERVICE: *******************************************
07-26 17:34:06.761   145   145 D AlarmManagerService: Kernel timezone updated to 240 minutes west of GMT
07-26 17:34:06.772   342   342 D SAN_SERVICE: *******************************************
07-26 17:34:06.772   342   342 D SAN_SERVICE: DM App Phone Service State - 0
07-26 17:34:06.772   342   342 D SAN_SERVICE: *******************************************
07-26 17:34:44.312 28878 28881 D dalvikvm: GC_CONCURRENT freed 734K, 8% free 11710K/12615K, paused 10ms+3ms
07-26 17:34:47.983 28346 28349 D dalvikvm: GC_CONCURRENT freed 425K, 8% free 10233K/11079K, paused 2ms+2ms
07-26 17:34:48.210 27471 27484 I PhoneLab-: Service Running
07-26 17:34:48.292   145   430 I ActivityManager: Process com.google.android.apps.gesturesearch (pid 28536) has died.
07-26 17:34:48.312 27471 27484 I PhoneLab-LoggerService: app_37    1300  1     1440   1000  c00f181c 400107b4 S logcat
07-26 17:34:48.312 27471 27484 I PhoneLab-LoggerService: Logcat pid from database 1300
07-26 17:34:48.312 27471 27484 I PhoneLab-LoggerService: Logcat process found 1300
07-26 17:34:48.312 27471 27484 I PhoneLab-LoggerService: Checking Threshold
07-26 17:35:00.702   145   338 D AlarmManagerService: Kernel timezone updated to 240 minutes west of GMT
07-26 17:35:47.968 29132 29135 D dalvikvm: GC_CONCURRENT freed 526K, 6% free 10597K/11271K, paused 2ms+2ms
07-26 17:35:48.097 28346 28349 D dalvikvm: GC_CONCURRENT freed 430K, 8% free 10237K/11079K, paused 2ms+2ms
07-26 17:36:06.788   342   342 D SAN_SERVICE: *******************************************
07-26 17:36:06.788   342   342 D SAN_SERVICE: DM App Phone Service State - 0
07-26 17:36:06.788   342   342 D SAN_SERVICE: *******************************************
07-26 17:36:07.042   145   145 D AlarmManagerService: Kernel timezone updated to 240 minutes west of GMT
07-26 17:36:07.050   342   342 D SAN_SERVICE: *******************************************
07-26 17:36:07.050   342   342 D SAN_SERVICE: DM App Phone Service State - 0
07-26 17:36:07.050   342   342 D SAN_SERVICE: *******************************************
07-26 17:36:08.323   342   342 D SAN_SERVICE: *******************************************
07-26 17:36:08.323   342   342 D SAN_SERVICE: DM App Phone Service State - 0
07-26 17:36:08.323   342   342 D SAN_SERVICE: *******************************************
07-26 17:36:24.839   145   363 D AlarmManagerService: Kernel timezone updated to 240 minutes west of GMT
07-26 17:36:48.038 28346 28346 D dalvikvm: GC_EXPLICIT freed 55K, 9% free 10188K/11079K, paused 6ms+2ms
07-26 17:36:48.132 28346 28349 D dalvikvm: GC_CONCURRENT freed 366K, 8% free 10233K/11079K, paused 2ms+3ms
07-26 17:36:48.210 27471 27484 I PhoneLab-: Service Running
07-26 17:36:48.276 27471 27484 I PhoneLab-LoggerService: app_37    1300  1     1440   1000  c00f181c 400107b4 S logcat
07-26 17:36:48.276 27471 27484 I PhoneLab-LoggerService: Logcat pid from database 1300
07-26 17:36:48.276 27471 27484 I PhoneLab-LoggerService: Logcat process found 1300
07-26 17:36:48.276 27471 27484 I PhoneLab-LoggerService: Checking Threshold
07-26 17:37:00.011   145   162 I ActivityManager: No longer want com.android.sprintmenu (pid 28702): hidden #16
07-26 17:37:00.089   145   421 W ActivityManager: Scheduling restart of crashed service com.android.sprintmenu/.HiddenPhoneService in 5000ms
07-26 17:37:05.112   145   162 I ActivityManager: Start proc com.android.sprintmenu for service com.android.sprintmenu/.HiddenPhoneService: pid=29550 uid=1001 gids={3002, 3001, 3003, 1015}
07-26 17:37:10.812   145  1302 D AlarmManagerService: Kernel timezone updated to 240 minutes west of GMT
07-26 17:37:17.827   145   356 D AlarmManagerService: Kernel timezone updated to 240 minutes west of GMT
07-26 17:37:17.858   342   342 D SAN_SERVICE: *******************************************
07-26 17:37:17.858   342   342 D SAN_SERVICE: DM App Phone Service State - 0
07-26 17:37:17.858   342   342 D SAN_SERVICE: *******************************************
07-26 17:37:18.030   145   147 D dalvikvm: GC_CONCURRENT freed 1798K, 17% free 19635K/23495K, paused 3ms+11ms
07-26 17:37:18.319 29132 29135 D dalvikvm: GC_CONCURRENT freed 429K, 6% free 10614K/11271K, paused 18ms+6ms
07-26 17:37:19.812   145   378 D AlarmManagerService: Kernel timezone updated to 240 minutes west of GMT
07-26 17:37:20.073   342   342 D SAN_SERVICE: *******************************************
07-26 17:37:20.073   342   342 D SAN_SERVICE: DM App Phone Service State - 0
07-26 17:37:20.073   342   342 D SAN_SERVICE: *******************************************
07-26 17:37:20.862   342   342 D SAN_SERVICE: *******************************************
07-26 17:37:20.862   342   342 D SAN_SERVICE: DM App Phone Service State - 0
07-26 17:37:20.862   342   342 D SAN_SERVICE: *******************************************
07-26 17:37:22.823   145  1303 D AlarmManagerService: Kernel timezone updated to 240 minutes west of GMT
07-26 17:37:23.925   145   145 D dalvikvm: GC_EXPLICIT freed 274K, 18% free 19384K/23495K, paused 39ms+7ms
07-26 17:37:23.952   342   342 D SAN_SERVICE: *******************************************
07-26 17:37:23.952   342   342 D SAN_SERVICE: DM App Phone Service State - 0
07-26 17:37:23.952   342   342 D SAN_SERVICE: *******************************************
07-26 17:37:25.827   145   356 D AlarmManagerService: Kernel timezone updated to 240 minutes west of GMT
07-26 17:37:26.331   342   342 D SAN_SERVICE: *******************************************
07-26 17:37:26.331   342   342 D SAN_SERVICE: DM App Phone Service State - 0
07-26 17:37:26.331   342   342 D SAN_SERVICE: *******************************************
07-26 17:37:26.901   342   342 D SAN_SERVICE: *******************************************
07-26 17:37:26.901   342   342 D SAN_SERVICE: DM App Phone Service State - 0
07-26 17:37:26.901   342   342 D SAN_SERVICE: *******************************************
07-26 17:37:48.136 28346 28349 D dalvikvm: GC_CONCURRENT freed 421K, 8% free 10235K/11079K, paused 2ms+3ms
07-26 17:37:49.687   145 22786 D AlarmManagerService: Kernel timezone updated to 240 minutes west of GMT
07-26 17:37:59.929 25228 25539 D GetStringObjTask: retrieving from url = http://www.chess.com/api/get_move_status?id=5HHjW9WUGa%2Bcu1LUwnVJPxTIWxmEve4VdkRnRyg7b5Ch69JH2Z5aB%2B7eGuFw8K2uFx47KFsdE3JRdR3Mzv0PkZOj6eZ8N73BvxmEERrzXjMNRo80rkLyJAUTh0iqof4n
07-26 17:38:00.085 25228 25539 D GetStringObjTask: WebRequest SERVER RESPONSE: Success+0
07-26 17:38:27.417   342   342 D SAN_SERVICE: *******************************************
07-26 17:38:27.417   342   342 D SAN_SERVICE: DM App Phone Service State - 0
07-26 17:38:27.421   342   342 D SAN_SERVICE: *******************************************
07-26 17:38:27.894   145   156 D AlarmManagerService: Kernel timezone updated to 240 minutes west of GMT
07-26 17:38:27.894   342   342 D SystemClock: Setting time of day to sec=1343338708
07-26 17:38:28.089   342   342 D SAN_SERVICE: *******************************************
07-26 17:38:28.089   342   342 D SAN_SERVICE: DM App Phone Service State - 0
07-26 17:38:28.089   342   342 D SAN_SERVICE: *******************************************
07-26 17:38:28.136 29212 29233 V AlarmClock: AlarmInitReceiver finished
07-26 17:38:28.765   342   342 D SAN_SERVICE: *******************************************
07-26 17:38:28.765   342   342 D SAN_SERVICE: DM App Phone Service State - 0
07-26 17:38:28.765   342   342 D SAN_SERVICE: *******************************************
07-26 17:38:40.085   145   430 D AlarmManagerService: Kernel timezone updated to 240 minutes west of GMT
07-26 17:38:48.242 29132 29135 D dalvikvm: GC_CONCURRENT freed 531K, 6% free 10613K/11271K, paused 2ms+3ms
07-26 17:38:48.355 27471 27484 I PhoneLab-: Service Running
07-26 17:38:48.418 28346 28349 D dalvikvm: GC_CONCURRENT freed 413K, 8% free 10231K/11079K, paused 2ms+7ms
07-26 17:38:48.437 27471 27484 I PhoneLab-LoggerService: app_37    1300  1     1440   1000  c00f181c 400107b4 S logcat
07-26 17:38:48.437 27471 27484 I PhoneLab-LoggerService: Logcat pid from database 1300
07-26 17:38:48.437 27471 27484 I PhoneLab-LoggerService: Logcat process found 1300
07-26 17:38:48.437 27471 27484 I PhoneLab-LoggerService: Checking Threshold
07-26 17:39:45.570 28878 28881 D dalvikvm: GC_CONCURRENT freed 736K, 7% free 11751K/12615K, paused 2ms+4ms
07-26 17:39:48.425 28346 28349 D dalvikvm: GC_CONCURRENT freed 442K, 8% free 10243K/11079K, paused 7ms+3ms
07-26 17:39:49.718   145   326 D AlarmManagerService: Kernel timezone updated to 240 minutes west of GMT
07-26 17:39:53.738   145   174 I ActivityManager: Start proc com.google.android.maps.mytracks for service com.google.android.maps.mytracks/com.google.android.apps.mytracks.services.RemoveTempFilesService: pid=29578 uid=10072 gids={3002, 3001, 3003, 1015}
07-26 17:39:53.777   145 22258 I ActivityManager: Process com.facebook.orca (pid 29108) has died.
07-26 17:39:53.777   145 22258 W ActivityManager: Scheduling restart of crashed service com.facebook.orca/.push.mqtt.MqttPushService in 5000ms
07-26 17:39:53.921 29578 29578 I ActivityThread: Pub com.google.android.maps.mytracks.search: com.google.android.apps.mytracks.content.SearchEngineProvider
07-26 17:39:53.937 29578 29578 I ActivityThread: Pub com.google.android.maps.mytracks: com.google.android.apps.mytracks.content.MyTracksProvider
07-26 17:39:53.968 29578 29578 D MyTracks: Enabling strict mode
07-26 17:39:54.164 29578 29580 D dalvikvm: GC_CONCURRENT freed 327K, 5% free 9186K/9607K, paused 4ms+4ms
07-26 17:39:54.273 29578 29578 D StrictMode: StrictMode policy violation; ~duration=248 ms: android.os.StrictMode$StrictModeDiskWriteViolation: policy=21 violation=1
07-26 17:39:54.273 29578 29578 D StrictMode: 	at android.os.StrictMode$AndroidBlockGuardPolicy.onWriteToDisk(StrictMode.java:1063)
07-26 17:39:54.273 29578 29578 D StrictMode: 	at android.database.sqlite.SQLiteStatement.acquireAndLock(SQLiteStatement.java:226)
07-26 17:39:54.273 29578 29578 D StrictMode: 	at android.database.sqlite.SQLiteStatement.executeUpdateDelete(SQLiteStatement.java:84)
07-26 17:39:54.273 29578 29578 D StrictMode: 	at android.database.sqlite.SQLiteDatabase.executeSql(SQLiteDatabase.java:1899)
07-26 17:39:54.273 29578 29578 D StrictMode: 	at android.database.sqlite.SQLiteDatabase.execSQL(SQLiteDatabase.java:1839)
07-26 17:39:54.273 29578 29578 D StrictMode: 	at android.database.sqlite.SQLiteDatabase.setPageSize(SQLiteDatabase.java:1297)
07-26 17:39:54.273 29578 29578 D StrictMode: 	at android.database.sqlite.SQLiteDatabase.openDatabase(SQLiteDatabase.java:995)
07-26 17:39:54.273 29578 29578 D StrictMode: 	at android.database.sqlite.SQLiteDatabase.openOrCreateDatabase(SQLiteDatabase.java:1051)
07-26 17:39:54.273 29578 29578 D StrictMode: 	at android.app.ContextImpl.openOrCreateDatabase(ContextImpl.java:770)
07-26 17:39:54.273 29578 29578 D StrictMode: 	at android.content.ContextWrapper.openOrCreateDatabase(ContextWrapper.java:221)
07-26 17:39:54.273 29578 29578 D StrictMode: 	at android.database.sqlite.SQLiteOpenHelper.getWritableDatabase(SQLiteOpenHelper.java:157)
07-26 17:39:54.273 29578 29578 D StrictMode: 	at com.google.android.apps.analytics.v.<init>(Unknown Source)
07-26 17:39:54.273 29578 29578 D StrictMode: 	at com.google.android.apps.analytics.v.<init>(Unknown Source)
07-26 17:39:54.273 29578 29578 D StrictMode: 	at com.google.android.apps.analytics.i.a(Unknown Source)
07-26 17:39:54.273 29578 29578 D StrictMode: 	at com.google.android.apps.mytracks.b.a.a(MT:43)
07-26 17:39:54.273 29578 29578 D StrictMode: 	at com.google.android.apps.mytracks.MyTracksApplication.onCreate(MT:42)
07-26 17:39:54.273 29578 29578 D StrictMode: 	at android.app.Instrumentation.callApplicationOnCreate(Instrumentation.java:969)
07-26 17:39:54.273 29578 29578 D StrictMode: 	at android.app.ActivityThread.handleBindApplication(ActivityThread.java:3954)
07-26 17:39:54.273 29578 29578 D StrictMode: 	at android.app.ActivityThread.access$1300(ActivityThread.java:123)
07-26 17:39:54.273 29578 29578 D StrictMode: 	at android.app.ActivityThread$H.handleMessage(ActivityThread.java:1185)
07-26 17:39:54.273 29578 29578 D StrictMode: 	at android.os.Handler.dispatchMessage(Handler.java:99)
07-26 17:39:54.273 29578 29578 D StrictMode: 	at android.os.Looper.loop(Looper.java:137)
07-26 17:39:54.273 29578 29578 D StrictMode: 	at android.app.ActivityThread.main(ActivityThread.java:4424)
07-26 17:39:54.273 29578 29578 D StrictMode: 	at java.lang.reflect.Method.invokeNative(Native Method)
07-26 17:39:54.273 29578 29578 D StrictMode: 	at java.lang.reflect.Method.invoke(Method.java:511)
07-26 17:39:54.273 29578 29578 D StrictMode: 	at com.android.internal.os.ZygoteInit$MethodAndArgsCaller.run(ZygoteInit.java:784)
07-26 17:39:54.273 29578 29578 D StrictMode: 	at com.android.internal.os.ZygoteInit.main(ZygoteInit.java:551)
07-26 17:39:54.273 29578 29578 D StrictMode: 	at dalvik.system.NativeStart.main(Native Method)
07-26 17:39:54.273 29578 29578 D StrictMode: StrictMode policy violation; ~duration=190 ms: android.os.StrictMode$StrictModeDiskWriteViolation: policy=21 violation=1
07-26 17:39:54.273 29578 29578 D StrictMode: 	at android.os.StrictMode$AndroidBlockGuardPolicy.onWriteToDisk(StrictMode.java:1063)
07-26 17:39:54.273 29578 29578 D StrictMode: 	at android.database.sqlite.SQLiteStatement.acquireAndLock(SQLiteStatement.java:226)
07-26 17:39:54.273 29578 29578 D StrictMode: 	at android.database.sqlite.SQLiteStatement.executeUpdateDelete(SQLiteStatement.java:84)
07-26 17:39:54.273 29578 29578 D StrictMode: 	at android.database.sqlite.SQLiteDatabase.executeSql(SQLiteDatabase.java:1899)
07-26 17:39:54.273 29578 29578 D StrictMode: 	at android.database.sqlite.SQLiteDatabase.execSQL(SQLiteDatabase.java:1839)
07-26 17:39:54.273 29578 29578 D StrictMode: 	at android.database.sqlite.SQLiteDatabase.beginTransaction(SQLiteDatabase.java:659)
07-26 17:39:54.273 29578 29578 D StrictMode: 	at android.database.sqlite.SQLiteDatabase.beginTransaction(SQLiteDatabase.java:552)
07-26 17:39:54.273 29578 29578 D StrictMode: 	at com.google.android.apps.analytics.v.a(Unknown Source)
07-26 17:39:54.273 29578 29578 D StrictMode: 	at com.google.android.apps.analytics.i.a(Unknown Source)
07-26 17:39:54.273 29578 29578 D StrictMode: 	at com.google.android.apps.mytracks.b.a.a(MT:45)
07-26 17:39:54.273 29578 29578 D StrictMode: 	at com.google.android.apps.mytracks.MyTracksApplication.onCreate(MT:42)
07-26 17:39:54.273 29578 29578 D StrictMode: 	at android.app.Instrumentation.callApplicationOnCreate(Instrumentation.java:969)
07-26 17:39:54.273 29578 29578 D StrictMode: 	at android.app.ActivityThread.handleBindApplication(ActivityThread.java:3954)
07-26 17:39:54.273 29578 29578 D StrictMode: 	at android.app.ActivityThread.access$1300(ActivityThread.java:123)
07-26 17:39:54.273 29578 29578 D StrictMode: 	at android.app.ActivityThread$H.handleMessage(ActivityThread.java:1185)
07-26 17:39:54.273 29578 29578 D StrictMode: 	at android.os.Handler.dispatchMessage(Handler.java:99)
07-26 17:39:54.273 29578 29578 D StrictMode: 	at android.os.Looper.loop(Looper.java:137)
07-26 17:39:54.273 29578 29578 D StrictMode: 	at android.app.ActivityThread.main(ActivityThread.java:4424)
07-26 17:39:54.273 29578 29578 D StrictMode: 	at java.lang.reflect.Method.invokeNative(Native Method)
07-26 17:39:54.273 29578 29578 D StrictMode: 	at java.lang.reflect.Method.invoke(Method.java:511)
07-26 17:39:54.273 29578 29578 D StrictMode: 	at com.android.internal.os.ZygoteInit$MethodAndArgsCaller.run(ZygoteInit.java:784)
07-26 17:39:54.273 29578 29578 D StrictMode: 	at com.android.internal.os.ZygoteInit.main(ZygoteInit.java:551)
07-26 17:39:54.273 29578 29578 D StrictMode: 	at dalvik.system.NativeStart.main(Native Method)
07-26 17:39:54.273 29578 29578 D StrictMode: StrictMode policy violation; ~duration=184 ms: android.os.StrictMode$StrictModeDiskWriteViolation: policy=21 violation=1
07-26 17:39:54.273 29578 29578 D StrictMode: 	at android.os.StrictMode$AndroidBlockGuardPolicy.onWriteToDisk(StrictMode.java:1063)
07-26 17:39:54.273 29578 29578 D StrictMode: 	at android.database.sqlite.SQLiteStatement.acquireAndLock(SQLiteStatement.java:226)
07-26 17:39:54.273 29578 29578 D StrictMode: 	at android.database.sqlite.SQLiteStatement.executeUpdateDelete(SQLiteStatement.java:84)
07-26 17:39:54.273 29578 29578 D StrictMode: 	at android.database.sqlite.SQLiteDatabase.delete(SQLiteDatabase.java:1741)
07-26 17:39:54.273 29578 29578 D StrictMode: 	at com.google.android.apps.analytics.v.a(Unknown Source)
07-26 17:39:54.273 29578 29578 D StrictMode: 	at com.google.android.apps.analytics.i.a(Unknown Source)
07-26 17:39:54.273 29578 29578 D StrictMode: 	at com.google.android.apps.mytracks.b.a.a(MT:45)
07-26 17:39:54.273 29578 29578 D StrictMode: 	at com.google.android.apps.mytracks.MyTracksApplication.onCreate(MT:42)
07-26 17:39:54.273 29578 29578 D StrictMode: 	at android.app.Instrumentation.callApplicationOnCreate(Instrumentation.java:969)
07-26 17:39:54.273 29578 29578 D StrictMode: 	at android.app.ActivityThread.handleBindApplication(ActivityThread.java:3954)
07-26 17:39:54.273 29578 29578 D StrictMode: 	at android.app.ActivityThread.access$1300(ActivityThread.java:123)
07-26 17:39:54.273 29578 29578 D StrictMode: 	at android.app.ActivityThread$H.handleMessage(ActivityThread.java:1185)
07-26 17:39:54.273 29578 29578 D StrictMode: 	at android.os.Handler.dispatchMessage(Handler.java:99)
07-26 17:39:54.273 29578 29578 D StrictMode: 	at android.os.Looper.loop(Looper.java:137)
07-26 17:39:54.273 29578 29578 D StrictMode: 	at android.app.ActivityThread.main(ActivityThread.java:4424)
07-26 17:39:54.273 29578 29578 D StrictMode: 	at java.lang.reflect.Method.invokeNative(Native Method)
07-26 17:39:54.273 29578 29578 D StrictMode: 	at java.lang.reflect.Method.invoke(Method.java:511)
07-26 17:39:54.273 29578 29578 D StrictMode: 	at com.android.internal.os.ZygoteInit$MethodAndArgsCaller.run(ZygoteInit.java:784)
07-26 17:39:54.273 29578 29578 D StrictMode: 	at com.android.internal.os.ZygoteInit.main(ZygoteInit.java:551)
07-26 17:39:54.273 29578 29578 D StrictMode: 	at dalvik.system.NativeStart.main(Native Method)
07-26 17:39:54.277 29578 29578 D StrictMode: StrictMode policy violation; ~duration=177 ms: android.os.StrictMode$StrictModeDiskWriteViolation: policy=21 violation=1
07-26 17:39:54.277 29578 29578 D StrictMode: 	at android.os.StrictMode$AndroidBlockGuardPolicy.onWriteToDisk(StrictMode.java:1063)
07-26 17:39:54.277 29578 29578 D StrictMode: 	at android.database.sqlite.SQLiteStatement.acquireAndLock(SQLiteStatement.java:226)
07-26 17:39:54.277 29578 29578 D StrictMode: 	at android.database.sqlite.SQLiteStatement.executeInsert(SQLiteStatement.java:112)
07-26 17:39:54.277 29578 29578 D StrictMode: 	at android.database.sqlite.SQLiteDatabase.insertWithOnConflict(SQLiteDatabase.java:1718)
07-26 17:39:54.277 29578 29578 D StrictMode: 	at android.database.sqlite.SQLiteDatabase.insert(SQLiteDatabase.java:1591)
07-26 17:39:54.277 29578 29578 D StrictMode: 	at com.google.android.apps.analytics.v.a(Unknown Source)
07-26 17:39:54.277 29578 29578 D StrictMode: 	at com.google.android.apps.analytics.i.a(Unknown Source)
07-26 17:39:54.277 29578 29578 D StrictMode: 	at com.google.android.apps.mytracks.b.a.a(MT:45)
07-26 17:39:54.277 29578 29578 D StrictMode: 	at com.google.android.apps.mytracks.MyTracksApplication.onCreate(MT:42)
07-26 17:39:54.277 29578 29578 D StrictMode: 	at android.app.Instrumentation.callApplicationOnCreate(Instrumentation.java:969)
07-26 17:39:54.277 29578 29578 D StrictMode: 	at android.app.ActivityThread.handleBindApplication(ActivityThread.java:3954)
07-26 17:39:54.277 29578 29578 D StrictMode: 	at android.app.ActivityThread.access$1300(ActivityThread.java:123)
07-26 17:39:54.277 29578 29578 D StrictMode: 	at android.app.ActivityThread$H.handleMessage(ActivityThread.java:1185)
07-26 17:39:54.277 29578 29578 D StrictMode: 	at android.os.Handler.dispatchMessage(Handler.java:99)
07-26 17:39:54.277 29578 29578 D StrictMode: 	at android.os.Looper.loop(Looper.java:137)
07-26 17:39:54.277 29578 29578 D StrictMode: 	at android.app.ActivityThread.main(ActivityThread.java:4424)
07-26 17:39:54.277 29578 29578 D StrictMode: 	at java.lang.reflect.Method.invokeNative(Native Method)
07-26 17:39:54.277 29578 29578 D StrictMode: 	at java.lang.reflect.Method.invoke(Method.java:511)
07-26 17:39:54.277 29578 29578 D StrictMode: 	at com.android.internal.os.ZygoteInit$MethodAndArgsCaller.run(ZygoteInit.java:784)
07-26 17:39:54.277 29578 29578 D StrictMode: 	at com.android.internal.os.ZygoteInit.main(ZygoteInit.java:551)
07-26 17:39:54.277 29578 29578 D StrictMode: 	at dalvik.system.NativeStart.main(Native Method)
07-26 17:39:54.277 29578 29578 D StrictMode: StrictMode policy violation; ~duration=151 ms: android.os.StrictMode$StrictModeDiskWriteViolation: policy=21 violation=1
07-26 17:39:54.277 29578 29578 D StrictMode: 	at android.os.StrictMode$AndroidBlockGuardPolicy.onWriteToDisk(StrictMode.java:1063)
07-26 17:39:54.277 29578 29578 D StrictMode: 	at android.database.sqlite.SQLiteStatement.acquireAndLock(SQLiteStatement.java:226)
07-26 17:39:54.277 29578 29578 D StrictMode: 	at android.database.sqlite.SQLiteStatement.executeInsert(SQLiteStatement.java:112)
07-26 17:39:54.277 29578 29578 D StrictMode: 	at android.database.sqlite.SQLiteDatabase.insertWithOnConflict(SQLiteDatabase.java:1718)
07-26 17:39:54.277 29578 29578 D StrictMode: 	at android.database.sqlite.SQLiteDatabase.insert(SQLiteDatabase.java:1591)
07-26 17:39:54.277 29578 29578 D StrictMode: 	at com.google.android.apps.analytics.v.a(Unknown Source)
07-26 17:39:54.277 29578 29578 D StrictMode: 	at com.google.android.apps.analytics.v.a(Unknown Source)
07-26 17:39:54.277 29578 29578 D StrictMode: 	at com.google.android.apps.analytics.v.a(Unknown Source)
07-26 17:39:54.277 29578 29578 D StrictMode: 	at com.google.android.apps.analytics.i.a(Unknown Source)
07-26 17:39:54.277 29578 29578 D StrictMode: 	at com.google.android.apps.mytracks.b.a.a(MT:45)
07-26 17:39:54.277 29578 29578 D StrictMode: 	at com.google.android.apps.mytracks.MyTracksApplication.onCreate(MT:42)
07-26 17:39:54.277 29578 29578 D StrictMode: 	at android.app.Instrumentation.callApplicationOnCreate(Instrumentation.java:969)
07-26 17:39:54.277 29578 29578 D StrictMode: 	at android.app.ActivityThread.handleBindApplication(ActivityThread.java:3954)
07-26 17:39:54.277 29578 29578 D StrictMode: 	at android.app.ActivityThread.access$1300(ActivityThread.java:123)
07-26 17:39:54.277 29578 29578 D StrictMode: 	at android.app.ActivityThread$H.handleMessage(ActivityThread.java:1185)
07-26 17:39:54.277 29578 29578 D StrictMode: 	at android.os.Handler.dispatchMessage(Handler.java:99)
07-26 17:39:54.277 29578 29578 D StrictMode: 	at android.os.Looper.loop(Looper.java:137)
07-26 17:39:54.277 29578 29578 D StrictMode: 	at android.app.ActivityThread.main(ActivityThread.java:4424)
07-26 17:39:54.277 29578 29578 D StrictMode: 	at java.lang.reflect.Method.invokeNative(Native Method)
07-26 17:39:54.277 29578 29578 D StrictMode: 	at java.lang.reflect.Method.invoke(Method.java:511)
07-26 17:39:54.277 29578 29578 D StrictMode: 	at com.android.internal.os.ZygoteInit$MethodAndArgsCaller.run(ZygoteInit.java:784)
07-26 17:39:54.277 29578 29578 D StrictMode: 	at com.android.internal.os.ZygoteInit.main(ZygoteInit.java:551)
07-26 17:39:54.277 29578 29578 D StrictMode: 	at dalvik.system.NativeStart.main(Native Method)
07-26 17:39:54.277 29578 29578 D StrictMode: StrictMode policy violation; ~duration=137 ms: android.os.StrictMode$StrictModeDiskWriteViolation: policy=21 violation=1
07-26 17:39:54.277 29578 29578 D StrictMode: 	at android.os.StrictMode$AndroidBlockGuardPolicy.onWriteToDisk(StrictMode.java:1063)
07-26 17:39:54.277 29578 29578 D StrictMode: 	at android.database.sqlite.SQLiteStatement.acquireAndLock(SQLiteStatement.java:226)
07-26 17:39:54.277 29578 29578 D StrictMode: 	at android.database.sqlite.SQLiteStatement.executeUpdateDelete(SQLiteStatement.java:84)
07-26 17:39:54.277 29578 29578 D StrictMode: 	at android.database.sqlite.SQLiteDatabase.executeSql(SQLiteDatabase.java:1899)
07-26 17:39:54.277 29578 29578 D StrictMode: 	at android.database.sqlite.SQLiteDatabase.execSQL(SQLiteDatabase.java:1839)
07-26 17:39:54.277 29578 29578 D StrictMode: 	at android.database.sqlite.SQLiteDatabase.endTransaction(SQLiteDatabase.java:714)
07-26 17:39:54.277 29578 29578 D StrictMode: 	at com.google.android.apps.analytics.v.d(Unknown Source)
07-26 17:39:54.277 29578 29578 D StrictMode: 	at com.google.android.apps.analytics.v.a(Unknown Source)
07-26 17:39:54.277 29578 29578 D StrictMode: 	at com.google.android.apps.analytics.i.a(Unknown Source)
07-26 17:39:54.277 29578 29578 D StrictMode: 	at com.google.android.apps.mytracks.b.a.a(MT:45)
07-26 17:39:54.277 29578 29578 D StrictMode: 	at com.google.android.apps.mytracks.MyTracksApplication.onCreate(MT:42)
07-26 17:39:54.277 29578 29578 D StrictMode: 	at android.app.Instrumentation.callApplicationOnCreate(Instrumentation.java:969)
07-26 17:39:54.277 29578 29578 D StrictMode: 	at android.app.ActivityThread.handleBindApplication(ActivityThread.java:3954)
07-26 17:39:54.277 29578 29578 D StrictMode: 	at android.app.ActivityThread.access$1300(ActivityThread.java:123)
07-26 17:39:54.277 29578 29578 D StrictMode: 	at android.app.ActivityThread$H.handleMessage(ActivityThread.java:1185)
07-26 17:39:54.277 29578 29578 D StrictMode: 	at android.os.Handler.dispatchMessage(Handler.java:99)
07-26 17:39:54.277 29578 29578 D StrictMode: 	at android.os.Looper.loop(Looper.java:137)
07-26 17:39:54.277 29578 29578 D StrictMode: 	at android.app.ActivityThread.main(ActivityThread.java:4424)
07-26 17:39:54.277 29578 29578 D StrictMode: 	at java.lang.reflect.Method.invokeNative(Native Method)
07-26 17:39:54.277 29578 29578 D StrictMode: 	at java.lang.reflect.Method.invoke(Method.java:511)
07-26 17:39:54.277 29578 29578 D StrictMode: 	at com.android.internal.os.ZygoteInit$MethodAndArgsCaller.run(ZygoteInit.java:784)
07-26 17:39:54.277 29578 29578 D StrictMode: 	at com.android.internal.os.ZygoteInit.main(ZygoteInit.java:551)
07-26 17:39:54.277 29578 29578 D StrictMode: 	at dalvik.system.NativeStart.main(Native Method)
07-26 17:39:54.335 29425 29592 I SqliteDatabaseCpp: sqlite returned: error code = 1, msg = no such column: wipeout_stats, db=/data/data/com.google.android.apps.plus/databases/es0.db
07-26 17:39:54.339 29425 29592 W System.err: android.database.sqlite.SQLiteException: no such column: wipeout_stats: , while compiling: SELECT wipeout_stats  FROM account_status
07-26 17:39:54.371 29425 29592 W System.err: 	at android.database.sqlite.SQLiteCompiledSql.native_compile(Native Method)
07-26 17:39:54.371 29425 29592 W System.err: 	at android.database.sqlite.SQLiteCompiledSql.<init>(SQLiteCompiledSql.java:68)
07-26 17:39:54.371 29425 29592 W System.err: 	at android.database.sqlite.SQLiteProgram.compileSql(SQLiteProgram.java:143)
07-26 17:39:54.371 29425 29592 W System.err: 	at android.database.sqlite.SQLiteProgram.compileAndbindAllArgs(SQLiteProgram.java:361)
07-26 17:39:54.371 29425 29592 W System.err: 	at android.database.sqlite.SQLiteStatement.acquireAndLock(SQLiteStatement.java:260)
07-26 17:39:54.371 29425 29592 W System.err: 	at android.database.sqlite.SQLiteStatement.simpleQueryForLong(SQLiteStatement.java:137)
07-26 17:39:54.371 29425 29592 W System.err: 	at android.database.DatabaseUtils.longForQuery(DatabaseUtils.java:791)
07-26 17:39:54.371 29425 29592 W System.err: 	at android.database.DatabaseUtils.longForQuery(DatabaseUtils.java:779)
07-26 17:39:54.371 29425 29592 W System.err: 	at com.google.android.apps.plus.content.EsAccountsData.isContactsStatsWipeoutNeeded(EsAccountsData.java:641)
07-26 17:39:54.371 29425 29592 W System.err: 	at com.google.android.apps.plus.service.EsService.processIntent(EsService.java:4246)
07-26 17:39:54.371 29425 29592 W System.err: 	at com.google.android.apps.plus.service.ServiceThread$1.run(ServiceThread.java:50)
07-26 17:39:54.371 29425 29592 W System.err: 	at android.os.Handler.handleCallback(Handler.java:605)
07-26 17:39:54.371 29425 29592 W System.err: 	at android.os.Handler.dispatchMessage(Handler.java:92)
07-26 17:39:54.375 29425 29592 W System.err: 	at android.os.Looper.loop(Looper.java:137)
07-26 17:39:54.375 29425 29592 W System.err: 	at com.google.android.apps.plus.service.ServiceThread.run(ServiceThread.java:122)
07-26 17:39:58.785   145   162 I ActivityManager: Start proc com.facebook.orca for service com.facebook.orca/.push.mqtt.MqttPushService: pid=29597 uid=10062 gids={3003, 1015, 1006}
07-26 17:39:58.793 29597 29597 I dalvikvm: Turning on JNI app bug workarounds for target SDK version 10...
07-26 17:39:58.824 29425 29428 D dalvikvm: GC_CONCURRENT freed 1179K, 19% free 13373K/16327K, paused 12ms+33ms
07-26 17:39:59.003 29597 29597 I ActivityThread: Pub com.facebook.orca.notify.MessengerLoggedInUserProvider: com.facebook.orca.notify.MessengerLoggedInUserProvider
07-26 17:39:59.023 29597 29597 I ActivityThread: Pub com.facebook.orca.notify.MessengerForegroundProvider: com.facebook.orca.notify.MessengerForegroundProvider
07-26 17:39:59.027 29597 29597 V orca:OrcaApplication: Forcing initialization of AsyncTask
07-26 17:39:59.121 29597 29600 D dalvikvm: GC_CONCURRENT freed 223K, 4% free 9312K/9607K, paused 2ms+2ms
07-26 17:39:59.125 29597 29597 I Finalizer: Couldn't access Thread.inheritableThreadLocals. Reference finalizer threads will inherit thread local values.
07-26 17:39:59.273 29597 29600 D dalvikvm: GC_CONCURRENT freed 385K, 5% free 9462K/9927K, paused 2ms+2ms
07-26 17:39:59.445 29597 29597 W OrcaGuiceModule: Sig: ijxLJi1yGs1JpL-X1SExmchvork
07-26 17:39:59.593 29597 29600 D dalvikvm: GC_CONCURRENT freed 303K, 4% free 9662K/10055K, paused 20ms+4ms
07-26 17:40:00.046 29597 29612 W Resources: Converting to string: TypedValue{t=0x10/d=0xffffffff a=-1}
07-26 17:40:00.218 29597 29600 D dalvikvm: GC_CONCURRENT freed 324K, 4% free 9851K/10247K, paused 4ms+4ms
07-26 17:40:00.320 29597 29597 D ACRA    : Retrieve application default SharedPreferences.
07-26 17:40:00.320 29597 29597 D ACRA    : Set OnSharedPreferenceChangeListener.
07-26 17:40:00.320 29597 29597 D ACRA    : ACRA is enabled for com.facebook.orca, intializing...
07-26 17:40:00.390 29597 29600 D dalvikvm: GC_CONCURRENT freed 286K, 4% free 10078K/10439K, paused 2ms+3ms
07-26 17:40:00.394 29597 29597 D ACRA    : Looking for error files in /data/data/com.facebook.orca/app_acra-reports
07-26 17:40:00.425 29597 29612 D dalvikvm: GC_FOR_ALLOC freed 108K, 5% free 10162K/10631K, paused 18ms
07-26 17:40:00.492 29597 29612 D dalvikvm: GC_FOR_ALLOC freed 221K, 5% free 10189K/10695K, paused 24ms
07-26 17:40:00.543 29597 29612 D dalvikvm: GC_FOR_ALLOC freed 250K, 6% free 10247K/10823K, paused 24ms
07-26 17:40:00.589 29597 29612 D dalvikvm: GC_FOR_ALLOC freed 97K, 5% free 10345K/10823K, paused 27ms
07-26 17:40:00.765 29597 29600 D dalvikvm: GC_CONCURRENT freed 359K, 4% free 10520K/10951K, paused 2ms+4ms
07-26 17:40:01.003 29597 29600 D dalvikvm: GC_CONCURRENT freed 147K, 2% free 10925K/11143K, paused 2ms+7ms
07-26 17:40:01.250 29597 29600 D dalvikvm: GC_CONCURRENT freed 425K, 5% free 11158K/11655K, paused 2ms+4ms
07-26 17:40:02.898 29425 29428 D dalvikvm: GC_CONCURRENT freed 1395K, 19% free 13302K/16327K, paused 26ms+3ms
07-26 17:40:06.390 29425 29432 I dalvikvm: Jit: resizing JitTable from 4096 to 8192
07-26 17:40:06.515 29425 29428 D dalvikvm: GC_CONCURRENT freed 677K, 14% free 14044K/16327K, paused 6ms+3ms
07-26 17:40:07.324 29425 29428 D dalvikvm: GC_CONCURRENT freed 1111K, 12% free 14480K/16327K, paused 2ms+5ms
07-26 17:40:09.351 29425 29428 D dalvikvm: GC_CONCURRENT freed 1715K, 12% free 14478K/16327K, paused 2ms+3ms
07-26 17:40:11.195 29425 29428 D dalvikvm: GC_CONCURRENT freed 2909K, 19% free 13283K/16327K, paused 2ms+4ms
07-26 17:40:11.511 29425 29595 I SqliteDatabaseCpp: sqlite returned: error code = 1, msg = no such column: last_stats_sync_time, db=/data/data/com.google.android.apps.plus/databases/es0.db
07-26 17:40:11.527 29425 29595 E EsSyncAdapterService: Sync failure
07-26 17:40:11.527 29425 29595 E EsSyncAdapterService: android.database.sqlite.SQLiteException: no such column: last_stats_sync_time: , while compiling: SELECT last_stats_sync_time  FROM account_status
07-26 17:40:11.527 29425 29595 E EsSyncAdapterService: 	at android.database.sqlite.SQLiteCompiledSql.native_compile(Native Method)
07-26 17:40:11.527 29425 29595 E EsSyncAdapterService: 	at android.database.sqlite.SQLiteCompiledSql.<init>(SQLiteCompiledSql.java:68)
07-26 17:40:11.527 29425 29595 E EsSyncAdapterService: 	at android.database.sqlite.SQLiteProgram.compileSql(SQLiteProgram.java:143)
07-26 17:40:11.527 29425 29595 E EsSyncAdapterService: 	at android.database.sqlite.SQLiteProgram.compileAndbindAllArgs(SQLiteProgram.java:361)
07-26 17:40:11.527 29425 29595 E EsSyncAdapterService: 	at android.database.sqlite.SQLiteStatement.acquireAndLock(SQLiteStatement.java:260)
07-26 17:40:11.527 29425 29595 E EsSyncAdapterService: 	at android.database.sqlite.SQLiteStatement.simpleQueryForLong(SQLiteStatement.java:137)
07-26 17:40:11.527 29425 29595 E EsSyncAdapterService: 	at android.database.DatabaseUtils.longForQuery(DatabaseUtils.java:791)
07-26 17:40:11.527 29425 29595 E EsSyncAdapterService: 	at android.database.DatabaseUtils.longForQuery(DatabaseUtils.java:779)
07-26 17:40:11.527 29425 29595 E EsSyncAdapterService: 	at com.google.android.apps.plus.content.EsAccountsData.queryLastStatsSyncTimestamp(EsAccountsData.java:570)
07-26 17:40:11.527 29425 29595 E EsSyncAdapterService: 	at com.google.android.apps.plus.service.EsSyncAdapterService.syncContactsStatsIfNecessary(EsSyncAdapterService.java:670)
07-26 17:40:11.527 29425 29595 E EsSyncAdapterService: 	at com.google.android.apps.plus.service.EsSyncAdapterService.doFullSync(EsSyncAdapterService.java:633)
07-26 17:40:11.527 29425 29595 E EsSyncAdapterService: 	at com.google.android.apps.plus.service.EsSyncAdapterService.doSync(EsSyncAdapterService.java:566)
07-26 17:40:11.527 29425 29595 E EsSyncAdapterService: 	at com.google.android.apps.plus.service.EsSyncAdapterService.access$100(EsSyncAdapterService.java:52)
07-26 17:40:11.527 29425 29595 E EsSyncAdapterService: 	at com.google.android.apps.plus.service.EsSyncAdapterService$SyncAdapterImpl.onPerformSync(EsSyncAdapterService.java:408)
07-26 17:40:11.527 29425 29595 E EsSyncAdapterService: 	at android.content.AbstractThreadedSyncAdapter$SyncThread.run(AbstractThreadedSyncAdapter.java:247)
07-26 17:40:11.546   145   169 D SyncManager: failed sync operation lokeshmandvekar@gmail.com (com.google), com.google.android.apps.plus.content.EsProvider, SERVER, earliestRunTime 258300130, SyncResult: stats [ numParseExceptions: 1]
07-26 17:40:11.550   145   169 D SyncManager: not retrying sync operation because the error is a hard error: lokeshmandvekar@gmail.com (com.google), com.google.android.apps.plus.content.EsProvider, SERVER, earliestRunTime 258317415
07-26 17:40:16.750 29425 29428 D dalvikvm: GC_CONCURRENT freed 1285K, 19% free 13293K/16327K, paused 4ms+4ms
07-26 17:40:17.121 29184 29186 D dalvikvm: GC_CONCURRENT freed 418K, 6% free 9823K/10375K, paused 2ms+4ms
07-26 17:40:17.355 29425 29467 D dalvikvm: GC_EXPLICIT freed 338K, 19% free 13259K/16327K, paused 2ms+5ms
07-26 17:40:17.695   145   421 D dalvikvm: GC_EXPLICIT freed 1250K, 18% free 19473K/23495K, paused 4ms+8ms
07-26 17:40:18.144 29184 29195 D dalvikvm: GC_EXPLICIT freed 311K, 6% free 9802K/10375K, paused 12ms+3ms
07-26 17:40:18.234 29377 29380 D dalvikvm: GC_CONCURRENT freed 401K, 7% free 10009K/10695K, paused 2ms+4ms
07-26 17:40:48.222 27471 27484 I PhoneLab-: Service Running
07-26 17:40:48.347 29132 29135 D dalvikvm: GC_CONCURRENT freed 531K, 6% free 10611K/11271K, paused 2ms+12ms
07-26 17:40:48.429 27471 27484 I PhoneLab-LoggerService: app_37    1300  1     1440   1000  c00f181c 400107b4 S logcat
07-26 17:40:48.429 27471 27484 I PhoneLab-LoggerService: Logcat pid from database 1300
07-26 17:40:48.433 27471 27484 I PhoneLab-LoggerService: Logcat process found 1300
07-26 17:40:48.433 27471 27484 I PhoneLab-LoggerService: Checking Threshold
07-26 17:40:48.433   145   423 I ActivityManager: Process com.google.android.apps.maps:NetworkLocationService (pid 29132) has died.
07-26 17:40:48.453   145   423 W ActivityManager: Scheduling restart of crashed service com.google.android.apps.maps/com.google.android.location.internal.server.NetworkLocationService in 5000ms
07-26 17:40:48.535 28346 28349 D dalvikvm: GC_CONCURRENT freed 429K, 8% free 10233K/11079K, paused 3ms+3ms
07-26 17:40:48.839 29377 29380 D dalvikvm: GC_CONCURRENT freed 391K, 7% free 10007K/10695K, paused 1ms+2ms
07-26 17:40:53.539   145   162 I ActivityManager: Start proc com.google.android.apps.maps:NetworkLocationService for service com.google.android.apps.maps/com.google.android.location.internal.server.NetworkLocationService: pid=29632 uid=10056 gids={3003, 1015}
07-26 17:40:53.835 29632 29634 D dalvikvm: GC_CONCURRENT freed 168K, 3% free 9367K/9607K, paused 5ms+2ms
07-26 17:40:54.316 31737 31740 D dalvikvm: GC_CONCURRENT freed 427K, 6% free 10851K/11527K, paused 6ms+5ms
07-26 17:40:54.382 29632 29634 D dalvikvm: GC_CONCURRENT freed 157K, 3% free 9676K/9927K, paused 13ms+3ms
07-26 17:40:54.734 29632 29634 D dalvikvm: GC_CONCURRENT freed 174K, 3% free 10066K/10311K, paused 1ms+3ms
07-26 17:40:54.918 29632 29634 D dalvikvm: GC_CONCURRENT freed 666K, 8% free 9886K/10631K, paused 1ms+2ms
