07-24 04:43:26.342 15098 15111 I PhoneLab-LoggerService: Logcat process found 1300
07-24 04:43:26.342 15098 15111 I PhoneLab-LoggerService: Checking Threshold
07-24 04:44:00.338 10485 10488 D dalvikvm: GC_CONCURRENT freed 675K, 9% free 10290K/11207K, paused 1ms+10ms
07-24 04:44:00.342 14992 14994 D dalvikvm: GC_CONCURRENT freed 478K, 6% free 10625K/11207K, paused 7ms+6ms
07-24 04:44:00.416 14992 15012 D dalvikvm: GC_FOR_ALLOC freed 221K, 7% free 10572K/11271K, paused 23ms
07-24 04:44:11.814 15336 15687 I DatabaseHelper: Begin cleanup.
07-24 04:44:12.170 15336 15687 I DatabaseHelper: Cleaned up: 0
07-24 04:44:57.182   145   199 D DhcpInfoInternal: makeLinkProperties with empty dns2!
07-24 04:44:57.182   145   199 D DhcpInfoInternal: makeLinkProperties with empty dns2!
07-24 04:45:09.135 15098 15098 I PhoneLab-Locks: wake lock acquired
07-24 04:45:09.158 15098 15709 I PhoneLab-PeriodicCheckService: User info is synched
07-24 04:45:09.162 15098 15709 I PhoneLab-PeriodicCheckService: Logger Service is running
07-24 04:45:09.166 15098 15098 I PhoneLab-Locks: wake lock acquired
07-24 04:45:09.170 15098 15098 I PhoneLab-StatusMonitor: Status Monitoring is started
07-24 04:45:09.174 15098 15098 E PhoneLab-PhoneLabManifest: java.io.FileNotFoundException: /data/data/edu.buffalo.cse.phonelab.phonelabservices/files/manifest.xml: open failed: ENOENT (No such file or directory)
07-24 04:45:09.178 15098 15709 I PhoneLab-Locks: wake lock acquired
07-24 04:45:09.178 15098 15098 I PhoneLab-Locks: wake lock released
07-24 04:45:09.182 15098 15098 I PhoneLab-UploadLogs: Transfering log files now
07-24 04:45:09.182 15098 15709 I PhoneLab-PeriodicCheckService: Rescheduling periodic checking...
07-24 04:45:09.182 15098 15098 I PhoneLab-UploadLogs: No log files to transfer
07-24 04:45:09.186 15098 15709 I PhoneLab-Locks: wake lock released
07-24 04:45:09.186 15098 15098 I PhoneLab-Locks: wake lock released
07-24 04:45:09.186 15098 15098 I PhoneLab-UploadLogs: OnStartCommand
07-24 04:45:26.232 15098 15111 I PhoneLab-: Service Running
07-24 04:45:26.322 15098 15111 I PhoneLab-LoggerService: app_37    1300  1     1440   1004  c00f181c 400107b4 S logcat
07-24 04:45:26.322 15098 15111 I PhoneLab-LoggerService: Logcat pid from database 1300
07-24 04:45:26.322 15098 15111 I PhoneLab-LoggerService: Logcat process found 1300
07-24 04:45:26.322 15098 15111 I PhoneLab-LoggerService: Checking Threshold
07-24 04:45:26.322 15098 15111 I PhoneLab-LoggerService: Starting to rename files
07-24 04:45:26.322 15098 15111 I PhoneLab-LoggerService: Files found .. 2
07-24 04:45:26.326 15098 15111 I PhoneLab-LoggerService: File 1 log.out.1
07-24 04:45:26.330 15098 15111 I PhoneLab-LoggerService: Renamed successfully
07-24 04:46:00.209 14992 14994 D dalvikvm: GC_CONCURRENT freed 503K, 7% free 10585K/11271K, paused 1ms+3ms
07-24 04:46:00.330 10485 10488 D dalvikvm: GC_CONCURRENT freed 487K, 8% free 10314K/11207K, paused 1ms+3ms
07-24 04:46:55.834  6099  6102 D dalvikvm: GC_CONCURRENT freed 376K, 6% free 10283K/10887K, paused 2ms+7ms
07-24 04:47:00.385 10485 10488 D dalvikvm: GC_CONCURRENT freed 468K, 8% free 10357K/11207K, paused 2ms+3ms
07-24 04:47:22.072   145   199 D DhcpInfoInternal: makeLinkProperties with empty dns2!
07-24 04:47:22.088   145   199 D DhcpInfoInternal: makeLinkProperties with empty dns2!
07-24 04:47:26.244 15098 15111 I PhoneLab-: Service Running
07-24 04:47:26.299 15098 15111 I PhoneLab-LoggerService: app_37    1300  1     1440   1004  c00f181c 400107b4 S logcat
07-24 04:47:26.299 15098 15111 I PhoneLab-LoggerService: Logcat pid from database 1300
07-24 04:47:26.299 15098 15111 I PhoneLab-LoggerService: Logcat process found 1300
07-24 04:47:26.299 15098 15111 I PhoneLab-LoggerService: Checking Threshold
07-24 04:47:26.299 15098 15111 I PhoneLab-LoggerService: Starting to rename files
07-24 04:47:26.299 15098 15111 I PhoneLab-LoggerService: Files found .. 2
07-24 04:47:46.857  9243  9255 D dalvikvm: GC_EXPLICIT freed 252K, 8% free 11119K/12039K, paused 3ms+5ms
07-24 04:48:00.432 14992 14994 D dalvikvm: GC_CONCURRENT freed 524K, 7% free 10580K/11271K, paused 2ms+6ms
07-24 04:48:00.490 10485 10488 D dalvikvm: GC_CONCURRENT freed 489K, 9% free 10288K/11207K, paused 2ms+2ms
07-24 04:49:12.307 15336 15338 D dalvikvm: GC_CONCURRENT freed 603K, 6% free 11448K/12167K, paused 2ms+3ms
07-24 04:49:26.232 15098 15111 I PhoneLab-: Service Running
07-24 04:49:26.299 15098 15111 I PhoneLab-LoggerService: app_37    1300  1     1440   1004  c00f181c 400107b4 S logcat
07-24 04:49:26.299 15098 15111 I PhoneLab-LoggerService: Logcat pid from database 1300
07-24 04:49:26.303 15098 15111 I PhoneLab-LoggerService: Logcat process found 1300
07-24 04:49:26.303 15098 15111 I PhoneLab-LoggerService: Checking Threshold
07-24 04:49:26.303 15098 15111 I PhoneLab-LoggerService: Starting to rename files
07-24 04:49:26.303 15098 15111 I PhoneLab-LoggerService: Files found .. 2
07-24 04:49:46.951   145   199 D DhcpInfoInternal: makeLinkProperties with empty dns2!
07-24 04:49:46.959   145   199 D DhcpInfoInternal: makeLinkProperties with empty dns2!
07-24 04:50:00.603 14992 14994 D dalvikvm: GC_CONCURRENT freed 502K, 7% free 10586K/11271K, paused 2ms+7ms
07-24 04:50:00.623 10485 10488 D dalvikvm: GC_CONCURRENT freed 486K, 8% free 10312K/11207K, paused 2ms+5ms
07-24 04:51:00.654 10485 10488 D dalvikvm: GC_CONCURRENT freed 442K, 8% free 10381K/11207K, paused 1ms+3ms
07-24 04:51:26.232 15098 15111 I PhoneLab-: Service Running
07-24 04:51:26.334 15098 15111 I PhoneLab-LoggerService: app_37    1300  1     1440   1004  c00f181c 400107b4 S logcat
07-24 04:51:26.338 15098 15111 I PhoneLab-LoggerService: Logcat pid from database 1300
07-24 04:51:26.338 15098 15111 I PhoneLab-LoggerService: Logcat process found 1300
07-24 04:51:26.338 15098 15111 I PhoneLab-LoggerService: Checking Threshold
07-24 04:51:26.338 15098 15111 I PhoneLab-LoggerService: Starting to rename files
07-24 04:51:26.338 15098 15111 I PhoneLab-LoggerService: Files found .. 2
07-24 04:51:55.377   145  1302 D dalvikvm: GC_EXPLICIT freed 1111K, 17% free 16293K/19399K, paused 14ms+7ms
07-24 04:51:55.432   145   169 I ActivityManager: Start proc com.google.android.gm for service com.google.android.gm/.provider.MailSyncAdapterService: pid=15770 uid=10075 gids={3003, 1015}
07-24 04:51:55.932 15770 15770 I ActivityThread: Pub gmail-ls: com.google.android.gm.provider.MailProvider
07-24 04:51:55.978 15770 15770 I ActivityThread: Pub com.google.android.gm: com.google.android.gm.provider.PublicContentProvider
07-24 04:51:56.006 15770 15770 I ActivityThread: Pub com.google.android.gmail.SuggestionProvider: com.google.android.gm.SuggestionsProvider
07-24 04:51:56.256 15770 15771 D dalvikvm: GC_CONCURRENT freed 207K, 3% free 9264K/9543K, paused 14ms+5ms
07-24 04:51:56.713 15770 15788 I Gmail   : calculateUnknownSyncRationalesAndPurgeInBackground: queueing
07-24 04:51:56.764 15770 15771 D dalvikvm: GC_CONCURRENT freed 255K, 4% free 9412K/9799K, paused 2ms+2ms
07-24 04:51:56.787 15770 15788 I Gmail   : calculateUnknownSyncRationalesAndPurgeInBackground: queueing
07-24 04:51:56.822 15770 15785 I Gmail   : MainSyncRequestProto: lowestBkwdConvoId: 0, highestHandledServerOp: 3341701, normalSync: true
07-24 04:51:56.853 15770 15788 I Gmail   : calculateUnknownSyncRationalesAndPurgeInBackground: running
07-24 04:51:56.861 15770 15788 I Gmail   : calculateUnknownSyncRationalesAndPurgeInBackground: running
07-24 04:51:56.951   145  1302 I ActivityManager: Start proc com.google.android.gsf.login for service com.google.android.gsf.login/com.google.android.gsf.loginservice.GoogleLoginService: pid=15791 uid=10009 gids={3003, 1015, 1007, 2001, 3006}
07-24 04:51:57.080   145   379 I ActivityManager: Process com.google.android.apps.maps:NetworkLocationService (pid 14992) has died.
07-24 04:51:57.080   145   379 W ActivityManager: Scheduling restart of crashed service com.google.android.apps.maps/com.google.android.location.internal.server.NetworkLocationService in 5000ms
07-24 04:51:58.143 15770 15771 D dalvikvm: GC_CONCURRENT freed 317K, 5% free 9572K/9991K, paused 8ms+3ms
07-24 04:51:58.783 15770 15785 D dalvikvm: GC_EXPLICIT freed 401K, 6% free 9544K/10055K, paused 2ms+2ms
07-24 04:51:58.787 15770 15785 I Gmail   : MainSyncRequestProto: lowestBkwdConvoId: 0, highestHandledServerOp: 3341773, normalSync: true
07-24 04:51:59.955 15770 15785 D dalvikvm: GC_EXPLICIT freed 315K, 6% free 9588K/10183K, paused 2ms+2ms
07-24 04:51:59.959 15770 15785 I Gmail   : MainSyncRequestProto: lowestBkwdConvoId: 0, highestHandledServerOp: 3341773, normalSync: true
07-24 04:51:59.963 15770 15785 I Gmail   : lowestBackward conversation id 0
07-24 04:51:59.986 15770 15785 W Gmail   : Scheduling index for 300000 ms from now
07-24 04:52:00.182 15770 15785 I Gmail   : Sending notification intent: Intent { act=android.intent.action.PROVIDER_CHANGED dat=content://gmail-ls/unread/^i (has extras) }
07-24 04:52:00.307 15770 15809 W Gmail   : Showing notification with unreadCount of 5 and unseenCount of 3
07-24 04:52:02.166   145   162 I ActivityManager: Start proc com.google.android.apps.maps:NetworkLocationService for service com.google.android.apps.maps/com.google.android.location.internal.server.NetworkLocationService: pid=15812 uid=10056 gids={3003, 1015}
07-24 04:52:02.404 15812 15814 D dalvikvm: GC_CONCURRENT freed 166K, 3% free 9370K/9607K, paused 2ms+2ms
07-24 04:52:02.896 15812 15814 D dalvikvm: GC_CONCURRENT freed 157K, 3% free 9679K/9927K, paused 2ms+3ms
07-24 04:52:03.057   145   156 I ActivityManager: Process com.google.android.apps.googlevoice (pid 15028) has died.
07-24 04:52:03.057   145   156 W ActivityManager: Scheduling restart of crashed service com.google.android.apps.googlevoice/.CallLogService in 5000ms
07-24 04:52:03.057   145   156 W ActivityManager: Scheduling restart of crashed service com.google.android.apps.googlevoice/.UpdateService in 15000ms
07-24 04:52:03.205 15812 15814 D dalvikvm: GC_CONCURRENT freed 170K, 3% free 10069K/10311K, paused 2ms+3ms
07-24 04:52:03.400 15812 15814 D dalvikvm: GC_CONCURRENT freed 669K, 8% free 9887K/10695K, paused 5ms+3ms
07-24 04:52:03.502   215   217 D dalvikvm: GC_CONCURRENT freed 321K, 29% free 10170K/14215K, paused 2ms+5ms
07-24 04:52:03.564   145   162 I ActivityManager: Start proc com.google.android.apps.maps:FriendService for broadcast com.google.android.apps.maps/com.google.googlenav.friend.android.ServiceReceiver: pid=15833 uid=10056 gids={3003, 1015}
07-24 04:52:03.678   145   421 I ActivityManager: Process android.process.acore (pid 15270) has died.
07-24 04:52:03.728 15833 15836 D dalvikvm: GC_CONCURRENT freed 168K, 3% free 9367K/9607K, paused 6ms+2ms
07-24 04:52:03.920 15833 15836 D dalvikvm: GC_CONCURRENT freed 209K, 4% free 9687K/9991K, paused 2ms+2ms
07-24 04:52:04.092  6099  9896 D dalvikvm: GC_EXPLICIT freed 296K, 6% free 10281K/10887K, paused 6ms+5ms
07-24 04:52:04.244 15812 15819 I dalvikvm: Total arena pages for JIT: 11
07-24 04:52:04.244 15812 15819 I dalvikvm: Total arena pages for JIT: 12
07-24 04:52:04.244 15812 15819 I dalvikvm: Total arena pages for JIT: 13
07-24 04:52:04.248 15812 15819 I dalvikvm: Total arena pages for JIT: 14
07-24 04:52:04.252 15812 15819 I dalvikvm: Total arena pages for JIT: 15
07-24 04:52:04.252 15812 15819 I dalvikvm: Total arena pages for JIT: 16
07-24 04:52:04.252 15812 15819 I dalvikvm: Total arena pages for JIT: 17
07-24 04:52:04.350 15812 15819 I dalvikvm: Total arena pages for JIT: 18
07-24 04:52:04.408 15812 15814 D dalvikvm: GC_CONCURRENT freed 199K, 6% free 10160K/10695K, paused 2ms+3ms
07-24 04:52:04.701 15812 15814 D dalvikvm: GC_CONCURRENT freed 263K, 4% free 10388K/10759K, paused 2ms+2ms
07-24 04:52:05.033 15812 15814 D dalvikvm: GC_CONCURRENT freed 458K, 6% free 10358K/10951K, paused 2ms+2ms
07-24 04:52:06.100 10485 10488 D dalvikvm: GC_CONCURRENT freed 505K, 8% free 10324K/11207K, paused 2ms+3ms
07-24 04:52:06.197 10485 10488 D dalvikvm: GC_CONCURRENT freed 335K, 8% free 10376K/11207K, paused 2ms+2ms
07-24 04:52:06.475 10485 10488 D dalvikvm: GC_CONCURRENT freed 306K, 6% free 10543K/11207K, paused 8ms+3ms
07-24 04:52:08.139   145   162 I ActivityManager: Start proc com.google.android.apps.googlevoice for service com.google.android.apps.googlevoice/.CallLogService: pid=15849 uid=10054 gids={3003, 1015}
07-24 04:52:08.686 15849 15851 D dalvikvm: GC_CONCURRENT freed 241K, 4% free 9287K/9607K, paused 12ms+5ms
07-24 04:52:08.822   145   145 I ActivityManager: Start proc android.process.acore for content provider com.android.providers.contacts/.VoicemailContentProvider: pid=15864 uid=10000 gids={3003, 1015}
07-24 04:52:08.869 15864 15864 I ActivityThread: Pub call_log: com.android.providers.contacts.CallLogProvider
07-24 04:52:08.912 15864 15864 I ActivityThread: Pub com.android.voicemail: com.android.providers.contacts.VoicemailContentProvider
07-24 04:52:08.916 15864 15864 I ActivityThread: Pub user_dictionary: com.android.providers.userdictionary.UserDictionaryProvider
07-24 04:52:08.947 15864 15864 I ActivityThread: Pub com.android.social: com.android.providers.contacts.SocialProvider
07-24 04:52:08.947 15864 15864 I ActivityThread: Pub applications: com.android.providers.applications.ApplicationsProvider
07-24 04:52:09.053 15864 15866 D dalvikvm: GC_CONCURRENT freed 343K, 5% free 9150K/9607K, paused 3ms+5ms
07-24 04:52:09.068 15864 15864 I ActivityThread: Pub contacts;com.android.contacts: com.android.providers.contacts.ContactsProvider2
07-24 04:52:09.506   145   326 I ActivityManager: Process com.facebook.orca (pid 15074) has died.
07-24 04:52:09.506   145   326 W ActivityManager: Scheduling restart of crashed service com.facebook.orca/.push.mqtt.MqttPushService in 18552ms
07-24 04:52:09.600 15864 15866 D dalvikvm: GC_CONCURRENT freed 206K, 4% free 9330K/9671K, paused 2ms+2ms
07-24 04:52:10.260 15864 15866 D dalvikvm: GC_CONCURRENT freed 211K, 4% free 9519K/9863K, paused 2ms+2ms
07-24 04:52:12.002   145   199 D DhcpInfoInternal: makeLinkProperties with empty dns2!
07-24 04:52:12.002   145   199 D DhcpInfoInternal: makeLinkProperties with empty dns2!
07-24 04:52:13.760 15864 15866 D dalvikvm: GC_CONCURRENT freed 278K, 5% free 9645K/10055K, paused 16ms+9ms
07-24 04:52:18.725   145   379 D CountryDetector: The first listener is added
07-24 04:52:18.818 15849 15851 D dalvikvm: GC_CONCURRENT freed 428K, 6% free 9384K/9927K, paused 16ms+7ms
07-24 04:52:18.822 15849 15858 W CursorWrapperInner: Cursor finalized without prior close()
07-24 04:52:18.822 15849 15858 W CursorWrapperInner: Cursor finalized without prior close()
07-24 04:52:18.822 15849 15858 W CursorWrapperInner: Cursor finalized without prior close()
07-24 04:52:19.178 15849 15851 D dalvikvm: GC_CONCURRENT freed 330K, 5% free 9568K/9991K, paused 2ms+5ms
07-24 04:52:19.213 15864 15866 D dalvikvm: GC_CONCURRENT freed 446K, 6% free 9707K/10247K, paused 2ms+5ms
07-24 04:52:19.432 15849 15906 D dalvikvm: GC_FOR_ALLOC freed 129K, 5% free 9701K/10183K, paused 15ms
07-24 04:52:19.580 15864 15866 D dalvikvm: GC_CONCURRENT freed 376K, 5% free 9836K/10311K, paused 1ms+4ms
07-24 04:52:28.162   145   162 I ActivityManager: Start proc com.facebook.orca for service com.facebook.orca/.push.mqtt.MqttPushService: pid=15909 uid=10062 gids={3003, 1015, 1006}
07-24 04:52:28.170 15909 15909 I dalvikvm: Turning on JNI app bug workarounds for target SDK version 10...
07-24 04:52:28.353 15909 15909 I ActivityThread: Pub com.facebook.orca.notify.MessengerLoggedInUserProvider: com.facebook.orca.notify.MessengerLoggedInUserProvider
07-24 04:52:28.377 15909 15909 I ActivityThread: Pub com.facebook.orca.notify.MessengerForegroundProvider: com.facebook.orca.notify.MessengerForegroundProvider
07-24 04:52:28.393 15909 15909 V orca:OrcaApplication: Forcing initialization of AsyncTask
07-24 04:52:28.537 15909 15912 D dalvikvm: GC_CONCURRENT freed 228K, 4% free 9307K/9607K, paused 5ms+3ms
07-24 04:52:28.541 15909 15909 I Finalizer: Couldn't access Thread.inheritableThreadLocals. Reference finalizer threads will inherit thread local values.
07-24 04:52:28.564   145   157 I ActivityManager: Process edu.buffalo.cse.phonelab.phonelabservices (pid 15098) has died.
07-24 04:52:28.564   145   157 W ActivityManager: Scheduling restart of crashed service edu.buffalo.cse.phonelab.phonelabservices/edu.buffalo.cse.phonelab.datalogger.LoggerService in 5000ms
07-24 04:52:28.791 15909 15912 D dalvikvm: GC_CONCURRENT freed 359K, 5% free 9445K/9927K, paused 2ms+2ms
07-24 04:52:28.904 15909 15909 W OrcaGuiceModule: Sig: ijxLJi1yGs1JpL-X1SExmchvork
07-24 04:52:29.041   145   430 D dalvikvm: GC_EXPLICIT freed 669K, 17% free 16229K/19399K, paused 9ms+8ms
07-24 04:52:29.092 15909 15912 D dalvikvm: GC_CONCURRENT freed 287K, 4% free 9611K/9991K, paused 1ms+2ms
07-24 04:52:29.650 15909 15924 W Resources: Converting to string: TypedValue{t=0x10/d=0xffffffff a=-1}
07-24 04:52:29.771 15909 15912 D dalvikvm: GC_CONCURRENT freed 350K, 5% free 9826K/10247K, paused 3ms+3ms
07-24 04:52:29.947 15909 15912 D dalvikvm: GC_CONCURRENT freed 299K, 4% free 10064K/10439K, paused 2ms+2ms
07-24 04:52:29.967   145   378 I ActivityManager: Process com.android.sprintmenu (pid 15115) has died.
07-24 04:52:29.967   145   378 W ActivityManager: Scheduling restart of crashed service com.android.sprintmenu/.HiddenPhoneService in 13595ms
07-24 04:52:29.975 15909 15909 D ACRA    : Retrieve application default SharedPreferences.
07-24 04:52:29.978 15909 15909 D ACRA    : Set OnSharedPreferenceChangeListener.
07-24 04:52:29.982 15909 15909 D ACRA    : ACRA is enabled for com.facebook.orca, intializing...
07-24 04:52:30.014 15909 15924 D dalvikvm: GC_FOR_ALLOC freed 229K, 6% free 10131K/10695K, paused 26ms
07-24 04:52:30.061 15909 15924 D dalvikvm: GC_FOR_ALLOC freed 114K, 5% free 10251K/10695K, paused 19ms
07-24 04:52:30.068 15909 15909 D ACRA    : Looking for error files in /data/data/com.facebook.orca/app_acra-reports
07-24 04:52:30.115 15909 15924 D dalvikvm: GC_FOR_ALLOC freed 222K, 6% free 10268K/10823K, paused 21ms
07-24 04:52:30.271 15909 15912 D dalvikvm: GC_CONCURRENT freed 389K, 5% free 10427K/10887K, paused 6ms+3ms
07-24 04:52:30.439 15909 15912 D dalvikvm: GC_CONCURRENT freed 195K, 3% free 10748K/11015K, paused 2ms+3ms
07-24 04:52:30.611 15909 15912 D dalvikvm: GC_CONCURRENT freed 308K, 4% free 11019K/11399K, paused 3ms+3ms
07-24 04:52:31.006 15909 15912 D dalvikvm: GC_CONCURRENT freed 490K, 6% free 11170K/11783K, paused 11ms+3ms
07-24 04:52:31.650   145  1303 I ActivityManager: Process com.twitter.android (pid 15336) has died.
07-24 04:52:33.658   145   162 I ActivityManager: Start proc edu.buffalo.cse.phonelab.phonelabservices for service edu.buffalo.cse.phonelab.phonelabservices/edu.buffalo.cse.phonelab.datalogger.LoggerService: pid=15933 uid=10037 gids={3003, 1015, 1007, 2001}
07-24 04:52:33.689    79    79 D dalvikvm: GC_EXPLICIT freed 38K, 4% free 9031K/9347K, paused 2ms+3ms
07-24 04:52:33.713    79    79 D dalvikvm: GC_EXPLICIT freed <1K, 4% free 9031K/9347K, paused 1ms+2ms
07-24 04:52:33.744    79    79 D dalvikvm: GC_EXPLICIT freed <1K, 4% free 9031K/9347K, paused 1ms+9ms
07-24 04:52:33.771 15933 15933 I PhoneLab-LoggerService: Start Logger Service
07-24 04:52:33.791 15933 15946 I PhoneLab-: Service Running
07-24 04:52:33.873 15933 15946 I PhoneLab-LoggerService: app_37    1300  1     1440   1000  c00f181c 400107b4 S logcat
07-24 04:52:33.873 15933 15946 I PhoneLab-LoggerService: Logcat pid from database 1300
07-24 04:52:33.873 15933 15946 I PhoneLab-LoggerService: Logcat process found 1300
07-24 04:52:33.873 15933 15946 I PhoneLab-LoggerService: Checking Threshold
07-24 04:52:33.877 15933 15946 I PhoneLab-LoggerService: Starting to rename files
07-24 04:52:33.877 15933 15946 I PhoneLab-LoggerService: Files found .. 2
07-24 04:52:43.639   145   162 I ActivityManager: Start proc com.android.sprintmenu for service com.android.sprintmenu/.HiddenPhoneService: pid=15950 uid=1001 gids={3002, 3001, 3003, 1015}
07-24 04:53:06.424 15812 15814 D dalvikvm: GC_CONCURRENT freed 481K, 6% free 10386K/10951K, paused 6ms+3ms
07-24 04:53:06.623 10485 10488 D dalvikvm: GC_CONCURRENT freed 675K, 9% free 10290K/11207K, paused 3ms+2ms
07-24 04:54:13.791   145   174 I ActivityManager: Start proc com.twitter.android for service com.twitter.android/.client.AppService: pid=15971 uid=10064 gids={3003, 1015}
07-24 04:54:13.799 15971 15971 I dalvikvm: Turning on JNI app bug workarounds for target SDK version 11...
07-24 04:54:13.928 15971 15971 I ActivityThread: Pub com.twitter.android.provider.GlobalDatabaseProvider: com.twitter.android.provider.GlobalDatabaseProvider
07-24 04:54:13.939 15971 15971 I ActivityThread: Pub com.twitter.android.provider.TwitterProvider: com.twitter.android.provider.TwitterProvider
07-24 04:54:14.049 15971 15973 D dalvikvm: GC_CONCURRENT freed 176K, 4% free 9304K/9607K, paused 3ms+2ms
07-24 04:54:14.248   145   326 I ActivityManager: Process com.google.android.gsf.login (pid 15791) has died.
07-24 04:54:14.279 15971 15973 D dalvikvm: GC_CONCURRENT freed 216K, 4% free 9514K/9863K, paused 5ms+2ms
07-24 04:54:14.424 15971 15973 D dalvikvm: GC_CONCURRENT freed 285K, 5% free 9637K/10055K, paused 2ms+2ms
07-24 04:54:14.557 15971 15973 D dalvikvm: GC_CONCURRENT freed 293K, 5% free 9764K/10183K, paused 2ms+2ms
07-24 04:54:14.686 15971 15973 D dalvikvm: GC_CONCURRENT freed 293K, 5% free 9892K/10311K, paused 2ms+2ms
07-24 04:54:14.814 15971 15973 D dalvikvm: GC_CONCURRENT freed 298K, 4% free 10026K/10439K, paused 2ms+2ms
07-24 04:54:14.943 15971 15973 D dalvikvm: GC_CONCURRENT freed 301K, 5% free 10143K/10567K, paused 1ms+2ms
07-24 04:54:15.080 15971 15973 D dalvikvm: GC_CONCURRENT freed 297K, 4% free 10274K/10695K, paused 1ms+3ms
07-24 04:54:15.260 15971 15973 D dalvikvm: GC_CONCURRENT freed 472K, 6% free 10224K/10823K, paused 2ms+3ms
07-24 04:54:15.396 15971 15973 D dalvikvm: GC_CONCURRENT freed 320K, 5% free 10310K/10823K, paused 2ms+2ms
07-24 04:54:15.553 15971 15973 D dalvikvm: GC_CONCURRENT freed 371K, 5% free 10398K/10887K, paused 2ms+2ms
07-24 04:54:15.670 15971 15973 D dalvikvm: GC_CONCURRENT freed 344K, 5% free 10480K/10951K, paused 2ms+2ms
07-24 04:54:15.791 15971 15973 D dalvikvm: GC_CONCURRENT freed 338K, 5% free 10560K/11015K, paused 2ms+2ms
07-24 04:54:15.924 15971 15973 D dalvikvm: GC_CONCURRENT freed 374K, 5% free 10651K/11143K, paused 1ms+2ms
07-24 04:54:16.053 15971 15973 D dalvikvm: GC_CONCURRENT freed 351K, 5% free 10735K/11207K, paused 2ms+2ms
07-24 04:54:16.182 15971 15973 D dalvikvm: GC_CONCURRENT freed 388K, 5% free 10829K/11335K, paused 1ms+2ms
07-24 04:54:16.369   145   145 I ActivityManager: Process com.google.android.gm (pid 15770) has died.
07-24 04:54:17.143 15971 15973 D dalvikvm: GC_CONCURRENT freed 316K, 4% free 11039K/11463K, paused 3ms+2ms
07-24 04:54:33.795 15933 15946 I PhoneLab-: Service Running
07-24 04:54:33.896 15933 15946 I PhoneLab-LoggerService: app_37    1300  1     1440   1000  c00f181c 400107b4 S logcat
07-24 04:54:33.896 15933 15946 I PhoneLab-LoggerService: Logcat pid from database 1300
07-24 04:54:33.896 15933 15946 I PhoneLab-LoggerService: Logcat process found 1300
07-24 04:54:33.896 15933 15946 I PhoneLab-LoggerService: Checking Threshold
07-24 04:54:33.900 15933 15946 I PhoneLab-LoggerService: Starting to rename files
07-24 04:54:33.900 15933 15946 I PhoneLab-LoggerService: Files found .. 2
07-24 04:54:36.912   145   199 D DhcpInfoInternal: makeLinkProperties with empty dns2!
07-24 04:54:36.920   145   199 D DhcpInfoInternal: makeLinkProperties with empty dns2!
07-24 04:55:06.521 15812 15814 D dalvikvm: GC_CONCURRENT freed 511K, 6% free 10389K/11015K, paused 1ms+3ms
07-24 04:55:06.545 10485 10488 D dalvikvm: GC_CONCURRENT freed 464K, 8% free 10330K/11207K, paused 2ms+3ms
07-24 04:56:06.557 10485 10488 D dalvikvm: GC_CONCURRENT freed 459K, 8% free 10382K/11207K, paused 2ms+8ms
07-24 04:56:33.795 15933 15946 I PhoneLab-: Service Running
07-24 04:56:33.865 15933 15946 I PhoneLab-LoggerService: app_37    1300  1     1440   1000  c00f181c 400107b4 S logcat
07-24 04:56:33.865 15933 15946 I PhoneLab-LoggerService: Logcat pid from database 1300
07-24 04:56:33.865 15933 15946 I PhoneLab-LoggerService: Logcat process found 1300
07-24 04:56:33.865 15933 15946 I PhoneLab-LoggerService: Checking Threshold
07-24 04:56:33.865 15933 15946 I PhoneLab-LoggerService: Starting to rename files
07-24 04:56:33.865 15933 15946 I PhoneLab-LoggerService: Files found .. 2
07-24 04:57:01.775   145   199 D DhcpInfoInternal: makeLinkProperties with empty dns2!
07-24 04:57:01.775   145   199 D DhcpInfoInternal: makeLinkProperties with empty dns2!
07-24 04:57:06.572 15812 15814 D dalvikvm: GC_CONCURRENT freed 506K, 6% free 10395K/11015K, paused 2ms+6ms
07-24 04:57:06.643 10485 10488 D dalvikvm: GC_CONCURRENT freed 481K, 8% free 10343K/11207K, paused 2ms+3ms
07-24 04:57:06.787 10485 10488 D dalvikvm: GC_CONCURRENT freed 220K, 7% free 10507K/11207K, paused 1ms+2ms
07-24 04:58:06.603 10485 10488 D dalvikvm: GC_CONCURRENT freed 650K, 8% free 10344K/11207K, paused 2ms+2ms
07-24 04:58:33.795 15933 15946 I PhoneLab-: Service Running
07-24 04:58:33.893 15933 15946 I PhoneLab-LoggerService: app_37    1300  1     1440   1000  c00f181c 400107b4 S logcat
07-24 04:58:33.893 15933 15946 I PhoneLab-LoggerService: Logcat pid from database 1300
07-24 04:58:33.893 15933 15946 I PhoneLab-LoggerService: Logcat process found 1300
07-24 04:58:33.893 15933 15946 I PhoneLab-LoggerService: Checking Threshold
07-24 04:58:33.893 15933 15946 I PhoneLab-LoggerService: Starting to rename files
07-24 04:58:33.893 15933 15946 I PhoneLab-LoggerService: Files found .. 2
07-24 04:59:06.658 15812 15814 D dalvikvm: GC_CONCURRENT freed 505K, 6% free 10401K/11015K, paused 2ms+8ms
07-24 04:59:06.760 10485 10488 D dalvikvm: GC_CONCURRENT freed 470K, 8% free 10386K/11207K, paused 2ms+3ms
07-24 04:59:19.240 15971 15973 D dalvikvm: GC_CONCURRENT freed 450K, 5% free 11148K/11719K, paused 2ms+4ms
07-24 04:59:20.178   145   423 D dalvikvm: GC_EXPLICIT freed 1005K, 17% free 16278K/19399K, paused 3ms+7ms
07-24 04:59:26.662   145   199 D DhcpInfoInternal: makeLinkProperties with empty dns2!
07-24 04:59:26.666   145   199 D DhcpInfoInternal: makeLinkProperties with empty dns2!
07-24 05:00:06.850 10485 10488 D dalvikvm: GC_CONCURRENT freed 514K, 9% free 10293K/11207K, paused 2ms+3ms
07-24 05:00:15.893   145   161 V BackupManagerService: Running a backup pass
07-24 05:00:15.900   145   214 V BackupManagerService: Backup requested but nothing pending
07-24 05:00:33.795 15933 15946 I PhoneLab-: Service Running
07-24 05:00:33.904 15933 15946 I PhoneLab-LoggerService: app_37    1300  1     1440   1000  c00f181c 400107b4 S logcat
07-24 05:00:33.904 15933 15946 I PhoneLab-LoggerService: Logcat pid from database 1300
07-24 05:00:33.908 15933 15946 I PhoneLab-LoggerService: Logcat process found 1300
07-24 05:00:33.908 15933 15946 I PhoneLab-LoggerService: Checking Threshold
07-24 05:00:33.908 15933 15946 I PhoneLab-LoggerService: Starting to rename files
07-24 05:00:33.908 15933 15946 I PhoneLab-LoggerService: Files found .. 2
07-24 05:01:06.811 15812 15814 D dalvikvm: GC_CONCURRENT freed 505K, 6% free 10408K/11015K, paused 2ms+3ms
07-24 05:01:06.928 10485 10488 D dalvikvm: GC_CONCURRENT freed 384K, 9% free 10297K/11207K, paused 2ms+3ms
07-24 05:01:51.525   145   199 D DhcpInfoInternal: makeLinkProperties with empty dns2!
07-24 05:01:51.529   145   199 D DhcpInfoInternal: makeLinkProperties with empty dns2!
07-24 05:02:06.955 10485 10488 D dalvikvm: GC_CONCURRENT freed 379K, 8% free 10346K/11207K, paused 2ms+3ms
07-24 05:02:10.061 10485 10488 D dalvikvm: GC_CONCURRENT freed 208K, 7% free 10523K/11207K, paused 4ms+2ms
07-24 05:02:20.686   342   342 D SAN_SERVICE: *******************************************
07-24 05:02:20.689   342   342 D SAN_SERVICE: DM App Phone Service State - 0
07-24 05:02:20.689   342   342 D SAN_SERVICE: *******************************************
07-24 05:02:21.498   342   342 D SAN_SERVICE: *******************************************
07-24 05:02:21.498   342   342 D SAN_SERVICE: DM App Phone Service State - 0
07-24 05:02:21.498   342   342 D SAN_SERVICE: *******************************************
07-24 05:02:29.322   342   342 D SAN_SERVICE: *******************************************
07-24 05:02:29.322   342   342 D SAN_SERVICE: DM App Phone Service State - 0
07-24 05:02:29.322   342   342 D SAN_SERVICE: *******************************************
07-24 05:02:33.799 15933 15946 I PhoneLab-: Service Running
07-24 05:02:33.889 15933 15935 D dalvikvm: GC_CONCURRENT freed 409K, 6% free 9092K/9607K, paused 2ms+4ms
07-24 05:02:33.893 15933 15946 I PhoneLab-LoggerService: app_37    1300  1     1440   1000  c00f181c 400107b4 S logcat
07-24 05:02:33.893 15933 15946 I PhoneLab-LoggerService: Logcat pid from database 1300
07-24 05:02:33.893 15933 15946 I PhoneLab-LoggerService: Logcat process found 1300
07-24 05:02:33.893 15933 15946 I PhoneLab-LoggerService: Checking Threshold
07-24 05:02:33.893 15933 15946 I PhoneLab-LoggerService: Starting to rename files
07-24 05:02:33.893 15933 15946 I PhoneLab-LoggerService: Files found .. 2
07-24 05:03:06.947 15812 15814 D dalvikvm: GC_CONCURRENT freed 511K, 6% free 10408K/11015K, paused 2ms+3ms
07-24 05:03:07.045 10485 10488 D dalvikvm: GC_CONCURRENT freed 645K, 8% free 10389K/11207K, paused 1ms+3ms
07-24 05:03:26.537  6099  6102 D dalvikvm: GC_CONCURRENT freed 358K, 6% free 10309K/10887K, paused 22ms+4ms
07-24 05:03:26.674  6099  6435 I EventLogService: Aggregate from 1343118806536 (log), 1343118806536 (data)
07-24 05:03:26.693 15864 15866 D dalvikvm: GC_CONCURRENT freed 398K, 6% free 9846K/10375K, paused 62ms+3ms
07-24 05:04:07.092 10485 10488 D dalvikvm: GC_CONCURRENT freed 535K, 8% free 10319K/11207K, paused 2ms+3ms
07-24 05:04:16.420   145   199 D DhcpInfoInternal: makeLinkProperties with empty dns2!
07-24 05:04:16.439   145   199 D DhcpInfoInternal: makeLinkProperties with empty dns2!
07-24 05:04:20.811 15971 15973 D dalvikvm: GC_CONCURRENT freed 458K, 5% free 11325K/11911K, paused 10ms+3ms
07-24 05:04:33.795 15933 15946 I PhoneLab-: Service Running
07-24 05:04:33.893 15933 15946 I PhoneLab-LoggerService: app_37    1300  1     1440   1000  c00f181c 400107b4 S logcat
07-24 05:04:33.893 15933 15946 I PhoneLab-LoggerService: Logcat pid from database 1300
07-24 05:04:33.893 15933 15946 I PhoneLab-LoggerService: Logcat process found 1300
07-24 05:04:33.893 15933 15946 I PhoneLab-LoggerService: Checking Threshold
07-24 05:04:33.893 15933 15946 I PhoneLab-LoggerService: Starting to rename files
07-24 05:04:33.893 15933 15946 I PhoneLab-LoggerService: Files found .. 2
07-24 05:05:07.053 15812 15814 D dalvikvm: GC_CONCURRENT freed 508K, 6% free 10411K/11015K, paused 1ms+3ms
07-24 05:05:27.119 15864 16040 D dalvikvm: GC_EXPLICIT freed 181K, 7% free 9737K/10375K, paused 9ms+3ms
07-24 05:06:07.170 10485 10488 D dalvikvm: GC_CONCURRENT freed 439K, 9% free 10275K/11207K, paused 2ms+3ms
07-24 05:06:07.201 10485 16125 D dalvikvm: GC_EXPLICIT freed 14K, 9% free 10261K/11207K, paused 2ms+2ms
07-24 05:06:33.811 15933 15946 I PhoneLab-: Service Running
07-24 05:06:33.881 15933 15946 I PhoneLab-LoggerService: app_37    1300  1     1440   1000  c00f181c 400107b4 S logcat
07-24 05:06:33.881 15933 15946 I PhoneLab-LoggerService: Logcat pid from database 1300
07-24 05:06:33.881 15933 15946 I PhoneLab-LoggerService: Logcat process found 1300
07-24 05:06:33.881 15933 15946 I PhoneLab-LoggerService: Checking Threshold
07-24 05:06:33.885 15933 15946 I PhoneLab-LoggerService: Starting to rename files
07-24 05:06:33.885 15933 15946 I PhoneLab-LoggerService: Files found .. 2
07-24 05:06:41.291   145   199 D DhcpInfoInternal: makeLinkProperties with empty dns2!
07-24 05:06:41.291   145   199 D DhcpInfoInternal: makeLinkProperties with empty dns2!
07-24 05:06:55.107   145   169 I ActivityManager: Start proc com.google.android.apps.currents for service com.google.android.apps.currents/com.google.apps.dots.android.app.service.SyncService: pid=16145 uid=10078 gids={3003, 1015}
07-24 05:06:55.498 16145 16145 I ActivityThread: Pub com.google.apps.dots.android.app.provider.SuggestionProvider: com.google.apps.dots.android.app.provider.SuggestionProvider
07-24 05:06:55.506 16145 16145 I ActivityThread: Pub com.google.android.apps.currents.exported: com.google.apps.dots.android.app.provider.ExportedContentProvider
07-24 05:06:55.580 16145 16147 D dalvikvm: GC_CONCURRENT freed 163K, 3% free 9373K/9607K, paused 7ms+2ms
07-24 05:06:55.646 16145 16147 D dalvikvm: GC_CONCURRENT freed 323K, 5% free 9522K/9991K, paused 5ms+2ms
07-24 05:06:55.764 16145 16147 D dalvikvm: GC_CONCURRENT freed 166K, 3% free 9838K/10119K, paused 2ms+2ms
07-24 05:06:55.904 16145 16147 D dalvikvm: GC_CONCURRENT freed 238K, 4% free 10096K/10439K, paused 6ms+4ms
07-24 05:06:55.955 16145 16145 I DotsContentUris: content://com.google.android.apps.currents
07-24 05:06:55.982 16145 16145 I ActivityThread: Pub com.google.android.apps.currents: com.google.apps.dots.android.app.provider.DotsContentProvider
07-24 05:06:55.994 16145 16145 I DotsApplication: Starting up...
07-24 05:06:56.076   145   363 I ActivityManager: Process android.process.acore (pid 15864) has died.
07-24 05:06:56.076   145   363 D CountryDetector: No listener is left
07-24 05:06:56.283 16145 16147 D dalvikvm: GC_CONCURRENT freed 436K, 6% free 10156K/10695K, paused 2ms+3ms
07-24 05:06:56.521 16145 16147 D dalvikvm: GC_CONCURRENT freed 286K, 4% free 10341K/10759K, paused 6ms+3ms
07-24 05:06:56.541 16145 16165 I SyncService: Starting sync (05:06:56)
07-24 05:06:58.713 16145 16147 D dalvikvm: GC_CONCURRENT freed 285K, 4% free 10471K/10887K, paused 2ms+3ms
07-24 05:06:59.080 16145 16147 D dalvikvm: GC_CONCURRENT freed 225K, 4% free 10664K/11015K, paused 2ms+2ms
07-24 05:06:59.170 16145 16147 D dalvikvm: GC_CONCURRENT freed 479K, 6% free 10660K/11335K, paused 2ms+2ms
07-24 05:06:59.350 16145 16147 D dalvikvm: GC_CONCURRENT freed 386K, 6% free 10694K/11335K, paused 2ms+2ms
07-24 05:07:00.436   145   421 D SyncManager: setSyncAutomatically: , provider com.google.android.apps.currents -> true
07-24 05:07:00.436   145   421 D SyncManager: setSyncAutomatically: already set to true, doing nothing
07-24 05:07:00.561  9919  9919 D SyncSetupManager: setState: sync = true, wantedSyncState = true
07-24 05:07:00.564  9919  9919 D SyncSetupManager: Enabling sync
07-24 05:07:00.662 16145 16147 D dalvikvm: GC_CONCURRENT freed 436K, 6% free 10688K/11335K, paused 5ms+3ms
07-24 05:07:00.873   145   430 D dalvikvm: GC_EXPLICIT freed 1155K, 17% free 16270K/19399K, paused 4ms+7ms
07-24 05:07:00.955 16145 16147 D dalvikvm: GC_CONCURRENT freed 194K, 4% free 10921K/11335K, paused 2ms+2ms
07-24 05:07:01.131 16145 16147 D dalvikvm: GC_CONCURRENT freed 259K, 4% free 11210K/11591K, paused 3ms+3ms
07-24 05:07:01.369 16145 16147 D dalvikvm: GC_CONCURRENT freed 299K, 4% free 11546K/11975K, paused 3ms+4ms
07-24 05:07:01.674 16145 16147 D dalvikvm: GC_CONCURRENT freed 1163K, 11% free 11130K/12423K, paused 2ms+3ms
07-24 05:07:02.111 16145 16147 D dalvikvm: GC_CONCURRENT freed 506K, 10% free 11211K/12423K, paused 2ms+3ms
07-24 05:07:02.662 16145 16147 D dalvikvm: GC_CONCURRENT freed 599K, 10% free 11214K/12423K, paused 2ms+3ms
07-24 05:07:02.662   145   157 I ActivityManager: Process com.google.android.apps.maps:FriendService (pid 15833) has died.
07-24 05:07:02.768   145  1302 I ActivityManager: Process com.twitter.android (pid 15971) has died.
07-24 05:07:02.865 16145 16147 D dalvikvm: GC_CONCURRENT freed 586K, 10% free 11236K/12423K, paused 2ms+3ms
07-24 05:07:03.037 16145 16147 D dalvikvm: GC_CONCURRENT freed 591K, 10% free 11257K/12423K, paused 3ms+2ms
07-24 05:07:04.197 16145 16147 D dalvikvm: GC_CONCURRENT freed 673K, 10% free 11207K/12423K, paused 2ms+3ms
07-24 05:07:04.361 16145 16147 D dalvikvm: GC_CONCURRENT freed 547K, 10% free 11259K/12423K, paused 2ms+2ms
07-24 05:07:04.541 16145 16147 D dalvikvm: GC_CONCURRENT freed 607K, 10% free 11271K/12423K, paused 2ms+3ms
07-24 05:07:05.459 16145 16147 D dalvikvm: GC_CONCURRENT freed 604K, 10% free 11290K/12423K, paused 2ms+3ms
07-24 05:07:07.443 15812 15814 D dalvikvm: GC_CONCURRENT freed 511K, 6% free 10412K/11015K, paused 2ms+3ms
07-24 05:07:07.549 10485 10488 D dalvikvm: GC_CONCURRENT freed 448K, 8% free 10313K/11207K, paused 3ms+4ms
07-24 05:07:07.744 16145 16147 D dalvikvm: GC_CONCURRENT freed 694K, 10% free 11225K/12423K, paused 7ms+3ms
07-24 05:07:07.783 15812 15828 D dalvikvm: GC_FOR_ALLOC freed 154K, 5% free 10512K/11015K, paused 71ms
07-24 05:07:08.361 16145 16147 D dalvikvm: GC_CONCURRENT freed 592K, 10% free 11245K/12423K, paused 2ms+3ms
07-24 05:07:09.725 16145 16147 D dalvikvm: GC_CONCURRENT freed 600K, 10% free 11261K/12423K, paused 8ms+3ms
07-24 05:07:10.123 16145 16147 D dalvikvm: GC_CONCURRENT freed 617K, 10% free 11264K/12423K, paused 2ms+2ms
07-24 05:07:10.549 16145 16147 D dalvikvm: GC_CONCURRENT freed 609K, 10% free 11293K/12423K, paused 2ms+3ms
07-24 05:07:10.705 16145 16147 D dalvikvm: GC_CONCURRENT freed 624K, 10% free 11298K/12423K, paused 2ms+3ms
07-24 05:07:11.381 16145 16147 D dalvikvm: GC_CONCURRENT freed 651K, 10% free 11277K/12423K, paused 3ms+3ms
07-24 05:07:11.510 16145 16147 D dalvikvm: GC_CONCURRENT freed 615K, 10% free 11287K/12423K, paused 1ms+2ms
07-24 05:07:11.541 16145 16168 D dalvikvm: GC_FOR_ALLOC freed 99K, 9% free 11310K/12423K, paused 25ms
07-24 05:07:11.674 16145 16147 D dalvikvm: GC_CONCURRENT freed 640K, 10% free 11305K/12423K, paused 2ms+2ms
07-24 05:07:12.217 16145 16147 D dalvikvm: GC_CONCURRENT freed 663K, 10% free 11291K/12423K, paused 2ms+3ms
07-24 05:07:12.385 16145 16147 D dalvikvm: GC_CONCURRENT freed 603K, 9% free 11316K/12423K, paused 2ms+3ms
07-24 05:07:12.553 16145 16147 D dalvikvm: GC_CONCURRENT freed 603K, 9% free 11350K/12423K, paused 2ms+3ms
07-24 05:07:12.701   145   430 D dalvikvm: GC_EXPLICIT freed 501K, 17% free 16184K/19399K, paused 4ms+5ms
07-24 05:07:13.502 16145 16147 D dalvikvm: GC_CONCURRENT freed 710K, 10% free 11289K/12423K, paused 2ms+3ms
07-24 05:07:13.674 16145 16147 D dalvikvm: GC_CONCURRENT freed 601K, 9% free 11322K/12423K, paused 2ms+2ms
07-24 05:07:14.447 16145 16147 D dalvikvm: GC_CONCURRENT freed 664K, 10% free 11299K/12423K, paused 2ms+4ms
07-24 05:07:14.615 16145 16147 D dalvikvm: GC_CONCURRENT freed 615K, 9% free 11322K/12423K, paused 2ms+2ms
07-24 05:07:15.557 16145 16147 D dalvikvm: GC_CONCURRENT freed 649K, 9% free 11311K/12423K, paused 112ms+2ms
07-24 05:07:15.697 16145 16147 D dalvikvm: GC_CONCURRENT freed 597K, 9% free 11360K/12423K, paused 2ms+3ms
07-24 05:07:15.850 16145 16147 D dalvikvm: GC_CONCURRENT freed 643K, 9% free 11369K/12423K, paused 2ms+3ms
07-24 05:07:19.209 16145 16147 D dalvikvm: GC_CONCURRENT freed 725K, 10% free 11299K/12423K, paused 4ms+7ms
07-24 05:07:19.330 16145 16147 D dalvikvm: GC_CONCURRENT freed 598K, 9% free 11345K/12423K, paused 2ms+2ms
07-24 05:07:20.096 16145 16147 D dalvikvm: GC_CONCURRENT freed 629K, 9% free 11371K/12423K, paused 1ms+3ms
07-24 05:07:20.240 16145 16147 D dalvikvm: GC_CONCURRENT freed 643K, 9% free 11383K/12423K, paused 2ms+2ms
07-24 05:07:20.416 16145 16147 D dalvikvm: GC_CONCURRENT freed 628K, 9% free 11417K/12423K, paused 3ms+3ms
07-24 05:07:22.166 16145 16147 D dalvikvm: GC_CONCURRENT freed 731K, 9% free 11359K/12423K, paused 2ms+4ms
07-24 05:07:22.611 16145 16147 D dalvikvm: GC_CONCURRENT freed 627K, 9% free 11401K/12423K, paused 2ms+3ms
07-24 05:07:22.748 16145 16147 D dalvikvm: GC_CONCURRENT freed 638K, 8% free 11430K/12423K, paused 2ms+3ms
07-24 05:07:23.568 16145 16147 D dalvikvm: GC_CONCURRENT freed 715K, 9% free 11389K/12423K, paused 2ms+2ms
07-24 05:07:23.713 16145 16147 D dalvikvm: GC_CONCURRENT freed 585K, 8% free 11475K/12423K, paused 2ms+3ms
07-24 05:07:23.814 16145 16168 D dalvikvm: GC_FOR_ALLOC freed 487K, 8% free 11527K/12423K, paused 26ms
07-24 05:07:23.814 16145 16168 I dalvikvm-heap: Grow heap (frag case) to 11.413MB for 90758-byte allocation
07-24 05:07:23.842 16145 16168 D dalvikvm: GC_FOR_ALLOC freed 51K, 8% free 11564K/12551K, paused 26ms
07-24 05:07:23.873 16145 16168 D dalvikvm: GC_FOR_ALLOC freed 93K, 8% free 11560K/12551K, paused 25ms
07-24 05:07:24.537 16145 16147 D dalvikvm: GC_CONCURRENT freed 875K, 10% free 11403K/12551K, paused 3ms+2ms
07-24 05:07:24.900 16145 16147 D dalvikvm: GC_CONCURRENT freed 664K, 10% free 11411K/12551K, paused 2ms+3ms
07-24 05:07:25.127 16145 16147 D dalvikvm: GC_CONCURRENT freed 689K, 10% free 11391K/12551K, paused 2ms+3ms
07-24 05:07:25.322 16145 16147 D dalvikvm: GC_CONCURRENT freed 555K, 9% free 11500K/12551K, paused 2ms+3ms
07-24 05:07:25.455 16145 16147 D dalvikvm: GC_CONCURRENT freed 486K, 7% free 11713K/12551K, paused 2ms+2ms
07-24 05:07:25.627 16145 16147 D dalvikvm: GC_CONCURRENT freed 654K, 7% free 11900K/12679K, paused 2ms+2ms
07-24 05:07:25.799 16145 16147 D dalvikvm: GC_CONCURRENT freed 1519K, 13% free 11223K/12871K, paused 3ms+2ms
07-24 05:07:25.904 16145 16147 D dalvikvm: GC_CONCURRENT freed 482K, 12% free 11348K/12871K, paused 3ms+3ms
07-24 05:07:26.607 16145 16165 I SyncService: sync service finished (05:07:26)
07-24 05:07:40.287   145   145 I ActivityManager: Start proc android.process.acore for content provider com.android.providers.contacts/.ContactsProvider2: pid=16177 uid=10000 gids={3003, 1015}
07-24 05:07:40.393 16177 16177 I ActivityThread: Pub call_log: com.android.providers.contacts.CallLogProvider
07-24 05:07:40.467 16177 16177 I ActivityThread: Pub com.android.voicemail: com.android.providers.contacts.VoicemailContentProvider
07-24 05:07:40.471 16177 16177 I ActivityThread: Pub user_dictionary: com.android.providers.userdictionary.UserDictionaryProvider
07-24 05:07:40.529 16177 16177 I ActivityThread: Pub com.android.social: com.android.providers.contacts.SocialProvider
07-24 05:07:40.533 16177 16177 I ActivityThread: Pub applications: com.android.providers.applications.ApplicationsProvider
07-24 05:07:40.822 16177 16178 D dalvikvm: GC_CONCURRENT freed 326K, 5% free 9150K/9607K, paused 14ms+2ms
07-24 05:07:40.822 16177 16177 I ActivityThread: Pub contacts;com.android.contacts: com.android.providers.contacts.ContactsProvider2
07-24 05:07:41.162 16177 16178 D dalvikvm: GC_CONCURRENT freed 195K, 4% free 9347K/9671K, paused 8ms+2ms
07-24 05:07:42.619 16177 16178 D dalvikvm: GC_CONCURRENT freed 202K, 4% free 9612K/9927K, paused 3ms+3ms
07-24 05:08:07.455 15812 15814 D dalvikvm: GC_CONCURRENT freed 420K, 5% free 10625K/11143K, paused 26ms+2ms
07-24 05:08:07.666 10485 10488 D dalvikvm: GC_CONCURRENT freed 451K, 8% free 10370K/11207K, paused 7ms+8ms
07-24 05:08:33.818 15933 15946 I PhoneLab-: Service Running
07-24 05:08:33.947   145   157 I ActivityManager: Process android.process.acore (pid 16177) has died.
07-24 05:08:34.002 15933 15946 I PhoneLab-LoggerService: app_37    1300  1     1440   1000  c00f181c 400107b4 S logcat
07-24 05:08:34.002 15933 15946 I PhoneLab-LoggerService: Logcat pid from database 1300
07-24 05:08:34.002 15933 15946 I PhoneLab-LoggerService: Logcat process found 1300
07-24 05:08:34.002 15933 15946 I PhoneLab-LoggerService: Checking Threshold
07-24 05:08:34.010 15933 15946 I PhoneLab-LoggerService: Starting to rename files
07-24 05:08:34.010 15933 15946 I PhoneLab-LoggerService: Files found .. 2
07-24 05:09:06.428   145   199 D DhcpInfoInternal: makeLinkProperties with empty dns2!
07-24 05:09:06.436   145   199 D DhcpInfoInternal: makeLinkProperties with empty dns2!
07-24 05:09:07.572 10485 10488 D dalvikvm: GC_CONCURRENT freed 508K, 8% free 10320K/11207K, paused 1ms+4ms
07-24 05:09:07.771 10485 10488 D dalvikvm: GC_CONCURRENT freed 197K, 7% free 10516K/11207K, paused 1ms+2ms
07-24 05:09:17.631   145   423 I ActivityManager: Start proc android.process.acore for content provider com.android.providers.contacts/.ContactsProvider2: pid=16221 uid=10000 gids={3003, 1015}
07-24 05:09:17.748 16221 16221 I ActivityThread: Pub call_log: com.android.providers.contacts.CallLogProvider
07-24 05:09:17.900 16221 16221 I ActivityThread: Pub com.android.voicemail: com.android.providers.contacts.VoicemailContentProvider
07-24 05:09:17.916 16221 16221 I ActivityThread: Pub user_dictionary: com.android.providers.userdictionary.UserDictionaryProvider
07-24 05:09:17.971 16221 16221 I ActivityThread: Pub com.android.social: com.android.providers.contacts.SocialProvider
07-24 05:09:17.978 16221 16221 I ActivityThread: Pub applications: com.android.providers.applications.ApplicationsProvider
07-24 05:09:18.127 16221 16222 D dalvikvm: GC_CONCURRENT freed 329K, 5% free 9150K/9607K, paused 12ms+7ms
07-24 05:09:18.131 16221 16221 I ActivityThread: Pub contacts;com.android.contacts: com.android.providers.contacts.ContactsProvider2
07-24 05:09:18.553   145   338 D dalvikvm: GC_EXPLICIT freed 894K, 17% free 16203K/19399K, paused 7ms+6ms
07-24 05:09:18.682 16221 16222 D dalvikvm: GC_CONCURRENT freed 192K, 4% free 9349K/9671K, paused 5ms+2ms
07-24 05:09:19.256 16221 16222 D dalvikvm: GC_CONCURRENT freed 237K, 4% free 9558K/9927K, paused 4ms+2ms
07-24 05:09:21.736   145   174 I ActivityManager: Start proc com.twitter.android for service com.twitter.android/.client.AppService: pid=16239 uid=10064 gids={3003, 1015}
07-24 05:09:22.131 16239 16239 I dalvikvm: Turning on JNI app bug workarounds for target SDK version 11...
07-24 05:09:22.568   145   145 I ActivityManager: Process android.process.acore (pid 16221) has died.
07-24 05:09:22.643 16239 16239 I ActivityThread: Pub com.twitter.android.provider.GlobalDatabaseProvider: com.twitter.android.provider.GlobalDatabaseProvider
07-24 05:09:22.658 16239 16239 I ActivityThread: Pub com.twitter.android.provider.TwitterProvider: com.twitter.android.provider.TwitterProvider
07-24 05:09:22.842 16239 16240 D dalvikvm: GC_CONCURRENT freed 189K, 4% free 9301K/9607K, paused 24ms+7ms
07-24 05:09:23.236 16239 16240 D dalvikvm: GC_CONCURRENT freed 217K, 4% free 9515K/9863K, paused 5ms+2ms
07-24 05:09:23.385 16239 16240 D dalvikvm: GC_CONCURRENT freed 291K, 5% free 9644K/10055K, paused 2ms+1ms
07-24 05:09:23.514 16239 16240 D dalvikvm: GC_CONCURRENT freed 287K, 4% free 9776K/10183K, paused 2ms+1ms
07-24 05:09:23.631 16239 16240 D dalvikvm: GC_CONCURRENT freed 301K, 5% free 9890K/10311K, paused 2ms+1ms
07-24 05:09:23.752 16239 16240 D dalvikvm: GC_CONCURRENT freed 295K, 5% free 10017K/10439K, paused 2ms+2ms
07-24 05:09:23.896 16239 16240 D dalvikvm: GC_CONCURRENT freed 299K, 4% free 10150K/10567K, paused 2ms+1ms
07-24 05:09:24.018 16239 16240 D dalvikvm: GC_CONCURRENT freed 294K, 4% free 10276K/10695K, paused 2ms+2ms
07-24 05:09:24.213 16239 16240 D dalvikvm: GC_CONCURRENT freed 474K, 6% free 10225K/10823K, paused 1ms+2ms
07-24 05:09:24.334 16239 16240 D dalvikvm: GC_CONCURRENT freed 328K, 5% free 10300K/10823K, paused 1ms+2ms
07-24 05:09:24.463 16239 16240 D dalvikvm: GC_CONCURRENT freed 323K, 5% free 10376K/10823K, paused 2ms+2ms
07-24 05:09:24.615 16239 16240 D dalvikvm: GC_CONCURRENT freed 352K, 5% free 10472K/10951K, paused 5ms+3ms
07-24 05:09:24.740 16239 16240 D dalvikvm: GC_CONCURRENT freed 338K, 5% free 10552K/11015K, paused 2ms+1ms
07-24 05:09:24.869 16239 16240 D dalvikvm: GC_CONCURRENT freed 324K, 5% free 10635K/11079K, paused 2ms+2ms
07-24 05:09:24.998 16239 16240 D dalvikvm: GC_CONCURRENT freed 365K, 5% free 10720K/11207K, paused 2ms+2ms
07-24 05:09:25.135 16239 16240 D dalvikvm: GC_CONCURRENT freed 399K, 5% free 10828K/11335K, paused 2ms+2ms
07-24 05:09:26.205 16239 16240 D dalvikvm: GC_CONCURRENT freed 326K, 4% free 11017K/11463K, paused 5ms+3ms
07-24 05:09:54.014   145   174 I ActivityManager: Start proc com.google.android.gm for service com.google.android.gm/.provider.MailIndexerService: pid=16257 uid=10075 gids={3003, 1015}
07-24 05:09:54.096   145   174 I ActivityManager: Start proc com.google.android.maps.mytracks for service com.google.android.maps.mytracks/com.google.android.apps.mytracks.services.RemoveTempFilesService: pid=16270 uid=10072 gids={3002, 3001, 3003, 1015}
07-24 05:09:54.318 16257 16257 I ActivityThread: Pub gmail-ls: com.google.android.gm.provider.MailProvider
07-24 05:09:54.373 16270 16270 I ActivityThread: Pub com.google.android.maps.mytracks.search: com.google.android.apps.mytracks.content.SearchEngineProvider
07-24 05:09:54.385 16270 16270 I ActivityThread: Pub com.google.android.maps.mytracks: com.google.android.apps.mytracks.content.MyTracksProvider
07-24 05:09:54.408 16257 16257 I ActivityThread: Pub com.google.android.gm: com.google.android.gm.provider.PublicContentProvider
07-24 05:09:54.412 16270 16270 D MyTracks: Enabling strict mode
07-24 05:09:54.424 16257 16257 I ActivityThread: Pub com.google.android.gmail.SuggestionProvider: com.google.android.gm.SuggestionsProvider
07-24 05:09:55.193   145   326 I ActivityManager: Process com.twitter.android (pid 16239) has died.
07-24 05:09:55.389 16270 16272 D dalvikvm: GC_CONCURRENT freed 335K, 5% free 9188K/9607K, paused 24ms+1ms
07-24 05:09:55.439 16270 16270 D StrictMode: StrictMode policy violation; ~duration=177 ms: android.os.StrictMode$StrictModeDiskWriteViolation: policy=21 violation=1
07-24 05:09:55.439 16270 16270 D StrictMode: 	at android.os.StrictMode$AndroidBlockGuardPolicy.onWriteToDisk(StrictMode.java:1063)
07-24 05:09:55.439 16270 16270 D StrictMode: 	at android.database.sqlite.SQLiteStatement.acquireAndLock(SQLiteStatement.java:226)
07-24 05:09:55.439 16270 16270 D StrictMode: 	at android.database.sqlite.SQLiteStatement.executeUpdateDelete(SQLiteStatement.java:84)
07-24 05:09:55.439 16270 16270 D StrictMode: 	at android.database.sqlite.SQLiteDatabase.executeSql(SQLiteDatabase.java:1899)
07-24 05:09:55.439 16270 16270 D StrictMode: 	at android.database.sqlite.SQLiteDatabase.execSQL(SQLiteDatabase.java:1839)
07-24 05:09:55.439 16270 16270 D StrictMode: 	at android.database.sqlite.SQLiteDatabase.setPageSize(SQLiteDatabase.java:1297)
07-24 05:09:55.439 16270 16270 D StrictMode: 	at android.database.sqlite.SQLiteDatabase.openDatabase(SQLiteDatabase.java:995)
07-24 05:09:55.439 16270 16270 D StrictMode: 	at android.database.sqlite.SQLiteDatabase.openOrCreateDatabase(SQLiteDatabase.java:1051)
07-24 05:09:55.439 16270 16270 D StrictMode: 	at android.app.ContextImpl.openOrCreateDatabase(ContextImpl.java:770)
07-24 05:09:55.439 16270 16270 D StrictMode: 	at android.content.ContextWrapper.openOrCreateDatabase(ContextWrapper.java:221)
07-24 05:09:55.439 16270 16270 D StrictMode: 	at android.database.sqlite.SQLiteOpenHelper.getWritableDatabase(SQLiteOpenHelper.java:157)
07-24 05:09:55.439 16270 16270 D StrictMode: 	at com.google.android.apps.analytics.v.<init>(Unknown Source)
07-24 05:09:55.439 16270 16270 D StrictMode: 	at com.google.android.apps.analytics.v.<init>(Unknown Source)
07-24 05:09:55.439 16270 16270 D StrictMode: 	at com.google.android.apps.analytics.i.a(Unknown Source)
07-24 05:09:55.439 16270 16270 D StrictMode: 	at com.google.android.apps.mytracks.b.a.a(MT:43)
07-24 05:09:55.439 16270 16270 D StrictMode: 	at com.google.android.apps.mytracks.MyTracksApplication.onCreate(MT:42)
07-24 05:09:55.439 16270 16270 D StrictMode: 	at android.app.Instrumentation.callApplicationOnCreate(Instrumentation.java:969)
07-24 05:09:55.439 16270 16270 D StrictMode: 	at android.app.ActivityThread.handleBindApplication(ActivityThread.java:3954)
07-24 05:09:55.439 16270 16270 D StrictMode: 	at android.app.ActivityThread.access$1300(ActivityThread.java:123)
07-24 05:09:55.439 16270 16270 D StrictMode: 	at android.app.ActivityThread$H.handleMessage(ActivityThread.java:1185)
07-24 05:09:55.439 16270 16270 D StrictMode: 	at android.os.Handler.dispatchMessage(Handler.java:99)
07-24 05:09:55.439 16270 16270 D StrictMode: 	at android.os.Looper.loop(Looper.java:137)
07-24 05:09:55.439 16270 16270 D StrictMode: 	at android.app.ActivityThread.main(ActivityThread.java:4424)
07-24 05:09:55.439 16270 16270 D StrictMode: 	at java.lang.reflect.Method.invokeNative(Native Method)
07-24 05:09:55.439 16270 16270 D StrictMode: 	at java.lang.reflect.Method.invoke(Method.java:511)
07-24 05:09:55.439 16270 16270 D StrictMode: 	at com.android.internal.os.ZygoteInit$MethodAndArgsCaller.run(ZygoteInit.java:784)
07-24 05:09:55.439 16270 16270 D StrictMode: 	at com.android.internal.os.ZygoteInit.main(ZygoteInit.java:551)
07-24 05:09:55.439 16270 16270 D StrictMode: 	at dalvik.system.NativeStart.main(Native Method)
07-24 05:09:55.439 16270 16270 D StrictMode: StrictMode policy violation; ~duration=129 ms: android.os.StrictMode$StrictModeDiskWriteViolation: policy=21 violation=1
07-24 05:09:55.439 16270 16270 D StrictMode: 	at android.os.StrictMode$AndroidBlockGuardPolicy.onWriteToDisk(StrictMode.java:1063)
07-24 05:09:55.439 16270 16270 D StrictMode: 	at android.database.sqlite.SQLiteStatement.acquireAndLock(SQLiteStatement.java:226)
07-24 05:09:55.439 16270 16270 D StrictMode: 	at android.database.sqlite.SQLiteStatement.executeUpdateDelete(SQLiteStatement.java:84)
07-24 05:09:55.439 16270 16270 D StrictMode: 	at android.database.sqlite.SQLiteDatabase.executeSql(SQLiteDatabase.java:1899)
07-24 05:09:55.439 16270 16270 D StrictMode: 	at android.database.sqlite.SQLiteDatabase.execSQL(SQLiteDatabase.java:1839)
07-24 05:09:55.439 16270 16270 D StrictMode: 	at android.database.sqlite.SQLiteDatabase.beginTransaction(SQLiteDatabase.java:659)
07-24 05:09:55.439 16270 16270 D StrictMode: 	at android.database.sqlite.SQLiteDatabase.beginTransaction(SQLiteDatabase.java:552)
07-24 05:09:55.439 16270 16270 D StrictMode: 	at com.google.android.apps.analytics.v.a(Unknown Source)
07-24 05:09:55.439 16270 16270 D StrictMode: 	at com.google.android.apps.analytics.i.a(Unknown Source)
07-24 05:09:55.439 16270 16270 D StrictMode: 	at com.google.android.apps.mytracks.b.a.a(MT:45)
07-24 05:09:55.439 16270 16270 D StrictMode: 	at com.google.android.apps.mytracks.MyTracksApplication.onCreate(MT:42)
07-24 05:09:55.439 16270 16270 D StrictMode: 	at android.app.Instrumentation.callApplicationOnCreate(Instrumentation.java:969)
07-24 05:09:55.439 16270 16270 D StrictMode: 	at android.app.ActivityThread.handleBindApplication(ActivityThread.java:3954)
07-24 05:09:55.439 16270 16270 D StrictMode: 	at android.app.ActivityThread.access$1300(ActivityThread.java:123)
07-24 05:09:55.439 16270 16270 D StrictMode: 	at android.app.ActivityThread$H.handleMessage(ActivityThread.java:1185)
07-24 05:09:55.439 16270 16270 D StrictMode: 	at android.os.Handler.dispatchMessage(Handler.java:99)
07-24 05:09:55.439 16270 16270 D StrictMode: 	at android.os.Looper.loop(Looper.java:137)
07-24 05:09:55.439 16270 16270 D StrictMode: 	at android.app.ActivityThread.main(ActivityThread.java:4424)
07-24 05:09:55.439 16270 16270 D StrictMode: 	at java.lang.reflect.Method.invokeNative(Native Method)
07-24 05:09:55.439 16270 16270 D StrictMode: 	at java.lang.reflect.Method.invoke(Method.java:511)
07-24 05:09:55.439 16270 16270 D StrictMode: 	at com.android.internal.os.ZygoteInit$MethodAndArgsCaller.run(ZygoteInit.java:784)
07-24 05:09:55.439 16270 16270 D StrictMode: 	at com.android.internal.os.ZygoteInit.main(ZygoteInit.java:551)
07-24 05:09:55.439 16270 16270 D StrictMode: 	at dalvik.system.NativeStart.main(Native Method)
07-24 05:09:55.439 16270 16270 D StrictMode: StrictMode policy violation; ~duration=126 ms: android.os.StrictMode$StrictModeDiskWriteViolation: policy=21 violation=1
07-24 05:09:55.439 16270 16270 D StrictMode: 	at android.os.StrictMode$AndroidBlockGuardPolicy.onWriteToDisk(StrictMode.java:1063)
07-24 05:09:55.439 16270 16270 D StrictMode: 	at android.database.sqlite.SQLiteStatement.acquireAndLock(SQLiteStatement.java:226)
07-24 05:09:55.439 16270 16270 D StrictMode: 	at android.database.sqlite.SQLiteStatement.executeUpdateDelete(SQLiteStatement.java:84)
07-24 05:09:55.439 16270 16270 D StrictMode: 	at android.database.sqlite.SQLiteDatabase.delete(SQLiteDatabase.java:1741)
07-24 05:09:55.439 16270 16270 D StrictMode: 	at com.google.android.apps.analytics.v.a(Unknown Source)
07-24 05:09:55.439 16270 16270 D StrictMode: 	at com.google.android.apps.analytics.i.a(Unknown Source)
07-24 05:09:55.439 16270 16270 D StrictMode: 	at com.google.android.apps.mytracks.b.a.a(MT:45)
07-24 05:09:55.439 16270 16270 D StrictMode: 	at com.google.android.apps.mytracks.MyTracksApplication.onCreate(MT:42)
07-24 05:09:55.439 16270 16270 D StrictMode: 	at android.app.Instrumentation.callApplicationOnCreate(Instrumentation.java:969)
07-24 05:09:55.439 16270 16270 D StrictMode: 	at android.app.ActivityThread.handleBindApplication(ActivityThread.java:3954)
07-24 05:09:55.439 16270 16270 D StrictMode: 	at android.app.ActivityThread.access$1300(ActivityThread.java:123)
07-24 05:09:55.439 16270 16270 D StrictMode: 	at android.app.ActivityThread$H.handleMessage(ActivityThread.java:1185)
07-24 05:09:55.439 16270 16270 D StrictMode: 	at android.os.Handler.dispatchMessage(Handler.java:99)
07-24 05:09:55.439 16270 16270 D StrictMode: 	at android.os.Looper.loop(Looper.java:137)
07-24 05:09:55.439 16270 16270 D StrictMode: 	at android.app.ActivityThread.main(ActivityThread.java:4424)
07-24 05:09:55.439 16270 16270 D StrictMode: 	at java.lang.reflect.Method.invokeNative(Native Method)
07-24 05:09:55.439 16270 16270 D StrictMode: 	at java.lang.reflect.Method.invoke(Method.java:511)
07-24 05:09:55.439 16270 16270 D StrictMode: 	at com.android.internal.os.ZygoteInit$MethodAndArgsCaller.run(ZygoteInit.java:784)
07-24 05:09:55.439 16270 16270 D StrictMode: 	at com.android.internal.os.ZygoteInit.main(ZygoteInit.java:551)
07-24 05:09:55.439 16270 16270 D StrictMode: 	at dalvik.system.NativeStart.main(Native Method)
07-24 05:09:55.451 16270 16270 D StrictMode: StrictMode policy violation; ~duration=114 ms: android.os.StrictMode$StrictModeDiskWriteViolation: policy=21 violation=1
07-24 05:09:55.451 16270 16270 D StrictMode: 	at android.os.StrictMode$AndroidBlockGuardPolicy.onWriteToDisk(StrictMode.java:1063)
07-24 05:09:55.451 16270 16270 D StrictMode: 	at android.database.sqlite.SQLiteStatement.acquireAndLock(SQLiteStatement.java:226)
07-24 05:09:55.451 16270 16270 D StrictMode: 	at android.database.sqlite.SQLiteStatement.executeInsert(SQLiteStatement.java:112)
07-24 05:09:55.451 16270 16270 D StrictMode: 	at android.database.sqlite.SQLiteDatabase.insertWithOnConflict(SQLiteDatabase.java:1718)
07-24 05:09:55.451 16270 16270 D StrictMode: 	at android.database.sqlite.SQLiteDatabase.insert(SQLiteDatabase.java:1591)
07-24 05:09:55.451 16270 16270 D StrictMode: 	at com.google.android.apps.analytics.v.a(Unknown Source)
07-24 05:09:55.451 16270 16270 D StrictMode: 	at com.google.android.apps.analytics.i.a(Unknown Source)
07-24 05:09:55.451 16270 16270 D StrictMode: 	at com.google.android.apps.mytracks.b.a.a(MT:45)
07-24 05:09:55.451 16270 16270 D StrictMode: 	at com.google.android.apps.mytracks.MyTracksApplication.onCreate(MT:42)
07-24 05:09:55.451 16270 16270 D StrictMode: 	at android.app.Instrumentation.callApplicationOnCreate(Instrumentation.java:969)
07-24 05:09:55.451 16270 16270 D StrictMode: 	at android.app.ActivityThread.handleBindApplication(ActivityThread.java:3954)
07-24 05:09:55.451 16270 16270 D StrictMode: 	at android.app.ActivityThread.access$1300(ActivityThread.java:123)
07-24 05:09:55.451 16270 16270 D StrictMode: 	at android.app.ActivityThread$H.handleMessage(ActivityThread.java:1185)
07-24 05:09:55.451 16270 16270 D StrictMode: 	at android.os.Handler.dispatchMessage(Handler.java:99)
07-24 05:09:55.451 16270 16270 D StrictMode: 	at android.os.Looper.loop(Looper.java:137)
07-24 05:09:55.451 16270 16270 D StrictMode: 	at android.app.ActivityThread.main(ActivityThread.java:4424)
07-24 05:09:55.451 16270 16270 D StrictMode: 	at java.lang.reflect.Method.invokeNative(Native Method)
07-24 05:09:55.451 16270 16270 D StrictMode: 	at java.lang.reflect.Method.invoke(Method.java:511)
07-24 05:09:55.451 16270 16270 D StrictMode: 	at com.android.internal.os.ZygoteInit$MethodAndArgsCaller.run(ZygoteInit.java:784)
07-24 05:09:55.451 16270 16270 D StrictMode: 	at com.android.internal.os.ZygoteInit.main(ZygoteInit.java:551)
07-24 05:09:55.451 16270 16270 D StrictMode: 	at dalvik.system.NativeStart.main(Native Method)
07-24 05:09:55.451 16270 16270 D StrictMode: StrictMode policy violation; ~duration=73 ms: android.os.StrictMode$StrictModeDiskWriteViolation: policy=21 violation=1
07-24 05:09:55.451 16270 16270 D StrictMode: 	at android.os.StrictMode$AndroidBlockGuardPolicy.onWriteToDisk(StrictMode.java:1063)
07-24 05:09:55.451 16270 16270 D StrictMode: 	at android.database.sqlite.SQLiteStatement.acquireAndLock(SQLiteStatement.java:226)
07-24 05:09:55.451 16270 16270 D StrictMode: 	at android.database.sqlite.SQLiteStatement.executeInsert(SQLiteStatement.java:112)
07-24 05:09:55.451 16270 16270 D StrictMode: 	at android.database.sqlite.SQLiteDatabase.insertWithOnConflict(SQLiteDatabase.java:1718)
07-24 05:09:55.451 16270 16270 D StrictMode: 	at android.database.sqlite.SQLiteDatabase.insert(SQLiteDatabase.java:1591)
07-24 05:09:55.451 16270 16270 D StrictMode: 	at com.google.android.apps.analytics.v.a(Unknown Source)
07-24 05:09:55.451 16270 16270 D StrictMode: 	at com.google.android.apps.analytics.v.a(Unknown Source)
07-24 05:09:55.451 16270 16270 D StrictMode: 	at com.google.android.apps.analytics.v.a(Unknown Source)
07-24 05:09:55.451 16270 16270 D StrictMode: 	at com.google.android.apps.analytics.i.a(Unknown Source)
07-24 05:09:55.451 16270 16270 D StrictMode: 	at com.google.android.apps.mytracks.b.a.a(MT:45)
07-24 05:09:55.451 16270 16270 D StrictMode: 	at com.google.android.apps.mytracks.MyTracksApplication.onCreate(MT:42)
07-24 05:09:55.451 16270 16270 D StrictMode: 	at android.app.Instrumentation.callApplicationOnCreate(Instrumentation.java:969)
07-24 05:09:55.451 16270 16270 D StrictMode: 	at android.app.ActivityThread.handleBindApplication(ActivityThread.java:3954)
07-24 05:09:55.451 16270 16270 D StrictMode: 	at android.app.ActivityThread.access$1300(ActivityThread.java:123)
07-24 05:09:55.451 16270 16270 D StrictMode: 	at android.app.ActivityThread$H.handleMessage(ActivityThread.java:1185)
07-24 05:09:55.451 16270 16270 D StrictMode: 	at android.os.Handler.dispatchMessage(Handler.java:99)
07-24 05:09:55.451 16270 16270 D StrictMode: 	at android.os.Looper.loop(Looper.java:137)
07-24 05:09:55.451 16270 16270 D StrictMode: 	at android.app.ActivityThread.main(ActivityThread.java:4424)
07-24 05:09:55.451 16270 16270 D StrictMode: 	at java.lang.reflect.Method.invokeNative(Native Method)
07-24 05:09:55.451 16270 16270 D StrictMode: 	at java.lang.reflect.Method.invoke(Method.java:511)
07-24 05:09:55.451 16270 16270 D StrictMode: 	at com.android.internal.os.ZygoteInit$MethodAndArgsCaller.run(ZygoteInit.java:784)
07-24 05:09:55.451 16270 16270 D StrictMode: 	at com.android.internal.os.ZygoteInit.main(ZygoteInit.java:551)
07-24 05:09:55.451 16270 16270 D StrictMode: 	at dalvik.system.NativeStart.main(Native Method)
07-24 05:09:55.451 16270 16270 D StrictMode: StrictMode policy violation; ~duration=68 ms: android.os.StrictMode$StrictModeDiskWriteViolation: policy=21 violation=1
07-24 05:09:55.451 16270 16270 D StrictMode: 	at android.os.StrictMode$AndroidBlockGuardPolicy.onWriteToDisk(StrictMode.java:1063)
07-24 05:09:55.451 16270 16270 D StrictMode: 	at android.database.sqlite.SQLiteStatement.acquireAndLock(SQLiteStatement.java:226)
07-24 05:09:55.451 16270 16270 D StrictMode: 	at android.database.sqlite.SQLiteStatement.executeUpdateDelete(SQLiteStatement.java:84)
07-24 05:09:55.451 16270 16270 D StrictMode: 	at android.database.sqlite.SQLiteDatabase.executeSql(SQLiteDatabase.java:1899)
07-24 05:09:55.451 16270 16270 D StrictMode: 	at android.database.sqlite.SQLiteDatabase.execSQL(SQLiteDatabase.java:1839)
07-24 05:09:55.451 16270 16270 D StrictMode: 	at android.database.sqlite.SQLiteDatabase.endTransaction(SQLiteDatabase.java:714)
07-24 05:09:55.451 16270 16270 D StrictMode: 	at com.google.android.apps.analytics.v.d(Unknown Source)
07-24 05:09:55.451 16270 16270 D StrictMode: 	at com.google.android.apps.analytics.v.a(Unknown Source)
07-24 05:09:55.451 16270 16270 D StrictMode: 	at com.google.android.apps.analytics.i.a(Unknown Source)
07-24 05:09:55.451 16270 16270 D StrictMode: 	at com.google.android.apps.mytracks.b.a.a(MT:45)
07-24 05:09:55.451 16270 16270 D StrictMode: 	at com.google.android.apps.mytracks.MyTracksApplication.onCreate(MT:42)
07-24 05:09:55.451 16270 16270 D StrictMode: 	at android.app.Instrumentation.callApplicationOnCreate(Instrumentation.java:969)
07-24 05:09:55.451 16270 16270 D StrictMode: 	at android.app.ActivityThread.handleBindApplication(ActivityThread.java:3954)
07-24 05:09:55.451 16270 16270 D StrictMode: 	at android.app.ActivityThread.access$1300(ActivityThread.java:123)
07-24 05:09:55.451 16270 16270 D StrictMode: 	at android.app.ActivityThread$H.handleMessage(ActivityThread.java:1185)
07-24 05:09:55.451 16270 16270 D StrictMode: 	at android.os.Handler.dispatchMessage(Handler.java:99)
07-24 05:09:55.451 16270 16270 D StrictMode: 	at android.os.Looper.loop(Looper.java:137)
07-24 05:09:55.451 16270 16270 D StrictMode: 	at android.app.ActivityThread.main(ActivityThread.java:4424)
07-24 05:09:55.451 16270 16270 D StrictMode: 	at java.lang.reflect.Method.invokeNative(Native Method)
07-24 05:09:55.451 16270 16270 D StrictMode: 	at java.lang.reflect.Method.invoke(Method.java:511)
07-24 05:09:55.451 16270 16270 D StrictMode: 	at com.android.internal.os.ZygoteInit$MethodAndArgsCaller.run(ZygoteInit.java:784)
07-24 05:09:55.451 16270 16270 D StrictMode: 	at com.android.internal.os.ZygoteInit.main(ZygoteInit.java:551)
07-24 05:09:55.451 16270 16270 D StrictMode: 	at dalvik.system.NativeStart.main(Native Method)
07-24 05:09:55.463 16257 16259 D dalvikvm: GC_CONCURRENT freed 211K, 3% free 9259K/9543K, paused 3ms+3ms
07-24 05:09:55.959 16257 16287 I Gmail   : calculateUnknownSyncRationalesAndPurgeInBackground: queueing
07-24 05:09:55.963 16257 16287 I Gmail   : calculateUnknownSyncRationalesAndPurgeInBackground: queueing
07-24 05:09:55.998 16257 16259 D dalvikvm: GC_CONCURRENT freed 263K, 5% free 9406K/9799K, paused 3ms+2ms
07-24 05:09:56.029 16257 16287 I Gmail   : calculateUnknownSyncRationalesAndPurgeInBackground: running
07-24 05:09:56.029 16257 16287 I Gmail   : calculateUnknownSyncRationalesAndPurgeInBackground: running
07-24 05:10:07.533 15812 15814 D dalvikvm: GC_CONCURRENT freed 633K, 7% free 10557K/11271K, paused 2ms+3ms
07-24 05:10:07.678 10485 10488 D dalvikvm: GC_CONCURRENT freed 653K, 8% free 10347K/11207K, paused 12ms+3ms
07-24 05:10:33.818 15933 15946 I PhoneLab-: Service Running
07-24 05:10:33.916 15933 15946 I PhoneLab-LoggerService: app_37    1300  1     1440   1000  c00f181c 400107b4 S logcat
07-24 05:10:33.920 15933 15946 I PhoneLab-LoggerService: Logcat pid from database 1300
07-24 05:10:33.920 15933 15946 I PhoneLab-LoggerService: Logcat process found 1300
07-24 05:10:33.920 15933 15946 I PhoneLab-LoggerService: Checking Threshold
07-24 05:10:33.920 15933 15946 I PhoneLab-LoggerService: Starting to rename files
07-24 05:10:33.920 15933 15946 I PhoneLab-LoggerService: Files found .. 2
07-24 05:11:07.760 10485 10488 D dalvikvm: GC_CONCURRENT freed 465K, 8% free 10393K/11207K, paused 2ms+13ms
07-24 05:11:31.295   145   199 D DhcpInfoInternal: makeLinkProperties with empty dns2!
07-24 05:11:31.311   145   199 D DhcpInfoInternal: makeLinkProperties with empty dns2!
07-24 05:12:07.744 15812 15814 D dalvikvm: GC_CONCURRENT freed 515K, 7% free 10554K/11271K, paused 16ms+3ms
07-24 05:12:07.881 10485 10488 D dalvikvm: GC_CONCURRENT freed 512K, 9% free 10310K/11207K, paused 2ms+2ms
07-24 05:12:33.795 15933 15946 I PhoneLab-: Service Running
07-24 05:12:33.865 15933 15946 I PhoneLab-LoggerService: app_37    1300  1     1440   1000  c00f181c 400107b4 S logcat
07-24 05:12:33.865 15933 15946 I PhoneLab-LoggerService: Logcat pid from database 1300
07-24 05:12:33.865 15933 15946 I PhoneLab-LoggerService: Logcat process found 1300
07-24 05:12:33.865 15933 15946 I PhoneLab-LoggerService: Checking Threshold
07-24 05:12:33.865 15933 15946 I PhoneLab-LoggerService: Starting to rename files
07-24 05:12:33.865 15933 15946 I PhoneLab-LoggerService: Files found .. 2
07-24 05:13:07.850 10485 10488 D dalvikvm: GC_CONCURRENT freed 384K, 8% free 10327K/11207K, paused 10ms+2ms
07-24 05:13:56.193   145   199 D DhcpInfoInternal: makeLinkProperties with empty dns2!
07-24 05:13:56.209   145   199 D DhcpInfoInternal: makeLinkProperties with empty dns2!
07-24 05:14:07.791 15812 15814 D dalvikvm: GC_CONCURRENT freed 507K, 7% free 10559K/11271K, paused 2ms+2ms
07-24 05:14:27.037   145   174 I ActivityManager: Start proc com.twitter.android for service com.twitter.android/.client.AppService: pid=16343 uid=10064 gids={3003, 1015}
07-24 05:14:27.064 16343 16343 I dalvikvm: Turning on JNI app bug workarounds for target SDK version 11...
07-24 05:14:27.189 16343 16343 I ActivityThread: Pub com.twitter.android.provider.GlobalDatabaseProvider: com.twitter.android.provider.GlobalDatabaseProvider
07-24 05:14:27.197 16343 16343 I ActivityThread: Pub com.twitter.android.provider.TwitterProvider: com.twitter.android.provider.TwitterProvider
07-24 05:14:27.338 16343 16345 D dalvikvm: GC_CONCURRENT freed 195K, 4% free 9306K/9607K, paused 11ms+4ms
07-24 05:14:27.584   145   356 I ActivityManager: Process com.google.android.apps.currents (pid 16145) has died.
07-24 05:14:27.775 16343 16345 D dalvikvm: GC_CONCURRENT freed 219K, 4% free 9514K/9863K, paused 2ms+2ms
07-24 05:14:27.916 16343 16345 D dalvikvm: GC_CONCURRENT freed 287K, 5% free 9641K/10055K, paused 2ms+2ms
07-24 05:14:28.053 16343 16345 D dalvikvm: GC_CONCURRENT freed 289K, 5% free 9765K/10183K, paused 2ms+2ms
07-24 05:14:28.182 16343 16345 D dalvikvm: GC_CONCURRENT freed 299K, 5% free 9887K/10311K, paused 1ms+2ms
07-24 05:14:28.318 16343 16345 D dalvikvm: GC_CONCURRENT freed 298K, 5% free 10017K/10439K, paused 2ms+2ms
07-24 05:14:28.459 16343 16345 D dalvikvm: GC_CONCURRENT freed 297K, 4% free 10145K/10567K, paused 1ms+2ms
07-24 05:14:28.576 16343 16345 D dalvikvm: GC_CONCURRENT freed 296K, 4% free 10275K/10695K, paused 2ms+2ms
07-24 05:14:28.760 16343 16345 D dalvikvm: GC_CONCURRENT freed 471K, 6% free 10225K/10823K, paused 2ms+2ms
07-24 05:14:28.889 16343 16345 D dalvikvm: GC_CONCURRENT freed 322K, 5% free 10297K/10823K, paused 2ms+2ms
07-24 05:14:29.014 16343 16345 D dalvikvm: GC_CONCURRENT freed 332K, 5% free 10374K/10823K, paused 2ms+4ms
07-24 05:14:29.166 16343 16345 D dalvikvm: GC_CONCURRENT freed 352K, 5% free 10474K/10951K, paused 1ms+2ms
07-24 05:14:29.291 16343 16345 D dalvikvm: GC_CONCURRENT freed 343K, 5% free 10553K/11015K, paused 2ms+2ms
07-24 05:14:29.412 16343 16345 D dalvikvm: GC_CONCURRENT freed 324K, 5% free 10636K/11079K, paused 2ms+2ms
07-24 05:14:29.537 16343 16345 D dalvikvm: GC_CONCURRENT freed 363K, 5% free 10722K/11207K, paused 2ms+2ms
07-24 05:14:29.670 16343 16345 D dalvikvm: GC_CONCURRENT freed 395K, 5% free 10817K/11335K, paused 2ms+2ms
07-24 05:14:30.584 16343 16345 D dalvikvm: GC_CONCURRENT freed 324K, 4% free 11015K/11463K, paused 6ms+3ms
07-24 05:14:32.498 16343 16345 D dalvikvm: GC_CONCURRENT freed 423K, 5% free 11216K/11719K, paused 2ms+7ms
07-24 05:14:33.795 15933 15946 I PhoneLab-: Service Running
07-24 05:14:33.900 15933 15946 I PhoneLab-LoggerService: app_37    1300  1     1440   1000  c00f181c 400107b4 S logcat
07-24 05:14:33.900 15933 15946 I PhoneLab-LoggerService: Logcat pid from database 1300
07-24 05:14:33.900 15933 15946 I PhoneLab-LoggerService: Logcat process found 1300
07-24 05:14:33.900 15933 15946 I PhoneLab-LoggerService: Checking Threshold
07-24 05:14:33.900 15933 15946 I PhoneLab-LoggerService: Starting to rename files
07-24 05:14:33.904 15933 15946 I PhoneLab-LoggerService: Files found .. 2
07-24 05:14:43.666  6099  6102 D dalvikvm: GC_CONCURRENT freed 436K, 6% free 10321K/10887K, paused 6ms+4ms
07-24 05:14:43.900   145   145 I ActivityManager: Start proc android.process.acore for content provider com.android.providers.contacts/.ContactsProvider2: pid=16365 uid=10000 gids={3003, 1015}
07-24 05:14:43.939 16365 16365 I ActivityThread: Pub call_log: com.android.providers.contacts.CallLogProvider
07-24 05:14:43.990 16365 16365 I ActivityThread: Pub com.android.voicemail: com.android.providers.contacts.VoicemailContentProvider
07-24 05:14:43.998 16365 16365 I ActivityThread: Pub user_dictionary: com.android.providers.userdictionary.UserDictionaryProvider
07-24 05:14:44.041 16365 16365 I ActivityThread: Pub com.android.social: com.android.providers.contacts.SocialProvider
07-24 05:14:44.045 16365 16365 I ActivityThread: Pub applications: com.android.providers.applications.ApplicationsProvider
07-24 05:14:44.193 16365 16365 I ActivityThread: Pub contacts;com.android.contacts: com.android.providers.contacts.ContactsProvider2
07-24 05:14:44.213 16365 16368 D dalvikvm: GC_CONCURRENT freed 359K, 5% free 9176K/9607K, paused 8ms+2ms
07-24 05:14:44.549 16365 16368 D dalvikvm: GC_CONCURRENT freed 222K, 4% free 9381K/9735K, paused 2ms+3ms
07-24 05:14:45.525 16365 16368 D dalvikvm: GC_CONCURRENT freed 252K, 4% free 9547K/9927K, paused 2ms+2ms
07-24 05:14:46.006   145   378 I ActivityManager: Process com.google.android.maps.mytracks (pid 16270) has died.
07-24 05:14:49.885   145   356 I ActivityManager: Process com.google.android.apps.maps:LocationFriendService (pid 10485) has died.
07-24 05:14:50.025   145   147 D dalvikvm: GC_CONCURRENT freed 1639K, 17% free 16235K/19399K, paused 22ms+8ms
07-24 05:14:57.725 16365 16368 D dalvikvm: GC_CONCURRENT freed 508K, 7% free 9477K/10119K, paused 41ms+6ms
07-24 05:15:00.092   145   174 I ActivityManager: Start proc com.google.android.youtube for service com.google.android.youtube/.app.prefetch.PrefetchService: pid=16383 uid=10057 gids={3003, 1015, 1006}
07-24 05:15:00.135    79    79 D dalvikvm: GC_EXPLICIT freed 37K, 4% free 9031K/9347K, paused 4ms+4ms
07-24 05:15:00.174    79    79 D dalvikvm: GC_EXPLICIT freed <1K, 4% free 9031K/9347K, paused 2ms+2ms
07-24 05:15:00.201    79    79 D dalvikvm: GC_EXPLICIT freed <1K, 4% free 9031K/9347K, paused 2ms+3ms
07-24 05:15:00.334 16383 16385 D dalvikvm: GC_CONCURRENT freed 175K, 3% free 9356K/9607K, paused 2ms+2ms
07-24 05:15:00.420 16383 16383 I ActivityThread: Pub com.google.android.youtube.SuggestionProvider: com.google.android.youtube.core.suggest.SuggestionProvider
07-24 05:15:00.779  6099  9896 D dalvikvm: GC_EXPLICIT freed 137K, 6% free 10239K/10887K, paused 10ms+8ms
07-24 05:15:01.119 16383 16385 D dalvikvm: GC_CONCURRENT freed 364K, 5% free 9555K/9991K, paused 23ms+4ms
07-24 05:15:01.127 16383 16392 W CursorWrapperInner: Cursor finalized without prior close()
07-24 05:15:01.127 16383 16392 W CursorWrapperInner: Cursor finalized without prior close()
07-24 05:15:01.201 16383 16385 D dalvikvm: GC_CONCURRENT freed 314K, 4% free 9798K/10183K, paused 2ms+2ms
07-24 05:15:01.314 16383 16385 D dalvikvm: GC_CONCURRENT freed 407K, 5% free 9961K/10439K, paused 2ms+3ms
07-24 05:15:01.416 16383 16385 D dalvikvm: GC_CONCURRENT freed 333K, 4% free 10163K/10567K, paused 1ms+3ms
07-24 05:15:01.463   145   145 I ActivityManager: Start proc com.google.android.gsf.login for service com.google.android.gsf.login/com.google.android.gsf.loginservice.GoogleLoginService: pid=16417 uid=10009 gids={3003, 1015, 1007, 2001, 3006}
07-24 05:15:01.533 16383 16385 D dalvikvm: GC_CONCURRENT freed 403K, 5% free 10284K/10759K, paused 2ms+4ms
07-24 05:15:01.654   145   421 D dalvikvm: GC_EXPLICIT freed 150K, 17% free 16166K/19399K, paused 3ms+6ms
07-24 05:15:01.912 16383 16385 D dalvikvm: GC_CONCURRENT freed 383K, 5% free 10326K/10823K, paused 4ms+2ms
07-24 05:15:02.471 16417 16419 D dalvikvm: GC_CONCURRENT freed 297K, 4% free 9174K/9543K, paused 5ms+8ms
07-24 05:15:02.498   145  1302 I ActivityManager: Process com.google.android.gm (pid 16257) has died.
07-24 05:15:02.803 16383 16385 D dalvikvm: GC_CONCURRENT freed 307K, 4% free 10465K/10887K, paused 3ms+6ms
07-24 05:15:03.436 16383 16385 D dalvikvm: GC_CONCURRENT freed 409K, 5% free 10590K/11079K, paused 3ms+3ms
07-24 05:15:04.084 16383 16385 D dalvikvm: GC_CONCURRENT freed 286K, 4% free 10797K/11207K, paused 34ms+3ms
07-24 05:15:07.865   145   326 I ActivityManager: Start proc com.google.android.apps.maps:LocationFriendService for service com.google.android.apps.maps/com.google.googlenav.friend.reporting.LocationReceiverService: pid=16457 uid=10056 gids={3003, 1015}
07-24 05:15:08.084 16457 16460 D dalvikvm: GC_CONCURRENT freed 156K, 3% free 9380K/9607K, paused 2ms+2ms
07-24 05:15:08.424   145   378 I ActivityManager: Process com.twitter.android (pid 16343) has died.
07-24 05:15:08.510 16457 16460 D dalvikvm: GC_CONCURRENT freed 155K, 3% free 9685K/9927K, paused 6ms+2ms
07-24 05:15:08.920 16457 16460 D dalvikvm: GC_CONCURRENT freed 317K, 4% free 9849K/10247K, paused 2ms+3ms
07-24 05:15:09.010 16457 16464 I dalvikvm: Total arena pages for JIT: 11
07-24 05:15:09.014 16457 16464 I dalvikvm: Total arena pages for JIT: 12
07-24 05:15:09.014 16457 16464 I dalvikvm: Total arena pages for JIT: 13
07-24 05:15:09.014 16457 16464 I dalvikvm: Total arena pages for JIT: 14
07-24 05:15:09.014 16457 16464 I dalvikvm: Total arena pages for JIT: 15
07-24 05:15:09.018 16457 16464 I dalvikvm: Total arena pages for JIT: 16
07-24 05:15:09.018 16457 16464 I dalvikvm: Total arena pages for JIT: 17
07-24 05:15:09.150 16457 16460 D dalvikvm: GC_CONCURRENT freed 363K, 5% free 9969K/10439K, paused 2ms+2ms
07-24 05:15:09.197 15933 15933 I PhoneLab-Locks: wake lock acquired
07-24 05:15:09.205 15933 16480 I PhoneLab-PeriodicCheckService: User info is synched
07-24 05:15:09.209 15933 16480 I PhoneLab-PeriodicCheckService: Logger Service is running
07-24 05:15:09.213 15933 15933 I PhoneLab-Locks: wake lock acquired
07-24 05:15:09.221 15933 15933 I PhoneLab-StatusMonitor: Status Monitoring is started
07-24 05:15:09.221 15933 16480 I PhoneLab-Locks: wake lock acquired
07-24 05:15:09.228 15933 16480 I PhoneLab-PeriodicCheckService: Rescheduling periodic checking...
07-24 05:15:09.228 15933 16480 I PhoneLab-Locks: wake lock released
07-24 05:15:09.244 15933 15933 E PhoneLab-PhoneLabManifest: java.io.FileNotFoundException: /data/data/edu.buffalo.cse.phonelab.phonelabservices/files/manifest.xml: open failed: ENOENT (No such file or directory)
07-24 05:15:09.287 15933 15933 I PhoneLab-Locks: wake lock released
07-24 05:15:09.291 15933 15933 I PhoneLab-UploadLogs: Transfering log files now
07-24 05:15:09.389 15933 15935 D dalvikvm: GC_CONCURRENT freed 492K, 7% free 9109K/9735K, paused 4ms+3ms
07-24 05:15:09.459 15933 15933 D dalvikvm: GC_FOR_ALLOC freed 283K, 6% free 9199K/9735K, paused 16ms
07-24 05:15:09.459 15933 15933 I dalvikvm-heap: Grow heap (frag case) to 9.170MB for 123476-byte allocation
07-24 05:15:09.475 15933 15933 D dalvikvm: GC_FOR_ALLOC freed 56K, 7% free 9263K/9863K, paused 14ms
07-24 05:15:09.475 15933 15933 I dalvikvm-heap: Grow heap (frag case) to 9.358MB for 254548-byte allocation
07-24 05:15:09.490 15933 15933 D dalvikvm: GC_FOR_ALLOC freed 120K, 8% free 9391K/10119K, paused 13ms
07-24 05:15:09.490 15933 15933 I dalvikvm-heap: Grow heap (frag case) to 9.733MB for 516692-byte allocation
07-24 05:15:09.518 15933 15935 D dalvikvm: GC_CONCURRENT freed 248K, 10% free 9647K/10631K, paused 2ms+2ms
07-24 05:15:09.521 15933 15933 I PhoneLab-UploadLogs: OnStartCommand
07-24 05:15:09.701 15933 16482 D dalvikvm: GC_FOR_ALLOC freed 383K, 10% free 9631K/10631K, paused 36ms
07-24 05:15:09.713 15933 16482 D dalvikvm: GC_FOR_ALLOC freed 301K, 10% free 9631K/10631K, paused 13ms
07-24 05:15:09.732 15933 16482 D dalvikvm: GC_FOR_ALLOC freed 301K, 10% free 9638K/10631K, paused 13ms
07-24 05:15:09.752   145   423 I ActivityManager: Process com.google.android.youtube (pid 16383) has died.
07-24 05:15:12.514 15933 15933 I PhoneLab-: 1343119526329.log is deleted
07-24 05:15:12.514 15933 15933 I PhoneLab-: Response: {"data": "done", "err": ""}
07-24 05:15:12.521 15933 15933 I PhoneLab-UploadLogs: No log files to transfer
07-24 05:15:12.521 15933 15933 I PhoneLab-Locks: wake lock released
07-24 05:16:07.912 15812 15814 D dalvikvm: GC_CONCURRENT freed 512K, 7% free 10558K/11271K, paused 5ms+3ms
07-24 05:16:07.990 16457 16464 I dalvikvm: Total arena pages for JIT: 18
07-24 05:16:08.268 16457 16460 D dalvikvm: GC_CONCURRENT freed 430K, 6% free 9960K/10503K, paused 2ms+23ms
07-24 05:16:08.459 16457 16460 D dalvikvm: GC_CONCURRENT freed 226K, 4% free 10142K/10503K, paused 3ms+2ms
07-24 05:16:08.971 16457 16460 D dalvikvm: GC_CONCURRENT freed 303K, 5% free 10323K/10759K, paused 2ms+3ms
07-24 05:16:21.061   145   199 D DhcpInfoInternal: makeLinkProperties with empty dns2!
07-24 05:16:21.061   145   199 D DhcpInfoInternal: makeLinkProperties with empty dns2!
07-24 05:16:33.795 15933 15946 I PhoneLab-: Service Running
07-24 05:16:33.877 15933 15946 I PhoneLab-LoggerService: app_37    1300  1     1440   1000  c00f181c 400107b4 S logcat
07-24 05:16:33.877 15933 15946 I PhoneLab-LoggerService: Logcat pid from database 1300
07-24 05:16:33.877 15933 15946 I PhoneLab-LoggerService: Logcat process found 1300
07-24 05:16:33.877 15933 15946 I PhoneLab-LoggerService: Checking Threshold
07-24 05:17:06.678   215   217 D dalvikvm: GC_CONCURRENT freed 511K, 30% free 10043K/14215K, paused 3ms+2ms
07-24 05:17:08.072 16457 16460 D dalvikvm: GC_CONCURRENT freed 666K, 8% free 10092K/10887K, paused 2ms+2ms
07-24 05:18:08.072 15812 15814 D dalvikvm: GC_CONCURRENT freed 514K, 7% free 10556K/11271K, paused 2ms+3ms
07-24 05:18:33.795 15933 15946 I PhoneLab-: Service Running
07-24 05:18:33.896 15933 15935 D dalvikvm: GC_CONCURRENT freed 887K, 14% free 9166K/10631K, paused 2ms+2ms
07-24 05:18:33.904 15933 15946 I PhoneLab-LoggerService: app_37    1300  1     1440   1000  c00f181c 400107b4 S logcat
07-24 05:18:33.904 15933 15946 I PhoneLab-LoggerService: Logcat pid from database 1300
07-24 05:18:33.904 15933 15946 I PhoneLab-LoggerService: Logcat process found 1300
07-24 05:18:33.904 15933 15946 I PhoneLab-LoggerService: Checking Threshold
07-24 05:18:45.951   145   199 D DhcpInfoInternal: makeLinkProperties with empty dns2!
07-24 05:18:45.955   145   199 D DhcpInfoInternal: makeLinkProperties with empty dns2!
07-24 05:19:08.170 16457 16460 D dalvikvm: GC_CONCURRENT freed 471K, 8% free 10115K/10887K, paused 4ms+2ms
07-24 05:19:32.111   145   174 I ActivityManager: Start proc com.twitter.android for service com.twitter.android/.client.AppService: pid=16534 uid=10064 gids={3003, 1015}
07-24 05:19:32.123 16534 16534 I dalvikvm: Turning on JNI app bug workarounds for target SDK version 11...
07-24 05:19:32.221 16534 16534 I ActivityThread: Pub com.twitter.android.provider.GlobalDatabaseProvider: com.twitter.android.provider.GlobalDatabaseProvider
07-24 05:19:32.228 16534 16534 I ActivityThread: Pub com.twitter.android.provider.TwitterProvider: com.twitter.android.provider.TwitterProvider
07-24 05:19:32.283 16534 16536 D dalvikvm: GC_CONCURRENT freed 178K, 4% free 9301K/9607K, paused 2ms+2ms
07-24 05:19:32.596 16534 16536 D dalvikvm: GC_CONCURRENT freed 223K, 4% free 9517K/9863K, paused 1ms+2ms
07-24 05:19:32.752 16534 16536 D dalvikvm: GC_CONCURRENT freed 285K, 5% free 9639K/10055K, paused 1ms+2ms
07-24 05:19:32.877 16534 16536 D dalvikvm: GC_CONCURRENT freed 288K, 5% free 9764K/10183K, paused 2ms+2ms
07-24 05:19:33.002 16534 16536 D dalvikvm: GC_CONCURRENT freed 297K, 5% free 9888K/10311K, paused 2ms+2ms
07-24 05:19:33.119 16534 16536 D dalvikvm: GC_CONCURRENT freed 298K, 5% free 10017K/10439K, paused 1ms+2ms
07-24 05:19:33.252 16534 16536 D dalvikvm: GC_CONCURRENT freed 297K, 4% free 10148K/10567K, paused 2ms+2ms
07-24 05:19:33.373 16534 16536 D dalvikvm: GC_CONCURRENT freed 299K, 4% free 10276K/10695K, paused 2ms+2ms
07-24 05:19:33.549 16534 16536 D dalvikvm: GC_CONCURRENT freed 472K, 6% free 10224K/10823K, paused 1ms+3ms
07-24 05:19:33.686 16534 16536 D dalvikvm: GC_CONCURRENT freed 321K, 5% free 10298K/10823K, paused 2ms+1ms
07-24 05:19:33.803 16534 16536 D dalvikvm: GC_CONCURRENT freed 329K, 5% free 10374K/10823K, paused 2ms+2ms
07-24 05:19:33.943 16534 16536 D dalvikvm: GC_CONCURRENT freed 354K, 5% free 10472K/10951K, paused 1ms+2ms
07-24 05:19:34.064 16534 16536 D dalvikvm: GC_CONCURRENT freed 339K, 5% free 10553K/11015K, paused 2ms+3ms
07-24 05:19:34.205 16534 16536 D dalvikvm: GC_CONCURRENT freed 326K, 5% free 10634K/11079K, paused 2ms+2ms
07-24 05:19:34.330 16534 16536 D dalvikvm: GC_CONCURRENT freed 362K, 5% free 10720K/11207K, paused 3ms+2ms
07-24 05:19:34.463 16534 16536 D dalvikvm: GC_CONCURRENT freed 399K, 5% free 10814K/11335K, paused 1ms+2ms
07-24 05:19:35.350 16534 16536 D dalvikvm: GC_CONCURRENT freed 325K, 4% free 11016K/11463K, paused 2ms+2ms
07-24 05:19:37.150 16534 16536 D dalvikvm: GC_CONCURRENT freed 428K, 5% free 11164K/11719K, paused 2ms+4ms
07-24 05:19:37.803   145   430 I ActivityManager: Process android.process.acore (pid 16365) has died.
07-24 05:19:41.494   145   363 I ActivityManager: Start proc android.process.acore for content provider com.android.providers.contacts/.ContactsProvider2: pid=16555 uid=10000 gids={3003, 1015}
07-24 05:19:41.553 16555 16555 I ActivityThread: Pub call_log: com.android.providers.contacts.CallLogProvider
07-24 05:19:41.596 16555 16555 I ActivityThread: Pub com.android.voicemail: com.android.providers.contacts.VoicemailContentProvider
07-24 05:19:41.600 16555 16555 I ActivityThread: Pub user_dictionary: com.android.providers.userdictionary.UserDictionaryProvider
07-24 05:19:41.635 16555 16555 I ActivityThread: Pub com.android.social: com.android.providers.contacts.SocialProvider
07-24 05:19:41.635 16555 16555 I ActivityThread: Pub applications: com.android.providers.applications.ApplicationsProvider
07-24 05:19:41.732 16555 16557 D dalvikvm: GC_CONCURRENT freed 325K, 5% free 9152K/9607K, paused 2ms+2ms
07-24 05:19:41.732 16555 16555 I ActivityThread: Pub contacts;com.android.contacts: com.android.providers.contacts.ContactsProvider2
07-24 05:19:41.990 16555 16557 D dalvikvm: GC_CONCURRENT freed 195K, 4% free 9346K/9671K, paused 2ms+2ms
07-24 05:19:42.873 16555 16557 D dalvikvm: GC_CONCURRENT freed 217K, 4% free 9577K/9927K, paused 3ms+2ms
07-24 05:19:45.326   145   338 I ActivityManager: Process com.google.android.apps.maps:LocationFriendService (pid 16457) has died.
07-24 05:20:08.193 15812 15814 D dalvikvm: GC_CONCURRENT freed 512K, 7% free 10555K/11271K, paused 7ms+3ms
07-24 05:20:08.244   145  1302 I ActivityManager: Start proc com.google.android.apps.maps:LocationFriendService for service com.google.android.apps.maps/com.google.googlenav.friend.reporting.LocationReceiverService: pid=16573 uid=10056 gids={3003, 1015}
07-24 05:20:08.369 16573 16575 D dalvikvm: GC_CONCURRENT freed 163K, 3% free 9372K/9607K, paused 2ms+2ms
07-24 05:20:08.857 16573 16575 D dalvikvm: GC_CONCURRENT freed 157K, 3% free 9662K/9927K, paused 16ms+7ms
07-24 05:20:09.045   145   379 I ActivityManager: Process com.google.android.gsf.login (pid 16417) has died.
07-24 05:20:09.330 16573 16575 D dalvikvm: GC_CONCURRENT freed 302K, 4% free 9848K/10247K, paused 2ms+4ms
07-24 05:20:09.447 16573 16579 I dalvikvm: Total arena pages for JIT: 11
07-24 05:20:09.451 16573 16579 I dalvikvm: Total arena pages for JIT: 12
07-24 05:20:09.451 16573 16579 I dalvikvm: Total arena pages for JIT: 13
07-24 05:20:09.451 16573 16579 I dalvikvm: Total arena pages for JIT: 14
07-24 05:20:09.451 16573 16579 I dalvikvm: Total arena pages for JIT: 15
07-24 05:20:09.451 16573 16579 I dalvikvm: Total arena pages for JIT: 16
07-24 05:20:09.451 16573 16579 I dalvikvm: Total arena pages for JIT: 17
07-24 05:20:09.564 16573 16575 D dalvikvm: GC_CONCURRENT freed 414K, 5% free 9939K/10439K, paused 2ms+3ms
07-24 05:20:32.654 16555 16557 D dalvikvm: GC_CONCURRENT freed 499K, 7% free 9488K/10119K, paused 8ms+4ms
07-24 05:20:33.822 15933 15946 I PhoneLab-: Service Running
07-24 05:20:33.916 15933 15946 I PhoneLab-LoggerService: app_37    1300  1     1440   1000  c00f181c 400107b4 S logcat
07-24 05:20:33.920 15933 15946 I PhoneLab-LoggerService: Logcat pid from database 1300
07-24 05:20:33.920 15933 15946 I PhoneLab-LoggerService: Logcat process found 1300
07-24 05:20:33.920 15933 15946 I PhoneLab-LoggerService: Checking Threshold
07-24 05:21:08.369   145   338 D dalvikvm: GC_EXPLICIT freed 1012K, 17% free 16259K/19399K, paused 11ms+8ms
07-24 05:21:08.416 16573 16579 I dalvikvm: Total arena pages for JIT: 18
07-24 05:21:10.830   145   199 D DhcpInfoInternal: makeLinkProperties with empty dns2!
07-24 05:21:10.830   145   199 D DhcpInfoInternal: makeLinkProperties with empty dns2!
07-24 05:22:08.275 15812 15814 D dalvikvm: GC_CONCURRENT freed 509K, 7% free 10558K/11271K, paused 4ms+2ms
07-24 05:22:08.346 16573 16575 D dalvikvm: GC_CONCURRENT freed 461K, 6% free 9921K/10503K, paused 2ms+3ms
07-24 05:22:33.791 15933 15946 I PhoneLab-: Service Running
07-24 05:22:33.865 15933 15946 I PhoneLab-LoggerService: app_37    1300  1     1440   1000  c00f181c 400107b4 S logcat
07-24 05:22:33.869 15933 15946 I PhoneLab-LoggerService: Logcat pid from database 1300
07-24 05:22:33.869 15933 15946 I PhoneLab-LoggerService: Logcat process found 1300
07-24 05:22:33.869 15933 15946 I PhoneLab-LoggerService: Checking Threshold
07-24 05:23:08.428 16573 16575 D dalvikvm: GC_CONCURRENT freed 485K, 6% free 9977K/10567K, paused 2ms+1ms
07-24 05:23:35.701   145   199 D DhcpInfoInternal: makeLinkProperties with empty dns2!
07-24 05:23:35.713   145   199 D DhcpInfoInternal: makeLinkProperties with empty dns2!
07-24 05:24:08.396 15812 15814 D dalvikvm: GC_CONCURRENT freed 514K, 7% free 10556K/11271K, paused 2ms+3ms
07-24 05:24:08.537 16573 16575 D dalvikvm: GC_CONCURRENT freed 438K, 6% free 10022K/10567K, paused 2ms+3ms
07-24 05:24:33.795 15933 15946 I PhoneLab-: Service Running
07-24 05:24:33.873 15933 15946 I PhoneLab-LoggerService: app_37    1300  1     1440   1000  c00f181c 400107b4 S logcat
07-24 05:24:33.873 15933 15946 I PhoneLab-LoggerService: Logcat pid from database 1300
07-24 05:24:33.873 15933 15946 I PhoneLab-LoggerService: Logcat process found 1300
07-24 05:24:33.873 15933 15946 I PhoneLab-LoggerService: Checking Threshold
07-24 05:24:39.025 16534 16536 D dalvikvm: GC_CONCURRENT freed 480K, 6% free 11311K/11911K, paused 23ms+15ms
07-24 05:24:54.061   145   174 I ActivityManager: Start proc com.google.android.gm for service com.google.android.gm/.provider.MailIndexerService: pid=16650 uid=10075 gids={3003, 1015}
07-24 05:24:54.189 16650 16650 I ActivityThread: Pub gmail-ls: com.google.android.gm.provider.MailProvider
07-24 05:24:54.213 16650 16650 I ActivityThread: Pub com.google.android.gm: com.google.android.gm.provider.PublicContentProvider
07-24 05:24:54.221 16650 16650 I ActivityThread: Pub com.google.android.gmail.SuggestionProvider: com.google.android.gm.SuggestionsProvider
07-24 05:24:54.416 16650 16652 D dalvikvm: GC_CONCURRENT freed 211K, 3% free 9259K/9543K, paused 4ms+4ms
07-24 05:24:54.764 16650 16667 I Gmail   : calculateUnknownSyncRationalesAndPurgeInBackground: queueing
07-24 05:24:54.768 16650 16667 I Gmail   : calculateUnknownSyncRationalesAndPurgeInBackground: queueing
07-24 05:24:54.803 16650 16652 D dalvikvm: GC_CONCURRENT freed 259K, 5% free 9405K/9799K, paused 2ms+2ms
07-24 05:24:54.830 16650 16667 I Gmail   : calculateUnknownSyncRationalesAndPurgeInBackground: running
07-24 05:24:54.834 16650 16667 I Gmail   : calculateUnknownSyncRationalesAndPurgeInBackground: running
07-24 05:25:08.557 16573 16575 D dalvikvm: GC_CONCURRENT freed 529K, 7% free 9967K/10631K, paused 2ms+3ms
07-24 05:25:35.307  6099  6102 D dalvikvm: GC_CONCURRENT freed 295K, 5% free 10343K/10887K, paused 7ms+9ms
07-24 05:26:00.588   145   199 D DhcpInfoInternal: makeLinkProperties with empty dns2!
07-24 05:26:00.588   145   199 D DhcpInfoInternal: makeLinkProperties with empty dns2!
07-24 05:26:08.529 15812 15814 D dalvikvm: GC_CONCURRENT freed 509K, 7% free 10558K/11271K, paused 1ms+3ms
07-24 05:26:33.795 15933 15946 I PhoneLab-: Service Running
07-24 05:26:33.889 15933 15946 I PhoneLab-LoggerService: app_37    1300  1     1440   1000  c00f181c 400107b4 S logcat
07-24 05:26:33.889 15933 15946 I PhoneLab-LoggerService: Logcat pid from database 1300
07-24 05:26:33.889 15933 15946 I PhoneLab-LoggerService: Logcat process found 1300
07-24 05:26:33.889 15933 15946 I PhoneLab-LoggerService: Checking Threshold
07-24 05:27:08.666 16573 16575 D dalvikvm: GC_CONCURRENT freed 491K, 7% free 9969K/10631K, paused 2ms+3ms
07-24 05:27:09.182 15812 15814 D dalvikvm: GC_CONCURRENT freed 419K, 7% free 10583K/11271K, paused 11ms+7ms
07-24 05:28:08.736 16573 16575 D dalvikvm: GC_CONCURRENT freed 464K, 6% free 10016K/10631K, paused 5ms+2ms
07-24 05:28:25.455   145   199 D DhcpInfoInternal: makeLinkProperties with empty dns2!
07-24 05:28:25.467   145   199 D DhcpInfoInternal: makeLinkProperties with empty dns2!
07-24 05:28:33.795 15933 15946 I PhoneLab-: Service Running
07-24 05:28:33.865 15933 15946 I PhoneLab-LoggerService: app_37    1300  1     1440   1000  c00f181c 400107b4 S logcat
07-24 05:28:33.865 15933 15946 I PhoneLab-LoggerService: Logcat pid from database 1300
07-24 05:28:33.865 15933 15946 I PhoneLab-LoggerService: Logcat process found 1300
07-24 05:28:33.865 15933 15946 I PhoneLab-LoggerService: Checking Threshold
07-24 05:29:08.717 15812 15814 D dalvikvm: GC_CONCURRENT freed 521K, 7% free 10582K/11271K, paused 1ms+3ms
07-24 05:29:08.853 16573 16575 D dalvikvm: GC_CONCURRENT freed 528K, 6% free 9996K/10631K, paused 2ms+2ms
07-24 05:29:40.217 16534 16536 D dalvikvm: GC_CONCURRENT freed 585K, 6% free 11419K/12103K, paused 19ms+2ms
07-24 05:29:59.502  9919  9922 D dalvikvm: GC_CONCURRENT freed 1066K, 17% free 12326K/14727K, paused 3ms+7ms
07-24 05:30:08.850 16573 16575 D dalvikvm: GC_CONCURRENT freed 463K, 7% free 9952K/10631K, paused 2ms+2ms
07-24 05:30:33.795 15933 15946 I PhoneLab-: Service Running
07-24 05:30:33.908 15933 15946 I PhoneLab-LoggerService: app_37    1300  1     1440   1000  c00f181c 400107b4 S logcat
07-24 05:30:33.908 15933 15946 I PhoneLab-LoggerService: Logcat pid from database 1300
07-24 05:30:33.908 15933 15946 I PhoneLab-LoggerService: Logcat process found 1300
07-24 05:30:33.912 15933 15946 I PhoneLab-LoggerService: Checking Threshold
07-24 05:30:50.326   145   199 D DhcpInfoInternal: makeLinkProperties with empty dns2!
07-24 05:30:50.342   145   199 D DhcpInfoInternal: makeLinkProperties with empty dns2!
07-24 05:30:52.838   145   338 D dalvikvm: GC_EXPLICIT freed 1236K, 17% free 16270K/19399K, paused 3ms+8ms
07-24 05:30:52.912 16555 16557 D dalvikvm: GC_CONCURRENT freed 327K, 6% free 9547K/10119K, paused 8ms+3ms
07-24 05:31:08.826 15812 15814 D dalvikvm: GC_CONCURRENT freed 522K, 7% free 10580K/11271K, paused 2ms+3ms
07-24 05:31:09.061 16573 16575 D dalvikvm: GC_CONCURRENT freed 379K, 7% free 9983K/10631K, paused 4ms+6ms
07-24 05:31:09.365 16573 16575 D dalvikvm: GC_CONCURRENT freed 220K, 5% free 10147K/10631K, paused 2ms+2ms
07-24 05:31:09.736 16573 16575 D dalvikvm: GC_CONCURRENT freed 302K, 5% free 10326K/10759K, paused 20ms+3ms
07-24 05:32:09.006 16573 16575 D dalvikvm: GC_CONCURRENT freed 680K, 8% free 10115K/10887K, paused 1ms+3ms
07-24 05:32:33.795 15933 15946 I PhoneLab-: Service Running
07-24 05:32:33.873 15933 15946 I PhoneLab-LoggerService: app_37    1300  1     1440   1000  c00f181c 400107b4 S logcat
07-24 05:32:33.873 15933 15946 I PhoneLab-LoggerService: Logcat pid from database 1300
07-24 05:32:33.873 15933 15946 I PhoneLab-LoggerService: Logcat process found 1300
07-24 05:32:33.873 15933 15946 I PhoneLab-LoggerService: Checking Threshold
07-24 05:33:09.049 15812 15814 D dalvikvm: GC_CONCURRENT freed 520K, 7% free 10579K/11271K, paused 2ms+8ms
07-24 05:33:09.189 16573 16575 D dalvikvm: GC_CONCURRENT freed 405K, 7% free 10137K/10887K, paused 2ms+2ms
07-24 05:33:09.307 16573 16575 D dalvikvm: GC_CONCURRENT freed 188K, 6% free 10334K/10887K, paused 2ms+3ms
07-24 05:33:15.154   145  1303 I ActivityManager: Process com.google.android.apps.maps:NetworkLocationService (pid 15812) has died.
07-24 05:33:15.154   145  1303 W ActivityManager: Scheduling restart of crashed service com.google.android.apps.maps/com.google.android.location.internal.server.NetworkLocationService in 5000ms
07-24 05:33:15.252   145   199 D DhcpInfoInternal: makeLinkProperties with empty dns2!
07-24 05:33:15.260   145   199 D DhcpInfoInternal: makeLinkProperties with empty dns2!
07-24 05:33:20.209   145   162 I ActivityManager: Start proc com.google.android.apps.maps:NetworkLocationService for service com.google.android.apps.maps/com.google.android.location.internal.server.NetworkLocationService: pid=16775 uid=10056 gids={3003, 1015}
07-24 05:33:20.350 16775 16778 D dalvikvm: GC_CONCURRENT freed 168K, 3% free 9367K/9607K, paused 5ms+3ms
07-24 05:33:20.674  6099  6139 D dalvikvm: GC_EXPLICIT freed 371K, 6% free 10305K/10887K, paused 2ms+5ms
07-24 05:33:20.768 16775 16778 D dalvikvm: GC_CONCURRENT freed 158K, 3% free 9676K/9927K, paused 5ms+3ms
07-24 05:33:21.064 16775 16778 D dalvikvm: GC_CONCURRENT freed 169K, 3% free 10070K/10311K, paused 2ms+3ms
07-24 05:33:21.252 16775 16778 D dalvikvm: GC_CONCURRENT freed 669K, 8% free 9887K/10695K, paused 1ms+2ms
07-24 05:33:21.381   145   162 I ActivityManager: Start proc com.google.android.apps.maps:FriendService for broadcast com.google.android.apps.maps/com.google.googlenav.friend.android.ServiceReceiver: pid=16796 uid=10056 gids={3003, 1015}
07-24 05:33:21.502 16796 16799 D dalvikvm: GC_CONCURRENT freed 171K, 3% free 9365K/9607K, paused 2ms+2ms
07-24 05:33:21.639 16796 16799 D dalvikvm: GC_CONCURRENT freed 210K, 4% free 9687K/9991K, paused 1ms+2ms
07-24 05:33:21.814 16775 16782 I dalvikvm: Total arena pages for JIT: 11
07-24 05:33:21.818 16775 16782 I dalvikvm: Total arena pages for JIT: 12
07-24 05:33:21.818 16775 16782 I dalvikvm: Total arena pages for JIT: 13
07-24 05:33:21.822 16775 16782 I dalvikvm: Total arena pages for JIT: 14
07-24 05:33:21.822 16775 16782 I dalvikvm: Total arena pages for JIT: 15
07-24 05:33:21.826 16775 16782 I dalvikvm: Total arena pages for JIT: 16
07-24 05:33:21.826 16775 16782 I dalvikvm: Total arena pages for JIT: 17
07-24 05:33:21.916 16775 16782 I dalvikvm: Total arena pages for JIT: 18
07-24 05:33:22.033 16775 16778 D dalvikvm: GC_CONCURRENT freed 208K, 5% free 10166K/10695K, paused 4ms+3ms
07-24 05:33:22.295 16775 16778 D dalvikvm: GC_CONCURRENT freed 266K, 4% free 10371K/10759K, paused 1ms+3ms
07-24 05:33:22.588   145   423 I ActivityManager: Process com.google.android.apps.googlevoice (pid 15849) has died.
07-24 05:33:22.588   145   423 W ActivityManager: Scheduling restart of crashed service com.google.android.apps.googlevoice/.CallLogService in 5000ms
07-24 05:33:22.588   145   423 W ActivityManager: Scheduling restart of crashed service com.google.android.apps.googlevoice/.UpdateService in 15000ms
07-24 05:33:23.611 16775 16778 D dalvikvm: GC_CONCURRENT freed 486K, 6% free 10403K/11015K, paused 2ms+7ms
07-24 05:33:23.756 16573 16575 D dalvikvm: GC_CONCURRENT freed 695K, 8% free 10181K/10951K, paused 2ms+3ms
07-24 05:33:26.850  6099  6604 I EventLogService: Aggregate from 1343120606680 (log), 1343120606680 (data)
07-24 05:33:27.650   145   162 I ActivityManager: Start proc com.google.android.apps.googlevoice for service com.google.android.apps.googlevoice/.CallLogService: pid=16811 uid=10054 gids={3003, 1015}
07-24 05:33:28.209 16811 16814 D dalvikvm: GC_CONCURRENT freed 264K, 4% free 9270K/9607K, paused 13ms+2ms
07-24 05:33:37.779   145   326 D CountryDetector: The first listener is added
07-24 05:33:37.881 16811 16814 D dalvikvm: GC_CONCURRENT freed 374K, 5% free 9414K/9863K, paused 2ms+2ms
07-24 05:33:37.881 16811 16820 W CursorWrapperInner: Cursor finalized without prior close()
07-24 05:33:37.881 16811 16820 W CursorWrapperInner: Cursor finalized without prior close()
07-24 05:33:37.881 16811 16820 W CursorWrapperInner: Cursor finalized without prior close()
07-24 05:33:38.189 16555 16557 D dalvikvm: GC_CONCURRENT freed 334K, 5% free 9681K/10119K, paused 2ms+5ms
07-24 05:33:38.264 16811 16814 D dalvikvm: GC_CONCURRENT freed 362K, 5% free 9609K/10055K, paused 2ms+3ms
07-24 05:33:38.412   145   430 I ActivityManager: Process com.android.sprintmenu (pid 15950) has died.
07-24 05:33:38.412   145   430 W ActivityManager: Scheduling restart of crashed service com.android.sprintmenu/.HiddenPhoneService in 5000ms
07-24 05:33:38.521   145   379 D dalvikvm: GC_EXPLICIT freed 590K, 17% free 16214K/19399K, paused 7ms+6ms
07-24 05:33:38.701 16555 16557 D dalvikvm: GC_CONCURRENT freed 370K, 5% free 9869K/10311K, paused 2ms+4ms
07-24 05:33:43.490   145   162 I ActivityManager: Start proc com.android.sprintmenu for service com.android.sprintmenu/.HiddenPhoneService: pid=16836 uid=1001 gids={3002, 3001, 3003, 1015}
07-24 05:33:43.549   145   145 I ActivityManager: Process com.facebook.orca (pid 15909) has died.
07-24 05:33:43.549   145   145 W ActivityManager: Scheduling restart of crashed service com.facebook.orca/.push.mqtt.MqttPushService in 5000ms
07-24 05:33:48.631   145   162 I ActivityManager: Start proc com.facebook.orca for service com.facebook.orca/.push.mqtt.MqttPushService: pid=16852 uid=10062 gids={3003, 1015, 1006}
07-24 05:33:48.654 16852 16852 I dalvikvm: Turning on JNI app bug workarounds for target SDK version 10...
07-24 05:33:48.670    79    79 D dalvikvm: GC_EXPLICIT freed 38K, 4% free 9031K/9347K, paused 1ms+4ms
07-24 05:33:48.705    79    79 D dalvikvm: GC_EXPLICIT freed <1K, 4% free 9031K/9347K, paused 2ms+2ms
07-24 05:33:48.748    79    79 D dalvikvm: GC_EXPLICIT freed <1K, 4% free 9031K/9347K, paused 2ms+5ms
07-24 05:33:48.842 16852 16852 I ActivityThread: Pub com.facebook.orca.notify.MessengerLoggedInUserProvider: com.facebook.orca.notify.MessengerLoggedInUserProvider
07-24 05:33:48.869 16852 16852 I ActivityThread: Pub com.facebook.orca.notify.MessengerForegroundProvider: com.facebook.orca.notify.MessengerForegroundProvider
07-24 05:33:48.885 16852 16852 V orca:OrcaApplication: Forcing initialization of AsyncTask
07-24 05:33:49.049 16852 16854 D dalvikvm: GC_CONCURRENT freed 230K, 4% free 9305K/9607K, paused 8ms+2ms
07-24 05:33:49.064 16852 16852 I Finalizer: Couldn't access Thread.inheritableThreadLocals. Reference finalizer threads will inherit thread local values.
07-24 05:33:49.205 16852 16854 D dalvikvm: GC_CONCURRENT freed 370K, 6% free 9427K/9927K, paused 2ms+3ms
07-24 05:33:49.338 16852 16852 W OrcaGuiceModule: Sig: ijxLJi1yGs1JpL-X1SExmchvork
07-24 05:33:49.439 16852 16854 D dalvikvm: GC_CONCURRENT freed 320K, 4% free 9663K/10055K, paused 2ms+7ms
07-24 05:33:49.978 16852 16867 W Resources: Converting to string: TypedValue{t=0x10/d=0xffffffff a=-1}
07-24 05:33:50.111 16852 16854 D dalvikvm: GC_CONCURRENT freed 327K, 4% free 9847K/10247K, paused 2ms+3ms
07-24 05:33:50.213 16852 16852 D ACRA    : Retrieve application default SharedPreferences.
07-24 05:33:50.213 16852 16852 D ACRA    : Set OnSharedPreferenceChangeListener.
07-24 05:33:50.236 16852 16852 D ACRA    : ACRA is enabled for com.facebook.orca, intializing...
07-24 05:33:50.287 16852 16854 D dalvikvm: GC_CONCURRENT freed 288K, 4% free 10077K/10439K, paused 8ms+3ms
07-24 05:33:50.295 16852 16852 D ACRA    : Looking for error files in /data/data/com.facebook.orca/app_acra-reports
07-24 05:33:50.318 16852 16867 D dalvikvm: GC_FOR_ALLOC freed 115K, 5% free 10162K/10631K, paused 20ms
07-24 05:33:50.377 16852 16867 D dalvikvm: GC_FOR_ALLOC freed 232K, 6% free 10188K/10759K, paused 20ms
07-24 05:33:50.412 16852 16867 D dalvikvm: GC_FOR_ALLOC freed 93K, 5% free 10263K/10759K, paused 19ms
07-24 05:33:50.471 16852 16867 D dalvikvm: GC_FOR_ALLOC freed 194K, 6% free 10284K/10887K, paused 35ms
07-24 05:33:50.607 16852 16854 D dalvikvm: GC_CONCURRENT freed 359K, 5% free 10436K/10887K, paused 2ms+3ms
07-24 05:33:50.764 16852 16854 D dalvikvm: GC_CONCURRENT freed 173K, 3% free 10834K/11079K, paused 2ms+3ms
07-24 05:33:50.916 16852 16854 D dalvikvm: GC_CONCURRENT freed 321K, 4% free 11134K/11527K, paused 2ms+3ms
07-24 05:33:51.424   145   379 I ActivityManager: Process com.google.android.gm (pid 16650) has died.
07-24 05:33:51.510 16852 16854 D dalvikvm: GC_CONCURRENT freed 584K, 6% free 11225K/11911K, paused 2ms+3ms
07-24 05:34:24.139 16775 16778 D dalvikvm: GC_CONCURRENT freed 458K, 6% free 10384K/11015K, paused 2ms+5ms
07-24 05:34:24.213 16573 16575 D dalvikvm: GC_CONCURRENT freed 575K, 8% free 10116K/10951K, paused 3ms+3ms
07-24 05:34:33.799 15933 15946 I PhoneLab-: Service Running
07-24 05:34:33.861   145   156 I ActivityManager: Process edu.buffalo.cse.phonelab.phonelabservices (pid 15933) has died.
07-24 05:34:33.861   145   156 W ActivityManager: Scheduling restart of crashed service edu.buffalo.cse.phonelab.phonelabservices/edu.buffalo.cse.phonelab.datalogger.LoggerService in 5000ms
07-24 05:34:38.932   145   162 I ActivityManager: Start proc edu.buffalo.cse.phonelab.phonelabservices for service edu.buffalo.cse.phonelab.phonelabservices/edu.buffalo.cse.phonelab.datalogger.LoggerService: pid=16879 uid=10037 gids={3003, 1015, 1007, 2001}
07-24 05:34:38.982 16879 16879 I PhoneLab-LoggerService: Start Logger Service
07-24 05:34:39.021 16879 16892 I PhoneLab-: Service Running
07-24 05:34:39.103 16879 16892 I PhoneLab-LoggerService: app_37    1300  1     1440   1000  c00f181c 400107b4 S logcat
07-24 05:34:39.103 16879 16892 I PhoneLab-LoggerService: Logcat pid from database 1300
07-24 05:34:39.107 16879 16892 I PhoneLab-LoggerService: Logcat process found 1300
07-24 05:34:39.107 16879 16892 I PhoneLab-LoggerService: Checking Threshold
07-24 05:35:24.178 16573 16575 D dalvikvm: GC_CONCURRENT freed 391K, 8% free 10115K/10951K, paused 1ms+2ms
07-24 05:35:40.115   145   199 D DhcpInfoInternal: makeLinkProperties with empty dns2!
07-24 05:35:40.115   145   199 D DhcpInfoInternal: makeLinkProperties with empty dns2!
07-24 05:35:55.986   145   172 I power   : *** set_screen_state 0
07-24 05:35:56.049    78   121 D SurfaceFlinger: About to give-up screen, flinger = 0x749918
07-24 05:35:56.525   145   176 V TransportControlView: Create TCV com.android.internal.widget.TransportControlView@4133dc30
07-24 05:35:56.603   145   176 I ActivityManager: Start proc com.google.android.gsf.login for service com.google.android.gsf.login/com.google.android.gsf.loginservice.GoogleLoginService: pid=16922 uid=10009 gids={3003, 1015, 1007, 2001, 3006}
07-24 05:35:56.607   215   215 D PhoneStatusBar: disable: < expand icons alerts ticker system_info back home RECENT* clock >
07-24 05:35:56.631   145   161 W ActivityManager: Activity pause timeout for ActivityRecord{4133e048 com.android.chrome/com.google.android.apps.chrome.Main}
07-24 05:35:56.885   145   176 D android.widget.GridLayout: horizontal constraints: x1 - x0 > 234, x2 - x1 > 96, x3 - x2 > 300, x3 - x0 < 480 are inconsistent; permanently removing: x3 - x0 < 480. 
07-24 05:35:56.889   145   181 I InputReader: Reconfiguring input devices.  changes=0x00000004
07-24 05:35:56.889   145   181 I InputReader: Device reconfigured: id=7, name='mxt224_ts_input', surface size is now 480x800, mode is 1
07-24 05:35:56.896   145   161 I Process : Sending signal. PID: 9919 SIG: 3
07-24 05:35:56.900  9919  9924 I dalvikvm: threadid=3: reacting to signal 3
07-24 05:35:56.955  9919  9924 I dalvikvm: Wrote stack traces to '/data/anr/traces.txt'
07-24 05:35:56.990   145   176 I ActivityManager: Config changed: {0.85 310mcc120mnc en_US layoutdir=0 sw320dp w320dp h508dp nrml long port finger -keyb/v/h -nav/h s.17}
07-24 05:35:57.002   342   342 D SAN_SERVICE: *******************************************
07-24 05:35:57.002   342   342 D SAN_SERVICE: DM App Phone Service State - 0
07-24 05:35:57.002   342   342 D SAN_SERVICE: *******************************************
07-24 05:35:57.131   342   342 D SAN_SERVICE: *******************************************
07-24 05:35:57.131   342   342 D SAN_SERVICE: DM App Phone Service State - 0
07-24 05:35:57.131   342   342 D SAN_SERVICE: *******************************************
07-24 05:35:57.217   145   176 I power   : *** set_screen_state 1
07-24 05:35:57.228   145   356 W InputManagerService: Focus gain on non-focused client com.android.internal.view.IInputMethodClient$Stub$Proxy@418b0c50 (uid=10089 pid=9919)
07-24 05:35:57.369   145   176 V TransportControlView: Create TCV com.android.internal.widget.TransportControlView@4133ef90
07-24 05:35:57.416    78   121 D SurfaceFlinger: Screen about to return, flinger = 0x749918
07-24 05:35:57.436  9919  9919 D OpenGLRenderer: Flushing caches (mode 0)
07-24 05:35:57.545   321   323 D dalvikvm: GC_CONCURRENT freed 499K, 20% free 10046K/12487K, paused 7ms+17ms
07-24 05:35:57.588   215   215 D PhoneStatusBar: disable: < expand icons alerts ticker system_info BACK* HOME* RECENT CLOCK* >
07-24 05:35:57.693   215   217 D dalvikvm: GC_CONCURRENT freed 599K, 31% free 9929K/14215K, paused 8ms+5ms
07-24 05:35:57.721  9919  9966 W chromium: [WARNING:sync_notifier_impl_android.cc(70)] Could not get invalidation model type; invalidating enabled types: Bookmarks, Typed URLs, Encryption keys, Sessions
07-24 05:35:57.732   145   161 I Process : Sending signal. PID: 9919 SIG: 3
07-24 05:35:57.732  9919  9924 I dalvikvm: threadid=3: reacting to signal 3
07-24 05:35:57.740   145   176 I WindowManager: Lock screen displayed!
07-24 05:35:57.768  9919  9924 I dalvikvm: Wrote stack traces to '/data/anr/traces.txt'
07-24 05:35:57.893  9919  9919 D dalvikvm: GC_FOR_ALLOC freed 240K, 18% free 12220K/14727K, paused 66ms
07-24 05:35:57.896  9919  9919 I dalvikvm-heap: Grow heap (frag case) to 13.131MB for 1184016-byte allocation
07-24 05:35:57.951  9919  9928 D dalvikvm: GC_FOR_ALLOC freed 22K, 10% free 13354K/14727K, paused 44ms
07-24 05:35:58.127  9919  9922 D dalvikvm: GC_CONCURRENT freed 2K, 10% free 13352K/14727K, paused 2ms+20ms
07-24 05:35:58.232   145   161 I Process : Sending signal. PID: 9919 SIG: 3
07-24 05:35:58.232  9919  9924 I dalvikvm: threadid=3: reacting to signal 3
07-24 05:35:58.268  9919  9924 I dalvikvm: Wrote stack traces to '/data/anr/traces.txt'
07-24 05:35:58.342  9919  9919 D NetworkConnectivityReceiver: Network connectivity changed, status is: true
07-24 05:35:58.732   145   161 I Process : Sending signal. PID: 9919 SIG: 3
07-24 05:35:58.732  9919  9924 I dalvikvm: threadid=3: reacting to signal 3
07-24 05:35:58.779  9919  9924 I dalvikvm: Wrote stack traces to '/data/anr/traces.txt'
07-24 05:35:58.963   145   181 I InputReader: Dropping virtual key from device cypress-touchkey because virtual keys are temporarily disabled for the next 243.567ms.  keyCode=4, scanCode=158
07-24 05:35:59.221   145   172 I power   : *** set_screen_state 0
07-24 05:35:59.256   145   181 I InputReader: Dropping key up from device cypress-touchkey because the key was not down.  keyCode=4, scanCode=158
07-24 05:35:59.264    78   121 D SurfaceFlinger: About to give-up screen, flinger = 0x749918
07-24 05:35:59.307   145   147 D dalvikvm: GC_CONCURRENT freed 910K, 13% free 17005K/19399K, paused 13ms+15ms
07-24 05:35:59.518   145   176 D dalvikvm: GC_FOR_ALLOC freed 131K, 11% free 17366K/19399K, paused 95ms
07-24 05:35:59.631   145   176 D dalvikvm: GC_FOR_ALLOC freed 21K, 11% free 17468K/19527K, paused 88ms
07-24 05:35:59.717   145   176 D dalvikvm: GC_FOR_ALLOC freed 3K, 11% free 17568K/19655K, paused 85ms
07-24 05:35:59.717   145   176 I dalvikvm-heap: Grow heap (frag case) to 17.331MB for 104992-byte allocation
07-24 05:35:59.857   145   145 D dalvikvm: GC_FOR_ALLOC freed <1K, 11% free 17671K/19783K, paused 119ms
07-24 05:35:59.861   145   176 V TransportControlView: Create TCV com.android.internal.widget.TransportControlView@4133dc30
07-24 05:36:00.893   145   176 I power   : *** set_screen_state 1
07-24 05:36:00.967  9919  9966 W chromium: [WARNING:sync_notifier_impl_android.cc(70)] Could not get invalidation model type; invalidating enabled types: Bookmarks, Typed URLs, Encryption keys, Sessions
07-24 05:36:00.998  9919  9919 D NetworkConnectivityReceiver: Network connectivity changed, status is: true
07-24 05:36:01.037   145   176 I WindowManager: Lock screen displayed!
07-24 05:36:01.111    78   121 D SurfaceFlinger: Screen about to return, flinger = 0x749918
07-24 05:36:02.584   145   172 I power   : *** set_screen_state 0
07-24 05:36:02.627    78   121 D SurfaceFlinger: About to give-up screen, flinger = 0x749918
07-24 05:36:02.686   145   173 D dalvikvm: GC_FOR_ALLOC freed 996K, 15% free 16934K/19783K, paused 64ms
07-24 05:36:02.799   145   176 V TransportControlView: Create TCV com.android.internal.widget.TransportControlView@41906ee8
07-24 05:36:06.635   342   342 D SAN_SERVICE: *******************************************
07-24 05:36:06.635   342   342 D SAN_SERVICE: DM App Phone Service State - 0
07-24 05:36:06.635   342   342 D SAN_SERVICE: *******************************************
07-24 05:36:24.139 16775 16778 D dalvikvm: GC_CONCURRENT freed 505K, 6% free 10390K/11015K, paused 2ms+2ms
07-24 05:36:24.260 16573 16575 D dalvikvm: GC_CONCURRENT freed 392K, 8% free 10115K/10951K, paused 1ms+2ms
07-24 05:36:39.025 16879 16892 I PhoneLab-: Service Running
07-24 05:36:39.135 16879 16892 I PhoneLab-LoggerService: app_37    1300  1     1440   1000  c00f181c 400107b4 S logcat
07-24 05:36:39.135 16879 16892 I PhoneLab-LoggerService: Logcat pid from database 1300
07-24 05:36:39.135 16879 16892 I PhoneLab-LoggerService: Logcat process found 1300
07-24 05:36:39.135 16879 16892 I PhoneLab-LoggerService: Checking Threshold
07-24 05:36:54.576  9919 16954 W AndroidResourcesFactory: [chromesync#-577763198] Not running on internal thread since resources not started 53259, RegSyncHeartbeat:com.google.ipc.invalidation.ticl.RecurringTask$1@4185b888
07-24 05:36:57.811   342   342 D SAN_SERVICE: *******************************************
07-24 05:36:57.811   342   342 D SAN_SERVICE: DM App Phone Service State - 0
07-24 05:36:57.811   342   342 D SAN_SERVICE: *******************************************
07-24 05:36:58.615   342   342 D SAN_SERVICE: *******************************************
07-24 05:36:58.615   342   342 D SAN_SERVICE: DM App Phone Service State - 0
07-24 05:36:58.615   342   342 D SAN_SERVICE: *******************************************
07-24 05:36:58.662   342   345 D dalvikvm: GC_CONCURRENT freed 391K, 7% free 9464K/10119K, paused 24ms+2ms
07-24 05:37:06.260  9919 16945 W AndroidResourcesFactory: [chromesync#-577763198] Not running on internal thread since resources not started 67235, RegSyncHeartbeat:com.google.ipc.invalidation.ticl.RecurringTask$1@413bd7c8
07-24 05:37:09.725   342   342 D SAN_SERVICE: *******************************************
07-24 05:37:09.725   342   342 D SAN_SERVICE: DM App Phone Service State - 0
07-24 05:37:09.725   342   342 D SAN_SERVICE: *******************************************
07-24 05:37:10.506   342   342 D SAN_SERVICE: *******************************************
07-24 05:37:10.506   342   342 D SAN_SERVICE: DM App Phone Service State - 0
07-24 05:37:10.506   342   342 D SAN_SERVICE: *******************************************
07-24 05:37:24.248   145   326 D dalvikvm: GC_EXPLICIT freed 760K, 14% free 17085K/19783K, paused 3ms+6ms
07-24 05:37:49.045   342   342 D SAN_SERVICE: *******************************************
07-24 05:37:49.049   342   342 D SAN_SERVICE: DM App Phone Service State - 0
07-24 05:37:49.049   342   342 D SAN_SERVICE: *******************************************
07-24 05:37:49.518   342   342 D SAN_SERVICE: *******************************************
07-24 05:37:49.518   342   342 D SAN_SERVICE: DM App Phone Service State - 0
07-24 05:37:49.518   342   342 D SAN_SERVICE: *******************************************
07-24 05:38:00.951   342   342 D SAN_SERVICE: *******************************************
07-24 05:38:00.955   342   342 D SAN_SERVICE: DM App Phone Service State - 0
07-24 05:38:00.955   342   342 D SAN_SERVICE: *******************************************
07-24 05:38:01.209   342   342 D SAN_SERVICE: *******************************************
07-24 05:38:01.209   342   342 D SAN_SERVICE: DM App Phone Service State - 0
07-24 05:38:01.209   342   342 D SAN_SERVICE: *******************************************
07-24 05:38:05.021   145   199 D DhcpInfoInternal: makeLinkProperties with empty dns2!
07-24 05:38:05.033   145   199 D DhcpInfoInternal: makeLinkProperties with empty dns2!
07-24 05:38:24.260 16775 16778 D dalvikvm: GC_CONCURRENT freed 505K, 6% free 10397K/11015K, paused 1ms+2ms
07-24 05:38:24.350 16573 16575 D dalvikvm: GC_CONCURRENT freed 487K, 8% free 10120K/10951K, paused 2ms+9ms
07-24 05:38:39.025 16879 16892 I PhoneLab-: Service Running
07-24 05:38:39.088 16879 16892 I PhoneLab-LoggerService: app_37    1300  1     1440   1000  c00f181c 400107b4 S logcat
07-24 05:38:39.092 16879 16892 I PhoneLab-LoggerService: Logcat pid from database 1300
07-24 05:38:39.092 16879 16892 I PhoneLab-LoggerService: Logcat process found 1300
07-24 05:38:39.092 16879 16892 I PhoneLab-LoggerService: Checking Threshold
07-24 05:39:05.807   342   342 D SAN_SERVICE: *******************************************
07-24 05:39:05.807   342   342 D SAN_SERVICE: DM App Phone Service State - 0
07-24 05:39:05.807   342   342 D SAN_SERVICE: *******************************************
07-24 05:39:06.064   342   342 D SAN_SERVICE: *******************************************
07-24 05:39:06.064   342   342 D SAN_SERVICE: DM App Phone Service State - 0
07-24 05:39:06.064   342   342 D SAN_SERVICE: *******************************************
07-24 05:39:06.564   342   342 D SAN_SERVICE: *******************************************
07-24 05:39:06.564   342   342 D SAN_SERVICE: DM App Phone Service State - 0
07-24 05:39:06.568   342   342 D SAN_SERVICE: *******************************************
07-24 05:39:24.330 16573 16573 D dalvikvm: GC_EXPLICIT freed 319K, 9% free 10070K/10951K, paused 1ms+3ms
07-24 05:39:43.295 16534 16536 D dalvikvm: GC_CONCURRENT freed 613K, 7% free 11490K/12231K, paused 6ms+3ms
07-24 05:39:54.021   145   174 I ActivityManager: Start proc com.google.android.gm for service com.google.android.gm/.provider.MailIndexerService: pid=16988 uid=10075 gids={3003, 1015}
07-24 05:39:54.271 16988 16988 I ActivityThread: Pub gmail-ls: com.google.android.gm.provider.MailProvider
07-24 05:39:54.326 16988 16988 I ActivityThread: Pub com.google.android.gm: com.google.android.gm.provider.PublicContentProvider
07-24 05:39:54.338 16988 16988 I ActivityThread: Pub com.google.android.gmail.SuggestionProvider: com.google.android.gm.SuggestionsProvider
07-24 05:39:54.732 16988 16990 D dalvikvm: GC_CONCURRENT freed 206K, 3% free 9264K/9543K, paused 2ms+2ms
07-24 05:39:54.963 16988 17006 I Gmail   : calculateUnknownSyncRationalesAndPurgeInBackground: queueing
07-24 05:39:54.971 16988 17006 I Gmail   : calculateUnknownSyncRationalesAndPurgeInBackground: queueing
07-24 05:39:55.010 16988 16990 D dalvikvm: GC_CONCURRENT freed 257K, 4% free 9409K/9799K, paused 3ms+2ms
07-24 05:39:55.041 16988 17006 I Gmail   : calculateUnknownSyncRationalesAndPurgeInBackground: running
07-24 05:39:55.041 16988 17006 I Gmail   : calculateUnknownSyncRationalesAndPurgeInBackground: running
07-24 05:40:17.436   342   342 D SAN_SERVICE: *******************************************
07-24 05:40:17.436   342   342 D SAN_SERVICE: DM App Phone Service State - 0
07-24 05:40:17.436   342   342 D SAN_SERVICE: *******************************************
07-24 05:40:17.990   342   342 D SAN_SERVICE: *******************************************
07-24 05:40:17.990   342   342 D SAN_SERVICE: DM App Phone Service State - 0
07-24 05:40:17.994   342   342 D SAN_SERVICE: *******************************************
07-24 05:40:24.318 16775 16778 D dalvikvm: GC_CONCURRENT freed 509K, 6% free 10400K/11015K, paused 2ms+2ms
07-24 05:40:24.400 16573 16575 D dalvikvm: GC_CONCURRENT freed 452K, 8% free 10111K/10951K, paused 3ms+2ms
07-24 05:40:29.877   145   199 D DhcpInfoInternal: makeLinkProperties with empty dns2!
07-24 05:40:29.877   145   199 D DhcpInfoInternal: makeLinkProperties with empty dns2!
07-24 05:40:39.025 16879 16892 I PhoneLab-: Service Running
07-24 05:40:39.119 16879 16892 I PhoneLab-LoggerService: app_37    1300  1     1440   1000  c00f181c 400107b4 S logcat
07-24 05:40:39.119 16879 16892 I PhoneLab-LoggerService: Logcat pid from database 1300
07-24 05:40:39.119 16879 16892 I PhoneLab-LoggerService: Logcat process found 1300
07-24 05:40:39.123 16879 16892 I PhoneLab-LoggerService: Checking Threshold
07-24 05:41:03.611   342   342 D SAN_SERVICE: *******************************************
07-24 05:41:03.611   342   342 D SAN_SERVICE: DM App Phone Service State - 0
07-24 05:41:03.611   342   342 D SAN_SERVICE: *******************************************
07-24 05:41:15.506   342   342 D SAN_SERVICE: *******************************************
07-24 05:41:15.506   342   342 D SAN_SERVICE: DM App Phone Service State - 0
07-24 05:41:15.506   342   342 D SAN_SERVICE: *******************************************
07-24 05:41:16.271   342   342 D SAN_SERVICE: *******************************************
07-24 05:41:16.271   342   342 D SAN_SERVICE: DM App Phone Service State - 0
07-24 05:41:16.271   342   342 D SAN_SERVICE: *******************************************
07-24 05:41:24.104   342   342 D SAN_SERVICE: *******************************************
07-24 05:41:24.104   342   342 D SAN_SERVICE: DM App Phone Service State - 0
07-24 05:41:24.104   342   342 D SAN_SERVICE: *******************************************
07-24 05:41:24.514 16573 16575 D dalvikvm: GC_CONCURRENT freed 453K, 8% free 10170K/10951K, paused 2ms+29ms
07-24 05:41:24.635 16573 16575 D dalvikvm: GC_CONCURRENT freed 455K, 8% free 10168K/10951K, paused 2ms+2ms
07-24 05:42:24.467 16775 16778 D dalvikvm: GC_CONCURRENT freed 505K, 6% free 10407K/11015K, paused 6ms+2ms
07-24 05:42:24.576 16573 16575 D dalvikvm: GC_CONCURRENT freed 471K, 7% free 10209K/10951K, paused 1ms+2ms
07-24 05:42:39.025 16879 16892 I PhoneLab-: Service Running
07-24 05:42:39.111 16879 16892 I PhoneLab-LoggerService: app_37    1300  1     1440   1000  c00f181c 400107b4 S logcat
07-24 05:42:39.111 16879 16892 I PhoneLab-LoggerService: Logcat pid from database 1300
07-24 05:42:39.111 16879 16892 I PhoneLab-LoggerService: Logcat process found 1300
07-24 05:42:39.111 16879 16892 I PhoneLab-LoggerService: Checking Threshold
07-24 05:42:45.979   342   342 D SAN_SERVICE: *******************************************
07-24 05:42:45.979   342   342 D SAN_SERVICE: DM App Phone Service State - 0
07-24 05:42:45.979   342   342 D SAN_SERVICE: *******************************************
07-24 05:42:46.205   342   342 D SAN_SERVICE: *******************************************
07-24 05:42:46.205   342   342 D SAN_SERVICE: DM App Phone Service State - 0
07-24 05:42:46.205   342   342 D SAN_SERVICE: *******************************************
07-24 05:42:46.713   342   342 D SAN_SERVICE: *******************************************
07-24 05:42:46.713   342   342 D SAN_SERVICE: DM App Phone Service State - 0
07-24 05:42:46.713   342   342 D SAN_SERVICE: *******************************************
07-24 05:42:46.877   342   342 D SAN_SERVICE: *******************************************
07-24 05:42:46.877   342   342 D SAN_SERVICE: DM App Phone Service State - 0
07-24 05:42:46.877   342   342 D SAN_SERVICE: *******************************************
07-24 05:42:54.557   145   199 D DhcpInfoInternal: makeLinkProperties with empty dns2!
07-24 05:42:54.557   145   199 D DhcpInfoInternal: makeLinkProperties with empty dns2!
07-24 05:43:18.416   342   342 D SAN_SERVICE: *******************************************
07-24 05:43:18.416   342   342 D SAN_SERVICE: DM App Phone Service State - 0
07-24 05:43:18.416   342   342 D SAN_SERVICE: *******************************************
07-24 05:43:24.604 16573 16575 D dalvikvm: GC_CONCURRENT freed 584K, 8% free 10136K/10951K, paused 1ms+3ms
07-24 05:44:23.314 16775 16778 D dalvikvm: GC_CONCURRENT freed 395K, 6% free 10405K/11015K, paused 1ms+2ms
07-24 05:44:24.693 16573 16575 D dalvikvm: GC_CONCURRENT freed 432K, 8% free 10173K/10951K, paused 2ms+2ms
07-24 05:44:28.311   342   342 D SAN_SERVICE: *******************************************
07-24 05:44:28.311   342   342 D SAN_SERVICE: DM App Phone Service State - 0
07-24 05:44:28.311   342   342 D SAN_SERVICE: *******************************************
07-24 05:44:29.135   342   342 D SAN_SERVICE: *******************************************
07-24 05:44:29.135   342   342 D SAN_SERVICE: DM App Phone Service State - 0
07-24 05:44:29.135   342   342 D SAN_SERVICE: *******************************************
07-24 05:44:39.025 16879 16892 I PhoneLab-: Service Running
07-24 05:44:39.119 16879 16892 I PhoneLab-LoggerService: app_37    1300  1     1440   1000  c00f181c 400107b4 S logcat
07-24 05:44:39.119 16879 16892 I PhoneLab-LoggerService: Logcat pid from database 1300
07-24 05:44:39.119 16879 16892 I PhoneLab-LoggerService: Logcat process found 1300
07-24 05:44:39.123 16879 16892 I PhoneLab-LoggerService: Checking Threshold
07-24 05:44:39.139 16879 16881 D dalvikvm: GC_CONCURRENT freed 401K, 5% free 9067K/9543K, paused 1ms+2ms
07-24 05:44:45.881 16534 17061 I DatabaseHelper: Begin cleanup.
07-24 05:44:46.471 16534 17061 I DatabaseHelper: Cleaned up: 0
07-24 05:44:48.877   342   342 D SAN_SERVICE: *******************************************
07-24 05:44:48.877   342   342 D SAN_SERVICE: DM App Phone Service State - 0
07-24 05:44:48.877   342   342 D SAN_SERVICE: *******************************************
07-24 05:44:48.912   342   345 D dalvikvm: GC_CONCURRENT freed 401K, 7% free 9448K/10119K, paused 5ms+2ms
07-24 05:44:49.076   342   342 D SAN_SERVICE: *******************************************
07-24 05:44:49.080   342   342 D SAN_SERVICE: DM App Phone Service State - 0
07-24 05:44:49.080   342   342 D SAN_SERVICE: *******************************************
07-24 05:45:04.225   342   342 D SAN_SERVICE: *******************************************
07-24 05:45:04.225   342   342 D SAN_SERVICE: DM App Phone Service State - 0
07-24 05:45:04.225   342   342 D SAN_SERVICE: *******************************************
07-24 05:45:04.982   342   342 D SAN_SERVICE: *******************************************
07-24 05:45:04.982   342   342 D SAN_SERVICE: DM App Phone Service State - 0
07-24 05:45:04.982   342   342 D SAN_SERVICE: *******************************************
07-24 05:45:09.279 16879 16879 I PhoneLab-Locks: wake lock acquired
07-24 05:45:09.322 16879 17064 I PhoneLab-PeriodicCheckService: User info is synched
07-24 05:45:09.326 16879 17064 I PhoneLab-PeriodicCheckService: Logger Service is running
07-24 05:45:09.330 16879 16879 I PhoneLab-Locks: wake lock acquired
07-24 05:45:09.334 16879 16879 I PhoneLab-StatusMonitor: Status Monitoring is started
07-24 05:45:09.338 16879 17064 I PhoneLab-Locks: wake lock acquired
07-24 05:45:09.338 16879 17064 I PhoneLab-PeriodicCheckService: Rescheduling periodic checking...
07-24 05:45:09.342 16879 17064 I PhoneLab-Locks: wake lock released
07-24 05:45:09.361 16879 16879 E PhoneLab-PhoneLabManifest: java.io.FileNotFoundException: /data/data/edu.buffalo.cse.phonelab.phonelabservices/files/manifest.xml: open failed: ENOENT (No such file or directory)
07-24 05:45:09.404 16879 16879 I PhoneLab-Locks: wake lock released
07-24 05:45:09.408 16879 16879 I PhoneLab-UploadLogs: Transfering log files now
07-24 05:45:09.408 16879 16879 I PhoneLab-UploadLogs: No log files to transfer
07-24 05:45:09.412 16879 16879 I PhoneLab-Locks: wake lock released
07-24 05:45:09.412 16879 16879 I PhoneLab-UploadLogs: OnStartCommand
07-24 05:45:19.451   145   199 D DhcpInfoInternal: makeLinkProperties with empty dns2!
07-24 05:45:19.455   145   199 D DhcpInfoInternal: makeLinkProperties with empty dns2!
07-24 05:45:21.271   342   342 D SAN_SERVICE: *******************************************
07-24 05:45:21.271   342   342 D SAN_SERVICE: DM App Phone Service State - 0
07-24 05:45:21.271   342   342 D SAN_SERVICE: *******************************************
07-24 05:45:21.787   342   342 D SAN_SERVICE: *******************************************
07-24 05:45:21.787   342   342 D SAN_SERVICE: DM App Phone Service State - 0
07-24 05:45:21.787   342   342 D SAN_SERVICE: *******************************************
07-24 05:45:24.670 16775 16778 D dalvikvm: GC_CONCURRENT freed 500K, 6% free 10416K/11015K, paused 1ms+2ms
07-24 05:45:24.795 16573 16575 D dalvikvm: GC_CONCURRENT freed 461K, 8% free 10146K/10951K, paused 1ms+3ms
07-24 05:46:10.803   342   342 D SAN_SERVICE: *******************************************
07-24 05:46:10.803   342   342 D SAN_SERVICE: DM App Phone Service State - 0
07-24 05:46:10.803   342   342 D SAN_SERVICE: *******************************************
07-24 05:46:11.037   342   342 D SAN_SERVICE: *******************************************
07-24 05:46:11.037   342   342 D SAN_SERVICE: DM App Phone Service State - 0
07-24 05:46:11.037   342   342 D SAN_SERVICE: *******************************************
07-24 05:46:11.533   342   342 D SAN_SERVICE: *******************************************
07-24 05:46:11.533   342   342 D SAN_SERVICE: DM App Phone Service State - 0
07-24 05:46:11.537   342   342 D SAN_SERVICE: *******************************************
07-24 05:46:26.135   342   342 D SAN_SERVICE: *******************************************
07-24 05:46:26.139   342   342 D SAN_SERVICE: DM App Phone Service State - 0
07-24 05:46:26.139   342   342 D SAN_SERVICE: *******************************************
07-24 05:46:26.404   145  1303 D dalvikvm: GC_EXPLICIT freed 1492K, 13% free 17222K/19783K, paused 21ms+7ms
07-24 05:46:26.459   342   342 D SAN_SERVICE: *******************************************
07-24 05:46:26.459   342   342 D SAN_SERVICE: DM App Phone Service State - 0
07-24 05:46:26.459   342   342 D SAN_SERVICE: *******************************************
07-24 05:46:26.881   342   342 D SAN_SERVICE: *******************************************
07-24 05:46:26.881   342   342 D SAN_SERVICE: DM App Phone Service State - 0
07-24 05:46:26.881   342   342 D SAN_SERVICE: *******************************************
07-24 05:46:39.025 16879 16892 I PhoneLab-: Service Running
07-24 05:46:39.111 16879 16892 I PhoneLab-LoggerService: app_37    1300  1     1440   1000  c00f181c 400107b4 S logcat
07-24 05:46:39.111 16879 16892 I PhoneLab-LoggerService: Logcat pid from database 1300
07-24 05:46:39.111 16879 16892 I PhoneLab-LoggerService: Logcat process found 1300
07-24 05:46:39.111 16879 16892 I PhoneLab-LoggerService: Checking Threshold
07-24 05:47:24.732 16775 16778 D dalvikvm: GC_CONCURRENT freed 508K, 6% free 10419K/11015K, paused 2ms+3ms
07-24 05:47:24.822 16573 16575 D dalvikvm: GC_CONCURRENT freed 497K, 8% free 10155K/10951K, paused 2ms+2ms
07-24 05:47:44.123   145   199 D DhcpInfoInternal: makeLinkProperties with empty dns2!
07-24 05:47:44.123   145   199 D DhcpInfoInternal: makeLinkProperties with empty dns2!
07-24 05:47:48.088   342   342 D SAN_SERVICE: *******************************************
07-24 05:47:48.088   342   342 D SAN_SERVICE: DM App Phone Service State - 0
07-24 05:47:48.088   342   342 D SAN_SERVICE: *******************************************
07-24 05:48:03.416   342   342 D SAN_SERVICE: *******************************************
07-24 05:48:03.416   342   342 D SAN_SERVICE: DM App Phone Service State - 0
07-24 05:48:03.416   342   342 D SAN_SERVICE: *******************************************
07-24 05:48:03.666   342   342 D SAN_SERVICE: *******************************************
07-24 05:48:03.666   342   342 D SAN_SERVICE: DM App Phone Service State - 0
07-24 05:48:03.666   342   342 D SAN_SERVICE: *******************************************
07-24 05:48:04.166   342   342 D SAN_SERVICE: *******************************************
07-24 05:48:04.166   342   342 D SAN_SERVICE: DM App Phone Service State - 0
07-24 05:48:04.166   342   342 D SAN_SERVICE: *******************************************
07-24 05:48:24.822  6099  6102 D dalvikvm: GC_CONCURRENT freed 435K, 6% free 10324K/10887K, paused 24ms+3ms
07-24 05:48:24.920 16573 16575 D dalvikvm: GC_CONCURRENT freed 512K, 8% free 10154K/10951K, paused 2ms+2ms
07-24 05:48:24.998 16775 16778 D dalvikvm: GC_CONCURRENT freed 419K, 5% free 10504K/11015K, paused 1ms+2ms
07-24 05:48:39.025 16879 16892 I PhoneLab-: Service Running
07-24 05:48:39.119 16879 16892 I PhoneLab-LoggerService: app_37    1300  1     1440   1000  c00f181c 400107b4 S logcat
07-24 05:48:39.119 16879 16892 I PhoneLab-LoggerService: Logcat pid from database 1300
07-24 05:48:39.119 16879 16892 I PhoneLab-LoggerService: Logcat process found 1300
07-24 05:48:39.119 16879 16892 I PhoneLab-LoggerService: Checking Threshold
07-24 05:48:46.123   342   342 D SAN_SERVICE: *******************************************
07-24 05:48:46.123   342   342 D SAN_SERVICE: DM App Phone Service State - 0
07-24 05:48:46.123   342   342 D SAN_SERVICE: *******************************************
07-24 05:48:46.162 16775 16778 D dalvikvm: GC_CONCURRENT freed 382K, 5% free 10564K/11079K, paused 5ms+2ms
07-24 05:48:54.678   342   342 D SAN_SERVICE: *******************************************
07-24 05:48:54.678   342   342 D SAN_SERVICE: DM App Phone Service State - 0
07-24 05:48:54.678   342   342 D SAN_SERVICE: *******************************************
07-24 05:48:55.150   342   342 D SAN_SERVICE: *******************************************
07-24 05:48:55.150   342   342 D SAN_SERVICE: DM App Phone Service State - 0
07-24 05:48:55.150   342   342 D SAN_SERVICE: *******************************************
07-24 05:49:04.033  9919  9977 W AndroidResourcesFactory: [chromesync#-577763198] Not running on internal thread since resources not started 1145620, Heartbeat:com.google.ipc.invalidation.ticl.RecurringTask$1@415288a0
07-24 05:49:04.932   342   342 D SAN_SERVICE: *******************************************
07-24 05:49:04.932   342   342 D SAN_SERVICE: DM App Phone Service State - 0
07-24 05:49:04.936   342   342 D SAN_SERVICE: *******************************************
07-24 05:49:24.936 16573 16575 D dalvikvm: GC_CONCURRENT freed 433K, 7% free 10233K/10951K, paused 1ms+2ms
07-24 05:49:40.729   342   342 D SAN_SERVICE: *******************************************
07-24 05:49:40.729   342   342 D SAN_SERVICE: DM App Phone Service State - 0
07-24 05:49:40.729   342   342 D SAN_SERVICE: *******************************************
07-24 05:49:41.197   342   342 D SAN_SERVICE: *******************************************
07-24 05:49:41.201   342   342 D SAN_SERVICE: DM App Phone Service State - 0
07-24 05:49:41.201   342   342 D SAN_SERVICE: *******************************************
07-24 05:49:46.771 16534 16536 D dalvikvm: GC_CONCURRENT freed 736K, 8% free 11491K/12359K, paused 10ms+7ms
07-24 05:49:58.932  9919 16954 W AndroidResourcesFactory: [chromesync#-577763198] Not running on internal thread since resources not started 837691, InvClient.sendInfoMessageAfterPersistentRead:com.google.ipc.invalidation.ticl.InvalidationClientImpl$1@41701338
07-24 05:49:58.932  9919 16945 W AndroidResourcesFactory: [chromesync#-577763198] Not running on internal thread since resources not started 839962, InvClient.sendInfoMessageAfterPersistentRead:com.google.ipc.invalidation.ticl.InvalidationClientImpl$1@418557e0
07-24 05:50:09.014   145   199 D DhcpInfoInternal: makeLinkProperties with empty dns2!
07-24 05:50:09.018   145   199 D DhcpInfoInternal: makeLinkProperties with empty dns2!
07-24 05:50:24.959 16775 16778 D dalvikvm: GC_CONCURRENT freed 525K, 6% free 10561K/11207K, paused 2ms+2ms
07-24 05:50:25.021 16573 16575 D dalvikvm: GC_CONCURRENT freed 534K, 8% free 10142K/10951K, paused 2ms+2ms
07-24 05:50:26.822   342   342 D SAN_SERVICE: *******************************************
07-24 05:50:26.822   342   342 D SAN_SERVICE: DM App Phone Service State - 0
07-24 05:50:26.822   342   342 D SAN_SERVICE: *******************************************
07-24 05:50:39.025 16879 16892 I PhoneLab-: Service Running
07-24 05:50:39.100 16879 16892 I PhoneLab-LoggerService: app_37    1300  1     1440   1000  c00f181c 400107b4 S logcat
07-24 05:50:39.100 16879 16892 I PhoneLab-LoggerService: Logcat pid from database 1300
07-24 05:50:39.100 16879 16892 I PhoneLab-LoggerService: Logcat process found 1300
07-24 05:50:39.100 16879 16892 I PhoneLab-LoggerService: Checking Threshold
07-24 05:50:42.162   342   342 D SAN_SERVICE: *******************************************
07-24 05:50:42.162   342   342 D SAN_SERVICE: DM App Phone Service State - 0
07-24 05:50:42.162   342   342 D SAN_SERVICE: *******************************************
07-24 05:50:42.193   342   345 D dalvikvm: GC_CONCURRENT freed 386K, 7% free 9447K/10119K, paused 2ms+2ms
07-24 05:50:42.885   342   342 D SAN_SERVICE: *******************************************
07-24 05:50:42.885   342   342 D SAN_SERVICE: DM App Phone Service State - 0
07-24 05:50:42.885   342   342 D SAN_SERVICE: *******************************************
07-24 05:51:25.033 16573 16575 D dalvikvm: GC_CONCURRENT freed 416K, 8% free 10134K/10951K, paused 2ms+2ms
07-24 05:51:58.994   342   342 D SAN_SERVICE: *******************************************
07-24 05:51:58.994   342   342 D SAN_SERVICE: DM App Phone Service State - 0
07-24 05:51:58.998   342   342 D SAN_SERVICE: *******************************************
07-24 05:51:59.467   342   342 D SAN_SERVICE: *******************************************
07-24 05:51:59.467   342   342 D SAN_SERVICE: DM App Phone Service State - 0
07-24 05:51:59.467   342   342 D SAN_SERVICE: *******************************************
07-24 05:52:09.244   342   342 D SAN_SERVICE: *******************************************
07-24 05:52:09.244   342   342 D SAN_SERVICE: DM App Phone Service State - 0
07-24 05:52:09.244   342   342 D SAN_SERVICE: *******************************************
07-24 05:52:19.475   342   342 D SAN_SERVICE: *******************************************
07-24 05:52:19.475   342   342 D SAN_SERVICE: DM App Phone Service State - 0
07-24 05:52:19.475   342   342 D SAN_SERVICE: *******************************************
07-24 05:52:25.018 16775 16778 D dalvikvm: GC_CONCURRENT freed 509K, 6% free 10565K/11207K, paused 1ms+2ms
07-24 05:52:25.174 16573 16575 D dalvikvm: GC_CONCURRENT freed 389K, 8% free 10146K/10951K, paused 2ms+6ms
07-24 05:52:25.295 16573 16575 D dalvikvm: GC_CONCURRENT freed 169K, 6% free 10369K/10951K, paused 2ms+5ms
07-24 05:52:33.689   145   199 D DhcpInfoInternal: makeLinkProperties with empty dns2!
07-24 05:52:33.693   145   199 D DhcpInfoInternal: makeLinkProperties with empty dns2!
07-24 05:52:39.025 16879 16892 I PhoneLab-: Service Running
07-24 05:52:39.111 16879 16892 I PhoneLab-LoggerService: app_37    1300  1     1440   1000  c00f181c 400107b4 S logcat
07-24 05:52:39.111 16879 16892 I PhoneLab-LoggerService: Logcat pid from database 1300
07-24 05:52:39.111 16879 16892 I PhoneLab-LoggerService: Logcat process found 1300
07-24 05:52:39.111 16879 16892 I PhoneLab-LoggerService: Checking Threshold
07-24 05:52:39.939   342   342 D SAN_SERVICE: *******************************************
07-24 05:52:39.939   342   342 D SAN_SERVICE: DM App Phone Service State - 0
07-24 05:52:39.939   342   342 D SAN_SERVICE: *******************************************
07-24 05:52:40.170   342   342 D SAN_SERVICE: *******************************************
07-24 05:52:40.170   342   342 D SAN_SERVICE: DM App Phone Service State - 0
07-24 05:52:40.170   342   342 D SAN_SERVICE: *******************************************
07-24 05:52:40.420   342   342 D SAN_SERVICE: *******************************************
07-24 05:52:40.420   342   342 D SAN_SERVICE: DM App Phone Service State - 0
07-24 05:52:40.420   342   342 D SAN_SERVICE: *******************************************
07-24 05:53:15.768   342   342 D SAN_SERVICE: *******************************************
07-24 05:53:15.768   342   342 D SAN_SERVICE: DM App Phone Service State - 0
07-24 05:53:15.768   342   342 D SAN_SERVICE: *******************************************
07-24 05:53:16.021   342   342 D SAN_SERVICE: *******************************************
07-24 05:53:16.021   342   342 D SAN_SERVICE: DM App Phone Service State - 0
07-24 05:53:16.021   342   342 D SAN_SERVICE: *******************************************
07-24 05:53:16.268   342   342 D SAN_SERVICE: *******************************************
07-24 05:53:16.268   342   342 D SAN_SERVICE: DM App Phone Service State - 0
07-24 05:53:16.268   342   342 D SAN_SERVICE: *******************************************
07-24 05:53:25.115 16573 16575 D dalvikvm: GC_CONCURRENT freed 694K, 7% free 10248K/11015K, paused 2ms+2ms
07-24 05:54:25.080 16775 16778 D dalvikvm: GC_CONCURRENT freed 506K, 6% free 10571K/11207K, paused 1ms+2ms
07-24 05:54:25.154 16573 17169 D dalvikvm: GC_FOR_ALLOC freed 343K, 8% free 10161K/11015K, paused 18ms
07-24 05:54:39.025 16879 16892 I PhoneLab-: Service Running
07-24 05:54:39.088 16879 16892 I PhoneLab-LoggerService: app_37    1300  1     1440   1000  c00f181c 400107b4 S logcat
07-24 05:54:39.092 16879 16892 I PhoneLab-LoggerService: Logcat pid from database 1300
07-24 05:54:39.092 16879 16892 I PhoneLab-LoggerService: Logcat process found 1300
07-24 05:54:39.092 16879 16892 I PhoneLab-LoggerService: Checking Threshold
07-24 05:54:42.779   342   342 D SAN_SERVICE: *******************************************
07-24 05:54:42.779   342   342 D SAN_SERVICE: DM App Phone Service State - 0
07-24 05:54:42.779   342   342 D SAN_SERVICE: *******************************************
07-24 05:54:43.029   342   342 D SAN_SERVICE: *******************************************
07-24 05:54:43.029   342   342 D SAN_SERVICE: DM App Phone Service State - 0
07-24 05:54:43.029   342   342 D SAN_SERVICE: *******************************************
07-24 05:54:43.529   342   342 D SAN_SERVICE: *******************************************
07-24 05:54:43.529   342   342 D SAN_SERVICE: DM App Phone Service State - 0
07-24 05:54:43.529   342   342 D SAN_SERVICE: *******************************************
07-24 05:54:54.076 16988 17173 W Gmail   : Successful index run, cancel next scheduled index run
07-24 05:54:58.584   145   199 D DhcpInfoInternal: makeLinkProperties with empty dns2!
07-24 05:54:58.588   145   199 D DhcpInfoInternal: makeLinkProperties with empty dns2!
07-24 05:55:18.639   342   342 D SAN_SERVICE: *******************************************
07-24 05:55:18.643   342   342 D SAN_SERVICE: DM App Phone Service State - 0
07-24 05:55:18.643   342   342 D SAN_SERVICE: *******************************************
07-24 05:55:19.131   342   342 D SAN_SERVICE: *******************************************
07-24 05:55:19.131   342   342 D SAN_SERVICE: DM App Phone Service State - 0
07-24 05:55:19.131   342   342 D SAN_SERVICE: *******************************************
07-24 05:55:25.232 16573 16575 D dalvikvm: GC_CONCURRENT freed 436K, 8% free 10236K/11015K, paused 1ms+2ms
07-24 05:55:25.330 16573 16575 D dalvikvm: GC_CONCURRENT freed 318K, 7% free 10311K/11015K, paused 2ms+2ms
07-24 05:55:28.861   342   342 D SAN_SERVICE: *******************************************
07-24 05:55:28.861   342   342 D SAN_SERVICE: DM App Phone Service State - 0
07-24 05:55:28.861   342   342 D SAN_SERVICE: *******************************************
07-24 05:56:25.154   342   342 D SAN_SERVICE: *******************************************
07-24 05:56:25.154   342   342 D SAN_SERVICE: DM App Phone Service State - 0
07-24 05:56:25.154   342   342 D SAN_SERVICE: *******************************************
07-24 05:56:25.205 16775 16778 D dalvikvm: GC_CONCURRENT freed 514K, 6% free 10574K/11207K, paused 1ms+3ms
07-24 05:56:25.314 16573 16575 D dalvikvm: GC_CONCURRENT freed 584K, 8% free 10235K/11015K, paused 1ms+2ms
07-24 05:56:25.385   342   342 D SAN_SERVICE: *******************************************
07-24 05:56:25.385   342   342 D SAN_SERVICE: DM App Phone Service State - 0
07-24 05:56:25.385   342   342 D SAN_SERVICE: *******************************************
07-24 05:56:35.443   342   342 D SAN_SERVICE: *******************************************
07-24 05:56:35.443   342   342 D SAN_SERVICE: DM App Phone Service State - 0
07-24 05:56:35.447   342   342 D SAN_SERVICE: *******************************************
07-24 05:56:39.021 16879 16892 I PhoneLab-: Service Running
07-24 05:56:39.111 16879 16892 I PhoneLab-LoggerService: app_37    1300  1     1440   1000  c00f181c 400107b4 S logcat
07-24 05:56:39.111 16879 16892 I PhoneLab-LoggerService: Logcat pid from database 1300
07-24 05:56:39.111 16879 16892 I PhoneLab-LoggerService: Logcat process found 1300
07-24 05:56:39.111 16879 16892 I PhoneLab-LoggerService: Checking Threshold
07-24 05:57:08.385  9919 16954 W AndroidResourcesFactory: [chromesync#-577763198] Not running on internal thread since resources not started 1267145, Heartbeat:com.google.ipc.invalidation.ticl.RecurringTask$1@4185b810
07-24 05:57:23.467   145   199 D DhcpInfoInternal: makeLinkProperties with empty dns2!
07-24 05:57:23.471   145   199 D DhcpInfoInternal: makeLinkProperties with empty dns2!
07-24 05:57:25.314   145   378 D dalvikvm: JIT code cache reset in 4 ms (1048548 bytes 7/0)
07-24 05:57:25.338   145   378 D dalvikvm: GC_EXPLICIT freed 1365K, 13% free 17246K/19783K, paused 3ms+13ms
07-24 05:57:25.432 16573 16575 D dalvikvm: GC_CONCURRENT freed 492K, 8% free 10160K/11015K, paused 1ms+2ms
07-24 05:57:54.193  9919 16945 W AndroidResourcesFactory: [chromesync#-577763198] Not running on internal thread since resources not started 1315228, Heartbeat:com.google.ipc.invalidation.ticl.RecurringTask$1@41499f88
07-24 05:58:25.314 16775 16778 D dalvikvm: GC_CONCURRENT freed 516K, 6% free 10575K/11207K, paused 2ms+3ms
07-24 05:58:25.447 16573 16575 D dalvikvm: GC_CONCURRENT freed 453K, 8% free 10179K/11015K, paused 1ms+2ms
07-24 05:58:28.811   342   342 D SAN_SERVICE: *******************************************
07-24 05:58:28.811   342   342 D SAN_SERVICE: DM App Phone Service State - 0
07-24 05:58:28.811   342   342 D SAN_SERVICE: *******************************************
07-24 05:58:28.854   342   342 D SAN_SERVICE: *******************************************
07-24 05:58:28.854   342   342 D SAN_SERVICE: DM App Phone Service State - 0
07-24 05:58:28.854   342   342 D SAN_SERVICE: *******************************************
07-24 05:58:39.021 16879 16892 I PhoneLab-: Service Running
07-24 05:58:39.135 16879 16881 D dalvikvm: GC_CONCURRENT freed 376K, 6% free 9102K/9607K, paused 2ms+5ms
07-24 05:58:39.143 16879 16892 I PhoneLab-LoggerService: app_37    1300  1     1440   1000  c00f181c 400107b4 S logcat
07-24 05:58:39.143 16879 16892 I PhoneLab-LoggerService: Logcat pid from database 1300
07-24 05:58:39.143 16879 16892 I PhoneLab-LoggerService: Logcat process found 1300
07-24 05:58:39.143 16879 16892 I PhoneLab-LoggerService: Checking Threshold
07-24 05:59:04.467   342   342 D SAN_SERVICE: *******************************************
07-24 05:59:04.467   342   342 D SAN_SERVICE: DM App Phone Service State - 0
07-24 05:59:04.467   342   342 D SAN_SERVICE: *******************************************
07-24 05:59:04.588   342   342 D SAN_SERVICE: *******************************************
07-24 05:59:04.588   342   342 D SAN_SERVICE: DM App Phone Service State - 0
07-24 05:59:04.588   342   342 D SAN_SERVICE: *******************************************
07-24 05:59:04.611   342   345 D dalvikvm: GC_CONCURRENT freed 393K, 7% free 9446K/10119K, paused 6ms+2ms
07-24 05:59:25.479 16573 16575 D dalvikvm: GC_CONCURRENT freed 454K, 8% free 10169K/11015K, paused 2ms+2ms
07-24 05:59:48.354   145   199 D DhcpInfoInternal: makeLinkProperties with empty dns2!
07-24 05:59:48.357   145   199 D DhcpInfoInternal: makeLinkProperties with empty dns2!
07-24 05:59:50.154 16534 16536 D dalvikvm: GC_CONCURRENT freed 683K, 7% free 11571K/12359K, paused 14ms+2ms
07-24 06:00:05.396   342   342 D SAN_SERVICE: *******************************************
07-24 06:00:05.396   342   342 D SAN_SERVICE: DM App Phone Service State - 0
07-24 06:00:05.396   342   342 D SAN_SERVICE: *******************************************
07-24 06:00:05.635   342   342 D SAN_SERVICE: *******************************************
07-24 06:00:05.635   342   342 D SAN_SERVICE: DM App Phone Service State - 0
07-24 06:00:05.635   342   342 D SAN_SERVICE: *******************************************
07-24 06:00:18.553   145   161 V BackupManagerService: Running a backup pass
07-24 06:00:18.561   145   214 V BackupManagerService: Backup requested but nothing pending
07-24 06:00:25.451 16775 16778 D dalvikvm: GC_CONCURRENT freed 520K, 6% free 10572K/11207K, paused 1ms+3ms
07-24 06:00:39.025 16879 16892 I PhoneLab-: Service Running
07-24 06:00:39.088 16879 16892 I PhoneLab-LoggerService: app_37    1300  1     1440   1000  c00f181c 400107b4 S logcat
07-24 06:00:39.092 16879 16892 I PhoneLab-LoggerService: Logcat pid from database 1300
07-24 06:00:39.092 16879 16892 I PhoneLab-LoggerService: Logcat process found 1300
07-24 06:00:39.092 16879 16892 I PhoneLab-LoggerService: Checking Threshold
07-24 06:01:25.521 16573 16575 D dalvikvm: GC_CONCURRENT freed 455K, 8% free 10210K/11015K, paused 2ms+3ms
07-24 06:01:43.123   342   342 D SAN_SERVICE: *******************************************
07-24 06:01:43.123   342   342 D SAN_SERVICE: DM App Phone Service State - 0
07-24 06:01:43.123   342   342 D SAN_SERVICE: *******************************************
07-24 06:01:43.178   342   342 D SAN_SERVICE: *******************************************
07-24 06:01:43.178   342   342 D SAN_SERVICE: DM App Phone Service State - 0
07-24 06:01:43.178   342   342 D SAN_SERVICE: *******************************************
07-24 06:02:13.021   145   199 D DhcpInfoInternal: makeLinkProperties with empty dns2!
07-24 06:02:13.021   145   199 D DhcpInfoInternal: makeLinkProperties with empty dns2!
07-24 06:02:25.521 16775 16778 D dalvikvm: GC_CONCURRENT freed 518K, 6% free 10570K/11207K, paused 2ms+2ms
07-24 06:02:25.623 16573 16575 D dalvikvm: GC_CONCURRENT freed 500K, 8% free 10221K/11015K, paused 1ms+3ms
07-24 06:02:39.025 16879 16892 I PhoneLab-: Service Running
07-24 06:02:39.088 16879 16892 I PhoneLab-LoggerService: app_37    1300  1     1440   1000  c00f181c 400107b4 S logcat
07-24 06:02:39.088 16879 16892 I PhoneLab-LoggerService: Logcat pid from database 1300
07-24 06:02:39.088 16879 16892 I PhoneLab-LoggerService: Logcat process found 1300
07-24 06:02:39.088 16879 16892 I PhoneLab-LoggerService: Checking Threshold
07-24 06:02:49.428   342   342 D SAN_SERVICE: *******************************************
07-24 06:02:49.428   342   342 D SAN_SERVICE: DM App Phone Service State - 0
07-24 06:02:49.428   342   342 D SAN_SERVICE: *******************************************
07-24 06:02:49.705   342   342 D SAN_SERVICE: *******************************************
07-24 06:02:49.705   342   342 D SAN_SERVICE: DM App Phone Service State - 0
07-24 06:02:49.705   342   342 D SAN_SERVICE: *******************************************
07-24 06:02:59.475   342   342 D SAN_SERVICE: *******************************************
07-24 06:02:59.475   342   342 D SAN_SERVICE: DM App Phone Service State - 0
07-24 06:02:59.475   342   342 D SAN_SERVICE: *******************************************
07-24 06:03:00.197   342   342 D SAN_SERVICE: *******************************************
07-24 06:03:00.201   342   342 D SAN_SERVICE: DM App Phone Service State - 0
07-24 06:03:00.201   342   342 D SAN_SERVICE: *******************************************
07-24 06:03:25.627  6099  6111 D dalvikvm: GC_EXPLICIT freed 302K, 6% free 10301K/10887K, paused 2ms+4ms
07-24 06:03:25.713 16573 16575 D dalvikvm: GC_CONCURRENT freed 525K, 8% free 10207K/11015K, paused 1ms+3ms
07-24 06:03:27.041  6099  6708 I EventLogService: Aggregate from 1343122406854 (log), 1343122406854 (data)
07-24 06:03:27.076 16775 16778 D dalvikvm: GC_CONCURRENT freed 393K, 6% free 10567K/11207K, paused 7ms+2ms
07-24 06:04:25.666 16573 16573 D dalvikvm: GC_EXPLICIT freed 153K, 9% free 10117K/11015K, paused 2ms+2ms
07-24 06:04:37.701   145   199 D DhcpInfoInternal: makeLinkProperties with empty dns2!
07-24 06:04:37.705   145   199 D DhcpInfoInternal: makeLinkProperties with empty dns2!
07-24 06:04:39.025 16879 16892 I PhoneLab-: Service Running
07-24 06:04:39.100 16879 16892 I PhoneLab-LoggerService: app_37    1300  1     1440   1000  c00f181c 400107b4 S logcat
07-24 06:04:39.100 16879 16892 I PhoneLab-LoggerService: Logcat pid from database 1300
07-24 06:04:39.100 16879 16892 I PhoneLab-LoggerService: Logcat process found 1300
07-24 06:04:39.100 16879 16892 I PhoneLab-LoggerService: Checking Threshold
07-24 06:04:47.217   342   342 D SAN_SERVICE: *******************************************
07-24 06:04:47.217   342   342 D SAN_SERVICE: DM App Phone Service State - 0
07-24 06:04:47.217   342   342 D SAN_SERVICE: *******************************************
07-24 06:04:47.486   342   342 D SAN_SERVICE: *******************************************
07-24 06:04:47.490   342   342 D SAN_SERVICE: DM App Phone Service State - 0
07-24 06:04:47.490   342   342 D SAN_SERVICE: *******************************************
07-24 06:04:53.455 16534 16536 D dalvikvm: GC_CONCURRENT freed 705K, 7% free 11663K/12487K, paused 8ms+3ms
07-24 06:05:25.771 16573 16575 D dalvikvm: GC_CONCURRENT freed 411K, 8% free 10185K/11015K, paused 2ms+2ms
07-24 06:05:25.803 16775 16778 D dalvikvm: GC_CONCURRENT freed 507K, 6% free 10574K/11207K, paused 2ms+13ms
07-24 06:05:27.979   342   342 D SAN_SERVICE: *******************************************
07-24 06:05:27.979   342   342 D SAN_SERVICE: DM App Phone Service State - 0
07-24 06:05:27.982   342   342 D SAN_SERVICE: *******************************************
07-24 06:05:28.682   342   342 D SAN_SERVICE: *******************************************
07-24 06:05:28.682   342   342 D SAN_SERVICE: DM App Phone Service State - 0
07-24 06:05:28.682   342   342 D SAN_SERVICE: *******************************************
07-24 06:05:48.443   342   342 D SAN_SERVICE: *******************************************
07-24 06:05:48.443   342   342 D SAN_SERVICE: DM App Phone Service State - 0
07-24 06:05:48.443   342   342 D SAN_SERVICE: *******************************************
07-24 06:05:48.920   342   342 D SAN_SERVICE: *******************************************
07-24 06:05:48.920   342   342 D SAN_SERVICE: DM App Phone Service State - 0
07-24 06:05:48.920   342   342 D SAN_SERVICE: *******************************************
07-24 06:06:25.814 16573 16575 D dalvikvm: GC_CONCURRENT freed 524K, 8% free 10172K/11015K, paused 2ms+2ms
07-24 06:06:39.025 16879 16892 I PhoneLab-: Service Running
07-24 06:06:39.111 16879 16892 I PhoneLab-LoggerService: app_37    1300  1     1440   1000  c00f181c 400107b4 S logcat
07-24 06:06:39.111 16879 16892 I PhoneLab-LoggerService: Logcat pid from database 1300
07-24 06:06:39.111 16879 16892 I PhoneLab-LoggerService: Logcat process found 1300
07-24 06:06:39.111 16879 16892 I PhoneLab-LoggerService: Checking Threshold
07-24 06:07:02.381   145   199 D DhcpInfoInternal: makeLinkProperties with empty dns2!
07-24 06:07:02.381   145   199 D DhcpInfoInternal: makeLinkProperties with empty dns2!
07-24 06:07:06.072   145  1302 W ActivityManager: finishReceiver called but no pending broadcasts
07-24 06:07:06.143 16775 16778 D dalvikvm: GC_CONCURRENT freed 404K, 5% free 10687K/11207K, paused 2ms+3ms
07-24 06:07:11.385   145  1302 D dalvikvm: GC_EXPLICIT freed 1230K, 13% free 17217K/19783K, paused 3ms+8ms
07-24 06:07:14.959   145   145 W ActivityManager: finishReceiver called but no pending broadcasts
07-24 06:07:15.021 16775 16778 D dalvikvm: GC_CONCURRENT freed 551K, 6% free 10706K/11335K, paused 2ms+3ms
07-24 06:07:23.791   145   157 W ActivityManager: finishReceiver called but no pending broadcasts
07-24 06:07:23.861 16775 16778 D dalvikvm: GC_CONCURRENT freed 587K, 6% free 10735K/11399K, paused 1ms+3ms
07-24 06:07:25.877 16775 16778 D dalvikvm: GC_CONCURRENT freed 709K, 8% free 10586K/11399K, paused 2ms+2ms
07-24 06:07:25.928 16573 16575 D dalvikvm: GC_CONCURRENT freed 442K, 8% free 10242K/11015K, paused 2ms+3ms
07-24 06:07:59.131   145   169 I ActivityManager: Start proc com.google.android.apps.currents for service com.google.android.apps.currents/com.google.apps.dots.android.app.service.SyncService: pid=17329 uid=10078 gids={3003, 1015}
07-24 06:07:59.471 17329 17329 I ActivityThread: Pub com.google.apps.dots.android.app.provider.SuggestionProvider: com.google.apps.dots.android.app.provider.SuggestionProvider
07-24 06:07:59.482 17329 17329 I ActivityThread: Pub com.google.android.apps.currents.exported: com.google.apps.dots.android.app.provider.ExportedContentProvider
07-24 06:07:59.557 17329 17332 D dalvikvm: GC_CONCURRENT freed 165K, 3% free 9370K/9607K, paused 2ms+2ms
07-24 06:07:59.615 17329 17332 D dalvikvm: GC_CONCURRENT freed 261K, 5% free 9585K/9991K, paused 2ms+2ms
07-24 06:07:59.740 17329 17332 D dalvikvm: GC_CONCURRENT freed 232K, 4% free 9844K/10183K, paused 1ms+3ms
07-24 06:07:59.873 17329 17332 D dalvikvm: GC_CONCURRENT freed 236K, 4% free 10075K/10439K, paused 2ms+3ms
07-24 06:07:59.924 17329 17329 I DotsContentUris: content://com.google.android.apps.currents
07-24 06:07:59.932 17329 17329 I ActivityThread: Pub com.google.android.apps.currents: com.google.apps.dots.android.app.provider.DotsContentProvider
07-24 06:07:59.943 17329 17329 I DotsApplication: Starting up...
07-24 06:08:00.236 17329 17332 D dalvikvm: GC_CONCURRENT freed 420K, 5% free 10135K/10631K, paused 4ms+2ms
07-24 06:08:00.525 17329 17332 D dalvikvm: GC_CONCURRENT freed 300K, 4% free 10340K/10759K, paused 6ms+4ms
07-24 06:08:00.541 17329 17351 I SyncService: Starting sync (06:08:00)
07-24 06:08:01.068   145   423 I ActivityManager: Process com.google.android.apps.maps:NetworkLocationService (pid 16775) has died.
07-24 06:08:01.068   145   423 W ActivityManager: Scheduling restart of crashed service com.google.android.apps.maps/com.google.android.location.internal.server.NetworkLocationService in 5000ms
07-24 06:08:01.678   145   161 I Process : Sending signal. PID: 9919 SIG: 3
07-24 06:08:01.678  9919  9924 I dalvikvm: threadid=3: reacting to signal 3
07-24 06:08:01.896  9919  9924 I dalvikvm: Wrote stack traces to '/data/anr/traces.txt'
07-24 06:08:01.920  9919  9966 W chromium: [WARNING:sync_notifier_impl_android.cc(70)] Could not get invalidation model type; invalidating enabled types: Bookmarks, Typed URLs, Encryption keys, Sessions
07-24 06:08:02.506   145   421 I ActivityManager: Process com.google.android.apps.maps:FriendService (pid 16796) has died.
07-24 06:08:02.682  9919  9966 W chromium: [WARNING:sync_notifier_impl_android.cc(70)] Could not get invalidation model type; invalidating enabled types: Bookmarks, Typed URLs, Encryption keys, Sessions
07-24 06:08:03.377 17329 17332 D dalvikvm: GC_CONCURRENT freed 289K, 4% free 10470K/10887K, paused 2ms+2ms
07-24 06:08:04.096 17329 17332 D dalvikvm: GC_CONCURRENT freed 228K, 4% free 10666K/11015K, paused 2ms+4ms
07-24 06:08:04.201 17329 17332 D dalvikvm: GC_CONCURRENT freed 494K, 6% free 10659K/11335K, paused 2ms+5ms
07-24 06:08:04.377 17329 17332 D dalvikvm: GC_CONCURRENT freed 386K, 6% free 10692K/11335K, paused 3ms+7ms
07-24 06:08:04.818 17329 17332 D dalvikvm: GC_CONCURRENT freed 360K, 6% free 10765K/11335K, paused 2ms+3ms
07-24 06:08:06.354   145   162 I ActivityManager: Start proc com.google.android.apps.maps:NetworkLocationService for service com.google.android.apps.maps/com.google.android.location.internal.server.NetworkLocationService: pid=17359 uid=10056 gids={3003, 1015}
07-24 06:08:06.912 17359 17361 D dalvikvm: GC_CONCURRENT freed 163K, 3% free 9372K/9607K, paused 2ms+2ms
07-24 06:08:07.014   145   423 D SyncManager: setSyncAutomatically: , provider com.google.android.apps.currents -> true
07-24 06:08:07.014   145   423 D SyncManager: setSyncAutomatically: already set to true, doing nothing
07-24 06:08:07.096  9919  9919 D SyncSetupManager: setState: sync = true, wantedSyncState = true
07-24 06:08:07.100  9919  9919 D SyncSetupManager: Enabling sync
07-24 06:08:07.529 17329 17332 D dalvikvm: GC_CONCURRENT freed 497K, 6% free 10778K/11399K, paused 7ms+4ms
07-24 06:08:07.596 17359 17361 D dalvikvm: GC_CONCURRENT freed 156K, 3% free 9677K/9927K, paused 6ms+2ms
07-24 06:08:07.740 17329 17332 D dalvikvm: GC_CONCURRENT freed 229K, 4% free 11037K/11463K, paused 3ms+2ms
07-24 06:08:08.189 17329 17332 D dalvikvm: GC_CONCURRENT freed 272K, 4% free 11355K/11719K, paused 2ms+2ms
07-24 06:08:08.229 17359 17361 D dalvikvm: GC_CONCURRENT freed 177K, 3% free 10062K/10311K, paused 2ms+3ms
07-24 06:08:08.404 17359 17361 D dalvikvm: GC_CONCURRENT freed 661K, 8% free 9887K/10631K, paused 2ms+2ms
07-24 06:08:08.494   145   162 I ActivityManager: Start proc com.google.android.apps.maps:FriendService for broadcast com.google.android.apps.maps/com.google.googlenav.friend.android.ServiceReceiver: pid=17382 uid=10056 gids={3003, 1015}
07-24 06:08:08.643 17382 17385 D dalvikvm: GC_CONCURRENT freed 166K, 3% free 9370K/9607K, paused 2ms+2ms
07-24 06:08:08.740   145   356 I ActivityManager: Process com.google.android.apps.googlevoice (pid 16811) has died.
07-24 06:08:08.740   145   356 W ActivityManager: Scheduling restart of crashed service com.google.android.apps.googlevoice/.CallLogService in 5000ms
07-24 06:08:08.740   145   356 W ActivityManager: Scheduling restart of crashed service com.google.android.apps.googlevoice/.UpdateService in 14999ms
07-24 06:08:08.795  9919  9966 W chromium: [WARNING:sync_notifier_impl_android.cc(70)] Could not get invalidation model type; invalidating enabled types: Bookmarks, Typed URLs, Encryption keys, Sessions
07-24 06:08:08.846 17382 17385 D dalvikvm: GC_CONCURRENT freed 209K, 4% free 9687K/9991K, paused 11ms+17ms
07-24 06:08:09.217   145   363 I ActivityManager: Process android.process.acore (pid 16555) has died.
07-24 06:08:09.225   145   379 D CountryDetector: No listener is left
07-24 06:08:09.271  9919  9966 W chromium: [WARNING:sync_notifier_impl_android.cc(70)] Could not get invalidation model type; invalidating enabled types: Bookmarks, Typed URLs, Encryption keys, Sessions
07-24 06:08:09.502 17359 17366 I dalvikvm: Total arena pages for JIT: 11
07-24 06:08:09.510 17359 17366 I dalvikvm: Total arena pages for JIT: 12
07-24 06:08:09.510 17359 17366 I dalvikvm: Total arena pages for JIT: 13
07-24 06:08:09.510 17359 17366 I dalvikvm: Total arena pages for JIT: 14
07-24 06:08:09.510 17359 17366 I dalvikvm: Total arena pages for JIT: 15
07-24 06:08:09.510 17359 17366 I dalvikvm: Total arena pages for JIT: 16
07-24 06:08:09.514 17359 17366 I dalvikvm: Total arena pages for JIT: 17
07-24 06:08:09.604 17359 17366 I dalvikvm: Total arena pages for JIT: 18
07-24 06:08:09.713 17359 17361 D dalvikvm: GC_CONCURRENT freed 212K, 5% free 10178K/10631K, paused 2ms+3ms
07-24 06:08:10.076   145   430 D dalvikvm: GC_EXPLICIT freed 1393K, 15% free 16968K/19783K, paused 11ms+6ms
07-24 06:08:10.240 17359 17361 D dalvikvm: GC_CONCURRENT freed 296K, 4% free 10360K/10759K, paused 2ms+2ms
07-24 06:08:10.584 17359 17361 D dalvikvm: GC_CONCURRENT freed 413K, 5% free 10358K/10887K, paused 2ms+2ms
07-24 06:08:10.713 17329 17332 D dalvikvm: GC_CONCURRENT freed 716K, 7% free 11336K/12167K, paused 2ms+3ms
07-24 06:08:11.455 17329 17332 D dalvikvm: GC_CONCURRENT freed 877K, 9% free 11159K/12167K, paused 2ms+30ms
07-24 06:08:11.768 16573 16575 D dalvikvm: GC_CONCURRENT freed 580K, 8% free 10174K/11015K, paused 7ms+2ms
07-24 06:08:12.729 17329 17332 D dalvikvm: GC_CONCURRENT freed 588K, 9% free 11158K/12167K, paused 2ms+3ms
07-24 06:08:12.908 17329 17332 D dalvikvm: GC_CONCURRENT freed 588K, 9% free 11168K/12167K, paused 2ms+3ms
07-24 06:08:13.076 17329 17332 D dalvikvm: GC_CONCURRENT freed 581K, 9% free 11175K/12167K, paused 2ms+3ms
07-24 06:08:13.318 17329 17332 D dalvikvm: GC_CONCURRENT freed 567K, 8% free 11200K/12167K, paused 2ms+4ms
07-24 06:08:13.830   145   162 I ActivityManager: Start proc com.google.android.apps.googlevoice for service com.google.android.apps.googlevoice/.CallLogService: pid=17401 uid=10054 gids={3003, 1015}
07-24 06:08:14.432 17401 17403 D dalvikvm: GC_CONCURRENT freed 239K, 4% free 9296K/9607K, paused 7ms+4ms
07-24 06:08:14.650   145   156 I ActivityManager: Start proc android.process.acore for content provider com.android.providers.contacts/.VoicemailContentProvider: pid=17416 uid=10000 gids={3003, 1015}
07-24 06:08:14.713 17416 17416 I ActivityThread: Pub call_log: com.android.providers.contacts.CallLogProvider
07-24 06:08:14.811 17416 17416 I ActivityThread: Pub com.android.voicemail: com.android.providers.contacts.VoicemailContentProvider
07-24 06:08:14.811 17416 17416 I ActivityThread: Pub user_dictionary: com.android.providers.userdictionary.UserDictionaryProvider
07-24 06:08:14.822 17329 17332 D dalvikvm: GC_CONCURRENT freed 646K, 9% free 11152K/12167K, paused 2ms+8ms
07-24 06:08:14.842 17416 17416 I ActivityThread: Pub com.android.social: com.android.providers.contacts.SocialProvider
07-24 06:08:14.842 17416 17416 I ActivityThread: Pub applications: com.android.providers.applications.ApplicationsProvider
07-24 06:08:15.057 17416 17418 D dalvikvm: GC_CONCURRENT freed 340K, 5% free 9150K/9607K, paused 2ms+5ms
07-24 06:08:15.061 17416 17416 I ActivityThread: Pub contacts;com.android.contacts: com.android.providers.contacts.ContactsProvider2
07-24 06:08:15.096 17329 17332 D dalvikvm: GC_CONCURRENT freed 552K, 9% free 11182K/12167K, paused 5ms+3ms
07-24 06:08:15.400 17329 17332 D dalvikvm: GC_CONCURRENT freed 572K, 8% free 11203K/12167K, paused 21ms+2ms
07-24 06:08:15.932 17416 17418 D dalvikvm: GC_CONCURRENT freed 206K, 4% free 9330K/9671K, paused 2ms+2ms
07-24 06:08:16.006   145   363 I ActivityManager: Process com.google.android.gsf.login (pid 16922) has died.
07-24 06:08:16.486   380   382 D dalvikvm: GC_CONCURRENT freed 961K, 17% free 12256K/14727K, paused 203ms+6ms
07-24 06:08:16.877   145   161 I Process : Sending signal. PID: 9919 SIG: 3
07-24 06:08:16.881  9919  9924 I dalvikvm: threadid=3: reacting to signal 3
07-24 06:08:17.084  9919  9966 W chromium: [WARNING:sync_notifier_impl_android.cc(70)] Could not get invalidation model type; invalidating enabled types: Bookmarks, Typed URLs, Encryption keys, Sessions
07-24 06:08:17.088   145   161 I Process : Sending signal. PID: 9919 SIG: 3
07-24 06:08:17.088  9919  9924 I dalvikvm: Wrote stack traces to '/data/anr/traces.txt'
07-24 06:08:17.088   145   161 W ActivityManager: Activity pause timeout for ActivityRecord{4133e048 com.android.chrome/com.google.android.apps.chrome.Main}
07-24 06:08:17.104  9919  9924 I dalvikvm: threadid=3: reacting to signal 3
07-24 06:08:17.143  9919  9924 I dalvikvm: Wrote stack traces to '/data/anr/traces.txt'
07-24 06:08:17.154   145   161 I Process : Sending signal. PID: 9919 SIG: 3
07-24 06:08:17.154  9919  9924 I dalvikvm: threadid=3: reacting to signal 3
07-24 06:08:17.361   145   379 W ActivityManager: finishReceiver called but no pending broadcasts
07-24 06:08:17.369  9919  9924 I dalvikvm: Wrote stack traces to '/data/anr/traces.txt'
07-24 06:08:17.514   145   338 I ActivityManager: Process com.android.sprintmenu (pid 16836) has died.
07-24 06:08:17.518   145   338 W ActivityManager: Scheduling restart of crashed service com.android.sprintmenu/.HiddenPhoneService in 16224ms
07-24 06:08:17.662   145   161 I Process : Sending signal. PID: 9919 SIG: 3
07-24 06:08:17.662  9919  9924 I dalvikvm: threadid=3: reacting to signal 3
07-24 06:08:17.771  9919  9924 I dalvikvm: Wrote stack traces to '/data/anr/traces.txt'
07-24 06:08:17.783  9919  9966 W chromium: [WARNING:sync_notifier_impl_android.cc(70)] Could not get invalidation model type; invalidating enabled types: Bookmarks, Typed URLs, Encryption keys, Sessions
07-24 06:08:18.100 17359 17361 D dalvikvm: GC_CONCURRENT freed 372K, 5% free 10494K/10951K, paused 91ms+3ms
07-24 06:08:18.205 17416 17418 D dalvikvm: GC_CONCURRENT freed 140K, 3% free 9600K/9863K, paused 61ms+14ms
07-24 06:08:18.572 17359 17361 D dalvikvm: GC_CONCURRENT freed 378K, 5% free 10536K/11015K, paused 2ms+28ms
07-24 06:08:18.748 17329 17332 D dalvikvm: GC_CONCURRENT freed 658K, 9% free 11154K/12167K, paused 2ms+6ms
07-24 06:08:20.381 17329 17332 D dalvikvm: GC_CONCURRENT freed 577K, 9% free 11163K/12167K, paused 5ms+3ms
07-24 06:08:22.299 17329 17332 D dalvikvm: GC_CONCURRENT freed 597K, 9% free 11187K/12167K, paused 3ms+13ms
07-24 06:08:23.104   145   378 I ActivityManager: Process com.facebook.orca (pid 16852) has died.
07-24 06:08:23.104   145   378 W ActivityManager: Scheduling restart of crashed service com.facebook.orca/.push.mqtt.MqttPushService in 20638ms
07-24 06:08:23.564  9919  9966 W chromium: [WARNING:sync_notifier_impl_android.cc(70)] Could not get invalidation model type; invalidating enabled types: Bookmarks, Typed URLs, Encryption keys, Sessions
07-24 06:08:23.736   145   161 I Process : Sending signal. PID: 9919 SIG: 3
07-24 06:08:23.736  9919  9924 I dalvikvm: threadid=3: reacting to signal 3
07-24 06:08:24.236   145   161 I Process : Sending signal. PID: 9919 SIG: 3
07-24 06:08:24.553   145   338 I ActivityManager: Process edu.buffalo.cse.phonelab.phonelabservices (pid 16879) has died.
07-24 06:08:24.553   145   338 W ActivityManager: Scheduling restart of crashed service edu.buffalo.cse.phonelab.phonelabservices/edu.buffalo.cse.phonelab.datalogger.LoggerService in 29187ms
07-24 06:08:24.650   145  1302 D dalvikvm: GC_EXPLICIT freed 983K, 14% free 17123K/19783K, paused 68ms+139ms
07-24 06:08:24.662  9919  9924 I dalvikvm: Wrote stack traces to '/data/anr/traces.txt'
07-24 06:08:24.662  9919  9924 I dalvikvm: threadid=3: reacting to signal 3
07-24 06:08:24.736  9919  9924 I dalvikvm: Wrote stack traces to '/data/anr/traces.txt'
07-24 06:08:24.736   145   161 I Process : Sending signal. PID: 9919 SIG: 3
07-24 06:08:24.736  9919  9924 I dalvikvm: threadid=3: reacting to signal 3
07-24 06:08:24.783  9919  9924 I dalvikvm: Wrote stack traces to '/data/anr/traces.txt'
07-24 06:08:24.799  9919  9966 W chromium: [WARNING:sync_notifier_impl_android.cc(70)] Could not get invalidation model type; invalidating enabled types: Bookmarks, Typed URLs, Encryption keys, Sessions
07-24 06:08:24.865   145   378 D CountryDetector: The first listener is added
07-24 06:08:24.912 17401 17403 D dalvikvm: GC_CONCURRENT freed 404K, 6% free 9405K/9927K, paused 8ms+3ms
07-24 06:08:24.943 17401 17410 W CursorWrapperInner: Cursor finalized without prior close()
07-24 06:08:24.943 17401 17410 W CursorWrapperInner: Cursor finalized without prior close()
07-24 06:08:24.943 17401 17410 W CursorWrapperInner: Cursor finalized without prior close()
07-24 06:08:25.068 17416 17418 D dalvikvm: GC_CONCURRENT freed 575K, 7% free 9592K/10247K, paused 13ms+3ms
07-24 06:08:25.518 17401 17403 D dalvikvm: GC_CONCURRENT freed 301K, 5% free 9525K/9927K, paused 5ms+11ms
07-24 06:08:25.549 17416 17418 D dalvikvm: GC_CONCURRENT freed 327K, 5% free 9742K/10247K, paused 2ms+7ms
07-24 06:08:25.865 17401 17445 D dalvikvm: GC_FOR_ALLOC freed 161K, 5% free 9657K/10119K, paused 38ms
07-24 06:08:25.924 17329 17332 D dalvikvm: GC_CONCURRENT freed 608K, 9% free 11176K/12167K, paused 6ms+29ms
07-24 06:08:26.533 17329 17332 D dalvikvm: GC_CONCURRENT freed 597K, 9% free 11170K/12167K, paused 2ms+3ms
07-24 06:08:26.854 17329 17332 D dalvikvm: GC_CONCURRENT freed 545K, 8% free 11213K/12167K, paused 88ms+3ms
07-24 06:08:26.994 17329 17332 D dalvikvm: GC_CONCURRENT freed 595K, 8% free 11222K/12167K, paused 3ms+2ms
07-24 06:08:27.857 17329 17332 D dalvikvm: GC_CONCURRENT freed 622K, 8% free 11206K/12167K, paused 2ms+3ms
07-24 06:08:27.932 17329 17352 D dalvikvm: GC_FOR_ALLOC freed 366K, 8% free 11235K/12167K, paused 27ms
07-24 06:08:28.053 17329 17332 D dalvikvm: GC_CONCURRENT freed 629K, 8% free 11222K/12167K, paused 2ms+6ms
07-24 06:08:28.326   145   157 W ActivityManager: finishReceiver called but no pending broadcasts
07-24 06:08:28.459 17359 17361 D dalvikvm: GC_CONCURRENT freed 552K, 6% free 10511K/11143K, paused 2ms+2ms
07-24 06:08:28.580 17329 17332 D dalvikvm: GC_CONCURRENT freed 629K, 8% free 11214K/12167K, paused 2ms+2ms
07-24 06:08:28.713 17329 17332 D dalvikvm: GC_CONCURRENT freed 578K, 8% free 11238K/12167K, paused 2ms+2ms
07-24 06:08:30.654 17329 17332 D dalvikvm: GC_CONCURRENT freed 665K, 8% free 11223K/12167K, paused 2ms+2ms
07-24 06:08:31.502 17329 17332 D dalvikvm: GC_CONCURRENT freed 600K, 8% free 11231K/12167K, paused 2ms+3ms
07-24 06:08:32.111 17329 17332 D dalvikvm: GC_CONCURRENT freed 601K, 8% free 11241K/12167K, paused 2ms+3ms
07-24 06:08:32.240 17329 17332 D dalvikvm: GC_CONCURRENT freed 578K, 8% free 11276K/12167K, paused 2ms+2ms
07-24 06:08:32.389 17329 17332 D dalvikvm: GC_CONCURRENT freed 611K, 8% free 11316K/12167K, paused 2ms+2ms
07-24 06:08:33.811   145   162 I ActivityManager: Start proc com.android.sprintmenu for service com.android.sprintmenu/.HiddenPhoneService: pid=17451 uid=1001 gids={3002, 3001, 3003, 1015}
07-24 06:08:33.900 17329 17332 D dalvikvm: GC_CONCURRENT freed 728K, 8% free 11230K/12167K, paused 3ms+3ms
07-24 06:08:34.822 17329 17332 D dalvikvm: GC_CONCURRENT freed 573K, 8% free 11266K/12167K, paused 2ms+3ms
07-24 06:08:34.947 17329 17332 D dalvikvm: GC_CONCURRENT freed 577K, 8% free 11310K/12167K, paused 2ms+3ms
07-24 06:08:35.092 17329 17332 D dalvikvm: GC_CONCURRENT freed 613K, 7% free 11345K/12167K, paused 1ms+3ms
07-24 06:08:35.373 17329 17332 D dalvikvm: GC_CONCURRENT freed 621K, 7% free 11414K/12167K, paused 2ms+3ms
07-24 06:08:35.553   145   156 D dalvikvm: GC_EXPLICIT freed 518K, 15% free 16956K/19783K, paused 2ms+7ms
07-24 06:08:35.635 17329 17352 D dalvikvm: GC_EXPLICIT freed 212K, 6% free 11442K/12167K, paused 8ms+3ms
07-24 06:08:36.678 17329 17332 D dalvikvm: GC_CONCURRENT freed 912K, 9% free 11247K/12295K, paused 2ms+2ms
07-24 06:08:36.807 17329 17332 D dalvikvm: GC_CONCURRENT freed 572K, 9% free 11292K/12295K, paused 2ms+3ms
07-24 06:08:36.951 17329 17332 D dalvikvm: GC_CONCURRENT freed 598K, 8% free 11340K/12295K, paused 2ms+3ms
07-24 06:08:37.080 17329 17332 D dalvikvm: GC_CONCURRENT freed 625K, 8% free 11374K/12295K, paused 2ms+3ms
07-24 06:08:37.139   145   378 W ActivityManager: finishReceiver called but no pending broadcasts
07-24 06:08:37.232 17359 17361 D dalvikvm: GC_CONCURRENT freed 498K, 6% free 10524K/11143K, paused 2ms+4ms
07-24 06:08:37.592 17329 17332 D dalvikvm: GC_CONCURRENT freed 529K, 7% free 11517K/12295K, paused 1ms+3ms
07-24 06:08:38.436 17329 17332 D dalvikvm: GC_CONCURRENT freed 949K, 9% free 11295K/12359K, paused 3ms+3ms
07-24 06:08:38.572 17329 17332 D dalvikvm: GC_CONCURRENT freed 656K, 9% free 11307K/12359K, paused 2ms+3ms
07-24 06:08:38.689 17329 17332 D dalvikvm: GC_CONCURRENT freed 606K, 9% free 11344K/12359K, paused 2ms+2ms
07-24 06:08:38.963   145   378 D dalvikvm: GC_EXPLICIT freed 331K, 15% free 16948K/19783K, paused 2ms+6ms
07-24 06:08:39.041 17329 17332 D dalvikvm: GC_CONCURRENT freed 522K, 8% free 11484K/12359K, paused 2ms+3ms
07-24 06:08:40.846 17329 17332 D dalvikvm: GC_CONCURRENT freed 913K, 9% free 11329K/12359K, paused 2ms+2ms
07-24 06:08:40.963 17329 17332 D dalvikvm: GC_CONCURRENT freed 627K, 9% free 11353K/12359K, paused 2ms+2ms
07-24 06:08:41.025 17329 17352 D dalvikvm: GC_FOR_ALLOC freed 245K, 8% free 11394K/12359K, paused 24ms
07-24 06:08:41.025 17329 17352 I dalvikvm-heap: Grow heap (frag case) to 11.291MB for 99402-byte allocation
07-24 06:08:41.049 17329 17352 D dalvikvm: GC_FOR_ALLOC freed 51K, 9% free 11439K/12487K, paused 24ms
07-24 06:08:41.080 17329 17352 D dalvikvm: GC_FOR_ALLOC freed 4K, 9% free 11435K/12487K, paused 22ms
07-24 06:08:41.080 17329 17352 I dalvikvm-heap: Grow heap (frag case) to 11.322MB for 88929-byte allocation
07-24 06:08:41.104 17329 17352 D dalvikvm: GC_FOR_ALLOC freed 97K, 10% free 11425K/12615K, paused 23ms
07-24 06:08:43.561 17329 17332 D dalvikvm: GC_CONCURRENT freed 738K, 10% free 11361K/12615K, paused 4ms+3ms
07-24 06:08:43.697 17329 17332 D dalvikvm: GC_CONCURRENT freed 647K, 10% free 11408K/12615K, paused 1ms+3ms
07-24 06:08:43.752   145   162 I ActivityManager: Start proc com.facebook.orca for service com.facebook.orca/.push.mqtt.MqttPushService: pid=17469 uid=10062 gids={3003, 1015, 1006}
07-24 06:08:43.760 17469 17469 I dalvikvm: Turning on JNI app bug workarounds for target SDK version 10...
07-24 06:08:43.869 17329 17332 D dalvikvm: GC_CONCURRENT freed 676K, 10% free 11401K/12615K, paused 3ms+3ms
07-24 06:08:43.939 17469 17469 I ActivityThread: Pub com.facebook.orca.notify.MessengerLoggedInUserProvider: com.facebook.orca.notify.MessengerLoggedInUserProvider
07-24 06:08:43.955 17469 17469 I ActivityThread: Pub com.facebook.orca.notify.MessengerForegroundProvider: com.facebook.orca.notify.MessengerForegroundProvider
07-24 06:08:43.967 17469 17469 V orca:OrcaApplication: Forcing initialization of AsyncTask
07-24 06:08:44.400 17469 17471 D dalvikvm: GC_CONCURRENT freed 199K, 4% free 9302K/9607K, paused 109ms+16ms
07-24 06:08:44.439 17469 17469 I Finalizer: Couldn't access Thread.inheritableThreadLocals. Reference finalizer threads will inherit thread local values.
07-24 06:08:44.635 17469 17471 D dalvikvm: GC_CONCURRENT freed 371K, 5% free 9435K/9863K, paused 2ms+1ms
07-24 06:08:44.689 17329 17332 D dalvikvm: GC_CONCURRENT freed 653K, 10% free 11418K/12615K, paused 21ms+2ms
07-24 06:08:44.795 17469 17469 W OrcaGuiceModule: Sig: ijxLJi1yGs1JpL-X1SExmchvork
07-24 06:08:44.877 17469 17471 D dalvikvm: GC_CONCURRENT freed 305K, 5% free 9575K/9991K, paused 2ms+8ms
07-24 06:08:44.928 17329 17332 D dalvikvm: GC_CONCURRENT freed 630K, 10% free 11461K/12615K, paused 34ms+2ms
07-24 06:08:46.189 17329 17332 D dalvikvm: GC_CONCURRENT freed 722K, 10% free 11431K/12615K, paused 3ms+3ms
07-24 06:08:46.268 17469 17484 W Resources: Converting to string: TypedValue{t=0x10/d=0xffffffff a=-1}
07-24 06:08:46.533 17469 17471 D dalvikvm: GC_CONCURRENT freed 300K, 4% free 9810K/10183K, paused 7ms+3ms
07-24 06:08:46.658 17329 17332 D dalvikvm: GC_CONCURRENT freed 502K, 8% free 11676K/12615K, paused 11ms+2ms
07-24 06:08:46.682 17469 17471 D dalvikvm: GC_CONCURRENT freed 275K, 4% free 10031K/10439K, paused 2ms+2ms
07-24 06:08:46.717 17469 17484 D dalvikvm: GC_FOR_ALLOC freed 131K, 5% free 10123K/10631K, paused 21ms
07-24 06:08:46.736 17469 17469 D ACRA    : Retrieve application default SharedPreferences.
07-24 06:08:46.736 17469 17469 D ACRA    : Set OnSharedPreferenceChangeListener.
07-24 06:08:46.736 17469 17469 D ACRA    : ACRA is enabled for com.facebook.orca, intializing...
07-24 06:08:46.779 17469 17484 D dalvikvm: GC_FOR_ALLOC freed 202K, 5% free 10171K/10695K, paused 23ms
07-24 06:08:46.818 17469 17484 D dalvikvm: GC_FOR_ALLOC freed 73K, 5% free 10247K/10695K, paused 19ms
07-24 06:08:46.877 17469 17484 D dalvikvm: GC_FOR_ALLOC freed 261K, 6% free 10336K/10887K, paused 22ms
07-24 06:08:46.877 17469 17469 D ACRA    : Looking for error files in /data/data/com.facebook.orca/app_acra-reports
07-24 06:08:47.080 17469 17471 D dalvikvm: GC_CONCURRENT freed 348K, 4% free 10531K/10951K, paused 2ms+3ms
07-24 06:08:47.225 17469 17471 D dalvikvm: GC_CONCURRENT freed 225K, 3% free 10847K/11143K, paused 2ms+3ms
07-24 06:08:47.506 17329 17332 D dalvikvm: GC_CONCURRENT freed 968K, 9% free 11519K/12615K, paused 4ms+2ms
07-24 06:08:47.576 17469 17471 D dalvikvm: GC_CONCURRENT freed 325K, 4% free 11131K/11527K, paused 2ms+7ms
07-24 06:08:48.264 17469 17471 D dalvikvm: GC_CONCURRENT freed 585K, 6% free 11225K/11911K, paused 14ms+3ms
07-24 06:08:48.389 17329 17332 D dalvikvm: GC_CONCURRENT freed 762K, 10% free 11468K/12615K, paused 1ms+2ms
07-24 06:08:48.525 17329 17332 D dalvikvm: GC_CONCURRENT freed 667K, 9% free 11503K/12615K, paused 5ms+3ms
07-24 06:08:51.377 17329 17332 D dalvikvm: GC_CONCURRENT freed 776K, 10% free 11452K/12615K, paused 7ms+2ms
07-24 06:08:52.010 17329 17332 D dalvikvm: GC_CONCURRENT freed 741K, 10% free 11402K/12615K, paused 2ms+2ms
07-24 06:08:52.271 17329 17332 D dalvikvm: GC_CONCURRENT freed 657K, 10% free 11418K/12615K, paused 2ms+3ms
07-24 06:08:52.537 17329 17332 D dalvikvm: GC_CONCURRENT freed 704K, 10% free 11401K/12615K, paused 2ms+6ms
07-24 06:08:52.713 17329 17332 D dalvikvm: GC_CONCURRENT freed 494K, 9% free 11583K/12615K, paused 3ms+3ms
07-24 06:08:52.846 17329 17332 D dalvikvm: GC_CONCURRENT freed 504K, 7% free 11806K/12615K, paused 2ms+3ms
07-24 06:08:53.014 17329 17332 D dalvikvm: GC_CONCURRENT freed 714K, 7% free 11904K/12743K, paused 2ms+6ms
07-24 06:08:53.330 17329 17332 D dalvikvm: GC_CONCURRENT freed 1508K, 13% free 11330K/12935K, paused 7ms+2ms
07-24 06:08:53.846   145   162 I ActivityManager: Start proc edu.buffalo.cse.phonelab.phonelabservices for service edu.buffalo.cse.phonelab.phonelabservices/edu.buffalo.cse.phonelab.datalogger.LoggerService: pid=17493 uid=10037 gids={3003, 1015, 1007, 2001}
07-24 06:08:53.877    79    79 D dalvikvm: GC_EXPLICIT freed 38K, 4% free 9031K/9347K, paused 10ms+5ms
07-24 06:08:53.928    79    79 D dalvikvm: GC_EXPLICIT freed <1K, 4% free 9031K/9347K, paused 13ms+4ms
07-24 06:08:53.955    79    79 D dalvikvm: GC_EXPLICIT freed <1K, 4% free 9031K/9347K, paused 1ms+2ms
07-24 06:08:53.967   145   356 I ActivityManager: Process com.google.android.gm (pid 16988) has died.
07-24 06:08:54.088 17493 17493 I PhoneLab-LoggerService: Start Logger Service
07-24 06:08:54.432  9919  9966 W chromium: [WARNING:sync_notifier_impl_android.cc(70)] Could not get invalidation model type; invalidating enabled types: Bookmarks, Typed URLs, Encryption keys, Sessions
07-24 06:08:54.455 17493 17507 I PhoneLab-: Service Running
07-24 06:08:54.752   145  1302 I ActivityManager: Process com.twitter.android (pid 16534) has died.
07-24 06:08:55.006  9919  9966 W chromium: [WARNING:sync_notifier_impl_android.cc(70)] Could not get invalidation model type; invalidating enabled types: Bookmarks, Typed URLs, Encryption keys, Sessions
07-24 06:08:55.154 17493 17507 I PhoneLab-LoggerService: app_37    1300  1     1440   1000  c00f181c 400107b4 S logcat
07-24 06:08:55.154 17493 17507 I PhoneLab-LoggerService: Logcat pid from database 1300
07-24 06:08:55.158 17493 17507 I PhoneLab-LoggerService: Logcat process found 1300
07-24 06:08:55.158 17493 17507 I PhoneLab-LoggerService: Checking Threshold
07-24 06:08:55.424 17329 17332 D dalvikvm: GC_CONCURRENT freed 535K, 12% free 11436K/12935K, paused 2ms+2ms
07-24 06:08:55.639 17329 17352 W AttachmentSyncResponseNode: Response data error: NOT_FOUND for context: CAAiEEcRjv-iD0dmQXDftxWfYzMqBwgKMM7y7wE/CAAiEEcRjv-iD0dmQXDftxWfYzMqBwgKMM7y7wE-httpa.abcnews.comimagesUSht_james_holmes_shooter_n/original
07-24 06:08:55.709 17329 17351 I SyncService: sync service finished (06:08:55)
07-24 06:08:57.908   342   342 D SAN_SERVICE: *******************************************
07-24 06:08:57.908   342   342 D SAN_SERVICE: DM App Phone Service State - 0
07-24 06:08:57.908   342   342 D SAN_SERVICE: *******************************************
07-24 06:08:58.123   342   342 D SAN_SERVICE: *******************************************
07-24 06:08:58.123   342   342 D SAN_SERVICE: DM App Phone Service State - 0
07-24 06:08:58.127   342   342 D SAN_SERVICE: *******************************************
07-24 06:09:12.213 16573 16575 D dalvikvm: GC_CONCURRENT freed 412K, 8% free 10242K/11015K, paused 13ms+8ms
07-24 06:09:27.486   145   199 D DhcpInfoInternal: makeLinkProperties with empty dns2!
07-24 06:09:27.490   145   199 D DhcpInfoInternal: makeLinkProperties with empty dns2!
07-24 06:09:30.260   342   342 D SAN_SERVICE: *******************************************
07-24 06:09:30.260   342   342 D SAN_SERVICE: DM App Phone Service State - 0
07-24 06:09:30.260   342   342 D SAN_SERVICE: *******************************************
07-24 06:09:31.049   342   342 D SAN_SERVICE: *******************************************
07-24 06:09:31.049   342   342 D SAN_SERVICE: DM App Phone Service State - 0
07-24 06:09:31.049   342   342 D SAN_SERVICE: *******************************************
07-24 06:09:45.623   342   342 D SAN_SERVICE: *******************************************
07-24 06:09:45.623   342   342 D SAN_SERVICE: DM App Phone Service State - 0
07-24 06:09:45.623   342   342 D SAN_SERVICE: *******************************************
07-24 06:09:50.721   342   342 D SAN_SERVICE: *******************************************
07-24 06:09:50.721   342   342 D SAN_SERVICE: DM App Phone Service State - 0
07-24 06:09:50.721   342   342 D SAN_SERVICE: *******************************************
07-24 06:09:53.334   145   174 I ActivityManager: Start proc com.twitter.android for service com.twitter.android/.client.AppService: pid=17534 uid=10064 gids={3003, 1015}
07-24 06:09:53.342 17534 17534 I dalvikvm: Turning on JNI app bug workarounds for target SDK version 11...
07-24 06:09:53.490 17534 17534 I ActivityThread: Pub com.twitter.android.provider.GlobalDatabaseProvider: com.twitter.android.provider.GlobalDatabaseProvider
07-24 06:09:53.506 17534 17534 I ActivityThread: Pub com.twitter.android.provider.TwitterProvider: com.twitter.android.provider.TwitterProvider
07-24 06:09:53.639 17534 17536 D dalvikvm: GC_CONCURRENT freed 172K, 4% free 9301K/9607K, paused 12ms+4ms
07-24 06:09:54.506 17534 17536 D dalvikvm: GC_CONCURRENT freed 221K, 4% free 9517K/9863K, paused 1ms+2ms
07-24 06:09:54.631 17534 17536 D dalvikvm: GC_CONCURRENT freed 298K, 5% free 9646K/10055K, paused 1ms+1ms
07-24 06:09:54.744 17534 17536 D dalvikvm: GC_CONCURRENT freed 293K, 5% free 9770K/10183K, paused 1ms+2ms
07-24 06:09:55.053 17534 17536 D dalvikvm: GC_CONCURRENT freed 303K, 4% free 9899K/10311K, paused 2ms+2ms
07-24 06:09:55.186 17534 17536 D dalvikvm: GC_CONCURRENT freed 292K, 4% free 10023K/10439K, paused 1ms+2ms
07-24 06:09:55.369 17534 17536 D dalvikvm: GC_CONCURRENT freed 293K, 4% free 10151K/10567K, paused 29ms+2ms
07-24 06:09:55.486 17534 17536 D dalvikvm: GC_CONCURRENT freed 302K, 4% free 10284K/10695K, paused 1ms+2ms
07-24 06:09:55.658 17534 17536 D dalvikvm: GC_CONCURRENT freed 470K, 6% free 10231K/10823K, paused 2ms+2ms
07-24 06:09:55.791 17534 17536 D dalvikvm: GC_CONCURRENT freed 325K, 5% free 10302K/10823K, paused 2ms+2ms
07-24 06:09:55.924 17534 17536 D dalvikvm: GC_CONCURRENT freed 314K, 5% free 10380K/10823K, paused 2ms+4ms
07-24 06:09:56.061 17534 17536 D dalvikvm: GC_CONCURRENT freed 371K, 5% free 10477K/10951K, paused 2ms+2ms
07-24 06:09:56.178 17534 17536 D dalvikvm: GC_CONCURRENT freed 345K, 5% free 10559K/11015K, paused 1ms+2ms
07-24 06:09:56.303 17534 17536 D dalvikvm: GC_CONCURRENT freed 387K, 5% free 10655K/11143K, paused 2ms+2ms
07-24 06:09:56.420 17534 17536 D dalvikvm: GC_CONCURRENT freed 348K, 5% free 10742K/11207K, paused 1ms+1ms
07-24 06:09:56.541 17534 17536 D dalvikvm: GC_CONCURRENT freed 389K, 5% free 10829K/11335K, paused 1ms+2ms
07-24 06:09:56.834   145   157 I ActivityManager: Process com.google.android.apps.maps:FriendService (pid 17382) has died.
07-24 06:09:56.893  9919  9966 W chromium: [WARNING:sync_notifier_impl_android.cc(70)] Could not get invalidation model type; invalidating enabled types: Bookmarks, Typed URLs, Encryption keys, Sessions
07-24 06:09:57.104   145   147 D dalvikvm: GC_CONCURRENT freed 1943K, 15% free 16971K/19783K, paused 7ms+13ms
07-24 06:09:58.002 17534 17536 D dalvikvm: GC_CONCURRENT freed 323K, 4% free 11030K/11463K, paused 2ms+3ms
07-24 06:09:59.842 17534 17536 D dalvikvm: GC_CONCURRENT freed 408K, 5% free 11239K/11783K, paused 10ms+4ms
07-24 06:09:59.842   145   430 I ActivityManager: Process android.process.acore (pid 17416) has died.
07-24 06:09:59.857   145   156 D CountryDetector: No listener is left
07-24 06:09:59.893  9919  9966 W chromium: [WARNING:sync_notifier_impl_android.cc(70)] Could not get invalidation model type; invalidating enabled types: Bookmarks, Typed URLs, Encryption keys, Sessions
07-24 06:10:12.049 17359 17361 D dalvikvm: GC_CONCURRENT freed 507K, 7% free 10422K/11143K, paused 10ms+7ms
07-24 06:10:12.225 16573 16575 D dalvikvm: GC_CONCURRENT freed 520K, 8% free 10233K/11015K, paused 2ms+2ms
07-24 06:10:54.459 17493 17507 I PhoneLab-: Service Running
07-24 06:10:54.549 17493 17507 I PhoneLab-LoggerService: app_37    1300  1     1440   1000  c00f181c 400107b4 S logcat
07-24 06:10:54.549 17493 17507 I PhoneLab-LoggerService: Logcat pid from database 1300
07-24 06:10:54.549 17493 17507 I PhoneLab-LoggerService: Logcat process found 1300
07-24 06:10:54.549 17493 17507 I PhoneLab-LoggerService: Checking Threshold
07-24 06:11:10.998   342   342 D SAN_SERVICE: *******************************************
07-24 06:11:10.998   342   342 D SAN_SERVICE: DM App Phone Service State - 0
07-24 06:11:10.998   342   342 D SAN_SERVICE: *******************************************
07-24 06:11:11.225   342   342 D SAN_SERVICE: *******************************************
07-24 06:11:11.225   342   342 D SAN_SERVICE: DM App Phone Service State - 0
07-24 06:11:11.225   342   342 D SAN_SERVICE: *******************************************
07-24 06:11:11.260   342   345 D dalvikvm: GC_CONCURRENT freed 385K, 7% free 9447K/10119K, paused 2ms+2ms
07-24 06:11:11.979   342   342 D SAN_SERVICE: *******************************************
07-24 06:11:11.982   342   342 D SAN_SERVICE: DM App Phone Service State - 0
07-24 06:11:11.982   342   342 D SAN_SERVICE: *******************************************
07-24 06:11:12.139 17359 17361 D dalvikvm: GC_CONCURRENT freed 513K, 7% free 10411K/11143K, paused 2ms+6ms
07-24 06:11:12.201 16573 16575 D dalvikvm: GC_CONCURRENT freed 481K, 8% free 10162K/11015K, paused 2ms+2ms
07-24 06:11:41.037   145   356 W ActivityManager: finishReceiver called but no pending broadcasts
07-24 06:11:41.119 17359 17361 D dalvikvm: GC_CONCURRENT freed 385K, 6% free 10537K/11143K, paused 2ms+3ms
07-24 06:11:52.365   145   199 D DhcpInfoInternal: makeLinkProperties with empty dns2!
07-24 06:11:52.377   145   199 D DhcpInfoInternal: makeLinkProperties with empty dns2!
07-24 06:12:12.209 16573 16575 D dalvikvm: GC_CONCURRENT freed 404K, 8% free 10159K/11015K, paused 2ms+2ms
07-24 06:12:54.455 17493 17507 I PhoneLab-: Service Running
07-24 06:12:54.553 17493 17507 I PhoneLab-LoggerService: app_37    1300  1     1440   1000  c00f181c 400107b4 S logcat
07-24 06:12:54.557 17493 17507 I PhoneLab-LoggerService: Logcat pid from database 1300
07-24 06:12:54.557 17493 17507 I PhoneLab-LoggerService: Logcat process found 1300
07-24 06:12:54.557 17493 17507 I PhoneLab-LoggerService: Checking Threshold
07-24 06:13:12.189 17359 17361 D dalvikvm: GC_CONCURRENT freed 629K, 7% free 10420K/11143K, paused 2ms+3ms
07-24 06:13:12.314 16573 16575 D dalvikvm: GC_CONCURRENT freed 422K, 8% free 10161K/11015K, paused 2ms+2ms
07-24 06:13:49.732   342   342 D SAN_SERVICE: *******************************************
07-24 06:13:49.732   342   342 D SAN_SERVICE: DM App Phone Service State - 0
07-24 06:13:49.732   342   342 D SAN_SERVICE: *******************************************
07-24 06:13:49.979   342   342 D SAN_SERVICE: *******************************************
07-24 06:13:49.979   342   342 D SAN_SERVICE: DM App Phone Service State - 0
07-24 06:13:49.979   342   342 D SAN_SERVICE: *******************************************
07-24 06:14:12.334   145   157 D dalvikvm: GC_EXPLICIT freed 683K, 15% free 16986K/19783K, paused 2ms+6ms
07-24 06:14:12.619 16573 16575 D dalvikvm: GC_CONCURRENT freed 402K, 8% free 10158K/11015K, paused 22ms+2ms
07-24 06:14:12.736 16573 16575 D dalvikvm: GC_CONCURRENT freed 164K, 6% free 10384K/11015K, paused 2ms+2ms
07-24 06:14:17.256   145   199 D DhcpInfoInternal: makeLinkProperties with empty dns2!
07-24 06:14:17.260   145   199 D DhcpInfoInternal: makeLinkProperties with empty dns2!
07-24 06:14:42.967 17359 17361 D dalvikvm: GC_CONCURRENT freed 363K, 7% free 10442K/11143K, paused 17ms+2ms
07-24 06:14:44.865   145   423 W ActivityManager: finishReceiver called but no pending broadcasts
07-24 06:14:44.947 17359 17361 D dalvikvm: GC_CONCURRENT freed 419K, 6% free 10534K/11143K, paused 2ms+3ms
07-24 06:14:54.455 17493 17507 I PhoneLab-: Service Running
07-24 06:14:54.541 17493 17507 I PhoneLab-LoggerService: app_37    1300  1     1440   1000  c00f181c 400107b4 S logcat
07-24 06:14:54.545 17493 17507 I PhoneLab-LoggerService: Logcat pid from database 1300
07-24 06:14:54.545 17493 17507 I PhoneLab-LoggerService: Logcat process found 1300
07-24 06:14:54.545 17493 17507 I PhoneLab-LoggerService: Checking Threshold
07-24 06:15:09.396 17493 17493 I PhoneLab-Locks: wake lock acquired
07-24 06:15:09.424 17493 17612 I PhoneLab-PeriodicCheckService: User info is synched
07-24 06:15:09.428 17493 17612 I PhoneLab-PeriodicCheckService: Logger Service is running
07-24 06:15:09.455 17493 17493 I PhoneLab-Locks: wake lock acquired
07-24 06:15:09.463 17493 17493 I PhoneLab-StatusMonitor: Status Monitoring is started
07-24 06:15:09.463 17493 17612 I PhoneLab-Locks: wake lock acquired
07-24 06:15:09.471 17493 17612 I PhoneLab-PeriodicCheckService: Rescheduling periodic checking...
07-24 06:15:09.471 17493 17612 I PhoneLab-Locks: wake lock released
07-24 06:15:09.502 17493 17493 E PhoneLab-PhoneLabManifest: java.io.FileNotFoundException: /data/data/edu.buffalo.cse.phonelab.phonelabservices/files/manifest.xml: open failed: ENOENT (No such file or directory)
07-24 06:15:09.529 17493 17495 D dalvikvm: GC_CONCURRENT freed 385K, 6% free 9094K/9607K, paused 2ms+2ms
07-24 06:15:09.553 17493 17493 I PhoneLab-Locks: wake lock released
07-24 06:15:09.557 17493 17493 I PhoneLab-UploadLogs: Transfering log files now
07-24 06:15:09.557 17493 17493 I PhoneLab-UploadLogs: No log files to transfer
07-24 06:15:09.557 17493 17493 I PhoneLab-Locks: wake lock released
07-24 06:15:09.561 17493 17493 I PhoneLab-UploadLogs: OnStartCommand
07-24 06:15:12.369 16573 16575 D dalvikvm: GC_CONCURRENT freed 657K, 8% free 10208K/11015K, paused 2ms+2ms
07-24 06:15:34.654   215   217 D dalvikvm: GC_CONCURRENT freed 334K, 29% free 10165K/14215K, paused 12ms+6ms
07-24 06:15:34.713   215   215 D dalvikvm: GC_FOR_ALLOC freed 561K, 30% free 9956K/14215K, paused 18ms
07-24 06:15:34.775   215   217 D dalvikvm: GC_CONCURRENT freed 309K, 30% free 10086K/14215K, paused 1ms+3ms
07-24 06:15:34.947   215   217 D dalvikvm: GC_CONCURRENT freed 385K, 29% free 10137K/14215K, paused 2ms+3ms
07-24 06:15:36.521 17359 17361 D dalvikvm: GC_CONCURRENT freed 438K, 6% free 10483K/11143K, paused 18ms+2ms
07-24 06:15:38.467 16573 16575 D dalvikvm: GC_CONCURRENT freed 479K, 8% free 10240K/11015K, paused 2ms+2ms
07-24 06:15:39.447 16573 16575 D dalvikvm: GC_CONCURRENT freed 472K, 7% free 10269K/11015K, paused 2ms+4ms
07-24 06:15:40.514 16573 16575 D dalvikvm: GC_CONCURRENT freed 564K, 8% free 10211K/11015K, paused 2ms+2ms
07-24 06:15:41.506 16573 16575 D dalvikvm: GC_CONCURRENT freed 457K, 8% free 10193K/11015K, paused 1ms+2ms
07-24 06:15:42.479 16573 16575 D dalvikvm: GC_CONCURRENT freed 410K, 8% free 10184K/11015K, paused 2ms+2ms
07-24 06:15:43.514 16573 16575 D dalvikvm: GC_CONCURRENT freed 410K, 8% free 10189K/11015K, paused 2ms+2ms
07-24 06:15:43.588 17359 17361 D dalvikvm: GC_CONCURRENT freed 165K, 4% free 10703K/11143K, paused 2ms+3ms
07-24 06:15:44.365   145  1302 W ActivityManager: finishReceiver called but no pending broadcasts
07-24 06:15:44.479 16573 16575 D dalvikvm: GC_CONCURRENT freed 431K, 8% free 10194K/11015K, paused 1ms+9ms
07-24 06:15:44.611   215   215 D dalvikvm: GC_FOR_ALLOC freed 559K, 30% free 9952K/14215K, paused 19ms
07-24 06:15:44.646 17359 17361 D dalvikvm: GC_CONCURRENT freed 672K, 7% free 10582K/11335K, paused 2ms+4ms
07-24 06:15:44.678   215   217 D dalvikvm: GC_CONCURRENT freed 289K, 29% free 10144K/14215K, paused 2ms+2ms
07-24 06:15:44.846 17359 17361 D dalvikvm: GC_CONCURRENT freed 121K, 5% free 10855K/11335K, paused 2ms+2ms
07-24 06:16:12.416 16573 16575 D dalvikvm: GC_CONCURRENT freed 416K, 8% free 10186K/11015K, paused 2ms+2ms
07-24 06:16:28.580   342   342 D SAN_SERVICE: *******************************************
07-24 06:16:28.580   342   342 D SAN_SERVICE: DM App Phone Service State - 0
07-24 06:16:28.580   342   342 D SAN_SERVICE: *******************************************
07-24 06:16:33.779   342   342 D SAN_SERVICE: *******************************************
07-24 06:16:33.779   342   342 D SAN_SERVICE: DM App Phone Service State - 0
07-24 06:16:33.779   342   342 D SAN_SERVICE: *******************************************
07-24 06:16:34.525   342   342 D SAN_SERVICE: *******************************************
07-24 06:16:34.525   342   342 D SAN_SERVICE: DM App Phone Service State - 0
07-24 06:16:34.525   342   342 D SAN_SERVICE: *******************************************
07-24 06:16:41.920   145   199 D DhcpInfoInternal: makeLinkProperties with empty dns2!
07-24 06:16:41.920   145   199 D DhcpInfoInternal: makeLinkProperties with empty dns2!
07-24 06:16:44.033   342   342 D SAN_SERVICE: *******************************************
07-24 06:16:44.033   342   342 D SAN_SERVICE: DM App Phone Service State - 0
07-24 06:16:44.033   342   342 D SAN_SERVICE: *******************************************
07-24 06:16:44.533   342   342 D SAN_SERVICE: *******************************************
07-24 06:16:44.533   342   342 D SAN_SERVICE: DM App Phone Service State - 0
07-24 06:16:44.533   342   342 D SAN_SERVICE: *******************************************
07-24 06:16:46.557 17359 17361 D dalvikvm: GC_CONCURRENT freed 533K, 6% free 10864K/11527K, paused 2ms+2ms
07-24 06:16:50.592   342   342 D SAN_SERVICE: *******************************************
07-24 06:16:50.592   342   342 D SAN_SERVICE: DM App Phone Service State - 0
07-24 06:16:50.592   342   342 D SAN_SERVICE: *******************************************
07-24 06:16:51.369   342   342 D SAN_SERVICE: *******************************************
07-24 06:16:51.369   342   342 D SAN_SERVICE: DM App Phone Service State - 0
07-24 06:16:51.369   342   342 D SAN_SERVICE: *******************************************
07-24 06:16:54.455 17493 17507 I PhoneLab-: Service Running
07-24 06:16:54.521 17493 17507 I PhoneLab-LoggerService: app_37    1300  1     1440   1000  c00f181c 400107b4 S logcat
07-24 06:16:54.521 17493 17507 I PhoneLab-LoggerService: Logcat pid from database 1300
07-24 06:16:54.521 17493 17507 I PhoneLab-LoggerService: Logcat process found 1300
07-24 06:16:54.525 17493 17507 I PhoneLab-LoggerService: Checking Threshold
07-24 06:17:12.502 16573 16575 D dalvikvm: GC_CONCURRENT freed 403K, 8% free 10184K/11015K, paused 2ms+2ms
07-24 06:17:26.568   145   169 I ActivityManager: Start proc com.github.mobile:repos for service com.github.mobile/.sync.SyncAdapterService: pid=17655 uid=10090 gids={3003}
07-24 06:17:26.928 17655 17655 W nalizableReferenceQueue: Could not load Finalizer in its own class loader. Loading Finalizer in the current class loader instead. As a result, you will not be able to garbage collect this class loader. To support reclaiming this class loader, either resolve the underlying issue, or move Google Collections to your system class path.
07-24 06:17:26.928 17655 17655 W nalizableReferenceQueue: java.io.FileNotFoundException: com/google/inject/internal/util/$Finalizer.class
07-24 06:17:26.928 17655 17655 W nalizableReferenceQueue: 	at com.google.inject.internal.util.$FinalizableReferenceQueue$DecoupledLoader.getBaseUrl(FinalizableReferenceQueue.java:269)
07-24 06:17:26.928 17655 17655 W nalizableReferenceQueue: 	at com.google.inject.internal.util.$FinalizableReferenceQueue$DecoupledLoader.loadFinalizer(FinalizableReferenceQueue.java:253)
07-24 06:17:26.928 17655 17655 W nalizableReferenceQueue: 	at com.google.inject.internal.util.$FinalizableReferenceQueue.loadFinalizer(FinalizableReferenceQueue.java:175)
07-24 06:17:26.928 17655 17655 W nalizableReferenceQueue: 	at com.google.inject.internal.util.$FinalizableReferenceQueue.<clinit>(FinalizableReferenceQueue.java:100)
07-24 06:17:26.928 17655 17655 W nalizableReferenceQueue: 	at com.google.inject.internal.util.$MapMaker$QueueHolder.<clinit>(MapMaker.java:787)
07-24 06:17:26.928 17655 17655 W nalizableReferenceQueue: 	at com.google.inject.internal.util.$MapMaker$WeakEntry.<init>(MapMaker.java:946)
07-24 06:17:26.928 17655 17655 W nalizableReferenceQueue: 	at com.google.inject.internal.util.$MapMaker$Strength$1.newEntry(MapMaker.java:312)
07-24 06:17:26.928 17655 17655 W nalizableReferenceQueue: 	at com.google.inject.internal.util.$MapMaker$StrategyImpl.newEntry(MapMaker.java:498)
07-24 06:17:26.928 17655 17655 W nalizableReferenceQueue: 	at com.google.inject.internal.util.$MapMaker$StrategyImpl.newEntry(MapMaker.java:419)
07-24 06:17:26.928 17655 17655 W nalizableReferenceQueue: 	at com.google.inject.internal.util.$CustomConcurrentHashMap$ComputingImpl.get(CustomConcurrentHashMap.java:2029)
07-24 06:17:26.928 17655 17655 W nalizableReferenceQueue: 	at com.google.inject.internal.Annotations$AnnotationChecker.hasAnnotations(Annotations.java:116)
07-24 06:17:26.928 17655 17655 W nalizableReferenceQueue: 	at com.google.inject.internal.Annotations.isBindingAnnotation(Annotations.java:180)
07-24 06:17:26.928 17655 17655 W nalizableReferenceQueue: 	at com.google.inject.Key.ensureIsBindingAnnotation(Key.java:366)
07-24 06:17:26.928 17655 17655 W nalizableReferenceQueue: 	at com.google.inject.Key.strategyFor(Key.java:338)
07-24 06:17:26.928 17655 17655 W nalizableReferenceQueue: 	at com.google.inject.Key.get(Key.java:272)
07-24 06:17:26.928 17655 17655 W nalizableReferenceQueue: 	at com.google.inject.internal.AbstractBindingBuilder.annotatedWithInternal(AbstractBindingBuilder.java:82)
07-24 06:17:26.928 17655 17655 W nalizableReferenceQueue: 	at com.google.inject.internal.ConstantBindingBuilderImpl.annotatedWith(ConstantBindingBuilderImpl.java:49)
07-24 06:17:26.928 17655 17655 W nalizableReferenceQueue: 	at roboguice.config.DefaultRoboModule.configure(DefaultRoboModule.java:117)
07-24 06:17:26.928 17655 17655 W nalizableReferenceQueue: 	at com.google.inject.AbstractModule.configure(AbstractModule.java:59)
07-24 06:17:26.928 17655 17655 W nalizableReferenceQueue: 	at com.google.inject.spi.Elements$RecordingBinder.install(Elements.java:223)
07-24 06:17:26.928 17655 17655 W nalizableReferenceQueue: 	at com.google.inject.spi.Elements.getElements(Elements.java:101)
07-24 06:17:26.928 17655 17655 W nalizableReferenceQueue: 	at com.google.inject.spi.Elements.getElements(Elements.java:78)
07-24 06:17:26.928 17655 17655 W nalizableReferenceQueue: 	at roboguice.RoboGuice.setBaseApplicationInjector(RoboGuice.java:83)
07-24 06:17:26.928 17655 17655 W nalizableReferenceQueue: 	at roboguice.RoboGuice.setBaseApplicationInjector(RoboGuice.java:139)
07-24 06:17:26.928 17655 17655 W nalizableReferenceQueue: 	at roboguice.RoboGuice.getBaseApplicationInjector(RoboGuice.java:59)
07-24 06:17:26.928 17655 17655 W nalizableReferenceQueue: 	at roboguice.RoboGuice.getInjector(RoboGuice.java:149)
07-24 06:17:26.928 17655 17655 W nalizableReferenceQueue: 	at roboguice.service.RoboService.onCreate(RoboService.java:61)
07-24 06:17:26.928 17655 17655 W nalizableReferenceQueue: 	at android.app.ActivityThread.handleCreateService(ActivityThread.java:2253)
07-24 06:17:26.928 17655 17655 W nalizableReferenceQueue: 	at android.app.ActivityThread.access$1600(ActivityThread.java:123)
07-24 06:17:26.928 17655 17655 W nalizableReferenceQueue: 	at android.app.ActivityThread$H.handleMessage(ActivityThread.java:1201)
07-24 06:17:26.928 17655 17655 W nalizableReferenceQueue: 	at android.os.Handler.dispatchMessage(Handler.java:99)
07-24 06:17:26.928 17655 17655 W nalizableReferenceQueue: 	at android.os.Looper.loop(Looper.java:137)
07-24 06:17:26.928 17655 17655 W nalizableReferenceQueue: 	at android.app.ActivityThread.main(ActivityThread.java:4424)
07-24 06:17:26.928 17655 17655 W nalizableReferenceQueue: 	at java.lang.reflect.Method.invokeNative(Native Method)
07-24 06:17:26.928 17655 17655 W nalizableReferenceQueue: 	at java.lang.reflect.Method.invoke(Method.java:511)
07-24 06:17:26.928 17655 17655 W nalizableReferenceQueue: 	at com.android.internal.os.ZygoteInit$MethodAndArgsCaller.run(ZygoteInit.java:784)
07-24 06:17:26.928 17655 17655 W nalizableReferenceQueue: 	at com.android.internal.os.ZygoteInit.main(ZygoteInit.java:551)
07-24 06:17:26.928 17655 17655 W nalizableReferenceQueue: 	at dalvik.system.NativeStart.main(Native Method)
07-24 06:17:27.006 17655 17658 D dalvikvm: GC_CONCURRENT freed 255K, 4% free 9245K/9607K, paused 8ms+1ms
07-24 06:17:27.123 17655 17658 D dalvikvm: GC_CONCURRENT freed 466K, 6% free 9363K/9863K, paused 2ms+3ms
07-24 06:17:27.236 17655 17658 D dalvikvm: GC_CONCURRENT freed 535K, 7% free 9384K/9991K, paused 2ms+2ms
07-24 06:17:27.322 17655 17658 D dalvikvm: GC_CONCURRENT freed 515K, 7% free 9380K/9991K, paused 1ms+2ms
07-24 06:17:27.420 17655 17658 D dalvikvm: GC_CONCURRENT freed 475K, 7% free 9382K/9991K, paused 2ms+3ms
07-24 06:17:27.545 17655 17658 D dalvikvm: GC_CONCURRENT freed 406K, 6% free 9487K/9991K, paused 2ms+2ms
07-24 06:17:27.564 17655 17655 D /Ln.java:218: main Configuring Logging, minimum log level is INFO
07-24 06:17:27.682 17655 17658 D dalvikvm: GC_CONCURRENT freed 582K, 7% free 9416K/10119K, paused 2ms+4ms
07-24 06:17:27.729   145  1302 I ActivityManager: Start proc com.github.mobile for content provider com.github.mobile/.sync.ContentProviderAdapter: pid=17670 uid=10090 gids={3003}
07-24 06:17:27.779 17670 17670 I ActivityThread: Pub com.github.search.suggest.recent.issues: com.github.mobile.ui.issue.IssueSearchSuggestionsProvider
07-24 06:17:27.783 17670 17670 I ActivityThread: Pub com.github.sync: com.github.mobile.sync.ContentProviderAdapter
07-24 06:17:27.783 17670 17670 I ActivityThread: Pub com.github.search.suggest.recent.repos: com.github.mobile.ui.repo.RepositorySearchSuggestionsProvider
07-24 06:17:28.443 17655 17658 D dalvikvm: GC_CONCURRENT freed 281K, 6% free 9523K/10119K, paused 8ms+2ms
07-24 06:17:29.260 17655 17669 D SyncCampaign: Syncing 3 users and orgs
07-24 06:17:29.260 17655 17669 D SyncCampaign: Syncing repos for lsm5...
07-24 06:17:29.318 17655 17658 D dalvikvm: GC_CONCURRENT freed 332K, 6% free 9589K/10119K, paused 3ms+5ms
07-24 06:17:30.006 17655 17658 D dalvikvm: GC_CONCURRENT freed 332K, 5% free 9669K/10119K, paused 2ms+2ms
07-24 06:17:30.482 17655 17669 D SyncCampaign: Syncing repos for phonelab...
07-24 06:17:31.049 17655 17658 D dalvikvm: GC_CONCURRENT freed 396K, 6% free 9716K/10247K, paused 2ms+4ms
07-24 06:17:31.084 17655 17669 D SyncCampaign: Syncing repos for CycloneCloud...
07-24 06:17:31.736 17655 17669 D SyncCampaign: Sync campaign finished
07-24 06:17:35.139   145   356 I ActivityManager: Process com.google.android.apps.currents (pid 17329) has died.
07-24 06:17:35.186  9919  9966 W chromium: [WARNING:sync_notifier_impl_android.cc(70)] Could not get invalidation model type; invalidating enabled types: Bookmarks, Typed URLs, Encryption keys, Sessions
07-24 06:17:48.697   145   338 W ActivityManager: finishReceiver called but no pending broadcasts
07-24 06:17:48.771 17359 17361 D dalvikvm: GC_CONCURRENT freed 519K, 6% free 10985K/11591K, paused 2ms+3ms
07-24 06:18:00.846   342   342 D SAN_SERVICE: *******************************************
07-24 06:18:00.846   342   342 D SAN_SERVICE: DM App Phone Service State - 0
07-24 06:18:00.846   342   342 D SAN_SERVICE: *******************************************
07-24 06:18:01.076   342   342 D SAN_SERVICE: *******************************************
07-24 06:18:01.076   342   342 D SAN_SERVICE: DM App Phone Service State - 0
07-24 06:18:01.076   342   342 D SAN_SERVICE: *******************************************
07-24 06:18:02.283   342   342 D SAN_SERVICE: *******************************************
07-24 06:18:02.283   342   342 D SAN_SERVICE: DM App Phone Service State - 0
07-24 06:18:02.283   342   342 D SAN_SERVICE: *******************************************
07-24 06:18:03.057   342   342 D SAN_SERVICE: *******************************************
07-24 06:18:03.057   342   342 D SAN_SERVICE: DM App Phone Service State - 0
07-24 06:18:03.057   342   342 D SAN_SERVICE: *******************************************
07-24 06:18:07.377   342   342 D SAN_SERVICE: *******************************************
07-24 06:18:07.377   342   342 D SAN_SERVICE: DM App Phone Service State - 0
07-24 06:18:07.377   342   342 D SAN_SERVICE: *******************************************
07-24 06:18:11.330   145   356 D dalvikvm: GC_EXPLICIT freed 1047K, 14% free 17064K/19783K, paused 39ms+7ms
07-24 06:18:12.744 16573 16575 D dalvikvm: GC_CONCURRENT freed 396K, 8% free 10184K/11015K, paused 2ms+2ms
07-24 06:18:31.291   342   342 D SAN_SERVICE: *******************************************
07-24 06:18:31.291   342   342 D SAN_SERVICE: DM App Phone Service State - 0
07-24 06:18:31.291   342   342 D SAN_SERVICE: *******************************************
07-24 06:18:31.564   342   342 D SAN_SERVICE: *******************************************
07-24 06:18:31.564   342   342 D SAN_SERVICE: DM App Phone Service State - 0
07-24 06:18:31.564   342   342 D SAN_SERVICE: *******************************************
07-24 06:18:32.307   342   342 D SAN_SERVICE: *******************************************
07-24 06:18:32.307   342   342 D SAN_SERVICE: DM App Phone Service State - 0
07-24 06:18:32.307   342   342 D SAN_SERVICE: *******************************************
07-24 06:18:41.588   342   342 D SAN_SERVICE: *******************************************
07-24 06:18:41.588   342   342 D SAN_SERVICE: DM App Phone Service State - 0
07-24 06:18:41.588   342   342 D SAN_SERVICE: *******************************************
07-24 06:18:41.807   342   342 D SAN_SERVICE: *******************************************
07-24 06:18:41.807   342   342 D SAN_SERVICE: DM App Phone Service State - 0
07-24 06:18:41.807   342   342 D SAN_SERVICE: *******************************************
07-24 06:18:42.564   342   342 D SAN_SERVICE: *******************************************
07-24 06:18:42.564   342   342 D SAN_SERVICE: DM App Phone Service State - 0
07-24 06:18:42.564   342   342 D SAN_SERVICE: *******************************************
07-24 06:18:54.455 17493 17507 I PhoneLab-: Service Running
07-24 06:18:54.568 17493 17507 I PhoneLab-LoggerService: app_37    1300  1     1440   1000  c00f181c 400107b4 S logcat
07-24 06:18:54.568 17493 17507 I PhoneLab-LoggerService: Logcat pid from database 1300
07-24 06:18:54.568 17493 17507 I PhoneLab-LoggerService: Logcat process found 1300
07-24 06:18:54.568 17493 17507 I PhoneLab-LoggerService: Checking Threshold
07-24 06:19:06.607   145   199 D DhcpInfoInternal: makeLinkProperties with empty dns2!
07-24 06:19:06.607   145   199 D DhcpInfoInternal: makeLinkProperties with empty dns2!
07-24 06:19:12.662 17359 17361 D dalvikvm: GC_CONCURRENT freed 750K, 8% free 10881K/11719K, paused 2ms+6ms
07-24 06:19:12.783 16573 16575 D dalvikvm: GC_CONCURRENT freed 405K, 8% free 10183K/11015K, paused 2ms+2ms
07-24 06:20:02.260 17534 17536 D dalvikvm: GC_CONCURRENT freed 598K, 7% free 11314K/12039K, paused 5ms+3ms
07-24 06:20:04.377 17534 17536 D dalvikvm: GC_CONCURRENT freed 576K, 6% free 11394K/12103K, paused 6ms+3ms
07-24 06:20:12.775  6099  6102 D dalvikvm: GC_CONCURRENT freed 348K, 6% free 10338K/10887K, paused 6ms+7ms
07-24 06:20:12.838 16573 16575 D dalvikvm: GC_CONCURRENT freed 420K, 8% free 10189K/11015K, paused 1ms+2ms
07-24 06:20:52.525   145   326 W ActivityManager: finishReceiver called but no pending broadcasts
07-24 06:20:52.588 17359 17361 D dalvikvm: GC_CONCURRENT freed 896K, 10% free 10604K/11719K, paused 2ms+3ms
07-24 06:20:54.455 17493 17507 I PhoneLab-: Service Running
07-24 06:20:54.533 17493 17507 I PhoneLab-LoggerService: app_37    1300  1     1440   1000  c00f181c 400107b4 S logcat
07-24 06:20:54.533 17493 17507 I PhoneLab-LoggerService: Logcat pid from database 1300
07-24 06:20:54.533 17493 17507 I PhoneLab-LoggerService: Logcat process found 1300
07-24 06:20:54.533 17493 17507 I PhoneLab-LoggerService: Checking Threshold
07-24 06:21:12.764 17359 17361 D dalvikvm: GC_CONCURRENT freed 669K, 11% free 10461K/11719K, paused 2ms+3ms
07-24 06:21:12.818 16573 16573 D dalvikvm: GC_EXPLICIT freed 56K, 8% free 10138K/11015K, paused 2ms+2ms
07-24 06:21:12.912 16573 16575 D dalvikvm: GC_CONCURRENT freed 351K, 8% free 10180K/11015K, paused 1ms+2ms
07-24 06:21:31.502   145   199 D DhcpInfoInternal: makeLinkProperties with empty dns2!
07-24 06:21:31.506   145   199 D DhcpInfoInternal: makeLinkProperties with empty dns2!
07-24 06:22:12.916 16573 16575 D dalvikvm: GC_CONCURRENT freed 408K, 8% free 10182K/11015K, paused 1ms+2ms
07-24 06:22:54.459 17493 17507 I PhoneLab-: Service Running
07-24 06:22:54.545 17493 17507 I PhoneLab-LoggerService: app_37    1300  1     1440   1000  c00f181c 400107b4 S logcat
07-24 06:22:54.545 17493 17507 I PhoneLab-LoggerService: Logcat pid from database 1300
07-24 06:22:54.545 17493 17507 I PhoneLab-LoggerService: Logcat process found 1300
07-24 06:22:54.545 17493 17507 I PhoneLab-LoggerService: Checking Threshold
07-24 06:23:12.889 17359 17361 D dalvikvm: GC_CONCURRENT freed 509K, 11% free 10464K/11719K, paused 2ms+3ms
07-24 06:23:13.010 16573 16575 D dalvikvm: GC_CONCURRENT freed 412K, 8% free 10183K/11015K, paused 1ms+2ms
07-24 06:23:43.885   342   342 D SAN_SERVICE: *******************************************
07-24 06:23:43.885   342   342 D SAN_SERVICE: DM App Phone Service State - 0
07-24 06:23:43.885   342   342 D SAN_SERVICE: *******************************************
07-24 06:23:44.666   342   342 D SAN_SERVICE: *******************************************
07-24 06:23:44.666   342   342 D SAN_SERVICE: DM App Phone Service State - 0
07-24 06:23:44.666   342   342 D SAN_SERVICE: *******************************************
07-24 06:23:44.689   342   345 D dalvikvm: GC_CONCURRENT freed 389K, 7% free 9449K/10119K, paused 14ms+2ms
07-24 06:23:56.174   145   199 D DhcpInfoInternal: makeLinkProperties with empty dns2!
07-24 06:23:56.174   145   199 D DhcpInfoInternal: makeLinkProperties with empty dns2!
07-24 06:23:56.338   145   157 W ActivityManager: finishReceiver called but no pending broadcasts
07-24 06:23:56.412 17359 17361 D dalvikvm: GC_CONCURRENT freed 395K, 10% free 10580K/11719K, paused 2ms+3ms
07-24 06:23:59.025   342   342 D SAN_SERVICE: *******************************************
07-24 06:23:59.029   342   342 D SAN_SERVICE: DM App Phone Service State - 0
07-24 06:23:59.029   342   342 D SAN_SERVICE: *******************************************
07-24 06:23:59.760   342   342 D SAN_SERVICE: *******************************************
07-24 06:23:59.760   342   342 D SAN_SERVICE: DM App Phone Service State - 0
07-24 06:23:59.760   342   342 D SAN_SERVICE: *******************************************
07-24 06:24:13.029 17359 17361 D dalvikvm: GC_CONCURRENT freed 529K, 11% free 10462K/11719K, paused 2ms+2ms
07-24 06:24:13.084 16573 16575 D dalvikvm: GC_CONCURRENT freed 412K, 8% free 10181K/11015K, paused 2ms+2ms
07-24 06:24:54.064   145   174 I ActivityManager: Start proc com.google.android.maps.mytracks for service com.google.android.maps.mytracks/com.google.android.apps.mytracks.services.RemoveTempFilesService: pid=17767 uid=10072 gids={3002, 3001, 3003, 1015}
07-24 06:24:54.307 17767 17767 I ActivityThread: Pub com.google.android.maps.mytracks.search: com.google.android.apps.mytracks.content.SearchEngineProvider
07-24 06:24:54.311 17767 17767 I ActivityThread: Pub com.google.android.maps.mytracks: com.google.android.apps.mytracks.content.MyTracksProvider
07-24 06:24:54.350 17767 17767 D MyTracks: Enabling strict mode
07-24 06:24:54.447 17767 17769 D dalvikvm: GC_CONCURRENT freed 323K, 5% free 9186K/9607K, paused 2ms+2ms
07-24 06:24:54.459 17493 17507 I PhoneLab-: Service Running
07-24 06:24:54.490 17493 17507 I PhoneLab-LoggerService: app_37    1300  1     1440   1000  c00f181c 400107b4 S logcat
07-24 06:24:54.494 17493 17507 I PhoneLab-LoggerService: Logcat pid from database 1300
07-24 06:24:54.494 17493 17507 I PhoneLab-LoggerService: Logcat process found 1300
07-24 06:24:54.494 17493 17507 I PhoneLab-LoggerService: Checking Threshold
07-24 06:24:54.533 17767 17767 D StrictMode: StrictMode policy violation; ~duration=133 ms: android.os.StrictMode$StrictModeDiskWriteViolation: policy=21 violation=1
07-24 06:24:54.533 17767 17767 D StrictMode: 	at android.os.StrictMode$AndroidBlockGuardPolicy.onWriteToDisk(StrictMode.java:1063)
07-24 06:24:54.533 17767 17767 D StrictMode: 	at android.database.sqlite.SQLiteStatement.acquireAndLock(SQLiteStatement.java:226)
07-24 06:24:54.533 17767 17767 D StrictMode: 	at android.database.sqlite.SQLiteStatement.executeUpdateDelete(SQLiteStatement.java:84)
07-24 06:24:54.533 17767 17767 D StrictMode: 	at android.database.sqlite.SQLiteDatabase.executeSql(SQLiteDatabase.java:1899)
07-24 06:24:54.533 17767 17767 D StrictMode: 	at android.database.sqlite.SQLiteDatabase.execSQL(SQLiteDatabase.java:1839)
07-24 06:24:54.533 17767 17767 D StrictMode: 	at android.database.sqlite.SQLiteDatabase.setPageSize(SQLiteDatabase.java:1297)
07-24 06:24:54.533 17767 17767 D StrictMode: 	at android.database.sqlite.SQLiteDatabase.openDatabase(SQLiteDatabase.java:995)
07-24 06:24:54.533 17767 17767 D StrictMode: 	at android.database.sqlite.SQLiteDatabase.openOrCreateDatabase(SQLiteDatabase.java:1051)
07-24 06:24:54.533 17767 17767 D StrictMode: 	at android.app.ContextImpl.openOrCreateDatabase(ContextImpl.java:770)
07-24 06:24:54.533 17767 17767 D StrictMode: 	at android.content.ContextWrapper.openOrCreateDatabase(ContextWrapper.java:221)
07-24 06:24:54.533 17767 17767 D StrictMode: 	at android.database.sqlite.SQLiteOpenHelper.getWritableDatabase(SQLiteOpenHelper.java:157)
07-24 06:24:54.533 17767 17767 D StrictMode: 	at com.google.android.apps.analytics.v.<init>(Unknown Source)
07-24 06:24:54.533 17767 17767 D StrictMode: 	at com.google.android.apps.analytics.v.<init>(Unknown Source)
07-24 06:24:54.533 17767 17767 D StrictMode: 	at com.google.android.apps.analytics.i.a(Unknown Source)
07-24 06:24:54.533 17767 17767 D StrictMode: 	at com.google.android.apps.mytracks.b.a.a(MT:43)
07-24 06:24:54.533 17767 17767 D StrictMode: 	at com.google.android.apps.mytracks.MyTracksApplication.onCreate(MT:42)
07-24 06:24:54.533 17767 17767 D StrictMode: 	at android.app.Instrumentation.callApplicationOnCreate(Instrumentation.java:969)
07-24 06:24:54.533 17767 17767 D StrictMode: 	at android.app.ActivityThread.handleBindApplication(ActivityThread.java:3954)
07-24 06:24:54.533 17767 17767 D StrictMode: 	at android.app.ActivityThread.access$1300(ActivityThread.java:123)
07-24 06:24:54.533 17767 17767 D StrictMode: 	at android.app.ActivityThread$H.handleMessage(ActivityThread.java:1185)
07-24 06:24:54.533 17767 17767 D StrictMode: 	at android.os.Handler.dispatchMessage(Handler.java:99)
07-24 06:24:54.533 17767 17767 D StrictMode: 	at android.os.Looper.loop(Looper.java:137)
07-24 06:24:54.533 17767 17767 D StrictMode: 	at android.app.ActivityThread.main(ActivityThread.java:4424)
07-24 06:24:54.533 17767 17767 D StrictMode: 	at java.lang.reflect.Method.invokeNative(Native Method)
07-24 06:24:54.533 17767 17767 D StrictMode: 	at java.lang.reflect.Method.invoke(Method.java:511)
07-24 06:24:54.533 17767 17767 D StrictMode: 	at com.android.internal.os.ZygoteInit$MethodAndArgsCaller.run(ZygoteInit.java:784)
07-24 06:24:54.533 17767 17767 D StrictMode: 	at com.android.internal.os.ZygoteInit.main(ZygoteInit.java:551)
07-24 06:24:54.533 17767 17767 D StrictMode: 	at dalvik.system.NativeStart.main(Native Method)
07-24 06:24:54.537 17767 17767 D StrictMode: StrictMode policy violation; ~duration=118 ms: android.os.StrictMode$StrictModeDiskWriteViolation: policy=21 violation=1
07-24 06:24:54.537 17767 17767 D StrictMode: 	at android.os.StrictMode$AndroidBlockGuardPolicy.onWriteToDisk(StrictMode.java:1063)
07-24 06:24:54.537 17767 17767 D StrictMode: 	at android.database.sqlite.SQLiteStatement.acquireAndLock(SQLiteStatement.java:226)
07-24 06:24:54.537 17767 17767 D StrictMode: 	at android.database.sqlite.SQLiteStatement.executeUpdateDelete(SQLiteStatement.java:84)
07-24 06:24:54.537 17767 17767 D StrictMode: 	at android.database.sqlite.SQLiteDatabase.executeSql(SQLiteDatabase.java:1899)
07-24 06:24:54.537 17767 17767 D StrictMode: 	at android.database.sqlite.SQLiteDatabase.execSQL(SQLiteDatabase.java:1839)
07-24 06:24:54.537 17767 17767 D StrictMode: 	at android.database.sqlite.SQLiteDatabase.beginTransaction(SQLiteDatabase.java:659)
07-24 06:24:54.537 17767 17767 D StrictMode: 	at android.database.sqlite.SQLiteDatabase.beginTransaction(SQLiteDatabase.java:552)
07-24 06:24:54.537 17767 17767 D StrictMode: 	at com.google.android.apps.analytics.v.a(Unknown Source)
07-24 06:24:54.537 17767 17767 D StrictMode: 	at com.google.android.apps.analytics.i.a(Unknown Source)
07-24 06:24:54.537 17767 17767 D StrictMode: 	at com.google.android.apps.mytracks.b.a.a(MT:45)
07-24 06:24:54.537 17767 17767 D StrictMode: 	at com.google.android.apps.mytracks.MyTracksApplication.onCreate(MT:42)
07-24 06:24:54.537 17767 17767 D StrictMode: 	at android.app.Instrumentation.callApplicationOnCreate(Instrumentation.java:969)
07-24 06:24:54.537 17767 17767 D StrictMode: 	at android.app.ActivityThread.handleBindApplication(ActivityThread.java:3954)
07-24 06:24:54.537 17767 17767 D StrictMode: 	at android.app.ActivityThread.access$1300(ActivityThread.java:123)
07-24 06:24:54.537 17767 17767 D StrictMode: 	at android.app.ActivityThread$H.handleMessage(ActivityThread.java:1185)
07-24 06:24:54.537 17767 17767 D StrictMode: 	at android.os.Handler.dispatchMessage(Handler.java:99)
07-24 06:24:54.537 17767 17767 D StrictMode: 	at android.os.Looper.loop(Looper.java:137)
07-24 06:24:54.537 17767 17767 D StrictMode: 	at android.app.ActivityThread.main(ActivityThread.java:4424)
07-24 06:24:54.537 17767 17767 D StrictMode: 	at java.lang.reflect.Method.invokeNative(Native Method)
07-24 06:24:54.537 17767 17767 D StrictMode: 	at java.lang.reflect.Method.invoke(Method.java:511)
07-24 06:24:54.537 17767 17767 D StrictMode: 	at com.android.internal.os.ZygoteInit$MethodAndArgsCaller.run(ZygoteInit.java:784)
07-24 06:24:54.537 17767 17767 D StrictMode: 	at com.android.internal.os.ZygoteInit.main(ZygoteInit.java:551)
07-24 06:24:54.537 17767 17767 D StrictMode: 	at dalvik.system.NativeStart.main(Native Method)
07-24 06:24:54.537 17767 17767 D StrictMode: StrictMode policy violation; ~duration=116 ms: android.os.StrictMode$StrictModeDiskWriteViolation: policy=21 violation=1
07-24 06:24:54.537 17767 17767 D StrictMode: 	at android.os.StrictMode$AndroidBlockGuardPolicy.onWriteToDisk(StrictMode.java:1063)
07-24 06:24:54.537 17767 17767 D StrictMode: 	at android.database.sqlite.SQLiteStatement.acquireAndLock(SQLiteStatement.java:226)
07-24 06:24:54.537 17767 17767 D StrictMode: 	at android.database.sqlite.SQLiteStatement.executeUpdateDelete(SQLiteStatement.java:84)
07-24 06:24:54.537 17767 17767 D StrictMode: 	at android.database.sqlite.SQLiteDatabase.delete(SQLiteDatabase.java:1741)
07-24 06:24:54.537 17767 17767 D StrictMode: 	at com.google.android.apps.analytics.v.a(Unknown Source)
07-24 06:24:54.537 17767 17767 D StrictMode: 	at com.google.android.apps.analytics.i.a(Unknown Source)
07-24 06:24:54.537 17767 17767 D StrictMode: 	at com.google.android.apps.mytracks.b.a.a(MT:45)
07-24 06:24:54.537 17767 17767 D StrictMode: 	at com.google.android.apps.mytracks.MyTracksApplication.onCreate(MT:42)
07-24 06:24:54.537 17767 17767 D StrictMode: 	at android.app.Instrumentation.callApplicationOnCreate(Instrumentation.java:969)
07-24 06:24:54.537 17767 17767 D StrictMode: 	at android.app.ActivityThread.handleBindApplication(ActivityThread.java:3954)
07-24 06:24:54.537 17767 17767 D StrictMode: 	at android.app.ActivityThread.access$1300(ActivityThread.java:123)
07-24 06:24:54.537 17767 17767 D StrictMode: 	at android.app.ActivityThread$H.handleMessage(ActivityThread.java:1185)
07-24 06:24:54.537 17767 17767 D StrictMode: 	at android.os.Handler.dispatchMessage(Handler.java:99)
07-24 06:24:54.537 17767 17767 D StrictMode: 	at android.os.Looper.loop(Looper.java:137)
07-24 06:24:54.537 17767 17767 D StrictMode: 	at android.app.ActivityThread.main(ActivityThread.java:4424)
07-24 06:24:54.537 17767 17767 D StrictMode: 	at java.lang.reflect.Method.invokeNative(Native Method)
07-24 06:24:54.537 17767 17767 D StrictMode: 	at java.lang.reflect.Method.invoke(Method.java:511)
07-24 06:24:54.537 17767 17767 D StrictMode: 	at com.android.internal.os.ZygoteInit$MethodAndArgsCaller.run(ZygoteInit.java:784)
07-24 06:24:54.537 17767 17767 D StrictMode: 	at com.android.internal.os.ZygoteInit.main(ZygoteInit.java:551)
07-24 06:24:54.537 17767 17767 D StrictMode: 	at dalvik.system.NativeStart.main(Native Method)
07-24 06:24:54.537 17767 17767 D StrictMode: StrictMode policy violation; ~duration=112 ms: android.os.StrictMode$StrictModeDiskWriteViolation: policy=21 violation=1
07-24 06:24:54.537 17767 17767 D StrictMode: 	at android.os.StrictMode$AndroidBlockGuardPolicy.onWriteToDisk(StrictMode.java:1063)
07-24 06:24:54.537 17767 17767 D StrictMode: 	at android.database.sqlite.SQLiteStatement.acquireAndLock(SQLiteStatement.java:226)
07-24 06:24:54.537 17767 17767 D StrictMode: 	at android.database.sqlite.SQLiteStatement.executeInsert(SQLiteStatement.java:112)
07-24 06:24:54.537 17767 17767 D StrictMode: 	at android.database.sqlite.SQLiteDatabase.insertWithOnConflict(SQLiteDatabase.java:1718)
07-24 06:24:54.537 17767 17767 D StrictMode: 	at android.database.sqlite.SQLiteDatabase.insert(SQLiteDatabase.java:1591)
07-24 06:24:54.537 17767 17767 D StrictMode: 	at com.google.android.apps.analytics.v.a(Unknown Source)
07-24 06:24:54.537 17767 17767 D StrictMode: 	at com.google.android.apps.analytics.i.a(Unknown Source)
07-24 06:24:54.537 17767 17767 D StrictMode: 	at com.google.android.apps.mytracks.b.a.a(MT:45)
07-24 06:24:54.537 17767 17767 D StrictMode: 	at com.google.android.apps.mytracks.MyTracksApplication.onCreate(MT:42)
07-24 06:24:54.537 17767 17767 D StrictMode: 	at android.app.Instrumentation.callApplicationOnCreate(Instrumentation.java:969)
07-24 06:24:54.537 17767 17767 D StrictMode: 	at android.app.ActivityThread.handleBindApplication(ActivityThread.java:3954)
07-24 06:24:54.537 17767 17767 D StrictMode: 	at android.app.ActivityThread.access$1300(ActivityThread.java:123)
07-24 06:24:54.537 17767 17767 D StrictMode: 	at android.app.ActivityThread$H.handleMessage(ActivityThread.java:1185)
07-24 06:24:54.537 17767 17767 D StrictMode: 	at android.os.Handler.dispatchMessage(Handler.java:99)
07-24 06:24:54.537 17767 17767 D StrictMode: 	at android.os.Looper.loop(Looper.java:137)
07-24 06:24:54.537 17767 17767 D StrictMode: 	at android.app.ActivityThread.main(ActivityThread.java:4424)
07-24 06:24:54.537 17767 17767 D StrictMode: 	at java.lang.reflect.Method.invokeNative(Native Method)
07-24 06:24:54.537 17767 17767 D StrictMode: 	at java.lang.reflect.Method.invoke(Method.java:511)
07-24 06:24:54.537 17767 17767 D StrictMode: 	at com.android.internal.os.ZygoteInit$MethodAndArgsCaller.run(ZygoteInit.java:784)
07-24 06:24:54.537 17767 17767 D StrictMode: 	at com.android.internal.os.ZygoteInit.main(ZygoteInit.java:551)
07-24 06:24:54.537 17767 17767 D StrictMode: 	at dalvik.system.NativeStart.main(Native Method)
07-24 06:24:54.537 17767 17767 D StrictMode: StrictMode policy violation; ~duration=91 ms: android.os.StrictMode$StrictModeDiskWriteViolation: policy=21 violation=1
07-24 06:24:54.537 17767 17767 D StrictMode: 	at android.os.StrictMode$AndroidBlockGuardPolicy.onWriteToDisk(StrictMode.java:1063)
07-24 06:24:54.537 17767 17767 D StrictMode: 	at android.database.sqlite.SQLiteStatement.acquireAndLock(SQLiteStatement.java:226)
07-24 06:24:54.537 17767 17767 D StrictMode: 	at android.database.sqlite.SQLiteStatement.executeInsert(SQLiteStatement.java:112)
07-24 06:24:54.537 17767 17767 D StrictMode: 	at android.database.sqlite.SQLiteDatabase.insertWithOnConflict(SQLiteDatabase.java:1718)
07-24 06:24:54.537 17767 17767 D StrictMode: 	at android.database.sqlite.SQLiteDatabase.insert(SQLiteDatabase.java:1591)
07-24 06:24:54.537 17767 17767 D StrictMode: 	at com.google.android.apps.analytics.v.a(Unknown Source)
07-24 06:24:54.537 17767 17767 D StrictMode: 	at com.google.android.apps.analytics.v.a(Unknown Source)
07-24 06:24:54.537 17767 17767 D StrictMode: 	at com.google.android.apps.analytics.v.a(Unknown Source)
07-24 06:24:54.537 17767 17767 D StrictMode: 	at com.google.android.apps.analytics.i.a(Unknown Source)
07-24 06:24:54.537 17767 17767 D StrictMode: 	at com.google.android.apps.mytracks.b.a.a(MT:45)
07-24 06:24:54.537 17767 17767 D StrictMode: 	at com.google.android.apps.mytracks.MyTracksApplication.onCreate(MT:42)
07-24 06:24:54.537 17767 17767 D StrictMode: 	at android.app.Instrumentation.callApplicationOnCreate(Instrumentation.java:969)
07-24 06:24:54.537 17767 17767 D StrictMode: 	at android.app.ActivityThread.handleBindApplication(ActivityThread.java:3954)
07-24 06:24:54.537 17767 17767 D StrictMode: 	at android.app.ActivityThread.access$1300(ActivityThread.java:123)
07-24 06:24:54.537 17767 17767 D StrictMode: 	at android.app.ActivityThread$H.handleMessage(ActivityThread.java:1185)
07-24 06:24:54.537 17767 17767 D StrictMode: 	at android.os.Handler.dispatchMessage(Handler.java:99)
07-24 06:24:54.537 17767 17767 D StrictMode: 	at android.os.Looper.loop(Looper.java:137)
07-24 06:24:54.537 17767 17767 D StrictMode: 	at android.app.ActivityThread.main(ActivityThread.java:4424)
07-24 06:24:54.537 17767 17767 D StrictMode: 	at java.lang.reflect.Method.invokeNative(Native Method)
07-24 06:24:54.537 17767 17767 D StrictMode: 	at java.lang.reflect.Method.invoke(Method.java:511)
07-24 06:24:54.537 17767 17767 D StrictMode: 	at com.android.internal.os.ZygoteInit$MethodAndArgsCaller.run(ZygoteInit.java:784)
07-24 06:24:54.537 17767 17767 D StrictMode: 	at com.android.internal.os.ZygoteInit.main(ZygoteInit.java:551)
07-24 06:24:54.537 17767 17767 D StrictMode: 	at dalvik.system.NativeStart.main(Native Method)
07-24 06:24:54.537 17767 17767 D StrictMode: StrictMode policy violation; ~duration=88 ms: android.os.StrictMode$StrictModeDiskWriteViolation: policy=21 violation=1
07-24 06:24:54.537 17767 17767 D StrictMode: 	at android.os.StrictMode$AndroidBlockGuardPolicy.onWriteToDisk(StrictMode.java:1063)
07-24 06:24:54.537 17767 17767 D StrictMode: 	at android.database.sqlite.SQLiteStatement.acquireAndLock(SQLiteStatement.java:226)
07-24 06:24:54.537 17767 17767 D StrictMode: 	at android.database.sqlite.SQLiteStatement.executeUpdateDelete(SQLiteStatement.java:84)
07-24 06:24:54.537 17767 17767 D StrictMode: 	at android.database.sqlite.SQLiteDatabase.executeSql(SQLiteDatabase.java:1899)
07-24 06:24:54.537 17767 17767 D StrictMode: 	at android.database.sqlite.SQLiteDatabase.execSQL(SQLiteDatabase.java:1839)
07-24 06:24:54.537 17767 17767 D StrictMode: 	at android.database.sqlite.SQLiteDatabase.endTransaction(SQLiteDatabase.java:714)
07-24 06:24:54.537 17767 17767 D StrictMode: 	at com.google.android.apps.analytics.v.d(Unknown Source)
07-24 06:24:54.537 17767 17767 D StrictMode: 	at com.google.android.apps.analytics.v.a(Unknown Source)
07-24 06:24:54.537 17767 17767 D StrictMode: 	at com.google.android.apps.analytics.i.a(Unknown Source)
07-24 06:24:54.537 17767 17767 D StrictMode: 	at com.google.android.apps.mytracks.b.a.a(MT:45)
07-24 06:24:54.537 17767 17767 D StrictMode: 	at com.google.android.apps.mytracks.MyTracksApplication.onCreate(MT:42)
07-24 06:24:54.537 17767 17767 D StrictMode: 	at android.app.Instrumentation.callApplicationOnCreate(Instrumentation.java:969)
07-24 06:24:54.537 17767 17767 D StrictMode: 	at android.app.ActivityThread.handleBindApplication(ActivityThread.java:3954)
07-24 06:24:54.537 17767 17767 D StrictMode: 	at android.app.ActivityThread.access$1300(ActivityThread.java:123)
07-24 06:24:54.537 17767 17767 D StrictMode: 	at android.app.ActivityThread$H.handleMessage(ActivityThread.java:1185)
07-24 06:24:54.537 17767 17767 D StrictMode: 	at android.os.Handler.dispatchMessage(Handler.java:99)
07-24 06:24:54.537 17767 17767 D StrictMode: 	at android.os.Looper.loop(Looper.java:137)
07-24 06:24:54.537 17767 17767 D StrictMode: 	at android.app.ActivityThread.main(ActivityThread.java:4424)
07-24 06:24:54.537 17767 17767 D StrictMode: 	at java.lang.reflect.Method.invokeNative(Native Method)
07-24 06:24:54.537 17767 17767 D StrictMode: 	at java.lang.reflect.Method.invoke(Method.java:511)
07-24 06:24:54.537 17767 17767 D StrictMode: 	at com.android.internal.os.ZygoteInit$MethodAndArgsCaller.run(ZygoteInit.java:784)
07-24 06:24:54.537 17767 17767 D StrictMode: 	at com.android.internal.os.ZygoteInit.main(ZygoteInit.java:551)
07-24 06:24:54.537 17767 17767 D StrictMode: 	at dalvik.system.NativeStart.main(Native Method)
07-24 06:25:07.607 17534 17536 D dalvikvm: GC_CONCURRENT freed 680K, 7% free 11466K/12231K, paused 2ms+3ms
07-24 06:25:11.982 17359 17361 D dalvikvm: GC_CONCURRENT freed 314K, 10% free 10552K/11719K, paused 5ms+4ms
07-24 06:25:13.068 17359 17361 D dalvikvm: GC_CONCURRENT freed 426K, 10% free 10609K/11719K, paused 2ms+6ms
07-24 06:25:13.131 16573 16575 D dalvikvm: GC_CONCURRENT freed 411K, 8% free 10181K/11015K, paused 1ms+2ms
07-24 06:25:46.541   342   342 D SAN_SERVICE: *******************************************
07-24 06:25:46.541   342   342 D SAN_SERVICE: DM App Phone Service State - 0
07-24 06:25:46.541   342   342 D SAN_SERVICE: *******************************************
07-24 06:25:46.771   342   342 D SAN_SERVICE: *******************************************
07-24 06:25:46.771   342   342 D SAN_SERVICE: DM App Phone Service State - 0
07-24 06:25:46.771   342   342 D SAN_SERVICE: *******************************************
07-24 06:25:47.025   342   342 D SAN_SERVICE: *******************************************
07-24 06:25:47.025   342   342 D SAN_SERVICE: DM App Phone Service State - 0
07-24 06:25:47.025   342   342 D SAN_SERVICE: *******************************************
07-24 06:26:13.178 16573 16575 D dalvikvm: GC_CONCURRENT freed 402K, 8% free 10180K/11015K, paused 1ms+2ms
07-24 06:26:20.854   145   199 D DhcpInfoInternal: makeLinkProperties with empty dns2!
07-24 06:26:20.854   145   199 D DhcpInfoInternal: makeLinkProperties with empty dns2!
07-24 06:26:54.455 17493 17507 I PhoneLab-: Service Running
07-24 06:26:54.537 17493 17507 I PhoneLab-LoggerService: app_37    1300  1     1440   1000  c00f181c 400107b4 S logcat
07-24 06:26:54.537 17493 17507 I PhoneLab-LoggerService: Logcat pid from database 1300
07-24 06:26:54.537 17493 17507 I PhoneLab-LoggerService: Logcat process found 1300
07-24 06:26:54.537 17493 17507 I PhoneLab-LoggerService: Checking Threshold
07-24 06:26:56.584   145  1303 D dalvikvm: GC_EXPLICIT freed 1061K, 14% free 17078K/19783K, paused 3ms+7ms
07-24 06:27:00.104   145   156 W ActivityManager: finishReceiver called but no pending broadcasts
07-24 06:27:00.170 17359 17361 D dalvikvm: GC_CONCURRENT freed 370K, 9% free 10768K/11719K, paused 2ms+3ms
07-24 06:27:13.232 17359 17361 D dalvikvm: GC_CONCURRENT freed 717K, 10% free 10604K/11719K, paused 2ms+2ms
07-24 06:27:13.287 16573 16575 D dalvikvm: GC_CONCURRENT freed 391K, 8% free 10181K/11015K, paused 2ms+2ms
07-24 06:27:23.834   342   342 D SAN_SERVICE: *******************************************
07-24 06:27:23.838   342   342 D SAN_SERVICE: DM App Phone Service State - 0
07-24 06:27:23.838   342   342 D SAN_SERVICE: *******************************************
07-24 06:27:24.076   342   342 D SAN_SERVICE: *******************************************
07-24 06:27:24.076   342   342 D SAN_SERVICE: DM App Phone Service State - 0
07-24 06:27:24.080   342   342 D SAN_SERVICE: *******************************************
07-24 06:28:13.283 16573 16575 D dalvikvm: GC_CONCURRENT freed 398K, 8% free 10182K/11015K, paused 1ms+2ms
07-24 06:28:45.752   145   199 D DhcpInfoInternal: makeLinkProperties with empty dns2!
07-24 06:28:45.756   145   199 D DhcpInfoInternal: makeLinkProperties with empty dns2!
07-24 06:28:54.459 17493 17507 I PhoneLab-: Service Running
07-24 06:28:54.529 17493 17507 I PhoneLab-LoggerService: app_37    1300  1     1440   1000  c00f181c 400107b4 S logcat
07-24 06:28:54.529 17493 17507 I PhoneLab-LoggerService: Logcat pid from database 1300
07-24 06:28:54.529 17493 17507 I PhoneLab-LoggerService: Logcat process found 1300
07-24 06:28:54.529 17493 17507 I PhoneLab-LoggerService: Checking Threshold
07-24 06:29:11.326   342   342 D SAN_SERVICE: *******************************************
07-24 06:29:11.326   342   342 D SAN_SERVICE: DM App Phone Service State - 0
07-24 06:29:11.326   342   342 D SAN_SERVICE: *******************************************
07-24 06:29:11.576   342   342 D SAN_SERVICE: *******************************************
07-24 06:29:11.576   342   342 D SAN_SERVICE: DM App Phone Service State - 0
07-24 06:29:11.576   342   342 D SAN_SERVICE: *******************************************
07-24 06:29:11.826   342   342 D SAN_SERVICE: *******************************************
07-24 06:29:11.826   342   342 D SAN_SERVICE: DM App Phone Service State - 0
07-24 06:29:11.826   342   342 D SAN_SERVICE: *******************************************
07-24 06:29:13.283 17359 17361 D dalvikvm: GC_CONCURRENT freed 520K, 10% free 10610K/11719K, paused 2ms+2ms
07-24 06:29:13.393 16573 16575 D dalvikvm: GC_CONCURRENT freed 404K, 8% free 10185K/11015K, paused 2ms+2ms
07-24 06:29:26.924   342   342 D SAN_SERVICE: *******************************************
07-24 06:29:26.924   342   342 D SAN_SERVICE: DM App Phone Service State - 0
07-24 06:29:26.924   342   342 D SAN_SERVICE: *******************************************
07-24 06:29:27.432   342   342 D SAN_SERVICE: *******************************************
07-24 06:29:27.432   342   342 D SAN_SERVICE: DM App Phone Service State - 0
07-24 06:29:27.432   342   342 D SAN_SERVICE: *******************************************
07-24 06:29:36.967   342   342 D SAN_SERVICE: *******************************************
07-24 06:29:36.971   342   342 D SAN_SERVICE: DM App Phone Service State - 0
07-24 06:29:36.971   342   342 D SAN_SERVICE: *******************************************
07-24 06:30:00.061   145   162 I ActivityManager: Start proc com.android.deskclock for broadcast com.android.deskclock/.AlarmReceiver: pid=17841 uid=10011 gids={}
07-24 06:30:00.104 17841 17841 I ActivityThread: Pub com.android.deskclock: com.android.deskclock.AlarmProvider
07-24 06:30:00.326   145   326 W BackupManagerService: dataChanged but no participant pkg='com.android.providers.settings' uid=10011
07-24 06:30:00.396 17841 17854 V AlarmClock: Recevied alarm set for 06:30:00.000 AM
07-24 06:30:00.697   145   379 I ActivityManager: Start proc android.process.media for content provider com.android.providers.media/.MediaProvider: pid=17856 uid=10012 gids={1015, 1023, 1024, 2001, 3003, 3007}
07-24 06:30:00.709   215   215 D PhoneStatusBar: Notification has fullScreenIntent; sending fullScreenIntent
07-24 06:30:00.713   145   157 I ActivityManager: START {flg=0x10040000 cmp=com.android.deskclock/.AlarmAlertFullScreen (has extras)} from pid -1
07-24 06:30:00.850 17856 17856 I ActivityThread: Pub downloads: com.android.providers.downloads.DownloadProvider
07-24 06:30:00.865  9919  9919 D OpenGLRenderer: Flushing caches (mode 0)
07-24 06:30:00.908   215   217 D dalvikvm: GC_CONCURRENT freed 559K, 30% free 9980K/14215K, paused 4ms+5ms
07-24 06:30:00.936 17856 17856 I ActivityThread: Pub drm: com.android.providers.drm.DrmProvider
07-24 06:30:00.939 17856 17870 I DownloadManager: in removeSpuriousFiles
07-24 06:30:00.982 17856 17856 I ActivityThread: Pub media: com.android.providers.media.MediaProvider
07-24 06:30:00.986 17856 17870 I DownloadManager: in removeSpuriousFiles, preserving file /data/data/com.android.providers.downloads/cache/metadata.json
07-24 06:30:00.986 17856 17870 I DownloadManager: in removeSpuriousFiles, preserving file /data/data/com.android.providers.downloads/cache/en_general.htm
07-24 06:30:00.986 17856 17870 I DownloadManager: in removeSpuriousFiles, preserving file /mnt/sdcard/Download/img-thing.jpeg
07-24 06:30:00.986 17856 17870 I DownloadManager: in removeSpuriousFiles, preserving file /data/data/com.android.providers.downloads/cache/metadata-1.json
07-24 06:30:00.986 17856 17870 I DownloadManager: in removeSpuriousFiles, preserving file /data/data/com.android.providers.downloads/cache/downloadfile.jpeg
07-24 06:30:00.986 17856 17870 I DownloadManager: in removeSpuriousFiles, preserving file /data/data/com.android.providers.downloads/cache/metadata-2.json
07-24 06:30:00.986 17856 17870 I DownloadManager: in removeSpuriousFiles, preserving file /data/data/com.android.providers.downloads/cache/metadata-3.json
07-24 06:30:00.986 17856 17870 I DownloadManager: in removeSpuriousFiles, preserving file /data/data/com.android.providers.downloads/cache/downloadfile-1.jpeg
07-24 06:30:00.986 17856 17870 I DownloadManager: in removeSpuriousFiles, preserving file /data/data/com.android.providers.downloads/cache/downloadfile-2.jpeg
07-24 06:30:00.986 17856 17870 I DownloadManager: in removeSpuriousFiles, preserving file /data/data/com.android.providers.downloads/cache/metadata-4.json
07-24 06:30:00.986 17856 17870 I DownloadManager: in removeSpuriousFiles, preserving file /data/data/com.android.providers.downloads/cache/metadata-5.json
07-24 06:30:00.986 17856 17870 I DownloadManager: in removeSpuriousFiles, preserving file /data/data/com.android.providers.downloads/cache/metadata-6.json
07-24 06:30:00.986 17856 17870 I DownloadManager: in removeSpuriousFiles, preserving file /data/data/com.android.providers.downloads/cache/metadata-7.json
07-24 06:30:00.986 17856 17870 I DownloadManager: in removeSpuriousFiles, preserving file /data/data/com.android.providers.downloads/cache/downloadfile.apk
07-24 06:30:00.990 17856 17870 I DownloadManager: deleting spurious file /cache/backup
07-24 06:30:01.068   215   217 D dalvikvm: GC_CONCURRENT freed 324K, 29% free 10122K/14215K, paused 6ms+3ms
07-24 06:30:01.100  9919  9919 D OpenGLRenderer: Flushing caches (mode 2)
07-24 06:30:01.162  9919  9919 D OpenGLRenderer: Flushing caches (mode 0)
07-24 06:30:01.162  9919  9919 W ManagedEGLContext: doTerminate failed: EGL count is 3 but managed count is 1
07-24 06:30:01.256   145   161 I Process : Sending signal. PID: 17841 SIG: 3
07-24 06:30:01.256 17841 17845 I dalvikvm: threadid=3: reacting to signal 3
07-24 06:30:01.338 17841 17845 I dalvikvm: Wrote stack traces to '/data/anr/traces.txt'
07-24 06:30:01.365   145   161 W ActivityManager: Activity pause timeout for ActivityRecord{41708550 com.android.deskclock/.AlarmAlertFullScreen}
07-24 06:30:01.369   145   161 I Process : Sending signal. PID: 17841 SIG: 3
07-24 06:30:01.369 17841 17845 I dalvikvm: threadid=3: reacting to signal 3
07-24 06:30:01.373 17841 17845 I dalvikvm: Wrote stack traces to '/data/anr/traces.txt'
07-24 06:30:01.377  9919  9919 W ThumbnailCache: Low Memory: Freed 0 textures from compression queue, 0 from write queue, 1 from the pinned list, 0 from the cache.
07-24 06:30:01.506 17856 17859 D dalvikvm: GC_CONCURRENT freed 363K, 5% free 9172K/9607K, paused 4ms+5ms
07-24 06:30:01.736   145   161 I Process : Sending signal. PID: 17841 SIG: 3
07-24 06:30:01.736 17841 17845 I dalvikvm: threadid=3: reacting to signal 3
07-24 06:30:01.768 17841 17845 I dalvikvm: Wrote stack traces to '/data/anr/traces.txt'
07-24 06:30:01.787 17841 17843 D dalvikvm: GC_CONCURRENT freed 300K, 5% free 9172K/9607K, paused 3ms+5ms
07-24 06:30:01.896    81   124 D AudioHardware: AudioHardware pcm playback is exiting standby.
07-24 06:30:01.896    81   124 D AudioHardware: openPcmOut_l() mPcmOpenCnt: 0
07-24 06:30:02.107   215   215 D PhoneStatusBar: disable: < expand icons alerts ticker system_info back* home* recent* clock* >
07-24 06:30:02.146 17841 17841 D libEGL  : loaded /system/lib/egl/libGLES_android.so
07-24 06:30:02.158 17841 17841 D libEGL  : loaded /vendor/lib/egl/libEGL_POWERVR_SGX540_120.so
07-24 06:30:02.213 17841 17841 D libEGL  : loaded /vendor/lib/egl/libGLESv1_CM_POWERVR_SGX540_120.so
07-24 06:30:02.217 17841 17841 D libEGL  : loaded /vendor/lib/egl/libGLESv2_POWERVR_SGX540_120.so
07-24 06:30:02.248   145   161 I Process : Sending signal. PID: 17841 SIG: 3
07-24 06:30:02.248 17841 17845 I dalvikvm: threadid=3: reacting to signal 3
07-24 06:30:02.248   145   162 I ActivityManager: Start proc com.google.android.apps.gesturesearch for broadcast com.google.android.apps.gesturesearch/.motion.ScreenStateReceiver: pid=17882 uid=10088 gids={3003}
07-24 06:30:02.275 17841 17845 I dalvikvm: Wrote stack traces to '/data/anr/traces.txt'
07-24 06:30:02.291 17882 17882 I dalvikvm: Turning on JNI app bug workarounds for target SDK version 8...
07-24 06:30:02.377   145   363 I ActivityManager: Process com.github.mobile:repos (pid 17655) has died.
07-24 06:30:02.385 17882 17882 I ActivityThread: Pub com.google.android.apps.gesturesearch.history: com.google.android.apps.gesturesearch.data.QueryHistoryProvider
07-24 06:30:02.385 17882 17882 I ActivityThread: Pub com.google.android.apps.gesturesearch.index: com.google.android.apps.gesturesearch.data.IndexProvider
07-24 06:30:02.451 17841 17841 D OpenGLRenderer: Enabling debug mode 0
07-24 06:30:02.455  9919  9919 D OpenGLRenderer: Flushing caches (mode 2)
07-24 06:30:02.455  9919  9919 D OpenGLRenderer: Flushing caches (mode 0)
07-24 06:30:02.459  9919  9919 W ManagedEGLContext: doTerminate failed: EGL count is 3 but managed count is 1
07-24 06:30:02.459  9919  9919 W ThumbnailCache: Low Memory: Freed 0 textures from compression queue, 0 from write queue, 0 from the pinned list, 0 from the cache.
07-24 06:30:02.584   321   336 D dalvikvm: GC_EXPLICIT freed 16K, 20% free 10030K/12487K, paused 15ms+4ms
07-24 06:30:02.588  9919  9919 W IInputConnectionWrapper: showStatusIcon on inactive InputConnection
07-24 06:30:02.627   145   175 I ActivityManager: Displayed com.android.deskclock/.AlarmAlertFullScreen: +1s896ms
07-24 06:30:02.631   145   145 I power   : *** set_screen_state 1
07-24 06:30:02.631   145   176 I WindowManager: No lock screen!
07-24 06:30:02.826    78   121 D SurfaceFlinger: Screen about to return, flinger = 0x749918
07-24 06:30:02.920   145   423 I ActivityManager: Start proc android.process.acore for content provider com.android.providers.contacts/.ContactsProvider2: pid=17897 uid=10000 gids={3003, 1015}
07-24 06:30:03.057 17897 17897 I ActivityThread: Pub call_log: com.android.providers.contacts.CallLogProvider
07-24 06:30:03.100 17897 17897 I ActivityThread: Pub com.android.voicemail: com.android.providers.contacts.VoicemailContentProvider
07-24 06:30:03.107 17897 17897 I ActivityThread: Pub user_dictionary: com.android.providers.userdictionary.UserDictionaryProvider
07-24 06:30:03.119 17897 17897 I ActivityThread: Pub com.android.social: com.android.providers.contacts.SocialProvider
07-24 06:30:03.119 17897 17897 I ActivityThread: Pub applications: com.android.providers.applications.ApplicationsProvider
07-24 06:30:03.209 17897 17897 I ActivityThread: Pub contacts;com.android.contacts: com.android.providers.contacts.ContactsProvider2
07-24 06:30:03.232 17897 17900 D dalvikvm: GC_CONCURRENT freed 340K, 5% free 9154K/9607K, paused 2ms+2ms
07-24 06:30:03.564 17897 17900 D dalvikvm: GC_CONCURRENT freed 227K, 4% free 9393K/9735K, paused 10ms+2ms
07-24 06:30:04.357 17897 17900 D dalvikvm: GC_CONCURRENT freed 282K, 4% free 9539K/9927K, paused 9ms+4ms
07-24 06:30:05.760   145   423 I ActivityManager: Process com.android.chrome:sandboxed_process1 (pid 10030) has died.
07-24 06:30:05.764   145   423 W ActivityManager: Scheduling restart of crashed service com.android.chrome/org.chromium.content.browser.SandboxedProcessService1 in 5000ms
07-24 06:30:05.885  9919  9919 W SandboxedProcessConnection: onServiceDisconnected (crash?): pid=10030
07-24 06:30:05.912  9919  9970 W SurfaceTexture: [unnamed-9919-3] cancelBuffer: SurfaceTexture has been abandoned!
07-24 06:30:05.916  9919  9919 D SandboxedProcessLauncher: stopping sandboxed connection: pid=10030
07-24 06:30:05.920  9919  9919 D SandboxedProcessLauncher: stopping sandboxed connection: pid=10030
07-24 06:30:05.920  9919  9919 W SandboxedProcessLauncher: Tried to stop non-existent connection to pid: 10030
07-24 06:30:05.990  6099  7810 D dalvikvm: GC_EXPLICIT freed 415K, 6% free 10326K/10887K, paused 9ms+10ms
07-24 06:30:06.123 17897 17900 D dalvikvm: GC_CONCURRENT freed 261K, 4% free 9733K/10119K, paused 31ms+14ms
07-24 06:30:06.252   145  1303 D dalvikvm: GC_EXPLICIT freed 1537K, 14% free 17109K/19783K, paused 18ms+11ms
07-24 06:30:07.635  9919  9919 D OpenGLRenderer: Flushing caches (mode 1)
07-24 06:30:07.639  9919  9919 W ThumbnailCache: Low Memory: Freed 0 textures from compression queue, 0 from write queue, 0 from the pinned list, 0 from the cache.
07-24 06:30:07.850  9919  9919 D OpenGLRenderer: Flushing caches (mode 1)
07-24 06:30:07.854  9919  9919 W ThumbnailCache: Low Memory: Freed 0 textures from compression queue, 0 from write queue, 0 from the pinned list, 0 from the cache.
07-24 06:30:10.607 17534 17536 D dalvikvm: GC_CONCURRENT freed 642K, 7% free 11556K/12295K, paused 9ms+5ms
07-24 06:30:13.365  9919  9919 D OpenGLRenderer: Flushing caches (mode 1)
07-24 06:30:13.369  9919  9919 W ThumbnailCache: Low Memory: Freed 0 textures from compression queue, 0 from write queue, 0 from the pinned list, 0 from the cache.
07-24 06:30:13.490 16573 16575 D dalvikvm: GC_CONCURRENT freed 412K, 8% free 10184K/11015K, paused 3ms+3ms
07-24 06:30:33.318 17841 17841 I AlarmClock: Alarm dismissed by user
07-24 06:30:33.537  9919  9966 W chromium: [WARNING:sync_notifier_impl_android.cc(70)] Could not get invalidation model type; invalidating enabled types: Bookmarks, Typed URLs, Encryption keys, Sessions
07-24 06:30:33.588  9919  9919 D NetworkConnectivityReceiver: Network connectivity changed, status is: true
07-24 06:30:33.600   215   217 D dalvikvm: GC_CONCURRENT freed 383K, 28% free 10240K/14215K, paused 16ms+4ms
07-24 06:30:33.799 17841 17841 D OpenGLRenderer: Flushing caches (mode 0)
07-24 06:30:33.857   145   157 I ActivityManager: Start proc com.google.android.gsf.login for service com.google.android.gsf.login/com.google.android.gsf.loginservice.GoogleLoginService: pid=17928 uid=10009 gids={3003, 1015, 1007, 2001, 3006}
07-24 06:30:33.916 17841 17841 D OpenGLRenderer: Flushing caches (mode 1)
07-24 06:30:36.455    81   124 D AudioHardware: AudioHardware pcm playback is going to standby.
07-24 06:30:36.455    81   124 D AudioHardware: closePcmOut_l() mPcmOpenCnt: 1
07-24 06:30:36.799  9919  9922 D dalvikvm: GC_CONCURRENT freed 2621K, 19% free 12188K/14919K, paused 23ms+11ms
07-24 06:30:38.521  9919  9919 D ChromeBrowserSyncAdapter: no delayed sync
07-24 06:30:38.611  9919 17869 D dalvikvm: GC_EXPLICIT freed 1578K, 29% free 10736K/14919K, paused 8ms+3ms
07-24 06:30:45.670  9919  9919 D SandboxedProcessLauncher: Setting up connection to process: slot=0
07-24 06:30:45.713   145   326 I ActivityManager: Start proc com.android.chrome:sandboxed_process0 for service com.android.chrome/org.chromium.content.browser.SandboxedProcessService0: pid=17953 uid=10089 gids={3003, 1015}
07-24 06:30:45.791  9919  9919 D SandboxedProcessLauncher: on connect callback, pid=17953 context=7945632
07-24 06:30:45.795 17953 17966 I LibraryLoader: loading: chromeview
07-24 06:30:45.795 17953 17966 D dalvikvm: Trying to load lib /data/data/com.android.chrome/lib/libchromeview.so 0x41323d10
07-24 06:30:46.143 17953 17966 D dalvikvm: Added shared lib /data/data/com.android.chrome/lib/libchromeview.so 0x41323d10
07-24 06:30:46.143 17953 17966 I LibraryLoader: loaded: chromeview
07-24 06:30:46.146 17953 17966 I chromium: [INFO:chrome_library_loader_hooks.cc(156)] Chromium logging enabled: level = 0, default verbosity = 0
07-24 06:30:46.283 17953 17966 I chromium: [INFO:sandboxed_process_service.cc(173)] Starting sandboxed process main entry point, cmdline=/system/bin/app_process --type=renderer --enable-fixed-layout --enable-threaded-compositing --ppapi-out-of-process --register-pepper-plugins --disable-databases --lang=en-US --enable-crash-reporter=A6130CD8E980364C2E47F05F96B52620,Android --disable-client-side-phishing-detection --enable-in-browser-thumbnailing --channel=9919.7.1461586220 --data-dir=/data/data/com.android.chrome/app_chrome --lang=en-US --cache-dir=/data/data/com.android.chrome/cache
07-24 06:30:48.092   145   338 I ActivityManager: START {act=android.intent.action.VIEW dat=content://gmail-ls/account/lokeshmandvekar@gmail.com/label/^i typ=application/gmail-ls flg=0x10008000 cmp=com.google.android.gm/.ConversationListActivityGmail bnds=[96,119][480,215] (has extras)} from pid -1
07-24 06:30:48.139   145   378 W KeyguardViewMediator: verifyUnlock called when not externally disabled
07-24 06:30:48.443   145   156 I ActivityManager: Start proc com.google.android.gm for activity com.google.android.gm/.ConversationListActivityGmail: pid=17973 uid=10075 gids={3003, 1015}
07-24 06:30:48.447   145   157 W InputManagerService: Window already focused, ignoring focus gain of: com.android.internal.view.IInputMethodClient$Stub$Proxy@4178f9d8
07-24 06:30:48.482  9919  9919 D OpenGLRenderer: Flushing caches (mode 1)
07-24 06:30:48.564    79    79 D dalvikvm: GC_EXPLICIT freed 37K, 4% free 9031K/9347K, paused 2ms+11ms
07-24 06:30:48.568   215   217 D dalvikvm: GC_CONCURRENT freed 924K, 32% free 9703K/14215K, paused 1ms+7ms
07-24 06:30:48.619    79    79 D dalvikvm: GC_EXPLICIT freed <1K, 4% free 9031K/9347K, paused 2ms+4ms
07-24 06:30:48.650    79    79 D dalvikvm: GC_EXPLICIT freed <1K, 4% free 9031K/9347K, paused 2ms+2ms
07-24 06:30:48.650  9919  9919 D OpenGLRenderer: Flushing caches (mode 0)
07-24 06:30:48.697 17973 17973 I ActivityThread: Pub gmail-ls: com.google.android.gm.provider.MailProvider
07-24 06:30:48.725 17973 17973 I ActivityThread: Pub com.google.android.gm: com.google.android.gm.provider.PublicContentProvider
07-24 06:30:48.744 17973 17973 I ActivityThread: Pub com.google.android.gmail.SuggestionProvider: com.google.android.gm.SuggestionsProvider
07-24 06:30:48.986   145   161 I Process : Sending signal. PID: 17973 SIG: 3
07-24 06:30:48.986 17973 17977 I dalvikvm: threadid=3: reacting to signal 3
07-24 06:30:49.061 17973 17977 I dalvikvm: Wrote stack traces to '/data/anr/traces.txt'
07-24 06:30:49.076 17973 17975 D dalvikvm: GC_CONCURRENT freed 253K, 4% free 9252K/9607K, paused 11ms+2ms
07-24 06:30:49.482   145   161 I Process : Sending signal. PID: 17973 SIG: 3
07-24 06:30:49.482 17973 17977 I dalvikvm: threadid=3: reacting to signal 3
07-24 06:30:49.857 17973 17977 I dalvikvm: Wrote stack traces to '/data/anr/traces.txt'
07-24 06:30:49.994   145   161 I Process : Sending signal. PID: 17973 SIG: 3
07-24 06:30:49.994 17973 17977 I dalvikvm: threadid=3: reacting to signal 3
07-24 06:30:50.600   145   161 I Process : Sending signal. PID: 17973 SIG: 3
07-24 06:30:50.600 17973 17977 I dalvikvm: Wrote stack traces to '/data/anr/traces.txt'
07-24 06:30:50.600 17973 17977 I dalvikvm: threadid=3: reacting to signal 3
07-24 06:30:50.861 17973 17977 I dalvikvm: Wrote stack traces to '/data/anr/traces.txt'
07-24 06:30:51.010 17973 17975 D dalvikvm: GC_CONCURRENT freed 214K, 3% free 9577K/9863K, paused 21ms+4ms
07-24 06:30:51.115 17973 17992 I Gmail   : calculateUnknownSyncRationalesAndPurgeInBackground: queueing
07-24 06:30:51.197   145   161 I Process : Sending signal. PID: 17973 SIG: 3
07-24 06:30:51.197 17973 17977 I dalvikvm: threadid=3: reacting to signal 3
07-24 06:30:51.201 17973 17977 I dalvikvm: Wrote stack traces to '/data/anr/traces.txt'
07-24 06:30:51.307 17973 17973 D libEGL  : loaded /system/lib/egl/libGLES_android.so
07-24 06:30:51.311 17973 17973 D libEGL  : loaded /vendor/lib/egl/libEGL_POWERVR_SGX540_120.so
07-24 06:30:51.338 17973 17973 D libEGL  : loaded /vendor/lib/egl/libGLESv1_CM_POWERVR_SGX540_120.so
07-24 06:30:51.342 17973 17973 D libEGL  : loaded /vendor/lib/egl/libGLESv2_POWERVR_SGX540_120.so
07-24 06:30:51.396 17973 17973 D OpenGLRenderer: Enabling debug mode 0
07-24 06:30:51.436   145   430 W InputManagerService: Starting input on non-focused client com.android.internal.view.IInputMethodClient$Stub$Proxy@418b0c50 (uid=10089 pid=9919)
07-24 06:30:51.529   145   175 I ActivityManager: Displayed com.google.android.gm/.ConversationListActivityGmail: +3s294ms
07-24 06:30:51.572 17973 17975 D dalvikvm: GC_CONCURRENT freed 227K, 4% free 9762K/10119K, paused 7ms+2ms
07-24 06:30:52.084 17973 17992 I Gmail   : calculateUnknownSyncRationalesAndPurgeInBackground: queueing
07-24 06:30:52.447 17973 17975 D dalvikvm: GC_CONCURRENT freed 234K, 4% free 9990K/10311K, paused 3ms+4ms
07-24 06:30:52.475 17973 17992 I Gmail   : calculateUnknownSyncRationalesAndPurgeInBackground: running
07-24 06:30:52.865 17973 17992 I Gmail   : calculateUnknownSyncRationalesAndPurgeInBackground: running
07-24 06:30:53.662 17973 18004 I Gmail   : Sending notification intent: Intent { act=android.intent.action.PROVIDER_CHANGED dat=content://gmail-ls/unread/^i (has extras) }
07-24 06:30:54.064 17973 17975 D dalvikvm: GC_CONCURRENT freed 443K, 6% free 9990K/10567K, paused 2ms+2ms
07-24 06:30:54.463 17493 17507 I PhoneLab-: Service Running
07-24 06:30:54.600 17493 17507 I PhoneLab-LoggerService: app_37    1300  1     1440   1000  c00f181c 400107b4 S logcat
07-24 06:30:54.604 17493 17507 I PhoneLab-LoggerService: Logcat pid from database 1300
07-24 06:30:54.604 17493 17507 I PhoneLab-LoggerService: Logcat process found 1300
07-24 06:30:54.604 17493 17507 I PhoneLab-LoggerService: Checking Threshold
07-24 06:30:56.342  9919  9922 D dalvikvm: GC_CONCURRENT freed 292K, 27% free 10981K/14919K, paused 7ms+14ms
07-24 06:30:59.205   342   342 D SAN_SERVICE: *******************************************
07-24 06:30:59.205   342   342 D SAN_SERVICE: DM App Phone Service State - 0
07-24 06:30:59.205   342   342 D SAN_SERVICE: *******************************************
07-24 06:30:59.877   342   342 D SAN_SERVICE: *******************************************
07-24 06:30:59.877   342   342 D SAN_SERVICE: DM App Phone Service State - 0
07-24 06:30:59.877   342   342 D SAN_SERVICE: *******************************************
07-24 06:31:09.158   342   342 D SAN_SERVICE: *******************************************
07-24 06:31:09.158   342   342 D SAN_SERVICE: DM App Phone Service State - 0
07-24 06:31:09.158   342   342 D SAN_SERVICE: *******************************************
07-24 06:31:09.205 17359 17361 D dalvikvm: GC_CONCURRENT freed 411K, 10% free 10602K/11719K, paused 6ms+2ms
07-24 06:31:09.826   342   342 D SAN_SERVICE: *******************************************
07-24 06:31:09.826   342   342 D SAN_SERVICE: DM App Phone Service State - 0
07-24 06:31:09.826   342   342 D SAN_SERVICE: *******************************************
07-24 06:31:10.674   145   199 D DhcpInfoInternal: makeLinkProperties with empty dns2!
07-24 06:31:10.678   145   199 D DhcpInfoInternal: makeLinkProperties with empty dns2!
07-24 06:31:13.486 16573 16575 D dalvikvm: GC_CONCURRENT freed 417K, 8% free 10183K/11015K, paused 2ms+2ms
07-24 06:31:42.975  9919 17942 W AndroidResourcesFactory: [chromesync#-577763198] Not running on internal thread since resources not started 69032, RegSyncHeartbeat:com.google.ipc.invalidation.ticl.RecurringTask$1@41834fe8
07-24 06:31:46.646   342   342 D SAN_SERVICE: *******************************************
07-24 06:31:46.646   342   342 D SAN_SERVICE: DM App Phone Service State - 0
07-24 06:31:46.646   342   342 D SAN_SERVICE: *******************************************
07-24 06:31:51.686   342   342 D SAN_SERVICE: *******************************************
07-24 06:31:51.686   342   342 D SAN_SERVICE: DM App Phone Service State - 0
07-24 06:31:51.686   342   342 D SAN_SERVICE: *******************************************
07-24 06:32:13.510 17359 17361 D dalvikvm: GC_CONCURRENT freed 520K, 10% free 10609K/11719K, paused 2ms+3ms
07-24 06:32:13.666 16573 16575 D dalvikvm: GC_CONCURRENT freed 401K, 8% free 10183K/11015K, paused 1ms+5ms
07-24 06:32:46.373   342   342 D SAN_SERVICE: *******************************************
07-24 06:32:46.373   342   342 D SAN_SERVICE: DM App Phone Service State - 0
07-24 06:32:46.373   342   342 D SAN_SERVICE: *******************************************
07-24 06:32:54.455 17493 17507 I PhoneLab-: Service Running
07-24 06:32:54.545 17493 17507 I PhoneLab-LoggerService: app_37    1300  1     1440   1000  c00f181c 400107b4 S logcat
07-24 06:32:54.545 17493 17507 I PhoneLab-LoggerService: Logcat pid from database 1300
07-24 06:32:54.545 17493 17507 I PhoneLab-LoggerService: Logcat process found 1300
07-24 06:32:54.549 17493 17507 I PhoneLab-LoggerService: Checking Threshold
07-24 06:32:54.564 17493 17495 D dalvikvm: GC_CONCURRENT freed 442K, 6% free 9105K/9671K, paused 1ms+2ms
07-24 06:33:06.896   342   342 D SAN_SERVICE: *******************************************
07-24 06:33:06.896   342   342 D SAN_SERVICE: DM App Phone Service State - 0
07-24 06:33:06.896   342   342 D SAN_SERVICE: *******************************************
07-24 06:33:07.127   342   342 D SAN_SERVICE: *******************************************
07-24 06:33:07.127   342   342 D SAN_SERVICE: DM App Phone Service State - 0
07-24 06:33:07.127   342   342 D SAN_SERVICE: *******************************************
07-24 06:33:07.443   342   342 D SAN_SERVICE: *******************************************
07-24 06:33:07.443   342   342 D SAN_SERVICE: DM App Phone Service State - 0
07-24 06:33:07.443   342   342 D SAN_SERVICE: *******************************************
07-24 06:33:07.463   342   345 D dalvikvm: GC_CONCURRENT freed 392K, 7% free 9448K/10119K, paused 38ms+2ms
07-24 06:33:13.627 16573 16575 D dalvikvm: GC_CONCURRENT freed 400K, 8% free 10179K/11015K, paused 2ms+3ms
07-24 06:33:27.311  6099  6719 I EventLogService: Aggregate from 1343124207050 (log), 1343124207050 (data)
07-24 06:33:35.553   145   199 D DhcpInfoInternal: makeLinkProperties with empty dns2!
07-24 06:33:35.561   145   199 D DhcpInfoInternal: makeLinkProperties with empty dns2!
07-24 06:34:03.201   342   342 D SAN_SERVICE: *******************************************
07-24 06:34:03.201   342   342 D SAN_SERVICE: DM App Phone Service State - 0
07-24 06:34:03.201   342   342 D SAN_SERVICE: *******************************************
07-24 06:34:03.436   342   342 D SAN_SERVICE: *******************************************
07-24 06:34:03.436   342   342 D SAN_SERVICE: DM App Phone Service State - 0
07-24 06:34:03.436   342   342 D SAN_SERVICE: *******************************************
07-24 06:34:03.705   342   342 D SAN_SERVICE: *******************************************
07-24 06:34:03.705   342   342 D SAN_SERVICE: DM App Phone Service State - 0
07-24 06:34:03.705   342   342 D SAN_SERVICE: *******************************************
07-24 06:34:12.428   145   157 D dalvikvm: GC_EXPLICIT freed 2108K, 17% free 16495K/19783K, paused 28ms+9ms
07-24 06:34:13.775 17359 17361 D dalvikvm: GC_CONCURRENT freed 527K, 10% free 10611K/11719K, paused 2ms+7ms
07-24 06:34:13.896 16573 16575 D dalvikvm: GC_CONCURRENT freed 392K, 8% free 10180K/11015K, paused 2ms+2ms
07-24 06:34:30.475   342   342 D SAN_SERVICE: *******************************************
07-24 06:34:30.475   342   342 D SAN_SERVICE: DM App Phone Service State - 0
07-24 06:34:30.475   342   342 D SAN_SERVICE: *******************************************
07-24 06:34:39.021   342   342 D SAN_SERVICE: *******************************************
07-24 06:34:39.021   342   342 D SAN_SERVICE: DM App Phone Service State - 0
07-24 06:34:39.021   342   342 D SAN_SERVICE: *******************************************
07-24 06:34:54.455 17493 17507 I PhoneLab-: Service Running
07-24 06:34:54.545 17493 17507 I PhoneLab-LoggerService: app_37    1300  1     1440   1000  c00f181c 400107b4 S logcat
07-24 06:34:54.545 17493 17507 I PhoneLab-LoggerService: Logcat pid from database 1300
07-24 06:34:54.545 17493 17507 I PhoneLab-LoggerService: Logcat process found 1300
07-24 06:34:54.545 17493 17507 I PhoneLab-LoggerService: Checking Threshold
07-24 06:35:04.623   342   342 D SAN_SERVICE: *******************************************
07-24 06:35:04.623   342   342 D SAN_SERVICE: DM App Phone Service State - 0
07-24 06:35:04.623   342   342 D SAN_SERVICE: *******************************************
07-24 06:35:04.854   342   342 D SAN_SERVICE: *******************************************
07-24 06:35:04.854   342   342 D SAN_SERVICE: DM App Phone Service State - 0
07-24 06:35:04.854   342   342 D SAN_SERVICE: *******************************************
07-24 06:35:13.889 16573 16575 D dalvikvm: GC_CONCURRENT freed 395K, 8% free 10178K/11015K, paused 2ms+2ms
07-24 06:35:40.467   342   342 D SAN_SERVICE: *******************************************
07-24 06:35:40.467   342   342 D SAN_SERVICE: DM App Phone Service State - 0
07-24 06:35:40.467   342   342 D SAN_SERVICE: *******************************************
07-24 06:35:40.740   342   342 D SAN_SERVICE: *******************************************
07-24 06:35:40.740   342   342 D SAN_SERVICE: DM App Phone Service State - 0
07-24 06:35:40.740   342   342 D SAN_SERVICE: *******************************************
07-24 06:35:40.928   342   342 D SAN_SERVICE: *******************************************
07-24 06:35:40.928   342   342 D SAN_SERVICE: DM App Phone Service State - 0
07-24 06:35:40.928   342   342 D SAN_SERVICE: *******************************************
07-24 06:35:52.361   342   342 D SAN_SERVICE: *******************************************
07-24 06:35:52.361   342   342 D SAN_SERVICE: DM App Phone Service State - 0
07-24 06:35:52.361   342   342 D SAN_SERVICE: *******************************************
07-24 06:35:53.174   342   342 D SAN_SERVICE: *******************************************
07-24 06:35:53.174   342   342 D SAN_SERVICE: DM App Phone Service State - 0
07-24 06:35:53.174   342   342 D SAN_SERVICE: *******************************************
07-24 06:36:00.447   145   199 D DhcpInfoInternal: makeLinkProperties with empty dns2!
07-24 06:36:00.455   145   199 D DhcpInfoInternal: makeLinkProperties with empty dns2!
07-24 06:36:00.928   342   342 D SAN_SERVICE: *******************************************
07-24 06:36:00.928   342   342 D SAN_SERVICE: DM App Phone Service State - 0
07-24 06:36:00.928   342   342 D SAN_SERVICE: *******************************************
07-24 06:36:13.951 17359 17361 D dalvikvm: GC_CONCURRENT freed 530K, 10% free 10610K/11719K, paused 2ms+3ms
07-24 06:36:14.072 16573 16575 D dalvikvm: GC_CONCURRENT freed 391K, 8% free 10179K/11015K, paused 2ms+2ms
07-24 06:36:26.600   342   342 D SAN_SERVICE: *******************************************
07-24 06:36:26.600   342   342 D SAN_SERVICE: DM App Phone Service State - 0
07-24 06:36:26.600   342   342 D SAN_SERVICE: *******************************************
07-24 06:36:26.838   342   342 D SAN_SERVICE: *******************************************
07-24 06:36:26.838   342   342 D SAN_SERVICE: DM App Phone Service State - 0
07-24 06:36:26.838   342   342 D SAN_SERVICE: *******************************************
07-24 06:36:54.455 17493 17507 I PhoneLab-: Service Running
07-24 06:36:54.537 17493 17507 I PhoneLab-LoggerService: app_37    1300  1     1440   1000  c00f181c 400107b4 S logcat
07-24 06:36:54.537 17493 17507 I PhoneLab-LoggerService: Logcat pid from database 1300
07-24 06:36:54.537 17493 17507 I PhoneLab-LoggerService: Logcat process found 1300
07-24 06:36:54.537 17493 17507 I PhoneLab-LoggerService: Checking Threshold
07-24 06:37:14.053 16573 16575 D dalvikvm: GC_CONCURRENT freed 394K, 8% free 10179K/11015K, paused 2ms+2ms
07-24 06:38:03.826   342   342 D SAN_SERVICE: *******************************************
07-24 06:38:03.826   342   342 D SAN_SERVICE: DM App Phone Service State - 0
07-24 06:38:03.826   342   342 D SAN_SERVICE: *******************************************
07-24 06:38:14.002   342   342 D SAN_SERVICE: *******************************************
07-24 06:38:14.002   342   342 D SAN_SERVICE: DM App Phone Service State - 0
07-24 06:38:14.002   342   342 D SAN_SERVICE: *******************************************
07-24 06:38:14.025 17359 17361 D dalvikvm: GC_CONCURRENT freed 523K, 10% free 10615K/11719K, paused 1ms+3ms
07-24 06:38:14.123 17359 17381 D dalvikvm: GC_EXPLICIT freed 47K, 10% free 10595K/11719K, paused 11ms+2ms
07-24 06:38:14.201 16573 16575 D dalvikvm: GC_CONCURRENT freed 392K, 8% free 10179K/11015K, paused 2ms+2ms
07-24 06:38:24.303   342   342 D SAN_SERVICE: *******************************************
07-24 06:38:24.307   342   342 D SAN_SERVICE: DM App Phone Service State - 0
07-24 06:38:24.307   342   342 D SAN_SERVICE: *******************************************
07-24 06:38:24.533   342   342 D SAN_SERVICE: *******************************************
07-24 06:38:24.533   342   342 D SAN_SERVICE: DM App Phone Service State - 0
07-24 06:38:24.533   342   342 D SAN_SERVICE: *******************************************
07-24 06:38:25.271   342   342 D SAN_SERVICE: *******************************************
07-24 06:38:25.271   342   342 D SAN_SERVICE: DM App Phone Service State - 0
07-24 06:38:25.271   342   342 D SAN_SERVICE: *******************************************
07-24 06:38:25.346   145   199 D DhcpInfoInternal: makeLinkProperties with empty dns2!
07-24 06:38:25.365   145   199 D DhcpInfoInternal: makeLinkProperties with empty dns2!
07-24 06:38:54.455 17493 17507 I PhoneLab-: Service Running
07-24 06:38:54.553 17493 17507 I PhoneLab-LoggerService: app_37    1300  1     1440   1000  c00f181c 400107b4 S logcat
07-24 06:38:54.553 17493 17507 I PhoneLab-LoggerService: Logcat pid from database 1300
07-24 06:38:54.553 17493 17507 I PhoneLab-LoggerService: Logcat process found 1300
07-24 06:38:54.553 17493 17507 I PhoneLab-LoggerService: Checking Threshold
07-24 06:39:00.018   145   162 I ActivityManager: No longer want com.whatsapp (pid 9243): hidden #16
07-24 06:39:00.100   145   156 W ActivityManager: Scheduling restart of crashed service com.whatsapp/.messaging.MessageService in 5000ms
07-24 06:39:00.100   145   156 I WindowManager: WIN DEATH: Window{41338a90 com.whatsapp/com.whatsapp.Conversation paused=false}
07-24 06:39:05.189 18109 18109 I dalvikvm: Turning on JNI app bug workarounds for target SDK version 7...
07-24 06:39:05.189   145   162 I ActivityManager: Start proc com.whatsapp for service com.whatsapp/.messaging.MessageService: pid=18109 uid=10068 gids={1015, 3003}
07-24 06:39:05.486 18109 18110 D dalvikvm: GC_CONCURRENT freed 156K, 3% free 9366K/9607K, paused 6ms+4ms
07-24 06:39:05.896 18109 18110 D dalvikvm: GC_CONCURRENT freed 291K, 4% free 9608K/9991K, paused 3ms+2ms
07-24 06:39:06.221 18109 18109 I dalvikvm: Could not find method android.media.MediaMetadataRetriever.captureFrame, referenced from method com.whatsapp.q3.a
07-24 06:39:06.225 18109 18109 W dalvikvm: VFY: unable to resolve virtual method 502: Landroid/media/MediaMetadataRetriever;.captureFrame ()Landroid/graphics/Bitmap;
07-24 06:39:06.225 18109 18109 D dalvikvm: VFY: replacing opcode 0x6e at 0x0134
07-24 06:39:06.439 18109 18110 D dalvikvm: GC_CONCURRENT freed 333K, 4% free 9839K/10247K, paused 3ms+3ms
07-24 06:39:06.572 18109 18110 D dalvikvm: GC_CONCURRENT freed 278K, 4% free 9968K/10375K, paused 2ms+4ms
07-24 06:39:08.170 18109 18110 D dalvikvm: GC_CONCURRENT freed 546K, 6% free 9881K/10503K, paused 2ms+4ms
07-24 06:39:14.123 16573 16575 D dalvikvm: GC_CONCURRENT freed 394K, 8% free 10179K/11015K, paused 2ms+3ms
07-24 06:40:12.986 17534 17536 D dalvikvm: GC_CONCURRENT freed 738K, 7% free 11587K/12423K, paused 12ms+4ms
07-24 06:40:14.139 17359 17361 D dalvikvm: GC_CONCURRENT freed 505K, 10% free 10603K/11719K, paused 2ms+5ms
07-24 06:40:14.193 16573 16575 D dalvikvm: GC_CONCURRENT freed 394K, 8% free 10182K/11015K, paused 2ms+2ms
07-24 06:40:50.014   145   199 D DhcpInfoInternal: makeLinkProperties with empty dns2!
07-24 06:40:50.014   145   199 D DhcpInfoInternal: makeLinkProperties with empty dns2!
07-24 06:40:51.900 17973 17980 D dalvikvm: null clazz in OP_INSTANCE_OF, single-stepping
07-24 06:40:54.459 17493 17507 I PhoneLab-: Service Running
07-24 06:40:54.486 17493 17507 I PhoneLab-LoggerService: app_37    1300  1     1440   1000  c00f181c 400107b4 S logcat
07-24 06:40:54.490 17493 17507 I PhoneLab-LoggerService: Logcat pid from database 1300
07-24 06:40:54.490 17493 17507 I PhoneLab-LoggerService: Logcat process found 1300
07-24 06:40:54.490 17493 17507 I PhoneLab-LoggerService: Checking Threshold
07-24 06:41:14.338 16573 16575 D dalvikvm: GC_CONCURRENT freed 396K, 8% free 10183K/11015K, paused 2ms+2ms
07-24 06:41:14.932 17359 17361 D dalvikvm: GC_CONCURRENT freed 415K, 10% free 10624K/11719K, paused 2ms+2ms
07-24 06:41:17.951   145   147 D dalvikvm: GC_CONCURRENT freed 1782K, 17% free 16458K/19783K, paused 2ms+7ms
07-24 06:41:28.654   342   342 D SAN_SERVICE: *******************************************
07-24 06:41:28.654   342   342 D SAN_SERVICE: DM App Phone Service State - 0
07-24 06:41:28.654   342   342 D SAN_SERVICE: *******************************************
07-24 06:41:28.857   342   342 D SAN_SERVICE: *******************************************
07-24 06:41:28.857   342   342 D SAN_SERVICE: DM App Phone Service State - 0
07-24 06:41:28.857   342   342 D SAN_SERVICE: *******************************************
07-24 06:41:38.877   342   342 D SAN_SERVICE: *******************************************
07-24 06:41:38.877   342   342 D SAN_SERVICE: DM App Phone Service State - 0
07-24 06:41:38.877   342   342 D SAN_SERVICE: *******************************************
07-24 06:41:38.893   342   345 D dalvikvm: GC_CONCURRENT freed 387K, 7% free 9449K/10119K, paused 1ms+3ms
07-24 06:41:49.111   342   342 D SAN_SERVICE: *******************************************
07-24 06:41:49.111   342   342 D SAN_SERVICE: DM App Phone Service State - 0
07-24 06:41:49.111   342   342 D SAN_SERVICE: *******************************************
07-24 06:42:12.971   145   421 D dalvikvm: GC_EXPLICIT freed 198K, 18% free 16337K/19783K, paused 3ms+6ms
07-24 06:42:54.455 17493 17507 I PhoneLab-: Service Running
07-24 06:42:54.545 17493 17507 I PhoneLab-LoggerService: app_37    1300  1     1440   1000  c00f181c 400107b4 S logcat
07-24 06:42:54.545 17493 17507 I PhoneLab-LoggerService: Logcat pid from database 1300
07-24 06:42:54.545 17493 17507 I PhoneLab-LoggerService: Logcat process found 1300
07-24 06:42:54.545 17493 17507 I PhoneLab-LoggerService: Checking Threshold
07-24 06:43:14.447 17359 17361 D dalvikvm: GC_CONCURRENT freed 538K, 10% free 10617K/11719K, paused 2ms+10ms
07-24 06:43:14.451 16573 16575 D dalvikvm: GC_CONCURRENT freed 493K, 8% free 10184K/11015K, paused 2ms+5ms
07-24 06:43:18.615   145   199 D DhcpInfoInternal: makeLinkProperties with empty dns2!
07-24 06:43:18.615   145   199 D DhcpInfoInternal: makeLinkProperties with empty dns2!
07-24 06:43:57.127   342   342 D SAN_SERVICE: *******************************************
07-24 06:43:57.127   342   342 D SAN_SERVICE: DM App Phone Service State - 0
07-24 06:43:57.127   342   342 D SAN_SERVICE: *******************************************
07-24 06:43:57.627   342   342 D SAN_SERVICE: *******************************************
07-24 06:43:57.627   342   342 D SAN_SERVICE: DM App Phone Service State - 0
07-24 06:43:57.627   342   342 D SAN_SERVICE: *******************************************
07-24 06:44:03.932   342   342 D SAN_SERVICE: *******************************************
07-24 06:44:03.932   342   342 D SAN_SERVICE: DM App Phone Service State - 0
07-24 06:44:03.932   342   342 D SAN_SERVICE: *******************************************
07-24 06:44:14.533  6099  6102 D dalvikvm: GC_CONCURRENT freed 436K, 6% free 10316K/10887K, paused 6ms+20ms
07-24 06:44:14.557 16573 16575 D dalvikvm: GC_CONCURRENT freed 463K, 8% free 10233K/11015K, paused 2ms+13ms
07-24 06:44:54.455 17493 17507 I PhoneLab-: Service Running
07-24 06:44:54.486 17493 17507 I PhoneLab-LoggerService: app_37    1300  1     1440   1000  c00f181c 400107b4 S logcat
07-24 06:44:54.486 17493 17507 I PhoneLab-LoggerService: Logcat pid from database 1300
07-24 06:44:54.490 17493 17507 I PhoneLab-LoggerService: Logcat process found 1300
07-24 06:44:54.490 17493 17507 I PhoneLab-LoggerService: Checking Threshold
07-24 06:45:09.525 17493 17493 I PhoneLab-Locks: wake lock acquired
07-24 06:45:09.553 17493 18192 I PhoneLab-PeriodicCheckService: User info is synched
07-24 06:45:09.557 17493 18192 I PhoneLab-PeriodicCheckService: Logger Service is running
07-24 06:45:09.561 17493 17493 I PhoneLab-Locks: wake lock acquired
07-24 06:45:09.564 17493 17493 I PhoneLab-StatusMonitor: Status Monitoring is started
07-24 06:45:09.568 17493 18192 I PhoneLab-Locks: wake lock acquired
07-24 06:45:09.568 17493 18192 I PhoneLab-PeriodicCheckService: Rescheduling periodic checking...
07-24 06:45:09.572 17493 18192 I PhoneLab-Locks: wake lock released
07-24 06:45:09.584 17493 17493 E PhoneLab-PhoneLabManifest: java.io.FileNotFoundException: /data/data/edu.buffalo.cse.phonelab.phonelabservices/files/manifest.xml: open failed: ENOENT (No such file or directory)
07-24 06:45:09.592 17493 17493 I PhoneLab-Locks: wake lock released
07-24 06:45:09.596 17493 17493 I PhoneLab-UploadLogs: Transfering log files now
07-24 06:45:09.596 17493 17493 I PhoneLab-UploadLogs: No log files to transfer
07-24 06:45:09.596 17493 17493 I PhoneLab-Locks: wake lock released
07-24 06:45:09.596 17493 17493 I PhoneLab-UploadLogs: OnStartCommand
07-24 06:45:14.576 17359 17361 D dalvikvm: GC_CONCURRENT freed 524K, 10% free 10612K/11719K, paused 2ms+3ms
07-24 06:45:14.627 16573 16575 D dalvikvm: GC_CONCURRENT freed 564K, 8% free 10178K/11015K, paused 1ms+3ms
07-24 06:45:15.119 17534 18193 I DatabaseHelper: Begin cleanup.
07-24 06:45:15.658 17534 18193 I DatabaseHelper: Cleaned up: 0
07-24 06:45:29.486   342   342 D SAN_SERVICE: *******************************************
07-24 06:45:29.486   342   342 D SAN_SERVICE: DM App Phone Service State - 0
07-24 06:45:29.486   342   342 D SAN_SERVICE: *******************************************
07-24 06:45:30.029   342   342 D SAN_SERVICE: *******************************************
07-24 06:45:30.029   342   342 D SAN_SERVICE: DM App Phone Service State - 0
07-24 06:45:30.029   342   342 D SAN_SERVICE: *******************************************
07-24 06:45:39.510   342   342 D SAN_SERVICE: *******************************************
07-24 06:45:39.514   342   342 D SAN_SERVICE: DM App Phone Service State - 0
07-24 06:45:39.514   342   342 D SAN_SERVICE: *******************************************
07-24 06:45:43.506   145   199 D DhcpInfoInternal: makeLinkProperties with empty dns2!
07-24 06:45:43.514   145   199 D DhcpInfoInternal: makeLinkProperties with empty dns2!
07-24 06:46:06.854   342   342 D SAN_SERVICE: *******************************************
07-24 06:46:06.854   342   342 D SAN_SERVICE: DM App Phone Service State - 0
07-24 06:46:06.854   342   342 D SAN_SERVICE: *******************************************
07-24 06:46:14.557 16573 16573 D dalvikvm: GC_EXPLICIT freed 66K, 8% free 10139K/11015K, paused 2ms+3ms
07-24 06:46:54.455 17493 17507 I PhoneLab-: Service Running
07-24 06:46:54.545 17493 17507 I PhoneLab-LoggerService: app_37    1300  1     1440   1000  c00f181c 400107b4 S logcat
07-24 06:46:54.545 17493 17507 I PhoneLab-LoggerService: Logcat pid from database 1300
07-24 06:46:54.545 17493 17507 I PhoneLab-LoggerService: Logcat process found 1300
07-24 06:46:54.545 17493 17507 I PhoneLab-LoggerService: Checking Threshold
07-24 06:47:01.451   342   342 D SAN_SERVICE: *******************************************
07-24 06:47:01.451   342   342 D SAN_SERVICE: DM App Phone Service State - 0
07-24 06:47:01.451   342   342 D SAN_SERVICE: *******************************************
07-24 06:47:01.947   342   342 D SAN_SERVICE: *******************************************
07-24 06:47:01.947   342   342 D SAN_SERVICE: DM App Phone Service State - 0
07-24 06:47:01.947   342   342 D SAN_SERVICE: *******************************************
07-24 06:47:14.682 16573 16575 D dalvikvm: GC_CONCURRENT freed 433K, 8% free 10203K/11015K, paused 1ms+3ms
07-24 06:47:14.686 17359 17361 D dalvikvm: GC_CONCURRENT freed 523K, 10% free 10618K/11719K, paused 2ms+3ms
07-24 06:48:07.994   342   342 D SAN_SERVICE: *******************************************
07-24 06:48:07.994   342   342 D SAN_SERVICE: DM App Phone Service State - 0
07-24 06:48:07.994   342   342 D SAN_SERVICE: *******************************************
07-24 06:48:08.400   145   199 D DhcpInfoInternal: makeLinkProperties with empty dns2!
07-24 06:48:08.412   145   199 D DhcpInfoInternal: makeLinkProperties with empty dns2!
07-24 06:48:14.721 16573 16575 D dalvikvm: GC_CONCURRENT freed 478K, 8% free 10236K/11015K, paused 2ms+3ms
07-24 06:48:23.416   342   342 D SAN_SERVICE: *******************************************
07-24 06:48:23.416   342   342 D SAN_SERVICE: DM App Phone Service State - 0
07-24 06:48:23.416   342   342 D SAN_SERVICE: *******************************************
07-24 06:48:24.139   342   342 D SAN_SERVICE: *******************************************
07-24 06:48:24.139   342   342 D SAN_SERVICE: DM App Phone Service State - 0
07-24 06:48:24.139   342   342 D SAN_SERVICE: *******************************************
07-24 06:48:49.701  9919 17942 W AndroidResourcesFactory: [chromesync#-577763198] Not running on internal thread since resources not started 1095772, Heartbeat:com.google.ipc.invalidation.ticl.RecurringTask$1@41834f70
07-24 06:48:54.459 17493 17507 I PhoneLab-: Service Running
07-24 06:48:54.545 17493 17495 D dalvikvm: GC_CONCURRENT freed 453K, 6% free 9116K/9671K, paused 1ms+3ms
07-24 06:48:54.561 17493 17507 I PhoneLab-LoggerService: app_37    1300  1     1440   1000  c00f181c 400107b4 S logcat
07-24 06:48:54.561 17493 17507 I PhoneLab-LoggerService: Logcat pid from database 1300
07-24 06:48:54.561 17493 17507 I PhoneLab-LoggerService: Logcat process found 1300
07-24 06:48:54.561 17493 17507 I PhoneLab-LoggerService: Checking Threshold
07-24 06:49:14.807 17359 17361 D dalvikvm: GC_CONCURRENT freed 529K, 10% free 10621K/11719K, paused 2ms+9ms
07-24 06:49:14.928 16573 16575 D dalvikvm: GC_CONCURRENT freed 544K, 8% free 10203K/11015K, paused 2ms+3ms
07-24 06:49:40.209   342   342 D SAN_SERVICE: *******************************************
07-24 06:49:40.209   342   342 D SAN_SERVICE: DM App Phone Service State - 0
07-24 06:49:40.209   342   342 D SAN_SERVICE: *******************************************
07-24 06:49:40.404   342   342 D SAN_SERVICE: *******************************************
07-24 06:49:40.404   342   342 D SAN_SERVICE: DM App Phone Service State - 0
07-24 06:49:40.404   342   342 D SAN_SERVICE: *******************************************
07-24 06:49:46.889 17897 17900 D dalvikvm: GC_CONCURRENT freed 639K, 8% free 9542K/10311K, paused 7ms+3ms
07-24 06:49:52.572 17973 17975 D dalvikvm: GC_CONCURRENT freed 430K, 6% free 10017K/10567K, paused 44ms+5ms
07-24 06:50:14.963   145   430 D dalvikvm: GC_EXPLICIT freed 1094K, 17% free 16449K/19783K, paused 3ms+8ms
07-24 06:50:15.037 16573 16575 D dalvikvm: GC_CONCURRENT freed 434K, 8% free 10180K/11015K, paused 2ms+3ms
07-24 06:50:16.908 17534 17536 D dalvikvm: GC_CONCURRENT freed 732K, 7% free 11693K/12551K, paused 21ms+3ms
07-24 06:50:33.283   145   199 D DhcpInfoInternal: makeLinkProperties with empty dns2!
07-24 06:50:33.291   145   199 D DhcpInfoInternal: makeLinkProperties with empty dns2!
07-24 06:50:54.459 17493 17507 I PhoneLab-: Service Running
07-24 06:50:54.557 17493 17507 I PhoneLab-LoggerService: app_37    1300  1     1440   1000  c00f181c 400107b4 S logcat
07-24 06:50:54.561 17493 17507 I PhoneLab-LoggerService: Logcat pid from database 1300
07-24 06:50:54.561 17493 17507 I PhoneLab-LoggerService: Logcat process found 1300
07-24 06:50:54.561 17493 17507 I PhoneLab-LoggerService: Checking Threshold
07-24 06:51:15.010 17359 17361 D dalvikvm: GC_CONCURRENT freed 526K, 10% free 10620K/11719K, paused 1ms+5ms
07-24 06:51:17.498   342   342 D SAN_SERVICE: *******************************************
07-24 06:51:17.498   342   342 D SAN_SERVICE: DM App Phone Service State - 0
07-24 06:51:17.498   342   342 D SAN_SERVICE: *******************************************
07-24 06:51:17.725   342   342 D SAN_SERVICE: *******************************************
07-24 06:51:17.725   342   342 D SAN_SERVICE: DM App Phone Service State - 0
07-24 06:51:17.725   342   342 D SAN_SERVICE: *******************************************
07-24 06:51:27.701   342   342 D SAN_SERVICE: *******************************************
07-24 06:51:27.701   342   342 D SAN_SERVICE: DM App Phone Service State - 0
07-24 06:51:27.701   342   342 D SAN_SERVICE: *******************************************
07-24 06:52:15.033 16573 16575 D dalvikvm: GC_CONCURRENT freed 492K, 8% free 10183K/11015K, paused 2ms+3ms
07-24 06:52:49.596   342   342 D SAN_SERVICE: *******************************************
07-24 06:52:49.596   342   342 D SAN_SERVICE: DM App Phone Service State - 0
07-24 06:52:49.596   342   342 D SAN_SERVICE: *******************************************
07-24 06:52:54.455 17493 17507 I PhoneLab-: Service Running
07-24 06:52:54.537 17493 17507 I PhoneLab-LoggerService: app_37    1300  1     1440   1000  c00f181c 400107b4 S logcat
07-24 06:52:54.537 17493 17507 I PhoneLab-LoggerService: Logcat pid from database 1300
07-24 06:52:54.541 17493 17507 I PhoneLab-LoggerService: Logcat process found 1300
07-24 06:52:54.541 17493 17507 I PhoneLab-LoggerService: Checking Threshold
07-24 06:52:57.943   145   199 D DhcpInfoInternal: makeLinkProperties with empty dns2!
07-24 06:52:57.943   145   199 D DhcpInfoInternal: makeLinkProperties with empty dns2!
07-24 06:53:10.111   342   342 D SAN_SERVICE: *******************************************
07-24 06:53:10.111   342   342 D SAN_SERVICE: DM App Phone Service State - 0
07-24 06:53:10.111   342   342 D SAN_SERVICE: *******************************************
07-24 06:53:10.338   342   342 D SAN_SERVICE: *******************************************
07-24 06:53:10.338   342   342 D SAN_SERVICE: DM App Phone Service State - 0
07-24 06:53:10.338   342   342 D SAN_SERVICE: *******************************************
07-24 06:53:10.373   342   345 D dalvikvm: GC_CONCURRENT freed 386K, 7% free 9448K/10119K, paused 6ms+2ms
07-24 06:53:15.127 17359 17361 D dalvikvm: GC_CONCURRENT freed 532K, 10% free 10620K/11719K, paused 2ms+5ms
07-24 06:53:15.225 16573 16575 D dalvikvm: GC_CONCURRENT freed 458K, 8% free 10236K/11015K, paused 1ms+6ms
07-24 06:53:15.385 17359 17361 D dalvikvm: GC_CONCURRENT freed 410K, 10% free 10643K/11719K, paused 2ms+2ms
07-24 06:53:35.947   342   342 D SAN_SERVICE: *******************************************
07-24 06:53:35.951   342   342 D SAN_SERVICE: DM App Phone Service State - 0
07-24 06:53:35.951   342   342 D SAN_SERVICE: *******************************************
07-24 06:53:37.361   342   342 D SAN_SERVICE: *******************************************
07-24 06:53:37.361   342   342 D SAN_SERVICE: DM App Phone Service State - 0
07-24 06:53:37.361   342   342 D SAN_SERVICE: *******************************************
07-24 06:53:45.959   342   342 D SAN_SERVICE: *******************************************
07-24 06:53:45.959   342   342 D SAN_SERVICE: DM App Phone Service State - 0
07-24 06:53:45.959   342   342 D SAN_SERVICE: *******************************************
07-24 06:53:45.963 17359 17366 I dalvikvm: Jit: resizing JitTable from 4096 to 8192
07-24 06:54:15.209 16573 16575 D dalvikvm: GC_CONCURRENT freed 558K, 8% free 10174K/11015K, paused 2ms+2ms
07-24 06:54:54.455 17493 17507 I PhoneLab-: Service Running
07-24 06:54:55.061 17493 17507 I PhoneLab-LoggerService: app_37    1300  1     1440   1000  c00f181c 400107b4 S logcat
07-24 06:54:55.076 17493 17507 I PhoneLab-LoggerService: Logcat pid from database 1300
07-24 06:54:55.107 17493 17507 I PhoneLab-LoggerService: Logcat process found 1300
07-24 06:54:55.107 17493 17507 I PhoneLab-LoggerService: Checking Threshold
07-24 06:55:05.494  6099  6102 D dalvikvm: GC_CONCURRENT freed 434K, 6% free 10320K/10887K, paused 2ms+4ms
07-24 06:55:15.275 17359 17361 D dalvikvm: GC_CONCURRENT freed 556K, 10% free 10618K/11719K, paused 2ms+4ms
07-24 06:55:15.334 16573 16575 D dalvikvm: GC_CONCURRENT freed 411K, 8% free 10181K/11015K, paused 2ms+2ms
07-24 06:55:18.076   342   342 D SAN_SERVICE: *******************************************
07-24 06:55:18.076   342   342 D SAN_SERVICE: DM App Phone Service State - 0
07-24 06:55:18.076   342   342 D SAN_SERVICE: *******************************************
07-24 06:55:18.537   342   342 D SAN_SERVICE: *******************************************
07-24 06:55:18.537   342   342 D SAN_SERVICE: DM App Phone Service State - 0
07-24 06:55:18.537   342   342 D SAN_SERVICE: *******************************************
07-24 06:55:18.541 17534 17536 D dalvikvm: GC_CONCURRENT freed 804K, 8% free 11692K/12615K, paused 2ms+3ms
07-24 06:55:22.838   145   199 D DhcpInfoInternal: makeLinkProperties with empty dns2!
07-24 06:55:22.842   145   199 D DhcpInfoInternal: makeLinkProperties with empty dns2!
07-24 06:55:33.893   342   342 D SAN_SERVICE: *******************************************
07-24 06:55:33.893   342   342 D SAN_SERVICE: DM App Phone Service State - 0
07-24 06:55:33.893   342   342 D SAN_SERVICE: *******************************************
07-24 06:55:34.393   342   342 D SAN_SERVICE: *******************************************
07-24 06:55:34.393   342   342 D SAN_SERVICE: DM App Phone Service State - 0
07-24 06:55:34.393   342   342 D SAN_SERVICE: *******************************************
07-24 06:56:54.455 17493 17507 I PhoneLab-: Service Running
07-24 06:56:54.557 17493 17507 I PhoneLab-LoggerService: app_37    1300  1     1440   1000  c00f181c 400107b4 S logcat
07-24 06:56:54.557 17493 17507 I PhoneLab-LoggerService: Logcat pid from database 1300
07-24 06:56:54.557 17493 17507 I PhoneLab-LoggerService: Logcat process found 1300
07-24 06:56:54.557 17493 17507 I PhoneLab-LoggerService: Checking Threshold
07-24 06:57:15.389 16573 16575 D dalvikvm: GC_CONCURRENT freed 486K, 7% free 10286K/11015K, paused 2ms+3ms
07-24 06:57:15.400 17359 17361 D dalvikvm: GC_CONCURRENT freed 522K, 10% free 10622K/11719K, paused 2ms+5ms
07-24 06:57:47.713   145   199 D DhcpInfoInternal: makeLinkProperties with empty dns2!
07-24 06:57:47.725   145   199 D DhcpInfoInternal: makeLinkProperties with empty dns2!
07-24 06:58:00.139   215   217 D dalvikvm: GC_CONCURRENT freed 427K, 33% free 9659K/14215K, paused 6ms+4ms
07-24 06:58:15.498 16573 16575 D dalvikvm: GC_CONCURRENT freed 562K, 8% free 10236K/11015K, paused 2ms+3ms
07-24 06:58:54.455 17493 17507 I PhoneLab-: Service Running
07-24 06:58:54.529 17493 17507 I PhoneLab-LoggerService: app_37    1300  1     1440   1000  c00f181c 400107b4 S logcat
07-24 06:58:54.529 17493 17507 I PhoneLab-LoggerService: Logcat pid from database 1300
07-24 06:58:54.529 17493 17507 I PhoneLab-LoggerService: Logcat process found 1300
07-24 06:58:54.529 17493 17507 I PhoneLab-LoggerService: Checking Threshold
07-24 06:59:15.479 17359 17361 D dalvikvm: GC_CONCURRENT freed 529K, 10% free 10627K/11719K, paused 2ms+5ms
07-24 06:59:15.545 16573 16575 D dalvikvm: GC_CONCURRENT freed 492K, 8% free 10188K/11015K, paused 2ms+2ms
07-24 06:59:59.689   342   342 D SAN_SERVICE: *******************************************
07-24 06:59:59.689   342   342 D SAN_SERVICE: DM App Phone Service State - 0
07-24 06:59:59.689   342   342 D SAN_SERVICE: *******************************************
07-24 06:59:59.951   342   342 D SAN_SERVICE: *******************************************
07-24 06:59:59.951   342   342 D SAN_SERVICE: DM App Phone Service State - 0
07-24 06:59:59.951   342   342 D SAN_SERVICE: *******************************************
07-24 07:00:09.912   342   342 D SAN_SERVICE: *******************************************
07-24 07:00:09.912   342   342 D SAN_SERVICE: DM App Phone Service State - 0
07-24 07:00:09.912   342   342 D SAN_SERVICE: *******************************************
07-24 07:00:12.600   145   199 D DhcpInfoInternal: makeLinkProperties with empty dns2!
07-24 07:00:12.607   145   199 D DhcpInfoInternal: makeLinkProperties with empty dns2!
07-24 07:00:15.568 16573 16575 D dalvikvm: GC_CONCURRENT freed 429K, 8% free 10183K/11015K, paused 2ms+2ms
07-24 07:00:19.436   145   169 D dalvikvm: GC_EXPLICIT freed 1409K, 17% free 16480K/19783K, paused 3ms+8ms
07-24 07:00:21.205   145   161 V BackupManagerService: Running a backup pass
07-24 07:00:21.229   145   214 V BackupManagerService: Backup requested but nothing pending
07-24 07:00:54.455 17493 17507 I PhoneLab-: Service Running
07-24 07:00:54.568 17493 17507 I PhoneLab-LoggerService: app_37    1300  1     1440   1000  c00f181c 400107b4 S logcat
07-24 07:00:54.568 17493 17507 I PhoneLab-LoggerService: Logcat pid from database 1300
07-24 07:00:54.568 17493 17507 I PhoneLab-LoggerService: Logcat process found 1300
07-24 07:00:54.568 17493 17507 I PhoneLab-LoggerService: Checking Threshold
07-24 07:01:02.084  6099  7810 D dalvikvm: GC_EXPLICIT freed 209K, 6% free 10277K/10887K, paused 2ms+4ms
07-24 07:01:06.283   342   342 D SAN_SERVICE: *******************************************
07-24 07:01:06.283   342   342 D SAN_SERVICE: DM App Phone Service State - 0
07-24 07:01:06.283   342   342 D SAN_SERVICE: *******************************************
07-24 07:01:06.775   342   342 D SAN_SERVICE: *******************************************
07-24 07:01:06.775   342   342 D SAN_SERVICE: DM App Phone Service State - 0
07-24 07:01:06.775   342   342 D SAN_SERVICE: *******************************************
07-24 07:01:15.611 17359 17361 D dalvikvm: GC_CONCURRENT freed 531K, 10% free 10631K/11719K, paused 2ms+3ms
07-24 07:01:15.834 16573 16575 D dalvikvm: GC_CONCURRENT freed 390K, 8% free 10184K/11015K, paused 2ms+7ms
07-24 07:01:16.002 16573 16575 D dalvikvm: GC_CONCURRENT freed 174K, 6% free 10401K/11015K, paused 2ms+2ms
07-24 07:01:21.639   342   342 D SAN_SERVICE: *******************************************
07-24 07:01:21.639   342   342 D SAN_SERVICE: DM App Phone Service State - 0
07-24 07:01:21.639   342   342 D SAN_SERVICE: *******************************************
07-24 07:01:21.908   342   342 D SAN_SERVICE: *******************************************
07-24 07:01:21.908   342   342 D SAN_SERVICE: DM App Phone Service State - 0
07-24 07:01:21.908   342   342 D SAN_SERVICE: *******************************************
07-24 07:01:22.389   342   342 D SAN_SERVICE: *******************************************
07-24 07:01:22.389   342   342 D SAN_SERVICE: DM App Phone Service State - 0
07-24 07:01:22.389   342   342 D SAN_SERVICE: *******************************************
07-24 07:01:31.873   342   342 D SAN_SERVICE: *******************************************
07-24 07:01:31.873   342   342 D SAN_SERVICE: DM App Phone Service State - 0
07-24 07:01:31.873   342   342 D SAN_SERVICE: *******************************************
07-24 07:02:15.693 17359 17361 D dalvikvm: GC_CONCURRENT freed 480K, 10% free 10634K/11719K, paused 2ms+3ms
07-24 07:02:15.721 16573 16575 D dalvikvm: GC_CONCURRENT freed 655K, 8% free 10228K/11015K, paused 2ms+2ms
07-24 07:02:37.459   145   199 D DhcpInfoInternal: makeLinkProperties with empty dns2!
07-24 07:02:37.475   145   199 D DhcpInfoInternal: makeLinkProperties with empty dns2!
07-24 07:02:54.455 17493 17507 I PhoneLab-: Service Running
07-24 07:02:54.549 17493 17507 I PhoneLab-LoggerService: app_37    1300  1     1440   1000  c00f181c 400107b4 S logcat
07-24 07:02:54.549 17493 17507 I PhoneLab-LoggerService: Logcat pid from database 1300
07-24 07:02:54.549 17493 17507 I PhoneLab-LoggerService: Logcat process found 1300
07-24 07:02:54.549 17493 17507 I PhoneLab-LoggerService: Checking Threshold
07-24 07:03:15.752 16573 16575 D dalvikvm: GC_CONCURRENT freed 408K, 8% free 10222K/11015K, paused 2ms+3ms
07-24 07:03:27.424  6099  6513 I EventLogService: Aggregate from 1343126007317 (log), 1343126007317 (data)
07-24 07:04:15.834 17359 17361 D dalvikvm: GC_CONCURRENT freed 522K, 10% free 10634K/11719K, paused 2ms+3ms
07-24 07:04:15.885 16573 16575 D dalvikvm: GC_CONCURRENT freed 449K, 7% free 10281K/11015K, paused 2ms+3ms
07-24 07:04:33.713   145   379 W InputManagerService: Window already focused, ignoring focus gain of: com.android.internal.view.IInputMethodClient$Stub$Proxy@418423a8
07-24 07:04:34.846  9919  9966 W chromium: [WARNING:sync_notifier_impl_android.cc(70)] Could not get invalidation model type; invalidating enabled types: Bookmarks, Typed URLs, Encryption keys, Sessions
07-24 07:04:34.897  9919  9919 D NetworkConnectivityReceiver: Network connectivity changed, status is: true
07-24 07:04:34.928   145  1302 W InputManagerService: Starting input on non-focused client com.android.internal.view.IInputMethodClient$Stub$Proxy@416421c0 (uid=10075 pid=17973)
07-24 07:04:34.994 17973 17973 D OpenGLRenderer: Flushing caches (mode 0)
07-24 07:04:35.131   145   157 I ActivityManager: No longer want com.google.android.apps.maps:NetworkLocationService (pid 17359): hidden #16
07-24 07:04:35.193 17973 17973 D OpenGLRenderer: Flushing caches (mode 1)
07-24 07:04:35.291   145   423 W ActivityManager: Scheduling restart of crashed service com.google.android.apps.maps/com.google.android.location.internal.server.NetworkLocationService in 5000ms
07-24 07:04:38.139  9919  9922 D dalvikvm: GC_CONCURRENT freed 460K, 26% free 11065K/14919K, paused 7ms+17ms
07-24 07:04:39.850  9919  9919 D ChromeBrowserSyncAdapter: no delayed sync
07-24 07:04:40.326   145   162 I ActivityManager: Start proc com.google.android.apps.maps:NetworkLocationService for service com.google.android.apps.maps/com.google.android.location.internal.server.NetworkLocationService: pid=18422 uid=10056 gids={3003, 1015}
07-24 07:04:40.869 18422 18423 D dalvikvm: GC_CONCURRENT freed 156K, 3% free 9380K/9607K, paused 13ms+14ms
07-24 07:04:41.994 18422 18423 D dalvikvm: GC_CONCURRENT freed 153K, 3% free 9677K/9927K, paused 37ms+23ms
07-24 07:04:42.592   321   323 D dalvikvm: GC_CONCURRENT freed 468K, 20% free 10022K/12487K, paused 5ms+13ms
07-24 07:04:42.854   321   323 D dalvikvm: GC_CONCURRENT freed 406K, 20% free 10094K/12487K, paused 2ms+6ms
07-24 07:04:43.002   321   321 D dalvikvm: GC_FOR_ALLOC freed 147K, 20% free 10017K/12487K, paused 22ms
07-24 07:04:43.006   321   321 I dalvikvm-heap: Grow heap (frag case) to 10.696MB for 885136-byte allocation
07-24 07:04:43.064   321   323 D dalvikvm: GC_CONCURRENT freed <1K, 13% free 10881K/12487K, paused 1ms+8ms
07-24 07:04:43.268   215   217 D dalvikvm: GC_CONCURRENT freed 306K, 31% free 9847K/14215K, paused 3ms+5ms
07-24 07:04:43.385   215   217 D dalvikvm: GC_CONCURRENT freed 570K, 32% free 9753K/14215K, paused 2ms+2ms
07-24 07:04:45.799 18422 18423 D dalvikvm: GC_CONCURRENT freed 177K, 3% free 10062K/10311K, paused 11ms+3ms
07-24 07:04:46.002 18422 18423 D dalvikvm: GC_CONCURRENT freed 662K, 8% free 9887K/10631K, paused 2ms+3ms
07-24 07:04:46.115   145   162 I ActivityManager: Start proc com.google.android.apps.maps:FriendService for broadcast com.google.android.apps.maps/com.google.googlenav.friend.android.ServiceReceiver: pid=18447 uid=10056 gids={3003, 1015}
07-24 07:04:46.260 18447 18450 D dalvikvm: GC_CONCURRENT freed 158K, 3% free 9377K/9607K, paused 3ms+2ms
07-24 07:04:46.471 18447 18450 D dalvikvm: GC_CONCURRENT freed 206K, 4% free 9688K/9991K, paused 1ms+2ms
07-24 07:04:46.623   342   342 D SAN_SERVICE: *******************************************
07-24 07:04:46.623   342   342 D SAN_SERVICE: DM App Phone Service State - 0
07-24 07:04:46.623   342   342 D SAN_SERVICE: *******************************************
07-24 07:04:46.662 18422 18429 I dalvikvm: Total arena pages for JIT: 11
07-24 07:04:46.662 18422 18429 I dalvikvm: Total arena pages for JIT: 12
07-24 07:04:46.662 18422 18429 I dalvikvm: Total arena pages for JIT: 13
07-24 07:04:46.666 18422 18429 I dalvikvm: Total arena pages for JIT: 14
07-24 07:04:46.666 18422 18429 I dalvikvm: Total arena pages for JIT: 15
07-24 07:04:46.670 18422 18429 I dalvikvm: Total arena pages for JIT: 16
07-24 07:04:46.670 18422 18429 I dalvikvm: Total arena pages for JIT: 17
07-24 07:04:46.705   342   342 D SAN_SERVICE: *******************************************
07-24 07:04:46.705   342   342 D SAN_SERVICE: DM App Phone Service State - 0
07-24 07:04:46.705   342   342 D SAN_SERVICE: *******************************************
07-24 07:04:46.783 18422 18429 I dalvikvm: Total arena pages for JIT: 18
07-24 07:04:46.951 18422 18423 D dalvikvm: GC_CONCURRENT freed 205K, 5% free 10172K/10631K, paused 5ms+7ms
07-24 07:04:47.248 18422 18423 D dalvikvm: GC_CONCURRENT freed 242K, 3% free 10396K/10695K, paused 2ms+4ms
07-24 07:04:47.647 18422 18423 D dalvikvm: GC_CONCURRENT freed 476K, 6% free 10360K/10951K, paused 2ms+3ms
07-24 07:04:48.291   145   145 D dalvikvm: GC_EXPLICIT freed 1125K, 17% free 16452K/19783K, paused 16ms+8ms
07-24 07:04:48.682 16573 16575 D dalvikvm: GC_CONCURRENT freed 530K, 8% free 10204K/11015K, paused 10ms+3ms
07-24 07:04:54.467 17493 17507 I PhoneLab-: Service Running
07-24 07:04:54.561 17493 17507 I PhoneLab-LoggerService: app_37    1300  1     1440   1000  c00f181c 400107b4 S logcat
07-24 07:04:54.564 17493 17507 I PhoneLab-LoggerService: Logcat pid from database 1300
07-24 07:04:54.564 17493 17507 I PhoneLab-LoggerService: Logcat process found 1300
07-24 07:04:54.568 17493 17507 I PhoneLab-LoggerService: Checking Threshold
07-24 07:04:54.619 17493 17495 D dalvikvm: GC_CONCURRENT freed 435K, 6% free 9105K/9671K, paused 9ms+3ms
07-24 07:04:56.709   342   342 D SAN_SERVICE: *******************************************
07-24 07:04:56.709   342   342 D SAN_SERVICE: DM App Phone Service State - 0
07-24 07:04:56.713   342   342 D SAN_SERVICE: *******************************************
07-24 07:04:56.873   342   342 D SAN_SERVICE: *******************************************
07-24 07:04:56.873   342   342 D SAN_SERVICE: DM App Phone Service State - 0
07-24 07:04:56.873   342   342 D SAN_SERVICE: *******************************************
07-24 07:04:57.189   342   342 D SAN_SERVICE: *******************************************
07-24 07:04:57.189   342   342 D SAN_SERVICE: DM App Phone Service State - 0
07-24 07:04:57.189   342   342 D SAN_SERVICE: *******************************************
07-24 07:05:00.424   321   323 D dalvikvm: GC_CONCURRENT freed 531K, 13% free 10963K/12487K, paused 2ms+19ms
07-24 07:05:00.451   215   217 D dalvikvm: GC_CONCURRENT freed 291K, 31% free 9861K/14215K, paused 3ms+9ms
07-24 07:05:01.010  9919  9958 W chromium: [WARNING:passive_log_collector.cc(206)] The passive log data has grown larger than expected, resetting
07-24 07:05:02.193   342   342 D SAN_SERVICE: *******************************************
07-24 07:05:02.193   342   342 D SAN_SERVICE: DM App Phone Service State - 0
07-24 07:05:02.193   342   342 D SAN_SERVICE: *******************************************
07-24 07:05:02.205   145   199 D DhcpInfoInternal: makeLinkProperties with empty dns2!
07-24 07:05:02.205   145   199 D DhcpInfoInternal: makeLinkProperties with empty dns2!
07-24 07:05:02.279   342   345 D dalvikvm: GC_CONCURRENT freed 391K, 7% free 9456K/10119K, paused 2ms+4ms
07-24 07:05:02.287   342   342 D SAN_SERVICE: *******************************************
07-24 07:05:02.287   342   342 D SAN_SERVICE: DM App Phone Service State - 0
07-24 07:05:02.287   342   342 D SAN_SERVICE: *******************************************
07-24 07:05:11.647  9919  9922 D dalvikvm: GC_CONCURRENT freed 631K, 27% free 10990K/14919K, paused 16ms+5ms
07-24 07:05:11.994   342   342 D SAN_SERVICE: *******************************************
07-24 07:05:12.006   342   342 D SAN_SERVICE: DM App Phone Service State - 0
07-24 07:05:12.006   342   342 D SAN_SERVICE: *******************************************
07-24 07:05:12.232   342   342 D SAN_SERVICE: *******************************************
07-24 07:05:12.236   342   342 D SAN_SERVICE: DM App Phone Service State - 0
07-24 07:05:12.236   342   342 D SAN_SERVICE: *******************************************
07-24 07:05:12.717   342   342 D SAN_SERVICE: *******************************************
07-24 07:05:12.717   342   342 D SAN_SERVICE: DM App Phone Service State - 0
07-24 07:05:12.717   342   342 D SAN_SERVICE: *******************************************
07-24 07:05:20.057  9919  9919 I chromium: [INFO:CONSOLE(0)] "event.layerX and event.layerY are broken and deprecated in WebKit. They will be removed from the engine in the near future.", source:  (0)
07-24 07:05:20.061  9919  9919 I chromium: [INFO:CONSOLE(0)] "event.layerX and event.layerY are broken and deprecated in WebKit. They will be removed from the engine in the near future.", source:  (0)
07-24 07:05:22.279   342   342 D SAN_SERVICE: *******************************************
07-24 07:05:22.279   342   342 D SAN_SERVICE: DM App Phone Service State - 0
07-24 07:05:22.279   342   342 D SAN_SERVICE: *******************************************
07-24 07:05:22.490 17534 17536 D dalvikvm: GC_CONCURRENT freed 741K, 7% free 11739K/12615K, paused 6ms+4ms
07-24 07:05:49.147 18422 18423 D dalvikvm: GC_CONCURRENT freed 476K, 6% free 10391K/10951K, paused 2ms+13ms
07-24 07:05:49.357 16573 16575 D dalvikvm: GC_CONCURRENT freed 501K, 8% free 10215K/11015K, paused 2ms+3ms
07-24 07:05:49.709 16573 16575 D dalvikvm: GC_CONCURRENT freed 291K, 7% free 10319K/11015K, paused 4ms+7ms
07-24 07:05:50.166 16573 16575 D dalvikvm: GC_CONCURRENT freed 282K, 6% free 10445K/11015K, paused 7ms+39ms
07-24 07:05:53.002   342   342 D SAN_SERVICE: *******************************************
07-24 07:05:53.002   342   342 D SAN_SERVICE: DM App Phone Service State - 0
07-24 07:05:53.002   342   342 D SAN_SERVICE: *******************************************
07-24 07:05:53.268   342   342 D SAN_SERVICE: *******************************************
07-24 07:05:53.268   342   342 D SAN_SERVICE: DM App Phone Service State - 0
07-24 07:05:53.268   342   342 D SAN_SERVICE: *******************************************
07-24 07:05:54.045   342   342 D SAN_SERVICE: *******************************************
07-24 07:05:54.045   342   342 D SAN_SERVICE: DM App Phone Service State - 0
07-24 07:05:54.045   342   342 D SAN_SERVICE: *******************************************
07-24 07:06:05.033   145   157 I ActivityManager: Process com.google.android.apps.googlevoice (pid 17401) has died.
07-24 07:06:05.033   145   157 W ActivityManager: Scheduling restart of crashed service com.google.android.apps.googlevoice/.CallLogService in 5000ms
