07-12 22:57:26.452   344   344 D SAN_SERVICE: DM App Phone Service State - 0
07-12 22:57:26.452   344   344 D SAN_SERVICE: *******************************************
07-12 22:57:26.503  5843  5845 D dalvikvm: GC_CONCURRENT freed 292K, 7% free 10749K/11463K, paused 23ms+3ms
07-12 22:57:26.717   344   344 D SAN_SERVICE: *******************************************
07-12 22:57:26.717   344   344 D SAN_SERVICE: DM App Phone Service State - 0
07-12 22:57:26.717   344   344 D SAN_SERVICE: *******************************************
07-12 22:57:27.526  5843  5909 D dalvikvm: GC_FOR_ALLOC freed 435K, 7% free 10685K/11463K, paused 21ms
07-12 22:57:27.717  4907  4909 D dalvikvm: GC_CONCURRENT freed 503K, 6% free 10462K/11079K, paused 2ms+3ms
07-12 22:57:27.874  3358  3360 D dalvikvm: GC_CONCURRENT freed 449K, 8% free 10176K/10951K, paused 7ms+5ms
07-12 22:57:28.573  5843  5845 D dalvikvm: GC_CONCURRENT freed 454K, 7% free 10685K/11463K, paused 2ms+2ms
07-12 22:57:29.784  5843  5909 D dalvikvm: GC_FOR_ALLOC freed 401K, 8% free 10621K/11463K, paused 21ms
07-12 22:57:30.803  5843  5909 D dalvikvm: GC_FOR_ALLOC freed 403K, 8% free 10621K/11463K, paused 21ms
07-12 22:57:31.936  4690  4703 I PhoneLab-: Service Running
07-12 22:57:31.944  5843  5845 D dalvikvm: GC_CONCURRENT freed 405K, 7% free 10684K/11463K, paused 3ms+2ms
07-12 22:57:31.979  4690  4703 I PhoneLab-LoggerService: app_37    1373  1     1440   1004  c00f181c 400107b4 S logcat
07-12 22:57:31.979  4690  4703 I PhoneLab-LoggerService: Logcat pid from database 1373
07-12 22:57:31.979  4690  4703 I PhoneLab-LoggerService: Logcat process found 1373
07-12 22:57:31.979  4690  4703 I PhoneLab-LoggerService: Checking Threshold
07-12 22:57:31.979  4690  4703 I PhoneLab-LoggerService: Starting to rename files
07-12 22:57:31.983  4690  4703 I PhoneLab-LoggerService: Files found .. 2
07-12 22:57:31.983  4690  4703 I PhoneLab-LoggerService: File 1 log.out.1
07-12 22:57:31.987  4690  4703 I PhoneLab-LoggerService: Renamed successfully
07-12 22:57:33.057  5843  5909 D dalvikvm: GC_FOR_ALLOC freed 406K, 7% free 10685K/11463K, paused 21ms
07-12 22:57:34.198  5843  5909 D dalvikvm: GC_FOR_ALLOC freed 404K, 7% free 10685K/11463K, paused 21ms
07-12 22:57:35.534  5843  5909 D dalvikvm: GC_FOR_ALLOC freed 404K, 7% free 10685K/11463K, paused 29ms
07-12 22:57:36.538  5843  5909 D dalvikvm: GC_FOR_ALLOC freed 407K, 7% free 10685K/11463K, paused 22ms
07-12 22:57:37.577  5843  5909 D dalvikvm: GC_FOR_ALLOC freed 404K, 7% free 10685K/11463K, paused 21ms
07-12 22:57:38.710  5843  5909 D dalvikvm: GC_FOR_ALLOC freed 404K, 7% free 10664K/11463K, paused 24ms
07-12 22:57:39.819  5843  5909 D dalvikvm: GC_FOR_ALLOC freed 405K, 8% free 10621K/11463K, paused 22ms
07-12 22:57:40.979  5843  5845 D dalvikvm: GC_CONCURRENT freed 404K, 7% free 10750K/11463K, paused 2ms+3ms
07-12 22:57:42.077  5843  5909 D dalvikvm: GC_FOR_ALLOC freed 407K, 7% free 10685K/11463K, paused 22ms
07-12 22:57:43.331  5843  5909 D dalvikvm: GC_FOR_ALLOC freed 404K, 7% free 10685K/11463K, paused 21ms
07-12 22:57:44.522  5843  5909 D dalvikvm: GC_FOR_ALLOC freed 404K, 7% free 10685K/11463K, paused 21ms
07-12 22:57:45.577  5843  5909 D dalvikvm: GC_FOR_ALLOC freed 407K, 7% free 10685K/11463K, paused 66ms
07-12 22:57:46.573  5843  5909 D dalvikvm: GC_FOR_ALLOC freed 404K, 7% free 10685K/11463K, paused 21ms
07-12 22:57:47.745  5843  5909 D dalvikvm: GC_FOR_ALLOC freed 434K, 7% free 10668K/11463K, paused 68ms
07-12 22:57:47.835   144   147 D dalvikvm: GC_CONCURRENT freed 2023K, 26% free 17633K/23623K, paused 3ms+8ms
07-12 22:57:48.874  5843  5845 D dalvikvm: GC_CONCURRENT freed 533K, 8% free 10561K/11463K, paused 3ms+8ms
07-12 22:57:49.792  6106  6108 D dalvikvm: GC_CONCURRENT freed 639K, 7% free 11522K/12295K, paused 2ms+2ms
07-12 22:57:50.049  5843  5845 D dalvikvm: GC_CONCURRENT freed 373K, 8% free 10577K/11463K, paused 3ms+4ms
07-12 22:57:51.124  5843  5845 D dalvikvm: GC_CONCURRENT freed 347K, 7% free 10750K/11463K, paused 3ms+2ms
07-12 22:57:52.213  5843  5909 D dalvikvm: GC_FOR_ALLOC freed 403K, 8% free 10621K/11463K, paused 22ms
07-12 22:57:53.346  5843  5845 D dalvikvm: GC_CONCURRENT freed 407K, 7% free 10685K/11463K, paused 2ms+3ms
07-12 22:57:54.663  5843  5909 D dalvikvm: GC_FOR_ALLOC freed 407K, 7% free 10685K/11463K, paused 22ms
07-12 22:57:55.710  5843  5909 D dalvikvm: GC_FOR_ALLOC freed 403K, 7% free 10685K/11463K, paused 58ms
07-12 22:57:56.807  5843  5909 D dalvikvm: GC_FOR_ALLOC freed 404K, 7% free 10685K/11463K, paused 21ms
07-12 22:57:57.850  5843  5909 D dalvikvm: GC_FOR_ALLOC freed 403K, 7% free 10685K/11463K, paused 61ms
07-12 22:57:58.960  5843  5909 D dalvikvm: GC_FOR_ALLOC freed 404K, 7% free 10685K/11463K, paused 22ms
07-12 22:57:59.987  5843  5909 D dalvikvm: GC_FOR_ALLOC freed 403K, 7% free 10685K/11463K, paused 21ms
07-12 22:58:01.421  5843  5909 D dalvikvm: GC_FOR_ALLOC freed 404K, 7% free 10685K/11463K, paused 22ms
07-12 22:58:02.463  5843  5909 D dalvikvm: GC_FOR_ALLOC freed 403K, 7% free 10685K/11463K, paused 33ms
07-12 22:58:03.588  5843  5909 D dalvikvm: GC_FOR_ALLOC freed 405K, 7% free 10686K/11463K, paused 24ms
07-12 22:58:04.628  5843  5909 D dalvikvm: GC_FOR_ALLOC freed 405K, 7% free 10685K/11463K, paused 31ms
07-12 22:58:05.721  5843  5909 D dalvikvm: GC_FOR_ALLOC freed 404K, 7% free 10685K/11463K, paused 22ms
07-12 22:58:06.745  5843  5909 D dalvikvm: GC_FOR_ALLOC freed 403K, 7% free 10685K/11463K, paused 21ms
07-12 22:58:07.866  5843  5909 D dalvikvm: GC_FOR_ALLOC freed 404K, 7% free 10685K/11463K, paused 21ms
07-12 22:58:09.100  5843  5909 D dalvikvm: GC_FOR_ALLOC freed 404K, 7% free 10685K/11463K, paused 21ms
07-12 22:58:10.135  5843  5909 D dalvikvm: GC_FOR_ALLOC freed 403K, 7% free 10685K/11463K, paused 22ms
07-12 22:58:12.124  5843  5909 D dalvikvm: GC_FOR_ALLOC freed 395K, 8% free 10622K/11463K, paused 21ms
07-12 22:58:13.128  5843  5909 D dalvikvm: GC_FOR_ALLOC freed 394K, 8% free 10622K/11463K, paused 21ms
07-12 22:58:14.163  5843  5845 D dalvikvm: GC_CONCURRENT freed 400K, 7% free 10684K/11463K, paused 2ms+2ms
07-12 22:58:15.155  5843  5909 D dalvikvm: GC_FOR_ALLOC freed 399K, 7% free 10685K/11463K, paused 23ms
07-12 22:58:16.155  5843  5909 D dalvikvm: GC_FOR_ALLOC freed 399K, 7% free 10685K/11463K, paused 21ms
07-12 22:58:17.155  5843  5909 D dalvikvm: GC_FOR_ALLOC freed 399K, 7% free 10685K/11463K, paused 21ms
07-12 22:58:18.221  5843  5909 D dalvikvm: GC_FOR_ALLOC freed 399K, 7% free 10685K/11463K, paused 54ms
07-12 22:58:19.167  5843  5909 D dalvikvm: GC_FOR_ALLOC freed 394K, 7% free 10687K/11463K, paused 21ms
07-12 22:58:20.264  5843  5845 D dalvikvm: GC_CONCURRENT freed 556K, 8% free 10577K/11463K, paused 3ms+3ms
07-12 22:58:22.049  5843  5845 D dalvikvm: GC_CONCURRENT freed 373K, 8% free 10598K/11463K, paused 20ms+2ms
07-12 22:58:22.838  5843  5845 D dalvikvm: GC_CONCURRENT freed 432K, 8% free 10575K/11463K, paused 2ms+3ms
07-12 22:58:23.655  5843  5845 D dalvikvm: GC_CONCURRENT freed 342K, 8% free 10651K/11463K, paused 2ms+3ms
07-12 22:58:24.780  5843  5845 D dalvikvm: GC_CONCURRENT freed 484K, 8% free 10611K/11463K, paused 2ms+2ms
07-12 22:58:25.913  5843  5845 D dalvikvm: GC_CONCURRENT freed 434K, 8% free 10611K/11463K, paused 2ms+2ms
07-12 22:58:27.077  5843  5845 D dalvikvm: GC_CONCURRENT freed 434K, 8% free 10611K/11463K, paused 22ms+3ms
07-12 22:58:28.131  5843  5845 D dalvikvm: GC_CONCURRENT freed 448K, 8% free 10607K/11463K, paused 2ms+3ms
07-12 22:58:28.421  3358  3360 D dalvikvm: GC_CONCURRENT freed 328K, 7% free 10233K/10951K, paused 5ms+3ms
07-12 22:58:29.460  5843  5845 D dalvikvm: GC_CONCURRENT freed 426K, 8% free 10621K/11463K, paused 2ms+7ms
07-12 22:58:29.463  3358  3360 D dalvikvm: GC_CONCURRENT freed 230K, 5% free 10423K/10951K, paused 6ms+10ms
07-12 22:58:30.116  5843  5845 D dalvikvm: GC_CONCURRENT freed 453K, 8% free 10573K/11463K, paused 5ms+5ms
07-12 22:58:31.378  5843  5845 D dalvikvm: GC_CONCURRENT freed 399K, 8% free 10654K/11463K, paused 24ms+2ms
07-12 22:58:32.190  5843  5845 D dalvikvm: GC_CONCURRENT freed 480K, 8% free 10600K/11463K, paused 3ms+3ms
07-12 22:58:33.272  5843  5845 D dalvikvm: GC_CONCURRENT freed 426K, 8% free 10577K/11463K, paused 24ms+2ms
07-12 22:58:34.651  5843  5845 D dalvikvm: GC_CONCURRENT freed 406K, 8% free 10625K/11463K, paused 40ms+2ms
07-12 22:58:35.350  5843  5845 D dalvikvm: GC_CONCURRENT freed 474K, 8% free 10571K/11463K, paused 6ms+5ms
07-12 22:58:36.276  5843  5845 D dalvikvm: GC_CONCURRENT freed 356K, 8% free 10603K/11463K, paused 10ms+3ms
07-12 22:58:37.284  5843  5845 D dalvikvm: GC_CONCURRENT freed 371K, 7% free 10671K/11463K, paused 2ms+3ms
07-12 22:58:38.307  5843  5845 D dalvikvm: GC_CONCURRENT freed 434K, 7% free 10670K/11463K, paused 2ms+3ms
07-12 22:58:39.448  5843  5909 D dalvikvm: GC_FOR_ALLOC freed 421K, 8% free 10620K/11463K, paused 27ms
07-12 22:58:40.842  5843  5845 D dalvikvm: GC_CONCURRENT freed 472K, 8% free 10560K/11463K, paused 4ms+7ms
07-12 22:58:41.221  5843  5845 D dalvikvm: GC_CONCURRENT freed 393K, 8% free 10561K/11463K, paused 2ms+3ms
07-12 22:58:42.307  5843  5845 D dalvikvm: GC_CONCURRENT freed 268K, 7% free 10721K/11463K, paused 2ms+3ms
07-12 22:58:43.374  5843  5845 D dalvikvm: GC_CONCURRENT freed 600K, 8% free 10578K/11463K, paused 2ms+2ms
07-12 22:58:44.483  5843  5845 D dalvikvm: GC_CONCURRENT freed 286K, 7% free 10683K/11463K, paused 2ms+2ms
07-12 22:58:45.702  5843  5845 D dalvikvm: GC_CONCURRENT freed 460K, 7% free 10692K/11463K, paused 3ms+3ms
07-12 22:58:46.682  5843  5909 D dalvikvm: GC_FOR_ALLOC freed 409K, 8% free 10647K/11463K, paused 21ms
07-12 22:58:47.823  5843  5845 D dalvikvm: GC_CONCURRENT freed 409K, 7% free 10685K/11463K, paused 2ms+2ms
07-12 22:58:49.061  5843  5909 D dalvikvm: GC_FOR_ALLOC freed 404K, 7% free 10685K/11463K, paused 21ms
07-12 22:58:50.338  5843  5845 D dalvikvm: GC_CONCURRENT freed 556K, 8% free 10562K/11463K, paused 3ms+3ms
07-12 22:58:51.350  5843  5845 D dalvikvm: GC_CONCURRENT freed 395K, 8% free 10580K/11463K, paused 4ms+5ms
07-12 22:58:52.346  5843  5845 D dalvikvm: GC_CONCURRENT freed 338K, 8% free 10640K/11463K, paused 2ms+3ms
07-12 22:58:53.573   344   344 D SAN_SERVICE: *******************************************
07-12 22:58:53.573   344   344 D SAN_SERVICE: DM App Phone Service State - 0
07-12 22:58:53.573   344   344 D SAN_SERVICE: *******************************************
07-12 22:58:53.608  5843  5909 D dalvikvm: GC_FOR_ALLOC freed 411K, 8% free 10621K/11463K, paused 22ms
07-12 22:58:54.299   344   344 D SAN_SERVICE: *******************************************
07-12 22:58:54.299   344   344 D SAN_SERVICE: DM App Phone Service State - 0
07-12 22:58:54.299   344   344 D SAN_SERVICE: *******************************************
07-12 22:58:54.694  5843  5909 D dalvikvm: GC_FOR_ALLOC freed 404K, 8% free 10621K/11463K, paused 21ms
07-12 22:58:55.799  5843  5845 D dalvikvm: GC_CONCURRENT freed 405K, 8% free 10644K/11463K, paused 2ms+3ms
07-12 22:58:56.819  5843  5909 D dalvikvm: GC_FOR_ALLOC freed 411K, 8% free 10644K/11463K, paused 21ms
07-12 22:58:57.944  5843  5909 D dalvikvm: GC_FOR_ALLOC freed 405K, 8% free 10621K/11463K, paused 21ms
07-12 22:58:59.104  5843  5845 D dalvikvm: GC_CONCURRENT freed 407K, 8% free 10655K/11463K, paused 2ms+2ms
07-12 22:59:00.190  5843  5845 D dalvikvm: GC_CONCURRENT freed 506K, 8% free 10569K/11463K, paused 3ms+2ms
07-12 22:59:01.553  5843  5845 D dalvikvm: GC_CONCURRENT freed 351K, 7% free 10677K/11463K, paused 2ms+3ms
07-12 22:59:02.553  5843  5909 D dalvikvm: GC_FOR_ALLOC freed 408K, 8% free 10618K/11463K, paused 21ms
07-12 22:59:03.694  5843  5845 D dalvikvm: GC_CONCURRENT freed 409K, 7% free 10677K/11463K, paused 22ms+2ms
07-12 22:59:04.733  5843  5909 D dalvikvm: GC_FOR_ALLOC freed 412K, 7% free 10678K/11463K, paused 21ms
07-12 22:59:05.850  5843  5909 D dalvikvm: GC_FOR_ALLOC freed 409K, 7% free 10678K/11463K, paused 22ms
07-12 22:59:06.971  5843  5909 D dalvikvm: GC_FOR_ALLOC freed 405K, 8% free 10621K/11463K, paused 22ms
07-12 22:59:08.085  5843  5845 D dalvikvm: GC_CONCURRENT freed 472K, 8% free 10564K/11463K, paused 48ms+3ms
07-12 22:59:08.881  5843  5845 D dalvikvm: GC_CONCURRENT freed 376K, 8% free 10583K/11463K, paused 3ms+2ms
07-12 22:59:09.862  5843  5845 D dalvikvm: GC_CONCURRENT freed 414K, 8% free 10633K/11463K, paused 2ms+3ms
07-12 22:59:10.960  5843  5845 D dalvikvm: GC_CONCURRENT freed 420K, 8% free 10640K/11463K, paused 2ms+3ms
07-12 22:59:12.092  5843  5845 D dalvikvm: GC_CONCURRENT freed 419K, 7% free 10666K/11463K, paused 3ms+2ms
07-12 22:59:12.698  5843  5845 D dalvikvm: GC_CONCURRENT freed 526K, 8% free 10579K/11463K, paused 3ms+2ms
07-12 22:59:13.971  5843  5845 D dalvikvm: GC_CONCURRENT freed 398K, 8% free 10577K/11463K, paused 2ms+3ms
07-12 22:59:14.999  5843  5845 D dalvikvm: GC_CONCURRENT freed 355K, 8% free 10623K/11463K, paused 23ms+2ms
07-12 22:59:15.655   344   344 D SAN_SERVICE: *******************************************
07-12 22:59:15.655   344   344 D SAN_SERVICE: DM App Phone Service State - 0
07-12 22:59:15.655   344   344 D SAN_SERVICE: *******************************************
07-12 22:59:15.952   344   344 D SAN_SERVICE: *******************************************
07-12 22:59:15.952   344   344 D SAN_SERVICE: DM App Phone Service State - 0
07-12 22:59:15.952   344   344 D SAN_SERVICE: *******************************************
07-12 22:59:16.049  5843  5845 D dalvikvm: GC_CONCURRENT freed 468K, 8% free 10563K/11463K, paused 4ms+5ms
07-12 22:59:17.120  5843  5845 D dalvikvm: GC_CONCURRENT freed 362K, 7% free 10674K/11463K, paused 2ms+2ms
07-12 22:59:18.249  5843  5845 D dalvikvm: GC_CONCURRENT freed 415K, 7% free 10685K/11463K, paused 2ms+2ms
07-12 22:59:19.354  5843  5909 D dalvikvm: GC_FOR_ALLOC freed 404K, 7% free 10685K/11463K, paused 21ms
07-12 22:59:20.780  5843  5845 D dalvikvm: GC_CONCURRENT freed 546K, 8% free 10568K/11463K, paused 2ms+2ms
07-12 22:59:21.831  5843  5845 D dalvikvm: GC_CONCURRENT freed 377K, 7% free 10667K/11463K, paused 2ms+2ms
07-12 22:59:22.881  5843  5845 D dalvikvm: GC_CONCURRENT freed 418K, 7% free 10701K/11463K, paused 3ms+3ms
07-12 22:59:23.905  5843  5845 D dalvikvm: GC_CONCURRENT freed 553K, 8% free 10591K/11463K, paused 2ms+3ms
07-12 22:59:25.104  5843  5845 D dalvikvm: GC_CONCURRENT freed 361K, 8% free 10636K/11463K, paused 3ms+4ms
07-12 22:59:26.135  5843  5845 D dalvikvm: GC_CONCURRENT freed 479K, 8% free 10637K/11463K, paused 3ms+3ms
07-12 22:59:27.276  5843  5845 D dalvikvm: GC_CONCURRENT freed 450K, 7% free 10751K/11463K, paused 2ms+2ms
07-12 22:59:27.940   144   147 D dalvikvm: GC_CONCURRENT freed 1940K, 26% free 17619K/23623K, paused 9ms+7ms
07-12 22:59:28.046  4907  4909 D dalvikvm: GC_CONCURRENT freed 514K, 6% free 10460K/11079K, paused 2ms+2ms
07-12 22:59:28.174  3358  3360 D dalvikvm: GC_CONCURRENT freed 668K, 7% free 10190K/10951K, paused 1ms+2ms
07-12 22:59:28.366  5843  5909 D dalvikvm: GC_FOR_ALLOC freed 409K, 8% free 10610K/11463K, paused 24ms
07-12 22:59:29.604  5843  5845 D dalvikvm: GC_CONCURRENT freed 416K, 8% free 10652K/11463K, paused 2ms+3ms
07-12 22:59:30.682  5843  5909 D dalvikvm: GC_FOR_ALLOC freed 406K, 8% free 10621K/11463K, paused 24ms
07-12 22:59:31.780  5843  5909 D dalvikvm: GC_FOR_ALLOC freed 404K, 8% free 10621K/11463K, paused 47ms
07-12 22:59:31.936  4690  4703 I PhoneLab-: Service Running
07-12 22:59:32.026  4690  4703 I PhoneLab-LoggerService: app_37    1373  1     1440   1004  c00f181c 400107b4 S logcat
07-12 22:59:32.026  4690  4703 I PhoneLab-LoggerService: Logcat pid from database 1373
07-12 22:59:32.026  4690  4703 I PhoneLab-LoggerService: Logcat process found 1373
07-12 22:59:32.026  4690  4703 I PhoneLab-LoggerService: Checking Threshold
07-12 22:59:32.026  4690  4703 I PhoneLab-LoggerService: Starting to rename files
07-12 22:59:32.026  4690  4703 I PhoneLab-LoggerService: Files found .. 2
07-12 22:59:32.999  5843  5909 D dalvikvm: GC_FOR_ALLOC freed 404K, 8% free 10621K/11463K, paused 21ms
07-12 22:59:34.026  5843  5845 D dalvikvm: GC_CONCURRENT freed 403K, 7% free 10688K/11463K, paused 2ms+3ms
07-12 22:59:35.131  5843  5909 D dalvikvm: GC_FOR_ALLOC freed 407K, 7% free 10685K/11463K, paused 22ms
07-12 22:59:37.221  5843  5845 D dalvikvm: GC_CONCURRENT freed 554K, 8% free 10599K/11463K, paused 21ms+2ms
07-12 22:59:38.030  5843  5845 D dalvikvm: GC_CONCURRENT freed 418K, 8% free 10579K/11463K, paused 2ms+2ms
07-12 22:59:38.936  5843  5845 D dalvikvm: GC_CONCURRENT freed 354K, 8% free 10634K/11463K, paused 25ms+4ms
07-12 22:59:39.924  5843  5845 D dalvikvm: GC_CONCURRENT freed 479K, 8% free 10635K/11463K, paused 21ms+3ms
07-12 22:59:40.897  5843  5845 D dalvikvm: GC_CONCURRENT freed 421K, 8% free 10643K/11463K, paused 2ms+2ms
07-12 22:59:41.913  5843  5845 D dalvikvm: GC_CONCURRENT freed 429K, 8% free 10643K/11463K, paused 2ms+3ms
07-12 22:59:43.046  5843  5845 D dalvikvm: GC_CONCURRENT freed 434K, 7% free 10662K/11463K, paused 2ms+2ms
07-12 22:59:44.288  5843  5845 D dalvikvm: GC_CONCURRENT freed 413K, 7% free 10712K/11463K, paused 3ms+2ms
07-12 22:59:45.268  5843  5909 D dalvikvm: GC_FOR_ALLOC freed 412K, 7% free 10661K/11463K, paused 21ms
07-12 22:59:46.174   144   198 D DhcpInfoInternal: makeLinkProperties with empty dns2!
07-12 22:59:46.182   144   198 D DhcpInfoInternal: makeLinkProperties with empty dns2!
07-12 22:59:46.495  5843  5909 D dalvikvm: GC_FOR_ALLOC freed 414K, 7% free 10662K/11463K, paused 21ms
07-12 22:59:47.725  5843  5909 D dalvikvm: GC_FOR_ALLOC freed 400K, 8% free 10606K/11463K, paused 23ms
07-12 22:59:48.796  5843  5845 D dalvikvm: GC_CONCURRENT freed 417K, 7% free 10704K/11463K, paused 21ms+3ms
07-12 22:59:49.823   344   344 D SAN_SERVICE: *******************************************
07-12 22:59:49.823   344   344 D SAN_SERVICE: DM App Phone Service State - 0
07-12 22:59:49.823   344   344 D SAN_SERVICE: *******************************************
07-12 22:59:49.850  5843  5909 D dalvikvm: GC_FOR_ALLOC freed 392K, 7% free 10667K/11463K, paused 43ms
07-12 22:59:50.042   344   344 D SAN_SERVICE: *******************************************
07-12 22:59:50.042   344   344 D SAN_SERVICE: DM App Phone Service State - 0
07-12 22:59:50.042   344   344 D SAN_SERVICE: *******************************************
07-12 22:59:50.588   344   344 D SAN_SERVICE: *******************************************
07-12 22:59:50.588   344   344 D SAN_SERVICE: DM App Phone Service State - 0
07-12 22:59:50.588   344   344 D SAN_SERVICE: *******************************************
07-12 22:59:51.030  5843  5845 D dalvikvm: GC_CONCURRENT freed 523K, 8% free 10564K/11463K, paused 2ms+4ms
07-12 22:59:52.049  5843  5845 D dalvikvm: GC_CONCURRENT freed 364K, 8% free 10632K/11463K, paused 2ms+3ms
07-12 22:59:53.264  5843  5845 D dalvikvm: GC_CONCURRENT freed 433K, 8% free 10642K/11463K, paused 2ms+3ms
07-12 22:59:54.296  5843  5845 D dalvikvm: GC_CONCURRENT freed 419K, 8% free 10642K/11463K, paused 4ms+7ms
07-12 22:59:55.471  5843  5845 D dalvikvm: GC_CONCURRENT freed 493K, 8% free 10564K/11463K, paused 3ms+3ms
07-12 22:59:55.967  5843  5845 D dalvikvm: GC_CONCURRENT freed 386K, 8% free 10565K/11463K, paused 2ms+3ms
07-12 22:59:56.772 30387 31512 I EventLogService: Aggregate from 1342146596632 (log), 1342146596632 (data)
07-12 22:59:57.096  5843  5845 D dalvikvm: GC_CONCURRENT freed 259K, 7% free 10746K/11463K, paused 2ms+2ms
07-12 22:59:58.186  5843  5909 D dalvikvm: GC_FOR_ALLOC freed 410K, 8% free 10621K/11463K, paused 21ms
07-12 22:59:59.421  5843  5845 D dalvikvm: GC_CONCURRENT freed 419K, 8% free 10619K/11463K, paused 2ms+2ms
07-12 23:00:00.456  5843  5845 D dalvikvm: GC_CONCURRENT freed 409K, 7% free 10680K/11463K, paused 2ms+2ms
07-12 23:00:01.549  5843  5909 D dalvikvm: GC_FOR_ALLOC freed 412K, 7% free 10685K/11463K, paused 21ms
07-12 23:00:02.682  5843  5909 D dalvikvm: GC_FOR_ALLOC freed 404K, 7% free 10661K/11463K, paused 24ms
07-12 23:00:03.815  5843  5845 D dalvikvm: GC_CONCURRENT freed 412K, 7% free 10685K/11463K, paused 2ms+2ms
07-12 23:00:04.921  5843  5909 D dalvikvm: GC_FOR_ALLOC freed 404K, 7% free 10685K/11463K, paused 21ms
07-12 23:00:05.233   344   344 D SAN_SERVICE: *******************************************
07-12 23:00:05.233   344   344 D SAN_SERVICE: DM App Phone Service State - 0
07-12 23:00:05.233   344   344 D SAN_SERVICE: *******************************************
07-12 23:00:05.682   344   344 D SAN_SERVICE: *******************************************
07-12 23:00:05.682   344   344 D SAN_SERVICE: DM App Phone Service State - 0
07-12 23:00:05.682   344   344 D SAN_SERVICE: *******************************************
07-12 23:00:06.049  5843  5909 D dalvikvm: GC_FOR_ALLOC freed 404K, 7% free 10685K/11463K, paused 21ms
07-12 23:00:07.463  5843  5909 D dalvikvm: GC_FOR_ALLOC freed 408K, 7% free 10685K/11463K, paused 30ms
07-12 23:00:08.510  5843  5909 D dalvikvm: GC_FOR_ALLOC freed 413K, 7% free 10685K/11463K, paused 56ms
07-12 23:00:09.444  5843  5909 D dalvikvm: GC_FOR_ALLOC freed 400K, 8% free 10621K/11463K, paused 21ms
07-12 23:00:10.549  5843  5909 D dalvikvm: GC_FOR_ALLOC freed 404K, 8% free 10621K/11463K, paused 22ms
07-12 23:00:11.710  5843  5845 D dalvikvm: GC_CONCURRENT freed 413K, 7% free 10683K/11463K, paused 2ms+3ms
07-12 23:00:12.819  5843  5909 D dalvikvm: GC_FOR_ALLOC freed 411K, 7% free 10685K/11463K, paused 22ms
07-12 23:00:13.936  5843  5909 D dalvikvm: GC_FOR_ALLOC freed 404K, 7% free 10685K/11463K, paused 22ms
07-12 23:00:15.077  5843  5909 D dalvikvm: GC_FOR_ALLOC freed 404K, 7% free 10685K/11463K, paused 21ms
07-12 23:00:16.206  5843  5909 D dalvikvm: GC_FOR_ALLOC freed 404K, 7% free 10685K/11463K, paused 21ms
07-12 23:00:17.432  5843  5909 D dalvikvm: GC_FOR_ALLOC freed 404K, 7% free 10685K/11463K, paused 22ms
07-12 23:00:18.452  5843  5909 D dalvikvm: GC_FOR_ALLOC freed 403K, 7% free 10685K/11463K, paused 21ms
07-12 23:00:19.671  5843  5909 D dalvikvm: GC_FOR_ALLOC freed 404K, 7% free 10685K/11463K, paused 21ms
07-12 23:00:20.885  5843  5909 D dalvikvm: GC_FOR_ALLOC freed 404K, 7% free 10685K/11463K, paused 43ms
07-12 23:00:21.835  5843  5909 D dalvikvm: GC_FOR_ALLOC freed 407K, 7% free 10685K/11463K, paused 21ms
07-12 23:00:22.944  5843  5909 D dalvikvm: GC_FOR_ALLOC freed 404K, 7% free 10685K/11463K, paused 21ms
07-12 23:00:24.065  5843  5909 D dalvikvm: GC_FOR_ALLOC freed 404K, 7% free 10685K/11463K, paused 21ms
07-12 23:00:25.233  5843  5909 D dalvikvm: GC_FOR_ALLOC freed 404K, 7% free 10685K/11463K, paused 21ms
07-12 23:00:26.460  5843  5909 D dalvikvm: GC_FOR_ALLOC freed 404K, 7% free 10685K/11463K, paused 21ms
07-12 23:00:27.479  5843  5909 D dalvikvm: GC_FOR_ALLOC freed 418K, 7% free 10685K/11463K, paused 21ms
07-12 23:00:28.585  5843  5909 D dalvikvm: GC_FOR_ALLOC freed 409K, 7% free 10685K/11463K, paused 21ms
07-12 23:00:29.721  5843  5845 D dalvikvm: GC_CONCURRENT freed 549K, 8% free 10581K/11463K, paused 2ms+3ms
07-12 23:00:30.940  5843  5845 D dalvikvm: GC_CONCURRENT freed 275K, 7% free 10748K/11463K, paused 5ms+4ms
07-12 23:00:31.956  5843  5909 D dalvikvm: GC_FOR_ALLOC freed 405K, 7% free 10685K/11463K, paused 21ms
07-12 23:00:33.088  5843  5909 D dalvikvm: GC_FOR_ALLOC freed 404K, 7% free 10685K/11463K, paused 22ms
07-12 23:00:34.323  5843  5909 D dalvikvm: GC_FOR_ALLOC freed 404K, 7% free 10685K/11463K, paused 21ms
07-12 23:00:35.335  5843  5909 D dalvikvm: GC_FOR_ALLOC freed 403K, 7% free 10685K/11463K, paused 21ms
07-12 23:00:36.565  5843  5909 D dalvikvm: GC_FOR_ALLOC freed 404K, 7% free 10685K/11463K, paused 22ms
07-12 23:00:37.585  5843  5909 D dalvikvm: GC_FOR_ALLOC freed 403K, 7% free 10685K/11463K, paused 22ms
07-12 23:00:38.721  5843  5909 D dalvikvm: GC_FOR_ALLOC freed 404K, 7% free 10685K/11463K, paused 21ms
07-12 23:00:39.952  5843  5909 D dalvikvm: GC_FOR_ALLOC freed 404K, 7% free 10685K/11463K, paused 21ms
07-12 23:00:41.081  5843  5909 D dalvikvm: GC_FOR_ALLOC freed 407K, 7% free 10685K/11463K, paused 23ms
07-12 23:00:42.151  5843  5909 D dalvikvm: GC_FOR_ALLOC freed 403K, 7% free 10685K/11463K, paused 22ms
07-12 23:00:43.124  5843  5909 D dalvikvm: GC_FOR_ALLOC freed 404K, 7% free 10685K/11463K, paused 21ms
07-12 23:00:44.249  5843  5909 D dalvikvm: GC_FOR_ALLOC freed 404K, 7% free 10685K/11463K, paused 21ms
07-12 23:00:45.874  5843  5909 D dalvikvm: GC_FOR_ALLOC freed 404K, 7% free 10685K/11463K, paused 45ms
07-12 23:00:46.948  5843  5845 D dalvikvm: GC_CONCURRENT freed 493K, 8% free 10640K/11463K, paused 2ms+2ms
07-12 23:00:47.967  5843  5845 D dalvikvm: GC_CONCURRENT freed 489K, 8% free 10641K/11463K, paused 5ms+2ms
07-12 23:00:48.991  5843  5845 D dalvikvm: GC_CONCURRENT freed 480K, 8% free 10641K/11463K, paused 24ms+2ms
07-12 23:00:49.948  5843  5845 D dalvikvm: GC_CONCURRENT freed 458K, 8% free 10641K/11463K, paused 3ms+2ms
07-12 23:00:51.135  5843  5845 D dalvikvm: GC_CONCURRENT freed 390K, 7% free 10685K/11463K, paused 2ms+2ms
07-12 23:00:52.233  5843  5909 D dalvikvm: GC_FOR_ALLOC freed 400K, 8% free 10621K/11463K, paused 21ms
07-12 23:00:53.487  5843  5845 D dalvikvm: GC_CONCURRENT freed 404K, 7% free 10750K/11463K, paused 2ms+2ms
07-12 23:00:54.499  5843  5909 D dalvikvm: GC_FOR_ALLOC freed 407K, 7% free 10685K/11463K, paused 57ms
07-12 23:00:55.506  5843  5909 D dalvikvm: GC_FOR_ALLOC freed 404K, 7% free 10685K/11463K, paused 21ms
07-12 23:00:56.639  5843  5909 D dalvikvm: GC_FOR_ALLOC freed 404K, 7% free 10685K/11463K, paused 22ms
07-12 23:00:57.776  5843  5909 D dalvikvm: GC_FOR_ALLOC freed 404K, 7% free 10685K/11463K, paused 21ms
07-12 23:00:58.999  5843  5909 D dalvikvm: GC_FOR_ALLOC freed 407K, 7% free 10685K/11463K, paused 22ms
07-12 23:01:00.022   144   147 D dalvikvm: JIT code cache reset in 4 ms (1048528 bytes 54/0)
07-12 23:01:00.046   144   147 D dalvikvm: GC_CONCURRENT freed 2042K, 26% free 17625K/23623K, paused 4ms+12ms
07-12 23:01:00.217  5843  5845 D dalvikvm: GC_CONCURRENT freed 555K, 8% free 10600K/11463K, paused 3ms+3ms
07-12 23:01:01.237  5843  5845 D dalvikvm: GC_CONCURRENT freed 429K, 8% free 10620K/11463K, paused 2ms+4ms
07-12 23:01:01.749 30387 30389 D dalvikvm: GC_CONCURRENT freed 323K, 6% free 10278K/10887K, paused 6ms+6ms
07-12 23:01:02.350  5843  5845 D dalvikvm: GC_CONCURRENT freed 287K, 7% free 10747K/11463K, paused 2ms+3ms
07-12 23:01:03.409  5843  5909 D dalvikvm: GC_FOR_ALLOC freed 400K, 8% free 10621K/11463K, paused 22ms
07-12 23:01:04.542  5843  5845 D dalvikvm: GC_CONCURRENT freed 467K, 7% free 10685K/11463K, paused 2ms+4ms
07-12 23:01:05.663  5843  5909 D dalvikvm: GC_FOR_ALLOC freed 404K, 7% free 10685K/11463K, paused 21ms
07-12 23:01:06.885  5843  5909 D dalvikvm: GC_FOR_ALLOC freed 404K, 7% free 10685K/11463K, paused 21ms
07-12 23:01:08.026  5843  5909 D dalvikvm: GC_FOR_ALLOC freed 415K, 7% free 10686K/11463K, paused 24ms
07-12 23:01:09.143  5843  5909 D dalvikvm: GC_FOR_ALLOC freed 402K, 8% free 10621K/11463K, paused 21ms
07-12 23:01:10.178  5843  5845 D dalvikvm: GC_CONCURRENT freed 404K, 7% free 10684K/11463K, paused 2ms+2ms
07-12 23:01:11.299  5843  5909 D dalvikvm: GC_FOR_ALLOC freed 407K, 7% free 10685K/11463K, paused 22ms
07-12 23:01:12.514  5843  5909 D dalvikvm: GC_FOR_ALLOC freed 404K, 7% free 10685K/11463K, paused 21ms
07-12 23:01:13.745  5843  5909 D dalvikvm: GC_FOR_ALLOC freed 404K, 7% free 10685K/11463K, paused 21ms
07-12 23:01:14.788  5843  5909 D dalvikvm: GC_FOR_ALLOC freed 403K, 7% free 10685K/11463K, paused 37ms
07-12 23:01:16.061  5843  5909 D dalvikvm: GC_FOR_ALLOC freed 404K, 7% free 10685K/11463K, paused 52ms
07-12 23:01:17.112  5843  5909 D dalvikvm: GC_FOR_ALLOC freed 403K, 7% free 10685K/11463K, paused 50ms
07-12 23:01:18.042  5843  5909 D dalvikvm: GC_FOR_ALLOC freed 407K, 7% free 10685K/11463K, paused 21ms
07-12 23:01:19.276  5843  5909 D dalvikvm: GC_FOR_ALLOC freed 404K, 7% free 10685K/11463K, paused 22ms
07-12 23:01:20.499  5843  5909 D dalvikvm: GC_FOR_ALLOC freed 404K, 7% free 10685K/11463K, paused 21ms
07-12 23:01:21.553  5843  5909 D dalvikvm: GC_FOR_ALLOC freed 403K, 7% free 10685K/11463K, paused 58ms
07-12 23:01:22.753  5843  5909 D dalvikvm: GC_FOR_ALLOC freed 404K, 7% free 10685K/11463K, paused 21ms
07-12 23:01:23.776  5843  5909 D dalvikvm: GC_FOR_ALLOC freed 403K, 7% free 10685K/11463K, paused 43ms
07-12 23:01:24.831  5843  5909 D dalvikvm: GC_FOR_ALLOC freed 404K, 7% free 10685K/11463K, paused 21ms
07-12 23:01:26.034  5843  5909 D dalvikvm: GC_FOR_ALLOC freed 404K, 7% free 10675K/11463K, paused 23ms
07-12 23:01:27.237  5843  5845 D dalvikvm: GC_CONCURRENT freed 541K, 8% free 10562K/11463K, paused 3ms+3ms
07-12 23:01:27.967  4907  4909 D dalvikvm: GC_CONCURRENT freed 513K, 6% free 10458K/11079K, paused 1ms+3ms
07-12 23:01:28.147   144 30930 D dalvikvm: GC_EXPLICIT freed 468K, 26% free 17599K/23623K, paused 3ms+10ms
07-12 23:01:28.241  3358  3360 D dalvikvm: GC_CONCURRENT freed 507K, 7% free 10193K/10951K, paused 7ms+6ms
07-12 23:01:28.253  5843  5845 D dalvikvm: GC_CONCURRENT freed 305K, 8% free 10649K/11463K, paused 2ms+2ms
07-12 23:01:29.327  5843  5845 D dalvikvm: GC_CONCURRENT freed 500K, 8% free 10591K/11463K, paused 3ms+2ms
07-12 23:01:30.448  5843  5845 D dalvikvm: GC_CONCURRENT freed 316K, 7% free 10684K/11463K, paused 2ms+3ms
07-12 23:01:31.874  5843  5909 D dalvikvm: GC_FOR_ALLOC freed 406K, 7% free 10685K/11463K, paused 21ms
07-12 23:01:31.940  4690  4703 I PhoneLab-: Service Running
07-12 23:01:32.053  4690  4703 I PhoneLab-LoggerService: app_37    1373  1     1440   1004  c00f181c 400107b4 S logcat
07-12 23:01:32.053  4690  4703 I PhoneLab-LoggerService: Logcat pid from database 1373
07-12 23:01:32.053  4690  4703 I PhoneLab-LoggerService: Logcat process found 1373
07-12 23:01:32.057  4690  4703 I PhoneLab-LoggerService: Checking Threshold
07-12 23:01:32.057  4690  4703 I PhoneLab-LoggerService: Starting to rename files
07-12 23:01:32.057  4690  4703 I PhoneLab-LoggerService: Files found .. 2
07-12 23:01:32.108  4690  4692 D dalvikvm: GC_CONCURRENT freed 412K, 14% free 9135K/10567K, paused 10ms+5ms
07-12 23:01:33.042  5843  5845 D dalvikvm: GC_CONCURRENT freed 553K, 8% free 10563K/11463K, paused 2ms+2ms
07-12 23:01:33.979  5843  5845 D dalvikvm: GC_CONCURRENT freed 338K, 8% free 10632K/11463K, paused 31ms+2ms
07-12 23:01:34.960  5843  5845 D dalvikvm: GC_CONCURRENT freed 435K, 8% free 10636K/11463K, paused 2ms+2ms
07-12 23:01:36.210  5843  5845 D dalvikvm: GC_CONCURRENT freed 438K, 7% free 10708K/11463K, paused 2ms+3ms
07-12 23:01:37.335  5843  5845 D dalvikvm: GC_CONCURRENT freed 531K, 7% free 10684K/11463K, paused 2ms+3ms
07-12 23:01:38.338  5843  5845 D dalvikvm: GC_CONCURRENT freed 440K, 7% free 10681K/11463K, paused 2ms+3ms
07-12 23:01:39.452  5843  5909 D dalvikvm: GC_FOR_ALLOC freed 409K, 8% free 10620K/11463K, paused 22ms
07-12 23:01:40.612  5843  5845 D dalvikvm: GC_CONCURRENT freed 421K, 8% free 10647K/11463K, paused 2ms+2ms
07-12 23:01:41.706  5843  5845 D dalvikvm: GC_CONCURRENT freed 414K, 7% free 10685K/11463K, paused 2ms+2ms
07-12 23:01:42.815  5843  5909 D dalvikvm: GC_FOR_ALLOC freed 400K, 8% free 10621K/11463K, paused 21ms
07-12 23:01:44.171  5843  5845 D dalvikvm: GC_CONCURRENT freed 407K, 7% free 10685K/11463K, paused 2ms+3ms
07-12 23:01:45.198  5843  5909 D dalvikvm: GC_FOR_ALLOC freed 407K, 7% free 10685K/11463K, paused 61ms
07-12 23:01:46.315  5843  5845 D dalvikvm: GC_CONCURRENT freed 494K, 7% free 10686K/11463K, paused 2ms+2ms
07-12 23:01:47.440  5843  5909 D dalvikvm: GC_FOR_ALLOC freed 405K, 7% free 10685K/11463K, paused 22ms
07-12 23:01:48.452  5843  5909 D dalvikvm: GC_FOR_ALLOC freed 403K, 7% free 10685K/11463K, paused 21ms
07-12 23:01:49.612  5843  5909 D dalvikvm: GC_FOR_ALLOC freed 409K, 7% free 10685K/11463K, paused 21ms
07-12 23:01:50.921  5843  5909 D dalvikvm: GC_FOR_ALLOC freed 409K, 7% free 10685K/11463K, paused 21ms
07-12 23:01:52.088  5843  5845 D dalvikvm: GC_CONCURRENT freed 547K, 8% free 10584K/11463K, paused 2ms+3ms
07-12 23:01:53.163  5843  5845 D dalvikvm: GC_CONCURRENT freed 410K, 8% free 10568K/11463K, paused 21ms+7ms
07-12 23:01:54.202  5843  5845 D dalvikvm: GC_CONCURRENT freed 336K, 7% free 10672K/11463K, paused 2ms+3ms
07-12 23:01:55.268  5843  5845 D dalvikvm: GC_CONCURRENT freed 528K, 8% free 10584K/11463K, paused 4ms+3ms
07-12 23:01:56.366  5843  5845 D dalvikvm: GC_CONCURRENT freed 416K, 8% free 10589K/11463K, paused 3ms+2ms
07-12 23:01:57.690  5843  5845 D dalvikvm: GC_CONCURRENT freed 309K, 7% free 10747K/11463K, paused 2ms+2ms
07-12 23:01:58.667  5843  5909 D dalvikvm: GC_FOR_ALLOC freed 400K, 8% free 10621K/11463K, paused 25ms
07-12 23:01:59.737  5843  5845 D dalvikvm: GC_CONCURRENT freed 412K, 7% free 10661K/11463K, paused 2ms+2ms
07-12 23:02:00.131   214   216 D dalvikvm: GC_CONCURRENT freed 542K, 56% free 9692K/22023K, paused 8ms+4ms
07-12 23:02:00.971  5843  5845 D dalvikvm: GC_CONCURRENT freed 505K, 7% free 10713K/11463K, paused 2ms+3ms
07-12 23:02:01.975  5843  5909 D dalvikvm: GC_FOR_ALLOC freed 423K, 8% free 10659K/11463K, paused 21ms
07-12 23:02:03.108  5843  5909 D dalvikvm: GC_FOR_ALLOC freed 409K, 7% free 10665K/11463K, paused 25ms
07-12 23:02:04.327  5843  5909 D dalvikvm: GC_FOR_ALLOC freed 412K, 7% free 10667K/11463K, paused 23ms
07-12 23:02:05.370  5843  5845 D dalvikvm: GC_CONCURRENT freed 408K, 7% free 10721K/11463K, paused 2ms+2ms
07-12 23:02:06.424  5843  5909 D dalvikvm: GC_FOR_ALLOC freed 576K, 8% free 10558K/11463K, paused 22ms
07-12 23:02:07.530  5843  5845 D dalvikvm: GC_CONCURRENT freed 273K, 7% free 10685K/11463K, paused 2ms+3ms
07-12 23:02:08.756  5843  5845 D dalvikvm: GC_CONCURRENT freed 499K, 8% free 10624K/11463K, paused 2ms+3ms
07-12 23:02:09.772  5843  5845 D dalvikvm: GC_CONCURRENT freed 473K, 8% free 10565K/11463K, paused 39ms+2ms
07-12 23:02:10.495  5843  5845 D dalvikvm: GC_CONCURRENT freed 361K, 8% free 10602K/11463K, paused 2ms+2ms
07-12 23:02:11.073   144   198 D DhcpInfoInternal: makeLinkProperties with empty dns2!
07-12 23:02:11.077   144   198 D DhcpInfoInternal: makeLinkProperties with empty dns2!
07-12 23:02:11.530  5843  5845 D dalvikvm: GC_CONCURRENT freed 294K, 7% free 10717K/11463K, paused 3ms+2ms
07-12 23:02:12.729  5843  5909 D dalvikvm: GC_FOR_ALLOC freed 409K, 8% free 10621K/11463K, paused 22ms
07-12 23:02:13.784  5843  5845 D dalvikvm: GC_CONCURRENT freed 407K, 7% free 10684K/11463K, paused 2ms+3ms
07-12 23:02:14.889  5843  5909 D dalvikvm: GC_FOR_ALLOC freed 404K, 7% free 10685K/11463K, paused 21ms
07-12 23:02:16.139  5843  5845 D dalvikvm: GC_CONCURRENT freed 430K, 7% free 10684K/11463K, paused 2ms+2ms
07-12 23:02:17.342  5843  5909 D dalvikvm: GC_FOR_ALLOC freed 409K, 8% free 10621K/11463K, paused 22ms
07-12 23:02:18.424  5843  5845 D dalvikvm: GC_CONCURRENT freed 412K, 7% free 10685K/11463K, paused 21ms+2ms
07-12 23:02:19.475  5843  5909 D dalvikvm: GC_FOR_ALLOC freed 404K, 7% free 10685K/11463K, paused 21ms
07-12 23:02:20.710  5843  5909 D dalvikvm: GC_FOR_ALLOC freed 404K, 7% free 10685K/11463K, paused 21ms
07-12 23:02:21.729  5843  5909 D dalvikvm: GC_FOR_ALLOC freed 405K, 7% free 10686K/11463K, paused 40ms
07-12 23:02:22.788  5843  5909 D dalvikvm: GC_FOR_ALLOC freed 410K, 7% free 10685K/11463K, paused 21ms
07-12 23:02:24.096  5843  5909 D dalvikvm: GC_FOR_ALLOC freed 404K, 7% free 10685K/11463K, paused 22ms
07-12 23:02:25.143  5843  5909 D dalvikvm: GC_FOR_ALLOC freed 404K, 7% free 10685K/11463K, paused 32ms
07-12 23:02:26.245  5843  5909 D dalvikvm: GC_FOR_ALLOC freed 409K, 7% free 10678K/11463K, paused 22ms
07-12 23:02:27.370  5843  5909 D dalvikvm: GC_FOR_ALLOC freed 405K, 8% free 10621K/11463K, paused 21ms
07-12 23:02:28.397  5843  5845 D dalvikvm: GC_CONCURRENT freed 408K, 8% free 10621K/11463K, paused 3ms+3ms
07-12 23:02:29.538  5843  5845 D dalvikvm: GC_CONCURRENT freed 409K, 7% free 10683K/11463K, paused 3ms+2ms
07-12 23:02:30.866  5843  5909 D dalvikvm: GC_FOR_ALLOC freed 407K, 7% free 10685K/11463K, paused 22ms
07-12 23:02:32.323  5843  5909 D dalvikvm: GC_FOR_ALLOC freed 399K, 8% free 10622K/11463K, paused 25ms
07-12 23:02:33.378  5843  5909 D dalvikvm: GC_FOR_ALLOC freed 394K, 8% free 10621K/11463K, paused 21ms
07-12 23:02:34.409  5843  5845 D dalvikvm: GC_CONCURRENT freed 399K, 7% free 10688K/11463K, paused 3ms+3ms
07-12 23:02:35.389  5843  5909 D dalvikvm: GC_FOR_ALLOC freed 402K, 7% free 10685K/11463K, paused 21ms
07-12 23:02:36.413  5843  5909 D dalvikvm: GC_FOR_ALLOC freed 394K, 7% free 10687K/11463K, paused 21ms
07-12 23:02:37.612  5843  5909 D dalvikvm: GC_FOR_ALLOC freed 399K, 7% free 10687K/11463K, paused 21ms
07-12 23:02:38.526  5843  5845 D dalvikvm: GC_CONCURRENT freed 503K, 8% free 10625K/11463K, paused 2ms+2ms
07-12 23:02:39.686  5843  5845 D dalvikvm: GC_CONCURRENT freed 324K, 7% free 10747K/11463K, paused 2ms+2ms
07-12 23:02:40.784  5843  5909 D dalvikvm: GC_FOR_ALLOC freed 407K, 7% free 10685K/11463K, paused 21ms
07-12 23:02:41.913  5843  5909 D dalvikvm: GC_FOR_ALLOC freed 404K, 7% free 10685K/11463K, paused 22ms
07-12 23:02:43.268  5843  5909 D dalvikvm: GC_FOR_ALLOC freed 408K, 7% free 10685K/11463K, paused 22ms
07-12 23:02:44.413  5843  5909 D dalvikvm: GC_FOR_ALLOC freed 400K, 8% free 10621K/11463K, paused 43ms
07-12 23:02:45.471  5843  5845 D dalvikvm: GC_CONCURRENT freed 407K, 7% free 10685K/11463K, paused 22ms+2ms
07-12 23:02:46.526  5843  5909 D dalvikvm: GC_FOR_ALLOC freed 404K, 7% free 10685K/11463K, paused 21ms
07-12 23:02:47.553  5843  5909 D dalvikvm: GC_FOR_ALLOC freed 404K, 7% free 10685K/11463K, paused 27ms
07-12 23:02:48.674  5843  5909 D dalvikvm: GC_FOR_ALLOC freed 404K, 7% free 10685K/11463K, paused 21ms
07-12 23:02:49.796  5843  5909 D dalvikvm: GC_FOR_ALLOC freed 407K, 7% free 10667K/11463K, paused 24ms
07-12 23:02:50.811  5843  5909 D dalvikvm: GC_FOR_ALLOC freed 413K, 7% free 10664K/11463K, paused 24ms
07-12 23:02:52.065  5843  5909 D dalvikvm: GC_FOR_ALLOC freed 410K, 8% free 10621K/11463K, paused 23ms
07-12 23:02:53.081  5843  5909 D dalvikvm: GC_FOR_ALLOC freed 404K, 8% free 10621K/11463K, paused 26ms
07-12 23:02:54.229  5843  5845 D dalvikvm: GC_CONCURRENT freed 405K, 7% free 10684K/11463K, paused 2ms+3ms
07-12 23:02:55.081  6106  6108 D dalvikvm: GC_CONCURRENT freed 723K, 7% free 11602K/12423K, paused 2ms+3ms
07-12 23:02:55.323  5843  5909 D dalvikvm: GC_FOR_ALLOC freed 406K, 7% free 10685K/11463K, paused 22ms
07-12 23:02:56.659  5843  5909 D dalvikvm: GC_FOR_ALLOC freed 404K, 7% free 10685K/11463K, paused 21ms
07-12 23:02:57.710  5843  5909 D dalvikvm: GC_FOR_ALLOC freed 403K, 7% free 10685K/11463K, paused 59ms
07-12 23:02:58.811  5843  5909 D dalvikvm: GC_FOR_ALLOC freed 405K, 7% free 10686K/11463K, paused 25ms
07-12 23:03:00.073  5843  5909 D dalvikvm: GC_FOR_ALLOC freed 405K, 7% free 10685K/11463K, paused 21ms
07-12 23:03:01.131  5843  5909 D dalvikvm: GC_FOR_ALLOC freed 403K, 7% free 10685K/11463K, paused 51ms
07-12 23:03:01.698   144   147 D dalvikvm: GC_CONCURRENT freed 2019K, 26% free 17628K/23623K, paused 3ms+7ms
07-12 23:03:02.088  5843  5909 D dalvikvm: GC_FOR_ALLOC freed 405K, 8% free 10621K/11463K, paused 22ms
07-12 23:03:03.436  5843  5845 D dalvikvm: GC_CONCURRENT freed 404K, 7% free 10683K/11463K, paused 2ms+3ms
07-12 23:03:04.460  5843  5909 D dalvikvm: GC_FOR_ALLOC freed 407K, 7% free 10685K/11463K, paused 32ms
07-12 23:03:05.456  5843  5909 D dalvikvm: GC_FOR_ALLOC freed 404K, 7% free 10685K/11463K, paused 21ms
07-12 23:03:06.600  5843  5909 D dalvikvm: GC_FOR_ALLOC freed 404K, 7% free 10685K/11463K, paused 21ms
07-12 23:03:07.710  5843  5909 D dalvikvm: GC_FOR_ALLOC freed 404K, 7% free 10685K/11463K, paused 21ms
07-12 23:03:08.838  5843  5909 D dalvikvm: GC_FOR_ALLOC freed 407K, 7% free 10685K/11463K, paused 21ms
07-12 23:03:10.167  5843  5909 D dalvikvm: GC_FOR_ALLOC freed 404K, 7% free 10664K/11463K, paused 24ms
07-12 23:03:11.221  5843  5909 D dalvikvm: GC_FOR_ALLOC freed 413K, 7% free 10664K/11463K, paused 69ms
07-12 23:03:12.237  5843  5845 D dalvikvm: GC_CONCURRENT freed 414K, 7% free 10717K/11463K, paused 2ms+2ms
07-12 23:03:13.495   144   168 I ActivityManager: Start proc com.google.android.apps.currents for service com.google.android.apps.currents/com.google.apps.dots.android.app.service.SyncService: pid=6456 uid=10078 gids={3003, 1015}
07-12 23:03:13.534  5843  5909 D dalvikvm: GC_FOR_ALLOC freed 496K, 8% free 10594K/11463K, paused 28ms
07-12 23:03:14.034  6456  6456 I ActivityThread: Pub com.google.apps.dots.android.app.provider.SuggestionProvider: com.google.apps.dots.android.app.provider.SuggestionProvider
07-12 23:03:14.061  6456  6456 I ActivityThread: Pub com.google.android.apps.currents.exported: com.google.apps.dots.android.app.provider.ExportedContentProvider
07-12 23:03:14.186  6456  6457 D dalvikvm: GC_CONCURRENT freed 175K, 3% free 9361K/9607K, paused 18ms+2ms
07-12 23:03:14.245  6456  6457 D dalvikvm: GC_CONCURRENT freed 265K, 5% free 9586K/9991K, paused 1ms+1ms
07-12 23:03:14.358  6456  6457 D dalvikvm: GC_CONCURRENT freed 231K, 4% free 9833K/10183K, paused 1ms+3ms
07-12 23:03:14.530  6456  6457 D dalvikvm: GC_CONCURRENT freed 241K, 4% free 10119K/10439K, paused 2ms+2ms
07-12 23:03:14.565  6456  6456 I DotsContentUris: content://com.google.android.apps.currents
07-12 23:03:14.577  5843  5845 D dalvikvm: GC_CONCURRENT freed 371K, 8% free 10632K/11463K, paused 6ms+5ms
07-12 23:03:14.577  6456  6456 I ActivityThread: Pub com.google.android.apps.currents: com.google.apps.dots.android.app.provider.DotsContentProvider
07-12 23:03:14.588  6456  6456 I DotsApplication: Starting up...
07-12 23:03:14.901  6456  6457 D dalvikvm: GC_CONCURRENT freed 447K, 6% free 10152K/10695K, paused 6ms+10ms
07-12 23:03:15.260  6456  6457 D dalvikvm: GC_CONCURRENT freed 259K, 4% free 10329K/10695K, paused 5ms+2ms
07-12 23:03:15.296  6456  6475 I SyncService: Starting sync (23:03:15)
07-12 23:03:15.713  5843  5909 D dalvikvm: GC_FOR_ALLOC freed 406K, 8% free 10621K/11463K, paused 25ms
07-12 23:03:16.936  5843  5909 D dalvikvm: GC_FOR_ALLOC freed 404K, 8% free 10621K/11463K, paused 23ms
07-12 23:03:17.991  5843  5845 D dalvikvm: GC_CONCURRENT freed 410K, 7% free 10685K/11463K, paused 21ms+2ms
07-12 23:03:18.940  6456  6457 D dalvikvm: GC_CONCURRENT freed 282K, 4% free 10471K/10887K, paused 4ms+50ms
07-12 23:03:19.010  5843  5845 D dalvikvm: GC_CONCURRENT freed 494K, 7% free 10730K/11463K, paused 3ms+3ms
07-12 23:03:19.315  6456  6457 D dalvikvm: GC_CONCURRENT freed 217K, 4% free 10673K/11015K, paused 2ms+3ms
07-12 23:03:19.421  6456  6457 D dalvikvm: GC_CONCURRENT freed 419K, 6% free 10721K/11335K, paused 2ms+2ms
07-12 23:03:19.686  6456  6457 D dalvikvm: GC_CONCURRENT freed 512K, 6% free 10691K/11335K, paused 2ms+2ms
07-12 23:03:20.213  5843  5909 D dalvikvm: GC_FOR_ALLOC freed 430K, 7% free 10685K/11463K, paused 23ms
07-12 23:03:20.749   144  9084 D SyncManager: setSyncAutomatically: , provider com.google.android.apps.currents -> true
07-12 23:03:20.749   144  9084 D SyncManager: setSyncAutomatically: already set to true, doing nothing
07-12 23:03:20.889  6456  6457 D dalvikvm: GC_CONCURRENT freed 348K, 5% free 10773K/11335K, paused 3ms+3ms
07-12 23:03:21.069  6456  6457 D dalvikvm: GC_CONCURRENT freed 221K, 4% free 11045K/11399K, paused 2ms+3ms
07-12 23:03:21.221  5843  5909 D dalvikvm: GC_FOR_ALLOC freed 404K, 8% free 10653K/11463K, paused 31ms
07-12 23:03:21.327  6456  6457 D dalvikvm: GC_CONCURRENT freed 277K, 4% free 11372K/11783K, paused 2ms+2ms
07-12 23:03:21.585  6456  6457 D dalvikvm: GC_CONCURRENT freed 800K, 8% free 11236K/12167K, paused 3ms+3ms
07-12 23:03:21.706   144   402 D dalvikvm: GC_EXPLICIT freed 629K, 26% free 17600K/23623K, paused 4ms+8ms
07-12 23:03:21.913  6456  6457 D dalvikvm: GC_CONCURRENT freed 611K, 8% free 11252K/12167K, paused 2ms+3ms
07-12 23:03:22.487  5843  5845 D dalvikvm: GC_CONCURRENT freed 482K, 7% free 10685K/11463K, paused 2ms+4ms
07-12 23:03:22.799  6456  6457 D dalvikvm: GC_CONCURRENT freed 609K, 8% free 11261K/12167K, paused 2ms+2ms
07-12 23:03:25.276  5843  5845 D dalvikvm: GC_CONCURRENT freed 544K, 8% free 10568K/11463K, paused 2ms+2ms
07-12 23:03:25.956  6456  6457 D dalvikvm: GC_CONCURRENT freed 610K, 8% free 11273K/12167K, paused 2ms+3ms
07-12 23:03:26.643  5843  5845 D dalvikvm: GC_CONCURRENT freed 336K, 8% free 10654K/11463K, paused 2ms+3ms
07-12 23:03:26.772  6456  6457 D dalvikvm: GC_CONCURRENT freed 646K, 8% free 11252K/12167K, paused 2ms+2ms
07-12 23:03:26.952  6456  6457 D dalvikvm: GC_CONCURRENT freed 584K, 8% free 11303K/12167K, paused 2ms+3ms
07-12 23:03:27.581  5843  5845 D dalvikvm: GC_CONCURRENT freed 419K, 7% free 10666K/11463K, paused 2ms+2ms
07-12 23:03:27.905  6456  6457 D dalvikvm: GC_CONCURRENT freed 637K, 8% free 11302K/12167K, paused 2ms+3ms
07-12 23:03:27.991  4907  4909 D dalvikvm: GC_CONCURRENT freed 510K, 6% free 10460K/11079K, paused 2ms+3ms
07-12 23:03:28.073  3358  3358 D dalvikvm: GC_EXPLICIT freed 387K, 8% free 10161K/10951K, paused 2ms+3ms
07-12 23:03:29.159  5843  5845 D dalvikvm: GC_CONCURRENT freed 426K, 7% free 10689K/11463K, paused 31ms+2ms
07-12 23:03:29.424  4907  4929 D dalvikvm: GC_FOR_ALLOC freed 261K, 6% free 10469K/11079K, paused 27ms
07-12 23:03:29.854  6456  6457 D dalvikvm: GC_CONCURRENT freed 645K, 8% free 11292K/12167K, paused 3ms+3ms
07-12 23:03:30.026  6456  6457 D dalvikvm: GC_CONCURRENT freed 605K, 8% free 11315K/12167K, paused 2ms+3ms
07-12 23:03:30.104  5843  5909 D dalvikvm: GC_FOR_ALLOC freed 397K, 8% free 10622K/11463K, paused 23ms
07-12 23:03:30.842  6456  6457 D dalvikvm: GC_CONCURRENT freed 650K, 8% free 11303K/12167K, paused 2ms+3ms
07-12 23:03:31.163  5843  5845 D dalvikvm: GC_CONCURRENT freed 407K, 7% free 10671K/11463K, paused 22ms+3ms
07-12 23:03:31.542  6456  6457 D dalvikvm: GC_CONCURRENT freed 634K, 8% free 11303K/12167K, paused 2ms+2ms
07-12 23:03:31.936  4690  4703 I PhoneLab-: Service Running
07-12 23:03:32.038  4690  4703 I PhoneLab-LoggerService: app_37    1373  1     1440   1000  c00f181c 400107b4 S logcat
07-12 23:03:32.042  4690  4703 I PhoneLab-LoggerService: Logcat pid from database 1373
07-12 23:03:32.042  4690  4703 I PhoneLab-LoggerService: Logcat process found 1373
07-12 23:03:32.042  4690  4703 I PhoneLab-LoggerService: Checking Threshold
07-12 23:03:32.042  4690  4703 I PhoneLab-LoggerService: Starting to rename files
07-12 23:03:32.042  4690  4703 I PhoneLab-LoggerService: Files found .. 2
07-12 23:03:32.171  6456  6457 D dalvikvm: GC_CONCURRENT freed 599K, 7% free 11349K/12167K, paused 2ms+3ms
07-12 23:03:32.249  5843  5845 D dalvikvm: GC_CONCURRENT freed 534K, 8% free 10566K/11463K, paused 2ms+3ms
07-12 23:03:32.518  6456  6478 D dalvikvm: GC_FOR_ALLOC freed 449K, 8% free 11370K/12231K, paused 31ms
07-12 23:03:32.671  6456  6457 D dalvikvm: GC_CONCURRENT freed 674K, 8% free 11371K/12231K, paused 2ms+2ms
07-12 23:03:33.206  5843  5845 D dalvikvm: GC_CONCURRENT freed 394K, 8% free 10596K/11463K, paused 72ms+2ms
07-12 23:03:33.335  6456  6457 D dalvikvm: GC_CONCURRENT freed 684K, 8% free 11342K/12231K, paused 2ms+3ms
07-12 23:03:33.534  6456  6457 D dalvikvm: GC_CONCURRENT freed 620K, 8% free 11371K/12231K, paused 23ms+3ms
07-12 23:03:34.042  5843  5845 D dalvikvm: GC_CONCURRENT freed 383K, 8% free 10611K/11463K, paused 3ms+2ms
07-12 23:03:36.077  5843  5845 D dalvikvm: GC_CONCURRENT freed 297K, 7% free 10751K/11463K, paused 2ms+2ms
07-12 23:03:36.663  6456  6457 D dalvikvm: GC_CONCURRENT freed 663K, 8% free 11371K/12231K, paused 2ms+3ms
07-12 23:03:36.819  6456  6457 D dalvikvm: GC_CONCURRENT freed 654K, 8% free 11375K/12231K, paused 2ms+2ms
07-12 23:03:37.003  5843  5909 D dalvikvm: GC_FOR_ALLOC freed 390K, 8% free 10622K/11463K, paused 22ms
07-12 23:03:37.471  6456  6457 D dalvikvm: GC_CONCURRENT freed 663K, 8% free 11375K/12231K, paused 2ms+2ms
07-12 23:03:37.999  5843  5909 D dalvikvm: GC_FOR_ALLOC freed 394K, 8% free 10622K/11463K, paused 23ms
07-12 23:03:38.213  6456  6457 D dalvikvm: GC_CONCURRENT freed 661K, 8% free 11374K/12231K, paused 2ms+2ms
07-12 23:03:38.788  6456  6457 D dalvikvm: GC_CONCURRENT freed 655K, 7% free 11377K/12231K, paused 3ms+3ms
07-12 23:03:40.077  6456  6457 D dalvikvm: GC_CONCURRENT freed 685K, 7% free 11416K/12231K, paused 3ms+3ms
07-12 23:03:41.452  6456  6457 D dalvikvm: GC_CONCURRENT freed 664K, 7% free 11434K/12231K, paused 1ms+2ms
07-12 23:03:41.569  5843  5845 D dalvikvm: GC_CONCURRENT freed 469K, 8% free 10568K/11463K, paused 2ms+3ms
07-12 23:03:41.745   144  9084 D dalvikvm: GC_EXPLICIT freed 744K, 26% free 17607K/23623K, paused 5ms+8ms
07-12 23:03:41.881  6456  6478 D dalvikvm: GC_EXPLICIT freed 650K, 7% free 11489K/12231K, paused 12ms+3ms
07-12 23:03:43.210  6456  6457 D dalvikvm: GC_CONCURRENT freed 787K, 8% free 11438K/12359K, paused 2ms+2ms
07-12 23:03:43.366  6456  6457 D dalvikvm: GC_CONCURRENT freed 648K, 8% free 11471K/12359K, paused 2ms+3ms
07-12 23:03:43.526  6456  6457 D dalvikvm: GC_CONCURRENT freed 727K, 7% free 11506K/12359K, paused 1ms+3ms
07-12 23:03:43.604  5843  5845 D dalvikvm: GC_CONCURRENT freed 397K, 8% free 10565K/11463K, paused 3ms+3ms
07-12 23:03:43.917  6456  6457 D dalvikvm: GC_CONCURRENT freed 566K, 6% free 11657K/12359K, paused 2ms+3ms
07-12 23:03:44.413  5843  5845 D dalvikvm: GC_CONCURRENT freed 351K, 8% free 10624K/11463K, paused 2ms+2ms
07-12 23:03:45.436  5843  5845 D dalvikvm: GC_CONCURRENT freed 429K, 8% free 10624K/11463K, paused 5ms+2ms
07-12 23:03:45.534  6456  6478 D dalvikvm: GC_FOR_ALLOC freed 662K, 9% free 11482K/12551K, paused 35ms
07-12 23:03:45.534  6456  6478 I dalvikvm-heap: Grow heap (frag case) to 11.361MB for 82298-byte allocation
07-12 23:03:45.561  6456  6478 D dalvikvm: GC_FOR_ALLOC freed 44K, 10% free 11517K/12679K, paused 27ms
07-12 23:03:46.057  6456  6478 D dalvikvm: GC_FOR_ALLOC freed 466K, 10% free 11433K/12679K, paused 35ms
07-12 23:03:46.432  5843  5845 D dalvikvm: GC_CONCURRENT freed 429K, 8% free 10624K/11463K, paused 2ms+3ms
07-12 23:03:46.792  6456  6457 D dalvikvm: GC_CONCURRENT freed 639K, 10% free 11472K/12679K, paused 4ms+3ms
07-12 23:03:46.936  6456  6457 D dalvikvm: GC_CONCURRENT freed 653K, 10% free 11511K/12679K, paused 2ms+3ms
07-12 23:03:47.620  5843  5845 D dalvikvm: GC_CONCURRENT freed 429K, 8% free 10624K/11463K, paused 121ms+2ms
07-12 23:03:47.725   144   400 I ActivityManager: Process com.whatsapp (pid 5109) has died.
07-12 23:03:47.725   144   400 W ActivityManager: Scheduling restart of crashed service com.whatsapp/.messaging.MessageService in 5000ms
07-12 23:03:48.264  6456  6457 D dalvikvm: GC_CONCURRENT freed 744K, 10% free 11472K/12679K, paused 65ms+3ms
07-12 23:03:48.440  5843  5845 D dalvikvm: GC_CONCURRENT freed 424K, 8% free 10623K/11463K, paused 2ms+3ms
07-12 23:03:48.667  6456  6457 D dalvikvm: GC_CONCURRENT freed 743K, 10% free 11429K/12679K, paused 3ms+3ms
07-12 23:03:49.479  6456  6457 D dalvikvm: GC_CONCURRENT freed 656K, 10% free 11449K/12679K, paused 1ms+3ms
07-12 23:03:49.628  6456  6457 D dalvikvm: GC_CONCURRENT freed 469K, 8% free 11683K/12679K, paused 3ms+2ms
07-12 23:03:49.842  6456  6457 D dalvikvm: GC_CONCURRENT freed 548K, 7% free 11897K/12679K, paused 2ms+2ms
07-12 23:03:50.288  5843  5845 D dalvikvm: GC_CONCURRENT freed 464K, 8% free 10622K/11463K, paused 60ms+2ms
07-12 23:03:50.463   344   344 D SAN_SERVICE: *******************************************
07-12 23:03:50.463   344   344 D SAN_SERVICE: DM App Phone Service State - 0
07-12 23:03:50.463   344   344 D SAN_SERVICE: *******************************************
07-12 23:03:50.624  6456  6457 D dalvikvm: GC_CONCURRENT freed 960K, 9% free 11790K/12871K, paused 5ms+3ms
07-12 23:03:50.694   344   344 D SAN_SERVICE: *******************************************
07-12 23:03:50.694   344   344 D SAN_SERVICE: DM App Phone Service State - 0
07-12 23:03:50.694   344   344 D SAN_SERVICE: *******************************************
07-12 23:03:50.862  6456  6457 D dalvikvm: GC_CONCURRENT freed 1236K, 12% free 11349K/12871K, paused 3ms+3ms
07-12 23:03:51.213  5843  5845 D dalvikvm: GC_CONCURRENT freed 402K, 7% free 10687K/11463K, paused 3ms+2ms
07-12 23:03:52.190  5843  5909 D dalvikvm: GC_FOR_ALLOC freed 402K, 7% free 10687K/11463K, paused 26ms
07-12 23:03:52.924   144   161 I ActivityManager: Start proc com.whatsapp for service com.whatsapp/.messaging.MessageService: pid=6485 uid=10068 gids={1015, 3003}
07-12 23:03:52.936  6456  6475 I SyncService: sync service finished (23:03:52)
07-12 23:03:53.006  6485  6485 I dalvikvm: Turning on JNI app bug workarounds for target SDK version 7...
07-12 23:03:53.249  5843  5909 D dalvikvm: GC_FOR_ALLOC freed 395K, 8% free 10622K/11463K, paused 82ms
07-12 23:03:53.327   144   376 I ActivityManager: Process com.google.android.apps.gesturesearch (pid 5981) has died.
07-12 23:03:53.428  6485  6486 D dalvikvm: GC_CONCURRENT freed 177K, 3% free 9365K/9607K, paused 16ms+2ms
07-12 23:03:54.139   144   400 I ActivityManager: Process com.android.sprintmenu (pid 5142) has died.
07-12 23:03:54.139   144   400 W ActivityManager: Scheduling restart of crashed service com.android.sprintmenu/.HiddenPhoneService in 5000ms
07-12 23:03:54.225  6485  6486 D dalvikvm: GC_CONCURRENT freed 301K, 4% free 9603K/9991K, paused 2ms+3ms
07-12 23:03:54.260  5843  5845 D dalvikvm: GC_CONCURRENT freed 402K, 7% free 10687K/11463K, paused 24ms+2ms
07-12 23:03:54.487  6485  6485 I dalvikvm: Could not find method android.media.MediaMetadataRetriever.captureFrame, referenced from method com.whatsapp.q3.a
07-12 23:03:54.487  6485  6485 W dalvikvm: VFY: unable to resolve virtual method 502: Landroid/media/MediaMetadataRetriever;.captureFrame ()Landroid/graphics/Bitmap;
07-12 23:03:54.487  6485  6485 D dalvikvm: VFY: replacing opcode 0x6e at 0x0134
07-12 23:03:54.702  6485  6486 D dalvikvm: GC_CONCURRENT freed 452K, 6% free 9721K/10247K, paused 11ms+3ms
07-12 23:03:54.858  5658  5669 D dalvikvm: GC_EXPLICIT freed 347K, 9% free 9833K/10695K, paused 2ms+57ms
07-12 23:03:54.901  6485  6486 D dalvikvm: GC_CONCURRENT freed 163K, 3% free 9989K/10247K, paused 1ms+5ms
07-12 23:03:55.276  5843  5909 D dalvikvm: GC_FOR_ALLOC freed 399K, 7% free 10687K/11463K, paused 46ms
07-12 23:03:56.971   144   326 I ActivityManager: Process com.google.android.googlequicksearchbox (pid 5995) has died.
07-12 23:03:57.057  5843  5909 D dalvikvm: GC_FOR_ALLOC freed 394K, 7% free 10687K/11463K, paused 22ms
07-12 23:03:58.116  5843  5909 D dalvikvm: GC_FOR_ALLOC freed 394K, 7% free 10687K/11463K, paused 21ms
07-12 23:03:59.124  5843  5909 D dalvikvm: GC_FOR_ALLOC freed 394K, 7% free 10687K/11463K, paused 25ms
07-12 23:03:59.151   144   161 I ActivityManager: Start proc com.android.sprintmenu for service com.android.sprintmenu/.HiddenPhoneService: pid=6513 uid=1001 gids={3002, 3001, 3003, 1015}
07-12 23:04:00.131  5843  5909 D dalvikvm: GC_FOR_ALLOC freed 395K, 7% free 10689K/11463K, paused 37ms
07-12 23:04:00.342   144   173 I ActivityManager: Start proc com.google.android.maps.mytracks for service com.google.android.maps.mytracks/com.google.android.apps.mytracks.services.RemoveTempFilesService: pid=6530 uid=10072 gids={3002, 3001, 3003, 1015}
07-12 23:04:00.381    79    79 D dalvikvm: GC_EXPLICIT freed 37K, 4% free 9031K/9347K, paused 3ms+12ms
07-12 23:04:00.452    79    79 D dalvikvm: GC_EXPLICIT freed <1K, 4% free 9031K/9347K, paused 6ms+5ms
07-12 23:04:00.530    79    79 D dalvikvm: GC_EXPLICIT freed <1K, 4% free 9031K/9347K, paused 6ms+4ms
07-12 23:04:00.542  6530  6530 I ActivityThread: Pub com.google.android.maps.mytracks.search: com.google.android.apps.mytracks.content.SearchEngineProvider
07-12 23:04:00.557  6530  6530 I ActivityThread: Pub com.google.android.maps.mytracks: com.google.android.apps.mytracks.content.MyTracksProvider
07-12 23:04:00.624  6530  6530 D MyTracks: Enabling strict mode
07-12 23:04:00.643  6268  6543 I SqliteDatabaseCpp: sqlite returned: error code = 1, msg = no such column: wipeout_stats, db=/data/data/com.google.android.apps.plus/databases/es0.db
07-12 23:04:00.643  6268  6543 W System.err: android.database.sqlite.SQLiteException: no such column: wipeout_stats: , while compiling: SELECT wipeout_stats  FROM account_status
07-12 23:04:00.706  6268  6543 W System.err: 	at android.database.sqlite.SQLiteCompiledSql.native_compile(Native Method)
07-12 23:04:00.706  6268  6543 W System.err: 	at android.database.sqlite.SQLiteCompiledSql.<init>(SQLiteCompiledSql.java:68)
07-12 23:04:00.706  6268  6543 W System.err: 	at android.database.sqlite.SQLiteProgram.compileSql(SQLiteProgram.java:143)
07-12 23:04:00.710  6268  6543 W System.err: 	at android.database.sqlite.SQLiteProgram.compileAndbindAllArgs(SQLiteProgram.java:361)
07-12 23:04:00.710  6268  6543 W System.err: 	at android.database.sqlite.SQLiteStatement.acquireAndLock(SQLiteStatement.java:260)
07-12 23:04:00.710  6268  6543 W System.err: 	at android.database.sqlite.SQLiteStatement.simpleQueryForLong(SQLiteStatement.java:137)
07-12 23:04:00.710  6268  6543 W System.err: 	at android.database.DatabaseUtils.longForQuery(DatabaseUtils.java:791)
07-12 23:04:00.710  6268  6543 W System.err: 	at android.database.DatabaseUtils.longForQuery(DatabaseUtils.java:779)
07-12 23:04:00.710  6268  6543 W System.err: 	at com.google.android.apps.plus.content.EsAccountsData.isContactsStatsWipeoutNeeded(EsAccountsData.java:641)
07-12 23:04:00.710  6268  6543 W System.err: 	at com.google.android.apps.plus.service.EsService.processIntent(EsService.java:4246)
07-12 23:04:00.710  6268  6543 W System.err: 	at com.google.android.apps.plus.service.ServiceThread$1.run(ServiceThread.java:50)
07-12 23:04:00.710  6268  6543 W System.err: 	at android.os.Handler.handleCallback(Handler.java:605)
07-12 23:04:00.717  6268  6543 W System.err: 	at android.os.Handler.dispatchMessage(Handler.java:92)
07-12 23:04:00.721  6268  6543 W System.err: 	at android.os.Looper.loop(Looper.java:137)
07-12 23:04:00.721  6268  6543 W System.err: 	at com.google.android.apps.plus.service.ServiceThread.run(ServiceThread.java:122)
07-12 23:04:00.889   144  9303 I ActivityManager: Process com.android.browser (pid 6041) has died.
07-12 23:04:00.956  6530  6533 D dalvikvm: GC_CONCURRENT freed 348K, 5% free 9186K/9607K, paused 2ms+68ms
07-12 23:04:00.991  6530  6530 D StrictMode: StrictMode policy violation; ~duration=234 ms: android.os.StrictMode$StrictModeDiskWriteViolation: policy=21 violation=1
07-12 23:04:00.991  6530  6530 D StrictMode: 	at android.os.StrictMode$AndroidBlockGuardPolicy.onWriteToDisk(StrictMode.java:1063)
07-12 23:04:00.991  6530  6530 D StrictMode: 	at android.database.sqlite.SQLiteStatement.acquireAndLock(SQLiteStatement.java:226)
07-12 23:04:00.991  6530  6530 D StrictMode: 	at android.database.sqlite.SQLiteStatement.executeUpdateDelete(SQLiteStatement.java:84)
07-12 23:04:00.991  6530  6530 D StrictMode: 	at android.database.sqlite.SQLiteDatabase.executeSql(SQLiteDatabase.java:1899)
07-12 23:04:00.991  6530  6530 D StrictMode: 	at android.database.sqlite.SQLiteDatabase.execSQL(SQLiteDatabase.java:1839)
07-12 23:04:00.991  6530  6530 D StrictMode: 	at android.database.sqlite.SQLiteDatabase.setPageSize(SQLiteDatabase.java:1297)
07-12 23:04:00.991  6530  6530 D StrictMode: 	at android.database.sqlite.SQLiteDatabase.openDatabase(SQLiteDatabase.java:995)
07-12 23:04:00.991  6530  6530 D StrictMode: 	at android.database.sqlite.SQLiteDatabase.openOrCreateDatabase(SQLiteDatabase.java:1051)
07-12 23:04:00.991  6530  6530 D StrictMode: 	at android.app.ContextImpl.openOrCreateDatabase(ContextImpl.java:770)
07-12 23:04:00.991  6530  6530 D StrictMode: 	at android.content.ContextWrapper.openOrCreateDatabase(ContextWrapper.java:221)
07-12 23:04:00.991  6530  6530 D StrictMode: 	at android.database.sqlite.SQLiteOpenHelper.getWritableDatabase(SQLiteOpenHelper.java:157)
07-12 23:04:00.991  6530  6530 D StrictMode: 	at com.google.android.apps.analytics.v.<init>(Unknown Source)
07-12 23:04:00.991  6530  6530 D StrictMode: 	at com.google.android.apps.analytics.v.<init>(Unknown Source)
07-12 23:04:00.991  6530  6530 D StrictMode: 	at com.google.android.apps.analytics.i.a(Unknown Source)
07-12 23:04:00.991  6530  6530 D StrictMode: 	at com.google.android.apps.mytracks.b.a.a(MT:43)
07-12 23:04:00.991  6530  6530 D StrictMode: 	at com.google.android.apps.mytracks.MyTracksApplication.onCreate(MT:42)
07-12 23:04:00.991  6530  6530 D StrictMode: 	at android.app.Instrumentation.callApplicationOnCreate(Instrumentation.java:969)
07-12 23:04:00.991  6530  6530 D StrictMode: 	at android.app.ActivityThread.handleBindApplication(ActivityThread.java:3954)
07-12 23:04:00.991  6530  6530 D StrictMode: 	at android.app.ActivityThread.access$1300(ActivityThread.java:123)
07-12 23:04:00.991  6530  6530 D StrictMode: 	at android.app.ActivityThread$H.handleMessage(ActivityThread.java:1185)
07-12 23:04:00.991  6530  6530 D StrictMode: 	at android.os.Handler.dispatchMessage(Handler.java:99)
07-12 23:04:00.991  6530  6530 D StrictMode: 	at android.os.Looper.loop(Looper.java:137)
07-12 23:04:00.991  6530  6530 D StrictMode: 	at android.app.ActivityThread.main(ActivityThread.java:4424)
07-12 23:04:00.991  6530  6530 D StrictMode: 	at java.lang.reflect.Method.invokeNative(Native Method)
07-12 23:04:00.991  6530  6530 D StrictMode: 	at java.lang.reflect.Method.invoke(Method.java:511)
07-12 23:04:00.991  6530  6530 D StrictMode: 	at com.android.internal.os.ZygoteInit$MethodAndArgsCaller.run(ZygoteInit.java:784)
07-12 23:04:00.991  6530  6530 D StrictMode: 	at com.android.internal.os.ZygoteInit.main(ZygoteInit.java:551)
07-12 23:04:00.991  6530  6530 D StrictMode: 	at dalvik.system.NativeStart.main(Native Method)
07-12 23:04:00.991  6530  6530 D StrictMode: StrictMode policy violation; ~duration=166 ms: android.os.StrictMode$StrictModeDiskWriteViolation: policy=21 violation=1
07-12 23:04:00.991  6530  6530 D StrictMode: 	at android.os.StrictMode$AndroidBlockGuardPolicy.onWriteToDisk(StrictMode.java:1063)
07-12 23:04:00.991  6530  6530 D StrictMode: 	at android.database.sqlite.SQLiteStatement.acquireAndLock(SQLiteStatement.java:226)
07-12 23:04:00.991  6530  6530 D StrictMode: 	at android.database.sqlite.SQLiteStatement.executeUpdateDelete(SQLiteStatement.java:84)
07-12 23:04:00.991  6530  6530 D StrictMode: 	at android.database.sqlite.SQLiteDatabase.executeSql(SQLiteDatabase.java:1899)
07-12 23:04:00.991  6530  6530 D StrictMode: 	at android.database.sqlite.SQLiteDatabase.execSQL(SQLiteDatabase.java:1839)
07-12 23:04:00.991  6530  6530 D StrictMode: 	at android.database.sqlite.SQLiteDatabase.beginTransaction(SQLiteDatabase.java:659)
07-12 23:04:00.991  6530  6530 D StrictMode: 	at android.database.sqlite.SQLiteDatabase.beginTransaction(SQLiteDatabase.java:552)
07-12 23:04:00.991  6530  6530 D StrictMode: 	at com.google.android.apps.analytics.v.a(Unknown Source)
07-12 23:04:00.991  6530  6530 D StrictMode: 	at com.google.android.apps.analytics.i.a(Unknown Source)
07-12 23:04:00.991  6530  6530 D StrictMode: 	at com.google.android.apps.mytracks.b.a.a(MT:45)
07-12 23:04:00.991  6530  6530 D StrictMode: 	at com.google.android.apps.mytracks.MyTracksApplication.onCreate(MT:42)
07-12 23:04:00.991  6530  6530 D StrictMode: 	at android.app.Instrumentation.callApplicationOnCreate(Instrumentation.java:969)
07-12 23:04:00.991  6530  6530 D StrictMode: 	at android.app.ActivityThread.handleBindApplication(ActivityThread.java:3954)
07-12 23:04:00.991  6530  6530 D StrictMode: 	at android.app.ActivityThread.access$1300(ActivityThread.java:123)
07-12 23:04:00.991  6530  6530 D StrictMode: 	at android.app.ActivityThread$H.handleMessage(ActivityThread.java:1185)
07-12 23:04:00.991  6530  6530 D StrictMode: 	at android.os.Handler.dispatchMessage(Handler.java:99)
07-12 23:04:00.991  6530  6530 D StrictMode: 	at android.os.Looper.loop(Looper.java:137)
07-12 23:04:00.991  6530  6530 D StrictMode: 	at android.app.ActivityThread.main(ActivityThread.java:4424)
07-12 23:04:00.991  6530  6530 D StrictMode: 	at java.lang.reflect.Method.invokeNative(Native Method)
07-12 23:04:00.991  6530  6530 D StrictMode: 	at java.lang.reflect.Method.invoke(Method.java:511)
07-12 23:04:00.991  6530  6530 D StrictMode: 	at com.android.internal.os.ZygoteInit$MethodAndArgsCaller.run(ZygoteInit.java:784)
07-12 23:04:00.991  6530  6530 D StrictMode: 	at com.android.internal.os.ZygoteInit.main(ZygoteInit.java:551)
07-12 23:04:00.991  6530  6530 D StrictMode: 	at dalvik.system.NativeStart.main(Native Method)
07-12 23:04:00.991  6530  6530 D StrictMode: StrictMode policy violation; ~duration=164 ms: android.os.StrictMode$StrictModeDiskWriteViolation: policy=21 violation=1
07-12 23:04:00.991  6530  6530 D StrictMode: 	at android.os.StrictMode$AndroidBlockGuardPolicy.onWriteToDisk(StrictMode.java:1063)
07-12 23:04:00.991  6530  6530 D StrictMode: 	at android.database.sqlite.SQLiteStatement.acquireAndLock(SQLiteStatement.java:226)
07-12 23:04:00.991  6530  6530 D StrictMode: 	at android.database.sqlite.SQLiteStatement.executeUpdateDelete(SQLiteStatement.java:84)
07-12 23:04:00.991  6530  6530 D StrictMode: 	at android.database.sqlite.SQLiteDatabase.delete(SQLiteDatabase.java:1741)
07-12 23:04:00.991  6530  6530 D StrictMode: 	at com.google.android.apps.analytics.v.a(Unknown Source)
07-12 23:04:00.991  6530  6530 D StrictMode: 	at com.google.android.apps.analytics.i.a(Unknown Source)
07-12 23:04:00.991  6530  6530 D StrictMode: 	at com.google.android.apps.mytracks.b.a.a(MT:45)
07-12 23:04:00.991  6530  6530 D StrictMode: 	at com.google.android.apps.mytracks.MyTracksApplication.onCreate(MT:42)
07-12 23:04:00.991  6530  6530 D StrictMode: 	at android.app.Instrumentation.callApplicationOnCreate(Instrumentation.java:969)
07-12 23:04:00.991  6530  6530 D StrictMode: 	at android.app.ActivityThread.handleBindApplication(ActivityThread.java:3954)
07-12 23:04:00.991  6530  6530 D StrictMode: 	at android.app.ActivityThread.access$1300(ActivityThread.java:123)
07-12 23:04:00.991  6530  6530 D StrictMode: 	at android.app.ActivityThread$H.handleMessage(ActivityThread.java:1185)
07-12 23:04:00.991  6530  6530 D StrictMode: 	at android.os.Handler.dispatchMessage(Handler.java:99)
07-12 23:04:00.991  6530  6530 D StrictMode: 	at android.os.Looper.loop(Looper.java:137)
07-12 23:04:00.991  6530  6530 D StrictMode: 	at android.app.ActivityThread.main(ActivityThread.java:4424)
07-12 23:04:00.991  6530  6530 D StrictMode: 	at java.lang.reflect.Method.invokeNative(Native Method)
07-12 23:04:00.991  6530  6530 D StrictMode: 	at java.lang.reflect.Method.invoke(Method.java:511)
07-12 23:04:00.991  6530  6530 D StrictMode: 	at com.android.internal.os.ZygoteInit$MethodAndArgsCaller.run(ZygoteInit.java:784)
07-12 23:04:00.991  6530  6530 D StrictMode: 	at com.android.internal.os.ZygoteInit.main(ZygoteInit.java:551)
07-12 23:04:00.991  6530  6530 D StrictMode: 	at dalvik.system.NativeStart.main(Native Method)
07-12 23:04:00.991  6530  6530 D StrictMode: StrictMode policy violation; ~duration=159 ms: android.os.StrictMode$StrictModeDiskWriteViolation: policy=21 violation=1
07-12 23:04:00.991  6530  6530 D StrictMode: 	at android.os.StrictMode$AndroidBlockGuardPolicy.onWriteToDisk(StrictMode.java:1063)
07-12 23:04:00.991  6530  6530 D StrictMode: 	at android.database.sqlite.SQLiteStatement.acquireAndLock(SQLiteStatement.java:226)
07-12 23:04:00.991  6530  6530 D StrictMode: 	at android.database.sqlite.SQLiteStatement.executeInsert(SQLiteStatement.java:112)
07-12 23:04:00.991  6530  6530 D StrictMode: 	at android.database.sqlite.SQLiteDatabase.insertWithOnConflict(SQLiteDatabase.java:1718)
07-12 23:04:00.991  6530  6530 D StrictMode: 	at android.database.sqlite.SQLiteDatabase.insert(SQLiteDatabase.java:1591)
07-12 23:04:00.991  6530  6530 D StrictMode: 	at com.google.android.apps.analytics.v.a(Unknown Source)
07-12 23:04:00.991  6530  6530 D StrictMode: 	at com.google.android.apps.analytics.i.a(Unknown Source)
07-12 23:04:00.991  6530  6530 D StrictMode: 	at com.google.android.apps.mytracks.b.a.a(MT:45)
07-12 23:04:00.991  6530  6530 D StrictMode: 	at com.google.android.apps.mytracks.MyTracksApplication.onCreate(MT:42)
07-12 23:04:00.991  6530  6530 D StrictMode: 	at android.app.Instrumentation.callApplicationOnCreate(Instrumentation.java:969)
07-12 23:04:00.991  6530  6530 D StrictMode: 	at android.app.ActivityThread.handleBindApplication(ActivityThread.java:3954)
07-12 23:04:00.991  6530  6530 D StrictMode: 	at android.app.ActivityThread.access$1300(ActivityThread.java:123)
07-12 23:04:00.991  6530  6530 D StrictMode: 	at android.app.ActivityThread$H.handleMessage(ActivityThread.java:1185)
07-12 23:04:00.991  6530  6530 D StrictMode: 	at android.os.Handler.dispatchMessage(Handler.java:99)
07-12 23:04:00.991  6530  6530 D StrictMode: 	at android.os.Looper.loop(Looper.java:137)
07-12 23:04:00.991  6530  6530 D StrictMode: 	at android.app.ActivityThread.main(ActivityThread.java:4424)
07-12 23:04:00.991  6530  6530 D StrictMode: 	at java.lang.reflect.Method.invokeNative(Native Method)
07-12 23:04:00.991  6530  6530 D StrictMode: 	at java.lang.reflect.Method.invoke(Method.java:511)
07-12 23:04:00.991  6530  6530 D StrictMode: 	at com.android.internal.os.ZygoteInit$MethodAndArgsCaller.run(ZygoteInit.java:784)
07-12 23:04:00.991  6530  6530 D StrictMode: 	at com.android.internal.os.ZygoteInit.main(ZygoteInit.java:551)
07-12 23:04:00.991  6530  6530 D StrictMode: 	at dalvik.system.NativeStart.main(Native Method)
07-12 23:04:01.003  6530  6530 D StrictMode: StrictMode policy violation; ~duration=133 ms: android.os.StrictMode$StrictModeDiskWriteViolation: policy=21 violation=1
07-12 23:04:01.003  6530  6530 D StrictMode: 	at android.os.StrictMode$AndroidBlockGuardPolicy.onWriteToDisk(StrictMode.java:1063)
07-12 23:04:01.003  6530  6530 D StrictMode: 	at android.database.sqlite.SQLiteStatement.acquireAndLock(SQLiteStatement.java:226)
07-12 23:04:01.003  6530  6530 D StrictMode: 	at android.database.sqlite.SQLiteStatement.executeInsert(SQLiteStatement.java:112)
07-12 23:04:01.003  6530  6530 D StrictMode: 	at android.database.sqlite.SQLiteDatabase.insertWithOnConflict(SQLiteDatabase.java:1718)
07-12 23:04:01.003  6530  6530 D StrictMode: 	at android.database.sqlite.SQLiteDatabase.insert(SQLiteDatabase.java:1591)
07-12 23:04:01.003  6530  6530 D StrictMode: 	at com.google.android.apps.analytics.v.a(Unknown Source)
07-12 23:04:01.003  6530  6530 D StrictMode: 	at com.google.android.apps.analytics.v.a(Unknown Source)
07-12 23:04:01.003  6530  6530 D StrictMode: 	at com.google.android.apps.analytics.v.a(Unknown Source)
07-12 23:04:01.003  6530  6530 D StrictMode: 	at com.google.android.apps.analytics.i.a(Unknown Source)
07-12 23:04:01.003  6530  6530 D StrictMode: 	at com.google.android.apps.mytracks.b.a.a(MT:45)
07-12 23:04:01.003  6530  6530 D StrictMode: 	at com.google.android.apps.mytracks.MyTracksApplication.onCreate(MT:42)
07-12 23:04:01.003  6530  6530 D StrictMode: 	at android.app.Instrumentation.callApplicationOnCreate(Instrumentation.java:969)
07-12 23:04:01.003  6530  6530 D StrictMode: 	at android.app.ActivityThread.handleBindApplication(ActivityThread.java:3954)
07-12 23:04:01.003  6530  6530 D StrictMode: 	at android.app.ActivityThread.access$1300(ActivityThread.java:123)
07-12 23:04:01.003  6530  6530 D StrictMode: 	at android.app.ActivityThread$H.handleMessage(ActivityThread.java:1185)
07-12 23:04:01.003  6530  6530 D StrictMode: 	at android.os.Handler.dispatchMessage(Handler.java:99)
07-12 23:04:01.003  6530  6530 D StrictMode: 	at android.os.Looper.loop(Looper.java:137)
07-12 23:04:01.003  6530  6530 D StrictMode: 	at android.app.ActivityThread.main(ActivityThread.java:4424)
07-12 23:04:01.003  6530  6530 D StrictMode: 	at java.lang.reflect.Method.invokeNative(Native Method)
07-12 23:04:01.003  6530  6530 D StrictMode: 	at java.lang.reflect.Method.invoke(Method.java:511)
07-12 23:04:01.003  6530  6530 D StrictMode: 	at com.android.internal.os.ZygoteInit$MethodAndArgsCaller.run(ZygoteInit.java:784)
07-12 23:04:01.003  6530  6530 D StrictMode: 	at com.android.internal.os.ZygoteInit.main(ZygoteInit.java:551)
07-12 23:04:01.003  6530  6530 D StrictMode: 	at dalvik.system.NativeStart.main(Native Method)
07-12 23:04:01.003  6530  6530 D StrictMode: StrictMode policy violation; ~duration=127 ms: android.os.StrictMode$StrictModeDiskWriteViolation: policy=21 violation=1
07-12 23:04:01.003  6530  6530 D StrictMode: 	at android.os.StrictMode$AndroidBlockGuardPolicy.onWriteToDisk(StrictMode.java:1063)
07-12 23:04:01.003  6530  6530 D StrictMode: 	at android.database.sqlite.SQLiteStatement.acquireAndLock(SQLiteStatement.java:226)
07-12 23:04:01.003  6530  6530 D StrictMode: 	at android.database.sqlite.SQLiteStatement.executeUpdateDelete(SQLiteStatement.java:84)
07-12 23:04:01.003  6530  6530 D StrictMode: 	at android.database.sqlite.SQLiteDatabase.executeSql(SQLiteDatabase.java:1899)
07-12 23:04:01.003  6530  6530 D StrictMode: 	at android.database.sqlite.SQLiteDatabase.execSQL(SQLiteDatabase.java:1839)
07-12 23:04:01.003  6530  6530 D StrictMode: 	at android.database.sqlite.SQLiteDatabase.endTransaction(SQLiteDatabase.java:714)
07-12 23:04:01.003  6530  6530 D StrictMode: 	at com.google.android.apps.analytics.v.d(Unknown Source)
07-12 23:04:01.003  6530  6530 D StrictMode: 	at com.google.android.apps.analytics.v.a(Unknown Source)
07-12 23:04:01.003  6530  6530 D StrictMode: 	at com.google.android.apps.analytics.i.a(Unknown Source)
07-12 23:04:01.003  6530  6530 D StrictMode: 	at com.google.android.apps.mytracks.b.a.a(MT:45)
07-12 23:04:01.003  6530  6530 D StrictMode: 	at com.google.android.apps.mytracks.MyTracksApplication.onCreate(MT:42)
07-12 23:04:01.003  6530  6530 D StrictMode: 	at android.app.Instrumentation.callApplicationOnCreate(Instrumentation.java:969)
07-12 23:04:01.003  6530  6530 D StrictMode: 	at android.app.ActivityThread.handleBindApplication(ActivityThread.java:3954)
07-12 23:04:01.003  6530  6530 D StrictMode: 	at android.app.ActivityThread.access$1300(ActivityThread.java:123)
07-12 23:04:01.003  6530  6530 D StrictMode: 	at android.app.ActivityThread$H.handleMessage(ActivityThread.java:1185)
07-12 23:04:01.003  6530  6530 D StrictMode: 	at android.os.Handler.dispatchMessage(Handler.java:99)
07-12 23:04:01.003  6530  6530 D StrictMode: 	at android.os.Looper.loop(Looper.java:137)
07-12 23:04:01.003  6530  6530 D StrictMode: 	at android.app.ActivityThread.main(ActivityThread.java:4424)
07-12 23:04:01.003  6530  6530 D StrictMode: 	at java.lang.reflect.Method.invokeNative(Native Method)
07-12 23:04:01.003  6530  6530 D StrictMode: 	at java.lang.reflect.Method.invoke(Method.java:511)
07-12 23:04:01.003  6530  6530 D StrictMode: 	at com.android.internal.os.ZygoteInit$MethodAndArgsCaller.run(ZygoteInit.java:784)
07-12 23:04:01.003  6530  6530 D StrictMode: 	at com.android.internal.os.ZygoteInit.main(ZygoteInit.java:551)
07-12 23:04:01.003  6530  6530 D StrictMode: 	at dalvik.system.NativeStart.main(Native Method)
07-12 23:04:01.108  5358  5358 D OpenGLRenderer: Flushing caches (mode 2)
07-12 23:04:01.116  5358  5358 D OpenGLRenderer: Flushing caches (mode 0)
07-12 23:04:01.124  5358  5358 W ManagedEGLContext: doTerminate failed: EGL count is 2 but managed count is 1
07-12 23:04:01.163  5843  5909 D dalvikvm: GC_FOR_ALLOC freed 395K, 7% free 10687K/11463K, paused 32ms
07-12 23:04:02.159  5843  5909 D dalvikvm: GC_FOR_ALLOC freed 394K, 7% free 10687K/11463K, paused 25ms
07-12 23:04:03.159  5843  5909 D dalvikvm: GC_FOR_ALLOC freed 394K, 7% free 10687K/11463K, paused 25ms
07-12 23:04:04.210  5843  5909 D dalvikvm: GC_FOR_ALLOC freed 394K, 7% free 10687K/11463K, paused 21ms
07-12 23:04:05.163  5843  5909 D dalvikvm: GC_FOR_ALLOC freed 394K, 7% free 10687K/11463K, paused 21ms
07-12 23:04:05.764   144   424 I ActivityManager: Process edu.buffalo.cse.phonelab.phonelabservices (pid 4690) has died.
07-12 23:04:05.764   144   424 W ActivityManager: Scheduling restart of crashed service edu.buffalo.cse.phonelab.phonelabservices/edu.buffalo.cse.phonelab.datalogger.LoggerService in 5000ms
07-12 23:04:06.299  5843  5909 D dalvikvm: GC_FOR_ALLOC freed 394K, 7% free 10687K/11463K, paused 48ms
07-12 23:04:07.276  5843  5909 D dalvikvm: GC_FOR_ALLOC freed 394K, 7% free 10687K/11463K, paused 25ms
07-12 23:04:08.315  5843  5909 D dalvikvm: GC_FOR_ALLOC freed 394K, 7% free 10687K/11463K, paused 42ms
07-12 23:04:09.331  5843  5909 D dalvikvm: GC_FOR_ALLOC freed 397K, 7% free 10687K/11463K, paused 49ms
07-12 23:04:10.272  5843  5909 D dalvikvm: GC_FOR_ALLOC freed 394K, 7% free 10687K/11463K, paused 21ms
07-12 23:04:10.881   144   161 I ActivityManager: Start proc edu.buffalo.cse.phonelab.phonelabservices for service edu.buffalo.cse.phonelab.phonelabservices/edu.buffalo.cse.phonelab.datalogger.LoggerService: pid=6547 uid=10037 gids={3003, 1015, 1007, 2001}
07-12 23:04:10.975  6547  6547 I PhoneLab-LoggerService: Start Logger Service
07-12 23:04:10.987  6547  6560 I PhoneLab-: Service Running
07-12 23:04:11.065  6547  6560 I PhoneLab-LoggerService: app_37    1373  1     1440   1000  c00f181c 400107b4 S logcat
07-12 23:04:11.065  6547  6560 I PhoneLab-LoggerService: Logcat pid from database 1373
07-12 23:04:11.065  6547  6560 I PhoneLab-LoggerService: Logcat process found 1373
07-12 23:04:11.065  6547  6560 I PhoneLab-LoggerService: Checking Threshold
07-12 23:04:11.065  6547  6560 I PhoneLab-LoggerService: Starting to rename files
07-12 23:04:11.065  6547  6560 I PhoneLab-LoggerService: Files found .. 2
07-12 23:04:11.206   344   344 D SAN_SERVICE: *******************************************
07-12 23:04:11.206   344   344 D SAN_SERVICE: DM App Phone Service State - 0
07-12 23:04:11.206   344   344 D SAN_SERVICE: *******************************************
07-12 23:04:11.292  5843  5909 D dalvikvm: GC_FOR_ALLOC freed 394K, 7% free 10687K/11463K, paused 39ms
07-12 23:04:12.319  5843  5909 D dalvikvm: GC_FOR_ALLOC freed 394K, 7% free 10687K/11463K, paused 36ms
07-12 23:04:13.276  5843  5909 D dalvikvm: GC_FOR_ALLOC freed 394K, 7% free 10687K/11463K, paused 25ms
07-12 23:04:14.284  5843  5909 D dalvikvm: GC_FOR_ALLOC freed 394K, 7% free 10687K/11463K, paused 33ms
07-12 23:04:15.280  5843  5909 D dalvikvm: GC_FOR_ALLOC freed 394K, 7% free 10687K/11463K, paused 28ms
07-12 23:04:15.932   144   424 I ActivityManager: Process com.facebook.katana (pid 5511) has died.
07-12 23:04:15.932   144   424 W ActivityManager: Scheduling restart of crashed service com.facebook.katana/.service.MediaUploadService in 5000ms
07-12 23:04:16.272  5843  5909 D dalvikvm: GC_FOR_ALLOC freed 394K, 7% free 10687K/11463K, paused 21ms
07-12 23:04:17.296  5843  5909 D dalvikvm: GC_FOR_ALLOC freed 395K, 7% free 10689K/11463K, paused 41ms
07-12 23:04:18.276  5843  5909 D dalvikvm: GC_FOR_ALLOC freed 395K, 7% free 10687K/11463K, paused 24ms
07-12 23:04:19.296  5843  5909 D dalvikvm: GC_FOR_ALLOC freed 394K, 7% free 10687K/11463K, paused 42ms
07-12 23:04:20.280  5843  5909 D dalvikvm: GC_FOR_ALLOC freed 394K, 7% free 10687K/11463K, paused 26ms
07-12 23:04:21.003   144   161 I ActivityManager: Start proc com.facebook.katana for service com.facebook.katana/.service.MediaUploadService: pid=6564 uid=10071 gids={3003, 1006, 1015}
07-12 23:04:21.010  6564  6564 I dalvikvm: Turning on JNI app bug workarounds for target SDK version 10...
07-12 23:04:21.038  5358  5358 D OpenGLRenderer: Flushing caches (mode 2)
07-12 23:04:21.042  5358  5358 D OpenGLRenderer: Flushing caches (mode 0)
07-12 23:04:21.042  5358  5358 W ManagedEGLContext: doTerminate failed: EGL count is 2 but managed count is 1
07-12 23:04:21.131   344   344 D SAN_SERVICE: *******************************************
07-12 23:04:21.131   344   344 D SAN_SERVICE: DM App Phone Service State - 0
07-12 23:04:21.135   344   344 D SAN_SERVICE: *******************************************
07-12 23:04:21.229  6564  6567 D dalvikvm: GC_CONCURRENT freed 149K, 3% free 9386K/9607K, paused 7ms+3ms
07-12 23:04:21.358  6564  6567 D dalvikvm: GC_CONCURRENT freed 122K, 3% free 9678K/9927K, paused 1ms+2ms
07-12 23:04:21.378  5843  5909 D dalvikvm: GC_FOR_ALLOC freed 394K, 7% free 10687K/11463K, paused 42ms
07-12 23:04:21.421  6564  6564 I ActivityThread: Pub com.facebook.katana.provider.LoggingProvider: com.facebook.katana.provider.LoggingProvider
07-12 23:04:21.448  6564  6564 I ActivityThread: Pub com.facebook.katana.provider.KeyValueProvider: com.facebook.katana.provider.KeyValueProvider
07-12 23:04:21.448  6564  6564 I ActivityThread: Pub com.facebook.katana.provider.CacheProvider: com.facebook.katana.provider.CacheProvider
07-12 23:04:21.448  6564  6564 I ActivityThread: Pub com.facebook.katana.provider.VaultImageProvider: com.facebook.katana.provider.VaultImageProvider
07-12 23:04:21.448  6564  6564 I ActivityThread: Pub com.facebook.katana.provider.MailboxProvider: com.facebook.katana.provider.MailboxProvider
07-12 23:04:21.452  6564  6564 I ActivityThread: Pub com.facebook.katana.provider.UserStatusesProvider: com.facebook.katana.provider.UserStatusesProvider
07-12 23:04:21.452  6564  6564 I ActivityThread: Pub com.facebook.katana.provider.EventsProvider: com.facebook.katana.provider.EventsProvider
07-12 23:04:21.452  6564  6564 I ActivityThread: Pub com.facebook.katana.provider.ObservedContactsProvider: com.facebook.katana.provider.ObservedContactsProvider
07-12 23:04:21.456  6564  6564 I ActivityThread: Pub com.facebook.katana.provider.NotificationsProvider: com.facebook.katana.provider.NotificationsProvider
07-12 23:04:21.460  6564  6564 I ActivityThread: Pub com.facebook.katana.provider.UserValuesProvider: com.facebook.katana.provider.UserValuesProvider
07-12 23:04:21.460  6564  6564 I ActivityThread: Pub com.facebook.katana.provider.PagesProvider: com.facebook.katana.provider.PagesProvider
07-12 23:04:21.460  6564  6564 I ActivityThread: Pub com.facebook.katana.provider.MobileEventLogProvider: com.facebook.katana.provider.MobileEventLogProvider
07-12 23:04:21.460  6564  6564 I ActivityThread: Pub com.facebook.katana.provider.PushNotificationsProvider: com.facebook.katana.provider.PushNotificationsProvider
07-12 23:04:21.460  6564  6564 I ActivityThread: Pub com.facebook.katana.provider.PhotosProvider: com.facebook.katana.provider.PhotosProvider
07-12 23:04:21.463  6564  6564 I ActivityThread: Pub com.facebook.katana.provider.ConnectionsProvider: com.facebook.katana.provider.ConnectionsProvider
07-12 23:04:21.475  6564  6564 I ActivityThread: Pub com.facebook.orca.notify.FbandroidMessagesForegroundProvider: com.facebook.orca.notify.FbandroidMessagesForegroundProvider
07-12 23:04:21.674   144  7984 D dalvikvm: GC_EXPLICIT freed 1852K, 26% free 17628K/23623K, paused 15ms+10ms
07-12 23:04:21.702  6564  6564 D ACRA    : Retrieve application default SharedPreferences.
07-12 23:04:21.706  6564  6564 D ACRA    : Set OnSharedPreferenceChangeListener.
07-12 23:04:21.710  6564  6564 D ACRA    : ACRA is enabled for com.facebook.katana, intializing...
07-12 23:04:21.768  6564  6564 D ACRA    : Looking for error files in /data/data/com.facebook.katana/app_acra-reports
07-12 23:04:21.862  6564  6564 W nalizableReferenceQueue: Could not load Finalizer in its own class loader.Loading Finalizer in the current class loader instead. As a result, you will not be ableto garbage collect this class loader. To support reclaiming this class loader, eitherresolve the underlying issue, or move Google Collections to your system class path.
07-12 23:04:21.862  6564  6564 W nalizableReferenceQueue: java.io.FileNotFoundException: com/google/common/base/internal/Finalizer.class
07-12 23:04:21.862  6564  6564 W nalizableReferenceQueue: 	at com.google.common.base.FinalizableReferenceQueue$DecoupledLoader.getBaseUrl(FinalizableReferenceQueue.java:243)
07-12 23:04:21.862  6564  6564 W nalizableReferenceQueue: 	at com.google.common.base.FinalizableReferenceQueue$DecoupledLoader.loadFinalizer(FinalizableReferenceQueue.java:227)
07-12 23:04:21.862  6564  6564 W nalizableReferenceQueue: 	at com.google.common.base.FinalizableReferenceQueue.loadFinalizer(FinalizableReferenceQueue.java:155)
07-12 23:04:21.862  6564  6564 W nalizableReferenceQueue: 	at com.google.common.base.FinalizableReferenceQueue.<clinit>(FinalizableReferenceQueue.java:84)
07-12 23:04:21.862  6564  6564 W nalizableReferenceQueue: 	at com.google.common.collect.CustomConcurrentHashMap$QueueHolder.<clinit>(CustomConcurrentHashMap.java:650)
07-12 23:04:21.862  6564  6564 W nalizableReferenceQueue: 	at com.google.common.collect.CustomConcurrentHashMap$WeakEntry.<init>(CustomConcurrentHashMap.java:1342)
07-12 23:04:21.862  6564  6564 W nalizableReferenceQueue: 	at com.google.common.collect.CustomConcurrentHashMap$EntryFactory$9.newEntry(CustomConcurrentHashMap.java:453)
07-12 23:04:21.862  6564  6564 W nalizableReferenceQueue: 	at com.google.common.collect.CustomConcurrentHashMap.a(CustomConcurrentHashMap.java:1715)
07-12 23:04:21.862  6564  6564 W nalizableReferenceQueue: 	at com.google.common.collect.ComputingConcurrentHashMap$ComputingSegment.a(ComputingConcurrentHashMap.java:123)
07-12 23:04:21.862  6564  6564 W nalizableReferenceQueue: 	at com.google.common.collect.ComputingConcurrentHashMap.apply(ComputingConcurrentHashMap.java:71)
07-12 23:04:21.862  6564  6564 W nalizableReferenceQueue: 	at com.google.common.collect.MapMaker$ComputingMapAdapter.get(MapMaker.java:848)
07-12 23:04:21.862  6564  6564 W nalizableReferenceQueue: 	at com.google.inject.internal.Annotations$AnnotationChecker.a(Annotations.java:90)
07-12 23:04:21.862  6564  6564 W nalizableReferenceQueue: 	at com.google.inject.internal.Annotations.c(Annotations.java:108)
07-12 23:04:21.862  6564  6564 W nalizableReferenceQueue: 	at com.google.inject.Key.d(Key.java:369)
07-12 23:04:21.862  6564  6564 W nalizableReferenceQueue: 	at com.google.inject.Key.b(Key.java:356)
07-12 23:04:21.862  6564  6564 W nalizableReferenceQueue: 	at com.google.inject.Key.a(Key.java:267)
07-12 23:04:21.862  6564  6564 W nalizableReferenceQueue: 	at com.facebook.orca.inject.binder.AnnotatedBindingBuilderImpl.a(AnnotatedBindingBuilderImpl.java:22)
07-12 23:04:21.862  6564  6564 W nalizableReferenceQueue: 	at com.facebook.orca.app.FbBaseModule.a(FbBaseModule.java:75)
07-12 23:04:21.862  6564  6564 W nalizableReferenceQueue: 	at com.facebook.orca.inject.AbstractModule.a(AbstractModule.java:19)
07-12 23:04:21.862  6564  6564 W nalizableReferenceQueue: 	at com.facebook.orca.inject.FbInjectorImpl.a(FbInjectorImpl.java:63)
07-12 23:04:21.862  6564  6564 W nalizableReferenceQueue: 	at com.facebook.orca.inject.FbInjectorImpl.<init>(FbInjectorImpl.java:41)
07-12 23:04:21.862  6564  6564 W nalizableReferenceQueue: 	at com.facebook.orca.inject.FbInjector.a(FbInjector.java:40)
07-12 23:04:21.862  6564  6564 W nalizableReferenceQueue: 	at com.facebook.katana.FacebookApplication.onCreate(FacebookApplication.java:102)
07-12 23:04:21.862  6564  6564 W nalizableReferenceQueue: 	at android.app.Instrumentation.callApplicationOnCreate(Instrumentation.java:969)
07-12 23:04:21.862  6564  6564 W nalizableReferenceQueue: 	at android.app.ActivityThread.handleBindApplication(ActivityThread.java:3954)
07-12 23:04:21.862  6564  6564 W nalizableReferenceQueue: 	at android.app.ActivityThread.access$1300(ActivityThread.java:123)
07-12 23:04:21.862  6564  6564 W nalizableReferenceQueue: 	at android.app.ActivityThread$H.handleMessage(ActivityThread.java:1185)
07-12 23:04:21.862  6564  6564 W nalizableReferenceQueue: 	at android.os.Handler.dispatchMessage(Handler.java:99)
07-12 23:04:21.862  6564  6564 W nalizableReferenceQueue: 	at android.os.Looper.loop(Looper.java:137)
07-12 23:04:21.862  6564  6564 W nalizableReferenceQueue: 	at android.app.ActivityThread.main(ActivityThread.java:4424)
07-12 23:04:21.862  6564  6564 W nalizableReferenceQueue: 	at java.lang.reflect.Method.invokeNative(Native Method)
07-12 23:04:21.862  6564  6564 W nalizableReferenceQueue: 	at java.lang.reflect.Method.invoke(Method.java:511)
07-12 23:04:21.862  6564  6564 W nalizableReferenceQueue: 	at com.android.internal.os.ZygoteInit$MethodAndArgsCaller.run(ZygoteInit.java:784)
07-12 23:04:21.862  6564  6564 W nalizableReferenceQueue: 	at com.android.internal.os.ZygoteInit.main(ZygoteInit.java:551)
07-12 23:04:21.862  6564  6564 W nalizableReferenceQueue: 	at dalvik.system.NativeStart.main(Native Method)
07-12 23:04:21.862  6564  6564 I Finalizer: Couldn't access Thread.inheritableThreadLocals. Reference finalizer threads will inherit thread local values.
07-12 23:04:21.897  6564  6567 D dalvikvm: GC_CONCURRENT freed 339K, 5% free 9877K/10311K, paused 6ms+2ms
07-12 23:04:22.128  6564  6567 D dalvikvm: GC_CONCURRENT freed 403K, 5% free 10009K/10503K, paused 4ms+3ms
07-12 23:04:22.381  6564  6567 D dalvikvm: GC_CONCURRENT freed 429K, 5% free 10130K/10631K, paused 2ms+2ms
07-12 23:04:22.421  5843  5909 D dalvikvm: GC_FOR_ALLOC freed 394K, 7% free 10687K/11463K, paused 54ms
07-12 23:04:23.268  6564  6567 D dalvikvm: GC_CONCURRENT freed 327K, 4% free 10375K/10759K, paused 6ms+13ms
07-12 23:04:23.335  6564  6581 W Resources: Converting to string: TypedValue{t=0x10/d=0xffffffff a=-1}
07-12 23:04:23.374  5843  5909 D dalvikvm: GC_FOR_ALLOC freed 394K, 7% free 10687K/11463K, paused 31ms
07-12 23:04:23.780  6564  6567 D dalvikvm: GC_CONCURRENT freed 415K, 5% free 10495K/11015K, paused 2ms+4ms
07-12 23:04:24.417  5843  5909 D dalvikvm: GC_FOR_ALLOC freed 394K, 7% free 10687K/11463K, paused 21ms
07-12 23:04:24.901  6564  6567 D dalvikvm: GC_CONCURRENT freed 328K, 5% free 10559K/11015K, paused 14ms+3ms
07-12 23:04:25.104  6564  6567 D dalvikvm: GC_CONCURRENT freed 299K, 4% free 10649K/11079K, paused 2ms+3ms
07-12 23:04:25.624  5843  5909 D dalvikvm: GC_FOR_ALLOC freed 394K, 7% free 10687K/11463K, paused 29ms
07-12 23:04:26.128  6564  6567 D dalvikvm: GC_CONCURRENT freed 350K, 5% free 10748K/11207K, paused 2ms+3ms
07-12 23:04:26.620  5843  5909 D dalvikvm: GC_FOR_ALLOC freed 397K, 7% free 10687K/11463K, paused 23ms
07-12 23:04:27.620  5843  5909 D dalvikvm: GC_FOR_ALLOC freed 394K, 7% free 10687K/11463K, paused 21ms
07-12 23:04:28.249  3358  3360 D dalvikvm: GC_CONCURRENT freed 466K, 7% free 10207K/10951K, paused 8ms+8ms
07-12 23:04:28.620  5843  5909 D dalvikvm: GC_FOR_ALLOC freed 394K, 7% free 10687K/11463K, paused 21ms
07-12 23:04:29.635  5843  5909 D dalvikvm: GC_FOR_ALLOC freed 394K, 7% free 10687K/11463K, paused 22ms
07-12 23:04:30.682  5843  5909 D dalvikvm: GC_FOR_ALLOC freed 394K, 7% free 10687K/11463K, paused 21ms
07-12 23:04:31.686  5843  5909 D dalvikvm: GC_FOR_ALLOC freed 394K, 7% free 10687K/11463K, paused 21ms
07-12 23:04:32.690  5843  5909 D dalvikvm: GC_FOR_ALLOC freed 394K, 7% free 10687K/11463K, paused 25ms
07-12 23:04:33.690  5843  5909 D dalvikvm: GC_FOR_ALLOC freed 394K, 7% free 10687K/11463K, paused 25ms
07-12 23:04:34.690  5843  5909 D dalvikvm: GC_FOR_ALLOC freed 397K, 7% free 10687K/11463K, paused 23ms
07-12 23:04:35.256  6564  6567 D dalvikvm: GC_CONCURRENT freed 465K, 6% free 10736K/11335K, paused 4ms+6ms
07-12 23:04:35.878  5843  5909 D dalvikvm: GC_FOR_ALLOC freed 394K, 7% free 10687K/11463K, paused 39ms
07-12 23:04:36.147   144   198 D DhcpInfoInternal: makeLinkProperties with empty dns2!
07-12 23:04:36.155   144   198 D DhcpInfoInternal: makeLinkProperties with empty dns2!
07-12 23:04:36.897  5843  5909 D dalvikvm: GC_FOR_ALLOC freed 394K, 7% free 10687K/11463K, paused 53ms
07-12 23:04:37.897  5843  5909 D dalvikvm: GC_FOR_ALLOC freed 394K, 7% free 10687K/11463K, paused 52ms
07-12 23:04:38.905  5843  5909 D dalvikvm: GC_FOR_ALLOC freed 394K, 7% free 10687K/11463K, paused 22ms
07-12 23:04:39.924  5843  5909 D dalvikvm: GC_FOR_ALLOC freed 394K, 7% free 10687K/11463K, paused 62ms
07-12 23:04:40.921  5843  5909 D dalvikvm: GC_FOR_ALLOC freed 394K, 7% free 10687K/11463K, paused 52ms
07-12 23:04:41.905  5843  5909 D dalvikvm: GC_FOR_ALLOC freed 394K, 7% free 10687K/11463K, paused 39ms
07-12 23:04:42.913  5843  5909 D dalvikvm: GC_FOR_ALLOC freed 394K, 7% free 10687K/11463K, paused 41ms
07-12 23:04:43.358   344   344 D SAN_SERVICE: *******************************************
07-12 23:04:43.358   344   344 D SAN_SERVICE: DM App Phone Service State - 0
07-12 23:04:43.358   344   344 D SAN_SERVICE: *******************************************
07-12 23:04:43.600   344   344 D SAN_SERVICE: *******************************************
07-12 23:04:43.600   344   344 D SAN_SERVICE: DM App Phone Service State - 0
07-12 23:04:43.600   344   344 D SAN_SERVICE: *******************************************
07-12 23:04:43.932  5843  5909 D dalvikvm: GC_FOR_ALLOC freed 397K, 7% free 10687K/11463K, paused 66ms
07-12 23:04:44.924  5843  5909 D dalvikvm: GC_FOR_ALLOC freed 394K, 7% free 10687K/11463K, paused 57ms
07-12 23:04:45.905  5843  5909 D dalvikvm: GC_FOR_ALLOC freed 394K, 7% free 10687K/11463K, paused 36ms
07-12 23:04:46.921  5843  5909 D dalvikvm: GC_FOR_ALLOC freed 394K, 7% free 10687K/11463K, paused 51ms
07-12 23:04:47.913  5843  5909 D dalvikvm: GC_FOR_ALLOC freed 394K, 7% free 10687K/11463K, paused 41ms
07-12 23:04:48.905  5843  5909 D dalvikvm: GC_FOR_ALLOC freed 394K, 7% free 10687K/11463K, paused 34ms
07-12 23:04:49.932  5843  5909 D dalvikvm: GC_FOR_ALLOC freed 394K, 7% free 10687K/11463K, paused 64ms
07-12 23:04:50.897  5843  5909 D dalvikvm: GC_FOR_ALLOC freed 394K, 7% free 10687K/11463K, paused 31ms
07-12 23:04:51.917   344   344 D SAN_SERVICE: *******************************************
07-12 23:04:51.917   344   344 D SAN_SERVICE: DM App Phone Service State - 0
07-12 23:04:51.917   344   344 D SAN_SERVICE: *******************************************
07-12 23:04:51.936  5843  5909 D dalvikvm: GC_FOR_ALLOC freed 397K, 7% free 10687K/11463K, paused 36ms
07-12 23:04:53.038  5843  5909 D dalvikvm: GC_FOR_ALLOC freed 411K, 7% free 10679K/11463K, paused 21ms
07-12 23:04:54.315  5843  5909 D dalvikvm: GC_FOR_ALLOC freed 399K, 7% free 10679K/11463K, paused 21ms
07-12 23:04:55.253  5843  5909 D dalvikvm: GC_FOR_ALLOC freed 399K, 7% free 10679K/11463K, paused 23ms
07-12 23:04:56.381  5843  5845 D dalvikvm: GC_CONCURRENT freed 544K, 8% free 10582K/11463K, paused 2ms+2ms
07-12 23:04:57.456  5843  5845 D dalvikvm: GC_CONCURRENT freed 414K, 8% free 10603K/11463K, paused 2ms+2ms
07-12 23:04:58.561  5843  5845 D dalvikvm: GC_CONCURRENT freed 409K, 8% free 10603K/11463K, paused 2ms+2ms
07-12 23:04:59.686  5843  5845 D dalvikvm: GC_CONCURRENT freed 408K, 8% free 10616K/11463K, paused 2ms+2ms
07-12 23:05:00.811  5843  5845 D dalvikvm: GC_CONCURRENT freed 423K, 8% free 10616K/11463K, paused 2ms+2ms
07-12 23:05:02.034  5843  5845 D dalvikvm: GC_CONCURRENT freed 404K, 8% free 10616K/11463K, paused 3ms+3ms
07-12 23:05:02.069   344   344 D SAN_SERVICE: *******************************************
07-12 23:05:02.069   344   344 D SAN_SERVICE: DM App Phone Service State - 0
07-12 23:05:02.069   344   344 D SAN_SERVICE: *******************************************
07-12 23:05:03.065  5843  5845 D dalvikvm: GC_CONCURRENT freed 408K, 8% free 10616K/11463K, paused 2ms+2ms
07-12 23:05:04.190  5843  5845 D dalvikvm: GC_CONCURRENT freed 404K, 8% free 10616K/11463K, paused 2ms+2ms
07-12 23:05:05.319  5843  5845 D dalvikvm: GC_CONCURRENT freed 404K, 8% free 10616K/11463K, paused 2ms+2ms
07-12 23:05:06.549  5843  5845 D dalvikvm: GC_CONCURRENT freed 404K, 8% free 10616K/11463K, paused 2ms+2ms
07-12 23:05:09.057  5843  5845 D dalvikvm: GC_CONCURRENT freed 427K, 8% free 10610K/11463K, paused 2ms+4ms
07-12 23:05:09.995  5843  5845 D dalvikvm: GC_CONCURRENT freed 450K, 8% free 10604K/11463K, paused 2ms+4ms
07-12 23:05:10.788  5843  5845 D dalvikvm: GC_CONCURRENT freed 422K, 8% free 10604K/11463K, paused 2ms+2ms
07-12 23:05:11.807  5843  5845 D dalvikvm: GC_CONCURRENT freed 419K, 8% free 10604K/11463K, paused 2ms+2ms
07-12 23:05:12.335   344   344 D SAN_SERVICE: *******************************************
07-12 23:05:12.335   344   344 D SAN_SERVICE: DM App Phone Service State - 0
07-12 23:05:12.335   344   344 D SAN_SERVICE: *******************************************
07-12 23:05:12.838  5843  5845 D dalvikvm: GC_CONCURRENT freed 419K, 8% free 10604K/11463K, paused 5ms+6ms
07-12 23:05:13.999  5843  5845 D dalvikvm: GC_CONCURRENT freed 440K, 8% free 10588K/11463K, paused 2ms+2ms
07-12 23:05:14.928  5843  5845 D dalvikvm: GC_CONCURRENT freed 424K, 8% free 10588K/11463K, paused 25ms+2ms
07-12 23:05:15.835  5843  5845 D dalvikvm: GC_CONCURRENT freed 412K, 8% free 10576K/11463K, paused 2ms+2ms
07-12 23:05:16.819  5843  5845 D dalvikvm: GC_CONCURRENT freed 392K, 8% free 10580K/11463K, paused 24ms+2ms
07-12 23:05:17.717  5843  5845 D dalvikvm: GC_CONCURRENT freed 413K, 8% free 10559K/11463K, paused 2ms+2ms
07-12 23:05:18.823  5843  5845 D dalvikvm: GC_CONCURRENT freed 296K, 7% free 10662K/11463K, paused 2ms+3ms
07-12 23:05:19.948  5843  5845 D dalvikvm: GC_CONCURRENT freed 412K, 7% free 10673K/11463K, paused 2ms+2ms
07-12 23:05:21.046  5843  5845 D dalvikvm: GC_CONCURRENT freed 510K, 8% free 10620K/11463K, paused 2ms+3ms
07-12 23:05:21.749  5843  5845 D dalvikvm: GC_CONCURRENT freed 468K, 8% free 10587K/11463K, paused 3ms+3ms
07-12 23:05:22.655   344   344 D SAN_SERVICE: *******************************************
07-12 23:05:22.655   344   344 D SAN_SERVICE: DM App Phone Service State - 0
07-12 23:05:22.655   344   344 D SAN_SERVICE: *******************************************
07-12 23:05:22.702  4907  4909 D dalvikvm: GC_CONCURRENT freed 406K, 6% free 10451K/11079K, paused 3ms+2ms
07-12 23:05:22.784  5843  5845 D dalvikvm: GC_CONCURRENT freed 390K, 8% free 10607K/11463K, paused 3ms+3ms
07-12 23:05:23.963  5843  5845 D dalvikvm: GC_CONCURRENT freed 286K, 7% free 10747K/11463K, paused 2ms+3ms
07-12 23:05:25.049  5843  5909 D dalvikvm: GC_FOR_ALLOC freed 408K, 7% free 10685K/11463K, paused 22ms
07-12 23:05:26.167  5843  5909 D dalvikvm: GC_FOR_ALLOC freed 400K, 8% free 10621K/11463K, paused 21ms
07-12 23:05:27.424  5843  5845 D dalvikvm: GC_CONCURRENT freed 406K, 8% free 10658K/11463K, paused 2ms+2ms
07-12 23:05:28.467  3358  3360 D dalvikvm: GC_CONCURRENT freed 427K, 7% free 10188K/10951K, paused 18ms+2ms
07-12 23:05:28.491  5843  5845 D dalvikvm: GC_CONCURRENT freed 423K, 7% free 10708K/11463K, paused 4ms+2ms
07-12 23:05:29.651  5843  5909 D dalvikvm: GC_FOR_ALLOC freed 406K, 8% free 10558K/11463K, paused 22ms
07-12 23:05:30.092  5843  5845 D dalvikvm: GC_CONCURRENT freed 214K, 7% free 10743K/11463K, paused 3ms+2ms
07-12 23:05:31.225  5843  5909 D dalvikvm: GC_FOR_ALLOC freed 575K, 8% free 10574K/11463K, paused 21ms
07-12 23:05:32.338  5843  5845 D dalvikvm: GC_CONCURRENT freed 242K, 7% free 10743K/11463K, paused 2ms+3ms
07-12 23:05:33.432  5843  5909 D dalvikvm: GC_FOR_ALLOC freed 438K, 7% free 10682K/11463K, paused 22ms
07-12 23:05:34.561  5843  5909 D dalvikvm: GC_FOR_ALLOC freed 401K, 8% free 10619K/11463K, paused 22ms
07-12 23:05:35.796  5843  5845 D dalvikvm: GC_CONCURRENT freed 407K, 7% free 10682K/11463K, paused 2ms+2ms
07-12 23:05:36.827  5843  5909 D dalvikvm: GC_FOR_ALLOC freed 403K, 7% free 10682K/11463K, paused 22ms
07-12 23:05:37.952  5843  5909 D dalvikvm: GC_FOR_ALLOC freed 407K, 7% free 10682K/11463K, paused 22ms
07-12 23:05:37.987   344   344 D SAN_SERVICE: *******************************************
07-12 23:05:37.987   344   344 D SAN_SERVICE: DM App Phone Service State - 0
07-12 23:05:37.987   344   344 D SAN_SERVICE: *******************************************
07-12 23:05:38.569   344   344 D SAN_SERVICE: *******************************************
07-12 23:05:38.569   344   344 D SAN_SERVICE: DM App Phone Service State - 0
07-12 23:05:38.569   344   344 D SAN_SERVICE: *******************************************
07-12 23:05:39.178  5843  5909 D dalvikvm: GC_FOR_ALLOC freed 404K, 7% free 10682K/11463K, paused 22ms
07-12 23:05:40.417  5843  5845 D dalvikvm: GC_CONCURRENT freed 515K, 8% free 10615K/11463K, paused 2ms+2ms
07-12 23:05:41.467  5843  5845 D dalvikvm: GC_CONCURRENT freed 413K, 8% free 10615K/11463K, paused 4ms+5ms
07-12 23:05:42.471  5843  5845 D dalvikvm: GC_CONCURRENT freed 317K, 7% free 10717K/11463K, paused 2ms+2ms
07-12 23:05:43.585  5843  5909 D dalvikvm: GC_FOR_ALLOC freed 406K, 8% free 10619K/11463K, paused 22ms
07-12 23:05:44.713  5843  5845 D dalvikvm: GC_CONCURRENT freed 407K, 7% free 10682K/11463K, paused 2ms+3ms
07-12 23:05:45.928  5843  5909 D dalvikvm: GC_FOR_ALLOC freed 404K, 7% free 10682K/11463K, paused 21ms
07-12 23:05:47.260  5843  5909 D dalvikvm: GC_FOR_ALLOC freed 404K, 8% free 10619K/11463K, paused 22ms
07-12 23:05:48.018   144   147 D dalvikvm: GC_CONCURRENT freed 1918K, 26% free 17631K/23623K, paused 27ms+7ms
07-12 23:05:48.475  5843  5845 D dalvikvm: GC_CONCURRENT freed 407K, 7% free 10682K/11463K, paused 4ms+6ms
07-12 23:05:49.475  5843  5909 D dalvikvm: GC_FOR_ALLOC freed 395K, 8% free 10619K/11463K, paused 59ms
07-12 23:05:50.588  5843  5845 D dalvikvm: GC_CONCURRENT freed 402K, 7% free 10682K/11463K, paused 2ms+3ms
07-12 23:05:51.616  5843  5909 D dalvikvm: GC_FOR_ALLOC freed 398K, 7% free 10682K/11463K, paused 28ms
07-12 23:05:52.585  5843  5909 D dalvikvm: GC_FOR_ALLOC freed 398K, 7% free 10682K/11463K, paused 22ms
07-12 23:05:53.928  5843  5909 D dalvikvm: GC_FOR_ALLOC freed 399K, 7% free 10682K/11463K, paused 21ms
07-12 23:05:54.975  5843  5909 D dalvikvm: GC_FOR_ALLOC freed 403K, 7% free 10682K/11463K, paused 42ms
07-12 23:05:56.069  5843  5909 D dalvikvm: GC_FOR_ALLOC freed 405K, 7% free 10683K/11463K, paused 22ms
07-12 23:05:57.210  5843  5909 D dalvikvm: GC_FOR_ALLOC freed 405K, 7% free 10682K/11463K, paused 21ms
07-12 23:05:58.213  5843  5909 D dalvikvm: GC_FOR_ALLOC freed 408K, 7% free 10682K/11463K, paused 22ms
07-12 23:05:58.503   344   344 D SAN_SERVICE: *******************************************
07-12 23:05:58.503   344   344 D SAN_SERVICE: DM App Phone Service State - 0
07-12 23:05:58.506   344   344 D SAN_SERVICE: *******************************************
07-12 23:05:59.233   344   344 D SAN_SERVICE: *******************************************
07-12 23:05:59.233   344   344 D SAN_SERVICE: DM App Phone Service State - 0
07-12 23:05:59.233   344   344 D SAN_SERVICE: *******************************************
07-12 23:05:59.452  5843  5909 D dalvikvm: GC_FOR_ALLOC freed 414K, 7% free 10682K/11463K, paused 21ms
07-12 23:06:00.671  5843  5909 D dalvikvm: GC_FOR_ALLOC freed 404K, 7% free 10678K/11463K, paused 22ms
07-12 23:06:01.698  5843  5909 D dalvikvm: GC_FOR_ALLOC freed 408K, 7% free 10678K/11463K, paused 46ms
07-12 23:06:02.924  5843  5845 D dalvikvm: GC_CONCURRENT freed 423K, 7% free 10682K/11463K, paused 2ms+3ms
07-12 23:06:03.858  5843  5909 D dalvikvm: GC_FOR_ALLOC freed 401K, 8% free 10619K/11463K, paused 21ms
07-12 23:06:04.963  5843  5909 D dalvikvm: GC_FOR_ALLOC freed 404K, 8% free 10619K/11463K, paused 21ms
07-12 23:06:06.143  5843  5845 D dalvikvm: GC_CONCURRENT freed 452K, 7% free 10682K/11463K, paused 2ms+2ms
07-12 23:06:07.448  5843  5909 D dalvikvm: GC_FOR_ALLOC freed 412K, 7% free 10675K/11463K, paused 22ms
07-12 23:06:10.374  5843  5845 D dalvikvm: GC_CONCURRENT freed 530K, 8% free 10594K/11463K, paused 2ms+3ms
07-12 23:06:10.991  6547  6560 I PhoneLab-: Service Running
07-12 23:06:11.034  6547  6560 I PhoneLab-LoggerService: app_37    1373  1     1440   1000  c00f181c 400107b4 S logcat
07-12 23:06:11.034  6547  6560 I PhoneLab-LoggerService: Logcat pid from database 1373
07-12 23:06:11.034  6547  6560 I PhoneLab-LoggerService: Logcat process found 1373
07-12 23:06:11.034  6547  6560 I PhoneLab-LoggerService: Checking Threshold
07-12 23:06:11.034  6547  6560 I PhoneLab-LoggerService: Starting to rename files
07-12 23:06:11.034  6547  6560 I PhoneLab-LoggerService: Files found .. 2
07-12 23:06:12.190  5843  5845 D dalvikvm: GC_CONCURRENT freed 404K, 8% free 10598K/11463K, paused 26ms+2ms
07-12 23:06:13.631  5843  5845 D dalvikvm: GC_CONCURRENT freed 407K, 8% free 10597K/11463K, paused 21ms+3ms
07-12 23:06:14.549  5843  5845 D dalvikvm: GC_CONCURRENT freed 417K, 8% free 10579K/11463K, paused 26ms+2ms
07-12 23:06:15.331  5843  5845 D dalvikvm: GC_CONCURRENT freed 355K, 8% free 10634K/11463K, paused 2ms+3ms
07-12 23:06:16.338  5843  5845 D dalvikvm: GC_CONCURRENT freed 424K, 8% free 10649K/11463K, paused 2ms+2ms
07-12 23:06:17.393  5843  5845 D dalvikvm: GC_CONCURRENT freed 433K, 8% free 10649K/11463K, paused 2ms+3ms
07-12 23:06:18.483  5843  5845 D dalvikvm: GC_CONCURRENT freed 424K, 8% free 10649K/11463K, paused 43ms+2ms
07-12 23:06:18.956   344   344 D SAN_SERVICE: *******************************************
07-12 23:06:18.960   344   344 D SAN_SERVICE: DM App Phone Service State - 0
07-12 23:06:18.960   344   344 D SAN_SERVICE: *******************************************
07-12 23:06:19.413  5843  5845 D dalvikvm: GC_CONCURRENT freed 424K, 8% free 10649K/11463K, paused 21ms+2ms
07-12 23:06:20.354  5843  5845 D dalvikvm: GC_CONCURRENT freed 424K, 8% free 10649K/11463K, paused 2ms+3ms
07-12 23:06:21.405  5843  5845 D dalvikvm: GC_CONCURRENT freed 424K, 8% free 10649K/11463K, paused 21ms+2ms
07-12 23:06:22.413  5843  5845 D dalvikvm: GC_CONCURRENT freed 424K, 8% free 10649K/11463K, paused 21ms+3ms
07-12 23:06:23.413  5843  5845 D dalvikvm: GC_CONCURRENT freed 424K, 8% free 10649K/11463K, paused 22ms+3ms
07-12 23:06:24.432  5843  5845 D dalvikvm: GC_CONCURRENT freed 424K, 8% free 10649K/11463K, paused 21ms+2ms
07-12 23:06:25.424  5843  5845 D dalvikvm: GC_CONCURRENT freed 424K, 8% free 10649K/11463K, paused 23ms+2ms
07-12 23:06:26.397  5843  5845 D dalvikvm: GC_CONCURRENT freed 427K, 8% free 10649K/11463K, paused 3ms+2ms
07-12 23:06:26.885  6485  6486 D dalvikvm: GC_CONCURRENT freed 553K, 7% free 9880K/10567K, paused 30ms+3ms
07-12 23:06:27.409  5843  5845 D dalvikvm: GC_CONCURRENT freed 424K, 8% free 10649K/11463K, paused 21ms+3ms
07-12 23:06:28.131  4907  4909 D dalvikvm: GC_CONCURRENT freed 494K, 6% free 10468K/11079K, paused 1ms+3ms
07-12 23:06:28.409  5843  5845 D dalvikvm: GC_CONCURRENT freed 424K, 8% free 10649K/11463K, paused 21ms+2ms
07-12 23:06:29.202   344   344 D SAN_SERVICE: *******************************************
07-12 23:06:29.202   344   344 D SAN_SERVICE: DM App Phone Service State - 0
07-12 23:06:29.202   344   344 D SAN_SERVICE: *******************************************
07-12 23:06:29.460  5843  5845 D dalvikvm: GC_CONCURRENT freed 419K, 8% free 10649K/11463K, paused 21ms+3ms
07-12 23:06:30.401  5843  5845 D dalvikvm: GC_CONCURRENT freed 419K, 8% free 10649K/11463K, paused 10ms+2ms
07-12 23:06:31.483  5843  5845 D dalvikvm: GC_CONCURRENT freed 419K, 8% free 10649K/11463K, paused 26ms+3ms
07-12 23:06:32.503  5843  5845 D dalvikvm: GC_CONCURRENT freed 419K, 8% free 10649K/11463K, paused 20ms+2ms
07-12 23:06:33.456  5843  5845 D dalvikvm: GC_CONCURRENT freed 419K, 8% free 10649K/11463K, paused 2ms+2ms
07-12 23:06:34.483  5843  5845 D dalvikvm: GC_CONCURRENT freed 422K, 8% free 10649K/11463K, paused 21ms+2ms
07-12 23:06:35.503  5843  5845 D dalvikvm: GC_CONCURRENT freed 419K, 8% free 10649K/11463K, paused 22ms+2ms
07-12 23:06:36.440  5843  5845 D dalvikvm: GC_CONCURRENT freed 419K, 8% free 10649K/11463K, paused 2ms+2ms
07-12 23:06:37.592  5843  5845 D dalvikvm: GC_CONCURRENT freed 419K, 8% free 10649K/11463K, paused 21ms+2ms
07-12 23:06:38.471  5843  5845 D dalvikvm: GC_CONCURRENT freed 419K, 8% free 10649K/11463K, paused 2ms+3ms
07-12 23:06:39.518  5843  5845 D dalvikvm: GC_CONCURRENT freed 424K, 8% free 10649K/11463K, paused 2ms+3ms
07-12 23:06:40.604  5843  5845 D dalvikvm: GC_CONCURRENT freed 439K, 8% free 10649K/11463K, paused 24ms+2ms
07-12 23:06:41.663  5843  5845 D dalvikvm: GC_CONCURRENT freed 410K, 7% free 10668K/11463K, paused 2ms+3ms
07-12 23:06:42.686  5843  5845 D dalvikvm: GC_CONCURRENT freed 432K, 7% free 10668K/11463K, paused 2ms+3ms
07-12 23:06:44.299  5843  5909 D dalvikvm: GC_FOR_ALLOC freed 416K, 8% free 10622K/11463K, paused 21ms
07-12 23:06:45.432  5843  5845 D dalvikvm: GC_CONCURRENT freed 399K, 7% free 10684K/11463K, paused 35ms+2ms
07-12 23:06:46.350  5843  5909 D dalvikvm: GC_FOR_ALLOC freed 401K, 7% free 10685K/11463K, paused 46ms
07-12 23:06:47.296  5843  5909 D dalvikvm: GC_FOR_ALLOC freed 399K, 7% free 10685K/11463K, paused 22ms
07-12 23:06:48.296  5843  5909 D dalvikvm: GC_FOR_ALLOC freed 404K, 7% free 10685K/11463K, paused 21ms
07-12 23:06:49.421  5843  5909 D dalvikvm: GC_FOR_ALLOC freed 404K, 7% free 10685K/11463K, paused 21ms
07-12 23:06:50.549  5843  5909 D dalvikvm: GC_FOR_ALLOC freed 404K, 7% free 10685K/11463K, paused 22ms
07-12 23:06:51.686  5843  5909 D dalvikvm: GC_FOR_ALLOC freed 412K, 7% free 10685K/11463K, paused 22ms
07-12 23:06:52.905  5843  5909 D dalvikvm: GC_FOR_ALLOC freed 404K, 7% free 10685K/11463K, paused 22ms
07-12 23:06:54.116  5843  5909 D dalvikvm: GC_FOR_ALLOC freed 404K, 8% free 10618K/11463K, paused 21ms
07-12 23:06:55.131  5843  5909 D dalvikvm: GC_FOR_ALLOC freed 398K, 8% free 10618K/11463K, paused 21ms
07-12 23:06:56.217  5843  5845 D dalvikvm: GC_CONCURRENT freed 386K, 7% free 10686K/11463K, paused 2ms+2ms
07-12 23:06:57.307  5843  5845 D dalvikvm: GC_CONCURRENT freed 555K, 8% free 10562K/11463K, paused 2ms+2ms
07-12 23:06:58.471  5843  5845 D dalvikvm: GC_CONCURRENT freed 386K, 8% free 10641K/11463K, paused 2ms+3ms
07-12 23:06:59.874   344   344 D SAN_SERVICE: *******************************************
07-12 23:06:59.874   344   344 D SAN_SERVICE: DM App Phone Service State - 0
07-12 23:06:59.874   344   344 D SAN_SERVICE: *******************************************
07-12 23:07:00.077  5843  5845 D dalvikvm: GC_CONCURRENT freed 497K, 8% free 10574K/11463K, paused 3ms+2ms
07-12 23:07:00.604   344   344 D SAN_SERVICE: *******************************************
07-12 23:07:00.604   344   344 D SAN_SERVICE: DM App Phone Service State - 0
07-12 23:07:00.604   344   344 D SAN_SERVICE: *******************************************
07-12 23:07:00.991   144   198 D DhcpInfoInternal: makeLinkProperties with empty dns2!
07-12 23:07:01.003   144   198 D DhcpInfoInternal: makeLinkProperties with empty dns2!
07-12 23:07:01.206  5843  5845 D dalvikvm: GC_CONCURRENT freed 408K, 8% free 10624K/11463K, paused 2ms+3ms
07-12 23:07:02.358  5843  5845 D dalvikvm: GC_CONCURRENT freed 409K, 7% free 10684K/11463K, paused 2ms+3ms
07-12 23:07:03.460  5843  5909 D dalvikvm: GC_FOR_ALLOC freed 409K, 8% free 10658K/11463K, paused 22ms
07-12 23:07:04.577  5843  5909 D dalvikvm: GC_FOR_ALLOC freed 405K, 8% free 10621K/11463K, paused 22ms
07-12 23:07:06.335  5843  5845 D dalvikvm: GC_CONCURRENT freed 463K, 8% free 10585K/11463K, paused 20ms+3ms
07-12 23:07:08.003  5843  5845 D dalvikvm: GC_CONCURRENT freed 365K, 7% free 10670K/11463K, paused 21ms+2ms
07-12 23:07:08.870  5843  5845 D dalvikvm: GC_CONCURRENT freed 423K, 7% free 10670K/11463K, paused 22ms+2ms
07-12 23:07:10.393  5843  5845 D dalvikvm: GC_CONCURRENT freed 524K, 8% free 10601K/11463K, paused 2ms+2ms
07-12 23:07:11.432  5843  5845 D dalvikvm: GC_CONCURRENT freed 409K, 8% free 10645K/11463K, paused 4ms+5ms
07-12 23:07:12.620  5843  5845 D dalvikvm: GC_CONCURRENT freed 412K, 7% free 10689K/11463K, paused 21ms+2ms
07-12 23:07:13.428  5843  5909 D dalvikvm: GC_FOR_ALLOC freed 404K, 8% free 10646K/11463K, paused 43ms
07-12 23:07:15.131  5843  5909 D dalvikvm: GC_FOR_ALLOC freed 449K, 8% free 10558K/11463K, paused 25ms
07-12 23:07:16.198  5843  5845 D dalvikvm: GC_CONCURRENT freed 200K, 7% free 10751K/11463K, paused 24ms+2ms
07-12 23:07:17.167  5843  5909 D dalvikvm: GC_FOR_ALLOC freed 394K, 7% free 10687K/11463K, paused 65ms
07-12 23:07:18.139  5843  5909 D dalvikvm: GC_FOR_ALLOC freed 394K, 7% free 10687K/11463K, paused 32ms
07-12 23:07:19.171  5843  5909 D dalvikvm: GC_FOR_ALLOC freed 394K, 7% free 10687K/11463K, paused 66ms
07-12 23:07:20.143  5843  5909 D dalvikvm: GC_FOR_ALLOC freed 397K, 7% free 10687K/11463K, paused 42ms
07-12 23:07:21.104  5843  5909 D dalvikvm: GC_FOR_ALLOC freed 394K, 7% free 10687K/11463K, paused 22ms
07-12 23:07:22.151  5843  5909 D dalvikvm: GC_FOR_ALLOC freed 394K, 7% free 10687K/11463K, paused 35ms
07-12 23:07:23.159  5843  5909 D dalvikvm: GC_FOR_ALLOC freed 394K, 7% free 10687K/11463K, paused 45ms
07-12 23:07:24.225  5843  5909 D dalvikvm: GC_FOR_ALLOC freed 395K, 8% free 10622K/11463K, paused 140ms
07-12 23:07:25.182  5843  5845 D dalvikvm: GC_CONCURRENT freed 399K, 7% free 10687K/11463K, paused 2ms+2ms
07-12 23:07:25.565   344   344 D SAN_SERVICE: *******************************************
07-12 23:07:25.565   344   344 D SAN_SERVICE: DM App Phone Service State - 0
07-12 23:07:25.565   344   344 D SAN_SERVICE: *******************************************
07-12 23:07:25.792   344   344 D SAN_SERVICE: *******************************************
07-12 23:07:25.792   344   344 D SAN_SERVICE: DM App Phone Service State - 0
07-12 23:07:25.792   344   344 D SAN_SERVICE: *******************************************
07-12 23:07:26.401  5843  5845 D dalvikvm: GC_CONCURRENT freed 456K, 7% free 10668K/11463K, paused 3ms+4ms
07-12 23:07:27.280  5843  5845 D dalvikvm: GC_CONCURRENT freed 404K, 7% free 10722K/11463K, paused 22ms+2ms
07-12 23:07:28.276  3358  3360 D dalvikvm: GC_CONCURRENT freed 485K, 7% free 10214K/10951K, paused 2ms+5ms
07-12 23:07:28.510  5843  5909 D dalvikvm: GC_FOR_ALLOC freed 591K, 8% free 10568K/11463K, paused 65ms
07-12 23:07:29.499  5843  5845 D dalvikvm: GC_CONCURRENT freed 364K, 8% free 10633K/11463K, paused 2ms+2ms
07-12 23:07:30.006   144   147 D dalvikvm: GC_CONCURRENT freed 2042K, 26% free 17637K/23623K, paused 10ms+8ms
07-12 23:07:31.006  5843  5845 D dalvikvm: GC_CONCURRENT freed 479K, 8% free 10612K/11463K, paused 2ms+2ms
07-12 23:07:32.143  5843  5845 D dalvikvm: GC_CONCURRENT freed 404K, 7% free 10725K/11463K, paused 3ms+3ms
07-12 23:07:33.483  5843  5909 D dalvikvm: GC_FOR_ALLOC freed 571K, 8% free 10558K/11463K, paused 21ms
07-12 23:07:34.397  5843  5845 D dalvikvm: GC_CONCURRENT freed 259K, 7% free 10722K/11463K, paused 2ms+3ms
07-12 23:07:35.538  5843  5845 D dalvikvm: GC_CONCURRENT freed 593K, 8% free 10568K/11463K, paused 2ms+2ms
07-12 23:07:36.663  5843  5845 D dalvikvm: GC_CONCURRENT freed 240K, 7% free 10722K/11463K, paused 2ms+2ms
07-12 23:07:37.815  5843  5909 D dalvikvm: GC_FOR_ALLOC freed 407K, 7% free 10668K/11463K, paused 22ms
07-12 23:07:38.979  5843  5909 D dalvikvm: GC_FOR_ALLOC freed 404K, 7% free 10668K/11463K, paused 21ms
07-12 23:07:40.030  5843  5845 D dalvikvm: GC_CONCURRENT freed 404K, 7% free 10722K/11463K, paused 2ms+3ms
07-12 23:07:42.600  5843  5845 D dalvikvm: GC_CONCURRENT freed 552K, 8% free 10611K/11463K, paused 21ms+3ms
07-12 23:07:43.378  5843  5845 D dalvikvm: GC_CONCURRENT freed 424K, 8% free 10590K/11463K, paused 4ms+5ms
07-12 23:07:44.182  5843  5845 D dalvikvm: GC_CONCURRENT freed 413K, 8% free 10575K/11463K, paused 21ms+8ms
07-12 23:07:45.018  5843  5845 D dalvikvm: GC_CONCURRENT freed 322K, 7% free 10675K/11463K, paused 10ms+2ms
07-12 23:07:46.014  5843  5845 D dalvikvm: GC_CONCURRENT freed 523K, 8% free 10577K/11463K, paused 2ms+2ms
07-12 23:07:47.612  5843  5845 D dalvikvm: GC_CONCURRENT freed 370K, 8% free 10606K/11463K, paused 26ms+2ms
07-12 23:07:48.967  5843  5845 D dalvikvm: GC_CONCURRENT freed 364K, 8% free 10649K/11463K, paused 25ms+2ms
07-12 23:07:49.631  5843  5845 D dalvikvm: GC_CONCURRENT freed 486K, 8% free 10590K/11463K, paused 2ms+3ms
07-12 23:07:50.624  5843  5845 D dalvikvm: GC_CONCURRENT freed 400K, 8% free 10590K/11463K, paused 3ms+3ms
07-12 23:07:51.612  5843  5845 D dalvikvm: GC_CONCURRENT freed 414K, 8% free 10589K/11463K, paused 2ms+2ms
07-12 23:07:52.624  5843  5845 D dalvikvm: GC_CONCURRENT freed 409K, 8% free 10589K/11463K, paused 2ms+2ms
07-12 23:07:53.796  5843  5845 D dalvikvm: GC_CONCURRENT freed 409K, 8% free 10625K/11463K, paused 15ms+3ms
07-12 23:07:55.546  5843  5909 D dalvikvm: GC_FOR_ALLOC freed 466K, 8% free 10558K/11463K, paused 83ms
07-12 23:07:55.807  5843  5845 D dalvikvm: GC_CONCURRENT freed 335K, 8% free 10625K/11463K, paused 2ms+2ms
07-12 23:07:57.549  5843  5845 D dalvikvm: GC_CONCURRENT freed 469K, 8% free 10627K/11463K, paused 9ms+3ms
07-12 23:07:58.702  6106  6108 D dalvikvm: GC_CONCURRENT freed 718K, 7% free 11639K/12487K, paused 14ms+4ms
07-12 23:07:59.561  5843  5845 D dalvikvm: GC_CONCURRENT freed 443K, 7% free 10661K/11463K, paused 2ms+2ms
07-12 23:08:00.819  5843  5845 D dalvikvm: GC_CONCURRENT freed 425K, 8% free 10660K/11463K, paused 2ms+2ms
07-12 23:08:01.628  5843  5845 D dalvikvm: GC_CONCURRENT freed 503K, 8% free 10590K/11463K, paused 2ms+3ms
07-12 23:08:02.647  5843  5845 D dalvikvm: GC_CONCURRENT freed 410K, 8% free 10609K/11463K, paused 2ms+3ms
07-12 23:08:03.674  5843  5845 D dalvikvm: GC_CONCURRENT freed 418K, 8% free 10609K/11463K, paused 2ms+6ms
07-12 23:08:04.678  5843  5845 D dalvikvm: GC_CONCURRENT freed 418K, 8% free 10610K/11463K, paused 5ms+5ms
07-12 23:08:05.651  5843  5845 D dalvikvm: GC_CONCURRENT freed 423K, 8% free 10609K/11463K, paused 2ms+4ms
07-12 23:08:06.698  5843  5845 D dalvikvm: GC_CONCURRENT freed 418K, 8% free 10609K/11463K, paused 10ms+2ms
07-12 23:08:07.682  5843  5845 D dalvikvm: GC_CONCURRENT freed 418K, 8% free 10610K/11463K, paused 4ms+6ms
07-12 23:08:08.741  5843  5845 D dalvikvm: GC_CONCURRENT freed 419K, 8% free 10609K/11463K, paused 9ms+3ms
07-12 23:08:09.745  5843  5845 D dalvikvm: GC_CONCURRENT freed 418K, 8% free 10609K/11463K, paused 23ms+2ms
07-12 23:08:10.706  5843  5845 D dalvikvm: GC_CONCURRENT freed 418K, 8% free 10610K/11463K, paused 2ms+3ms
07-12 23:08:10.983  6547  6560 I PhoneLab-: Service Running
07-12 23:08:11.057  6547  6560 I PhoneLab-LoggerService: app_37    1373  1     1440   1000  c00f181c 400107b4 S logcat
07-12 23:08:11.057  6547  6560 I PhoneLab-LoggerService: Logcat pid from database 1373
07-12 23:08:11.057  6547  6560 I PhoneLab-LoggerService: Logcat process found 1373
07-12 23:08:11.057  6547  6560 I PhoneLab-LoggerService: Checking Threshold
07-12 23:08:11.057  6547  6560 I PhoneLab-LoggerService: Starting to rename files
07-12 23:08:11.061  6547  6560 I PhoneLab-LoggerService: Files found .. 2
07-12 23:08:11.796  5843  5845 D dalvikvm: GC_CONCURRENT freed 362K, 7% free 10661K/11463K, paused 2ms+2ms
07-12 23:08:13.049  5843  5845 D dalvikvm: GC_CONCURRENT freed 520K, 8% free 10589K/11463K, paused 2ms+3ms
07-12 23:08:14.104  5843  5845 D dalvikvm: GC_CONCURRENT freed 417K, 8% free 10589K/11463K, paused 2ms+2ms
07-12 23:08:15.159  5843  5845 D dalvikvm: GC_CONCURRENT freed 414K, 8% free 10589K/11463K, paused 9ms+2ms
07-12 23:08:15.452  5843  5845 D dalvikvm: GC_CONCURRENT freed 424K, 8% free 10564K/11463K, paused 2ms+2ms
07-12 23:08:16.592  5843  5845 D dalvikvm: GC_CONCURRENT freed 270K, 7% free 10729K/11463K, paused 2ms+2ms
07-12 23:08:17.698  5843  5909 D dalvikvm: GC_FOR_ALLOC freed 409K, 7% free 10685K/11463K, paused 21ms
07-12 23:08:18.940  5843  5909 D dalvikvm: GC_FOR_ALLOC freed 404K, 7% free 10685K/11463K, paused 21ms
07-12 23:08:20.057  5843  5909 D dalvikvm: GC_FOR_ALLOC freed 400K, 8% free 10621K/11463K, paused 21ms
07-12 23:08:21.299  5843  5845 D dalvikvm: GC_CONCURRENT freed 404K, 7% free 10677K/11463K, paused 2ms+3ms
07-12 23:08:22.296  5843  5909 D dalvikvm: GC_FOR_ALLOC freed 412K, 7% free 10670K/11463K, paused 23ms
07-12 23:08:23.557  5843  5845 D dalvikvm: GC_CONCURRENT freed 417K, 7% free 10685K/11463K, paused 2ms+3ms
07-12 23:08:24.585  5843  5909 D dalvikvm: GC_FOR_ALLOC freed 403K, 7% free 10685K/11463K, paused 26ms
07-12 23:08:25.674  5843  5909 D dalvikvm: GC_FOR_ALLOC freed 404K, 8% free 10653K/11463K, paused 24ms
07-12 23:08:26.721  5843  5909 D dalvikvm: GC_FOR_ALLOC freed 413K, 8% free 10653K/11463K, paused 34ms
07-12 23:08:27.862  5843  5845 D dalvikvm: GC_CONCURRENT freed 415K, 7% free 10683K/11463K, paused 3ms+3ms
07-12 23:08:28.272  4907  4909 D dalvikvm: GC_CONCURRENT freed 513K, 6% free 10467K/11079K, paused 3ms+3ms
07-12 23:08:28.389   144   424 D dalvikvm: GC_EXPLICIT freed 1281K, 26% free 17606K/23623K, paused 3ms+10ms
07-12 23:08:28.956  5843  5909 D dalvikvm: GC_FOR_ALLOC freed 412K, 7% free 10685K/11463K, paused 22ms
07-12 23:08:30.311  5843  5845 D dalvikvm: GC_CONCURRENT freed 409K, 7% free 10712K/11463K, paused 2ms+2ms
07-12 23:08:31.311  5843  5909 D dalvikvm: GC_FOR_ALLOC freed 409K, 7% free 10661K/11463K, paused 45ms
07-12 23:08:32.444  5843  5909 D dalvikvm: GC_FOR_ALLOC freed 409K, 8% free 10621K/11463K, paused 21ms
07-12 23:08:33.596  5843  5845 D dalvikvm: GC_CONCURRENT freed 413K, 7% free 10683K/11463K, paused 3ms+3ms
07-12 23:08:34.573  5843  5909 D dalvikvm: GC_FOR_ALLOC freed 404K, 8% free 10615K/11463K, paused 23ms
07-12 23:08:35.733  5843  5845 D dalvikvm: GC_CONCURRENT freed 409K, 8% free 10661K/11463K, paused 2ms+2ms
07-12 23:08:37.381  5843  5845 D dalvikvm: GC_CONCURRENT freed 417K, 7% free 10672K/11463K, paused 3ms+3ms
07-12 23:08:41.077  5843  5845 D dalvikvm: GC_CONCURRENT freed 534K, 8% free 10581K/11463K, paused 23ms+3ms
07-12 23:08:44.499  5843  5845 D dalvikvm: GC_CONCURRENT freed 412K, 8% free 10606K/11463K, paused 10ms+2ms
07-12 23:08:46.315  5843  5845 D dalvikvm: GC_CONCURRENT freed 441K, 8% free 10624K/11463K, paused 21ms+3ms
07-12 23:08:47.710  5843  5845 D dalvikvm: GC_CONCURRENT freed 417K, 8% free 10640K/11463K, paused 2ms+2ms
07-12 23:08:49.092   344   344 D SAN_SERVICE: *******************************************
07-12 23:08:49.092   344   344 D SAN_SERVICE: DM App Phone Service State - 0
07-12 23:08:49.092   344   344 D SAN_SERVICE: *******************************************
07-12 23:08:50.553  5843  5845 D dalvikvm: GC_CONCURRENT freed 476K, 8% free 10644K/11463K, paused 2ms+3ms
07-12 23:08:52.046  5843  5845 D dalvikvm: GC_CONCURRENT freed 500K, 8% free 10628K/11463K, paused 20ms+2ms
07-12 23:08:52.678  5843  5845 D dalvikvm: GC_CONCURRENT freed 482K, 8% free 10561K/11463K, paused 3ms+3ms
07-12 23:08:53.686  5843  5845 D dalvikvm: GC_CONCURRENT freed 323K, 8% free 10637K/11463K, paused 50ms+2ms
07-12 23:08:54.659  5843  5845 D dalvikvm: GC_CONCURRENT freed 460K, 8% free 10624K/11463K, paused 21ms+3ms
07-12 23:08:55.659  5843  5845 D dalvikvm: GC_CONCURRENT freed 466K, 8% free 10602K/11463K, paused 21ms+2ms
07-12 23:08:56.921  5843  5845 D dalvikvm: GC_CONCURRENT freed 441K, 8% free 10646K/11463K, paused 1ms+3ms
07-12 23:08:58.026  5843  5845 D dalvikvm: GC_CONCURRENT freed 424K, 8% free 10651K/11463K, paused 23ms+2ms
07-12 23:08:58.995  5843  5845 D dalvikvm: GC_CONCURRENT freed 438K, 8% free 10655K/11463K, paused 2ms+2ms
07-12 23:09:02.272  5843  5845 D dalvikvm: GC_CONCURRENT freed 496K, 8% free 10619K/11463K, paused 22ms+2ms
07-12 23:09:02.803   344   344 D SAN_SERVICE: *******************************************
07-12 23:09:02.803   344   344 D SAN_SERVICE: DM App Phone Service State - 0
07-12 23:09:02.803   344   344 D SAN_SERVICE: *******************************************
07-12 23:09:03.553   344   344 D SAN_SERVICE: *******************************************
07-12 23:09:03.553   344   344 D SAN_SERVICE: DM App Phone Service State - 0
07-12 23:09:03.553   344   344 D SAN_SERVICE: *******************************************
07-12 23:09:04.092  5843  5845 D dalvikvm: GC_CONCURRENT freed 407K, 7% free 10698K/11463K, paused 2ms+3ms
07-12 23:09:05.229  5843  5845 D dalvikvm: GC_CONCURRENT freed 562K, 8% free 10578K/11463K, paused 22ms+2ms
07-12 23:09:06.303  5843  5845 D dalvikvm: GC_CONCURRENT freed 336K, 8% free 10638K/11463K, paused 193ms+2ms
07-12 23:09:07.065  5843  5845 D dalvikvm: GC_CONCURRENT freed 419K, 8% free 10638K/11463K, paused 5ms+2ms
07-12 23:09:08.053  5843  5845 D dalvikvm: GC_CONCURRENT freed 419K, 8% free 10638K/11463K, paused 2ms+2ms
07-12 23:09:09.385  5843  5845 D dalvikvm: GC_CONCURRENT freed 414K, 8% free 10638K/11463K, paused 26ms+2ms
07-12 23:09:10.116  5843  5845 D dalvikvm: GC_CONCURRENT freed 412K, 8% free 10638K/11463K, paused 21ms+2ms
07-12 23:09:11.635  5843  5845 D dalvikvm: GC_CONCURRENT freed 489K, 8% free 10622K/11463K, paused 2ms+2ms
07-12 23:09:12.694  5843  5845 D dalvikvm: GC_CONCURRENT freed 405K, 7% free 10687K/11463K, paused 86ms+2ms
07-12 23:09:13.651  5843  5909 D dalvikvm: GC_FOR_ALLOC freed 406K, 7% free 10688K/11463K, paused 55ms
07-12 23:09:14.655  5843  5909 D dalvikvm: GC_FOR_ALLOC freed 400K, 8% free 10622K/11463K, paused 90ms
07-12 23:09:15.671  5843  5845 D dalvikvm: GC_CONCURRENT freed 405K, 7% free 10687K/11463K, paused 21ms+2ms
07-12 23:09:17.530  5843  5909 D dalvikvm: GC_FOR_ALLOC freed 516K, 8% free 10558K/11463K, paused 22ms
07-12 23:09:18.518  5843  5845 D dalvikvm: GC_CONCURRENT freed 200K, 7% free 10751K/11463K, paused 2ms+3ms
07-12 23:09:19.213   144   402 I ActivityManager: Process com.google.android.apps.maps:NetworkLocationService (pid 4907) has died.
07-12 23:09:19.213   144   402 W ActivityManager: Scheduling restart of crashed service com.google.android.apps.maps/com.google.android.location.internal.server.NetworkLocationService in 5000ms
07-12 23:09:19.499  5843  5909 D dalvikvm: GC_FOR_ALLOC freed 397K, 7% free 10687K/11463K, paused 37ms
07-12 23:09:20.510  5843  5909 D dalvikvm: GC_FOR_ALLOC freed 394K, 7% free 10687K/11463K, paused 58ms
07-12 23:09:21.518  5843  5909 D dalvikvm: GC_FOR_ALLOC freed 394K, 7% free 10687K/11463K, paused 58ms
07-12 23:09:22.514  5843  5909 D dalvikvm: GC_FOR_ALLOC freed 394K, 7% free 10687K/11463K, paused 61ms
07-12 23:09:23.499  5843  5909 D dalvikvm: GC_FOR_ALLOC freed 394K, 7% free 10687K/11463K, paused 47ms
07-12 23:09:24.264   144   161 I ActivityManager: Start proc com.google.android.apps.maps:NetworkLocationService for service com.google.android.apps.maps/com.google.android.location.internal.server.NetworkLocationService: pid=6652 uid=10056 gids={3003, 1015}
07-12 23:09:24.487  5843  5909 D dalvikvm: GC_FOR_ALLOC freed 394K, 7% free 10687K/11463K, paused 51ms
07-12 23:09:24.491  6652  6655 D dalvikvm: GC_CONCURRENT freed 158K, 3% free 9378K/9607K, paused 4ms+4ms
07-12 23:09:25.088  6652  6655 D dalvikvm: GC_CONCURRENT freed 154K, 3% free 9676K/9927K, paused 2ms+3ms
07-12 23:09:25.530  5843  5909 D dalvikvm: GC_FOR_ALLOC freed 394K, 7% free 10687K/11463K, paused 23ms
07-12 23:09:25.706  6652  6655 D dalvikvm: GC_CONCURRENT freed 175K, 3% free 10064K/10311K, paused 35ms+5ms
07-12 23:09:25.776   144   198 D DhcpInfoInternal: makeLinkProperties with empty dns2!
07-12 23:09:25.776   144   198 D DhcpInfoInternal: makeLinkProperties with empty dns2!
07-12 23:09:25.909  6652  6655 D dalvikvm: GC_CONCURRENT freed 663K, 8% free 9887K/10631K, paused 2ms+2ms
07-12 23:09:25.975   144   380 I ActivityManager: Process com.google.android.youtube (pid 5843) has died.
07-12 23:09:25.975   144   380 W ActivityManager: Scheduling restart of crashed service com.google.android.youtube/.core.transfer.DownloadService in 5000ms
07-12 23:09:26.010   144   161 I ActivityManager: Start proc com.google.android.apps.maps:FriendService for broadcast com.google.android.apps.maps/com.google.googlenav.friend.android.ServiceReceiver: pid=6691 uid=10056 gids={3003, 1015}
07-12 23:09:26.147  6691  6694 D dalvikvm: GC_CONCURRENT freed 161K, 3% free 9375K/9607K, paused 3ms+2ms
07-12 23:09:26.299  6691  6694 D dalvikvm: GC_CONCURRENT freed 195K, 4% free 9688K/9991K, paused 1ms+2ms
07-12 23:09:26.444  3358  3360 D dalvikvm: GC_CONCURRENT freed 491K, 8% free 10179K/10951K, paused 2ms+10ms
07-12 23:09:26.538  6652  6659 I dalvikvm: Total arena pages for JIT: 11
07-12 23:09:26.538  6652  6659 I dalvikvm: Total arena pages for JIT: 12
07-12 23:09:26.538  6652  6659 I dalvikvm: Total arena pages for JIT: 13
07-12 23:09:26.538  6652  6659 I dalvikvm: Total arena pages for JIT: 14
07-12 23:09:26.538  6652  6659 I dalvikvm: Total arena pages for JIT: 15
07-12 23:09:26.538  6652  6659 I dalvikvm: Total arena pages for JIT: 16
07-12 23:09:26.542  6652  6659 I dalvikvm: Total arena pages for JIT: 17
07-12 23:09:26.694  6652  6655 D dalvikvm: GC_CONCURRENT freed 201K, 5% free 10177K/10631K, paused 1ms+3ms
07-12 23:09:26.768  6652  6659 I dalvikvm: Total arena pages for JIT: 18
07-12 23:09:27.124  6652  6655 D dalvikvm: GC_CONCURRENT freed 400K, 5% free 10227K/10759K, paused 1ms+2ms
07-12 23:09:31.034   144   161 I ActivityManager: Start proc com.google.android.youtube for service com.google.android.youtube/.core.transfer.DownloadService: pid=6706 uid=10057 gids={3003, 1015, 1006}
07-12 23:09:31.249  6706  6709 D dalvikvm: GC_CONCURRENT freed 155K, 3% free 9359K/9607K, paused 2ms+2ms
07-12 23:09:31.311  6706  6706 I ActivityThread: Pub com.google.android.youtube.SuggestionProvider: com.google.android.youtube.core.suggest.SuggestionProvider
07-12 23:09:31.878 30387 30389 D dalvikvm: GC_CONCURRENT freed 378K, 6% free 10294K/10887K, paused 8ms+20ms
07-12 23:09:31.921  6706  6709 D dalvikvm: GC_CONCURRENT freed 364K, 5% free 9556K/9991K, paused 12ms+3ms
07-12 23:09:31.921  6706  6715 W CursorWrapperInner: Cursor finalized without prior close()
07-12 23:09:31.928  6706  6715 W CursorWrapperInner: Cursor finalized without prior close()
07-12 23:09:32.003  6706  6709 D dalvikvm: GC_CONCURRENT freed 346K, 5% free 9766K/10183K, paused 2ms+2ms
07-12 23:09:32.128  6706  6709 D dalvikvm: GC_CONCURRENT freed 359K, 5% free 9945K/10375K, paused 2ms+5ms
07-12 23:09:32.194 30387 32199 D dalvikvm: GC_EXPLICIT freed 93K, 7% free 10207K/10887K, paused 2ms+5ms
07-12 23:09:32.284  6706  6709 D dalvikvm: GC_CONCURRENT freed 431K, 5% free 10063K/10567K, paused 2ms+5ms
07-12 23:09:32.319   144   156 I ActivityManager: Start proc com.google.android.gsf.login for service com.google.android.gsf.login/com.google.android.gsf.loginservice.GoogleLoginService: pid=6741 uid=10009 gids={3003, 1015, 1007, 2001, 3006}
07-12 23:09:32.393  6706  6739 D dalvikvm: GC_FOR_ALLOC freed 359K, 5% free 10265K/10695K, paused 42ms
07-12 23:09:32.475   144   155 I ActivityManager: Process com.google.android.apps.googlevoice (pid 5930) has died.
07-12 23:09:32.475   144   155 W ActivityManager: Scheduling restart of crashed service com.google.android.apps.googlevoice/.UpdateService in 5000ms
07-12 23:09:32.475   144   155 W ActivityManager: Scheduling restart of crashed service com.google.android.apps.googlevoice/.CallLogService in 15000ms
07-12 23:09:32.549  6706  6709 D dalvikvm: GC_CONCURRENT freed 113K, 3% free 10407K/10695K, paused 3ms+6ms
07-12 23:09:33.108  6706  6709 D dalvikvm: GC_CONCURRENT freed 476K, 6% free 10410K/11015K, paused 3ms+3ms
07-12 23:09:34.651  6706  6709 D dalvikvm: GC_CONCURRENT freed 310K, 5% free 10493K/11015K, paused 2ms+3ms
07-12 23:09:35.694  6706  6766 D dalvikvm: GC_FOR_ALLOC freed 27K, 5% free 10483K/11015K, paused 21ms
07-12 23:09:35.694  6706  6766 I dalvikvm-heap: Grow heap (frag case) to 10.369MB for 65552-byte allocation
07-12 23:09:35.717  6706  6766 D dalvikvm: GC_FOR_ALLOC freed <1K, 6% free 10547K/11143K, paused 22ms
07-12 23:09:35.741  6706  6713 I dalvikvm: Total arena pages for JIT: 11
07-12 23:09:35.741  6706  6713 I dalvikvm: Total arena pages for JIT: 12
07-12 23:09:35.741  6706  6713 I dalvikvm: Total arena pages for JIT: 13
07-12 23:09:35.741  6706  6713 I dalvikvm: Total arena pages for JIT: 14
07-12 23:09:35.741  6706  6713 I dalvikvm: Total arena pages for JIT: 15
07-12 23:09:35.741  6706  6713 I dalvikvm: Total arena pages for JIT: 16
07-12 23:09:35.741  6706  6713 I dalvikvm: Total arena pages for JIT: 17
07-12 23:09:35.760  6706  6713 I dalvikvm: Total arena pages for JIT: 18
07-12 23:09:35.905  6706  6766 D dalvikvm: GC_FOR_ALLOC freed 256K, 6% free 10563K/11143K, paused 26ms
07-12 23:09:36.799  6706  6766 D dalvikvm: GC_FOR_ALLOC freed 209K, 6% free 10587K/11207K, paused 66ms
07-12 23:09:36.952  6706  6766 D dalvikvm: GC_FOR_ALLOC freed 315K, 6% free 10576K/11207K, paused 31ms
07-12 23:09:37.315   144   424 I ActivityManager: Process com.google.android.apps.maps (pid 6065) has died.
07-12 23:09:37.315   144   424 W ActivityManager: Scheduling restart of crashed service com.google.android.apps.maps/com.google.googlenav.prefetch.android.PrefetcherService in 20162ms
07-12 23:09:37.549   144   161 I ActivityManager: Start proc com.google.android.apps.googlevoice for service com.google.android.apps.googlevoice/.UpdateService: pid=6770 uid=10054 gids={3003, 1015}
07-12 23:09:38.124  6770  6773 D dalvikvm: GC_CONCURRENT freed 286K, 4% free 9243K/9607K, paused 24ms+1ms
07-12 23:09:38.151   144  9084 I ActivityManager: Process com.google.android.partnersetup (pid 6014) has died.
07-12 23:09:38.182  6706  6766 D dalvikvm: GC_FOR_ALLOC freed 195K, 6% free 10562K/11207K, paused 28ms
07-12 23:09:38.241  6706  6766 D dalvikvm: GC_FOR_ALLOC freed 3K, 5% free 10691K/11207K, paused 59ms
07-12 23:09:38.292  6706  6766 D dalvikvm: GC_FOR_ALLOC freed 196K, 6% free 10669K/11335K, paused 21ms
07-12 23:09:38.725  6770  6773 D dalvikvm: GC_CONCURRENT freed 363K, 5% free 9429K/9863K, paused 2ms+3ms
07-12 23:09:38.725  6770  6779 W CursorWrapperInner: Cursor finalized without prior close()
07-12 23:09:38.725  6770  6779 W CursorWrapperInner: Cursor finalized without prior close()
07-12 23:09:38.725  6770  6779 W CursorWrapperInner: Cursor finalized without prior close()
07-12 23:09:38.999  5658  5660 D dalvikvm: GC_CONCURRENT freed 375K, 8% free 9909K/10695K, paused 3ms+4ms
07-12 23:09:39.003  6770  6773 D dalvikvm: GC_CONCURRENT freed 323K, 4% free 9659K/10055K, paused 2ms+14ms
07-12 23:09:39.268   144   403 D dalvikvm: GC_EXPLICIT freed 1613K, 26% free 17624K/23623K, paused 4ms+9ms
07-12 23:09:39.362  6706  6766 D dalvikvm: GC_FOR_ALLOC freed 202K, 6% free 10691K/11335K, paused 31ms
07-12 23:09:39.424  6706  6766 D dalvikvm: GC_FOR_ALLOC freed 198K, 6% free 10667K/11335K, paused 21ms
07-12 23:09:40.327  6706  6766 D dalvikvm: GC_FOR_ALLOC freed 202K, 6% free 10689K/11335K, paused 42ms
07-12 23:09:40.448  6706  6766 D dalvikvm: GC_FOR_ALLOC freed 193K, 7% free 10613K/11335K, paused 45ms
07-12 23:09:41.315  6706  6766 D dalvikvm: GC_FOR_ALLOC freed 205K, 6% free 10689K/11335K, paused 57ms
07-12 23:09:41.499  6706  6766 D dalvikvm: GC_FOR_ALLOC freed 193K, 7% free 10613K/11335K, paused 93ms
07-12 23:09:42.331  6706  6766 D dalvikvm: GC_FOR_ALLOC freed 205K, 6% free 10689K/11335K, paused 49ms
07-12 23:09:42.448  6706  6766 D dalvikvm: GC_FOR_ALLOC freed 193K, 7% free 10613K/11335K, paused 44ms
07-12 23:09:43.327  6706  6766 D dalvikvm: GC_FOR_ALLOC freed 205K, 6% free 10689K/11335K, paused 45ms
07-12 23:09:43.495  6706  6766 D dalvikvm: GC_FOR_ALLOC freed 193K, 7% free 10613K/11335K, paused 86ms
07-12 23:09:44.319  6706  6766 D dalvikvm: GC_FOR_ALLOC freed 205K, 6% free 10689K/11335K, paused 22ms
07-12 23:09:44.428  6706  6766 D dalvikvm: GC_FOR_ALLOC freed 195K, 7% free 10614K/11335K, paused 27ms
07-12 23:09:45.323  6706  6766 D dalvikvm: GC_FOR_ALLOC freed 207K, 6% free 10689K/11335K, paused 60ms
07-12 23:09:45.463  6706  6766 D dalvikvm: GC_FOR_ALLOC freed 193K, 7% free 10613K/11335K, paused 57ms
07-12 23:09:46.350  6706  6766 D dalvikvm: GC_FOR_ALLOC freed 205K, 6% free 10689K/11335K, paused 21ms
07-12 23:09:46.428  6706  6766 D dalvikvm: GC_FOR_ALLOC freed 193K, 7% free 10613K/11335K, paused 24ms
07-12 23:09:47.319  6706  6766 D dalvikvm: GC_FOR_ALLOC freed 205K, 6% free 10689K/11335K, paused 29ms
07-12 23:09:47.456  6706  6766 D dalvikvm: GC_FOR_ALLOC freed 193K, 7% free 10613K/11335K, paused 50ms
07-12 23:09:48.342  6706  6766 D dalvikvm: GC_FOR_ALLOC freed 205K, 6% free 10689K/11335K, paused 56ms
07-12 23:09:48.467  6706  6766 D dalvikvm: GC_FOR_ALLOC freed 193K, 7% free 10613K/11335K, paused 61ms
07-12 23:09:49.338  6706  6766 D dalvikvm: GC_FOR_ALLOC freed 205K, 6% free 10689K/11335K, paused 56ms
07-12 23:09:49.463  6706  6766 D dalvikvm: GC_FOR_ALLOC freed 193K, 7% free 10613K/11335K, paused 57ms
07-12 23:09:50.366  6706  6766 D dalvikvm: GC_FOR_ALLOC freed 205K, 6% free 10689K/11335K, paused 29ms
07-12 23:09:50.432  6706  6766 D dalvikvm: GC_FOR_ALLOC freed 193K, 7% free 10613K/11335K, paused 24ms
07-12 23:09:51.370  6706  6766 D dalvikvm: GC_FOR_ALLOC freed 205K, 6% free 10689K/11335K, paused 21ms
07-12 23:09:51.428  6706  6766 D dalvikvm: GC_FOR_ALLOC freed 193K, 7% free 10613K/11335K, paused 21ms
07-12 23:09:52.389  6706  6766 D dalvikvm: GC_FOR_ALLOC freed 205K, 6% free 10689K/11335K, paused 50ms
07-12 23:09:52.440  6706  6766 D dalvikvm: GC_FOR_ALLOC freed 193K, 7% free 10613K/11335K, paused 24ms
07-12 23:09:53.393  6706  6766 D dalvikvm: GC_FOR_ALLOC freed 208K, 6% free 10689K/11335K, paused 53ms
07-12 23:09:53.440  6706  6766 D dalvikvm: GC_FOR_ALLOC freed 193K, 7% free 10613K/11335K, paused 20ms
07-12 23:09:54.397  6706  6766 D dalvikvm: GC_FOR_ALLOC freed 205K, 6% free 10689K/11335K, paused 59ms
07-12 23:09:54.444  6706  6766 D dalvikvm: GC_FOR_ALLOC freed 193K, 7% free 10613K/11335K, paused 21ms
07-12 23:09:55.409  6706  6766 D dalvikvm: GC_FOR_ALLOC freed 205K, 6% free 10689K/11335K, paused 65ms
07-12 23:09:55.456  6706  6766 D dalvikvm: GC_FOR_ALLOC freed 193K, 7% free 10613K/11335K, paused 21ms
07-12 23:09:56.409  6706  6766 D dalvikvm: GC_FOR_ALLOC freed 205K, 6% free 10689K/11335K, paused 61ms
07-12 23:09:56.456  6706  6766 D dalvikvm: GC_FOR_ALLOC freed 193K, 7% free 10613K/11335K, paused 21ms
07-12 23:09:57.389  6706  6766 D dalvikvm: GC_FOR_ALLOC freed 205K, 6% free 10689K/11335K, paused 60ms
07-12 23:09:57.463  6706  6766 D dalvikvm: GC_FOR_ALLOC freed 193K, 7% free 10613K/11335K, paused 27ms
07-12 23:09:57.491   144   161 I ActivityManager: Start proc com.google.android.apps.maps for service com.google.android.apps.maps/com.google.googlenav.prefetch.android.PrefetcherService: pid=6794 uid=10056 gids={3003, 1015}
07-12 23:09:57.671  6794  6797 D dalvikvm: GC_CONCURRENT freed 167K, 3% free 9369K/9607K, paused 2ms+2ms
07-12 23:09:57.835  6794  6794 I ActivityThread: Pub com.google.android.maps.SearchHistoryProvider: com.google.googlenav.provider.SearchHistoryProvider
07-12 23:09:57.885  6794  6794 I ActivityThread: Pub com.google.android.maps.SuggestionProvider: com.google.googlenav.suggest.android.SuggestContentProvider
07-12 23:09:57.948  6794  6794 I ActivityThread: Pub com.google.android.maps.LayerInfoProvider: com.google.googlenav.layer.LayerInfoProvider
07-12 23:09:57.987  6794  6794 I ActivityThread: Pub com.google.android.maps.TrafficAppWidgetProvider: com.google.googlenav.appwidget.traffic.TrafficAppWidgetProvider
07-12 23:09:57.991  6794  6794 I ActivityThread: Pub com.google.android.maps.LocalActivePlacesProvider: com.google.googlenav.provider.LocalActivePlacesProvider
07-12 23:09:57.999  6794  6794 I ActivityThread: Pub com.google.android.maps.StarredItemProvider: com.google.googlenav.provider.StarredItemProvider
07-12 23:09:58.143  6794  6797 D dalvikvm: GC_CONCURRENT freed 162K, 3% free 9653K/9927K, paused 5ms+1ms
07-12 23:09:58.202   144   156 I ActivityManager: Process com.google.android.apps.currents (pid 6456) has died.
07-12 23:09:58.405  6706  6766 D dalvikvm: GC_FOR_ALLOC freed 205K, 6% free 10689K/11335K, paused 21ms
07-12 23:09:58.495  6706  6766 D dalvikvm: GC_FOR_ALLOC freed 193K, 7% free 10613K/11335K, paused 26ms
07-12 23:09:58.553  6794  6794 I ActivityThread: Pub com.google.android.maps.LocalSuggestionProvider: com.google.googlenav.provider.LocalSuggestionProvider
07-12 23:09:58.557  6794  6794 I ActivityThread: Pub com.google.android.maps.NavigationAvailabilityProvider: com.google.googlenav.provider.NavigationAvailabilityProvider
07-12 23:09:58.581  6794  6797 D dalvikvm: GC_CONCURRENT freed 216K, 4% free 9915K/10247K, paused 2ms+3ms
07-12 23:09:58.671  6794  6810 D dalvikvm: GC_FOR_ALLOC freed 110K, 4% free 10167K/10503K, paused 22ms
07-12 23:09:58.776  6794  6797 D dalvikvm: GC_CONCURRENT freed 140K, 3% free 10487K/10759K, paused 3ms+7ms
07-12 23:09:58.827  6794  6820 D dalvikvm: GC_FOR_ALLOC freed 56K, 3% free 10705K/11015K, paused 22ms
07-12 23:09:59.385  6706  6766 D dalvikvm: GC_FOR_ALLOC freed 205K, 6% free 10689K/11335K, paused 25ms
07-12 23:09:59.514  6706  6766 D dalvikvm: GC_FOR_ALLOC freed 193K, 7% free 10613K/11335K, paused 45ms
07-12 23:10:00.389  6706  6766 D dalvikvm: GC_FOR_ALLOC freed 205K, 6% free 10689K/11335K, paused 45ms
07-12 23:10:00.581  6706  6766 D dalvikvm: GC_FOR_ALLOC freed 193K, 7% free 10613K/11335K, paused 110ms
07-12 23:10:01.409  6706  6766 D dalvikvm: GC_FOR_ALLOC freed 208K, 6% free 10689K/11335K, paused 51ms
07-12 23:10:01.694  6706  6766 D dalvikvm: GC_FOR_ALLOC freed 194K, 7% free 10613K/11335K, paused 62ms
07-12 23:10:02.397  6706  6766 D dalvikvm: GC_FOR_ALLOC freed 205K, 6% free 10689K/11335K, paused 53ms
07-12 23:10:02.706  6706  6766 D dalvikvm: GC_FOR_ALLOC freed 193K, 7% free 10613K/11335K, paused 80ms
07-12 23:10:03.393  6706  6766 D dalvikvm: GC_FOR_ALLOC freed 205K, 6% free 10689K/11335K, paused 50ms
07-12 23:10:03.674  6706  6766 D dalvikvm: GC_FOR_ALLOC freed 193K, 7% free 10613K/11335K, paused 21ms
07-12 23:10:04.405  6706  6766 D dalvikvm: GC_FOR_ALLOC freed 205K, 6% free 10689K/11335K, paused 53ms
07-12 23:10:04.729  6706  6766 D dalvikvm: GC_FOR_ALLOC freed 193K, 7% free 10613K/11335K, paused 27ms
07-12 23:10:05.417  6706  6766 D dalvikvm: GC_FOR_ALLOC freed 205K, 6% free 10689K/11335K, paused 66ms
07-12 23:10:05.729  6706  6766 D dalvikvm: GC_FOR_ALLOC freed 193K, 7% free 10613K/11335K, paused 79ms
07-12 23:10:06.413  6706  6766 D dalvikvm: GC_FOR_ALLOC freed 205K, 6% free 10689K/11335K, paused 64ms
07-12 23:10:06.749  6706  6766 D dalvikvm: GC_FOR_ALLOC freed 193K, 7% free 10613K/11335K, paused 55ms
07-12 23:10:07.421  6706  6766 D dalvikvm: GC_FOR_ALLOC freed 205K, 6% free 10689K/11335K, paused 72ms
07-12 23:10:07.733  6706  6766 D dalvikvm: GC_FOR_ALLOC freed 193K, 7% free 10613K/11335K, paused 79ms
07-12 23:10:08.405  6706  6766 D dalvikvm: GC_FOR_ALLOC freed 205K, 6% free 10689K/11335K, paused 55ms
07-12 23:10:08.682  6706  6766 D dalvikvm: GC_FOR_ALLOC freed 193K, 7% free 10613K/11335K, paused 31ms
07-12 23:10:09.381  6706  6766 D dalvikvm: GC_FOR_ALLOC freed 205K, 6% free 10689K/11335K, paused 31ms
07-12 23:10:09.729  6706  6766 D dalvikvm: GC_FOR_ALLOC freed 197K, 7% free 10613K/11335K, paused 73ms
07-12 23:10:10.381  6706  6766 D dalvikvm: GC_FOR_ALLOC freed 205K, 6% free 10689K/11335K, paused 21ms
07-12 23:10:10.733  6706  6766 D dalvikvm: GC_FOR_ALLOC freed 193K, 7% free 10613K/11335K, paused 80ms
07-12 23:10:10.991  6547  6560 I PhoneLab-: Service Running
07-12 23:10:11.081  6547  6560 I PhoneLab-LoggerService: app_37    1373  1     1440   1000  c00f181c 400107b4 S logcat
07-12 23:10:11.081  6547  6560 I PhoneLab-LoggerService: Logcat pid from database 1373
07-12 23:10:11.081  6547  6560 I PhoneLab-LoggerService: Logcat process found 1373
07-12 23:10:11.081  6547  6560 I PhoneLab-LoggerService: Checking Threshold
07-12 23:10:11.085  6547  6560 I PhoneLab-LoggerService: Starting to rename files
07-12 23:10:11.085  6547  6560 I PhoneLab-LoggerService: Files found .. 2
07-12 23:10:11.409  6706  6766 D dalvikvm: GC_FOR_ALLOC freed 205K, 6% free 10689K/11335K, paused 56ms
07-12 23:10:11.729  6706  6766 D dalvikvm: GC_FOR_ALLOC freed 193K, 7% free 10613K/11335K, paused 73ms
07-12 23:10:12.424  6706  6766 D dalvikvm: GC_FOR_ALLOC freed 205K, 6% free 10689K/11335K, paused 72ms
07-12 23:10:12.737  6706  6766 D dalvikvm: GC_FOR_ALLOC freed 193K, 7% free 10613K/11335K, paused 83ms
07-12 23:10:13.393  6706  6766 D dalvikvm: GC_FOR_ALLOC freed 205K, 6% free 10689K/11335K, paused 43ms
07-12 23:10:13.694  6706  6766 D dalvikvm: GC_FOR_ALLOC freed 193K, 7% free 10613K/11335K, paused 43ms
07-12 23:10:14.405  6706  6766 D dalvikvm: GC_FOR_ALLOC freed 205K, 6% free 10689K/11335K, paused 43ms
07-12 23:10:14.721  6706  6766 D dalvikvm: GC_FOR_ALLOC freed 193K, 7% free 10613K/11335K, paused 64ms
07-12 23:10:15.405  6706  6766 D dalvikvm: GC_FOR_ALLOC freed 205K, 6% free 10689K/11335K, paused 52ms
07-12 23:10:15.725  6706  6766 D dalvikvm: GC_FOR_ALLOC freed 193K, 7% free 10613K/11335K, paused 63ms
07-12 23:10:16.405  6706  6766 D dalvikvm: GC_FOR_ALLOC freed 205K, 6% free 10689K/11335K, paused 52ms
07-12 23:10:16.745  6706  6766 D dalvikvm: GC_FOR_ALLOC freed 193K, 7% free 10613K/11335K, paused 88ms
07-12 23:10:17.405  6706  6766 D dalvikvm: GC_FOR_ALLOC freed 205K, 6% free 10689K/11335K, paused 53ms
07-12 23:10:17.721  6706  6766 D dalvikvm: GC_FOR_ALLOC freed 193K, 7% free 10613K/11335K, paused 63ms
07-12 23:10:18.417  6706  6766 D dalvikvm: GC_FOR_ALLOC freed 208K, 6% free 10689K/11335K, paused 52ms
07-12 23:10:18.729  6706  6766 D dalvikvm: GC_FOR_ALLOC freed 193K, 7% free 10613K/11335K, paused 66ms
07-12 23:10:19.409  6706  6766 D dalvikvm: GC_FOR_ALLOC freed 205K, 6% free 10689K/11335K, paused 54ms
07-12 23:10:19.717  6706  6766 D dalvikvm: GC_FOR_ALLOC freed 193K, 7% free 10613K/11335K, paused 57ms
07-12 23:10:20.405  6706  6766 D dalvikvm: GC_FOR_ALLOC freed 205K, 6% free 10689K/11335K, paused 52ms
07-12 23:10:20.721  6706  6766 D dalvikvm: GC_FOR_ALLOC freed 193K, 7% free 10613K/11335K, paused 59ms
07-12 23:10:21.428  6706  6766 D dalvikvm: GC_FOR_ALLOC freed 205K, 6% free 10689K/11335K, paused 72ms
07-12 23:10:21.737  6706  6766 D dalvikvm: GC_FOR_ALLOC freed 193K, 7% free 10613K/11335K, paused 75ms
07-12 23:10:22.397  6706  6766 D dalvikvm: GC_FOR_ALLOC freed 205K, 6% free 10689K/11335K, paused 43ms
07-12 23:10:22.725  6706  6766 D dalvikvm: GC_FOR_ALLOC freed 193K, 7% free 10613K/11335K, paused 22ms
07-12 23:10:23.417  6706  6766 D dalvikvm: GC_FOR_ALLOC freed 205K, 6% free 10689K/11335K, paused 61ms
07-12 23:10:23.733  6706  6766 D dalvikvm: GC_FOR_ALLOC freed 193K, 7% free 10613K/11335K, paused 71ms
07-12 23:10:24.463  6706  6766 D dalvikvm: GC_FOR_ALLOC freed 205K, 6% free 10689K/11335K, paused 110ms
07-12 23:10:24.729  6706  6766 D dalvikvm: GC_FOR_ALLOC freed 193K, 7% free 10613K/11335K, paused 62ms
07-12 23:10:25.499  6706  6766 D dalvikvm: GC_FOR_ALLOC freed 205K, 6% free 10689K/11335K, paused 144ms
07-12 23:10:25.725  6706  6766 D dalvikvm: GC_FOR_ALLOC freed 193K, 7% free 10613K/11335K, paused 59ms
07-12 23:10:26.385  6706  6766 D dalvikvm: GC_FOR_ALLOC freed 208K, 6% free 10689K/11335K, paused 50ms
07-12 23:10:26.686  6706  6766 D dalvikvm: GC_FOR_ALLOC freed 193K, 7% free 10613K/11335K, paused 25ms
07-12 23:10:27.409  6706  6766 D dalvikvm: GC_FOR_ALLOC freed 205K, 6% free 10689K/11335K, paused 40ms
07-12 23:10:27.753  6706  6766 D dalvikvm: GC_FOR_ALLOC freed 193K, 7% free 10613K/11335K, paused 89ms
07-12 23:10:27.827  5358  5358 D OpenGLRenderer: Flushing caches (mode 2)
07-12 23:10:27.831  5358  5358 D OpenGLRenderer: Flushing caches (mode 0)
07-12 23:10:27.838  5358  5358 W ManagedEGLContext: doTerminate failed: EGL count is 2 but managed count is 1
07-12 23:10:28.452  6706  6766 D dalvikvm: GC_FOR_ALLOC freed 205K, 6% free 10689K/11335K, paused 28ms
07-12 23:10:28.499  6652  6655 D dalvikvm: GC_CONCURRENT freed 507K, 6% free 10238K/10823K, paused 12ms+3ms
07-12 23:10:28.530  5358  5358 D OpenGLRenderer: Flushing caches (mode 2)
07-12 23:10:28.534  5358  5358 D OpenGLRenderer: Flushing caches (mode 0)
07-12 23:10:28.534  5358  5358 W ManagedEGLContext: doTerminate failed: EGL count is 2 but managed count is 1
07-12 23:10:28.620  3358  3360 D dalvikvm: GC_CONCURRENT freed 480K, 7% free 10211K/10951K, paused 2ms+2ms
07-12 23:10:28.682  6706  6766 D dalvikvm: GC_FOR_ALLOC freed 193K, 7% free 10613K/11335K, paused 21ms
07-12 23:10:29.389  6706  6766 D dalvikvm: GC_FOR_ALLOC freed 205K, 6% free 10689K/11335K, paused 29ms
07-12 23:10:29.788  6706  6766 D dalvikvm: GC_FOR_ALLOC freed 193K, 7% free 10613K/11335K, paused 120ms
07-12 23:10:30.424  6706  6766 D dalvikvm: GC_FOR_ALLOC freed 205K, 6% free 10689K/11335K, paused 63ms
07-12 23:10:30.729  6706  6766 D dalvikvm: GC_FOR_ALLOC freed 193K, 7% free 10613K/11335K, paused 62ms
07-12 23:10:31.397  6706  6766 D dalvikvm: GC_FOR_ALLOC freed 205K, 6% free 10689K/11335K, paused 38ms
07-12 23:10:31.749  6706  6766 D dalvikvm: GC_FOR_ALLOC freed 193K, 7% free 10613K/11335K, paused 83ms
07-12 23:10:32.397  6706  6766 D dalvikvm: GC_FOR_ALLOC freed 205K, 6% free 10689K/11335K, paused 21ms
07-12 23:10:32.753  6706  6766 D dalvikvm: GC_FOR_ALLOC freed 193K, 7% free 10613K/11335K, paused 85ms
07-12 23:10:33.393  6706  6766 D dalvikvm: GC_FOR_ALLOC freed 205K, 6% free 10689K/11335K, paused 41ms
07-12 23:10:33.753  6706  6766 D dalvikvm: GC_FOR_ALLOC freed 193K, 7% free 10613K/11335K, paused 86ms
07-12 23:10:34.401  6706  6766 D dalvikvm: GC_FOR_ALLOC freed 205K, 6% free 10689K/11335K, paused 33ms
07-12 23:10:34.729  6706  6766 D dalvikvm: GC_FOR_ALLOC freed 197K, 7% free 10613K/11335K, paused 33ms
07-12 23:10:35.413  6706  6766 D dalvikvm: GC_FOR_ALLOC freed 205K, 6% free 10689K/11335K, paused 47ms
07-12 23:10:35.776  6706  6766 D dalvikvm: GC_FOR_ALLOC freed 193K, 7% free 10613K/11335K, paused 96ms
07-12 23:10:36.413  6706  6766 D dalvikvm: GC_FOR_ALLOC freed 205K, 6% free 10689K/11335K, paused 44ms
07-12 23:10:36.772  6706  6766 D dalvikvm: GC_FOR_ALLOC freed 193K, 7% free 10613K/11335K, paused 91ms
07-12 23:10:37.479  6706  6766 D dalvikvm: GC_FOR_ALLOC freed 205K, 6% free 10689K/11335K, paused 25ms
07-12 23:10:37.749  6706  6766 D dalvikvm: GC_FOR_ALLOC freed 193K, 7% free 10613K/11335K, paused 68ms
07-12 23:10:38.428  6706  6766 D dalvikvm: GC_FOR_ALLOC freed 205K, 6% free 10689K/11335K, paused 60ms
07-12 23:10:38.745  6706  6766 D dalvikvm: GC_FOR_ALLOC freed 193K, 7% free 10613K/11335K, paused 38ms
07-12 23:10:39.405  6706  6766 D dalvikvm: GC_FOR_ALLOC freed 205K, 6% free 10689K/11335K, paused 29ms
07-12 23:10:39.713  6706  6766 D dalvikvm: GC_FOR_ALLOC freed 193K, 7% free 10613K/11335K, paused 21ms
07-12 23:10:40.405  6706  6766 D dalvikvm: GC_FOR_ALLOC freed 205K, 6% free 10689K/11335K, paused 21ms
07-12 23:10:40.760  6706  6766 D dalvikvm: GC_FOR_ALLOC freed 193K, 7% free 10613K/11335K, paused 21ms
07-12 23:10:41.409  6706  6766 D dalvikvm: GC_FOR_ALLOC freed 205K, 6% free 10689K/11335K, paused 21ms
07-12 23:10:41.780  6706  6766 D dalvikvm: GC_FOR_ALLOC freed 193K, 7% free 10613K/11335K, paused 21ms
07-12 23:10:42.413  6706  6766 D dalvikvm: GC_FOR_ALLOC freed 205K, 6% free 10689K/11335K, paused 39ms
07-12 23:10:42.807  6706  6766 D dalvikvm: GC_FOR_ALLOC freed 193K, 7% free 10613K/11335K, paused 77ms
07-12 23:10:43.424  6706  6766 D dalvikvm: GC_FOR_ALLOC freed 208K, 6% free 10689K/11335K, paused 47ms
07-12 23:10:43.827  6706  6766 D dalvikvm: GC_FOR_ALLOC freed 193K, 7% free 10613K/11335K, paused 96ms
07-12 23:10:44.428  6706  6766 D dalvikvm: GC_FOR_ALLOC freed 205K, 6% free 10689K/11335K, paused 55ms
07-12 23:10:44.796  6706  6766 D dalvikvm: GC_FOR_ALLOC freed 193K, 7% free 10613K/11335K, paused 64ms
07-12 23:10:45.565  6706  6766 D dalvikvm: GC_FOR_ALLOC freed 205K, 6% free 10689K/11335K, paused 22ms
07-12 23:10:46.124  6706  6766 D dalvikvm: GC_FOR_ALLOC freed 193K, 7% free 10613K/11335K, paused 389ms
07-12 23:10:46.405  6706  6766 D dalvikvm: GC_FOR_ALLOC freed 205K, 6% free 10689K/11335K, paused 32ms
07-12 23:10:46.753  6706  6766 D dalvikvm: GC_FOR_ALLOC freed 193K, 7% free 10613K/11335K, paused 25ms
07-12 23:10:47.409  6706  6766 D dalvikvm: GC_FOR_ALLOC freed 205K, 6% free 10689K/11335K, paused 55ms
07-12 23:10:47.827  6706  6766 D dalvikvm: GC_FOR_ALLOC freed 193K, 7% free 10613K/11335K, paused 91ms
07-12 23:10:48.389  6706  6766 D dalvikvm: GC_FOR_ALLOC freed 205K, 6% free 10689K/11335K, paused 46ms
07-12 23:10:48.823  6706  6766 D dalvikvm: GC_FOR_ALLOC freed 193K, 7% free 10613K/11335K, paused 88ms
07-12 23:10:49.424  6706  6766 D dalvikvm: GC_FOR_ALLOC freed 205K, 6% free 10689K/11335K, paused 70ms
07-12 23:10:49.803  6706  6766 D dalvikvm: GC_FOR_ALLOC freed 193K, 7% free 10613K/11335K, paused 43ms
07-12 23:10:50.417  6706  6766 D dalvikvm: GC_FOR_ALLOC freed 205K, 6% free 10689K/11335K, paused 65ms
07-12 23:10:50.827  6706  6766 D dalvikvm: GC_FOR_ALLOC freed 193K, 7% free 10613K/11335K, paused 87ms
07-12 23:10:51.385  6706  6766 D dalvikvm: GC_FOR_ALLOC freed 207K, 6% free 10691K/11335K, paused 47ms
07-12 23:10:51.831  6706  6766 D dalvikvm: GC_FOR_ALLOC freed 195K, 7% free 10613K/11335K, paused 89ms
07-12 23:10:52.413  6706  6766 D dalvikvm: GC_FOR_ALLOC freed 205K, 6% free 10689K/11335K, paused 59ms
07-12 23:10:52.815  6706  6766 D dalvikvm: GC_FOR_ALLOC freed 193K, 7% free 10613K/11335K, paused 77ms
07-12 23:10:53.366  6706  6766 D dalvikvm: GC_FOR_ALLOC freed 205K, 6% free 10689K/11335K, paused 27ms
07-12 23:10:53.819  6706  6766 D dalvikvm: GC_FOR_ALLOC freed 193K, 7% free 10613K/11335K, paused 80ms
07-12 23:10:54.362  6706  6766 D dalvikvm: GC_FOR_ALLOC freed 205K, 6% free 10689K/11335K, paused 24ms
07-12 23:10:54.831  6706  6766 D dalvikvm: GC_FOR_ALLOC freed 193K, 7% free 10613K/11335K, paused 90ms
07-12 23:10:55.421  6706  6766 D dalvikvm: GC_FOR_ALLOC freed 205K, 6% free 10689K/11335K, paused 69ms
07-12 23:10:55.815  6706  6766 D dalvikvm: GC_FOR_ALLOC freed 193K, 7% free 10613K/11335K, paused 72ms
07-12 23:10:56.417  6706  6766 D dalvikvm: GC_FOR_ALLOC freed 205K, 6% free 10689K/11335K, paused 44ms
07-12 23:10:56.835  6706  6766 D dalvikvm: GC_FOR_ALLOC freed 193K, 7% free 10613K/11335K, paused 21ms
07-12 23:10:57.362  6706  6766 D dalvikvm: GC_FOR_ALLOC freed 205K, 6% free 10689K/11335K, paused 23ms
07-12 23:10:57.878  6706  6766 D dalvikvm: GC_FOR_ALLOC freed 193K, 7% free 10613K/11335K, paused 68ms
07-12 23:10:58.424  6706  6766 D dalvikvm: GC_FOR_ALLOC freed 205K, 6% free 10689K/11335K, paused 71ms
07-12 23:10:58.874  6706  6766 D dalvikvm: GC_FOR_ALLOC freed 193K, 7% free 10613K/11335K, paused 59ms
07-12 23:10:59.421  6706  6766 D dalvikvm: GC_FOR_ALLOC freed 205K, 6% free 10689K/11335K, paused 69ms
07-12 23:10:59.885  6706  6766 D dalvikvm: GC_FOR_ALLOC freed 197K, 7% free 10613K/11335K, paused 74ms
07-12 23:11:00.413  6706  6766 D dalvikvm: GC_FOR_ALLOC freed 205K, 6% free 10689K/11335K, paused 62ms
07-12 23:11:00.881  6706  6766 D dalvikvm: GC_FOR_ALLOC freed 193K, 7% free 10613K/11335K, paused 69ms
07-12 23:11:01.362  6706  6766 D dalvikvm: GC_FOR_ALLOC freed 205K, 6% free 10689K/11335K, paused 24ms
07-12 23:11:01.881  6706  6766 D dalvikvm: GC_FOR_ALLOC freed 193K, 7% free 10613K/11335K, paused 70ms
07-12 23:11:02.381  6706  6766 D dalvikvm: GC_FOR_ALLOC freed 205K, 6% free 10689K/11335K, paused 26ms
07-12 23:11:02.905  6706  6766 D dalvikvm: GC_FOR_ALLOC freed 193K, 7% free 10613K/11335K, paused 93ms
07-12 23:11:03.456  6706  6766 D dalvikvm: GC_FOR_ALLOC freed 205K, 6% free 10689K/11335K, paused 22ms
07-12 23:11:03.854  6706  6766 D dalvikvm: GC_FOR_ALLOC freed 193K, 7% free 10613K/11335K, paused 45ms
07-12 23:11:04.514  6706  6766 D dalvikvm: GC_FOR_ALLOC freed 205K, 6% free 10689K/11335K, paused 48ms
07-12 23:11:04.878  6706  6766 D dalvikvm: GC_FOR_ALLOC freed 193K, 7% free 10613K/11335K, paused 62ms
07-12 23:11:05.510  6706  6766 D dalvikvm: GC_FOR_ALLOC freed 205K, 6% free 10689K/11335K, paused 57ms
07-12 23:11:05.885  6706  6766 D dalvikvm: GC_FOR_ALLOC freed 193K, 7% free 10613K/11335K, paused 70ms
07-12 23:11:06.503  6706  6766 D dalvikvm: GC_FOR_ALLOC freed 205K, 6% free 10689K/11335K, paused 36ms
07-12 23:11:06.948  6706  6766 D dalvikvm: GC_FOR_ALLOC freed 193K, 7% free 10613K/11335K, paused 134ms
07-12 23:11:07.573  6706  6766 D dalvikvm: GC_FOR_ALLOC freed 205K, 6% free 10689K/11335K, paused 108ms
07-12 23:11:07.881  6706  6766 D dalvikvm: GC_FOR_ALLOC freed 193K, 7% free 10613K/11335K, paused 68ms
07-12 23:11:08.522  6706  6766 D dalvikvm: GC_FOR_ALLOC freed 208K, 6% free 10689K/11335K, paused 53ms
07-12 23:11:08.881  6706  6766 D dalvikvm: GC_FOR_ALLOC freed 193K, 7% free 10613K/11335K, paused 68ms
07-12 23:11:09.526  6706  6766 D dalvikvm: GC_FOR_ALLOC freed 205K, 6% free 10689K/11335K, paused 58ms
07-12 23:11:09.909  6706  6766 D dalvikvm: GC_FOR_ALLOC freed 193K, 7% free 10613K/11335K, paused 78ms
07-12 23:11:10.530  6706  6766 D dalvikvm: GC_FOR_ALLOC freed 205K, 6% free 10689K/11335K, paused 67ms
07-12 23:11:10.889  6706  6766 D dalvikvm: GC_FOR_ALLOC freed 193K, 7% free 10613K/11335K, paused 49ms
07-12 23:11:11.499  6706  6766 D dalvikvm: GC_FOR_ALLOC freed 205K, 6% free 10689K/11335K, paused 32ms
07-12 23:11:11.909  6706  6766 D dalvikvm: GC_FOR_ALLOC freed 193K, 7% free 10613K/11335K, paused 78ms
07-12 23:11:12.401   144   147 D dalvikvm: GC_CONCURRENT freed 2061K, 26% free 17610K/23623K, paused 17ms+8ms
07-12 23:11:12.467  6706  6766 D dalvikvm: GC_FOR_ALLOC freed 205K, 6% free 10689K/11335K, paused 25ms
07-12 23:11:12.897  6706  6766 D dalvikvm: GC_FOR_ALLOC freed 193K, 7% free 10613K/11335K, paused 60ms
07-12 23:11:13.495  6706  6766 D dalvikvm: GC_FOR_ALLOC freed 205K, 6% free 10689K/11335K, paused 40ms
07-12 23:11:13.905  6706  6766 D dalvikvm: GC_FOR_ALLOC freed 193K, 7% free 10613K/11335K, paused 69ms
07-12 23:11:14.526  6706  6766 D dalvikvm: GC_FOR_ALLOC freed 205K, 6% free 10689K/11335K, paused 75ms
07-12 23:11:14.893  6706  6766 D dalvikvm: GC_FOR_ALLOC freed 193K, 7% free 10613K/11335K, paused 58ms
07-12 23:11:15.534  6706  6766 D dalvikvm: GC_FOR_ALLOC freed 205K, 6% free 10689K/11335K, paused 86ms
07-12 23:11:15.897  6706  6766 D dalvikvm: GC_FOR_ALLOC freed 193K, 7% free 10613K/11335K, paused 61ms
07-12 23:11:16.483  6706  6766 D dalvikvm: GC_FOR_ALLOC freed 208K, 6% free 10689K/11335K, paused 40ms
07-12 23:11:16.909  6706  6766 D dalvikvm: GC_FOR_ALLOC freed 193K, 7% free 10613K/11335K, paused 75ms
07-12 23:11:17.514  6706  6766 D dalvikvm: GC_FOR_ALLOC freed 205K, 6% free 10689K/11335K, paused 65ms
07-12 23:11:17.909  6706  6766 D dalvikvm: GC_FOR_ALLOC freed 193K, 7% free 10613K/11335K, paused 71ms
07-12 23:11:18.510  6706  6766 D dalvikvm: GC_FOR_ALLOC freed 205K, 6% free 10689K/11335K, paused 42ms
07-12 23:11:18.956  6706  6766 D dalvikvm: GC_FOR_ALLOC freed 193K, 7% free 10613K/11335K, paused 116ms
07-12 23:11:19.518  6706  6766 D dalvikvm: GC_FOR_ALLOC freed 205K, 6% free 10689K/11335K, paused 69ms
07-12 23:11:19.858  6706  6766 D dalvikvm: GC_FOR_ALLOC freed 193K, 7% free 10613K/11335K, paused 21ms
07-12 23:11:20.483  6706  6766 D dalvikvm: GC_FOR_ALLOC freed 205K, 6% free 10689K/11335K, paused 44ms
07-12 23:11:20.909  6706  6766 D dalvikvm: GC_FOR_ALLOC freed 193K, 7% free 10613K/11335K, paused 66ms
07-12 23:11:21.503  6706  6766 D dalvikvm: GC_FOR_ALLOC freed 205K, 6% free 10689K/11335K, paused 56ms
07-12 23:11:21.905  6706  6766 D dalvikvm: GC_FOR_ALLOC freed 193K, 7% free 10613K/11335K, paused 61ms
07-12 23:11:22.510  6706  6766 D dalvikvm: GC_FOR_ALLOC freed 205K, 6% free 10689K/11335K, paused 58ms
07-12 23:11:22.924  6706  6766 D dalvikvm: GC_FOR_ALLOC freed 193K, 7% free 10613K/11335K, paused 83ms
07-12 23:11:23.514  6706  6766 D dalvikvm: GC_FOR_ALLOC freed 205K, 6% free 10689K/11335K, paused 65ms
07-12 23:11:23.924  6706  6766 D dalvikvm: GC_FOR_ALLOC freed 193K, 7% free 10613K/11335K, paused 83ms
07-12 23:11:24.491  6706  6766 D dalvikvm: GC_FOR_ALLOC freed 205K, 6% free 10689K/11335K, paused 47ms
07-12 23:11:24.932  6706  6766 D dalvikvm: GC_FOR_ALLOC freed 197K, 7% free 10613K/11335K, paused 87ms
07-12 23:11:25.522  6706  6766 D dalvikvm: GC_FOR_ALLOC freed 205K, 6% free 10689K/11335K, paused 71ms
07-12 23:11:25.979  6706  6766 D dalvikvm: GC_FOR_ALLOC freed 193K, 7% free 10613K/11335K, paused 136ms
07-12 23:11:26.495  6706  6766 D dalvikvm: GC_FOR_ALLOC freed 205K, 6% free 10689K/11335K, paused 48ms
07-12 23:11:26.905  6706  6766 D dalvikvm: GC_FOR_ALLOC freed 193K, 7% free 10613K/11335K, paused 61ms
07-12 23:11:27.522  6706  6766 D dalvikvm: GC_FOR_ALLOC freed 205K, 6% free 10689K/11335K, paused 69ms
07-12 23:11:27.932  6706  6766 D dalvikvm: GC_FOR_ALLOC freed 193K, 7% free 10613K/11335K, paused 83ms
07-12 23:11:28.499  6706  6766 D dalvikvm: GC_FOR_ALLOC freed 205K, 6% free 10689K/11335K, paused 23ms
07-12 23:11:28.538  5358  5358 D OpenGLRenderer: Flushing caches (mode 2)
07-12 23:11:28.538  5358  5358 D OpenGLRenderer: Flushing caches (mode 0)
07-12 23:11:28.538  5358  5358 W ManagedEGLContext: doTerminate failed: EGL count is 2 but managed count is 1
07-12 23:11:28.924  6706  6766 D dalvikvm: GC_FOR_ALLOC freed 193K, 7% free 10613K/11335K, paused 73ms
07-12 23:11:29.471  6706  6766 D dalvikvm: GC_FOR_ALLOC freed 205K, 6% free 10689K/11335K, paused 24ms
07-12 23:11:29.913  6706  6766 D dalvikvm: GC_FOR_ALLOC freed 193K, 7% free 10613K/11335K, paused 62ms
07-12 23:11:30.479  6706  6766 D dalvikvm: GC_FOR_ALLOC freed 205K, 6% free 10689K/11335K, paused 21ms
07-12 23:11:30.924  6706  6766 D dalvikvm: GC_FOR_ALLOC freed 193K, 7% free 10613K/11335K, paused 77ms
07-12 23:11:32.655  6706  6766 D dalvikvm: GC_FOR_ALLOC freed 205K, 6% free 10689K/11335K, paused 44ms
07-12 23:11:32.710  6706  6766 D dalvikvm: GC_FOR_ALLOC freed 193K, 7% free 10624K/11335K, paused 25ms
07-12 23:11:33.674  6706  6766 D dalvikvm: GC_FOR_ALLOC freed 197K, 7% free 10624K/11335K, paused 90ms
07-12 23:11:33.725  6706  6766 D dalvikvm: GC_FOR_ALLOC freed 196K, 7% free 10624K/11335K, paused 21ms
07-12 23:11:34.604  6706  6766 D dalvikvm: GC_FOR_ALLOC freed 200K, 7% free 10624K/11335K, paused 21ms
07-12 23:11:34.745  6706  6766 D dalvikvm: GC_FOR_ALLOC freed 197K, 7% free 10624K/11335K, paused 39ms
07-12 23:11:35.635  6706  6766 D dalvikvm: GC_FOR_ALLOC freed 197K, 7% free 10624K/11335K, paused 21ms
07-12 23:11:35.729  6706  6766 D dalvikvm: GC_FOR_ALLOC freed 197K, 7% free 10624K/11335K, paused 25ms
07-12 23:11:36.706  6706  6766 D dalvikvm: GC_FOR_ALLOC freed 197K, 7% free 10624K/11335K, paused 87ms
07-12 23:11:36.764  6706  6766 D dalvikvm: GC_FOR_ALLOC freed 196K, 7% free 10624K/11335K, paused 25ms
07-12 23:11:37.702  6706  6766 D dalvikvm: GC_FOR_ALLOC freed 197K, 7% free 10624K/11335K, paused 81ms
07-12 23:11:37.764  6706  6766 D dalvikvm: GC_FOR_ALLOC freed 197K, 7% free 10624K/11335K, paused 21ms
07-12 23:11:38.698  6706  6766 D dalvikvm: GC_FOR_ALLOC freed 197K, 7% free 10624K/11335K, paused 80ms
07-12 23:11:38.764  6706  6766 D dalvikvm: GC_FOR_ALLOC freed 197K, 7% free 10624K/11335K, paused 21ms
07-12 23:11:39.694  6706  6766 D dalvikvm: GC_FOR_ALLOC freed 197K, 7% free 10624K/11335K, paused 72ms
07-12 23:11:39.764  6706  6766 D dalvikvm: GC_FOR_ALLOC freed 197K, 7% free 10624K/11335K, paused 22ms
07-12 23:11:40.753  6706  6766 D dalvikvm: GC_FOR_ALLOC freed 197K, 7% free 10624K/11335K, paused 130ms
07-12 23:11:40.807  6706  6766 D dalvikvm: GC_FOR_ALLOC freed 196K, 7% free 10624K/11335K, paused 21ms
07-12 23:11:41.741  6706  6766 D dalvikvm: GC_FOR_ALLOC freed 197K, 7% free 10624K/11335K, paused 117ms
07-12 23:11:41.811  6706  6766 D dalvikvm: GC_FOR_ALLOC freed 196K, 7% free 10624K/11335K, paused 22ms
07-12 23:11:42.663  6706  6766 D dalvikvm: GC_FOR_ALLOC freed 197K, 7% free 10624K/11335K, paused 44ms
07-12 23:11:42.870  6706  6766 D dalvikvm: GC_FOR_ALLOC freed 200K, 7% free 10624K/11335K, paused 73ms
07-12 23:11:43.772  6706  6766 D dalvikvm: GC_FOR_ALLOC freed 197K, 7% free 10624K/11335K, paused 59ms
07-12 23:11:43.827  6706  6766 D dalvikvm: GC_FOR_ALLOC freed 196K, 7% free 10624K/11335K, paused 21ms
07-12 23:11:44.768  6706  6766 D dalvikvm: GC_FOR_ALLOC freed 197K, 7% free 10624K/11335K, paused 23ms
07-12 23:11:44.827  6706  6766 D dalvikvm: GC_FOR_ALLOC freed 197K, 7% free 10624K/11335K, paused 21ms
07-12 23:11:45.831  6706  6766 D dalvikvm: GC_FOR_ALLOC freed 197K, 7% free 10624K/11335K, paused 76ms
07-12 23:11:45.885  6706  6766 D dalvikvm: GC_FOR_ALLOC freed 196K, 7% free 10624K/11335K, paused 21ms
07-12 23:11:46.936  6706  6766 D dalvikvm: GC_FOR_ALLOC freed 197K, 7% free 10624K/11335K, paused 183ms
07-12 23:11:46.999  6706  6766 D dalvikvm: GC_FOR_ALLOC freed 196K, 7% free 10624K/11335K, paused 21ms
07-12 23:11:47.831  6706  6766 D dalvikvm: GC_FOR_ALLOC freed 197K, 7% free 10624K/11335K, paused 48ms
07-12 23:11:48.046  6706  6766 D dalvikvm: GC_FOR_ALLOC freed 197K, 7% free 10624K/11335K, paused 64ms
07-12 23:11:48.827  6706  6766 D dalvikvm: GC_FOR_ALLOC freed 197K, 7% free 10624K/11335K, paused 69ms
07-12 23:11:49.053  6706  6766 D dalvikvm: GC_FOR_ALLOC freed 197K, 7% free 10624K/11335K, paused 67ms
07-12 23:11:49.827  6706  6766 D dalvikvm: GC_FOR_ALLOC freed 197K, 7% free 10624K/11335K, paused 71ms
07-12 23:11:50.128  6706  6766 D dalvikvm: GC_FOR_ALLOC freed 197K, 7% free 10624K/11335K, paused 143ms
07-12 23:11:50.671   144   198 D DhcpInfoInternal: makeLinkProperties with empty dns2!
07-12 23:11:50.674   144   198 D DhcpInfoInternal: makeLinkProperties with empty dns2!
07-12 23:11:50.835  6706  6766 D dalvikvm: GC_FOR_ALLOC freed 197K, 7% free 10624K/11335K, paused 80ms
07-12 23:11:51.057  6706  6766 D dalvikvm: GC_FOR_ALLOC freed 197K, 7% free 10624K/11335K, paused 74ms
07-12 23:11:51.928  6706  6766 D dalvikvm: GC_FOR_ALLOC freed 200K, 7% free 10624K/11335K, paused 172ms
07-12 23:11:52.006  6706  6766 D dalvikvm: GC_FOR_ALLOC freed 197K, 7% free 10624K/11335K, paused 24ms
07-12 23:11:52.831  6706  6766 D dalvikvm: GC_FOR_ALLOC freed 197K, 7% free 10624K/11335K, paused 75ms
07-12 23:11:53.034  6706  6766 D dalvikvm: GC_FOR_ALLOC freed 197K, 7% free 10624K/11335K, paused 21ms
07-12 23:11:53.842  6706  6766 D dalvikvm: GC_FOR_ALLOC freed 197K, 7% free 10624K/11335K, paused 85ms
07-12 23:11:54.069  6706  6766 D dalvikvm: GC_FOR_ALLOC freed 197K, 7% free 10624K/11335K, paused 82ms
07-12 23:11:54.881  6706  6766 D dalvikvm: GC_FOR_ALLOC freed 197K, 7% free 10624K/11335K, paused 124ms
07-12 23:11:55.053  6706  6766 D dalvikvm: GC_FOR_ALLOC freed 197K, 7% free 10624K/11335K, paused 69ms
07-12 23:11:55.811  6706  6766 D dalvikvm: GC_FOR_ALLOC freed 197K, 7% free 10624K/11335K, paused 21ms
07-12 23:11:56.073  6706  6766 D dalvikvm: GC_FOR_ALLOC freed 197K, 7% free 10624K/11335K, paused 87ms
07-12 23:11:56.831  6706  6766 D dalvikvm: GC_FOR_ALLOC freed 197K, 7% free 10624K/11335K, paused 58ms
07-12 23:11:57.069  6706  6766 D dalvikvm: GC_FOR_ALLOC freed 197K, 7% free 10624K/11335K, paused 35ms
07-12 23:11:57.831  6706  6766 D dalvikvm: GC_FOR_ALLOC freed 197K, 7% free 10624K/11335K, paused 62ms
07-12 23:11:58.057  6706  6766 D dalvikvm: GC_FOR_ALLOC freed 197K, 7% free 10624K/11335K, paused 61ms
07-12 23:11:58.854  6706  6766 D dalvikvm: GC_FOR_ALLOC freed 197K, 7% free 10624K/11335K, paused 80ms
07-12 23:11:59.073  6706  6766 D dalvikvm: GC_FOR_ALLOC freed 197K, 7% free 10624K/11335K, paused 79ms
07-12 23:11:59.858  6706  6766 D dalvikvm: GC_FOR_ALLOC freed 197K, 7% free 10624K/11335K, paused 62ms
07-12 23:12:00.104  6706  6766 D dalvikvm: GC_FOR_ALLOC freed 200K, 7% free 10624K/11335K, paused 32ms
07-12 23:12:00.862  6706  6766 D dalvikvm: GC_FOR_ALLOC freed 197K, 7% free 10624K/11335K, paused 84ms
07-12 23:12:01.112  6706  6766 D dalvikvm: GC_FOR_ALLOC freed 290K, 7% free 10590K/11335K, paused 22ms
07-12 23:12:02.272  6706  6766 D dalvikvm: GC_FOR_ALLOC freed 351K, 7% free 10560K/11335K, paused 44ms
07-12 23:12:02.842  6706  6766 D dalvikvm: GC_FOR_ALLOC freed 169K, 6% free 10689K/11335K, paused 34ms
07-12 23:12:03.370  6706  6766 D dalvikvm: GC_FOR_ALLOC freed 309K, 7% free 10631K/11335K, paused 65ms
07-12 23:12:04.573  6706  6766 D dalvikvm: GC_FOR_ALLOC freed 357K, 7% free 10560K/11335K, paused 41ms
07-12 23:12:04.913  6706  6766 D dalvikvm: GC_FOR_ALLOC freed 314K, 7% free 10573K/11335K, paused 24ms
07-12 23:12:05.948  6706  6766 D dalvikvm: GC_FOR_ALLOC freed 292K, 7% free 10612K/11335K, paused 21ms
07-12 23:12:06.874  6706  6766 D dalvikvm: GC_FOR_ALLOC freed 211K, 7% free 10623K/11335K, paused 21ms
07-12 23:12:07.112  6706  6766 D dalvikvm: GC_FOR_ALLOC freed 202K, 7% free 10623K/11335K, paused 45ms
07-12 23:12:07.893  6706  6766 D dalvikvm: GC_FOR_ALLOC freed 201K, 7% free 10616K/11335K, paused 24ms
07-12 23:12:08.221  6706  6766 D dalvikvm: GC_FOR_ALLOC freed 210K, 6% free 10686K/11335K, paused 21ms
07-12 23:12:09.253  6706  6766 D dalvikvm: GC_FOR_ALLOC freed 202K, 7% free 10624K/11335K, paused 25ms
07-12 23:12:09.311  6706  6766 D dalvikvm: GC_FOR_ALLOC freed 200K, 6% free 10665K/11335K, paused 23ms
07-12 23:12:10.299  6706  6766 D dalvikvm: GC_FOR_ALLOC freed 206K, 6% free 10686K/11335K, paused 44ms
07-12 23:12:10.549  6706  6766 D dalvikvm: GC_FOR_ALLOC freed 189K, 7% free 10613K/11335K, paused 24ms
07-12 23:12:10.987  6547  6560 I PhoneLab-: Service Running
07-12 23:12:11.116  6547  6560 I PhoneLab-LoggerService: app_37    1373  1     1440   1000  c00f181c 400107b4 S logcat
07-12 23:12:11.116  6547  6560 I PhoneLab-LoggerService: Logcat pid from database 1373
07-12 23:12:11.116  6547  6560 I PhoneLab-LoggerService: Logcat process found 1373
07-12 23:12:11.116  6547  6560 I PhoneLab-LoggerService: Checking Threshold
07-12 23:12:11.120  6547  6560 I PhoneLab-LoggerService: Starting to rename files
07-12 23:12:11.120  6547  6560 I PhoneLab-LoggerService: Files found .. 2
07-12 23:12:11.303  6706  6766 D dalvikvm: GC_FOR_ALLOC freed 211K, 7% free 10623K/11335K, paused 75ms
07-12 23:12:11.686  6706  6766 D dalvikvm: GC_FOR_ALLOC freed 192K, 7% free 10613K/11335K, paused 21ms
07-12 23:12:12.280  6706  6766 D dalvikvm: GC_FOR_ALLOC freed 214K, 6% free 10686K/11335K, paused 46ms
07-12 23:12:13.323  6706  6766 D dalvikvm: GC_FOR_ALLOC freed 435K, 7% free 10560K/11335K, paused 22ms
07-12 23:12:13.936  6706  6766 D dalvikvm: GC_FOR_ALLOC freed 231K, 6% free 10669K/11335K, paused 22ms
07-12 23:12:15.171  6706  6766 D dalvikvm: GC_FOR_ALLOC freed 525K, 7% free 10562K/11335K, paused 22ms
07-12 23:12:15.674  6706  6766 D dalvikvm: GC_FOR_ALLOC freed 181K, 6% free 10686K/11335K, paused 22ms
07-12 23:12:16.210  6706  6766 D dalvikvm: GC_FOR_ALLOC freed 224K, 7% free 10614K/11335K, paused 56ms
07-12 23:12:16.694  6706  6766 D dalvikvm: GC_FOR_ALLOC freed 179K, 6% free 10686K/11335K, paused 21ms
07-12 23:12:17.213  6706  6766 D dalvikvm: GC_FOR_ALLOC freed 227K, 6% free 10670K/11335K, paused 22ms
07-12 23:12:17.831  6706  6766 D dalvikvm: GC_FOR_ALLOC freed 178K, 6% free 10688K/11335K, paused 23ms
07-12 23:12:18.338  6706  6766 D dalvikvm: GC_FOR_ALLOC freed 229K, 7% free 10654K/11335K, paused 21ms
07-12 23:12:18.948  6706  6766 D dalvikvm: GC_FOR_ALLOC freed 181K, 6% free 10686K/11335K, paused 21ms
07-12 23:12:20.096  6706  6766 D dalvikvm: GC_FOR_ALLOC freed 224K, 7% free 10614K/11335K, paused 22ms
07-12 23:12:22.307  6706  6766 D dalvikvm: GC_FOR_ALLOC freed 314K, 7% free 10626K/11335K, paused 21ms
07-12 23:12:22.764  6706  6709 D dalvikvm: GC_CONCURRENT freed 472K, 7% free 10567K/11335K, paused 3ms+8ms
07-12 23:12:23.737  6706  6766 D dalvikvm: GC_FOR_ALLOC freed 327K, 7% free 10560K/11335K, paused 22ms
07-12 23:12:24.694  6706  6766 D dalvikvm: GC_FOR_ALLOC freed 230K, 6% free 10683K/11335K, paused 36ms
07-12 23:12:25.311  6706  6766 D dalvikvm: GC_FOR_ALLOC freed 290K, 7% free 10593K/11335K, paused 209ms
07-12 23:12:25.753  6706  6766 D dalvikvm: GC_FOR_ALLOC freed 307K, 7% free 10560K/11335K, paused 26ms
07-12 23:12:26.710  6706  6766 D dalvikvm: GC_FOR_ALLOC freed 230K, 6% free 10683K/11335K, paused 55ms
07-12 23:12:27.186  6706  6766 D dalvikvm: GC_FOR_ALLOC freed 290K, 7% free 10593K/11335K, paused 81ms
07-12 23:12:27.760  6706  6766 D dalvikvm: GC_FOR_ALLOC freed 309K, 7% free 10562K/11335K, paused 21ms
07-12 23:12:28.553  6652  6655 D dalvikvm: GC_CONCURRENT freed 503K, 6% free 10244K/10823K, paused 2ms+3ms
07-12 23:12:28.604  5358  5358 D OpenGLRenderer: Flushing caches (mode 2)
07-12 23:12:28.604  5358  5358 D OpenGLRenderer: Flushing caches (mode 0)
07-12 23:12:28.604  5358  5358 W ManagedEGLContext: doTerminate failed: EGL count is 2 but managed count is 1
07-12 23:12:28.628  3358  3360 D dalvikvm: GC_CONCURRENT freed 437K, 8% free 10166K/10951K, paused 2ms+13ms
07-12 23:12:28.702  6706  6766 D dalvikvm: GC_FOR_ALLOC freed 232K, 6% free 10683K/11335K, paused 25ms
07-12 23:12:29.178  6706  6766 D dalvikvm: GC_FOR_ALLOC freed 289K, 7% free 10593K/11335K, paused 75ms
07-12 23:12:29.815  6706  6766 D dalvikvm: GC_FOR_ALLOC freed 307K, 7% free 10560K/11335K, paused 57ms
07-12 23:12:30.702  6706  6766 D dalvikvm: GC_FOR_ALLOC freed 230K, 6% free 10683K/11335K, paused 23ms
07-12 23:12:31.194  6706  6766 D dalvikvm: GC_FOR_ALLOC freed 290K, 7% free 10593K/11335K, paused 88ms
07-12 23:12:31.788  6706  6766 D dalvikvm: GC_FOR_ALLOC freed 307K, 7% free 10560K/11335K, paused 30ms
07-12 23:12:32.706  6706  6766 D dalvikvm: GC_FOR_ALLOC freed 230K, 6% free 10683K/11335K, paused 37ms
07-12 23:12:33.198  6706  6766 D dalvikvm: GC_FOR_ALLOC freed 290K, 7% free 10593K/11335K, paused 90ms
07-12 23:12:34.010  6706  6766 D dalvikvm: GC_FOR_ALLOC freed 312K, 7% free 10560K/11335K, paused 25ms
07-12 23:12:34.725  6706  6766 D dalvikvm: GC_FOR_ALLOC freed 225K, 6% free 10668K/11335K, paused 62ms
07-12 23:12:35.151  6706  6766 D dalvikvm: GC_FOR_ALLOC freed 308K, 7% free 10611K/11335K, paused 46ms
07-12 23:12:36.061  6706  6766 D dalvikvm: GC_FOR_ALLOC freed 332K, 7% free 10626K/11335K, paused 49ms
07-12 23:12:36.721  6706  6766 D dalvikvm: GC_FOR_ALLOC freed 230K, 6% free 10668K/11335K, paused 55ms
07-12 23:12:37.131  6706  6766 D dalvikvm: GC_FOR_ALLOC freed 293K, 7% free 10611K/11335K, paused 24ms
07-12 23:12:38.124  6706  6766 D dalvikvm: GC_FOR_ALLOC freed 294K, 7% free 10638K/11335K, paused 47ms
07-12 23:12:38.717  6706  6766 D dalvikvm: GC_FOR_ALLOC freed 367K, 7% free 10610K/11335K, paused 21ms
07-12 23:12:39.760  6706  6766 D dalvikvm: GC_FOR_ALLOC freed 281K, 7% free 10560K/11335K, paused 21ms
07-12 23:12:40.729  6706  6766 D dalvikvm: GC_FOR_ALLOC freed 205K, 6% free 10686K/11335K, paused 38ms
07-12 23:12:41.772  6706  6766 D dalvikvm: GC_FOR_ALLOC freed 531K, 7% free 10562K/11335K, paused 112ms
07-12 23:12:41.999  6706  6766 D dalvikvm: GC_FOR_ALLOC freed 266K, 7% free 10602K/11335K, paused 21ms
07-12 23:12:42.721  6706  6766 D dalvikvm: GC_FOR_ALLOC freed 142K, 6% free 10686K/11335K, paused 58ms
07-12 23:12:43.131  6706  6766 D dalvikvm: GC_FOR_ALLOC freed 261K, 7% free 10602K/11335K, paused 21ms
07-12 23:12:43.753  6706  6766 D dalvikvm: GC_FOR_ALLOC freed 142K, 6% free 10686K/11335K, paused 24ms
07-12 23:12:43.921  5358  5358 D OpenGLRenderer: Flushing caches (mode 2)
07-12 23:12:43.928  5358  5358 D OpenGLRenderer: Flushing caches (mode 0)
07-12 23:12:43.932  5358  5358 W ManagedEGLContext: doTerminate failed: EGL count is 2 but managed count is 1
07-12 23:12:44.038  5658  5660 D dalvikvm: GC_CONCURRENT freed 394K, 8% free 9910K/10695K, paused 2ms+9ms
07-12 23:12:44.276  6706  6766 D dalvikvm: GC_FOR_ALLOC freed 207K, 7% free 10620K/11335K, paused 37ms
07-12 23:12:44.979  6706  6709 D dalvikvm: GC_CONCURRENT freed 448K, 7% free 10581K/11335K, paused 2ms+3ms
07-12 23:12:45.987  6706  6766 D dalvikvm: GC_FOR_ALLOC freed 244K, 7% free 10622K/11335K, paused 21ms
07-12 23:12:46.717  6706  6709 D dalvikvm: GC_CONCURRENT freed 460K, 7% free 10576K/11335K, paused 2ms+3ms
07-12 23:12:47.827  6706  6766 D dalvikvm: GC_FOR_ALLOC freed 263K, 7% free 10643K/11335K, paused 25ms
07-12 23:12:48.233  6706  6766 D dalvikvm: GC_FOR_ALLOC freed 198K, 7% free 10642K/11335K, paused 21ms
07-12 23:12:49.026  6706  6709 D dalvikvm: GC_CONCURRENT freed 493K, 7% free 10576K/11335K, paused 7ms+2ms
07-12 23:12:49.995  6706  6709 D dalvikvm: GC_CONCURRENT freed 352K, 7% free 10637K/11335K, paused 5ms+5ms
07-12 23:12:51.042  6706  6709 D dalvikvm: GC_CONCURRENT freed 462K, 7% free 10587K/11335K, paused 2ms+2ms
07-12 23:12:51.514  6706  6766 D dalvikvm: GC_FOR_ALLOC freed 207K, 6% free 10686K/11335K, paused 21ms
07-12 23:12:52.131  6706  6766 D dalvikvm: GC_FOR_ALLOC freed 198K, 7% free 10623K/11335K, paused 22ms
07-12 23:12:53.893  6706  6766 D dalvikvm: GC_FOR_ALLOC freed 203K, 6% free 10677K/11335K, paused 25ms
07-12 23:12:54.987  6706  6766 D dalvikvm: GC_FOR_ALLOC freed 475K, 7% free 10561K/11335K, paused 119ms
07-12 23:12:55.057  6706  6766 D dalvikvm: GC_FOR_ALLOC freed 184K, 6% free 10691K/11335K, paused 23ms
07-12 23:12:55.940  6706  6766 D dalvikvm: GC_FOR_ALLOC freed 219K, 7% free 10618K/11335K, paused 70ms
07-12 23:12:56.088  6706  6766 D dalvikvm: GC_FOR_ALLOC freed 181K, 6% free 10689K/11335K, paused 48ms
07-12 23:12:56.878   144   147 D dalvikvm: GC_CONCURRENT freed 1941K, 26% free 17670K/23623K, paused 3ms+8ms
07-12 23:12:56.948  6706  6766 D dalvikvm: GC_FOR_ALLOC freed 220K, 6% free 10677K/11335K, paused 21ms
07-12 23:12:57.116  6706  6766 D dalvikvm: GC_FOR_ALLOC freed 178K, 6% free 10689K/11335K, paused 25ms
07-12 23:12:57.944  6706  6766 D dalvikvm: GC_FOR_ALLOC freed 220K, 6% free 10677K/11335K, paused 46ms
07-12 23:12:58.120  6706  6766 D dalvikvm: GC_FOR_ALLOC freed 178K, 6% free 10689K/11335K, paused 54ms
07-12 23:12:58.432  5358  5358 D OpenGLRenderer: Flushing caches (mode 2)
07-12 23:12:58.432  5358  5358 D OpenGLRenderer: Flushing caches (mode 0)
07-12 23:12:58.432  5358  5358 W ManagedEGLContext: doTerminate failed: EGL count is 2 but managed count is 1
07-12 23:12:58.499  5358  5358 D OpenGLRenderer: Flushing caches (mode 2)
07-12 23:12:58.499  5358  5358 D OpenGLRenderer: Flushing caches (mode 0)
07-12 23:12:58.499  5358  5358 W ManagedEGLContext: doTerminate failed: EGL count is 2 but managed count is 1
07-12 23:12:58.936  6706  6766 D dalvikvm: GC_FOR_ALLOC freed 225K, 6% free 10677K/11335K, paused 40ms
07-12 23:12:59.128  6706  6766 D dalvikvm: GC_FOR_ALLOC freed 269K, 7% free 10612K/11335K, paused 27ms
07-12 23:13:00.077  6706  6766 D dalvikvm: GC_FOR_ALLOC freed 319K, 7% free 10589K/11335K, paused 21ms
07-12 23:13:00.784  6106  6855 I DatabaseHelper: Begin cleanup.
07-12 23:13:00.901  6706  6766 D dalvikvm: GC_FOR_ALLOC freed 238K, 6% free 10677K/11335K, paused 28ms
07-12 23:13:01.018  6106  6855 I DatabaseHelper: Cleaned up: 0
07-12 23:13:01.171  6706  6766 D dalvikvm: GC_FOR_ALLOC freed 370K, 7% free 10581K/11335K, paused 25ms
07-12 23:13:02.483  6706  6766 D dalvikvm: GC_FOR_ALLOC freed 285K, 7% free 10617K/11335K, paused 21ms
07-12 23:13:02.944  6706  6766 D dalvikvm: GC_FOR_ALLOC freed 186K, 6% free 10677K/11335K, paused 43ms
07-12 23:13:03.573  6706  6766 D dalvikvm: GC_FOR_ALLOC freed 356K, 7% free 10560K/11335K, paused 21ms
07-12 23:13:04.577  6706  6709 D dalvikvm: GC_CONCURRENT freed 385K, 7% free 10566K/11335K, paused 2ms+3ms
07-12 23:13:05.936  6706  6766 D dalvikvm: GC_FOR_ALLOC freed 330K, 7% free 10623K/11335K, paused 22ms
07-12 23:13:06.296  6706  6709 D dalvikvm: GC_CONCURRENT freed 469K, 7% free 10571K/11335K, paused 2ms+2ms
07-12 23:13:07.378  6706  6766 D dalvikvm: GC_FOR_ALLOC freed 255K, 6% free 10657K/11335K, paused 21ms
07-12 23:13:08.010  6706  6766 D dalvikvm: GC_FOR_ALLOC freed 207K, 6% free 10687K/11335K, paused 21ms
07-12 23:13:08.549  6706  6766 D dalvikvm: GC_FOR_ALLOC freed 200K, 6% free 10656K/11335K, paused 31ms
07-12 23:13:08.608   344   344 D SAN_SERVICE: *******************************************
07-12 23:13:08.608   344   344 D SAN_SERVICE: DM App Phone Service State - 0
07-12 23:13:08.608   344   344 D SAN_SERVICE: *******************************************
07-12 23:13:09.233  6706  6766 D dalvikvm: GC_FOR_ALLOC freed 208K, 7% free 10651K/11335K, paused 23ms
07-12 23:13:09.624  6706  6766 D dalvikvm: GC_FOR_ALLOC freed 294K, 7% free 10652K/11335K, paused 22ms
07-12 23:13:10.671  6706  6766 D dalvikvm: GC_FOR_ALLOC freed 352K, 7% free 10560K/11335K, paused 22ms
07-12 23:13:11.284  6706  6766 D dalvikvm: GC_FOR_ALLOC freed 206K, 7% free 10651K/11335K, paused 21ms
07-12 23:13:11.799  6706  6766 D dalvikvm: GC_FOR_ALLOC freed 202K, 7% free 10623K/11335K, paused 21ms
07-12 23:13:12.628  6706  6709 D dalvikvm: GC_CONCURRENT freed 456K, 7% free 10575K/11335K, paused 22ms+5ms
07-12 23:13:13.542  6706  6766 D dalvikvm: GC_FOR_ALLOC freed 235K, 7% free 10623K/11335K, paused 22ms
07-12 23:13:14.194  6706  6766 D dalvikvm: GC_FOR_ALLOC freed 200K, 7% free 10623K/11335K, paused 23ms
07-12 23:13:14.631  6706  6709 D dalvikvm: GC_CONCURRENT freed 464K, 7% free 10568K/11335K, paused 2ms+3ms
07-12 23:13:15.682  6706  6766 D dalvikvm: GC_FOR_ALLOC freed 222K, 6% free 10681K/11335K, paused 22ms
07-12 23:13:17.018  6706  6766 D dalvikvm: GC_FOR_ALLOC freed 470K, 7% free 10561K/11335K, paused 25ms
07-12 23:13:17.448  6706  6709 D dalvikvm: GC_CONCURRENT freed 229K, 6% free 10725K/11335K, paused 2ms+2ms
07-12 23:13:19.053  6706  6766 D dalvikvm: GC_FOR_ALLOC freed 408K, 8% free 10590K/11399K, paused 40ms
07-12 23:13:19.510  6706  6709 D dalvikvm: GC_CONCURRENT freed 347K, 7% free 10646K/11399K, paused 2ms+2ms
07-12 23:13:20.452  6706  6766 D dalvikvm: GC_FOR_ALLOC freed 378K, 7% free 10603K/11399K, paused 22ms
07-12 23:13:21.569  6706  6766 D dalvikvm: GC_FOR_ALLOC freed 437K, 8% free 10560K/11399K, paused 65ms
07-12 23:13:22.565  6706  6709 D dalvikvm: GC_CONCURRENT freed 371K, 7% free 10617K/11399K, paused 2ms+2ms
07-12 23:13:23.577  6706  6766 D dalvikvm: GC_FOR_ALLOC freed 423K, 8% free 10560K/11399K, paused 25ms
07-12 23:13:23.831   344   344 D SAN_SERVICE: *******************************************
07-12 23:13:23.831   344   344 D SAN_SERVICE: DM App Phone Service State - 0
07-12 23:13:23.831   344   344 D SAN_SERVICE: *******************************************
07-12 23:13:24.538  6706  6709 D dalvikvm: GC_CONCURRENT freed 355K, 8% free 10591K/11399K, paused 21ms+3ms
07-12 23:13:24.620   344   344 D SAN_SERVICE: *******************************************
07-12 23:13:24.620   344   344 D SAN_SERVICE: DM App Phone Service State - 0
07-12 23:13:24.620   344   344 D SAN_SERVICE: *******************************************
07-12 23:13:25.530  6706  6709 D dalvikvm: GC_CONCURRENT freed 399K, 7% free 10616K/11399K, paused 2ms+3ms
07-12 23:13:26.624  6706  6766 D dalvikvm: GC_FOR_ALLOC freed 352K, 7% free 10645K/11399K, paused 53ms
07-12 23:13:27.561  6706  6766 D dalvikvm: GC_FOR_ALLOC freed 393K, 8% free 10560K/11399K, paused 22ms
07-12 23:13:28.221  6706  6709 D dalvikvm: GC_CONCURRENT freed 386K, 8% free 10564K/11399K, paused 3ms+3ms
07-12 23:13:28.639  5358  5358 D OpenGLRenderer: Flushing caches (mode 2)
07-12 23:13:28.651  5358  5358 D OpenGLRenderer: Flushing caches (mode 0)
07-12 23:13:28.655  5358  5358 W ManagedEGLContext: doTerminate failed: EGL count is 2 but managed count is 1
07-12 23:13:28.737  3358  3360 D dalvikvm: GC_CONCURRENT freed 475K, 7% free 10203K/10951K, paused 1ms+3ms
07-12 23:13:29.233  6706  6709 D dalvikvm: GC_CONCURRENT freed 379K, 7% free 10671K/11399K, paused 53ms+2ms
07-12 23:13:29.924  6706  6709 D dalvikvm: GC_CONCURRENT freed 516K, 8% free 10580K/11399K, paused 2ms+3ms
07-12 23:13:30.956  6706  6709 D dalvikvm: GC_CONCURRENT freed 313K, 7% free 10667K/11399K, paused 2ms+3ms
07-12 23:13:32.253  6706  6766 D dalvikvm: GC_FOR_ALLOC freed 406K, 8% free 10560K/11399K, paused 22ms
07-12 23:13:32.811  6706  6709 D dalvikvm: GC_CONCURRENT freed 262K, 6% free 10743K/11399K, paused 21ms+3ms
07-12 23:13:33.713  6706  6766 D dalvikvm: GC_FOR_ALLOC freed 471K, 8% free 10599K/11399K, paused 22ms
07-12 23:13:34.374  6706  6709 D dalvikvm: GC_CONCURRENT freed 430K, 8% free 10574K/11399K, paused 3ms+2ms
07-12 23:13:35.518  6706  6709 D dalvikvm: GC_CONCURRENT freed 410K, 8% free 10562K/11399K, paused 2ms+3ms
07-12 23:13:36.124  6706  6709 D dalvikvm: GC_CONCURRENT freed 393K, 8% free 10571K/11399K, paused 2ms+2ms
07-12 23:13:37.186  6706  6709 D dalvikvm: GC_CONCURRENT freed 395K, 8% free 10568K/11399K, paused 2ms+2ms
07-12 23:13:37.776  6706  6709 D dalvikvm: GC_CONCURRENT freed 392K, 8% free 10565K/11399K, paused 3ms+2ms
07-12 23:13:39.131  6706  6709 D dalvikvm: GC_CONCURRENT freed 338K, 7% free 10619K/11399K, paused 3ms+3ms
07-12 23:13:39.436  6706  6709 D dalvikvm: GC_CONCURRENT freed 393K, 7% free 10651K/11399K, paused 3ms+3ms
07-12 23:13:40.585  6706  6766 D dalvikvm: GC_FOR_ALLOC freed 368K, 7% free 10623K/11399K, paused 22ms
07-12 23:13:41.608  6706  6709 D dalvikvm: GC_CONCURRENT freed 471K, 8% free 10564K/11399K, paused 33ms+3ms
07-12 23:13:42.307  6706  6709 D dalvikvm: GC_CONCURRENT freed 388K, 8% free 10571K/11399K, paused 2ms+3ms
07-12 23:13:43.370  6706  6709 D dalvikvm: GC_CONCURRENT freed 311K, 7% free 10682K/11399K, paused 2ms+3ms
07-12 23:13:44.463  6706  6766 D dalvikvm: GC_FOR_ALLOC freed 419K, 8% free 10560K/11399K, paused 22ms
07-12 23:13:45.546  6706  6709 D dalvikvm: GC_CONCURRENT freed 385K, 8% free 10564K/11399K, paused 2ms+3ms
07-12 23:13:45.749  5358  5358 D OpenGLRenderer: Flushing caches (mode 2)
07-12 23:13:45.753  5358  5358 D OpenGLRenderer: Flushing caches (mode 0)
07-12 23:13:45.753  5358  5358 W ManagedEGLContext: doTerminate failed: EGL count is 2 but managed count is 1
07-12 23:13:46.581  6706  6709 D dalvikvm: GC_CONCURRENT freed 370K, 7% free 10642K/11399K, paused 31ms+2ms
07-12 23:13:47.565  6706  6709 D dalvikvm: GC_CONCURRENT freed 465K, 7% free 10615K/11399K, paused 21ms+2ms
07-12 23:13:48.506  6706  6766 D dalvikvm: GC_FOR_ALLOC freed 421K, 8% free 10587K/11399K, paused 51ms
07-12 23:13:49.503  6706  6709 D dalvikvm: GC_CONCURRENT freed 419K, 8% free 10595K/11399K, paused 31ms+2ms
07-12 23:13:50.323  6706  6709 D dalvikvm: GC_CONCURRENT freed 403K, 7% free 10646K/11399K, paused 2ms+2ms
07-12 23:13:52.604  6706  6709 D dalvikvm: GC_CONCURRENT freed 492K, 7% free 10646K/11399K, paused 21ms+2ms
07-12 23:13:53.354  6706  6709 D dalvikvm: GC_CONCURRENT freed 491K, 8% free 10596K/11399K, paused 5ms+6ms
07-12 23:13:54.338  6706  6709 D dalvikvm: GC_CONCURRENT freed 434K, 8% free 10596K/11399K, paused 4ms+5ms
07-12 23:13:55.327  6706  6709 D dalvikvm: GC_CONCURRENT freed 434K, 8% free 10596K/11399K, paused 2ms+5ms
07-12 23:13:56.299  6706  6709 D dalvikvm: GC_CONCURRENT freed 429K, 8% free 10584K/11399K, paused 2ms+4ms
07-12 23:13:57.342  6706  6709 D dalvikvm: GC_CONCURRENT freed 381K, 7% free 10604K/11399K, paused 5ms+4ms
07-12 23:13:58.338  6706  6709 D dalvikvm: GC_CONCURRENT freed 432K, 8% free 10590K/11399K, paused 4ms+11ms
07-12 23:13:59.327  6706  6709 D dalvikvm: GC_CONCURRENT freed 352K, 7% free 10638K/11399K, paused 2ms+5ms
07-12 23:14:00.350  6706  6766 D dalvikvm: GC_FOR_ALLOC freed 420K, 8% free 10598K/11399K, paused 83ms
07-12 23:14:01.483  6706  6766 D dalvikvm: GC_FOR_ALLOC freed 428K, 8% free 10560K/11399K, paused 21ms
07-12 23:14:02.260  6706  6709 D dalvikvm: GC_CONCURRENT freed 361K, 8% free 10591K/11399K, paused 21ms+2ms
07-12 23:14:03.003  6706  6766 D dalvikvm: GC_FOR_ALLOC freed 253K, 7% free 10669K/11399K, paused 21ms
07-12 23:14:04.100  6706  6766 D dalvikvm: GC_FOR_ALLOC freed 425K, 8% free 10581K/11399K, paused 26ms
07-12 23:14:04.870  6706  6709 D dalvikvm: GC_CONCURRENT freed 252K, 6% free 10750K/11399K, paused 2ms+2ms
07-12 23:14:05.553  6706  6766 D dalvikvm: GC_FOR_ALLOC freed 200K, 7% free 10688K/11399K, paused 22ms
07-12 23:14:05.901  6706  6766 D dalvikvm: GC_FOR_ALLOC freed 204K, 7% free 10686K/11399K, paused 44ms
07-12 23:14:06.604  6706  6766 D dalvikvm: GC_FOR_ALLOC freed 199K, 7% free 10688K/11399K, paused 65ms
07-12 23:14:07.592  6706  6766 D dalvikvm: GC_FOR_ALLOC freed 414K, 8% free 10560K/11399K, paused 38ms
07-12 23:14:08.061  6706  6709 D dalvikvm: GC_CONCURRENT freed 357K, 7% free 10605K/11399K, paused 2ms+2ms
07-12 23:14:09.213  6706  6709 D dalvikvm: GC_CONCURRENT freed 440K, 8% free 10565K/11399K, paused 3ms+3ms
07-12 23:14:10.288  6706  6709 D dalvikvm: GC_CONCURRENT freed 390K, 7% free 10608K/11399K, paused 24ms+3ms
07-12 23:14:10.983  6547  6560 I PhoneLab-: Service Running
07-12 23:14:11.026  6547  6560 I PhoneLab-LoggerService: app_37    1373  1     1440   1000  c00f181c 400107b4 S logcat
07-12 23:14:11.026  6547  6560 I PhoneLab-LoggerService: Logcat pid from database 1373
07-12 23:14:11.026  6547  6560 I PhoneLab-LoggerService: Logcat process found 1373
07-12 23:14:11.026  6547  6560 I PhoneLab-LoggerService: Checking Threshold
07-12 23:14:11.026  6547  6560 I PhoneLab-LoggerService: Starting to rename files
07-12 23:14:11.026  6547  6560 I PhoneLab-LoggerService: Files found .. 2
07-12 23:14:11.042  6547  6549 D dalvikvm: GC_CONCURRENT freed 395K, 6% free 9093K/9607K, paused 10ms+2ms
07-12 23:14:11.549  6706  6709 D dalvikvm: GC_CONCURRENT freed 454K, 8% free 10562K/11399K, paused 3ms+3ms
07-12 23:14:13.190  6706  6709 D dalvikvm: GC_CONCURRENT freed 334K, 7% free 10612K/11399K, paused 20ms+2ms
07-12 23:14:13.417  6706  6709 D dalvikvm: GC_CONCURRENT freed 447K, 8% free 10573K/11399K, paused 3ms+2ms
07-12 23:14:14.436  6706  6709 D dalvikvm: GC_CONCURRENT freed 340K, 7% free 10646K/11399K, paused 4ms+2ms
07-12 23:14:15.370  6706  6766 D dalvikvm: GC_FOR_ALLOC freed 308K, 7% free 10632K/11399K, paused 21ms
07-12 23:14:15.526   144   198 D DhcpInfoInternal: makeLinkProperties with empty dns2!
07-12 23:14:15.530   144   198 D DhcpInfoInternal: makeLinkProperties with empty dns2!
07-12 23:14:16.374  6706  6766 D dalvikvm: GC_FOR_ALLOC freed 415K, 8% free 10560K/11399K, paused 24ms
07-12 23:14:17.342  6706  6709 D dalvikvm: GC_CONCURRENT freed 366K, 7% free 10617K/11399K, paused 21ms+3ms
07-12 23:14:18.342  6706  6766 D dalvikvm: GC_FOR_ALLOC freed 415K, 8% free 10579K/11399K, paused 105ms
07-12 23:14:18.967  6706  6709 D dalvikvm: GC_CONCURRENT freed 366K, 7% free 10612K/11399K, paused 2ms+2ms
07-12 23:14:19.940  6706  6766 D dalvikvm: GC_FOR_ALLOC freed 410K, 8% free 10577K/11399K, paused 25ms
07-12 23:14:21.014  6706  6766 D dalvikvm: GC_FOR_ALLOC freed 394K, 8% free 10560K/11399K, paused 22ms
07-12 23:14:21.667  6706  6709 D dalvikvm: GC_CONCURRENT freed 208K, 6% free 10753K/11399K, paused 2ms+3ms
07-12 23:14:22.667  6706  6766 D dalvikvm: GC_FOR_ALLOC freed 405K, 8% free 10560K/11399K, paused 21ms
07-12 23:14:23.643  6706  6709 D dalvikvm: GC_CONCURRENT freed 337K, 7% free 10631K/11399K, paused 20ms+3ms
07-12 23:14:24.003   144   147 D dalvikvm: GC_CONCURRENT freed 2019K, 26% free 17607K/23623K, paused 3ms+7ms
07-12 23:14:24.799  6706  6766 D dalvikvm: GC_FOR_ALLOC freed 324K, 7% free 10688K/11399K, paused 28ms
07-12 23:14:25.143  6706  6766 D dalvikvm: GC_FOR_ALLOC freed 195K, 7% free 10689K/11399K, paused 22ms
07-12 23:14:25.760  6706  6766 D dalvikvm: GC_FOR_ALLOC freed 207K, 7% free 10688K/11399K, paused 24ms
07-12 23:14:26.046  6706  6766 D dalvikvm: GC_FOR_ALLOC freed 195K, 7% free 10689K/11399K, paused 21ms
07-12 23:14:26.799  6706  6766 D dalvikvm: GC_FOR_ALLOC freed 203K, 7% free 10688K/11399K, paused 32ms
07-12 23:14:27.171  6706  6766 D dalvikvm: GC_FOR_ALLOC freed 195K, 7% free 10689K/11399K, paused 21ms
07-12 23:14:27.432   344   347 D dalvikvm: GC_CONCURRENT freed 937K, 14% free 12216K/14087K, paused 8ms+3ms
07-12 23:14:28.284  6706  6766 D dalvikvm: GC_FOR_ALLOC freed 420K, 8% free 10560K/11399K, paused 22ms
07-12 23:14:28.764  5358  5358 D OpenGLRenderer: Flushing caches (mode 2)
07-12 23:14:28.764  5358  5358 D OpenGLRenderer: Flushing caches (mode 0)
07-12 23:14:28.764  5358  5358 W ManagedEGLContext: doTerminate failed: EGL count is 2 but managed count is 1
07-12 23:14:28.819  6652  6655 D dalvikvm: GC_CONCURRENT freed 550K, 6% free 10251K/10887K, paused 2ms+8ms
07-12 23:14:28.901  3358  3360 D dalvikvm: GC_CONCURRENT freed 398K, 7% free 10201K/10951K, paused 2ms+3ms
07-12 23:14:28.971  6706  6709 D dalvikvm: GC_CONCURRENT freed 384K, 8% free 10589K/11399K, paused 2ms+4ms
07-12 23:14:30.030  6706  6766 D dalvikvm: GC_FOR_ALLOC freed 237K, 7% free 10688K/11399K, paused 22ms
07-12 23:14:30.643  6706  6766 D dalvikvm: GC_FOR_ALLOC freed 195K, 7% free 10689K/11399K, paused 23ms
07-12 23:14:31.178  6706  6766 D dalvikvm: GC_FOR_ALLOC freed 203K, 7% free 10688K/11399K, paused 21ms
07-12 23:14:31.870  6706  6766 D dalvikvm: GC_FOR_ALLOC freed 195K, 7% free 10689K/11399K, paused 23ms
07-12 23:14:32.483  6706  6766 D dalvikvm: GC_FOR_ALLOC freed 200K, 7% free 10623K/11399K, paused 22ms
07-12 23:14:32.807  6706  6766 D dalvikvm: GC_FOR_ALLOC freed 198K, 7% free 10689K/11399K, paused 21ms
07-12 23:14:33.522  6706  6766 D dalvikvm: GC_FOR_ALLOC freed 200K, 7% free 10623K/11399K, paused 56ms
07-12 23:14:33.924  6706  6709 D dalvikvm: GC_CONCURRENT freed 457K, 8% free 10575K/11399K, paused 2ms+2ms
07-12 23:14:35.038  6706  6766 D dalvikvm: GC_FOR_ALLOC freed 240K, 7% free 10623K/11399K, paused 21ms
07-12 23:14:36.171  6706  6766 D dalvikvm: GC_FOR_ALLOC freed 453K, 8% free 10561K/11399K, paused 22ms
07-12 23:14:36.819  6706  6709 D dalvikvm: GC_CONCURRENT freed 203K, 6% free 10751K/11399K, paused 2ms+3ms
07-12 23:14:38.585  6706  6766 D dalvikvm: GC_FOR_ALLOC freed 436K, 8% free 10575K/11399K, paused 46ms
07-12 23:14:39.229  6547  6547 I PhoneLab-Locks: wake lock acquired
07-12 23:14:39.268  6547  6879 I PhoneLab-PeriodicCheckService: User info is synched
07-12 23:14:39.292  6547  6879 I PhoneLab-PeriodicCheckService: Logger Service is running
07-12 23:14:39.299  6547  6547 I PhoneLab-Locks: wake lock acquired
07-12 23:14:39.303  6547  6547 I PhoneLab-StatusMonitor: Status Monitoring is started
07-12 23:14:39.307  6547  6879 I PhoneLab-Locks: wake lock acquired
07-12 23:14:39.315  6547  6879 I PhoneLab-PeriodicCheckService: Rescheduling periodic checking...
07-12 23:14:39.315  6547  6879 I PhoneLab-Locks: wake lock released
07-12 23:14:39.331  6547  6547 E PhoneLab-PhoneLabManifest: java.io.FileNotFoundException: /data/data/edu.buffalo.cse.phonelab.phonelabservices/files/manifest.xml: open failed: ENOENT (No such file or directory)
07-12 23:14:39.374  6547  6547 I PhoneLab-Locks: wake lock released
07-12 23:14:39.378  6547  6547 I PhoneLab-UploadLogs: Transfering log files now
07-12 23:14:39.448  6706  6709 D dalvikvm: GC_CONCURRENT freed 321K, 7% free 10649K/11399K, paused 4ms+2ms
07-12 23:14:39.612  6547  6549 D dalvikvm: GC_CONCURRENT freed 428K, 6% free 9211K/9735K, paused 2ms+3ms
07-12 23:14:39.702  6547  6547 D dalvikvm: GC_FOR_ALLOC freed 11K, 6% free 9199K/9735K, paused 39ms
07-12 23:14:39.702  6547  6547 I dalvikvm-heap: Grow heap (frag case) to 9.170MB for 123476-byte allocation
07-12 23:14:39.753  6547  6547 D dalvikvm: GC_FOR_ALLOC freed 56K, 7% free 9263K/9863K, paused 15ms
07-12 23:14:39.753  6547  6547 I dalvikvm-heap: Grow heap (frag case) to 9.358MB for 254548-byte allocation
07-12 23:14:39.772  6547  6547 D dalvikvm: GC_FOR_ALLOC freed 120K, 8% free 9391K/10119K, paused 15ms
07-12 23:14:39.772  6547  6547 I dalvikvm-heap: Grow heap (frag case) to 9.733MB for 516692-byte allocation
07-12 23:14:39.803  6547  6549 D dalvikvm: GC_CONCURRENT freed 248K, 10% free 9647K/10631K, paused 2ms+2ms
07-12 23:14:39.807  6547  6547 I PhoneLab-UploadLogs: OnStartCommand
07-12 23:14:40.249  6547  6881 D dalvikvm: GC_FOR_ALLOC freed 383K, 10% free 9632K/10631K, paused 14ms
07-12 23:14:40.264  6547  6881 D dalvikvm: GC_FOR_ALLOC freed 301K, 10% free 9632K/10631K, paused 13ms
07-12 23:14:40.284  6547  6881 D dalvikvm: GC_FOR_ALLOC freed 301K, 10% free 9638K/10631K, paused 13ms
07-12 23:14:40.417  6706  6766 D dalvikvm: GC_FOR_ALLOC freed 420K, 8% free 10590K/11399K, paused 47ms
07-12 23:14:41.428  6706  6766 D dalvikvm: GC_FOR_ALLOC freed 419K, 8% free 10560K/11399K, paused 60ms
07-12 23:14:42.362  6706  6709 D dalvikvm: GC_CONCURRENT freed 292K, 7% free 10687K/11399K, paused 2ms+3ms
07-12 23:14:43.440  6706  6766 D dalvikvm: GC_FOR_ALLOC freed 415K, 8% free 10560K/11399K, paused 127ms
07-12 23:14:44.018  6706  6709 D dalvikvm: GC_CONCURRENT freed 347K, 7% free 10631K/11399K, paused 2ms+3ms
07-12 23:14:44.178  6547  6547 I PhoneLab-: 1342148251987.log is deleted
07-12 23:14:44.182  6547  6547 I PhoneLab-: Response: {"data": "done", "err": ""}
07-12 23:14:44.182  6547  6547 I PhoneLab-UploadLogs: No log files to transfer
07-12 23:14:44.182  6547  6547 I PhoneLab-Locks: wake lock released
07-12 23:14:45.706  6706  6766 D dalvikvm: GC_FOR_ALLOC freed 278K, 7% free 10624K/11399K, paused 22ms
07-12 23:14:45.756  6706  6766 D dalvikvm: GC_FOR_ALLOC freed 200K, 7% free 10689K/11399K, paused 21ms
07-12 23:14:46.780  6706  6766 D dalvikvm: GC_FOR_ALLOC freed 197K, 7% free 10689K/11399K, paused 65ms
07-12 23:14:46.827  6706  6766 D dalvikvm: GC_FOR_ALLOC freed 196K, 7% free 10689K/11399K, paused 22ms
07-12 23:14:47.756  6706  6766 D dalvikvm: GC_FOR_ALLOC freed 197K, 7% free 10689K/11399K, paused 44ms
07-12 23:14:47.827  6706  6766 D dalvikvm: GC_FOR_ALLOC freed 197K, 7% free 10689K/11399K, paused 23ms
07-12 23:14:48.760  6706  6766 D dalvikvm: GC_FOR_ALLOC freed 197K, 7% free 10689K/11399K, paused 47ms
07-12 23:14:48.827  6706  6766 D dalvikvm: GC_FOR_ALLOC freed 197K, 7% free 10689K/11399K, paused 22ms
07-12 23:14:49.710  6706  6766 D dalvikvm: GC_FOR_ALLOC freed 197K, 7% free 10689K/11399K, paused 23ms
07-12 23:14:49.866  6706  6766 D dalvikvm: GC_FOR_ALLOC freed 197K, 7% free 10689K/11399K, paused 25ms
07-12 23:14:50.776  6706  6766 D dalvikvm: GC_FOR_ALLOC freed 197K, 7% free 10689K/11399K, paused 58ms
07-12 23:14:51.749  6706  6766 D dalvikvm: GC_FOR_ALLOC freed 460K, 8% free 10561K/11399K, paused 61ms
07-12 23:14:52.049  6706  6766 D dalvikvm: GC_FOR_ALLOC freed 210K, 7% free 10686K/11399K, paused 22ms
07-12 23:14:52.784  6706  6766 D dalvikvm: GC_FOR_ALLOC freed 192K, 7% free 10689K/11399K, paused 64ms
07-12 23:14:53.065  6706  6766 D dalvikvm: GC_FOR_ALLOC freed 209K, 7% free 10686K/11399K, paused 21ms
07-12 23:14:53.717  6706  6766 D dalvikvm: GC_FOR_ALLOC freed 192K, 7% free 10689K/11399K, paused 21ms
07-12 23:14:54.756  6706  6766 D dalvikvm: GC_FOR_ALLOC freed 410K, 8% free 10560K/11399K, paused 47ms
07-12 23:14:55.346  6706  6709 D dalvikvm: GC_CONCURRENT freed 214K, 6% free 10733K/11399K, paused 2ms+2ms
07-12 23:14:56.460  6706  6766 D dalvikvm: GC_FOR_ALLOC freed 405K, 8% free 10560K/11399K, paused 21ms
07-12 23:14:57.100  6706  6709 D dalvikvm: GC_CONCURRENT freed 346K, 7% free 10608K/11399K, paused 2ms+2ms
07-12 23:14:58.249  6706  6709 D dalvikvm: GC_CONCURRENT freed 448K, 7% free 10609K/11399K, paused 2ms+2ms
07-12 23:14:59.241  6706  6766 D dalvikvm: GC_FOR_ALLOC freed 320K, 7% free 10656K/11399K, paused 21ms
07-12 23:15:00.452  6706  6766 D dalvikvm: GC_FOR_ALLOC freed 420K, 8% free 10560K/11399K, paused 22ms
07-12 23:15:01.588  6706  6709 D dalvikvm: GC_CONCURRENT freed 382K, 7% free 10623K/11399K, paused 2ms+2ms
07-12 23:15:02.092  6706  6766 D dalvikvm: GC_FOR_ALLOC freed 207K, 7% free 10688K/11399K, paused 25ms
07-12 23:15:03.198  6706  6766 D dalvikvm: GC_FOR_ALLOC freed 402K, 8% free 10560K/11399K, paused 25ms
07-12 23:15:04.155  6706  6709 D dalvikvm: GC_CONCURRENT freed 210K, 6% free 10741K/11399K, paused 2ms+3ms
07-12 23:15:05.171  6706  6766 D dalvikvm: GC_FOR_ALLOC freed 405K, 8% free 10560K/11399K, paused 66ms
07-12 23:15:05.616  6706  6709 D dalvikvm: GC_CONCURRENT freed 349K, 7% free 10610K/11399K, paused 2ms+2ms
07-12 23:15:06.612  6706  6766 D dalvikvm: GC_FOR_ALLOC freed 405K, 8% free 10576K/11399K, paused 21ms
07-12 23:15:07.838  6706  6709 D dalvikvm: GC_CONCURRENT freed 264K, 7% free 10704K/11399K, paused 2ms+2ms
07-12 23:15:08.225  6706  6766 D dalvikvm: GC_FOR_ALLOC freed 211K, 7% free 10687K/11399K, paused 21ms
07-12 23:15:09.354  6706  6766 D dalvikvm: GC_FOR_ALLOC freed 400K, 8% free 10560K/11399K, paused 23ms
07-12 23:15:10.018  6706  6709 D dalvikvm: GC_CONCURRENT freed 348K, 7% free 10610K/11399K, paused 2ms+2ms
07-12 23:15:11.202  6706  6766 D dalvikvm: GC_FOR_ALLOC freed 256K, 7% free 10657K/11399K, paused 21ms
07-12 23:15:11.819  6706  6766 D dalvikvm: GC_FOR_ALLOC freed 214K, 7% free 10686K/11399K, paused 22ms
07-12 23:15:12.432  6706  6766 D dalvikvm: GC_FOR_ALLOC freed 192K, 7% free 10657K/11399K, paused 20ms
07-12 23:15:13.381  6706  6766 D dalvikvm: GC_FOR_ALLOC freed 400K, 8% free 10560K/11399K, paused 43ms
07-12 23:15:13.878  6706  6709 D dalvikvm: GC_CONCURRENT freed 214K, 6% free 10749K/11399K, paused 2ms+3ms
07-12 23:15:14.647  6706  6766 D dalvikvm: GC_FOR_ALLOC freed 202K, 7% free 10686K/11399K, paused 45ms
07-12 23:15:15.612  6706  6766 D dalvikvm: GC_FOR_ALLOC freed 405K, 8% free 10560K/11399K, paused 21ms
07-12 23:15:16.159  6706  6709 D dalvikvm: GC_CONCURRENT freed 205K, 6% free 10749K/11399K, paused 2ms+3ms
07-12 23:15:17.350  6706  6766 D dalvikvm: GC_FOR_ALLOC freed 400K, 8% free 10560K/11399K, paused 21ms
07-12 23:15:18.092  6706  6709 D dalvikvm: GC_CONCURRENT freed 205K, 6% free 10749K/11399K, paused 3ms+2ms
07-12 23:15:19.198  6706  6766 D dalvikvm: GC_FOR_ALLOC freed 405K, 8% free 10560K/11399K, paused 21ms
07-12 23:15:19.643  6706  6709 D dalvikvm: GC_CONCURRENT freed 252K, 7% free 10707K/11399K, paused 2ms+5ms
07-12 23:15:20.616  6706  6766 D dalvikvm: GC_FOR_ALLOC freed 362K, 8% free 10560K/11399K, paused 21ms
07-12 23:15:21.307  6706  6709 D dalvikvm: GC_CONCURRENT freed 205K, 6% free 10749K/11399K, paused 21ms+2ms
07-12 23:15:22.256  6706  6766 D dalvikvm: GC_FOR_ALLOC freed 400K, 8% free 10560K/11399K, paused 22ms
07-12 23:15:22.897  6706  6709 D dalvikvm: GC_CONCURRENT freed 210K, 6% free 10749K/11399K, paused 2ms+2ms
07-12 23:15:24.100  6706  6766 D dalvikvm: GC_FOR_ALLOC freed 415K, 8% free 10560K/11399K, paused 22ms
07-12 23:15:24.846  6706  6709 D dalvikvm: GC_CONCURRENT freed 205K, 6% free 10749K/11399K, paused 22ms+2ms
07-12 23:15:25.811  6706  6766 D dalvikvm: GC_FOR_ALLOC freed 400K, 8% free 10560K/11399K, paused 85ms
07-12 23:15:26.319  6706  6709 D dalvikvm: GC_CONCURRENT freed 380K, 8% free 10579K/11399K, paused 2ms+2ms
07-12 23:15:27.428  6706  6709 D dalvikvm: GC_CONCURRENT freed 233K, 6% free 10749K/11399K, paused 13ms+2ms
07-12 23:15:28.499  6706  6766 D dalvikvm: GC_FOR_ALLOC freed 435K, 8% free 10560K/11399K, paused 22ms
07-12 23:15:28.741  5358  5358 D OpenGLRenderer: Flushing caches (mode 2)
07-12 23:15:28.745  5358  5358 D OpenGLRenderer: Flushing caches (mode 0)
07-12 23:15:28.745  5358  5358 W ManagedEGLContext: doTerminate failed: EGL count is 2 but managed count is 1
07-12 23:15:29.085  6706  6709 D dalvikvm: GC_CONCURRENT freed 377K, 7% free 10603K/11399K, paused 3ms+3ms
07-12 23:15:30.553  6706  6766 D dalvikvm: GC_FOR_ALLOC freed 276K, 7% free 10686K/11399K, paused 21ms
07-12 23:15:30.917  6706  6766 D dalvikvm: GC_FOR_ALLOC freed 202K, 7% free 10686K/11399K, paused 21ms
07-12 23:15:31.948  6706  6766 D dalvikvm: GC_FOR_ALLOC freed 400K, 8% free 10560K/11399K, paused 56ms
07-12 23:15:32.663  6706  6709 D dalvikvm: GC_CONCURRENT freed 205K, 6% free 10749K/11399K, paused 21ms+3ms
07-12 23:15:33.553  6706  6766 D dalvikvm: GC_FOR_ALLOC freed 400K, 8% free 10560K/11399K, paused 24ms
07-12 23:15:34.163  6706  6709 D dalvikvm: GC_CONCURRENT freed 205K, 6% free 10749K/11399K, paused 2ms+3ms
07-12 23:15:35.264  6706  6766 D dalvikvm: GC_FOR_ALLOC freed 400K, 8% free 10560K/11399K, paused 22ms
07-12 23:15:35.811  6706  6709 D dalvikvm: GC_CONCURRENT freed 205K, 6% free 10749K/11399K, paused 2ms+3ms
07-12 23:15:36.909  6706  6766 D dalvikvm: GC_FOR_ALLOC freed 400K, 8% free 10560K/11399K, paused 21ms
07-12 23:15:37.549  6706  6709 D dalvikvm: GC_CONCURRENT freed 204K, 6% free 10749K/11399K, paused 2ms+2ms
07-12 23:15:38.756  6706  6766 D dalvikvm: GC_FOR_ALLOC freed 400K, 8% free 10560K/11399K, paused 21ms
07-12 23:15:39.378  6706  6709 D dalvikvm: GC_CONCURRENT freed 209K, 6% free 10749K/11399K, paused 21ms+2ms
07-12 23:15:40.385  6706  6766 D dalvikvm: GC_FOR_ALLOC freed 400K, 8% free 10560K/11399K, paused 21ms
07-12 23:15:41.026  6706  6709 D dalvikvm: GC_CONCURRENT freed 205K, 6% free 10749K/11399K, paused 2ms+3ms
07-12 23:15:42.014  6706  6766 D dalvikvm: GC_FOR_ALLOC freed 400K, 8% free 10560K/11399K, paused 21ms
07-12 23:15:42.565  6706  6709 D dalvikvm: GC_CONCURRENT freed 205K, 6% free 10749K/11399K, paused 2ms+3ms
07-12 23:15:43.760  6706  6766 D dalvikvm: GC_FOR_ALLOC freed 400K, 8% free 10560K/11399K, paused 21ms
07-12 23:15:44.307  6706  6709 D dalvikvm: GC_CONCURRENT freed 204K, 6% free 10749K/11399K, paused 2ms+2ms
07-12 23:15:45.405  6706  6766 D dalvikvm: GC_FOR_ALLOC freed 400K, 8% free 10560K/11399K, paused 21ms
07-12 23:15:45.948  6706  6709 D dalvikvm: GC_CONCURRENT freed 205K, 6% free 10749K/11399K, paused 3ms+3ms
07-12 23:15:47.042  6706  6766 D dalvikvm: GC_FOR_ALLOC freed 400K, 8% free 10560K/11399K, paused 21ms
07-12 23:15:47.678  6706  6709 D dalvikvm: GC_CONCURRENT freed 204K, 6% free 10749K/11399K, paused 3ms+2ms
07-12 23:15:48.776  6706  6766 D dalvikvm: GC_FOR_ALLOC freed 404K, 8% free 10560K/11399K, paused 22ms
07-12 23:15:49.315  6706  6709 D dalvikvm: GC_CONCURRENT freed 205K, 6% free 10749K/11399K, paused 3ms+3ms
07-12 23:15:50.514  6706  6766 D dalvikvm: GC_FOR_ALLOC freed 400K, 8% free 10560K/11399K, paused 21ms
07-12 23:15:51.155  6706  6709 D dalvikvm: GC_CONCURRENT freed 204K, 6% free 10749K/11399K, paused 2ms+2ms
07-12 23:15:52.284  6706  6766 D dalvikvm: GC_FOR_ALLOC freed 435K, 8% free 10560K/11399K, paused 22ms
07-12 23:15:52.796  6706  6709 D dalvikvm: GC_CONCURRENT freed 375K, 8% free 10570K/11399K, paused 3ms+2ms
07-12 23:15:53.819  6706  6709 D dalvikvm: GC_CONCURRENT freed 274K, 7% free 10715K/11399K, paused 3ms+3ms
07-12 23:15:54.413  6706  6766 D dalvikvm: GC_FOR_ALLOC freed 206K, 7% free 10687K/11399K, paused 22ms
07-12 23:15:55.534  6706  6766 D dalvikvm: GC_FOR_ALLOC freed 400K, 8% free 10560K/11399K, paused 22ms
07-12 23:15:56.073  6706  6709 D dalvikvm: GC_CONCURRENT freed 205K, 6% free 10749K/11399K, paused 2ms+3ms
07-12 23:15:57.174  6706  6766 D dalvikvm: GC_FOR_ALLOC freed 400K, 8% free 10560K/11399K, paused 21ms
07-12 23:15:57.835  6706  6709 D dalvikvm: GC_CONCURRENT freed 208K, 6% free 10749K/11399K, paused 2ms+3ms
07-12 23:15:59.022  6706  6766 D dalvikvm: GC_FOR_ALLOC freed 400K, 8% free 10560K/11399K, paused 21ms
07-12 23:15:59.460  6706  6709 D dalvikvm: GC_CONCURRENT freed 205K, 6% free 10749K/11399K, paused 2ms+2ms
07-12 23:16:00.553  6706  6766 D dalvikvm: GC_FOR_ALLOC freed 400K, 8% free 10560K/11399K, paused 21ms
07-12 23:16:01.088  6706  6709 D dalvikvm: GC_CONCURRENT freed 204K, 6% free 10749K/11399K, paused 2ms+2ms
07-12 23:16:02.198  6706  6766 D dalvikvm: GC_FOR_ALLOC freed 400K, 8% free 10560K/11399K, paused 21ms
07-12 23:16:02.850  6706  6709 D dalvikvm: GC_CONCURRENT freed 379K, 8% free 10580K/11399K, paused 2ms+2ms
07-12 23:16:04.061  6706  6709 D dalvikvm: GC_CONCURRENT freed 235K, 6% free 10749K/11399K, paused 2ms+2ms
07-12 23:16:05.249  6706  6766 D dalvikvm: GC_FOR_ALLOC freed 422K, 8% free 10560K/11399K, paused 23ms
07-12 23:16:05.878   144   147 D dalvikvm: GC_CONCURRENT freed 2041K, 26% free 17613K/23623K, paused 12ms+7ms
07-12 23:16:06.202  6706  6709 D dalvikvm: GC_CONCURRENT freed 389K, 8% free 10563K/11399K, paused 58ms+3ms
07-12 23:16:06.733  6706  6709 D dalvikvm: GC_CONCURRENT freed 220K, 6% free 10742K/11399K, paused 3ms+3ms
07-12 23:16:07.319  6706  6766 D dalvikvm: GC_FOR_ALLOC freed 208K, 7% free 10687K/11399K, paused 22ms
07-12 23:16:08.417  6706  6766 D dalvikvm: GC_FOR_ALLOC freed 426K, 8% free 10584K/11399K, paused 54ms
07-12 23:16:09.573  6706  6766 D dalvikvm: GC_FOR_ALLOC freed 388K, 8% free 10560K/11399K, paused 22ms
07-12 23:16:10.217  6706  6709 D dalvikvm: GC_CONCURRENT freed 204K, 6% free 10749K/11399K, paused 2ms+2ms
07-12 23:16:10.987  6547  6560 I PhoneLab-: Service Running
07-12 23:16:11.096  6547  6560 I PhoneLab-LoggerService: app_37    1373  1     1440   1000  c00f181c 400107b4 S logcat
07-12 23:16:11.096  6547  6560 I PhoneLab-LoggerService: Logcat pid from database 1373
07-12 23:16:11.096  6547  6560 I PhoneLab-LoggerService: Logcat process found 1373
07-12 23:16:11.096  6547  6560 I PhoneLab-LoggerService: Checking Threshold
07-12 23:16:11.381  6706  6766 D dalvikvm: GC_FOR_ALLOC freed 400K, 8% free 10580K/11399K, paused 23ms
07-12 23:16:11.866  6706  6709 D dalvikvm: GC_CONCURRENT freed 270K, 6% free 10750K/11399K, paused 3ms+2ms
07-12 23:16:12.948  6706  6766 D dalvikvm: GC_FOR_ALLOC freed 421K, 8% free 10560K/11399K, paused 22ms
07-12 23:16:13.491  6706  6709 D dalvikvm: GC_CONCURRENT freed 205K, 6% free 10749K/11399K, paused 2ms+3ms
07-12 23:16:14.858  6706  6766 D dalvikvm: GC_FOR_ALLOC freed 400K, 8% free 10560K/11399K, paused 62ms
07-12 23:16:15.221  6706  6709 D dalvikvm: GC_CONCURRENT freed 205K, 6% free 10749K/11399K, paused 2ms+2ms
07-12 23:16:16.335  6706  6766 D dalvikvm: GC_FOR_ALLOC freed 404K, 8% free 10560K/11399K, paused 21ms
07-12 23:16:17.143  6706  6709 D dalvikvm: GC_CONCURRENT freed 204K, 6% free 10749K/11399K, paused 21ms+2ms
07-12 23:16:18.077  6706  6766 D dalvikvm: GC_FOR_ALLOC freed 400K, 8% free 10560K/11399K, paused 21ms
07-12 23:16:18.604  6706  6709 D dalvikvm: GC_CONCURRENT freed 205K, 6% free 10749K/11399K, paused 2ms+2ms
07-12 23:16:19.897  6706  6766 D dalvikvm: GC_FOR_ALLOC freed 400K, 8% free 10560K/11399K, paused 89ms
07-12 23:16:20.272  6706  6709 D dalvikvm: GC_CONCURRENT freed 351K, 7% free 10604K/11399K, paused 2ms+2ms
07-12 23:16:21.350  6706  6766 D dalvikvm: GC_FOR_ALLOC freed 267K, 7% free 10687K/11399K, paused 21ms
07-12 23:16:21.960  6706  6766 D dalvikvm: GC_FOR_ALLOC freed 202K, 7% free 10686K/11399K, paused 21ms
07-12 23:16:22.573  6706  6766 D dalvikvm: GC_FOR_ALLOC freed 201K, 7% free 10687K/11399K, paused 21ms
07-12 23:16:24.003  6706  6766 D dalvikvm: GC_FOR_ALLOC freed 400K, 8% free 10560K/11399K, paused 21ms
07-12 23:16:24.229  6706  6709 D dalvikvm: GC_CONCURRENT freed 352K, 7% free 10612K/11399K, paused 2ms+2ms
07-12 23:16:25.538  6706  6766 D dalvikvm: GC_FOR_ALLOC freed 265K, 7% free 10624K/11399K, paused 22ms
07-12 23:16:26.585  6706  6766 D dalvikvm: GC_FOR_ALLOC freed 405K, 8% free 10560K/11399K, paused 67ms
07-12 23:16:27.038  6706  6709 D dalvikvm: GC_CONCURRENT freed 204K, 6% free 10749K/11399K, paused 3ms+3ms
07-12 23:16:27.538   144  9303 D dalvikvm: GC_EXPLICIT freed 388K, 26% free 17582K/23623K, paused 23ms+7ms
07-12 23:16:28.217  6706  6766 D dalvikvm: GC_FOR_ALLOC freed 410K, 8% free 10560K/11399K, paused 22ms
07-12 23:16:28.854  6652  6655 D dalvikvm: GC_CONCURRENT freed 506K, 6% free 10256K/10887K, paused 2ms+8ms
07-12 23:16:28.897  5358  5358 D OpenGLRenderer: Flushing caches (mode 2)
07-12 23:16:28.897  5358  5358 D OpenGLRenderer: Flushing caches (mode 0)
07-12 23:16:28.909  5358  5358 W ManagedEGLContext: doTerminate failed: EGL count is 2 but managed count is 1
07-12 23:16:29.003  3358  3360 D dalvikvm: GC_CONCURRENT freed 502K, 7% free 10211K/10951K, paused 2ms+14ms
07-12 23:16:29.053  6706  6709 D dalvikvm: GC_CONCURRENT freed 385K, 8% free 10575K/11399K, paused 2ms+2ms
07-12 23:16:29.932  6706  6709 D dalvikvm: GC_CONCURRENT freed 234K, 6% free 10736K/11399K, paused 4ms+5ms
07-12 23:16:30.370  6706  6766 D dalvikvm: GC_FOR_ALLOC freed 206K, 7% free 10687K/11399K, paused 23ms
07-12 23:16:31.585  6706  6766 D dalvikvm: GC_FOR_ALLOC freed 400K, 8% free 10560K/11399K, paused 22ms
07-12 23:16:32.124  6706  6709 D dalvikvm: GC_CONCURRENT freed 205K, 6% free 10749K/11399K, paused 2ms+3ms
07-12 23:16:33.190  6706  6766 D dalvikvm: GC_FOR_ALLOC freed 400K, 8% free 10560K/11399K, paused 25ms
07-12 23:16:33.788  6706  6709 D dalvikvm: GC_CONCURRENT freed 254K, 7% free 10698K/11399K, paused 2ms+3ms
07-12 23:16:34.967  6706  6766 D dalvikvm: GC_FOR_ALLOC freed 375K, 8% free 10560K/11399K, paused 21ms
07-12 23:16:35.702  6706  6709 D dalvikvm: GC_CONCURRENT freed 390K, 8% free 10562K/11399K, paused 2ms+3ms
07-12 23:16:36.764  6706  6709 D dalvikvm: GC_CONCURRENT freed 320K, 7% free 10655K/11399K, paused 11ms+2ms
07-12 23:16:38.370  6706  6766 D dalvikvm: GC_FOR_ALLOC freed 359K, 8% free 10560K/11399K, paused 25ms
07-12 23:16:38.424   344   344 D SAN_SERVICE: *******************************************
07-12 23:16:38.424   344   344 D SAN_SERVICE: DM App Phone Service State - 0
07-12 23:16:38.424   344   344 D SAN_SERVICE: *******************************************
07-12 23:16:38.503  6706  6709 D dalvikvm: GC_CONCURRENT freed 358K, 8% free 10596K/11399K, paused 2ms+2ms
07-12 23:16:39.264   344   344 D SAN_SERVICE: *******************************************
07-12 23:16:39.264   344   344 D SAN_SERVICE: DM App Phone Service State - 0
07-12 23:16:39.264   344   344 D SAN_SERVICE: *******************************************
07-12 23:16:39.479  6706  6766 D dalvikvm: GC_FOR_ALLOC freed 404K, 8% free 10584K/11399K, paused 25ms
07-12 23:16:40.440   144   198 D DhcpInfoInternal: makeLinkProperties with empty dns2!
07-12 23:16:40.440   144   198 D DhcpInfoInternal: makeLinkProperties with empty dns2!
07-12 23:16:40.635  6706  6766 D dalvikvm: GC_FOR_ALLOC freed 245K, 7% free 10686K/11399K, paused 66ms
07-12 23:16:41.510  6706  6766 D dalvikvm: GC_FOR_ALLOC freed 201K, 7% free 10686K/11399K, paused 38ms
07-12 23:16:42.878  6706  6766 D dalvikvm: GC_FOR_ALLOC freed 400K, 8% free 10560K/11399K, paused 26ms
07-12 23:16:42.932  6706  6766 D dalvikvm: GC_FOR_ALLOC freed 200K, 7% free 10686K/11399K, paused 21ms
07-12 23:16:43.944  6706  6766 D dalvikvm: GC_FOR_ALLOC freed 201K, 7% free 10686K/11399K, paused 25ms
07-12 23:16:43.995  6706  6766 D dalvikvm: GC_FOR_ALLOC freed 192K, 7% free 10689K/11399K, paused 21ms
07-12 23:16:44.905  6706  6766 D dalvikvm: GC_FOR_ALLOC freed 214K, 7% free 10687K/11399K, paused 46ms
07-12 23:16:45.311  6706  6766 D dalvikvm: GC_FOR_ALLOC freed 192K, 7% free 10689K/11399K, paused 21ms
07-12 23:16:45.913  6706  6766 D dalvikvm: GC_FOR_ALLOC freed 211K, 7% free 10687K/11399K, paused 21ms
07-12 23:16:46.135  6706  6766 D dalvikvm: GC_FOR_ALLOC freed 192K, 7% free 10689K/11399K, paused 20ms
07-12 23:16:46.960  6706  6766 D dalvikvm: GC_FOR_ALLOC freed 211K, 7% free 10687K/11399K, paused 56ms
07-12 23:16:47.948  6706  6766 D dalvikvm: GC_FOR_ALLOC freed 410K, 8% free 10560K/11399K, paused 71ms
07-12 23:16:48.745  6706  6709 D dalvikvm: GC_CONCURRENT freed 205K, 6% free 10749K/11399K, paused 2ms+2ms
07-12 23:16:48.999  6706  6766 D dalvikvm: GC_FOR_ALLOC freed 197K, 7% free 10689K/11399K, paused 21ms
07-12 23:16:50.046  6706  6766 D dalvikvm: GC_FOR_ALLOC freed 455K, 7% free 10625K/11399K, paused 22ms
07-12 23:16:51.163  6706  6766 D dalvikvm: GC_FOR_ALLOC freed 414K, 8% free 10560K/11399K, paused 67ms
07-12 23:16:51.784  6706  6709 D dalvikvm: GC_CONCURRENT freed 214K, 6% free 10734K/11399K, paused 2ms+2ms
07-12 23:16:52.878  6706  6766 D dalvikvm: GC_FOR_ALLOC freed 410K, 8% free 10560K/11399K, paused 22ms
07-12 23:16:53.542  6706  6709 D dalvikvm: GC_CONCURRENT freed 351K, 7% free 10612K/11399K, paused 2ms+3ms
07-12 23:16:54.549  6706  6766 D dalvikvm: GC_FOR_ALLOC freed 267K, 7% free 10681K/11399K, paused 22ms
07-12 23:16:55.249  6706  6766 D dalvikvm: GC_FOR_ALLOC freed 210K, 7% free 10687K/11399K, paused 22ms
07-12 23:16:55.756  6706  6766 D dalvikvm: GC_FOR_ALLOC freed 195K, 7% free 10624K/11399K, paused 21ms
07-12 23:16:56.374  6706  6766 D dalvikvm: GC_FOR_ALLOC freed 208K, 7% free 10681K/11399K, paused 21ms
07-12 23:16:57.393  6706  6766 D dalvikvm: GC_FOR_ALLOC freed 410K, 8% free 10560K/11399K, paused 21ms
07-12 23:16:58.506  6706  6709 D dalvikvm: GC_CONCURRENT freed 207K, 6% free 10753K/11399K, paused 3ms+2ms
07-12 23:16:58.620  6706  6766 D dalvikvm: GC_FOR_ALLOC freed 196K, 7% free 10689K/11399K, paused 21ms
07-12 23:16:59.526  6706  6766 D dalvikvm: GC_FOR_ALLOC freed 201K, 7% free 10689K/11399K, paused 33ms
07-12 23:17:00.549  6706  6766 D dalvikvm: GC_FOR_ALLOC freed 405K, 8% free 10560K/11399K, paused 88ms
07-12 23:17:00.760  6706  6766 D dalvikvm: GC_FOR_ALLOC freed 205K, 7% free 10689K/11399K, paused 21ms
07-12 23:17:01.542  6706  6766 D dalvikvm: GC_FOR_ALLOC freed 201K, 7% free 10689K/11399K, paused 44ms
07-12 23:17:02.561  6706  6766 D dalvikvm: GC_FOR_ALLOC freed 202K, 7% free 10689K/11399K, paused 21ms
07-12 23:17:02.616  6706  6766 D dalvikvm: GC_FOR_ALLOC freed 193K, 7% free 10624K/11399K, paused 21ms
07-12 23:17:03.561  6706  6766 D dalvikvm: GC_FOR_ALLOC freed 208K, 7% free 10689K/11399K, paused 21ms
07-12 23:17:03.616  6706  6766 D dalvikvm: GC_FOR_ALLOC freed 197K, 7% free 10689K/11399K, paused 21ms
07-12 23:17:04.608  6706  6766 D dalvikvm: GC_FOR_ALLOC freed 202K, 7% free 10689K/11399K, paused 37ms
07-12 23:17:05.624  6706  6766 D dalvikvm: GC_FOR_ALLOC freed 470K, 8% free 10561K/11399K, paused 84ms
07-12 23:17:05.889  6706  6766 D dalvikvm: GC_FOR_ALLOC freed 210K, 7% free 10687K/11399K, paused 21ms
07-12 23:17:06.616  6706  6766 D dalvikvm: GC_FOR_ALLOC freed 197K, 7% free 10689K/11399K, paused 27ms
07-12 23:17:06.917  6706  6766 D dalvikvm: GC_FOR_ALLOC freed 206K, 7% free 10687K/11399K, paused 21ms
07-12 23:17:07.592  6706  6766 D dalvikvm: GC_FOR_ALLOC freed 197K, 7% free 10689K/11399K, paused 45ms
07-12 23:17:08.260  6706  6766 D dalvikvm: GC_FOR_ALLOC freed 206K, 7% free 10687K/11399K, paused 21ms
07-12 23:17:09.499  6706  6766 D dalvikvm: GC_FOR_ALLOC freed 198K, 7% free 10689K/11399K, paused 21ms
07-12 23:17:09.546  6706  6766 D dalvikvm: GC_FOR_ALLOC freed 193K, 7% free 10624K/11399K, paused 20ms
07-12 23:17:10.557  6706  6766 D dalvikvm: GC_FOR_ALLOC freed 201K, 7% free 10624K/11399K, paused 80ms
07-12 23:17:10.608  6706  6766 D dalvikvm: GC_FOR_ALLOC freed 197K, 7% free 10624K/11399K, paused 21ms
07-12 23:17:11.503  6706  6766 D dalvikvm: GC_FOR_ALLOC freed 205K, 7% free 10689K/11399K, paused 25ms
07-12 23:17:11.643  6706  6766 D dalvikvm: GC_FOR_ALLOC freed 193K, 7% free 10624K/11399K, paused 56ms
07-12 23:17:12.538  6706  6766 D dalvikvm: GC_FOR_ALLOC freed 208K, 7% free 10689K/11399K, paused 21ms
07-12 23:17:12.612  6706  6766 D dalvikvm: GC_FOR_ALLOC freed 193K, 7% free 10624K/11399K, paused 25ms
07-12 23:17:13.569  6706  6766 D dalvikvm: GC_FOR_ALLOC freed 205K, 7% free 10689K/11399K, paused 34ms
07-12 23:17:14.546  6706  6766 D dalvikvm: GC_FOR_ALLOC freed 430K, 8% free 10560K/11399K, paused 42ms
07-12 23:17:14.831  6706  6709 D dalvikvm: GC_CONCURRENT freed 226K, 6% free 10726K/11399K, paused 2ms+2ms
07-12 23:17:16.979  6706  6766 D dalvikvm: GC_FOR_ALLOC freed 186K, 7% free 10689K/11399K, paused 32ms
07-12 23:17:17.073  6706  6766 D dalvikvm: GC_FOR_ALLOC freed 196K, 7% free 10689K/11399K, paused 25ms
07-12 23:17:18.030  6706  6766 D dalvikvm: GC_FOR_ALLOC freed 197K, 7% free 10689K/11399K, paused 57ms
07-12 23:17:18.081  6706  6766 D dalvikvm: GC_FOR_ALLOC freed 196K, 7% free 10689K/11399K, paused 23ms
07-12 23:17:19.018  6706  6766 D dalvikvm: GC_FOR_ALLOC freed 197K, 7% free 10689K/11399K, paused 48ms
07-12 23:17:19.077  6706  6766 D dalvikvm: GC_FOR_ALLOC freed 197K, 7% free 10689K/11399K, paused 21ms
07-12 23:17:20.038  6706  6766 D dalvikvm: GC_FOR_ALLOC freed 197K, 7% free 10689K/11399K, paused 56ms
07-12 23:17:20.085  6706  6766 D dalvikvm: GC_FOR_ALLOC freed 196K, 7% free 10689K/11399K, paused 20ms
07-12 23:17:21.049  6706  6766 D dalvikvm: GC_FOR_ALLOC freed 197K, 7% free 10689K/11399K, paused 21ms
07-12 23:17:21.100  6706  6766 D dalvikvm: GC_FOR_ALLOC freed 196K, 7% free 10689K/11399K, paused 21ms
07-12 23:17:22.006  6706  6766 D dalvikvm: GC_FOR_ALLOC freed 197K, 7% free 10689K/11399K, paused 20ms
07-12 23:17:22.116  6706  6766 D dalvikvm: GC_FOR_ALLOC freed 198K, 7% free 10691K/11399K, paused 32ms
07-12 23:17:23.042  6706  6766 D dalvikvm: GC_FOR_ALLOC freed 198K, 7% free 10689K/11399K, paused 68ms
07-12 23:17:23.100  6706  6766 D dalvikvm: GC_FOR_ALLOC freed 197K, 7% free 10689K/11399K, paused 21ms
07-12 23:17:24.026  6706  6766 D dalvikvm: GC_FOR_ALLOC freed 201K, 7% free 10689K/11399K, paused 50ms
07-12 23:17:24.104  6706  6766 D dalvikvm: GC_FOR_ALLOC freed 197K, 7% free 10689K/11399K, paused 24ms
07-12 23:17:25.038  6706  6766 D dalvikvm: GC_FOR_ALLOC freed 202K, 7% free 10689K/11399K, paused 22ms
07-12 23:17:25.100  6706  6766 D dalvikvm: GC_FOR_ALLOC freed 193K, 7% free 10624K/11399K, paused 21ms
07-12 23:17:26.229  6706  6766 D dalvikvm: GC_FOR_ALLOC freed 205K, 7% free 10689K/11399K, paused 21ms
07-12 23:17:26.276  6706  6766 D dalvikvm: GC_FOR_ALLOC freed 193K, 7% free 10624K/11399K, paused 21ms
07-12 23:17:27.073  6706  6766 D dalvikvm: GC_FOR_ALLOC freed 205K, 7% free 10689K/11399K, paused 70ms
07-12 23:17:27.342  6706  6766 D dalvikvm: GC_FOR_ALLOC freed 201K, 7% free 10689K/11399K, paused 54ms
07-12 23:17:28.069  6706  6766 D dalvikvm: GC_FOR_ALLOC freed 202K, 7% free 10689K/11399K, paused 66ms
07-12 23:17:28.995  6706  6766 D dalvikvm: GC_FOR_ALLOC freed 420K, 8% free 10560K/11399K, paused 23ms
07-12 23:17:29.046  5358  5358 D OpenGLRenderer: Flushing caches (mode 2)
07-12 23:17:29.046  5358  5358 D OpenGLRenderer: Flushing caches (mode 0)
07-12 23:17:29.057  5358  5358 W ManagedEGLContext: doTerminate failed: EGL count is 2 but managed count is 1
07-12 23:17:29.514  6706  6709 D dalvikvm: GC_CONCURRENT freed 367K, 8% free 10588K/11399K, paused 2ms+3ms
07-12 23:17:30.581  6706  6766 D dalvikvm: GC_FOR_ALLOC freed 262K, 7% free 10689K/11399K, paused 21ms
07-12 23:17:31.186  6706  6766 D dalvikvm: GC_FOR_ALLOC freed 205K, 7% free 10689K/11399K, paused 22ms
07-12 23:17:31.713  6706  6766 D dalvikvm: GC_FOR_ALLOC freed 202K, 7% free 10689K/11399K, paused 21ms
07-12 23:17:32.823  6706  6766 D dalvikvm: GC_FOR_ALLOC freed 445K, 8% free 10561K/11399K, paused 22ms
07-12 23:17:33.381  6706  6766 D dalvikvm: GC_FOR_ALLOC freed 205K, 7% free 10689K/11399K, paused 31ms
07-12 23:17:33.940  6706  6766 D dalvikvm: GC_FOR_ALLOC freed 202K, 7% free 10689K/11399K, paused 22ms
07-12 23:17:34.456  6706  6766 D dalvikvm: GC_FOR_ALLOC freed 201K, 7% free 10689K/11399K, paused 21ms
07-12 23:17:35.100  6706  6766 D dalvikvm: GC_FOR_ALLOC freed 202K, 7% free 10689K/11399K, paused 23ms
07-12 23:17:35.592  6706  6766 D dalvikvm: GC_FOR_ALLOC freed 202K, 7% free 10689K/11399K, paused 21ms
07-12 23:17:36.210  6706  6766 D dalvikvm: GC_FOR_ALLOC freed 202K, 7% free 10689K/11399K, paused 22ms
07-12 23:17:36.733  6706  6766 D dalvikvm: GC_FOR_ALLOC freed 202K, 7% free 10689K/11399K, paused 21ms
07-12 23:17:37.956  6706  6766 D dalvikvm: GC_FOR_ALLOC freed 410K, 8% free 10560K/11399K, paused 21ms
07-12 23:17:38.460  6706  6766 D dalvikvm: GC_FOR_ALLOC freed 205K, 7% free 10689K/11399K, paused 22ms
07-12 23:17:38.971  6706  6766 D dalvikvm: GC_FOR_ALLOC freed 201K, 7% free 10689K/11399K, paused 22ms
07-12 23:17:39.585  6706  6766 D dalvikvm: GC_FOR_ALLOC freed 202K, 7% free 10689K/11399K, paused 22ms
07-12 23:17:40.124  6706  6766 D dalvikvm: GC_FOR_ALLOC freed 203K, 7% free 10691K/11399K, paused 24ms
07-12 23:17:40.909  6706  6766 D dalvikvm: GC_FOR_ALLOC freed 203K, 7% free 10689K/11399K, paused 21ms
07-12 23:17:41.225  6706  6766 D dalvikvm: GC_FOR_ALLOC freed 202K, 7% free 10689K/11399K, paused 22ms
07-12 23:17:41.936  6706  6766 D dalvikvm: GC_FOR_ALLOC freed 201K, 7% free 10689K/11399K, paused 45ms
07-12 23:17:42.362  6706  6766 D dalvikvm: GC_FOR_ALLOC freed 202K, 7% free 10681K/11399K, paused 22ms
07-12 23:17:43.487  6706  6766 D dalvikvm: GC_FOR_ALLOC freed 405K, 8% free 10560K/11399K, paused 21ms
07-12 23:17:44.194  6706  6766 D dalvikvm: GC_FOR_ALLOC freed 205K, 7% free 10689K/11399K, paused 21ms
07-12 23:17:44.604  6706  6766 D dalvikvm: GC_FOR_ALLOC freed 202K, 7% free 10689K/11399K, paused 21ms
07-12 23:17:45.217  6706  6766 D dalvikvm: GC_FOR_ALLOC freed 201K, 7% free 10687K/11399K, paused 22ms
07-12 23:17:45.729  6706  6766 D dalvikvm: GC_FOR_ALLOC freed 207K, 7% free 10686K/11399K, paused 22ms
07-12 23:17:46.338  6706  6766 D dalvikvm: GC_FOR_ALLOC freed 207K, 7% free 10689K/11399K, paused 21ms
07-12 23:17:46.850  6706  6766 D dalvikvm: GC_FOR_ALLOC freed 198K, 7% free 10624K/11399K, paused 22ms
07-12 23:17:47.979  6706  6766 D dalvikvm: GC_FOR_ALLOC freed 408K, 8% free 10560K/11399K, paused 22ms
07-12 23:17:48.592  6706  6766 D dalvikvm: GC_FOR_ALLOC freed 205K, 7% free 10689K/11399K, paused 21ms
07-12 23:17:49.112  6706  6766 D dalvikvm: GC_FOR_ALLOC freed 202K, 7% free 10689K/11399K, paused 21ms
07-12 23:17:50.241  6706  6766 D dalvikvm: GC_FOR_ALLOC freed 414K, 8% free 10560K/11399K, paused 21ms
07-12 23:17:50.897  6706  6766 D dalvikvm: GC_FOR_ALLOC freed 205K, 7% free 10689K/11399K, paused 31ms
07-12 23:17:51.362  6706  6766 D dalvikvm: GC_FOR_ALLOC freed 202K, 7% free 10689K/11399K, paused 21ms
07-12 23:17:51.983  6706  6766 D dalvikvm: GC_FOR_ALLOC freed 202K, 7% free 10689K/11399K, paused 21ms
07-12 23:17:52.487  6706  6766 D dalvikvm: GC_FOR_ALLOC freed 202K, 7% free 10689K/11399K, paused 21ms
07-12 23:17:53.104  6706  6766 D dalvikvm: GC_FOR_ALLOC freed 202K, 7% free 10689K/11399K, paused 22ms
07-12 23:17:53.620  6706  6766 D dalvikvm: GC_FOR_ALLOC freed 202K, 7% free 10689K/11399K, paused 21ms
07-12 23:17:54.338  6706  6766 D dalvikvm: GC_FOR_ALLOC freed 202K, 7% free 10689K/11399K, paused 22ms
07-12 23:17:55.358  6706  6766 D dalvikvm: GC_FOR_ALLOC freed 420K, 8% free 10560K/11399K, paused 22ms
07-12 23:17:56.038  6706  6709 D dalvikvm: GC_CONCURRENT freed 351K, 8% free 10595K/11399K, paused 3ms+3ms
07-12 23:17:56.069 30387 30389 D dalvikvm: GC_CONCURRENT freed 296K, 6% free 10309K/10887K, paused 6ms+10ms
07-12 23:17:56.131  5358  5358 D OpenGLRenderer: Flushing caches (mode 2)
07-12 23:17:56.131  5358  5358 D OpenGLRenderer: Flushing caches (mode 0)
07-12 23:17:56.131  5358  5358 W ManagedEGLContext: doTerminate failed: EGL count is 2 but managed count is 1
07-12 23:17:56.530  5658  5712 D dalvikvm: GC_EXPLICIT freed 288K, 9% free 9804K/10695K, paused 2ms+4ms
07-12 23:17:57.030  6706  6709 D dalvikvm: GC_CONCURRENT freed 267K, 6% free 10736K/11399K, paused 2ms+2ms
07-12 23:17:58.112  6706  6766 D dalvikvm: GC_FOR_ALLOC freed 406K, 8% free 10560K/11399K, paused 22ms
07-12 23:17:58.733  6706  6766 D dalvikvm: GC_FOR_ALLOC freed 207K, 7% free 10691K/11399K, paused 22ms
07-12 23:17:59.241  6706  6766 D dalvikvm: GC_FOR_ALLOC freed 203K, 7% free 10689K/11399K, paused 21ms
07-12 23:17:59.854  6706  6766 D dalvikvm: GC_FOR_ALLOC freed 202K, 7% free 10689K/11399K, paused 21ms
07-12 23:18:00.370  6706  6766 D dalvikvm: GC_FOR_ALLOC freed 202K, 7% free 10689K/11399K, paused 21ms
07-12 23:18:01.139  6706  6766 D dalvikvm: GC_FOR_ALLOC freed 202K, 7% free 10689K/11399K, paused 69ms
07-12 23:18:01.202   144   147 D dalvikvm: GC_CONCURRENT freed 1903K, 26% free 17614K/23623K, paused 3ms+8ms
07-12 23:18:01.233  5358  5358 D OpenGLRenderer: Flushing caches (mode 2)
07-12 23:18:01.233  5358  5358 D OpenGLRenderer: Flushing caches (mode 0)
07-12 23:18:01.233  5358  5358 W ManagedEGLContext: doTerminate failed: EGL count is 2 but managed count is 1
07-12 23:18:01.315  5358  5358 D OpenGLRenderer: Flushing caches (mode 2)
07-12 23:18:01.315  5358  5358 D OpenGLRenderer: Flushing caches (mode 0)
07-12 23:18:01.315  5358  5358 W ManagedEGLContext: doTerminate failed: EGL count is 2 but managed count is 1
07-12 23:18:02.128  6706  6766 D dalvikvm: GC_FOR_ALLOC freed 491K, 8% free 10561K/11399K, paused 62ms
07-12 23:18:02.686  6706  6709 D dalvikvm: GC_CONCURRENT freed 376K, 8% free 10588K/11399K, paused 2ms+2ms
07-12 23:18:03.764  6706  6766 D dalvikvm: GC_FOR_ALLOC freed 238K, 7% free 10689K/11399K, paused 23ms
07-12 23:18:03.866  6106  6108 D dalvikvm: GC_CONCURRENT freed 759K, 7% free 11681K/12551K, paused 10ms+3ms
07-12 23:18:04.893  6706  6766 D dalvikvm: GC_FOR_ALLOC freed 440K, 8% free 10595K/11399K, paused 28ms
07-12 23:18:05.495  6706  6766 D dalvikvm: GC_FOR_ALLOC freed 210K, 7% free 10689K/11399K, paused 21ms
07-12 23:18:06.010  6706  6766 D dalvikvm: GC_FOR_ALLOC freed 202K, 7% free 10684K/11399K, paused 22ms
07-12 23:18:06.686  5358  5358 D OpenGLRenderer: Flushing caches (mode 2)
07-12 23:18:06.686  5358  5358 D OpenGLRenderer: Flushing caches (mode 0)
07-12 23:18:06.690  5358  5358 W ManagedEGLContext: doTerminate failed: EGL count is 2 but managed count is 1
07-12 23:18:07.213  6706  6766 D dalvikvm: GC_FOR_ALLOC freed 470K, 8% free 10561K/11399K, paused 24ms
07-12 23:18:07.846  6706  6709 D dalvikvm: GC_CONCURRENT freed 384K, 8% free 10584K/11399K, paused 50ms+2ms
07-12 23:18:08.792  6706  6766 D dalvikvm: GC_FOR_ALLOC freed 245K, 7% free 10624K/11399K, paused 41ms
07-12 23:18:09.389  6706  6766 D dalvikvm: GC_FOR_ALLOC freed 205K, 7% free 10689K/11399K, paused 21ms
07-12 23:18:09.901  6706  6766 D dalvikvm: GC_FOR_ALLOC freed 202K, 7% free 10689K/11399K, paused 22ms
07-12 23:18:10.522  6706  6766 D dalvikvm: GC_FOR_ALLOC freed 202K, 7% free 10689K/11399K, paused 21ms
07-12 23:18:10.983  6547  6560 I PhoneLab-: Service Running
07-12 23:18:11.046  6547  6549 D dalvikvm: GC_CONCURRENT freed 888K, 14% free 9167K/10631K, paused 1ms+6ms
07-12 23:18:11.061  6547  6560 I PhoneLab-LoggerService: app_37    1373  1     1440   1000  c00f181c 400107b4 S logcat
07-12 23:18:11.061  6547  6560 I PhoneLab-LoggerService: Logcat pid from database 1373
07-12 23:18:11.061  6547  6560 I PhoneLab-LoggerService: Logcat process found 1373
07-12 23:18:11.061  6547  6560 I PhoneLab-LoggerService: Checking Threshold
07-12 23:18:11.088  6706  6766 D dalvikvm: GC_FOR_ALLOC freed 327K, 8% free 10583K/11399K, paused 22ms
07-12 23:18:12.151  6706  6709 D dalvikvm: GC_CONCURRENT freed 287K, 7% free 10690K/11399K, paused 3ms+2ms
07-12 23:18:13.256  6706  6766 D dalvikvm: GC_FOR_ALLOC freed 416K, 8% free 10560K/11399K, paused 50ms
07-12 23:18:13.987  6706  6709 D dalvikvm: GC_CONCURRENT freed 305K, 7% free 10674K/11399K, paused 2ms+3ms
07-12 23:18:14.401  6706  6766 D dalvikvm: GC_FOR_ALLOC freed 208K, 7% free 10689K/11399K, paused 21ms
07-12 23:18:15.186  6706  6766 D dalvikvm: GC_FOR_ALLOC freed 318K, 7% free 10615K/11399K, paused 57ms
07-12 23:18:16.143  6706  6766 D dalvikvm: GC_FOR_ALLOC freed 289K, 7% free 10624K/11399K, paused 22ms
07-12 23:18:16.655  6706  6766 D dalvikvm: GC_FOR_ALLOC freed 205K, 7% free 10689K/11399K, paused 21ms
07-12 23:18:17.272  6706  6766 D dalvikvm: GC_FOR_ALLOC freed 205K, 7% free 10689K/11399K, paused 21ms
07-12 23:18:17.784  6706  6766 D dalvikvm: GC_FOR_ALLOC freed 202K, 7% free 10689K/11399K, paused 21ms
07-12 23:18:18.389  6706  6766 D dalvikvm: GC_FOR_ALLOC freed 202K, 7% free 10689K/11399K, paused 22ms
07-12 23:18:18.909  6706  6766 D dalvikvm: GC_FOR_ALLOC freed 202K, 7% free 10689K/11399K, paused 21ms
07-12 23:18:20.225  6706  6766 D dalvikvm: GC_FOR_ALLOC freed 410K, 8% free 10560K/11399K, paused 63ms
07-12 23:18:20.651  6706  6766 D dalvikvm: GC_FOR_ALLOC freed 205K, 7% free 10689K/11399K, paused 22ms
07-12 23:18:21.182  6706  6766 D dalvikvm: GC_FOR_ALLOC freed 201K, 7% free 10689K/11399K, paused 22ms
07-12 23:18:21.776  6706  6766 D dalvikvm: GC_FOR_ALLOC freed 202K, 7% free 10689K/11399K, paused 21ms
07-12 23:18:22.280  6706  6766 D dalvikvm: GC_FOR_ALLOC freed 202K, 7% free 10689K/11399K, paused 21ms
07-12 23:18:22.889  6706  6766 D dalvikvm: GC_FOR_ALLOC freed 202K, 7% free 10689K/11399K, paused 21ms
07-12 23:18:24.014  6706  6766 D dalvikvm: GC_FOR_ALLOC freed 440K, 8% free 10560K/11399K, paused 22ms
07-12 23:18:24.530  6706  6766 D dalvikvm: GC_FOR_ALLOC freed 205K, 7% free 10689K/11399K, paused 21ms
07-12 23:18:25.217  6706  6766 D dalvikvm: GC_FOR_ALLOC freed 202K, 7% free 10689K/11399K, paused 25ms
07-12 23:18:25.706  6706  6766 D dalvikvm: GC_FOR_ALLOC freed 202K, 7% free 10689K/11399K, paused 31ms
07-12 23:18:26.292  6706  6766 D dalvikvm: GC_FOR_ALLOC freed 203K, 7% free 10691K/11399K, paused 24ms
07-12 23:18:26.897  6706  6766 D dalvikvm: GC_FOR_ALLOC freed 203K, 7% free 10689K/11399K, paused 21ms
07-12 23:18:27.510  6706  6766 D dalvikvm: GC_FOR_ALLOC freed 202K, 7% free 10689K/11399K, paused 21ms
07-12 23:18:28.542  6706  6766 D dalvikvm: GC_FOR_ALLOC freed 420K, 8% free 10560K/11399K, paused 22ms
07-12 23:18:28.944  6652  6655 D dalvikvm: GC_CONCURRENT freed 508K, 6% free 10260K/10887K, paused 2ms+3ms
07-12 23:18:28.999  5358  5358 D OpenGLRenderer: Flushing caches (mode 2)
07-12 23:18:29.003  5358  5358 D OpenGLRenderer: Flushing caches (mode 0)
07-12 23:18:29.003  5358  5358 W ManagedEGLContext: doTerminate failed: EGL count is 2 but managed count is 1
07-12 23:18:29.073  3358  3360 D dalvikvm: GC_CONCURRENT freed 510K, 8% free 10184K/10951K, paused 2ms+8ms
07-12 23:18:29.256  6706  6709 D dalvikvm: GC_CONCURRENT freed 375K, 8% free 10579K/11399K, paused 2ms+3ms
07-12 23:18:30.307  6706  6709 D dalvikvm: GC_CONCURRENT freed 269K, 7% free 10702K/11399K, paused 9ms+2ms
07-12 23:18:30.784  6706  6766 D dalvikvm: GC_FOR_ALLOC freed 207K, 7% free 10689K/11399K, paused 22ms
07-12 23:18:31.905  6706  6766 D dalvikvm: GC_FOR_ALLOC freed 405K, 8% free 10560K/11399K, paused 21ms
07-12 23:18:32.417  6706  6766 D dalvikvm: GC_FOR_ALLOC freed 205K, 7% free 10689K/11399K, paused 21ms
07-12 23:18:33.026  6706  6766 D dalvikvm: GC_FOR_ALLOC freed 202K, 7% free 10689K/11399K, paused 21ms
07-12 23:18:33.546  6706  6766 D dalvikvm: GC_FOR_ALLOC freed 202K, 7% free 10689K/11399K, paused 21ms
07-12 23:18:34.171  6706  6766 D dalvikvm: GC_FOR_ALLOC freed 202K, 7% free 10689K/11399K, paused 21ms
07-12 23:18:34.671  6706  6766 D dalvikvm: GC_FOR_ALLOC freed 202K, 7% free 10689K/11399K, paused 21ms
07-12 23:18:35.288  6706  6766 D dalvikvm: GC_FOR_ALLOC freed 202K, 7% free 10689K/11399K, paused 21ms
07-12 23:18:35.850  6706  6766 D dalvikvm: GC_FOR_ALLOC freed 205K, 7% free 10689K/11399K, paused 21ms
07-12 23:18:36.432  6706  6766 D dalvikvm: GC_FOR_ALLOC freed 202K, 7% free 10689K/11399K, paused 22ms
07-12 23:18:36.932  6706  6766 D dalvikvm: GC_FOR_ALLOC freed 202K, 7% free 10689K/11399K, paused 21ms
07-12 23:18:37.542  6706  6766 D dalvikvm: GC_FOR_ALLOC freed 202K, 7% free 10689K/11399K, paused 21ms
07-12 23:18:38.046  6706  6766 D dalvikvm: GC_FOR_ALLOC freed 202K, 7% free 10689K/11399K, paused 21ms
07-12 23:18:38.686  6706  6766 D dalvikvm: GC_FOR_ALLOC freed 202K, 7% free 10689K/11399K, paused 22ms
07-12 23:18:39.182  6706  6766 D dalvikvm: GC_FOR_ALLOC freed 202K, 7% free 10689K/11399K, paused 21ms
07-12 23:18:39.784  6706  6766 D dalvikvm: GC_FOR_ALLOC freed 202K, 7% free 10689K/11399K, paused 22ms
07-12 23:18:40.315  6706  6766 D dalvikvm: GC_FOR_ALLOC freed 202K, 7% free 10689K/11399K, paused 21ms
07-12 23:18:41.022  6706  6766 D dalvikvm: GC_FOR_ALLOC freed 202K, 7% free 10689K/11399K, paused 21ms
07-12 23:18:41.432  6706  6766 D dalvikvm: GC_FOR_ALLOC freed 202K, 7% free 10689K/11399K, paused 21ms
07-12 23:18:42.042  6706  6766 D dalvikvm: GC_FOR_ALLOC freed 201K, 7% free 10689K/11399K, paused 22ms
07-12 23:18:42.569  6706  6766 D dalvikvm: GC_FOR_ALLOC freed 202K, 7% free 10689K/11399K, paused 22ms
07-12 23:18:43.206  6706  6766 D dalvikvm: GC_FOR_ALLOC freed 202K, 7% free 10689K/11399K, paused 22ms
07-12 23:18:43.686  6706  6766 D dalvikvm: GC_FOR_ALLOC freed 202K, 7% free 10689K/11399K, paused 22ms
07-12 23:18:44.299  6706  6766 D dalvikvm: GC_FOR_ALLOC freed 202K, 7% free 10689K/11399K, paused 21ms
07-12 23:18:44.811  6706  6766 D dalvikvm: GC_FOR_ALLOC freed 203K, 7% free 10691K/11399K, paused 22ms
07-12 23:18:47.366  6706  6766 D dalvikvm: GC_FOR_ALLOC freed 200K, 7% free 10624K/11399K, paused 24ms
07-12 23:18:47.417  6706  6766 D dalvikvm: GC_FOR_ALLOC freed 196K, 7% free 10624K/11399K, paused 21ms
07-12 23:18:48.272  6706  6766 D dalvikvm: GC_FOR_ALLOC freed 197K, 7% free 10624K/11399K, paused 21ms
07-12 23:18:48.514  6706  6766 D dalvikvm: GC_FOR_ALLOC freed 200K, 7% free 10689K/11399K, paused 22ms
07-12 23:18:49.315  6706  6766 D dalvikvm: GC_FOR_ALLOC freed 197K, 7% free 10689K/11399K, paused 21ms
07-12 23:18:49.452  6706  6766 D dalvikvm: GC_FOR_ALLOC freed 197K, 7% free 10689K/11399K, paused 46ms
07-12 23:18:50.276  6706  6766 D dalvikvm: GC_FOR_ALLOC freed 197K, 7% free 10689K/11399K, paused 35ms
07-12 23:18:50.491  6706  6766 D dalvikvm: GC_FOR_ALLOC freed 197K, 7% free 10689K/11399K, paused 41ms
07-12 23:18:51.307  6706  6766 D dalvikvm: GC_FOR_ALLOC freed 197K, 7% free 10689K/11399K, paused 63ms
07-12 23:18:51.569  6706  6766 D dalvikvm: GC_FOR_ALLOC freed 197K, 7% free 10689K/11399K, paused 92ms
07-12 23:18:52.272  6706  6766 D dalvikvm: GC_FOR_ALLOC freed 197K, 7% free 10689K/11399K, paused 21ms
07-12 23:18:52.538  6706  6766 D dalvikvm: GC_FOR_ALLOC freed 197K, 7% free 10689K/11399K, paused 70ms
07-12 23:18:53.280  6706  6766 D dalvikvm: GC_FOR_ALLOC freed 197K, 7% free 10689K/11399K, paused 44ms
07-12 23:18:53.503  6706  6766 D dalvikvm: GC_FOR_ALLOC freed 197K, 7% free 10689K/11399K, paused 31ms
07-12 23:18:54.413  6706  6766 D dalvikvm: GC_FOR_ALLOC freed 197K, 7% free 10689K/11399K, paused 21ms
07-12 23:18:54.463  6706  6766 D dalvikvm: GC_FOR_ALLOC freed 196K, 7% free 10689K/11399K, paused 21ms
07-12 23:18:55.471  6706  6766 D dalvikvm: GC_FOR_ALLOC freed 200K, 7% free 10689K/11399K, paused 21ms
07-12 23:18:55.526  6706  6766 D dalvikvm: GC_FOR_ALLOC freed 196K, 7% free 10689K/11399K, paused 21ms
07-12 23:18:56.495  6706  6766 D dalvikvm: GC_FOR_ALLOC freed 197K, 7% free 10689K/11399K, paused 52ms
07-12 23:18:56.557  6706  6766 D dalvikvm: GC_FOR_ALLOC freed 196K, 7% free 10689K/11399K, paused 25ms
07-12 23:18:57.495  6706  6766 D dalvikvm: GC_FOR_ALLOC freed 197K, 7% free 10689K/11399K, paused 52ms
07-12 23:18:57.553  6706  6766 D dalvikvm: GC_FOR_ALLOC freed 197K, 7% free 10689K/11399K, paused 21ms
07-12 23:18:58.483  6706  6766 D dalvikvm: GC_FOR_ALLOC freed 201K, 7% free 10689K/11399K, paused 37ms
07-12 23:18:58.557  6706  6766 D dalvikvm: GC_FOR_ALLOC freed 197K, 7% free 10689K/11399K, paused 23ms
07-12 23:18:59.503  6706  6766 D dalvikvm: GC_FOR_ALLOC freed 202K, 7% free 10689K/11399K, paused 21ms
07-12 23:18:59.557  6706  6766 D dalvikvm: GC_FOR_ALLOC freed 193K, 7% free 10624K/11399K, paused 21ms
07-12 23:19:00.506  6706  6766 D dalvikvm: GC_FOR_ALLOC freed 205K, 7% free 10689K/11399K, paused 31ms
07-12 23:19:00.612  6706  6766 D dalvikvm: GC_FOR_ALLOC freed 193K, 7% free 10624K/11399K, paused 34ms
07-12 23:19:01.463  6706  6766 D dalvikvm: GC_FOR_ALLOC freed 202K, 7% free 10624K/11399K, paused 41ms
07-12 23:19:02.178  6706  6766 D dalvikvm: GC_FOR_ALLOC freed 200K, 7% free 10689K/11399K, paused 28ms
07-12 23:19:02.487  6706  6766 D dalvikvm: GC_FOR_ALLOC freed 202K, 7% free 10689K/11399K, paused 35ms
07-12 23:19:03.174  6706  6766 D dalvikvm: GC_FOR_ALLOC freed 196K, 7% free 10689K/11399K, paused 43ms
07-12 23:19:03.487  6706  6766 D dalvikvm: GC_FOR_ALLOC freed 202K, 7% free 10689K/11399K, paused 35ms
07-12 23:19:04.178  6706  6766 D dalvikvm: GC_FOR_ALLOC freed 200K, 7% free 10689K/11399K, paused 47ms
07-12 23:19:04.577  6706  6766 D dalvikvm: GC_FOR_ALLOC freed 202K, 7% free 10689K/11399K, paused 21ms
07-12 23:19:05.323   144   198 D DhcpInfoInternal: makeLinkProperties with empty dns2!
07-12 23:19:05.327   144   198 D DhcpInfoInternal: makeLinkProperties with empty dns2!
07-12 23:19:05.690  6706  6766 D dalvikvm: GC_FOR_ALLOC freed 473K, 7% free 10614K/11399K, paused 22ms
07-12 23:19:06.729  6706  6766 D dalvikvm: GC_FOR_ALLOC freed 426K, 8% free 10560K/11399K, paused 22ms
07-12 23:19:07.608  6706  6709 D dalvikvm: GC_CONCURRENT freed 229K, 6% free 10743K/11399K, paused 20ms+3ms
07-12 23:19:07.846  6706  6766 D dalvikvm: GC_FOR_ALLOC freed 202K, 7% free 10677K/11399K, paused 22ms
07-12 23:19:08.967  6706  6766 D dalvikvm: GC_FOR_ALLOC freed 420K, 8% free 10560K/11399K, paused 21ms
07-12 23:19:09.713  6706  6709 D dalvikvm: GC_CONCURRENT freed 214K, 6% free 10749K/11399K, paused 2ms+2ms
07-12 23:19:10.116  6706  6766 D dalvikvm: GC_FOR_ALLOC freed 197K, 7% free 10689K/11399K, paused 21ms
07-12 23:19:10.885  6706  6766 D dalvikvm: GC_FOR_ALLOC freed 206K, 7% free 10686K/11399K, paused 21ms
07-12 23:19:11.889  6706  6766 D dalvikvm: GC_FOR_ALLOC freed 420K, 8% free 10560K/11399K, paused 26ms
07-12 23:19:13.128  6706  6766 D dalvikvm: GC_FOR_ALLOC freed 201K, 7% free 10689K/11399K, paused 49ms
07-12 23:19:13.178  6706  6766 D dalvikvm: GC_FOR_ALLOC freed 195K, 7% free 10625K/11399K, paused 21ms
07-12 23:19:14.143  6706  6766 D dalvikvm: GC_FOR_ALLOC freed 207K, 7% free 10689K/11399K, paused 21ms
07-12 23:19:14.202  6706  6766 D dalvikvm: GC_FOR_ALLOC freed 196K, 7% free 10689K/11399K, paused 21ms
07-12 23:19:15.182  6706  6766 D dalvikvm: GC_FOR_ALLOC freed 202K, 7% free 10689K/11399K, paused 85ms
07-12 23:19:15.237  6706  6766 D dalvikvm: GC_FOR_ALLOC freed 196K, 7% free 10687K/11399K, paused 23ms
07-12 23:19:15.311  5358  5358 D OpenGLRenderer: Flushing caches (mode 2)
07-12 23:19:15.311  5358  5358 D OpenGLRenderer: Flushing caches (mode 0)
07-12 23:19:15.311  5358  5358 W ManagedEGLContext: doTerminate failed: EGL count is 2 but managed count is 1
07-12 23:19:16.155  6706  6766 D dalvikvm: GC_FOR_ALLOC freed 207K, 7% free 10689K/11399K, paused 55ms
07-12 23:19:16.358  6706  6766 D dalvikvm: GC_FOR_ALLOC freed 196K, 7% free 10687K/11399K, paused 21ms
07-12 23:19:17.143  6706  6766 D dalvikvm: GC_FOR_ALLOC freed 207K, 7% free 10689K/11399K, paused 39ms
07-12 23:19:17.878  6706  6766 D dalvikvm: GC_FOR_ALLOC freed 206K, 7% free 10686K/11399K, paused 58ms
07-12 23:19:18.171  6706  6766 D dalvikvm: GC_FOR_ALLOC freed 197K, 7% free 10689K/11399K, paused 21ms
07-12 23:19:18.874  6706  6766 D dalvikvm: GC_FOR_ALLOC freed 206K, 7% free 10686K/11399K, paused 54ms
07-12 23:19:19.850  6706  6766 D dalvikvm: GC_FOR_ALLOC freed 405K, 8% free 10560K/11399K, paused 65ms
07-12 23:19:20.303  6706  6709 D dalvikvm: GC_CONCURRENT freed 371K, 8% free 10587K/11399K, paused 2ms+3ms
07-12 23:19:21.483  6706  6766 D dalvikvm: GC_FOR_ALLOC freed 238K, 7% free 10689K/11399K, paused 21ms
07-12 23:19:21.999  6706  6766 D dalvikvm: GC_FOR_ALLOC freed 207K, 7% free 10688K/11399K, paused 22ms
07-12 23:19:23.147  6706  6766 D dalvikvm: GC_FOR_ALLOC freed 199K, 7% free 10689K/11399K, paused 21ms
07-12 23:19:23.194  6706  6766 D dalvikvm: GC_FOR_ALLOC freed 193K, 7% free 10624K/11399K, paused 21ms
07-12 23:19:24.233  6706  6766 D dalvikvm: GC_FOR_ALLOC freed 201K, 7% free 10624K/11399K, paused 134ms
07-12 23:19:24.288  6706  6766 D dalvikvm: GC_FOR_ALLOC freed 200K, 7% free 10689K/11399K, paused 21ms
07-12 23:19:25.159  6706  6766 D dalvikvm: GC_FOR_ALLOC freed 198K, 7% free 10624K/11399K, paused 59ms
07-12 23:19:26.194  6706  6766 D dalvikvm: GC_FOR_ALLOC freed 404K, 8% free 10560K/11399K, paused 95ms
07-12 23:19:26.526  6706  6709 D dalvikvm: GC_CONCURRENT freed 226K, 6% free 10732K/11399K, paused 2ms+3ms
07-12 23:19:27.659  6706  6766 D dalvikvm: GC_FOR_ALLOC freed 383K, 8% free 10560K/11399K, paused 21ms
07-12 23:19:28.284  6706  6709 D dalvikvm: GC_CONCURRENT freed 350K, 8% free 10599K/11399K, paused 10ms+3ms
07-12 23:19:28.948  5358  5358 D OpenGLRenderer: Flushing caches (mode 2)
07-12 23:19:28.948  5358  5358 D OpenGLRenderer: Flushing caches (mode 0)
07-12 23:19:28.948  5358  5358 W ManagedEGLContext: doTerminate failed: EGL count is 2 but managed count is 1
07-12 23:19:29.030  3358  3360 D dalvikvm: GC_CONCURRENT freed 432K, 7% free 10217K/10951K, paused 2ms+3ms
07-12 23:19:29.354  6706  6766 D dalvikvm: GC_FOR_ALLOC freed 271K, 7% free 10624K/11399K, paused 21ms
07-12 23:19:29.862  6706  6766 D dalvikvm: GC_FOR_ALLOC freed 209K, 7% free 10686K/11399K, paused 21ms
07-12 23:19:30.405  6706  6766 D dalvikvm: GC_FOR_ALLOC freed 197K, 7% free 10689K/11399K, paused 21ms
07-12 23:19:30.999  6706  6766 D dalvikvm: GC_FOR_ALLOC freed 206K, 7% free 10686K/11399K, paused 21ms
07-12 23:19:31.503  6706  6766 D dalvikvm: GC_FOR_ALLOC freed 201K, 7% free 10689K/11399K, paused 21ms
07-12 23:19:32.116  6706  6766 D dalvikvm: GC_FOR_ALLOC freed 206K, 7% free 10686K/11399K, paused 21ms
07-12 23:19:32.999  6706  6766 D dalvikvm: GC_FOR_ALLOC freed 197K, 7% free 10689K/11399K, paused 49ms
07-12 23:19:33.256  6706  6766 D dalvikvm: GC_FOR_ALLOC freed 206K, 7% free 10686K/11399K, paused 21ms
07-12 23:19:34.006  6706  6766 D dalvikvm: GC_FOR_ALLOC freed 197K, 7% free 10689K/11399K, paused 57ms
07-12 23:19:34.284  6706  6766 D dalvikvm: GC_FOR_ALLOC freed 206K, 7% free 10686K/11399K, paused 21ms
07-12 23:19:34.987  6706  6766 D dalvikvm: GC_FOR_ALLOC freed 197K, 7% free 10689K/11399K, paused 40ms
07-12 23:19:35.483  6706  6766 D dalvikvm: GC_FOR_ALLOC freed 206K, 7% free 10686K/11399K, paused 65ms
07-12 23:19:35.553   144   147 D dalvikvm: GC_CONCURRENT freed 1987K, 26% free 17638K/23623K, paused 3ms+8ms
07-12 23:19:36.546  6706  6766 D dalvikvm: GC_FOR_ALLOC freed 405K, 8% free 10560K/11399K, paused 21ms
07-12 23:19:37.135  6706  6766 D dalvikvm: GC_FOR_ALLOC freed 201K, 7% free 10689K/11399K, paused 21ms
07-12 23:19:37.846  6706  6766 D dalvikvm: GC_FOR_ALLOC freed 206K, 7% free 10686K/11399K, paused 46ms
07-12 23:19:38.280  6706  6766 D dalvikvm: GC_FOR_ALLOC freed 197K, 7% free 10689K/11399K, paused 21ms
07-12 23:19:39.401  6706  6766 D dalvikvm: GC_FOR_ALLOC freed 405K, 8% free 10560K/11399K, paused 21ms
07-12 23:19:39.917  6706  6766 D dalvikvm: GC_FOR_ALLOC freed 209K, 7% free 10686K/11399K, paused 21ms
07-12 23:19:40.526  6706  6766 D dalvikvm: GC_FOR_ALLOC freed 199K, 7% free 10691K/11399K, paused 21ms
07-12 23:19:41.038  6706  6766 D dalvikvm: GC_FOR_ALLOC freed 207K, 7% free 10686K/11399K, paused 21ms
07-12 23:19:41.655  6706  6766 D dalvikvm: GC_FOR_ALLOC freed 197K, 7% free 10689K/11399K, paused 21ms
07-12 23:19:42.842  6706  6766 D dalvikvm: GC_FOR_ALLOC freed 405K, 8% free 10560K/11399K, paused 45ms
07-12 23:19:43.276  6706  6766 D dalvikvm: GC_FOR_ALLOC freed 209K, 7% free 10686K/11399K, paused 21ms
07-12 23:19:43.960  6706  6766 D dalvikvm: GC_FOR_ALLOC freed 197K, 7% free 10689K/11399K, paused 21ms
07-12 23:19:44.413  6706  6766 D dalvikvm: GC_FOR_ALLOC freed 206K, 7% free 10686K/11399K, paused 21ms
07-12 23:19:45.014  6706  6766 D dalvikvm: GC_FOR_ALLOC freed 197K, 7% free 10689K/11399K, paused 22ms
07-12 23:19:45.534  6706  6766 D dalvikvm: GC_FOR_ALLOC freed 206K, 7% free 10686K/11399K, paused 21ms
07-12 23:19:46.155  6706  6766 D dalvikvm: GC_FOR_ALLOC freed 197K, 7% free 10689K/11399K, paused 21ms
07-12 23:19:47.288  6706  6766 D dalvikvm: GC_FOR_ALLOC freed 405K, 8% free 10560K/11399K, paused 21ms
07-12 23:19:47.835  6706  6709 D dalvikvm: GC_CONCURRENT freed 374K, 8% free 10589K/11399K, paused 3ms+2ms
07-12 23:19:48.971  6706  6709 D dalvikvm: GC_CONCURRENT freed 418K, 8% free 10579K/11399K, paused 2ms+2ms
07-12 23:19:50.065  6706  6766 D dalvikvm: GC_FOR_ALLOC freed 237K, 7% free 10686K/11399K, paused 21ms
07-12 23:19:50.768  6706  6766 D dalvikvm: GC_FOR_ALLOC freed 197K, 7% free 10689K/11399K, paused 22ms
07-12 23:19:51.182  6706  6766 D dalvikvm: GC_FOR_ALLOC freed 206K, 7% free 10686K/11399K, paused 21ms
07-12 23:19:51.803  6706  6766 D dalvikvm: GC_FOR_ALLOC freed 197K, 7% free 10689K/11399K, paused 21ms
07-12 23:19:52.288  6706  6766 D dalvikvm: GC_FOR_ALLOC freed 206K, 7% free 10686K/11399K, paused 21ms
07-12 23:19:52.944  6706  6766 D dalvikvm: GC_FOR_ALLOC freed 197K, 7% free 10689K/11399K, paused 30ms
07-12 23:19:53.436  6706  6766 D dalvikvm: GC_FOR_ALLOC freed 206K, 7% free 10686K/11399K, paused 21ms
07-12 23:19:54.049  6706  6766 D dalvikvm: GC_FOR_ALLOC freed 197K, 7% free 10689K/11399K, paused 22ms
07-12 23:19:54.557  6706  6766 D dalvikvm: GC_FOR_ALLOC freed 206K, 7% free 10686K/11399K, paused 22ms
07-12 23:19:55.171  6706  6766 D dalvikvm: GC_FOR_ALLOC freed 197K, 7% free 10689K/11399K, paused 21ms
07-12 23:19:55.682  6706  6766 D dalvikvm: GC_FOR_ALLOC freed 206K, 7% free 10686K/11399K, paused 23ms
07-12 23:19:56.815  6706  6766 D dalvikvm: GC_FOR_ALLOC freed 405K, 8% free 10560K/11399K, paused 21ms
07-12 23:19:57.428  6706  6766 D dalvikvm: GC_FOR_ALLOC freed 201K, 7% free 10689K/11399K, paused 21ms
07-12 23:19:57.944  6706  6766 D dalvikvm: GC_FOR_ALLOC freed 206K, 7% free 10686K/11399K, paused 21ms
07-12 23:19:58.549  6706  6766 D dalvikvm: GC_FOR_ALLOC freed 197K, 7% free 10689K/11399K, paused 21ms
07-12 23:19:59.073  6706  6766 D dalvikvm: GC_FOR_ALLOC freed 207K, 7% free 10688K/11399K, paused 25ms
07-12 23:19:59.702  6706  6766 D dalvikvm: GC_FOR_ALLOC freed 288K, 7% free 10633K/11399K, paused 21ms
07-12 23:20:00.792  6706  6766 D dalvikvm: GC_FOR_ALLOC freed 317K, 8% free 10560K/11399K, paused 21ms
07-12 23:20:01.311  6706  6766 D dalvikvm: GC_FOR_ALLOC freed 209K, 7% free 10686K/11399K, paused 22ms
07-12 23:20:01.913  6706  6766 D dalvikvm: GC_FOR_ALLOC freed 197K, 7% free 10689K/11399K, paused 21ms
07-12 23:20:02.432  6706  6766 D dalvikvm: GC_FOR_ALLOC freed 206K, 7% free 10686K/11399K, paused 21ms
07-12 23:20:03.042  6706  6766 D dalvikvm: GC_FOR_ALLOC freed 197K, 7% free 10689K/11399K, paused 21ms
07-12 23:20:03.553  6706  6766 D dalvikvm: GC_FOR_ALLOC freed 206K, 7% free 10686K/11399K, paused 22ms
07-12 23:20:04.690  6706  6766 D dalvikvm: GC_FOR_ALLOC freed 410K, 8% free 10560K/11399K, paused 22ms
07-12 23:20:05.405  6706  6766 D dalvikvm: GC_FOR_ALLOC freed 201K, 7% free 10689K/11399K, paused 21ms
07-12 23:20:05.823  6706  6766 D dalvikvm: GC_FOR_ALLOC freed 206K, 7% free 10686K/11399K, paused 21ms
07-12 23:20:06.432  6706  6766 D dalvikvm: GC_FOR_ALLOC freed 197K, 7% free 10689K/11399K, paused 21ms
07-12 23:20:06.952  6706  6766 D dalvikvm: GC_FOR_ALLOC freed 206K, 7% free 10686K/11399K, paused 21ms
07-12 23:20:07.756  6706  6766 D dalvikvm: GC_FOR_ALLOC freed 197K, 7% free 10689K/11399K, paused 32ms
07-12 23:20:08.178  6706  6766 D dalvikvm: GC_FOR_ALLOC freed 206K, 7% free 10686K/11399K, paused 21ms
07-12 23:20:08.713  6706  6766 D dalvikvm: GC_FOR_ALLOC freed 201K, 7% free 10689K/11399K, paused 23ms
07-12 23:20:09.194  6706  6766 D dalvikvm: GC_FOR_ALLOC freed 206K, 7% free 10686K/11399K, paused 21ms
07-12 23:20:10.389  6706  6766 D dalvikvm: GC_FOR_ALLOC freed 435K, 8% free 10560K/11399K, paused 23ms
07-12 23:20:10.979  6706  6709 D dalvikvm: GC_CONCURRENT freed 387K, 8% free 10566K/11399K, paused 2ms+3ms
07-12 23:20:10.983  6547  6560 I PhoneLab-: Service Running
07-12 23:20:11.026  6547  6560 I PhoneLab-LoggerService: app_37    1373  1     1440   1000  c00f181c 400107b4 S logcat
07-12 23:20:11.026  6547  6560 I PhoneLab-LoggerService: Logcat pid from database 1373
07-12 23:20:11.026  6547  6560 I PhoneLab-LoggerService: Logcat process found 1373
07-12 23:20:11.026  6547  6560 I PhoneLab-LoggerService: Checking Threshold
07-12 23:20:12.163  6706  6766 D dalvikvm: GC_FOR_ALLOC freed 238K, 7% free 10689K/11399K, paused 21ms
07-12 23:20:12.823  6706  6766 D dalvikvm: GC_FOR_ALLOC freed 206K, 7% free 10686K/11399K, paused 34ms
07-12 23:20:13.198  6706  6766 D dalvikvm: GC_FOR_ALLOC freed 197K, 7% free 10689K/11399K, paused 53ms
07-12 23:20:13.819  6706  6766 D dalvikvm: GC_FOR_ALLOC freed 206K, 7% free 10686K/11399K, paused 21ms
07-12 23:20:14.303  6706  6766 D dalvikvm: GC_FOR_ALLOC freed 197K, 7% free 10689K/11399K, paused 22ms
07-12 23:20:14.878  6706  6766 D dalvikvm: GC_FOR_ALLOC freed 206K, 7% free 10686K/11399K, paused 22ms
07-12 23:20:15.362  6706  6766 D dalvikvm: GC_FOR_ALLOC freed 197K, 7% free 10689K/11399K, paused 21ms
07-12 23:20:15.952  6706  6766 D dalvikvm: GC_FOR_ALLOC freed 206K, 7% free 10686K/11399K, paused 21ms
07-12 23:20:16.460  6706  6766 D dalvikvm: GC_FOR_ALLOC freed 197K, 7% free 10689K/11399K, paused 21ms
07-12 23:20:17.077  6706  6766 D dalvikvm: GC_FOR_ALLOC freed 206K, 7% free 10686K/11399K, paused 21ms
07-12 23:20:17.592  6706  6766 D dalvikvm: GC_FOR_ALLOC freed 199K, 7% free 10691K/11399K, paused 25ms
07-12 23:20:18.194  6706  6766 D dalvikvm: GC_FOR_ALLOC freed 207K, 7% free 10686K/11399K, paused 21ms
07-12 23:20:18.721  6706  6766 D dalvikvm: GC_FOR_ALLOC freed 197K, 7% free 10689K/11399K, paused 22ms
07-12 23:20:19.323  6706  6766 D dalvikvm: GC_FOR_ALLOC freed 206K, 7% free 10686K/11399K, paused 21ms
07-12 23:20:19.862  6706  6766 D dalvikvm: GC_FOR_ALLOC freed 197K, 7% free 10689K/11399K, paused 21ms
07-12 23:20:20.487  6706  6766 D dalvikvm: GC_FOR_ALLOC freed 206K, 7% free 10686K/11399K, paused 21ms
07-12 23:20:20.963  6706  6766 D dalvikvm: GC_FOR_ALLOC freed 197K, 7% free 10689K/11399K, paused 21ms
07-12 23:20:21.581  6706  6766 D dalvikvm: GC_FOR_ALLOC freed 206K, 7% free 10686K/11399K, paused 21ms
07-12 23:20:22.088  6706  6766 D dalvikvm: GC_FOR_ALLOC freed 197K, 7% free 10689K/11399K, paused 21ms
07-12 23:20:22.827  6706  6766 D dalvikvm: GC_FOR_ALLOC freed 206K, 7% free 10686K/11399K, paused 58ms
07-12 23:20:23.131  5358  5358 D OpenGLRenderer: Flushing caches (mode 2)
07-12 23:20:23.131  5358  5358 D OpenGLRenderer: Flushing caches (mode 0)
07-12 23:20:23.131  5358  5358 W ManagedEGLContext: doTerminate failed: EGL count is 2 but managed count is 1
07-12 23:20:23.842  6706  6766 D dalvikvm: GC_FOR_ALLOC freed 415K, 8% free 10560K/11399K, paused 21ms
07-12 23:20:24.374  6706  6709 D dalvikvm: GC_CONCURRENT freed 386K, 8% free 10564K/11399K, paused 2ms+3ms
07-12 23:20:25.503  6706  6709 D dalvikvm: GC_CONCURRENT freed 271K, 7% free 10691K/11399K, paused 2ms+3ms
07-12 23:20:26.088  6706  6766 D dalvikvm: GC_FOR_ALLOC freed 208K, 7% free 10686K/11399K, paused 22ms
07-12 23:20:26.600  6706  6766 D dalvikvm: GC_FOR_ALLOC freed 197K, 7% free 10689K/11399K, paused 21ms
07-12 23:20:27.229  6706  6766 D dalvikvm: GC_FOR_ALLOC freed 360K, 8% free 10589K/11399K, paused 22ms
07-12 23:20:28.452  6706  6766 D dalvikvm: GC_FOR_ALLOC freed 257K, 7% free 10686K/11399K, paused 21ms
07-12 23:20:29.057  6652  6655 D dalvikvm: GC_CONCURRENT freed 505K, 6% free 10266K/10887K, paused 1ms+3ms
07-12 23:20:29.116  5358  5358 D OpenGLRenderer: Flushing caches (mode 2)
07-12 23:20:29.120  5358  5358 D OpenGLRenderer: Flushing caches (mode 0)
07-12 23:20:29.120  5358  5358 W ManagedEGLContext: doTerminate failed: EGL count is 2 but managed count is 1
07-12 23:20:29.471  6706  6766 D dalvikvm: GC_FOR_ALLOC freed 405K, 8% free 10560K/11399K, paused 21ms
07-12 23:20:30.061  6706  6709 D dalvikvm: GC_CONCURRENT freed 348K, 7% free 10616K/11399K, paused 8ms+3ms
07-12 23:20:31.128  6706  6766 D dalvikvm: GC_FOR_ALLOC freed 267K, 7% free 10682K/11399K, paused 22ms
07-12 23:20:32.245  6706  6766 D dalvikvm: GC_FOR_ALLOC freed 405K, 8% free 10560K/11399K, paused 21ms
07-12 23:20:32.858  6706  6766 D dalvikvm: GC_FOR_ALLOC freed 209K, 7% free 10686K/11399K, paused 21ms
07-12 23:20:33.378  6706  6766 D dalvikvm: GC_FOR_ALLOC freed 197K, 7% free 10689K/11399K, paused 21ms
07-12 23:20:33.987  6706  6766 D dalvikvm: GC_FOR_ALLOC freed 206K, 7% free 10686K/11399K, paused 21ms
07-12 23:20:34.495  6706  6766 D dalvikvm: GC_FOR_ALLOC freed 197K, 7% free 10689K/11399K, paused 21ms
07-12 23:20:35.108  6706  6766 D dalvikvm: GC_FOR_ALLOC freed 206K, 7% free 10686K/11399K, paused 21ms
07-12 23:20:35.628  6706  6766 D dalvikvm: GC_FOR_ALLOC freed 197K, 7% free 10689K/11399K, paused 21ms
07-12 23:20:36.241  6706  6766 D dalvikvm: GC_FOR_ALLOC freed 207K, 7% free 10688K/11399K, paused 25ms
07-12 23:20:37.370  6706  6766 D dalvikvm: GC_FOR_ALLOC freed 407K, 8% free 10560K/11399K, paused 21ms
07-12 23:20:37.874  6706  6766 D dalvikvm: GC_FOR_ALLOC freed 201K, 7% free 10689K/11399K, paused 21ms
07-12 23:20:38.694  6706  6766 D dalvikvm: GC_FOR_ALLOC freed 206K, 7% free 10686K/11399K, paused 21ms
07-12 23:20:38.991  6706  6766 D dalvikvm: GC_FOR_ALLOC freed 197K, 7% free 10689K/11399K, paused 21ms
07-12 23:20:39.772  6706  6766 D dalvikvm: GC_FOR_ALLOC freed 206K, 7% free 10686K/11399K, paused 71ms
07-12 23:20:40.124  6706  6766 D dalvikvm: GC_FOR_ALLOC freed 197K, 7% free 10689K/11399K, paused 21ms
07-12 23:20:40.846  6706  6766 D dalvikvm: GC_FOR_ALLOC freed 206K, 7% free 10686K/11399K, paused 21ms
07-12 23:20:41.862  6706  6766 D dalvikvm: GC_FOR_ALLOC freed 405K, 8% free 10560K/11399K, paused 22ms
07-12 23:20:42.483  6706  6766 D dalvikvm: GC_FOR_ALLOC freed 201K, 7% free 10689K/11399K, paused 21ms
07-12 23:20:43.003  6706  6766 D dalvikvm: GC_FOR_ALLOC freed 206K, 7% free 10686K/11399K, paused 21ms
07-12 23:20:43.510  6706  6766 D dalvikvm: GC_FOR_ALLOC freed 197K, 7% free 10689K/11399K, paused 21ms
07-12 23:20:44.217  6706  6766 D dalvikvm: GC_FOR_ALLOC freed 206K, 7% free 10686K/11399K, paused 21ms
07-12 23:20:44.628  6706  6766 D dalvikvm: GC_FOR_ALLOC freed 197K, 7% free 10689K/11399K, paused 21ms
07-12 23:20:45.327  6706  6766 D dalvikvm: GC_FOR_ALLOC freed 206K, 7% free 10686K/11399K, paused 47ms
07-12 23:20:46.335  6706  6766 D dalvikvm: GC_FOR_ALLOC freed 414K, 8% free 10585K/11399K, paused 26ms
07-12 23:20:47.534  6706  6709 D dalvikvm: GC_CONCURRENT freed 421K, 8% free 10563K/11399K, paused 80ms+2ms
07-12 23:20:48.018  6706  6766 D dalvikvm: GC_FOR_ALLOC freed 204K, 7% free 10689K/11399K, paused 22ms
07-12 23:20:48.631  6706  6766 D dalvikvm: GC_FOR_ALLOC freed 206K, 7% free 10686K/11399K, paused 21ms
07-12 23:20:49.139  6706  6766 D dalvikvm: GC_FOR_ALLOC freed 197K, 7% free 10689K/11399K, paused 21ms
07-12 23:20:49.749  6706  6766 D dalvikvm: GC_FOR_ALLOC freed 206K, 7% free 10686K/11399K, paused 21ms
07-12 23:20:50.284  6706  6766 D dalvikvm: GC_FOR_ALLOC freed 197K, 7% free 10689K/11399K, paused 21ms
07-12 23:20:51.483  6706  6766 D dalvikvm: GC_FOR_ALLOC freed 405K, 8% free 10560K/11399K, paused 24ms
07-12 23:20:52.022  6706  6709 D dalvikvm: GC_CONCURRENT freed 214K, 6% free 10734K/11399K, paused 2ms+3ms
07-12 23:20:52.952  6706  6766 D dalvikvm: GC_FOR_ALLOC freed 202K, 7% free 10689K/11399K, paused 43ms
07-12 23:20:53.948  6706  6766 D dalvikvm: GC_FOR_ALLOC freed 440K, 8% free 10560K/11399K, paused 73ms
07-12 23:20:54.299  6706  6709 D dalvikvm: GC_CONCURRENT freed 377K, 8% free 10586K/11399K, paused 2ms+2ms
07-12 23:20:55.413  6706  6709 D dalvikvm: GC_CONCURRENT freed 253K, 6% free 10740K/11399K, paused 2ms+2ms
07-12 23:20:56.421  6706  6766 D dalvikvm: GC_FOR_ALLOC freed 400K, 8% free 10560K/11399K, paused 21ms
07-12 23:20:57.046  6706  6709 D dalvikvm: GC_CONCURRENT freed 197K, 6% free 10753K/11399K, paused 2ms+2ms
07-12 23:20:58.139  6706  6766 D dalvikvm: GC_FOR_ALLOC freed 405K, 8% free 10560K/11399K, paused 21ms
07-12 23:20:58.690  6706  6709 D dalvikvm: GC_CONCURRENT freed 217K, 6% free 10740K/11399K, paused 2ms+3ms
07-12 23:20:59.784  6706  6766 D dalvikvm: GC_FOR_ALLOC freed 402K, 8% free 10560K/11399K, paused 22ms
07-12 23:21:00.397  6706  6766 D dalvikvm: GC_FOR_ALLOC freed 201K, 7% free 10689K/11399K, paused 21ms
07-12 23:21:00.913  6706  6766 D dalvikvm: GC_FOR_ALLOC freed 206K, 7% free 10686K/11399K, paused 21ms
07-12 23:21:01.522  6706  6766 D dalvikvm: GC_FOR_ALLOC freed 197K, 7% free 10689K/11399K, paused 22ms
07-12 23:21:02.042  6706  6766 D dalvikvm: GC_FOR_ALLOC freed 206K, 7% free 10686K/11399K, paused 22ms
07-12 23:21:02.717  6706  6766 D dalvikvm: GC_FOR_ALLOC freed 197K, 7% free 10689K/11399K, paused 33ms
07-12 23:21:03.167  6706  6766 D dalvikvm: GC_FOR_ALLOC freed 206K, 7% free 10686K/11399K, paused 21ms
07-12 23:21:03.784  6706  6766 D dalvikvm: GC_FOR_ALLOC freed 197K, 7% free 10689K/11399K, paused 21ms
07-12 23:21:04.296  6706  6766 D dalvikvm: GC_FOR_ALLOC freed 209K, 7% free 10686K/11399K, paused 21ms
07-12 23:21:05.421  6706  6766 D dalvikvm: GC_FOR_ALLOC freed 405K, 8% free 10560K/11399K, paused 21ms
07-12 23:21:06.030  6706  6766 D dalvikvm: GC_FOR_ALLOC freed 201K, 7% free 10689K/11399K, paused 21ms
07-12 23:21:06.549  6706  6766 D dalvikvm: GC_FOR_ALLOC freed 206K, 7% free 10686K/11399K, paused 21ms
07-12 23:21:07.163  6706  6766 D dalvikvm: GC_FOR_ALLOC freed 197K, 7% free 10689K/11399K, paused 21ms
07-12 23:21:07.678  6706  6766 D dalvikvm: GC_FOR_ALLOC freed 206K, 7% free 10686K/11399K, paused 21ms
07-12 23:21:08.276  6706  6766 D dalvikvm: GC_FOR_ALLOC freed 197K, 7% free 10689K/11399K, paused 22ms
07-12 23:21:08.784  6706  6766 D dalvikvm: GC_FOR_ALLOC freed 206K, 7% free 10686K/11399K, paused 21ms
07-12 23:21:09.413  6706  6766 D dalvikvm: GC_FOR_ALLOC freed 197K, 7% free 10689K/11399K, paused 21ms
07-12 23:21:09.936  6706  6766 D dalvikvm: GC_FOR_ALLOC freed 206K, 7% free 10686K/11399K, paused 21ms
07-12 23:21:10.663  6706  6766 D dalvikvm: GC_FOR_ALLOC freed 197K, 7% free 10689K/11399K, paused 22ms
07-12 23:21:11.038  6706  6766 D dalvikvm: GC_FOR_ALLOC freed 206K, 7% free 10686K/11399K, paused 22ms
07-12 23:21:11.647  6706  6766 D dalvikvm: GC_FOR_ALLOC freed 197K, 7% free 10689K/11399K, paused 21ms
07-12 23:21:12.174  6706  6766 D dalvikvm: GC_FOR_ALLOC freed 206K, 7% free 10686K/11399K, paused 21ms
07-12 23:21:12.897  6706  6766 D dalvikvm: GC_FOR_ALLOC freed 197K, 7% free 10689K/11399K, paused 22ms
07-12 23:21:13.311  6706  6766 D dalvikvm: GC_FOR_ALLOC freed 207K, 7% free 10688K/11399K, paused 24ms
07-12 23:21:13.917  6706  6766 D dalvikvm: GC_FOR_ALLOC freed 199K, 7% free 10689K/11399K, paused 21ms
07-12 23:21:15.042  6706  6766 D dalvikvm: GC_FOR_ALLOC freed 435K, 8% free 10560K/11399K, paused 21ms
07-12 23:21:15.553  6706  6766 D dalvikvm: GC_FOR_ALLOC freed 209K, 7% free 10686K/11399K, paused 22ms
07-12 23:21:16.163  6706  6766 D dalvikvm: GC_FOR_ALLOC freed 197K, 7% free 10689K/11399K, paused 21ms
07-12 23:21:16.682  6706  6766 D dalvikvm: GC_FOR_ALLOC freed 206K, 7% free 10686K/11399K, paused 22ms
07-12 23:21:17.292  6706  6766 D dalvikvm: GC_FOR_ALLOC freed 197K, 7% free 10689K/11399K, paused 22ms
07-12 23:21:17.975  6706  6766 D dalvikvm: GC_FOR_ALLOC freed 206K, 7% free 10686K/11399K, paused 45ms
07-12 23:21:18.405  6706  6766 D dalvikvm: GC_FOR_ALLOC freed 197K, 7% free 10689K/11399K, paused 21ms
07-12 23:21:18.924  6706  6766 D dalvikvm: GC_FOR_ALLOC freed 206K, 7% free 10686K/11399K, paused 21ms
07-12 23:21:19.530  6706  6766 D dalvikvm: GC_FOR_ALLOC freed 198K, 7% free 10689K/11399K, paused 21ms
07-12 23:21:20.213  6706  6766 D dalvikvm: GC_FOR_ALLOC freed 206K, 7% free 10686K/11399K, paused 67ms
07-12 23:21:20.292   144   147 D dalvikvm: GC_CONCURRENT freed 2050K, 26% free 17616K/23623K, paused 3ms+7ms
07-12 23:21:20.667  6706  6766 D dalvikvm: GC_FOR_ALLOC freed 197K, 7% free 10689K/11399K, paused 22ms
07-12 23:21:21.178  6706  6766 D dalvikvm: GC_FOR_ALLOC freed 206K, 7% free 10686K/11399K, paused 21ms
07-12 23:21:22.319  6706  6766 D dalvikvm: GC_FOR_ALLOC freed 420K, 8% free 10560K/11399K, paused 22ms
07-12 23:21:22.995  6706  6766 D dalvikvm: GC_FOR_ALLOC freed 205K, 7% free 10689K/11399K, paused 25ms
07-12 23:21:24.061  6706  6766 D dalvikvm: GC_FOR_ALLOC freed 405K, 8% free 10560K/11399K, paused 21ms
07-12 23:21:24.585  6706  6709 D dalvikvm: GC_CONCURRENT freed 209K, 6% free 10736K/11399K, paused 2ms+3ms
07-12 23:21:25.694  6706  6766 D dalvikvm: GC_FOR_ALLOC freed 405K, 8% free 10560K/11399K, paused 21ms
07-12 23:21:26.299  6706  6766 D dalvikvm: GC_FOR_ALLOC freed 201K, 7% free 10689K/11399K, paused 22ms
07-12 23:21:26.807  6706  6766 D dalvikvm: GC_FOR_ALLOC freed 206K, 7% free 10686K/11399K, paused 22ms
07-12 23:21:27.424  6706  6766 D dalvikvm: GC_FOR_ALLOC freed 197K, 7% free 10689K/11399K, paused 21ms
07-12 23:21:28.100  6706  6766 D dalvikvm: GC_FOR_ALLOC freed 206K, 7% free 10686K/11399K, paused 52ms
07-12 23:21:29.073  6706  6766 D dalvikvm: GC_FOR_ALLOC freed 420K, 8% free 10560K/11399K, paused 21ms
07-12 23:21:29.186  5358  5358 D OpenGLRenderer: Flushing caches (mode 2)
07-12 23:21:29.186  5358  5358 D OpenGLRenderer: Flushing caches (mode 0)
07-12 23:21:29.186  5358  5358 W ManagedEGLContext: doTerminate failed: EGL count is 2 but managed count is 1
07-12 23:21:29.260  3358  3360 D dalvikvm: GC_CONCURRENT freed 524K, 7% free 10204K/10951K, paused 1ms+4ms
07-12 23:21:29.811  6706  6709 D dalvikvm: GC_CONCURRENT freed 324K, 7% free 10621K/11399K, paused 10ms+2ms
07-12 23:21:30.229   144   198 D DhcpInfoInternal: makeLinkProperties with empty dns2!
07-12 23:21:30.237   144   198 D DhcpInfoInternal: makeLinkProperties with empty dns2!
07-12 23:21:30.803  6706  6766 D dalvikvm: GC_FOR_ALLOC freed 302K, 7% free 10616K/11399K, paused 23ms
07-12 23:21:31.928  6706  6766 D dalvikvm: GC_FOR_ALLOC freed 415K, 8% free 10562K/11399K, paused 29ms
07-12 23:21:32.475  6706  6709 D dalvikvm: GC_CONCURRENT freed 216K, 6% free 10749K/11399K, paused 2ms+3ms
07-12 23:21:33.577  6706  6766 D dalvikvm: GC_FOR_ALLOC freed 410K, 8% free 10560K/11399K, paused 21ms
07-12 23:21:34.190  6706  6766 D dalvikvm: GC_FOR_ALLOC freed 201K, 7% free 10689K/11399K, paused 21ms
07-12 23:21:34.698  6706  6766 D dalvikvm: GC_FOR_ALLOC freed 206K, 7% free 10686K/11399K, paused 22ms
07-12 23:21:35.315  6706  6766 D dalvikvm: GC_FOR_ALLOC freed 197K, 7% free 10689K/11399K, paused 22ms
07-12 23:21:35.819  6706  6766 D dalvikvm: GC_FOR_ALLOC freed 206K, 7% free 10686K/11399K, paused 22ms
07-12 23:21:36.436  6706  6766 D dalvikvm: GC_FOR_ALLOC freed 197K, 7% free 10689K/11399K, paused 22ms
07-12 23:21:36.944  6706  6766 D dalvikvm: GC_FOR_ALLOC freed 206K, 7% free 10686K/11399K, paused 21ms
07-12 23:21:37.600  6706  6766 D dalvikvm: GC_FOR_ALLOC freed 197K, 7% free 10689K/11399K, paused 22ms
07-12 23:21:38.077  6706  6766 D dalvikvm: GC_FOR_ALLOC freed 206K, 7% free 10686K/11399K, paused 21ms
07-12 23:21:38.600  6706  6766 D dalvikvm: GC_FOR_ALLOC freed 197K, 7% free 10689K/11399K, paused 23ms
07-12 23:21:39.210  6706  6766 D dalvikvm: GC_FOR_ALLOC freed 206K, 7% free 10686K/11399K, paused 21ms
07-12 23:21:39.721  6706  6766 D dalvikvm: GC_FOR_ALLOC freed 197K, 7% free 10689K/11399K, paused 22ms
07-12 23:21:40.327  6706  6766 D dalvikvm: GC_FOR_ALLOC freed 206K, 7% free 10686K/11399K, paused 21ms
07-12 23:21:40.835  6706  6766 D dalvikvm: GC_FOR_ALLOC freed 197K, 7% free 10689K/11399K, paused 22ms
07-12 23:21:41.456  6706  6766 D dalvikvm: GC_FOR_ALLOC freed 209K, 7% free 10686K/11399K, paused 21ms
07-12 23:21:41.963  6706  6766 D dalvikvm: GC_FOR_ALLOC freed 197K, 7% free 10689K/11399K, paused 21ms
07-12 23:21:42.690  6706  6766 D dalvikvm: GC_FOR_ALLOC freed 206K, 7% free 10686K/11399K, paused 21ms
07-12 23:21:43.198  6706  6766 D dalvikvm: GC_FOR_ALLOC freed 197K, 7% free 10689K/11399K, paused 22ms
07-12 23:21:43.729  6706  6766 D dalvikvm: GC_FOR_ALLOC freed 206K, 7% free 10686K/11399K, paused 21ms
07-12 23:21:44.229  6706  6766 D dalvikvm: GC_FOR_ALLOC freed 197K, 7% free 10689K/11399K, paused 21ms
07-12 23:21:44.850  6706  6766 D dalvikvm: GC_FOR_ALLOC freed 206K, 7% free 10686K/11399K, paused 21ms
07-12 23:21:45.358  6706  6766 D dalvikvm: GC_FOR_ALLOC freed 197K, 7% free 10689K/11399K, paused 21ms
07-12 23:21:45.963  6706  6766 D dalvikvm: GC_FOR_ALLOC freed 206K, 7% free 10686K/11399K, paused 21ms
07-12 23:21:46.471  6706  6766 D dalvikvm: GC_FOR_ALLOC freed 197K, 7% free 10689K/11399K, paused 21ms
07-12 23:21:47.186  6706  6766 D dalvikvm: GC_FOR_ALLOC freed 206K, 7% free 10686K/11399K, paused 22ms
07-12 23:21:47.604  6706  6766 D dalvikvm: GC_FOR_ALLOC freed 197K, 7% free 10689K/11399K, paused 22ms
07-12 23:21:48.323  6706  6766 D dalvikvm: GC_FOR_ALLOC freed 206K, 7% free 10686K/11399K, paused 21ms
07-12 23:21:48.737  6706  6766 D dalvikvm: GC_FOR_ALLOC freed 197K, 7% free 10689K/11399K, paused 21ms
07-12 23:21:49.874  6706  6766 D dalvikvm: GC_FOR_ALLOC freed 405K, 8% free 10560K/11399K, paused 22ms
07-12 23:21:50.616  6706  6709 D dalvikvm: GC_CONCURRENT freed 216K, 6% free 10751K/11399K, paused 2ms+3ms
07-12 23:21:51.600  6706  6766 D dalvikvm: GC_FOR_ALLOC freed 407K, 8% free 10560K/11399K, paused 22ms
07-12 23:21:52.120  6706  6766 D dalvikvm: GC_FOR_ALLOC freed 201K, 7% free 10689K/11399K, paused 21ms
07-12 23:21:52.835  6706  6766 D dalvikvm: GC_FOR_ALLOC freed 206K, 7% free 10686K/11399K, paused 21ms
07-12 23:21:53.260  6706  6766 D dalvikvm: GC_FOR_ALLOC freed 197K, 7% free 10689K/11399K, paused 21ms
07-12 23:21:54.358  6706  6766 D dalvikvm: GC_FOR_ALLOC freed 405K, 8% free 10560K/11399K, paused 21ms
07-12 23:21:55.014  6706  6766 D dalvikvm: GC_FOR_ALLOC freed 209K, 7% free 10686K/11399K, paused 21ms
07-12 23:21:55.514  6706  6766 D dalvikvm: GC_FOR_ALLOC freed 197K, 7% free 10689K/11399K, paused 21ms
07-12 23:21:56.096  6706  6766 D dalvikvm: GC_FOR_ALLOC freed 206K, 7% free 10686K/11399K, paused 22ms
07-12 23:21:56.616  6706  6766 D dalvikvm: GC_FOR_ALLOC freed 197K, 7% free 10689K/11399K, paused 21ms
07-12 23:21:57.225  6706  6766 D dalvikvm: GC_FOR_ALLOC freed 206K, 7% free 10686K/11399K, paused 21ms
07-12 23:21:57.733  6706  6766 D dalvikvm: GC_FOR_ALLOC freed 197K, 7% free 10689K/11399K, paused 21ms
07-12 23:21:58.358  6706  6766 D dalvikvm: GC_FOR_ALLOC freed 206K, 7% free 10686K/11399K, paused 23ms
07-12 23:21:58.374  5358  5358 D OpenGLRenderer: Flushing caches (mode 2)
07-12 23:21:58.374  5358  5358 D OpenGLRenderer: Flushing caches (mode 0)
07-12 23:21:58.374  5358  5358 W ManagedEGLContext: doTerminate failed: EGL count is 2 but managed count is 1
07-12 23:21:58.862  6706  6766 D dalvikvm: GC_FOR_ALLOC freed 197K, 7% free 10689K/11399K, paused 21ms
07-12 23:21:59.483  6706  6766 D dalvikvm: GC_FOR_ALLOC freed 206K, 7% free 10686K/11399K, paused 22ms
07-12 23:22:00.046  6706  6766 D dalvikvm: GC_FOR_ALLOC freed 201K, 7% free 10689K/11399K, paused 23ms
07-12 23:22:00.604  6706  6766 D dalvikvm: GC_FOR_ALLOC freed 206K, 7% free 10686K/11399K, paused 22ms
07-12 23:22:01.120  6706  6766 D dalvikvm: GC_FOR_ALLOC freed 197K, 7% free 10689K/11399K, paused 21ms
07-12 23:22:01.725  6706  6766 D dalvikvm: GC_FOR_ALLOC freed 206K, 7% free 10686K/11399K, paused 22ms
07-12 23:22:02.241  6706  6766 D dalvikvm: GC_FOR_ALLOC freed 197K, 7% free 10689K/11399K, paused 21ms
07-12 23:22:03.100  6706  6766 D dalvikvm: GC_FOR_ALLOC freed 206K, 7% free 10686K/11399K, paused 21ms
07-12 23:22:04.077  6706  6766 D dalvikvm: GC_FOR_ALLOC freed 405K, 8% free 10560K/11399K, paused 21ms
07-12 23:22:04.499  6706  6766 D dalvikvm: GC_FOR_ALLOC freed 201K, 7% free 10689K/11399K, paused 21ms
07-12 23:22:05.116  6706  6766 D dalvikvm: GC_FOR_ALLOC freed 206K, 7% free 10686K/11399K, paused 21ms
07-12 23:22:05.628  6706  6766 D dalvikvm: GC_FOR_ALLOC freed 197K, 7% free 10689K/11399K, paused 22ms
07-12 23:22:06.335  6706  6766 D dalvikvm: GC_FOR_ALLOC freed 206K, 7% free 10686K/11399K, paused 21ms
07-12 23:22:06.760  6706  6766 D dalvikvm: GC_FOR_ALLOC freed 197K, 7% free 10689K/11399K, paused 21ms
07-12 23:22:07.374  6706  6766 D dalvikvm: GC_FOR_ALLOC freed 206K, 7% free 10686K/11399K, paused 22ms
07-12 23:22:07.881  6706  6766 D dalvikvm: GC_FOR_ALLOC freed 197K, 7% free 10689K/11399K, paused 22ms
07-12 23:22:08.487  6706  6766 D dalvikvm: GC_FOR_ALLOC freed 206K, 7% free 10686K/11399K, paused 22ms
07-12 23:22:09.018  6706  6766 D dalvikvm: GC_FOR_ALLOC freed 199K, 7% free 10691K/11399K, paused 24ms
07-12 23:22:09.827  6706  6766 D dalvikvm: GC_FOR_ALLOC freed 207K, 7% free 10686K/11399K, paused 21ms
07-12 23:22:10.128  6706  6766 D dalvikvm: GC_FOR_ALLOC freed 197K, 7% free 10689K/11399K, paused 21ms
07-12 23:22:10.866  6706  6766 D dalvikvm: GC_FOR_ALLOC freed 206K, 7% free 10686K/11399K, paused 58ms
07-12 23:22:10.987  6547  6560 I PhoneLab-: Service Running
07-12 23:22:11.065  6547  6560 I PhoneLab-LoggerService: app_37    1373  1     1440   1000  c00f181c 400107b4 S logcat
07-12 23:22:11.065  6547  6560 I PhoneLab-LoggerService: Logcat pid from database 1373
07-12 23:22:11.065  6547  6560 I PhoneLab-LoggerService: Logcat process found 1373
07-12 23:22:11.065  6547  6560 I PhoneLab-LoggerService: Checking Threshold
07-12 23:22:11.260  6706  6766 D dalvikvm: GC_FOR_ALLOC freed 197K, 7% free 10689K/11399K, paused 21ms
07-12 23:22:11.866  6706  6766 D dalvikvm: GC_FOR_ALLOC freed 206K, 7% free 10686K/11399K, paused 21ms
07-12 23:22:12.421  6706  6766 D dalvikvm: GC_FOR_ALLOC freed 197K, 7% free 10689K/11399K, paused 22ms
07-12 23:22:13.182  6706  6766 D dalvikvm: GC_FOR_ALLOC freed 206K, 7% free 10686K/11399K, paused 58ms
07-12 23:22:13.506  6706  6766 D dalvikvm: GC_FOR_ALLOC freed 197K, 7% free 10689K/11399K, paused 21ms
07-12 23:22:14.124  6706  6766 D dalvikvm: GC_FOR_ALLOC freed 206K, 7% free 10686K/11399K, paused 22ms
07-12 23:22:14.631  6706  6766 D dalvikvm: GC_FOR_ALLOC freed 198K, 7% free 10689K/11399K, paused 21ms
07-12 23:22:15.256  6706  6766 D dalvikvm: GC_FOR_ALLOC freed 206K, 7% free 10686K/11399K, paused 21ms
07-12 23:22:15.760  6706  6766 D dalvikvm: GC_FOR_ALLOC freed 197K, 7% free 10689K/11399K, paused 21ms
07-12 23:22:16.381  6706  6766 D dalvikvm: GC_FOR_ALLOC freed 206K, 7% free 10686K/11399K, paused 22ms
07-12 23:22:16.995  6706  6766 D dalvikvm: GC_FOR_ALLOC freed 197K, 7% free 10689K/11399K, paused 21ms
07-12 23:22:17.510  6706  6766 D dalvikvm: GC_FOR_ALLOC freed 206K, 7% free 10686K/11399K, paused 22ms
07-12 23:22:18.198  6706  6766 D dalvikvm: GC_FOR_ALLOC freed 197K, 7% free 10689K/11399K, paused 37ms
07-12 23:22:18.631  6706  6766 D dalvikvm: GC_FOR_ALLOC freed 209K, 7% free 10686K/11399K, paused 22ms
07-12 23:22:19.147  6706  6766 D dalvikvm: GC_FOR_ALLOC freed 197K, 7% free 10689K/11399K, paused 21ms
07-12 23:22:19.764  6706  6766 D dalvikvm: GC_FOR_ALLOC freed 206K, 7% free 10686K/11399K, paused 22ms
07-12 23:22:20.284  6706  6766 D dalvikvm: GC_FOR_ALLOC freed 197K, 7% free 10689K/11399K, paused 21ms
07-12 23:22:20.807  6706  6766 D dalvikvm: GC_FOR_ALLOC freed 206K, 7% free 10686K/11399K, paused 21ms
07-12 23:22:21.417  6706  6766 D dalvikvm: GC_FOR_ALLOC freed 197K, 7% free 10689K/11399K, paused 22ms
07-12 23:22:21.917  6706  6766 D dalvikvm: GC_FOR_ALLOC freed 206K, 7% free 10686K/11399K, paused 21ms
07-12 23:22:22.538  6706  6766 D dalvikvm: GC_FOR_ALLOC freed 197K, 7% free 10689K/11399K, paused 21ms
07-12 23:22:23.647  6706  6766 D dalvikvm: GC_FOR_ALLOC freed 410K, 8% free 10560K/11399K, paused 23ms
07-12 23:22:24.256  6706  6709 D dalvikvm: GC_CONCURRENT freed 350K, 7% free 10613K/11399K, paused 3ms+2ms
07-12 23:22:25.397  6706  6766 D dalvikvm: GC_FOR_ALLOC freed 268K, 7% free 10686K/11399K, paused 21ms
07-12 23:22:25.913  6706  6766 D dalvikvm: GC_FOR_ALLOC freed 197K, 7% free 10689K/11399K, paused 21ms
07-12 23:22:26.417  6706  6766 D dalvikvm: GC_FOR_ALLOC freed 206K, 7% free 10686K/11399K, paused 22ms
07-12 23:22:27.026  6706  6766 D dalvikvm: GC_FOR_ALLOC freed 197K, 7% free 10689K/11399K, paused 21ms
07-12 23:22:27.549  6706  6766 D dalvikvm: GC_FOR_ALLOC freed 207K, 7% free 10688K/11399K, paused 23ms
07-12 23:22:28.663  6706  6766 D dalvikvm: GC_FOR_ALLOC freed 427K, 8% free 10560K/11399K, paused 22ms
07-12 23:22:29.292  6652  6655 D dalvikvm: GC_CONCURRENT freed 513K, 6% free 10265K/10887K, paused 2ms+4ms
07-12 23:22:29.327  5358  5358 D OpenGLRenderer: Flushing caches (mode 2)
07-12 23:22:29.331  5358  5358 D OpenGLRenderer: Flushing caches (mode 0)
07-12 23:22:29.346  5358  5358 W ManagedEGLContext: doTerminate failed: EGL count is 2 but managed count is 1
07-12 23:22:29.424  6706  6766 D dalvikvm: GC_FOR_ALLOC freed 201K, 7% free 10689K/11399K, paused 22ms
07-12 23:22:29.850  6706  6766 D dalvikvm: GC_FOR_ALLOC freed 206K, 7% free 10686K/11399K, paused 21ms
07-12 23:22:30.604  6706  6766 D dalvikvm: GC_FOR_ALLOC freed 197K, 7% free 10689K/11399K, paused 21ms
07-12 23:22:31.038  6706  6766 D dalvikvm: GC_FOR_ALLOC freed 206K, 7% free 10686K/11399K, paused 21ms
07-12 23:22:31.674  6706  6766 D dalvikvm: GC_FOR_ALLOC freed 197K, 7% free 10689K/11399K, paused 59ms
07-12 23:22:32.057  6706  6766 D dalvikvm: GC_FOR_ALLOC freed 206K, 7% free 10686K/11399K, paused 21ms
07-12 23:22:32.663  6706  6766 D dalvikvm: GC_FOR_ALLOC freed 197K, 7% free 10689K/11399K, paused 21ms
07-12 23:22:33.202  6706  6766 D dalvikvm: GC_FOR_ALLOC freed 206K, 7% free 10686K/11399K, paused 45ms
07-12 23:22:33.815  6706  6766 D dalvikvm: GC_FOR_ALLOC freed 197K, 7% free 10689K/11399K, paused 21ms
07-12 23:22:34.288  6706  6766 D dalvikvm: GC_FOR_ALLOC freed 206K, 7% free 10686K/11399K, paused 21ms
07-12 23:22:34.901  6706  6766 D dalvikvm: GC_FOR_ALLOC freed 197K, 7% free 10689K/11399K, paused 22ms
07-12 23:22:35.452  6706  6766 D dalvikvm: GC_FOR_ALLOC freed 206K, 7% free 10686K/11399K, paused 21ms
07-12 23:22:36.030  6706  6766 D dalvikvm: GC_FOR_ALLOC freed 197K, 7% free 10689K/11399K, paused 22ms
07-12 23:22:36.542  6706  6766 D dalvikvm: GC_FOR_ALLOC freed 206K, 7% free 10686K/11399K, paused 21ms
07-12 23:22:37.159  6706  6766 D dalvikvm: GC_FOR_ALLOC freed 201K, 7% free 10689K/11399K, paused 21ms
07-12 23:22:37.663  6706  6766 D dalvikvm: GC_FOR_ALLOC freed 206K, 7% free 10686K/11399K, paused 21ms
07-12 23:22:38.296  6706  6766 D dalvikvm: GC_FOR_ALLOC freed 197K, 7% free 10689K/11399K, paused 21ms
07-12 23:22:38.835  6706  6766 D dalvikvm: GC_FOR_ALLOC freed 206K, 7% free 10686K/11399K, paused 21ms
07-12 23:22:39.409  6706  6766 D dalvikvm: GC_FOR_ALLOC freed 197K, 7% free 10689K/11399K, paused 22ms
07-12 23:22:39.956  6706  6766 D dalvikvm: GC_FOR_ALLOC freed 206K, 7% free 10686K/11399K, paused 21ms
07-12 23:22:40.534  6706  6766 D dalvikvm: GC_FOR_ALLOC freed 197K, 7% free 10689K/11399K, paused 22ms
07-12 23:22:41.046  6706  6766 D dalvikvm: GC_FOR_ALLOC freed 206K, 7% free 10686K/11399K, paused 21ms
07-12 23:22:42.182  6706  6766 D dalvikvm: GC_FOR_ALLOC freed 486K, 8% free 10561K/11399K, paused 22ms
07-12 23:22:42.799  6706  6766 D dalvikvm: GC_FOR_ALLOC freed 202K, 7% free 10689K/11399K, paused 21ms
07-12 23:22:43.303  6706  6766 D dalvikvm: GC_FOR_ALLOC freed 206K, 7% free 10686K/11399K, paused 22ms
07-12 23:22:43.917  6706  6766 D dalvikvm: GC_FOR_ALLOC freed 197K, 7% free 10689K/11399K, paused 21ms
07-12 23:22:44.553  6706  6766 D dalvikvm: GC_FOR_ALLOC freed 206K, 7% free 10686K/11399K, paused 21ms
07-12 23:22:45.671  6706  6766 D dalvikvm: GC_FOR_ALLOC freed 470K, 8% free 10561K/11399K, paused 22ms
07-12 23:22:46.217  6706  6766 D dalvikvm: GC_FOR_ALLOC freed 203K, 7% free 10691K/11399K, paused 21ms
07-12 23:22:46.686  6706  6766 D dalvikvm: GC_FOR_ALLOC freed 207K, 7% free 10686K/11399K, paused 21ms
07-12 23:22:47.335  6706  6766 D dalvikvm: GC_FOR_ALLOC freed 197K, 7% free 10689K/11399K, paused 31ms
07-12 23:22:47.815  6706  6766 D dalvikvm: GC_FOR_ALLOC freed 206K, 7% free 10686K/11399K, paused 23ms
07-12 23:22:48.417  6706  6766 D dalvikvm: GC_FOR_ALLOC freed 197K, 7% free 10689K/11399K, paused 22ms
07-12 23:22:48.932  6706  6766 D dalvikvm: GC_FOR_ALLOC freed 206K, 7% free 10686K/11399K, paused 22ms
07-12 23:22:49.546  6706  6766 D dalvikvm: GC_FOR_ALLOC freed 197K, 7% free 10689K/11399K, paused 22ms
07-12 23:22:50.061  6706  6766 D dalvikvm: GC_FOR_ALLOC freed 206K, 7% free 10686K/11399K, paused 21ms
07-12 23:22:50.671  6706  6766 D dalvikvm: GC_FOR_ALLOC freed 197K, 7% free 10689K/11399K, paused 22ms
07-12 23:22:51.198  6706  6766 D dalvikvm: GC_FOR_ALLOC freed 206K, 7% free 10686K/11399K, paused 22ms
07-12 23:22:51.799  6706  6766 D dalvikvm: GC_FOR_ALLOC freed 197K, 7% free 10689K/11399K, paused 21ms
07-12 23:22:52.421  6706  6766 D dalvikvm: GC_FOR_ALLOC freed 206K, 7% free 10686K/11399K, paused 22ms
07-12 23:22:52.932  6706  6766 D dalvikvm: GC_FOR_ALLOC freed 197K, 7% free 10689K/11399K, paused 22ms
07-12 23:22:53.456  6706  6766 D dalvikvm: GC_FOR_ALLOC freed 206K, 7% free 10686K/11399K, paused 21ms
07-12 23:22:54.077  6706  6766 D dalvikvm: GC_FOR_ALLOC freed 197K, 7% free 10689K/11399K, paused 21ms
07-12 23:22:54.569  6706  6766 D dalvikvm: GC_FOR_ALLOC freed 206K, 7% free 10686K/11399K, paused 22ms
07-12 23:22:55.381  6706  6766 D dalvikvm: GC_FOR_ALLOC freed 197K, 7% free 10689K/11399K, paused 21ms
07-12 23:22:55.725  6706  6766 D dalvikvm: GC_FOR_ALLOC freed 209K, 7% free 10686K/11399K, paused 21ms
07-12 23:22:56.424  6706  6766 D dalvikvm: GC_FOR_ALLOC freed 197K, 7% free 10689K/11399K, paused 29ms
07-12 23:22:56.823  6706  6766 D dalvikvm: GC_FOR_ALLOC freed 206K, 7% free 10686K/11399K, paused 21ms
07-12 23:22:57.467  6706  6766 D dalvikvm: GC_FOR_ALLOC freed 197K, 7% free 10689K/11399K, paused 21ms
07-12 23:22:57.960  6706  6766 D dalvikvm: GC_FOR_ALLOC freed 206K, 7% free 10686K/11399K, paused 21ms
07-12 23:22:58.682  6706  6766 D dalvikvm: GC_FOR_ALLOC freed 197K, 7% free 10689K/11399K, paused 57ms
07-12 23:22:59.174  6706  6766 D dalvikvm: GC_FOR_ALLOC freed 206K, 7% free 10686K/11399K, paused 21ms
07-12 23:22:59.698  6706  6766 D dalvikvm: GC_FOR_ALLOC freed 197K, 7% free 10689K/11399K, paused 22ms
07-12 23:23:00.206  6706  6766 D dalvikvm: GC_FOR_ALLOC freed 335K, 7% free 10604K/11399K, paused 25ms
07-12 23:23:01.327  6706  6766 D dalvikvm: GC_FOR_ALLOC freed 284K, 7% free 10686K/11399K, paused 22ms
07-12 23:23:02.077  6706  6766 D dalvikvm: GC_FOR_ALLOC freed 197K, 7% free 10677K/11399K, paused 49ms
07-12 23:23:02.874   144   147 D dalvikvm: GC_CONCURRENT freed 1929K, 26% free 17609K/23623K, paused 3ms+7ms
07-12 23:23:02.909  5358  5358 D OpenGLRenderer: Flushing caches (mode 2)
07-12 23:23:02.913  5358  5358 D OpenGLRenderer: Flushing caches (mode 0)
07-12 23:23:02.913  5358  5358 W ManagedEGLContext: doTerminate failed: EGL count is 2 but managed count is 1
07-12 23:23:03.018  6706  6766 D dalvikvm: GC_FOR_ALLOC freed 405K, 8% free 10560K/11399K, paused 23ms
07-12 23:23:03.413   144   376 D dalvikvm: GC_EXPLICIT freed 40K, 26% free 17580K/23623K, paused 3ms+8ms
07-12 23:23:03.639  6706  6709 D dalvikvm: GC_CONCURRENT freed 214K, 6% free 10749K/11399K, paused 2ms+3ms
07-12 23:23:04.745  5358  5358 D OpenGLRenderer: Flushing caches (mode 2)
07-12 23:23:04.745  5358  5358 D OpenGLRenderer: Flushing caches (mode 0)
07-12 23:23:04.745  5358  5358 W ManagedEGLContext: doTerminate failed: EGL count is 2 but managed count is 1
07-12 23:23:04.772  6706  6766 D dalvikvm: GC_FOR_ALLOC freed 407K, 8% free 10562K/11399K, paused 22ms
07-12 23:23:05.022  5358  5358 D OpenGLRenderer: Flushing caches (mode 2)
07-12 23:23:05.022  5358  5358 D OpenGLRenderer: Flushing caches (mode 0)
07-12 23:23:05.022  5358  5358 W ManagedEGLContext: doTerminate failed: EGL count is 2 but managed count is 1
07-12 23:23:05.428  6706  6766 D dalvikvm: GC_FOR_ALLOC freed 203K, 7% free 10689K/11399K, paused 23ms
07-12 23:23:06.444  6706  6766 D dalvikvm: GC_FOR_ALLOC freed 425K, 8% free 10560K/11399K, paused 42ms
07-12 23:23:06.956  6706  6766 D dalvikvm: GC_FOR_ALLOC freed 209K, 7% free 10686K/11399K, paused 21ms
07-12 23:23:07.475  6706  6766 D dalvikvm: GC_FOR_ALLOC freed 197K, 7% free 10689K/11399K, paused 21ms
07-12 23:23:08.596  6706  6766 D dalvikvm: GC_FOR_ALLOC freed 193K, 7% free 10624K/11399K, paused 88ms
07-12 23:23:08.741  6706  6766 D dalvikvm: GC_FOR_ALLOC freed 196K, 7% free 10624K/11399K, paused 45ms
07-12 23:23:09.577  6706  6766 D dalvikvm: GC_FOR_ALLOC freed 200K, 7% free 10689K/11399K, paused 40ms
07-12 23:23:09.756  6706  6766 D dalvikvm: GC_FOR_ALLOC freed 197K, 7% free 10689K/11399K, paused 24ms
07-12 23:23:09.889  6106  6108 D dalvikvm: GC_CONCURRENT freed 759K, 7% free 11741K/12615K, paused 11ms+4ms
07-12 23:23:10.600  6706  6766 D dalvikvm: GC_FOR_ALLOC freed 197K, 7% free 10689K/11399K, paused 39ms
07-12 23:23:10.854  6706  6766 D dalvikvm: GC_FOR_ALLOC freed 197K, 7% free 10689K/11399K, paused 23ms
07-12 23:23:11.557  6706  6766 D dalvikvm: GC_FOR_ALLOC freed 197K, 7% free 10689K/11399K, paused 45ms
07-12 23:23:11.983  6706  6766 D dalvikvm: GC_FOR_ALLOC freed 197K, 7% free 10689K/11399K, paused 21ms
07-12 23:23:13.299  6706  6766 D dalvikvm: GC_FOR_ALLOC freed 404K, 8% free 10560K/11399K, paused 83ms
07-12 23:23:13.784  6706  6709 D dalvikvm: GC_CONCURRENT freed 363K, 8% free 10594K/11399K, paused 2ms+2ms
07-12 23:23:14.885  6706  6766 D dalvikvm: GC_FOR_ALLOC freed 406K, 8% free 10581K/11399K, paused 21ms
07-12 23:23:16.108  6706  6709 D dalvikvm: GC_CONCURRENT freed 404K, 8% free 10581K/11399K, paused 2ms+3ms
07-12 23:23:17.155  6706  6709 D dalvikvm: GC_CONCURRENT freed 246K, 6% free 10749K/11399K, paused 1ms+2ms
07-12 23:23:18.221  6706  6766 D dalvikvm: GC_FOR_ALLOC freed 400K, 8% free 10560K/11399K, paused 22ms
07-12 23:23:18.753  6706  6709 D dalvikvm: GC_CONCURRENT freed 205K, 6% free 10749K/11399K, paused 2ms+3ms
07-12 23:23:19.878  6706  6766 D dalvikvm: GC_FOR_ALLOC freed 400K, 8% free 10560K/11399K, paused 22ms
07-12 23:23:20.514  6706  6709 D dalvikvm: GC_CONCURRENT freed 205K, 6% free 10749K/11399K, paused 2ms+3ms
07-12 23:23:21.600  6706  6766 D dalvikvm: GC_FOR_ALLOC freed 400K, 8% free 10560K/11399K, paused 21ms
07-12 23:23:22.194  6706  6709 D dalvikvm: GC_CONCURRENT freed 205K, 6% free 10749K/11399K, paused 5ms+2ms
07-12 23:23:23.299  6706  6766 D dalvikvm: GC_FOR_ALLOC freed 404K, 8% free 10560K/11399K, paused 25ms
07-12 23:23:23.878  6706  6709 D dalvikvm: GC_CONCURRENT freed 205K, 6% free 10749K/11399K, paused 2ms+2ms
07-12 23:23:24.983  6706  6766 D dalvikvm: GC_FOR_ALLOC freed 400K, 8% free 10560K/11399K, paused 21ms
07-12 23:23:25.510  6706  6709 D dalvikvm: GC_CONCURRENT freed 205K, 6% free 10749K/11399K, paused 2ms+3ms
07-12 23:23:26.635  6706  6766 D dalvikvm: GC_FOR_ALLOC freed 400K, 8% free 10560K/11399K, paused 21ms
07-12 23:23:27.268  6706  6709 D dalvikvm: GC_CONCURRENT freed 205K, 6% free 10749K/11399K, paused 2ms+3ms
07-12 23:23:28.534  6706  6766 D dalvikvm: GC_FOR_ALLOC freed 439K, 8% free 10560K/11399K, paused 21ms
07-12 23:23:29.374  5358  5358 D OpenGLRenderer: Flushing caches (mode 2)
07-12 23:23:29.374  5358  5358 D OpenGLRenderer: Flushing caches (mode 0)
07-12 23:23:29.374  5358  5358 W ManagedEGLContext: doTerminate failed: EGL count is 2 but managed count is 1
07-12 23:23:29.483  3358  3360 D dalvikvm: GC_CONCURRENT freed 482K, 7% free 10215K/10951K, paused 8ms+3ms
07-12 23:23:29.499  6706  6709 D dalvikvm: GC_CONCURRENT freed 385K, 8% free 10564K/11399K, paused 3ms+4ms
07-12 23:23:30.046  6706  6709 D dalvikvm: GC_CONCURRENT freed 224K, 6% free 10749K/11399K, paused 3ms+3ms
07-12 23:23:31.124  6706  6766 D dalvikvm: GC_FOR_ALLOC freed 405K, 8% free 10560K/11399K, paused 22ms
07-12 23:23:31.780  6706  6709 D dalvikvm: GC_CONCURRENT freed 205K, 6% free 10749K/11399K, paused 2ms+3ms
07-12 23:23:32.909  6706  6766 D dalvikvm: GC_FOR_ALLOC freed 404K, 8% free 10560K/11399K, paused 23ms
07-12 23:23:33.514  6706  6709 D dalvikvm: GC_CONCURRENT freed 210K, 6% free 10749K/11399K, paused 2ms+2ms
07-12 23:23:34.006  6706  6766 D dalvikvm: GC_FOR_ALLOC freed 202K, 7% free 10686K/11399K, paused 21ms
07-12 23:23:35.206  6706  6766 D dalvikvm: GC_FOR_ALLOC freed 541K, 8% free 10561K/11399K, paused 26ms
07-12 23:23:36.272  6706  6709 D dalvikvm: GC_CONCURRENT freed 382K, 8% free 10567K/11399K, paused 2ms+2ms
07-12 23:23:36.799  6706  6709 D dalvikvm: GC_CONCURRENT freed 212K, 6% free 10749K/11399K, paused 2ms+3ms
07-12 23:23:37.909  6706  6766 D dalvikvm: GC_FOR_ALLOC freed 400K, 8% free 10560K/11399K, paused 21ms
07-12 23:23:38.534  6706  6709 D dalvikvm: GC_CONCURRENT freed 205K, 6% free 10749K/11399K, paused 2ms+3ms
07-12 23:23:39.674  6706  6766 D dalvikvm: GC_FOR_ALLOC freed 400K, 8% free 10560K/11399K, paused 32ms
07-12 23:23:40.182  6706  6709 D dalvikvm: GC_CONCURRENT freed 205K, 6% free 10742K/11399K, paused 2ms+2ms
07-12 23:23:41.268  6706  6766 D dalvikvm: GC_FOR_ALLOC freed 405K, 8% free 10560K/11399K, paused 22ms
07-12 23:23:42.010  6706  6709 D dalvikvm: GC_CONCURRENT freed 208K, 6% free 10749K/11399K, paused 2ms+2ms
07-12 23:23:43.014  6706  6766 D dalvikvm: GC_FOR_ALLOC freed 400K, 8% free 10560K/11399K, paused 21ms
07-12 23:23:43.561  6706  6709 D dalvikvm: GC_CONCURRENT freed 205K, 6% free 10749K/11399K, paused 2ms+2ms
07-12 23:23:44.643  6706  6766 D dalvikvm: GC_FOR_ALLOC freed 405K, 8% free 10560K/11399K, paused 22ms
07-12 23:23:45.194  6706  6709 D dalvikvm: GC_CONCURRENT freed 205K, 6% free 10749K/11399K, paused 2ms+2ms
07-12 23:23:46.288  6706  6766 D dalvikvm: GC_FOR_ALLOC freed 400K, 8% free 10560K/11399K, paused 21ms
07-12 23:23:46.932  6706  6709 D dalvikvm: GC_CONCURRENT freed 205K, 6% free 10749K/11399K, paused 2ms+3ms
07-12 23:23:48.030  6706  6766 D dalvikvm: GC_FOR_ALLOC freed 400K, 8% free 10560K/11399K, paused 22ms
07-12 23:23:48.573  6706  6709 D dalvikvm: GC_CONCURRENT freed 205K, 6% free 10749K/11399K, paused 2ms+2ms
07-12 23:23:49.663  6706  6766 D dalvikvm: GC_FOR_ALLOC freed 400K, 8% free 10560K/11399K, paused 22ms
07-12 23:23:50.315  6706  6709 D dalvikvm: GC_CONCURRENT freed 205K, 6% free 10749K/11399K, paused 2ms+3ms
07-12 23:23:51.409  6706  6766 D dalvikvm: GC_FOR_ALLOC freed 404K, 8% free 10560K/11399K, paused 21ms
07-12 23:23:51.940  6706  6709 D dalvikvm: GC_CONCURRENT freed 205K, 6% free 10749K/11399K, paused 2ms+2ms
07-12 23:23:53.049  6706  6766 D dalvikvm: GC_FOR_ALLOC freed 396K, 8% free 10560K/11399K, paused 22ms
07-12 23:23:53.655  6706  6766 D dalvikvm: GC_FOR_ALLOC freed 209K, 7% free 10686K/11399K, paused 21ms
07-12 23:23:54.178  6706  6766 D dalvikvm: GC_FOR_ALLOC freed 198K, 7% free 10689K/11399K, paused 21ms
07-12 23:23:55.104   144   198 D DhcpInfoInternal: makeLinkProperties with empty dns2!
07-12 23:23:55.112   144   198 D DhcpInfoInternal: makeLinkProperties with empty dns2!
07-12 23:23:55.292  6706  6766 D dalvikvm: GC_FOR_ALLOC freed 405K, 8% free 10560K/11399K, paused 22ms
07-12 23:23:55.909  6706  6766 D dalvikvm: GC_FOR_ALLOC freed 209K, 7% free 10686K/11399K, paused 22ms
07-12 23:23:56.428  6706  6766 D dalvikvm: GC_FOR_ALLOC freed 198K, 7% free 10689K/11399K, paused 21ms
07-12 23:23:57.088  6706  6766 D dalvikvm: GC_FOR_ALLOC freed 205K, 7% free 10686K/11399K, paused 31ms
07-12 23:23:57.565  6706  6766 D dalvikvm: GC_FOR_ALLOC freed 198K, 7% free 10689K/11399K, paused 22ms
07-12 23:23:58.319  6706  6766 D dalvikvm: GC_FOR_ALLOC freed 205K, 7% free 10686K/11399K, paused 35ms
07-12 23:23:58.686  6706  6766 D dalvikvm: GC_FOR_ALLOC freed 198K, 7% free 10689K/11399K, paused 22ms
07-12 23:23:59.319  6706  6766 D dalvikvm: GC_FOR_ALLOC freed 205K, 7% free 10686K/11399K, paused 22ms
07-12 23:23:59.815  6706  6766 D dalvikvm: GC_FOR_ALLOC freed 198K, 7% free 10689K/11399K, paused 22ms
07-12 23:24:00.428  6706  6766 D dalvikvm: GC_FOR_ALLOC freed 209K, 7% free 10686K/11399K, paused 21ms
07-12 23:24:00.952  6706  6766 D dalvikvm: GC_FOR_ALLOC freed 198K, 7% free 10689K/11399K, paused 21ms
07-12 23:24:01.538  6706  6766 D dalvikvm: GC_FOR_ALLOC freed 205K, 7% free 10686K/11399K, paused 22ms
07-12 23:24:02.674  6706  6766 D dalvikvm: GC_FOR_ALLOC freed 405K, 8% free 10560K/11399K, paused 21ms
07-12 23:24:03.467  6706  6766 D dalvikvm: GC_FOR_ALLOC freed 201K, 7% free 10689K/11399K, paused 65ms
07-12 23:24:03.827  6706  6766 D dalvikvm: GC_FOR_ALLOC freed 205K, 7% free 10686K/11399K, paused 21ms
07-12 23:24:04.440  6706  6766 D dalvikvm: GC_FOR_ALLOC freed 198K, 7% free 10689K/11399K, paused 38ms
07-12 23:24:04.921  6706  6766 D dalvikvm: GC_FOR_ALLOC freed 206K, 7% free 10686K/11399K, paused 21ms
07-12 23:24:05.444  6706  6766 D dalvikvm: GC_FOR_ALLOC freed 198K, 7% free 10689K/11399K, paused 21ms
07-12 23:24:06.042  6706  6766 D dalvikvm: GC_FOR_ALLOC freed 206K, 7% free 10686K/11399K, paused 21ms
07-12 23:24:06.569  6706  6766 D dalvikvm: GC_FOR_ALLOC freed 198K, 7% free 10689K/11399K, paused 21ms
07-12 23:24:07.174  6706  6766 D dalvikvm: GC_FOR_ALLOC freed 205K, 7% free 10686K/11399K, paused 22ms
07-12 23:24:07.682  6706  6766 D dalvikvm: GC_FOR_ALLOC freed 198K, 7% free 10689K/11399K, paused 22ms
07-12 23:24:08.581  6706  6766 D dalvikvm: GC_FOR_ALLOC freed 205K, 7% free 10686K/11399K, paused 44ms
07-12 23:24:08.811  6706  6766 D dalvikvm: GC_FOR_ALLOC freed 198K, 7% free 10689K/11399K, paused 22ms
07-12 23:24:09.600  6706  6766 D dalvikvm: GC_FOR_ALLOC freed 207K, 7% free 10688K/11399K, paused 63ms
07-12 23:24:09.967  6706  6766 D dalvikvm: GC_FOR_ALLOC freed 356K, 8% free 10588K/11399K, paused 21ms
07-12 23:24:11.014  6547  6560 I PhoneLab-: Service Running
07-12 23:24:11.081  6547  6560 I PhoneLab-LoggerService: app_37    1373  1     1440   1000  c00f181c 400107b4 S logcat
07-12 23:24:11.081  6547  6560 I PhoneLab-LoggerService: Logcat pid from database 1373
07-12 23:24:11.085  6547  6560 I PhoneLab-LoggerService: Logcat process found 1373
07-12 23:24:11.085  6547  6560 I PhoneLab-LoggerService: Checking Threshold
07-12 23:24:11.104  6706  6766 D dalvikvm: GC_FOR_ALLOC freed 252K, 7% free 10689K/11399K, paused 21ms
07-12 23:24:11.682  6706  6766 D dalvikvm: GC_FOR_ALLOC freed 205K, 7% free 10686K/11399K, paused 21ms
07-12 23:24:12.198  6706  6766 D dalvikvm: GC_FOR_ALLOC freed 198K, 7% free 10689K/11399K, paused 21ms
07-12 23:24:13.327  6706  6766 D dalvikvm: GC_FOR_ALLOC freed 445K, 8% free 10560K/11399K, paused 22ms
07-12 23:24:14.042  6706  6766 D dalvikvm: GC_FOR_ALLOC freed 209K, 7% free 10686K/11399K, paused 21ms
07-12 23:24:14.475  6706  6766 D dalvikvm: GC_FOR_ALLOC freed 198K, 7% free 10689K/11399K, paused 22ms
07-12 23:24:15.057  6706  6766 D dalvikvm: GC_FOR_ALLOC freed 205K, 7% free 10686K/11399K, paused 21ms
07-12 23:24:15.569  6706  6766 D dalvikvm: GC_FOR_ALLOC freed 198K, 7% free 10689K/11399K, paused 21ms
07-12 23:24:16.190  6706  6766 D dalvikvm: GC_FOR_ALLOC freed 205K, 7% free 10686K/11399K, paused 21ms
07-12 23:24:16.698  6706  6766 D dalvikvm: GC_FOR_ALLOC freed 198K, 7% free 10689K/11399K, paused 21ms
07-12 23:24:17.319  6706  6766 D dalvikvm: GC_FOR_ALLOC freed 205K, 7% free 10686K/11399K, paused 21ms
07-12 23:24:17.827  6706  6766 D dalvikvm: GC_FOR_ALLOC freed 198K, 7% free 10689K/11399K, paused 22ms
07-12 23:24:18.846  6706  6766 D dalvikvm: GC_FOR_ALLOC freed 205K, 7% free 10686K/11399K, paused 58ms
07-12 23:24:19.842  6706  6766 D dalvikvm: GC_FOR_ALLOC freed 443K, 7% free 10623K/11399K, paused 85ms
07-12 23:24:20.819  6706  6766 D dalvikvm: GC_FOR_ALLOC freed 404K, 8% free 10560K/11399K, paused 59ms
07-12 23:24:21.229  6706  6709 D dalvikvm: GC_CONCURRENT freed 205K, 6% free 10749K/11399K, paused 2ms+3ms
07-12 23:24:22.342  6706  6766 D dalvikvm: GC_FOR_ALLOC freed 400K, 8% free 10560K/11399K, paused 21ms
07-12 23:24:22.975  6706  6709 D dalvikvm: GC_CONCURRENT freed 205K, 6% free 10749K/11399K, paused 2ms+3ms
07-12 23:24:24.167  6706  6766 D dalvikvm: GC_FOR_ALLOC freed 400K, 8% free 10560K/11399K, paused 21ms
07-12 23:24:24.620  6706  6709 D dalvikvm: GC_CONCURRENT freed 205K, 6% free 10749K/11399K, paused 2ms+2ms
07-12 23:24:25.924  6706  6766 D dalvikvm: GC_FOR_ALLOC freed 400K, 8% free 10560K/11399K, paused 22ms
07-12 23:24:26.350  6706  6709 D dalvikvm: GC_CONCURRENT freed 205K, 6% free 10749K/11399K, paused 2ms+3ms
07-12 23:24:27.346  6706  6766 D dalvikvm: GC_FOR_ALLOC freed 400K, 8% free 10560K/11399K, paused 21ms
07-12 23:24:28.003  6706  6709 D dalvikvm: GC_CONCURRENT freed 207K, 6% free 10750K/11399K, paused 2ms+2ms
07-12 23:24:29.182  6706  6766 D dalvikvm: GC_FOR_ALLOC freed 441K, 8% free 10560K/11399K, paused 21ms
07-12 23:24:29.342  6652  6655 D dalvikvm: GC_CONCURRENT freed 510K, 6% free 10266K/10887K, paused 2ms+3ms
07-12 23:24:29.385  5358  5358 D OpenGLRenderer: Flushing caches (mode 2)
07-12 23:24:29.385  5358  5358 D OpenGLRenderer: Flushing caches (mode 0)
07-12 23:24:29.385  5358  5358 W ManagedEGLContext: doTerminate failed: EGL count is 2 but managed count is 1
07-12 23:24:29.503  3358  3360 D dalvikvm: GC_CONCURRENT freed 476K, 7% free 10214K/10951K, paused 3ms+4ms
07-12 23:24:29.710  6706  6709 D dalvikvm: GC_CONCURRENT freed 369K, 8% free 10595K/11399K, paused 4ms+3ms
07-12 23:24:30.604  6652  6655 D dalvikvm: GC_CONCURRENT freed 321K, 5% free 10404K/10887K, paused 12ms+3ms
07-12 23:24:30.725  6706  6709 D dalvikvm: GC_CONCURRENT freed 419K, 8% free 10574K/11399K, paused 3ms+3ms
07-12 23:24:31.944  6706  6766 D dalvikvm: GC_FOR_ALLOC freed 274K, 7% free 10686K/11399K, paused 52ms
07-12 23:24:32.038   144   147 D dalvikvm: GC_CONCURRENT freed 1898K, 26% free 17651K/23623K, paused 3ms+7ms
07-12 23:24:32.460  6706  6766 D dalvikvm: GC_FOR_ALLOC freed 202K, 7% free 10686K/11399K, paused 21ms
07-12 23:24:33.717  6706  6766 D dalvikvm: GC_FOR_ALLOC freed 400K, 8% free 10560K/11399K, paused 71ms
07-12 23:24:34.139  6706  6709 D dalvikvm: GC_CONCURRENT freed 205K, 6% free 10749K/11399K, paused 2ms+3ms
07-12 23:24:35.233  6706  6766 D dalvikvm: GC_FOR_ALLOC freed 400K, 8% free 10560K/11399K, paused 21ms
07-12 23:24:35.889  6706  6709 D dalvikvm: GC_CONCURRENT freed 205K, 6% free 10749K/11399K, paused 2ms+3ms
07-12 23:24:37.085  6706  6766 D dalvikvm: GC_FOR_ALLOC freed 400K, 8% free 10560K/11399K, paused 21ms
07-12 23:24:37.514  6706  6709 D dalvikvm: GC_CONCURRENT freed 208K, 6% free 10749K/11399K, paused 2ms+3ms
07-12 23:24:38.835  6706  6766 D dalvikvm: GC_FOR_ALLOC freed 400K, 8% free 10560K/11399K, paused 88ms
07-12 23:24:38.838  5358  5358 D OpenGLRenderer: Flushing caches (mode 2)
07-12 23:24:38.838  5358  5358 D OpenGLRenderer: Flushing caches (mode 0)
07-12 23:24:38.838  5358  5358 W ManagedEGLContext: doTerminate failed: EGL count is 2 but managed count is 1
07-12 23:24:39.253  6706  6709 D dalvikvm: GC_CONCURRENT freed 205K, 6% free 10749K/11399K, paused 2ms+3ms
07-12 23:24:39.846  6706  6766 D dalvikvm: GC_FOR_ALLOC freed 300K, 7% free 10624K/11399K, paused 22ms
07-12 23:24:40.928  6706  6766 D dalvikvm: GC_FOR_ALLOC freed 307K, 8% free 10560K/11399K, paused 21ms
07-12 23:24:41.506  6706  6709 D dalvikvm: GC_CONCURRENT freed 205K, 6% free 10749K/11399K, paused 2ms+3ms
07-12 23:24:42.600  6706  6766 D dalvikvm: GC_FOR_ALLOC freed 400K, 8% free 10560K/11399K, paused 22ms
07-12 23:24:43.163  6706  6709 D dalvikvm: GC_CONCURRENT freed 205K, 6% free 10749K/11399K, paused 3ms+2ms
07-12 23:24:44.354  6706  6766 D dalvikvm: GC_FOR_ALLOC freed 400K, 8% free 10560K/11399K, paused 21ms
07-12 23:24:44.893  6706  6709 D dalvikvm: GC_CONCURRENT freed 205K, 6% free 10749K/11399K, paused 2ms+3ms
07-12 23:24:45.987  6706  6766 D dalvikvm: GC_FOR_ALLOC freed 400K, 8% free 10560K/11399K, paused 21ms
07-12 23:24:46.553  6706  6709 D dalvikvm: GC_CONCURRENT freed 383K, 8% free 10580K/11399K, paused 2ms+3ms
07-12 23:24:47.655  6706  6709 D dalvikvm: GC_CONCURRENT freed 234K, 6% free 10749K/11399K, paused 2ms+3ms
07-12 23:24:48.745  6706  6766 D dalvikvm: GC_FOR_ALLOC freed 400K, 8% free 10560K/11399K, paused 21ms
07-12 23:24:49.475  6706  6709 D dalvikvm: GC_CONCURRENT freed 205K, 6% free 10749K/11399K, paused 2ms+2ms
07-12 23:24:50.495  6706  6766 D dalvikvm: GC_FOR_ALLOC freed 400K, 8% free 10560K/11399K, paused 21ms
07-12 23:24:51.030  6706  6709 D dalvikvm: GC_CONCURRENT freed 205K, 6% free 10749K/11399K, paused 2ms+2ms
07-12 23:24:52.131  6706  6766 D dalvikvm: GC_FOR_ALLOC freed 400K, 8% free 10560K/11399K, paused 21ms
07-12 23:24:52.780  6706  6709 D dalvikvm: GC_CONCURRENT freed 205K, 6% free 10749K/11399K, paused 2ms+2ms
07-12 23:24:53.874  6706  6766 D dalvikvm: GC_FOR_ALLOC freed 400K, 8% free 10560K/11399K, paused 21ms
07-12 23:24:54.428  6706  6709 D dalvikvm: GC_CONCURRENT freed 205K, 6% free 10749K/11399K, paused 2ms+3ms
07-12 23:24:55.514  6706  6766 D dalvikvm: GC_FOR_ALLOC freed 400K, 8% free 10560K/11399K, paused 21ms
07-12 23:24:56.272  6706  6709 D dalvikvm: GC_CONCURRENT freed 383K, 8% free 10579K/11399K, paused 2ms+2ms
07-12 23:24:57.381  6706  6709 D dalvikvm: GC_CONCURRENT freed 234K, 6% free 10749K/11399K, paused 2ms+3ms
07-12 23:24:58.975  6706  6766 D dalvikvm: GC_FOR_ALLOC freed 400K, 8% free 10560K/11399K, paused 22ms
07-12 23:24:59.026  6706  6766 D dalvikvm: GC_FOR_ALLOC freed 200K, 7% free 10686K/11399K, paused 21ms
07-12 23:25:00.065  6706  6766 D dalvikvm: GC_FOR_ALLOC freed 201K, 7% free 10689K/11399K, paused 38ms
07-12 23:25:00.116  6706  6766 D dalvikvm: GC_FOR_ALLOC freed 197K, 7% free 10686K/11399K, paused 21ms
07-12 23:25:01.049  6706  6766 D dalvikvm: GC_FOR_ALLOC freed 201K, 7% free 10686K/11399K, paused 60ms
07-12 23:25:02.022  6706  6766 D dalvikvm: GC_FOR_ALLOC freed 486K, 7% free 10624K/11399K, paused 63ms
07-12 23:25:02.264  6706  6766 D dalvikvm: GC_FOR_ALLOC freed 206K, 7% free 10686K/11399K, paused 22ms
07-12 23:25:05.858  6706  6766 D dalvikvm: GC_FOR_ALLOC freed 400K, 8% free 10560K/11399K, paused 87ms
07-12 23:25:05.909  6706  6766 D dalvikvm: GC_FOR_ALLOC freed 200K, 7% free 10689K/11399K, paused 21ms
07-12 23:25:06.831  6706  6766 D dalvikvm: GC_FOR_ALLOC freed 197K, 7% free 10689K/11399K, paused 30ms
07-12 23:25:06.924  6706  6766 D dalvikvm: GC_FOR_ALLOC freed 198K, 7% free 10691K/11399K, paused 24ms
07-12 23:25:07.893  6706  6766 D dalvikvm: GC_FOR_ALLOC freed 198K, 7% free 10689K/11399K, paused 22ms
07-12 23:25:07.944  6706  6766 D dalvikvm: GC_FOR_ALLOC freed 197K, 7% free 10689K/11399K, paused 21ms
07-12 23:25:08.870  6706  6766 D dalvikvm: GC_FOR_ALLOC freed 197K, 7% free 10689K/11399K, paused 68ms
07-12 23:25:08.948  6706  6766 D dalvikvm: GC_FOR_ALLOC freed 197K, 7% free 10689K/11399K, paused 23ms
07-12 23:25:09.835  6706  6766 D dalvikvm: GC_FOR_ALLOC freed 197K, 7% free 10689K/11399K, paused 30ms
07-12 23:25:09.995  6706  6766 D dalvikvm: GC_FOR_ALLOC freed 197K, 7% free 10689K/11399K, paused 61ms
07-12 23:25:10.835  6706  6766 D dalvikvm: GC_FOR_ALLOC freed 197K, 7% free 10689K/11399K, paused 30ms
07-12 23:25:10.971  6706  6766 D dalvikvm: GC_FOR_ALLOC freed 197K, 7% free 10689K/11399K, paused 45ms
07-12 23:25:11.921  6706  6766 D dalvikvm: GC_FOR_ALLOC freed 197K, 7% free 10689K/11399K, paused 22ms
07-12 23:25:11.991  6706  6766 D dalvikvm: GC_FOR_ALLOC freed 197K, 7% free 10689K/11399K, paused 35ms
07-12 23:25:12.975  6706  6766 D dalvikvm: GC_FOR_ALLOC freed 197K, 7% free 10689K/11399K, paused 21ms
07-12 23:25:13.026  6706  6766 D dalvikvm: GC_FOR_ALLOC freed 197K, 7% free 10689K/11399K, paused 21ms
07-12 23:25:14.010  6706  6766 D dalvikvm: GC_FOR_ALLOC freed 197K, 7% free 10689K/11399K, paused 74ms
07-12 23:25:14.065  6706  6766 D dalvikvm: GC_FOR_ALLOC freed 197K, 7% free 10689K/11399K, paused 21ms
07-12 23:25:14.979  6706  6766 D dalvikvm: GC_FOR_ALLOC freed 197K, 7% free 10689K/11399K, paused 40ms
07-12 23:25:15.092  6706  6766 D dalvikvm: GC_FOR_ALLOC freed 197K, 7% free 10689K/11399K, paused 49ms
07-12 23:25:15.983  6706  6766 D dalvikvm: GC_FOR_ALLOC freed 200K, 7% free 10689K/11399K, paused 45ms
07-12 23:25:16.065  6706  6766 D dalvikvm: GC_FOR_ALLOC freed 197K, 7% free 10689K/11399K, paused 25ms
07-12 23:25:16.928  6706  6766 D dalvikvm: GC_FOR_ALLOC freed 197K, 7% free 10689K/11399K, paused 22ms
07-12 23:25:17.124  6706  6766 D dalvikvm: GC_FOR_ALLOC freed 197K, 7% free 10689K/11399K, paused 52ms
07-12 23:25:18.030  6706  6766 D dalvikvm: GC_FOR_ALLOC freed 197K, 7% free 10689K/11399K, paused 21ms
07-12 23:25:18.088  6706  6766 D dalvikvm: GC_FOR_ALLOC freed 197K, 7% free 10689K/11399K, paused 21ms
07-12 23:25:18.983  6706  6766 D dalvikvm: GC_FOR_ALLOC freed 197K, 7% free 10689K/11399K, paused 44ms
07-12 23:25:19.139  6706  6766 D dalvikvm: GC_FOR_ALLOC freed 197K, 7% free 10689K/11399K, paused 66ms
07-12 23:25:19.983  6706  6766 D dalvikvm: GC_FOR_ALLOC freed 197K, 7% free 10689K/11399K, paused 44ms
07-12 23:25:20.116  6706  6766 D dalvikvm: GC_FOR_ALLOC freed 197K, 7% free 10686K/11399K, paused 46ms
07-12 23:25:20.987  6706  6766 D dalvikvm: GC_FOR_ALLOC freed 201K, 7% free 10689K/11399K, paused 47ms
07-12 23:25:21.151  6706  6766 D dalvikvm: GC_FOR_ALLOC freed 197K, 7% free 10686K/11399K, paused 73ms
07-12 23:25:22.022  6706  6766 D dalvikvm: GC_FOR_ALLOC freed 202K, 7% free 10686K/11399K, paused 21ms
07-12 23:25:23.042  6706  6766 D dalvikvm: GC_FOR_ALLOC freed 400K, 8% free 10560K/11399K, paused 131ms
07-12 23:25:23.096  6706  6766 D dalvikvm: GC_FOR_ALLOC freed 196K, 7% free 10689K/11399K, paused 21ms
07-12 23:25:23.987  6706  6766 D dalvikvm: GC_FOR_ALLOC freed 206K, 7% free 10686K/11399K, paused 47ms
07-12 23:25:24.979  6706  6766 D dalvikvm: GC_FOR_ALLOC freed 414K, 8% free 10560K/11399K, paused 62ms
07-12 23:25:25.342  6706  6709 D dalvikvm: GC_CONCURRENT freed 205K, 6% free 10749K/11399K, paused 2ms+3ms
07-12 23:25:26.444  6706  6766 D dalvikvm: GC_FOR_ALLOC freed 400K, 8% free 10560K/11399K, paused 21ms
07-12 23:25:27.077  6706  6709 D dalvikvm: GC_CONCURRENT freed 205K, 6% free 10749K/11399K, paused 2ms+2ms
07-12 23:25:28.206  6706  6766 D dalvikvm: GC_FOR_ALLOC freed 400K, 8% free 10560K/11399K, paused 22ms
07-12 23:25:28.995  6706  6709 D dalvikvm: GC_CONCURRENT freed 380K, 8% free 10582K/11399K, paused 2ms+3ms
07-12 23:25:29.487  5358  5358 D OpenGLRenderer: Flushing caches (mode 2)
07-12 23:25:29.499  5358  5358 D OpenGLRenderer: Flushing caches (mode 0)
07-12 23:25:29.503  5358  5358 W ManagedEGLContext: doTerminate failed: EGL count is 2 but managed count is 1
07-12 23:25:29.952  6706  6709 D dalvikvm: GC_CONCURRENT freed 383K, 7% free 10691K/11399K, paused 2ms+2ms
07-12 23:25:30.936  6706  6766 D dalvikvm: GC_FOR_ALLOC freed 412K, 8% free 10560K/11399K, paused 21ms
07-12 23:25:31.573  6706  6709 D dalvikvm: GC_CONCURRENT freed 215K, 6% free 10749K/11399K, paused 2ms+2ms
07-12 23:25:32.065  6706  6766 D dalvikvm: GC_FOR_ALLOC freed 202K, 7% free 10686K/11399K, paused 21ms
07-12 23:25:33.311  6706  6766 D dalvikvm: GC_FOR_ALLOC freed 402K, 8% free 10562K/11399K, paused 22ms
07-12 23:25:34.120  6706  6709 D dalvikvm: GC_CONCURRENT freed 207K, 6% free 10749K/11399K, paused 2ms+2ms
07-12 23:25:35.108  6706  6766 D dalvikvm: GC_FOR_ALLOC freed 405K, 8% free 10560K/11399K, paused 68ms
07-12 23:25:35.471  6706  6709 D dalvikvm: GC_CONCURRENT freed 205K, 6% free 10749K/11399K, paused 2ms+2ms
07-12 23:25:36.577  6706  6766 D dalvikvm: GC_FOR_ALLOC freed 400K, 8% free 10560K/11399K, paused 21ms
07-12 23:25:37.213  6706  6709 D dalvikvm: GC_CONCURRENT freed 205K, 6% free 10749K/11399K, paused 2ms+2ms
07-12 23:25:38.319  6706  6766 D dalvikvm: GC_FOR_ALLOC freed 400K, 8% free 10560K/11399K, paused 22ms
07-12 23:25:39.163  6706  6709 D dalvikvm: GC_CONCURRENT freed 205K, 6% free 10749K/11399K, paused 21ms+2ms
07-12 23:25:40.085  6706  6766 D dalvikvm: GC_FOR_ALLOC freed 405K, 8% free 10560K/11399K, paused 57ms
07-12 23:25:40.608  6706  6709 D dalvikvm: GC_CONCURRENT freed 368K, 8% free 10591K/11399K, paused 2ms+3ms
07-12 23:25:41.792  6706  6709 D dalvikvm: GC_CONCURRENT freed 255K, 6% free 10749K/11399K, paused 2ms+2ms
07-12 23:25:42.210  6706  6766 D dalvikvm: GC_FOR_ALLOC freed 202K, 7% free 10686K/11399K, paused 21ms
07-12 23:25:43.338  6706  6766 D dalvikvm: GC_FOR_ALLOC freed 407K, 8% free 10560K/11399K, paused 24ms
07-12 23:25:43.975  6706  6709 D dalvikvm: GC_CONCURRENT freed 212K, 6% free 10749K/11399K, paused 2ms+3ms
07-12 23:25:44.585  6706  6766 D dalvikvm: GC_FOR_ALLOC freed 199K, 7% free 10688K/11399K, paused 20ms
07-12 23:25:45.585  6706  6766 D dalvikvm: GC_FOR_ALLOC freed 400K, 8% free 10560K/11399K, paused 21ms
07-12 23:25:46.225  6706  6709 D dalvikvm: GC_CONCURRENT freed 207K, 6% free 10749K/11399K, paused 2ms+2ms
07-12 23:25:47.428  6706  6766 D dalvikvm: GC_FOR_ALLOC freed 400K, 8% free 10560K/11399K, paused 21ms
07-12 23:25:47.878  6706  6709 D dalvikvm: GC_CONCURRENT freed 203K, 6% free 10751K/11399K, paused 2ms+3ms
07-12 23:25:49.260  6706  6766 D dalvikvm: GC_FOR_ALLOC freed 400K, 8% free 10560K/11399K, paused 89ms
07-12 23:25:49.600  6706  6709 D dalvikvm: GC_CONCURRENT freed 207K, 6% free 10749K/11399K, paused 2ms+2ms
07-12 23:25:50.604  6706  6766 D dalvikvm: GC_FOR_ALLOC freed 400K, 8% free 10560K/11399K, paused 22ms
07-12 23:25:51.241  6706  6709 D dalvikvm: GC_CONCURRENT freed 203K, 6% free 10751K/11399K, paused 3ms+2ms
07-12 23:25:52.346  6706  6766 D dalvikvm: GC_FOR_ALLOC freed 404K, 8% free 10560K/11399K, paused 21ms
07-12 23:25:52.889  6706  6709 D dalvikvm: GC_CONCURRENT freed 207K, 6% free 10749K/11399K, paused 2ms+2ms
07-12 23:25:53.983  6706  6766 D dalvikvm: GC_FOR_ALLOC freed 400K, 8% free 10560K/11399K, paused 21ms
07-12 23:25:54.628  6706  6709 D dalvikvm: GC_CONCURRENT freed 203K, 6% free 10751K/11399K, paused 2ms+3ms
07-12 23:25:55.721  6706  6766 D dalvikvm: GC_FOR_ALLOC freed 400K, 8% free 10560K/11399K, paused 22ms
07-12 23:25:56.264  6706  6709 D dalvikvm: GC_CONCURRENT freed 207K, 6% free 10749K/11399K, paused 2ms+4ms
07-12 23:25:57.370  6706  6766 D dalvikvm: GC_FOR_ALLOC freed 400K, 8% free 10560K/11399K, paused 22ms
07-12 23:25:58.006  6706  6709 D dalvikvm: GC_CONCURRENT freed 203K, 6% free 10751K/11399K, paused 2ms+2ms
07-12 23:25:59.155  6706  6766 D dalvikvm: GC_FOR_ALLOC freed 400K, 8% free 10560K/11399K, paused 31ms
07-12 23:25:59.643  6706  6709 D dalvikvm: GC_CONCURRENT freed 207K, 6% free 10749K/11399K, paused 2ms+3ms
07-12 23:26:00.733  6706  6766 D dalvikvm: GC_FOR_ALLOC freed 440K, 8% free 10560K/11399K, paused 22ms
07-12 23:26:01.378  6706  6709 D dalvikvm: GC_CONCURRENT freed 207K, 6% free 10751K/11399K, paused 2ms+3ms
07-12 23:26:02.487  6706  6766 D dalvikvm: GC_FOR_ALLOC freed 400K, 8% free 10560K/11399K, paused 21ms
07-12 23:26:03.034  6706  6709 D dalvikvm: GC_CONCURRENT freed 207K, 6% free 10749K/11399K, paused 2ms+2ms
07-12 23:26:04.131  6706  6766 D dalvikvm: GC_FOR_ALLOC freed 400K, 8% free 10560K/11399K, paused 22ms
07-12 23:26:04.768  6706  6709 D dalvikvm: GC_CONCURRENT freed 203K, 6% free 10751K/11399K, paused 3ms+3ms
07-12 23:26:05.854  6706  6766 D dalvikvm: GC_FOR_ALLOC freed 400K, 8% free 10560K/11399K, paused 21ms
07-12 23:26:06.506  6706  6709 D dalvikvm: GC_CONCURRENT freed 207K, 6% free 10749K/11399K, paused 2ms+3ms
