07-25 16:24:54.518 23740 23757 W System.err: 	at android.database.sqlite.SQLiteStatement.acquireAndLock(SQLiteStatement.java:260)
07-25 16:24:54.518 23740 23757 W System.err: 	at android.database.sqlite.SQLiteStatement.simpleQueryForLong(SQLiteStatement.java:137)
07-25 16:24:54.522 23740 23757 W System.err: 	at android.database.DatabaseUtils.longForQuery(DatabaseUtils.java:791)
07-25 16:24:54.522 23740 23757 W System.err: 	at android.database.DatabaseUtils.longForQuery(DatabaseUtils.java:779)
07-25 16:24:54.522 23740 23757 W System.err: 	at com.google.android.apps.plus.content.EsAccountsData.isContactsStatsWipeoutNeeded(EsAccountsData.java:641)
07-25 16:24:54.522 23740 23757 W System.err: 	at com.google.android.apps.plus.service.EsService.processIntent(EsService.java:4246)
07-25 16:24:54.522 23740 23757 W System.err: 	at com.google.android.apps.plus.service.ServiceThread$1.run(ServiceThread.java:50)
07-25 16:24:54.522 23740 23757 W System.err: 	at android.os.Handler.handleCallback(Handler.java:605)
07-25 16:24:54.522 23740 23757 W System.err: 	at android.os.Handler.dispatchMessage(Handler.java:92)
07-25 16:24:54.522 23740 23757 W System.err: 	at android.os.Looper.loop(Looper.java:137)
07-25 16:24:54.522 23740 23757 W System.err: 	at com.google.android.apps.plus.service.ServiceThread.run(ServiceThread.java:122)
07-25 16:24:56.171   145   162 I ActivityManager: Start proc com.whatsapp for service com.whatsapp/.messaging.MessageService: pid=23763 uid=10068 gids={1015, 3003}
07-25 16:24:56.175 23763 23763 I dalvikvm: Turning on JNI app bug workarounds for target SDK version 7...
07-25 16:24:56.198   145   157 I ActivityManager: Process android.process.acore (pid 23028) has died.
07-25 16:24:56.663 23763 23766 D dalvikvm: GC_CONCURRENT freed 167K, 3% free 9367K/9607K, paused 10ms+3ms
07-25 16:24:57.467 23763 23766 D dalvikvm: GC_CONCURRENT freed 288K, 4% free 9626K/9991K, paused 6ms+5ms
07-25 16:24:57.608 23725 23739 I DatabaseHelper: Begin cleanup.
07-25 16:24:58.065   145   338 I ActivityManager: Start proc android.process.acore for content provider com.android.providers.contacts/.ContactsProvider2: pid=23784 uid=10000 gids={3003, 1015}
07-25 16:24:58.171 23763 23763 I dalvikvm: Could not find method android.media.MediaMetadataRetriever.captureFrame, referenced from method com.whatsapp.q3.a
07-25 16:24:58.171 23763 23763 W dalvikvm: VFY: unable to resolve virtual method 502: Landroid/media/MediaMetadataRetriever;.captureFrame ()Landroid/graphics/Bitmap;
07-25 16:24:58.171 23763 23763 D dalvikvm: VFY: replacing opcode 0x6e at 0x0134
07-25 16:24:58.186   145   356 I ActivityManager: Process com.chess (pid 23574) has died.
07-25 16:24:58.214 23784 23784 I ActivityThread: Pub call_log: com.android.providers.contacts.CallLogProvider
07-25 16:24:58.264 23784 23784 I ActivityThread: Pub com.android.voicemail: com.android.providers.contacts.VoicemailContentProvider
07-25 16:24:58.264 23784 23784 I ActivityThread: Pub user_dictionary: com.android.providers.userdictionary.UserDictionaryProvider
07-25 16:24:58.292 23784 23784 I ActivityThread: Pub com.android.social: com.android.providers.contacts.SocialProvider
07-25 16:24:58.300 23784 23784 I ActivityThread: Pub applications: com.android.providers.applications.ApplicationsProvider
07-25 16:24:58.460 23763 23766 D dalvikvm: GC_CONCURRENT freed 331K, 4% free 9839K/10247K, paused 54ms+3ms
07-25 16:24:58.495 23784 23784 I ActivityThread: Pub contacts;com.android.contacts: com.android.providers.contacts.ContactsProvider2
07-25 16:24:58.526 23784 23785 D dalvikvm: GC_CONCURRENT freed 347K, 5% free 9188K/9607K, paused 26ms+8ms
07-25 16:24:58.753   342   342 D SAN_SERVICE: *******************************************
07-25 16:24:58.753   342   342 D SAN_SERVICE: DM App Phone Service State - 0
07-25 16:24:58.753   342   342 D SAN_SERVICE: *******************************************
07-25 16:24:58.803 23763 23766 D dalvikvm: GC_CONCURRENT freed 279K, 4% free 9970K/10375K, paused 63ms+5ms
07-25 16:24:59.401   342   342 D SAN_SERVICE: *******************************************
07-25 16:24:59.401   342   342 D SAN_SERVICE: DM App Phone Service State - 0
07-25 16:24:59.401   342   342 D SAN_SERVICE: *******************************************
07-25 16:25:00.190 23784 23785 D dalvikvm: GC_CONCURRENT freed 140K, 3% free 9496K/9735K, paused 21ms+2ms
07-25 16:25:00.729   145   199 D DhcpInfoInternal: makeLinkProperties with empty dns2!
07-25 16:25:00.733   145   199 D DhcpInfoInternal: makeLinkProperties with empty dns2!
07-25 16:25:02.014   145   326 I ActivityManager: Process com.google.android.apps.googlevoice (pid 21317) has died.
07-25 16:25:02.014   145   326 W ActivityManager: Scheduling restart of crashed service com.google.android.apps.googlevoice/.CallLogService in 5000ms
07-25 16:25:02.018   145   326 W ActivityManager: Scheduling restart of crashed service com.google.android.apps.googlevoice/.UpdateService in 14997ms
07-25 16:25:02.925 23763 23766 D dalvikvm: GC_CONCURRENT freed 275K, 4% free 10153K/10503K, paused 6ms+88ms
07-25 16:25:03.370 23725 23739 I DatabaseHelper: Cleaned up: 3
07-25 16:25:03.604   145   363 D dalvikvm: GC_EXPLICIT freed 1044K, 24% free 18022K/23495K, paused 16ms+9ms
07-25 16:25:03.639   145   326 I ActivityManager: Process com.google.android.apps.maps:LocationFriendService (pid 22979) has died.
07-25 16:25:03.667 23725 23726 D dalvikvm: GC_CONCURRENT freed 404K, 5% free 11189K/11719K, paused 10ms+4ms
07-25 16:25:05.081 23784 23785 D dalvikvm: GC_CONCURRENT freed 282K, 5% free 9653K/10055K, paused 15ms+3ms
07-25 16:25:07.081   145   162 I ActivityManager: Start proc com.google.android.apps.googlevoice for service com.google.android.apps.googlevoice/.CallLogService: pid=23828 uid=10054 gids={3003, 1015}
07-25 16:25:07.956 23828 23829 D dalvikvm: GC_CONCURRENT freed 259K, 4% free 9277K/9607K, paused 14ms+3ms
07-25 16:25:14.096   342   342 D SAN_SERVICE: *******************************************
07-25 16:25:14.096   342   342 D SAN_SERVICE: DM App Phone Service State - 0
07-25 16:25:14.100   342   342 D SAN_SERVICE: *******************************************
07-25 16:25:14.327   342   342 D SAN_SERVICE: *******************************************
07-25 16:25:14.327   342   342 D SAN_SERVICE: DM App Phone Service State - 0
07-25 16:25:14.327   342   342 D SAN_SERVICE: *******************************************
07-25 16:25:14.870   342   342 D SAN_SERVICE: *******************************************
07-25 16:25:14.874   342   342 D SAN_SERVICE: DM App Phone Service State - 0
07-25 16:25:14.874   342   342 D SAN_SERVICE: *******************************************
07-25 16:25:17.268   145   430 D CountryDetector: The first listener is added
07-25 16:25:17.315 23828 23829 D dalvikvm: GC_CONCURRENT freed 355K, 5% free 9382K/9863K, paused 2ms+3ms
07-25 16:25:17.315 23828 23837 W CursorWrapperInner: Cursor finalized without prior close()
07-25 16:25:17.315 23828 23837 W CursorWrapperInner: Cursor finalized without prior close()
07-25 16:25:17.315 23828 23837 W CursorWrapperInner: Cursor finalized without prior close()
07-25 16:25:17.464 23784 23785 D dalvikvm: GC_CONCURRENT freed 546K, 7% free 9628K/10247K, paused 3ms+5ms
07-25 16:25:17.710 23828 23829 D dalvikvm: GC_CONCURRENT freed 363K, 5% free 9535K/9991K, paused 2ms+3ms
07-25 16:25:17.905 23784 23785 D dalvikvm: GC_CONCURRENT freed 348K, 5% free 9807K/10247K, paused 2ms+4ms
07-25 16:25:17.967 23828 23854 D dalvikvm: GC_FOR_ALLOC freed 107K, 5% free 9636K/10119K, paused 16ms
07-25 16:25:21.436   145   157 I ActivityManager: Start proc com.google.android.apps.maps:LocationFriendService for service com.google.android.apps.maps/com.google.googlenav.friend.reporting.LocationReceiverService: pid=23857 uid=10056 gids={3003, 1015}
07-25 16:25:21.889 23857 23858 D dalvikvm: GC_CONCURRENT freed 168K, 3% free 9368K/9607K, paused 4ms+17ms
07-25 16:25:22.620 23857 23858 D dalvikvm: GC_CONCURRENT freed 139K, 3% free 9686K/9927K, paused 8ms+2ms
07-25 16:25:23.147 23857 23858 D dalvikvm: GC_CONCURRENT freed 338K, 5% free 9845K/10311K, paused 3ms+3ms
07-25 16:25:23.257 23857 23862 I dalvikvm: Total arena pages for JIT: 11
07-25 16:25:23.257 23857 23862 I dalvikvm: Total arena pages for JIT: 12
07-25 16:25:23.260 23857 23862 I dalvikvm: Total arena pages for JIT: 13
07-25 16:25:23.260 23857 23862 I dalvikvm: Total arena pages for JIT: 14
07-25 16:25:23.260 23857 23862 I dalvikvm: Total arena pages for JIT: 15
07-25 16:25:23.260 23857 23862 I dalvikvm: Total arena pages for JIT: 16
07-25 16:25:23.260 23857 23862 I dalvikvm: Total arena pages for JIT: 17
07-25 16:25:23.385 23857 23858 D dalvikvm: GC_CONCURRENT freed 413K, 5% free 9942K/10439K, paused 2ms+2ms
07-25 16:25:29.464   145 22258 I ActivityManager: Process com.twitter.android (pid 23725) has died.
07-25 16:25:34.479   342   342 D SAN_SERVICE: *******************************************
07-25 16:25:34.479   342   342 D SAN_SERVICE: DM App Phone Service State - 0
07-25 16:25:34.479   342   342 D SAN_SERVICE: *******************************************
07-25 16:25:34.702   342   342 D SAN_SERVICE: *******************************************
07-25 16:25:34.702   342   342 D SAN_SERVICE: DM App Phone Service State - 0
07-25 16:25:34.702   342   342 D SAN_SERVICE: *******************************************
07-25 16:25:35.190   342   342 D SAN_SERVICE: *******************************************
07-25 16:25:35.190   342   342 D SAN_SERVICE: DM App Phone Service State - 0
07-25 16:25:35.190   342   342 D SAN_SERVICE: *******************************************
07-25 16:26:21.448 20676 20678 D dalvikvm: GC_CONCURRENT freed 509K, 7% free 10556K/11335K, paused 2ms+2ms
07-25 16:26:21.526 23857 23862 I dalvikvm: Total arena pages for JIT: 18
07-25 16:26:21.624 23857 23858 D dalvikvm: GC_CONCURRENT freed 439K, 6% free 9953K/10503K, paused 5ms+2ms
07-25 16:26:29.760 23478 23491 I PhoneLab-: Service Running
07-25 16:26:29.885 23478 23491 I PhoneLab-LoggerService: app_37    1300  1     1440   1000  c00f181c 400107b4 S logcat
07-25 16:26:29.885 23478 23491 I PhoneLab-LoggerService: Logcat pid from database 1300
07-25 16:26:29.885 23478 23491 I PhoneLab-LoggerService: Logcat process found 1300
07-25 16:26:29.885 23478 23491 I PhoneLab-LoggerService: Checking Threshold
07-25 16:26:29.889 23478 23491 I PhoneLab-LoggerService: Starting to rename files
07-25 16:26:29.889 23478 23491 I PhoneLab-LoggerService: Files found .. 2
07-25 16:26:30.807   342   342 D SAN_SERVICE: *******************************************
07-25 16:26:30.807   342   342 D SAN_SERVICE: DM App Phone Service State - 0
07-25 16:26:30.807   342   342 D SAN_SERVICE: *******************************************
07-25 16:26:31.135   342   342 D SAN_SERVICE: *******************************************
07-25 16:26:31.135   342   342 D SAN_SERVICE: DM App Phone Service State - 0
07-25 16:26:31.135   342   342 D SAN_SERVICE: *******************************************
07-25 16:26:31.175   342   345 D dalvikvm: GC_CONCURRENT freed 850K, 9% free 11877K/12935K, paused 44ms+3ms
07-25 16:26:31.276   342   342 D SAN_SERVICE: *******************************************
07-25 16:26:31.276   342   342 D SAN_SERVICE: DM App Phone Service State - 0
07-25 16:26:31.276   342   342 D SAN_SERVICE: *******************************************
07-25 16:26:46.214   342   342 D SAN_SERVICE: *******************************************
07-25 16:26:46.214   342   342 D SAN_SERVICE: DM App Phone Service State - 0
07-25 16:26:46.214   342   342 D SAN_SERVICE: *******************************************
07-25 16:26:46.401   342   342 D SAN_SERVICE: *******************************************
07-25 16:26:46.401   342   342 D SAN_SERVICE: DM App Phone Service State - 0
07-25 16:26:46.401   342   342 D SAN_SERVICE: *******************************************
07-25 16:26:46.901   342   342 D SAN_SERVICE: *******************************************
07-25 16:26:46.901   342   342 D SAN_SERVICE: DM App Phone Service State - 0
07-25 16:26:46.901   342   342 D SAN_SERVICE: *******************************************
07-25 16:26:47.655   342   342 D SAN_SERVICE: *******************************************
07-25 16:26:47.655   342   342 D SAN_SERVICE: DM App Phone Service State - 0
07-25 16:26:47.655   342   342 D SAN_SERVICE: *******************************************
07-25 16:26:47.956   145  1303 D AlarmManagerService: Kernel timezone updated to 240 minutes west of GMT
07-25 16:26:47.956   342   342 D SystemClock: Setting time of day to sec=1343248008
07-25 16:26:48.129   342   342 D SAN_SERVICE: *******************************************
07-25 16:26:48.129   342   342 D SAN_SERVICE: DM App Phone Service State - 0
07-25 16:26:48.129   342   342 D SAN_SERVICE: *******************************************
07-25 16:26:48.129   145   162 I ActivityManager: Start proc com.android.calendar for broadcast com.android.calendar/.widget.CalendarAppWidgetService$CalendarFactory: pid=23884 uid=10005 gids={3003}
07-25 16:26:48.215 23884 23884 I ActivityThread: Pub com.android.calendar.CalendarRecentSuggestionsProvider: com.android.calendar.CalendarRecentSuggestionsProvider
07-25 16:26:48.453   145   356 I ActivityManager: Process android.process.media (pid 23542) has died.
07-25 16:26:48.485   145   379 I ActivityManager: Start proc com.android.deskclock for broadcast com.android.deskclock/.AlarmInitReceiver: pid=23900 uid=10011 gids={}
07-25 16:26:48.512   145   423 I ActivityManager: Start proc com.android.providers.calendar for content provider com.android.providers.calendar/.CalendarProvider2: pid=23912 uid=10006 gids={3003, 1015}
07-25 16:26:48.516   342   342 D SAN_SERVICE: *******************************************
07-25 16:26:48.516   342   342 D SAN_SERVICE: DM App Phone Service State - 0
07-25 16:26:48.516   342   342 D SAN_SERVICE: *******************************************
07-25 16:26:48.578 23900 23900 I ActivityThread: Pub com.android.deskclock: com.android.deskclock.AlarmProvider
07-25 16:26:48.617 23912 23912 I ActivityThread: Pub com.android.calendar: com.android.providers.calendar.CalendarProvider2
07-25 16:26:48.793   145 22786 D dalvikvm: GC_EXPLICIT freed 553K, 24% free 17993K/23495K, paused 16ms+8ms
07-25 16:26:48.922 23900 23927 V AlarmClock: AlarmInitReceiver finished
07-25 16:26:49.020   342   342 D SAN_SERVICE: *******************************************
07-25 16:26:49.020   342   342 D SAN_SERVICE: DM App Phone Service State - 0
07-25 16:26:49.020   342   342 D SAN_SERVICE: *******************************************
07-25 16:26:49.039   145 21503 I ActivityManager: Process com.google.android.apps.plus (pid 23740) has died.
07-25 16:26:49.883 23912 23912 I CalendarProvider2: Sending notification intent: Intent { act=android.intent.action.PROVIDER_CHANGED dat=content://com.android.calendar }
07-25 16:26:49.977 23912 23912 W ContentResolver: Failed to get type for: content://com.android.calendar (Unknown URL content://com.android.calendar)
07-25 16:26:54.043   342   342 D SAN_SERVICE: *******************************************
07-25 16:26:54.043   342   342 D SAN_SERVICE: DM App Phone Service State - 0
07-25 16:26:54.043   342   342 D SAN_SERVICE: *******************************************
07-25 16:26:54.317   342   342 D SAN_SERVICE: *******************************************
07-25 16:26:54.317   342   342 D SAN_SERVICE: DM App Phone Service State - 0
07-25 16:26:54.317   342   342 D SAN_SERVICE: *******************************************
07-25 16:26:56.571   342   342 D SAN_SERVICE: *******************************************
07-25 16:26:56.571   342   342 D SAN_SERVICE: DM App Phone Service State - 0
07-25 16:26:56.571   342   342 D SAN_SERVICE: *******************************************
07-25 16:26:57.113   342   342 D SAN_SERVICE: *******************************************
07-25 16:26:57.113   342   342 D SAN_SERVICE: DM App Phone Service State - 0
07-25 16:26:57.113   342   342 D SAN_SERVICE: *******************************************
07-25 16:27:04.223   342   342 D SAN_SERVICE: *******************************************
07-25 16:27:04.223   342   342 D SAN_SERVICE: DM App Phone Service State - 0
07-25 16:27:04.223   342   342 D SAN_SERVICE: *******************************************
07-25 16:27:04.965   342   342 D SAN_SERVICE: *******************************************
07-25 16:27:04.965   342   342 D SAN_SERVICE: DM App Phone Service State - 0
07-25 16:27:04.965   342   342 D SAN_SERVICE: *******************************************
07-25 16:27:11.649 23593 23593 I chromium: [INFO:CONSOLE(0)] "event.layerX and event.layerY are broken and deprecated in WebKit. They will be removed from the engine in the near future.", source:  (0)
07-25 16:27:11.660 23593 23593 I chromium: [INFO:CONSOLE(0)] "event.layerX and event.layerY are broken and deprecated in WebKit. They will be removed from the engine in the near future.", source:  (0)
07-25 16:27:16.977   342   342 D SAN_SERVICE: *******************************************
07-25 16:27:16.977   342   342 D SAN_SERVICE: DM App Phone Service State - 0
07-25 16:27:16.977   342   342 D SAN_SERVICE: *******************************************
07-25 16:27:17.293   342   342 D SAN_SERVICE: *******************************************
07-25 16:27:17.293   342   342 D SAN_SERVICE: DM App Phone Service State - 0
07-25 16:27:17.293   342   342 D SAN_SERVICE: *******************************************
07-25 16:27:17.797   342   342 D SAN_SERVICE: *******************************************
07-25 16:27:17.797   342   342 D SAN_SERVICE: DM App Phone Service State - 0
07-25 16:27:17.797   342   342 D SAN_SERVICE: *******************************************
07-25 16:27:25.774   145   199 D DhcpInfoInternal: makeLinkProperties with empty dns2!
07-25 16:27:25.793   145   199 D DhcpInfoInternal: makeLinkProperties with empty dns2!
07-25 16:27:28.922   342   342 D SAN_SERVICE: *******************************************
07-25 16:27:28.926   342   342 D SAN_SERVICE: DM App Phone Service State - 0
07-25 16:27:28.926   342   342 D SAN_SERVICE: *******************************************
07-25 16:27:29.727   342   342 D SAN_SERVICE: *******************************************
07-25 16:27:29.727   342   342 D SAN_SERVICE: DM App Phone Service State - 0
07-25 16:27:29.727   342   342 D SAN_SERVICE: *******************************************
07-25 16:27:37.559   342   342 D SAN_SERVICE: *******************************************
07-25 16:27:37.559   342   342 D SAN_SERVICE: DM App Phone Service State - 0
07-25 16:27:37.559   342   342 D SAN_SERVICE: *******************************************
07-25 16:27:52.813   342   342 D SAN_SERVICE: *******************************************
07-25 16:27:52.813   342   342 D SAN_SERVICE: DM App Phone Service State - 0
07-25 16:27:52.813   342   342 D SAN_SERVICE: *******************************************
07-25 16:27:53.106   342   342 D SAN_SERVICE: *******************************************
07-25 16:27:53.106   342   342 D SAN_SERVICE: DM App Phone Service State - 0
07-25 16:27:53.106   342   342 D SAN_SERVICE: *******************************************
07-25 16:27:58.184 23784 23785 D dalvikvm: GC_CONCURRENT freed 355K, 5% free 9889K/10375K, paused 13ms+8ms
07-25 16:27:58.524 20443 20512 D dalvikvm: GC_EXPLICIT freed 416K, 6% free 10180K/10759K, paused 6ms+5ms
07-25 16:27:59.949 23957 23957 D dalvikvm: Late-enabling CheckJNI
07-25 16:27:59.953   145   162 I ActivityManager: Start proc com.chess for broadcast com.chess/.backend.AlarmReceiver: pid=23957 uid=10079 gids={3003, 1015}
07-25 16:27:59.977    79    79 D dalvikvm: GC_EXPLICIT freed 37K, 4% free 9031K/9347K, paused 2ms+3ms
07-25 16:28:00.024    79    79 D dalvikvm: GC_EXPLICIT freed <1K, 4% free 9031K/9347K, paused 4ms+3ms
07-25 16:28:00.067    79    79 D dalvikvm: GC_EXPLICIT freed <1K, 4% free 9031K/9347K, paused 3ms+2ms
07-25 16:28:00.164 23957 23960 D dalvikvm: GC_CONCURRENT freed 176K, 3% free 9359K/9607K, paused 2ms+2ms
07-25 16:28:00.438 23957 23971 D GetStringObjTask: retrieving from url = http://www.chess.com/api/get_move_status?id=5HHjW9WUGa%2Bcu1LUwnVJPxTIWxmEve4VdkRnRyg7b5Ch69JH2Z5aB%2B7eGuFw8K2uFx47KFsdE3JRdR3Mzv0PkZOj6eZ8N73BvxmEERrzXjMNRo80rkLyJAUTh0iqof4n
07-25 16:28:01.446 23957 23971 D GetStringObjTask: WebRequest SERVER RESPONSE: Success+0
07-25 16:28:03.039   342   342 D SAN_SERVICE: *******************************************
07-25 16:28:03.039   342   342 D SAN_SERVICE: DM App Phone Service State - 0
07-25 16:28:03.039   342   342 D SAN_SERVICE: *******************************************
07-25 16:28:20.422 20676 20678 D dalvikvm: GC_CONCURRENT freed 403K, 7% free 10546K/11335K, paused 11ms+2ms
07-25 16:28:21.817 23857 23858 D dalvikvm: GC_CONCURRENT freed 513K, 6% free 9980K/10567K, paused 15ms+8ms
07-25 16:28:23.571   342   342 D SAN_SERVICE: *******************************************
07-25 16:28:23.571   342   342 D SAN_SERVICE: DM App Phone Service State - 0
07-25 16:28:23.571   342   342 D SAN_SERVICE: *******************************************
07-25 16:28:23.801   145 22258 D AlarmManagerService: Kernel timezone updated to 240 minutes west of GMT
07-25 16:28:23.813   342   342 D SAN_SERVICE: *******************************************
07-25 16:28:23.813   342   342 D SAN_SERVICE: DM App Phone Service State - 0
07-25 16:28:23.813   342   342 D SAN_SERVICE: *******************************************
07-25 16:28:29.844 23478 23491 I PhoneLab-: Service Running
07-25 16:28:29.926 23478 23491 I PhoneLab-LoggerService: app_37    1300  1     1440   1000  c00f181c 400107b4 S logcat
07-25 16:28:29.926 23478 23491 I PhoneLab-LoggerService: Logcat pid from database 1300
07-25 16:28:29.926 23478 23491 I PhoneLab-LoggerService: Logcat process found 1300
07-25 16:28:29.926 23478 23491 I PhoneLab-LoggerService: Checking Threshold
07-25 16:28:29.930 23478 23491 I PhoneLab-LoggerService: Starting to rename files
07-25 16:28:29.930 23478 23491 I PhoneLab-LoggerService: Files found .. 2
07-25 16:28:38.887   342   342 D SAN_SERVICE: *******************************************
07-25 16:28:38.887   342   342 D SAN_SERVICE: DM App Phone Service State - 0
07-25 16:28:38.887   342   342 D SAN_SERVICE: *******************************************
07-25 16:28:39.688   342   342 D SAN_SERVICE: *******************************************
07-25 16:28:39.688   342   342 D SAN_SERVICE: DM App Phone Service State - 0
07-25 16:28:39.688   342   342 D SAN_SERVICE: *******************************************
07-25 16:29:19.942   342   342 D SAN_SERVICE: *******************************************
07-25 16:29:19.942   342   342 D SAN_SERVICE: DM App Phone Service State - 0
07-25 16:29:19.942   342   342 D SAN_SERVICE: *******************************************
07-25 16:29:20.153   342   342 D SAN_SERVICE: *******************************************
07-25 16:29:20.153   342   342 D SAN_SERVICE: DM App Phone Service State - 0
07-25 16:29:20.153   342   342 D SAN_SERVICE: *******************************************
07-25 16:29:21.801 20676 20678 D dalvikvm: GC_CONCURRENT freed 497K, 7% free 10561K/11335K, paused 1ms+2ms
07-25 16:29:21.918 23857 23858 D dalvikvm: GC_CONCURRENT freed 485K, 6% free 10006K/10567K, paused 2ms+6ms
07-25 16:29:30.160   342   342 D SAN_SERVICE: *******************************************
07-25 16:29:30.160   342   342 D SAN_SERVICE: DM App Phone Service State - 0
07-25 16:29:30.160   342   342 D SAN_SERVICE: *******************************************
07-25 16:29:40.363   342   342 D SAN_SERVICE: *******************************************
07-25 16:29:40.363   342   342 D SAN_SERVICE: DM App Phone Service State - 0
07-25 16:29:40.363   342   342 D SAN_SERVICE: *******************************************
07-25 16:29:40.606   342   342 D SAN_SERVICE: *******************************************
07-25 16:29:40.606   342   342 D SAN_SERVICE: DM App Phone Service State - 0
07-25 16:29:40.606   342   342 D SAN_SERVICE: *******************************************
07-25 16:29:40.899   342   342 D SAN_SERVICE: *******************************************
07-25 16:29:40.899   342   342 D SAN_SERVICE: DM App Phone Service State - 0
07-25 16:29:40.899   342   342 D SAN_SERVICE: *******************************************
07-25 16:29:50.656   145   199 D DhcpInfoInternal: makeLinkProperties with empty dns2!
07-25 16:29:50.664   145   199 D DhcpInfoInternal: makeLinkProperties with empty dns2!
07-25 16:30:00.133   215   217 D dalvikvm: GC_CONCURRENT freed 417K, 32% free 9693K/14215K, paused 12ms+3ms
07-25 16:30:03.973   145   174 I ActivityManager: Start proc com.twitter.android for service com.twitter.android/.client.AppService: pid=23996 uid=10064 gids={3003, 1015}
07-25 16:30:03.981 23996 23996 I dalvikvm: Turning on JNI app bug workarounds for target SDK version 11...
07-25 16:30:04.094 23996 23996 I ActivityThread: Pub com.twitter.android.provider.GlobalDatabaseProvider: com.twitter.android.provider.GlobalDatabaseProvider
07-25 16:30:04.110 23996 23996 I ActivityThread: Pub com.twitter.android.provider.TwitterProvider: com.twitter.android.provider.TwitterProvider
07-25 16:30:04.250 23996 23998 D dalvikvm: GC_CONCURRENT freed 172K, 4% free 9301K/9607K, paused 9ms+2ms
07-25 16:30:04.653 23996 23998 D dalvikvm: GC_CONCURRENT freed 217K, 4% free 9522K/9863K, paused 2ms+2ms
07-25 16:30:04.785 23996 23998 D dalvikvm: GC_CONCURRENT freed 285K, 5% free 9638K/10055K, paused 3ms+2ms
07-25 16:30:04.910 23996 23998 D dalvikvm: GC_CONCURRENT freed 292K, 5% free 9764K/10183K, paused 2ms+2ms
07-25 16:30:05.028 23996 23998 D dalvikvm: GC_CONCURRENT freed 294K, 5% free 9887K/10311K, paused 1ms+2ms
07-25 16:30:05.164 23996 23998 D dalvikvm: GC_CONCURRENT freed 301K, 5% free 10016K/10439K, paused 1ms+2ms
07-25 16:30:05.289 23996 23998 D dalvikvm: GC_CONCURRENT freed 296K, 4% free 10145K/10567K, paused 1ms+2ms
07-25 16:30:05.430 23996 23998 D dalvikvm: GC_CONCURRENT freed 296K, 4% free 10273K/10695K, paused 2ms+1ms
07-25 16:30:05.602 23996 23998 D dalvikvm: GC_CONCURRENT freed 474K, 6% free 10224K/10823K, paused 3ms+2ms
07-25 16:30:05.731 23996 23998 D dalvikvm: GC_CONCURRENT freed 319K, 5% free 10297K/10823K, paused 2ms+2ms
07-25 16:30:05.848 23996 23998 D dalvikvm: GC_CONCURRENT freed 325K, 5% free 10382K/10823K, paused 1ms+2ms
07-25 16:30:05.891   342   342 D SAN_SERVICE: *******************************************
07-25 16:30:05.891   342   342 D SAN_SERVICE: DM App Phone Service State - 0
07-25 16:30:05.891   342   342 D SAN_SERVICE: *******************************************
07-25 16:30:06.031 23996 23998 D dalvikvm: GC_CONCURRENT freed 360K, 5% free 10474K/10951K, paused 4ms+2ms
07-25 16:30:06.055   145 22786 I ActivityManager: Process com.google.android.partnersetup (pid 23691) has died.
07-25 16:30:06.172   342   342 D SAN_SERVICE: *******************************************
07-25 16:30:06.172   342   342 D SAN_SERVICE: DM App Phone Service State - 0
07-25 16:30:06.172   342   342 D SAN_SERVICE: *******************************************
07-25 16:30:06.172 23996 23998 D dalvikvm: GC_CONCURRENT freed 350K, 5% free 10555K/11015K, paused 2ms+2ms
07-25 16:30:06.297 23996 23998 D dalvikvm: GC_CONCURRENT freed 327K, 5% free 10636K/11079K, paused 2ms+2ms
07-25 16:30:06.422 23996 23998 D dalvikvm: GC_CONCURRENT freed 361K, 5% free 10722K/11207K, paused 2ms+2ms
07-25 16:30:06.551 23996 23998 D dalvikvm: GC_CONCURRENT freed 394K, 5% free 10815K/11335K, paused 2ms+2ms
07-25 16:30:07.559   145   363 I ActivityManager: Process android.process.acore (pid 23784) has died.
07-25 16:30:07.582   145 21503 D CountryDetector: No listener is left
07-25 16:30:07.996 23996 23998 D dalvikvm: GC_CONCURRENT freed 321K, 4% free 11017K/11463K, paused 2ms+2ms
07-25 16:30:09.754 23996 23998 D dalvikvm: GC_CONCURRENT freed 457K, 5% free 11167K/11719K, paused 4ms+3ms
07-25 16:30:09.793 23912 23915 D dalvikvm: GC_CONCURRENT freed 329K, 5% free 9141K/9543K, paused 44ms+1ms
07-25 16:30:21.961 23857 23858 D dalvikvm: GC_CONCURRENT freed 537K, 6% free 10000K/10631K, paused 2ms+2ms
07-25 16:30:22.461 23857 23858 D dalvikvm: GC_CONCURRENT freed 289K, 6% free 10100K/10631K, paused 12ms+2ms
07-25 16:30:23.156 23857 23858 D dalvikvm: GC_CONCURRENT freed 276K, 4% free 10288K/10695K, paused 7ms+10ms
07-25 16:30:29.738 23478 23491 I PhoneLab-: Service Running
07-25 16:30:29.828 23478 23491 I PhoneLab-LoggerService: app_37    1300  1     1440   1000  c00f181c 400107b4 S logcat
07-25 16:30:29.828 23478 23491 I PhoneLab-LoggerService: Logcat pid from database 1300
07-25 16:30:29.828 23478 23491 I PhoneLab-LoggerService: Logcat process found 1300
07-25 16:30:29.828 23478 23491 I PhoneLab-LoggerService: Checking Threshold
07-25 16:30:29.832 23478 23491 I PhoneLab-LoggerService: Starting to rename files
07-25 16:30:29.832 23478 23491 I PhoneLab-LoggerService: Files found .. 2
07-25 16:30:31.653   342   342 D SAN_SERVICE: *******************************************
07-25 16:30:31.653   342   342 D SAN_SERVICE: DM App Phone Service State - 0
07-25 16:30:31.653   342   342 D SAN_SERVICE: *******************************************
07-25 16:30:31.910   342   342 D SAN_SERVICE: *******************************************
07-25 16:30:31.910   342   342 D SAN_SERVICE: DM App Phone Service State - 0
07-25 16:30:31.910   342   342 D SAN_SERVICE: *******************************************
07-25 16:30:32.660   342   342 D SAN_SERVICE: *******************************************
07-25 16:30:32.660   342   342 D SAN_SERVICE: DM App Phone Service State - 0
07-25 16:30:32.660   342   342 D SAN_SERVICE: *******************************************
07-25 16:30:36.946   342   342 D SAN_SERVICE: *******************************************
07-25 16:30:36.946   342   342 D SAN_SERVICE: DM App Phone Service State - 0
07-25 16:30:36.946   342   342 D SAN_SERVICE: *******************************************
07-25 16:30:37.168   342   342 D SAN_SERVICE: *******************************************
07-25 16:30:37.168   342   342 D SAN_SERVICE: DM App Phone Service State - 0
07-25 16:30:37.168   342   342 D SAN_SERVICE: *******************************************
07-25 16:30:37.610   145   338 I ActivityManager: Start proc android.process.acore for content provider com.android.providers.contacts/.ContactsProvider2: pid=24024 uid=10000 gids={3003, 1015}
07-25 16:30:37.613   145 22258 I ActivityManager: Process com.android.providers.calendar (pid 23912) has died.
07-25 16:30:37.664 24024 24024 I ActivityThread: Pub call_log: com.android.providers.contacts.CallLogProvider
07-25 16:30:37.696 24024 24024 I ActivityThread: Pub com.android.voicemail: com.android.providers.contacts.VoicemailContentProvider
07-25 16:30:37.699 24024 24024 I ActivityThread: Pub user_dictionary: com.android.providers.userdictionary.UserDictionaryProvider
07-25 16:30:37.735 24024 24024 I ActivityThread: Pub com.android.social: com.android.providers.contacts.SocialProvider
07-25 16:30:37.738 24024 24024 I ActivityThread: Pub applications: com.android.providers.applications.ApplicationsProvider
07-25 16:30:37.910 24024 24024 I ActivityThread: Pub contacts;com.android.contacts: com.android.providers.contacts.ContactsProvider2
07-25 16:30:37.953 24024 24027 D dalvikvm: GC_CONCURRENT freed 347K, 5% free 9189K/9607K, paused 5ms+2ms
07-25 16:30:38.270 24024 24027 D dalvikvm: GC_CONCURRENT freed 228K, 4% free 9375K/9735K, paused 6ms+5ms
07-25 16:30:38.465   145   157 D dalvikvm: GC_EXPLICIT freed 1121K, 24% free 18038K/23495K, paused 8ms+9ms
07-25 16:30:39.262   145   430 I ActivityManager: Process com.android.deskclock (pid 23900) has died.
07-25 16:30:39.281 24024 24027 D dalvikvm: GC_CONCURRENT freed 192K, 4% free 9603K/9927K, paused 20ms+3ms
07-25 16:30:39.457   145 22786 I ActivityManager: Process com.android.calendar (pid 23884) has died.
07-25 16:30:43.520   145   423 I ActivityManager: Process com.twitter.android (pid 23996) has died.
07-25 16:30:46.348 23593 23595 D dalvikvm: GC_CONCURRENT freed 571K, 18% free 11005K/13319K, paused 9ms+8ms
07-25 16:30:46.977   342   342 D SAN_SERVICE: *******************************************
07-25 16:30:46.977   342   342 D SAN_SERVICE: DM App Phone Service State - 0
07-25 16:30:46.977   342   342 D SAN_SERVICE: *******************************************
07-25 16:31:07.430   342   342 D SAN_SERVICE: *******************************************
07-25 16:31:07.430   342   342 D SAN_SERVICE: DM App Phone Service State - 0
07-25 16:31:07.430   342   342 D SAN_SERVICE: *******************************************
07-25 16:31:07.696   342   342 D SAN_SERVICE: *******************************************
07-25 16:31:07.696   342   342 D SAN_SERVICE: DM App Phone Service State - 0
07-25 16:31:07.696   342   342 D SAN_SERVICE: *******************************************
07-25 16:31:08.196   342   342 D SAN_SERVICE: *******************************************
07-25 16:31:08.196   342   342 D SAN_SERVICE: DM App Phone Service State - 0
07-25 16:31:08.196   342   342 D SAN_SERVICE: *******************************************
07-25 16:31:17.656   342   342 D SAN_SERVICE: *******************************************
07-25 16:31:17.656   342   342 D SAN_SERVICE: DM App Phone Service State - 0
07-25 16:31:17.656   342   342 D SAN_SERVICE: *******************************************
07-25 16:31:19.125   342   342 D SAN_SERVICE: *******************************************
07-25 16:31:19.125   342   342 D SAN_SERVICE: DM App Phone Service State - 0
07-25 16:31:19.125   342   342 D SAN_SERVICE: *******************************************
07-25 16:31:19.457   342   342 D SAN_SERVICE: *******************************************
07-25 16:31:19.457   342   342 D SAN_SERVICE: DM App Phone Service State - 0
07-25 16:31:19.457   342   342 D SAN_SERVICE: *******************************************
07-25 16:31:19.696   342   342 D SAN_SERVICE: *******************************************
07-25 16:31:19.696   342   342 D SAN_SERVICE: DM App Phone Service State - 0
07-25 16:31:19.696   342   342 D SAN_SERVICE: *******************************************
07-25 16:31:21.969 20676 20678 D dalvikvm: GC_CONCURRENT freed 479K, 7% free 10595K/11335K, paused 13ms+3ms
07-25 16:31:22.168 23857 23858 D dalvikvm: GC_CONCURRENT freed 675K, 7% free 10130K/10887K, paused 13ms+7ms
07-25 16:31:43.254   342   342 D SAN_SERVICE: *******************************************
07-25 16:31:43.254   342   342 D SAN_SERVICE: DM App Phone Service State - 0
07-25 16:31:43.254   342   342 D SAN_SERVICE: *******************************************
07-25 16:31:43.293   342   345 D dalvikvm: GC_CONCURRENT freed 817K, 9% free 11892K/12935K, paused 11ms+3ms
07-25 16:31:43.504   342   342 D SAN_SERVICE: *******************************************
07-25 16:31:43.504   342   342 D SAN_SERVICE: DM App Phone Service State - 0
07-25 16:31:43.504   342   342 D SAN_SERVICE: *******************************************
07-25 16:31:43.703   342   342 D SAN_SERVICE: *******************************************
07-25 16:31:43.703   342   342 D SAN_SERVICE: DM App Phone Service State - 0
07-25 16:31:43.703   342   342 D SAN_SERVICE: *******************************************
07-25 16:31:43.778   342   342 D SAN_SERVICE: *******************************************
07-25 16:31:43.778   342   342 D SAN_SERVICE: DM App Phone Service State - 0
07-25 16:31:43.778   342   342 D SAN_SERVICE: *******************************************
07-25 16:31:53.485   342   342 D SAN_SERVICE: *******************************************
07-25 16:31:53.485   342   342 D SAN_SERVICE: DM App Phone Service State - 0
07-25 16:31:53.485   342   342 D SAN_SERVICE: *******************************************
07-25 16:32:03.801   342   342 D SAN_SERVICE: *******************************************
07-25 16:32:03.801   342   342 D SAN_SERVICE: DM App Phone Service State - 0
07-25 16:32:03.801   342   342 D SAN_SERVICE: *******************************************
07-25 16:32:04.074   342   342 D SAN_SERVICE: *******************************************
07-25 16:32:04.074   342   342 D SAN_SERVICE: DM App Phone Service State - 0
07-25 16:32:04.074   342   342 D SAN_SERVICE: *******************************************
07-25 16:32:04.844   342   342 D SAN_SERVICE: *******************************************
07-25 16:32:04.844   342   342 D SAN_SERVICE: DM App Phone Service State - 0
07-25 16:32:04.844   342   342 D SAN_SERVICE: *******************************************
07-25 16:32:15.590   145   199 D DhcpInfoInternal: makeLinkProperties with empty dns2!
07-25 16:32:15.598   145   199 D DhcpInfoInternal: makeLinkProperties with empty dns2!
07-25 16:32:22.090 20676 20678 D dalvikvm: GC_CONCURRENT freed 446K, 7% free 10556K/11335K, paused 2ms+8ms
07-25 16:32:22.168 23857 23858 D dalvikvm: GC_CONCURRENT freed 482K, 7% free 10134K/10887K, paused 2ms+4ms
07-25 16:32:24.199   342   342 D SAN_SERVICE: *******************************************
07-25 16:32:24.199   342   342 D SAN_SERVICE: DM App Phone Service State - 0
07-25 16:32:24.199   342   342 D SAN_SERVICE: *******************************************
07-25 16:32:24.434   342   342 D SAN_SERVICE: *******************************************
07-25 16:32:24.434   342   342 D SAN_SERVICE: DM App Phone Service State - 0
07-25 16:32:24.434   342   342 D SAN_SERVICE: *******************************************
07-25 16:32:24.973   342   342 D SAN_SERVICE: *******************************************
07-25 16:32:24.973   342   342 D SAN_SERVICE: DM App Phone Service State - 0
07-25 16:32:24.973   342   342 D SAN_SERVICE: *******************************************
07-25 16:32:29.738 23478 23491 I PhoneLab-: Service Running
07-25 16:32:29.860 23478 23480 D dalvikvm: GC_CONCURRENT freed 392K, 6% free 9092K/9607K, paused 15ms+3ms
07-25 16:32:29.895 23478 23491 I PhoneLab-LoggerService: app_37    1300  1     1440   1000  c00f181c 400107b4 S logcat
07-25 16:32:29.895 23478 23491 I PhoneLab-LoggerService: Logcat pid from database 1300
07-25 16:32:29.895 23478 23491 I PhoneLab-LoggerService: Logcat process found 1300
07-25 16:32:29.895 23478 23491 I PhoneLab-LoggerService: Checking Threshold
07-25 16:32:29.895 23478 23491 I PhoneLab-LoggerService: Starting to rename files
07-25 16:32:29.895 23478 23491 I PhoneLab-LoggerService: Files found .. 2
07-25 16:32:34.430   342   342 D SAN_SERVICE: *******************************************
07-25 16:32:34.430   342   342 D SAN_SERVICE: DM App Phone Service State - 0
07-25 16:32:34.430   342   342 D SAN_SERVICE: *******************************************
07-25 16:32:34.668   342   342 D SAN_SERVICE: *******************************************
07-25 16:32:34.668   342   342 D SAN_SERVICE: DM App Phone Service State - 0
07-25 16:32:34.668   342   342 D SAN_SERVICE: *******************************************
07-25 16:32:35.418   342   342 D SAN_SERVICE: *******************************************
07-25 16:32:35.418   342   342 D SAN_SERVICE: DM App Phone Service State - 0
07-25 16:32:35.418   342   342 D SAN_SERVICE: *******************************************
07-25 16:32:44.703   342   342 D SAN_SERVICE: *******************************************
07-25 16:32:44.703   342   342 D SAN_SERVICE: DM App Phone Service State - 0
07-25 16:32:44.703   342   342 D SAN_SERVICE: *******************************************
07-25 16:32:59.965 23957 24067 D GetStringObjTask: retrieving from url = http://www.chess.com/api/get_move_status?id=5HHjW9WUGa%2Bcu1LUwnVJPxTIWxmEve4VdkRnRyg7b5Ch69JH2Z5aB%2B7eGuFw8K2uFx47KFsdE3JRdR3Mzv0PkZOj6eZ8N73BvxmEERrzXjMNRo80rkLyJAUTh0iqof4n
07-25 16:33:00.465 23957 24067 D GetStringObjTask: WebRequest SERVER RESPONSE: Success+0
07-25 16:33:10.289   342   342 D SAN_SERVICE: *******************************************
07-25 16:33:10.289   342   342 D SAN_SERVICE: DM App Phone Service State - 0
07-25 16:33:10.289   342   342 D SAN_SERVICE: *******************************************
07-25 16:33:22.270 23857 23858 D dalvikvm: GC_CONCURRENT freed 452K, 8% free 10105K/10887K, paused 6ms+4ms
07-25 16:33:22.274 20676 20678 D dalvikvm: GC_CONCURRENT freed 477K, 7% free 10591K/11335K, paused 7ms+5ms
07-25 16:33:22.922 24024 24027 D dalvikvm: GC_CONCURRENT freed 550K, 7% free 9501K/10183K, paused 9ms+6ms
07-25 16:33:30.817   342   342 D SAN_SERVICE: *******************************************
07-25 16:33:30.817   342   342 D SAN_SERVICE: DM App Phone Service State - 0
07-25 16:33:30.817   342   342 D SAN_SERVICE: *******************************************
07-25 16:33:31.059   342   342 D SAN_SERVICE: *******************************************
07-25 16:33:31.059   342   342 D SAN_SERVICE: DM App Phone Service State - 0
07-25 16:33:31.059   342   342 D SAN_SERVICE: *******************************************
07-25 16:33:31.324   342   342 D SAN_SERVICE: *******************************************
07-25 16:33:31.324   342   342 D SAN_SERVICE: DM App Phone Service State - 0
07-25 16:33:31.324   342   342 D SAN_SERVICE: *******************************************
07-25 16:33:37.547   342   342 D SAN_SERVICE: *******************************************
07-25 16:33:37.551   342   342 D SAN_SERVICE: DM App Phone Service State - 0
07-25 16:33:37.551   342   342 D SAN_SERVICE: *******************************************
07-25 16:33:44.981 20443 24070 I EventLogService: Aggregate from 1343246624076 (log), 1343246624076 (data)
07-25 16:33:45.367 20443 20446 D dalvikvm: GC_CONCURRENT freed 478K, 6% free 10173K/10759K, paused 40ms+4ms
07-25 16:33:46.121   342   342 D SAN_SERVICE: *******************************************
07-25 16:33:46.121   342   342 D SAN_SERVICE: DM App Phone Service State - 0
07-25 16:33:46.121   342   342 D SAN_SERVICE: *******************************************
07-25 16:33:46.352   342   342 D SAN_SERVICE: *******************************************
07-25 16:33:46.352   342   342 D SAN_SERVICE: DM App Phone Service State - 0
07-25 16:33:46.352   342   342 D SAN_SERVICE: *******************************************
07-25 16:33:47.098   342   342 D SAN_SERVICE: *******************************************
07-25 16:33:47.098   342   342 D SAN_SERVICE: DM App Phone Service State - 0
07-25 16:33:47.098   342   342 D SAN_SERVICE: *******************************************
07-25 16:33:56.438   342   342 D SAN_SERVICE: *******************************************
07-25 16:33:56.438   342   342 D SAN_SERVICE: DM App Phone Service State - 0
07-25 16:33:56.438   342   342 D SAN_SERVICE: *******************************************
07-25 16:33:56.735   342   342 D SAN_SERVICE: *******************************************
07-25 16:33:56.738   342   342 D SAN_SERVICE: DM App Phone Service State - 0
07-25 16:33:56.742   342   342 D SAN_SERVICE: *******************************************
07-25 16:33:57.481   342   342 D SAN_SERVICE: *******************************************
07-25 16:33:57.481   342   342 D SAN_SERVICE: DM App Phone Service State - 0
07-25 16:33:57.481   342   342 D SAN_SERVICE: *******************************************
07-25 16:34:11.770   342   342 D SAN_SERVICE: *******************************************
07-25 16:34:11.770   342   342 D SAN_SERVICE: DM App Phone Service State - 0
07-25 16:34:11.770   342   342 D SAN_SERVICE: *******************************************
07-25 16:34:12.512   342   342 D SAN_SERVICE: *******************************************
07-25 16:34:12.512   342   342 D SAN_SERVICE: DM App Phone Service State - 0
07-25 16:34:12.512   342   342 D SAN_SERVICE: *******************************************
07-25 16:34:16.004 23478 23478 I PhoneLab-Locks: wake lock acquired
07-25 16:34:16.110 23478 24071 I PhoneLab-PeriodicCheckService: User info is synched
07-25 16:34:16.125 23478 24071 I PhoneLab-PeriodicCheckService: Logger Service is running
07-25 16:34:16.133 23478 23478 I PhoneLab-Locks: wake lock acquired
07-25 16:34:16.133 23478 24071 I PhoneLab-Locks: wake lock acquired
07-25 16:34:16.137 23478 24071 I PhoneLab-PeriodicCheckService: Rescheduling periodic checking...
07-25 16:34:16.137 23478 24071 I PhoneLab-Locks: wake lock released
07-25 16:34:16.141 23478 23478 I PhoneLab-UploadLogs: Transfering log files now
07-25 16:34:16.524 23478 23480 D dalvikvm: GC_CONCURRENT freed 444K, 6% free 9199K/9735K, paused 4ms+5ms
07-25 16:34:16.547 23478 23478 D dalvikvm: GC_FOR_ALLOC freed <1K, 6% free 9199K/9735K, paused 23ms
07-25 16:34:16.547 23478 23478 I dalvikvm-heap: Grow heap (frag case) to 9.169MB for 123476-byte allocation
07-25 16:34:16.571 23478 23487 D dalvikvm: GC_FOR_ALLOC freed 56K, 7% free 9263K/9863K, paused 13ms
07-25 16:34:16.602 23478 23478 D dalvikvm: GC_FOR_ALLOC freed 0K, 7% free 9263K/9863K, paused 15ms
07-25 16:34:16.602 23478 23478 I dalvikvm-heap: Grow heap (frag case) to 9.357MB for 254548-byte allocation
07-25 16:34:16.629 23478 23487 D dalvikvm: GC_FOR_ALLOC freed 120K, 8% free 9391K/10119K, paused 15ms
07-25 16:34:16.656 23478 23478 D dalvikvm: GC_FOR_ALLOC freed 0K, 8% free 9391K/10119K, paused 15ms
07-25 16:34:16.660 23478 23478 I dalvikvm-heap: Grow heap (frag case) to 9.733MB for 516692-byte allocation
07-25 16:34:16.692 23478 23487 D dalvikvm: GC_FOR_ALLOC freed 248K, 10% free 9647K/10631K, paused 20ms
07-25 16:34:16.738 23478 23480 D dalvikvm: GC_CONCURRENT freed 7K, 10% free 9643K/10631K, paused 1ms+3ms
07-25 16:34:16.758 23478 23478 I PhoneLab-UploadLogs: OnStartCommand
07-25 16:34:16.762 23478 23478 I PhoneLab-StatusMonitor: Status Monitoring is started
07-25 16:34:16.778 23478 23478 E PhoneLab-PhoneLabManifest: java.io.FileNotFoundException: /data/data/edu.buffalo.cse.phonelab.phonelabservices/files/manifest.xml: open failed: ENOENT (No such file or directory)
07-25 16:34:16.813 23478 23478 I PhoneLab-Locks: wake lock released
07-25 16:34:17.090 23478 24073 D dalvikvm: GC_FOR_ALLOC freed 388K, 10% free 9631K/10631K, paused 65ms
07-25 16:34:17.106 23478 24073 D dalvikvm: GC_FOR_ALLOC freed 301K, 10% free 9631K/10631K, paused 13ms
07-25 16:34:17.125 23478 24073 D dalvikvm: GC_FOR_ALLOC freed 301K, 10% free 9638K/10631K, paused 13ms
07-25 16:34:20.793 23478 23478 I PhoneLab-: 1343247710227.log is deleted
07-25 16:34:20.793 23478 23478 I PhoneLab-: Response: {"data": "done", "err": ""}
07-25 16:34:20.805 23478 23478 I PhoneLab-UploadLogs: No log files to transfer
07-25 16:34:20.805 23478 23478 I PhoneLab-Locks: wake lock released
07-25 16:34:22.188 20676 20678 D dalvikvm: GC_CONCURRENT freed 462K, 7% free 10559K/11335K, paused 2ms+6ms
07-25 16:34:22.258 23857 23858 D dalvikvm: GC_CONCURRENT freed 430K, 8% free 10107K/10887K, paused 2ms+2ms
07-25 16:34:29.738 23478 23491 I PhoneLab-: Service Running
07-25 16:34:29.844 23478 23491 I PhoneLab-LoggerService: app_37    1300  1     1440   1000  c00f181c 400107b4 S logcat
07-25 16:34:29.844 23478 23491 I PhoneLab-LoggerService: Logcat pid from database 1300
07-25 16:34:29.844 23478 23491 I PhoneLab-LoggerService: Logcat process found 1300
07-25 16:34:29.844 23478 23491 I PhoneLab-LoggerService: Checking Threshold
07-25 16:34:37.258   342   342 D SAN_SERVICE: *******************************************
07-25 16:34:37.258   342   342 D SAN_SERVICE: DM App Phone Service State - 0
07-25 16:34:37.258   342   342 D SAN_SERVICE: *******************************************
07-25 16:34:37.328   145  1303 I ActivityManager: Process android.process.acore (pid 24024) has died.
07-25 16:34:37.813   342   342 D SAN_SERVICE: *******************************************
07-25 16:34:37.813   342   342 D SAN_SERVICE: DM App Phone Service State - 0
07-25 16:34:37.813   342   342 D SAN_SERVICE: *******************************************
07-25 16:34:40.465   145   199 D DhcpInfoInternal: makeLinkProperties with empty dns2!
07-25 16:34:40.465   145   199 D DhcpInfoInternal: makeLinkProperties with empty dns2!
07-25 16:34:47.535   342   342 D SAN_SERVICE: *******************************************
07-25 16:34:47.535   342   342 D SAN_SERVICE: DM App Phone Service State - 0
07-25 16:34:47.535   342   342 D SAN_SERVICE: *******************************************
07-25 16:34:47.774   342   342 D SAN_SERVICE: *******************************************
07-25 16:34:47.774   342   342 D SAN_SERVICE: DM App Phone Service State - 0
07-25 16:34:47.774   342   342 D SAN_SERVICE: *******************************************
07-25 16:34:48.524   342   342 D SAN_SERVICE: *******************************************
07-25 16:34:48.524   342   342 D SAN_SERVICE: DM App Phone Service State - 0
07-25 16:34:48.524   342   342 D SAN_SERVICE: *******************************************
07-25 16:34:59.535   342   342 D SAN_SERVICE: *******************************************
07-25 16:34:59.535   342   342 D SAN_SERVICE: DM App Phone Service State - 0
07-25 16:34:59.535   342   342 D SAN_SERVICE: *******************************************
07-25 16:35:00.289   342   342 D SAN_SERVICE: *******************************************
07-25 16:35:00.289   342   342 D SAN_SERVICE: DM App Phone Service State - 0
07-25 16:35:00.289   342   342 D SAN_SERVICE: *******************************************
07-25 16:35:08.063   342   342 D SAN_SERVICE: *******************************************
07-25 16:35:08.063   342   342 D SAN_SERVICE: DM App Phone Service State - 0
07-25 16:35:08.063   342   342 D SAN_SERVICE: *******************************************
07-25 16:35:08.328   342   342 D SAN_SERVICE: *******************************************
07-25 16:35:08.328   342   342 D SAN_SERVICE: DM App Phone Service State - 0
07-25 16:35:08.328   342   342 D SAN_SERVICE: *******************************************
07-25 16:35:09.039   342   342 D SAN_SERVICE: *******************************************
07-25 16:35:09.039   342   342 D SAN_SERVICE: DM App Phone Service State - 0
07-25 16:35:09.039   342   342 D SAN_SERVICE: *******************************************
