07-20 16:23:58.640   347   347 D SAN_SERVICE: *******************************************
07-20 16:23:59.132   144   497 D AlarmManagerService: Kernel timezone updated to 240 minutes west of GMT
07-20 16:24:03.210   347   347 D SAN_SERVICE: *******************************************
07-20 16:24:03.210   347   347 D SAN_SERVICE: DM App Phone Service State - 0
07-20 16:24:03.210   347   347 D SAN_SERVICE: *******************************************
07-20 16:24:04.241   144  1184 D AlarmManagerService: Kernel timezone updated to 240 minutes west of GMT
07-20 16:24:07.081 18064 18066 D dalvikvm: GC_CONCURRENT freed 503K, 8% free 10304K/11143K, paused 1ms+4ms
07-20 16:24:09.448   347   347 D SAN_SERVICE: *******************************************
07-20 16:24:09.456   347   347 D SAN_SERVICE: DM App Phone Service State - 0
07-20 16:24:09.456   347   347 D SAN_SERVICE: *******************************************
07-20 16:24:36.597   347   347 D SAN_SERVICE: *******************************************
07-20 16:24:36.597   347   347 D SAN_SERVICE: DM App Phone Service State - 0
07-20 16:24:36.600   347   347 D SAN_SERVICE: *******************************************
07-20 16:24:39.850   347   347 D SAN_SERVICE: *******************************************
07-20 16:24:39.850   347   347 D SAN_SERVICE: DM App Phone Service State - 0
07-20 16:24:39.850   347   347 D SAN_SERVICE: *******************************************
07-20 16:24:39.866   347   350 D dalvikvm: GC_CONCURRENT freed 436K, 6% free 9491K/10055K, paused 19ms+2ms
07-20 16:24:59.565   144   335 D AlarmManagerService: Kernel timezone updated to 240 minutes west of GMT
07-20 16:24:59.847   347   347 D SAN_SERVICE: *******************************************
07-20 16:24:59.847   347   347 D SAN_SERVICE: DM App Phone Service State - 0
07-20 16:24:59.847   347   347 D SAN_SERVICE: *******************************************
07-20 16:25:00.573   347   347 D SAN_SERVICE: *******************************************
07-20 16:25:00.573   347   347 D SAN_SERVICE: DM App Phone Service State - 0
07-20 16:25:00.573   347   347 D SAN_SERVICE: *******************************************
07-20 16:25:07.054 21044 21046 D dalvikvm: GC_CONCURRENT freed 464K, 6% free 10506K/11079K, paused 2ms+3ms
07-20 16:25:07.183 18064 18066 D dalvikvm: GC_CONCURRENT freed 459K, 8% free 10292K/11143K, paused 2ms+3ms
07-20 16:25:15.655   347   347 D SAN_SERVICE: *******************************************
07-20 16:25:15.655   347   347 D SAN_SERVICE: DM App Phone Service State - 0
07-20 16:25:15.655   347   347 D SAN_SERVICE: *******************************************
07-20 16:25:19.628   347   347 D SAN_SERVICE: *******************************************
07-20 16:25:19.628   347   347 D SAN_SERVICE: DM App Phone Service State - 0
07-20 16:25:19.628   347   347 D SAN_SERVICE: *******************************************
07-20 16:25:33.745   144  1185 D AlarmManagerService: Kernel timezone updated to 240 minutes west of GMT
07-20 16:25:38.854 19416 19429 I PhoneLab-: Service Running
07-20 16:25:38.929 19416 19429 I PhoneLab-LoggerService: app_37    1303  1     1440   1004  c00f181c 400107b4 S logcat
07-20 16:25:38.933 19416 19429 I PhoneLab-LoggerService: Logcat pid from database 1303
07-20 16:25:38.933 19416 19429 I PhoneLab-LoggerService: Logcat process found 1303
07-20 16:25:38.933 19416 19429 I PhoneLab-LoggerService: Checking Threshold
07-20 16:25:38.933 19416 19429 I PhoneLab-LoggerService: Starting to rename files
07-20 16:25:38.933 19416 19429 I PhoneLab-LoggerService: Files found .. 2
07-20 16:25:38.933 19416 19429 I PhoneLab-LoggerService: File 1 log.out.1
07-20 16:25:38.983 19416 19429 I PhoneLab-LoggerService: Renamed successfully
07-20 16:25:44.089   347   347 D SAN_SERVICE: *******************************************
07-20 16:25:44.089   347   347 D SAN_SERVICE: DM App Phone Service State - 0
07-20 16:25:44.089   347   347 D SAN_SERVICE: *******************************************
07-20 16:26:07.183   144   147 D dalvikvm: GC_CONCURRENT freed 1723K, 19% free 17043K/20871K, paused 3ms+9ms
07-20 16:26:08.210   347   347 D SAN_SERVICE: *******************************************
07-20 16:26:08.210   347   347 D SAN_SERVICE: DM App Phone Service State - 0
07-20 16:26:08.210   347   347 D SAN_SERVICE: *******************************************
07-20 16:26:19.225   347   347 D SAN_SERVICE: *******************************************
07-20 16:26:19.225   347   347 D SAN_SERVICE: DM App Phone Service State - 0
07-20 16:26:19.225   347   347 D SAN_SERVICE: *******************************************
07-20 16:26:22.265   347   347 D SAN_SERVICE: *******************************************
07-20 16:26:22.265   347   347 D SAN_SERVICE: DM App Phone Service State - 0
07-20 16:26:22.265   347   347 D SAN_SERVICE: *******************************************
07-20 16:27:07.143 21044 21046 D dalvikvm: GC_CONCURRENT freed 602K, 7% free 10461K/11143K, paused 2ms+2ms
07-20 16:27:07.222 18064 21214 D dalvikvm: GC_EXPLICIT freed 399K, 8% free 10264K/11143K, paused 10ms+3ms
07-20 16:27:30.433 19297 19300 D dalvikvm: GC_CONCURRENT freed 1219K, 19% free 11736K/14343K, paused 10ms+5ms
07-20 16:27:38.858 19416 19429 I PhoneLab-: Service Running
07-20 16:27:38.929 19416 19429 I PhoneLab-LoggerService: app_37    1303  1     1440   1004  c00f181c 400107b4 S logcat
07-20 16:27:38.929 19416 19429 I PhoneLab-LoggerService: Logcat pid from database 1303
07-20 16:27:38.929 19416 19429 I PhoneLab-LoggerService: Logcat process found 1303
07-20 16:27:38.929 19416 19429 I PhoneLab-LoggerService: Checking Threshold
07-20 16:27:38.929 19416 19429 I PhoneLab-LoggerService: Starting to rename files
07-20 16:27:38.933 19416 19429 I PhoneLab-LoggerService: Files found .. 2
07-20 16:28:07.276   144   156 D dalvikvm: GC_EXPLICIT freed 483K, 19% free 16919K/20871K, paused 3ms+7ms
07-20 16:28:07.347 18064 18066 D dalvikvm: GC_CONCURRENT freed 467K, 8% free 10306K/11143K, paused 2ms+2ms
07-20 16:29:07.257 21044 21046 D dalvikvm: GC_CONCURRENT freed 513K, 7% free 10460K/11143K, paused 2ms+2ms
07-20 16:29:07.386 18064 18066 D dalvikvm: GC_CONCURRENT freed 457K, 8% free 10357K/11143K, paused 2ms+3ms
07-20 16:29:31.378   347   347 D SAN_SERVICE: *******************************************
07-20 16:29:31.378   347   347 D SAN_SERVICE: DM App Phone Service State - 0
07-20 16:29:31.378   347   347 D SAN_SERVICE: *******************************************
07-20 16:29:38.858 19416 19429 I PhoneLab-: Service Running
07-20 16:29:38.929 19416 19429 I PhoneLab-LoggerService: app_37    1303  1     1440   1004  c00f181c 400107b4 S logcat
07-20 16:29:38.929 19416 19429 I PhoneLab-LoggerService: Logcat pid from database 1303
07-20 16:29:38.929 19416 19429 I PhoneLab-LoggerService: Logcat process found 1303
07-20 16:29:38.929 19416 19429 I PhoneLab-LoggerService: Checking Threshold
07-20 16:29:38.929 19416 19429 I PhoneLab-LoggerService: Starting to rename files
07-20 16:29:38.929 19416 19429 I PhoneLab-LoggerService: Files found .. 2
07-20 16:29:38.956 19416 19419 D dalvikvm: GC_CONCURRENT freed 419K, 15% free 9125K/10695K, paused 2ms+2ms
07-20 16:29:55.124   347   347 D SAN_SERVICE: *******************************************
07-20 16:29:55.124   347   347 D SAN_SERVICE: DM App Phone Service State - 0
07-20 16:29:55.124   347   347 D SAN_SERVICE: *******************************************
07-20 16:29:58.292   347   347 D SAN_SERVICE: *******************************************
07-20 16:29:58.292   347   347 D SAN_SERVICE: DM App Phone Service State - 0
07-20 16:29:58.292   347   347 D SAN_SERVICE: *******************************************
07-20 16:30:07.507 18064 18066 D dalvikvm: GC_CONCURRENT freed 509K, 8% free 10328K/11143K, paused 2ms+3ms
07-20 16:30:07.651 18064 18066 D dalvikvm: GC_CONCURRENT freed 279K, 6% free 10499K/11143K, paused 2ms+2ms
07-20 16:30:10.581 17940 17943 D dalvikvm: GC_CONCURRENT freed 456K, 6% free 9848K/10439K, paused 18ms+4ms
07-20 16:30:48.745   347   347 D SAN_SERVICE: *******************************************
07-20 16:30:48.745   347   347 D SAN_SERVICE: DM App Phone Service State - 0
07-20 16:30:48.745   347   347 D SAN_SERVICE: *******************************************
07-20 16:30:49.179 21044 21046 D dalvikvm: GC_CONCURRENT freed 393K, 7% free 10451K/11143K, paused 3ms+2ms
07-20 16:31:07.440 18064 18066 D dalvikvm: GC_CONCURRENT freed 649K, 8% free 10360K/11143K, paused 2ms+3ms
07-20 16:31:15.843   347   347 D SAN_SERVICE: *******************************************
07-20 16:31:15.843   347   347 D SAN_SERVICE: DM App Phone Service State - 0
07-20 16:31:15.843   347   347 D SAN_SERVICE: *******************************************
07-20 16:31:19.225   347   347 D SAN_SERVICE: *******************************************
07-20 16:31:19.225   347   347 D SAN_SERVICE: DM App Phone Service State - 0
07-20 16:31:19.225   347   347 D SAN_SERVICE: *******************************************
07-20 16:31:38.858 19416 19429 I PhoneLab-: Service Running
07-20 16:31:38.944 19416 19429 I PhoneLab-LoggerService: app_37    1303  1     1440   1004  c00f181c 400107b4 S logcat
07-20 16:31:38.944 19416 19429 I PhoneLab-LoggerService: Logcat pid from database 1303
07-20 16:31:38.948 19416 19429 I PhoneLab-LoggerService: Logcat process found 1303
07-20 16:31:38.948 19416 19429 I PhoneLab-LoggerService: Checking Threshold
07-20 16:31:38.948 19416 19429 I PhoneLab-LoggerService: Starting to rename files
07-20 16:31:38.948 19416 19429 I PhoneLab-LoggerService: Files found .. 2
07-20 16:31:55.628 17987 17990 D dalvikvm: GC_CONCURRENT freed 366K, 6% free 10256K/10887K, paused 21ms+3ms
07-20 16:32:07.401 21044 21046 D dalvikvm: GC_CONCURRENT freed 495K, 7% free 10467K/11143K, paused 2ms+3ms
07-20 16:32:07.530 18064 18066 D dalvikvm: GC_CONCURRENT freed 535K, 8% free 10332K/11143K, paused 2ms+4ms
07-20 16:32:15.722 17907 17909 D dalvikvm: GC_CONCURRENT freed 1282K, 43% free 13441K/23431K, paused 2ms+6ms
07-20 16:32:16.370 17907 21257 I DatabaseHelper: Begin cleanup.
07-20 16:32:16.456 17907 21257 I DatabaseHelper: Cleaned up: 0
07-20 16:32:50.624 17987 18827 I EventLogService: Aggregate from 1342814570512 (log), 1342814570512 (data)
07-20 16:33:38.858 19416 19429 I PhoneLab-: Service Running
07-20 16:33:38.929 19416 19429 I PhoneLab-LoggerService: app_37    1303  1     1440   1004  c00f181c 400107b4 S logcat
07-20 16:33:38.929 19416 19429 I PhoneLab-LoggerService: Logcat pid from database 1303
07-20 16:33:38.929 19416 19429 I PhoneLab-LoggerService: Logcat process found 1303
07-20 16:33:38.929 19416 19429 I PhoneLab-LoggerService: Checking Threshold
07-20 16:33:38.929 19416 19429 I PhoneLab-LoggerService: Starting to rename files
07-20 16:33:38.929 19416 19429 I PhoneLab-LoggerService: Files found .. 2
07-20 16:34:06.218   220   222 D dalvikvm: GC_CONCURRENT freed 382K, 31% free 9881K/14215K, paused 2ms+3ms
07-20 16:34:07.518 21044 21046 D dalvikvm: GC_CONCURRENT freed 511K, 7% free 10467K/11143K, paused 2ms+3ms
07-20 16:34:07.612 18064 18066 D dalvikvm: GC_CONCURRENT freed 524K, 8% free 10311K/11143K, paused 2ms+3ms
07-20 16:34:07.718 18064 18066 D dalvikvm: GC_CONCURRENT freed 316K, 7% free 10383K/11143K, paused 2ms+2ms
07-20 16:34:15.011   220   220 D dalvikvm: GC_FOR_ALLOC freed 563K, 32% free 9683K/14215K, paused 33ms
07-20 16:34:15.085   220   222 D dalvikvm: GC_CONCURRENT freed 357K, 32% free 9785K/14215K, paused 2ms+2ms
07-20 16:34:15.315   220   220 V PhoneStatusBar: setLightsOn(true)
07-20 16:34:15.710 19297 19297 W IInputConnectionWrapper: showStatusIcon on inactive InputConnection
07-20 16:34:15.710   144   374 W InputManagerService: Starting input on non-focused client com.android.internal.view.IInputMethodClient$Stub$Proxy@41758df8 (uid=10068 pid=19297)
07-20 16:34:15.757   144  1185 I ActivityManager: No longer want com.google.android.apps.googlevoice (pid 20753): hidden #16
07-20 16:34:15.772   144 14395 W ActivityManager: Scheduling restart of crashed service com.google.android.apps.googlevoice/.UpdateService in 5000ms
07-20 16:34:15.772   144 14395 W ActivityManager: Scheduling restart of crashed service com.google.android.apps.googlevoice/.CallLogService in 15000ms
07-20 16:34:18.417   144   171 I power   : *** set_screen_state 0
07-20 16:34:18.491    78   120 D SurfaceFlinger: About to give-up screen, flinger = 0x1b6e918
07-20 16:34:18.725   144   147 D dalvikvm: GC_CONCURRENT freed 1303K, 16% free 17593K/20871K, paused 14ms+14ms
07-20 16:34:18.757   144   175 V TransportControlView: Create TCV com.android.internal.widget.TransportControlView@4132db98
07-20 16:34:18.843   220   220 D PhoneStatusBar: disable: < expand icons alerts ticker system_info back home RECENT* clock >
07-20 16:34:18.886   220   220 D PhoneStatusBar: disable: < expand icons alerts ticker system_info BACK* HOME* RECENT CLOCK* >
07-20 16:34:20.862   144   161 I ActivityManager: Start proc com.google.android.apps.googlevoice for service com.google.android.apps.googlevoice/.UpdateService: pid=21269 uid=10054 gids={3003, 1015}
07-20 16:34:21.284 21269 21271 D dalvikvm: GC_CONCURRENT freed 239K, 4% free 9297K/9607K, paused 11ms+2ms
07-20 16:34:21.374 17940 19760 D dalvikvm: GC_EXPLICIT freed 148K, 7% free 9749K/10439K, paused 2ms+3ms
07-20 16:34:21.768 21269 21271 D dalvikvm: GC_CONCURRENT freed 437K, 6% free 9418K/9927K, paused 2ms+7ms
07-20 16:34:21.772 21269 21278 W CursorWrapperInner: Cursor finalized without prior close()
07-20 16:34:21.772 21269 21278 W CursorWrapperInner: Cursor finalized without prior close()
07-20 16:34:21.772 21269 21278 W CursorWrapperInner: Cursor finalized without prior close()
07-20 16:34:21.995   144   323 D dalvikvm: GC_EXPLICIT freed 219K, 15% free 17753K/20871K, paused 2ms+14ms
07-20 16:34:22.022 21269 21271 D dalvikvm: GC_CONCURRENT freed 368K, 5% free 9533K/9991K, paused 5ms+2ms
07-20 16:34:22.140 21269 21291 D dalvikvm: GC_FOR_ALLOC freed 85K, 5% free 9616K/10119K, paused 17ms
07-20 16:34:22.233 17940 17943 D dalvikvm: GC_CONCURRENT freed 286K, 5% free 9927K/10439K, paused 2ms+4ms
07-20 16:34:23.905   347   347 D SAN_SERVICE: *******************************************
07-20 16:34:23.905   347   347 D SAN_SERVICE: DM App Phone Service State - 0
07-20 16:34:23.905   347   347 D SAN_SERVICE: *******************************************
07-20 16:34:34.229   347   347 D SAN_SERVICE: *******************************************
07-20 16:34:34.229   347   347 D SAN_SERVICE: DM App Phone Service State - 0
07-20 16:34:34.229   347   347 D SAN_SERVICE: *******************************************
07-20 16:34:38.097   347   347 D SAN_SERVICE: *******************************************
07-20 16:34:38.097   347   347 D SAN_SERVICE: DM App Phone Service State - 0
07-20 16:34:38.097   347   347 D SAN_SERVICE: *******************************************
07-20 16:35:07.593 18064 18066 D dalvikvm: GC_CONCURRENT freed 594K, 8% free 10300K/11143K, paused 2ms+2ms
07-20 16:35:38.858 19416 19429 I PhoneLab-: Service Running
07-20 16:35:38.936 19416 19429 I PhoneLab-LoggerService: app_37    1303  1     1440   1004  c00f181c 400107b4 S logcat
07-20 16:35:38.936 19416 19429 I PhoneLab-LoggerService: Logcat pid from database 1303
07-20 16:35:38.936 19416 19429 I PhoneLab-LoggerService: Logcat process found 1303
07-20 16:35:38.936 19416 19429 I PhoneLab-LoggerService: Checking Threshold
07-20 16:35:38.940 19416 19429 I PhoneLab-LoggerService: Starting to rename files
07-20 16:35:38.940 19416 19429 I PhoneLab-LoggerService: Files found .. 2
07-20 16:36:00.007   144   161 I ActivityManager: No longer want android.process.media (pid 20727): hidden #16
07-20 16:36:07.585 21044 21046 D dalvikvm: GC_CONCURRENT freed 514K, 7% free 10465K/11143K, paused 2ms+3ms
07-20 16:36:07.702 18064 18066 D dalvikvm: GC_CONCURRENT freed 500K, 8% free 10312K/11143K, paused 1ms+3ms
07-20 16:37:07.710 18064 18066 D dalvikvm: GC_CONCURRENT freed 469K, 8% free 10311K/11143K, paused 2ms+2ms
07-20 16:37:20.261   144   498 D AlarmManagerService: Kernel timezone updated to 240 minutes west of GMT
07-20 16:37:20.265   347   347 D SystemClock: Setting time of day to sec=1342816641
07-20 16:37:21.123 19877 19890 V AlarmClock: AlarmInitReceiver finished
07-20 16:37:26.267   347   347 D SAN_SERVICE: *******************************************
07-20 16:37:26.267   347   347 D SAN_SERVICE: DM App Phone Service State - 0
07-20 16:37:26.267   347   347 D SAN_SERVICE: *******************************************
07-20 16:37:27.057   347   347 D SAN_SERVICE: *******************************************
07-20 16:37:27.057   347   347 D SAN_SERVICE: DM App Phone Service State - 0
07-20 16:37:27.057   347   347 D SAN_SERVICE: *******************************************
07-20 16:37:28.795   347   347 D SAN_SERVICE: *******************************************
07-20 16:37:28.795   347   347 D SAN_SERVICE: DM App Phone Service State - 0
07-20 16:37:28.799   347   347 D SAN_SERVICE: *******************************************
07-20 16:37:35.822   347   347 D SAN_SERVICE: *******************************************
07-20 16:37:35.822   347   347 D SAN_SERVICE: DM App Phone Service State - 0
07-20 16:37:35.822   347   347 D SAN_SERVICE: *******************************************
07-20 16:37:36.072   347   347 D SAN_SERVICE: *******************************************
07-20 16:37:36.072   347   347 D SAN_SERVICE: DM App Phone Service State - 0
07-20 16:37:36.072   347   347 D SAN_SERVICE: *******************************************
07-20 16:37:39.646 19416 19429 I PhoneLab-: Service Running
07-20 16:37:39.713 19416 19429 I PhoneLab-LoggerService: app_37    1303  1     1440   1004  c00f181c 400107b4 S logcat
07-20 16:37:39.713 19416 19429 I PhoneLab-LoggerService: Logcat pid from database 1303
07-20 16:37:39.713 19416 19429 I PhoneLab-LoggerService: Logcat process found 1303
07-20 16:37:39.713 19416 19429 I PhoneLab-LoggerService: Checking Threshold
07-20 16:37:39.713 19416 19429 I PhoneLab-LoggerService: Starting to rename files
07-20 16:37:39.713 19416 19429 I PhoneLab-LoggerService: Files found .. 2
07-20 16:37:41.744   347   347 D SAN_SERVICE: *******************************************
07-20 16:37:41.744   347   347 D SAN_SERVICE: DM App Phone Service State - 0
07-20 16:37:41.748   347   347 D SAN_SERVICE: *******************************************
07-20 16:37:42.072   144   155 D AlarmManagerService: Kernel timezone updated to 240 minutes west of GMT
07-20 16:37:47.806   347   347 D SAN_SERVICE: *******************************************
07-20 16:37:47.806   347   347 D SAN_SERVICE: DM App Phone Service State - 0
07-20 16:37:47.806   347   347 D SAN_SERVICE: *******************************************
07-20 16:37:50.338   347   347 D SAN_SERVICE: *******************************************
07-20 16:37:50.338   347   347 D SAN_SERVICE: DM App Phone Service State - 0
07-20 16:37:50.338   347   347 D SAN_SERVICE: *******************************************
07-20 16:37:50.369   347   350 D dalvikvm: GC_CONCURRENT freed 431K, 6% free 9489K/10055K, paused 2ms+2ms
07-20 16:37:51.088   347   347 D SAN_SERVICE: *******************************************
07-20 16:37:51.088   347   347 D SAN_SERVICE: DM App Phone Service State - 0
07-20 16:37:51.088   347   347 D SAN_SERVICE: *******************************************
07-20 16:37:52.264   347   347 D SAN_SERVICE: *******************************************
07-20 16:37:52.264   347   347 D SAN_SERVICE: DM App Phone Service State - 0
07-20 16:37:52.264   347   347 D SAN_SERVICE: *******************************************
07-20 16:37:52.885   347   347 D SAN_SERVICE: *******************************************
07-20 16:37:52.885   347   347 D SAN_SERVICE: DM App Phone Service State - 0
07-20 16:37:52.885   347   347 D SAN_SERVICE: *******************************************
07-20 16:37:53.092   347   347 D SAN_SERVICE: *******************************************
07-20 16:37:53.092   347   347 D SAN_SERVICE: DM App Phone Service State - 0
07-20 16:37:53.092   347   347 D SAN_SERVICE: *******************************************
07-20 16:37:55.474   347   347 D SAN_SERVICE: *******************************************
07-20 16:37:55.474   347   347 D SAN_SERVICE: DM App Phone Service State - 0
07-20 16:37:55.474   347   347 D SAN_SERVICE: *******************************************
07-20 16:38:07.193 21044 21046 D dalvikvm: GC_CONCURRENT freed 395K, 7% free 10455K/11143K, paused 1ms+2ms
07-20 16:38:08.576 18064 18066 D dalvikvm: GC_CONCURRENT freed 393K, 8% free 10353K/11143K, paused 2ms+2ms
07-20 16:38:09.115 18064 18066 D dalvikvm: GC_CONCURRENT freed 258K, 6% free 10531K/11143K, paused 2ms+8ms
07-20 16:39:08.533 21044 21046 D dalvikvm: GC_CONCURRENT freed 501K, 7% free 10466K/11143K, paused 2ms+3ms
07-20 16:39:08.635 19941 21311 I Gmail   : MainSyncRequestProto: lowestBkwdConvoId: 0, highestHandledServerOp: 3331540, normalSync: true
07-20 16:39:08.674 18064 18066 D dalvikvm: GC_CONCURRENT freed 626K, 8% free 10304K/11143K, paused 1ms+2ms
07-20 16:39:08.830   144   160 D dalvikvm: GC_EXPLICIT freed 1113K, 16% free 17731K/20871K, paused 6ms+7ms
07-20 16:39:09.732 19941 19944 D dalvikvm: GC_CONCURRENT freed 407K, 7% free 10328K/11015K, paused 14ms+3ms
07-20 16:39:09.857 19941 19944 D dalvikvm: GC_CONCURRENT freed 414K, 7% free 10323K/11015K, paused 1ms+2ms
07-20 16:39:10.029 19941 21311 D dalvikvm: GC_EXPLICIT freed 24K, 7% free 10332K/11015K, paused 4ms+3ms
07-20 16:39:10.033 19941 21311 I Gmail   : MainSyncRequestProto: lowestBkwdConvoId: 0, highestHandledServerOp: 3331621, normalSync: true
07-20 16:39:12.435 19941 21311 D dalvikvm: GC_EXPLICIT freed 165K, 6% free 10355K/11015K, paused 7ms+3ms
07-20 16:39:12.439 19941 21311 I Gmail   : MainSyncRequestProto: lowestBkwdConvoId: 0, highestHandledServerOp: 3331621, normalSync: true
07-20 16:39:12.443 19941 21311 I Gmail   : lowestBackward conversation id 0
07-20 16:39:12.451 19941 21311 W Gmail   : Scheduling index for 300000 ms from now
07-20 16:39:12.478 19941 21311 I Gmail   : Sending notification intent: Intent { act=android.intent.action.PROVIDER_CHANGED dat=content://gmail-ls/unread/^i (has extras) }
07-20 16:39:12.529 19941 21311 I Gmail   : Sending notification intent: Intent { act=android.intent.action.PROVIDER_CHANGED dat=content://gmail-ls/unread/^iim (has extras) }
07-20 16:39:12.537 19941 21315 W Gmail   : Showing notification with unreadCount of 1 and unseenCount of 1
07-20 16:39:12.670 19941 21316 I Gmail   : MainSyncRequestProto: lowestBkwdConvoId: 0, highestHandledServerOp: 3331621, normalSync: true
07-20 16:39:12.865   220   222 D dalvikvm: GC_CONCURRENT freed 435K, 31% free 9816K/14215K, paused 2ms+3ms
07-20 16:39:13.029   220   222 D dalvikvm: GC_CONCURRENT freed 354K, 31% free 9933K/14215K, paused 3ms+3ms
07-20 16:39:13.182 19941 21316 D dalvikvm: GC_EXPLICIT freed 276K, 6% free 10380K/11015K, paused 2ms+7ms
07-20 16:39:13.185 19941 21316 I Gmail   : MainSyncRequestProto: lowestBkwdConvoId: 0, highestHandledServerOp: 3331638, normalSync: true
07-20 16:39:13.189 19941 21316 I Gmail   : lowestBackward conversation id 0
07-20 16:39:13.236 17987 17998 D dalvikvm: GC_EXPLICIT freed 369K, 6% free 10253K/10887K, paused 2ms+6ms
07-20 16:39:13.244 19941 21316 W Gmail   : Scheduling index for 300000 ms from now
07-20 16:39:15.889   220   222 D dalvikvm: GC_CONCURRENT freed 349K, 30% free 9981K/14215K, paused 12ms+3ms
07-20 16:39:16.576 19941 21318 I Gmail   : MainSyncRequestProto: lowestBkwdConvoId: 0, highestHandledServerOp: 3331638, normalSync: true
07-20 16:39:17.545 19941 19944 D dalvikvm: GC_CONCURRENT freed 440K, 7% free 10354K/11015K, paused 14ms+3ms
07-20 16:39:17.670 19941 19944 D dalvikvm: GC_CONCURRENT freed 416K, 7% free 10340K/11015K, paused 2ms+3ms
07-20 16:39:17.795 19941 21318 D dalvikvm: GC_EXPLICIT freed 19K, 7% free 10338K/11015K, paused 5ms+3ms
07-20 16:39:17.799 19941 21318 I Gmail   : MainSyncRequestProto: lowestBkwdConvoId: 0, highestHandledServerOp: 3331663, normalSync: true
07-20 16:39:17.799 19941 21318 I Gmail   : lowestBackward conversation id 0
07-20 16:39:17.807 19941 21318 W Gmail   : Scheduling index for 300000 ms from now
07-20 16:39:17.834 19941 21318 I Gmail   : Sending notification intent: Intent { act=android.intent.action.PROVIDER_CHANGED dat=content://gmail-ls/unread/^i (has extras) }
07-20 16:39:17.951   220   220 D dalvikvm: GC_FOR_ALLOC freed 612K, 32% free 9724K/14215K, paused 17ms
07-20 16:39:18.029   220   222 D dalvikvm: GC_CONCURRENT freed 287K, 31% free 9905K/14215K, paused 2ms+3ms
07-20 16:39:18.033 19941 21318 I Gmail   : Sending notification intent: Intent { act=android.intent.action.PROVIDER_CHANGED dat=content://gmail-ls/unread/^iim (has extras) }
07-20 16:39:38.857 19416 19429 I PhoneLab-: Service Running
07-20 16:39:38.955 19416 19429 I PhoneLab-LoggerService: app_37    1303  1     1440   1004  c00f181c 400107b4 S logcat
07-20 16:39:38.955 19416 19429 I PhoneLab-LoggerService: Logcat pid from database 1303
07-20 16:39:38.959 19416 19429 I PhoneLab-LoggerService: Logcat process found 1303
07-20 16:39:38.959 19416 19429 I PhoneLab-LoggerService: Checking Threshold
07-20 16:39:38.959 19416 19429 I PhoneLab-LoggerService: Starting to rename files
07-20 16:39:38.959 19416 19429 I PhoneLab-LoggerService: Files found .. 2
07-20 16:40:01.146   347   347 D SAN_SERVICE: *******************************************
07-20 16:40:01.146   347   347 D SAN_SERVICE: DM App Phone Service State - 0
07-20 16:40:01.146   347   347 D SAN_SERVICE: *******************************************
07-20 16:40:01.264   347   347 D SAN_SERVICE: *******************************************
07-20 16:40:01.264   347   347 D SAN_SERVICE: DM App Phone Service State - 0
07-20 16:40:01.264   347   347 D SAN_SERVICE: *******************************************
07-20 16:40:10.889   347   347 D SAN_SERVICE: *******************************************
07-20 16:40:10.889   347   347 D SAN_SERVICE: DM App Phone Service State - 0
07-20 16:40:10.889   347   347 D SAN_SERVICE: *******************************************
07-20 16:40:11.392   347   347 D SAN_SERVICE: *******************************************
07-20 16:40:11.392   347   347 D SAN_SERVICE: DM App Phone Service State - 0
07-20 16:40:11.392   347   347 D SAN_SERVICE: *******************************************
07-20 16:40:33.014   144   173 I ActivityManager: Start proc com.google.android.maps.mytracks for service com.google.android.maps.mytracks/com.google.android.apps.mytracks.services.RemoveTempFilesService: pid=21344 uid=10072 gids={3002, 3001, 3003, 1015}
07-20 16:40:33.182 21344 21344 I ActivityThread: Pub com.google.android.maps.mytracks.search: com.google.android.apps.mytracks.content.SearchEngineProvider
07-20 16:40:33.193 21344 21344 I ActivityThread: Pub com.google.android.maps.mytracks: com.google.android.apps.mytracks.content.MyTracksProvider
07-20 16:40:33.244 21344 21344 D MyTracks: Enabling strict mode
07-20 16:40:33.435 21344 21346 D dalvikvm: GC_CONCURRENT freed 336K, 5% free 9188K/9607K, paused 2ms+1ms
07-20 16:40:33.560 21344 21344 D StrictMode: StrictMode policy violation; ~duration=223 ms: android.os.StrictMode$StrictModeDiskWriteViolation: policy=21 violation=1
07-20 16:40:33.560 21344 21344 D StrictMode: 	at android.os.StrictMode$AndroidBlockGuardPolicy.onWriteToDisk(StrictMode.java:1063)
07-20 16:40:33.560 21344 21344 D StrictMode: 	at android.database.sqlite.SQLiteStatement.acquireAndLock(SQLiteStatement.java:226)
07-20 16:40:33.560 21344 21344 D StrictMode: 	at android.database.sqlite.SQLiteStatement.executeUpdateDelete(SQLiteStatement.java:84)
07-20 16:40:33.560 21344 21344 D StrictMode: 	at android.database.sqlite.SQLiteDatabase.executeSql(SQLiteDatabase.java:1899)
07-20 16:40:33.560 21344 21344 D StrictMode: 	at android.database.sqlite.SQLiteDatabase.execSQL(SQLiteDatabase.java:1839)
07-20 16:40:33.560 21344 21344 D StrictMode: 	at android.database.sqlite.SQLiteDatabase.setPageSize(SQLiteDatabase.java:1297)
07-20 16:40:33.560 21344 21344 D StrictMode: 	at android.database.sqlite.SQLiteDatabase.openDatabase(SQLiteDatabase.java:995)
07-20 16:40:33.560 21344 21344 D StrictMode: 	at android.database.sqlite.SQLiteDatabase.openOrCreateDatabase(SQLiteDatabase.java:1051)
07-20 16:40:33.560 21344 21344 D StrictMode: 	at android.app.ContextImpl.openOrCreateDatabase(ContextImpl.java:770)
07-20 16:40:33.560 21344 21344 D StrictMode: 	at android.content.ContextWrapper.openOrCreateDatabase(ContextWrapper.java:221)
07-20 16:40:33.560 21344 21344 D StrictMode: 	at android.database.sqlite.SQLiteOpenHelper.getWritableDatabase(SQLiteOpenHelper.java:157)
07-20 16:40:33.560 21344 21344 D StrictMode: 	at com.google.android.apps.analytics.v.<init>(Unknown Source)
07-20 16:40:33.560 21344 21344 D StrictMode: 	at com.google.android.apps.analytics.v.<init>(Unknown Source)
07-20 16:40:33.560 21344 21344 D StrictMode: 	at com.google.android.apps.analytics.i.a(Unknown Source)
07-20 16:40:33.560 21344 21344 D StrictMode: 	at com.google.android.apps.mytracks.b.a.a(MT:43)
07-20 16:40:33.560 21344 21344 D StrictMode: 	at com.google.android.apps.mytracks.MyTracksApplication.onCreate(MT:42)
07-20 16:40:33.560 21344 21344 D StrictMode: 	at android.app.Instrumentation.callApplicationOnCreate(Instrumentation.java:969)
07-20 16:40:33.560 21344 21344 D StrictMode: 	at android.app.ActivityThread.handleBindApplication(ActivityThread.java:3954)
07-20 16:40:33.560 21344 21344 D StrictMode: 	at android.app.ActivityThread.access$1300(ActivityThread.java:123)
07-20 16:40:33.560 21344 21344 D StrictMode: 	at android.app.ActivityThread$H.handleMessage(ActivityThread.java:1185)
07-20 16:40:33.560 21344 21344 D StrictMode: 	at android.os.Handler.dispatchMessage(Handler.java:99)
07-20 16:40:33.560 21344 21344 D StrictMode: 	at android.os.Looper.loop(Looper.java:137)
07-20 16:40:33.560 21344 21344 D StrictMode: 	at android.app.ActivityThread.main(ActivityThread.java:4424)
07-20 16:40:33.560 21344 21344 D StrictMode: 	at java.lang.reflect.Method.invokeNative(Native Method)
07-20 16:40:33.560 21344 21344 D StrictMode: 	at java.lang.reflect.Method.invoke(Method.java:511)
07-20 16:40:33.560 21344 21344 D StrictMode: 	at com.android.internal.os.ZygoteInit$MethodAndArgsCaller.run(ZygoteInit.java:784)
07-20 16:40:33.560 21344 21344 D StrictMode: 	at com.android.internal.os.ZygoteInit.main(ZygoteInit.java:551)
07-20 16:40:33.560 21344 21344 D StrictMode: 	at dalvik.system.NativeStart.main(Native Method)
07-20 16:40:33.560 21344 21344 D StrictMode: StrictMode policy violation; ~duration=173 ms: android.os.StrictMode$StrictModeDiskWriteViolation: policy=21 violation=1
07-20 16:40:33.560 21344 21344 D StrictMode: 	at android.os.StrictMode$AndroidBlockGuardPolicy.onWriteToDisk(StrictMode.java:1063)
07-20 16:40:33.560 21344 21344 D StrictMode: 	at android.database.sqlite.SQLiteStatement.acquireAndLock(SQLiteStatement.java:226)
07-20 16:40:33.560 21344 21344 D StrictMode: 	at android.database.sqlite.SQLiteStatement.executeUpdateDelete(SQLiteStatement.java:84)
07-20 16:40:33.560 21344 21344 D StrictMode: 	at android.database.sqlite.SQLiteDatabase.executeSql(SQLiteDatabase.java:1899)
07-20 16:40:33.560 21344 21344 D StrictMode: 	at android.database.sqlite.SQLiteDatabase.execSQL(SQLiteDatabase.java:1839)
07-20 16:40:33.560 21344 21344 D StrictMode: 	at android.database.sqlite.SQLiteDatabase.beginTransaction(SQLiteDatabase.java:659)
07-20 16:40:33.560 21344 21344 D StrictMode: 	at android.database.sqlite.SQLiteDatabase.beginTransaction(SQLiteDatabase.java:552)
07-20 16:40:33.560 21344 21344 D StrictMode: 	at com.google.android.apps.analytics.v.a(Unknown Source)
07-20 16:40:33.560 21344 21344 D StrictMode: 	at com.google.android.apps.analytics.i.a(Unknown Source)
07-20 16:40:33.560 21344 21344 D StrictMode: 	at com.google.android.apps.mytracks.b.a.a(MT:45)
07-20 16:40:33.560 21344 21344 D StrictMode: 	at com.google.android.apps.mytracks.MyTracksApplication.onCreate(MT:42)
07-20 16:40:33.560 21344 21344 D StrictMode: 	at android.app.Instrumentation.callApplicationOnCreate(Instrumentation.java:969)
07-20 16:40:33.560 21344 21344 D StrictMode: 	at android.app.ActivityThread.handleBindApplication(ActivityThread.java:3954)
07-20 16:40:33.560 21344 21344 D StrictMode: 	at android.app.ActivityThread.access$1300(ActivityThread.java:123)
07-20 16:40:33.560 21344 21344 D StrictMode: 	at android.app.ActivityThread$H.handleMessage(ActivityThread.java:1185)
07-20 16:40:33.560 21344 21344 D StrictMode: 	at android.os.Handler.dispatchMessage(Handler.java:99)
07-20 16:40:33.560 21344 21344 D StrictMode: 	at android.os.Looper.loop(Looper.java:137)
07-20 16:40:33.560 21344 21344 D StrictMode: 	at android.app.ActivityThread.main(ActivityThread.java:4424)
07-20 16:40:33.560 21344 21344 D StrictMode: 	at java.lang.reflect.Method.invokeNative(Native Method)
07-20 16:40:33.560 21344 21344 D StrictMode: 	at java.lang.reflect.Method.invoke(Method.java:511)
07-20 16:40:33.560 21344 21344 D StrictMode: 	at com.android.internal.os.ZygoteInit$MethodAndArgsCaller.run(ZygoteInit.java:784)
07-20 16:40:33.560 21344 21344 D StrictMode: 	at com.android.internal.os.ZygoteInit.main(ZygoteInit.java:551)
07-20 16:40:33.560 21344 21344 D StrictMode: 	at dalvik.system.NativeStart.main(Native Method)
07-20 16:40:33.560 21344 21344 D StrictMode: StrictMode policy violation; ~duration=162 ms: android.os.StrictMode$StrictModeDiskWriteViolation: policy=21 violation=1
07-20 16:40:33.560 21344 21344 D StrictMode: 	at android.os.StrictMode$AndroidBlockGuardPolicy.onWriteToDisk(StrictMode.java:1063)
07-20 16:40:33.560 21344 21344 D StrictMode: 	at android.database.sqlite.SQLiteStatement.acquireAndLock(SQLiteStatement.java:226)
07-20 16:40:33.560 21344 21344 D StrictMode: 	at android.database.sqlite.SQLiteStatement.executeUpdateDelete(SQLiteStatement.java:84)
07-20 16:40:33.560 21344 21344 D StrictMode: 	at android.database.sqlite.SQLiteDatabase.delete(SQLiteDatabase.java:1741)
07-20 16:40:33.560 21344 21344 D StrictMode: 	at com.google.android.apps.analytics.v.a(Unknown Source)
07-20 16:40:33.560 21344 21344 D StrictMode: 	at com.google.android.apps.analytics.i.a(Unknown Source)
07-20 16:40:33.560 21344 21344 D StrictMode: 	at com.google.android.apps.mytracks.b.a.a(MT:45)
07-20 16:40:33.560 21344 21344 D StrictMode: 	at com.google.android.apps.mytracks.MyTracksApplication.onCreate(MT:42)
07-20 16:40:33.560 21344 21344 D StrictMode: 	at android.app.Instrumentation.callApplicationOnCreate(Instrumentation.java:969)
07-20 16:40:33.560 21344 21344 D StrictMode: 	at android.app.ActivityThread.handleBindApplication(ActivityThread.java:3954)
07-20 16:40:33.560 21344 21344 D StrictMode: 	at android.app.ActivityThread.access$1300(ActivityThread.java:123)
07-20 16:40:33.560 21344 21344 D StrictMode: 	at android.app.ActivityThread$H.handleMessage(ActivityThread.java:1185)
07-20 16:40:33.560 21344 21344 D StrictMode: 	at android.os.Handler.dispatchMessage(Handler.java:99)
07-20 16:40:33.560 21344 21344 D StrictMode: 	at android.os.Looper.loop(Looper.java:137)
07-20 16:40:33.560 21344 21344 D StrictMode: 	at android.app.ActivityThread.main(ActivityThread.java:4424)
07-20 16:40:33.560 21344 21344 D StrictMode: 	at java.lang.reflect.Method.invokeNative(Native Method)
07-20 16:40:33.560 21344 21344 D StrictMode: 	at java.lang.reflect.Method.invoke(Method.java:511)
07-20 16:40:33.560 21344 21344 D StrictMode: 	at com.android.internal.os.ZygoteInit$MethodAndArgsCaller.run(ZygoteInit.java:784)
07-20 16:40:33.560 21344 21344 D StrictMode: 	at com.android.internal.os.ZygoteInit.main(ZygoteInit.java:551)
07-20 16:40:33.560 21344 21344 D StrictMode: 	at dalvik.system.NativeStart.main(Native Method)
07-20 16:40:33.560 21344 21344 D StrictMode: StrictMode policy violation; ~duration=150 ms: android.os.StrictMode$StrictModeDiskWriteViolation: policy=21 violation=1
07-20 16:40:33.560 21344 21344 D StrictMode: 	at android.os.StrictMode$AndroidBlockGuardPolicy.onWriteToDisk(StrictMode.java:1063)
07-20 16:40:33.560 21344 21344 D StrictMode: 	at android.database.sqlite.SQLiteStatement.acquireAndLock(SQLiteStatement.java:226)
07-20 16:40:33.560 21344 21344 D StrictMode: 	at android.database.sqlite.SQLiteStatement.executeInsert(SQLiteStatement.java:112)
07-20 16:40:33.560 21344 21344 D StrictMode: 	at android.database.sqlite.SQLiteDatabase.insertWithOnConflict(SQLiteDatabase.java:1718)
07-20 16:40:33.560 21344 21344 D StrictMode: 	at android.database.sqlite.SQLiteDatabase.insert(SQLiteDatabase.java:1591)
07-20 16:40:33.560 21344 21344 D StrictMode: 	at com.google.android.apps.analytics.v.a(Unknown Source)
07-20 16:40:33.560 21344 21344 D StrictMode: 	at com.google.android.apps.analytics.i.a(Unknown Source)
07-20 16:40:33.560 21344 21344 D StrictMode: 	at com.google.android.apps.mytracks.b.a.a(MT:45)
07-20 16:40:33.560 21344 21344 D StrictMode: 	at com.google.android.apps.mytracks.MyTracksApplication.onCreate(MT:42)
07-20 16:40:33.560 21344 21344 D StrictMode: 	at android.app.Instrumentation.callApplicationOnCreate(Instrumentation.java:969)
07-20 16:40:33.560 21344 21344 D StrictMode: 	at android.app.ActivityThread.handleBindApplication(ActivityThread.java:3954)
07-20 16:40:33.560 21344 21344 D StrictMode: 	at android.app.ActivityThread.access$1300(ActivityThread.java:123)
07-20 16:40:33.560 21344 21344 D StrictMode: 	at android.app.ActivityThread$H.handleMessage(ActivityThread.java:1185)
07-20 16:40:33.560 21344 21344 D StrictMode: 	at android.os.Handler.dispatchMessage(Handler.java:99)
07-20 16:40:33.560 21344 21344 D StrictMode: 	at android.os.Looper.loop(Looper.java:137)
07-20 16:40:33.560 21344 21344 D StrictMode: 	at android.app.ActivityThread.main(ActivityThread.java:4424)
07-20 16:40:33.560 21344 21344 D StrictMode: 	at java.lang.reflect.Method.invokeNative(Native Method)
07-20 16:40:33.560 21344 21344 D StrictMode: 	at java.lang.reflect.Method.invoke(Method.java:511)
07-20 16:40:33.560 21344 21344 D StrictMode: 	at com.android.internal.os.ZygoteInit$MethodAndArgsCaller.run(ZygoteInit.java:784)
07-20 16:40:33.560 21344 21344 D StrictMode: 	at com.android.internal.os.ZygoteInit.main(ZygoteInit.java:551)
07-20 16:40:33.560 21344 21344 D StrictMode: 	at dalvik.system.NativeStart.main(Native Method)
07-20 16:40:33.560 21344 21344 D StrictMode: StrictMode policy violation; ~duration=123 ms: android.os.StrictMode$StrictModeDiskWriteViolation: policy=21 violation=1
07-20 16:40:33.560 21344 21344 D StrictMode: 	at android.os.StrictMode$AndroidBlockGuardPolicy.onWriteToDisk(StrictMode.java:1063)
07-20 16:40:33.560 21344 21344 D StrictMode: 	at android.database.sqlite.SQLiteStatement.acquireAndLock(SQLiteStatement.java:226)
07-20 16:40:33.560 21344 21344 D StrictMode: 	at android.database.sqlite.SQLiteStatement.executeInsert(SQLiteStatement.java:112)
07-20 16:40:33.560 21344 21344 D StrictMode: 	at android.database.sqlite.SQLiteDatabase.insertWithOnConflict(SQLiteDatabase.java:1718)
07-20 16:40:33.560 21344 21344 D StrictMode: 	at android.database.sqlite.SQLiteDatabase.insert(SQLiteDatabase.java:1591)
07-20 16:40:33.560 21344 21344 D StrictMode: 	at com.google.android.apps.analytics.v.a(Unknown Source)
07-20 16:40:33.560 21344 21344 D StrictMode: 	at com.google.android.apps.analytics.v.a(Unknown Source)
07-20 16:40:33.560 21344 21344 D StrictMode: 	at com.google.android.apps.analytics.v.a(Unknown Source)
07-20 16:40:33.560 21344 21344 D StrictMode: 	at com.google.android.apps.analytics.i.a(Unknown Source)
07-20 16:40:33.560 21344 21344 D StrictMode: 	at com.google.android.apps.mytracks.b.a.a(MT:45)
07-20 16:40:33.560 21344 21344 D StrictMode: 	at com.google.android.apps.mytracks.MyTracksApplication.onCreate(MT:42)
07-20 16:40:33.560 21344 21344 D StrictMode: 	at android.app.Instrumentation.callApplicationOnCreate(Instrumentation.java:969)
07-20 16:40:33.560 21344 21344 D StrictMode: 	at android.app.ActivityThread.handleBindApplication(ActivityThread.java:3954)
07-20 16:40:33.560 21344 21344 D StrictMode: 	at android.app.ActivityThread.access$1300(ActivityThread.java:123)
07-20 16:40:33.560 21344 21344 D StrictMode: 	at android.app.ActivityThread$H.handleMessage(ActivityThread.java:1185)
07-20 16:40:33.560 21344 21344 D StrictMode: 	at android.os.Handler.dispatchMessage(Handler.java:99)
07-20 16:40:33.560 21344 21344 D StrictMode: 	at android.os.Looper.loop(Looper.java:137)
07-20 16:40:33.560 21344 21344 D StrictMode: 	at android.app.ActivityThread.main(ActivityThread.java:4424)
07-20 16:40:33.560 21344 21344 D StrictMode: 	at java.lang.reflect.Method.invokeNative(Native Method)
07-20 16:40:33.560 21344 21344 D StrictMode: 	at java.lang.reflect.Method.invoke(Method.java:511)
07-20 16:40:33.560 21344 21344 D StrictMode: 	at com.android.internal.os.ZygoteInit$MethodAndArgsCaller.run(ZygoteInit.java:784)
07-20 16:40:33.560 21344 21344 D StrictMode: 	at com.android.internal.os.ZygoteInit.main(ZygoteInit.java:551)
07-20 16:40:33.560 21344 21344 D StrictMode: 	at dalvik.system.NativeStart.main(Native Method)
07-20 16:40:33.560 21344 21344 D StrictMode: StrictMode policy violation; ~duration=120 ms: android.os.StrictMode$StrictModeDiskWriteViolation: policy=21 violation=1
07-20 16:40:33.560 21344 21344 D StrictMode: 	at android.os.StrictMode$AndroidBlockGuardPolicy.onWriteToDisk(StrictMode.java:1063)
07-20 16:40:33.560 21344 21344 D StrictMode: 	at android.database.sqlite.SQLiteStatement.acquireAndLock(SQLiteStatement.java:226)
07-20 16:40:33.560 21344 21344 D StrictMode: 	at android.database.sqlite.SQLiteStatement.executeUpdateDelete(SQLiteStatement.java:84)
07-20 16:40:33.560 21344 21344 D StrictMode: 	at android.database.sqlite.SQLiteDatabase.executeSql(SQLiteDatabase.java:1899)
07-20 16:40:33.560 21344 21344 D StrictMode: 	at android.database.sqlite.SQLiteDatabase.execSQL(SQLiteDatabase.java:1839)
07-20 16:40:33.560 21344 21344 D StrictMode: 	at android.database.sqlite.SQLiteDatabase.endTransaction(SQLiteDatabase.java:714)
07-20 16:40:33.560 21344 21344 D StrictMode: 	at com.google.android.apps.analytics.v.d(Unknown Source)
07-20 16:40:33.560 21344 21344 D StrictMode: 	at com.google.android.apps.analytics.v.a(Unknown Source)
07-20 16:40:33.560 21344 21344 D StrictMode: 	at com.google.android.apps.analytics.i.a(Unknown Source)
07-20 16:40:33.560 21344 21344 D StrictMode: 	at com.google.android.apps.mytracks.b.a.a(MT:45)
07-20 16:40:33.560 21344 21344 D StrictMode: 	at com.google.android.apps.mytracks.MyTracksApplication.onCreate(MT:42)
07-20 16:40:33.560 21344 21344 D StrictMode: 	at android.app.Instrumentation.callApplicationOnCreate(Instrumentation.java:969)
07-20 16:40:33.560 21344 21344 D StrictMode: 	at android.app.ActivityThread.handleBindApplication(ActivityThread.java:3954)
07-20 16:40:33.560 21344 21344 D StrictMode: 	at android.app.ActivityThread.access$1300(ActivityThread.java:123)
07-20 16:40:33.560 21344 21344 D StrictMode: 	at android.app.ActivityThread$H.handleMessage(ActivityThread.java:1185)
07-20 16:40:33.560 21344 21344 D StrictMode: 	at android.os.Handler.dispatchMessage(Handler.java:99)
07-20 16:40:33.560 21344 21344 D StrictMode: 	at android.os.Looper.loop(Looper.java:137)
07-20 16:40:33.560 21344 21344 D StrictMode: 	at android.app.ActivityThread.main(ActivityThread.java:4424)
07-20 16:40:33.560 21344 21344 D StrictMode: 	at java.lang.reflect.Method.invokeNative(Native Method)
07-20 16:40:33.560 21344 21344 D StrictMode: 	at java.lang.reflect.Method.invoke(Method.java:511)
07-20 16:40:33.560 21344 21344 D StrictMode: 	at com.android.internal.os.ZygoteInit$MethodAndArgsCaller.run(ZygoteInit.java:784)
07-20 16:40:33.560 21344 21344 D StrictMode: 	at com.android.internal.os.ZygoteInit.main(ZygoteInit.java:551)
07-20 16:40:33.560 21344 21344 D StrictMode: 	at dalvik.system.NativeStart.main(Native Method)
07-20 16:40:33.572   144   335 I ActivityManager: No longer want com.google.android.apps.currents (pid 20923): hidden #16
07-20 16:40:58.896   347   347 D SAN_SERVICE: *******************************************
07-20 16:40:58.896   347   347 D SAN_SERVICE: DM App Phone Service State - 0
07-20 16:40:58.896   347   347 D SAN_SERVICE: *******************************************
07-20 16:41:07.299   144   335 I ActivityManager: No longer want com.android.sprintmenu (pid 21007): hidden #16
07-20 16:41:07.299   144   335 I ActivityManager: No longer want com.google.android.apps.plus (pid 20711): hidden #17
07-20 16:41:07.307   144  1184 W ActivityManager: Scheduling restart of crashed service com.android.sprintmenu/.HiddenPhoneService in 5000ms
07-20 16:41:08.619 21044 21046 D dalvikvm: GC_CONCURRENT freed 513K, 7% free 10464K/11143K, paused 2ms+3ms
07-20 16:41:08.713 18064 18066 D dalvikvm: GC_CONCURRENT freed 495K, 8% free 10312K/11143K, paused 7ms+3ms
07-20 16:41:08.971   347   347 D SAN_SERVICE: *******************************************
07-20 16:41:08.971   347   347 D SAN_SERVICE: DM App Phone Service State - 0
07-20 16:41:08.971   347   347 D SAN_SERVICE: *******************************************
07-20 16:41:11.865   347   347 D SAN_SERVICE: *******************************************
07-20 16:41:11.865   347   347 D SAN_SERVICE: DM App Phone Service State - 0
07-20 16:41:11.865   347   347 D SAN_SERVICE: *******************************************
07-20 16:41:12.314   144   161 I ActivityManager: Start proc com.android.sprintmenu for service com.android.sprintmenu/.HiddenPhoneService: pid=21362 uid=1001 gids={3002, 3001, 3003, 1015}
07-20 16:41:33.943   347   347 D SAN_SERVICE: *******************************************
07-20 16:41:33.943   347   347 D SAN_SERVICE: DM App Phone Service State - 0
07-20 16:41:33.943   347   347 D SAN_SERVICE: *******************************************
07-20 16:41:38.857 19416 19429 I PhoneLab-: Service Running
07-20 16:41:38.939 19416 19429 I PhoneLab-LoggerService: app_37    1303  1     1440   1004  c00f181c 400107b4 S logcat
07-20 16:41:38.939 19416 19429 I PhoneLab-LoggerService: Logcat pid from database 1303
07-20 16:41:38.939 19416 19429 I PhoneLab-LoggerService: Logcat process found 1303
07-20 16:41:38.939 19416 19429 I PhoneLab-LoggerService: Checking Threshold
07-20 16:41:38.939 19416 19429 I PhoneLab-LoggerService: Starting to rename files
07-20 16:41:38.939 19416 19429 I PhoneLab-LoggerService: Files found .. 2
07-20 16:41:56.076   347   347 D SAN_SERVICE: *******************************************
07-20 16:41:56.076   347   347 D SAN_SERVICE: DM App Phone Service State - 0
07-20 16:41:56.076   347   347 D SAN_SERVICE: *******************************************
07-20 16:42:00.045   347   347 D SAN_SERVICE: *******************************************
07-20 16:42:00.045   347   347 D SAN_SERVICE: DM App Phone Service State - 0
07-20 16:42:00.045   347   347 D SAN_SERVICE: *******************************************
07-20 16:42:03.369 19416 19416 I PhoneLab-Locks: wake lock acquired
07-20 16:42:03.396 19416 21379 I PhoneLab-PeriodicCheckService: User info is synched
07-20 16:42:03.400 19416 21379 I PhoneLab-PeriodicCheckService: Logger Service is running
07-20 16:42:03.404 19416 19416 I PhoneLab-Locks: wake lock acquired
07-20 16:42:03.408 19416 19416 I PhoneLab-StatusMonitor: Status Monitoring is started
07-20 16:42:03.428 19416 19416 E PhoneLab-PhoneLabManifest: java.io.FileNotFoundException: /data/data/edu.buffalo.cse.phonelab.phonelabservices/files/manifest.xml: open failed: ENOENT (No such file or directory)
07-20 16:42:03.428 19416 19416 I PhoneLab-Locks: wake lock released
07-20 16:42:03.432 19416 21379 I PhoneLab-Locks: wake lock acquired
07-20 16:42:03.432 19416 19416 I PhoneLab-UploadLogs: Transfering log files now
07-20 16:42:03.432 19416 21379 I PhoneLab-PeriodicCheckService: Rescheduling periodic checking...
07-20 16:42:03.435 19416 21379 I PhoneLab-Locks: wake lock released
07-20 16:42:03.467 19416 19419 D dalvikvm: GC_CONCURRENT freed 442K, 15% free 9159K/10695K, paused 2ms+2ms
07-20 16:42:03.517 19416 19419 D dalvikvm: GC_CONCURRENT freed 343K, 14% free 9294K/10695K, paused 1ms+2ms
07-20 16:42:03.533 19416 19416 D dalvikvm: GC_FOR_ALLOC freed 120K, 12% free 9422K/10695K, paused 12ms
07-20 16:42:03.549 19416 19416 I PhoneLab-UploadLogs: OnStartCommand
07-20 16:42:03.564 19416 19419 D dalvikvm: GC_CONCURRENT freed 299K, 10% free 9634K/10695K, paused 1ms+2ms
07-20 16:42:03.596 19416 21381 D dalvikvm: GC_FOR_ALLOC freed 307K, 10% free 9654K/10695K, paused 12ms
07-20 16:42:03.607 19416 21381 D dalvikvm: GC_FOR_ALLOC freed 301K, 10% free 9654K/10695K, paused 12ms
07-20 16:42:03.623 19416 21381 D dalvikvm: GC_FOR_ALLOC freed 301K, 10% free 9655K/10695K, paused 12ms
07-20 16:42:04.010 19416 19416 I PhoneLab-: 1342815938937.log is deleted
07-20 16:42:04.014 19416 19416 I PhoneLab-: Response: {"data": "done", "err": ""}
07-20 16:42:04.025 19416 19416 I PhoneLab-UploadLogs: No log files to transfer
07-20 16:42:04.025 19416 19416 I PhoneLab-Locks: wake lock released
07-20 16:42:08.721 18064 18066 D dalvikvm: GC_CONCURRENT freed 454K, 7% free 10370K/11143K, paused 2ms+2ms
07-20 16:42:13.740   347   347 D SAN_SERVICE: *******************************************
07-20 16:42:13.740   347   347 D SAN_SERVICE: DM App Phone Service State - 0
07-20 16:42:13.740   347   347 D SAN_SERVICE: *******************************************
07-20 16:42:14.060   347   347 D SAN_SERVICE: *******************************************
07-20 16:42:14.060   347   347 D SAN_SERVICE: DM App Phone Service State - 0
07-20 16:42:14.064   347   347 D SAN_SERVICE: *******************************************
07-20 16:42:14.807   347   347 D SAN_SERVICE: *******************************************
07-20 16:42:14.807   347   347 D SAN_SERVICE: DM App Phone Service State - 0
07-20 16:42:14.807   347   347 D SAN_SERVICE: *******************************************
07-20 16:42:19.658 17907 17909 D dalvikvm: GC_CONCURRENT freed 1386K, 43% free 13418K/23431K, paused 34ms+5ms
07-20 16:43:08.697 21044 21046 D dalvikvm: GC_CONCURRENT freed 502K, 7% free 10474K/11143K, paused 2ms+3ms
