07-18 21:44:00.202 25706 25706 D ACRA    : Retrieve application default SharedPreferences.
07-18 21:44:00.206 25706 25706 D ACRA    : Set OnSharedPreferenceChangeListener.
07-18 21:44:00.226 25706 25706 D ACRA    : ACRA is enabled for com.facebook.katana, intializing...
07-18 21:44:00.312 25706 25706 D ACRA    : Looking for error files in /data/data/com.facebook.katana/app_acra-reports
07-18 21:44:00.577 25706 25706 W nalizableReferenceQueue: Could not load Finalizer in its own class loader.Loading Finalizer in the current class loader instead. As a result, you will not be ableto garbage collect this class loader. To support reclaiming this class loader, eitherresolve the underlying issue, or move Google Collections to your system class path.
07-18 21:44:00.577 25706 25706 W nalizableReferenceQueue: java.io.FileNotFoundException: com/google/common/base/internal/Finalizer.class
07-18 21:44:00.577 25706 25706 W nalizableReferenceQueue: 	at com.google.common.base.FinalizableReferenceQueue$DecoupledLoader.getBaseUrl(FinalizableReferenceQueue.java:243)
07-18 21:44:00.577 25706 25706 W nalizableReferenceQueue: 	at com.google.common.base.FinalizableReferenceQueue$DecoupledLoader.loadFinalizer(FinalizableReferenceQueue.java:227)
07-18 21:44:00.577 25706 25706 W nalizableReferenceQueue: 	at com.google.common.base.FinalizableReferenceQueue.loadFinalizer(FinalizableReferenceQueue.java:155)
07-18 21:44:00.577 25706 25706 W nalizableReferenceQueue: 	at com.google.common.base.FinalizableReferenceQueue.<clinit>(FinalizableReferenceQueue.java:84)
07-18 21:44:00.577 25706 25706 W nalizableReferenceQueue: 	at com.google.common.collect.CustomConcurrentHashMap$QueueHolder.<clinit>(CustomConcurrentHashMap.java:650)
07-18 21:44:00.577 25706 25706 W nalizableReferenceQueue: 	at com.google.common.collect.CustomConcurrentHashMap$WeakEntry.<init>(CustomConcurrentHashMap.java:1342)
07-18 21:44:00.577 25706 25706 W nalizableReferenceQueue: 	at com.google.common.collect.CustomConcurrentHashMap$EntryFactory$9.newEntry(CustomConcurrentHashMap.java:453)
07-18 21:44:00.577 25706 25706 W nalizableReferenceQueue: 	at com.google.common.collect.CustomConcurrentHashMap.a(CustomConcurrentHashMap.java:1715)
07-18 21:44:00.577 25706 25706 W nalizableReferenceQueue: 	at com.google.common.collect.ComputingConcurrentHashMap$ComputingSegment.a(ComputingConcurrentHashMap.java:123)
07-18 21:44:00.577 25706 25706 W nalizableReferenceQueue: 	at com.google.common.collect.ComputingConcurrentHashMap.apply(ComputingConcurrentHashMap.java:71)
07-18 21:44:00.577 25706 25706 W nalizableReferenceQueue: 	at com.google.common.collect.MapMaker$ComputingMapAdapter.get(MapMaker.java:848)
07-18 21:44:00.577 25706 25706 W nalizableReferenceQueue: 	at com.google.inject.internal.Annotations$AnnotationChecker.a(Annotations.java:90)
07-18 21:44:00.577 25706 25706 W nalizableReferenceQueue: 	at com.google.inject.internal.Annotations.c(Annotations.java:108)
07-18 21:44:00.577 25706 25706 W nalizableReferenceQueue: 	at com.google.inject.Key.d(Key.java:369)
07-18 21:44:00.577 25706 25706 W nalizableReferenceQueue: 	at com.google.inject.Key.b(Key.java:356)
07-18 21:44:00.577 25706 25706 W nalizableReferenceQueue: 	at com.google.inject.Key.a(Key.java:267)
07-18 21:44:00.577 25706 25706 W nalizableReferenceQueue: 	at com.facebook.orca.inject.binder.AnnotatedBindingBuilderImpl.a(AnnotatedBindingBuilderImpl.java:22)
07-18 21:44:00.577 25706 25706 W nalizableReferenceQueue: 	at com.facebook.orca.app.FbBaseModule.a(FbBaseModule.java:75)
07-18 21:44:00.577 25706 25706 W nalizableReferenceQueue: 	at com.facebook.orca.inject.AbstractModule.a(AbstractModule.java:19)
07-18 21:44:00.577 25706 25706 W nalizableReferenceQueue: 	at com.facebook.orca.inject.FbInjectorImpl.a(FbInjectorImpl.java:63)
07-18 21:44:00.577 25706 25706 W nalizableReferenceQueue: 	at com.facebook.orca.inject.FbInjectorImpl.<init>(FbInjectorImpl.java:41)
07-18 21:44:00.577 25706 25706 W nalizableReferenceQueue: 	at com.facebook.orca.inject.FbInjector.a(FbInjector.java:40)
07-18 21:44:00.577 25706 25706 W nalizableReferenceQueue: 	at com.facebook.katana.FacebookApplication.onCreate(FacebookApplication.java:102)
07-18 21:44:00.577 25706 25706 W nalizableReferenceQueue: 	at android.app.Instrumentation.callApplicationOnCreate(Instrumentation.java:969)
07-18 21:44:00.577 25706 25706 W nalizableReferenceQueue: 	at android.app.ActivityThread.handleBindApplication(ActivityThread.java:3954)
07-18 21:44:00.577 25706 25706 W nalizableReferenceQueue: 	at android.app.ActivityThread.access$1300(ActivityThread.java:123)
07-18 21:44:00.577 25706 25706 W nalizableReferenceQueue: 	at android.app.ActivityThread$H.handleMessage(ActivityThread.java:1185)
07-18 21:44:00.577 25706 25706 W nalizableReferenceQueue: 	at android.os.Handler.dispatchMessage(Handler.java:99)
07-18 21:44:00.577 25706 25706 W nalizableReferenceQueue: 	at android.os.Looper.loop(Looper.java:137)
07-18 21:44:00.577 25706 25706 W nalizableReferenceQueue: 	at android.app.ActivityThread.main(ActivityThread.java:4424)
07-18 21:44:00.577 25706 25706 W nalizableReferenceQueue: 	at java.lang.reflect.Method.invokeNative(Native Method)
07-18 21:44:00.577 25706 25706 W nalizableReferenceQueue: 	at java.lang.reflect.Method.invoke(Method.java:511)
07-18 21:44:00.577 25706 25706 W nalizableReferenceQueue: 	at com.android.internal.os.ZygoteInit$MethodAndArgsCaller.run(ZygoteInit.java:784)
07-18 21:44:00.577 25706 25706 W nalizableReferenceQueue: 	at com.android.internal.os.ZygoteInit.main(ZygoteInit.java:551)
07-18 21:44:00.577 25706 25706 W nalizableReferenceQueue: 	at dalvik.system.NativeStart.main(Native Method)
07-18 21:44:00.577 25706 25706 I Finalizer: Couldn't access Thread.inheritableThreadLocals. Reference finalizer threads will inherit thread local values.
07-18 21:44:00.695 25706 25707 D dalvikvm: GC_CONCURRENT freed 330K, 5% free 9881K/10311K, paused 4ms+5ms
07-18 21:44:00.952 25706 25707 D dalvikvm: GC_CONCURRENT freed 431K, 5% free 9995K/10503K, paused 2ms+55ms
07-18 21:44:01.593 25706 25707 D dalvikvm: GC_CONCURRENT freed 425K, 5% free 10130K/10631K, paused 10ms+3ms
07-18 21:44:02.503 25706 25707 D dalvikvm: GC_CONCURRENT freed 272K, 4% free 10346K/10695K, paused 12ms+4ms
07-18 21:44:03.062 25706 25724 W Resources: Converting to string: TypedValue{t=0x10/d=0xffffffff a=-1}
07-18 21:44:03.663 25706 25707 D dalvikvm: GC_CONCURRENT freed 421K, 5% free 10454K/10951K, paused 7ms+10ms
07-18 21:44:04.073   215   215 V PhoneStatusBar: setLightsOn(true)
07-18 21:44:04.198 22754 22756 D dalvikvm: GC_CONCURRENT freed 1435K, 38% free 14120K/22599K, paused 34ms+11ms
07-18 21:44:04.351 22754 22754 D OpenGLRenderer: Flushing caches (mode 0)
07-18 21:44:04.491   144   156 D dalvikvm: GC_EXPLICIT freed 664K, 25% free 18351K/24199K, paused 27ms+9ms
07-18 21:44:04.570 25706 25707 D dalvikvm: GC_CONCURRENT freed 336K, 5% free 10541K/11015K, paused 2ms+3ms
07-18 21:44:04.952   346   346 D SAN_SERVICE: *******************************************
07-18 21:44:04.952   346   346 D SAN_SERVICE: DM App Phone Service State - 0
07-18 21:44:04.952   346   346 D SAN_SERVICE: *******************************************
07-18 21:44:05.698 25706 25707 D dalvikvm: GC_CONCURRENT freed 297K, 4% free 10646K/11079K, paused 6ms+2ms
07-18 21:44:06.495 25706 25707 D dalvikvm: GC_CONCURRENT freed 334K, 5% free 10735K/11207K, paused 26ms+3ms
07-18 21:44:08.238   144 13425 I ActivityManager: START {cmp=com.twitter.android/.TweetActivity (has extras)} from pid 22754
07-18 21:44:08.460   215   215 V PhoneStatusBar: setLightsOn(true)
07-18 21:44:08.679   144   175 I ActivityManager: Displayed com.twitter.android/.TweetActivity: +326ms
07-18 21:44:08.741 22754 22754 D OpenGLRenderer: Flushing caches (mode 0)
07-18 21:44:08.976 24059 24062 D dalvikvm: GC_CONCURRENT freed 506K, 7% free 10248K/11015K, paused 3ms+3ms
07-18 21:44:09.042   144 15767 I ActivityManager: Start proc com.google.android.apps.maps:LocationFriendService for service com.google.android.apps.maps/com.google.googlenav.friend.reporting.LocationReceiverService: pid=25746 uid=10056 gids={3003, 1015}
07-18 21:44:09.077   144   156 I ActivityManager: Process android.process.acore (pid 25680) has died.
07-18 21:44:09.288 25746 25749 D dalvikvm: GC_CONCURRENT freed 153K, 3% free 9378K/9607K, paused 5ms+1ms
07-18 21:44:09.757   144   156 I ActivityManager: Process com.facebook.katana (pid 25706) has died.
07-18 21:44:09.757   144   156 W ActivityManager: Scheduling restart of crashed service com.facebook.katana/.service.MediaUploadService in 5000ms
07-18 21:44:09.812 25746 25749 D dalvikvm: GC_CONCURRENT freed 150K, 3% free 9655K/9927K, paused 13ms+2ms
07-18 21:44:09.972   346   346 D SAN_SERVICE: *******************************************
07-18 21:44:09.972   346   346 D SAN_SERVICE: DM App Phone Service State - 0
07-18 21:44:09.972   346   346 D SAN_SERVICE: *******************************************
07-18 21:44:10.386 25746 25749 D dalvikvm: GC_CONCURRENT freed 271K, 4% free 9838K/10247K, paused 2ms+4ms
07-18 21:44:10.527 18538 18550 D dalvikvm: GC_EXPLICIT freed 129K, 8% free 10232K/11015K, paused 6ms+3ms
07-18 21:44:10.609   144   342 I ActivityManager: START {act=android.intent.action.VIEW dat=http://t.co/GNmUBBz7 flg=0x10000000 cmp=org.mozilla.firefox_beta/.App} from pid 22754
07-18 21:44:10.644 25277 25277 W GeckoApp: zerdatime 199160135 - onNewIntent
07-18 21:44:10.648 25277 25277 I GeckoApp: onNewIntent: http://t.co/GNmUBBz7
07-18 21:44:10.648 25277 25277 I GeckoApp: restart
07-18 21:44:10.648 25277 25277 W GeckoApp: zerdatime 199160138 - onStart
07-18 21:44:10.648 25277 25277 I GeckoApp: start
07-18 21:44:10.648 25277 25277 I GeckoApp: resume
07-18 21:44:10.648 25277 25277 I GeckoApp: application resumed
07-18 21:44:10.738 25277 25356 I Gecko   : Compositor: Composite took 36 ms.
07-18 21:44:10.804 25277 25340 I GeckoTabs: Got message: Tab:Added
07-18 21:44:10.808 25277 25340 I GeckoTabs: Received message from Gecko: 199160297 - Tab:Added
07-18 21:44:10.808 25277 25340 I GeckoTabs: Added a tab with id: 8
07-18 21:44:10.816 22754 22754 D OpenGLRenderer: Flushing caches (mode 0)
07-18 21:44:10.890 25277 25340 I GeckoApp: Got message: Content:LocationChange
07-18 21:44:10.890 25277 25340 I GeckoApp: URI - about:blank
07-18 21:44:10.890 25277 25277 I GeckoToolbar: zerdatime 199160382 - Throbber start
07-18 21:44:10.894 25277 25277 I GeckoDoorHangerPopup: Showing all doorhangers for tab: 8
07-18 21:44:10.909 25277 25340 I GeckoTab: Updated url: about:blank for tab with id: 8
07-18 21:44:10.913 25277 25340 I GeckoTab: Updated favicon for tab with id: 8
07-18 21:44:10.913 25277 25340 I GeckoTab: Updated favicon URL for tab with id: 8
07-18 21:44:10.917 25277 25340 I GeckoApp: Got message: Content:SecurityChange
07-18 21:44:10.933 25277 25340 I GeckoApp: Security Mode - unknown
07-18 21:44:10.945 25277 25340 I GeckoApp: Got message: Content:StateChange
07-18 21:44:10.945 25277 25340 I GeckoApp: State - 983041
07-18 21:44:10.945 25277 25340 I GeckoApp: Got a document start
07-18 21:44:10.968 25277 25356 I GeckoAppShell: Taking whole-screen screenshot, viewport: ImmutableViewportMetrics v=(0.0,0.0,480.0,690.0) p=(0.0,0.0,480.0,690.0) c=(0.0,0.0,480.0,690.0) z=1.0
07-18 21:44:10.984 25277 25277 I GeckoDoorHangerPopup: Showing all doorhangers for tab: 8
07-18 21:44:11.019 25277 25356 I Gecko   : Compositor: Composite took 37 ms.
07-18 21:44:11.023   144 14994 W InputManagerService: Starting input on non-focused client com.android.internal.view.IInputMethodClient$Stub$Proxy@41954898 (uid=10064 pid=22754)
07-18 21:44:11.046 25277 25290 D dalvikvm: GC_FOR_ALLOC freed 2551K, 23% free 11567K/14983K, paused 39ms
07-18 21:44:11.046 25277 25290 I dalvikvm-heap: Grow heap (frag case) to 13.371MB for 2097168-byte allocation
07-18 21:44:11.058 25746 25753 I dalvikvm: Total arena pages for JIT: 11
07-18 21:44:11.073 25746 25753 I dalvikvm: Total arena pages for JIT: 12
07-18 21:44:11.081 25277 25277 D dalvikvm: GC_FOR_ALLOC freed 9K, 10% free 13606K/14983K, paused 24ms
07-18 21:44:11.085 25746 25753 I dalvikvm: Total arena pages for JIT: 13
07-18 21:44:11.085 25746 25753 I dalvikvm: Total arena pages for JIT: 14
07-18 21:44:11.085 25746 25753 I dalvikvm: Total arena pages for JIT: 15
07-18 21:44:11.089 25746 25753 I dalvikvm: Total arena pages for JIT: 16
07-18 21:44:11.089 25746 25753 I dalvikvm: Total arena pages for JIT: 17
07-18 21:44:11.101 25277 25277 I GeckoToolbar: zerdatime 199160591 - Throbber start
07-18 21:44:11.109 25277 25277 D GeckoPanZoomController: generating valid viewport using v=RectF(0.0, 0.0, 480.0, 690.0) p=RectF(0.0, 0.0, 480.0, 690.0) c=RectF(0.0, 0.0, 480.0, 690.0) z=1.0
07-18 21:44:11.109 25277 25277 D GeckoPanZoomController: generated valid viewport as v=RectF(0.0, 0.0, 480.0, 690.0) p=RectF(0.0, 0.0, 480.0, 690.0) c=RectF(0.0, 0.0, 480.0, 690.0) z=1.0
07-18 21:44:11.163 25277 25280 D dalvikvm: GC_CONCURRENT freed 24K, 10% free 13591K/14983K, paused 3ms+10ms
07-18 21:44:11.363 25746 25749 D dalvikvm: GC_CONCURRENT freed 342K, 5% free 9967K/10439K, paused 2ms+8ms
07-18 21:44:11.405 25277 25340 I GeckoTabs: Got message: SessionHistory:New
07-18 21:44:11.429 25277 25340 I GeckoApp: Got message: Content:LocationChange
07-18 21:44:11.429 25277 25340 I GeckoApp: URI - http://t.co/GNmUBBz7
07-18 21:44:11.429 25277 25340 I GeckoTab: Updated url: http://t.co/GNmUBBz7 for tab with id: 8
07-18 21:44:11.429 25277 25340 I GeckoTab: Updated favicon for tab with id: 8
07-18 21:44:11.429 25277 25340 I GeckoTab: Updated favicon URL for tab with id: 8
07-18 21:44:11.429 25277 25340 I GeckoApp: Got message: Content:SecurityChange
07-18 21:44:11.429 25277 25340 I GeckoApp: Security Mode - unknown
07-18 21:44:11.456 25277 25277 I GeckoDoorHangerPopup: Showing all doorhangers for tab: 8
07-18 21:44:11.484 25277 25340 I GeckoApp: Got message: Content:PageShow
07-18 21:44:11.519 25277 25340 I GeckoApp: Got message: Content:StateChange
07-18 21:44:11.519 25277 25340 I GeckoApp: State - 786448
07-18 21:44:11.519 25277 25340 I GeckoApp: Got a document stop
07-18 21:44:11.523 25277 25340 I GeckoApp: Got message: Content:StateChange
07-18 21:44:11.523 25277 25340 I GeckoApp: State - 983041
07-18 21:44:11.523 25277 25340 I GeckoApp: Got a document start
07-18 21:44:11.550 22754 22754 D OpenGLRenderer: Flushing caches (mode 1)
07-18 21:44:11.597 25277 25340 I GeckoApp: Got message: DOMTitleChanged
07-18 21:44:11.597 25277 25340 I GeckoTab: Updated title:  for tab with id: 8
07-18 21:44:11.597 25277 25340 I GeckoApp: title - 
07-18 21:44:11.601 25277 25277 D GeckoFavicons: Creating LoadFaviconTask with URL = http://t.co/GNmUBBz7 and favicon URL = null
07-18 21:44:11.601 25277 25277 D GeckoFavicons: Calling loadFavicon() with URL = http://t.co/GNmUBBz7 and favicon URL = null (10)
07-18 21:44:11.609 25277 25356 I Gecko   : Compositor: Composite took 150 ms.
07-18 21:44:11.648 25277 25277 I GeckoToolbar: zerdatime 199161139 - Throbber stop
07-18 21:44:11.652 25277 25277 I GeckoToolbar: zerdatime 199161144 - Throbber start
07-18 21:44:11.663 25277 25352 D GeckoFavicons: Favicon URL is now: http://t.co/favicon.ico
07-18 21:44:11.667 25277 25352 D GeckoFavicons: Calling getFaviconUrlForPageUrl() for http://t.co/GNmUBBz7
07-18 21:44:11.687 25277 25352 D GeckoFavicons: Downloading favicon for URL = http://t.co/GNmUBBz7 with favicon URL = http://t.co/favicon.ico
07-18 21:44:11.730 25277 25340 I GeckoApp: Got message: Tab:ViewportMetadata
07-18 21:44:11.734 25277 25340 I GeckoApp: Got message: DOMContentLoaded
07-18 21:44:11.749 25277 25356 I GeckoAppShell: Taking whole-screen screenshot, viewport: ImmutableViewportMetrics v=(0.0,0.0,480.0,690.0) p=(0.0,0.0,480.0,690.0) c=(0.0,0.0,980.0,1408.75) z=0.4897959
07-18 21:44:11.761 25277 25277 D GeckoPanZoomController: generating valid viewport using v=RectF(0.0, 0.0, 480.0, 690.0) p=RectF(0.0, 0.0, 480.0, 690.0) c=RectF(0.0, 0.0, 980.0, 1408.75) z=0.4897959
07-18 21:44:11.765 25277 25277 D GeckoPanZoomController: generated valid viewport as v=RectF(0.0, 0.0, 480.0, 690.0) p=RectF(0.0, 0.0, 480.0, 690.0) c=RectF(0.0, 0.0, 980.0, 1408.75) z=0.4897959
07-18 21:44:11.780 25277 25356 I Gecko   : Compositor: Composite took 32 ms.
07-18 21:44:11.820 25277 25290 D dalvikvm: GC_FOR_ALLOC freed 2190K, 24% free 11524K/14983K, paused 24ms
07-18 21:44:11.823 25277 25290 I dalvikvm-heap: Grow heap (frag case) to 13.328MB for 2097168-byte allocation
07-18 21:44:11.831 22754 22754 D OpenGLRenderer: Flushing caches (mode 2)
07-18 21:44:11.831 22754 22754 D OpenGLRenderer: Flushing caches (mode 0)
07-18 21:44:11.831 22754 22754 D OpenGLRenderer: Flushing caches (mode 0)
07-18 21:44:11.831 22754 22754 D OpenGLRenderer: Flushing caches (mode 0)
07-18 21:44:11.831 22754 22754 D OpenGLRenderer: Flushing caches (mode 0)
07-18 21:44:11.831 22754 22754 D OpenGLRenderer: Flushing caches (mode 0)
07-18 21:44:11.863 25277 25290 D dalvikvm: GC_FOR_ALLOC freed 6K, 10% free 13566K/14983K, paused 38ms
07-18 21:44:11.925 25277 25280 D dalvikvm: GC_CONCURRENT freed <1K, 10% free 13567K/14983K, paused 2ms+10ms
07-18 21:44:12.027 25277 25290 I GeckoAppShell: Taking whole-screen screenshot, viewport: ImmutableViewportMetrics v=(0.0,0.0,480.0,690.0) p=(0.0,0.0,480.0,690.0) c=(0.0,0.0,980.0,1408.75) z=0.4897959
07-18 21:44:12.124 25277 25290 D dalvikvm: GC_FOR_ALLOC freed 2058K, 23% free 11569K/14983K, paused 26ms
07-18 21:44:12.128 25277 25290 I dalvikvm-heap: Grow heap (frag case) to 13.372MB for 2097168-byte allocation
07-18 21:44:12.163 25277 25340 D dalvikvm: GC_FOR_ALLOC freed <1K, 10% free 13617K/14983K, paused 26ms
07-18 21:44:12.249 25277 25280 D dalvikvm: GC_CONCURRENT freed 65K, 9% free 13646K/14983K, paused 2ms+12ms
07-18 21:44:12.296 25277 25356 I Gecko   : Compositor: Composite took 44 ms.
07-18 21:44:12.433 25277 25352 D GeckoFavicons: Downloaded favicon successfully for URL = http://t.co/GNmUBBz7
07-18 21:44:12.433 25277 25352 D GeckoFavicons: Saving favicon on browser database for URL = http://t.co/GNmUBBz7
07-18 21:44:12.628 25277 25352 D GeckoFavicons: Saving favicon URL for URL = http://t.co/GNmUBBz7
07-18 21:44:12.628 25277 25352 D GeckoFavicons: Calling setFaviconUrlForPageUrl() for http://t.co/GNmUBBz7
07-18 21:44:12.710 25277 25277 D GeckoFavicons: LoadFaviconTask finished for URL = http://t.co/GNmUBBz7 (10)
07-18 21:44:12.710 25277 25277 I GeckoApp: Favicon successfully loaded for URL = http://t.co/GNmUBBz7
07-18 21:44:12.710 25277 25277 I GeckoApp: Favicon is for current URL = http://t.co/GNmUBBz7
07-18 21:44:12.710 25277 25277 I GeckoTab: Updated favicon for tab with id: 8
07-18 21:44:12.835 25277 25356 I Gecko   : Compositor: Composite took 37 ms.
07-18 21:44:12.886 25277 25340 I GeckoApp: Got message: Content:LocationChange
07-18 21:44:12.886 25277 25340 I GeckoApp: URI - http://thekennedyscurse.tumblr.com/post/22930164812/just-a-little-under-boob-cause-i-dont-want-to
07-18 21:44:12.886 25277 25340 I GeckoTab: Updated url: http://thekennedyscurse.tumblr.com/post/22930164812/just-a-little-under-boob-cause-i-dont-want-to for tab with id: 8
07-18 21:44:12.886 25277 25340 I GeckoTab: Updated favicon for tab with id: 8
07-18 21:44:12.886 25277 25340 I GeckoTab: Updated favicon URL for tab with id: 8
07-18 21:44:12.898 25277 25277 I GeckoDoorHangerPopup: Showing all doorhangers for tab: 8
07-18 21:44:12.913 25277 25340 I GeckoApp: Got message: Content:SecurityChange
07-18 21:44:12.917 25277 25340 I GeckoApp: Security Mode - unknown
07-18 21:44:13.148 25277 25340 E GeckoConsole: [JavaScript Warning: "Unknown property '-moz-border-radius'.  Declaration dropped." {file: "http://thekennedyscurse.tumblr.com/post/22930164812/just-a-little-under-boob-cause-i-dont-want-to" line: 206}]
07-18 21:44:13.152 25277 25340 E GeckoConsole: [JavaScript Warning: "Error in parsing value for 'min-height'.  Declaration dropped." {file: "http://thekennedyscurse.tumblr.com/post/22930164812/just-a-little-under-boob-cause-i-dont-want-to" line: 285}]
07-18 21:44:13.152 25277 25340 E GeckoConsole: [JavaScript Warning: "Unknown property '-moz-border-radius'.  Declaration dropped." {file: "http://thekennedyscurse.tumblr.com/post/22930164812/just-a-little-under-boob-cause-i-dont-want-to" line: 393}]
07-18 21:44:13.187 25277 25340 E GeckoConsole: [JavaScript Error: "NotSupportedError: Operation is not supported" {file: "http://thekennedyscurse.tumblr.com/post/22930164812/just-a-little-under-boob-cause-i-dont-want-to" line: 906}]
07-18 21:44:13.210 25277 25340 I GeckoApp: Got message: DOMTitleChanged
07-18 21:44:13.210 25277 25340 I GeckoTab: Updated title: these are the days that anything goes... for tab with id: 8
07-18 21:44:13.222 25277 25340 I GeckoApp: title - these are the days that anything goes...
07-18 21:44:13.230 25277 25340 I GeckoApp: Got message: DOMLinkAdded
07-18 21:44:13.230 25277 25340 I GeckoApp: link rel - [shortcut] [icon], href - http://24.media.tumblr.com/avatar_55d980422eaf_16.png
07-18 21:44:13.234 25277 25340 I GeckoTab: Updated favicon URL for tab with id: 8
07-18 21:44:13.238 25277 25340 I GeckoApp: Got message: DOMLinkAdded
07-18 21:44:13.238 25277 25340 I GeckoApp: link rel - [apple-touch-icon-precomposed], href - http://25.media.tumblr.com/avatar_55d980422eaf_128.png
07-18 21:44:13.386 25277 25340 I GeckoApp: Got message: DOMContentLoaded
07-18 21:44:13.523 25277 25340 I GeckoApp: Got message: Tab:ViewportMetadata
07-18 21:44:13.593   346   346 D SAN_SERVICE: *******************************************
07-18 21:44:13.593   346   346 D SAN_SERVICE: DM App Phone Service State - 0
07-18 21:44:13.593   346   346 D SAN_SERVICE: *******************************************
07-18 21:44:13.683 25277 25356 I GeckoAppShell: Taking whole-screen screenshot, viewport: ImmutableViewportMetrics v=(0.0,1.0,480.0,691.0) p=(0.0,0.0,480.0,1459.0) c=(0.0,0.0,640.0,1945.0) z=0.75
07-18 21:44:13.683 25277 25277 D GeckoPanZoomController: generating valid viewport using v=RectF(0.0, 1.0, 480.0, 691.0) p=RectF(0.0, 0.0, 480.0, 1459.0) c=RectF(0.0, 0.0, 640.0, 1945.0) z=0.75
07-18 21:44:13.683 25277 25277 D GeckoPanZoomController: generated valid viewport as v=RectF(0.0, 1.0, 480.0, 691.0) p=RectF(0.0, 0.0, 480.0, 1459.0) c=RectF(0.0, 0.0, 640.0, 1945.0) z=0.75
07-18 21:44:13.757 25277 25356 I Gecko   : Compositor: Composite took 75 ms.
07-18 21:44:13.874   144   174 I ActivityManager: Start proc com.facebook.katana for service com.facebook.katana/.service.FacebookService: pid=25771 uid=10071 gids={3003, 1006, 1015}
07-18 21:44:13.894 25771 25771 I dalvikvm: Turning on JNI app bug workarounds for target SDK version 10...
07-18 21:44:14.015 25277 25290 D dalvikvm: GC_FOR_ALLOC freed 2273K, 23% free 11600K/14983K, paused 47ms
07-18 21:44:14.027 25277 25290 I dalvikvm-heap: Grow heap (frag case) to 13.403MB for 2097168-byte allocation
07-18 21:44:14.089   346   346 D SAN_SERVICE: *******************************************
07-18 21:44:14.089   346   346 D SAN_SERVICE: DM App Phone Service State - 0
07-18 21:44:14.089   346   346 D SAN_SERVICE: *******************************************
07-18 21:44:14.124 25277 25280 D dalvikvm: GC_CONCURRENT freed 35K, 10% free 13613K/14983K, paused 2ms+29ms
07-18 21:44:14.202 25277 25356 I Gecko   : Compositor: Composite took 79 ms.
07-18 21:44:14.253 25277 25356 I Gecko   : Compositor: Composite took 50 ms.
07-18 21:44:14.261 25771 25774 D dalvikvm: GC_CONCURRENT freed 149K, 3% free 9382K/9607K, paused 3ms+9ms
07-18 21:44:14.386 25277 25356 I Gecko   : Compositor: Composite took 30 ms.
07-18 21:44:14.499 25771 25774 D dalvikvm: GC_CONCURRENT freed 121K, 3% free 9673K/9927K, paused 2ms+5ms
07-18 21:44:14.523 25771 25771 I ActivityThread: Pub com.facebook.katana.provider.LoggingProvider: com.facebook.katana.provider.LoggingProvider
07-18 21:44:14.527 25277 25356 I Gecko   : Compositor: Composite took 106 ms.
07-18 21:44:14.527   144   156 I ActivityManager: Process com.google.android.apps.maps:LocationFriendService (pid 25746) has died.
07-18 21:44:14.534 25771 25771 I ActivityThread: Pub com.facebook.katana.provider.KeyValueProvider: com.facebook.katana.provider.KeyValueProvider
07-18 21:44:14.542 25771 25771 I ActivityThread: Pub com.facebook.katana.provider.CacheProvider: com.facebook.katana.provider.CacheProvider
07-18 21:44:14.546 25771 25771 I ActivityThread: Pub com.facebook.katana.provider.VaultImageProvider: com.facebook.katana.provider.VaultImageProvider
07-18 21:44:14.546 25771 25771 I ActivityThread: Pub com.facebook.katana.provider.MailboxProvider: com.facebook.katana.provider.MailboxProvider
07-18 21:44:14.550 25771 25771 I ActivityThread: Pub com.facebook.katana.provider.UserStatusesProvider: com.facebook.katana.provider.UserStatusesProvider
07-18 21:44:14.554 25771 25771 I ActivityThread: Pub com.facebook.katana.provider.EventsProvider: com.facebook.katana.provider.EventsProvider
07-18 21:44:14.562 25771 25771 I ActivityThread: Pub com.facebook.katana.provider.ObservedContactsProvider: com.facebook.katana.provider.ObservedContactsProvider
07-18 21:44:14.566 25771 25771 I ActivityThread: Pub com.facebook.katana.provider.NotificationsProvider: com.facebook.katana.provider.NotificationsProvider
07-18 21:44:14.566 25771 25771 I ActivityThread: Pub com.facebook.katana.provider.UserValuesProvider: com.facebook.katana.provider.UserValuesProvider
07-18 21:44:14.566 25771 25771 I ActivityThread: Pub com.facebook.katana.provider.PagesProvider: com.facebook.katana.provider.PagesProvider
07-18 21:44:14.570 25771 25771 I ActivityThread: Pub com.facebook.katana.provider.MobileEventLogProvider: com.facebook.katana.provider.MobileEventLogProvider
07-18 21:44:14.573 25771 25771 I ActivityThread: Pub com.facebook.katana.provider.PushNotificationsProvider: com.facebook.katana.provider.PushNotificationsProvider
07-18 21:44:14.577 25771 25771 I ActivityThread: Pub com.facebook.katana.provider.PhotosProvider: com.facebook.katana.provider.PhotosProvider
07-18 21:44:14.581 25771 25771 I ActivityThread: Pub com.facebook.katana.provider.ConnectionsProvider: com.facebook.katana.provider.ConnectionsProvider
07-18 21:44:14.601 25771 25771 I ActivityThread: Pub com.facebook.orca.notify.FbandroidMessagesForegroundProvider: com.facebook.orca.notify.FbandroidMessagesForegroundProvider
07-18 21:44:14.663 25771 25771 D ACRA    : Retrieve application default SharedPreferences.
07-18 21:44:14.675 25771 25771 D ACRA    : Set OnSharedPreferenceChangeListener.
07-18 21:44:14.695 25771 25771 D ACRA    : ACRA is enabled for com.facebook.katana, intializing...
07-18 21:44:14.777 25771 25771 D ACRA    : Looking for error files in /data/data/com.facebook.katana/app_acra-reports
07-18 21:44:14.956 25771 25771 W nalizableReferenceQueue: Could not load Finalizer in its own class loader.Loading Finalizer in the current class loader instead. As a result, you will not be ableto garbage collect this class loader. To support reclaiming this class loader, eitherresolve the underlying issue, or move Google Collections to your system class path.
07-18 21:44:14.956 25771 25771 W nalizableReferenceQueue: java.io.FileNotFoundException: com/google/common/base/internal/Finalizer.class
07-18 21:44:14.956 25771 25771 W nalizableReferenceQueue: 	at com.google.common.base.FinalizableReferenceQueue$DecoupledLoader.getBaseUrl(FinalizableReferenceQueue.java:243)
07-18 21:44:14.956 25771 25771 W nalizableReferenceQueue: 	at com.google.common.base.FinalizableReferenceQueue$DecoupledLoader.loadFinalizer(FinalizableReferenceQueue.java:227)
07-18 21:44:14.956 25771 25771 W nalizableReferenceQueue: 	at com.google.common.base.FinalizableReferenceQueue.loadFinalizer(FinalizableReferenceQueue.java:155)
07-18 21:44:14.956 25771 25771 W nalizableReferenceQueue: 	at com.google.common.base.FinalizableReferenceQueue.<clinit>(FinalizableReferenceQueue.java:84)
07-18 21:44:14.956 25771 25771 W nalizableReferenceQueue: 	at com.google.common.collect.CustomConcurrentHashMap$QueueHolder.<clinit>(CustomConcurrentHashMap.java:650)
07-18 21:44:14.956 25771 25771 W nalizableReferenceQueue: 	at com.google.common.collect.CustomConcurrentHashMap$WeakEntry.<init>(CustomConcurrentHashMap.java:1342)
07-18 21:44:14.956 25771 25771 W nalizableReferenceQueue: 	at com.google.common.collect.CustomConcurrentHashMap$EntryFactory$9.newEntry(CustomConcurrentHashMap.java:453)
07-18 21:44:14.956 25771 25771 W nalizableReferenceQueue: 	at com.google.common.collect.CustomConcurrentHashMap.a(CustomConcurrentHashMap.java:1715)
07-18 21:44:14.956 25771 25771 W nalizableReferenceQueue: 	at com.google.common.collect.ComputingConcurrentHashMap$ComputingSegment.a(ComputingConcurrentHashMap.java:123)
07-18 21:44:14.956 25771 25771 W nalizableReferenceQueue: 	at com.google.common.collect.ComputingConcurrentHashMap.apply(ComputingConcurrentHashMap.java:71)
07-18 21:44:14.956 25771 25771 W nalizableReferenceQueue: 	at com.google.common.collect.MapMaker$ComputingMapAdapter.get(MapMaker.java:848)
07-18 21:44:14.956 25771 25771 W nalizableReferenceQueue: 	at com.google.inject.internal.Annotations$AnnotationChecker.a(Annotations.java:90)
07-18 21:44:14.956 25771 25771 W nalizableReferenceQueue: 	at com.google.inject.internal.Annotations.c(Annotations.java:108)
07-18 21:44:14.956 25771 25771 W nalizableReferenceQueue: 	at com.google.inject.Key.d(Key.java:369)
07-18 21:44:14.956 25771 25771 W nalizableReferenceQueue: 	at com.google.inject.Key.b(Key.java:356)
07-18 21:44:14.956 25771 25771 W nalizableReferenceQueue: 	at com.google.inject.Key.a(Key.java:267)
07-18 21:44:14.956 25771 25771 W nalizableReferenceQueue: 	at com.facebook.orca.inject.binder.AnnotatedBindingBuilderImpl.a(AnnotatedBindingBuilderImpl.java:22)
07-18 21:44:14.956 25771 25771 W nalizableReferenceQueue: 	at com.facebook.orca.app.FbBaseModule.a(FbBaseModule.java:75)
07-18 21:44:14.956 25771 25771 W nalizableReferenceQueue: 	at com.facebook.orca.inject.AbstractModule.a(AbstractModule.java:19)
07-18 21:44:14.956 25771 25771 W nalizableReferenceQueue: 	at com.facebook.orca.inject.FbInjectorImpl.a(FbInjectorImpl.java:63)
07-18 21:44:14.956 25771 25771 W nalizableReferenceQueue: 	at com.facebook.orca.inject.FbInjectorImpl.<init>(FbInjectorImpl.java:41)
07-18 21:44:14.956 25771 25771 W nalizableReferenceQueue: 	at com.facebook.orca.inject.FbInjector.a(FbInjector.java:40)
07-18 21:44:14.956 25771 25771 W nalizableReferenceQueue: 	at com.facebook.katana.FacebookApplication.onCreate(FacebookApplication.java:102)
07-18 21:44:14.956 25771 25771 W nalizableReferenceQueue: 	at android.app.Instrumentation.callApplicationOnCreate(Instrumentation.java:969)
07-18 21:44:14.956 25771 25771 W nalizableReferenceQueue: 	at android.app.ActivityThread.handleBindApplication(ActivityThread.java:3954)
07-18 21:44:14.956 25771 25771 W nalizableReferenceQueue: 	at android.app.ActivityThread.access$1300(ActivityThread.java:123)
07-18 21:44:14.956 25771 25771 W nalizableReferenceQueue: 	at android.app.ActivityThread$H.handleMessage(ActivityThread.java:1185)
07-18 21:44:14.956 25771 25771 W nalizableReferenceQueue: 	at android.os.Handler.dispatchMessage(Handler.java:99)
07-18 21:44:14.956 25771 25771 W nalizableReferenceQueue: 	at android.os.Looper.loop(Looper.java:137)
07-18 21:44:14.956 25771 25771 W nalizableReferenceQueue: 	at android.app.ActivityThread.main(ActivityThread.java:4424)
07-18 21:44:14.956 25771 25771 W nalizableReferenceQueue: 	at java.lang.reflect.Method.invokeNative(Native Method)
07-18 21:44:14.956 25771 25771 W nalizableReferenceQueue: 	at java.lang.reflect.Method.invoke(Method.java:511)
07-18 21:44:14.956 25771 25771 W nalizableReferenceQueue: 	at com.android.internal.os.ZygoteInit$MethodAndArgsCaller.run(ZygoteInit.java:784)
07-18 21:44:14.956 25771 25771 W nalizableReferenceQueue: 	at com.android.internal.os.ZygoteInit.main(ZygoteInit.java:551)
07-18 21:44:14.956 25771 25771 W nalizableReferenceQueue: 	at dalvik.system.NativeStart.main(Native Method)
07-18 21:44:14.960 25771 25771 I Finalizer: Couldn't access Thread.inheritableThreadLocals. Reference finalizer threads will inherit thread local values.
07-18 21:44:15.027 25771 25774 D dalvikvm: GC_CONCURRENT freed 363K, 5% free 9871K/10311K, paused 3ms+7ms
07-18 21:44:15.109 25277 25340 I GeckoApp: Got message: Content:PageShow
07-18 21:44:15.113 25277 25277 D GeckoFavicons: Creating LoadFaviconTask with URL = http://thekennedyscurse.tumblr.com/post/22930164812/just-a-little-under-boob-cause-i-dont-want-to and favicon URL = http://24.media.tumblr.com/avatar_55d980422eaf_16.png
07-18 21:44:15.113 25277 25277 D GeckoFavicons: Calling loadFavicon() with URL = http://thekennedyscurse.tumblr.com/post/22930164812/just-a-little-under-boob-cause-i-dont-want-to and favicon URL = http://24.media.tumblr.com/avatar_55d980422eaf_16.png (11)
07-18 21:44:15.113 25277 25570 D GeckoFavicons: Favicon URL is now: http://24.media.tumblr.com/avatar_55d980422eaf_16.png
07-18 21:44:15.120 25277 25570 D GeckoFavicons: Calling getFaviconUrlForPageUrl() for http://thekennedyscurse.tumblr.com/post/22930164812/just-a-little-under-boob-cause-i-dont-want-to
07-18 21:44:15.124 25277 25340 I GeckoApp: Got message: Content:StateChange
07-18 21:44:15.124 25277 25340 I GeckoApp: State - 786448
07-18 21:44:15.124 25277 25340 I GeckoApp: Got a document stop
07-18 21:44:15.148 25277 25277 I GeckoToolbar: zerdatime 199164637 - Throbber stop
07-18 21:44:15.195 25277 25570 D GeckoFavicons: Downloading favicon for URL = http://thekennedyscurse.tumblr.com/post/22930164812/just-a-little-under-boob-cause-i-dont-want-to with favicon URL = http://24.media.tumblr.com/avatar_55d980422eaf_16.png
07-18 21:44:15.331 25771 25774 D dalvikvm: GC_CONCURRENT freed 423K, 5% free 10005K/10503K, paused 2ms+3ms
07-18 21:44:15.495 25277 25570 D GeckoFavicons: Downloaded favicon successfully for URL = http://thekennedyscurse.tumblr.com/post/22930164812/just-a-little-under-boob-cause-i-dont-want-to
07-18 21:44:15.495 25277 25570 D GeckoFavicons: Saving favicon on browser database for URL = http://thekennedyscurse.tumblr.com/post/22930164812/just-a-little-under-boob-cause-i-dont-want-to
07-18 21:44:15.562 25771 25774 D dalvikvm: GC_CONCURRENT freed 413K, 5% free 10132K/10631K, paused 3ms+4ms
07-18 21:44:15.777 25277 25570 D GeckoFavicons: Saving favicon URL for URL = http://thekennedyscurse.tumblr.com/post/22930164812/just-a-little-under-boob-cause-i-dont-want-to
07-18 21:44:15.777 25277 25570 D GeckoFavicons: Calling setFaviconUrlForPageUrl() for http://thekennedyscurse.tumblr.com/post/22930164812/just-a-little-under-boob-cause-i-dont-want-to
07-18 21:44:15.866 25277 25277 D GeckoFavicons: LoadFaviconTask finished for URL = http://thekennedyscurse.tumblr.com/post/22930164812/just-a-little-under-boob-cause-i-dont-want-to (11)
07-18 21:44:15.866 25277 25277 I GeckoApp: Favicon successfully loaded for URL = http://thekennedyscurse.tumblr.com/post/22930164812/just-a-little-under-boob-cause-i-dont-want-to
07-18 21:44:15.866 25277 25277 I GeckoApp: Favicon is for current URL = http://thekennedyscurse.tumblr.com/post/22930164812/just-a-little-under-boob-cause-i-dont-want-to
07-18 21:44:15.866 25277 25277 I GeckoTab: Updated favicon for tab with id: 8
07-18 21:44:16.058 25771 25774 D dalvikvm: GC_CONCURRENT freed 303K, 5% free 10324K/10759K, paused 7ms+4ms
07-18 21:44:16.488 25771 25790 W Resources: Converting to string: TypedValue{t=0x10/d=0xffffffff a=-1}
07-18 21:44:17.011 25771 25774 D dalvikvm: GC_CONCURRENT freed 401K, 5% free 10464K/10951K, paused 4ms+7ms
07-18 21:44:17.339 25771 25774 D dalvikvm: GC_CONCURRENT freed 331K, 5% free 10549K/11015K, paused 2ms+4ms
07-18 21:44:18.007 25771 25774 D dalvikvm: GC_CONCURRENT freed 285K, 4% free 10661K/11079K, paused 3ms+3ms
07-18 21:44:18.273 25277 25356 I Gecko   : Compositor: Composite took 31 ms.
07-18 21:44:18.339 25277 25356 I Gecko   : Compositor: Composite took 32 ms.
07-18 21:44:18.366 25277 25290 I GeckoAppShell: Taking whole-screen screenshot, viewport: ImmutableViewportMetrics v=(0.0,100.21875,480.0,790.21875) p=(0.0,0.0,480.0,1459.0) c=(0.0,0.0,640.0,1945.0) z=0.75
07-18 21:44:18.585 25277 25290 D dalvikvm: GC_FOR_ALLOC freed 2257K, 23% free 11602K/14983K, paused 26ms
07-18 21:44:18.589 25277 25290 I dalvikvm-heap: Grow heap (frag case) to 13.404MB for 2097168-byte allocation
07-18 21:44:18.624 25277 25277 D dalvikvm: GC_FOR_ALLOC freed 5K, 9% free 13644K/14983K, paused 28ms
07-18 21:44:18.702 25277 25356 I Gecko   : Compositor: Composite took 44 ms.
07-18 21:44:18.706 25277 25280 D dalvikvm: GC_CONCURRENT freed 17K, 9% free 13646K/14983K, paused 2ms+9ms
07-18 21:44:18.749 25277 25356 I Gecko   : Compositor: Composite took 32 ms.
07-18 21:44:18.831 25771 25774 D dalvikvm: GC_CONCURRENT freed 382K, 5% free 10787K/11271K, paused 2ms+4ms
07-18 21:44:19.171 25277 25277 D GeckoPanZoomController: Finishing animation at ImmutableViewportMetrics v=(0.0,297.58862,480.0,987.5886) p=(0.0,0.0,480.0,1459.0) c=(0.0,0.0,640.0,1945.0) z=0.75
07-18 21:44:19.445 25771 25774 D dalvikvm: GC_CONCURRENT freed 421K, 5% free 10864K/11399K, paused 6ms+2ms
07-18 21:44:19.476   144   388 I ActivityManager: moveTaskToBack: 66
07-18 21:44:19.499 25277 25277 I GeckoTabs: Removed a tab with id: 8
07-18 21:44:19.499 25277 25277 I GeckoApp: application paused
07-18 21:44:19.523 25277 25277 I GeckoToolbar: zerdatime 199169013 - Throbber stop
07-18 21:44:19.523 25277 25277 I GeckoDoorHangerPopup: Showing all doorhangers for tab: 4
07-18 21:44:19.534 25277 25277 I GeckoDoorHangerPopup: Showing all doorhangers for tab: 4
07-18 21:44:19.558 25277 25356 I Gecko   : Compositor: Composite took 34 ms.
07-18 21:44:19.882   215   215 V PhoneStatusBar: setLightsOn(true)
07-18 21:44:19.948   321   322 D dalvikvm: GC_CONCURRENT freed 460K, 24% free 10151K/13191K, paused 2ms+3ms
07-18 21:44:20.023 25277 25277 D OpenGLRenderer: Flushing caches (mode 0)
07-18 21:44:20.046 25277 25277 W IInputConnectionWrapper: showStatusIcon on inactive InputConnection
07-18 21:44:20.046 25277 25277 I GeckoApp: stop
07-18 21:44:20.046   144   378 W InputManagerService: Starting input on non-focused client com.android.internal.view.IInputMethodClient$Stub$Proxy@41aeeef8 (uid=10061 pid=25277)
07-18 21:44:20.058 25277 25277 D OpenGLRenderer: Flushing caches (mode 1)
07-18 21:44:20.066 25277 25277 D OpenGLRenderer: Flushing caches (mode 2)
07-18 21:44:20.066 25277 25277 D OpenGLRenderer: Flushing caches (mode 0)
07-18 21:44:20.066 25277 25277 W ManagedEGLContext: doTerminate failed: EGL count is 2 but managed count is 1
07-18 21:44:20.155   346   346 D SAN_SERVICE: *******************************************
07-18 21:44:20.155   346   346 D SAN_SERVICE: DM App Phone Service State - 0
07-18 21:44:20.155   346   346 D SAN_SERVICE: *******************************************
07-18 21:44:20.898   144   199 D DhcpInfoInternal: makeLinkProperties with empty dns2!
07-18 21:44:20.909   144   199 D DhcpInfoInternal: makeLinkProperties with empty dns2!
07-18 21:44:21.523   215   215 V PhoneStatusBar: setLightsOn(true)
07-18 21:44:21.698 22754 22754 D OpenGLRenderer: Flushing caches (mode 0)
07-18 21:44:23.863 25277 25828 I SyncAdapter: Syncing account named lokeshmandvekar for client named 'Firefox Beta on Full Android on Crespo4G' with client guid V94sXC9gK7ko (sync account has 5 clients).
07-18 21:44:23.863 25277 25828 I SyncAdapter: Got onPerformSync. Extras bundle is Bundle[{upload=true}]
07-18 21:44:23.863 25277 25828 I SyncAdapter: Account name: lokeshmandvekar
07-18 21:44:23.863 25277 25828 D SyncAdapter: Invalidating auth token.
07-18 21:44:24.034 25277 25554 I SyncAuthService: AccountManager.get(org.mozilla.gecko.sync.setup.SyncAuthenticatorService@41601ec8)
07-18 21:44:24.042 25277 25554 I SyncAuthService: Setting username. Null? false
07-18 21:44:24.046 25277 25554 I SyncAuthService: Setting Sync Key. Null? false
07-18 21:44:24.066   144   342 I ActivityManager: START {cmp=com.twitter.android/.TweetActivity (has extras)} from pid 22754
07-18 21:44:24.140 25277 25277 I SyncAdapter: AccountManagerCallback invoked.
07-18 21:44:24.140 25277 25277 D SyncAdapter: Username: lokeshmandvekar
07-18 21:44:24.140 25277 25277 D SyncAdapter: Server:   https://auth.services.mozilla.com/
07-18 21:44:24.140 25277 25277 D SyncAdapter: Password? true
07-18 21:44:24.140 25277 25277 D SyncAdapter: Key?      true
07-18 21:44:24.144 25277 25277 I SyncAdapter: Performing sync.
07-18 21:44:24.191 25277 25828 I SyncAdapter: Waiting on sync monitor.
07-18 21:44:24.226   215   215 V PhoneStatusBar: setLightsOn(true)
07-18 21:44:24.288 25277 25277 I GlobalSession: GlobalSession initialized with bundle Bundle[{upload=true}]
07-18 21:44:24.413   144   175 I ActivityManager: Displayed com.twitter.android/.TweetActivity: +299ms
07-18 21:44:24.464 22754 22754 D OpenGLRenderer: Flushing caches (mode 0)
07-18 21:44:24.480   144 14192 I ActivityManager: Process com.whatsapp (pid 25659) has died.
07-18 21:44:24.480   144 14192 W ActivityManager: Scheduling restart of crashed service com.whatsapp/.messaging.MessageService in 5000ms
07-18 21:44:24.488 25277 25277 I SyncConfiguration: Set clusterURL from bundle: https://phx-sync128.services.mozilla.com/
07-18 21:44:24.488 25277 25277 I SyncConfiguration: Set syncID from bundle: SsvQEEWgXg7c
07-18 21:44:24.519 25277 25277 I SyncAdapter: Stage completed: idle
07-18 21:44:24.523 25277 25277 I GlobalSession: Running next stage checkPreconditions (org.mozilla.gecko.sync.stage.CheckPreconditionsStage@413ac930)...
07-18 21:44:24.523 25277 25277 I SyncAdapter: Stage completed: checkPreconditions
07-18 21:44:24.523 25277 25277 I GlobalSession: Running next stage ensureClusterURL (org.mozilla.gecko.sync.stage.EnsureClusterURLStage@413ac648)...
07-18 21:44:24.523 25277 25277 I EnsureClusterURLStage: Cluster URL is already set and not stale. Continuing with sync.
07-18 21:44:24.523 25277 25277 I SyncAdapter: Stage completed: ensureClusterURL
07-18 21:44:24.523 25277 25277 I GlobalSession: Running next stage fetchInfoCollections (org.mozilla.gecko.sync.stage.FetchInfoCollectionsStage@413a9a30)...
07-18 21:44:24.542 25277 25277 D OpenGLRenderer: Flushing caches (mode 2)
07-18 21:44:24.542 25277 25277 D OpenGLRenderer: Flushing caches (mode 0)
07-18 21:44:24.542 25277 25277 W ManagedEGLContext: doTerminate failed: EGL count is 2 but managed count is 1
07-18 21:44:25.386   144  1168 I ActivityManager: START {act=android.intent.action.VIEW dat=http://t.co/I58aSpbf flg=0x10000000 cmp=org.mozilla.firefox_beta/.App} from pid 22754
07-18 21:44:25.476 25277 25277 W GeckoApp: zerdatime 199174966 - onNewIntent
07-18 21:44:25.480 25277 25277 I GeckoApp: onNewIntent: http://t.co/I58aSpbf
07-18 21:44:25.480 25277 25277 I GeckoApp: restart
07-18 21:44:25.480 25277 25277 W GeckoApp: zerdatime 199174972 - onStart
07-18 21:44:25.480 25277 25277 I GeckoApp: start
07-18 21:44:25.480 25277 25277 I GeckoApp: resume
07-18 21:44:25.480 25277 25277 I GeckoApp: application resumed
07-18 21:44:25.921 25277 25356 I Gecko   : Compositor: Composite took 398 ms.
07-18 21:44:25.937 25277 25340 I GeckoTabs: Got message: Tab:Added
07-18 21:44:25.937 25277 25340 I GeckoTabs: Received message from Gecko: 199175428 - Tab:Added
07-18 21:44:26.105 25277 25340 I GeckoTabs: Added a tab with id: 9
07-18 21:44:26.476 25277 25340 I GeckoApp: Got message: Content:LocationChange
07-18 21:44:26.476 25277 25340 I GeckoApp: URI - about:blank
07-18 21:44:26.476 25277 25340 I GeckoTab: Updated url: about:blank for tab with id: 9
07-18 21:44:26.480 25277 25340 I GeckoTab: Updated favicon for tab with id: 9
07-18 21:44:26.480 25277 25340 I GeckoTab: Updated favicon URL for tab with id: 9
07-18 21:44:26.515 25277 25340 I GeckoApp: Got message: Content:SecurityChange
07-18 21:44:26.519 25277 25340 I GeckoApp: Security Mode - unknown
07-18 21:44:26.530 25277 25340 I GeckoApp: Got message: Content:StateChange
07-18 21:44:26.530 25277 25340 I GeckoApp: State - 983041
07-18 21:44:26.530 25277 25340 I GeckoApp: Got a document start
07-18 21:44:26.538   144 15767 I ActivityManager: Start proc android.process.acore for content provider com.android.providers.contacts/.ContactsProvider2: pid=25840 uid=10000 gids={3003, 1015}
07-18 21:44:26.554 25277 25356 I GeckoAppShell: Taking whole-screen screenshot, viewport: ImmutableViewportMetrics v=(0.0,0.0,480.0,690.0) p=(0.0,0.0,480.0,690.0) c=(0.0,0.0,480.0,690.0) z=1.0
07-18 21:44:26.640   144   160 I Process : Sending signal. PID: 25277 SIG: 3
07-18 21:44:26.640 25277 25282 I dalvikvm: threadid=3: reacting to signal 3
07-18 21:44:26.761 25277 25290 D dalvikvm: GC_FOR_ALLOC freed 2805K, 22% free 11882K/15175K, paused 124ms
07-18 21:44:26.765 25277 25290 I dalvikvm-heap: Grow heap (frag case) to 13.677MB for 2097168-byte allocation
07-18 21:44:26.765 25277 25282 I dalvikvm: Wrote stack traces to '/data/anr/traces.txt'
07-18 21:44:26.816 25277 25378 D dalvikvm: GC_FOR_ALLOC freed 11K, 9% free 13919K/15175K, paused 43ms
07-18 21:44:26.823 22754 22754 D OpenGLRenderer: Flushing caches (mode 1)
07-18 21:44:26.855 25277 25277 I GeckoToolbar: zerdatime 199176346 - Throbber start
07-18 21:44:26.878   144   146 D dalvikvm: GC_CONCURRENT freed 1969K, 24% free 18412K/24199K, paused 40ms+27ms
07-18 21:44:26.878 25277 25277 I GeckoDoorHangerPopup: Showing all doorhangers for tab: 9
07-18 21:44:26.909 25277 25277 I GeckoDoorHangerPopup: Showing all doorhangers for tab: 9
07-18 21:44:26.921 25277 25836 I InfoCollections: info/collections is {"history":1.34266191305E9,"adblockplus":1.34175876947E9,"bookmarks":1.34245357164E9,"prefs":1.34256896405E9,"passwords":1.34263586998E9,"addons":1.34254255503E9,"crypto":1.32370693163E9,"meta":1.33648557571E9,"forms":1.34263647113E9,"clients":1.34265632034E9,"tabs":1.3426590051E9}
07-18 21:44:26.925 25277 25836 I FetchInfoCollStage: Got timestamps: 
07-18 21:44:26.925 25277 25277 I GeckoToolbar: zerdatime 199176417 - Throbber start
07-18 21:44:26.925 25277 25836 I SyncAdapter: Stage completed: fetchInfoCollections
07-18 21:44:26.925 25277 25836 I GlobalSession: Running next stage fetchMetaGlobal (org.mozilla.gecko.sync.stage.FetchMetaGlobalStage@413a9900)...
07-18 21:44:26.929 25277 25836 I FetchMetaGlobalStage: Trying to use persisted meta/global for this session.
07-18 21:44:26.929 25277 25277 D GeckoPanZoomController: generating valid viewport using v=RectF(0.0, 0.0, 480.0, 690.0) p=RectF(0.0, 0.0, 480.0, 690.0) c=RectF(0.0, 0.0, 480.0, 690.0) z=1.0
07-18 21:44:26.937 25277 25277 D GeckoPanZoomController: generated valid viewport as v=RectF(0.0, 0.0, 480.0, 690.0) p=RectF(0.0, 0.0, 480.0, 690.0) c=RectF(0.0, 0.0, 480.0, 690.0) z=1.0
07-18 21:44:26.956 25277 25340 I GeckoTabs: Got message: SessionHistory:New
07-18 21:44:27.019 25277 25340 I GeckoApp: Got message: Content:LocationChange
07-18 21:44:27.019 25277 25340 I GeckoApp: URI - http://t.co/I58aSpbf
07-18 21:44:27.019 25277 25340 I GeckoTab: Updated url: http://t.co/I58aSpbf for tab with id: 9
07-18 21:44:27.019 25277 25340 I GeckoTab: Updated favicon for tab with id: 9
07-18 21:44:27.019 25277 25340 I GeckoTab: Updated favicon URL for tab with id: 9
07-18 21:44:27.019 25840 25840 I ActivityThread: Pub call_log: com.android.providers.contacts.CallLogProvider
07-18 21:44:27.023 25277 25340 I GeckoApp: Got message: Content:SecurityChange
07-18 21:44:27.023 25277 25340 I GeckoApp: Security Mode - unknown
07-18 21:44:27.027 25277 25356 I Gecko   : Compositor: Composite took 118 ms.
07-18 21:44:27.038 25277 25836 I MetaGlobal: meta/global is {"storageVersion":5,"engines":{"history":{"version":1,"syncID":"01-e95SthD5J"},"adblockplus":{"version":1,"syncID":"rGMG9HqQ8upG"},"bookmarks":{"version":2,"syncID":"DGxUQGK3Brjl"},"passwords":{"version":1,"syncID":"TSHU3rEev3hw"},"prefs":{"version":2,"syncID":"syRuG3i8nTfN"},"addons":{"version":1,"syncID":"EOfhOHDJ_kpO"},"forms":{"version":1,"syncID":"-CIEkGBGj2cs"},"clients":{"version":1,"syncID":"dMvGPkFS5Xgi"},"tabs":{"version":1,"syncID":"Gu-a_LMebMpU"}},"syncID":"SsvQEEWgXg7c"}
07-18 21:44:27.042 25277 25836 I FetchMetaGlobalStage: Using persisted meta/global for this session.
07-18 21:44:27.050 25277 25836 I SyncAdapter: Stage completed: fetchMetaGlobal
07-18 21:44:27.050 25277 25836 I GlobalSession: Running next stage ensureKeysStage (org.mozilla.gecko.sync.stage.EnsureCrypto5KeysStage@41584cb0)...
07-18 21:44:27.054 25277 25836 I EnsureC5KeysStage: Trying to use persisted collection keys for this session.
07-18 21:44:27.054 25277 25280 D dalvikvm: GC_CONCURRENT freed 159K, 8% free 14055K/15175K, paused 4ms+23ms
07-18 21:44:27.058 25277 25284 I dalvikvm: Jit: resizing JitTable from 4096 to 8192
07-18 21:44:27.097 25277 25340 I GeckoApp: Got message: Content:PageShow
07-18 21:44:27.113 25277 25340 I GeckoApp: Got message: Content:StateChange
07-18 21:44:27.113 25277 25340 I GeckoApp: State - 786448
07-18 21:44:27.113 25277 25340 I GeckoApp: Got a document stop
07-18 21:44:27.116 25277 25340 I GeckoApp: Got message: Content:StateChange
07-18 21:44:27.116 25277 25340 I GeckoApp: State - 983041
07-18 21:44:27.116 25277 25340 I GeckoApp: Got a document start
07-18 21:44:27.120 25277 25340 I GeckoApp: Got message: DOMTitleChanged
07-18 21:44:27.120 25277 25340 I GeckoTab: Updated title:  for tab with id: 9
07-18 21:44:27.120 25277 25340 I GeckoApp: title - 
07-18 21:44:27.124   144   160 I Process : Sending signal. PID: 25277 SIG: 3
07-18 21:44:27.124 25277 25282 I dalvikvm: threadid=3: reacting to signal 3
07-18 21:44:27.132 25840 25840 I ActivityThread: Pub com.android.voicemail: com.android.providers.contacts.VoicemailContentProvider
07-18 21:44:27.136 25840 25840 I ActivityThread: Pub user_dictionary: com.android.providers.userdictionary.UserDictionaryProvider
07-18 21:44:27.218 25840 25840 I ActivityThread: Pub com.android.social: com.android.providers.contacts.SocialProvider
07-18 21:44:27.218 25840 25840 I ActivityThread: Pub applications: com.android.providers.applications.ApplicationsProvider
07-18 21:44:27.292 25277 25282 I dalvikvm: Wrote stack traces to '/data/anr/traces.txt'
