07-19 04:46:32.052   144 15767 I ActivityManager: Process com.twitter.android (pid 24853) has died.
07-19 04:46:37.071  3217  3217 W ThumbnailCache: Low Memory: Freed 0 textures from compression queue, 0 from write queue, 0 from the pinned list, 0 from the cache.
07-19 04:46:37.188  3217  3217 D dalvikvm: GC_EXPLICIT freed 1K, 20% free 12146K/15111K, paused 29ms+4ms
07-19 04:46:42.149  3452  3452 D dalvikvm: GC_EXPLICIT freed <1K, 4% free 9238K/9543K, paused 23ms+2ms
07-19 04:46:47.149 24485 24485 D dalvikvm: GC_EXPLICIT freed 98K, 6% free 9792K/10311K, paused 26ms+2ms
07-19 04:46:52.231   144   160 D dalvikvm: GC_EXPLICIT freed 84K, 23% free 18660K/24199K, paused 31ms+7ms
07-19 04:46:55.915 24654 24656 D dalvikvm: GC_CONCURRENT freed 502K, 7% free 10402K/11079K, paused 2ms+3ms
07-19 04:46:55.931   144 14994 I ActivityManager: Start proc com.google.android.apps.maps:LocationFriendService for service com.google.android.apps.maps/com.google.googlenav.friend.reporting.LocationReceiverService: pid=24873 uid=10056 gids={3003, 1015}
07-19 04:46:56.056 24873 24876 D dalvikvm: GC_CONCURRENT freed 158K, 3% free 9373K/9607K, paused 3ms+3ms
07-19 04:46:56.200 24873 24876 D dalvikvm: GC_CONCURRENT freed 130K, 3% free 9697K/9927K, paused 1ms+2ms
07-19 04:46:56.368 24873 24876 D dalvikvm: GC_CONCURRENT freed 309K, 4% free 9849K/10247K, paused 2ms+3ms
07-19 04:46:56.548 24873 24876 D dalvikvm: GC_CONCURRENT freed 328K, 5% free 9973K/10439K, paused 1ms+2ms
07-19 04:47:05.126   346   346 D dalvikvm: GC_EXPLICIT freed 1K, 10% free 11911K/13191K, paused 2ms+4ms
07-19 04:47:16.970   435   435 D dalvikvm: GC_EXPLICIT freed <1K, 4% free 9033K/9347K, paused 17ms+2ms
07-19 04:47:21.981   321   321 D dalvikvm: GC_EXPLICIT freed <1K, 24% free 10155K/13191K, paused 15ms+3ms
07-19 04:47:26.970 13970 13970 D dalvikvm: GC_EXPLICIT freed <1K, 6% free 9759K/10375K, paused 21ms+2ms
07-19 04:47:32.009   215   215 D dalvikvm: GC_EXPLICIT freed 39K, 56% free 10153K/22727K, paused 21ms+3ms
07-19 04:47:36.993 22934 22934 D dalvikvm: GC_EXPLICIT freed 27K, 4% free 9136K/9479K, paused 20ms+2ms
07-19 04:47:42.009 22976 22976 D dalvikvm: GC_EXPLICIT freed 241K, 4% free 9052K/9415K, paused 20ms+2ms
07-19 04:47:45.638   144   342 I ActivityManager: Process com.google.android.apps.maps:LocationFriendService (pid 24873) has died.
07-19 04:47:46.165   144   199 D DhcpInfoInternal: makeLinkProperties with empty dns2!
07-19 04:47:46.173   144   199 D DhcpInfoInternal: makeLinkProperties with empty dns2!
07-19 04:47:53.177   359   359 D dalvikvm: GC_EXPLICIT freed <1K, 6% free 9096K/9607K, paused 22ms+2ms
07-19 04:47:55.946   144 14192 I ActivityManager: Start proc com.google.android.apps.maps:LocationFriendService for service com.google.android.apps.maps/com.google.googlenav.friend.reporting.LocationReceiverService: pid=24914 uid=10056 gids={3003, 1015}
07-19 04:47:56.067 24914 24917 D dalvikvm: GC_CONCURRENT freed 161K, 3% free 9371K/9607K, paused 2ms+2ms
07-19 04:47:56.247 24914 24917 D dalvikvm: GC_CONCURRENT freed 181K, 3% free 9710K/9991K, paused 2ms+3ms
07-19 04:47:56.415 24914 24917 D dalvikvm: GC_CONCURRENT freed 338K, 5% free 9894K/10311K, paused 2ms+2ms
07-19 04:47:56.442 24914 24921 I dalvikvm: Total arena pages for JIT: 11
07-19 04:47:56.442 24914 24921 I dalvikvm: Total arena pages for JIT: 12
07-19 04:47:56.446 24914 24921 I dalvikvm: Total arena pages for JIT: 13
07-19 04:47:56.446 24914 24921 I dalvikvm: Total arena pages for JIT: 14
07-19 04:47:56.446 24914 24921 I dalvikvm: Total arena pages for JIT: 15
07-19 04:47:56.446 24914 24921 I dalvikvm: Total arena pages for JIT: 16
07-19 04:47:56.446 24914 24921 I dalvikvm: Total arena pages for JIT: 17
07-19 04:47:56.556   144   317 I ActivityManager: Process com.xabber.androiddev (pid 24446) has died.
07-19 04:47:56.556   144   317 W ActivityManager: Scheduling restart of crashed service com.xabber.androiddev/com.xabber.android.service.XMPPService in 5000ms
07-19 04:48:01.610 24937 24937 D dalvikvm: Late-enabling CheckJNI
07-19 04:48:01.610   144   161 I ActivityManager: Start proc com.xabber.androiddev for service com.xabber.androiddev/com.xabber.android.service.XMPPService: pid=24937 uid=10063 gids={3003, 1015}
07-19 04:48:01.630 24937 24937 I dalvikvm: Turning on JNI app bug workarounds for target SDK version 9...
07-19 04:48:01.923 24937 24940 D dalvikvm: GC_CONCURRENT freed 212K, 3% free 9320K/9607K, paused 4ms+3ms
07-19 04:48:01.958 24937 24937 D dalvikvm: GC_FOR_ALLOC freed 311K, 5% free 9457K/9927K, paused 15ms
07-19 04:48:02.052 24937 24940 D dalvikvm: GC_CONCURRENT freed 127K, 3% free 9852K/10055K, paused 1ms+5ms
07-19 04:48:02.181 24937 24940 D dalvikvm: GC_CONCURRENT freed 290K, 4% free 10074K/10439K, paused 2ms+3ms
07-19 04:48:02.368 24937 24937 I com.xabber.android.service.XMPPService@4148c008: onCreate
07-19 04:48:02.376 24937 24937 I com.xabber.android.data.Application@41353000: onStart
07-19 04:48:02.403   144  6618 I ActivityManager: Process com.google.android.apps.maps:LocationFriendService (pid 24914) has died.
07-19 04:48:02.450 24937 24940 D dalvikvm: GC_CONCURRENT freed 349K, 5% free 10176K/10631K, paused 4ms+2ms
07-19 04:48:02.450 24937 24951 I com.xabber.android.data.LogManager@41363c40: onLoad
07-19 04:48:02.606   144   390 I ActivityManager: Start proc android.process.acore for content provider com.android.providers.contacts/.ContactsProvider2: pid=24953 uid=10000 gids={3003, 1015}
07-19 04:48:02.653 24953 24953 I ActivityThread: Pub call_log: com.android.providers.contacts.CallLogProvider
07-19 04:48:02.700 24953 24953 I ActivityThread: Pub com.android.voicemail: com.android.providers.contacts.VoicemailContentProvider
07-19 04:48:02.704 24953 24953 I ActivityThread: Pub user_dictionary: com.android.providers.userdictionary.UserDictionaryProvider
07-19 04:48:02.727 24953 24953 I ActivityThread: Pub com.android.social: com.android.providers.contacts.SocialProvider
07-19 04:48:02.731 24953 24953 I ActivityThread: Pub applications: com.android.providers.applications.ApplicationsProvider
07-19 04:48:02.892 24953 24953 I ActivityThread: Pub contacts;com.android.contacts: com.android.providers.contacts.ContactsProvider2
07-19 04:48:02.934 24953 24955 D dalvikvm: GC_CONCURRENT freed 344K, 5% free 9185K/9607K, paused 4ms+5ms
07-19 04:48:03.227 24953 24955 D dalvikvm: GC_CONCURRENT freed 231K, 4% free 9375K/9735K, paused 2ms+3ms
07-19 04:48:04.411 24953 24955 D dalvikvm: GC_CONCURRENT freed 183K, 4% free 9607K/9927K, paused 12ms+4ms
07-19 04:48:05.091 24937 24940 D dalvikvm: GC_CONCURRENT freed 209K, 4% free 10413K/10759K, paused 2ms+3ms
07-19 04:48:06.954 22976 22976 I PhoneLab-Locks: wake lock acquired
07-19 04:48:06.977 22976 24974 I PhoneLab-PeriodicCheckService: User info is synched
07-19 04:48:06.985 22976 24974 I PhoneLab-PeriodicCheckService: Logger Service is running
07-19 04:48:06.993 22976 22976 I PhoneLab-Locks: wake lock acquired
07-19 04:48:06.997 22976 22976 I PhoneLab-StatusMonitor: Status Monitoring is started
07-19 04:48:07.009 24937 24940 D dalvikvm: GC_CONCURRENT freed 278K, 4% free 10539K/10951K, paused 123ms+3ms
07-19 04:48:07.083 22976 24974 I PhoneLab-Locks: wake lock acquired
07-19 04:48:07.087 22976 24974 I PhoneLab-PeriodicCheckService: Rescheduling periodic checking...
07-19 04:48:07.087 22976 24974 I PhoneLab-Locks: wake lock released
07-19 04:48:07.095 22976 22989 I PhoneLab-: Service Running
07-19 04:48:07.122 22976 22976 E PhoneLab-PhoneLabManifest: java.io.FileNotFoundException: /data/data/edu.buffalo.cse.phonelab.phonelabservices/files/manifest.xml: open failed: ENOENT (No such file or directory)
07-19 04:48:07.169 22976 22976 I PhoneLab-Locks: wake lock released
07-19 04:48:07.173 22976 22976 I PhoneLab-UploadLogs: Transfering log files now
07-19 04:48:07.173 22976 22976 I PhoneLab-UploadLogs: No log files to transfer
07-19 04:48:07.173 22976 22976 I PhoneLab-Locks: wake lock released
07-19 04:48:07.177 22976 22976 I PhoneLab-UploadLogs: OnStartCommand
07-19 04:48:07.329 22976 22989 I PhoneLab-LoggerService: app_37    1395  1     1432   980   c00f181c 400107b4 S logcat
07-19 04:48:07.329 22976 22989 I PhoneLab-LoggerService: Logcat pid from database 1395
07-19 04:48:07.329 22976 22989 I PhoneLab-LoggerService: Logcat process found 1395
07-19 04:48:07.329 22976 22989 I PhoneLab-LoggerService: Checking Threshold
07-19 04:48:07.329 22976 22989 I PhoneLab-LoggerService: Starting to rename files
07-19 04:48:07.329 22976 22989 I PhoneLab-LoggerService: Files found .. 2
07-19 04:48:07.329 22976 22989 I PhoneLab-LoggerService: File 1 log.out.1
07-19 04:48:07.477 22976 22989 I PhoneLab-LoggerService: Renamed successfully
07-19 04:48:08.216 24937 24940 D dalvikvm: GC_CONCURRENT freed 337K, 5% free 10616K/11079K, paused 2ms+2ms
07-19 04:48:09.931   144   378 I ActivityManager: Process android.process.acore (pid 24953) has died.
07-19 04:48:10.458   144   388 I ActivityManager: Start proc android.process.acore for content provider com.android.providers.contacts/.ContactsProvider2: pid=24980 uid=10000 gids={3003, 1015}
07-19 04:48:10.556 24980 24980 I ActivityThread: Pub call_log: com.android.providers.contacts.CallLogProvider
07-19 04:48:10.602 24980 24980 I ActivityThread: Pub com.android.voicemail: com.android.providers.contacts.VoicemailContentProvider
07-19 04:48:10.606 24980 24980 I ActivityThread: Pub user_dictionary: com.android.providers.userdictionary.UserDictionaryProvider
07-19 04:48:10.673 24980 24980 I ActivityThread: Pub com.android.social: com.android.providers.contacts.SocialProvider
07-19 04:48:10.673 24980 24980 I ActivityThread: Pub applications: com.android.providers.applications.ApplicationsProvider
07-19 04:48:10.802 24980 24983 D dalvikvm: GC_CONCURRENT freed 332K, 5% free 9151K/9607K, paused 2ms+2ms
07-19 04:48:10.806 24980 24980 I ActivityThread: Pub contacts;com.android.contacts: com.android.providers.contacts.ContactsProvider2
07-19 04:48:11.095 24980 24983 D dalvikvm: GC_CONCURRENT freed 232K, 4% free 9366K/9735K, paused 2ms+1ms
07-19 04:48:11.134 24937 24940 D dalvikvm: GC_CONCURRENT freed 355K, 5% free 10716K/11207K, paused 1ms+13ms
07-19 04:48:11.849 24998 24998 D dalvikvm: Late-enabling CheckJNI
07-19 04:48:11.852   144   161 I ActivityManager: Start proc com.chess for broadcast com.chess/.backend.AlarmReceiver: pid=24998 uid=10079 gids={3003, 1015}
07-19 04:48:12.102 24998 25000 D dalvikvm: GC_CONCURRENT freed 169K, 3% free 9362K/9607K, paused 3ms+2ms
07-19 04:48:12.325 24980 24983 D dalvikvm: GC_CONCURRENT freed 178K, 4% free 9611K/9927K, paused 75ms+2ms
07-19 04:48:12.395 24998 25012 D GetStringObjTask: retrieving from url = http://www.chess.com/api/get_move_status?id=5HHjW9WUGa%2Bcu1LUwnVJPxTIWxmEve4VdkRnRyg7b5Ch69JH2Z5aB%2B7eGuFw8K2uFx47KFsdE3JRdR3Mzv0PkZOj6eZ8N73BvxmEERrzXjMNRo80rkLyJAUTh0iqof4n
07-19 04:48:12.829   144 15767 I ActivityManager: Process com.chess (pid 24998) has died.
07-19 04:48:13.005 21204 25013 F libc    : Fatal signal 13 (SIGPIPE) at 0x000052d4 (code=0)
07-19 04:48:13.216 21204 25013 W DnsProxyListener: Error writing DNS result to client
07-19 04:48:13.216 21204 25013 W SocketClient: write error (Broken pipe)
07-19 04:48:13.415 20978 20978 I DEBUG   : debuggerd committing suicide to free the zombie!
07-19 04:48:13.438   144   342 I ActivityManager: Process android.process.acore (pid 24980) has died.
07-19 04:48:13.497 25014 25014 I DEBUG   : debuggerd: Jun 28 2012 18:17:40
07-19 04:48:18.450  3217  3217 W ThumbnailCache: Low Memory: Freed 0 textures from compression queue, 0 from write queue, 0 from the pinned list, 0 from the cache.
07-19 04:48:18.544  3217  3217 D dalvikvm: GC_EXPLICIT freed 1K, 20% free 12146K/15111K, paused 28ms+4ms
07-19 04:48:23.517  3452  3452 D dalvikvm: GC_EXPLICIT freed <1K, 4% free 9238K/9543K, paused 8ms+2ms
07-19 04:48:28.618 24485 24485 D dalvikvm: GC_EXPLICIT freed 35K, 5% free 9804K/10311K, paused 31ms+3ms
07-19 04:48:33.618   144   160 D dalvikvm: GC_EXPLICIT freed 514K, 23% free 18696K/24199K, paused 31ms+9ms
07-19 04:48:38.544   346   346 D dalvikvm: GC_EXPLICIT freed 2K, 10% free 11911K/13191K, paused 27ms+3ms
07-19 04:48:43.559   435   435 D dalvikvm: GC_EXPLICIT freed <1K, 4% free 9033K/9347K, paused 19ms+2ms
07-19 04:48:48.563   321   321 D dalvikvm: GC_EXPLICIT freed <1K, 24% free 10155K/13191K, paused 16ms+3ms
07-19 04:48:53.583 13970 13970 D dalvikvm: GC_EXPLICIT freed <1K, 6% free 9759K/10375K, paused 10ms+3ms
07-19 04:48:55.610   346   346 D SAN_SERVICE: *******************************************
07-19 04:48:55.610   346   346 D SAN_SERVICE: DM App Phone Service State - 0
07-19 04:48:55.610   346   346 D SAN_SERVICE: *******************************************
07-19 04:48:56.005 24654 24656 D dalvikvm: GC_CONCURRENT freed 509K, 7% free 10404K/11079K, paused 2ms+3ms
07-19 04:48:56.024   144   144 I ActivityManager: Start proc com.google.android.apps.maps:LocationFriendService for service com.google.android.apps.maps/com.google.googlenav.friend.reporting.LocationReceiverService: pid=25015 uid=10056 gids={3003, 1015}
07-19 04:48:56.157 25015 25018 D dalvikvm: GC_CONCURRENT freed 173K, 3% free 9358K/9607K, paused 2ms+3ms
07-19 04:48:56.505 25015 25018 D dalvikvm: GC_CONCURRENT freed 133K, 3% free 9671K/9927K, paused 22ms+10ms
07-19 04:48:56.966 25015 25018 D dalvikvm: GC_CONCURRENT freed 308K, 4% free 9838K/10247K, paused 4ms+2ms
07-19 04:48:57.130 25015 25022 I dalvikvm: Total arena pages for JIT: 11
07-19 04:48:57.130 25015 25022 I dalvikvm: Total arena pages for JIT: 12
07-19 04:48:57.130 25015 25022 I dalvikvm: Total arena pages for JIT: 13
07-19 04:48:57.130 25015 25022 I dalvikvm: Total arena pages for JIT: 14
07-19 04:48:57.134 25015 25022 I dalvikvm: Total arena pages for JIT: 15
07-19 04:48:57.134 25015 25022 I dalvikvm: Total arena pages for JIT: 16
07-19 04:48:57.134 25015 25022 I dalvikvm: Total arena pages for JIT: 17
07-19 04:48:57.255 25015 25018 D dalvikvm: GC_CONCURRENT freed 329K, 4% free 9962K/10375K, paused 2ms+9ms
07-19 04:48:57.477   144   310 I ActivityManager: Process com.google.android.apps.maps:LocationFriendService (pid 25015) has died.
07-19 04:49:08.556   359   359 D dalvikvm: GC_EXPLICIT freed <1K, 6% free 9096K/9607K, paused 21ms+3ms
07-19 04:49:12.122   144   155 I ActivityManager: Start proc android.process.acore for content provider com.android.providers.contacts/.ContactsProvider2: pid=25039 uid=10000 gids={3003, 1015}
07-19 04:49:12.161 25039 25039 I ActivityThread: Pub call_log: com.android.providers.contacts.CallLogProvider
07-19 04:49:12.188 25039 25039 I ActivityThread: Pub com.android.voicemail: com.android.providers.contacts.VoicemailContentProvider
07-19 04:49:12.192 25039 25039 I ActivityThread: Pub user_dictionary: com.android.providers.userdictionary.UserDictionaryProvider
07-19 04:49:12.204 25039 25039 I ActivityThread: Pub com.android.social: com.android.providers.contacts.SocialProvider
07-19 04:49:12.204 25039 25039 I ActivityThread: Pub applications: com.android.providers.applications.ApplicationsProvider
07-19 04:49:12.286 25039 25039 I ActivityThread: Pub contacts;com.android.contacts: com.android.providers.contacts.ContactsProvider2
07-19 04:49:12.309 25039 25041 D dalvikvm: GC_CONCURRENT freed 358K, 5% free 9174K/9607K, paused 3ms+3ms
07-19 04:49:12.556 25039 25041 D dalvikvm: GC_CONCURRENT freed 228K, 4% free 9379K/9735K, paused 3ms+2ms
07-19 04:49:13.462  3217  3217 W ThumbnailCache: Low Memory: Freed 0 textures from compression queue, 0 from write queue, 0 from the pinned list, 0 from the cache.
07-19 04:49:13.513  3217  3217 D dalvikvm: GC_EXPLICIT freed 1K, 20% free 12146K/15111K, paused 2ms+5ms
07-19 04:49:13.548 25039 25041 D dalvikvm: GC_CONCURRENT freed 215K, 4% free 9583K/9927K, paused 2ms+3ms
07-19 04:49:13.712   144 12390 I ActivityManager: Process android.process.acore (pid 25039) has died.
07-19 04:49:15.208 24241 24245 D dalvikvm: GC_CONCURRENT freed 531K, 6% free 10799K/11463K, paused 7ms+4ms
07-19 04:49:18.782  3452  3452 D dalvikvm: GC_EXPLICIT freed <1K, 4% free 9238K/9543K, paused 20ms+2ms
07-19 04:49:23.813 24485 24485 D dalvikvm: GC_EXPLICIT freed 94K, 5% free 9809K/10311K, paused 26ms+3ms
07-19 04:49:28.872   144   160 D dalvikvm: GC_EXPLICIT freed 262K, 23% free 18677K/24199K, paused 32ms+8ms
07-19 04:49:33.817   346   346 D dalvikvm: GC_EXPLICIT freed 25K, 10% free 11911K/13191K, paused 27ms+3ms
07-19 04:49:38.821   435   435 D dalvikvm: GC_EXPLICIT freed <1K, 4% free 9033K/9347K, paused 18ms+2ms
07-19 04:49:43.825   321   321 D dalvikvm: GC_EXPLICIT freed <1K, 24% free 10155K/13191K, paused 16ms+2ms
07-19 04:49:48.849 13970 13970 D dalvikvm: GC_EXPLICIT freed <1K, 6% free 9759K/10375K, paused 23ms+3ms
07-19 04:49:53.825   215   215 D dalvikvm: GC_EXPLICIT freed 52K, 56% free 10154K/22727K, paused 22ms+3ms
07-19 04:49:56.110   144 15767 I ActivityManager: Start proc com.google.android.apps.maps:LocationFriendService for service com.google.android.apps.maps/com.google.googlenav.friend.reporting.LocationReceiverService: pid=25057 uid=10056 gids={3003, 1015}
07-19 04:49:56.153    79    79 D dalvikvm: GC_EXPLICIT freed 38K, 4% free 9027K/9347K, paused 3ms+11ms
07-19 04:49:56.204    79    79 D dalvikvm: GC_EXPLICIT freed <1K, 4% free 9027K/9347K, paused 9ms+2ms
07-19 04:49:56.255    79    79 D dalvikvm: GC_EXPLICIT freed <1K, 4% free 9027K/9347K, paused 2ms+4ms
07-19 04:49:56.306 25057 25060 D dalvikvm: GC_CONCURRENT freed 178K, 3% free 9353K/9607K, paused 1ms+2ms
07-19 04:49:56.653 25057 25060 D dalvikvm: GC_CONCURRENT freed 161K, 3% free 9660K/9927K, paused 14ms+2ms
07-19 04:49:56.911   144   155 D dalvikvm: GC_EXPLICIT freed 86K, 23% free 18658K/24199K, paused 4ms+7ms
07-19 04:49:57.059 25057 25060 D dalvikvm: GC_CONCURRENT freed 278K, 4% free 9846K/10247K, paused 2ms+3ms
07-19 04:49:57.208 25057 25064 I dalvikvm: Total arena pages for JIT: 11
07-19 04:49:57.212 25057 25064 I dalvikvm: Total arena pages for JIT: 12
07-19 04:49:57.212 25057 25064 I dalvikvm: Total arena pages for JIT: 13
07-19 04:49:57.212 25057 25064 I dalvikvm: Total arena pages for JIT: 14
07-19 04:49:57.212 25057 25064 I dalvikvm: Total arena pages for JIT: 15
07-19 04:49:57.212 25057 25064 I dalvikvm: Total arena pages for JIT: 16
07-19 04:49:57.212 25057 25064 I dalvikvm: Total arena pages for JIT: 17
07-19 04:49:57.345 25057 25060 D dalvikvm: GC_CONCURRENT freed 337K, 5% free 9969K/10439K, paused 5ms+3ms
07-19 04:49:57.399   144 14192 I ActivityManager: Process com.google.android.apps.maps:LocationFriendService (pid 25057) has died.
07-19 04:49:58.970   144 25080 I ActivityManager: Applications Memory Usage (kB):
07-19 04:49:58.970   144 25080 I ActivityManager: Uptime: 224707939 Realtime: 304666782
07-19 04:49:58.970   144 25080 I ActivityManager: Total PSS by OOM adjustment:
07-19 04:49:58.970   144 25080 I ActivityManager:     29333 kB: System
07-19 04:49:58.970   144 25080 I ActivityManager:                29333 kB: system (pid 144)
07-19 04:49:58.970   144 25080 I ActivityManager:     28993 kB: Persistent
07-19 04:49:58.970   144 25080 I ActivityManager:                13168 kB: com.android.systemui (pid 215)
07-19 04:49:58.970   144 25080 I ActivityManager:                11874 kB: com.android.phone (pid 346)
07-19 04:49:58.970   144 25080 I ActivityManager:                 3951 kB: com.android.nfc (pid 359)
07-19 04:49:58.970   144 25080 I ActivityManager:    103875 kB: Foreground
07-19 04:49:58.970   144 25080 I ActivityManager:                62402 kB: com.android.chrome (pid 3217)
07-19 04:49:58.970   144 25080 I ActivityManager:                41473 kB: com.android.chrome:sandboxed_process1 (pid 3452)
07-19 04:49:58.970   144 25080 I ActivityManager:     26926 kB: Visible
07-19 04:49:58.970   144 25080 I ActivityManager:                14598 kB: com.google.android.gsf.login (pid 13970)
07-19 04:49:58.970   144 25080 I ActivityManager:                 9481 kB: com.google.process.gapps (pid 24485)
07-19 04:49:58.970   144 25080 I ActivityManager:                 2847 kB: com.android.smspush (pid 435)
07-19 04:49:58.970   144 25080 I ActivityManager:      6703 kB: Perceptible
07-19 04:49:58.970   144 25080 I ActivityManager:                 6703 kB: com.klye.ime.latin (pid 321)
07-19 04:49:58.970   144 25080 I ActivityManager:     30469 kB: A Services
07-19 04:49:58.970   144 25080 I ActivityManager:                 9814 kB: com.facebook.katana (pid 24241)
07-19 04:49:58.970   144 25080 I ActivityManager:                 9048 kB: com.xabber.androiddev (pid 24937)
07-19 04:49:58.970   144 25080 I ActivityManager:                 8254 kB: com.google.android.apps.maps:NetworkLocationService (pid 24654)
07-19 04:49:58.970   144 25080 I ActivityManager:                 3353 kB: edu.buffalo.cse.phonelab.phonelabservices (pid 22976)
07-19 04:49:58.970   144 25080 I ActivityManager:     24686 kB: B Services
07-19 04:49:58.970   144 25080 I ActivityManager:                 7489 kB: com.google.android.apps.maps (pid 24751)
07-19 04:49:58.970   144 25080 I ActivityManager:                 6002 kB: com.whatsapp (pid 24347)
07-19 04:49:58.970   144 25080 I ActivityManager:                 5075 kB: com.google.android.apps.googlevoice (pid 23515)
07-19 04:49:58.970   144 25080 I ActivityManager:                 3409 kB: com.apksoftware.compass (pid 22934)
07-19 04:49:58.970   144 25080 I ActivityManager:                 2711 kB: com.android.sprintmenu (pid 23161)
07-19 04:49:58.970   144 25080 I ActivityManager: 
07-19 04:49:58.970   144 25080 I ActivityManager: Total PSS: 250985 kB
07-19 04:49:58.970   144 25080 I ActivityManager:   PID      Vss      Rss      Pss      Uss  cmdline
07-19 04:49:58.970   144 25080 I ActivityManager:  3217   85236K   85144K   62538K   56684K  com.android.chrome
07-19 04:49:58.970   144 25080 I ActivityManager:  3452   60316K   60212K   41521K   38048K  com.android.chrome:sandboxed_process1
07-19 04:49:58.970   144 25080 I ActivityManager:   144   44916K   44848K   29378K   28348K  system_server
07-19 04:49:58.970   144 25080 I ActivityManager: 13970   30408K   30328K   14667K   13756K  com.google.android.gsf.login
07-19 04:49:58.970   144 25080 I ActivityManager:   215   32280K   32064K   13217K    9224K  com.android.systemui
07-19 04:49:58.970   144 25080 I ActivityManager:    78   21124K   18124K   12233K    7092K  /system/bin/surfaceflinger
07-19 04:49:58.970   144 25080 I ActivityManager:   346   26972K   26900K   11922K   11076K  com.android.phone
07-19 04:49:58.970   144 25080 I ActivityManager: 24241   29632K   29560K    9867K    8344K  com.facebook.katana
07-19 04:49:58.970   144 25080 I ActivityManager: 24485   30072K   29980K    9530K    7804K  com.google.process.gapps
07-19 04:49:58.970   144 25080 I ActivityManager: 24937   30120K   30060K    9100K    7200K  com.xabber.androiddev
07-19 04:49:58.970   144 25080 I ActivityManager: 24654   29064K   29004K    8308K    6072K  com.google.android.apps.maps:NetworkLocationService
07-19 04:49:58.970   144 25080 I ActivityManager: 24751   28636K   28572K    7543K    5348K  com.google.android.apps.maps
07-19 04:49:58.970   144 25080 I ActivityManager:   321   21932K   21832K    6752K    5896K  com.klye.ime.latin
07-19 04:49:58.970   144 25080 I ActivityManager: 24347   26356K   26292K    6054K    4532K  com.whatsapp
07-19 04:49:58.970   144 25080 I ActivityManager: 23515   24524K   24428K    5122K    3816K  com.google.android.apps.googlevoice
07-19 04:49:58.970   144 25080 I ActivityManager:   359   19268K   19172K    3996K    3140K  com.android.nfc
07-19 04:49:58.970   144 25080 I ActivityManager: 22934   22412K   22312K    3456K    2220K  com.apksoftware.compass
07-19 04:49:58.970   144 25080 I ActivityManager: 22976   22588K   22488K    3403K    2084K  edu.buffalo.cse.phonelab.phonelabservices
07-19 04:49:58.970   144 25080 I ActivityManager:   435   18516K   18404K    2895K    1940K  com.android.smspush
07-19 04:49:58.970   144 25080 I ActivityManager: 23161   21428K   21328K    2762K    1532K  com.android.sprintmenu
07-19 04:49:58.970   144 25080 I ActivityManager:    79   18624K   18496K    2148K    1068K  zygote
07-19 04:49:58.970   144 25080 I ActivityManager:    81    2136K    2136K    1813K    1788K  /system/bin/mediaserver
07-19 04:49:58.970   144 25080 I ActivityManager:    80     956K     956K     878K     876K  /system/bin/drmserver
07-19 04:49:58.970   144 25080 I ActivityManager:  1395     984K     980K     845K     840K  logcat
07-19 04:49:58.970   144 25080 I ActivityManager:    77    1084K    1084K     804K     788K  /system/bin/rild
07-19 04:49:58.970   144 25080 I ActivityManager: 25081     796K     788K     629K     592K  procrank
07-19 04:49:58.970   144 25080 I ActivityManager:   275     684K     680K     524K     516K  /system/bin/wpa_supplicant
07-19 04:49:58.970   144 25080 I ActivityManager:    88     436K     436K     420K     420K  /sbin/adbd
07-19 04:49:58.970   144 25080 I ActivityManager: 21204     612K     612K     410K     388K  /system/bin/netd
07-19 04:49:58.970   144 25080 I ActivityManager:   292     332K     332K     300K     300K  /system/bin/bluetoothd
07-19 04:49:58.970   144 25080 I ActivityManager:    72     380K     376K     290K     284K  /system/bin/vold
07-19 04:49:58.970   144 25080 I ActivityManager:    86     436K     432K     282K     276K  /system/vendor/bin/gpsd
07-19 04:49:58.970   144 25080 I ActivityManager: 28597     344K     340K     190K     184K  /system/bin/dhcpcd
07-19 04:49:58.970   144 25080 I ActivityManager:    82     220K     212K     184K     184K  /system/bin/dbus-daemon
07-19 04:49:58.970   144 25080 I ActivityManager:    85     200K     192K     160K     160K  /system/bin/keystore
07-19 04:49:58.970   144 25080 I ActivityManager:     1     204K     204K     142K     104K  /init
07-19 04:49:58.970   144 25080 I ActivityManager:   203     168K     160K     128K     128K  /system/bin/brcm_patchram_plus
07-19 04:49:58.970   144 25080 I ActivityManager: 25014     280K     272K     126K      92K  /system/bin/debuggerd
07-19 04:49:58.970   144 25080 I ActivityManager:    61     160K     160K     122K      84K  /sbin/ueventd
07-19 04:49:58.970   144 25080 I ActivityManager:    87     140K     136K     1
07-19 04:50:05.142 22934 22934 D dalvikvm: GC_EXPLICIT freed 22K, 4% free 9130K/9479K, paused 2ms+2ms
07-19 04:50:07.106 22976 22989 I PhoneLab-: Service Running
07-19 04:50:07.220 22976 22989 I PhoneLab-LoggerService: app_37    1395  1     1432   980   c00f181c 400107b4 S logcat
07-19 04:50:07.220 22976 22989 I PhoneLab-LoggerService: Logcat pid from database 1395
07-19 04:50:07.220 22976 22989 I PhoneLab-LoggerService: Logcat process found 1395
07-19 04:50:07.220 22976 22989 I PhoneLab-LoggerService: Checking Threshold
07-19 04:50:07.220 22976 22989 I PhoneLab-LoggerService: Starting to rename files
07-19 04:50:07.224 22976 22989 I PhoneLab-LoggerService: Files found .. 2
07-19 04:50:10.196 23161 23161 D dalvikvm: GC_EXPLICIT freed <1K, 4% free 9051K/9347K, paused 49ms+2ms
07-19 04:50:11.044   144   199 D DhcpInfoInternal: makeLinkProperties with empty dns2!
07-19 04:50:11.044   144   199 D DhcpInfoInternal: makeLinkProperties with empty dns2!
07-19 04:50:17.958 23515 23515 D dalvikvm: GC_EXPLICIT freed 3K, 6% free 9658K/10183K, paused 22ms+3ms
07-19 04:50:23.001 24347 24347 D dalvikvm: GC_EXPLICIT freed 87K, 7% free 9886K/10567K, paused 22ms+3ms
07-19 04:50:27.962 24654 24654 D dalvikvm: GC_EXPLICIT freed 313K, 7% free 10390K/11079K, paused 24ms+3ms
07-19 04:50:32.970 24751 24751 D dalvikvm: GC_EXPLICIT freed 101K, 4% free 10927K/11271K, paused 32ms+2ms
07-19 04:50:37.950 22976 22976 D dalvikvm: GC_EXPLICIT freed 187K, 4% free 9060K/9415K, paused 21ms+2ms
07-19 04:50:42.974 24241 24241 D dalvikvm: GC_EXPLICIT freed 35K, 7% free 10773K/11463K, paused 31ms+3ms
07-19 04:50:47.977 24937 24937 D dalvikvm: GC_EXPLICIT freed 323K, 7% free 10694K/11399K, paused 28ms+2ms
07-19 04:50:56.138   144  1167 I ActivityManager: Start proc com.google.android.apps.maps:LocationFriendService for service com.google.android.apps.maps/com.google.googlenav.friend.reporting.LocationReceiverService: pid=25101 uid=10056 gids={3003, 1015}
07-19 04:50:56.267 25101 25104 D dalvikvm: GC_CONCURRENT freed 152K, 3% free 9380K/9607K, paused 3ms+3ms
07-19 04:50:56.466 25101 25104 D dalvikvm: GC_CONCURRENT freed 162K, 3% free 9680K/9927K, paused 6ms+3ms
07-19 04:50:56.716 24485 24496 D dalvikvm: GC_EXPLICIT freed 42K, 5% free 9808K/10311K, paused 2ms+3ms
07-19 04:50:56.825 25101 25104 D dalvikvm: GC_CONCURRENT freed 286K, 5% free 9898K/10311K, paused 2ms+2ms
07-19 04:50:56.876 25101 25108 I dalvikvm: Total arena pages for JIT: 11
07-19 04:50:56.880 25101 25108 I dalvikvm: Total arena pages for JIT: 12
07-19 04:50:56.880 25101 25108 I dalvikvm: Total arena pages for JIT: 13
07-19 04:50:56.880 25101 25108 I dalvikvm: Total arena pages for JIT: 14
07-19 04:50:56.880 25101 25108 I dalvikvm: Total arena pages for JIT: 15
07-19 04:50:56.880 25101 25108 I dalvikvm: Total arena pages for JIT: 16
07-19 04:50:56.880 25101 25108 I dalvikvm: Total arena pages for JIT: 17
07-19 04:50:57.005 25101 25104 D dalvikvm: GC_CONCURRENT freed 392K, 5% free 9943K/10439K, paused 2ms+2ms
07-19 04:50:58.345   144   144 I ActivityManager: Process com.google.android.apps.maps:LocationFriendService (pid 25101) has died.
07-19 04:51:05.114   359   359 D dalvikvm: GC_EXPLICIT freed <1K, 6% free 9096K/9607K, paused 1ms+2ms
07-19 04:51:08.321   144  1168 I ActivityManager: Start proc android.process.acore for content provider com.android.providers.contacts/.ContactsProvider2: pid=25124 uid=10000 gids={3003, 1015}
07-19 04:51:08.364 25124 25124 I ActivityThread: Pub call_log: com.android.providers.contacts.CallLogProvider
07-19 04:51:08.388 25124 25124 I ActivityThread: Pub com.android.voicemail: com.android.providers.contacts.VoicemailContentProvider
07-19 04:51:08.392 25124 25124 I ActivityThread: Pub user_dictionary: com.android.providers.userdictionary.UserDictionaryProvider
07-19 04:51:08.403 25124 25124 I ActivityThread: Pub com.android.social: com.android.providers.contacts.SocialProvider
07-19 04:51:08.403 25124 25124 I ActivityThread: Pub applications: com.android.providers.applications.ApplicationsProvider
07-19 04:51:08.477 25124 25124 I ActivityThread: Pub contacts;com.android.contacts: com.android.providers.contacts.ContactsProvider2
07-19 04:51:08.517 25124 25126 D dalvikvm: GC_CONCURRENT freed 347K, 5% free 9184K/9607K, paused 3ms+3ms
07-19 04:51:08.747 25124 25126 D dalvikvm: GC_CONCURRENT freed 237K, 4% free 9372K/9735K, paused 2ms+2ms
07-19 04:51:09.696 25124 25126 D dalvikvm: GC_CONCURRENT freed 157K, 3% free 9645K/9927K, paused 6ms+3ms
07-19 04:51:10.106  3217  3217 W ThumbnailCache: Low Memory: Freed 0 textures from compression queue, 0 from write queue, 0 from the pinned list, 0 from the cache.
07-19 04:51:10.181  3217  3217 D dalvikvm: GC_EXPLICIT freed 1K, 20% free 12146K/15111K, paused 12ms+4ms
07-19 04:51:15.216  3452  3452 D dalvikvm: GC_EXPLICIT freed <1K, 4% free 9238K/9543K, paused 67ms+3ms
07-19 04:51:20.208 24485 24485 D dalvikvm: GC_EXPLICIT freed 37K, 6% free 9796K/10311K, paused 24ms+3ms
07-19 04:51:25.274   144   160 D dalvikvm: GC_EXPLICIT freed 949K, 23% free 18683K/24199K, paused 31ms+8ms
07-19 04:51:30.243   346   346 D dalvikvm: GC_EXPLICIT freed 3K, 10% free 11911K/13191K, paused 24ms+3ms
07-19 04:51:31.567   144   174 I ActivityManager: Start proc com.twitter.android for service com.twitter.android/.client.AppService: pid=25142 uid=10064 gids={3003, 1015}
07-19 04:51:31.599 25142 25142 I dalvikvm: Turning on JNI app bug workarounds for target SDK version 11...
07-19 04:51:31.720 25142 25142 I ActivityThread: Pub com.twitter.android.provider.GlobalDatabaseProvider: com.twitter.android.provider.GlobalDatabaseProvider
07-19 04:51:31.735 25142 25142 I ActivityThread: Pub com.twitter.android.provider.TwitterProvider: com.twitter.android.provider.TwitterProvider
07-19 04:51:31.977 25142 25145 D dalvikvm: GC_CONCURRENT freed 179K, 4% free 9297K/9607K, paused 11ms+2ms
07-19 04:51:32.165   144 14994 I ActivityManager: Process android.process.acore (pid 25124) has died.
07-19 04:51:32.372 25142 25145 D dalvikvm: GC_CONCURRENT freed 219K, 4% free 9516K/9863K, paused 7ms+1ms
07-19 04:51:32.513 25142 25145 D dalvikvm: GC_CONCURRENT freed 287K, 5% free 9638K/10055K, paused 1ms+2ms
07-19 04:51:32.634 25142 25145 D dalvikvm: GC_CONCURRENT freed 289K, 5% free 9761K/10183K, paused 2ms+2ms
07-19 04:51:32.763 25142 25145 D dalvikvm: GC_CONCURRENT freed 301K, 5% free 9888K/10311K, paused 1ms+2ms
07-19 04:51:32.888 25142 25145 D dalvikvm: GC_CONCURRENT freed 294K, 5% free 10013K/10439K, paused 2ms+2ms
07-19 04:51:33.017 25142 25145 D dalvikvm: GC_CONCURRENT freed 295K, 5% free 10141K/10567K, paused 2ms+2ms
07-19 04:51:33.145 25142 25145 D dalvikvm: GC_CONCURRENT freed 296K, 4% free 10268K/10695K, paused 1ms+2ms
07-19 04:51:33.341 25142 25145 D dalvikvm: GC_CONCURRENT freed 480K, 6% free 10221K/10823K, paused 2ms+2ms
07-19 04:51:33.477 25142 25145 D dalvikvm: GC_CONCURRENT freed 323K, 5% free 10296K/10823K, paused 6ms+3ms
07-19 04:51:33.618 25142 25145 D dalvikvm: GC_CONCURRENT freed 323K, 5% free 10371K/10823K, paused 2ms+2ms
07-19 04:51:33.763 25142 25145 D dalvikvm: GC_CONCURRENT freed 356K, 5% free 10473K/10951K, paused 2ms+2ms
07-19 04:51:33.880 25142 25145 D dalvikvm: GC_CONCURRENT freed 340K, 5% free 10550K/11015K, paused 2ms+2ms
07-19 04:51:34.009 25142 25145 D dalvikvm: GC_CONCURRENT freed 322K, 4% free 10642K/11079K, paused 2ms+2ms
07-19 04:51:34.138 25142 25145 D dalvikvm: GC_CONCURRENT freed 367K, 5% free 10717K/11207K, paused 2ms+3ms
07-19 04:51:34.270 25142 25145 D dalvikvm: GC_CONCURRENT freed 396K, 5% free 10826K/11335K, paused 2ms+2ms
07-19 04:51:35.474 25142 25145 D dalvikvm: GC_CONCURRENT freed 325K, 4% free 11013K/11463K, paused 2ms+2ms
07-19 04:51:40.720   435   435 D dalvikvm: GC_EXPLICIT freed <1K, 4% free 9033K/9347K, paused 20ms+2ms
07-19 04:51:45.696   321   321 D dalvikvm: GC_EXPLICIT freed <1K, 24% free 10155K/13191K, paused 28ms+3ms
07-19 04:51:50.724 13970 13970 D dalvikvm: GC_EXPLICIT freed <1K, 6% free 9759K/10375K, paused 25ms+3ms
07-19 04:51:56.255   144 14994 I ActivityManager: Start proc com.google.android.apps.maps:LocationFriendService for service com.google.android.apps.maps/com.google.googlenav.friend.reporting.LocationReceiverService: pid=25160 uid=10056 gids={3003, 1015}
07-19 04:51:56.341   144   378 I ActivityManager: Process com.twitter.android (pid 25142) has died.
07-19 04:51:56.384 25160 25162 D dalvikvm: GC_CONCURRENT freed 161K, 3% free 9371K/9607K, paused 2ms+2ms
07-19 04:51:56.446 24654 24656 D dalvikvm: GC_CONCURRENT freed 499K, 7% free 10402K/11079K, paused 2ms+68ms
07-19 04:51:56.575 25160 25162 D dalvikvm: GC_CONCURRENT freed 129K, 3% free 9671K/9927K, paused 8ms+2ms
07-19 04:51:56.841 25160 25162 D dalvikvm: GC_CONCURRENT freed 312K, 4% free 9848K/10247K, paused 2ms+3ms
07-19 04:51:56.907 25160 25167 I dalvikvm: Total arena pages for JIT: 11
07-19 04:51:56.907 25160 25167 I dalvikvm: Total arena pages for JIT: 12
07-19 04:51:56.907 25160 25167 I dalvikvm: Total arena pages for JIT: 13
07-19 04:51:56.907 25160 25167 I dalvikvm: Total arena pages for JIT: 14
07-19 04:51:56.907 25160 25167 I dalvikvm: Total arena pages for JIT: 15
07-19 04:51:56.907 25160 25167 I dalvikvm: Total arena pages for JIT: 16
07-19 04:51:56.907 25160 25167 I dalvikvm: Total arena pages for JIT: 17
07-19 04:51:57.024 25160 25162 D dalvikvm: GC_CONCURRENT freed 328K, 4% free 9976K/10375K, paused 1ms+3ms
07-19 04:52:07.052   215   215 D dalvikvm: GC_EXPLICIT freed 41K, 56% free 10154K/22727K, paused 23ms+3ms
07-19 04:52:07.099 22976 22989 I PhoneLab-: Service Running
07-19 04:52:07.169 22976 22989 I PhoneLab-LoggerService: app_37    1395  1     1432   980   c00f181c 400107b4 S logcat
07-19 04:52:07.169 22976 22989 I PhoneLab-LoggerService: Logcat pid from database 1395
07-19 04:52:07.169 22976 22989 I PhoneLab-LoggerService: Logcat process found 1395
07-19 04:52:07.169 22976 22989 I PhoneLab-LoggerService: Checking Threshold
07-19 04:52:07.173 22976 22989 I PhoneLab-LoggerService: Starting to rename files
07-19 04:52:07.173 22976 22989 I PhoneLab-LoggerService: Files found .. 2
07-19 04:52:12.091 22934 22934 D dalvikvm: GC_EXPLICIT freed 14K, 4% free 9128K/9479K, paused 22ms+2ms
07-19 04:52:17.059 23161 23161 D dalvikvm: GC_EXPLICIT freed <1K, 4% free 9051K/9347K, paused 30ms+2ms
07-19 04:52:22.091 23515 23515 D dalvikvm: GC_EXPLICIT freed <1K, 6% free 9658K/10183K, paused 25ms+2ms
07-19 04:52:27.091 24347 24347 D dalvikvm: GC_EXPLICIT freed 17K, 7% free 9877K/10567K, paused 31ms+2ms
07-19 04:52:32.102 24654 24654 D dalvikvm: GC_EXPLICIT freed 14K, 7% free 10390K/11079K, paused 24ms+3ms
07-19 04:52:35.446   144   317 I ActivityManager: Process com.google.android.apps.maps:LocationFriendService (pid 25160) has died.
07-19 04:52:35.950   144   199 D DhcpInfoInternal: makeLinkProperties with empty dns2!
07-19 04:52:35.950   144   199 D DhcpInfoInternal: makeLinkProperties with empty dns2!
07-19 04:52:42.708   359   359 D dalvikvm: GC_EXPLICIT freed <1K, 6% free 9096K/9607K, paused 21ms+2ms
07-19 04:52:47.665  3217  3217 W ThumbnailCache: Low Memory: Freed 0 textures from compression queue, 0 from write queue, 0 from the pinned list, 0 from the cache.
07-19 04:52:47.755  3217  3217 D dalvikvm: GC_EXPLICIT freed 1K, 20% free 12146K/15111K, paused 49ms+3ms
07-19 04:52:52.743  3452  3452 D dalvikvm: GC_EXPLICIT freed <1K, 4% free 9238K/9543K, paused 20ms+2ms
07-19 04:52:56.309   144 14192 I ActivityManager: Start proc com.google.android.apps.maps:LocationFriendService for service com.google.android.apps.maps/com.google.googlenav.friend.reporting.LocationReceiverService: pid=25203 uid=10056 gids={3003, 1015}
07-19 04:52:56.427 25203 25206 D dalvikvm: GC_CONCURRENT freed 163K, 3% free 9368K/9607K, paused 2ms+2ms
07-19 04:52:56.622 25203 25206 D dalvikvm: GC_CONCURRENT freed 164K, 3% free 9680K/9927K, paused 8ms+3ms
07-19 04:52:56.809 25203 25206 D dalvikvm: GC_CONCURRENT freed 310K, 5% free 9885K/10311K, paused 6ms+2ms
07-19 04:52:56.942   144  1168 I ActivityManager: Process com.xabber.androiddev (pid 24937) has died.
07-19 04:52:56.942   144  1168 W ActivityManager: Scheduling restart of crashed service com.xabber.androiddev/com.xabber.android.service.XMPPService in 5000ms
07-19 04:52:56.989 25203 25206 D dalvikvm: GC_CONCURRENT freed 377K, 5% free 9945K/10439K, paused 2ms+2ms
07-19 04:53:02.005 25226 25226 D dalvikvm: Late-enabling CheckJNI
07-19 04:53:02.005   144   161 I ActivityManager: Start proc com.xabber.androiddev for service com.xabber.androiddev/com.xabber.android.service.XMPPService: pid=25226 uid=10063 gids={3003, 1015}
07-19 04:53:02.024 25226 25226 I dalvikvm: Turning on JNI app bug workarounds for target SDK version 9...
07-19 04:53:02.341 25226 25229 D dalvikvm: GC_CONCURRENT freed 214K, 4% free 9317K/9607K, paused 7ms+4ms
07-19 04:53:02.395 25226 25226 D dalvikvm: GC_FOR_ALLOC freed 326K, 5% free 9473K/9927K, paused 14ms
07-19 04:53:02.513 25226 25229 D dalvikvm: GC_CONCURRENT freed 190K, 3% free 9854K/10119K, paused 1ms+3ms
07-19 04:53:02.677 25226 25229 D dalvikvm: GC_CONCURRENT freed 361K, 5% free 10066K/10503K, paused 2ms+3ms
07-19 04:53:02.833 25226 25226 I com.xabber.android.service.XMPPService@41361250: onCreate
07-19 04:53:02.837 25226 25226 I com.xabber.android.data.Application@41353d78: onStart
07-19 04:53:02.860   144   310 I ActivityManager: Process com.google.android.apps.maps:LocationFriendService (pid 25203) has died.
07-19 04:53:02.868 25226 25240 I com.xabber.android.data.LogManager@41363c10: onLoad
07-19 04:53:03.024 25226 25229 D dalvikvm: GC_CONCURRENT freed 285K, 4% free 10208K/10631K, paused 2ms+3ms
07-19 04:53:03.122   144 15767 I ActivityManager: Start proc android.process.acore for content provider com.android.providers.contacts/.ContactsProvider2: pid=25242 uid=10000 gids={3003, 1015}
07-19 04:53:03.157 25242 25242 I ActivityThread: Pub call_log: com.android.providers.contacts.CallLogProvider
07-19 04:53:03.208 25242 25242 I ActivityThread: Pub com.android.voicemail: com.android.providers.contacts.VoicemailContentProvider
07-19 04:53:03.212 25242 25242 I ActivityThread: Pub user_dictionary: com.android.providers.userdictionary.UserDictionaryProvider
07-19 04:53:03.231 25242 25242 I ActivityThread: Pub com.android.social: com.android.providers.contacts.SocialProvider
07-19 04:53:03.235 25242 25242 I ActivityThread: Pub applications: com.android.providers.applications.ApplicationsProvider
07-19 04:53:03.392 25242 25244 D dalvikvm: GC_CONCURRENT freed 333K, 5% free 9150K/9607K, paused 2ms+3ms
07-19 04:53:03.442 25242 25242 I ActivityThread: Pub contacts;com.android.contacts: com.android.providers.contacts.ContactsProvider2
07-19 04:53:03.716 25242 25244 D dalvikvm: GC_CONCURRENT freed 233K, 4% free 9380K/9735K, paused 2ms+2ms
07-19 04:53:04.548 25242 25244 D dalvikvm: GC_CONCURRENT freed 263K, 5% free 9527K/9927K, paused 5ms+2ms
07-19 04:53:04.657 25226 25229 D dalvikvm: GC_CONCURRENT freed 221K, 4% free 10401K/10759K, paused 4ms+3ms
07-19 04:53:07.575 25226 25229 D dalvikvm: GC_CONCURRENT freed 258K, 4% free 10561K/10951K, paused 7ms+6ms
07-19 04:53:08.462 25226 25229 D dalvikvm: GC_CONCURRENT freed 353K, 5% free 10687K/11143K, paused 3ms+12ms
07-19 04:53:10.356 24485 24485 D dalvikvm: GC_EXPLICIT freed 30K, 5% free 9811K/10311K, paused 8ms+6ms
07-19 04:53:10.825 25226 25229 D dalvikvm: GC_CONCURRENT freed 337K, 5% free 10854K/11335K, paused 5ms+2ms
07-19 04:53:11.759 25268 25268 D dalvikvm: Late-enabling CheckJNI
07-19 04:53:11.767   144   161 I ActivityManager: Start proc com.chess for broadcast com.chess/.backend.AlarmReceiver: pid=25268 uid=10079 gids={3003, 1015}
07-19 04:53:11.790   144   144 I ActivityManager: Process android.process.acore (pid 25242) has died.
07-19 04:53:11.931 25268 25270 D dalvikvm: GC_CONCURRENT freed 169K, 3% free 9362K/9607K, paused 2ms+2ms
07-19 04:53:12.099 25268 25282 D GetStringObjTask: retrieving from url = http://www.chess.com/api/get_move_status?id=5HHjW9WUGa%2Bcu1LUwnVJPxTIWxmEve4VdkRnRyg7b5Ch69JH2Z5aB%2B7eGuFw8K2uFx47KFsdE3JRdR3Mzv0PkZOj6eZ8N73BvxmEERrzXjMNRo80rkLyJAUTh0iqof4n
07-19 04:53:12.993 25268 25282 D GetStringObjTask: WebRequest SERVER RESPONSE: Success+0
07-19 04:53:17.309   144   160 D dalvikvm: GC_EXPLICIT freed 774K, 23% free 18690K/24199K, paused 50ms+9ms
07-19 04:53:22.247   346   346 D dalvikvm: GC_EXPLICIT freed 3K, 10% free 11911K/13191K, paused 39ms+3ms
07-19 04:53:27.149   435   435 D dalvikvm: GC_EXPLICIT freed <1K, 4% free 9033K/9347K, paused 18ms+2ms
07-19 04:53:32.184   321   321 D dalvikvm: GC_EXPLICIT freed <1K, 24% free 10155K/13191K, paused 18ms+2ms
07-19 04:53:37.204 13970 13970 D dalvikvm: GC_EXPLICIT freed <1K, 6% free 9759K/10375K, paused 22ms+2ms
07-19 04:53:42.181   215   215 D dalvikvm: GC_EXPLICIT freed 36K, 56% free 10153K/22727K, paused 26ms+4ms
07-19 04:53:47.192 22934 22934 D dalvikvm: GC_EXPLICIT freed 8K, 4% free 9125K/9479K, paused 20ms+3ms
07-19 04:53:52.208 23161 23161 D dalvikvm: GC_EXPLICIT freed <1K, 4% free 9051K/9347K, paused 25ms+2ms
07-19 04:53:56.454   144   144 I ActivityManager: Start proc com.google.android.apps.maps:LocationFriendService for service com.google.android.apps.maps/com.google.googlenav.friend.reporting.LocationReceiverService: pid=25285 uid=10056 gids={3003, 1015}
07-19 04:53:56.583 24654 24656 D dalvikvm: GC_CONCURRENT freed 494K, 7% free 10408K/11079K, paused 2ms+52ms
07-19 04:53:56.622 25285 25288 D dalvikvm: GC_CONCURRENT freed 173K, 3% free 9358K/9607K, paused 2ms+2ms
07-19 04:53:57.102 25285 25288 D dalvikvm: GC_CONCURRENT freed 169K, 4% free 9681K/9991K, paused 28ms+3ms
07-19 04:53:57.196   144   156 I ActivityManager: Process com.chess (pid 25268) has died.
07-19 04:53:57.415 25285 25288 D dalvikvm: GC_CONCURRENT freed 277K, 5% free 9836K/10247K, paused 2ms+2ms
07-19 04:53:57.606 25285 25288 D dalvikvm: GC_CONCURRENT freed 328K, 5% free 9970K/10439K, paused 5ms+3ms
07-19 04:54:05.325   359   359 D dalvikvm: GC_EXPLICIT freed <1K, 6% free 9096K/9607K, paused 26ms+3ms
07-19 04:54:07.126 22976 22989 I PhoneLab-: Service Running
07-19 04:54:07.243   144  6618 I ActivityManager: Process com.google.android.apps.maps:LocationFriendService (pid 25285) has died.
07-19 04:54:07.255 22976 22989 I PhoneLab-LoggerService: app_37    1395  1     1432   980   c00f181c 400107b4 S logcat
07-19 04:54:07.259 22976 22989 I PhoneLab-LoggerService: Logcat pid from database 1395
07-19 04:54:07.259 22976 22989 I PhoneLab-LoggerService: Logcat process found 1395
07-19 04:54:07.259 22976 22989 I PhoneLab-LoggerService: Checking Threshold
07-19 04:54:07.259 22976 22989 I PhoneLab-LoggerService: Starting to rename files
07-19 04:54:07.259 22976 22989 I PhoneLab-LoggerService: Files found .. 2
07-19 04:54:12.274  3217  3217 W ThumbnailCache: Low Memory: Freed 0 textures from compression queue, 0 from write queue, 0 from the pinned list, 0 from the cache.
07-19 04:54:12.364  3217  3217 D dalvikvm: GC_EXPLICIT freed 257K, 20% free 12169K/15111K, paused 27ms+3ms
07-19 04:54:17.352  3452  3452 D dalvikvm: GC_EXPLICIT freed <1K, 4% free 9238K/9543K, paused 24ms+2ms
07-19 04:54:22.352 24485 24485 D dalvikvm: GC_EXPLICIT freed 31K, 5% free 9804K/10311K, paused 24ms+3ms
07-19 04:54:27.392   144   160 D dalvikvm: JIT code cache reset in 5 ms (1048400 bytes 81/0)
07-19 04:54:27.399   144   160 D dalvikvm: GC_EXPLICIT freed 152K, 23% free 18659K/24199K, paused 32ms+13ms
07-19 04:54:32.356   346   346 D dalvikvm: GC_EXPLICIT freed 1K, 10% free 11911K/13191K, paused 40ms+3ms
07-19 04:54:37.368   435   435 D dalvikvm: GC_EXPLICIT freed <1K, 4% free 9033K/9347K, paused 19ms+2ms
07-19 04:54:42.345   321   321 D dalvikvm: GC_EXPLICIT freed <1K, 24% free 10155K/13191K, paused 17ms+3ms
07-19 04:54:47.356 13970 13970 D dalvikvm: GC_EXPLICIT freed <1K, 6% free 9759K/10375K, paused 21ms+3ms
07-19 04:54:52.407   215   215 D dalvikvm: GC_EXPLICIT freed 21K, 56% free 10153K/22727K, paused 29ms+7ms
07-19 04:54:56.481   144   390 I ActivityManager: Start proc com.google.android.apps.maps:LocationFriendService for service com.google.android.apps.maps/com.google.googlenav.friend.reporting.LocationReceiverService: pid=25311 uid=10056 gids={3003, 1015}
07-19 04:54:56.591   144   378 D dalvikvm: GC_EXPLICIT freed 179K, 23% free 18655K/24199K, paused 3ms+7ms
07-19 04:54:56.696 25311 25314 D dalvikvm: GC_CONCURRENT freed 176K, 3% free 9356K/9607K, paused 2ms+2ms
07-19 04:54:56.903 25311 25314 D dalvikvm: GC_CONCURRENT freed 211K, 3% free 9703K/9991K, paused 1ms+3ms
07-19 04:54:57.059 25311 25314 D dalvikvm: GC_CONCURRENT freed 317K, 4% free 9909K/10311K, paused 2ms+2ms
07-19 04:55:00.786   144  6618 I ActivityManager: Process com.google.android.apps.maps:LocationFriendService (pid 25311) has died.
07-19 04:55:00.860   144   199 D DhcpInfoInternal: makeLinkProperties with empty dns2!
07-19 04:55:00.860   144   199 D DhcpInfoInternal: makeLinkProperties with empty dns2!
07-19 04:55:02.509   144 25347 I ActivityManager: Applications Memory Usage (kB):
07-19 04:55:02.509   144 25347 I ActivityManager: Uptime: 225011334 Realtime: 304970177
07-19 04:55:02.509   144 25347 I ActivityManager: Total PSS by OOM adjustment:
07-19 04:55:02.509   144 25347 I ActivityManager:     29389 kB: System
07-19 04:55:02.509   144 25347 I ActivityManager:                29389 kB: system (pid 144)
07-19 04:55:02.509   144 25347 I ActivityManager:     28947 kB: Persistent
07-19 04:55:02.509   144 25347 I ActivityManager:                13233 kB: com.android.systemui (pid 215)
07-19 04:55:02.509   144 25347 I ActivityManager:                11763 kB: com.android.phone (pid 346)
07-19 04:55:02.509   144 25347 I ActivityManager:                 3951 kB: com.android.nfc (pid 359)
07-19 04:55:02.509   144 25347 I ActivityManager:    104856 kB: Foreground
07-19 04:55:02.509   144 25347 I ActivityManager:                63385 kB: com.android.chrome (pid 3217)
07-19 04:55:02.509   144 25347 I ActivityManager:                41471 kB: com.android.chrome:sandboxed_process1 (pid 3452)
07-19 04:55:02.509   144 25347 I ActivityManager:     26590 kB: Visible
07-19 04:55:02.509   144 25347 I ActivityManager:                14595 kB: com.google.android.gsf.login (pid 13970)
07-19 04:55:02.509   144 25347 I ActivityManager:                 9148 kB: com.google.process.gapps (pid 24485)
07-19 04:55:02.509   144 25347 I ActivityManager:                 2847 kB: com.android.smspush (pid 435)
07-19 04:55:02.509   144 25347 I ActivityManager:      6703 kB: Perceptible
07-19 04:55:02.509   144 25347 I ActivityManager:                 6703 kB: com.klye.ime.latin (pid 321)
07-19 04:55:02.509   144 25347 I ActivityManager:     30557 kB: A Services
07-19 04:55:02.509   144 25347 I ActivityManager:                 9664 kB: com.xabber.androiddev (pid 25226)
07-19 04:55:02.509   144 25347 I ActivityManager:                 9501 kB: com.facebook.katana (pid 24241)
07-19 04:55:02.509   144 25347 I ActivityManager:                 8084 kB: com.google.android.apps.maps:NetworkLocationService (pid 24654)
07-19 04:55:02.509   144 25347 I ActivityManager:                 3308 kB: edu.buffalo.cse.phonelab.phonelabservices (pid 22976)
07-19 04:55:02.509   144 25347 I ActivityManager:     24599 kB: B Services
07-19 04:55:02.509   144 25347 I ActivityManager:                 7416 kB: com.google.android.apps.maps (pid 24751)
07-19 04:55:02.509   144 25347 I ActivityManager:                 5978 kB: com.whatsapp (pid 24347)
07-19 04:55:02.509   144 25347 I ActivityManager:                 5067 kB: com.google.android.apps.googlevoice (pid 23515)
07-19 04:55:02.509   144 25347 I ActivityManager:                 3413 kB: com.apksoftware.compass (pid 22934)
07-19 04:55:02.509   144 25347 I ActivityManager:                 2725 kB: com.android.sprintmenu (pid 23161)
07-19 04:55:02.509   144 25347 I ActivityManager: 
07-19 04:55:02.509   144 25347 I ActivityManager: Total PSS: 251641 kB
07-19 04:55:02.509   144 25347 I ActivityManager:   PID      Vss      Rss      Pss      Uss  cmdline
07-19 04:55:02.509   144 25347 I ActivityManager:  3217   86628K   86536K   63521K   57420K  com.android.chrome
07-19 04:55:02.509   144 25347 I ActivityManager:  3452   60312K   60208K   41519K   38048K  com.android.chrome:sandboxed_process1
07-19 04:55:02.509   144 25347 I ActivityManager:   144   44968K   44900K   29439K   28420K  system_server
07-19 04:55:02.509   144 25347 I ActivityManager: 13970   30404K   30324K   14665K   13756K  com.google.android.gsf.login
07-19 04:55:02.509   144 25347 I ActivityManager:   215   32304K   32088K   13280K    9340K  com.android.systemui
07-19 04:55:02.509   144 25347 I ActivityManager:    78   21124K   18124K   12233K    7092K  /system/bin/surfaceflinger
07-19 04:55:02.509   144 25347 I ActivityManager:   346   26844K   26772K   11810K   10960K  com.android.phone
07-19 04:55:02.509   144 25347 I ActivityManager: 25226   30652K   30592K    9717K    7724K  com.xabber.androiddev
07-19 04:55:02.509   144 25347 I ActivityManager: 24241   29116K   29012K    9552K    8124K  com.facebook.katana
07-19 04:55:02.509   144 25347 I ActivityManager: 24485   29440K   29348K    9199K    7620K  com.google.process.gapps
07-19 04:55:02.509   144 25347 I ActivityManager: 24654   28636K   28576K    8138K    6004K  com.google.android.apps.maps:NetworkLocationService
07-19 04:55:02.509   144 25347 I ActivityManager: 24751   28376K   28276K    7470K    5368K  com.google.android.apps.maps
07-19 04:55:02.509   144 25347 I ActivityManager:   321   21932K   21832K    6751K    5896K  com.klye.ime.latin
07-19 04:55:02.509   144 25347 I ActivityManager: 24347   26276K   26180K    6028K    4528K  com.whatsapp
07-19 04:55:02.509   144 25347 I ActivityManager: 23515   24504K   24408K    5113K    3816K  com.google.android.apps.googlevoice
07-19 04:55:02.509   144 25347 I ActivityManager:   359   19268K   19172K    3996K    3140K  com.android.nfc
07-19 04:55:02.509   144 25347 I ActivityManager: 22934   22388K   22288K    3461K    2228K  com.apksoftware.compass
07-19 04:55:02.509   144 25347 I ActivityManager: 22976   22448K   22348K    3358K    2076K  edu.buffalo.cse.phonelab.phonelabservices
07-19 04:55:02.509   144 25347 I ActivityManager:   435   18516K   18404K    2895K    1940K  com.android.smspush
07-19 04:55:02.509   144 25347 I ActivityManager: 23161   21500K   21400K    2777K    1540K  com.android.sprintmenu
07-19 04:55:02.509   144 25347 I ActivityManager:    79   18608K   18480K    2161K    1064K  zygote
07-19 04:55:02.509   144 25347 I ActivityManager:    81    2136K    2136K    1813K    1788K  /system/bin/mediaserver
07-19 04:55:02.509   144 25347 I ActivityManager:    80     956K     956K     878K     876K  /system/bin/drmserver
07-19 04:55:02.509   144 25347 I ActivityManager:  1395     984K     980K     845K     840K  logcat
07-19 04:55:02.509   144 25347 I ActivityManager:    77     964K     964K     684K     668K  /system/bin/rild
07-19 04:55:02.509   144 25347 I ActivityManager: 25353     796K     788K     645K     624K  procrank
07-19 04:55:02.509   144 25347 I ActivityManager:   275     684K     680K     524K     516K  /system/bin/wpa_supplicant
07-19 04:55:02.509   144 25347 I ActivityManager:    88     440K     440K     424K     424K  /sbin/adbd
07-19 04:55:02.509   144 25347 I ActivityManager: 21204     612K     612K     414K     396K  /system/bin/netd
07-19 04:55:02.509   144 25347 I ActivityManager:   292     332K     332K     300K     300K  /system/bin/bluetoothd
07-19 04:55:02.509   144 25347 I ActivityManager:    72     384K     380K     294K     288K  /system/bin/vold
07-19 04:55:02.509   144 25347 I ActivityManager:    86     436K     432K     282K     276K  /system/vendor/bin/gpsd
07-19 04:55:02.509   144 25347 I ActivityManager: 28597     352K     348K     198K     192K  /system/bin/dhcpcd
07-19 04:55:02.509   144 25347 I ActivityManager:    82     220K     212K     184K     184K  /system/bin/dbus-daemon
07-19 04:55:02.509   144 25347 I ActivityManager:    85     200K     192K     160K     160K  /system/bin/keystore
07-19 04:55:02.509   144 25347 I ActivityManager:     1     204K     204K     142K     104K  /init
07-19 04:55:02.509   144 25347 I ActivityManager:   203     168K     160K     128K     128K  /system/bin/brcm_patchram_plus
07-19 04:55:02.509   144 25347 I ActivityManager:    61     160K     160K     122K      84K  /sbin/ueventd
07-19 04:55:02.509   144 25347 I ActivityManager:    87     140K     136K     104K     104K  /system/bin/sh
07-19 04:55:02.509   144 25347 I ActivityManager:    83     200K     192K      98K    
07-19 04:55:07.552   359   359 D dalvikvm: GC_EXPLICIT freed <1K, 6% free 9096K/9607K, paused 23ms+2ms
07-19 04:55:12.493  3217  3217 W ThumbnailCache: Low Memory: Freed 0 textures from compression queue, 0 from write queue, 0 from the pinned list, 0 from the cache.
07-19 04:55:12.563  3217  3217 D dalvikvm: GC_EXPLICIT freed 25K, 20% free 12145K/15111K, paused 28ms+3ms
07-19 04:55:17.575  3452  3452 D dalvikvm: GC_EXPLICIT freed <1K, 4% free 9238K/9543K, paused 22ms+3ms
07-19 04:55:22.602 24485 24485 D dalvikvm: GC_EXPLICIT freed 23K, 5% free 9805K/10311K, paused 23ms+2ms
07-19 04:55:27.450   144  1167 I ActivityManager: Start proc android.process.acore for content provider com.android.providers.contacts/.ContactsProvider2: pid=25354 uid=10000 gids={3003, 1015}
07-19 04:55:27.517    79    79 D dalvikvm: GC_EXPLICIT freed 38K, 4% free 9027K/9347K, paused 2ms+26ms
07-19 04:55:27.536 25354 25354 I ActivityThread: Pub call_log: com.android.providers.contacts.CallLogProvider
07-19 04:55:27.587 25354 25354 I ActivityThread: Pub com.android.voicemail: com.android.providers.contacts.VoicemailContentProvider
07-19 04:55:27.587 25354 25354 I ActivityThread: Pub user_dictionary: com.android.providers.userdictionary.UserDictionaryProvider
07-19 04:55:27.602    79    79 D dalvikvm: GC_EXPLICIT freed <1K, 4% free 9027K/9347K, paused 5ms+7ms
07-19 04:55:27.634 25354 25354 I ActivityThread: Pub com.android.social: com.android.providers.contacts.SocialProvider
07-19 04:55:27.634 25354 25354 I ActivityThread: Pub applications: com.android.providers.applications.ApplicationsProvider
07-19 04:55:27.696    79    79 D dalvikvm: GC_EXPLICIT freed <1K, 4% free 9027K/9347K, paused 3ms+8ms
07-19 04:55:27.716   144   160 D dalvikvm: GC_EXPLICIT freed 747K, 23% free 18662K/24199K, paused 5ms+20ms
07-19 04:55:27.770 25354 25356 D dalvikvm: GC_CONCURRENT freed 349K, 5% free 9146K/9607K, paused 2ms+2ms
07-19 04:55:27.786 25354 25354 I ActivityThread: Pub contacts;com.android.contacts: com.android.providers.contacts.ContactsProvider2
07-19 04:55:28.083 25354 25356 D dalvikvm: GC_CONCURRENT freed 193K, 4% free 9346K/9671K, paused 2ms+3ms
07-19 04:55:29.001 25354 25356 D dalvikvm: GC_CONCURRENT freed 266K, 5% free 9523K/9927K, paused 25ms+18ms
07-19 04:55:31.602 25354 25356 D dalvikvm: GC_CONCURRENT freed 274K, 5% free 9642K/10055K, paused 18ms+3ms
07-19 04:55:32.665   346   346 D dalvikvm: GC_EXPLICIT freed 2K, 10% free 11911K/13191K, paused 40ms+3ms
07-19 04:55:37.567   435   435 D dalvikvm: GC_EXPLICIT freed <1K, 4% free 9033K/9347K, paused 20ms+2ms
07-19 04:55:42.614   321   321 D dalvikvm: GC_EXPLICIT freed <1K, 24% free 10155K/13191K, paused 21ms+3ms
07-19 04:55:47.606 13970 13970 D dalvikvm: GC_EXPLICIT freed <1K, 6% free 9759K/10375K, paused 23ms+3ms
07-19 04:55:52.610   215   215 D dalvikvm: GC_EXPLICIT freed 28K, 56% free 10153K/22727K, paused 27ms+3ms
07-19 04:55:56.638 24654 24656 D dalvikvm: GC_CONCURRENT freed 508K, 7% free 10412K/11079K, paused 3ms+3ms
07-19 04:55:56.700   144 15767 I ActivityManager: Start proc com.google.android.apps.maps:LocationFriendService for service com.google.android.apps.maps/com.google.googlenav.friend.reporting.LocationReceiverService: pid=25372 uid=10056 gids={3003, 1015}
07-19 04:55:56.868 25372 25376 D dalvikvm: GC_CONCURRENT freed 153K, 3% free 9378K/9607K, paused 13ms+2ms
07-19 04:55:57.411 25372 25376 D dalvikvm: GC_CONCURRENT freed 151K, 3% free 9659K/9927K, paused 37ms+3ms
07-19 04:55:57.735 25372 25376 D dalvikvm: GC_CONCURRENT freed 280K, 4% free 9843K/10247K, paused 2ms+5ms
07-19 04:55:57.852 25372 25379 I dalvikvm: Total arena pages for JIT: 11
07-19 04:55:57.852 25372 25379 I dalvikvm: Total arena pages for JIT: 12
07-19 04:55:57.852 25372 25379 I dalvikvm: Total arena pages for JIT: 13
07-19 04:55:57.856 25372 25379 I dalvikvm: Total arena pages for JIT: 14
07-19 04:55:57.856 25372 25379 I dalvikvm: Total arena pages for JIT: 15
07-19 04:55:57.856 25372 25379 I dalvikvm: Total arena pages for JIT: 16
07-19 04:55:57.856 25372 25379 I dalvikvm: Total arena pages for JIT: 17
07-19 04:55:57.977 25372 25376 D dalvikvm: GC_CONCURRENT freed 331K, 5% free 9973K/10439K, paused 2ms+2ms
07-19 04:56:05.438 25226 25226 D dalvikvm: GC_EXPLICIT freed 250K, 6% free 10694K/11335K, paused 4ms+3ms
07-19 04:56:07.118 22976 22989 I PhoneLab-: Service Running
07-19 04:56:07.243 22976 22989 I PhoneLab-LoggerService: app_37    1395  1     1432   980   c00f181c 400107b4 S logcat
07-19 04:56:07.243 22976 22989 I PhoneLab-LoggerService: Logcat pid from database 1395
07-19 04:56:07.243 22976 22989 I PhoneLab-LoggerService: Logcat process found 1395
07-19 04:56:07.243 22976 22989 I PhoneLab-LoggerService: Checking Threshold
07-19 04:56:07.247 22976 22989 I PhoneLab-LoggerService: Starting to rename files
07-19 04:56:07.247 22976 22989 I PhoneLab-LoggerService: Files found .. 2
07-19 04:56:10.403 22934 22934 D dalvikvm: GC_EXPLICIT freed 13K, 4% free 9131K/9479K, paused 20ms+3ms
07-19 04:56:15.427 23161 23161 D dalvikvm: GC_EXPLICIT freed <1K, 4% free 9051K/9347K, paused 26ms+2ms
07-19 04:56:20.446 23515 23515 D dalvikvm: GC_EXPLICIT freed <1K, 6% free 9658K/10183K, paused 21ms+2ms
07-19 04:56:25.466 24347 24347 D dalvikvm: GC_EXPLICIT freed 75K, 7% free 9879K/10567K, paused 25ms+3ms
07-19 04:56:30.423 24654 24654 D dalvikvm: GC_EXPLICIT freed 39K, 7% free 10397K/11079K, paused 23ms+3ms
07-19 04:56:30.454   144   156 I ActivityManager: Process com.apksoftware.compass (pid 22934) has died.
07-19 04:56:30.454   144   156 W ActivityManager: Scheduling restart of crashed service com.apksoftware.compass/com.catchnotes.buy.CatchBuyService in 5000ms
07-19 04:56:35.462 24751 24751 D dalvikvm: GC_EXPLICIT freed 1K, 4% free 10926K/11271K, paused 26ms+3ms
07-19 04:56:35.462   144   161 I ActivityManager: Start proc com.apksoftware.compass for service com.apksoftware.compass/com.catchnotes.buy.CatchBuyService: pid=25396 uid=10091 gids={3003}
07-19 04:56:35.470 25396 25396 I dalvikvm: Turning on JNI app bug workarounds for target SDK version 8...
07-19 04:56:35.567 25396 25396 I BugSenseHandler: Registering default exceptions handler
07-19 04:56:35.567 25396 25396 D BugSenseHandler: Looking for exceptions in: /data/data/com.apksoftware.compass/files
07-19 04:56:35.575 25396 25396 D BugSenseHandler: Found 0 stacktrace(s)
07-19 04:56:35.606 25396 25396 W CatchBuyService: handleCommand received null intent
07-19 04:56:35.618   144 14192 I ActivityManager: Process edu.buffalo.cse.phonelab.phonelabservices (pid 22976) has died.
07-19 04:56:35.618   144 14192 W ActivityManager: Scheduling restart of crashed service edu.buffalo.cse.phonelab.phonelabservices/edu.buffalo.cse.phonelab.datalogger.LoggerService in 5000ms
07-19 04:56:36.915   144   174 I ActivityManager: Start proc com.twitter.android for service com.twitter.android/.client.AppService: pid=25415 uid=10064 gids={3003, 1015}
07-19 04:56:36.923 25415 25415 I dalvikvm: Turning on JNI app bug workarounds for target SDK version 11...
07-19 04:56:36.942   144  1168 I ActivityManager: Process android.process.acore (pid 25354) has died.
07-19 04:56:37.044 25415 25415 I ActivityThread: Pub com.twitter.android.provider.GlobalDatabaseProvider: com.twitter.android.provider.GlobalDatabaseProvider
07-19 04:56:37.056 25415 25415 I ActivityThread: Pub com.twitter.android.provider.TwitterProvider: com.twitter.android.provider.TwitterProvider
07-19 04:56:37.153 25415 25417 D dalvikvm: GC_CONCURRENT freed 179K, 4% free 9304K/9607K, paused 3ms+6ms
07-19 04:56:37.438 25415 25417 D dalvikvm: GC_CONCURRENT freed 218K, 4% free 9512K/9863K, paused 2ms+2ms
07-19 04:56:37.587 25415 25417 D dalvikvm: GC_CONCURRENT freed 285K, 5% free 9635K/10055K, paused 2ms+2ms
07-19 04:56:37.716 25415 25417 D dalvikvm: GC_CONCURRENT freed 295K, 5% free 9761K/10183K, paused 1ms+2ms
07-19 04:56:37.837 25415 25417 D dalvikvm: GC_CONCURRENT freed 298K, 5% free 9885K/10311K, paused 1ms+2ms
07-19 04:56:37.966 25415 25417 D dalvikvm: GC_CONCURRENT freed 295K, 5% free 10013K/10439K, paused 2ms+1ms
07-19 04:56:38.091 25415 25417 D dalvikvm: GC_CONCURRENT freed 297K, 5% free 10144K/10567K, paused 1ms+2ms
07-19 04:56:38.212 25415 25417 D dalvikvm: GC_CONCURRENT freed 296K, 4% free 10270K/10695K, paused 2ms+2ms
07-19 04:56:38.407 25415 25417 D dalvikvm: GC_CONCURRENT freed 473K, 6% free 10231K/10823K, paused 2ms+6ms
07-19 04:56:38.548 25415 25417 D dalvikvm: GC_CONCURRENT freed 330K, 5% free 10296K/10823K, paused 1ms+2ms
07-19 04:56:38.661 25415 25417 D dalvikvm: GC_CONCURRENT freed 322K, 5% free 10371K/10823K, paused 2ms+2ms
07-19 04:56:38.806 25415 25417 D dalvikvm: GC_CONCURRENT freed 356K, 5% free 10470K/10951K, paused 2ms+2ms
07-19 04:56:38.927 25415 25417 D dalvikvm: GC_CONCURRENT freed 343K, 5% free 10551K/11015K, paused 2ms+2ms
07-19 04:56:39.056 25415 25417 D dalvikvm: GC_CONCURRENT freed 324K, 5% free 10632K/11079K, paused 2ms+2ms
07-19 04:56:39.184 25415 25417 D dalvikvm: GC_CONCURRENT freed 364K, 5% free 10716K/11207K, paused 2ms+1ms
07-19 04:56:39.321 25415 25417 D dalvikvm: GC_CONCURRENT freed 409K, 5% free 10813K/11335K, paused 1ms+2ms
07-19 04:56:39.360   144  1168 I ActivityManager: Process com.google.android.apps.maps:LocationFriendService (pid 25372) has died.
07-19 04:56:40.552 25415 25417 D dalvikvm: GC_CONCURRENT freed 313K, 4% free 11021K/11463K, paused 2ms+2ms
07-19 04:56:40.630   144   161 I ActivityManager: Start proc edu.buffalo.cse.phonelab.phonelabservices for service edu.buffalo.cse.phonelab.phonelabservices/edu.buffalo.cse.phonelab.datalogger.LoggerService: pid=25433 uid=10037 gids={3003, 1015, 1007, 2001}
07-19 04:56:40.688 25433 25433 I PhoneLab-LoggerService: Start Logger Service
07-19 04:56:40.712 25433 25446 I PhoneLab-: Service Running
07-19 04:56:40.786 25433 25446 I PhoneLab-LoggerService: app_37    1395  1     1432   980   c00f181c 400107b4 S logcat
07-19 04:56:40.786 25433 25446 I PhoneLab-LoggerService: Logcat pid from database 1395
07-19 04:56:40.786 25433 25446 I PhoneLab-LoggerService: Logcat process found 1395
07-19 04:56:40.790 25433 25446 I PhoneLab-LoggerService: Checking Threshold
07-19 04:56:40.790 25433 25446 I PhoneLab-LoggerService: Starting to rename files
07-19 04:56:40.790 25433 25446 I PhoneLab-LoggerService: Files found .. 2
07-19 04:56:42.356 25415 25417 D dalvikvm: GC_CONCURRENT freed 453K, 5% free 11166K/11719K, paused 2ms+4ms
07-19 04:56:42.782   144   388 I ActivityManager: Process com.twitter.android (pid 25415) has died.
07-19 04:56:47.880   359   359 D dalvikvm: GC_EXPLICIT freed <1K, 6% free 9096K/9607K, paused 21ms+2ms
07-19 04:56:52.856  3217  3217 W ThumbnailCache: Low Memory: Freed 0 textures from compression queue, 0 from write queue, 0 from the pinned list, 0 from the cache.
07-19 04:56:52.974  3217  3217 D dalvikvm: GC_EXPLICIT freed 1K, 20% free 12145K/15111K, paused 26ms+4ms
07-19 04:56:56.661   144   342 I ActivityManager: Start proc com.google.android.apps.maps:LocationFriendService for service com.google.android.apps.maps/com.google.googlenav.friend.reporting.LocationReceiverService: pid=25452 uid=10056 gids={3003, 1015}
07-19 04:56:56.778 25452 25455 D dalvikvm: GC_CONCURRENT freed 163K, 3% free 9368K/9607K, paused 2ms+2ms
07-19 04:56:56.970 25452 25455 D dalvikvm: GC_CONCURRENT freed 133K, 3% free 9680K/9927K, paused 3ms+4ms
07-19 04:56:57.442 25452 25455 D dalvikvm: GC_CONCURRENT freed 308K, 5% free 9835K/10247K, paused 2ms+5ms
07-19 04:56:57.559 25452 25459 I dalvikvm: Total arena pages for JIT: 11
07-19 04:56:57.559 25452 25459 I dalvikvm: Total arena pages for JIT: 12
07-19 04:56:57.559 25452 25459 I dalvikvm: Total arena pages for JIT: 13
07-19 04:56:57.559 25452 25459 I dalvikvm: Total arena pages for JIT: 14
07-19 04:56:57.559 25452 25459 I dalvikvm: Total arena pages for JIT: 15
07-19 04:56:57.563 25452 25459 I dalvikvm: Total arena pages for JIT: 16
07-19 04:56:57.563 25452 25459 I dalvikvm: Total arena pages for JIT: 17
07-19 04:56:57.688 25452 25455 D dalvikvm: GC_CONCURRENT freed 328K, 5% free 9971K/10439K, paused 1ms+2ms
07-19 04:57:00.118   144 12390 I ActivityManager: Process com.google.android.apps.maps:LocationFriendService (pid 25452) has died.
07-19 04:57:05.212  3452  3452 D dalvikvm: GC_EXPLICIT freed <1K, 4% free 9238K/9543K, paused 20ms+2ms
07-19 04:57:10.692   144   174 I ActivityManager: Start proc com.google.android.gm for service com.google.android.gm/.provider.MailIndexerService: pid=25477 uid=10075 gids={3003, 1015}
07-19 04:57:10.712   144   174 I ActivityManager: Start proc com.google.android.apps.plus for service com.google.android.apps.plus/.service.EsService: pid=25490 uid=10060 gids={3003, 3002, 1015, 1006}
07-19 04:57:10.931 25477 25477 I ActivityThread: Pub gmail-ls: com.google.android.gm.provider.MailProvider
07-19 04:57:10.962 25477 25477 I ActivityThread: Pub com.google.android.gm: com.google.android.gm.provider.PublicContentProvider
07-19 04:57:11.157 25477 25477 I ActivityThread: Pub com.google.android.gmail.SuggestionProvider: com.google.android.gm.SuggestionsProvider
07-19 04:57:11.282 25490 25493 D dalvikvm: GC_CONCURRENT freed 164K, 3% free 9367K/9607K, paused 6ms+5ms
07-19 04:57:11.536 25490 25490 I ActivityThread: Pub com.google.android.apps.plus.content.ApiProvider: com.google.android.apps.plus.content.EsApiProvider
07-19 04:57:11.579 25490 25490 I ActivityThread: Pub com.google.android.apps.plus.content.EsGooglePhotoProvider: com.google.android.picasasync.PicasaContentProvider
07-19 04:57:11.642 25477 25479 D dalvikvm: GC_CONCURRENT freed 210K, 4% free 9256K/9543K, paused 36ms+2ms
07-19 04:57:11.681 25490 25493 D dalvikvm: GC_CONCURRENT freed 336K, 5% free 9576K/9991K, paused 1ms+2ms
07-19 04:57:11.708 25490 25490 I ActivityThread: Pub com.google.android.apps.plus.content.EsPicasaStoreProvider: com.google.android.picasastore.PicasaPhotoContentProvider
07-19 04:57:11.716 25490 25490 I ActivityThread: Pub com.google.plus.platform: com.google.android.apps.plus.content.AdsProvider
07-19 04:57:11.716 25490 25490 I ActivityThread: Pub com.google.android.apps.plus.iu.EsGoogleIuProvider: com.google.android.apps.plus.iu.InstantUploadProvider
07-19 04:57:11.825 25490 25493 D dalvikvm: GC_CONCURRENT freed 500K, 6% free 9605K/10183K, paused 2ms+14ms
07-19 04:57:11.833 25490 25490 I ActivityThread: Pub com.google.android.apps.plus.content.EsProvider: com.google.android.apps.plus.content.EsProvider
07-19 04:57:11.845   144 12390 I ActivityManager: Start proc android.process.media for content provider com.android.providers.media/.MediaProvider: pid=25511 uid=10012 gids={1015, 1023, 1024, 2001, 3003, 3007}
07-19 04:57:12.024 25511 25511 I ActivityThread: Pub downloads: com.android.providers.downloads.DownloadProvider
07-19 04:57:12.102 25511 25511 I ActivityThread: Pub drm: com.android.providers.drm.DrmProvider
07-19 04:57:12.102 25511 25526 I DownloadManager: in removeSpuriousFiles
07-19 04:57:12.122 25511 25526 I DownloadManager: in removeSpuriousFiles, preserving file /data/data/com.android.providers.downloads/cache/metadata.json
07-19 04:57:12.122 25511 25526 I DownloadManager: in removeSpuriousFiles, preserving file /data/data/com.android.providers.downloads/cache/en_general.htm
07-19 04:57:12.126 25511 25526 I DownloadManager: in removeSpuriousFiles, preserving file /mnt/sdcard/Download/img-thing.jpeg
07-19 04:57:12.126 25511 25526 I DownloadManager: in removeSpuriousFiles, preserving file /data/data/com.android.providers.downloads/cache/metadata-1.json
07-19 04:57:12.126 25511 25526 I DownloadManager: in removeSpuriousFiles, preserving file /data/data/com.android.providers.downloads/cache/downloadfile.jpeg
07-19 04:57:12.126 25511 25526 I DownloadManager: in removeSpuriousFiles, preserving file /data/data/com.android.providers.downloads/cache/metadata-2.json
07-19 04:57:12.126 25511 25526 I DownloadManager: in removeSpuriousFiles, preserving file /data/data/com.android.providers.downloads/cache/metadata-3.json
07-19 04:57:12.126 25511 25526 I DownloadManager: in removeSpuriousFiles, preserving file /data/data/com.android.providers.downloads/cache/downloadfile-1.jpeg
07-19 04:57:12.126 25511 25526 I DownloadManager: in removeSpuriousFiles, preserving file /data/data/com.android.providers.downloads/cache/downloadfile-2.jpeg
07-19 04:57:12.126 25511 25526 I DownloadManager: in removeSpuriousFiles, preserving file /data/data/com.android.providers.downloads/cache/metadata-4.json
07-19 04:57:12.126 25511 25526 I DownloadManager: in removeSpuriousFiles, preserving file /data/data/com.android.providers.downloads/cache/metadata-5.json
07-19 04:57:12.126 25511 25526 I DownloadManager: in removeSpuriousFiles, preserving file /data/data/com.android.providers.downloads/cache/metadata-6.json
07-19 04:57:12.126 25511 25526 I DownloadManager: deleting spurious file /cache/backup
07-19 04:57:12.138 25511 25511 I ActivityThread: Pub media: com.android.providers.media.MediaProvider
07-19 04:57:12.306 25490 25528 D dalvikvm: GC_FOR_ALLOC freed 171K, 4% free 9853K/10247K, paused 49ms
07-19 04:57:12.548 25490 25493 D dalvikvm: GC_CONCURRENT freed 172K, 3% free 10129K/10439K, paused 2ms+3ms
07-19 04:57:12.595 25511 25513 D dalvikvm: GC_CONCURRENT freed 368K, 5% free 9164K/9607K, paused 2ms+2ms
07-19 04:57:12.727 25490 25510 D PicasaPhotoCP: set fsid first time:-1
07-19 04:57:12.868 25477 25508 I Gmail   : calculateUnknownSyncRationalesAndPurgeInBackground: queueing
07-19 04:57:12.884 25477 25508 I Gmail   : calculateUnknownSyncRationalesAndPurgeInBackground: queueing
07-19 04:57:12.903 25477 25508 I Gmail   : calculateUnknownSyncRationalesAndPurgeInBackground: running
07-19 04:57:12.907 25477 25508 I Gmail   : calculateUnknownSyncRationalesAndPurgeInBackground: running
07-19 04:57:12.950 25490 25493 D dalvikvm: GC_CONCURRENT freed 243K, 4% free 10326K/10695K, paused 2ms+2ms
07-19 04:57:13.013 25490 25525 D dalvikvm: GC_FOR_ALLOC freed 147K, 4% free 10452K/10823K, paused 24ms
07-19 04:57:13.044 25490 25525 D dalvikvm: GC_FOR_ALLOC freed 126K, 5% free 10580K/11079K, paused 24ms
07-19 04:57:13.067 25490 25525 D dalvikvm: GC_FOR_ALLOC freed 311K, 6% free 10573K/11143K, paused 19ms
07-19 04:57:13.091 25490 25525 D dalvikvm: GC_FOR_ALLOC freed 62K, 5% free 10637K/11143K, paused 20ms
07-19 04:57:13.114 25490 25525 D dalvikvm: GC_FOR_ALLOC freed 126K, 4% free 10765K/11143K, paused 20ms
07-19 04:57:13.142 25490 25525 D dalvikvm: GC_FOR_ALLOC freed 369K, 6% free 10820K/11463K, paused 19ms
07-19 04:57:13.165 25490 25525 D dalvikvm: GC_FOR_ALLOC freed 126K, 5% free 10948K/11463K, paused 20ms
07-19 04:57:13.302 25490 25493 D dalvikvm: GC_CONCURRENT freed 338K, 5% free 11179K/11655K, paused 2ms+3ms
07-19 04:57:13.442 25490 25493 D dalvikvm: GC_CONCURRENT freed 126K, 3% free 11652K/11911K, paused 2ms+2ms
07-19 04:57:13.688 25490 25493 D dalvikvm: GC_CONCURRENT freed 340K, 4% free 12172K/12615K, paused 5ms+5ms
07-19 04:57:13.888 25490 25493 D dalvikvm: GC_CONCURRENT freed 421K, 5% free 12697K/13255K, paused 2ms+2ms
07-19 04:57:14.126   144 15767 I ActivityManager: Process com.google.android.gm (pid 25477) has died.
07-19 04:57:14.157 25490 25527 I SqliteDatabaseCpp: sqlite returned: error code = 1, msg = no such column: wipeout_stats, db=/data/data/com.google.android.apps.plus/databases/es0.db
07-19 04:57:14.157 25490 25527 W System.err: android.database.sqlite.SQLiteException: no such column: wipeout_stats: , while compiling: SELECT wipeout_stats  FROM account_status
07-19 04:57:14.169 25490 25527 W System.err: 	at android.database.sqlite.SQLiteCompiledSql.native_compile(Native Method)
07-19 04:57:14.169 25490 25527 W System.err: 	at android.database.sqlite.SQLiteCompiledSql.<init>(SQLiteCompiledSql.java:68)
07-19 04:57:14.169 25490 25527 W System.err: 	at android.database.sqlite.SQLiteProgram.compileSql(SQLiteProgram.java:143)
07-19 04:57:14.173 25490 25527 W System.err: 	at android.database.sqlite.SQLiteProgram.compileAndbindAllArgs(SQLiteProgram.java:361)
07-19 04:57:14.173 25490 25527 W System.err: 	at android.database.sqlite.SQLiteStatement.acquireAndLock(SQLiteStatement.java:260)
07-19 04:57:14.173 25490 25527 W System.err: 	at android.database.sqlite.SQLiteStatement.simpleQueryForLong(SQLiteStatement.java:137)
07-19 04:57:14.173 25490 25527 W System.err: 	at android.database.DatabaseUtils.longForQuery(DatabaseUtils.java:791)
07-19 04:57:14.173 25490 25527 W System.err: 	at android.database.DatabaseUtils.longForQuery(DatabaseUtils.java:779)
07-19 04:57:14.173 25490 25527 W System.err: 	at com.google.android.apps.plus.content.EsAccountsData.isContactsStatsWipeoutNeeded(EsAccountsData.java:641)
07-19 04:57:14.173 25490 25527 W System.err: 	at com.google.android.apps.plus.service.EsService.processIntent(EsService.java:4246)
07-19 04:57:14.173 25490 25527 W System.err: 	at com.google.android.apps.plus.service.ServiceThread$1.run(ServiceThread.java:50)
07-19 04:57:14.173 25490 25527 W System.err: 	at android.os.Handler.handleCallback(Handler.java:605)
07-19 04:57:14.173 25490 25527 W System.err: 	at android.os.Handler.dispatchMessage(Handler.java:92)
07-19 04:57:14.173 25490 25527 W System.err: 	at android.os.Looper.loop(Looper.java:137)
07-19 04:57:14.177 25490 25527 W System.err: 	at com.google.android.apps.plus.service.ServiceThread.run(ServiceThread.java:122)
07-19 04:57:15.278   144   174 D dalvikvm: GC_EXPLICIT freed 930K, 23% free 18718K/24199K, paused 33ms+9ms
07-19 04:57:19.309   144   160 D dalvikvm: GC_EXPLICIT freed 53K, 23% free 18673K/24199K, paused 23ms+9ms
07-19 04:57:24.267   346   346 D dalvikvm: GC_EXPLICIT freed 4K, 10% free 11911K/13191K, paused 37ms+4ms
07-19 04:57:25.255   144  1168 I ActivityManager: Process com.google.android.apps.plus (pid 25490) has died.
07-19 04:57:25.759   144   199 D DhcpInfoInternal: makeLinkProperties with empty dns2!
07-19 04:57:25.759   144   199 D DhcpInfoInternal: makeLinkProperties with empty dns2!
07-19 04:57:26.290   144   161 I ActivityManager: Start proc com.google.android.apps.plus for broadcast com.google.android.apps.plus/.service.CameraMonitor: pid=25553 uid=10060 gids={3003, 3002, 1015, 1006}
07-19 04:57:26.442 25553 25556 D dalvikvm: GC_CONCURRENT freed 169K, 3% free 9363K/9607K, paused 2ms+2ms
07-19 04:57:26.493 25553 25553 I ActivityThread: Pub com.google.android.apps.plus.content.ApiProvider: com.google.android.apps.plus.content.EsApiProvider
07-19 04:57:26.493 25553 25553 I ActivityThread: Pub com.google.android.apps.plus.content.EsGooglePhotoProvider: com.google.android.picasasync.PicasaContentProvider
07-19 04:57:26.559 25553 25556 D dalvikvm: GC_CONCURRENT freed 333K, 5% free 9576K/9991K, paused 2ms+1ms
07-19 04:57:26.587 25553 25553 I ActivityThread: Pub com.google.android.apps.plus.content.EsPicasaStoreProvider: com.google.android.picasastore.PicasaPhotoContentProvider
07-19 04:57:26.599 25553 25553 I ActivityThread: Pub com.google.plus.platform: com.google.android.apps.plus.content.AdsProvider
07-19 04:57:26.599 25553 25553 I ActivityThread: Pub com.google.android.apps.plus.iu.EsGoogleIuProvider: com.google.android.apps.plus.iu.InstantUploadProvider
07-19 04:57:26.661 25553 25556 D dalvikvm: GC_CONCURRENT freed 496K, 6% free 9608K/10183K, paused 2ms+3ms
07-19 04:57:26.669 25553 25553 I ActivityThread: Pub com.google.android.apps.plus.content.EsProvider: com.google.android.apps.plus.content.EsProvider
07-19 04:57:26.755 25553 25567 D PicasaPhotoCP: set fsid first time:-1
07-19 04:57:26.770 25553 25556 D dalvikvm: GC_CONCURRENT freed 255K, 4% free 9912K/10247K, paused 5ms+2ms
07-19 04:57:26.895 25553 25556 D dalvikvm: GC_CONCURRENT freed 140K, 3% free 10270K/10503K, paused 2ms+3ms
07-19 04:57:26.962 25553 25569 D dalvikvm: GC_FOR_ALLOC freed 281K, 5% free 10389K/10823K, paused 23ms
07-19 04:57:26.985 25553 25569 D dalvikvm: GC_FOR_ALLOC freed 62K, 4% free 10453K/10823K, paused 20ms
07-19 04:57:27.009 25553 25569 D dalvikvm: GC_FOR_ALLOC freed 126K, 5% free 10581K/11079K, paused 20ms
07-19 04:57:27.009 25553 25569 I dalvikvm-heap: Grow heap (frag case) to 10.584MB for 187514-byte allocation
07-19 04:57:27.032 25553 25569 D dalvikvm: GC_FOR_ALLOC freed 255K, 7% free 10509K/11271K, paused 20ms
07-19 04:57:27.059 25553 25569 D dalvikvm: GC_FOR_ALLOC freed 118K, 6% free 10638K/11271K, paused 20ms
07-19 04:57:27.059 25553 25569 I dalvikvm-heap: Grow heap (frag case) to 10.709MB for 260112-byte allocation
07-19 04:57:27.083 25553 25569 D dalvikvm: GC_FOR_ALLOC freed 126K, 7% free 10765K/11527K, paused 20ms
07-19 04:57:27.114 25553 25569 D dalvikvm: GC_FOR_ALLOC freed 369K, 7% free 10821K/11527K, paused 26ms
07-19 04:57:27.192 25553 25556 D dalvikvm: GC_CONCURRENT freed 407K, 5% free 10998K/11527K, paused 2ms+3ms
07-19 04:57:27.368 25553 25556 D dalvikvm: GC_CONCURRENT freed 154K, 3% free 11545K/11783K, paused 2ms+3ms
07-19 04:57:27.563 25553 25556 D dalvikvm: GC_CONCURRENT freed 187K, 3% free 12171K/12487K, paused 2ms+2ms
07-19 04:57:27.782 25553 25556 D dalvikvm: GC_CONCURRENT freed 592K, 6% free 12651K/13319K, paused 2ms+3ms
07-19 04:57:27.966   144   342 I ActivityManager: Process com.google.android.apps.plus (pid 25553) has died.
07-19 04:57:32.501   435   435 D dalvikvm: GC_EXPLICIT freed <1K, 4% free 9033K/9347K, paused 20ms+2ms
07-19 04:57:37.493   321   321 D dalvikvm: GC_EXPLICIT freed <1K, 24% free 10155K/13191K, paused 17ms+3ms
07-19 04:57:42.528 13970 13970 D dalvikvm: GC_EXPLICIT freed <1K, 6% free 9759K/10375K, paused 26ms+3ms
07-19 04:57:47.505   215   215 D dalvikvm: GC_EXPLICIT freed 36K, 56% free 10154K/22727K, paused 24ms+3ms
07-19 04:57:50.661   144   155 I ActivityManager: Start proc android.process.acore for content provider com.android.providers.contacts/.ContactsProvider2: pid=25572 uid=10000 gids={3003, 1015}
07-19 04:57:50.704 25572 25572 I ActivityThread: Pub call_log: com.android.providers.contacts.CallLogProvider
07-19 04:57:50.743 25572 25572 I ActivityThread: Pub com.android.voicemail: com.android.providers.contacts.VoicemailContentProvider
07-19 04:57:50.751 25572 25572 I ActivityThread: Pub user_dictionary: com.android.providers.userdictionary.UserDictionaryProvider
07-19 04:57:50.786 25572 25572 I ActivityThread: Pub com.android.social: com.android.providers.contacts.SocialProvider
07-19 04:57:50.790 25572 25572 I ActivityThread: Pub applications: com.android.providers.applications.ApplicationsProvider
07-19 04:57:50.942 25572 25574 D dalvikvm: GC_CONCURRENT freed 346K, 5% free 9147K/9607K, paused 5ms+3ms
07-19 04:57:50.942 25572 25572 I ActivityThread: Pub contacts;com.android.contacts: com.android.providers.contacts.ContactsProvider2
07-19 04:57:51.204 25572 25574 D dalvikvm: GC_CONCURRENT freed 192K, 4% free 9340K/9671K, paused 2ms+3ms
07-19 04:57:52.017   144 14994 I ActivityManager: Process com.android.sprintmenu (pid 23161) has died.
07-19 04:57:52.020   144 14994 W ActivityManager: Scheduling restart of crashed service com.android.sprintmenu/.HiddenPhoneService in 5000ms
07-19 04:57:52.075 25572 25574 D dalvikvm: GC_CONCURRENT freed 225K, 4% free 9503K/9863K, paused 2ms+3ms
07-19 04:57:52.528 24485 24485 D dalvikvm: GC_EXPLICIT freed 122K, 5% free 9833K/10311K, paused 6ms+4ms
07-19 04:57:55.247 25572 25574 D dalvikvm: GC_CONCURRENT freed 272K, 5% free 9646K/10055K, paused 7ms+16ms
07-19 04:57:57.056   144   161 I ActivityManager: Start proc com.android.sprintmenu for service com.android.sprintmenu/.HiddenPhoneService: pid=25590 uid=1001 gids={3002, 3001, 3003, 1015}
07-19 04:57:57.083    79    79 D dalvikvm: GC_EXPLICIT freed 38K, 4% free 9027K/9347K, paused 2ms+2ms
07-19 04:57:57.114    79    79 D dalvikvm: GC_EXPLICIT freed <1K, 4% free 9027K/9347K, paused 2ms+2ms
07-19 04:57:57.169    79    79 D dalvikvm: GC_EXPLICIT freed <1K, 4% free 9027K/9347K, paused 3ms+8ms
07-19 04:57:57.313 24654 24656 D dalvikvm: GC_CONCURRENT freed 495K, 7% free 10413K/11079K, paused 33ms+22ms
07-19 04:57:57.352   144   390 I ActivityManager: Start proc com.google.android.apps.maps:LocationFriendService for service com.google.android.apps.maps/com.google.googlenav.friend.reporting.LocationReceiverService: pid=25607 uid=10056 gids={3003, 1015}
07-19 04:57:57.485 25607 25609 D dalvikvm: GC_CONCURRENT freed 153K, 3% free 9378K/9607K, paused 5ms+2ms
07-19 04:57:57.548   144   317 I ActivityManager: Process android.process.acore (pid 25572) has died.
07-19 04:57:57.817 25607 25609 D dalvikvm: GC_CONCURRENT freed 144K, 3% free 9650K/9927K, paused 2ms+1ms
07-19 04:57:58.267   144  1167 I ActivityManager: Process android.process.media (pid 25511) has died.
07-19 04:57:58.423 25607 25609 D dalvikvm: GC_CONCURRENT freed 282K, 4% free 9839K/10247K, paused 7ms+116ms
07-19 04:57:58.528 25607 25614 I dalvikvm: Total arena pages for JIT: 11
07-19 04:57:58.528 25607 25614 I dalvikvm: Total arena pages for JIT: 12
07-19 04:57:58.528 25607 25614 I dalvikvm: Total arena pages for JIT: 13
07-19 04:57:58.532 25607 25614 I dalvikvm: Total arena pages for JIT: 14
07-19 04:57:58.532 25607 25614 I dalvikvm: Total arena pages for JIT: 15
07-19 04:57:58.532 25607 25614 I dalvikvm: Total arena pages for JIT: 16
07-19 04:57:58.532 25607 25614 I dalvikvm: Total arena pages for JIT: 17
07-19 04:57:58.653 25607 25609 D dalvikvm: GC_CONCURRENT freed 338K, 5% free 9979K/10439K, paused 1ms+3ms
07-19 04:58:05.278   359   359 D dalvikvm: GC_EXPLICIT freed <1K, 6% free 9096K/9607K, paused 21ms+2ms
07-19 04:58:10.239  3217  3217 W ThumbnailCache: Low Memory: Freed 0 textures from compression queue, 0 from write queue, 0 from the pinned list, 0 from the cache.
07-19 04:58:10.317  3217  3217 D dalvikvm: GC_EXPLICIT freed 1K, 20% free 12145K/15111K, paused 42ms+3ms
07-19 04:58:11.774 25630 25630 D dalvikvm: Late-enabling CheckJNI
07-19 04:58:11.774   144   161 I ActivityManager: Start proc com.chess for broadcast com.chess/.backend.AlarmReceiver: pid=25630 uid=10079 gids={3003, 1015}
07-19 04:58:11.903   144   155 I ActivityManager: Process com.google.android.apps.maps:LocationFriendService (pid 25607) has died.
07-19 04:58:11.938 25630 25633 D dalvikvm: GC_CONCURRENT freed 154K, 3% free 9377K/9607K, paused 1ms+2ms
07-19 04:58:12.079 25630 25645 D GetStringObjTask: retrieving from url = http://www.chess.com/api/get_move_status?id=5HHjW9WUGa%2Bcu1LUwnVJPxTIWxmEve4VdkRnRyg7b5Ch69JH2Z5aB%2B7eGuFw8K2uFx47KFsdE3JRdR3Mzv0PkZOj6eZ8N73BvxmEERrzXjMNRo80rkLyJAUTh0iqof4n
07-19 04:58:13.024 25630 25645 D GetStringObjTask: WebRequest SERVER RESPONSE: Success+0
07-19 04:58:17.173  3452  3452 D dalvikvm: GC_EXPLICIT freed <1K, 4% free 9238K/9543K, paused 30ms+2ms
07-19 04:58:22.122 24485 24485 D dalvikvm: GC_EXPLICIT freed 47K, 5% free 9810K/10311K, paused 2ms+3ms
07-19 04:58:27.321   144   160 D dalvikvm: GC_EXPLICIT freed 314K, 23% free 18686K/24199K, paused 47ms+8ms
07-19 04:58:32.145   346   346 D dalvikvm: GC_EXPLICIT freed 2K, 10% free 11911K/13191K, paused 7ms+3ms
07-19 04:58:37.181   435   435 D dalvikvm: GC_EXPLICIT freed <1K, 4% free 9033K/9347K, paused 20ms+2ms
07-19 04:58:40.727 25433 25446 I PhoneLab-: Service Running
07-19 04:58:40.841 25433 25446 I PhoneLab-LoggerService: app_37    1395  1     1432   980   c00f181c 400107b4 S logcat
07-19 04:58:40.841 25433 25446 I PhoneLab-LoggerService: Logcat pid from database 1395
07-19 04:58:40.841 25433 25446 I PhoneLab-LoggerService: Logcat process found 1395
07-19 04:58:40.841 25433 25446 I PhoneLab-LoggerService: Checking Threshold
07-19 04:58:40.845 25433 25446 I PhoneLab-LoggerService: Starting to rename files
07-19 04:58:40.845 25433 25446 I PhoneLab-LoggerService: Files found .. 2
07-19 04:58:42.184   321   321 D dalvikvm: GC_EXPLICIT freed <1K, 24% free 10155K/13191K, paused 22ms+2ms
07-19 04:58:47.196 13970 13970 D dalvikvm: GC_EXPLICIT freed <1K, 6% free 9759K/10375K, paused 23ms+3ms
07-19 04:58:52.130   215   215 D dalvikvm: GC_EXPLICIT freed 31K, 56% free 10153K/22727K, paused 2ms+3ms
07-19 04:58:57.134   144   378 I ActivityManager: Start proc com.google.android.apps.maps:LocationFriendService for service com.google.android.apps.maps/com.google.googlenav.friend.reporting.LocationReceiverService: pid=25648 uid=10056 gids={3003, 1015}
07-19 04:58:57.282 25648 25651 D dalvikvm: GC_CONCURRENT freed 158K, 3% free 9373K/9607K, paused 2ms+2ms
07-19 04:58:57.349   144 15767 I ActivityManager: Process com.chess (pid 25630) has died.
07-19 04:58:57.681 25648 25651 D dalvikvm: GC_CONCURRENT freed 136K, 3% free 9673K/9927K, paused 41ms+2ms
07-19 04:58:58.134 25648 25651 D dalvikvm: GC_CONCURRENT freed 307K, 4% free 9845K/10247K, paused 4ms+3ms
07-19 04:58:58.231 25648 25655 I dalvikvm: Total arena pages for JIT: 11
07-19 04:58:58.231 25648 25655 I dalvikvm: Total arena pages for JIT: 12
07-19 04:58:58.231 25648 25655 I dalvikvm: Total arena pages for JIT: 13
07-19 04:58:58.231 25648 25655 I dalvikvm: Total arena pages for JIT: 14
07-19 04:58:58.231 25648 25655 I dalvikvm: Total arena pages for JIT: 15
07-19 04:58:58.235 25648 25655 I dalvikvm: Total arena pages for JIT: 16
07-19 04:58:58.235 25648 25655 I dalvikvm: Total arena pages for JIT: 17
07-19 04:58:58.364 25648 25651 D dalvikvm: GC_CONCURRENT freed 328K, 5% free 9974K/10439K, paused 2ms+2ms
07-19 04:58:58.618   144   378 I ActivityManager: Process com.google.android.apps.maps:LocationFriendService (pid 25648) has died.
07-19 04:59:01.368 24654 24656 D dalvikvm: GC_CONCURRENT freed 371K, 6% free 10430K/11079K, paused 18ms+6ms
07-19 04:59:05.161   359   359 D dalvikvm: GC_EXPLICIT freed <1K, 6% free 9096K/9607K, paused 21ms+3ms
07-19 04:59:10.114  3217  3217 W ThumbnailCache: Low Memory: Freed 0 textures from compression queue, 0 from write queue, 0 from the pinned list, 0 from the cache.
07-19 04:59:10.157  3217  3217 D dalvikvm: GC_EXPLICIT freed 1K, 20% free 12145K/15111K, paused 4ms+3ms
07-19 04:59:15.184  3452  3452 D dalvikvm: GC_EXPLICIT freed <1K, 4% free 9238K/9543K, paused 44ms+2ms
07-19 04:59:20.145 24485 24485 D dalvikvm: GC_EXPLICIT freed 23K, 5% free 9812K/10311K, paused 2ms+3ms
07-19 04:59:22.958   144   160 V BackupManagerService: Running a backup pass
07-19 04:59:22.977   144   214 V BackupManagerService: Backup requested but nothing pending
07-19 04:59:28.149   144   160 D dalvikvm: GC_EXPLICIT freed 154K, 23% free 18676K/24199K, paused 3ms+8ms
07-19 04:59:33.173   346   346 D dalvikvm: GC_EXPLICIT freed 2K, 10% free 11911K/13191K, paused 25ms+3ms
07-19 04:59:33.727   144   388 I ActivityManager: Start proc android.process.acore for content provider com.android.providers.contacts/.ContactsProvider2: pid=25673 uid=10000 gids={3003, 1015}
07-19 04:59:33.767 25673 25673 I ActivityThread: Pub call_log: com.android.providers.contacts.CallLogProvider
07-19 04:59:33.813 25673 25673 I ActivityThread: Pub com.android.voicemail: com.android.providers.contacts.VoicemailContentProvider
07-19 04:59:33.817 25673 25673 I ActivityThread: Pub user_dictionary: com.android.providers.userdictionary.UserDictionaryProvider
07-19 04:59:33.837 25673 25673 I ActivityThread: Pub com.android.social: com.android.providers.contacts.SocialProvider
07-19 04:59:33.841 25673 25673 I ActivityThread: Pub applications: com.android.providers.applications.ApplicationsProvider
07-19 04:59:33.958 25673 25676 D dalvikvm: GC_CONCURRENT freed 326K, 5% free 9146K/9607K, paused 2ms+2ms
07-19 04:59:34.145 25673 25673 I ActivityThread: Pub contacts;com.android.contacts: com.android.providers.contacts.ContactsProvider2
07-19 04:59:34.524 25673 25676 D dalvikvm: GC_CONCURRENT freed 212K, 4% free 9356K/9671K, paused 2ms+2ms
07-19 04:59:35.520 25673 25676 D dalvikvm: GC_CONCURRENT freed 190K, 4% free 9599K/9927K, paused 17ms+9ms
07-19 04:59:38.149   435   435 D dalvikvm: GC_EXPLICIT freed <1K, 4% free 9033K/9347K, paused 9ms+2ms
07-19 04:59:43.149   321   321 D dalvikvm: GC_EXPLICIT freed <1K, 24% free 10155K/13191K, paused 15ms+3ms
07-19 04:59:48.181 13970 13970 D dalvikvm: GC_EXPLICIT freed <1K, 6% free 9759K/10375K, paused 22ms+2ms
07-19 04:59:50.669   144   199 D DhcpInfoInternal: makeLinkProperties with empty dns2!
07-19 04:59:50.669   144   199 D DhcpInfoInternal: makeLinkProperties with empty dns2!
07-19 04:59:57.251   144  6618 I ActivityManager: Start proc com.google.android.apps.maps:LocationFriendService for service com.google.android.apps.maps/com.google.googlenav.friend.reporting.LocationReceiverService: pid=25708 uid=10056 gids={3003, 1015}
07-19 04:59:57.446 25708 25712 D dalvikvm: GC_CONCURRENT freed 163K, 3% free 9368K/9607K, paused 6ms+4ms
07-19 04:59:57.970 25708 25712 D dalvikvm: GC_CONCURRENT freed 146K, 3% free 9652K/9927K, paused 54ms+8ms
07-19 04:59:58.309   144  1167 I ActivityManager: Process android.process.acore (pid 25673) has died.
07-19 04:59:58.438 25708 25712 D dalvikvm: GC_CONCURRENT freed 285K, 4% free 9846K/10247K, paused 2ms+4ms
07-19 04:59:58.548 25708 25715 I dalvikvm: Total arena pages for JIT: 11
07-19 04:59:58.552 25708 25715 I dalvikvm: Total arena pages for JIT: 12
07-19 04:59:58.552 25708 25715 I dalvikvm: Total arena pages for JIT: 13
07-19 04:59:58.552 25708 25715 I dalvikvm: Total arena pages for JIT: 14
07-19 04:59:58.552 25708 25715 I dalvikvm: Total arena pages for JIT: 15
07-19 04:59:58.552 25708 25715 I dalvikvm: Total arena pages for JIT: 16
07-19 04:59:58.552 25708 25715 I dalvikvm: Total arena pages for JIT: 17
07-19 04:59:58.681 25708 25712 D dalvikvm: GC_CONCURRENT freed 340K, 5% free 9967K/10439K, paused 1ms+2ms
07-19 05:00:05.184   215   215 D dalvikvm: GC_EXPLICIT freed 34K, 56% free 10153K/22727K, paused 22ms+4ms
07-19 05:00:10.216 23515 23515 D dalvikvm: GC_EXPLICIT freed <1K, 6% free 9658K/10183K, paused 61ms+3ms
07-19 05:00:15.274 24347 24347 D dalvikvm: GC_EXPLICIT freed 23K, 7% free 9881K/10567K, paused 5ms+4ms
07-19 05:00:20.231 24654 24654 D dalvikvm: GC_EXPLICIT freed 360K, 7% free 10413K/11079K, paused 2ms+3ms
07-19 05:00:25.247 24751 24751 D dalvikvm: GC_EXPLICIT freed <1K, 4% free 10926K/11271K, paused 23ms+2ms
07-19 05:00:30.251 25226 25226 D dalvikvm: GC_EXPLICIT freed 123K, 6% free 10701K/11335K, paused 8ms+3ms
07-19 05:00:32.388   144 14994 I ActivityManager: Start proc android.process.acore for content provider com.android.providers.contacts/.ContactsProvider2: pid=25731 uid=10000 gids={3003, 1015}
07-19 05:00:32.454   144 13425 I ActivityManager: Process com.google.android.apps.maps:LocationFriendService (pid 25708) has died.
07-19 05:00:32.462 25731 25731 I ActivityThread: Pub call_log: com.android.providers.contacts.CallLogProvider
07-19 05:00:32.532 25731 25731 I ActivityThread: Pub com.android.voicemail: com.android.providers.contacts.VoicemailContentProvider
07-19 05:00:32.536 25731 25731 I ActivityThread: Pub user_dictionary: com.android.providers.userdictionary.UserDictionaryProvider
07-19 05:00:32.563 25731 25731 I ActivityThread: Pub com.android.social: com.android.providers.contacts.SocialProvider
07-19 05:00:32.567 25731 25731 I ActivityThread: Pub applications: com.android.providers.applications.ApplicationsProvider
07-19 05:00:32.696 25731 25731 I ActivityThread: Pub contacts;com.android.contacts: com.android.providers.contacts.ContactsProvider2
07-19 05:00:32.720 25731 25733 D dalvikvm: GC_CONCURRENT freed 334K, 5% free 9160K/9607K, paused 2ms+2ms
07-19 05:00:34.446   144 25744 I ActivityManager: Applications Memory Usage (kB):
07-19 05:00:34.446   144 25744 I ActivityManager: Uptime: 225343044 Realtime: 305301887
07-19 05:00:34.446   144 25744 I ActivityManager: Total PSS by OOM adjustment:
07-19 05:00:34.446   144 25744 I ActivityManager:     29202 kB: System
07-19 05:00:34.446   144 25744 I ActivityManager:                29202 kB: system (pid 144)
07-19 05:00:34.446   144 25744 I ActivityManager:     28730 kB: Persistent
07-19 05:00:34.446   144 25744 I ActivityManager:                13146 kB: com.android.systemui (pid 215)
07-19 05:00:34.446   144 25744 I ActivityManager:                11673 kB: com.android.phone (pid 346)
07-19 05:00:34.446   144 25744 I ActivityManager:                 3911 kB: com.android.nfc (pid 359)
07-19 05:00:34.446   144 25744 I ActivityManager:    103778 kB: Foreground
07-19 05:00:34.446   144 25744 I ActivityManager:                62353 kB: com.android.chrome (pid 3217)
07-19 05:00:34.446   144 25744 I ActivityManager:                41425 kB: com.android.chrome:sandboxed_process1 (pid 3452)
07-19 05:00:34.446   144 25744 I ActivityManager:     29925 kB: Visible
07-19 05:00:34.446   144 25744 I ActivityManager:                14561 kB: com.google.android.gsf.login (pid 13970)
07-19 05:00:34.446   144 25744 I ActivityManager:                 9027 kB: com.google.process.gapps (pid 24485)
07-19 05:00:34.446   144 25744 I ActivityManager:                 3535 kB: android.process.acore (pid 25731)
07-19 05:00:34.446   144 25744 I ActivityManager:                 2802 kB: com.android.smspush (pid 435)
07-19 05:00:34.446   144 25744 I ActivityManager:      6666 kB: Perceptible
07-19 05:00:34.446   144 25744 I ActivityManager:                 6666 kB: com.klye.ime.latin (pid 321)
07-19 05:00:34.446   144 25744 I ActivityManager:     19973 kB: A Services
07-19 05:00:34.446   144 25744 I ActivityManager:                 9301 kB: com.facebook.katana (pid 24241)
07-19 05:00:34.446   144 25744 I ActivityManager:                 7999 kB: com.google.android.apps.maps:NetworkLocationService (pid 24654)
07-19 05:00:34.446   144 25744 I ActivityManager:                 2673 kB: com.android.sprintmenu (pid 25590)
07-19 05:00:34.446   144 25744 I ActivityManager:     31081 kB: B Services
07-19 05:00:34.446   144 25744 I ActivityManager:                 7448 kB: com.xabber.androiddev (pid 25226)
07-19 05:00:34.446   144 25744 I ActivityManager:                 6495 kB: com.google.android.apps.maps (pid 24751)
07-19 05:00:34.446   144 25744 I ActivityManager:                 5888 kB: com.whatsapp (pid 24347)
07-19 05:00:34.446   144 25744 I ActivityManager:                 5073 kB: com.google.android.apps.googlevoice (pid 23515)
07-19 05:00:34.446   144 25744 I ActivityManager:                 3259 kB: com.apksoftware.compass (pid 25396)
07-19 05:00:34.446   144 25744 I ActivityManager:                 2918 kB: edu.buffalo.cse.phonelab.phonelabservices (pid 25433)
07-19 05:00:34.446   144 25744 I ActivityManager: 
07-19 05:00:34.446   144 25744 I ActivityManager: Total PSS: 249355 kB
07-19 05:00:34.446   144 25744 I ActivityManager:   PID      Vss      Rss      Pss      Uss  cmdline
07-19 05:00:34.446   144 25744 I ActivityManager:  3217   85284K   85192K   62489K   56660K  com.android.chrome
07-19 05:00:34.446   144 25744 I ActivityManager:  3452   60308K   60204K   41472K   38044K  com.android.chrome:sandboxed_process1
07-19 05:00:34.446   144 25744 I ActivityManager:   144   44788K   44720K   29256K   28296K  system_server
07-19 05:00:34.446   144 25744 I ActivityManager: 13970   30396K   30316K   14628K   13756K  com.google.android.gsf.login
07-19 05:00:34.446   144 25744 I ActivityManager:   215   32092K   31876K   13036K    9012K  com.android.systemui
07-19 05:00:34.446   144 25744 I ActivityManager:    78   21124K   18124K   12233K    7092K  /system/bin/surfaceflinger
07-19 05:00:34.446   144 25744 I ActivityManager:   346   26776K   26704K   11720K   10908K  com.android.phone
07-19 05:00:34.446   144 25744 I ActivityManager: 24241   28400K   28296K    9347K    8132K  com.facebook.katana
07-19 05:00:34.446   144 25744 I ActivityManager: 24485   28652K   28560K    9075K    7792K  com.google.process.gapps
07-19 05:00:34.446   144 25744 I ActivityManager: 24654   27556K   27464K    8048K    6508K  com.google.android.apps.maps:NetworkLocationService
07-19 05:00:34.446   144 25744 I ActivityManager: 25226   27760K   27668K    7491K    6000K  com.xabber.androiddev
07-19 05:00:34.446   144 25744 I ActivityManager:   321   21924K   21824K    6715K    5896K  com.klye.ime.latin
07-19 05:00:34.446   144 25744 I ActivityManager: 24751   26600K   26500K    6544K    5072K  com.google.android.apps.maps
07-19 05:00:34.446   144 25744 I ActivityManager: 25731   26604K   26532K    6244K    4488K  android.process.acore
07-19 05:00:34.446   144 25744 I ActivityManager: 24347   25836K   25740K    5935K    4628K  com.whatsapp
07-19 05:00:34.446   144 25744 I ActivityManager: 23515   24388K   24292K    5121K    3928K  com.google.android.apps.googlevoice
07-19 05:00:34.446   144 25744 I ActivityManager:   359   19268K   19172K    3959K    3140K  com.android.nfc
07-19 05:00:34.446   144 25744 I ActivityManager: 25396   23212K   23112K    3311K    1924K  com.apksoftware.compass
07-19 05:00:34.446   144 25744 I ActivityManager: 25433   22276K   22176K    2971K    1644K  edu.buffalo.cse.phonelab.phonelabservices
07-19 05:00:34.446   144 25744 I ActivityManager:   435   18516K   18404K    2850K    1940K  com.android.smspush
07-19 05:00:34.446   144 25744 I ActivityManager: 25590   22036K   21936K    2723K    1272K  com.android.sprintmenu
07-19 05:00:34.446   144 25744 I ActivityManager:    79   18624K   18496K    2045K    1000K  zygote
07-19 05:00:34.446   144 25744 I ActivityManager:    81    2136K    2136K    1813K    1788K  /system/bin/mediaserver
07-19 05:00:34.446   144 25744 I ActivityManager:    80     956K     956K     878K     876K  /system/bin/drmserver
07-19 05:00:34.446   144 25744 I ActivityManager:  1395     984K     980K     845K     840K  logcat
07-19 05:00:34.446   144 25744 I ActivityManager: 25747     812K     804K     683K     680K  procrank
07-19 05:00:34.446   144 25744 I ActivityManager:    77     964K     964K     683K     668K  /system/bin/rild
07-19 05:00:34.446   144 25744 I ActivityManager:   275     684K     680K     524K     516K  /system/bin/wpa_supplicant
07-19 05:00:34.446   144 25744 I ActivityManager:    88     440K     440K     424K     424K  /sbin/adbd
07-19 05:00:34.446   144 25744 I ActivityManager: 21204     588K     588K     398K     384K  /system/bin/netd
07-19 05:00:34.446   144 25744 I ActivityManager:   292     332K     332K     300K     300K  /system/bin/bluetoothd
07-19 05:00:34.446   144 25744 I ActivityManager:    72     380K     376K     290K     284K  /system/bin/vold
07-19 05:00:34.446   144 25744 I ActivityManager:    86     436K     432K     282K     276K  /system/vendor/bin/gpsd
07-19 05:00:34.446   144 25744 I ActivityManager: 28597     352K     348K     197K     192K  /system/bin/dhcpcd
07-19 05:00:34.446   144 25744 I ActivityManager:    82     220K     212K     184K     184K  /system/bin/dbus-daemon
07-19 05:00:34.446   144 25744 I ActivityManager:    85     200K     192K     160K     160K  /system/bin/keystore
07-19 05:00:34.446   144 25744 I ActivityManager:     1     204K     204K     142K     104K  /init
07-19 05:00:34.446   144 25744 I ActivityManager:   203     168K     160K     128K     128K  /system/bin/brcm_patchram_plus
07-19 05:00:34.446   144 25744 I ActivityManager:    61     160K     160K    
07-19 05:00:34.481 25731 25733 D dalvikvm: GC_CONCURRENT freed 172K, 4% free 9428K/9735K, paused 10ms+2ms
07-19 05:00:35.790 25731 25733 D dalvikvm: GC_CONCURRENT freed 215K, 4% free 9653K/9991K, paused 8ms+2ms
07-19 05:00:37.513   359   359 D dalvikvm: GC_EXPLICIT freed <1K, 6% free 9096K/9607K, paused 6ms+6ms
07-19 05:00:40.739 25433 25446 I PhoneLab-: Service Running
07-19 05:00:40.860 25433 25446 I PhoneLab-LoggerService: app_37    1395  1     1432   980   c00f181c 400107b4 S logcat
07-19 05:00:40.860 25433 25446 I PhoneLab-LoggerService: Logcat pid from database 1395
07-19 05:00:40.860 25433 25446 I PhoneLab-LoggerService: Logcat process found 1395
07-19 05:00:40.864 25433 25446 I PhoneLab-LoggerService: Checking Threshold
07-19 05:00:40.864 25433 25446 I PhoneLab-LoggerService: Starting to rename files
07-19 05:00:40.864 25433 25446 I PhoneLab-LoggerService: Files found .. 2
07-19 05:00:42.493  3217  3217 W ThumbnailCache: Low Memory: Freed 0 textures from compression queue, 0 from write queue, 0 from the pinned list, 0 from the cache.
07-19 05:00:42.599  3217  3217 D dalvikvm: GC_EXPLICIT freed 1K, 20% free 12145K/15111K, paused 35ms+3ms
07-19 05:00:47.591  3452  3452 D dalvikvm: GC_EXPLICIT freed <1K, 4% free 9238K/9543K, paused 32ms+2ms
07-19 05:00:52.665 24485 24485 D dalvikvm: GC_EXPLICIT freed 111K, 5% free 9828K/10311K, paused 65ms+3ms
07-19 05:00:57.286   144  6618 I ActivityManager: Start proc com.google.android.apps.maps:LocationFriendService for service com.google.android.apps.maps/com.google.googlenav.friend.reporting.LocationReceiverService: pid=25753 uid=10056 gids={3003, 1015}
07-19 05:00:57.481   144 14192 D dalvikvm: GC_EXPLICIT freed 1092K, 23% free 18699K/24199K, paused 11ms+9ms
07-19 05:00:57.583 25753 25756 D dalvikvm: GC_CONCURRENT freed 168K, 3% free 9363K/9607K, paused 2ms+2ms
07-19 05:00:58.040 25753 25756 D dalvikvm: GC_CONCURRENT freed 133K, 3% free 9671K/9927K, paused 28ms+2ms
07-19 05:00:58.442 25753 25756 D dalvikvm: GC_CONCURRENT freed 300K, 4% free 9846K/10247K, paused 2ms+33ms
07-19 05:00:58.524   144   390 I ActivityManager: Process android.process.acore (pid 25731) has died.
07-19 05:00:58.587 25753 25760 I dalvikvm: Total arena pages for JIT: 11
07-19 05:00:58.587 25753 25760 I dalvikvm: Total arena pages for JIT: 12
07-19 05:00:58.587 25753 25760 I dalvikvm: Total arena pages for JIT: 13
07-19 05:00:58.587 25753 25760 I dalvikvm: Total arena pages for JIT: 14
07-19 05:00:58.587 25753 25760 I dalvikvm: Total arena pages for JIT: 15
07-19 05:00:58.587 25753 25760 I dalvikvm: Total arena pages for JIT: 16
07-19 05:00:58.587 25753 25760 I dalvikvm: Total arena pages for JIT: 17
07-19 05:00:58.704 25753 25756 D dalvikvm: GC_CONCURRENT freed 336K, 5% free 9975K/10439K, paused 2ms+2ms
07-19 05:01:05.243   144   160 D dalvikvm: GC_EXPLICIT freed 89K, 23% free 18668K/24199K, paused 31ms+8ms
07-19 05:01:10.220   346   346 D dalvikvm: GC_EXPLICIT freed 2K, 10% free 11911K/13191K, paused 25ms+3ms
07-19 05:01:15.181   435   435 D dalvikvm: GC_EXPLICIT freed <1K, 4% free 9033K/9347K, paused 42ms+3ms
07-19 05:01:20.231   321   321 D dalvikvm: GC_EXPLICIT freed <1K, 24% free 10155K/13191K, paused 18ms+5ms
07-19 05:01:25.208 13970 13970 D dalvikvm: GC_EXPLICIT freed <1K, 6% free 9759K/10375K, paused 24ms+3ms
07-19 05:01:30.184   215   215 D dalvikvm: GC_EXPLICIT freed 20K, 56% free 10153K/22727K, paused 27ms+3ms
07-19 05:01:35.216 23515 23515 D dalvikvm: GC_EXPLICIT freed <1K, 6% free 9658K/10183K, paused 22ms+2ms
07-19 05:01:40.286 24347 24347 D dalvikvm: GC_EXPLICIT freed 8K, 7% free 9881K/10567K, paused 85ms+3ms
07-19 05:01:42.470   144   174 I ActivityManager: Start proc com.twitter.android for service com.twitter.android/.client.AppService: pid=25776 uid=10064 gids={3003, 1015}
07-19 05:01:42.505 25776 25776 I dalvikvm: Turning on JNI app bug workarounds for target SDK version 11...
07-19 05:01:42.567   144 15767 I ActivityManager: Process com.google.android.apps.maps:LocationFriendService (pid 25753) has died.
07-19 05:01:42.606 25776 25776 I ActivityThread: Pub com.twitter.android.provider.GlobalDatabaseProvider: com.twitter.android.provider.GlobalDatabaseProvider
07-19 05:01:42.622 25776 25776 I ActivityThread: Pub com.twitter.android.provider.TwitterProvider: com.twitter.android.provider.TwitterProvider
07-19 05:01:42.731 25776 25779 D dalvikvm: GC_CONCURRENT freed 191K, 4% free 9301K/9607K, paused 5ms+4ms
07-19 05:01:43.192 25776 25779 D dalvikvm: GC_CONCURRENT freed 220K, 4% free 9509K/9863K, paused 3ms+4ms
07-19 05:01:43.337 25776 25779 D dalvikvm: GC_CONCURRENT freed 286K, 5% free 9634K/10055K, paused 2ms+2ms
07-19 05:01:43.462 25776 25779 D dalvikvm: GC_CONCURRENT freed 292K, 5% free 9760K/10183K, paused 1ms+2ms
07-19 05:01:43.595 25776 25779 D dalvikvm: GC_CONCURRENT freed 297K, 5% free 9884K/10311K, paused 2ms+2ms
07-19 05:01:43.720 25776 25779 D dalvikvm: GC_CONCURRENT freed 295K, 5% free 10016K/10439K, paused 1ms+2ms
07-19 05:01:43.860 25776 25779 D dalvikvm: GC_CONCURRENT freed 302K, 5% free 10144K/10567K, paused 1ms+2ms
07-19 05:01:43.985 25776 25779 D dalvikvm: GC_CONCURRENT freed 296K, 4% free 10272K/10695K, paused 1ms+2ms
07-19 05:01:44.181 25776 25779 D dalvikvm: GC_CONCURRENT freed 473K, 6% free 10220K/10823K, paused 2ms+3ms
07-19 05:01:44.317 25776 25779 D dalvikvm: GC_CONCURRENT freed 319K, 5% free 10293K/10823K, paused 2ms+2ms
07-19 05:01:44.446 25776 25779 D dalvikvm: GC_CONCURRENT freed 327K, 5% free 10369K/10823K, paused 2ms+1ms
07-19 05:01:44.599 25776 25779 D dalvikvm: GC_CONCURRENT freed 359K, 5% free 10470K/10951K, paused 2ms+2ms
07-19 05:01:44.724 25776 25779 D dalvikvm: GC_CONCURRENT freed 335K, 5% free 10563K/11015K, paused 2ms+2ms
07-19 05:01:44.864 25776 25779 D dalvikvm: GC_CONCURRENT freed 377K, 5% free 10640K/11143K, paused 1ms+2ms
07-19 05:01:44.989 25776 25779 D dalvikvm: GC_CONCURRENT freed 356K, 5% free 10725K/11207K, paused 2ms+2ms
07-19 05:01:45.126 25776 25779 D dalvikvm: GC_CONCURRENT freed 398K, 5% free 10818K/11335K, paused 1ms+2ms
07-19 05:01:45.169 24654 24654 D dalvikvm: GC_EXPLICIT freed 261K, 7% free 10412K/11079K, paused 2ms+3ms
07-19 05:01:49.458 25776 25779 D dalvikvm: GC_CONCURRENT freed 307K, 4% free 11026K/11463K, paused 2ms+3ms
07-19 05:01:50.196 24751 24751 D dalvikvm: GC_EXPLICIT freed <1K, 4% free 10926K/11271K, paused 23ms+2ms
07-19 05:01:55.259 25226 25226 D dalvikvm: GC_EXPLICIT freed 11K, 6% free 10700K/11335K, paused 39ms+2ms
07-19 05:01:57.376   144   156 I ActivityManager: Start proc com.google.android.apps.maps:LocationFriendService for service com.google.android.apps.maps/com.google.googlenav.friend.reporting.LocationReceiverService: pid=25794 uid=10056 gids={3003, 1015}
07-19 05:01:57.517 25794 25796 D dalvikvm: GC_CONCURRENT freed 173K, 3% free 9358K/9607K, paused 2ms+2ms
07-19 05:01:57.817 25794 25796 D dalvikvm: GC_CONCURRENT freed 133K, 3% free 9671K/9927K, paused 3ms+5ms
07-19 05:01:57.934   144 15767 I ActivityManager: Process com.google.android.apps.googlevoice (pid 23515) has died.
07-19 05:01:57.934   144 15767 W ActivityManager: Scheduling restart of crashed service com.google.android.apps.googlevoice/.ShadowNumberRefreshService in 5000ms
07-19 05:01:57.934   144 15767 W ActivityManager: Scheduling restart of crashed service com.google.android.apps.googlevoice/.CallLogService in 15000ms
07-19 05:01:57.934   144 15767 W ActivityManager: Scheduling restart of crashed service com.google.android.apps.googlevoice/.UpdateService in 25000ms
07-19 05:01:57.946 24485 24496 D dalvikvm: GC_EXPLICIT freed 44K, 5% free 9824K/10311K, paused 12ms+4ms
07-19 05:01:58.200 25794 25796 D dalvikvm: GC_CONCURRENT freed 312K, 4% free 9848K/10247K, paused 3ms+3ms
07-19 05:01:58.282 25794 25801 I dalvikvm: Total arena pages for JIT: 11
07-19 05:01:58.282 25794 25801 I dalvikvm: Total arena pages for JIT: 12
07-19 05:01:58.286 25794 25801 I dalvikvm: Total arena pages for JIT: 13
07-19 05:01:58.286 25794 25801 I dalvikvm: Total arena pages for JIT: 14
07-19 05:01:58.286 25794 25801 I dalvikvm: Total arena pages for JIT: 15
07-19 05:01:58.286 25794 25801 I dalvikvm: Total arena pages for JIT: 16
07-19 05:01:58.286 25794 25801 I dalvikvm: Total arena pages for JIT: 17
07-19 05:01:58.403 25794 25796 D dalvikvm: GC_CONCURRENT freed 335K, 5% free 9972K/10439K, paused 2ms+2ms
07-19 05:02:02.993   144   161 I ActivityManager: Start proc com.google.android.apps.googlevoice for service com.google.android.apps.googlevoice/.ShadowNumberRefreshService: pid=25817 uid=10054 gids={3003, 1015}
07-19 05:02:03.263   144   378 I ActivityManager: Process com.google.android.apps.maps:LocationFriendService (pid 25794) has died.
07-19 05:02:03.376 25817 25820 D dalvikvm: GC_CONCURRENT freed 250K, 4% free 9281K/9607K, paused 4ms+10ms
07-19 05:02:03.477   144   388 I ActivityManager: Start proc android.process.acore for content provider com.android.providers.contacts/.VoicemailContentProvider: pid=25833 uid=10000 gids={3003, 1015}
07-19 05:02:03.520    79    79 D dalvikvm: GC_EXPLICIT freed 38K, 4% free 9027K/9347K, paused 1ms+5ms
07-19 05:02:03.532 25833 25833 I ActivityThread: Pub call_log: com.android.providers.contacts.CallLogProvider
07-19 05:02:03.556    79    79 D dalvikvm: GC_EXPLICIT freed <1K, 4% free 9027K/9347K, paused 2ms+3ms
07-19 05:02:03.579 25833 25833 I ActivityThread: Pub com.android.voicemail: com.android.providers.contacts.VoicemailContentProvider
07-19 05:02:03.583 25833 25833 I ActivityThread: Pub user_dictionary: com.android.providers.userdictionary.UserDictionaryProvider
07-19 05:02:03.591 25833 25833 I ActivityThread: Pub com.android.social: com.android.providers.contacts.SocialProvider
07-19 05:02:03.595 25833 25833 I ActivityThread: Pub applications: com.android.providers.applications.ApplicationsProvider
07-19 05:02:03.595    79    79 D dalvikvm: GC_EXPLICIT freed <1K, 4% free 9027K/9347K, paused 1ms+6ms
07-19 05:02:03.708 25833 25835 D dalvikvm: GC_CONCURRENT freed 349K, 5% free 9148K/9607K, paused 2ms+2ms
07-19 05:02:03.708 25833 25833 I ActivityThread: Pub contacts;com.android.contacts: com.android.providers.contacts.ContactsProvider2
07-19 05:02:04.169 25817 25849 W System.err: com.google.android.apps.googlevoice.net.VoiceServiceException: Voice service failed [INVALID_AUTH_TOKEN]
07-19 05:02:04.173 25817 25849 W System.err: 	at com.google.android.apps.googlevoice.net.masf.MASFVoiceService.checkCredentials(MASFVoiceService.java:107)
07-19 05:02:04.173 25817 25849 W System.err: 	at com.google.android.apps.googlevoice.net.masf.MASFVoiceService.getAuthToken(MASFVoiceService.java:95)
07-19 05:02:04.173 25817 25849 W System.err: 	at com.google.android.apps.googlevoice.net.masf.MASFGetBackendInfoRpc.createRequestPayload(MASFGetBackendInfoRpc.java:34)
07-19 05:02:04.173 25817 25849 W System.err: 	at com.google.android.apps.googlevoice.net.masf.MASFApiRpc.requestSubmit(MASFApiRpc.java:160)
07-19 05:02:04.173 25817 25849 W System.err: 	at com.google.android.apps.googlevoice.net.masf.MASFApiRpc.run(MASFApiRpc.java:141)
07-19 05:02:04.173 25817 25849 W System.err: 	at com.googlex.common.task.AbstractTask.run(Unknown Source)
07-19 05:02:04.173 25817 25849 W System.err: 	at com.googlex.common.task.AbstractTask.runInternal(Unknown Source)
07-19 05:02:04.173 25817 25849 W System.err: 	at com.googlex.common.task.TaskRunner.run(Unknown Source)
07-19 05:02:04.173 25817 25849 W System.err: 	at com.googlex.common.lang.BaseThreadFactory$ThreadImpl.run(Unknown Source)
07-19 05:02:04.181 25817 25849 E GoogleVoice: ShadowNumberRefreshService: Failed to get backend info!
07-19 05:02:04.181 25817 25849 E GoogleVoice: com.google.android.apps.googlevoice.net.VoiceServiceException: Voice service failed [INVALID_AUTH_TOKEN]
07-19 05:02:04.181 25817 25849 E GoogleVoice: 	at com.google.android.apps.googlevoice.net.masf.MASFVoiceService.checkCredentials(MASFVoiceService.java:107)
07-19 05:02:04.181 25817 25849 E GoogleVoice: 	at com.google.android.apps.googlevoice.net.masf.MASFVoiceService.getAuthToken(MASFVoiceService.java:95)
07-19 05:02:04.181 25817 25849 E GoogleVoice: 	at com.google.android.apps.googlevoice.net.masf.MASFGetBackendInfoRpc.createRequestPayload(MASFGetBackendInfoRpc.java:34)
07-19 05:02:04.181 25817 25849 E GoogleVoice: 	at com.google.android.apps.googlevoice.net.masf.MASFApiRpc.requestSubmit(MASFApiRpc.java:160)
07-19 05:02:04.181 25817 25849 E GoogleVoice: 	at com.google.android.apps.googlevoice.net.masf.MASFApiRpc.run(MASFApiRpc.java:141)
07-19 05:02:04.181 25817 25849 E GoogleVoice: 	at com.googlex.common.task.AbstractTask.run(Unknown Source)
07-19 05:02:04.181 25817 25849 E GoogleVoice: 	at com.googlex.common.task.AbstractTask.runInternal(Unknown Source)
07-19 05:02:04.181 25817 25849 E GoogleVoice: 	at com.googlex.common.task.TaskRunner.run(Unknown Source)
07-19 05:02:04.181 25817 25849 E GoogleVoice: 	at com.googlex.common.lang.BaseThreadFactory$ThreadImpl.run(Unknown Source)
07-19 05:02:04.220 25833 25835 D dalvikvm: GC_CONCURRENT freed 207K, 4% free 9326K/9671K, paused 3ms+2ms
07-19 05:02:04.892 25833 25835 D dalvikvm: GC_CONCURRENT freed 214K, 4% free 9517K/9863K, paused 12ms+3ms
07-19 05:02:08.267 25833 25835 D dalvikvm: GC_CONCURRENT freed 280K, 5% free 9637K/10055K, paused 23ms+14ms
07-19 05:02:08.333   359   359 D dalvikvm: GC_EXPLICIT freed <1K, 6% free 9096K/9607K, paused 1ms+2ms
07-19 05:02:19.724  3217  3217 W ThumbnailCache: Low Memory: Freed 0 textures from compression queue, 0 from write queue, 0 from the pinned list, 0 from the cache.
07-19 05:02:19.778  3217  3217 D dalvikvm: GC_EXPLICIT freed 1K, 20% free 12145K/15111K, paused 6ms+4ms
07-19 05:02:20.372   144   199 D DhcpInfoInternal: makeLinkProperties with empty dns2!
07-19 05:02:20.372   144   199 D DhcpInfoInternal: makeLinkProperties with empty dns2!
07-19 05:02:23.388 25817 25820 D dalvikvm: GC_CONCURRENT freed 424K, 6% free 9391K/9927K, paused 9ms+3ms
07-19 05:02:23.388 25817 25826 W CursorWrapperInner: Cursor finalized without prior close()
07-19 05:02:23.388 25817 25826 W CursorWrapperInner: Cursor finalized without prior close()
07-19 05:02:23.388 25817 25826 W CursorWrapperInner: Cursor finalized without prior close()
07-19 05:02:23.407   144  1168 D CountryDetector: The first listener is added
07-19 05:02:23.614   144 15767 I ActivityManager: Process com.twitter.android (pid 25776) has died.
07-19 05:02:23.727 25817 25820 D dalvikvm: GC_CONCURRENT freed 305K, 5% free 9525K/9927K, paused 6ms+3ms
07-19 05:02:23.806 25833 25835 D dalvikvm: GC_CONCURRENT freed 482K, 6% free 9688K/10247K, paused 6ms+2ms
07-19 05:02:24.161 25833 25835 D dalvikvm: GC_CONCURRENT freed 314K, 4% free 9844K/10247K, paused 1ms+9ms
07-19 05:02:24.181 25817 25875 D dalvikvm: GC_FOR_ALLOC freed 176K, 5% free 9658K/10119K, paused 40ms
07-19 05:02:28.735  3452  3452 D dalvikvm: GC_EXPLICIT freed <1K, 4% free 9238K/9543K, paused 40ms+2ms
07-19 05:02:30.360 24485 25881 I EventLogService: Aggregate from 1342686750007 (log), 1342686750007 (data)
07-19 05:02:35.438 24485 24485 D dalvikvm: GC_EXPLICIT freed 215K, 4% free 9964K/10375K, paused 25ms+4ms
07-19 05:02:40.470   144   160 D dalvikvm: GC_EXPLICIT freed 434K, 23% free 18715K/24199K, paused 5ms+8ms
07-19 05:02:40.727 25433 25446 I PhoneLab-: Service Running
07-19 05:02:40.821 25433 25446 I PhoneLab-LoggerService: app_37    1395  1     1432   980   c00f181c 400107b4 S logcat
07-19 05:02:40.821 25433 25446 I PhoneLab-LoggerService: Logcat pid from database 1395
07-19 05:02:40.821 25433 25446 I PhoneLab-LoggerService: Logcat process found 1395
07-19 05:02:40.821 25433 25446 I PhoneLab-LoggerService: Checking Threshold
07-19 05:02:40.825 25433 25446 I PhoneLab-LoggerService: Starting to rename files
07-19 05:02:40.825 25433 25446 I PhoneLab-LoggerService: Files found .. 2
07-19 05:02:45.458   346   346 D dalvikvm: GC_EXPLICIT freed 2K, 10% free 11911K/13191K, paused 25ms+4ms
07-19 05:02:50.384   435   435 D dalvikvm: GC_EXPLICIT freed <1K, 4% free 9033K/9347K, paused 10ms+2ms
07-19 05:02:55.450   321   321 D dalvikvm: GC_EXPLICIT freed <1K, 24% free 10155K/13191K, paused 17ms+2ms
07-19 05:02:56.118   144   144 I ActivityManager: Process android.process.acore (pid 25833) has died.
07-19 05:02:56.118   144   144 D CountryDetector: No listener is left
07-19 05:02:57.505 24654 24656 D dalvikvm: GC_CONCURRENT freed 500K, 6% free 10424K/11079K, paused 2ms+12ms
07-19 05:02:57.520   144 12390 I ActivityManager: Start proc com.google.android.apps.maps:LocationFriendService for service com.google.android.apps.maps/com.google.googlenav.friend.reporting.LocationReceiverService: pid=25884 uid=10056 gids={3003, 1015}
07-19 05:02:57.724 25884 25887 D dalvikvm: GC_CONCURRENT freed 153K, 3% free 9378K/9607K, paused 2ms+2ms
07-19 05:02:58.169 25884 25887 D dalvikvm: GC_CONCURRENT freed 153K, 3% free 9659K/9927K, paused 2ms+10ms
07-19 05:02:58.618 25884 25887 D dalvikvm: GC_CONCURRENT freed 280K, 4% free 9841K/10247K, paused 4ms+4ms
07-19 05:02:58.708 25884 25891 I dalvikvm: Total arena pages for JIT: 11
07-19 05:02:58.708 25884 25891 I dalvikvm: Total arena pages for JIT: 12
07-19 05:02:58.708 25884 25891 I dalvikvm: Total arena pages for JIT: 13
07-19 05:02:58.708 25884 25891 I dalvikvm: Total arena pages for JIT: 14
07-19 05:02:58.712 25884 25891 I dalvikvm: Total arena pages for JIT: 15
07-19 05:02:58.712 25884 25891 I dalvikvm: Total arena pages for JIT: 16
07-19 05:02:58.712 25884 25891 I dalvikvm: Total arena pages for JIT: 17
07-19 05:02:58.829 25884 25887 D dalvikvm: GC_CONCURRENT freed 329K, 5% free 9974K/10439K, paused 2ms+2ms
07-19 05:02:59.001   144   310 I ActivityManager: Process com.google.android.apps.maps:LocationFriendService (pid 25884) has died.
07-19 05:03:05.247   359   359 D dalvikvm: GC_EXPLICIT freed <1K, 6% free 9096K/9607K, paused 25ms+2ms
07-19 05:03:10.177  3217  3217 W ThumbnailCache: Low Memory: Freed 0 textures from compression queue, 0 from write queue, 0 from the pinned list, 0 from the cache.
07-19 05:03:10.263  3217  3217 D dalvikvm: GC_EXPLICIT freed 1K, 20% free 12145K/15111K, paused 29ms+4ms
07-19 05:03:11.770 25907 25907 D dalvikvm: Late-enabling CheckJNI
07-19 05:03:11.770   144   161 I ActivityManager: Start proc com.chess for broadcast com.chess/.backend.AlarmReceiver: pid=25907 uid=10079 gids={3003, 1015}
07-19 05:03:11.934 25907 25909 D dalvikvm: GC_CONCURRENT freed 154K, 3% free 9378K/9607K, paused 2ms+2ms
07-19 05:03:12.130 25907 25921 D GetStringObjTask: retrieving from url = http://www.chess.com/api/get_move_status?id=5HHjW9WUGa%2Bcu1LUwnVJPxTIWxmEve4VdkRnRyg7b5Ch69JH2Z5aB%2B7eGuFw8K2uFx47KFsdE3JRdR3Mzv0PkZOj6eZ8N73BvxmEERrzXjMNRo80rkLyJAUTh0iqof4n
07-19 05:03:13.255 25907 25921 D GetStringObjTask: WebRequest SERVER RESPONSE: Success+0
07-19 05:03:20.302  3452  3452 D dalvikvm: GC_EXPLICIT freed <1K, 4% free 9238K/9543K, paused 23ms+2ms
07-19 05:03:25.294 24485 24485 D dalvikvm: GC_EXPLICIT freed 90K, 5% free 9899K/10375K, paused 23ms+3ms
07-19 05:03:29.017   144 13425 I ActivityManager: Start proc android.process.acore for content provider com.android.providers.contacts/.ContactsProvider2: pid=25923 uid=10000 gids={3003, 1015}
07-19 05:03:29.044   144   317 I ActivityManager: Process com.chess (pid 25907) has died.
07-19 05:03:29.052 25923 25923 I ActivityThread: Pub call_log: com.android.providers.contacts.CallLogProvider
07-19 05:03:29.095 25923 25923 I ActivityThread: Pub com.android.voicemail: com.android.providers.contacts.VoicemailContentProvider
07-19 05:03:29.099 25923 25923 I ActivityThread: Pub user_dictionary: com.android.providers.userdictionary.UserDictionaryProvider
07-19 05:03:29.126 25923 25923 I ActivityThread: Pub com.android.social: com.android.providers.contacts.SocialProvider
07-19 05:03:29.130 25923 25923 I ActivityThread: Pub applications: com.android.providers.applications.ApplicationsProvider
07-19 05:03:29.231 25923 25926 D dalvikvm: GC_CONCURRENT freed 331K, 5% free 9137K/9607K, paused 3ms+2ms
07-19 05:03:29.235 25923 25923 I ActivityThread: Pub contacts;com.android.contacts: com.android.providers.contacts.ContactsProvider2
07-19 05:03:29.509 25923 25926 D dalvikvm: GC_CONCURRENT freed 208K, 4% free 9358K/9671K, paused 3ms+3ms
07-19 05:03:30.071   144   317 D dalvikvm: GC_EXPLICIT freed 224K, 23% free 18688K/24199K, paused 3ms+8ms
07-19 05:03:30.583 25923 25926 D dalvikvm: GC_CONCURRENT freed 196K, 4% free 9594K/9927K, paused 15ms+3ms
07-19 05:03:34.196   144   160 D dalvikvm: GC_EXPLICIT freed 60K, 23% free 18673K/24199K, paused 15ms+8ms
07-19 05:03:39.235   346   346 D dalvikvm: GC_EXPLICIT freed 2K, 10% free 11911K/13191K, paused 39ms+4ms
07-19 05:03:44.134   435   435 D dalvikvm: GC_EXPLICIT freed <1K, 4% free 9033K/9347K, paused 19ms+2ms
07-19 05:03:49.169   321   321 D dalvikvm: GC_EXPLICIT freed <1K, 24% free 10155K/13191K, paused 20ms+2ms
07-19 05:03:54.192 13970 13970 D dalvikvm: GC_EXPLICIT freed <1K, 6% free 9759K/10375K, paused 22ms+3ms
07-19 05:03:57.599   144  1167 I ActivityManager: Start proc com.google.android.apps.maps:LocationFriendService for service com.google.android.apps.maps/com.google.googlenav.friend.reporting.LocationReceiverService: pid=25941 uid=10056 gids={3003, 1015}
07-19 05:03:57.825 25941 25944 D dalvikvm: GC_CONCURRENT freed 161K, 3% free 9371K/9607K, paused 7ms+2ms
07-19 05:03:58.368 25941 25944 D dalvikvm: GC_CONCURRENT freed 155K, 3% free 9657K/9927K, paused 16ms+2ms
07-19 05:03:58.403   144 14192 I ActivityManager: Process android.process.acore (pid 25923) has died.
07-19 05:03:58.778 25941 25944 D dalvikvm: GC_CONCURRENT freed 285K, 4% free 9840K/10247K, paused 9ms+3ms
07-19 05:03:58.966 25941 25944 D dalvikvm: GC_CONCURRENT freed 326K, 5% free 9973K/10439K, paused 2ms+3ms
07-19 05:04:05.298   215   215 D dalvikvm: GC_EXPLICIT freed 61K, 56% free 10154K/22727K, paused 22ms+3ms
07-19 05:04:10.333 24347 24347 D dalvikvm: GC_EXPLICIT freed 12K, 7% free 9881K/10567K, paused 24ms+3ms
07-19 05:04:20.255 24654 24654 D dalvikvm: GC_EXPLICIT freed 298K, 7% free 10413K/11079K, paused 5ms+3ms
07-19 05:04:25.329 24751 24751 D dalvikvm: GC_EXPLICIT freed <1K, 4% free 10926K/11271K, paused 22ms+2ms
07-19 05:04:30.388 25226 25226 D dalvikvm: GC_EXPLICIT freed 19K, 6% free 10700K/11335K, paused 52ms+3ms
07-19 05:04:31.829   144   169 I ActivityManager: Start proc com.google.android.apps.currents for service com.google.android.apps.currents/com.google.apps.dots.android.app.service.SyncService: pid=25964 uid=10078 gids={3003, 1015}
07-19 05:04:32.188 25964 25964 I ActivityThread: Pub com.google.apps.dots.android.app.provider.SuggestionProvider: com.google.apps.dots.android.app.provider.SuggestionProvider
07-19 05:04:32.204 25964 25964 I ActivityThread: Pub com.google.android.apps.currents.exported: com.google.apps.dots.android.app.provider.ExportedContentProvider
07-19 05:04:32.278 25964 25967 D dalvikvm: GC_CONCURRENT freed 168K, 3% free 9364K/9607K, paused 2ms+2ms
07-19 05:04:32.321   144 15767 I ActivityManager: Process com.google.android.apps.maps:LocationFriendService (pid 25941) has died.
07-19 05:04:32.356 25964 25967 D dalvikvm: GC_CONCURRENT freed 262K, 5% free 9581K/9991K, paused 2ms+10ms
07-19 05:04:32.485 25964 25967 D dalvikvm: GC_CONCURRENT freed 231K, 4% free 9828K/10183K, paused 1ms+2ms
07-19 05:04:32.673 25964 25967 D dalvikvm: GC_CONCURRENT freed 237K, 4% free 10070K/10439K, paused 2ms+2ms
07-19 05:04:32.727 25964 25964 I DotsContentUris: content://com.google.android.apps.currents
07-19 05:04:32.739 25964 25964 I ActivityThread: Pub com.google.android.apps.currents: com.google.apps.dots.android.app.provider.DotsContentProvider
07-19 05:04:32.747 25964 25964 I DotsApplication: Starting up...
07-19 05:04:33.020 25964 25967 D dalvikvm: GC_CONCURRENT freed 434K, 6% free 10159K/10695K, paused 2ms+4ms
07-19 05:04:33.309 25964 25967 D dalvikvm: GC_CONCURRENT freed 287K, 4% free 10331K/10759K, paused 2ms+4ms
07-19 05:04:33.337 25964 25984 I SyncService: Starting sync (05:04:33)
07-19 05:04:36.341 25964 25967 D dalvikvm: GC_CONCURRENT freed 284K, 4% free 10465K/10887K, paused 1ms+2ms
07-19 05:04:36.622 25964 25967 D dalvikvm: GC_CONCURRENT freed 220K, 4% free 10659K/11015K, paused 2ms+2ms
07-19 05:04:36.720 25964 25967 D dalvikvm: GC_CONCURRENT freed 462K, 6% free 10703K/11335K, paused 2ms+2ms
07-19 05:04:37.020 25964 25967 D dalvikvm: GC_CONCURRENT freed 506K, 6% free 10691K/11335K, paused 2ms+3ms
07-19 05:04:37.388   144   156 I ActivityManager: Process com.xabber.androiddev (pid 25226) has died.
07-19 05:04:37.388   144   156 W ActivityManager: Scheduling restart of crashed service com.xabber.androiddev/com.xabber.android.service.XMPPService in 5000ms
07-19 05:04:38.126   144   155 D SyncManager: setSyncAutomatically: , provider com.google.android.apps.currents -> true
07-19 05:04:38.126   144   155 D SyncManager: setSyncAutomatically: already set to true, doing nothing
07-19 05:04:38.204  3217  3217 D SyncSetupManager: setState: sync = true, wantedSyncState = true
07-19 05:04:38.208  3217  3217 D SyncSetupManager: Enabling sync
07-19 05:04:38.309 25964 25967 D dalvikvm: GC_CONCURRENT freed 449K, 6% free 10675K/11335K, paused 5ms+2ms
07-19 05:04:38.462 25964 25987 D dalvikvm: GC_FOR_ALLOC freed 177K, 4% free 10905K/11335K, paused 24ms
07-19 05:04:38.622 25964 25967 D dalvikvm: GC_CONCURRENT freed 266K, 4% free 11191K/11591K, paused 2ms+3ms
07-19 05:04:38.868 25964 25967 D dalvikvm: GC_CONCURRENT freed 313K, 4% free 11523K/11975K, paused 2ms+3ms
07-19 05:04:39.149   144   310 D dalvikvm: GC_EXPLICIT freed 369K, 23% free 18696K/24199K, paused 4ms+9ms
07-19 05:04:39.290 25964 25967 D dalvikvm: GC_CONCURRENT freed 1074K, 10% free 11211K/12423K, paused 2ms+4ms
07-19 05:04:40.114 25964 25967 D dalvikvm: GC_CONCURRENT freed 567K, 10% free 11251K/12423K, paused 2ms+58ms
07-19 05:04:40.724 25433 25446 I PhoneLab-: Service Running
07-19 05:04:40.942   144 15767 I ActivityManager: Process com.google.android.apps.maps (pid 24751) has died.
07-19 05:04:40.942   144 15767 W ActivityManager: Scheduling restart of crashed service com.google.android.apps.maps/com.google.googlenav.prefetch.android.PrefetcherService in 11447ms
07-19 05:04:41.114   144   146 D dalvikvm: GC_CONCURRENT freed 1964K, 23% free 18750K/24199K, paused 53ms+8ms
07-19 05:04:41.177 25433 25446 I PhoneLab-LoggerService: app_37    1395  1     1432   980   c00f181c 400107b4 S logcat
07-19 05:04:41.200 25433 25446 I PhoneLab-LoggerService: Logcat pid from database 1395
07-19 05:04:41.200 25433 25446 I PhoneLab-LoggerService: Logcat process found 1395
07-19 05:04:41.200 25433 25446 I PhoneLab-LoggerService: Checking Threshold
07-19 05:04:41.204 25433 25446 I PhoneLab-LoggerService: Starting to rename files
07-19 05:04:41.204 25433 25446 I PhoneLab-LoggerService: Files found .. 2
07-19 05:04:42.024 25964 25967 D dalvikvm: GC_CONCURRENT freed 587K, 10% free 11284K/12423K, paused 9ms+7ms
07-19 05:04:42.243 25964 25967 D dalvikvm: GC_CONCURRENT freed 645K, 10% free 11280K/12423K, paused 2ms+2ms
07-19 05:04:42.399 25991 25991 D dalvikvm: Late-enabling CheckJNI
07-19 05:04:42.423   144   161 I ActivityManager: Start proc com.xabber.androiddev for service com.xabber.androiddev/com.xabber.android.service.XMPPService: pid=25991 uid=10063 gids={3003, 1015}
07-19 05:04:42.450 25964 25967 D dalvikvm: GC_CONCURRENT freed 611K, 10% free 11298K/12423K, paused 2ms+3ms
07-19 05:04:42.501 25991 25991 I dalvikvm: Turning on JNI app bug workarounds for target SDK version 9...
07-19 05:04:43.099 25991 25992 D dalvikvm: GC_CONCURRENT freed 212K, 3% free 9319K/9607K, paused 4ms+2ms
07-19 05:04:43.142 25991 25991 D dalvikvm: GC_FOR_ALLOC freed 328K, 5% free 9473K/9927K, paused 15ms
07-19 05:04:43.270 25991 25992 D dalvikvm: GC_CONCURRENT freed 190K, 3% free 9854K/10119K, paused 2ms+3ms
07-19 05:04:43.454 25991 25992 D dalvikvm: GC_CONCURRENT freed 361K, 5% free 10066K/10503K, paused 1ms+2ms
07-19 05:04:43.626 25991 25991 I com.xabber.android.service.XMPPService@413e2b20: onCreate
07-19 05:04:43.630 25991 25991 I com.xabber.android.data.Application@41353dd0: onStart
07-19 05:04:43.642 25991 26005 I com.xabber.android.data.LogManager@41356a98: onLoad
07-19 05:04:43.739   144   378 I ActivityManager: Process com.whatsapp (pid 24347) has died.
07-19 05:04:43.743   144   378 W ActivityManager: Scheduling restart of crashed service com.whatsapp/.messaging.MessageService in 18645ms
07-19 05:04:44.259 25991 25992 D dalvikvm: GC_CONCURRENT freed 284K, 4% free 10208K/10631K, paused 2ms+3ms
07-19 05:04:44.298 25964 25967 D dalvikvm: GC_CONCURRENT freed 696K, 10% free 11236K/12423K, paused 2ms+2ms
07-19 05:04:44.450   144   388 I ActivityManager: Start proc android.process.acore for content provider com.android.providers.contacts/.ContactsProvider2: pid=26007 uid=10000 gids={3003, 1015}
07-19 05:04:44.493 26007 26007 I ActivityThread: Pub call_log: com.android.providers.contacts.CallLogProvider
07-19 05:04:44.536 26007 26007 I ActivityThread: Pub com.android.voicemail: com.android.providers.contacts.VoicemailContentProvider
07-19 05:04:44.540 26007 26007 I ActivityThread: Pub user_dictionary: com.android.providers.userdictionary.UserDictionaryProvider
07-19 05:04:44.548 26007 26007 I ActivityThread: Pub com.android.social: com.android.providers.contacts.SocialProvider
07-19 05:04:44.552 26007 26007 I ActivityThread: Pub applications: com.android.providers.applications.ApplicationsProvider
07-19 05:04:44.696 26007 26007 I ActivityThread: Pub contacts;com.android.contacts: com.android.providers.contacts.ContactsProvider2
07-19 05:04:44.704 26007 26010 D dalvikvm: GC_CONCURRENT freed 333K, 5% free 9180K/9607K, paused 42ms+3ms
07-19 05:04:44.790 25964 25967 D dalvikvm: GC_CONCURRENT freed 580K, 10% free 11272K/12423K, paused 2ms+3ms
07-19 05:04:45.028   144  1168 I ActivityManager: Process com.facebook.katana (pid 24241) has died.
07-19 05:04:45.028   144  1168 W ActivityManager: Scheduling restart of crashed service com.facebook.katana/.service.MediaUploadService in 27359ms
07-19 05:04:45.208 26007 26010 D dalvikvm: GC_CONCURRENT freed 232K, 4% free 9366K/9735K, paused 2ms+2ms
07-19 05:04:45.243 25964 25967 D dalvikvm: GC_CONCURRENT freed 604K, 9% free 11321K/12423K, paused 28ms+29ms
07-19 05:04:45.270   144   199 D DhcpInfoInternal: makeLinkProperties with empty dns2!
07-19 05:04:45.270   144   199 D DhcpInfoInternal: makeLinkProperties with empty dns2!
07-19 05:04:46.056 26007 26010 D dalvikvm: GC_CONCURRENT freed 181K, 4% free 9608K/9927K, paused 2ms+3ms
07-19 05:04:46.548 25964 25967 D dalvikvm: GC_CONCURRENT freed 634K, 9% free 11328K/12423K, paused 18ms+3ms
07-19 05:04:48.274 25991 25992 D dalvikvm: GC_CONCURRENT freed 220K, 4% free 10400K/10759K, paused 343ms+3ms
07-19 05:04:48.841 25964 25967 D dalvikvm: GC_CONCURRENT freed 704K, 10% free 11266K/12423K, paused 8ms+2ms
07-19 05:04:51.345 25964 25967 D dalvikvm: GC_CONCURRENT freed 617K, 10% free 11276K/12423K, paused 32ms+16ms
07-19 05:04:51.950 25964 25967 D dalvikvm: GC_CONCURRENT freed 629K, 10% free 11271K/12423K, paused 2ms+3ms
07-19 05:04:52.032 25991 25992 D dalvikvm: GC_CONCURRENT freed 259K, 4% free 10562K/10951K, paused 4ms+6ms
07-19 05:04:52.313 25964 25967 D dalvikvm: GC_CONCURRENT freed 601K, 10% free 11294K/12423K, paused 8ms+3ms
07-19 05:04:52.532   144   161 I ActivityManager: Start proc com.google.android.apps.maps for service com.google.android.apps.maps/com.google.googlenav.prefetch.android.PrefetcherService: pid=26048 uid=10056 gids={3003, 1015}
07-19 05:04:53.145 26048 26049 D dalvikvm: GC_CONCURRENT freed 167K, 3% free 9365K/9607K, paused 8ms+3ms
07-19 05:04:53.306 26048 26048 I ActivityThread: Pub com.google.android.maps.SearchHistoryProvider: com.google.googlenav.provider.SearchHistoryProvider
07-19 05:04:53.329 26048 26048 I ActivityThread: Pub com.google.android.maps.SuggestionProvider: com.google.googlenav.suggest.android.SuggestContentProvider
07-19 05:04:53.360 26048 26048 I ActivityThread: Pub com.google.android.maps.LayerInfoProvider: com.google.googlenav.layer.LayerInfoProvider
07-19 05:04:53.395 26048 26048 I ActivityThread: Pub com.google.android.maps.TrafficAppWidgetProvider: com.google.googlenav.appwidget.traffic.TrafficAppWidgetProvider
07-19 05:04:53.407 26048 26048 I ActivityThread: Pub com.google.android.maps.LocalActivePlacesProvider: com.google.googlenav.provider.LocalActivePlacesProvider
07-19 05:04:53.407 26048 26048 I ActivityThread: Pub com.google.android.maps.StarredItemProvider: com.google.googlenav.provider.StarredItemProvider
07-19 05:04:53.493 25964 25967 D dalvikvm: GC_CONCURRENT freed 604K, 9% free 11322K/12423K, paused 116ms+3ms
07-19 05:04:53.524 26048 26049 D dalvikvm: GC_CONCURRENT freed 175K, 3% free 9674K/9927K, paused 2ms+3ms
07-19 05:04:53.727 26048 26048 I ActivityThread: Pub com.google.android.maps.LocalSuggestionProvider: com.google.googlenav.provider.LocalSuggestionProvider
07-19 05:04:53.731 26048 26048 I ActivityThread: Pub com.google.android.maps.NavigationAvailabilityProvider: com.google.googlenav.provider.NavigationAvailabilityProvider
07-19 05:04:53.735 25991 25992 D dalvikvm: GC_CONCURRENT freed 353K, 5% free 10677K/11143K, paused 21ms+28ms
07-19 05:04:53.739 26048 26049 D dalvikvm: GC_CONCURRENT freed 278K, 4% free 9910K/10311K, paused 1ms+9ms
07-19 05:04:53.790   144   342 I ActivityManager: Process android.process.acore (pid 26007) has died.
07-19 05:04:53.856 26048 26064 D dalvikvm: GC_FOR_ALLOC freed 84K, 4% free 9970K/10311K, paused 19ms
07-19 05:04:53.899 26048 26065 D dalvikvm: GC_FOR_ALLOC freed 41K, 4% free 10178K/10567K, paused 25ms
07-19 05:04:53.958 26048 26075 D dalvikvm: GC_FOR_ALLOC freed 93K, 4% free 10455K/10823K, paused 23ms
07-19 05:04:53.993 26048 26074 D dalvikvm: GC_FOR_ALLOC freed 61K, 4% free 10670K/11079K, paused 20ms
07-19 05:04:54.243 25964 25967 D dalvikvm: GC_CONCURRENT freed 623K, 9% free 11342K/12423K, paused 88ms+3ms
07-19 05:04:55.333 25964 25967 D dalvikvm: GC_CONCURRENT freed 673K, 9% free 11316K/12423K, paused 2ms+3ms
07-19 05:04:55.434 25964 25987 D dalvikvm: GC_FOR_ALLOC freed 508K, 9% free 11341K/12423K, paused 28ms
07-19 05:04:55.434 25964 25987 I dalvikvm-heap: Grow heap (frag case) to 11.215MB for 70790-byte allocation
07-19 05:04:55.563 25964 25987 D dalvikvm: GC_FOR_ALLOC freed 38K, 10% free 11372K/12551K, paused 130ms
07-19 05:04:58.798 25964 25967 D dalvikvm: GC_CONCURRENT freed 752K, 11% free 11280K/12551K, paused 2ms+2ms
07-19 05:04:58.833   144   388 I ActivityManager: Start proc com.google.android.apps.maps:LocationFriendService for service com.google.android.apps.maps/com.google.googlenav.friend.reporting.LocationReceiverService: pid=26083 uid=10056 gids={3003, 1015}
07-19 05:04:58.860   144   342 I ActivityManager: Start proc android.process.acore for content provider com.android.providers.contacts/.ContactsProvider2: pid=26095 uid=10000 gids={3003, 1015}
07-19 05:04:58.923 26095 26095 I ActivityThread: Pub call_log: com.android.providers.contacts.CallLogProvider
07-19 05:04:58.970 26095 26095 I ActivityThread: Pub com.android.voicemail: com.android.providers.contacts.VoicemailContentProvider
07-19 05:04:58.977 26095 26095 I ActivityThread: Pub user_dictionary: com.android.providers.userdictionary.UserDictionaryProvider
07-19 05:04:59.001 26083 26086 D dalvikvm: GC_CONCURRENT freed 173K, 3% free 9358K/9607K, paused 2ms+2ms
07-19 05:04:59.138 26095 26095 I ActivityThread: Pub com.android.social: com.android.providers.contacts.SocialProvider
07-19 05:04:59.138 26095 26095 I ActivityThread: Pub applications: com.android.providers.applications.ApplicationsProvider
07-19 05:04:59.263 26095 26095 I ActivityThread: Pub contacts;com.android.contacts: com.android.providers.contacts.ContactsProvider2
07-19 05:04:59.309 26095 26097 D dalvikvm: GC_CONCURRENT freed 347K, 5% free 9162K/9607K, paused 3ms+2ms
07-19 05:04:59.442   144 14192 I ActivityManager: Process com.google.android.apps.maps (pid 26048) has died.
07-19 05:04:59.442   144 14192 W ActivityManager: Scheduling restart of crashed service com.google.android.apps.maps/com.google.googlenav.prefetch.android.PrefetcherService in 45788ms
07-19 05:04:59.446 26083 26086 D dalvikvm: GC_CONCURRENT freed 135K, 3% free 9666K/9927K, paused 10ms+31ms
07-19 05:04:59.517 25964 25967 D dalvikvm: GC_CONCURRENT freed 578K, 10% free 11339K/12551K, paused 6ms+3ms
07-19 05:04:59.747 25964 25967 D dalvikvm: GC_CONCURRENT freed 635K, 10% free 11360K/12551K, paused 2ms+3ms
07-19 05:04:59.942 26083 26086 D dalvikvm: GC_CONCURRENT freed 316K, 4% free 9844K/10247K, paused 2ms+3ms
07-19 05:05:00.017 26083 26090 I dalvikvm: Total arena pages for JIT: 11
07-19 05:05:00.017 26083 26090 I dalvikvm: Total arena pages for JIT: 12
07-19 05:05:00.020 26083 26090 I dalvikvm: Total arena pages for JIT: 13
07-19 05:05:00.020 26083 26090 I dalvikvm: Total arena pages for JIT: 14
07-19 05:05:00.020 26083 26090 I dalvikvm: Total arena pages for JIT: 15
07-19 05:05:00.020 26083 26090 I dalvikvm: Total arena pages for JIT: 16
07-19 05:05:00.020 26083 26090 I dalvikvm: Total arena pages for JIT: 17
07-19 05:05:00.255 25991 25992 D dalvikvm: GC_CONCURRENT freed 336K, 4% free 10834K/11271K, paused 2ms+2ms
07-19 05:05:00.411 26083 26086 D dalvikvm: GC_CONCURRENT freed 329K, 5% free 9987K/10439K, paused 2ms+3ms
07-19 05:05:00.485 26095 26097 D dalvikvm: GC_CONCURRENT freed 211K, 4% free 9397K/9735K, paused 2ms+2ms
07-19 05:05:00.638   144   378 I ActivityManager: Process com.google.android.apps.maps:LocationFriendService (pid 26083) has died.
07-19 05:05:00.962 25964 25967 D dalvikvm: GC_CONCURRENT freed 636K, 10% free 11379K/12551K, paused 5ms+2ms
07-19 05:05:02.349 26095 26097 D dalvikvm: GC_CONCURRENT freed 186K, 4% free 9602K/9927K, paused 25ms+2ms
07-19 05:05:02.403   144   161 I ActivityManager: Start proc com.whatsapp for service com.whatsapp/.messaging.MessageService: pid=26122 uid=10068 gids={1015, 3003}
07-19 05:05:02.450    79    79 D dalvikvm: GC_EXPLICIT freed 38K, 4% free 9027K/9347K, paused 1ms+2ms
07-19 05:05:02.477 26122 26122 I dalvikvm: Turning on JNI app bug workarounds for target SDK version 7...
07-19 05:05:02.493    79    79 D dalvikvm: GC_EXPLICIT freed <1K, 4% free 9027K/9347K, paused 2ms+2ms
07-19 05:05:02.532    79    79 D dalvikvm: GC_EXPLICIT freed <1K, 4% free 9027K/9347K, paused 2ms+2ms
07-19 05:05:02.970 26122 26125 D dalvikvm: GC_CONCURRENT freed 167K, 4% free 9303K/9607K, paused 23ms+2ms
07-19 05:05:03.559 25964 25967 D dalvikvm: GC_CONCURRENT freed 717K, 10% free 11329K/12551K, paused 44ms+2ms
07-19 05:05:03.794   144   310 D dalvikvm: GC_EXPLICIT freed 1000K, 23% free 18684K/24199K, paused 10ms+10ms
07-19 05:05:04.188 26122 26125 D dalvikvm: GC_CONCURRENT freed 279K, 5% free 9527K/9927K, paused 6ms+4ms
07-19 05:05:05.841 26122 26125 D dalvikvm: GC_CONCURRENT freed 243K, 4% free 9674K/10055K, paused 12ms+3ms
07-19 05:05:05.915 26122 26122 I dalvikvm: Could not find method android.media.MediaMetadataRetriever.captureFrame, referenced from method com.whatsapp.q3.a
07-19 05:05:05.915 26122 26122 W dalvikvm: VFY: unable to resolve virtual method 502: Landroid/media/MediaMetadataRetriever;.captureFrame ()Landroid/graphics/Bitmap;
07-19 05:05:05.915 26122 26122 D dalvikvm: VFY: replacing opcode 0x6e at 0x0134
07-19 05:05:06.622 26122 26125 D dalvikvm: GC_CONCURRENT freed 345K, 5% free 9884K/10311K, paused 2ms+97ms
07-19 05:05:06.786 25964 25967 D dalvikvm: GC_CONCURRENT freed 649K, 10% free 11326K/12551K, paused 53ms+46ms
07-19 05:05:08.591 26122 26125 D dalvikvm: GC_CONCURRENT freed 220K, 4% free 10144K/10503K, paused 41ms+9ms
07-19 05:05:09.317 25964 25967 D dalvikvm: GC_CONCURRENT freed 633K, 10% free 11341K/12551K, paused 3ms+2ms
07-19 05:05:09.513 25964 25967 D dalvikvm: GC_CONCURRENT freed 618K, 10% free 11372K/12551K, paused 3ms+2ms
07-19 05:05:09.661 25964 25967 D dalvikvm: GC_CONCURRENT freed 632K, 10% free 11398K/12551K, paused 2ms+2ms
07-19 05:05:11.270 25964 25967 D dalvikvm: GC_CONCURRENT freed 739K, 10% free 11328K/12551K, paused 3ms+8ms
07-19 05:05:11.462 25964 25967 D dalvikvm: GC_CONCURRENT freed 599K, 10% free 11370K/12551K, paused 2ms+3ms
07-19 05:05:12.161   359   359 D dalvikvm: GC_EXPLICIT freed <1K, 6% free 9096K/9607K, paused 28ms+2ms
07-19 05:05:12.274 25964 25967 D dalvikvm: GC_CONCURRENT freed 640K, 10% free 11389K/12551K, paused 2ms+2ms
07-19 05:05:12.399   144   161 I ActivityManager: Start proc com.facebook.katana for service com.facebook.katana/.service.MediaUploadService: pid=26154 uid=10071 gids={3003, 1006, 1015}
07-19 05:05:12.454 26154 26154 I dalvikvm: Turning on JNI app bug workarounds for target SDK version 10...
07-19 05:05:12.517   144 14192 I ActivityManager: Process android.process.acore (pid 26095) has died.
07-19 05:05:12.575 25964 25967 D dalvikvm: GC_CONCURRENT freed 640K, 10% free 11412K/12551K, paused 8ms+44ms
07-19 05:05:12.622 26154 26157 D dalvikvm: GC_CONCURRENT freed 147K, 3% free 9385K/9607K, paused 11ms+2ms
07-19 05:05:12.731 26154 26157 D dalvikvm: GC_CONCURRENT freed 119K, 3% free 9675K/9927K, paused 2ms+2ms
07-19 05:05:12.825 26154 26154 I ActivityThread: Pub com.facebook.katana.provider.LoggingProvider: com.facebook.katana.provider.LoggingProvider
07-19 05:05:13.040 26154 26154 I ActivityThread: Pub com.facebook.katana.provider.KeyValueProvider: com.facebook.katana.provider.KeyValueProvider
07-19 05:05:13.040 26154 26154 I ActivityThread: Pub com.facebook.katana.provider.CacheProvider: com.facebook.katana.provider.CacheProvider
07-19 05:05:13.044 26154 26154 I ActivityThread: Pub com.facebook.katana.provider.VaultImageProvider: com.facebook.katana.provider.VaultImageProvider
07-19 05:05:13.044 26154 26154 I ActivityThread: Pub com.facebook.katana.provider.MailboxProvider: com.facebook.katana.provider.MailboxProvider
07-19 05:05:13.044 26154 26154 I ActivityThread: Pub com.facebook.katana.provider.UserStatusesProvider: com.facebook.katana.provider.UserStatusesProvider
07-19 05:05:13.048 26154 26154 I ActivityThread: Pub com.facebook.katana.provider.EventsProvider: com.facebook.katana.provider.EventsProvider
07-19 05:05:13.048 26154 26154 I ActivityThread: Pub com.facebook.katana.provider.ObservedContactsProvider: com.facebook.katana.provider.ObservedContactsProvider
07-19 05:05:13.052 26154 26154 I ActivityThread: Pub com.facebook.katana.provider.NotificationsProvider: com.facebook.katana.provider.NotificationsProvider
07-19 05:05:13.063 26154 26154 I ActivityThread: Pub com.facebook.katana.provider.UserValuesProvider: com.facebook.katana.provider.UserValuesProvider
07-19 05:05:13.063 26154 26154 I ActivityThread: Pub com.facebook.katana.provider.PagesProvider: com.facebook.katana.provider.PagesProvider
07-19 05:05:13.063 26154 26154 I ActivityThread: Pub com.facebook.katana.provider.MobileEventLogProvider: com.facebook.katana.provider.MobileEventLogProvider
07-19 05:05:13.063 26154 26154 I ActivityThread: Pub com.facebook.katana.provider.PushNotificationsProvider: com.facebook.katana.provider.PushNotificationsProvider
07-19 05:05:13.067 26154 26154 I ActivityThread: Pub com.facebook.katana.provider.PhotosProvider: com.facebook.katana.provider.PhotosProvider
07-19 05:05:13.067 26154 26154 I ActivityThread: Pub com.facebook.katana.provider.ConnectionsProvider: com.facebook.katana.provider.ConnectionsProvider
07-19 05:05:13.079 26154 26154 I ActivityThread: Pub com.facebook.orca.notify.FbandroidMessagesForegroundProvider: com.facebook.orca.notify.FbandroidMessagesForegroundProvider
07-19 05:05:13.138 26154 26154 D ACRA    : Retrieve application default SharedPreferences.
07-19 05:05:13.142 26154 26154 D ACRA    : Set OnSharedPreferenceChangeListener.
07-19 05:05:13.153 26154 26154 D ACRA    : ACRA is enabled for com.facebook.katana, intializing...
07-19 05:05:13.196 26154 26154 D ACRA    : Looking for error files in /data/data/com.facebook.katana/app_acra-reports
07-19 05:05:13.321 26154 26157 D dalvikvm: GC_CONCURRENT freed 266K, 4% free 9849K/10247K, paused 2ms+3ms
07-19 05:05:13.337 26154 26154 W nalizableReferenceQueue: Could not load Finalizer in its own class loader.Loading Finalizer in the current class loader instead. As a result, you will not be ableto garbage collect this class loader. To support reclaiming this class loader, eitherresolve the underlying issue, or move Google Collections to your system class path.
07-19 05:05:13.337 26154 26154 W nalizableReferenceQueue: java.io.FileNotFoundException: com/google/common/base/internal/Finalizer.class
07-19 05:05:13.337 26154 26154 W nalizableReferenceQueue: 	at com.google.common.base.FinalizableReferenceQueue$DecoupledLoader.getBaseUrl(FinalizableReferenceQueue.java:243)
07-19 05:05:13.337 26154 26154 W nalizableReferenceQueue: 	at com.google.common.base.FinalizableReferenceQueue$DecoupledLoader.loadFinalizer(FinalizableReferenceQueue.java:227)
07-19 05:05:13.337 26154 26154 W nalizableReferenceQueue: 	at com.google.common.base.FinalizableReferenceQueue.loadFinalizer(FinalizableReferenceQueue.java:155)
07-19 05:05:13.337 26154 26154 W nalizableReferenceQueue: 	at com.google.common.base.FinalizableReferenceQueue.<clinit>(FinalizableReferenceQueue.java:84)
07-19 05:05:13.337 26154 26154 W nalizableReferenceQueue: 	at com.google.common.collect.CustomConcurrentHashMap$QueueHolder.<clinit>(CustomConcurrentHashMap.java:650)
07-19 05:05:13.337 26154 26154 W nalizableReferenceQueue: 	at com.google.common.collect.CustomConcurrentHashMap$WeakEntry.<init>(CustomConcurrentHashMap.java:1342)
07-19 05:05:13.337 26154 26154 W nalizableReferenceQueue: 	at com.google.common.collect.CustomConcurrentHashMap$EntryFactory$9.newEntry(CustomConcurrentHashMap.java:453)
07-19 05:05:13.337 26154 26154 W nalizableReferenceQueue: 	at com.google.common.collect.CustomConcurrentHashMap.a(CustomConcurrentHashMap.java:1715)
07-19 05:05:13.337 26154 26154 W nalizableReferenceQueue: 	at com.google.common.collect.ComputingConcurrentHashMap$ComputingSegment.a(ComputingConcurrentHashMap.java:123)
07-19 05:05:13.337 26154 26154 W nalizableReferenceQueue: 	at com.google.common.collect.ComputingConcurrentHashMap.apply(ComputingConcurrentHashMap.java:71)
07-19 05:05:13.337 26154 26154 W nalizableReferenceQueue: 	at com.google.common.collect.MapMaker$ComputingMapAdapter.get(MapMaker.java:848)
07-19 05:05:13.337 26154 26154 W nalizableReferenceQueue: 	at com.google.inject.internal.Annotations$AnnotationChecker.a(Annotations.java:90)
07-19 05:05:13.337 26154 26154 W nalizableReferenceQueue: 	at com.google.inject.internal.Annotations.c(Annotations.java:108)
07-19 05:05:13.337 26154 26154 W nalizableReferenceQueue: 	at com.google.inject.Key.d(Key.java:369)
07-19 05:05:13.337 26154 26154 W nalizableReferenceQueue: 	at com.google.inject.Key.b(Key.java:356)
07-19 05:05:13.337 26154 26154 W nalizableReferenceQueue: 	at com.google.inject.Key.a(Key.java:267)
07-19 05:05:13.337 26154 26154 W nalizableReferenceQueue: 	at com.facebook.orca.inject.binder.AnnotatedBindingBuilderImpl.a(AnnotatedBindingBuilderImpl.java:22)
07-19 05:05:13.337 26154 26154 W nalizableReferenceQueue: 	at com.facebook.orca.app.FbBaseModule.a(FbBaseModule.java:75)
07-19 05:05:13.337 26154 26154 W nalizableReferenceQueue: 	at com.facebook.orca.inject.AbstractModule.a(AbstractModule.java:19)
07-19 05:05:13.337 26154 26154 W nalizableReferenceQueue: 	at com.facebook.orca.inject.FbInjectorImpl.a(FbInjectorImpl.java:63)
07-19 05:05:13.337 26154 26154 W nalizableReferenceQueue: 	at com.facebook.orca.inject.FbInjectorImpl.<init>(FbInjectorImpl.java:41)
07-19 05:05:13.337 26154 26154 W nalizableReferenceQueue: 	at com.facebook.orca.inject.FbInjector.a(FbInjector.java:40)
07-19 05:05:13.337 26154 26154 W nalizableReferenceQueue: 	at com.facebook.katana.FacebookApplication.onCreate(FacebookApplication.java:102)
07-19 05:05:13.337 26154 26154 W nalizableReferenceQueue: 	at android.app.Instrumentation.callApplicationOnCreate(Instrumentation.java:969)
07-19 05:05:13.337 26154 26154 W nalizableReferenceQueue: 	at android.app.ActivityThread.handleBindApplication(ActivityThread.java:3954)
07-19 05:05:13.337 26154 26154 W nalizableReferenceQueue: 	at android.app.ActivityThread.access$1300(ActivityThread.java:123)
07-19 05:05:13.337 26154 26154 W nalizableReferenceQueue: 	at android.app.ActivityThread$H.handleMessage(ActivityThread.java:1185)
07-19 05:05:13.337 26154 26154 W nalizableReferenceQueue: 	at android.os.Handler.dispatchMessage(Handler.java:99)
07-19 05:05:13.337 26154 26154 W nalizableReferenceQueue: 	at android.os.Looper.loop(Looper.java:137)
07-19 05:05:13.337 26154 26154 W nalizableReferenceQueue: 	at android.app.ActivityThread.main(ActivityThread.java:4424)
07-19 05:05:13.337 26154 26154 W nalizableReferenceQueue: 	at java.lang.reflect.Method.invokeNative(Native Method)
07-19 05:05:13.337 26154 26154 W nalizableReferenceQueue: 	at java.lang.reflect.Method.invoke(Method.java:511)
07-19 05:05:13.337 26154 26154 W nalizableReferenceQueue: 	at com.android.internal.os.ZygoteInit$MethodAndArgsCaller.run(ZygoteInit.java:784)
07-19 05:05:13.337 26154 26154 W nalizableReferenceQueue: 	at com.android.internal.os.ZygoteInit.main(ZygoteInit.java:551)
07-19 05:05:13.337 26154 26154 W nalizableReferenceQueue: 	at dalvik.system.NativeStart.main(Native Method)
07-19 05:05:13.337 26154 26154 I Finalizer: Couldn't access Thread.inheritableThreadLocals. Reference finalizer threads will inherit thread local values.
07-19 05:05:13.470 25964 25967 D dalvikvm: GC_CONCURRENT freed 593K, 9% free 11491K/12551K, paused 17ms+28ms
07-19 05:05:13.481 26154 26157 D dalvikvm: GC_CONCURRENT freed 408K, 5% free 9956K/10439K, paused 2ms+2ms
07-19 05:05:13.681 26154 26157 D dalvikvm: GC_CONCURRENT freed 398K, 5% free 10094K/10567K, paused 22ms+3ms
07-19 05:05:13.743 25964 25987 D dalvikvm: GC_EXPLICIT freed 120K, 9% free 11467K/12551K, paused 2ms+5ms
07-19 05:05:14.282 26154 26157 D dalvikvm: GC_CONCURRENT freed 338K, 4% free 10268K/10695K, paused 7ms+64ms
07-19 05:05:14.821 26154 26171 W Resources: Converting to string: TypedValue{t=0x10/d=0xffffffff a=-1}
07-19 05:05:15.044 26154 26157 D dalvikvm: GC_CONCURRENT freed 320K, 5% free 10386K/10823K, paused 4ms+3ms
07-19 05:05:16.278 26154 26157 D dalvikvm: GC_CONCURRENT freed 383K, 5% free 10539K/11015K, paused 128ms+4ms
07-19 05:05:16.466   144  1167 D dalvikvm: GC_EXPLICIT freed 578K, 23% free 18664K/24199K, paused 12ms+20ms
07-19 05:05:17.696 26154 26157 D dalvikvm: GC_CONCURRENT freed 376K, 5% free 10574K/11079K, paused 22ms+113ms
07-19 05:05:18.001 25964 25967 D dalvikvm: GC_CONCURRENT freed 797K, 10% free 11362K/12551K, paused 3ms+3ms
07-19 05:05:18.020 26154 26157 D dalvikvm: GC_CONCURRENT freed 344K, 5% free 10670K/11143K, paused 3ms+5ms
07-19 05:05:18.173 25964 25967 D dalvikvm: GC_CONCURRENT freed 626K, 10% free 11397K/12551K, paused 2ms+4ms
07-19 05:05:18.321 25964 25967 D dalvikvm: GC_CONCURRENT freed 634K, 9% free 11430K/12551K, paused 2ms+2ms
07-19 05:05:18.751 26154 26157 D dalvikvm: GC_CONCURRENT freed 394K, 5% free 10751K/11271K, paused 3ms+2ms
07-19 05:05:19.333 26154 26157 D dalvikvm: GC_CONCURRENT freed 463K, 6% free 10813K/11399K, paused 2ms+3ms
07-19 05:05:19.434 25964 25967 D dalvikvm: GC_CONCURRENT freed 537K, 8% free 11571K/12551K, paused 2ms+4ms
07-19 05:05:20.489  3217  3217 W ThumbnailCache: Low Memory: Freed 0 textures from compression queue, 0 from write queue, 0 from the pinned list, 0 from the cache.
07-19 05:05:20.548  3217  3217 D dalvikvm: GC_EXPLICIT freed 36K, 20% free 12146K/15111K, paused 7ms+4ms
07-19 05:05:20.895 25964 25967 D dalvikvm: GC_CONCURRENT freed 915K, 10% free 11380K/12551K, paused 6ms+2ms
07-19 05:05:21.388 25964 25967 D dalvikvm: GC_CONCURRENT freed 656K, 10% free 11392K/12551K, paused 2ms+6ms
07-19 05:05:21.524 25964 25967 D dalvikvm: GC_CONCURRENT freed 617K, 9% free 11442K/12551K, paused 1ms+2ms
07-19 05:05:21.821 25964 25967 D dalvikvm: GC_CONCURRENT freed 657K, 9% free 11469K/12551K, paused 3ms+2ms
07-19 05:05:22.755 25964 25967 D dalvikvm: GC_CONCURRENT freed 745K, 10% free 11414K/12551K, paused 2ms+2ms
07-19 05:05:22.888 25964 25967 D dalvikvm: GC_CONCURRENT freed 638K, 9% free 11446K/12551K, paused 2ms+3ms
07-19 05:05:23.622 25964 25967 D dalvikvm: GC_CONCURRENT freed 654K, 9% free 11514K/12551K, paused 2ms+2ms
07-19 05:05:23.649 25964 25987 D dalvikvm: GC_FOR_ALLOC freed 84K, 9% free 11473K/12551K, paused 25ms
07-19 05:05:23.782 25964 25967 D dalvikvm: GC_CONCURRENT freed 681K, 9% free 11485K/12551K, paused 2ms+2ms
07-19 05:05:23.974 25964 25967 D dalvikvm: GC_CONCURRENT freed 671K, 9% free 11512K/12551K, paused 2ms+2ms
07-19 05:05:24.915 25964 25967 D dalvikvm: GC_CONCURRENT freed 798K, 9% free 11423K/12551K, paused 3ms+3ms
07-19 05:05:25.184 25964 25967 D dalvikvm: GC_CONCURRENT freed 672K, 9% free 11425K/12551K, paused 2ms+3ms
07-19 05:05:25.466  3452  3452 D dalvikvm: GC_EXPLICIT freed <1K, 4% free 9238K/9543K, paused 5ms+2ms
07-19 05:05:25.470 25964 25967 D dalvikvm: GC_CONCURRENT freed 706K, 10% free 11394K/12551K, paused 2ms+16ms
07-19 05:05:25.602 25964 25967 D dalvikvm: GC_CONCURRENT freed 467K, 8% free 11594K/12551K, paused 3ms+3ms
07-19 05:05:25.747 25964 25967 D dalvikvm: GC_CONCURRENT freed 547K, 7% free 11782K/12551K, paused 2ms+3ms
07-19 05:05:25.927 25964 25967 D dalvikvm: GC_CONCURRENT freed 615K, 6% free 11992K/12743K, paused 3ms+3ms
07-19 05:05:26.138 25964 25967 D dalvikvm: GC_CONCURRENT freed 1540K, 13% free 11319K/12999K, paused 2ms+7ms
07-19 05:05:32.575 25964 25967 D dalvikvm: GC_CONCURRENT freed 526K, 13% free 11432K/12999K, paused 2ms+4ms
07-19 05:05:32.634 25964 25984 I SyncService: sync service finished (05:05:32)
07-19 05:05:37.899 24485 24485 D dalvikvm: GC_EXPLICIT freed 69K, 5% free 9927K/10375K, paused 32ms+21ms
07-19 05:05:37.966   144  1167 I ActivityManager: Start proc android.process.acore for content provider com.android.providers.contacts/.ContactsProvider2: pid=26190 uid=10000 gids={3003, 1015}
07-19 05:05:38.106 26190 26190 I ActivityThread: Pub call_log: com.android.providers.contacts.CallLogProvider
07-19 05:05:38.153 26190 26190 I ActivityThread: Pub com.android.voicemail: com.android.providers.contacts.VoicemailContentProvider
07-19 05:05:38.161 26190 26190 I ActivityThread: Pub user_dictionary: com.android.providers.userdictionary.UserDictionaryProvider
07-19 05:05:38.220 26190 26190 I ActivityThread: Pub com.android.social: com.android.providers.contacts.SocialProvider
07-19 05:05:38.224 26190 26190 I ActivityThread: Pub applications: com.android.providers.applications.ApplicationsProvider
07-19 05:05:38.399 26190 26190 I ActivityThread: Pub contacts;com.android.contacts: com.android.providers.contacts.ContactsProvider2
07-19 05:05:38.567 26190 26193 D dalvikvm: GC_CONCURRENT freed 331K, 5% free 9140K/9607K, paused 11ms+2ms
07-19 05:05:38.927 26190 26193 D dalvikvm: GC_CONCURRENT freed 186K, 4% free 9352K/9671K, paused 3ms+2ms
07-19 05:05:39.559 26190 26193 D dalvikvm: GC_CONCURRENT freed 249K, 4% free 9541K/9927K, paused 5ms+3ms
07-19 05:05:39.661   144 14192 I ActivityManager: Process com.whatsapp (pid 26122) has died.
07-19 05:05:39.696   144 14192 W ActivityManager: Scheduling restart of crashed service com.whatsapp/.messaging.MessageService in 15534ms
07-19 05:05:40.942   144 12390 I ActivityManager: Process android.process.acore (pid 26190) has died.
07-19 05:05:41.958   144 26208 I ActivityManager: Applications Memory Usage (kB):
07-19 05:05:41.958   144 26208 I ActivityManager: Uptime: 225650250 Realtime: 305609094
07-19 05:05:41.958   144 26208 I ActivityManager: Total PSS by OOM adjustment:
07-19 05:05:41.958   144 26208 I ActivityManager:     27109 kB: System
07-19 05:05:41.958   144 26208 I ActivityManager:                27109 kB: system (pid 144)
07-19 05:05:41.958   144 26208 I ActivityManager:     28100 kB: Persistent
07-19 05:05:41.958   144 26208 I ActivityManager:                12485 kB: com.android.systemui (pid 215)
07-19 05:05:41.958   144 26208 I ActivityManager:                11681 kB: com.android.phone (pid 346)
07-19 05:05:41.958   144 26208 I ActivityManager:                 3934 kB: com.android.nfc (pid 359)
07-19 05:05:41.958   144 26208 I ActivityManager:    103544 kB: Foreground
07-19 05:05:41.958   144 26208 I ActivityManager:                62069 kB: com.android.chrome (pid 3217)
07-19 05:05:41.958   144 26208 I ActivityManager:                41475 kB: com.android.chrome:sandboxed_process1 (pid 3452)
07-19 05:05:41.958   144 26208 I ActivityManager:     27390 kB: Visible
07-19 05:05:41.958   144 26208 I ActivityManager:                14563 kB: com.google.android.gsf.login (pid 13970)
07-19 05:05:41.958   144 26208 I ActivityManager:                 9986 kB: com.google.process.gapps (pid 24485)
07-19 05:05:41.958   144 26208 I ActivityManager:                 2841 kB: com.android.smspush (pid 435)
07-19 05:05:41.958   144 26208 I ActivityManager:      6676 kB: Perceptible
07-19 05:05:41.958   144 26208 I ActivityManager:                 6676 kB: com.klye.ime.latin (pid 321)
07-19 05:05:41.958   144 26208 I ActivityManager:     40164 kB: A Services
07-19 05:05:41.958   144 26208 I ActivityManager:                13278 kB: com.google.android.apps.currents (pid 25964)
07-19 05:05:41.958   144 26208 I ActivityManager:                12357 kB: com.facebook.katana (pid 26154)
07-19 05:05:41.958   144 26208 I ActivityManager:                 7552 kB: com.xabber.androiddev (pid 25991)
07-19 05:05:41.958   144 26208 I ActivityManager:                 6977 kB: com.google.android.apps.maps:NetworkLocationService (pid 24654)
07-19 05:05:41.958   144 26208 I ActivityManager:     13888 kB: B Services
07-19 05:05:41.958   144 26208 I ActivityManager:                 5179 kB: com.google.android.apps.googlevoice (pid 25817)
07-19 05:05:41.958   144 26208 I ActivityManager:                 3222 kB: com.apksoftware.compass (pid 25396)
07-19 05:05:41.958   144 26208 I ActivityManager:                 2988 kB: edu.buffalo.cse.phonelab.phonelabservices (pid 25433)
07-19 05:05:41.958   144 26208 I ActivityManager:                 2499 kB: com.android.sprintmenu (pid 25590)
07-19 05:05:41.958   144 26208 I ActivityManager:      8673 kB: Background
07-19 05:05:41.958   144 26208 I ActivityManager:                 8673 kB: android.process.acore (pid 26190)
07-19 05:05:41.958   144 26208 I ActivityManager: 
07-19 05:05:41.958   144 26208 I ActivityManager: Total PSS: 255544 kB
07-19 05:05:41.958   144 26208 I ActivityManager:   PID      Vss      Rss      Pss      Uss  cmdline
07-19 05:05:41.958   144 26208 I ActivityManager:  3217   84720K   84628K   62259K   56364K  com.android.chrome
07-19 05:05:41.958   144 26208 I ActivityManager:  3452   60284K   60180K   41575K   38052K  com.android.chrome:sandboxed_process1
07-19 05:05:41.958   144 26208 I ActivityManager:   144   42612K   42544K   27261K   26188K  system_server
07-19 05:05:41.958   144 26208 I ActivityManager: 13970   30304K   30224K   14677K   13724K  com.google.android.gsf.login
07-19 05:05:41.958   144 26208 I ActivityManager: 25964   32772K   32720K   13230K   11476K  com.google.android.apps.currents
07-19 05:05:41.958   144 26208 I ActivityManager: 26154   32836K   32764K   12787K   10476K  com.facebook.katana
07-19 05:05:41.958   144 26208 I ActivityManager:   215   31732K   31516K   12652K    8412K  com.android.systemui
07-19 05:05:41.958   144 26208 I ActivityManager:    78   21120K   18120K   12233K    7092K  /system/bin/surfaceflinger
07-19 05:05:41.958   144 26208 I ActivityManager:   346   26696K   26624K   11778K   10892K  com.android.phone
07-19 05:05:41.958   144 26208 I ActivityManager: 24485   29024K   28932K   10202K    8808K  com.google.process.gapps
07-19 05:05:41.958   144 26208 I ActivityManager: 25991   27912K   27848K    7818K    5916K  com.xabber.androiddev
07-19 05:05:41.958   144 26208 I ActivityManager: 24654   25184K   25092K    7100K    5848K  com.google.android.apps.maps:NetworkLocationService
07-19 05:05:41.958   144 26208 I ActivityManager:   321   21852K   21752K    6769K    5868K  com.klye.ime.latin
07-19 05:05:41.958   144 26208 I ActivityManager: 25817   24716K   24652K    5344K    3852K  com.google.android.apps.googlevoice
07-19 05:05:41.958   144 26208 I ActivityManager:   359   19236K   19140K    4027K    3120K  com.android.nfc
07-19 05:05:41.958   144 26208 I ActivityManager: 25396   22208K   22108K    3366K    1960K  com.apksoftware.compass
07-19 05:05:41.958   144 26208 I ActivityManager: 25433   21492K   21392K    3122K    1780K  edu.buffalo.cse.phonelab.phonelabservices
07-19 05:05:41.958   144 26208 I ActivityManager:   435   18480K   18368K    2939K    1936K  com.android.smspush
07-19 05:05:41.958   144 26208 I ActivityManager: 25590   20992K   20892K    2632K    1264K  com.android.sprintmenu
07-19 05:05:41.958   144 26208 I ActivityManager:    79   18628K   18500K    2184K    1016K  zygote
07-19 05:05:41.958   144 26208 I ActivityManager:    81    2132K    2132K    1813K    1788K  /system/bin/mediaserver
07-19 05:05:41.958   144 26208 I ActivityManager:    80     956K     956K     878K     876K  /system/bin/drmserver
07-19 05:05:41.958   144 26208 I ActivityManager:  1395     984K     980K     845K     840K  logcat
07-19 05:05:41.958   144 26208 I ActivityManager:    77     960K     960K     685K     668K  /system/bin/rild
07-19 05:05:41.958   144 26208 I ActivityManager: 26209     776K     768K     648K     644K  procrank
07-19 05:05:41.958   144 26208 I ActivityManager:   275     624K     620K     464K     456K  /system/bin/wpa_supplicant
07-19 05:05:41.958   144 26208 I ActivityManager:    88     440K     440K     424K     424K  /sbin/adbd
07-19 05:05:41.958   144 26208 I ActivityManager: 21204     584K     584K     396K     380K  /system/bin/netd
07-19 05:05:41.958   144 26208 I ActivityManager:   292     332K     332K     300K     300K  /system/bin/bluetoothd
07-19 05:05:41.958   144 26208 I ActivityManager:    86     432K     428K     283K     276K  /system/vendor/bin/gpsd
07-19 05:05:41.958   144 26208 I ActivityManager:    72     364K     360K     274K     268K  /system/bin/vold
07-19 05:05:41.958   144 26208 I ActivityManager:    82     220K     212K     184K     184K  /system/bin/dbus-daemon
07-19 05:05:41.958   144 26208 I ActivityManager:    85     200K     192K     160K     160K  /system/bin/keystore
07-19 05:05:41.958   144 26208 I ActivityManager: 28597     308K     304K     154K     148K  /system/bin/dhcpcd
07-19 05:05:41.958   144 26208 I ActivityManager:     1     204K     204K     142K     104K  /init
07-19 05:05:41.958   144 26208 I ActivityManager:   203     168K     160K     128K     128K  /system/bin/brcm_patchram_plus
07-19 05:05:41.958   144 26208 I ActivityManager:    61     160K     160K     122K      84K  /sbin/ueventd
07-19 05:05:41.958   144 26208 I ActivityManager:    87     140K     136K     104K     104K  /system/bin/sh
07-19 05:05:41.958   144 26208 I ActivityManager:    83     196K     188K      98K      96K  /system
07-19 05:05:45.313   144   161 I ActivityManager: Start proc com.google.android.apps.maps for service com.google.android.apps.maps/com.google.googlenav.prefetch.android.PrefetcherService: pid=26210 uid=10056 gids={3003, 1015}
07-19 05:05:45.489 26210 26213 D dalvikvm: GC_CONCURRENT freed 154K, 3% free 9377K/9607K, paused 3ms+2ms
07-19 05:05:45.587 26210 26210 I ActivityThread: Pub com.google.android.maps.SearchHistoryProvider: com.google.googlenav.provider.SearchHistoryProvider
07-19 05:05:45.614 26210 26210 I ActivityThread: Pub com.google.android.maps.SuggestionProvider: com.google.googlenav.suggest.android.SuggestContentProvider
07-19 05:05:45.649 26210 26210 I ActivityThread: Pub com.google.android.maps.LayerInfoProvider: com.google.googlenav.layer.LayerInfoProvider
07-19 05:05:45.665 26210 26210 I ActivityThread: Pub com.google.android.maps.TrafficAppWidgetProvider: com.google.googlenav.appwidget.traffic.TrafficAppWidgetProvider
07-19 05:05:45.665 26210 26210 I ActivityThread: Pub com.google.android.maps.LocalActivePlacesProvider: com.google.googlenav.provider.LocalActivePlacesProvider
07-19 05:05:45.673 26210 26210 I ActivityThread: Pub com.google.android.maps.StarredItemProvider: com.google.googlenav.provider.StarredItemProvider
07-19 05:05:45.899   144   310 D dalvikvm: GC_EXPLICIT freed 1783K, 23% free 18666K/24199K, paused 13ms+8ms
07-19 05:05:45.974 26210 26213 D dalvikvm: GC_CONCURRENT freed 156K, 3% free 9648K/9927K, paused 2ms+8ms
07-19 05:05:46.005   359   359 D dalvikvm: GC_EXPLICIT freed <1K, 6% free 9096K/9607K, paused 2ms+3ms
07-19 05:05:46.181 26210 26213 D dalvikvm: GC_CONCURRENT freed 226K, 4% free 9866K/10183K, paused 2ms+3ms
07-19 05:05:46.294 26210 26210 I ActivityThread: Pub com.google.android.maps.LocalSuggestionProvider: com.google.googlenav.provider.LocalSuggestionProvider
07-19 05:05:46.294 26210 26210 I ActivityThread: Pub com.google.android.maps.NavigationAvailabilityProvider: com.google.googlenav.provider.NavigationAvailabilityProvider
07-19 05:05:46.528 26210 26213 D dalvikvm: GC_CONCURRENT freed 185K, 3% free 10189K/10503K, paused 3ms+2ms
07-19 05:05:46.599 26210 26236 D dalvikvm: GC_FOR_ALLOC freed 140K, 3% free 10461K/10759K, paused 29ms
07-19 05:05:46.634 26210 26235 D dalvikvm: GC_FOR_ALLOC freed 25K, 4% free 10657K/11015K, paused 19ms
07-19 05:05:51.684  3217  3217 W ThumbnailCache: Low Memory: Freed 0 textures from compression queue, 0 from write queue, 0 from the pinned list, 0 from the cache.
07-19 05:05:51.849  3217  3217 D dalvikvm: GC_EXPLICIT freed 7K, 20% free 12145K/15111K, paused 64ms+3ms
07-19 05:05:55.317   144   161 I ActivityManager: Start proc com.whatsapp for service com.whatsapp/.messaging.MessageService: pid=26243 uid=10068 gids={1015, 3003}
07-19 05:05:55.352 26243 26243 I dalvikvm: Turning on JNI app bug workarounds for target SDK version 7...
07-19 05:05:55.532   144   310 I ActivityManager: Process com.xabber.androiddev (pid 25991) has died.
07-19 05:05:55.536   144   310 W ActivityManager: Scheduling restart of crashed service com.xabber.androiddev/com.xabber.android.service.XMPPService in 5000ms
07-19 05:05:55.622 26243 26246 D dalvikvm: GC_CONCURRENT freed 160K, 3% free 9362K/9607K, paused 8ms+2ms
07-19 05:05:56.224 26243 26246 D dalvikvm: GC_CONCURRENT freed 295K, 4% free 9603K/9991K, paused 2ms+3ms
07-19 05:05:56.403   144   155 I ActivityManager: Start proc android.process.acore for content provider com.android.providers.contacts/.ContactsProvider2: pid=26261 uid=10000 gids={3003, 1015}
07-19 05:05:56.485 26261 26261 I ActivityThread: Pub call_log: com.android.providers.contacts.CallLogProvider
07-19 05:05:56.532 26261 26261 I ActivityThread: Pub com.android.voicemail: com.android.providers.contacts.VoicemailContentProvider
07-19 05:05:56.532 26261 26261 I ActivityThread: Pub user_dictionary: com.android.providers.userdictionary.UserDictionaryProvider
07-19 05:05:56.540 26261 26261 I ActivityThread: Pub com.android.social: com.android.providers.contacts.SocialProvider
07-19 05:05:56.544 26261 26261 I ActivityThread: Pub applications: com.android.providers.applications.ApplicationsProvider
07-19 05:05:56.591   144 15767 I ActivityManager: Process com.google.android.apps.currents (pid 25964) has died.
07-19 05:05:56.595   144 15767 W ActivityManager: Scheduling restart of crashed service com.google.android.apps.currents/com.google.apps.dots.android.app.service.DotsSyncService in 13942ms
07-19 05:05:56.638 26243 26243 I dalvikvm: Could not find method android.media.MediaMetadataRetriever.captureFrame, referenced from method com.whatsapp.q3.a
07-19 05:05:56.638 26243 26243 W dalvikvm: VFY: unable to resolve virtual method 502: Landroid/media/MediaMetadataRetriever;.captureFrame ()Landroid/graphics/Bitmap;
07-19 05:05:56.638 26243 26243 D dalvikvm: VFY: replacing opcode 0x6e at 0x0134
07-19 05:05:56.829 26261 26261 I ActivityThread: Pub contacts;com.android.contacts: com.android.providers.contacts.ContactsProvider2
07-19 05:05:56.880 26261 26263 D dalvikvm: GC_CONCURRENT freed 344K, 5% free 9188K/9607K, paused 6ms+3ms
07-19 05:05:56.919 26243 26246 D dalvikvm: GC_CONCURRENT freed 327K, 4% free 9842K/10247K, paused 13ms+4ms
07-19 05:05:57.067 26243 26246 D dalvikvm: GC_CONCURRENT freed 274K, 4% free 9965K/10375K, paused 3ms+4ms
07-19 05:05:58.290 26261 26263 D dalvikvm: GC_CONCURRENT freed 163K, 3% free 9463K/9735K, paused 3ms+2ms
07-19 05:05:58.700 24654 24656 D dalvikvm: GC_CONCURRENT freed 498K, 6% free 10427K/11079K, paused 2ms+4ms
07-19 05:05:58.724   144  6618 I ActivityManager: Start proc com.google.android.apps.maps:LocationFriendService for service com.google.android.apps.maps/com.google.googlenav.friend.reporting.LocationReceiverService: pid=26286 uid=10056 gids={3003, 1015}
07-19 05:05:58.907 26286 26288 D dalvikvm: GC_CONCURRENT freed 165K, 3% free 9366K/9607K, paused 2ms+4ms
07-19 05:05:59.626 26286 26288 D dalvikvm: GC_CONCURRENT freed 155K, 3% free 9656K/9927K, paused 42ms+2ms
07-19 05:06:00.505 26286 26288 D dalvikvm: GC_CONCURRENT freed 278K, 4% free 9846K/10247K, paused 7ms+6ms
07-19 05:06:00.579 26308 26308 D dalvikvm: Late-enabling CheckJNI
07-19 05:06:00.579   144   161 I ActivityManager: Start proc com.xabber.androiddev for service com.xabber.androiddev/com.xabber.android.service.XMPPService: pid=26308 uid=10063 gids={3003, 1015}
07-19 05:06:00.794 26308 26308 I dalvikvm: Turning on JNI app bug workarounds for target SDK version 9...
07-19 05:06:00.942 26286 26293 I dalvikvm: Total arena pages for JIT: 11
07-19 05:06:00.946 26286 26293 I dalvikvm: Total arena pages for JIT: 12
07-19 05:06:00.946 26286 26293 I dalvikvm: Total arena pages for JIT: 13
07-19 05:06:00.950 26286 26293 I dalvikvm: Total arena pages for JIT: 14
07-19 05:06:00.950 26286 26293 I dalvikvm: Total arena pages for JIT: 15
07-19 05:06:00.958 26286 26293 I dalvikvm: Total arena pages for JIT: 16
07-19 05:06:00.958 26286 26293 I dalvikvm: Total arena pages for JIT: 17
07-19 05:06:00.958 26243 26246 D dalvikvm: GC_CONCURRENT freed 538K, 7% free 9854K/10503K, paused 211ms+3ms
07-19 05:06:01.247 26308 26310 D dalvikvm: GC_CONCURRENT freed 216K, 4% free 9315K/9607K, paused 153ms+2ms
07-19 05:06:01.294 26308 26310 D dalvikvm: GC_CONCURRENT freed 327K, 5% free 9473K/9927K, paused 2ms+3ms
07-19 05:06:01.415 26308 26310 D dalvikvm: GC_CONCURRENT freed 190K, 3% free 9854K/10119K, paused 1ms+3ms
07-19 05:06:01.622 26308 26310 D dalvikvm: GC_CONCURRENT freed 361K, 5% free 10066K/10503K, paused 2ms+3ms
07-19 05:06:01.727 26261 26263 D dalvikvm: GC_CONCURRENT freed 220K, 4% free 9656K/9991K, paused 37ms+4ms
07-19 05:06:01.782 26308 26308 I com.xabber.android.service.XMPPService@4135c300: onCreate
07-19 05:06:01.782 26308 26308 I com.xabber.android.data.Application@41354a18: onStart
07-19 05:06:01.813 26308 26325 I com.xabber.android.data.LogManager@41365570: onLoad
07-19 05:06:01.903 26286 26288 D dalvikvm: GC_CONCURRENT freed 341K, 5% free 9978K/10439K, paused 2ms+3ms
07-19 05:06:01.946   144   155 I ActivityManager: Process com.google.android.apps.maps:LocationFriendService (pid 26286) has died.
07-19 05:06:02.899 26308 26310 D dalvikvm: GC_CONCURRENT freed 285K, 4% free 10208K/10631K, paused 3ms+3ms
07-19 05:06:05.184 26308 26310 D dalvikvm: GC_CONCURRENT freed 220K, 4% free 10401K/10759K, paused 18ms+5ms
07-19 05:06:06.286   144  6618 I ActivityManager: Process android.process.acore (pid 26261) has died.
07-19 05:06:07.091 26308 26310 D dalvikvm: GC_CONCURRENT freed 258K, 4% free 10558K/10951K, paused 3ms+3ms
07-19 05:06:07.720 26308 26310 D dalvikvm: GC_CONCURRENT freed 354K, 5% free 10687K/11143K, paused 3ms+3ms
07-19 05:06:09.727   144   144 I ActivityManager: Start proc android.process.acore for content provider com.android.providers.contacts/.ContactsProvider2: pid=26337 uid=10000 gids={3003, 1015}
07-19 05:06:09.763 26337 26337 I ActivityThread: Pub call_log: com.android.providers.contacts.CallLogProvider
07-19 05:06:09.790 26337 26337 I ActivityThread: Pub com.android.voicemail: com.android.providers.contacts.VoicemailContentProvider
07-19 05:06:09.794 26337 26337 I ActivityThread: Pub user_dictionary: com.android.providers.userdictionary.UserDictionaryProvider
07-19 05:06:09.837 26337 26337 I ActivityThread: Pub com.android.social: com.android.providers.contacts.SocialProvider
07-19 05:06:09.841 26337 26337 I ActivityThread: Pub applications: com.android.providers.applications.ApplicationsProvider
07-19 05:06:09.985 26337 26337 I ActivityThread: Pub contacts;com.android.contacts: com.android.providers.contacts.ContactsProvider2
07-19 05:06:09.989 26337 26340 D dalvikvm: GC_CONCURRENT freed 340K, 5% free 9151K/9607K, paused 4ms+2ms
07-19 05:06:10.282 26337 26340 D dalvikvm: GC_CONCURRENT freed 233K, 4% free 9370K/9735K, paused 2ms+2ms
07-19 05:06:10.642 26308 26310 D dalvikvm: GC_CONCURRENT freed 389K, 5% free 10812K/11335K, paused 4ms+5ms
07-19 05:06:11.360 26337 26340 D dalvikvm: GC_CONCURRENT freed 172K, 4% free 9617K/9927K, paused 52ms+6ms
07-19 05:06:11.392  3452  3452 D dalvikvm: GC_EXPLICIT freed <1K, 4% free 9238K/9543K, paused 10ms+2ms
07-19 05:06:11.481   144   378 I ActivityManager: Process android.process.acore (pid 26337) has died.
07-19 05:06:11.720   144   156 I ActivityManager: Start proc android.process.acore for content provider com.android.providers.contacts/.ContactsProvider2: pid=26355 uid=10000 gids={3003, 1015}
07-19 05:06:11.743 26355 26355 I ActivityThread: Pub call_log: com.android.providers.contacts.CallLogProvider
07-19 05:06:11.747 26355 26355 I ActivityThread: Pub com.android.voicemail: com.android.providers.contacts.VoicemailContentProvider
07-19 05:06:11.747 26355 26355 I ActivityThread: Pub user_dictionary: com.android.providers.userdictionary.UserDictionaryProvider
07-19 05:06:11.755 26355 26355 I ActivityThread: Pub com.android.social: com.android.providers.contacts.SocialProvider
07-19 05:06:11.755 26355 26355 I ActivityThread: Pub applications: com.android.providers.applications.ApplicationsProvider
07-19 05:06:11.817 26355 26355 I ActivityThread: Pub contacts;com.android.contacts: com.android.providers.contacts.ContactsProvider2
07-19 05:06:11.825 26355 26358 D dalvikvm: GC_CONCURRENT freed 343K, 5% free 9183K/9607K, paused 1ms+2ms
07-19 05:06:11.993 26355 26358 D dalvikvm: GC_CONCURRENT freed 232K, 4% free 9369K/9735K, paused 2ms+2ms
07-19 05:06:12.571   144 14994 I ActivityManager: Process android.process.acore (pid 26355) has died.
07-19 05:06:20.368   144   160 D dalvikvm: GC_EXPLICIT freed 641K, 23% free 18677K/24199K, paused 11ms+8ms
07-19 05:06:25.388   346   346 D dalvikvm: GC_EXPLICIT freed 30K, 10% free 11912K/13191K, paused 25ms+3ms
07-19 05:06:30.349   435   435 D dalvikvm: GC_EXPLICIT freed <1K, 4% free 9033K/9347K, paused 19ms+2ms
07-19 05:06:35.360   321   321 D dalvikvm: GC_EXPLICIT freed <1K, 24% free 10155K/13191K, paused 16ms+3ms
07-19 05:06:40.376 13970 13970 D dalvikvm: GC_EXPLICIT freed <1K, 6% free 9759K/10375K, paused 22ms+3ms
07-19 05:06:40.743 25433 25446 I PhoneLab-: Service Running
07-19 05:06:40.880 25433 25446 I PhoneLab-LoggerService: app_37    1395  1     1432   980   c00f181c 400107b4 S logcat
07-19 05:06:40.880 25433 25446 I PhoneLab-LoggerService: Logcat pid from database 1395
07-19 05:06:40.880 25433 25446 I PhoneLab-LoggerService: Logcat process found 1395
07-19 05:06:40.880 25433 25446 I PhoneLab-LoggerService: Checking Threshold
07-19 05:06:40.884 25433 25446 I PhoneLab-LoggerService: Starting to rename files
07-19 05:06:40.884 25433 25446 I PhoneLab-LoggerService: Files found .. 2
07-19 05:06:40.895 25433 25435 D dalvikvm: GC_CONCURRENT freed 398K, 6% free 9089K/9607K, paused 9ms+2ms
07-19 05:06:45.407   215   215 D dalvikvm: GC_EXPLICIT freed 88K, 56% free 10169K/22727K, paused 23ms+3ms
07-19 05:06:50.466 24485 24485 D dalvikvm: GC_EXPLICIT freed 113K, 5% free 9921K/10375K, paused 34ms+3ms
07-19 05:06:55.392 24654 24654 D dalvikvm: GC_EXPLICIT freed 36K, 7% free 10412K/11079K, paused 23ms+2ms
07-19 05:06:58.735   144   388 I ActivityManager: Start proc com.google.android.apps.maps:LocationFriendService for service com.google.android.apps.maps/com.google.googlenav.friend.reporting.LocationReceiverService: pid=26376 uid=10056 gids={3003, 1015}
07-19 05:06:58.876 26376 26379 D dalvikvm: GC_CONCURRENT freed 175K, 3% free 9356K/9607K, paused 4ms+2ms
07-19 05:06:59.204 26376 26379 D dalvikvm: GC_CONCURRENT freed 161K, 3% free 9671K/9927K, paused 10ms+3ms
07-19 05:06:59.696 26376 26379 D dalvikvm: GC_CONCURRENT freed 292K, 4% free 9844K/10247K, paused 3ms+3ms
07-19 05:06:59.880   144 13425 I ActivityManager: Process com.xabber.androiddev (pid 26308) has died.
07-19 05:06:59.880   144 13425 W ActivityManager: Scheduling restart of crashed service com.xabber.androiddev/com.xabber.android.service.XMPPService in 20000ms
07-19 05:06:59.892 26376 26379 D dalvikvm: GC_CONCURRENT freed 326K, 4% free 9968K/10375K, paused 2ms+16ms
07-19 05:07:05.235   359   359 D dalvikvm: GC_EXPLICIT freed <1K, 6% free 9096K/9607K, paused 24ms+3ms
07-19 05:07:10.181   144   199 D DhcpInfoInternal: makeLinkProperties with empty dns2!
07-19 05:07:10.184   144   199 D DhcpInfoInternal: makeLinkProperties with empty dns2!
07-19 05:07:18.040  3217  3217 W ThumbnailCache: Low Memory: Freed 0 textures from compression queue, 0 from write queue, 0 from the pinned list, 0 from the cache.
07-19 05:07:18.118  3217  3217 D dalvikvm: GC_EXPLICIT freed 1K, 20% free 12145K/15111K, paused 25ms+4ms
07-19 05:07:19.919 26417 26417 D dalvikvm: Late-enabling CheckJNI
07-19 05:07:19.927   144   161 I ActivityManager: Start proc com.xabber.androiddev for service com.xabber.androiddev/com.xabber.android.service.XMPPService: pid=26417 uid=10063 gids={3003, 1015}
07-19 05:07:19.970 26417 26417 I dalvikvm: Turning on JNI app bug workarounds for target SDK version 9...
07-19 05:07:19.981    79    79 D dalvikvm: GC_EXPLICIT freed 37K, 4% free 9027K/9347K, paused 14ms+5ms
07-19 05:07:20.028    79    79 D dalvikvm: GC_EXPLICIT freed <1K, 4% free 9027K/9347K, paused 4ms+4ms
07-19 05:07:20.071    79    79 D dalvikvm: GC_EXPLICIT freed <1K, 4% free 9027K/9347K, paused 4ms+2ms
07-19 05:07:20.224 26417 26420 D dalvikvm: GC_CONCURRENT freed 196K, 3% free 9336K/9607K, paused 5ms+4ms
07-19 05:07:20.278 26417 26417 D dalvikvm: GC_FOR_ALLOC freed 346K, 5% free 9457K/9927K, paused 18ms
07-19 05:07:20.388 26417 26420 D dalvikvm: GC_CONCURRENT freed 188K, 3% free 9791K/10055K, paused 2ms+3ms
07-19 05:07:20.595 26417 26420 D dalvikvm: GC_CONCURRENT freed 289K, 4% free 10061K/10439K, paused 1ms+4ms
07-19 05:07:20.696   144   174 I ActivityManager: Start proc com.twitter.android for service com.twitter.android/.client.AppService: pid=26431 uid=10064 gids={3003, 1015}
07-19 05:07:20.712 26431 26431 I dalvikvm: Turning on JNI app bug workarounds for target SDK version 11...
07-19 05:07:20.755 26417 26417 I com.xabber.android.service.XMPPService@413a1538: onCreate
07-19 05:07:20.759   144   155 I ActivityManager: Process com.google.android.apps.maps:LocationFriendService (pid 26376) has died.
07-19 05:07:20.763 26417 26417 I com.xabber.android.data.Application@413581a0: onStart
07-19 05:07:20.767 26417 26444 I com.xabber.android.data.LogManager@41363c90: onLoad
07-19 05:07:20.895 26431 26431 I ActivityThread: Pub com.twitter.android.provider.GlobalDatabaseProvider: com.twitter.android.provider.GlobalDatabaseProvider
07-19 05:07:20.907 26431 26431 I ActivityThread: Pub com.twitter.android.provider.TwitterProvider: com.twitter.android.provider.TwitterProvider
07-19 05:07:21.020 26431 26433 D dalvikvm: GC_CONCURRENT freed 172K, 4% free 9297K/9607K, paused 3ms+2ms
07-19 05:07:21.056 26417 26420 D dalvikvm: GC_CONCURRENT freed 301K, 5% free 10192K/10631K, paused 6ms+2ms
07-19 05:07:21.376 26431 26433 D dalvikvm: GC_CONCURRENT freed 221K, 4% free 9512K/9863K, paused 2ms+2ms
07-19 05:07:21.532 26431 26433 D dalvikvm: GC_CONCURRENT freed 285K, 5% free 9639K/10055K, paused 2ms+2ms
07-19 05:07:21.642   144 12390 I ActivityManager: Start proc android.process.acore for content provider com.android.providers.contacts/.ContactsProvider2: pid=26448 uid=10000 gids={3003, 1015}
07-19 05:07:21.704 26448 26448 I ActivityThread: Pub call_log: com.android.providers.contacts.CallLogProvider
07-19 05:07:21.755 26448 26448 I ActivityThread: Pub com.android.voicemail: com.android.providers.contacts.VoicemailContentProvider
07-19 05:07:21.755 26448 26448 I ActivityThread: Pub user_dictionary: com.android.providers.userdictionary.UserDictionaryProvider
07-19 05:07:21.767 26448 26448 I ActivityThread: Pub com.android.social: com.android.providers.contacts.SocialProvider
07-19 05:07:21.767 26448 26448 I ActivityThread: Pub applications: com.android.providers.applications.ApplicationsProvider
07-19 05:07:21.809 26431 26433 D dalvikvm: GC_CONCURRENT freed 289K, 5% free 9761K/10183K, paused 2ms+3ms
07-19 05:07:21.833 26448 26448 I ActivityThread: Pub contacts;com.android.contacts: com.android.providers.contacts.ContactsProvider2
07-19 05:07:21.868 26448 26450 D dalvikvm: GC_CONCURRENT freed 349K, 5% free 9182K/9607K, paused 2ms+4ms
07-19 05:07:22.102 26431 26433 D dalvikvm: GC_CONCURRENT freed 301K, 5% free 9886K/10311K, paused 1ms+2ms
07-19 05:07:22.188 26448 26450 D dalvikvm: GC_CONCURRENT freed 233K, 4% free 9370K/9735K, paused 3ms+2ms
07-19 05:07:22.325 26431 26433 D dalvikvm: GC_CONCURRENT freed 298K, 5% free 10015K/10439K, paused 2ms+5ms
07-19 05:07:22.493 26431 26433 D dalvikvm: GC_CONCURRENT freed 297K, 4% free 10146K/10567K, paused 1ms+2ms
07-19 05:07:22.708 26431 26433 D dalvikvm: GC_CONCURRENT freed 299K, 4% free 10273K/10695K, paused 2ms+2ms
07-19 05:07:22.907   144 14994 I ActivityManager: Process com.google.android.apps.maps (pid 26210) has died.
07-19 05:07:22.907   144 14994 W ActivityManager: Scheduling restart of crashed service com.google.android.apps.maps/com.google.googlenav.prefetch.android.PrefetcherService in 5000ms
07-19 05:07:22.938 26431 26433 D dalvikvm: GC_CONCURRENT freed 476K, 6% free 10224K/10823K, paused 2ms+3ms
07-19 05:07:23.067 26448 26450 D dalvikvm: GC_CONCURRENT freed 227K, 4% free 9592K/9927K, paused 9ms+3ms
07-19 05:07:23.309 26431 26433 D dalvikvm: GC_CONCURRENT freed 319K, 5% free 10297K/10823K, paused 113ms+3ms
07-19 05:07:23.474 26431 26433 D dalvikvm: GC_CONCURRENT freed 326K, 5% free 10372K/10823K, paused 2ms+2ms
07-19 05:07:23.684 26431 26433 D dalvikvm: GC_CONCURRENT freed 353K, 5% free 10470K/10951K, paused 2ms+3ms
07-19 05:07:23.841 26431 26433 D dalvikvm: GC_CONCURRENT freed 342K, 5% free 10554K/11015K, paused 2ms+3ms
07-19 05:07:24.009 26431 26433 D dalvikvm: GC_CONCURRENT freed 327K, 4% free 10643K/11079K, paused 2ms+2ms
07-19 05:07:24.196 26431 26433 D dalvikvm: GC_CONCURRENT freed 379K, 5% free 10722K/11207K, paused 2ms+3ms
07-19 05:07:24.392 26431 26433 D dalvikvm: GC_CONCURRENT freed 403K, 5% free 10819K/11335K, paused 2ms+3ms
07-19 05:07:24.661 26417 26420 D dalvikvm: GC_CONCURRENT freed 210K, 4% free 10410K/10759K, paused 2ms+3ms
07-19 05:07:25.583   144   378 D dalvikvm: GC_EXPLICIT freed 298K, 23% free 18675K/24199K, paused 45ms+8ms
07-19 05:07:26.630   144 12390 I ActivityManager: Process android.process.acore (pid 26448) has died.
07-19 05:07:27.177 26431 26433 D dalvikvm: GC_CONCURRENT freed 321K, 4% free 11019K/11463K, paused 4ms+2ms
07-19 05:07:27.763 26417 26420 D dalvikvm: GC_CONCURRENT freed 268K, 4% free 10545K/10951K, paused 3ms+2ms
07-19 05:07:27.985   144   161 I ActivityManager: Start proc com.google.android.apps.maps for service com.google.android.apps.maps/com.google.googlenav.prefetch.android.PrefetcherService: pid=26474 uid=10056 gids={3003, 1015}
07-19 05:07:28.177 26474 26476 D dalvikvm: GC_CONCURRENT freed 154K, 3% free 9378K/9607K, paused 7ms+23ms
07-19 05:07:28.290 26474 26474 I ActivityThread: Pub com.google.android.maps.SearchHistoryProvider: com.google.googlenav.provider.SearchHistoryProvider
07-19 05:07:28.325 26474 26474 I ActivityThread: Pub com.google.android.maps.SuggestionProvider: com.google.googlenav.suggest.android.SuggestContentProvider
07-19 05:07:28.349 26417 26420 D dalvikvm: GC_CONCURRENT freed 334K, 5% free 10615K/11079K, paused 2ms+2ms
07-19 05:07:28.372 26474 26474 I ActivityThread: Pub com.google.android.maps.LayerInfoProvider: com.google.googlenav.layer.LayerInfoProvider
07-19 05:07:28.384 26474 26474 I ActivityThread: Pub com.google.android.maps.TrafficAppWidgetProvider: com.google.googlenav.appwidget.traffic.TrafficAppWidgetProvider
07-19 05:07:28.388 26474 26474 I ActivityThread: Pub com.google.android.maps.LocalActivePlacesProvider: com.google.googlenav.provider.LocalActivePlacesProvider
07-19 05:07:28.388 26474 26474 I ActivityThread: Pub com.google.android.maps.StarredItemProvider: com.google.googlenav.provider.StarredItemProvider
07-19 05:07:28.540 26474 26476 D dalvikvm: GC_CONCURRENT freed 182K, 3% free 9729K/9991K, paused 3ms+3ms
07-19 05:07:28.720 26474 26474 I ActivityThread: Pub com.google.android.maps.LocalSuggestionProvider: com.google.googlenav.provider.LocalSuggestionProvider
07-19 05:07:28.720 26474 26474 I ActivityThread: Pub com.google.android.maps.NavigationAvailabilityProvider: com.google.googlenav.provider.NavigationAvailabilityProvider
07-19 05:07:28.759 26474 26476 D dalvikvm: GC_CONCURRENT freed 285K, 4% free 9912K/10311K, paused 2ms+8ms
07-19 05:07:28.907 26474 26491 D dalvikvm: GC_FOR_ALLOC freed 87K, 4% free 9963K/10311K, paused 19ms
07-19 05:07:28.938 26474 26492 D dalvikvm: GC_FOR_ALLOC freed 17K, 4% free 10161K/10567K, paused 18ms
07-19 05:07:28.938 26474 26492 I dalvikvm-heap: Grow heap (frag case) to 10.191MB for 204816-byte allocation
07-19 05:07:28.970 26474 26494 D dalvikvm: GC_FOR_ALLOC freed 0K, 5% free 10361K/10823K, paused 20ms
07-19 05:07:29.052 26474 26501 D dalvikvm: GC_FOR_ALLOC freed 105K, 4% free 10441K/10823K, paused 24ms
07-19 05:07:29.091 26474 26502 D dalvikvm: GC_FOR_ALLOC freed 37K, 4% free 10654K/11079K, paused 20ms
07-19 05:07:31.563 26431 26433 D dalvikvm: GC_CONCURRENT freed 434K, 5% free 11152K/11719K, paused 55ms+3ms
07-19 05:07:31.653   144 14192 I ActivityManager: Start proc android.process.acore for content provider com.android.providers.contacts/.ContactsProvider2: pid=26510 uid=10000 gids={3003, 1015}
07-19 05:07:32.024 26510 26510 I ActivityThread: Pub call_log: com.android.providers.contacts.CallLogProvider
07-19 05:07:32.075 26510 26510 I ActivityThread: Pub com.android.voicemail: com.android.providers.contacts.VoicemailContentProvider
07-19 05:07:32.075 26510 26510 I ActivityThread: Pub user_dictionary: com.android.providers.userdictionary.UserDictionaryProvider
07-19 05:07:32.091 26510 26510 I ActivityThread: Pub com.android.social: com.android.providers.contacts.SocialProvider
07-19 05:07:32.091 26510 26510 I ActivityThread: Pub applications: com.android.providers.applications.ApplicationsProvider
07-19 05:07:32.204 26510 26510 I ActivityThread: Pub contacts;com.android.contacts: com.android.providers.contacts.ContactsProvider2
07-19 05:07:32.231   144   388 I ActivityManager: Process com.facebook.katana (pid 26154) has died.
07-19 05:07:32.231   144   388 W ActivityManager: Scheduling restart of crashed service com.facebook.katana/.service.MediaUploadService in 5000ms
07-19 05:07:32.243 26510 26512 D dalvikvm: GC_CONCURRENT freed 342K, 5% free 9191K/9607K, paused 3ms+5ms
07-19 05:07:32.349 26417 26420 D dalvikvm: GC_CONCURRENT freed 360K, 5% free 10731K/11207K, paused 3ms+2ms
07-19 05:07:32.645 26510 26512 D dalvikvm: GC_CONCURRENT freed 224K, 4% free 9375K/9735K, paused 2ms+2ms
07-19 05:07:33.181   144 14192 I ActivityManager: Process com.twitter.android (pid 26431) has died.
07-19 05:07:33.802 26510 26512 D dalvikvm: GC_CONCURRENT freed 176K, 4% free 9614K/9927K, paused 12ms+6ms
07-19 05:07:37.372   144   161 I ActivityManager: Start proc com.facebook.katana for service com.facebook.katana/.service.MediaUploadService: pid=26532 uid=10071 gids={3003, 1006, 1015}
07-19 05:07:37.415 26532 26532 I dalvikvm: Turning on JNI app bug workarounds for target SDK version 10...
07-19 05:07:37.673 26532 26533 D dalvikvm: GC_CONCURRENT freed 157K, 3% free 9375K/9607K, paused 8ms+2ms
07-19 05:07:37.786 26532 26533 D dalvikvm: GC_CONCURRENT freed 123K, 3% free 9675K/9927K, paused 2ms+3ms
07-19 05:07:37.895 26532 26532 I ActivityThread: Pub com.facebook.katana.provider.LoggingProvider: com.facebook.katana.provider.LoggingProvider
07-19 05:07:37.958 26532 26532 I ActivityThread: Pub com.facebook.katana.provider.KeyValueProvider: com.facebook.katana.provider.KeyValueProvider
07-19 05:07:37.966 26532 26532 I ActivityThread: Pub com.facebook.katana.provider.CacheProvider: com.facebook.katana.provider.CacheProvider
07-19 05:07:37.977 26532 26532 I ActivityThread: Pub com.facebook.katana.provider.VaultImageProvider: com.facebook.katana.provider.VaultImageProvider
07-19 05:07:37.989 26532 26532 I ActivityThread: Pub com.facebook.katana.provider.MailboxProvider: com.facebook.katana.provider.MailboxProvider
07-19 05:07:38.017 26532 26532 I ActivityThread: Pub com.facebook.katana.provider.UserStatusesProvider: com.facebook.katana.provider.UserStatusesProvider
07-19 05:07:38.017 26532 26532 I ActivityThread: Pub com.facebook.katana.provider.EventsProvider: com.facebook.katana.provider.EventsProvider
07-19 05:07:38.017 26532 26532 I ActivityThread: Pub com.facebook.katana.provider.ObservedContactsProvider: com.facebook.katana.provider.ObservedContactsProvider
07-19 05:07:38.020 26532 26532 I ActivityThread: Pub com.facebook.katana.provider.NotificationsProvider: com.facebook.katana.provider.NotificationsProvider
07-19 05:07:38.028   144   317 I ActivityManager: Process android.process.acore (pid 26510) has died.
07-19 05:07:38.036 26532 26532 I ActivityThread: Pub com.facebook.katana.provider.UserValuesProvider: com.facebook.katana.provider.UserValuesProvider
07-19 05:07:38.036 26532 26532 I ActivityThread: Pub com.facebook.katana.provider.PagesProvider: com.facebook.katana.provider.PagesProvider
07-19 05:07:38.036 26532 26532 I ActivityThread: Pub com.facebook.katana.provider.MobileEventLogProvider: com.facebook.katana.provider.MobileEventLogProvider
07-19 05:07:38.040 26532 26532 I ActivityThread: Pub com.facebook.katana.provider.PushNotificationsProvider: com.facebook.katana.provider.PushNotificationsProvider
07-19 05:07:38.040 26532 26532 I ActivityThread: Pub com.facebook.katana.provider.PhotosProvider: com.facebook.katana.provider.PhotosProvider
07-19 05:07:38.040 26532 26532 I ActivityThread: Pub com.facebook.katana.provider.ConnectionsProvider: com.facebook.katana.provider.ConnectionsProvider
07-19 05:07:38.059 26532 26532 I ActivityThread: Pub com.facebook.orca.notify.FbandroidMessagesForegroundProvider: com.facebook.orca.notify.FbandroidMessagesForegroundProvider
07-19 05:07:38.118 26532 26532 D ACRA    : Retrieve application default SharedPreferences.
07-19 05:07:38.122 26532 26532 D ACRA    : Set OnSharedPreferenceChangeListener.
07-19 05:07:38.130 26532 26532 D ACRA    : ACRA is enabled for com.facebook.katana, intializing...
07-19 05:07:38.200 26532 26532 D ACRA    : Looking for error files in /data/data/com.facebook.katana/app_acra-reports
07-19 05:07:38.360 26532 26532 W nalizableReferenceQueue: Could not load Finalizer in its own class loader.Loading Finalizer in the current class loader instead. As a result, you will not be ableto garbage collect this class loader. To support reclaiming this class loader, eitherresolve the underlying issue, or move Google Collections to your system class path.
07-19 05:07:38.360 26532 26532 W nalizableReferenceQueue: java.io.FileNotFoundException: com/google/common/base/internal/Finalizer.class
07-19 05:07:38.360 26532 26532 W nalizableReferenceQueue: 	at com.google.common.base.FinalizableReferenceQueue$DecoupledLoader.getBaseUrl(FinalizableReferenceQueue.java:243)
07-19 05:07:38.360 26532 26532 W nalizableReferenceQueue: 	at com.google.common.base.FinalizableReferenceQueue$DecoupledLoader.loadFinalizer(FinalizableReferenceQueue.java:227)
07-19 05:07:38.360 26532 26532 W nalizableReferenceQueue: 	at com.google.common.base.FinalizableReferenceQueue.loadFinalizer(FinalizableReferenceQueue.java:155)
07-19 05:07:38.360 26532 26532 W nalizableReferenceQueue: 	at com.google.common.base.FinalizableReferenceQueue.<clinit>(FinalizableReferenceQueue.java:84)
07-19 05:07:38.360 26532 26532 W nalizableReferenceQueue: 	at com.google.common.collect.CustomConcurrentHashMap$QueueHolder.<clinit>(CustomConcurrentHashMap.java:650)
07-19 05:07:38.360 26532 26532 W nalizableReferenceQueue: 	at com.google.common.collect.CustomConcurrentHashMap$WeakEntry.<init>(CustomConcurrentHashMap.java:1342)
07-19 05:07:38.360 26532 26532 W nalizableReferenceQueue: 	at com.google.common.collect.CustomConcurrentHashMap$EntryFactory$9.newEntry(CustomConcurrentHashMap.java:453)
07-19 05:07:38.360 26532 26532 W nalizableReferenceQueue: 	at com.google.common.collect.CustomConcurrentHashMap.a(CustomConcurrentHashMap.java:1715)
07-19 05:07:38.360 26532 26532 W nalizableReferenceQueue: 	at com.google.common.collect.ComputingConcurrentHashMap$ComputingSegment.a(ComputingConcurrentHashMap.java:123)
07-19 05:07:38.360 26532 26532 W nalizableReferenceQueue: 	at com.google.common.collect.ComputingConcurrentHashMap.apply(ComputingConcurrentHashMap.java:71)
07-19 05:07:38.360 26532 26532 W nalizableReferenceQueue: 	at com.google.common.collect.MapMaker$ComputingMapAdapter.get(MapMaker.java:848)
07-19 05:07:38.360 26532 26532 W nalizableReferenceQueue: 	at com.google.inject.internal.Annotations$AnnotationChecker.a(Annotations.java:90)
07-19 05:07:38.360 26532 26532 W nalizableReferenceQueue: 	at com.google.inject.internal.Annotations.c(Annotations.java:108)
07-19 05:07:38.360 26532 26532 W nalizableReferenceQueue: 	at com.google.inject.Key.d(Key.java:369)
07-19 05:07:38.360 26532 26532 W nalizableReferenceQueue: 	at com.google.inject.Key.b(Key.java:356)
07-19 05:07:38.360 26532 26532 W nalizableReferenceQueue: 	at com.google.inject.Key.a(Key.java:267)
07-19 05:07:38.360 26532 26532 W nalizableReferenceQueue: 	at com.facebook.orca.inject.binder.AnnotatedBindingBuilderImpl.a(AnnotatedBindingBuilderImpl.java:22)
07-19 05:07:38.360 26532 26532 W nalizableReferenceQueue: 	at com.facebook.orca.app.FbBaseModule.a(FbBaseModule.java:75)
07-19 05:07:38.360 26532 26532 W nalizableReferenceQueue: 	at com.facebook.orca.inject.AbstractModule.a(AbstractModule.java:19)
07-19 05:07:38.360 26532 26532 W nalizableReferenceQueue: 	at com.facebook.orca.inject.FbInjectorImpl.a(FbInjectorImpl.java:63)
07-19 05:07:38.360 26532 26532 W nalizableReferenceQueue: 	at com.facebook.orca.inject.FbInjectorImpl.<init>(FbInjectorImpl.java:41)
07-19 05:07:38.360 26532 26532 W nalizableReferenceQueue: 	at com.facebook.orca.inject.FbInjector.a(FbInjector.java:40)
07-19 05:07:38.360 26532 26532 W nalizableReferenceQueue: 	at com.facebook.katana.FacebookApplication.onCreate(FacebookApplication.java:102)
07-19 05:07:38.360 26532 26532 W nalizableReferenceQueue: 	at android.app.Instrumentation.callApplicationOnCreate(Instrumentation.java:969)
07-19 05:07:38.360 26532 26532 W nalizableReferenceQueue: 	at android.app.ActivityThread.handleBindApplication(ActivityThread.java:3954)
07-19 05:07:38.360 26532 26532 W nalizableReferenceQueue: 	at android.app.ActivityThread.access$1300(ActivityThread.java:123)
07-19 05:07:38.360 26532 26532 W nalizableReferenceQueue: 	at android.app.ActivityThread$H.handleMessage(ActivityThread.java:1185)
07-19 05:07:38.360 26532 26532 W nalizableReferenceQueue: 	at android.os.Handler.dispatchMessage(Handler.java:99)
07-19 05:07:38.360 26532 26532 W nalizableReferenceQueue: 	at android.os.Looper.loop(Looper.java:137)
07-19 05:07:38.360 26532 26532 W nalizableReferenceQueue: 	at android.app.ActivityThread.main(ActivityThread.java:4424)
07-19 05:07:38.360 26532 26532 W nalizableReferenceQueue: 	at java.lang.reflect.Method.invokeNative(Native Method)
07-19 05:07:38.360 26532 26532 W nalizableReferenceQueue: 	at java.lang.reflect.Method.invoke(Method.java:511)
07-19 05:07:38.360 26532 26532 W nalizableReferenceQueue: 	at com.android.internal.os.ZygoteInit$MethodAndArgsCaller.run(ZygoteInit.java:784)
07-19 05:07:38.360 26532 26532 W nalizableReferenceQueue: 	at com.android.internal.os.ZygoteInit.main(ZygoteInit.java:551)
07-19 05:07:38.360 26532 26532 W nalizableReferenceQueue: 	at dalvik.system.NativeStart.main(Native Method)
07-19 05:07:38.360 26532 26532 I Finalizer: Couldn't access Thread.inheritableThreadLocals. Reference finalizer threads will inherit thread local values.
07-19 05:07:38.372 26532 26533 D dalvikvm: GC_CONCURRENT freed 309K, 5% free 9866K/10311K, paused 8ms+3ms
07-19 05:07:38.520 26532 26533 D dalvikvm: GC_CONCURRENT freed 418K, 5% free 9979K/10503K, paused 2ms+2ms
07-19 05:07:38.716 26532 26533 D dalvikvm: GC_CONCURRENT freed 323K, 5% free 10118K/10567K, paused 13ms+7ms
07-19 05:07:38.950 26532 26533 D dalvikvm: GC_CONCURRENT freed 369K, 5% free 10262K/10759K, paused 7ms+3ms
07-19 05:07:39.427 26532 26549 W Resources: Converting to string: TypedValue{t=0x10/d=0xffffffff a=-1}
07-19 05:07:44.638  3452  3452 D dalvikvm: GC_EXPLICIT freed <1K, 4% free 9238K/9543K, paused 30ms+2ms
07-19 05:07:49.665 24485 24485 D dalvikvm: GC_EXPLICIT freed 46K, 5% free 9908K/10375K, paused 49ms+4ms
07-19 05:07:56.349   144   160 D dalvikvm: GC_EXPLICIT freed 667K, 23% free 18671K/24199K, paused 8ms+8ms
07-19 05:07:58.809 24654 24656 D dalvikvm: GC_CONCURRENT freed 498K, 6% free 10425K/11079K, paused 2ms+3ms
07-19 05:07:58.829   144   155 I ActivityManager: Start proc com.google.android.apps.maps:LocationFriendService for service com.google.android.apps.maps/com.google.googlenav.friend.reporting.LocationReceiverService: pid=26555 uid=10056 gids={3003, 1015}
07-19 05:07:58.974 26555 26558 D dalvikvm: GC_CONCURRENT freed 165K, 3% free 9366K/9607K, paused 2ms+2ms
07-19 05:07:59.466 26555 26558 D dalvikvm: GC_CONCURRENT freed 133K, 3% free 9673K/9927K, paused 7ms+2ms
07-19 05:07:59.505   144 14192 I ActivityManager: Process com.facebook.katana (pid 26532) has died.
07-19 05:08:00.020 26555 26558 D dalvikvm: GC_CONCURRENT freed 309K, 5% free 9836K/10247K, paused 148ms+2ms
07-19 05:08:00.216 26555 26562 I dalvikvm: Total arena pages for JIT: 11
07-19 05:08:00.220 26555 26562 I dalvikvm: Total arena pages for JIT: 12
07-19 05:08:00.220 26555 26562 I dalvikvm: Total arena pages for JIT: 13
07-19 05:08:00.220 26555 26562 I dalvikvm: Total arena pages for JIT: 14
07-19 05:08:00.224 26555 26562 I dalvikvm: Total arena pages for JIT: 15
07-19 05:08:00.224 26555 26562 I dalvikvm: Total arena pages for JIT: 16
07-19 05:08:00.224 26555 26562 I dalvikvm: Total arena pages for JIT: 17
07-19 05:08:00.333 26555 26558 D dalvikvm: GC_CONCURRENT freed 327K, 4% free 9969K/10375K, paused 1ms+2ms
07-19 05:08:05.239   346   346 D dalvikvm: GC_EXPLICIT freed 6K, 10% free 11911K/13191K, paused 26ms+3ms
07-19 05:08:10.177   435   435 D dalvikvm: GC_EXPLICIT freed <1K, 4% free 9033K/9347K, paused 19ms+2ms
07-19 05:08:11.778 26578 26578 D dalvikvm: Late-enabling CheckJNI
07-19 05:08:11.782   144   161 I ActivityManager: Start proc com.chess for broadcast com.chess/.backend.AlarmReceiver: pid=26578 uid=10079 gids={3003, 1015}
07-19 05:08:11.934 26578 26581 D dalvikvm: GC_CONCURRENT freed 167K, 3% free 9365K/9607K, paused 3ms+2ms
07-19 05:08:12.071 26578 26592 D GetStringObjTask: retrieving from url = http://www.chess.com/api/get_move_status?id=5HHjW9WUGa%2Bcu1LUwnVJPxTIWxmEve4VdkRnRyg7b5Ch69JH2Z5aB%2B7eGuFw8K2uFx47KFsdE3JRdR3Mzv0PkZOj6eZ8N73BvxmEERrzXjMNRo80rkLyJAUTh0iqof4n
07-19 05:08:13.122 26578 26592 D GetStringObjTask: WebRequest SERVER RESPONSE: Success+0
07-19 05:08:15.184   144   174 I ActivityManager: Start proc com.facebook.katana for service com.facebook.katana/.service.FacebookService: pid=26594 uid=10071 gids={3003, 1006, 1015}
07-19 05:08:15.196 26594 26594 I dalvikvm: Turning on JNI app bug workarounds for target SDK version 10...
07-19 05:08:15.368 26594 26596 D dalvikvm: GC_CONCURRENT freed 164K, 3% free 9367K/9607K, paused 2ms+3ms
07-19 05:08:15.481 26594 26596 D dalvikvm: GC_CONCURRENT freed 126K, 3% free 9676K/9927K, paused 2ms+2ms
07-19 05:08:15.505   144  6618 I ActivityManager: Process com.google.android.apps.maps:LocationFriendService (pid 26555) has died.
07-19 05:08:15.591 26594 26594 I ActivityThread: Pub com.facebook.katana.provider.LoggingProvider: com.facebook.katana.provider.LoggingProvider
07-19 05:08:15.630 26594 26594 I ActivityThread: Pub com.facebook.katana.provider.KeyValueProvider: com.facebook.katana.provider.KeyValueProvider
07-19 05:08:15.634 26594 26594 I ActivityThread: Pub com.facebook.katana.provider.CacheProvider: com.facebook.katana.provider.CacheProvider
07-19 05:08:15.645 26594 26594 I ActivityThread: Pub com.facebook.katana.provider.VaultImageProvider: com.facebook.katana.provider.VaultImageProvider
07-19 05:08:15.649 26594 26594 I ActivityThread: Pub com.facebook.katana.provider.MailboxProvider: com.facebook.katana.provider.MailboxProvider
07-19 05:08:15.665 26594 26594 I ActivityThread: Pub com.facebook.katana.provider.UserStatusesProvider: com.facebook.katana.provider.UserStatusesProvider
07-19 05:08:15.665 26594 26594 I ActivityThread: Pub com.facebook.katana.provider.EventsProvider: com.facebook.katana.provider.EventsProvider
07-19 05:08:15.669 26594 26594 I ActivityThread: Pub com.facebook.katana.provider.ObservedContactsProvider: com.facebook.katana.provider.ObservedContactsProvider
07-19 05:08:15.677 26594 26594 I ActivityThread: Pub com.facebook.katana.provider.NotificationsProvider: com.facebook.katana.provider.NotificationsProvider
07-19 05:08:15.681 26594 26594 I ActivityThread: Pub com.facebook.katana.provider.UserValuesProvider: com.facebook.katana.provider.UserValuesProvider
07-19 05:08:15.684 26594 26594 I ActivityThread: Pub com.facebook.katana.provider.PagesProvider: com.facebook.katana.provider.PagesProvider
07-19 05:08:15.688 26594 26594 I ActivityThread: Pub com.facebook.katana.provider.MobileEventLogProvider: com.facebook.katana.provider.MobileEventLogProvider
07-19 05:08:15.692 26594 26594 I ActivityThread: Pub com.facebook.katana.provider.PushNotificationsProvider: com.facebook.katana.provider.PushNotificationsProvider
07-19 05:08:15.692 26594 26594 I ActivityThread: Pub com.facebook.katana.provider.PhotosProvider: com.facebook.katana.provider.PhotosProvider
07-19 05:08:15.696 26594 26594 I ActivityThread: Pub com.facebook.katana.provider.ConnectionsProvider: com.facebook.katana.provider.ConnectionsProvider
07-19 05:08:15.700 26594 26594 I ActivityThread: Pub com.facebook.orca.notify.FbandroidMessagesForegroundProvider: com.facebook.orca.notify.FbandroidMessagesForegroundProvider
07-19 05:08:15.727 26594 26594 D ACRA    : Retrieve application default SharedPreferences.
07-19 05:08:15.727 26594 26594 D ACRA    : Set OnSharedPreferenceChangeListener.
07-19 05:08:15.739 26594 26594 D ACRA    : ACRA is enabled for com.facebook.katana, intializing...
07-19 05:08:15.759 26594 26594 D ACRA    : Looking for error files in /data/data/com.facebook.katana/app_acra-reports
07-19 05:08:15.833 26594 26594 W nalizableReferenceQueue: Could not load Finalizer in its own class loader.Loading Finalizer in the current class loader instead. As a result, you will not be ableto garbage collect this class loader. To support reclaiming this class loader, eitherresolve the underlying issue, or move Google Collections to your system class path.
07-19 05:08:15.833 26594 26594 W nalizableReferenceQueue: java.io.FileNotFoundException: com/google/common/base/internal/Finalizer.class
07-19 05:08:15.833 26594 26594 W nalizableReferenceQueue: 	at com.google.common.base.FinalizableReferenceQueue$DecoupledLoader.getBaseUrl(FinalizableReferenceQueue.java:243)
07-19 05:08:15.833 26594 26594 W nalizableReferenceQueue: 	at com.google.common.base.FinalizableReferenceQueue$DecoupledLoader.loadFinalizer(FinalizableReferenceQueue.java:227)
07-19 05:08:15.833 26594 26594 W nalizableReferenceQueue: 	at com.google.common.base.FinalizableReferenceQueue.loadFinalizer(FinalizableReferenceQueue.java:155)
07-19 05:08:15.833 26594 26594 W nalizableReferenceQueue: 	at com.google.common.base.FinalizableReferenceQueue.<clinit>(FinalizableReferenceQueue.java:84)
07-19 05:08:15.833 26594 26594 W nalizableReferenceQueue: 	at com.google.common.collect.CustomConcurrentHashMap$QueueHolder.<clinit>(CustomConcurrentHashMap.java:650)
07-19 05:08:15.833 26594 26594 W nalizableReferenceQueue: 	at com.google.common.collect.CustomConcurrentHashMap$WeakEntry.<init>(CustomConcurrentHashMap.java:1342)
07-19 05:08:15.833 26594 26594 W nalizableReferenceQueue: 	at com.google.common.collect.CustomConcurrentHashMap$EntryFactory$9.newEntry(CustomConcurrentHashMap.java:453)
07-19 05:08:15.833 26594 26594 W nalizableReferenceQueue: 	at com.google.common.collect.CustomConcurrentHashMap.a(CustomConcurrentHashMap.java:1715)
07-19 05:08:15.833 26594 26594 W nalizableReferenceQueue: 	at com.google.common.collect.ComputingConcurrentHashMap$ComputingSegment.a(ComputingConcurrentHashMap.java:123)
07-19 05:08:15.833 26594 26594 W nalizableReferenceQueue: 	at com.google.common.collect.ComputingConcurrentHashMap.apply(ComputingConcurrentHashMap.java:71)
07-19 05:08:15.833 26594 26594 W nalizableReferenceQueue: 	at com.google.common.collect.MapMaker$ComputingMapAdapter.get(MapMaker.java:848)
07-19 05:08:15.833 26594 26594 W nalizableReferenceQueue: 	at com.google.inject.internal.Annotations$AnnotationChecker.a(Annotations.java:90)
07-19 05:08:15.833 26594 26594 W nalizableReferenceQueue: 	at com.google.inject.internal.Annotations.c(Annotations.java:108)
07-19 05:08:15.833 26594 26594 W nalizableReferenceQueue: 	at com.google.inject.Key.d(Key.java:369)
07-19 05:08:15.833 26594 26594 W nalizableReferenceQueue: 	at com.google.inject.Key.b(Key.java:356)
07-19 05:08:15.833 26594 26594 W nalizableReferenceQueue: 	at com.google.inject.Key.a(Key.java:267)
07-19 05:08:15.833 26594 26594 W nalizableReferenceQueue: 	at com.facebook.orca.inject.binder.AnnotatedBindingBuilderImpl.a(AnnotatedBindingBuilderImpl.java:22)
07-19 05:08:15.833 26594 26594 W nalizableReferenceQueue: 	at com.facebook.orca.app.FbBaseModule.a(FbBaseModule.java:75)
07-19 05:08:15.833 26594 26594 W nalizableReferenceQueue: 	at com.facebook.orca.inject.AbstractModule.a(AbstractModule.java:19)
07-19 05:08:15.833 26594 26594 W nalizableReferenceQueue: 	at com.facebook.orca.inject.FbInjectorImpl.a(FbInjectorImpl.java:63)
07-19 05:08:15.833 26594 26594 W nalizableReferenceQueue: 	at com.facebook.orca.inject.FbInjectorImpl.<init>(FbInjectorImpl.java:41)
07-19 05:08:15.833 26594 26594 W nalizableReferenceQueue: 	at com.facebook.orca.inject.FbInjector.a(FbInjector.java:40)
07-19 05:08:15.833 26594 26594 W nalizableReferenceQueue: 	at com.facebook.katana.FacebookApplication.onCreate(FacebookApplication.java:102)
07-19 05:08:15.833 26594 26594 W nalizableReferenceQueue: 	at android.app.Instrumentation.callApplicationOnCreate(Instrumentation.java:969)
07-19 05:08:15.833 26594 26594 W nalizableReferenceQueue: 	at android.app.ActivityThread.handleBindApplication(ActivityThread.java:3954)
07-19 05:08:15.833 26594 26594 W nalizableReferenceQueue: 	at android.app.ActivityThread.access$1300(ActivityThread.java:123)
07-19 05:08:15.833 26594 26594 W nalizableReferenceQueue: 	at android.app.ActivityThread$H.handleMessage(ActivityThread.java:1185)
07-19 05:08:15.833 26594 26594 W nalizableReferenceQueue: 	at android.os.Handler.dispatchMessage(Handler.java:99)
07-19 05:08:15.833 26594 26594 W nalizableReferenceQueue: 	at android.os.Looper.loop(Looper.java:137)
07-19 05:08:15.833 26594 26594 W nalizableReferenceQueue: 	at android.app.ActivityThread.main(ActivityThread.java:4424)
07-19 05:08:15.833 26594 26594 W nalizableReferenceQueue: 	at java.lang.reflect.Method.invokeNative(Native Method)
07-19 05:08:15.833 26594 26594 W nalizableReferenceQueue: 	at java.lang.reflect.Method.invoke(Method.java:511)
07-19 05:08:15.833 26594 26594 W nalizableReferenceQueue: 	at com.android.internal.os.ZygoteInit$MethodAndArgsCaller.run(ZygoteInit.java:784)
07-19 05:08:15.833 26594 26594 W nalizableReferenceQueue: 	at com.android.internal.os.ZygoteInit.main(ZygoteInit.java:551)
07-19 05:08:15.833 26594 26594 W nalizableReferenceQueue: 	at dalvik.system.NativeStart.main(Native Method)
07-19 05:08:15.837 26594 26594 I Finalizer: Couldn't access Thread.inheritableThreadLocals. Reference finalizer threads will inherit thread local values.
07-19 05:08:15.876 26594 26596 D dalvikvm: GC_CONCURRENT freed 340K, 4% free 9904K/10311K, paused 3ms+2ms
07-19 05:08:16.024 26594 26596 D dalvikvm: GC_CONCURRENT freed 400K, 5% free 9989K/10503K, paused 2ms+3ms
07-19 05:08:16.231 26594 26596 D dalvikvm: GC_CONCURRENT freed 385K, 5% free 10143K/10631K, paused 6ms+3ms
07-19 05:08:16.325   144   317 I ActivityManager: Process com.chess (pid 26578) has died.
07-19 05:08:16.673 26594 26596 D dalvikvm: GC_CONCURRENT freed 303K, 4% free 10334K/10695K, paused 27ms+157ms
07-19 05:08:17.259 26594 26611 W Resources: Converting to string: TypedValue{t=0x10/d=0xffffffff a=-1}
07-19 05:08:17.712 26594 26596 D dalvikvm: GC_CONCURRENT freed 441K, 5% free 10435K/10951K, paused 3ms+4ms
07-19 05:08:18.056 26594 26596 D dalvikvm: GC_CONCURRENT freed 363K, 5% free 10537K/11015K, paused 2ms+3ms
07-19 05:08:19.196 26594 26596 D dalvikvm: GC_CONCURRENT freed 300K, 4% free 10647K/11079K, paused 5ms+3ms
07-19 05:08:20.009 26594 26596 D dalvikvm: GC_CONCURRENT freed 338K, 5% free 10731K/11207K, paused 22ms+3ms
07-19 05:08:22.634   359   359 D dalvikvm: GC_EXPLICIT freed <1K, 6% free 9096K/9607K, paused 2ms+3ms
07-19 05:08:27.677  3217  3217 W ThumbnailCache: Low Memory: Freed 0 textures from compression queue, 0 from write queue, 0 from the pinned list, 0 from the cache.
07-19 05:08:27.759  3217  3217 D dalvikvm: GC_EXPLICIT freed 1K, 20% free 12145K/15111K, paused 28ms+3ms
07-19 05:08:28.067   144   342 D dalvikvm: GC_EXPLICIT freed 238K, 23% free 18675K/24199K, paused 3ms+8ms
07-19 05:08:28.782 26594 26596 D dalvikvm: GC_CONCURRENT freed 434K, 6% free 10762K/11335K, paused 2ms+3ms
07-19 05:08:32.724  3452  3452 D dalvikvm: GC_EXPLICIT freed <1K, 4% free 9238K/9543K, paused 22ms+2ms
07-19 05:08:37.727 24485 24485 D dalvikvm: GC_EXPLICIT freed 27K, 5% free 9905K/10375K, paused 45ms+2ms
07-19 05:08:40.724 25433 25446 I PhoneLab-: Service Running
07-19 05:08:40.821 25433 25446 I PhoneLab-LoggerService: app_37    1395  1     1432   980   c00f181c 400107b4 S logcat
07-19 05:08:40.821 25433 25446 I PhoneLab-LoggerService: Logcat pid from database 1395
07-19 05:08:40.825 25433 25446 I PhoneLab-LoggerService: Logcat process found 1395
07-19 05:08:40.825 25433 25446 I PhoneLab-LoggerService: Checking Threshold
07-19 05:08:40.825 25433 25446 I PhoneLab-LoggerService: Starting to rename files
07-19 05:08:40.825 25433 25446 I PhoneLab-LoggerService: Files found .. 2
07-19 05:08:42.782   144   160 D dalvikvm: GC_EXPLICIT freed 44K, 23% free 18650K/24199K, paused 32ms+8ms
07-19 05:08:47.724   346   346 D dalvikvm: GC_EXPLICIT freed <1K, 10% free 11911K/13191K, paused 24ms+4ms
07-19 05:08:52.727   435   435 D dalvikvm: GC_EXPLICIT freed <1K, 4% free 9033K/9347K, paused 18ms+3ms
07-19 05:08:58.899   144 13425 I ActivityManager: Start proc com.google.android.apps.maps:LocationFriendService for service com.google.android.apps.maps/com.google.googlenav.friend.reporting.LocationReceiverService: pid=26630 uid=10056 gids={3003, 1015}
07-19 05:08:59.024   144 12390 I ActivityManager: Process com.whatsapp (pid 26243) has died.
07-19 05:08:59.024   144 12390 W ActivityManager: Scheduling restart of crashed service com.whatsapp/.messaging.MessageService in 5000ms
07-19 05:08:59.059 26630 26632 D dalvikvm: GC_CONCURRENT freed 173K, 3% free 9359K/9607K, paused 2ms+2ms
07-19 05:08:59.474 26630 26632 D dalvikvm: GC_CONCURRENT freed 158K, 3% free 9661K/9927K, paused 6ms+2ms
07-19 05:09:00.028 26630 26632 D dalvikvm: GC_CONCURRENT freed 287K, 5% free 9836K/10247K, paused 1ms+3ms
07-19 05:09:00.255 26630 26637 I dalvikvm: Total arena pages for JIT: 11
07-19 05:09:00.255 26630 26637 I dalvikvm: Total arena pages for JIT: 12
07-19 05:09:00.259 26630 26637 I dalvikvm: Total arena pages for JIT: 13
07-19 05:09:00.259 26630 26637 I dalvikvm: Total arena pages for JIT: 14
07-19 05:09:00.259 26630 26637 I dalvikvm: Total arena pages for JIT: 15
07-19 05:09:00.259 26630 26637 I dalvikvm: Total arena pages for JIT: 16
07-19 05:09:00.259 26630 26637 I dalvikvm: Total arena pages for JIT: 17
07-19 05:09:00.380 26630 26632 D dalvikvm: GC_CONCURRENT freed 329K, 5% free 9969K/10439K, paused 2ms+3ms
07-19 05:09:02.501   144 14994 I ActivityManager: Process com.google.android.apps.maps:LocationFriendService (pid 26630) has died.
07-19 05:09:04.079   144   161 I ActivityManager: Start proc com.whatsapp for service com.whatsapp/.messaging.MessageService: pid=26653 uid=10068 gids={1015, 3003}
07-19 05:09:04.091 26653 26653 I dalvikvm: Turning on JNI app bug workarounds for target SDK version 7...
07-19 05:09:04.321 26653 26656 D dalvikvm: GC_CONCURRENT freed 177K, 3% free 9350K/9607K, paused 5ms+3ms
07-19 05:09:04.770 26653 26656 D dalvikvm: GC_CONCURRENT freed 305K, 4% free 9608K/9991K, paused 4ms+9ms
07-19 05:09:05.149   144 14192 I ActivityManager: Start proc android.process.acore for content provider com.android.providers.contacts/.ContactsProvider2: pid=26673 uid=10000 gids={3003, 1015}
07-19 05:09:05.231    79    79 D dalvikvm: GC_EXPLICIT freed 37K, 4% free 9027K/9347K, paused 10ms+3ms
07-19 05:09:05.306    79    79 D dalvikvm: GC_EXPLICIT freed <1K, 4% free 9027K/9347K, paused 1ms+2ms
07-19 05:09:05.333 26653 26653 I dalvikvm: Could not find method android.media.MediaMetadataRetriever.captureFrame, referenced from method com.whatsapp.q3.a
07-19 05:09:05.333 26653 26653 W dalvikvm: VFY: unable to resolve virtual method 502: Landroid/media/MediaMetadataRetriever;.captureFrame ()Landroid/graphics/Bitmap;
07-19 05:09:05.333 26653 26653 D dalvikvm: VFY: replacing opcode 0x6e at 0x0134
07-19 05:09:05.360 26673 26673 I ActivityThread: Pub call_log: com.android.providers.contacts.CallLogProvider
07-19 05:09:05.368    79    79 D dalvikvm: GC_EXPLICIT freed <1K, 4% free 9027K/9347K, paused 2ms+2ms
07-19 05:09:05.407 26673 26673 I ActivityThread: Pub com.android.voicemail: com.android.providers.contacts.VoicemailContentProvider
07-19 05:09:05.411 26673 26673 I ActivityThread: Pub user_dictionary: com.android.providers.userdictionary.UserDictionaryProvider
07-19 05:09:05.427 26673 26673 I ActivityThread: Pub com.android.social: com.android.providers.contacts.SocialProvider
07-19 05:09:05.427 26673 26673 I ActivityThread: Pub applications: com.android.providers.applications.ApplicationsProvider
07-19 05:09:05.649 26673 26673 I ActivityThread: Pub contacts;com.android.contacts: com.android.providers.contacts.ContactsProvider2
07-19 05:09:05.681 26673 26676 D dalvikvm: GC_CONCURRENT freed 362K, 5% free 9170K/9607K, paused 2ms+5ms
07-19 05:09:05.696 26653 26656 D dalvikvm: GC_CONCURRENT freed 330K, 4% free 9838K/10247K, paused 4ms+11ms
07-19 05:09:05.954 26653 26656 D dalvikvm: GC_CONCURRENT freed 295K, 4% free 9980K/10375K, paused 2ms+4ms
07-19 05:09:06.134 26673 26676 D dalvikvm: GC_CONCURRENT freed 230K, 4% free 9376K/9735K, paused 2ms+2ms
07-19 05:09:07.888 26653 26656 D dalvikvm: GC_CONCURRENT freed 498K, 6% free 9878K/10503K, paused 3ms+38ms
07-19 05:09:07.903 26673 26676 D dalvikvm: GC_CONCURRENT freed 180K, 4% free 9608K/9927K, paused 23ms+3ms
07-19 05:09:11.118   321   321 D dalvikvm: GC_EXPLICIT freed <1K, 24% free 10155K/13191K, paused 21ms+2ms
07-19 05:09:16.106 13970 13970 D dalvikvm: GC_EXPLICIT freed <1K, 6% free 9759K/10375K, paused 25ms+3ms
07-19 05:09:21.192   215   215 D dalvikvm: GC_EXPLICIT freed 86K, 56% free 10162K/22727K, paused 23ms+3ms
07-19 05:09:26.138 24654 24654 D dalvikvm: GC_EXPLICIT freed 283K, 6% free 10415K/11079K, paused 23ms+3ms
07-19 05:09:31.192 25396 25396 D dalvikvm: GC_EXPLICIT freed 220K, 4% free 9161K/9479K, paused 47ms+3ms
07-19 05:09:35.083   144   199 D DhcpInfoInternal: makeLinkProperties with empty dns2!
07-19 05:09:35.083   144   199 D DhcpInfoInternal: makeLinkProperties with empty dns2!
07-19 05:09:43.044 25433 25433 D dalvikvm: GC_EXPLICIT freed 95K, 6% free 9049K/9607K, paused 22ms+3ms
07-19 05:09:52.138 25590 25590 D dalvikvm: GC_EXPLICIT freed 77K, 4% free 9052K/9347K, paused 40ms+2ms
07-19 05:09:57.165 25817 25817 D dalvikvm: GC_EXPLICIT freed 47K, 6% free 9663K/10183K, paused 23ms+3ms
07-19 05:09:58.985   144   342 I ActivityManager: Start proc com.google.android.apps.maps:LocationFriendService for service com.google.android.apps.maps/com.google.googlenav.friend.reporting.LocationReceiverService: pid=26719 uid=10056 gids={3003, 1015}
07-19 05:09:59.153   144 14994 I ActivityManager: Process android.process.acore (pid 26673) has died.
07-19 05:09:59.188 26719 26720 D dalvikvm: GC_CONCURRENT freed 153K, 3% free 9378K/9607K, paused 2ms+2ms
07-19 05:09:59.716 26719 26720 D dalvikvm: GC_CONCURRENT freed 153K, 3% free 9657K/9927K, paused 9ms+2ms
07-19 05:09:59.997 24485 24572 D dalvikvm: GC_EXPLICIT freed 48K, 5% free 9918K/10375K, paused 3ms+3ms
07-19 05:10:00.286 26719 26720 D dalvikvm: GC_CONCURRENT freed 276K, 4% free 9845K/10247K, paused 2ms+3ms
07-19 05:10:00.384 26719 26723 I dalvikvm: Total arena pages for JIT: 11
07-19 05:10:00.388 26719 26723 I dalvikvm: Total arena pages for JIT: 12
07-19 05:10:00.388 26719 26723 I dalvikvm: Total arena pages for JIT: 13
07-19 05:10:00.388 26719 26723 I dalvikvm: Total arena pages for JIT: 14
07-19 05:10:00.388 26719 26723 I dalvikvm: Total arena pages for JIT: 15
07-19 05:10:00.388 26719 26723 I dalvikvm: Total arena pages for JIT: 16
07-19 05:10:00.388 26719 26723 I dalvikvm: Total arena pages for JIT: 17
07-19 05:10:00.524 26719 26720 D dalvikvm: GC_CONCURRENT freed 332K, 5% free 9973K/10439K, paused 5ms+6ms
07-19 05:10:05.325   359   359 D dalvikvm: GC_EXPLICIT freed <1K, 6% free 9096K/9607K, paused 21ms+2ms
07-19 05:10:10.212   346   346 D SAN_SERVICE: *******************************************
07-19 05:10:10.212   346   346 D SAN_SERVICE: DM App Phone Service State - 0
07-19 05:10:10.212   346   346 D SAN_SERVICE: *******************************************
07-19 05:10:15.181   144   156 I ActivityManager: Process com.google.android.apps.maps:LocationFriendService (pid 26719) has died.
07-19 05:10:20.235  3217  3217 W ThumbnailCache: Low Memory: Freed 0 textures from compression queue, 0 from write queue, 0 from the pinned list, 0 from the cache.
07-19 05:10:20.278  3217  3217 D dalvikvm: GC_EXPLICIT freed 1K, 20% free 12145K/15111K, paused 2ms+4ms
07-19 05:10:25.321  3452  3452 D dalvikvm: GC_EXPLICIT freed <1K, 4% free 9238K/9543K, paused 23ms+3ms
07-19 05:10:30.392   144   160 D dalvikvm: GC_EXPLICIT freed 525K, 23% free 18687K/24199K, paused 32ms+9ms
07-19 05:10:35.329   346   346 D dalvikvm: GC_EXPLICIT freed 26K, 10% free 11911K/13191K, paused 24ms+3ms
07-19 05:10:40.333   435   435 D dalvikvm: GC_EXPLICIT freed <1K, 4% free 9033K/9347K, paused 20ms+2ms
07-19 05:10:40.731 25433 25446 I PhoneLab-: Service Running
07-19 05:10:40.829 25433 25446 I PhoneLab-LoggerService: app_37    1395  1     1432   980   c00f181c 400107b4 S logcat
07-19 05:10:40.829 25433 25446 I PhoneLab-LoggerService: Logcat pid from database 1395
07-19 05:10:40.829 25433 25446 I PhoneLab-LoggerService: Logcat process found 1395
07-19 05:10:40.829 25433 25446 I PhoneLab-LoggerService: Checking Threshold
07-19 05:10:40.833 25433 25446 I PhoneLab-LoggerService: Starting to rename files
07-19 05:10:40.833 25433 25446 I PhoneLab-LoggerService: Files found .. 2
07-19 05:10:45.306   321   321 D dalvikvm: GC_EXPLICIT freed <1K, 24% free 10155K/13191K, paused 19ms+3ms
07-19 05:10:50.317 13970 13970 D dalvikvm: GC_EXPLICIT freed <1K, 6% free 9759K/10375K, paused 24ms+3ms
07-19 05:10:50.634   144   144 I ActivityManager: Start proc android.process.acore for content provider com.android.providers.contacts/.ContactsProvider2: pid=26743 uid=10000 gids={3003, 1015}
07-19 05:10:50.673 26743 26743 I ActivityThread: Pub call_log: com.android.providers.contacts.CallLogProvider
07-19 05:10:50.720 26743 26743 I ActivityThread: Pub com.android.voicemail: com.android.providers.contacts.VoicemailContentProvider
07-19 05:10:50.724 26743 26743 I ActivityThread: Pub user_dictionary: com.android.providers.userdictionary.UserDictionaryProvider
07-19 05:10:50.759 26743 26743 I ActivityThread: Pub com.android.social: com.android.providers.contacts.SocialProvider
07-19 05:10:50.759 26743 26743 I ActivityThread: Pub applications: com.android.providers.applications.ApplicationsProvider
07-19 05:10:50.884 26743 26743 I ActivityThread: Pub contacts;com.android.contacts: com.android.providers.contacts.ContactsProvider2
07-19 05:10:50.915 26743 26745 D dalvikvm: GC_CONCURRENT freed 332K, 5% free 9196K/9607K, paused 2ms+2ms
07-19 05:10:51.227 26743 26745 D dalvikvm: GC_CONCURRENT freed 224K, 4% free 9377K/9735K, paused 3ms+2ms
07-19 05:10:52.157 26743 26745 D dalvikvm: GC_CONCURRENT freed 224K, 4% free 9587K/9927K, paused 4ms+3ms
07-19 05:10:57.841 24654 24690 D dalvikvm: GC_EXPLICIT freed 268K, 6% free 10415K/11079K, paused 11ms+4ms
07-19 05:10:59.306   144  1168 I ActivityManager: Start proc com.google.android.apps.maps:LocationFriendService for service com.google.android.apps.maps/com.google.googlenav.friend.reporting.LocationReceiverService: pid=26761 uid=10056 gids={3003, 1015}
07-19 05:10:59.583 26761 26762 D dalvikvm: GC_CONCURRENT freed 158K, 3% free 9373K/9607K, paused 6ms+2ms
07-19 05:11:00.017   144   317 I ActivityManager: Process android.process.acore (pid 26743) has died.
07-19 05:11:00.044 26761 26762 D dalvikvm: GC_CONCURRENT freed 155K, 3% free 9657K/9927K, paused 7ms+2ms
07-19 05:11:00.614 26761 26762 D dalvikvm: GC_CONCURRENT freed 277K, 4% free 9843K/10247K, paused 5ms+2ms
07-19 05:11:01.470 26761 26765 I dalvikvm: Total arena pages for JIT: 11
07-19 05:11:01.474 26761 26765 I dalvikvm: Total arena pages for JIT: 12
07-19 05:11:01.501 26761 26765 I dalvikvm: Total arena pages for JIT: 13
07-19 05:11:01.509 26761 26765 I dalvikvm: Total arena pages for JIT: 14
07-19 05:11:01.509 26761 26765 I dalvikvm: Total arena pages for JIT: 15
07-19 05:11:01.509 26761 26765 I dalvikvm: Total arena pages for JIT: 16
07-19 05:11:01.509 26761 26765 I dalvikvm: Total arena pages for JIT: 17
07-19 05:11:02.259   144  1167 I ActivityManager: Process com.xabber.androiddev (pid 26417) has died.
07-19 05:11:02.259   144  1167 W ActivityManager: Scheduling restart of crashed service com.xabber.androiddev/com.xabber.android.service.XMPPService in 5000ms
07-19 05:11:02.294   144 26777 I ActivityManager: Applications Memory Usage (kB):
07-19 05:11:02.294   144 26777 I ActivityManager: Uptime: 225970769 Realtime: 305929613
07-19 05:11:02.294   144 26777 I ActivityManager: Total PSS by OOM adjustment:
07-19 05:11:02.294   144 26777 I ActivityManager:     27559 kB: System
07-19 05:11:02.294   144 26777 I ActivityManager:                27559 kB: system (pid 144)
07-19 05:11:02.294   144 26777 I ActivityManager:     28638 kB: Persistent
07-19 05:11:02.294   144 26777 I ActivityManager:                13038 kB: com.android.systemui (pid 215)
07-19 05:11:02.294   144 26777 I ActivityManager:                11712 kB: com.android.phone (pid 346)
07-19 05:11:02.294   144 26777 I ActivityManager:                 3888 kB: com.android.nfc (pid 359)
07-19 05:11:02.294   144 26777 I ActivityManager:    103438 kB: Foreground
07-19 05:11:02.294   144 26777 I ActivityManager:                62037 kB: com.android.chrome (pid 3217)
07-19 05:11:02.294   144 26777 I ActivityManager:                41401 kB: com.android.chrome:sandboxed_process1 (pid 3452)
07-19 05:11:02.294   144 26777 I ActivityManager:     27280 kB: Visible
07-19 05:11:02.294   144 26777 I ActivityManager:                14553 kB: com.google.android.gsf.login (pid 13970)
07-19 05:11:02.294   144 26777 I ActivityManager:                 9926 kB: com.google.process.gapps (pid 24485)
07-19 05:11:02.294   144 26777 I ActivityManager:                 2801 kB: com.android.smspush (pid 435)
07-19 05:11:02.294   144 26777 I ActivityManager:      6664 kB: Perceptible
07-19 05:11:02.294   144 26777 I ActivityManager:                 6664 kB: com.klye.ime.latin (pid 321)
07-19 05:11:02.294   144 26777 I ActivityManager:     32683 kB: A Services
07-19 05:11:02.294   144 26777 I ActivityManager:                10414 kB: com.facebook.katana (pid 26594)
07-19 05:11:02.294   144 26777 I ActivityManager:                 8543 kB: com.google.android.apps.maps:LocationFriendService (pid 26761)
07-19 05:11:02.294   144 26777 I ActivityManager:                 7131 kB: com.google.android.apps.maps:NetworkLocationService (pid 24654)
07-19 05:11:02.294   144 26777 I ActivityManager:                 6595 kB: com.whatsapp (pid 26653)
07-19 05:11:02.294   144 26777 I ActivityManager:     28141 kB: B Services
07-19 05:11:02.294   144 26777 I ActivityManager:                 7504 kB: com.xabber.androiddev (pid 26417)
07-19 05:11:02.294   144 26777 I ActivityManager:                 6501 kB: com.google.android.apps.maps (pid 26474)
07-19 05:11:02.294   144 26777 I ActivityManager:                 5029 kB: com.google.android.apps.googlevoice (pid 25817)
07-19 05:11:02.294   144 26777 I ActivityManager:                 3399 kB: com.apksoftware.compass (pid 25396)
07-19 05:11:02.294   144 26777 I ActivityManager:                 3036 kB: edu.buffalo.cse.phonelab.phonelabservices (pid 25433)
07-19 05:11:02.294   144 26777 I ActivityManager:                 2672 kB: com.android.sprintmenu (pid 25590)
07-19 05:11:02.294   144 26777 I ActivityManager: 
07-19 05:11:02.294   144 26777 I ActivityManager: Total PSS: 254403 kB
07-19 05:11:02.294   144 26777 I ActivityManager:   PID      Vss      Rss      Pss      Uss  cmdline
07-19 05:11:02.294   144 26777 I ActivityManager:  3217   84632K   84540K   62184K   56432K  com.android.chrome
07-19 05:11:02.294   144 26777 I ActivityManager:  3452   60248K   60144K   41452K   38052K  com.android.chrome:sandboxed_process1
07-19 05:11:02.294   144 26777 I ActivityManager:   144   43092K   43024K   27618K   26660K  system_server
07-19 05:11:02.294   144 26777 I ActivityManager: 13970   30364K   30284K   14621K   13752K  com.google.android.gsf.login
07-19 05:11:02.294   144 26777 I ActivityManager:   215   32184K   31968K   13080K    9116K  com.android.systemui
07-19 05:11:02.294   144 26777 I ActivityManager:    78   21120K   18120K   12233K    7092K  /system/bin/surfaceflinger
07-19 05:11:02.294   144 26777 I ActivityManager:   346   26816K   26744K   11762K   10956K  com.android.phone
07-19 05:11:02.294   144 26777 I ActivityManager: 26594   30376K   30304K   10467K    8696K  com.facebook.katana
07-19 05:11:02.294   144 26777 I ActivityManager: 24485   28708K   28616K    9966K    8788K  com.google.process.gapps
07-19 05:11:02.294   144 26777 I ActivityManager: 26761   29404K   29344K    8845K    7068K  com.google.android.apps.maps:LocationFriendService
07-19 05:11:02.294   144 26777 I ActivityManager: 26417   27844K   27784K    7555K    5908K  com.xabber.androiddev
07-19 05:11:02.294   144 26777 I ActivityManager: 24654   25348K   25256K    7163K    5976K  com.google.android.apps.maps:NetworkLocationService
07-19 05:11:02.294   144 26777 I ActivityManager:   321   21912K   21812K    6713K    5896K  com.klye.ime.latin
07-19 05:11:02.294   144 26777 I ActivityManager: 26653   27104K   27040K    6644K    4904K  com.whatsapp
07-19 05:11:02.294   144 26777 I ActivityManager: 26474   26900K   26836K    6553K    4996K  com.google.android.apps.maps
07-19 05:11:02.294   144 26777 I ActivityManager: 25817   24376K   24280K    5079K    3864K  com.google.android.apps.googlevoice
07-19 05:11:02.294   144 26777 I ActivityManager:   359   19232K   19136K    3936K    3120K  com.android.nfc
07-19 05:11:02.294   144 26777 I ActivityManager: 25396   22568K   22468K    3451K    2252K  com.apksoftware.compass
07-19 05:11:02.294   144 26777 I ActivityManager: 25433   21756K   21656K    3085K    1936K  edu.buffalo.cse.phonelab.phonelabservices
07-19 05:11:02.294   144 26777 I ActivityManager:   435   18508K   18396K    2851K    1940K  com.android.smspush
07-19 05:11:02.294   144 26777 I ActivityManager: 25590   21376K   21276K    2721K    1544K  com.android.sprintmenu
07-19 05:11:02.294   144 26777 I ActivityManager:    79   18632K   18504K    2092K    1052K  zygote
07-19 05:11:02.294   144 26777 I ActivityManager:    81    2132K    2132K    1812K    1788K  /system/bin/mediaserver
07-19 05:11:02.294   144 26777 I ActivityManager:    80     956K     956K     878K     876K  /system/bin/drmserver
07-19 05:11:02.294   144 26777 I ActivityManager:  1395     984K     980K     845K     840K  logcat
07-19 05:11:02.294   144 26777 I ActivityManager: 26783     812K     804K     683K     680K  procrank
07-19 05:11:02.294   144 26777 I ActivityManager:    77     964K     964K     683K     668K  /system/bin/rild
07-19 05:11:02.294   144 26777 I ActivityManager:   275     684K     680K     524K     516K  /system/bin/wpa_supplicant
07-19 05:11:02.294   144 26777 I ActivityManager:    88     440K     440K     424K     424K  /sbin/adbd
07-19 05:11:02.294   144 26777 I ActivityManager: 21204     596K     596K     407K     392K  /system/bin/netd
07-19 05:11:02.294   144 26777 I ActivityManager:   292     332K     332K     300K     300K  /system/bin/bluetoothd
07-19 05:11:02.294   144 26777 I ActivityManager:    72     380K     376K     290K     284K  /system/bin/vold
07-19 05:11:02.294   144 26777 I ActivityManager:    86     432K     428K     282K     276K  /system/vendor/bin/gpsd
07-19 05:11:02.294   144 26777 I ActivityManager:    82     220K     212K     184K     184K  /system/bin/dbus-daemon
07-19 05:11:02.294   144 26777 I ActivityManager: 28597     332K     328K     177K     172K  /system/bin/dhcpcd
07-19 05:11:02.294   144 26777 I ActivityManager:    85     200K     192K     160K     160K  /system/bin/keystore
07-19 05:11:02.294   144 26777 I ActivityManager:     1     204K     204K     142K     104K  /init
07-19 05:11:02.294   144 26777 I ActivityManager:   203     168K     160K     128K     128K  
07-19 05:11:02.395 26761 26762 D dalvikvm: GC_CONCURRENT freed 331K, 5% free 9977K/10439K, paused 2ms+2ms
07-19 05:11:07.341 26786 26786 D dalvikvm: Late-enabling CheckJNI
07-19 05:11:07.341   144   161 I ActivityManager: Start proc com.xabber.androiddev for service com.xabber.androiddev/com.xabber.android.service.XMPPService: pid=26786 uid=10063 gids={3003, 1015}
07-19 05:11:07.376   359   359 D dalvikvm: GC_EXPLICIT freed <1K, 6% free 9096K/9607K, paused 2ms+3ms
07-19 05:11:07.384 26786 26786 I dalvikvm: Turning on JNI app bug workarounds for target SDK version 9...
07-19 05:11:07.716 26786 26789 D dalvikvm: GC_CONCURRENT freed 209K, 3% free 9322K/9607K, paused 4ms+4ms
07-19 05:11:07.763 26786 26786 D dalvikvm: GC_FOR_ALLOC freed 310K, 5% free 9457K/9927K, paused 13ms
07-19 05:11:07.864 26786 26789 D dalvikvm: GC_CONCURRENT freed 190K, 3% free 9789K/10055K, paused 1ms+5ms
07-19 05:11:08.048 26786 26789 D dalvikvm: GC_CONCURRENT freed 287K, 4% free 10061K/10439K, paused 1ms+4ms
07-19 05:11:08.188 26786 26786 I com.xabber.android.service.XMPPService@413a18d0: onCreate
07-19 05:11:08.192 26786 26786 I com.xabber.android.data.Application@413521f0: onStart
07-19 05:11:08.204   144 15767 I ActivityManager: Process com.google.android.apps.maps:LocationFriendService (pid 26761) has died.
07-19 05:11:08.212 26786 26800 I com.xabber.android.data.LogManager@41354eb8: onLoad
07-19 05:11:08.294 26786 26789 D dalvikvm: GC_CONCURRENT freed 301K, 5% free 10192K/10631K, paused 2ms+5ms
07-19 05:11:08.431   144   155 I ActivityManager: Start proc android.process.acore for content provider com.android.providers.contacts/.ContactsProvider2: pid=26802 uid=10000 gids={3003, 1015}
07-19 05:11:08.474 26802 26802 I ActivityThread: Pub call_log: com.android.providers.contacts.CallLogProvider
07-19 05:11:08.517 26802 26802 I ActivityThread: Pub com.android.voicemail: com.android.providers.contacts.VoicemailContentProvider
07-19 05:11:08.528 26802 26802 I ActivityThread: Pub user_dictionary: com.android.providers.userdictionary.UserDictionaryProvider
07-19 05:11:08.544 26802 26802 I ActivityThread: Pub com.android.social: com.android.providers.contacts.SocialProvider
07-19 05:11:08.544 26802 26802 I ActivityThread: Pub applications: com.android.providers.applications.ApplicationsProvider
07-19 05:11:08.684 26802 26802 I ActivityThread: Pub contacts;com.android.contacts: com.android.providers.contacts.ContactsProvider2
07-19 05:11:08.712 26802 26804 D dalvikvm: GC_CONCURRENT freed 347K, 5% free 9184K/9607K, paused 4ms+2ms
07-19 05:11:08.962 26802 26804 D dalvikvm: GC_CONCURRENT freed 236K, 4% free 9365K/9735K, paused 2ms+2ms
07-19 05:11:10.993 26802 26804 D dalvikvm: GC_CONCURRENT freed 180K, 4% free 9609K/9927K, paused 11ms+7ms
07-19 05:11:13.259  3217  3217 W ThumbnailCache: Low Memory: Freed 0 textures from compression queue, 0 from write queue, 0 from the pinned list, 0 from the cache.
07-19 05:11:13.466  3217  3217 D dalvikvm: GC_EXPLICIT freed 1K, 20% free 12145K/15111K, paused 2ms+8ms
07-19 05:11:14.138 26786 26789 D dalvikvm: GC_CONCURRENT freed 215K, 4% free 10412K/10759K, paused 18ms+2ms
07-19 05:11:16.384 26786 26789 D dalvikvm: GC_CONCURRENT freed 266K, 4% free 10552K/10951K, paused 22ms+3ms
07-19 05:11:16.536 26786 26789 D dalvikvm: GC_CONCURRENT freed 330K, 5% free 10616K/11079K, paused 2ms+3ms
07-19 05:11:19.204   144   310 D dalvikvm: GC_EXPLICIT freed 1089K, 23% free 18679K/24199K, paused 22ms+9ms
07-19 05:11:19.665  3452  3452 D dalvikvm: GC_EXPLICIT freed <1K, 4% free 9238K/9543K, paused 38ms+3ms
07-19 05:11:19.720 26786 26789 D dalvikvm: GC_CONCURRENT freed 365K, 5% free 10706K/11207K, paused 2ms+2ms
07-19 05:11:24.720   144   160 D dalvikvm: GC_EXPLICIT freed 35K, 23% free 18662K/24199K, paused 30ms+8ms
07-19 05:11:29.720   346   346 D dalvikvm: GC_EXPLICIT freed 3K, 10% free 11911K/13191K, paused 41ms+3ms
07-19 05:11:34.661   435   435 D dalvikvm: GC_EXPLICIT freed <1K, 4% free 9033K/9347K, paused 20ms+2ms
07-19 05:11:39.700   321   321 D dalvikvm: GC_EXPLICIT freed <1K, 24% free 10155K/13191K, paused 18ms+3ms
07-19 05:11:44.681 13970 13970 D dalvikvm: GC_EXPLICIT freed <1K, 6% free 9759K/10375K, paused 25ms+3ms
07-19 05:11:49.704   215   215 D dalvikvm: GC_EXPLICIT freed 55K, 56% free 10154K/22727K, paused 23ms+4ms
07-19 05:11:54.786 24485 24485 D dalvikvm: GC_EXPLICIT freed 112K, 5% free 9927K/10375K, paused 34ms+3ms
07-19 05:11:59.485   144  1167 I ActivityManager: Process android.process.acore (pid 26802) has died.
07-19 05:11:59.610 24654 24656 D dalvikvm: GC_CONCURRENT freed 501K, 6% free 10426K/11079K, paused 1ms+8ms
07-19 05:11:59.630   144   342 I ActivityManager: Start proc com.google.android.apps.maps:LocationFriendService for service com.google.android.apps.maps/com.google.googlenav.friend.reporting.LocationReceiverService: pid=26830 uid=10056 gids={3003, 1015}
07-19 05:11:59.778 26830 26833 D dalvikvm: GC_CONCURRENT freed 166K, 3% free 9366K/9607K, paused 8ms+3ms
07-19 05:12:00.188   144   144 I ActivityManager: Process com.google.android.apps.maps (pid 26474) has died.
07-19 05:12:00.188   144   144 W ActivityManager: Scheduling restart of crashed service com.google.android.apps.maps/com.google.googlenav.prefetch.android.PrefetcherService in 5000ms
07-19 05:12:00.392   144   199 D DhcpInfoInternal: makeLinkProperties with empty dns2!
07-19 05:12:00.392   144   199 D DhcpInfoInternal: makeLinkProperties with empty dns2!
07-19 05:12:00.532 26830 26833 D dalvikvm: GC_CONCURRENT freed 147K, 3% free 9648K/9927K, paused 179ms+48ms
07-19 05:12:00.985 26830 26833 D dalvikvm: GC_CONCURRENT freed 280K, 4% free 9845K/10247K, paused 3ms+4ms
07-19 05:12:01.071 26830 26837 I dalvikvm: Total arena pages for JIT: 11
07-19 05:12:01.071 26830 26837 I dalvikvm: Total arena pages for JIT: 12
07-19 05:12:01.071 26830 26837 I dalvikvm: Total arena pages for JIT: 13
07-19 05:12:01.075 26830 26837 I dalvikvm: Total arena pages for JIT: 14
07-19 05:12:01.075 26830 26837 I dalvikvm: Total arena pages for JIT: 15
07-19 05:12:01.075 26830 26837 I dalvikvm: Total arena pages for JIT: 16
07-19 05:12:01.075 26830 26837 I dalvikvm: Total arena pages for JIT: 17
07-19 05:12:01.204 26830 26833 D dalvikvm: GC_CONCURRENT freed 341K, 5% free 9976K/10439K, paused 5ms+2ms
07-19 05:12:05.263   144   161 I ActivityManager: Start proc com.google.android.apps.maps for service com.google.android.apps.maps/com.google.googlenav.prefetch.android.PrefetcherService: pid=26870 uid=10056 gids={3003, 1015}
07-19 05:12:05.337   144  6618 I ActivityManager: Process com.google.android.apps.maps:LocationFriendService (pid 26830) has died.
07-19 05:12:05.380 26870 26873 D dalvikvm: GC_CONCURRENT freed 164K, 3% free 9367K/9607K, paused 2ms+8ms
07-19 05:12:05.438 26870 26870 I ActivityThread: Pub com.google.android.maps.SearchHistoryProvider: com.google.googlenav.provider.SearchHistoryProvider
07-19 05:12:05.454 26870 26870 I ActivityThread: Pub com.google.android.maps.SuggestionProvider: com.google.googlenav.suggest.android.SuggestContentProvider
07-19 05:12:05.462 26870 26870 I ActivityThread: Pub com.google.android.maps.LayerInfoProvider: com.google.googlenav.layer.LayerInfoProvider
07-19 05:12:05.470 26870 26870 I ActivityThread: Pub com.google.android.maps.TrafficAppWidgetProvider: com.google.googlenav.appwidget.traffic.TrafficAppWidgetProvider
07-19 05:12:05.474 26870 26870 I ActivityThread: Pub com.google.android.maps.LocalActivePlacesProvider: com.google.googlenav.provider.LocalActivePlacesProvider
07-19 05:12:05.474 26870 26870 I ActivityThread: Pub com.google.android.maps.StarredItemProvider: com.google.googlenav.provider.StarredItemProvider
07-19 05:12:05.540 26870 26873 D dalvikvm: GC_CONCURRENT freed 190K, 4% free 9677K/9991K, paused 2ms+3ms
07-19 05:12:05.661 26870 26870 I ActivityThread: Pub com.google.android.maps.LocalSuggestionProvider: com.google.googlenav.provider.LocalSuggestionProvider
07-19 05:12:05.661 26870 26870 I ActivityThread: Pub com.google.android.maps.NavigationAvailabilityProvider: com.google.googlenav.provider.NavigationAvailabilityProvider
07-19 05:12:05.669 26870 26873 D dalvikvm: GC_CONCURRENT freed 252K, 4% free 9924K/10311K, paused 3ms+3ms
07-19 05:12:05.825 26870 26886 D dalvikvm: GC_FOR_ALLOC freed 133K, 4% free 10166K/10567K, paused 39ms
07-19 05:12:05.825 26870 26886 I dalvikvm-heap: Grow heap (frag case) to 10.196MB for 204816-byte allocation
07-19 05:12:05.852 26870 26887 D dalvikvm: GC_FOR_ALLOC freed <1K, 5% free 10366K/10823K, paused 18ms
07-19 05:12:05.915 26870 26895 D dalvikvm: GC_FOR_ALLOC freed 105K, 4% free 10450K/10823K, paused 26ms
07-19 05:12:05.927   144   155 I ActivityManager: Process com.whatsapp (pid 26653) has died.
07-19 05:12:05.927   144   155 W ActivityManager: Scheduling restart of crashed service com.whatsapp/.messaging.MessageService in 5000ms
07-19 05:12:05.954 26870 26896 D dalvikvm: GC_FOR_ALLOC freed 34K, 4% free 10654K/11079K, paused 20ms
07-19 05:12:10.704   144   174 I ActivityManager: Start proc com.google.android.maps.mytracks for service com.google.android.maps.mytracks/com.google.android.apps.mytracks.services.RemoveTempFilesService: pid=26903 uid=10072 gids={3002, 3001, 3003, 1015}
07-19 05:12:10.724   144   174 I ActivityManager: Start proc com.google.android.gm for service com.google.android.gm/.provider.MailIndexerService: pid=26916 uid=10075 gids={3003, 1015}
07-19 05:12:10.759   144   174 I ActivityManager: Start proc com.google.android.apps.plus for service com.google.android.apps.plus/.service.EsService: pid=26929 uid=10060 gids={3003, 3002, 1015, 1006}
07-19 05:12:10.782   144 14994 I ActivityManager: Process com.xabber.androiddev (pid 26786) has died.
07-19 05:12:10.782   144 14994 W ActivityManager: Scheduling restart of crashed service com.xabber.androiddev/com.xabber.android.service.XMPPService in 10145ms
07-19 05:12:10.966   144   161 I ActivityManager: Start proc com.whatsapp for service com.whatsapp/.messaging.MessageService: pid=26942 uid=10068 gids={1015, 3003}
07-19 05:12:11.009 26942 26942 I dalvikvm: Turning on JNI app bug workarounds for target SDK version 7...
07-19 05:12:11.114    79    79 D dalvikvm: GC_EXPLICIT freed 38K, 4% free 9027K/9347K, paused 7ms+4ms
07-19 05:12:11.122 26903 26903 I ActivityThread: Pub com.google.android.maps.mytracks.search: com.google.android.apps.mytracks.content.SearchEngineProvider
07-19 05:12:11.138 26903 26903 I ActivityThread: Pub com.google.android.maps.mytracks: com.google.android.apps.mytracks.content.MyTracksProvider
07-19 05:12:11.173 26903 26903 D MyTracks: Enabling strict mode
07-19 05:12:11.216 26916 26916 I ActivityThread: Pub gmail-ls: com.google.android.gm.provider.MailProvider
07-19 05:12:11.227    79    79 D dalvikvm: GC_EXPLICIT freed <1K, 4% free 9027K/9347K, paused 4ms+9ms
07-19 05:12:11.255 26916 26916 I ActivityThread: Pub com.google.android.gm: com.google.android.gm.provider.PublicContentProvider
07-19 05:12:11.317 26916 26916 I ActivityThread: Pub com.google.android.gmail.SuggestionProvider: com.google.android.gm.SuggestionsProvider
07-19 05:12:11.345    79    79 D dalvikvm: GC_EXPLICIT freed <1K, 4% free 9027K/9347K, paused 5ms+8ms
07-19 05:12:11.352 26929 26931 D dalvikvm: GC_CONCURRENT freed 172K, 3% free 9360K/9607K, paused 2ms+3ms
07-19 05:12:11.454 26942 26944 D dalvikvm: GC_CONCURRENT freed 167K, 3% free 9301K/9543K, paused 2ms+1ms
07-19 05:12:11.524 26903 26906 D dalvikvm: GC_CONCURRENT freed 336K, 5% free 9184K/9607K, paused 42ms+3ms
07-19 05:12:11.536   144   390 I ActivityManager: Process com.google.android.apps.googlevoice (pid 25817) has died.
07-19 05:12:11.536   144   390 W ActivityManager: Scheduling restart of crashed service com.google.android.apps.googlevoice/.ShadowNumberRefreshService in 19387ms
07-19 05:12:11.540   144   390 W ActivityManager: Scheduling restart of crashed service com.google.android.apps.googlevoice/.UpdateService in 29387ms
07-19 05:12:11.540   144   390 W ActivityManager: Scheduling restart of crashed service com.google.android.apps.googlevoice/.CallLogService in 39387ms
07-19 05:12:11.602 26929 26929 I ActivityThread: Pub com.google.android.apps.plus.content.ApiProvider: com.google.android.apps.plus.content.EsApiProvider
07-19 05:12:11.638 26929 26929 I ActivityThread: Pub com.google.android.apps.plus.content.EsGooglePhotoProvider: com.google.android.picasasync.PicasaContentProvider
07-19 05:12:11.821 26929 26931 D dalvikvm: GC_CONCURRENT freed 316K, 4% free 9596K/9991K, paused 2ms+12ms
07-19 05:12:11.860 26929 26929 I ActivityThread: Pub com.google.android.apps.plus.content.EsPicasaStoreProvider: com.google.android.picasastore.PicasaPhotoContentProvider
07-19 05:12:11.872 26929 26929 I ActivityThread: Pub com.google.plus.platform: com.google.android.apps.plus.content.AdsProvider
07-19 05:12:11.872 26929 26929 I ActivityThread: Pub com.google.android.apps.plus.iu.EsGoogleIuProvider: com.google.android.apps.plus.iu.InstantUploadProvider
07-19 05:12:11.946 26903 26903 D StrictMode: StrictMode policy violation; ~duration=542 ms: android.os.StrictMode$StrictModeDiskWriteViolation: policy=21 violation=1
07-19 05:12:11.946 26903 26903 D StrictMode: 	at android.os.StrictMode$AndroidBlockGuardPolicy.onWriteToDisk(StrictMode.java:1063)
07-19 05:12:11.946 26903 26903 D StrictMode: 	at android.database.sqlite.SQLiteStatement.acquireAndLock(SQLiteStatement.java:226)
07-19 05:12:11.946 26903 26903 D StrictMode: 	at android.database.sqlite.SQLiteStatement.executeUpdateDelete(SQLiteStatement.java:84)
07-19 05:12:11.946 26903 26903 D StrictMode: 	at android.database.sqlite.SQLiteDatabase.executeSql(SQLiteDatabase.java:1899)
07-19 05:12:11.946 26903 26903 D StrictMode: 	at android.database.sqlite.SQLiteDatabase.execSQL(SQLiteDatabase.java:1839)
07-19 05:12:11.946 26903 26903 D StrictMode: 	at android.database.sqlite.SQLiteDatabase.setPageSize(SQLiteDatabase.java:1297)
07-19 05:12:11.946 26903 26903 D StrictMode: 	at android.database.sqlite.SQLiteDatabase.openDatabase(SQLiteDatabase.java:995)
07-19 05:12:11.946 26903 26903 D StrictMode: 	at android.database.sqlite.SQLiteDatabase.openOrCreateDatabase(SQLiteDatabase.java:1051)
07-19 05:12:11.946 26903 26903 D StrictMode: 	at android.app.ContextImpl.openOrCreateDatabase(ContextImpl.java:770)
07-19 05:12:11.946 26903 26903 D StrictMode: 	at android.content.ContextWrapper.openOrCreateDatabase(ContextWrapper.java:221)
07-19 05:12:11.946 26903 26903 D StrictMode: 	at android.database.sqlite.SQLiteOpenHelper.getWritableDatabase(SQLiteOpenHelper.java:157)
07-19 05:12:11.946 26903 26903 D StrictMode: 	at com.google.android.apps.analytics.v.<init>(Unknown Source)
07-19 05:12:11.946 26903 26903 D StrictMode: 	at com.google.android.apps.analytics.v.<init>(Unknown Source)
07-19 05:12:11.946 26903 26903 D StrictMode: 	at com.google.android.apps.analytics.i.a(Unknown Source)
07-19 05:12:11.946 26903 26903 D StrictMode: 	at com.google.android.apps.mytracks.b.a.a(MT:43)
07-19 05:12:11.946 26903 26903 D StrictMode: 	at com.google.android.apps.mytracks.MyTracksApplication.onCreate(MT:42)
07-19 05:12:11.946 26903 26903 D StrictMode: 	at android.app.Instrumentation.callApplicationOnCreate(Instrumentation.java:969)
07-19 05:12:11.946 26903 26903 D StrictMode: 	at android.app.ActivityThread.handleBindApplication(ActivityThread.java:3954)
07-19 05:12:11.946 26903 26903 D StrictMode: 	at android.app.ActivityThread.access$1300(ActivityThread.java:123)
07-19 05:12:11.946 26903 26903 D StrictMode: 	at android.app.ActivityThread$H.handleMessage(ActivityThread.java:1185)
07-19 05:12:11.946 26903 26903 D StrictMode: 	at android.os.Handler.dispatchMessage(Handler.java:99)
07-19 05:12:11.946 26903 26903 D StrictMode: 	at android.os.Looper.loop(Looper.java:137)
07-19 05:12:11.946 26903 26903 D StrictMode: 	at android.app.ActivityThread.main(ActivityThread.java:4424)
07-19 05:12:11.946 26903 26903 D StrictMode: 	at java.lang.reflect.Method.invokeNative(Native Method)
07-19 05:12:11.946 26903 26903 D StrictMode: 	at java.lang.reflect.Method.invoke(Method.java:511)
07-19 05:12:11.946 26903 26903 D StrictMode: 	at com.android.internal.os.ZygoteInit$MethodAndArgsCaller.run(ZygoteInit.java:784)
07-19 05:12:11.946 26903 26903 D StrictMode: 	at com.android.internal.os.ZygoteInit.main(ZygoteInit.java:551)
07-19 05:12:11.946 26903 26903 D StrictMode: 	at dalvik.system.NativeStart.main(Native Method)
07-19 05:12:11.946 26903 26903 D StrictMode: StrictMode policy violation; ~duration=445 ms: android.os.StrictMode$StrictModeDiskWriteViolation: policy=21 violation=1
07-19 05:12:11.946 26903 26903 D StrictMode: 	at android.os.StrictMode$AndroidBlockGuardPolicy.onWriteToDisk(StrictMode.java:1063)
07-19 05:12:11.946 26903 26903 D StrictMode: 	at android.database.sqlite.SQLiteStatement.acquireAndLock(SQLiteStatement.java:226)
07-19 05:12:11.946 26903 26903 D StrictMode: 	at android.database.sqlite.SQLiteStatement.executeUpdateDelete(SQLiteStatement.java:84)
07-19 05:12:11.946 26903 26903 D StrictMode: 	at android.database.sqlite.SQLiteDatabase.executeSql(SQLiteDatabase.java:1899)
07-19 05:12:11.946 26903 26903 D StrictMode: 	at android.database.sqlite.SQLiteDatabase.execSQL(SQLiteDatabase.java:1839)
07-19 05:12:11.946 26903 26903 D StrictMode: 	at android.database.sqlite.SQLiteDatabase.beginTransaction(SQLiteDatabase.java:659)
07-19 05:12:11.946 26903 26903 D StrictMode: 	at android.database.sqlite.SQLiteDatabase.beginTransaction(SQLiteDatabase.java:552)
07-19 05:12:11.946 26903 26903 D StrictMode: 	at com.google.android.apps.analytics.v.a(Unknown Source)
07-19 05:12:11.946 26903 26903 D StrictMode: 	at com.google.android.apps.analytics.i.a(Unknown Source)
07-19 05:12:11.946 26903 26903 D StrictMode: 	at com.google.android.apps.mytracks.b.a.a(MT:45)
07-19 05:12:11.946 26903 26903 D StrictMode: 	at com.google.android.apps.mytracks.MyTracksApplication.onCreate(MT:42)
07-19 05:12:11.946 26903 26903 D StrictMode: 	at android.app.Instrumentation.callApplicationOnCreate(Instrumentation.java:969)
07-19 05:12:11.946 26903 26903 D StrictMode: 	at android.app.ActivityThread.handleBindApplication(ActivityThread.java:3954)
07-19 05:12:11.946 26903 26903 D StrictMode: 	at android.app.ActivityThread.access$1300(ActivityThread.java:123)
07-19 05:12:11.946 26903 26903 D StrictMode: 	at android.app.ActivityThread$H.handleMessage(ActivityThread.java:1185)
07-19 05:12:11.946 26903 26903 D StrictMode: 	at android.os.Handler.dispatchMessage(Handler.java:99)
07-19 05:12:11.946 26903 26903 D StrictMode: 	at android.os.Looper.loop(Looper.java:137)
07-19 05:12:11.946 26903 26903 D StrictMode: 	at android.app.ActivityThread.main(ActivityThread.java:4424)
07-19 05:12:11.946 26903 26903 D StrictMode: 	at java.lang.reflect.Method.invokeNative(Native Method)
07-19 05:12:11.946 26903 26903 D StrictMode: 	at java.lang.reflect.Method.invoke(Method.java:511)
07-19 05:12:11.946 26903 26903 D StrictMode: 	at com.android.internal.os.ZygoteInit$MethodAndArgsCaller.run(ZygoteInit.java:784)
07-19 05:12:11.946 26903 26903 D StrictMode: 	at com.android.internal.os.ZygoteInit.main(ZygoteInit.java:551)
07-19 05:12:11.946 26903 26903 D StrictMode: 	at dalvik.system.NativeStart.main(Native Method)
07-19 05:12:11.946 26903 26903 D StrictMode: StrictMode policy violation; ~duration=438 ms: android.os.StrictMode$StrictModeDiskWriteViolation: policy=21 violation=1
07-19 05:12:11.946 26903 26903 D StrictMode: 	at android.os.StrictMode$AndroidBlockGuardPolicy.onWriteToDisk(StrictMode.java:1063)
07-19 05:12:11.946 26903 26903 D StrictMode: 	at android.database.sqlite.SQLiteStatement.acquireAndLock(SQLiteStatement.java:226)
07-19 05:12:11.946 26903 26903 D StrictMode: 	at android.database.sqlite.SQLiteStatement.executeUpdateDelete(SQLiteStatement.java:84)
07-19 05:12:11.946 26903 26903 D StrictMode: 	at android.database.sqlite.SQLiteDatabase.delete(SQLiteDatabase.java:1741)
07-19 05:12:11.946 26903 26903 D StrictMode: 	at com.google.android.apps.analytics.v.a(Unknown Source)
07-19 05:12:11.946 26903 26903 D StrictMode: 	at com.google.android.apps.analytics.i.a(Unknown Source)
07-19 05:12:11.946 26903 26903 D StrictMode: 	at com.google.android.apps.mytracks.b.a.a(MT:45)
07-19 05:12:11.946 26903 26903 D StrictMode: 	at com.google.android.apps.mytracks.MyTracksApplication.onCreate(MT:42)
07-19 05:12:11.946 26903 26903 D StrictMode: 	at android.app.Instrumentation.callApplicationOnCreate(Instrumentation.java:969)
07-19 05:12:11.946 26903 26903 D StrictMode: 	at android.app.ActivityThread.handleBindApplication(ActivityThread.java:3954)
07-19 05:12:11.946 26903 26903 D StrictMode: 	at android.app.ActivityThread.access$1300(ActivityThread.java:123)
07-19 05:12:11.946 26903 26903 D StrictMode: 	at android.app.ActivityThread$H.handleMessage(ActivityThread.java:1185)
07-19 05:12:11.946 26903 26903 D StrictMode: 	at android.os.Handler.dispatchMessage(Handler.java:99)
07-19 05:12:11.946 26903 26903 D StrictMode: 	at android.os.Looper.loop(Looper.java:137)
07-19 05:12:11.946 26903 26903 D StrictMode: 	at android.app.ActivityThread.main(ActivityThread.java:4424)
07-19 05:12:11.946 26903 26903 D StrictMode: 	at java.lang.reflect.Method.invokeNative(Native Method)
07-19 05:12:11.946 26903 26903 D StrictMode: 	at java.lang.reflect.Method.invoke(Method.java:511)
07-19 05:12:11.946 26903 26903 D StrictMode: 	at com.android.internal.os.ZygoteInit$MethodAndArgsCaller.run(ZygoteInit.java:784)
07-19 05:12:11.946 26903 26903 D StrictMode: 	at com.android.internal.os.ZygoteInit.main(ZygoteInit.java:551)
07-19 05:12:11.946 26903 26903 D StrictMode: 	at dalvik.system.NativeStart.main(Native Method)
07-19 05:12:11.962 26903 26903 D StrictMode: StrictMode policy violation; ~duration=419 ms: android.os.StrictMode$StrictModeDiskWriteViolation: policy=21 violation=1
07-19 05:12:11.962 26903 26903 D StrictMode: 	at android.os.StrictMode$AndroidBlockGuardPolicy.onWriteToDisk(StrictMode.java:1063)
07-19 05:12:11.962 26903 26903 D StrictMode: 	at android.database.sqlite.SQLiteStatement.acquireAndLock(SQLiteStatement.java:226)
07-19 05:12:11.962 26903 26903 D StrictMode: 	at android.database.sqlite.SQLiteStatement.executeInsert(SQLiteStatement.java:112)
07-19 05:12:11.962 26903 26903 D StrictMode: 	at android.database.sqlite.SQLiteDatabase.insertWithOnConflict(SQLiteDatabase.java:1718)
07-19 05:12:11.962 26903 26903 D StrictMode: 	at android.database.sqlite.SQLiteDatabase.insert(SQLiteDatabase.java:1591)
07-19 05:12:11.962 26903 26903 D StrictMode: 	at com.google.android.apps.analytics.v.a(Unknown Source)
07-19 05:12:11.962 26903 26903 D StrictMode: 	at com.google.android.apps.analytics.i.a(Unknown Source)
07-19 05:12:11.962 26903 26903 D StrictMode: 	at com.google.android.apps.mytracks.b.a.a(MT:45)
07-19 05:12:11.962 26903 26903 D StrictMode: 	at com.google.android.apps.mytracks.MyTracksApplication.onCreate(MT:42)
07-19 05:12:11.962 26903 26903 D StrictMode: 	at android.app.Instrumentation.callApplicationOnCreate(Instrumentation.java:969)
07-19 05:12:11.962 26903 26903 D StrictMode: 	at android.app.ActivityThread.handleBindApplication(ActivityThread.java:3954)
07-19 05:12:11.962 26903 26903 D StrictMode: 	at android.app.ActivityThread.access$1300(ActivityThread.java:123)
07-19 05:12:11.962 26903 26903 D StrictMode: 	at android.app.ActivityThread$H.handleMessage(ActivityThread.java:1185)
07-19 05:12:11.962 26903 26903 D StrictMode: 	at android.os.Handler.dispatchMessage(Handler.java:99)
07-19 05:12:11.962 26903 26903 D StrictMode: 	at android.os.Looper.loop(Looper.java:137)
07-19 05:12:11.962 26903 26903 D StrictMode: 	at android.app.ActivityThread.main(ActivityThread.java:4424)
07-19 05:12:11.962 26903 26903 D StrictMode: 	at java.lang.reflect.Method.invokeNative(Native Method)
07-19 05:12:11.962 26903 26903 D StrictMode: 	at java.lang.reflect.Method.invoke(Method.java:511)
07-19 05:12:11.962 26903 26903 D StrictMode: 	at com.android.internal.os.ZygoteInit$MethodAndArgsCaller.run(ZygoteInit.java:784)
07-19 05:12:11.962 26903 26903 D StrictMode: 	at com.android.internal.os.ZygoteInit.main(ZygoteInit.java:551)
07-19 05:12:11.962 26903 26903 D StrictMode: 	at dalvik.system.NativeStart.main(Native Method)
07-19 05:12:11.966 26903 26903 D StrictMode: StrictMode policy violation; ~duration=343 ms: android.os.StrictMode$StrictModeDiskWriteViolation: policy=21 violation=1
07-19 05:12:11.966 26903 26903 D StrictMode: 	at android.os.StrictMode$AndroidBlockGuardPolicy.onWriteToDisk(StrictMode.java:1063)
07-19 05:12:11.966 26903 26903 D StrictMode: 	at android.database.sqlite.SQLiteStatement.acquireAndLock(SQLiteStatement.java:226)
07-19 05:12:11.966 26903 26903 D StrictMode: 	at android.database.sqlite.SQLiteStatement.executeInsert(SQLiteStatement.java:112)
07-19 05:12:11.966 26903 26903 D StrictMode: 	at android.database.sqlite.SQLiteDatabase.insertWithOnConflict(SQLiteDatabase.java:1718)
07-19 05:12:11.966 26903 26903 D StrictMode: 	at android.database.sqlite.SQLiteDatabase.insert(SQLiteDatabase.java:1591)
07-19 05:12:11.966 26903 26903 D StrictMode: 	at com.google.android.apps.analytics.v.a(Unknown Source)
07-19 05:12:11.966 26903 26903 D StrictMode: 	at com.google.android.apps.analytics.v.a(Unknown Source)
07-19 05:12:11.966 26903 26903 D StrictMode: 	at com.google.android.apps.analytics.v.a(Unknown Source)
07-19 05:12:11.966 26903 26903 D StrictMode: 	at com.google.android.apps.analytics.i.a(Unknown Source)
07-19 05:12:11.966 26903 26903 D StrictMode: 	at com.google.android.apps.mytracks.b.a.a(MT:45)
07-19 05:12:11.966 26903 26903 D StrictMode: 	at com.google.android.apps.mytracks.MyTracksApplication.onCreate(MT:42)
07-19 05:12:11.966 26903 26903 D StrictMode: 	at android.app.Instrumentation.callApplicationOnCreate(Instrumentation.java:969)
07-19 05:12:11.966 26903 26903 D StrictMode: 	at android.app.ActivityThread.handleBindApplication(ActivityThread.java:3954)
07-19 05:12:11.966 26903 26903 D StrictMode: 	at android.app.ActivityThread.access$1300(ActivityThread.java:123)
07-19 05:12:11.966 26903 26903 D StrictMode: 	at android.app.ActivityThread$H.handleMessage(ActivityThread.java:1185)
07-19 05:12:11.966 26903 26903 D StrictMode: 	at android.os.Handler.dispatchMessage(Handler.java:99)
07-19 05:12:11.966 26903 26903 D StrictMode: 	at android.os.Looper.loop(Looper.java:137)
07-19 05:12:11.966 26903 26903 D StrictMode: 	at android.app.ActivityThread.main(ActivityThread.java:4424)
07-19 05:12:11.966 26903 26903 D StrictMode: 	at java.lang.reflect.Method.invokeNative(Native Method)
07-19 05:12:11.966 26903 26903 D StrictMode: 	at java.lang.reflect.Method.invoke(Method.java:511)
07-19 05:12:11.966 26903 26903 D StrictMode: 	at com.android.internal.os.ZygoteInit$MethodAndArgsCaller.run(ZygoteInit.java:784)
07-19 05:12:11.966 26903 26903 D StrictMode: 	at com.android.internal.os.ZygoteInit.main(ZygoteInit.java:551)
07-19 05:12:11.966 26903 26903 D StrictMode: 	at dalvik.system.NativeStart.main(Native Method)
07-19 05:12:11.966 26903 26903 D StrictMode: StrictMode policy violation; ~duration=340 ms: android.os.StrictMode$StrictModeDiskWriteViolation: policy=21 violation=1
07-19 05:12:11.966 26903 26903 D StrictMode: 	at android.os.StrictMode$AndroidBlockGuardPolicy.onWriteToDisk(StrictMode.java:1063)
07-19 05:12:11.966 26903 26903 D StrictMode: 	at android.database.sqlite.SQLiteStatement.acquireAndLock(SQLiteStatement.java:226)
07-19 05:12:11.966 26903 26903 D StrictMode: 	at android.database.sqlite.SQLiteStatement.executeUpdateDelete(SQLiteStatement.java:84)
07-19 05:12:11.966 26903 26903 D StrictMode: 	at android.database.sqlite.SQLiteDatabase.executeSql(SQLiteDatabase.java:1899)
07-19 05:12:11.966 26903 26903 D StrictMode: 	at android.database.sqlite.SQLiteDatabase.execSQL(SQLiteDatabase.java:1839)
07-19 05:12:11.966 26903 26903 D StrictMode: 	at android.database.sqlite.SQLiteDatabase.endTransaction(SQLiteDatabase.java:714)
07-19 05:12:11.966 26903 26903 D StrictMode: 	at com.google.android.apps.analytics.v.d(Unknown Source)
07-19 05:12:11.966 26903 26903 D StrictMode: 	at com.google.android.apps.analytics.v.a(Unknown Source)
07-19 05:12:11.966 26903 26903 D StrictMode: 	at com.google.android.apps.analytics.i.a(Unknown Source)
07-19 05:12:11.966 26903 26903 D StrictMode: 	at com.google.android.apps.mytracks.b.a.a(MT:45)
07-19 05:12:11.966 26903 26903 D StrictMode: 	at com.google.android.apps.mytracks.MyTracksApplication.onCreate(MT:42)
07-19 05:12:11.966 26903 26903 D StrictMode: 	at android.app.Instrumentation.callApplicationOnCreate(Instrumentation.java:969)
07-19 05:12:11.966 26903 26903 D StrictMode: 	at android.app.ActivityThread.handleBindApplication(ActivityThread.java:3954)
07-19 05:12:11.966 26903 26903 D StrictMode: 	at android.app.ActivityThread.access$1300(ActivityThread.java:123)
07-19 05:12:11.966 26903 26903 D StrictMode: 	at android.app.ActivityThread$H.handleMessage(ActivityThread.java:1185)
07-19 05:12:11.966 26903 26903 D StrictMode: 	at android.os.Handler.dispatchMessage(Handler.java:99)
07-19 05:12:11.966 26903 26903 D StrictMode: 	at android.os.Looper.loop(Looper.java:137)
07-19 05:12:11.966 26903 26903 D StrictMode: 	at android.app.ActivityThread.main(ActivityThread.java:4424)
07-19 05:12:11.966 26903 26903 D StrictMode: 	at java.lang.reflect.Method.invokeNative(Native Method)
07-19 05:12:11.966 26903 26903 D StrictMode: 	at java.lang.reflect.Method.invoke(Method.java:511)
07-19 05:12:11.966 26903 26903 D StrictMode: 	at com.android.internal.os.ZygoteInit$MethodAndArgsCaller.run(ZygoteInit.java:784)
07-19 05:12:11.966 26903 26903 D StrictMode: 	at com.android.internal.os.ZygoteInit.main(ZygoteInit.java:551)
07-19 05:12:11.966 26903 26903 D StrictMode: 	at dalvik.system.NativeStart.main(Native Method)
07-19 05:12:12.130 26929 26931 D dalvikvm: GC_CONCURRENT freed 502K, 6% free 9603K/10183K, paused 62ms+3ms
07-19 05:12:12.138 26929 26929 I ActivityThread: Pub com.google.android.apps.plus.content.EsProvider: com.google.android.apps.plus.content.EsProvider
07-19 05:12:12.169   144   388 I ActivityManager: Start proc android.process.media for content provider com.android.providers.media/.MediaProvider: pid=26966 uid=10012 gids={1015, 1023, 1024, 2001, 3003, 3007}
07-19 05:12:12.169   144   342 I ActivityManager: Process com.google.android.maps.mytracks (pid 26903) has died.
07-19 05:12:12.349 26966 26966 I ActivityThread: Pub downloads: com.android.providers.downloads.DownloadProvider
07-19 05:12:12.454 26979 26979 I Netd    : Netd 1.0 starting
07-19 05:12:12.497 26966 26966 I ActivityThread: Pub drm: com.android.providers.drm.DrmProvider
07-19 05:12:12.501 26966 26983 I DownloadManager: in removeSpuriousFiles
07-19 05:12:12.540 26966 26966 I ActivityThread: Pub media: com.android.providers.media.MediaProvider
07-19 05:12:12.591 26966 26983 I DownloadManager: in removeSpuriousFiles, preserving file /data/data/com.android.providers.downloads/cache/metadata.json
07-19 05:12:12.591 26966 26983 I DownloadManager: in removeSpuriousFiles, preserving file /data/data/com.android.providers.downloads/cache/en_general.htm
07-19 05:12:12.591 26966 26983 I DownloadManager: in removeSpuriousFiles, preserving file /mnt/sdcard/Download/img-thing.jpeg
07-19 05:12:12.591 26966 26983 I DownloadManager: in removeSpuriousFiles, preserving file /data/data/com.android.providers.downloads/cache/metadata-1.json
07-19 05:12:12.591 26966 26983 I DownloadManager: in removeSpuriousFiles, preserving file /data/data/com.android.providers.downloads/cache/downloadfile.jpeg
07-19 05:12:12.591 26966 26983 I DownloadManager: in removeSpuriousFiles, preserving file /data/data/com.android.providers.downloads/cache/metadata-2.json
07-19 05:12:12.591 26966 26983 I DownloadManager: in removeSpuriousFiles, preserving file /data/data/com.android.providers.downloads/cache/metadata-3.json
07-19 05:12:12.591 26966 26983 I DownloadManager: in removeSpuriousFiles, preserving file /data/data/com.android.providers.downloads/cache/downloadfile-1.jpeg
07-19 05:12:12.591 26966 26983 I DownloadManager: in removeSpuriousFiles, preserving file /data/data/com.android.providers.downloads/cache/downloadfile-2.jpeg
07-19 05:12:12.591 26966 26983 I DownloadManager: in removeSpuriousFiles, preserving file /data/data/com.android.providers.downloads/cache/metadata-4.json
07-19 05:12:12.591 26966 26983 I DownloadManager: in removeSpuriousFiles, preserving file /data/data/com.android.providers.downloads/cache/metadata-5.json
07-19 05:12:12.591 26966 26983 I DownloadManager: in removeSpuriousFiles, preserving file /data/data/com.android.providers.downloads/cache/metadata-6.json
07-19 05:12:12.606   144   194 E NetdConnector: Communications error
07-19 05:12:12.606   144   194 E NetdConnector: java.io.IOException: Connection refused
07-19 05:12:12.606   144   194 E NetdConnector: 	at android.net.LocalSocketImpl.connectLocal(Native Method)
07-19 05:12:12.606   144   194 E NetdConnector: 	at android.net.LocalSocketImpl.connect(LocalSocketImpl.java:238)
07-19 05:12:12.606   144   194 E NetdConnector: 	at android.net.LocalSocket.connect(LocalSocket.java:98)
07-19 05:12:12.606   144   194 E NetdConnector: 	at com.android.server.NativeDaemonConnector.listenToSocket(NativeDaemonConnector.java:119)
07-19 05:12:12.606   144   194 E NetdConnector: 	at com.android.server.NativeDaemonConnector.run(NativeDaemonConnector.java:88)
07-19 05:12:12.606   144   194 E NetdConnector: 	at java.lang.Thread.run(Thread.java:856)
07-19 05:12:12.606   144   194 E NetdConnector: Error in NativeDaemonConnector
07-19 05:12:12.606   144   194 E NetdConnector: java.io.IOException: Connection refused
07-19 05:12:12.606   144   194 E NetdConnector: 	at android.net.LocalSocketImpl.connectLocal(Native Method)
07-19 05:12:12.606   144   194 E NetdConnector: 	at android.net.LocalSocketImpl.connect(LocalSocketImpl.java:238)
07-19 05:12:12.606   144   194 E NetdConnector: 	at android.net.LocalSocket.connect(LocalSocket.java:98)
07-19 05:12:12.606   144   194 E NetdConnector: 	at com.android.server.NativeDaemonConnector.listenToSocket(NativeDaemonConnector.java:119)
07-19 05:12:12.606   144   194 E NetdConnector: 	at com.android.server.NativeDaemonConnector.run(NativeDaemonConnector.java:88)
07-19 05:12:12.606   144   194 E NetdConnector: 	at java.lang.Thread.run(Thread.java:856)
07-19 05:12:12.645 26966 26983 I DownloadManager: deleting spurious file /cache/backup
07-19 05:12:12.763 26916 26919 D dalvikvm: GC_CONCURRENT freed 216K, 4% free 9258K/9607K, paused 170ms+2ms
07-19 05:12:12.899   144   342 I ActivityManager: Process com.facebook.katana (pid 26594) has died.
07-19 05:12:12.899   144   342 W ActivityManager: Scheduling restart of crashed service com.facebook.katana/.service.MediaUploadService in 48027ms
07-19 05:12:12.997 26929 26931 D dalvikvm: GC_CONCURRENT freed 201K, 4% free 9882K/10247K, paused 43ms+11ms
07-19 05:12:13.126 26942 26944 D dalvikvm: GC_CONCURRENT freed 269K, 5% free 9520K/9927K, paused 6ms+3ms
07-19 05:12:13.196 26929 26931 D dalvikvm: GC_CONCURRENT freed 168K, 3% free 10142K/10439K, paused 2ms+2ms
07-19 05:12:13.306 26966 26968 D dalvikvm: GC_CONCURRENT freed 324K, 5% free 9205K/9607K, paused 4ms+4ms
07-19 05:12:13.477 26929 26961 D PicasaPhotoCP: set fsid first time:-1
07-19 05:12:13.599 26929 26931 D dalvikvm: GC_CONCURRENT freed 270K, 5% free 10326K/10759K, paused 15ms+8ms
07-19 05:12:13.630   144  6618 I ActivityManager: Start proc android.process.acore for content provider com.android.providers.contacts/.ContactsProvider2: pid=27012 uid=10000 gids={3003, 1015}
07-19 05:12:13.638 26942 26942 I dalvikvm: Could not find method android.media.MediaMetadataRetriever.captureFrame, referenced from method com.whatsapp.q3.a
07-19 05:12:13.642 26942 26942 W dalvikvm: VFY: unable to resolve virtual method 502: Landroid/media/MediaMetadataRetriever;.captureFrame ()Landroid/graphics/Bitmap;
07-19 05:12:13.642 26942 26942 D dalvikvm: VFY: replacing opcode 0x6e at 0x0134
07-19 05:12:13.665 26942 26944 D dalvikvm: GC_CONCURRENT freed 254K, 4% free 9697K/10055K, paused 2ms+3ms
07-19 05:12:13.747 27012 27012 I ActivityThread: Pub call_log: com.android.providers.contacts.CallLogProvider
07-19 05:12:13.798 27012 27012 I ActivityThread: Pub com.android.voicemail: com.android.providers.contacts.VoicemailContentProvider
07-19 05:12:13.798 27012 27012 I ActivityThread: Pub user_dictionary: com.android.providers.userdictionary.UserDictionaryProvider
07-19 05:12:13.829 27012 27012 I ActivityThread: Pub com.android.social: com.android.providers.contacts.SocialProvider
07-19 05:12:13.829 27012 27012 I ActivityThread: Pub applications: com.android.providers.applications.ApplicationsProvider
07-19 05:12:13.989 27012 27012 I ActivityThread: Pub contacts;com.android.contacts: com.android.providers.contacts.ContactsProvider2
07-19 05:12:13.993 27012 27015 D dalvikvm: GC_CONCURRENT freed 329K, 5% free 9141K/9543K, paused 2ms+2ms
07-19 05:12:14.020 26942 26944 D dalvikvm: GC_CONCURRENT freed 333K, 5% free 9883K/10311K, paused 2ms+6ms
07-19 05:12:14.274 26929 26981 D dalvikvm: GC_FOR_ALLOC freed 115K, 4% free 10452K/10887K, paused 20ms
07-19 05:12:14.278 26929 26981 I dalvikvm-heap: Grow heap (frag case) to 10.528MB for 260112-byte allocation
07-19 05:12:14.380 26929 26981 D dalvikvm: GC_FOR_ALLOC freed 126K, 6% free 10580K/11143K, paused 21ms
07-19 05:12:14.384 26929 26981 I dalvikvm-heap: Grow heap (frag case) to 10.583MB for 187514-byte allocation
07-19 05:12:14.411 26929 26981 D dalvikvm: GC_FOR_ALLOC freed 255K, 8% free 10508K/11335K, paused 22ms
07-19 05:12:14.548 26929 26931 D dalvikvm: GC_CONCURRENT freed 244K, 6% free 10765K/11335K, paused 2ms+3ms
07-19 05:12:14.571 26929 26981 D dalvikvm: GC_FOR_ALLOC freed <1K, 6% free 10765K/11335K, paused 23ms
07-19 05:12:14.571 26929 26981 I dalvikvm-heap: Grow heap (frag case) to 10.764MB for 187461-byte allocation
07-19 05:12:14.606 26929 26981 D dalvikvm: GC_FOR_ALLOC freed 255K, 8% free 10693K/11527K, paused 21ms
07-19 05:12:14.649 26916 26980 I Gmail   : calculateUnknownSyncRationalesAndPurgeInBackground: queueing
07-19 05:12:14.692 26929 26931 D dalvikvm: GC_CONCURRENT freed 240K, 6% free 10948K/11527K, paused 2ms+2ms
07-19 05:12:14.727 26916 26980 I Gmail   : calculateUnknownSyncRationalesAndPurgeInBackground: queueing
07-19 05:12:14.778 26916 26980 I Gmail   : calculateUnknownSyncRationalesAndPurgeInBackground: running
07-19 05:12:14.786 26916 26980 I Gmail   : calculateUnknownSyncRationalesAndPurgeInBackground: running
07-19 05:12:14.946 27012 27015 D dalvikvm: GC_CONCURRENT freed 207K, 4% free 9359K/9671K, paused 3ms+2ms
07-19 05:12:15.067 26929 26931 D dalvikvm: GC_CONCURRENT freed 342K, 5% free 11194K/11719K, paused 2ms+2ms
07-19 05:12:15.130   144   174 I ActivityManager: Start proc com.facebook.katana for service com.facebook.katana/.service.FacebookService: pid=27035 uid=10071 gids={3003, 1006, 1015}
07-19 05:12:15.138 27035 27035 I dalvikvm: Turning on JNI app bug workarounds for target SDK version 10...
07-19 05:12:15.302 27035 27037 D dalvikvm: GC_CONCURRENT freed 152K, 3% free 9380K/9607K, paused 2ms+2ms
07-19 05:12:15.364 26942 26944 D dalvikvm: GC_CONCURRENT freed 215K, 4% free 10094K/10439K, paused 154ms+18ms
07-19 05:12:15.368   144 12390 I ActivityManager: Process com.google.android.gm (pid 26916) has died.
07-19 05:12:15.431 27035 27037 D dalvikvm: GC_CONCURRENT freed 123K, 3% free 9674K/9927K, paused 1ms+2ms
07-19 05:12:15.599 27035 27035 I ActivityThread: Pub com.facebook.katana.provider.LoggingProvider: com.facebook.katana.provider.LoggingProvider
07-19 05:12:15.626 27035 27035 I ActivityThread: Pub com.facebook.katana.provider.KeyValueProvider: com.facebook.katana.provider.KeyValueProvider
07-19 05:12:15.626 27035 27035 I ActivityThread: Pub com.facebook.katana.provider.CacheProvider: com.facebook.katana.provider.CacheProvider
07-19 05:12:15.626 27035 27035 I ActivityThread: Pub com.facebook.katana.provider.VaultImageProvider: com.facebook.katana.provider.VaultImageProvider
07-19 05:12:15.630 27035 27035 I ActivityThread: Pub com.facebook.katana.provider.MailboxProvider: com.facebook.katana.provider.MailboxProvider
07-19 05:12:15.630 27035 27035 I ActivityThread: Pub com.facebook.katana.provider.UserStatusesProvider: com.facebook.katana.provider.UserStatusesProvider
07-19 05:12:15.630 27035 27035 I ActivityThread: Pub com.facebook.katana.provider.EventsProvider: com.facebook.katana.provider.EventsProvider
07-19 05:12:15.634 27035 27035 I ActivityThread: Pub com.facebook.katana.provider.ObservedContactsProvider: com.facebook.katana.provider.ObservedContactsProvider
07-19 05:12:15.638 27035 27035 I ActivityThread: Pub com.facebook.katana.provider.NotificationsProvider: com.facebook.katana.provider.NotificationsProvider
07-19 05:12:15.638 27035 27035 I ActivityThread: Pub com.facebook.katana.provider.UserValuesProvider: com.facebook.katana.provider.UserValuesProvider
07-19 05:12:15.638 27035 27035 I ActivityThread: Pub com.facebook.katana.provider.PagesProvider: com.facebook.katana.provider.PagesProvider
07-19 05:12:15.642 27035 27035 I ActivityThread: Pub com.facebook.katana.provider.MobileEventLogProvider: com.facebook.katana.provider.MobileEventLogProvider
07-19 05:12:15.642 27035 27035 I ActivityThread: Pub com.facebook.katana.provider.PushNotificationsProvider: com.facebook.katana.provider.PushNotificationsProvider
07-19 05:12:15.642 27035 27035 I ActivityThread: Pub com.facebook.katana.provider.PhotosProvider: com.facebook.katana.provider.PhotosProvider
07-19 05:12:15.645 27035 27035 I ActivityThread: Pub com.facebook.katana.provider.ConnectionsProvider: com.facebook.katana.provider.ConnectionsProvider
07-19 05:12:15.673 27035 27035 I ActivityThread: Pub com.facebook.orca.notify.FbandroidMessagesForegroundProvider: com.facebook.orca.notify.FbandroidMessagesForegroundProvider
07-19 05:12:15.720 27035 27035 D ACRA    : Retrieve application default SharedPreferences.
07-19 05:12:15.751 27035 27035 D ACRA    : Set OnSharedPreferenceChangeListener.
07-19 05:12:15.767 27035 27035 D ACRA    : ACRA is enabled for com.facebook.katana, intializing...
07-19 05:12:15.802 27035 27035 D ACRA    : Looking for error files in /data/data/com.facebook.katana/app_acra-reports
07-19 05:12:15.895 27035 27035 W nalizableReferenceQueue: Could not load Finalizer in its own class loader.Loading Finalizer in the current class loader instead. As a result, you will not be ableto garbage collect this class loader. To support reclaiming this class loader, eitherresolve the underlying issue, or move Google Collections to your system class path.
07-19 05:12:15.895 27035 27035 W nalizableReferenceQueue: java.io.FileNotFoundException: com/google/common/base/internal/Finalizer.class
07-19 05:12:15.895 27035 27035 W nalizableReferenceQueue: 	at com.google.common.base.FinalizableReferenceQueue$DecoupledLoader.getBaseUrl(FinalizableReferenceQueue.java:243)
07-19 05:12:15.895 27035 27035 W nalizableReferenceQueue: 	at com.google.common.base.FinalizableReferenceQueue$DecoupledLoader.loadFinalizer(FinalizableReferenceQueue.java:227)
07-19 05:12:15.895 27035 27035 W nalizableReferenceQueue: 	at com.google.common.base.FinalizableReferenceQueue.loadFinalizer(FinalizableReferenceQueue.java:155)
07-19 05:12:15.895 27035 27035 W nalizableReferenceQueue: 	at com.google.common.base.FinalizableReferenceQueue.<clinit>(FinalizableReferenceQueue.java:84)
07-19 05:12:15.895 27035 27035 W nalizableReferenceQueue: 	at com.google.common.collect.CustomConcurrentHashMap$QueueHolder.<clinit>(CustomConcurrentHashMap.java:650)
07-19 05:12:15.895 27035 27035 W nalizableReferenceQueue: 	at com.google.common.collect.CustomConcurrentHashMap$WeakEntry.<init>(CustomConcurrentHashMap.java:1342)
07-19 05:12:15.895 27035 27035 W nalizableReferenceQueue: 	at com.google.common.collect.CustomConcurrentHashMap$EntryFactory$9.newEntry(CustomConcurrentHashMap.java:453)
07-19 05:12:15.895 27035 27035 W nalizableReferenceQueue: 	at com.google.common.collect.CustomConcurrentHashMap.a(CustomConcurrentHashMap.java:1715)
07-19 05:12:15.895 27035 27035 W nalizableReferenceQueue: 	at com.google.common.collect.ComputingConcurrentHashMap$ComputingSegment.a(ComputingConcurrentHashMap.java:123)
07-19 05:12:15.895 27035 27035 W nalizableReferenceQueue: 	at com.google.common.collect.ComputingConcurrentHashMap.apply(ComputingConcurrentHashMap.java:71)
07-19 05:12:15.895 27035 27035 W nalizableReferenceQueue: 	at com.google.common.collect.MapMaker$ComputingMapAdapter.get(MapMaker.java:848)
07-19 05:12:15.895 27035 27035 W nalizableReferenceQueue: 	at com.google.inject.internal.Annotations$AnnotationChecker.a(Annotations.java:90)
07-19 05:12:15.895 27035 27035 W nalizableReferenceQueue: 	at com.google.inject.internal.Annotations.c(Annotations.java:108)
07-19 05:12:15.895 27035 27035 W nalizableReferenceQueue: 	at com.google.inject.Key.d(Key.java:369)
07-19 05:12:15.895 27035 27035 W nalizableReferenceQueue: 	at com.google.inject.Key.b(Key.java:356)
07-19 05:12:15.895 27035 27035 W nalizableReferenceQueue: 	at com.google.inject.Key.a(Key.java:267)
07-19 05:12:15.895 27035 27035 W nalizableReferenceQueue: 	at com.facebook.orca.inject.binder.AnnotatedBindingBuilderImpl.a(AnnotatedBindingBuilderImpl.java:22)
07-19 05:12:15.895 27035 27035 W nalizableReferenceQueue: 	at com.facebook.orca.app.FbBaseModule.a(FbBaseModule.java:75)
07-19 05:12:15.895 27035 27035 W nalizableReferenceQueue: 	at com.facebook.orca.inject.AbstractModule.a(AbstractModule.java:19)
07-19 05:12:15.895 27035 27035 W nalizableReferenceQueue: 	at com.facebook.orca.inject.FbInjectorImpl.a(FbInjectorImpl.java:63)
07-19 05:12:15.895 27035 27035 W nalizableReferenceQueue: 	at com.facebook.orca.inject.FbInjectorImpl.<init>(FbInjectorImpl.java:41)
07-19 05:12:15.895 27035 27035 W nalizableReferenceQueue: 	at com.facebook.orca.inject.FbInjector.a(FbInjector.java:40)
07-19 05:12:15.895 27035 27035 W nalizableReferenceQueue: 	at com.facebook.katana.FacebookApplication.onCreate(FacebookApplication.java:102)
07-19 05:12:15.895 27035 27035 W nalizableReferenceQueue: 	at android.app.Instrumentation.callApplicationOnCreate(Instrumentation.java:969)
07-19 05:12:15.895 27035 27035 W nalizableReferenceQueue: 	at android.app.ActivityThread.handleBindApplication(ActivityThread.java:3954)
07-19 05:12:15.895 27035 27035 W nalizableReferenceQueue: 	at android.app.ActivityThread.access$1300(ActivityThread.java:123)
07-19 05:12:15.895 27035 27035 W nalizableReferenceQueue: 	at android.app.ActivityThread$H.handleMessage(ActivityThread.java:1185)
07-19 05:12:15.895 27035 27035 W nalizableReferenceQueue: 	at android.os.Handler.dispatchMessage(Handler.java:99)
07-19 05:12:15.895 27035 27035 W nalizableReferenceQueue: 	at android.os.Looper.loop(Looper.java:137)
07-19 05:12:15.895 27035 27035 W nalizableReferenceQueue: 	at android.app.ActivityThread.main(ActivityThread.java:4424)
07-19 05:12:15.895 27035 27035 W nalizableReferenceQueue: 	at java.lang.reflect.Method.invokeNative(Native Method)
07-19 05:12:15.895 27035 27035 W nalizableReferenceQueue: 	at java.lang.reflect.Method.invoke(Method.java:511)
07-19 05:12:15.895 27035 27035 W nalizableReferenceQueue: 	at com.android.internal.os.ZygoteInit$MethodAndArgsCaller.run(ZygoteInit.java:784)
07-19 05:12:15.895 27035 27035 W nalizableReferenceQueue: 	at com.android.internal.os.ZygoteInit.main(ZygoteInit.java:551)
07-19 05:12:15.895 27035 27035 W nalizableReferenceQueue: 	at dalvik.system.NativeStart.main(Native Method)
07-19 05:12:15.899 27035 27035 I Finalizer: Couldn't access Thread.inheritableThreadLocals. Reference finalizer threads will inherit thread local values.
07-19 05:12:15.946 27035 27037 D dalvikvm: GC_CONCURRENT freed 365K, 5% free 9869K/10311K, paused 2ms+8ms
07-19 05:12:16.161 27035 27037 D dalvikvm: GC_CONCURRENT freed 429K, 5% free 9998K/10503K, paused 2ms+3ms
07-19 05:12:16.243 26929 26931 D dalvikvm: GC_CONCURRENT freed 140K, 3% free 11722K/11975K, paused 2ms+105ms
07-19 05:12:16.427 27035 27037 D dalvikvm: GC_CONCURRENT freed 415K, 5% free 10137K/10631K, paused 5ms+5ms
07-19 05:12:16.977 27035 27037 D dalvikvm: GC_CONCURRENT freed 295K, 4% free 10314K/10695K, paused 3ms+29ms
07-19 05:12:17.145   144   155 I ActivityManager: Process android.process.media (pid 26966) has died.
07-19 05:12:17.298 27035 27052 W Resources: Converting to string: TypedValue{t=0x10/d=0xffffffff a=-1}
07-19 05:12:17.470 26929 26931 D dalvikvm: GC_CONCURRENT freed 545K, 6% free 12009K/12679K, paused 2ms+3ms
07-19 05:12:17.931 27035 27037 D dalvikvm: GC_CONCURRENT freed 384K, 5% free 10468K/10951K, paused 2ms+4ms
07-19 05:12:18.005 26929 26931 D dalvikvm: GC_CONCURRENT freed 211K, 3% free 12739K/13063K, paused 2ms+20ms
07-19 05:12:18.661 26929 26996 I SqliteDatabaseCpp: sqlite returned: error code = 1, msg = no such column: wipeout_stats, db=/data/data/com.google.android.apps.plus/databases/es0.db
07-19 05:12:18.751   144   310 D dalvikvm: GC_EXPLICIT freed 692K, 23% free 18714K/24199K, paused 93ms+11ms
07-19 05:12:18.759 26929 26996 W System.err: android.database.sqlite.SQLiteException: no such column: wipeout_stats: , while compiling: SELECT wipeout_stats  FROM account_status
07-19 05:12:18.798 26929 26996 W System.err: 	at android.database.sqlite.SQLiteCompiledSql.native_compile(Native Method)
07-19 05:12:18.798 26929 26996 W System.err: 	at android.database.sqlite.SQLiteCompiledSql.<init>(SQLiteCompiledSql.java:68)
07-19 05:12:18.802 26929 26996 W System.err: 	at android.database.sqlite.SQLiteProgram.compileSql(SQLiteProgram.java:143)
07-19 05:12:18.802 26929 26996 W System.err: 	at android.database.sqlite.SQLiteProgram.compileAndbindAllArgs(SQLiteProgram.java:361)
07-19 05:12:18.802 26929 26996 W System.err: 	at android.database.sqlite.SQLiteStatement.acquireAndLock(SQLiteStatement.java:260)
07-19 05:12:18.802 26929 26996 W System.err: 	at android.database.sqlite.SQLiteStatement.simpleQueryForLong(SQLiteStatement.java:137)
07-19 05:12:18.802 26929 26996 W System.err: 	at android.database.DatabaseUtils.longForQuery(DatabaseUtils.java:791)
07-19 05:12:18.802 26929 26996 W System.err: 	at android.database.DatabaseUtils.longForQuery(DatabaseUtils.java:779)
07-19 05:12:18.802 26929 26996 W System.err: 	at com.google.android.apps.plus.content.EsAccountsData.isContactsStatsWipeoutNeeded(EsAccountsData.java:641)
07-19 05:12:18.802 26929 26996 W System.err: 	at com.google.android.apps.plus.service.EsService.processIntent(EsService.java:4246)
07-19 05:12:18.802 26929 26996 W System.err: 	at com.google.android.apps.plus.service.ServiceThread$1.run(ServiceThread.java:50)
07-19 05:12:18.802 26929 26996 W System.err: 	at android.os.Handler.handleCallback(Handler.java:605)
07-19 05:12:18.809 26929 26996 W System.err: 	at android.os.Handler.dispatchMessage(Handler.java:92)
07-19 05:12:18.809 26929 26996 W System.err: 	at android.os.Looper.loop(Looper.java:137)
07-19 05:12:18.809 26929 26996 W System.err: 	at com.google.android.apps.plus.service.ServiceThread.run(ServiceThread.java:122)
07-19 05:12:18.974   144 12390 I ActivityManager: Start proc android.process.media for service com.android.providers.media/.MediaScannerService: pid=27067 uid=10012 gids={1015, 1023, 1024, 2001, 3003, 3007}
07-19 05:12:19.259 27067 27067 I ActivityThread: Pub downloads: com.android.providers.downloads.DownloadProvider
07-19 05:12:19.345 27067 27067 I ActivityThread: Pub drm: com.android.providers.drm.DrmProvider
07-19 05:12:19.360 27067 27081 I DownloadManager: in removeSpuriousFiles
07-19 05:12:19.579 27067 27067 I ActivityThread: Pub media: com.android.providers.media.MediaProvider
07-19 05:12:19.618 27035 27037 D dalvikvm: GC_CONCURRENT freed 344K, 5% free 10561K/11015K, paused 24ms+3ms
07-19 05:12:19.665   144 12390 I ActivityManager: Process com.google.android.apps.plus (pid 26929) has died.
07-19 05:12:19.692   144 12390 W ActivityManager: Scheduling restart of crashed service com.google.android.apps.plus/.service.EsService in 41235ms
07-19 05:12:19.833 27067 27081 I DownloadManager: in removeSpuriousFiles, preserving file /data/data/com.android.providers.downloads/cache/metadata.json
07-19 05:12:19.833 27067 27081 I DownloadManager: in removeSpuriousFiles, preserving file /data/data/com.android.providers.downloads/cache/en_general.htm
07-19 05:12:19.833 27067 27081 I DownloadManager: in removeSpuriousFiles, preserving file /mnt/sdcard/Download/img-thing.jpeg
07-19 05:12:19.837 27067 27081 I DownloadManager: in removeSpuriousFiles, preserving file /data/data/com.android.providers.downloads/cache/metadata-1.json
07-19 05:12:19.837 27067 27081 I DownloadManager: in removeSpuriousFiles, preserving file /data/data/com.android.providers.downloads/cache/downloadfile.jpeg
07-19 05:12:19.837 27067 27081 I DownloadManager: in removeSpuriousFiles, preserving file /data/data/com.android.providers.downloads/cache/metadata-2.json
07-19 05:12:19.837 27067 27081 I DownloadManager: in removeSpuriousFiles, preserving file /data/data/com.android.providers.downloads/cache/metadata-3.json
07-19 05:12:19.841 27067 27081 I DownloadManager: in removeSpuriousFiles, preserving file /data/data/com.android.providers.downloads/cache/downloadfile-1.jpeg
07-19 05:12:19.845 27067 27081 I DownloadManager: in removeSpuriousFiles, preserving file /data/data/com.android.providers.downloads/cache/downloadfile-2.jpeg
07-19 05:12:19.849 27067 27081 I DownloadManager: in removeSpuriousFiles, preserving file /data/data/com.android.providers.downloads/cache/metadata-4.json
07-19 05:12:19.849 27067 27081 I DownloadManager: in removeSpuriousFiles, preserving file /data/data/com.android.providers.downloads/cache/metadata-5.json
07-19 05:12:19.849 27067 27081 I DownloadManager: in removeSpuriousFiles, preserving file /data/data/com.android.providers.downloads/cache/metadata-6.json
07-19 05:12:19.852 27067 27081 I DownloadManager: deleting spurious file /cache/backup
07-19 05:12:20.227 27012 27015 D dalvikvm: GC_CONCURRENT freed 185K, 3% free 9662K/9927K, paused 9ms+18ms
07-19 05:12:20.372 27067 27069 D dalvikvm: GC_CONCURRENT freed 314K, 5% free 9186K/9607K, paused 3ms+3ms
07-19 05:12:21.005 27088 27088 D dalvikvm: Late-enabling CheckJNI
07-19 05:12:21.009   144   161 I ActivityManager: Start proc com.xabber.androiddev for service com.xabber.androiddev/com.xabber.android.service.XMPPService: pid=27088 uid=10063 gids={3003, 1015}
07-19 05:12:21.169 27088 27088 I dalvikvm: Turning on JNI app bug workarounds for target SDK version 9...
07-19 05:12:21.267   144   317 I ActivityManager: Process android.process.acore (pid 27012) has died.
07-19 05:12:21.817 27088 27091 D dalvikvm: GC_CONCURRENT freed 212K, 3% free 9320K/9607K, paused 86ms+3ms
07-19 05:12:21.880 27088 27088 D dalvikvm: GC_FOR_ALLOC freed 311K, 5% free 9457K/9927K, paused 17ms
07-19 05:12:21.942 27035 27037 D dalvikvm: GC_CONCURRENT freed 366K, 5% free 10650K/11143K, paused 4ms+67ms
07-19 05:12:21.997 27088 27091 D dalvikvm: GC_CONCURRENT freed 190K, 3% free 9789K/10055K, paused 4ms+2ms
07-19 05:12:22.134 27088 27091 D dalvikvm: GC_CONCURRENT freed 288K, 4% free 10061K/10439K, paused 1ms+3ms
07-19 05:12:22.309 27088 27088 I com.xabber.android.service.XMPPService@4140c010: onCreate
07-19 05:12:22.309 27088 27088 I com.xabber.android.data.Application@41352fe8: onStart
07-19 05:12:22.317 27088 27102 I com.xabber.android.data.LogManager@41364c68: onLoad
07-19 05:12:22.427 27088 27091 D dalvikvm: GC_CONCURRENT freed 301K, 5% free 10191K/10631K, paused 2ms+2ms
07-19 05:12:22.571   144   144 I ActivityManager: Start proc android.process.acore for content provider com.android.providers.contacts/.ContactsProvider2: pid=27104 uid=10000 gids={3003, 1015}
07-19 05:12:22.638 27104 27104 I ActivityThread: Pub call_log: com.android.providers.contacts.CallLogProvider
07-19 05:12:22.673 27104 27104 I ActivityThread: Pub com.android.voicemail: com.android.providers.contacts.VoicemailContentProvider
07-19 05:12:22.673 27104 27104 I ActivityThread: Pub user_dictionary: com.android.providers.userdictionary.UserDictionaryProvider
07-19 05:12:22.688 27104 27104 I ActivityThread: Pub com.android.social: com.android.providers.contacts.SocialProvider
07-19 05:12:22.688 27104 27104 I ActivityThread: Pub applications: com.android.providers.applications.ApplicationsProvider
07-19 05:12:22.763 27104 27104 I ActivityThread: Pub contacts;com.android.contacts: com.android.providers.contacts.ContactsProvider2
07-19 05:12:22.786 27104 27106 D dalvikvm: GC_CONCURRENT freed 350K, 5% free 9182K/9607K, paused 2ms+3ms
07-19 05:12:23.099 27035 27037 D dalvikvm: GC_CONCURRENT freed 312K, 5% free 10758K/11207K, paused 40ms+3ms
07-19 05:12:23.247 27104 27106 D dalvikvm: GC_CONCURRENT freed 223K, 4% free 9374K/9735K, paused 2ms+2ms
07-19 05:12:23.895   144   156 I ActivityManager: Process android.process.media (pid 27067) has died.
07-19 05:12:24.181 27104 27106 D dalvikvm: GC_CONCURRENT freed 180K, 4% free 9609K/9927K, paused 18ms+3ms
07-19 05:12:24.657 27088 27091 D dalvikvm: GC_CONCURRENT freed 215K, 4% free 10410K/10759K, paused 2ms+3ms
07-19 05:12:27.513 27088 27091 D dalvikvm: GC_CONCURRENT freed 266K, 4% free 10546K/10951K, paused 5ms+3ms
07-19 05:12:28.017 27088 27091 D dalvikvm: GC_CONCURRENT freed 330K, 5% free 10615K/11079K, paused 5ms+3ms
07-19 05:12:28.895   144 13425 I ActivityManager: Process android.process.acore (pid 27104) has died.
07-19 05:12:29.559 27035 27037 D dalvikvm: GC_CONCURRENT freed 497K, 6% free 10766K/11399K, paused 2ms+5ms
07-19 05:12:30.622   144 12390 I ActivityManager: Start proc android.process.acore for content provider com.android.providers.contacts/.ContactsProvider2: pid=27136 uid=10000 gids={3003, 1015}
07-19 05:12:30.708 27136 27136 I ActivityThread: Pub call_log: com.android.providers.contacts.CallLogProvider
07-19 05:12:30.751 27136 27136 I ActivityThread: Pub com.android.voicemail: com.android.providers.contacts.VoicemailContentProvider
07-19 05:12:30.759 27136 27136 I ActivityThread: Pub user_dictionary: com.android.providers.userdictionary.UserDictionaryProvider
07-19 05:12:30.806 27136 27136 I ActivityThread: Pub com.android.social: com.android.providers.contacts.SocialProvider
07-19 05:12:30.809 27136 27136 I ActivityThread: Pub applications: com.android.providers.applications.ApplicationsProvider
07-19 05:12:30.970   144   161 I ActivityManager: Start proc com.google.android.apps.googlevoice for service com.google.android.apps.googlevoice/.ShadowNumberRefreshService: pid=27149 uid=10054 gids={3003, 1015}
07-19 05:12:30.977 27136 27136 I ActivityThread: Pub contacts;com.android.contacts: com.android.providers.contacts.ContactsProvider2
07-19 05:12:30.981 27136 27137 D dalvikvm: GC_CONCURRENT freed 333K, 5% free 9183K/9607K, paused 4ms+2ms
07-19 05:12:31.524 27088 27091 D dalvikvm: GC_CONCURRENT freed 359K, 5% free 10716K/11207K, paused 49ms+3ms
07-19 05:12:31.567 27149 27151 D dalvikvm: GC_CONCURRENT freed 240K, 4% free 9283K/9607K, paused 57ms+82ms
07-19 05:12:31.708   144   174 I ActivityManager: Start proc com.twitter.android for service com.twitter.android/.client.AppService: pid=27168 uid=10064 gids={3003, 1015}
07-19 05:12:31.720 27168 27168 I dalvikvm: Turning on JNI app bug workarounds for target SDK version 11...
07-19 05:12:31.985 27149 27181 W System.err: com.google.android.apps.googlevoice.net.VoiceServiceException: Voice service failed [INVALID_AUTH_TOKEN]
07-19 05:12:31.985 27168 27168 I ActivityThread: Pub com.twitter.android.provider.GlobalDatabaseProvider: com.twitter.android.provider.GlobalDatabaseProvider
07-19 05:12:31.989 27149 27181 W System.err: 	at com.google.android.apps.googlevoice.net.masf.MASFVoiceService.checkCredentials(MASFVoiceService.java:107)
07-19 05:12:31.989 27149 27181 W System.err: 	at com.google.android.apps.googlevoice.net.masf.MASFVoiceService.getAuthToken(MASFVoiceService.java:95)
07-19 05:12:31.989 27149 27181 W System.err: 	at com.google.android.apps.googlevoice.net.masf.MASFGetBackendInfoRpc.createRequestPayload(MASFGetBackendInfoRpc.java:34)
07-19 05:12:31.989 27149 27181 W System.err: 	at com.google.android.apps.googlevoice.net.masf.MASFApiRpc.requestSubmit(MASFApiRpc.java:160)
07-19 05:12:31.989 27149 27181 W System.err: 	at com.google.android.apps.googlevoice.net.masf.MASFApiRpc.run(MASFApiRpc.java:141)
07-19 05:12:31.989 27149 27181 W System.err: 	at com.googlex.common.task.AbstractTask.run(Unknown Source)
07-19 05:12:31.989 27149 27181 W System.err: 	at com.googlex.common.task.AbstractTask.runInternal(Unknown Source)
07-19 05:12:31.989 27149 27181 W System.err: 	at com.googlex.common.task.TaskRunner.run(Unknown Source)
07-19 05:12:31.989 27149 27181 W System.err: 	at com.googlex.common.lang.BaseThreadFactory$ThreadImpl.run(Unknown Source)
07-19 05:12:31.997 27168 27168 I ActivityThread: Pub com.twitter.android.provider.TwitterProvider: com.twitter.android.provider.TwitterProvider
07-19 05:12:32.009 27149 27181 E GoogleVoice: ShadowNumberRefreshService: Failed to get backend info!
07-19 05:12:32.009 27149 27181 E GoogleVoice: com.google.android.apps.googlevoice.net.VoiceServiceException: Voice service failed [INVALID_AUTH_TOKEN]
07-19 05:12:32.009 27149 27181 E GoogleVoice: 	at com.google.android.apps.googlevoice.net.masf.MASFVoiceService.checkCredentials(MASFVoiceService.java:107)
07-19 05:12:32.009 27149 27181 E GoogleVoice: 	at com.google.android.apps.googlevoice.net.masf.MASFVoiceService.getAuthToken(MASFVoiceService.java:95)
07-19 05:12:32.009 27149 27181 E GoogleVoice: 	at com.google.android.apps.googlevoice.net.masf.MASFGetBackendInfoRpc.createRequestPayload(MASFGetBackendInfoRpc.java:34)
07-19 05:12:32.009 27149 27181 E GoogleVoice: 	at com.google.android.apps.googlevoice.net.masf.MASFApiRpc.requestSubmit(MASFApiRpc.java:160)
07-19 05:12:32.009 27149 27181 E GoogleVoice: 	at com.google.android.apps.googlevoice.net.masf.MASFApiRpc.run(MASFApiRpc.java:141)
07-19 05:12:32.009 27149 27181 E GoogleVoice: 	at com.googlex.common.task.AbstractTask.run(Unknown Source)
07-19 05:12:32.009 27149 27181 E GoogleVoice: 	at com.googlex.common.task.AbstractTask.runInternal(Unknown Source)
07-19 05:12:32.009 27149 27181 E GoogleVoice: 	at com.googlex.common.task.TaskRunner.run(Unknown Source)
07-19 05:12:32.009 27149 27181 E GoogleVoice: 	at com.googlex.common.lang.BaseThreadFactory$ThreadImpl.run(Unknown Source)
07-19 05:12:32.102 27168 27170 D dalvikvm: GC_CONCURRENT freed 195K, 4% free 9301K/9607K, paused 1ms+2ms
07-19 05:12:32.118 27136 27137 D dalvikvm: GC_CONCURRENT freed 205K, 4% free 9416K/9735K, paused 2ms+2ms
07-19 05:12:32.704 27168 27170 D dalvikvm: GC_CONCURRENT freed 218K, 4% free 9511K/9863K, paused 2ms+2ms
07-19 05:12:32.911 27168 27170 D dalvikvm: GC_CONCURRENT freed 290K, 5% free 9635K/10055K, paused 2ms+2ms
07-19 05:12:33.095 27168 27170 D dalvikvm: GC_CONCURRENT freed 291K, 5% free 9767K/10183K, paused 2ms+2ms
07-19 05:12:33.294 27168 27170 D dalvikvm: GC_CONCURRENT freed 301K, 5% free 9889K/10311K, paused 19ms+2ms
07-19 05:12:33.481 27168 27170 D dalvikvm: GC_CONCURRENT freed 299K, 5% free 10014K/10439K, paused 16ms+2ms
07-19 05:12:33.552 27136 27137 D dalvikvm: GC_CONCURRENT freed 235K, 4% free 9621K/9991K, paused 2ms+2ms
07-19 05:12:33.751 27168 27170 D dalvikvm: GC_CONCURRENT freed 301K, 4% free 10147K/10567K, paused 2ms+2ms
07-19 05:12:33.911 27168 27170 D dalvikvm: GC_CONCURRENT freed 297K, 4% free 10273K/10695K, paused 1ms+2ms
07-19 05:12:34.075   359   359 D dalvikvm: GC_EXPLICIT freed <1K, 6% free 9096K/9607K, paused 4ms+6ms
07-19 05:12:34.606 27168 27170 D dalvikvm: GC_CONCURRENT freed 475K, 6% free 10225K/10823K, paused 35ms+3ms
07-19 05:12:34.759 27168 27170 D dalvikvm: GC_CONCURRENT freed 323K, 5% free 10312K/10823K, paused 1ms+2ms
07-19 05:12:35.579 27168 27170 D dalvikvm: GC_CONCURRENT freed 374K, 5% free 10398K/10887K, paused 3ms+3ms
07-19 05:12:35.751 27168 27170 D dalvikvm: GC_CONCURRENT freed 353K, 5% free 10481K/10951K, paused 1ms+2ms
07-19 05:12:35.915 27168 27170 D dalvikvm: GC_CONCURRENT freed 328K, 5% free 10559K/11015K, paused 6ms+2ms
07-19 05:12:36.130 27168 27170 D dalvikvm: GC_CONCURRENT freed 366K, 5% free 10667K/11143K, paused 2ms+2ms
07-19 05:12:36.259 27168 27170 D dalvikvm: GC_CONCURRENT freed 403K, 5% free 10745K/11271K, paused 1ms+2ms
07-19 05:12:36.395 27168 27170 D dalvikvm: GC_CONCURRENT freed 378K, 5% free 10834K/11335K, paused 2ms+6ms
07-19 05:12:36.860   144 13425 I ActivityManager: Process com.xabber.androiddev (pid 27088) has died.
07-19 05:12:36.864   144 13425 W ActivityManager: Scheduling restart of crashed service com.xabber.androiddev/com.xabber.android.service.XMPPService in 40580ms
07-19 05:12:38.013 27168 27170 D dalvikvm: GC_CONCURRENT freed 313K, 4% free 11028K/11463K, paused 3ms+3ms
07-19 05:12:38.938 27168 27188 D dalvikvm: GC_FOR_ALLOC freed 180K, 5% free 11168K/11655K, paused 42ms
07-19 05:12:39.290 27168 27170 D dalvikvm: GC_CONCURRENT freed 264K, 4% free 11510K/11975K, paused 2ms+3ms
07-19 05:12:41.384 25433 25446 I PhoneLab-: Service Running
07-19 05:12:42.294   144   317 I ActivityManager: Process com.google.android.apps.maps (pid 26870) has died.
07-19 05:12:42.294   144   317 W ActivityManager: Scheduling restart of crashed service com.google.android.apps.maps/com.google.googlenav.prefetch.android.PrefetcherService in 20000ms
07-19 05:12:42.317  3217  3217 W ThumbnailCache: Low Memory: Freed 0 textures from compression queue, 0 from write queue, 0 from the pinned list, 0 from the cache.
07-19 05:12:42.610  3217  3217 D dalvikvm: GC_EXPLICIT freed 1K, 20% free 12145K/15111K, paused 3ms+11ms
07-19 05:12:42.790 25433 25446 I PhoneLab-LoggerService: app_37    1395  1     1432   980   c00f181c 400107b4 S logcat
07-19 05:12:42.790   144   388 D CountryDetector: The first listener is added
07-19 05:12:42.794 25433 25446 I PhoneLab-LoggerService: Logcat pid from database 1395
07-19 05:12:42.794 25433 25446 I PhoneLab-LoggerService: Logcat process found 1395
07-19 05:12:42.794 25433 25446 I PhoneLab-LoggerService: Checking Threshold
07-19 05:12:42.833 27149 27151 D dalvikvm: GC_CONCURRENT freed 432K, 6% free 9389K/9927K, paused 2ms+203ms
07-19 05:12:42.833 27149 27159 W CursorWrapperInner: Cursor finalized without prior close()
07-19 05:12:42.833 27149 27159 W CursorWrapperInner: Cursor finalized without prior close()
07-19 05:12:42.833 27149 27159 W CursorWrapperInner: Cursor finalized without prior close()
07-19 05:12:42.884 25433 25446 I PhoneLab-LoggerService: Starting to rename files
07-19 05:12:42.934 25433 25446 I PhoneLab-LoggerService: Files found .. 2
07-19 05:12:42.985 27136 27137 D dalvikvm: GC_CONCURRENT freed 550K, 7% free 9620K/10247K, paused 3ms+5ms
07-19 05:12:43.329 27149 27151 D dalvikvm: GC_CONCURRENT freed 301K, 5% free 9526K/9927K, paused 2ms+3ms
07-19 05:12:43.618   144 14994 I ActivityManager: Process android.process.acore (pid 27136) has died.
07-19 05:12:43.618 27149 27161 I ActivityThread: Removing dead content provider: contacts
07-19 05:12:43.618 27149 27161 I ActivityThread: Removing dead content provider: com.android.contacts
07-19 05:12:43.622   144 12390 D CountryDetector: No listener is left
07-19 05:12:43.622   144 14994 I ActivityManager: Kill com.google.android.apps.googlevoice (pid 27149): provider com.android.providers.contacts.ContactsProvider2 in dying process android.process.acore
07-19 05:12:43.638   144   317 I ActivityManager: Process com.google.android.apps.googlevoice (pid 27149) has died.
07-19 05:12:43.638   144   317 W ActivityManager: Scheduling restart of crashed service com.google.android.apps.googlevoice/.ShadowNumberRefreshService in 77548ms
07-19 05:12:43.638   144   317 W ActivityManager: Scheduling restart of crashed service com.google.android.apps.googlevoice/.UpdateService in 117548ms
07-19 05:12:44.005 27168 27170 D dalvikvm: GC_CONCURRENT freed 947K, 9% free 11280K/12359K, paused 2ms+3ms
07-19 05:12:48.782  3452  3452 D dalvikvm: GC_EXPLICIT freed <1K, 4% free 9238K/9543K, paused 5ms+2ms
07-19 05:12:51.020   144   161 I ActivityManager: Start proc com.google.android.apps.googlevoice for service com.google.android.apps.googlevoice/.CallLogService: pid=27201 uid=10054 gids={3003, 1015}
07-19 05:12:51.267 27201 27202 D dalvikvm: GC_CONCURRENT freed 248K, 4% free 9284K/9607K, paused 12ms+5ms
07-19 05:12:51.349   144   310 I ActivityManager: Start proc android.process.acore for content provider com.android.providers.contacts/.VoicemailContentProvider: pid=27216 uid=10000 gids={3003, 1015}
07-19 05:12:51.423 27216 27216 I ActivityThread: Pub call_log: com.android.providers.contacts.CallLogProvider
07-19 05:12:51.427    79    79 D dalvikvm: GC_EXPLICIT freed 38K, 4% free 9027K/9347K, paused 5ms+6ms
07-19 05:12:51.438 27216 27216 I ActivityThread: Pub com.android.voicemail: com.android.providers.contacts.VoicemailContentProvider
07-19 05:12:51.438 27216 27216 I ActivityThread: Pub user_dictionary: com.android.providers.userdictionary.UserDictionaryProvider
07-19 05:12:51.454 27216 27216 I ActivityThread: Pub com.android.social: com.android.providers.contacts.SocialProvider
07-19 05:12:51.454 27216 27216 I ActivityThread: Pub applications: com.android.providers.applications.ApplicationsProvider
07-19 05:12:51.477    79    79 D dalvikvm: GC_EXPLICIT freed <1K, 4% free 9027K/9347K, paused 3ms+5ms
07-19 05:12:51.517    79    79 D dalvikvm: GC_EXPLICIT freed <1K, 4% free 9027K/9347K, paused 2ms+2ms
07-19 05:12:51.556 27216 27216 I ActivityThread: Pub contacts;com.android.contacts: com.android.providers.contacts.ContactsProvider2
07-19 05:12:51.559 27216 27218 D dalvikvm: GC_CONCURRENT freed 350K, 5% free 9151K/9607K, paused 2ms+2ms
07-19 05:12:51.829   144   144 D dalvikvm: GC_EXPLICIT freed 900K, 23% free 18694K/24199K, paused 8ms+9ms
07-19 05:12:51.989 27216 27218 D dalvikvm: GC_CONCURRENT freed 235K, 4% free 9367K/9735K, paused 2ms+2ms
07-19 05:12:52.161   144  6618 I ActivityManager: Process com.twitter.android (pid 27168) has died.
07-19 05:12:52.798 27216 27218 D dalvikvm: GC_CONCURRENT freed 191K, 4% free 9623K/9927K, paused 1ms+2ms
07-19 05:12:57.298   144   160 D dalvikvm: GC_EXPLICIT freed 132K, 23% free 18648K/24199K, paused 15ms+8ms
07-19 05:12:59.720   144  1167 I ActivityManager: Start proc com.google.android.apps.maps:LocationFriendService for service com.google.android.apps.maps/com.google.googlenav.friend.reporting.LocationReceiverService: pid=27239 uid=10056 gids={3003, 1015}
07-19 05:12:59.954 27239 27240 D dalvikvm: GC_CONCURRENT freed 153K, 3% free 9379K/9607K, paused 12ms+3ms
07-19 05:13:00.524 27239 27240 D dalvikvm: GC_CONCURRENT freed 129K, 3% free 9669K/9927K, paused 10ms+2ms
07-19 05:13:00.989 27239 27240 D dalvikvm: GC_CONCURRENT freed 309K, 5% free 9835K/10247K, paused 2ms+6ms
07-19 05:13:01.235 27239 27240 D dalvikvm: GC_CONCURRENT freed 331K, 5% free 9970K/10439K, paused 2ms+2ms
07-19 05:13:02.356   144   161 I ActivityManager: Start proc com.google.android.apps.maps for service com.google.android.apps.maps/com.google.googlenav.prefetch.android.PrefetcherService: pid=27263 uid=10056 gids={3003, 1015}
07-19 05:13:02.434   144   144 I ActivityManager: Process com.google.android.apps.maps:LocationFriendService (pid 27239) has died.
07-19 05:13:02.474 27263 27265 D dalvikvm: GC_CONCURRENT freed 152K, 3% free 9380K/9607K, paused 2ms+3ms
07-19 05:13:02.532 27263 27263 I ActivityThread: Pub com.google.android.maps.SearchHistoryProvider: com.google.googlenav.provider.SearchHistoryProvider
07-19 05:13:02.536 27263 27263 I ActivityThread: Pub com.google.android.maps.SuggestionProvider: com.google.googlenav.suggest.android.SuggestContentProvider
07-19 05:13:02.544 27263 27263 I ActivityThread: Pub com.google.android.maps.LayerInfoProvider: com.google.googlenav.layer.LayerInfoProvider
07-19 05:13:02.552 27263 27263 I ActivityThread: Pub com.google.android.maps.TrafficAppWidgetProvider: com.google.googlenav.appwidget.traffic.TrafficAppWidgetProvider
07-19 05:13:02.556 27263 27263 I ActivityThread: Pub com.google.android.maps.LocalActivePlacesProvider: com.google.googlenav.provider.LocalActivePlacesProvider
07-19 05:13:02.556 27263 27263 I ActivityThread: Pub com.google.android.maps.StarredItemProvider: com.google.googlenav.provider.StarredItemProvider
07-19 05:13:02.626 27263 27265 D dalvikvm: GC_CONCURRENT freed 177K, 3% free 9703K/9991K, paused 1ms+4ms
07-19 05:13:02.739 27263 27263 I ActivityThread: Pub com.google.android.maps.LocalSuggestionProvider: com.google.googlenav.provider.LocalSuggestionProvider
07-19 05:13:02.739 27263 27263 I ActivityThread: Pub com.google.android.maps.NavigationAvailabilityProvider: com.google.googlenav.provider.NavigationAvailabilityProvider
07-19 05:13:02.743 27263 27265 D dalvikvm: GC_CONCURRENT freed 259K, 4% free 9925K/10311K, paused 1ms+3ms
07-19 05:13:02.876 27263 27279 D dalvikvm: GC_FOR_ALLOC freed 134K, 4% free 10165K/10567K, paused 25ms
07-19 05:13:02.876 27263 27279 I dalvikvm-heap: Grow heap (frag case) to 10.195MB for 204816-byte allocation
07-19 05:13:02.907 27263 27280 D dalvikvm: GC_FOR_ALLOC freed <1K, 5% free 10364K/10823K, paused 20ms
07-19 05:13:03.118 27263 27288 D dalvikvm: GC_FOR_ALLOC freed 173K, 4% free 10486K/10823K, paused 105ms
07-19 05:13:03.149 27263 27289 D dalvikvm: GC_FOR_ALLOC freed 1K, 4% free 10685K/11079K, paused 18ms
07-19 05:13:04.286   144 15767 I ActivityManager: Process android.process.acore (pid 27216) has died.
07-19 05:13:04.290   144 15767 I ActivityManager: Kill com.google.android.apps.googlevoice (pid 27201): provider com.android.providers.contacts.VoicemailContentProvider in dying process android.process.acore
07-19 05:13:04.294   144  6618 I ActivityManager: Process com.google.android.apps.googlevoice (pid 27201) has died.
07-19 05:13:04.294   144  6618 W ActivityManager: Scheduling restart of crashed service com.google.android.apps.googlevoice/.CallLogService in 157548ms
07-19 05:13:09.384   359   359 D dalvikvm: GC_EXPLICIT freed <1K, 6% free 9096K/9607K, paused 20ms+3ms
07-19 05:13:11.782 27296 27296 D dalvikvm: Late-enabling CheckJNI
07-19 05:13:11.782   144   161 I ActivityManager: Start proc com.chess for broadcast com.chess/.backend.AlarmReceiver: pid=27296 uid=10079 gids={3003, 1015}
07-19 05:13:11.942 27296 27298 D dalvikvm: GC_CONCURRENT freed 157K, 3% free 9375K/9607K, paused 3ms+3ms
07-19 05:13:12.087 27296 27312 D GetStringObjTask: retrieving from url = http://www.chess.com/api/get_move_status?id=5HHjW9WUGa%2Bcu1LUwnVJPxTIWxmEve4VdkRnRyg7b5Ch69JH2Z5aB%2B7eGuFw8K2uFx47KFsdE3JRdR3Mzv0PkZOj6eZ8N73BvxmEERrzXjMNRo80rkLyJAUTh0iqof4n
07-19 05:13:13.110 27296 27312 D GetStringObjTask: WebRequest SERVER RESPONSE: Success+0
07-19 05:13:17.118  3217  3217 W ThumbnailCache: Low Memory: Freed 0 textures from compression queue, 0 from write queue, 0 from the pinned list, 0 from the cache.
07-19 05:13:17.157  3217  3217 D dalvikvm: GC_EXPLICIT freed 1K, 20% free 12145K/15111K, paused 3ms+4ms
07-19 05:13:17.532 27314 27314 D dalvikvm: Late-enabling CheckJNI
07-19 05:13:17.536   144   161 I ActivityManager: Start proc com.xabber.androiddev for service com.xabber.androiddev/com.xabber.android.service.XMPPService: pid=27314 uid=10063 gids={3003, 1015}
07-19 05:13:17.556 27314 27314 I dalvikvm: Turning on JNI app bug workarounds for target SDK version 9...
07-19 05:13:17.704   144   310 I ActivityManager: Process com.chess (pid 27296) has died.
07-19 05:13:17.802 27314 27317 D dalvikvm: GC_CONCURRENT freed 209K, 3% free 9322K/9607K, paused 2ms+3ms
07-19 05:13:17.849 27314 27314 D dalvikvm: GC_FOR_ALLOC freed 310K, 5% free 9457K/9927K, paused 18ms
07-19 05:13:17.946 27314 27317 D dalvikvm: GC_CONCURRENT freed 190K, 3% free 9789K/10055K, paused 1ms+3ms
07-19 05:13:18.149 27314 27317 D dalvikvm: GC_CONCURRENT freed 288K, 4% free 10061K/10439K, paused 2ms+3ms
07-19 05:13:18.278 27314 27314 I com.xabber.android.service.XMPPService@4140cb18: onCreate
