07-26 09:31:09.043   342   342 D SAN_SERVICE: *******************************************
07-26 09:31:09.043   342   342 D SAN_SERVICE: DM App Phone Service State - 0
07-26 09:31:09.043   342   342 D SAN_SERVICE: *******************************************
07-26 09:31:09.347   145  1302 D AlarmManagerService: Kernel timezone updated to 240 minutes west of GMT
07-26 09:31:09.355   342   342 D SAN_SERVICE: *******************************************
07-26 09:31:09.355   342   342 D SAN_SERVICE: DM App Phone Service State - 0
07-26 09:31:09.355   342   342 D SAN_SERVICE: *******************************************
07-26 09:31:13.343   145   326 D AlarmManagerService: Kernel timezone updated to 240 minutes west of GMT
07-26 09:31:17.058   342   342 D SAN_SERVICE: *******************************************
07-26 09:31:17.062   342   342 D SAN_SERVICE: DM App Phone Service State - 0
07-26 09:31:17.062   342   342 D SAN_SERVICE: *******************************************
07-26 09:31:17.347   145 22786 D AlarmManagerService: Kernel timezone updated to 240 minutes west of GMT
07-26 09:31:17.351   342   342 D SystemClock: Setting time of day to sec=1343309478
07-26 09:31:18.090   145   162 I ActivityManager: Start proc com.android.calendar for broadcast com.android.calendar/.widget.CalendarAppWidgetService$CalendarFactory: pid=19073 uid=10005 gids={3003}
07-26 09:31:18.133    79    79 D dalvikvm: GC_EXPLICIT freed 37K, 4% free 9031K/9347K, paused 5ms+5ms
07-26 09:31:18.160    79    79 D dalvikvm: GC_EXPLICIT freed <1K, 4% free 9031K/9347K, paused 2ms+3ms
07-26 09:31:18.199    79    79 D dalvikvm: GC_EXPLICIT freed <1K, 4% free 9031K/9347K, paused 2ms+3ms
07-26 09:31:18.207 19073 19073 I ActivityThread: Pub com.android.calendar.CalendarRecentSuggestionsProvider: com.android.calendar.CalendarRecentSuggestionsProvider
07-26 09:31:18.355   145   356 I ActivityManager: Start proc com.android.deskclock for broadcast com.android.deskclock/.AlarmInitReceiver: pid=19090 uid=10011 gids={}
07-26 09:31:18.398   145   326 I ActivityManager: Start proc com.android.providers.calendar for content provider com.android.providers.calendar/.CalendarProvider2: pid=19103 uid=10006 gids={3003, 1015}
07-26 09:31:18.437 19090 19090 I ActivityThread: Pub com.android.deskclock: com.android.deskclock.AlarmProvider
07-26 09:31:18.488 19103 19103 I ActivityThread: Pub com.android.calendar: com.android.providers.calendar.CalendarProvider2
07-26 09:31:18.551 19090 19116 V AlarmClock: AlarmInitReceiver finished
07-26 09:31:19.664 19103 19103 I CalendarProvider2: Sending notification intent: Intent { act=android.intent.action.PROVIDER_CHANGED dat=content://com.android.calendar }
07-26 09:31:19.672 19103 19103 W ContentResolver: Failed to get type for: content://com.android.calendar (Unknown URL content://com.android.calendar)
07-26 09:31:20.062   145   363 D AlarmManagerService: Kernel timezone updated to 240 minutes west of GMT
07-26 09:31:20.070   342   342 D SAN_SERVICE: *******************************************
07-26 09:31:20.070   342   342 D SAN_SERVICE: DM App Phone Service State - 0
07-26 09:31:20.070   342   342 D SAN_SERVICE: *******************************************
07-26 09:31:30.047   145   338 D AlarmManagerService: Kernel timezone updated to 240 minutes west of GMT
07-26 09:31:30.297   342   342 D SAN_SERVICE: *******************************************
07-26 09:31:30.297   342   342 D SAN_SERVICE: DM App Phone Service State - 0
07-26 09:31:30.297   342   342 D SAN_SERVICE: *******************************************
07-26 09:31:36.816   342   342 D SAN_SERVICE: *******************************************
07-26 09:31:36.816   342   342 D SAN_SERVICE: DM App Phone Service State - 0
07-26 09:31:36.816   342   342 D SAN_SERVICE: *******************************************
07-26 09:31:37.078   145   363 D AlarmManagerService: Kernel timezone updated to 240 minutes west of GMT
07-26 09:31:37.090   342   342 D SAN_SERVICE: *******************************************
07-26 09:31:37.090   342   342 D SAN_SERVICE: DM App Phone Service State - 0
07-26 09:31:37.090   342   342 D SAN_SERVICE: *******************************************
07-26 09:31:40.086   342   342 D SAN_SERVICE: *******************************************
07-26 09:31:40.086   342   342 D SAN_SERVICE: DM App Phone Service State - 1
07-26 09:31:40.086   342   342 D SAN_SERVICE: *******************************************
07-26 09:31:41.582   342   342 D SAN_SERVICE: *******************************************
07-26 09:31:41.582   342   342 D SAN_SERVICE: DM App Phone Service State - 1
07-26 09:31:41.582   342   342 D SAN_SERVICE: *******************************************
07-26 09:31:42.070   342   342 D SAN_SERVICE: *******************************************
07-26 09:31:42.070   342   342 D SAN_SERVICE: DM App Phone Service State - 1
07-26 09:31:42.070   342   342 D SAN_SERVICE: *******************************************
07-26 09:31:44.922   342   342 D SAN_SERVICE: *******************************************
07-26 09:31:44.922   342   342 D SAN_SERVICE: DM App Phone Service State - 0
07-26 09:31:44.922   342   342 D SAN_SERVICE: *******************************************
07-26 09:31:45.031   145  1302 D AlarmManagerService: Kernel timezone updated to 240 minutes west of GMT
07-26 09:31:47.254   145  1302 D AlarmManagerService: Kernel timezone updated to 240 minutes west of GMT
07-26 09:31:47.289   342   342 D SAN_SERVICE: *******************************************
07-26 09:31:47.289   342   342 D SAN_SERVICE: DM App Phone Service State - 0
07-26 09:31:47.289   342   342 D SAN_SERVICE: *******************************************
07-26 09:31:59.285   342   342 D SAN_SERVICE: *******************************************
07-26 09:31:59.285   342   342 D SAN_SERVICE: DM App Phone Service State - 0
07-26 09:31:59.285   342   342 D SAN_SERVICE: *******************************************
07-26 09:32:03.105   342   342 D SAN_SERVICE: *******************************************
07-26 09:32:03.109   342   342 D SAN_SERVICE: DM App Phone Service State - 0
07-26 09:32:03.109   342   342 D SAN_SERVICE: *******************************************
07-26 09:32:08.367 18661 18663 D dalvikvm: GC_CONCURRENT freed 500K, 6% free 10545K/11143K, paused 4ms+2ms
07-26 09:32:08.531 18974 18977 D dalvikvm: GC_CONCURRENT freed 705K, 8% free 10154K/10951K, paused 2ms+3ms
07-26 09:32:24.855   342   342 D SAN_SERVICE: *******************************************
07-26 09:32:24.855   342   342 D SAN_SERVICE: DM App Phone Service State - 0
07-26 09:32:24.855   342   342 D SAN_SERVICE: *******************************************
07-26 09:32:35.023   342   342 D SAN_SERVICE: *******************************************
07-26 09:32:35.023   342   342 D SAN_SERVICE: DM App Phone Service State - 0
07-26 09:32:35.023   342   342 D SAN_SERVICE: *******************************************
07-26 09:32:38.297   342   342 D SAN_SERVICE: *******************************************
07-26 09:32:38.297   342   342 D SAN_SERVICE: DM App Phone Service State - 0
07-26 09:32:38.297   342   342 D SAN_SERVICE: *******************************************
07-26 09:32:39.957 19020 19023 D dalvikvm: GC_CONCURRENT freed 423K, 5% free 11163K/11719K, paused 2ms+2ms
07-26 09:32:42.554 11081 11109 I PhoneLab-: Service Running
07-26 09:32:42.668 11081 11109 I PhoneLab-LoggerService: app_37    1300  1     1440   1000  c00f181c 400107b4 S logcat
07-26 09:32:42.668 11081 11109 I PhoneLab-LoggerService: Logcat pid from database 1300
07-26 09:32:42.668 11081 11109 I PhoneLab-LoggerService: Logcat process found 1300
07-26 09:32:42.668 11081 11109 I PhoneLab-LoggerService: Checking Threshold
07-26 09:32:45.836   145   363 D AlarmManagerService: Kernel timezone updated to 240 minutes west of GMT
07-26 09:32:46.859   145 21503 D AlarmManagerService: Kernel timezone updated to 240 minutes west of GMT
07-26 09:32:47.343   342   342 D SAN_SERVICE: *******************************************
07-26 09:32:47.343   342   342 D SAN_SERVICE: DM App Phone Service State - 0
07-26 09:32:47.343   342   342 D SAN_SERVICE: *******************************************
07-26 09:32:47.851   342   342 D SAN_SERVICE: *******************************************
07-26 09:32:47.851   342   342 D SAN_SERVICE: DM App Phone Service State - 0
07-26 09:32:47.855   342   342 D SAN_SERVICE: *******************************************
07-26 09:32:53.894   342   342 D SAN_SERVICE: *******************************************
07-26 09:32:53.894   342   342 D SAN_SERVICE: DM App Phone Service State - 0
07-26 09:32:53.894   342   342 D SAN_SERVICE: *******************************************
07-26 09:32:53.910   342   345 D dalvikvm: GC_CONCURRENT freed 878K, 9% free 11931K/12999K, paused 2ms+3ms
07-26 09:32:54.890   342   342 D SAN_SERVICE: *******************************************
07-26 09:32:54.890   342   342 D SAN_SERVICE: DM App Phone Service State - 1
07-26 09:32:54.890   342   342 D SAN_SERVICE: *******************************************
07-26 09:32:55.730   342   342 D SAN_SERVICE: *******************************************
07-26 09:32:55.730   342   342 D SAN_SERVICE: DM App Phone Service State - 0
07-26 09:32:55.730   342   342 D SAN_SERVICE: *******************************************
07-26 09:32:55.812   145   338 D AlarmManagerService: Kernel timezone updated to 240 minutes west of GMT
07-26 09:32:55.824   342   342 D SAN_SERVICE: *******************************************
07-26 09:32:55.824   342   342 D SAN_SERVICE: DM App Phone Service State - 0
07-26 09:32:55.824   342   342 D SAN_SERVICE: *******************************************
07-26 09:32:56.093   145   147 D dalvikvm: GC_CONCURRENT freed 1900K, 22% free 18381K/23495K, paused 8ms+9ms
07-26 09:32:59.855   145   430 D AlarmManagerService: Kernel timezone updated to 240 minutes west of GMT
07-26 09:32:59.886 19041 19131 D GetStringObjTask: retrieving from url = http://www.chess.com/api/get_move_status?id=5HHjW9WUGa%2Bcu1LUwnVJPxTIWxmEve4VdkRnRyg7b5Ch69JH2Z5aB%2B7eGuFw8K2uFx47KFsdE3JRdR3Mzv0PkZOj6eZ8N73BvxmEERrzXjMNRo80rkLyJAUTh0iqof4n
07-26 09:33:00.308 19041 19131 D GetStringObjTask: WebRequest SERVER RESPONSE: Success+0
07-26 09:33:04.910   145   145 D AlarmManagerService: Kernel timezone updated to 240 minutes west of GMT
07-26 09:33:05.863   342   342 D SAN_SERVICE: *******************************************
07-26 09:33:05.863   342   342 D SAN_SERVICE: DM App Phone Service State - 0
07-26 09:33:05.863   342   342 D SAN_SERVICE: *******************************************
07-26 09:33:08.519 18661 18663 D dalvikvm: GC_CONCURRENT freed 428K, 6% free 10545K/11143K, paused 2ms+3ms
07-26 09:33:08.590 18974 18977 D dalvikvm: GC_CONCURRENT freed 470K, 8% free 10107K/10951K, paused 2ms+2ms
07-26 09:33:13.695   342   342 D SAN_SERVICE: *******************************************
07-26 09:33:13.695   342   342 D SAN_SERVICE: DM App Phone Service State - 0
07-26 09:33:13.695   342   342 D SAN_SERVICE: *******************************************
07-26 09:33:13.843   145   156 D AlarmManagerService: Kernel timezone updated to 240 minutes west of GMT
07-26 09:33:18.847   145 22786 D AlarmManagerService: Kernel timezone updated to 240 minutes west of GMT
07-26 09:33:23.894   145   430 D AlarmManagerService: Kernel timezone updated to 240 minutes west of GMT
07-26 09:33:27.902   145   145 D AlarmManagerService: Kernel timezone updated to 240 minutes west of GMT
07-26 09:33:28.164   342   342 D SAN_SERVICE: *******************************************
07-26 09:33:28.164   342   342 D SAN_SERVICE: DM App Phone Service State - 0
07-26 09:33:28.164   342   342 D SAN_SERVICE: *******************************************
07-26 09:33:28.933   342   342 D SAN_SERVICE: *******************************************
07-26 09:33:28.933   342   342 D SAN_SERVICE: DM App Phone Service State - 0
07-26 09:33:28.933   342   342 D SAN_SERVICE: *******************************************
07-26 09:33:29.910   145 21503 D AlarmManagerService: Kernel timezone updated to 240 minutes west of GMT
07-26 09:33:29.918   342   342 D SAN_SERVICE: *******************************************
07-26 09:33:29.918   342   342 D SAN_SERVICE: DM App Phone Service State - 0
07-26 09:33:29.918   342   342 D SAN_SERVICE: *******************************************
07-26 09:33:34.949   145   363 D AlarmManagerService: Kernel timezone updated to 240 minutes west of GMT
07-26 09:33:40.933   145  1303 D AlarmManagerService: Kernel timezone updated to 240 minutes west of GMT
07-26 09:33:45.238   342   342 D SAN_SERVICE: *******************************************
07-26 09:33:45.238   342   342 D SAN_SERVICE: DM App Phone Service State - 0
07-26 09:33:45.242   342   342 D SAN_SERVICE: *******************************************
07-26 09:33:45.957   342   342 D SAN_SERVICE: *******************************************
07-26 09:33:45.957   342   342 D SAN_SERVICE: DM App Phone Service State - 0
07-26 09:33:45.957   342   342 D SAN_SERVICE: *******************************************
07-26 09:33:46.691   342   342 D SAN_SERVICE: *******************************************
07-26 09:33:46.691   342   342 D SAN_SERVICE: DM App Phone Service State - 0
07-26 09:33:46.691   342   342 D SAN_SERVICE: *******************************************
07-26 09:33:46.945   145   379 D AlarmManagerService: Kernel timezone updated to 240 minutes west of GMT
07-26 09:33:46.965   342   342 D SAN_SERVICE: *******************************************
07-26 09:33:46.965   342   342 D SAN_SERVICE: DM App Phone Service State - 0
07-26 09:33:46.965   342   342 D SAN_SERVICE: *******************************************
07-26 09:33:51.945   145 21503 D AlarmManagerService: Kernel timezone updated to 240 minutes west of GMT
07-26 09:33:55.488 31737  1841 I EventLogService: Aggregate from 1343307835296 (log), 1343307835296 (data)
07-26 09:33:56.660   342   342 D SAN_SERVICE: *******************************************
07-26 09:33:56.660   342   342 D SAN_SERVICE: DM App Phone Service State - 0
07-26 09:33:56.660   342   342 D SAN_SERVICE: *******************************************
07-26 09:33:56.945   145   378 D AlarmManagerService: Kernel timezone updated to 240 minutes west of GMT
07-26 09:33:58.957   145   421 D AlarmManagerService: Kernel timezone updated to 240 minutes west of GMT
07-26 09:34:04.000   145  1303 D AlarmManagerService: Kernel timezone updated to 240 minutes west of GMT
07-26 09:34:04.211   342   342 D SAN_SERVICE: *******************************************
07-26 09:34:04.215   342   342 D SAN_SERVICE: DM App Phone Service State - 0
07-26 09:34:04.215   342   342 D SAN_SERVICE: *******************************************
07-26 09:34:04.976   342   342 D SAN_SERVICE: *******************************************
07-26 09:34:04.976   342   342 D SAN_SERVICE: DM App Phone Service State - 1
07-26 09:34:04.980   342   342 D SAN_SERVICE: *******************************************
07-26 09:34:06.754   342   342 D SAN_SERVICE: *******************************************
07-26 09:34:06.754   342   342 D SAN_SERVICE: DM App Phone Service State - 0
07-26 09:34:06.754   342   342 D SAN_SERVICE: *******************************************
07-26 09:34:06.929   145 21503 D AlarmManagerService: Kernel timezone updated to 240 minutes west of GMT
07-26 09:34:07.738   342   342 D SAN_SERVICE: *******************************************
07-26 09:34:07.738   342   342 D SAN_SERVICE: DM App Phone Service State - 0
07-26 09:34:07.738   342   342 D SAN_SERVICE: *******************************************
07-26 09:34:08.000   342   342 D SAN_SERVICE: *******************************************
07-26 09:34:08.004   342   342 D SAN_SERVICE: DM App Phone Service State - 0
07-26 09:34:08.004   342   342 D SAN_SERVICE: *******************************************
07-26 09:34:08.679 18974 18977 D dalvikvm: GC_CONCURRENT freed 421K, 8% free 10108K/10951K, paused 2ms+3ms
07-26 09:34:09.976   145   430 D AlarmManagerService: Kernel timezone updated to 240 minutes west of GMT
07-26 09:34:09.988   342   342 D SAN_SERVICE: *******************************************
07-26 09:34:09.988   342   342 D SAN_SERVICE: DM App Phone Service State - 0
07-26 09:34:09.988   342   342 D SAN_SERVICE: *******************************************
07-26 09:34:10.062   342   342 D SAN_SERVICE: *******************************************
07-26 09:34:10.062   342   342 D SAN_SERVICE: DM App Phone Service State - 0
07-26 09:34:10.062   342   342 D SAN_SERVICE: *******************************************
07-26 09:34:12.410   145 22258 D dalvikvm: GC_EXPLICIT freed 1748K, 22% free 18356K/23495K, paused 32ms+10ms
07-26 09:34:12.422   342   342 D SAN_SERVICE: *******************************************
07-26 09:34:12.422   342   342 D SAN_SERVICE: DM App Phone Service State - 0
07-26 09:34:12.422   342   342 D SAN_SERVICE: *******************************************
07-26 09:34:12.988   145 22786 D AlarmManagerService: Kernel timezone updated to 240 minutes west of GMT
07-26 09:34:25.636   342   342 D SAN_SERVICE: *******************************************
07-26 09:34:25.636   342   342 D SAN_SERVICE: DM App Phone Service State - 0
07-26 09:34:25.636   342   342 D SAN_SERVICE: *******************************************
07-26 09:34:29.031   342   342 D SAN_SERVICE: *******************************************
07-26 09:34:29.031   342   342 D SAN_SERVICE: DM App Phone Service State - 0
07-26 09:34:29.031   342   342 D SAN_SERVICE: *******************************************
07-26 09:34:41.859 11081 11109 I PhoneLab-: Service Running
07-26 09:34:41.968 11081 11109 I PhoneLab-LoggerService: app_37    1300  1     1440   1000  c00f181c 400107b4 S logcat
07-26 09:34:41.968 11081 11109 I PhoneLab-LoggerService: Logcat pid from database 1300
07-26 09:34:41.968 11081 11109 I PhoneLab-LoggerService: Logcat process found 1300
07-26 09:34:41.968 11081 11109 I PhoneLab-LoggerService: Checking Threshold
07-26 09:34:52.445   342   342 D SAN_SERVICE: *******************************************
07-26 09:34:52.445   342   342 D SAN_SERVICE: DM App Phone Service State - 0
07-26 09:34:52.445   342   342 D SAN_SERVICE: *******************************************
07-26 09:35:02.961   342   342 D SAN_SERVICE: *******************************************
07-26 09:35:02.961   342   342 D SAN_SERVICE: DM App Phone Service State - 0
07-26 09:35:02.961   342   342 D SAN_SERVICE: *******************************************
07-26 09:35:06.144   342   342 D SAN_SERVICE: *******************************************
07-26 09:35:06.144   342   342 D SAN_SERVICE: DM App Phone Service State - 0
07-26 09:35:06.144   342   342 D SAN_SERVICE: *******************************************
07-26 09:35:08.574 18661 18663 D dalvikvm: GC_CONCURRENT freed 502K, 6% free 10555K/11143K, paused 2ms+3ms
07-26 09:35:08.726 18974 18977 D dalvikvm: GC_CONCURRENT freed 424K, 8% free 10105K/10951K, paused 1ms+2ms
07-26 09:35:11.293   145   326 D AlarmManagerService: Kernel timezone updated to 240 minutes west of GMT
07-26 09:35:11.379   342   345 D dalvikvm: GC_CONCURRENT freed 847K, 9% free 11927K/12999K, paused 8ms+3ms
07-26 09:35:11.836   342   342 D SAN_SERVICE: *******************************************
07-26 09:35:11.836   342   342 D SAN_SERVICE: DM App Phone Service State - 0
07-26 09:35:11.836   342   342 D SAN_SERVICE: *******************************************
07-26 09:35:12.347   145   379 D AlarmManagerService: Kernel timezone updated to 240 minutes west of GMT
07-26 09:35:12.355   342   342 D SAN_SERVICE: *******************************************
07-26 09:35:12.355   342   342 D SAN_SERVICE: DM App Phone Service State - 0
07-26 09:35:12.355   342   342 D SAN_SERVICE: *******************************************
07-26 09:35:16.336   145 21503 D AlarmManagerService: Kernel timezone updated to 240 minutes west of GMT
07-26 09:35:16.558   342   342 D SAN_SERVICE: *******************************************
07-26 09:35:16.558   342   342 D SAN_SERVICE: DM App Phone Service State - 0
07-26 09:35:16.562   342   342 D SAN_SERVICE: *******************************************
07-26 09:35:17.355   342   342 D SAN_SERVICE: *******************************************
07-26 09:35:17.355   342   342 D SAN_SERVICE: DM App Phone Service State - 0
07-26 09:35:17.355   342   342 D SAN_SERVICE: *******************************************
07-26 09:35:19.359   342   342 D SAN_SERVICE: *******************************************
07-26 09:35:19.359   342   342 D SAN_SERVICE: DM App Phone Service State - 1
07-26 09:35:19.359   342   342 D SAN_SERVICE: *******************************************
07-26 09:35:20.164   342   342 D SAN_SERVICE: *******************************************
07-26 09:35:20.164   342   342 D SAN_SERVICE: DM App Phone Service State - 1
07-26 09:35:20.164   342   342 D SAN_SERVICE: *******************************************
07-26 09:35:20.371   342   342 D SAN_SERVICE: *******************************************
07-26 09:35:20.371   342   342 D SAN_SERVICE: DM App Phone Service State - 1
07-26 09:35:20.371   342   342 D SAN_SERVICE: *******************************************
07-26 09:35:21.652   342   342 D SAN_SERVICE: *******************************************
07-26 09:35:21.652   342   342 D SAN_SERVICE: DM App Phone Service State - 0
07-26 09:35:21.652   342   342 D SAN_SERVICE: *******************************************
07-26 09:35:21.836   342   342 D SAN_SERVICE: *******************************************
07-26 09:35:21.836   342   342 D SAN_SERVICE: DM App Phone Service State - 0
07-26 09:35:21.836   342   342 D SAN_SERVICE: *******************************************
07-26 09:35:22.367   145   156 D AlarmManagerService: Kernel timezone updated to 240 minutes west of GMT
07-26 09:35:22.375   342   342 D SAN_SERVICE: *******************************************
07-26 09:35:22.375   342   342 D SAN_SERVICE: DM App Phone Service State - 0
07-26 09:35:22.375   342   342 D SAN_SERVICE: *******************************************
07-26 09:35:26.371   145  1303 D AlarmManagerService: Kernel timezone updated to 240 minutes west of GMT
07-26 09:35:29.750   342   342 D SAN_SERVICE: *******************************************
07-26 09:35:29.750   342   342 D SAN_SERVICE: DM App Phone Service State - 0
07-26 09:35:29.750   342   342 D SAN_SERVICE: *******************************************
07-26 09:35:30.355   145 22258 D AlarmManagerService: Kernel timezone updated to 240 minutes west of GMT
07-26 09:35:31.699   342   342 D SAN_SERVICE: *******************************************
07-26 09:35:31.699   342   342 D SAN_SERVICE: DM App Phone Service State - 0
07-26 09:35:31.699   342   342 D SAN_SERVICE: *******************************************
07-26 09:35:32.347   145 21503 D AlarmManagerService: Kernel timezone updated to 240 minutes west of GMT
07-26 09:35:41.375   145   145 D AlarmManagerService: Kernel timezone updated to 240 minutes west of GMT
07-26 09:35:42.109   342   342 D SAN_SERVICE: *******************************************
07-26 09:35:42.109   342   342 D SAN_SERVICE: DM App Phone Service State - 0
07-26 09:35:42.109   342   342 D SAN_SERVICE: *******************************************
07-26 09:35:46.394   145   378 D AlarmManagerService: Kernel timezone updated to 240 minutes west of GMT
07-26 09:35:47.136   342   342 D SAN_SERVICE: *******************************************
07-26 09:35:47.136   342   342 D SAN_SERVICE: DM App Phone Service State - 0
07-26 09:35:47.136   342   342 D SAN_SERVICE: *******************************************
07-26 09:35:47.390   342   342 D SAN_SERVICE: *******************************************
07-26 09:35:47.390   342   342 D SAN_SERVICE: DM App Phone Service State - 0
07-26 09:35:47.390   342   342 D SAN_SERVICE: *******************************************
07-26 09:35:48.390   342   342 D SAN_SERVICE: *******************************************
07-26 09:35:48.390   342   342 D SAN_SERVICE: DM App Phone Service State - 1
07-26 09:35:48.390   342   342 D SAN_SERVICE: *******************************************
07-26 09:35:52.633   342   342 D SAN_SERVICE: *******************************************
07-26 09:35:52.633   342   342 D SAN_SERVICE: DM App Phone Service State - 1
07-26 09:35:52.633   342   342 D SAN_SERVICE: *******************************************
07-26 09:35:53.379   342   342 D SAN_SERVICE: *******************************************
07-26 09:35:53.379   342   342 D SAN_SERVICE: DM App Phone Service State - 1
07-26 09:35:53.379   342   342 D SAN_SERVICE: *******************************************
07-26 09:35:55.715   342   342 D SAN_SERVICE: *******************************************
07-26 09:35:55.715   342   342 D SAN_SERVICE: DM App Phone Service State - 0
07-26 09:35:55.715   342   342 D SAN_SERVICE: *******************************************
07-26 09:35:55.843   342   342 D SAN_SERVICE: *******************************************
07-26 09:35:55.843   342   342 D SAN_SERVICE: DM App Phone Service State - 0
07-26 09:35:55.843   342   342 D SAN_SERVICE: *******************************************
07-26 09:35:56.320   342   342 D SAN_SERVICE: *******************************************
07-26 09:35:56.320   342   342 D SAN_SERVICE: DM App Phone Service State - 0
07-26 09:35:56.320   342   342 D SAN_SERVICE: *******************************************
07-26 09:35:56.336   145   379 D AlarmManagerService: Kernel timezone updated to 240 minutes west of GMT
07-26 09:35:56.914   145   147 D dalvikvm: GC_CONCURRENT freed 2035K, 22% free 18369K/23495K, paused 3ms+8ms
07-26 09:35:59.390   145   363 D AlarmManagerService: Kernel timezone updated to 240 minutes west of GMT
07-26 09:36:00.734   342   342 D SAN_SERVICE: *******************************************
07-26 09:36:00.734   342   342 D SAN_SERVICE: DM App Phone Service State - 0
07-26 09:36:00.734   342   342 D SAN_SERVICE: *******************************************
07-26 09:36:01.426 18661 18663 D dalvikvm: GC_CONCURRENT freed 375K, 6% free 10566K/11143K, paused 3ms+2ms
07-26 09:36:08.652 31737 31740 D dalvikvm: GC_CONCURRENT freed 427K, 6% free 10455K/11079K, paused 6ms+16ms
07-26 09:36:08.785 18974 18977 D dalvikvm: GC_CONCURRENT freed 416K, 8% free 10108K/10951K, paused 1ms+2ms
07-26 09:36:12.176   342   342 D SAN_SERVICE: *******************************************
07-26 09:36:12.176   342   342 D SAN_SERVICE: DM App Phone Service State - 0
07-26 09:36:12.176   342   342 D SAN_SERVICE: *******************************************
07-26 09:36:17.258   342   342 D SAN_SERVICE: *******************************************
07-26 09:36:17.258   342   342 D SAN_SERVICE: DM App Phone Service State - 0
07-26 09:36:17.258   342   342 D SAN_SERVICE: *******************************************
07-26 09:36:40.894   342   342 D SAN_SERVICE: *******************************************
07-26 09:36:40.894   342   342 D SAN_SERVICE: DM App Phone Service State - 0
07-26 09:36:40.894   342   342 D SAN_SERVICE: *******************************************
07-26 09:36:41.715   215   217 D dalvikvm: GC_CONCURRENT freed 388K, 32% free 9707K/14215K, paused 5ms+4ms
07-26 09:36:41.855 11081 11109 I PhoneLab-: Service Running
07-26 09:36:41.941 11081 11109 I PhoneLab-LoggerService: app_37    1300  1     1440   1000  c00f181c 400107b4 S logcat
07-26 09:36:41.941 11081 11109 I PhoneLab-LoggerService: Logcat pid from database 1300
07-26 09:36:41.941 11081 11109 I PhoneLab-LoggerService: Logcat process found 1300
07-26 09:36:41.941 11081 11109 I PhoneLab-LoggerService: Checking Threshold
07-26 09:36:51.191   342   342 D SAN_SERVICE: *******************************************
07-26 09:36:51.191   342   342 D SAN_SERVICE: DM App Phone Service State - 0
07-26 09:36:51.191   342   342 D SAN_SERVICE: *******************************************
07-26 09:36:54.359   342   342 D SAN_SERVICE: *******************************************
07-26 09:36:54.359   342   342 D SAN_SERVICE: DM App Phone Service State - 0
07-26 09:36:54.359   342   342 D SAN_SERVICE: *******************************************
07-26 09:36:57.027   145   156 D AlarmManagerService: Kernel timezone updated to 240 minutes west of GMT
07-26 09:36:58.039   145   421 D AlarmManagerService: Kernel timezone updated to 240 minutes west of GMT
07-26 09:36:58.269   342   342 D SAN_SERVICE: *******************************************
07-26 09:36:58.269   342   342 D SAN_SERVICE: DM App Phone Service State - 0
07-26 09:36:58.269   342   342 D SAN_SERVICE: *******************************************
07-26 09:36:59.027   342   342 D SAN_SERVICE: *******************************************
07-26 09:36:59.027   342   342 D SAN_SERVICE: DM App Phone Service State - 0
07-26 09:36:59.027   342   342 D SAN_SERVICE: *******************************************
07-26 09:37:03.043   145  1302 D AlarmManagerService: Kernel timezone updated to 240 minutes west of GMT
07-26 09:37:03.562   342   342 D SAN_SERVICE: *******************************************
07-26 09:37:03.562   342   342 D SAN_SERVICE: DM App Phone Service State - 0
07-26 09:37:03.562   342   342 D SAN_SERVICE: *******************************************
07-26 09:37:04.090   342   342 D SAN_SERVICE: *******************************************
07-26 09:37:04.090   342   342 D SAN_SERVICE: DM App Phone Service State - 0
07-26 09:37:04.090   342   342 D SAN_SERVICE: *******************************************
07-26 09:37:06.070   342   342 D SAN_SERVICE: *******************************************
07-26 09:37:06.070   342   342 D SAN_SERVICE: DM App Phone Service State - 1
07-26 09:37:06.070   342   342 D SAN_SERVICE: *******************************************
07-26 09:37:06.164   342   345 D dalvikvm: GC_CONCURRENT freed 855K, 9% free 11925K/12999K, paused 6ms+3ms
07-26 09:37:07.015   145   145 D AlarmManagerService: Kernel timezone updated to 240 minutes west of GMT
07-26 09:37:07.043   342   342 D SAN_SERVICE: *******************************************
07-26 09:37:07.043   342   342 D SAN_SERVICE: DM App Phone Service State - 0
07-26 09:37:07.043   342   342 D SAN_SERVICE: *******************************************
07-26 09:37:08.668 18661 18663 D dalvikvm: GC_CONCURRENT freed 547K, 6% free 10580K/11207K, paused 1ms+2ms
07-26 09:37:08.797 18974 18977 D dalvikvm: GC_CONCURRENT freed 412K, 8% free 10104K/10951K, paused 2ms+2ms
07-26 09:37:11.039   145 22258 D AlarmManagerService: Kernel timezone updated to 240 minutes west of GMT
07-26 09:37:14.660   342   342 D SAN_SERVICE: *******************************************
07-26 09:37:14.660   342   342 D SAN_SERVICE: DM App Phone Service State - 0
07-26 09:37:14.660   342   342 D SAN_SERVICE: *******************************************
07-26 09:37:15.070   145 22786 D AlarmManagerService: Kernel timezone updated to 240 minutes west of GMT
07-26 09:37:18.047   145   363 D AlarmManagerService: Kernel timezone updated to 240 minutes west of GMT
07-26 09:37:18.343   342   342 D SAN_SERVICE: *******************************************
07-26 09:37:18.343   342   342 D SAN_SERVICE: DM App Phone Service State - 0
07-26 09:37:18.343   342   342 D SAN_SERVICE: *******************************************
07-26 09:37:28.054   145   423 D AlarmManagerService: Kernel timezone updated to 240 minutes west of GMT
07-26 09:37:28.383   342   342 D SAN_SERVICE: *******************************************
07-26 09:37:28.383   342   342 D SAN_SERVICE: DM App Phone Service State - 0
07-26 09:37:28.383   342   342 D SAN_SERVICE: *******************************************
07-26 09:37:32.558   342   342 D SAN_SERVICE: *******************************************
07-26 09:37:32.558   342   342 D SAN_SERVICE: DM App Phone Service State - 0
07-26 09:37:32.558   342   342 D SAN_SERVICE: *******************************************
07-26 09:37:33.109   145   421 D AlarmManagerService: Kernel timezone updated to 240 minutes west of GMT
07-26 09:37:33.117   342   342 D SAN_SERVICE: *******************************************
07-26 09:37:33.117   342   342 D SAN_SERVICE: DM App Phone Service State - 0
07-26 09:37:33.117   342   342 D SAN_SERVICE: *******************************************
07-26 09:37:35.086   342   342 D SAN_SERVICE: *******************************************
07-26 09:37:35.086   342   342 D SAN_SERVICE: DM App Phone Service State - 1
07-26 09:37:35.086   342   342 D SAN_SERVICE: *******************************************
07-26 09:37:37.332   342   342 D SAN_SERVICE: *******************************************
07-26 09:37:37.332   342   342 D SAN_SERVICE: DM App Phone Service State - 1
07-26 09:37:37.332   342   342 D SAN_SERVICE: *******************************************
07-26 09:37:38.086   342   342 D SAN_SERVICE: *******************************************
07-26 09:37:38.086   342   342 D SAN_SERVICE: DM App Phone Service State - 1
07-26 09:37:38.086   342   342 D SAN_SERVICE: *******************************************
07-26 09:37:40.601   342   342 D SAN_SERVICE: *******************************************
07-26 09:37:40.601   342   342 D SAN_SERVICE: DM App Phone Service State - 0
07-26 09:37:40.601   342   342 D SAN_SERVICE: *******************************************
07-26 09:37:40.785   342   342 D SAN_SERVICE: *******************************************
07-26 09:37:40.785   342   342 D SAN_SERVICE: DM App Phone Service State - 0
07-26 09:37:40.785   342   342 D SAN_SERVICE: *******************************************
07-26 09:37:41.019   342   342 D SAN_SERVICE: *******************************************
07-26 09:37:41.019   342   342 D SAN_SERVICE: DM App Phone Service State - 0
07-26 09:37:41.023   342   342 D SAN_SERVICE: *******************************************
07-26 09:37:41.039   145 22258 D AlarmManagerService: Kernel timezone updated to 240 minutes west of GMT
07-26 09:37:41.801   145   147 D dalvikvm: GC_CONCURRENT freed 2032K, 22% free 18384K/23495K, paused 25ms+9ms
07-26 09:37:43.019 19020 19023 D dalvikvm: GC_CONCURRENT freed 512K, 6% free 11282K/11911K, paused 27ms+3ms
07-26 09:37:44.078   145  1302 D AlarmManagerService: Kernel timezone updated to 240 minutes west of GMT
07-26 09:37:44.781   342   342 D SAN_SERVICE: *******************************************
07-26 09:37:44.781   342   342 D SAN_SERVICE: DM App Phone Service State - 0
07-26 09:37:44.781   342   342 D SAN_SERVICE: *******************************************
07-26 09:37:57.379   342   342 D SAN_SERVICE: *******************************************
07-26 09:37:57.379   342   342 D SAN_SERVICE: DM App Phone Service State - 0
07-26 09:37:57.379   342   342 D SAN_SERVICE: *******************************************
07-26 09:37:58.109   145   430 D AlarmManagerService: Kernel timezone updated to 240 minutes west of GMT
07-26 09:37:59.961 19041 19169 D GetStringObjTask: retrieving from url = http://www.chess.com/api/get_move_status?id=5HHjW9WUGa%2Bcu1LUwnVJPxTIWxmEve4VdkRnRyg7b5Ch69JH2Z5aB%2B7eGuFw8K2uFx47KFsdE3JRdR3Mzv0PkZOj6eZ8N73BvxmEERrzXjMNRo80rkLyJAUTh0iqof4n
07-26 09:38:00.390 19041 19169 D GetStringObjTask: WebRequest SERVER RESPONSE: Success+0
07-26 09:38:04.109   145 22786 D AlarmManagerService: Kernel timezone updated to 240 minutes west of GMT
07-26 09:38:08.761 18974 18977 D dalvikvm: GC_CONCURRENT freed 413K, 8% free 10106K/10951K, paused 2ms+2ms
07-26 09:38:10.933   342   342 D SAN_SERVICE: *******************************************
07-26 09:38:10.933   342   342 D SAN_SERVICE: DM App Phone Service State - 0
07-26 09:38:10.933   342   342 D SAN_SERVICE: *******************************************
07-26 09:38:12.136   342   342 D SAN_SERVICE: *******************************************
07-26 09:38:12.136   342   342 D SAN_SERVICE: DM App Phone Service State - 0
07-26 09:38:12.136   342   342 D SAN_SERVICE: *******************************************
07-26 09:38:14.816   145   363 D AlarmManagerService: Kernel timezone updated to 240 minutes west of GMT
07-26 09:38:14.828   342   342 D SAN_SERVICE: *******************************************
07-26 09:38:14.828   342   342 D SAN_SERVICE: DM App Phone Service State - 0
07-26 09:38:14.828   342   342 D SAN_SERVICE: *******************************************
07-26 09:38:19.996   145 21503 D AlarmManagerService: Kernel timezone updated to 240 minutes west of GMT
07-26 09:38:33.465   342   342 D SAN_SERVICE: *******************************************
07-26 09:38:33.465   342   342 D SAN_SERVICE: DM App Phone Service State - 0
07-26 09:38:33.465   342   342 D SAN_SERVICE: *******************************************
07-26 09:38:33.953   145  1303 D AlarmManagerService: Kernel timezone updated to 240 minutes west of GMT
07-26 09:38:41.855 11081 11109 I PhoneLab-: Service Running
07-26 09:38:41.937 11081 11109 I PhoneLab-LoggerService: app_37    1300  1     1440   1000  c00f181c 400107b4 S logcat
07-26 09:38:41.937 11081 11109 I PhoneLab-LoggerService: Logcat pid from database 1300
07-26 09:38:41.937 11081 11109 I PhoneLab-LoggerService: Logcat process found 1300
07-26 09:38:41.937 11081 11109 I PhoneLab-LoggerService: Checking Threshold
07-26 09:38:44.195   342   342 D SAN_SERVICE: *******************************************
07-26 09:38:44.195   342   342 D SAN_SERVICE: DM App Phone Service State - 0
07-26 09:38:44.195   342   342 D SAN_SERVICE: *******************************************
07-26 09:38:48.234   342   342 D SAN_SERVICE: *******************************************
07-26 09:38:48.234   342   342 D SAN_SERVICE: DM App Phone Service State - 0
07-26 09:38:48.234   342   342 D SAN_SERVICE: *******************************************
07-26 09:39:07.488 18661 18663 D dalvikvm: GC_CONCURRENT freed 402K, 6% free 10573K/11207K, paused 6ms+2ms
07-26 09:39:08.859   145   379 D dalvikvm: GC_EXPLICIT freed 639K, 23% free 18278K/23495K, paused 3ms+7ms
07-26 09:39:08.941 18974 18977 D dalvikvm: GC_CONCURRENT freed 442K, 8% free 10123K/10951K, paused 7ms+2ms
07-26 09:39:11.883   342   342 D SAN_SERVICE: *******************************************
07-26 09:39:11.883   342   342 D SAN_SERVICE: DM App Phone Service State - 0
07-26 09:39:11.883   342   342 D SAN_SERVICE: *******************************************
07-26 09:39:21.468   145   378 D AlarmManagerService: Kernel timezone updated to 240 minutes west of GMT
07-26 09:39:22.222   342   342 D SAN_SERVICE: *******************************************
07-26 09:39:22.222   342   342 D SAN_SERVICE: DM App Phone Service State - 0
07-26 09:39:22.222   342   342 D SAN_SERVICE: *******************************************
07-26 09:39:29.508   342   342 D SAN_SERVICE: *******************************************
07-26 09:39:29.508   342   342 D SAN_SERVICE: DM App Phone Service State - 0
07-26 09:39:29.508   342   342 D SAN_SERVICE: *******************************************
07-26 09:39:30.504   145   145 D AlarmManagerService: Kernel timezone updated to 240 minutes west of GMT
07-26 09:39:31.023   342   342 D SAN_SERVICE: *******************************************
07-26 09:39:31.023   342   342 D SAN_SERVICE: DM App Phone Service State - 0
07-26 09:39:31.023   342   342 D SAN_SERVICE: *******************************************
07-26 09:39:31.504   342   342 D SAN_SERVICE: *******************************************
07-26 09:39:31.504   342   342 D SAN_SERVICE: DM App Phone Service State - 0
07-26 09:39:31.504   342   342 D SAN_SERVICE: *******************************************
07-26 09:39:33.574   342   342 D SAN_SERVICE: *******************************************
07-26 09:39:33.574   342   342 D SAN_SERVICE: DM App Phone Service State - 0
07-26 09:39:33.574   342   342 D SAN_SERVICE: *******************************************
07-26 09:39:37.953   145 21503 D AlarmManagerService: Kernel timezone updated to 240 minutes west of GMT
07-26 09:39:50.886   145   174 I ActivityManager: Start proc com.google.android.maps.mytracks for service com.google.android.maps.mytracks/com.google.android.apps.mytracks.services.RemoveTempFilesService: pid=19176 uid=10072 gids={3002, 3001, 3003, 1015}
07-26 09:39:51.093 19176 19176 I ActivityThread: Pub com.google.android.maps.mytracks.search: com.google.android.apps.mytracks.content.SearchEngineProvider
07-26 09:39:51.105   145   174 I ActivityManager: Start proc com.google.android.gm for service com.google.android.gm/.provider.MailIndexerService: pid=19189 uid=10075 gids={3003, 1015}
07-26 09:39:51.121 19176 19176 I ActivityThread: Pub com.google.android.maps.mytracks: com.google.android.apps.mytracks.content.MyTracksProvider
07-26 09:39:51.215 19176 19176 D MyTracks: Enabling strict mode
07-26 09:39:51.281 19189 19189 I ActivityThread: Pub gmail-ls: com.google.android.gm.provider.MailProvider
07-26 09:39:51.308 19176 19179 D dalvikvm: GC_CONCURRENT freed 320K, 5% free 9186K/9607K, paused 2ms+3ms
07-26 09:39:51.312 19189 19189 I ActivityThread: Pub com.google.android.gm: com.google.android.gm.provider.PublicContentProvider
07-26 09:39:51.324 19189 19189 I ActivityThread: Pub com.google.android.gmail.SuggestionProvider: com.google.android.gm.SuggestionsProvider
07-26 09:39:51.371 19176 19176 D StrictMode: StrictMode policy violation; ~duration=132 ms: android.os.StrictMode$StrictModeDiskWriteViolation: policy=21 violation=1
07-26 09:39:51.371 19176 19176 D StrictMode: 	at android.os.StrictMode$AndroidBlockGuardPolicy.onWriteToDisk(StrictMode.java:1063)
07-26 09:39:51.371 19176 19176 D StrictMode: 	at android.database.sqlite.SQLiteStatement.acquireAndLock(SQLiteStatement.java:226)
07-26 09:39:51.371 19176 19176 D StrictMode: 	at android.database.sqlite.SQLiteStatement.executeUpdateDelete(SQLiteStatement.java:84)
07-26 09:39:51.371 19176 19176 D StrictMode: 	at android.database.sqlite.SQLiteDatabase.executeSql(SQLiteDatabase.java:1899)
07-26 09:39:51.371 19176 19176 D StrictMode: 	at android.database.sqlite.SQLiteDatabase.execSQL(SQLiteDatabase.java:1839)
07-26 09:39:51.371 19176 19176 D StrictMode: 	at android.database.sqlite.SQLiteDatabase.setPageSize(SQLiteDatabase.java:1297)
07-26 09:39:51.371 19176 19176 D StrictMode: 	at android.database.sqlite.SQLiteDatabase.openDatabase(SQLiteDatabase.java:995)
07-26 09:39:51.371 19176 19176 D StrictMode: 	at android.database.sqlite.SQLiteDatabase.openOrCreateDatabase(SQLiteDatabase.java:1051)
07-26 09:39:51.371 19176 19176 D StrictMode: 	at android.app.ContextImpl.openOrCreateDatabase(ContextImpl.java:770)
07-26 09:39:51.371 19176 19176 D StrictMode: 	at android.content.ContextWrapper.openOrCreateDatabase(ContextWrapper.java:221)
07-26 09:39:51.371 19176 19176 D StrictMode: 	at android.database.sqlite.SQLiteOpenHelper.getWritableDatabase(SQLiteOpenHelper.java:157)
07-26 09:39:51.371 19176 19176 D StrictMode: 	at com.google.android.apps.analytics.v.<init>(Unknown Source)
07-26 09:39:51.371 19176 19176 D StrictMode: 	at com.google.android.apps.analytics.v.<init>(Unknown Source)
07-26 09:39:51.371 19176 19176 D StrictMode: 	at com.google.android.apps.analytics.i.a(Unknown Source)
07-26 09:39:51.371 19176 19176 D StrictMode: 	at com.google.android.apps.mytracks.b.a.a(MT:43)
07-26 09:39:51.371 19176 19176 D StrictMode: 	at com.google.android.apps.mytracks.MyTracksApplication.onCreate(MT:42)
07-26 09:39:51.371 19176 19176 D StrictMode: 	at android.app.Instrumentation.callApplicationOnCreate(Instrumentation.java:969)
07-26 09:39:51.371 19176 19176 D StrictMode: 	at android.app.ActivityThread.handleBindApplication(ActivityThread.java:3954)
07-26 09:39:51.371 19176 19176 D StrictMode: 	at android.app.ActivityThread.access$1300(ActivityThread.java:123)
07-26 09:39:51.371 19176 19176 D StrictMode: 	at android.app.ActivityThread$H.handleMessage(ActivityThread.java:1185)
07-26 09:39:51.371 19176 19176 D StrictMode: 	at android.os.Handler.dispatchMessage(Handler.java:99)
07-26 09:39:51.371 19176 19176 D StrictMode: 	at android.os.Looper.loop(Looper.java:137)
07-26 09:39:51.371 19176 19176 D StrictMode: 	at android.app.ActivityThread.main(ActivityThread.java:4424)
07-26 09:39:51.371 19176 19176 D StrictMode: 	at java.lang.reflect.Method.invokeNative(Native Method)
07-26 09:39:51.371 19176 19176 D StrictMode: 	at java.lang.reflect.Method.invoke(Method.java:511)
07-26 09:39:51.371 19176 19176 D StrictMode: 	at com.android.internal.os.ZygoteInit$MethodAndArgsCaller.run(ZygoteInit.java:784)
07-26 09:39:51.371 19176 19176 D StrictMode: 	at com.android.internal.os.ZygoteInit.main(ZygoteInit.java:551)
07-26 09:39:51.371 19176 19176 D StrictMode: 	at dalvik.system.NativeStart.main(Native Method)
07-26 09:39:51.371 19176 19176 D StrictMode: StrictMode policy violation; ~duration=114 ms: android.os.StrictMode$StrictModeDiskWriteViolation: policy=21 violation=1
07-26 09:39:51.371 19176 19176 D StrictMode: 	at android.os.StrictMode$AndroidBlockGuardPolicy.onWriteToDisk(StrictMode.java:1063)
07-26 09:39:51.371 19176 19176 D StrictMode: 	at android.database.sqlite.SQLiteStatement.acquireAndLock(SQLiteStatement.java:226)
07-26 09:39:51.371 19176 19176 D StrictMode: 	at android.database.sqlite.SQLiteStatement.executeUpdateDelete(SQLiteStatement.java:84)
07-26 09:39:51.371 19176 19176 D StrictMode: 	at android.database.sqlite.SQLiteDatabase.executeSql(SQLiteDatabase.java:1899)
07-26 09:39:51.371 19176 19176 D StrictMode: 	at android.database.sqlite.SQLiteDatabase.execSQL(SQLiteDatabase.java:1839)
07-26 09:39:51.371 19176 19176 D StrictMode: 	at android.database.sqlite.SQLiteDatabase.beginTransaction(SQLiteDatabase.java:659)
07-26 09:39:51.371 19176 19176 D StrictMode: 	at android.database.sqlite.SQLiteDatabase.beginTransaction(SQLiteDatabase.java:552)
07-26 09:39:51.371 19176 19176 D StrictMode: 	at com.google.android.apps.analytics.v.a(Unknown Source)
07-26 09:39:51.371 19176 19176 D StrictMode: 	at com.google.android.apps.analytics.i.a(Unknown Source)
07-26 09:39:51.371 19176 19176 D StrictMode: 	at com.google.android.apps.mytracks.b.a.a(MT:45)
07-26 09:39:51.371 19176 19176 D StrictMode: 	at com.google.android.apps.mytracks.MyTracksApplication.onCreate(MT:42)
07-26 09:39:51.371 19176 19176 D StrictMode: 	at android.app.Instrumentation.callApplicationOnCreate(Instrumentation.java:969)
07-26 09:39:51.371 19176 19176 D StrictMode: 	at android.app.ActivityThread.handleBindApplication(ActivityThread.java:3954)
07-26 09:39:51.371 19176 19176 D StrictMode: 	at android.app.ActivityThread.access$1300(ActivityThread.java:123)
07-26 09:39:51.371 19176 19176 D StrictMode: 	at android.app.ActivityThread$H.handleMessage(ActivityThread.java:1185)
07-26 09:39:51.371 19176 19176 D StrictMode: 	at android.os.Handler.dispatchMessage(Handler.java:99)
07-26 09:39:51.371 19176 19176 D StrictMode: 	at android.os.Looper.loop(Looper.java:137)
07-26 09:39:51.371 19176 19176 D StrictMode: 	at android.app.ActivityThread.main(ActivityThread.java:4424)
07-26 09:39:51.371 19176 19176 D StrictMode: 	at java.lang.reflect.Method.invokeNative(Native Method)
07-26 09:39:51.371 19176 19176 D StrictMode: 	at java.lang.reflect.Method.invoke(Method.java:511)
07-26 09:39:51.371 19176 19176 D StrictMode: 	at com.android.internal.os.ZygoteInit$MethodAndArgsCaller.run(ZygoteInit.java:784)
07-26 09:39:51.371 19176 19176 D StrictMode: 	at com.android.internal.os.ZygoteInit.main(ZygoteInit.java:551)
07-26 09:39:51.371 19176 19176 D StrictMode: 	at dalvik.system.NativeStart.main(Native Method)
07-26 09:39:51.371 19176 19176 D StrictMode: StrictMode policy violation; ~duration=112 ms: android.os.StrictMode$StrictModeDiskWriteViolation: policy=21 violation=1
07-26 09:39:51.371 19176 19176 D StrictMode: 	at android.os.StrictMode$AndroidBlockGuardPolicy.onWriteToDisk(StrictMode.java:1063)
07-26 09:39:51.371 19176 19176 D StrictMode: 	at android.database.sqlite.SQLiteStatement.acquireAndLock(SQLiteStatement.java:226)
07-26 09:39:51.371 19176 19176 D StrictMode: 	at android.database.sqlite.SQLiteStatement.executeUpdateDelete(SQLiteStatement.java:84)
07-26 09:39:51.371 19176 19176 D StrictMode: 	at android.database.sqlite.SQLiteDatabase.delete(SQLiteDatabase.java:1741)
07-26 09:39:51.371 19176 19176 D StrictMode: 	at com.google.android.apps.analytics.v.a(Unknown Source)
07-26 09:39:51.371 19176 19176 D StrictMode: 	at com.google.android.apps.analytics.i.a(Unknown Source)
07-26 09:39:51.371 19176 19176 D StrictMode: 	at com.google.android.apps.mytracks.b.a.a(MT:45)
07-26 09:39:51.371 19176 19176 D StrictMode: 	at com.google.android.apps.mytracks.MyTracksApplication.onCreate(MT:42)
07-26 09:39:51.371 19176 19176 D StrictMode: 	at android.app.Instrumentation.callApplicationOnCreate(Instrumentation.java:969)
07-26 09:39:51.371 19176 19176 D StrictMode: 	at android.app.ActivityThread.handleBindApplication(ActivityThread.java:3954)
07-26 09:39:51.371 19176 19176 D StrictMode: 	at android.app.ActivityThread.access$1300(ActivityThread.java:123)
07-26 09:39:51.371 19176 19176 D StrictMode: 	at android.app.ActivityThread$H.handleMessage(ActivityThread.java:1185)
07-26 09:39:51.371 19176 19176 D StrictMode: 	at android.os.Handler.dispatchMessage(Handler.java:99)
07-26 09:39:51.371 19176 19176 D StrictMode: 	at android.os.Looper.loop(Looper.java:137)
07-26 09:39:51.371 19176 19176 D StrictMode: 	at android.app.ActivityThread.main(ActivityThread.java:4424)
07-26 09:39:51.371 19176 19176 D StrictMode: 	at java.lang.reflect.Method.invokeNative(Native Method)
07-26 09:39:51.371 19176 19176 D StrictMode: 	at java.lang.reflect.Method.invoke(Method.java:511)
07-26 09:39:51.371 19176 19176 D StrictMode: 	at com.android.internal.os.ZygoteInit$MethodAndArgsCaller.run(ZygoteInit.java:784)
07-26 09:39:51.371 19176 19176 D StrictMode: 	at com.android.internal.os.ZygoteInit.main(ZygoteInit.java:551)
07-26 09:39:51.371 19176 19176 D StrictMode: 	at dalvik.system.NativeStart.main(Native Method)
07-26 09:39:51.371 19176 19176 D StrictMode: StrictMode policy violation; ~duration=108 ms: android.os.StrictMode$StrictModeDiskWriteViolation: policy=21 violation=1
