07-24 07:40:54.973 19079 19081 D dalvikvm: GC_CONCURRENT freed 537K, 6% free 10398K/11015K, paused 1ms+4ms
07-24 07:40:55.086 16573 19269 D dalvikvm: GC_FOR_ALLOC freed 404K, 7% free 10264K/11015K, paused 25ms
07-24 07:40:57.582   145   356 I ActivityManager: Process com.google.android.apps.maps:FriendService (pid 19100) has died.
07-24 07:41:02.770   342   342 D SAN_SERVICE: *******************************************
07-24 07:41:02.770   342   342 D SAN_SERVICE: DM App Phone Service State - 0
07-24 07:41:02.770   342   342 D SAN_SERVICE: *******************************************
07-24 07:41:03.035   342   342 D SAN_SERVICE: *******************************************
07-24 07:41:03.035   342   342 D SAN_SERVICE: DM App Phone Service State - 0
07-24 07:41:03.035   342   342 D SAN_SERVICE: *******************************************
07-24 07:41:03.527   342   342 D SAN_SERVICE: *******************************************
07-24 07:41:03.527   342   342 D SAN_SERVICE: DM App Phone Service State - 0
07-24 07:41:03.527   342   342 D SAN_SERVICE: *******************************************
07-24 07:41:12.988   342   342 D SAN_SERVICE: *******************************************
07-24 07:41:12.988   342   342 D SAN_SERVICE: DM App Phone Service State - 0
07-24 07:41:12.988   342   342 D SAN_SERVICE: *******************************************
07-24 07:41:13.234   342   342 D SAN_SERVICE: *******************************************
07-24 07:41:13.234   342   342 D SAN_SERVICE: DM App Phone Service State - 0
07-24 07:41:13.234   342   342 D SAN_SERVICE: *******************************************
07-24 07:41:14.012   342   342 D SAN_SERVICE: *******************************************
07-24 07:41:14.012   342   342 D SAN_SERVICE: DM App Phone Service State - 0
07-24 07:41:14.012   342   342 D SAN_SERVICE: *******************************************
07-24 07:41:15.996   145   199 D DhcpInfoInternal: makeLinkProperties with empty dns2!
07-24 07:41:15.996   145   199 D DhcpInfoInternal: makeLinkProperties with empty dns2!
07-24 07:41:33.535   342   342 D SAN_SERVICE: *******************************************
07-24 07:41:33.535   342   342 D SAN_SERVICE: DM App Phone Service State - 0
07-24 07:41:33.535   342   342 D SAN_SERVICE: *******************************************
07-24 07:41:33.766   342   342 D SAN_SERVICE: *******************************************
07-24 07:41:33.766   342   342 D SAN_SERVICE: DM App Phone Service State - 0
07-24 07:41:33.766   342   342 D SAN_SERVICE: *******************************************
07-24 07:41:34.273   342   342 D SAN_SERVICE: *******************************************
07-24 07:41:34.273   342   342 D SAN_SERVICE: DM App Phone Service State - 0
07-24 07:41:34.273   342   342 D SAN_SERVICE: *******************************************
07-24 07:41:43.781   342   342 D SAN_SERVICE: *******************************************
07-24 07:41:43.781   342   342 D SAN_SERVICE: DM App Phone Service State - 0
07-24 07:41:43.781   342   342 D SAN_SERVICE: *******************************************
07-24 07:41:44.008   342   342 D SAN_SERVICE: *******************************************
07-24 07:41:44.008   342   342 D SAN_SERVICE: DM App Phone Service State - 0
07-24 07:41:44.008   342   342 D SAN_SERVICE: *******************************************
07-24 07:41:44.773   342   342 D SAN_SERVICE: *******************************************
07-24 07:41:44.773   342   342 D SAN_SERVICE: DM App Phone Service State - 0
07-24 07:41:44.773   342   342 D SAN_SERVICE: *******************************************
07-24 07:41:54.027   342   342 D SAN_SERVICE: *******************************************
07-24 07:41:54.027   342   342 D SAN_SERVICE: DM App Phone Service State - 0
07-24 07:41:54.027   342   342 D SAN_SERVICE: *******************************************
07-24 07:41:55.070 16573 16575 D dalvikvm: GC_CONCURRENT freed 472K, 7% free 10303K/11015K, paused 1ms+7ms
07-24 07:42:04.227   342   342 D SAN_SERVICE: *******************************************
07-24 07:42:04.227   342   342 D SAN_SERVICE: DM App Phone Service State - 0
07-24 07:42:04.227   342   342 D SAN_SERVICE: *******************************************
07-24 07:42:04.969 18704 18718 I PhoneLab-: Service Running
07-24 07:42:05.070 18704 18718 I PhoneLab-LoggerService: app_37    1300  1     1440   1000  c00f181c 400107b4 S logcat
07-24 07:42:05.070 18704 18718 I PhoneLab-LoggerService: Logcat pid from database 1300
07-24 07:42:05.070 18704 18718 I PhoneLab-LoggerService: Logcat process found 1300
07-24 07:42:05.074 18704 18718 I PhoneLab-LoggerService: Checking Threshold
07-24 07:42:24.711   342   342 D SAN_SERVICE: *******************************************
07-24 07:42:24.711   342   342 D SAN_SERVICE: DM App Phone Service State - 0
07-24 07:42:24.711   342   342 D SAN_SERVICE: *******************************************
07-24 07:42:24.977   342   342 D SAN_SERVICE: *******************************************
07-24 07:42:24.977   342   342 D SAN_SERVICE: DM App Phone Service State - 0
07-24 07:42:24.977   342   342 D SAN_SERVICE: *******************************************
07-24 07:42:34.930   342   342 D SAN_SERVICE: *******************************************
07-24 07:42:34.930   342   342 D SAN_SERVICE: DM App Phone Service State - 0
07-24 07:42:34.930   342   342 D SAN_SERVICE: *******************************************
07-24 07:42:35.219   342   342 D SAN_SERVICE: *******************************************
07-24 07:42:35.219   342   342 D SAN_SERVICE: DM App Phone Service State - 0
07-24 07:42:35.219   342   342 D SAN_SERVICE: *******************************************
07-24 07:42:35.250   342   345 D dalvikvm: GC_CONCURRENT freed 397K, 7% free 9462K/10119K, paused 24ms+6ms
07-24 07:42:35.949   342   342 D SAN_SERVICE: *******************************************
07-24 07:42:35.949   342   342 D SAN_SERVICE: DM App Phone Service State - 0
07-24 07:42:35.949   342   342 D SAN_SERVICE: *******************************************
07-24 07:42:45.180   342   342 D SAN_SERVICE: *******************************************
07-24 07:42:45.180   342   342 D SAN_SERVICE: DM App Phone Service State - 0
07-24 07:42:45.180   342   342 D SAN_SERVICE: *******************************************
07-24 07:42:45.223 19079 19081 D dalvikvm: GC_CONCURRENT freed 391K, 6% free 10392K/11015K, paused 5ms+2ms
07-24 07:42:55.137 16573 16575 D dalvikvm: GC_CONCURRENT freed 569K, 7% free 10246K/11015K, paused 1ms+3ms
07-24 07:43:00.523   342   342 D SAN_SERVICE: *******************************************
07-24 07:43:00.523   342   342 D SAN_SERVICE: DM App Phone Service State - 0
07-24 07:43:00.523   342   342 D SAN_SERVICE: *******************************************
07-24 07:43:00.793   342   342 D SAN_SERVICE: *******************************************
07-24 07:43:00.793   342   342 D SAN_SERVICE: DM App Phone Service State - 0
07-24 07:43:00.793   342   342 D SAN_SERVICE: *******************************************
07-24 07:43:10.746   342   342 D SAN_SERVICE: *******************************************
07-24 07:43:10.746   342   342 D SAN_SERVICE: DM App Phone Service State - 0
07-24 07:43:10.746   342   342 D SAN_SERVICE: *******************************************
07-24 07:43:13.359   145   156 I ActivityManager: Process com.twitter.android (pid 19222) has died.
07-24 07:43:20.992   342   342 D SAN_SERVICE: *******************************************
07-24 07:43:20.992   342   342 D SAN_SERVICE: DM App Phone Service State - 0
07-24 07:43:20.992   342   342 D SAN_SERVICE: *******************************************
07-24 07:43:21.066  6099  6102 D dalvikvm: GC_CONCURRENT freed 378K, 6% free 10299K/10887K, paused 12ms+4ms
07-24 07:43:27.832   342   342 D SAN_SERVICE: *******************************************
07-24 07:43:27.832   342   342 D SAN_SERVICE: DM App Phone Service State - 0
07-24 07:43:27.832   342   342 D SAN_SERVICE: *******************************************
07-24 07:43:40.688   145   199 D DhcpInfoInternal: makeLinkProperties with empty dns2!
07-24 07:43:40.688   145   199 D DhcpInfoInternal: makeLinkProperties with empty dns2!
07-24 07:43:46.656   342   342 D SAN_SERVICE: *******************************************
07-24 07:43:46.656   342   342 D SAN_SERVICE: DM App Phone Service State - 0
07-24 07:43:46.656   342   342 D SAN_SERVICE: *******************************************
07-24 07:43:46.965   342   342 D SAN_SERVICE: *******************************************
07-24 07:43:46.965   342   342 D SAN_SERVICE: DM App Phone Service State - 0
07-24 07:43:46.965   342   342 D SAN_SERVICE: *******************************************
07-24 07:43:47.195   342   342 D SAN_SERVICE: *******************************************
07-24 07:43:47.195   342   342 D SAN_SERVICE: DM App Phone Service State - 0
07-24 07:43:47.195   342   342 D SAN_SERVICE: *******************************************
07-24 07:43:55.246 19079 19081 D dalvikvm: GC_CONCURRENT freed 496K, 6% free 10407K/11015K, paused 2ms+2ms
07-24 07:43:55.383 16573 16575 D dalvikvm: GC_CONCURRENT freed 455K, 7% free 10264K/11015K, paused 2ms+3ms
07-24 07:43:56.848   342   342 D SAN_SERVICE: *******************************************
07-24 07:43:56.848   342   342 D SAN_SERVICE: DM App Phone Service State - 0
07-24 07:43:56.848   342   342 D SAN_SERVICE: *******************************************
07-24 07:44:04.965 18704 18718 I PhoneLab-: Service Running
07-24 07:44:05.070 18704 18718 I PhoneLab-LoggerService: app_37    1300  1     1440   1000  c00f181c 400107b4 S logcat
07-24 07:44:05.070 18704 18718 I PhoneLab-LoggerService: Logcat pid from database 1300
07-24 07:44:05.070 18704 18718 I PhoneLab-LoggerService: Logcat process found 1300
07-24 07:44:05.070 18704 18718 I PhoneLab-LoggerService: Checking Threshold
07-24 07:44:17.363   342   342 D SAN_SERVICE: *******************************************
07-24 07:44:17.363   342   342 D SAN_SERVICE: DM App Phone Service State - 0
07-24 07:44:17.363   342   342 D SAN_SERVICE: *******************************************
07-24 07:44:17.598   342   342 D SAN_SERVICE: *******************************************
07-24 07:44:17.598   342   342 D SAN_SERVICE: DM App Phone Service State - 0
07-24 07:44:17.598   342   342 D SAN_SERVICE: *******************************************
07-24 07:44:27.496   342   342 D SAN_SERVICE: *******************************************
07-24 07:44:27.496   342   342 D SAN_SERVICE: DM App Phone Service State - 0
07-24 07:44:27.496   342   342 D SAN_SERVICE: *******************************************
07-24 07:44:27.813   342   342 D SAN_SERVICE: *******************************************
07-24 07:44:27.813   342   342 D SAN_SERVICE: DM App Phone Service State - 0
07-24 07:44:27.813   342   342 D SAN_SERVICE: *******************************************
07-24 07:44:28.594   342   342 D SAN_SERVICE: *******************************************
07-24 07:44:28.594   342   342 D SAN_SERVICE: DM App Phone Service State - 0
07-24 07:44:28.594   342   342 D SAN_SERVICE: *******************************************
07-24 07:44:37.742   342   342 D SAN_SERVICE: *******************************************
07-24 07:44:37.742   342   342 D SAN_SERVICE: DM App Phone Service State - 0
07-24 07:44:37.742   342   342 D SAN_SERVICE: *******************************************
07-24 07:44:38.008   342   342 D SAN_SERVICE: *******************************************
07-24 07:44:38.008   342   342 D SAN_SERVICE: DM App Phone Service State - 0
07-24 07:44:38.008   342   342 D SAN_SERVICE: *******************************************
07-24 07:44:38.883   145   157 D dalvikvm: GC_EXPLICIT freed 1445K, 17% free 16447K/19783K, paused 16ms+8ms
07-24 07:44:38.930   342   342 D SAN_SERVICE: *******************************************
07-24 07:44:38.930   342   342 D SAN_SERVICE: DM App Phone Service State - 0
07-24 07:44:38.930   342   342 D SAN_SERVICE: *******************************************
07-24 07:44:46.430  9919  9919 I chromium: [INFO:CONSOLE(0)] "event.layerX and event.layerY are broken and deprecated in WebKit. They will be removed from the engine in the near future.", source:  (0)
07-24 07:44:46.449  9919  9919 I chromium: [INFO:CONSOLE(0)] "event.layerX and event.layerY are broken and deprecated in WebKit. They will be removed from the engine in the near future.", source:  (0)
07-24 07:44:47.977   342   342 D SAN_SERVICE: *******************************************
07-24 07:44:47.977   342   342 D SAN_SERVICE: DM App Phone Service State - 0
07-24 07:44:47.977   342   342 D SAN_SERVICE: *******************************************
07-24 07:44:48.250   342   342 D SAN_SERVICE: *******************************************
07-24 07:44:48.250   342   342 D SAN_SERVICE: DM App Phone Service State - 0
07-24 07:44:48.250   342   342 D SAN_SERVICE: *******************************************
07-24 07:44:49.000   342   342 D SAN_SERVICE: *******************************************
07-24 07:44:49.000   342   342 D SAN_SERVICE: DM App Phone Service State - 0
07-24 07:44:49.000   342   342 D SAN_SERVICE: *******************************************
07-24 07:44:50.270   145   181 I InputReader: Reconfiguring input devices.  changes=0x00000004
07-24 07:44:50.270   145   181 I InputReader: Device reconfigured: id=7, name='mxt224_ts_input', surface size is now 480x800, mode is 1
07-24 07:44:50.301   145   161 I ActivityManager: Config changed: {0.85 310mcc120mnc en_US layoutdir=0 sw320dp w533dp h294dp nrml long land finger -keyb/v/h -nav/h s.18}
07-24 07:44:50.434  9919  9919 D OpenGLRenderer: Flushing caches (mode 0)
07-24 07:44:50.629  9919  9919 D dalvikvm: GC_FOR_ALLOC freed 94K, 27% free 11027K/14919K, paused 56ms
07-24 07:44:50.633  9919  9919 I dalvikvm-heap: Grow heap (frag case) to 12.103MB for 1324816-byte allocation
07-24 07:44:50.688  9919  9922 D dalvikvm: GC_CONCURRENT freed 2K, 18% free 12318K/14919K, paused 2ms+9ms
07-24 07:44:53.070   145   175 D dalvikvm: GC_EXPLICIT freed 198K, 18% free 16310K/19783K, paused 29ms+6ms
07-24 07:44:55.281 16573 16575 D dalvikvm: GC_CONCURRENT freed 428K, 7% free 10250K/11015K, paused 1ms+2ms
07-24 07:44:56.035   215   217 D dalvikvm: GC_CONCURRENT freed 385K, 33% free 9653K/14215K, paused 18ms+2ms
07-24 07:44:58.309   342   345 D dalvikvm: GC_CONCURRENT freed 387K, 7% free 9462K/10119K, paused 18ms+2ms
07-24 07:44:58.320   342   342 D SAN_SERVICE: *******************************************
07-24 07:44:58.320   342   342 D SAN_SERVICE: DM App Phone Service State - 0
07-24 07:44:58.320   342   342 D SAN_SERVICE: *******************************************
07-24 07:45:04.855   145   181 I InputReader: Reconfiguring input devices.  changes=0x00000004
07-24 07:45:04.855   145   181 I InputReader: Device reconfigured: id=7, name='mxt224_ts_input', surface size is now 480x800, mode is 1
07-24 07:45:04.891   145   161 I ActivityManager: Config changed: {0.85 310mcc120mnc en_US layoutdir=0 sw320dp w320dp h508dp nrml long port finger -keyb/v/h -nav/h s.19}
07-24 07:45:04.938  9919  9919 D OpenGLRenderer: Flushing caches (mode 0)
07-24 07:45:04.953   321   323 D dalvikvm: GC_CONCURRENT freed 451K, 20% free 10083K/12487K, paused 1ms+12ms
07-24 07:45:05.004   215   215 D dalvikvm: GC_EXPLICIT freed 31K, 33% free 9652K/14215K, paused 12ms+3ms
07-24 07:45:05.051  9919  9919 D dalvikvm: GC_FOR_ALLOC freed 138K, 18% free 12329K/14919K, paused 27ms
07-24 07:45:05.063  9919  9919 I dalvikvm-heap: Grow heap (frag case) to 13.241MB for 1184016-byte allocation
07-24 07:45:05.145  9919  9922 D dalvikvm: GC_CONCURRENT freed 2K, 17% free 13483K/16135K, paused 5ms+3ms
07-24 07:45:07.543   145   175 D dalvikvm: GC_EXPLICIT freed 117K, 18% free 16303K/19783K, paused 4ms+17ms
07-24 07:45:09.973 18704 18704 I PhoneLab-Locks: wake lock acquired
07-24 07:45:09.988 18704 19331 I PhoneLab-PeriodicCheckService: User info is synched
07-24 07:45:09.988 18704 19331 I PhoneLab-PeriodicCheckService: Logger Service is running
07-24 07:45:09.992 18704 18704 I PhoneLab-Locks: wake lock acquired
07-24 07:45:09.996 18704 18704 I PhoneLab-StatusMonitor: Status Monitoring is started
07-24 07:45:10.000 18704 19331 I PhoneLab-Locks: wake lock acquired
07-24 07:45:10.000 18704 19331 I PhoneLab-PeriodicCheckService: Rescheduling periodic checking...
07-24 07:45:10.004 18704 19331 I PhoneLab-Locks: wake lock released
07-24 07:45:10.035 18704 18704 E PhoneLab-PhoneLabManifest: java.io.FileNotFoundException: /data/data/edu.buffalo.cse.phonelab.phonelabservices/files/manifest.xml: open failed: ENOENT (No such file or directory)
07-24 07:45:10.051 18704 18704 I PhoneLab-Locks: wake lock released
07-24 07:45:10.055 18704 18704 I PhoneLab-UploadLogs: Transfering log files now
07-24 07:45:10.055 18704 18704 I PhoneLab-UploadLogs: No log files to transfer
07-24 07:45:10.055 18704 18704 I PhoneLab-Locks: wake lock released
07-24 07:45:10.055 18704 18704 I PhoneLab-UploadLogs: OnStartCommand
07-24 07:45:13.645   342   342 D SAN_SERVICE: *******************************************
07-24 07:45:13.645   342   342 D SAN_SERVICE: DM App Phone Service State - 0
07-24 07:45:13.648   342   342 D SAN_SERVICE: *******************************************
07-24 07:45:13.922   342   342 D SAN_SERVICE: *******************************************
07-24 07:45:13.922   342   342 D SAN_SERVICE: DM App Phone Service State - 0
07-24 07:45:13.922   342   342 D SAN_SERVICE: *******************************************
07-24 07:45:14.426   342   342 D SAN_SERVICE: *******************************************
07-24 07:45:14.426   342   342 D SAN_SERVICE: DM App Phone Service State - 0
07-24 07:45:14.426   342   342 D SAN_SERVICE: *******************************************
07-24 07:45:23.582 18833 18844 D dalvikvm: GC_EXPLICIT freed 387K, 5% free 9830K/10311K, paused 6ms+5ms
07-24 07:45:23.918   342   342 D SAN_SERVICE: *******************************************
07-24 07:45:23.918   342   342 D SAN_SERVICE: DM App Phone Service State - 0
07-24 07:45:23.918   342   342 D SAN_SERVICE: *******************************************
07-24 07:45:24.195   342   342 D SAN_SERVICE: *******************************************
07-24 07:45:24.199   342   342 D SAN_SERVICE: DM App Phone Service State - 0
07-24 07:45:24.199   342   342 D SAN_SERVICE: *******************************************
07-24 07:45:25.000   342   342 D SAN_SERVICE: *******************************************
07-24 07:45:25.000   342   342 D SAN_SERVICE: DM App Phone Service State - 0
07-24 07:45:25.000   342   342 D SAN_SERVICE: *******************************************
07-24 07:45:30.715   342   342 D SAN_SERVICE: *******************************************
07-24 07:45:30.715   342   342 D SAN_SERVICE: DM App Phone Service State - 0
07-24 07:45:30.715   342   342 D SAN_SERVICE: *******************************************
07-24 07:45:39.508   342   342 D SAN_SERVICE: *******************************************
07-24 07:45:39.508   342   342 D SAN_SERVICE: DM App Phone Service State - 0
07-24 07:45:39.508   342   342 D SAN_SERVICE: *******************************************
07-24 07:45:39.551 19079 19081 D dalvikvm: GC_CONCURRENT freed 388K, 6% free 10407K/11015K, paused 7ms+2ms
07-24 07:45:40.270   342   342 D SAN_SERVICE: *******************************************
07-24 07:45:40.270   342   342 D SAN_SERVICE: DM App Phone Service State - 0
07-24 07:45:40.270   342   342 D SAN_SERVICE: *******************************************
07-24 07:45:42.418   145   174 I ActivityManager: Start proc com.twitter.android for service com.twitter.android/.client.AppService: pid=19333 uid=10064 gids={3003, 1015}
07-24 07:45:42.426 19333 19333 I dalvikvm: Turning on JNI app bug workarounds for target SDK version 11...
07-24 07:45:42.488 19333 19333 I ActivityThread: Pub com.twitter.android.provider.GlobalDatabaseProvider: com.twitter.android.provider.GlobalDatabaseProvider
07-24 07:45:42.488 19333 19333 I ActivityThread: Pub com.twitter.android.provider.TwitterProvider: com.twitter.android.provider.TwitterProvider
07-24 07:45:42.543 19333 19336 D dalvikvm: GC_CONCURRENT freed 172K, 4% free 9301K/9607K, paused 12ms+2ms
07-24 07:45:42.758 19333 19336 D dalvikvm: GC_CONCURRENT freed 218K, 4% free 9516K/9863K, paused 1ms+2ms
07-24 07:45:42.898 19333 19336 D dalvikvm: GC_CONCURRENT freed 285K, 5% free 9638K/10055K, paused 2ms+2ms
07-24 07:45:43.031 19333 19336 D dalvikvm: GC_CONCURRENT freed 295K, 5% free 9766K/10183K, paused 2ms+1ms
07-24 07:45:43.156 19333 19336 D dalvikvm: GC_CONCURRENT freed 294K, 5% free 9896K/10311K, paused 2ms+2ms
07-24 07:45:43.293 19333 19336 D dalvikvm: GC_CONCURRENT freed 298K, 5% free 10017K/10439K, paused 2ms+2ms
07-24 07:45:43.418 19333 19336 D dalvikvm: GC_CONCURRENT freed 296K, 4% free 10147K/10567K, paused 2ms+2ms
07-24 07:45:43.539 19333 19336 D dalvikvm: GC_CONCURRENT freed 294K, 4% free 10276K/10695K, paused 2ms+2ms
07-24 07:45:43.695 19333 19336 D dalvikvm: GC_CONCURRENT freed 474K, 6% free 10224K/10823K, paused 2ms+2ms
07-24 07:45:43.824 19333 19336 D dalvikvm: GC_CONCURRENT freed 320K, 5% free 10298K/10823K, paused 2ms+2ms
07-24 07:45:43.934 19333 19336 D dalvikvm: GC_CONCURRENT freed 334K, 5% free 10375K/10823K, paused 2ms+1ms
07-24 07:45:44.082 19333 19336 D dalvikvm: GC_CONCURRENT freed 354K, 5% free 10474K/10951K, paused 2ms+2ms
07-24 07:45:44.203 19333 19336 D dalvikvm: GC_CONCURRENT freed 340K, 5% free 10554K/11015K, paused 2ms+2ms
07-24 07:45:44.324 19333 19336 D dalvikvm: GC_CONCURRENT freed 322K, 5% free 10634K/11079K, paused 2ms+3ms
07-24 07:45:44.461 19333 19336 D dalvikvm: GC_CONCURRENT freed 364K, 5% free 10720K/11207K, paused 2ms+2ms
07-24 07:45:44.598 19333 19336 D dalvikvm: GC_CONCURRENT freed 401K, 5% free 10827K/11335K, paused 2ms+2ms
07-24 07:45:48.633 19333 19336 D dalvikvm: GC_CONCURRENT freed 326K, 4% free 11020K/11463K, paused 2ms+2ms
07-24 07:45:49.430   342   342 D SAN_SERVICE: *******************************************
07-24 07:45:49.430   342   342 D SAN_SERVICE: DM App Phone Service State - 0
07-24 07:45:49.430   342   342 D SAN_SERVICE: *******************************************
07-24 07:45:49.859 19333 19347 I DatabaseHelper: Begin cleanup.
07-24 07:45:50.207 19333 19336 D dalvikvm: GC_CONCURRENT freed 425K, 5% free 11161K/11719K, paused 4ms+3ms
07-24 07:45:50.297 19333 19347 I DatabaseHelper: Cleaned up: 0
07-24 07:45:55.348 16573 16575 D dalvikvm: GC_CONCURRENT freed 425K, 7% free 10247K/11015K, paused 2ms+2ms
07-24 07:45:59.727   342   342 D SAN_SERVICE: *******************************************
07-24 07:45:59.727   342   342 D SAN_SERVICE: DM App Phone Service State - 0
07-24 07:45:59.727   342   342 D SAN_SERVICE: *******************************************
07-24 07:46:00.250   342   342 D SAN_SERVICE: *******************************************
07-24 07:46:00.250   342   342 D SAN_SERVICE: DM App Phone Service State - 0
07-24 07:46:00.250   342   342 D SAN_SERVICE: *******************************************
07-24 07:46:05.016 18704 18718 I PhoneLab-: Service Running
07-24 07:46:05.082 18704 18718 I PhoneLab-LoggerService: app_37    1300  1     1440   1000  c00f181c 400107b4 S logcat
07-24 07:46:05.082 18704 18718 I PhoneLab-LoggerService: Logcat pid from database 1300
07-24 07:46:05.082 18704 18718 I PhoneLab-LoggerService: Logcat process found 1300
07-24 07:46:05.082 18704 18718 I PhoneLab-LoggerService: Checking Threshold
07-24 07:46:05.090 18704 18706 D dalvikvm: GC_CONCURRENT freed 397K, 14% free 9136K/10567K, paused 2ms+2ms
07-24 07:46:05.563   145   199 D DhcpInfoInternal: makeLinkProperties with empty dns2!
07-24 07:46:05.566   145   199 D DhcpInfoInternal: makeLinkProperties with empty dns2!
07-24 07:46:09.973   342   342 D SAN_SERVICE: *******************************************
07-24 07:46:09.973   342   342 D SAN_SERVICE: DM App Phone Service State - 0
07-24 07:46:09.973   342   342 D SAN_SERVICE: *******************************************
07-24 07:46:10.242   342   342 D SAN_SERVICE: *******************************************
07-24 07:46:10.242   342   342 D SAN_SERVICE: DM App Phone Service State - 0
07-24 07:46:10.242   342   342 D SAN_SERVICE: *******************************************
07-24 07:46:10.961   342   342 D SAN_SERVICE: *******************************************
07-24 07:46:10.961   342   342 D SAN_SERVICE: DM App Phone Service State - 0
07-24 07:46:10.961   342   342 D SAN_SERVICE: *******************************************
07-24 07:46:20.191   342   342 D SAN_SERVICE: *******************************************
07-24 07:46:20.191   342   342 D SAN_SERVICE: DM App Phone Service State - 0
07-24 07:46:20.191   342   342 D SAN_SERVICE: *******************************************
07-24 07:46:20.441   342   342 D SAN_SERVICE: *******************************************
07-24 07:46:20.441   342   342 D SAN_SERVICE: DM App Phone Service State - 0
07-24 07:46:20.441   342   342 D SAN_SERVICE: *******************************************
07-24 07:46:21.223   342   342 D SAN_SERVICE: *******************************************
07-24 07:46:21.223   342   342 D SAN_SERVICE: DM App Phone Service State - 0
07-24 07:46:21.223   342   342 D SAN_SERVICE: *******************************************
07-24 07:46:30.438   342   342 D SAN_SERVICE: *******************************************
07-24 07:46:30.438   342   342 D SAN_SERVICE: DM App Phone Service State - 0
07-24 07:46:30.438   342   342 D SAN_SERVICE: *******************************************
07-24 07:46:30.703   342   342 D SAN_SERVICE: *******************************************
07-24 07:46:30.703   342   342 D SAN_SERVICE: DM App Phone Service State - 0
07-24 07:46:30.703   342   342 D SAN_SERVICE: *******************************************
07-24 07:46:31.453   342   342 D SAN_SERVICE: *******************************************
07-24 07:46:31.453   342   342 D SAN_SERVICE: DM App Phone Service State - 0
07-24 07:46:31.453   342   342 D SAN_SERVICE: *******************************************
07-24 07:46:40.680   342   342 D SAN_SERVICE: *******************************************
07-24 07:46:40.680   342   342 D SAN_SERVICE: DM App Phone Service State - 0
07-24 07:46:40.680   342   342 D SAN_SERVICE: *******************************************
07-24 07:46:54.012   342   345 D dalvikvm: GC_CONCURRENT freed 400K, 7% free 9446K/10119K, paused 1ms+2ms
07-24 07:46:55.301 19079 19081 D dalvikvm: GC_CONCURRENT freed 502K, 6% free 10417K/11015K, paused 2ms+3ms
07-24 07:46:55.426 16573 16575 D dalvikvm: GC_CONCURRENT freed 421K, 7% free 10249K/11015K, paused 2ms+3ms
07-24 07:47:52.387   342   342 D SAN_SERVICE: *******************************************
07-24 07:47:52.387   342   342 D SAN_SERVICE: DM App Phone Service State - 0
07-24 07:47:52.387   342   342 D SAN_SERVICE: *******************************************
07-24 07:47:52.660   342   342 D SAN_SERVICE: *******************************************
07-24 07:47:52.660   342   342 D SAN_SERVICE: DM App Phone Service State - 0
07-24 07:47:52.660   342   342 D SAN_SERVICE: *******************************************
07-24 07:47:53.398   342   342 D SAN_SERVICE: *******************************************
07-24 07:47:53.398   342   342 D SAN_SERVICE: DM App Phone Service State - 0
07-24 07:47:53.398   342   342 D SAN_SERVICE: *******************************************
07-24 07:47:55.445 16573 16575 D dalvikvm: GC_CONCURRENT freed 429K, 7% free 10253K/11015K, paused 2ms+2ms
07-24 07:48:04.969 18704 18718 I PhoneLab-: Service Running
07-24 07:48:05.160 18704 18718 I PhoneLab-LoggerService: app_37    1300  1     1440   1000  c00f181c 400107b4 S logcat
07-24 07:48:05.160 18704 18718 I PhoneLab-LoggerService: Logcat pid from database 1300
07-24 07:48:05.160 18704 18718 I PhoneLab-LoggerService: Logcat process found 1300
07-24 07:48:05.160 18704 18718 I PhoneLab-LoggerService: Checking Threshold
07-24 07:48:07.777   342   342 D SAN_SERVICE: *******************************************
07-24 07:48:07.781   342   342 D SAN_SERVICE: DM App Phone Service State - 0
07-24 07:48:07.781   342   342 D SAN_SERVICE: *******************************************
07-24 07:48:08.051   342   342 D SAN_SERVICE: *******************************************
07-24 07:48:08.051   342   342 D SAN_SERVICE: DM App Phone Service State - 0
07-24 07:48:08.051   342   342 D SAN_SERVICE: *******************************************
07-24 07:48:14.543   342   342 D SAN_SERVICE: *******************************************
07-24 07:48:14.543   342   342 D SAN_SERVICE: DM App Phone Service State - 0
07-24 07:48:14.543   342   342 D SAN_SERVICE: *******************************************
07-24 07:48:23.152   342   342 D SAN_SERVICE: *******************************************
07-24 07:48:23.152   342   342 D SAN_SERVICE: DM App Phone Service State - 0
07-24 07:48:23.152   342   342 D SAN_SERVICE: *******************************************
07-24 07:48:23.703   342   342 D SAN_SERVICE: *******************************************
07-24 07:48:23.703   342   342 D SAN_SERVICE: DM App Phone Service State - 0
07-24 07:48:23.703   342   342 D SAN_SERVICE: *******************************************
07-24 07:48:30.469   145   199 D DhcpInfoInternal: makeLinkProperties with empty dns2!
07-24 07:48:30.473   145   199 D DhcpInfoInternal: makeLinkProperties with empty dns2!
07-24 07:48:43.613   342   342 D SAN_SERVICE: *******************************************
07-24 07:48:43.613   342   342 D SAN_SERVICE: DM App Phone Service State - 0
07-24 07:48:43.613   342   342 D SAN_SERVICE: *******************************************
07-24 07:48:43.852   342   342 D SAN_SERVICE: *******************************************
07-24 07:48:43.852   342   342 D SAN_SERVICE: DM App Phone Service State - 0
07-24 07:48:43.852   342   342 D SAN_SERVICE: *******************************************
07-24 07:48:44.117   342   342 D SAN_SERVICE: *******************************************
07-24 07:48:44.117   342   342 D SAN_SERVICE: DM App Phone Service State - 0
07-24 07:48:44.117   342   342 D SAN_SERVICE: *******************************************
07-24 07:48:53.820   342   342 D SAN_SERVICE: *******************************************
07-24 07:48:53.820   342   342 D SAN_SERVICE: DM App Phone Service State - 0
07-24 07:48:53.820   342   342 D SAN_SERVICE: *******************************************
07-24 07:48:54.086   342   342 D SAN_SERVICE: *******************************************
07-24 07:48:54.086   342   342 D SAN_SERVICE: DM App Phone Service State - 0
07-24 07:48:54.086   342   342 D SAN_SERVICE: *******************************************
07-24 07:48:54.113 19079 19081 D dalvikvm: GC_CONCURRENT freed 390K, 6% free 10416K/11015K, paused 8ms+2ms
07-24 07:48:54.816   342   342 D SAN_SERVICE: *******************************************
07-24 07:48:54.816   342   342 D SAN_SERVICE: DM App Phone Service State - 0
07-24 07:48:54.816   342   342 D SAN_SERVICE: *******************************************
07-24 07:48:55.500 16573 16575 D dalvikvm: GC_CONCURRENT freed 422K, 7% free 10248K/11015K, paused 2ms+2ms
07-24 07:49:04.070   342   342 D SAN_SERVICE: *******************************************
07-24 07:49:04.070   342   342 D SAN_SERVICE: DM App Phone Service State - 0
07-24 07:49:04.070   342   342 D SAN_SERVICE: *******************************************
07-24 07:49:04.305   342   342 D SAN_SERVICE: *******************************************
07-24 07:49:04.305   342   342 D SAN_SERVICE: DM App Phone Service State - 0
07-24 07:49:04.305   342   342 D SAN_SERVICE: *******************************************
07-24 07:49:05.023   342   342 D SAN_SERVICE: *******************************************
07-24 07:49:05.023   342   342 D SAN_SERVICE: DM App Phone Service State - 0
07-24 07:49:05.023   342   342 D SAN_SERVICE: *******************************************
07-24 07:49:14.566   342   342 D SAN_SERVICE: *******************************************
07-24 07:49:14.566   342   342 D SAN_SERVICE: DM App Phone Service State - 0
07-24 07:49:14.566   342   342 D SAN_SERVICE: *******************************************
07-24 07:49:15.262   342   342 D SAN_SERVICE: *******************************************
07-24 07:49:15.262   342   342 D SAN_SERVICE: DM App Phone Service State - 0
07-24 07:49:15.266   342   342 D SAN_SERVICE: *******************************************
07-24 07:49:24.547   342   342 D SAN_SERVICE: *******************************************
07-24 07:49:24.547   342   342 D SAN_SERVICE: DM App Phone Service State - 0
07-24 07:49:24.547   342   342 D SAN_SERVICE: *******************************************
07-24 07:49:24.820   342   342 D SAN_SERVICE: *******************************************
07-24 07:49:24.820   342   342 D SAN_SERVICE: DM App Phone Service State - 0
07-24 07:49:24.820   342   342 D SAN_SERVICE: *******************************************
07-24 07:49:25.551   342   342 D SAN_SERVICE: *******************************************
07-24 07:49:25.551   342   342 D SAN_SERVICE: DM App Phone Service State - 0
07-24 07:49:25.551   342   342 D SAN_SERVICE: *******************************************
07-24 07:49:36.516   342   342 D SAN_SERVICE: *******************************************
07-24 07:49:36.516   342   342 D SAN_SERVICE: DM App Phone Service State - 0
07-24 07:49:36.516   342   342 D SAN_SERVICE: *******************************************
07-24 07:49:37.234   342   342 D SAN_SERVICE: *******************************************
07-24 07:49:37.234   342   342 D SAN_SERVICE: DM App Phone Service State - 0
07-24 07:49:37.234   342   342 D SAN_SERVICE: *******************************************
07-24 07:49:37.254   342   345 D dalvikvm: GC_CONCURRENT freed 385K, 7% free 9448K/10119K, paused 9ms+2ms
07-24 07:49:50.141   342   342 D SAN_SERVICE: *******************************************
07-24 07:49:50.141   342   342 D SAN_SERVICE: DM App Phone Service State - 0
07-24 07:49:50.141   342   342 D SAN_SERVICE: *******************************************
07-24 07:49:50.418   342   342 D SAN_SERVICE: *******************************************
07-24 07:49:50.418   342   342 D SAN_SERVICE: DM App Phone Service State - 0
07-24 07:49:50.418   342   342 D SAN_SERVICE: *******************************************
07-24 07:49:50.914   342   342 D SAN_SERVICE: *******************************************
07-24 07:49:50.914   342   342 D SAN_SERVICE: DM App Phone Service State - 0
07-24 07:49:50.914   342   342 D SAN_SERVICE: *******************************************
07-24 07:49:55.496 19079 19081 D dalvikvm: GC_CONCURRENT freed 500K, 6% free 10428K/11015K, paused 2ms+2ms
07-24 07:49:55.609   145  1302 D dalvikvm: GC_EXPLICIT freed 911K, 17% free 16428K/19783K, paused 3ms+8ms
07-24 07:49:55.715 16573 16575 D dalvikvm: GC_CONCURRENT freed 420K, 7% free 10250K/11015K, paused 2ms+2ms
07-24 07:50:00.391   342   342 D SAN_SERVICE: *******************************************
07-24 07:50:00.391   342   342 D SAN_SERVICE: DM App Phone Service State - 0
07-24 07:50:00.391   342   342 D SAN_SERVICE: *******************************************
07-24 07:50:00.613   342   342 D SAN_SERVICE: *******************************************
07-24 07:50:00.613   342   342 D SAN_SERVICE: DM App Phone Service State - 0
07-24 07:50:00.613   342   342 D SAN_SERVICE: *******************************************
07-24 07:50:01.359   342   342 D SAN_SERVICE: *******************************************
07-24 07:50:01.359   342   342 D SAN_SERVICE: DM App Phone Service State - 0
07-24 07:50:01.359   342   342 D SAN_SERVICE: *******************************************
07-24 07:50:02.324  9919  9919 I chromium: [INFO:CONSOLE(0)] "event.layerX and event.layerY are broken and deprecated in WebKit. They will be removed from the engine in the near future.", source:  (0)
07-24 07:50:02.324  9919  9919 I chromium: [INFO:CONSOLE(0)] "event.layerX and event.layerY are broken and deprecated in WebKit. They will be removed from the engine in the near future.", source:  (0)
07-24 07:50:04.363  9919  9919 I chromium: [INFO:CONSOLE(0)] "event.layerX and event.layerY are broken and deprecated in WebKit. They will be removed from the engine in the near future.", source:  (0)
07-24 07:50:04.379  9919  9919 I chromium: [INFO:CONSOLE(0)] "event.layerX and event.layerY are broken and deprecated in WebKit. They will be removed from the engine in the near future.", source:  (0)
07-24 07:50:04.969 18704 18718 I PhoneLab-: Service Running
07-24 07:50:05.059 18704 18718 I PhoneLab-LoggerService: app_37    1300  1     1440   1000  c00f181c 400107b4 S logcat
07-24 07:50:05.059 18704 18718 I PhoneLab-LoggerService: Logcat pid from database 1300
07-24 07:50:05.059 18704 18718 I PhoneLab-LoggerService: Logcat process found 1300
07-24 07:50:05.059 18704 18718 I PhoneLab-LoggerService: Checking Threshold
07-24 07:50:25.992   342   342 D SAN_SERVICE: *******************************************
07-24 07:50:25.992   342   342 D SAN_SERVICE: DM App Phone Service State - 0
07-24 07:50:25.992   342   342 D SAN_SERVICE: *******************************************
07-24 07:50:27.934  6099  6102 D dalvikvm: GC_CONCURRENT freed 383K, 6% free 10304K/10887K, paused 2ms+4ms
07-24 07:50:28.020  6099  7810 D dalvikvm: GC_EXPLICIT freed 78K, 6% free 10241K/10887K, paused 3ms+3ms
07-24 07:50:41.297   342   342 D SAN_SERVICE: *******************************************
07-24 07:50:41.297   342   342 D SAN_SERVICE: DM App Phone Service State - 0
07-24 07:50:41.297   342   342 D SAN_SERVICE: *******************************************
07-24 07:50:41.563   342   342 D SAN_SERVICE: *******************************************
07-24 07:50:41.563   342   342 D SAN_SERVICE: DM App Phone Service State - 0
07-24 07:50:41.563   342   342 D SAN_SERVICE: *******************************************
07-24 07:50:51.625   342   342 D SAN_SERVICE: *******************************************
07-24 07:50:51.629   342   342 D SAN_SERVICE: DM App Phone Service State - 0
07-24 07:50:51.629   342   342 D SAN_SERVICE: *******************************************
07-24 07:50:55.660 16573 16575 D dalvikvm: GC_CONCURRENT freed 435K, 7% free 10253K/11015K, paused 1ms+3ms
07-24 07:50:58.699   145   199 D DhcpInfoInternal: makeLinkProperties with empty dns2!
07-24 07:50:58.715   145   199 D DhcpInfoInternal: makeLinkProperties with empty dns2!
07-24 07:51:06.973   342   342 D SAN_SERVICE: *******************************************
07-24 07:51:06.977   342   342 D SAN_SERVICE: DM App Phone Service State - 0
07-24 07:51:06.977   342   342 D SAN_SERVICE: *******************************************
07-24 07:51:07.211   342   342 D SAN_SERVICE: *******************************************
07-24 07:51:07.211   342   342 D SAN_SERVICE: DM App Phone Service State - 0
07-24 07:51:07.211   342   342 D SAN_SERVICE: *******************************************
07-24 07:51:07.414   342   342 D SAN_SERVICE: *******************************************
07-24 07:51:07.414   342   342 D SAN_SERVICE: DM App Phone Service State - 0
07-24 07:51:07.414   342   342 D SAN_SERVICE: *******************************************
07-24 07:51:17.191   342   342 D SAN_SERVICE: *******************************************
07-24 07:51:17.191   342   342 D SAN_SERVICE: DM App Phone Service State - 0
07-24 07:51:17.191   342   342 D SAN_SERVICE: *******************************************
07-24 07:51:17.453   342   342 D SAN_SERVICE: *******************************************
07-24 07:51:17.453   342   342 D SAN_SERVICE: DM App Phone Service State - 0
07-24 07:51:17.453   342   342 D SAN_SERVICE: *******************************************
07-24 07:51:18.207   342   342 D SAN_SERVICE: *******************************************
07-24 07:51:18.207   342   342 D SAN_SERVICE: DM App Phone Service State - 0
07-24 07:51:18.207   342   342 D SAN_SERVICE: *******************************************
07-24 07:51:32.566   342   342 D SAN_SERVICE: *******************************************
07-24 07:51:32.566   342   342 D SAN_SERVICE: DM App Phone Service State - 0
07-24 07:51:32.566   342   342 D SAN_SERVICE: *******************************************
07-24 07:51:32.605 19079 19081 D dalvikvm: GC_CONCURRENT freed 394K, 6% free 10419K/11015K, paused 2ms+2ms
07-24 07:51:33.297   342   342 D SAN_SERVICE: *******************************************
07-24 07:51:33.297   342   342 D SAN_SERVICE: DM App Phone Service State - 0
07-24 07:51:33.297   342   342 D SAN_SERVICE: *******************************************
07-24 07:51:39.344   342   342 D SAN_SERVICE: *******************************************
07-24 07:51:39.344   342   342 D SAN_SERVICE: DM App Phone Service State - 0
07-24 07:51:39.344   342   342 D SAN_SERVICE: *******************************************
07-24 07:51:55.719 16573 16575 D dalvikvm: GC_CONCURRENT freed 417K, 7% free 10249K/11015K, paused 1ms+2ms
07-24 07:51:58.066   342   342 D SAN_SERVICE: *******************************************
07-24 07:51:58.066   342   342 D SAN_SERVICE: DM App Phone Service State - 0
07-24 07:51:58.066   342   342 D SAN_SERVICE: *******************************************
07-24 07:51:58.402   342   342 D SAN_SERVICE: *******************************************
07-24 07:51:58.402   342   342 D SAN_SERVICE: DM App Phone Service State - 0
07-24 07:51:58.402   342   342 D SAN_SERVICE: *******************************************
07-24 07:51:58.672   342   342 D SAN_SERVICE: *******************************************
07-24 07:51:58.672   342   342 D SAN_SERVICE: DM App Phone Service State - 0
07-24 07:51:58.672   342   342 D SAN_SERVICE: *******************************************
07-24 07:52:04.969 18704 18718 I PhoneLab-: Service Running
07-24 07:52:05.078 18704 18718 I PhoneLab-LoggerService: app_37    1300  1     1440   1000  c00f181c 400107b4 S logcat
07-24 07:52:05.078 18704 18718 I PhoneLab-LoggerService: Logcat pid from database 1300
07-24 07:52:05.082 18704 18718 I PhoneLab-LoggerService: Logcat process found 1300
07-24 07:52:05.082 18704 18718 I PhoneLab-LoggerService: Checking Threshold
07-24 07:52:18.594   342   342 D SAN_SERVICE: *******************************************
07-24 07:52:18.594   342   342 D SAN_SERVICE: DM App Phone Service State - 0
07-24 07:52:18.594   342   342 D SAN_SERVICE: *******************************************
07-24 07:52:18.621   342   345 D dalvikvm: GC_CONCURRENT freed 389K, 7% free 9449K/10119K, paused 5ms+2ms
07-24 07:52:18.914   342   342 D SAN_SERVICE: *******************************************
07-24 07:52:18.914   342   342 D SAN_SERVICE: DM App Phone Service State - 0
07-24 07:52:18.914   342   342 D SAN_SERVICE: *******************************************
07-24 07:52:19.121   342   342 D SAN_SERVICE: *******************************************
07-24 07:52:19.121   342   342 D SAN_SERVICE: DM App Phone Service State - 0
07-24 07:52:19.121   342   342 D SAN_SERVICE: *******************************************
07-24 07:52:28.840   342   342 D SAN_SERVICE: *******************************************
07-24 07:52:28.840   342   342 D SAN_SERVICE: DM App Phone Service State - 0
07-24 07:52:28.840   342   342 D SAN_SERVICE: *******************************************
07-24 07:52:29.117   342   342 D SAN_SERVICE: *******************************************
07-24 07:52:29.117   342   342 D SAN_SERVICE: DM App Phone Service State - 0
07-24 07:52:29.117   342   342 D SAN_SERVICE: *******************************************
07-24 07:52:29.859   342   342 D SAN_SERVICE: *******************************************
07-24 07:52:29.859   342   342 D SAN_SERVICE: DM App Phone Service State - 0
07-24 07:52:29.859   342   342 D SAN_SERVICE: *******************************************
07-24 07:52:39.098   342   342 D SAN_SERVICE: *******************************************
07-24 07:52:39.098   342   342 D SAN_SERVICE: DM App Phone Service State - 0
07-24 07:52:39.102   342   342 D SAN_SERVICE: *******************************************
07-24 07:52:39.363   342   342 D SAN_SERVICE: *******************************************
07-24 07:52:39.363   342   342 D SAN_SERVICE: DM App Phone Service State - 0
07-24 07:52:39.363   342   342 D SAN_SERVICE: *******************************************
07-24 07:52:40.070   342   342 D SAN_SERVICE: *******************************************
07-24 07:52:40.070   342   342 D SAN_SERVICE: DM App Phone Service State - 0
07-24 07:52:40.070   342   342 D SAN_SERVICE: *******************************************
07-24 07:52:54.695 19079 19081 D dalvikvm: GC_CONCURRENT freed 390K, 5% free 10528K/11015K, paused 12ms+5ms
07-24 07:52:55.672 19079 19081 D dalvikvm: GC_CONCURRENT freed 477K, 5% free 10591K/11143K, paused 18ms+3ms
07-24 07:52:55.820 16573 16575 D dalvikvm: GC_CONCURRENT freed 422K, 7% free 10251K/11015K, paused 1ms+2ms
07-24 07:53:23.539   145   199 D DhcpInfoInternal: makeLinkProperties with empty dns2!
07-24 07:53:23.551   145   199 D DhcpInfoInternal: makeLinkProperties with empty dns2!
07-24 07:53:25.184   342   342 D SAN_SERVICE: *******************************************
07-24 07:53:25.184   342   342 D SAN_SERVICE: DM App Phone Service State - 0
07-24 07:53:25.184   342   342 D SAN_SERVICE: *******************************************
07-24 07:53:25.414   342   342 D SAN_SERVICE: *******************************************
07-24 07:53:25.414   342   342 D SAN_SERVICE: DM App Phone Service State - 0
07-24 07:53:25.414   342   342 D SAN_SERVICE: *******************************************
07-24 07:53:26.176   342   342 D SAN_SERVICE: *******************************************
07-24 07:53:26.176   342   342 D SAN_SERVICE: DM App Phone Service State - 0
07-24 07:53:26.176   342   342 D SAN_SERVICE: *******************************************
07-24 07:53:35.414   342   342 D SAN_SERVICE: *******************************************
07-24 07:53:35.414   342   342 D SAN_SERVICE: DM App Phone Service State - 0
07-24 07:53:35.418   342   342 D SAN_SERVICE: *******************************************
07-24 07:53:35.707   342   342 D SAN_SERVICE: *******************************************
07-24 07:53:35.707   342   342 D SAN_SERVICE: DM App Phone Service State - 0
07-24 07:53:35.707   342   342 D SAN_SERVICE: *******************************************
07-24 07:53:36.449   342   342 D SAN_SERVICE: *******************************************
07-24 07:53:36.449   342   342 D SAN_SERVICE: DM App Phone Service State - 0
07-24 07:53:36.449   342   342 D SAN_SERVICE: *******************************************
07-24 07:53:55.816 19079 19081 D dalvikvm: GC_CONCURRENT freed 453K, 6% free 10575K/11143K, paused 2ms+5ms
07-24 07:53:55.832   342   342 D SAN_SERVICE: *******************************************
07-24 07:53:55.832   342   342 D SAN_SERVICE: DM App Phone Service State - 0
07-24 07:53:55.832   342   342 D SAN_SERVICE: *******************************************
07-24 07:53:55.902 16573 16575 D dalvikvm: GC_CONCURRENT freed 413K, 7% free 10248K/11015K, paused 2ms+2ms
07-24 07:53:56.152   342   342 D SAN_SERVICE: *******************************************
07-24 07:53:56.152   342   342 D SAN_SERVICE: DM App Phone Service State - 0
07-24 07:53:56.152   342   342 D SAN_SERVICE: *******************************************
07-24 07:54:01.262   342   342 D SAN_SERVICE: *******************************************
07-24 07:54:01.262   342   342 D SAN_SERVICE: DM App Phone Service State - 0
07-24 07:54:01.262   342   342 D SAN_SERVICE: *******************************************
07-24 07:54:04.969 18704 18718 I PhoneLab-: Service Running
07-24 07:54:05.055 18704 18718 I PhoneLab-LoggerService: app_37    1300  1     1440   1000  c00f181c 400107b4 S logcat
07-24 07:54:05.059 18704 18718 I PhoneLab-LoggerService: Logcat pid from database 1300
07-24 07:54:05.059 18704 18718 I PhoneLab-LoggerService: Logcat process found 1300
07-24 07:54:05.059 18704 18718 I PhoneLab-LoggerService: Checking Threshold
07-24 07:54:11.289   342   342 D SAN_SERVICE: *******************************************
07-24 07:54:11.289   342   342 D SAN_SERVICE: DM App Phone Service State - 0
07-24 07:54:11.289   342   342 D SAN_SERVICE: *******************************************
07-24 07:54:21.551   342   342 D SAN_SERVICE: *******************************************
07-24 07:54:21.551   342   342 D SAN_SERVICE: DM App Phone Service State - 0
07-24 07:54:21.551   342   342 D SAN_SERVICE: *******************************************
07-24 07:54:21.777   342   342 D SAN_SERVICE: *******************************************
07-24 07:54:21.777   342   342 D SAN_SERVICE: DM App Phone Service State - 0
07-24 07:54:21.777   342   342 D SAN_SERVICE: *******************************************
07-24 07:54:22.012   342   342 D SAN_SERVICE: *******************************************
07-24 07:54:22.012   342   342 D SAN_SERVICE: DM App Phone Service State - 0
07-24 07:54:22.012   342   342 D SAN_SERVICE: *******************************************
07-24 07:54:26.945   342   342 D SAN_SERVICE: *******************************************
07-24 07:54:26.945   342   342 D SAN_SERVICE: DM App Phone Service State - 0
07-24 07:54:26.945   342   342 D SAN_SERVICE: *******************************************
07-24 07:54:26.969   342   345 D dalvikvm: GC_CONCURRENT freed 387K, 7% free 9447K/10119K, paused 2ms+2ms
07-24 07:54:31.789   342   342 D SAN_SERVICE: *******************************************
07-24 07:54:31.789   342   342 D SAN_SERVICE: DM App Phone Service State - 0
07-24 07:54:31.789   342   342 D SAN_SERVICE: *******************************************
07-24 07:54:31.965   342   342 D SAN_SERVICE: *******************************************
07-24 07:54:31.965   342   342 D SAN_SERVICE: DM App Phone Service State - 0
07-24 07:54:31.965   342   342 D SAN_SERVICE: *******************************************
07-24 07:54:47.141   342   342 D SAN_SERVICE: *******************************************
