07-19 06:45:41.185  5696  5696 I ActivityThread: Pub user_dictionary: com.android.providers.userdictionary.UserDictionaryProvider
07-19 06:45:41.235  5696  5696 I ActivityThread: Pub com.android.social: com.android.providers.contacts.SocialProvider
07-19 06:45:41.239  5696  5696 I ActivityThread: Pub applications: com.android.providers.applications.ApplicationsProvider
07-19 06:45:41.399  5642  5645 D dalvikvm: GC_CONCURRENT freed 349K, 5% free 10656K/11143K, paused 12ms+24ms
07-19 06:45:41.431  5696  5698 D dalvikvm: GC_CONCURRENT freed 326K, 5% free 9146K/9607K, paused 2ms+3ms
07-19 06:45:41.435  5696  5696 I ActivityThread: Pub contacts;com.android.contacts: com.android.providers.contacts.ContactsProvider2
07-19 06:45:42.138  5696  5698 D dalvikvm: GC_CONCURRENT freed 206K, 4% free 9327K/9671K, paused 3ms+3ms
07-19 06:45:42.169   144   155 I ActivityManager: Process com.whatsapp (pid 5551) has died.
07-19 06:45:42.169   144   155 W ActivityManager: Scheduling restart of crashed service com.whatsapp/.messaging.MessageService in 28230ms
07-19 06:45:42.228  5681  5713 W System.err: com.google.android.apps.googlevoice.net.VoiceServiceException: Voice service failed [INVALID_AUTH_TOKEN]
07-19 06:45:42.270  5681  5713 W System.err: 	at com.google.android.apps.googlevoice.net.masf.MASFVoiceService.checkCredentials(MASFVoiceService.java:107)
07-19 06:45:42.270  5681  5713 W System.err: 	at com.google.android.apps.googlevoice.net.masf.MASFVoiceService.getAuthToken(MASFVoiceService.java:95)
07-19 06:45:42.270  5681  5713 W System.err: 	at com.google.android.apps.googlevoice.net.masf.MASFGetBackendInfoRpc.createRequestPayload(MASFGetBackendInfoRpc.java:34)
07-19 06:45:42.274  5681  5713 W System.err: 	at com.google.android.apps.googlevoice.net.masf.MASFApiRpc.requestSubmit(MASFApiRpc.java:160)
07-19 06:45:42.274  5681  5713 W System.err: 	at com.google.android.apps.googlevoice.net.masf.MASFApiRpc.run(MASFApiRpc.java:141)
07-19 06:45:42.274  5681  5713 W System.err: 	at com.googlex.common.task.AbstractTask.run(Unknown Source)
07-19 06:45:42.274  5681  5713 W System.err: 	at com.googlex.common.task.AbstractTask.runInternal(Unknown Source)
07-19 06:45:42.274  5681  5713 W System.err: 	at com.googlex.common.task.TaskRunner.run(Unknown Source)
07-19 06:45:42.274  5681  5713 W System.err: 	at com.googlex.common.lang.BaseThreadFactory$ThreadImpl.run(Unknown Source)
07-19 06:45:42.286  5681  5713 E GoogleVoice: ShadowNumberRefreshService: Failed to get backend info!
07-19 06:45:42.286  5681  5713 E GoogleVoice: com.google.android.apps.googlevoice.net.VoiceServiceException: Voice service failed [INVALID_AUTH_TOKEN]
07-19 06:45:42.286  5681  5713 E GoogleVoice: 	at com.google.android.apps.googlevoice.net.masf.MASFVoiceService.checkCredentials(MASFVoiceService.java:107)
07-19 06:45:42.286  5681  5713 E GoogleVoice: 	at com.google.android.apps.googlevoice.net.masf.MASFVoiceService.getAuthToken(MASFVoiceService.java:95)
07-19 06:45:42.286  5681  5713 E GoogleVoice: 	at com.google.android.apps.googlevoice.net.masf.MASFGetBackendInfoRpc.createRequestPayload(MASFGetBackendInfoRpc.java:34)
07-19 06:45:42.286  5681  5713 E GoogleVoice: 	at com.google.android.apps.googlevoice.net.masf.MASFApiRpc.requestSubmit(MASFApiRpc.java:160)
07-19 06:45:42.286  5681  5713 E GoogleVoice: 	at com.google.android.apps.googlevoice.net.masf.MASFApiRpc.run(MASFApiRpc.java:141)
07-19 06:45:42.286  5681  5713 E GoogleVoice: 	at com.googlex.common.task.AbstractTask.run(Unknown Source)
07-19 06:45:42.286  5681  5713 E GoogleVoice: 	at com.googlex.common.task.AbstractTask.runInternal(Unknown Source)
07-19 06:45:42.286  5681  5713 E GoogleVoice: 	at com.googlex.common.task.TaskRunner.run(Unknown Source)
07-19 06:45:42.286  5681  5713 E GoogleVoice: 	at com.googlex.common.lang.BaseThreadFactory$ThreadImpl.run(Unknown Source)
07-19 06:45:42.563  5696  5698 D dalvikvm: GC_CONCURRENT freed 139K, 3% free 9586K/9863K, paused 11ms+2ms
07-19 06:45:44.067  5642  5645 D dalvikvm: GC_CONCURRENT freed 363K, 5% free 10833K/11335K, paused 2ms+3ms
07-19 06:45:45.645  5696  5698 D dalvikvm: GC_CONCURRENT freed 332K, 5% free 9651K/10119K, paused 11ms+2ms
07-19 06:45:47.263   321   321 D dalvikvm: GC_EXPLICIT freed <1K, 23% free 10159K/13191K, paused 22ms+3ms
07-19 06:45:52.298 13970 13970 D dalvikvm: GC_EXPLICIT freed <1K, 6% free 9759K/10375K, paused 23ms+3ms
07-19 06:45:56.802   144  6618 I ActivityManager: Start proc com.google.android.apps.maps:LocationFriendService for service com.google.android.apps.maps/com.google.googlenav.friend.reporting.LocationReceiverService: pid=5721 uid=10056 gids={3003, 1015}
07-19 06:45:57.118  5721  5722 D dalvikvm: GC_CONCURRENT freed 163K, 3% free 9368K/9607K, paused 29ms+3ms
07-19 06:45:57.599  5721  5722 D dalvikvm: GC_CONCURRENT freed 157K, 3% free 9657K/9927K, paused 18ms+2ms
07-19 06:45:57.833   144 12390 I ActivityManager: Process android.process.acore (pid 5696) has died.
07-19 06:45:57.833   144 12390 I ActivityManager: Kill com.google.android.apps.googlevoice (pid 5681): provider com.android.providers.contacts.VoicemailContentProvider in dying process android.process.acore
07-19 06:45:57.849   144  1167 I ActivityManager: Process com.google.android.apps.googlevoice (pid 5681) has died.
07-19 06:45:57.856   144  1167 W ActivityManager: Scheduling restart of crashed service com.google.android.apps.googlevoice/.ShadowNumberRefreshService in 56552ms
07-19 06:45:57.856   144  1167 W ActivityManager: Scheduling restart of crashed service com.google.android.apps.googlevoice/.CallLogService in 96540ms
07-19 06:45:58.325  5721  5722 D dalvikvm: GC_CONCURRENT freed 278K, 4% free 9843K/10247K, paused 8ms+3ms
07-19 06:45:58.438  5721  5725 I dalvikvm: Total arena pages for JIT: 11
07-19 06:45:58.438  5721  5725 I dalvikvm: Total arena pages for JIT: 12
07-19 06:45:58.442  5721  5725 I dalvikvm: Total arena pages for JIT: 13
07-19 06:45:58.442  5721  5725 I dalvikvm: Total arena pages for JIT: 14
07-19 06:45:58.442  5721  5725 I dalvikvm: Total arena pages for JIT: 15
07-19 06:45:58.442  5721  5725 I dalvikvm: Total arena pages for JIT: 16
07-19 06:45:58.446  5721  5725 I dalvikvm: Total arena pages for JIT: 17
07-19 06:45:58.583  5721  5722 D dalvikvm: GC_CONCURRENT freed 336K, 5% free 9965K/10439K, paused 2ms+3ms
07-19 06:45:58.669   144   342 I ActivityManager: Start proc android.process.acore for content provider com.android.providers.contacts/.ContactsProvider2: pid=5745 uid=10000 gids={3003, 1015}
07-19 06:45:58.735  5745  5745 I ActivityThread: Pub call_log: com.android.providers.contacts.CallLogProvider
07-19 06:45:58.794  5745  5745 I ActivityThread: Pub com.android.voicemail: com.android.providers.contacts.VoicemailContentProvider
07-19 06:45:58.798  5745  5745 I ActivityThread: Pub user_dictionary: com.android.providers.userdictionary.UserDictionaryProvider
07-19 06:45:58.833  5745  5745 I ActivityThread: Pub com.android.social: com.android.providers.contacts.SocialProvider
07-19 06:45:58.837  5745  5745 I ActivityThread: Pub applications: com.android.providers.applications.ApplicationsProvider
07-19 06:45:58.997  5745  5745 I ActivityThread: Pub contacts;com.android.contacts: com.android.providers.contacts.ContactsProvider2
07-19 06:45:59.032  5745  5747 D dalvikvm: GC_CONCURRENT freed 350K, 5% free 9182K/9607K, paused 5ms+3ms
07-19 06:45:59.060   144 14192 I ActivityManager: Process com.google.android.apps.maps:LocationFriendService (pid 5721) has died.
07-19 06:45:59.446  5745  5747 D dalvikvm: GC_CONCURRENT freed 225K, 4% free 9376K/9735K, paused 6ms+2ms
07-19 06:46:00.298   144   144 I ActivityManager: Process android.process.acore (pid 5745) has died.
07-19 06:46:00.474   144   161 I ActivityManager: Start proc com.google.android.apps.googlevoice for service com.google.android.apps.googlevoice/.UpdateService: pid=5762 uid=10054 gids={3003, 1015}
07-19 06:46:00.716  5762  5765 D dalvikvm: GC_CONCURRENT freed 256K, 4% free 9279K/9607K, paused 8ms+3ms
07-19 06:46:00.747   144 14994 I ActivityManager: Start proc android.process.acore for content provider com.android.providers.contacts/.VoicemailContentProvider: pid=5777 uid=10000 gids={3003, 1015}
07-19 06:46:00.774  5777  5777 I ActivityThread: Pub call_log: com.android.providers.contacts.CallLogProvider
07-19 06:46:00.778  5777  5777 I ActivityThread: Pub com.android.voicemail: com.android.providers.contacts.VoicemailContentProvider
07-19 06:46:00.782  5777  5777 I ActivityThread: Pub user_dictionary: com.android.providers.userdictionary.UserDictionaryProvider
07-19 06:46:00.786  5777  5777 I ActivityThread: Pub com.android.social: com.android.providers.contacts.SocialProvider
07-19 06:46:00.790  5777  5777 I ActivityThread: Pub applications: com.android.providers.applications.ApplicationsProvider
07-19 06:46:00.853  5777  5777 I ActivityThread: Pub contacts;com.android.contacts: com.android.providers.contacts.ContactsProvider2
07-19 06:46:00.856  5777  5779 D dalvikvm: GC_CONCURRENT freed 339K, 5% free 9152K/9607K, paused 2ms+2ms
07-19 06:46:01.376   144  1167 I ActivityManager: Process com.apksoftware.compass (pid 3850) has died.
07-19 06:46:01.376   144  1167 W ActivityManager: Scheduling restart of crashed service com.apksoftware.compass/com.catchnotes.buy.CatchBuyService in 19023ms
07-19 06:46:01.411  5762  5765 D dalvikvm: GC_CONCURRENT freed 463K, 6% free 9386K/9927K, paused 4ms+2ms
07-19 06:46:01.411  5762  5771 W CursorWrapperInner: Cursor finalized without prior close()
07-19 06:46:01.411  5762  5771 W CursorWrapperInner: Cursor finalized without prior close()
07-19 06:46:01.411  5762  5771 W CursorWrapperInner: Cursor finalized without prior close()
07-19 06:46:01.423  5777  5779 D dalvikvm: GC_CONCURRENT freed 259K, 4% free 9379K/9735K, paused 2ms+3ms
07-19 06:46:01.552   144 12390 D CountryDetector: The first listener is added
07-19 06:46:01.720  5777  5779 D dalvikvm: GC_CONCURRENT freed 227K, 4% free 9588K/9927K, paused 13ms+3ms
07-19 06:46:02.067  5777  5779 D dalvikvm: GC_CONCURRENT freed 251K, 4% free 9782K/10119K, paused 3ms+3ms
07-19 06:46:02.153  5762  5800 D dalvikvm: GC_FOR_ALLOC freed 226K, 5% free 9509K/9991K, paused 17ms
07-19 06:46:02.380  5777  5779 D dalvikvm: GC_CONCURRENT freed 231K, 4% free 9949K/10311K, paused 2ms+4ms
07-19 06:46:02.915  5762  5800 D dalvikvm: GC_FOR_ALLOC freed 139K, 5% free 9633K/10119K, paused 20ms
07-19 06:46:03.028   144   390 I ActivityManager: Process android.process.acore (pid 5777) has died.
07-19 06:46:03.028   144 15767 D CountryDetector: No listener is left
07-19 06:46:08.145   359   359 D dalvikvm: GC_EXPLICIT freed <1K, 6% free 9096K/9607K, paused 22ms+3ms
07-19 06:46:10.462   144   161 I ActivityManager: Start proc com.whatsapp for service com.whatsapp/.messaging.MessageService: pid=5804 uid=10068 gids={1015, 3003}
07-19 06:46:10.470  5804  5804 I dalvikvm: Turning on JNI app bug workarounds for target SDK version 7...
07-19 06:46:10.739  5804  5807 D dalvikvm: GC_CONCURRENT freed 172K, 3% free 9345K/9607K, paused 6ms+2ms
07-19 06:46:11.524  5804  5807 D dalvikvm: GC_CONCURRENT freed 282K, 4% free 9606K/9991K, paused 2ms+2ms
07-19 06:46:11.841   144   390 I ActivityManager: Start proc android.process.acore for content provider com.android.providers.contacts/.ContactsProvider2: pid=5824 uid=10000 gids={3003, 1015}
07-19 06:46:11.950  5824  5824 I ActivityThread: Pub call_log: com.android.providers.contacts.CallLogProvider
07-19 06:46:11.958  5824  5824 I ActivityThread: Pub com.android.voicemail: com.android.providers.contacts.VoicemailContentProvider
07-19 06:46:11.958  5824  5824 I ActivityThread: Pub user_dictionary: com.android.providers.userdictionary.UserDictionaryProvider
07-19 06:46:11.978  5824  5824 I ActivityThread: Pub com.android.social: com.android.providers.contacts.SocialProvider
07-19 06:46:11.978  5824  5824 I ActivityThread: Pub applications: com.android.providers.applications.ApplicationsProvider
07-19 06:46:11.985  5804  5804 I dalvikvm: Could not find method android.media.MediaMetadataRetriever.captureFrame, referenced from method com.whatsapp.q3.a
07-19 06:46:11.985  5804  5804 W dalvikvm: VFY: unable to resolve virtual method 502: Landroid/media/MediaMetadataRetriever;.captureFrame ()Landroid/graphics/Bitmap;
07-19 06:46:11.985  5804  5804 D dalvikvm: VFY: replacing opcode 0x6e at 0x0134
07-19 06:46:12.192  5824  5824 I ActivityThread: Pub contacts;com.android.contacts: com.android.providers.contacts.ContactsProvider2
07-19 06:46:12.224  5824  5827 D dalvikvm: GC_CONCURRENT freed 358K, 5% free 9173K/9607K, paused 4ms+2ms
07-19 06:46:12.239  5804  5807 D dalvikvm: GC_CONCURRENT freed 318K, 4% free 9850K/10247K, paused 8ms+3ms
07-19 06:46:12.392  5804  5807 D dalvikvm: GC_CONCURRENT freed 294K, 4% free 9969K/10375K, paused 2ms+5ms
07-19 06:46:12.669  5824  5827 D dalvikvm: GC_CONCURRENT freed 230K, 4% free 9374K/9735K, paused 2ms+2ms
07-19 06:46:13.829   144   310 I ActivityManager: Process android.process.acore (pid 5824) has died.
07-19 06:46:13.989  5804  5807 D dalvikvm: GC_CONCURRENT freed 291K, 5% free 10133K/10567K, paused 3ms+5ms
07-19 06:46:15.356   144   199 D DhcpInfoInternal: makeLinkProperties with empty dns2!
07-19 06:46:15.368   144   199 D DhcpInfoInternal: makeLinkProperties with empty dns2!
07-19 06:46:20.462   144   161 I ActivityManager: Start proc com.apksoftware.compass for service com.apksoftware.compass/com.catchnotes.buy.CatchBuyService: pid=5866 uid=10091 gids={3003}
07-19 06:46:20.493  5866  5866 I dalvikvm: Turning on JNI app bug workarounds for target SDK version 8...
07-19 06:46:20.501    79    79 D dalvikvm: GC_EXPLICIT freed 37K, 4% free 9027K/9347K, paused 2ms+3ms
07-19 06:46:20.544    79    79 D dalvikvm: GC_EXPLICIT freed <1K, 4% free 9027K/9347K, paused 1ms+4ms
07-19 06:46:20.603    79    79 D dalvikvm: GC_EXPLICIT freed <1K, 4% free 9027K/9347K, paused 2ms+3ms
07-19 06:46:20.677   144   342 D dalvikvm: GC_EXPLICIT freed 801K, 23% free 18667K/24199K, paused 9ms+8ms
07-19 06:46:20.786  5866  5866 I BugSenseHandler: Registering default exceptions handler
07-19 06:46:20.786  5866  5866 D BugSenseHandler: Looking for exceptions in: /data/data/com.apksoftware.compass/files
07-19 06:46:20.790  5866  5866 D BugSenseHandler: Found 0 stacktrace(s)
07-19 06:46:20.845  5866  5866 W CatchBuyService: handleCommand received null intent
07-19 06:46:22.630  3217  3217 W ThumbnailCache: Low Memory: Freed 0 textures from compression queue, 0 from write queue, 0 from the pinned list, 0 from the cache.
07-19 06:46:22.704  3217  3217 D dalvikvm: GC_EXPLICIT freed 21K, 29% free 10830K/15111K, paused 34ms+4ms
07-19 06:46:27.638  3452  3452 D dalvikvm: GC_EXPLICIT freed <1K, 4% free 9238K/9543K, paused 30ms+3ms
07-19 06:46:29.282  3217  4224 W AndroidResourcesFactory: [chromesync#-577763198] Not running on internal thread since resources not started 965580, Heartbeat:com.google.ipc.invalidation.ticl.RecurringTask$1@414811a8
07-19 06:46:32.728   144   160 D dalvikvm: GC_EXPLICIT freed 43K, 24% free 18632K/24199K, paused 46ms+7ms
07-19 06:46:37.677   346   346 D dalvikvm: GC_EXPLICIT freed 1K, 10% free 11911K/13191K, paused 46ms+4ms
07-19 06:46:42.657   435   435 D dalvikvm: GC_EXPLICIT freed <1K, 4% free 9033K/9347K, paused 26ms+2ms
07-19 06:46:47.692   321   321 D dalvikvm: GC_EXPLICIT freed <1K, 23% free 10159K/13191K, paused 39ms+2ms
07-19 06:46:52.685 13970 13970 D dalvikvm: GC_EXPLICIT freed <1K, 6% free 9759K/10375K, paused 38ms+3ms
07-19 06:46:54.606  5762  5794 W System.err: com.google.android.apps.googlevoice.net.VoiceServiceException: Voice service failed [INVALID_AUTH_TOKEN]
07-19 06:46:54.657  5762  5794 W System.err: 	at com.google.android.apps.googlevoice.net.masf.MASFVoiceService.checkCredentials(MASFVoiceService.java:107)
07-19 06:46:54.665  5762  5794 W System.err: 	at com.google.android.apps.googlevoice.net.masf.MASFVoiceService.getAuthToken(MASFVoiceService.java:95)
07-19 06:46:54.665  5762  5794 W System.err: 	at com.google.android.apps.googlevoice.net.masf.MASFGetBackendInfoRpc.createRequestPayload(MASFGetBackendInfoRpc.java:34)
07-19 06:46:54.665  5762  5794 W System.err: 	at com.google.android.apps.googlevoice.net.masf.MASFApiRpc.requestSubmit(MASFApiRpc.java:160)
07-19 06:46:54.669  5762  5794 W System.err: 	at com.google.android.apps.googlevoice.net.masf.MASFApiRpc.run(MASFApiRpc.java:141)
07-19 06:46:54.673  5762  5794 W System.err: 	at com.googlex.common.task.AbstractTask.run(Unknown Source)
07-19 06:46:54.673  5762  5794 W System.err: 	at com.googlex.common.task.AbstractTask.runInternal(Unknown Source)
07-19 06:46:54.673  5762  5794 W System.err: 	at com.googlex.common.task.TaskRunner.run(Unknown Source)
07-19 06:46:54.673  5762  5794 W System.err: 	at com.googlex.common.lang.BaseThreadFactory$ThreadImpl.run(Unknown Source)
07-19 06:46:54.677  5762  5794 E GoogleVoice: ShadowNumberRefreshService: Failed to get backend info!
07-19 06:46:54.677  5762  5794 E GoogleVoice: com.google.android.apps.googlevoice.net.VoiceServiceException: Voice service failed [INVALID_AUTH_TOKEN]
07-19 06:46:54.677  5762  5794 E GoogleVoice: 	at com.google.android.apps.googlevoice.net.masf.MASFVoiceService.checkCredentials(MASFVoiceService.java:107)
07-19 06:46:54.677  5762  5794 E GoogleVoice: 	at com.google.android.apps.googlevoice.net.masf.MASFVoiceService.getAuthToken(MASFVoiceService.java:95)
07-19 06:46:54.677  5762  5794 E GoogleVoice: 	at com.google.android.apps.googlevoice.net.masf.MASFGetBackendInfoRpc.createRequestPayload(MASFGetBackendInfoRpc.java:34)
07-19 06:46:54.677  5762  5794 E GoogleVoice: 	at com.google.android.apps.googlevoice.net.masf.MASFApiRpc.requestSubmit(MASFApiRpc.java:160)
07-19 06:46:54.677  5762  5794 E GoogleVoice: 	at com.google.android.apps.googlevoice.net.masf.MASFApiRpc.run(MASFApiRpc.java:141)
07-19 06:46:54.677  5762  5794 E GoogleVoice: 	at com.googlex.common.task.AbstractTask.run(Unknown Source)
07-19 06:46:54.677  5762  5794 E GoogleVoice: 	at com.googlex.common.task.AbstractTask.runInternal(Unknown Source)
07-19 06:46:54.677  5762  5794 E GoogleVoice: 	at com.googlex.common.task.TaskRunner.run(Unknown Source)
07-19 06:46:54.677  5762  5794 E GoogleVoice: 	at com.googlex.common.lang.BaseThreadFactory$ThreadImpl.run(Unknown Source)
07-19 06:46:56.935  2833  2835 D dalvikvm: GC_CONCURRENT freed 509K, 6% free 10426K/11015K, paused 2ms+3ms
07-19 06:46:56.985   144   317 I ActivityManager: Start proc com.google.android.apps.maps:LocationFriendService for service com.google.android.apps.maps/com.google.googlenav.friend.reporting.LocationReceiverService: pid=5885 uid=10056 gids={3003, 1015}
07-19 06:46:57.161  5885  5888 D dalvikvm: GC_CONCURRENT freed 153K, 3% free 9378K/9607K, paused 2ms+7ms
07-19 06:46:57.458   144 14192 I ActivityManager: Process com.whatsapp (pid 5804) has died.
07-19 06:46:57.462   144 14192 W ActivityManager: Scheduling restart of crashed service com.whatsapp/.messaging.MessageService in 5000ms
07-19 06:46:57.544  5885  5888 D dalvikvm: GC_CONCURRENT freed 181K, 4% free 9629K/9927K, paused 2ms+2ms
07-19 06:46:57.958 31712 31723 D dalvikvm: GC_EXPLICIT freed 303K, 5% free 10044K/10503K, paused 15ms+5ms
07-19 06:46:58.087  5885  5888 D dalvikvm: GC_CONCURRENT freed 251K, 4% free 9841K/10183K, paused 2ms+3ms
07-19 06:46:58.235  5885  5892 I dalvikvm: Total arena pages for JIT: 11
07-19 06:46:58.235  5885  5892 I dalvikvm: Total arena pages for JIT: 12
07-19 06:46:58.235  5885  5892 I dalvikvm: Total arena pages for JIT: 13
07-19 06:46:58.239  5885  5892 I dalvikvm: Total arena pages for JIT: 14
07-19 06:46:58.239  5885  5892 I dalvikvm: Total arena pages for JIT: 15
07-19 06:46:58.239  5885  5892 I dalvikvm: Total arena pages for JIT: 16
07-19 06:46:58.239  5885  5892 I dalvikvm: Total arena pages for JIT: 17
07-19 06:46:58.372  5885  5888 D dalvikvm: GC_CONCURRENT freed 330K, 4% free 9966K/10375K, paused 4ms+2ms
07-19 06:46:58.673   144 13425 I ActivityManager: Process com.google.android.apps.maps:LocationFriendService (pid 5885) has died.
07-19 06:47:02.532   144   161 I ActivityManager: Start proc com.whatsapp for service com.whatsapp/.messaging.MessageService: pid=5908 uid=10068 gids={1015, 3003}
07-19 06:47:02.540  5908  5908 I dalvikvm: Turning on JNI app bug workarounds for target SDK version 7...
07-19 06:47:02.759  5908  5910 D dalvikvm: GC_CONCURRENT freed 158K, 3% free 9353K/9607K, paused 2ms+3ms
07-19 06:47:03.032  5908  5910 D dalvikvm: GC_CONCURRENT freed 289K, 4% free 9612K/9991K, paused 2ms+4ms
07-19 06:47:03.333   144  1167 I ActivityManager: Start proc android.process.acore for content provider com.android.providers.contacts/.ContactsProvider2: pid=5928 uid=10000 gids={3003, 1015}
07-19 06:47:03.388  5928  5928 I ActivityThread: Pub call_log: com.android.providers.contacts.CallLogProvider
07-19 06:47:03.411  5928  5928 I ActivityThread: Pub com.android.voicemail: com.android.providers.contacts.VoicemailContentProvider
07-19 06:47:03.415  5928  5928 I ActivityThread: Pub user_dictionary: com.android.providers.userdictionary.UserDictionaryProvider
07-19 06:47:03.423  5928  5928 I ActivityThread: Pub com.android.social: com.android.providers.contacts.SocialProvider
07-19 06:47:03.423  5928  5928 I ActivityThread: Pub applications: com.android.providers.applications.ApplicationsProvider
07-19 06:47:03.481  5908  5908 I dalvikvm: Could not find method android.media.MediaMetadataRetriever.captureFrame, referenced from method com.whatsapp.q3.a
07-19 06:47:03.485  5908  5908 W dalvikvm: VFY: unable to resolve virtual method 502: Landroid/media/MediaMetadataRetriever;.captureFrame ()Landroid/graphics/Bitmap;
07-19 06:47:03.485  5908  5908 D dalvikvm: VFY: replacing opcode 0x6e at 0x0134
07-19 06:47:03.579   144   310 I ActivityManager: Process com.xabber.androiddev (pid 5642) has died.
07-19 06:47:03.579   144   310 W ActivityManager: Scheduling restart of crashed service com.xabber.androiddev/com.xabber.android.service.XMPPService in 5000ms
07-19 06:47:03.606  5928  5928 I ActivityThread: Pub contacts;com.android.contacts: com.android.providers.contacts.ContactsProvider2
07-19 06:47:03.657  5928  5930 D dalvikvm: GC_CONCURRENT freed 345K, 5% free 9180K/9607K, paused 2ms+2ms
07-19 06:47:03.743  5908  5910 D dalvikvm: GC_CONCURRENT freed 326K, 4% free 9842K/10247K, paused 6ms+4ms
07-19 06:47:03.888  5908  5910 D dalvikvm: GC_CONCURRENT freed 274K, 4% free 9965K/10375K, paused 2ms+6ms
07-19 06:47:04.220  5928  5930 D dalvikvm: GC_CONCURRENT freed 237K, 4% free 9369K/9735K, paused 2ms+29ms
07-19 06:47:05.509  5908  5910 D dalvikvm: GC_CONCURRENT freed 524K, 6% free 9896K/10503K, paused 3ms+9ms
07-19 06:47:05.688   144   378 I ActivityManager: Process android.process.acore (pid 5928) has died.
07-19 06:47:05.821   144   317 I ActivityManager: Start proc android.process.acore for content provider com.android.providers.contacts/.ContactsProvider2: pid=5952 uid=10000 gids={3003, 1015}
07-19 06:47:05.845  5952  5952 I ActivityThread: Pub call_log: com.android.providers.contacts.CallLogProvider
07-19 06:47:05.853  5952  5952 I ActivityThread: Pub com.android.voicemail: com.android.providers.contacts.VoicemailContentProvider
07-19 06:47:05.853  5952  5952 I ActivityThread: Pub user_dictionary: com.android.providers.userdictionary.UserDictionaryProvider
07-19 06:47:05.856  5952  5952 I ActivityThread: Pub com.android.social: com.android.providers.contacts.SocialProvider
07-19 06:47:05.860  5952  5952 I ActivityThread: Pub applications: com.android.providers.applications.ApplicationsProvider
07-19 06:47:05.923  5952  5952 I ActivityThread: Pub contacts;com.android.contacts: com.android.providers.contacts.ContactsProvider2
07-19 06:47:05.946  5952  5954 D dalvikvm: GC_CONCURRENT freed 340K, 5% free 9191K/9607K, paused 2ms+4ms
07-19 06:47:06.122  5952  5954 D dalvikvm: GC_CONCURRENT freed 223K, 4% free 9380K/9735K, paused 3ms+2ms
07-19 06:47:07.032  5952  5954 D dalvikvm: GC_CONCURRENT freed 252K, 4% free 9556K/9927K, paused 2ms+2ms
07-19 06:47:08.661  5970  5970 D dalvikvm: Late-enabling CheckJNI
07-19 06:47:08.681   144   161 I ActivityManager: Start proc com.xabber.androiddev for service com.xabber.androiddev/com.xabber.android.service.XMPPService: pid=5970 uid=10063 gids={3003, 1015}
07-19 06:47:08.778  5970  5970 I dalvikvm: Turning on JNI app bug workarounds for target SDK version 9...
07-19 06:47:09.462  5970  5972 D dalvikvm: GC_CONCURRENT freed 211K, 3% free 9320K/9607K, paused 107ms+4ms
07-19 06:47:09.567  5970  5970 D dalvikvm: GC_FOR_ALLOC freed 311K, 5% free 9457K/9927K, paused 66ms
07-19 06:47:09.638  5970  5972 D dalvikvm: GC_CONCURRENT freed 107K, 3% free 9642K/9927K, paused 2ms+2ms
07-19 06:47:10.083  5970  5972 D dalvikvm: GC_CONCURRENT freed 261K, 4% free 9910K/10247K, paused 10ms+5ms
07-19 06:47:10.145   144   310 I ActivityManager: Process android.process.acore (pid 5952) has died.
07-19 06:47:10.415  5970  5972 D dalvikvm: GC_CONCURRENT freed 348K, 5% free 10077K/10503K, paused 23ms+2ms
07-19 06:47:10.544  5970  5970 I com.xabber.android.service.XMPPService@41441310: onCreate
07-19 06:47:10.548  5970  5970 I com.xabber.android.data.Application@41352eb0: onStart
07-19 06:47:10.563  5970  5984 I com.xabber.android.data.LogManager@41364038: onLoad
07-19 06:47:10.829  5970  5972 D dalvikvm: GC_CONCURRENT freed 178K, 4% free 10348K/10695K, paused 4ms+3ms
07-19 06:47:10.892   144   144 I ActivityManager: Start proc android.process.acore for content provider com.android.providers.contacts/.ContactsProvider2: pid=5986 uid=10000 gids={3003, 1015}
07-19 06:47:10.923  5986  5986 I ActivityThread: Pub call_log: com.android.providers.contacts.CallLogProvider
07-19 06:47:10.927  5986  5986 I ActivityThread: Pub com.android.voicemail: com.android.providers.contacts.VoicemailContentProvider
07-19 06:47:10.931  5986  5986 I ActivityThread: Pub user_dictionary: com.android.providers.userdictionary.UserDictionaryProvider
07-19 06:47:10.935  5986  5986 I ActivityThread: Pub com.android.social: com.android.providers.contacts.SocialProvider
07-19 06:47:10.935  5986  5986 I ActivityThread: Pub applications: com.android.providers.applications.ApplicationsProvider
07-19 06:47:11.020  5986  5988 D dalvikvm: GC_CONCURRENT freed 332K, 5% free 9147K/9607K, paused 2ms+6ms
07-19 06:47:11.020  5986  5986 I ActivityThread: Pub contacts;com.android.contacts: com.android.providers.contacts.ContactsProvider2
07-19 06:47:11.259  5986  5988 D dalvikvm: GC_CONCURRENT freed 203K, 4% free 9348K/9671K, paused 2ms+2ms
07-19 06:47:11.317   144   155 I ActivityManager: Process com.whatsapp (pid 5908) has died.
07-19 06:47:11.317   144   155 W ActivityManager: Scheduling restart of crashed service com.whatsapp/.messaging.MessageService in 5000ms
07-19 06:47:12.458  5986  5988 D dalvikvm: GC_CONCURRENT freed 195K, 4% free 9597K/9927K, paused 6ms+10ms
07-19 06:47:16.458   144   161 I ActivityManager: Start proc com.whatsapp for service com.whatsapp/.messaging.MessageService: pid=6002 uid=10068 gids={1015, 3003}
07-19 06:47:16.622  6002  6002 I dalvikvm: Turning on JNI app bug workarounds for target SDK version 7...
07-19 06:47:17.239  6002  6003 D dalvikvm: GC_CONCURRENT freed 174K, 3% free 9357K/9607K, paused 40ms+2ms
07-19 06:47:17.431  5970  5972 D dalvikvm: GC_CONCURRENT freed 296K, 4% free 10460K/10887K, paused 12ms+4ms
07-19 06:47:17.599   144   390 I ActivityManager: Process android.process.acore (pid 5986) has died.
07-19 06:47:17.962  6002  6003 D dalvikvm: GC_CONCURRENT freed 299K, 4% free 9622K/9991K, paused 6ms+3ms
07-19 06:47:18.306   144   144 I ActivityManager: Start proc android.process.acore for content provider com.android.providers.contacts/.ContactsProvider2: pid=6026 uid=10000 gids={3003, 1015}
07-19 06:47:18.450  6026  6026 I ActivityThread: Pub call_log: com.android.providers.contacts.CallLogProvider
07-19 06:47:18.497  6026  6026 I ActivityThread: Pub com.android.voicemail: com.android.providers.contacts.VoicemailContentProvider
07-19 06:47:18.501  6026  6026 I ActivityThread: Pub user_dictionary: com.android.providers.userdictionary.UserDictionaryProvider
07-19 06:47:18.536  6026  6026 I ActivityThread: Pub com.android.social: com.android.providers.contacts.SocialProvider
07-19 06:47:18.540  6026  6026 I ActivityThread: Pub applications: com.android.providers.applications.ApplicationsProvider
07-19 06:47:18.567  6002  6002 I dalvikvm: Could not find method android.media.MediaMetadataRetriever.captureFrame, referenced from method com.whatsapp.q3.a
07-19 06:47:18.567  6002  6002 W dalvikvm: VFY: unable to resolve virtual method 502: Landroid/media/MediaMetadataRetriever;.captureFrame ()Landroid/graphics/Bitmap;
07-19 06:47:18.567  6002  6002 D dalvikvm: VFY: replacing opcode 0x6e at 0x0134
07-19 06:47:18.810  6026  6026 I ActivityThread: Pub contacts;com.android.contacts: com.android.providers.contacts.ContactsProvider2
07-19 06:47:18.833  6026  6028 D dalvikvm: GC_CONCURRENT freed 355K, 5% free 9177K/9607K, paused 6ms+2ms
07-19 06:47:18.907  6002  6003 D dalvikvm: GC_CONCURRENT freed 329K, 4% free 9839K/10247K, paused 5ms+3ms
07-19 06:47:19.142  6002  6003 D dalvikvm: GC_CONCURRENT freed 294K, 4% free 9978K/10375K, paused 2ms+10ms
07-19 06:47:19.267   144 14192 I ActivityManager: Process com.xabber.androiddev (pid 5970) has died.
07-19 06:47:19.267   144 14192 W ActivityManager: Scheduling restart of crashed service com.xabber.androiddev/com.xabber.android.service.XMPPService in 25127ms
07-19 06:47:19.360  6026  6028 D dalvikvm: GC_CONCURRENT freed 228K, 4% free 9375K/9735K, paused 2ms+2ms
07-19 06:47:20.395  6002  6003 D dalvikvm: GC_CONCURRENT freed 490K, 6% free 9881K/10503K, paused 14ms+2ms
07-19 06:47:21.145   144   342 I ActivityManager: Process android.process.acore (pid 6026) has died.
07-19 06:47:28.384  3714  3727 I PhoneLab-: Service Running
07-19 06:47:28.513  3714  3727 I PhoneLab-LoggerService: app_37    1395  1     1432   980   c00f181c 400107b4 S logcat
07-19 06:47:28.517  3714  3727 I PhoneLab-LoggerService: Logcat pid from database 1395
07-19 06:47:28.517  3714  3727 I PhoneLab-LoggerService: Logcat process found 1395
07-19 06:47:28.517  3714  3727 I PhoneLab-LoggerService: Checking Threshold
07-19 06:47:28.517  3714  3727 I PhoneLab-LoggerService: Starting to rename files
07-19 06:47:28.520  3714  3727 I PhoneLab-LoggerService: Files found .. 3
07-19 06:47:29.267   359   359 D dalvikvm: GC_EXPLICIT freed <1K, 6% free 9096K/9607K, paused 21ms+3ms
07-19 06:47:34.224  3217  3217 W ThumbnailCache: Low Memory: Freed 0 textures from compression queue, 0 from write queue, 0 from the pinned list, 0 from the cache.
07-19 06:47:34.306  3217  3217 D dalvikvm: GC_EXPLICIT freed 41K, 29% free 10812K/15111K, paused 31ms+4ms
07-19 06:47:39.274  3452  3452 D dalvikvm: GC_EXPLICIT freed <1K, 4% free 9238K/9543K, paused 31ms+3ms
07-19 06:47:44.442   144   160 D dalvikvm: GC_EXPLICIT freed 894K, 23% free 18669K/24199K, paused 51ms+14ms
07-19 06:47:44.446  6054  6054 D dalvikvm: Late-enabling CheckJNI
07-19 06:47:44.450   144   161 I ActivityManager: Start proc com.xabber.androiddev for service com.xabber.androiddev/com.xabber.android.service.XMPPService: pid=6054 uid=10063 gids={3003, 1015}
07-19 06:47:44.458  6054  6054 I dalvikvm: Turning on JNI app bug workarounds for target SDK version 9...
07-19 06:47:44.599  6054  6056 D dalvikvm: GC_CONCURRENT freed 191K, 3% free 9340K/9607K, paused 3ms+2ms
07-19 06:47:44.649  6054  6054 D dalvikvm: GC_FOR_ALLOC freed 344K, 5% free 9457K/9927K, paused 14ms
07-19 06:47:44.755  6054  6056 D dalvikvm: GC_CONCURRENT freed 190K, 3% free 9789K/10055K, paused 2ms+4ms
07-19 06:47:44.970  6054  6056 D dalvikvm: GC_CONCURRENT freed 287K, 4% free 10061K/10439K, paused 2ms+2ms
07-19 06:47:45.263  6054  6054 I com.xabber.android.service.XMPPService@4140a528: onCreate
07-19 06:47:45.267  6054  6054 I com.xabber.android.data.Application@41356548: onStart
07-19 06:47:45.286  6054  6068 I com.xabber.android.data.LogManager@41359210: onLoad
07-19 06:47:45.415  6054  6056 D dalvikvm: GC_CONCURRENT freed 301K, 5% free 10191K/10631K, paused 6ms+4ms
07-19 06:47:45.556   144   342 I ActivityManager: Start proc android.process.acore for content provider com.android.providers.contacts/.ContactsProvider2: pid=6070 uid=10000 gids={3003, 1015}
07-19 06:47:45.591  6070  6070 I ActivityThread: Pub call_log: com.android.providers.contacts.CallLogProvider
07-19 06:47:45.610  6070  6070 I ActivityThread: Pub com.android.voicemail: com.android.providers.contacts.VoicemailContentProvider
07-19 06:47:45.614  6070  6070 I ActivityThread: Pub user_dictionary: com.android.providers.userdictionary.UserDictionaryProvider
07-19 06:47:45.649  6070  6070 I ActivityThread: Pub com.android.social: com.android.providers.contacts.SocialProvider
07-19 06:47:45.649  6070  6070 I ActivityThread: Pub applications: com.android.providers.applications.ApplicationsProvider
07-19 06:47:45.763   144   144 I ActivityManager: Process com.whatsapp (pid 6002) has died.
07-19 06:47:45.763   144   144 W ActivityManager: Scheduling restart of crashed service com.whatsapp/.messaging.MessageService in 5000ms
07-19 06:47:45.806  6070  6070 I ActivityThread: Pub contacts;com.android.contacts: com.android.providers.contacts.ContactsProvider2
07-19 06:47:45.810  6070  6072 D dalvikvm: GC_CONCURRENT freed 346K, 5% free 9151K/9607K, paused 3ms+1ms
07-19 06:47:46.177  6070  6072 D dalvikvm: GC_CONCURRENT freed 232K, 4% free 9369K/9735K, paused 2ms+2ms
07-19 06:47:46.899  6070  6072 D dalvikvm: GC_CONCURRENT freed 254K, 4% free 9546K/9927K, paused 2ms+2ms
07-19 06:47:48.173  6054  6056 D dalvikvm: GC_CONCURRENT freed 210K, 4% free 10410K/10759K, paused 2ms+3ms
07-19 06:47:49.173   144  1168 D dalvikvm: GC_EXPLICIT freed 155K, 24% free 18631K/24199K, paused 20ms+8ms
07-19 06:47:50.532  6054  6056 D dalvikvm: GC_CONCURRENT freed 270K, 4% free 10542K/10951K, paused 2ms+2ms
07-19 06:47:50.782   144   161 I ActivityManager: Start proc com.whatsapp for service com.whatsapp/.messaging.MessageService: pid=6092 uid=10068 gids={1015, 3003}
07-19 06:47:50.825    79    79 D dalvikvm: GC_EXPLICIT freed 37K, 4% free 9027K/9347K, paused 1ms+5ms
07-19 06:47:50.829  6092  6092 I dalvikvm: Turning on JNI app bug workarounds for target SDK version 7...
07-19 06:47:50.872    79    79 D dalvikvm: GC_EXPLICIT freed <1K, 4% free 9027K/9347K, paused 4ms+4ms
07-19 06:47:50.907    79    79 D dalvikvm: GC_EXPLICIT freed <1K, 4% free 9027K/9347K, paused 1ms+5ms
07-19 06:47:51.017  6092  6094 D dalvikvm: GC_CONCURRENT freed 166K, 3% free 9321K/9607K, paused 12ms+2ms
07-19 06:47:51.298   144   342 I ActivityManager: Process android.process.acore (pid 6070) has died.
07-19 06:47:51.583  6092  6094 D dalvikvm: GC_CONCURRENT freed 296K, 4% free 9553K/9927K, paused 2ms+3ms
07-19 06:47:51.653  6054  6056 D dalvikvm: GC_CONCURRENT freed 335K, 5% free 10615K/11079K, paused 33ms+3ms
07-19 06:47:51.927   144 13425 I ActivityManager: Start proc android.process.acore for content provider com.android.providers.contacts/.ContactsProvider2: pid=6111 uid=10000 gids={3003, 1015}
07-19 06:47:52.079  6111  6111 I ActivityThread: Pub call_log: com.android.providers.contacts.CallLogProvider
07-19 06:47:52.399  6111  6111 I ActivityThread: Pub com.android.voicemail: com.android.providers.contacts.VoicemailContentProvider
07-19 06:47:52.403  6111  6111 I ActivityThread: Pub user_dictionary: com.android.providers.userdictionary.UserDictionaryProvider
07-19 06:47:52.419  6111  6111 I ActivityThread: Pub com.android.social: com.android.providers.contacts.SocialProvider
07-19 06:47:52.419  6111  6111 I ActivityThread: Pub applications: com.android.providers.applications.ApplicationsProvider
07-19 06:47:52.958  6111  6111 I ActivityThread: Pub contacts;com.android.contacts: com.android.providers.contacts.ContactsProvider2
07-19 06:47:53.290  6111  6114 D dalvikvm: GC_CONCURRENT freed 347K, 5% free 9185K/9607K, paused 26ms+117ms
07-19 06:47:53.517   346   346 D SAN_SERVICE: *******************************************
07-19 06:47:53.517   346   346 D SAN_SERVICE: DM App Phone Service State - 0
07-19 06:47:53.517   346   346 D SAN_SERVICE: *******************************************
07-19 06:47:54.708  6111  6114 D dalvikvm: GC_CONCURRENT freed 120K, 3% free 9476K/9735K, paused 2ms+3ms
07-19 06:47:54.790  6092  6092 I dalvikvm: Could not find method android.media.MediaMetadataRetriever.captureFrame, referenced from method com.whatsapp.q3.a
07-19 06:47:54.798  6092  6092 W dalvikvm: VFY: unable to resolve virtual method 502: Landroid/media/MediaMetadataRetriever;.captureFrame ()Landroid/graphics/Bitmap;
07-19 06:47:54.798  6092  6092 D dalvikvm: VFY: replacing opcode 0x6e at 0x0134
07-19 06:47:55.083  6092  6094 D dalvikvm: GC_CONCURRENT freed 253K, 4% free 9808K/10183K, paused 15ms+4ms
07-19 06:47:55.274  6092  6094 D dalvikvm: GC_CONCURRENT freed 355K, 5% free 9970K/10439K, paused 4ms+3ms
07-19 06:47:57.669   144 13425 I ActivityManager: Start proc com.google.android.apps.maps:LocationFriendService for service com.google.android.apps.maps/com.google.googlenav.friend.reporting.LocationReceiverService: pid=6141 uid=10056 gids={3003, 1015}
07-19 06:47:57.767   144 14192 I ActivityManager: Process com.xabber.androiddev (pid 6054) has died.
07-19 06:47:57.767   144 14192 W ActivityManager: Scheduling restart of crashed service com.xabber.androiddev/com.xabber.android.service.XMPPService in 100508ms
07-19 06:47:57.954   144 15767 I ActivityManager: Process com.google.android.apps.googlevoice (pid 5762) has died.
07-19 06:47:57.958   144 15767 W ActivityManager: Scheduling restart of crashed service com.google.android.apps.googlevoice/.ShadowNumberRefreshService in 5000ms
07-19 06:47:57.962   144 15767 W ActivityManager: Scheduling restart of crashed service com.google.android.apps.googlevoice/.CallLogService in 386160ms
07-19 06:47:57.962   144 15767 W ActivityManager: Scheduling restart of crashed service com.google.android.apps.googlevoice/.UpdateService in 14993ms
07-19 06:47:58.294  6141  6144 D dalvikvm: GC_CONCURRENT freed 156K, 3% free 9376K/9607K, paused 49ms+3ms
07-19 06:47:59.095   144   174 I ActivityManager: Start proc com.google.android.youtube for service com.google.android.youtube/.app.prefetch.PrefetchService: pid=6158 uid=10057 gids={3003, 1015, 1006}
07-19 06:47:59.270  6141  6144 D dalvikvm: GC_CONCURRENT freed 180K, 4% free 9629K/9927K, paused 33ms+9ms
07-19 06:47:59.313  6092  6094 D dalvikvm: GC_CONCURRENT freed 302K, 5% free 10134K/10567K, paused 56ms+6ms
07-19 06:47:59.442  6158  6159 D dalvikvm: GC_CONCURRENT freed 148K, 3% free 9356K/9607K, paused 2ms+2ms
07-19 06:47:59.735  6158  6158 I ActivityThread: Pub com.google.android.youtube.SuggestionProvider: com.google.android.youtube.core.suggest.SuggestionProvider
07-19 06:47:59.946   144   155 I ActivityManager: Process android.process.acore (pid 6111) has died.
07-19 06:48:00.817   144   342 I ActivityManager: Process com.google.android.apps.maps:NetworkLocationService (pid 2833) has died.
07-19 06:48:00.817   144   342 W ActivityManager: Scheduling restart of crashed service com.google.android.apps.maps/com.google.android.location.internal.server.NetworkLocationService in 22139ms
07-19 06:48:00.860  6141  6144 D dalvikvm: GC_CONCURRENT freed 237K, 4% free 9832K/10183K, paused 2ms+3ms
07-19 06:48:00.903  6158  6159 D dalvikvm: GC_CONCURRENT freed 329K, 5% free 9492K/9927K, paused 8ms+3ms
07-19 06:48:00.903  6158  6167 W CursorWrapperInner: Cursor finalized without prior close()
07-19 06:48:00.903  6158  6167 W CursorWrapperInner: Cursor finalized without prior close()
07-19 06:48:01.153  6158  6159 D dalvikvm: GC_CONCURRENT freed 287K, 4% free 9756K/10119K, paused 2ms+9ms
07-19 06:48:01.263  6158  6159 D dalvikvm: GC_CONCURRENT freed 390K, 5% free 9910K/10375K, paused 2ms+3ms
07-19 06:48:01.364  6158  6159 D dalvikvm: GC_CONCURRENT freed 287K, 4% free 10140K/10503K, paused 1ms+2ms
07-19 06:48:01.411  6141  6148 I dalvikvm: Total arena pages for JIT: 11
07-19 06:48:01.411  6141  6148 I dalvikvm: Total arena pages for JIT: 12
07-19 06:48:01.431  6141  6148 I dalvikvm: Total arena pages for JIT: 13
07-19 06:48:01.431  6141  6148 I dalvikvm: Total arena pages for JIT: 14
07-19 06:48:01.431  6141  6148 I dalvikvm: Total arena pages for JIT: 15
07-19 06:48:01.431  6141  6148 I dalvikvm: Total arena pages for JIT: 16
07-19 06:48:01.431  6141  6148 I dalvikvm: Total arena pages for JIT: 17
07-19 06:48:01.474  6158  6159 D dalvikvm: GC_CONCURRENT freed 382K, 5% free 10302K/10759K, paused 2ms+3ms
07-19 06:48:01.622  6158  6159 D dalvikvm: GC_CONCURRENT freed 503K, 6% free 10299K/10887K, paused 1ms+3ms
07-19 06:48:01.938  6141  6144 D dalvikvm: GC_CONCURRENT freed 343K, 5% free 9975K/10439K, paused 14ms+3ms
07-19 06:48:01.970   144   156 I ActivityManager: Process com.google.process.gapps (pid 31712) has died.
07-19 06:48:01.974   144   156 W ActivityManager: Scheduling restart of crashed service com.google.android.location/.internal.server.NetworkLocationService in 30985ms
07-19 06:48:01.974   144   156 W ActivityManager: Scheduling restart of crashed service com.google.android.gsf/.gtalkservice.service.GTalkService in 40983ms
07-19 06:48:01.974   144   156 W ActivityManager: Scheduling restart of crashed service com.google.android.location/.NetworkLocationService in 50983ms
07-19 06:48:01.974   144   156 I ActivityManager: Kill com.google.android.youtube (pid 6158): provider com.google.android.gsf.gservices.GservicesProvider in dying process com.google.process.gapps
07-19 06:48:02.052   144  6618 I ActivityManager: Process com.google.android.youtube (pid 6158) has died.
07-19 06:48:02.056   144  6618 W ActivityManager: Scheduling restart of crashed service com.google.android.youtube/.app.prefetch.PrefetchService in 60902ms
07-19 06:48:02.981   144   161 I ActivityManager: Start proc com.google.android.apps.googlevoice for service com.google.android.apps.googlevoice/.ShadowNumberRefreshService: pid=6214 uid=10054 gids={3003, 1015}
07-19 06:48:02.985   346   346 D SAN_SERVICE: *******************************************
07-19 06:48:02.985   346   346 D SAN_SERVICE: DM App Phone Service State - 0
07-19 06:48:02.985   346   346 D SAN_SERVICE: *******************************************
07-19 06:48:03.626  6214  6216 D dalvikvm: GC_CONCURRENT freed 272K, 4% free 9259K/9607K, paused 12ms+2ms
07-19 06:48:03.661   346   346 D SAN_SERVICE: *******************************************
07-19 06:48:03.665   346   346 D SAN_SERVICE: DM App Phone Service State - 0
07-19 06:48:03.665   346   346 D SAN_SERVICE: *******************************************
07-19 06:48:03.692   144   156 I ActivityManager: Start proc android.process.acore for content provider com.android.providers.contacts/.VoicemailContentProvider: pid=6229 uid=10000 gids={3003, 1015}
07-19 06:48:03.739  6229  6229 I ActivityThread: Pub call_log: com.android.providers.contacts.CallLogProvider
07-19 06:48:03.774  6229  6229 I ActivityThread: Pub com.android.voicemail: com.android.providers.contacts.VoicemailContentProvider
07-19 06:48:03.778  6229  6229 I ActivityThread: Pub user_dictionary: com.android.providers.userdictionary.UserDictionaryProvider
07-19 06:48:03.794  6229  6229 I ActivityThread: Pub com.android.social: com.android.providers.contacts.SocialProvider
07-19 06:48:03.794  6229  6229 I ActivityThread: Pub applications: com.android.providers.applications.ApplicationsProvider
07-19 06:48:03.950  6229  6229 I ActivityThread: Pub contacts;com.android.contacts: com.android.providers.contacts.ContactsProvider2
07-19 06:48:03.989  6229  6231 D dalvikvm: GC_CONCURRENT freed 346K, 5% free 9185K/9607K, paused 5ms+3ms
07-19 06:48:04.278   144  6618 I ActivityManager: Start proc com.google.process.gapps for content provider com.google.android.gsf/.settings.GoogleSettingsProvider: pid=6245 uid=10009 gids={3003, 1015, 1007, 2001, 3006}
07-19 06:48:04.403  6229  6231 D dalvikvm: GC_CONCURRENT freed 233K, 4% free 9371K/9735K, paused 2ms+3ms
07-19 06:48:04.431  6245  6245 I ActivityThread: Pub com.google.settings: com.google.android.gsf.settings.GoogleSettingsProvider
07-19 06:48:04.583  6245  6245 I ActivityThread: Pub subscribedfeeds: com.google.android.gsf.subscribedfeeds.SubscribedFeedsProvider
07-19 06:48:04.669  6245  6245 I ActivityThread: Pub com.google.contacts.gal.provider: com.google.android.syncadapters.contacts.GalProvider
07-19 06:48:04.782  6245  6245 I ActivityThread: Pub com.google.android.gsf.gservices: com.google.android.gsf.gservices.GservicesProvider
07-19 06:48:04.782  6245  6245 I GservicesProvider: Gservices pushing to system: true; secure: true
07-19 06:48:04.786  6245  6245 I ActivityThread: Pub com.google.android.providers.talk: com.google.android.gsf.talk.TalkProvider
07-19 06:48:04.935  6214  6262 W System.err: com.google.android.apps.googlevoice.net.VoiceServiceException: Voice service failed [INVALID_AUTH_TOKEN]
07-19 06:48:04.950  6245  6248 D dalvikvm: GC_CONCURRENT freed 358K, 5% free 9173K/9607K, paused 71ms+2ms
07-19 06:48:04.970   144   342 D SyncManager: setSyncAutomatically: , provider subscribedfeeds -> true
07-19 06:48:04.970   144   342 D SyncManager: setSyncAutomatically: already set to true, doing nothing
07-19 06:48:04.978  6214  6262 W System.err: 	at com.google.android.apps.googlevoice.net.masf.MASFVoiceService.checkCredentials(MASFVoiceService.java:107)
07-19 06:48:04.978  6214  6262 W System.err: 	at com.google.android.apps.googlevoice.net.masf.MASFVoiceService.getAuthToken(MASFVoiceService.java:95)
07-19 06:48:04.978  6214  6262 W System.err: 	at com.google.android.apps.googlevoice.net.masf.MASFGetBackendInfoRpc.createRequestPayload(MASFGetBackendInfoRpc.java:34)
07-19 06:48:04.978  6214  6262 W System.err: 	at com.google.android.apps.googlevoice.net.masf.MASFApiRpc.requestSubmit(MASFApiRpc.java:160)
07-19 06:48:04.978  6214  6262 W System.err: 	at com.google.android.apps.googlevoice.net.masf.MASFApiRpc.run(MASFApiRpc.java:141)
07-19 06:48:04.978  6214  6262 W System.err: 	at com.googlex.common.task.AbstractTask.run(Unknown Source)
07-19 06:48:04.978  6214  6262 W System.err: 	at com.googlex.common.task.AbstractTask.runInternal(Unknown Source)
07-19 06:48:04.978  6214  6262 W System.err: 	at com.googlex.common.task.TaskRunner.run(Unknown Source)
07-19 06:48:04.978  6214  6262 W System.err: 	at com.googlex.common.lang.BaseThreadFactory$ThreadImpl.run(Unknown Source)
07-19 06:48:05.114  6214  6262 E GoogleVoice: ShadowNumberRefreshService: Failed to get backend info!
07-19 06:48:05.114  6214  6262 E GoogleVoice: com.google.android.apps.googlevoice.net.VoiceServiceException: Voice service failed [INVALID_AUTH_TOKEN]
07-19 06:48:05.114  6214  6262 E GoogleVoice: 	at com.google.android.apps.googlevoice.net.masf.MASFVoiceService.checkCredentials(MASFVoiceService.java:107)
07-19 06:48:05.114  6214  6262 E GoogleVoice: 	at com.google.android.apps.googlevoice.net.masf.MASFVoiceService.getAuthToken(MASFVoiceService.java:95)
07-19 06:48:05.114  6214  6262 E GoogleVoice: 	at com.google.android.apps.googlevoice.net.masf.MASFGetBackendInfoRpc.createRequestPayload(MASFGetBackendInfoRpc.java:34)
07-19 06:48:05.114  6214  6262 E GoogleVoice: 	at com.google.android.apps.googlevoice.net.masf.MASFApiRpc.requestSubmit(MASFApiRpc.java:160)
07-19 06:48:05.114  6214  6262 E GoogleVoice: 	at com.google.android.apps.googlevoice.net.masf.MASFApiRpc.run(MASFApiRpc.java:141)
07-19 06:48:05.114  6214  6262 E GoogleVoice: 	at com.googlex.common.task.AbstractTask.run(Unknown Source)
07-19 06:48:05.114  6214  6262 E GoogleVoice: 	at com.googlex.common.task.AbstractTask.runInternal(Unknown Source)
07-19 06:48:05.114  6214  6262 E GoogleVoice: 	at com.googlex.common.task.TaskRunner.run(Unknown Source)
07-19 06:48:05.114  6214  6262 E GoogleVoice: 	at com.googlex.common.lang.BaseThreadFactory$ThreadImpl.run(Unknown Source)
07-19 06:48:05.278  6229  6231 D dalvikvm: GC_CONCURRENT freed 183K, 4% free 9605K/9927K, paused 2ms+5ms
07-19 06:48:07.399  3714  3714 I PhoneLab-Locks: wake lock acquired
07-19 06:48:07.474  3714  6269 I PhoneLab-PeriodicCheckService: User info is synched
07-19 06:48:07.485  3714  6269 I PhoneLab-PeriodicCheckService: Logger Service is running
07-19 06:48:07.489  3714  3714 I PhoneLab-Locks: wake lock acquired
07-19 06:48:07.497  3714  3714 I PhoneLab-StatusMonitor: Status Monitoring is started
07-19 06:48:07.497  3714  6269 I PhoneLab-Locks: wake lock acquired
07-19 06:48:07.567  3714  6269 I PhoneLab-PeriodicCheckService: Rescheduling periodic checking...
07-19 06:48:07.575  3714  6269 I PhoneLab-Locks: wake lock released
07-19 06:48:07.638  3714  3714 E PhoneLab-PhoneLabManifest: java.io.FileNotFoundException: /data/data/edu.buffalo.cse.phonelab.phonelabservices/files/manifest.xml: open failed: ENOENT (No such file or directory)
07-19 06:48:07.712  3714  3714 I PhoneLab-Locks: wake lock released
07-19 06:48:07.720  3714  3714 I PhoneLab-UploadLogs: Transfering log files now
07-19 06:48:07.974  3714  3716 D dalvikvm: GC_CONCURRENT freed 430K, 6% free 9164K/9671K, paused 5ms+3ms
07-19 06:48:08.028  3714  3714 D dalvikvm: GC_FOR_ALLOC freed 254K, 6% free 9186K/9735K, paused 16ms
07-19 06:48:08.028  3714  3714 I dalvikvm-heap: Grow heap (frag case) to 9.163MB for 123476-byte allocation
07-19 06:48:08.044  3714  3714 D dalvikvm: GC_FOR_ALLOC freed 56K, 7% free 9250K/9863K, paused 15ms
07-19 06:48:08.048  3714  3714 I dalvikvm-heap: Grow heap (frag case) to 9.350MB for 254548-byte allocation
07-19 06:48:08.067  3714  3714 D dalvikvm: GC_FOR_ALLOC freed 120K, 8% free 9378K/10119K, paused 14ms
07-19 06:48:08.067  3714  3714 I dalvikvm-heap: Grow heap (frag case) to 9.725MB for 516692-byte allocation
07-19 06:48:08.095  3714  3716 D dalvikvm: GC_CONCURRENT freed 248K, 10% free 9633K/10631K, paused 2ms+3ms
07-19 06:48:08.110  3714  3714 I PhoneLab-UploadLogs: OnStartCommand
07-19 06:48:08.579  3714  6271 D dalvikvm: GC_FOR_ALLOC freed 385K, 10% free 9618K/10631K, paused 33ms
