07-22 18:07:51.648    79    79 D dalvikvm: GC_EXPLICIT freed <1K, 4% free 9031K/9347K, paused 1ms+3ms
07-22 18:07:51.672    79    79 D dalvikvm: GC_EXPLICIT freed <1K, 4% free 9031K/9347K, paused 1ms+2ms
07-22 18:07:51.699 27878 27878 I GTalkService/c: [AndroidEndpoint@1093840568] connect: acct=1000000, state=CONNECTING
07-22 18:07:51.707 27878 27878 I GTalkService/c: [GTalkConnection@1094538112] connect: acct=1, state=CONNECTING
07-22 18:07:51.715   144  1185 I ActivityManager: Process com.google.android.apps.uploader (pid 28397) has died.
07-22 18:07:51.718 29076 29076 I ActivityThread: Pub drm: com.android.providers.drm.DrmProvider
07-22 18:07:51.718 29076 29089 I DownloadManager: in removeSpuriousFiles
07-22 18:07:51.730 29076 29076 I ActivityThread: Pub media: com.android.providers.media.MediaProvider
07-22 18:07:51.800 29076 29089 I DownloadManager: in removeSpuriousFiles, preserving file /data/data/com.android.providers.downloads/cache/metadata.json
07-22 18:07:51.800 29076 29089 I DownloadManager: in removeSpuriousFiles, preserving file /data/data/com.android.providers.downloads/cache/en_general.htm
07-22 18:07:51.800 29076 29089 I DownloadManager: in removeSpuriousFiles, preserving file /mnt/sdcard/Download/img-thing.jpeg
07-22 18:07:51.800 29076 29089 I DownloadManager: in removeSpuriousFiles, preserving file /data/data/com.android.providers.downloads/cache/metadata-1.json
07-22 18:07:51.800 29076 29089 I DownloadManager: in removeSpuriousFiles, preserving file /data/data/com.android.providers.downloads/cache/downloadfile.jpeg
07-22 18:07:51.800 29076 29089 I DownloadManager: in removeSpuriousFiles, preserving file /data/data/com.android.providers.downloads/cache/metadata-2.json
07-22 18:07:51.804 29076 29089 I DownloadManager: in removeSpuriousFiles, preserving file /data/data/com.android.providers.downloads/cache/metadata-3.json
07-22 18:07:51.804 29076 29089 I DownloadManager: in removeSpuriousFiles, preserving file /data/data/com.android.providers.downloads/cache/downloadfile-1.jpeg
07-22 18:07:51.804 29076 29089 I DownloadManager: in removeSpuriousFiles, preserving file /data/data/com.android.providers.downloads/cache/downloadfile-2.jpeg
07-22 18:07:51.804 29076 29089 I DownloadManager: in removeSpuriousFiles, preserving file /data/data/com.android.providers.downloads/cache/metadata-4.json
07-22 18:07:51.804 29076 29089 I DownloadManager: in removeSpuriousFiles, preserving file /data/data/com.android.providers.downloads/cache/metadata-5.json
07-22 18:07:51.804 29076 29089 I DownloadManager: in removeSpuriousFiles, preserving file /data/data/com.android.providers.downloads/cache/metadata-6.json
07-22 18:07:51.808 29076 29089 I DownloadManager: in removeSpuriousFiles, preserving file /data/data/com.android.providers.downloads/cache/metadata-7.json
07-22 18:07:51.808 29076 29089 I DownloadManager: deleting spurious file /cache/backup
07-22 18:07:52.211 29076 29078 D dalvikvm: GC_CONCURRENT freed 328K, 5% free 9200K/9607K, paused 3ms+16ms
07-22 18:07:52.332   144   374 I ActivityManager: Start proc com.google.android.apps.uploader for broadcast com.google.android.apps.uploader/.ConnectivityBroadcastReceiver: pid=29094 uid=10030 gids={3003}
07-22 18:07:52.340 29094 29094 I dalvikvm: Turning on JNI app bug workarounds for target SDK version 11...
07-22 18:07:52.359   144 28547 I ActivityManager: Process com.google.android.apps.gesturesearch (pid 28849) has died.
07-22 18:07:52.390 29094 29094 I ActivityThread: Pub com.google.android.apps.uploader: com.google.android.apps.uploader.UploadsContentProvider
07-22 18:07:52.394 29094 29094 I ActivityThread: Pub com.google.photos.provider.Album: com.google.android.apps.uploader.clients.picasa.AlbumProvider
07-22 18:07:52.398 29094 29094 D MediaUploader: UploaderApplication.onCreate
07-22 18:07:52.433 29094 29094 D MediaUploader: nonWifiLimit=20971520, default=20971520
07-22 18:07:52.437 29094 29094 I MediaUploader: No need to wake up
07-22 18:07:52.476 28891 28911 D PicasaSyncManager: active network: NetworkInfo: type: WIFI[], state: CONNECTED/CONNECTED, reason: (unspecified), extra: (none), roaming: false, failover: false, isAvailable: true
07-22 18:07:52.484 28891 28911 D PicasaSyncManager: background data: true
07-22 18:07:52.488   144   359 I ActivityManager: Process com.google.android.youtube (pid 28912) has died.
07-22 18:07:52.511   144   335 I ActivityManager: Start proc com.google.android.youtube for broadcast com.google.android.youtube/.app.prefetch.PrefetchService$DeviceStateReceiver: pid=29112 uid=10057 gids={3003, 1015, 1006}
07-22 18:07:52.703 29112 29115 D dalvikvm: GC_CONCURRENT freed 145K, 3% free 9357K/9607K, paused 6ms+5ms
07-22 18:07:52.765 29112 29112 I ActivityThread: Pub com.google.android.youtube.SuggestionProvider: com.google.android.youtube.core.suggest.SuggestionProvider
07-22 18:07:53.074   144   323 I ActivityManager: Process com.google.android.apps.docs (pid 28954) has died.
07-22 18:07:53.371 29112 29115 D dalvikvm: GC_CONCURRENT freed 367K, 5% free 9553K/9991K, paused 30ms+3ms
07-22 18:07:53.382 29112 29122 W CursorWrapperInner: Cursor finalized without prior close()
07-22 18:07:53.382 29112 29122 W CursorWrapperInner: Cursor finalized without prior close()
07-22 18:07:53.465 29112 29115 D dalvikvm: GC_CONCURRENT freed 313K, 4% free 9798K/10183K, paused 1ms+2ms
07-22 18:07:53.586 29112 29115 D dalvikvm: GC_CONCURRENT freed 408K, 5% free 9960K/10439K, paused 2ms+5ms
07-22 18:07:53.687 29112 29115 D dalvikvm: GC_CONCURRENT freed 409K, 5% free 10086K/10567K, paused 2ms+3ms
07-22 18:07:53.843 29112 29115 D dalvikvm: GC_CONCURRENT freed 380K, 5% free 10243K/10695K, paused 2ms+11ms
07-22 18:07:53.937   144   160 D dalvikvm: GC_EXPLICIT freed 737K, 27% free 17886K/24263K, paused 3ms+14ms
07-22 18:07:54.125   144   385 I ActivityManager: Start proc com.google.android.apps.docs for broadcast com.google.android.apps.docs/.receivers.NetworkChangeReceiver: pid=29154 uid=10077 gids={3003, 1015, 1006}
07-22 18:07:54.132   347   347 D SAN_SERVICE: *******************************************
07-22 18:07:54.132   347   347 D SAN_SERVICE: DM App Phone Service State - 0
07-22 18:07:54.132   347   347 D SAN_SERVICE: *******************************************
07-22 18:07:54.304   144   374 I ActivityManager: Process com.google.android.apps.maps:LocationFriendService (pid 28625) has died.
07-22 18:07:54.343 29112 29115 D dalvikvm: GC_CONCURRENT freed 366K, 5% free 10353K/10823K, paused 3ms+2ms
07-22 18:07:54.461 29154 29154 I PackageInfoHelper: Provided clientMode=RELEASE, packageInfo=PackageInfo{4134b268 com.google.android.apps.docs}
07-22 18:07:54.461 29154 29154 I ActivityThread: Pub com.google.android.apps.docs.files: com.google.android.apps.docs.sync.filemanager.FileProvider
07-22 18:07:54.465 29154 29154 I ActivityThread: Pub com.google.android.apps.docs.doclist.search_suggest: com.google.android.apps.docs.doclist.DocListGlobalSearchSuggestionProvider
07-22 18:07:54.609 29154 29156 D dalvikvm: GC_CONCURRENT freed 223K, 4% free 9313K/9607K, paused 2ms+3ms
07-22 18:07:54.711 29154 29156 D dalvikvm: GC_CONCURRENT freed 456K, 6% free 9398K/9927K, paused 1ms+2ms
07-22 18:07:54.808 29154 29156 D dalvikvm: GC_CONCURRENT freed 499K, 6% free 9417K/9991K, paused 3ms+4ms
07-22 18:07:54.843   347   347 D SAN_SERVICE: *******************************************
07-22 18:07:54.843   347   347 D SAN_SERVICE: DM App Phone Service State - 0
07-22 18:07:54.843   347   347 D SAN_SERVICE: *******************************************
07-22 18:07:54.918 29154 29156 D dalvikvm: GC_CONCURRENT freed 497K, 6% free 9483K/10055K, paused 2ms+3ms
07-22 18:07:55.015 29154 29156 D dalvikvm: GC_CONCURRENT freed 562K, 7% free 9481K/10119K, paused 2ms+3ms
07-22 18:07:55.117 29154 29156 D dalvikvm: GC_CONCURRENT freed 456K, 6% free 9537K/10119K, paused 2ms+2ms
07-22 18:07:55.269 29154 29156 D dalvikvm: GC_CONCURRENT freed 395K, 6% free 9658K/10183K, paused 2ms+3ms
07-22 18:07:55.375 29154 29154 D ContextScopeImpl: in ContextScope.getContextOrDefault for thread=1
07-22 18:07:55.375 29154 29154 D ContextScopeImpl: returning application context for thread=1
07-22 18:07:55.410 29154 29154 I FeatureCheckerImpl: Configured disabled features: []
07-22 18:07:55.410 29154 29154 D ContextScopeImpl: in ContextScope.getContextOrDefault for thread=1
07-22 18:07:55.410 29154 29154 D ContextScopeImpl: returning application context for thread=1
07-22 18:07:55.410 29154 29156 D dalvikvm: GC_CONCURRENT freed 366K, 5% free 9771K/10247K, paused 2ms+4ms
07-22 18:07:55.425 29154 29154 D ContextScopeImpl: in ContextScope.enter for thread=1
07-22 18:07:55.425 29154 29154 W ContextScopeImpl: thread=1 tried to enter the scope of the application context. Ignored.
07-22 18:07:55.425 29154 29154 D ContextScopeImpl: in ContextScope.getContextOrDefault for thread=1
07-22 18:07:55.425 29154 29154 D ContextScopeImpl: returning application context for thread=1
07-22 18:07:55.429 29154 29154 D DocListDatabase: openHelper points on new database: DocList.db
07-22 18:07:55.429 29154 29154 D DocListDatabase: in openWriteDatabase
07-22 18:07:55.437 29154 29154 I ActivityThread: Pub com.google.android.apps.docs.doclist.account_suggest: com.google.android.apps.docs.doclist.DocListAccountSuggestionProvider
07-22 18:07:55.441 29154 29154 D ContextScopeImpl: in ContextScope.enter for thread=1
07-22 18:07:55.441 29154 29154 W ContextScopeImpl: thread=1 tried to enter the scope of the application context. Ignored.
07-22 18:07:55.441 29154 29154 I ActivityThread: Pub com.google.android.apps.docs: com.google.android.apps.docs.providers.DocListProvider
07-22 18:07:55.441 29154 29154 D ContextScopeImpl: in ContextScope.enter for thread=1
07-22 18:07:55.441 29154 29154 W ContextScopeImpl: thread=1 tried to enter the scope of the application context. Ignored.
07-22 18:07:55.445 29154 29154 W ContextScopeImpl: thread=1 tried to enter the scope of the application context. Ignored.
07-22 18:07:55.461 29154 29170 W ContextScopeImpl: thread=15330 tried to enter the scope of the application context. Ignored.
07-22 18:07:55.488 29154 29154 W ContextScopeImpl: thread=1 tried to enter the scope of the application context. Ignored.
07-22 18:07:55.535 29094 29094 I MediaUploader: No need to wake up
07-22 18:07:55.609 29154 29154 W ContextScopeImpl: thread=1 tried to enter the scope of the application context. Ignored.
07-22 18:07:55.675 29094 29094 I MediaUploader: No need to wake up
07-22 18:07:55.750 29154 29154 W ContextScopeImpl: thread=1 tried to enter the scope of the application context. Ignored.
07-22 18:07:55.812 28891 28911 D PicasaSyncManager: active network: NetworkInfo: type: WIFI[], state: CONNECTED/CONNECTED, reason: (unspecified), extra: (none), roaming: false, failover: false, isAvailable: true
07-22 18:07:55.812 28891 28911 D PicasaSyncManager: background data: true
07-22 18:07:55.816 28891 28911 D PicasaSyncManager: active network: NetworkInfo: type: WIFI[], state: CONNECTED/CONNECTED, reason: (unspecified), extra: (none), roaming: false, failover: false, isAvailable: true
07-22 18:07:55.816 28891 28911 D PicasaSyncManager: background data: true
07-22 18:08:01.007   347   347 D SAN_SERVICE: *******************************************
07-22 18:08:01.007   347   347 D SAN_SERVICE: DM App Phone Service State - 0
07-22 18:08:01.007   347   347 D SAN_SERVICE: *******************************************
07-22 18:08:01.437   347   347 D SAN_SERVICE: *******************************************
07-22 18:08:01.437   347   347 D SAN_SERVICE: DM App Phone Service State - 0
07-22 18:08:01.437   347   347 D SAN_SERVICE: *******************************************
07-22 18:08:04.101   280   280 I wpa_supplicant: wlan0: CTRL-EVENT-DISCONNECTED bssid=e8:40:40:ad:73:81 reason=0
07-22 18:08:04.101  6854  6876 D CommandListener: Clearing all IP addresses on wlan0
07-22 18:08:04.152   144   200 D ConnectivityService: ConnectivityChange for WIFI: DISCONNECTED/DISCONNECTED
07-22 18:08:04.183   144   200 D ConnectivityService: Attempting to switch to mobile
07-22 18:08:04.242   144   200 D ConnectivityService: Attempting to switch to WIMAX
07-22 18:08:04.242   144   200 D ConnectivityService: Attempting to switch to BLUETOOTH_TETHER
07-22 18:08:04.246   144   200 E ConnectivityService: Exception trying to remove a route: java.lang.IllegalStateException: Unable to communicate with native dameon to add routes - com.android.server.NativeDaemonConnectorException: Cmd {interface route remove wlan0 default 67.20.213.254 32 0.0.0.0} failed with code 400 : {Failed to remove route from default table (No such process)}
07-22 18:08:04.254   144   200 E ConnectivityService: Exception trying to remove a route: java.lang.IllegalStateException: Unable to communicate with native dameon to add routes - com.android.server.NativeDaemonConnectorException: Cmd {interface route remove wlan0 default 0.0.0.0 0 67.20.213.254} failed with code 400 : {Failed to remove route from default table (No such process)}
07-22 18:08:04.254   144   200 D NetUtils: android_net_utils_resetConnections in env=0x1f323c8 clazz=0xfc600001 iface=wlan0 mask=0x3
07-22 18:08:04.254   144   200 D ConnectivityService: resetConnections(wlan0, 3)
07-22 18:08:04.797 29112 29168 E PlusOneController: Error loading opted-in: Unable to resolve host "www.googleapis.com": No address associated with hostname
07-22 18:08:05.125 28280 29048 W ApiaryClient: errCount = 2: com.google.android.apps.books.net.HttpHelper$OfflineIoException: java.net.UnknownHostException: URL: https://www.googleapis.com/books/v1/mylibrary/readingpositions/3MWRMYRwulIC/setPosition?timestamp=2012-07-22T22:07:16.000Z&position=GBS.PT305&action=next-page&key=AIzaSyCuLL2piIVBGOtu196oSi3-ndISBYPOjCU&source=ge-tablet-app
07-22 18:08:05.125 28280 29048 W ApiaryClient: Headers:
07-22 18:08:05.125 28280 29048 W ApiaryClient: Accept-Encoding: gzip
07-22 18:08:05.125 28280 29048 W ApiaryClient: GData-Version: 2
07-22 18:08:05.125 28280 29048 W ApiaryClient: User-Agent: BooksAndroid Google-HTTP-Java-Client/1.5.0-beta-SNAPSHOT (gzip)
07-22 18:08:05.125 28280 29048 E BooksSync: Sync error
07-22 18:08:06.832 27878 27950 E GTalkService: connectionClosed: no XMPPConnection - That's strange!
07-22 18:08:06.847   144   200 D ConnectivityService: handleInetConditionChange: no active default network - ignore
07-22 18:08:06.933 27878 27880 D dalvikvm: GC_CONCURRENT freed 473K, 6% free 10151K/10759K, paused 6ms+4ms
07-22 18:08:07.113 27878 27950 E GTalkService: connectionClosed: no XMPPConnection - That's strange!
07-22 18:08:07.297   144   204 D Tethering: MasterInitialState.processMessage what=3
07-22 18:08:07.304 28280 28280 I ReaderFragment: ReaderFragment#maybeUpdateMenu
07-22 18:08:07.304 28280 28280 W TOCActionItem: Ignoring setVolumeMetadata() call because we already have metadata
07-22 18:08:07.371 29094 29094 I MediaUploader: No need to wake up
07-22 18:08:07.386 28233 28233 I PhoneLab-WiFiReceiver: Wi-Fi is disconnected!
07-22 18:08:07.476 28891 28911 D PicasaSyncManager: active network: null
07-22 18:08:07.476 28891 28911 D PicasaSyncManager: background data: true
07-22 18:08:07.547 28280 28280 I ReaderFragment: ReaderFragment#maybeUpdateMenu
07-22 18:08:07.547 28280 28280 W TOCActionItem: Ignoring setVolumeMetadata() call because we already have metadata
07-22 18:08:11.293   144   200 D ConnectivityService: ConnectivityChange for mobile: CONNECTED/CONNECTED
07-22 18:08:11.465   144   196 D NetworkPolicy: applying policy NetworkPolicy[NetworkTemplate: matchRule=MOBILE_ALL, subscriberId=valid]: cycleDay=20, warningBytes=2147483648, limitBytes=-1, lastSnooze=-1 to ifaces [rmnet0]
07-22 18:08:11.531   144   147 D dalvikvm: GC_CONCURRENT freed 1844K, 26% free 18071K/24263K, paused 3ms+12ms
07-22 18:08:12.297   144   200 D ConnectivityService: NetTransition Wakelock for WifiStateMachine released by timeout
07-22 18:08:14.297 27878 27878 I GTalkService/c: [AndroidEndpoint@1093840568] connect: acct=1000000, state=CONNECTING
07-22 18:08:14.320 27878 27878 I GTalkService/c: [GTalkConnection@1094538112] connect: acct=1, state=CONNECTING
07-22 18:08:14.340   144   204 D Tethering: MasterInitialState.processMessage what=3
07-22 18:08:14.343 28280 28280 I ReaderFragment: ReaderFragment#maybeUpdateMenu
07-22 18:08:14.351 28280 28280 W TOCActionItem: Ignoring setVolumeMetadata() call because we already have metadata
07-22 18:08:14.382 28280 28280 I ReaderFragment: ReaderFragment#maybeUpdateMenu
07-22 18:08:14.386 28280 28280 W TOCActionItem: Ignoring setVolumeMetadata() call because we already have metadata
07-22 18:08:14.422 27878 27892 D dalvikvm: GC_EXPLICIT freed 209K, 7% free 10074K/10759K, paused 2ms+3ms
07-22 18:08:14.480 29094 29094 I MediaUploader: No need to wake up
07-22 18:08:14.519 28280 28280 D PageTurnView: moveToPosition() moving to [position=GBS.PT305, chapterIndex=19, pageIndex=11, pageOffset=-1], mode=2
07-22 18:08:14.656 29154 29154 W ContextScopeImpl: thread=1 tried to enter the scope of the application context. Ignored.
07-22 18:08:14.691 28891 28911 D PicasaSyncManager: active network: NetworkInfo: type: mobile[CDMA - EvDo rev. A], state: CONNECTED/CONNECTED, reason: (unspecified), extra: , roaming: false, failover: true, isAvailable: true
07-22 18:08:14.691 28891 28911 D PicasaSyncManager: background data: true
07-22 18:08:14.769 28280 28280 D dalvikvm: GC_FOR_ALLOC freed 1461K, 17% free 19932K/23943K, paused 137ms
07-22 18:08:15.605 28280 28282 D dalvikvm: GC_CONCURRENT freed 1992K, 17% free 19938K/23943K, paused 4ms+5ms
07-22 18:08:15.609 28280 28300 W DEBUG   : time: 0.95
07-22 18:08:15.644 28280 28280 D PageTurnView: moveToPosition() moving to [position=GBS.PT304, chapterIndex=19, pageIndex=10, pageOffset=1], mode=1
07-22 18:08:16.800   144   200 D ConnectivityService: handleInetConditionHoldEnd: net=0, condition=100, published condition=0
07-22 18:08:17.507 27878 27880 D dalvikvm: GC_CONCURRENT freed 309K, 6% free 10151K/10759K, paused 6ms+3ms
07-22 18:08:22.566 27878 27880 D dalvikvm: GC_CONCURRENT freed 306K, 5% free 10234K/10759K, paused 2ms+2ms
07-22 18:08:22.816 28341 28342 D dalvikvm: GC_CONCURRENT freed 409K, 6% free 9830K/10439K, paused 8ms+7ms
07-22 18:08:23.062 28341 28342 D dalvikvm: GC_CONCURRENT freed 367K, 6% free 9850K/10439K, paused 2ms+8ms
07-22 18:08:23.175 28320 28323 D dalvikvm: GC_CONCURRENT freed 390K, 7% free 9893K/10631K, paused 3ms+2ms
07-22 18:08:23.507   144   498 D dalvikvm: GC_EXPLICIT freed 624K, 27% free 17830K/24263K, paused 3ms+8ms
07-22 18:08:36.687   144  1185 I ActivityManager: Start proc com.google.android.apps.maps:LocationFriendService for service com.google.android.apps.maps/com.google.googlenav.friend.reporting.LocationReceiverService: pid=29199 uid=10056 gids={3003, 1015}
07-22 18:08:36.863 29199 29203 D dalvikvm: GC_CONCURRENT freed 161K, 3% free 9375K/9607K, paused 2ms+2ms
07-22 18:08:36.925 28176 28178 D dalvikvm: GC_CONCURRENT freed 499K, 6% free 10477K/11079K, paused 14ms+46ms
07-22 18:08:36.949 28176 28192 D dalvikvm: GC_FOR_ALLOC freed 42K, 6% free 10490K/11079K, paused 23ms
07-22 18:08:37.644 29199 29203 D dalvikvm: GC_CONCURRENT freed 151K, 3% free 9660K/9927K, paused 10ms+2ms
07-22 18:08:37.937   144   335 I ActivityManager: Process android.process.media (pid 29076) has died.
07-22 18:08:38.152 29199 29203 D dalvikvm: GC_CONCURRENT freed 309K, 4% free 9841K/10247K, paused 2ms+5ms
07-22 18:08:38.390 29199 29203 D dalvikvm: GC_CONCURRENT freed 385K, 5% free 9979K/10439K, paused 6ms+3ms
07-22 18:08:38.773 28176 28178 D dalvikvm: GC_CONCURRENT freed 345K, 5% free 10546K/11079K, paused 6ms+3ms
07-22 18:08:39.074 29199 29206 I dalvikvm: Total arena pages for JIT: 11
07-22 18:08:39.074 29199 29206 I dalvikvm: Total arena pages for JIT: 12
07-22 18:08:39.074 29199 29206 I dalvikvm: Total arena pages for JIT: 13
07-22 18:08:39.074 29199 29206 I dalvikvm: Total arena pages for JIT: 14
07-22 18:08:39.074 29199 29206 I dalvikvm: Total arena pages for JIT: 15
07-22 18:08:39.078 29199 29206 I dalvikvm: Total arena pages for JIT: 16
07-22 18:08:39.078 29199 29206 I dalvikvm: Total arena pages for JIT: 17
07-22 18:08:39.093 29199 29206 I dalvikvm: Total arena pages for JIT: 18
07-22 18:08:39.144 29199 29203 D dalvikvm: GC_CONCURRENT freed 494K, 6% free 9965K/10567K, paused 2ms+3ms
07-22 18:08:42.492   280   280 I wpa_supplicant: wlan0: Associated with 00:13:1a:1f:da:81
07-22 18:08:42.515   280   280 I wpa_supplicant: wlan0: CTRL-EVENT-EAP-STARTED EAP authentication started
07-22 18:08:46.515 28280 28280 D PageTurnView: moveToPosition() moving to [position=GBS.PT305, chapterIndex=19, pageIndex=11, pageOffset=-1], mode=2
07-22 18:08:46.754 28280 28282 D dalvikvm: GC_CONCURRENT freed 1939K, 17% free 19936K/23943K, paused 2ms+4ms
07-22 18:08:46.886 28233 28246 I PhoneLab-: Service Running
07-22 18:08:47.070 28233 28246 I PhoneLab-LoggerService: app_37    1303  1     1440   1000  c00f181c 400107b4 S logcat
07-22 18:08:47.070 28233 28246 I PhoneLab-LoggerService: Logcat pid from database 1303
07-22 18:08:47.070 28233 28246 I PhoneLab-LoggerService: Logcat process found 1303
07-22 18:08:47.070 28233 28246 I PhoneLab-LoggerService: Checking Threshold
07-22 18:08:47.121 28233 28235 D dalvikvm: GC_CONCURRENT freed 384K, 14% free 9138K/10567K, paused 2ms+2ms
07-22 18:08:48.398 28280 28300 W DEBUG   : time: 0.9225
07-22 18:08:48.418 28280 28300 W DEBUG   : time: 0.9675
07-22 18:08:48.433 28280 28280 D PageTurnView: moveToPosition() moving to [position=GBS.PT304, chapterIndex=19, pageIndex=10, pageOffset=1], mode=1
07-22 18:08:48.492 28280 28280 D dalvikvm: GC_FOR_ALLOC freed 1574K, 17% free 19932K/23943K, paused 41ms
07-22 18:08:49.566 28280 28300 W DEBUG   : time: 0.9175
07-22 18:08:49.582 28280 28300 W DEBUG   : time: 0.96
07-22 18:08:49.601 28280 28280 D PageTurnView: moveToPosition() moving to [position=GBS.PT305, chapterIndex=19, pageIndex=11, pageOffset=1], mode=1
07-22 18:08:49.601 28280 28280 I ReaderFragment: ReaderFragment#maybeUpdateMenu
07-22 18:08:49.601 28280 28280 W TOCActionItem: Ignoring setVolumeMetadata() call because we already have metadata
07-22 18:08:49.629 28280 28280 I ReaderFragment: ReaderFragment#maybeUpdateMenu
07-22 18:08:49.636 28280 28280 W TOCActionItem: Ignoring setVolumeMetadata() call because we already have metadata
07-22 18:08:49.707 28280 28280 D dalvikvm: GC_FOR_ALLOC freed 1519K, 17% free 19941K/23943K, paused 35ms
07-22 18:08:50.863   347   347 D SAN_SERVICE: *******************************************
07-22 18:08:50.863   347   347 D SAN_SERVICE: DM App Phone Service State - 0
07-22 18:08:50.863   347   347 D SAN_SERVICE: *******************************************
07-22 18:08:51.687   347   347 D SAN_SERVICE: *******************************************
07-22 18:08:51.687   347   347 D SAN_SERVICE: DM App Phone Service State - 0
07-22 18:08:51.687   347   347 D SAN_SERVICE: *******************************************
07-22 18:08:53.113 28280 28280 D PageTurnView: moveToPosition() moving to [position=GBS.PT305.w.8.0.56, chapterIndex=19, pageIndex=12, pageOffset=-1], mode=2
07-22 18:08:53.410 28280 28280 I ReaderFragment: ReaderFragment#maybeUpdateMenu
07-22 18:08:53.414 28280 28280 W TOCActionItem: Ignoring setVolumeMetadata() call because we already have metadata
07-22 18:08:53.425 28280 28280 I ReaderFragment: ReaderFragment#maybeUpdateMenu
07-22 18:08:53.437 28280 28280 W TOCActionItem: Ignoring setVolumeMetadata() call because we already have metadata
07-22 18:08:54.375 28280 28282 D dalvikvm: GC_CONCURRENT freed 1977K, 17% free 19962K/23943K, paused 4ms+6ms
07-22 18:08:54.621 28280 28300 W DEBUG   : time: 0.9175
07-22 18:08:54.640 28280 28300 W DEBUG   : time: 0.9625
07-22 18:08:54.656 28280 28280 D PageTurnView: moveToPosition() moving to [position=GBS.PT305, chapterIndex=19, pageIndex=11, pageOffset=1], mode=1
07-22 18:08:54.660 28280 28280 I ReaderFragment: ReaderFragment#maybeUpdateMenu
07-22 18:08:54.664 28280 28280 W TOCActionItem: Ignoring setVolumeMetadata() call because we already have metadata
07-22 18:08:54.675 28280 28280 I ReaderFragment: ReaderFragment#maybeUpdateMenu
07-22 18:08:54.687 28280 28280 W TOCActionItem: Ignoring setVolumeMetadata() call because we already have metadata
07-22 18:08:55.593   347   347 D SAN_SERVICE: *******************************************
07-22 18:08:55.593   347   347 D SAN_SERVICE: DM App Phone Service State - 0
07-22 18:08:55.593   347   347 D SAN_SERVICE: *******************************************
07-22 18:08:55.879   347   347 D SAN_SERVICE: *******************************************
07-22 18:08:55.879   347   347 D SAN_SERVICE: DM App Phone Service State - 0
07-22 18:08:55.879   347   347 D SAN_SERVICE: *******************************************
07-22 18:08:56.238   280   280 I wpa_supplicant: wlan0: CTRL-EVENT-DISCONNECTED bssid=00:13:1a:1f:da:81 reason=0
07-22 18:09:06.304   347   347 D SAN_SERVICE: *******************************************
07-22 18:09:06.304   347   347 D SAN_SERVICE: DM App Phone Service State - 0
07-22 18:09:06.304   347   347 D SAN_SERVICE: *******************************************
07-22 18:09:06.578   347   347 D SAN_SERVICE: *******************************************
07-22 18:09:06.578   347   347 D SAN_SERVICE: DM App Phone Service State - 0
07-22 18:09:06.578   347   347 D SAN_SERVICE: *******************************************
07-22 18:09:19.789 28280 29227 I BooksSync: Starting books sync
07-22 18:09:31.918   347   347 D SAN_SERVICE: *******************************************
07-22 18:09:31.918   347   347 D SAN_SERVICE: DM App Phone Service State - 0
07-22 18:09:31.918   347   347 D SAN_SERVICE: *******************************************
07-22 18:09:32.101   347   347 D SAN_SERVICE: *******************************************
07-22 18:09:32.101   347   347 D SAN_SERVICE: DM App Phone Service State - 0
07-22 18:09:32.101   347   347 D SAN_SERVICE: *******************************************
07-22 18:09:36.617 29199 29203 D dalvikvm: GC_CONCURRENT freed 418K, 6% free 9962K/10567K, paused 2ms+2ms
07-22 18:09:37.261 29199 29203 D dalvikvm: GC_CONCURRENT freed 431K, 6% free 10025K/10567K, paused 1ms+2ms
07-22 18:09:37.461 29199 29203 D dalvikvm: GC_CONCURRENT freed 514K, 7% free 9980K/10631K, paused 2ms+4ms
07-22 18:09:37.617   144 28547 I ActivityManager: Process com.google.android.apps.plus (pid 28891) has died.
07-22 18:09:52.519   280   280 I wpa_supplicant: wlan0: Authentication with 00:00:00:00:00:00 timed out.
07-22 18:10:00.148 28280 28282 D dalvikvm: GC_CONCURRENT freed 1991K, 17% free 19987K/23943K, paused 2ms+11ms
07-22 18:10:00.175 28280 28300 W DEBUG   : time: 0.96
07-22 18:10:00.211 28280 28280 D PageTurnView: moveToPosition() moving to [position=GBS.PT305.w.8.0.56, chapterIndex=19, pageIndex=12, pageOffset=1], mode=1
07-22 18:10:00.211 28280 28280 I ReaderFragment: ReaderFragment#maybeUpdateMenu
07-22 18:10:00.222 28280 28280 W TOCActionItem: Ignoring setVolumeMetadata() call because we already have metadata
07-22 18:10:00.242 28280 28280 I ReaderFragment: ReaderFragment#maybeUpdateMenu
07-22 18:10:00.254 28280 28280 W TOCActionItem: Ignoring setVolumeMetadata() call because we already have metadata
07-22 18:10:04.351 27878 27880 D dalvikvm: GC_CONCURRENT freed 389K, 5% free 10238K/10759K, paused 5ms+4ms
07-22 18:10:04.523   280   280 I wpa_supplicant: wlan0: Associated with 88:43:e1:fb:95:81
07-22 18:10:04.523   280   280 I wpa_supplicant: wlan0: CTRL-EVENT-EAP-STARTED EAP authentication started
07-22 18:10:04.531   280   280 I wpa_supplicant: wlan0: CTRL-EVENT-EAP-PROPOSED-METHOD vendor=0 method=4 -> NAK
07-22 18:10:04.535   280   280 I wpa_supplicant: wlan0: CTRL-EVENT-EAP-PROPOSED-METHOD vendor=0 method=25
07-22 18:10:04.535   280   280 I wpa_supplicant: wlan0: CTRL-EVENT-EAP-METHOD EAP vendor 0 method 25 (PEAP) selected
07-22 18:10:04.586   280   280 I wpa_supplicant: wlan0: CTRL-EVENT-EAP-PEER-CERT depth=2 subject='/C=US/O=Entrust.net/OU=www.entrust.net/CPS incorp. by ref. (limits liab.)/OU=(c) 1999 Entrust.net Limited/CN=Entrust.net Secure Server Certification Authority'
07-22 18:10:04.586   280   280 I wpa_supplicant: wlan0: CTRL-EVENT-EAP-PEER-CERT depth=2 subject='/C=US/O=Entrust.net/OU=www.entrust.net/CPS incorp. by ref. (limits liab.)/OU=(c) 1999 Entrust.net Limited/CN=Entrust.net Secure Server Certification Authority'
07-22 18:10:04.586   280   280 I wpa_supplicant: wlan0: CTRL-EVENT-EAP-PEER-CERT depth=1 subject='/C=US/ST=UT/L=Salt Lake City/O=The USERTRUST Network/CN=USERTrust Legacy Secure Server CA'
07-22 18:10:04.590   280   280 I wpa_supplicant: wlan0: CTRL-EVENT-EAP-PEER-CERT depth=0 subject='/C=US/postalCode=14260/ST=New York/L=Buffalo/street=305 Computing Center/O=SUNY AT BUFFALO/OU=Office of the President/OU=Issued through UNIVERSITY AT BUFFALO E-PKI Manager/OU=PremiumSSL Legacy/CN=ubsecure.acsu.buffalo.edu'
07-22 18:10:04.836   280   280 I wpa_supplicant: EAP-MSCHAPV2: Authentication succeeded
07-22 18:10:04.840   280   280 I wpa_supplicant: EAP-TLV: TLV Result - Success - EAP-TLV/Phase2 Completed
07-22 18:10:04.851   280   280 I wpa_supplicant: wlan0: CTRL-EVENT-EAP-SUCCESS EAP authentication completed successfully
07-22 18:10:04.894   280   280 W wpa_supplicant: wlan0: WPA: Could not find AP from the scan results
07-22 18:10:04.925   280   280 I wpa_supplicant: wlan0: WPA: Key negotiation completed with 88:43:e1:fb:95:81 [PTK=CCMP GTK=TKIP]
07-22 18:10:04.925   280   280 I wpa_supplicant: wlan0: CTRL-EVENT-CONNECTED - Connection to 88:43:e1:fb:95:81 completed (reauth) [id=0 id_str=]
07-22 18:10:05.621   144   200 D ConnectivityService: ConnectivityChange for WIFI: CONNECTED/CONNECTED
07-22 18:10:05.621   144   200 D ConnectivityService: Policy requires mobile teardown
07-22 18:10:05.675 28233 28233 I PhoneLab-WiFiReceiver: Wi-Fi is connected!
07-22 18:10:05.675 28233 28233 I PhoneLab-WiFiReceiver: SSID: UB_Secure BSSID: 88:43:e1:fb:95:81 RSSI: -88 LinkSpeed: -1
07-22 18:10:05.687 28233 28233 I PhoneLab-Locks: wake lock acquired
07-22 18:10:05.707 28233 28233 I PhoneLab-UploadLogs: Transfering log files now
07-22 18:10:05.707 28233 28233 I PhoneLab-UploadLogs: No log files to transfer
07-22 18:10:05.707 28233 28233 I PhoneLab-Locks: wake lock released
07-22 18:10:05.711 28233 28233 I PhoneLab-UploadLogs: OnStartCommand
07-22 18:10:05.718   144   200 D ConnectivityService: ConnectivityChange for mobile: DISCONNECTED/DISCONNECTED
07-22 18:10:05.722   144   200 D ConnectivityService: Attempting to switch to WIFI
07-22 18:10:05.722   144   200 D ConnectivityService: Attempting to switch to WIMAX
07-22 18:10:05.722   144   200 D ConnectivityService: Attempting to switch to BLUETOOTH_TETHER
07-22 18:10:05.730   144   200 D NetUtils: android_net_utils_resetConnections in env=0x1f323c8 clazz=0x1e800001 iface=rmnet0 mask=0x3
07-22 18:10:05.730   144   200 D ConnectivityService: resetConnections(rmnet0, 3)
07-22 18:10:05.750   144   195 W NetworkStats: dropping UID delta from unknown iface: iface=wlan0 uid=0 set=DEFAULT tag=0x0 rxBytes=0 rxPackets=0 txBytes=140 txPackets=2 operations=0
07-22 18:10:05.980 27878 29193 W Smack/Packet: notify conn break (IOEx), close connection
07-22 18:10:06.136 27878 29193 I qtaguid : Failed write_ctrl(u 82) res=-1 errno=22
07-22 18:10:06.136 27878 29193 I qtaguid : Untagging socket 82 failed errno=-22
07-22 18:10:06.136 27878 29193 W NetworkManagementSocketTagger: untagSocket(82) failed with errno -22
07-22 18:10:06.277   144   200 D ConnectivityService: handleInetConditionChange: net=0 != default=1 - ignore
07-22 18:10:06.316   144   147 D dalvikvm: GC_CONCURRENT freed 1804K, 26% free 17982K/24263K, paused 14ms+10ms
07-22 18:10:08.761   144   204 D Tethering: MasterInitialState.processMessage what=3
07-22 18:10:08.785 28280 28280 I ReaderFragment: ReaderFragment#maybeUpdateMenu
07-22 18:10:08.785 28280 28280 W TOCActionItem: Ignoring setVolumeMetadata() call because we already have metadata
07-22 18:10:08.789 28280 28280 I ReaderFragment: ReaderFragment#maybeUpdateMenu
07-22 18:10:08.793 28280 28280 W TOCActionItem: Ignoring setVolumeMetadata() call because we already have metadata
07-22 18:10:08.808   144   161 I ActivityManager: Start proc android.process.media for broadcast com.android.providers.downloads/.DownloadReceiver: pid=29270 uid=10012 gids={1015, 1023, 1024, 2001, 3003, 3007}
07-22 18:10:08.816   144   204 D Tethering: MasterInitialState.processMessage what=3
07-22 18:10:08.824 28280 28280 I ReaderFragment: ReaderFragment#maybeUpdateMenu
07-22 18:10:08.828   144   204 D Tethering: MasterInitialState.processMessage what=3
07-22 18:10:08.832 28280 28280 W TOCActionItem: Ignoring setVolumeMetadata() call because we already have metadata
07-22 18:10:08.840 28280 28280 I ReaderFragment: ReaderFragment#maybeUpdateMenu
07-22 18:10:08.843 28280 28280 W TOCActionItem: Ignoring setVolumeMetadata() call because we already have metadata
07-22 18:10:08.847 28280 28280 I ReaderFragment: ReaderFragment#maybeUpdateMenu
07-22 18:10:08.847 28280 28280 W TOCActionItem: Ignoring setVolumeMetadata() call because we already have metadata
07-22 18:10:08.851 28280 28280 I ReaderFragment: ReaderFragment#maybeUpdateMenu
07-22 18:10:08.855 28280 28280 W TOCActionItem: Ignoring setVolumeMetadata() call because we already have metadata
07-22 18:10:08.890 29270 29270 I ActivityThread: Pub downloads: com.android.providers.downloads.DownloadProvider
07-22 18:10:08.906 29270 29270 I ActivityThread: Pub drm: com.android.providers.drm.DrmProvider
07-22 18:10:08.906 29270 29283 I DownloadManager: in removeSpuriousFiles
07-22 18:10:08.925 29270 29270 I ActivityThread: Pub media: com.android.providers.media.MediaProvider
07-22 18:10:08.929 27878 27878 I GTalkService/c: [AndroidEndpoint@1093840568] connect: acct=1000000, state=CONNECTING
07-22 18:10:08.933 29270 29283 I DownloadManager: in removeSpuriousFiles, preserving file /data/data/com.android.providers.downloads/cache/metadata.json
07-22 18:10:08.933 29270 29283 I DownloadManager: in removeSpuriousFiles, preserving file /data/data/com.android.providers.downloads/cache/en_general.htm
07-22 18:10:08.933 29270 29283 I DownloadManager: in removeSpuriousFiles, preserving file /mnt/sdcard/Download/img-thing.jpeg
07-22 18:10:08.933 29270 29283 I DownloadManager: in removeSpuriousFiles, preserving file /data/data/com.android.providers.downloads/cache/metadata-1.json
07-22 18:10:08.933 29270 29283 I DownloadManager: in removeSpuriousFiles, preserving file /data/data/com.android.providers.downloads/cache/downloadfile.jpeg
07-22 18:10:08.937 29270 29283 I DownloadManager: in removeSpuriousFiles, preserving file /data/data/com.android.providers.downloads/cache/metadata-2.json
07-22 18:10:08.937 29270 29283 I DownloadManager: in removeSpuriousFiles, preserving file /data/data/com.android.providers.downloads/cache/metadata-3.json
07-22 18:10:08.937 29270 29283 I DownloadManager: in removeSpuriousFiles, preserving file /data/data/com.android.providers.downloads/cache/downloadfile-1.jpeg
07-22 18:10:08.937 29270 29283 I DownloadManager: in removeSpuriousFiles, preserving file /data/data/com.android.providers.downloads/cache/downloadfile-2.jpeg
07-22 18:10:08.937 29270 29283 I DownloadManager: in removeSpuriousFiles, preserving file /data/data/com.android.providers.downloads/cache/metadata-4.json
07-22 18:10:08.937 29270 29283 I DownloadManager: in removeSpuriousFiles, preserving file /data/data/com.android.providers.downloads/cache/metadata-5.json
07-22 18:10:08.937 29270 29283 I DownloadManager: in removeSpuriousFiles, preserving file /data/data/com.android.providers.downloads/cache/metadata-6.json
07-22 18:10:08.937 29270 29283 I DownloadManager: in removeSpuriousFiles, preserving file /data/data/com.android.providers.downloads/cache/metadata-7.json
07-22 18:10:08.941 27878 27878 I GTalkService/c: [GTalkConnection@1094538112] connect: acct=1, state=CONNECTING
07-22 18:10:08.941 29270 29283 I DownloadManager: deleting spurious file /cache/backup
07-22 18:10:09.062   144   359 D dalvikvm: GC_EXPLICIT freed 286K, 27% free 17801K/24263K, paused 7ms+8ms
07-22 18:10:09.379 29270 29273 D dalvikvm: GC_CONCURRENT freed 360K, 5% free 9176K/9607K, paused 4ms+4ms
07-22 18:10:09.492 29094 29094 I MediaUploader: No need to wake up
07-22 18:10:09.527   144   156 I ActivityManager: Start proc com.google.android.apps.plus for broadcast com.google.android.apps.plus/com.google.android.picasasync.ConnectivityReceiver: pid=29292 uid=10060 gids={3003, 3002, 1015, 1006}
07-22 18:10:09.855 29292 29295 D dalvikvm: GC_CONCURRENT freed 162K, 3% free 9374K/9607K, paused 3ms+3ms
07-22 18:10:09.945 29292 29292 I ActivityThread: Pub com.google.android.apps.plus.content.ApiProvider: com.google.android.apps.plus.content.EsApiProvider
07-22 18:10:10.011 29292 29292 I ActivityThread: Pub com.google.android.apps.plus.content.EsGooglePhotoProvider: com.google.android.picasasync.PicasaContentProvider
07-22 18:10:10.156   144   200 D ConnectivityService: handleInetConditionHoldEnd: net=1, condition=100, published condition=0
07-22 18:10:10.168 29292 29295 D dalvikvm: GC_CONCURRENT freed 336K, 5% free 9580K/9991K, paused 2ms+2ms
07-22 18:10:10.195 29292 29292 I ActivityThread: Pub com.google.android.apps.plus.content.EsPicasaStoreProvider: com.google.android.picasastore.PicasaPhotoContentProvider
07-22 18:10:10.226 29292 29292 I ActivityThread: Pub com.google.plus.platform: com.google.android.apps.plus.content.AdsProvider
07-22 18:10:10.242 29292 29292 I ActivityThread: Pub com.google.android.apps.plus.iu.EsGoogleIuProvider: com.google.android.apps.plus.iu.InstantUploadProvider
07-22 18:10:10.300 29292 29295 D dalvikvm: GC_CONCURRENT freed 501K, 6% free 9608K/10183K, paused 2ms+2ms
07-22 18:10:10.304 29292 29292 I ActivityThread: Pub com.google.android.apps.plus.content.EsProvider: com.google.android.apps.plus.content.EsProvider
07-22 18:10:10.445 29154 29154 W ContextScopeImpl: thread=1 tried to enter the scope of the application context. Ignored.
07-22 18:10:10.531 27878 27880 D dalvikvm: GC_CONCURRENT freed 471K, 6% free 10196K/10759K, paused 21ms+3ms
07-22 18:10:10.562 29094 29094 I MediaUploader: No need to wake up
07-22 18:10:10.769 29292 29307 D PicasaPhotoCP: set fsid first time:-1
07-22 18:10:10.797 29154 29154 W ContextScopeImpl: thread=1 tried to enter the scope of the application context. Ignored.
07-22 18:10:10.855 29094 29094 I MediaUploader: No need to wake up
07-22 18:10:10.886   144   173 I ActivityManager: Start proc com.twitter.android for service com.twitter.android/.client.AppService: pid=29318 uid=10064 gids={3003, 1015}
07-22 18:10:10.922 29318 29318 I dalvikvm: Turning on JNI app bug workarounds for target SDK version 11...
07-22 18:10:10.968 29154 29154 W ContextScopeImpl: thread=1 tried to enter the scope of the application context. Ignored.
07-22 18:10:11.062   144 30155 I ActivityManager: Process com.google.android.apps.maps:LocationFriendService (pid 29199) has died.
07-22 18:10:11.203 29318 29318 I ActivityThread: Pub com.twitter.android.provider.GlobalDatabaseProvider: com.twitter.android.provider.GlobalDatabaseProvider
07-22 18:10:11.215 29318 29318 I ActivityThread: Pub com.twitter.android.provider.TwitterProvider: com.twitter.android.provider.TwitterProvider
07-22 18:10:11.257 29112 29115 D dalvikvm: GC_CONCURRENT freed 356K, 5% free 10417K/10887K, paused 13ms+96ms
07-22 18:10:11.304 29292 29295 D dalvikvm: GC_CONCURRENT freed 316K, 4% free 9840K/10247K, paused 93ms+238ms
07-22 18:10:11.328 29318 29320 D dalvikvm: GC_CONCURRENT freed 193K, 4% free 9301K/9607K, paused 2ms+1ms
07-22 18:10:11.343 29292 29315 D PicasaSync: sync account database
07-22 18:10:11.672 29292 29315 D PicasaSync: accounts in DB=1
07-22 18:10:11.687 29292 29315 D PicasaSyncManager: active network: NetworkInfo: type: WIFI[], state: CONNECTED/CONNECTED, reason: (unspecified), extra: (none), roaming: false, failover: false, isAvailable: true
07-22 18:10:11.687 29292 29315 D PicasaSyncManager: background data: true
07-22 18:10:11.781 28983 28986 D dalvikvm: GC_CONCURRENT freed 431K, 6% free 9371K/9927K, paused 5ms+2ms
07-22 18:10:11.808 28320 28846 D dalvikvm: GC_EXPLICIT freed 247K, 8% free 9882K/10631K, paused 7ms+3ms
07-22 18:10:11.871 29292 29315 D PicasaSyncManager: battery info: false
07-22 18:10:12.019 29292 29295 D dalvikvm: GC_CONCURRENT freed 184K, 3% free 10078K/10375K, paused 2ms+3ms
07-22 18:10:12.074 29318 29320 D dalvikvm: GC_CONCURRENT freed 218K, 4% free 9517K/9863K, paused 1ms+2ms
07-22 18:10:12.285 29292 29295 D dalvikvm: GC_CONCURRENT freed 148K, 3% free 10357K/10631K, paused 2ms+2ms
07-22 18:10:12.300 29318 29320 D dalvikvm: GC_CONCURRENT freed 289K, 5% free 9642K/10055K, paused 1ms+2ms
07-22 18:10:12.484 29292 29295 D dalvikvm: GC_CONCURRENT freed 293K, 5% free 10484K/10951K, paused 2ms+18ms
07-22 18:10:12.531 29292 29310 D dalvikvm: GC_FOR_ALLOC freed 0K, 5% free 10484K/10951K, paused 21ms
07-22 18:10:12.535 29318 29320 D dalvikvm: GC_CONCURRENT freed 290K, 5% free 9766K/10183K, paused 2ms+13ms
07-22 18:10:12.539 29292 29310 I dalvikvm-heap: Grow heap (frag case) to 10.555MB for 260112-byte allocation
07-22 18:10:12.574 29292 29310 D dalvikvm: GC_FOR_ALLOC freed 126K, 6% free 10612K/11207K, paused 22ms
07-22 18:10:12.609 29292 29310 D dalvikvm: GC_FOR_ALLOC freed 311K, 6% free 10605K/11207K, paused 21ms
07-22 18:10:12.640 29292 29310 D dalvikvm: GC_FOR_ALLOC freed 62K, 5% free 10669K/11207K, paused 21ms
07-22 18:10:12.640 29292 29310 I dalvikvm-heap: Grow heap (frag case) to 10.736MB for 260112-byte allocation
07-22 18:10:12.668 29292 29310 D dalvikvm: GC_FOR_ALLOC freed 126K, 6% free 10797K/11463K, paused 22ms
07-22 18:10:12.703 29292 29310 D dalvikvm: GC_FOR_ALLOC freed 307K, 6% free 10789K/11463K, paused 22ms
07-22 18:10:12.726 29292 29310 D dalvikvm: GC_FOR_ALLOC freed 62K, 6% free 10853K/11463K, paused 23ms
07-22 18:10:12.730 29292 29310 I dalvikvm-heap: Grow heap (frag case) to 10.915MB for 260112-byte allocation
07-22 18:10:12.754 29292 29310 D dalvikvm: GC_FOR_ALLOC freed 126K, 7% free 10981K/11719K, paused 21ms
07-22 18:10:12.890 29318 29320 D dalvikvm: GC_CONCURRENT freed 297K, 5% free 9890K/10311K, paused 2ms+2ms
07-22 18:10:12.976 29292 29295 D dalvikvm: GC_CONCURRENT freed 334K, 5% free 11194K/11719K, paused 2ms+2ms
07-22 18:10:13.101 29318 29320 D dalvikvm: GC_CONCURRENT freed 299K, 5% free 10018K/10439K, paused 2ms+2ms
07-22 18:10:13.234 29292 29295 D dalvikvm: GC_CONCURRENT freed 141K, 3% free 11730K/11975K, paused 2ms+3ms
07-22 18:10:13.328 29318 29320 D dalvikvm: GC_CONCURRENT freed 299K, 4% free 10151K/10567K, paused 2ms+2ms
07-22 18:10:13.519 29292 29295 D dalvikvm: GC_CONCURRENT freed 546K, 6% free 12020K/12679K, paused 2ms+2ms
07-22 18:10:13.547 29318 29320 D dalvikvm: GC_CONCURRENT freed 299K, 4% free 10279K/10695K, paused 1ms+1ms
07-22 18:10:13.785 29318 29320 D dalvikvm: GC_CONCURRENT freed 479K, 6% free 10241K/10823K, paused 2ms+2ms
07-22 18:10:13.890 29292 29295 D dalvikvm: GC_CONCURRENT freed 210K, 3% free 12753K/13063K, paused 2ms+2ms
07-22 18:10:13.996 29318 29320 D dalvikvm: GC_CONCURRENT freed 337K, 5% free 10304K/10823K, paused 2ms+2ms
07-22 18:10:14.347 29318 29320 D dalvikvm: GC_CONCURRENT freed 306K, 4% free 10403K/10823K, paused 34ms+2ms
07-22 18:10:14.386   144   144 I ActivityManager: Process com.google.android.apps.plus (pid 29292) has died.
07-22 18:10:14.547 29318 29320 D dalvikvm: GC_CONCURRENT freed 357K, 5% free 10475K/10951K, paused 2ms+2ms
07-22 18:10:14.679 29318 29320 D dalvikvm: GC_CONCURRENT freed 341K, 5% free 10555K/11015K, paused 2ms+3ms
07-22 18:10:14.703 29270 29336 E MediaScannerService: Exception in handleMessage
07-22 18:10:14.703 29270 29336 E MediaScannerService: android.os.DeadObjectException
07-22 18:10:14.703 29270 29336 E MediaScannerService: 	at android.os.BinderProxy.transact(Native Method)
07-22 18:10:14.703 29270 29336 E MediaScannerService: 	at android.media.IMediaScannerListener$Stub$Proxy.scanCompleted(IMediaScannerListener.java:100)
07-22 18:10:14.703 29270 29336 E MediaScannerService: 	at com.android.providers.media.MediaScannerService$ServiceHandler.handleMessage(MediaScannerService.java:241)
07-22 18:10:14.703 29270 29336 E MediaScannerService: 	at android.os.Handler.dispatchMessage(Handler.java:99)
07-22 18:10:14.703 29270 29336 E MediaScannerService: 	at android.os.Looper.loop(Looper.java:137)
07-22 18:10:14.703 29270 29336 E MediaScannerService: 	at com.android.providers.media.MediaScannerService.run(MediaScannerService.java:183)
07-22 18:10:14.703 29270 29336 E MediaScannerService: 	at java.lang.Thread.run(Thread.java:856)
07-22 18:10:14.824 29318 29320 D dalvikvm: GC_CONCURRENT freed 323K, 5% free 10636K/11079K, paused 2ms+2ms
07-22 18:10:14.957 29318 29320 D dalvikvm: GC_CONCURRENT freed 365K, 5% free 10723K/11207K, paused 2ms+2ms
07-22 18:10:15.101 29318 29320 D dalvikvm: GC_CONCURRENT freed 397K, 5% free 10833K/11335K, paused 2ms+2ms
07-22 18:10:17.398   280   280 I wpa_supplicant: wlan0: Associated with 00:22:0d:44:c5:e1
07-22 18:10:17.398   280   280 I wpa_supplicant: wlan0: CTRL-EVENT-EAP-STARTED EAP authentication started
07-22 18:10:17.504   280   280 I wpa_supplicant: wlan0: CTRL-EVENT-EAP-PROPOSED-METHOD vendor=0 method=4 -> NAK
07-22 18:10:17.597   280   280 I wpa_supplicant: wlan0: CTRL-EVENT-EAP-PROPOSED-METHOD vendor=0 method=25
07-22 18:10:17.601   280   280 I wpa_supplicant: wlan0: CTRL-EVENT-EAP-METHOD EAP vendor 0 method 25 (PEAP) selected
07-22 18:10:19.656 29343 29343 D dalvikvm: Late-enabling CheckJNI
07-22 18:10:19.660   144   161 I ActivityManager: Start proc com.chess for broadcast com.chess/.backend.AlarmReceiver: pid=29343 uid=10079 gids={3003, 1015}
07-22 18:10:19.840 29343 29346 D dalvikvm: GC_CONCURRENT freed 169K, 3% free 9366K/9607K, paused 2ms+2ms
07-22 18:10:19.996 29343 29357 D GetStringObjTask: retrieving from url = http://www.chess.com/api/get_move_status?id=5HHjW9WUGa%2Bcu1LUwnVJPxTIWxmEve4VdkRnRyg7b5Ch69JH2Z5aB%2B7eGuFw8K2uFx47KFsdE3JRdR3Mzv0PkZOj6eZ8N73BvxmEERrzXjMNRo80rkLyJAUTh0iqof4n
07-22 18:10:23.660   280   280 I wpa_supplicant: wlan0: CTRL-EVENT-DISCONNECTED bssid=00:22:0d:44:c5:e1 reason=0
07-22 18:10:23.664  6854  6876 D CommandListener: Clearing all IP addresses on wlan0
07-22 18:10:23.726   144   200 D ConnectivityService: ConnectivityChange for WIFI: DISCONNECTED/DISCONNECTED
07-22 18:10:23.730   144   200 D ConnectivityService: Attempting to switch to mobile
07-22 18:10:23.730   144   200 D ConnectivityService: Attempting to switch to WIMAX
07-22 18:10:23.730   144   200 D ConnectivityService: Attempting to switch to BLUETOOTH_TETHER
07-22 18:10:23.761   144   200 E ConnectivityService: Exception trying to remove a route: java.lang.IllegalStateException: Unable to communicate with native dameon to add routes - com.android.server.NativeDaemonConnectorException: Cmd {interface route remove wlan0 default 67.20.213.254 32 0.0.0.0} failed with code 400 : {Failed to remove route from default table (No such process)}
07-22 18:10:23.765   144   200 D NetUtils: android_net_utils_resetConnections in env=0x1f323c8 clazz=0x2e600001 iface=wlan0 mask=0x3
07-22 18:10:23.765   144   200 E ConnectivityService: Exception trying to remove a route: java.lang.IllegalStateException: Unable to communicate with native dameon to add routes - com.android.server.NativeDaemonConnectorException: Cmd {interface route remove wlan0 default 0.0.0.0 0 67.20.213.254} failed with code 400 : {Failed to remove route from default table (No such process)}
07-22 18:10:23.765   144   200 D ConnectivityService: resetConnections(wlan0, 3)
07-22 18:10:23.886 27878 29286 W Smack/Packet: notify conn break (IOEx), close connection
07-22 18:10:24.047 27878 29286 I qtaguid : Failed write_ctrl(u 82) res=-1 errno=22
07-22 18:10:24.047 27878 29286 I qtaguid : Untagging socket 82 failed errno=-22
07-22 18:10:24.047 27878 29286 W NetworkManagementSocketTagger: untagSocket(82) failed with errno -22
07-22 18:10:24.074   144   200 D ConnectivityService: handleInetConditionChange: no active default network - ignore
07-22 18:10:25.011 29343 29357 E GetStringObjTask: I/O error while retrieving data from http://www.chess.com/api/get_move_status?id=5HHjW9WUGa%2Bcu1LUwnVJPxTIWxmEve4VdkRnRyg7b5Ch69JH2Z5aB%2B7eGuFw8K2uFx47KFsdE3JRdR3Mzv0PkZOj6eZ8N73BvxmEERrzXjMNRo80rkLyJAUTh0iqof4n
07-22 18:10:26.347   144   161 I ActivityManager: Start proc com.google.android.apps.plus for broadcast com.google.android.apps.plus/.service.CameraMonitor: pid=29360 uid=10060 gids={3003, 3002, 1015, 1006}
07-22 18:10:26.492 29360 29363 D dalvikvm: GC_CONCURRENT freed 169K, 3% free 9366K/9607K, paused 2ms+2ms
07-22 18:10:26.539 29360 29360 I ActivityThread: Pub com.google.android.apps.plus.content.ApiProvider: com.google.android.apps.plus.content.EsApiProvider
07-22 18:10:26.543 29360 29360 I ActivityThread: Pub com.google.android.apps.plus.content.EsGooglePhotoProvider: com.google.android.picasasync.PicasaContentProvider
07-22 18:10:26.672 29360 29363 D dalvikvm: GC_CONCURRENT freed 318K, 4% free 9598K/9991K, paused 3ms+2ms
07-22 18:10:26.703 29360 29360 I ActivityThread: Pub com.google.android.apps.plus.content.EsPicasaStoreProvider: com.google.android.picasastore.PicasaPhotoContentProvider
07-22 18:10:26.711 29360 29360 I ActivityThread: Pub com.google.plus.platform: com.google.android.apps.plus.content.AdsProvider
07-22 18:10:26.722 29360 29360 I ActivityThread: Pub com.google.android.apps.plus.iu.EsGoogleIuProvider: com.google.android.apps.plus.iu.InstantUploadProvider
07-22 18:10:26.781   144   204 D Tethering: MasterInitialState.processMessage what=3
07-22 18:10:26.800 28280 28280 I ReaderFragment: ReaderFragment#maybeUpdateMenu
07-22 18:10:26.800 29360 29363 D dalvikvm: GC_CONCURRENT freed 498K, 6% free 9610K/10183K, paused 1ms+4ms
07-22 18:10:26.832 29360 29360 I ActivityThread: Pub com.google.android.apps.plus.content.EsProvider: com.google.android.apps.plus.content.EsProvider
