07-23 18:30:28.211  1271  1273 D dalvikvm: GC_CONCURRENT freed 400K, 8% free 10210K/11015K, paused 6ms+2ms
07-23 18:30:29.207  1271  1273 D dalvikvm: GC_CONCURRENT freed 398K, 8% free 10210K/11015K, paused 2ms+3ms
07-23 18:30:29.785  2353  2356 D dalvikvm: GC_CONCURRENT freed 293K, 8% free 11157K/12039K, paused 1ms+2ms
07-23 18:30:29.879  2353  2436 D dalvikvm: GC_FOR_ALLOC freed 343K, 8% free 11120K/12039K, paused 38ms
07-23 18:30:30.144   342   342 D SAN_SERVICE: *******************************************
07-23 18:30:30.144   342   342 D SAN_SERVICE: DM App Phone Service State - 0
07-23 18:30:30.144   342   342 D SAN_SERVICE: *******************************************
07-23 18:30:30.269  1271  1273 D dalvikvm: GC_CONCURRENT freed 397K, 8% free 10210K/11015K, paused 2ms+2ms
07-23 18:30:30.648   342   342 D SAN_SERVICE: *******************************************
07-23 18:30:30.648   342   342 D SAN_SERVICE: DM App Phone Service State - 0
07-23 18:30:30.648   342   342 D SAN_SERVICE: *******************************************
07-23 18:30:31.230  1271  1273 D dalvikvm: GC_CONCURRENT freed 397K, 8% free 10211K/11015K, paused 2ms+2ms
07-23 18:30:32.215  1271  1273 D dalvikvm: GC_CONCURRENT freed 397K, 8% free 10211K/11015K, paused 3ms+2ms
07-23 18:30:33.250  1271  1273 D dalvikvm: GC_CONCURRENT freed 397K, 8% free 10211K/11015K, paused 1ms+2ms
07-23 18:30:34.238  1271  1273 D dalvikvm: GC_CONCURRENT freed 397K, 8% free 10211K/11015K, paused 2ms+2ms
07-23 18:30:35.230  1271  1273 D dalvikvm: GC_CONCURRENT freed 398K, 8% free 10212K/11015K, paused 1ms+3ms
07-23 18:30:36.254  1271  1273 D dalvikvm: GC_CONCURRENT freed 410K, 7% free 10251K/11015K, paused 2ms+2ms
07-23 18:30:37.218  1271  1273 D dalvikvm: GC_CONCURRENT freed 435K, 8% free 10214K/11015K, paused 2ms+2ms
07-23 18:30:37.433  2353  2356 D dalvikvm: GC_CONCURRENT freed 692K, 9% free 11001K/12039K, paused 2ms+4ms
07-23 18:30:38.246  1271  1273 D dalvikvm: GC_CONCURRENT freed 400K, 8% free 10213K/11015K, paused 3ms+2ms
07-23 18:30:39.199  1271  1273 D dalvikvm: GC_CONCURRENT freed 398K, 8% free 10213K/11015K, paused 2ms+2ms
07-23 18:30:39.863  2353  2356 D dalvikvm: GC_CONCURRENT freed 373K, 7% free 11239K/12039K, paused 2ms+2ms
07-23 18:30:40.230  1271  1273 D dalvikvm: GC_CONCURRENT freed 398K, 8% free 10213K/11015K, paused 3ms+2ms
07-23 18:30:41.211  1271  1273 D dalvikvm: GC_CONCURRENT freed 398K, 8% free 10213K/11015K, paused 2ms+2ms
07-23 18:30:42.238  1271  1273 D dalvikvm: GC_CONCURRENT freed 398K, 8% free 10214K/11015K, paused 2ms+2ms
07-23 18:30:43.250  1271  1273 D dalvikvm: GC_CONCURRENT freed 411K, 8% free 10219K/11015K, paused 1ms+3ms
07-23 18:30:44.250  1271  1273 D dalvikvm: GC_CONCURRENT freed 446K, 8% free 10205K/11015K, paused 2ms+2ms
07-23 18:30:45.230  1271  1273 D dalvikvm: GC_CONCURRENT freed 389K, 8% free 10215K/11015K, paused 2ms+3ms
07-23 18:30:45.648   342   342 D SAN_SERVICE: *******************************************
07-23 18:30:45.648   342   342 D SAN_SERVICE: DM App Phone Service State - 0
07-23 18:30:45.648   342   342 D SAN_SERVICE: *******************************************
07-23 18:30:45.718   342   342 D SAN_SERVICE: *******************************************
07-23 18:30:45.718   342   342 D SAN_SERVICE: DM App Phone Service State - 0
07-23 18:30:45.718   342   342 D SAN_SERVICE: *******************************************
07-23 18:30:46.215  1271  1273 D dalvikvm: GC_CONCURRENT freed 397K, 8% free 10215K/11015K, paused 2ms+2ms
07-23 18:30:47.148  1271  1282 D dalvikvm: GC_EXPLICIT freed 44K, 8% free 10170K/11015K, paused 2ms+3ms
07-23 18:30:47.254  1271  1273 D dalvikvm: GC_CONCURRENT freed 352K, 8% free 10215K/11015K, paused 2ms+2ms
07-23 18:30:48.011   293   295 D dalvikvm: GC_CONCURRENT freed 300K, 6% free 10366K/10951K, paused 7ms+9ms
07-23 18:30:48.062  2353  2356 D dalvikvm: GC_CONCURRENT freed 881K, 9% free 11031K/12103K, paused 2ms+7ms
07-23 18:30:48.199  1271  1273 D dalvikvm: GC_CONCURRENT freed 397K, 8% free 10215K/11015K, paused 1ms+2ms
07-23 18:30:49.269   145   157 D dalvikvm: GC_EXPLICIT freed 1172K, 13% free 15978K/18311K, paused 4ms+10ms
07-23 18:30:49.418  1271  1273 D dalvikvm: GC_CONCURRENT freed 404K, 8% free 10210K/11015K, paused 1ms+2ms
07-23 18:30:49.929  2353  2356 D dalvikvm: GC_CONCURRENT freed 388K, 8% free 11226K/12103K, paused 2ms+3ms
07-23 18:30:50.254  1271  1273 D dalvikvm: GC_CONCURRENT freed 401K, 8% free 10208K/11015K, paused 1ms+2ms
07-23 18:30:51.246  1271  1273 D dalvikvm: GC_CONCURRENT freed 399K, 8% free 10208K/11015K, paused 2ms+2ms
07-23 18:30:52.097  2401  2402 D dalvikvm: GC_CONCURRENT freed 403K, 6% free 9066K/9543K, paused 25ms+6ms
07-23 18:30:52.211  1271  1273 D dalvikvm: GC_CONCURRENT freed 407K, 8% free 10212K/11015K, paused 3ms+3ms
07-23 18:30:53.207  1271  1273 D dalvikvm: GC_CONCURRENT freed 411K, 8% free 10212K/11015K, paused 2ms+2ms
07-23 18:30:54.215  1271  1273 D dalvikvm: GC_CONCURRENT freed 411K, 8% free 10212K/11015K, paused 2ms+2ms
07-23 18:30:55.215  1271  1273 D dalvikvm: GC_CONCURRENT freed 410K, 8% free 10213K/11015K, paused 4ms+2ms
07-23 18:30:55.914   342   342 D SAN_SERVICE: *******************************************
07-23 18:30:55.914   342   342 D SAN_SERVICE: DM App Phone Service State - 0
07-23 18:30:55.914   342   342 D SAN_SERVICE: *******************************************
07-23 18:30:56.265  1271  1273 D dalvikvm: GC_CONCURRENT freed 409K, 8% free 10213K/11015K, paused 2ms+2ms
07-23 18:30:56.660   342   342 D SAN_SERVICE: *******************************************
07-23 18:30:56.660   342   342 D SAN_SERVICE: DM App Phone Service State - 0
07-23 18:30:56.660   342   342 D SAN_SERVICE: *******************************************
07-23 18:30:56.867  2353  2356 D dalvikvm: GC_CONCURRENT freed 856K, 10% free 10993K/12103K, paused 2ms+3ms
07-23 18:30:57.207  1271  1273 D dalvikvm: GC_CONCURRENT freed 410K, 8% free 10213K/11015K, paused 2ms+2ms
07-23 18:30:58.261  1271  1273 D dalvikvm: GC_CONCURRENT freed 410K, 8% free 10214K/11015K, paused 2ms+2ms
07-23 18:30:59.230  1271  1273 D dalvikvm: GC_CONCURRENT freed 410K, 8% free 10214K/11015K, paused 2ms+2ms
07-23 18:30:59.894  2353  2356 D dalvikvm: GC_CONCURRENT freed 412K, 8% free 11177K/12103K, paused 2ms+3ms
07-23 18:31:00.207  1271  1273 D dalvikvm: GC_CONCURRENT freed 410K, 8% free 10214K/11015K, paused 1ms+2ms
07-23 18:31:01.218   293  2210 D dalvikvm: GC_EXPLICIT freed 227K, 7% free 10285K/10951K, paused 2ms+4ms
07-23 18:31:01.312  1271  1273 D dalvikvm: GC_CONCURRENT freed 410K, 8% free 10214K/11015K, paused 1ms+2ms
07-23 18:31:02.230  1271  1273 D dalvikvm: GC_CONCURRENT freed 412K, 8% free 10213K/11015K, paused 1ms+2ms
07-23 18:31:03.265  1271  1273 D dalvikvm: GC_CONCURRENT freed 410K, 8% free 10213K/11015K, paused 2ms+2ms
07-23 18:31:04.222  1271  1273 D dalvikvm: GC_CONCURRENT freed 409K, 8% free 10213K/11015K, paused 2ms+2ms
07-23 18:31:05.199  1271  1273 D dalvikvm: GC_CONCURRENT freed 409K, 8% free 10214K/11015K, paused 2ms+3ms
07-23 18:31:05.871   342   342 D SAN_SERVICE: *******************************************
07-23 18:31:05.871   342   342 D SAN_SERVICE: DM App Phone Service State - 0
07-23 18:31:05.871   342   342 D SAN_SERVICE: *******************************************
07-23 18:31:06.203  2353  2356 D dalvikvm: GC_CONCURRENT freed 837K, 10% free 10936K/12103K, paused 24ms+4ms
07-23 18:31:06.324  1271  1273 D dalvikvm: GC_CONCURRENT freed 409K, 8% free 10214K/11015K, paused 5ms+3ms
07-23 18:31:06.660   342   342 D SAN_SERVICE: *******************************************
07-23 18:31:06.660   342   342 D SAN_SERVICE: DM App Phone Service State - 0
07-23 18:31:06.660   342   342 D SAN_SERVICE: *******************************************
07-23 18:31:07.207  1271  1273 D dalvikvm: GC_CONCURRENT freed 409K, 8% free 10214K/11015K, paused 3ms+3ms
07-23 18:31:08.269  1271  1273 D dalvikvm: GC_CONCURRENT freed 409K, 8% free 10214K/11015K, paused 2ms+2ms
07-23 18:31:09.246  1271  1273 D dalvikvm: GC_CONCURRENT freed 409K, 8% free 10215K/11015K, paused 2ms+3ms
07-23 18:31:10.019  2353  2356 D dalvikvm: GC_CONCURRENT freed 360K, 8% free 11203K/12103K, paused 2ms+3ms
07-23 18:31:10.226   145  1302 D dalvikvm: GC_EXPLICIT freed 1178K, 13% free 15947K/18311K, paused 4ms+10ms
07-23 18:31:10.336  1271  1273 D dalvikvm: GC_CONCURRENT freed 409K, 8% free 10215K/11015K, paused 2ms+3ms
07-23 18:31:11.172  1271  2895 D dalvikvm: GC_EXPLICIT freed 65K, 8% free 10169K/11015K, paused 2ms+4ms
07-23 18:31:11.246  1271  1273 D dalvikvm: GC_CONCURRENT freed 351K, 8% free 10208K/11015K, paused 2ms+2ms
07-23 18:31:11.644   342   342 D SAN_SERVICE: *******************************************
07-23 18:31:11.644   342   342 D SAN_SERVICE: DM App Phone Service State - 0
07-23 18:31:11.644   342   342 D SAN_SERVICE: *******************************************
07-23 18:31:11.816   342   342 D SAN_SERVICE: *******************************************
07-23 18:31:11.816   342   342 D SAN_SERVICE: DM App Phone Service State - 0
07-23 18:31:11.820   342   342 D SAN_SERVICE: *******************************************
07-23 18:31:12.226  1271  1273 D dalvikvm: GC_CONCURRENT freed 405K, 8% free 10213K/11015K, paused 2ms+2ms
07-23 18:31:13.285  1271  1273 D dalvikvm: GC_CONCURRENT freed 409K, 8% free 10213K/11015K, paused 1ms+2ms
07-23 18:31:14.215  1271  1273 D dalvikvm: GC_CONCURRENT freed 410K, 8% free 10213K/11015K, paused 3ms+2ms
07-23 18:31:15.199  1271  1273 D dalvikvm: GC_CONCURRENT freed 410K, 8% free 10214K/11015K, paused 2ms+2ms
07-23 18:31:16.246  1271  1273 D dalvikvm: GC_CONCURRENT freed 409K, 8% free 10214K/11015K, paused 1ms+2ms
07-23 18:31:16.410   342   342 D SAN_SERVICE: *******************************************
07-23 18:31:16.410   342   342 D SAN_SERVICE: DM App Phone Service State - 0
07-23 18:31:16.410   342   342 D SAN_SERVICE: *******************************************
07-23 18:31:16.429   342   345 D dalvikvm: GC_CONCURRENT freed 395K, 7% free 9467K/10119K, paused 14ms+2ms
07-23 18:31:16.488  2353  2356 D dalvikvm: GC_CONCURRENT freed 869K, 10% free 10940K/12103K, paused 12ms+4ms
07-23 18:31:16.660   342   342 D SAN_SERVICE: *******************************************
07-23 18:31:16.660   342   342 D SAN_SERVICE: DM App Phone Service State - 0
07-23 18:31:16.660   342   342 D SAN_SERVICE: *******************************************
07-23 18:31:17.281  1271  1273 D dalvikvm: GC_CONCURRENT freed 409K, 8% free 10214K/11015K, paused 2ms+3ms
07-23 18:31:18.254  1271  1273 D dalvikvm: GC_CONCURRENT freed 409K, 8% free 10214K/11015K, paused 2ms+2ms
07-23 18:31:19.218  1271  1273 D dalvikvm: GC_CONCURRENT freed 410K, 8% free 10215K/11015K, paused 2ms+2ms
07-23 18:31:20.066  2353  2356 D dalvikvm: GC_CONCURRENT freed 365K, 8% free 11203K/12103K, paused 3ms+3ms
07-23 18:31:20.218  1271  1273 D dalvikvm: GC_CONCURRENT freed 409K, 8% free 10215K/11015K, paused 2ms+2ms
07-23 18:31:21.234  1271  1273 D dalvikvm: GC_CONCURRENT freed 409K, 8% free 10215K/11015K, paused 3ms+2ms
07-23 18:31:21.441   342   342 D SAN_SERVICE: *******************************************
07-23 18:31:21.441   342   342 D SAN_SERVICE: DM App Phone Service State - 0
07-23 18:31:21.441   342   342 D SAN_SERVICE: *******************************************
07-23 18:31:21.640   342   342 D SAN_SERVICE: *******************************************
07-23 18:31:21.640   342   342 D SAN_SERVICE: DM App Phone Service State - 0
07-23 18:31:21.640   342   342 D SAN_SERVICE: *******************************************
07-23 18:31:22.211  1271  1273 D dalvikvm: GC_CONCURRENT freed 408K, 8% free 10216K/11015K, paused 1ms+7ms
07-23 18:31:22.531  2353  2360 I dalvikvm: Jit: resizing JitTable from 4096 to 8192
07-23 18:31:23.195  1271  1273 D dalvikvm: GC_CONCURRENT freed 397K, 8% free 10212K/11015K, paused 1ms+2ms
07-23 18:31:24.199  1271  1273 D dalvikvm: GC_CONCURRENT freed 393K, 8% free 10212K/11015K, paused 2ms+3ms
07-23 18:31:25.226  1271  1273 D dalvikvm: GC_CONCURRENT freed 393K, 8% free 10212K/11015K, paused 1ms+2ms
07-23 18:31:26.097  2353  2356 D dalvikvm: GC_CONCURRENT freed 891K, 10% free 10915K/12103K, paused 2ms+6ms
07-23 18:31:26.218  1271  1273 D dalvikvm: GC_CONCURRENT freed 393K, 8% free 10213K/11015K, paused 2ms+2ms
07-23 18:31:27.230  1271  1273 D dalvikvm: GC_CONCURRENT freed 392K, 8% free 10213K/11015K, paused 1ms+2ms
07-23 18:31:28.246  1271  1273 D dalvikvm: GC_CONCURRENT freed 405K, 8% free 10219K/11015K, paused 1ms+4ms
07-23 18:31:28.437  1271  1273 D dalvikvm: GC_CONCURRENT freed 411K, 8% free 10204K/11015K, paused 2ms+2ms
07-23 18:31:29.238  1271  1273 D dalvikvm: GC_CONCURRENT freed 366K, 8% free 10231K/11015K, paused 2ms+2ms
07-23 18:31:30.320   145   430 D dalvikvm: GC_EXPLICIT freed 1130K, 13% free 15970K/18311K, paused 3ms+9ms
07-23 18:31:30.449  2353  2356 D dalvikvm: GC_CONCURRENT freed 306K, 8% free 11218K/12103K, paused 42ms+3ms
07-23 18:31:30.539  1271  1273 D dalvikvm: GC_CONCURRENT freed 392K, 8% free 10232K/11015K, paused 2ms+4ms
07-23 18:31:31.222  1271  1273 D dalvikvm: GC_CONCURRENT freed 395K, 8% free 10230K/11015K, paused 2ms+2ms
07-23 18:31:31.711   342   342 D SAN_SERVICE: *******************************************
07-23 18:31:31.711   342   342 D SAN_SERVICE: DM App Phone Service State - 0
07-23 18:31:31.711   342   342 D SAN_SERVICE: *******************************************
07-23 18:31:32.207  1271  1273 D dalvikvm: GC_CONCURRENT freed 392K, 8% free 10230K/11015K, paused 2ms+2ms
07-23 18:31:33.207  1271  1273 D dalvikvm: GC_CONCURRENT freed 392K, 8% free 10230K/11015K, paused 2ms+2ms
07-23 18:31:34.058  2353  2372 W System.err: javax.net.ssl.SSLException: Connection closed by peer
07-23 18:31:34.062  2353  2356 D dalvikvm: GC_CONCURRENT freed 1025K, 10% free 10906K/12103K, paused 3ms+4ms
07-23 18:31:34.066  2353  2372 W System.err: 	at org.apache.harmony.xnet.provider.jsse.NativeCrypto.SSL_do_handshake(Native Method)
07-23 18:31:34.066  2353  2372 W System.err: 	at org.apache.harmony.xnet.provider.jsse.OpenSSLSocketImpl.startHandshake(OpenSSLSocketImpl.java:410)
07-23 18:31:34.066  2353  2372 W System.err: 	at org.apache.harmony.xnet.provider.jsse.OpenSSLSocketImpl.startHandshake(OpenSSLSocketImpl.java:257)
07-23 18:31:34.066  2353  2372 W System.err: 	at android.net.SSLCertificateSocketFactory.verifyHostname(SSLCertificateSocketFactory.java:191)
07-23 18:31:34.066  2353  2372 W System.err: 	at android.net.SSLCertificateSocketFactory.createSocket(SSLCertificateSocketFactory.java:276)
07-23 18:31:34.066  2353  2372 W System.err: 	at org.apache.http.conn.ssl.SSLSocketFactory.createSocket(SSLSocketFactory.java:375)
07-23 18:31:34.066  2353  2372 W System.err: 	at e.d.createSocket(SourceFile:159)
07-23 18:31:34.066  2353  2372 W System.err: 	at org.apache.http.impl.conn.DefaultClientConnectionOperator.openConnection(DefaultClientConnectionOperator.java:165)
07-23 18:31:34.066  2353  2372 W System.err: 	at org.apache.http.impl.conn.AbstractPoolEntry.open(AbstractPoolEntry.java:164)
07-23 18:31:34.066  2353  2372 W System.err: 	at org.apache.http.impl.conn.AbstractPooledConnAdapter.open(AbstractPooledConnAdapter.java:119)
07-23 18:31:34.070  2353  2372 W System.err: 	at org.apache.http.impl.client.DefaultRequestDirector.execute(DefaultRequestDirector.java:452)
07-23 18:31:34.070  2353  2372 W System.err: 	at org.apache.http.impl.client.AbstractHttpClient.execute(AbstractHttpClient.java:555)
07-23 18:31:34.070  2353  2372 W System.err: 	at org.apache.http.impl.client.AbstractHttpClient.execute(AbstractHttpClient.java:487)
07-23 18:31:34.070  2353  2372 W System.err: 	at android.net.http.AndroidHttpClient.execute(AndroidHttpClient.java:257)
07-23 18:31:34.070  2353  2372 W System.err: 	at e.a.a(SourceFile:202)
07-23 18:31:34.070  2353  2372 W System.err: 	at e.a.execute(SourceFile:244)
07-23 18:31:34.070  2353  2372 W System.err: 	at e.a.execute(SourceFile:312)
07-23 18:31:34.070  2353  2372 W System.err: 	at am.c.a(SourceFile:126)
07-23 18:31:34.074  2353  2372 W System.err: 	at am.c.f(SourceFile:172)
07-23 18:31:34.074  2353  2372 W System.err: 	at p.d.run(SourceFile:419)
07-23 18:31:34.074  2353  2372 W System.err: 	at p.c.c(SourceFile:225)
07-23 18:31:34.074  2353  2372 W System.err: 	at p.c.run(SourceFile:199)
07-23 18:31:34.074  2353  2372 W System.err: 	at ao.c.run(SourceFile:96)
07-23 18:31:34.246  1271  1273 D dalvikvm: GC_CONCURRENT freed 483K, 7% free 10245K/11015K, paused 1ms+4ms
07-23 18:31:35.191  1271  2540 D dalvikvm: GC_EXPLICIT freed 311K, 8% free 10193K/11015K, paused 2ms+3ms
07-23 18:31:36.152  1271  1273 D dalvikvm: GC_CONCURRENT freed 379K, 8% free 10198K/11015K, paused 4ms+2ms
07-23 18:31:36.257  1271  1273 D dalvikvm: GC_CONCURRENT freed 355K, 8% free 10232K/11015K, paused 2ms+2ms
07-23 18:31:37.238  1271  1273 D dalvikvm: GC_CONCURRENT freed 392K, 8% free 10233K/11015K, paused 2ms+3ms
07-23 18:31:38.238  1271  1273 D dalvikvm: GC_CONCURRENT freed 392K, 8% free 10233K/11015K, paused 11ms+2ms
07-23 18:31:39.257  1271  1273 D dalvikvm: GC_CONCURRENT freed 395K, 8% free 10232K/11015K, paused 2ms+2ms
07-23 18:31:40.230  1271  1273 D dalvikvm: GC_CONCURRENT freed 384K, 6% free 10358K/11015K, paused 1ms+12ms
07-23 18:31:40.336  2353  2356 D dalvikvm: GC_CONCURRENT freed 358K, 8% free 11173K/12103K, paused 2ms+3ms
07-23 18:31:41.191  1271  1273 D dalvikvm: GC_CONCURRENT freed 556K, 7% free 10302K/11015K, paused 2ms+2ms
07-23 18:31:41.910   342   342 D SAN_SERVICE: *******************************************
07-23 18:31:41.910   342   342 D SAN_SERVICE: DM App Phone Service State - 0
07-23 18:31:41.910   342   342 D SAN_SERVICE: *******************************************
07-23 18:31:42.230  1271  1273 D dalvikvm: GC_CONCURRENT freed 416K, 7% free 10278K/11015K, paused 2ms+3ms
07-23 18:31:42.711   145   338 D AlarmManagerService: Kernel timezone updated to 240 minutes west of GMT
07-23 18:31:42.718   342   342 D SAN_SERVICE: *******************************************
07-23 18:31:42.718   342   342 D SAN_SERVICE: DM App Phone Service State - 0
07-23 18:31:42.718   342   342 D SAN_SERVICE: *******************************************
07-23 18:31:43.203   342   342 D SAN_SERVICE: *******************************************
07-23 18:31:43.203   342   342 D SAN_SERVICE: DM App Phone Service State - 0
07-23 18:31:43.203   342   342 D SAN_SERVICE: *******************************************
07-23 18:31:43.375  1271  1273 D dalvikvm: GC_CONCURRENT freed 392K, 7% free 10278K/11015K, paused 6ms+6ms
07-23 18:31:43.398  2353  2356 D dalvikvm: GC_CONCURRENT freed 967K, 11% free 10809K/12103K, paused 2ms+12ms
07-23 18:31:43.691   342   342 D SAN_SERVICE: *******************************************
07-23 18:31:43.691   342   342 D SAN_SERVICE: DM App Phone Service State - 0
07-23 18:31:43.691   342   342 D SAN_SERVICE: *******************************************
07-23 18:31:44.281  1271  1273 D dalvikvm: GC_CONCURRENT freed 451K, 8% free 10240K/11015K, paused 3ms+3ms
07-23 18:31:44.718   293   295 D dalvikvm: GC_CONCURRENT freed 324K, 6% free 10347K/10951K, paused 3ms+5ms
07-23 18:31:45.238  1271  1273 D dalvikvm: GC_CONCURRENT freed 430K, 8% free 10236K/11015K, paused 1ms+3ms
07-23 18:31:46.265  1271  1273 D dalvikvm: GC_CONCURRENT freed 401K, 8% free 10227K/11015K, paused 2ms+2ms
07-23 18:31:47.218  1271  1273 D dalvikvm: GC_CONCURRENT freed 392K, 8% free 10227K/11015K, paused 2ms+2ms
07-23 18:31:48.199  1271  1273 D dalvikvm: GC_CONCURRENT freed 392K, 8% free 10227K/11015K, paused 2ms+2ms
07-23 18:31:49.234  1271  1273 D dalvikvm: GC_CONCURRENT freed 407K, 7% free 10263K/11015K, paused 6ms+2ms
07-23 18:31:50.144   293   307 D dalvikvm: GC_EXPLICIT freed 165K, 7% free 10227K/10951K, paused 2ms+3ms
07-23 18:31:50.269   145   157 D dalvikvm: GC_EXPLICIT freed 1149K, 13% free 15997K/18311K, paused 2ms+12ms
07-23 18:31:50.453  1271  1273 D dalvikvm: GC_CONCURRENT freed 427K, 8% free 10230K/11015K, paused 2ms+5ms
07-23 18:31:50.476  2353  2356 D dalvikvm: GC_CONCURRENT freed 253K, 8% free 11135K/12103K, paused 2ms+6ms
07-23 18:31:51.199  1271  1273 D dalvikvm: GC_CONCURRENT freed 398K, 8% free 10225K/11015K, paused 2ms+2ms
07-23 18:31:52.226  1271  1273 D dalvikvm: GC_CONCURRENT freed 392K, 8% free 10225K/11015K, paused 2ms+3ms
07-23 18:31:52.527   342   342 D SAN_SERVICE: *******************************************
07-23 18:31:52.527   342   342 D SAN_SERVICE: DM App Phone Service State - 0
07-23 18:31:52.527   342   342 D SAN_SERVICE: *******************************************
07-23 18:31:52.988  2353  2356 D dalvikvm: GC_CONCURRENT freed 951K, 11% free 10773K/12103K, paused 4ms+2ms
07-23 18:31:53.234  1271  1273 D dalvikvm: GC_CONCURRENT freed 391K, 8% free 10223K/11015K, paused 2ms+2ms
07-23 18:31:54.222  1271  1273 D dalvikvm: GC_CONCURRENT freed 388K, 8% free 10223K/11015K, paused 2ms+3ms
07-23 18:31:54.707   342   342 D SAN_SERVICE: *******************************************
07-23 18:31:54.707   342   342 D SAN_SERVICE: DM App Phone Service State - 0
07-23 18:31:54.707   342   342 D SAN_SERVICE: *******************************************
07-23 18:31:55.203  1271  1273 D dalvikvm: GC_CONCURRENT freed 388K, 8% free 10224K/11015K, paused 1ms+2ms
07-23 18:31:56.246  1271  1273 D dalvikvm: GC_CONCURRENT freed 388K, 8% free 10224K/11015K, paused 2ms+2ms
07-23 18:31:57.293  1271  1273 D dalvikvm: GC_CONCURRENT freed 388K, 8% free 10224K/11015K, paused 3ms+3ms
07-23 18:31:58.215  1271  1273 D dalvikvm: GC_CONCURRENT freed 388K, 8% free 10224K/11015K, paused 3ms+2ms
07-23 18:31:59.199  1271  1273 D dalvikvm: GC_CONCURRENT freed 388K, 8% free 10225K/11015K, paused 2ms+2ms
07-23 18:32:00.156  1271  3000 D dalvikvm: GC_EXPLICIT freed 47K, 8% free 10185K/11015K, paused 3ms+2ms
07-23 18:32:00.672  2353  2356 D dalvikvm: GC_CONCURRENT freed 186K, 9% free 11129K/12103K, paused 2ms+3ms
07-23 18:32:01.187  1271  1273 D dalvikvm: GC_CONCURRENT freed 378K, 8% free 10192K/11015K, paused 2ms+2ms
07-23 18:32:01.297  1271  1273 D dalvikvm: GC_CONCURRENT freed 353K, 8% free 10225K/11015K, paused 3ms+2ms
07-23 18:32:02.242  2353  2356 D dalvikvm: GC_CONCURRENT freed 979K, 12% free 10728K/12103K, paused 2ms+5ms
07-23 18:32:02.297  1271  1273 D dalvikvm: GC_CONCURRENT freed 388K, 8% free 10226K/11015K, paused 3ms+3ms
07-23 18:32:02.441   276   276 I wpa_supplicant: wlan0: CTRL-EVENT-DISCONNECTED bssid=00:24:6c:96:66:c0 reason=0
07-23 18:32:02.453    75   117 D CommandListener: Clearing all IP addresses on wlan0
07-23 18:32:02.488   145   201 D ConnectivityService: ConnectivityChange for WIFI: DISCONNECTED/DISCONNECTED
07-23 18:32:02.500   145   201 D ConnectivityService: Attempting to switch to mobile
07-23 18:32:02.500   145   201 D ConnectivityService: Attempting to switch to WIMAX
07-23 18:32:02.500   145   201 D ConnectivityService: Attempting to switch to BLUETOOTH_TETHER
07-23 18:32:02.539   145   201 E ConnectivityService: Exception trying to remove a route: java.lang.IllegalStateException: Unable to communicate with native dameon to add routes - com.android.server.NativeDaemonConnectorException: Cmd {interface route remove wlan0 default 10.3.1.1 32 0.0.0.0} failed with code 400 : {Failed to remove route from default table (No such process)}
07-23 18:32:02.547   145   201 D NetUtils: android_net_utils_resetConnections in env=0x2fd008 clazz=0xdc00001 iface=wlan0 mask=0x3
07-23 18:32:02.547   145   201 E ConnectivityService: Exception trying to remove a route: java.lang.IllegalStateException: Unable to communicate with native dameon to add routes - com.android.server.NativeDaemonConnectorException: Cmd {interface route remove wlan0 default 0.0.0.0 0 10.3.1.1} failed with code 400 : {Failed to remove route from default table (No such process)}
07-23 18:32:02.547   145   201 D ConnectivityService: resetConnections(wlan0, 3)
07-23 18:32:02.679   215   217 D dalvikvm: GC_CONCURRENT freed 447K, 28% free 10316K/14215K, paused 2ms+3ms
07-23 18:32:02.777   293   889 E GTalkService: connectionClosed: no XMPPConnection - That's strange!
07-23 18:32:02.777   145   201 D ConnectivityService: handleInetConditionChange: no active default network - ignore
07-23 18:32:03.254  1271  1273 D dalvikvm: GC_CONCURRENT freed 388K, 8% free 10226K/11015K, paused 1ms+2ms
07-23 18:32:03.293   293   889 E GTalkService: connectionClosed: no XMPPConnection - That's strange!
07-23 18:32:04.195  1271  1273 D dalvikvm: GC_CONCURRENT freed 388K, 8% free 10226K/11015K, paused 2ms+2ms
07-23 18:32:05.203  1271  1273 D dalvikvm: GC_CONCURRENT freed 388K, 8% free 10226K/11015K, paused 2ms+2ms
07-23 18:32:05.468   215   217 D dalvikvm: GC_CONCURRENT freed 399K, 27% free 10406K/14215K, paused 2ms+3ms
07-23 18:32:05.558   145   205 D Tethering: MasterInitialState.processMessage what=3
07-23 18:32:05.601   215   217 D dalvikvm: GC_CONCURRENT freed 511K, 28% free 10338K/14215K, paused 2ms+42ms
07-23 18:32:05.648  2247  2247 I MediaUploader: No need to wake up
07-23 18:32:05.656   453   453 I PhoneLab-WiFiReceiver: Wi-Fi is disconnected!
07-23 18:32:05.738   453  1296 I PhoneLab-: Service Running
07-23 18:32:05.746  2263  2282 D PicasaSyncManager: active network: null
07-23 18:32:05.746  2263  2282 D PicasaSyncManager: background data: true
07-23 18:32:05.847  2326  2328 D dalvikvm: GC_CONCURRENT freed 307K, 5% free 9874K/10311K, paused 5ms+5ms
07-23 18:32:05.859   453  1296 I PhoneLab-LoggerService: app_37    1300  453   1440   1068  c00f181c 400107b4 S logcat
07-23 18:32:05.859   453  1296 I PhoneLab-LoggerService: Logcat pid from database 1300
07-23 18:32:05.863   453  1296 I PhoneLab-LoggerService: Logcat process found 1300
07-23 18:32:05.863   453  1296 I PhoneLab-LoggerService: Checking Threshold
07-23 18:32:05.863   453  1296 I PhoneLab-LoggerService: Starting to rename files
07-23 18:32:05.863   453  1296 I PhoneLab-LoggerService: Files found .. 2
07-23 18:32:05.863   453  1296 I PhoneLab-LoggerService: File 1 log.out.1
07-23 18:32:05.906   453  1296 I PhoneLab-LoggerService: Renamed successfully
07-23 18:32:06.035   215   217 D dalvikvm: GC_CONCURRENT freed 651K, 29% free 10141K/14215K, paused 2ms+4ms
07-23 18:32:06.117   215   217 D dalvikvm: GC_CONCURRENT freed 289K, 28% free 10328K/14215K, paused 2ms+3ms
07-23 18:32:06.289  1271  1273 D dalvikvm: GC_CONCURRENT freed 387K, 8% free 10227K/11015K, paused 2ms+2ms
07-23 18:32:07.254   145   423 D dalvikvm: GC_EXPLICIT freed 1585K, 13% free 15996K/18311K, paused 2ms+9ms
07-23 18:32:07.343  1271  1273 D dalvikvm: GC_CONCURRENT freed 388K, 8% free 10227K/11015K, paused 2ms+2ms
07-23 18:32:08.207  1271  1273 D dalvikvm: GC_CONCURRENT freed 390K, 8% free 10225K/11015K, paused 2ms+2ms
07-23 18:32:08.547   276   276 I wpa_supplicant: wlan0: Trying to associate with 00:24:6c:96:66:c0 (SSID='TimHortons' freq=2412 MHz)
07-23 18:32:09.207  1271  1273 D dalvikvm: GC_CONCURRENT freed 388K, 8% free 10225K/11015K, paused 1ms+2ms
07-23 18:32:09.879  2353  2356 D dalvikvm: GC_CONCURRENT freed 121K, 9% free 11053K/12103K, paused 47ms+3ms
07-23 18:32:10.265  1271  1273 D dalvikvm: GC_CONCURRENT freed 388K, 8% free 10226K/11015K, paused 2ms+2ms
07-23 18:32:10.816   145   201 D ConnectivityService: ConnectivityChange for mobile: CONNECTED/CONNECTED
07-23 18:32:10.929   145   197 D NetworkPolicy: applying policy NetworkPolicy[NetworkTemplate: matchRule=MOBILE_ALL, subscriberId=valid]: cycleDay=20, warningBytes=2147483648, limitBytes=-1, lastSnooze=-1 to ifaces [rmnet0]
07-23 18:32:11.164  2353  2356 D dalvikvm: GC_CONCURRENT freed 551K, 8% free 11170K/12103K, paused 1ms+14ms
07-23 18:32:11.250  1271  1273 D dalvikvm: GC_CONCURRENT freed 389K, 8% free 10225K/11015K, paused 1ms+2ms
07-23 18:32:11.820   145   201 D ConnectivityService: NetTransition Wakelock for WifiStateMachine released by timeout
07-23 18:32:12.246  1271  1273 D dalvikvm: GC_CONCURRENT freed 388K, 8% free 10225K/11015K, paused 1ms+2ms
07-23 18:32:13.281  1271  1273 D dalvikvm: GC_CONCURRENT freed 388K, 8% free 10226K/11015K, paused 2ms+2ms
07-23 18:32:13.289   293   293 I GTalkService/c: [AndroidEndpoint@1094452128] connect: acct=1000000, state=CONNECTING
07-23 18:32:13.293   293   293 I GTalkService/c: [GTalkConnection@1093754512] connect: acct=1, state=CONNECTING
07-23 18:32:13.843   293   295 D dalvikvm: GC_CONCURRENT freed 323K, 6% free 10300K/10951K, paused 3ms+5ms
07-23 18:32:13.875   145   205 D Tethering: MasterInitialState.processMessage what=3
07-23 18:32:13.972  2247  2247 I MediaUploader: No need to wake up
07-23 18:32:14.031  2326  2326 W ContextScopeImpl: thread=1 tried to enter the scope of the application context. Ignored.
07-23 18:32:14.039  2263  2282 D PicasaSyncManager: active network: NetworkInfo: type: mobile[CDMA - EvDo rev. A], state: CONNECTED/CONNECTED, reason: (unspecified), extra: , roaming: false, failover: true, isAvailable: true
07-23 18:32:14.047  2263  2282 D PicasaSyncManager: background data: true
07-23 18:32:14.238  1271  1273 D dalvikvm: GC_CONCURRENT freed 388K, 8% free 10226K/11015K, paused 2ms+3ms
07-23 18:32:14.574   906   909 D dalvikvm: GC_CONCURRENT freed 426K, 8% free 9923K/10695K, paused 23ms+3ms
07-23 18:32:15.269  1271  1273 D dalvikvm: GC_CONCURRENT freed 391K, 8% free 10223K/11015K, paused 2ms+3ms
07-23 18:32:15.722   145   201 D ConnectivityService: handleInetConditionHoldEnd: net=0, condition=100, published condition=0
07-23 18:32:15.980   145   162 I ActivityManager: Start proc com.google.android.talk for broadcast com.google.android.talk/.ConnectionStateOnlineReceiver: pid=3047 uid=10045 gids={3003, 1015, 1006, 3002}
07-23 18:32:16.093  3047  3047 I ActivityThread: Pub com.google.android.talk.SuggestionProvider: com.google.android.talk.SuggestionsProvider
07-23 18:32:16.168  3047  3047 D vclib:CallStateClient: startListening
07-23 18:32:16.246  3047  3050 D dalvikvm: GC_CONCURRENT freed 148K, 3% free 9355K/9607K, paused 2ms+2ms
07-23 18:32:16.410  1271  1273 D dalvikvm: GC_CONCURRENT freed 388K, 8% free 10223K/11015K, paused 2ms+3ms
07-23 18:32:16.488   293   295 D dalvikvm: GC_CONCURRENT freed 383K, 6% free 10307K/10951K, paused 7ms+5ms
07-23 18:32:16.539   145   423 I ActivityManager: No longer want com.android.providers.calendar (pid 2185): hidden #16
07-23 18:32:17.215  1271  1273 D dalvikvm: GC_CONCURRENT freed 388K, 8% free 10223K/11015K, paused 4ms+2ms
07-23 18:32:18.215  1271  1273 D dalvikvm: GC_CONCURRENT freed 388K, 8% free 10224K/11015K, paused 2ms+3ms
07-23 18:32:18.593   276   276 I wpa_supplicant: wlan0: Authentication with 00:24:6c:96:66:c0 timed out.
07-23 18:32:19.269   145   421 D dalvikvm: GC_EXPLICIT freed 1544K, 14% free 15900K/18311K, paused 3ms+8ms
07-23 18:32:19.379  1271  1273 D dalvikvm: GC_CONCURRENT freed 389K, 8% free 10224K/11015K, paused 3ms+2ms
07-23 18:32:19.445  2263  3079 D PicasaSyncService: start sync on lokeshmandvekar@gmail.com
07-23 18:32:19.457  2263  2282 D PicasaSyncManager: reject MetadataSyncTask (lokeshmandvekar@gmail.com) for non-wifi connection
07-23 18:32:19.465  2263  3079 D PicasaSyncService: sync finished
07-23 18:32:19.480  2263  2282 D PicasaSyncManager: reject MetadataSyncTask (lokeshmandvekar@gmail.com) for non-wifi connection
07-23 18:32:20.152   293   594 D dalvikvm: GC_EXPLICIT freed 137K, 7% free 10279K/10951K, paused 2ms+3ms
07-23 18:32:20.261  1271  1273 D dalvikvm: GC_CONCURRENT freed 389K, 8% free 10222K/11015K, paused 2ms+2ms
07-23 18:32:21.257  2353  2356 D dalvikvm: GC_CONCURRENT freed 751K, 9% free 11121K/12103K, paused 2ms+3ms
07-23 18:32:21.320  1271  1273 D dalvikvm: GC_CONCURRENT freed 388K, 8% free 10222K/11015K, paused 2ms+5ms
07-23 18:32:21.390  2353  2436 D dalvikvm: GC_FOR_ALLOC freed 181K, 8% free 11166K/12103K, paused 37ms
07-23 18:32:21.441  2353  2436 D dalvikvm: GC_FOR_ALLOC freed 179K, 8% free 11149K/12103K, paused 27ms
07-23 18:32:22.265  1271  1273 D dalvikvm: GC_CONCURRENT freed 388K, 8% free 10222K/11015K, paused 2ms+3ms
07-23 18:32:23.246  1271  1273 D dalvikvm: GC_CONCURRENT freed 384K, 8% free 10223K/11015K, paused 2ms+2ms
07-23 18:32:24.132  1271  1273 D dalvikvm: GC_CONCURRENT freed 391K, 8% free 10216K/11015K, paused 2ms+2ms
07-23 18:32:24.183  1271  1271 D dalvikvm: GC_EXPLICIT freed 38K, 8% free 10184K/11015K, paused 2ms+3ms
07-23 18:32:25.175  1271  1273 D dalvikvm: GC_CONCURRENT freed 440K, 7% free 10251K/11015K, paused 1ms+2ms
07-23 18:32:25.586   276   276 I wpa_supplicant: wlan0: Trying to associate with 00:17:59:08:b1:31 (SSID='UB_Secure' freq=2412 MHz)
07-23 18:32:26.211  1271  1273 D dalvikvm: GC_CONCURRENT freed 455K, 7% free 10307K/11015K, paused 2ms+4ms
07-23 18:32:26.531  2353  2356 D dalvikvm: GC_CONCURRENT freed 834K, 10% free 10900K/12103K, paused 21ms+2ms
07-23 18:32:27.218  1271  1273 D dalvikvm: GC_CONCURRENT freed 547K, 8% free 10242K/11015K, paused 2ms+3ms
07-23 18:32:27.703   145   156 D AlarmManagerService: Kernel timezone updated to 240 minutes west of GMT
07-23 18:32:29.172  1271  1273 D dalvikvm: GC_CONCURRENT freed 503K, 8% free 10229K/11015K, paused 4ms+3ms
07-23 18:32:30.195  1271  1273 D dalvikvm: GC_CONCURRENT freed 460K, 7% free 10281K/11015K, paused 1ms+4ms
07-23 18:32:31.250  1271  1273 D dalvikvm: GC_CONCURRENT freed 573K, 8% free 10214K/11015K, paused 2ms+3ms
07-23 18:32:31.422  2353  2356 D dalvikvm: GC_CONCURRENT freed 328K, 8% free 11190K/12103K, paused 2ms+3ms
07-23 18:32:31.453  2353  2436 D dalvikvm: GC_FOR_ALLOC freed 48K, 8% free 11173K/12103K, paused 29ms
07-23 18:32:31.453  2353  2436 I dalvikvm-heap: Grow heap (frag case) to 11.041MB for 64490-byte allocation
07-23 18:32:31.492  2353  2419 D dalvikvm: GC_FOR_ALLOC freed 86K, 9% free 11150K/12167K, paused 26ms
07-23 18:32:33.187  1271  1273 D dalvikvm: GC_CONCURRENT freed 475K, 8% free 10230K/11015K, paused 2ms+3ms
07-23 18:32:34.195  1271  1273 D dalvikvm: GC_CONCURRENT freed 460K, 7% free 10282K/11015K, paused 1ms+2ms
07-23 18:32:35.285  1271  1273 D dalvikvm: GC_CONCURRENT freed 568K, 8% free 10220K/11015K, paused 2ms+4ms
07-23 18:32:35.613   276   276 I wpa_supplicant: wlan0: Authentication with 00:17:59:08:b1:31 timed out.
07-23 18:32:37.199  1271  1273 D dalvikvm: GC_CONCURRENT freed 479K, 8% free 10232K/11015K, paused 2ms+3ms
07-23 18:32:38.164   145   378 D dalvikvm: GC_EXPLICIT freed 965K, 14% free 15910K/18311K, paused 3ms+8ms
07-23 18:32:38.265  1271  1273 D dalvikvm: GC_CONCURRENT freed 459K, 7% free 10284K/11015K, paused 1ms+3ms
07-23 18:32:39.289  1271  1273 D dalvikvm: GC_CONCURRENT freed 569K, 8% free 10218K/11015K, paused 2ms+3ms
07-23 18:32:39.406  2353  2356 D dalvikvm: GC_CONCURRENT freed 733K, 10% free 11002K/12167K, paused 3ms+2ms
07-23 18:32:41.238  1271  1273 D dalvikvm: GC_CONCURRENT freed 480K, 8% free 10229K/11015K, paused 5ms+19ms
07-23 18:32:41.699  2353  2356 D dalvikvm: GC_CONCURRENT freed 349K, 8% free 11302K/12167K, paused 2ms+3ms
07-23 18:32:42.191  1271  1273 D dalvikvm: GC_CONCURRENT freed 460K, 7% free 10280K/11015K, paused 1ms+3ms
07-23 18:32:43.215  1271  1273 D dalvikvm: GC_CONCURRENT freed 551K, 8% free 10233K/11015K, paused 2ms+2ms
07-23 18:32:45.246  1271  1273 D dalvikvm: GC_CONCURRENT freed 493K, 8% free 10231K/11015K, paused 3ms+3ms
07-23 18:32:45.789   276   276 I wpa_supplicant: wlan0: Trying to associate with 00:17:59:08:b1:31 (SSID='UB_Secure' freq=2412 MHz)
07-23 18:32:45.894    75   114 D NetlinkEvent: Unexpected netlink message. type=0xf
07-23 18:32:46.242  1271  1273 D dalvikvm: GC_CONCURRENT freed 459K, 7% free 10284K/11015K, paused 2ms+3ms
07-23 18:32:47.215   145   363 W ActivityManager: finishReceiver called but no pending broadcasts
07-23 18:32:47.285  1271  1273 D dalvikvm: GC_CONCURRENT freed 536K, 7% free 10255K/11015K, paused 2ms+3ms
07-23 18:32:47.394   215   217 D dalvikvm: GC_CONCURRENT freed 831K, 31% free 9933K/14215K, paused 2ms+3ms
07-23 18:32:47.449   215   217 D dalvikvm: GC_CONCURRENT freed 458K, 31% free 9920K/14215K, paused 2ms+2ms
07-23 18:32:47.480  2353  2356 D dalvikvm: GC_CONCURRENT freed 997K, 10% free 10969K/12167K, paused 10ms+2ms
07-23 18:32:47.535   215   217 D dalvikvm: GC_CONCURRENT freed 394K, 31% free 9950K/14215K, paused 2ms+3ms
07-23 18:33:23.046   276   276 I wpa_supplicant: wlan0: Authentication with 00:17:59:08:b1:31 timed out.
07-23 18:33:23.308   293   809 I EventLogService: Aggregate from 1343081003135 (log), 1343081003135 (data)
07-23 18:33:26.793  2353  2356 D dalvikvm: GC_CONCURRENT freed 895K, 13% free 10699K/12167K, paused 2ms+11ms
07-23 18:33:26.863  1271  1273 D dalvikvm: GC_CONCURRENT freed 433K, 7% free 10257K/11015K, paused 1ms+2ms
07-23 18:34:17.031   145   176 I power   : *** set_screen_state 1
07-23 18:34:17.117   145   176 I WindowManager: Lock screen displayed!
07-23 18:34:17.195  1752  1755 D dalvikvm: GC_CONCURRENT freed 412K, 5% free 10343K/10887K, paused 7ms+2ms
07-23 18:34:17.230    78   121 D SurfaceFlinger: Screen about to return, flinger = 0x749918
07-23 18:34:17.781   215   215 D PhoneStatusBar: disable: < expand icons alerts ticker system_info BACK HOME recent* CLOCK >
07-23 18:34:17.824   145   145 W InputManagerService: Window already focused, ignoring focus gain of: com.android.internal.view.IInputMethodClient$Stub$Proxy@417cfdd8
07-23 18:34:17.832   215   215 D PhoneStatusBar: disable: < expand icons alerts ticker system_info back* home* recent clock* >
07-23 18:34:17.851   145   162 I ActivityManager: Start proc com.google.android.apps.gesturesearch for broadcast com.google.android.apps.gesturesearch/.motion.ScreenStateReceiver: pid=3146 uid=10088 gids={3003}
07-23 18:34:17.871  3146  3146 I dalvikvm: Turning on JNI app bug workarounds for target SDK version 8...
07-23 18:34:18.019  3146  3146 I ActivityThread: Pub com.google.android.apps.gesturesearch.history: com.google.android.apps.gesturesearch.data.QueryHistoryProvider
07-23 18:34:18.047  3146  3146 I ActivityThread: Pub com.google.android.apps.gesturesearch.index: com.google.android.apps.gesturesearch.data.IndexProvider
07-23 18:34:18.062   145   430 I ActivityManager: No longer want com.android.calendar (pid 2156): hidden #16
07-23 18:34:18.797   293   295 D dalvikvm: GC_CONCURRENT freed 304K, 6% free 10368K/10951K, paused 2ms+4ms
07-23 18:34:19.011   424   426 D dalvikvm: GC_CONCURRENT freed 410K, 6% free 9896K/10503K, paused 2ms+4ms
07-23 18:34:19.261   424   426 D dalvikvm: GC_CONCURRENT freed 440K, 7% free 9844K/10503K, paused 2ms+8ms
07-23 18:34:19.363   145   145 I ActivityManager: START {dat=googlevoice://conversations/55402a810b48a6afb8b761e73aee14e493c7c8c1 flg=0x4000000 cmp=com.google.android.apps.googlevoice/.PhoneCallListActivity bnds=[0,119][480,215]} from pid -1
07-23 18:34:19.367   145   145 W ActivityManager: startActivity called from non-Activity context; forcing Intent.FLAG_ACTIVITY_NEW_TASK for: Intent { dat=googlevoice://conversations/55402a810b48a6afb8b761e73aee14e493c7c8c1 flg=0x4000000 cmp=com.google.android.apps.googlevoice/.PhoneCallListActivity bnds=[0,119][480,215] }
07-23 18:34:19.425   145   156 W KeyguardViewMediator: verifyUnlock called when not externally disabled
07-23 18:34:19.679   380   380 D OpenGLRenderer: Flushing caches (mode 1)
07-23 18:34:19.691   890   890 W GoogleVoice: PhoneCallListActivity: unknown action, threading as Intent.ACTION_MAIN: null
07-23 18:34:19.726   380   380 D OpenGLRenderer: Flushing caches (mode 0)
07-23 18:34:19.757   890   928 I System.out: [INFO:2309667]: LogSource: Running flush
07-23 18:34:19.769   890   931 I System.out: [INFO:2309677]: LogSource: Sending payload [bytes=409]
07-23 18:34:19.918   145   156 W AppWidgetService: updateAppWidgetProvider: provider doesn't exist: ComponentInfo{com.google.android.apps.googlevoice/com.google.android.apps.googlevoice.widget.WidgetSettingsProvider}
07-23 18:34:19.925   145   161 I Process : Sending signal. PID: 890 SIG: 3
07-23 18:34:19.925   890   894 I dalvikvm: threadid=3: reacting to signal 3
07-23 18:34:19.925   145   356 W AppWidgetService: updateAppWidgetProvider: provider doesn't exist: ComponentInfo{com.google.android.apps.googlevoice/com.google.android.apps.googlevoice.widget.WidgetInboxProvider}
07-23 18:34:20.007   215   217 D dalvikvm: GC_CONCURRENT freed 475K, 31% free 9883K/14215K, paused 1ms+3ms
07-23 18:34:20.086   215   217 D dalvikvm: GC_CONCURRENT freed 463K, 31% free 9907K/14215K, paused 2ms+4ms
07-23 18:34:20.125   890   894 I dalvikvm: Wrote stack traces to '/data/anr/traces.txt'
07-23 18:34:20.172   890   892 D dalvikvm: GC_CONCURRENT freed 642K, 8% free 11255K/12167K, paused 37ms+5ms
07-23 18:34:20.234   890  3162 D dalvikvm: GC_FOR_ALLOC freed 26K, 8% free 11255K/12167K, paused 51ms
07-23 18:34:20.234   890  3162 I dalvikvm-heap: Grow heap (frag case) to 11.101MB for 36880-byte allocation
07-23 18:34:20.273   890   899 D dalvikvm: GC_FOR_ALLOC freed <1K, 8% free 11290K/12231K, paused 27ms
07-23 18:34:20.289   890   928 I System.out: [INFO:2310197]: LogSource: Running flush
07-23 18:34:20.297   890   928 I System.out: [INFO:2310207]: LogSource: Running flush
07-23 18:34:20.300   890   930 I System.out: [INFO:2310208]: LogSource: Sending payload [bytes=798]
07-23 18:34:20.418   145   161 I Process : Sending signal. PID: 890 SIG: 3
07-23 18:34:20.418   890   894 I dalvikvm: threadid=3: reacting to signal 3
07-23 18:34:20.449   424   439 D dalvikvm: GC_EXPLICIT freed 363K, 7% free 9834K/10503K, paused 2ms+8ms
07-23 18:34:20.488   890   894 I dalvikvm: Wrote stack traces to '/data/anr/traces.txt'
07-23 18:34:20.492   342   342 D SAN_SERVICE: *******************************************
07-23 18:34:20.492   342   342 D SAN_SERVICE: DM App Phone Service State - 0
07-23 18:34:20.492   342   342 D SAN_SERVICE: *******************************************
07-23 18:34:20.609   342   345 D dalvikvm: GC_CONCURRENT freed 377K, 7% free 9474K/10119K, paused 2ms+8ms
07-23 18:34:20.691   145   378 D dalvikvm: GC_EXPLICIT freed 1102K, 13% free 16096K/18311K, paused 8ms+10ms
07-23 18:34:20.910   890  3162 D dalvikvm: GC_FOR_ALLOC freed 438K, 8% free 11328K/12231K, paused 30ms
07-23 18:34:20.918   145   161 I Process : Sending signal. PID: 890 SIG: 3
07-23 18:34:20.918   890   894 I dalvikvm: threadid=3: reacting to signal 3
07-23 18:34:20.941   890   931 I System.out: [INFO:2310849]: LogSource: Response [http=200,length=254]
07-23 18:34:20.941   890   928 I System.out: [INFO:2310850]: LogSource: Read id 77, status code 200
07-23 18:34:20.972   890   894 I dalvikvm: Wrote stack traces to '/data/anr/traces.txt'
07-23 18:34:21.062   890  3162 D dalvikvm: GC_FOR_ALLOC freed 221K, 8% free 11324K/12231K, paused 29ms
07-23 18:34:21.074   145   175 I ActivityManager: Displayed com.google.android.apps.googlevoice/.PhoneCallListActivity: +1s659ms
07-23 18:34:21.281   424   426 D dalvikvm: GC_CONCURRENT freed 354K, 6% free 9918K/10503K, paused 2ms+8ms
07-23 18:34:21.316   890  3162 D dalvikvm: GC_FOR_ALLOC freed 171K, 8% free 11348K/12231K, paused 49ms
07-23 18:34:21.746   890   930 I System.out: [INFO:2311654]: LogSource: Response [http=200,length=274]
07-23 18:34:21.746   890   928 I System.out: [INFO:2311654]: LogSource: Read id 78, status code 200
07-23 18:34:21.750   890   928 I System.out: [INFO:2311657]: LogSource: Read id 79, status code 200
07-23 18:34:21.773   890   928 I System.out: [INFO:2311680]: LogSource: Running flush
07-23 18:34:21.773   890   929 I System.out: [INFO:2311682]: LogSource: Sending payload [bytes=408]
07-23 18:34:21.937   293   295 D dalvikvm: GC_CONCURRENT freed 469K, 6% free 10348K/10951K, paused 53ms+3ms
07-23 18:34:21.976   890   929 I System.out: [INFO:2311885]: LogSource: Response [http=200,length=323]
07-23 18:34:21.976   890   928 I System.out: [INFO:2311886]: LogSource: Read id 80, status code 200
07-23 18:34:21.980   890   897 I dalvikvm: Jit: resizing JitTable from 8192 to 16384
07-23 18:34:22.015   890   928 I System.out: [INFO:2311924]: LogSource: Running flush
07-23 18:34:22.019   890   931 I System.out: [INFO:2311929]: LogSource: Sending payload [bytes=1118]
07-23 18:34:22.629   890   931 I System.out: [INFO:2312537]: LogSource: Response [http=200,length=7091]
07-23 18:34:22.640   890   928 I System.out: [INFO:2312547]: LogSource: Read id 81, status code 200
07-23 18:34:22.668   890   928 I System.out: [INFO:2312576]: LogSource: Read id 82, status code 200
07-23 18:34:22.711   890   928 I System.out: [INFO:2312617]: LogSource: Read id 83, status code 200
07-23 18:34:22.777   145   338 W AppWidgetService: updateAppWidgetProvider: provider doesn't exist: ComponentInfo{com.google.android.apps.googlevoice/com.google.android.apps.googlevoice.widget.WidgetSettingsProvider}
07-23 18:34:22.785   145   378 W AppWidgetService: updateAppWidgetProvider: provider doesn't exist: ComponentInfo{com.google.android.apps.googlevoice/com.google.android.apps.googlevoice.widget.WidgetInboxProvider}
07-23 18:34:22.925   890   892 D dalvikvm: GC_CONCURRENT freed 728K, 7% free 11396K/12231K, paused 3ms+5ms
07-23 18:34:23.066   145   326 W AppWidgetService: updateAppWidgetProvider: provider doesn't exist: ComponentInfo{com.google.android.apps.googlevoice/com.google.android.apps.googlevoice.widget.WidgetSettingsProvider}
07-23 18:34:23.070   145   378 W AppWidgetService: updateAppWidgetProvider: provider doesn't exist: ComponentInfo{com.google.android.apps.googlevoice/com.google.android.apps.googlevoice.widget.WidgetInboxProvider}
07-23 18:34:23.105   890   890 D GoogleVoice: com.google.android.apps.googlevoice.vvm.service.GvVvmService$Handler Handling message 1001
07-23 18:34:23.105   145   379 W AppWidgetService: updateAppWidgetProvider: provider doesn't exist: ComponentInfo{com.google.android.apps.googlevoice/com.google.android.apps.googlevoice.widget.WidgetSettingsProvider}
07-23 18:34:23.109   145   363 W AppWidgetService: updateAppWidgetProvider: provider doesn't exist: ComponentInfo{com.google.android.apps.googlevoice/com.google.android.apps.googlevoice.widget.WidgetInboxProvider}
07-23 18:34:23.199   890   890 D GoogleVoice: com.google.android.apps.googlevoice.vvm.service.GvVvmService$Handler Handling message 1011
07-23 18:34:23.203   890  3166 I GoogleVoice: Deleting all voicemails
07-23 18:34:24.090  2353  2380 D dalvikvm: GC_EXPLICIT freed 66K, 13% free 10665K/12167K, paused 25ms+2ms
07-23 18:34:24.168   145   172 I power   : *** set_screen_state 0
07-23 18:34:24.215    78   121 D SurfaceFlinger: About to give-up screen, flinger = 0x749918
07-23 18:34:24.336   145   176 D dalvikvm: GC_FOR_ALLOC freed 1243K, 15% free 15574K/18311K, paused 61ms
07-23 18:34:24.359   145   176 V TransportControlView: Create TCV com.android.internal.widget.TransportControlView@41902b58
07-23 18:34:24.390   215   215 D PhoneStatusBar: disable: < expand icons alerts ticker system_info back home RECENT* clock >
07-23 18:34:24.410   215   215 D PhoneStatusBar: disable: < expand icons alerts ticker system_info BACK* HOME* RECENT CLOCK* >
07-23 18:34:25.679   342   342 D SAN_SERVICE: *******************************************
07-23 18:34:25.679   342   342 D SAN_SERVICE: DM App Phone Service State - 0
07-23 18:34:25.679   342   342 D SAN_SERVICE: *******************************************
07-23 18:34:26.457   145   145 D dalvikvm: GC_EXPLICIT freed 86K, 13% free 16047K/18311K, paused 21ms+5ms
07-23 18:34:26.476   342   342 D SAN_SERVICE: *******************************************
07-23 18:34:26.476   342   342 D SAN_SERVICE: DM App Phone Service State - 0
07-23 18:34:26.476   342   342 D SAN_SERVICE: *******************************************
07-23 18:34:57.648   276   276 E wpa_supplicant: ioctl[SIOCSIWPRIV] (cscan): -1
07-23 18:34:57.648   276   276 W wpa_supplicant: wlan0: Failed to initiate AP scan
07-23 18:35:24.406  1271  1282 D dalvikvm: GC_EXPLICIT freed 421K, 8% free 10205K/11015K, paused 2ms+3ms
07-23 18:35:24.531  1271  1273 D dalvikvm: GC_CONCURRENT freed 377K, 8% free 10217K/11015K, paused 2ms+2ms
07-23 18:36:24.996  2353  2356 D dalvikvm: GC_CONCURRENT freed 535K, 13% free 10678K/12167K, paused 2ms+3ms
07-23 18:36:25.109  1271  1273 D dalvikvm: GC_CONCURRENT freed 379K, 8% free 10229K/11015K, paused 1ms+2ms
07-23 18:37:04.582   342   342 D SAN_SERVICE: *******************************************
07-23 18:37:04.582   342   342 D SAN_SERVICE: DM App Phone Service State - 0
07-23 18:37:04.582   342   342 D SAN_SERVICE: *******************************************
07-23 18:37:04.941   342   342 D SAN_SERVICE: *******************************************
07-23 18:37:04.941   342   342 D SAN_SERVICE: DM App Phone Service State - 0
07-23 18:37:04.941   342   342 D SAN_SERVICE: *******************************************
07-23 18:37:24.550  1271  1273 D dalvikvm: GC_CONCURRENT freed 414K, 8% free 10223K/11015K, paused 2ms+2ms
07-23 18:37:27.027   145   201 D ConnectivityService: ConnectivityChange for WIMAX: DISCONNECTED/SCANNING
07-23 18:37:27.027   145   201 D ConnectivityService: Attempting to switch to mobile
07-23 18:37:27.027   145   201 D ConnectivityService: Attempting to switch to WIFI
07-23 18:37:27.027   145   201 D ConnectivityService: Attempting to switch to BLUETOOTH_TETHER
07-23 18:37:27.093   145   197 D NetworkPolicy: applying policy NetworkPolicy[NetworkTemplate: matchRule=MOBILE_ALL, subscriberId=valid]: cycleDay=20, warningBytes=2147483648, limitBytes=-1, lastSnooze=-1 to ifaces [rmnet0]
07-23 18:37:27.101   145   197 D NetworkPolicy: applying policy NetworkPolicy[NetworkTemplate: matchRule=MOBILE_ALL, subscriberId=valid]: cycleDay=20, warningBytes=2147483648, limitBytes=-1, lastSnooze=-1 to ifaces [rmnet0]
07-23 18:37:30.054   145   205 D Tethering: MasterInitialState.processMessage what=3
07-23 18:37:30.152  2247  2247 I MediaUploader: No need to wake up
07-23 18:37:30.199  2326  2326 W ContextScopeImpl: thread=1 tried to enter the scope of the application context. Ignored.
07-23 18:37:30.226  2263  2282 D PicasaSyncManager: active network: NetworkInfo: type: mobile[CDMA - EvDo rev. A], state: CONNECTED/CONNECTED, reason: (unspecified), extra: , roaming: false, failover: false, isAvailable: true
07-23 18:37:30.230  2263  2282 D PicasaSyncManager: background data: true
07-23 18:37:30.250  2247  2247 I MediaUploader: No need to wake up
07-23 18:37:30.261   145   205 D Tethering: MasterInitialState.processMessage what=3
07-23 18:37:30.304  2326  2326 W ContextScopeImpl: thread=1 tried to enter the scope of the application context. Ignored.
07-23 18:37:30.316  2263  2282 D PicasaSyncManager: active network: NetworkInfo: type: mobile[CDMA - EvDo rev. A], state: CONNECTED/CONNECTED, reason: (unspecified), extra: , roaming: false, failover: false, isAvailable: true
07-23 18:37:30.316  2263  2282 D PicasaSyncManager: background data: true
07-23 18:37:30.394  2229  2232 D dalvikvm: GC_CONCURRENT freed 369K, 5% free 9372K/9863K, paused 1ms+3ms
07-23 18:37:30.613   145   201 D ConnectivityService: handleInetConditionHoldEnd: net=0, condition=100, published condition=100
07-23 18:37:34.859   145   201 D ConnectivityService: ConnectivityChange for WIMAX: DISCONNECTED/SCANNING
07-23 18:37:34.859   145   201 D ConnectivityService: Attempting to switch to mobile
07-23 18:37:34.859   145   201 D ConnectivityService: Attempting to switch to WIFI
07-23 18:37:34.863   145   201 D ConnectivityService: Attempting to switch to BLUETOOTH_TETHER
07-23 18:37:34.965   145   197 D NetworkPolicy: applying policy NetworkPolicy[NetworkTemplate: matchRule=MOBILE_ALL, subscriberId=valid]: cycleDay=20, warningBytes=2147483648, limitBytes=-1, lastSnooze=-1 to ifaces [rmnet0]
07-23 18:37:34.972   145   197 D NetworkPolicy: applying policy NetworkPolicy[NetworkTemplate: matchRule=MOBILE_ALL, subscriberId=valid]: cycleDay=20, warningBytes=2147483648, limitBytes=-1, lastSnooze=-1 to ifaces [rmnet0]
07-23 18:37:35.082   145   147 D dalvikvm: GC_CONCURRENT freed 1687K, 12% free 16119K/18311K, paused 2ms+6ms
07-23 18:37:37.945   145   205 D Tethering: MasterInitialState.processMessage what=3
07-23 18:37:37.961   145   205 D Tethering: MasterInitialState.processMessage what=3
07-23 18:37:38.004  2247  2247 I MediaUploader: No need to wake up
07-23 18:37:38.054  2326  2326 W ContextScopeImpl: thread=1 tried to enter the scope of the application context. Ignored.
07-23 18:37:38.062  2263  2282 D PicasaSyncManager: active network: NetworkInfo: type: mobile[CDMA - EvDo rev. A], state: CONNECTED/CONNECTED, reason: (unspecified), extra: , roaming: false, failover: false, isAvailable: true
07-23 18:37:38.082  2263  2282 D PicasaSyncManager: background data: true
07-23 18:37:38.109  2247  2247 I MediaUploader: No need to wake up
07-23 18:37:38.148  2263  2282 D PicasaSyncManager: active network: NetworkInfo: type: mobile[CDMA - EvDo rev. A], state: CONNECTED/CONNECTED, reason: (unspecified), extra: , roaming: false, failover: false, isAvailable: true
07-23 18:37:38.152  2263  2282 D PicasaSyncManager: background data: true
07-23 18:37:38.172  2326  2326 W ContextScopeImpl: thread=1 tried to enter the scope of the application context. Ignored.
07-23 18:37:38.468   145   201 D ConnectivityService: handleInetConditionHoldEnd: net=0, condition=100, published condition=100
07-23 18:38:24.515  2353  2356 D dalvikvm: GC_CONCURRENT freed 536K, 13% free 10694K/12167K, paused 2ms+3ms
07-23 18:38:24.578   293   594 D dalvikvm: GC_EXPLICIT freed 398K, 6% free 10300K/10951K, paused 2ms+4ms
07-23 18:38:24.679  1271  1273 D dalvikvm: GC_CONCURRENT freed 390K, 7% free 10257K/11015K, paused 2ms+2ms
07-23 18:38:34.011   453  1296 I PhoneLab-: Service Running
07-23 18:38:34.043   453  1296 I PhoneLab-LoggerService: app_37    1300  453   1440   1068  c00f181c 400107b4 S logcat
07-23 18:38:34.043   453  1296 I PhoneLab-LoggerService: Logcat pid from database 1300
07-23 18:38:34.047   453  1296 I PhoneLab-LoggerService: Logcat process found 1300
07-23 18:38:34.047   453  1296 I PhoneLab-LoggerService: Checking Threshold
07-23 18:38:34.047   453  1296 I PhoneLab-LoggerService: Starting to rename files
07-23 18:38:34.047   453  1296 I PhoneLab-LoggerService: Files found .. 2
07-23 18:38:34.050   453  1296 I PhoneLab-: Service Running
07-23 18:38:34.082   453  1296 I PhoneLab-LoggerService: app_37    1300  453   1440   1068  c00f181c 400107b4 S logcat
07-23 18:38:34.082   453  1296 I PhoneLab-LoggerService: Logcat pid from database 1300
07-23 18:38:34.082   453  1296 I PhoneLab-LoggerService: Logcat process found 1300
07-23 18:38:34.082   453  1296 I PhoneLab-LoggerService: Checking Threshold
07-23 18:38:34.082   453  1296 I PhoneLab-LoggerService: Starting to rename files
07-23 18:38:34.082   453  1296 I PhoneLab-LoggerService: Files found .. 2
07-23 18:38:34.086   453  1296 I PhoneLab-: Service Running
07-23 18:38:34.125   453  1296 I PhoneLab-LoggerService: app_37    1300  453   1440   1068  c00f181c 400107b4 S logcat
07-23 18:38:34.125   453  1296 I PhoneLab-LoggerService: Logcat pid from database 1300
07-23 18:38:34.125   453  1296 I PhoneLab-LoggerService: Logcat process found 1300
07-23 18:38:34.125   453  1296 I PhoneLab-LoggerService: Checking Threshold
07-23 18:38:34.125   453  1296 I PhoneLab-LoggerService: Starting to rename files
07-23 18:38:34.125   453  1296 I PhoneLab-LoggerService: Files found .. 2
07-23 18:38:34.132   453   456 D dalvikvm: GC_CONCURRENT freed 406K, 15% free 9155K/10695K, paused 1ms+2ms
07-23 18:39:25.191  1271  1273 D dalvikvm: GC_CONCURRENT freed 422K, 8% free 10223K/11015K, paused 2ms+2ms
07-23 18:40:20.125  1019  3202 W Gmail   : Successful index run, cancel next scheduled index run
07-23 18:40:20.695   342   342 D SAN_SERVICE: *******************************************
07-23 18:40:20.695   342   342 D SAN_SERVICE: DM App Phone Service State - 0
07-23 18:40:20.695   342   342 D SAN_SERVICE: *******************************************
07-23 18:40:21.203   342   342 D SAN_SERVICE: *******************************************
07-23 18:40:21.203   342   342 D SAN_SERVICE: DM App Phone Service State - 0
07-23 18:40:21.203   342   342 D SAN_SERVICE: *******************************************
07-23 18:40:25.109  2353  2380 I y       : Not returning location for the following outliers: [135575525180]
07-23 18:40:25.183  2353  2356 D dalvikvm: GC_CONCURRENT freed 557K, 13% free 10694K/12167K, paused 2ms+3ms
07-23 18:40:25.445  1271  1273 D dalvikvm: GC_CONCURRENT freed 438K, 8% free 10237K/11015K, paused 2ms+3ms
07-23 18:40:25.527  2353  2356 D dalvikvm: GC_CONCURRENT freed 442K, 12% free 10739K/12167K, paused 2ms+2ms
07-23 18:41:25.347  1271  1273 D dalvikvm: GC_CONCURRENT freed 427K, 8% free 10232K/11015K, paused 2ms+1ms
07-23 18:41:26.039   342   342 D SAN_SERVICE: *******************************************
07-23 18:41:26.039   342   342 D SAN_SERVICE: DM App Phone Service State - 0
07-23 18:41:26.039   342   342 D SAN_SERVICE: *******************************************
07-23 18:41:26.289   342   342 D SAN_SERVICE: *******************************************
07-23 18:41:26.289   342   342 D SAN_SERVICE: DM App Phone Service State - 0
07-23 18:41:26.289   342   342 D SAN_SERVICE: *******************************************
07-23 18:41:27.031   342   342 D SAN_SERVICE: *******************************************
07-23 18:41:27.031   342   342 D SAN_SERVICE: DM App Phone Service State - 0
07-23 18:41:27.031   342   342 D SAN_SERVICE: *******************************************
07-23 18:42:03.593   276   276 I wpa_supplicant: wlan0: Trying to associate with 94:44:52:17:be:7d (SSID='raikiri' freq=2437 MHz)
07-23 18:42:03.742   276   276 I wpa_supplicant: wlan0: Associated with 94:44:52:17:be:7d
07-23 18:42:03.761   276   276 I wpa_supplicant: wlan0: CTRL-EVENT-EAP-SUCCESS EAP authentication completed successfully (based on lower layer success)
07-23 18:42:03.781   276   276 I wpa_supplicant: wlan0: WPA: Key negotiation completed with 94:44:52:17:be:7d [PTK=CCMP GTK=CCMP]
07-23 18:42:03.781   276   276 I wpa_supplicant: wlan0: CTRL-EVENT-CONNECTED - Connection to 94:44:52:17:be:7d completed (reauth) [id=2 id_str=]
07-23 18:42:18.316   342   342 D SAN_SERVICE: *******************************************
07-23 18:42:18.316   342   342 D SAN_SERVICE: DM App Phone Service State - 0
07-23 18:42:18.320   342   342 D SAN_SERVICE: *******************************************
07-23 18:42:18.402   342   342 D SAN_SERVICE: *******************************************
07-23 18:42:18.402   342   342 D SAN_SERVICE: DM App Phone Service State - 0
07-23 18:42:18.402   342   342 D SAN_SERVICE: *******************************************
07-23 18:42:25.160  2353  2356 D dalvikvm: GC_CONCURRENT freed 608K, 13% free 10703K/12167K, paused 2ms+3ms
07-23 18:42:25.293   145   145 D dalvikvm: GC_EXPLICIT freed 1403K, 12% free 16133K/18311K, paused 3ms+6ms
07-23 18:42:25.371  1271  1273 D dalvikvm: GC_CONCURRENT freed 448K, 7% free 10263K/11015K, paused 2ms+3ms
07-23 18:42:27.250   342   342 D SAN_SERVICE: *******************************************
07-23 18:42:27.250   342   342 D SAN_SERVICE: DM App Phone Service State - 0
07-23 18:42:27.250   342   342 D SAN_SERVICE: *******************************************
07-23 18:42:27.347   342   342 D SAN_SERVICE: *******************************************
07-23 18:42:27.347   342   342 D SAN_SERVICE: DM App Phone Service State - 0
07-23 18:42:27.347   342   342 D SAN_SERVICE: *******************************************
07-23 18:42:34.027   145   199 D DhcpInfoInternal: makeLinkProperties with empty dns2!
07-23 18:42:34.031   145   199 D DhcpInfoInternal: makeLinkProperties with empty dns2!
07-23 18:42:34.046   145   201 D ConnectivityService: ConnectivityChange for WIFI: CONNECTED/CONNECTED
07-23 18:42:34.054   145   201 D ConnectivityService: Policy requires mobile teardown
07-23 18:42:34.097   453   453 I PhoneLab-WiFiReceiver: Wi-Fi is connected!
07-23 18:42:34.101   453   453 I PhoneLab-WiFiReceiver: SSID: raikiri BSSID: 94:44:52:17:be:7d RSSI: -200 LinkSpeed: -1
07-23 18:42:34.101   453   453 I PhoneLab-Locks: wake lock acquired
07-23 18:42:34.109   453   453 I PhoneLab-UploadLogs: Transfering log files now
07-23 18:42:34.117   145   201 D ConnectivityService: ConnectivityChange for mobile: DISCONNECTED/DISCONNECTED
07-23 18:42:34.125   145   201 D ConnectivityService: Attempting to switch to WIFI
07-23 18:42:34.125   145   201 D ConnectivityService: Attempting to switch to WIMAX
07-23 18:42:34.125   145   201 D ConnectivityService: Attempting to switch to BLUETOOTH_TETHER
07-23 18:42:34.129   145   201 D NetUtils: android_net_utils_resetConnections in env=0x2fd008 clazz=0x4fb00001 iface=rmnet0 mask=0x3
07-23 18:42:34.129   145   201 D ConnectivityService: resetConnections(rmnet0, 3)
07-23 18:42:34.140   145   196 W NetworkStats: dropping UID delta from unknown iface: iface=wlan0 uid=0 set=DEFAULT tag=0x0 rxBytes=684 rxPackets=3 txBytes=328 txPackets=5 operations=0
07-23 18:42:34.257   453   456 D dalvikvm: GC_CONCURRENT freed 372K, 14% free 9237K/10695K, paused 1ms+2ms
07-23 18:42:34.273   453   453 D dalvikvm: GC_FOR_ALLOC freed 177K, 12% free 9429K/10695K, paused 16ms
07-23 18:42:34.308   453   453 I PhoneLab-UploadLogs: OnStartCommand
07-23 18:42:34.429   293  3038 W Smack/Packet: notify conn break (IOEx), close connection
07-23 18:42:34.445   453   456 D dalvikvm: GC_CONCURRENT freed 256K, 10% free 9684K/10695K, paused 1ms+117ms
07-23 18:42:34.457   453  3235 D dalvikvm: GC_FOR_ALLOC freed 306K, 10% free 9704K/10695K, paused 12ms
07-23 18:42:34.476   453  3235 D dalvikvm: GC_FOR_ALLOC freed 344K, 10% free 9662K/10695K, paused 12ms
07-23 18:42:34.492   453  3235 D dalvikvm: GC_FOR_ALLOC freed 301K, 10% free 9663K/10695K, paused 12ms
07-23 18:42:34.586   293  3038 I qtaguid : Failed write_ctrl(u 76) res=-1 errno=22
07-23 18:42:34.586   293  3038 I qtaguid : Untagging socket 76 failed errno=-22
07-23 18:42:34.589   293  3038 W NetworkManagementSocketTagger: untagSocket(76) failed with errno -22
07-23 18:42:34.613   145   201 D ConnectivityService: handleInetConditionChange: net=0 != default=1 - ignore
07-23 18:42:35.199   342   345 D dalvikvm: GC_CONCURRENT freed 410K, 7% free 9470K/10119K, paused 16ms+2ms
07-23 18:42:37.144   145   205 D Tethering: MasterInitialState.processMessage what=3
07-23 18:42:37.187   293   293 I GTalkService/c: [AndroidEndpoint@1094452128] connect: acct=1000000, state=CONNECTING
07-23 18:42:37.199   145   205 D Tethering: MasterInitialState.processMessage what=3
07-23 18:42:37.207   145   205 D Tethering: MasterInitialState.processMessage what=3
07-23 18:42:37.214   293   293 I GTalkService/c: [GTalkConnection@1093754512] connect: acct=1, state=CONNECTING
07-23 18:42:37.254  2247  2247 I MediaUploader: No need to wake up
07-23 18:42:37.289  2263  2282 D PicasaSyncManager: active network: NetworkInfo: type: WIFI[], state: CONNECTED/CONNECTED, reason: (unspecified), extra: (none), roaming: false, failover: false, isAvailable: true
07-23 18:42:37.312  2326  2326 W ContextScopeImpl: thread=1 tried to enter the scope of the application context. Ignored.
07-23 18:42:37.332  2263  2282 D PicasaSyncManager: background data: true
07-23 18:42:37.343   453   453 I PhoneLab-: 1343082725865.log is deleted
07-23 18:42:37.343   453   453 I PhoneLab-: Response: {"data": "done", "err": ""}
07-23 18:42:37.343   453   453 I PhoneLab-UploadLogs: No log files to transfer
07-23 18:42:37.343   453   453 I PhoneLab-Locks: wake lock released
07-23 18:42:37.371  2247  2247 I MediaUploader: No need to wake up
07-23 18:42:37.425  2326  2326 W ContextScopeImpl: thread=1 tried to enter the scope of the application context. Ignored.
07-23 18:42:37.476  2247  2247 I MediaUploader: No need to wake up
07-23 18:42:37.550  2326  2326 W ContextScopeImpl: thread=1 tried to enter the scope of the application context. Ignored.
07-23 18:42:37.566  2263  2282 D PicasaSyncManager: request sync for MetadataSyncTask (lokeshmandvekar@gmail.com)
07-23 18:42:37.582  2263  2282 D PicasaSyncManager: active network: NetworkInfo: type: WIFI[], state: CONNECTED/CONNECTED, reason: (unspecified), extra: (none), roaming: false, failover: false, isAvailable: true
07-23 18:42:37.582  2263  2282 D PicasaSyncManager: background data: true
07-23 18:42:37.613  2263  3248 D PicasaSyncService: start sync on lokeshmandvekar@gmail.com
07-23 18:42:37.625  2263  3248 D PicasaSyncManager: perform sync task: MetadataSyncTask (lokeshmandvekar@gmail.com)
07-23 18:42:37.777  2263  2265 D dalvikvm: GC_CONCURRENT freed 1095K, 9% free 12797K/14023K, paused 2ms+4ms
07-23 18:42:38.046   293   295 D dalvikvm: GC_CONCURRENT freed 379K, 6% free 10319K/10951K, paused 8ms+4ms
07-23 18:42:38.613  2263  3248 E PicasaAPI:     getAlbums fail - uri: https://picasaweb.google.com/data/feed/api/user/lokeshmandvekar?max-results=1000&imgmax=d&thumbsize=640u&visibility=visible&v=4&alt=json&fd=shapes&kind=album, status code: 403
07-23 18:42:39.339   261   263 D dalvikvm: GC_CONCURRENT freed 322K, 5% free 9338K/9735K, paused 2ms+3ms
07-23 18:42:39.492   145   201 D ConnectivityService: handleInetConditionHoldEnd: net=1, condition=100, published condition=0
07-23 18:42:41.011   145   147 D dalvikvm: GC_CONCURRENT freed 1676K, 12% free 16134K/18311K, paused 3ms+7ms
07-23 18:42:41.421  2263  3248 V PicasaAPI:    etag: --> W/"D04FSXc-eCp7ImA9WhJQEEs.",entryCount=31
07-23 18:42:46.566  2263  3248 V PicasaAPI:    etag: --> W/"A0QCRno5eSp7ImA9WhJREkw.",entryCount=1
07-23 18:42:47.261  2263  3248 V PicasaAPI:    etag: --> W/"A0QCRnYzcSp7ImA9WhJREkw.",entryCount=1
07-23 18:42:47.664  2263  3248 V PicasaAPI:    etag: --> W/"A0QCSXs4eSp7ImA9WhJREkw.",entryCount=1
07-23 18:42:48.343  2263  3248 V PicasaAPI:    etag: --> W/"A0QCSHw7cSp7ImA9WhJREkw.",entryCount=1
07-23 18:42:48.734  2263  3248 V PicasaAPI:    etag: --> W/"A0QCSHg7eyp7ImA9WhJREkw.",entryCount=1
07-23 18:42:49.078   342   342 D SAN_SERVICE: *******************************************
07-23 18:42:49.078   342   342 D SAN_SERVICE: DM App Phone Service State - 0
07-23 18:42:49.078   342   342 D SAN_SERVICE: *******************************************
07-23 18:42:49.148  2263  2265 D dalvikvm: GC_CONCURRENT freed 1133K, 9% free 12838K/14087K, paused 2ms+2ms
07-23 18:42:49.222  2263  3248 V PicasaAPI:    etag: --> W/"A0QDQX45eSp7ImA9WhJREkw.",entryCount=1
07-23 18:42:49.925  2263  3248 V PicasaAPI:    etag: --> W/"A0QDQXs9eSp7ImA9WhJREkw.",entryCount=1
07-23 18:42:50.359  2263  3248 V PicasaAPI:    etag: --> W/"A0QDQHw9fSp7ImA9WhJREkw.",entryCount=1
07-23 18:42:50.757  2263  3248 V PicasaAPI:    etag: --> W/"A0QDQHg-cSp7ImA9WhJREkw.",entryCount=1
07-23 18:42:51.531  2263  3248 V PicasaAPI:    etag: --> W/"A0QDQ307eyp7ImA9WhJREkw.",entryCount=1
07-23 18:42:52.254  2263  3248 V PicasaAPI:    etag: --> W/"A0QDQ3c4eCp7ImA9WhJREkw.",entryCount=1
07-23 18:42:54.992  2263  3248 V PicasaAPI:    etag: --> W/"A0QDRH07cCp7ImA9WhJREkw.",entryCount=19
07-23 18:42:55.683  2263  3248 V PicasaAPI:    etag: --> W/"A0QDR3szfip7ImA9WhJREkw.",entryCount=1
07-23 18:42:56.320  2263  3248 V PicasaAPI:    etag: --> W/"A0QDRn4zeSp7ImA9WhJREkw.",entryCount=1
07-23 18:42:57.082  2263  3248 V PicasaAPI:    etag: --> W/"A0QDRnY-cCp7ImA9WhJREkw.",entryCount=1
07-23 18:42:57.562  2263  3248 V PicasaAPI:    etag: --> W/"A0QDSXo9fip7ImA9WhJREkw.",entryCount=1
07-23 18:42:58.156  2263  3248 V PicasaAPI:    etag: --> W/"A0QDSH47fSp7ImA9WhJREkw.",entryCount=1
07-23 18:42:58.613  2263  3248 V PicasaAPI:    etag: --> W/"D04FSXc-eCp7ImA9WhJQEEs.",entryCount=1
07-23 18:42:58.945  2263  3248 D PicasaSyncManager: perform sync task: PrefetchFullImage (lokeshmandvekar@gmail.com)
07-23 18:42:59.148  2263  2265 D dalvikvm: GC_CONCURRENT freed 1177K, 10% free 12857K/14151K, paused 7ms+2ms
07-23 18:42:59.414  2263  3248 D PicasaSyncManager: perform sync task: PrefetchAlbumCover (lokeshmandvekar@gmail.com)
07-23 18:42:59.554  2263  3248 D PicasaSyncManager: perform sync task: PrefetchScreenNail (lokeshmandvekar@gmail.com)
07-23 18:42:59.714  2263  3248 D PicasaSyncService: sync finished
07-23 18:43:24.777   342   342 D SAN_SERVICE: *******************************************
07-23 18:43:24.777   342   342 D SAN_SERVICE: DM App Phone Service State - 0
07-23 18:43:24.777   342   342 D SAN_SERVICE: *******************************************
07-23 18:43:25.058   342   342 D SAN_SERVICE: *******************************************
07-23 18:43:25.058   342   342 D SAN_SERVICE: DM App Phone Service State - 0
07-23 18:43:25.058   342   342 D SAN_SERVICE: *******************************************
07-23 18:43:26.515   215   215 D dalvikvm: GC_FOR_ALLOC freed 552K, 32% free 9722K/14215K, paused 20ms
07-23 18:43:26.558   215   217 D dalvikvm: GC_CONCURRENT freed 525K, 32% free 9699K/14215K, paused 2ms+3ms
07-23 18:43:26.578  2353  2356 D dalvikvm: GC_CONCURRENT freed 487K, 13% free 10702K/12167K, paused 2ms+5ms
07-23 18:43:26.613   215   217 D dalvikvm: GC_CONCURRENT freed 274K, 31% free 9904K/14215K, paused 2ms+2ms
07-23 18:43:26.703  1271  1273 D dalvikvm: GC_CONCURRENT freed 478K, 8% free 10242K/11015K, paused 6ms+2ms
07-23 18:43:26.777   215   217 D dalvikvm: GC_CONCURRENT freed 411K, 31% free 9880K/14215K, paused 1ms+3ms
07-23 18:43:27.691   342   342 D SAN_SERVICE: *******************************************
07-23 18:43:27.691   342   342 D SAN_SERVICE: DM App Phone Service State - 0
07-23 18:43:27.691   342   342 D SAN_SERVICE: *******************************************
07-23 18:43:28.461   342   342 D SAN_SERVICE: *******************************************
07-23 18:43:28.461   342   342 D SAN_SERVICE: DM App Phone Service State - 0
07-23 18:43:28.461   342   342 D SAN_SERVICE: *******************************************
07-23 18:43:28.715   342   342 D SAN_SERVICE: *******************************************
07-23 18:43:28.715   342   342 D SAN_SERVICE: DM App Phone Service State - 0
07-23 18:43:28.715   342   342 D SAN_SERVICE: *******************************************
07-23 18:43:31.918  1271  1273 D dalvikvm: GC_CONCURRENT freed 455K, 8% free 10231K/11015K, paused 2ms+3ms
07-23 18:44:26.668   145   157 D dalvikvm: GC_EXPLICIT freed 508K, 13% free 16055K/18311K, paused 3ms+6ms
07-23 18:44:26.734  1271  1273 D dalvikvm: GC_CONCURRENT freed 411K, 8% free 10229K/11015K, paused 2ms+2ms
07-23 18:44:58.695   145   199 D DhcpInfoInternal: makeLinkProperties with empty dns2!
07-23 18:44:58.695   145   199 D DhcpInfoInternal: makeLinkProperties with empty dns2!
07-23 18:45:26.015   342   342 D SAN_SERVICE: *******************************************
07-23 18:45:26.015   342   342 D SAN_SERVICE: DM App Phone Service State - 0
07-23 18:45:26.015   342   342 D SAN_SERVICE: *******************************************
07-23 18:45:26.250   342   342 D SAN_SERVICE: *******************************************
07-23 18:45:26.250   342   342 D SAN_SERVICE: DM App Phone Service State - 0
07-23 18:45:26.250   342   342 D SAN_SERVICE: *******************************************
07-23 18:45:26.625   293   295 D dalvikvm: GC_CONCURRENT freed 401K, 6% free 10311K/10951K, paused 4ms+9ms
07-23 18:45:26.730  2353  2356 D dalvikvm: GC_CONCURRENT freed 546K, 13% free 10706K/12167K, paused 1ms+6ms
07-23 18:45:26.785  1271  1273 D dalvikvm: GC_CONCURRENT freed 412K, 8% free 10227K/11015K, paused 2ms+2ms
07-23 18:45:28.004   145   176 I power   : *** set_screen_state 1
07-23 18:45:28.015   890   890 W GoogleVoice: PhoneCallListActivity: unknown action, threading as Intent.ACTION_MAIN: null
07-23 18:45:28.027   890   928 I System.out: [INFO:2977934]: LogSource: Running flush
07-23 18:45:28.027   890   930 I System.out: [INFO:2977937]: LogSource: Sending payload [bytes=538]
07-23 18:45:28.093   145   176 I WindowManager: Lock screen displayed!
07-23 18:45:28.164   890   928 I System.out: [INFO:2978072]: LogSource: Running flush
07-23 18:45:28.164   890   929 I System.out: [INFO:2978073]: LogSource: Sending payload [bytes=409]
07-23 18:45:28.242   424   503 D dalvikvm: GC_EXPLICIT freed 412K, 6% free 9890K/10503K, paused 2ms+10ms
07-23 18:45:28.265    78   121 D SurfaceFlinger: Screen about to return, flinger = 0x749918
07-23 18:45:28.504   890  3288 D dalvikvm: GC_EXPLICIT freed 769K, 8% free 11373K/12231K, paused 9ms+12ms
07-23 18:45:28.757   890  3288 D dalvikvm: GC_FOR_ALLOC freed 193K, 8% free 11374K/12295K, paused 62ms
07-23 18:45:28.765   890   930 I System.out: [INFO:2978674]: LogSource: Response [http=200,length=130]
07-23 18:45:28.765   890   928 I System.out: [INFO:2978674]: LogSource: Read id 87, status code 200
07-23 18:45:28.777   890   929 I System.out: [INFO:2978685]: LogSource: Response [http=200,length=254]
07-23 18:45:28.777   890   928 I System.out: [INFO:2978686]: LogSource: Read id 84, status code 200
07-23 18:45:28.777   890   928 I System.out: [INFO:2978686]: LogSource: Read id 86, status code 200
07-23 18:45:28.793   890   928 I System.out: [INFO:2978697]: LogSource: Read id 85, status code 200
07-23 18:45:28.793   890   928 I System.out: [INFO:2978701]: LogSource: Read id 88, status code 200
07-23 18:45:28.941   890  3288 D dalvikvm: GC_FOR_ALLOC freed 177K, 8% free 11338K/12295K, paused 59ms
07-23 18:45:29.074   890  3288 D dalvikvm: GC_FOR_ALLOC freed 78K, 8% free 11335K/12295K, paused 61ms
07-23 18:45:29.203   890  3288 D dalvikvm: GC_FOR_ALLOC freed 73K, 8% free 11335K/12295K, paused 57ms
07-23 18:45:29.359   215   215 D PhoneStatusBar: disable: < expand icons alerts ticker system_info BACK HOME recent* CLOCK >
07-23 18:45:29.379   145   157 W InputManagerService: Window already focused, ignoring focus gain of: com.android.internal.view.IInputMethodClient$Stub$Proxy@418a3e10
07-23 18:45:29.390   215   215 D PhoneStatusBar: disable: < expand icons alerts ticker system_info back* home* recent clock* >
07-23 18:45:29.441   321   323 D dalvikvm: GC_CONCURRENT freed 470K, 20% free 10025K/12487K, paused 1ms+2ms
07-23 18:45:29.507   890  3288 D dalvikvm: GC_FOR_ALLOC freed 78K, 8% free 11338K/12295K, paused 30ms
07-23 18:45:29.586   424   426 D dalvikvm: GC_CONCURRENT freed 462K, 6% free 9939K/10503K, paused 2ms+13ms
07-23 18:45:29.843   293   295 D dalvikvm: GC_CONCURRENT freed 303K, 6% free 10395K/10951K, paused 3ms+3ms
07-23 18:45:30.070   424   426 D dalvikvm: GC_CONCURRENT freed 488K, 6% free 9881K/10503K, paused 1ms+3ms
07-23 18:45:30.410   890  3290 D dalvikvm: GC_FOR_ALLOC freed 121K, 8% free 11345K/12295K, paused 36ms
07-23 18:45:30.582   890   890 W IInputConnectionWrapper: showStatusIcon on inactive InputConnection
07-23 18:45:30.582   145   430 W InputManagerService: Starting input on non-focused client com.android.internal.view.IInputMethodClient$Stub$Proxy@418b3c90 (uid=10054 pid=890)
07-23 18:45:30.605   424   426 D dalvikvm: GC_CONCURRENT freed 423K, 7% free 9851K/10503K, paused 5ms+8ms
07-23 18:45:30.695   424   503 D dalvikvm: GC_EXPLICIT freed 86K, 8% free 9764K/10503K, paused 2ms+3ms
07-23 18:45:30.922   890  3290 D dalvikvm: GC_FOR_ALLOC freed 93K, 8% free 11331K/12295K, paused 95ms
07-23 18:45:31.140   890  3290 D dalvikvm: GC_FOR_ALLOC freed 71K, 8% free 11324K/12295K, paused 106ms
07-23 18:45:31.336   890  3290 D dalvikvm: GC_FOR_ALLOC freed 63K, 8% free 11327K/12295K, paused 64ms
07-23 18:45:31.507   145   156 D dalvikvm: GC_EXPLICIT freed 680K, 14% free 15917K/18311K, paused 3ms+13ms
07-23 18:45:31.570   890  3290 D dalvikvm: GC_FOR_ALLOC freed 65K, 8% free 11326K/12295K, paused 48ms
07-23 18:45:31.660   890  3290 D dalvikvm: GC_FOR_ALLOC freed 64K, 8% free 11326K/12295K, paused 49ms
07-23 18:45:31.804   890  3290 D dalvikvm: GC_FOR_ALLOC freed 70K, 8% free 11331K/12295K, paused 47ms
07-23 18:45:32.222   145   172 I power   : *** set_screen_state 0
07-23 18:45:32.289    78   121 D SurfaceFlinger: About to give-up screen, flinger = 0x749918
07-23 18:45:32.425   145   176 D dalvikvm: GC_FOR_ALLOC freed 894K, 16% free 15524K/18311K, paused 60ms
07-23 18:45:32.441   145   176 V TransportControlView: Create TCV com.android.internal.widget.TransportControlView@413387e8
07-23 18:45:32.472   215   215 D PhoneStatusBar: disable: < expand icons alerts ticker system_info back home RECENT* clock >
07-23 18:45:32.492   215   215 D PhoneStatusBar: disable: < expand icons alerts ticker system_info BACK* HOME* RECENT CLOCK* >
07-23 18:46:01.968   453  1296 I PhoneLab-: Service Running
07-23 18:46:02.289   453  1296 I PhoneLab-LoggerService: app_37    1300  453   1440   1068  c00f181c 400107b4 S logcat
07-23 18:46:02.289   453  1296 I PhoneLab-LoggerService: Logcat pid from database 1300
07-23 18:46:02.289   453  1296 I PhoneLab-LoggerService: Logcat process found 1300
07-23 18:46:02.289   453  1296 I PhoneLab-LoggerService: Checking Threshold
07-23 18:46:02.289   453  1296 I PhoneLab-: Service Running
07-23 18:46:02.312   453   456 D dalvikvm: GC_CONCURRENT freed 873K, 15% free 9178K/10695K, paused 1ms+6ms
07-23 18:46:02.343   453  1296 I PhoneLab-LoggerService: app_37    1300  453   1440   1068  c00f181c 400107b4 S logcat
07-23 18:46:02.343   453  1296 I PhoneLab-LoggerService: Logcat pid from database 1300
07-23 18:46:02.343   453  1296 I PhoneLab-LoggerService: Logcat process found 1300
07-23 18:46:02.343   453  1296 I PhoneLab-LoggerService: Checking Threshold
07-23 18:46:02.343   453  1296 I PhoneLab-: Service Running
07-23 18:46:02.371   453  1296 I PhoneLab-LoggerService: app_37    1300  453   1440   1068  c00ab7c8 40010474 D logcat
07-23 18:46:02.375   453  1296 I PhoneLab-LoggerService: Logcat pid from database 1300
07-23 18:46:02.375   453  1296 I PhoneLab-LoggerService: Logcat process found 1300
07-23 18:46:02.375   453  1296 I PhoneLab-LoggerService: Checking Threshold
07-23 18:46:25.898   453  1296 I PhoneLab-: Service Running
07-23 18:46:25.968   453  1296 I PhoneLab-LoggerService: app_37    1300  453   1440   1068  c00f181c 400107b4 S logcat
07-23 18:46:25.968   453  1296 I PhoneLab-LoggerService: Logcat pid from database 1300
07-23 18:46:25.968   453  1296 I PhoneLab-LoggerService: Logcat process found 1300
07-23 18:46:25.968   453  1296 I PhoneLab-LoggerService: Checking Threshold
07-23 18:46:26.800  1271  1273 D dalvikvm: GC_CONCURRENT freed 400K, 8% free 10226K/11015K, paused 1ms+2ms
07-23 18:47:03.316   342   342 D SAN_SERVICE: *******************************************
07-23 18:47:03.320   342   342 D SAN_SERVICE: DM App Phone Service State - 0
07-23 18:47:03.320   342   342 D SAN_SERVICE: *******************************************
07-23 18:47:03.402   342   342 D SAN_SERVICE: *******************************************
07-23 18:47:03.402   342   342 D SAN_SERVICE: DM App Phone Service State - 0
07-23 18:47:03.402   342   342 D SAN_SERVICE: *******************************************
07-23 18:47:23.582   145   199 D DhcpInfoInternal: makeLinkProperties with empty dns2!
07-23 18:47:23.582   145   199 D DhcpInfoInternal: makeLinkProperties with empty dns2!
07-23 18:47:23.683   342   342 D SAN_SERVICE: *******************************************
07-23 18:47:23.683   342   342 D SAN_SERVICE: DM App Phone Service State - 0
07-23 18:47:23.683   342   342 D SAN_SERVICE: *******************************************
07-23 18:47:23.953   342   342 D SAN_SERVICE: *******************************************
07-23 18:47:23.957   342   342 D SAN_SERVICE: DM App Phone Service State - 0
07-23 18:47:23.957   342   342 D SAN_SERVICE: *******************************************
07-23 18:47:24.222   342   342 D SAN_SERVICE: *******************************************
07-23 18:47:24.222   342   342 D SAN_SERVICE: DM App Phone Service State - 0
07-23 18:47:24.222   342   342 D SAN_SERVICE: *******************************************
07-23 18:47:26.718  2353  2356 D dalvikvm: GC_CONCURRENT freed 555K, 12% free 10713K/12167K, paused 2ms+3ms
07-23 18:47:26.828  1271  1273 D dalvikvm: GC_CONCURRENT freed 394K, 8% free 10224K/11015K, paused 1ms+2ms
07-23 18:48:25.183   342   342 D SAN_SERVICE: *******************************************
07-23 18:48:25.183   342   342 D SAN_SERVICE: DM App Phone Service State - 0
07-23 18:48:25.183   342   342 D SAN_SERVICE: *******************************************
07-23 18:48:25.465   342   342 D SAN_SERVICE: *******************************************
07-23 18:48:25.465   342   342 D SAN_SERVICE: DM App Phone Service State - 0
07-23 18:48:25.465   342   342 D SAN_SERVICE: *******************************************
07-23 18:48:26.199   342   342 D SAN_SERVICE: *******************************************
07-23 18:48:26.199   342   342 D SAN_SERVICE: DM App Phone Service State - 0
07-23 18:48:26.199   342   342 D SAN_SERVICE: *******************************************
07-23 18:48:26.855  1271  1273 D dalvikvm: GC_CONCURRENT freed 403K, 8% free 10215K/11015K, paused 2ms+2ms
07-23 18:48:26.965  1271  1273 D dalvikvm: GC_CONCURRENT freed 163K, 6% free 10447K/11015K, paused 2ms+3ms
07-23 18:48:53.070   145   161 I power   : *** set_screen_state 1
07-23 18:48:53.113   453   453 I PhoneLab-PowerOnReceiver: Power is plugged in!
07-23 18:48:53.113   453   453 I PhoneLab-PowerOnReceiver: Rescheduling periodic checking...
07-23 18:48:53.129   215   215 W PowerUI : unknown intent: Intent { act=android.intent.action.ACTION_POWER_CONNECTED flg=0x10000010 }
07-23 18:48:53.140   145   176 I WindowManager: Lock screen displayed!
07-23 18:48:53.160   453   453 I PhoneLab-Locks: wake lock acquired
07-23 18:48:53.261    78   121 D SurfaceFlinger: Screen about to return, flinger = 0x749918
07-23 18:48:53.347   453   453 I PhoneLab-UploadLogs: Transfering log files now
07-23 18:48:53.351   453   453 I PhoneLab-UploadLogs: No log files to transfer
07-23 18:48:53.351   453   453 I PhoneLab-Locks: wake lock released
07-23 18:48:53.351   453   453 I PhoneLab-UploadLogs: OnStartCommand
07-23 18:48:53.664  2281  2284 D dalvikvm: GC_CONCURRENT freed 413K, 5% free 10525K/11015K, paused 3ms+14ms
07-23 18:48:54.902  2281  2284 D dalvikvm: GC_CONCURRENT freed 354K, 4% free 10643K/11079K, paused 3ms+2ms
07-23 18:48:55.613  2281  2284 D dalvikvm: GC_CONCURRENT freed 225K, 4% free 10876K/11271K, paused 2ms+2ms
07-23 18:48:57.800   342   342 D SAN_SERVICE: *******************************************
07-23 18:48:57.800   342   342 D SAN_SERVICE: DM App Phone Service State - 0
07-23 18:48:57.800   342   342 D SAN_SERVICE: *******************************************
07-23 18:48:58.304   342   342 D SAN_SERVICE: *******************************************
07-23 18:48:58.304   342   342 D SAN_SERVICE: DM App Phone Service State - 0
07-23 18:48:58.304   342   342 D SAN_SERVICE: *******************************************
07-23 18:49:03.187   453   453 I PhoneLab-Locks: wake lock acquired
07-23 18:49:03.226   453  3343 I PhoneLab-PeriodicCheckService: User info is synched
07-23 18:49:03.269   453  3343 I PhoneLab-PeriodicCheckService: Logger Service is running
07-23 18:49:03.285   453   453 I PhoneLab-Locks: wake lock acquired
07-23 18:49:03.289   453   453 I PhoneLab-StatusMonitor: Status Monitoring is started
07-23 18:49:03.293   453  3343 I PhoneLab-Locks: wake lock acquired
07-23 18:49:03.293   453  3343 I PhoneLab-PeriodicCheckService: Rescheduling periodic checking...
07-23 18:49:03.297   453  3343 I PhoneLab-Locks: wake lock released
07-23 18:49:03.312   453   453 E PhoneLab-PhoneLabManifest: java.io.FileNotFoundException: /data/data/edu.buffalo.cse.phonelab.phonelabservices/files/manifest.xml: open failed: ENOENT (No such file or directory)
07-23 18:49:03.328   453   453 I PhoneLab-Locks: wake lock released
07-23 18:49:03.332   453   453 I PhoneLab-UploadLogs: Transfering log files now
07-23 18:49:03.332   453   453 I PhoneLab-UploadLogs: No log files to transfer
07-23 18:49:03.332   453   453 I PhoneLab-Locks: wake lock released
07-23 18:49:03.332   453   453 I PhoneLab-UploadLogs: OnStartCommand
07-23 18:49:03.363   145   147 D dalvikvm: GC_CONCURRENT freed 1091K, 13% free 15963K/18311K, paused 3ms+7ms
07-23 18:49:03.386   453   456 D dalvikvm: GC_CONCURRENT freed 432K, 15% free 9145K/10695K, paused 2ms+2ms
07-23 18:49:11.410   342   342 D SAN_SERVICE: *******************************************
07-23 18:49:11.410   342   342 D SAN_SERVICE: DM App Phone Service State - 0
07-23 18:49:11.410   342   342 D SAN_SERVICE: *******************************************
07-23 18:49:12.203   342   342 D SAN_SERVICE: *******************************************
07-23 18:49:12.203   342   342 D SAN_SERVICE: DM App Phone Service State - 0
07-23 18:49:12.203   342   342 D SAN_SERVICE: *******************************************
07-23 18:49:25.613   145   421 D dalvikvm: GC_EXPLICIT freed 109K, 14% free 15885K/18311K, paused 16ms+6ms
07-23 18:49:27.000  2353  2356 D dalvikvm: GC_CONCURRENT freed 561K, 13% free 10707K/12167K, paused 2ms+3ms
07-23 18:49:27.023  1271  1273 D dalvikvm: GC_CONCURRENT freed 726K, 8% free 10273K/11079K, paused 3ms+3ms
07-23 18:49:41.015   145   201 D ConnectivityService: ConnectivityChange for WIMAX: DISCONNECTED/SCANNING
07-23 18:49:41.015   145   201 D ConnectivityService: Attempting to switch to mobile
07-23 18:49:41.015   145   201 D ConnectivityService: Attempting to switch to WIFI
07-23 18:49:41.015   145   201 D ConnectivityService: Attempting to switch to BLUETOOTH_TETHER
07-23 18:49:41.140   342   345 D dalvikvm: GC_CONCURRENT freed 420K, 7% free 9471K/10119K, paused 2ms+6ms
07-23 18:49:44.047   145   205 D Tethering: MasterInitialState.processMessage what=3
07-23 18:49:44.086   145   205 D Tethering: MasterInitialState.processMessage what=3
07-23 18:49:44.129  2247  2247 I MediaUploader: No need to wake up
07-23 18:49:44.191  2326  2326 W ContextScopeImpl: thread=1 tried to enter the scope of the application context. Ignored.
07-23 18:49:44.203  2263  2282 D PicasaSyncManager: active network: NetworkInfo: type: WIFI[], state: CONNECTED/CONNECTED, reason: (unspecified), extra: (none), roaming: false, failover: false, isAvailable: true
07-23 18:49:44.203  2263  2282 D PicasaSyncManager: background data: true
07-23 18:49:44.257  2247  2247 I MediaUploader: No need to wake up
07-23 18:49:44.289  2263  2282 D PicasaSyncManager: active network: NetworkInfo: type: WIFI[], state: CONNECTED/CONNECTED, reason: (unspecified), extra: (none), roaming: false, failover: false, isAvailable: true
07-23 18:49:44.293  2263  2282 D PicasaSyncManager: background data: true
07-23 18:49:44.324  2326  2326 W ContextScopeImpl: thread=1 tried to enter the scope of the application context. Ignored.
07-23 18:49:44.429   342   834 D dalvikvm: GC_EXPLICIT freed 20K, 7% free 9462K/10119K, paused 7ms+8ms
07-23 18:49:44.593   145   201 D ConnectivityService: handleInetConditionHoldEnd: net=1, condition=100, published condition=100
07-23 18:49:46.183   342   342 D SAN_SERVICE: *******************************************
07-23 18:49:46.183   342   342 D SAN_SERVICE: DM App Phone Service State - 0
07-23 18:49:46.183   342   342 D SAN_SERVICE: *******************************************
07-23 18:49:46.699   342   342 D SAN_SERVICE: *******************************************
07-23 18:49:46.699   342   342 D SAN_SERVICE: DM App Phone Service State - 0
07-23 18:49:46.699   342   342 D SAN_SERVICE: *******************************************
07-23 18:49:47.441   342   342 D SAN_SERVICE: *******************************************
07-23 18:49:47.441   342   342 D SAN_SERVICE: DM App Phone Service State - 0
07-23 18:49:47.441   342   342 D SAN_SERVICE: *******************************************
07-23 18:49:47.675   342   342 D SAN_SERVICE: *******************************************
07-23 18:49:47.675   342   342 D SAN_SERVICE: DM App Phone Service State - 0
07-23 18:49:47.675   342   342 D SAN_SERVICE: *******************************************
07-23 18:49:48.480   145   199 D DhcpInfoInternal: makeLinkProperties with empty dns2!
07-23 18:49:48.496   145   199 D DhcpInfoInternal: makeLinkProperties with empty dns2!
07-23 18:49:49.144   145   201 D ConnectivityService: ConnectivityChange for mobile: CONNECTED/CONNECTED
07-23 18:49:49.175   145   201 D NetUtils: android_net_utils_resetConnections in env=0x2fd008 clazz=0x6f600001 iface=rmnet0 mask=0x3
07-23 18:49:49.175   145   201 D ConnectivityService: ConnectivityChange for mobile: DISCONNECTED/DISCONNECTED
07-23 18:49:49.175   145   201 D ConnectivityService: Attempting to switch to WIFI
07-23 18:49:49.175   145   201 D ConnectivityService: Attempting to switch to WIMAX
07-23 18:49:49.175   145   201 D ConnectivityService: Attempting to switch to BLUETOOTH_TETHER
07-23 18:49:49.175   145   201 D ConnectivityService: resetConnections(rmnet0, 3)
07-23 18:49:49.390   145   147 D dalvikvm: GC_CONCURRENT freed 1593K, 13% free 16012K/18311K, paused 3ms+7ms
07-23 18:49:52.238   145   205 D Tethering: MasterInitialState.processMessage what=3
07-23 18:49:52.281   145   205 D Tethering: MasterInitialState.processMessage what=3
07-23 18:49:52.347   293   295 D dalvikvm: GC_CONCURRENT freed 460K, 6% free 10370K/10951K, paused 2ms+6ms
07-23 18:49:52.371  2247  2247 I MediaUploader: No need to wake up
07-23 18:49:52.418  2263  2282 D PicasaSyncManager: active network: NetworkInfo: type: WIFI[], state: CONNECTED/CONNECTED, reason: (unspecified), extra: (none), roaming: false, failover: false, isAvailable: true
07-23 18:49:52.418  2263  2282 D PicasaSyncManager: background data: true
07-23 18:49:52.437  2326  2326 W ContextScopeImpl: thread=1 tried to enter the scope of the application context. Ignored.
07-23 18:49:52.468  2247  2247 I MediaUploader: No need to wake up
07-23 18:49:52.527  2326  2326 W ContextScopeImpl: thread=1 tried to enter the scope of the application context. Ignored.
07-23 18:49:52.531  2263  2282 D PicasaSyncManager: active network: NetworkInfo: type: WIFI[], state: CONNECTED/CONNECTED, reason: (unspecified), extra: (none), roaming: false, failover: false, isAvailable: true
07-23 18:49:52.535  2263  2282 D PicasaSyncManager: background data: true
07-23 18:49:52.574   906   909 D dalvikvm: GC_CONCURRENT freed 414K, 8% free 9897K/10695K, paused 35ms+14ms
07-23 18:49:52.593   342   342 D SAN_SERVICE: *******************************************
07-23 18:49:52.593   342   342 D SAN_SERVICE: DM App Phone Service State - 0
07-23 18:49:52.593   342   342 D SAN_SERVICE: *******************************************
07-23 18:49:52.738  2229  2232 D dalvikvm: GC_CONCURRENT freed 435K, 6% free 9358K/9927K, paused 2ms+4ms
07-23 18:49:52.785   145   201 D ConnectivityService: handleInetConditionHoldEnd: net=1, condition=100, published condition=100
07-23 18:50:04.367   342   342 D SAN_SERVICE: *******************************************
07-23 18:50:04.367   342   342 D SAN_SERVICE: DM App Phone Service State - 0
07-23 18:50:04.367   342   342 D SAN_SERVICE: *******************************************
07-23 18:50:04.871   342   342 D SAN_SERVICE: *******************************************
07-23 18:50:04.871   342   342 D SAN_SERVICE: DM App Phone Service State - 0
07-23 18:50:04.871   342   342 D SAN_SERVICE: *******************************************
07-23 18:50:09.808   453  1296 I PhoneLab-: Service Running
07-23 18:50:09.882   453  1296 I PhoneLab-LoggerService: app_37    1300  453   1440   1068  c00f181c 400107b4 S logcat
07-23 18:50:09.882   453  1296 I PhoneLab-LoggerService: Logcat pid from database 1300
07-23 18:50:09.882   453  1296 I PhoneLab-LoggerService: Logcat process found 1300
07-23 18:50:09.882   453  1296 I PhoneLab-LoggerService: Checking Threshold
07-23 18:50:09.882   453  1296 I PhoneLab-: Service Running
07-23 18:50:09.914   453  1296 I PhoneLab-LoggerService: app_37    1300  453   1440   1068  c00f181c 400107b4 S logcat
07-23 18:50:09.918   453  1296 I PhoneLab-LoggerService: Logcat pid from database 1300
07-23 18:50:09.918   453  1296 I PhoneLab-LoggerService: Logcat process found 1300
07-23 18:50:09.918   453  1296 I PhoneLab-LoggerService: Checking Threshold
07-23 18:50:27.050  1271  1273 D dalvikvm: GC_CONCURRENT freed 458K, 7% free 10327K/11079K, paused 2ms+3ms
07-23 18:51:14.347   342   342 D SAN_SERVICE: *******************************************
07-23 18:51:14.347   342   342 D SAN_SERVICE: DM App Phone Service State - 0
07-23 18:51:14.347   342   342 D SAN_SERVICE: *******************************************
07-23 18:51:14.586   342   342 D SAN_SERVICE: *******************************************
07-23 18:51:14.586   342   342 D SAN_SERVICE: DM App Phone Service State - 0
07-23 18:51:14.586   342   342 D SAN_SERVICE: *******************************************
07-23 18:51:15.090   342   342 D SAN_SERVICE: *******************************************
07-23 18:51:15.090   342   342 D SAN_SERVICE: DM App Phone Service State - 0
07-23 18:51:15.090   342   342 D SAN_SERVICE: *******************************************
07-23 18:51:27.121  2353  2356 D dalvikvm: GC_CONCURRENT freed 550K, 12% free 10719K/12167K, paused 1ms+2ms
07-23 18:51:27.242  1271  1273 D dalvikvm: GC_CONCURRENT freed 576K, 8% free 10263K/11079K, paused 2ms+3ms
07-23 18:52:00.507   342   342 D SAN_SERVICE: *******************************************
07-23 18:52:00.507   342   342 D SAN_SERVICE: DM App Phone Service State - 0
07-23 18:52:00.507   342   342 D SAN_SERVICE: *******************************************
07-23 18:52:00.757   342   342 D SAN_SERVICE: *******************************************
07-23 18:52:00.757   342   342 D SAN_SERVICE: DM App Phone Service State - 0
07-23 18:52:00.757   342   342 D SAN_SERVICE: *******************************************
07-23 18:52:01.261   342   342 D SAN_SERVICE: *******************************************
07-23 18:52:01.261   342   342 D SAN_SERVICE: DM App Phone Service State - 0
07-23 18:52:01.261   342   342 D SAN_SERVICE: *******************************************
07-23 18:52:05.726   453  1296 I PhoneLab-: Service Running
07-23 18:52:05.800   453  1296 I PhoneLab-LoggerService: app_37    1300  453   1440   1068  c00f181c 400107b4 S logcat
07-23 18:52:05.800   453  1296 I PhoneLab-LoggerService: Logcat pid from database 1300
07-23 18:52:05.800   453  1296 I PhoneLab-LoggerService: Logcat process found 1300
07-23 18:52:05.800   453  1296 I PhoneLab-LoggerService: Checking Threshold
07-23 18:52:13.355   145   199 D DhcpInfoInternal: makeLinkProperties with empty dns2!
07-23 18:52:13.363   145   199 D DhcpInfoInternal: makeLinkProperties with empty dns2!
07-23 18:52:25.828   342   345 D dalvikvm: GC_CONCURRENT freed 374K, 7% free 9474K/10119K, paused 3ms+2ms
07-23 18:52:27.215  1271  1273 D dalvikvm: GC_CONCURRENT freed 470K, 8% free 10268K/11079K, paused 2ms+2ms
07-23 18:52:56.773   342   342 D SAN_SERVICE: *******************************************
07-23 18:52:56.773   342   342 D SAN_SERVICE: DM App Phone Service State - 0
07-23 18:52:56.773   342   342 D SAN_SERVICE: *******************************************
07-23 18:52:57.011   342   342 D SAN_SERVICE: *******************************************
07-23 18:52:57.011   342   342 D SAN_SERVICE: DM App Phone Service State - 0
07-23 18:52:57.011   342   342 D SAN_SERVICE: *******************************************
07-23 18:52:57.277   342   342 D SAN_SERVICE: *******************************************
07-23 18:52:57.277   342   342 D SAN_SERVICE: DM App Phone Service State - 0
07-23 18:52:57.277   342   342 D SAN_SERVICE: *******************************************
07-23 18:53:03.550   342   342 D SAN_SERVICE: *******************************************
07-23 18:53:03.550   342   342 D SAN_SERVICE: DM App Phone Service State - 0
07-23 18:53:03.550   342   342 D SAN_SERVICE: *******************************************
07-23 18:53:12.066   342   342 D SAN_SERVICE: *******************************************
07-23 18:53:12.066   342   342 D SAN_SERVICE: DM App Phone Service State - 0
07-23 18:53:12.066   342   342 D SAN_SERVICE: *******************************************
07-23 18:53:22.332   342   342 D SAN_SERVICE: *******************************************
07-23 18:53:22.336   342   342 D SAN_SERVICE: DM App Phone Service State - 0
07-23 18:53:22.336   342   342 D SAN_SERVICE: *******************************************
07-23 18:53:22.554   342   342 D SAN_SERVICE: *******************************************
07-23 18:53:22.554   342   342 D SAN_SERVICE: DM App Phone Service State - 0
07-23 18:53:22.554   342   342 D SAN_SERVICE: *******************************************
07-23 18:53:23.347   342   342 D SAN_SERVICE: *******************************************
07-23 18:53:23.347   342   342 D SAN_SERVICE: DM App Phone Service State - 0
07-23 18:53:23.347   342   342 D SAN_SERVICE: *******************************************
07-23 18:53:27.207  2353  2356 D dalvikvm: GC_CONCURRENT freed 567K, 12% free 10718K/12167K, paused 2ms+3ms
07-23 18:53:27.328  1271  1273 D dalvikvm: GC_CONCURRENT freed 441K, 8% free 10256K/11079K, paused 1ms+2ms
07-23 18:53:32.601   342   342 D SAN_SERVICE: *******************************************
07-23 18:53:32.601   342   342 D SAN_SERVICE: DM App Phone Service State - 0
07-23 18:53:32.601   342   342 D SAN_SERVICE: *******************************************
07-23 18:54:00.015   145   162 I ActivityManager: No longer want com.google.android.apps.currents (pid 1752): hidden #16
07-23 18:54:00.082   145   378 W ActivityManager: Scheduling restart of crashed service com.google.android.apps.currents/com.google.apps.dots.android.app.service.DotsSyncService in 5000ms
07-23 18:54:05.726   453  1296 I PhoneLab-: Service Running
07-23 18:54:05.824   453  1296 I PhoneLab-LoggerService: app_37    1300  453   1440   1068  c00f181c 400107b4 S logcat
07-23 18:54:05.824   453  1296 I PhoneLab-LoggerService: Logcat pid from database 1300
07-23 18:54:05.824   453  1296 I PhoneLab-LoggerService: Logcat process found 1300
07-23 18:54:05.824   453  1296 I PhoneLab-LoggerService: Checking Threshold
07-23 18:54:18.691   342   342 D SAN_SERVICE: *******************************************
07-23 18:54:18.691   342   342 D SAN_SERVICE: DM App Phone Service State - 0
07-23 18:54:18.691   342   342 D SAN_SERVICE: *******************************************
07-23 18:54:25.465   342   342 D SAN_SERVICE: *******************************************
07-23 18:54:25.465   342   342 D SAN_SERVICE: DM App Phone Service State - 0
07-23 18:54:25.465   342   342 D SAN_SERVICE: *******************************************
07-23 18:54:27.382   145   363 D dalvikvm: GC_EXPLICIT freed 1288K, 13% free 16036K/18311K, paused 2ms+7ms
07-23 18:54:27.457  1271  1273 D dalvikvm: GC_CONCURRENT freed 432K, 8% free 10257K/11079K, paused 1ms+2ms
07-23 18:54:38.027   145   199 D DhcpInfoInternal: makeLinkProperties with empty dns2!
07-23 18:54:38.027   145   199 D DhcpInfoInternal: makeLinkProperties with empty dns2!
07-23 18:54:39.164   342   342 D SAN_SERVICE: *******************************************
07-23 18:54:39.164   342   342 D SAN_SERVICE: DM App Phone Service State - 0
07-23 18:54:39.164   342   342 D SAN_SERVICE: *******************************************
07-23 18:54:39.418   342   342 D SAN_SERVICE: *******************************************
07-23 18:54:39.418   342   342 D SAN_SERVICE: DM App Phone Service State - 0
07-23 18:54:39.418   342   342 D SAN_SERVICE: *******************************************
07-23 18:54:39.652   342   342 D SAN_SERVICE: *******************************************
07-23 18:54:39.652   342   342 D SAN_SERVICE: DM App Phone Service State - 0
07-23 18:54:39.652   342   342 D SAN_SERVICE: *******************************************
07-23 18:55:27.394  2353  2356 D dalvikvm: GC_CONCURRENT freed 559K, 12% free 10725K/12167K, paused 2ms+3ms
07-23 18:55:27.457   293   668 D dalvikvm: GC_EXPLICIT freed 250K, 6% free 10316K/10951K, paused 2ms+4ms
07-23 18:55:27.554  1271  1273 D dalvikvm: GC_CONCURRENT freed 430K, 8% free 10253K/11079K, paused 2ms+2ms
07-23 18:55:30.355   342   342 D SAN_SERVICE: *******************************************
07-23 18:55:30.355   342   342 D SAN_SERVICE: DM App Phone Service State - 0
07-23 18:55:30.355   342   342 D SAN_SERVICE: *******************************************
07-23 18:55:30.590   342   342 D SAN_SERVICE: *******************************************
07-23 18:55:30.590   342   342 D SAN_SERVICE: DM App Phone Service State - 0
07-23 18:55:30.593   342   342 D SAN_SERVICE: *******************************************
07-23 18:55:31.043   342   342 D SAN_SERVICE: *******************************************
07-23 18:55:31.043   342   342 D SAN_SERVICE: DM App Phone Service State - 0
07-23 18:55:31.043   342   342 D SAN_SERVICE: *******************************************
07-23 18:55:47.394   342   342 D SAN_SERVICE: *******************************************
07-23 18:55:47.394   342   342 D SAN_SERVICE: DM App Phone Service State - 0
07-23 18:55:47.394   342   342 D SAN_SERVICE: *******************************************
07-23 18:55:47.933   342   342 D SAN_SERVICE: *******************************************
07-23 18:55:47.933   342   342 D SAN_SERVICE: DM App Phone Service State - 0
07-23 18:55:47.933   342   342 D SAN_SERVICE: *******************************************
07-23 18:56:05.726   453  1296 I PhoneLab-: Service Running
07-23 18:56:05.808   453  1296 I PhoneLab-LoggerService: app_37    1300  453   1440   1068  c00f181c 400107b4 S logcat
07-23 18:56:05.808   453  1296 I PhoneLab-LoggerService: Logcat pid from database 1300
07-23 18:56:05.812   453  1296 I PhoneLab-LoggerService: Logcat process found 1300
07-23 18:56:05.812   453  1296 I PhoneLab-LoggerService: Checking Threshold
07-23 18:56:06.203   342   342 D SAN_SERVICE: *******************************************
07-23 18:56:06.203   342   342 D SAN_SERVICE: DM App Phone Service State - 0
07-23 18:56:06.203   342   342 D SAN_SERVICE: *******************************************
07-23 18:56:06.433   342   342 D SAN_SERVICE: *******************************************
07-23 18:56:06.433   342   342 D SAN_SERVICE: DM App Phone Service State - 0
07-23 18:56:06.433   342   342 D SAN_SERVICE: *******************************************
07-23 18:56:21.558   342   342 D SAN_SERVICE: *******************************************
07-23 18:56:21.558   342   342 D SAN_SERVICE: DM App Phone Service State - 0
07-23 18:56:21.558   342   342 D SAN_SERVICE: *******************************************
07-23 18:56:21.808   342   342 D SAN_SERVICE: *******************************************
07-23 18:56:21.808   342   342 D SAN_SERVICE: DM App Phone Service State - 0
07-23 18:56:21.808   342   342 D SAN_SERVICE: *******************************************
07-23 18:56:21.824   342   345 D dalvikvm: GC_CONCURRENT freed 407K, 7% free 9461K/10119K, paused 24ms+2ms
07-23 18:56:22.308   342   342 D SAN_SERVICE: *******************************************
07-23 18:56:22.308   342   342 D SAN_SERVICE: DM App Phone Service State - 0
07-23 18:56:22.308   342   342 D SAN_SERVICE: *******************************************
07-23 18:56:27.539  1271  1273 D dalvikvm: GC_CONCURRENT freed 437K, 8% free 10257K/11079K, paused 1ms+3ms
07-23 18:57:02.918   145   199 D DhcpInfoInternal: makeLinkProperties with empty dns2!
07-23 18:57:02.972   145   199 D DhcpInfoInternal: makeLinkProperties with empty dns2!
07-23 18:57:07.629   342   342 D SAN_SERVICE: *******************************************
07-23 18:57:07.629   342   342 D SAN_SERVICE: DM App Phone Service State - 0
07-23 18:57:07.629   342   342 D SAN_SERVICE: *******************************************
07-23 18:57:22.988   342   342 D SAN_SERVICE: *******************************************
07-23 18:57:22.988   342   342 D SAN_SERVICE: DM App Phone Service State - 0
07-23 18:57:22.988   342   342 D SAN_SERVICE: *******************************************
07-23 18:57:23.238   342   342 D SAN_SERVICE: *******************************************
07-23 18:57:23.238   342   342 D SAN_SERVICE: DM App Phone Service State - 0
07-23 18:57:23.238   342   342 D SAN_SERVICE: *******************************************
07-23 18:57:24.000   342   342 D SAN_SERVICE: *******************************************
07-23 18:57:24.000   342   342 D SAN_SERVICE: DM App Phone Service State - 0
07-23 18:57:24.000   342   342 D SAN_SERVICE: *******************************************
07-23 18:57:27.570  2353  2356 D dalvikvm: GC_CONCURRENT freed 569K, 12% free 10723K/12167K, paused 2ms+3ms
07-23 18:57:27.695  1271  1273 D dalvikvm: GC_CONCURRENT freed 434K, 8% free 10254K/11079K, paused 2ms+2ms
07-23 18:57:33.261   342   342 D SAN_SERVICE: *******************************************
07-23 18:57:33.261   342   342 D SAN_SERVICE: DM App Phone Service State - 0
07-23 18:57:33.261   342   342 D SAN_SERVICE: *******************************************
07-23 18:57:43.457   342   342 D SAN_SERVICE: *******************************************
07-23 18:57:43.457   342   342 D SAN_SERVICE: DM App Phone Service State - 0
07-23 18:57:43.457   342   342 D SAN_SERVICE: *******************************************
07-23 18:57:50.277   342   342 D SAN_SERVICE: *******************************************
07-23 18:57:50.277   342   342 D SAN_SERVICE: DM App Phone Service State - 0
07-23 18:57:50.277   342   342 D SAN_SERVICE: *******************************************
07-23 18:58:03.906   342   342 D SAN_SERVICE: *******************************************
07-23 18:58:03.906   342   342 D SAN_SERVICE: DM App Phone Service State - 0
07-23 18:58:03.906   342   342 D SAN_SERVICE: *******************************************
07-23 18:58:04.715   342   342 D SAN_SERVICE: *******************************************
07-23 18:58:04.715   342   342 D SAN_SERVICE: DM App Phone Service State - 0
07-23 18:58:04.715   342   342 D SAN_SERVICE: *******************************************
07-23 18:58:05.726   453  1296 I PhoneLab-: Service Running
07-23 18:58:05.828   453  1296 I PhoneLab-LoggerService: app_37    1300  453   1440   1068  c00f181c 400107b4 S logcat
07-23 18:58:05.828   453  1296 I PhoneLab-LoggerService: Logcat pid from database 1300
07-23 18:58:05.828   453  1296 I PhoneLab-LoggerService: Logcat process found 1300
07-23 18:58:05.828   453  1296 I PhoneLab-LoggerService: Checking Threshold
07-23 18:58:19.320   342   342 D SAN_SERVICE: *******************************************
07-23 18:58:19.320   342   342 D SAN_SERVICE: DM App Phone Service State - 0
07-23 18:58:19.320   342   342 D SAN_SERVICE: *******************************************
07-23 18:58:19.562   342   342 D SAN_SERVICE: *******************************************
07-23 18:58:19.562   342   342 D SAN_SERVICE: DM App Phone Service State - 0
07-23 18:58:19.562   342   342 D SAN_SERVICE: *******************************************
07-23 18:58:20.074   342   342 D SAN_SERVICE: *******************************************
07-23 18:58:20.074   342   342 D SAN_SERVICE: DM App Phone Service State - 0
07-23 18:58:20.074   342   342 D SAN_SERVICE: *******************************************
07-23 18:58:27.699  1271  1273 D dalvikvm: GC_CONCURRENT freed 425K, 8% free 10254K/11079K, paused 1ms+3ms
07-23 18:59:25.906   342   342 D SAN_SERVICE: *******************************************
07-23 18:59:25.906   342   342 D SAN_SERVICE: DM App Phone Service State - 0
07-23 18:59:25.906   342   342 D SAN_SERVICE: *******************************************
07-23 18:59:26.117   342   342 D SAN_SERVICE: *******************************************
07-23 18:59:26.117   342   342 D SAN_SERVICE: DM App Phone Service State - 0
07-23 18:59:26.117   342   342 D SAN_SERVICE: *******************************************
07-23 18:59:26.418  2353  2356 D dalvikvm: GC_CONCURRENT freed 423K, 12% free 10744K/12167K, paused 5ms+5ms
07-23 18:59:27.648  1271  3481 D dalvikvm: GC_EXPLICIT freed 55K, 8% free 10206K/11079K, paused 2ms+2ms
07-23 18:59:27.691   145   199 D DhcpInfoInternal: makeLinkProperties with empty dns2!
07-23 18:59:27.691   145   199 D DhcpInfoInternal: makeLinkProperties with empty dns2!
07-23 18:59:27.738  1271  1273 D dalvikvm: GC_CONCURRENT freed 370K, 8% free 10249K/11079K, paused 2ms+2ms
07-23 18:59:49.234   145   161 V BackupManagerService: Running a backup pass
07-23 18:59:49.257   145   214 V BackupManagerService: Backup requested but nothing pending
07-23 19:00:01.738   342   342 D SAN_SERVICE: *******************************************
07-23 19:00:01.738   342   342 D SAN_SERVICE: DM App Phone Service State - 0
07-23 19:00:01.738   342   342 D SAN_SERVICE: *******************************************
07-23 19:00:01.961   342   342 D SAN_SERVICE: *******************************************
07-23 19:00:01.961   342   342 D SAN_SERVICE: DM App Phone Service State - 0
07-23 19:00:01.961   342   342 D SAN_SERVICE: *******************************************
07-23 19:00:02.195   342   342 D SAN_SERVICE: *******************************************
07-23 19:00:02.195   342   342 D SAN_SERVICE: DM App Phone Service State - 0
07-23 19:00:02.195   342   342 D SAN_SERVICE: *******************************************
07-23 19:00:05.726   453  1296 I PhoneLab-: Service Running
07-23 19:00:05.832   453  1296 I PhoneLab-LoggerService: app_37    1300  453   1440   1068  c00f181c 400107b4 S logcat
07-23 19:00:05.832   453  1296 I PhoneLab-LoggerService: Logcat pid from database 1300
07-23 19:00:05.832   453  1296 I PhoneLab-LoggerService: Logcat process found 1300
07-23 19:00:05.832   453  1296 I PhoneLab-LoggerService: Checking Threshold
07-23 19:00:27.304   342   342 D SAN_SERVICE: *******************************************
07-23 19:00:27.304   342   342 D SAN_SERVICE: DM App Phone Service State - 0
07-23 19:00:27.304   342   342 D SAN_SERVICE: *******************************************
07-23 19:00:27.578   342   342 D SAN_SERVICE: *******************************************
07-23 19:00:27.578   342   342 D SAN_SERVICE: DM App Phone Service State - 0
07-23 19:00:27.578   342   342 D SAN_SERVICE: *******************************************
07-23 19:00:27.707  2353  2356 D dalvikvm: GC_CONCURRENT freed 589K, 12% free 10728K/12167K, paused 2ms+3ms
07-23 19:00:27.832  1271  1273 D dalvikvm: GC_CONCURRENT freed 456K, 8% free 10247K/11079K, paused 2ms+2ms
07-23 19:00:42.718   342   342 D SAN_SERVICE: *******************************************
07-23 19:00:42.718   342   342 D SAN_SERVICE: DM App Phone Service State - 0
07-23 19:00:42.718   342   342 D SAN_SERVICE: *******************************************
07-23 19:00:43.238   342   342 D SAN_SERVICE: *******************************************
07-23 19:00:43.238   342   342 D SAN_SERVICE: DM App Phone Service State - 0
07-23 19:00:43.238   342   342 D SAN_SERVICE: *******************************************
07-23 19:00:43.257   342   345 D dalvikvm: GC_CONCURRENT freed 385K, 7% free 9464K/10119K, paused 19ms+3ms
07-23 19:00:52.968   342   342 D SAN_SERVICE: *******************************************
07-23 19:00:52.968   342   342 D SAN_SERVICE: DM App Phone Service State - 0
07-23 19:00:52.968   342   342 D SAN_SERVICE: *******************************************
07-23 19:01:03.132   342   342 D SAN_SERVICE: *******************************************
07-23 19:01:03.132   342   342 D SAN_SERVICE: DM App Phone Service State - 0
07-23 19:01:03.132   342   342 D SAN_SERVICE: *******************************************
07-23 19:01:03.402   342   342 D SAN_SERVICE: *******************************************
07-23 19:01:03.402   342   342 D SAN_SERVICE: DM App Phone Service State - 0
07-23 19:01:03.402   342   342 D SAN_SERVICE: *******************************************
07-23 19:01:04.144   342   342 D SAN_SERVICE: *******************************************
07-23 19:01:04.144   342   342 D SAN_SERVICE: DM App Phone Service State - 0
07-23 19:01:04.148   342   342 D SAN_SERVICE: *******************************************
07-23 19:01:08.527   342   342 D SAN_SERVICE: *******************************************
07-23 19:01:08.527   342   342 D SAN_SERVICE: DM App Phone Service State - 0
07-23 19:01:08.527   342   342 D SAN_SERVICE: *******************************************
07-23 19:01:27.879  1271  1273 D dalvikvm: GC_CONCURRENT freed 451K, 8% free 10247K/11079K, paused 1ms+2ms
07-23 19:01:52.578   145   199 D DhcpInfoInternal: makeLinkProperties with empty dns2!
07-23 19:01:52.590   145   199 D DhcpInfoInternal: makeLinkProperties with empty dns2!
07-23 19:02:04.590   342   342 D SAN_SERVICE: *******************************************
07-23 19:02:04.590   342   342 D SAN_SERVICE: DM App Phone Service State - 0
07-23 19:02:04.590   342   342 D SAN_SERVICE: *******************************************
07-23 19:02:04.824   342   342 D SAN_SERVICE: *******************************************
07-23 19:02:04.824   342   342 D SAN_SERVICE: DM App Phone Service State - 0
07-23 19:02:04.824   342   342 D SAN_SERVICE: *******************************************
07-23 19:02:05.726   453  1296 I PhoneLab-: Service Running
07-23 19:02:05.812   453   456 D dalvikvm: GC_CONCURRENT freed 387K, 15% free 9168K/10695K, paused 2ms+4ms
07-23 19:02:05.820   453  1296 I PhoneLab-LoggerService: app_37    1300  453   1440   1068  c00f181c 400107b4 S logcat
07-23 19:02:05.824   453  1296 I PhoneLab-LoggerService: Logcat pid from database 1300
07-23 19:02:05.828   453  1296 I PhoneLab-LoggerService: Logcat process found 1300
07-23 19:02:05.828   453  1296 I PhoneLab-LoggerService: Checking Threshold
07-23 19:02:25.136   342   342 D SAN_SERVICE: *******************************************
07-23 19:02:25.136   342   342 D SAN_SERVICE: DM App Phone Service State - 0
07-23 19:02:25.136   342   342 D SAN_SERVICE: *******************************************
07-23 19:02:25.355   342   342 D SAN_SERVICE: *******************************************
07-23 19:02:25.355   342   342 D SAN_SERVICE: DM App Phone Service State - 0
07-23 19:02:25.355   342   342 D SAN_SERVICE: *******************************************
07-23 19:02:25.625   342   342 D SAN_SERVICE: *******************************************
07-23 19:02:25.625   342   342 D SAN_SERVICE: DM App Phone Service State - 0
07-23 19:02:25.625   342   342 D SAN_SERVICE: *******************************************
07-23 19:02:27.906  2353  2356 D dalvikvm: GC_CONCURRENT freed 570K, 12% free 10727K/12167K, paused 2ms+3ms
07-23 19:02:28.031  1271  1273 D dalvikvm: GC_CONCURRENT freed 420K, 8% free 10255K/11079K, paused 1ms+2ms
07-23 19:02:46.539   342   342 D SAN_SERVICE: *******************************************
07-23 19:02:46.539   342   342 D SAN_SERVICE: DM App Phone Service State - 0
07-23 19:02:46.539   342   342 D SAN_SERVICE: *******************************************
07-23 19:02:46.816   342   342 D SAN_SERVICE: *******************************************
07-23 19:02:46.816   342   342 D SAN_SERVICE: DM App Phone Service State - 0
07-23 19:02:46.816   342   342 D SAN_SERVICE: *******************************************
07-23 19:02:47.797   342   342 D SAN_SERVICE: *******************************************
07-23 19:02:47.797   342   342 D SAN_SERVICE: DM App Phone Service State - 0
07-23 19:02:47.797   342   342 D SAN_SERVICE: *******************************************
07-23 19:02:50.875   342   342 D SAN_SERVICE: *******************************************
07-23 19:02:50.875   342   342 D SAN_SERVICE: DM App Phone Service State - 0
07-23 19:02:50.875   342   342 D SAN_SERVICE: *******************************************
07-23 19:02:51.890   145   421 D AlarmManagerService: Kernel timezone updated to 240 minutes west of GMT
07-23 19:02:51.890   342   342 D SystemClock: Setting time of day to sec=1343084572
07-23 19:02:52.102   145   162 I ActivityManager: Start proc com.android.calendar for broadcast com.android.calendar/.widget.CalendarAppWidgetService$CalendarFactory: pid=3511 uid=10005 gids={3003}
07-23 19:02:52.172  3511  3511 I ActivityThread: Pub com.android.calendar.CalendarRecentSuggestionsProvider: com.android.calendar.CalendarRecentSuggestionsProvider
07-23 19:02:52.297   145   378 I ActivityManager: Start proc com.android.deskclock for broadcast com.android.deskclock/.AlarmInitReceiver: pid=3527 uid=10011 gids={}
07-23 19:02:52.297   145   378 I ActivityManager: No longer want com.google.android.apps.maps:FriendService (pid 2381): hidden #16
07-23 19:02:52.352    79    79 D dalvikvm: GC_EXPLICIT freed 37K, 4% free 9031K/9347K, paused 7ms+2ms
07-23 19:02:52.375    79    79 D dalvikvm: GC_EXPLICIT freed <1K, 4% free 9031K/9347K, paused 2ms+2ms
07-23 19:02:52.399    79    79 D dalvikvm: GC_EXPLICIT freed <1K, 4% free 9031K/9347K, paused 1ms+2ms
07-23 19:02:52.406   145   157 I ActivityManager: Start proc com.android.providers.calendar for content provider com.android.providers.calendar/.CalendarProvider2: pid=3540 uid=10006 gids={3003, 1015}
07-23 19:02:52.438   145  1303 I ActivityManager: No longer want com.google.android.gm (pid 1019): hidden #16
07-23 19:02:52.449  3527  3527 I ActivityThread: Pub com.android.deskclock: com.android.deskclock.AlarmProvider
07-23 19:02:52.473  3540  3540 I ActivityThread: Pub com.android.calendar: com.android.providers.calendar.CalendarProvider2
07-23 19:02:52.567  3527  3553 V AlarmClock: AlarmInitReceiver finished
07-23 19:02:52.602   145  1303 I ActivityManager: No longer want com.google.android.talk (pid 3047): hidden #16
07-23 19:02:53.059   342   342 D SAN_SERVICE: *******************************************
07-23 19:02:53.059   342   342 D SAN_SERVICE: DM App Phone Service State - 0
07-23 19:02:53.059   342   342 D SAN_SERVICE: *******************************************
07-23 19:02:53.344   145   378 D dalvikvm: GC_EXPLICIT freed 1498K, 13% free 16101K/18311K, paused 3ms+9ms
07-23 19:02:53.371   342   342 D SAN_SERVICE: *******************************************
07-23 19:02:53.371   342   342 D SAN_SERVICE: DM App Phone Service State - 0
07-23 19:02:53.371   342   342 D SAN_SERVICE: *******************************************
07-23 19:02:53.645   342   342 D SAN_SERVICE: *******************************************
07-23 19:02:53.645   342   342 D SAN_SERVICE: DM App Phone Service State - 0
07-23 19:02:53.645   342   342 D SAN_SERVICE: *******************************************
07-23 19:02:53.645  3540  3540 I CalendarProvider2: Sending notification intent: Intent { act=android.intent.action.PROVIDER_CHANGED dat=content://com.android.calendar }
07-23 19:02:53.645  3540  3540 W ContentResolver: Failed to get type for: content://com.android.calendar (Unknown URL content://com.android.calendar)
07-23 19:02:54.106   342   342 D SAN_SERVICE: *******************************************
07-23 19:02:54.106   342   342 D SAN_SERVICE: DM App Phone Service State - 0
07-23 19:02:54.106   342   342 D SAN_SERVICE: *******************************************
07-23 19:02:55.973   342   342 D SAN_SERVICE: *******************************************
07-23 19:02:55.977   342   342 D SAN_SERVICE: DM App Phone Service State - 0
07-23 19:02:55.977   342   342 D SAN_SERVICE: *******************************************
07-23 19:02:56.219   342   342 D SAN_SERVICE: *******************************************
07-23 19:02:56.219   342   342 D SAN_SERVICE: DM App Phone Service State - 0
07-23 19:02:56.219   342   342 D SAN_SERVICE: *******************************************
07-23 19:02:57.508   342   342 D SAN_SERVICE: *******************************************
07-23 19:02:57.508   342   342 D SAN_SERVICE: DM App Phone Service State - 0
07-23 19:02:57.508   342   342 D SAN_SERVICE: *******************************************
07-23 19:02:57.535   342   345 D dalvikvm: GC_CONCURRENT freed 386K, 7% free 9462K/10119K, paused 2ms+2ms
07-23 19:02:58.250   342   342 D SAN_SERVICE: *******************************************
07-23 19:02:58.250   342   342 D SAN_SERVICE: DM App Phone Service State - 0
07-23 19:02:58.250   342   342 D SAN_SERVICE: *******************************************
07-23 19:03:03.938   342   342 D SAN_SERVICE: *******************************************
07-23 19:03:03.938   342   342 D SAN_SERVICE: DM App Phone Service State - 0
07-23 19:03:03.938   342   342 D SAN_SERVICE: *******************************************
07-23 19:03:04.164   342   342 D SAN_SERVICE: *******************************************
07-23 19:03:04.164   342   342 D SAN_SERVICE: DM App Phone Service State - 0
07-23 19:03:04.164   342   342 D SAN_SERVICE: *******************************************
07-23 19:03:04.207   342   342 D SAN_SERVICE: *******************************************
07-23 19:03:04.207   342   342 D SAN_SERVICE: DM App Phone Service State - 0
07-23 19:03:04.207   342   342 D SAN_SERVICE: *******************************************
07-23 19:03:04.481   342   342 D SAN_SERVICE: *******************************************
07-23 19:03:04.481   342   342 D SAN_SERVICE: DM App Phone Service State - 0
07-23 19:03:04.481   342   342 D SAN_SERVICE: *******************************************
07-23 19:03:07.516   342   342 D SAN_SERVICE: *******************************************
07-23 19:03:07.516   342   342 D SAN_SERVICE: DM App Phone Service State - 0
07-23 19:03:07.516   342   342 D SAN_SERVICE: *******************************************
07-23 19:03:07.785   342   342 D SAN_SERVICE: *******************************************
07-23 19:03:07.785   342   342 D SAN_SERVICE: DM App Phone Service State - 0
07-23 19:03:07.785   342   342 D SAN_SERVICE: *******************************************
07-23 19:03:08.516   342   342 D SAN_SERVICE: *******************************************
07-23 19:03:08.516   342   342 D SAN_SERVICE: DM App Phone Service State - 0
07-23 19:03:08.516   342   342 D SAN_SERVICE: *******************************************
07-23 19:03:18.176   342   342 D SAN_SERVICE: *******************************************
07-23 19:03:18.176   342   342 D SAN_SERVICE: DM App Phone Service State - 0
07-23 19:03:18.176   342   342 D SAN_SERVICE: *******************************************
07-23 19:03:18.676   342   342 D SAN_SERVICE: *******************************************
07-23 19:03:18.676   342   342 D SAN_SERVICE: DM App Phone Service State - 0
07-23 19:03:18.676   342   342 D SAN_SERVICE: *******************************************
07-23 19:03:19.629   145   356 D AlarmManagerService: Kernel timezone updated to 240 minutes west of GMT
07-23 19:03:23.442   293  1270 I EventLogService: Aggregate from 1343082803311 (log), 1343082803311 (data)
07-23 19:03:26.754   342   342 D SAN_SERVICE: *******************************************
07-23 19:03:26.762   342   342 D SAN_SERVICE: DM App Phone Service State - 0
07-23 19:03:26.762   342   342 D SAN_SERVICE: *******************************************
07-23 19:03:27.207   342   342 D SAN_SERVICE: *******************************************
07-23 19:03:27.211   342   342 D SAN_SERVICE: DM App Phone Service State - 0
07-23 19:03:27.211   342   342 D SAN_SERVICE: *******************************************
07-23 19:03:28.207  1271  1273 D dalvikvm: GC_CONCURRENT freed 434K, 8% free 10256K/11079K, paused 2ms+3ms
07-23 19:03:42.063   342   342 D SAN_SERVICE: *******************************************
07-23 19:03:42.067   342   342 D SAN_SERVICE: DM App Phone Service State - 0
07-23 19:03:42.067   342   342 D SAN_SERVICE: *******************************************
07-23 19:03:42.301   342   342 D SAN_SERVICE: *******************************************
07-23 19:03:42.301   342   342 D SAN_SERVICE: DM App Phone Service State - 0
07-23 19:03:42.301   342   342 D SAN_SERVICE: *******************************************
07-23 19:03:42.805   342   342 D SAN_SERVICE: *******************************************
07-23 19:03:42.805   342   342 D SAN_SERVICE: DM App Phone Service State - 0
07-23 19:03:42.805   342   342 D SAN_SERVICE: *******************************************
07-23 19:04:05.906   453  1296 I PhoneLab-: Service Running
07-23 19:04:06.000   453  1296 I PhoneLab-LoggerService: app_37    1300  453   1440   1068  c00f181c 400107b4 S logcat
07-23 19:04:06.000   453  1296 I PhoneLab-LoggerService: Logcat pid from database 1300
07-23 19:04:06.000   453  1296 I PhoneLab-LoggerService: Logcat process found 1300
07-23 19:04:06.000   453  1296 I PhoneLab-LoggerService: Checking Threshold
07-23 19:04:07.699   342   342 D SAN_SERVICE: *******************************************
07-23 19:04:07.699   342   342 D SAN_SERVICE: DM App Phone Service State - 0
07-23 19:04:07.699   342   342 D SAN_SERVICE: *******************************************
07-23 19:04:07.918   342   342 D SAN_SERVICE: *******************************************
07-23 19:04:07.918   342   342 D SAN_SERVICE: DM App Phone Service State - 0
07-23 19:04:07.918   342   342 D SAN_SERVICE: *******************************************
07-23 19:04:08.184   342   342 D SAN_SERVICE: *******************************************
07-23 19:04:08.184   342   342 D SAN_SERVICE: DM App Phone Service State - 0
07-23 19:04:08.184   342   342 D SAN_SERVICE: *******************************************
07-23 19:04:17.633   145   199 D DhcpInfoInternal: makeLinkProperties with empty dns2!
07-23 19:04:17.641   145   199 D DhcpInfoInternal: makeLinkProperties with empty dns2!
07-23 19:04:28.219  2353  2356 D dalvikvm: GC_CONCURRENT freed 561K, 12% free 10733K/12167K, paused 2ms+2ms
07-23 19:04:28.344  1271  1273 D dalvikvm: GC_CONCURRENT freed 430K, 8% free 10255K/11079K, paused 2ms+2ms
07-23 19:05:09.121   342   342 D SAN_SERVICE: *******************************************
07-23 19:05:09.121   342   342 D SAN_SERVICE: DM App Phone Service State - 0
07-23 19:05:09.121   342   342 D SAN_SERVICE: *******************************************
07-23 19:05:09.348   342   342 D SAN_SERVICE: *******************************************
07-23 19:05:09.348   342   342 D SAN_SERVICE: DM App Phone Service State - 0
07-23 19:05:09.348   342   342 D SAN_SERVICE: *******************************************
07-23 19:05:09.856   342   342 D SAN_SERVICE: *******************************************
07-23 19:05:09.856   342   342 D SAN_SERVICE: DM App Phone Service State - 0
07-23 19:05:09.856   342   342 D SAN_SERVICE: *******************************************
07-23 19:05:28.328  1271  1273 D dalvikvm: GC_CONCURRENT freed 460K, 8% free 10248K/11079K, paused 1ms+2ms
07-23 19:05:34.707   342   342 D SAN_SERVICE: *******************************************
07-23 19:05:34.707   342   342 D SAN_SERVICE: DM App Phone Service State - 0
07-23 19:05:34.707   342   342 D SAN_SERVICE: *******************************************
07-23 19:05:34.969   342   342 D SAN_SERVICE: *******************************************
07-23 19:05:34.969   342   342 D SAN_SERVICE: DM App Phone Service State - 0
07-23 19:05:34.969   342   342 D SAN_SERVICE: *******************************************
07-23 19:05:35.711   342   342 D SAN_SERVICE: *******************************************
07-23 19:05:35.711   342   342 D SAN_SERVICE: DM App Phone Service State - 0
07-23 19:05:35.711   342   342 D SAN_SERVICE: *******************************************
07-23 19:06:00.121   215   217 D dalvikvm: GC_CONCURRENT freed 592K, 32% free 9673K/14215K, paused 2ms+2ms
07-23 19:06:05.727   453  1296 I PhoneLab-: Service Running
07-23 19:06:05.809   453  1296 I PhoneLab-LoggerService: app_37    1300  453   1440   1068  c00f181c 400107b4 S logcat
07-23 19:06:05.809   453  1296 I PhoneLab-LoggerService: Logcat pid from database 1300
07-23 19:06:05.813   453  1296 I PhoneLab-LoggerService: Logcat process found 1300
07-23 19:06:05.813   453  1296 I PhoneLab-LoggerService: Checking Threshold
07-23 19:06:05.828   342   342 D SAN_SERVICE: *******************************************
07-23 19:06:05.828   342   342 D SAN_SERVICE: DM App Phone Service State - 0
07-23 19:06:05.828   342   342 D SAN_SERVICE: *******************************************
07-23 19:06:06.106   342   342 D SAN_SERVICE: *******************************************
07-23 19:06:06.106   342   342 D SAN_SERVICE: DM App Phone Service State - 0
07-23 19:06:06.106   342   342 D SAN_SERVICE: *******************************************
07-23 19:06:06.121   342   345 D dalvikvm: GC_CONCURRENT freed 389K, 7% free 9463K/10119K, paused 2ms+3ms
07-23 19:06:06.141   342   342 D SAN_SERVICE: *******************************************
07-23 19:06:06.141   342   342 D SAN_SERVICE: DM App Phone Service State - 0
07-23 19:06:06.141   342   342 D SAN_SERVICE: *******************************************
07-23 19:06:06.426   342   342 D SAN_SERVICE: *******************************************
07-23 19:06:06.426   342   342 D SAN_SERVICE: DM App Phone Service State - 0
07-23 19:06:06.426   342   342 D SAN_SERVICE: *******************************************
07-23 19:06:07.172   342   342 D SAN_SERVICE: *******************************************
07-23 19:06:07.172   342   342 D SAN_SERVICE: DM App Phone Service State - 0
07-23 19:06:07.172   342   342 D SAN_SERVICE: *******************************************
07-23 19:06:10.750   342   342 D SAN_SERVICE: *******************************************
07-23 19:06:10.750   342   342 D SAN_SERVICE: DM App Phone Service State - 0
07-23 19:06:10.750   342   342 D SAN_SERVICE: *******************************************
07-23 19:06:10.981   342   342 D SAN_SERVICE: *******************************************
07-23 19:06:10.981   342   342 D SAN_SERVICE: DM App Phone Service State - 0
07-23 19:06:10.981   342   342 D SAN_SERVICE: *******************************************
07-23 19:06:20.742   342   342 D SAN_SERVICE: *******************************************
07-23 19:06:20.742   342   342 D SAN_SERVICE: DM App Phone Service State - 0
07-23 19:06:20.742   342   342 D SAN_SERVICE: *******************************************
07-23 19:06:28.297  2353  2356 D dalvikvm: GC_CONCURRENT freed 575K, 12% free 10729K/12167K, paused 1ms+3ms
07-23 19:06:28.422  1271  1273 D dalvikvm: GC_CONCURRENT freed 458K, 8% free 10248K/11079K, paused 1ms+2ms
07-23 19:06:36.145   342   342 D SAN_SERVICE: *******************************************
07-23 19:06:36.145   342   342 D SAN_SERVICE: DM App Phone Service State - 0
07-23 19:06:36.145   342   342 D SAN_SERVICE: *******************************************
07-23 19:06:36.887   342   342 D SAN_SERVICE: *******************************************
07-23 19:06:36.887   342   342 D SAN_SERVICE: DM App Phone Service State - 0
07-23 19:06:36.887   342   342 D SAN_SERVICE: *******************************************
07-23 19:06:42.301   145   199 D DhcpInfoInternal: makeLinkProperties with empty dns2!
07-23 19:06:42.301   145   199 D DhcpInfoInternal: makeLinkProperties with empty dns2!
07-23 19:06:42.949   342   342 D SAN_SERVICE: *******************************************
07-23 19:06:42.953   342   342 D SAN_SERVICE: DM App Phone Service State - 0
07-23 19:06:42.953   342   342 D SAN_SERVICE: *******************************************
07-23 19:06:56.809   342   342 D SAN_SERVICE: *******************************************
07-23 19:06:56.809   342   342 D SAN_SERVICE: DM App Phone Service State - 0
07-23 19:06:56.809   342   342 D SAN_SERVICE: *******************************************
07-23 19:06:56.930   342   342 D SAN_SERVICE: *******************************************
07-23 19:06:56.930   342   342 D SAN_SERVICE: DM App Phone Service State - 0
07-23 19:06:56.930   342   342 D SAN_SERVICE: *******************************************
07-23 19:07:17.113   342   342 D SAN_SERVICE: *******************************************
07-23 19:07:17.113   342   342 D SAN_SERVICE: DM App Phone Service State - 0
07-23 19:07:17.113   342   342 D SAN_SERVICE: *******************************************
07-23 19:07:17.383   342   342 D SAN_SERVICE: *******************************************
07-23 19:07:17.383   342   342 D SAN_SERVICE: DM App Phone Service State - 0
07-23 19:07:17.383   342   342 D SAN_SERVICE: *******************************************
07-23 19:07:18.141   342   342 D SAN_SERVICE: *******************************************
07-23 19:07:18.141   342   342 D SAN_SERVICE: DM App Phone Service State - 0
07-23 19:07:18.141   342   342 D SAN_SERVICE: *******************************************
07-23 19:07:23.899   342   342 D SAN_SERVICE: *******************************************
07-23 19:07:23.899   342   342 D SAN_SERVICE: DM App Phone Service State - 0
07-23 19:07:23.903   342   342 D SAN_SERVICE: *******************************************
07-23 19:07:28.430   293   295 D dalvikvm: GC_CONCURRENT freed 368K, 6% free 10333K/10951K, paused 3ms+6ms
07-23 19:07:28.492  1271  1273 D dalvikvm: GC_CONCURRENT freed 442K, 8% free 10268K/11079K, paused 2ms+3ms
07-23 19:07:37.625   342   342 D SAN_SERVICE: *******************************************
07-23 19:07:37.625   342   342 D SAN_SERVICE: DM App Phone Service State - 0
07-23 19:07:37.625   342   342 D SAN_SERVICE: *******************************************
07-23 19:07:37.848   342   342 D SAN_SERVICE: *******************************************
07-23 19:07:37.848   342   342 D SAN_SERVICE: DM App Phone Service State - 0
07-23 19:07:37.848   342   342 D SAN_SERVICE: *******************************************
07-23 19:07:38.352   342   342 D SAN_SERVICE: *******************************************
07-23 19:07:38.352   342   342 D SAN_SERVICE: DM App Phone Service State - 0
07-23 19:07:38.352   342   342 D SAN_SERVICE: *******************************************
07-23 19:08:03.196   342   342 D SAN_SERVICE: *******************************************
07-23 19:08:03.196   342   342 D SAN_SERVICE: DM App Phone Service State - 0
07-23 19:08:03.196   342   342 D SAN_SERVICE: *******************************************
07-23 19:08:03.403   342   342 D SAN_SERVICE: *******************************************
07-23 19:08:03.403   342   342 D SAN_SERVICE: DM App Phone Service State - 0
07-23 19:08:03.403   342   342 D SAN_SERVICE: *******************************************
07-23 19:08:05.727   453  1296 I PhoneLab-: Service Running
07-23 19:08:05.809   453  1296 I PhoneLab-LoggerService: app_37    1300  453   1440   1068  c00f181c 400107b4 S logcat
07-23 19:08:05.813   453  1296 I PhoneLab-LoggerService: Logcat pid from database 1300
07-23 19:08:05.813   453  1296 I PhoneLab-LoggerService: Logcat process found 1300
07-23 19:08:05.813   453  1296 I PhoneLab-LoggerService: Checking Threshold
07-23 19:08:23.680   342   342 D SAN_SERVICE: *******************************************
07-23 19:08:23.680   342   342 D SAN_SERVICE: DM App Phone Service State - 0
07-23 19:08:23.680   342   342 D SAN_SERVICE: *******************************************
07-23 19:08:23.910   342   342 D SAN_SERVICE: *******************************************
07-23 19:08:23.910   342   342 D SAN_SERVICE: DM App Phone Service State - 0
07-23 19:08:23.910   342   342 D SAN_SERVICE: *******************************************
07-23 19:08:24.153   342   342 D SAN_SERVICE: *******************************************
07-23 19:08:24.153   342   342 D SAN_SERVICE: DM App Phone Service State - 0
07-23 19:08:24.153   342   342 D SAN_SERVICE: *******************************************
07-23 19:08:28.422  2353  2356 D dalvikvm: GC_CONCURRENT freed 569K, 12% free 10728K/12167K, paused 2ms+3ms
07-23 19:08:28.547  1271  1273 D dalvikvm: GC_CONCURRENT freed 473K, 8% free 10247K/11079K, paused 2ms+2ms
07-23 19:08:39.012   342   342 D SAN_SERVICE: *******************************************
07-23 19:08:39.012   342   342 D SAN_SERVICE: DM App Phone Service State - 0
07-23 19:08:39.012   342   342 D SAN_SERVICE: *******************************************
07-23 19:08:39.031   342   345 D dalvikvm: GC_CONCURRENT freed 387K, 7% free 9463K/10119K, paused 2ms+3ms
07-23 19:08:39.289   342   342 D SAN_SERVICE: *******************************************
07-23 19:08:39.289   342   342 D SAN_SERVICE: DM App Phone Service State - 0
07-23 19:08:39.289   342   342 D SAN_SERVICE: *******************************************
07-23 19:08:39.793   342   342 D SAN_SERVICE: *******************************************
07-23 19:08:39.797   342   342 D SAN_SERVICE: DM App Phone Service State - 0
07-23 19:08:39.797   342   342 D SAN_SERVICE: *******************************************
07-23 19:09:07.176   145   199 D DhcpInfoInternal: makeLinkProperties with empty dns2!
07-23 19:09:07.180   145   199 D DhcpInfoInternal: makeLinkProperties with empty dns2!
07-23 19:09:28.598  1271  1273 D dalvikvm: GC_CONCURRENT freed 424K, 8% free 10255K/11079K, paused 2ms+2ms
07-23 19:09:35.363   342   342 D SAN_SERVICE: *******************************************
07-23 19:09:35.363   342   342 D SAN_SERVICE: DM App Phone Service State - 0
07-23 19:09:35.363   342   342 D SAN_SERVICE: *******************************************
07-23 19:09:36.098   342   342 D SAN_SERVICE: *******************************************
07-23 19:09:36.098   342   342 D SAN_SERVICE: DM App Phone Service State - 0
07-23 19:09:36.098   342   342 D SAN_SERVICE: *******************************************
07-23 19:09:50.746   342   342 D SAN_SERVICE: *******************************************
07-23 19:09:50.746   342   342 D SAN_SERVICE: DM App Phone Service State - 0
07-23 19:09:50.746   342   342 D SAN_SERVICE: *******************************************
07-23 19:09:50.973   342   342 D SAN_SERVICE: *******************************************
07-23 19:09:50.973   342   342 D SAN_SERVICE: DM App Phone Service State - 0
07-23 19:09:50.973   342   342 D SAN_SERVICE: *******************************************
07-23 19:09:51.465   342   342 D SAN_SERVICE: *******************************************
07-23 19:09:51.465   342   342 D SAN_SERVICE: DM App Phone Service State - 0
07-23 19:09:51.465   342   342 D SAN_SERVICE: *******************************************
07-23 19:09:54.778   145   174 I ActivityManager: Start proc com.google.android.maps.mytracks for service com.google.android.maps.mytracks/com.google.android.apps.mytracks.services.RemoveTempFilesService: pid=3634 uid=10072 gids={3002, 3001, 3003, 1015}
07-23 19:09:54.949  3634  3634 I ActivityThread: Pub com.google.android.maps.mytracks.search: com.google.android.apps.mytracks.content.SearchEngineProvider
07-23 19:09:54.953  3634  3634 I ActivityThread: Pub com.google.android.maps.mytracks: com.google.android.apps.mytracks.content.MyTracksProvider
07-23 19:09:54.977  3634  3634 D MyTracks: Enabling strict mode
07-23 19:09:55.020   145   147 D dalvikvm: GC_CONCURRENT freed 1670K, 13% free 16089K/18311K, paused 3ms+18ms
07-23 19:09:55.090  3634  3636 D dalvikvm: GC_CONCURRENT freed 317K, 5% free 9185K/9607K, paused 2ms+2ms
07-23 19:09:55.129  3634  3634 D StrictMode: StrictMode policy violation; ~duration=129 ms: android.os.StrictMode$StrictModeDiskWriteViolation: policy=21 violation=1
07-23 19:09:55.129  3634  3634 D StrictMode: 	at android.os.StrictMode$AndroidBlockGuardPolicy.onWriteToDisk(StrictMode.java:1063)
07-23 19:09:55.129  3634  3634 D StrictMode: 	at android.database.sqlite.SQLiteStatement.acquireAndLock(SQLiteStatement.java:226)
07-23 19:09:55.129  3634  3634 D StrictMode: 	at android.database.sqlite.SQLiteStatement.executeUpdateDelete(SQLiteStatement.java:84)
07-23 19:09:55.129  3634  3634 D StrictMode: 	at android.database.sqlite.SQLiteDatabase.executeSql(SQLiteDatabase.java:1899)
07-23 19:09:55.129  3634  3634 D StrictMode: 	at android.database.sqlite.SQLiteDatabase.execSQL(SQLiteDatabase.java:1839)
07-23 19:09:55.129  3634  3634 D StrictMode: 	at android.database.sqlite.SQLiteDatabase.setPageSize(SQLiteDatabase.java:1297)
07-23 19:09:55.129  3634  3634 D StrictMode: 	at android.database.sqlite.SQLiteDatabase.openDatabase(SQLiteDatabase.java:995)
07-23 19:09:55.129  3634  3634 D StrictMode: 	at android.database.sqlite.SQLiteDatabase.openOrCreateDatabase(SQLiteDatabase.java:1051)
07-23 19:09:55.129  3634  3634 D StrictMode: 	at android.app.ContextImpl.openOrCreateDatabase(ContextImpl.java:770)
07-23 19:09:55.129  3634  3634 D StrictMode: 	at android.content.ContextWrapper.openOrCreateDatabase(ContextWrapper.java:221)
07-23 19:09:55.129  3634  3634 D StrictMode: 	at android.database.sqlite.SQLiteOpenHelper.getWritableDatabase(SQLiteOpenHelper.java:157)
07-23 19:09:55.129  3634  3634 D StrictMode: 	at com.google.android.apps.analytics.v.<init>(Unknown Source)
07-23 19:09:55.129  3634  3634 D StrictMode: 	at com.google.android.apps.analytics.v.<init>(Unknown Source)
07-23 19:09:55.129  3634  3634 D StrictMode: 	at com.google.android.apps.analytics.i.a(Unknown Source)
07-23 19:09:55.129  3634  3634 D StrictMode: 	at com.google.android.apps.mytracks.b.a.a(MT:43)
07-23 19:09:55.129  3634  3634 D StrictMode: 	at com.google.android.apps.mytracks.MyTracksApplication.onCreate(MT:42)
07-23 19:09:55.129  3634  3634 D StrictMode: 	at android.app.Instrumentation.callApplicationOnCreate(Instrumentation.java:969)
07-23 19:09:55.129  3634  3634 D StrictMode: 	at android.app.ActivityThread.handleBindApplication(ActivityThread.java:3954)
07-23 19:09:55.129  3634  3634 D StrictMode: 	at android.app.ActivityThread.access$1300(ActivityThread.java:123)
07-23 19:09:55.129  3634  3634 D StrictMode: 	at android.app.ActivityThread$H.handleMessage(ActivityThread.java:1185)
07-23 19:09:55.129  3634  3634 D StrictMode: 	at android.os.Handler.dispatchMessage(Handler.java:99)
07-23 19:09:55.129  3634  3634 D StrictMode: 	at android.os.Looper.loop(Looper.java:137)
07-23 19:09:55.129  3634  3634 D StrictMode: 	at android.app.ActivityThread.main(ActivityThread.java:4424)
07-23 19:09:55.129  3634  3634 D StrictMode: 	at java.lang.reflect.Method.invokeNative(Native Method)
07-23 19:09:55.129  3634  3634 D StrictMode: 	at java.lang.reflect.Method.invoke(Method.java:511)
07-23 19:09:55.129  3634  3634 D StrictMode: 	at com.android.internal.os.ZygoteInit$MethodAndArgsCaller.run(ZygoteInit.java:784)
07-23 19:09:55.129  3634  3634 D StrictMode: 	at com.android.internal.os.ZygoteInit.main(ZygoteInit.java:551)
07-23 19:09:55.129  3634  3634 D StrictMode: 	at dalvik.system.NativeStart.main(Native Method)
07-23 19:09:55.133  3634  3634 D StrictMode: StrictMode policy violation; ~duration=81 ms: android.os.StrictMode$StrictModeDiskWriteViolation: policy=21 violation=1
07-23 19:09:55.133  3634  3634 D StrictMode: 	at android.os.StrictMode$AndroidBlockGuardPolicy.onWriteToDisk(StrictMode.java:1063)
07-23 19:09:55.133  3634  3634 D StrictMode: 	at android.database.sqlite.SQLiteStatement.acquireAndLock(SQLiteStatement.java:226)
07-23 19:09:55.133  3634  3634 D StrictMode: 	at android.database.sqlite.SQLiteStatement.executeUpdateDelete(SQLiteStatement.java:84)
07-23 19:09:55.133  3634  3634 D StrictMode: 	at android.database.sqlite.SQLiteDatabase.executeSql(SQLiteDatabase.java:1899)
07-23 19:09:55.133  3634  3634 D StrictMode: 	at android.database.sqlite.SQLiteDatabase.execSQL(SQLiteDatabase.java:1839)
07-23 19:09:55.133  3634  3634 D StrictMode: 	at android.database.sqlite.SQLiteDatabase.beginTransaction(SQLiteDatabase.java:659)
07-23 19:09:55.133  3634  3634 D StrictMode: 	at android.database.sqlite.SQLiteDatabase.beginTransaction(SQLiteDatabase.java:552)
07-23 19:09:55.133  3634  3634 D StrictMode: 	at com.google.android.apps.analytics.v.a(Unknown Source)
07-23 19:09:55.133  3634  3634 D StrictMode: 	at com.google.android.apps.analytics.i.a(Unknown Source)
07-23 19:09:55.133  3634  3634 D StrictMode: 	at com.google.android.apps.mytracks.b.a.a(MT:45)
07-23 19:09:55.133  3634  3634 D StrictMode: 	at com.google.android.apps.mytracks.MyTracksApplication.onCreate(MT:42)
07-23 19:09:55.133  3634  3634 D StrictMode: 	at android.app.Instrumentation.callApplicationOnCreate(Instrumentation.java:969)
07-23 19:09:55.133  3634  3634 D StrictMode: 	at android.app.ActivityThread.handleBindApplication(ActivityThread.java:3954)
07-23 19:09:55.133  3634  3634 D StrictMode: 	at android.app.ActivityThread.access$1300(ActivityThread.java:123)
07-23 19:09:55.133  3634  3634 D StrictMode: 	at android.app.ActivityThread$H.handleMessage(ActivityThread.java:1185)
07-23 19:09:55.133  3634  3634 D StrictMode: 	at android.os.Handler.dispatchMessage(Handler.java:99)
07-23 19:09:55.133  3634  3634 D StrictMode: 	at android.os.Looper.loop(Looper.java:137)
07-23 19:09:55.133  3634  3634 D StrictMode: 	at android.app.ActivityThread.main(ActivityThread.java:4424)
07-23 19:09:55.133  3634  3634 D StrictMode: 	at java.lang.reflect.Method.invokeNative(Native Method)
07-23 19:09:55.133  3634  3634 D StrictMode: 	at java.lang.reflect.Method.invoke(Method.java:511)
07-23 19:09:55.133  3634  3634 D StrictMode: 	at com.android.internal.os.ZygoteInit$MethodAndArgsCaller.run(ZygoteInit.java:784)
07-23 19:09:55.133  3634  3634 D StrictMode: 	at com.android.internal.os.ZygoteInit.main(ZygoteInit.java:551)
07-23 19:09:55.133  3634  3634 D StrictMode: 	at dalvik.system.NativeStart.main(Native Method)
07-23 19:09:55.141  3634  3634 D StrictMode: StrictMode policy violation; ~duration=79 ms: android.os.StrictMode$StrictModeDiskWriteViolation: policy=21 violation=1
07-23 19:09:55.141  3634  3634 D StrictMode: 	at android.os.StrictMode$AndroidBlockGuardPolicy.onWriteToDisk(StrictMode.java:1063)
07-23 19:09:55.141  3634  3634 D StrictMode: 	at android.database.sqlite.SQLiteStatement.acquireAndLock(SQLiteStatement.java:226)
07-23 19:09:55.141  3634  3634 D StrictMode: 	at android.database.sqlite.SQLiteStatement.executeUpdateDelete(SQLiteStatement.java:84)
07-23 19:09:55.141  3634  3634 D StrictMode: 	at android.database.sqlite.SQLiteDatabase.delete(SQLiteDatabase.java:1741)
07-23 19:09:55.141  3634  3634 D StrictMode: 	at com.google.android.apps.analytics.v.a(Unknown Source)
07-23 19:09:55.141  3634  3634 D StrictMode: 	at com.google.android.apps.analytics.i.a(Unknown Source)
07-23 19:09:55.141  3634  3634 D StrictMode: 	at com.google.android.apps.mytracks.b.a.a(MT:45)
07-23 19:09:55.141  3634  3634 D StrictMode: 	at com.google.android.apps.mytracks.MyTracksApplication.onCreate(MT:42)
07-23 19:09:55.141  3634  3634 D StrictMode: 	at android.app.Instrumentation.callApplicationOnCreate(Instrumentation.java:969)
07-23 19:09:55.141  3634  3634 D StrictMode: 	at android.app.ActivityThread.handleBindApplication(ActivityThread.java:3954)
07-23 19:09:55.141  3634  3634 D StrictMode: 	at android.app.ActivityThread.access$1300(ActivityThread.java:123)
07-23 19:09:55.141  3634  3634 D StrictMode: 	at android.app.ActivityThread$H.handleMessage(ActivityThread.java:1185)
07-23 19:09:55.141  3634  3634 D StrictMode: 	at android.os.Handler.dispatchMessage(Handler.java:99)
07-23 19:09:55.141  3634  3634 D StrictMode: 	at android.os.Looper.loop(Looper.java:137)
07-23 19:09:55.141  3634  3634 D StrictMode: 	at android.app.ActivityThread.main(ActivityThread.java:4424)
07-23 19:09:55.141  3634  3634 D StrictMode: 	at java.lang.reflect.Method.invokeNative(Native Method)
07-23 19:09:55.141  3634  3634 D StrictMode: 	at java.lang.reflect.Method.invoke(Method.java:511)
07-23 19:09:55.141  3634  3634 D StrictMode: 	at com.android.internal.os.ZygoteInit$MethodAndArgsCaller.run(ZygoteInit.java:784)
07-23 19:09:55.141  3634  3634 D StrictMode: 	at com.android.internal.os.ZygoteInit.main(ZygoteInit.java:551)
07-23 19:09:55.141  3634  3634 D StrictMode: 	at dalvik.system.NativeStart.main(Native Method)
07-23 19:09:55.141  3634  3634 D StrictMode: StrictMode policy violation; ~duration=76 ms: android.os.StrictMode$StrictModeDiskWriteViolation: policy=21 violation=1
07-23 19:09:55.141  3634  3634 D StrictMode: 	at android.os.StrictMode$AndroidBlockGuardPolicy.onWriteToDisk(StrictMode.java:1063)
07-23 19:09:55.141  3634  3634 D StrictMode: 	at android.database.sqlite.SQLiteStatement.acquireAndLock(SQLiteStatement.java:226)
07-23 19:09:55.141  3634  3634 D StrictMode: 	at android.database.sqlite.SQLiteStatement.executeInsert(SQLiteStatement.java:112)
07-23 19:09:55.141  3634  3634 D StrictMode: 	at android.database.sqlite.SQLiteDatabase.insertWithOnConflict(SQLiteDatabase.java:1718)
07-23 19:09:55.141  3634  3634 D StrictMode: 	at android.database.sqlite.SQLiteDatabase.insert(SQLiteDatabase.java:1591)
07-23 19:09:55.141  3634  3634 D StrictMode: 	at com.google.android.apps.analytics.v.a(Unknown Source)
07-23 19:09:55.141  3634  3634 D StrictMode: 	at com.google.android.apps.analytics.i.a(Unknown Source)
07-23 19:09:55.141  3634  3634 D StrictMode: 	at com.google.android.apps.mytracks.b.a.a(MT:45)
07-23 19:09:55.141  3634  3634 D StrictMode: 	at com.google.android.apps.mytracks.MyTracksApplication.onCreate(MT:42)
07-23 19:09:55.141  3634  3634 D StrictMode: 	at android.app.Instrumentation.callApplicationOnCreate(Instrumentation.java:969)
07-23 19:09:55.141  3634  3634 D StrictMode: 	at android.app.ActivityThread.handleBindApplication(ActivityThread.java:3954)
07-23 19:09:55.141  3634  3634 D StrictMode: 	at android.app.ActivityThread.access$1300(ActivityThread.java:123)
07-23 19:09:55.141  3634  3634 D StrictMode: 	at android.app.ActivityThread$H.handleMessage(ActivityThread.java:1185)
07-23 19:09:55.141  3634  3634 D StrictMode: 	at android.os.Handler.dispatchMessage(Handler.java:99)
07-23 19:09:55.141  3634  3634 D StrictMode: 	at android.os.Looper.loop(Looper.java:137)
07-23 19:09:55.141  3634  3634 D StrictMode: 	at android.app.ActivityThread.main(ActivityThread.java:4424)
07-23 19:09:55.141  3634  3634 D StrictMode: 	at java.lang.reflect.Method.invokeNative(Native Method)
07-23 19:09:55.141  3634  3634 D StrictMode: 	at java.lang.reflect.Method.invoke(Method.java:511)
07-23 19:09:55.141  3634  3634 D StrictMode: 	at com.android.internal.os.ZygoteInit$MethodAndArgsCaller.run(ZygoteInit.java:784)
07-23 19:09:55.141  3634  3634 D StrictMode: 	at com.android.internal.os.ZygoteInit.main(ZygoteInit.java:551)
07-23 19:09:55.141  3634  3634 D StrictMode: 	at dalvik.system.NativeStart.main(Native Method)
07-23 19:09:55.145  3634  3634 D StrictMode: StrictMode policy violation; ~duration=72 ms: android.os.StrictMode$StrictModeDiskWriteViolation: policy=21 violation=1
07-23 19:09:55.145  3634  3634 D StrictMode: 	at android.os.StrictMode$AndroidBlockGuardPolicy.onWriteToDisk(StrictMode.java:1063)
07-23 19:09:55.145  3634  3634 D StrictMode: 	at android.database.sqlite.SQLiteStatement.acquireAndLock(SQLiteStatement.java:226)
07-23 19:09:55.145  3634  3634 D StrictMode: 	at android.database.sqlite.SQLiteStatement.executeInsert(SQLiteStatement.java:112)
07-23 19:09:55.145  3634  3634 D StrictMode: 	at android.database.sqlite.SQLiteDatabase.insertWithOnConflict(SQLiteDatabase.java:1718)
07-23 19:09:55.145  3634  3634 D StrictMode: 	at android.database.sqlite.SQLiteDatabase.insert(SQLiteDatabase.java:1591)
07-23 19:09:55.145  3634  3634 D StrictMode: 	at com.google.android.apps.analytics.v.a(Unknown Source)
07-23 19:09:55.145  3634  3634 D StrictMode: 	at com.google.android.apps.analytics.v.a(Unknown Source)
07-23 19:09:55.145  3634  3634 D StrictMode: 	at com.google.android.apps.analytics.v.a(Unknown Source)
07-23 19:09:55.145  3634  3634 D StrictMode: 	at com.google.android.apps.analytics.i.a(Unknown Source)
07-23 19:09:55.145  3634  3634 D StrictMode: 	at com.google.android.apps.mytracks.b.a.a(MT:45)
07-23 19:09:55.145  3634  3634 D StrictMode: 	at com.google.android.apps.mytracks.MyTracksApplication.onCreate(MT:42)
07-23 19:09:55.145  3634  3634 D StrictMode: 	at android.app.Instrumentation.callApplicationOnCreate(Instrumentation.java:969)
07-23 19:09:55.145  3634  3634 D StrictMode: 	at android.app.ActivityThread.handleBindApplication(ActivityThread.java:3954)
07-23 19:09:55.145  3634  3634 D StrictMode: 	at android.app.ActivityThread.access$1300(ActivityThread.java:123)
07-23 19:09:55.145  3634  3634 D StrictMode: 	at android.app.ActivityThread$H.handleMessage(ActivityThread.java:1185)
07-23 19:09:55.145  3634  3634 D StrictMode: 	at android.os.Handler.dispatchMessage(Handler.java:99)
07-23 19:09:55.145  3634  3634 D StrictMode: 	at android.os.Looper.loop(Looper.java:137)
07-23 19:09:55.145  3634  3634 D StrictMode: 	at android.app.ActivityThread.main(ActivityThread.java:4424)
07-23 19:09:55.145  3634  3634 D StrictMode: 	at java.lang.reflect.Method.invokeNative(Native Method)
07-23 19:09:55.145  3634  3634 D StrictMode: 	at java.lang.reflect.Method.invoke(Method.java:511)
07-23 19:09:55.145  3634  3634 D StrictMode: 	at com.android.internal.os.ZygoteInit$MethodAndArgsCaller.run(ZygoteInit.java:784)
07-23 19:09:55.145  3634  3634 D StrictMode: 	at com.android.internal.os.ZygoteInit.main(ZygoteInit.java:551)
07-23 19:09:55.145  3634  3634 D StrictMode: 	at dalvik.system.NativeStart.main(Native Method)
07-23 19:09:55.145  3634  3634 D StrictMode: StrictMode policy violation; ~duration=51 ms: android.os.StrictMode$StrictModeDiskWriteViolation: policy=21 violation=1
07-23 19:09:55.145  3634  3634 D StrictMode: 	at android.os.StrictMode$AndroidBlockGuardPolicy.onWriteToDisk(StrictMode.java:1063)
07-23 19:09:55.145  3634  3634 D StrictMode: 	at android.database.sqlite.SQLiteStatement.acquireAndLock(SQLiteStatement.java:226)
07-23 19:09:55.145  3634  3634 D StrictMode: 	at android.database.sqlite.SQLiteStatement.executeUpdateDelete(SQLiteStatement.java:84)
07-23 19:09:55.145  3634  3634 D StrictMode: 	at android.database.sqlite.SQLiteDatabase.executeSql(SQLiteDatabase.java:1899)
07-23 19:09:55.145  3634  3634 D StrictMode: 	at android.database.sqlite.SQLiteDatabase.execSQL(SQLiteDatabase.java:1839)
07-23 19:09:55.145  3634  3634 D StrictMode: 	at android.database.sqlite.SQLiteDatabase.endTransaction(SQLiteDatabase.java:714)
07-23 19:09:55.145  3634  3634 D StrictMode: 	at com.google.android.apps.analytics.v.d(Unknown Source)
07-23 19:09:55.145  3634  3634 D StrictMode: 	at com.google.android.apps.analytics.v.a(Unknown Source)
07-23 19:09:55.145  3634  3634 D StrictMode: 	at com.google.android.apps.analytics.i.a(Unknown Source)
07-23 19:09:55.145  3634  3634 D StrictMode: 	at com.google.android.apps.mytracks.b.a.a(MT:45)
07-23 19:09:55.145  3634  3634 D StrictMode: 	at com.google.android.apps.mytracks.MyTracksApplication.onCreate(MT:42)
07-23 19:09:55.145  3634  3634 D StrictMode: 	at android.app.Instrumentation.callApplicationOnCreate(Instrumentation.java:969)
07-23 19:09:55.145  3634  3634 D StrictMode: 	at android.app.ActivityThread.handleBindApplication(ActivityThread.java:3954)
07-23 19:09:55.145  3634  3634 D StrictMode: 	at android.app.ActivityThread.access$1300(ActivityThread.java:123)
07-23 19:09:55.145  3634  3634 D StrictMode: 	at android.app.ActivityThread$H.handleMessage(ActivityThread.java:1185)
07-23 19:09:55.145  3634  3634 D StrictMode: 	at android.os.Handler.dispatchMessage(Handler.java:99)
07-23 19:09:55.145  3634  3634 D StrictMode: 	at android.os.Looper.loop(Looper.java:137)
07-23 19:09:55.145  3634  3634 D StrictMode: 	at android.app.ActivityThread.main(ActivityThread.java:4424)
07-23 19:09:55.145  3634  3634 D StrictMode: 	at java.lang.reflect.Method.invokeNative(Native Method)
07-23 19:09:55.145  3634  3634 D StrictMode: 	at java.lang.reflect.Method.invoke(Method.java:511)
07-23 19:09:55.145  3634  3634 D StrictMode: 	at com.android.internal.os.ZygoteInit$MethodAndArgsCaller.run(ZygoteInit.java:784)
07-23 19:09:55.145  3634  3634 D StrictMode: 	at com.android.internal.os.ZygoteInit.main(ZygoteInit.java:551)
07-23 19:09:55.145  3634  3634 D StrictMode: 	at dalvik.system.NativeStart.main(Native Method)
07-23 19:09:55.153   145  1303 I ActivityManager: No longer want com.google.android.apps.googlevoice (pid 890): hidden #16
07-23 19:09:55.164   145   145 W ActivityManager: Scheduling restart of crashed service com.google.android.apps.googlevoice/.CallLogService in 5000ms
07-23 19:09:55.164   145   145 W ActivityManager: Scheduling restart of crashed service com.google.android.apps.googlevoice/.widget.WidgetService in 15000ms
07-23 19:09:55.164   145   145 W ActivityManager: Scheduling restart of crashed service com.google.android.apps.googlevoice/.UpdateService in 25000ms
07-23 19:10:00.176   145   162 I ActivityManager: Start proc com.google.android.apps.googlevoice for service com.google.android.apps.googlevoice/.CallLogService: pid=3650 uid=10054 gids={3003, 1015}
07-23 19:10:00.363  3650  3653 D dalvikvm: GC_CONCURRENT freed 243K, 4% free 9292K/9607K, paused 3ms+3ms
07-23 19:10:00.434   424   426 D dalvikvm: GC_CONCURRENT freed 276K, 6% free 9876K/10503K, paused 2ms+6ms
07-23 19:10:05.727   453  1296 I PhoneLab-: Service Running
07-23 19:10:05.809   453  1296 I PhoneLab-LoggerService: app_37    1300  453   1440   1068  c00f181c 400107b4 S logcat
07-23 19:10:05.813   453  1296 I PhoneLab-LoggerService: Logcat pid from database 1300
07-23 19:10:05.813   453  1296 I PhoneLab-LoggerService: Logcat process found 1300
07-23 19:10:05.813   453  1296 I PhoneLab-LoggerService: Checking Threshold
07-23 19:10:07.746   342   342 D SAN_SERVICE: *******************************************
07-23 19:10:07.746   342   342 D SAN_SERVICE: DM App Phone Service State - 0
07-23 19:10:07.746   342   342 D SAN_SERVICE: *******************************************
07-23 19:10:08.289   342   342 D SAN_SERVICE: *******************************************
07-23 19:10:08.289   342   342 D SAN_SERVICE: DM App Phone Service State - 0
07-23 19:10:08.289   342   342 D SAN_SERVICE: *******************************************
07-23 19:10:10.410  3650  3653 D dalvikvm: GC_CONCURRENT freed 389K, 5% free 9441K/9927K, paused 2ms+2ms
07-23 19:10:10.410  3650  3659 W CursorWrapperInner: Cursor finalized without prior close()
07-23 19:10:10.410  3650  3659 W CursorWrapperInner: Cursor finalized without prior close()
07-23 19:10:10.410  3650  3659 W CursorWrapperInner: Cursor finalized without prior close()
07-23 19:10:10.555   145   157 D dalvikvm: GC_EXPLICIT freed 251K, 14% free 15925K/18311K, paused 3ms+15ms
07-23 19:10:10.711  3650  3653 D dalvikvm: GC_CONCURRENT freed 338K, 4% free 9653K/10055K, paused 2ms+2ms
07-23 19:10:10.758  3650  3650 W GoogleVoice: WidgetService: got a null intent
07-23 19:10:10.801   424   951 D dalvikvm: GC_EXPLICIT freed 328K, 7% free 9830K/10503K, paused 2ms+4ms
07-23 19:10:16.297   342   342 D SAN_SERVICE: *******************************************
07-23 19:10:16.297   342   342 D SAN_SERVICE: DM App Phone Service State - 0
07-23 19:10:16.297   342   342 D SAN_SERVICE: *******************************************
07-23 19:10:16.578   342   342 D SAN_SERVICE: *******************************************
07-23 19:10:16.578   342   342 D SAN_SERVICE: DM App Phone Service State - 0
07-23 19:10:16.578   342   342 D SAN_SERVICE: *******************************************
07-23 19:10:17.317   342   342 D SAN_SERVICE: *******************************************
07-23 19:10:17.317   342   342 D SAN_SERVICE: DM App Phone Service State - 0
07-23 19:10:17.317   342   342 D SAN_SERVICE: *******************************************
07-23 19:10:20.176   145   162 I ActivityManager: No longer want com.google.android.apps.maps:NetworkLocationService (pid 2353): hidden #16
07-23 19:10:20.231   145   363 W ActivityManager: Scheduling restart of crashed service com.google.android.apps.maps/com.google.android.location.internal.server.NetworkLocationService in 5000ms
07-23 19:10:25.305   145   162 I ActivityManager: Start proc com.google.android.apps.maps:NetworkLocationService for service com.google.android.apps.maps/com.google.android.location.internal.server.NetworkLocationService: pid=3677 uid=10056 gids={3003, 1015}
07-23 19:10:25.414  3677  3679 D dalvikvm: GC_CONCURRENT freed 161K, 3% free 9375K/9607K, paused 2ms+2ms
07-23 19:10:25.746  3677  3679 D dalvikvm: GC_CONCURRENT freed 192K, 3% free 9704K/9991K, paused 1ms+4ms
07-23 19:10:25.930  3677  3679 D dalvikvm: GC_CONCURRENT freed 146K, 3% free 10089K/10311K, paused 2ms+3ms
07-23 19:10:26.098  3677  3679 D dalvikvm: GC_CONCURRENT freed 654K, 8% free 9886K/10631K, paused 1ms+1ms
07-23 19:10:26.160   145   162 I ActivityManager: Start proc com.google.android.apps.maps:FriendService for broadcast com.google.android.apps.maps/com.google.googlenav.friend.android.ServiceReceiver: pid=3698 uid=10056 gids={3003, 1015}
07-23 19:10:26.278  3698  3701 D dalvikvm: GC_CONCURRENT freed 163K, 3% free 9372K/9607K, paused 2ms+2ms
07-23 19:10:26.395  3698  3701 D dalvikvm: GC_CONCURRENT freed 209K, 4% free 9687K/9991K, paused 2ms+2ms
07-23 19:10:26.473   145   378 I ActivityManager: No longer want com.google.android.apps.gesturesearch (pid 3146): hidden #16
07-23 19:10:26.535  3677  3684 I dalvikvm: Total arena pages for JIT: 11
07-23 19:10:26.535  3677  3684 I dalvikvm: Total arena pages for JIT: 12
07-23 19:10:26.535  3677  3684 I dalvikvm: Total arena pages for JIT: 13
07-23 19:10:26.539  3677  3684 I dalvikvm: Total arena pages for JIT: 14
07-23 19:10:26.543  3677  3684 I dalvikvm: Total arena pages for JIT: 15
07-23 19:10:26.543  3677  3684 I dalvikvm: Total arena pages for JIT: 16
07-23 19:10:26.543  3677  3684 I dalvikvm: Total arena pages for JIT: 17
07-23 19:10:26.641  3677  3684 I dalvikvm: Total arena pages for JIT: 18
07-23 19:10:26.781  3677  3679 D dalvikvm: GC_CONCURRENT freed 204K, 5% free 10164K/10631K, paused 2ms+3ms
07-23 19:10:27.063  3677  3679 D dalvikvm: GC_CONCURRENT freed 269K, 4% free 10399K/10759K, paused 2ms+3ms
07-23 19:10:28.574  1271  1273 D dalvikvm: GC_CONCURRENT freed 427K, 7% free 10339K/11079K, paused 2ms+10ms
07-23 19:10:28.629   145   145 I ActivityManager: No longer want com.android.sprintmenu (pid 2401): hidden #16
07-23 19:10:28.637   145   157 W ActivityManager: Scheduling restart of crashed service com.android.sprintmenu/.HiddenPhoneService in 5000ms
07-23 19:10:28.813  3677  3679 D dalvikvm: GC_CONCURRENT freed 467K, 6% free 10463K/11015K, paused 2ms+2ms
07-23 19:10:31.684   342   342 D SAN_SERVICE: *******************************************
07-23 19:10:31.684   342   342 D SAN_SERVICE: DM App Phone Service State - 0
07-23 19:10:31.684   342   342 D SAN_SERVICE: *******************************************
07-23 19:10:32.422   342   342 D SAN_SERVICE: *******************************************
07-23 19:10:32.422   342   342 D SAN_SERVICE: DM App Phone Service State - 0
07-23 19:10:32.422   342   342 D SAN_SERVICE: *******************************************
07-23 19:10:33.715   145   162 I ActivityManager: Start proc com.android.sprintmenu for service com.android.sprintmenu/.HiddenPhoneService: pid=3713 uid=1001 gids={3002, 3001, 3003, 1015}
07-23 19:10:47.020   145   169 I ActivityManager: Start proc com.google.android.apps.currents for service com.google.android.apps.currents/com.google.apps.dots.android.app.service.SyncService: pid=3729 uid=10078 gids={3003, 1015}
07-23 19:10:47.270  3729  3729 I ActivityThread: Pub com.google.apps.dots.android.app.provider.SuggestionProvider: com.google.apps.dots.android.app.provider.SuggestionProvider
07-23 19:10:47.274  3729  3729 I ActivityThread: Pub com.google.android.apps.currents.exported: com.google.apps.dots.android.app.provider.ExportedContentProvider
07-23 19:10:47.340  3729  3732 D dalvikvm: GC_CONCURRENT freed 173K, 3% free 9363K/9607K, paused 2ms+3ms
07-23 19:10:47.399  3729  3732 D dalvikvm: GC_CONCURRENT freed 264K, 5% free 9585K/9991K, paused 2ms+2ms
07-23 19:10:47.504  3729  3732 D dalvikvm: GC_CONCURRENT freed 229K, 4% free 9839K/10183K, paused 1ms+3ms
07-23 19:10:47.625  3729  3732 D dalvikvm: GC_CONCURRENT freed 238K, 4% free 10076K/10439K, paused 2ms+3ms
07-23 19:10:47.672  3729  3729 I DotsContentUris: content://com.google.android.apps.currents
07-23 19:10:47.676  3729  3729 I ActivityThread: Pub com.google.android.apps.currents: com.google.apps.dots.android.app.provider.DotsContentProvider
07-23 19:10:47.688  3729  3729 I DotsApplication: Starting up...
07-23 19:10:47.946  3729  3732 D dalvikvm: GC_CONCURRENT freed 441K, 5% free 10170K/10695K, paused 2ms+2ms
07-23 19:10:48.110  3729  3732 D dalvikvm: GC_CONCURRENT freed 270K, 4% free 10330K/10695K, paused 3ms+3ms
07-23 19:10:48.129  3729  3748 I SyncService: Starting sync (19:10:48)
07-23 19:10:49.903  3729  3732 D dalvikvm: GC_CONCURRENT freed 284K, 4% free 10472K/10887K, paused 2ms+2ms
07-23 19:10:50.164  3729  3732 D dalvikvm: GC_CONCURRENT freed 214K, 4% free 10668K/11015K, paused 2ms+3ms
07-23 19:10:50.270  3729  3732 D dalvikvm: GC_CONCURRENT freed 488K, 7% free 10650K/11335K, paused 2ms+2ms
07-23 19:10:50.438  3729  3732 D dalvikvm: GC_CONCURRENT freed 373K, 6% free 10697K/11335K, paused 2ms+3ms
07-23 19:10:51.051   145   338 D SyncManager: setSyncAutomatically: , provider com.google.android.apps.currents -> true
07-23 19:10:51.051   145   338 D SyncManager: setSyncAutomatically: already set to true, doing nothing
07-23 19:10:51.352  3729  3732 D dalvikvm: GC_CONCURRENT freed 366K, 5% free 10789K/11335K, paused 2ms+3ms
07-23 19:10:51.492  3729  3732 D dalvikvm: GC_CONCURRENT freed 234K, 4% free 11040K/11463K, paused 3ms+2ms
07-23 19:10:51.688   145   421 D dalvikvm: GC_EXPLICIT freed 360K, 13% free 15955K/18311K, paused 4ms+7ms
07-23 19:10:51.778  3729  3732 D dalvikvm: GC_CONCURRENT freed 291K, 4% free 11359K/11783K, paused 2ms+4ms
07-23 19:10:52.371  3729  3732 D dalvikvm: GC_CONCURRENT freed 718K, 7% free 11326K/12167K, paused 22ms+3ms
07-23 19:10:54.383  3729  3732 D dalvikvm: GC_CONCURRENT freed 739K, 8% free 11251K/12167K, paused 2ms+2ms
07-23 19:10:54.817  3729  3732 D dalvikvm: GC_CONCURRENT freed 578K, 8% free 11290K/12167K, paused 2ms+3ms
07-23 19:10:55.446  3729  3732 D dalvikvm: GC_CONCURRENT freed 604K, 7% free 11324K/12167K, paused 2ms+4ms
07-23 19:10:55.629  3729  3732 D dalvikvm: GC_CONCURRENT freed 639K, 7% free 11337K/12167K, paused 3ms+3ms
07-23 19:10:55.817  3729  3732 D dalvikvm: GC_CONCURRENT freed 688K, 7% free 11348K/12167K, paused 3ms+3ms
07-23 19:10:56.246  3729  3732 D dalvikvm: GC_CONCURRENT freed 644K, 7% free 11388K/12167K, paused 3ms+3ms
07-23 19:10:56.813  3729  3732 D dalvikvm: GC_CONCURRENT freed 760K, 8% free 11337K/12231K, paused 2ms+2ms
07-23 19:10:56.895  3729  3751 D dalvikvm: GC_FOR_ALLOC freed 286K, 7% free 11382K/12231K, paused 26ms
07-23 19:10:56.977  3729  3751 D dalvikvm: GC_FOR_ALLOC freed 409K, 8% free 11402K/12295K, paused 27ms
07-23 19:10:57.074  3729  3751 D dalvikvm: GC_FOR_ALLOC freed 484K, 8% free 11425K/12295K, paused 34ms
07-23 19:10:57.203   342   342 D SAN_SERVICE: *******************************************
07-23 19:10:57.203   342   342 D SAN_SERVICE: DM App Phone Service State - 0
07-23 19:10:57.203   342   342 D SAN_SERVICE: *******************************************
07-23 19:10:57.242  3729  3732 D dalvikvm: GC_CONCURRENT freed 703K, 8% free 11459K/12359K, paused 2ms+2ms
07-23 19:10:57.332  3729  3751 D dalvikvm: GC_FOR_ALLOC freed 471K, 8% free 11459K/12359K, paused 27ms
07-23 19:10:57.430  3729  3751 D dalvikvm: GC_FOR_ALLOC freed 534K, 8% free 11476K/12359K, paused 30ms
07-23 19:10:57.446   342   342 D SAN_SERVICE: *******************************************
07-23 19:10:57.449   342   342 D SAN_SERVICE: DM App Phone Service State - 0
07-23 19:10:57.449   342   342 D SAN_SERVICE: *******************************************
07-23 19:10:57.586  3729  3732 D dalvikvm: GC_CONCURRENT freed 725K, 7% free 11499K/12359K, paused 2ms+3ms
07-23 19:10:57.742  3729  3732 D dalvikvm: GC_CONCURRENT freed 699K, 8% free 11531K/12423K, paused 2ms+2ms
07-23 19:10:57.899  3729  3732 D dalvikvm: GC_CONCURRENT freed 750K, 8% free 11544K/12423K, paused 2ms+4ms
07-23 19:10:58.055  3729  3732 D dalvikvm: GC_CONCURRENT freed 717K, 8% free 11574K/12487K, paused 2ms+5ms
07-23 19:10:58.199  3729  3732 D dalvikvm: GC_CONCURRENT freed 783K, 8% free 11578K/12487K, paused 2ms+2ms
07-23 19:10:58.223   342   342 D SAN_SERVICE: *******************************************
07-23 19:10:58.223   342   342 D SAN_SERVICE: DM App Phone Service State - 0
07-23 19:10:58.223   342   342 D SAN_SERVICE: *******************************************
07-23 19:10:58.543  3729  3732 D dalvikvm: GC_CONCURRENT freed 734K, 7% free 11619K/12487K, paused 2ms+2ms
07-23 19:10:58.633   145   430 D dalvikvm: GC_EXPLICIT freed 225K, 13% free 15939K/18311K, paused 3ms+6ms
07-23 19:10:58.887  3729  3751 D dalvikvm: GC_EXPLICIT freed 312K, 7% free 11722K/12487K, paused 2ms+4ms
07-23 19:10:59.211  3729  3732 D dalvikvm: GC_CONCURRENT freed 775K, 8% free 11770K/12679K, paused 2ms+3ms
07-23 19:11:01.199  3729  3732 D dalvikvm: GC_CONCURRENT freed 1303K, 12% free 11318K/12807K, paused 2ms+2ms
07-23 19:11:02.039  3729  3732 D dalvikvm: GC_CONCURRENT freed 635K, 12% free 11320K/12807K, paused 2ms+2ms
07-23 19:11:02.192  3729  3732 D dalvikvm: GC_CONCURRENT freed 595K, 12% free 11364K/12807K, paused 2ms+3ms
07-23 19:11:04.028  3729  3732 D dalvikvm: GC_CONCURRENT freed 672K, 12% free 11344K/12807K, paused 2ms+3ms
07-23 19:11:04.961  3729  3732 D dalvikvm: GC_CONCURRENT freed 659K, 12% free 11332K/12807K, paused 2ms+3ms
07-23 19:11:05.391  3729  3732 D dalvikvm: GC_CONCURRENT freed 614K, 12% free 11363K/12807K, paused 2ms+2ms
07-23 19:11:05.535  3729  3732 D dalvikvm: GC_CONCURRENT freed 628K, 12% free 11387K/12807K, paused 2ms+2ms
07-23 19:11:05.684  3729  3732 D dalvikvm: GC_CONCURRENT freed 649K, 11% free 11418K/12807K, paused 2ms+2ms
07-23 19:11:06.098   145   363 D dalvikvm: GC_EXPLICIT freed 434K, 13% free 15938K/18311K, paused 3ms+5ms
07-23 19:11:09.258  3729  3732 D dalvikvm: GC_CONCURRENT freed 729K, 12% free 11378K/12807K, paused 2ms+3ms
07-23 19:11:09.699  3729  3732 D dalvikvm: GC_CONCURRENT freed 673K, 12% free 11365K/12807K, paused 2ms+3ms
07-23 19:11:09.817  3729  3732 D dalvikvm: GC_CONCURRENT freed 651K, 12% free 11368K/12807K, paused 2ms+3ms
07-23 19:11:10.344  3729  3732 D dalvikvm: GC_CONCURRENT freed 656K, 12% free 11368K/12807K, paused 2ms+3ms
07-23 19:11:10.524  3729  3732 D dalvikvm: GC_CONCURRENT freed 649K, 12% free 11380K/12807K, paused 2ms+4ms
07-23 19:11:10.696  3729  3732 D dalvikvm: GC_CONCURRENT freed 632K, 11% free 11410K/12807K, paused 2ms+3ms
07-23 19:11:12.149  3729  3732 D dalvikvm: GC_CONCURRENT freed 642K, 11% free 11438K/12807K, paused 2ms+2ms
07-23 19:11:13.047  3729  3732 D dalvikvm: GC_CONCURRENT freed 735K, 12% free 11387K/12807K, paused 2ms+3ms
07-23 19:11:13.176  3729  3732 D dalvikvm: GC_CONCURRENT freed 625K, 11% free 11427K/12807K, paused 2ms+3ms
07-23 19:11:13.426  3729  3732 D dalvikvm: GC_CONCURRENT freed 637K, 11% free 11469K/12807K, paused 2ms+4ms
07-23 19:11:14.031  3729  3732 D dalvikvm: GC_CONCURRENT freed 771K, 12% free 11391K/12807K, paused 2ms+3ms
07-23 19:11:14.539  3729  3732 D dalvikvm: GC_CONCURRENT freed 658K, 12% free 11397K/12807K, paused 2ms+3ms
07-23 19:11:14.879  3729  3732 D dalvikvm: GC_CONCURRENT freed 639K, 11% free 11432K/12807K, paused 1ms+2ms
07-23 19:11:15.043  3729  3732 D dalvikvm: GC_CONCURRENT freed 660K, 11% free 11459K/12807K, paused 2ms+3ms
07-23 19:11:15.340  3729  3732 D dalvikvm: GC_CONCURRENT freed 668K, 11% free 11480K/12807K, paused 2ms+2ms
07-23 19:11:16.125  3729  3732 D dalvikvm: GC_CONCURRENT freed 773K, 11% free 11410K/12807K, paused 2ms+3ms
07-23 19:11:16.875  3729  3732 D dalvikvm: GC_CONCURRENT freed 652K, 11% free 11430K/12807K, paused 2ms+3ms
07-23 19:11:17.887  3729  3732 D dalvikvm: GC_CONCURRENT freed 656K, 11% free 11454K/12807K, paused 3ms+3ms
07-23 19:11:18.024  3729  3732 D dalvikvm: GC_CONCURRENT freed 646K, 11% free 11492K/12807K, paused 2ms+3ms
07-23 19:11:18.180  3729  3732 D dalvikvm: GC_CONCURRENT freed 661K, 10% free 11533K/12807K, paused 2ms+2ms
07-23 19:11:18.340  3729  3732 D dalvikvm: GC_CONCURRENT freed 683K, 10% free 11572K/12807K, paused 2ms+3ms
07-23 19:11:18.606   145   326 D dalvikvm: GC_EXPLICIT freed 419K, 13% free 15934K/18311K, paused 3ms+6ms
07-23 19:11:18.735  3729  3732 D dalvikvm: GC_CONCURRENT freed 569K, 9% free 11732K/12807K, paused 2ms+4ms
07-23 19:11:20.153  3729  3732 D dalvikvm: GC_CONCURRENT freed 1057K, 11% free 11454K/12807K, paused 2ms+3ms
07-23 19:11:20.281  3729  3732 D dalvikvm: GC_CONCURRENT freed 633K, 11% free 11504K/12807K, paused 2ms+3ms
07-23 19:11:20.422  3729  3732 D dalvikvm: GC_CONCURRENT freed 659K, 10% free 11549K/12807K, paused 2ms+2ms
07-23 19:11:20.563  3729  3732 D dalvikvm: GC_CONCURRENT freed 675K, 10% free 11591K/12807K, paused 2ms+3ms
07-23 19:11:20.707  3729  3732 D dalvikvm: GC_CONCURRENT freed 696K, 10% free 11624K/12807K, paused 2ms+3ms
07-23 19:11:20.863  3729  3732 D dalvikvm: GC_CONCURRENT freed 707K, 9% free 11658K/12807K, paused 2ms+3ms
07-23 19:11:21.039  3729  3751 D dalvikvm: GC_EXPLICIT freed 359K, 9% free 11709K/12807K, paused 2ms+3ms
07-23 19:11:21.285   145   157 D dalvikvm: GC_EXPLICIT freed 261K, 14% free 15931K/18311K, paused 3ms+6ms
07-23 19:11:21.453  3729  3732 D dalvikvm: GC_CONCURRENT freed 553K, 7% free 11927K/12807K, paused 2ms+4ms
07-23 19:11:24.852  3729  3732 D dalvikvm: GC_CONCURRENT freed 1327K, 12% free 11472K/12935K, paused 2ms+2ms
07-23 19:11:25.281  3729  3751 D dalvikvm: GC_FOR_ALLOC freed 277K, 12% free 11465K/12935K, paused 26ms
07-23 19:11:25.461  3729  3732 D dalvikvm: GC_CONCURRENT freed 630K, 11% free 11525K/12935K, paused 2ms+3ms
07-23 19:11:25.610  3729  3732 D dalvikvm: GC_CONCURRENT freed 660K, 11% free 11597K/12935K, paused 2ms+3ms
07-23 19:11:26.680  3729  3732 D dalvikvm: GC_CONCURRENT freed 854K, 12% free 11481K/12935K, paused 2ms+3ms
07-23 19:11:26.910  3729  3732 D dalvikvm: GC_CONCURRENT freed 709K, 12% free 11465K/12935K, paused 2ms+3ms
07-23 19:11:27.160  3729  3732 D dalvikvm: GC_CONCURRENT freed 626K, 11% free 11552K/12935K, paused 2ms+2ms
07-23 19:11:27.289  3729  3732 D dalvikvm: GC_CONCURRENT freed 548K, 10% free 11727K/12935K, paused 2ms+3ms
07-23 19:11:27.488  3729  3732 D dalvikvm: GC_CONCURRENT freed 535K, 8% free 11968K/12935K, paused 2ms+3ms
07-23 19:11:27.664  3729  3732 D dalvikvm: GC_CONCURRENT freed 1191K, 11% free 11673K/12999K, paused 3ms+3ms
07-23 19:11:27.797  3729  3732 D dalvikvm: GC_CONCURRENT freed 1026K, 13% free 11407K/12999K, paused 2ms+3ms
07-23 19:11:28.485  3677  3679 D dalvikvm: GC_CONCURRENT freed 521K, 6% free 10398K/11015K, paused 2ms+4ms
07-23 19:11:28.535  1271  1273 D dalvikvm: GC_CONCURRENT freed 590K, 8% free 10261K/11079K, paused 2ms+3ms
07-23 19:11:28.805  3729  3748 I SyncService: sync service finished (19:11:28)
07-23 19:11:32.067   145   199 D DhcpInfoInternal: makeLinkProperties with empty dns2!
07-23 19:11:32.078   145   199 D DhcpInfoInternal: makeLinkProperties with empty dns2!
07-23 19:11:53.613   342   342 D SAN_SERVICE: *******************************************
07-23 19:11:53.613   342   342 D SAN_SERVICE: DM App Phone Service State - 0
07-23 19:11:53.613   342   342 D SAN_SERVICE: *******************************************
07-23 19:11:53.883   342   342 D SAN_SERVICE: *******************************************
07-23 19:11:53.883   342   342 D SAN_SERVICE: DM App Phone Service State - 0
07-23 19:11:53.883   342   342 D SAN_SERVICE: *******************************************
07-23 19:11:54.113   342   342 D SAN_SERVICE: *******************************************
07-23 19:11:54.113   342   342 D SAN_SERVICE: DM App Phone Service State - 0
07-23 19:11:54.113   342   342 D SAN_SERVICE: *******************************************
07-23 19:12:03.856   342   342 D SAN_SERVICE: *******************************************
07-23 19:12:03.856   342   342 D SAN_SERVICE: DM App Phone Service State - 0
07-23 19:12:03.856   342   342 D SAN_SERVICE: *******************************************
07-23 19:12:04.074   342   342 D SAN_SERVICE: *******************************************
07-23 19:12:04.074   342   342 D SAN_SERVICE: DM App Phone Service State - 0
07-23 19:12:04.074   342   342 D SAN_SERVICE: *******************************************
07-23 19:12:04.821   342   342 D SAN_SERVICE: *******************************************
07-23 19:12:04.821   342   342 D SAN_SERVICE: DM App Phone Service State - 0
07-23 19:12:04.821   342   342 D SAN_SERVICE: *******************************************
07-23 19:12:05.727   453  1296 I PhoneLab-: Service Running
07-23 19:12:05.813   453  1296 I PhoneLab-LoggerService: app_37    1300  453   1440   1068  c00f181c 400107b4 S logcat
07-23 19:12:05.813   453  1296 I PhoneLab-LoggerService: Logcat pid from database 1300
07-23 19:12:05.813   453  1296 I PhoneLab-LoggerService: Logcat process found 1300
07-23 19:12:05.813   453  1296 I PhoneLab-LoggerService: Checking Threshold
07-23 19:12:24.352   342   342 D SAN_SERVICE: *******************************************
07-23 19:12:24.352   342   342 D SAN_SERVICE: DM App Phone Service State - 0
07-23 19:12:24.352   342   342 D SAN_SERVICE: *******************************************
07-23 19:12:24.543   342   342 D SAN_SERVICE: *******************************************
07-23 19:12:24.543   342   342 D SAN_SERVICE: DM App Phone Service State - 0
07-23 19:12:24.543   342   342 D SAN_SERVICE: *******************************************
07-23 19:12:24.559   342   345 D dalvikvm: GC_CONCURRENT freed 387K, 7% free 9464K/10119K, paused 2ms+3ms
07-23 19:12:28.574  1271  1273 D dalvikvm: GC_CONCURRENT freed 474K, 8% free 10297K/11079K, paused 2ms+3ms
07-23 19:12:50.156   342   342 D SAN_SERVICE: *******************************************
07-23 19:12:50.156   342   342 D SAN_SERVICE: DM App Phone Service State - 0
07-23 19:12:50.156   342   342 D SAN_SERVICE: *******************************************
07-23 19:12:50.418   342   342 D SAN_SERVICE: *******************************************
07-23 19:12:50.418   342   342 D SAN_SERVICE: DM App Phone Service State - 0
07-23 19:12:50.418   342   342 D SAN_SERVICE: *******************************************
07-23 19:13:00.098   342   342 D SAN_SERVICE: *******************************************
07-23 19:13:00.098   342   342 D SAN_SERVICE: DM App Phone Service State - 0
07-23 19:13:00.098   342   342 D SAN_SERVICE: *******************************************
07-23 19:13:00.910   342   342 D SAN_SERVICE: *******************************************
07-23 19:13:00.910   342   342 D SAN_SERVICE: DM App Phone Service State - 0
07-23 19:13:00.910   342   342 D SAN_SERVICE: *******************************************
07-23 19:13:10.383   342   342 D SAN_SERVICE: *******************************************
07-23 19:13:10.383   342   342 D SAN_SERVICE: DM App Phone Service State - 0
07-23 19:13:10.383   342   342 D SAN_SERVICE: *******************************************
07-23 19:13:10.653   342   342 D SAN_SERVICE: *******************************************
07-23 19:13:10.653   342   342 D SAN_SERVICE: DM App Phone Service State - 0
07-23 19:13:10.653   342   342 D SAN_SERVICE: *******************************************
07-23 19:13:11.414   342   342 D SAN_SERVICE: *******************************************
07-23 19:13:11.414   342   342 D SAN_SERVICE: DM App Phone Service State - 0
07-23 19:13:11.414   342   342 D SAN_SERVICE: *******************************************
07-23 19:13:25.750   342   342 D SAN_SERVICE: *******************************************
07-23 19:13:25.750   342   342 D SAN_SERVICE: DM App Phone Service State - 0
07-23 19:13:25.750   342   342 D SAN_SERVICE: *******************************************
07-23 19:13:26.528   342   342 D SAN_SERVICE: *******************************************
07-23 19:13:26.528   342   342 D SAN_SERVICE: DM App Phone Service State - 0
07-23 19:13:26.528   342   342 D SAN_SERVICE: *******************************************
07-23 19:13:28.555  3677  3679 D dalvikvm: GC_CONCURRENT freed 501K, 6% free 10409K/11015K, paused 2ms+3ms
07-23 19:13:28.684  1271  1273 D dalvikvm: GC_CONCURRENT freed 482K, 8% free 10266K/11079K, paused 1ms+2ms
07-23 19:13:32.598   342   342 D SAN_SERVICE: *******************************************
07-23 19:13:32.598   342   342 D SAN_SERVICE: DM App Phone Service State - 0
07-23 19:13:32.598   342   342 D SAN_SERVICE: *******************************************
07-23 19:13:41.106   342   342 D SAN_SERVICE: *******************************************
07-23 19:13:41.106   342   342 D SAN_SERVICE: DM App Phone Service State - 0
07-23 19:13:41.110   342   342 D SAN_SERVICE: *******************************************
07-23 19:13:56.953   145   199 D DhcpInfoInternal: makeLinkProperties with empty dns2!
07-23 19:13:56.965   145   199 D DhcpInfoInternal: makeLinkProperties with empty dns2!
07-23 19:14:05.727   453  1296 I PhoneLab-: Service Running
07-23 19:14:05.805   453  1296 I PhoneLab-LoggerService: app_37    1300  453   1440   1068  c00f181c 400107b4 S logcat
07-23 19:14:05.805   453  1296 I PhoneLab-LoggerService: Logcat pid from database 1300
07-23 19:14:05.805   453  1296 I PhoneLab-LoggerService: Logcat process found 1300
07-23 19:14:05.805   453  1296 I PhoneLab-LoggerService: Checking Threshold
07-23 19:14:12.106   342   342 D SAN_SERVICE: *******************************************
07-23 19:14:12.106   342   342 D SAN_SERVICE: DM App Phone Service State - 0
07-23 19:14:12.106   342   342 D SAN_SERVICE: *******************************************
07-23 19:14:12.840   342   342 D SAN_SERVICE: *******************************************
07-23 19:14:12.840   342   342 D SAN_SERVICE: DM App Phone Service State - 0
07-23 19:14:12.848   342   342 D SAN_SERVICE: *******************************************
07-23 19:14:22.051   342   342 D SAN_SERVICE: *******************************************
07-23 19:14:22.051   342   342 D SAN_SERVICE: DM App Phone Service State - 0
07-23 19:14:22.051   342   342 D SAN_SERVICE: *******************************************
07-23 19:14:28.660  1271  1273 D dalvikvm: GC_CONCURRENT freed 452K, 8% free 10259K/11079K, paused 1ms+2ms
07-23 19:14:58.141   342   342 D SAN_SERVICE: *******************************************
07-23 19:14:58.141   342   342 D SAN_SERVICE: DM App Phone Service State - 0
07-23 19:14:58.141   342   342 D SAN_SERVICE: *******************************************
07-23 19:14:58.449   342   342 D SAN_SERVICE: *******************************************
07-23 19:14:58.449   342   342 D SAN_SERVICE: DM App Phone Service State - 0
07-23 19:14:58.449   342   342 D SAN_SERVICE: *******************************************
07-23 19:14:58.949   342   342 D SAN_SERVICE: *******************************************
07-23 19:14:58.949   342   342 D SAN_SERVICE: DM App Phone Service State - 0
07-23 19:14:58.949   342   342 D SAN_SERVICE: *******************************************
07-23 19:15:28.629  3677  3679 D dalvikvm: GC_CONCURRENT freed 507K, 6% free 10413K/11015K, paused 2ms+2ms
07-23 19:15:28.758  1271  1273 D dalvikvm: GC_CONCURRENT freed 440K, 8% free 10257K/11079K, paused 2ms+2ms
07-23 19:15:35.461   342   342 D SAN_SERVICE: *******************************************
07-23 19:15:35.461   342   342 D SAN_SERVICE: DM App Phone Service State - 0
07-23 19:15:35.461   342   342 D SAN_SERVICE: *******************************************
07-23 19:15:35.961   342   342 D SAN_SERVICE: *******************************************
07-23 19:15:35.961   342   342 D SAN_SERVICE: DM App Phone Service State - 0
07-23 19:15:35.961   342   342 D SAN_SERVICE: *******************************************
07-23 19:15:43.957   342   342 D SAN_SERVICE: *******************************************
07-23 19:15:43.957   342   342 D SAN_SERVICE: DM App Phone Service State - 0
07-23 19:15:43.957   342   342 D SAN_SERVICE: *******************************************
07-23 19:16:05.727   453  1296 I PhoneLab-: Service Running
07-23 19:16:05.817   453  1296 I PhoneLab-LoggerService: app_37    1300  453   1440   1068  c00f181c 400107b4 S logcat
07-23 19:16:05.821   453  1296 I PhoneLab-LoggerService: Logcat pid from database 1300
07-23 19:16:05.821   453  1296 I PhoneLab-LoggerService: Logcat process found 1300
07-23 19:16:05.821   453  1296 I PhoneLab-LoggerService: Checking Threshold
07-23 19:16:09.582   342   342 D SAN_SERVICE: *******************************************
07-23 19:16:09.582   342   342 D SAN_SERVICE: DM App Phone Service State - 0
07-23 19:16:09.586   342   342 D SAN_SERVICE: *******************************************
07-23 19:16:09.817   342   342 D SAN_SERVICE: *******************************************
07-23 19:16:09.828   342   342 D SAN_SERVICE: DM App Phone Service State - 0
07-23 19:16:09.828   342   342 D SAN_SERVICE: *******************************************
07-23 19:16:09.852   342   345 D dalvikvm: GC_CONCURRENT freed 389K, 7% free 9462K/10119K, paused 2ms+2ms
07-23 19:16:21.852   145   199 D DhcpInfoInternal: makeLinkProperties with empty dns2!
07-23 19:16:21.856   145   199 D DhcpInfoInternal: makeLinkProperties with empty dns2!
07-23 19:16:28.785  1271  1273 D dalvikvm: GC_CONCURRENT freed 434K, 8% free 10259K/11079K, paused 2ms+2ms
07-23 19:16:28.809   145  1302 I ActivityManager: No longer want android.process.media (pid 2229): hidden #16
07-23 19:17:05.938   342   342 D SAN_SERVICE: *******************************************
07-23 19:17:05.938   342   342 D SAN_SERVICE: DM App Phone Service State - 0
07-23 19:17:05.938   342   342 D SAN_SERVICE: *******************************************
07-23 19:17:06.168   342   342 D SAN_SERVICE: *******************************************
07-23 19:17:06.168   342   342 D SAN_SERVICE: DM App Phone Service State - 0
07-23 19:17:06.168   342   342 D SAN_SERVICE: *******************************************
07-23 19:17:06.680   342   342 D SAN_SERVICE: *******************************************
07-23 19:17:06.680   342   342 D SAN_SERVICE: DM App Phone Service State - 0
07-23 19:17:06.680   342   342 D SAN_SERVICE: *******************************************
07-23 19:17:28.766  3677  3679 D dalvikvm: GC_CONCURRENT freed 485K, 6% free 10440K/11015K, paused 2ms+3ms
07-23 19:17:28.891   145   326 D dalvikvm: GC_EXPLICIT freed 1229K, 13% free 16040K/18311K, paused 9ms+7ms
07-23 19:17:29.000  1271  1273 D dalvikvm: GC_CONCURRENT freed 430K, 8% free 10255K/11079K, paused 1ms+2ms
07-23 19:18:00.012   145   162 I ActivityManager: No longer want com.whatsapp (pid 906): hidden #16
07-23 19:18:00.082   145   157 W ActivityManager: Scheduling restart of crashed service com.whatsapp/.messaging.MessageService in 5000ms
07-23 19:18:00.082   145   157 W ActivityManager: Scheduling restart of crashed service com.whatsapp/.ExternalMediaManager in 15000ms
07-23 19:18:05.102   145   162 I ActivityManager: Start proc com.whatsapp for service com.whatsapp/.messaging.MessageService: pid=3828 uid=10068 gids={1015, 3003}
07-23 19:18:05.106  3828  3828 I dalvikvm: Turning on JNI app bug workarounds for target SDK version 7...
07-23 19:18:05.274  3828  3830 D dalvikvm: GC_CONCURRENT freed 173K, 3% free 9344K/9607K, paused 2ms+3ms
07-23 19:18:05.485  3828  3830 D dalvikvm: GC_CONCURRENT freed 281K, 4% free 9572K/9927K, paused 2ms+3ms
07-23 19:18:05.727   453  1296 I PhoneLab-: Service Running
07-23 19:18:05.738  3828  3828 I dalvikvm: Could not find method android.media.MediaMetadataRetriever.captureFrame, referenced from method com.whatsapp.q3.a
07-23 19:18:05.738  3828  3828 W dalvikvm: VFY: unable to resolve virtual method 502: Landroid/media/MediaMetadataRetriever;.captureFrame ()Landroid/graphics/Bitmap;
07-23 19:18:05.738  3828  3828 D dalvikvm: VFY: replacing opcode 0x6e at 0x0134
07-23 19:18:05.930  3828  3830 D dalvikvm: GC_CONCURRENT freed 256K, 4% free 9853K/10183K, paused 2ms+4ms
07-23 19:18:06.055  3828  3830 D dalvikvm: GC_CONCURRENT freed 355K, 5% free 9974K/10439K, paused 2ms+3ms
07-23 19:18:06.141   453   456 D dalvikvm: GC_CONCURRENT freed 409K, 15% free 9169K/10695K, paused 99ms+98ms
07-23 19:18:06.180   453  1296 I PhoneLab-LoggerService: app_37    1300  453   1440   1068  c00f181c 400107b4 S logcat
07-23 19:18:06.180   453  1296 I PhoneLab-LoggerService: Logcat pid from database 1300
07-23 19:18:06.180   453  1296 I PhoneLab-LoggerService: Logcat process found 1300
07-23 19:18:06.180   453  1296 I PhoneLab-LoggerService: Checking Threshold
07-23 19:18:07.805  3828  3830 D dalvikvm: GC_CONCURRENT freed 297K, 4% free 10155K/10567K, paused 4ms+4ms
07-23 19:18:28.899  1271  1273 D dalvikvm: GC_CONCURRENT freed 433K, 8% free 10259K/11079K, paused 2ms+3ms
07-23 19:18:38.649   145   169 I ActivityManager: Start proc com.google.android.gm for service com.google.android.gm/.provider.MailSyncAdapterService: pid=3860 uid=10075 gids={3003, 1015}
07-23 19:18:38.754  3860  3860 I ActivityThread: Pub gmail-ls: com.google.android.gm.provider.MailProvider
07-23 19:18:38.770  3860  3860 I ActivityThread: Pub com.google.android.gm: com.google.android.gm.provider.PublicContentProvider
07-23 19:18:38.778  3860  3860 I ActivityThread: Pub com.google.android.gmail.SuggestionProvider: com.google.android.gm.SuggestionsProvider
07-23 19:18:38.883  3860  3862 D dalvikvm: GC_CONCURRENT freed 217K, 4% free 9256K/9607K, paused 3ms+2ms
07-23 19:18:39.289  3860  3878 I Gmail   : calculateUnknownSyncRationalesAndPurgeInBackground: queueing
07-23 19:18:39.344  3860  3862 D dalvikvm: GC_CONCURRENT freed 258K, 4% free 9409K/9799K, paused 2ms+3ms
07-23 19:18:39.367  3860  3878 I Gmail   : calculateUnknownSyncRationalesAndPurgeInBackground: queueing
07-23 19:18:39.406  3860  3876 I Gmail   : MainSyncRequestProto: lowestBkwdConvoId: 0, highestHandledServerOp: 3340998, normalSync: true
07-23 19:18:39.434  3860  3878 I Gmail   : calculateUnknownSyncRationalesAndPurgeInBackground: running
07-23 19:18:39.434  3860  3878 I Gmail   : calculateUnknownSyncRationalesAndPurgeInBackground: running
07-23 19:18:40.719  3860  3862 D dalvikvm: GC_CONCURRENT freed 320K, 5% free 9543K/9991K, paused 2ms+3ms
07-23 19:18:41.520  3860  3876 D dalvikvm: GC_EXPLICIT freed 325K, 5% free 9544K/9991K, paused 2ms+3ms
07-23 19:18:41.524  3860  3876 I Gmail   : MainSyncRequestProto: lowestBkwdConvoId: 0, highestHandledServerOp: 3341035, normalSync: true
07-23 19:18:42.496  3860  3876 D dalvikvm: GC_EXPLICIT freed 208K, 5% free 9588K/9991K, paused 16ms+3ms
07-23 19:18:42.500  3860  3876 I Gmail   : MainSyncRequestProto: lowestBkwdConvoId: 0, highestHandledServerOp: 3341035, normalSync: true
07-23 19:18:42.504  3860  3876 I Gmail   : lowestBackward conversation id 0
07-23 19:18:42.524  3860  3876 W Gmail   : Scheduling index for 300000 ms from now
07-23 19:18:42.555  3860  3876 I Gmail   : Sending notification intent: Intent { act=android.intent.action.PROVIDER_CHANGED dat=content://gmail-ls/unread/^i (has extras) }
07-23 19:18:42.629   293   810 D dalvikvm: GC_EXPLICIT freed 319K, 6% free 10370K/10951K, paused 2ms+5ms
07-23 19:18:42.680  3860  3883 W Gmail   : Showing notification with unreadCount of 1 and unseenCount of 1
07-23 19:18:42.746   145   423 I ActivityManager: No longer want edu.buffalo.cse.phonelab.phonelabservices (pid 453): hidden #16
07-23 19:18:42.793   145  1303 W ActivityManager: Scheduling restart of crashed service edu.buffalo.cse.phonelab.phonelabservices/edu.buffalo.cse.phonelab.datalogger.LoggerService in 5000ms
07-23 19:18:42.863   215   217 D dalvikvm: GC_CONCURRENT freed 252K, 31% free 9829K/14215K, paused 2ms+6ms
07-23 19:18:42.949   215   217 D dalvikvm: GC_CONCURRENT freed 328K, 30% free 9992K/14215K, paused 2ms+3ms
07-23 19:18:46.719   145   199 D DhcpInfoInternal: makeLinkProperties with empty dns2!
07-23 19:18:46.723   145   199 D DhcpInfoInternal: makeLinkProperties with empty dns2!
07-23 19:18:47.871   145   162 I ActivityManager: Start proc edu.buffalo.cse.phonelab.phonelabservices for service edu.buffalo.cse.phonelab.phonelabservices/edu.buffalo.cse.phonelab.datalogger.LoggerService: pid=3905 uid=10037 gids={3003, 1015, 1007, 2001}
07-23 19:18:47.903  3905  3905 I PhoneLab-LoggerService: Start Logger Service
07-23 19:18:47.906  3905  3918 I PhoneLab-: Service Running
07-23 19:18:47.953  3905  3918 I PhoneLab-LoggerService: app_37    1300  1     1440   1068  c00f181c 400107b4 S logcat
07-23 19:18:47.953  3905  3918 I PhoneLab-LoggerService: Logcat pid from database 1300
07-23 19:18:47.953  3905  3918 I PhoneLab-LoggerService: Logcat process found 1300
07-23 19:18:47.953  3905  3918 I PhoneLab-LoggerService: Checking Threshold
07-23 19:18:48.543   342   342 D SAN_SERVICE: *******************************************
07-23 19:18:48.543   342   342 D SAN_SERVICE: DM App Phone Service State - 0
07-23 19:18:48.543   342   342 D SAN_SERVICE: *******************************************
07-23 19:18:49.281   342   342 D SAN_SERVICE: *******************************************
07-23 19:18:49.281   342   342 D SAN_SERVICE: DM App Phone Service State - 0
07-23 19:18:49.281   342   342 D SAN_SERVICE: *******************************************
07-23 19:18:49.547   342   342 D SAN_SERVICE: *******************************************
07-23 19:18:49.547   342   342 D SAN_SERVICE: DM App Phone Service State - 0
07-23 19:18:49.547   342   342 D SAN_SERVICE: *******************************************
07-23 19:18:50.371   342   342 D SAN_SERVICE: *******************************************
07-23 19:18:50.371   342   342 D SAN_SERVICE: DM App Phone Service State - 0
07-23 19:18:50.371   342   342 D SAN_SERVICE: *******************************************
07-23 19:18:58.590   342   342 D SAN_SERVICE: *******************************************
07-23 19:18:58.590   342   342 D SAN_SERVICE: DM App Phone Service State - 0
07-23 19:18:58.590   342   342 D SAN_SERVICE: *******************************************
07-23 19:18:59.059   342   342 D SAN_SERVICE: *******************************************
07-23 19:18:59.059   342   342 D SAN_SERVICE: DM App Phone Service State - 0
07-23 19:18:59.059   342   342 D SAN_SERVICE: *******************************************
07-23 19:19:03.520  3905  3905 I PhoneLab-Locks: wake lock acquired
07-23 19:19:03.547  3905  3923 I PhoneLab-PeriodicCheckService: User info is synched
07-23 19:19:03.551  3905  3923 I PhoneLab-PeriodicCheckService: Logger Service is running
07-23 19:19:03.555  3905  3905 I PhoneLab-Locks: wake lock acquired
07-23 19:19:03.559  3905  3905 I PhoneLab-StatusMonitor: Status Monitoring is started
07-23 19:19:03.567  3905  3905 E PhoneLab-PhoneLabManifest: java.io.FileNotFoundException: /data/data/edu.buffalo.cse.phonelab.phonelabservices/files/manifest.xml: open failed: ENOENT (No such file or directory)
07-23 19:19:03.567  3905  3923 I PhoneLab-Locks: wake lock acquired
07-23 19:19:03.571  3905  3923 I PhoneLab-PeriodicCheckService: Rescheduling periodic checking...
07-23 19:19:03.574  3905  3923 I PhoneLab-Locks: wake lock released
07-23 19:19:03.598  3905  3905 I PhoneLab-Locks: wake lock released
07-23 19:19:03.602  3905  3905 I PhoneLab-UploadLogs: Transfering log files now
07-23 19:19:03.602  3905  3905 I PhoneLab-UploadLogs: No log files to transfer
07-23 19:19:03.602  3905  3905 I PhoneLab-Locks: wake lock released
07-23 19:19:03.606  3905  3905 I PhoneLab-UploadLogs: OnStartCommand
07-23 19:19:12.313   215   215 D PhoneStatusBar: disable: < expand icons alerts ticker system_info BACK HOME recent* CLOCK >
07-23 19:19:12.344   145   157 W InputManagerService: Window already focused, ignoring focus gain of: com.android.internal.view.IInputMethodClient$Stub$Proxy@41849958
07-23 19:19:12.356   215   215 D PhoneStatusBar: disable: < expand icons alerts ticker system_info back* home* recent clock* >
07-23 19:19:12.375   145   162 I ActivityManager: Start proc com.google.android.apps.gesturesearch for broadcast com.google.android.apps.gesturesearch/.motion.ScreenStateReceiver: pid=3924 uid=10088 gids={3003}
07-23 19:19:12.406  3924  3924 I dalvikvm: Turning on JNI app bug workarounds for target SDK version 8...
07-23 19:19:12.422    79    79 D dalvikvm: GC_EXPLICIT freed 38K, 4% free 9031K/9347K, paused 2ms+5ms
07-23 19:19:12.442  3924  3924 I ActivityThread: Pub com.google.android.apps.gesturesearch.history: com.google.android.apps.gesturesearch.data.QueryHistoryProvider
07-23 19:19:12.449  3924  3924 I ActivityThread: Pub com.google.android.apps.gesturesearch.index: com.google.android.apps.gesturesearch.data.IndexProvider
07-23 19:19:12.465    79    79 D dalvikvm: GC_EXPLICIT freed <1K, 4% free 9031K/9347K, paused 2ms+4ms
07-23 19:19:12.473   145   378 I ActivityManager: No longer want com.google.android.apps.uploader (pid 2247): hidden #16
07-23 19:19:12.496    79    79 D dalvikvm: GC_EXPLICIT freed <1K, 4% free 9031K/9347K, paused 2ms+2ms
07-23 19:19:13.153   424   426 D dalvikvm: GC_CONCURRENT freed 349K, 7% free 9865K/10503K, paused 2ms+3ms
07-23 19:19:13.981   145  1303 I ActivityManager: START {act=android.intent.action.VIEW dat=content://gmail-ls/account/lokeshmandvekar@gmail.com/label/^i/conversationId/1408327236200280779/maxServerMessageId/1408327236200280779/labels/lokeshmandvekar%40gmail.com^*^595230239^*^^i^*^Inbox^*^0^*^0^**^lokeshmandvekar%40gmail.com^*^595230240^*^^u^*^Unread^*^0^*^1^**^lokeshmandvekar%40gmail.com^*^-505^*^^^unseen-^i^*^^*^2147483647^*^1 typ=application/gmail-ls flg=0x10008000 cmp=com.google.android.gm/.ConversationListActivityGmail bnds=[96,119][480,215] (has extras)} from pid -1
07-23 19:19:14.039   145   338 W KeyguardViewMediator: verifyUnlock called when not externally disabled
07-23 19:19:14.180   380   380 D OpenGLRenderer: Flushing caches (mode 1)
07-23 19:19:14.199  3860  3862 D dalvikvm: GC_CONCURRENT freed 318K, 5% free 9709K/10119K, paused 3ms+16ms
07-23 19:19:14.270   215   215 D dalvikvm: GC_FOR_ALLOC freed 610K, 32% free 9739K/14215K, paused 48ms
07-23 19:19:14.406   380   380 D OpenGLRenderer: Flushing caches (mode 0)
07-23 19:19:14.543   145   161 I Process : Sending signal. PID: 3860 SIG: 3
07-23 19:19:14.543  3860  3865 I dalvikvm: threadid=3: reacting to signal 3
07-23 19:19:14.567  3860  3862 D dalvikvm: GC_CONCURRENT freed 169K, 3% free 10018K/10311K, paused 3ms+3ms
07-23 19:19:14.578  3860  3865 I dalvikvm: Wrote stack traces to '/data/anr/traces.txt'
07-23 19:19:14.696  3860  3860 D dalvikvm: GC_FOR_ALLOC freed 62K, 3% free 10071K/10311K, paused 20ms
07-23 19:19:14.696  3860  3860 I dalvikvm-heap: Grow heap (frag case) to 10.637MB for 768016-byte allocation
07-23 19:19:14.727  3860  3943 D dalvikvm: GC_FOR_ALLOC freed 8K, 3% free 10813K/11079K, paused 20ms
07-23 19:19:14.801  3860  3862 D dalvikvm: GC_CONCURRENT freed 4K, 2% free 10879K/11079K, paused 2ms+4ms
07-23 19:19:15.039   145   161 I Process : Sending signal. PID: 3860 SIG: 3
07-23 19:19:15.039  3860  3865 I dalvikvm: threadid=3: reacting to signal 3
07-23 19:19:15.071  3860  3865 I dalvikvm: Wrote stack traces to '/data/anr/traces.txt'
07-23 19:19:15.211  3860  3860 D libEGL  : loaded /system/lib/egl/libGLES_android.so
07-23 19:19:15.215  3860  3860 D libEGL  : loaded /vendor/lib/egl/libEGL_POWERVR_SGX540_120.so
07-23 19:19:15.231  3860  3860 D libEGL  : loaded /vendor/lib/egl/libGLESv1_CM_POWERVR_SGX540_120.so
07-23 19:19:15.235  3860  3860 D libEGL  : loaded /vendor/lib/egl/libGLESv2_POWERVR_SGX540_120.so
07-23 19:19:15.289  3860  3860 D OpenGLRenderer: Enabling debug mode 0
07-23 19:19:15.477  3860  3862 D dalvikvm: GC_CONCURRENT freed 304K, 4% free 11213K/11591K, paused 2ms+7ms
07-23 19:19:15.516   145   161 D dalvikvm: GC_EXPLICIT freed 1183K, 13% free 16061K/18311K, paused 2ms+24ms
07-23 19:19:15.543   145   161 I Process : Sending signal. PID: 3860 SIG: 3
07-23 19:19:15.543  3860  3865 I dalvikvm: threadid=3: reacting to signal 3
07-23 19:19:15.571  3860  3865 I dalvikvm: Wrote stack traces to '/data/anr/traces.txt'
07-23 19:19:15.922   145   175 I ActivityManager: Displayed com.google.android.gm/.ConversationListActivityGmail: +1s886ms
07-23 19:19:16.785  3860  3862 D dalvikvm: GC_CONCURRENT freed 566K, 6% free 11305K/11975K, paused 4ms+4ms
07-23 19:19:16.813  3860  3957 I Gmail   : Sending notification intent: Intent { act=android.intent.action.PROVIDER_CHANGED dat=content://gmail-ls/unread/^i (has extras) }
07-23 19:19:16.867  3860  3959 I Gmail   : MainSyncRequestProto: lowestBkwdConvoId: 0, highestHandledServerOp: 3341035, normalSync: true
07-23 19:19:17.262  3860  3860 D dalvikvm: GC_FOR_ALLOC freed 125K, 6% free 11319K/11975K, paused 23ms
07-23 19:19:17.262  3860  3860 I dalvikvm-heap: Grow heap (frag case) to 11.856MB for 768016-byte allocation
07-23 19:19:17.297  3860  3862 D dalvikvm: GC_CONCURRENT freed 21K, 6% free 12047K/12743K, paused 2ms+2ms
07-23 19:19:17.879  3860  3862 D dalvikvm: GC_CONCURRENT freed 1388K, 12% free 11651K/13127K, paused 3ms+5ms
07-23 19:19:18.778  3860  3959 D dalvikvm: GC_EXPLICIT freed 641K, 13% free 11507K/13127K, paused 2ms+4ms
07-23 19:19:18.785  3860  3959 I Gmail   : MainSyncRequestProto: lowestBkwdConvoId: 0, highestHandledServerOp: 3341051, normalSync: true
07-23 19:19:18.785  3860  3959 I Gmail   : lowestBackward conversation id 0
07-23 19:19:18.797  3860  3959 W Gmail   : Scheduling index for 300000 ms from now
07-23 19:19:28.887  3677  3679 D dalvikvm: GC_CONCURRENT freed 563K, 6% free 10431K/11079K, paused 1ms+3ms
07-23 19:19:29.031  1271  1273 D dalvikvm: GC_CONCURRENT freed 434K, 8% free 10255K/11079K, paused 2ms+2ms
07-23 19:19:39.563   342   342 D SAN_SERVICE: *******************************************
07-23 19:19:39.563   342   342 D SAN_SERVICE: DM App Phone Service State - 0
07-23 19:19:39.563   342   342 D SAN_SERVICE: *******************************************
07-23 19:19:40.110   342   342 D SAN_SERVICE: *******************************************
07-23 19:19:40.110   342   342 D SAN_SERVICE: DM App Phone Service State - 0
07-23 19:19:40.110   342   342 D SAN_SERVICE: *******************************************
07-23 19:19:46.867  3860  3963 I Gmail   : MainSyncRequestProto: lowestBkwdConvoId: 0, highestHandledServerOp: 3341051, normalSync: true
07-23 19:19:46.891  3860  3963 I Gmail   : lowestBackward conversation id 0
07-23 19:19:46.903  3860  3963 W Gmail   : Scheduling index for 300000 ms from now
07-23 19:19:49.746   342   342 D SAN_SERVICE: *******************************************
07-23 19:19:49.746   342   342 D SAN_SERVICE: DM App Phone Service State - 0
07-23 19:19:49.746   342   342 D SAN_SERVICE: *******************************************
07-23 19:20:15.391   342   342 D SAN_SERVICE: *******************************************
07-23 19:20:15.391   342   342 D SAN_SERVICE: DM App Phone Service State - 0
07-23 19:20:15.391   342   342 D SAN_SERVICE: *******************************************
07-23 19:20:15.707   342   342 D SAN_SERVICE: *******************************************
07-23 19:20:15.707   342   342 D SAN_SERVICE: DM App Phone Service State - 0
07-23 19:20:15.707   342   342 D SAN_SERVICE: *******************************************
07-23 19:20:29.008  3677  3679 D dalvikvm: GC_CONCURRENT freed 400K, 6% free 10426K/11079K, paused 1ms+4ms
07-23 19:20:29.067  1271  1273 D dalvikvm: GC_CONCURRENT freed 462K, 8% free 10238K/11079K, paused 1ms+2ms
07-23 19:20:46.125   342   342 D SAN_SERVICE: *******************************************
07-23 19:20:46.125   342   342 D SAN_SERVICE: DM App Phone Service State - 0
07-23 19:20:46.125   342   342 D SAN_SERVICE: *******************************************
07-23 19:20:46.317   342   342 D SAN_SERVICE: *******************************************
07-23 19:20:46.317   342   342 D SAN_SERVICE: DM App Phone Service State - 0
07-23 19:20:46.317   342   342 D SAN_SERVICE: *******************************************
07-23 19:20:47.906  3905  3918 I PhoneLab-: Service Running
07-23 19:20:48.078  3905  3918 I PhoneLab-LoggerService: app_37    1300  1     1440   1068  c00f181c 400107b4 S logcat
07-23 19:20:48.078  3905  3918 I PhoneLab-LoggerService: Logcat pid from database 1300
07-23 19:20:48.078  3905  3918 I PhoneLab-LoggerService: Logcat process found 1300
07-23 19:20:48.078  3905  3918 I PhoneLab-LoggerService: Checking Threshold
07-23 19:21:11.590   145   199 D DhcpInfoInternal: makeLinkProperties with empty dns2!
07-23 19:21:11.594   145   199 D DhcpInfoInternal: makeLinkProperties with empty dns2!
07-23 19:21:21.934   342   342 D SAN_SERVICE: *******************************************
07-23 19:21:21.934   342   342 D SAN_SERVICE: DM App Phone Service State - 0
07-23 19:21:21.934   342   342 D SAN_SERVICE: *******************************************
07-23 19:21:22.164   342   342 D SAN_SERVICE: *******************************************
07-23 19:21:22.164   342   342 D SAN_SERVICE: DM App Phone Service State - 0
07-23 19:21:22.164   342   342 D SAN_SERVICE: *******************************************
07-23 19:21:22.438   342   342 D SAN_SERVICE: *******************************************
07-23 19:21:22.438   342   342 D SAN_SERVICE: DM App Phone Service State - 0
07-23 19:21:22.438   342   342 D SAN_SERVICE: *******************************************
07-23 19:21:29.071  1271  1273 D dalvikvm: GC_CONCURRENT freed 435K, 8% free 10247K/11079K, paused 1ms+2ms
07-23 19:21:38.645  3860  3872 D dalvikvm: GC_EXPLICIT freed 397K, 12% free 11680K/13127K, paused 3ms+6ms
07-23 19:21:38.731  3860  3989 I Gmail   : MainSyncRequestProto: lowestBkwdConvoId: 0, highestHandledServerOp: 3341051, normalSync: true
07-23 19:21:39.617  3860  3989 D dalvikvm: GC_EXPLICIT freed 342K, 12% free 11613K/13127K, paused 3ms+5ms
07-23 19:21:39.656  3860  3989 I Gmail   : MainSyncRequestProto: lowestBkwdConvoId: 0, highestHandledServerOp: 3341065, normalSync: true
07-23 19:21:39.664  3860  3989 I Gmail   : lowestBackward conversation id 0
07-23 19:21:39.676  3860  3989 W Gmail   : Scheduling index for 300000 ms from now
07-23 19:21:40.047   145   421 D dalvikvm: GC_EXPLICIT freed 1510K, 17% free 15264K/18311K, paused 3ms+7ms
07-23 19:22:13.168   342   342 D SAN_SERVICE: *******************************************
07-23 19:22:13.168   342   342 D SAN_SERVICE: DM App Phone Service State - 0
07-23 19:22:13.168   342   342 D SAN_SERVICE: *******************************************
07-23 19:22:13.899   342   342 D SAN_SERVICE: *******************************************
07-23 19:22:13.899   342   342 D SAN_SERVICE: DM App Phone Service State - 0
07-23 19:22:13.899   342   342 D SAN_SERVICE: *******************************************
07-23 19:22:23.348   342   342 D SAN_SERVICE: *******************************************
07-23 19:22:23.348   342   342 D SAN_SERVICE: DM App Phone Service State - 0
07-23 19:22:23.348   342   342 D SAN_SERVICE: *******************************************
07-23 19:22:29.078  3677  3679 D dalvikvm: GC_CONCURRENT freed 503K, 6% free 10434K/11079K, paused 2ms+3ms
07-23 19:22:29.203  1271  1273 D dalvikvm: GC_CONCURRENT freed 422K, 8% free 10253K/11079K, paused 2ms+2ms
07-23 19:22:43.875   342   342 D SAN_SERVICE: *******************************************
07-23 19:22:43.875   342   342 D SAN_SERVICE: DM App Phone Service State - 0
07-23 19:22:43.875   342   342 D SAN_SERVICE: *******************************************
07-23 19:22:44.110   342   342 D SAN_SERVICE: *******************************************
07-23 19:22:44.110   342   342 D SAN_SERVICE: DM App Phone Service State - 0
07-23 19:22:44.110   342   342 D SAN_SERVICE: *******************************************
07-23 19:22:44.145   342   345 D dalvikvm: GC_CONCURRENT freed 383K, 7% free 9463K/10119K, paused 6ms+2ms
07-23 19:22:44.379   342   342 D SAN_SERVICE: *******************************************
07-23 19:22:44.383   342   342 D SAN_SERVICE: DM App Phone Service State - 0
07-23 19:22:44.383   342   342 D SAN_SERVICE: *******************************************
07-23 19:22:47.906  3905  3918 I PhoneLab-: Service Running
07-23 19:22:48.008  3905  3918 I PhoneLab-LoggerService: app_37    1300  1     1440   1068  c00f181c 400107b4 S logcat
07-23 19:22:48.008  3905  3918 I PhoneLab-LoggerService: Logcat pid from database 1300
07-23 19:22:48.008  3905  3918 I PhoneLab-LoggerService: Logcat process found 1300
07-23 19:22:48.008  3905  3918 I PhoneLab-LoggerService: Checking Threshold
07-23 19:23:24.781   342   342 D SAN_SERVICE: *******************************************
07-23 19:23:24.781   342   342 D SAN_SERVICE: DM App Phone Service State - 0
07-23 19:23:24.781   342   342 D SAN_SERVICE: *******************************************
07-23 19:23:29.211  1271  3993 D dalvikvm: GC_EXPLICIT freed 54K, 8% free 10206K/11079K, paused 7ms+2ms
07-23 19:23:29.297  1271  1273 D dalvikvm: GC_CONCURRENT freed 389K, 8% free 10255K/11079K, paused 2ms+2ms
07-23 19:23:35.098   342   342 D SAN_SERVICE: *******************************************
07-23 19:23:35.102   342   342 D SAN_SERVICE: DM App Phone Service State - 0
07-23 19:23:35.102   342   342 D SAN_SERVICE: *******************************************
07-23 19:23:36.465   145   199 D DhcpInfoInternal: makeLinkProperties with empty dns2!
07-23 19:23:36.473   145   199 D DhcpInfoInternal: makeLinkProperties with empty dns2!
07-23 19:23:45.340   342   342 D SAN_SERVICE: *******************************************
07-23 19:23:45.340   342   342 D SAN_SERVICE: DM App Phone Service State - 0
07-23 19:23:45.340   342   342 D SAN_SERVICE: *******************************************
07-23 19:23:45.613   342   342 D SAN_SERVICE: *******************************************
07-23 19:23:45.613   342   342 D SAN_SERVICE: DM App Phone Service State - 0
07-23 19:23:45.613   342   342 D SAN_SERVICE: *******************************************
07-23 19:23:46.321   342   342 D SAN_SERVICE: *******************************************
07-23 19:23:46.321   342   342 D SAN_SERVICE: DM App Phone Service State - 0
07-23 19:23:46.324   342   342 D SAN_SERVICE: *******************************************
07-23 19:23:55.492   342   342 D SAN_SERVICE: *******************************************
07-23 19:23:55.492   342   342 D SAN_SERVICE: DM App Phone Service State - 0
07-23 19:23:55.492   342   342 D SAN_SERVICE: *******************************************
07-23 19:23:55.778   342   342 D SAN_SERVICE: *******************************************
07-23 19:23:55.781   342   342 D SAN_SERVICE: DM App Phone Service State - 0
07-23 19:23:55.781   342   342 D SAN_SERVICE: *******************************************
07-23 19:23:56.528   342   342 D SAN_SERVICE: *******************************************
07-23 19:23:56.528   342   342 D SAN_SERVICE: DM App Phone Service State - 0
07-23 19:23:56.528   342   342 D SAN_SERVICE: *******************************************
07-23 19:24:05.731   342   342 D SAN_SERVICE: *******************************************
07-23 19:24:05.731   342   342 D SAN_SERVICE: DM App Phone Service State - 0
07-23 19:24:05.731   342   342 D SAN_SERVICE: *******************************************
07-23 19:24:06.016   342   342 D SAN_SERVICE: *******************************************
07-23 19:24:06.016   342   342 D SAN_SERVICE: DM App Phone Service State - 0
07-23 19:24:06.016   342   342 D SAN_SERVICE: *******************************************
07-23 19:24:06.758   342   342 D SAN_SERVICE: *******************************************
07-23 19:24:06.758   342   342 D SAN_SERVICE: DM App Phone Service State - 0
07-23 19:24:06.758   342   342 D SAN_SERVICE: *******************************************
07-23 19:24:21.125   342   342 D SAN_SERVICE: *******************************************
07-23 19:24:21.125   342   342 D SAN_SERVICE: DM App Phone Service State - 0
07-23 19:24:21.125   342   342 D SAN_SERVICE: *******************************************
07-23 19:24:21.395   342   342 D SAN_SERVICE: *******************************************
07-23 19:24:21.395   342   342 D SAN_SERVICE: DM App Phone Service State - 0
07-23 19:24:21.395   342   342 D SAN_SERVICE: *******************************************
07-23 19:24:21.860   342   342 D SAN_SERVICE: *******************************************
07-23 19:24:21.860   342   342 D SAN_SERVICE: DM App Phone Service State - 0
07-23 19:24:21.860   342   342 D SAN_SERVICE: *******************************************
07-23 19:24:29.266  3677  3679 D dalvikvm: GC_CONCURRENT freed 511K, 6% free 10434K/11079K, paused 2ms+2ms
07-23 19:24:29.395  1271  1273 D dalvikvm: GC_CONCURRENT freed 466K, 8% free 10239K/11079K, paused 1ms+2ms
07-23 19:24:30.512   215   217 D dalvikvm: GC_CONCURRENT freed 458K, 33% free 9665K/14215K, paused 15ms+3ms
07-23 19:24:38.442   293   295 D dalvikvm: GC_CONCURRENT freed 452K, 6% free 10363K/10951K, paused 22ms+4ms
07-23 19:24:38.610  3860  4017 I Gmail   : MainSyncRequestProto: lowestBkwdConvoId: 0, highestHandledServerOp: 3341065, normalSync: true
07-23 19:24:39.328  3860  3862 D dalvikvm: GC_CONCURRENT freed 646K, 11% free 11705K/13127K, paused 3ms+6ms
07-23 19:24:39.508  3860  4017 D dalvikvm: GC_EXPLICIT freed 279K, 12% free 11603K/13127K, paused 3ms+5ms
07-23 19:24:39.524  3860  4017 I Gmail   : MainSyncRequestProto: lowestBkwdConvoId: 0, highestHandledServerOp: 3341083, normalSync: true
07-23 19:24:42.110  3860  4017 D dalvikvm: GC_EXPLICIT freed 372K, 11% free 11731K/13127K, paused 4ms+6ms
07-23 19:24:42.117  3860  4017 I Gmail   : MainSyncRequestProto: lowestBkwdConvoId: 0, highestHandledServerOp: 3341083, normalSync: true
07-23 19:24:42.117  3860  4017 I Gmail   : lowestBackward conversation id 0
07-23 19:24:42.129  3860  4017 W Gmail   : Scheduling index for 300000 ms from now
07-23 19:24:42.270  3860  4017 I Gmail   : Sending notification intent: Intent { act=android.intent.action.PROVIDER_CHANGED dat=content://gmail-ls/unread/^i (has extras) }
07-23 19:24:42.305  3860  4020 W Gmail   : Showing notification with unreadCount of 1 and unseenCount of 1
07-23 19:24:42.551   215   217 D dalvikvm: GC_CONCURRENT freed 61K, 30% free 9993K/14215K, paused 3ms+3ms
07-23 19:24:42.746   215   217 D dalvikvm: GC_CONCURRENT freed 568K, 31% free 9839K/14215K, paused 3ms+4ms
07-23 19:24:42.840  3860  3860 D dalvikvm: GC_FOR_ALLOC freed 500K, 11% free 11708K/13127K, paused 36ms
07-23 19:24:42.844  3860  3860 I dalvikvm-heap: Grow heap (frag case) to 12.240MB for 768016-byte allocation
07-23 19:24:42.875  3860  3860 D dalvikvm: GC_FOR_ALLOC freed 201K, 12% free 12256K/13895K, paused 34ms
07-23 19:24:43.078  3860  3860 D dalvikvm: GC_FOR_ALLOC freed 76K, 12% free 12362K/13895K, paused 25ms
07-23 19:24:43.082  3860  3860 I dalvikvm-heap: Grow heap (frag case) to 12.272MB for 131088-byte allocation
07-23 19:24:43.106  3860  3860 D dalvikvm: GC_FOR_ALLOC freed 29K, 12% free 12461K/14087K, paused 24ms
07-23 19:24:46.778   342   342 D SAN_SERVICE: *******************************************
07-23 19:24:46.778   342   342 D SAN_SERVICE: DM App Phone Service State - 0
07-23 19:24:46.778   342   342 D SAN_SERVICE: *******************************************
07-23 19:24:47.563   342   342 D SAN_SERVICE: *******************************************
07-23 19:24:47.563   342   342 D SAN_SERVICE: DM App Phone Service State - 0
07-23 19:24:47.563   342   342 D SAN_SERVICE: *******************************************
07-23 19:24:47.906  3905  3918 I PhoneLab-: Service Running
07-23 19:24:48.000  3905  3918 I PhoneLab-LoggerService: app_37    1300  1     1440   1068  c00f181c 400107b4 S logcat
07-23 19:24:48.000  3905  3918 I PhoneLab-LoggerService: Logcat pid from database 1300
07-23 19:24:48.000  3905  3918 I PhoneLab-LoggerService: Logcat process found 1300
07-23 19:24:48.000  3905  3918 I PhoneLab-LoggerService: Checking Threshold
07-23 19:24:48.020  3905  3907 D dalvikvm: GC_CONCURRENT freed 385K, 6% free 9101K/9607K, paused 2ms+2ms
07-23 19:24:55.043   215   217 D dalvikvm: GC_CONCURRENT freed 374K, 31% free 9920K/14215K, paused 4ms+4ms
07-23 19:24:55.477   145   423 W InputManagerService: Window already focused, ignoring focus gain of: com.android.internal.view.IInputMethodClient$Stub$Proxy@418b98e8
07-23 19:24:55.555   215   215 D dalvikvm: GC_FOR_ALLOC freed 543K, 32% free 9729K/14215K, paused 19ms
07-23 19:24:55.613   215   217 D dalvikvm: GC_CONCURRENT freed 310K, 31% free 9861K/14215K, paused 2ms+3ms
07-23 19:24:55.711   215   217 D dalvikvm: GC_CONCURRENT freed 501K, 32% free 9778K/14215K, paused 2ms+3ms
07-23 19:25:02.110   342   342 D SAN_SERVICE: *******************************************
07-23 19:25:02.110   342   342 D SAN_SERVICE: DM App Phone Service State - 0
07-23 19:25:02.110   342   342 D SAN_SERVICE: *******************************************
07-23 19:25:02.375   342   342 D SAN_SERVICE: *******************************************
07-23 19:25:02.375   342   342 D SAN_SERVICE: DM App Phone Service State - 0
07-23 19:25:02.375   342   342 D SAN_SERVICE: *******************************************
07-23 19:25:02.883   342   342 D SAN_SERVICE: *******************************************
07-23 19:25:02.883   342   342 D SAN_SERVICE: DM App Phone Service State - 0
07-23 19:25:02.883   342   342 D SAN_SERVICE: *******************************************
07-23 19:25:08.875   342   342 D SAN_SERVICE: *******************************************
07-23 19:25:08.875   342   342 D SAN_SERVICE: DM App Phone Service State - 0
07-23 19:25:08.875   342   342 D SAN_SERVICE: *******************************************
07-23 19:25:17.446   342   342 D SAN_SERVICE: *******************************************
07-23 19:25:17.446   342   342 D SAN_SERVICE: DM App Phone Service State - 0
07-23 19:25:17.449   342   342 D SAN_SERVICE: *******************************************
07-23 19:25:17.664   342   342 D SAN_SERVICE: *******************************************
07-23 19:25:17.664   342   342 D SAN_SERVICE: DM App Phone Service State - 0
07-23 19:25:17.664   342   342 D SAN_SERVICE: *******************************************
07-23 19:25:18.449   342   342 D SAN_SERVICE: *******************************************
07-23 19:25:18.449   342   342 D SAN_SERVICE: DM App Phone Service State - 0
07-23 19:25:18.453   342   342 D SAN_SERVICE: *******************************************
07-23 19:25:27.711   342   342 D SAN_SERVICE: *******************************************
07-23 19:25:27.711   342   342 D SAN_SERVICE: DM App Phone Service State - 0
07-23 19:25:27.711   342   342 D SAN_SERVICE: *******************************************
07-23 19:25:27.731   342   345 D dalvikvm: GC_CONCURRENT freed 395K, 7% free 9463K/10119K, paused 2ms+2ms
07-23 19:25:27.996   342   342 D SAN_SERVICE: *******************************************
07-23 19:25:27.996   342   342 D SAN_SERVICE: DM App Phone Service State - 0
07-23 19:25:27.996   342   342 D SAN_SERVICE: *******************************************
07-23 19:25:28.086   145   326 D dalvikvm: GC_EXPLICIT freed 847K, 17% free 15316K/18311K, paused 6ms+8ms
07-23 19:25:28.696   342   342 D SAN_SERVICE: *******************************************
07-23 19:25:28.696   342   342 D SAN_SERVICE: DM App Phone Service State - 0
07-23 19:25:28.696   342   342 D SAN_SERVICE: *******************************************
07-23 19:25:29.555  3677  3679 D dalvikvm: GC_CONCURRENT freed 425K, 6% free 10519K/11079K, paused 2ms+3ms
07-23 19:25:29.641  1271  1273 D dalvikvm: GC_CONCURRENT freed 436K, 8% free 10248K/11079K, paused 2ms+5ms
07-23 19:25:30.344  3677  3679 D dalvikvm: GC_CONCURRENT freed 393K, 6% free 10585K/11143K, paused 16ms+3ms
07-23 19:25:33.028   342   342 D SAN_SERVICE: *******************************************
07-23 19:25:33.028   342   342 D SAN_SERVICE: DM App Phone Service State - 0
07-23 19:25:33.028   342   342 D SAN_SERVICE: *******************************************
07-23 19:25:33.317   342   342 D SAN_SERVICE: *******************************************
07-23 19:25:33.317   342   342 D SAN_SERVICE: DM App Phone Service State - 0
07-23 19:25:33.317   342   342 D SAN_SERVICE: *******************************************
07-23 19:25:43.090   342   342 D SAN_SERVICE: *******************************************
07-23 19:25:43.090   342   342 D SAN_SERVICE: DM App Phone Service State - 0
07-23 19:25:43.090   342   342 D SAN_SERVICE: *******************************************
07-23 19:25:43.321   342   342 D SAN_SERVICE: *******************************************
07-23 19:25:43.321   342   342 D SAN_SERVICE: DM App Phone Service State - 0
07-23 19:25:43.321   342   342 D SAN_SERVICE: *******************************************
07-23 19:25:43.821   342   342 D SAN_SERVICE: *******************************************
07-23 19:25:43.821   342   342 D SAN_SERVICE: DM App Phone Service State - 0
07-23 19:25:43.821   342   342 D SAN_SERVICE: *******************************************
07-23 19:26:01.321   145   199 D DhcpInfoInternal: makeLinkProperties with empty dns2!
07-23 19:26:01.332   145   199 D DhcpInfoInternal: makeLinkProperties with empty dns2!
07-23 19:26:29.586  1271  1273 D dalvikvm: GC_CONCURRENT freed 430K, 8% free 10257K/11079K, paused 2ms+2ms
07-23 19:26:47.906  3905  3918 I PhoneLab-: Service Running
07-23 19:26:47.988  3905  3918 I PhoneLab-LoggerService: app_37    1300  1     1440   1068  c00f181c 400107b4 S logcat
07-23 19:26:47.988  3905  3918 I PhoneLab-LoggerService: Logcat pid from database 1300
07-23 19:26:47.988  3905  3918 I PhoneLab-LoggerService: Logcat process found 1300
07-23 19:26:47.988  3905  3918 I PhoneLab-LoggerService: Checking Threshold
07-23 19:26:54.750   342   342 D SAN_SERVICE: *******************************************
07-23 19:26:54.750   342   342 D SAN_SERVICE: DM App Phone Service State - 0
07-23 19:26:54.750   342   342 D SAN_SERVICE: *******************************************
07-23 19:26:55.528   342   342 D SAN_SERVICE: *******************************************
07-23 19:26:55.528   342   342 D SAN_SERVICE: DM App Phone Service State - 0
07-23 19:26:55.528   342   342 D SAN_SERVICE: *******************************************
07-23 19:27:04.957   342   342 D SAN_SERVICE: *******************************************
07-23 19:27:04.957   342   342 D SAN_SERVICE: DM App Phone Service State - 0
07-23 19:27:04.957   342   342 D SAN_SERVICE: *******************************************
07-23 19:27:25.528   342   342 D SAN_SERVICE: *******************************************
07-23 19:27:25.528   342   342 D SAN_SERVICE: DM App Phone Service State - 0
07-23 19:27:25.528   342   342 D SAN_SERVICE: *******************************************
07-23 19:27:25.801   342   342 D SAN_SERVICE: *******************************************
07-23 19:27:25.801   342   342 D SAN_SERVICE: DM App Phone Service State - 0
07-23 19:27:25.801   342   342 D SAN_SERVICE: *******************************************
07-23 19:27:29.559  3677  3679 D dalvikvm: GC_CONCURRENT freed 542K, 6% free 10583K/11207K, paused 1ms+2ms
07-23 19:27:29.684  1271  1273 D dalvikvm: GC_CONCURRENT freed 439K, 8% free 10259K/11079K, paused 1ms+3ms
07-23 19:28:11.758   342   342 D SAN_SERVICE: *******************************************
07-23 19:28:11.758   342   342 D SAN_SERVICE: DM App Phone Service State - 0
07-23 19:28:11.758   342   342 D SAN_SERVICE: *******************************************
07-23 19:28:12.113   342   342 D SAN_SERVICE: *******************************************
07-23 19:28:12.113   342   342 D SAN_SERVICE: DM App Phone Service State - 0
07-23 19:28:12.113   342   342 D SAN_SERVICE: *******************************************
07-23 19:28:17.199   342   342 D SAN_SERVICE: *******************************************
07-23 19:28:17.199   342   342 D SAN_SERVICE: DM App Phone Service State - 0
07-23 19:28:17.199   342   342 D SAN_SERVICE: *******************************************
07-23 19:28:17.516   342   342 D SAN_SERVICE: *******************************************
07-23 19:28:17.516   342   342 D SAN_SERVICE: DM App Phone Service State - 0
07-23 19:28:17.516   342   342 D SAN_SERVICE: *******************************************
07-23 19:28:26.227   145   199 D DhcpInfoInternal: makeLinkProperties with empty dns2!
07-23 19:28:26.231   145   199 D DhcpInfoInternal: makeLinkProperties with empty dns2!
07-23 19:28:29.649  1271  1273 D dalvikvm: GC_CONCURRENT freed 445K, 8% free 10256K/11079K, paused 2ms+2ms
07-23 19:28:47.434   342   342 D SAN_SERVICE: *******************************************
07-23 19:28:47.434   342   342 D SAN_SERVICE: DM App Phone Service State - 0
07-23 19:28:47.434   342   342 D SAN_SERVICE: *******************************************
07-23 19:28:47.625   342   342 D SAN_SERVICE: *******************************************
07-23 19:28:47.625   342   342 D SAN_SERVICE: DM App Phone Service State - 0
07-23 19:28:47.625   342   342 D SAN_SERVICE: *******************************************
07-23 19:28:47.910  3905  3918 I PhoneLab-: Service Running
07-23 19:28:48.008  3905  3918 I PhoneLab-LoggerService: app_37    1300  1     1440   1068  c00f181c 400107b4 S logcat
07-23 19:28:48.008  3905  3918 I PhoneLab-LoggerService: Logcat pid from database 1300
07-23 19:28:48.008  3905  3918 I PhoneLab-LoggerService: Logcat process found 1300
07-23 19:28:48.008  3905  3918 I PhoneLab-LoggerService: Checking Threshold
07-23 19:28:48.117   342   342 D SAN_SERVICE: *******************************************
07-23 19:28:48.117   342   342 D SAN_SERVICE: DM App Phone Service State - 0
07-23 19:28:48.117   342   342 D SAN_SERVICE: *******************************************
07-23 19:28:57.590   342   342 D SAN_SERVICE: *******************************************
07-23 19:28:57.590   342   342 D SAN_SERVICE: DM App Phone Service State - 0
07-23 19:28:57.590   342   342 D SAN_SERVICE: *******************************************
07-23 19:29:07.848   342   342 D SAN_SERVICE: *******************************************
07-23 19:29:07.848   342   342 D SAN_SERVICE: DM App Phone Service State - 0
07-23 19:29:07.848   342   342 D SAN_SERVICE: *******************************************
07-23 19:29:29.668  3677  3679 D dalvikvm: GC_CONCURRENT freed 519K, 6% free 10584K/11207K, paused 2ms+3ms
07-23 19:29:29.793  1271  1273 D dalvikvm: GC_CONCURRENT freed 461K, 8% free 10247K/11079K, paused 1ms+2ms
07-23 19:29:43.692   342   342 D SAN_SERVICE: *******************************************
07-23 19:29:43.692   342   342 D SAN_SERVICE: DM App Phone Service State - 0
07-23 19:29:43.692   342   342 D SAN_SERVICE: *******************************************
07-23 19:29:53.965   342   342 D SAN_SERVICE: *******************************************
07-23 19:29:53.965   342   342 D SAN_SERVICE: DM App Phone Service State - 0
07-23 19:29:53.965   342   342 D SAN_SERVICE: *******************************************
07-23 19:29:53.981   342   345 D dalvikvm: GC_CONCURRENT freed 394K, 7% free 9463K/10119K, paused 2ms+3ms
07-23 19:30:29.836  1271  1273 D dalvikvm: GC_CONCURRENT freed 431K, 8% free 10258K/11079K, paused 2ms+2ms
07-23 19:30:47.906  3905  3918 I PhoneLab-: Service Running
07-23 19:30:47.996  3905  3918 I PhoneLab-LoggerService: app_37    1300  1     1440   1068  c00f181c 400107b4 S logcat
07-23 19:30:47.996  3905  3918 I PhoneLab-LoggerService: Logcat pid from database 1300
07-23 19:30:47.996  3905  3918 I PhoneLab-LoggerService: Logcat process found 1300
07-23 19:30:47.996  3905  3918 I PhoneLab-LoggerService: Checking Threshold
07-23 19:30:51.086   145   199 D DhcpInfoInternal: makeLinkProperties with empty dns2!
07-23 19:30:51.094   145   199 D DhcpInfoInternal: makeLinkProperties with empty dns2!
07-23 19:31:11.106   424   426 D dalvikvm: GC_CONCURRENT freed 444K, 7% free 9809K/10503K, paused 2ms+4ms
07-23 19:31:11.399   293   295 D dalvikvm: GC_CONCURRENT freed 393K, 6% free 10356K/10951K, paused 2ms+4ms
07-23 19:31:29.848  3677  3679 D dalvikvm: GC_CONCURRENT freed 515K, 6% free 10589K/11207K, paused 2ms+2ms
07-23 19:31:29.973  1271  1273 D dalvikvm: GC_CONCURRENT freed 433K, 8% free 10255K/11079K, paused 2ms+2ms
07-23 19:32:17.520   342   342 D SAN_SERVICE: *******************************************
07-23 19:32:17.520   342   342 D SAN_SERVICE: DM App Phone Service State - 0
07-23 19:32:17.524   342   342 D SAN_SERVICE: *******************************************
07-23 19:32:18.071   342   342 D SAN_SERVICE: *******************************************
07-23 19:32:18.071   342   342 D SAN_SERVICE: DM App Phone Service State - 0
07-23 19:32:18.071   342   342 D SAN_SERVICE: *******************************************
07-23 19:32:27.516   342   342 D SAN_SERVICE: *******************************************
07-23 19:32:27.516   342   342 D SAN_SERVICE: DM App Phone Service State - 0
07-23 19:32:27.516   342   342 D SAN_SERVICE: *******************************************
07-23 19:32:30.004  1271  1273 D dalvikvm: GC_CONCURRENT freed 435K, 8% free 10256K/11079K, paused 2ms+2ms
07-23 19:32:47.906  3905  3918 I PhoneLab-: Service Running
07-23 19:32:47.981  3905  3918 I PhoneLab-LoggerService: app_37    1300  1     1440   1068  c00f181c 400107b4 S logcat
07-23 19:32:47.981  3905  3918 I PhoneLab-LoggerService: Logcat pid from database 1300
07-23 19:32:47.985  3905  3918 I PhoneLab-LoggerService: Logcat process found 1300
07-23 19:32:47.985  3905  3918 I PhoneLab-LoggerService: Checking Threshold
07-23 19:33:15.961   145   199 D DhcpInfoInternal: makeLinkProperties with empty dns2!
07-23 19:33:15.973   145   199 D DhcpInfoInternal: makeLinkProperties with empty dns2!
07-23 19:33:23.574   293   586 I EventLogService: Aggregate from 1343084603445 (log), 1343084603445 (data)
07-23 19:33:29.906  3677  3679 D dalvikvm: GC_CONCURRENT freed 520K, 6% free 10591K/11207K, paused 2ms+3ms
07-23 19:33:30.031   145   157 D dalvikvm: GC_EXPLICIT freed 1282K, 17% free 15337K/18311K, paused 3ms+8ms
07-23 19:33:30.133  1271  1273 D dalvikvm: GC_CONCURRENT freed 459K, 8% free 10247K/11079K, paused 1ms+3ms
07-23 19:34:15.047   342   342 D SAN_SERVICE: *******************************************
07-23 19:34:15.047   342   342 D SAN_SERVICE: DM App Phone Service State - 0
07-23 19:34:15.047   342   342 D SAN_SERVICE: *******************************************
07-23 19:34:15.332   342   342 D SAN_SERVICE: *******************************************
07-23 19:34:15.332   342   342 D SAN_SERVICE: DM App Phone Service State - 0
07-23 19:34:15.332   342   342 D SAN_SERVICE: *******************************************
07-23 19:34:16.074   342   342 D SAN_SERVICE: *******************************************
07-23 19:34:16.074   342   342 D SAN_SERVICE: DM App Phone Service State - 0
07-23 19:34:16.074   342   342 D SAN_SERVICE: *******************************************
07-23 19:34:25.301   342   342 D SAN_SERVICE: *******************************************
07-23 19:34:25.301   342   342 D SAN_SERVICE: DM App Phone Service State - 0
07-23 19:34:25.301   342   342 D SAN_SERVICE: *******************************************
07-23 19:34:25.563   342   342 D SAN_SERVICE: *******************************************
07-23 19:34:25.563   342   342 D SAN_SERVICE: DM App Phone Service State - 0
07-23 19:34:25.563   342   342 D SAN_SERVICE: *******************************************
07-23 19:34:26.305   342   342 D SAN_SERVICE: *******************************************
07-23 19:34:26.305   342   342 D SAN_SERVICE: DM App Phone Service State - 0
07-23 19:34:26.305   342   342 D SAN_SERVICE: *******************************************
07-23 19:34:30.067  1271  1273 D dalvikvm: GC_CONCURRENT freed 429K, 8% free 10257K/11079K, paused 2ms+2ms
07-23 19:34:47.906  3905  3918 I PhoneLab-: Service Running
07-23 19:34:47.988  3905  3918 I PhoneLab-LoggerService: app_37    1300  1     1440   1068  c00f181c 400107b4 S logcat
07-23 19:34:47.988  3905  3918 I PhoneLab-LoggerService: Logcat pid from database 1300
07-23 19:34:47.988  3905  3918 I PhoneLab-LoggerService: Logcat process found 1300
07-23 19:34:47.988  3905  3918 I PhoneLab-LoggerService: Checking Threshold
07-23 19:35:16.512   342   342 D SAN_SERVICE: *******************************************
07-23 19:35:16.512   342   342 D SAN_SERVICE: DM App Phone Service State - 0
07-23 19:35:16.512   342   342 D SAN_SERVICE: *******************************************
07-23 19:35:16.781   342   342 D SAN_SERVICE: *******************************************
07-23 19:35:16.781   342   342 D SAN_SERVICE: DM App Phone Service State - 0
07-23 19:35:16.781   342   342 D SAN_SERVICE: *******************************************
07-23 19:35:17.281   342   342 D SAN_SERVICE: *******************************************
07-23 19:35:17.281   342   342 D SAN_SERVICE: DM App Phone Service State - 0
07-23 19:35:17.281   342   342 D SAN_SERVICE: *******************************************
07-23 19:35:30.086  3677  3679 D dalvikvm: GC_CONCURRENT freed 506K, 6% free 10607K/11207K, paused 2ms+3ms
07-23 19:35:30.215  1271  1273 D dalvikvm: GC_CONCURRENT freed 441K, 8% free 10257K/11079K, paused 2ms+3ms
07-23 19:35:40.844   145   199 D DhcpInfoInternal: makeLinkProperties with empty dns2!
07-23 19:35:40.852   145   199 D DhcpInfoInternal: makeLinkProperties with empty dns2!
07-23 19:36:30.281  1271  1273 D dalvikvm: GC_CONCURRENT freed 437K, 8% free 10258K/11079K, paused 2ms+2ms
07-23 19:36:47.906  3905  3918 I PhoneLab-: Service Running
07-23 19:36:47.988  3905  3918 I PhoneLab-LoggerService: app_37    1300  1     1440   1068  c00f181c 400107b4 S logcat
07-23 19:36:47.988  3905  3918 I PhoneLab-LoggerService: Logcat pid from database 1300
07-23 19:36:47.988  3905  3918 I PhoneLab-LoggerService: Logcat process found 1300
07-23 19:36:47.988  3905  3918 I PhoneLab-LoggerService: Checking Threshold
07-23 19:37:15.059   145   180 I ActivityManager: START {act=android.intent.action.MAIN cat=[android.intent.category.HOME] flg=0x10200000 cmp=com.android.launcher/com.android.launcher2.Launcher} from pid 145
07-23 19:37:15.153   145   326 W InputManagerService: Starting input on non-focused client com.android.internal.view.IInputMethodClient$Stub$Proxy@4191d098 (uid=10075 pid=3860)
07-23 19:37:15.192   321   323 D dalvikvm: GC_CONCURRENT freed 378K, 20% free 10034K/12487K, paused 3ms+5ms
07-23 19:37:15.223  3860  3860 D OpenGLRenderer: Flushing caches (mode 0)
07-23 19:37:15.235   145   379 W InputManagerService: Window already focused, ignoring focus gain of: com.android.internal.view.IInputMethodClient$Stub$Proxy@418f4a88
07-23 19:37:15.266  3860  3860 D OpenGLRenderer: Flushing caches (mode 1)
07-23 19:37:15.410   145   180 I ActivityManager: START {act=android.intent.action.MAIN cat=[android.intent.category.HOME] flg=0x10200000 cmp=com.android.launcher/com.android.launcher2.Launcher} from pid 145
07-23 19:37:15.512   380   382 D dalvikvm: GC_CONCURRENT freed 858K, 11% free 11878K/13319K, paused 11ms+5ms
07-23 19:37:30.219  3677  3679 D dalvikvm: GC_CONCURRENT freed 535K, 6% free 10586K/11207K, paused 2ms+3ms
07-23 19:37:30.363  1271  1273 D dalvikvm: GC_CONCURRENT freed 439K, 8% free 10257K/11079K, paused 1ms+2ms
07-23 19:38:05.504   145   199 D DhcpInfoInternal: makeLinkProperties with empty dns2!
07-23 19:38:05.504   145   199 D DhcpInfoInternal: makeLinkProperties with empty dns2!
07-23 19:38:30.395  1271  1273 D dalvikvm: GC_CONCURRENT freed 440K, 8% free 10258K/11079K, paused 2ms+2ms
07-23 19:38:47.906  3905  3918 I PhoneLab-: Service Running
07-23 19:38:47.985  3905  3918 I PhoneLab-LoggerService: app_37    1300  1     1440   1068  c00f181c 400107b4 S logcat
07-23 19:38:47.985  3905  3918 I PhoneLab-LoggerService: Logcat pid from database 1300
07-23 19:38:47.985  3905  3918 I PhoneLab-LoggerService: Logcat process found 1300
07-23 19:38:47.985  3905  3918 I PhoneLab-LoggerService: Checking Threshold
07-23 19:39:29.043  3677  3679 D dalvikvm: GC_CONCURRENT freed 408K, 6% free 10576K/11207K, paused 2ms+2ms
07-23 19:39:30.438  1271  1273 D dalvikvm: GC_CONCURRENT freed 460K, 8% free 10249K/11079K, paused 2ms+3ms
07-23 19:39:47.848   342   342 D SAN_SERVICE: *******************************************
07-23 19:39:47.848   342   342 D SAN_SERVICE: DM App Phone Service State - 0
07-23 19:39:47.848   342   342 D SAN_SERVICE: *******************************************
07-23 19:39:48.063   342   342 D SAN_SERVICE: *******************************************
07-23 19:39:48.063   342   342 D SAN_SERVICE: DM App Phone Service State - 0
07-23 19:39:48.063   342   342 D SAN_SERVICE: *******************************************
07-23 19:39:48.887   342   342 D SAN_SERVICE: *******************************************
07-23 19:39:48.887   342   342 D SAN_SERVICE: DM App Phone Service State - 0
07-23 19:39:48.887   342   342 D SAN_SERVICE: *******************************************
07-23 19:39:55.008   145   147 D dalvikvm: JIT code cache reset in 4 ms (1048500 bytes 3/0)
07-23 19:39:55.059   145   147 D dalvikvm: GC_CONCURRENT freed 1504K, 17% free 15334K/18311K, paused 3ms+12ms
07-23 19:39:55.223  3860  4177 W Gmail   : Successful index run, cancel next scheduled index run
07-23 19:40:29.082   145  1303 I ActivityManager: No longer want com.google.android.apps.plus (pid 2263): hidden #16
07-23 19:40:30.406   293   295 D dalvikvm: GC_CONCURRENT freed 380K, 6% free 10363K/10951K, paused 2ms+4ms
07-23 19:40:30.512  3677  3679 D dalvikvm: GC_CONCURRENT freed 506K, 6% free 10586K/11207K, paused 2ms+4ms
07-23 19:40:30.574  1271  1273 D dalvikvm: GC_CONCURRENT freed 421K, 8% free 10255K/11079K, paused 2ms+3ms
07-23 19:40:34.926   145   199 D DhcpInfoInternal: makeLinkProperties with empty dns2!
07-23 19:40:34.930   145   199 D DhcpInfoInternal: makeLinkProperties with empty dns2!
07-23 19:40:47.906  3905  3918 I PhoneLab-: Service Running
07-23 19:40:48.008  3905  3918 I PhoneLab-LoggerService: app_37    1300  1     1440   1068  c00f181c 400107b4 S logcat
07-23 19:40:48.008  3905  3918 I PhoneLab-LoggerService: Logcat pid from database 1300
07-23 19:40:48.008  3905  3918 I PhoneLab-LoggerService: Logcat process found 1300
07-23 19:40:48.008  3905  3918 I PhoneLab-LoggerService: Checking Threshold
07-23 19:41:00.016   145   162 I ActivityManager: No longer want com.google.android.apps.docs (pid 2326): hidden #16
07-23 19:41:30.559  1271  1273 D dalvikvm: GC_CONCURRENT freed 440K, 8% free 10259K/11079K, paused 2ms+2ms
07-23 19:41:50.774   342   342 D SAN_SERVICE: *******************************************
07-23 19:41:50.774   342   342 D SAN_SERVICE: DM App Phone Service State - 0
07-23 19:41:50.774   342   342 D SAN_SERVICE: *******************************************
07-23 19:41:50.977   342   342 D SAN_SERVICE: *******************************************
07-23 19:41:50.977   342   342 D SAN_SERVICE: DM App Phone Service State - 0
07-23 19:41:50.977   342   342 D SAN_SERVICE: *******************************************
07-23 19:42:30.531  3677  3679 D dalvikvm: GC_CONCURRENT freed 520K, 6% free 10588K/11207K, paused 2ms+3ms
07-23 19:42:30.656  1271  1273 D dalvikvm: GC_CONCURRENT freed 444K, 8% free 10257K/11079K, paused 1ms+2ms
07-23 19:42:47.906  3905  3918 I PhoneLab-: Service Running
07-23 19:42:48.000  3905  3918 I PhoneLab-LoggerService: app_37    1300  1     1440   1068  c00f181c 400107b4 S logcat
07-23 19:42:48.000  3905  3918 I PhoneLab-LoggerService: Logcat pid from database 1300
07-23 19:42:48.004  3905  3918 I PhoneLab-LoggerService: Logcat process found 1300
07-23 19:42:48.004  3905  3918 I PhoneLab-LoggerService: Checking Threshold
07-23 19:42:48.012  3905  3907 D dalvikvm: GC_CONCURRENT freed 457K, 6% free 9105K/9671K, paused 2ms+2ms
07-23 19:42:48.977   293  3254 D dalvikvm: GC_EXPLICIT freed 137K, 6% free 10313K/10951K, paused 3ms+4ms
07-23 19:42:59.582   145   199 D DhcpInfoInternal: makeLinkProperties with empty dns2!
07-23 19:42:59.582   145   199 D DhcpInfoInternal: makeLinkProperties with empty dns2!
07-23 19:43:30.668   145   363 D dalvikvm: GC_EXPLICIT freed 836K, 17% free 15253K/18311K, paused 3ms+6ms
07-23 19:43:30.758  1271  1273 D dalvikvm: GC_CONCURRENT freed 442K, 8% free 10257K/11079K, paused 2ms+2ms
07-23 19:44:30.653  3677  3679 D dalvikvm: GC_CONCURRENT freed 518K, 6% free 10592K/11207K, paused 2ms+2ms
07-23 19:44:30.789  1271  1273 D dalvikvm: GC_CONCURRENT freed 464K, 8% free 10273K/11079K, paused 2ms+2ms
07-23 19:44:30.957  1271  1273 D dalvikvm: GC_CONCURRENT freed 461K, 8% free 10254K/11079K, paused 3ms+3ms
07-23 19:44:47.906  3905  3918 I PhoneLab-: Service Running
07-23 19:44:48.012  3905  3918 I PhoneLab-LoggerService: app_37    1300  1     1440   1068  c00f181c 400107b4 S logcat
07-23 19:44:48.012  3905  3918 I PhoneLab-LoggerService: Logcat pid from database 1300
07-23 19:44:48.012  3905  3918 I PhoneLab-LoggerService: Logcat process found 1300
07-23 19:44:48.012  3905  3918 I PhoneLab-LoggerService: Checking Threshold
07-23 19:45:05.863   342   342 D SAN_SERVICE: *******************************************
07-23 19:45:05.863   342   342 D SAN_SERVICE: DM App Phone Service State - 0
07-23 19:45:05.863   342   342 D SAN_SERVICE: *******************************************
07-23 19:45:06.410   342   342 D SAN_SERVICE: *******************************************
07-23 19:45:06.410   342   342 D SAN_SERVICE: DM App Phone Service State - 0
07-23 19:45:06.410   342   342 D SAN_SERVICE: *******************************************
07-23 19:45:20.715   342   342 D SAN_SERVICE: *******************************************
07-23 19:45:20.715   342   342 D SAN_SERVICE: DM App Phone Service State - 0
07-23 19:45:20.715   342   342 D SAN_SERVICE: *******************************************
07-23 19:45:20.942   342   342 D SAN_SERVICE: *******************************************
07-23 19:45:20.942   342   342 D SAN_SERVICE: DM App Phone Service State - 0
07-23 19:45:20.942   342   342 D SAN_SERVICE: *******************************************
07-23 19:45:21.500   342   342 D SAN_SERVICE: *******************************************
07-23 19:45:21.500   342   342 D SAN_SERVICE: DM App Phone Service State - 0
07-23 19:45:21.500   342   342 D SAN_SERVICE: *******************************************
07-23 19:45:21.504   342   345 D dalvikvm: GC_CONCURRENT freed 383K, 7% free 9467K/10119K, paused 17ms+6ms
07-23 19:45:24.469   145   199 D DhcpInfoInternal: makeLinkProperties with empty dns2!
07-23 19:45:24.477   145   199 D DhcpInfoInternal: makeLinkProperties with empty dns2!
07-23 19:45:30.805  1271  1273 D dalvikvm: GC_CONCURRENT freed 421K, 7% free 10340K/11079K, paused 2ms+2ms
07-23 19:45:31.332  3677  3679 D dalvikvm: GC_CONCURRENT freed 387K, 6% free 10608K/11207K, paused 8ms+5ms
07-23 19:45:51.477   342   342 D SAN_SERVICE: *******************************************
07-23 19:45:51.477   342   342 D SAN_SERVICE: DM App Phone Service State - 0
07-23 19:45:51.477   342   342 D SAN_SERVICE: *******************************************
07-23 19:45:52.223   342   342 D SAN_SERVICE: *******************************************
07-23 19:45:52.223   342   342 D SAN_SERVICE: DM App Phone Service State - 0
07-23 19:45:52.223   342   342 D SAN_SERVICE: *******************************************
07-23 19:46:17.067   342   342 D SAN_SERVICE: *******************************************
07-23 19:46:17.067   342   342 D SAN_SERVICE: DM App Phone Service State - 0
07-23 19:46:17.067   342   342 D SAN_SERVICE: *******************************************
07-23 19:46:17.328   342   342 D SAN_SERVICE: *******************************************
07-23 19:46:17.328   342   342 D SAN_SERVICE: DM App Phone Service State - 0
07-23 19:46:17.328   342   342 D SAN_SERVICE: *******************************************
07-23 19:46:30.852  1271  1273 D dalvikvm: GC_CONCURRENT freed 575K, 8% free 10277K/11079K, paused 2ms+3ms
07-23 19:46:47.906  3905  3918 I PhoneLab-: Service Running
07-23 19:46:47.996  3905  3918 I PhoneLab-LoggerService: app_37    1300  1     1440   1068  c00f181c 400107b4 S logcat
07-23 19:46:47.996  3905  3918 I PhoneLab-LoggerService: Logcat pid from database 1300
07-23 19:46:47.996  3905  3918 I PhoneLab-LoggerService: Logcat process found 1300
07-23 19:46:48.000  3905  3918 I PhoneLab-LoggerService: Checking Threshold
07-23 19:47:30.867  3677  3679 D dalvikvm: GC_CONCURRENT freed 587K, 6% free 10604K/11271K, paused 2ms+2ms
07-23 19:47:30.996  1271  1273 D dalvikvm: GC_CONCURRENT freed 473K, 7% free 10314K/11079K, paused 2ms+3ms
07-23 19:47:48.977   424   426 D dalvikvm: GC_CONCURRENT freed 397K, 7% free 9796K/10503K, paused 7ms+3ms
07-23 19:47:49.340   145   199 D DhcpInfoInternal: makeLinkProperties with empty dns2!
07-23 19:47:49.348   145   199 D DhcpInfoInternal: makeLinkProperties with empty dns2!
07-23 19:47:54.278   342   342 D SAN_SERVICE: *******************************************
07-23 19:47:54.278   342   342 D SAN_SERVICE: DM App Phone Service State - 0
07-23 19:47:54.278   342   342 D SAN_SERVICE: *******************************************
07-23 19:47:54.574   342   342 D SAN_SERVICE: *******************************************
07-23 19:47:54.574   342   342 D SAN_SERVICE: DM App Phone Service State - 0
07-23 19:47:54.574   342   342 D SAN_SERVICE: *******************************************
07-23 19:47:55.309   342   342 D SAN_SERVICE: *******************************************
07-23 19:47:55.309   342   342 D SAN_SERVICE: DM App Phone Service State - 0
07-23 19:47:55.309   342   342 D SAN_SERVICE: *******************************************
07-23 19:48:29.582   145   421 I ActivityManager: No longer want com.google.android.youtube (pid 2281): hidden #16
07-23 19:48:30.949  1271  1271 D dalvikvm: GC_EXPLICIT freed 124K, 8% free 10230K/11079K, paused 2ms+2ms
07-23 19:48:31.043  1271  1273 D dalvikvm: GC_CONCURRENT freed 403K, 8% free 10270K/11079K, paused 2ms+3ms
07-23 19:48:47.906  3905  3918 I PhoneLab-: Service Running
07-23 19:48:47.977  3905  3918 I PhoneLab-LoggerService: app_37    1300  1     1440   1068  c00f181c 400107b4 S logcat
07-23 19:48:47.977  3905  3918 I PhoneLab-LoggerService: Logcat pid from database 1300
07-23 19:48:47.977  3905  3918 I PhoneLab-LoggerService: Logcat process found 1300
07-23 19:48:47.977  3905  3918 I PhoneLab-LoggerService: Checking Threshold
07-23 19:49:00.020   145   162 I ActivityManager: No longer want com.android.deskclock (pid 3527): hidden #16
07-23 19:49:03.606  3905  3905 I PhoneLab-Locks: wake lock acquired
07-23 19:49:03.629  3905  4281 I PhoneLab-PeriodicCheckService: User info is synched
07-23 19:49:03.629  3905  4281 I PhoneLab-PeriodicCheckService: Logger Service is running
07-23 19:49:03.633  3905  3905 I PhoneLab-Locks: wake lock acquired
07-23 19:49:03.637  3905  3905 I PhoneLab-StatusMonitor: Status Monitoring is started
07-23 19:49:03.645  3905  3905 E PhoneLab-PhoneLabManifest: java.io.FileNotFoundException: /data/data/edu.buffalo.cse.phonelab.phonelabservices/files/manifest.xml: open failed: ENOENT (No such file or directory)
07-23 19:49:03.645  3905  3905 I PhoneLab-Locks: wake lock released
07-23 19:49:03.649  3905  4281 I PhoneLab-Locks: wake lock acquired
07-23 19:49:03.653  3905  3905 I PhoneLab-UploadLogs: Transfering log files now
07-23 19:49:03.653  3905  4281 I PhoneLab-PeriodicCheckService: Rescheduling periodic checking...
07-23 19:49:03.653  3905  3905 I PhoneLab-UploadLogs: No log files to transfer
07-23 19:49:03.656  3905  4281 I PhoneLab-Locks: wake lock released
07-23 19:49:03.656  3905  3905 I PhoneLab-Locks: wake lock released
07-23 19:49:03.656  3905  3905 I PhoneLab-UploadLogs: OnStartCommand
07-23 19:49:30.973  3677  3679 D dalvikvm: GC_CONCURRENT freed 528K, 6% free 10603K/11271K, paused 3ms+2ms
07-23 19:49:31.110  1271  1273 D dalvikvm: GC_CONCURRENT freed 460K, 8% free 10271K/11079K, paused 2ms+3ms
07-23 19:49:41.856   342   342 D SAN_SERVICE: *******************************************
07-23 19:49:41.856   342   342 D SAN_SERVICE: DM App Phone Service State - 0
07-23 19:49:41.856   342   342 D SAN_SERVICE: *******************************************
07-23 19:49:42.071   342   342 D SAN_SERVICE: *******************************************
07-23 19:49:42.071   342   342 D SAN_SERVICE: DM App Phone Service State - 0
07-23 19:49:42.071   342   342 D SAN_SERVICE: *******************************************
07-23 19:49:42.571   342   342 D SAN_SERVICE: *******************************************
07-23 19:49:42.571   342   342 D SAN_SERVICE: DM App Phone Service State - 0
07-23 19:49:42.571   342   342 D SAN_SERVICE: *******************************************
07-23 19:50:14.219   145   199 D DhcpInfoInternal: makeLinkProperties with empty dns2!
07-23 19:50:14.242   145   199 D DhcpInfoInternal: makeLinkProperties with empty dns2!
07-23 19:50:31.008  1271  1278 I dalvikvm: Jit: resizing JitTable from 4096 to 8192
07-23 19:50:31.110  1271  1273 D dalvikvm: GC_CONCURRENT freed 452K, 8% free 10271K/11079K, paused 2ms+3ms
07-23 19:50:47.906  3905  3918 I PhoneLab-: Service Running
07-23 19:50:47.981  3905  3918 I PhoneLab-LoggerService: app_37    1300  1     1440   1068  c00f181c 400107b4 S logcat
07-23 19:50:47.981  3905  3918 I PhoneLab-LoggerService: Logcat pid from database 1300
07-23 19:50:47.981  3905  3918 I PhoneLab-LoggerService: Logcat process found 1300
07-23 19:50:47.981  3905  3918 I PhoneLab-LoggerService: Checking Threshold
07-23 19:50:53.481   342   342 D SAN_SERVICE: *******************************************
07-23 19:50:53.481   342   342 D SAN_SERVICE: DM App Phone Service State - 0
07-23 19:50:53.481   342   342 D SAN_SERVICE: *******************************************
07-23 19:50:53.762   342   342 D SAN_SERVICE: *******************************************
07-23 19:50:53.762   342   342 D SAN_SERVICE: DM App Phone Service State - 0
07-23 19:50:53.762   342   342 D SAN_SERVICE: *******************************************
07-23 19:50:54.270   342   342 D SAN_SERVICE: *******************************************
07-23 19:50:54.270   342   342 D SAN_SERVICE: DM App Phone Service State - 0
07-23 19:50:54.270   342   342 D SAN_SERVICE: *******************************************
07-23 19:51:31.102  3677  3679 D dalvikvm: GC_CONCURRENT freed 523K, 6% free 10607K/11271K, paused 2ms+3ms
07-23 19:51:31.231  1271  1273 D dalvikvm: GC_CONCURRENT freed 461K, 8% free 10272K/11079K, paused 2ms+2ms
07-23 19:52:27.344   342   342 D SAN_SERVICE: *******************************************
07-23 19:52:27.348   342   342 D SAN_SERVICE: DM App Phone Service State - 0
07-23 19:52:27.348   342   342 D SAN_SERVICE: *******************************************
07-23 19:52:28.133   342   342 D SAN_SERVICE: *******************************************
07-23 19:52:28.133   342   342 D SAN_SERVICE: DM App Phone Service State - 0
07-23 19:52:28.133   342   342 D SAN_SERVICE: *******************************************
07-23 19:52:31.242  1271  1273 D dalvikvm: GC_CONCURRENT freed 463K, 8% free 10272K/11079K, paused 2ms+2ms
07-23 19:52:35.891   342   342 D SAN_SERVICE: *******************************************
07-23 19:52:35.891   342   342 D SAN_SERVICE: DM App Phone Service State - 0
07-23 19:52:35.891   342   342 D SAN_SERVICE: *******************************************
07-23 19:52:39.098   145   199 D DhcpInfoInternal: makeLinkProperties with empty dns2!
07-23 19:52:39.106   145   199 D DhcpInfoInternal: makeLinkProperties with empty dns2!
07-23 19:52:46.121   342   342 D SAN_SERVICE: *******************************************
07-23 19:52:46.121   342   342 D SAN_SERVICE: DM App Phone Service State - 0
07-23 19:52:46.121   342   342 D SAN_SERVICE: *******************************************
07-23 19:52:46.410   342   342 D SAN_SERVICE: *******************************************
07-23 19:52:46.410   342   342 D SAN_SERVICE: DM App Phone Service State - 0
07-23 19:52:46.410   342   342 D SAN_SERVICE: *******************************************
07-23 19:52:47.153   342   342 D SAN_SERVICE: *******************************************
07-23 19:52:47.153   342   342 D SAN_SERVICE: DM App Phone Service State - 0
07-23 19:52:47.153   342   342 D SAN_SERVICE: *******************************************
07-23 19:52:47.906  3905  3918 I PhoneLab-: Service Running
07-23 19:52:47.992  3905  3918 I PhoneLab-LoggerService: app_37    1300  1     1440   1068  c00f181c 400107b4 S logcat
07-23 19:52:47.992  3905  3918 I PhoneLab-LoggerService: Logcat pid from database 1300
07-23 19:52:47.996  3905  3918 I PhoneLab-LoggerService: Logcat process found 1300
07-23 19:52:47.996  3905  3918 I PhoneLab-LoggerService: Checking Threshold
07-23 19:52:52.707   342   342 D SAN_SERVICE: *******************************************
07-23 19:52:52.707   342   342 D SAN_SERVICE: DM App Phone Service State - 0
07-23 19:52:52.707   342   342 D SAN_SERVICE: *******************************************
07-23 19:52:53.028   342   342 D SAN_SERVICE: *******************************************
07-23 19:52:53.028   342   342 D SAN_SERVICE: DM App Phone Service State - 0
07-23 19:52:53.028   342   342 D SAN_SERVICE: *******************************************
07-23 19:52:56.606   342   342 D SAN_SERVICE: *******************************************
07-23 19:52:56.606   342   342 D SAN_SERVICE: DM App Phone Service State - 0
07-23 19:52:56.606   342   342 D SAN_SERVICE: *******************************************
07-23 19:52:56.871   342   342 D SAN_SERVICE: *******************************************
07-23 19:52:56.871   342   342 D SAN_SERVICE: DM App Phone Service State - 0
07-23 19:52:56.871   342   342 D SAN_SERVICE: *******************************************
07-23 19:53:06.633   342   342 D SAN_SERVICE: *******************************************
07-23 19:53:06.633   342   342 D SAN_SERVICE: DM App Phone Service State - 0
07-23 19:53:06.633   342   342 D SAN_SERVICE: *******************************************
07-23 19:53:06.922   342   342 D SAN_SERVICE: *******************************************
07-23 19:53:06.922   342   342 D SAN_SERVICE: DM App Phone Service State - 0
07-23 19:53:06.922   342   342 D SAN_SERVICE: *******************************************
07-23 19:53:06.934   342   345 D dalvikvm: GC_CONCURRENT freed 392K, 7% free 9464K/10119K, paused 16ms+2ms
07-23 19:53:07.422   145   363 D dalvikvm: GC_EXPLICIT freed 1253K, 17% free 15335K/18311K, paused 28ms+8ms
07-23 19:53:07.469   342   342 D SAN_SERVICE: *******************************************
07-23 19:53:07.469   342   342 D SAN_SERVICE: DM App Phone Service State - 0
07-23 19:53:07.469   342   342 D SAN_SERVICE: *******************************************
07-23 19:53:12.946   145   326 D AlarmManagerService: Kernel timezone updated to 240 minutes west of GMT
07-23 19:53:12.961   342   342 D SystemClock: Setting time of day to sec=1343087593
07-23 19:53:13.120   145   378 I ActivityManager: Start proc com.android.deskclock for broadcast com.android.deskclock/.AlarmInitReceiver: pid=4329 uid=10011 gids={}
07-23 19:53:13.155  4329  4329 I ActivityThread: Pub com.android.deskclock: com.android.deskclock.AlarmProvider
07-23 19:53:13.190  4329  4342 V AlarmClock: AlarmInitReceiver finished
07-23 19:53:13.233   145   156 I ActivityManager: No longer want com.android.providers.calendar (pid 3540): hidden #16
07-23 19:53:13.260   342   342 D SAN_SERVICE: *******************************************
07-23 19:53:13.260   342   342 D SAN_SERVICE: DM App Phone Service State - 0
07-23 19:53:13.260   342   342 D SAN_SERVICE: *******************************************
07-23 19:53:13.299   293   295 D dalvikvm: GC_CONCURRENT freed 341K, 6% free 10366K/10951K, paused 3ms+4ms
07-23 19:53:13.854   342   342 D SAN_SERVICE: *******************************************
07-23 19:53:13.854   342   342 D SAN_SERVICE: DM App Phone Service State - 0
07-23 19:53:13.854   342   342 D SAN_SERVICE: *******************************************
07-23 19:53:18.163   145   162 I ActivityManager: Start proc com.android.providers.calendar for broadcast com.android.providers.calendar/.CalendarProviderBroadcastReceiver: pid=4344 uid=10006 gids={3003, 1015}
07-23 19:53:18.194  4344  4344 I ActivityThread: Pub com.android.calendar: com.android.providers.calendar.CalendarProvider2
07-23 19:53:18.272   145   356 I ActivityManager: No longer want com.google.android.maps.mytracks (pid 3634): hidden #16
07-23 19:53:19.292  4344  4344 I CalendarProvider2: Sending notification intent: Intent { act=android.intent.action.PROVIDER_CHANGED dat=content://com.android.calendar }
07-23 19:53:19.296  4344  4344 W ContentResolver: Failed to get type for: content://com.android.calendar (Unknown URL content://com.android.calendar)
07-23 19:53:31.296  3677  3679 D dalvikvm: GC_CONCURRENT freed 526K, 6% free 10609K/11271K, paused 2ms+3ms
07-23 19:53:31.444  1271  1273 D dalvikvm: GC_CONCURRENT freed 451K, 7% free 10330K/11079K, paused 3ms+2ms
07-23 19:53:33.264   215   217 D dalvikvm: GC_CONCURRENT freed 486K, 32% free 9676K/14215K, paused 18ms+3ms
07-23 19:53:37.960   342   342 D SAN_SERVICE: *******************************************
07-23 19:53:37.960   342   342 D SAN_SERVICE: DM App Phone Service State - 0
07-23 19:53:37.960   342   342 D SAN_SERVICE: *******************************************
07-23 19:53:38.010   342   342 D SAN_SERVICE: *******************************************
07-23 19:53:38.010   342   342 D SAN_SERVICE: DM App Phone Service State - 0
07-23 19:53:38.010   342   342 D SAN_SERVICE: *******************************************
07-23 19:53:38.288   342   342 D SAN_SERVICE: *******************************************
07-23 19:53:38.288   342   342 D SAN_SERVICE: DM App Phone Service State - 0
07-23 19:53:38.288   342   342 D SAN_SERVICE: *******************************************
07-23 19:53:47.811   342   342 D SAN_SERVICE: *******************************************
07-23 19:53:47.811   342   342 D SAN_SERVICE: DM App Phone Service State - 0
07-23 19:53:47.811   342   342 D SAN_SERVICE: *******************************************
07-23 19:53:48.046   342   342 D SAN_SERVICE: *******************************************
07-23 19:53:48.046   342   342 D SAN_SERVICE: DM App Phone Service State - 0
07-23 19:53:48.046   342   342 D SAN_SERVICE: *******************************************
07-23 19:53:48.542   342   342 D SAN_SERVICE: *******************************************
07-23 19:53:48.542   342   342 D SAN_SERVICE: DM App Phone Service State - 0
07-23 19:53:48.542   342   342 D SAN_SERVICE: *******************************************
07-23 19:53:49.475   145  1303 D AlarmManagerService: Kernel timezone updated to 240 minutes west of GMT
07-23 19:54:30.335   342   342 D SAN_SERVICE: *******************************************
07-23 19:54:30.335   342   342 D SAN_SERVICE: DM App Phone Service State - 0
07-23 19:54:30.335   342   342 D SAN_SERVICE: *******************************************
07-23 19:54:31.116   342   342 D SAN_SERVICE: *******************************************
07-23 19:54:31.116   342   342 D SAN_SERVICE: DM App Phone Service State - 0
07-23 19:54:31.116   342   342 D SAN_SERVICE: *******************************************
07-23 19:54:31.479  1271  1273 D dalvikvm: GC_CONCURRENT freed 518K, 8% free 10271K/11079K, paused 1ms+2ms
07-23 19:54:38.940   342   342 D SAN_SERVICE: *******************************************
07-23 19:54:38.940   342   342 D SAN_SERVICE: DM App Phone Service State - 0
07-23 19:54:38.940   342   342 D SAN_SERVICE: *******************************************
07-23 19:54:48.030  3905  3918 I PhoneLab-: Service Running
07-23 19:54:48.112  3905  3918 I PhoneLab-LoggerService: app_37    1300  1     1440   1068  c00f181c 400107b4 S logcat
07-23 19:54:48.112  3905  3918 I PhoneLab-LoggerService: Logcat pid from database 1300
07-23 19:54:48.112  3905  3918 I PhoneLab-LoggerService: Logcat process found 1300
07-23 19:54:48.112  3905  3918 I PhoneLab-LoggerService: Checking Threshold
07-23 19:55:04.085   145   199 D DhcpInfoInternal: makeLinkProperties with empty dns2!
07-23 19:55:04.092   145   199 D DhcpInfoInternal: makeLinkProperties with empty dns2!
07-23 19:55:04.526   342   342 D SAN_SERVICE: *******************************************
07-23 19:55:04.526   342   342 D SAN_SERVICE: DM App Phone Service State - 0
07-23 19:55:04.526   342   342 D SAN_SERVICE: *******************************************
07-23 19:55:04.725   342   342 D SAN_SERVICE: *******************************************
07-23 19:55:04.725   342   342 D SAN_SERVICE: DM App Phone Service State - 0
07-23 19:55:04.725   342   342 D SAN_SERVICE: *******************************************
07-23 19:55:30.096   342   342 D SAN_SERVICE: *******************************************
07-23 19:55:30.096   342   342 D SAN_SERVICE: DM App Phone Service State - 0
07-23 19:55:30.096   342   342 D SAN_SERVICE: *******************************************
07-23 19:55:30.342   342   342 D SAN_SERVICE: *******************************************
07-23 19:55:30.342   342   342 D SAN_SERVICE: DM App Phone Service State - 0
07-23 19:55:30.342   342   342 D SAN_SERVICE: *******************************************
07-23 19:55:31.092   342   342 D SAN_SERVICE: *******************************************
07-23 19:55:31.092   342   342 D SAN_SERVICE: DM App Phone Service State - 0
07-23 19:55:31.092   342   342 D SAN_SERVICE: *******************************************
07-23 19:55:31.444  3677  3679 D dalvikvm: GC_CONCURRENT freed 533K, 6% free 10604K/11271K, paused 2ms+3ms
07-23 19:55:31.706  1271  1273 D dalvikvm: GC_CONCURRENT freed 454K, 8% free 10269K/11079K, paused 2ms+4ms
07-23 19:55:31.721  3677  3697 D dalvikvm: GC_FOR_ALLOC freed 366K, 6% free 10624K/11271K, paused 35ms
07-23 19:55:31.756  3677  3697 D dalvikvm: GC_FOR_ALLOC freed 36K, 6% free 10634K/11271K, paused 22ms
07-23 19:55:31.780  3677  3697 D dalvikvm: GC_FOR_ALLOC freed 5K, 6% free 10640K/11271K, paused 22ms
07-23 19:55:31.780  3677  3697 I dalvikvm-heap: Grow heap (frag case) to 10.482MB for 23024-byte allocation
07-23 19:55:31.799  3677  3697 D dalvikvm: GC_FOR_ALLOC freed 35K, 7% free 10627K/11335K, paused 22ms
07-23 19:56:31.565  1271  1273 D dalvikvm: GC_CONCURRENT freed 425K, 8% free 10278K/11079K, paused 2ms+3ms
07-23 19:56:47.905  3905  3918 I PhoneLab-: Service Running
07-23 19:56:47.987  3905  3918 I PhoneLab-LoggerService: app_37    1300  1     1440   1068  c00f181c 400107b4 S logcat
07-23 19:56:47.987  3905  3918 I PhoneLab-LoggerService: Logcat pid from database 1300
07-23 19:56:47.991  3905  3918 I PhoneLab-LoggerService: Logcat process found 1300
07-23 19:56:47.991  3905  3918 I PhoneLab-LoggerService: Checking Threshold
07-23 19:56:52.010   342   342 D SAN_SERVICE: *******************************************
07-23 19:56:52.010   342   342 D SAN_SERVICE: DM App Phone Service State - 0
07-23 19:56:52.010   342   342 D SAN_SERVICE: *******************************************
07-23 19:56:52.284   342   342 D SAN_SERVICE: *******************************************
07-23 19:56:52.284   342   342 D SAN_SERVICE: DM App Phone Service State - 0
07-23 19:56:52.284   342   342 D SAN_SERVICE: *******************************************
07-23 19:56:53.038   342   342 D SAN_SERVICE: *******************************************
07-23 19:56:53.042   342   342 D SAN_SERVICE: DM App Phone Service State - 0
07-23 19:56:53.042   342   342 D SAN_SERVICE: *******************************************
07-23 19:57:28.764   145   199 D DhcpInfoInternal: makeLinkProperties with empty dns2!
07-23 19:57:28.764   145   199 D DhcpInfoInternal: makeLinkProperties with empty dns2!
07-23 19:57:31.557  3677  3679 D dalvikvm: GC_CONCURRENT freed 556K, 7% free 10606K/11335K, paused 1ms+3ms
07-23 19:57:31.682  1271  1273 D dalvikvm: GC_CONCURRENT freed 455K, 8% free 10270K/11079K, paused 2ms+3ms
07-23 19:57:38.092   342   342 D SAN_SERVICE: *******************************************
07-23 19:57:38.092   342   342 D SAN_SERVICE: DM App Phone Service State - 0
07-23 19:57:38.096   342   342 D SAN_SERVICE: *******************************************
07-23 19:57:38.389   342   342 D SAN_SERVICE: *******************************************
07-23 19:57:38.389   342   342 D SAN_SERVICE: DM App Phone Service State - 0
07-23 19:57:38.389   342   342 D SAN_SERVICE: *******************************************
07-23 19:57:39.128   342   342 D SAN_SERVICE: *******************************************
07-23 19:57:39.128   342   342 D SAN_SERVICE: DM App Phone Service State - 0
07-23 19:57:39.128   342   342 D SAN_SERVICE: *******************************************
07-23 19:58:08.799   342   342 D SAN_SERVICE: *******************************************
07-23 19:58:08.799   342   342 D SAN_SERVICE: DM App Phone Service State - 0
07-23 19:58:08.799   342   342 D SAN_SERVICE: *******************************************
07-23 19:58:09.120   342   342 D SAN_SERVICE: *******************************************
07-23 19:58:09.120   342   342 D SAN_SERVICE: DM App Phone Service State - 0
07-23 19:58:09.120   342   342 D SAN_SERVICE: *******************************************
07-23 19:58:09.139   342   345 D dalvikvm: GC_CONCURRENT freed 389K, 7% free 9465K/10119K, paused 19ms+3ms
07-23 19:58:09.346   342   342 D SAN_SERVICE: *******************************************
07-23 19:58:09.346   342   342 D SAN_SERVICE: DM App Phone Service State - 0
07-23 19:58:09.346   342   342 D SAN_SERVICE: *******************************************
07-23 19:58:31.667  1271  1273 D dalvikvm: GC_CONCURRENT freed 425K, 8% free 10277K/11079K, paused 2ms+3ms
07-23 19:58:47.905  3905  3918 I PhoneLab-: Service Running
07-23 19:58:47.995  3905  3907 D dalvikvm: GC_CONCURRENT freed 449K, 6% free 9115K/9671K, paused 2ms+5ms
07-23 19:58:48.010  3905  3918 I PhoneLab-LoggerService: app_37    1300  1     1440   1068  c00f181c 400107b4 S logcat
07-23 19:58:48.010  3905  3918 I PhoneLab-LoggerService: Logcat pid from database 1300
07-23 19:58:48.010  3905  3918 I PhoneLab-LoggerService: Logcat process found 1300
07-23 19:58:48.010  3905  3918 I PhoneLab-LoggerService: Checking Threshold
07-23 19:59:15.381   342   342 D SAN_SERVICE: *******************************************
07-23 19:59:15.381   342   342 D SAN_SERVICE: DM App Phone Service State - 0
07-23 19:59:15.381   342   342 D SAN_SERVICE: *******************************************
07-23 19:59:15.647   342   342 D SAN_SERVICE: *******************************************
07-23 19:59:15.647   342   342 D SAN_SERVICE: DM App Phone Service State - 0
07-23 19:59:15.647   342   342 D SAN_SERVICE: *******************************************
07-23 19:59:16.393   342   342 D SAN_SERVICE: *******************************************
07-23 19:59:16.393   342   342 D SAN_SERVICE: DM App Phone Service State - 0
07-23 19:59:16.393   342   342 D SAN_SERVICE: *******************************************
07-23 19:59:31.616  3677  3679 D dalvikvm: GC_CONCURRENT freed 526K, 7% free 10607K/11335K, paused 2ms+3ms
07-23 19:59:31.749  1271  1273 D dalvikvm: GC_CONCURRENT freed 460K, 8% free 10271K/11079K, paused 1ms+2ms
07-23 19:59:35.881   342   342 D SAN_SERVICE: *******************************************
07-23 19:59:35.881   342   342 D SAN_SERVICE: DM App Phone Service State - 0
07-23 19:59:35.881   342   342 D SAN_SERVICE: *******************************************
07-23 19:59:36.147   342   342 D SAN_SERVICE: *******************************************
07-23 19:59:36.147   342   342 D SAN_SERVICE: DM App Phone Service State - 0
07-23 19:59:36.147   342   342 D SAN_SERVICE: *******************************************
07-23 19:59:36.389   342   342 D SAN_SERVICE: *******************************************
07-23 19:59:36.389   342   342 D SAN_SERVICE: DM App Phone Service State - 0
07-23 19:59:36.389   342   342 D SAN_SERVICE: *******************************************
07-23 19:59:42.549   145   338 D dalvikvm: GC_EXPLICIT freed 1091K, 17% free 15316K/18311K, paused 30ms+8ms
07-23 19:59:46.147   342   342 D SAN_SERVICE: *******************************************
07-23 19:59:46.147   342   342 D SAN_SERVICE: DM App Phone Service State - 0
07-23 19:59:46.147   342   342 D SAN_SERVICE: *******************************************
07-23 19:59:51.901   145   161 V BackupManagerService: Running a backup pass
07-23 19:59:51.909   145   214 V BackupManagerService: Backup requested but nothing pending
07-23 19:59:53.651   145   199 D DhcpInfoInternal: makeLinkProperties with empty dns2!
07-23 19:59:53.655   145   199 D DhcpInfoInternal: makeLinkProperties with empty dns2!
07-23 19:59:58.069   342   342 D SAN_SERVICE: *******************************************
07-23 19:59:58.069   342   342 D SAN_SERVICE: DM App Phone Service State - 0
07-23 19:59:58.069   342   342 D SAN_SERVICE: *******************************************
07-23 19:59:58.807   342   342 D SAN_SERVICE: *******************************************
07-23 19:59:58.807   342   342 D SAN_SERVICE: DM App Phone Service State - 0
07-23 19:59:58.807   342   342 D SAN_SERVICE: *******************************************
07-23 20:00:31.749   293   295 D dalvikvm: GC_CONCURRENT freed 388K, 6% free 10372K/10951K, paused 7ms+10ms
07-23 20:00:31.874  1271  1273 D dalvikvm: GC_CONCURRENT freed 452K, 8% free 10291K/11079K, paused 2ms+3ms
07-23 20:00:32.182   342   342 D SAN_SERVICE: *******************************************
07-23 20:00:32.182   342   342 D SAN_SERVICE: DM App Phone Service State - 0
07-23 20:00:32.186   342   342 D SAN_SERVICE: *******************************************
07-23 20:00:32.452   342   342 D SAN_SERVICE: *******************************************
07-23 20:00:32.452   342   342 D SAN_SERVICE: DM App Phone Service State - 0
07-23 20:00:32.452   342   342 D SAN_SERVICE: *******************************************
07-23 20:00:33.217   342   342 D SAN_SERVICE: *******************************************
07-23 20:00:33.217   342   342 D SAN_SERVICE: DM App Phone Service State - 0
07-23 20:00:33.217   342   342 D SAN_SERVICE: *******************************************
07-23 20:00:38.975   342   342 D SAN_SERVICE: *******************************************
07-23 20:00:38.975   342   342 D SAN_SERVICE: DM App Phone Service State - 0
07-23 20:00:38.975   342   342 D SAN_SERVICE: *******************************************
07-23 20:00:47.905  3905  3918 I PhoneLab-: Service Running
07-23 20:00:48.014  3905  3918 I PhoneLab-LoggerService: app_37    1300  1     1440   1068  c00f181c 400107b4 S logcat
07-23 20:00:48.014  3905  3918 I PhoneLab-LoggerService: Logcat pid from database 1300
07-23 20:00:48.014  3905  3918 I PhoneLab-LoggerService: Logcat process found 1300
07-23 20:00:48.014  3905  3918 I PhoneLab-LoggerService: Checking Threshold
07-23 20:00:52.733   342   342 D SAN_SERVICE: *******************************************
07-23 20:00:52.733   342   342 D SAN_SERVICE: DM App Phone Service State - 0
07-23 20:00:52.733   342   342 D SAN_SERVICE: *******************************************
07-23 20:00:52.964   342   342 D SAN_SERVICE: *******************************************
07-23 20:00:52.964   342   342 D SAN_SERVICE: DM App Phone Service State - 0
07-23 20:00:52.964   342   342 D SAN_SERVICE: *******************************************
07-23 20:00:53.042   342   342 D SAN_SERVICE: *******************************************
07-23 20:00:53.042   342   342 D SAN_SERVICE: DM App Phone Service State - 0
07-23 20:00:53.042   342   342 D SAN_SERVICE: *******************************************
07-23 20:01:02.913   342   342 D SAN_SERVICE: *******************************************
07-23 20:01:02.913   342   342 D SAN_SERVICE: DM App Phone Service State - 0
07-23 20:01:02.913   342   342 D SAN_SERVICE: *******************************************
07-23 20:01:03.178   342   342 D SAN_SERVICE: *******************************************
07-23 20:01:03.178   342   342 D SAN_SERVICE: DM App Phone Service State - 0
07-23 20:01:03.178   342   342 D SAN_SERVICE: *******************************************
07-23 20:01:03.448   342   342 D SAN_SERVICE: *******************************************
07-23 20:01:03.448   342   342 D SAN_SERVICE: DM App Phone Service State - 0
07-23 20:01:03.448   342   342 D SAN_SERVICE: *******************************************
07-23 20:01:13.116   342   342 D SAN_SERVICE: *******************************************
07-23 20:01:13.116   342   342 D SAN_SERVICE: DM App Phone Service State - 0
07-23 20:01:13.116   342   342 D SAN_SERVICE: *******************************************
07-23 20:01:19.956   342   342 D SAN_SERVICE: *******************************************
07-23 20:01:19.956   342   342 D SAN_SERVICE: DM App Phone Service State - 0
07-23 20:01:19.956   342   342 D SAN_SERVICE: *******************************************
07-23 20:01:28.565   342   342 D SAN_SERVICE: *******************************************
07-23 20:01:28.565   342   342 D SAN_SERVICE: DM App Phone Service State - 0
07-23 20:01:28.565   342   342 D SAN_SERVICE: *******************************************
07-23 20:01:31.784  3677  3679 D dalvikvm: GC_CONCURRENT freed 520K, 7% free 10615K/11335K, paused 2ms+3ms
07-23 20:01:31.924  1271  1273 D dalvikvm: GC_CONCURRENT freed 471K, 8% free 10270K/11079K, paused 2ms+2ms
07-23 20:02:18.530   145   199 D DhcpInfoInternal: makeLinkProperties with empty dns2!
07-23 20:02:18.534   145   199 D DhcpInfoInternal: makeLinkProperties with empty dns2!
07-23 20:02:24.878   342   342 D SAN_SERVICE: *******************************************
07-23 20:02:24.878   342   342 D SAN_SERVICE: DM App Phone Service State - 0
07-23 20:02:24.878   342   342 D SAN_SERVICE: *******************************************
07-23 20:02:24.905   342   345 D dalvikvm: GC_CONCURRENT freed 400K, 7% free 9464K/10119K, paused 25ms+2ms
07-23 20:02:25.174   342   342 D SAN_SERVICE: *******************************************
07-23 20:02:25.174   342   342 D SAN_SERVICE: DM App Phone Service State - 0
07-23 20:02:25.174   342   342 D SAN_SERVICE: *******************************************
07-23 20:02:25.409   342   342 D SAN_SERVICE: *******************************************
07-23 20:02:25.409   342   342 D SAN_SERVICE: DM App Phone Service State - 0
07-23 20:02:25.409   342   342 D SAN_SERVICE: *******************************************
07-23 20:02:31.885  1271  1273 D dalvikvm: GC_CONCURRENT freed 438K, 8% free 10269K/11079K, paused 1ms+2ms
07-23 20:02:35.069   342   342 D SAN_SERVICE: *******************************************
07-23 20:02:35.069   342   342 D SAN_SERVICE: DM App Phone Service State - 0
07-23 20:02:35.069   342   342 D SAN_SERVICE: *******************************************
07-23 20:02:47.905  3905  3918 I PhoneLab-: Service Running
07-23 20:02:47.979  3905  3918 I PhoneLab-LoggerService: app_37    1300  1     1440   1068  c00f181c 400107b4 S logcat
07-23 20:02:47.983  3905  3918 I PhoneLab-LoggerService: Logcat pid from database 1300
07-23 20:02:47.983  3905  3918 I PhoneLab-LoggerService: Logcat process found 1300
07-23 20:02:47.983  3905  3918 I PhoneLab-LoggerService: Checking Threshold
07-23 20:02:56.948   424   426 D dalvikvm: GC_CONCURRENT freed 383K, 7% free 9802K/10503K, paused 4ms+6ms
07-23 20:03:05.745   342   342 D SAN_SERVICE: *******************************************
07-23 20:03:05.745   342   342 D SAN_SERVICE: DM App Phone Service State - 0
07-23 20:03:05.745   342   342 D SAN_SERVICE: *******************************************
07-23 20:03:06.010   342   342 D SAN_SERVICE: *******************************************
07-23 20:03:06.010   342   342 D SAN_SERVICE: DM App Phone Service State - 0
07-23 20:03:06.010   342   342 D SAN_SERVICE: *******************************************
07-23 20:03:06.585   342   342 D SAN_SERVICE: *******************************************
07-23 20:03:06.585   342   342 D SAN_SERVICE: DM App Phone Service State - 0
07-23 20:03:06.585   342   342 D SAN_SERVICE: *******************************************
07-23 20:03:23.682   293  1082 I EventLogService: Aggregate from 1343086403579 (log), 1343086403579 (data)
07-23 20:03:31.374   342   342 D SAN_SERVICE: *******************************************
07-23 20:03:31.374   342   342 D SAN_SERVICE: DM App Phone Service State - 0
07-23 20:03:31.374   342   342 D SAN_SERVICE: *******************************************
07-23 20:03:31.655   342   342 D SAN_SERVICE: *******************************************
07-23 20:03:31.655   342   342 D SAN_SERVICE: DM App Phone Service State - 0
07-23 20:03:31.655   342   342 D SAN_SERVICE: *******************************************
07-23 20:03:31.866  3677  3679 D dalvikvm: GC_CONCURRENT freed 540K, 7% free 10606K/11335K, paused 2ms+2ms
07-23 20:03:31.995  1271  1273 D dalvikvm: GC_CONCURRENT freed 426K, 8% free 10277K/11079K, paused 1ms+2ms
07-23 20:03:32.350   342   342 D SAN_SERVICE: *******************************************
07-23 20:03:32.350   342   342 D SAN_SERVICE: DM App Phone Service State - 0
07-23 20:03:32.350   342   342 D SAN_SERVICE: *******************************************
07-23 20:04:32.057  1271  1273 D dalvikvm: GC_CONCURRENT freed 453K, 8% free 10269K/11079K, paused 1ms+3ms
07-23 20:04:43.194   145   199 D DhcpInfoInternal: makeLinkProperties with empty dns2!
07-23 20:04:43.194   145   199 D DhcpInfoInternal: makeLinkProperties with empty dns2!
07-23 20:04:47.909  3905  3918 I PhoneLab-: Service Running
07-23 20:04:47.991  3905  3918 I PhoneLab-LoggerService: app_37    1300  1     1440   1068  c00f181c 400107b4 S logcat
07-23 20:04:47.991  3905  3918 I PhoneLab-LoggerService: Logcat pid from database 1300
07-23 20:04:47.991  3905  3918 I PhoneLab-LoggerService: Logcat process found 1300
07-23 20:04:47.991  3905  3918 I PhoneLab-LoggerService: Checking Threshold
07-23 20:05:31.995  3677  3679 D dalvikvm: GC_CONCURRENT freed 525K, 7% free 10609K/11335K, paused 1ms+2ms
07-23 20:05:32.143  1271  1273 D dalvikvm: GC_CONCURRENT freed 440K, 8% free 10289K/11079K, paused 2ms+2ms
07-23 20:06:32.092  3677  3679 D dalvikvm: GC_CONCURRENT freed 519K, 7% free 10619K/11335K, paused 2ms+3ms
07-23 20:06:32.214  1271  1273 D dalvikvm: GC_CONCURRENT freed 446K, 8% free 10279K/11079K, paused 2ms+3ms
07-23 20:06:46.026   342   342 D SAN_SERVICE: *******************************************
07-23 20:06:46.026   342   342 D SAN_SERVICE: DM App Phone Service State - 0
07-23 20:06:46.026   342   342 D SAN_SERVICE: *******************************************
07-23 20:06:46.721   342   342 D SAN_SERVICE: *******************************************
07-23 20:06:46.721   342   342 D SAN_SERVICE: DM App Phone Service State - 0
07-23 20:06:46.721   342   342 D SAN_SERVICE: *******************************************
07-23 20:06:47.909  3905  3918 I PhoneLab-: Service Running
07-23 20:06:47.991  3905  3918 I PhoneLab-LoggerService: app_37    1300  1     1440   1068  c00f181c 400107b4 S logcat
07-23 20:06:47.995  3905  3918 I PhoneLab-LoggerService: Logcat pid from database 1300
07-23 20:06:47.995  3905  3918 I PhoneLab-LoggerService: Logcat process found 1300
07-23 20:06:47.995  3905  3918 I PhoneLab-LoggerService: Checking Threshold
07-23 20:06:56.229   342   342 D SAN_SERVICE: *******************************************
07-23 20:06:56.229   342   342 D SAN_SERVICE: DM App Phone Service State - 0
07-23 20:06:56.229   342   342 D SAN_SERVICE: *******************************************
07-23 20:06:56.471   342   342 D SAN_SERVICE: *******************************************
07-23 20:06:56.471   342   342 D SAN_SERVICE: DM App Phone Service State - 0
07-23 20:06:56.471   342   342 D SAN_SERVICE: *******************************************
07-23 20:07:07.835   145   199 D DhcpInfoInternal: makeLinkProperties with empty dns2!
07-23 20:07:07.835   145   199 D DhcpInfoInternal: makeLinkProperties with empty dns2!
07-23 20:07:21.788   342   342 D SAN_SERVICE: *******************************************
07-23 20:07:21.788   342   342 D SAN_SERVICE: DM App Phone Service State - 0
07-23 20:07:21.788   342   342 D SAN_SERVICE: *******************************************
07-23 20:07:22.057   342   342 D SAN_SERVICE: *******************************************
07-23 20:07:22.061   342   342 D SAN_SERVICE: DM App Phone Service State - 0
07-23 20:07:22.061   342   342 D SAN_SERVICE: *******************************************
07-23 20:07:28.608   342   342 D SAN_SERVICE: *******************************************
07-23 20:07:28.608   342   342 D SAN_SERVICE: DM App Phone Service State - 0
07-23 20:07:28.608   342   342 D SAN_SERVICE: *******************************************
07-23 20:07:32.241   145  1302 D dalvikvm: GC_EXPLICIT freed 1150K, 17% free 15313K/18311K, paused 2ms+7ms
07-23 20:07:32.339  1271  1273 D dalvikvm: GC_CONCURRENT freed 440K, 8% free 10283K/11079K, paused 2ms+2ms
07-23 20:07:37.155   342   342 D SAN_SERVICE: *******************************************
07-23 20:07:37.155   342   342 D SAN_SERVICE: DM App Phone Service State - 0
07-23 20:07:37.155   342   342 D SAN_SERVICE: *******************************************
07-23 20:08:07.858   342   342 D SAN_SERVICE: *******************************************
07-23 20:08:07.858   342   342 D SAN_SERVICE: DM App Phone Service State - 0
07-23 20:08:07.858   342   342 D SAN_SERVICE: *******************************************
07-23 20:08:08.139   342   342 D SAN_SERVICE: *******************************************
07-23 20:08:08.139   342   342 D SAN_SERVICE: DM App Phone Service State - 0
07-23 20:08:08.139   342   342 D SAN_SERVICE: *******************************************
07-23 20:08:08.885   342   342 D SAN_SERVICE: *******************************************
07-23 20:08:08.885   342   342 D SAN_SERVICE: DM App Phone Service State - 0
07-23 20:08:08.885   342   342 D SAN_SERVICE: *******************************************
07-23 20:08:18.108   342   342 D SAN_SERVICE: *******************************************
07-23 20:08:18.108   342   342 D SAN_SERVICE: DM App Phone Service State - 0
07-23 20:08:18.112   342   342 D SAN_SERVICE: *******************************************
07-23 20:08:28.350   342   342 D SAN_SERVICE: *******************************************
07-23 20:08:28.350   342   342 D SAN_SERVICE: DM App Phone Service State - 0
07-23 20:08:28.350   342   342 D SAN_SERVICE: *******************************************
07-23 20:08:28.374   342   345 D dalvikvm: GC_CONCURRENT freed 387K, 7% free 9462K/10119K, paused 2ms+2ms
07-23 20:08:28.616   342   342 D SAN_SERVICE: *******************************************
07-23 20:08:28.616   342   342 D SAN_SERVICE: DM App Phone Service State - 0
07-23 20:08:28.616   342   342 D SAN_SERVICE: *******************************************
07-23 20:08:29.401   342   342 D SAN_SERVICE: *******************************************
07-23 20:08:29.401   342   342 D SAN_SERVICE: DM App Phone Service State - 0
07-23 20:08:29.401   342   342 D SAN_SERVICE: *******************************************
07-23 20:08:32.206  3677  3679 D dalvikvm: GC_CONCURRENT freed 528K, 7% free 10623K/11335K, paused 2ms+3ms
07-23 20:08:32.335  1271  1273 D dalvikvm: GC_CONCURRENT freed 463K, 8% free 10269K/11079K, paused 1ms+3ms
07-23 20:08:47.905  3905  3918 I PhoneLab-: Service Running
07-23 20:08:47.991  3905  3918 I PhoneLab-LoggerService: app_37    1300  1     1440   1068  c00f181c 400107b4 S logcat
07-23 20:08:47.991  3905  3918 I PhoneLab-LoggerService: Logcat pid from database 1300
07-23 20:08:47.991  3905  3918 I PhoneLab-LoggerService: Logcat process found 1300
07-23 20:08:47.991  3905  3918 I PhoneLab-LoggerService: Checking Threshold
07-23 20:08:50.499   342   342 D SAN_SERVICE: *******************************************
07-23 20:08:50.499   342   342 D SAN_SERVICE: DM App Phone Service State - 0
07-23 20:08:50.499   342   342 D SAN_SERVICE: *******************************************
07-23 20:08:50.827   342   342 D SAN_SERVICE: *******************************************
07-23 20:08:50.827   342   342 D SAN_SERVICE: DM App Phone Service State - 0
07-23 20:08:50.827   342   342 D SAN_SERVICE: *******************************************
07-23 20:08:59.057   342   342 D SAN_SERVICE: *******************************************
07-23 20:08:59.057   342   342 D SAN_SERVICE: DM App Phone Service State - 0
07-23 20:08:59.057   342   342 D SAN_SERVICE: *******************************************
07-23 20:09:09.303   342   342 D SAN_SERVICE: *******************************************
07-23 20:09:09.303   342   342 D SAN_SERVICE: DM App Phone Service State - 0
07-23 20:09:09.303   342   342 D SAN_SERVICE: *******************************************
07-23 20:09:19.553   342   342 D SAN_SERVICE: *******************************************
07-23 20:09:19.553   342   342 D SAN_SERVICE: DM App Phone Service State - 0
07-23 20:09:19.553   342   342 D SAN_SERVICE: *******************************************
07-23 20:09:31.483   342   342 D SAN_SERVICE: *******************************************
07-23 20:09:31.483   342   342 D SAN_SERVICE: DM App Phone Service State - 0
07-23 20:09:31.483   342   342 D SAN_SERVICE: *******************************************
07-23 20:09:32.206   342   342 D SAN_SERVICE: *******************************************
07-23 20:09:32.206   342   342 D SAN_SERVICE: DM App Phone Service State - 0
07-23 20:09:32.206   342   342 D SAN_SERVICE: *******************************************
07-23 20:09:32.331  1271  1273 D dalvikvm: GC_CONCURRENT freed 428K, 8% free 10279K/11079K, paused 2ms+3ms
07-23 20:09:32.631   145   199 D DhcpInfoInternal: makeLinkProperties with empty dns2!
07-23 20:09:32.635   145   199 D DhcpInfoInternal: makeLinkProperties with empty dns2!
07-23 20:09:40.018   342   342 D SAN_SERVICE: *******************************************
07-23 20:09:40.018   342   342 D SAN_SERVICE: DM App Phone Service State - 0
07-23 20:09:40.018   342   342 D SAN_SERVICE: *******************************************
07-23 20:09:40.288   342   342 D SAN_SERVICE: *******************************************
07-23 20:09:40.288   342   342 D SAN_SERVICE: DM App Phone Service State - 0
07-23 20:09:40.288   342   342 D SAN_SERVICE: *******************************************
07-23 20:09:41.034   342   342 D SAN_SERVICE: *******************************************
07-23 20:09:41.034   342   342 D SAN_SERVICE: DM App Phone Service State - 0
07-23 20:09:41.034   342   342 D SAN_SERVICE: *******************************************
07-23 20:09:50.256   342   342 D SAN_SERVICE: *******************************************
07-23 20:09:50.256   342   342 D SAN_SERVICE: DM App Phone Service State - 0
07-23 20:09:50.256   342   342 D SAN_SERVICE: *******************************************
07-23 20:09:50.534   342   342 D SAN_SERVICE: *******************************************
07-23 20:09:50.534   342   342 D SAN_SERVICE: DM App Phone Service State - 0
07-23 20:09:50.534   342   342 D SAN_SERVICE: *******************************************
07-23 20:09:51.233   342   342 D SAN_SERVICE: *******************************************
07-23 20:09:51.233   342   342 D SAN_SERVICE: DM App Phone Service State - 0
07-23 20:09:51.233   342   342 D SAN_SERVICE: *******************************************
07-23 20:09:51.268  3729  4537 I SyncService: Starting sync (20:09:51)
07-23 20:09:52.569  3729  3732 D dalvikvm: GC_CONCURRENT freed 556K, 12% free 11518K/12999K, paused 4ms+3ms
07-23 20:09:52.655  3729  4540 D dalvikvm: GC_FOR_ALLOC freed 78K, 11% free 11570K/12999K, paused 27ms
07-23 20:09:52.655  3729  4540 I dalvikvm-heap: Grow heap (frag case) to 11.413MB for 46494-byte allocation
07-23 20:09:52.682  3729  4540 D dalvikvm: GC_FOR_ALLOC freed 2K, 12% free 11612K/13063K, paused 26ms
07-23 20:09:52.749  3729  4540 D dalvikvm: GC_FOR_ALLOC freed 276K, 11% free 11674K/13063K, paused 27ms
07-23 20:09:52.749  3729  4540 I dalvikvm-heap: Grow heap (frag case) to 11.506MB for 37304-byte allocation
07-23 20:09:52.776  3729  4540 D dalvikvm: GC_FOR_ALLOC freed 57K, 12% free 11654K/13127K, paused 26ms
07-23 20:09:52.811  3729  4540 D dalvikvm: GC_FOR_ALLOC freed 159K, 12% free 11598K/13127K, paused 25ms
07-23 20:09:52.811  3729  4540 I dalvikvm-heap: Grow heap (frag case) to 11.441MB for 46504-byte allocation
07-23 20:09:52.839  3729  4540 D dalvikvm: GC_FOR_ALLOC freed <1K, 12% free 11643K/13191K, paused 26ms
07-23 20:09:53.065  3729  3732 D dalvikvm: GC_CONCURRENT freed 839K, 13% free 11552K/13191K, paused 2ms+2ms
07-23 20:09:53.788   145   421 D SyncManager: setSyncAutomatically: , provider com.google.android.apps.currents -> true
07-23 20:09:53.788   145   421 D SyncManager: setSyncAutomatically: already set to true, doing nothing
07-23 20:09:54.288  3729  3732 D dalvikvm: GC_CONCURRENT freed 531K, 11% free 11793K/13191K, paused 2ms+3ms
07-23 20:09:54.471  3729  3732 D dalvikvm: GC_CONCURRENT freed 545K, 9% free 12064K/13191K, paused 2ms+3ms
07-23 20:09:54.694   145   157 D dalvikvm: GC_EXPLICIT freed 707K, 17% free 15241K/18311K, paused 3ms+6ms
07-23 20:09:54.803  3729  3732 D dalvikvm: GC_CONCURRENT freed 1549K, 14% free 11447K/13191K, paused 2ms+3ms
07-23 20:09:55.381  3729  3732 D dalvikvm: GC_CONCURRENT freed 671K, 14% free 11459K/13191K, paused 3ms+3ms
07-23 20:09:56.131  3729  3732 D dalvikvm: GC_CONCURRENT freed 667K, 13% free 11482K/13191K, paused 2ms+3ms
07-23 20:09:56.299  3729  3732 D dalvikvm: GC_CONCURRENT freed 692K, 13% free 11486K/13191K, paused 3ms+2ms
07-23 20:09:56.460  3729  3732 D dalvikvm: GC_CONCURRENT freed 674K, 13% free 11516K/13191K, paused 2ms+2ms
07-23 20:09:57.796  3729  3732 D dalvikvm: GC_CONCURRENT freed 758K, 14% free 11461K/13191K, paused 2ms+3ms
07-23 20:09:57.960  3729  3732 D dalvikvm: GC_CONCURRENT freed 648K, 13% free 11502K/13191K, paused 2ms+3ms
07-23 20:09:58.124  3729  3732 D dalvikvm: GC_CONCURRENT freed 682K, 13% free 11519K/13191K, paused 2ms+2ms
07-23 20:09:58.303  3729  4540 D dalvikvm: GC_EXPLICIT freed 572K, 13% free 11522K/13191K, paused 2ms+3ms
07-23 20:09:59.241  3729  3732 D dalvikvm: GC_CONCURRENT freed 760K, 14% free 11471K/13191K, paused 2ms+3ms
07-23 20:10:00.003  3729  3732 D dalvikvm: GC_CONCURRENT freed 702K, 14% free 11464K/13191K, paused 2ms+2ms
07-23 20:10:00.464   342   342 D SAN_SERVICE: *******************************************
07-23 20:10:00.464   342   342 D SAN_SERVICE: DM App Phone Service State - 0
07-23 20:10:00.464   342   342 D SAN_SERVICE: *******************************************
07-23 20:10:00.510   293   295 D dalvikvm: GC_CONCURRENT freed 464K, 6% free 10351K/10951K, paused 5ms+3ms
07-23 20:10:00.592  3729  3732 D dalvikvm: GC_CONCURRENT freed 670K, 13% free 11481K/13191K, paused 2ms+3ms
07-23 20:10:00.749  3729  3732 D dalvikvm: GC_CONCURRENT freed 670K, 13% free 11508K/13191K, paused 2ms+3ms
07-23 20:10:00.971  3729  3732 D dalvikvm: GC_CONCURRENT freed 685K, 13% free 11528K/13191K, paused 2ms+3ms
07-23 20:10:02.764  3729  3732 D dalvikvm: GC_CONCURRENT freed 732K, 13% free 11506K/13191K, paused 2ms+8ms
07-23 20:10:02.924  3729  3732 D dalvikvm: GC_CONCURRENT freed 686K, 13% free 11520K/13191K, paused 2ms+3ms
07-23 20:10:03.245  3729  3732 D dalvikvm: GC_CONCURRENT freed 667K, 13% free 11559K/13191K, paused 2ms+2ms
07-23 20:10:03.940  3729  3732 D dalvikvm: GC_CONCURRENT freed 770K, 13% free 11512K/13191K, paused 2ms+2ms
07-23 20:10:04.081  3729  3736 I dalvikvm: Jit: resizing JitTable from 4096 to 8192
07-23 20:10:05.389  3729  3732 D dalvikvm: GC_CONCURRENT freed 722K, 13% free 11500K/13191K, paused 3ms+4ms
07-23 20:10:06.311  3729  3732 D dalvikvm: GC_CONCURRENT freed 694K, 13% free 11510K/13191K, paused 2ms+3ms
07-23 20:10:06.475  3729  3732 D dalvikvm: GC_CONCURRENT freed 665K, 13% free 11550K/13191K, paused 2ms+3ms
07-23 20:10:07.042  3729  3732 D dalvikvm: GC_CONCURRENT freed 674K, 13% free 11590K/13191K, paused 2ms+3ms
07-23 20:10:07.202   145   363 D dalvikvm: GC_EXPLICIT freed 728K, 17% free 15212K/18311K, paused 3ms+6ms
07-23 20:10:08.139  3729  3732 D dalvikvm: GC_CONCURRENT freed 779K, 13% free 11544K/13191K, paused 2ms+3ms
07-23 20:10:08.276  3729  3732 D dalvikvm: GC_CONCURRENT freed 732K, 13% free 11532K/13191K, paused 2ms+2ms
07-23 20:10:08.424  3729  3732 D dalvikvm: GC_CONCURRENT freed 671K, 13% free 11571K/13191K, paused 2ms+4ms
07-23 20:10:08.714  3729  3732 D dalvikvm: GC_CONCURRENT freed 651K, 12% free 11648K/13191K, paused 2ms+3ms
07-23 20:10:09.991  3729  3732 D dalvikvm: GC_CONCURRENT freed 863K, 13% free 11572K/13191K, paused 2ms+3ms
07-23 20:10:10.143  3729  3732 D dalvikvm: GC_CONCURRENT freed 720K, 13% free 11575K/13191K, paused 2ms+4ms
07-23 20:10:10.225  3729  4540 D dalvikvm: GC_FOR_ALLOC freed 306K, 12% free 11638K/13191K, paused 27ms
07-23 20:10:10.225  3729  4540 I dalvikvm-heap: Grow heap (frag case) to 11.548MB for 119078-byte allocation
07-23 20:10:10.253  3729  4540 D dalvikvm: GC_FOR_ALLOC freed 62K, 13% free 11692K/13319K, paused 26ms
07-23 20:10:10.288  3729  4540 D dalvikvm: GC_FOR_ALLOC freed 121K, 13% free 11660K/13319K, paused 26ms
07-23 20:10:10.346  3729  4540 D dalvikvm: GC_FOR_ALLOC freed 341K, 14% free 11578K/13319K, paused 27ms
07-23 20:10:10.776   342   342 D SAN_SERVICE: *******************************************
07-23 20:10:10.776   342   342 D SAN_SERVICE: DM App Phone Service State - 0
07-23 20:10:10.776   342   342 D SAN_SERVICE: *******************************************
07-23 20:10:10.897  3729  3732 D dalvikvm: GC_CONCURRENT freed 695K, 13% free 11610K/13319K, paused 2ms+2ms
07-23 20:10:10.979   342   342 D SAN_SERVICE: *******************************************
07-23 20:10:10.979   342   342 D SAN_SERVICE: DM App Phone Service State - 0
07-23 20:10:10.979   342   342 D SAN_SERVICE: *******************************************
07-23 20:10:11.053  3729  3732 D dalvikvm: GC_CONCURRENT freed 704K, 13% free 11664K/13319K, paused 2ms+3ms
07-23 20:10:11.792   342   342 D SAN_SERVICE: *******************************************
07-23 20:10:11.792   342   342 D SAN_SERVICE: DM App Phone Service State - 0
07-23 20:10:11.792   342   342 D SAN_SERVICE: *******************************************
07-23 20:10:13.964  3729  3732 D dalvikvm: GC_CONCURRENT freed 840K, 14% free 11577K/13319K, paused 2ms+3ms
07-23 20:10:14.112  3729  3732 D dalvikvm: GC_CONCURRENT freed 758K, 14% free 11549K/13319K, paused 2ms+2ms
07-23 20:10:14.264  3729  3732 D dalvikvm: GC_CONCURRENT freed 719K, 14% free 11545K/13319K, paused 2ms+2ms
07-23 20:10:14.393  3729  3732 D dalvikvm: GC_CONCURRENT freed 539K, 13% free 11719K/13319K, paused 2ms+3ms
07-23 20:10:14.503  3729  3732 D dalvikvm: GC_CONCURRENT freed 569K, 11% free 11924K/13319K, paused 2ms+3ms
07-23 20:10:14.635  3729  3732 D dalvikvm: GC_CONCURRENT freed 680K, 10% free 12086K/13319K, paused 2ms+3ms
07-23 20:10:14.749  3729  3732 D dalvikvm: GC_CONCURRENT freed 1594K, 15% free 11387K/13319K, paused 2ms+2ms
07-23 20:10:16.042  3729  4537 I SyncService: sync service finished (20:10:16)
07-23 20:10:21.143   342   342 D SAN_SERVICE: *******************************************
07-23 20:10:21.143   342   342 D SAN_SERVICE: DM App Phone Service State - 0
07-23 20:10:21.143   342   342 D SAN_SERVICE: *******************************************
07-23 20:10:22.010   342   342 D SAN_SERVICE: *******************************************
07-23 20:10:22.010   342   342 D SAN_SERVICE: DM App Phone Service State - 0
07-23 20:10:22.010   342   342 D SAN_SERVICE: *******************************************
07-23 20:10:31.030  3677  3697 D dalvikvm: GC_EXPLICIT freed 396K, 7% free 10591K/11335K, paused 2ms+3ms
07-23 20:10:31.323   342   342 D SAN_SERVICE: *******************************************
07-23 20:10:31.323   342   342 D SAN_SERVICE: DM App Phone Service State - 0
07-23 20:10:31.323   342   342 D SAN_SERVICE: *******************************************
07-23 20:10:32.432  1271  1273 D dalvikvm: GC_CONCURRENT freed 460K, 8% free 10262K/11079K, paused 1ms+2ms
07-23 20:10:41.479   342   342 D SAN_SERVICE: *******************************************
07-23 20:10:41.479   342   342 D SAN_SERVICE: DM App Phone Service State - 0
07-23 20:10:41.479   342   342 D SAN_SERVICE: *******************************************
07-23 20:10:41.495   342   345 D dalvikvm: GC_CONCURRENT freed 386K, 7% free 9463K/10119K, paused 2ms+2ms
07-23 20:10:41.756   342   342 D SAN_SERVICE: *******************************************
07-23 20:10:41.756   342   342 D SAN_SERVICE: DM App Phone Service State - 0
07-23 20:10:41.756   342   342 D SAN_SERVICE: *******************************************
07-23 20:10:42.491   342   342 D SAN_SERVICE: *******************************************
07-23 20:10:42.491   342   342 D SAN_SERVICE: DM App Phone Service State - 0
07-23 20:10:42.491   342   342 D SAN_SERVICE: *******************************************
07-23 20:10:47.905  3905  3918 I PhoneLab-: Service Running
07-23 20:10:48.014  3905  3918 I PhoneLab-LoggerService: app_37    1300  1     1440   1068  c00f181c 400107b4 S logcat
07-23 20:10:48.014  3905  3918 I PhoneLab-LoggerService: Logcat pid from database 1300
07-23 20:10:48.014  3905  3918 I PhoneLab-LoggerService: Logcat process found 1300
07-23 20:10:48.018  3905  3918 I PhoneLab-LoggerService: Checking Threshold
07-23 20:10:51.811   342   342 D SAN_SERVICE: *******************************************
07-23 20:10:51.811   342   342 D SAN_SERVICE: DM App Phone Service State - 0
07-23 20:10:51.811   342   342 D SAN_SERVICE: *******************************************
07-23 20:10:51.964   342   342 D SAN_SERVICE: *******************************************
07-23 20:10:51.964   342   342 D SAN_SERVICE: DM App Phone Service State - 0
07-23 20:10:51.964   342   342 D SAN_SERVICE: *******************************************
07-23 20:10:52.698   342   342 D SAN_SERVICE: *******************************************
07-23 20:10:52.698   342   342 D SAN_SERVICE: DM App Phone Service State - 0
07-23 20:10:52.698   342   342 D SAN_SERVICE: *******************************************
07-23 20:11:01.956   342   342 D SAN_SERVICE: *******************************************
07-23 20:11:01.956   342   342 D SAN_SERVICE: DM App Phone Service State - 0
07-23 20:11:01.956   342   342 D SAN_SERVICE: *******************************************
07-23 20:11:32.467  3677  3679 D dalvikvm: GC_CONCURRENT freed 509K, 7% free 10605K/11335K, paused 2ms+2ms
07-23 20:11:32.589  1271  1273 D dalvikvm: GC_CONCURRENT freed 420K, 8% free 10279K/11079K, paused 1ms+2ms
07-23 20:11:45.546   293  3254 D dalvikvm: GC_EXPLICIT freed 168K, 6% free 10299K/10951K, paused 3ms+3ms
07-23 20:11:45.639   145   423 D dalvikvm: GC_EXPLICIT freed 593K, 17% free 15234K/18311K, paused 3ms+6ms
07-23 20:11:53.178   342   342 D SAN_SERVICE: *******************************************
07-23 20:11:53.178   342   342 D SAN_SERVICE: DM App Phone Service State - 0
07-23 20:11:53.178   342   342 D SAN_SERVICE: *******************************************
07-23 20:11:53.405   342   342 D SAN_SERVICE: *******************************************
07-23 20:11:53.409   342   342 D SAN_SERVICE: DM App Phone Service State - 0
07-23 20:11:53.409   342   342 D SAN_SERVICE: *******************************************
07-23 20:11:57.296   145   199 D DhcpInfoInternal: makeLinkProperties with empty dns2!
07-23 20:11:57.296   145   199 D DhcpInfoInternal: makeLinkProperties with empty dns2!
07-23 20:12:29.069   342   342 D SAN_SERVICE: *******************************************
07-23 20:12:29.069   342   342 D SAN_SERVICE: DM App Phone Service State - 0
07-23 20:12:29.069   342   342 D SAN_SERVICE: *******************************************
07-23 20:12:29.288   342   342 D SAN_SERVICE: *******************************************
07-23 20:12:29.288   342   342 D SAN_SERVICE: DM App Phone Service State - 0
07-23 20:12:29.288   342   342 D SAN_SERVICE: *******************************************
07-23 20:12:29.526   342   342 D SAN_SERVICE: *******************************************
07-23 20:12:29.526   342   342 D SAN_SERVICE: DM App Phone Service State - 0
07-23 20:12:29.526   342   342 D SAN_SERVICE: *******************************************
07-23 20:12:32.592  1271  1273 D dalvikvm: GC_CONCURRENT freed 434K, 8% free 10276K/11079K, paused 1ms+2ms
07-23 20:12:39.288   342   342 D SAN_SERVICE: *******************************************
07-23 20:12:39.288   342   342 D SAN_SERVICE: DM App Phone Service State - 0
07-23 20:12:39.288   342   342 D SAN_SERVICE: *******************************************
07-23 20:12:39.518   342   342 D SAN_SERVICE: *******************************************
07-23 20:12:39.518   342   342 D SAN_SERVICE: DM App Phone Service State - 0
07-23 20:12:39.518   342   342 D SAN_SERVICE: *******************************************
07-23 20:12:40.260   342   342 D SAN_SERVICE: *******************************************
07-23 20:12:40.260   342   342 D SAN_SERVICE: DM App Phone Service State - 0
07-23 20:12:40.260   342   342 D SAN_SERVICE: *******************************************
07-23 20:12:47.905  3905  3918 I PhoneLab-: Service Running
07-23 20:12:48.014  3905  3918 I PhoneLab-LoggerService: app_37    1300  1     1440   1068  c00f181c 400107b4 S logcat
07-23 20:12:48.014  3905  3918 I PhoneLab-LoggerService: Logcat pid from database 1300
07-23 20:12:48.018  3905  3918 I PhoneLab-LoggerService: Logcat process found 1300
07-23 20:12:48.018  3905  3918 I PhoneLab-LoggerService: Checking Threshold
07-23 20:12:49.464   342   342 D SAN_SERVICE: *******************************************
07-23 20:12:49.464   342   342 D SAN_SERVICE: DM App Phone Service State - 0
07-23 20:12:49.464   342   342 D SAN_SERVICE: *******************************************
07-23 20:12:49.733   342   342 D SAN_SERVICE: *******************************************
07-23 20:12:49.733   342   342 D SAN_SERVICE: DM App Phone Service State - 0
07-23 20:12:49.733   342   342 D SAN_SERVICE: *******************************************
07-23 20:12:50.514   342   342 D SAN_SERVICE: *******************************************
07-23 20:12:50.514   342   342 D SAN_SERVICE: DM App Phone Service State - 0
07-23 20:12:50.514   342   342 D SAN_SERVICE: *******************************************
07-23 20:13:32.581  3677  3679 D dalvikvm: GC_CONCURRENT freed 525K, 7% free 10606K/11335K, paused 1ms+3ms
07-23 20:13:32.639  1271  1271 D dalvikvm: GC_EXPLICIT freed 52K, 8% free 10229K/11079K, paused 2ms+2ms
07-23 20:13:32.741  1271  1273 D dalvikvm: GC_CONCURRENT freed 386K, 8% free 10275K/11079K, paused 2ms+2ms
07-23 20:13:35.569   342   342 D SAN_SERVICE: *******************************************
07-23 20:13:35.569   342   342 D SAN_SERVICE: DM App Phone Service State - 0
07-23 20:13:35.569   342   342 D SAN_SERVICE: *******************************************
07-23 20:13:35.831   342   342 D SAN_SERVICE: *******************************************
07-23 20:13:35.831   342   342 D SAN_SERVICE: DM App Phone Service State - 0
07-23 20:13:35.835   342   342 D SAN_SERVICE: *******************************************
07-23 20:13:36.589   342   342 D SAN_SERVICE: *******************************************
07-23 20:13:36.589   342   342 D SAN_SERVICE: DM App Phone Service State - 0
07-23 20:13:36.589   342   342 D SAN_SERVICE: *******************************************
07-23 20:14:21.971   145   199 D DhcpInfoInternal: makeLinkProperties with empty dns2!
07-23 20:14:21.971   145   199 D DhcpInfoInternal: makeLinkProperties with empty dns2!
07-23 20:14:26.792   342   342 D SAN_SERVICE: *******************************************
07-23 20:14:26.792   342   342 D SAN_SERVICE: DM App Phone Service State - 0
07-23 20:14:26.792   342   342 D SAN_SERVICE: *******************************************
07-23 20:14:27.018   342   342 D SAN_SERVICE: *******************************************
07-23 20:14:27.018   342   342 D SAN_SERVICE: DM App Phone Service State - 0
07-23 20:14:27.018   342   342 D SAN_SERVICE: *******************************************
07-23 20:14:27.530   342   342 D SAN_SERVICE: *******************************************
07-23 20:14:27.530   342   342 D SAN_SERVICE: DM App Phone Service State - 0
07-23 20:14:27.530   342   342 D SAN_SERVICE: *******************************************
07-23 20:14:32.741  1271  1273 D dalvikvm: GC_CONCURRENT freed 435K, 8% free 10279K/11079K, paused 2ms+2ms
07-23 20:14:47.905  3905  3918 I PhoneLab-: Service Running
07-23 20:14:47.987  3905  3918 I PhoneLab-LoggerService: app_37    1300  1     1440   1068  c00f181c 400107b4 S logcat
07-23 20:14:47.987  3905  3918 I PhoneLab-LoggerService: Logcat pid from database 1300
07-23 20:14:47.987  3905  3918 I PhoneLab-LoggerService: Logcat process found 1300
07-23 20:14:47.987  3905  3918 I PhoneLab-LoggerService: Checking Threshold
07-23 20:14:59.217   342   342 D SAN_SERVICE: *******************************************
07-23 20:14:59.217   342   342 D SAN_SERVICE: DM App Phone Service State - 0
07-23 20:14:59.217   342   342 D SAN_SERVICE: *******************************************
07-23 20:14:59.948   342   342 D SAN_SERVICE: *******************************************
07-23 20:14:59.948   342   342 D SAN_SERVICE: DM App Phone Service State - 0
07-23 20:14:59.948   342   342 D SAN_SERVICE: *******************************************
07-23 20:14:59.979   342   345 D dalvikvm: GC_CONCURRENT freed 384K, 7% free 9463K/10119K, paused 1ms+2ms
07-23 20:15:07.717   342   342 D SAN_SERVICE: *******************************************
07-23 20:15:07.717   342   342 D SAN_SERVICE: DM App Phone Service State - 0
07-23 20:15:07.717   342   342 D SAN_SERVICE: *******************************************
07-23 20:15:16.124  3729  3732 D dalvikvm: GC_CONCURRENT freed 505K, 14% free 11542K/13319K, paused 2ms+3ms
07-23 20:15:23.085   342   342 D SAN_SERVICE: *******************************************
07-23 20:15:23.085   342   342 D SAN_SERVICE: DM App Phone Service State - 0
07-23 20:15:23.085   342   342 D SAN_SERVICE: *******************************************
07-23 20:15:23.358   342   342 D SAN_SERVICE: *******************************************
07-23 20:15:23.358   342   342 D SAN_SERVICE: DM App Phone Service State - 0
07-23 20:15:23.358   342   342 D SAN_SERVICE: *******************************************
07-23 20:15:23.831   342   342 D SAN_SERVICE: *******************************************
07-23 20:15:23.831   342   342 D SAN_SERVICE: DM App Phone Service State - 0
07-23 20:15:23.831   342   342 D SAN_SERVICE: *******************************************
07-23 20:15:32.702  3677  3679 D dalvikvm: GC_CONCURRENT freed 525K, 7% free 10610K/11335K, paused 1ms+3ms
07-23 20:15:32.835  1271  1273 D dalvikvm: GC_CONCURRENT freed 445K, 8% free 10269K/11079K, paused 2ms+3ms
07-23 20:15:33.342   342   342 D SAN_SERVICE: *******************************************
07-23 20:15:33.342   342   342 D SAN_SERVICE: DM App Phone Service State - 0
07-23 20:15:33.342   342   342 D SAN_SERVICE: *******************************************
07-23 20:15:33.604   342   342 D SAN_SERVICE: *******************************************
07-23 20:15:33.604   342   342 D SAN_SERVICE: DM App Phone Service State - 0
07-23 20:15:33.604   342   342 D SAN_SERVICE: *******************************************
07-23 20:15:34.342   342   342 D SAN_SERVICE: *******************************************
07-23 20:15:34.342   342   342 D SAN_SERVICE: DM App Phone Service State - 0
07-23 20:15:34.342   342   342 D SAN_SERVICE: *******************************************
07-23 20:15:40.124   342   342 D SAN_SERVICE: *******************************************
07-23 20:15:40.124   342   342 D SAN_SERVICE: DM App Phone Service State - 0
07-23 20:15:40.124   342   342 D SAN_SERVICE: *******************************************
07-23 20:15:48.674   342   342 D SAN_SERVICE: *******************************************
07-23 20:15:48.674   342   342 D SAN_SERVICE: DM App Phone Service State - 0
07-23 20:15:48.674   342   342 D SAN_SERVICE: *******************************************
07-23 20:16:19.378   342   342 D SAN_SERVICE: *******************************************
07-23 20:16:19.378   342   342 D SAN_SERVICE: DM App Phone Service State - 0
07-23 20:16:19.378   342   342 D SAN_SERVICE: *******************************************
07-23 20:16:19.639   342   342 D SAN_SERVICE: *******************************************
07-23 20:16:19.639   342   342 D SAN_SERVICE: DM App Phone Service State - 0
07-23 20:16:19.639   342   342 D SAN_SERVICE: *******************************************
