07-21 18:07:57.742 20372 20392 D dalvikvm: GC_FOR_ALLOC freed 127K, 6% free 11335K/11975K, paused 65ms
07-21 18:07:57.746 20372 20392 I dalvikvm-heap: Grow heap (frag case) to 11.637MB for 523548-byte allocation
07-21 18:07:57.941 20372 20392 D dalvikvm: GC_FOR_ALLOC freed 255K, 8% free 11591K/12487K, paused 188ms
07-21 18:07:58.640 20372 20375 D dalvikvm: GC_CONCURRENT freed 261K, 4% free 12097K/12487K, paused 4ms+3ms
07-21 18:07:59.211   144  1185 I ActivityManager: Process android.process.acore (pid 20406) has died.
07-21 18:08:00.945 17427 17440 I PhoneLab-: Service Running
07-21 18:08:01.082 17427 17430 D dalvikvm: GC_CONCURRENT freed 418K, 14% free 9147K/10567K, paused 2ms+2ms
07-21 18:08:01.152 17427 17440 I PhoneLab-LoggerService: app_37    1303  1     1440   1000  c00f181c 400107b4 S logcat
07-21 18:08:01.152 17427 17440 I PhoneLab-LoggerService: Logcat pid from database 1303
07-21 18:08:01.152 17427 17440 I PhoneLab-LoggerService: Logcat process found 1303
07-21 18:08:01.152 17427 17440 I PhoneLab-LoggerService: Checking Threshold
07-21 18:08:01.203 17427 17440 I PhoneLab-LoggerService: Starting to rename files
07-21 18:08:01.203 17427 17440 I PhoneLab-LoggerService: Files found .. 2
07-21 18:08:01.203 17427 17440 I PhoneLab-LoggerService: File 1 log.out.1
07-21 18:08:01.234 17427 17440 I PhoneLab-LoggerService: Renamed successfully
07-21 18:08:01.531   144   335 I ActivityManager: Start proc com.google.android.apps.maps:LocationFriendService for service com.google.android.apps.maps/com.google.googlenav.friend.reporting.LocationReceiverService: pid=20424 uid=10056 gids={3003, 1015}
07-21 18:08:01.683 20424 20427 D dalvikvm: GC_CONCURRENT freed 173K, 3% free 9363K/9607K, paused 2ms+2ms
07-21 18:08:02.109 20424 20427 D dalvikvm: GC_CONCURRENT freed 148K, 3% free 9648K/9927K, paused 6ms+12ms
07-21 18:08:02.226 20372 20375 D dalvikvm: GC_CONCURRENT freed 1838K, 15% free 11316K/13255K, paused 2ms+8ms
07-21 18:08:02.382   144 29906 I ActivityManager: Process com.google.android.apps.docs (pid 20328) has died.
07-21 18:08:02.511 20424 20427 D dalvikvm: GC_CONCURRENT freed 314K, 4% free 9843K/10247K, paused 2ms+3ms
07-21 18:08:02.640 20424 20431 I dalvikvm: Total arena pages for JIT: 11
07-21 18:08:02.644 20424 20431 I dalvikvm: Total arena pages for JIT: 12
07-21 18:08:02.644 20424 20431 I dalvikvm: Total arena pages for JIT: 13
07-21 18:08:02.644 20424 20431 I dalvikvm: Total arena pages for JIT: 14
07-21 18:08:02.644 20424 20431 I dalvikvm: Total arena pages for JIT: 15
07-21 18:08:02.648 20424 20431 I dalvikvm: Total arena pages for JIT: 16
07-21 18:08:02.648 20424 20431 I dalvikvm: Total arena pages for JIT: 17
07-21 18:08:02.730 20424 20427 D dalvikvm: GC_CONCURRENT freed 388K, 5% free 9971K/10439K, paused 2ms+2ms
07-21 18:08:03.257  7861  7861 I GTalkService/c: [GTalkConnection@1093866792] connect: acct=1, state=CONNECTING
07-21 18:08:03.402   144   497 I ActivityManager: Start proc android.process.acore for content provider com.android.providers.contacts/.ContactsProvider2: pid=20448 uid=10000 gids={3003, 1015}
07-21 18:08:03.437 20448 20448 I ActivityThread: Pub call_log: com.android.providers.contacts.CallLogProvider
07-21 18:08:03.480 20448 20448 I ActivityThread: Pub com.android.voicemail: com.android.providers.contacts.VoicemailContentProvider
07-21 18:08:03.484 20448 20448 I ActivityThread: Pub user_dictionary: com.android.providers.userdictionary.UserDictionaryProvider
07-21 18:08:03.511 20448 20448 I ActivityThread: Pub com.android.social: com.android.providers.contacts.SocialProvider
07-21 18:08:03.515 20448 20448 I ActivityThread: Pub applications: com.android.providers.applications.ApplicationsProvider
07-21 18:08:03.652 20448 20448 I ActivityThread: Pub contacts;com.android.contacts: com.android.providers.contacts.ContactsProvider2
07-21 18:08:03.672 20448 20451 D dalvikvm: GC_CONCURRENT freed 359K, 5% free 9177K/9607K, paused 6ms+2ms
07-21 18:08:03.914 20448 20451 D dalvikvm: GC_CONCURRENT freed 231K, 4% free 9380K/9735K, paused 2ms+5ms
07-21 18:08:04.941 20448 20451 D dalvikvm: GC_CONCURRENT freed 157K, 3% free 9641K/9927K, paused 2ms+2ms
07-21 18:08:05.582  7861  7936 D dalvikvm: GC_EXPLICIT freed 318K, 8% free 10648K/11463K, paused 8ms+5ms
07-21 18:08:05.652   144   161 I ActivityManager: Start proc com.google.android.talk for broadcast com.google.android.talk/.ConnectionStateOnlineReceiver: pid=20464 uid=10045 gids={3003, 1015, 1006, 3002}
07-21 18:08:05.691    79    79 D dalvikvm: GC_EXPLICIT freed 38K, 4% free 9031K/9347K, paused 2ms+3ms
07-21 18:08:05.738    79    79 D dalvikvm: GC_EXPLICIT freed <1K, 4% free 9031K/9347K, paused 1ms+3ms
07-21 18:08:05.789    79    79 D dalvikvm: GC_EXPLICIT freed <1K, 4% free 9031K/9347K, paused 1ms+2ms
07-21 18:08:05.828   144   335 I ActivityManager: Process com.twitter.android (pid 20372) has died.
07-21 18:08:05.933 20464 20464 I ActivityThread: Pub com.google.android.talk.SuggestionProvider: com.google.android.talk.SuggestionsProvider
07-21 18:08:06.289 20464 20464 D vclib:CallStateClient: startListening
07-21 18:08:06.304 20464 20467 D dalvikvm: GC_CONCURRENT freed 134K, 3% free 9363K/9607K, paused 93ms+2ms
07-21 18:08:06.453   144   323 I ActivityManager: Start proc android.process.media for content provider com.android.providers.media/.MediaProvider: pid=20485 uid=10012 gids={1015, 1023, 1024, 2001, 3003, 3007}
07-21 18:08:06.539 20485 20485 I ActivityThread: Pub downloads: com.android.providers.downloads.DownloadProvider
07-21 18:08:06.593 20485 20485 I ActivityThread: Pub drm: com.android.providers.drm.DrmProvider
07-21 18:08:06.593 20485 20500 I DownloadManager: in removeSpuriousFiles
07-21 18:08:06.730 20485 20485 I ActivityThread: Pub media: com.android.providers.media.MediaProvider
07-21 18:08:06.730 20485 20500 I DownloadManager: in removeSpuriousFiles, preserving file /data/data/com.android.providers.downloads/cache/metadata.json
07-21 18:08:06.730 20485 20500 I DownloadManager: in removeSpuriousFiles, preserving file /data/data/com.android.providers.downloads/cache/en_general.htm
07-21 18:08:06.730 20485 20500 I DownloadManager: in removeSpuriousFiles, preserving file /mnt/sdcard/Download/img-thing.jpeg
07-21 18:08:06.730 20485 20500 I DownloadManager: in removeSpuriousFiles, preserving file /data/data/com.android.providers.downloads/cache/metadata-1.json
07-21 18:08:06.730 20485 20500 I DownloadManager: in removeSpuriousFiles, preserving file /data/data/com.android.providers.downloads/cache/downloadfile.jpeg
07-21 18:08:06.734 20485 20500 I DownloadManager: in removeSpuriousFiles, preserving file /data/data/com.android.providers.downloads/cache/metadata-2.json
07-21 18:08:06.734 20485 20500 I DownloadManager: in removeSpuriousFiles, preserving file /data/data/com.android.providers.downloads/cache/metadata-3.json
07-21 18:08:06.734 20485 20500 I DownloadManager: in removeSpuriousFiles, preserving file /data/data/com.android.providers.downloads/cache/downloadfile-1.jpeg
07-21 18:08:06.734 20485 20500 I DownloadManager: in removeSpuriousFiles, preserving file /data/data/com.android.providers.downloads/cache/downloadfile-2.jpeg
07-21 18:08:06.734 20485 20500 I DownloadManager: in removeSpuriousFiles, preserving file /data/data/com.android.providers.downloads/cache/metadata-4.json
07-21 18:08:06.734 20485 20500 I DownloadManager: in removeSpuriousFiles, preserving file /data/data/com.android.providers.downloads/cache/metadata-5.json
07-21 18:08:06.734 20485 20500 I DownloadManager: in removeSpuriousFiles, preserving file /data/data/com.android.providers.downloads/cache/metadata-6.json
07-21 18:08:06.734 20485 20500 I DownloadManager: in removeSpuriousFiles, preserving file /data/data/com.android.providers.downloads/cache/metadata-7.json
07-21 18:08:06.734 20485 20500 I DownloadManager: deleting spurious file /cache/backup
07-21 18:08:06.945   144   156 D dalvikvm: GC_EXPLICIT freed 1064K, 24% free 17615K/23047K, paused 13ms+9ms
07-21 18:08:07.675 20485 20487 D dalvikvm: GC_CONCURRENT freed 309K, 5% free 9198K/9607K, paused 2ms+3ms
07-21 18:08:08.121   144 29906 I ActivityManager: Process com.google.android.apps.maps:LocationFriendService (pid 20424) has died.
07-21 18:08:11.031  7861  7863 D dalvikvm: GC_CONCURRENT freed 340K, 7% free 10732K/11463K, paused 15ms+8ms
07-21 18:08:11.695 20448 20451 D dalvikvm: GC_CONCURRENT freed 522K, 7% free 9531K/10183K, paused 66ms+3ms
07-21 18:08:11.843 18108 18742 W DEBUG   : time: 0.925
07-21 18:08:11.859 18108 18742 W DEBUG   : time: 0.97
07-21 18:08:11.879 18108 18108 D PageTurnView: moveToPosition() moving to [position=GBS.PT286.w.6.0.0.0.2, chapterIndex=18, pageIndex=13, pageOffset=1], mode=1
07-21 18:08:11.922 18108 18108 I ReaderFragment: ReaderFragment#maybeUpdateMenu
07-21 18:08:11.925 18108 18108 W TOCActionItem: Ignoring setVolumeMetadata() call because we already have metadata
07-21 18:08:12.226 18108 18108 I ReaderFragment: ReaderFragment#maybeUpdateMenu
07-21 18:08:12.250 18108 18108 W TOCActionItem: Ignoring setVolumeMetadata() call because we already have metadata
07-21 18:08:12.519 18108 18108 D dalvikvm: GC_FOR_ALLOC freed 1213K, 16% free 16383K/19335K, paused 76ms
07-21 18:08:12.711 20448 20451 D dalvikvm: GC_CONCURRENT freed 335K, 6% free 9581K/10183K, paused 2ms+3ms
07-21 18:08:12.808 17377 17388 D dalvikvm: GC_EXPLICIT freed 164K, 8% free 9883K/10695K, paused 15ms+3ms
07-21 18:08:16.289   358   358 D dalvikvm: GC_EXPLICIT freed 25K, 6% free 9100K/9607K, paused 26ms+3ms
07-21 18:08:16.543   280   280 I wpa_supplicant: wlan0: Associated with e8:40:40:ad:4b:11
07-21 18:08:16.558   280   280 I wpa_supplicant: wlan0: CTRL-EVENT-EAP-STARTED EAP authentication started
07-21 18:08:16.574   280   280 I wpa_supplicant: wlan0: CTRL-EVENT-EAP-PROPOSED-METHOD vendor=0 method=4 -> NAK
07-21 18:08:16.582   280   280 I wpa_supplicant: wlan0: CTRL-EVENT-EAP-PROPOSED-METHOD vendor=0 method=25
07-21 18:08:16.582   280   280 I wpa_supplicant: wlan0: CTRL-EVENT-EAP-METHOD EAP vendor 0 method 25 (PEAP) selected
07-21 18:08:16.715   280   280 I wpa_supplicant: wlan0: CTRL-EVENT-EAP-PEER-CERT depth=2 subject='/C=US/O=Entrust.net/OU=www.entrust.net/CPS incorp. by ref. (limits liab.)/OU=(c) 1999 Entrust.net Limited/CN=Entrust.net Secure Server Certification Authority'
07-21 18:08:16.718   280   280 I wpa_supplicant: wlan0: CTRL-EVENT-EAP-PEER-CERT depth=2 subject='/C=US/O=Entrust.net/OU=www.entrust.net/CPS incorp. by ref. (limits liab.)/OU=(c) 1999 Entrust.net Limited/CN=Entrust.net Secure Server Certification Authority'
07-21 18:08:16.734   280   280 I wpa_supplicant: wlan0: CTRL-EVENT-EAP-PEER-CERT depth=1 subject='/C=US/ST=UT/L=Salt Lake City/O=The USERTRUST Network/CN=USERTrust Legacy Secure Server CA'
07-21 18:08:16.761   280   280 I wpa_supplicant: wlan0: CTRL-EVENT-EAP-PEER-CERT depth=0 subject='/C=US/postalCode=14260/ST=New York/L=Buffalo/street=305 Computing Center/O=SUNY AT BUFFALO/OU=Office of the President/OU=Issued through UNIVERSITY AT BUFFALO E-PKI Manager/OU=PremiumSSL Legacy/CN=ubsecure.acsu.buffalo.edu'
07-21 18:08:21.363 18108 18108 D dalvikvm: GC_EXPLICIT freed 766K, 16% free 16368K/19335K, paused 3ms+4ms
07-21 18:08:25.961   280   280 I wpa_supplicant: wlan0: CTRL-EVENT-DISCONNECTED bssid=e8:40:40:ad:4b:11 reason=0
07-21 18:08:32.507   144   160 D dalvikvm: GC_EXPLICIT freed 227K, 24% free 17567K/23047K, paused 51ms+8ms
07-21 18:08:36.152 20507 20507 D dalvikvm: Late-enabling CheckJNI
07-21 18:08:36.168   144   161 I ActivityManager: Start proc com.chess for broadcast com.chess/.backend.AlarmReceiver: pid=20507 uid=10079 gids={3003, 1015}
07-21 18:08:36.316 20507 20508 D dalvikvm: GC_CONCURRENT freed 154K, 3% free 9381K/9607K, paused 2ms+2ms
07-21 18:08:36.480 20507 20521 D GetStringObjTask: retrieving from url = http://www.chess.com/api/get_move_status?id=5HHjW9WUGa%2Bcu1LUwnVJPxTIWxmEve4VdkRnRyg7b5Ch69JH2Z5aB%2B7eGuFw8K2uFx47KFsdE3JRdR3Mzv0PkZOj6eZ8N73BvxmEERrzXjMNRo80rkLyJAUTh0iqof4n
07-21 18:08:37.668 20507 20521 D GetStringObjTask: WebRequest SERVER RESPONSE: Success+0
07-21 18:08:48.527  7861  7861 D dalvikvm: GC_EXPLICIT freed 329K, 7% free 10701K/11463K, paused 23ms+4ms
07-21 18:08:51.867   144 29906 D AlarmManagerService: Kernel timezone updated to 240 minutes west of GMT
07-21 18:08:51.871   347   347 D SystemClock: Setting time of day to sec=1342908531
07-21 18:08:51.119   144   161 I ActivityManager: Start proc com.android.calendar for broadcast com.android.calendar/.widget.CalendarAppWidgetService$CalendarFactory: pid=20523 uid=10005 gids={3003}
07-21 18:08:51.209 20523 20523 I ActivityThread: Pub com.android.calendar.CalendarRecentSuggestionsProvider: com.android.calendar.CalendarRecentSuggestionsProvider
07-21 18:08:51.443   144  1185 I ActivityManager: Start proc com.android.deskclock for broadcast com.android.deskclock/.AlarmInitReceiver: pid=20539 uid=10011 gids={}
07-21 18:08:51.521   144   497 I ActivityManager: Start proc com.android.providers.calendar for content provider com.android.providers.calendar/.CalendarProvider2: pid=20552 uid=10006 gids={3003, 1015}
07-21 18:08:51.564   144 28547 I ActivityManager: Process com.google.android.talk (pid 20464) has died.
07-21 18:08:51.572 20539 20539 I ActivityThread: Pub com.android.deskclock: com.android.deskclock.AlarmProvider
07-21 18:08:51.627 20552 20552 I ActivityThread: Pub com.android.calendar: com.android.providers.calendar.CalendarProvider2
07-21 18:08:51.775 20539 20565 V AlarmClock: AlarmInitReceiver finished
07-21 18:08:51.779   144   359 I ActivityManager: Process android.process.acore (pid 20448) has died.
07-21 18:08:52.869 20552 20552 I CalendarProvider2: Sending notification intent: Intent { act=android.intent.action.PROVIDER_CHANGED dat=content://com.android.calendar }
07-21 18:08:52.873 20552 20552 W ContentResolver: Failed to get type for: content://com.android.calendar (Unknown URL content://com.android.calendar)
07-21 18:08:52.928 18108 20573 I BooksSync: Starting books sync
07-21 18:08:54.768   347   347 D SAN_SERVICE: *******************************************
07-21 18:08:54.768   347   347 D SAN_SERVICE: DM App Phone Service State - 0
07-21 18:08:54.768   347   347 D SAN_SERVICE: *******************************************
07-21 18:08:54.861 18108 20573 D dalvikvm: GC_EXPLICIT freed 193K, 16% free 16407K/19335K, paused 3ms+4ms
07-21 18:08:56.717 18108 18742 W DEBUG   : time: 0.9225
07-21 18:08:56.736 18108 18742 W DEBUG   : time: 0.9675
07-21 18:08:56.752 18108 18108 D PageTurnView: moveToPosition() moving to [position=GBS.PT287.w.1.0.79, chapterIndex=18, pageIndex=14, pageOffset=1], mode=1
07-21 18:08:56.760 18108 18108 I ReaderFragment: ReaderFragment#maybeUpdateMenu
07-21 18:08:56.764 18108 18108 W TOCActionItem: Ignoring setVolumeMetadata() call because we already have metadata
07-21 18:08:56.783 18108 18108 I ReaderFragment: ReaderFragment#maybeUpdateMenu
07-21 18:08:56.787 18108 18108 W TOCActionItem: Ignoring setVolumeMetadata() call because we already have metadata
07-21 18:08:59.619   280   280 I wpa_supplicant: wlan0: Trying to associate with 00:13:1a:1f:da:81 (SSID='UB_Secure' freq=2462 MHz)
07-21 18:08:59.803   280   280 I wpa_supplicant: wlan0: Associated with 00:13:1a:1f:da:81
07-21 18:08:59.807   280   280 I wpa_supplicant: wlan0: CTRL-EVENT-EAP-STARTED EAP authentication started
07-21 18:08:59.814   280   280 I wpa_supplicant: wlan0: CTRL-EVENT-EAP-PROPOSED-METHOD vendor=0 method=4 -> NAK
07-21 18:08:59.818   280   280 I wpa_supplicant: wlan0: CTRL-EVENT-EAP-PROPOSED-METHOD vendor=0 method=25
07-21 18:08:59.818   280   280 I wpa_supplicant: wlan0: CTRL-EVENT-EAP-METHOD EAP vendor 0 method 25 (PEAP) selected
07-21 18:08:59.885   280   280 I wpa_supplicant: wlan0: CTRL-EVENT-EAP-PEER-CERT depth=2 subject='/C=US/O=Entrust.net/OU=www.entrust.net/CPS incorp. by ref. (limits liab.)/OU=(c) 1999 Entrust.net Limited/CN=Entrust.net Secure Server Certification Authority'
07-21 18:08:59.885   280   280 I wpa_supplicant: wlan0: CTRL-EVENT-EAP-PEER-CERT depth=2 subject='/C=US/O=Entrust.net/OU=www.entrust.net/CPS incorp. by ref. (limits liab.)/OU=(c) 1999 Entrust.net Limited/CN=Entrust.net Secure Server Certification Authority'
07-21 18:08:59.889   280   280 I wpa_supplicant: wlan0: CTRL-EVENT-EAP-PEER-CERT depth=1 subject='/C=US/ST=UT/L=Salt Lake City/O=The USERTRUST Network/CN=USERTrust Legacy Secure Server CA'
07-21 18:08:59.900   280   280 I wpa_supplicant: wlan0: CTRL-EVENT-EAP-PEER-CERT depth=0 subject='/C=US/postalCode=14260/ST=New York/L=Buffalo/street=305 Computing Center/O=SUNY AT BUFFALO/OU=Office of the President/OU=Issued through UNIVERSITY AT BUFFALO E-PKI Manager/OU=PremiumSSL Legacy/CN=ubsecure.acsu.buffalo.edu'
07-21 18:09:00.080   280   280 I wpa_supplicant: EAP-MSCHAPV2: Authentication succeeded
07-21 18:09:00.084   280   280 I wpa_supplicant: EAP-TLV: TLV Result - Success - EAP-TLV/Phase2 Completed
07-21 18:09:00.092   280   280 I wpa_supplicant: wlan0: CTRL-EVENT-EAP-SUCCESS EAP authentication completed successfully
07-21 18:09:00.170   280   280 I wpa_supplicant: wlan0: WPA: Key negotiation completed with 00:13:1a:1f:da:81 [PTK=CCMP GTK=TKIP]
07-21 18:09:00.170   280   280 I wpa_supplicant: wlan0: CTRL-EVENT-CONNECTED - Connection to 00:13:1a:1f:da:81 completed (reauth) [id=0 id_str=]
07-21 18:09:00.635   144  1185 I ActivityManager: Process com.chess (pid 20507) has died.
07-21 18:09:01.100   144   200 D ConnectivityService: ConnectivityChange for WIFI: CONNECTED/CONNECTED
07-21 18:09:01.100   144   200 D ConnectivityService: Policy requires mobile teardown
07-21 18:09:01.146 17427 17427 I PhoneLab-WiFiReceiver: Wi-Fi is connected!
07-21 18:09:01.146 17427 17427 I PhoneLab-WiFiReceiver: SSID: UB_Secure BSSID: 00:13:1a:1f:da:81 RSSI: -89 LinkSpeed: -1
07-21 18:09:01.150 17427 17427 I PhoneLab-Locks: wake lock acquired
07-21 18:09:01.166 17427 17427 I PhoneLab-UploadLogs: Transfering log files now
07-21 18:09:01.209   144   200 D ConnectivityService: ConnectivityChange for mobile: DISCONNECTED/DISCONNECTED
07-21 18:09:01.209   144   200 D ConnectivityService: Attempting to switch to WIFI
07-21 18:09:01.232   144   200 D ConnectivityService: Attempting to switch to WIMAX
07-21 18:09:01.232   144   200 D ConnectivityService: Attempting to switch to BLUETOOTH_TETHER
07-21 18:09:01.240   144   200 D NetUtils: android_net_utils_resetConnections in env=0x1f323c8 clazz=0xe4e00001 iface=rmnet0 mask=0x3
07-21 18:09:01.240   144   200 D ConnectivityService: resetConnections(rmnet0, 3)
07-21 18:09:01.248   144   195 W NetworkStats: dropping UID delta from unknown iface: iface=wlan0 uid=0 set=DEFAULT tag=0x0 rxBytes=0 rxPackets=0 txBytes=140 txPackets=2 operations=0
07-21 18:09:01.389 17427 17430 D dalvikvm: GC_CONCURRENT freed 400K, 13% free 9230K/10567K, paused 2ms+2ms
07-21 18:09:01.443 17427 17427 D dalvikvm: GC_FOR_ALLOC freed 178K, 11% free 9421K/10567K, paused 20ms
07-21 18:09:01.447 17427 17427 I dalvikvm-heap: Grow heap (frag case) to 9.761MB for 516692-byte allocation
07-21 18:09:01.486 17427 17430 D dalvikvm: GC_CONCURRENT freed 248K, 13% free 9677K/11079K, paused 1ms+3ms
07-21 18:09:01.490 17427 17427 I PhoneLab-UploadLogs: OnStartCommand
07-21 18:09:01.623  7861 20396 W Smack/Packet: notify conn break (IOEx), close connection
07-21 18:09:01.768 17339 17356 W System.err: javax.net.ssl.SSLException: SSL handshake aborted: ssl=0x1fa3c10: I/O error during system call, Connection timed out
07-21 18:09:01.799 17339 17356 W System.err: 	at org.apache.harmony.xnet.provider.jsse.NativeCrypto.SSL_do_handshake(Native Method)
07-21 18:09:01.799 17339 17356 W System.err: 	at org.apache.harmony.xnet.provider.jsse.OpenSSLSocketImpl.startHandshake(OpenSSLSocketImpl.java:410)
07-21 18:09:01.799 17339 17356 W System.err: 	at org.apache.harmony.xnet.provider.jsse.OpenSSLSocketImpl.startHandshake(OpenSSLSocketImpl.java:257)
07-21 18:09:01.799 17339 17356 W System.err: 	at android.net.SSLCertificateSocketFactory.verifyHostname(SSLCertificateSocketFactory.java:191)
07-21 18:09:01.803 17339 17356 W System.err: 	at android.net.SSLCertificateSocketFactory.createSocket(SSLCertificateSocketFactory.java:276)
07-21 18:09:01.803 17339 17356 W System.err: 	at org.apache.http.conn.ssl.SSLSocketFactory.createSocket(SSLSocketFactory.java:375)
07-21 18:09:01.803 17339 17356 W System.err: 	at e.d.createSocket(SourceFile:159)
07-21 18:09:01.803 17339 17356 W System.err: 	at org.apache.http.impl.conn.DefaultClientConnectionOperator.openConnection(DefaultClientConnectionOperator.java:165)
07-21 18:09:01.803 17339 17356 W System.err: 	at org.apache.http.impl.conn.AbstractPoolEntry.open(AbstractPoolEntry.java:164)
07-21 18:09:01.803 17339 17356 W System.err: 	at org.apache.http.impl.conn.AbstractPooledConnAdapter.open(AbstractPooledConnAdapter.java:119)
07-21 18:09:01.807 17339 17356 W System.err: 	at org.apache.http.impl.client.DefaultRequestDirector.execute(DefaultRequestDirector.java:360)
07-21 18:09:01.807 17339 17356 W System.err: 	at org.apache.http.impl.client.AbstractHttpClient.execute(AbstractHttpClient.java:555)
07-21 18:09:01.807 17339 17356 W System.err: 	at org.apache.http.impl.client.AbstractHttpClient.execute(AbstractHttpClient.java:487)
07-21 18:09:01.811 17339 17356 W System.err: 	at android.net.http.AndroidHttpClient.execute(AndroidHttpClient.java:257)
07-21 18:09:01.811 17339 17356 W System.err: 	at e.a.a(SourceFile:202)
07-21 18:09:01.811 17339 17356 W System.err: 	at e.a.execute(SourceFile:244)
07-21 18:09:01.811 17339 17356 W System.err: 	at e.a.execute(SourceFile:312)
07-21 18:09:01.811 17339 17356 W System.err: 	at am.c.a(SourceFile:126)
07-21 18:09:01.814 17339 17356 W System.err: 	at am.c.f(SourceFile:172)
07-21 18:09:01.814 17339 17356 W System.err: 	at p.d.run(SourceFile:419)
07-21 18:09:01.814 17339 17356 W System.err: 	at p.c.c(SourceFile:225)
07-21 18:09:01.814 17339 17356 W System.err: 	at p.c.run(SourceFile:199)
07-21 18:09:01.818 17339 17356 W System.err: 	at ao.c.run(SourceFile:96)
07-21 18:09:01.818  7861 20396 I qtaguid : Failed write_ctrl(u 87) res=-1 errno=22
07-21 18:09:01.818  7861 20396 I qtaguid : Untagging socket 87 failed errno=-22
07-21 18:09:01.818  7861 20396 W NetworkManagementSocketTagger: untagSocket(87) failed with errno -22
07-21 18:09:01.826   144   200 D ConnectivityService: handleInetConditionChange: net=0 != default=1 - ignore
07-21 18:09:02.021   144 29906 D dalvikvm: GC_EXPLICIT freed 1481K, 24% free 17617K/23047K, paused 11ms+8ms
07-21 18:09:02.061   144   385 I ActivityManager: Start proc com.google.android.apps.maps:LocationFriendService for service com.google.android.apps.maps/com.google.googlenav.friend.reporting.LocationReceiverService: pid=20607 uid=10056 gids={3003, 1015}
07-21 18:09:02.103 17427 20605 D dalvikvm: GC_FOR_ALLOC freed 356K, 13% free 9654K/11079K, paused 78ms
07-21 18:09:02.186 17427 20605 D dalvikvm: GC_FOR_ALLOC freed 301K, 13% free 9655K/11079K, paused 83ms
07-21 18:09:02.217 20607 20610 D dalvikvm: GC_CONCURRENT freed 165K, 3% free 9370K/9607K, paused 10ms+2ms
07-21 18:09:02.291 17427 20605 D dalvikvm: GC_FOR_ALLOC freed 301K, 13% free 9655K/11079K, paused 32ms
07-21 18:09:02.365   144   498 I ActivityManager: Process android.process.media (pid 20485) has died.
07-21 18:09:02.451   144  8560 I ActivityManager: Start proc android.process.acore for content provider com.android.providers.contacts/.ContactsProvider2: pid=20622 uid=10000 gids={3003, 1015}
07-21 18:09:02.486 20622 20622 I ActivityThread: Pub call_log: com.android.providers.contacts.CallLogProvider
07-21 18:09:02.553 20622 20622 I ActivityThread: Pub com.android.voicemail: com.android.providers.contacts.VoicemailContentProvider
07-21 18:09:02.557 20622 20622 I ActivityThread: Pub user_dictionary: com.android.providers.userdictionary.UserDictionaryProvider
07-21 18:09:02.588 20622 20622 I ActivityThread: Pub com.android.social: com.android.providers.contacts.SocialProvider
07-21 18:09:02.588 20622 20622 I ActivityThread: Pub applications: com.android.providers.applications.ApplicationsProvider
07-21 18:09:02.646 20607 20610 D dalvikvm: GC_CONCURRENT freed 156K, 3% free 9662K/9927K, paused 11ms+3ms
07-21 18:09:02.682 20622 20622 I ActivityThread: Pub contacts;com.android.contacts: com.android.providers.contacts.ContactsProvider2
07-21 18:09:02.709 20622 20625 D dalvikvm: GC_CONCURRENT freed 349K, 5% free 9186K/9607K, paused 2ms+3ms
07-21 18:09:02.986 20607 20610 D dalvikvm: GC_CONCURRENT freed 326K, 4% free 9848K/10247K, paused 2ms+4ms
07-21 18:09:03.143 18108 18110 D dalvikvm: GC_CONCURRENT freed 1901K, 16% free 16426K/19335K, paused 2ms+3ms
07-21 18:09:03.162   144   385 D AlarmManagerService: Kernel timezone updated to 240 minutes west of GMT
07-21 18:09:03.197 20607 20614 I dalvikvm: Total arena pages for JIT: 11
07-21 18:09:03.197 20607 20614 I dalvikvm: Total arena pages for JIT: 12
07-21 18:09:03.201 20607 20614 I dalvikvm: Total arena pages for JIT: 13
07-21 18:09:03.201 20607 20614 I dalvikvm: Total arena pages for JIT: 14
07-21 18:09:03.201 20607 20614 I dalvikvm: Total arena pages for JIT: 15
07-21 18:09:03.205 20607 20614 I dalvikvm: Total arena pages for JIT: 16
07-21 18:09:03.209 20607 20614 I dalvikvm: Total arena pages for JIT: 17
07-21 18:09:03.283 20607 20610 D dalvikvm: GC_CONCURRENT freed 395K, 5% free 9970K/10439K, paused 4ms+2ms
07-21 18:09:03.357 20607 20614 I dalvikvm: Total arena pages for JIT: 18
07-21 18:09:03.603 20607 20610 D dalvikvm: GC_CONCURRENT freed 465K, 6% free 9974K/10567K, paused 9ms+3ms
07-21 18:09:03.666 20622 20625 D dalvikvm: GC_CONCURRENT freed 228K, 4% free 9379K/9735K, paused 2ms+3ms
07-21 18:09:04.244   144   204 D Tethering: MasterInitialState.processMessage what=3
07-21 18:09:04.314 18108 18108 I ReaderFragment: ReaderFragment#maybeUpdateMenu
07-21 18:09:04.330   144   161 I ActivityManager: Start proc android.process.media for broadcast com.android.providers.downloads/.DownloadReceiver: pid=20651 uid=10012 gids={1015, 1023, 1024, 2001, 3003, 3007}
07-21 18:09:04.342 18108 18108 W TOCActionItem: Ignoring setVolumeMetadata() call because we already have metadata
07-21 18:09:04.381 18108 18108 I ReaderFragment: ReaderFragment#maybeUpdateMenu
07-21 18:09:04.381 18108 18108 W TOCActionItem: Ignoring setVolumeMetadata() call because we already have metadata
07-21 18:09:04.439  7861  7861 I GTalkService/c: [AndroidEndpoint@1094279080] connect: acct=1000000, state=CONNECTING
07-21 18:09:04.439  7861  7861 I GTalkService/c: [GTalkConnection@1093866792] connect: acct=1, state=CONNECTING
07-21 18:09:04.498   144   204 D Tethering: MasterInitialState.processMessage what=3
07-21 18:09:04.506 18108 18108 I ReaderFragment: ReaderFragment#maybeUpdateMenu
07-21 18:09:04.518   144   204 D Tethering: MasterInitialState.processMessage what=3
07-21 18:09:04.521 18108 18108 W TOCActionItem: Ignoring setVolumeMetadata() call because we already have metadata
07-21 18:09:04.545 18108 18108 I ReaderFragment: ReaderFragment#maybeUpdateMenu
07-21 18:09:04.545 18108 18108 W TOCActionItem: Ignoring setVolumeMetadata() call because we already have metadata
07-21 18:09:04.549 18108 18108 I ReaderFragment: ReaderFragment#maybeUpdateMenu
07-21 18:09:04.553 18108 18108 W TOCActionItem: Ignoring setVolumeMetadata() call because we already have metadata
07-21 18:09:04.553 18108 18108 I ReaderFragment: ReaderFragment#maybeUpdateMenu
07-21 18:09:04.557 18108 18108 W TOCActionItem: Ignoring setVolumeMetadata() call because we already have metadata
07-21 18:09:04.576 20651 20651 I ActivityThread: Pub downloads: com.android.providers.downloads.DownloadProvider
07-21 18:09:04.596 20651 20651 I ActivityThread: Pub drm: com.android.providers.drm.DrmProvider
07-21 18:09:04.596 20651 20664 I DownloadManager: in removeSpuriousFiles
07-21 18:09:04.611 20651 20651 I ActivityThread: Pub media: com.android.providers.media.MediaProvider
07-21 18:09:04.811 20651 20664 I DownloadManager: in removeSpuriousFiles, preserving file /data/data/com.android.providers.downloads/cache/metadata.json
07-21 18:09:04.811 20651 20664 I DownloadManager: in removeSpuriousFiles, preserving file /data/data/com.android.providers.downloads/cache/en_general.htm
07-21 18:09:04.811 20651 20664 I DownloadManager: in removeSpuriousFiles, preserving file /mnt/sdcard/Download/img-thing.jpeg
07-21 18:09:04.814 20651 20664 I DownloadManager: in removeSpuriousFiles, preserving file /data/data/com.android.providers.downloads/cache/metadata-1.json
07-21 18:09:04.814 20651 20664 I DownloadManager: in removeSpuriousFiles, preserving file /data/data/com.android.providers.downloads/cache/downloadfile.jpeg
07-21 18:09:04.814 20651 20664 I DownloadManager: in removeSpuriousFiles, preserving file /data/data/com.android.providers.downloads/cache/metadata-2.json
07-21 18:09:04.814 20651 20664 I DownloadManager: in removeSpuriousFiles, preserving file /data/data/com.android.providers.downloads/cache/metadata-3.json
07-21 18:09:04.818 20651 20664 I DownloadManager: in removeSpuriousFiles, preserving file /data/data/com.android.providers.downloads/cache/downloadfile-1.jpeg
07-21 18:09:04.818 20651 20664 I DownloadManager: in removeSpuriousFiles, preserving file /data/data/com.android.providers.downloads/cache/downloadfile-2.jpeg
07-21 18:09:04.818 20651 20664 I DownloadManager: in removeSpuriousFiles, preserving file /data/data/com.android.providers.downloads/cache/metadata-4.json
07-21 18:09:04.818 20651 20664 I DownloadManager: in removeSpuriousFiles, preserving file /data/data/com.android.providers.downloads/cache/metadata-5.json
07-21 18:09:04.818 20651 20664 I DownloadManager: in removeSpuriousFiles, preserving file /data/data/com.android.providers.downloads/cache/metadata-6.json
07-21 18:09:04.818 20651 20664 I DownloadManager: in removeSpuriousFiles, preserving file /data/data/com.android.providers.downloads/cache/metadata-7.json
07-21 18:09:04.822 20651 20664 I DownloadManager: deleting spurious file /cache/backup
07-21 18:09:05.244 20651 20653 D dalvikvm: GC_CONCURRENT freed 377K, 5% free 9159K/9607K, paused 2ms+2ms
07-21 18:09:05.420 20622 20625 D dalvikvm: GC_CONCURRENT freed 182K, 4% free 9610K/9927K, paused 53ms+16ms
07-21 18:09:05.439   144 14395 I ActivityManager: Start proc com.google.android.apps.uploader for broadcast com.google.android.apps.uploader/.ConnectivityBroadcastReceiver: pid=20669 uid=10030 gids={3003}
07-21 18:09:05.451 20669 20669 I dalvikvm: Turning on JNI app bug workarounds for target SDK version 11...
07-21 18:09:05.518 20669 20669 I ActivityThread: Pub com.google.android.apps.uploader: com.google.android.apps.uploader.UploadsContentProvider
07-21 18:09:05.518 20669 20669 I ActivityThread: Pub com.google.photos.provider.Album: com.google.android.apps.uploader.clients.picasa.AlbumProvider
07-21 18:09:05.525 20669 20669 D MediaUploader: UploaderApplication.onCreate
07-21 18:09:05.678 20669 20669 D MediaUploader: nonWifiLimit=20971520, default=20971520
07-21 18:09:05.732 20669 20669 I MediaUploader: No need to wake up
07-21 18:09:05.893   144   359 I ActivityManager: Start proc com.google.android.apps.plus for broadcast com.google.android.apps.plus/com.google.android.picasasync.ConnectivityReceiver: pid=20687 uid=10060 gids={3003, 3002, 1015, 1006}
07-21 18:09:05.893   144 29906 I ActivityManager: Process com.android.providers.calendar (pid 20552) has died.
07-21 18:09:06.244   144   335 I ActivityManager: Process com.android.deskclock (pid 20539) has died.
07-21 18:09:06.771 20687 20690 D dalvikvm: GC_CONCURRENT freed 171K, 3% free 9364K/9607K, paused 143ms+2ms
07-21 18:09:06.951 20687 20687 I ActivityThread: Pub com.google.android.apps.plus.content.ApiProvider: com.google.android.apps.plus.content.EsApiProvider
07-21 18:09:07.037 20687 20687 I ActivityThread: Pub com.google.android.apps.plus.content.EsGooglePhotoProvider: com.google.android.picasasync.PicasaContentProvider
07-21 18:09:07.127   144   497 I ActivityManager: Process android.process.media (pid 20651) has died.
07-21 18:09:07.236 20687 20690 D dalvikvm: GC_CONCURRENT freed 337K, 5% free 9580K/9991K, paused 56ms+2ms
07-21 18:09:07.264 20687 20687 I ActivityThread: Pub com.google.android.apps.plus.content.EsPicasaStoreProvider: com.google.android.picasastore.PicasaPhotoContentProvider
07-21 18:09:07.271 20687 20687 I ActivityThread: Pub com.google.plus.platform: com.google.android.apps.plus.content.AdsProvider
07-21 18:09:07.291 20687 20687 I ActivityThread: Pub com.google.android.apps.plus.iu.EsGoogleIuProvider: com.google.android.apps.plus.iu.InstantUploadProvider
07-21 18:09:07.291   144  1184 I ActivityManager: Start proc android.process.media for content provider com.android.providers.media/.MediaProvider: pid=20702 uid=10012 gids={1015, 1023, 1024, 2001, 3003, 3007}
07-21 18:09:07.369    79    79 D dalvikvm: GC_EXPLICIT freed 37K, 4% free 9031K/9347K, paused 1ms+13ms
07-21 18:09:07.400 20687 20690 D dalvikvm: GC_CONCURRENT freed 471K, 6% free 9637K/10183K, paused 13ms+7ms
07-21 18:09:07.408 20687 20687 I ActivityThread: Pub com.google.android.apps.plus.content.EsProvider: com.google.android.apps.plus.content.EsProvider
07-21 18:09:07.459    79    79 D dalvikvm: GC_EXPLICIT freed <1K, 4% free 9031K/9347K, paused 5ms+7ms
07-21 18:09:07.467 20702 20702 I ActivityThread: Pub downloads: com.android.providers.downloads.DownloadProvider
07-21 18:09:07.518    79    79 D dalvikvm: GC_EXPLICIT freed <1K, 4% free 9031K/9347K, paused 2ms+12ms
07-21 18:09:07.533   144   155 I ActivityManager: Process com.android.calendar (pid 20523) has died.
07-21 18:09:07.592   144   335 I ActivityManager: Start proc com.google.android.youtube for broadcast com.google.android.youtube/.app.prefetch.PrefetchService$DeviceStateReceiver: pid=20718 uid=10057 gids={3003, 1015, 1006}
07-21 18:09:07.596 20702 20702 I ActivityThread: Pub drm: com.android.providers.drm.DrmProvider
07-21 18:09:07.600 20702 20724 I DownloadManager: in removeSpuriousFiles
07-21 18:09:07.603 20702 20702 I ActivityThread: Pub media: com.android.providers.media.MediaProvider
07-21 18:09:07.643 20702 20724 I DownloadManager: in removeSpuriousFiles, preserving file /data/data/com.android.providers.downloads/cache/metadata.json
07-21 18:09:07.643 20702 20724 I DownloadManager: in removeSpuriousFiles, preserving file /data/data/com.android.providers.downloads/cache/en_general.htm
07-21 18:09:07.643 20702 20724 I DownloadManager: in removeSpuriousFiles, preserving file /mnt/sdcard/Download/img-thing.jpeg
07-21 18:09:07.643 20702 20724 I DownloadManager: in removeSpuriousFiles, preserving file /data/data/com.android.providers.downloads/cache/metadata-1.json
07-21 18:09:07.643 20702 20724 I DownloadManager: in removeSpuriousFiles, preserving file /data/data/com.android.providers.downloads/cache/downloadfile.jpeg
07-21 18:09:07.643 20702 20724 I DownloadManager: in removeSpuriousFiles, preserving file /data/data/com.android.providers.downloads/cache/metadata-2.json
07-21 18:09:07.643 20702 20724 I DownloadManager: in removeSpuriousFiles, preserving file /data/data/com.android.providers.downloads/cache/metadata-3.json
07-21 18:09:07.643 20702 20724 I DownloadManager: in removeSpuriousFiles, preserving file /data/data/com.android.providers.downloads/cache/downloadfile-1.jpeg
07-21 18:09:07.643 20702 20724 I DownloadManager: in removeSpuriousFiles, preserving file /data/data/com.android.providers.downloads/cache/downloadfile-2.jpeg
07-21 18:09:07.643 20702 20724 I DownloadManager: in removeSpuriousFiles, preserving file /data/data/com.android.providers.downloads/cache/metadata-4.json
07-21 18:09:07.643 20702 20724 I DownloadManager: in removeSpuriousFiles, preserving file /data/data/com.android.providers.downloads/cache/metadata-5.json
07-21 18:09:07.643 20702 20724 I DownloadManager: in removeSpuriousFiles, preserving file /data/data/com.android.providers.downloads/cache/metadata-6.json
07-21 18:09:07.643 20702 20724 I DownloadManager: in removeSpuriousFiles, preserving file /data/data/com.android.providers.downloads/cache/metadata-7.json
07-21 18:09:07.643 20702 20724 I DownloadManager: deleting spurious file /cache/backup
07-21 18:09:07.814 20718 20720 D dalvikvm: GC_CONCURRENT freed 141K, 3% free 9358K/9607K, paused 3ms+2ms
07-21 18:09:07.896 20718 20718 I ActivityThread: Pub com.google.android.youtube.SuggestionProvider: com.google.android.youtube.core.suggest.SuggestionProvider
07-21 18:09:07.896   144   497 I ActivityManager: Process android.process.acore (pid 20622) has died.
07-21 18:09:07.959 20702 20704 D dalvikvm: GC_CONCURRENT freed 330K, 5% free 9199K/9607K, paused 5ms+5ms
07-21 18:09:08.186 20687 20690 D dalvikvm: GC_CONCURRENT freed 336K, 5% free 9835K/10247K, paused 9ms+3ms
07-21 18:09:08.193 20687 20733 D PicasaSync: sync account database
07-21 18:09:08.311 20687 20701 D PicasaPhotoCP: set fsid first time:-1
07-21 18:09:08.381 20687 20733 D PicasaSync: accounts in DB=1
07-21 18:09:08.389 20687 20733 D PicasaSyncManager: active network: NetworkInfo: type: WIFI[], state: CONNECTED/CONNECTED, reason: (unspecified), extra: (none), roaming: false, failover: false, isAvailable: true
07-21 18:09:08.393 20687 20733 D PicasaSyncManager: background data: true
07-21 18:09:08.424   144 29906 I ActivityManager: Process com.google.android.apps.uploader (pid 20669) has died.
07-21 18:09:08.498 20718 20720 D dalvikvm: GC_CONCURRENT freed 328K, 5% free 9511K/9927K, paused 4ms+2ms
07-21 18:09:08.498 20718 20728 W CursorWrapperInner: Cursor finalized without prior close()
07-21 18:09:08.498 20718 20728 W CursorWrapperInner: Cursor finalized without prior close()
07-21 18:09:08.529 20687 20733 D PicasaSyncManager: battery info: false
07-21 18:09:08.619 20718 20720 D dalvikvm: GC_CONCURRENT freed 287K, 4% free 9761K/10119K, paused 2ms+3ms
07-21 18:09:08.717 20718 20720 D dalvikvm: GC_CONCURRENT freed 396K, 5% free 9908K/10375K, paused 2ms+3ms
07-21 18:09:08.826 20718 20720 D dalvikvm: GC_CONCURRENT freed 328K, 4% free 10103K/10503K, paused 1ms+2ms
07-21 18:09:08.928 20718 20720 D dalvikvm: GC_CONCURRENT freed 391K, 5% free 10233K/10695K, paused 2ms+2ms
07-21 18:09:08.986   144 14395 I ActivityManager: Process com.google.android.apps.plus (pid 20687) has died.
07-21 18:09:09.072 20718 20720 D dalvikvm: GC_CONCURRENT freed 413K, 5% free 10321K/10823K, paused 2ms+3ms
07-21 18:09:09.189   144 29906 I ActivityManager: Start proc com.google.android.apps.docs for broadcast com.google.android.apps.docs/.receivers.NetworkChangeReceiver: pid=20766 uid=10077 gids={3003, 1015, 1006}
07-21 18:09:09.455 20766 20766 I PackageInfoHelper: Provided clientMode=RELEASE, packageInfo=PackageInfo{4134a4b0 com.google.android.apps.docs}
07-21 18:09:09.455 20766 20766 I ActivityThread: Pub com.google.android.apps.docs.files: com.google.android.apps.docs.sync.filemanager.FileProvider
07-21 18:09:09.459 20766 20766 I ActivityThread: Pub com.google.android.apps.docs.doclist.search_suggest: com.google.android.apps.docs.doclist.DocListGlobalSearchSuggestionProvider
07-21 18:09:09.592 20766 20768 D dalvikvm: GC_CONCURRENT freed 222K, 4% free 9314K/9607K, paused 2ms+2ms
07-21 18:09:09.689 20766 20768 D dalvikvm: GC_CONCURRENT freed 467K, 6% free 9387K/9927K, paused 2ms+2ms
07-21 18:09:09.775 20766 20768 D dalvikvm: GC_CONCURRENT freed 496K, 6% free 9420K/9991K, paused 2ms+2ms
07-21 18:09:09.857 20766 20768 D dalvikvm: GC_CONCURRENT freed 540K, 7% free 9439K/10055K, paused 2ms+2ms
07-21 18:09:09.951 20766 20768 D dalvikvm: GC_CONCURRENT freed 451K, 6% free 9500K/10055K, paused 2ms+2ms
07-21 18:09:10.053 20766 20768 D dalvikvm: GC_CONCURRENT freed 510K, 6% free 9541K/10119K, paused 2ms+2ms
07-21 18:09:10.193 20766 20768 D dalvikvm: GC_CONCURRENT freed 398K, 6% free 9657K/10183K, paused 2ms+2ms
07-21 18:09:10.291 20766 20766 D ContextScopeImpl: in ContextScope.getContextOrDefault for thread=1
07-21 18:09:10.291 20766 20766 D ContextScopeImpl: returning application context for thread=1
07-21 18:09:10.303 20766 20768 D dalvikvm: GC_CONCURRENT freed 364K, 5% free 9756K/10247K, paused 2ms+3ms
07-21 18:09:10.307 20766 20766 I FeatureCheckerImpl: Configured disabled features: []
07-21 18:09:10.307 20766 20766 D ContextScopeImpl: in ContextScope.getContextOrDefault for thread=1
07-21 18:09:10.307 20766 20766 D ContextScopeImpl: returning application context for thread=1
07-21 18:09:10.326 20766 20766 D ContextScopeImpl: in ContextScope.enter for thread=1
07-21 18:09:10.326 20766 20766 W ContextScopeImpl: thread=1 tried to enter the scope of the application context. Ignored.
07-21 18:09:10.326 20766 20766 D ContextScopeImpl: in ContextScope.getContextOrDefault for thread=1
07-21 18:09:10.326 20766 20766 D ContextScopeImpl: returning application context for thread=1
07-21 18:09:10.330 20766 20766 D DocListDatabase: openHelper points on new database: DocList.db
07-21 18:09:10.330 20766 20766 D DocListDatabase: in openWriteDatabase
07-21 18:09:10.342 20766 20766 I ActivityThread: Pub com.google.android.apps.docs.doclist.account_suggest: com.google.android.apps.docs.doclist.DocListAccountSuggestionProvider
07-21 18:09:10.350 20766 20766 D ContextScopeImpl: in ContextScope.enter for thread=1
07-21 18:09:10.350 20766 20766 W ContextScopeImpl: thread=1 tried to enter the scope of the application context. Ignored.
07-21 18:09:10.350 20766 20766 I ActivityThread: Pub com.google.android.apps.docs: com.google.android.apps.docs.providers.DocListProvider
07-21 18:09:10.350 20766 20766 D ContextScopeImpl: in ContextScope.enter for thread=1
07-21 18:09:10.350 20766 20766 W ContextScopeImpl: thread=1 tried to enter the scope of the application context. Ignored.
07-21 18:09:10.353 20766 20766 W ContextScopeImpl: thread=1 tried to enter the scope of the application context. Ignored.
07-21 18:09:10.365 20766 20782 W ContextScopeImpl: thread=7506 tried to enter the scope of the application context. Ignored.
07-21 18:09:10.396   144   156 I ActivityManager: Process com.google.android.youtube (pid 20718) has died.
07-21 18:09:10.404 20766 20766 W ContextScopeImpl: thread=1 tried to enter the scope of the application context. Ignored.
07-21 18:09:10.514   144 30155 I ActivityManager: Start proc com.google.android.apps.uploader for broadcast com.google.android.apps.uploader/.ConnectivityBroadcastReceiver: pid=20786 uid=10030 gids={3003}
07-21 18:09:10.529 20786 20786 I dalvikvm: Turning on JNI app bug workarounds for target SDK version 11...
07-21 18:09:10.580 20786 20786 I ActivityThread: Pub com.google.android.apps.uploader: com.google.android.apps.uploader.UploadsContentProvider
07-21 18:09:10.580 20786 20786 I ActivityThread: Pub com.google.photos.provider.Album: com.google.android.apps.uploader.clients.picasa.AlbumProvider
07-21 18:09:10.588 20786 20786 D MediaUploader: UploaderApplication.onCreate
07-21 18:09:10.627 20786 20786 D MediaUploader: nonWifiLimit=20971520, default=20971520
07-21 18:09:10.631 20786 20786 I MediaUploader: No need to wake up
07-21 18:09:10.658   144   497 I ActivityManager: Start proc com.google.android.apps.plus for broadcast com.google.android.apps.plus/com.google.android.picasasync.ConnectivityReceiver: pid=20802 uid=10060 gids={3003, 3002, 1015, 1006}
07-21 18:09:10.889 20802 20804 D dalvikvm: GC_CONCURRENT freed 157K, 3% free 9379K/9607K, paused 2ms+2ms
07-21 18:09:10.955 20802 20802 I ActivityThread: Pub com.google.android.apps.plus.content.ApiProvider: com.google.android.apps.plus.content.EsApiProvider
07-21 18:09:10.971 20802 20802 I ActivityThread: Pub com.google.android.apps.plus.content.EsGooglePhotoProvider: com.google.android.picasasync.PicasaContentProvider
07-21 18:09:11.072 20802 20804 D dalvikvm: GC_CONCURRENT freed 324K, 4% free 9592K/9991K, paused 2ms+3ms
07-21 18:09:11.107 20802 20802 I ActivityThread: Pub com.google.android.apps.plus.content.EsPicasaStoreProvider: com.google.android.picasastore.PicasaPhotoContentProvider
07-21 18:09:11.139 20802 20802 I ActivityThread: Pub com.google.plus.platform: com.google.android.apps.plus.content.AdsProvider
07-21 18:09:11.139 20802 20802 I ActivityThread: Pub com.google.android.apps.plus.iu.EsGoogleIuProvider: com.google.android.apps.plus.iu.InstantUploadProvider
07-21 18:09:11.201 20802 20804 D dalvikvm: GC_CONCURRENT freed 501K, 6% free 9608K/10183K, paused 5ms+2ms
07-21 18:09:11.209 20802 20802 I ActivityThread: Pub com.google.android.apps.plus.content.EsProvider: com.google.android.apps.plus.content.EsProvider
07-21 18:09:11.236 20802 20816 D PicasaPhotoCP: set fsid first time:-1
07-21 18:09:11.412 20802 20804 D dalvikvm: GC_CONCURRENT freed 193K, 4% free 9871K/10247K, paused 5ms+4ms
07-21 18:09:11.506   144   359 I ActivityManager: Start proc com.google.android.youtube for broadcast com.google.android.youtube/.app.prefetch.PrefetchService$DeviceStateReceiver: pid=20821 uid=10057 gids={3003, 1015, 1006}
07-21 18:09:11.549 20802 20820 D PicasaSync: sync account database
07-21 18:09:11.666 20802 20820 D PicasaSync: accounts in DB=1
07-21 18:09:11.674 20802 20820 D PicasaSyncManager: active network: NetworkInfo: type: WIFI[], state: CONNECTED/CONNECTED, reason: (unspecified), extra: (none), roaming: false, failover: false, isAvailable: true
07-21 18:09:11.678 20802 20820 D PicasaSyncManager: background data: true
07-21 18:09:11.682 20821 20824 D dalvikvm: GC_CONCURRENT freed 157K, 3% free 9358K/9607K, paused 2ms+2ms
07-21 18:09:11.713   280   280 I wpa_supplicant: wlan0: CTRL-EVENT-DISCONNECTED bssid=00:13:1a:1f:da:81 reason=0
07-21 18:09:11.732   144   323 I ActivityManager: Process com.google.android.apps.docs (pid 20766) has died.
07-21 18:09:11.756 20802 20820 D PicasaSyncManager: battery info: false
07-21 18:09:11.807 19637 19656 D CommandListener: Clearing all IP addresses on wlan0
07-21 18:09:11.830 20821 20821 I ActivityThread: Pub com.google.android.youtube.SuggestionProvider: com.google.android.youtube.core.suggest.SuggestionProvider
07-21 18:09:11.846   144   200 D ConnectivityService: ConnectivityChange for WIFI: DISCONNECTED/DISCONNECTED
07-21 18:09:11.916 20802 20804 D dalvikvm: GC_CONCURRENT freed 286K, 4% free 10034K/10439K, paused 47ms+2ms
07-21 18:09:11.932   144   200 D ConnectivityService: Attempting to switch to mobile
07-21 18:09:11.955   144   200 D ConnectivityService: Attempting to switch to WIMAX
07-21 18:09:11.971   144   200 D ConnectivityService: Attempting to switch to BLUETOOTH_TETHER
07-21 18:09:11.975   144   200 E ConnectivityService: Exception trying to remove a route: java.lang.IllegalStateException: Unable to communicate with native dameon to add routes - com.android.server.NativeDaemonConnectorException: Cmd {interface route remove wlan0 default 67.20.213.254 32 0.0.0.0} failed with code 400 : {Failed to remove route from default table (No such process)}
07-21 18:09:11.986   144   200 D NetUtils: android_net_utils_resetConnections in env=0x1f323c8 clazz=0xf3700001 iface=wlan0 mask=0x3
07-21 18:09:11.986   144   200 E ConnectivityService: Exception trying to remove a route: java.lang.IllegalStateException: Unable to communicate with native dameon to add routes - com.android.server.NativeDaemonConnectorException: Cmd {interface route remove wlan0 default 0.0.0.0 0 67.20.213.254} failed with code 400 : {Failed to remove route from default table (No such process)}
07-21 18:09:11.986   144   200 D ConnectivityService: resetConnections(wlan0, 3)
07-21 18:09:12.291 20802 20804 D dalvikvm: GC_CONCURRENT freed 131K, 3% free 10313K/10567K, paused 2ms+16ms
07-21 18:09:12.443  7861 14726 D dalvikvm: GC_EXPLICIT freed 417K, 8% free 10647K/11463K, paused 2ms+10ms
07-21 18:09:12.658 20802 20804 D dalvikvm: GC_CONCURRENT freed 333K, 5% free 10487K/10951K, paused 2ms+2ms
07-21 18:09:12.701 20821 20824 D dalvikvm: GC_CONCURRENT freed 354K, 5% free 9485K/9927K, paused 12ms+5ms
07-21 18:09:12.701 20821 20831 W CursorWrapperInner: Cursor finalized without prior close()
07-21 18:09:12.701 20821 20831 W CursorWrapperInner: Cursor finalized without prior close()
07-21 18:09:12.826 20821 20824 D dalvikvm: GC_CONCURRENT freed 282K, 4% free 9766K/10119K, paused 2ms+5ms
07-21 18:09:12.857 20802 20817 D dalvikvm: GC_FOR_ALLOC freed <1K, 5% free 10487K/10951K, paused 74ms
07-21 18:09:12.877 20802 20817 I dalvikvm-heap: Grow heap (frag case) to 10.558MB for 260112-byte allocation
07-21 18:09:12.943 20802 20817 D dalvikvm: GC_FOR_ALLOC freed 126K, 6% free 10615K/11207K, paused 54ms
07-21 18:09:12.947 20821 20824 D dalvikvm: GC_CONCURRENT freed 387K, 5% free 9917K/10375K, paused 2ms+5ms
07-21 18:09:13.061 20821 20824 D dalvikvm: GC_CONCURRENT freed 396K, 5% free 10036K/10503K, paused 2ms+5ms
07-21 18:09:13.150 20802 20817 D dalvikvm: GC_FOR_ALLOC freed 311K, 6% free 10608K/11207K, paused 34ms
07-21 18:09:13.170 20821 20824 D dalvikvm: GC_CONCURRENT freed 347K, 4% free 10212K/10631K, paused 2ms+2ms
07-21 18:09:13.295 20802 20817 D dalvikvm: GC_FOR_ALLOC freed 62K, 5% free 10672K/11207K, paused 56ms
07-21 18:09:13.299 20802 20817 I dalvikvm-heap: Grow heap (frag case) to 10.739MB for 260112-byte allocation
07-21 18:09:13.311 20821 20824 D dalvikvm: GC_CONCURRENT freed 356K, 5% free 10318K/10759K, paused 3ms+3ms
07-21 18:09:13.389 20802 20817 D dalvikvm: GC_FOR_ALLOC freed 126K, 6% free 10800K/11463K, paused 50ms
07-21 18:09:13.455   144  8560 D dalvikvm: GC_EXPLICIT freed 1226K, 24% free 17648K/23047K, paused 7ms+11ms
07-21 18:09:13.510 20802 20817 D dalvikvm: GC_FOR_ALLOC freed 369K, 6% free 10855K/11463K, paused 24ms
07-21 18:09:13.541 20802 20817 D dalvikvm: GC_FOR_ALLOC freed 126K, 5% free 10983K/11463K, paused 27ms
07-21 18:09:13.650   144  1184 I ActivityManager: Start proc com.google.android.apps.docs for broadcast com.google.android.apps.docs/.receivers.NetworkChangeReceiver: pid=20865 uid=10077 gids={3003, 1015, 1006}
07-21 18:09:13.791 17427 20605 W System.err: org.apache.http.conn.HttpHostConnectException: Connection to http://107.22.187.240 refused
07-21 18:09:13.807 17427 20605 W System.err: 	at org.apache.http.impl.conn.DefaultClientConnectionOperator.openConnection(DefaultClientConnectionOperator.java:183)
