07-13 11:27:06.121   214   216 D dalvikvm: GC_CONCURRENT freed 379K, 56% free 9814K/22023K, paused 2ms+3ms
07-13 11:27:06.219 19719 19722 D dalvikvm: GC_CONCURRENT freed 587K, 9% free 10313K/11271K, paused 2ms+8ms
07-13 11:27:08.746   262   262 I wpa_supplicant: wlan0: Authentication with e8:40:40:73:f4:01 timed out.
07-13 11:27:09.352   214   216 D dalvikvm: GC_CONCURRENT freed 438K, 56% free 9884K/22023K, paused 2ms+7ms
07-13 11:27:09.422   214   216 D dalvikvm: GC_CONCURRENT freed 477K, 56% free 9819K/22023K, paused 4ms+5ms
07-13 11:27:11.449 19719 19722 D dalvikvm: GC_CONCURRENT freed 294K, 8% free 10411K/11271K, paused 2ms+4ms
07-13 11:27:12.520   144   144 W InputManagerService: Window already focused, ignoring focus gain of: com.android.internal.view.IInputMethodClient$Stub$Proxy@41979148
07-13 11:27:13.227 10534 10536 D dalvikvm: GC_CONCURRENT freed 499K, 12% free 10630K/11975K, paused 2ms+6ms
07-13 11:27:13.297 18319 18321 D dalvikvm: GC_CONCURRENT freed 503K, 8% free 10191K/11015K, paused 3ms+3ms
07-13 11:27:14.340 18319 18321 D dalvikvm: GC_CONCURRENT freed 380K, 8% free 10205K/11015K, paused 7ms+7ms
07-13 11:27:14.926   144  9084 W InputManagerService: Window already focused, ignoring focus gain of: com.android.internal.view.IInputMethodClient$Stub$Proxy@416796f0
07-13 11:27:19.945 19719 19719 D vclib:CallStateClient: stopListening
07-13 11:27:19.992 19719 19719 D vclib:CallStateClient: startListening
07-13 11:27:20.094 19719 19722 D dalvikvm: GC_CONCURRENT freed 505K, 9% free 10330K/11271K, paused 1ms+4ms
07-13 11:27:20.164   144   323 W InputManagerService: Window already focused, ignoring focus gain of: com.android.internal.view.IInputMethodClient$Stub$Proxy@4162d698
07-13 11:27:20.539 19719 19719 D vclib:CallStateClient: stopListening
07-13 11:27:20.539 19719 19719 D vclib:CallStateClient: startListening
07-13 11:27:20.660   144 10051 I ActivityManager: Process com.google.android.apps.docs (pid 19867) has died.
07-13 11:27:20.680 19719 19722 D dalvikvm: GC_CONCURRENT freed 271K, 7% free 10537K/11271K, paused 2ms+4ms
07-13 11:27:20.863 19719 19719 D dalvikvm: GC_FOR_ALLOC freed 136K, 7% free 10535K/11271K, paused 21ms
07-13 11:27:20.863 19719 19719 I dalvikvm-heap: Grow heap (frag case) to 10.393MB for 36880-byte allocation
07-13 11:27:20.883 19719 19719 D dalvikvm: GC_FOR_ALLOC freed 47K, 8% free 10523K/11335K, paused 20ms
07-13 11:27:22.035   144  7984 W InputManagerService: Starting input on non-focused client com.android.internal.view.IInputMethodClient$Stub$Proxy@41888af0 (uid=10045 pid=19719)
07-13 11:27:22.067 19719 19719 D OpenGLRenderer: Flushing caches (mode 0)
07-13 11:27:22.102 19719 19719 D OpenGLRenderer: Flushing caches (mode 1)
07-13 11:27:22.110 19719 19719 D vclib:CallStateClient: stopListening
07-13 11:27:22.156 19719 19719 D dalvikvm: GC_EXPLICIT freed 139K, 7% free 10579K/11335K, paused 2ms+6ms
07-13 11:27:25.570   144   155 I ActivityManager: START {act=android.intent.action.MAIN cat=[android.intent.category.LAUNCHER] flg=0x10000000 pkg=com.twitter.android cmp=com.twitter.android/.StartActivity bnds=[120,254][240,404]} from pid 18680
07-13 11:27:25.719 18680 18680 D OpenGLRenderer: Flushing caches (mode 1)
07-13 11:27:25.770 19968 19970 D dalvikvm: GC_CONCURRENT freed 517K, 6% free 11494K/12103K, paused 8ms+3ms
07-13 11:27:25.797 18680 18680 D OpenGLRenderer: Flushing caches (mode 0)
07-13 11:27:25.953 19968 19968 W PhoneWindow: Previously focused view reported id 16908298 during save, but can't be found during restore.
07-13 11:27:26.090   214   214 V PhoneStatusBar: setLightsOn(true)
07-13 11:27:26.110   144   160 I Process : Sending signal. PID: 19968 SIG: 3
07-13 11:27:26.110 19968 19971 I dalvikvm: threadid=3: reacting to signal 3
07-13 11:27:26.125 19968 19968 D libEGL  : loaded /system/lib/egl/libGLES_android.so
07-13 11:27:26.141 19968 19968 D libEGL  : loaded /vendor/lib/egl/libEGL_POWERVR_SGX540_120.so
07-13 11:27:26.227 19968 19968 D libEGL  : loaded /vendor/lib/egl/libGLESv1_CM_POWERVR_SGX540_120.so
07-13 11:27:26.246 19968 19968 D libEGL  : loaded /vendor/lib/egl/libGLESv2_POWERVR_SGX540_120.so
07-13 11:27:26.258 19968 19971 I dalvikvm: Wrote stack traces to '/data/anr/traces.txt'
07-13 11:27:26.309 19968 19970 D dalvikvm: GC_CONCURRENT freed 332K, 4% free 11909K/12359K, paused 4ms+8ms
07-13 11:27:26.356 19968 19968 D OpenGLRenderer: Enabling debug mode 0
07-13 11:27:26.414   144   174 I ActivityManager: Displayed com.twitter.android/.HomeTabActivity: +812ms
07-13 11:27:26.567 30387 30523 D androidNetworkLocationListeners: Still have listener com.google.android.location.internal.client.NetworkLocationClient$1@4145b4e0
07-13 11:27:26.613 30387 30496 D WifiLocator: Too many no-location APs. Will not compute a location nor go to the server. hasLocation=0 noLocation=0 cacheMiss=0
07-13 11:27:26.613 30387 30523 D androidNetworkLocationListeners: Still have listener com.google.android.location.internal.client.NetworkLocationClient$1@4145b4e0
07-13 11:27:26.649 30387 30496 D CellLocator: Primary cell miss in cache. Need server request.
07-13 11:27:26.680 30387 30487 I System.out: [INFO:58988307]: LogSource: Running flush
07-13 11:27:26.692 30387 30496 D WifiLocator: Too many no-location APs. Will not compute a location nor go to the server. hasLocation=0 noLocation=0 cacheMiss=0
07-13 11:27:26.692 30387 30496 D CellLocator: Primary cell miss in cache. Need server request.
07-13 11:27:26.758 30387 30491 I System.out: [INFO:58988383]: LogSource: Sending payload [bytes=448]
07-13 11:27:26.789 19968 19968 W SoundPool:   sample 2 not READY
07-13 11:27:26.883   214   216 D dalvikvm: GC_CONCURRENT freed 406K, 56% free 9899K/22023K, paused 2ms+8ms
07-13 11:27:27.043   214   216 D dalvikvm: GC_CONCURRENT freed 567K, 56% free 9761K/22023K, paused 2ms+9ms
07-13 11:27:28.445   144  9084 I ActivityManager: Process com.google.android.apps.uploader (pid 19782) has died.
07-13 11:27:29.289 30387 30491 I System.out: [INFO:58990916]: LogSource: Response [http=200,length=88]
07-13 11:27:29.293 30387 30487 I System.out: [INFO:58990918]: LogSource: Read id 4, status code 200
07-13 11:27:29.293 30387 30496 D WifiLocator: Too many no-location APs. Will not compute a location nor go to the server. hasLocation=0 noLocation=0 cacheMiss=0
07-13 11:27:29.399 30387 30523 D androidNetworkLocationListeners: Still have listener com.google.android.location.internal.client.NetworkLocationClient$1@4145b4e0
07-13 11:27:29.742   214   214 D dalvikvm: GC_FOR_ALLOC freed 416K, 56% free 9716K/22023K, paused 52ms
07-13 11:27:29.766 19968 19970 D dalvikvm: GC_CONCURRENT freed 614K, 6% free 12194K/12935K, paused 19ms+20ms
07-13 11:27:29.828    81   124 D AudioHardware: AudioHardware pcm playback is exiting standby.
07-13 11:27:29.828    81   124 D AudioHardware: openPcmOut_l() mPcmOpenCnt: 0
07-13 11:27:29.945   214   216 D dalvikvm: GC_CONCURRENT freed 408K, 56% free 9753K/22023K, paused 2ms+3ms
07-13 11:27:30.024 30387 30496 D WifiLocator: Too many no-location APs. Will not compute a location nor go to the server. hasLocation=0 noLocation=0 cacheMiss=0
07-13 11:27:32.969    81   124 D AudioHardware: AudioHardware pcm playback is going to standby.
07-13 11:27:32.969    81   124 D AudioHardware: closePcmOut_l() mPcmOpenCnt: 1
07-13 11:27:33.957   144   376 I ActivityManager: START {cmp=com.twitter.android/.TweetActivity (has extras)} from pid 19968
07-13 11:27:33.969 19968 19970 D dalvikvm: GC_CONCURRENT freed 775K, 7% free 12458K/13383K, paused 2ms+3ms
07-13 11:27:34.293   214   214 V PhoneStatusBar: setLightsOn(true)
07-13 11:27:34.570   144   174 I ActivityManager: Displayed com.twitter.android/.TweetActivity: +472ms
07-13 11:27:34.633 19968 19968 D OpenGLRenderer: Flushing caches (mode 0)
07-13 11:27:35.297   144   424 I ActivityManager: Process edu.buffalo.cse.phonelab.phonelabservices (pid 17038) has died.
07-13 11:27:35.297   144   424 W ActivityManager: Scheduling restart of crashed service edu.buffalo.cse.phonelab.phonelabservices/edu.buffalo.cse.phonelab.datalogger.LoggerService in 5000ms
07-13 11:27:36.610   144 24503 I ActivityManager: START {act=android.intent.action.VIEW dat=http://t.co/SxmdaPFP flg=0x10000000 cmp=org.mozilla.firefox_beta/.App} from pid 19968
07-13 11:27:36.680 19968 19970 D dalvikvm: GC_CONCURRENT freed 572K, 5% free 12991K/13639K, paused 2ms+4ms
07-13 11:27:36.692   144   376 I ActivityManager: Start proc org.mozilla.firefox_beta for activity org.mozilla.firefox_beta/.App: pid=20150 uid=10061 gids={3003, 1015, 1006}
07-13 11:27:36.899 19968 19968 D OpenGLRenderer: Flushing caches (mode 1)
07-13 11:27:36.961 19968 19968 D OpenGLRenderer: Flushing caches (mode 0)
07-13 11:27:37.012 20150 20150 I ActivityThread: Pub org.mozilla.firefox_beta.db.browser: org.mozilla.firefox_beta.db.BrowserProvider
07-13 11:27:37.028 20150 20150 I ActivityThread: Pub org.mozilla.firefox_beta.db.formhistory: org.mozilla.firefox_beta.db.FormHistoryProvider
07-13 11:27:37.031 20150 20150 I ActivityThread: Pub org.mozilla.firefox_beta.db.tabs: org.mozilla.firefox_beta.db.TabsProvider
07-13 11:27:37.160 20150 20150 D dalvikvm: Trying to load lib /data/data/org.mozilla.firefox_beta/lib/libmozglue.so 0x41311130
07-13 11:27:37.180 20150 20163 D GeckoProfile: Found profile dir: /data/data/org.mozilla.firefox_beta/files/mozilla/r0zhquk7.default
07-13 11:27:37.301 20150 20150 D dalvikvm: Added shared lib /data/data/org.mozilla.firefox_beta/lib/libmozglue.so 0x41311130
07-13 11:27:37.301 20150 20150 D dalvikvm: No JNI_OnLoad found in /data/data/org.mozilla.firefox_beta/lib/libmozglue.so 0x41311130, skipping init
07-13 11:27:37.305 20150 20150 W GeckoApp: zerdatime 228389912 - onCreate
07-13 11:27:37.367   144   160 I Process : Sending signal. PID: 20150 SIG: 3
07-13 11:27:37.367 20150 20154 I dalvikvm: threadid=3: reacting to signal 3
07-13 11:27:37.410 20150 20154 I dalvikvm: Wrote stack traces to '/data/anr/traces.txt'
07-13 11:27:37.496 20150 20153 D dalvikvm: GC_CONCURRENT freed 193K, 3% free 9340K/9607K, paused 9ms+2ms
07-13 11:27:37.531 20150 20150 I GeckoViewsFactory: Creating custom Gecko view: FormAssistPopup
07-13 11:27:37.535 20150 20150 I GeckoViewsFactory: Creating custom Gecko view: AboutHomeContent
07-13 11:27:37.539   144   380 I ActivityManager: Process com.google.android.apps.plus (pid 19799) has died.
07-13 11:27:37.578 20150 20150 W GeckoApp: zerdatime 228390185 - onStart
07-13 11:27:37.578 20150 20150 I GeckoApp: start
07-13 11:27:37.578 20150 20150 W PhoneWindow: Previously focused view reported id 2131492871 during save, but can't be found during restore.
07-13 11:27:37.610 20150 20150 W GeckoApp: zerdatime 228390216 - onNewIntent
07-13 11:27:37.610 20150 20150 I GeckoApp: resume
07-13 11:27:37.633 20150 20150 D libEGL  : loaded /system/lib/egl/libGLES_android.so
07-13 11:27:37.641 20150 20150 D libEGL  : loaded /vendor/lib/egl/libEGL_POWERVR_SGX540_120.so
07-13 11:27:37.645 20150 20150 D libEGL  : loaded /vendor/lib/egl/libGLESv1_CM_POWERVR_SGX540_120.so
07-13 11:27:37.649 20150 20150 D libEGL  : loaded /vendor/lib/egl/libGLESv2_POWERVR_SGX540_120.so
07-13 11:27:37.695 20150 20150 D OpenGLRenderer: Enabling debug mode 0
07-13 11:27:37.695 20150 20150 I GeckoToolbar: zerdatime 228390304 - Throbber start
07-13 11:27:37.699 20150 20163 I GeckoApp: Checking profile migration in: /data/data/org.mozilla.firefox_beta/files/mozilla/r0zhquk7.default
07-13 11:27:37.707 20150 20150 D GeckoFavicons: Creating Favicons instance
07-13 11:27:37.707 20150 20150 D GeckoFavicons: Creating DatabaseHelper
07-13 11:27:37.711 20150 20165 W GeckoApp: zerdatime 228390318 - start of getPluginDirectories
07-13 11:27:37.711 20150 20165 W GeckoApp: zerdatime 228390319 - end of getPluginDirectories
07-13 11:27:37.848 20150 20153 D dalvikvm: GC_CONCURRENT freed 114K, 3% free 9640K/9863K, paused 2ms+6ms
07-13 11:27:37.856   144   160 I Process : Sending signal. PID: 20150 SIG: 3
07-13 11:27:37.856 20150 20154 I dalvikvm: threadid=3: reacting to signal 3
07-13 11:27:38.012 20150 20150 I GeckoAxis: Prefs: 0.85,0.97,10.0,0.012,0.04,0.3,0.5
07-13 11:27:38.012 20150 20154 I dalvikvm: Wrote stack traces to '/data/anr/traces.txt'
07-13 11:27:38.028 20150 20165 I GeckoAppShell: env0: null
07-13 11:27:38.031 20150 20165 D dalvikvm: Trying to load lib /data/data/org.mozilla.firefox_beta/lib/libmozglue.so 0x41311130
07-13 11:27:38.031 20150 20165 D dalvikvm: Shared lib '/data/data/org.mozilla.firefox_beta/lib/libmozglue.so' already loaded in same CL 0x41311130
07-13 11:27:38.031 20150 20165 E GeckoLibLoad: Load sqlite start
07-13 11:27:38.227 20150 20165 E GeckoLinker: /data/app/org.mozilla.firefox_beta-1.apk!/libmozsqlite3.so: Warning: relocation to NULL @0x00052db4
07-13 11:27:38.227 20150 20165 E GeckoLinker: /data/app/org.mozilla.firefox_beta-1.apk!/libmozsqlite3.so: Warning: relocation to NULL @0x00052cb0 for symbol "__cxa_begin_cleanup"
07-13 11:27:38.227 20150 20165 E GeckoLinker: /data/app/org.mozilla.firefox_beta-1.apk!/libmozsqlite3.so: Warning: relocation to NULL @0x00052d1c for symbol "__cxa_type_match"
07-13 11:27:38.235 20150 20165 E GeckoLibLoad: Load sqlite done
07-13 11:27:38.238 20150 20165 D dalvikvm: Trying to load lib /data/data/org.mozilla.firefox_beta/lib/libmozglue.so 0x41311130
07-13 11:27:38.238 20150 20165 D dalvikvm: Shared lib '/data/data/org.mozilla.firefox_beta/lib/libmozglue.so' already loaded in same CL 0x41311130
07-13 11:27:38.238 20150 20165 E GeckoLibLoad: Load nss start
07-13 11:27:38.258 20150 20150 W GeckoApp: zerdatime 228390865 - UI almost up
07-13 11:27:38.324 20150 20165 E GeckoLinker: /data/app/org.mozilla.firefox_beta-1.apk!/libnspr4.so: Warning: relocation to NULL @0x00020de0
07-13 11:27:38.324 20150 20165 E GeckoLinker: /data/app/org.mozilla.firefox_beta-1.apk!/libnspr4.so: Warning: relocation to NULL @0x00020b98 for symbol "__cxa_begin_cleanup"
07-13 11:27:38.324 20150 20165 E GeckoLinker: /data/app/org.mozilla.firefox_beta-1.apk!/libnspr4.so: Warning: relocation to NULL @0x00020cb0 for symbol "__cxa_type_match"
07-13 11:27:38.328   144   400 W InputManagerService: Starting input on non-focused client com.android.internal.view.IInputMethodClient$Stub$Proxy@417c9358 (uid=10064 pid=19968)
07-13 11:27:38.332    78   126 W SurfaceTexture: [org.mozilla.firefox_beta/org.mozilla.firefox_beta.App] cancelBuffer: SurfaceTexture has been abandoned!
07-13 11:27:38.348 20150 20165 E GeckoLibLoad: Load nss done
07-13 11:27:38.356   144   160 I Process : Sending signal. PID: 20150 SIG: 3
07-13 11:27:38.356 20150 20154 I dalvikvm: threadid=3: reacting to signal 3
07-13 11:27:38.383 20150 20154 I dalvikvm: Wrote stack traces to '/data/anr/traces.txt'
07-13 11:27:38.461   144   174 I ActivityManager: Displayed org.mozilla.firefox_beta/.App: +1s817ms
07-13 11:27:38.699 20150 20150 W GeckoApp: zerdatime 228391307 - onNewIntent
07-13 11:27:38.699 20150 20163 W GeckoApp: zerdatime 228391307 - pre checkLaunchState
07-13 11:27:39.274 20150 20165 E GeckoLinker: /data/app/org.mozilla.firefox_beta-1.apk!/libmozalloc.so: Warning: relocation to NULL @0x00003e2c
07-13 11:27:39.274 20150 20165 E GeckoLinker: /data/app/org.mozilla.firefox_beta-1.apk!/libmozalloc.so: Warning: relocation to NULL @0x00003db8 for symbol "__cxa_begin_cleanup"
07-13 11:27:39.274 20150 20165 E GeckoLinker: /data/app/org.mozilla.firefox_beta-1.apk!/libmozalloc.so: Warning: relocation to NULL @0x00003de0 for symbol "__cxa_type_match"
07-13 11:27:39.297   144   326 I ActivityManager: Process com.android.deskclock (pid 20055) has died.
07-13 11:27:39.305 20150 20165 E GeckoLibLoad: Loaded libs in 958ms total, 488ms user, 171ms system, 4 faults
07-13 11:27:39.309 20150 20165 W GeckoThread: zerdatime 228391914 - runGecko
07-13 11:27:39.309 20150 20165 I GeckoThread: RunGecko - URI = about:empty
07-13 11:27:39.309 20150 20165 I GeckoAppShell: post native init
07-13 11:27:39.309 20150 20165 I GeckoAppShell: setLayerClient called
07-13 11:27:39.504   144   424 I ActivityManager: Process com.google.android.gsf.login (pid 18928) has died.
07-13 11:27:39.570 20150 20165 E GeckoConsole: Could not read chrome manifest 'file:///data/data/org.mozilla.firefox_beta/chrome.manifest'.
07-13 11:27:39.664   144   403 I ActivityManager: Process com.android.providers.calendar (pid 20068) has died.
07-13 11:27:39.852 20150 20165 W ResourceType: Too many attribute references, stopped at: 0x01010099
07-13 11:27:39.981   144   155 I ActivityManager: Process com.android.calendar (pid 20039) has died.
07-13 11:27:40.113 20150 20165 E GeckoConsole: zerdatime 1342193260118 - browser chrome startup finished.
07-13 11:27:40.133 20150 20165 I GeckoApp: Got message: CharEncoding:State
07-13 11:27:40.203 20150 20165 I GeckoTabs: Got message: Session:RestoreBegin
07-13 11:27:40.207 20150 20165 I Gecko   : Detected osrelease `3.0.8-g6656123'
07-13 11:27:40.207 20150 20165 I Gecko   : JITs are not broken
07-13 11:27:40.262 20150 20165 I GeckoTabs: Got message: Tab:Added
07-13 11:27:40.262 20150 20165 I GeckoTabs: Received message from Gecko: 228392867 - Tab:Added
07-13 11:27:40.270 20150 20165 I GeckoTabs: Added a tab with id: 1
07-13 11:27:40.281 20150 20150 I GeckoToolbar: zerdatime 228392886 - Throbber start
07-13 11:27:40.285 20150 20150 I GeckoDoorHangerPopup: Showing all doorhangers for tab: 1
07-13 11:27:40.309 20150 20165 I GeckoApp: Got message: Content:StateChange
07-13 11:27:40.309 20150 20165 I GeckoApp: State - 983041
07-13 11:27:40.309 20150 20165 I GeckoApp: Got a document start
07-13 11:27:40.313 20150 20150 I GeckoToolbar: zerdatime 228392920 - Throbber start
07-13 11:27:40.348 20150 20165 I GeckoApp: Got message: Gecko:Ready
07-13 11:27:40.367 20150 20165 D GeckoLayerClient: Screen-size changed to (480,800)
07-13 11:27:40.367 20150 20165 D GeckoLayerClient: Window-size changed to (480,690)
07-13 11:27:40.379 20150 20165 I GeckoLayerClient: Showing checks: true
07-13 11:27:40.391   144   161 I ActivityManager: Start proc edu.buffalo.cse.phonelab.phonelabservices for service edu.buffalo.cse.phonelab.phonelabservices/edu.buffalo.cse.phonelab.datalogger.LoggerService: pid=20179 uid=10037 gids={3003, 1015, 1007, 2001}
07-13 11:27:40.406 20150 20165 I GeckoApp: Got message: Content:LocationChange
07-13 11:27:40.414 20150 20165 I GeckoApp: URI - about:empty
07-13 11:27:40.414 20150 20165 I GeckoTab: Updated url: about:empty for tab with id: 1
07-13 11:27:40.418 20150 20165 I GeckoTab: Updated favicon for tab with id: 1
07-13 11:27:40.418 20150 20165 I GeckoTab: Updated favicon URL for tab with id: 1
07-13 11:27:40.422 20150 20150 W GeckoApp: zerdatime 228393029 - onNewIntent
07-13 11:27:40.422 20150 20150 D GeckoApp: EDIT
07-13 11:27:40.422 20150 20150 I GeckoApp: onNewIntent: http://www.leidinger.net/blog/2012/07/13/book-review-freebsd-device-drivers/
07-13 11:27:40.434 20150 20150 I GeckoDoorHangerPopup: Showing all doorhangers for tab: 1
07-13 11:27:40.445 20150 20165 I GeckoApp: Got message: Content:SecurityChange
07-13 11:27:40.445 20150 20165 I GeckoApp: Security Mode - unknown
07-13 11:27:40.504 20150 20165 I GeckoTabs: Got message: Tab:Added
07-13 11:27:40.504 20150 20165 I GeckoTabs: Received message from Gecko: 228393111 - Tab:Added
07-13 11:27:40.520 18680 18680 D OpenGLRenderer: Flushing caches (mode 2)
07-13 11:27:40.524 19968 19968 D OpenGLRenderer: Flushing caches (mode 1)
07-13 11:27:40.524   144  9303 I ActivityManager: Process com.google.android.apps.gesturesearch (pid 19097) has died.
07-13 11:27:40.531 18680 18680 D OpenGLRenderer: Flushing caches (mode 0)
07-13 11:27:40.551 19719 19719 D OpenGLRenderer: Flushing caches (mode 2)
07-13 11:27:40.742   144   323 D dalvikvm: GC_EXPLICIT freed 2190K, 26% free 17629K/23623K, paused 3ms+15ms
07-13 11:27:40.742 20150 20165 I GeckoTabs: Added a tab with id: 2
07-13 11:27:40.789 20150 20165 I GeckoTabs: Got message: Tab:Added
07-13 11:27:40.789 20150 20165 I GeckoTabs: Received message from Gecko: 228393397 - Tab:Added
07-13 11:27:40.793 20150 20165 I GeckoTabs: Added a tab with id: 3
07-13 11:27:40.820 20150 20165 I GeckoTabs: Got message: Tab:Added
07-13 11:27:40.820 20150 20165 I GeckoTabs: Received message from Gecko: 228393429 - Tab:Added
07-13 11:27:40.824 20150 20165 I GeckoTabs: Added a tab with id: 4
07-13 11:27:40.832 20150 20165 I GeckoTabs: Got message: Session:RestoreEnd
07-13 11:27:40.848   144   400 I ActivityManager: Process com.google.android.talk (pid 19719) has died.
07-13 11:27:40.985 20179 20179 I PhoneLab-LoggerService: Start Logger Service
07-13 11:27:41.012 20150 20165 I GeckoPanZoomController: Got message: Preferences:Data
07-13 11:27:41.043 20150 20165 I GeckoPanZoomController: Zoom animation frames: [0.0, 0.10211, 0.19864, 0.29043, 0.37816, 0.46155, 0.54054, 0.61496, 0.68467, 0.7491, 0.80794, 0.86069, 0.90651, 0.94471, 0.97401, 0.99309]
07-13 11:27:41.043 20150 20165 I GeckoAxis: Prefs: 0.85,0.97,10.0,0.012,0.04,0.3,0.5
07-13 11:27:41.078 20150 20153 D dalvikvm: GC_CONCURRENT freed 323K, 5% free 9734K/10183K, paused 130ms+3ms
07-13 11:27:41.102 20150 20165 I GeckoDisplayPortCalculator: Set strategy VelocityBiasStrategy mult=2.0, threshold=7.6800003, reverse=0.2, dangerBaseX=1.0, dangerBaseY=1.0, dangerIncrX=0.0, dangerIncrY=0.0
07-13 11:27:41.102 20150 20165 I PluginLayer: Using plugin placeholder: false
07-13 11:27:41.110 20150 20165 I GeckoApp: Got message: DOMTitleChanged
07-13 11:27:41.110 20150 20165 I GeckoTab: Updated title:  for tab with id: 1
07-13 11:27:41.110 20150 20165 I GeckoApp: title - 
07-13 11:27:41.160 20150 20165 I GeckoApp: Got message: DOMContentLoaded
07-13 11:27:41.168 20150 20165 I GeckoApp: Got message: Content:PageShow
07-13 11:27:41.285 20150 20150 D GeckoFavicons: Creating LoadFaviconTask with URL = about:empty and favicon URL = null
07-13 11:27:41.297 20179 20192 I PhoneLab-: Service Running
07-13 11:27:41.309 20150 20150 D GeckoFavicons: Calling loadFavicon() with URL = about:empty and favicon URL = null (1)
07-13 11:27:41.348 20150 20165 I GeckoApp: Got message: Tab:ViewportMetadata
07-13 11:27:41.352 20150 20165 I GeckoApp: Got message: Content:StateChange
07-13 11:27:41.352 20150 20165 I GeckoApp: State - 786448
07-13 11:27:41.352 20150 20165 I GeckoApp: Got a document stop
07-13 11:27:41.352 20150 20150 I GeckoToolbar: zerdatime 228393960 - Throbber stop
07-13 11:27:41.363 20150 20194 D GeckoFavicons: The provided favicon URL is not valid: java.net.MalformedURLException: Unknown protocol: about
07-13 11:27:41.363 20150 20196 I Gecko   : Logging GL tracing output to /data/data/org.mozilla.firefox_beta/firefox.trace
07-13 11:27:41.363 20150 20196 I Gecko   : Attempting load of /data/local/egltrace.so
07-13 11:27:41.367 20150 20196 I Gecko   : Attempting load of libEGL.so
07-13 11:27:41.367 20150 20150 D GeckoFavicons: LoadFaviconTask finished for URL = about:empty (1)
07-13 11:27:41.481 20150 20196 I Gecko   : Extensions: EGL_KHR_image EGL_KHR_image_base EGL_KHR_image_base EGL_KHR_gl_texture_2D_image EGL_KHR_gl_texture_cubemap_image EGL_KHR_gl_renderbuffer_image EGL_KHR_fence_sync EGL_ANDROID_image_native_buffer EGL_ANDROID_image_native_buffer  0x45
07-13 11:27:41.481 20150 20196 I Gecko   : Extensions length: 226
07-13 11:27:41.559 20150 20196 E GeckoConsole: OpenGL LayerManager Initialized Succesfully.
07-13 11:27:41.559 20150 20196 E GeckoConsole: Version: OpenGL ES 2.0 build 1.8@785978
07-13 11:27:41.559 20150 20196 E GeckoConsole: Vendor: Imagination Technologies
07-13 11:27:41.559 20150 20196 E GeckoConsole: Renderer: PowerVR SGX 540
07-13 11:27:41.559 20150 20196 E GeckoConsole: FBO Texture Target: TEXTURE_2D
07-13 11:27:41.680 20179 20192 I PhoneLab-LoggerService: app_37    1373  1     1440   988   c00f181c 400107b4 S logcat
07-13 11:27:41.684 20179 20192 I PhoneLab-LoggerService: Logcat pid from database 1373
07-13 11:27:41.684 20179 20192 I PhoneLab-LoggerService: Logcat process found 1373
07-13 11:27:41.684 20179 20192 I PhoneLab-LoggerService: Checking Threshold
07-13 11:27:41.906 20150 20165 I GeckoApp: Got message: Content:StateChange
07-13 11:27:41.910 20150 20165 I GeckoApp: State - 983041
07-13 11:27:41.910 20150 20165 I GeckoApp: Got a document start
07-13 11:27:41.914 20150 20150 I GeckoToolbar: zerdatime 228394520 - Throbber start
07-13 11:27:41.957 20150 20196 D GeckoLayerView: LayerView paint state set to 1
07-13 11:27:41.957 20150 20196 I GeckoAppShell: Taking whole-screen screenshot, viewport: ImmutableViewportMetrics v=(0.0,0.0,480.0,690.0) p=(0.0,0.0,480.0,690.0) c=(0.0,0.0,980.0,1408.75) z=0.4897959
07-13 11:27:41.957 20150 20150 D GeckoPanZoomController: generating valid viewport using v=RectF(0.0, 0.0, 480.0, 690.0) p=RectF(0.0, 0.0, 480.0, 690.0) c=RectF(0.0, 0.0, 980.0, 1408.75) z=0.4897959
07-13 11:27:41.957 20150 20150 D GeckoPanZoomController: generated valid viewport as v=RectF(0.0, 0.0, 480.0, 690.0) p=RectF(0.0, 0.0, 480.0, 690.0) c=RectF(0.0, 0.0, 980.0, 1408.75) z=0.4897959
07-13 11:27:41.996 20150 20196 D GeckoLayerView: LayerView paint state set to 2
07-13 11:27:42.004 20150 20196 I Gecko   : Compositor: Composite took 46 ms.
07-13 11:27:42.035 20150 20196 I Gecko   : Compositor: Composite took 33 ms.
07-13 11:27:42.074 20150 20163 D dalvikvm: GC_FOR_ALLOC freed 203K, 4% free 9789K/10183K, paused 36ms
07-13 11:27:42.090 20150 20163 I dalvikvm-heap: Grow heap (frag case) to 11.627MB for 2097168-byte allocation
07-13 11:27:42.129 20150 20150 D dalvikvm: GC_FOR_ALLOC freed 2K, 4% free 11834K/12295K, paused 26ms
07-13 11:27:42.203 20150 20153 D dalvikvm: GC_CONCURRENT freed 1K, 4% free 11834K/12295K, paused 2ms+2ms
07-13 11:27:42.567 20150 20196 I Gecko   : Compositor: Composite took 76 ms.
07-13 11:27:42.770 20150 20165 I GeckoTabs: Got message: SessionHistory:New
07-13 11:27:42.809 20150 20165 I GeckoApp: Got message: Content:LocationChange
07-13 11:27:42.809 20150 20165 I GeckoApp: URI - http://www.leidinger.net/blog/2012/07/13/book-review-freebsd-device-drivers/
07-13 11:27:42.809 20150 20165 I GeckoTab: Updated url: http://www.leidinger.net/blog/2012/07/13/book-review-freebsd-device-drivers/ for tab with id: 1
07-13 11:27:42.809 20150 20165 I GeckoTab: Updated favicon for tab with id: 1
07-13 11:27:42.809 20150 20165 I GeckoTab: Updated favicon URL for tab with id: 1
07-13 11:27:42.809 20150 20165 D GeckoFavicons: Requesting cancelation of favicon load (1)
07-13 11:27:42.824 20150 20150 I GeckoDoorHangerPopup: Showing all doorhangers for tab: 1
07-13 11:27:42.832 20150 20165 I GeckoApp: Got message: Content:SecurityChange
07-13 11:27:42.836 20150 20165 I GeckoApp: Security Mode - unknown
07-13 11:27:42.942 20150 20165 I GeckoApp: Got message: DOMTitleChanged
07-13 11:27:42.945 20150 20165 I GeckoTab: Updated title: Book review: FreeBSD Device Drivers | Alexander Leidinger for tab with id: 1
07-13 11:27:42.953 20150 20165 I GeckoApp: title - Book review: FreeBSD Device Drivers | Alexander Leidinger
07-13 11:27:42.957 20150 20165 I GeckoApp: Got message: DOMLinkAdded
07-13 11:27:42.957 20150 20165 I GeckoApp: link rel - [alternate], href - http://www.leidinger.net/blog/feed/
07-13 11:27:42.957 20150 20165 I GeckoApp: Got message: DOMLinkAdded
07-13 11:27:42.957 20150 20165 I GeckoApp: link rel - [alternate], href - http://www.leidinger.net/blog/feed/rss/
07-13 11:27:42.961 20150 20165 I GeckoApp: Got message: DOMLinkAdded
07-13 11:27:42.961 20150 20165 I GeckoApp: link rel - [alternate], href - http://www.leidinger.net/blog/feed/atom/
07-13 11:27:42.965 20150 20165 I GeckoApp: Got message: DOMLinkAdded
07-13 11:27:42.965 20150 20165 I GeckoApp: link rel - [pingback], href - http://www.leidinger.net/blog/xmlrpc.php
07-13 11:27:42.969 20150 20165 I GeckoApp: Got message: DOMLinkAdded
07-13 11:27:42.973 20150 20165 I GeckoApp: link rel - [archives], href - http://www.leidinger.net/blog/2012/07/
07-13 11:27:42.977 20150 20165 I GeckoApp: Got message: DOMLinkAdded
07-13 11:27:42.977 20150 20165 I GeckoApp: link rel - [archives], href - http://www.leidinger.net/blog/2012/06/
07-13 11:27:42.981 20150 20165 I GeckoApp: Got message: DOMLinkAdded
07-13 11:27:42.981 20150 20165 I GeckoApp: link rel - [archives], href - http://www.leidinger.net/blog/2012/05/
07-13 11:27:42.985 20150 20165 I GeckoApp: Got message: DOMLinkAdded
07-13 11:27:42.985 20150 20165 I GeckoApp: link rel - [archives], href - http://www.leidinger.net/blog/2012/04/
07-13 11:27:42.985 20150 20165 I GeckoApp: Got message: DOMLinkAdded
07-13 11:27:42.988 20150 20165 I GeckoApp: link rel - [archives], href - http://www.leidinger.net/blog/2012/03/
07-13 11:27:42.992 20150 20165 I GeckoApp: Got message: DOMLinkAdded
07-13 11:27:42.992 20150 20165 I GeckoApp: link rel - [archives], href - http://www.leidinger.net/blog/2012/02/
07-13 11:27:42.996 20150 20165 I GeckoApp: Got message: DOMLinkAdded
07-13 11:27:42.996 20150 20165 I GeckoApp: link rel - [archives], href - http://www.leidinger.net/blog/2012/01/
07-13 11:27:43.000 20150 20165 I GeckoApp: Got message: DOMLinkAdded
07-13 11:27:43.000 20150 20165 I GeckoApp: link rel - [archives], href - http://www.leidinger.net/blog/2011/12/
07-13 11:27:43.004 20150 20165 I GeckoApp: Got message: DOMLinkAdded
07-13 11:27:43.004 20150 20165 I GeckoApp: link rel - [archives], href - http://www.leidinger.net/blog/2011/10/
07-13 11:27:43.008 20150 20165 I GeckoApp: Got message: DOMLinkAdded
07-13 11:27:43.008 20150 20165 I GeckoApp: link rel - [archives], href - http://www.leidinger.net/blog/2011/09/
07-13 11:27:43.012 20150 20165 I GeckoApp: Got message: DOMLinkAdded
07-13 11:27:43.012 20150 20165 I GeckoApp: link rel - [archives], href - http://www.leidinger.net/blog/2011/08/
07-13 11:27:43.016 20150 20165 I GeckoApp: Got message: DOMLinkAdded
07-13 11:27:43.016 20150 20165 I GeckoApp: link rel - [archives], href - http://www.leidinger.net/blog/2011/06/
07-13 11:27:43.020 20150 20165 I GeckoApp: Got message: DOMLinkAdded
07-13 11:27:43.020 20150 20165 I GeckoApp: link rel - [archives], href - http://www.leidinger.net/blog/2011/05/
07-13 11:27:43.024 20150 20165 I GeckoApp: Got message: DOMLinkAdded
07-13 11:27:43.024 20150 20165 I GeckoApp: link rel - [archives], href - http://www.leidinger.net/blog/2011/04/
07-13 11:27:43.028 20150 20165 I GeckoApp: Got message: DOMLinkAdded
07-13 11:27:43.028 20150 20165 I GeckoApp: link rel - [archives], href - http://www.leidinger.net/blog/2011/03/
07-13 11:27:43.028 20150 20165 I GeckoApp: Got message: DOMLinkAdded
07-13 11:27:43.028 20150 20165 I GeckoApp: link rel - [archives], href - http://www.leidinger.net/blog/2011/02/
07-13 11:27:43.031 20150 20165 I GeckoApp: Got message: DOMLinkAdded
07-13 11:27:43.031 20150 20165 I GeckoApp: link rel - [archives], href - http://www.leidinger.net/blog/2011/01/
07-13 11:27:43.035 20150 20165 I GeckoApp: Got message: DOMLinkAdded
07-13 11:27:43.035 20150 20165 I GeckoApp: link rel - [archives], href - http://www.leidinger.net/blog/2010/12/
07-13 11:27:43.035 20150 20165 I GeckoApp: Got message: DOMLinkAdded
07-13 11:27:43.035 20150 20165 I GeckoApp: link rel - [archives], href - http://www.leidinger.net/blog/2010/11/
07-13 11:27:43.043 20150 20165 I GeckoApp: Got message: DOMLinkAdded
07-13 11:27:43.043 20150 20165 I GeckoApp: link rel - [archives], href - http://www.leidinger.net/blog/2010/10/
07-13 11:27:43.047 20150 20165 I GeckoApp: Got message: DOMLinkAdded
07-13 11:27:43.047 20150 20165 I GeckoApp: link rel - [archives], href - http://www.leidinger.net/blog/2010/09/
07-13 11:27:43.047 20150 20165 I GeckoApp: Got message: DOMLinkAdded
07-13 11:27:43.047 20150 20165 I GeckoApp: link rel - [archives], href - http://www.leidinger.net/blog/2010/08/
07-13 11:27:43.051 20150 20165 I GeckoApp: Got message: DOMLinkAdded
07-13 11:27:43.051 20150 20165 I GeckoApp: link rel - [archives], href - http://www.leidinger.net/blog/2010/07/
07-13 11:27:43.051 20150 20165 I GeckoApp: Got message: DOMLinkAdded
07-13 11:27:43.051 20150 20165 I GeckoApp: link rel - [archives], href - http://www.leidinger.net/blog/2010/06/
07-13 11:27:43.055 20150 20165 I GeckoApp: Got message: DOMLinkAdded
07-13 11:27:43.055 20150 20165 I GeckoApp: link rel - [archives], href - http://www.leidinger.net/blog/2010/04/
07-13 11:27:43.055 20150 20165 I GeckoApp: Got message: DOMLinkAdded
07-13 11:27:43.055 20150 20165 I GeckoApp: link rel - [archives], href - http://www.leidinger.net/blog/2010/03/
07-13 11:27:43.063 20150 20165 I GeckoApp: Got message: DOMLinkAdded
07-13 11:27:43.063 20150 20165 I GeckoApp: link rel - [archives], href - http://www.leidinger.net/blog/2010/02/
07-13 11:27:43.067 20150 20165 I GeckoApp: Got message: DOMLinkAdded
07-13 11:27:43.067 20150 20165 I GeckoApp: link rel - [archives], href - http://www.leidinger.net/blog/2010/01/
07-13 11:27:43.067 20150 20165 I GeckoApp: Got message: DOMLinkAdded
07-13 11:27:43.067 20150 20165 I GeckoApp: link rel - [archives], href - http://www.leidinger.net/blog/2009/12/
07-13 11:27:43.086 20150 20165 I GeckoApp: Got message: DOMLinkAdded
07-13 11:27:43.086 20150 20165 I GeckoApp: link rel - [archives], href - http://www.leidinger.net/blog/2009/11/
07-13 11:27:43.094 20150 20165 I GeckoApp: Got message: DOMLinkAdded
07-13 11:27:43.102 20150 20165 I GeckoApp: link rel - [archives], href - http://www.leidinger.net/blog/2009/10/
07-13 11:27:43.106 20150 20165 I GeckoApp: Got message: DOMLinkAdded
07-13 11:27:43.106 20150 20165 I GeckoApp: link rel - [archives], href - http://www.leidinger.net/blog/2009/09/
07-13 11:27:43.110 20150 20165 I GeckoApp: Got message: DOMLinkAdded
07-13 11:27:43.110 20150 20165 I GeckoApp: link rel - [archives], href - http://www.leidinger.net/blog/2009/08/
07-13 11:27:43.117 20150 20165 I GeckoApp: Got message: DOMLinkAdded
07-13 11:27:43.117 20150 20165 I GeckoApp: link rel - [archives], href - http://www.leidinger.net/blog/2008/10/
07-13 11:27:43.117 20150 20165 I GeckoApp: Got message: DOMLinkAdded
07-13 11:27:43.121 20150 20165 I GeckoApp: link rel - [archives], href - http://www.leidinger.net/blog/2008/04/
07-13 11:27:43.121 20150 20165 I GeckoApp: Got message: DOMLinkAdded
07-13 11:27:43.125 20150 20165 I GeckoApp: link rel - [archives], href - http://www.leidinger.net/blog/2007/09/
07-13 11:27:43.137 20150 20165 I GeckoApp: Got message: DOMLinkAdded
07-13 11:27:43.137 20150 20165 I GeckoApp: link rel - [archives], href - http://www.leidinger.net/blog/2007/08/
07-13 11:27:43.141 20150 20165 I GeckoApp: Got message: DOMLinkAdded
07-13 11:27:43.141 20150 20165 I GeckoApp: link rel - [archives], href - http://www.leidinger.net/blog/2007/07/
07-13 11:27:43.145 20150 20165 I GeckoApp: Got message: DOMLinkAdded
07-13 11:27:43.145 20150 20165 I GeckoApp: link rel - [archives], href - http://www.leidinger.net/blog/2007/06/
07-13 11:27:43.153 20150 20165 I GeckoApp: Got message: DOMLinkAdded
07-13 11:27:43.153 20150 20165 I GeckoApp: link rel - [archives], href - http://www.leidinger.net/blog/2007/05/
07-13 11:27:43.153 20150 20165 I GeckoApp: Got message: DOMLinkAdded
07-13 11:27:43.156 20150 20165 I GeckoApp: link rel - [archives], href - http://www.leidinger.net/blog/2007/04/
07-13 11:27:43.156 20150 20165 I GeckoApp: Got message: DOMLinkAdded
07-13 11:27:43.156 20150 20165 I GeckoApp: link rel - [archives], href - http://www.leidinger.net/blog/2007/03/
07-13 11:27:43.160 20150 20165 I GeckoApp: Got message: DOMLinkAdded
07-13 11:27:43.160 20150 20165 I GeckoApp: link rel - [archives], href - http://www.leidinger.net/blog/2007/02/
07-13 11:27:43.164 20150 20165 I GeckoApp: Got message: DOMLinkAdded
07-13 11:27:43.164 20150 20165 I GeckoApp: link rel - [archives], href - http://www.leidinger.net/blog/2007/01/
07-13 11:27:43.176 20150 20165 I GeckoApp: Got message: DOMLinkAdded
07-13 11:27:43.176 20150 20165 I GeckoApp: link rel - [archives], href - http://www.leidinger.net/blog/2006/12/
07-13 11:27:43.176 20150 20165 I GeckoApp: Got message: DOMLinkAdded
07-13 11:27:43.176 20150 20165 I GeckoApp: link rel - [archives], href - http://www.leidinger.net/blog/2006/11/
07-13 11:27:43.180 20150 20165 I GeckoApp: Got message: DOMLinkAdded
07-13 11:27:43.180 20150 20165 I GeckoApp: link rel - [archives], href - http://www.leidinger.net/blog/2006/10/
07-13 11:27:43.180 20150 20165 I GeckoApp: Got message: DOMLinkAdded
07-13 11:27:43.180 20150 20165 I GeckoApp: link rel - [archives], href - http://www.leidinger.net/blog/2006/09/
07-13 11:27:43.188 20150 20165 I GeckoApp: Got message: DOMLinkAdded
07-13 11:27:43.188 20150 20165 I GeckoApp: link rel - [archives], href - http://www.leidinger.net/blog/2006/08/
07-13 11:27:43.192 20150 20165 I GeckoApp: Got message: DOMLinkAdded
07-13 11:27:43.192 20150 20165 I GeckoApp: link rel - [archives], href - http://www.leidinger.net/blog/2006/07/
07-13 11:27:43.195 20150 20165 I GeckoApp: Got message: DOMLinkAdded
07-13 11:27:43.195 20150 20165 I GeckoApp: link rel - [archives], href - http://www.leidinger.net/blog/2006/06/
07-13 11:27:43.195 20150 20165 I GeckoApp: Got message: DOMLinkAdded
07-13 11:27:43.195 20150 20165 I GeckoApp: link rel - [archives], href - http://www.leidinger.net/blog/2006/05/
07-13 11:27:44.203 20150 20165 E GeckoConsole: [JavaScript Warning: "Unknown property '-moz-border-radius'.  Declaration dropped." {file: "http://www.leidinger.net/blog/wp-content/plugins/cookie-law-info/css/cli-style.css?ver=3.4.1" line: 28}]
07-13 11:27:44.203 20150 20165 E GeckoConsole: [JavaScript Warning: "Unknown property '-moz-box-shadow'.  Declaration dropped." {file: "http://www.leidinger.net/blog/wp-content/plugins/cookie-law-info/css/cli-style.css?ver=3.4.1" line: 30}]
07-13 11:27:44.211   144   326 I ActivityManager: Process android.process.acore (pid 19763) has died.
07-13 11:27:44.672 20150 20165 E GeckoConsole: [JavaScript Warning: "Selector expected.  Ruleset ignored due to bad selector." {file: "http://www.leidinger.net/blog/wp-content/plugins/cookie-law-info/css/cli-tables.css?ver=3.4.1" line: 20}]
07-13 11:27:44.672 20150 20165 E GeckoConsole: [JavaScript Warning: "Unknown property '-moz-border-radius'.  Declaration dropped." {file: "http://www.leidinger.net/blog/wp-content/plugins/cookie-law-info/css/cli-tables.css?ver=3.4.1" line: 48}]
07-13 11:27:44.676 20150 20165 E GeckoConsole: [JavaScript Warning: "Error in parsing value for 'background-image'.  Declaration dropped." {file: "http://www.leidinger.net/blog/wp-content/plugins/cookie-law-info/css/cli-tables.css?ver=3.4.1" line: 60}]
07-13 11:27:44.676 20150 20165 E GeckoConsole: [JavaScript Warning: "Unknown property '-moz-border-radius'.  Declaration dropped." {file: "http://www.leidinger.net/blog/wp-content/plugins/cookie-law-info/css/cli-tables.css?ver=3.4.1" line: 90}]
07-13 11:27:44.676 20150 20165 E GeckoConsole: [JavaScript Warning: "Unknown property '-moz-border-radius'.  Declaration dropped." {file: "http://www.leidinger.net/blog/wp-content/plugins/cookie-law-info/css/cli-tables.css?ver=3.4.1" line: 122}]
07-13 11:27:44.680 20150 20165 E GeckoConsole: [JavaScript Warning: "Error in parsing value for 'filter'.  Declaration dropped." {file: "http://www.leidinger.net/blog/wp-content/plugins/wp-polls/polls-css.css?ver=2.63" line: 50}]
07-13 11:27:44.680 20150 20165 E GeckoConsole: [JavaScript Warning: "Unknown property '-moz-opacity'.  Declaration dropped." {file: "http://www.leidinger.net/blog/wp-content/plugins/wp-polls/polls-css.css?ver=2.63" line: 51}]
07-13 11:27:44.981 20150 20165 E GeckoConsole: [JavaScript Warning: "Unknown property '-moz-border-radius'.  Declaration dropped." {file: "http://www.leidinger.net/blog/wp-content/plugins/easy-chart-builder/easy-chart-builder.css" line: 9}]
07-13 11:27:45.035 20150 20165 E GeckoConsole: [JavaScript Warning: "Unknown property '-moz-border-radius'.  Declaration dropped." {file: "http://www.leidinger.net/blog/wp-content/plugins/wp-update-message/style-themes/yellow.css" line: 6}]
07-13 11:27:45.059 20150 20165 E GeckoConsole: [JavaScript Warning: "Error in parsing value for 'padding-bottom'.  Declaration dropped." {file: "http://www.leidinger.net/blog/wp-content/themes/clean-white-alex/style.css" line: 240}]
07-13 11:27:45.063 20150 20165 E GeckoConsole: [JavaScript Warning: "Unknown property '-moz-border-radius'.  Declaration dropped." {file: "http://www.leidinger.net/blog/wp-content/themes/clean-white-alex/style.css" line: 423}]
07-13 11:27:47.156 20150 20163 I GeckoAppShell: Taking whole-screen screenshot, viewport: ImmutableViewportMetrics v=(0.0,0.0,480.0,690.0) p=(0.0,0.0,480.0,690.0) c=(0.0,0.0,980.0,1408.75) z=0.4897959
07-13 11:27:47.227 20150 20163 D dalvikvm: GC_FOR_ALLOC freed 2317K, 21% free 9804K/12295K, paused 17ms
07-13 11:27:47.231 20150 20163 I dalvikvm-heap: Grow heap (frag case) to 11.643MB for 2097168-byte allocation
07-13 11:27:47.258 20150 20153 D dalvikvm: GC_CONCURRENT freed 8K, 4% free 11844K/12295K, paused 1ms+3ms
07-13 11:27:49.610 20150 20165 I GeckoApp: Got message: DOMLinkAdded
07-13 11:27:49.610 20150 20165 I GeckoApp: link rel - [alternate], href - http://www.leidinger.net/blog/2012/07/13/book-review-freebsd-device-drivers/feed/
07-13 11:27:49.852 20150 20165 I GeckoApp: Got message: DOMLinkAdded
07-13 11:27:49.852 20150 20165 I GeckoApp: link rel - [prev], href - http://www.leidinger.net/blog/2012/07/09/email-app-from-android-3-1-in-android-3-2/
07-13 11:27:49.852 20150 20163 W GeckoGlobalHistory: Rebuilding visited link set...
07-13 11:27:49.856 20150 20165 I GeckoApp: Got message: DOMLinkAdded
07-13 11:27:49.856 20150 20165 I GeckoApp: link rel - [shortlink], href - http://www.leidinger.net/blog/?p=991
07-13 11:27:49.860 20150 20165 I GeckoApp: Got message: DOMLinkAdded
07-13 11:27:49.860 20150 20165 I GeckoApp: link rel - [canonical], href - http://www.leidinger.net/blog/2012/07/13/book-review-freebsd-device-drivers/
07-13 11:27:51.141 20150 20153 D dalvikvm: GC_CONCURRENT freed 2101K, 17% free 10695K/12871K, paused 2ms+6ms
07-13 11:27:51.473 20150 20165 I GeckoApp: Got message: Tab:ViewportMetadata
07-13 11:27:52.184 20150 20196 I GeckoAppShell: Taking whole-screen screenshot, viewport: ImmutableViewportMetrics v=(0.0,0.0,480.0,690.0) p=(0.0,0.0,480.0,7980.0) c=(0.0,0.0,980.0,16291.75) z=0.4897959
07-13 11:27:52.184 20150 20150 D GeckoPanZoomController: generating valid viewport using v=RectF(0.0, 0.0, 480.0, 690.0) p=RectF(0.0, 0.0, 480.0, 7980.0) c=RectF(0.0, 0.0, 980.0, 16291.75) z=0.4897959
07-13 11:27:52.184 20150 20150 D GeckoPanZoomController: generated valid viewport as v=RectF(0.0, 0.0, 480.0, 690.0) p=RectF(0.0, 0.0, 480.0, 7980.0) c=RectF(0.0, 0.0, 980.0, 16291.75) z=0.4897959
07-13 11:27:52.270 20150 20196 I Gecko   : Compositor: Composite took 87 ms.
07-13 11:27:52.496 20150 20163 D dalvikvm: GC_FOR_ALLOC freed 102K, 16% free 10885K/12871K, paused 21ms
07-13 11:27:52.504 20150 20163 I dalvikvm-heap: Grow heap (frag case) to 12.698MB for 2097168-byte allocation
07-13 11:27:52.535 20150 20165 D dalvikvm: GC_FOR_ALLOC freed <1K, 14% free 12932K/14983K, paused 19ms
07-13 11:27:52.567 20150 20165 I GeckoApp: Got message: DOMContentLoaded
07-13 11:27:52.617 20150 20153 D dalvikvm: GC_CONCURRENT freed 3K, 14% free 12933K/14983K, paused 3ms+17ms
07-13 11:27:52.703 20150 20196 I Gecko   : Compositor: Composite took 51 ms.
07-13 11:27:53.672 20150 20196 I Gecko   : Compositor: Composite took 53 ms.
07-13 11:27:53.988   144  7984 I ActivityManager: Process com.google.android.apps.maps:LocationFriendService (pid 18319) has died.
07-13 11:27:54.067 20150 20196 I Gecko   : Compositor: Composite took 67 ms.
07-13 11:27:54.559 20150 20165 E GeckoConsole: [JavaScript Warning: "Unknown property '-moz-border-radius'.  Declaration dropped." {file: "http://www.leidinger.net/blog/2012/07/13/book-review-freebsd-device-drivers/" line: 1}]
07-13 11:27:54.559 20150 20165 E GeckoConsole: [JavaScript Warning: "Unknown property '-moz-outline'.  Declaration dropped." {file: "http://www.leidinger.net/blog/2012/07/13/book-review-freebsd-device-drivers/" line: 1}]
07-13 11:27:54.563 20150 20165 E GeckoConsole: [JavaScript Warning: "Unknown property '-moz-border-radius'.  Declaration dropped." {file: "http://www.leidinger.net/blog/2012/07/13/book-review-freebsd-device-drivers/" line: 1}]
07-13 11:27:54.563 20150 20165 E GeckoConsole: [JavaScript Warning: "Unknown property '-moz-border-radius'.  Declaration dropped." {file: "http://www.leidinger.net/blog/2012/07/13/book-review-freebsd-device-drivers/" line: 1}]
07-13 11:27:54.563 20150 20165 E GeckoConsole: [JavaScript Warning: "Unknown property '-moz-box-shadow'.  Declaration dropped." {file: "http://www.leidinger.net/blog/2012/07/13/book-review-freebsd-device-drivers/" line: 1}]
07-13 11:27:54.567 20150 20165 E GeckoConsole: [JavaScript Warning: "Unknown property '-moz-border-radius-bottomleft'.  Declaration dropped." {file: "http://www.leidinger.net/blog/2012/07/13/book-review-freebsd-device-drivers/" line: 1}]
07-13 11:27:54.567 20150 20165 E GeckoConsole: [JavaScript Warning: "Unknown property '-moz-border-radius-bottomright'.  Declaration dropped." {file: "http://www.leidinger.net/blog/2012/07/13/book-review-freebsd-device-drivers/" line: 1}]
07-13 11:27:54.570 20150 20165 E GeckoConsole: [JavaScript Warning: "Unknown property '-moz-border-radius'.  Declaration dropped." {file: "http://www.leidinger.net/blog/2012/07/13/book-review-freebsd-device-drivers/" line: 1}]
07-13 11:27:54.824 20150 20165 E GeckoConsole: [JavaScript Warning: "Error in parsing value for 'height'.  Declaration dropped." {file: "http://www.leidinger.net/blog/2012/07/13/book-review-freebsd-device-drivers/" line: 0}]
07-13 11:27:54.828 20150 20165 E GeckoConsole: [JavaScript Warning: "Error in parsing value for 'width'.  Declaration dropped." {file: "http://www.leidinger.net/blog/2012/07/13/book-review-freebsd-device-drivers/" line: 0}]
07-13 11:27:55.379 20150 20165 E GeckoConsole: [JavaScript Warning: "Unknown property '-moz-box-shadow'.  Declaration dropped." {file: "http://s.gravatar.com/css/hovercard.css?v=6" line: 4}]
07-13 11:27:55.379 20150 20165 E GeckoConsole: [JavaScript Warning: "Error in parsing value for 'z-index'.  Declaration dropped." {file: "http://s.gravatar.com/css/hovercard.css?v=6" line: 10}]
07-13 11:27:55.379 20150 20165 E GeckoConsole: [JavaScript Warning: "Unknown property 'zoom'.  Declaration dropped." {file: "http://s.gravatar.com/css/hovercard.css?v=6" line: 14}]
07-13 11:27:55.383 20150 20165 E GeckoConsole: [JavaScript Warning: "Unknown property '-moz-box-shadow'.  Declaration dropped." {file: "http://s.gravatar.com/css/hovercard.css?v=6" line: 72}]
07-13 11:27:55.387 20150 20165 E GeckoConsole: [JavaScript Warning: "Unknown property 'transform'.  Declaration dropped." {file: "http://s.gravatar.com/css/hovercard.css?v=6" line: 176}]
07-13 11:27:55.387 20150 20165 E GeckoConsole: [JavaScript Warning: "Error in parsing value for 'filter'.  Declaration dropped." {file: "http://s.gravatar.com/css/hovercard.css?v=6" line: 177}]
07-13 11:27:55.387 20150 20165 E GeckoConsole: [JavaScript Warning: "Unknown property '-moz-border-radius'.  Declaration dropped." {file: "http://s.gravatar.com/css/hovercard.css?v=6" line: 193}]
07-13 11:27:55.387 20150 20165 E GeckoConsole: [JavaScript Warning: "Error in parsing value for 'background'.  Declaration dropped." {file: "http://s.gravatar.com/css/hovercard.css?v=6" line: 238}]
07-13 11:27:55.387 20150 20165 E GeckoConsole: [JavaScript Warning: "Error in parsing value for 'background'.  Declaration dropped." {file: "http://s.gravatar.com/css/hovercard.css?v=6" line: 239}]
07-13 11:27:55.391 20150 20165 E GeckoConsole: [JavaScript Warning: "Error in parsing value for 'background'.  Declaration dropped." {file: "http://s.gravatar.com/css/hovercard.css?v=6" line: 240}]
07-13 11:27:55.391 20150 20165 E GeckoConsole: [JavaScript Warning: "Error in parsing value for 'background'.  Declaration dropped." {file: "http://s.gravatar.com/css/hovercard.css?v=6" line: 241}]
07-13 11:27:55.391 20150 20165 E GeckoConsole: [JavaScript Warning: "Error in parsing value for 'background'.  Declaration dropped." {file: "http://s.gravatar.com/css/hovercard.css?v=6" line: 242}]
07-13 11:27:55.391 20150 20165 E GeckoConsole: [JavaScript Warning: "Unknown property '-moz-border-radius'.  Declaration dropped." {file: "http://s.gravatar.com/css/hovercard.css?v=6" line: 243}]
07-13 11:27:55.391 20150 20165 E GeckoConsole: [JavaScript Warning: "Unknown property '-moz-box-shadow'.  Declaration dropped." {file: "http://s.gravatar.com/css/hovercard.css?v=6" line: 249}]
07-13 11:27:55.391 20150 20165 E GeckoConsole: [JavaScript Warning: "Error in parsing value for 'background'.  Declaration dropped." {file: "http://s.gravatar.com/css/hovercard.css?v=6" line: 266}]
07-13 11:27:55.391 20150 20165 E GeckoConsole: [JavaScript Warning: "Error in parsing value for 'background'.  Declaration dropped." {file: "http://s.gravatar.com/css/hovercard.css?v=6" line: 267}]
07-13 11:27:55.395 20150 20165 E GeckoConsole: [JavaScript Warning: "Error in parsing value for 'background'.  Declaration dropped." {file: "http://s.gravatar.com/css/hovercard.css?v=6" line: 268}]
07-13 11:27:55.395 20150 20165 E GeckoConsole: [JavaScript Warning: "Error in parsing value for 'background'.  Declaration dropped." {file: "http://s.gravatar.com/css/hovercard.css?v=6" line: 269}]
07-13 11:27:55.395 20150 20165 E GeckoConsole: [JavaScript Warning: "Error in parsing value for 'background'.  Declaration dropped." {file: "http://s.gravatar.com/css/hovercard.css?v=6" line: 270}]
07-13 11:27:55.395 20150 20165 E GeckoConsole: [JavaScript Warning: "Unknown property '-moz-box-shadow'.  Declaration dropped." {file: "http://s.gravatar.com/css/hovercard.css?v=6" line: 271}]
07-13 11:27:55.395 20150 20165 E GeckoConsole: [JavaScript Warning: "Error in parsing value for 'background'.  Declaration dropped." {file: "http://s.gravatar.com/css/hovercard.css?v=6" line: 281}]
07-13 11:27:55.395 20150 20165 E GeckoConsole: [JavaScript Warning: "Error in parsing value for 'background'.  Declaration dropped." {file: "http://s.gravatar.com/css/hovercard.css?v=6" line: 282}]
