07-23 11:37:41.534  3240  3242 D dalvikvm: GC_CONCURRENT freed 432K, 8% free 10190K/11015K, paused 2ms+2ms
07-23 11:37:41.624   144   200 D ConnectivityService: handleInetConditionHoldEnd: net=0, condition=100, published condition=0
07-23 11:37:42.600  3240  3242 D dalvikvm: GC_CONCURRENT freed 432K, 8% free 10191K/11015K, paused 2ms+2ms
07-23 11:37:42.682  1857  1858 D dalvikvm: GC_CONCURRENT freed 314K, 6% free 10420K/11079K, paused 3ms+3ms
07-23 11:37:42.854  4460  4462 D dalvikvm: GC_CONCURRENT freed 439K, 6% free 9350K/9863K, paused 6ms+2ms
07-23 11:37:43.487  3240  3242 D dalvikvm: GC_CONCURRENT freed 432K, 8% free 10191K/11015K, paused 1ms+3ms
07-23 11:37:44.550  4411  4447 D dalvikvm: GC_FOR_ALLOC freed 769K, 10% free 10666K/11847K, paused 48ms
07-23 11:37:44.690  3240  3242 D dalvikvm: GC_CONCURRENT freed 472K, 8% free 10202K/11015K, paused 3ms+3ms
07-23 11:37:44.694   144   385 I ActivityManager: Process com.android.calendar (pid 3726) has died.
07-23 11:37:45.624  4411  4413 D dalvikvm: GC_CONCURRENT freed 283K, 9% free 10805K/11847K, paused 7ms+5ms
07-23 11:37:45.671  3240  3242 D dalvikvm: GC_CONCURRENT freed 442K, 8% free 10192K/11015K, paused 2ms+3ms
07-23 11:37:46.557  3240  3242 D dalvikvm: GC_CONCURRENT freed 433K, 8% free 10191K/11015K, paused 2ms+8ms
07-23 11:37:47.514   144 29906 D dalvikvm: GC_EXPLICIT freed 1553K, 21% free 19290K/24263K, paused 4ms+11ms
07-23 11:37:47.741  4411  4413 D dalvikvm: GC_CONCURRENT freed 431K, 8% free 10951K/11847K, paused 2ms+20ms
07-23 11:37:47.776  3240  3242 D dalvikvm: GC_CONCURRENT freed 489K, 8% free 10213K/11015K, paused 3ms+3ms
07-23 11:37:48.393  3240  3240 D dalvikvm: GC_EXPLICIT freed 397K, 8% free 10142K/11015K, paused 2ms+2ms
07-23 11:37:48.503  3240  3242 D dalvikvm: GC_CONCURRENT freed 376K, 8% free 10185K/11015K, paused 2ms+3ms
07-23 11:37:48.999  4411  4567 D dalvikvm: GC_FOR_ALLOC freed 333K, 7% free 11078K/11847K, paused 28ms
07-23 11:37:48.999  4411  4567 I dalvikvm-heap: Grow heap (frag case) to 10.949MB for 64458-byte allocation
07-23 11:37:49.038  4411  4558 D dalvikvm: GC_FOR_ALLOC freed 31K, 7% free 11110K/11911K, paused 26ms
07-23 11:37:49.487  3240  3242 D dalvikvm: GC_CONCURRENT freed 425K, 8% free 10186K/11015K, paused 1ms+2ms
07-23 11:37:50.479  3240  3242 D dalvikvm: GC_CONCURRENT freed 426K, 8% free 10186K/11015K, paused 2ms+2ms
07-23 11:37:51.475  3240  3242 D dalvikvm: GC_CONCURRENT freed 426K, 8% free 10187K/11015K, paused 2ms+3ms
07-23 11:37:52.475  3240  3242 D dalvikvm: GC_CONCURRENT freed 426K, 8% free 10187K/11015K, paused 2ms+3ms
07-23 11:37:53.471  3240  3242 D dalvikvm: GC_CONCURRENT freed 426K, 8% free 10187K/11015K, paused 1ms+2ms
07-23 11:37:54.495  3240  3242 D dalvikvm: GC_CONCURRENT freed 426K, 8% free 10188K/11015K, paused 2ms+2ms
07-23 11:37:55.511  3240  3242 D dalvikvm: GC_CONCURRENT freed 426K, 8% free 10188K/11015K, paused 1ms+2ms
07-23 11:37:56.495  3240  3242 D dalvikvm: GC_CONCURRENT freed 429K, 8% free 10236K/11015K, paused 2ms+3ms
07-23 11:37:57.069   280   280 I wpa_supplicant: wlan0: CTRL-EVENT-DISCONNECTED bssid=e8:40:40:cc:16:41 reason=0
07-23 11:37:57.464  3240  3242 D dalvikvm: GC_CONCURRENT freed 471K, 8% free 10191K/11015K, paused 2ms+2ms
07-23 11:37:57.546  4411  4413 D dalvikvm: GC_CONCURRENT freed 772K, 9% free 10907K/11911K, paused 2ms+3ms
07-23 11:37:58.233   280   280 I wpa_supplicant: wlan0: Trying to associate with 00:1a:30:b8:e4:61 (SSID='UB_Secure' freq=2412 MHz)
07-23 11:37:58.444   220   222 D dalvikvm: GC_CONCURRENT freed 102K, 26% free 10597K/14215K, paused 2ms+3ms
07-23 11:37:58.589   220   222 D dalvikvm: GC_CONCURRENT freed 408K, 25% free 10683K/14215K, paused 1ms+4ms
07-23 11:37:58.702  3240  3242 D dalvikvm: GC_CONCURRENT freed 430K, 8% free 10189K/11015K, paused 9ms+3ms
07-23 11:37:59.288  4411  4413 D dalvikvm: GC_CONCURRENT freed 376K, 7% free 11121K/11911K, paused 2ms+2ms
07-23 11:37:59.448  3240  3242 D dalvikvm: GC_CONCURRENT freed 428K, 8% free 10189K/11015K, paused 1ms+2ms
07-23 11:38:00.456  3240  3242 D dalvikvm: GC_CONCURRENT freed 428K, 8% free 10190K/11015K, paused 3ms+3ms
07-23 11:38:01.483  3240  3242 D dalvikvm: GC_CONCURRENT freed 428K, 8% free 10190K/11015K, paused 2ms+2ms
07-23 11:38:02.471  3240  3242 D dalvikvm: GC_CONCURRENT freed 428K, 8% free 10190K/11015K, paused 2ms+3ms
07-23 11:38:03.491  3240  3242 D dalvikvm: GC_CONCURRENT freed 428K, 8% free 10190K/11015K, paused 2ms+3ms
07-23 11:38:03.987  4147  4160 I PhoneLab-: Service Running
07-23 11:38:04.096  4147  4149 D dalvikvm: GC_CONCURRENT freed 435K, 6% free 9114K/9671K, paused 2ms+2ms
07-23 11:38:04.104  4147  4160 I PhoneLab-LoggerService: app_37    1303  1     1440   992   c00f181c 400107b4 S logcat
07-23 11:38:04.104  4147  4160 I PhoneLab-LoggerService: Logcat pid from database 1303
07-23 11:38:04.112  4147  4160 I PhoneLab-LoggerService: Logcat process found 1303
07-23 11:38:04.112  4147  4160 I PhoneLab-LoggerService: Checking Threshold
07-23 11:38:04.116  4147  4160 I PhoneLab-LoggerService: Starting to rename files
07-23 11:38:04.116  4147  4160 I PhoneLab-LoggerService: Files found .. 2
07-23 11:38:04.116  4147  4160 I PhoneLab-LoggerService: File 1 log.out.1
07-23 11:38:04.120  4147  4160 I PhoneLab-LoggerService: Renamed successfully
07-23 11:38:04.464  3240  3242 D dalvikvm: GC_CONCURRENT freed 428K, 8% free 10191K/11015K, paused 2ms+2ms
07-23 11:38:05.456  3240  3242 D dalvikvm: GC_CONCURRENT freed 428K, 8% free 10191K/11015K, paused 2ms+2ms
07-23 11:38:06.471  3240  3242 D dalvikvm: GC_CONCURRENT freed 428K, 8% free 10191K/11015K, paused 2ms+2ms
07-23 11:38:07.518   144   144 D dalvikvm: GC_EXPLICIT freed 1060K, 21% free 19252K/24263K, paused 3ms+10ms
07-23 11:38:07.620  3240  3242 D dalvikvm: GC_CONCURRENT freed 428K, 8% free 10192K/11015K, paused 2ms+2ms
07-23 11:38:07.827  4411  4413 D dalvikvm: GC_CONCURRENT freed 775K, 9% free 10921K/11911K, paused 21ms+3ms
07-23 11:38:08.264   280   280 I wpa_supplicant: wlan0: Authentication with 00:1a:30:b8:e4:61 timed out.
07-23 11:38:08.479  3240  3242 D dalvikvm: GC_CONCURRENT freed 430K, 8% free 10189K/11015K, paused 2ms+3ms
07-23 11:38:08.952   280   280 I wpa_supplicant: wlan0: Trying to associate with e8:40:40:78:8c:41 (SSID='UB_Secure' freq=2437 MHz)
07-23 11:38:09.077   280   280 I wpa_supplicant: wlan0: Associated with e8:40:40:78:8c:41
07-23 11:38:09.089   280   280 I wpa_supplicant: wlan0: CTRL-EVENT-EAP-STARTED EAP authentication started
07-23 11:38:09.104   280   280 I wpa_supplicant: wlan0: CTRL-EVENT-EAP-PROPOSED-METHOD vendor=0 method=4 -> NAK
07-23 11:38:09.108   280   280 I wpa_supplicant: wlan0: CTRL-EVENT-EAP-PROPOSED-METHOD vendor=0 method=25
07-23 11:38:09.108   280   280 I wpa_supplicant: wlan0: CTRL-EVENT-EAP-METHOD EAP vendor 0 method 25 (PEAP) selected
07-23 11:38:09.175   280   280 I wpa_supplicant: wlan0: CTRL-EVENT-EAP-PEER-CERT depth=2 subject='/C=US/O=Entrust.net/OU=www.entrust.net/CPS incorp. by ref. (limits liab.)/OU=(c) 1999 Entrust.net Limited/CN=Entrust.net Secure Server Certification Authority'
07-23 11:38:09.175   280   280 I wpa_supplicant: wlan0: CTRL-EVENT-EAP-PEER-CERT depth=2 subject='/C=US/O=Entrust.net/OU=www.entrust.net/CPS incorp. by ref. (limits liab.)/OU=(c) 1999 Entrust.net Limited/CN=Entrust.net Secure Server Certification Authority'
07-23 11:38:09.175   280   280 I wpa_supplicant: wlan0: CTRL-EVENT-EAP-PEER-CERT depth=1 subject='/C=US/ST=UT/L=Salt Lake City/O=The USERTRUST Network/CN=USERTrust Legacy Secure Server CA'
07-23 11:38:09.179   280   280 I wpa_supplicant: wlan0: CTRL-EVENT-EAP-PEER-CERT depth=0 subject='/C=US/postalCode=14260/ST=New York/L=Buffalo/street=305 Computing Center/O=SUNY AT BUFFALO/OU=Office of the President/OU=Issued through UNIVERSITY AT BUFFALO E-PKI Manager/OU=PremiumSSL Legacy/CN=ubsecure.acsu.buffalo.edu'
07-23 11:38:09.331   280   280 I wpa_supplicant: EAP-MSCHAPV2: Authentication succeeded
07-23 11:38:09.350   280   280 I wpa_supplicant: EAP-TLV: TLV Result - Success - EAP-TLV/Phase2 Completed
07-23 11:38:09.358   280   280 I wpa_supplicant: wlan0: CTRL-EVENT-EAP-SUCCESS EAP authentication completed successfully
07-23 11:38:09.378   280   280 I wpa_supplicant: wlan0: WPA: Key negotiation completed with e8:40:40:78:8c:41 [PTK=CCMP GTK=TKIP]
07-23 11:38:09.378   280   280 I wpa_supplicant: wlan0: CTRL-EVENT-CONNECTED - Connection to e8:40:40:78:8c:41 completed (reauth) [id=0 id_str=]
07-23 11:38:09.698  4411  4413 D dalvikvm: GC_CONCURRENT freed 385K, 7% free 11145K/11911K, paused 3ms+5ms
07-23 11:38:09.784  3240  3242 D dalvikvm: GC_CONCURRENT freed 431K, 8% free 10189K/11015K, paused 3ms+3ms
07-23 11:38:10.034   144   200 D ConnectivityService: ConnectivityChange for WIFI: CONNECTED/CONNECTED
07-23 11:38:10.034   144   200 D ConnectivityService: Policy requires mobile teardown
07-23 11:38:10.085  4147  4147 I PhoneLab-WiFiReceiver: Wi-Fi is connected!
07-23 11:38:10.085  4147  4147 I PhoneLab-WiFiReceiver: SSID: UB_Secure BSSID: e8:40:40:78:8c:41 RSSI: -200 LinkSpeed: -1
07-23 11:38:10.085  4147  4147 I PhoneLab-Locks: wake lock acquired
07-23 11:38:10.093  4147  4147 I PhoneLab-UploadLogs: Transfering log files now
07-23 11:38:10.139   144   200 D ConnectivityService: ConnectivityChange for mobile: DISCONNECTED/DISCONNECTED
07-23 11:38:10.143   144   200 D ConnectivityService: Attempting to switch to WIFI
07-23 11:38:10.147   144   200 D ConnectivityService: Attempting to switch to WIMAX
07-23 11:38:10.147   144   200 D ConnectivityService: Attempting to switch to BLUETOOTH_TETHER
07-23 11:38:10.167   144   200 D NetUtils: android_net_utils_resetConnections in env=0x1f323c8 clazz=0x17b00001 iface=rmnet0 mask=0x3
07-23 11:38:10.167   144   200 D ConnectivityService: resetConnections(rmnet0, 3)
07-23 11:38:10.233   144   195 W NetworkStats: dropping UID delta from unknown iface: iface=wlan0 uid=0 set=DEFAULT tag=0x0 rxBytes=0 rxPackets=0 txBytes=76 txPackets=1 operations=0
07-23 11:38:10.253   220   222 D dalvikvm: GC_CONCURRENT freed 456K, 25% free 10690K/14215K, paused 2ms+2ms
07-23 11:38:10.425  4147  4149 D dalvikvm: GC_CONCURRENT freed 430K, 6% free 9214K/9735K, paused 2ms+4ms
07-23 11:38:10.456  4147  4147 D dalvikvm: GC_FOR_ALLOC freed 0K, 6% free 9214K/9735K, paused 29ms
07-23 11:38:10.460  4147  4147 I dalvikvm-heap: Grow heap (frag case) to 9.184MB for 123476-byte allocation
07-23 11:38:10.495  4147  4156 D dalvikvm: GC_FOR_ALLOC freed 56K, 6% free 9278K/9863K, paused 25ms
07-23 11:38:10.522  4147  4147 D dalvikvm: GC_FOR_ALLOC freed 0K, 6% free 9278K/9863K, paused 19ms
07-23 11:38:10.526  4147  4147 I dalvikvm-heap: Grow heap (frag case) to 9.373MB for 254548-byte allocation
07-23 11:38:10.565  4147  4156 D dalvikvm: GC_FOR_ALLOC freed 120K, 8% free 9406K/10119K, paused 30ms
07-23 11:38:10.604  4147  4147 D dalvikvm: GC_FOR_ALLOC freed 0K, 8% free 9406K/10119K, paused 24ms
07-23 11:38:10.604  4147  4147 I dalvikvm-heap: Grow heap (frag case) to 9.748MB for 516692-byte allocation
07-23 11:38:10.647  4147  4156 D dalvikvm: GC_FOR_ALLOC freed 248K, 10% free 9662K/10631K, paused 27ms
07-23 11:38:10.710  4147  4149 D dalvikvm: GC_CONCURRENT freed 22K, 9% free 9677K/10631K, paused 2ms+4ms
07-23 11:38:10.710  4147  4147 I PhoneLab-UploadLogs: OnStartCommand
07-23 11:38:10.768  1857  4667 W Smack/Packet: notify conn break (IOEx), close connection
07-23 11:38:10.800  4147  4776 D dalvikvm: GC_FOR_ALLOC freed 318K, 9% free 9688K/10631K, paused 30ms
07-23 11:38:10.819  4147  4776 D dalvikvm: GC_FOR_ALLOC freed 344K, 10% free 9646K/10631K, paused 18ms
07-23 11:38:10.839  4147  4776 D dalvikvm: GC_FOR_ALLOC freed 301K, 10% free 9652K/10631K, paused 16ms
07-23 11:38:10.944  1857  4667 I qtaguid : Failed write_ctrl(u 82) res=-1 errno=22
07-23 11:38:10.956  1857  4667 I qtaguid : Untagging socket 82 failed errno=-22
07-23 11:38:10.956  1857  4667 W NetworkManagementSocketTagger: untagSocket(82) failed with errno -22
07-23 11:38:10.968   144   200 D ConnectivityService: handleInetConditionChange: net=0 != default=1 - ignore
07-23 11:38:10.971  3240  3242 D dalvikvm: GC_CONCURRENT freed 431K, 8% free 10190K/11015K, paused 3ms+6ms
07-23 11:38:11.475  3240  3242 D dalvikvm: GC_CONCURRENT freed 431K, 8% free 10190K/11015K, paused 2ms+2ms
07-23 11:38:11.764  4147  4147 I PhoneLab-: 1343057884119.log is deleted
07-23 11:38:11.764  4147  4147 I PhoneLab-: Response: {"data": "done", "err": ""}
07-23 11:38:11.776  4147  4147 I PhoneLab-UploadLogs: No log files to transfer
07-23 11:38:11.780  4147  4147 I PhoneLab-Locks: wake lock released
07-23 11:38:12.511  3240  3242 D dalvikvm: GC_CONCURRENT freed 430K, 8% free 10190K/11015K, paused 2ms+2ms
07-23 11:38:13.147   144   204 D Tethering: MasterInitialState.processMessage what=3
07-23 11:38:13.171  1857  1857 I GTalkService/c: [AndroidEndpoint@1094096144] connect: acct=1000000, state=CONNECTING
07-23 11:38:13.171  1857  1857 I GTalkService/c: [GTalkConnection@1094320320] connect: acct=1, state=CONNECTING
07-23 11:38:13.225   144   204 D Tethering: MasterInitialState.processMessage what=3
07-23 11:38:13.253  4346  4346 I MediaUploader: No need to wake up
07-23 11:38:13.378   144   147 D dalvikvm: GC_CONCURRENT freed 1974K, 21% free 19212K/24263K, paused 5ms+9ms
07-23 11:38:13.421  4088  4369 D PicasaSyncManager: active network: NetworkInfo: type: WIFI[], state: CONNECTED/CONNECTED, reason: (unspecified), extra: (none), roaming: false, failover: false, isAvailable: true
07-23 11:38:13.425  4088  4369 D PicasaSyncManager: background data: true
07-23 11:38:13.491  4424  4424 W ContextScopeImpl: thread=1 tried to enter the scope of the application context. Ignored.
07-23 11:38:13.530   144   204 D Tethering: MasterInitialState.processMessage what=3
07-23 11:38:13.550  4346  4346 I MediaUploader: No need to wake up
07-23 11:38:13.659  4370  4373 D dalvikvm: GC_CONCURRENT freed 409K, 5% free 10487K/11015K, paused 2ms+29ms
07-23 11:38:13.729  1857  1858 D dalvikvm: GC_CONCURRENT freed 403K, 6% free 10447K/11079K, paused 3ms+12ms
07-23 11:38:13.807  3240  3240 D dalvikvm: GC_EXPLICIT freed 50K, 8% free 10146K/11015K, paused 1ms+3ms
07-23 11:38:13.874  4424  4424 W ContextScopeImpl: thread=1 tried to enter the scope of the application context. Ignored.
07-23 11:38:13.940  4346  4346 I MediaUploader: No need to wake up
07-23 11:38:14.011  4424  4424 W ContextScopeImpl: thread=1 tried to enter the scope of the application context. Ignored.
07-23 11:38:14.104  4088  4369 D PicasaSyncManager: active network: NetworkInfo: type: WIFI[], state: CONNECTED/CONNECTED, reason: (unspecified), extra: (none), roaming: false, failover: false, isAvailable: true
07-23 11:38:14.104  4088  4369 D PicasaSyncManager: background data: true
07-23 11:38:14.124  3240  3242 D dalvikvm: GC_CONCURRENT freed 387K, 8% free 10185K/11015K, paused 2ms+3ms
07-23 11:38:14.456  1857  1869 D dalvikvm: GC_EXPLICIT freed 179K, 7% free 10329K/11079K, paused 3ms+3ms
07-23 11:38:14.554  3240  3242 D dalvikvm: GC_CONCURRENT freed 430K, 8% free 10185K/11015K, paused 1ms+3ms
07-23 11:38:15.468  3240  3242 D dalvikvm: GC_CONCURRENT freed 431K, 8% free 10185K/11015K, paused 2ms+3ms
07-23 11:38:16.194  4411  4413 D dalvikvm: GC_CONCURRENT freed 861K, 9% free 10938K/11911K, paused 2ms+3ms
07-23 11:38:16.554  3240  3242 D dalvikvm: GC_CONCURRENT freed 430K, 8% free 10186K/11015K, paused 2ms+2ms
07-23 11:38:17.514  3240  3242 D dalvikvm: GC_CONCURRENT freed 431K, 8% free 10186K/11015K, paused 1ms+2ms
07-23 11:38:18.464  3240  3242 D dalvikvm: GC_CONCURRENT freed 445K, 8% free 10196K/11015K, paused 2ms+2ms
07-23 11:38:19.323  4411  4413 D dalvikvm: GC_CONCURRENT freed 399K, 7% free 11153K/11911K, paused 2ms+4ms
07-23 11:38:19.358  4411  4567 D dalvikvm: GC_FOR_ALLOC freed 167K, 8% free 11080K/11975K, paused 33ms
07-23 11:38:19.526  3240  3242 D dalvikvm: GC_CONCURRENT freed 454K, 8% free 10198K/11015K, paused 2ms+3ms
07-23 11:38:20.429   144   498 D dalvikvm: GC_EXPLICIT freed 928K, 21% free 19244K/24263K, paused 4ms+10ms
07-23 11:38:20.577  3240  3242 D dalvikvm: GC_CONCURRENT freed 456K, 8% free 10200K/11015K, paused 3ms+3ms
07-23 11:38:20.960   144   200 D ConnectivityService: handleInetConditionHoldEnd: net=1, condition=100, published condition=0
07-23 11:38:21.085  1857  1858 D dalvikvm: GC_CONCURRENT freed 280K, 6% free 10435K/11079K, paused 52ms+6ms
07-23 11:38:21.577  3956  3967 D dalvikvm: GC_EXPLICIT freed 365K, 8% free 9552K/10311K, paused 14ms+5ms
07-23 11:38:21.581  3240  3242 D dalvikvm: GC_CONCURRENT freed 459K, 8% free 10200K/11015K, paused 1ms+10ms
07-23 11:38:21.843   144 30155 I ActivityManager: Process com.chess (pid 3298) has died.
07-23 11:38:22.452  3240  3242 D dalvikvm: GC_CONCURRENT freed 460K, 8% free 10199K/11015K, paused 1ms+4ms
07-23 11:38:23.413  4821  4821 D dalvikvm: Late-enabling CheckJNI
07-23 11:38:23.413   144   161 I ActivityManager: Start proc com.chess for broadcast com.chess/.backend.AlarmReceiver: pid=4821 uid=10079 gids={3003, 1015}
07-23 11:38:23.569  4821  4824 D dalvikvm: GC_CONCURRENT freed 172K, 3% free 9364K/9607K, paused 2ms+2ms
07-23 11:38:23.620  3240  3242 D dalvikvm: GC_CONCURRENT freed 457K, 8% free 10198K/11015K, paused 56ms+4ms
07-23 11:38:23.671  4821  4835 D GetStringObjTask: retrieving from url = http://www.chess.com/api/get_move_status?id=5HHjW9WUGa%2Bcu1LUwnVJPxTIWxmEve4VdkRnRyg7b5Ch69JH2Z5aB%2B7eGuFw8K2uFx47KFsdE3JRdR3Mzv0PkZOj6eZ8N73BvxmEERrzXjMNRo80rkLyJAUTh0iqof4n
07-23 11:38:23.909  4411  4413 D dalvikvm: GC_CONCURRENT freed 771K, 10% free 10897K/11975K, paused 2ms+5ms
07-23 11:38:24.237  4821  4835 D GetStringObjTask: WebRequest SERVER RESPONSE: Success+0
07-23 11:38:24.530  3240  3242 D dalvikvm: GC_CONCURRENT freed 457K, 8% free 10198K/11015K, paused 3ms+2ms
07-23 11:38:25.460  3240  3242 D dalvikvm: GC_CONCURRENT freed 457K, 8% free 10198K/11015K, paused 1ms+2ms
07-23 11:38:28.077  4281  4302 D dalvikvm: GC_FOR_ALLOC freed 264K, 6% free 9910K/10503K, paused 28ms
07-23 11:38:28.843  4411  4413 D dalvikvm: GC_CONCURRENT freed 352K, 7% free 11189K/11975K, paused 2ms+5ms
07-23 11:38:28.932  4411  4567 D dalvikvm: GC_FOR_ALLOC freed 393K, 8% free 11110K/12039K, paused 28ms
07-23 11:38:31.386   347   347 D SAN_SERVICE: *******************************************
07-23 11:38:31.386   347   347 D SAN_SERVICE: DM App Phone Service State - 0
07-23 11:38:31.386   347   347 D SAN_SERVICE: *******************************************
07-23 11:38:34.585  1857  1858 D dalvikvm: GC_CONCURRENT freed 358K, 6% free 10467K/11079K, paused 2ms+5ms
07-23 11:38:35.261  4411  4413 D dalvikvm: GC_CONCURRENT freed 709K, 9% free 10971K/12039K, paused 2ms+3ms
07-23 11:38:37.155   280   280 I wpa_supplicant: wlan0: CTRL-EVENT-DISCONNECTED bssid=e8:40:40:78:8c:41 reason=0
07-23 11:38:37.167 20622 20639 D CommandListener: Clearing all IP addresses on wlan0
07-23 11:38:37.221   280   280 I wpa_supplicant: wlan0: Trying to associate with e8:40:40:78:6c:b1 (SSID='UB_Secure' freq=2462 MHz)
07-23 11:38:37.319   144   200 D ConnectivityService: ConnectivityChange for WIFI: DISCONNECTED/DISCONNECTED
07-23 11:38:37.323   280   280 I wpa_supplicant: wlan0: Associated with e8:40:40:78:6c:b1
07-23 11:38:37.323   280   280 I wpa_supplicant: wlan0: CTRL-EVENT-EAP-STARTED EAP authentication started
07-23 11:38:37.323   144   200 D ConnectivityService: Attempting to switch to mobile
07-23 11:38:37.327   280   280 I wpa_supplicant: wlan0: CTRL-EVENT-EAP-PROPOSED-METHOD vendor=0 method=4 -> NAK
07-23 11:38:37.327   144   200 D ConnectivityService: Attempting to switch to WIMAX
07-23 11:38:37.327   144   200 D ConnectivityService: Attempting to switch to BLUETOOTH_TETHER
07-23 11:38:37.339   280   280 I wpa_supplicant: wlan0: CTRL-EVENT-EAP-PROPOSED-METHOD vendor=0 method=25
07-23 11:38:37.339   280   280 I wpa_supplicant: wlan0: CTRL-EVENT-EAP-METHOD EAP vendor 0 method 25 (PEAP) selected
07-23 11:38:37.370   144   200 E ConnectivityService: Exception trying to remove a route: java.lang.IllegalStateException: Unable to communicate with native dameon to add routes - com.android.server.NativeDaemonConnectorException: Cmd {interface route remove wlan0 default 67.20.213.254 32 0.0.0.0} failed with code 400 : {Failed to remove route from default table (No such process)}
07-23 11:38:37.382   144   200 D NetUtils: android_net_utils_resetConnections in env=0x1f323c8 clazz=0x2ab00001 iface=wlan0 mask=0x3
07-23 11:38:37.382   144   200 E ConnectivityService: Exception trying to remove a route: java.lang.IllegalStateException: Unable to communicate with native dameon to add routes - com.android.server.NativeDaemonConnectorException: Cmd {interface route remove wlan0 default 0.0.0.0 0 67.20.213.254} failed with code 400 : {Failed to remove route from default table (No such process)}
07-23 11:38:37.382   144   200 D ConnectivityService: resetConnections(wlan0, 3)
07-23 11:38:37.389   280   280 I wpa_supplicant: wlan0: CTRL-EVENT-EAP-PEER-CERT depth=2 subject='/C=US/O=Entrust.net/OU=www.entrust.net/CPS incorp. by ref. (limits liab.)/OU=(c) 1999 Entrust.net Limited/CN=Entrust.net Secure Server Certification Authority'
07-23 11:38:37.389   280   280 I wpa_supplicant: wlan0: CTRL-EVENT-EAP-PEER-CERT depth=2 subject='/C=US/O=Entrust.net/OU=www.entrust.net/CPS incorp. by ref. (limits liab.)/OU=(c) 1999 Entrust.net Limited/CN=Entrust.net Secure Server Certification Authority'
07-23 11:38:37.393   280   280 I wpa_supplicant: wlan0: CTRL-EVENT-EAP-PEER-CERT depth=1 subject='/C=US/ST=UT/L=Salt Lake City/O=The USERTRUST Network/CN=USERTrust Legacy Secure Server CA'
07-23 11:38:37.421   280   280 I wpa_supplicant: wlan0: CTRL-EVENT-EAP-PEER-CERT depth=0 subject='/C=US/postalCode=14260/ST=New York/L=Buffalo/street=305 Computing Center/O=SUNY AT BUFFALO/OU=Office of the President/OU=Issued through UNIVERSITY AT BUFFALO E-PKI Manager/OU=PremiumSSL Legacy/CN=ubsecure.acsu.buffalo.edu'
07-23 11:38:37.550  1857  4810 W Smack/Packet: notify conn break (IOEx), close connection
07-23 11:38:37.585   280   280 I wpa_supplicant: EAP-MSCHAPV2: Authentication succeeded
07-23 11:38:37.585   280   280 I wpa_supplicant: EAP-TLV: TLV Result - Success - EAP-TLV/Phase2 Completed
07-23 11:38:37.589   280   280 I wpa_supplicant: wlan0: CTRL-EVENT-EAP-SUCCESS EAP authentication completed successfully
07-23 11:38:37.596   280   280 I wpa_supplicant: wlan0: WPA: Key negotiation completed with e8:40:40:78:6c:b1 [PTK=CCMP GTK=TKIP]
07-23 11:38:37.596   280   280 I wpa_supplicant: wlan0: CTRL-EVENT-CONNECTED - Connection to e8:40:40:78:6c:b1 completed (reauth) [id=0 id_str=]
07-23 11:38:37.714  1857  4810 I qtaguid : Failed write_ctrl(u 82) res=-1 errno=22
07-23 11:38:37.714  1857  4810 I qtaguid : Untagging socket 82 failed errno=-22
07-23 11:38:37.718  1857  4810 W NetworkManagementSocketTagger: untagSocket(82) failed with errno -22
07-23 11:38:37.741   144   200 D ConnectivityService: handleInetConditionChange: no active default network - ignore
07-23 11:38:38.218   144   200 D ConnectivityService: ConnectivityChange for WIFI: CONNECTED/CONNECTED
07-23 11:38:38.241  4147  4147 I PhoneLab-WiFiReceiver: Wi-Fi is connected!
07-23 11:38:38.241  4147  4147 I PhoneLab-WiFiReceiver: SSID: UB_Secure BSSID: e8:40:40:78:6c:b1 RSSI: -200 LinkSpeed: -1
07-23 11:38:38.241  4147  4147 I PhoneLab-Locks: wake lock acquired
07-23 11:38:38.257  4147  4147 I PhoneLab-UploadLogs: Transfering log files now
07-23 11:38:38.257  4147  4147 I PhoneLab-UploadLogs: No log files to transfer
07-23 11:38:38.257  4147  4147 I PhoneLab-Locks: wake lock released
07-23 11:38:38.261  4147  4147 I PhoneLab-UploadLogs: OnStartCommand
07-23 11:38:38.284   144   195 W NetworkStats: dropping UID delta from unknown iface: iface=wlan0 uid=0 set=DEFAULT tag=0x0 rxBytes=0 rxPackets=0 txBytes=136 txPackets=2 operations=0
07-23 11:38:38.382   144   147 D dalvikvm: GC_CONCURRENT freed 1927K, 21% free 19355K/24263K, paused 3ms+12ms
07-23 11:38:38.624  4411  4413 D dalvikvm: GC_CONCURRENT freed 410K, 8% free 11191K/12039K, paused 2ms+4ms
07-23 11:38:38.706   347   347 D SAN_SERVICE: *******************************************
07-23 11:38:38.710   347   347 D SAN_SERVICE: DM App Phone Service State - 0
07-23 11:38:38.710   347   347 D SAN_SERVICE: *******************************************
07-23 11:38:39.221   144   200 D ConnectivityService: NetTransition Wakelock for WifiStateMachine released by timeout
07-23 11:38:40.425   144   204 D Tethering: MasterInitialState.processMessage what=3
07-23 11:38:40.436  1857  1857 I GTalkService/c: [AndroidEndpoint@1094096144] connect: acct=1000000, state=CONNECTING
07-23 11:38:40.444  1857  1857 I GTalkService/c: [GTalkConnection@1094320320] connect: acct=1, state=CONNECTING
07-23 11:38:40.491  4346  4346 I MediaUploader: No need to wake up
07-23 11:38:40.495  4147  4147 I PhoneLab-WiFiReceiver: Wi-Fi is disconnected!
07-23 11:38:40.554  4424  4424 W ContextScopeImpl: thread=1 tried to enter the scope of the application context. Ignored.
07-23 11:38:40.565  4088  4369 D PicasaSyncManager: active network: NetworkInfo: type: WIFI[], state: CONNECTED/CONNECTED, reason: (unspecified), extra: (none), roaming: false, failover: false, isAvailable: true
07-23 11:38:40.565  4088  4369 D PicasaSyncManager: background data: true
07-23 11:38:41.257   144   204 D Tethering: MasterInitialState.processMessage what=3
07-23 11:38:41.346  1857  1858 D dalvikvm: GC_CONCURRENT freed 436K, 6% free 10451K/11079K, paused 2ms+4ms
07-23 11:38:41.370  4346  4346 I MediaUploader: No need to wake up
07-23 11:38:41.436  4424  4424 W ContextScopeImpl: thread=1 tried to enter the scope of the application context. Ignored.
07-23 11:38:41.452  4088  4369 D PicasaSyncManager: active network: NetworkInfo: type: WIFI[], state: CONNECTED/CONNECTED, reason: (unspecified), extra: (none), roaming: false, failover: false, isAvailable: true
07-23 11:38:41.452  4088  4369 D PicasaSyncManager: background data: true
07-23 11:38:41.784   144   200 D ConnectivityService: handleInetConditionHoldEnd: net=1, condition=100, published condition=0
07-23 11:38:42.612   144 29906 D dalvikvm: GC_EXPLICIT freed 919K, 21% free 19238K/24263K, paused 4ms+10ms
07-23 11:38:42.706  3240  3242 D dalvikvm: GC_CONCURRENT freed 456K, 8% free 10199K/11015K, paused 184ms+2ms
07-23 11:38:43.569  3240  3242 D dalvikvm: GC_CONCURRENT freed 458K, 8% free 10198K/11015K, paused 8ms+5ms
07-23 11:38:43.600  4411  4413 D dalvikvm: GC_CONCURRENT freed 920K, 10% free 10914K/12039K, paused 1ms+3ms
07-23 11:38:44.358   347   347 D SAN_SERVICE: *******************************************
07-23 11:38:44.358   347   347 D SAN_SERVICE: DM App Phone Service State - 0
07-23 11:38:44.358   347   347 D SAN_SERVICE: *******************************************
07-23 11:38:44.526  3240  3242 D dalvikvm: GC_CONCURRENT freed 457K, 8% free 10199K/11015K, paused 4ms+2ms
07-23 11:38:45.573  3240  3242 D dalvikvm: GC_CONCURRENT freed 458K, 8% free 10199K/11015K, paused 2ms+3ms
07-23 11:38:45.940   144   200 D ConnectivityService: ConnectivityChange for mobile: CONNECTED/CONNECTED
07-23 11:38:45.971   144   200 D ConnectivityService: ConnectivityChange for mobile: DISCONNECTED/DISCONNECTED
07-23 11:38:45.971   144   200 D ConnectivityService: Attempting to switch to WIFI
07-23 11:38:45.971   144   200 D ConnectivityService: Attempting to switch to WIMAX
07-23 11:38:45.971   144   200 D NetUtils: android_net_utils_resetConnections in env=0x1f323c8 clazz=0x41800001 iface=rmnet0 mask=0x3
07-23 11:38:45.971   144   200 D ConnectivityService: Attempting to switch to BLUETOOTH_TETHER
07-23 11:38:45.971   144   200 D ConnectivityService: resetConnections(rmnet0, 3)
07-23 11:38:46.542  3240  3242 D dalvikvm: GC_CONCURRENT freed 461K, 8% free 10198K/11015K, paused 2ms+2ms
07-23 11:38:47.534  3240  3242 D dalvikvm: GC_CONCURRENT freed 457K, 8% free 10201K/11015K, paused 2ms+3ms
07-23 11:38:48.198  4411  4413 D dalvikvm: GC_CONCURRENT freed 331K, 8% free 11170K/12039K, paused 2ms+4ms
07-23 11:38:48.323  4411  4567 D dalvikvm: GC_FOR_ALLOC freed 468K, 8% free 11112K/12039K, paused 29ms
07-23 11:38:48.471  3240  3242 D dalvikvm: GC_CONCURRENT freed 461K, 8% free 10201K/11015K, paused 2ms+2ms
07-23 11:38:49.046   144   204 D Tethering: MasterInitialState.processMessage what=3
07-23 11:38:49.100   144   204 D Tethering: MasterInitialState.processMessage what=3
07-23 11:38:49.163  1857  1858 D dalvikvm: GC_CONCURRENT freed 396K, 6% free 10461K/11079K, paused 2ms+5ms
07-23 11:38:49.221  4346  4346 I MediaUploader: No need to wake up
07-23 11:38:49.284  4424  4424 W ContextScopeImpl: thread=1 tried to enter the scope of the application context. Ignored.
07-23 11:38:49.288  4088  4369 D PicasaSyncManager: active network: NetworkInfo: type: WIFI[], state: CONNECTED/CONNECTED, reason: (unspecified), extra: (none), roaming: false, failover: false, isAvailable: true
07-23 11:38:49.300  4088  4369 D PicasaSyncManager: background data: true
07-23 11:38:49.350  4346  4346 I MediaUploader: No need to wake up
07-23 11:38:49.444  4424  4424 W ContextScopeImpl: thread=1 tried to enter the scope of the application context. Ignored.
07-23 11:38:49.565   144   147 D dalvikvm: GC_CONCURRENT freed 1963K, 21% free 19322K/24263K, paused 3ms+12ms
07-23 11:38:49.604   144   200 D ConnectivityService: handleInetConditionHoldEnd: net=1, condition=100, published condition=100
07-23 11:38:49.620  4088  4369 D PicasaSyncManager: active network: NetworkInfo: type: WIFI[], state: CONNECTED/CONNECTED, reason: (unspecified), extra: (none), roaming: false, failover: false, isAvailable: true
07-23 11:38:49.620  4088  4369 D PicasaSyncManager: background data: true
07-23 11:38:49.792  3240  3242 D dalvikvm: GC_CONCURRENT freed 460K, 8% free 10202K/11015K, paused 2ms+2ms
07-23 11:38:49.858   347 29171 D dalvikvm: GC_EXPLICIT freed 649K, 13% free 12067K/13767K, paused 29ms+4ms
07-23 11:38:50.507  3240  3242 D dalvikvm: GC_CONCURRENT freed 462K, 8% free 10200K/11015K, paused 2ms+2ms
07-23 11:38:51.464  3240  3242 D dalvikvm: GC_CONCURRENT freed 460K, 8% free 10200K/11015K, paused 2ms+2ms
07-23 11:38:52.569  3240  3242 D dalvikvm: GC_CONCURRENT freed 460K, 8% free 10200K/11015K, paused 2ms+2ms
07-23 11:38:53.475  3240  3242 D dalvikvm: GC_CONCURRENT freed 460K, 8% free 10201K/11015K, paused 1ms+3ms
07-23 11:38:54.167  4411  4413 D dalvikvm: GC_CONCURRENT freed 760K, 9% free 11008K/12039K, paused 24ms+5ms
07-23 11:38:54.382  3240  3240 D dalvikvm: GC_EXPLICIT freed 64K, 8% free 10142K/11015K, paused 2ms+3ms
07-23 11:38:54.495  3240  3242 D dalvikvm: GC_CONCURRENT freed 398K, 8% free 10201K/11015K, paused 3ms+2ms
07-23 11:38:54.710   280   280 I wpa_supplicant: wlan0: CTRL-EVENT-DISCONNECTED bssid=e8:40:40:78:6c:b1 reason=0
07-23 11:38:54.749 20622 20639 D CommandListener: Clearing all IP addresses on wlan0
07-23 11:38:54.804   144   200 D ConnectivityService: ConnectivityChange for WIFI: DISCONNECTED/DISCONNECTED
07-23 11:38:54.807   144   200 D ConnectivityService: Attempting to switch to mobile
07-23 11:38:54.807   144   200 D ConnectivityService: Attempting to switch to WIMAX
07-23 11:38:54.807   144   200 D ConnectivityService: Attempting to switch to BLUETOOTH_TETHER
07-23 11:38:54.850   144   200 D NetUtils: android_net_utils_resetConnections in env=0x1f323c8 clazz=0x4d100001 iface=wlan0 mask=0x3
07-23 11:38:54.850   144   200 E ConnectivityService: Exception trying to remove a route: java.lang.IllegalStateException: Unable to communicate with native dameon to add routes - com.android.server.NativeDaemonConnectorException: Cmd {interface route remove wlan0 default 67.20.213.254 32 0.0.0.0} failed with code 400 : {Failed to remove route from default table (No such process)}
07-23 11:38:54.850   144   200 E ConnectivityService: Exception trying to remove a route: java.lang.IllegalStateException: Unable to communicate with native dameon to add routes - com.android.server.NativeDaemonConnectorException: Cmd {interface route remove wlan0 default 0.0.0.0 0 67.20.213.254} failed with code 400 : {Failed to remove route from default table (No such process)}
07-23 11:38:54.850   144   200 D ConnectivityService: resetConnections(wlan0, 3)
07-23 11:38:54.995  1857  4876 W Smack/Packet: notify conn break (IOEx), close connection
07-23 11:38:55.007  4411  4449 W System.err: org.apache.http.conn.HttpHostConnectException: Connection to https://www.google.com refused
07-23 11:38:55.026  4411  4449 W System.err: 	at org.apache.http.impl.conn.DefaultClientConnectionOperator.openConnection(DefaultClientConnectionOperator.java:183)
07-23 11:38:55.026  4411  4449 W System.err: 	at org.apache.http.impl.conn.AbstractPoolEntry.open(AbstractPoolEntry.java:164)
07-23 11:38:55.026  4411  4449 W System.err: 	at org.apache.http.impl.conn.AbstractPooledConnAdapter.open(AbstractPooledConnAdapter.java:119)
07-23 11:38:55.026  4411  4449 W System.err: 	at org.apache.http.impl.client.DefaultRequestDirector.execute(DefaultRequestDirector.java:452)
07-23 11:38:55.026  4411  4449 W System.err: 	at org.apache.http.impl.client.AbstractHttpClient.execute(AbstractHttpClient.java:555)
07-23 11:38:55.026  4411  4449 W System.err: 	at org.apache.http.impl.client.AbstractHttpClient.execute(AbstractHttpClient.java:487)
07-23 11:38:55.030  4411  4449 W System.err: 	at android.net.http.AndroidHttpClient.execute(AndroidHttpClient.java:257)
07-23 11:38:55.030  4411  4449 W System.err: 	at e.a.a(SourceFile:202)
07-23 11:38:55.030  4411  4449 W System.err: 	at e.a.execute(SourceFile:244)
07-23 11:38:55.030  4411  4449 W System.err: 	at e.a.execute(SourceFile:312)
07-23 11:38:55.030  4411  4449 W System.err: 	at am.c.a(SourceFile:126)
07-23 11:38:55.030  4411  4449 W System.err: 	at am.c.f(SourceFile:172)
07-23 11:38:55.030  4411  4449 W System.err: 	at p.d.run(SourceFile:419)
07-23 11:38:55.030  4411  4449 W System.err: 	at p.c.c(SourceFile:225)
07-23 11:38:55.030  4411  4449 W System.err: 	at p.c.run(SourceFile:199)
07-23 11:38:55.034  4411  4449 W System.err: 	at ao.c.run(SourceFile:96)
07-23 11:38:55.034  4411  4449 W System.err: Caused by: java.net.ConnectException: failed to connect to /173.194.75.103 (port 443) after 60000ms: connect failed: ENETUNREACH (Network is unreachable)
07-23 11:38:55.042  4411  4449 W System.err: 	at libcore.io.IoBridge.connect(IoBridge.java:114)
07-23 11:38:55.042  4411  4449 W System.err: 	at java.net.PlainSocketImpl.connect(PlainSocketImpl.java:192)
07-23 11:38:55.046  4411  4449 W System.err: 	at java.net.PlainSocketImpl.connect(PlainSocketImpl.java:459)
07-23 11:38:55.046  4411  4449 W System.err: 	at java.net.Socket.connect(Socket.java:842)
07-23 11:38:55.046  4411  4449 W System.err: 	at org.apache.http.conn.scheme.PlainSocketFactory.connectSocket(PlainSocketFactory.java:119)
07-23 11:38:55.046  4411  4449 W System.err: 	at org.apache.http.impl.conn.DefaultClientConnectionOperator.openConnection(DefaultClientConnectionOperator.java:144)
07-23 11:38:55.046  4411  4449 W System.err: 	... 15 more
07-23 11:38:55.046  4411  4449 W System.err: Caused by: libcore.io.ErrnoException: connect failed: ENETUNREACH (Network is unreachable)
07-23 11:38:55.046  4411  4449 W System.err: 	at libcore.io.Posix.connect(Native Method)
07-23 11:38:55.046  4411  4449 W System.err: 	at libcore.io.BlockGuardOs.connect(BlockGuardOs.java:85)
07-23 11:38:55.050  4411  4449 W System.err: 	at libcore.io.IoBridge.connectErrno(IoBridge.java:138)
07-23 11:38:55.050  4411  4449 W System.err: 	at libcore.io.IoBridge.connect(IoBridge.java:112)
07-23 11:38:55.050  4411  4449 W System.err: 	... 20 more
07-23 11:38:55.233   144 28547 D dalvikvm: GC_EXPLICIT freed 1055K, 21% free 19271K/24263K, paused 4ms+11ms
07-23 11:38:55.241  1857  4876 I qtaguid : Failed write_ctrl(u 82) res=-1 errno=22
07-23 11:38:55.249  1857  4876 I qtaguid : Untagging socket 82 failed errno=-22
07-23 11:38:55.249  1857  4876 W NetworkManagementSocketTagger: untagSocket(82) failed with errno -22
07-23 11:38:55.257   144   200 D ConnectivityService: handleInetConditionChange: no active default network - ignore
07-23 11:38:55.503   280   280 I wpa_supplicant: wlan0: Trying to associate with 00:1a:30:ba:dc:d1 (SSID='UB_Secure' freq=2462 MHz)
07-23 11:38:55.557  3240  3242 D dalvikvm: GC_CONCURRENT freed 504K, 8% free 10208K/11015K, paused 6ms+39ms
07-23 11:38:56.444  3240  3242 D dalvikvm: GC_CONCURRENT freed 494K, 8% free 10202K/11015K, paused 3ms+3ms
07-23 11:38:57.456  3240  3242 D dalvikvm: GC_CONCURRENT freed 517K, 8% free 10197K/11015K, paused 2ms+3ms
07-23 11:38:57.878   144   204 D Tethering: MasterInitialState.processMessage what=3
07-23 11:38:57.929  4346  4346 I MediaUploader: No need to wake up
07-23 11:38:57.932  4147  4147 I PhoneLab-WiFiReceiver: Wi-Fi is disconnected!
07-23 11:38:57.999  4088  4369 D PicasaSyncManager: active network: null
07-23 11:38:57.999  4088  4369 D PicasaSyncManager: background data: true
07-23 11:38:58.014  4411  4413 D dalvikvm: GC_CONCURRENT freed 474K, 8% free 11196K/12039K, paused 2ms+4ms
07-23 11:38:58.104  4411  4567 D dalvikvm: GC_FOR_ALLOC freed 171K, 8% free 11143K/12039K, paused 43ms
07-23 11:38:58.104  4411  4567 I dalvikvm-heap: Grow heap (frag case) to 11.012MB for 64446-byte allocation
07-23 11:38:58.155  4411  4558 D dalvikvm: GC_FOR_ALLOC freed <1K, 8% free 11206K/12103K, paused 40ms
07-23 11:38:58.468  3240  3242 D dalvikvm: GC_CONCURRENT freed 471K, 8% free 10237K/11015K, paused 2ms+2ms
07-23 11:38:58.721   144   155 I ActivityManager: Process com.android.deskclock (pid 3975) has died.
07-23 11:38:58.800 18569 18571 D dalvikvm: GC_CONCURRENT freed 1054K, 28% free 11956K/16583K, paused 11ms+4ms
07-23 11:38:59.413  1857  1980 D dalvikvm: GC_EXPLICIT freed 420K, 6% free 10415K/11079K, paused 2ms+4ms
07-23 11:38:59.499  3240  3242 D dalvikvm: GC_CONCURRENT freed 481K, 7% free 10267K/11015K, paused 3ms+3ms
07-23 11:39:00.460  3240  3242 D dalvikvm: GC_CONCURRENT freed 583K, 8% free 10192K/11015K, paused 2ms+4ms
07-23 11:39:01.491  3240  3242 D dalvikvm: GC_CONCURRENT freed 497K, 8% free 10203K/11015K, paused 5ms+3ms
07-23 11:39:01.804   144   200 D ConnectivityService: ConnectivityChange for mobile: CONNECTED/CONNECTED
07-23 11:39:01.913   144   196 D NetworkPolicy: applying policy NetworkPolicy[NetworkTemplate: matchRule=MOBILE_ALL, subscriberId=valid]: cycleDay=20, warningBytes=2147483648, limitBytes=-1, lastSnooze=-1 to ifaces [rmnet0]
07-23 11:39:02.475  3240  3242 D dalvikvm: GC_CONCURRENT freed 512K, 8% free 10202K/11015K, paused 1ms+3ms
07-23 11:39:02.807   144   200 D ConnectivityService: NetTransition Wakelock for WifiStateMachine released by timeout
07-23 11:39:03.468  3240  3242 D dalvikvm: GC_CONCURRENT freed 474K, 8% free 10236K/11015K, paused 2ms+3ms
07-23 11:39:04.471  3240  3242 D dalvikvm: GC_CONCURRENT freed 512K, 8% free 10200K/11015K, paused 2ms+2ms
07-23 11:39:04.878   144   204 D Tethering: MasterInitialState.processMessage what=3
07-23 11:39:04.925  1857  1857 I GTalkService/c: [AndroidEndpoint@1094096144] connect: acct=1000000, state=CONNECTING
07-23 11:39:04.925  1857  1857 I GTalkService/c: [GTalkConnection@1094320320] connect: acct=1, state=CONNECTING
07-23 11:39:04.960  4346  4346 I MediaUploader: No need to wake up
07-23 11:39:05.011  4088  4369 D PicasaSyncManager: active network: NetworkInfo: type: mobile[CDMA - EvDo rev. A], state: CONNECTED/CONNECTED, reason: (unspecified), extra: , roaming: true, failover: true, isAvailable: true
07-23 11:39:05.011  4088  4369 D PicasaSyncManager: background data: true
07-23 11:39:05.054  4147  4149 D dalvikvm: GC_CONCURRENT freed 894K, 14% free 9144K/10631K, paused 2ms+4ms
07-23 11:39:05.073  4424  4424 W ContextScopeImpl: thread=1 tried to enter the scope of the application context. Ignored.
07-23 11:39:05.206  4103  4105 D dalvikvm: GC_CONCURRENT freed 446K, 6% free 9356K/9927K, paused 6ms+3ms
07-23 11:39:05.514   280   280 I wpa_supplicant: wlan0: Authentication with 00:1a:30:ba:dc:d1 timed out.
07-23 11:39:05.534  3240  3242 D dalvikvm: GC_CONCURRENT freed 457K, 8% free 10201K/11015K, paused 2ms+2ms
07-23 11:39:06.147   280   280 I wpa_supplicant: wlan0: Trying to associate with 00:1a:30:ba:dc:d1 (SSID='UB_Secure' freq=2462 MHz)
07-23 11:39:06.163   280   280 I wpa_supplicant: wlan0: Associated with 00:1a:30:ba:dc:d1
07-23 11:39:06.163   280   280 I wpa_supplicant: wlan0: CTRL-EVENT-EAP-STARTED EAP authentication started
07-23 11:39:06.175   280   280 I wpa_supplicant: wlan0: CTRL-EVENT-EAP-PROPOSED-METHOD vendor=0 method=4 -> NAK
07-23 11:39:06.179   280   280 I wpa_supplicant: wlan0: CTRL-EVENT-EAP-PROPOSED-METHOD vendor=0 method=25
07-23 11:39:06.179   280   280 I wpa_supplicant: wlan0: CTRL-EVENT-EAP-METHOD EAP vendor 0 method 25 (PEAP) selected
07-23 11:39:06.229   280   280 I wpa_supplicant: wlan0: CTRL-EVENT-EAP-PEER-CERT depth=2 subject='/C=US/O=Entrust.net/OU=www.entrust.net/CPS incorp. by ref. (limits liab.)/OU=(c) 1999 Entrust.net Limited/CN=Entrust.net Secure Server Certification Authority'
07-23 11:39:06.229   280   280 I wpa_supplicant: wlan0: CTRL-EVENT-EAP-PEER-CERT depth=2 subject='/C=US/O=Entrust.net/OU=www.entrust.net/CPS incorp. by ref. (limits liab.)/OU=(c) 1999 Entrust.net Limited/CN=Entrust.net Secure Server Certification Authority'
07-23 11:39:06.233   280   280 I wpa_supplicant: wlan0: CTRL-EVENT-EAP-PEER-CERT depth=1 subject='/C=US/ST=UT/L=Salt Lake City/O=The USERTRUST Network/CN=USERTrust Legacy Secure Server CA'
07-23 11:39:06.233   280   280 I wpa_supplicant: wlan0: CTRL-EVENT-EAP-PEER-CERT depth=0 subject='/C=US/postalCode=14260/ST=New York/L=Buffalo/street=305 Computing Center/O=SUNY AT BUFFALO/OU=Office of the President/OU=Issued through UNIVERSITY AT BUFFALO E-PKI Manager/OU=PremiumSSL Legacy/CN=ubsecure.acsu.buffalo.edu'
07-23 11:39:06.401   220   222 D dalvikvm: GC_CONCURRENT freed 445K, 25% free 10787K/14215K, paused 2ms+7ms
07-23 11:39:06.405   280   280 I wpa_supplicant: EAP-MSCHAPV2: Authentication succeeded
07-23 11:39:06.409   280   280 I wpa_supplicant: EAP-TLV: TLV Result - Success - EAP-TLV/Phase2 Completed
07-23 11:39:06.413   280   280 I wpa_supplicant: wlan0: CTRL-EVENT-EAP-SUCCESS EAP authentication completed successfully
07-23 11:39:06.421   280   280 I wpa_supplicant: wlan0: WPA: Key negotiation completed with 00:1a:30:ba:dc:d1 [PTK=CCMP GTK=TKIP]
07-23 11:39:06.421   280   280 I wpa_supplicant: wlan0: CTRL-EVENT-CONNECTED - Connection to 00:1a:30:ba:dc:d1 completed (reauth) [id=0 id_str=]
07-23 11:39:06.471   144   147 D dalvikvm: GC_CONCURRENT freed 1939K, 21% free 19290K/24263K, paused 6ms+28ms
07-23 11:39:06.804  4411  4413 D dalvikvm: GC_CONCURRENT freed 839K, 9% free 11018K/12103K, paused 3ms+6ms
07-23 11:39:06.940  3240  3242 D dalvikvm: GC_CONCURRENT freed 458K, 8% free 10202K/11015K, paused 2ms+3ms
07-23 11:39:07.011   144   200 D ConnectivityService: ConnectivityChange for WIFI: CONNECTED/CONNECTED
07-23 11:39:07.011   144   200 D ConnectivityService: Policy requires mobile teardown
07-23 11:39:07.018  4147  4147 I PhoneLab-WiFiReceiver: Wi-Fi is connected!
07-23 11:39:07.026  4147  4147 I PhoneLab-WiFiReceiver: SSID: UB_Secure BSSID: 00:1a:30:ba:dc:d1 RSSI: -200 LinkSpeed: -1
07-23 11:39:07.026  4147  4147 I PhoneLab-Locks: wake lock acquired
07-23 11:39:07.061  4147  4147 I PhoneLab-UploadLogs: Transfering log files now
07-23 11:39:07.061  4147  4147 I PhoneLab-UploadLogs: No log files to transfer
07-23 11:39:07.065  4147  4147 I PhoneLab-Locks: wake lock released
07-23 11:39:07.069  4147  4147 I PhoneLab-UploadLogs: OnStartCommand
07-23 11:39:07.132   144   200 D ConnectivityService: ConnectivityChange for mobile: DISCONNECTED/DISCONNECTED
07-23 11:39:07.132   144   200 D ConnectivityService: Attempting to switch to WIFI
07-23 11:39:07.132   144   200 D ConnectivityService: Attempting to switch to WIMAX
07-23 11:39:07.132   144   200 D ConnectivityService: Attempting to switch to BLUETOOTH_TETHER
07-23 11:39:07.139   144   200 D NetUtils: android_net_utils_resetConnections in env=0x1f323c8 clazz=0x6eb00001 iface=rmnet0 mask=0x3
07-23 11:39:07.139   144   200 D ConnectivityService: resetConnections(rmnet0, 3)
07-23 11:39:07.155   144   195 W NetworkStats: dropping UID delta from unknown iface: iface=wlan0 uid=0 set=DEFAULT tag=0x0 rxBytes=137 rxPackets=2 txBytes=136 txPackets=2 operations=0
07-23 11:39:07.221   220   220 D dalvikvm: GC_FOR_ALLOC freed 691K, 27% free 10514K/14215K, paused 41ms
07-23 11:39:07.651  1857  4953 W Smack/Packet: notify conn break (IOEx), close connection
07-23 11:39:07.655  4281  4282 D dalvikvm: GC_CONCURRENT freed 395K, 6% free 9904K/10503K, paused 54ms+42ms
07-23 11:39:07.749  3240  3242 D dalvikvm: GC_CONCURRENT freed 471K, 8% free 10199K/11015K, paused 3ms+7ms
07-23 11:39:07.764  1857  1858 D dalvikvm: GC_CONCURRENT freed 404K, 7% free 10403K/11079K, paused 8ms+6ms
07-23 11:39:07.772   144   200 D ConnectivityService: handleInetConditionChange: net=0 != default=1 - ignore
07-23 11:39:07.827  1857  4953 I qtaguid : Failed write_ctrl(u 82) res=-1 errno=22
07-23 11:39:07.827  1857  4953 I qtaguid : Untagging socket 82 failed errno=-22
07-23 11:39:07.827  1857  4953 W NetworkManagementSocketTagger: untagSocket(82) failed with errno -22
07-23 11:39:08.057   144  1185 D dalvikvm: GC_EXPLICIT freed 1367K, 21% free 19191K/24263K, paused 3ms+8ms
07-23 11:39:08.163  4411  4567 D dalvikvm: GC_FOR_ALLOC freed 360K, 9% free 11134K/12103K, paused 33ms
07-23 11:39:08.163  4411  4567 I dalvikvm-heap: Grow heap (frag case) to 11.003MB for 64490-byte allocation
07-23 11:39:08.221  4411  4558 D dalvikvm: GC_FOR_ALLOC freed <1K, 8% free 11197K/12167K, paused 48ms
07-23 11:39:08.514  3240  3242 D dalvikvm: GC_CONCURRENT freed 465K, 8% free 10202K/11015K, paused 2ms+3ms
07-23 11:39:09.331   220   222 D dalvikvm: GC_CONCURRENT freed 347K, 26% free 10555K/14215K, paused 1ms+3ms
07-23 11:39:09.554  3240  3242 D dalvikvm: GC_CONCURRENT freed 474K, 8% free 10237K/11015K, paused 2ms+5ms
07-23 11:39:10.139   144   204 D Tethering: MasterInitialState.processMessage what=3
07-23 11:39:10.182   144   204 D Tethering: MasterInitialState.processMessage what=3
07-23 11:39:10.210   144   204 D Tethering: MasterInitialState.processMessage what=3
07-23 11:39:10.229  1857  1857 I GTalkService/c: [AndroidEndpoint@1094096144] connect: acct=1000000, state=CONNECTING
07-23 11:39:10.272  4346  4346 I MediaUploader: No need to wake up
07-23 11:39:10.346  4424  4424 W ContextScopeImpl: thread=1 tried to enter the scope of the application context. Ignored.
07-23 11:39:10.382  4346  4346 I MediaUploader: No need to wake up
07-23 11:39:10.448  4424  4424 W ContextScopeImpl: thread=1 tried to enter the scope of the application context. Ignored.
07-23 11:39:10.483  4346  4346 I MediaUploader: No need to wake up
07-23 11:39:10.514  4088  4369 D PicasaSyncManager: active network: NetworkInfo: type: WIFI[], state: CONNECTED/CONNECTED, reason: (unspecified), extra: (none), roaming: false, failover: false, isAvailable: true
07-23 11:39:10.526  4088  4369 D PicasaSyncManager: background data: true
07-23 11:39:10.557  4424  4424 W ContextScopeImpl: thread=1 tried to enter the scope of the application context. Ignored.
07-23 11:39:10.581  4088  4095 I dalvikvm: Jit: resizing JitTable from 4096 to 8192
07-23 11:39:10.768  4088  4369 D PicasaSyncManager: active network: NetworkInfo: type: WIFI[], state: CONNECTED/CONNECTED, reason: (unspecified), extra: (none), roaming: false, failover: false, isAvailable: true
07-23 11:39:10.772  4088  4369 D PicasaSyncManager: background data: true
07-23 11:39:10.827  3240  3242 D dalvikvm: GC_CONCURRENT freed 509K, 8% free 10202K/11015K, paused 2ms+4ms
07-23 11:39:11.475  3240  3242 D dalvikvm: GC_CONCURRENT freed 468K, 8% free 10201K/11015K, paused 1ms+3ms
07-23 11:39:12.491  3240  3242 D dalvikvm: GC_CONCURRENT freed 464K, 8% free 10201K/11015K, paused 2ms+3ms
07-23 11:39:13.194   144   200 D ConnectivityService: handleInetConditionHoldEnd: net=1, condition=0, published condition=0
07-23 11:39:13.268  4411  4413 D dalvikvm: GC_CONCURRENT freed 871K, 11% free 10933K/12167K, paused 2ms+4ms
07-23 11:39:13.491  3240  3242 D dalvikvm: GC_CONCURRENT freed 466K, 8% free 10201K/11015K, paused 2ms+2ms
07-23 11:39:14.511  3240  3242 D dalvikvm: GC_CONCURRENT freed 466K, 8% free 10202K/11015K, paused 2ms+2ms
07-23 11:39:15.452  3240  3242 D dalvikvm: GC_CONCURRENT freed 466K, 8% free 10202K/11015K, paused 1ms+2ms
07-23 11:39:16.514  3240  3242 D dalvikvm: GC_CONCURRENT freed 465K, 8% free 10202K/11015K, paused 1ms+2ms
07-23 11:39:17.491  3240  3242 D dalvikvm: GC_CONCURRENT freed 465K, 8% free 10202K/11015K, paused 2ms+3ms
07-23 11:39:17.710  4411  4413 D dalvikvm: GC_CONCURRENT freed 338K, 8% free 11229K/12167K, paused 2ms+4ms
07-23 11:39:17.788  4411  4567 D dalvikvm: GC_FOR_ALLOC freed 448K, 9% free 11075K/12167K, paused 31ms
07-23 11:39:18.386  3240  3240 D dalvikvm: GC_EXPLICIT freed 64K, 8% free 10143K/11015K, paused 2ms+3ms
07-23 11:39:18.487  3240  3242 D dalvikvm: GC_CONCURRENT freed 402K, 8% free 10203K/11015K, paused 2ms+3ms
07-23 11:39:19.514  3240  3242 D dalvikvm: GC_CONCURRENT freed 466K, 8% free 10203K/11015K, paused 2ms+2ms
07-23 11:39:20.456  3240  3242 D dalvikvm: GC_CONCURRENT freed 466K, 8% free 10203K/11015K, paused 1ms+3ms
07-23 11:39:20.671  1857  1858 D dalvikvm: GC_CONCURRENT freed 335K, 6% free 10458K/11079K, paused 2ms+4ms
07-23 11:39:21.456  3240  3242 D dalvikvm: GC_CONCURRENT freed 465K, 8% free 10203K/11015K, paused 2ms+7ms
07-23 11:39:22.456  3240  3242 D dalvikvm: GC_CONCURRENT freed 466K, 8% free 10202K/11015K, paused 2ms+2ms
07-23 11:39:23.503   144  1184 D dalvikvm: GC_EXPLICIT freed 1312K, 21% free 19304K/24263K, paused 3ms+10ms
07-23 11:39:23.604  3240  3242 D dalvikvm: GC_CONCURRENT freed 464K, 8% free 10202K/11015K, paused 2ms+3ms
07-23 11:39:24.479  4411  4413 D dalvikvm: GC_CONCURRENT freed 636K, 10% free 11014K/12167K, paused 4ms+9ms
07-23 11:39:24.534  3240  3242 D dalvikvm: GC_CONCURRENT freed 466K, 8% free 10200K/11015K, paused 2ms+3ms
07-23 11:39:25.471  3240  3242 D dalvikvm: GC_CONCURRENT freed 464K, 8% free 10201K/11015K, paused 2ms+3ms
07-23 11:39:26.354  4411  4419 I dalvikvm: Jit: resizing JitTable from 4096 to 8192
07-23 11:39:26.468  3240  3242 D dalvikvm: GC_CONCURRENT freed 465K, 8% free 10201K/11015K, paused 2ms+2ms
07-23 11:39:27.651  3240  3242 D dalvikvm: GC_CONCURRENT freed 464K, 8% free 10201K/11015K, paused 2ms+8ms
07-23 11:39:27.671  4411  4413 D dalvikvm: GC_CONCURRENT freed 426K, 8% free 11215K/12167K, paused 1ms+9ms
07-23 11:39:28.440  1857  1956 E GTalkService: connectionClosed: no XMPPConnection - That's strange!
07-23 11:39:28.491  3240  3242 D dalvikvm: GC_CONCURRENT freed 465K, 8% free 10201K/11015K, paused 3ms+2ms
07-23 11:39:29.323  1857  1858 D dalvikvm: GC_CONCURRENT freed 354K, 6% free 10488K/11079K, paused 2ms+3ms
07-23 11:39:29.499  3240  3242 D dalvikvm: GC_CONCURRENT freed 464K, 8% free 10202K/11015K, paused 2ms+3ms
07-23 11:39:30.460  4003  4005 D dalvikvm: GC_CONCURRENT freed 404K, 6% free 9065K/9543K, paused 39ms+2ms
07-23 11:39:30.538  3240  3242 D dalvikvm: GC_CONCURRENT freed 466K, 8% free 10201K/11015K, paused 2ms+2ms
07-23 11:39:31.444   144   200 D ConnectivityService: handleInetConditionHoldEnd: net=1, condition=100, published condition=0
07-23 11:39:31.471  3240  3242 D dalvikvm: GC_CONCURRENT freed 464K, 8% free 10201K/11015K, paused 2ms+3ms
07-23 11:39:32.471  3240  3242 D dalvikvm: GC_CONCURRENT freed 464K, 8% free 10201K/11015K, paused 1ms+2ms
07-23 11:39:32.999  4411  4413 D dalvikvm: GC_CONCURRENT freed 899K, 11% free 10937K/12167K, paused 2ms+3ms
07-23 11:39:33.448  3240  3242 D dalvikvm: GC_CONCURRENT freed 465K, 8% free 10202K/11015K, paused 2ms+3ms
07-23 11:39:34.471  3240  3242 D dalvikvm: GC_CONCURRENT freed 465K, 8% free 10202K/11015K, paused 2ms+3ms
07-23 11:39:35.499  3240  3242 D dalvikvm: GC_CONCURRENT freed 465K, 8% free 10202K/11015K, paused 2ms+3ms
07-23 11:39:35.721  1857  1857 I GTalkService/c: [GTalkConnection@1094320320] connect: acct=1, state=CONNECTING
07-23 11:39:36.507  3240  3242 D dalvikvm: GC_CONCURRENT freed 465K, 8% free 10202K/11015K, paused 2ms+15ms
07-23 11:39:37.393  4411  4413 D dalvikvm: GC_CONCURRENT freed 347K, 8% free 11220K/12167K, paused 2ms+3ms
07-23 11:39:37.573  3240  3242 D dalvikvm: GC_CONCURRENT freed 465K, 8% free 10203K/11015K, paused 3ms+3ms
07-23 11:39:37.593  1857  1956 D dalvikvm: GC_EXPLICIT freed 326K, 6% free 10465K/11079K, paused 10ms+30ms
07-23 11:39:38.452  3240  3242 D dalvikvm: GC_CONCURRENT freed 449K, 8% free 10195K/11015K, paused 2ms+2ms
07-23 11:39:39.511   144  1185 D dalvikvm: GC_EXPLICIT freed 1025K, 21% free 19302K/24263K, paused 3ms+13ms
07-23 11:39:39.596  3240  3242 D dalvikvm: GC_CONCURRENT freed 442K, 8% free 10194K/11015K, paused 3ms+2ms
07-23 11:39:40.518  3240  3242 D dalvikvm: GC_CONCURRENT freed 443K, 8% free 10192K/11015K, paused 2ms+3ms
07-23 11:39:41.503  3240  3242 D dalvikvm: GC_CONCURRENT freed 441K, 8% free 10193K/11015K, paused 8ms+7ms
07-23 11:39:41.538  4411  4413 D dalvikvm: GC_CONCURRENT freed 977K, 11% free 10868K/12167K, paused 2ms+5ms
07-23 11:39:42.452  3240  3242 D dalvikvm: GC_CONCURRENT freed 441K, 8% free 10193K/11015K, paused 1ms+2ms
07-23 11:39:43.389  3240  3240 D dalvikvm: GC_EXPLICIT freed 56K, 8% free 10142K/11015K, paused 2ms+3ms
07-23 11:39:43.491  3240  3242 D dalvikvm: GC_CONCURRENT freed 385K, 8% free 10193K/11015K, paused 1ms+2ms
07-23 11:39:44.534  3240  3242 D dalvikvm: GC_CONCURRENT freed 497K, 8% free 10208K/11015K, paused 2ms+6ms
07-23 11:39:45.155  4411  4413 D dalvikvm: GC_CONCURRENT freed 370K, 9% free 11177K/12167K, paused 2ms+4ms
07-23 11:39:45.268  3240  3242 D dalvikvm: GC_CONCURRENT freed 523K, 8% free 10196K/11015K, paused 3ms+2ms
07-23 11:39:45.425  3240  3242 D dalvikvm: GC_CONCURRENT freed 464K, 8% free 10243K/11015K, paused 1ms+3ms
07-23 11:39:46.491  3240  3242 D dalvikvm: GC_CONCURRENT freed 523K, 8% free 10231K/11015K, paused 2ms+2ms
07-23 11:39:47.186  4411  4413 D dalvikvm: GC_CONCURRENT freed 581K, 8% free 11310K/12167K, paused 2ms+3ms
07-23 11:39:47.514  3240  3242 D dalvikvm: GC_CONCURRENT freed 557K, 8% free 10185K/11015K, paused 2ms+3ms
07-23 11:39:48.471  3240  3242 D dalvikvm: GC_CONCURRENT freed 453K, 8% free 10211K/11015K, paused 2ms+3ms
07-23 11:39:49.444  3240  3242 D dalvikvm: GC_CONCURRENT freed 457K, 8% free 10195K/11015K, paused 2ms+2ms
07-23 11:39:50.471  3240  3242 D dalvikvm: GC_CONCURRENT freed 441K, 8% free 10196K/11015K, paused 2ms+2ms
07-23 11:39:51.495  3240  3242 D dalvikvm: GC_CONCURRENT freed 441K, 8% free 10196K/11015K, paused 2ms+2ms
07-23 11:39:52.479  3240  3242 D dalvikvm: GC_CONCURRENT freed 441K, 8% free 10196K/11015K, paused 8ms+2ms
07-23 11:39:53.479  3240  3242 D dalvikvm: GC_CONCURRENT freed 441K, 8% free 10196K/11015K, paused 2ms+2ms
07-23 11:39:54.389  4411  4413 D dalvikvm: GC_CONCURRENT freed 907K, 10% free 11041K/12167K, paused 2ms+4ms
07-23 11:39:54.514  3240  3242 D dalvikvm: GC_CONCURRENT freed 440K, 8% free 10197K/11015K, paused 1ms+3ms
07-23 11:39:55.464  3240  3242 D dalvikvm: GC_CONCURRENT freed 440K, 8% free 10197K/11015K, paused 2ms+3ms
07-23 11:39:56.452  3240  3242 D dalvikvm: GC_CONCURRENT freed 440K, 8% free 10197K/11015K, paused 2ms+2ms
07-23 11:39:57.038  4411  4413 D dalvikvm: GC_CONCURRENT freed 443K, 8% free 11254K/12167K, paused 2ms+5ms
07-23 11:39:57.507  3240  3242 D dalvikvm: GC_CONCURRENT freed 440K, 8% free 10198K/11015K, paused 2ms+2ms
07-23 11:39:58.503   144   323 D dalvikvm: GC_EXPLICIT freed 1045K, 21% free 19317K/24263K, paused 4ms+12ms
07-23 11:39:58.616  3240  3242 D dalvikvm: GC_CONCURRENT freed 440K, 8% free 10198K/11015K, paused 8ms+2ms
07-23 11:39:59.464  3240  3242 D dalvikvm: GC_CONCURRENT freed 443K, 8% free 10195K/11015K, paused 1ms+3ms
07-23 11:40:00.468  3240  3242 D dalvikvm: GC_CONCURRENT freed 441K, 8% free 10196K/11015K, paused 2ms+2ms
07-23 11:40:01.452  3240  3242 D dalvikvm: GC_CONCURRENT freed 441K, 8% free 10196K/11015K, paused 2ms+3ms
07-23 11:40:02.511  3240  3242 D dalvikvm: GC_CONCURRENT freed 441K, 8% free 10196K/11015K, paused 2ms+3ms
07-23 11:40:03.487  1857  1858 D dalvikvm: GC_CONCURRENT freed 319K, 5% free 10545K/11079K, paused 3ms+13ms
07-23 11:40:03.569  3240  3242 D dalvikvm: GC_CONCURRENT freed 441K, 8% free 10197K/11015K, paused 2ms+2ms
07-23 11:40:03.968  4411  4413 D dalvikvm: GC_CONCURRENT freed 839K, 10% free 11038K/12167K, paused 21ms+4ms
07-23 11:40:03.987  4147  4160 I PhoneLab-: Service Running
07-23 11:40:04.022  4147  4160 I PhoneLab-LoggerService: app_37    1303  1     1440   992   c00f181c 400107b4 S logcat
07-23 11:40:04.022  4147  4160 I PhoneLab-LoggerService: Logcat pid from database 1303
07-23 11:40:04.022  4147  4160 I PhoneLab-LoggerService: Logcat process found 1303
07-23 11:40:04.022  4147  4160 I PhoneLab-LoggerService: Checking Threshold
07-23 11:40:04.444  3240  3242 D dalvikvm: GC_CONCURRENT freed 444K, 8% free 10194K/11015K, paused 2ms+2ms
07-23 11:40:05.440  3240  3242 D dalvikvm: GC_CONCURRENT freed 442K, 8% free 10194K/11015K, paused 2ms+2ms
07-23 11:40:06.389  3240  3240 D dalvikvm: GC_EXPLICIT freed 56K, 8% free 10143K/11015K, paused 2ms+2ms
07-23 11:40:06.491  3240  3242 D dalvikvm: GC_CONCURRENT freed 385K, 8% free 10194K/11015K, paused 2ms+2ms
07-23 11:40:06.835  4411  4413 D dalvikvm: GC_CONCURRENT freed 439K, 8% free 11271K/12167K, paused 1ms+3ms
07-23 11:40:07.440  3240  3242 D dalvikvm: GC_CONCURRENT freed 440K, 8% free 10194K/11015K, paused 2ms+3ms
07-23 11:40:08.503  3240  3242 D dalvikvm: GC_CONCURRENT freed 445K, 8% free 10194K/11015K, paused 2ms+2ms
07-23 11:40:09.475  3240  3242 D dalvikvm: GC_CONCURRENT freed 445K, 8% free 10194K/11015K, paused 3ms+2ms
07-23 11:40:10.448  3240  3242 D dalvikvm: GC_CONCURRENT freed 445K, 8% free 10195K/11015K, paused 1ms+3ms
07-23 11:40:11.464  3240  3242 D dalvikvm: GC_CONCURRENT freed 445K, 8% free 10195K/11015K, paused 2ms+2ms
07-23 11:40:12.464  3240  3242 D dalvikvm: GC_CONCURRENT freed 445K, 8% free 10195K/11015K, paused 2ms+2ms
07-23 11:40:13.444  3240  3242 D dalvikvm: GC_CONCURRENT freed 445K, 8% free 10196K/11015K, paused 2ms+2ms
07-23 11:40:13.940  4411  4413 D dalvikvm: GC_CONCURRENT freed 844K, 10% free 11053K/12167K, paused 23ms+4ms
07-23 11:40:14.522  3240  3242 D dalvikvm: GC_CONCURRENT freed 445K, 8% free 10196K/11015K, paused 1ms+2ms
07-23 11:40:15.448  3240  3242 D dalvikvm: GC_CONCURRENT freed 445K, 8% free 10196K/11015K, paused 2ms+3ms
07-23 11:40:16.471  3240  3242 D dalvikvm: GC_CONCURRENT freed 445K, 8% free 10196K/11015K, paused 2ms+3ms
07-23 11:40:16.628  4411  4413 D dalvikvm: GC_CONCURRENT freed 460K, 8% free 11258K/12167K, paused 2ms+3ms
07-23 11:40:17.460  3240  3242 D dalvikvm: GC_CONCURRENT freed 445K, 8% free 10197K/11015K, paused 2ms+2ms
07-23 11:40:18.448  3240  3242 D dalvikvm: GC_CONCURRENT freed 445K, 8% free 10197K/11015K, paused 2ms+2ms
07-23 11:40:19.499  3240  3242 D dalvikvm: GC_CONCURRENT freed 445K, 8% free 10197K/11015K, paused 2ms+2ms
07-23 11:40:20.491   144   156 D dalvikvm: GC_EXPLICIT freed 1161K, 21% free 19339K/24263K, paused 3ms+11ms
07-23 11:40:20.612  3240  3242 D dalvikvm: GC_CONCURRENT freed 445K, 8% free 10197K/11015K, paused 2ms+2ms
07-23 11:40:21.471  3240  3242 D dalvikvm: GC_CONCURRENT freed 448K, 8% free 10195K/11015K, paused 2ms+3ms
07-23 11:40:22.456  3240  3242 D dalvikvm: GC_CONCURRENT freed 445K, 8% free 10195K/11015K, paused 2ms+4ms
07-23 11:40:23.382  4411  4413 D dalvikvm: GC_CONCURRENT freed 844K, 10% free 11039K/12167K, paused 52ms+4ms
07-23 11:40:23.503  3240  3242 D dalvikvm: GC_CONCURRENT freed 437K, 8% free 10203K/11015K, paused 2ms+2ms
07-23 11:40:24.432  1857  1980 D dalvikvm: GC_EXPLICIT freed 347K, 6% free 10500K/11079K, paused 6ms+7ms
07-23 11:40:24.542  3240  3242 D dalvikvm: GC_CONCURRENT freed 470K, 8% free 10179K/11015K, paused 2ms+2ms
07-23 11:40:25.479  3240  3242 D dalvikvm: GC_CONCURRENT freed 432K, 8% free 10193K/11015K, paused 2ms+2ms
07-23 11:40:26.479  4411  4413 D dalvikvm: GC_CONCURRENT freed 418K, 8% free 11247K/12167K, paused 2ms+8ms
07-23 11:40:26.561  3240  3242 D dalvikvm: GC_CONCURRENT freed 445K, 8% free 10193K/11015K, paused 3ms+2ms
07-23 11:40:27.456  3240  3242 D dalvikvm: GC_CONCURRENT freed 454K, 8% free 10185K/11015K, paused 1ms+2ms
07-23 11:40:28.475  3240  3242 D dalvikvm: GC_CONCURRENT freed 437K, 8% free 10194K/11015K, paused 2ms+3ms
07-23 11:40:29.475  3240  3242 D dalvikvm: GC_CONCURRENT freed 445K, 8% free 10194K/11015K, paused 2ms+2ms
07-23 11:40:30.479  3240  3242 D dalvikvm: GC_CONCURRENT freed 445K, 8% free 10194K/11015K, paused 1ms+5ms
07-23 11:40:31.401  3240  5071 D dalvikvm: GC_EXPLICIT freed 55K, 8% free 10139K/11015K, paused 2ms+3ms
07-23 11:40:31.507  3240  3242 D dalvikvm: GC_CONCURRENT freed 390K, 8% free 10194K/11015K, paused 1ms+2ms
07-23 11:40:31.796  4411  4413 D dalvikvm: GC_CONCURRENT freed 901K, 10% free 10964K/12167K, paused 24ms+4ms
07-23 11:40:32.440   144   173 I ActivityManager: Start proc com.google.android.gm for service com.google.android.gm/.provider.MailIndexerService: pid=5186 uid=10075 gids={3003, 1015}
07-23 11:40:32.546  3240  3242 D dalvikvm: GC_CONCURRENT freed 444K, 8% free 10195K/11015K, paused 15ms+38ms
07-23 11:40:32.585  5186  5186 I ActivityThread: Pub gmail-ls: com.google.android.gm.provider.MailProvider
07-23 11:40:32.639  5186  5186 I ActivityThread: Pub com.google.android.gm: com.google.android.gm.provider.PublicContentProvider
07-23 11:40:32.651  5186  5186 I ActivityThread: Pub com.google.android.gmail.SuggestionProvider: com.google.android.gm.SuggestionsProvider
07-23 11:40:32.882  5186  5188 D dalvikvm: GC_CONCURRENT freed 218K, 4% free 9255K/9607K, paused 3ms+2ms
07-23 11:40:33.218  4088  5204 I SqliteDatabaseCpp: sqlite returned: error code = 1, msg = no such column: wipeout_stats, db=/data/data/com.google.android.apps.plus/databases/es0.db
07-23 11:40:33.218  4088  5204 W System.err: android.database.sqlite.SQLiteException: no such column: wipeout_stats: , while compiling: SELECT wipeout_stats  FROM account_status
07-23 11:40:33.237   144   161 I ActivityManager: Start proc com.facebook.orca for broadcast com.facebook.orca/.analytics.HoneyAnalyticsPeriodicReporter$ReporterBroadcastReceiver: pid=5205 uid=10062 gids={3003, 1015, 1006}
07-23 11:40:33.272  5205  5205 I dalvikvm: Turning on JNI app bug workarounds for target SDK version 10...
07-23 11:40:33.319    79    79 D dalvikvm: GC_EXPLICIT freed 37K, 4% free 9031K/9347K, paused 2ms+5ms
07-23 11:40:33.370    79    79 D dalvikvm: GC_EXPLICIT freed <1K, 4% free 9031K/9347K, paused 3ms+5ms
07-23 11:40:33.417    79    79 D dalvikvm: GC_EXPLICIT freed <1K, 4% free 9031K/9347K, paused 4ms+6ms
07-23 11:40:33.440   144  1184 I ActivityManager: Process com.google.android.apps.maps:FriendService (pid 4483) has died.
07-23 11:40:33.475  4088  5204 W System.err: 	at android.database.sqlite.SQLiteCompiledSql.native_compile(Native Method)
07-23 11:40:33.475  4088  5204 W System.err: 	at android.database.sqlite.SQLiteCompiledSql.<init>(SQLiteCompiledSql.java:68)
07-23 11:40:33.608  5205  5205 I ActivityThread: Pub com.facebook.orca.notify.MessengerLoggedInUserProvider: com.facebook.orca.notify.MessengerLoggedInUserProvider
07-23 11:40:33.628  4088  5204 W System.err: 	at android.database.sqlite.SQLiteProgram.compileSql(SQLiteProgram.java:143)
07-23 11:40:33.628  4088  5204 W System.err: 	at android.database.sqlite.SQLiteProgram.compileAndbindAllArgs(SQLiteProgram.java:361)
07-23 11:40:33.628  4088  5204 W System.err: 	at android.database.sqlite.SQLiteStatement.acquireAndLock(SQLiteStatement.java:260)
07-23 11:40:33.636  4088  5204 W System.err: 	at android.database.sqlite.SQLiteStatement.simpleQueryForLong(SQLiteStatement.java:137)
07-23 11:40:33.643  4088  5204 W System.err: 	at android.database.DatabaseUtils.longForQuery(DatabaseUtils.java:791)
07-23 11:40:33.651  4088  5204 W System.err: 	at android.database.DatabaseUtils.longForQuery(DatabaseUtils.java:779)
07-23 11:40:33.651  4088  5204 W System.err: 	at com.google.android.apps.plus.content.EsAccountsData.isContactsStatsWipeoutNeeded(EsAccountsData.java:641)
07-23 11:40:33.651  4088  5204 W System.err: 	at com.google.android.apps.plus.service.EsService.processIntent(EsService.java:4246)
07-23 11:40:33.663  5205  5205 I ActivityThread: Pub com.facebook.orca.notify.MessengerForegroundProvider: com.facebook.orca.notify.MessengerForegroundProvider
07-23 11:40:33.667  4088  5204 W System.err: 	at com.google.android.apps.plus.service.ServiceThread$1.run(ServiceThread.java:50)
07-23 11:40:33.667  4088  5204 W System.err: 	at android.os.Handler.handleCallback(Handler.java:605)
07-23 11:40:33.667  4088  5204 W System.err: 	at android.os.Handler.dispatchMessage(Handler.java:92)
07-23 11:40:33.690  4088  5204 W System.err: 	at android.os.Looper.loop(Looper.java:137)
07-23 11:40:33.690  4088  5204 W System.err: 	at com.google.android.apps.plus.service.ServiceThread.run(ServiceThread.java:122)
07-23 11:40:33.698  5205  5205 V orca:OrcaApplication: Forcing initialization of AsyncTask
07-23 11:40:33.772  5205  5207 D dalvikvm: GC_CONCURRENT freed 232K, 4% free 9304K/9607K, paused 3ms+5ms
07-23 11:40:33.804  5205  5205 I Finalizer: Couldn't access Thread.inheritableThreadLocals. Reference finalizer threads will inherit thread local values.
07-23 11:40:33.956  5205  5207 D dalvikvm: GC_CONCURRENT freed 392K, 5% free 9463K/9927K, paused 2ms+2ms
07-23 11:40:33.983  4088  4091 D dalvikvm: GC_CONCURRENT freed 1168K, 18% free 13391K/16327K, paused 149ms+24ms
07-23 11:40:34.139  5205  5205 W OrcaGuiceModule: Sig: ijxLJi1yGs1JpL-X1SExmchvork
07-23 11:40:34.233  5205  5207 D dalvikvm: GC_CONCURRENT freed 344K, 5% free 9619K/10055K, paused 2ms+5ms
07-23 11:40:34.382  3240  3242 D dalvikvm: GC_CONCURRENT freed 445K, 8% free 10195K/11015K, paused 3ms+2ms
07-23 11:40:34.554  5205  5222 W Resources: Converting to string: TypedValue{t=0x10/d=0xffffffff a=-1}
07-23 11:40:34.772  5205  5207 D dalvikvm: GC_CONCURRENT freed 281K, 4% free 9894K/10247K, paused 6ms+7ms
07-23 11:40:34.905  5205  5205 D ACRA    : Retrieve application default SharedPreferences.
07-23 11:40:34.905  5205  5205 D ACRA    : Set OnSharedPreferenceChangeListener.
07-23 11:40:34.909  5205  5205 D ACRA    : ACRA is enabled for com.facebook.orca, intializing...
07-23 11:40:34.944  5205  5205 D ACRA    : Looking for error files in /data/data/com.facebook.orca/app_acra-reports
07-23 11:40:34.944  5205  5207 D dalvikvm: GC_CONCURRENT freed 297K, 4% free 10120K/10503K, paused 19ms+3ms
07-23 11:40:34.956  3240  3242 D dalvikvm: GC_CONCURRENT freed 445K, 8% free 10195K/11015K, paused 40ms+5ms
07-23 11:40:35.022   144   144 I ActivityManager: Process com.twitter.android (pid 3267) has died.
07-23 11:40:35.046  5205  5222 D dalvikvm: GC_FOR_ALLOC freed 243K, 6% free 10150K/10759K, paused 51ms
07-23 11:40:35.120  5205  5222 D dalvikvm: GC_FOR_ALLOC freed 129K, 5% free 10253K/10759K, paused 29ms
07-23 11:40:35.179  5205  5222 D dalvikvm: GC_FOR_ALLOC freed 217K, 6% free 10281K/10823K, paused 25ms
07-23 11:40:35.237  5205  5222 D dalvikvm: GC_FOR_ALLOC freed 62K, 5% free 10346K/10823K, paused 51ms
07-23 11:40:35.413  5186  5203 I Gmail   : calculateUnknownSyncRationalesAndPurgeInBackground: queueing
07-23 11:40:35.577  5186  5203 I Gmail   : calculateUnknownSyncRationalesAndPurgeInBackground: queueing
07-23 11:40:35.589  5205  5207 D dalvikvm: GC_CONCURRENT freed 361K, 4% free 10519K/10951K, paused 7ms+9ms
07-23 11:40:35.745  3240  3242 D dalvikvm: GC_CONCURRENT freed 445K, 8% free 10196K/11015K, paused 1ms+4ms
07-23 11:40:35.815  5205  5207 D dalvikvm: GC_CONCURRENT freed 156K, 3% free 10909K/11143K, paused 2ms+4ms
07-23 11:40:35.929  5186  5203 I Gmail   : calculateUnknownSyncRationalesAndPurgeInBackground: running
07-23 11:40:35.932  5186  5203 I Gmail   : calculateUnknownSyncRationalesAndPurgeInBackground: running
07-23 11:40:35.999  5205  5207 D dalvikvm: GC_CONCURRENT freed 333K, 4% free 11251K/11655K, paused 2ms+4ms
07-23 11:40:36.245  4411  4413 D dalvikvm: GC_CONCURRENT freed 348K, 8% free 11246K/12167K, paused 2ms+3ms
07-23 11:40:36.311  4411  4567 D dalvikvm: GC_FOR_ALLOC freed 341K, 9% free 11164K/12167K, paused 28ms
07-23 11:40:36.460  3240  3242 D dalvikvm: GC_CONCURRENT freed 445K, 8% free 10196K/11015K, paused 2ms+3ms
07-23 11:40:37.530  3240  3242 D dalvikvm: GC_CONCURRENT freed 445K, 8% free 10196K/11015K, paused 2ms+4ms
07-23 11:40:37.725   144   498 D AlarmManagerService: Kernel timezone updated to 240 minutes west of GMT
07-23 11:40:38.350   347   347 D SAN_SERVICE: *******************************************
07-23 11:40:38.350   347   347 D SAN_SERVICE: DM App Phone Service State - 0
07-23 11:40:38.350   347   347 D SAN_SERVICE: *******************************************
07-23 11:40:38.604   144 28547 D dalvikvm: GC_EXPLICIT freed 1485K, 21% free 19342K/24263K, paused 8ms+12ms
07-23 11:40:38.698  3240  3242 D dalvikvm: GC_CONCURRENT freed 457K, 8% free 10204K/11015K, paused 3ms+4ms
07-23 11:40:39.218   347   347 D SAN_SERVICE: *******************************************
07-23 11:40:39.218   347   347 D SAN_SERVICE: DM App Phone Service State - 0
07-23 11:40:39.218   347   347 D SAN_SERVICE: *******************************************
07-23 11:40:39.557  3240  3242 D dalvikvm: GC_CONCURRENT freed 465K, 8% free 10203K/11015K, paused 2ms+3ms
07-23 11:40:39.772   347   347 D SAN_SERVICE: *******************************************
07-23 11:40:39.772   347   347 D SAN_SERVICE: DM App Phone Service State - 0
07-23 11:40:39.772   347   347 D SAN_SERVICE: *******************************************
07-23 11:40:40.112  4088  4091 D dalvikvm: GC_CONCURRENT freed 1402K, 19% free 13329K/16327K, paused 13ms+4ms
07-23 11:40:40.464  3240  3242 D dalvikvm: GC_CONCURRENT freed 465K, 8% free 10204K/11015K, paused 1ms+2ms
07-23 11:40:40.792   347   347 D SAN_SERVICE: *******************************************
07-23 11:40:40.792   347   347 D SAN_SERVICE: DM App Phone Service State - 0
07-23 11:40:40.792   347   347 D SAN_SERVICE: *******************************************
07-23 11:40:41.483  3240  3242 D dalvikvm: GC_CONCURRENT freed 465K, 8% free 10204K/11015K, paused 2ms+3ms
07-23 11:40:41.979   347   347 D SAN_SERVICE: *******************************************
07-23 11:40:41.979   347   347 D SAN_SERVICE: DM App Phone Service State - 0
07-23 11:40:41.979   347   347 D SAN_SERVICE: *******************************************
07-23 11:40:42.304   347   347 D SAN_SERVICE: *******************************************
07-23 11:40:42.304   347   347 D SAN_SERVICE: DM App Phone Service State - 0
07-23 11:40:42.304   347   347 D SAN_SERVICE: *******************************************
07-23 11:40:42.460  3240  3242 D dalvikvm: GC_CONCURRENT freed 465K, 8% free 10204K/11015K, paused 2ms+2ms
07-23 11:40:42.757   347   347 D SAN_SERVICE: *******************************************
07-23 11:40:42.757   347   347 D SAN_SERVICE: DM App Phone Service State - 0
07-23 11:40:42.757   347   347 D SAN_SERVICE: *******************************************
07-23 11:40:43.163  4411  4413 D dalvikvm: GC_CONCURRENT freed 708K, 10% free 11044K/12167K, paused 19ms+4ms
07-23 11:40:43.495  3240  3242 D dalvikvm: GC_CONCURRENT freed 465K, 8% free 10205K/11015K, paused 2ms+3ms
07-23 11:40:44.550  3240  3242 D dalvikvm: GC_CONCURRENT freed 464K, 8% free 10205K/11015K, paused 3ms+9ms
07-23 11:40:44.745  3240  3242 D dalvikvm: GC_CONCURRENT freed 472K, 8% free 10210K/11015K, paused 2ms+3ms
07-23 11:40:45.448  3240  3242 D dalvikvm: GC_CONCURRENT freed 470K, 8% free 10205K/11015K, paused 2ms+2ms
07-23 11:40:45.702  4088  4091 D dalvikvm: GC_CONCURRENT freed 1042K, 17% free 13637K/16327K, paused 10ms+4ms
07-23 11:40:45.776  4088  5223 D dalvikvm: GC_FOR_ALLOC freed 427K, 17% free 13649K/16327K, paused 44ms
07-23 11:40:45.776  4088  5223 I dalvikvm-heap: Grow heap (frag case) to 13.735MB for 352154-byte allocation
07-23 11:40:45.819  4088  5223 D dalvikvm: GC_FOR_ALLOC freed 0K, 17% free 13993K/16711K, paused 42ms
07-23 11:40:46.026  4411  4413 D dalvikvm: GC_CONCURRENT freed 544K, 9% free 11165K/12167K, paused 2ms+3ms
07-23 11:40:46.124  4411  4567 D dalvikvm: GC_FOR_ALLOC freed 365K, 9% free 11155K/12167K, paused 31ms
07-23 11:40:46.495  3240  3242 D dalvikvm: GC_CONCURRENT freed 465K, 8% free 10206K/11015K, paused 1ms+3ms
07-23 11:40:47.026  4088  4091 D dalvikvm: GC_CONCURRENT freed 1024K, 14% free 14500K/16711K, paused 2ms+3ms
07-23 11:40:47.499  3240  3242 D dalvikvm: GC_CONCURRENT freed 465K, 8% free 10206K/11015K, paused 2ms+4ms
07-23 11:40:48.464  3240  3242 D dalvikvm: GC_CONCURRENT freed 465K, 8% free 10206K/11015K, paused 3ms+4ms
07-23 11:40:49.464  3240  3242 D dalvikvm: GC_CONCURRENT freed 465K, 8% free 10206K/11015K, paused 2ms+3ms
07-23 11:40:49.741   347   347 D SAN_SERVICE: *******************************************
07-23 11:40:49.741   347   347 D SAN_SERVICE: DM App Phone Service State - 0
07-23 11:40:49.741   347   347 D SAN_SERVICE: *******************************************
07-23 11:40:49.800   144  1184 I ActivityManager: Process com.chess (pid 4821) has died.
07-23 11:40:49.874  4088  4091 D dalvikvm: GC_CONCURRENT freed 1703K, 14% free 14497K/16711K, paused 7ms+5ms
07-23 11:40:50.460  3240  3242 D dalvikvm: GC_CONCURRENT freed 465K, 8% free 10207K/11015K, paused 2ms+3ms
07-23 11:40:51.471  3240  3242 D dalvikvm: GC_CONCURRENT freed 465K, 8% free 10207K/11015K, paused 3ms+4ms
07-23 11:40:51.940  4088  4091 D dalvikvm: GC_CONCURRENT freed 2325K, 17% free 13871K/16711K, paused 3ms+3ms
07-23 11:40:52.221   347   347 D SAN_SERVICE: *******************************************
07-23 11:40:52.221   347   347 D SAN_SERVICE: DM App Phone Service State - 0
07-23 11:40:52.221   347   347 D SAN_SERVICE: *******************************************
07-23 11:40:52.366  1857  1858 D dalvikvm: GC_CONCURRENT freed 415K, 5% free 10531K/11079K, paused 4ms+8ms
07-23 11:40:52.526  3240  3242 D dalvikvm: GC_CONCURRENT freed 465K, 8% free 10208K/11015K, paused 2ms+2ms
07-23 11:40:52.589  4088  5223 I SqliteDatabaseCpp: sqlite returned: error code = 1, msg = no such column: last_stats_sync_time, db=/data/data/com.google.android.apps.plus/databases/es0.db
07-23 11:40:52.604  4088  5223 E EsSyncAdapterService: Sync failure
07-23 11:40:52.604  4088  5223 E EsSyncAdapterService: android.database.sqlite.SQLiteException: no such column: last_stats_sync_time: , while compiling: SELECT last_stats_sync_time  FROM account_status
07-23 11:40:52.604  4088  5223 E EsSyncAdapterService: 	at android.database.sqlite.SQLiteCompiledSql.native_compile(Native Method)
07-23 11:40:52.604  4088  5223 E EsSyncAdapterService: 	at android.database.sqlite.SQLiteCompiledSql.<init>(SQLiteCompiledSql.java:68)
07-23 11:40:52.604  4088  5223 E EsSyncAdapterService: 	at android.database.sqlite.SQLiteProgram.compileSql(SQLiteProgram.java:143)
07-23 11:40:52.604  4088  5223 E EsSyncAdapterService: 	at android.database.sqlite.SQLiteProgram.compileAndbindAllArgs(SQLiteProgram.java:361)
07-23 11:40:52.604  4088  5223 E EsSyncAdapterService: 	at android.database.sqlite.SQLiteStatement.acquireAndLock(SQLiteStatement.java:260)
07-23 11:40:52.604  4088  5223 E EsSyncAdapterService: 	at android.database.sqlite.SQLiteStatement.simpleQueryForLong(SQLiteStatement.java:137)
07-23 11:40:52.604  4088  5223 E EsSyncAdapterService: 	at android.database.DatabaseUtils.longForQuery(DatabaseUtils.java:791)
07-23 11:40:52.604  4088  5223 E EsSyncAdapterService: 	at android.database.DatabaseUtils.longForQuery(DatabaseUtils.java:779)
07-23 11:40:52.604  4088  5223 E EsSyncAdapterService: 	at com.google.android.apps.plus.content.EsAccountsData.queryLastStatsSyncTimestamp(EsAccountsData.java:570)
07-23 11:40:52.604  4088  5223 E EsSyncAdapterService: 	at com.google.android.apps.plus.service.EsSyncAdapterService.syncContactsStatsIfNecessary(EsSyncAdapterService.java:670)
07-23 11:40:52.604  4088  5223 E EsSyncAdapterService: 	at com.google.android.apps.plus.service.EsSyncAdapterService.doFullSync(EsSyncAdapterService.java:633)
07-23 11:40:52.604  4088  5223 E EsSyncAdapterService: 	at com.google.android.apps.plus.service.EsSyncAdapterService.doSync(EsSyncAdapterService.java:566)
07-23 11:40:52.604  4088  5223 E EsSyncAdapterService: 	at com.google.android.apps.plus.service.EsSyncAdapterService.access$100(EsSyncAdapterService.java:52)
07-23 11:40:52.604  4088  5223 E EsSyncAdapterService: 	at com.google.android.apps.plus.service.EsSyncAdapterService$SyncAdapterImpl.onPerformSync(EsSyncAdapterService.java:408)
07-23 11:40:52.604  4088  5223 E EsSyncAdapterService: 	at android.content.AbstractThreadedSyncAdapter$SyncThread.run(AbstractThreadedSyncAdapter.java:247)
07-23 11:40:52.612   144   168 D SyncManager: failed sync operation lokeshmandvekar@gmail.com (com.google), com.google.android.apps.plus.content.EsProvider, SERVER, earliestRunTime 293400112, SyncResult: stats [ numParseExceptions: 1]
07-23 11:40:52.612   144   168 D SyncManager: not retrying sync operation because the error is a hard error: lokeshmandvekar@gmail.com (com.google), com.google.android.apps.plus.content.EsProvider, SERVER, earliestRunTime 293419508
07-23 11:40:52.733   347   347 D SAN_SERVICE: *******************************************
07-23 11:40:52.733   347   347 D SAN_SERVICE: DM App Phone Service State - 0
07-23 11:40:52.733   347   347 D SAN_SERVICE: *******************************************
07-23 11:40:52.940  4411  4413 D dalvikvm: GC_CONCURRENT freed 702K, 10% free 11040K/12167K, paused 9ms+4ms
07-23 11:40:53.522  3240  3242 D dalvikvm: GC_CONCURRENT freed 470K, 8% free 10203K/11015K, paused 2ms+5ms
07-23 11:40:54.405  3240  5279 D dalvikvm: GC_EXPLICIT freed 79K, 8% free 10144K/11015K, paused 2ms+2ms
07-23 11:40:54.483  3240  3242 D dalvikvm: GC_CONCURRENT freed 397K, 8% free 10194K/11015K, paused 1ms+2ms
07-23 11:40:54.753   347   347 D SAN_SERVICE: *******************************************
07-23 11:40:54.753   347   347 D SAN_SERVICE: DM App Phone Service State - 0
07-23 11:40:54.753   347   347 D SAN_SERVICE: *******************************************
07-23 11:40:55.846  4411  4413 D dalvikvm: GC_CONCURRENT freed 424K, 8% free 11243K/12167K, paused 2ms+3ms
07-23 11:40:57.721   144   335 D dalvikvm: GC_EXPLICIT freed 1425K, 21% free 19265K/24263K, paused 8ms+12ms
07-23 11:40:57.827  4088  4131 D dalvikvm: GC_EXPLICIT freed 1807K, 21% free 13309K/16711K, paused 4ms+6ms
07-23 11:40:58.378  3956  3959 D dalvikvm: GC_CONCURRENT freed 377K, 8% free 9572K/10311K, paused 7ms+5ms
07-23 11:40:59.682  4281  5280 D dalvikvm: GC_EXPLICIT freed 266K, 5% free 9984K/10503K, paused 54ms+3ms
07-23 11:41:00.819  3956  3959 D dalvikvm: GC_CONCURRENT freed 363K, 7% free 9593K/10311K, paused 2ms+3ms
07-23 11:41:01.143  4411  4413 D dalvikvm: GC_CONCURRENT freed 904K, 10% free 10983K/12167K, paused 3ms+5ms
07-23 11:41:05.675  4411  4413 D dalvikvm: GC_CONCURRENT freed 385K, 8% free 11217K/12167K, paused 2ms+4ms
07-23 11:41:07.507   347   347 D SAN_SERVICE: *******************************************
07-23 11:41:07.507   347   347 D SAN_SERVICE: DM App Phone Service State - 0
07-23 11:41:07.507   347   347 D SAN_SERVICE: *******************************************
07-23 11:41:07.721   347   347 D SAN_SERVICE: *******************************************
07-23 11:41:07.721   347   347 D SAN_SERVICE: DM App Phone Service State - 0
07-23 11:41:07.721   347   347 D SAN_SERVICE: *******************************************
07-23 11:41:09.753  4411  4413 D dalvikvm: GC_CONCURRENT freed 923K, 11% free 10904K/12167K, paused 2ms+3ms
07-23 11:41:11.538   280   280 I wpa_supplicant: wlan0: CTRL-EVENT-DISCONNECTED bssid=00:1a:30:ba:dc:d1 reason=0
07-23 11:41:11.557 20622 20639 D CommandListener: Clearing all IP addresses on wlan0
07-23 11:41:11.620   144   200 D ConnectivityService: ConnectivityChange for WIFI: DISCONNECTED/DISCONNECTED
07-23 11:41:11.620   144   200 D ConnectivityService: Attempting to switch to mobile
07-23 11:41:11.651   144   200 D ConnectivityService: Attempting to switch to WIMAX
07-23 11:41:11.659   144   200 D ConnectivityService: Attempting to switch to BLUETOOTH_TETHER
07-23 11:41:11.686   144   200 E ConnectivityService: Exception trying to remove a route: java.lang.IllegalStateException: Unable to communicate with native dameon to add routes - com.android.server.NativeDaemonConnectorException: Cmd {interface route remove wlan0 default 67.20.213.254 32 0.0.0.0} failed with code 400 : {Failed to remove route from default table (No such process)}
07-23 11:41:11.690   144   200 D NetUtils: android_net_utils_resetConnections in env=0x1f323c8 clazz=0x81200001 iface=wlan0 mask=0x3
07-23 11:41:11.690   144   200 E ConnectivityService: Exception trying to remove a route: java.lang.IllegalStateException: Unable to communicate with native dameon to add routes - com.android.server.NativeDaemonConnectorException: Cmd {interface route remove wlan0 default 0.0.0.0 0 67.20.213.254} failed with code 400 : {Failed to remove route from default table (No such process)}
07-23 11:41:11.690   144   200 D ConnectivityService: resetConnections(wlan0, 3)
07-23 11:41:11.878  1857  5046 W Smack/Packet: notify conn break (IOEx), close connection
07-23 11:41:12.054  1857  5046 I qtaguid : Failed write_ctrl(u 82) res=-1 errno=22
07-23 11:41:12.054  1857  5046 I qtaguid : Untagging socket 82 failed errno=-22
07-23 11:41:12.061  1857  5046 W NetworkManagementSocketTagger: untagSocket(82) failed with errno -22
07-23 11:41:12.100   144   200 D ConnectivityService: handleInetConditionChange: no active default network - ignore
07-23 11:41:12.374   280   280 I wpa_supplicant: wlan0: Trying to associate with 00:1f:9d:da:f1:e1 (SSID='UB_Secure' freq=2412 MHz)
07-23 11:41:12.554   280   280 I wpa_supplicant: wlan0: Associated with 00:1f:9d:da:f1:e1
07-23 11:41:12.554   280   280 I wpa_supplicant: wlan0: CTRL-EVENT-EAP-STARTED EAP authentication started
07-23 11:41:12.573   280   280 I wpa_supplicant: wlan0: CTRL-EVENT-EAP-PROPOSED-METHOD vendor=0 method=4 -> NAK
07-23 11:41:12.581   280   280 I wpa_supplicant: wlan0: CTRL-EVENT-EAP-PROPOSED-METHOD vendor=0 method=25
07-23 11:41:12.581   280   280 I wpa_supplicant: wlan0: CTRL-EVENT-EAP-METHOD EAP vendor 0 method 25 (PEAP) selected
07-23 11:41:12.636   280   280 I wpa_supplicant: wlan0: CTRL-EVENT-EAP-PEER-CERT depth=2 subject='/C=US/O=Entrust.net/OU=www.entrust.net/CPS incorp. by ref. (limits liab.)/OU=(c) 1999 Entrust.net Limited/CN=Entrust.net Secure Server Certification Authority'
07-23 11:41:12.636   280   280 I wpa_supplicant: wlan0: CTRL-EVENT-EAP-PEER-CERT depth=2 subject='/C=US/O=Entrust.net/OU=www.entrust.net/CPS incorp. by ref. (limits liab.)/OU=(c) 1999 Entrust.net Limited/CN=Entrust.net Secure Server Certification Authority'
07-23 11:41:12.639   280   280 I wpa_supplicant: wlan0: CTRL-EVENT-EAP-PEER-CERT depth=1 subject='/C=US/ST=UT/L=Salt Lake City/O=The USERTRUST Network/CN=USERTrust Legacy Secure Server CA'
07-23 11:41:12.643   280   280 I wpa_supplicant: wlan0: CTRL-EVENT-EAP-PEER-CERT depth=0 subject='/C=US/postalCode=14260/ST=New York/L=Buffalo/street=305 Computing Center/O=SUNY AT BUFFALO/OU=Office of the President/OU=Issued through UNIVERSITY AT BUFFALO E-PKI Manager/OU=PremiumSSL Legacy/CN=ubsecure.acsu.buffalo.edu'
07-23 11:41:12.811   280   280 I wpa_supplicant: EAP-MSCHAPV2: Authentication succeeded
07-23 11:41:12.823   280   280 I wpa_supplicant: EAP-TLV: TLV Result - Success - EAP-TLV/Phase2 Completed
07-23 11:41:12.843   280   280 I wpa_supplicant: wlan0: CTRL-EVENT-EAP-SUCCESS EAP authentication completed successfully
07-23 11:41:12.870   280   280 I wpa_supplicant: wlan0: WPA: Key negotiation completed with 00:1f:9d:da:f1:e1 [PTK=CCMP GTK=TKIP]
07-23 11:41:12.870   280   280 I wpa_supplicant: wlan0: CTRL-EVENT-CONNECTED - Connection to 00:1f:9d:da:f1:e1 completed (reauth) [id=0 id_str=]
07-23 11:41:13.518   144   200 D ConnectivityService: ConnectivityChange for WIFI: CONNECTED/CONNECTED
07-23 11:41:13.530  4147  4147 I PhoneLab-WiFiReceiver: Wi-Fi is connected!
07-23 11:41:13.534  4147  4147 I PhoneLab-WiFiReceiver: SSID: UB_Secure BSSID: 00:1f:9d:da:f1:e1 RSSI: -200 LinkSpeed: -1
07-23 11:41:13.534  4147  4147 I PhoneLab-Locks: wake lock acquired
07-23 11:41:13.534  4147  4147 I PhoneLab-UploadLogs: Transfering log files now
07-23 11:41:13.538  4147  4147 I PhoneLab-UploadLogs: No log files to transfer
07-23 11:41:13.538  4147  4147 I PhoneLab-Locks: wake lock released
07-23 11:41:13.542  4147  4147 I PhoneLab-UploadLogs: OnStartCommand
07-23 11:41:13.569   144   195 W NetworkStats: dropping UID delta from unknown iface: iface=wlan0 uid=0 set=DEFAULT tag=0x0 rxBytes=0 rxPackets=0 txBytes=76 txPackets=1 operations=0
07-23 11:41:14.526   144   200 D ConnectivityService: NetTransition Wakelock for WifiStateMachine released by timeout
07-23 11:41:14.784   144   204 D Tethering: MasterInitialState.processMessage what=3
07-23 11:41:14.827  1857  1857 I GTalkService/c: [AndroidEndpoint@1094096144] connect: acct=1000000, state=CONNECTING
07-23 11:41:14.835  1857  1857 I GTalkService/c: [GTalkConnection@1094320320] connect: acct=1, state=CONNECTING
07-23 11:41:14.889  4346  4346 I MediaUploader: No need to wake up
07-23 11:41:14.893  4147  4147 I PhoneLab-WiFiReceiver: Wi-Fi is disconnected!
07-23 11:41:14.952  4088  4369 D PicasaSyncManager: active network: NetworkInfo: type: WIFI[], state: CONNECTED/CONNECTED, reason: (unspecified), extra: (none), roaming: false, failover: false, isAvailable: true
07-23 11:41:14.960  4088  4369 D PicasaSyncManager: background data: true
07-23 11:41:14.995  4424  4424 W ContextScopeImpl: thread=1 tried to enter the scope of the application context. Ignored.
07-23 11:41:15.382  1857  1858 D dalvikvm: GC_CONCURRENT freed 483K, 6% free 10473K/11079K, paused 3ms+12ms
07-23 11:41:15.632  4411  4413 D dalvikvm: GC_CONCURRENT freed 304K, 8% free 11218K/12167K, paused 1ms+3ms
07-23 11:41:15.761  4411  4567 D dalvikvm: GC_FOR_ALLOC freed 380K, 8% free 11199K/12167K, paused 41ms
07-23 11:41:16.573   144   204 D Tethering: MasterInitialState.processMessage what=3
07-23 11:41:16.608   144   200 D ConnectivityService: handleInetConditionHoldEnd: net=1, condition=100, published condition=0
07-23 11:41:16.671  4346  4346 I MediaUploader: No need to wake up
07-23 11:41:16.761  4088  4369 D PicasaSyncManager: active network: NetworkInfo: type: WIFI[], state: CONNECTED/CONNECTED, reason: (unspecified), extra: (none), roaming: false, failover: false, isAvailable: true
07-23 11:41:16.761  4088  4369 D PicasaSyncManager: background data: true
07-23 11:41:16.768  4424  4424 W ContextScopeImpl: thread=1 tried to enter the scope of the application context. Ignored.
07-23 11:41:17.022   144   147 D dalvikvm: GC_CONCURRENT freed 1874K, 21% free 19402K/24263K, paused 3ms+30ms
07-23 11:41:17.136   144   200 D ConnectivityService: handleInetConditionHoldEnd: net=1, condition=100, published condition=100
07-23 11:41:17.139  4424  4428 D dalvikvm: GC_CONCURRENT freed 382K, 5% free 9933K/10439K, paused 15ms+19ms
07-23 11:41:17.421   144   323 D dalvikvm: GC_EXPLICIT freed 291K, 22% free 19129K/24263K, paused 3ms+9ms
07-23 11:41:17.479  4281  4282 D dalvikvm: GC_CONCURRENT freed 506K, 7% free 9931K/10567K, paused 105ms+3ms
07-23 11:41:17.600  3956  3967 D dalvikvm: GC_EXPLICIT freed 200K, 8% free 9515K/10311K, paused 2ms+4ms
07-23 11:41:17.788  1857  1858 D dalvikvm: GC_CONCURRENT freed 429K, 6% free 10453K/11079K, paused 23ms+11ms
07-23 11:41:18.182  4281  4282 D dalvikvm: GC_CONCURRENT freed 368K, 6% free 9947K/10567K, paused 2ms+7ms
07-23 11:41:19.311   144   200 D ConnectivityService: ConnectivityChange for mobile: CONNECTED/CONNECTED
07-23 11:41:19.370   144   200 D ConnectivityService: ConnectivityChange for mobile: DISCONNECTED/DISCONNECTED
07-23 11:41:19.370   144   200 D ConnectivityService: Attempting to switch to WIFI
07-23 11:41:19.370   144   200 D ConnectivityService: Attempting to switch to WIMAX
07-23 11:41:19.370   144   200 D NetUtils: android_net_utils_resetConnections in env=0x1f323c8 clazz=0x96f00001 iface=rmnet0 mask=0x3
07-23 11:41:19.370   144   200 D ConnectivityService: Attempting to switch to BLUETOOTH_TETHER
07-23 11:41:19.370   144   200 D ConnectivityService: resetConnections(rmnet0, 3)
07-23 11:41:20.804   144 14395 D AlarmManagerService: Kernel timezone updated to 240 minutes west of GMT
07-23 11:41:20.956  4411  4413 D dalvikvm: GC_CONCURRENT freed 742K, 9% free 11079K/12167K, paused 2ms+4ms
07-23 11:41:22.378   144   204 D Tethering: MasterInitialState.processMessage what=3
07-23 11:41:22.393   144   204 D Tethering: MasterInitialState.processMessage what=3
07-23 11:41:22.468  4346  4346 I MediaUploader: No need to wake up
07-23 11:41:22.573  4424  4424 W ContextScopeImpl: thread=1 tried to enter the scope of the application context. Ignored.
07-23 11:41:22.608  4346  4346 I MediaUploader: No need to wake up
07-23 11:41:22.667  4424  4424 W ContextScopeImpl: thread=1 tried to enter the scope of the application context. Ignored.
07-23 11:41:22.694  4088  4369 D PicasaSyncManager: active network: NetworkInfo: type: WIFI[], state: CONNECTED/CONNECTED, reason: (unspecified), extra: (none), roaming: false, failover: false, isAvailable: true
07-23 11:41:22.694  4088  4369 D PicasaSyncManager: background data: true
07-23 11:41:22.706  4088  4369 D PicasaSyncManager: active network: NetworkInfo: type: WIFI[], state: CONNECTED/CONNECTED, reason: (unspecified), extra: (none), roaming: false, failover: false, isAvailable: true
07-23 11:41:22.706  4088  4369 D PicasaSyncManager: background data: true
07-23 11:41:22.815  4281  4282 D dalvikvm: GC_CONCURRENT freed 416K, 7% free 9915K/10567K, paused 4ms+10ms
07-23 11:41:22.909   144   200 D ConnectivityService: handleInetConditionHoldEnd: net=1, condition=100, published condition=100
07-23 11:41:22.917  3240  3242 D dalvikvm: GC_CONCURRENT freed 452K, 8% free 10204K/11015K, paused 2ms+6ms
07-23 11:41:23.468  3240  3242 D dalvikvm: GC_CONCURRENT freed 463K, 8% free 10206K/11015K, paused 2ms+2ms
07-23 11:41:24.518  3240  3242 D dalvikvm: GC_CONCURRENT freed 469K, 8% free 10219K/11015K, paused 2ms+4ms
07-23 11:41:24.850  4411  4413 D dalvikvm: GC_CONCURRENT freed 433K, 8% free 11314K/12167K, paused 1ms+4ms
07-23 11:41:24.991  4411  4567 D dalvikvm: GC_FOR_ALLOC freed 432K, 8% free 11199K/12167K, paused 31ms
07-23 11:41:25.487   347   347 D SAN_SERVICE: *******************************************
07-23 11:41:25.487   347   347 D SAN_SERVICE: DM App Phone Service State - 0
07-23 11:41:25.487   347   347 D SAN_SERVICE: *******************************************
07-23 11:41:25.507  3240  3242 D dalvikvm: GC_CONCURRENT freed 501K, 8% free 10217K/11015K, paused 2ms+30ms
07-23 11:41:25.800   347   347 D SAN_SERVICE: *******************************************
07-23 11:41:25.800   347   347 D SAN_SERVICE: DM App Phone Service State - 0
07-23 11:41:25.800   347   347 D SAN_SERVICE: *******************************************
07-23 11:41:25.901  1857  1858 D dalvikvm: GC_CONCURRENT freed 378K, 6% free 10494K/11079K, paused 4ms+8ms
07-23 11:41:26.393  1857  1980 D dalvikvm: GC_EXPLICIT freed 96K, 7% free 10398K/11079K, paused 2ms+4ms
07-23 11:41:26.507  3240  3242 D dalvikvm: GC_CONCURRENT freed 470K, 8% free 10228K/11015K, paused 1ms+2ms
07-23 11:41:27.460  3240  3242 D dalvikvm: GC_CONCURRENT freed 510K, 8% free 10217K/11015K, paused 2ms+3ms
07-23 11:41:27.757   144   147 D dalvikvm: GC_CONCURRENT freed 1753K, 21% free 19300K/24263K, paused 14ms+9ms
07-23 11:41:28.585  3240  3242 D dalvikvm: GC_CONCURRENT freed 492K, 8% free 10230K/11015K, paused 3ms+7ms
07-23 11:41:29.487  3240  3242 D dalvikvm: GC_CONCURRENT freed 496K, 8% free 10208K/11015K, paused 2ms+2ms
07-23 11:41:30.284   280   280 I wpa_supplicant: wlan0: CTRL-EVENT-DISCONNECTED bssid=00:1f:9d:da:f1:e1 reason=0
07-23 11:41:30.288 20622 20639 D CommandListener: Clearing all IP addresses on wlan0
07-23 11:41:30.300   144   200 D ConnectivityService: ConnectivityChange for WIFI: DISCONNECTED/DISCONNECTED
07-23 11:41:30.307   144   200 D ConnectivityService: Attempting to switch to mobile
07-23 11:41:30.307   144   200 D ConnectivityService: Attempting to switch to WIMAX
07-23 11:41:30.307   144   200 D ConnectivityService: Attempting to switch to BLUETOOTH_TETHER
07-23 11:41:30.311   144   200 E ConnectivityService: Exception trying to remove a route: java.lang.IllegalStateException: Unable to communicate with native dameon to add routes - com.android.server.NativeDaemonConnectorException: Cmd {interface route remove wlan0 default 67.20.213.254 32 0.0.0.0} failed with code 400 : {Failed to remove route from default table (No such process)}
07-23 11:41:30.323   144   200 D NetUtils: android_net_utils_resetConnections in env=0x1f323c8 clazz=0xa2b00001 iface=wlan0 mask=0x3
07-23 11:41:30.323   144   200 E ConnectivityService: Exception trying to remove a route: java.lang.IllegalStateException: Unable to communicate with native dameon to add routes - com.android.server.NativeDaemonConnectorException: Cmd {interface route remove wlan0 default 0.0.0.0 0 67.20.213.254} failed with code 400 : {Failed to remove route from default table (No such process)}
07-23 11:41:30.323   144   200 D ConnectivityService: resetConnections(wlan0, 3)
07-23 11:41:30.491   347   350 D dalvikvm: GC_CONCURRENT freed 895K, 13% free 12072K/13767K, paused 2ms+8ms
07-23 11:41:30.530  1857  5316 W Smack/Packet: notify conn break (IOEx), close connection
07-23 11:41:30.632  4411  4413 D dalvikvm: GC_CONCURRENT freed 783K, 9% free 11142K/12167K, paused 2ms+5ms
07-23 11:41:30.698  1857  5316 I qtaguid : Failed write_ctrl(u 82) res=-1 errno=22
07-23 11:41:30.702  1857  5316 I qtaguid : Untagging socket 82 failed errno=-22
07-23 11:41:30.706  1857  5316 W NetworkManagementSocketTagger: untagSocket(82) failed with errno -22
07-23 11:41:30.714   144   200 D ConnectivityService: handleInetConditionChange: no active default network - ignore
07-23 11:41:30.800  3240  3242 D dalvikvm: GC_CONCURRENT freed 467K, 8% free 10227K/11015K, paused 2ms+3ms
07-23 11:41:31.116   280   280 I wpa_supplicant: wlan0: Trying to associate with 00:1d:e5:83:33:91 (SSID='UB_Secure' freq=2462 MHz)
07-23 11:41:31.464  3240  3242 D dalvikvm: GC_CONCURRENT freed 498K, 8% free 10217K/11015K, paused 2ms+3ms
07-23 11:41:32.507  3240  3242 D dalvikvm: GC_CONCURRENT freed 473K, 8% free 10207K/11015K, paused 2ms+3ms
07-23 11:41:33.374   144   204 D Tethering: MasterInitialState.processMessage what=3
07-23 11:41:33.495   144  1185 D dalvikvm: GC_EXPLICIT freed 961K, 21% free 19237K/24263K, paused 3ms+9ms
07-23 11:41:33.554  4346  4346 I MediaUploader: No need to wake up
07-23 11:41:33.577  4147  4147 I PhoneLab-WiFiReceiver: Wi-Fi is disconnected!
07-23 11:41:33.655  4088  4369 D PicasaSyncManager: active network: null
07-23 11:41:33.655  4088  4369 D PicasaSyncManager: background data: true
07-23 11:41:33.757  4281  4282 D dalvikvm: GC_CONCURRENT freed 383K, 7% free 9918K/10567K, paused 11ms+14ms
07-23 11:41:33.788  3240  3242 D dalvikvm: GC_CONCURRENT freed 463K, 8% free 10206K/11015K, paused 2ms+5ms
07-23 11:41:34.343  4411  4413 D dalvikvm: GC_CONCURRENT freed 495K, 8% free 11287K/12167K, paused 1ms+3ms
07-23 11:41:34.378  4411  4567 D dalvikvm: GC_FOR_ALLOC freed 79K, 8% free 11239K/12167K, paused 33ms
07-23 11:41:34.378  4411  4567 I dalvikvm-heap: Grow heap (frag case) to 11.106MB for 64422-byte allocation
07-23 11:41:34.421  4411  4426 D dalvikvm: GC_FOR_ALLOC freed 86K, 9% free 11215K/12231K, paused 30ms
07-23 11:41:34.561  3240  3242 D dalvikvm: GC_CONCURRENT freed 463K, 8% free 10206K/11015K, paused 1ms+3ms
07-23 11:41:35.530  3240  3242 D dalvikvm: GC_CONCURRENT freed 462K, 8% free 10206K/11015K, paused 8ms+4ms
07-23 11:41:36.471  3240  3242 D dalvikvm: GC_CONCURRENT freed 462K, 8% free 10207K/11015K, paused 1ms+2ms
07-23 11:41:37.132   144   200 D ConnectivityService: ConnectivityChange for mobile: CONNECTED/CONNECTED
07-23 11:41:37.245   144   196 D NetworkPolicy: applying policy NetworkPolicy[NetworkTemplate: matchRule=MOBILE_ALL, subscriberId=valid]: cycleDay=20, warningBytes=2147483648, limitBytes=-1, lastSnooze=-1 to ifaces [rmnet0]
07-23 11:41:37.511  3240  3242 D dalvikvm: GC_CONCURRENT freed 462K, 8% free 10207K/11015K, paused 2ms+2ms
07-23 11:41:38.132   144   200 D ConnectivityService: NetTransition Wakelock for WifiStateMachine released by timeout
07-23 11:41:38.471  3240  3242 D dalvikvm: GC_CONCURRENT freed 475K, 8% free 10212K/11015K, paused 2ms+3ms
07-23 11:41:39.460  3240  3242 D dalvikvm: GC_CONCURRENT freed 490K, 8% free 10218K/11015K, paused 2ms+3ms
07-23 11:41:40.241   144   204 D Tethering: MasterInitialState.processMessage what=3
07-23 11:41:40.264  1857  1857 I GTalkService/c: [AndroidEndpoint@1094096144] connect: acct=1000000, state=CONNECTING
07-23 11:41:40.268  1857  1857 I GTalkService/c: [GTalkConnection@1094320320] connect: acct=1, state=CONNECTING
07-23 11:41:40.300  4346  4346 I MediaUploader: No need to wake up
07-23 11:41:40.366  4424  4424 W ContextScopeImpl: thread=1 tried to enter the scope of the application context. Ignored.
07-23 11:41:40.389  4088  4369 D PicasaSyncManager: active network: NetworkInfo: type: mobile[CDMA - EvDo rev. A], state: CONNECTED/CONNECTED, reason: (unspecified), extra: , roaming: false, failover: true, isAvailable: true
07-23 11:41:40.397  4088  4369 D PicasaSyncManager: background data: true
07-23 11:41:40.491  1857  1858 D dalvikvm: GC_CONCURRENT freed 330K, 6% free 10461K/11079K, paused 2ms+7ms
07-23 11:41:40.671  3240  3242 D dalvikvm: GC_CONCURRENT freed 473K, 8% free 10208K/11015K, paused 2ms+5ms
07-23 11:41:40.706  4103  4105 D dalvikvm: GC_CONCURRENT freed 437K, 6% free 9364K/9927K, paused 2ms+10ms
07-23 11:41:41.210   280   280 I wpa_supplicant: wlan0: Authentication with 00:1d:e5:83:33:91 timed out.
07-23 11:41:41.538  3240  3242 D dalvikvm: GC_CONCURRENT freed 464K, 8% free 10206K/11015K, paused 1ms+4ms
07-23 11:41:41.944   280   280 I wpa_supplicant: wlan0: Trying to associate with 00:1d:e5:83:33:91 (SSID='UB_Secure' freq=2462 MHz)
07-23 11:41:42.120   220   222 D dalvikvm: GC_CONCURRENT freed 218K, 25% free 10787K/14215K, paused 2ms+3ms
07-23 11:41:42.272  4411  4413 D dalvikvm: GC_CONCURRENT freed 763K, 10% free 11084K/12231K, paused 2ms+14ms
07-23 11:41:42.358   220   220 D dalvikvm: GC_FOR_ALLOC freed 638K, 26% free 10584K/14215K, paused 22ms
07-23 11:41:42.604  3240  3242 D dalvikvm: GC_CONCURRENT freed 463K, 8% free 10207K/11015K, paused 6ms+3ms
07-23 11:41:42.679   144   200 D ConnectivityService: handleInetConditionHoldEnd: net=0, condition=100, published condition=0
07-23 11:41:43.018  1857  1858 D dalvikvm: GC_CONCURRENT freed 408K, 6% free 10445K/11079K, paused 3ms+5ms
07-23 11:41:43.374   144  8560 D dalvikvm: GC_EXPLICIT freed 1390K, 21% free 19248K/24263K, paused 4ms+11ms
07-23 11:41:43.593  3240  3242 D dalvikvm: GC_CONCURRENT freed 455K, 8% free 10216K/11015K, paused 2ms+2ms
07-23 11:41:44.522  4411  4413 D dalvikvm: GC_CONCURRENT freed 401K, 8% free 11321K/12231K, paused 3ms+9ms
07-23 11:41:44.600  3240  3242 D dalvikvm: GC_CONCURRENT freed 475K, 8% free 10206K/11015K, paused 1ms+3ms
07-23 11:41:45.511  3240  3242 D dalvikvm: GC_CONCURRENT freed 464K, 8% free 10206K/11015K, paused 1ms+2ms
07-23 11:41:45.854  4411  4413 D dalvikvm: GC_CONCURRENT freed 1222K, 12% free 10794K/12231K, paused 2ms+4ms
07-23 11:41:45.905   144   173 I ActivityManager: Start proc com.twitter.android for service com.twitter.android/.client.AppService: pid=5403 uid=10064 gids={3003, 1015}
07-23 11:41:45.940  3240  3242 D dalvikvm: GC_CONCURRENT freed 466K, 8% free 10208K/11015K, paused 3ms+4ms
07-23 11:41:45.987  5403  5403 I dalvikvm: Turning on JNI app bug workarounds for target SDK version 11...
07-23 11:41:46.233  5403  5403 I ActivityThread: Pub com.twitter.android.provider.GlobalDatabaseProvider: com.twitter.android.provider.GlobalDatabaseProvider
07-23 11:41:46.261  5403  5403 I ActivityThread: Pub com.twitter.android.provider.TwitterProvider: com.twitter.android.provider.TwitterProvider
07-23 11:41:46.389  5403  5404 D dalvikvm: GC_CONCURRENT freed 172K, 4% free 9301K/9607K, paused 15ms+2ms
07-23 11:41:46.413  3240  5125 D dalvikvm: GC_EXPLICIT freed 70K, 8% free 10138K/11015K, paused 6ms+2ms
07-23 11:41:46.538  3240  3242 D dalvikvm: GC_CONCURRENT freed 395K, 8% free 10207K/11015K, paused 2ms+2ms
07-23 11:41:46.893  5403  5404 D dalvikvm: GC_CONCURRENT freed 219K, 4% free 9516K/9863K, paused 8ms+2ms
07-23 11:41:47.050  5403  5404 D dalvikvm: GC_CONCURRENT freed 284K, 5% free 9639K/10055K, paused 2ms+2ms
07-23 11:41:47.186  5403  5404 D dalvikvm: GC_CONCURRENT freed 291K, 5% free 9765K/10183K, paused 2ms+1ms
07-23 11:41:47.378  5403  5404 D dalvikvm: GC_CONCURRENT freed 293K, 5% free 9887K/10311K, paused 2ms+2ms
07-23 11:41:47.405   144   323 I ActivityManager: Process com.google.android.gm (pid 5186) has died.
07-23 11:41:47.612  3240  3242 D dalvikvm: GC_CONCURRENT freed 464K, 8% free 10207K/11015K, paused 2ms+4ms
07-23 11:41:47.690  5403  5404 D dalvikvm: GC_CONCURRENT freed 298K, 5% free 10015K/10439K, paused 1ms+2ms
07-23 11:41:47.831  5403  5404 D dalvikvm: GC_CONCURRENT freed 301K, 4% free 10145K/10567K, paused 1ms+3ms
07-23 11:41:47.975  5403  5404 D dalvikvm: GC_CONCURRENT freed 297K, 4% free 10276K/10695K, paused 2ms+2ms
07-23 11:41:48.167  5403  5404 D dalvikvm: GC_CONCURRENT freed 474K, 6% free 10225K/10823K, paused 2ms+3ms
07-23 11:41:48.304  5403  5404 D dalvikvm: GC_CONCURRENT freed 321K, 5% free 10300K/10823K, paused 2ms+6ms
07-23 11:41:48.487  3240  3242 D dalvikvm: GC_CONCURRENT freed 464K, 8% free 10208K/11015K, paused 2ms+2ms
07-23 11:41:48.581  5403  5404 D dalvikvm: GC_CONCURRENT freed 328K, 5% free 10374K/10823K, paused 1ms+6ms
07-23 11:41:48.753  5403  5404 D dalvikvm: GC_CONCURRENT freed 357K, 5% free 10477K/10951K, paused 4ms+3ms
07-23 11:41:48.882  5403  5404 D dalvikvm: GC_CONCURRENT freed 338K, 5% free 10554K/11015K, paused 2ms+2ms
07-23 11:41:49.014  5403  5404 D dalvikvm: GC_CONCURRENT freed 320K, 5% free 10634K/11079K, paused 2ms+2ms
07-23 11:41:49.147  5403  5404 D dalvikvm: GC_CONCURRENT freed 365K, 5% free 10719K/11207K, paused 3ms+2ms
07-23 11:41:49.300  5403  5404 D dalvikvm: GC_CONCURRENT freed 402K, 5% free 10814K/11335K, paused 1ms+2ms
07-23 11:41:49.479  3240  3242 D dalvikvm: GC_CONCURRENT freed 464K, 8% free 10208K/11015K, paused 2ms+2ms
07-23 11:41:50.460  3240  3242 D dalvikvm: GC_CONCURRENT freed 483K, 8% free 10232K/11015K, paused 2ms+2ms
07-23 11:41:50.608   144   374 I ActivityManager: Process com.android.providers.calendar (pid 3755) has died.
07-23 11:41:50.721  5403  5404 D dalvikvm: GC_CONCURRENT freed 323K, 4% free 11018K/11463K, paused 2ms+2ms
07-23 11:41:51.573  3240  3242 D dalvikvm: GC_CONCURRENT freed 475K, 7% free 10258K/11015K, paused 2ms+3ms
07-23 11:41:51.960   280   280 I wpa_supplicant: wlan0: Authentication with 00:1d:e5:83:33:91 timed out.
07-23 11:41:52.643  3240  3242 D dalvikvm: GC_CONCURRENT freed 515K, 7% free 10255K/11015K, paused 1ms+16ms
07-23 11:41:52.682   280   280 I wpa_supplicant: wlan0: Trying to associate with 00:1a:a2:dd:b1:a1 (SSID='UB_Secure' freq=2437 MHz)
07-23 11:41:53.003  5403  5404 D dalvikvm: GC_CONCURRENT freed 424K, 5% free 11218K/11719K, paused 2ms+7ms
07-23 11:41:53.339  4411  4413 D dalvikvm: GC_CONCURRENT freed 159K, 10% free 11101K/12231K, paused 2ms+2ms
07-23 11:41:53.468  3240  3242 D dalvikvm: GC_CONCURRENT freed 521K, 7% free 10245K/11015K, paused 2ms+2ms
07-23 11:41:54.514  3240  3242 D dalvikvm: GC_CONCURRENT freed 548K, 8% free 10209K/11015K, paused 2ms+9ms
07-23 11:41:54.612  4411  4567 D dalvikvm: GC_FOR_ALLOC freed 445K, 9% free 11186K/12231K, paused 29ms
07-23 11:41:55.471  3240  3242 D dalvikvm: GC_CONCURRENT freed 515K, 8% free 10205K/11015K, paused 2ms+3ms
07-23 11:41:56.565   144   359 D dalvikvm: GC_EXPLICIT freed 1495K, 21% free 19228K/24263K, paused 4ms+10ms
07-23 11:41:56.596   144   374 I ActivityManager: Process com.facebook.orca (pid 5205) has died.
07-23 11:41:56.694  3240  3242 D dalvikvm: GC_CONCURRENT freed 516K, 8% free 10201K/11015K, paused 2ms+2ms
07-23 11:41:57.534  3240  3242 D dalvikvm: GC_CONCURRENT freed 503K, 8% free 10208K/11015K, paused 33ms+3ms
07-23 11:41:58.483  3240  3242 D dalvikvm: GC_CONCURRENT freed 487K, 8% free 10226K/11015K, paused 7ms+3ms
07-23 11:41:59.448  1857  1868 D dalvikvm: GC_EXPLICIT freed 251K, 6% free 10465K/11079K, paused 2ms+3ms
07-23 11:41:59.550  3240  3242 D dalvikvm: GC_CONCURRENT freed 454K, 7% free 10260K/11015K, paused 3ms+3ms
07-23 11:42:00.491  3240  3242 D dalvikvm: GC_CONCURRENT freed 517K, 7% free 10254K/11015K, paused 3ms+4ms
07-23 11:42:01.448  3240  3242 D dalvikvm: GC_CONCURRENT freed 496K, 7% free 10270K/11015K, paused 2ms+4ms
07-23 11:42:02.456  3240  3242 D dalvikvm: GC_CONCURRENT freed 512K, 7% free 10270K/11015K, paused 2ms+3ms
07-23 11:42:02.776   280   280 I wpa_supplicant: wlan0: Authentication with 00:1a:a2:dd:b1:a1 timed out.
07-23 11:42:03.432  3240  3242 D dalvikvm: GC_CONCURRENT freed 522K, 7% free 10259K/11015K, paused 2ms+3ms
07-23 11:42:03.479   280   280 I wpa_supplicant: wlan0: Trying to associate with 00:1a:a2:dc:8c:11 (SSID='UB_Secure' freq=2462 MHz)
07-23 11:42:03.600   280   280 I wpa_supplicant: wlan0: Associated with 00:1a:a2:dc:8c:11
07-23 11:42:03.616   280   280 I wpa_supplicant: wlan0: CTRL-EVENT-EAP-STARTED EAP authentication started
07-23 11:42:03.624   280   280 I wpa_supplicant: wlan0: CTRL-EVENT-EAP-PROPOSED-METHOD vendor=0 method=4 -> NAK
07-23 11:42:03.628   280   280 I wpa_supplicant: wlan0: CTRL-EVENT-EAP-PROPOSED-METHOD vendor=0 method=25
07-23 11:42:03.628   280   280 I wpa_supplicant: wlan0: CTRL-EVENT-EAP-METHOD EAP vendor 0 method 25 (PEAP) selected
07-23 11:42:03.682   280   280 I wpa_supplicant: wlan0: CTRL-EVENT-EAP-PEER-CERT depth=2 subject='/C=US/O=Entrust.net/OU=www.entrust.net/CPS incorp. by ref. (limits liab.)/OU=(c) 1999 Entrust.net Limited/CN=Entrust.net Secure Server Certification Authority'
07-23 11:42:03.682   280   280 I wpa_supplicant: wlan0: CTRL-EVENT-EAP-PEER-CERT depth=2 subject='/C=US/O=Entrust.net/OU=www.entrust.net/CPS incorp. by ref. (limits liab.)/OU=(c) 1999 Entrust.net Limited/CN=Entrust.net Secure Server Certification Authority'
07-23 11:42:03.682   280   280 I wpa_supplicant: wlan0: CTRL-EVENT-EAP-PEER-CERT depth=1 subject='/C=US/ST=UT/L=Salt Lake City/O=The USERTRUST Network/CN=USERTrust Legacy Secure Server CA'
07-23 11:42:03.682   280   280 I wpa_supplicant: wlan0: CTRL-EVENT-EAP-PEER-CERT depth=0 subject='/C=US/postalCode=14260/ST=New York/L=Buffalo/street=305 Computing Center/O=SUNY AT BUFFALO/OU=Office of the President/OU=Issued through UNIVERSITY AT BUFFALO E-PKI Manager/OU=PremiumSSL Legacy/CN=ubsecure.acsu.buffalo.edu'
07-23 11:42:03.729  4411  4413 D dalvikvm: GC_CONCURRENT freed 736K, 10% free 11090K/12231K, paused 2ms+2ms
07-23 11:42:04.054  4147  4160 I PhoneLab-: Service Running
07-23 11:42:04.132  4147  4160 I PhoneLab-LoggerService: app_37    1303  1     1440   988   c00f181c 400107b4 S logcat
07-23 11:42:04.132  4147  4160 I PhoneLab-LoggerService: Logcat pid from database 1303
07-23 11:42:04.132  4147  4160 I PhoneLab-LoggerService: Logcat process found 1303
07-23 11:42:04.132  4147  4160 I PhoneLab-LoggerService: Checking Threshold
07-23 11:42:04.464  3240  3242 D dalvikvm: GC_CONCURRENT freed 511K, 7% free 10260K/11015K, paused 2ms+2ms
07-23 11:42:04.772  4411  4567 D dalvikvm: GC_FOR_ALLOC freed 430K, 9% free 11173K/12231K, paused 29ms
07-23 11:42:05.452  3240  3242 D dalvikvm: GC_CONCURRENT freed 515K, 7% free 10257K/11015K, paused 2ms+3ms
07-23 11:42:06.499  3240  3242 D dalvikvm: GC_CONCURRENT freed 513K, 7% free 10256K/11015K, paused 2ms+3ms
07-23 11:42:07.448  3240  3242 D dalvikvm: GC_CONCURRENT freed 512K, 7% free 10255K/11015K, paused 3ms+4ms
07-23 11:42:08.464  3240  3242 D dalvikvm: GC_CONCURRENT freed 524K, 8% free 10243K/11015K, paused 2ms+4ms
07-23 11:42:08.542   144 28547 W ActivityManager: finishReceiver called but no pending broadcasts
07-23 11:42:08.741  4411  4413 D dalvikvm: GC_CONCURRENT freed 1087K, 13% free 10686K/12231K, paused 30ms+3ms
07-23 11:42:09.003   220   222 D dalvikvm: GC_CONCURRENT freed 344K, 25% free 10700K/14215K, paused 3ms+3ms
07-23 11:42:34.152   280   280 I wpa_supplicant: EAP-MSCHAPV2: Authentication succeeded
07-23 11:42:34.156   280   280 I wpa_supplicant: EAP-TLV: TLV Result - Success - EAP-TLV/Phase2 Completed
07-23 11:42:34.168   280   280 I wpa_supplicant: wlan0: CTRL-EVENT-EAP-SUCCESS EAP authentication completed successfully
07-23 11:42:34.230 20622 20636 D NetlinkEvent: Unexpected netlink message. type=0xf
07-23 11:42:34.238   280   280 I wpa_supplicant: wlan0: WPA: Key negotiation completed with 00:1a:a2:dc:8c:11 [PTK=CCMP GTK=TKIP]
07-23 11:42:34.238   280   280 I wpa_supplicant: wlan0: CTRL-EVENT-CONNECTED - Connection to 00:1a:a2:dc:8c:11 completed (reauth) [id=0 id_str=]
07-23 11:42:34.863   144   200 D ConnectivityService: ConnectivityChange for WIFI: CONNECTED/CONNECTED
07-23 11:42:34.863   144   200 D ConnectivityService: Policy requires mobile teardown
07-23 11:42:34.886  4147  4147 I PhoneLab-WiFiReceiver: Wi-Fi is connected!
07-23 11:42:34.886  4147  4147 I PhoneLab-WiFiReceiver: SSID: UB_Secure BSSID: 00:1a:a2:dc:8c:11 RSSI: -200 LinkSpeed: -1
07-23 11:42:34.886  4147  4147 I PhoneLab-Locks: wake lock acquired
07-23 11:42:34.902  4147  4147 I PhoneLab-UploadLogs: Transfering log files now
07-23 11:42:34.902  4147  4147 I PhoneLab-UploadLogs: No log files to transfer
07-23 11:42:34.902  4147  4147 I PhoneLab-Locks: wake lock released
07-23 11:42:34.906  4147  4147 I PhoneLab-UploadLogs: OnStartCommand
07-23 11:42:34.933   144   200 D ConnectivityService: ConnectivityChange for mobile: DISCONNECTED/DISCONNECTED
07-23 11:42:34.945   144   200 D ConnectivityService: Attempting to switch to WIFI
07-23 11:42:34.972   144   200 D ConnectivityService: Attempting to switch to WIMAX
07-23 11:42:34.980   144   200 D ConnectivityService: Attempting to switch to BLUETOOTH_TETHER
07-23 11:42:34.996   144   200 D NetUtils: android_net_utils_resetConnections in env=0x1f323c8 clazz=0xc6800001 iface=rmnet0 mask=0x3
07-23 11:42:34.996   144   200 D ConnectivityService: resetConnections(rmnet0, 3)
07-23 11:42:35.015   144   195 W NetworkStats: dropping UID delta from unknown iface: iface=wlan0 uid=0 set=DEFAULT tag=0x0 rxBytes=0 rxPackets=0 txBytes=140 txPackets=2 operations=0
07-23 11:42:35.164   220   222 D dalvikvm: GC_CONCURRENT freed 875K, 28% free 10345K/14215K, paused 2ms+6ms
07-23 11:42:35.273  1857  5387 W Smack/Packet: notify conn break (IOEx), close connection
07-23 11:42:35.398   144   147 D dalvikvm: GC_CONCURRENT freed 1978K, 21% free 19224K/24263K, paused 8ms+8ms
07-23 11:42:35.433  1857  5387 I qtaguid : Failed write_ctrl(u 82) res=-1 errno=22
07-23 11:42:35.433  1857  5387 I qtaguid : Untagging socket 82 failed errno=-22
07-23 11:42:35.433  1857  5387 W NetworkManagementSocketTagger: untagSocket(82) failed with errno -22
07-23 11:42:35.433   144   200 D ConnectivityService: handleInetConditionChange: net=0 != default=1 - ignore
07-23 11:42:38.472   144   204 D Tethering: MasterInitialState.processMessage what=3
07-23 11:42:38.539   144   204 D Tethering: MasterInitialState.processMessage what=3
07-23 11:42:38.547   144   204 D Tethering: MasterInitialState.processMessage what=3
07-23 11:42:38.550  1857  1857 I GTalkService/c: [AndroidEndpoint@1094096144] connect: acct=1000000, state=CONNECTING
07-23 11:42:38.550  1857  1857 I GTalkService/c: [GTalkConnection@1094320320] connect: acct=1, state=CONNECTING
07-23 11:42:38.605  4346  4346 I MediaUploader: No need to wake up
07-23 11:42:38.714  4424  4424 W ContextScopeImpl: thread=1 tried to enter the scope of the application context. Ignored.
07-23 11:42:38.734  4088  4369 D PicasaSyncManager: active network: NetworkInfo: type: WIFI[], state: CONNECTED/CONNECTED, reason: (unspecified), extra: (none), roaming: false, failover: false, isAvailable: true
07-23 11:42:38.734  4088  4369 D PicasaSyncManager: background data: true
07-23 11:42:38.757  4346  4346 I MediaUploader: No need to wake up
07-23 11:42:38.812  4424  4424 W ContextScopeImpl: thread=1 tried to enter the scope of the application context. Ignored.
07-23 11:42:38.859  4346  4346 I MediaUploader: No need to wake up
07-23 11:42:38.933  4424  4424 W ContextScopeImpl: thread=1 tried to enter the scope of the application context. Ignored.
07-23 11:42:38.988  4088  4369 D PicasaSyncManager: active network: NetworkInfo: type: WIFI[], state: CONNECTED/CONNECTED, reason: (unspecified), extra: (none), roaming: false, failover: false, isAvailable: true
07-23 11:42:38.988  4088  4369 D PicasaSyncManager: background data: true
07-23 11:42:39.316  1857  1858 D dalvikvm: GC_CONCURRENT freed 408K, 6% free 10460K/11079K, paused 7ms+3ms
07-23 11:42:39.824   144 14395 D dalvikvm: GC_EXPLICIT freed 591K, 22% free 19148K/24263K, paused 6ms+8ms
07-23 11:42:40.121   144   200 D ConnectivityService: handleInetConditionHoldEnd: net=1, condition=100, published condition=0
07-23 11:42:40.554  4460  4462 D dalvikvm: GC_CONCURRENT freed 486K, 6% free 9360K/9927K, paused 9ms+2ms
07-23 11:42:40.793  3956  3959 D dalvikvm: GC_CONCURRENT freed 314K, 8% free 9589K/10311K, paused 2ms+3ms
07-23 11:42:41.004  3956  3972 D dalvikvm: GC_EXPLICIT freed 112K, 9% free 9483K/10311K, paused 2ms+3ms
07-23 11:42:44.588  4411  4411 D dalvikvm: GC_EXPLICIT freed 59K, 13% free 10666K/12231K, paused 29ms+3ms
07-23 11:42:44.776  3240  3242 D dalvikvm: GC_CONCURRENT freed 508K, 7% free 10247K/11015K, paused 1ms+3ms
07-23 11:43:02.238  4281  4282 D dalvikvm: GC_CONCURRENT freed 347K, 6% free 9957K/10567K, paused 18ms+3ms
07-23 11:43:23.461  5524  5524 D dalvikvm: Late-enabling CheckJNI
07-23 11:43:23.461   144   161 I ActivityManager: Start proc com.chess for broadcast com.chess/.backend.AlarmReceiver: pid=5524 uid=10079 gids={3003, 1015}
07-23 11:43:23.660  5524  5527 D dalvikvm: GC_CONCURRENT freed 154K, 3% free 9381K/9607K, paused 4ms+1ms
07-23 11:43:23.804  5524  5538 D GetStringObjTask: retrieving from url = http://www.chess.com/api/get_move_status?id=5HHjW9WUGa%2Bcu1LUwnVJPxTIWxmEve4VdkRnRyg7b5Ch69JH2Z5aB%2B7eGuFw8K2uFx47KFsdE3JRdR3Mzv0PkZOj6eZ8N73BvxmEERrzXjMNRo80rkLyJAUTh0iqof4n
07-23 11:43:24.105  5524  5538 D GetStringObjTask: WebRequest SERVER RESPONSE: Success+0
07-23 11:43:25.175   347   347 D SAN_SERVICE: *******************************************
07-23 11:43:25.175   347   347 D SAN_SERVICE: DM App Phone Service State - 0
07-23 11:43:25.175   347   347 D SAN_SERVICE: *******************************************
07-23 11:43:25.679   347   347 D SAN_SERVICE: *******************************************
07-23 11:43:25.679   347   347 D SAN_SERVICE: DM App Phone Service State - 0
07-23 11:43:25.679   347   347 D SAN_SERVICE: *******************************************
07-23 11:43:46.011  4411  4413 D dalvikvm: GC_CONCURRENT freed 544K, 13% free 10669K/12231K, paused 2ms+3ms
07-23 11:43:46.086  3240  5541 D dalvikvm: GC_EXPLICIT freed 346K, 8% free 10142K/11015K, paused 1ms+2ms
07-23 11:43:46.160  3240  3242 D dalvikvm: GC_CONCURRENT freed 400K, 8% free 10205K/11015K, paused 2ms+2ms
07-23 11:44:46.078  3240  3242 D dalvikvm: GC_CONCURRENT freed 474K, 8% free 10238K/11015K, paused 2ms+2ms
07-23 11:45:46.082  4411  4413 D dalvikvm: GC_CONCURRENT freed 542K, 13% free 10676K/12231K, paused 2ms+3ms
07-23 11:45:46.195  3240  3242 D dalvikvm: GC_CONCURRENT freed 509K, 8% free 10232K/11015K, paused 1ms+2ms
07-23 11:46:46.199  3240  3242 D dalvikvm: GC_CONCURRENT freed 482K, 7% free 10247K/11015K, paused 2ms+3ms
07-23 11:46:53.300   347   347 D SAN_SERVICE: *******************************************
07-23 11:46:53.300   347   347 D SAN_SERVICE: DM App Phone Service State - 0
07-23 11:46:53.300   347   347 D SAN_SERVICE: *******************************************
07-23 11:46:59.363  5403  5404 D dalvikvm: GC_CONCURRENT freed 564K, 6% free 11352K/12039K, paused 10ms+3ms
07-23 11:47:46.144  4411  4413 D dalvikvm: GC_CONCURRENT freed 548K, 13% free 10678K/12231K, paused 1ms+3ms
07-23 11:47:46.300  3240  3242 D dalvikvm: GC_CONCURRENT freed 471K, 7% free 10269K/11015K, paused 1ms+7ms
07-23 11:47:46.535  3240  3242 D dalvikvm: GC_CONCURRENT freed 252K, 6% free 10419K/11015K, paused 2ms+2ms
07-23 11:47:46.668  3240  3247 I dalvikvm: Jit: resizing JitTable from 4096 to 8192
07-23 11:48:39.035  5524  5557 D GetStringObjTask: retrieving from url = http://www.chess.com/api/get_move_status?id=5HHjW9WUGa%2Bcu1LUwnVJPxTIWxmEve4VdkRnRyg7b5Ch69JH2Z5aB%2B7eGuFw8K2uFx47KFsdE3JRdR3Mzv0PkZOj6eZ8N73BvxmEERrzXjMNRo80rkLyJAUTh0iqof4n
07-23 11:48:39.289  5524  5557 D GetStringObjTask: WebRequest SERVER RESPONSE: Success+0
07-23 11:48:45.918   347   347 D SAN_SERVICE: *******************************************
07-23 11:48:45.918   347   347 D SAN_SERVICE: DM App Phone Service State - 0
07-23 11:48:45.918   347   347 D SAN_SERVICE: *******************************************
07-23 11:48:46.246  3240  3242 D dalvikvm: GC_CONCURRENT freed 668K, 7% free 10250K/11015K, paused 2ms+2ms
07-23 11:48:46.363   347   347 D SAN_SERVICE: *******************************************
07-23 11:48:46.363   347   347 D SAN_SERVICE: DM App Phone Service State - 0
07-23 11:48:46.363   347   347 D SAN_SERVICE: *******************************************
07-23 11:49:29.058   347   347 D SAN_SERVICE: *******************************************
07-23 11:49:29.058   347   347 D SAN_SERVICE: DM App Phone Service State - 0
07-23 11:49:29.058   347   347 D SAN_SERVICE: *******************************************
07-23 11:49:38.011   280   280 I wpa_supplicant: wlan0: CTRL-EVENT-DISCONNECTED bssid=00:1a:a2:dc:8c:11 reason=0
07-23 11:49:38.011 20622 20639 D CommandListener: Clearing all IP addresses on wlan0
07-23 11:49:38.027   144   200 D ConnectivityService: ConnectivityChange for WIFI: DISCONNECTED/DISCONNECTED
07-23 11:49:38.039   144   200 D ConnectivityService: Attempting to switch to mobile
07-23 11:49:38.039   144   200 D ConnectivityService: Attempting to switch to WIMAX
07-23 11:49:38.039   144   200 D ConnectivityService: Attempting to switch to BLUETOOTH_TETHER
07-23 11:49:38.043   144   200 E ConnectivityService: Exception trying to remove a route: java.lang.IllegalStateException: Unable to communicate with native dameon to add routes - com.android.server.NativeDaemonConnectorException: Cmd {interface route remove wlan0 default 67.20.213.254 32 0.0.0.0} failed with code 400 : {Failed to remove route from default table (No such process)}
07-23 11:49:38.046   144   200 E ConnectivityService: Exception trying to remove a route: java.lang.IllegalStateException: Unable to communicate with native dameon to add routes - com.android.server.NativeDaemonConnectorException: Cmd {interface route remove wlan0 default 0.0.0.0 0 67.20.213.254} failed with code 400 : {Failed to remove route from default table (No such process)}
07-23 11:49:38.050   144   200 D ConnectivityService: resetConnections(wlan0, 3)
07-23 11:49:38.054   144   200 D NetUtils: android_net_utils_resetConnections in env=0x1f323c8 clazz=0xdf800001 iface=wlan0 mask=0x3
07-23 11:49:38.187  1857  5514 W Smack/Packet: notify conn break (IOEx), close connection
07-23 11:49:38.339  1857  5514 I qtaguid : Failed write_ctrl(u 82) res=-1 errno=22
07-23 11:49:38.339  1857  5514 I qtaguid : Untagging socket 82 failed errno=-22
07-23 11:49:38.339  1857  5514 W NetworkManagementSocketTagger: untagSocket(82) failed with errno -22
07-23 11:49:38.359   144   200 D ConnectivityService: handleInetConditionChange: no active default network - ignore
07-23 11:49:38.593   280   280 I wpa_supplicant: wlan0: Trying to associate with 00:22:be:93:01:11 (SSID='UB_Secure' freq=2437 MHz)
07-23 11:49:38.757   280   280 I wpa_supplicant: wlan0: Associated with 00:22:be:93:01:11
07-23 11:49:38.761   280   280 I wpa_supplicant: wlan0: CTRL-EVENT-EAP-STARTED EAP authentication started
07-23 11:49:38.765   280   280 I wpa_supplicant: wlan0: CTRL-EVENT-EAP-PROPOSED-METHOD vendor=0 method=4 -> NAK
07-23 11:49:38.769   280   280 I wpa_supplicant: wlan0: CTRL-EVENT-EAP-PROPOSED-METHOD vendor=0 method=25
07-23 11:49:38.769   280   280 I wpa_supplicant: wlan0: CTRL-EVENT-EAP-METHOD EAP vendor 0 method 25 (PEAP) selected
07-23 11:49:38.824   280   280 I wpa_supplicant: wlan0: CTRL-EVENT-EAP-PEER-CERT depth=2 subject='/C=US/O=Entrust.net/OU=www.entrust.net/CPS incorp. by ref. (limits liab.)/OU=(c) 1999 Entrust.net Limited/CN=Entrust.net Secure Server Certification Authority'
07-23 11:49:38.824   280   280 I wpa_supplicant: wlan0: CTRL-EVENT-EAP-PEER-CERT depth=2 subject='/C=US/O=Entrust.net/OU=www.entrust.net/CPS incorp. by ref. (limits liab.)/OU=(c) 1999 Entrust.net Limited/CN=Entrust.net Secure Server Certification Authority'
07-23 11:49:38.824   280   280 I wpa_supplicant: wlan0: CTRL-EVENT-EAP-PEER-CERT depth=1 subject='/C=US/ST=UT/L=Salt Lake City/O=The USERTRUST Network/CN=USERTrust Legacy Secure Server CA'
07-23 11:49:38.828   280   280 I wpa_supplicant: wlan0: CTRL-EVENT-EAP-PEER-CERT depth=0 subject='/C=US/postalCode=14260/ST=New York/L=Buffalo/street=305 Computing Center/O=SUNY AT BUFFALO/OU=Office of the President/OU=Issued through UNIVERSITY AT BUFFALO E-PKI Manager/OU=PremiumSSL Legacy/CN=ubsecure.acsu.buffalo.edu'
07-23 11:49:38.976   280   280 I wpa_supplicant: EAP-MSCHAPV2: Authentication succeeded
07-23 11:49:38.984   280   280 I wpa_supplicant: EAP-TLV: TLV Result - Success - EAP-TLV/Phase2 Completed
07-23 11:49:38.988   280   280 I wpa_supplicant: wlan0: CTRL-EVENT-EAP-SUCCESS EAP authentication completed successfully
07-23 11:49:39.023   280   280 I wpa_supplicant: wlan0: WPA: Key negotiation completed with 00:22:be:93:01:11 [PTK=CCMP GTK=TKIP]
07-23 11:49:39.023   280   280 I wpa_supplicant: wlan0: CTRL-EVENT-CONNECTED - Connection to 00:22:be:93:01:11 completed (reauth) [id=0 id_str=]
07-23 11:49:39.078  1857  1858 D dalvikvm: GC_CONCURRENT freed 402K, 6% free 10443K/11079K, paused 26ms+7ms
07-23 11:49:39.629   144   200 D ConnectivityService: ConnectivityChange for WIFI: CONNECTED/CONNECTED
07-23 11:49:39.660  4147  4147 I PhoneLab-WiFiReceiver: Wi-Fi is connected!
07-23 11:49:39.660  4147  4147 I PhoneLab-WiFiReceiver: SSID: UB_Secure BSSID: 00:22:be:93:01:11 RSSI: -200 LinkSpeed: -1
07-23 11:49:39.660  4147  4147 I PhoneLab-Locks: wake lock acquired
07-23 11:49:39.664  4147  4147 I PhoneLab-UploadLogs: Transfering log files now
07-23 11:49:39.664  4147  4147 I PhoneLab-UploadLogs: No log files to transfer
07-23 11:49:39.664  4147  4147 I PhoneLab-Locks: wake lock released
07-23 11:49:39.668  4147  4147 I PhoneLab-UploadLogs: OnStartCommand
07-23 11:49:39.691   144   195 W NetworkStats: dropping UID delta from unknown iface: iface=wlan0 uid=0 set=DEFAULT tag=0x0 rxBytes=0 rxPackets=0 txBytes=76 txPackets=1 operations=0
07-23 11:49:39.832   144   147 D dalvikvm: GC_CONCURRENT freed 1797K, 21% free 19285K/24263K, paused 3ms+9ms
07-23 11:49:40.632   144   200 D ConnectivityService: NetTransition Wakelock for WifiStateMachine released by timeout
07-23 11:49:41.105   144   204 D Tethering: MasterInitialState.processMessage what=3
07-23 11:49:41.148  1857  1857 I GTalkService/c: [AndroidEndpoint@1094096144] connect: acct=1000000, state=CONNECTING
07-23 11:49:41.152  1857  1857 I GTalkService/c: [GTalkConnection@1094320320] connect: acct=1, state=CONNECTING
07-23 11:49:41.179  4346  4346 I MediaUploader: No need to wake up
07-23 11:49:41.183  4147  4147 I PhoneLab-WiFiReceiver: Wi-Fi is disconnected!
07-23 11:49:41.234  4424  4424 W ContextScopeImpl: thread=1 tried to enter the scope of the application context. Ignored.
07-23 11:49:41.273  4370  4373 D dalvikvm: GC_CONCURRENT freed 392K, 5% free 10491K/11015K, paused 16ms+3ms
07-23 11:49:41.277  4088  4369 D PicasaSyncManager: active network: NetworkInfo: type: WIFI[], state: CONNECTED/CONNECTED, reason: (unspecified), extra: (none), roaming: false, failover: false, isAvailable: true
07-23 11:49:41.285  4088  4369 D PicasaSyncManager: background data: true
07-23 11:49:41.398   144   524 D dalvikvm: GC_EXPLICIT freed 299K, 22% free 19137K/24263K, paused 3ms+10ms
07-23 11:49:41.871   347   347 D SAN_SERVICE: *******************************************
07-23 11:49:41.871   347   347 D SAN_SERVICE: DM App Phone Service State - 0
07-23 11:49:41.871   347   347 D SAN_SERVICE: *******************************************
07-23 11:49:42.109   347   347 D SAN_SERVICE: *******************************************
07-23 11:49:42.109   347   347 D SAN_SERVICE: DM App Phone Service State - 0
07-23 11:49:42.109   347   347 D SAN_SERVICE: *******************************************
07-23 11:49:42.328   347   347 D SAN_SERVICE: *******************************************
07-23 11:49:42.328   347   347 D SAN_SERVICE: DM App Phone Service State - 0
07-23 11:49:42.328   347   347 D SAN_SERVICE: *******************************************
07-23 11:49:42.406   144   200 D ConnectivityService: handleInetConditionHoldEnd: net=1, condition=100, published condition=0
07-23 11:49:42.687   144   204 D Tethering: MasterInitialState.processMessage what=3
07-23 11:49:42.804  1844  1847 D dalvikvm: GC_CONCURRENT freed 185K, 3% free 10952K/11271K, paused 14ms+4ms
07-23 11:49:42.820  1857  1858 D dalvikvm: GC_CONCURRENT freed 374K, 6% free 10496K/11079K, paused 56ms+3ms
07-23 11:49:42.879  4346  4346 I MediaUploader: No need to wake up
07-23 11:49:42.957  4088  4369 D PicasaSyncManager: active network: NetworkInfo: type: WIFI[], state: CONNECTED/CONNECTED, reason: (unspecified), extra: (none), roaming: false, failover: false, isAvailable: true
07-23 11:49:42.968  4088  4369 D PicasaSyncManager: background data: true
07-23 11:49:42.984  4424  4424 W ContextScopeImpl: thread=1 tried to enter the scope of the application context. Ignored.
07-23 11:49:43.027  3240  3242 D dalvikvm: GC_CONCURRENT freed 444K, 8% free 10191K/11015K, paused 2ms+2ms
07-23 11:49:43.320   144   200 D ConnectivityService: handleInetConditionHoldEnd: net=1, condition=100, published condition=100
07-23 11:49:44.074   144   200 D ConnectivityService: ConnectivityChange for mobile: CONNECTED/CONNECTED
07-23 11:49:44.101   144   200 D NetUtils: android_net_utils_resetConnections in env=0x1f323c8 clazz=0xf6700001 iface=rmnet0 mask=0x3
07-23 11:49:44.101   144   200 D ConnectivityService: ConnectivityChange for mobile: DISCONNECTED/DISCONNECTED
07-23 11:49:44.101   144   200 D ConnectivityService: Attempting to switch to WIFI
07-23 11:49:44.101   144   200 D ConnectivityService: Attempting to switch to WIMAX
07-23 11:49:44.101   144   200 D ConnectivityService: Attempting to switch to BLUETOOTH_TETHER
07-23 11:49:44.101   144   200 D ConnectivityService: resetConnections(rmnet0, 3)
07-23 11:49:45.007  4411  4413 D dalvikvm: GC_CONCURRENT freed 550K, 13% free 10681K/12231K, paused 1ms+2ms
07-23 11:49:45.144  3240  3242 D dalvikvm: GC_CONCURRENT freed 370K, 7% free 10331K/11015K, paused 1ms+3ms
07-23 11:49:48.558   144   204 D Tethering: MasterInitialState.processMessage what=3
07-23 11:49:48.613   144   204 D Tethering: MasterInitialState.processMessage what=3
07-23 11:49:48.644  4346  4346 I MediaUploader: No need to wake up
07-23 11:49:48.699  4424  4424 W ContextScopeImpl: thread=1 tried to enter the scope of the application context. Ignored.
07-23 11:49:48.730  4346  4346 I MediaUploader: No need to wake up
07-23 11:49:48.785  4424  4424 W ContextScopeImpl: thread=1 tried to enter the scope of the application context. Ignored.
07-23 11:49:48.812  4088  4369 D PicasaSyncManager: active network: NetworkInfo: type: WIFI[], state: CONNECTED/CONNECTED, reason: (unspecified), extra: (none), roaming: false, failover: false, isAvailable: true
07-23 11:49:48.812  4088  4369 D PicasaSyncManager: background data: true
07-23 11:49:49.195   144   200 D ConnectivityService: handleInetConditionHoldEnd: net=1, condition=100, published condition=100
07-23 11:49:49.207  4147  4160 I PhoneLab-: Service Running
07-23 11:49:49.242  4147  4160 I PhoneLab-LoggerService: app_37    1303  1     1440   988   c00f181c 400107b4 S logcat
07-23 11:49:49.242  4147  4160 I PhoneLab-LoggerService: Logcat pid from database 1303
07-23 11:49:49.242  4147  4160 I PhoneLab-LoggerService: Logcat process found 1303
07-23 11:49:49.242  4147  4160 I PhoneLab-LoggerService: Checking Threshold
07-23 11:49:49.242  4147  4160 I PhoneLab-: Service Running
07-23 11:49:49.269  4147  4160 I PhoneLab-LoggerService: app_37    1303  1     1440   988   c00f181c 400107b4 S logcat
07-23 11:49:49.269  4147  4160 I PhoneLab-LoggerService: Logcat pid from database 1303
07-23 11:49:49.269  4147  4160 I PhoneLab-LoggerService: Logcat process found 1303
07-23 11:49:49.269  4147  4160 I PhoneLab-LoggerService: Checking Threshold
07-23 11:49:49.269  4147  4160 I PhoneLab-: Service Running
07-23 11:49:49.304  4147  4160 I PhoneLab-LoggerService: app_37    1303  1     1440   988   c00f181c 400107b4 S logcat
07-23 11:49:49.304  4147  4160 I PhoneLab-LoggerService: Logcat pid from database 1303
07-23 11:49:49.304  4147  4160 I PhoneLab-LoggerService: Logcat process found 1303
07-23 11:49:49.304  4147  4160 I PhoneLab-LoggerService: Checking Threshold
07-23 11:49:49.320  4147  4149 D dalvikvm: GC_CONCURRENT freed 387K, 14% free 9146K/10631K, paused 1ms+2ms
07-23 11:49:55.043   280   280 I wpa_supplicant: wlan0: CTRL-EVENT-DISCONNECTED bssid=00:22:be:93:01:11 reason=0
07-23 11:49:55.043 20622 20639 D CommandListener: Clearing all IP addresses on wlan0
07-23 11:49:55.058   144   200 D ConnectivityService: ConnectivityChange for WIFI: DISCONNECTED/DISCONNECTED
07-23 11:49:55.062   144   200 D ConnectivityService: Attempting to switch to mobile
07-23 11:49:55.062   144   200 D ConnectivityService: Attempting to switch to WIMAX
07-23 11:49:55.062   144   200 D ConnectivityService: Attempting to switch to BLUETOOTH_TETHER
07-23 11:49:55.070   144   200 E ConnectivityService: Exception trying to remove a route: java.lang.IllegalStateException: Unable to communicate with native dameon to add routes - com.android.server.NativeDaemonConnectorException: Cmd {interface route remove wlan0 default 67.20.213.254 32 0.0.0.0} failed with code 400 : {Failed to remove route from default table (No such process)}
07-23 11:49:55.070   144   200 E ConnectivityService: Exception trying to remove a route: java.lang.IllegalStateException: Unable to communicate with native dameon to add routes - com.android.server.NativeDaemonConnectorException: Cmd {interface route remove wlan0 default 0.0.0.0 0 67.20.213.254} failed with code 400 : {Failed to remove route from default table (No such process)}
07-23 11:49:55.082   144   200 D NetUtils: android_net_utils_resetConnections in env=0x1f323c8 clazz=0x2c00001 iface=wlan0 mask=0x3
07-23 11:49:55.082   144   200 D ConnectivityService: resetConnections(wlan0, 3)
07-23 11:49:55.175  1857  5592 W Smack/Packet: notify conn break (IOEx), close connection
07-23 11:49:55.297   144   147 D dalvikvm: GC_CONCURRENT freed 1941K, 21% free 19219K/24263K, paused 3ms+8ms
07-23 11:49:55.328  1857  5592 I qtaguid : Failed write_ctrl(u 82) res=-1 errno=22
07-23 11:49:55.328  1857  5592 I qtaguid : Untagging socket 82 failed errno=-22
07-23 11:49:55.328  1857  5592 W NetworkManagementSocketTagger: untagSocket(82) failed with errno -22
07-23 11:49:55.332   144   200 D ConnectivityService: handleInetConditionChange: no active default network - ignore
07-23 11:49:55.504  4281  4292 D dalvikvm: GC_EXPLICIT freed 275K, 7% free 9927K/10567K, paused 13ms+3ms
07-23 11:49:55.625   280   280 I wpa_supplicant: wlan0: Trying to associate with 00:13:80:94:4a:a1 (SSID='UB_Secure' freq=2437 MHz)
07-23 11:49:58.125   144   204 D Tethering: MasterInitialState.processMessage what=3
07-23 11:49:58.203  4346  4346 I MediaUploader: No need to wake up
07-23 11:49:58.207  4147  4147 I PhoneLab-WiFiReceiver: Wi-Fi is disconnected!
07-23 11:49:58.250  4088  4369 D PicasaSyncManager: active network: null
07-23 11:49:58.250  4088  4369 D PicasaSyncManager: background data: true
07-23 11:50:01.613   144   200 D ConnectivityService: ConnectivityChange for mobile: CONNECTED/CONNECTED
07-23 11:50:01.718   144   196 D NetworkPolicy: applying policy NetworkPolicy[NetworkTemplate: matchRule=MOBILE_ALL, subscriberId=valid]: cycleDay=20, warningBytes=2147483648, limitBytes=-1, lastSnooze=-1 to ifaces [rmnet0]
07-23 11:50:02.617   144   200 D ConnectivityService: NetTransition Wakelock for WifiStateMachine released by timeout
07-23 11:50:06.539   280   280 I wpa_supplicant: wlan0: Authentication with 00:13:80:94:4a:a1 timed out.
07-23 11:50:06.625   144   204 D Tethering: MasterInitialState.processMessage what=3
07-23 11:50:06.664  1857  1857 I GTalkService/c: [AndroidEndpoint@1094096144] connect: acct=1000000, state=CONNECTING
07-23 11:50:06.668  1857  1857 I GTalkService/c: [GTalkConnection@1094320320] connect: acct=1, state=CONNECTING
07-23 11:50:06.699  4346  4346 I MediaUploader: No need to wake up
07-23 11:50:06.754  4424  4424 W ContextScopeImpl: thread=1 tried to enter the scope of the application context. Ignored.
07-23 11:50:06.777  4088  4369 D PicasaSyncManager: active network: NetworkInfo: type: mobile[CDMA - EvDo rev. A], state: CONNECTED/CONNECTED, reason: (unspecified), extra: , roaming: false, failover: true, isAvailable: true
07-23 11:50:06.781  4088  4369 D PicasaSyncManager: background data: true
07-23 11:50:06.894   144   144 D dalvikvm: GC_EXPLICIT freed 971K, 22% free 19161K/24263K, paused 3ms+8ms
07-23 11:50:06.945  1857  1858 D dalvikvm: GC_CONCURRENT freed 548K, 7% free 10419K/11143K, paused 2ms+3ms
07-23 11:50:07.019  4103  4105 D dalvikvm: GC_CONCURRENT freed 435K, 6% free 9361K/9927K, paused 4ms+3ms
07-23 11:50:08.554   144   200 D ConnectivityService: handleInetConditionHoldEnd: net=0, condition=100, published condition=0
07-23 11:50:09.203  1857  1858 D dalvikvm: GC_CONCURRENT freed 374K, 7% free 10471K/11143K, paused 3ms+4ms
07-23 11:50:10.671  4147  4160 I PhoneLab-: Service Running
07-23 11:50:10.738  4147  4160 I PhoneLab-LoggerService: app_37    1303  1     1440   988   c00f181c 400107b4 S logcat
07-23 11:50:10.742  4147  4160 I PhoneLab-LoggerService: Logcat pid from database 1303
07-23 11:50:10.742  4147  4160 I PhoneLab-LoggerService: Logcat process found 1303
07-23 11:50:10.742  4147  4160 I PhoneLab-LoggerService: Checking Threshold
07-23 11:50:46.105  4411  4413 D dalvikvm: GC_CONCURRENT freed 529K, 13% free 10704K/12231K, paused 2ms+5ms
07-23 11:50:46.238  3240  3242 D dalvikvm: GC_CONCURRENT freed 551K, 7% free 10299K/11015K, paused 1ms+3ms
07-23 11:50:46.398  3240  3242 D dalvikvm: GC_CONCURRENT freed 498K, 8% free 10232K/11015K, paused 5ms+3ms
07-23 11:50:47.539   280   280 I wpa_supplicant: wlan0: Trying to associate with e8:40:40:78:8f:11 (SSID='UB_Secure' freq=2412 MHz)
07-23 11:51:00.886   280   280 I wpa_supplicant: wlan0: Authentication with e8:40:40:78:8f:11 timed out.
07-23 11:51:45.160  3240  3242 D dalvikvm: GC_CONCURRENT freed 410K, 7% free 10333K/11015K, paused 1ms+2ms
07-23 11:51:45.796   220   222 D dalvikvm: GC_CONCURRENT freed 252K, 26% free 10564K/14215K, paused 2ms+3ms
07-23 11:51:45.918   220   222 D dalvikvm: GC_CONCURRENT freed 568K, 27% free 10434K/14215K, paused 2ms+2ms
07-23 11:52:21.090   220   222 D dalvikvm: GC_CONCURRENT freed 445K, 27% free 10478K/14215K, paused 1ms+3ms
07-23 11:52:21.152   220   222 D dalvikvm: GC_CONCURRENT freed 500K, 27% free 10424K/14215K, paused 1ms+2ms
07-23 11:52:21.211   347   347 D SAN_SERVICE: *******************************************
07-23 11:52:21.211   347   347 D SAN_SERVICE: DM App Phone Service State - 0
07-23 11:52:21.211   347   347 D SAN_SERVICE: *******************************************
07-23 11:52:21.730   347   347 D SAN_SERVICE: *******************************************
07-23 11:52:21.730   347   347 D SAN_SERVICE: DM App Phone Service State - 0
07-23 11:52:21.730   347   347 D SAN_SERVICE: *******************************************
07-23 11:52:45.168  1857  1868 D dalvikvm: GC_EXPLICIT freed 131K, 7% free 10410K/11143K, paused 2ms+3ms
07-23 11:52:45.234  4411  4413 D dalvikvm: GC_CONCURRENT freed 574K, 13% free 10691K/12231K, paused 2ms+3ms
07-23 11:52:45.261  3240  3242 D dalvikvm: GC_CONCURRENT freed 487K, 7% free 10291K/11015K, paused 2ms+2ms
07-23 11:53:44.066   220   222 D dalvikvm: GC_CONCURRENT freed 546K, 28% free 10263K/14215K, paused 2ms+2ms
07-23 11:53:44.074  5524  5641 D GetStringObjTask: retrieving from url = http://www.chess.com/api/get_move_status?id=5HHjW9WUGa%2Bcu1LUwnVJPxTIWxmEve4VdkRnRyg7b5Ch69JH2Z5aB%2B7eGuFw8K2uFx47KFsdE3JRdR3Mzv0PkZOj6eZ8N73BvxmEERrzXjMNRo80rkLyJAUTh0iqof4n
07-23 11:53:44.121   347   347 D SAN_SERVICE: *******************************************
07-23 11:53:44.121   347   347 D SAN_SERVICE: DM App Phone Service State - 0
07-23 11:53:44.121   347   347 D SAN_SERVICE: *******************************************
07-23 11:53:44.218   347   350 D dalvikvm: GC_CONCURRENT freed 888K, 13% free 12073K/13767K, paused 11ms+7ms
07-23 11:53:44.902   347   347 D SAN_SERVICE: *******************************************
07-23 11:53:44.902   347   347 D SAN_SERVICE: DM App Phone Service State - 0
07-23 11:53:44.902   347   347 D SAN_SERVICE: *******************************************
07-23 11:53:44.914  5524  5641 D GetStringObjTask: WebRequest SERVER RESPONSE: Success+0
07-23 11:53:45.691  3240  3242 D dalvikvm: GC_CONCURRENT freed 528K, 7% free 10257K/11015K, paused 2ms+3ms
07-23 11:53:45.793  3240  3242 D dalvikvm: GC_CONCURRENT freed 455K, 8% free 10217K/11015K, paused 2ms+2ms
07-23 11:54:46.004  4411  4413 D dalvikvm: GC_CONCURRENT freed 528K, 13% free 10674K/12231K, paused 1ms+5ms
07-23 11:54:46.062  3240  3242 D dalvikvm: GC_CONCURRENT freed 428K, 7% free 10301K/11015K, paused 2ms+2ms
07-23 11:54:51.261   347   347 D SAN_SERVICE: *******************************************
07-23 11:54:51.261   347   347 D SAN_SERVICE: DM App Phone Service State - 0
07-23 11:54:51.261   347   347 D SAN_SERVICE: *******************************************
07-23 11:54:51.562   347   347 D SAN_SERVICE: *******************************************
07-23 11:54:51.562   347   347 D SAN_SERVICE: DM App Phone Service State - 0
07-23 11:54:51.562   347   347 D SAN_SERVICE: *******************************************
07-23 11:55:33.019   144   173 I ActivityManager: Start proc com.google.android.gm for service com.google.android.gm/.provider.MailIndexerService: pid=5647 uid=10075 gids={3003, 1015}
07-23 11:55:33.129   144   161 I ActivityManager: Start proc com.facebook.orca for broadcast com.facebook.orca/.analytics.HoneyAnalyticsPeriodicReporter$ReporterBroadcastReceiver: pid=5660 uid=10062 gids={3003, 1015, 1006}
07-23 11:55:33.152  5660  5660 I dalvikvm: Turning on JNI app bug workarounds for target SDK version 10...
07-23 11:55:33.254  5647  5647 I ActivityThread: Pub gmail-ls: com.google.android.gm.provider.MailProvider
07-23 11:55:33.390  5647  5647 I ActivityThread: Pub com.google.android.gm: com.google.android.gm.provider.PublicContentProvider
07-23 11:55:33.402  5647  5647 I ActivityThread: Pub com.google.android.gmail.SuggestionProvider: com.google.android.gm.SuggestionsProvider
07-23 11:55:33.480  5660  5660 I ActivityThread: Pub com.facebook.orca.notify.MessengerLoggedInUserProvider: com.facebook.orca.notify.MessengerLoggedInUserProvider
07-23 11:55:33.488  5660  5660 I ActivityThread: Pub com.facebook.orca.notify.MessengerForegroundProvider: com.facebook.orca.notify.MessengerForegroundProvider
07-23 11:55:33.496  5660  5660 V orca:OrcaApplication: Forcing initialization of AsyncTask
07-23 11:55:33.648  5660  5662 D dalvikvm: GC_CONCURRENT freed 212K, 4% free 9307K/9607K, paused 4ms+4ms
07-23 11:55:33.683  5660  5660 I Finalizer: Couldn't access Thread.inheritableThreadLocals. Reference finalizer threads will inherit thread local values.
07-23 11:55:33.984  5660  5662 D dalvikvm: GC_CONCURRENT freed 388K, 5% free 9468K/9927K, paused 2ms+2ms
07-23 11:55:34.062  5660  5660 W OrcaGuiceModule: Sig: ijxLJi1yGs1JpL-X1SExmchvork
07-23 11:55:34.074  5647  5649 D dalvikvm: GC_CONCURRENT freed 202K, 4% free 9270K/9607K, paused 2ms+2ms
07-23 11:55:34.179  5660  5662 D dalvikvm: GC_CONCURRENT freed 289K, 4% free 9668K/10055K, paused 1ms+2ms
07-23 11:55:34.488  5660  5680 W Resources: Converting to string: TypedValue{t=0x10/d=0xffffffff a=-1}
07-23 11:55:34.539  5647  5676 I Gmail   : calculateUnknownSyncRationalesAndPurgeInBackground: queueing
07-23 11:55:34.590  5647  5676 I Gmail   : calculateUnknownSyncRationalesAndPurgeInBackground: queueing
07-23 11:55:34.636  5660  5662 D dalvikvm: GC_CONCURRENT freed 350K, 5% free 9889K/10311K, paused 2ms+2ms
07-23 11:55:34.765  5660  5662 D dalvikvm: GC_CONCURRENT freed 244K, 4% free 10063K/10439K, paused 5ms+2ms
07-23 11:55:34.808  5660  5680 D dalvikvm: GC_FOR_ALLOC freed 245K, 6% free 10145K/10695K, paused 37ms
07-23 11:55:34.882  5660  5680 D dalvikvm: GC_FOR_ALLOC freed 242K, 5% free 10227K/10759K, paused 47ms
07-23 11:55:34.890  5660  5660 D ACRA    : Retrieve application default SharedPreferences.
07-23 11:55:34.890  5660  5660 D ACRA    : Set OnSharedPreferenceChangeListener.
07-23 11:55:34.890  5660  5660 D ACRA    : ACRA is enabled for com.facebook.orca, intializing...
07-23 11:55:34.933  5660  5680 D dalvikvm: GC_FOR_ALLOC freed 79K, 5% free 10319K/10759K, paused 40ms
07-23 11:55:34.941  5660  5660 D ACRA    : Looking for error files in /data/data/com.facebook.orca/app_acra-reports
07-23 11:55:34.945  5647  5676 I Gmail   : calculateUnknownSyncRationalesAndPurgeInBackground: running
07-23 11:55:35.086  5647  5676 I Gmail   : calculateUnknownSyncRationalesAndPurgeInBackground: running
07-23 11:55:44.070  5660  5662 D dalvikvm: GC_CONCURRENT freed 403K, 5% free 10477K/10951K, paused 2ms+2ms
07-23 11:55:44.234  5660  5662 D dalvikvm: GC_CONCURRENT freed 205K, 3% free 10802K/11079K, paused 5ms+4ms
07-23 11:55:44.382  5660  5662 D dalvikvm: GC_CONCURRENT freed 328K, 4% free 11128K/11527K, paused 2ms+3ms
07-23 11:55:45.441   144   335 D dalvikvm: GC_EXPLICIT freed 1632K, 21% free 19222K/24263K, paused 34ms+10ms
07-23 11:55:45.781   347   347 D SAN_SERVICE: *******************************************
07-23 11:55:45.781   347   347 D SAN_SERVICE: DM App Phone Service State - 0
07-23 11:55:45.781   347   347 D SAN_SERVICE: *******************************************
07-23 11:55:46.183  3240  3242 D dalvikvm: GC_CONCURRENT freed 516K, 7% free 10279K/11015K, paused 1ms+3ms
07-23 11:55:47.316  5660  5662 D dalvikvm: GC_CONCURRENT freed 572K, 6% free 11249K/11911K, paused 7ms+3ms
07-23 11:55:51.039   347   347 D SAN_SERVICE: *******************************************
07-23 11:55:51.039   347   347 D SAN_SERVICE: DM App Phone Service State - 0
07-23 11:55:51.039   347   347 D SAN_SERVICE: *******************************************
07-23 11:55:51.773   347   347 D SAN_SERVICE: *******************************************
07-23 11:55:51.773   347   347 D SAN_SERVICE: DM App Phone Service State - 0
07-23 11:55:51.773   347   347 D SAN_SERVICE: *******************************************
07-23 11:56:46.257  4411  4413 D dalvikvm: GC_CONCURRENT freed 512K, 13% free 10680K/12231K, paused 2ms+6ms
07-23 11:56:46.312  5660  5689 W orca:OrcaServiceQueue: Exception during service
07-23 11:56:46.312  5660  5689 W orca:OrcaServiceQueue: org.apache.http.client.HttpResponseException: Error parsing server response
07-23 11:56:46.312  5660  5689 W orca:OrcaServiceQueue: Got EOF while waiting for outstanding responses
07-23 11:56:46.312  5660  5689 W orca:OrcaServiceQueue: 	at com.facebook.orca.protocol.base.JsonResponseHandler.a(JsonResponseHandler.java:40)
07-23 11:56:46.312  5660  5689 W orca:OrcaServiceQueue: 	at com.facebook.orca.protocol.base.JsonResponseHandler.handleResponse(JsonResponseHandler.java:21)
07-23 11:56:46.312  5660  5689 W orca:OrcaServiceQueue: 	at com.facebook.orca.common.http.OrcaHttpRequestProcessor.a(OrcaHttpRequestProcessor.java:182)
07-23 11:56:46.312  5660  5689 W orca:OrcaServiceQueue: 	at com.facebook.orca.common.http.OrcaHttpRequestProcessor.a(OrcaHttpRequestProcessor.java:101)
07-23 11:56:46.312  5660  5689 W orca:OrcaServiceQueue: 	at com.facebook.orca.protocol.base.SingleMethodRunner.a(SingleMethodRunner.java:147)
07-23 11:56:46.312  5660  5689 W orca:OrcaServiceQueue: 	at com.facebook.orca.protocol.base.SingleMethodRunner.a(SingleMethodRunner.java:84)
07-23 11:56:46.312  5660  5689 W orca:OrcaServiceQueue: 	at com.facebook.orca.protocol.WebServiceHandler.y(WebServiceHandler.java:545)
07-23 11:56:46.312  5660  5689 W orca:OrcaServiceQueue: 	at com.facebook.orca.server.AbstractOrcaServiceHandlerFilter.F(AbstractOrcaServiceHandlerFilter.java:46)
07-23 11:56:46.312  5660  5689 W orca:OrcaServiceQueue: 	at com.facebook.orca.server.FilterChainLink.a(FilterChainLink.java:17)
07-23 11:56:46.312  5660  5689 W orca:OrcaServiceQueue: 	at com.facebook.orca.server.OrcaServiceQueue.d(OrcaServiceQueue.java:202)
07-23 11:56:46.312  5660  5689 W orca:OrcaServiceQueue: 	at com.facebook.orca.server.OrcaServiceQueue.d(OrcaServiceQueue.java:33)
07-23 11:56:46.312  5660  5689 W orca:OrcaServiceQueue: 	at com.facebook.orca.server.OrcaServiceQueue$3.run(OrcaServiceQueue.java:162)
07-23 11:56:46.312  5660  5689 W orca:OrcaServiceQueue: 	at android.os.Handler.handleCallback(Handler.java:605)
07-23 11:56:46.312  5660  5689 W orca:OrcaServiceQueue: 	at android.os.Handler.dispatchMessage(Handler.java:92)
07-23 11:56:46.312  5660  5689 W orca:OrcaServiceQueue: 	at android.os.Looper.loop(Looper.java:137)
07-23 11:56:46.312  5660  5689 W orca:OrcaServiceQueue: 	at android.os.HandlerThread.run(HandlerThread.java:60)
07-23 11:56:46.355  3240  3242 D dalvikvm: GC_CONCURRENT freed 485K, 7% free 10304K/11015K, paused 11ms+3ms
07-23 11:56:47.312   347   347 D SAN_SERVICE: *******************************************
07-23 11:56:47.312   347   347 D SAN_SERVICE: DM App Phone Service State - 0
07-23 11:56:47.316   347   347 D SAN_SERVICE: *******************************************
07-23 11:56:47.757   347   347 D SAN_SERVICE: *******************************************
07-23 11:56:47.757   347   347 D SAN_SERVICE: DM App Phone Service State - 0
07-23 11:56:47.757   347   347 D SAN_SERVICE: *******************************************
07-23 11:57:04.769  5403  5404 D dalvikvm: GC_CONCURRENT freed 692K, 7% free 11360K/12167K, paused 2ms+2ms
07-23 11:57:11.011   280   280 I wpa_supplicant: wlan0: Trying to associate with 00:1a:a2:dc:8c:11 (SSID='UB_Secure' freq=2462 MHz)
07-23 11:57:45.558   280   280 I wpa_supplicant: wlan0: Authentication with 00:1a:a2:dc:8c:11 timed out.
07-23 11:57:45.742  3240  3242 D dalvikvm: GC_CONCURRENT freed 519K, 7% free 10287K/11015K, paused 1ms+2ms
07-23 11:57:48.257   280   280 I wpa_supplicant: wlan0: Trying to associate with 00:13:80:94:4a:a1 (SSID='UB_Secure' freq=2437 MHz)
07-23 11:57:48.421   280   280 I wpa_supplicant: wlan0: Associated with 00:13:80:94:4a:a1
07-23 11:57:48.437   280   280 I wpa_supplicant: wlan0: CTRL-EVENT-EAP-STARTED EAP authentication started
07-23 11:57:48.445   280   280 I wpa_supplicant: wlan0: CTRL-EVENT-EAP-PROPOSED-METHOD vendor=0 method=4 -> NAK
07-23 11:57:48.453   280   280 I wpa_supplicant: wlan0: CTRL-EVENT-EAP-PROPOSED-METHOD vendor=0 method=25
07-23 11:57:48.453   280   280 I wpa_supplicant: wlan0: CTRL-EVENT-EAP-METHOD EAP vendor 0 method 25 (PEAP) selected
07-23 11:57:48.515   280   280 I wpa_supplicant: wlan0: CTRL-EVENT-EAP-PEER-CERT depth=2 subject='/C=US/O=Entrust.net/OU=www.entrust.net/CPS incorp. by ref. (limits liab.)/OU=(c) 1999 Entrust.net Limited/CN=Entrust.net Secure Server Certification Authority'
07-23 11:57:48.515   280   280 I wpa_supplicant: wlan0: CTRL-EVENT-EAP-PEER-CERT depth=2 subject='/C=US/O=Entrust.net/OU=www.entrust.net/CPS incorp. by ref. (limits liab.)/OU=(c) 1999 Entrust.net Limited/CN=Entrust.net Secure Server Certification Authority'
07-23 11:57:48.515   280   280 I wpa_supplicant: wlan0: CTRL-EVENT-EAP-PEER-CERT depth=1 subject='/C=US/ST=UT/L=Salt Lake City/O=The USERTRUST Network/CN=USERTrust Legacy Secure Server CA'
07-23 11:57:48.519   280   280 I wpa_supplicant: wlan0: CTRL-EVENT-EAP-PEER-CERT depth=0 subject='/C=US/postalCode=14260/ST=New York/L=Buffalo/street=305 Computing Center/O=SUNY AT BUFFALO/OU=Office of the President/OU=Issued through UNIVERSITY AT BUFFALO E-PKI Manager/OU=PremiumSSL Legacy/CN=ubsecure.acsu.buffalo.edu'
07-23 11:57:48.668   280   280 I wpa_supplicant: EAP-MSCHAPV2: Authentication succeeded
07-23 11:57:48.675   280   280 I wpa_supplicant: EAP-TLV: TLV Result - Success - EAP-TLV/Phase2 Completed
07-23 11:57:48.695   280   280 I wpa_supplicant: wlan0: CTRL-EVENT-EAP-SUCCESS EAP authentication completed successfully
07-23 11:57:48.746 20622 20636 D NetlinkEvent: Unexpected netlink message. type=0xf
07-23 11:57:48.750   280   280 I wpa_supplicant: wlan0: WPA: Key negotiation completed with 00:13:80:94:4a:a1 [PTK=CCMP GTK=TKIP]
07-23 11:57:48.750   280   280 I wpa_supplicant: wlan0: CTRL-EVENT-CONNECTED - Connection to 00:13:80:94:4a:a1 completed (reauth) [id=0 id_str=]
07-23 11:57:54.242   144   200 D ConnectivityService: ConnectivityChange for WIFI: CONNECTED/CONNECTED
07-23 11:57:54.242   144   200 D ConnectivityService: Policy requires mobile teardown
07-23 11:57:54.324  4147  4147 I PhoneLab-WiFiReceiver: Wi-Fi is connected!
07-23 11:57:54.324  4147  4147 I PhoneLab-WiFiReceiver: SSID: UB_Secure BSSID: 00:13:80:94:4a:a1 RSSI: -200 LinkSpeed: -1
07-23 11:57:54.324  4147  4147 I PhoneLab-Locks: wake lock acquired
07-23 11:57:54.332  4147  4147 I PhoneLab-UploadLogs: Transfering log files now
07-23 11:57:54.336  4147  4147 I PhoneLab-UploadLogs: No log files to transfer
07-23 11:57:54.336  4147  4147 I PhoneLab-Locks: wake lock released
07-23 11:57:54.336  4147  4147 I PhoneLab-UploadLogs: OnStartCommand
07-23 11:57:54.351   144   200 D ConnectivityService: ConnectivityChange for mobile: DISCONNECTED/DISCONNECTED
07-23 11:57:54.363   144   200 D ConnectivityService: Attempting to switch to WIFI
07-23 11:57:54.379   144   195 W NetworkStats: dropping UID delta from unknown iface: iface=wlan0 uid=0 set=DEFAULT tag=0x0 rxBytes=128 rxPackets=3 txBytes=196 txPackets=3 operations=0
07-23 11:57:54.386   144   200 D ConnectivityService: Attempting to switch to WIMAX
07-23 11:57:54.406   144   200 D ConnectivityService: Attempting to switch to BLUETOOTH_TETHER
07-23 11:57:54.410   144   200 D NetUtils: android_net_utils_resetConnections in env=0x1f323c8 clazz=0x2dc00001 iface=rmnet0 mask=0x3
07-23 11:57:54.410   144   200 D ConnectivityService: resetConnections(rmnet0, 3)
07-23 11:57:54.605  1857  5623 W Smack/Packet: notify conn break (IOEx), close connection
07-23 11:57:54.754  1857  5623 I qtaguid : Failed write_ctrl(u 82) res=-1 errno=22
07-23 11:57:54.754  1857  5623 I qtaguid : Untagging socket 82 failed errno=-22
07-23 11:57:54.754  1857  5623 W NetworkManagementSocketTagger: untagSocket(82) failed with errno -22
07-23 11:57:54.765   144   200 D ConnectivityService: handleInetConditionChange: net=0 != default=1 - ignore
07-23 11:57:57.375   144   204 D Tethering: MasterInitialState.processMessage what=3
07-23 11:57:57.429  1857  1857 I GTalkService/c: [AndroidEndpoint@1094096144] connect: acct=1000000, state=CONNECTING
07-23 11:57:57.429   144   204 D Tethering: MasterInitialState.processMessage what=3
07-23 11:57:57.433  1857  1857 I GTalkService/c: [GTalkConnection@1094320320] connect: acct=1, state=CONNECTING
07-23 11:57:57.445   144   204 D Tethering: MasterInitialState.processMessage what=3
07-23 11:57:57.488  4346  4346 I MediaUploader: No need to wake up
07-23 11:57:57.554  4103  4103 D dalvikvm: GC_EXPLICIT freed 190K, 8% free 9185K/9927K, paused 6ms+9ms
07-23 11:57:57.562  4424  4424 W ContextScopeImpl: thread=1 tried to enter the scope of the application context. Ignored.
07-23 11:57:57.593  4346  4346 I MediaUploader: No need to wake up
07-23 11:57:57.640  4088  4369 D PicasaSyncManager: active network: NetworkInfo: type: WIFI[], state: CONNECTED/CONNECTED, reason: (unspecified), extra: (none), roaming: false, failover: false, isAvailable: true
07-23 11:57:57.648  4088  4369 D PicasaSyncManager: background data: true
07-23 11:57:57.679  4424  4424 W ContextScopeImpl: thread=1 tried to enter the scope of the application context. Ignored.
07-23 11:57:57.781   144   147 D dalvikvm: GC_CONCURRENT freed 1933K, 21% free 19237K/24263K, paused 3ms+8ms
07-23 11:57:57.859  4346  4346 I MediaUploader: No need to wake up
07-23 11:57:57.914  4424  4424 W ContextScopeImpl: thread=1 tried to enter the scope of the application context. Ignored.
07-23 11:57:57.964  4088  4369 D PicasaSyncManager: active network: NetworkInfo: type: WIFI[], state: CONNECTED/CONNECTED, reason: (unspecified), extra: (none), roaming: false, failover: false, isAvailable: true
07-23 11:57:57.964  4088  4369 D PicasaSyncManager: background data: true
07-23 11:58:08.156  1857  1858 D dalvikvm: GC_CONCURRENT freed 376K, 7% free 10420K/11143K, paused 2ms+3ms
07-23 11:58:10.117   144   200 D ConnectivityService: handleInetConditionHoldEnd: net=1, condition=100, published condition=0
07-23 11:58:16.461  4147  4160 I PhoneLab-: Service Running
07-23 11:58:16.570  4147  4160 I PhoneLab-LoggerService: app_37    1303  1     1440   988   c00f181c 400107b4 S logcat
07-23 11:58:16.570  4147  4160 I PhoneLab-LoggerService: Logcat pid from database 1303
07-23 11:58:16.570  4147  4160 I PhoneLab-LoggerService: Logcat process found 1303
07-23 11:58:16.570  4147  4160 I PhoneLab-LoggerService: Checking Threshold
07-23 11:58:16.570  4147  4160 I PhoneLab-: Service Running
07-23 11:58:16.605  4147  4160 I PhoneLab-LoggerService: app_37    1303  1     1440   988   c00f181c 400107b4 S logcat
07-23 11:58:16.605  4147  4160 I PhoneLab-LoggerService: Logcat pid from database 1303
07-23 11:58:16.605  4147  4160 I PhoneLab-LoggerService: Logcat process found 1303
07-23 11:58:16.605  4147  4160 I PhoneLab-LoggerService: Checking Threshold
07-23 11:58:16.605  4147  4160 I PhoneLab-: Service Running
07-23 11:58:16.668  4281  4282 D dalvikvm: GC_CONCURRENT freed 379K, 6% free 9956K/10567K, paused 13ms+3ms
07-23 11:58:16.683  4147  4160 I PhoneLab-LoggerService: app_37    1303  1     1440   988   c00f181c 400107b4 S logcat
07-23 11:58:16.683  4147  4160 I PhoneLab-LoggerService: Logcat pid from database 1303
07-23 11:58:16.683  4147  4160 I PhoneLab-LoggerService: Logcat process found 1303
07-23 11:58:16.683  4147  4160 I PhoneLab-LoggerService: Checking Threshold
07-23 11:58:16.683  4147  4160 I PhoneLab-: Service Running
07-23 11:58:16.730   144   359 I ActivityManager: Process com.facebook.orca (pid 5660) has died.
07-23 11:58:16.808  4147  4160 I PhoneLab-LoggerService: app_37    1303  1     1440   988   c00f181c 400107b4 S logcat
07-23 11:58:16.808  4147  4160 I PhoneLab-LoggerService: Logcat pid from database 1303
07-23 11:58:16.808  4147  4160 I PhoneLab-LoggerService: Logcat process found 1303
07-23 11:58:16.808  4147  4160 I PhoneLab-LoggerService: Checking Threshold
07-23 11:58:31.046  5524  5750 D GetStringObjTask: retrieving from url = http://www.chess.com/api/get_move_status?id=5HHjW9WUGa%2Bcu1LUwnVJPxTIWxmEve4VdkRnRyg7b5Ch69JH2Z5aB%2B7eGuFw8K2uFx47KFsdE3JRdR3Mzv0PkZOj6eZ8N73BvxmEERrzXjMNRo80rkLyJAUTh0iqof4n
07-23 11:58:31.086  5524  5527 D dalvikvm: GC_CONCURRENT freed 337K, 5% free 9457K/9927K, paused 8ms+3ms
07-23 11:58:31.312  5524  5750 D GetStringObjTask: WebRequest SERVER RESPONSE: Success+0
07-23 11:58:46.691   347   347 D SAN_SERVICE: *******************************************
07-23 11:58:46.691   347   347 D SAN_SERVICE: DM App Phone Service State - 0
07-23 11:58:46.691   347   347 D SAN_SERVICE: *******************************************
07-23 11:58:46.906   347   347 D SAN_SERVICE: *******************************************
07-23 11:58:46.906   347   347 D SAN_SERVICE: DM App Phone Service State - 0
07-23 11:58:46.906   347   347 D SAN_SERVICE: *******************************************
07-23 11:58:47.070  4411  4413 D dalvikvm: GC_CONCURRENT freed 543K, 13% free 10690K/12231K, paused 6ms+4ms
07-23 11:58:47.179   144  1185 D dalvikvm: GC_EXPLICIT freed 647K, 21% free 19192K/24263K, paused 2ms+8ms
07-23 11:58:47.300  3240  3242 D dalvikvm: GC_CONCURRENT freed 500K, 7% free 10295K/11015K, paused 2ms+2ms
07-23 11:59:37.011   280   280 I wpa_supplicant: wlan0: CTRL-EVENT-DISCONNECTED bssid=00:13:80:94:4a:a1 reason=0
07-23 11:59:37.011 20622 20639 D CommandListener: Clearing all IP addresses on wlan0
07-23 11:59:37.027   144   200 D ConnectivityService: ConnectivityChange for WIFI: DISCONNECTED/DISCONNECTED
07-23 11:59:37.031   144   200 D ConnectivityService: Attempting to switch to mobile
07-23 11:59:37.031   144   200 D ConnectivityService: Attempting to switch to WIMAX
07-23 11:59:37.031   144   200 D ConnectivityService: Attempting to switch to BLUETOOTH_TETHER
07-23 11:59:37.039   144   200 E ConnectivityService: Exception trying to remove a route: java.lang.IllegalStateException: Unable to communicate with native dameon to add routes - com.android.server.NativeDaemonConnectorException: Cmd {interface route remove wlan0 default 67.20.213.254 32 0.0.0.0} failed with code 400 : {Failed to remove route from default table (No such process)}
07-23 11:59:37.043   144   200 E ConnectivityService: Exception trying to remove a route: java.lang.IllegalStateException: Unable to communicate with native dameon to add routes - com.android.server.NativeDaemonConnectorException: Cmd {interface route remove wlan0 default 0.0.0.0 0 67.20.213.254} failed with code 400 : {Failed to remove route from default table (No such process)}
07-23 11:59:37.047   144   200 D NetUtils: android_net_utils_resetConnections in env=0x1f323c8 clazz=0x3f500001 iface=wlan0 mask=0x3
07-23 11:59:37.047   144   200 D ConnectivityService: resetConnections(wlan0, 3)
07-23 11:59:37.187  1857  5741 W Smack/Packet: notify conn break (IOEx), close connection
07-23 11:59:37.336  1857  5741 I qtaguid : Failed write_ctrl(u 82) res=-1 errno=22
07-23 11:59:37.336  1857  5741 I qtaguid : Untagging socket 82 failed errno=-22
07-23 11:59:37.340  1857  5741 W NetworkManagementSocketTagger: untagSocket(82) failed with errno -22
07-23 11:59:37.363   144   200 D ConnectivityService: handleInetConditionChange: no active default network - ignore
07-23 11:59:37.613   280   280 I wpa_supplicant: wlan0: Trying to associate with e8:ba:70:f8:d4:61 (SSID='UB_Secure' freq=2437 MHz)
07-23 11:59:37.656   280   280 I wpa_supplicant: wlan0: Associated with e8:ba:70:f8:d4:61
07-23 11:59:37.656   280   280 I wpa_supplicant: wlan0: CTRL-EVENT-EAP-STARTED EAP authentication started
07-23 11:59:37.664   280   280 I wpa_supplicant: wlan0: CTRL-EVENT-EAP-PROPOSED-METHOD vendor=0 method=4 -> NAK
07-23 11:59:37.668   280   280 I wpa_supplicant: wlan0: CTRL-EVENT-EAP-PROPOSED-METHOD vendor=0 method=25
07-23 11:59:37.668   280   280 I wpa_supplicant: wlan0: CTRL-EVENT-EAP-METHOD EAP vendor 0 method 25 (PEAP) selected
07-23 11:59:37.715   280   280 I wpa_supplicant: wlan0: CTRL-EVENT-EAP-PEER-CERT depth=2 subject='/C=US/O=Entrust.net/OU=www.entrust.net/CPS incorp. by ref. (limits liab.)/OU=(c) 1999 Entrust.net Limited/CN=Entrust.net Secure Server Certification Authority'
07-23 11:59:37.715   280   280 I wpa_supplicant: wlan0: CTRL-EVENT-EAP-PEER-CERT depth=2 subject='/C=US/O=Entrust.net/OU=www.entrust.net/CPS incorp. by ref. (limits liab.)/OU=(c) 1999 Entrust.net Limited/CN=Entrust.net Secure Server Certification Authority'
07-23 11:59:37.715   280   280 I wpa_supplicant: wlan0: CTRL-EVENT-EAP-PEER-CERT depth=1 subject='/C=US/ST=UT/L=Salt Lake City/O=The USERTRUST Network/CN=USERTrust Legacy Secure Server CA'
07-23 11:59:37.718   280   280 I wpa_supplicant: wlan0: CTRL-EVENT-EAP-PEER-CERT depth=0 subject='/C=US/postalCode=14260/ST=New York/L=Buffalo/street=305 Computing Center/O=SUNY AT BUFFALO/OU=Office of the President/OU=Issued through UNIVERSITY AT BUFFALO E-PKI Manager/OU=PremiumSSL Legacy/CN=ubsecure.acsu.buffalo.edu'
07-23 11:59:37.863   280   280 I wpa_supplicant: EAP-MSCHAPV2: Authentication succeeded
07-23 11:59:37.863   280   280 I wpa_supplicant: EAP-TLV: TLV Result - Success - EAP-TLV/Phase2 Completed
07-23 11:59:37.871   280   280 I wpa_supplicant: wlan0: CTRL-EVENT-EAP-SUCCESS EAP authentication completed successfully
07-23 11:59:37.910   280   280 I wpa_supplicant: wlan0: WPA: Key negotiation completed with e8:ba:70:f8:d4:61 [PTK=CCMP GTK=TKIP]
07-23 11:59:37.910   280   280 I wpa_supplicant: wlan0: CTRL-EVENT-CONNECTED - Connection to e8:ba:70:f8:d4:61 completed (reauth) [id=0 id_str=]
07-23 11:59:38.539   144   200 D ConnectivityService: ConnectivityChange for WIFI: CONNECTED/CONNECTED
07-23 11:59:38.574  4147  4147 I PhoneLab-WiFiReceiver: Wi-Fi is connected!
07-23 11:59:38.574  4147  4147 I PhoneLab-WiFiReceiver: SSID: UB_Secure BSSID: e8:ba:70:f8:d4:61 RSSI: -200 LinkSpeed: -1
07-23 11:59:38.574  4147  4147 I PhoneLab-Locks: wake lock acquired
07-23 11:59:38.578  4147  4147 I PhoneLab-UploadLogs: Transfering log files now
07-23 11:59:38.578  4147  4147 I PhoneLab-UploadLogs: No log files to transfer
07-23 11:59:38.578  4147  4147 I PhoneLab-Locks: wake lock released
07-23 11:59:38.578  4147  4147 I PhoneLab-UploadLogs: OnStartCommand
07-23 11:59:38.605   144   195 W NetworkStats: dropping UID delta from unknown iface: iface=wlan0 uid=0 set=DEFAULT tag=0x0 rxBytes=0 rxPackets=0 txBytes=76 txPackets=1 operations=0
07-23 11:59:39.543   144   200 D ConnectivityService: NetTransition Wakelock for WifiStateMachine released by timeout
07-23 11:59:40.101   144   204 D Tethering: MasterInitialState.processMessage what=3
07-23 11:59:40.156  1857  1857 I GTalkService/c: [AndroidEndpoint@1094096144] connect: acct=1000000, state=CONNECTING
07-23 11:59:40.164  1857  1857 I GTalkService/c: [GTalkConnection@1094320320] connect: acct=1, state=CONNECTING
07-23 11:59:40.207  4346  4346 I MediaUploader: No need to wake up
07-23 11:59:40.211  4147  4147 I PhoneLab-WiFiReceiver: Wi-Fi is disconnected!
07-23 11:59:40.289  4424  4424 W ContextScopeImpl: thread=1 tried to enter the scope of the application context. Ignored.
07-23 11:59:40.300  4088  4369 D PicasaSyncManager: active network: NetworkInfo: type: WIFI[], state: CONNECTED/CONNECTED, reason: (unspecified), extra: (none), roaming: false, failover: false, isAvailable: true
07-23 11:59:40.304  4088  4369 D PicasaSyncManager: background data: true
07-23 11:59:40.336  1857  1858 D dalvikvm: GC_CONCURRENT freed 469K, 7% free 10386K/11143K, paused 2ms+3ms
07-23 11:59:40.988  3956  3973 D dalvikvm: GC_EXPLICIT freed 243K, 8% free 9572K/10311K, paused 4ms+3ms
07-23 11:59:41.347   144   200 D ConnectivityService: handleInetConditionHoldEnd: net=1, condition=100, published condition=0
07-23 11:59:41.590   144   204 D Tethering: MasterInitialState.processMessage what=3
07-23 11:59:41.672  1857  1858 D dalvikvm: GC_CONCURRENT freed 424K, 7% free 10399K/11143K, paused 21ms+2ms
07-23 11:59:41.691  4346  4346 I MediaUploader: No need to wake up
07-23 11:59:41.781  4424  4424 W ContextScopeImpl: thread=1 tried to enter the scope of the application context. Ignored.
07-23 11:59:41.785  4088  4369 D PicasaSyncManager: active network: NetworkInfo: type: WIFI[], state: CONNECTED/CONNECTED, reason: (unspecified), extra: (none), roaming: false, failover: false, isAvailable: true
07-23 11:59:41.785  4088  4369 D PicasaSyncManager: background data: true
07-23 11:59:42.117   144   200 D ConnectivityService: handleInetConditionHoldEnd: net=1, condition=100, published condition=100
07-23 11:59:43.488   144   200 D ConnectivityService: ConnectivityChange for mobile: CONNECTED/CONNECTED
07-23 11:59:43.523   144   200 D NetUtils: android_net_utils_resetConnections in env=0x1f323c8 clazz=0x56400001 iface=rmnet0 mask=0x3
07-23 11:59:43.523   144   200 D ConnectivityService: ConnectivityChange for mobile: DISCONNECTED/DISCONNECTED
07-23 11:59:43.523   144   200 D ConnectivityService: Attempting to switch to WIFI
07-23 11:59:43.523   144   200 D ConnectivityService: Attempting to switch to WIMAX
07-23 11:59:43.523   144   200 D ConnectivityService: Attempting to switch to BLUETOOTH_TETHER
07-23 11:59:43.523   144   200 D ConnectivityService: resetConnections(rmnet0, 3)
07-23 11:59:43.750   144   147 D dalvikvm: GC_CONCURRENT freed 1981K, 21% free 19258K/24263K, paused 4ms+8ms
07-23 11:59:45.859  4411  4413 D dalvikvm: GC_CONCURRENT freed 509K, 13% free 10684K/12231K, paused 2ms+6ms
07-23 11:59:45.929  3240  3242 D dalvikvm: GC_CONCURRENT freed 506K, 7% free 10278K/11015K, paused 2ms+2ms
07-23 11:59:46.582   144   204 D Tethering: MasterInitialState.processMessage what=3
07-23 11:59:46.656  4346  4346 I MediaUploader: No need to wake up
07-23 11:59:46.711  4424  4424 W ContextScopeImpl: thread=1 tried to enter the scope of the application context. Ignored.
07-23 11:59:46.750  4346  4346 I MediaUploader: No need to wake up
07-23 11:59:46.804  4424  4424 W ContextScopeImpl: thread=1 tried to enter the scope of the application context. Ignored.
07-23 11:59:46.820  4088  4369 D PicasaSyncManager: active network: NetworkInfo: type: WIFI[], state: CONNECTED/CONNECTED, reason: (unspecified), extra: (none), roaming: false, failover: false, isAvailable: true
07-23 11:59:46.820  4088  4369 D PicasaSyncManager: background data: true
07-23 11:59:46.824   144   204 D Tethering: MasterInitialState.processMessage what=3
07-23 11:59:46.879  4424  4428 D dalvikvm: GC_CONCURRENT freed 393K, 5% free 9982K/10503K, paused 16ms+9ms
07-23 11:59:47.129   144   200 D ConnectivityService: handleInetConditionHoldEnd: net=1, condition=100, published condition=100
07-23 12:00:18.308   280   280 I wpa_supplicant: wlan0: CTRL-EVENT-DISCONNECTED bssid=e8:ba:70:f8:d4:61 reason=0
07-23 12:00:18.308 20622 20639 D CommandListener: Clearing all IP addresses on wlan0
07-23 12:00:18.324   144   200 D ConnectivityService: ConnectivityChange for WIFI: DISCONNECTED/DISCONNECTED
07-23 12:00:18.332   144   200 D ConnectivityService: Attempting to switch to mobile
07-23 12:00:18.332   144   200 D ConnectivityService: Attempting to switch to WIMAX
07-23 12:00:18.332   144   200 D ConnectivityService: Attempting to switch to BLUETOOTH_TETHER
07-23 12:00:18.336   144   200 E ConnectivityService: Exception trying to remove a route: java.lang.IllegalStateException: Unable to communicate with native dameon to add routes - com.android.server.NativeDaemonConnectorException: Cmd {interface route remove wlan0 default 67.20.213.254 32 0.0.0.0} failed with code 400 : {Failed to remove route from default table (No such process)}
07-23 12:00:18.343   144   200 D NetUtils: android_net_utils_resetConnections in env=0x1f323c8 clazz=0x64300001 iface=wlan0 mask=0x3
07-23 12:00:18.343   144   200 E ConnectivityService: Exception trying to remove a route: java.lang.IllegalStateException: Unable to communicate with native dameon to add routes - com.android.server.NativeDaemonConnectorException: Cmd {interface route remove wlan0 default 0.0.0.0 0 67.20.213.254} failed with code 400 : {Failed to remove route from default table (No such process)}
07-23 12:00:18.343   144   200 D ConnectivityService: resetConnections(wlan0, 3)
07-23 12:00:18.433  1857  5786 W Smack/Packet: notify conn break (IOEx), close connection
07-23 12:00:18.589  1857  5786 I qtaguid : Failed write_ctrl(u 82) res=-1 errno=22
07-23 12:00:18.589  1857  5786 I qtaguid : Untagging socket 82 failed errno=-22
07-23 12:00:18.589  1857  5786 W NetworkManagementSocketTagger: untagSocket(82) failed with errno -22
07-23 12:00:18.609   144   200 D ConnectivityService: handleInetConditionChange: no active default network - ignore
07-23 12:00:18.890   280   280 I wpa_supplicant: wlan0: Trying to associate with d0:c2:82:2d:f2:b1 (SSID='UB_Secure' freq=2437 MHz)
07-23 12:00:18.933   280   280 I wpa_supplicant: wlan0: Associated with d0:c2:82:2d:f2:b1
07-23 12:00:18.933   280   280 I wpa_supplicant: wlan0: CTRL-EVENT-EAP-STARTED EAP authentication started
07-23 12:00:18.937   280   280 I wpa_supplicant: wlan0: CTRL-EVENT-EAP-PROPOSED-METHOD vendor=0 method=4 -> NAK
07-23 12:00:18.941   280   280 I wpa_supplicant: wlan0: CTRL-EVENT-EAP-PROPOSED-METHOD vendor=0 method=25
07-23 12:00:18.941   280   280 I wpa_supplicant: wlan0: CTRL-EVENT-EAP-METHOD EAP vendor 0 method 25 (PEAP) selected
07-23 12:00:18.992   280   280 I wpa_supplicant: wlan0: CTRL-EVENT-EAP-PEER-CERT depth=2 subject='/C=US/O=Entrust.net/OU=www.entrust.net/CPS incorp. by ref. (limits liab.)/OU=(c) 1999 Entrust.net Limited/CN=Entrust.net Secure Server Certification Authority'
07-23 12:00:18.992   280   280 I wpa_supplicant: wlan0: CTRL-EVENT-EAP-PEER-CERT depth=2 subject='/C=US/O=Entrust.net/OU=www.entrust.net/CPS incorp. by ref. (limits liab.)/OU=(c) 1999 Entrust.net Limited/CN=Entrust.net Secure Server Certification Authority'
07-23 12:00:18.996   280   280 I wpa_supplicant: wlan0: CTRL-EVENT-EAP-PEER-CERT depth=1 subject='/C=US/ST=UT/L=Salt Lake City/O=The USERTRUST Network/CN=USERTrust Legacy Secure Server CA'
07-23 12:00:19.000   280   280 I wpa_supplicant: wlan0: CTRL-EVENT-EAP-PEER-CERT depth=0 subject='/C=US/postalCode=14260/ST=New York/L=Buffalo/street=305 Computing Center/O=SUNY AT BUFFALO/OU=Office of the President/OU=Issued through UNIVERSITY AT BUFFALO E-PKI Manager/OU=PremiumSSL Legacy/CN=ubsecure.acsu.buffalo.edu'
07-23 12:00:19.164   280   280 I wpa_supplicant: EAP-MSCHAPV2: Authentication succeeded
07-23 12:00:19.175   280   280 I wpa_supplicant: EAP-TLV: TLV Result - Success - EAP-TLV/Phase2 Completed
07-23 12:00:19.183   280   280 I wpa_supplicant: wlan0: CTRL-EVENT-EAP-SUCCESS EAP authentication completed successfully
07-23 12:00:19.246   280   280 I wpa_supplicant: wlan0: WPA: Key negotiation completed with d0:c2:82:2d:f2:b1 [PTK=CCMP GTK=TKIP]
07-23 12:00:19.246   280   280 I wpa_supplicant: wlan0: CTRL-EVENT-CONNECTED - Connection to d0:c2:82:2d:f2:b1 completed (reauth) [id=0 id_str=]
07-23 12:00:19.871   144   200 D ConnectivityService: ConnectivityChange for WIFI: CONNECTED/CONNECTED
07-23 12:00:19.898  4147  4147 I PhoneLab-WiFiReceiver: Wi-Fi is connected!
07-23 12:00:19.898  4147  4147 I PhoneLab-WiFiReceiver: SSID: UB_Secure BSSID: d0:c2:82:2d:f2:b1 RSSI: -200 LinkSpeed: -1
07-23 12:00:19.898  4147  4147 I PhoneLab-Locks: wake lock acquired
07-23 12:00:19.902  4147  4147 I PhoneLab-UploadLogs: Transfering log files now
07-23 12:00:19.902  4147  4147 I PhoneLab-UploadLogs: No log files to transfer
07-23 12:00:19.902  4147  4147 I PhoneLab-Locks: wake lock released
07-23 12:00:19.902  4147  4147 I PhoneLab-UploadLogs: OnStartCommand
07-23 12:00:19.925   144   195 W NetworkStats: dropping UID delta from unknown iface: iface=wlan0 uid=0 set=DEFAULT tag=0x0 rxBytes=0 rxPackets=0 txBytes=72 txPackets=1 operations=0
07-23 12:00:20.879   144   200 D ConnectivityService: NetTransition Wakelock for WifiStateMachine released by timeout
07-23 12:00:21.529   144   204 D Tethering: MasterInitialState.processMessage what=3
07-23 12:00:21.545  1857  1857 I GTalkService/c: [AndroidEndpoint@1094096144] connect: acct=1000000, state=CONNECTING
07-23 12:00:21.549  1857  1857 I GTalkService/c: [GTalkConnection@1094320320] connect: acct=1, state=CONNECTING
07-23 12:00:21.685   144   498 D dalvikvm: GC_EXPLICIT freed 1680K, 21% free 19221K/24263K, paused 3ms+14ms
07-23 12:00:21.713  4346  4346 I MediaUploader: No need to wake up
07-23 12:00:21.717  4147  4147 I PhoneLab-WiFiReceiver: Wi-Fi is disconnected!
07-23 12:00:21.775  4424  4424 W ContextScopeImpl: thread=1 tried to enter the scope of the application context. Ignored.
07-23 12:00:21.783  4088  4369 D PicasaSyncManager: active network: NetworkInfo: type: WIFI[], state: CONNECTED/CONNECTED, reason: (unspecified), extra: (none), roaming: false, failover: false, isAvailable: true
07-23 12:00:21.783  4088  4369 D PicasaSyncManager: background data: true
07-23 12:00:21.900  1857  1858 D dalvikvm: GC_CONCURRENT freed 386K, 7% free 10399K/11143K, paused 2ms+3ms
07-23 12:00:22.924   144   204 D Tethering: MasterInitialState.processMessage what=3
07-23 12:00:22.943   144   200 D ConnectivityService: handleInetConditionHoldEnd: net=1, condition=100, published condition=0
07-23 12:00:22.998  4346  4346 I MediaUploader: No need to wake up
07-23 12:00:23.057  4424  4424 W ContextScopeImpl: thread=1 tried to enter the scope of the application context. Ignored.
07-23 12:00:23.068  4088  4369 D PicasaSyncManager: active network: NetworkInfo: type: WIFI[], state: CONNECTED/CONNECTED, reason: (unspecified), extra: (none), roaming: false, failover: false, isAvailable: true
07-23 12:00:23.068  4088  4369 D PicasaSyncManager: background data: true
07-23 12:00:23.135  4103  4105 D dalvikvm: GC_CONCURRENT freed 254K, 7% free 9317K/9927K, paused 2ms+3ms
07-23 12:00:23.475   144   200 D ConnectivityService: handleInetConditionHoldEnd: net=1, condition=100, published condition=100
07-23 12:00:26.260   144   200 D ConnectivityService: ConnectivityChange for mobile: CONNECTED/CONNECTED
07-23 12:00:26.287   144   200 D NetUtils: android_net_utils_resetConnections in env=0x1f323c8 clazz=0x7aa00001 iface=rmnet0 mask=0x3
07-23 12:00:26.287   144   200 D ConnectivityService: ConnectivityChange for mobile: DISCONNECTED/DISCONNECTED
07-23 12:00:26.287   144   200 D ConnectivityService: Attempting to switch to WIFI
07-23 12:00:26.287   144   200 D ConnectivityService: Attempting to switch to WIMAX
07-23 12:00:26.287   144   200 D ConnectivityService: Attempting to switch to BLUETOOTH_TETHER
07-23 12:00:26.287   144   200 D ConnectivityService: resetConnections(rmnet0, 3)
07-23 12:00:29.322   144   204 D Tethering: MasterInitialState.processMessage what=3
07-23 12:00:29.373   144   204 D Tethering: MasterInitialState.processMessage what=3
07-23 12:00:29.408  4346  4346 I MediaUploader: No need to wake up
07-23 12:00:29.475  4424  4424 W ContextScopeImpl: thread=1 tried to enter the scope of the application context. Ignored.
07-23 12:00:29.502  4088  4369 D PicasaSyncManager: active network: NetworkInfo: type: WIFI[], state: CONNECTED/CONNECTED, reason: (unspecified), extra: (none), roaming: false, failover: false, isAvailable: true
07-23 12:00:29.506  4088  4369 D PicasaSyncManager: background data: true
07-23 12:00:29.525  1857  1858 D dalvikvm: GC_CONCURRENT freed 448K, 7% free 10392K/11143K, paused 2ms+3ms
07-23 12:00:29.553  4346  4346 I MediaUploader: No need to wake up
07-23 12:00:29.607  4424  4424 W ContextScopeImpl: thread=1 tried to enter the scope of the application context. Ignored.
07-23 12:00:29.619  4088  4369 D PicasaSyncManager: active network: NetworkInfo: type: WIFI[], state: CONNECTED/CONNECTED, reason: (unspecified), extra: (none), roaming: false, failover: false, isAvailable: true
07-23 12:00:29.619  4088  4369 D PicasaSyncManager: background data: true
07-23 12:00:29.873   144   200 D ConnectivityService: handleInetConditionHoldEnd: net=1, condition=100, published condition=100
07-23 12:00:45.914  3240  3242 D dalvikvm: GC_CONCURRENT freed 472K, 7% free 10281K/11015K, paused 2ms+3ms
07-23 12:00:47.945   280   280 I wpa_supplicant: wlan0: CTRL-EVENT-DISCONNECTED bssid=d0:c2:82:2d:f2:b1 reason=0
07-23 12:00:47.949 20622 20639 D CommandListener: Clearing all IP addresses on wlan0
07-23 12:00:48.000   144   200 D ConnectivityService: ConnectivityChange for WIFI: DISCONNECTED/DISCONNECTED
07-23 12:00:48.007   144   200 D ConnectivityService: Attempting to switch to mobile
07-23 12:00:48.007   144   200 D ConnectivityService: Attempting to switch to WIMAX
07-23 12:00:48.007   144   200 D ConnectivityService: Attempting to switch to BLUETOOTH_TETHER
07-23 12:00:48.035   144   200 D NetUtils: android_net_utils_resetConnections in env=0x1f323c8 clazz=0x87000001 iface=wlan0 mask=0x3
07-23 12:00:48.035   144   200 E ConnectivityService: Exception trying to remove a route: java.lang.IllegalStateException: Unable to communicate with native dameon to add routes - com.android.server.NativeDaemonConnectorException: Cmd {interface route remove wlan0 default 67.20.213.254 32 0.0.0.0} failed with code 400 : {Failed to remove route from default table (No such process)}
07-23 12:00:48.035   144   200 E ConnectivityService: Exception trying to remove a route: java.lang.IllegalStateException: Unable to communicate with native dameon to add routes - com.android.server.NativeDaemonConnectorException: Cmd {interface route remove wlan0 default 0.0.0.0 0 67.20.213.254} failed with code 400 : {Failed to remove route from default table (No such process)}
07-23 12:00:48.035   144   200 D ConnectivityService: resetConnections(wlan0, 3)
07-23 12:00:48.078  1857  5836 W Smack/Packet: notify conn break (IOEx), close connection
07-23 12:00:48.211   144   147 D dalvikvm: GC_CONCURRENT freed 2004K, 21% free 19264K/24263K, paused 2ms+8ms
07-23 12:00:48.257  1857  5836 I qtaguid : Failed write_ctrl(u 82) res=-1 errno=22
07-23 12:00:48.257  1857  5836 I qtaguid : Untagging socket 82 failed errno=-22
07-23 12:00:48.257  1857  5836 W NetworkManagementSocketTagger: untagSocket(82) failed with errno -22
07-23 12:00:48.257   144   200 D ConnectivityService: handleInetConditionChange: no active default network - ignore
07-23 12:00:51.043   144   204 D Tethering: MasterInitialState.processMessage what=3
07-23 12:00:51.136  4346  4346 I MediaUploader: No need to wake up
07-23 12:00:51.140  4147  4147 I PhoneLab-WiFiReceiver: Wi-Fi is disconnected!
07-23 12:00:51.172  4088  4369 D PicasaSyncManager: active network: null
07-23 12:00:51.172  4088  4369 D PicasaSyncManager: background data: true
07-23 12:00:53.300   347   350 D dalvikvm: GC_CONCURRENT freed 915K, 13% free 12078K/13767K, paused 22ms+3ms
07-23 12:01:01.074   347   347 D SAN_SERVICE: *******************************************
07-23 12:01:01.074   347   347 D SAN_SERVICE: DM App Phone Service State - 0
07-23 12:01:01.078   347   347 D SAN_SERVICE: *******************************************
07-23 12:01:01.097   347   347 D SAN_SERVICE: *******************************************
07-23 12:01:01.097   347   347 D SAN_SERVICE: DM App Phone Service State - 0
07-23 12:01:01.097   347   347 D SAN_SERVICE: *******************************************
07-23 12:01:04.093   280   280 I wpa_supplicant: wlan0: Trying to associate with d0:c2:82:2d:ea:c1 (SSID='UB_Secure' freq=2462 MHz)
07-23 12:01:04.230   280   280 I wpa_supplicant: wlan0: Associated with d0:c2:82:2d:ea:c1
07-23 12:01:04.234   280   280 I wpa_supplicant: wlan0: CTRL-EVENT-EAP-STARTED EAP authentication started
07-23 12:01:04.250   280   280 I wpa_supplicant: wlan0: CTRL-EVENT-EAP-PROPOSED-METHOD vendor=0 method=4 -> NAK
07-23 12:01:04.257   280   280 I wpa_supplicant: wlan0: CTRL-EVENT-EAP-PROPOSED-METHOD vendor=0 method=25
07-23 12:01:04.257   280   280 I wpa_supplicant: wlan0: CTRL-EVENT-EAP-METHOD EAP vendor 0 method 25 (PEAP) selected
07-23 12:01:04.300   280   280 I wpa_supplicant: wlan0: CTRL-EVENT-EAP-PEER-CERT depth=2 subject='/C=US/O=Entrust.net/OU=www.entrust.net/CPS incorp. by ref. (limits liab.)/OU=(c) 1999 Entrust.net Limited/CN=Entrust.net Secure Server Certification Authority'
07-23 12:01:04.300   280   280 I wpa_supplicant: wlan0: CTRL-EVENT-EAP-PEER-CERT depth=2 subject='/C=US/O=Entrust.net/OU=www.entrust.net/CPS incorp. by ref. (limits liab.)/OU=(c) 1999 Entrust.net Limited/CN=Entrust.net Secure Server Certification Authority'
07-23 12:01:04.304   280   280 I wpa_supplicant: wlan0: CTRL-EVENT-EAP-PEER-CERT depth=1 subject='/C=US/ST=UT/L=Salt Lake City/O=The USERTRUST Network/CN=USERTrust Legacy Secure Server CA'
07-23 12:01:04.304   280   280 I wpa_supplicant: wlan0: CTRL-EVENT-EAP-PEER-CERT depth=0 subject='/C=US/postalCode=14260/ST=New York/L=Buffalo/street=305 Computing Center/O=SUNY AT BUFFALO/OU=Office of the President/OU=Issued through UNIVERSITY AT BUFFALO E-PKI Manager/OU=PremiumSSL Legacy/CN=ubsecure.acsu.buffalo.edu'
07-23 12:01:04.480   280   280 I wpa_supplicant: EAP-MSCHAPV2: Authentication succeeded
07-23 12:01:04.484   280   280 I wpa_supplicant: EAP-TLV: TLV Result - Success - EAP-TLV/Phase2 Completed
07-23 12:01:04.488   280   280 I wpa_supplicant: wlan0: CTRL-EVENT-EAP-SUCCESS EAP authentication completed successfully
07-23 12:01:04.539   280   280 I wpa_supplicant: wlan0: WPA: Key negotiation completed with d0:c2:82:2d:ea:c1 [PTK=CCMP GTK=TKIP]
07-23 12:01:04.539   280   280 I wpa_supplicant: wlan0: CTRL-EVENT-CONNECTED - Connection to d0:c2:82:2d:ea:c1 completed (reauth) [id=0 id_str=]
07-23 12:01:05.132   144   200 D ConnectivityService: ConnectivityChange for WIFI: CONNECTED/CONNECTED
07-23 12:01:05.168  4147  4147 I PhoneLab-WiFiReceiver: Wi-Fi is connected!
07-23 12:01:05.168  4147  4147 I PhoneLab-WiFiReceiver: SSID: UB_Secure BSSID: d0:c2:82:2d:ea:c1 RSSI: -200 LinkSpeed: -1
07-23 12:01:05.168  4147  4147 I PhoneLab-Locks: wake lock acquired
07-23 12:01:05.179  4147  4147 I PhoneLab-UploadLogs: Transfering log files now
07-23 12:01:05.179  4147  4147 I PhoneLab-UploadLogs: No log files to transfer
07-23 12:01:05.179  4147  4147 I PhoneLab-Locks: wake lock released
07-23 12:01:05.183  4147  4147 I PhoneLab-UploadLogs: OnStartCommand
07-23 12:01:05.207   144   195 W NetworkStats: dropping UID delta from unknown iface: iface=wlan0 uid=0 set=DEFAULT tag=0x0 rxBytes=0 rxPackets=0 txBytes=140 txPackets=2 operations=0
07-23 12:01:05.254  4147  4149 D dalvikvm: GC_CONCURRENT freed 408K, 15% free 9126K/10631K, paused 2ms+1ms
07-23 12:01:06.132   144   200 D ConnectivityService: NetTransition Wakelock for WifiStateMachine released by timeout
07-23 12:01:08.230   144   204 D Tethering: MasterInitialState.processMessage what=3
07-23 12:01:08.414   144   359 D dalvikvm: GC_EXPLICIT freed 1294K, 21% free 19211K/24263K, paused 4ms+8ms
07-23 12:01:08.425  1857  1857 I GTalkService/c: [AndroidEndpoint@1094096144] connect: acct=1000000, state=CONNECTING
07-23 12:01:08.425  1857  1857 I GTalkService/c: [GTalkConnection@1094320320] connect: acct=1, state=CONNECTING
07-23 12:01:08.457  4346  4346 I MediaUploader: No need to wake up
07-23 12:01:08.511  4424  4424 W ContextScopeImpl: thread=1 tried to enter the scope of the application context. Ignored.
07-23 12:01:08.547  4088  4369 D PicasaSyncManager: active network: NetworkInfo: type: WIFI[], state: CONNECTED/CONNECTED, reason: (unspecified), extra: (none), roaming: false, failover: false, isAvailable: true
07-23 12:01:08.554  4088  4369 D PicasaSyncManager: background data: true
07-23 12:01:08.590  4281  4282 D dalvikvm: GC_CONCURRENT freed 398K, 6% free 9953K/10567K, paused 120ms+12ms
07-23 12:01:08.738  4088  4091 D dalvikvm: GC_CONCURRENT freed 1241K, 20% free 13396K/16711K, paused 12ms+6ms
07-23 12:01:08.851  1857  1858 D dalvikvm: GC_CONCURRENT freed 401K, 7% free 10387K/11143K, paused 2ms+5ms
07-23 12:01:09.461  4281  5523 D dalvikvm: GC_EXPLICIT freed 149K, 7% free 9918K/10567K, paused 14ms+4ms
07-23 12:01:09.746   144   200 D ConnectivityService: handleInetConditionHoldEnd: net=1, condition=100, published condition=0
07-23 12:01:09.945  1857  1956 D dalvikvm: GC_EXPLICIT freed 210K, 7% free 10368K/11143K, paused 2ms+3ms
07-23 12:01:10.144  4460  4462 D dalvikvm: GC_CONCURRENT freed 496K, 7% free 9360K/9991K, paused 4ms+3ms
07-23 12:01:11.199   347   347 D SAN_SERVICE: *******************************************
07-23 12:01:11.199   347   347 D SAN_SERVICE: DM App Phone Service State - 0
07-23 12:01:11.199   347   347 D SAN_SERVICE: *******************************************
07-23 12:01:11.402   347   347 D SAN_SERVICE: *******************************************
07-23 12:01:11.402   347   347 D SAN_SERVICE: DM App Phone Service State - 0
07-23 12:01:11.402   347   347 D SAN_SERVICE: *******************************************
07-23 12:01:17.484   144   160 I power   : *** set_screen_state 1
07-23 12:01:17.484  4147  4147 I PhoneLab-PowerOnReceiver: Power is plugged in!
07-23 12:01:17.484  4147  4147 I PhoneLab-PowerOnReceiver: Rescheduling periodic checking...
07-23 12:01:17.496   220   220 W PowerUI : unknown intent: Intent { act=android.intent.action.ACTION_POWER_CONNECTED flg=0x10000010 }
07-23 12:01:17.570   144   175 I WindowManager: Lock screen displayed!
07-23 12:01:17.586  4147  4147 I PhoneLab-Locks: wake lock acquired
07-23 12:01:17.675    78   120 D SurfaceFlinger: Screen about to return, flinger = 0x1b6e918
07-23 12:01:17.757  4147  4147 I PhoneLab-UploadLogs: Transfering log files now
07-23 12:01:17.757  4147  4147 I PhoneLab-UploadLogs: No log files to transfer
07-23 12:01:17.757  4147  4147 I PhoneLab-Locks: wake lock released
07-23 12:01:17.757  4147  4147 I PhoneLab-UploadLogs: OnStartCommand
07-23 12:01:17.957   144   497 I ActivityManager: Start proc com.google.android.apps.gesturesearch for broadcast com.google.android.apps.gesturesearch/.search.BatteryReceiver: pid=5897 uid=10088 gids={3003}
07-23 12:01:17.976  5897  5897 I dalvikvm: Turning on JNI app bug workarounds for target SDK version 8...
07-23 12:01:18.097  5897  5897 I ActivityThread: Pub com.google.android.apps.gesturesearch.history: com.google.android.apps.gesturesearch.data.QueryHistoryProvider
07-23 12:01:18.101  5897  5897 I ActivityThread: Pub com.google.android.apps.gesturesearch.index: com.google.android.apps.gesturesearch.data.IndexProvider
07-23 12:01:18.468  4370  4373 D dalvikvm: GC_CONCURRENT freed 406K, 5% free 10516K/11015K, paused 19ms+17ms
07-23 12:01:19.730  4370  4373 D dalvikvm: GC_CONCURRENT freed 359K, 5% free 10642K/11143K, paused 2ms+3ms
07-23 12:01:19.972  4370  4373 D dalvikvm: GC_CONCURRENT freed 256K, 4% free 10829K/11271K, paused 3ms+3ms
07-23 12:01:21.871  4147  4160 I PhoneLab-: Service Running
07-23 12:01:21.961  4147  4160 I PhoneLab-LoggerService: app_37    1303  1     1440   988   c00f181c 400107b4 S logcat
07-23 12:01:21.961  4147  4160 I PhoneLab-LoggerService: Logcat pid from database 1303
07-23 12:01:21.961  4147  4160 I PhoneLab-LoggerService: Logcat process found 1303
07-23 12:01:21.961  4147  4160 I PhoneLab-LoggerService: Checking Threshold
07-23 12:01:24.429   144  1184 D AlarmManagerService: Kernel timezone updated to 240 minutes west of GMT
07-23 12:01:24.433   347   347 D SystemClock: Setting time of day to sec=1343059284
07-23 12:01:24.097   144   161 I ActivityManager: Start proc com.android.calendar for broadcast com.android.calendar/.widget.CalendarAppWidgetService$CalendarFactory: pid=5929 uid=10005 gids={3003}
07-23 12:01:24.194  5929  5929 I ActivityThread: Pub com.android.calendar.CalendarRecentSuggestionsProvider: com.android.calendar.CalendarRecentSuggestionsProvider
07-23 12:01:24.397   144   155 I ActivityManager: Start proc com.android.deskclock for broadcast com.android.deskclock/.AlarmInitReceiver: pid=5945 uid=10011 gids={}
07-23 12:01:24.417   144   323 I ActivityManager: Start proc com.android.providers.calendar for content provider com.android.providers.calendar/.CalendarProvider2: pid=5958 uid=10006 gids={3003, 1015}
07-23 12:01:24.452  5945  5945 I ActivityThread: Pub com.android.deskclock: com.android.deskclock.AlarmProvider
07-23 12:01:24.519   144 29906 I ActivityManager: Process com.google.android.gm (pid 5647) has died.
07-23 12:01:24.585  5945  5964 V AlarmClock: AlarmInitReceiver finished
07-23 12:01:24.612  5958  5958 I ActivityThread: Pub com.android.calendar: com.android.providers.calendar.CalendarProvider2
07-23 12:01:25.753  5958  5958 I CalendarProvider2: Sending notification intent: Intent { act=android.intent.action.PROVIDER_CHANGED dat=content://com.android.calendar }
07-23 12:01:25.765  5958  5958 W ContentResolver: Failed to get type for: content://com.android.calendar (Unknown URL content://com.android.calendar)
07-23 12:01:27.253  4147  4147 I PhoneLab-Locks: wake lock acquired
07-23 12:01:27.265  4147  5978 I PhoneLab-PeriodicCheckService: User info is synched
07-23 12:01:27.269  4147  5978 I PhoneLab-PeriodicCheckService: Logger Service is running
07-23 12:01:27.272  4147  4147 I PhoneLab-Locks: wake lock acquired
07-23 12:01:27.276  4147  4147 I PhoneLab-StatusMonitor: Status Monitoring is started
07-23 12:01:27.280  4147  5978 I PhoneLab-Locks: wake lock acquired
07-23 12:01:27.280  4147  5978 I PhoneLab-PeriodicCheckService: Rescheduling periodic checking...
07-23 12:01:27.284  4147  5978 I PhoneLab-Locks: wake lock released
07-23 12:01:27.292  4147  4147 E PhoneLab-PhoneLabManifest: java.io.FileNotFoundException: /data/data/edu.buffalo.cse.phonelab.phonelabservices/files/manifest.xml: open failed: ENOENT (No such file or directory)
07-23 12:01:27.308  4147  4147 I PhoneLab-Locks: wake lock released
07-23 12:01:27.308  4147  4147 I PhoneLab-UploadLogs: Transfering log files now
07-23 12:01:27.308  4147  4147 I PhoneLab-UploadLogs: No log files to transfer
07-23 12:01:27.308  4147  4147 I PhoneLab-Locks: wake lock released
07-23 12:01:27.312  4147  4147 I PhoneLab-UploadLogs: OnStartCommand
07-23 12:01:28.046   144  1185 D AlarmManagerService: Kernel timezone updated to 240 minutes west of GMT
07-23 12:01:28.698   347   347 D SAN_SERVICE: *******************************************
07-23 12:01:28.698   347   347 D SAN_SERVICE: DM App Phone Service State - 0
07-23 12:01:28.698   347   347 D SAN_SERVICE: *******************************************
07-23 12:01:29.046   144   200 D NetUtils: android_net_utils_resetConnections in env=0x1f323c8 clazz=0x9d100001 iface=rmnet0 mask=0x3
07-23 12:01:29.046   144   200 D ConnectivityService: ConnectivityChange for mobile: DISCONNECTED/DISCONNECTED
07-23 12:01:29.046   144   200 D ConnectivityService: Attempting to switch to WIFI
07-23 12:01:29.046   144   200 D ConnectivityService: Attempting to switch to WIMAX
07-23 12:01:29.046   144   200 D ConnectivityService: Attempting to switch to BLUETOOTH_TETHER
07-23 12:01:29.046   144   200 D ConnectivityService: resetConnections(rmnet0, 3)
07-23 12:01:30.335   347   347 D SAN_SERVICE: *******************************************
07-23 12:01:30.335   347   347 D SAN_SERVICE: DM App Phone Service State - 0
07-23 12:01:30.335   347   347 D SAN_SERVICE: *******************************************
07-23 12:01:31.081   347   347 D SAN_SERVICE: *******************************************
07-23 12:01:31.081   347   347 D SAN_SERVICE: DM App Phone Service State - 0
07-23 12:01:31.081   347   347 D SAN_SERVICE: *******************************************
07-23 12:01:32.065   144   204 D Tethering: MasterInitialState.processMessage what=3
07-23 12:01:32.140   144   204 D Tethering: MasterInitialState.processMessage what=3
07-23 12:01:32.206  4346  4346 I MediaUploader: No need to wake up
07-23 12:01:32.382   144   147 D dalvikvm: GC_CONCURRENT freed 1979K, 21% free 19280K/24263K, paused 3ms+11ms
07-23 12:01:32.397  4424  4424 W ContextScopeImpl: thread=1 tried to enter the scope of the application context. Ignored.
07-23 12:01:32.464  4346  4346 I MediaUploader: No need to wake up
07-23 12:01:32.472  4088  4369 D PicasaSyncManager: active network: NetworkInfo: type: WIFI[], state: CONNECTED/CONNECTED, reason: (unspecified), extra: (none), roaming: false, failover: false, isAvailable: true
07-23 12:01:32.487  4088  4369 D PicasaSyncManager: background data: true
07-23 12:01:32.530  4424  4424 W ContextScopeImpl: thread=1 tried to enter the scope of the application context. Ignored.
07-23 12:01:32.554  4088  4369 D PicasaSyncManager: active network: NetworkInfo: type: WIFI[], state: CONNECTED/CONNECTED, reason: (unspecified), extra: (none), roaming: false, failover: false, isAvailable: true
07-23 12:01:32.558  4088  4369 D PicasaSyncManager: background data: true
07-23 12:01:32.628   144   200 D ConnectivityService: handleInetConditionHoldEnd: net=1, condition=100, published condition=100
07-23 12:01:32.671   144 29906 D dalvikvm: GC_EXPLICIT freed 339K, 22% free 19111K/24263K, paused 3ms+8ms
07-23 12:01:39.827   347   347 D SAN_SERVICE: *******************************************
07-23 12:01:39.827   347   347 D SAN_SERVICE: DM App Phone Service State - 0
07-23 12:01:39.827   347   347 D SAN_SERVICE: *******************************************
07-23 12:01:45.511  4411  4413 D dalvikvm: GC_CONCURRENT freed 456K, 12% free 10828K/12231K, paused 7ms+3ms
07-23 12:01:45.651  3240  3242 D dalvikvm: GC_CONCURRENT freed 459K, 7% free 10323K/11015K, paused 3ms+3ms
07-23 12:01:49.276   144 14395 D AlarmManagerService: Kernel timezone updated to 240 minutes west of GMT
07-23 12:01:55.819   144   385 D AlarmManagerService: Kernel timezone updated to 240 minutes west of GMT
07-23 12:01:55.831   347   347 D SAN_SERVICE: *******************************************
07-23 12:01:55.831   347   347 D SAN_SERVICE: DM App Phone Service State - 0
07-23 12:01:55.835   347   347 D SAN_SERVICE: *******************************************
07-23 12:01:59.433   144   200 D NetUtils: android_net_utils_resetConnections in env=0x1f323c8 clazz=0xa8700001 iface=rmnet0 mask=0x3
07-23 12:01:59.433   144   200 D ConnectivityService: ConnectivityChange for mobile: DISCONNECTED/DISCONNECTED
07-23 12:01:59.433   144   200 D ConnectivityService: Attempting to switch to WIFI
07-23 12:01:59.433   144   200 D ConnectivityService: Attempting to switch to WIMAX
07-23 12:01:59.433   144   200 D ConnectivityService: Attempting to switch to BLUETOOTH_TETHER
07-23 12:01:59.433   144   200 D ConnectivityService: resetConnections(rmnet0, 3)
07-23 12:02:01.401   347   347 D SAN_SERVICE: *******************************************
07-23 12:02:01.401   347   347 D SAN_SERVICE: DM App Phone Service State - 0
07-23 12:02:01.401   347   347 D SAN_SERVICE: *******************************************
07-23 12:02:02.460   144   204 D Tethering: MasterInitialState.processMessage what=3
07-23 12:02:02.589   144   204 D Tethering: MasterInitialState.processMessage what=3
07-23 12:02:02.597  1857  1858 D dalvikvm: GC_CONCURRENT freed 372K, 7% free 10384K/11143K, paused 2ms+3ms
07-23 12:02:02.628  4346  4346 I MediaUploader: No need to wake up
07-23 12:02:02.702  4424  4424 W ContextScopeImpl: thread=1 tried to enter the scope of the application context. Ignored.
07-23 12:02:02.737  4088  4369 D PicasaSyncManager: active network: NetworkInfo: type: WIFI[], state: CONNECTED/CONNECTED, reason: (unspecified), extra: (none), roaming: false, failover: false, isAvailable: true
07-23 12:02:02.741  4088  4369 D PicasaSyncManager: background data: true
07-23 12:02:02.749  4346  4346 I MediaUploader: No need to wake up
07-23 12:02:02.796  4088  4369 D PicasaSyncManager: active network: NetworkInfo: type: WIFI[], state: CONNECTED/CONNECTED, reason: (unspecified), extra: (none), roaming: false, failover: false, isAvailable: true
07-23 12:02:02.815  4424  4424 W ContextScopeImpl: thread=1 tried to enter the scope of the application context. Ignored.
07-23 12:02:02.827  4088  4369 D PicasaSyncManager: background data: true
07-23 12:02:02.866  4370  4370 D dalvikvm: GC_EXPLICIT freed 367K, 6% free 10763K/11335K, paused 3ms+3ms
07-23 12:02:02.972  4103  4105 D dalvikvm: GC_CONCURRENT freed 362K, 6% free 9340K/9927K, paused 2ms+3ms
07-23 12:02:03.026   144   200 D ConnectivityService: handleInetConditionHoldEnd: net=1, condition=100, published condition=100
07-23 12:02:03.987  4147  4160 I PhoneLab-: Service Running
07-23 12:02:04.085  4147  4160 I PhoneLab-LoggerService: app_37    1303  1     1440   988   c00f181c 400107b4 S logcat
07-23 12:02:04.085  4147  4160 I PhoneLab-LoggerService: Logcat pid from database 1303
07-23 12:02:04.085  4147  4160 I PhoneLab-LoggerService: Logcat process found 1303
07-23 12:02:04.085  4147  4160 I PhoneLab-LoggerService: Checking Threshold
07-23 12:02:08.780  5403  5404 D dalvikvm: GC_CONCURRENT freed 641K, 7% free 11398K/12167K, paused 10ms+3ms
07-23 12:02:10.862   144  1184 D AlarmManagerService: Kernel timezone updated to 240 minutes west of GMT
07-23 12:02:13.343   347   347 D SAN_SERVICE: *******************************************
07-23 12:02:13.343   347   347 D SAN_SERVICE: DM App Phone Service State - 0
07-23 12:02:13.343   347   347 D SAN_SERVICE: *******************************************
07-23 12:02:13.882   347   347 D SAN_SERVICE: *******************************************
07-23 12:02:13.882   347   347 D SAN_SERVICE: DM App Phone Service State - 0
07-23 12:02:13.882   347   347 D SAN_SERVICE: *******************************************
07-23 12:02:14.179   347   347 D SAN_SERVICE: *******************************************
07-23 12:02:14.179   347   347 D SAN_SERVICE: DM App Phone Service State - 0
07-23 12:02:14.179   347   347 D SAN_SERVICE: *******************************************
07-23 12:02:14.905   347   347 D SAN_SERVICE: *******************************************
07-23 12:02:14.905   347   347 D SAN_SERVICE: DM App Phone Service State - 0
07-23 12:02:14.905   347   347 D SAN_SERVICE: *******************************************
07-23 12:02:24.604   144   323 D AlarmManagerService: Kernel timezone updated to 240 minutes west of GMT
07-23 12:02:31.147   144   200 D ConnectivityService: ConnectivityChange for mobile: DISCONNECTED/DISCONNECTED
07-23 12:02:31.147   144   200 D ConnectivityService: Attempting to switch to WIFI
07-23 12:02:31.147   144   200 D ConnectivityService: Attempting to switch to WIMAX
07-23 12:02:31.147   144   200 D ConnectivityService: Attempting to switch to BLUETOOTH_TETHER
07-23 12:02:31.151   144   200 D NetUtils: android_net_utils_resetConnections in env=0x1f323c8 clazz=0xb3400001 iface=rmnet0 mask=0x3
07-23 12:02:31.151   144   200 D ConnectivityService: resetConnections(rmnet0, 3)
07-23 12:02:31.429   144   147 D dalvikvm: GC_CONCURRENT freed 1924K, 21% free 19234K/24263K, paused 2ms+19ms
07-23 12:02:34.194   144   204 D Tethering: MasterInitialState.processMessage what=3
07-23 12:02:34.229   144   204 D Tethering: MasterInitialState.processMessage what=3
07-23 12:02:34.272  4346  4346 I MediaUploader: No need to wake up
07-23 12:02:34.354  4424  4424 W ContextScopeImpl: thread=1 tried to enter the scope of the application context. Ignored.
07-23 12:02:34.386  4088  4369 D PicasaSyncManager: active network: NetworkInfo: type: WIFI[], state: CONNECTED/CONNECTED, reason: (unspecified), extra: (none), roaming: false, failover: false, isAvailable: true
07-23 12:02:34.394  4346  4346 I MediaUploader: No need to wake up
07-23 12:02:34.456  4424  4424 W ContextScopeImpl: thread=1 tried to enter the scope of the application context. Ignored.
07-23 12:02:34.487  4088  4369 D PicasaSyncManager: background data: true
07-23 12:02:34.491  4088  4369 D PicasaSyncManager: active network: NetworkInfo: type: WIFI[], state: CONNECTED/CONNECTED, reason: (unspecified), extra: (none), roaming: false, failover: false, isAvailable: true
07-23 12:02:34.503  4088  4369 D PicasaSyncManager: background data: true
07-23 12:02:34.741   144   200 D ConnectivityService: handleInetConditionHoldEnd: net=1, condition=100, published condition=100
07-23 12:02:36.144   220   220 D PhoneStatusBar: disable: < expand icons alerts ticker system_info BACK HOME recent* CLOCK >
07-23 12:02:36.226   220   220 D PhoneStatusBar: disable: < expand icons alerts ticker system_info back* home* recent clock* >
07-23 12:02:36.233   144   359 W InputManagerService: Window already focused, ignoring focus gain of: com.android.internal.view.IInputMethodClient$Stub$Proxy@419b30a0
07-23 12:02:36.433  1857  1858 D dalvikvm: GC_CONCURRENT freed 340K, 7% free 10431K/11143K, paused 4ms+4ms
07-23 12:02:36.933  3956  3959 D dalvikvm: GC_CONCURRENT freed 331K, 7% free 9627K/10311K, paused 8ms+4ms
07-23 12:02:37.241  3956  3959 D dalvikvm: GC_CONCURRENT freed 385K, 7% free 9627K/10311K, paused 2ms+3ms
07-23 12:02:37.382  3956  3973 D dalvikvm: GC_EXPLICIT freed 236K, 8% free 9576K/10311K, paused 2ms+3ms
07-23 12:02:37.827   144 28547 D dalvikvm: GC_EXPLICIT freed 904K, 22% free 19130K/24263K, paused 3ms+9ms
07-23 12:02:37.921  1857  1858 D dalvikvm: GC_CONCURRENT freed 360K, 7% free 10458K/11143K, paused 2ms+3ms
07-23 12:02:38.370   144   156 I ActivityManager: START {act=android.intent.action.VIEW dat=fb-messenger://thread/t_id.208547309250856 flg=0x4000000 cmp=com.facebook.orca/.intents.IntentHandler bnds=[0,216][480,312] (has extras)} from pid -1
07-23 12:02:38.409   144   156 W ActivityManager: startActivity called from non-Activity context; forcing Intent.FLAG_ACTIVITY_NEW_TASK for: Intent { act=android.intent.action.VIEW dat=fb-messenger://thread/t_id.208547309250856 flg=0x4000000 cmp=com.facebook.orca/.intents.IntentHandler bnds=[0,216][480,312] (has extras) }
07-23 12:02:38.464   144   374 W KeyguardViewMediator: verifyUnlock called when not externally disabled
07-23 12:02:38.683   144 28547 I ActivityManager: Start proc com.facebook.orca for activity com.facebook.orca/.intents.IntentHandler: pid=6013 uid=10062 gids={3003, 1015, 1006}
07-23 12:02:38.714   144   155 W InputManagerService: Window already focused, ignoring focus gain of: com.android.internal.view.IInputMethodClient$Stub$Proxy@418d96b0
07-23 12:02:38.729  6013  6013 I dalvikvm: Turning on JNI app bug workarounds for target SDK version 10...
07-23 12:02:38.933  6013  6013 I ActivityThread: Pub com.facebook.orca.notify.MessengerLoggedInUserProvider: com.facebook.orca.notify.MessengerLoggedInUserProvider
07-23 12:02:38.944  6013  6013 I ActivityThread: Pub com.facebook.orca.notify.MessengerForegroundProvider: com.facebook.orca.notify.MessengerForegroundProvider
07-23 12:02:38.952  6013  6013 V orca:OrcaApplication: Forcing initialization of AsyncTask
07-23 12:02:38.976 18569 18569 D OpenGLRenderer: Flushing caches (mode 1)
07-23 12:02:38.987 18569 18569 D OpenGLRenderer: Flushing caches (mode 0)
07-23 12:02:39.077  6013  6015 D dalvikvm: GC_CONCURRENT freed 228K, 4% free 9307K/9607K, paused 2ms+3ms
07-23 12:02:39.104  6013  6013 I Finalizer: Couldn't access Thread.inheritableThreadLocals. Reference finalizer threads will inherit thread local values.
07-23 12:02:39.237  6013  6015 D dalvikvm: GC_CONCURRENT freed 354K, 5% free 9456K/9927K, paused 2ms+2ms
07-23 12:02:39.253   144   160 I Process : Sending signal. PID: 6013 SIG: 3
07-23 12:02:39.253  6013  6018 I dalvikvm: threadid=3: reacting to signal 3
07-23 12:02:39.269  6013  6018 I dalvikvm: Wrote stack traces to '/data/anr/traces.txt'
07-23 12:02:39.354  6013  6013 W OrcaGuiceModule: Sig: ijxLJi1yGs1JpL-X1SExmchvork
07-23 12:02:39.448  6013  6015 D dalvikvm: GC_CONCURRENT freed 322K, 4% free 9661K/10055K, paused 2ms+4ms
07-23 12:02:39.479   144  1184 I ActivityManager: START {cmp=com.facebook.orca/.app.SplashScreenActivity (has extras)} from pid 6013
07-23 12:02:39.581   220   220 V PhoneStatusBar: setLightsOn(true)
07-23 12:02:39.616  6013  6013 D libEGL  : loaded /system/lib/egl/libGLES_android.so
07-23 12:02:39.675  6013  6013 D libEGL  : loaded /vendor/lib/egl/libEGL_POWERVR_SGX540_120.so
07-23 12:02:39.729  6013  6013 D libEGL  : loaded /vendor/lib/egl/libGLESv1_CM_POWERVR_SGX540_120.so
07-23 12:02:39.749  6013  6013 D libEGL  : loaded /vendor/lib/egl/libGLESv2_POWERVR_SGX540_120.so
07-23 12:02:39.925  6013  6013 D OpenGLRenderer: Enabling debug mode 0
07-23 12:02:39.940  6013  6028 W Resources: Converting to string: TypedValue{t=0x10/d=0xffffffff a=-1}
07-23 12:02:39.999   144   160 I Process : Sending signal. PID: 6013 SIG: 3
07-23 12:02:39.999  6013  6018 I dalvikvm: threadid=3: reacting to signal 3
07-23 12:02:40.034  6013  6018 I dalvikvm: Wrote stack traces to '/data/anr/traces.txt'
07-23 12:02:40.065   144   174 I ActivityManager: Displayed com.facebook.orca/.app.SplashScreenActivity: +573ms (total +1s607ms)
07-23 12:02:40.077   144   498 I ActivityManager: START {act=android.intent.action.VIEW dat=fb-messenger://thread/t_id.208547309250856 flg=0x4000000 cmp=com.facebook.orca/.intents.IntentHandler bnds=[0,216][480,312] (has extras)} from pid 6013
07-23 12:02:40.179  6013  6015 D dalvikvm: GC_CONCURRENT freed 304K, 4% free 9872K/10247K, paused 4ms+3ms
07-23 12:02:40.327  6013  6015 D dalvikvm: GC_CONCURRENT freed 322K, 4% free 10105K/10503K, paused 2ms+8ms
07-23 12:02:40.366  6013  6028 D dalvikvm: GC_FOR_ALLOC freed 73K, 5% free 10167K/10631K, paused 20ms
07-23 12:02:40.425  6013  6028 D dalvikvm: GC_FOR_ALLOC freed 196K, 6% free 10193K/10759K, paused 21ms
07-23 12:02:40.433  6013  6013 D ACRA    : Retrieve application default SharedPreferences.
07-23 12:02:40.433  6013  6013 D ACRA    : Set OnSharedPreferenceChangeListener.
07-23 12:02:40.437  6013  6013 D ACRA    : ACRA is enabled for com.facebook.orca, intializing...
07-23 12:02:40.476  6013  6028 D dalvikvm: GC_FOR_ALLOC freed 78K, 5% free 10276K/10759K, paused 21ms
07-23 12:02:40.530  6013  6028 D dalvikvm: GC_FOR_ALLOC freed 206K, 6% free 10319K/10887K, paused 21ms
07-23 12:02:40.538  6013  6013 D ACRA    : Looking for error files in /data/data/com.facebook.orca/app_acra-reports
07-23 12:02:40.667   144 14395 I ActivityManager: START {cmp=com.facebook.orca/.threadview.ThreadViewActivity (has extras)} from pid 6013
07-23 12:02:40.815  6013  6015 D dalvikvm: GC_CONCURRENT freed 381K, 5% free 10498K/10951K, paused 32ms+5ms
07-23 12:02:41.034  6013  6015 D dalvikvm: GC_CONCURRENT freed 279K, 4% free 10793K/11143K, paused 5ms+9ms
07-23 12:02:41.050   144   160 I Process : Sending signal. PID: 6013 SIG: 3
07-23 12:02:41.050  6013  6018 I dalvikvm: threadid=3: reacting to signal 3
07-23 12:02:41.089  6013  6018 I dalvikvm: Wrote stack traces to '/data/anr/traces.txt'
07-23 12:02:41.171   144   160 I Process : Sending signal. PID: 6013 SIG: 3
07-23 12:02:41.171  6013  6018 I dalvikvm: threadid=3: reacting to signal 3
07-23 12:02:41.171   144   160 W ActivityManager: Activity pause timeout for ActivityRecord{417af250 com.facebook.orca/.intents.IntentHandler}
07-23 12:02:41.202  6013  6018 I dalvikvm: Wrote stack traces to '/data/anr/traces.txt'
07-23 12:02:41.362  6013  6015 D dalvikvm: GC_CONCURRENT freed 399K, 5% free 10993K/11463K, paused 3ms+6ms
07-23 12:02:41.597  6013  6015 D dalvikvm: GC_CONCURRENT freed 302K, 4% free 11414K/11783K, paused 12ms+4ms
07-23 12:02:41.710   144   160 I Process : Sending signal. PID: 6013 SIG: 3
07-23 12:02:41.710  6013  6018 I dalvikvm: threadid=3: reacting to signal 3
07-23 12:02:41.737  6013  6018 I dalvikvm: Wrote stack traces to '/data/anr/traces.txt'
07-23 12:02:41.843  6013  6015 D dalvikvm: GC_CONCURRENT freed 254K, 3% free 11970K/12295K, paused 6ms+3ms
07-23 12:02:42.093   220   222 D dalvikvm: GC_CONCURRENT freed 491K, 28% free 10260K/14215K, paused 2ms+3ms
07-23 12:02:42.218   144   160 I Process : Sending signal. PID: 6013 SIG: 3
07-23 12:02:42.222  6013  6018 I dalvikvm: threadid=3: reacting to signal 3
07-23 12:02:42.241   220   222 D dalvikvm: GC_CONCURRENT freed 588K, 29% free 10119K/14215K, paused 2ms+5ms
07-23 12:02:42.546  6013  6018 I dalvikvm: Wrote stack traces to '/data/anr/traces.txt'
07-23 12:02:43.386   144   160 I Process : Sending signal. PID: 6013 SIG: 3
07-23 12:02:43.390  6013  6018 I dalvikvm: threadid=3: reacting to signal 3
07-23 12:02:43.444  6013  6018 I dalvikvm: Wrote stack traces to '/data/anr/traces.txt'
07-23 12:02:43.452   220   220 V PhoneStatusBar: setLightsOn(true)
07-23 12:02:43.499   144   160 I Process : Sending signal. PID: 6013 SIG: 3
07-23 12:02:43.499  6013  6018 I dalvikvm: threadid=3: reacting to signal 3
07-23 12:02:43.538  6013  6018 I dalvikvm: Wrote stack traces to '/data/anr/traces.txt'
07-23 12:02:43.675   144  8560 I ActivityManager: Process com.chess (pid 5524) has died.
07-23 12:02:43.690   144   174 I ActivityManager: Displayed com.facebook.orca/.threadview.ThreadViewActivity: +2s480ms (total +3s140ms)
07-23 12:02:43.718  6013  6013 D OpenGLRenderer: Flushing caches (mode 0)
07-23 12:02:43.788  6013  6015 D dalvikvm: GC_CONCURRENT freed 1004K, 9% free 11988K/13063K, paused 3ms+4ms
07-23 12:02:44.112  6013  6015 D dalvikvm: GC_CONCURRENT freed 855K, 7% free 12172K/13063K, paused 3ms+5ms
07-23 12:02:44.655  6013  6015 D dalvikvm: GC_CONCURRENT freed 661K, 6% free 12587K/13319K, paused 3ms+6ms
07-23 12:02:44.995   144  1184 I ActivityManager: Process com.google.android.talk (pid 4460) has died.
07-23 12:02:45.015  6013  6015 D dalvikvm: GC_CONCURRENT freed 1141K, 10% free 12571K/13831K, paused 4ms+9ms
07-23 12:02:45.136  6013  6034 D dalvikvm: GC_FOR_ALLOC freed 392K, 9% free 12681K/13831K, paused 38ms
07-23 12:02:45.210  6013  6034 D dalvikvm: GC_FOR_ALLOC freed 72K, 9% free 12765K/13959K, paused 36ms
07-23 12:02:45.479  2446  2449 D dalvikvm: GC_CONCURRENT freed 177K, 3% free 9954K/10247K, paused 2ms+5ms
07-23 12:02:45.644  2446  2446 D dalvikvm: GC_FOR_ALLOC freed 266K, 5% free 10034K/10503K, paused 16ms
07-23 12:02:45.683  1857  1927 D androidNetworkLocationListeners: Still have listener com.google.android.location.internal.client.NetworkLocationClient$1@4131e700
07-23 12:02:45.710  1857  1927 D androidNetworkLocationListeners: Still have listener com.google.android.location.internal.client.NetworkLocationClient$1@4131e700
07-23 12:02:45.776  2446  2446 D dalvikvm: GC_FOR_ALLOC freed 75K, 5% free 10034K/10503K, paused 18ms
07-23 12:02:45.780  2446  2446 I dalvikvm-heap: Grow heap (frag case) to 10.711MB for 885136-byte allocation
07-23 12:02:45.831  2446  2449 D dalvikvm: GC_CONCURRENT freed <1K, 5% free 10898K/11399K, paused 2ms+3ms
07-23 12:02:46.026  6013  6015 D dalvikvm: GC_CONCURRENT freed 1187K, 10% free 12817K/14087K, paused 9ms+5ms
07-23 12:02:46.218  1857  1864 I dalvikvm: Total arena pages for JIT: 11
07-23 12:02:46.218  1857  1864 I dalvikvm: Total arena pages for JIT: 12
07-23 12:02:46.218  1857  1864 I dalvikvm: Total arena pages for JIT: 13
07-23 12:02:46.218  1857  1864 I dalvikvm: Total arena pages for JIT: 14
07-23 12:02:46.222  1857  1864 I dalvikvm: Total arena pages for JIT: 15
07-23 12:02:46.222  1857  1864 I dalvikvm: Total arena pages for JIT: 16
07-23 12:02:46.222  1857  1864 I dalvikvm: Total arena pages for JIT: 17
07-23 12:02:46.616   144   144 I ActivityManager: Process com.android.sprintmenu (pid 4003) has died.
07-23 12:02:46.616   144   144 W ActivityManager: Scheduling restart of crashed service com.android.sprintmenu/.HiddenPhoneService in 5000ms
07-23 12:02:46.690   220   222 D dalvikvm: GC_CONCURRENT freed 241K, 28% free 10352K/14215K, paused 2ms+2ms
07-23 12:02:47.187  1857  1927 D androidNetworkLocationListeners: Still have listener com.google.android.location.internal.client.NetworkLocationClient$1@4131e700
07-23 12:02:47.300  3240  3242 D dalvikvm: GC_CONCURRENT freed 513K, 7% free 10313K/11015K, paused 7ms+4ms
07-23 12:02:47.433  6013  6015 D dalvikvm: GC_CONCURRENT freed 1133K, 9% free 12914K/14151K, paused 3ms+7ms
07-23 12:02:47.522   220   220 D dalvikvm: GC_FOR_ALLOC freed 454K, 28% free 10271K/14215K, paused 54ms
07-23 12:02:47.624   220   222 D dalvikvm: GC_CONCURRENT freed 351K, 27% free 10409K/14215K, paused 2ms+5ms
07-23 12:02:47.874  6013  6015 D dalvikvm: GC_CONCURRENT freed 1244K, 10% free 12922K/14279K, paused 3ms+4ms
07-23 12:02:48.163  6013  6015 D dalvikvm: GC_CONCURRENT freed 1247K, 10% free 12930K/14279K, paused 3ms+4ms
07-23 12:02:48.651  1857  1858 D dalvikvm: GC_CONCURRENT freed 534K, 6% free 10523K/11143K, paused 9ms+4ms
07-23 12:02:51.218  6013  6015 D dalvikvm: GC_CONCURRENT freed 1289K, 10% free 12973K/14343K, paused 3ms+6ms
07-23 12:02:51.308  1857  1927 D androidNetworkLocationListeners: Still have listener com.google.android.location.internal.client.NetworkLocationClient$1@4131e700
07-23 12:02:51.405  6013  6020 I dalvikvm: Jit: resizing JitTable from 4096 to 8192
07-23 12:02:51.409  1857  1927 D androidNetworkLocationListeners: Still have listener com.google.android.location.internal.client.NetworkLocationClient$1@4131e700
07-23 12:02:51.581   220   222 D dalvikvm: GC_CONCURRENT freed 393K, 27% free 10460K/14215K, paused 2ms+11ms
07-23 12:02:51.651   144   161 I ActivityManager: Start proc com.android.sprintmenu for service com.android.sprintmenu/.HiddenPhoneService: pid=6054 uid=1001 gids={3002, 3001, 3003, 1015}
07-23 12:02:51.710   347   347 D SAN_SERVICE: *******************************************
07-23 12:02:51.710   347   347 D SAN_SERVICE: DM App Phone Service State - 0
07-23 12:02:51.710   347   347 D SAN_SERVICE: *******************************************
07-23 12:02:51.788   220   222 D dalvikvm: GC_CONCURRENT freed 485K, 27% free 10454K/14215K, paused 2ms+5ms
07-23 12:02:51.835   144   497 I ActivityManager: Process android.process.acore (pid 3956) has died.
07-23 12:02:51.995   347   347 D SAN_SERVICE: *******************************************
07-23 12:02:51.995   347   347 D SAN_SERVICE: DM App Phone Service State - 0
07-23 12:02:51.995   347   347 D SAN_SERVICE: *******************************************
07-23 12:02:52.237   144   179 I ActivityManager: START {act=android.intent.action.MAIN cat=[android.intent.category.HOME] flg=0x10200000 cmp=com.android.launcher/com.android.launcher2.Launcher} from pid 144
07-23 12:02:52.433  6013  6013 D OpenGLRenderer: Flushing caches (mode 0)
07-23 12:02:52.495  6013  6013 W IInputConnectionWrapper: showStatusIcon on inactive InputConnection
07-23 12:02:52.495   144   359 W InputManagerService: Starting input on non-focused client com.android.internal.view.IInputMethodClient$Stub$Proxy@4184e510 (uid=10062 pid=6013)
07-23 12:02:52.569   220   222 D dalvikvm: GC_CONCURRENT freed 528K, 27% free 10401K/14215K, paused 2ms+5ms
07-23 12:02:52.687  6013  6013 D OpenGLRenderer: Flushing caches (mode 1)
07-23 12:02:52.733  1857  1935 D CellLocator: Primary cell miss in cache. Need server request.
07-23 12:02:52.784  1857  1927 D androidNetworkLocationListeners: Still have listener com.google.android.location.internal.client.NetworkLocationClient$1@4131e700
07-23 12:02:52.788  1857  1929 I System.out: [INFO:7235413]: LogSource: Running flush
07-23 12:02:52.792  1857  1931 I System.out: [INFO:7235420]: LogSource: Sending payload [bytes=645]
07-23 12:02:53.315   144  1184 D dalvikvm: JIT code cache reset in 23 ms (1048448 bytes 70/0)
07-23 12:02:53.378   144  1184 D dalvikvm: GC_EXPLICIT freed 1721K, 24% free 18453K/24263K, paused 21ms+48ms
07-23 12:02:53.569   220   222 D dalvikvm: GC_CONCURRENT freed 567K, 29% free 10220K/14215K, paused 2ms+3ms
07-23 12:02:53.831  1857  1858 D dalvikvm: GC_CONCURRENT freed 595K, 7% free 10374K/11143K, paused 4ms+10ms
07-23 12:02:54.030  1857  1931 I System.out: [INFO:7236657]: LogSource: Response [http=200,length=454]
07-23 12:02:54.030  1857  1929 I System.out: [INFO:7236659]: LogSource: Read id 2, status code 200
07-23 12:02:54.190  1857  1935 D CellLocator: Primary cell miss in cache. Need server request.
07-23 12:02:54.222  1857  1935 D WifiLocator: Too many no-location APs. Will not compute a location nor go to the server. hasLocation=0 noLocation=0 cacheMiss=0
07-23 12:02:54.417  6013  6015 D dalvikvm: GC_CONCURRENT freed 1107K, 9% free 13110K/14343K, paused 7ms+4ms
07-23 12:02:54.468   347   347 D SAN_SERVICE: *******************************************
07-23 12:02:54.468   347   347 D SAN_SERVICE: DM App Phone Service State - 0
07-23 12:02:54.468   347   347 D SAN_SERVICE: *******************************************
07-23 12:02:54.491   144   385 I ActivityManager: START {act=android.intent.action.VIEW dat=content://gmail-ls/account/lokeshmandvekar@gmail.com/label/^i/conversationId/1405775448540582152/maxServerMessageId/1408297780439275879/labels/lokeshmandvekar%40gmail.com^*^595230239^*^^i^*^Inbox^*^0^*^0^**^lokeshmandvekar%40gmail.com^*^-505^*^^^unseen-^i^*^^*^2147483647^*^1^**^lokeshmandvekar%40gmail.com^*^595230238^*^^f^*^Sent^*^0^*^0^**^lokeshmandvekar%40gmail.com^*^595230344^*^^iim^*^Priority+Inbox^*^0^*^0^**^lokeshmandvekar%40gmail.com^*^-506^*^^^unseen-^iim^*^^*^2147483647^*^1^**^lokeshmandvekar%40gmail.com^*^-65533^*^^o^*^%5Eo^*^0^*^1^**^lokeshmandvekar%40gmail.com^*^595230361^*^^io_im^*^Important^*^0^*^0^**^lokeshmandvekar%40gmail.com^*^595230240^*^^u^*^Unread^*^0^*^1 typ=application/gmail-ls flg=0x10008000 cmp=com.google.android.gm/.ConversationListActivityGmail bnds=[96,119][480,215] (has extras)} from pid -1
07-23 12:02:54.573   144   156 W KeyguardViewMediator: verifyUnlock called when not externally disabled
07-23 12:02:54.655   144   335 I ActivityManager: Start proc com.google.android.gm for activity com.google.android.gm/.ConversationListActivityGmail: pid=6076 uid=10075 gids={3003, 1015}
07-23 12:02:54.784    79    79 D dalvikvm: GC_EXPLICIT freed 37K, 4% free 9031K/9347K, paused 6ms+25ms
07-23 12:02:54.874   220   222 D dalvikvm: GC_CONCURRENT freed 752K, 30% free 9963K/14215K, paused 1ms+9ms
07-23 12:02:54.894    79    79 D dalvikvm: GC_EXPLICIT freed <1K, 4% free 9031K/9347K, paused 5ms+21ms
07-23 12:02:54.972   347   347 D SAN_SERVICE: *******************************************
07-23 12:02:54.972   347   347 D SAN_SERVICE: DM App Phone Service State - 0
07-23 12:02:54.972   347   347 D SAN_SERVICE: *******************************************
07-23 12:02:54.976  6076  6076 I ActivityThread: Pub gmail-ls: com.google.android.gm.provider.MailProvider
07-23 12:02:54.979    79    79 D dalvikvm: GC_EXPLICIT freed <1K, 4% free 9031K/9347K, paused 6ms+2ms
07-23 12:02:54.991 18569 18569 D OpenGLRenderer: Flushing caches (mode 1)
07-23 12:02:55.003 18569 18569 D OpenGLRenderer: Flushing caches (mode 0)
07-23 12:02:55.007  6076  6076 I ActivityThread: Pub com.google.android.gm: com.google.android.gm.provider.PublicContentProvider
07-23 12:02:55.015  6076  6076 I ActivityThread: Pub com.google.android.gmail.SuggestionProvider: com.google.android.gm.SuggestionsProvider
07-23 12:02:55.171  6076  6079 D dalvikvm: GC_CONCURRENT freed 217K, 4% free 9306K/9607K, paused 2ms+2ms
07-23 12:02:55.226   144   160 I Process : Sending signal. PID: 6076 SIG: 3
07-23 12:02:55.226  6076  6081 I dalvikvm: threadid=3: reacting to signal 3
07-23 12:02:55.409  6076  6081 I dalvikvm: Wrote stack traces to '/data/anr/traces.txt'
07-23 12:02:55.726   144   160 I Process : Sending signal. PID: 6076 SIG: 3
07-23 12:02:55.726  6076  6081 I dalvikvm: threadid=3: reacting to signal 3
07-23 12:02:55.769  6076  6081 I dalvikvm: Wrote stack traces to '/data/anr/traces.txt'
07-23 12:02:56.026  6076  6079 D dalvikvm: GC_CONCURRENT freed 232K, 4% free 9624K/9927K, paused 2ms+4ms
07-23 12:02:56.226   144   160 I Process : Sending signal. PID: 6076 SIG: 3
07-23 12:02:56.229  6076  6081 I dalvikvm: threadid=3: reacting to signal 3
07-23 12:02:56.237  6013  6015 D dalvikvm: GC_CONCURRENT freed 1418K, 11% free 13109K/14599K, paused 53ms+12ms
07-23 12:02:56.272  6076  6081 I dalvikvm: Wrote stack traces to '/data/anr/traces.txt'
07-23 12:02:56.386  6076  6079 D dalvikvm: GC_CONCURRENT freed 244K, 4% free 9827K/10183K, paused 2ms+7ms
07-23 12:02:56.448  6076  6076 D dalvikvm: GC_FOR_ALLOC freed 20K, 4% free 9811K/10183K, paused 33ms
07-23 12:02:56.468  6076  6076 I dalvikvm-heap: Grow heap (frag case) to 10.382MB for 768016-byte allocation
07-23 12:02:56.511  6076  6079 D dalvikvm: GC_CONCURRENT freed 0K, 4% free 10561K/10951K, paused 3ms+9ms
07-23 12:02:56.655  6076  6093 I Gmail   : calculateUnknownSyncRationalesAndPurgeInBackground: queueing
07-23 12:02:56.757   144   160 I Process : Sending signal. PID: 6076 SIG: 3
07-23 12:02:56.757  6076  6081 I dalvikvm: threadid=3: reacting to signal 3
07-23 12:02:56.835  6076  6081 I dalvikvm: Wrote stack traces to '/data/anr/traces.txt'
07-23 12:02:57.132  6076  6076 D libEGL  : loaded /system/lib/egl/libGLES_android.so
07-23 12:02:57.144  6076  6076 D libEGL  : loaded /vendor/lib/egl/libEGL_POWERVR_SGX540_120.so
07-23 12:02:57.175  6076  6076 D libEGL  : loaded /vendor/lib/egl/libGLESv1_CM_POWERVR_SGX540_120.so
07-23 12:02:57.183  6076  6076 D libEGL  : loaded /vendor/lib/egl/libGLESv2_POWERVR_SGX540_120.so
07-23 12:02:57.229   144   160 I Process : Sending signal. PID: 6076 SIG: 3
07-23 12:02:57.229  6076  6081 I dalvikvm: threadid=3: reacting to signal 3
07-23 12:02:57.241  6076  6079 D dalvikvm: GC_CONCURRENT freed 254K, 4% free 10755K/11143K, paused 20ms+6ms
07-23 12:02:57.272  6076  6081 I dalvikvm: Wrote stack traces to '/data/anr/traces.txt'
07-23 12:02:57.315  6076  6076 D OpenGLRenderer: Enabling debug mode 0
07-23 12:02:57.562  6076  6093 I Gmail   : calculateUnknownSyncRationalesAndPurgeInBackground: queueing
07-23 12:02:57.733   144   160 I Process : Sending signal. PID: 6076 SIG: 3
07-23 12:02:57.733  6076  6081 I dalvikvm: threadid=3: reacting to signal 3
07-23 12:02:57.769  6076  6081 I dalvikvm: Wrote stack traces to '/data/anr/traces.txt'
07-23 12:02:57.780   144   174 I ActivityManager: Displayed com.google.android.gm/.ConversationListActivityGmail: +3s204ms
07-23 12:02:57.894   144   323 I ActivityManager: Process com.android.providers.calendar (pid 5958) has died.
07-23 12:02:58.233   144   385 I ActivityManager: Process com.android.deskclock (pid 5945) has died.
07-23 12:02:58.456  6013  6015 D dalvikvm: GC_CONCURRENT freed 1399K, 11% free 13072K/14599K, paused 2ms+8ms
07-23 12:02:58.737  6076  6079 D dalvikvm: GC_CONCURRENT freed 226K, 4% free 11047K/11399K, paused 58ms+18ms
07-23 12:02:58.741  6076  6093 I Gmail   : calculateUnknownSyncRationalesAndPurgeInBackground: running
07-23 12:02:58.858  6076  6093 I Gmail   : calculateUnknownSyncRationalesAndPurgeInBackground: running
07-23 12:02:59.472  6013  6115 D dalvikvm: GC_FOR_ALLOC freed 343K, 10% free 13150K/14599K, paused 319ms
07-23 12:02:59.608   144  8560 I ActivityManager: Process com.twitter.android (pid 5403) has died.
07-23 12:02:59.667  6013  6040 D dalvikvm: GC_FOR_ALLOC freed 271K, 11% free 13129K/14599K, paused 40ms
07-23 12:02:59.964   144   323 I ActivityManager: Start proc android.process.acore for content provider com.android.providers.contacts/.ContactsProvider2: pid=6116 uid=10000 gids={3003, 1015}
07-23 12:03:00.140  6116  6116 I ActivityThread: Pub call_log: com.android.providers.contacts.CallLogProvider
07-23 12:03:00.198  6116  6116 I ActivityThread: Pub com.android.voicemail: com.android.providers.contacts.VoicemailContentProvider
07-23 12:03:00.198  6116  6116 I ActivityThread: Pub user_dictionary: com.android.providers.userdictionary.UserDictionaryProvider
07-23 12:03:00.210  6116  6116 I ActivityThread: Pub com.android.social: com.android.providers.contacts.SocialProvider
07-23 12:03:00.210  6116  6116 I ActivityThread: Pub applications: com.android.providers.applications.ApplicationsProvider
07-23 12:03:00.347  6116  6116 I ActivityThread: Pub contacts;com.android.contacts: com.android.providers.contacts.ContactsProvider2
07-23 12:03:00.437  6116  6119 D dalvikvm: GC_CONCURRENT freed 345K, 5% free 9191K/9607K, paused 12ms+11ms
07-23 12:03:00.632  6076  6079 D dalvikvm: GC_CONCURRENT freed 517K, 6% free 11134K/11783K, paused 2ms+4ms
07-23 12:03:00.952  6076  6129 I Gmail   : Sending notification intent: Intent { act=android.intent.action.PROVIDER_CHANGED dat=content://gmail-ls/unread/^i (has extras) }
07-23 12:03:01.159  6013  6133 D dalvikvm: GC_FOR_ALLOC freed 424K, 11% free 13088K/14599K, paused 50ms
07-23 12:03:01.362  6076  6129 I Gmail   : Sending notification intent: Intent { act=android.intent.action.PROVIDER_CHANGED dat=content://gmail-ls/unread/^iim (has extras) }
07-23 12:03:01.440  6116  6119 D dalvikvm: GC_CONCURRENT freed 228K, 4% free 9374K/9735K, paused 11ms+15ms
07-23 12:03:01.487  1857  1858 D dalvikvm: GC_CONCURRENT freed 390K, 7% free 10369K/11143K, paused 2ms+3ms
07-23 12:03:01.659  6076  6076 D dalvikvm: GC_FOR_ALLOC freed 1045K, 12% free 10440K/11783K, paused 61ms
07-23 12:03:01.667  6076  6076 I dalvikvm-heap: Grow heap (frag case) to 10.997MB for 768016-byte allocation
07-23 12:03:01.729  6076  6079 D dalvikvm: GC_CONCURRENT freed 66K, 6% free 11123K/11783K, paused 6ms+8ms
07-23 12:03:01.772  6076  6138 I Gmail   : MainSyncRequestProto: lowestBkwdConvoId: 0, highestHandledServerOp: 3339082, normalSync: true
07-23 12:03:02.179   144  1184 I ActivityManager: Process com.android.calendar (pid 5929) has died.
07-23 12:03:02.304  6013  6013 D OpenGLRenderer: Flushing caches (mode 1)
07-23 12:03:02.304 18569 18569 D OpenGLRenderer: Flushing caches (mode 1)
07-23 12:03:03.241  6076  6079 D dalvikvm: GC_CONCURRENT freed 363K, 4% free 11378K/11847K, paused 10ms+8ms
07-23 12:03:03.769  6116  6119 D dalvikvm: GC_CONCURRENT freed 175K, 4% free 9618K/9927K, paused 8ms+2ms
07-23 12:03:04.093   144   374 D AlarmManagerService: Kernel timezone updated to 240 minutes west of GMT
07-23 12:03:04.257 18569 18569 D OpenGLRenderer: Flushing caches (mode 1)
07-23 12:03:04.261  6013  6013 D OpenGLRenderer: Flushing caches (mode 1)
07-23 12:03:05.097  6076  6079 D dalvikvm: GC_CONCURRENT freed 626K, 6% free 11582K/12295K, paused 3ms+5ms
07-23 12:03:05.487  6076  6138 D dalvikvm: GC_EXPLICIT freed 388K, 7% free 11469K/12295K, paused 36ms+7ms
07-23 12:03:05.491  6076  6138 I Gmail   : MainSyncRequestProto: lowestBkwdConvoId: 0, highestHandledServerOp: 3339103, normalSync: true
07-23 12:03:05.495  6076  6138 I Gmail   : lowestBackward conversation id 0
07-23 12:03:05.909  6076  6149 I Gmail   : MainSyncRequestProto: lowestBkwdConvoId: 0, highestHandledServerOp: 3339103, normalSync: true
07-23 12:03:06.788  6076  6149 D dalvikvm: GC_EXPLICIT freed 273K, 6% free 11674K/12295K, paused 3ms+14ms
07-23 12:03:06.792  6076  6149 I Gmail   : MainSyncRequestProto: lowestBkwdConvoId: 0, highestHandledServerOp: 3339123, normalSync: true
07-23 12:03:06.796  6076  6149 I Gmail   : lowestBackward conversation id 0
07-23 12:03:12.112   144   335 D AlarmManagerService: Kernel timezone updated to 240 minutes west of GMT
07-23 12:03:15.187   144   156 D dalvikvm: GC_EXPLICIT freed 1051K, 25% free 18406K/24263K, paused 48ms+9ms
07-23 12:03:15.292   347   350 D dalvikvm: GC_CONCURRENT freed 905K, 13% free 12081K/13767K, paused 8ms+5ms
07-23 12:03:15.300   144   200 D ConnectivityService: ConnectivityChange for mobile: DISCONNECTED/DISCONNECTED
07-23 12:03:15.304   144   200 D ConnectivityService: Attempting to switch to WIFI
07-23 12:03:15.304   144   200 D ConnectivityService: Attempting to switch to WIMAX
07-23 12:03:15.319   144   200 D NetUtils: android_net_utils_resetConnections in env=0x1f323c8 clazz=0xbda00001 iface=rmnet0 mask=0x3
07-23 12:03:15.319   144   200 D ConnectivityService: Attempting to switch to BLUETOOTH_TETHER
07-23 12:03:15.319   144   200 D ConnectivityService: resetConnections(rmnet0, 3)
07-23 12:03:15.331   347   347 D SAN_SERVICE: *******************************************
07-23 12:03:15.331   347   347 D SAN_SERVICE: DM App Phone Service State - 0
07-23 12:03:15.331   347   347 D SAN_SERVICE: *******************************************
07-23 12:03:15.683  4411  4413 D dalvikvm: GC_CONCURRENT freed 598K, 13% free 10708K/12231K, paused 47ms+2ms
07-23 12:03:16.030   144  8560 D AlarmManagerService: Kernel timezone updated to 240 minutes west of GMT
07-23 12:03:18.390   144   204 D Tethering: MasterInitialState.processMessage what=3
07-23 12:03:18.444 18569 18569 D OpenGLRenderer: Flushing caches (mode 1)
07-23 12:03:18.448   144   204 D Tethering: MasterInitialState.processMessage what=3
07-23 12:03:18.472  6013  6013 D OpenGLRenderer: Flushing caches (mode 1)
07-23 12:03:18.749 18569 18569 D OpenGLRenderer: Flushing caches (mode 2)
07-23 12:03:18.753  4346  4346 I MediaUploader: No need to wake up
07-23 12:03:18.894 18569 18569 D OpenGLRenderer: Flushing caches (mode 0)
07-23 12:03:19.065  4088  4369 D PicasaSyncManager: active network: NetworkInfo: type: WIFI[], state: CONNECTED/CONNECTED, reason: (unspecified), extra: (none), roaming: false, failover: false, isAvailable: true
07-23 12:03:19.073  4088  4369 D PicasaSyncManager: background data: true
07-23 12:03:19.093  6013  6013 D OpenGLRenderer: Flushing caches (mode 1)
07-23 12:03:19.097  6013  6013 D OpenGLRenderer: Flushing caches (mode 2)
07-23 12:03:19.101  6013  6013 D OpenGLRenderer: Flushing caches (mode 0)
07-23 12:03:19.112   144   200 D ConnectivityService: handleInetConditionHoldEnd: net=1, condition=100, published condition=100
07-23 12:03:19.226  4424  4424 W ContextScopeImpl: thread=1 tried to enter the scope of the application context. Ignored.
07-23 12:03:19.327  1857  1857 D dalvikvm: GC_EXPLICIT freed 244K, 7% free 10389K/11143K, paused 4ms+5ms
07-23 12:03:19.347  4346  4346 I MediaUploader: No need to wake up
07-23 12:03:19.437  4088  4369 D PicasaSyncManager: active network: NetworkInfo: type: WIFI[], state: CONNECTED/CONNECTED, reason: (unspecified), extra: (none), roaming: false, failover: false, isAvailable: true
07-23 12:03:19.444  4424  4424 W ContextScopeImpl: thread=1 tried to enter the scope of the application context. Ignored.
07-23 12:03:19.456  4088  4369 D PicasaSyncManager: background data: true
07-23 12:03:19.499  4147  4149 D dalvikvm: GC_CONCURRENT freed 392K, 15% free 9119K/10631K, paused 2ms+2ms
07-23 12:03:19.862  6013  6131 D dalvikvm: GC_FOR_ALLOC freed 350K, 12% free 12985K/14599K, paused 130ms
07-23 12:03:20.710  1857  2118 I EventLogService: Aggregate from 1343057600590 (log), 1343057600590 (data)
07-23 12:03:23.499  6161  6161 D dalvikvm: Late-enabling CheckJNI
07-23 12:03:23.511   144   161 I ActivityManager: Start proc com.chess for broadcast com.chess/.backend.AlarmReceiver: pid=6161 uid=10079 gids={3003, 1015}
07-23 12:03:23.835  6161  6162 D dalvikvm: GC_CONCURRENT freed 154K, 3% free 9381K/9607K, paused 15ms+3ms
07-23 12:03:24.046  6161  6175 D GetStringObjTask: retrieving from url = http://www.chess.com/api/get_move_status?id=5HHjW9WUGa%2Bcu1LUwnVJPxTIWxmEve4VdkRnRyg7b5Ch69JH2Z5aB%2B7eGuFw8K2uFx47KFsdE3JRdR3Mzv0PkZOj6eZ8N73BvxmEERrzXjMNRo80rkLyJAUTh0iqof4n
07-23 12:03:24.327  6161  6175 D GetStringObjTask: WebRequest SERVER RESPONSE: Success+0
07-23 12:03:26.198   144   385 D AlarmManagerService: Kernel timezone updated to 240 minutes west of GMT
07-23 12:03:31.085  6076  6177 I Gmail   : MainSyncRequestProto: lowestBkwdConvoId: 0, highestHandledServerOp: 3339123, normalSync: true
07-23 12:03:31.097  6076  6177 I Gmail   : lowestBackward conversation id 0
07-23 12:03:47.089  3240  3242 D dalvikvm: GC_CONCURRENT freed 507K, 7% free 10316K/11015K, paused 7ms+3ms
07-23 12:04:01.194   144   147 D dalvikvm: GC_CONCURRENT freed 1903K, 25% free 18424K/24263K, paused 27ms+8ms
07-23 12:04:03.995  4147  4160 I PhoneLab-: Service Running
07-23 12:04:04.104  4147  4160 I PhoneLab-LoggerService: app_37    1303  1     1440   988   c00f181c 400107b4 S logcat
07-23 12:04:04.104  4147  4160 I PhoneLab-LoggerService: Logcat pid from database 1303
07-23 12:04:04.104  4147  4160 I PhoneLab-LoggerService: Logcat process found 1303
07-23 12:04:04.104  4147  4160 I PhoneLab-LoggerService: Checking Threshold
07-23 12:04:19.034   144 29906 D AlarmManagerService: Kernel timezone updated to 240 minutes west of GMT
07-23 12:04:29.276   144   144 D AlarmManagerService: Kernel timezone updated to 240 minutes west of GMT
07-23 12:04:31.276   144   168 I ActivityManager: Start proc com.google.android.apps.currents for service com.google.android.apps.currents/com.google.apps.dots.android.app.service.SyncService: pid=6184 uid=10078 gids={3003, 1015}
07-23 12:04:31.640  6184  6184 I ActivityThread: Pub com.google.apps.dots.android.app.provider.SuggestionProvider: com.google.apps.dots.android.app.provider.SuggestionProvider
07-23 12:04:31.671   144   497 I ActivityManager: Process android.process.acore (pid 6116) has died.
07-23 12:04:31.687  6184  6184 I ActivityThread: Pub com.google.android.apps.currents.exported: com.google.apps.dots.android.app.provider.ExportedContentProvider
07-23 12:04:31.784  6184  6186 D dalvikvm: GC_CONCURRENT freed 163K, 3% free 9373K/9607K, paused 18ms+3ms
07-23 12:04:31.843  6184  6186 D dalvikvm: GC_CONCURRENT freed 323K, 5% free 9522K/9991K, paused 1ms+2ms
07-23 12:04:31.979  6184  6186 D dalvikvm: GC_CONCURRENT freed 168K, 3% free 9829K/10119K, paused 2ms+3ms
07-23 12:04:32.155  6184  6186 D dalvikvm: GC_CONCURRENT freed 236K, 4% free 10090K/10439K, paused 2ms+2ms
07-23 12:04:32.202  6184  6184 I DotsContentUris: content://com.google.android.apps.currents
07-23 12:04:32.218  6184  6184 I ActivityThread: Pub com.google.android.apps.currents: com.google.apps.dots.android.app.provider.DotsContentProvider
07-23 12:04:32.229  6184  6184 I DotsApplication: Starting up...
07-23 12:04:32.562  6184  6186 D dalvikvm: GC_CONCURRENT freed 429K, 5% free 10186K/10695K, paused 3ms+2ms
07-23 12:04:32.772  6184  6204 I SyncService: Starting sync (12:04:32)
07-23 12:04:32.815  6184  6186 D dalvikvm: GC_CONCURRENT freed 302K, 4% free 10336K/10759K, paused 3ms+3ms
07-23 12:04:34.265   144   200 D ConnectivityService: ConnectivityChange for mobile: DISCONNECTED/DISCONNECTED
07-23 12:04:34.265   144   200 D ConnectivityService: Attempting to switch to WIFI
07-23 12:04:34.269   144   200 D ConnectivityService: Attempting to switch to WIMAX
07-23 12:04:34.269   144   200 D ConnectivityService: Attempting to switch to BLUETOOTH_TETHER
07-23 12:04:34.276   144   200 D NetUtils: android_net_utils_resetConnections in env=0x1f323c8 clazz=0xcb500001 iface=rmnet0 mask=0x3
07-23 12:04:34.276   144   200 D ConnectivityService: resetConnections(rmnet0, 3)
07-23 12:04:34.288   347   347 D SAN_SERVICE: *******************************************
07-23 12:04:34.288   347   347 D SAN_SERVICE: DM App Phone Service State - 0
07-23 12:04:34.288   347   347 D SAN_SERVICE: *******************************************
07-23 12:04:34.491  6184  6186 D dalvikvm: GC_CONCURRENT freed 277K, 4% free 10477K/10887K, paused 43ms+2ms
07-23 12:04:34.890  6184  6186 D dalvikvm: GC_CONCURRENT freed 219K, 4% free 10663K/11015K, paused 2ms+2ms
07-23 12:04:34.995  6184  6186 D dalvikvm: GC_CONCURRENT freed 447K, 6% free 10708K/11335K, paused 2ms+2ms
07-23 12:04:35.183  6184  6186 D dalvikvm: GC_CONCURRENT freed 506K, 6% free 10696K/11335K, paused 1ms+3ms
07-23 12:04:35.815   144 30155 D SyncManager: setSyncAutomatically: , provider com.google.android.apps.currents -> true
07-23 12:04:35.815   144 30155 D SyncManager: setSyncAutomatically: already set to true, doing nothing
07-23 12:04:35.979  6184  6186 D dalvikvm: GC_CONCURRENT freed 319K, 5% free 10808K/11335K, paused 3ms+3ms
07-23 12:04:36.151  6184  6186 D dalvikvm: GC_CONCURRENT freed 245K, 4% free 11108K/11463K, paused 3ms+2ms
07-23 12:04:36.429   144   374 D dalvikvm: GC_EXPLICIT freed 1654K, 25% free 18352K/24263K, paused 3ms+8ms
07-23 12:04:36.491  6184  6186 D dalvikvm: GC_CONCURRENT freed 273K, 4% free 11440K/11847K, paused 2ms+4ms
07-23 12:04:36.839  6184  6186 D dalvikvm: GC_CONCURRENT freed 1054K, 10% free 11114K/12295K, paused 2ms+3ms
07-23 12:04:37.179  6184  6186 D dalvikvm: GC_CONCURRENT freed 448K, 9% free 11241K/12295K, paused 3ms+4ms
07-23 12:04:37.362   144   204 D Tethering: MasterInitialState.processMessage what=3
07-23 12:04:37.413   144   204 D Tethering: MasterInitialState.processMessage what=3
07-23 12:04:37.655   144  8560 I ActivityManager: Process com.google.android.apps.gesturesearch (pid 5897) has died.
07-23 12:04:37.933  4346  4346 I MediaUploader: No need to wake up
07-23 12:04:38.112  4088  4369 D PicasaSyncManager: active network: NetworkInfo: type: WIFI[], state: CONNECTED/CONNECTED, reason: (unspecified), extra: (none), roaming: false, failover: false, isAvailable: true
07-23 12:04:38.124   144   200 D ConnectivityService: handleInetConditionHoldEnd: net=1, condition=100, published condition=100
07-23 12:04:38.128  4088  4369 D PicasaSyncManager: background data: true
07-23 12:04:38.132   144 29906 I ActivityManager: Process com.google.android.youtube (pid 4370) has died.
07-23 12:04:38.394  4424  4424 W ContextScopeImpl: thread=1 tried to enter the scope of the application context. Ignored.
07-23 12:04:38.444  4346  4346 I MediaUploader: No need to wake up
07-23 12:04:38.491   144   156 I ActivityManager: Start proc com.google.android.youtube for broadcast com.google.android.youtube/.app.prefetch.PrefetchService$DeviceStateReceiver: pid=6217 uid=10057 gids={3003, 1015, 1006}
07-23 12:04:38.499  4088  4369 D PicasaSyncManager: active network: NetworkInfo: type: WIFI[], state: CONNECTED/CONNECTED, reason: (unspecified), extra: (none), roaming: false, failover: false, isAvailable: true
07-23 12:04:38.507  4088  4369 D PicasaSyncManager: background data: true
07-23 12:04:38.851  6217  6220 D dalvikvm: GC_CONCURRENT freed 151K, 3% free 9357K/9607K, paused 6ms+2ms
07-23 12:04:38.913  6217  6217 I ActivityThread: Pub com.google.android.youtube.SuggestionProvider: com.google.android.youtube.core.suggest.SuggestionProvider
07-23 12:04:39.112  6013  6133 D dalvikvm: GC_FOR_ALLOC freed 626K, 11% free 13025K/14599K, paused 160ms
07-23 12:04:39.190  6184  6186 D dalvikvm: GC_CONCURRENT freed 577K, 9% free 11277K/12295K, paused 71ms+2ms
07-23 12:04:39.526  6217  6220 D dalvikvm: GC_CONCURRENT freed 315K, 5% free 9581K/9991K, paused 3ms+4ms
07-23 12:04:39.530  6217  6226 W CursorWrapperInner: Cursor finalized without prior close()
07-23 12:04:39.530  6217  6226 W CursorWrapperInner: Cursor finalized without prior close()
07-23 12:04:39.620  6217  6220 D dalvikvm: GC_CONCURRENT freed 325K, 4% free 9787K/10183K, paused 2ms+4ms
07-23 12:04:39.733  6217  6220 D dalvikvm: GC_CONCURRENT freed 378K, 5% free 9926K/10375K, paused 3ms+3ms
07-23 12:04:39.851  6217  6220 D dalvikvm: GC_CONCURRENT freed 367K, 5% free 10126K/10567K, paused 2ms+3ms
07-23 12:04:39.948  6217  6252 D dalvikvm: GC_FOR_ALLOC freed 331K, 4% free 10356K/10759K, paused 23ms
07-23 12:04:40.194  6217  6220 D dalvikvm: GC_CONCURRENT freed 470K, 6% free 10298K/10887K, paused 2ms+3ms
07-23 12:04:40.249  4424  4424 W ContextScopeImpl: thread=1 tried to enter the scope of the application context. Ignored.
07-23 12:04:40.382   144 14395 D dalvikvm: GC_EXPLICIT freed 1417K, 25% free 18367K/24263K, paused 4ms+9ms
07-23 12:04:40.776  6013  6034 D dalvikvm: GC_FOR_ALLOC freed 125K, 12% free 12991K/14599K, paused 112ms
07-23 12:04:41.288   347   347 D SAN_SERVICE: *******************************************
07-23 12:04:41.288   347   347 D SAN_SERVICE: DM App Phone Service State - 0
07-23 12:04:41.288   347   347 D SAN_SERVICE: *******************************************
07-23 12:04:41.706  6217  6220 D dalvikvm: GC_CONCURRENT freed 331K, 5% free 10443K/10887K, paused 3ms+4ms
07-23 12:04:41.999  6184  6186 D dalvikvm: GC_CONCURRENT freed 609K, 9% free 11297K/12295K, paused 5ms+3ms
07-23 12:04:42.144  6217  6220 D dalvikvm: GC_CONCURRENT freed 409K, 5% free 10596K/11079K, paused 7ms+4ms
07-23 12:04:42.147   144 14395 I ActivityManager: Process com.google.android.apps.maps:LocationFriendService (pid 3240) has died.
07-23 12:04:42.479  6217  6220 D dalvikvm: GC_CONCURRENT freed 356K, 5% free 10749K/11207K, paused 3ms+5ms
07-23 12:04:42.499  6184  6186 D dalvikvm: GC_CONCURRENT freed 626K, 9% free 11309K/12295K, paused 9ms+7ms
07-23 12:04:42.706  6184  6186 D dalvikvm: GC_CONCURRENT freed 620K, 8% free 11327K/12295K, paused 2ms+3ms
07-23 12:04:43.093  6184  6186 D dalvikvm: GC_CONCURRENT freed 610K, 8% free 11358K/12295K, paused 2ms+3ms
07-23 12:04:43.862  6184  6186 D dalvikvm: GC_CONCURRENT freed 705K, 9% free 11304K/12295K, paused 2ms+2ms
07-23 12:04:44.077  6184  6186 D dalvikvm: GC_CONCURRENT freed 584K, 8% free 11357K/12295K, paused 2ms+3ms
07-23 12:04:44.218  6184  6186 D dalvikvm: GC_CONCURRENT freed 619K, 8% free 11389K/12295K, paused 2ms+3ms
07-23 12:04:44.351  6184  6186 D dalvikvm: GC_CONCURRENT freed 658K, 8% free 11399K/12295K, paused 2ms+2ms
07-23 12:04:44.479  6184  6186 D dalvikvm: GC_CONCURRENT freed 643K, 8% free 11429K/12295K, paused 2ms+2ms
07-23 12:04:44.655  6184  6186 D dalvikvm: GC_CONCURRENT freed 712K, 7% free 11450K/12295K, paused 2ms+2ms
07-23 12:04:44.812  6184  6186 D dalvikvm: GC_CONCURRENT freed 693K, 7% free 11476K/12295K, paused 3ms+3ms
07-23 12:04:45.386  6184  6186 D dalvikvm: GC_CONCURRENT freed 739K, 8% free 11487K/12359K, paused 2ms+4ms
07-23 12:04:45.542  6184  6186 D dalvikvm: GC_CONCURRENT freed 711K, 7% free 11529K/12359K, paused 2ms+2ms
07-23 12:04:46.229  6184  6206 D dalvikvm: GC_EXPLICIT freed 500K, 6% free 11661K/12359K, paused 2ms+4ms
07-23 12:04:48.046  4411  4413 D dalvikvm: GC_CONCURRENT freed 564K, 13% free 10706K/12231K, paused 1ms+13ms
07-23 12:04:48.062   144   144 I ActivityManager: Start proc com.google.android.apps.maps:LocationFriendService for service com.google.android.apps.maps/com.google.googlenav.friend.reporting.LocationReceiverService: pid=6275 uid=10056 gids={3003, 1015}
07-23 12:04:48.218  6275  6278 D dalvikvm: GC_CONCURRENT freed 163K, 3% free 9372K/9607K, paused 2ms+2ms
07-23 12:04:48.370  6184  6186 D dalvikvm: GC_CONCURRENT freed 1155K, 11% free 11262K/12551K, paused 3ms+6ms
07-23 12:04:48.753  6275  6278 D dalvikvm: GC_CONCURRENT freed 157K, 3% free 9672K/9927K, paused 120ms+3ms
07-23 12:04:48.819  6184  6186 D dalvikvm: GC_CONCURRENT freed 602K, 11% free 11287K/12551K, paused 5ms+4ms
07-23 12:04:49.257  6275  6278 D dalvikvm: GC_CONCURRENT freed 314K, 4% free 9842K/10247K, paused 4ms+3ms
07-23 12:04:49.409  6275  6282 I dalvikvm: Total arena pages for JIT: 11
07-23 12:04:49.409  6275  6282 I dalvikvm: Total arena pages for JIT: 12
07-23 12:04:49.409  6275  6282 I dalvikvm: Total arena pages for JIT: 13
07-23 12:04:49.413  6275  6282 I dalvikvm: Total arena pages for JIT: 14
07-23 12:04:49.413  6275  6282 I dalvikvm: Total arena pages for JIT: 15
07-23 12:04:49.413  6275  6282 I dalvikvm: Total arena pages for JIT: 16
07-23 12:04:49.413  6275  6282 I dalvikvm: Total arena pages for JIT: 17
07-23 12:04:49.515  6275  6278 D dalvikvm: GC_CONCURRENT freed 406K, 5% free 9958K/10439K, paused 2ms+3ms
07-23 12:04:49.683  6184  6186 D dalvikvm: GC_CONCURRENT freed 610K, 10% free 11304K/12551K, paused 2ms+2ms
07-23 12:04:49.815  6184  6186 D dalvikvm: GC_CONCURRENT freed 602K, 10% free 11335K/12551K, paused 2ms+3ms
07-23 12:04:50.015   144   385 D dalvikvm: GC_EXPLICIT freed 816K, 25% free 18359K/24263K, paused 3ms+8ms
07-23 12:04:51.554  6184  6186 D dalvikvm: GC_CONCURRENT freed 684K, 10% free 11301K/12551K, paused 2ms+3ms
07-23 12:04:51.886  6184  6186 D dalvikvm: GC_CONCURRENT freed 627K, 10% free 11308K/12551K, paused 2ms+3ms
07-23 12:04:52.331  6184  6186 D dalvikvm: GC_CONCURRENT freed 605K, 10% free 11336K/12551K, paused 2ms+3ms
07-23 12:04:52.487  6184  6186 D dalvikvm: GC_CONCURRENT freed 631K, 10% free 11357K/12551K, paused 2ms+2ms
07-23 12:04:54.890  6184  6186 D dalvikvm: GC_CONCURRENT freed 650K, 10% free 11379K/12551K, paused 2ms+3ms
07-23 12:04:55.241  6184  6186 D dalvikvm: GC_CONCURRENT freed 702K, 10% free 11336K/12551K, paused 2ms+2ms
07-23 12:04:55.538  6184  6186 D dalvikvm: GC_CONCURRENT freed 623K, 10% free 11365K/12551K, paused 7ms+3ms
07-23 12:04:56.093  6184  6186 D dalvikvm: GC_CONCURRENT freed 675K, 10% free 11345K/12551K, paused 2ms+3ms
07-23 12:04:56.249  6184  6186 D dalvikvm: GC_CONCURRENT freed 626K, 10% free 11366K/12551K, paused 2ms+2ms
07-23 12:04:56.476  6184  6186 D dalvikvm: GC_CONCURRENT freed 609K, 10% free 11410K/12551K, paused 2ms+4ms
07-23 12:04:58.519  6184  6186 D dalvikvm: GC_CONCURRENT freed 722K, 10% free 11358K/12551K, paused 3ms+2ms
07-23 12:04:58.776  6184  6186 D dalvikvm: GC_CONCURRENT freed 619K, 10% free 11392K/12551K, paused 2ms+4ms
07-23 12:04:59.304  6184  6186 D dalvikvm: GC_CONCURRENT freed 704K, 10% free 11350K/12551K, paused 3ms+2ms
07-23 12:04:59.647  6184  6186 D dalvikvm: GC_CONCURRENT freed 605K, 10% free 11394K/12551K, paused 2ms+3ms
07-23 12:04:59.812  6184  6186 D dalvikvm: GC_CONCURRENT freed 627K, 9% free 11431K/12551K, paused 2ms+3ms
07-23 12:05:00.206  6184  6186 D dalvikvm: GC_CONCURRENT freed 659K, 9% free 11453K/12551K, paused 2ms+3ms
07-23 12:05:01.327  6184  6186 D dalvikvm: GC_CONCURRENT freed 775K, 10% free 11364K/12551K, paused 10ms+2ms
07-23 12:05:02.108  6184  6186 D dalvikvm: GC_CONCURRENT freed 605K, 10% free 11417K/12551K, paused 2ms+2ms
07-23 12:05:02.155   144   323 I ActivityManager: Process com.chess (pid 6161) has died.
07-23 12:05:04.358  6184  6186 D dalvikvm: GC_CONCURRENT freed 661K, 9% free 11430K/12551K, paused 2ms+2ms
07-23 12:05:04.511  6184  6186 D dalvikvm: GC_CONCURRENT freed 646K, 9% free 11468K/12551K, paused 2ms+6ms
07-23 12:05:04.659  6184  6186 D dalvikvm: GC_CONCURRENT freed 663K, 9% free 11496K/12551K, paused 2ms+3ms
07-23 12:05:04.917   144  1184 D dalvikvm: GC_EXPLICIT freed 463K, 25% free 18347K/24263K, paused 3ms+8ms
07-23 12:05:06.226  6184  6186 D dalvikvm: GC_CONCURRENT freed 745K, 9% free 11448K/12551K, paused 9ms+4ms
07-23 12:05:06.476  6184  6186 D dalvikvm: GC_CONCURRENT freed 690K, 9% free 11450K/12551K, paused 2ms+2ms
07-23 12:05:06.628  6184  6186 D dalvikvm: GC_CONCURRENT freed 649K, 9% free 11484K/12551K, paused 2ms+2ms
07-23 12:05:06.765  6184  6186 D dalvikvm: GC_CONCURRENT freed 660K, 9% free 11517K/12551K, paused 2ms+2ms
07-23 12:05:07.081  6184  6186 D dalvikvm: GC_CONCURRENT freed 540K, 7% free 11683K/12551K, paused 2ms+3ms
07-23 12:05:08.522  6184  6186 D dalvikvm: GC_CONCURRENT freed 993K, 10% free 11488K/12679K, paused 2ms+3ms
07-23 12:05:08.679  6184  6186 D dalvikvm: GC_CONCURRENT freed 641K, 9% free 11556K/12679K, paused 7ms+5ms
07-23 12:05:09.437  6184  6186 D dalvikvm: GC_CONCURRENT freed 826K, 10% free 11448K/12679K, paused 2ms+2ms
07-23 12:05:09.710  6184  6186 D dalvikvm: GC_CONCURRENT freed 708K, 10% free 11426K/12679K, paused 3ms+3ms
07-23 12:05:09.964  6184  6186 D dalvikvm: GC_CONCURRENT freed 664K, 10% free 11494K/12679K, paused 2ms+3ms
07-23 12:05:10.097  6184  6186 D dalvikvm: GC_CONCURRENT freed 482K, 8% free 11712K/12679K, paused 2ms+3ms
07-23 12:05:10.261  6184  6186 D dalvikvm: GC_CONCURRENT freed 613K, 6% free 11935K/12679K, paused 2ms+3ms
07-23 12:05:10.608  6184  6186 D dalvikvm: GC_CONCURRENT freed 1209K, 11% free 11592K/12935K, paused 5ms+6ms
07-23 12:05:10.894  6184  6186 D dalvikvm: GC_CONCURRENT freed 969K, 13% free 11365K/12935K, paused 5ms+2ms
07-23 12:05:12.308  6184  6204 I SyncService: sync service finished (12:05:12)
07-23 12:05:25.214   347   347 D SAN_SERVICE: *******************************************
07-23 12:05:25.214   347   347 D SAN_SERVICE: DM App Phone Service State - 0
07-23 12:05:25.222   347   347 D SAN_SERVICE: *******************************************
07-23 12:05:30.569   347   347 D SAN_SERVICE: *******************************************
07-23 12:05:30.569   347   347 D SAN_SERVICE: DM App Phone Service State - 0
07-23 12:05:30.569   347   347 D SAN_SERVICE: *******************************************
07-23 12:05:39.507   144   155 D AlarmManagerService: Kernel timezone updated to 240 minutes west of GMT
07-23 12:05:43.542   347   347 D SAN_SERVICE: *******************************************
07-23 12:05:43.542   347   347 D SAN_SERVICE: DM App Phone Service State - 0
07-23 12:05:43.542   347   347 D SAN_SERVICE: *******************************************
07-23 12:05:43.929   347   347 D SAN_SERVICE: *******************************************
07-23 12:05:43.929   347   347 D SAN_SERVICE: DM App Phone Service State - 0
07-23 12:05:43.929   347   347 D SAN_SERVICE: *******************************************
07-23 12:05:43.933   144   200 D ConnectivityService: ConnectivityChange for mobile: DISCONNECTED/DISCONNECTED
07-23 12:05:43.933   144   200 D ConnectivityService: Attempting to switch to WIFI
07-23 12:05:43.948   144   200 D ConnectivityService: Attempting to switch to WIMAX
07-23 12:05:43.948   144   200 D ConnectivityService: Attempting to switch to BLUETOOTH_TETHER
07-23 12:05:43.956   144   200 D NetUtils: android_net_utils_resetConnections in env=0x1f323c8 clazz=0xddc00001 iface=rmnet0 mask=0x3
07-23 12:05:43.956   144   200 D ConnectivityService: resetConnections(rmnet0, 3)
07-23 12:05:43.987   144  1185 D AlarmManagerService: Kernel timezone updated to 240 minutes west of GMT
07-23 12:05:45.847   144   147 D dalvikvm: GC_CONCURRENT freed 1897K, 25% free 18389K/24263K, paused 40ms+9ms
07-23 12:05:46.995   144   204 D Tethering: MasterInitialState.processMessage what=3
07-23 12:05:47.046   144   204 D Tethering: MasterInitialState.processMessage what=3
07-23 12:05:47.194  4346  4346 I MediaUploader: No need to wake up
07-23 12:05:47.362  1857  1858 D dalvikvm: GC_CONCURRENT freed 367K, 7% free 10415K/11143K, paused 17ms+3ms
07-23 12:05:47.382  4088  4369 D PicasaSyncManager: active network: NetworkInfo: type: WIFI[], state: CONNECTED/CONNECTED, reason: (unspecified), extra: (none), roaming: false, failover: false, isAvailable: true
07-23 12:05:47.397  4088  4369 D PicasaSyncManager: background data: true
07-23 12:05:47.581  6275  6282 I dalvikvm: Total arena pages for JIT: 18
07-23 12:05:47.593   144   200 D ConnectivityService: handleInetConditionHoldEnd: net=1, condition=100, published condition=100
07-23 12:05:47.718  4424  4424 W ContextScopeImpl: thread=1 tried to enter the scope of the application context. Ignored.
07-23 12:05:47.792  4346  4346 I MediaUploader: No need to wake up
07-23 12:05:47.901  4424  4424 W ContextScopeImpl: thread=1 tried to enter the scope of the application context. Ignored.
07-23 12:05:47.999   144   160 D dalvikvm: GC_EXPLICIT freed 416K, 25% free 18361K/24263K, paused 3ms+8ms
07-23 12:05:48.011  4088  4369 D PicasaSyncManager: active network: NetworkInfo: type: WIFI[], state: CONNECTED/CONNECTED, reason: (unspecified), extra: (none), roaming: false, failover: false, isAvailable: true
07-23 12:05:48.015  4088  4369 D PicasaSyncManager: background data: true
07-23 12:05:48.073  4424  4428 D dalvikvm: GC_CONCURRENT freed 392K, 5% free 10021K/10503K, paused 48ms+30ms
07-23 12:05:48.167  6275  6278 D dalvikvm: GC_CONCURRENT freed 474K, 6% free 10001K/10567K, paused 2ms+3ms
07-23 12:05:48.597  4103  4105 D dalvikvm: GC_CONCURRENT freed 398K, 6% free 9333K/9927K, paused 53ms+3ms
07-23 12:05:48.644  6013  6301 W Caught throwable: java.io.EOFException
07-23 12:05:48.644  6013  6301 W Caught throwable: 	at java.io.DataInputStream.readUnsignedByte(DataInputStream.java:176)
07-23 12:05:48.644  6013  6301 W Caught throwable: 	at com.facebook.orca.mqtt.serialization.MessageDecoder.b(MessageDecoder.java:54)
07-23 12:05:48.644  6013  6301 W Caught throwable: 	at com.facebook.orca.mqtt.serialization.MessageDecoder.a(MessageDecoder.java:34)
07-23 12:05:48.644  6013  6301 W Caught throwable: 	at com.facebook.orca.mqtt.MqttClient.e(MqttClient.java:153)
07-23 12:05:48.644  6013  6301 W Caught throwable: 	at com.facebook.orca.mqtt.MqttClient.a(MqttClient.java:32)
07-23 12:05:48.644  6013  6301 W Caught throwable: 	at com.facebook.orca.mqtt.MqttClient$1.run(MqttClient.java:76)
07-23 12:05:48.644  6013  6301 W Caught throwable: 	at java.lang.Thread.run(Thread.java:856)
07-23 12:05:48.726  6013  6045 D dalvikvm: GC_FOR_ALLOC freed 452K, 11% free 13058K/14599K, paused 74ms
07-23 12:05:49.362  6275  6278 D dalvikvm: GC_CONCURRENT freed 366K, 5% free 10111K/10567K, paused 25ms+2ms
07-23 12:05:49.503  6275  6278 D dalvikvm: GC_CONCURRENT freed 195K, 4% free 10310K/10631K, paused 2ms+2ms
07-23 12:06:03.991  4147  4160 I PhoneLab-: Service Running
07-23 12:06:04.136  4147  4160 I PhoneLab-LoggerService: app_37    1303  1     1440   988   c00f181c 400107b4 S logcat
07-23 12:06:04.140  4147  4160 I PhoneLab-LoggerService: Logcat pid from database 1303
07-23 12:06:04.140  4147  4160 I PhoneLab-LoggerService: Logcat process found 1303
07-23 12:06:04.140  4147  4160 I PhoneLab-LoggerService: Checking Threshold
07-23 12:06:15.979   347   347 D SAN_SERVICE: *******************************************
07-23 12:06:15.979   347   347 D SAN_SERVICE: DM App Phone Service State - 0
07-23 12:06:15.979   347   347 D SAN_SERVICE: *******************************************
07-23 12:06:21.757   347   347 D SAN_SERVICE: *******************************************
07-23 12:06:21.757   347   347 D SAN_SERVICE: DM App Phone Service State - 0
07-23 12:06:21.757   347   347 D SAN_SERVICE: *******************************************
07-23 12:06:38.058  6013  6015 D dalvikvm: GC_CONCURRENT freed 1201K, 10% free 13202K/14599K, paused 3ms+11ms
07-23 12:06:38.694  6013  6015 D dalvikvm: GC_CONCURRENT freed 1485K, 11% free 13170K/14727K, paused 4ms+5ms
07-23 12:06:41.323  6013  6324 E ActivityThread: Failed to find provider info for com.facebook.orca.notify.FbandroidMessagesForegroundProvider
07-23 12:06:41.593  6013  6326 E ActivityThread: Failed to find provider info for com.facebook.orca.notify.FbandroidMessagesForegroundProvider
07-23 12:06:41.737  6013  6326 D dalvikvm: GC_FOR_ALLOC freed 1022K, 11% free 13163K/14727K, paused 61ms
07-23 12:06:41.737  6013  6326 I dalvikvm-heap: Grow heap (frag case) to 12.939MB for 16400-byte allocation
07-23 12:06:41.784  6013  6326 D dalvikvm: GC_FOR_ALLOC freed 52K, 12% free 13127K/14791K, paused 46ms
07-23 12:06:41.972  6013  6326 D dalvikvm: GC_FOR_ALLOC freed 26K, 12% free 13144K/14791K, paused 76ms
07-23 12:06:42.284  6013  6131 D dalvikvm: GC_FOR_ALLOC freed 96K, 12% free 13140K/14791K, paused 56ms
07-23 12:06:42.534   220   222 D dalvikvm: GC_CONCURRENT freed 456K, 31% free 9893K/14215K, paused 2ms+2ms
07-23 12:06:42.636   220   222 D dalvikvm: GC_CONCURRENT freed 340K, 30% free 10003K/14215K, paused 2ms+3ms
07-23 12:06:43.085  6013  6015 D dalvikvm: GC_CONCURRENT freed 1331K, 11% free 13181K/14791K, paused 8ms+6ms
07-23 12:06:43.706   347   347 D SAN_SERVICE: *******************************************
07-23 12:06:43.706   347   347 D SAN_SERVICE: DM App Phone Service State - 0
07-23 12:06:43.706   347   347 D SAN_SERVICE: *******************************************
07-23 12:06:43.749  6013  6015 D dalvikvm: GC_CONCURRENT freed 1386K, 11% free 13180K/14791K, paused 2ms+4ms
07-23 12:06:45.429   220   222 D dalvikvm: GC_CONCURRENT freed 383K, 30% free 10060K/14215K, paused 7ms+8ms
07-23 12:06:47.097  4411  4413 D dalvikvm: GC_CONCURRENT freed 564K, 13% free 10703K/12231K, paused 2ms+3ms
07-23 12:06:47.272  6275  6278 D dalvikvm: GC_CONCURRENT freed 756K, 8% free 10116K/10951K, paused 2ms+2ms
07-23 12:06:51.538   347   347 D SAN_SERVICE: *******************************************
07-23 12:06:51.538   347   347 D SAN_SERVICE: DM App Phone Service State - 0
07-23 12:06:51.538   347   347 D SAN_SERVICE: *******************************************
07-23 12:06:58.538   347   347 D SAN_SERVICE: *******************************************
07-23 12:06:58.538   347   347 D SAN_SERVICE: DM App Phone Service State - 0
07-23 12:06:58.538   347   347 D SAN_SERVICE: *******************************************
07-23 12:07:09.706   144   173 I ActivityManager: Start proc com.twitter.android for service com.twitter.android/.client.AppService: pid=6332 uid=10064 gids={3003, 1015}
07-23 12:07:09.741  6332  6332 I dalvikvm: Turning on JNI app bug workarounds for target SDK version 11...
07-23 12:07:09.921  6332  6332 I ActivityThread: Pub com.twitter.android.provider.GlobalDatabaseProvider: com.twitter.android.provider.GlobalDatabaseProvider
07-23 12:07:09.933  6332  6332 I ActivityThread: Pub com.twitter.android.provider.TwitterProvider: com.twitter.android.provider.TwitterProvider
07-23 12:07:10.046  6332  6334 D dalvikvm: GC_CONCURRENT freed 188K, 4% free 9301K/9607K, paused 11ms+4ms
07-23 12:07:10.362  6332  6334 D dalvikvm: GC_CONCURRENT freed 217K, 4% free 9516K/9863K, paused 2ms+2ms
07-23 12:07:10.499  6332  6334 D dalvikvm: GC_CONCURRENT freed 292K, 5% free 9644K/10055K, paused 2ms+2ms
07-23 12:07:10.632  6332  6334 D dalvikvm: GC_CONCURRENT freed 290K, 5% free 9766K/10183K, paused 1ms+2ms
07-23 12:07:10.769  6332  6334 D dalvikvm: GC_CONCURRENT freed 294K, 5% free 9888K/10311K, paused 1ms+3ms
07-23 12:07:10.905  6332  6334 D dalvikvm: GC_CONCURRENT freed 297K, 5% free 10017K/10439K, paused 1ms+1ms
07-23 12:07:11.038  6332  6334 D dalvikvm: GC_CONCURRENT freed 297K, 4% free 10148K/10567K, paused 3ms+1ms
07-23 12:07:11.171  6332  6334 D dalvikvm: GC_CONCURRENT freed 303K, 4% free 10279K/10695K, paused 2ms+2ms
07-23 12:07:11.366  6332  6334 D dalvikvm: GC_CONCURRENT freed 474K, 6% free 10225K/10823K, paused 5ms+2ms
07-23 12:07:11.495  6332  6334 D dalvikvm: GC_CONCURRENT freed 320K, 5% free 10306K/10823K, paused 2ms+2ms
07-23 12:07:11.651  6332  6334 D dalvikvm: GC_CONCURRENT freed 366K, 5% free 10400K/10887K, paused 1ms+3ms
07-23 12:07:11.784  6332  6334 D dalvikvm: GC_CONCURRENT freed 349K, 5% free 10483K/10951K, paused 2ms+2ms
07-23 12:07:11.905  6332  6334 D dalvikvm: GC_CONCURRENT freed 336K, 5% free 10562K/11015K, paused 2ms+2ms
07-23 12:07:12.042  6332  6334 D dalvikvm: GC_CONCURRENT freed 364K, 5% free 10665K/11143K, paused 1ms+2ms
07-23 12:07:12.179  6332  6334 D dalvikvm: GC_CONCURRENT freed 401K, 5% free 10745K/11271K, paused 2ms+3ms
07-23 12:07:12.308  6332  6334 D dalvikvm: GC_CONCURRENT freed 379K, 5% free 10836K/11335K, paused 2ms+2ms
07-23 12:07:13.081   144  1185 I ActivityManager: Process com.google.android.apps.plus (pid 4088) has died.
07-23 12:07:13.167  6332  6334 D dalvikvm: GC_CONCURRENT freed 304K, 4% free 11034K/11463K, paused 3ms+6ms
07-23 12:07:14.675  6332  6346 I DatabaseHelper: Begin cleanup.
07-23 12:07:15.077  6332  6346 I DatabaseHelper: Cleaned up: 0
07-23 12:07:15.147  6332  6334 D dalvikvm: GC_CONCURRENT freed 417K, 5% free 11203K/11719K, paused 2ms+2ms
07-23 12:07:33.327   144   200 D ConnectivityService: ConnectivityChange for WIMAX: DISCONNECTED/SCANNING
07-23 12:07:33.327   144   200 D ConnectivityService: Attempting to switch to mobile
07-23 12:07:33.327   144   200 D ConnectivityService: Attempting to switch to WIFI
07-23 12:07:33.331   144   200 D ConnectivityService: Attempting to switch to BLUETOOTH_TETHER
07-23 12:07:33.550   144   147 D dalvikvm: GC_CONCURRENT freed 1922K, 24% free 18486K/24263K, paused 8ms+9ms
07-23 12:07:36.394   144   204 D Tethering: MasterInitialState.processMessage what=3
07-23 12:07:36.433   144   204 D Tethering: MasterInitialState.processMessage what=3
07-23 12:07:36.515  4346  4346 I MediaUploader: No need to wake up
07-23 12:07:36.538   144  8560 I ActivityManager: Start proc com.google.android.apps.plus for broadcast com.google.android.apps.plus/com.google.android.picasasync.ConnectivityReceiver: pid=6354 uid=10060 gids={3003, 3002, 1015, 1006}
07-23 12:07:36.819  6354  6358 D dalvikvm: GC_CONCURRENT freed 164K, 3% free 9371K/9607K, paused 1ms+2ms
07-23 12:07:36.948   144   200 D ConnectivityService: handleInetConditionHoldEnd: net=1, condition=100, published condition=100
07-23 12:07:36.983  6354  6354 I ActivityThread: Pub com.google.android.apps.plus.content.ApiProvider: com.google.android.apps.plus.content.EsApiProvider
07-23 12:07:37.007  6354  6354 I ActivityThread: Pub com.google.android.apps.plus.content.EsGooglePhotoProvider: com.google.android.picasasync.PicasaContentProvider
07-23 12:07:37.144  6354  6358 D dalvikvm: GC_CONCURRENT freed 337K, 5% free 9580K/9991K, paused 2ms+3ms
07-23 12:07:37.171  6354  6354 I ActivityThread: Pub com.google.android.apps.plus.content.EsPicasaStoreProvider: com.google.android.picasastore.PicasaPhotoContentProvider
07-23 12:07:37.222  6354  6354 I ActivityThread: Pub com.google.plus.platform: com.google.android.apps.plus.content.AdsProvider
07-23 12:07:37.222  6354  6354 I ActivityThread: Pub com.google.android.apps.plus.iu.EsGoogleIuProvider: com.google.android.apps.plus.iu.InstantUploadProvider
07-23 12:07:37.386  6354  6358 D dalvikvm: GC_CONCURRENT freed 500K, 6% free 9609K/10183K, paused 5ms+3ms
07-23 12:07:37.394  6354  6354 I ActivityThread: Pub com.google.android.apps.plus.content.EsProvider: com.google.android.apps.plus.content.EsProvider
07-23 12:07:37.687  6354  6370 D PicasaPhotoCP: set fsid first time:-1
07-23 12:07:37.741  4743  4745 D dalvikvm: GC_CONCURRENT freed 383K, 6% free 9663K/10247K, paused 2ms+3ms
07-23 12:07:37.780  4424  4424 W ContextScopeImpl: thread=1 tried to enter the scope of the application context. Ignored.
07-23 12:07:37.847  4346  4346 I MediaUploader: No need to wake up
07-23 12:07:37.897  4424  4424 W ContextScopeImpl: thread=1 tried to enter the scope of the application context. Ignored.
07-23 12:07:37.995  6354  6374 D PicasaSync: sync account database
07-23 12:07:38.054  6354  6358 D dalvikvm: GC_CONCURRENT freed 319K, 4% free 9848K/10247K, paused 6ms+6ms
07-23 12:07:38.108  6013  6015 D dalvikvm: GC_CONCURRENT freed 1154K, 11% free 13290K/14791K, paused 30ms+6ms
07-23 12:07:38.187  6354  6374 D PicasaSync: accounts in DB=1
07-23 12:07:38.194  6354  6374 D PicasaSyncManager: active network: NetworkInfo: type: WIFI[], state: CONNECTED/CONNECTED, reason: (unspecified), extra: (none), roaming: false, failover: false, isAvailable: true
07-23 12:07:38.194  6354  6374 D PicasaSyncManager: background data: true
07-23 12:07:38.237  6354  6374 D PicasaSyncManager: battery info: true
07-23 12:07:38.343  6354  6358 D dalvikvm: GC_CONCURRENT freed 176K, 3% free 10084K/10375K, paused 5ms+2ms
07-23 12:07:38.452  6354  6358 D dalvikvm: GC_CONCURRENT freed 148K, 3% free 10356K/10631K, paused 2ms+2ms
07-23 12:07:38.558  6354  6358 D dalvikvm: GC_CONCURRENT freed 308K, 5% free 10484K/10951K, paused 2ms+3ms
07-23 12:07:38.601  6354  6371 D dalvikvm: GC_FOR_ALLOC freed 0K, 5% free 10484K/10951K, paused 23ms
07-23 12:07:38.601  6354  6371 I dalvikvm-heap: Grow heap (frag case) to 10.555MB for 260112-byte allocation
07-23 12:07:38.628  6354  6371 D dalvikvm: GC_FOR_ALLOC freed 126K, 6% free 10612K/11207K, paused 24ms
07-23 12:07:38.655  6354  6371 D dalvikvm: GC_FOR_ALLOC freed 311K, 6% free 10605K/11207K, paused 20ms
07-23 12:07:38.679  6354  6371 D dalvikvm: GC_FOR_ALLOC freed 62K, 5% free 10669K/11207K, paused 20ms
07-23 12:07:38.679  6354  6371 I dalvikvm-heap: Grow heap (frag case) to 10.735MB for 260112-byte allocation
07-23 12:07:38.702  6354  6371 D dalvikvm: GC_FOR_ALLOC freed 126K, 6% free 10797K/11463K, paused 20ms
07-23 12:07:38.729  6354  6371 D dalvikvm: GC_FOR_ALLOC freed 307K, 6% free 10788K/11463K, paused 19ms
07-23 12:07:38.757  6354  6371 D dalvikvm: GC_FOR_ALLOC freed 62K, 6% free 10852K/11463K, paused 24ms
07-23 12:07:38.757  6354  6371 I dalvikvm-heap: Grow heap (frag case) to 10.915MB for 260112-byte allocation
07-23 12:07:38.780  6354  6371 D dalvikvm: GC_FOR_ALLOC freed 126K, 7% free 10980K/11719K, paused 20ms
07-23 12:07:38.913  6354  6358 D dalvikvm: GC_CONCURRENT freed 331K, 5% free 11182K/11719K, paused 2ms+2ms
07-23 12:07:39.058  6354  6358 D dalvikvm: GC_CONCURRENT freed 130K, 3% free 11669K/11911K, paused 2ms+3ms
07-23 12:07:39.210  6354  6358 D dalvikvm: GC_CONCURRENT freed 344K, 4% free 12203K/12679K, paused 2ms+4ms
07-23 12:07:39.421  6354  6358 D dalvikvm: GC_CONCURRENT freed 433K, 5% free 12787K/13319K, paused 2ms+2ms
07-23 12:07:47.272   144 29906 D dalvikvm: GC_EXPLICIT freed 794K, 25% free 18390K/24263K, paused 3ms+8ms
07-23 12:07:47.429  6275  6278 D dalvikvm: GC_CONCURRENT freed 493K, 8% free 10134K/10951K, paused 2ms+2ms
07-23 12:07:58.397   144 14395 I ActivityManager: Start proc android.process.acore for content provider com.android.providers.contacts/.ContactsProvider2: pid=6387 uid=10000 gids={3003, 1015}
07-23 12:07:58.468  6387  6387 I ActivityThread: Pub call_log: com.android.providers.contacts.CallLogProvider
07-23 12:07:58.472   144   385 I ActivityManager: Process com.twitter.android (pid 6332) has died.
07-23 12:07:58.515  6387  6387 I ActivityThread: Pub com.android.voicemail: com.android.providers.contacts.VoicemailContentProvider
07-23 12:07:58.519  6387  6387 I ActivityThread: Pub user_dictionary: com.android.providers.userdictionary.UserDictionaryProvider
07-23 12:07:58.554  6387  6387 I ActivityThread: Pub com.android.social: com.android.providers.contacts.SocialProvider
07-23 12:07:58.558  6387  6387 I ActivityThread: Pub applications: com.android.providers.applications.ApplicationsProvider
07-23 12:07:58.714  6387  6387 I ActivityThread: Pub contacts;com.android.contacts: com.android.providers.contacts.ContactsProvider2
07-23 12:07:58.749  6387  6389 D dalvikvm: GC_CONCURRENT freed 346K, 5% free 9178K/9607K, paused 4ms+5ms
07-23 12:07:59.062  6387  6389 D dalvikvm: GC_CONCURRENT freed 219K, 4% free 9381K/9735K, paused 4ms+2ms
07-23 12:07:59.925  6387  6389 D dalvikvm: GC_CONCURRENT freed 313K, 5% free 9480K/9927K, paused 13ms+3ms
07-23 12:07:59.999  1857  1858 D dalvikvm: GC_CONCURRENT freed 394K, 7% free 10412K/11143K, paused 10ms+5ms
07-23 12:08:02.425  6387  6389 D dalvikvm: GC_CONCURRENT freed 274K, 5% free 9647K/10055K, paused 20ms+2ms
07-23 12:08:04.011  4147  4160 I PhoneLab-: Service Running
07-23 12:08:04.163  4147  4160 I PhoneLab-LoggerService: app_37    1303  1     1440   988   c00f181c 400107b4 S logcat
07-23 12:08:04.163  4147  4160 I PhoneLab-LoggerService: Logcat pid from database 1303
07-23 12:08:04.163  4147  4160 I PhoneLab-LoggerService: Logcat process found 1303
07-23 12:08:04.163  4147  4160 I PhoneLab-LoggerService: Checking Threshold
07-23 12:08:23.468  6406  6406 D dalvikvm: Late-enabling CheckJNI
07-23 12:08:23.476   144   161 I ActivityManager: Start proc com.chess for broadcast com.chess/.backend.AlarmReceiver: pid=6406 uid=10079 gids={3003, 1015}
07-23 12:08:23.683  6406  6407 D dalvikvm: GC_CONCURRENT freed 172K, 3% free 9364K/9607K, paused 2ms+6ms
07-23 12:08:23.948  6406  6421 D GetStringObjTask: retrieving from url = http://www.chess.com/api/get_move_status?id=5HHjW9WUGa%2Bcu1LUwnVJPxTIWxmEve4VdkRnRyg7b5Ch69JH2Z5aB%2B7eGuFw8K2uFx47KFsdE3JRdR3Mzv0PkZOj6eZ8N73BvxmEERrzXjMNRo80rkLyJAUTh0iqof4n
07-23 12:08:24.394   347   347 D SAN_SERVICE: *******************************************
07-23 12:08:24.394   347   347 D SAN_SERVICE: DM App Phone Service State - 0
07-23 12:08:24.394   347   347 D SAN_SERVICE: *******************************************
07-23 12:08:24.456  6406  6421 D GetStringObjTask: WebRequest SERVER RESPONSE: Success+0
07-23 12:08:25.483  6013  6151 W Caught throwable: javax.net.ssl.SSLException: Read error: ssl=0x2195528: I/O error during system call, Connection reset by peer
07-23 12:08:25.483  6013  6151 W Caught throwable: 	at org.apache.harmony.xnet.provider.jsse.NativeCrypto.SSL_read(Native Method)
07-23 12:08:25.483  6013  6151 W Caught throwable: 	at org.apache.harmony.xnet.provider.jsse.OpenSSLSocketImpl$SSLInputStream.read(OpenSSLSocketImpl.java:671)
07-23 12:08:25.483  6013  6151 W Caught throwable: 	at libcore.io.Streams.readSingleByte(Streams.java:41)
07-23 12:08:25.483  6013  6151 W Caught throwable: 	at org.apache.harmony.xnet.provider.jsse.OpenSSLSocketImpl$SSLInputStream.read(OpenSSLSocketImpl.java:655)
07-23 12:08:25.483  6013  6151 W Caught throwable: 	at java.io.DataInputStream.readUnsignedByte(DataInputStream.java:174)
07-23 12:08:25.483  6013  6151 W Caught throwable: 	at com.facebook.orca.mqtt.serialization.MessageDecoder.b(MessageDecoder.java:54)
07-23 12:08:25.483  6013  6151 W Caught throwable: 	at com.facebook.orca.mqtt.serialization.MessageDecoder.a(MessageDecoder.java:34)
07-23 12:08:25.483  6013  6151 W Caught throwable: 	at com.facebook.orca.mqtt.MqttClient.e(MqttClient.java:153)
07-23 12:08:25.483  6013  6151 W Caught throwable: 	at com.facebook.orca.mqtt.MqttClient.a(MqttClient.java:32)
07-23 12:08:25.483  6013  6151 W Caught throwable: 	at com.facebook.orca.mqtt.MqttClient$1.run(MqttClient.java:76)
07-23 12:08:25.483  6013  6151 W Caught throwable: 	at java.lang.Thread.run(Thread.java:856)
07-23 12:08:46.589   144   200 D ConnectivityService: ConnectivityChange for mobile: DISCONNECTED/DISCONNECTED
07-23 12:08:46.589   144   200 D ConnectivityService: Attempting to switch to WIFI
07-23 12:08:46.608   347   347 D SAN_SERVICE: *******************************************
07-23 12:08:46.608   347   347 D SAN_SERVICE: DM App Phone Service State - 0
07-23 12:08:46.608   347   347 D SAN_SERVICE: *******************************************
07-23 12:08:46.612   144   200 D NetUtils: android_net_utils_resetConnections in env=0x1f323c8 clazz=0xfa900001 iface=rmnet0 mask=0x3
07-23 12:08:46.612   144   200 D ConnectivityService: Attempting to switch to WIMAX
07-23 12:08:46.612   144   200 D ConnectivityService: Attempting to switch to BLUETOOTH_TETHER
07-23 12:08:46.612   144   200 D ConnectivityService: resetConnections(rmnet0, 3)
07-23 12:08:47.226  4411  4413 D dalvikvm: GC_CONCURRENT freed 561K, 13% free 10703K/12231K, paused 2ms+4ms
07-23 12:08:47.476  6275  6278 D dalvikvm: GC_CONCURRENT freed 472K, 8% free 10170K/10951K, paused 2ms+3ms
07-23 12:08:49.651   144   204 D Tethering: MasterInitialState.processMessage what=3
07-23 12:08:49.706   144   204 D Tethering: MasterInitialState.processMessage what=3
07-23 12:08:49.819  4346  4346 I MediaUploader: No need to wake up
07-23 12:08:49.968   144   147 D dalvikvm: GC_CONCURRENT freed 1959K, 24% free 18447K/24263K, paused 10ms+11ms
07-23 12:08:50.030  6354  6374 D PicasaSyncManager: active network: NetworkInfo: type: WIFI[], state: CONNECTED/CONNECTED, reason: (unspecified), extra: (none), roaming: false, failover: false, isAvailable: true
07-23 12:08:50.042  6354  6374 D PicasaSyncManager: background data: true
07-23 12:08:50.065  4346  4348 D dalvikvm: GC_CONCURRENT freed 382K, 6% free 9090K/9607K, paused 93ms+2ms
07-23 12:08:50.140  4424  4424 W ContextScopeImpl: thread=1 tried to enter the scope of the application context. Ignored.
07-23 12:08:50.194  4346  4346 I MediaUploader: No need to wake up
07-23 12:08:50.229   144   200 D ConnectivityService: handleInetConditionHoldEnd: net=1, condition=100, published condition=100
07-23 12:08:50.269  4424  4424 W ContextScopeImpl: thread=1 tried to enter the scope of the application context. Ignored.
07-23 12:08:50.284  6354  6374 D PicasaSyncManager: active network: NetworkInfo: type: WIFI[], state: CONNECTED/CONNECTED, reason: (unspecified), extra: (none), roaming: false, failover: false, isAvailable: true
07-23 12:08:50.296  6354  6374 D PicasaSyncManager: background data: true
07-23 12:08:50.776  6013  6045 D dalvikvm: GC_FOR_ALLOC freed 592K, 11% free 13197K/14791K, paused 66ms
07-23 12:08:55.569   347   347 D SAN_SERVICE: *******************************************
07-23 12:08:55.569   347   347 D SAN_SERVICE: DM App Phone Service State - 0
07-23 12:08:55.569   347   347 D SAN_SERVICE: *******************************************
07-23 12:09:00.546   144   498 D AlarmManagerService: Kernel timezone updated to 240 minutes west of GMT
07-23 12:09:02.710   144   156 D AlarmManagerService: Kernel timezone updated to 240 minutes west of GMT
07-23 12:09:02.808   347   347 D SAN_SERVICE: *******************************************
07-23 12:09:02.808   347   347 D SAN_SERVICE: DM App Phone Service State - 0
07-23 12:09:02.808   347   347 D SAN_SERVICE: *******************************************
07-23 12:09:02.878   347   350 D dalvikvm: GC_CONCURRENT freed 907K, 13% free 12081K/13767K, paused 10ms+8ms
07-23 12:09:23.222   144   385 I ActivityManager: START {act=android.intent.action.VIEW dat=fb-messenger://thread/t_id.208547309250856 flg=0x4000000 cmp=com.facebook.orca/.intents.IntentHandler bnds=[0,119][480,215] (has extras)} from pid -1
07-23 12:09:23.226   144   385 W ActivityManager: startActivity called from non-Activity context; forcing Intent.FLAG_ACTIVITY_NEW_TASK for: Intent { act=android.intent.action.VIEW dat=fb-messenger://thread/t_id.208547309250856 flg=0x4000000 cmp=com.facebook.orca/.intents.IntentHandler bnds=[0,119][480,215] (has extras) }
07-23 12:09:23.265   144  1185 W KeyguardViewMediator: verifyUnlock called when not externally disabled
07-23 12:09:23.351   144 29906 I ActivityManager: START {cmp=com.facebook.orca/.threadview.ThreadViewActivity (has extras)} from pid 6013
07-23 12:09:23.569  6076  6076 D OpenGLRenderer: Flushing caches (mode 1)
07-23 12:09:23.749   220   222 D dalvikvm: GC_CONCURRENT freed 534K, 30% free 9982K/14215K, paused 2ms+13ms
07-23 12:09:23.858   220   222 D dalvikvm: GC_CONCURRENT freed 561K, 31% free 9908K/14215K, paused 2ms+3ms
07-23 12:09:23.890   144   160 I Process : Sending signal. PID: 6013 SIG: 3
07-23 12:09:23.890  6013  6018 I dalvikvm: threadid=3: reacting to signal 3
07-23 12:09:23.960  6013  6018 I dalvikvm: Wrote stack traces to '/data/anr/traces.txt'
07-23 12:09:24.034  6013  6013 D dalvikvm: GC_FOR_ALLOC freed 260K, 10% free 13371K/14791K, paused 52ms
07-23 12:09:24.366   144   160 I Process : Sending signal. PID: 6013 SIG: 3
07-23 12:09:24.366  6013  6018 I dalvikvm: threadid=3: reacting to signal 3
07-23 12:09:24.378  6013  6018 I dalvikvm: Wrote stack traces to '/data/anr/traces.txt'
07-23 12:09:24.444   144   174 I ActivityManager: Displayed com.facebook.orca/.threadview.ThreadViewActivity: +1s81ms (total +1s172ms)
07-23 12:09:24.448   220   220 V PhoneStatusBar: setLightsOn(true)
07-23 12:09:24.468  6076  6076 D OpenGLRenderer: Flushing caches (mode 0)
07-23 12:09:24.550   144   155 W InputManagerService: Starting input on non-focused client com.android.internal.view.IInputMethodClient$Stub$Proxy@413df938 (uid=10075 pid=6076)
07-23 12:09:25.718  6013  6015 D dalvikvm: GC_CONCURRENT freed 1075K, 8% free 13773K/14919K, paused 8ms+10ms
07-23 12:09:26.843   220   220 V PhoneStatusBar: setLightsOn(true)
07-23 12:09:27.022  1857  1927 D androidNetworkLocationListeners: Still have listener com.google.android.location.internal.client.NetworkLocationClient$1@4131e700
07-23 12:09:27.292  6013  6015 D dalvikvm: GC_CONCURRENT freed 1455K, 10% free 13905K/15431K, paused 3ms+12ms
07-23 12:09:27.448  6013  6013 D OpenGLRenderer: Flushing caches (mode 0)
07-23 12:09:27.499   220   222 D dalvikvm: GC_CONCURRENT freed 379K, 30% free 9970K/14215K, paused 2ms+4ms
07-23 12:09:27.608   220   222 D dalvikvm: GC_CONCURRENT freed 604K, 31% free 9857K/14215K, paused 2ms+12ms
07-23 12:09:27.800  1857  1927 D androidNetworkLocationListeners: Still have listener com.google.android.location.internal.client.NetworkLocationClient$1@4131e700
07-23 12:09:27.886  1857  1927 D androidNetworkLocationListeners: Still have listener com.google.android.location.internal.client.NetworkLocationClient$1@4131e700
07-23 12:09:27.901  6076  6076 D OpenGLRenderer: Flushing caches (mode 2)
07-23 12:09:27.909  6076  6076 D OpenGLRenderer: Flushing caches (mode 0)
07-23 12:09:27.909  6076  6076 W ManagedEGLContext: doTerminate failed: EGL count is 2 but managed count is 1
07-23 12:09:27.940  1857  1858 D dalvikvm: GC_CONCURRENT freed 435K, 7% free 10369K/11143K, paused 18ms+11ms
07-23 12:09:28.155   220   222 D dalvikvm: GC_CONCURRENT freed 314K, 30% free 9957K/14215K, paused 2ms+9ms
07-23 12:09:28.335   220   222 D dalvikvm: GC_CONCURRENT freed 551K, 32% free 9804K/14215K, paused 2ms+9ms
07-23 12:09:28.499  6013  6015 D dalvikvm: GC_CONCURRENT freed 1635K, 11% free 13916K/15623K, paused 2ms+8ms
07-23 12:09:28.882   144   385 D dalvikvm: GC_EXPLICIT freed 1323K, 25% free 18373K/24263K, paused 4ms+9ms
07-23 12:09:29.101  2446  2449 D dalvikvm: GC_CONCURRENT freed 1449K, 14% free 10032K/11655K, paused 7ms+8ms
07-23 12:09:29.167   144   160 I Process : Sending signal. PID: 6076 SIG: 3
07-23 12:09:29.167  6076  6081 I dalvikvm: threadid=3: reacting to signal 3
07-23 12:09:29.194  6013  6034 D dalvikvm: GC_FOR_ALLOC freed 402K, 13% free 13737K/15623K, paused 201ms
07-23 12:09:29.198  6013  6034 I dalvikvm-heap: Grow heap (frag case) to 13.500MB for 16400-byte allocation
07-23 12:09:29.269  6076  6081 I dalvikvm: Wrote stack traces to '/data/anr/traces.txt'
07-23 12:09:29.339  6013  6442 D dalvikvm: GC_FOR_ALLOC freed 8K, 13% free 13744K/15687K, paused 125ms
07-23 12:09:29.347  6013  6013 W IInputConnectionWrapper: showStatusIcon on inactive InputConnection
07-23 12:09:29.347   144  1185 W InputManagerService: Starting input on non-focused client com.android.internal.view.IInputMethodClient$Stub$Proxy@4184e510 (uid=10062 pid=6013)
07-23 12:09:29.351  6013  6013 D OpenGLRenderer: Flushing caches (mode 0)
07-23 12:09:29.421  6013  6013 D OpenGLRenderer: Flushing caches (mode 1)
07-23 12:09:40.894  6013  6212 W Caught throwable: javax.net.ssl.SSLException: Read error: ssl=0x2234ef0: I/O error during system call, Connection reset by peer
07-23 12:09:40.894  6013  6212 W Caught throwable: 	at org.apache.harmony.xnet.provider.jsse.NativeCrypto.SSL_read(Native Method)
07-23 12:09:40.894  6013  6212 W Caught throwable: 	at org.apache.harmony.xnet.provider.jsse.OpenSSLSocketImpl$SSLInputStream.read(OpenSSLSocketImpl.java:671)
07-23 12:09:40.894  6013  6212 W Caught throwable: 	at libcore.io.Streams.readSingleByte(Streams.java:41)
07-23 12:09:40.894  6013  6212 W Caught throwable: 	at org.apache.harmony.xnet.provider.jsse.OpenSSLSocketImpl$SSLInputStream.read(OpenSSLSocketImpl.java:655)
07-23 12:09:40.894  6013  6212 W Caught throwable: 	at java.io.DataInputStream.readUnsignedByte(DataInputStream.java:174)
07-23 12:09:40.894  6013  6212 W Caught throwable: 	at com.facebook.orca.mqtt.serialization.MessageDecoder.b(MessageDecoder.java:54)
07-23 12:09:40.894  6013  6212 W Caught throwable: 	at com.facebook.orca.mqtt.serialization.MessageDecoder.a(MessageDecoder.java:34)
07-23 12:09:40.894  6013  6212 W Caught throwable: 	at com.facebook.orca.mqtt.MqttClient.e(MqttClient.java:153)
07-23 12:09:40.894  6013  6212 W Caught throwable: 	at com.facebook.orca.mqtt.MqttClient.a(MqttClient.java:32)
07-23 12:09:40.894  6013  6212 W Caught throwable: 	at com.facebook.orca.mqtt.MqttClient$1.run(MqttClient.java:76)
07-23 12:09:40.894  6013  6212 W Caught throwable: 	at java.lang.Thread.run(Thread.java:856)
07-23 12:09:46.167  6275  6278 D dalvikvm: GC_CONCURRENT freed 519K, 8% free 10157K/10951K, paused 3ms+8ms
07-23 12:10:04.011  4147  4160 I PhoneLab-: Service Running
07-23 12:10:04.128   144 28547 I ActivityManager: Process com.chess (pid 6406) has died.
07-23 12:10:04.179  4147  4160 I PhoneLab-LoggerService: app_37    1303  1     1440   988   c00f181c 400107b4 S logcat
07-23 12:10:04.179  4147  4160 I PhoneLab-LoggerService: Logcat pid from database 1303
07-23 12:10:04.179  4147  4160 I PhoneLab-LoggerService: Logcat process found 1303
07-23 12:10:04.179  4147  4160 I PhoneLab-LoggerService: Checking Threshold
07-23 12:10:32.558  6076  6450 W Gmail   : Successful index run, cancel next scheduled index run
07-23 12:10:47.401  4411  4413 D dalvikvm: GC_CONCURRENT freed 560K, 13% free 10698K/12231K, paused 3ms+9ms
07-23 12:10:47.487  6275  6278 D dalvikvm: GC_CONCURRENT freed 491K, 8% free 10122K/10951K, paused 4ms+2ms
07-23 12:11:47.452  1857  5560 D dalvikvm: GC_EXPLICIT freed 312K, 7% free 10377K/11143K, paused 3ms+4ms
07-23 12:11:47.562  6275  6278 D dalvikvm: GC_CONCURRENT freed 440K, 8% free 10109K/10951K, paused 6ms+2ms
07-23 12:12:03.987  4147  4160 I PhoneLab-: Service Running
07-23 12:12:04.077  4147  4160 I PhoneLab-LoggerService: app_37    1303  1     1440   988   c00f181c 400107b4 S logcat
07-23 12:12:04.077  4147  4160 I PhoneLab-LoggerService: Logcat pid from database 1303
07-23 12:12:04.077  4147  4160 I PhoneLab-LoggerService: Logcat process found 1303
07-23 12:12:04.077  4147  4160 I PhoneLab-LoggerService: Checking Threshold
07-23 12:12:15.269   144   173 I ActivityManager: Start proc com.twitter.android for service com.twitter.android/.client.AppService: pid=6480 uid=10064 gids={3003, 1015}
07-23 12:12:15.304  6480  6480 I dalvikvm: Turning on JNI app bug workarounds for target SDK version 11...
07-23 12:12:15.499  6480  6480 I ActivityThread: Pub com.twitter.android.provider.GlobalDatabaseProvider: com.twitter.android.provider.GlobalDatabaseProvider
07-23 12:12:15.515  6480  6480 I ActivityThread: Pub com.twitter.android.provider.TwitterProvider: com.twitter.android.provider.TwitterProvider
07-23 12:12:15.519   144   374 I ActivityManager: Process com.google.android.apps.currents (pid 6184) has died.
07-23 12:12:15.620  6480  6483 D dalvikvm: GC_CONCURRENT freed 198K, 4% free 9305K/9607K, paused 14ms+2ms
07-23 12:12:16.069  6480  6483 D dalvikvm: GC_CONCURRENT freed 220K, 4% free 9514K/9863K, paused 5ms+2ms
07-23 12:12:16.210  6480  6483 D dalvikvm: GC_CONCURRENT freed 285K, 5% free 9637K/10055K, paused 2ms+2ms
07-23 12:12:16.339  6480  6483 D dalvikvm: GC_CONCURRENT freed 291K, 5% free 9762K/10183K, paused 2ms+1ms
07-23 12:12:16.472  6480  6483 D dalvikvm: GC_CONCURRENT freed 301K, 5% free 9888K/10311K, paused 2ms+2ms
07-23 12:12:16.604  6480  6483 D dalvikvm: GC_CONCURRENT freed 296K, 5% free 10016K/10439K, paused 2ms+1ms
07-23 12:12:16.737  6480  6483 D dalvikvm: GC_CONCURRENT freed 298K, 4% free 10146K/10567K, paused 2ms+2ms
07-23 12:12:16.874  6480  6483 D dalvikvm: GC_CONCURRENT freed 296K, 4% free 10277K/10695K, paused 2ms+3ms
07-23 12:12:17.062  6480  6483 D dalvikvm: GC_CONCURRENT freed 472K, 6% free 10224K/10823K, paused 2ms+2ms
07-23 12:12:17.183  6480  6483 D dalvikvm: GC_CONCURRENT freed 319K, 5% free 10297K/10823K, paused 2ms+3ms
07-23 12:12:17.312  6480  6483 D dalvikvm: GC_CONCURRENT freed 328K, 5% free 10373K/10823K, paused 1ms+2ms
07-23 12:12:17.452  6480  6483 D dalvikvm: GC_CONCURRENT freed 353K, 5% free 10472K/10951K, paused 2ms+2ms
07-23 12:12:17.577  6480  6483 D dalvikvm: GC_CONCURRENT freed 337K, 5% free 10555K/11015K, paused 2ms+2ms
07-23 12:12:17.706  6480  6483 D dalvikvm: GC_CONCURRENT freed 326K, 5% free 10632K/11079K, paused 1ms+2ms
07-23 12:12:17.831  6480  6483 D dalvikvm: GC_CONCURRENT freed 367K, 5% free 10718K/11207K, paused 1ms+2ms
07-23 12:12:17.960  6480  6483 D dalvikvm: GC_CONCURRENT freed 403K, 5% free 10814K/11335K, paused 2ms+1ms
07-23 12:12:18.269   144   173 I ActivityManager: Start proc com.android.chrome for service com.android.chrome/com.google.android.apps.chrome.omaha.OmahaPingService: pid=6497 uid=10089 gids={3003, 1015}
07-23 12:12:18.331    79    79 D dalvikvm: GC_EXPLICIT freed 37K, 4% free 9031K/9347K, paused 6ms+2ms
07-23 12:12:18.366    79    79 D dalvikvm: GC_EXPLICIT freed <1K, 4% free 9031K/9347K, paused 1ms+8ms
07-23 12:12:18.409    79    79 D dalvikvm: GC_EXPLICIT freed <1K, 4% free 9031K/9347K, paused 1ms+5ms
07-23 12:12:18.558  6497  6497 I ActivityThread: Pub com.android.chrome.snapshot: com.google.android.apps.chrome.snapshot.SnapshotProvider
07-23 12:12:18.577  6497  6497 I ActivityThread: Pub com.android.chrome.ChromeBrowserProvider;com.android.chrome.browser;com.android.chrome: com.google.android.apps.chrome.ChromeBrowserProvider
07-23 12:12:18.624   144  1184 I ActivityManager: Process android.process.acore (pid 6387) has died.
07-23 12:12:18.897  6497  6499 D dalvikvm: GC_CONCURRENT freed 252K, 4% free 9263K/9607K, paused 1ms+2ms
07-23 12:12:19.472  6480  6483 D dalvikvm: GC_CONCURRENT freed 325K, 4% free 11017K/11463K, paused 6ms+3ms
07-23 12:12:22.194  6480  6483 D dalvikvm: GC_CONCURRENT freed 432K, 5% free 11168K/11719K, paused 2ms+4ms
07-23 12:12:23.870  6354  6358 D dalvikvm: GC_CONCURRENT freed 1152K, 10% free 12814K/14087K, paused 3ms+2ms
07-23 12:12:25.460  6354  6358 D dalvikvm: GC_CONCURRENT freed 1033K, 9% free 12936K/14087K, paused 2ms+3ms
07-23 12:12:25.854  6354  6358 D dalvikvm: GC_CONCURRENT freed 1163K, 10% free 12992K/14279K, paused 2ms+5ms
07-23 12:12:40.366  6013  6356 W Caught throwable: javax.net.ssl.SSLException: Read error: ssl=0x2222ec8: I/O error during system call, Connection reset by peer
07-23 12:12:40.366  6013  6356 W Caught throwable: 	at org.apache.harmony.xnet.provider.jsse.NativeCrypto.SSL_read(Native Method)
07-23 12:12:40.366  6013  6356 W Caught throwable: 	at org.apache.harmony.xnet.provider.jsse.OpenSSLSocketImpl$SSLInputStream.read(OpenSSLSocketImpl.java:671)
07-23 12:12:40.366  6013  6356 W Caught throwable: 	at libcore.io.Streams.readSingleByte(Streams.java:41)
07-23 12:12:40.366  6013  6356 W Caught throwable: 	at org.apache.harmony.xnet.provider.jsse.OpenSSLSocketImpl$SSLInputStream.read(OpenSSLSocketImpl.java:655)
07-23 12:12:40.366  6013  6356 W Caught throwable: 	at java.io.DataInputStream.readUnsignedByte(DataInputStream.java:174)
07-23 12:12:40.366  6013  6356 W Caught throwable: 	at com.facebook.orca.mqtt.serialization.MessageDecoder.b(MessageDecoder.java:54)
07-23 12:12:40.366  6013  6356 W Caught throwable: 	at com.facebook.orca.mqtt.serialization.MessageDecoder.a(MessageDecoder.java:34)
07-23 12:12:40.366  6013  6356 W Caught throwable: 	at com.facebook.orca.mqtt.MqttClient.e(MqttClient.java:153)
07-23 12:12:40.366  6013  6356 W Caught throwable: 	at com.facebook.orca.mqtt.MqttClient.a(MqttClient.java:32)
07-23 12:12:40.366  6013  6356 W Caught throwable: 	at com.facebook.orca.mqtt.MqttClient$1.run(MqttClient.java:76)
07-23 12:12:40.366  6013  6356 W Caught throwable: 	at java.lang.Thread.run(Thread.java:856)
07-23 12:12:47.538  4411  4413 D dalvikvm: GC_CONCURRENT freed 514K, 13% free 10694K/12231K, paused 2ms+6ms
07-23 12:12:47.612  6275  6278 D dalvikvm: GC_CONCURRENT freed 421K, 8% free 10107K/10951K, paused 2ms+2ms
07-23 12:13:17.304   144   335 I ActivityManager: Start proc android.process.acore for content provider com.android.providers.contacts/.ContactsProvider2: pid=6527 uid=10000 gids={3003, 1015}
07-23 12:13:17.343  6527  6527 I ActivityThread: Pub call_log: com.android.providers.contacts.CallLogProvider
07-23 12:13:17.386  6527  6527 I ActivityThread: Pub com.android.voicemail: com.android.providers.contacts.VoicemailContentProvider
07-23 12:13:17.390  6527  6527 I ActivityThread: Pub user_dictionary: com.android.providers.userdictionary.UserDictionaryProvider
07-23 12:13:17.433  6527  6527 I ActivityThread: Pub com.android.social: com.android.providers.contacts.SocialProvider
07-23 12:13:17.433  6527  6527 I ActivityThread: Pub applications: com.android.providers.applications.ApplicationsProvider
07-23 12:13:17.542   144  8560 I ActivityManager: Process android.process.media (pid 4103) has died.
07-23 12:13:17.573  6527  6527 I ActivityThread: Pub contacts;com.android.contacts: com.android.providers.contacts.ContactsProvider2
07-23 12:13:17.632  6527  6529 D dalvikvm: GC_CONCURRENT freed 346K, 5% free 9184K/9607K, paused 2ms+3ms
07-23 12:13:17.972  6527  6529 D dalvikvm: GC_CONCURRENT freed 229K, 4% free 9373K/9735K, paused 8ms+5ms
07-23 12:13:18.558   144  1185 I ActivityManager: Process com.google.android.youtube (pid 6217) has died.
07-23 12:13:19.245  6527  6529 D dalvikvm: GC_CONCURRENT freed 165K, 3% free 9633K/9927K, paused 9ms+2ms
07-23 12:13:23.522  6545  6545 D dalvikvm: Late-enabling CheckJNI
07-23 12:13:23.522   144   161 I ActivityManager: Start proc com.chess for broadcast com.chess/.backend.AlarmReceiver: pid=6545 uid=10079 gids={3003, 1015}
07-23 12:13:23.694  6545  6548 D dalvikvm: GC_CONCURRENT freed 154K, 3% free 9381K/9607K, paused 5ms+3ms
07-23 12:13:23.870  6545  6559 D GetStringObjTask: retrieving from url = http://www.chess.com/api/get_move_status?id=5HHjW9WUGa%2Bcu1LUwnVJPxTIWxmEve4VdkRnRyg7b5Ch69JH2Z5aB%2B7eGuFw8K2uFx47KFsdE3JRdR3Mzv0PkZOj6eZ8N73BvxmEERrzXjMNRo80rkLyJAUTh0iqof4n
07-23 12:13:24.378  6545  6559 D GetStringObjTask: WebRequest SERVER RESPONSE: Success+0
07-23 12:13:34.386  6527  6529 D dalvikvm: GC_CONCURRENT freed 537K, 7% free 9512K/10183K, paused 2ms+3ms
07-23 12:13:34.776  4281  4282 D dalvikvm: GC_CONCURRENT freed 366K, 6% free 9945K/10567K, paused 2ms+4ms
07-23 12:13:34.933   144   359 D dalvikvm: GC_EXPLICIT freed 1543K, 25% free 18409K/24263K, paused 11ms+10ms
07-23 12:13:47.659  6275  6278 D dalvikvm: GC_CONCURRENT freed 424K, 8% free 10111K/10951K, paused 2ms+2ms
07-23 12:13:55.987  6013  6435 W Caught throwable: javax.net.ssl.SSLException: Read error: ssl=0x2296e00: I/O error during system call, Connection reset by peer
07-23 12:13:55.987  6013  6435 W Caught throwable: 	at org.apache.harmony.xnet.provider.jsse.NativeCrypto.SSL_read(Native Method)
07-23 12:13:55.987  6013  6435 W Caught throwable: 	at org.apache.harmony.xnet.provider.jsse.OpenSSLSocketImpl$SSLInputStream.read(OpenSSLSocketImpl.java:671)
07-23 12:13:55.987  6013  6435 W Caught throwable: 	at libcore.io.Streams.readSingleByte(Streams.java:41)
07-23 12:13:55.987  6013  6435 W Caught throwable: 	at org.apache.harmony.xnet.provider.jsse.OpenSSLSocketImpl$SSLInputStream.read(OpenSSLSocketImpl.java:655)
07-23 12:13:55.987  6013  6435 W Caught throwable: 	at java.io.DataInputStream.readUnsignedByte(DataInputStream.java:174)
07-23 12:13:55.987  6013  6435 W Caught throwable: 	at com.facebook.orca.mqtt.serialization.MessageDecoder.b(MessageDecoder.java:54)
07-23 12:13:55.987  6013  6435 W Caught throwable: 	at com.facebook.orca.mqtt.serialization.MessageDecoder.a(MessageDecoder.java:34)
07-23 12:13:55.987  6013  6435 W Caught throwable: 	at com.facebook.orca.mqtt.MqttClient.e(MqttClient.java:153)
07-23 12:13:55.987  6013  6435 W Caught throwable: 	at com.facebook.orca.mqtt.MqttClient.a(MqttClient.java:32)
07-23 12:13:55.987  6013  6435 W Caught throwable: 	at com.facebook.orca.mqtt.MqttClient$1.run(MqttClient.java:76)
07-23 12:13:55.987  6013  6435 W Caught throwable: 	at java.lang.Thread.run(Thread.java:856)
07-23 12:14:04.011  4147  4160 I PhoneLab-: Service Running
07-23 12:14:04.140   144   155 I ActivityManager: Process edu.buffalo.cse.phonelab.phonelabservices (pid 4147) has died.
07-23 12:14:04.140   144   155 W ActivityManager: Scheduling restart of crashed service edu.buffalo.cse.phonelab.phonelabservices/edu.buffalo.cse.phonelab.datalogger.LoggerService in 5000ms
07-23 12:14:09.210   144   161 I ActivityManager: Start proc edu.buffalo.cse.phonelab.phonelabservices for service edu.buffalo.cse.phonelab.phonelabservices/edu.buffalo.cse.phonelab.datalogger.LoggerService: pid=6566 uid=10037 gids={3003, 1015, 1007, 2001}
07-23 12:14:09.253  6566  6566 I PhoneLab-LoggerService: Start Logger Service
07-23 12:14:09.296  6566  6579 I PhoneLab-: Service Running
07-23 12:14:09.374  6566  6579 I PhoneLab-LoggerService: app_37    1303  1     1440   988   c00f181c 400107b4 S logcat
07-23 12:14:09.378  6566  6579 I PhoneLab-LoggerService: Logcat pid from database 1303
07-23 12:14:09.378  6566  6579 I PhoneLab-LoggerService: Logcat process found 1303
07-23 12:14:09.378  6566  6579 I PhoneLab-LoggerService: Checking Threshold
07-23 12:14:13.897   347   347 D SAN_SERVICE: *******************************************
07-23 12:14:13.897   347   347 D SAN_SERVICE: DM App Phone Service State - 0
07-23 12:14:13.897   347   347 D SAN_SERVICE: *******************************************
07-23 12:14:14.347   347   347 D SAN_SERVICE: *******************************************
07-23 12:14:14.347   347   347 D SAN_SERVICE: DM App Phone Service State - 0
07-23 12:14:14.347   347   347 D SAN_SERVICE: *******************************************
07-23 12:14:47.679  4411  4413 D dalvikvm: GC_CONCURRENT freed 523K, 13% free 10693K/12231K, paused 2ms+7ms
07-23 12:14:47.772  6275  6278 D dalvikvm: GC_CONCURRENT freed 409K, 8% free 10119K/10951K, paused 13ms+3ms
07-23 12:15:19.499   144   155 D AlarmManagerService: Kernel timezone updated to 240 minutes west of GMT
07-23 12:15:19.503   347   347 D SystemClock: Setting time of day to sec=1343060120
07-23 12:15:20.069   144   161 I ActivityManager: Start proc com.android.calendar for broadcast com.android.calendar/.widget.CalendarAppWidgetService$CalendarFactory: pid=6587 uid=10005 gids={3003}
07-23 12:15:20.143  6587  6587 I ActivityThread: Pub com.android.calendar.CalendarRecentSuggestionsProvider: com.android.calendar.CalendarRecentSuggestionsProvider
07-23 12:15:20.284   144   385 I ActivityManager: Start proc com.android.deskclock for broadcast com.android.deskclock/.AlarmInitReceiver: pid=6604 uid=10011 gids={}
07-23 12:15:20.335   144   359 I ActivityManager: Start proc com.android.providers.calendar for content provider com.android.providers.calendar/.CalendarProvider2: pid=6617 uid=10006 gids={3003, 1015}
07-23 12:15:20.374  6604  6604 I ActivityThread: Pub com.android.deskclock: com.android.deskclock.AlarmProvider
07-23 12:15:20.440  6617  6617 I ActivityThread: Pub com.android.calendar: com.android.providers.calendar.CalendarProvider2
07-23 12:15:20.495   144   335 I ActivityManager: Process com.google.android.apps.docs (pid 4424) has died.
07-23 12:15:20.526  6604  6630 V AlarmClock: AlarmInitReceiver finished
07-23 12:15:21.616  6617  6617 I CalendarProvider2: Sending notification intent: Intent { act=android.intent.action.PROVIDER_CHANGED dat=content://com.android.calendar }
07-23 12:15:21.620  6617  6617 W ContentResolver: Failed to get type for: content://com.android.calendar (Unknown URL content://com.android.calendar)
07-23 12:15:22.046   144   200 D NetUtils: android_net_utils_resetConnections in env=0x1f323c8 clazz=0xae00001 iface=rmnet0 mask=0x3
07-23 12:15:22.046   144   200 D ConnectivityService: ConnectivityChange for mobile: DISCONNECTED/DISCONNECTED
07-23 12:15:22.046   144   200 D ConnectivityService: Attempting to switch to WIFI
07-23 12:15:22.046   144   200 D ConnectivityService: Attempting to switch to WIMAX
07-23 12:15:22.046   144   200 D ConnectivityService: Attempting to switch to BLUETOOTH_TETHER
07-23 12:15:22.046   144   200 D ConnectivityService: resetConnections(rmnet0, 3)
07-23 12:15:22.077   347   347 D SAN_SERVICE: *******************************************
07-23 12:15:22.081   347   347 D SAN_SERVICE: DM App Phone Service State - 0
07-23 12:15:22.081   347   347 D SAN_SERVICE: *******************************************
07-23 12:15:23.292   144   147 D dalvikvm: GC_CONCURRENT freed 1980K, 25% free 18381K/24263K, paused 7ms+8ms
07-23 12:15:25.112   144   204 D Tethering: MasterInitialState.processMessage what=3
07-23 12:15:25.128   144   161 I ActivityManager: Start proc android.process.media for broadcast com.android.providers.downloads/.DownloadReceiver: pid=6637 uid=10012 gids={1015, 1023, 1024, 2001, 3003, 3007}
07-23 12:15:25.175  6637  6637 I ActivityThread: Pub downloads: com.android.providers.downloads.DownloadProvider
07-23 12:15:25.186   144   204 D Tethering: MasterInitialState.processMessage what=3
07-23 12:15:25.214  6637  6637 I ActivityThread: Pub drm: com.android.providers.drm.DrmProvider
07-23 12:15:25.214  6637  6650 I DownloadManager: in removeSpuriousFiles
07-23 12:15:25.245  6637  6637 I ActivityThread: Pub media: com.android.providers.media.MediaProvider
07-23 12:15:25.300  6637  6650 I DownloadManager: in removeSpuriousFiles, preserving file /data/data/com.android.providers.downloads/cache/metadata.json
07-23 12:15:25.300  6637  6650 I DownloadManager: in removeSpuriousFiles, preserving file /data/data/com.android.providers.downloads/cache/en_general.htm
07-23 12:15:25.300  6637  6650 I DownloadManager: in removeSpuriousFiles, preserving file /mnt/sdcard/Download/img-thing.jpeg
07-23 12:15:25.300  6637  6650 I DownloadManager: in removeSpuriousFiles, preserving file /data/data/com.android.providers.downloads/cache/metadata-1.json
07-23 12:15:25.300  6637  6650 I DownloadManager: in removeSpuriousFiles, preserving file /data/data/com.android.providers.downloads/cache/downloadfile.jpeg
07-23 12:15:25.300  6637  6650 I DownloadManager: in removeSpuriousFiles, preserving file /data/data/com.android.providers.downloads/cache/metadata-2.json
07-23 12:15:25.300  6637  6650 I DownloadManager: in removeSpuriousFiles, preserving file /data/data/com.android.providers.downloads/cache/metadata-3.json
07-23 12:15:25.300  6637  6650 I DownloadManager: in removeSpuriousFiles, preserving file /data/data/com.android.providers.downloads/cache/downloadfile-1.jpeg
07-23 12:15:25.300  6637  6650 I DownloadManager: in removeSpuriousFiles, preserving file /data/data/com.android.providers.downloads/cache/downloadfile-2.jpeg
07-23 12:15:25.300  6637  6650 I DownloadManager: in removeSpuriousFiles, preserving file /data/data/com.android.providers.downloads/cache/metadata-4.json
07-23 12:15:25.300  6637  6650 I DownloadManager: in removeSpuriousFiles, preserving file /data/data/com.android.providers.downloads/cache/metadata-5.json
07-23 12:15:25.300  6637  6650 I DownloadManager: in removeSpuriousFiles, preserving file /data/data/com.android.providers.downloads/cache/metadata-6.json
07-23 12:15:25.300  6637  6650 I DownloadManager: in removeSpuriousFiles, preserving file /data/data/com.android.providers.downloads/cache/metadata-7.json
07-23 12:15:25.307  6637  6650 I DownloadManager: deleting spurious file /cache/backup
07-23 12:15:25.655   144   200 D ConnectivityService: handleInetConditionHoldEnd: net=1, condition=100, published condition=100
07-23 12:15:25.729  6637  6639 D dalvikvm: GC_CONCURRENT freed 364K, 5% free 9172K/9607K, paused 10ms+2ms
07-23 12:15:25.839  4346  4346 I MediaUploader: No need to wake up
07-23 12:15:25.975   144   155 I ActivityManager: Start proc com.google.android.youtube for broadcast com.google.android.youtube/.app.prefetch.PrefetchService$DeviceStateReceiver: pid=6660 uid=10057 gids={3003, 1015, 1006}
07-23 12:15:26.010  6354  6374 D PicasaSyncManager: active network: NetworkInfo: type: WIFI[], state: CONNECTED/CONNECTED, reason: (unspecified), extra: (none), roaming: false, failover: false, isAvailable: true
07-23 12:15:26.018  6354  6374 D PicasaSyncManager: background data: true
07-23 12:15:26.171  6660  6663 D dalvikvm: GC_CONCURRENT freed 165K, 3% free 9357K/9607K, paused 2ms+2ms
07-23 12:15:26.241  6660  6660 I ActivityThread: Pub com.google.android.youtube.SuggestionProvider: com.google.android.youtube.core.suggest.SuggestionProvider
07-23 12:15:26.729  6013  6015 D dalvikvm: GC_CONCURRENT freed 1322K, 12% free 13909K/15687K, paused 3ms+11ms
07-23 12:15:26.870  6660  6663 D dalvikvm: GC_CONCURRENT freed 358K, 5% free 9486K/9927K, paused 16ms+7ms
07-23 12:15:26.870  6660  6669 W CursorWrapperInner: Cursor finalized without prior close()
07-23 12:15:26.870  6660  6669 W CursorWrapperInner: Cursor finalized without prior close()
07-23 12:15:27.022  1857  1858 D dalvikvm: GC_CONCURRENT freed 348K, 7% free 10416K/11143K, paused 2ms+6ms
07-23 12:15:27.026  6660  6663 D dalvikvm: GC_CONCURRENT freed 282K, 4% free 9766K/10119K, paused 2ms+3ms
07-23 12:15:27.147  6660  6663 D dalvikvm: GC_CONCURRENT freed 395K, 5% free 9908K/10375K, paused 2ms+6ms
07-23 12:15:27.253  6660  6663 D dalvikvm: GC_CONCURRENT freed 391K, 5% free 10041K/10503K, paused 2ms+3ms
07-23 12:15:27.342  6660  6660 D dalvikvm: GC_FOR_ALLOC freed 353K, 5% free 10206K/10631K, paused 21ms
07-23 12:15:27.444  6660  6663 D dalvikvm: GC_CONCURRENT freed 205K, 4% free 10422K/10759K, paused 1ms+7ms
07-23 12:15:27.589   144   156 I ActivityManager: Start proc com.google.android.apps.docs for broadcast com.google.android.apps.docs/.receivers.NetworkChangeReceiver: pid=6702 uid=10077 gids={3003, 1015, 1006}
07-23 12:15:27.925  6702  6702 I PackageInfoHelper: Provided clientMode=RELEASE, packageInfo=PackageInfo{413503e8 com.google.android.apps.docs}
07-23 12:15:27.925  6702  6702 I ActivityThread: Pub com.google.android.apps.docs.files: com.google.android.apps.docs.sync.filemanager.FileProvider
07-23 12:15:27.925  6702  6702 I ActivityThread: Pub com.google.android.apps.docs.doclist.search_suggest: com.google.android.apps.docs.doclist.DocListGlobalSearchSuggestionProvider
07-23 12:15:28.030  6702  6704 D dalvikvm: GC_CONCURRENT freed 220K, 4% free 9315K/9607K, paused 3ms+3ms
07-23 12:15:28.132  6702  6704 D dalvikvm: GC_CONCURRENT freed 476K, 6% free 9377K/9927K, paused 2ms+2ms
07-23 12:15:28.217  6702  6704 D dalvikvm: GC_CONCURRENT freed 501K, 6% free 9415K/9991K, paused 1ms+2ms
07-23 12:15:28.327  6702  6704 D dalvikvm: GC_CONCURRENT freed 497K, 6% free 9530K/10055K, paused 2ms+3ms
07-23 12:15:28.346  6660  6663 D dalvikvm: GC_CONCURRENT freed 485K, 6% free 10458K/11015K, paused 9ms+72ms
07-23 12:15:28.413  6702  6704 D dalvikvm: GC_CONCURRENT freed 564K, 7% free 9480K/10119K, paused 1ms+3ms
07-23 12:15:28.510   144   156 I ActivityManager: Process com.twitter.android (pid 6480) has died.
07-23 12:15:28.518  6702  6704 D dalvikvm: GC_CONCURRENT freed 464K, 6% free 9527K/10119K, paused 2ms+2ms
07-23 12:15:28.659  6702  6704 D dalvikvm: GC_CONCURRENT freed 356K, 5% free 9640K/10119K, paused 2ms+2ms
07-23 12:15:28.764  6702  6702 D ContextScopeImpl: in ContextScope.getContextOrDefault for thread=1
07-23 12:15:28.768  6702  6702 D ContextScopeImpl: returning application context for thread=1
07-23 12:15:28.776  6702  6704 D dalvikvm: GC_CONCURRENT freed 394K, 5% free 9754K/10247K, paused 2ms+6ms
07-23 12:15:28.796  6702  6702 I FeatureCheckerImpl: Configured disabled features: []
07-23 12:15:28.796  6702  6702 D ContextScopeImpl: in ContextScope.getContextOrDefault for thread=1
07-23 12:15:28.796  6702  6702 D ContextScopeImpl: returning application context for thread=1
07-23 12:15:28.807  6702  6702 D ContextScopeImpl: in ContextScope.enter for thread=1
07-23 12:15:28.807  6702  6702 W ContextScopeImpl: thread=1 tried to enter the scope of the application context. Ignored.
07-23 12:15:28.807  6702  6702 D ContextScopeImpl: in ContextScope.getContextOrDefault for thread=1
07-23 12:15:28.807  6702  6702 D ContextScopeImpl: returning application context for thread=1
07-23 12:15:28.811  6702  6702 D DocListDatabase: openHelper points on new database: DocList.db
07-23 12:15:28.811  6702  6702 D DocListDatabase: in openWriteDatabase
07-23 12:15:28.823  6702  6702 I ActivityThread: Pub com.google.android.apps.docs.doclist.account_suggest: com.google.android.apps.docs.doclist.DocListAccountSuggestionProvider
07-23 12:15:28.827  6702  6702 D ContextScopeImpl: in ContextScope.enter for thread=1
07-23 12:15:28.827  6702  6702 W ContextScopeImpl: thread=1 tried to enter the scope of the application context. Ignored.
07-23 12:15:28.827  6702  6702 I ActivityThread: Pub com.google.android.apps.docs: com.google.android.apps.docs.providers.DocListProvider
07-23 12:15:28.827  6702  6702 D ContextScopeImpl: in ContextScope.enter for thread=1
07-23 12:15:28.827  6702  6702 W ContextScopeImpl: thread=1 tried to enter the scope of the application context. Ignored.
07-23 12:15:28.835  6702  6702 W ContextScopeImpl: thread=1 tried to enter the scope of the application context. Ignored.
07-23 12:15:28.842  6702  6720 W ContextScopeImpl: thread=19209 tried to enter the scope of the application context. Ignored.
07-23 12:15:28.882  6702  6702 W ContextScopeImpl: thread=1 tried to enter the scope of the application context. Ignored.
07-23 12:15:28.940  4346  4346 I MediaUploader: No need to wake up
07-23 12:15:29.010  6702  6702 W ContextScopeImpl: thread=1 tried to enter the scope of the application context. Ignored.
07-23 12:15:29.018  6354  6374 D PicasaSyncManager: active network: NetworkInfo: type: WIFI[], state: CONNECTED/CONNECTED, reason: (unspecified), extra: (none), roaming: false, failover: false, isAvailable: true
07-23 12:15:29.018  6354  6374 D PicasaSyncManager: background data: true
07-23 12:15:29.190  6660  6663 D dalvikvm: GC_CONCURRENT freed 376K, 5% free 10540K/11015K, paused 2ms+2ms
07-23 12:15:29.518  6660  6663 D dalvikvm: GC_CONCURRENT freed 343K, 4% free 10648K/11079K, paused 3ms+3ms
07-23 12:15:37.581   144 28547 D AlarmManagerService: Kernel timezone updated to 240 minutes west of GMT
07-23 12:15:37.682   144  1184 D dalvikvm: GC_EXPLICIT freed 563K, 25% free 18349K/24263K, paused 3ms+8ms
07-23 12:15:48.323  6275  6278 D dalvikvm: GC_CONCURRENT freed 441K, 8% free 10106K/10951K, paused 2ms+2ms
07-23 12:15:50.444  6076  6738 I Gmail   : MainSyncRequestProto: lowestBkwdConvoId: 0, highestHandledServerOp: 3339123, normalSync: true
07-23 12:15:50.452  6076  6102 D dalvikvm: GC_EXPLICIT freed 713K, 7% free 11800K/12615K, paused 6ms+16ms
07-23 12:15:51.495  6076  6738 D dalvikvm: GC_EXPLICIT freed 933K, 9% free 11683K/12743K, paused 3ms+5ms
07-23 12:15:51.510  6076  6738 I Gmail   : MainSyncRequestProto: lowestBkwdConvoId: 0, highestHandledServerOp: 3339166, normalSync: true
07-23 12:15:52.264  6076  6738 D dalvikvm: GC_EXPLICIT freed 476K, 8% free 11733K/12743K, paused 3ms+5ms
07-23 12:15:52.268  6076  6738 I Gmail   : MainSyncRequestProto: lowestBkwdConvoId: 0, highestHandledServerOp: 3339166, normalSync: true
07-23 12:15:52.272  6076  6738 I Gmail   : lowestBackward conversation id 0
07-23 12:15:52.292  6076  6738 W Gmail   : Scheduling index for 300000 ms from now
07-23 12:15:52.323  6076  6738 I Gmail   : Sending notification intent: Intent { act=android.intent.action.PROVIDER_CHANGED dat=content://gmail-ls/unread/^i (has extras) }
07-23 12:15:52.553  6076  6741 W Gmail   : Showing notification with unreadCount of 1 and unseenCount of 1
07-23 12:15:52.999   220   220 D dalvikvm: GC_FOR_ALLOC freed 258K, 31% free 9910K/14215K, paused 21ms
07-23 12:15:53.092   220   222 D dalvikvm: GC_CONCURRENT freed 327K, 30% free 10076K/14215K, paused 1ms+3ms
07-23 12:15:53.288  6076  6076 D dalvikvm: GC_FOR_ALLOC freed 511K, 9% free 11713K/12743K, paused 120ms
07-23 12:15:53.323  6076  6076 I dalvikvm-heap: Grow heap (frag case) to 12.246MB for 768016-byte allocation
07-23 12:15:53.382  6076  6076 D dalvikvm: GC_FOR_ALLOC freed 121K, 9% free 12342K/13511K, paused 57ms
07-23 12:15:53.659  6076  6076 D dalvikvm: GC_FOR_ALLOC freed 77K, 8% free 12451K/13511K, paused 26ms
07-23 12:15:58.823   347   347 D SAN_SERVICE: *******************************************
07-23 12:15:58.823   347   347 D SAN_SERVICE: DM App Phone Service State - 0
07-23 12:15:58.823   347   347 D SAN_SERVICE: *******************************************
07-23 12:16:01.932   347   347 D SAN_SERVICE: *******************************************
07-23 12:16:01.932   347   347 D SAN_SERVICE: DM App Phone Service State - 0
07-23 12:16:01.932   347   347 D SAN_SERVICE: *******************************************
07-23 12:16:09.823  6566  6579 I PhoneLab-: Service Running
07-23 12:16:09.948  6566  6579 I PhoneLab-LoggerService: app_37    1303  1     1440   988   c00f181c 400107b4 S logcat
07-23 12:16:09.948  6566  6579 I PhoneLab-LoggerService: Logcat pid from database 1303
07-23 12:16:09.948  6566  6579 I PhoneLab-LoggerService: Logcat process found 1303
07-23 12:16:09.948  6566  6579 I PhoneLab-LoggerService: Checking Threshold
07-23 12:16:12.214   144   497 D AlarmManagerService: Kernel timezone updated to 240 minutes west of GMT
07-23 12:16:24.249   347   347 D SAN_SERVICE: *******************************************
07-23 12:16:24.249   347   347 D SAN_SERVICE: DM App Phone Service State - 0
07-23 12:16:24.249   347   347 D SAN_SERVICE: *******************************************
07-23 12:16:24.335   144  8560 D AlarmManagerService: Kernel timezone updated to 240 minutes west of GMT
07-23 12:16:48.358  4411  4413 D dalvikvm: GC_CONCURRENT freed 547K, 13% free 10699K/12231K, paused 1ms+4ms
07-23 12:16:48.428  6275  6278 D dalvikvm: GC_CONCURRENT freed 411K, 8% free 10105K/10951K, paused 2ms+2ms
07-23 12:17:22.237   144   173 I ActivityManager: Start proc com.twitter.android for service com.twitter.android/.client.AppService: pid=6746 uid=10064 gids={3003, 1015}
07-23 12:17:22.245  6746  6746 I dalvikvm: Turning on JNI app bug workarounds for target SDK version 11...
07-23 12:17:22.350  6746  6746 I ActivityThread: Pub com.twitter.android.provider.GlobalDatabaseProvider: com.twitter.android.provider.GlobalDatabaseProvider
07-23 12:17:22.358  6746  6746 I ActivityThread: Pub com.twitter.android.provider.TwitterProvider: com.twitter.android.provider.TwitterProvider
07-23 12:17:22.456  6746  6748 D dalvikvm: GC_CONCURRENT freed 198K, 4% free 9309K/9607K, paused 11ms+3ms
07-23 12:17:22.702  6746  6748 D dalvikvm: GC_CONCURRENT freed 217K, 4% free 9520K/9863K, paused 2ms+2ms
