07-25 22:35:29.288  7689  7692 D dalvikvm: GC_CONCURRENT freed 477K, 6% free 10223K/10823K, paused 8ms+7ms
07-25 22:35:29.433  7689  7692 D dalvikvm: GC_CONCURRENT freed 328K, 5% free 10298K/10823K, paused 2ms+2ms
07-25 22:35:29.601  7689  7692 D dalvikvm: GC_CONCURRENT freed 313K, 5% free 10386K/10823K, paused 2ms+2ms
07-25 22:35:29.741  7689  7692 D dalvikvm: GC_CONCURRENT freed 356K, 5% free 10470K/10951K, paused 2ms+2ms
07-25 22:35:29.863  7689  7692 D dalvikvm: GC_CONCURRENT freed 349K, 5% free 10551K/11015K, paused 2ms+2ms
07-25 22:35:29.988  7689  7692 D dalvikvm: GC_CONCURRENT freed 322K, 5% free 10633K/11079K, paused 2ms+2ms
07-25 22:35:30.113  7689  7692 D dalvikvm: GC_CONCURRENT freed 375K, 5% free 10722K/11207K, paused 2ms+2ms
07-25 22:35:30.132  6896  6909 I PhoneLab-: Service Running
07-25 22:35:30.179  6896  6909 I PhoneLab-LoggerService: app_37    1300  1     1440   1000  c00f181c 400107b4 S logcat
07-25 22:35:30.183  6896  6909 I PhoneLab-LoggerService: Logcat pid from database 1300
07-25 22:35:30.183  6896  6909 I PhoneLab-LoggerService: Logcat process found 1300
07-25 22:35:30.183  6896  6909 I PhoneLab-LoggerService: Checking Threshold
07-25 22:35:30.183  6896  6909 I PhoneLab-LoggerService: Starting to rename files
07-25 22:35:30.183  6896  6909 I PhoneLab-LoggerService: Files found .. 2
07-25 22:35:30.284  7689  7692 D dalvikvm: GC_CONCURRENT freed 410K, 5% free 10818K/11335K, paused 1ms+2ms
07-25 22:35:31.847  7689  7692 D dalvikvm: GC_CONCURRENT freed 323K, 4% free 11016K/11463K, paused 2ms+2ms
07-25 22:35:32.281   145   162 I ActivityManager: Start proc com.facebook.orca for service com.facebook.orca/.push.mqtt.MqttPushService: pid=7710 uid=10062 gids={3003, 1015, 1006}
07-25 22:35:32.304  7710  7710 I dalvikvm: Turning on JNI app bug workarounds for target SDK version 10...
07-25 22:35:32.445  7710  7710 I ActivityThread: Pub com.facebook.orca.notify.MessengerLoggedInUserProvider: com.facebook.orca.notify.MessengerLoggedInUserProvider
07-25 22:35:32.456  7710  7710 I ActivityThread: Pub com.facebook.orca.notify.MessengerForegroundProvider: com.facebook.orca.notify.MessengerForegroundProvider
07-25 22:35:32.468  7710  7710 V orca:OrcaApplication: Forcing initialization of AsyncTask
07-25 22:35:32.601  7710  7712 D dalvikvm: GC_CONCURRENT freed 226K, 4% free 9308K/9607K, paused 4ms+2ms
07-25 22:35:32.616  7710  7710 I Finalizer: Couldn't access Thread.inheritableThreadLocals. Reference finalizer threads will inherit thread local values.
07-25 22:35:32.796  7710  7712 D dalvikvm: GC_CONCURRENT freed 385K, 5% free 9454K/9927K, paused 2ms+2ms
07-25 22:35:32.874  7710  7710 W OrcaGuiceModule: Sig: ijxLJi1yGs1JpL-X1SExmchvork
07-25 22:35:32.984  7710  7712 D dalvikvm: GC_CONCURRENT freed 353K, 5% free 9605K/10055K, paused 3ms+5ms
07-25 22:35:33.695  7710  7725 W Resources: Converting to string: TypedValue{t=0x10/d=0xffffffff a=-1}
07-25 22:35:33.902  7710  7712 D dalvikvm: GC_CONCURRENT freed 293K, 4% free 9882K/10247K, paused 2ms+3ms
07-25 22:35:33.991  7710  7710 D ACRA    : Retrieve application default SharedPreferences.
07-25 22:35:33.991  7710  7710 D ACRA    : Set OnSharedPreferenceChangeListener.
07-25 22:35:33.995  7710  7710 D ACRA    : ACRA is enabled for com.facebook.orca, intializing...
07-25 22:35:34.101  7710  7710 D ACRA    : Looking for error files in /data/data/com.facebook.orca/app_acra-reports
07-25 22:35:34.109  7710  7712 D dalvikvm: GC_CONCURRENT freed 307K, 4% free 10122K/10503K, paused 17ms+3ms
07-25 22:35:34.120  7689  7703 I DatabaseHelper: Begin cleanup.
07-25 22:35:34.175  7710  7725 D dalvikvm: GC_FOR_ALLOC freed 242K, 6% free 10151K/10759K, paused 47ms
07-25 22:35:34.238  7710  7725 D dalvikvm: GC_FOR_ALLOC freed 131K, 5% free 10253K/10759K, paused 19ms
07-25 22:35:34.331  7710  7725 D dalvikvm: GC_FOR_ALLOC freed 219K, 6% free 10283K/10887K, paused 63ms
07-25 22:35:34.480  7710  7712 D dalvikvm: GC_CONCURRENT freed 361K, 5% free 10434K/10887K, paused 3ms+7ms
07-25 22:35:34.499   145   338 I ActivityManager: Process com.google.android.apps.googlevoice (pid 7478) has died.
07-25 22:35:34.499   145   338 W ActivityManager: Scheduling restart of crashed service com.google.android.apps.googlevoice/.CallLogService in 5000ms
07-25 22:35:34.499   145   338 W ActivityManager: Scheduling restart of crashed service com.google.android.apps.googlevoice/.UpdateService in 15000ms
07-25 22:35:34.722  7710  7712 D dalvikvm: GC_CONCURRENT freed 177K, 3% free 10831K/11079K, paused 3ms+6ms
07-25 22:35:34.866  7710  7712 D dalvikvm: GC_CONCURRENT freed 323K, 4% free 11133K/11527K, paused 2ms+3ms
07-25 22:35:35.152  7689  7703 I DatabaseHelper: Cleaned up: 3
07-25 22:35:35.374  7689  7692 D dalvikvm: GC_CONCURRENT freed 410K, 5% free 11190K/11719K, paused 50ms+7ms
07-25 22:35:35.448  7710  7712 D dalvikvm: GC_CONCURRENT freed 583K, 6% free 11225K/11911K, paused 2ms+11ms
07-25 22:35:35.550   145   356 D dalvikvm: GC_EXPLICIT freed 1221K, 23% free 18163K/23495K, paused 7ms+7ms
07-25 22:35:39.546   145   162 I ActivityManager: Start proc com.google.android.apps.googlevoice for service com.google.android.apps.googlevoice/.CallLogService: pid=7736 uid=10054 gids={3003, 1015}
07-25 22:35:39.613   361   361 D dalvikvm: GC_EXPLICIT freed <1K, 6% free 9099K/9607K, paused 9ms+3ms
07-25 22:35:39.624   145  1302 I ActivityManager: Process com.twitter.android (pid 7689) has died.
07-25 22:35:39.921  7736  7739 D dalvikvm: GC_CONCURRENT freed 244K, 4% free 9287K/9607K, paused 8ms+15ms
07-25 22:35:39.999   145   157 I ActivityManager: Start proc android.process.acore for content provider com.android.providers.contacts/.VoicemailContentProvider: pid=7751 uid=10000 gids={3003, 1015}
07-25 22:35:40.062  7751  7751 I ActivityThread: Pub call_log: com.android.providers.contacts.CallLogProvider
07-25 22:35:40.093  7751  7751 I ActivityThread: Pub com.android.voicemail: com.android.providers.contacts.VoicemailContentProvider
07-25 22:35:40.093  7751  7751 I ActivityThread: Pub user_dictionary: com.android.providers.userdictionary.UserDictionaryProvider
07-25 22:35:40.105  7751  7751 I ActivityThread: Pub com.android.social: com.android.providers.contacts.SocialProvider
07-25 22:35:40.109  7751  7751 I ActivityThread: Pub applications: com.android.providers.applications.ApplicationsProvider
07-25 22:35:40.226  7751  7753 D dalvikvm: GC_CONCURRENT freed 344K, 5% free 9153K/9607K, paused 2ms+2ms
07-25 22:35:40.245  7751  7751 I ActivityThread: Pub contacts;com.android.contacts: com.android.providers.contacts.ContactsProvider2
07-25 22:35:40.765  7751  7753 D dalvikvm: GC_CONCURRENT freed 238K, 4% free 9366K/9735K, paused 1ms+2ms
07-25 22:35:41.448  7751  7753 D dalvikvm: GC_CONCURRENT freed 183K, 4% free 9612K/9927K, paused 10ms+2ms
07-25 22:35:44.843 21345 21345 D dalvikvm: GC_EXPLICIT freed <1K, 16% free 12244K/14535K, paused 10ms+3ms
07-25 22:35:45.554   145   430 I ActivityManager: Process edu.buffalo.cse.phonelab.phonelabservices (pid 6896) has died.
07-25 22:35:45.581   145   430 W ActivityManager: Scheduling restart of crashed service edu.buffalo.cse.phonelab.phonelabservices/edu.buffalo.cse.phonelab.datalogger.LoggerService in 13922ms
07-25 22:35:50.062   145   363 D CountryDetector: The first listener is added
07-25 22:35:50.113  7736  7739 D dalvikvm: GC_CONCURRENT freed 405K, 5% free 9402K/9863K, paused 27ms+21ms
07-25 22:35:50.113  7736  7745 W CursorWrapperInner: Cursor finalized without prior close()
07-25 22:35:50.113  7736  7745 W CursorWrapperInner: Cursor finalized without prior close()
07-25 22:35:50.113  7736  7745 W CursorWrapperInner: Cursor finalized without prior close()
07-25 22:35:50.296  7751  7753 D dalvikvm: GC_CONCURRENT freed 540K, 6% free 9633K/10247K, paused 14ms+4ms
07-25 22:35:50.695  5961  5961 D dalvikvm: GC_EXPLICIT freed 17K, 8% free 10032K/10823K, paused 6ms+16ms
07-25 22:35:50.890  7736  7739 D dalvikvm: GC_CONCURRENT freed 349K, 5% free 9570K/9991K, paused 3ms+3ms
07-25 22:35:51.206  7751  7753 D dalvikvm: GC_CONCURRENT freed 373K, 5% free 9772K/10247K, paused 2ms+4ms
07-25 22:35:51.343  7736  7775 D dalvikvm: GC_FOR_ALLOC freed 136K, 6% free 9672K/10183K, paused 23ms
07-25 22:35:55.839   145   161 D dalvikvm: GC_EXPLICIT freed 254K, 23% free 18145K/23495K, paused 49ms+7ms
07-25 22:35:59.585   145  1302 D CountryDetector: No listener is left
07-25 22:35:59.589   145   162 I ActivityManager: Start proc edu.buffalo.cse.phonelab.phonelabservices for service edu.buffalo.cse.phonelab.phonelabservices/edu.buffalo.cse.phonelab.datalogger.LoggerService: pid=7778 uid=10037 gids={3003, 1015, 1007, 2001}
07-25 22:35:59.589   145 22258 I ActivityManager: Process android.process.acore (pid 7751) has died.
07-25 22:35:59.628    79    79 D dalvikvm: GC_EXPLICIT freed 37K, 4% free 9031K/9347K, paused 4ms+2ms
07-25 22:35:59.663    79    79 D dalvikvm: GC_EXPLICIT freed <1K, 4% free 9031K/9347K, paused 2ms+2ms
07-25 22:35:59.695    79    79 D dalvikvm: GC_EXPLICIT freed <1K, 4% free 9031K/9347K, paused 2ms+2ms
07-25 22:35:59.698  7778  7778 I PhoneLab-LoggerService: Start Logger Service
07-25 22:35:59.730  7778  7791 I PhoneLab-: Service Running
07-25 22:35:59.816  7778  7791 I PhoneLab-LoggerService: app_37    1300  1     1440   1000  c00f181c 400107b4 S logcat
07-25 22:35:59.820  7778  7791 I PhoneLab-LoggerService: Logcat pid from database 1300
07-25 22:35:59.820  7778  7791 I PhoneLab-LoggerService: Logcat process found 1300
07-25 22:35:59.820  7778  7791 I PhoneLab-LoggerService: Checking Threshold
07-25 22:35:59.820  7778  7791 I PhoneLab-LoggerService: Starting to rename files
07-25 22:35:59.823  7778  7791 I PhoneLab-LoggerService: Files found .. 2
07-25 22:36:05.386   321   321 D dalvikvm: GC_EXPLICIT freed <1K, 19% free 10145K/12487K, paused 25ms+3ms
07-25 22:36:10.425 27972 27972 D dalvikvm: GC_EXPLICIT freed <1K, 5% free 9494K/9991K, paused 21ms+3ms
07-25 22:36:15.488   342   342 D dalvikvm: GC_EXPLICIT freed 34K, 9% free 11887K/12935K, paused 37ms+3ms
07-25 22:36:17.109  6114  6116 D dalvikvm: GC_CONCURRENT freed 670K, 7% free 10522K/11271K, paused 2ms+3ms
07-25 22:36:17.156   145   421 I ActivityManager: Start proc com.google.android.apps.maps:LocationFriendService for service com.google.android.apps.maps/com.google.googlenav.friend.reporting.LocationReceiverService: pid=7797 uid=10056 gids={3003, 1015}
07-25 22:36:17.331  7797  7800 D dalvikvm: GC_CONCURRENT freed 153K, 3% free 9382K/9607K, paused 3ms+2ms
07-25 22:36:17.745  7797  7800 D dalvikvm: GC_CONCURRENT freed 151K, 3% free 9662K/9927K, paused 16ms+2ms
07-25 22:36:18.120  7797  7800 D dalvikvm: GC_CONCURRENT freed 305K, 4% free 9847K/10247K, paused 2ms+4ms
07-25 22:36:18.281  7797  7804 I dalvikvm: Total arena pages for JIT: 11
07-25 22:36:18.281  7797  7804 I dalvikvm: Total arena pages for JIT: 12
07-25 22:36:18.281  7797  7804 I dalvikvm: Total arena pages for JIT: 13
07-25 22:36:18.288  7797  7804 I dalvikvm: Total arena pages for JIT: 14
07-25 22:36:18.288  7797  7804 I dalvikvm: Total arena pages for JIT: 15
07-25 22:36:18.288  7797  7804 I dalvikvm: Total arena pages for JIT: 16
07-25 22:36:18.288  7797  7804 I dalvikvm: Total arena pages for JIT: 17
07-25 22:36:18.386   145   157 I ActivityManager: Process com.facebook.orca (pid 7710) has died.
07-25 22:36:18.386   145   157 W ActivityManager: Scheduling restart of crashed service com.facebook.orca/.push.mqtt.MqttPushService in 20000ms
07-25 22:36:18.437  7797  7800 D dalvikvm: GC_CONCURRENT freed 400K, 5% free 9964K/10439K, paused 2ms+2ms
07-25 22:36:23.499   443   443 D dalvikvm: GC_EXPLICIT freed <1K, 4% free 9037K/9347K, paused 20ms+3ms
07-25 22:36:28.495   215   215 D dalvikvm: GC_EXPLICIT freed 47K, 32% free 9715K/14215K, paused 23ms+2ms
07-25 22:36:33.441 28946 28946 E GeckoApp: low memory
07-25 22:36:33.597 28946 28946 D dalvikvm: GC_EXPLICIT freed 7K, 41% free 13245K/22215K, paused 32ms+13ms
07-25 22:36:38.448   145   162 I ActivityManager: Start proc com.facebook.orca for service com.facebook.orca/.push.mqtt.MqttPushService: pid=7821 uid=10062 gids={3003, 1015, 1006}
07-25 22:36:38.456  7821  7821 I dalvikvm: Turning on JNI app bug workarounds for target SDK version 10...
07-25 22:36:38.558  6114  6114 D dalvikvm: GC_EXPLICIT freed 85K, 7% free 10506K/11271K, paused 17ms+3ms
07-25 22:36:38.616  7821  7821 I ActivityThread: Pub com.facebook.orca.notify.MessengerLoggedInUserProvider: com.facebook.orca.notify.MessengerLoggedInUserProvider
07-25 22:36:38.636  7821  7821 I ActivityThread: Pub com.facebook.orca.notify.MessengerForegroundProvider: com.facebook.orca.notify.MessengerForegroundProvider
07-25 22:36:38.644  7821  7821 V orca:OrcaApplication: Forcing initialization of AsyncTask
07-25 22:36:38.769  7821  7824 D dalvikvm: GC_CONCURRENT freed 223K, 4% free 9312K/9607K, paused 4ms+2ms
07-25 22:36:38.773  7821  7821 I Finalizer: Couldn't access Thread.inheritableThreadLocals. Reference finalizer threads will inherit thread local values.
07-25 22:36:38.925  7821  7824 D dalvikvm: GC_CONCURRENT freed 361K, 5% free 9445K/9927K, paused 2ms+2ms
07-25 22:36:39.031  7821  7821 W OrcaGuiceModule: Sig: ijxLJi1yGs1JpL-X1SExmchvork
07-25 22:36:39.066   145   156 I ActivityManager: Process com.google.android.apps.maps:LocationFriendService (pid 7797) has died.
07-25 22:36:39.136  7821  7824 D dalvikvm: GC_CONCURRENT freed 366K, 5% free 9620K/10055K, paused 2ms+4ms
07-25 22:36:39.554  7821  7836 W Resources: Converting to string: TypedValue{t=0x10/d=0xffffffff a=-1}
07-25 22:36:39.679  7821  7824 D dalvikvm: GC_CONCURRENT freed 296K, 4% free 9879K/10247K, paused 4ms+3ms
07-25 22:36:39.781  7821  7821 D ACRA    : Retrieve application default SharedPreferences.
07-25 22:36:39.781  7821  7821 D ACRA    : Set OnSharedPreferenceChangeListener.
07-25 22:36:39.781  7821  7821 D ACRA    : ACRA is enabled for com.facebook.orca, intializing...
07-25 22:36:39.831  7821  7821 D ACRA    : Looking for error files in /data/data/com.facebook.orca/app_acra-reports
07-25 22:36:39.870  7821  7824 D dalvikvm: GC_CONCURRENT freed 323K, 4% free 10106K/10503K, paused 2ms+5ms
07-25 22:36:39.909  7821  7836 D dalvikvm: GC_FOR_ALLOC freed 65K, 5% free 10166K/10631K, paused 35ms
07-25 22:36:39.988  7821  7836 D dalvikvm: GC_FOR_ALLOC freed 236K, 5% free 10194K/10695K, paused 35ms
07-25 22:36:40.050  7821  7836 D dalvikvm: GC_FOR_ALLOC freed 227K, 6% free 10249K/10823K, paused 35ms
07-25 22:36:40.101  7821  7836 D dalvikvm: GC_FOR_ALLOC freed 106K, 5% free 10348K/10823K, paused 38ms
07-25 22:36:40.359  7821  7824 D dalvikvm: GC_CONCURRENT freed 337K, 4% free 10543K/10951K, paused 2ms+8ms
07-25 22:36:40.558  7821  7824 D dalvikvm: GC_CONCURRENT freed 154K, 3% free 10917K/11143K, paused 2ms+6ms
07-25 22:36:40.706  7821  7824 D dalvikvm: GC_CONCURRENT freed 331K, 4% free 11252K/11655K, paused 2ms+3ms
07-25 22:36:44.835   361   361 D dalvikvm: GC_EXPLICIT freed <1K, 6% free 9099K/9607K, paused 22ms+3ms
07-25 22:36:49.820 21345 21345 D dalvikvm: GC_EXPLICIT freed 625K, 16% free 12244K/14535K, paused 22ms+3ms
07-25 22:36:54.847  5961  5961 D dalvikvm: GC_EXPLICIT freed 21K, 8% free 10037K/10823K, paused 24ms+2ms
07-25 22:36:59.519   145   199 D DhcpInfoInternal: makeLinkProperties with empty dns2!
07-25 22:36:59.527   145   199 D DhcpInfoInternal: makeLinkProperties with empty dns2!
07-25 22:37:05.273   145   161 D dalvikvm: GC_EXPLICIT freed 338K, 23% free 18149K/23495K, paused 30ms+7ms
07-25 22:37:11.116   321   321 D dalvikvm: GC_EXPLICIT freed <1K, 19% free 10145K/12487K, paused 2ms+3ms
07-25 22:37:17.132   145   157 I ActivityManager: Start proc com.google.android.apps.maps:LocationFriendService for service com.google.android.apps.maps/com.google.googlenav.friend.reporting.LocationReceiverService: pid=7863 uid=10056 gids={3003, 1015}
07-25 22:37:17.288  7863  7865 D dalvikvm: GC_CONCURRENT freed 158K, 3% free 9377K/9607K, paused 4ms+2ms
07-25 22:37:17.835  7863  7865 D dalvikvm: GC_CONCURRENT freed 155K, 3% free 9661K/9927K, paused 23ms+15ms
07-25 22:37:18.308  7863  7865 D dalvikvm: GC_CONCURRENT freed 303K, 4% free 9849K/10247K, paused 2ms+4ms
07-25 22:37:18.464  7863  7870 I dalvikvm: Total arena pages for JIT: 11
07-25 22:37:18.468  7863  7870 I dalvikvm: Total arena pages for JIT: 12
07-25 22:37:18.468  7863  7870 I dalvikvm: Total arena pages for JIT: 13
07-25 22:37:18.468  7863  7870 I dalvikvm: Total arena pages for JIT: 14
07-25 22:37:18.472  7863  7870 I dalvikvm: Total arena pages for JIT: 15
07-25 22:37:18.472  7863  7870 I dalvikvm: Total arena pages for JIT: 16
07-25 22:37:18.476  7863  7870 I dalvikvm: Total arena pages for JIT: 17
07-25 22:37:18.577  7863  7865 D dalvikvm: GC_CONCURRENT freed 402K, 5% free 9957K/10439K, paused 2ms+2ms
07-25 22:37:22.116 27972 27972 D dalvikvm: GC_EXPLICIT freed <1K, 5% free 9494K/9991K, paused 21ms+2ms
07-25 22:37:27.124   342   342 D dalvikvm: GC_EXPLICIT freed 3K, 9% free 11887K/12935K, paused 23ms+3ms
07-25 22:37:35.917   443   443 D dalvikvm: GC_EXPLICIT freed <1K, 4% free 9037K/9347K, paused 23ms+2ms
07-25 22:37:40.941   215   215 D dalvikvm: GC_EXPLICIT freed 31K, 32% free 9711K/14215K, paused 11ms+4ms
07-25 22:37:46.038  7632  7632 D dalvikvm: GC_EXPLICIT freed 60K, 7% free 9870K/10503K, paused 30ms+2ms
07-25 22:37:50.866 28946 28946 E GeckoApp: low memory
07-25 22:37:50.988 28946 28946 D dalvikvm: GC_EXPLICIT freed 3K, 41% free 13245K/22215K, paused 26ms+13ms
07-25 22:37:55.948  6114  6114 D dalvikvm: GC_EXPLICIT freed 270K, 7% free 10510K/11271K, paused 23ms+3ms
07-25 22:37:59.093   342   342 D SAN_SERVICE: *******************************************
07-25 22:37:59.093   342   342 D SAN_SERVICE: DM App Phone Service State - 0
07-25 22:37:59.093   342   342 D SAN_SERVICE: *******************************************
07-25 22:37:59.265   342   342 D SAN_SERVICE: *******************************************
07-25 22:37:59.265   342   342 D SAN_SERVICE: DM App Phone Service State - 0
07-25 22:37:59.265   342   342 D SAN_SERVICE: *******************************************
07-25 22:37:59.773   342   342 D SAN_SERVICE: *******************************************
07-25 22:37:59.773   342   342 D SAN_SERVICE: DM App Phone Service State - 0
07-25 22:37:59.773   342   342 D SAN_SERVICE: *******************************************
07-25 22:37:59.781  7778  7791 I PhoneLab-: Service Running
07-25 22:37:59.792   145   338 I ActivityManager: Process com.google.android.apps.maps:LocationFriendService (pid 7863) has died.
07-25 22:37:59.835  7778  7791 I PhoneLab-LoggerService: app_37    1300  1     1440   1000  c00f181c 400107b4 S logcat
07-25 22:37:59.839  7778  7791 I PhoneLab-LoggerService: Logcat pid from database 1300
07-25 22:37:59.839  7778  7791 I PhoneLab-LoggerService: Logcat process found 1300
07-25 22:37:59.839  7778  7791 I PhoneLab-LoggerService: Checking Threshold
07-25 22:37:59.839  7778  7791 I PhoneLab-LoggerService: Starting to rename files
07-25 22:37:59.839  7778  7791 I PhoneLab-LoggerService: Files found .. 2
07-25 22:37:59.894  7889  7889 D dalvikvm: Late-enabling CheckJNI
07-25 22:37:59.894   145   162 I ActivityManager: Start proc com.chess for broadcast com.chess/.backend.AlarmReceiver: pid=7889 uid=10079 gids={3003, 1015}
07-25 22:38:00.101  7889  7892 D dalvikvm: GC_CONCURRENT freed 159K, 3% free 9376K/9607K, paused 2ms+3ms
07-25 22:38:00.261   145   326 I ActivityManager: Process com.whatsapp (pid 7632) has died.
07-25 22:38:00.261   145   326 W ActivityManager: Scheduling restart of crashed service com.whatsapp/.messaging.MessageService in 5000ms
07-25 22:38:00.288  7889  7903 D GetStringObjTask: retrieving from url = http://www.chess.com/api/get_move_status?id=5HHjW9WUGa%2Bcu1LUwnVJPxTIWxmEve4VdkRnRyg7b5Ch69JH2Z5aB%2B7eGuFw8K2uFx47KFsdE3JRdR3Mzv0PkZOj6eZ8N73BvxmEERrzXjMNRo80rkLyJAUTh0iqof4n
07-25 22:38:01.238  7889  7903 D GetStringObjTask: WebRequest SERVER RESPONSE: Success+0
07-25 22:38:05.323   145   162 I ActivityManager: Start proc com.whatsapp for service com.whatsapp/.messaging.MessageService: pid=7905 uid=10068 gids={1015, 3003}
07-25 22:38:05.351  7905  7905 I dalvikvm: Turning on JNI app bug workarounds for target SDK version 7...
07-25 22:38:05.370   361   361 D dalvikvm: GC_EXPLICIT freed <1K, 6% free 9099K/9607K, paused 2ms+5ms
07-25 22:38:05.558  7905  7908 D dalvikvm: GC_CONCURRENT freed 165K, 3% free 9360K/9607K, paused 2ms+3ms
07-25 22:38:05.855   145   145 I ActivityManager: Process com.chess (pid 7889) has died.
07-25 22:38:06.027  7905  7908 D dalvikvm: GC_CONCURRENT freed 293K, 4% free 9607K/9991K, paused 3ms+9ms
07-25 22:38:06.308   145   363 I ActivityManager: Start proc android.process.acore for content provider com.android.providers.contacts/.ContactsProvider2: pid=7924 uid=10000 gids={3003, 1015}
07-25 22:38:06.421   145   421 D dalvikvm: GC_EXPLICIT freed 229K, 23% free 18146K/23495K, paused 3ms+7ms
07-25 22:38:06.460  7924  7924 I ActivityThread: Pub call_log: com.android.providers.contacts.CallLogProvider
07-25 22:38:06.511  7924  7924 I ActivityThread: Pub com.android.voicemail: com.android.providers.contacts.VoicemailContentProvider
07-25 22:38:06.515  7924  7924 I ActivityThread: Pub user_dictionary: com.android.providers.userdictionary.UserDictionaryProvider
07-25 22:38:06.550  7924  7924 I ActivityThread: Pub com.android.social: com.android.providers.contacts.SocialProvider
07-25 22:38:06.554  7924  7924 I ActivityThread: Pub applications: com.android.providers.applications.ApplicationsProvider
07-25 22:38:06.601  7905  7905 I dalvikvm: Could not find method android.media.MediaMetadataRetriever.captureFrame, referenced from method com.whatsapp.q3.a
07-25 22:38:06.601  7905  7905 W dalvikvm: VFY: unable to resolve virtual method 502: Landroid/media/MediaMetadataRetriever;.captureFrame ()Landroid/graphics/Bitmap;
07-25 22:38:06.601  7905  7905 D dalvikvm: VFY: replacing opcode 0x6e at 0x0134
07-25 22:38:06.761  7924  7924 I ActivityThread: Pub contacts;com.android.contacts: com.android.providers.contacts.ContactsProvider2
07-25 22:38:06.808  7924  7927 D dalvikvm: GC_CONCURRENT freed 349K, 5% free 9186K/9607K, paused 3ms+3ms
07-25 22:38:06.843  7905  7908 D dalvikvm: GC_CONCURRENT freed 324K, 4% free 9845K/10247K, paused 6ms+10ms
07-25 22:38:06.991  7905  7908 D dalvikvm: GC_CONCURRENT freed 272K, 4% free 9970K/10375K, paused 24ms+7ms
07-25 22:38:07.241  7924  7927 D dalvikvm: GC_CONCURRENT freed 227K, 4% free 9379K/9735K, paused 2ms+2ms
07-25 22:38:08.620  7905  7908 D dalvikvm: GC_CONCURRENT freed 539K, 6% free 9881K/10503K, paused 5ms+3ms
07-25 22:38:08.702   145   363 I ActivityManager: Process android.process.acore (pid 7924) has died.
07-25 22:38:11.007   342   342 D SAN_SERVICE: *******************************************
07-25 22:38:11.007   342   342 D SAN_SERVICE: DM App Phone Service State - 0
07-25 22:38:11.007   342   342 D SAN_SERVICE: *******************************************
07-25 22:38:11.749   342   342 D SAN_SERVICE: *******************************************
07-25 22:38:11.749   342   342 D SAN_SERVICE: DM App Phone Service State - 0
07-25 22:38:11.749   342   342 D SAN_SERVICE: *******************************************
07-25 22:38:17.206   145   326 I ActivityManager: Start proc com.google.android.apps.maps:LocationFriendService for service com.google.android.apps.maps/com.google.googlenav.friend.reporting.LocationReceiverService: pid=7949 uid=10056 gids={3003, 1015}
07-25 22:38:17.366  7949  7952 D dalvikvm: GC_CONCURRENT freed 168K, 3% free 9367K/9607K, paused 2ms+2ms
07-25 22:38:17.980  7949  7952 D dalvikvm: GC_CONCURRENT freed 167K, 4% free 9685K/9991K, paused 12ms+5ms
07-25 22:38:18.288  7949  7952 D dalvikvm: GC_CONCURRENT freed 310K, 4% free 9849K/10247K, paused 2ms+3ms
07-25 22:38:18.398  7949  7956 I dalvikvm: Total arena pages for JIT: 11
07-25 22:38:18.398  7949  7956 I dalvikvm: Total arena pages for JIT: 12
07-25 22:38:18.402  7949  7956 I dalvikvm: Total arena pages for JIT: 13
07-25 22:38:18.402  7949  7956 I dalvikvm: Total arena pages for JIT: 14
07-25 22:38:18.402  7949  7956 I dalvikvm: Total arena pages for JIT: 15
07-25 22:38:18.402  7949  7956 I dalvikvm: Total arena pages for JIT: 16
07-25 22:38:18.402  7949  7956 I dalvikvm: Total arena pages for JIT: 17
07-25 22:38:18.542  7949  7952 D dalvikvm: GC_CONCURRENT freed 402K, 5% free 9962K/10439K, paused 2ms+2ms
07-25 22:38:18.866  7949  7952 D dalvikvm: GC_CONCURRENT freed 261K, 4% free 10112K/10503K, paused 3ms+5ms
07-25 22:38:19.667  7949  7952 D dalvikvm: GC_CONCURRENT freed 332K, 5% free 10322K/10759K, paused 34ms+7ms
07-25 22:38:26.015 21345 21345 D dalvikvm: GC_EXPLICIT freed 1K, 16% free 12244K/14535K, paused 23ms+3ms
07-25 22:38:29.738   342   342 D SAN_SERVICE: *******************************************
07-25 22:38:29.738   342   342 D SAN_SERVICE: DM App Phone Service State - 0
07-25 22:38:29.738   342   342 D SAN_SERVICE: *******************************************
07-25 22:38:30.245   342   342 D SAN_SERVICE: *******************************************
07-25 22:38:30.245   342   342 D SAN_SERVICE: DM App Phone Service State - 0
07-25 22:38:30.245   342   342 D SAN_SERVICE: *******************************************
07-25 22:38:35.370  5961  5961 D dalvikvm: GC_EXPLICIT freed 49K, 8% free 10060K/10823K, paused 26ms+3ms
07-25 22:38:40.378   145   161 D dalvikvm: GC_EXPLICIT freed 375K, 23% free 18141K/23495K, paused 31ms+7ms
07-25 22:38:45.320   321   321 D dalvikvm: GC_EXPLICIT freed <1K, 19% free 10145K/12487K, paused 21ms+2ms
07-25 22:38:50.347 27972 27972 D dalvikvm: GC_EXPLICIT freed <1K, 5% free 9494K/9991K, paused 20ms+2ms
07-25 22:38:55.347   342   342 D dalvikvm: GC_EXPLICIT freed 105K, 9% free 11888K/12935K, paused 26ms+3ms
07-25 22:39:00.128   145   423 I ActivityManager: Process com.google.android.apps.maps:LocationFriendService (pid 7949) has died.
07-25 22:39:05.179   361   361 D dalvikvm: GC_EXPLICIT freed <1K, 6% free 9099K/9607K, paused 3ms+4ms
07-25 22:39:10.238 21345 21345 D dalvikvm: GC_EXPLICIT freed <1K, 16% free 12244K/14535K, paused 20ms+2ms
07-25 22:39:15.230  5961  5961 D dalvikvm: GC_EXPLICIT freed 30K, 8% free 10030K/10823K, paused 26ms+3ms
07-25 22:39:17.277  6114  6116 D dalvikvm: GC_CONCURRENT freed 492K, 7% free 10529K/11271K, paused 2ms+3ms
07-25 22:39:17.296   145 21503 I ActivityManager: Start proc com.google.android.apps.maps:LocationFriendService for service com.google.android.apps.maps/com.google.googlenav.friend.reporting.LocationReceiverService: pid=7977 uid=10056 gids={3003, 1015}
07-25 22:39:17.417  7977  7980 D dalvikvm: GC_CONCURRENT freed 170K, 3% free 9365K/9607K, paused 2ms+2ms
07-25 22:39:17.613  7977  7980 D dalvikvm: GC_CONCURRENT freed 206K, 3% free 9712K/9991K, paused 2ms+2ms
07-25 22:39:17.761  7977  7980 D dalvikvm: GC_CONCURRENT freed 287K, 4% free 9908K/10311K, paused 2ms+2ms
07-25 22:39:17.804  7977  7984 I dalvikvm: Total arena pages for JIT: 11
07-25 22:39:17.804  7977  7984 I dalvikvm: Total arena pages for JIT: 12
07-25 22:39:17.804  7977  7984 I dalvikvm: Total arena pages for JIT: 13
07-25 22:39:17.808  7977  7984 I dalvikvm: Total arena pages for JIT: 14
07-25 22:39:17.808  7977  7984 I dalvikvm: Total arena pages for JIT: 15
07-25 22:39:17.808  7977  7984 I dalvikvm: Total arena pages for JIT: 16
07-25 22:39:17.808  7977  7984 I dalvikvm: Total arena pages for JIT: 17
07-25 22:39:17.917   145   378 I ActivityManager: Process com.facebook.orca (pid 7821) has died.
07-25 22:39:17.917   145   378 W ActivityManager: Scheduling restart of crashed service com.facebook.orca/.push.mqtt.MqttPushService in 5000ms
07-25 22:39:17.929  7977  7980 D dalvikvm: GC_CONCURRENT freed 374K, 5% free 9983K/10439K, paused 2ms+2ms
07-25 22:39:18.327   145   156 I ActivityManager: START {act=android.intent.action.MAIN cat=[android.intent.category.LAUNCHER] flg=0x10000000 pkg=com.twitter.android cmp=com.twitter.android/.StartActivity bnds=[120,254][240,404]} from pid 21345
07-25 22:39:18.515   145   338 I ActivityManager: Start proc com.twitter.android for activity com.twitter.android/.StartActivity: pid=8000 uid=10064 gids={3003, 1015}
07-25 22:39:18.531  8000  8000 I dalvikvm: Turning on JNI app bug workarounds for target SDK version 11...
07-25 22:39:18.570 21345 21345 D OpenGLRenderer: Flushing caches (mode 1)
07-25 22:39:18.640 21345 21345 D OpenGLRenderer: Flushing caches (mode 0)
07-25 22:39:18.777  8000  8000 I ActivityThread: Pub com.twitter.android.provider.GlobalDatabaseProvider: com.twitter.android.provider.GlobalDatabaseProvider
07-25 22:39:18.788  8000  8000 I ActivityThread: Pub com.twitter.android.provider.TwitterProvider: com.twitter.android.provider.TwitterProvider
07-25 22:39:18.991  8000  8002 D dalvikvm: GC_CONCURRENT freed 157K, 3% free 9378K/9607K, paused 15ms+2ms
07-25 22:39:19.042   145   161 I Process : Sending signal. PID: 8000 SIG: 3
07-25 22:39:19.042  8000  8004 I dalvikvm: threadid=3: reacting to signal 3
07-25 22:39:19.081  8000  8004 I dalvikvm: Wrote stack traces to '/data/anr/traces.txt'
07-25 22:39:19.335  8000  8000 D dalvikvm: GC_FOR_ALLOC freed 177K, 4% free 9505K/9799K, paused 33ms
07-25 22:39:19.347  8000  8000 I dalvikvm-heap: Grow heap (frag case) to 11.896MB for 2668016-byte allocation
07-25 22:39:19.413  8000  8002 D dalvikvm: GC_CONCURRENT freed 2K, 3% free 12108K/12423K, paused 4ms+5ms
07-25 22:39:19.488  8000  8000 D dalvikvm: GC_FOR_ALLOC freed 0K, 3% free 12109K/12423K, paused 15ms
07-25 22:39:19.503  8000  8000 I dalvikvm-heap: Grow heap (frag case) to 17.622MB for 6006016-byte allocation
07-25 22:39:19.531  8000  8002 D dalvikvm: GC_CONCURRENT freed 0K, 2% free 17974K/18311K, paused 2ms+2ms
07-25 22:39:19.534   145   161 I Process : Sending signal. PID: 8000 SIG: 3
07-25 22:39:19.534  8000  8004 I dalvikvm: threadid=3: reacting to signal 3
07-25 22:39:19.550  8000  8004 I dalvikvm: Wrote stack traces to '/data/anr/traces.txt'
07-25 22:39:19.671   145 22786 I ActivityManager: START {flg=0x4000000 cmp=com.twitter.android/.HomeTabActivity} from pid 8000
07-25 22:39:19.769   145   338 I ActivityManager: Process com.google.android.apps.maps:LocationFriendService (pid 7977) has died.
07-25 22:39:20.218   145   161 I Process : Sending signal. PID: 8000 SIG: 3
07-25 22:39:20.222  8000  8004 I dalvikvm: threadid=3: reacting to signal 3
07-25 22:39:20.253  8000  8004 I dalvikvm: Wrote stack traces to '/data/anr/traces.txt'
07-25 22:39:20.421   215   215 V PhoneStatusBar: setLightsOn(true)
07-25 22:39:20.452  8000  8000 D libEGL  : loaded /system/lib/egl/libGLES_android.so
07-25 22:39:20.456  8000  8000 D libEGL  : loaded /vendor/lib/egl/libEGL_POWERVR_SGX540_120.so
07-25 22:39:20.484  8000  8000 D libEGL  : loaded /vendor/lib/egl/libGLESv1_CM_POWERVR_SGX540_120.so
07-25 22:39:20.488  8000  8000 D libEGL  : loaded /vendor/lib/egl/libGLESv2_POWERVR_SGX540_120.so
07-25 22:39:20.691  8000  8000 D OpenGLRenderer: Enabling debug mode 0
07-25 22:39:20.722   145   161 I Process : Sending signal. PID: 8000 SIG: 3
07-25 22:39:20.722  8000  8004 I dalvikvm: threadid=3: reacting to signal 3
07-25 22:39:20.769  8000  8004 I dalvikvm: Wrote stack traces to '/data/anr/traces.txt'
07-25 22:39:20.792   145   175 I ActivityManager: Displayed com.twitter.android/.HomeTabActivity: +1s73ms (total +2s302ms)
07-25 22:39:20.968   342   342 D SAN_SERVICE: *******************************************
07-25 22:39:20.968   342   342 D SAN_SERVICE: DM App Phone Service State - 0
07-25 22:39:20.968   342   342 D SAN_SERVICE: *******************************************
07-25 22:39:20.988 21345 21345 D OpenGLRenderer: Flushing caches (mode 2)
07-25 22:39:20.999 21345 21345 D OpenGLRenderer: Flushing caches (mode 0)
07-25 22:39:21.171   342   342 D SAN_SERVICE: *******************************************
07-25 22:39:21.171   342   342 D SAN_SERVICE: DM App Phone Service State - 0
07-25 22:39:21.171   342   342 D SAN_SERVICE: *******************************************
07-25 22:39:21.363  8000  8000 W SoundPool:   sample 2 not READY
07-25 22:39:21.476  8000  8002 D dalvikvm: GC_CONCURRENT freed 3433K, 18% free 16544K/20103K, paused 57ms+8ms
07-25 22:39:22.077  8000  8002 D dalvikvm: GC_CONCURRENT freed 7338K, 45% free 11137K/20103K, paused 3ms+3ms
07-25 22:39:22.277  8000  8002 D dalvikvm: GC_CONCURRENT freed 585K, 45% free 11138K/20103K, paused 7ms+4ms
07-25 22:39:22.542  8000  8002 D dalvikvm: GC_CONCURRENT freed 477K, 45% free 11248K/20103K, paused 4ms+4ms
07-25 22:39:22.730  8000  8002 D dalvikvm: GC_CONCURRENT freed 492K, 44% free 11379K/20103K, paused 2ms+2ms
07-25 22:39:22.902  8000  8002 D dalvikvm: GC_CONCURRENT freed 549K, 43% free 11513K/20103K, paused 2ms+3ms
07-25 22:39:22.933   145   162 I ActivityManager: Start proc com.facebook.orca for service com.facebook.orca/.push.mqtt.MqttPushService: pid=8044 uid=10062 gids={3003, 1015, 1006}
07-25 22:39:22.948  8044  8044 I dalvikvm: Turning on JNI app bug workarounds for target SDK version 10...
07-25 22:39:23.116  8044  8044 I ActivityThread: Pub com.facebook.orca.notify.MessengerLoggedInUserProvider: com.facebook.orca.notify.MessengerLoggedInUserProvider
07-25 22:39:23.136  8044  8044 I ActivityThread: Pub com.facebook.orca.notify.MessengerForegroundProvider: com.facebook.orca.notify.MessengerForegroundProvider
07-25 22:39:23.144  8044  8044 V orca:OrcaApplication: Forcing initialization of AsyncTask
07-25 22:39:23.222  8000  8002 D dalvikvm: GC_CONCURRENT freed 574K, 43% free 11655K/20103K, paused 1ms+2ms
07-25 22:39:23.234  8044  8046 D dalvikvm: GC_CONCURRENT freed 229K, 4% free 9306K/9607K, paused 2ms+3ms
07-25 22:39:23.253  8044  8044 I Finalizer: Couldn't access Thread.inheritableThreadLocals. Reference finalizer threads will inherit thread local values.
07-25 22:39:23.413  8044  8046 D dalvikvm: GC_CONCURRENT freed 385K, 5% free 9446K/9927K, paused 3ms+2ms
07-25 22:39:23.495  8044  8044 W OrcaGuiceModule: Sig: ijxLJi1yGs1JpL-X1SExmchvork
07-25 22:39:23.628  8044  8046 D dalvikvm: GC_CONCURRENT freed 315K, 4% free 9660K/10055K, paused 2ms+8ms
07-25 22:39:23.663   145 21503 I ActivityManager: Process com.google.android.apps.googlevoice (pid 7736) has died.
07-25 22:39:23.663   145 21503 W ActivityManager: Scheduling restart of crashed service com.google.android.apps.googlevoice/.CallLogService in 5000ms
07-25 22:39:23.663   145 21503 W ActivityManager: Scheduling restart of crashed service com.google.android.apps.googlevoice/.UpdateService in 15000ms
07-25 22:39:24.253  8044  8059 W Resources: Converting to string: TypedValue{t=0x10/d=0xffffffff a=-1}
07-25 22:39:24.448  8000  8002 D dalvikvm: GC_CONCURRENT freed 603K, 42% free 11827K/20103K, paused 156ms+6ms
07-25 22:39:24.515  8044  8046 D dalvikvm: GC_CONCURRENT freed 315K, 4% free 9860K/10247K, paused 4ms+4ms
07-25 22:39:24.800   145   199 D DhcpInfoInternal: makeLinkProperties with empty dns2!
07-25 22:39:24.804   145   199 D DhcpInfoInternal: makeLinkProperties with empty dns2!
07-25 22:39:24.808  8044  8044 D ACRA    : Retrieve application default SharedPreferences.
07-25 22:39:24.808  8044  8044 D ACRA    : Set OnSharedPreferenceChangeListener.
07-25 22:39:24.812  8044  8044 D ACRA    : ACRA is enabled for com.facebook.orca, intializing...
07-25 22:39:24.866  8044  8046 D dalvikvm: GC_CONCURRENT freed 310K, 4% free 10118K/10503K, paused 2ms+5ms
07-25 22:39:24.874  8044  8044 D ACRA    : Looking for error files in /data/data/com.facebook.orca/app_acra-reports
07-25 22:39:24.929  8044  8059 D dalvikvm: GC_FOR_ALLOC freed 248K, 6% free 10148K/10759K, paused 40ms
07-25 22:39:24.995  8044  8059 D dalvikvm: GC_FOR_ALLOC freed 122K, 5% free 10250K/10759K, paused 22ms
07-25 22:39:25.070  8044  8059 D dalvikvm: GC_FOR_ALLOC freed 229K, 6% free 10279K/10823K, paused 32ms
07-25 22:39:25.202   145   378 I ActivityManager: Process com.google.android.apps.gesturesearch (pid 6675) has died.
07-25 22:39:25.202   145   378 W ActivityManager: Scheduling restart of crashed service com.google.android.apps.gesturesearch/.IndexingService in 23463ms
07-25 22:39:25.323  8044  8059 D dalvikvm: GC_FOR_ALLOC freed 78K, 5% free 10348K/10823K, paused 243ms
07-25 22:39:25.784  8044  8046 D dalvikvm: GC_CONCURRENT freed 347K, 4% free 10533K/10951K, paused 6ms+3ms
07-25 22:39:25.976  8044  8046 D dalvikvm: GC_CONCURRENT freed 149K, 2% free 10922K/11143K, paused 6ms+3ms
07-25 22:39:26.144  8044  8046 D dalvikvm: GC_CONCURRENT freed 327K, 4% free 11256K/11655K, paused 2ms+6ms
07-25 22:39:26.554  8000  8002 D dalvikvm: GC_CONCURRENT freed 551K, 40% free 12082K/20103K, paused 4ms+4ms
07-25 22:39:27.765    81   124 D AudioHardware: AudioHardware pcm playback is exiting standby.
07-25 22:39:27.765    81   124 D AudioHardware: openPcmOut_l() mPcmOpenCnt: 0
07-25 22:39:27.769   145   156 I ActivityManager: Process com.whatsapp (pid 7905) has died.
07-25 22:39:27.769   145   156 W ActivityManager: Scheduling restart of crashed service com.whatsapp/.messaging.MessageService in 30896ms
07-25 22:39:28.734   145   162 I ActivityManager: Start proc com.google.android.apps.googlevoice for service com.google.android.apps.googlevoice/.CallLogService: pid=8097 uid=10054 gids={3003, 1015}
07-25 22:39:28.765    79    79 D dalvikvm: GC_EXPLICIT freed 38K, 4% free 9031K/9347K, paused 2ms+3ms
07-25 22:39:28.808    79    79 D dalvikvm: GC_EXPLICIT freed <1K, 4% free 9031K/9347K, paused 6ms+5ms
07-25 22:39:28.839    79    79 D dalvikvm: GC_EXPLICIT freed <1K, 4% free 9031K/9347K, paused 2ms+3ms
07-25 22:39:29.156  8097  8100 D dalvikvm: GC_CONCURRENT freed 255K, 4% free 9276K/9607K, paused 3ms+3ms
07-25 22:39:29.191   145 22786 I ActivityManager: Start proc android.process.acore for content provider com.android.providers.contacts/.VoicemailContentProvider: pid=8112 uid=10000 gids={3003, 1015}
07-25 22:39:29.300  8112  8112 I ActivityThread: Pub call_log: com.android.providers.contacts.CallLogProvider
07-25 22:39:29.370  8112  8112 I ActivityThread: Pub com.android.voicemail: com.android.providers.contacts.VoicemailContentProvider
07-25 22:39:29.378  8112  8112 I ActivityThread: Pub user_dictionary: com.android.providers.userdictionary.UserDictionaryProvider
07-25 22:39:29.413   145   379 I ActivityManager: Process edu.buffalo.cse.phonelab.phonelabservices (pid 7778) has died.
07-25 22:39:29.413   145   379 W ActivityManager: Scheduling restart of crashed service edu.buffalo.cse.phonelab.phonelabservices/edu.buffalo.cse.phonelab.datalogger.LoggerService in 39252ms
07-25 22:39:29.425  8112  8112 I ActivityThread: Pub com.android.social: com.android.providers.contacts.SocialProvider
07-25 22:39:29.433  8112  8112 I ActivityThread: Pub applications: com.android.providers.applications.ApplicationsProvider
07-25 22:39:29.640  8112  8112 I ActivityThread: Pub contacts;com.android.contacts: com.android.providers.contacts.ContactsProvider2
07-25 22:39:29.738  8112  8114 D dalvikvm: GC_CONCURRENT freed 347K, 5% free 9188K/9607K, paused 4ms+6ms
07-25 22:39:30.472  8112  8114 D dalvikvm: GC_CONCURRENT freed 236K, 4% free 9388K/9735K, paused 2ms+2ms
07-25 22:39:30.738  8000  8002 D dalvikvm: GC_CONCURRENT freed 688K, 39% free 12391K/20103K, paused 5ms+4ms
07-25 22:39:30.902    81   124 D AudioHardware: AudioHardware pcm playback is going to standby.
07-25 22:39:30.902    81   124 D AudioHardware: closePcmOut_l() mPcmOpenCnt: 1
07-25 22:39:31.222   342   342 D SAN_SERVICE: *******************************************
07-25 22:39:31.222   342   342 D SAN_SERVICE: DM App Phone Service State - 0
07-25 22:39:31.222   342   342 D SAN_SERVICE: *******************************************
07-25 22:39:31.363  8112  8114 D dalvikvm: GC_CONCURRENT freed 177K, 4% free 9617K/9927K, paused 16ms+3ms
07-25 22:39:39.152   145   356 D CountryDetector: The first listener is added
07-25 22:39:39.179  8097  8100 D dalvikvm: GC_CONCURRENT freed 378K, 5% free 9415K/9863K, paused 34ms+4ms
07-25 22:39:39.179  8097  8106 W CursorWrapperInner: Cursor finalized without prior close()
07-25 22:39:39.179  8097  8106 W CursorWrapperInner: Cursor finalized without prior close()
07-25 22:39:39.179  8097  8106 W CursorWrapperInner: Cursor finalized without prior close()
07-25 22:39:39.378  8112  8114 D dalvikvm: GC_CONCURRENT freed 536K, 6% free 9637K/10247K, paused 3ms+7ms
07-25 22:39:39.925   145   161 D dalvikvm: GC_EXPLICIT freed 668K, 23% free 18184K/23495K, paused 13ms+8ms
07-25 22:39:40.081   145   356 D dalvikvm: GC_EXPLICIT freed 62K, 23% free 18126K/23495K, paused 3ms+8ms
07-25 22:39:40.093  8097  8100 D dalvikvm: GC_CONCURRENT freed 387K, 5% free 9569K/10055K, paused 15ms+2ms
07-25 22:39:40.097   145   423 I ActivityManager: Process com.facebook.orca (pid 8044) has died.
07-25 22:39:40.101   145   423 W ActivityManager: Scheduling restart of crashed service com.facebook.orca/.push.mqtt.MqttPushService in 38565ms
07-25 22:39:40.347  8112  8114 D dalvikvm: GC_CONCURRENT freed 344K, 5% free 9805K/10247K, paused 2ms+13ms
07-25 22:39:40.464  8097  8136 D dalvikvm: GC_FOR_ALLOC freed 149K, 5% free 9714K/10183K, paused 16ms
07-25 22:39:41.452   342   342 D SAN_SERVICE: *******************************************
07-25 22:39:41.452   342   342 D SAN_SERVICE: DM App Phone Service State - 0
07-25 22:39:41.452   342   342 D SAN_SERVICE: *******************************************
07-25 22:39:41.945   342   342 D SAN_SERVICE: *******************************************
07-25 22:39:41.945   342   342 D SAN_SERVICE: DM App Phone Service State - 0
07-25 22:39:41.945   342   342 D SAN_SERVICE: *******************************************
07-25 22:39:48.023   321   321 D dalvikvm: GC_EXPLICIT freed 152K, 19% free 10146K/12487K, paused 22ms+2ms
07-25 22:39:48.777   145   162 I ActivityManager: Start proc com.google.android.apps.gesturesearch for service com.google.android.apps.gesturesearch/.IndexingService: pid=8139 uid=10088 gids={3003}
07-25 22:39:48.812  8139  8139 I dalvikvm: Turning on JNI app bug workarounds for target SDK version 8...
07-25 22:39:49.038  8139  8139 I ActivityThread: Pub com.google.android.apps.gesturesearch.history: com.google.android.apps.gesturesearch.data.QueryHistoryProvider
07-25 22:39:49.042  8139  8139 I ActivityThread: Pub com.google.android.apps.gesturesearch.index: com.google.android.apps.gesturesearch.data.IndexProvider
07-25 22:39:51.874   145   174 I ActivityManager: Start proc com.google.android.apps.plus for service com.google.android.apps.plus/.service.EsService: pid=8155 uid=10060 gids={3003, 3002, 1015, 1006}
07-25 22:39:51.894   145   174 I ActivityManager: Start proc com.google.android.apps.maps for service com.google.android.apps.maps/com.google.googlenav.prefetch.android.PrefetcherService: pid=8167 uid=10056 gids={3003, 1015}
07-25 22:39:51.956   145   378 I ActivityManager: Process android.process.acore (pid 8112) has died.
07-25 22:39:51.956   145 22258 D CountryDetector: No listener is left
07-25 22:39:52.331  8155  8157 D dalvikvm: GC_CONCURRENT freed 154K, 3% free 9381K/9607K, paused 8ms+2ms
07-25 22:39:52.343  8167  8171 D dalvikvm: GC_CONCURRENT freed 155K, 3% free 9380K/9607K, paused 7ms+2ms
07-25 22:39:52.597  8155  8155 I ActivityThread: Pub com.google.android.apps.plus.content.ApiProvider: com.google.android.apps.plus.content.EsApiProvider
07-25 22:39:52.640  8155  8155 I ActivityThread: Pub com.google.android.apps.plus.content.EsGooglePhotoProvider: com.google.android.picasasync.PicasaContentProvider
07-25 22:39:52.683  8167  8167 I ActivityThread: Pub com.google.android.maps.SearchHistoryProvider: com.google.googlenav.provider.SearchHistoryProvider
07-25 22:39:52.726  8167  8167 I ActivityThread: Pub com.google.android.maps.SuggestionProvider: com.google.googlenav.suggest.android.SuggestContentProvider
07-25 22:39:52.816  8167  8167 I ActivityThread: Pub com.google.android.maps.LayerInfoProvider: com.google.googlenav.layer.LayerInfoProvider
07-25 22:39:52.890  8167  8167 I ActivityThread: Pub com.google.android.maps.TrafficAppWidgetProvider: com.google.googlenav.appwidget.traffic.TrafficAppWidgetProvider
07-25 22:39:52.890  8167  8167 I ActivityThread: Pub com.google.android.maps.LocalActivePlacesProvider: com.google.googlenav.provider.LocalActivePlacesProvider
07-25 22:39:52.894  8167  8167 I ActivityThread: Pub com.google.android.maps.StarredItemProvider: com.google.googlenav.provider.StarredItemProvider
07-25 22:39:52.999  8155  8157 D dalvikvm: GC_CONCURRENT freed 333K, 5% free 9580K/9991K, paused 26ms+3ms
07-25 22:39:53.038  8167  8171 D dalvikvm: GC_CONCURRENT freed 181K, 3% free 9737K/9991K, paused 2ms+9ms
07-25 22:39:53.058  8155  8155 I ActivityThread: Pub com.google.android.apps.plus.content.EsPicasaStoreProvider: com.google.android.picasastore.PicasaPhotoContentProvider
07-25 22:39:53.128  8155  8155 I ActivityThread: Pub com.google.plus.platform: com.google.android.apps.plus.content.AdsProvider
07-25 22:39:53.128  8155  8155 I ActivityThread: Pub com.google.android.apps.plus.iu.EsGoogleIuProvider: com.google.android.apps.plus.iu.InstantUploadProvider
07-25 22:39:53.234  8155  8157 D dalvikvm: GC_CONCURRENT freed 501K, 6% free 9608K/10183K, paused 2ms+6ms
07-25 22:39:53.241  8155  8155 I ActivityThread: Pub com.google.android.apps.plus.content.EsProvider: com.google.android.apps.plus.content.EsProvider
07-25 22:39:53.261   145   378 I ActivityManager: Start proc android.process.media for content provider com.android.providers.media/.MediaProvider: pid=8185 uid=10012 gids={1015, 1023, 1024, 2001, 3003, 3007}
07-25 22:39:53.355  8167  8167 I ActivityThread: Pub com.google.android.maps.LocalSuggestionProvider: com.google.googlenav.provider.LocalSuggestionProvider
07-25 22:39:53.359  8167  8167 I ActivityThread: Pub com.google.android.maps.NavigationAvailabilityProvider: com.google.googlenav.provider.NavigationAvailabilityProvider
07-25 22:39:53.406  8167  8171 D dalvikvm: GC_CONCURRENT freed 325K, 5% free 9923K/10375K, paused 2ms+2ms
07-25 22:39:53.488  8185  8185 I ActivityThread: Pub downloads: com.android.providers.downloads.DownloadProvider
07-25 22:39:53.566  8185  8185 I ActivityThread: Pub drm: com.android.providers.drm.DrmProvider
07-25 22:39:53.566  8185  8200 I DownloadManager: in removeSpuriousFiles
07-25 22:39:53.577  8185  8185 I ActivityThread: Pub media: com.android.providers.media.MediaProvider
07-25 22:39:53.718  8185  8200 I DownloadManager: in removeSpuriousFiles, preserving file /data/data/com.android.providers.downloads/cache/metadata.json
07-25 22:39:53.718  8185  8200 I DownloadManager: in removeSpuriousFiles, preserving file /data/data/com.android.providers.downloads/cache/en_general.htm
07-25 22:39:53.718  8185  8200 I DownloadManager: in removeSpuriousFiles, preserving file /mnt/sdcard/Download/img-thing.jpeg
07-25 22:39:53.718  8185  8200 I DownloadManager: in removeSpuriousFiles, preserving file /data/data/com.android.providers.downloads/cache/metadata-1.json
07-25 22:39:53.718  8185  8200 I DownloadManager: in removeSpuriousFiles, preserving file /data/data/com.android.providers.downloads/cache/downloadfile.jpeg
07-25 22:39:53.722  8185  8200 I DownloadManager: in removeSpuriousFiles, preserving file /data/data/com.android.providers.downloads/cache/metadata-2.json
07-25 22:39:53.722  8185  8200 I DownloadManager: in removeSpuriousFiles, preserving file /data/data/com.android.providers.downloads/cache/metadata-3.json
07-25 22:39:53.722  8185  8200 I DownloadManager: in removeSpuriousFiles, preserving file /data/data/com.android.providers.downloads/cache/downloadfile-1.jpeg
07-25 22:39:53.722  8185  8200 I DownloadManager: in removeSpuriousFiles, preserving file /data/data/com.android.providers.downloads/cache/downloadfile-2.jpeg
07-25 22:39:53.722  8185  8200 I DownloadManager: in removeSpuriousFiles, preserving file /data/data/com.android.providers.downloads/cache/metadata-4.json
07-25 22:39:53.726  8185  8200 I DownloadManager: in removeSpuriousFiles, preserving file /data/data/com.android.providers.downloads/cache/metadata-5.json
07-25 22:39:53.726  8185  8200 I DownloadManager: in removeSpuriousFiles, preserving file /data/data/com.android.providers.downloads/cache/metadata-6.json
07-25 22:39:53.726  8185  8200 I DownloadManager: in removeSpuriousFiles, preserving file /data/data/com.android.providers.downloads/cache/metadata-7.json
07-25 22:39:53.730  8185  8200 I DownloadManager: in removeSpuriousFiles, preserving file /data/data/com.android.providers.downloads/cache/metadata-8.json
07-25 22:39:53.734  8185  8200 I DownloadManager: deleting spurious file /cache/backup
07-25 22:39:53.765  8167  8201 D dalvikvm: GC_FOR_ALLOC freed 75K, 4% free 10021K/10375K, paused 143ms
07-25 22:39:53.804  8167  8203 D dalvikvm: GC_FOR_ALLOC freed 28K, 4% free 10273K/10631K, paused 21ms
07-25 22:39:53.847  8167  8212 D dalvikvm: GC_FOR_ALLOC freed 129K, 4% free 10475K/10887K, paused 27ms
07-25 22:39:53.851  8167  8212 I dalvikvm-heap: Grow heap (frag case) to 10.494MB for 204816-byte allocation
07-25 22:39:53.851  8155  8218 D dalvikvm: GC_FOR_ALLOC freed 171K, 4% free 9857K/10247K, paused 197ms
07-25 22:39:53.886  8167  8211 D dalvikvm: GC_FOR_ALLOC freed <1K, 5% free 10675K/11143K, paused 23ms
07-25 22:39:53.917  8167  8213 D dalvikvm: GC_FOR_ALLOC freed 8K, 5% free 10667K/11143K, paused 24ms
07-25 22:39:53.921  8167  8213 I dalvikvm-heap: Grow heap (frag case) to 10.681MB for 204816-byte allocation
07-25 22:39:53.948  8167  8210 D dalvikvm: GC_FOR_ALLOC freed <1K, 5% free 10867K/11399K, paused 18ms
07-25 22:39:54.144  8185  8187 D dalvikvm: GC_CONCURRENT freed 372K, 5% free 9164K/9607K, paused 2ms+3ms
07-25 22:39:54.253  8155  8182 D PicasaPhotoCP: set fsid first time:-1
07-25 22:39:54.417   145  1302 I ActivityManager: Process android.process.media (pid 8185) has died.
07-25 22:39:54.429  8155  8157 D dalvikvm: GC_CONCURRENT freed 174K, 3% free 10130K/10439K, paused 3ms+2ms
07-25 22:39:54.609  8155  8157 D dalvikvm: GC_CONCURRENT freed 262K, 4% free 10334K/10695K, paused 2ms+5ms
07-25 22:39:54.745  8155  8199 D dalvikvm: GC_FOR_ALLOC freed 129K, 4% free 10461K/10823K, paused 50ms
