07-21 10:24:29.543 32379 32381 D dalvikvm: GC_CONCURRENT freed 500K, 7% free 9961K/10695K, paused 1ms+3ms
07-21 10:24:31.488 32379 32379 D dalvikvm: GC_EXPLICIT freed 418K, 8% free 9920K/10695K, paused 7ms+3ms
07-21 10:24:31.547   347   347 D SAN_SERVICE: *******************************************
07-21 10:24:31.547   347   347 D SAN_SERVICE: DM App Phone Service State - 0
07-21 10:24:31.547   347   347 D SAN_SERVICE: *******************************************
07-21 10:24:31.797   347   347 D SAN_SERVICE: *******************************************
07-21 10:24:31.797   347   347 D SAN_SERVICE: DM App Phone Service State - 0
07-21 10:24:31.797   347   347 D SAN_SERVICE: *******************************************
07-21 10:24:32.496 32379 32381 D dalvikvm: GC_CONCURRENT freed 428K, 7% free 9976K/10695K, paused 2ms+3ms
07-21 10:24:33.285 32126 32129 D dalvikvm: GC_CONCURRENT freed 989K, 10% free 10804K/11975K, paused 2ms+3ms
07-21 10:24:33.425 32379 32381 D dalvikvm: GC_CONCURRENT freed 490K, 7% free 9954K/10695K, paused 2ms+2ms
07-21 10:24:34.531 32379 32381 D dalvikvm: GC_CONCURRENT freed 471K, 7% free 9984K/10695K, paused 2ms+3ms
07-21 10:24:35.519 32379 32381 D dalvikvm: GC_CONCURRENT freed 461K, 7% free 9996K/10695K, paused 2ms+3ms
07-21 10:24:36.851   347   347 D SAN_SERVICE: *******************************************
07-21 10:24:36.851   347   347 D SAN_SERVICE: DM App Phone Service State - 0
07-21 10:24:36.851   347   347 D SAN_SERVICE: *******************************************
07-21 10:24:37.082   347   347 D SAN_SERVICE: *******************************************
07-21 10:24:37.082   347   347 D SAN_SERVICE: DM App Phone Service State - 0
07-21 10:24:37.082   347   347 D SAN_SERVICE: *******************************************
07-21 10:24:37.531 32379 32381 D dalvikvm: GC_CONCURRENT freed 512K, 7% free 9988K/10695K, paused 2ms+3ms
07-21 10:24:37.797   347   347 D SAN_SERVICE: *******************************************
07-21 10:24:37.797   347   347 D SAN_SERVICE: DM App Phone Service State - 0
07-21 10:24:37.797   347   347 D SAN_SERVICE: *******************************************
07-21 10:24:38.367 32126 32129 D dalvikvm: GC_CONCURRENT freed 303K, 8% free 11078K/11975K, paused 2ms+5ms
07-21 10:24:38.437 32126 32480 D dalvikvm: GC_FOR_ALLOC freed 267K, 8% free 11044K/11975K, paused 32ms
07-21 10:24:38.578 32379 32381 D dalvikvm: GC_CONCURRENT freed 510K, 8% free 9937K/10695K, paused 2ms+3ms
07-21 10:24:39.121   144  1184 D dalvikvm: GC_EXPLICIT freed 826K, 22% free 18085K/23047K, paused 9ms+11ms
07-21 10:24:40.484 32379 32381 D dalvikvm: GC_CONCURRENT freed 442K, 7% free 9979K/10695K, paused 2ms+2ms
07-21 10:24:41.543 32379 32381 D dalvikvm: GC_CONCURRENT freed 506K, 8% free 9935K/10695K, paused 1ms+3ms
07-21 10:24:43.550 32379 32381 D dalvikvm: GC_CONCURRENT freed 444K, 7% free 9977K/10695K, paused 2ms+2ms
07-21 10:24:44.675 32379 32381 D dalvikvm: GC_CONCURRENT freed 485K, 7% free 9957K/10695K, paused 1ms+2ms
07-21 10:24:46.840   144 29906 I ActivityManager: Process android.process.acore (pid 32167) has died.
07-21 10:24:46.847 32017 32017 I GeckoApp: restart
07-21 10:24:46.847 32017 32017 W GeckoApp: zerdatime 102397294 - onStart
07-21 10:24:46.847 32017 32017 I GeckoApp: start
07-21 10:24:46.847 32017 32017 I GeckoApp: resume
07-21 10:24:46.847 32017 32017 I GeckoApp: application resumed
07-21 10:24:46.890 32017 32017 I GeckoApp: application paused
07-21 10:24:46.898 32017 32017 I GeckoApp: stop
07-21 10:24:47.011 32126 32129 D dalvikvm: GC_CONCURRENT freed 668K, 9% free 10925K/11975K, paused 2ms+4ms
07-21 10:24:47.023 32379 32381 D dalvikvm: GC_CONCURRENT freed 465K, 7% free 9978K/10695K, paused 1ms+5ms
07-21 10:24:47.050   347   347 D SAN_SERVICE: *******************************************
07-21 10:24:47.050   347   347 D SAN_SERVICE: DM App Phone Service State - 0
07-21 10:24:47.050   347   347 D SAN_SERVICE: *******************************************
07-21 10:24:47.570 32379 32381 D dalvikvm: GC_CONCURRENT freed 487K, 7% free 9956K/10695K, paused 2ms+3ms
07-21 10:24:47.855   347   347 D SAN_SERVICE: *******************************************
07-21 10:24:47.855   347   347 D SAN_SERVICE: DM App Phone Service State - 0
07-21 10:24:47.855   347   347 D SAN_SERVICE: *******************************************
07-21 10:24:48.636 32126 32129 D dalvikvm: GC_CONCURRENT freed 369K, 8% free 11109K/11975K, paused 2ms+2ms
07-21 10:24:48.660 32126 32480 D dalvikvm: GC_FOR_ALLOC freed 55K, 8% free 11053K/11975K, paused 26ms
07-21 10:24:49.519 32379 32381 D dalvikvm: GC_CONCURRENT freed 463K, 7% free 9979K/10695K, paused 5ms+2ms
07-21 10:24:50.543 32379 32381 D dalvikvm: GC_CONCURRENT freed 498K, 8% free 9938K/10695K, paused 2ms+2ms
07-21 10:24:52.500 32379 32381 D dalvikvm: GC_CONCURRENT freed 451K, 7% free 9981K/10695K, paused 2ms+3ms
07-21 10:24:53.531 32379 32381 D dalvikvm: GC_CONCURRENT freed 508K, 8% free 9938K/10695K, paused 2ms+3ms
07-21 10:24:55.558 32379 32381 D dalvikvm: GC_CONCURRENT freed 444K, 7% free 9981K/10695K, paused 2ms+3ms
07-21 10:24:56.437 32126 32129 D dalvikvm: GC_CONCURRENT freed 720K, 10% free 10889K/11975K, paused 2ms+3ms
07-21 10:24:56.484 32379 32379 D dalvikvm: GC_EXPLICIT freed 221K, 8% free 9914K/10695K, paused 2ms+3ms
07-21 10:24:57.488 32379 32381 D dalvikvm: GC_CONCURRENT freed 408K, 7% free 9987K/10695K, paused 1ms+2ms
07-21 10:24:58.554   144  1185 D dalvikvm: GC_EXPLICIT freed 970K, 22% free 18083K/23047K, paused 3ms+11ms
07-21 10:24:58.672 32379 32381 D dalvikvm: GC_CONCURRENT freed 495K, 7% free 9956K/10695K, paused 2ms+2ms
07-21 10:24:58.972 32126 32129 D dalvikvm: GC_CONCURRENT freed 372K, 8% free 11111K/11975K, paused 2ms+3ms
07-21 10:24:59.000 32126 32480 D dalvikvm: GC_FOR_ALLOC freed 55K, 8% free 11055K/11975K, paused 26ms
07-21 10:25:00.488 32379 32381 D dalvikvm: GC_CONCURRENT freed 479K, 7% free 9982K/10695K, paused 6ms+2ms
07-21 10:25:01.543 32379 32381 D dalvikvm: GC_CONCURRENT freed 460K, 7% free 9995K/10695K, paused 2ms+3ms
07-21 10:25:03.484 32379 32381 D dalvikvm: GC_CONCURRENT freed 525K, 7% free 9981K/10695K, paused 2ms+3ms
07-21 10:25:04.000 32403 32416 I PhoneLab-: Service Running
07-21 10:25:04.105 32403 32416 I PhoneLab-LoggerService: app_37    1303  1     1440   1004  c00f181c 400107b4 S logcat
07-21 10:25:04.105 32403 32416 I PhoneLab-LoggerService: Logcat pid from database 1303
07-21 10:25:04.105 32403 32416 I PhoneLab-LoggerService: Logcat process found 1303
07-21 10:25:04.105 32403 32416 I PhoneLab-LoggerService: Checking Threshold
07-21 10:25:04.109 32403 32416 I PhoneLab-LoggerService: Starting to rename files
07-21 10:25:04.109 32403 32416 I PhoneLab-LoggerService: Files found .. 9
07-21 10:25:04.109 32403 32416 I PhoneLab-LoggerService: File 1 log.out.1
07-21 10:25:04.156 32403 32416 I PhoneLab-LoggerService: Renamed successfully
07-21 10:25:04.527 32379 32381 D dalvikvm: GC_CONCURRENT freed 501K, 8% free 9945K/10695K, paused 2ms+2ms
07-21 10:25:04.882    86   592 E GPSD    : ril_gps_wait_for_ril: Response already received.
07-21 10:25:05.476 31836 31858 D dalvikvm: GC_EXPLICIT freed 280K, 5% free 10042K/10567K, paused 3ms+4ms
07-21 10:25:06.539 32379 32381 D dalvikvm: GC_CONCURRENT freed 450K, 7% free 9981K/10695K, paused 1ms+2ms
07-21 10:25:06.547 32126 32129 D dalvikvm: GC_CONCURRENT freed 729K, 10% free 10889K/11975K, paused 2ms+5ms
07-21 10:25:07.566 32379 32381 D dalvikvm: GC_CONCURRENT freed 515K, 8% free 9931K/10695K, paused 19ms+3ms
07-21 10:25:09.277 32126 32129 D dalvikvm: GC_CONCURRENT freed 353K, 8% free 11085K/11975K, paused 2ms+2ms
07-21 10:25:09.304 32126 32480 D dalvikvm: GC_FOR_ALLOC freed 2K, 8% free 11082K/11975K, paused 27ms
07-21 10:25:09.304 32126 32480 I dalvikvm-heap: Grow heap (frag case) to 10.953MB for 64492-byte allocation
07-21 10:25:09.340 32126 32463 D dalvikvm: GC_FOR_ALLOC freed 86K, 9% free 11058K/12039K, paused 28ms
07-21 10:25:09.496 32379 32381 D dalvikvm: GC_CONCURRENT freed 443K, 7% free 9975K/10695K, paused 2ms+3ms
07-21 10:25:09.679    86   592 E GPSD    : ril_gps_wait_for_ril: Response already received.
07-21 10:25:10.550 32379 32381 D dalvikvm: GC_CONCURRENT freed 486K, 7% free 9953K/10695K, paused 1ms+3ms
07-21 10:25:12.507 32379 32381 D dalvikvm: GC_CONCURRENT freed 465K, 7% free 9976K/10695K, paused 2ms+2ms
07-21 10:25:13.550 32379 32381 D dalvikvm: GC_CONCURRENT freed 501K, 8% free 9934K/10695K, paused 2ms+2ms
07-21 10:25:15.511 32379 32381 D dalvikvm: GC_CONCURRENT freed 441K, 7% free 9977K/10695K, paused 3ms+4ms
07-21 10:25:16.562 32379 32381 D dalvikvm: GC_CONCURRENT freed 486K, 7% free 9949K/10695K, paused 3ms+8ms
07-21 10:25:16.593 32126 32129 D dalvikvm: GC_CONCURRENT freed 728K, 10% free 10886K/12039K, paused 2ms+2ms
07-21 10:25:18.574   144   336 D dalvikvm: GC_EXPLICIT freed 844K, 22% free 18085K/23047K, paused 3ms+9ms
07-21 10:25:18.644 32379 32381 D dalvikvm: GC_CONCURRENT freed 455K, 7% free 9977K/10695K, paused 2ms+2ms
07-21 10:25:19.535 32126 32129 D dalvikvm: GC_CONCURRENT freed 362K, 8% free 11092K/12039K, paused 2ms+2ms
07-21 10:25:19.613 32379 32381 D dalvikvm: GC_CONCURRENT freed 505K, 8% free 9930K/10695K, paused 3ms+5ms
07-21 10:25:21.507 32379 32381 D dalvikvm: GC_CONCURRENT freed 438K, 7% free 9975K/10695K, paused 2ms+3ms
07-21 10:25:22.480 32379 32379 D dalvikvm: GC_EXPLICIT freed 218K, 8% free 9909K/10695K, paused 2ms+3ms
07-21 10:25:23.523 32379 32381 D dalvikvm: GC_CONCURRENT freed 450K, 7% free 9970K/10695K, paused 1ms+2ms
07-21 10:25:24.527 32379 32381 D dalvikvm: GC_CONCURRENT freed 453K, 8% free 9942K/10695K, paused 15ms+3ms
07-21 10:25:25.890 32126 32129 D dalvikvm: GC_CONCURRENT freed 809K, 10% free 10849K/12039K, paused 20ms+3ms
07-21 10:25:26.488 32379 32381 D dalvikvm: GC_CONCURRENT freed 449K, 7% free 9977K/10695K, paused 2ms+3ms
07-21 10:25:27.511 32379 32381 D dalvikvm: GC_CONCURRENT freed 500K, 8% free 9935K/10695K, paused 2ms+3ms
07-21 10:25:28.113   347   347 D SAN_SERVICE: *******************************************
07-21 10:25:28.113   347   347 D SAN_SERVICE: DM App Phone Service State - 0
07-21 10:25:28.113   347   347 D SAN_SERVICE: *******************************************
07-21 10:25:28.890   347   347 D SAN_SERVICE: *******************************************
07-21 10:25:28.890   347   347 D SAN_SERVICE: DM App Phone Service State - 0
07-21 10:25:28.890   347   347 D SAN_SERVICE: *******************************************
07-21 10:25:29.515 32379 32381 D dalvikvm: GC_CONCURRENT freed 441K, 7% free 9978K/10695K, paused 2ms+2ms
07-21 10:25:29.695 32126 32129 D dalvikvm: GC_CONCURRENT freed 329K, 8% free 11108K/12039K, paused 2ms+2ms
07-21 10:25:30.539 32379 32381 D dalvikvm: GC_CONCURRENT freed 500K, 8% free 9937K/10695K, paused 2ms+2ms
07-21 10:25:31.636 32126 32129 D dalvikvm: GC_CONCURRENT freed 1023K, 12% free 10659K/12039K, paused 7ms+13ms
07-21 10:25:31.660 32379 32381 D dalvikvm: GC_CONCURRENT freed 443K, 7% free 9979K/10695K, paused 2ms+3ms
07-21 10:25:32.507 32379 32381 D dalvikvm: GC_CONCURRENT freed 493K, 8% free 9938K/10695K, paused 2ms+3ms
07-21 10:25:32.879   144   173 I ActivityManager: Start proc com.google.android.apps.plus for service com.google.android.apps.plus/.service.EsService: pid=32642 uid=10060 gids={3003, 3002, 1015, 1006}
07-21 10:25:33.078   347   347 D SAN_SERVICE: *******************************************
07-21 10:25:33.078   347   347 D SAN_SERVICE: DM App Phone Service State - 0
07-21 10:25:33.078   347   347 D SAN_SERVICE: *******************************************
07-21 10:25:33.125 32642 32646 D dalvikvm: GC_CONCURRENT freed 164K, 3% free 9371K/9607K, paused 3ms+2ms
07-21 10:25:33.304 32642 32642 I ActivityThread: Pub com.google.android.apps.plus.content.ApiProvider: com.google.android.apps.plus.content.EsApiProvider
07-21 10:25:33.328 32642 32642 I ActivityThread: Pub com.google.android.apps.plus.content.EsGooglePhotoProvider: com.google.android.picasasync.PicasaContentProvider
07-21 10:25:33.441 32642 32646 D dalvikvm: GC_CONCURRENT freed 337K, 5% free 9579K/9991K, paused 4ms+4ms
07-21 10:25:33.476 32642 32642 I ActivityThread: Pub com.google.android.apps.plus.content.EsPicasaStoreProvider: com.google.android.picasastore.PicasaPhotoContentProvider
07-21 10:25:33.543 32642 32642 I ActivityThread: Pub com.google.plus.platform: com.google.android.apps.plus.content.AdsProvider
07-21 10:25:33.543 32642 32642 I ActivityThread: Pub com.google.android.apps.plus.iu.EsGoogleIuProvider: com.google.android.apps.plus.iu.InstantUploadProvider
07-21 10:25:33.625 32642 32646 D dalvikvm: GC_CONCURRENT freed 501K, 6% free 9608K/10183K, paused 2ms+2ms
07-21 10:25:33.632 32642 32642 I ActivityThread: Pub com.google.android.apps.plus.content.EsProvider: com.google.android.apps.plus.content.EsProvider
07-21 10:25:33.644   144   385 I ActivityManager: Process com.google.android.talk (pid 32281) has died.
07-21 10:25:33.648 32017 32017 I GeckoApp: restart
07-21 10:25:33.648 32017 32017 W GeckoApp: zerdatime 102444096 - onStart
07-21 10:25:33.648 32017 32017 I GeckoApp: start
07-21 10:25:33.648 32017 32017 I GeckoApp: resume
07-21 10:25:33.648 32017 32017 I GeckoApp: application resumed
07-21 10:25:33.699 32017 32017 I GeckoApp: application paused
07-21 10:25:33.707 32017 32017 I GeckoApp: stop
07-21 10:25:33.976   347   347 D SAN_SERVICE: *******************************************
07-21 10:25:33.976   347   347 D SAN_SERVICE: DM App Phone Service State - 0
07-21 10:25:33.976   347   347 D SAN_SERVICE: *******************************************
07-21 10:25:34.324   144  1184 I ActivityManager: Start proc android.process.media for content provider com.android.providers.media/.MediaProvider: pid=32665 uid=10012 gids={1015, 1023, 1024, 2001, 3003, 3007}
07-21 10:25:34.461   144   144 D dalvikvm: GC_EXPLICIT freed 1645K, 22% free 18052K/23047K, paused 4ms+14ms
07-21 10:25:34.492 32665 32665 I ActivityThread: Pub downloads: com.android.providers.downloads.DownloadProvider
07-21 10:25:34.527 32665 32665 I ActivityThread: Pub drm: com.android.providers.drm.DrmProvider
07-21 10:25:34.531 32665 32680 I DownloadManager: in removeSpuriousFiles
07-21 10:25:34.535 32665 32665 I ActivityThread: Pub media: com.android.providers.media.MediaProvider
07-21 10:25:34.601 32665 32680 I DownloadManager: in removeSpuriousFiles, preserving file /data/data/com.android.providers.downloads/cache/metadata.json
07-21 10:25:34.601 32665 32680 I DownloadManager: in removeSpuriousFiles, preserving file /data/data/com.android.providers.downloads/cache/en_general.htm
07-21 10:25:34.601 32665 32680 I DownloadManager: in removeSpuriousFiles, preserving file /mnt/sdcard/Download/img-thing.jpeg
07-21 10:25:34.601 32665 32680 I DownloadManager: in removeSpuriousFiles, preserving file /data/data/com.android.providers.downloads/cache/metadata-1.json
07-21 10:25:34.601 32665 32680 I DownloadManager: in removeSpuriousFiles, preserving file /data/data/com.android.providers.downloads/cache/downloadfile.jpeg
07-21 10:25:34.601 32665 32680 I DownloadManager: in removeSpuriousFiles, preserving file /data/data/com.android.providers.downloads/cache/metadata-2.json
07-21 10:25:34.601 32665 32680 I DownloadManager: in removeSpuriousFiles, preserving file /data/data/com.android.providers.downloads/cache/metadata-3.json
07-21 10:25:34.601 32665 32680 I DownloadManager: in removeSpuriousFiles, preserving file /data/data/com.android.providers.downloads/cache/downloadfile-1.jpeg
07-21 10:25:34.601 32665 32680 I DownloadManager: in removeSpuriousFiles, preserving file /data/data/com.android.providers.downloads/cache/downloadfile-2.jpeg
07-21 10:25:34.601 32665 32680 I DownloadManager: in removeSpuriousFiles, preserving file /data/data/com.android.providers.downloads/cache/metadata-4.json
07-21 10:25:34.601 32665 32680 I DownloadManager: in removeSpuriousFiles, preserving file /data/data/com.android.providers.downloads/cache/metadata-5.json
07-21 10:25:34.601 32665 32680 I DownloadManager: in removeSpuriousFiles, preserving file /data/data/com.android.providers.downloads/cache/metadata-6.json
07-21 10:25:34.601 32665 32680 I DownloadManager: in removeSpuriousFiles, preserving file /data/data/com.android.providers.downloads/cache/metadata-7.json
07-21 10:25:34.605 32665 32680 I DownloadManager: deleting spurious file /cache/backup
07-21 10:25:34.679 32379 32381 D dalvikvm: GC_CONCURRENT freed 476K, 7% free 9973K/10695K, paused 2ms+3ms
07-21 10:25:34.773 32665 32667 D dalvikvm: GC_CONCURRENT freed 379K, 5% free 9157K/9607K, paused 1ms+3ms
07-21 10:25:34.886 32642 32646 D dalvikvm: GC_CONCURRENT freed 245K, 4% free 9916K/10247K, paused 57ms+3ms
07-21 10:25:34.906 32642 32657 D PicasaPhotoCP: set fsid first time:-1
07-21 10:25:35.015 32642 32646 D dalvikvm: GC_CONCURRENT freed 153K, 3% free 10261K/10503K, paused 1ms+4ms
07-21 10:25:35.109 32642 32664 D dalvikvm: GC_FOR_ALLOC freed 273K, 4% free 10392K/10823K, paused 27ms
07-21 10:25:35.144 32642 32664 D dalvikvm: GC_FOR_ALLOC freed 62K, 4% free 10456K/10823K, paused 23ms
07-21 10:25:35.175 32642 32664 D dalvikvm: GC_FOR_ALLOC freed 126K, 5% free 10584K/11079K, paused 25ms
07-21 10:25:35.175 32642 32664 I dalvikvm-heap: Grow heap (frag case) to 10.583MB for 187514-byte allocation
07-21 10:25:35.199 32642 32664 D dalvikvm: GC_FOR_ALLOC freed 255K, 7% free 10512K/11271K, paused 23ms
07-21 10:25:35.234 32642 32664 D dalvikvm: GC_FOR_ALLOC freed 118K, 6% free 10641K/11271K, paused 24ms
07-21 10:25:35.234 32642 32664 I dalvikvm-heap: Grow heap (frag case) to 10.708MB for 260112-byte allocation
07-21 10:25:35.265 32642 32664 D dalvikvm: GC_FOR_ALLOC freed 126K, 7% free 10768K/11527K, paused 25ms
07-21 10:25:35.312 32642 32664 D dalvikvm: GC_FOR_ALLOC freed 369K, 7% free 10824K/11527K, paused 40ms
07-21 10:25:35.425 32642 32646 D dalvikvm: GC_CONCURRENT freed 399K, 5% free 10978K/11527K, paused 1ms+3ms
07-21 10:25:35.660 32379 32381 D dalvikvm: GC_CONCURRENT freed 450K, 8% free 9943K/10695K, paused 1ms+6ms
07-21 10:25:35.679 32642 32646 D dalvikvm: GC_CONCURRENT freed 151K, 2% free 11496K/11719K, paused 3ms+8ms
07-21 10:25:35.890 32642 32646 D dalvikvm: GC_CONCURRENT freed 182K, 3% free 12170K/12423K, paused 2ms+4ms
07-21 10:25:36.148 32642 32646 D dalvikvm: GC_CONCURRENT freed 605K, 6% free 12643K/13319K, paused 3ms+4ms
07-21 10:25:36.449 32642 32664 I SqliteDatabaseCpp: sqlite returned: error code = 1, msg = no such column: wipeout_stats, db=/data/data/com.google.android.apps.plus/databases/es0.db
07-21 10:25:36.449 32642 32664 W System.err: android.database.sqlite.SQLiteException: no such column: wipeout_stats: , while compiling: SELECT wipeout_stats  FROM account_status
07-21 10:25:36.461 32642 32664 W System.err: 	at android.database.sqlite.SQLiteCompiledSql.native_compile(Native Method)
07-21 10:25:36.465 32642 32664 W System.err: 	at android.database.sqlite.SQLiteCompiledSql.<init>(SQLiteCompiledSql.java:68)
07-21 10:25:36.465 32642 32664 W System.err: 	at android.database.sqlite.SQLiteProgram.compileSql(SQLiteProgram.java:143)
07-21 10:25:36.465 32642 32664 W System.err: 	at android.database.sqlite.SQLiteProgram.compileAndbindAllArgs(SQLiteProgram.java:361)
07-21 10:25:36.465 32642 32664 W System.err: 	at android.database.sqlite.SQLiteStatement.acquireAndLock(SQLiteStatement.java:260)
07-21 10:25:36.468 32642 32664 W System.err: 	at android.database.sqlite.SQLiteStatement.simpleQueryForLong(SQLiteStatement.java:137)
07-21 10:25:36.468 32642 32664 W System.err: 	at android.database.DatabaseUtils.longForQuery(DatabaseUtils.java:791)
07-21 10:25:36.468 32642 32664 W System.err: 	at android.database.DatabaseUtils.longForQuery(DatabaseUtils.java:779)
07-21 10:25:36.468 32642 32664 W System.err: 	at com.google.android.apps.plus.content.EsAccountsData.isContactsStatsWipeoutNeeded(EsAccountsData.java:641)
07-21 10:25:36.468 32642 32664 W System.err: 	at com.google.android.apps.plus.service.EsService.processIntent(EsService.java:4246)
07-21 10:25:36.468 32642 32664 W System.err: 	at com.google.android.apps.plus.service.ServiceThread$1.run(ServiceThread.java:50)
07-21 10:25:36.468 32642 32664 W System.err: 	at android.os.Handler.handleCallback(Handler.java:605)
07-21 10:25:36.468 32642 32664 W System.err: 	at android.os.Handler.dispatchMessage(Handler.java:92)
07-21 10:25:36.468 32642 32664 W System.err: 	at android.os.Looper.loop(Looper.java:137)
07-21 10:25:36.468 32642 32664 W System.err: 	at com.google.android.apps.plus.service.ServiceThread.run(ServiceThread.java:122)
07-21 10:25:36.652   144 30155 I ActivityManager: Process com.twitter.android (pid 32335) has died.
07-21 10:25:36.660 32017 32017 I GeckoApp: restart
07-21 10:25:36.660 32017 32017 W GeckoApp: zerdatime 102447107 - onStart
07-21 10:25:36.660 32017 32017 I GeckoApp: start
07-21 10:25:36.660 32017 32017 I GeckoApp: resume
07-21 10:25:36.664 32017 32017 I GeckoApp: application resumed
07-21 10:25:36.691 32017 32017 I GeckoApp: application paused
07-21 10:25:36.699 32017 32017 I GeckoApp: stop
07-21 10:25:37.492 32379 32381 D dalvikvm: GC_CONCURRENT freed 448K, 7% free 9979K/10695K, paused 2ms+2ms
07-21 10:25:38.531 32379 32381 D dalvikvm: GC_CONCURRENT freed 499K, 8% free 9931K/10695K, paused 2ms+3ms
07-21 10:25:38.699 32126 32129 D dalvikvm: GC_CONCURRENT freed 123K, 9% free 10956K/12039K, paused 9ms+2ms
07-21 10:25:38.843 32642 32646 D dalvikvm: GC_CONCURRENT freed 1015K, 9% free 12766K/13895K, paused 3ms+4ms
07-21 10:25:39.961 32126 32129 D dalvikvm: GC_CONCURRENT freed 367K, 7% free 11218K/12039K, paused 3ms+3ms
07-21 10:25:40.519 32379 32381 D dalvikvm: GC_CONCURRENT freed 470K, 7% free 9973K/10695K, paused 3ms+2ms
07-21 10:25:41.554 32379 32381 D dalvikvm: GC_CONCURRENT freed 447K, 8% free 9945K/10695K, paused 2ms+3ms
07-21 10:25:41.972 32642 32646 D dalvikvm: GC_CONCURRENT freed 986K, 8% free 12914K/14023K, paused 3ms+3ms
07-21 10:25:43.062 32642 32692 E dalvikvm: Could not find class 'android.app.Notification$InboxStyle', referenced from method com.google.android.apps.plus.service.AndroidNotification.createDigestNotification
07-21 10:25:43.062 32642 32692 W dalvikvm: VFY: unable to resolve new-instance 41 (Landroid/app/Notification$InboxStyle;) in Lcom/google/android/apps/plus/service/AndroidNotification;
07-21 10:25:43.062 32642 32692 D dalvikvm: VFY: replacing opcode 0x22 at 0x0018
07-21 10:25:43.066 32642 32692 I dalvikvm: Could not find method android.app.Notification$Builder.setPriority, referenced from method com.google.android.apps.plus.service.AndroidNotification.createRichNotification
07-21 10:25:43.066 32642 32692 W dalvikvm: VFY: unable to resolve virtual method 162: Landroid/app/Notification$Builder;.setPriority (I)Landroid/app/Notification$Builder;
07-21 10:25:43.066 32642 32692 D dalvikvm: VFY: replacing opcode 0x6e at 0x00d5
07-21 10:25:43.101 32642 32692 D dalvikvm: DexOpt: unable to opt direct call 0x00a8 at 0x1a in Lcom/google/android/apps/plus/service/AndroidNotification;.createDigestNotification
07-21 10:25:43.101 32642 32692 D dalvikvm: DexOpt: unable to opt direct call 0x0091 at 0xf1 in Lcom/google/android/apps/plus/service/AndroidNotification;.createRichNotification
07-21 10:25:43.101 32642 32692 D dalvikvm: DexOpt: unable to opt direct call 0x0095 at 0x397 in Lcom/google/android/apps/plus/service/AndroidNotification;.createRichNotification
07-21 10:25:43.425   347   347 D SAN_SERVICE: *******************************************
07-21 10:25:43.425   347   347 D SAN_SERVICE: DM App Phone Service State - 0
07-21 10:25:43.425   347   347 D SAN_SERVICE: *******************************************
07-21 10:25:43.531 32379 32381 D dalvikvm: GC_CONCURRENT freed 483K, 7% free 9974K/10695K, paused 9ms+6ms
07-21 10:25:43.855   347   347 D SAN_SERVICE: *******************************************
07-21 10:25:43.855   347   347 D SAN_SERVICE: DM App Phone Service State - 0
07-21 10:25:43.855   347   347 D SAN_SERVICE: *******************************************
07-21 10:25:44.531 32379 32381 D dalvikvm: GC_CONCURRENT freed 448K, 8% free 9946K/10695K, paused 1ms+3ms
07-21 10:25:46.531 32379 32381 D dalvikvm: GC_CONCURRENT freed 440K, 7% free 9987K/10695K, paused 18ms+3ms
07-21 10:25:47.547 32379 32379 D dalvikvm: GC_EXPLICIT freed 220K, 8% free 9914K/10695K, paused 2ms+3ms
07-21 10:25:47.664   144   498 D dalvikvm: GC_EXPLICIT freed 926K, 22% free 18048K/23047K, paused 3ms+10ms
07-21 10:25:48.582   347   347 D SAN_SERVICE: *******************************************
07-21 10:25:48.586   347   347 D SAN_SERVICE: DM App Phone Service State - 0
07-21 10:25:48.586   347   347 D SAN_SERVICE: *******************************************
07-21 10:25:48.621 32379 32381 D dalvikvm: GC_CONCURRENT freed 455K, 7% free 9971K/10695K, paused 1ms+2ms
07-21 10:25:48.847   347   347 D SAN_SERVICE: *******************************************
07-21 10:25:48.847   347   347 D SAN_SERVICE: DM App Phone Service State - 0
07-21 10:25:48.847   347   347 D SAN_SERVICE: *******************************************
07-21 10:25:49.023 32642 32646 D dalvikvm: GC_CONCURRENT freed 1131K, 9% free 13030K/14279K, paused 8ms+3ms
07-21 10:25:49.554 32379 32381 D dalvikvm: GC_CONCURRENT freed 443K, 8% free 9944K/10695K, paused 2ms+2ms
07-21 10:25:49.832 32126 32129 D dalvikvm: GC_CONCURRENT freed 829K, 9% free 10997K/12039K, paused 22ms+2ms
07-21 10:25:50.175 32126 32480 D dalvikvm: GC_FOR_ALLOC freed 422K, 9% free 11056K/12039K, paused 34ms
07-21 10:25:51.304   144   498 I ActivityManager: Start proc android.process.acore for content provider com.android.providers.contacts/.ContactsProvider2: pid=32728 uid=10000 gids={3003, 1015}
07-21 10:25:51.351 32728 32728 I ActivityThread: Pub call_log: com.android.providers.contacts.CallLogProvider
07-21 10:25:51.394 32728 32728 I ActivityThread: Pub com.android.voicemail: com.android.providers.contacts.VoicemailContentProvider
07-21 10:25:51.398 32728 32728 I ActivityThread: Pub user_dictionary: com.android.providers.userdictionary.UserDictionaryProvider
07-21 10:25:51.429 32728 32728 I ActivityThread: Pub com.android.social: com.android.providers.contacts.SocialProvider
07-21 10:25:51.433 32728 32728 I ActivityThread: Pub applications: com.android.providers.applications.ApplicationsProvider
07-21 10:25:51.554 32728 32728 I ActivityThread: Pub contacts;com.android.contacts: com.android.providers.contacts.ContactsProvider2
07-21 10:25:51.574 32728 32730 D dalvikvm: GC_CONCURRENT freed 343K, 5% free 9181K/9607K, paused 13ms+2ms
07-21 10:25:51.695 32379 32381 D dalvikvm: GC_CONCURRENT freed 481K, 7% free 9974K/10695K, paused 4ms+2ms
07-21 10:25:52.043   144 29906 I ActivityManager: Process com.chess (pid 32444) has died.
07-21 10:25:52.054 32017 32017 I GeckoApp: restart
07-21 10:25:52.054 32017 32017 W GeckoApp: zerdatime 102462500 - onStart
07-21 10:25:52.054 32017 32017 I GeckoApp: start
07-21 10:25:52.054 32017 32017 I GeckoApp: resume
07-21 10:25:52.054 32017 32017 I GeckoApp: application resumed
07-21 10:25:52.090 32017 32017 I GeckoApp: application paused
07-21 10:25:52.101 32017 32017 I GeckoApp: stop
07-21 10:25:52.179 32728 32730 D dalvikvm: GC_CONCURRENT freed 232K, 4% free 9370K/9735K, paused 2ms+2ms
07-21 10:25:52.543 31836 31858 D dalvikvm: GC_EXPLICIT freed 330K, 5% free 10063K/10567K, paused 3ms+5ms
07-21 10:25:52.590   144  8560 I ActivityManager: Process com.google.android.gsf.login (pid 32423) has died.
07-21 10:25:52.601 32017 32017 I GeckoApp: restart
07-21 10:25:52.601 32017 32017 W GeckoApp: zerdatime 102463047 - onStart
07-21 10:25:52.601 32017 32017 I GeckoApp: start
07-21 10:25:52.601 32017 32017 I GeckoApp: resume
07-21 10:25:52.601 32017 32017 I GeckoApp: application resumed
07-21 10:25:52.644 32017 32017 I GeckoApp: application paused
07-21 10:25:52.648 32017 32017 I GeckoApp: stop
07-21 10:25:52.797 32379 32381 D dalvikvm: GC_CONCURRENT freed 449K, 7% free 9947K/10695K, paused 3ms+4ms
07-21 10:25:52.972 32642 32646 D dalvikvm: GC_CONCURRENT freed 1076K, 9% free 13202K/14407K, paused 3ms+3ms
07-21 10:25:53.261 32728 32730 D dalvikvm: GC_CONCURRENT freed 186K, 4% free 9607K/9927K, paused 6ms+3ms
07-21 10:25:53.609   347   347 D SAN_SERVICE: *******************************************
07-21 10:25:53.609   347   347 D SAN_SERVICE: DM App Phone Service State - 0
07-21 10:25:53.609   347   347 D SAN_SERVICE: *******************************************
07-21 10:25:53.855   347   347 D SAN_SERVICE: *******************************************
07-21 10:25:53.855   347   347 D SAN_SERVICE: DM App Phone Service State - 0
07-21 10:25:53.855   347   347 D SAN_SERVICE: *******************************************
07-21 10:25:54.550 32379 32381 D dalvikvm: GC_CONCURRENT freed 458K, 7% free 9975K/10695K, paused 2ms+3ms
07-21 10:25:55.566 32379 32381 D dalvikvm: GC_CONCURRENT freed 500K, 8% free 9930K/10695K, paused 4ms+3ms
07-21 10:25:56.734 32642 32646 D dalvikvm: GC_CONCURRENT freed 997K, 8% free 13564K/14663K, paused 38ms+3ms
07-21 10:25:57.281 32126 32129 D dalvikvm: GC_CONCURRENT freed 720K, 10% free 10892K/12039K, paused 10ms+3ms
07-21 10:25:57.507   144   497 I ActivityManager: Process android.process.media (pid 32665) has died.
07-21 10:25:57.570 32017 32017 I GeckoApp: restart
07-21 10:25:57.570 32017 32017 W GeckoApp: zerdatime 102468016 - onStart
07-21 10:25:57.570 32017 32017 I GeckoApp: start
07-21 10:25:57.582 32017 32017 I GeckoApp: resume
07-21 10:25:57.582 32017 32017 I GeckoApp: application resumed
07-21 10:25:57.617 32379 32381 D dalvikvm: GC_CONCURRENT freed 438K, 7% free 9976K/10695K, paused 15ms+4ms
07-21 10:25:57.812 32017 32017 I GeckoApp: application paused
07-21 10:25:57.832 32017 32017 I GeckoApp: stop
07-21 10:25:59.468   144 32763 I ActivityManager: Applications Memory Usage (kB):
07-21 10:25:59.468   144 32763 I ActivityManager: Uptime: 102468086 Realtime: 116124826
07-21 10:25:59.468   144 32763 I ActivityManager: Total PSS by OOM adjustment:
07-21 10:25:59.468   144 32763 I ActivityManager:     28884 kB: System
07-21 10:25:59.468   144 32763 I ActivityManager:                28884 kB: system (pid 144)
07-21 10:25:59.468   144 32763 I ActivityManager:     26565 kB: Persistent
07-21 10:25:59.468   144 32763 I ActivityManager:                11791 kB: com.android.systemui (pid 220)
07-21 10:25:59.468   144 32763 I ActivityManager:                10792 kB: com.android.phone (pid 347)
07-21 10:25:59.468   144 32763 I ActivityManager:                 3982 kB: com.android.nfc (pid 358)
07-21 10:25:59.468   144 32763 I ActivityManager:    110862 kB: Foreground
07-21 10:25:59.468   144 32763 I ActivityManager:               110862 kB: org.mozilla.firefox_beta (pid 32017)
07-21 10:25:59.468   144 32763 I ActivityManager:     29713 kB: Visible
07-21 10:25:59.468   144 32763 I ActivityManager:                17012 kB: com.google.android.apps.plus (pid 32642)
07-21 10:25:59.468   144 32763 I ActivityManager:                 9832 kB: com.google.process.gapps (pid 31836)
07-21 10:25:59.468   144 32763 I ActivityManager:                 2869 kB: com.android.smspush (pid 17894)
07-21 10:25:59.468   144 32763 I ActivityManager:      6654 kB: Perceptible
07-21 10:25:59.468   144 32763 I ActivityManager:                 6654 kB: com.klye.ime.latin (pid 17923)
07-21 10:25:59.468   144 32763 I ActivityManager:     12336 kB: A Services
07-21 10:25:59.468   144 32763 I ActivityManager:                 9105 kB: com.google.android.apps.maps:NetworkLocationService (pid 32126)
07-21 10:25:59.468   144 32763 I ActivityManager:                 3231 kB: edu.buffalo.cse.phonelab.phonelabservices (pid 32403)
07-21 10:25:59.468   144 32763 I ActivityManager:     11445 kB: Home
07-21 10:25:59.468   144 32763 I ActivityManager:                11445 kB: com.android.launcher (pid 18569)
07-21 10:25:59.468   144 32763 I ActivityManager:     14428 kB: B Services
07-21 10:25:59.468   144 32763 I ActivityManager:                 6108 kB: com.whatsapp (pid 32153)
07-21 10:25:59.468   144 32763 I ActivityManager:                 5275 kB: com.google.android.apps.googlevoice (pid 31899)
07-21 10:25:59.468   144 32763 I ActivityManager:                 3045 kB: com.android.sprintmenu (pid 32363)
07-21 10:25:59.468   144 32763 I ActivityManager:     25544 kB: Background
07-21 10:25:59.468   144 32763 I ActivityManager:                18699 kB: android.process.acore (pid 32728)
07-21 10:25:59.468   144 32763 I ActivityManager:                 6845 kB: com.google.android.apps.maps:LocationFriendService (pid 32379)
07-21 10:25:59.468   144 32763 I ActivityManager: 
07-21 10:25:59.468   144 32763 I ActivityManager: Total PSS: 266431 kB
07-21 10:25:59.468   144 32763 I ActivityManager:   PID      Vss      Rss      Pss      Uss  cmdline
07-21 10:25:59.468   144 32763 I ActivityManager: 32017  133888K  133780K  110965K  106844K  org.mozilla.firefox_beta
07-21 10:25:59.468   144 32763 I ActivityManager:   144   47148K   47080K   28944K   26144K  system_server
07-21 10:25:59.468   144 32763 I ActivityManager: 32728   38768K   38700K   18753K   16744K  android.process.acore
07-21 10:25:59.468   144 32763 I ActivityManager: 32642   36976K   36920K   17071K   14912K  com.google.android.apps.plus
07-21 10:25:59.468   144 32763 I ActivityManager:    78   24012K   21012K   13561K    6964K  /system/bin/surfaceflinger
07-21 10:25:59.468   144 32763 I ActivityManager:   220   31448K   31388K   11837K    7700K  com.android.systemui
07-21 10:25:59.468   144 32763 I ActivityManager: 18569   28448K   28360K   11491K   10180K  com.android.launcher
07-21 10:25:59.468   144 32763 I ActivityManager:   347   26404K   26332K   10836K    9856K  com.android.phone
07-21 10:25:59.468   144 32763 I ActivityManager: 31836   28740K   28656K    9880K    8452K  com.google.process.gapps
07-21 10:25:59.468   144 32763 I ActivityManager: 32126   28284K   28224K    9154K    7304K  com.google.android.apps.maps:NetworkLocationService
07-21 10:25:59.468   144 32763 I ActivityManager: 32379   26320K   26264K    6903K    5156K  com.google.android.apps.maps:LocationFriendService
07-21 10:25:59.468   144 32763 I ActivityManager: 17923   22904K   22844K    6700K    5604K  com.klye.ime.latin
07-21 10:25:59.468   144 32763 I ActivityManager: 32153   25284K   25216K    6152K    4760K  com.whatsapp
07-21 10:25:59.468   144 32763 I ActivityManager: 31899   24312K   24248K    5324K    3980K  com.google.android.apps.googlevoice
07-21 10:25:59.468   144 32763 I ActivityManager:   358   19916K   19820K    4030K    3032K  com.android.nfc
07-21 10:25:59.468   144 32763 I ActivityManager: 32403   21888K   21788K    3285K    1860K  edu.buffalo.cse.phonelab.phonelabservices
07-21 10:25:59.468   144 32763 I ActivityManager: 32363   21576K   21476K    3098K    1684K  com.android.sprintmenu
07-21 10:25:59.468   144 32763 I ActivityManager: 17894   19208K   19096K    2918K    1780K  com.android.smspush
07-21 10:25:59.468   144 32763 I ActivityManager:    79   19012K   18884K    2359K    1076K  zygote
07-21 10:25:59.468   144 32763 I ActivityManager:    81    2176K    2176K    1751K    1716K  /system/bin/mediaserver
07-21 10:25:59.468   144 32763 I ActivityManager:    80    1180K    1180K     883K     872K  /system/bin/drmserver
07-21 10:25:59.468   144 32763 I ActivityManager:  1303    1004K    1000K     852K     848K  logcat
07-21 10:25:59.468   144 32763 I ActivityManager:    77    1132K    1132K     806K     788K  /system/bin/rild
07-21 10:25:59.468   144 32763 I ActivityManager: 32764     744K     736K     604K     596K  procrank
07-21 10:25:59.468   144 32763 I ActivityManager:   280     704K     700K     529K     520K  /system/bin/wpa_supplicant
07-21 10:25:59.468   144 32763 I ActivityManager:  4442     688K     688K     490K     472K  /system/bin/netd
07-21 10:25:59.468   144 32763 I ActivityManager:    86     528K     524K     308K     296K  /system/vendor/bin/gpsd
07-21 10:25:59.468   144 32763 I ActivityManager:    72     452K     448K     292K     284K  /system/bin/vold
07-21 10:25:59.468   144 32763 I ActivityManager:   279     436K     436K     280K     276K  /system/bin/bluetoothd
07-21 10:25:59.468   144 32763 I ActivityManager:    88     244K     244K     228K     228K  /sbin/adbd
07-21 10:25:59.468   144 32763 I ActivityManager:    85     292K     284K     171K     168K  /system/bin/keystore
07-21 10:25:59.468   144 32763 I ActivityManager:    82     288K     280K     147K     144K  /system/bin/dbus-daemon
07-21 10:25:59.468   144 32763 I ActivityManager:     1     204K     204K     142K     104K  /init
07-21 10:25:59.468   144 32763 I ActivityManager:    61     160K     160K     122K      84K  /sbin/ueventd
07-21 10:25:59.468   144 32763 I ActivityManager:    87     212K     208K     106K     104K  /system/bin/sh
07-21 10:25:59.468   144 32763 I ActivityManager:    83     248K     240K     104K     100K  /system/bin/installd
07-21 10:25:59.468   144 32763 I ActivityManager:   201     224K     216K      95K      92K  /system/bin/brcm_patchram_plus
07-21 10:25:59.468   144 32763 I ActivityManager:    71     212K     204K      95K      92K  /system/bin/servicemanager
07-21 10:25:59.468   144 32763 I ActivityManager: 22168     192K     184K      75K      72K  /system/bin/debuggerd
07-21 10:25:59.468   144 32763 I ActivityManager:                           ------   ------  ------
07-21 10:25:59.468   144 32763 I ActivityManager:                          
07-21 10:25:59.539 32379 32381 D dalvikvm: GC_CONCURRENT freed 499K, 8% free 9931K/10695K, paused 2ms+5ms
07-21 10:25:59.832 32642 32692 D dalvikvm: GC_FOR_ALLOC freed 626K, 10% free 13625K/15111K, paused 66ms
07-21 10:25:59.832 32642 32692 I dalvikvm-heap: Grow heap (frag case) to 13.709MB for 352166-byte allocation
07-21 10:25:59.879 32642 32692 D dalvikvm: GC_FOR_ALLOC freed 10K, 10% free 13958K/15495K, paused 42ms
07-21 10:26:00.363 32126 32129 D dalvikvm: GC_CONCURRENT freed 342K, 8% free 11128K/12039K, paused 3ms+3ms
07-21 10:26:00.547 32379 32381 D dalvikvm: GC_CONCURRENT freed 455K, 7% free 9976K/10695K, paused 2ms+4ms
07-21 10:26:00.929   144   147 D dalvikvm: GC_CONCURRENT freed 1921K, 22% free 18049K/23047K, paused 16ms+9ms
07-21 10:26:01.468   144   385 D dalvikvm: GC_EXPLICIT freed 137K, 23% free 17925K/23047K, paused 2ms+8ms
07-21 10:26:01.523 32728 32730 D dalvikvm: GC_CONCURRENT freed 567K, 7% free 9482K/10183K, paused 13ms+3ms
07-21 10:26:01.672 32379 32381 D dalvikvm: GC_CONCURRENT freed 487K, 7% free 9972K/10695K, paused 2ms+4ms
07-21 10:26:01.734   144  8560 I ActivityManager: Process com.google.android.apps.maps:LocationFriendService (pid 32379) has died.
07-21 10:26:01.742 32017 32017 I GeckoApp: restart
07-21 10:26:01.742 32017 32017 W GeckoApp: zerdatime 102472188 - onStart
07-21 10:26:01.742 32017 32017 I GeckoApp: start
07-21 10:26:01.742 32017 32017 I GeckoApp: resume
07-21 10:26:01.742 32017 32017 I GeckoApp: application resumed
07-21 10:26:01.773 32017 32017 I GeckoApp: application paused
07-21 10:26:01.777 32017 32017 I GeckoApp: stop
07-21 10:26:01.953 32642 32646 D dalvikvm: GC_CONCURRENT freed 1042K, 8% free 14447K/15623K, paused 2ms+3ms
07-21 10:26:02.449   144   336 I ActivityManager: Start proc com.google.android.apps.maps:LocationFriendService for service com.google.android.apps.maps/com.google.googlenav.friend.reporting.LocationReceiverService: pid=307 uid=10056 gids={3003, 1015}
07-21 10:26:02.703   307   308 D dalvikvm: GC_CONCURRENT freed 176K, 3% free 9360K/9607K, paused 15ms+2ms
07-21 10:26:03.007   307   308 D dalvikvm: GC_CONCURRENT freed 135K, 3% free 9671K/9927K, paused 8ms+2ms
07-21 10:26:03.785   307   308 D dalvikvm: GC_CONCURRENT freed 339K, 5% free 9842K/10311K, paused 156ms+3ms
07-21 10:26:04.488   347   347 D SAN_SERVICE: *******************************************
07-21 10:26:04.488   347   347 D SAN_SERVICE: DM App Phone Service State - 0
07-21 10:26:04.488   347   347 D SAN_SERVICE: *******************************************
07-21 10:26:04.554   347   350 D dalvikvm: GC_CONCURRENT freed 807K, 9% free 11880K/12999K, paused 2ms+3ms
07-21 10:26:04.679   307   311 I dalvikvm: Total arena pages for JIT: 11
07-21 10:26:04.679   307   311 I dalvikvm: Total arena pages for JIT: 12
07-21 10:26:04.679   307   311 I dalvikvm: Total arena pages for JIT: 13
07-21 10:26:04.679   307   311 I dalvikvm: Total arena pages for JIT: 14
07-21 10:26:04.679   307   311 I dalvikvm: Total arena pages for JIT: 15
07-21 10:26:04.679   307   311 I dalvikvm: Total arena pages for JIT: 16
07-21 10:26:04.679   307   311 I dalvikvm: Total arena pages for JIT: 17
07-21 10:26:04.793   307   308 D dalvikvm: GC_CONCURRENT freed 382K, 5% free 9932K/10439K, paused 6ms+2ms
07-21 10:26:04.847   347   347 D SAN_SERVICE: *******************************************
07-21 10:26:04.847   347   347 D SAN_SERVICE: DM App Phone Service State - 0
07-21 10:26:04.847   347   347 D SAN_SERVICE: *******************************************
07-21 10:26:04.894   307   311 I dalvikvm: Total arena pages for JIT: 18
07-21 10:26:05.027   307   308 D dalvikvm: GC_CONCURRENT freed 466K, 6% free 10014K/10567K, paused 3ms+3ms
07-21 10:26:06.144 32642 32646 D dalvikvm: GC_CONCURRENT freed 1677K, 12% free 14456K/16263K, paused 9ms+3ms
07-21 10:26:06.527   307   308 D dalvikvm: GC_CONCURRENT freed 541K, 6% free 10016K/10631K, paused 6ms+3ms
07-21 10:26:06.867 32126 32129 D dalvikvm: GC_CONCURRENT freed 846K, 10% free 10859K/12039K, paused 2ms+2ms
07-21 10:26:08.500   307   308 D dalvikvm: GC_CONCURRENT freed 488K, 7% free 9925K/10631K, paused 1ms+4ms
07-21 10:26:09.445 32642 32692 I SqliteDatabaseCpp: sqlite returned: error code = 1, msg = no such column: last_stats_sync_time, db=/data/data/com.google.android.apps.plus/databases/es0.db
07-21 10:26:09.547 32642 32692 E EsSyncAdapterService: Sync failure
07-21 10:26:09.547 32642 32692 E EsSyncAdapterService: android.database.sqlite.SQLiteException: no such column: last_stats_sync_time: , while compiling: SELECT last_stats_sync_time  FROM account_status
07-21 10:26:09.547 32642 32692 E EsSyncAdapterService: 	at android.database.sqlite.SQLiteCompiledSql.native_compile(Native Method)
07-21 10:26:09.547 32642 32692 E EsSyncAdapterService: 	at android.database.sqlite.SQLiteCompiledSql.<init>(SQLiteCompiledSql.java:68)
07-21 10:26:09.547 32642 32692 E EsSyncAdapterService: 	at android.database.sqlite.SQLiteProgram.compileSql(SQLiteProgram.java:143)
07-21 10:26:09.547 32642 32692 E EsSyncAdapterService: 	at android.database.sqlite.SQLiteProgram.compileAndbindAllArgs(SQLiteProgram.java:361)
07-21 10:26:09.547 32642 32692 E EsSyncAdapterService: 	at android.database.sqlite.SQLiteStatement.acquireAndLock(SQLiteStatement.java:260)
07-21 10:26:09.547 32642 32692 E EsSyncAdapterService: 	at android.database.sqlite.SQLiteStatement.simpleQueryForLong(SQLiteStatement.java:137)
07-21 10:26:09.547 32642 32692 E EsSyncAdapterService: 	at android.database.DatabaseUtils.longForQuery(DatabaseUtils.java:791)
07-21 10:26:09.547 32642 32692 E EsSyncAdapterService: 	at android.database.DatabaseUtils.longForQuery(DatabaseUtils.java:779)
07-21 10:26:09.547 32642 32692 E EsSyncAdapterService: 	at com.google.android.apps.plus.content.EsAccountsData.queryLastStatsSyncTimestamp(EsAccountsData.java:570)
07-21 10:26:09.547 32642 32692 E EsSyncAdapterService: 	at com.google.android.apps.plus.service.EsSyncAdapterService.syncContactsStatsIfNecessary(EsSyncAdapterService.java:670)
07-21 10:26:09.547 32642 32692 E EsSyncAdapterService: 	at com.google.android.apps.plus.service.EsSyncAdapterService.doFullSync(EsSyncAdapterService.java:633)
07-21 10:26:09.547 32642 32692 E EsSyncAdapterService: 	at com.google.android.apps.plus.service.EsSyncAdapterService.doSync(EsSyncAdapterService.java:566)
07-21 10:26:09.547 32642 32692 E EsSyncAdapterService: 	at com.google.android.apps.plus.service.EsSyncAdapterService.access$100(EsSyncAdapterService.java:52)
07-21 10:26:09.547 32642 32692 E EsSyncAdapterService: 	at com.google.android.apps.plus.service.EsSyncAdapterService$SyncAdapterImpl.onPerformSync(EsSyncAdapterService.java:408)
07-21 10:26:09.547 32642 32692 E EsSyncAdapterService: 	at android.content.AbstractThreadedSyncAdapter$SyncThread.run(AbstractThreadedSyncAdapter.java:247)
07-21 10:26:09.562   307   308 D dalvikvm: GC_CONCURRENT freed 437K, 6% free 9999K/10631K, paused 2ms+2ms
07-21 10:26:09.668   144  8560 I ActivityManager: Process android.process.acore (pid 32728) has died.
07-21 10:26:09.675 32017 32017 I GeckoApp: restart
07-21 10:26:09.675 32017 32017 W GeckoApp: zerdatime 102480123 - onStart
07-21 10:26:09.675 32017 32017 I GeckoApp: start
07-21 10:26:09.675 32017 32017 I GeckoApp: resume
07-21 10:26:09.675 32017 32017 I GeckoApp: application resumed
07-21 10:26:09.711 32017 32017 I GeckoApp: application paused
07-21 10:26:09.718 32017 32017 I GeckoApp: stop
07-21 10:26:09.742   144   168 D SyncManager: failed sync operation lokeshmandvekar@gmail.com (com.google), com.google.android.apps.plus.content.EsProvider, SERVER, earliestRunTime 116103632, SyncResult: stats [ numParseExceptions: 1]
07-21 10:26:09.750   144   168 D SyncManager: not retrying sync operation because the error is a hard error: lokeshmandvekar@gmail.com (com.google), com.google.android.apps.plus.content.EsProvider, SERVER, earliestRunTime 116136935
07-21 10:26:10.656   307   308 D dalvikvm: GC_CONCURRENT freed 452K, 7% free 9936K/10631K, paused 1ms+9ms
07-21 10:26:10.675 32126 32129 D dalvikvm: GC_CONCURRENT freed 303K, 8% free 11142K/12039K, paused 5ms+10ms
07-21 10:26:10.707 32126 32480 D dalvikvm: GC_FOR_ALLOC freed 166K, 9% free 11070K/12039K, paused 30ms
07-21 10:26:12.523   307   308 D dalvikvm: GC_CONCURRENT freed 475K, 7% free 9971K/10631K, paused 2ms+3ms
07-21 10:26:13.527   307   308 D dalvikvm: GC_CONCURRENT freed 434K, 7% free 9945K/10631K, paused 2ms+2ms
07-21 10:26:14.656 32642 32646 D dalvikvm: GC_CONCURRENT freed 2945K, 19% free 13262K/16327K, paused 7ms+3ms
07-21 10:26:14.777   144   385 I ActivityManager: Start proc android.process.acore for content provider com.android.providers.contacts/.ContactsProvider2: pid=382 uid=10000 gids={3003, 1015}
07-21 10:26:14.824    79    79 D dalvikvm: GC_EXPLICIT freed 38K, 4% free 9031K/9347K, paused 2ms+12ms
07-21 10:26:14.836   382   382 I ActivityThread: Pub call_log: com.android.providers.contacts.CallLogProvider
07-21 10:26:14.859    79    79 D dalvikvm: GC_EXPLICIT freed <1K, 4% free 9031K/9347K, paused 3ms+3ms
07-21 10:26:14.882   382   382 I ActivityThread: Pub com.android.voicemail: com.android.providers.contacts.VoicemailContentProvider
07-21 10:26:14.882   382   382 I ActivityThread: Pub user_dictionary: com.android.providers.userdictionary.UserDictionaryProvider
07-21 10:26:14.898    79    79 D dalvikvm: GC_EXPLICIT freed <1K, 4% free 9031K/9347K, paused 2ms+2ms
07-21 10:26:14.925   382   382 I ActivityThread: Pub com.android.social: com.android.providers.contacts.SocialProvider
07-21 10:26:14.925   382   382 I ActivityThread: Pub applications: com.android.providers.applications.ApplicationsProvider
07-21 10:26:15.011   382   382 I ActivityThread: Pub contacts;com.android.contacts: com.android.providers.contacts.ContactsProvider2
07-21 10:26:15.019   382   386 D dalvikvm: GC_CONCURRENT freed 362K, 5% free 9173K/9607K, paused 2ms+2ms
07-21 10:26:15.289   382   386 D dalvikvm: GC_CONCURRENT freed 225K, 4% free 9375K/9735K, paused 2ms+2ms
07-21 10:26:15.523   307   308 D dalvikvm: GC_CONCURRENT freed 484K, 7% free 9972K/10631K, paused 1ms+2ms
07-21 10:26:16.261   144   498 D dalvikvm: GC_EXPLICIT freed 954K, 22% free 18047K/23047K, paused 101ms+11ms
07-21 10:26:16.554   382   386 D dalvikvm: GC_CONCURRENT freed 276K, 5% free 9517K/9927K, paused 2ms+3ms
07-21 10:26:16.668   307   308 D dalvikvm: GC_CONCURRENT freed 434K, 7% free 9945K/10631K, paused 2ms+2ms
07-21 10:26:16.965 32126 32133 I dalvikvm: Jit: resizing JitTable from 4096 to 8192
07-21 10:26:17.375 32642 32745 D dalvikvm: GC_EXPLICIT freed 648K, 20% free 13217K/16327K, paused 6ms+3ms
07-21 10:26:17.992 32126 32129 D dalvikvm: GC_CONCURRENT freed 729K, 10% free 10897K/12039K, paused 3ms+4ms
07-21 10:26:18.402   382   386 D dalvikvm: GC_CONCURRENT freed 253K, 4% free 9668K/10055K, paused 18ms+12ms
07-21 10:26:18.547   307   308 D dalvikvm: GC_CONCURRENT freed 485K, 7% free 9971K/10631K, paused 8ms+3ms
07-21 10:26:19.547   307   308 D dalvikvm: GC_CONCURRENT freed 434K, 7% free 9944K/10631K, paused 2ms+3ms
07-21 10:26:20.750 32126 32129 D dalvikvm: GC_CONCURRENT freed 396K, 8% free 11126K/12039K, paused 7ms+2ms
07-21 10:26:21.203   382   386 D dalvikvm: GC_CONCURRENT freed 561K, 7% free 9552K/10247K, paused 2ms+3ms
07-21 10:26:21.558   307   308 D dalvikvm: GC_CONCURRENT freed 438K, 7% free 9988K/10631K, paused 2ms+4ms
07-21 10:26:21.715 32153 32156 D dalvikvm: GC_CONCURRENT freed 561K, 7% free 10000K/10695K, paused 12ms+3ms
07-21 10:26:22.527   307   308 D dalvikvm: GC_CONCURRENT freed 498K, 7% free 9935K/10631K, paused 13ms+2ms
07-21 10:26:24.535   307   308 D dalvikvm: GC_CONCURRENT freed 473K, 7% free 9973K/10631K, paused 2ms+3ms
07-21 10:26:25.445   347   347 D SAN_SERVICE: *******************************************
07-21 10:26:25.445   347   347 D SAN_SERVICE: DM App Phone Service State - 0
07-21 10:26:25.445   347   347 D SAN_SERVICE: *******************************************
07-21 10:26:25.644   307   308 D dalvikvm: GC_CONCURRENT freed 434K, 7% free 9946K/10631K, paused 2ms+3ms
07-21 10:26:26.027   144   497 D dalvikvm: GC_EXPLICIT freed 556K, 22% free 18005K/23047K, paused 41ms+9ms
07-21 10:26:26.066   144 14395 D AlarmManagerService: Kernel timezone updated to 240 minutes west of GMT
07-21 10:26:26.078   347   347 D SAN_SERVICE: *******************************************
07-21 10:26:26.078   347   347 D SAN_SERVICE: DM App Phone Service State - 0
07-21 10:26:26.078   347   347 D SAN_SERVICE: *******************************************
07-21 10:26:26.355 32153 32156 D dalvikvm: GC_CONCURRENT freed 374K, 7% free 10019K/10695K, paused 3ms+4ms
07-21 10:26:27.488   307   319 D dalvikvm: GC_EXPLICIT freed 347K, 7% free 9911K/10631K, paused 6ms+3ms
07-21 10:26:28.347 32126 32129 D dalvikvm: GC_CONCURRENT freed 799K, 10% free 10904K/12039K, paused 2ms+3ms
07-21 10:26:28.531   307   308 D dalvikvm: GC_CONCURRENT freed 459K, 7% free 9963K/10631K, paused 2ms+3ms
07-21 10:26:29.574   307   308 D dalvikvm: GC_CONCURRENT freed 433K, 7% free 9936K/10631K, paused 2ms+2ms
07-21 10:26:29.609   347   347 D SAN_SERVICE: *******************************************
07-21 10:26:29.609   347   347 D SAN_SERVICE: DM App Phone Service State - 0
07-21 10:26:29.609   347   347 D SAN_SERVICE: *******************************************
07-21 10:26:29.859   347   347 D SAN_SERVICE: *******************************************
07-21 10:26:29.859   347   347 D SAN_SERVICE: DM App Phone Service State - 0
07-21 10:26:29.863   347   347 D SAN_SERVICE: *******************************************
07-21 10:26:31.031 32126 32129 D dalvikvm: GC_CONCURRENT freed 393K, 8% free 11133K/12039K, paused 2ms+2ms
07-21 10:26:31.601   307   308 D dalvikvm: GC_CONCURRENT freed 483K, 7% free 9964K/10631K, paused 1ms+2ms
07-21 10:26:31.715   307   308 D dalvikvm: GC_CONCURRENT freed 424K, 7% free 9924K/10631K, paused 2ms+3ms
07-21 10:26:31.894   144   359 D AlarmManagerService: Kernel timezone updated to 240 minutes west of GMT
07-21 10:26:33.515   307   308 D dalvikvm: GC_CONCURRENT freed 470K, 7% free 9965K/10631K, paused 2ms+3ms
07-21 10:26:34.539   307   308 D dalvikvm: GC_CONCURRENT freed 431K, 7% free 9930K/10631K, paused 2ms+2ms
07-21 10:26:34.609 32126 32129 D dalvikvm: GC_CONCURRENT freed 974K, 11% free 10736K/12039K, paused 2ms+3ms
07-21 10:26:36.523   307   308 D dalvikvm: GC_CONCURRENT freed 475K, 7% free 9966K/10631K, paused 1ms+2ms
07-21 10:26:37.527   307   308 D dalvikvm: GC_CONCURRENT freed 431K, 7% free 9931K/10631K, paused 15ms+2ms
07-21 10:26:39.484 31836 31851 D dalvikvm: GC_EXPLICIT freed 351K, 5% free 10067K/10567K, paused 5ms+5ms
07-21 10:26:39.566   307   308 D dalvikvm: GC_CONCURRENT freed 475K, 7% free 9967K/10631K, paused 2ms+2ms
07-21 10:26:40.511   307   308 D dalvikvm: GC_CONCURRENT freed 436K, 7% free 9925K/10631K, paused 2ms+2ms
07-21 10:26:41.199 32126 32129 D dalvikvm: GC_CONCURRENT freed 242K, 9% free 11065K/12039K, paused 2ms+3ms
07-21 10:26:41.293 32126 32480 D dalvikvm: GC_FOR_ALLOC freed 440K, 9% free 11030K/12039K, paused 27ms
07-21 10:26:42.574   144 30155 D dalvikvm: GC_EXPLICIT freed 706K, 22% free 18061K/23047K, paused 3ms+9ms
07-21 10:26:42.640   307   308 D dalvikvm: GC_CONCURRENT freed 475K, 7% free 9962K/10631K, paused 2ms+3ms
07-21 10:26:43.515   307   308 D dalvikvm: GC_CONCURRENT freed 434K, 7% free 9924K/10631K, paused 2ms+2ms
07-21 10:26:44.941   347   347 D SAN_SERVICE: *******************************************
07-21 10:26:44.941   347   347 D SAN_SERVICE: DM App Phone Service State - 0
07-21 10:26:44.941   347   347 D SAN_SERVICE: *******************************************
07-21 10:26:45.179   347   347 D SAN_SERVICE: *******************************************
07-21 10:26:45.179   347   347 D SAN_SERVICE: DM App Phone Service State - 0
07-21 10:26:45.179   347   347 D SAN_SERVICE: *******************************************
07-21 10:26:45.449   347   347 D SAN_SERVICE: *******************************************
07-21 10:26:45.449   347   347 D SAN_SERVICE: DM App Phone Service State - 0
07-21 10:26:45.449   347   347 D SAN_SERVICE: *******************************************
07-21 10:26:45.558   307   308 D dalvikvm: GC_CONCURRENT freed 475K, 7% free 9960K/10631K, paused 2ms+2ms
07-21 10:26:46.539   307   308 D dalvikvm: GC_CONCURRENT freed 432K, 7% free 9925K/10631K, paused 2ms+2ms
07-21 10:26:48.496   307   308 D dalvikvm: GC_CONCURRENT freed 476K, 7% free 9961K/10631K, paused 2ms+2ms
07-21 10:26:48.621 32126 32129 D dalvikvm: GC_CONCURRENT freed 619K, 10% free 10954K/12039K, paused 6ms+3ms
07-21 10:26:49.015 32403 32416 I PhoneLab-: Service Running
07-21 10:26:49.117 32403 32416 I PhoneLab-LoggerService: app_37    1303  1     1440   1000  c00f181c 400107b4 S logcat
07-21 10:26:49.117 32403 32416 I PhoneLab-LoggerService: Logcat pid from database 1303
07-21 10:26:49.117 32403 32416 I PhoneLab-LoggerService: Logcat process found 1303
07-21 10:26:49.117 32403 32416 I PhoneLab-LoggerService: Checking Threshold
07-21 10:26:49.121 32403 32416 I PhoneLab-LoggerService: Starting to rename files
07-21 10:26:49.121 32403 32416 I PhoneLab-LoggerService: Files found .. 9
07-21 10:26:49.504   307   308 D dalvikvm: GC_CONCURRENT freed 433K, 7% free 9926K/10631K, paused 2ms+2ms
07-21 10:26:49.914   347   347 D SAN_SERVICE: *******************************************
07-21 10:26:49.914   347   347 D SAN_SERVICE: DM App Phone Service State - 0
07-21 10:26:49.914   347   347 D SAN_SERVICE: *******************************************
07-21 10:26:50.906   144 30155 I ActivityManager: Start proc com.google.android.gsf.login for service com.google.android.gsf.login/com.google.android.gsf.loginservice.GoogleLoginService: pid=492 uid=10009 gids={3003, 1015, 1007, 2001, 3006}
07-21 10:26:51.304 32126 32129 D dalvikvm: GC_CONCURRENT freed 391K, 8% free 11168K/12039K, paused 2ms+2ms
07-21 10:26:51.496   307   308 D dalvikvm: GC_CONCURRENT freed 474K, 7% free 9963K/10631K, paused 2ms+3ms
07-21 10:26:52.449   307   307 D dalvikvm: GC_EXPLICIT freed 160K, 7% free 9906K/10631K, paused 2ms+3ms
07-21 10:26:53.484   307   308 D dalvikvm: GC_CONCURRENT freed 454K, 7% free 9963K/10631K, paused 2ms+2ms
07-21 10:26:54.543   307   308 D dalvikvm: GC_CONCURRENT freed 424K, 7% free 9927K/10631K, paused 2ms+3ms
07-21 10:26:56.500   307   308 D dalvikvm: GC_CONCURRENT freed 474K, 7% free 9964K/10631K, paused 1ms+2ms
07-21 10:26:56.574 32126 32129 D dalvikvm: GC_CONCURRENT freed 887K, 10% free 10876K/12039K, paused 2ms+3ms
07-21 10:26:57.531   307   308 D dalvikvm: GC_CONCURRENT freed 430K, 7% free 9928K/10631K, paused 2ms+2ms
07-21 10:26:58.597   144  8560 D dalvikvm: GC_EXPLICIT freed 812K, 22% free 18087K/23047K, paused 3ms+10ms
07-21 10:26:59.492   307   308 D dalvikvm: GC_CONCURRENT freed 474K, 7% free 9965K/10631K, paused 1ms+2ms
07-21 10:27:00.629   307   308 D dalvikvm: GC_CONCURRENT freed 439K, 7% free 9940K/10631K, paused 3ms+4ms
07-21 10:27:00.890 31836 31839 D dalvikvm: GC_CONCURRENT freed 399K, 5% free 10101K/10631K, paused 2ms+10ms
07-21 10:27:01.066 32126 32129 D dalvikvm: GC_CONCURRENT freed 312K, 8% free 11169K/12039K, paused 2ms+3ms
07-21 10:27:01.140 32126 32480 D dalvikvm: GC_FOR_ALLOC freed 442K, 9% free 11053K/12039K, paused 27ms
07-21 10:27:02.523   307   308 D dalvikvm: GC_CONCURRENT freed 467K, 7% free 9981K/10631K, paused 2ms+2ms
07-21 10:27:03.527   307   308 D dalvikvm: GC_CONCURRENT freed 500K, 7% free 9925K/10631K, paused 2ms+3ms
07-21 10:27:05.500   307   308 D dalvikvm: GC_CONCURRENT freed 473K, 7% free 9964K/10631K, paused 1ms+2ms
07-21 10:27:06.504   307   308 D dalvikvm: GC_CONCURRENT freed 436K, 7% free 9936K/10631K, paused 2ms+2ms
07-21 10:27:07.816 32126 32129 D dalvikvm: GC_CONCURRENT freed 645K, 9% free 10973K/12039K, paused 8ms+4ms
07-21 10:27:08.496   307   308 D dalvikvm: GC_CONCURRENT freed 483K, 7% free 9964K/10631K, paused 2ms+3ms
07-21 10:27:09.547   307   308 D dalvikvm: GC_CONCURRENT freed 436K, 7% free 9937K/10631K, paused 2ms+2ms
07-21 10:27:10.769 32126 32129 D dalvikvm: GC_CONCURRENT freed 454K, 8% free 11150K/12039K, paused 2ms+3ms
07-21 10:27:10.800 32126 32480 D dalvikvm: GC_FOR_ALLOC freed 30K, 8% free 11119K/12039K, paused 27ms
07-21 10:27:10.800 32126 32480 I dalvikvm-heap: Grow heap (frag case) to 10.989MB for 64488-byte allocation
07-21 10:27:10.836 32126 32463 D dalvikvm: GC_FOR_ALLOC freed 86K, 9% free 11095K/12103K, paused 26ms
07-21 10:27:11.484   307   308 D dalvikvm: GC_CONCURRENT freed 483K, 7% free 9965K/10631K, paused 2ms+3ms
07-21 10:27:11.918   144   144 D AlarmManagerService: Kernel timezone updated to 240 minutes west of GMT
07-21 10:27:12.195   144   173 I ActivityManager: Start proc com.twitter.android for service com.twitter.android/.client.AppService: pid=556 uid=10064 gids={3003, 1015}
07-21 10:27:12.203   556   556 I dalvikvm: Turning on JNI app bug workarounds for target SDK version 11...
07-21 10:27:12.347   556   556 I ActivityThread: Pub com.twitter.android.provider.GlobalDatabaseProvider: com.twitter.android.provider.GlobalDatabaseProvider
07-21 10:27:12.359   556   556 I ActivityThread: Pub com.twitter.android.provider.TwitterProvider: com.twitter.android.provider.TwitterProvider
07-21 10:27:12.394   347   347 D SAN_SERVICE: *******************************************
07-21 10:27:12.394   347   347 D SAN_SERVICE: DM App Phone Service State - 0
07-21 10:27:12.394   347   347 D SAN_SERVICE: *******************************************
07-21 10:27:12.476   556   558 D dalvikvm: GC_CONCURRENT freed 200K, 4% free 9277K/9607K, paused 8ms+2ms
07-21 10:27:12.625   307   308 D dalvikvm: GC_CONCURRENT freed 436K, 7% free 9938K/10631K, paused 3ms+2ms
07-21 10:27:12.882   347   347 D SAN_SERVICE: *******************************************
07-21 10:27:12.882   347   347 D SAN_SERVICE: DM App Phone Service State - 0
07-21 10:27:12.882   347   347 D SAN_SERVICE: *******************************************
07-21 10:27:12.996   556   558 D dalvikvm: GC_CONCURRENT freed 165K, 4% free 9503K/9799K, paused 5ms+2ms
07-21 10:27:13.129   347   347 D SAN_SERVICE: *******************************************
07-21 10:27:13.129   347   347 D SAN_SERVICE: DM App Phone Service State - 0
07-21 10:27:13.129   347   347 D SAN_SERVICE: *******************************************
07-21 10:27:13.195   556   558 D dalvikvm: GC_CONCURRENT freed 296K, 5% free 9633K/10055K, paused 2ms+2ms
07-21 10:27:13.328   556   558 D dalvikvm: GC_CONCURRENT freed 298K, 5% free 9757K/10183K, paused 3ms+1ms
07-21 10:27:13.578   556   558 D dalvikvm: GC_CONCURRENT freed 297K, 5% free 9886K/10311K, paused 1ms+2ms
07-21 10:27:13.648   144   359 I ActivityManager: Process com.google.android.apps.plus (pid 32642) has died.
07-21 10:27:13.656 32017 32017 I GeckoApp: restart
07-21 10:27:13.656 32017 32017 W GeckoApp: zerdatime 102544104 - onStart
07-21 10:27:13.656 32017 32017 I GeckoApp: start
07-21 10:27:13.656 32017 32017 I GeckoApp: resume
07-21 10:27:13.656 32017 32017 I GeckoApp: application resumed
07-21 10:27:13.711 32017 32017 I GeckoApp: application paused
07-21 10:27:13.718 32017 32017 I GeckoApp: stop
07-21 10:27:13.816   556   558 D dalvikvm: GC_CONCURRENT freed 304K, 5% free 10013K/10439K, paused 2ms+3ms
07-21 10:27:13.879   347   347 D SAN_SERVICE: *******************************************
07-21 10:27:13.879   347   347 D SAN_SERVICE: DM App Phone Service State - 0
07-21 10:27:13.879   347   347 D SAN_SERVICE: *******************************************
07-21 10:27:13.957   556   558 D dalvikvm: GC_CONCURRENT freed 297K, 5% free 10142K/10567K, paused 2ms+2ms
07-21 10:27:14.105   556   558 D dalvikvm: GC_CONCURRENT freed 298K, 4% free 10271K/10695K, paused 2ms+2ms
07-21 10:27:14.300   556   558 D dalvikvm: GC_CONCURRENT freed 472K, 6% free 10236K/10823K, paused 2ms+2ms
07-21 10:27:14.457   556   558 D dalvikvm: GC_CONCURRENT freed 330K, 5% free 10300K/10823K, paused 1ms+3ms
07-21 10:27:14.515   307   308 D dalvikvm: GC_CONCURRENT freed 478K, 7% free 9971K/10631K, paused 2ms+2ms
07-21 10:27:14.629   347   347 D SAN_SERVICE: *******************************************
07-21 10:27:14.629   347   347 D SAN_SERVICE: DM App Phone Service State - 0
07-21 10:27:14.629   347   347 D SAN_SERVICE: *******************************************
07-21 10:27:14.691   556   558 D dalvikvm: GC_CONCURRENT freed 327K, 5% free 10374K/10823K, paused 2ms+2ms
07-21 10:27:14.855   556   558 D dalvikvm: GC_CONCURRENT freed 357K, 5% free 10474K/10951K, paused 2ms+2ms
07-21 10:27:14.879   347   347 D SAN_SERVICE: *******************************************
07-21 10:27:14.879   347   347 D SAN_SERVICE: DM App Phone Service State - 0
07-21 10:27:14.879   347   347 D SAN_SERVICE: *******************************************
07-21 10:27:15.000   556   558 D dalvikvm: GC_CONCURRENT freed 342K, 5% free 10555K/11015K, paused 1ms+2ms
07-21 10:27:15.156   556   558 D dalvikvm: GC_CONCURRENT freed 330K, 4% free 10637K/11079K, paused 2ms+2ms
07-21 10:27:15.293   556   558 D dalvikvm: GC_CONCURRENT freed 364K, 5% free 10722K/11207K, paused 1ms+2ms
07-21 10:27:15.406   347   347 D SAN_SERVICE: *******************************************
07-21 10:27:15.406   347   347 D SAN_SERVICE: DM App Phone Service State - 0
07-21 10:27:15.406   347   347 D SAN_SERVICE: *******************************************
07-21 10:27:15.488   556   558 D dalvikvm: GC_CONCURRENT freed 398K, 5% free 10821K/11335K, paused 1ms+2ms
07-21 10:27:15.632   144   323 D dalvikvm: GC_EXPLICIT freed 1054K, 22% free 18118K/23047K, paused 3ms+10ms
07-21 10:27:15.711   307   308 D dalvikvm: GC_CONCURRENT freed 446K, 7% free 9938K/10631K, paused 2ms+3ms
07-21 10:27:15.894   347   347 D SAN_SERVICE: *******************************************
07-21 10:27:15.894   347   347 D SAN_SERVICE: DM App Phone Service State - 0
07-21 10:27:15.894   347   347 D SAN_SERVICE: *******************************************
07-21 10:27:16.132 32126 32129 D dalvikvm: GC_CONCURRENT freed 780K, 10% free 10896K/12103K, paused 14ms+4ms
07-21 10:27:17.543   307   308 D dalvikvm: GC_CONCURRENT freed 480K, 7% free 9970K/10631K, paused 1ms+2ms
07-21 10:27:18.449   556   558 D dalvikvm: GC_CONCURRENT freed 314K, 4% free 11017K/11463K, paused 3ms+6ms
07-21 10:27:18.461 32363 32366 D dalvikvm: GC_CONCURRENT freed 403K, 6% free 9065K/9543K, paused 6ms+2ms
07-21 10:27:18.519   307   307 D dalvikvm: GC_EXPLICIT freed 172K, 7% free 9909K/10631K, paused 2ms+2ms
07-21 10:27:19.511   307   308 D dalvikvm: GC_CONCURRENT freed 455K, 7% free 9966K/10631K, paused 1ms+3ms
07-21 10:27:21.039 32126 32129 D dalvikvm: GC_CONCURRENT freed 352K, 8% free 11170K/12103K, paused 2ms+6ms
07-21 10:27:21.054   307   308 D dalvikvm: GC_CONCURRENT freed 436K, 7% free 9937K/10631K, paused 2ms+20ms
07-21 10:27:21.148 32126 32480 D dalvikvm: GC_FOR_ALLOC freed 369K, 9% free 11115K/12103K, paused 32ms
07-21 10:27:21.496 31836 31850 D dalvikvm: GC_EXPLICIT freed 308K, 5% free 10121K/10631K, paused 2ms+6ms
07-21 10:27:22.515   307   308 D dalvikvm: GC_CONCURRENT freed 477K, 7% free 9971K/10631K, paused 2ms+2ms
07-21 10:27:23.183   347   347 D SAN_SERVICE: *******************************************
07-21 10:27:23.183   347   347 D SAN_SERVICE: DM App Phone Service State - 0
07-21 10:27:23.183   347   347 D SAN_SERVICE: *******************************************
07-21 10:27:23.418   556   558 D dalvikvm: GC_CONCURRENT freed 424K, 5% free 11215K/11719K, paused 7ms+5ms
07-21 10:27:23.590   307   308 D dalvikvm: GC_CONCURRENT freed 447K, 7% free 9935K/10631K, paused 2ms+2ms
07-21 10:27:23.894   347   347 D SAN_SERVICE: *******************************************
07-21 10:27:23.894   347   347 D SAN_SERVICE: DM App Phone Service State - 0
07-21 10:27:23.894   347   347 D SAN_SERVICE: *******************************************
07-21 10:27:25.488   307   308 D dalvikvm: GC_CONCURRENT freed 482K, 7% free 9964K/10631K, paused 2ms+2ms
07-21 10:27:26.535   307   308 D dalvikvm: GC_CONCURRENT freed 436K, 7% free 9936K/10631K, paused 1ms+2ms
07-21 10:27:27.882 32126 32129 D dalvikvm: GC_CONCURRENT freed 704K, 10% free 10982K/12103K, paused 2ms+4ms
07-21 10:27:28.406   347   347 D SAN_SERVICE: *******************************************
07-21 10:27:28.406   347   347 D SAN_SERVICE: DM App Phone Service State - 0
07-21 10:27:28.406   347   347 D SAN_SERVICE: *******************************************
07-21 10:27:28.515   307   308 D dalvikvm: GC_CONCURRENT freed 482K, 7% free 9965K/10631K, paused 2ms+2ms
07-21 10:27:28.890   347   347 D SAN_SERVICE: *******************************************
07-21 10:27:28.890   347   347 D SAN_SERVICE: DM App Phone Service State - 0
07-21 10:27:28.890   347   347 D SAN_SERVICE: *******************************************
07-21 10:27:29.523   307   308 D dalvikvm: GC_CONCURRENT freed 436K, 7% free 9937K/10631K, paused 2ms+3ms
07-21 10:27:30.472 32126 32129 D dalvikvm: GC_CONCURRENT freed 407K, 8% free 11170K/12103K, paused 2ms+3ms
07-21 10:27:31.562   307   308 D dalvikvm: GC_CONCURRENT freed 482K, 7% free 9966K/10631K, paused 3ms+2ms
07-21 10:27:32.359   144   335 D dalvikvm: GC_EXPLICIT freed 931K, 22% free 18104K/23047K, paused 3ms+12ms
07-21 10:27:32.422 32126 32129 D dalvikvm: GC_CONCURRENT freed 1083K, 12% free 10711K/12103K, paused 2ms+6ms
07-21 10:27:32.468   307   308 D dalvikvm: GC_CONCURRENT freed 435K, 7% free 9939K/10631K, paused 1ms+3ms
07-21 10:27:33.554   307   308 D dalvikvm: GC_CONCURRENT freed 487K, 7% free 9964K/10631K, paused 2ms+2ms
07-21 10:27:34.558   307   308 D dalvikvm: GC_CONCURRENT freed 435K, 7% free 9931K/10631K, paused 2ms+2ms
07-21 10:27:36.554   307   308 D dalvikvm: GC_CONCURRENT freed 477K, 7% free 9965K/10631K, paused 1ms+4ms
07-21 10:27:37.539   307   308 D dalvikvm: GC_CONCURRENT freed 435K, 7% free 9931K/10631K, paused 1ms+3ms
07-21 10:27:38.558 32126 32129 D dalvikvm: GC_CONCURRENT freed 164K, 10% free 10986K/12103K, paused 2ms+6ms
07-21 10:27:39.492   307   308 D dalvikvm: GC_CONCURRENT freed 477K, 7% free 9966K/10631K, paused 2ms+2ms
07-21 10:27:40.371 32126 32129 D dalvikvm: GC_CONCURRENT freed 381K, 8% free 11244K/12103K, paused 2ms+3ms
07-21 10:27:40.523   307   308 D dalvikvm: GC_CONCURRENT freed 434K, 7% free 9932K/10631K, paused 2ms+3ms
07-21 10:27:42.519   307   308 D dalvikvm: GC_CONCURRENT freed 477K, 7% free 9967K/10631K, paused 2ms+3ms
07-21 10:27:43.453   307   307 D dalvikvm: GC_EXPLICIT freed 158K, 7% free 9911K/10631K, paused 2ms+2ms
07-21 10:27:43.945   144   156 D AlarmManagerService: Kernel timezone updated to 240 minutes west of GMT
07-21 10:27:44.523   307   308 D dalvikvm: GC_CONCURRENT freed 454K, 7% free 9968K/10631K, paused 1ms+2ms
07-21 10:27:45.535   307   308 D dalvikvm: GC_CONCURRENT freed 432K, 7% free 9933K/10631K, paused 1ms+3ms
07-21 10:27:47.484   307   308 D dalvikvm: GC_CONCURRENT freed 476K, 7% free 9969K/10631K, paused 1ms+3ms
07-21 10:27:47.648 32126 32129 D dalvikvm: GC_CONCURRENT freed 893K, 10% free 10967K/12103K, paused 2ms+4ms
07-21 10:27:48.554   307   308 D dalvikvm: GC_CONCURRENT freed 436K, 7% free 9935K/10631K, paused 2ms+3ms
07-21 10:27:50.351 32126 32129 D dalvikvm: GC_CONCURRENT freed 426K, 8% free 11139K/12103K, paused 2ms+3ms
07-21 10:27:50.484   307   308 D dalvikvm: GC_CONCURRENT freed 477K, 7% free 9969K/10631K, paused 3ms+2ms
07-21 10:27:51.418   347   347 D SAN_SERVICE: *******************************************
07-21 10:27:51.418   347   347 D SAN_SERVICE: DM App Phone Service State - 0
07-21 10:27:51.418   347   347 D SAN_SERVICE: *******************************************
07-21 10:27:51.570   144   156 D dalvikvm: GC_EXPLICIT freed 902K, 22% free 18109K/23047K, paused 3ms+11ms
07-21 10:27:51.668   307   308 D dalvikvm: GC_CONCURRENT freed 435K, 7% free 9935K/10631K, paused 1ms+3ms
07-21 10:27:51.961   347   347 D SAN_SERVICE: *******************************************
07-21 10:27:51.961   347   347 D SAN_SERVICE: DM App Phone Service State - 0
07-21 10:27:51.961   347   347 D SAN_SERVICE: *******************************************
07-21 10:27:53.480   307   308 D dalvikvm: GC_CONCURRENT freed 480K, 7% free 9967K/10631K, paused 2ms+3ms
07-21 10:27:54.093 31836 31839 D dalvikvm: GC_CONCURRENT freed 410K, 6% free 10151K/10695K, paused 13ms+5ms
07-21 10:27:54.515   307   308 D dalvikvm: GC_CONCURRENT freed 434K, 7% free 9933K/10631K, paused 2ms+3ms
07-21 10:27:56.058 32126 32129 D dalvikvm: GC_CONCURRENT freed 844K, 11% free 10883K/12103K, paused 21ms+3ms
07-21 10:27:56.507   307   308 D dalvikvm: GC_CONCURRENT freed 482K, 7% free 9963K/10631K, paused 2ms+2ms
07-21 10:27:56.668   347   347 D SAN_SERVICE: *******************************************
07-21 10:27:56.672   347   347 D SAN_SERVICE: DM App Phone Service State - 0
07-21 10:27:56.672   347   347 D SAN_SERVICE: *******************************************
07-21 10:27:56.945   347   347 D SAN_SERVICE: *******************************************
07-21 10:27:56.945   347   347 D SAN_SERVICE: DM App Phone Service State - 0
07-21 10:27:56.945   347   347 D SAN_SERVICE: *******************************************
07-21 10:27:57.539   307   308 D dalvikvm: GC_CONCURRENT freed 434K, 7% free 9929K/10631K, paused 1ms+2ms
07-21 10:27:59.636   307   308 D dalvikvm: GC_CONCURRENT freed 477K, 7% free 9964K/10631K, paused 2ms+2ms
07-21 10:28:00.254 32126 32129 D dalvikvm: GC_CONCURRENT freed 314K, 8% free 11179K/12103K, paused 2ms+4ms
07-21 10:28:00.547   307   308 D dalvikvm: GC_CONCURRENT freed 435K, 7% free 9930K/10631K, paused 2ms+2ms
07-21 10:28:02.515   307   308 D dalvikvm: GC_CONCURRENT freed 477K, 7% free 9965K/10631K, paused 2ms+3ms
07-21 10:28:03.547   307   308 D dalvikvm: GC_CONCURRENT freed 433K, 7% free 9930K/10631K, paused 2ms+2ms
07-21 10:28:05.097 32126 32129 D dalvikvm: GC_CONCURRENT freed 939K, 11% free 10840K/12103K, paused 5ms+4ms
07-21 10:28:05.492   307   308 D dalvikvm: GC_CONCURRENT freed 475K, 7% free 9967K/10631K, paused 2ms+2ms
07-21 10:28:06.519   307   308 D dalvikvm: GC_CONCURRENT freed 429K, 7% free 9931K/10631K, paused 1ms+3ms
07-21 10:28:08.507   307   308 D dalvikvm: GC_CONCURRENT freed 474K, 7% free 9968K/10631K, paused 2ms+2ms
07-21 10:28:09.507   307   307 D dalvikvm: GC_EXPLICIT freed 155K, 7% free 9910K/10631K, paused 3ms+3ms
07-21 10:28:10.187 32126 32129 D dalvikvm: GC_CONCURRENT freed 283K, 8% free 11141K/12103K, paused 2ms+3ms
07-21 10:28:10.711 31836 31851 D dalvikvm: GC_EXPLICIT freed 294K, 6% free 10073K/10695K, paused 3ms+5ms
07-21 10:28:10.843   144   498 D dalvikvm: GC_EXPLICIT freed 914K, 22% free 18115K/23047K, paused 3ms+11ms
07-21 10:28:10.929   307   308 D dalvikvm: GC_CONCURRENT freed 453K, 7% free 9968K/10631K, paused 2ms+2ms
07-21 10:28:11.562   307   308 D dalvikvm: GC_CONCURRENT freed 429K, 7% free 9928K/10631K, paused 2ms+2ms
07-21 10:28:13.543   307   308 D dalvikvm: GC_CONCURRENT freed 474K, 7% free 9964K/10631K, paused 2ms+5ms
07-21 10:28:13.582 32126 32129 D dalvikvm: GC_CONCURRENT freed 952K, 12% free 10771K/12103K, paused 2ms+8ms
07-21 10:28:14.539   307   308 D dalvikvm: GC_CONCURRENT freed 429K, 7% free 9929K/10631K, paused 2ms+2ms
07-21 10:28:16.496   307   308 D dalvikvm: GC_CONCURRENT freed 474K, 7% free 9965K/10631K, paused 2ms+2ms
07-21 10:28:17.531   307   308 D dalvikvm: GC_CONCURRENT freed 429K, 7% free 9929K/10631K, paused 1ms+1ms
07-21 10:28:17.968   144   155 D AlarmManagerService: Kernel timezone updated to 240 minutes west of GMT
07-21 10:28:18.168   347   347 D SAN_SERVICE: *******************************************
07-21 10:28:18.168   347   347 D SAN_SERVICE: DM App Phone Service State - 0
07-21 10:28:18.168   347   347 D SAN_SERVICE: *******************************************
07-21 10:28:18.976   347   347 D SAN_SERVICE: *******************************************
07-21 10:28:18.976   347   347 D SAN_SERVICE: DM App Phone Service State - 0
07-21 10:28:18.976   347   347 D SAN_SERVICE: *******************************************
07-21 10:28:19.515   307   308 D dalvikvm: GC_CONCURRENT freed 474K, 7% free 9966K/10631K, paused 2ms+4ms
07-21 10:28:20.090 32126 32129 D dalvikvm: GC_CONCURRENT freed 202K, 9% free 11071K/12103K, paused 8ms+3ms
07-21 10:28:20.554   307   308 D dalvikvm: GC_CONCURRENT freed 429K, 7% free 9930K/10631K, paused 2ms+2ms
07-21 10:28:20.836 32126 32129 D dalvikvm: GC_CONCURRENT freed 998K, 13% free 10638K/12103K, paused 2ms+2ms
07-21 10:28:22.492   307   308 D dalvikvm: GC_CONCURRENT freed 474K, 7% free 9967K/10631K, paused 2ms+3ms
07-21 10:28:23.543   307   308 D dalvikvm: GC_CONCURRENT freed 429K, 7% free 9931K/10631K, paused 2ms+2ms
07-21 10:28:25.480   307   308 D dalvikvm: GC_CONCURRENT freed 474K, 7% free 9968K/10631K, paused 2ms+2ms
07-21 10:28:26.558   307   308 D dalvikvm: GC_CONCURRENT freed 429K, 7% free 9932K/10631K, paused 1ms+2ms
07-21 10:28:26.652 32126 32129 D dalvikvm: GC_CONCURRENT freed 131K, 10% free 10923K/12103K, paused 3ms+4ms
07-21 10:28:28.523   307   308 D dalvikvm: GC_CONCURRENT freed 474K, 7% free 9969K/10631K, paused 2ms+2ms
07-21 10:28:29.605   144   498 D dalvikvm: GC_EXPLICIT freed 1003K, 22% free 18100K/23047K, paused 3ms+10ms
07-21 10:28:29.683   307   308 D dalvikvm: GC_CONCURRENT freed 429K, 7% free 9933K/10631K, paused 2ms+2ms
07-21 10:28:30.070 32126 32129 D dalvikvm: GC_CONCURRENT freed 346K, 8% free 11179K/12103K, paused 2ms+3ms
07-21 10:28:31.613   307   308 D dalvikvm: GC_CONCURRENT freed 476K, 7% free 9967K/10631K, paused 35ms+10ms
07-21 10:28:32.547   307   308 D dalvikvm: GC_CONCURRENT freed 491K, 7% free 9986K/10631K, paused 2ms+4ms
07-21 10:28:32.582 32126 32129 D dalvikvm: GC_CONCURRENT freed 1055K, 12% free 10726K/12103K, paused 5ms+8ms
07-21 10:28:33.558   307   308 D dalvikvm: GC_CONCURRENT freed 505K, 7% free 9947K/10631K, paused 6ms+2ms
07-21 10:28:34.004   144   374 D AlarmManagerService: Kernel timezone updated to 240 minutes west of GMT
07-21 10:28:34.453   307   307 D dalvikvm: GC_EXPLICIT freed 45K, 7% free 9909K/10631K, paused 2ms+3ms
07-21 10:28:35.496   307   308 D dalvikvm: GC_CONCURRENT freed 452K, 7% free 9968K/10631K, paused 1ms+3ms
07-21 10:28:36.097   768   768 D dalvikvm: Late-enabling CheckJNI
07-21 10:28:36.101   144   161 I ActivityManager: Start proc com.chess for broadcast com.chess/.backend.AlarmReceiver: pid=768 uid=10079 gids={3003, 1015}
07-21 10:28:36.257   768   770 D dalvikvm: GC_CONCURRENT freed 157K, 3% free 9379K/9607K, paused 2ms+2ms
07-21 10:28:36.382   768   782 D GetStringObjTask: retrieving from url = http://www.chess.com/api/get_move_status?id=5HHjW9WUGa%2Bcu1LUwnVJPxTIWxmEve4VdkRnRyg7b5Ch69JH2Z5aB%2B7eGuFw8K2uFx47KFsdE3JRdR3Mzv0PkZOj6eZ8N73BvxmEERrzXjMNRo80rkLyJAUTh0iqof4n
07-21 10:28:36.519   307   308 D dalvikvm: GC_CONCURRENT freed 427K, 7% free 9933K/10631K, paused 2ms+3ms
07-21 10:28:37.558   768   782 D GetStringObjTask: WebRequest SERVER RESPONSE: Success+0
07-21 10:28:38.492   307   308 D dalvikvm: GC_CONCURRENT freed 475K, 7% free 9968K/10631K, paused 1ms+3ms
07-21 10:28:38.984 32126 32129 D dalvikvm: GC_CONCURRENT freed 154K, 9% free 11022K/12103K, paused 2ms+3ms
07-21 10:28:39.550   307   308 D dalvikvm: GC_CONCURRENT freed 432K, 7% free 9934K/10631K, paused 2ms+1ms
07-21 10:28:40.140 32126 32129 D dalvikvm: GC_CONCURRENT freed 438K, 8% free 11216K/12103K, paused 1ms+3ms
07-21 10:28:41.492   307   308 D dalvikvm: GC_CONCURRENT freed 476K, 7% free 9969K/10631K, paused 2ms+2ms
07-21 10:28:41.582 31836 31839 D dalvikvm: GC_CONCURRENT freed 328K, 6% free 10131K/10695K, paused 2ms+5ms
07-21 10:28:42.582   307   308 D dalvikvm: GC_CONCURRENT freed 431K, 7% free 9934K/10631K, paused 5ms+3ms
07-21 10:28:44.558   307   308 D dalvikvm: GC_CONCURRENT freed 480K, 7% free 9965K/10631K, paused 1ms+2ms
07-21 10:28:45.515   307   308 D dalvikvm: GC_CONCURRENT freed 431K, 7% free 9931K/10631K, paused 2ms+2ms
07-21 10:28:47.562   144   385 D dalvikvm: GC_EXPLICIT freed 859K, 22% free 18091K/23047K, paused 3ms+11ms
07-21 10:28:47.632   307   308 D dalvikvm: GC_CONCURRENT freed 476K, 7% free 9966K/10631K, paused 2ms+2ms
07-21 10:28:48.554   307   308 D dalvikvm: GC_CONCURRENT freed 434K, 7% free 9929K/10631K, paused 2ms+2ms
07-21 10:28:49.062 32403 32416 I PhoneLab-: Service Running
07-21 10:28:49.125 32403 32416 I PhoneLab-LoggerService: app_37    1303  1     1440   1000  c00f181c 400107b4 S logcat
07-21 10:28:49.125 32403 32416 I PhoneLab-LoggerService: Logcat pid from database 1303
07-21 10:28:49.125 32403 32416 I PhoneLab-LoggerService: Logcat process found 1303
07-21 10:28:49.125 32403 32416 I PhoneLab-LoggerService: Checking Threshold
07-21 10:28:49.129 32403 32416 I PhoneLab-LoggerService: Starting to rename files
07-21 10:28:49.129 32403 32416 I PhoneLab-LoggerService: Files found .. 9
07-21 10:28:49.316 32126 32129 D dalvikvm: GC_CONCURRENT freed 786K, 9% free 11037K/12103K, paused 21ms+3ms
07-21 10:28:50.050 32126 32480 D dalvikvm: GC_EXPLICIT freed 128K, 10% free 11012K/12103K, paused 2ms+3ms
07-21 10:28:50.183 32126 32480 D dalvikvm: GC_FOR_ALLOC freed 421K, 9% free 11061K/12103K, paused 28ms
07-21 10:28:50.547   307   308 D dalvikvm: GC_CONCURRENT freed 476K, 7% free 9964K/10631K, paused 2ms+2ms
07-21 10:28:51.519   307   308 D dalvikvm: GC_CONCURRENT freed 432K, 7% free 9930K/10631K, paused 2ms+3ms
07-21 10:28:52.757   347   347 D SAN_SERVICE: *******************************************
07-21 10:28:52.757   347   347 D SAN_SERVICE: DM App Phone Service State - 0
07-21 10:28:52.757   347   347 D SAN_SERVICE: *******************************************
07-21 10:28:53.004   347   347 D SAN_SERVICE: *******************************************
07-21 10:28:53.007   347   347 D SAN_SERVICE: DM App Phone Service State - 0
07-21 10:28:53.007   347   347 D SAN_SERVICE: *******************************************
07-21 10:28:53.515   307   308 D dalvikvm: GC_CONCURRENT freed 476K, 7% free 9965K/10631K, paused 2ms+4ms
07-21 10:28:54.543   307   308 D dalvikvm: GC_CONCURRENT freed 432K, 7% free 9930K/10631K, paused 1ms+2ms
07-21 10:28:56.504   307   308 D dalvikvm: GC_CONCURRENT freed 476K, 7% free 9966K/10631K, paused 3ms+2ms
07-21 10:28:57.507 32126 32129 D dalvikvm: GC_CONCURRENT freed 659K, 10% free 10960K/12103K, paused 52ms+9ms
07-21 10:28:57.632   307   308 D dalvikvm: GC_CONCURRENT freed 432K, 7% free 9932K/10631K, paused 2ms+2ms
07-21 10:28:57.996   347   347 D SAN_SERVICE: *******************************************
07-21 10:28:57.996   347   347 D SAN_SERVICE: DM App Phone Service State - 0
07-21 10:28:57.996   347   347 D SAN_SERVICE: *******************************************
07-21 10:28:58.480 31836 31850 D dalvikvm: GC_EXPLICIT freed 265K, 6% free 10063K/10695K, paused 2ms+4ms
07-21 10:28:59.504   307   308 D dalvikvm: GC_CONCURRENT freed 476K, 7% free 9967K/10631K, paused 1ms+3ms
07-21 10:29:00.097 32126 32129 D dalvikvm: GC_CONCURRENT freed 384K, 8% free 11163K/12103K, paused 2ms+3ms
07-21 10:29:00.465   307   307 D dalvikvm: GC_EXPLICIT freed 160K, 7% free 9907K/10631K, paused 2ms+3ms
07-21 10:29:01.504   307   308 D dalvikvm: GC_CONCURRENT freed 453K, 7% free 9966K/10631K, paused 2ms+3ms
07-21 10:29:02.515   307   308 D dalvikvm: GC_CONCURRENT freed 427K, 7% free 9930K/10631K, paused 2ms+3ms
07-21 10:29:04.496   307   308 D dalvikvm: GC_CONCURRENT freed 476K, 7% free 9965K/10631K, paused 2ms+3ms
07-21 10:29:05.500   307   308 D dalvikvm: GC_CONCURRENT freed 443K, 7% free 9927K/10631K, paused 2ms+3ms
07-21 10:29:05.898 32126 32129 D dalvikvm: GC_CONCURRENT freed 873K, 11% free 10882K/12103K, paused 21ms+3ms
07-21 10:29:06.590   144 30155 D dalvikvm: GC_EXPLICIT freed 872K, 22% free 18103K/23047K, paused 4ms+10ms
07-21 10:29:07.254   144 30155 W ActivityManager: finishReceiver called but no pending broadcasts
07-21 10:29:07.472 32126 32129 D dalvikvm: GC_CONCURRENT freed 827K, 13% free 10601K/12103K, paused 5ms+24ms
07-21 10:29:07.629   220   220 D dalvikvm: GC_FOR_ALLOC freed 298K, 31% free 9921K/14215K, paused 19ms
07-21 10:29:07.687   220   222 D dalvikvm: GC_CONCURRENT freed 340K, 30% free 10059K/14215K, paused 2ms+2ms
07-21 10:29:07.757   220   222 D dalvikvm: GC_CONCURRENT freed 652K, 31% free 9890K/14215K, paused 1ms+7ms
07-21 10:29:08.527   307   308 D dalvikvm: GC_CONCURRENT freed 468K, 7% free 9970K/10631K, paused 2ms+2ms
07-21 10:29:09.500   307   308 D dalvikvm: GC_CONCURRENT freed 450K, 7% free 9939K/10631K, paused 1ms+2ms
07-21 10:29:11.531   307   308 D dalvikvm: GC_CONCURRENT freed 482K, 7% free 9969K/10631K, paused 2ms+3ms
07-21 10:29:12.586   307   308 D dalvikvm: GC_CONCURRENT freed 445K, 7% free 9942K/10631K, paused 1ms+3ms
07-21 10:29:13.457   358   358 D dalvikvm: GC_EXPLICIT freed 4K, 6% free 9099K/9607K, paused 2ms+3ms
07-21 10:29:14.519   307   308 D dalvikvm: GC_CONCURRENT freed 484K, 7% free 9970K/10631K, paused 2ms+2ms
07-21 10:29:15.304 32126 32129 D dalvikvm: GC_CONCURRENT freed 189K, 11% free 10813K/12103K, paused 17ms+2ms
07-21 10:29:15.562   307   308 D dalvikvm: GC_CONCURRENT freed 448K, 7% free 9940K/10631K, paused 2ms+2ms
07-21 10:29:17.480   144   156 W ActivityManager: finishReceiver called but no pending broadcasts
07-21 10:29:17.531   307   308 D dalvikvm: GC_CONCURRENT freed 482K, 7% free 9970K/10631K, paused 2ms+2ms
07-21 10:29:17.660   220   222 D dalvikvm: GC_CONCURRENT freed 439K, 31% free 9878K/14215K, paused 1ms+3ms
07-21 10:29:17.715   220   222 D dalvikvm: GC_CONCURRENT freed 637K, 32% free 9691K/14215K, paused 2ms+2ms
07-21 10:29:17.816   220   222 D dalvikvm: GC_CONCURRENT freed 409K, 32% free 9708K/14215K, paused 1ms+2ms
07-21 10:29:17.824 32126 32129 D dalvikvm: GC_CONCURRENT freed 399K, 10% free 11011K/12103K, paused 2ms+3ms
07-21 10:29:31.203 32126 32129 D dalvikvm: GC_CONCURRENT freed 642K, 9% free 11027K/12103K, paused 2ms+2ms
07-21 10:29:31.726   307   308 D dalvikvm: GC_CONCURRENT freed 449K, 7% free 9942K/10631K, paused 2ms+2ms
07-21 10:29:39.671   347   347 D SAN_SERVICE: *******************************************
07-21 10:29:39.671   347   347 D SAN_SERVICE: DM App Phone Service State - 0
07-21 10:29:39.671   347   347 D SAN_SERVICE: *******************************************
07-21 10:29:40.394   347   347 D SAN_SERVICE: *******************************************
07-21 10:29:40.394   347   347 D SAN_SERVICE: DM App Phone Service State - 0
07-21 10:29:40.394   347   347 D SAN_SERVICE: *******************************************
07-21 10:31:18.300   347   347 D SAN_SERVICE: *******************************************
07-21 10:31:18.304   347   347 D SAN_SERVICE: DM App Phone Service State - 0
07-21 10:31:18.304   347   347 D SAN_SERVICE: *******************************************
07-21 10:31:18.453   347   347 D SAN_SERVICE: *******************************************
07-21 10:31:18.453   347   347 D SAN_SERVICE: DM App Phone Service State - 0
07-21 10:31:18.457   347   347 D SAN_SERVICE: *******************************************
07-21 10:31:32.339 32126 32129 D dalvikvm: GC_CONCURRENT freed 699K, 10% free 10997K/12103K, paused 2ms+3ms
07-21 10:31:32.421   307   308 D dalvikvm: GC_CONCURRENT freed 448K, 7% free 9978K/10631K, paused 2ms+2ms
07-21 10:31:33.519   347   347 D SAN_SERVICE: *******************************************
07-21 10:31:33.519   347   347 D SAN_SERVICE: DM App Phone Service State - 0
07-21 10:31:33.519   347   347 D SAN_SERVICE: *******************************************
07-21 10:32:25.191   556   558 D dalvikvm: GC_CONCURRENT freed 542K, 6% free 11324K/11975K, paused 15ms+3ms
07-21 10:32:31.910   307   308 D dalvikvm: GC_CONCURRENT freed 493K, 7% free 9931K/10631K, paused 2ms+3ms
07-21 10:32:54.621   144   323 D AlarmManagerService: Kernel timezone updated to 240 minutes west of GMT
07-21 10:32:54.625   347   347 D SystemClock: Setting time of day to sec=1342881175
07-21 10:32:55.074   144   161 I ActivityManager: Start proc com.android.calendar for broadcast com.android.calendar/.widget.CalendarAppWidgetService$CalendarFactory: pid=889 uid=10005 gids={3003}
07-21 10:32:55.148   889   889 I ActivityThread: Pub com.android.calendar.CalendarRecentSuggestionsProvider: com.android.calendar.CalendarRecentSuggestionsProvider
07-21 10:32:55.355   144 29906 I ActivityManager: Start proc com.android.deskclock for broadcast com.android.deskclock/.AlarmInitReceiver: pid=905 uid=10011 gids={}
07-21 10:32:55.445   144   155 I ActivityManager: Start proc com.android.providers.calendar for content provider com.android.providers.calendar/.CalendarProvider2: pid=915 uid=10006 gids={3003, 1015}
07-21 10:32:55.508   905   905 I ActivityThread: Pub com.android.deskclock: com.android.deskclock.AlarmProvider
07-21 10:32:55.543   915   915 I ActivityThread: Pub com.android.calendar: com.android.providers.calendar.CalendarProvider2
07-21 10:32:55.547   144  8560 I ActivityManager: Process com.google.android.gsf.login (pid 492) has died.
07-21 10:32:55.558 32017 32017 I GeckoApp: restart
07-21 10:32:55.558 32017 32017 W GeckoApp: zerdatime 102703931 - onStart
07-21 10:32:55.558 32017 32017 I GeckoApp: start
07-21 10:32:55.558 32017 32017 I GeckoApp: resume
07-21 10:32:55.558 32017 32017 I GeckoApp: application resumed
07-21 10:32:55.687 32017 32047 I Gecko   : Compositor: Composite took 45 ms.
07-21 10:32:55.730   144   385 D dalvikvm: GC_EXPLICIT freed 1022K, 22% free 18050K/23047K, paused 3ms+8ms
07-21 10:32:55.754 32017 32017 I GeckoApp: application paused
07-21 10:32:55.765 32017 32017 I GeckoApp: stop
07-21 10:32:55.828   905   931 V AlarmClock: AlarmInitReceiver finished
07-21 10:32:55.875   144  8560 I ActivityManager: Process android.process.acore (pid 382) has died.
07-21 10:32:55.879 32017 32017 I GeckoApp: restart
07-21 10:32:55.879 32017 32017 W GeckoApp: zerdatime 102704253 - onStart
07-21 10:32:55.879 32017 32017 I GeckoApp: start
07-21 10:32:55.879 32017 32017 I GeckoApp: resume
07-21 10:32:55.879 32017 32017 I GeckoApp: application resumed
07-21 10:32:55.914 32017 32017 I GeckoApp: application paused
07-21 10:32:55.918 32017 32017 I GeckoApp: stop
07-21 10:32:59.132   915   915 I CalendarProvider2: Sending notification intent: Intent { act=android.intent.action.PROVIDER_CHANGED dat=content://com.android.calendar }
07-21 10:32:59.144   915   915 W ContentResolver: Failed to get type for: content://com.android.calendar (Unknown URL content://com.android.calendar)
07-21 10:32:59.847 31836   941 I EventLogService: Aggregate from 1342879379665 (log), 1342879379665 (data)
07-21 10:32:59.972 31836 31839 D dalvikvm: GC_CONCURRENT freed 261K, 5% free 10190K/10695K, paused 2ms+5ms
07-21 10:33:00.226   347   347 D SAN_SERVICE: *******************************************
07-21 10:33:00.226   347   347 D SAN_SERVICE: DM App Phone Service State - 0
07-21 10:33:00.226   347   347 D SAN_SERVICE: *******************************************
07-21 10:33:06.316   347   347 D SAN_SERVICE: *******************************************
07-21 10:33:06.316   347   347 D SAN_SERVICE: DM App Phone Service State - 0
07-21 10:33:06.316   347   347 D SAN_SERVICE: *******************************************
07-21 10:33:06.785   347   347 D SAN_SERVICE: *******************************************
07-21 10:33:06.785   347   347 D SAN_SERVICE: DM App Phone Service State - 0
07-21 10:33:06.785   347   347 D SAN_SERVICE: *******************************************
07-21 10:33:32.379 32126 32129 D dalvikvm: GC_CONCURRENT freed 636K, 10% free 10996K/12103K, paused 2ms+11ms
07-21 10:33:57.019   768   945 D GetStringObjTask: retrieving from url = http://www.chess.com/api/get_move_status?id=5HHjW9WUGa%2Bcu1LUwnVJPxTIWxmEve4VdkRnRyg7b5Ch69JH2Z5aB%2B7eGuFw8K2uFx47KFsdE3JRdR3Mzv0PkZOj6eZ8N73BvxmEERrzXjMNRo80rkLyJAUTh0iqof4n
07-21 10:33:57.718   768   945 D GetStringObjTask: WebRequest SERVER RESPONSE: Success+0
07-21 10:34:11.035   144   155 D AlarmManagerService: Kernel timezone updated to 240 minutes west of GMT
07-21 10:34:13.215   220   222 D dalvikvm: GC_CONCURRENT freed 140K, 30% free 9960K/14215K, paused 1ms+3ms
07-21 10:34:13.355   220   222 D dalvikvm: GC_CONCURRENT freed 561K, 31% free 9855K/14215K, paused 2ms+6ms
07-21 10:34:15.015   144   175 I power   : *** set_screen_state 1
07-21 10:34:15.023 32017 32017 I GeckoApp: restart
07-21 10:34:15.023 32017 32017 W GeckoApp: zerdatime 102722250 - onStart
07-21 10:34:15.023 32017 32017 I GeckoApp: start
07-21 10:34:15.054 32017 32017 I GeckoApp: resume
07-21 10:34:15.054 32017 32017 I GeckoApp: application resumed
07-21 10:34:15.113   144   175 I WindowManager: Lock screen displayed!
07-21 10:34:15.125 32017 32047 I Gecko   : Compositor: Composite took 58 ms.
07-21 10:34:15.226    78   120 D SurfaceFlinger: Screen about to return, flinger = 0x1b6e918
07-21 10:34:15.586   220   220 D PhoneStatusBar: disable: < expand icons alerts ticker system_info BACK HOME recent* CLOCK >
07-21 10:34:15.609   144   161 I ActivityManager: Start proc com.google.android.apps.gesturesearch for broadcast com.google.android.apps.gesturesearch/.motion.ScreenStateReceiver: pid=949 uid=10088 gids={3003}
07-21 10:34:15.640   220   220 D PhoneStatusBar: disable: < expand icons alerts ticker system_info back* home* recent clock* >
07-21 10:34:15.644   949   949 I dalvikvm: Turning on JNI app bug workarounds for target SDK version 8...
07-21 10:34:15.652   144   374 W InputManagerService: Window already focused, ignoring focus gain of: com.android.internal.view.IInputMethodClient$Stub$Proxy@418174e8
07-21 10:34:15.777   949   949 I ActivityThread: Pub com.google.android.apps.gesturesearch.history: com.google.android.apps.gesturesearch.data.QueryHistoryProvider
07-21 10:34:15.785   949   949 I ActivityThread: Pub com.google.android.apps.gesturesearch.index: com.google.android.apps.gesturesearch.data.IndexProvider
07-21 10:34:16.519   144   144 I ActivityManager: Start proc android.process.acore for content provider com.android.providers.contacts/.ContactsProvider2: pid=963 uid=10000 gids={3003, 1015}
07-21 10:34:16.586   963   963 I ActivityThread: Pub call_log: com.android.providers.contacts.CallLogProvider
07-21 10:34:16.640   963   963 I ActivityThread: Pub com.android.voicemail: com.android.providers.contacts.VoicemailContentProvider
07-21 10:34:16.644   963   963 I ActivityThread: Pub user_dictionary: com.android.providers.userdictionary.UserDictionaryProvider
07-21 10:34:16.679   963   963 I ActivityThread: Pub com.android.social: com.android.providers.contacts.SocialProvider
07-21 10:34:16.679   963   963 I ActivityThread: Pub applications: com.android.providers.applications.ApplicationsProvider
07-21 10:34:16.804   963   963 I ActivityThread: Pub contacts;com.android.contacts: com.android.providers.contacts.ContactsProvider2
07-21 10:34:16.828   144 29906 I ActivityManager: Process com.twitter.android (pid 556) has died.
07-21 10:34:16.840   963   966 D dalvikvm: GC_CONCURRENT freed 353K, 5% free 9179K/9607K, paused 7ms+6ms
07-21 10:34:16.894   144   179 I ActivityManager: START {act=android.intent.action.MAIN cat=[android.intent.category.HOME] flg=0x10200000 cmp=com.android.launcher/com.android.launcher2.Launcher} from pid 144
07-21 10:34:17.000 32017 32017 I GeckoApp: application paused
07-21 10:34:17.386 32017 32017 D OpenGLRenderer: Flushing caches (mode 1)
07-21 10:34:17.390 32017 32017 I GeckoApp: stop
07-21 10:34:17.422 32017 32017 D OpenGLRenderer: Flushing caches (mode 0)
07-21 10:34:17.433 32017 32017 D OpenGLRenderer: Flushing caches (mode 1)
07-21 10:34:17.543   963   966 D dalvikvm: GC_CONCURRENT freed 226K, 4% free 9392K/9735K, paused 5ms+4ms
07-21 10:34:17.972   144   179 I ActivityManager: START {act=android.intent.action.MAIN cat=[android.intent.category.HOME] flg=0x10200000 cmp=com.android.launcher/com.android.launcher2.Launcher} from pid 144
07-21 10:34:18.007   144   359 I ActivityManager: Process com.android.providers.calendar (pid 915) has died.
07-21 10:34:18.199   144   179 I ActivityManager: START {act=android.intent.action.MAIN cat=[android.intent.category.HOME] flg=0x10200000 cmp=com.android.launcher/com.android.launcher2.Launcher} from pid 144
07-21 10:34:18.351   144   498 I ActivityManager: Process com.android.deskclock (pid 905) has died.
07-21 10:34:18.582   963   966 D dalvikvm: GC_CONCURRENT freed 170K, 4% free 9628K/9927K, paused 9ms+16ms
07-21 10:34:19.308   144   171 I power   : *** set_screen_state 0
07-21 10:34:19.359    78   120 D SurfaceFlinger: About to give-up screen, flinger = 0x1b6e918
07-21 10:34:19.492   144   335 I ActivityManager: Process com.google.android.apps.maps:LocationFriendService (pid 307) has died.
07-21 10:34:19.590 32017 32017 D OpenGLRenderer: Flushing caches (mode 2)
07-21 10:34:19.605   144   175 V TransportControlView: Create TCV com.android.internal.widget.TransportControlView@41a17c18
07-21 10:34:19.640   144   175 I ActivityManager: Start proc com.google.android.gsf.login for service com.google.android.gsf.login/com.google.android.gsf.loginservice.GoogleLoginService: pid=979 uid=10009 gids={3003, 1015, 1007, 2001, 3006}
07-21 10:34:19.652   220   220 D PhoneStatusBar: disable: < expand icons alerts ticker system_info back home RECENT* clock >
07-21 10:34:19.703   220   220 D PhoneStatusBar: disable: < expand icons alerts ticker system_info BACK* HOME* RECENT CLOCK* >
07-21 10:34:19.910 32017 32017 D OpenGLRenderer: Flushing caches (mode 0)
07-21 10:34:19.914 32017 32017 W ManagedEGLContext: doTerminate failed: EGL count is 2 but managed count is 1
07-21 10:34:20.691   144 29906 I ActivityManager: Process com.android.calendar (pid 889) has died.
07-21 10:34:20.968   144   147 D dalvikvm: GC_CONCURRENT freed 1182K, 19% free 18830K/23047K, paused 17ms+18ms
07-21 10:34:22.312   963   966 D dalvikvm: GC_CONCURRENT freed 317K, 5% free 9743K/10183K, paused 9ms+6ms
07-21 10:34:32.359   144 14395 I ActivityManager: Start proc com.google.android.apps.maps:LocationFriendService for service com.google.android.apps.maps/com.google.googlenav.friend.reporting.LocationReceiverService: pid=997 uid=10056 gids={3003, 1015}
07-21 10:34:32.609   997  1000 D dalvikvm: GC_CONCURRENT freed 175K, 3% free 9361K/9607K, paused 24ms+3ms
07-21 10:34:32.945   144   144 I ActivityManager: Process com.chess (pid 768) has died.
07-21 10:34:32.992   220   222 D dalvikvm: GC_CONCURRENT freed 450K, 31% free 9879K/14215K, paused 6ms+3ms
07-21 10:34:33.261   997  1000 D dalvikvm: GC_CONCURRENT freed 162K, 3% free 9666K/9927K, paused 23ms+4ms
07-21 10:34:33.691   997  1000 D dalvikvm: GC_CONCURRENT freed 315K, 4% free 9852K/10247K, paused 8ms+2ms
07-21 10:34:33.988   997  1000 D dalvikvm: GC_CONCURRENT freed 339K, 5% free 9957K/10375K, paused 1ms+4ms
07-21 10:35:02.765   347   347 D SAN_SERVICE: *******************************************
07-21 10:35:02.765   347   347 D SAN_SERVICE: DM App Phone Service State - 0
07-21 10:35:02.765   347   347 D SAN_SERVICE: *******************************************
07-21 10:35:02.804   347   350 D dalvikvm: GC_CONCURRENT freed 845K, 9% free 11867K/12999K, paused 13ms+2ms
07-21 10:35:02.972   347   347 D SAN_SERVICE: *******************************************
07-21 10:35:02.976   347   347 D SAN_SERVICE: DM App Phone Service State - 0
07-21 10:35:02.976   347   347 D SAN_SERVICE: *******************************************
07-21 10:35:03.238   347   347 D SAN_SERVICE: *******************************************
07-21 10:35:03.238   347   347 D SAN_SERVICE: DM App Phone Service State - 0
07-21 10:35:03.238   347   347 D SAN_SERVICE: *******************************************
07-21 10:35:03.488   144 30155 D AlarmManagerService: Kernel timezone updated to 240 minutes west of GMT
07-21 10:35:03.504   347   347 D SAN_SERVICE: *******************************************
07-21 10:35:03.504   347   347 D SAN_SERVICE: DM App Phone Service State - 0
07-21 10:35:03.504   347   347 D SAN_SERVICE: *******************************************
07-21 10:35:03.820   347   347 D SAN_SERVICE: *******************************************
07-21 10:35:03.820   347   347 D SAN_SERVICE: DM App Phone Service State - 0
07-21 10:35:03.820   347   347 D SAN_SERVICE: *******************************************
07-21 10:35:13.867   347   347 D SAN_SERVICE: *******************************************
07-21 10:35:13.867   347   347 D SAN_SERVICE: DM App Phone Service State - 0
07-21 10:35:13.867   347   347 D SAN_SERVICE: *******************************************
07-21 10:35:14.586   347   347 D SAN_SERVICE: *******************************************
07-21 10:35:14.586   347   347 D SAN_SERVICE: DM App Phone Service State - 0
07-21 10:35:14.589   347   347 D SAN_SERVICE: *******************************************
07-21 10:35:14.824   347   347 D SAN_SERVICE: *******************************************
07-21 10:35:14.824   347   347 D SAN_SERVICE: DM App Phone Service State - 0
07-21 10:35:14.824   347   347 D SAN_SERVICE: *******************************************
07-21 10:35:15.621   347   347 D SAN_SERVICE: *******************************************
07-21 10:35:15.621   347   347 D SAN_SERVICE: DM App Phone Service State - 0
07-21 10:35:15.621   347   347 D SAN_SERVICE: *******************************************
07-21 10:35:32.367   220   222 D dalvikvm: GC_CONCURRENT freed 601K, 33% free 9663K/14215K, paused 2ms+2ms
07-21 10:35:32.519   997  1003 I dalvikvm: Total arena pages for JIT: 11
07-21 10:35:32.519   997  1003 I dalvikvm: Total arena pages for JIT: 12
07-21 10:35:32.519   997  1003 I dalvikvm: Total arena pages for JIT: 13
07-21 10:35:32.519   997  1003 I dalvikvm: Total arena pages for JIT: 14
07-21 10:35:32.519   997  1003 I dalvikvm: Total arena pages for JIT: 15
07-21 10:35:32.519   997  1003 I dalvikvm: Total arena pages for JIT: 16
07-21 10:35:32.519   997  1003 I dalvikvm: Total arena pages for JIT: 17
07-21 10:35:32.531 32126 32129 D dalvikvm: GC_CONCURRENT freed 1050K, 13% free 10591K/12103K, paused 2ms+6ms
07-21 10:35:32.668   997  1000 D dalvikvm: GC_CONCURRENT freed 410K, 5% free 9990K/10503K, paused 2ms+2ms
07-21 10:35:32.879   997  1000 D dalvikvm: GC_CONCURRENT freed 228K, 4% free 10207K/10567K, paused 2ms+20ms
07-21 10:35:34.054   997  1003 I dalvikvm: Total arena pages for JIT: 18
07-21 10:35:34.078 32126 32129 D dalvikvm: GC_CONCURRENT freed 406K, 13% free 10600K/12103K, paused 2ms+2ms
07-21 10:35:34.613   144 28547 I ActivityManager: Process com.google.android.apps.gesturesearch (pid 949) has died.
07-21 10:35:34.730   997  1000 D dalvikvm: GC_CONCURRENT freed 404K, 5% free 10348K/10823K, paused 2ms+2ms
07-21 10:36:23.179   144   338 D dalvikvm: GC_EXPLICIT freed 1486K, 23% free 17975K/23047K, paused 4ms+9ms
07-21 10:36:23.808 32403 32403 I PhoneLab-Locks: wake lock acquired
07-21 10:36:23.843   347   347 D SAN_SERVICE: *******************************************
07-21 10:36:23.843   347   347 D SAN_SERVICE: DM App Phone Service State - 0
07-21 10:36:23.843   347   347 D SAN_SERVICE: *******************************************
07-21 10:36:23.867 32403  1029 I PhoneLab-PeriodicCheckService: User info is synched
07-21 10:36:23.871 32403  1029 I PhoneLab-PeriodicCheckService: Logger Service is running
07-21 10:36:23.875 32403 32403 I PhoneLab-Locks: wake lock acquired
07-21 10:36:23.879 32403 32403 I PhoneLab-StatusMonitor: Status Monitoring is started
07-21 10:36:23.882 32403  1029 I PhoneLab-Locks: wake lock acquired
07-21 10:36:23.886 32403  1029 I PhoneLab-PeriodicCheckService: Rescheduling periodic checking...
07-21 10:36:23.890 32403  1029 I PhoneLab-Locks: wake lock released
07-21 10:36:23.929 32403 32403 E PhoneLab-PhoneLabManifest: java.io.FileNotFoundException: /data/data/edu.buffalo.cse.phonelab.phonelabservices/files/manifest.xml: open failed: ENOENT (No such file or directory)
07-21 10:36:23.968 31836 31839 D dalvikvm: GC_CONCURRENT freed 495K, 6% free 10128K/10759K, paused 11ms+19ms
07-21 10:36:23.980   347   347 D SAN_SERVICE: *******************************************
07-21 10:36:23.980   347   347 D SAN_SERVICE: DM App Phone Service State - 0
07-21 10:36:23.980   347   347 D SAN_SERVICE: *******************************************
07-21 10:36:23.992 32403 32406 D dalvikvm: GC_CONCURRENT freed 411K, 6% free 9095K/9607K, paused 2ms+2ms
07-21 10:36:23.992 32403 32403 I PhoneLab-Locks: wake lock released
07-21 10:36:23.996 32403 32403 I PhoneLab-UploadLogs: Transfering log files now
07-21 10:36:24.121 32403 32406 D dalvikvm: GC_CONCURRENT freed 355K, 5% free 9208K/9671K, paused 2ms+3ms
07-21 10:36:24.136 32403 32403 D dalvikvm: GC_FOR_ALLOC freed 64K, 6% free 9265K/9799K, paused 15ms
07-21 10:36:24.140 32403 32403 I dalvikvm-heap: Grow heap (frag case) to 9.359MB for 254548-byte allocation
07-21 10:36:24.160 32403 32403 D dalvikvm: GC_FOR_ALLOC freed 120K, 7% free 9393K/10055K, paused 13ms
07-21 10:36:24.160 32403 32403 I dalvikvm-heap: Grow heap (frag case) to 9.734MB for 516692-byte allocation
07-21 10:36:24.187 32403 32406 D dalvikvm: GC_CONCURRENT freed 248K, 9% free 9649K/10567K, paused 2ms+2ms
07-21 10:36:24.222 32403 32403 I PhoneLab-UploadLogs: OnStartCommand
07-21 10:36:24.652 32403  1031 D dalvikvm: GC_FOR_ALLOC freed 384K, 9% free 9632K/10567K, paused 38ms
07-21 10:36:24.664 32403  1031 D dalvikvm: GC_FOR_ALLOC freed 301K, 9% free 9632K/10567K, paused 12ms
07-21 10:36:24.691   347   347 D SAN_SERVICE: *******************************************
07-21 10:36:24.691   347   347 D SAN_SERVICE: DM App Phone Service State - 0
07-21 10:36:24.691   347   347 D SAN_SERVICE: *******************************************
07-21 10:36:24.699 32403  1031 D dalvikvm: GC_FOR_ALLOC freed 301K, 9% free 9638K/10567K, paused 31ms
07-21 10:36:25.476 32403 32416 I PhoneLab-: Service Running
07-21 10:36:25.574 32403 32416 I PhoneLab-LoggerService: app_37    1303  1     1440   1000  c00f181c 400107b4 S logcat
07-21 10:36:25.574 32403 32416 I PhoneLab-LoggerService: Logcat pid from database 1303
07-21 10:36:25.574 32403 32416 I PhoneLab-LoggerService: Logcat process found 1303
07-21 10:36:25.574 32403 32416 I PhoneLab-LoggerService: Checking Threshold
07-21 10:36:25.574 32403 32416 I PhoneLab-LoggerService: Starting to rename files
07-21 10:36:25.578 32403 32416 I PhoneLab-LoggerService: Files found .. 9
07-21 10:36:25.593 32403 32416 I PhoneLab-: Service Running
07-21 10:36:25.636 32403 32406 D dalvikvm: GC_CONCURRENT freed 59K, 6% free 9965K/10567K, paused 2ms+2ms
07-21 10:36:25.640 32403 32416 I PhoneLab-LoggerService: app_37    1303  1     1440   1000  c00f181c 400107b4 S logcat
07-21 10:36:25.648 32403 32416 I PhoneLab-LoggerService: Logcat pid from database 1303
07-21 10:36:25.648 32403 32416 I PhoneLab-LoggerService: Logcat process found 1303
07-21 10:36:25.648 32403 32416 I PhoneLab-LoggerService: Checking Threshold
07-21 10:36:25.648 32403 32416 I PhoneLab-LoggerService: Starting to rename files
07-21 10:36:25.652 32403 32416 I PhoneLab-LoggerService: Files found .. 9
07-21 10:36:25.652 32403 32416 I PhoneLab-: Service Running
07-21 10:36:25.679 32403 32416 I PhoneLab-LoggerService: app_37    1303  1     1440   1000  c00f181c 400107b4 S logcat
07-21 10:36:25.679 32403 32416 I PhoneLab-LoggerService: Logcat pid from database 1303
07-21 10:36:25.679 32403 32416 I PhoneLab-LoggerService: Logcat process found 1303
07-21 10:36:25.679 32403 32416 I PhoneLab-LoggerService: Checking Threshold
07-21 10:36:25.679 32403 32416 I PhoneLab-LoggerService: Starting to rename files
07-21 10:36:25.679 32403 32416 I PhoneLab-LoggerService: Files found .. 9
07-21 10:36:27.398   144 30155 I ActivityManager: Process android.process.acore (pid 963) has died.
07-21 10:36:28.742   347   347 D SAN_SERVICE: *******************************************
07-21 10:36:28.742   347   347 D SAN_SERVICE: DM App Phone Service State - 0
07-21 10:36:28.742   347   347 D SAN_SERVICE: *******************************************
07-21 10:36:32.547   997  1000 D dalvikvm: GC_CONCURRENT freed 675K, 8% free 10169K/10951K, paused 2ms+2ms
07-21 10:36:33.234 32403 32403 I PhoneLab-: 1342880281763.log is deleted
07-21 10:36:33.234 32403 32403 I PhoneLab-: Response: {"data": "done", "err": ""}
07-21 10:36:33.293 32403 32406 D dalvikvm: GC_CONCURRENT freed 1228K, 13% free 9249K/10567K, paused 2ms+2ms
07-21 10:36:33.332 32403 32403 D dalvikvm: GC_FOR_ALLOC freed 274K, 11% free 9408K/10567K, paused 14ms
07-21 10:36:33.332 32403 32403 I dalvikvm-heap: Grow heap (frag case) to 9.749MB for 516692-byte allocation
07-21 10:36:33.363 32403 32406 D dalvikvm: GC_CONCURRENT freed 249K, 13% free 9663K/11079K, paused 2ms+2ms
07-21 10:36:33.773   347   347 D SAN_SERVICE: *******************************************
07-21 10:36:33.773   347   347 D SAN_SERVICE: DM App Phone Service State - 0
07-21 10:36:33.773   347   347 D SAN_SERVICE: *******************************************
07-21 10:36:34.156 32403  1038 D dalvikvm: GC_FOR_ALLOC freed 356K, 13% free 9641K/11079K, paused 71ms
07-21 10:36:34.172 32403  1038 D dalvikvm: GC_FOR_ALLOC freed 301K, 13% free 9642K/11079K, paused 12ms
07-21 10:36:34.183 32403  1038 D dalvikvm: GC_FOR_ALLOC freed 301K, 13% free 9643K/11079K, paused 12ms
07-21 10:36:41.750 32017 32017 E GeckoApp: low memory
07-21 10:36:41.961 32017 32017 D dalvikvm: GC_EXPLICIT freed 2796K, 24% free 12249K/15943K, paused 26ms+11ms
07-21 10:36:43.750 32403 32403 I PhoneLab-: 1342880569239.log is deleted
07-21 10:36:43.750 32403 32403 I PhoneLab-: Response: {"data": "done", "err": ""}
07-21 10:36:43.789 32403 32406 D dalvikvm: GC_CONCURRENT freed 954K, 18% free 9178K/11079K, paused 2ms+2ms
07-21 10:36:43.836 32403 32406 D dalvikvm: GC_CONCURRENT freed 305K, 17% free 9281K/11079K, paused 1ms+2ms
07-21 10:36:43.851 32403 32403 D dalvikvm: GC_FOR_ALLOC freed 120K, 16% free 9409K/11079K, paused 12ms
07-21 10:36:43.879 32403 32406 D dalvikvm: GC_CONCURRENT freed 298K, 14% free 9622K/11079K, paused 2ms+2ms
07-21 10:36:44.304 32403  1040 D dalvikvm: GC_FOR_ALLOC freed 306K, 13% free 9642K/11079K, paused 14ms
07-21 10:36:44.316 32403  1040 D dalvikvm: GC_FOR_ALLOC freed 301K, 13% free 9643K/11079K, paused 12ms
07-21 10:36:44.332 32403  1040 D dalvikvm: GC_FOR_ALLOC freed 301K, 13% free 9643K/11079K, paused 12ms
07-21 10:36:48.980 32403 32416 I PhoneLab-: Service Running
07-21 10:36:49.047 32403 32416 I PhoneLab-LoggerService: app_37    1303  1     1440   1000  c00f181c 400107b4 S logcat
07-21 10:36:49.050 32403 32416 I PhoneLab-LoggerService: Logcat pid from database 1303
07-21 10:36:49.050 32403 32416 I PhoneLab-LoggerService: Logcat process found 1303
07-21 10:36:49.050 32403 32416 I PhoneLab-LoggerService: Checking Threshold
07-21 10:36:49.050 32403 32416 I PhoneLab-LoggerService: Starting to rename files
07-21 10:36:49.050 32403 32416 I PhoneLab-LoggerService: Files found .. 7
07-21 10:36:51.066 32403 32403 I PhoneLab-: 1342880569244.log is deleted
07-21 10:36:51.066 32403 32403 I PhoneLab-: Response: {"data": "done", "err": ""}
07-21 10:36:51.172 32403 32406 D dalvikvm: GC_CONCURRENT freed 979K, 18% free 9176K/11079K, paused 12ms+2ms
07-21 10:36:51.222 32403 32406 D dalvikvm: GC_CONCURRENT freed 338K, 17% free 9282K/11079K, paused 1ms+1ms
07-21 10:36:51.234 32403 32403 D dalvikvm: GC_FOR_ALLOC freed 120K, 16% free 9410K/11079K, paused 12ms
07-21 10:36:51.261 32403 32406 D dalvikvm: GC_CONCURRENT freed 298K, 14% free 9623K/11079K, paused 2ms+2ms
07-21 10:36:51.523 32403  1043 D dalvikvm: GC_FOR_ALLOC freed 306K, 13% free 9643K/11079K, paused 45ms
07-21 10:36:51.539 32403  1043 D dalvikvm: GC_FOR_ALLOC freed 301K, 13% free 9644K/11079K, paused 12ms
07-21 10:36:51.550 32403  1043 D dalvikvm: GC_FOR_ALLOC freed 301K, 13% free 9644K/11079K, paused 12ms
07-21 10:36:52.132   144   160 D dalvikvm: GC_EXPLICIT freed 638K, 22% free 17978K/23047K, paused 5ms+7ms
07-21 10:36:57.148 31836 31836 D dalvikvm: GC_EXPLICIT freed 83K, 7% free 10061K/10759K, paused 17ms+3ms
07-21 10:36:57.851 32403 32403 I PhoneLab-: 1342880704111.log is deleted
07-21 10:36:57.851 32403 32403 I PhoneLab-: Response: {"data": "done", "err": ""}
07-21 10:36:57.898 32403 32406 D dalvikvm: GC_CONCURRENT freed 953K, 18% free 9180K/11079K, paused 1ms+2ms
07-21 10:36:57.929 32403 32406 D dalvikvm: GC_CONCURRENT freed 305K, 17% free 9283K/11079K, paused 1ms+2ms
07-21 10:36:57.945 32403 32403 D dalvikvm: GC_FOR_ALLOC freed 120K, 16% free 9411K/11079K, paused 12ms
07-21 10:36:57.972 32403 32406 D dalvikvm: GC_CONCURRENT freed 298K, 14% free 9624K/11079K, paused 2ms+2ms
07-21 10:36:58.070 32403  1045 D dalvikvm: GC_FOR_ALLOC freed 306K, 13% free 9644K/11079K, paused 24ms
07-21 10:36:58.093 32403  1045 D dalvikvm: GC_FOR_ALLOC freed 301K, 13% free 9645K/11079K, paused 21ms
07-21 10:36:58.105 32403  1045 D dalvikvm: GC_FOR_ALLOC freed 301K, 13% free 9646K/11079K, paused 12ms
07-21 10:37:01.277   347   347 D SAN_SERVICE: *******************************************
07-21 10:37:01.277   347   347 D SAN_SERVICE: DM App Phone Service State - 0
07-21 10:37:01.277   347   347 D SAN_SERVICE: *******************************************
07-21 10:37:01.562   347   347 D SAN_SERVICE: *******************************************
07-21 10:37:01.566   347   347 D SAN_SERVICE: DM App Phone Service State - 0
07-21 10:37:01.566   347   347 D SAN_SERVICE: *******************************************
07-21 10:37:01.742   347   347 D SAN_SERVICE: *******************************************
07-21 10:37:01.742   347   347 D SAN_SERVICE: DM App Phone Service State - 0
07-21 10:37:01.742   347   347 D SAN_SERVICE: *******************************************
07-21 10:37:03.273   347   347 D SAN_SERVICE: *******************************************
07-21 10:37:03.273   347   347 D SAN_SERVICE: DM App Phone Service State - 0
07-21 10:37:03.273   347   347 D SAN_SERVICE: *******************************************
07-21 10:37:03.507   347   347 D SAN_SERVICE: *******************************************
07-21 10:37:03.507   347   347 D SAN_SERVICE: DM App Phone Service State - 0
07-21 10:37:03.507   347   347 D SAN_SERVICE: *******************************************
07-21 10:37:04.511   347   347 D SAN_SERVICE: *******************************************
07-21 10:37:04.511   347   347 D SAN_SERVICE: DM App Phone Service State - 0
07-21 10:37:04.511   347   347 D SAN_SERVICE: *******************************************
07-21 10:37:04.769   347   347 D SAN_SERVICE: *******************************************
07-21 10:37:04.769   347   347 D SAN_SERVICE: DM App Phone Service State - 0
07-21 10:37:04.769   347   347 D SAN_SERVICE: *******************************************
07-21 10:37:05.074 32403 32403 I PhoneLab-: 1342880569222.log is deleted
07-21 10:37:05.074 32403 32403 I PhoneLab-: Response: {"data": "done", "err": ""}
07-21 10:37:05.132 32403 32406 D dalvikvm: GC_CONCURRENT freed 953K, 18% free 9181K/11079K, paused 1ms+5ms
07-21 10:37:05.179 32403 32406 D dalvikvm: GC_CONCURRENT freed 305K, 17% free 9284K/11079K, paused 2ms+2ms
07-21 10:37:05.191 32403 32403 D dalvikvm: GC_FOR_ALLOC freed 120K, 16% free 9412K/11079K, paused 12ms
07-21 10:37:05.218 32403 32406 D dalvikvm: GC_CONCURRENT freed 298K, 14% free 9625K/11079K, paused 2ms+2ms
07-21 10:37:05.367 32403  1047 D dalvikvm: GC_FOR_ALLOC freed 306K, 13% free 9645K/11079K, paused 50ms
07-21 10:37:05.379 32403  1047 D dalvikvm: GC_FOR_ALLOC freed 301K, 13% free 9646K/11079K, paused 12ms
07-21 10:37:05.394 32403  1047 D dalvikvm: GC_FOR_ALLOC freed 301K, 13% free 9647K/11079K, paused 12ms
07-21 10:37:09.410 32403 32403 I PhoneLab-: 1342880569228.log is deleted
07-21 10:37:09.410 32403 32403 I PhoneLab-: Response: {"data": "done", "err": ""}
07-21 10:37:09.492 32403 32406 D dalvikvm: GC_CONCURRENT freed 944K, 18% free 9190K/11079K, paused 2ms+2ms
07-21 10:37:09.543 32403 32406 D dalvikvm: GC_CONCURRENT freed 314K, 17% free 9285K/11079K, paused 1ms+2ms
07-21 10:37:09.558 32403 32403 D dalvikvm: GC_FOR_ALLOC freed 120K, 16% free 9412K/11079K, paused 14ms
07-21 10:37:09.586 32403 32406 D dalvikvm: GC_CONCURRENT freed 298K, 14% free 9626K/11079K, paused 2ms+2ms
07-21 10:37:10.109 32403  1049 D dalvikvm: GC_FOR_ALLOC freed 306K, 13% free 9646K/11079K, paused 46ms
07-21 10:37:10.125 32403  1049 D dalvikvm: GC_FOR_ALLOC freed 301K, 13% free 9647K/11079K, paused 12ms
07-21 10:37:10.136 32403  1049 D dalvikvm: GC_FOR_ALLOC freed 301K, 13% free 9648K/11079K, paused 12ms
07-21 10:37:12.261   347   347 D SAN_SERVICE: *******************************************
07-21 10:37:12.261   347   347 D SAN_SERVICE: DM App Phone Service State - 0
07-21 10:37:12.261   347   347 D SAN_SERVICE: *******************************************
07-21 10:37:12.718   347   347 D SAN_SERVICE: *******************************************
07-21 10:37:12.718   347   347 D SAN_SERVICE: DM App Phone Service State - 0
07-21 10:37:12.718   347   347 D SAN_SERVICE: *******************************************
07-21 10:37:14.425 32403 32403 I PhoneLab-: 1342880569232.log is deleted
07-21 10:37:14.425 32403 32403 I PhoneLab-: Response: {"data": "done", "err": ""}
07-21 10:37:14.496 32403 32406 D dalvikvm: GC_CONCURRENT freed 942K, 18% free 9193K/11079K, paused 1ms+2ms
07-21 10:37:14.547 32403 32406 D dalvikvm: GC_CONCURRENT freed 315K, 17% free 9286K/11079K, paused 2ms+2ms
07-21 10:37:14.566 32403 32403 D dalvikvm: GC_FOR_ALLOC freed 120K, 16% free 9413K/11079K, paused 14ms
07-21 10:37:14.593 32403 32406 D dalvikvm: GC_CONCURRENT freed 298K, 14% free 9627K/11079K, paused 2ms+2ms
07-21 10:37:14.808 32403  1051 D dalvikvm: GC_FOR_ALLOC freed 306K, 13% free 9648K/11079K, paused 53ms
07-21 10:37:14.828 32403  1051 D dalvikvm: GC_FOR_ALLOC freed 301K, 13% free 9648K/11079K, paused 15ms
07-21 10:37:14.840 32403  1051 D dalvikvm: GC_FOR_ALLOC freed 301K, 13% free 9649K/11079K, paused 12ms
07-21 10:37:15.058   347   347 D SAN_SERVICE: *******************************************
07-21 10:37:15.058   347   347 D SAN_SERVICE: DM App Phone Service State - 0
07-21 10:37:15.058   347   347 D SAN_SERVICE: *******************************************
07-21 10:37:17.273   347   347 D SAN_SERVICE: *******************************************
07-21 10:37:17.273   347   347 D SAN_SERVICE: DM App Phone Service State - 0
07-21 10:37:17.273   347   347 D SAN_SERVICE: *******************************************
07-21 10:37:17.308 32126 32129 D dalvikvm: GC_CONCURRENT freed 423K, 13% free 10576K/12103K, paused 1ms+2ms
07-21 10:37:17.769   347   347 D SAN_SERVICE: *******************************************
07-21 10:37:17.769   347   347 D SAN_SERVICE: DM App Phone Service State - 0
07-21 10:37:17.769   347   347 D SAN_SERVICE: *******************************************
07-21 10:37:19.718 32403 32403 I PhoneLab-: 1342880569291.log is deleted
07-21 10:37:19.718 32403 32403 I PhoneLab-: Response: {"data": "done", "err": ""}
07-21 10:37:19.722 32403 32403 I PhoneLab-UploadLogs: No log files to transfer
07-21 10:37:19.726 32403 32403 I PhoneLab-Locks: wake lock released
07-21 10:37:27.379   144   173 I ActivityManager: Start proc com.twitter.android for service com.twitter.android/.client.AppService: pid=1052 uid=10064 gids={3003, 1015}
07-21 10:37:27.402    79    79 D dalvikvm: GC_EXPLICIT freed 37K, 4% free 9031K/9347K, paused 3ms+2ms
07-21 10:37:27.406  1052  1052 I dalvikvm: Turning on JNI app bug workarounds for target SDK version 11...
07-21 10:37:27.457    79    79 D dalvikvm: GC_EXPLICIT freed <1K, 4% free 9031K/9347K, paused 2ms+2ms
07-21 10:37:27.496    79    79 D dalvikvm: GC_EXPLICIT freed <1K, 4% free 9031K/9347K, paused 1ms+2ms
07-21 10:37:27.535  1052  1052 I ActivityThread: Pub com.twitter.android.provider.GlobalDatabaseProvider: com.twitter.android.provider.GlobalDatabaseProvider
07-21 10:37:27.543  1052  1052 I ActivityThread: Pub com.twitter.android.provider.TwitterProvider: com.twitter.android.provider.TwitterProvider
07-21 10:37:27.652  1052  1054 D dalvikvm: GC_CONCURRENT freed 202K, 4% free 9305K/9607K, paused 3ms+2ms
07-21 10:37:27.839  1052  1054 D dalvikvm: GC_CONCURRENT freed 220K, 4% free 9516K/9863K, paused 1ms+2ms
07-21 10:37:27.968  1052  1054 D dalvikvm: GC_CONCURRENT freed 293K, 5% free 9643K/10055K, paused 4ms+1ms
07-21 10:37:28.093  1052  1054 D dalvikvm: GC_CONCURRENT freed 292K, 5% free 9768K/10183K, paused 1ms+2ms
07-21 10:37:28.214  1052  1054 D dalvikvm: GC_CONCURRENT freed 294K, 5% free 9896K/10311K, paused 2ms+2ms
07-21 10:37:28.336  1052  1054 D dalvikvm: GC_CONCURRENT freed 298K, 5% free 10018K/10439K, paused 1ms+2ms
07-21 10:37:28.457  1052  1054 D dalvikvm: GC_CONCURRENT freed 296K, 4% free 10149K/10567K, paused 2ms+2ms
07-21 10:37:28.574  1052  1054 D dalvikvm: GC_CONCURRENT freed 308K, 4% free 10280K/10695K, paused 1ms+2ms
07-21 10:37:28.902  1052  1054 D dalvikvm: GC_CONCURRENT freed 471K, 6% free 10233K/10823K, paused 1ms+1ms
07-21 10:37:29.023  1052  1054 D dalvikvm: GC_CONCURRENT freed 326K, 5% free 10302K/10823K, paused 2ms+2ms
07-21 10:37:29.152  1052  1054 D dalvikvm: GC_CONCURRENT freed 320K, 5% free 10382K/10823K, paused 4ms+2ms
07-21 10:37:29.293  1052  1054 D dalvikvm: GC_CONCURRENT freed 354K, 5% free 10505K/10951K, paused 2ms+2ms
07-21 10:37:29.421  1052  1054 D dalvikvm: GC_CONCURRENT freed 399K, 5% free 10569K/11079K, paused 2ms+2ms
07-21 10:37:29.554  1052  1054 D dalvikvm: GC_CONCURRENT freed 371K, 5% free 10660K/11143K, paused 3ms+2ms
07-21 10:37:29.683  1052  1054 D dalvikvm: GC_CONCURRENT freed 412K, 5% free 10757K/11271K, paused 1ms+4ms
07-21 10:37:29.863  1052  1054 D dalvikvm: GC_CONCURRENT freed 398K, 5% free 10898K/11399K, paused 2ms+2ms
07-21 10:37:31.480 17923 17923 D dalvikvm: GC_EXPLICIT freed 155K, 20% free 10155K/12679K, paused 15ms+2ms
07-21 10:37:31.679  1052  1054 D dalvikvm: GC_CONCURRENT freed 366K, 5% free 11113K/11591K, paused 2ms+3ms
07-21 10:37:33.847  1052  1054 D dalvikvm: GC_CONCURRENT freed 457K, 5% free 11289K/11847K, paused 6ms+3ms
07-21 10:37:34.734   144  8560 I ActivityManager: Process com.google.android.gsf.login (pid 979) has died.
07-21 10:37:35.382   347   347 D SAN_SERVICE: *******************************************
07-21 10:37:35.382   347   347 D SAN_SERVICE: DM App Phone Service State - 0
07-21 10:37:35.386   347   347 D SAN_SERVICE: *******************************************
07-21 10:37:35.886   347   347 D SAN_SERVICE: *******************************************
07-21 10:37:35.886   347   347 D SAN_SERVICE: DM App Phone Service State - 0
07-21 10:37:35.886   347   347 D SAN_SERVICE: *******************************************
07-21 10:37:57.320   144   144 D AlarmManagerService: Kernel timezone updated to 240 minutes west of GMT
07-21 10:38:26.324   144   155 D AlarmManagerService: Kernel timezone updated to 240 minutes west of GMT
07-21 10:38:32.527   997  1000 D dalvikvm: GC_CONCURRENT freed 534K, 8% free 10100K/10951K, paused 2ms+2ms
07-21 10:38:40.050  1076  1076 D dalvikvm: Late-enabling CheckJNI
07-21 10:38:40.054   144   161 I ActivityManager: Start proc com.chess for broadcast com.chess/.backend.AlarmReceiver: pid=1076 uid=10079 gids={3003, 1015}
07-21 10:38:40.066   144   144 I ActivityManager: Process com.twitter.android (pid 1052) has died.
07-21 10:38:40.234  1076  1078 D dalvikvm: GC_CONCURRENT freed 150K, 3% free 9386K/9607K, paused 1ms+2ms
07-21 10:38:40.363  1076  1090 D GetStringObjTask: retrieving from url = http://www.chess.com/api/get_move_status?id=5HHjW9WUGa%2Bcu1LUwnVJPxTIWxmEve4VdkRnRyg7b5Ch69JH2Z5aB%2B7eGuFw8K2uFx47KFsdE3JRdR3Mzv0PkZOj6eZ8N73BvxmEERrzXjMNRo80rkLyJAUTh0iqof4n
07-21 10:38:42.277  1076  1090 D GetStringObjTask: WebRequest SERVER RESPONSE: Success+0
07-21 10:39:33.257   997  1000 D dalvikvm: GC_CONCURRENT freed 403K, 8% free 10179K/10951K, paused 2ms+2ms
07-21 10:39:33.418   997  1000 D dalvikvm: GC_CONCURRENT freed 513K, 8% free 10091K/10951K, paused 2ms+2ms
07-21 10:39:33.472   347   347 D SAN_SERVICE: *******************************************
07-21 10:39:33.472   347   347 D SAN_SERVICE: DM App Phone Service State - 0
07-21 10:39:33.472   347   347 D SAN_SERVICE: *******************************************
07-21 10:40:33.211 32126 32129 D dalvikvm: GC_CONCURRENT freed 513K, 13% free 10581K/12103K, paused 2ms+3ms
07-21 10:40:33.250   144   173 I ActivityManager: Start proc com.google.android.apps.plus for service com.google.android.apps.plus/.service.EsService: pid=1097 uid=10060 gids={3003, 3002, 1015, 1006}
07-21 10:40:33.273   144   173 I ActivityManager: Start proc com.google.android.apps.maps for service com.google.android.apps.maps/com.google.googlenav.prefetch.android.PrefetcherService: pid=1110 uid=10056 gids={3003, 1015}
07-21 10:40:33.511  1097  1099 D dalvikvm: GC_CONCURRENT freed 152K, 3% free 9384K/9607K, paused 2ms+2ms
07-21 10:40:33.566  1110  1113 D dalvikvm: GC_CONCURRENT freed 154K, 3% free 9381K/9607K, paused 2ms+2ms
07-21 10:40:33.636  1110  1110 I ActivityThread: Pub com.google.android.maps.SearchHistoryProvider: com.google.googlenav.provider.SearchHistoryProvider
07-21 10:40:33.726  1097  1097 I ActivityThread: Pub com.google.android.apps.plus.content.ApiProvider: com.google.android.apps.plus.content.EsApiProvider
07-21 10:40:33.820  1110  1110 I ActivityThread: Pub com.google.android.maps.SuggestionProvider: com.google.googlenav.suggest.android.SuggestContentProvider
07-21 10:40:33.871  1097  1097 I ActivityThread: Pub com.google.android.apps.plus.content.EsGooglePhotoProvider: com.google.android.picasasync.PicasaContentProvider
07-21 10:40:33.933  1110  1110 I ActivityThread: Pub com.google.android.maps.LayerInfoProvider: com.google.googlenav.layer.LayerInfoProvider
07-21 10:40:34.019  1110  1110 I ActivityThread: Pub com.google.android.maps.TrafficAppWidgetProvider: com.google.googlenav.appwidget.traffic.TrafficAppWidgetProvider
07-21 10:40:34.027  1110  1110 I ActivityThread: Pub com.google.android.maps.LocalActivePlacesProvider: com.google.googlenav.provider.LocalActivePlacesProvider
07-21 10:40:34.027  1110  1110 I ActivityThread: Pub com.google.android.maps.StarredItemProvider: com.google.googlenav.provider.StarredItemProvider
07-21 10:40:34.148  1110  1113 D dalvikvm: GC_CONCURRENT freed 155K, 3% free 9659K/9927K, paused 4ms+2ms
07-21 10:40:34.164  1097  1099 D dalvikvm: GC_CONCURRENT freed 263K, 4% free 9613K/9991K, paused 49ms+2ms
07-21 10:40:34.203  1097  1097 I ActivityThread: Pub com.google.android.apps.plus.content.EsPicasaStoreProvider: com.google.android.picasastore.PicasaPhotoContentProvider
07-21 10:40:37.015  1097  1097 I ActivityThread: Pub com.google.plus.platform: com.google.android.apps.plus.content.AdsProvider
07-21 10:40:37.015  1097  1097 I ActivityThread: Pub com.google.android.apps.plus.iu.EsGoogleIuProvider: com.google.android.apps.plus.iu.InstantUploadProvider
07-21 10:40:37.183  1110  1113 D dalvikvm: GC_CONCURRENT freed 262K, 4% free 9836K/10183K, paused 2ms+7ms
07-21 10:40:37.226   144  1185 I ActivityManager: Process com.google.android.apps.maps:LocationFriendService (pid 997) has died.
07-21 10:40:37.246  1097  1099 D dalvikvm: GC_CONCURRENT freed 519K, 6% free 9653K/10247K, paused 52ms+2ms
07-21 10:40:37.293  1097  1097 I ActivityThread: Pub com.google.android.apps.plus.content.EsProvider: com.google.android.apps.plus.content.EsProvider
07-21 10:40:37.296  1110  1110 I ActivityThread: Pub com.google.android.maps.LocalSuggestionProvider: com.google.googlenav.provider.LocalSuggestionProvider
07-21 10:40:37.304  1110  1110 I ActivityThread: Pub com.google.android.maps.NavigationAvailabilityProvider: com.google.googlenav.provider.NavigationAvailabilityProvider
07-21 10:40:37.312   144  1184 I ActivityManager: Start proc android.process.media for content provider com.android.providers.media/.MediaProvider: pid=1129 uid=10012 gids={1015, 1023, 1024, 2001, 3003, 3007}
07-21 10:40:37.379  1129  1129 I ActivityThread: Pub downloads: com.android.providers.downloads.DownloadProvider
07-21 10:40:37.382  1097  1097 D dalvikvm: GC_FOR_ALLOC freed 182K, 6% free 9709K/10247K, paused 22ms
07-21 10:40:37.445  1129  1129 I ActivityThread: Pub drm: com.android.providers.drm.DrmProvider
07-21 10:40:37.449  1129  1143 I DownloadManager: in removeSpuriousFiles
07-21 10:40:37.496  1129  1143 I DownloadManager: in removeSpuriousFiles, preserving file /data/data/com.android.providers.downloads/cache/metadata.json
07-21 10:40:37.496  1129  1143 I DownloadManager: in removeSpuriousFiles, preserving file /data/data/com.android.providers.downloads/cache/en_general.htm
07-21 10:40:37.496  1129  1143 I DownloadManager: in removeSpuriousFiles, preserving file /mnt/sdcard/Download/img-thing.jpeg
07-21 10:40:37.496  1129  1143 I DownloadManager: in removeSpuriousFiles, preserving file /data/data/com.android.providers.downloads/cache/metadata-1.json
07-21 10:40:37.496  1129  1143 I DownloadManager: in removeSpuriousFiles, preserving file /data/data/com.android.providers.downloads/cache/downloadfile.jpeg
07-21 10:40:37.500  1129  1143 I DownloadManager: in removeSpuriousFiles, preserving file /data/data/com.android.providers.downloads/cache/metadata-2.json
07-21 10:40:37.500  1129  1143 I DownloadManager: in removeSpuriousFiles, preserving file /data/data/com.android.providers.downloads/cache/metadata-3.json
07-21 10:40:37.500  1129  1143 I DownloadManager: in removeSpuriousFiles, preserving file /data/data/com.android.providers.downloads/cache/downloadfile-1.jpeg
07-21 10:40:37.500  1129  1143 I DownloadManager: in removeSpuriousFiles, preserving file /data/data/com.android.providers.downloads/cache/downloadfile-2.jpeg
07-21 10:40:37.500  1129  1143 I DownloadManager: in removeSpuriousFiles, preserving file /data/data/com.android.providers.downloads/cache/metadata-4.json
07-21 10:40:37.500  1129  1143 I DownloadManager: in removeSpuriousFiles, preserving file /data/data/com.android.providers.downloads/cache/metadata-5.json
07-21 10:40:37.500  1129  1143 I DownloadManager: in removeSpuriousFiles, preserving file /data/data/com.android.providers.downloads/cache/metadata-6.json
07-21 10:40:37.500  1129  1143 I DownloadManager: in removeSpuriousFiles, preserving file /data/data/com.android.providers.downloads/cache/metadata-7.json
07-21 10:40:37.507  1129  1143 I DownloadManager: deleting spurious file /cache/backup
07-21 10:40:37.519  1129  1129 I ActivityThread: Pub media: com.android.providers.media.MediaProvider
07-21 10:40:37.543  1110  1145 D dalvikvm: GC_FOR_ALLOC freed 153K, 3% free 9979K/10247K, paused 39ms
07-21 10:40:37.593  1110  1146 D dalvikvm: GC_FOR_ALLOC freed 24K, 4% free 10174K/10503K, paused 33ms
07-21 10:40:37.851  1110  1113 D dalvikvm: GC_CONCURRENT freed 137K, 2% free 10547K/10759K, paused 18ms+2ms
07-21 10:40:37.871  1097  1154 D dalvikvm: GC_FOR_ALLOC freed 38K, 5% free 9838K/10311K, paused 65ms
07-21 10:40:37.914  1110  1157 D dalvikvm: GC_FOR_ALLOC freed 106K, 3% free 10729K/11015K, paused 31ms
07-21 10:40:38.089  1097  1099 D dalvikvm: GC_CONCURRENT freed 163K, 3% free 10111K/10375K, paused 5ms+3ms
07-21 10:40:38.144  1129  1131 D dalvikvm: GC_CONCURRENT freed 328K, 5% free 9208K/9607K, paused 2ms+3ms
07-21 10:40:38.214  1097  1126 D PicasaPhotoCP: set fsid first time:-1
07-21 10:40:38.238   144   155 I ActivityManager: Process com.chess (pid 1076) has died.
07-21 10:40:38.644  1097  1099 D dalvikvm: GC_CONCURRENT freed 233K, 4% free 10329K/10695K, paused 4ms+2ms
07-21 10:40:39.261  1097  1142 D dalvikvm: GC_FOR_ALLOC freed 165K, 4% free 10455K/10823K, paused 39ms
07-21 10:41:09.242  1097  1142 D dalvikvm: GC_FOR_ALLOC freed 126K, 5% free 10583K/11079K, paused 58ms
07-21 10:41:09.429  1097  1142 D dalvikvm: GC_FOR_ALLOC freed 311K, 6% free 10576K/11143K, paused 24ms
07-21 10:41:09.507  1097  1142 D dalvikvm: GC_FOR_ALLOC freed 62K, 5% free 10640K/11143K, paused 39ms
07-21 10:41:09.570   144   147 D dalvikvm: GC_CONCURRENT freed 1859K, 22% free 18126K/23047K, paused 15ms+7ms
07-21 10:41:09.597  1097  1142 D dalvikvm: GC_FOR_ALLOC freed 126K, 4% free 10768K/11143K, paused 72ms
07-21 10:41:09.613   144  1169 I ActivityManager: Applications Memory Usage (kB):
07-21 10:41:09.613   144  1169 I ActivityManager: Uptime: 102857212 Realtime: 117005032
07-21 10:41:09.613   144  1169 I ActivityManager: Total PSS by OOM adjustment:
07-21 10:41:09.613   144  1169 I ActivityManager:     28698 kB: System
07-21 10:41:09.613   144  1169 I ActivityManager:                28698 kB: system (pid 144)
07-21 10:41:09.613   144  1169 I ActivityManager:     26546 kB: Persistent
07-21 10:41:09.613   144  1169 I ActivityManager:                11932 kB: com.android.systemui (pid 220)
07-21 10:41:09.613   144  1169 I ActivityManager:                10637 kB: com.android.phone (pid 347)
07-21 10:41:09.613   144  1169 I ActivityManager:                 3977 kB: com.android.nfc (pid 358)
07-21 10:41:09.613   144  1169 I ActivityManager:     30189 kB: Foreground
07-21 10:41:09.613   144  1169 I ActivityManager:                30189 kB: com.android.launcher (pid 18569)
07-21 10:41:09.613   144  1169 I ActivityManager:     13395 kB: Visible
07-21 10:41:09.613   144  1169 I ActivityManager:                10531 kB: com.google.process.gapps (pid 31836)
07-21 10:41:09.613   144  1169 I ActivityManager:                 2864 kB: com.android.smspush (pid 17894)
07-21 10:41:09.613   144  1169 I ActivityManager:      6609 kB: Perceptible
07-21 10:41:09.613   144  1169 I ActivityManager:                 6609 kB: com.klye.ime.latin (pid 17923)
07-21 10:41:09.613   144  1169 I ActivityManager:     24339 kB: A Services
07-21 10:41:09.613   144  1169 I ActivityManager:                 9955 kB: com.google.android.apps.maps (pid 1110)
07-21 10:41:09.613   144  1169 I ActivityManager:                 9428 kB: com.google.android.apps.maps:NetworkLocationService (pid 32126)
07-21 10:41:09.613   144  1169 I ActivityManager:                 4956 kB: android.process.media (pid 1129)
07-21 10:41:09.613   144  1169 I ActivityManager:    107213 kB: Previous
07-21 10:41:09.613   144  1169 I ActivityManager:               107213 kB: org.mozilla.firefox_beta (pid 32017)
07-21 10:41:09.613   144  1169 I ActivityManager:     29765 kB: B Services
07-21 10:41:09.613   144  1169 I ActivityManager:                 8732 kB: com.google.android.apps.plus (pid 1097)
07-21 10:41:09.613   144  1169 I ActivityManager:                 6823 kB: com.whatsapp (pid 32153)
07-21 10:41:09.613   144  1169 I ActivityManager:                 5791 kB: edu.buffalo.cse.phonelab.phonelabservices (pid 32403)
07-21 10:41:09.613   144  1169 I ActivityManager:                 5235 kB: com.google.android.apps.googlevoice (pid 31899)
07-21 10:41:09.613   144  1169 I ActivityManager:                 3184 kB: com.android.sprintmenu (pid 32363)
07-21 10:41:09.613   144  1169 I ActivityManager: 
07-21 10:41:09.613   144  1169 I ActivityManager: Total PSS: 266754 kB
07-21 10:41:09.613   144  1169 I ActivityManager:   PID      Vss      Rss      Pss      Uss  cmdline
07-21 10:41:09.613   144  1169 I ActivityManager: 32017  127436K  127296K  107292K  105368K  org.mozilla.firefox_beta
07-21 10:41:09.613   144  1169 I ActivityManager: 18569   50712K   50624K   30296K   27228K  com.android.launcher
07-21 10:41:09.613   144  1169 I ActivityManager:   144   47360K   47292K   28763K   25676K  system_server
07-21 10:41:09.613   144  1169 I ActivityManager:    78   22704K   19704K   12908K    6972K  /system/bin/surfaceflinger
07-21 10:41:09.613   144  1169 I ActivityManager:   220   32020K   31960K   11977K    7568K  com.android.systemui
07-21 10:41:09.613   144  1169 I ActivityManager:   347   26280K   26240K   10680K    9688K  com.android.phone
07-21 10:41:09.613   144  1169 I ActivityManager: 31836   29596K   29508K   10579K    9000K  com.google.process.gapps
07-21 10:41:09.613   144  1169 I ActivityManager:  1110   30372K   30308K   10006K    7792K  com.google.android.apps.maps
07-21 10:41:09.613   144  1169 I ActivityManager: 32126   28300K   28240K    9478K    7568K  com.google.android.apps.maps:NetworkLocationService
07-21 10:41:09.613   144  1169 I ActivityManager:  1097   28704K   28628K    9150K    7364K  com.google.android.apps.plus
07-21 10:41:09.613   144  1169 I ActivityManager: 32153   25828K   25768K    6870K    5476K  com.whatsapp
07-21 10:41:09.613   144  1169 I ActivityManager: 17923   22880K   22788K    6657K    5576K  com.klye.ime.latin
07-21 10:41:09.613   144  1169 I ActivityManager: 32403   24884K   24812K    5829K    4168K  edu.buffalo.cse.phonelab.phonelabservices
07-21 10:41:09.613   144  1169 I ActivityManager: 31899   23972K   23908K    5285K    3980K  com.google.android.apps.googlevoice
07-21 10:41:09.613   144  1169 I ActivityManager:  1129   24860K   24792K    5025K    3320K  android.process.media
07-21 10:41:09.613   144  1169 I ActivityManager:   358   19920K   19824K    4026K    3032K  com.android.nfc
07-21 10:41:09.613   144  1169 I ActivityManager: 32363   21568K   21500K    3232K    1904K  com.android.sprintmenu
07-21 10:41:09.613   144  1169 I ActivityManager: 17894   19192K   19080K    2912K    1780K  com.android.smspush
07-21 10:41:09.613   144  1169 I ActivityManager:    79   19024K   18896K    2495K    1284K  zygote
07-21 10:41:09.613   144  1169 I ActivityManager:    81    2236K    2236K    1813K    1776K  /system/bin/mediaserver
07-21 10:41:09.613   144  1169 I ActivityManager:    80    1180K    1180K     883K     872K  /system/bin/drmserver
07-21 10:41:09.613   144  1169 I ActivityManager:  1303    1004K    1000K     852K     848K  logcat
07-21 10:41:09.613   144  1169 I ActivityManager:    77    1140K    1140K     815K     796K  /system/bin/rild
07-21 10:41:09.613   144  1169 I ActivityManager:   280     704K     700K     531K     520K  /system/bin/wpa_supplicant
07-21 10:41:09.613   144  1169 I ActivityManager:  4442     712K     712K     514K     496K  /system/bin/netd
07-21 10:41:09.613   144  1169 I ActivityManager:  1170     532K     524K     392K     384K  procrank
07-21 10:41:09.613   144  1169 I ActivityManager:    86     528K     524K     308K     296K  /system/vendor/bin/gpsd
07-21 10:41:09.613   144  1169 I ActivityManager:    72     452K     448K     292K     284K  /system/bin/vold
07-21 10:41:09.613   144  1169 I ActivityManager:   279     436K     436K     280K     276K  /system/bin/bluetoothd
07-21 10:41:09.613   144  1169 I ActivityManager:    88     244K     244K     228K     228K  /sbin/adbd
07-21 10:41:09.613   144  1169 I ActivityManager:    85     292K     284K     171K     168K  /system/bin/keystore
07-21 10:41:09.613   144  1169 I ActivityManager:    82     288K     280K     147K     144K  /system/bin/dbus-daemon
07-21 10:41:09.613   144  1169 I ActivityManager:     1     204K     204K     142K     104K  /init
07-21 10:41:09.613   144  1169 I ActivityManager:    61     160K     160K     122K      84K  /sbin/ueventd
07-21 10:41:09.613   144  1169 I ActivityManager:    87     212K     208K     106K     104K  /system/bin/sh
07-21 10:41:09.613   144  1169 I ActivityManager:    83     248K     240K     104K     100K  /system/bin/installd
07-21 10:41:09.613   144  1169 I ActivityManager:   201     224K     216K      95K      92K  /system/bin/brcm_patchram_plus
07-21 10:41:09.613   144  1169 I ActivityManager:    71     212K     204K      95K      92K  /system/bin/servicemanager
07-21 10:41:09.613   144  1169 I ActivityManager: 22168     192K     184K      75K      72K  /system/bin/debuggerd
07-21 10:41:09.613   144  1169 I ActivityManager:                           ------   ------  ------
07-21 10:41:09.613   144  1169 I ActivityManager:                          291445K  252480K  TOTAL
07-21 10:41:09.613   144  1169 I ActivityManager: RAM: 342896K total, 3748K free, 1692K buffer
07-21 10:41:09.648  1097  1142 D dalvikvm: GC_FOR_ALLOC freed 369K, 6% free 10824K/11463K, paused 20ms
07-21 10:41:09.675  1097  1142 D dalvikvm: GC_FOR_ALLOC freed 126K, 5% free 10951K/11463K, paused 18ms
07-21 10:41:09.808  1097  1099 D dalvikvm: GC_CONCURRENT freed 345K, 4% free 11208K/11655K, paused 2ms+3ms
07-21 10:41:09.945  1097  1099 D dalvikvm: GC_CONCURRENT freed 142K, 2% free 11742K/11975K, paused 4ms+3ms
07-21 10:41:14.125  1097  1099 D dalvikvm: GC_CONCURRENT freed 544K, 6% free 12027K/12679K, paused 2ms+2ms
07-21 10:41:14.308  1097  1099 D dalvikvm: GC_CONCURRENT freed 209K, 3% free 12750K/13063K, paused 1ms+2ms
07-21 10:41:14.562   144  1184 D dalvikvm: GC_EXPLICIT freed 440K, 23% free 17964K/23047K, paused 5ms+7ms
07-21 10:41:14.691  1097  1150 I SqliteDatabaseCpp: sqlite returned: error code = 1, msg = no such column: wipeout_stats, db=/data/data/com.google.android.apps.plus/databases/es0.db
07-21 10:41:14.734  1097  1150 W System.err: android.database.sqlite.SQLiteException: no such column: wipeout_stats: , while compiling: SELECT wipeout_stats  FROM account_status
07-21 10:41:14.769  1097  1150 W System.err: 	at android.database.sqlite.SQLiteCompiledSql.native_compile(Native Method)
07-21 10:41:14.769  1097  1150 W System.err: 	at android.database.sqlite.SQLiteCompiledSql.<init>(SQLiteCompiledSql.java:68)
07-21 10:41:14.769  1097  1150 W System.err: 	at android.database.sqlite.SQLiteProgram.compileSql(SQLiteProgram.java:143)
07-21 10:41:14.769  1097  1150 W System.err: 	at android.database.sqlite.SQLiteProgram.compileAndbindAllArgs(SQLiteProgram.java:361)
07-21 10:41:14.769  1097  1150 W System.err: 	at android.database.sqlite.SQLiteStatement.acquireAndLock(SQLiteStatement.java:260)
07-21 10:41:14.769  1097  1150 W System.err: 	at android.database.sqlite.SQLiteStatement.simpleQueryForLong(SQLiteStatement.java:137)
07-21 10:41:14.769  1097  1150 W System.err: 	at android.database.DatabaseUtils.longForQuery(DatabaseUtils.java:791)
07-21 10:41:14.769  1097  1150 W System.err: 	at android.database.DatabaseUtils.longForQuery(DatabaseUtils.java:779)
07-21 10:41:14.769  1097  1150 W System.err: 	at com.google.android.apps.plus.content.EsAccountsData.isContactsStatsWipeoutNeeded(EsAccountsData.java:641)
07-21 10:41:14.769  1097  1150 W System.err: 	at com.google.android.apps.plus.service.EsService.processIntent(EsService.java:4246)
07-21 10:41:14.769  1097  1150 W System.err: 	at com.google.android.apps.plus.service.ServiceThread$1.run(ServiceThread.java:50)
07-21 10:41:14.769  1097  1150 W System.err: 	at android.os.Handler.handleCallback(Handler.java:605)
07-21 10:41:14.781  1097  1150 W System.err: 	at android.os.Handler.dispatchMessage(Handler.java:92)
07-21 10:41:14.781  1097  1150 W System.err: 	at android.os.Looper.loop(Looper.java:137)
07-21 10:41:14.781  1097  1150 W System.err: 	at com.google.android.apps.plus.service.ServiceThread.run(ServiceThread.java:122)
07-21 10:41:15.933   144 28547 I ActivityManager: Process android.process.media (pid 1129) has died.
07-21 10:41:16.343   144 30155 I ActivityManager: Start proc com.google.android.gsf.login for service com.google.android.gsf.login/com.google.android.gsf.loginservice.GoogleLoginService: pid=1174 uid=10009 gids={3003, 1015, 1007, 2001, 3006}
07-21 10:41:16.578 31836   946 D dalvikvm: GC_EXPLICIT freed 80K, 7% free 10066K/10759K, paused 9ms+6ms
07-21 10:41:16.699   347   347 D SAN_SERVICE: *******************************************
07-21 10:41:16.699   347   347 D SAN_SERVICE: DM App Phone Service State - 0
07-21 10:41:16.699   347   347 D SAN_SERVICE: *******************************************
07-21 10:41:17.078   144 14395 I ActivityManager: Process com.google.android.gsf.login (pid 1174) has died.
07-21 10:41:17.226   347   347 D SAN_SERVICE: *******************************************
07-21 10:41:17.226   347   347 D SAN_SERVICE: DM App Phone Service State - 0
07-21 10:41:17.226   347   347 D SAN_SERVICE: *******************************************
07-21 10:41:20.105  1097  1099 D dalvikvm: GC_CONCURRENT freed 1065K, 9% free 12836K/14023K, paused 7ms+3ms
07-21 10:41:22.886  1097  1172 E dalvikvm: Could not find class 'android.app.Notification$InboxStyle', referenced from method com.google.android.apps.plus.service.AndroidNotification.createDigestNotification
07-21 10:41:22.886  1097  1172 W dalvikvm: VFY: unable to resolve new-instance 41 (Landroid/app/Notification$InboxStyle;) in Lcom/google/android/apps/plus/service/AndroidNotification;
07-21 10:41:22.886  1097  1172 D dalvikvm: VFY: replacing opcode 0x22 at 0x0018
07-21 10:41:22.890  1097  1172 I dalvikvm: Could not find method android.app.Notification$Builder.setPriority, referenced from method com.google.android.apps.plus.service.AndroidNotification.createRichNotification
07-21 10:41:22.890  1097  1172 W dalvikvm: VFY: unable to resolve virtual method 162: Landroid/app/Notification$Builder;.setPriority (I)Landroid/app/Notification$Builder;
07-21 10:41:22.890  1097  1172 D dalvikvm: VFY: replacing opcode 0x6e at 0x00d5
07-21 10:41:22.925  1097  1172 D dalvikvm: DexOpt: unable to opt direct call 0x00a8 at 0x1a in Lcom/google/android/apps/plus/service/AndroidNotification;.createDigestNotification
07-21 10:41:22.925  1097  1172 D dalvikvm: DexOpt: unable to opt direct call 0x0091 at 0xf1 in Lcom/google/android/apps/plus/service/AndroidNotification;.createRichNotification
07-21 10:41:22.925  1097  1172 D dalvikvm: DexOpt: unable to opt direct call 0x0095 at 0x397 in Lcom/google/android/apps/plus/service/AndroidNotification;.createRichNotification
07-21 10:41:23.511  1097  1099 D dalvikvm: GC_CONCURRENT freed 1084K, 9% free 12946K/14151K, paused 3ms+3ms
07-21 10:41:24.504   358   358 D dalvikvm: GC_EXPLICIT freed 1K, 6% free 9099K/9607K, paused 8ms+2ms
07-21 10:41:25.504   347   347 D SAN_SERVICE: *******************************************
07-21 10:41:25.504   347   347 D SAN_SERVICE: DM App Phone Service State - 0
07-21 10:41:25.504   347   347 D SAN_SERVICE: *******************************************
07-21 10:41:26.238   347   347 D SAN_SERVICE: *******************************************
07-21 10:41:26.238   347   347 D SAN_SERVICE: DM App Phone Service State - 0
07-21 10:41:26.238   347   347 D SAN_SERVICE: *******************************************
07-21 10:41:26.793   144 28547 I ActivityManager: Start proc android.process.media for content provider com.android.providers.media/.MediaProvider: pid=1196 uid=10012 gids={1015, 1023, 1024, 2001, 3003, 3007}
07-21 10:41:26.847  1196  1196 I ActivityThread: Pub downloads: com.android.providers.downloads.DownloadProvider
07-21 10:41:26.910  1196  1196 I ActivityThread: Pub drm: com.android.providers.drm.DrmProvider
07-21 10:41:26.918  1196  1209 I DownloadManager: in removeSpuriousFiles
07-21 10:41:26.925  1196  1196 I ActivityThread: Pub media: com.android.providers.media.MediaProvider
07-21 10:41:26.976  1196  1209 I DownloadManager: in removeSpuriousFiles, preserving file /data/data/com.android.providers.downloads/cache/metadata.json
07-21 10:41:26.976  1196  1209 I DownloadManager: in removeSpuriousFiles, preserving file /data/data/com.android.providers.downloads/cache/en_general.htm
07-21 10:41:26.980  1196  1209 I DownloadManager: in removeSpuriousFiles, preserving file /mnt/sdcard/Download/img-thing.jpeg
07-21 10:41:26.980  1196  1209 I DownloadManager: in removeSpuriousFiles, preserving file /data/data/com.android.providers.downloads/cache/metadata-1.json
07-21 10:41:26.980  1196  1209 I DownloadManager: in removeSpuriousFiles, preserving file /data/data/com.android.providers.downloads/cache/downloadfile.jpeg
07-21 10:41:26.980  1196  1209 I DownloadManager: in removeSpuriousFiles, preserving file /data/data/com.android.providers.downloads/cache/metadata-2.json
07-21 10:41:26.980  1196  1209 I DownloadManager: in removeSpuriousFiles, preserving file /data/data/com.android.providers.downloads/cache/metadata-3.json
07-21 10:41:26.980  1196  1209 I DownloadManager: in removeSpuriousFiles, preserving file /data/data/com.android.providers.downloads/cache/downloadfile-1.jpeg
07-21 10:41:26.984  1196  1209 I DownloadManager: in removeSpuriousFiles, preserving file /data/data/com.android.providers.downloads/cache/downloadfile-2.jpeg
07-21 10:41:26.988  1196  1209 I DownloadManager: in removeSpuriousFiles, preserving file /data/data/com.android.providers.downloads/cache/metadata-4.json
07-21 10:41:26.988  1196  1209 I DownloadManager: in removeSpuriousFiles, preserving file /data/data/com.android.providers.downloads/cache/metadata-5.json
07-21 10:41:26.988  1196  1209 I DownloadManager: in removeSpuriousFiles, preserving file /data/data/com.android.providers.downloads/cache/metadata-6.json
07-21 10:41:26.988  1196  1209 I DownloadManager: in removeSpuriousFiles, preserving file /data/data/com.android.providers.downloads/cache/metadata-7.json
07-21 10:41:26.988  1196  1209 I DownloadManager: deleting spurious file /cache/backup
07-21 10:41:27.250  1196  1198 D dalvikvm: GC_CONCURRENT freed 370K, 5% free 9166K/9607K, paused 2ms+1ms
07-21 10:41:27.476   144   385 I ActivityManager: Start proc android.process.acore for content provider com.android.providers.contacts/.ContactsProvider2: pid=1215 uid=10000 gids={3003, 1015}
07-21 10:41:27.550  1215  1215 I ActivityThread: Pub call_log: com.android.providers.contacts.CallLogProvider
07-21 10:41:27.586   144 14395 I ActivityManager: Process android.process.media (pid 1196) has died.
07-21 10:41:27.601  1215  1215 I ActivityThread: Pub com.android.voicemail: com.android.providers.contacts.VoicemailContentProvider
07-21 10:41:27.601  1215  1215 I ActivityThread: Pub user_dictionary: com.android.providers.userdictionary.UserDictionaryProvider
07-21 10:41:27.621  1215  1215 I ActivityThread: Pub com.android.social: com.android.providers.contacts.SocialProvider
07-21 10:41:27.621  1215  1215 I ActivityThread: Pub applications: com.android.providers.applications.ApplicationsProvider
07-21 10:41:27.625  1097  1099 D dalvikvm: GC_CONCURRENT freed 1120K, 9% free 13029K/14279K, paused 24ms+3ms
07-21 10:41:27.707  1215  1215 I ActivityThread: Pub contacts;com.android.contacts: com.android.providers.contacts.ContactsProvider2
07-21 10:41:27.718  1215  1217 D dalvikvm: GC_CONCURRENT freed 334K, 5% free 9212K/9607K, paused 1ms+2ms
07-21 10:41:27.910   144 14395 I ActivityManager: Start proc android.process.media for content provider com.android.providers.media/.MediaProvider: pid=1230 uid=10012 gids={1015, 1023, 1024, 2001, 3003, 3007}
07-21 10:41:27.949  1230  1230 I ActivityThread: Pub downloads: com.android.providers.downloads.DownloadProvider
07-21 10:41:27.961  1230  1230 I ActivityThread: Pub drm: com.android.providers.drm.DrmProvider
07-21 10:41:27.968  1230  1230 I ActivityThread: Pub media: com.android.providers.media.MediaProvider
07-21 10:41:27.968  1230  1243 I DownloadManager: in removeSpuriousFiles
07-21 10:41:27.996  1230  1243 I DownloadManager: in removeSpuriousFiles, preserving file /data/data/com.android.providers.downloads/cache/metadata.json
07-21 10:41:27.996  1230  1243 I DownloadManager: in removeSpuriousFiles, preserving file /data/data/com.android.providers.downloads/cache/en_general.htm
07-21 10:41:27.996  1230  1243 I DownloadManager: in removeSpuriousFiles, preserving file /mnt/sdcard/Download/img-thing.jpeg
07-21 10:41:27.996  1230  1243 I DownloadManager: in removeSpuriousFiles, preserving file /data/data/com.android.providers.downloads/cache/metadata-1.json
07-21 10:41:28.000  1230  1243 I DownloadManager: in removeSpuriousFiles, preserving file /data/data/com.android.providers.downloads/cache/downloadfile.jpeg
07-21 10:41:28.000  1230  1243 I DownloadManager: in removeSpuriousFiles, preserving file /data/data/com.android.providers.downloads/cache/metadata-2.json
07-21 10:41:28.000  1230  1243 I DownloadManager: in removeSpuriousFiles, preserving file /data/data/com.android.providers.downloads/cache/metadata-3.json
07-21 10:41:28.000  1230  1243 I DownloadManager: in removeSpuriousFiles, preserving file /data/data/com.android.providers.downloads/cache/downloadfile-1.jpeg
07-21 10:41:28.000  1230  1243 I DownloadManager: in removeSpuriousFiles, preserving file /data/data/com.android.providers.downloads/cache/downloadfile-2.jpeg
07-21 10:41:28.000  1230  1243 I DownloadManager: in removeSpuriousFiles, preserving file /data/data/com.android.providers.downloads/cache/metadata-4.json
07-21 10:41:28.000  1230  1243 I DownloadManager: in removeSpuriousFiles, preserving file /data/data/com.android.providers.downloads/cache/metadata-5.json
07-21 10:41:28.000  1230  1243 I DownloadManager: in removeSpuriousFiles, preserving file /data/data/com.android.providers.downloads/cache/metadata-6.json
07-21 10:41:28.000  1230  1243 I DownloadManager: in removeSpuriousFiles, preserving file /data/data/com.android.providers.downloads/cache/metadata-7.json
07-21 10:41:28.000  1230  1243 I DownloadManager: deleting spurious file /cache/backup
07-21 10:41:28.019   144   144 I ActivityManager: Process com.whatsapp (pid 32153) has died.
07-21 10:41:28.019   144   144 W ActivityManager: Scheduling restart of crashed service com.whatsapp/.messaging.MessageService in 5000ms
07-21 10:41:28.371  1230  1232 D dalvikvm: GC_CONCURRENT freed 316K, 5% free 9166K/9607K, paused 19ms+2ms
07-21 10:41:28.656  1215  1217 D dalvikvm: GC_CONCURRENT freed 246K, 4% free 9377K/9735K, paused 1ms+2ms
07-21 10:41:28.765   144   156 I ActivityManager: Process android.process.acore (pid 1215) has died.
07-21 10:41:28.953  1097  1099 D dalvikvm: GC_CONCURRENT freed 1132K, 9% free 13177K/14407K, paused 2ms+3ms
07-21 10:41:29.043   144 28547 I ActivityManager: Start proc android.process.acore for content provider com.android.providers.contacts/.ContactsProvider2: pid=1248 uid=10000 gids={3003, 1015}
07-21 10:41:29.066  1248  1248 I ActivityThread: Pub call_log: com.android.providers.contacts.CallLogProvider
07-21 10:41:29.070  1248  1248 I ActivityThread: Pub com.android.voicemail: com.android.providers.contacts.VoicemailContentProvider
07-21 10:41:29.074  1248  1248 I ActivityThread: Pub user_dictionary: com.android.providers.userdictionary.UserDictionaryProvider
07-21 10:41:29.078  1248  1248 I ActivityThread: Pub com.android.social: com.android.providers.contacts.SocialProvider
07-21 10:41:29.078  1248  1248 I ActivityThread: Pub applications: com.android.providers.applications.ApplicationsProvider
07-21 10:41:29.136  1248  1248 I ActivityThread: Pub contacts;com.android.contacts: com.android.providers.contacts.ContactsProvider2
07-21 10:41:29.144  1248  1251 D dalvikvm: GC_CONCURRENT freed 356K, 5% free 9179K/9607K, paused 2ms+2ms
07-21 10:41:29.308  1248  1251 D dalvikvm: GC_CONCURRENT freed 240K, 4% free 9385K/9735K, paused 1ms+3ms
07-21 10:41:29.433   144  8560 I ActivityManager: Process android.process.media (pid 1230) has died.
07-21 10:41:29.996   144 30155 I ActivityManager: Process android.process.acore (pid 1248) has died.
07-21 10:41:30.078   144   155 I ActivityManager: Start proc android.process.acore for content provider com.android.providers.contacts/.ContactsProvider2: pid=1264 uid=10000 gids={3003, 1015}
07-21 10:41:30.109  1264  1264 I ActivityThread: Pub call_log: com.android.providers.contacts.CallLogProvider
07-21 10:41:30.113  1264  1264 I ActivityThread: Pub com.android.voicemail: com.android.providers.contacts.VoicemailContentProvider
07-21 10:41:30.113  1264  1264 I ActivityThread: Pub user_dictionary: com.android.providers.userdictionary.UserDictionaryProvider
07-21 10:41:30.121  1264  1264 I ActivityThread: Pub com.android.social: com.android.providers.contacts.SocialProvider
07-21 10:41:30.121  1264  1264 I ActivityThread: Pub applications: com.android.providers.applications.ApplicationsProvider
07-21 10:41:30.179  1264  1264 I ActivityThread: Pub contacts;com.android.contacts: com.android.providers.contacts.ContactsProvider2
07-21 10:41:30.187  1264  1266 D dalvikvm: GC_CONCURRENT freed 346K, 5% free 9189K/9607K, paused 2ms+1ms
07-21 10:41:30.347  1264  1266 D dalvikvm: GC_CONCURRENT freed 251K, 4% free 9383K/9735K, paused 2ms+2ms
07-21 10:41:30.632   144  1184 I ActivityManager: Process android.process.acore (pid 1264) has died.
07-21 10:41:31.824   144  8560 I ActivityManager: Start proc android.process.acore for content provider com.android.providers.contacts/.ContactsProvider2: pid=1280 uid=10000 gids={3003, 1015}
07-21 10:41:31.855    79    79 D dalvikvm: GC_EXPLICIT freed 38K, 4% free 9031K/9347K, paused 1ms+8ms
07-21 10:41:31.871  1280  1280 I ActivityThread: Pub call_log: com.android.providers.contacts.CallLogProvider
07-21 10:41:31.882  1280  1280 I ActivityThread: Pub com.android.voicemail: com.android.providers.contacts.VoicemailContentProvider
07-21 10:41:31.882  1280  1280 I ActivityThread: Pub user_dictionary: com.android.providers.userdictionary.UserDictionaryProvider
07-21 10:41:31.894  1280  1280 I ActivityThread: Pub com.android.social: com.android.providers.contacts.SocialProvider
07-21 10:41:31.898  1280  1280 I ActivityThread: Pub applications: com.android.providers.applications.ApplicationsProvider
07-21 10:41:31.902    79    79 D dalvikvm: GC_EXPLICIT freed <1K, 4% free 9031K/9347K, paused 1ms+2ms
07-21 10:41:31.949    79    79 D dalvikvm: GC_EXPLICIT freed <1K, 4% free 9031K/9347K, paused 1ms+2ms
07-21 10:41:31.980  1280  1280 I ActivityThread: Pub contacts;com.android.contacts: com.android.providers.contacts.ContactsProvider2
07-21 10:41:31.992  1280  1282 D dalvikvm: GC_CONCURRENT freed 362K, 5% free 9173K/9607K, paused 2ms+2ms
07-21 10:41:32.160  1280  1282 D dalvikvm: GC_CONCURRENT freed 241K, 4% free 9385K/9735K, paused 2ms+2ms
07-21 10:41:32.242  1097  1099 D dalvikvm: GC_CONCURRENT freed 856K, 7% free 13611K/14599K, paused 3ms+7ms
07-21 10:41:32.386  1097  1172 D dalvikvm: GC_FOR_ALLOC freed 361K, 10% free 13597K/14983K, paused 66ms
07-21 10:41:32.390  1097  1172 I dalvikvm-heap: Grow heap (frag case) to 13.683MB for 352163-byte allocation
07-21 10:41:32.433  1097  1172 D dalvikvm: GC_FOR_ALLOC freed 0K, 10% free 13941K/15367K, paused 44ms
07-21 10:41:33.062   144   161 I ActivityManager: Start proc com.whatsapp for service com.whatsapp/.messaging.MessageService: pid=1297 uid=10068 gids={1015, 3003}
07-21 10:41:33.066  1297  1297 I dalvikvm: Turning on JNI app bug workarounds for target SDK version 7...
07-21 10:41:33.214   144 28547 I ActivityManager: Process edu.buffalo.cse.phonelab.phonelabservices (pid 32403) has died.
07-21 10:41:33.214   144 28547 W ActivityManager: Scheduling restart of crashed service edu.buffalo.cse.phonelab.phonelabservices/edu.buffalo.cse.phonelab.datalogger.LoggerService in 5000ms
07-21 10:41:33.347  1280  1282 D dalvikvm: GC_CONCURRENT freed 233K, 4% free 9562K/9927K, paused 4ms+2ms
07-21 10:41:33.359  1297  1298 D dalvikvm: GC_CONCURRENT freed 157K, 3% free 9367K/9607K, paused 13ms+2ms
07-21 10:41:33.730   144   156 I ActivityManager: Process android.process.acore (pid 1280) has died.
07-21 10:41:34.140   144   147 D dalvikvm: GC_CONCURRENT freed 1983K, 22% free 17993K/23047K, paused 8ms+11ms
07-21 10:41:34.183   144   385 I ActivityManager: Start proc com.google.android.apps.maps:LocationFriendService for service com.google.android.apps.maps/com.google.googlenav.friend.reporting.LocationReceiverService: pid=1315 uid=10056 gids={3003, 1015}
07-21 10:41:34.328  1297  1298 D dalvikvm: GC_CONCURRENT freed 312K, 4% free 9610K/9991K, paused 2ms+2ms
07-21 10:41:34.418  1315  1319 D dalvikvm: GC_CONCURRENT freed 155K, 3% free 9380K/9607K, paused 2ms+2ms
07-21 10:41:34.546   144   323 I ActivityManager: Start proc android.process.acore for content provider com.android.providers.contacts/.ContactsProvider2: pid=1330 uid=10000 gids={3003, 1015}
07-21 10:41:34.593  1330  1330 I ActivityThread: Pub call_log: com.android.providers.contacts.CallLogProvider
07-21 10:41:34.601  1330  1330 I ActivityThread: Pub com.android.voicemail: com.android.providers.contacts.VoicemailContentProvider
07-21 10:41:34.605  1330  1330 I ActivityThread: Pub user_dictionary: com.android.providers.userdictionary.UserDictionaryProvider
07-21 10:41:34.609  1330  1330 I ActivityThread: Pub com.android.social: com.android.providers.contacts.SocialProvider
07-21 10:41:34.613  1330  1330 I ActivityThread: Pub applications: com.android.providers.applications.ApplicationsProvider
07-21 10:41:34.859  1330  1332 D dalvikvm: GC_CONCURRENT freed 332K, 5% free 9138K/9543K, paused 79ms+2ms
07-21 10:41:34.867  1330  1330 I ActivityThread: Pub contacts;com.android.contacts: com.android.providers.contacts.ContactsProvider2
07-21 10:41:34.867  1315  1319 D dalvikvm: GC_CONCURRENT freed 173K, 4% free 9622K/9927K, paused 2ms+7ms
07-21 10:41:35.234   144   323 D dalvikvm: GC_EXPLICIT freed 93K, 23% free 17973K/23047K, paused 4ms+6ms
07-21 10:41:35.359  1297  1297 I dalvikvm: Could not find method android.media.MediaMetadataRetriever.captureFrame, referenced from method com.whatsapp.q3.a
07-21 10:41:35.359  1297  1297 W dalvikvm: VFY: unable to resolve virtual method 502: Landroid/media/MediaMetadataRetriever;.captureFrame ()Landroid/graphics/Bitmap;
07-21 10:41:35.359  1297  1297 D dalvikvm: VFY: replacing opcode 0x6e at 0x0134
07-21 10:41:35.554  1315  1319 D dalvikvm: GC_CONCURRENT freed 302K, 4% free 9851K/10247K, paused 13ms+3ms
07-21 10:41:35.621  1297  1298 D dalvikvm: GC_CONCURRENT freed 381K, 5% free 9716K/10183K, paused 2ms+2ms
07-21 10:41:35.742  1330  1332 D dalvikvm: GC_CONCURRENT freed 227K, 4% free 9378K/9735K, paused 2ms+2ms
07-21 10:41:36.929  1297  1298 D dalvikvm: GC_CONCURRENT freed 189K, 3% free 9973K/10247K, paused 2ms+2ms
07-21 10:41:37.011  1315  1322 I dalvikvm: Total arena pages for JIT: 11
07-21 10:41:37.035  1315  1322 I dalvikvm: Total arena pages for JIT: 12
07-21 10:41:37.035  1315  1322 I dalvikvm: Total arena pages for JIT: 13
07-21 10:41:37.035  1315  1322 I dalvikvm: Total arena pages for JIT: 14
07-21 10:41:37.039  1315  1322 I dalvikvm: Total arena pages for JIT: 15
07-21 10:41:37.050  1315  1322 I dalvikvm: Total arena pages for JIT: 16
07-21 10:41:37.050  1315  1322 I dalvikvm: Total arena pages for JIT: 17
07-21 10:41:37.199   144   497 I ActivityManager: Process com.google.android.apps.maps (pid 1110) has died.
07-21 10:41:37.203   144   497 W ActivityManager: Scheduling restart of crashed service com.google.android.apps.maps/com.google.googlenav.prefetch.android.PrefetcherService in 11014ms
07-21 10:41:37.281  1315  1319 D dalvikvm: GC_CONCURRENT freed 397K, 5% free 9927K/10439K, paused 2ms+2ms
07-21 10:41:38.226   144   161 I ActivityManager: Start proc edu.buffalo.cse.phonelab.phonelabservices for service edu.buffalo.cse.phonelab.phonelabservices/edu.buffalo.cse.phonelab.datalogger.LoggerService: pid=1365 uid=10037 gids={3003, 1015, 1007, 2001}
07-21 10:41:38.285   144   359 I ActivityManager: Process com.google.android.apps.maps:LocationFriendService (pid 1315) has died.
07-21 10:41:38.464  1365  1365 I PhoneLab-LoggerService: Start Logger Service
07-21 10:41:38.500  1365  1378 I PhoneLab-: Service Running
07-21 10:41:38.738  1297  1298 D dalvikvm: GC_CONCURRENT freed 288K, 4% free 10148K/10567K, paused 2ms+10ms
07-21 10:41:38.781  1365  1378 I PhoneLab-LoggerService: app_37    1303  1     1440   1000  c00f181c 400107b4 S logcat
07-21 10:41:38.781  1365  1378 I PhoneLab-LoggerService: Logcat pid from database 1303
07-21 10:41:38.781  1365  1378 I PhoneLab-LoggerService: Logcat process found 1303
07-21 10:41:38.781  1365  1378 I PhoneLab-LoggerService: Checking Threshold
07-21 10:41:38.918  1330  1332 D dalvikvm: GC_CONCURRENT freed 186K, 4% free 9616K/9927K, paused 3ms+2ms
07-21 10:41:39.316  1097  1099 D dalvikvm: GC_CONCURRENT freed 1079K, 8% free 14430K/15623K, paused 14ms+4ms
07-21 10:41:39.586   144  8560 I ActivityManager: Process android.process.acore (pid 1330) has died.
07-21 10:41:41.453  1097  1099 D dalvikvm: GC_CONCURRENT freed 1655K, 11% free 14481K/16263K, paused 2ms+2ms
07-21 10:41:42.828   144  1184 I ActivityManager: Start proc android.process.acore for content provider com.android.providers.contacts/.ContactsProvider2: pid=1386 uid=10000 gids={3003, 1015}
07-21 10:41:42.859  1386  1386 I ActivityThread: Pub call_log: com.android.providers.contacts.CallLogProvider
07-21 10:41:42.875  1386  1386 I ActivityThread: Pub com.android.voicemail: com.android.providers.contacts.VoicemailContentProvider
07-21 10:41:42.879  1386  1386 I ActivityThread: Pub user_dictionary: com.android.providers.userdictionary.UserDictionaryProvider
07-21 10:41:42.886  1386  1386 I ActivityThread: Pub com.android.social: com.android.providers.contacts.SocialProvider
07-21 10:41:42.886  1386  1386 I ActivityThread: Pub applications: com.android.providers.applications.ApplicationsProvider
07-21 10:41:42.953  1386  1386 I ActivityThread: Pub contacts;com.android.contacts: com.android.providers.contacts.ContactsProvider2
07-21 10:41:42.976  1386  1389 D dalvikvm: GC_CONCURRENT freed 347K, 5% free 9188K/9607K, paused 2ms+7ms
07-21 10:41:43.296  1386  1389 D dalvikvm: GC_CONCURRENT freed 244K, 4% free 9374K/9735K, paused 2ms+2ms
07-21 10:41:44.355  1386  1389 D dalvikvm: GC_CONCURRENT freed 263K, 4% free 9543K/9927K, paused 57ms+3ms
07-21 10:41:44.504   144  1185 I ActivityManager: Process android.process.acore (pid 1386) has died.
07-21 10:41:44.882  1097  1172 I SqliteDatabaseCpp: sqlite returned: error code = 1, msg = no such column: last_stats_sync_time, db=/data/data/com.google.android.apps.plus/databases/es0.db
07-21 10:41:44.933  1097  1172 E EsSyncAdapterService: Sync failure
07-21 10:41:44.933  1097  1172 E EsSyncAdapterService: android.database.sqlite.SQLiteException: no such column: last_stats_sync_time: , while compiling: SELECT last_stats_sync_time  FROM account_status
07-21 10:41:44.933  1097  1172 E EsSyncAdapterService: 	at android.database.sqlite.SQLiteCompiledSql.native_compile(Native Method)
07-21 10:41:44.933  1097  1172 E EsSyncAdapterService: 	at android.database.sqlite.SQLiteCompiledSql.<init>(SQLiteCompiledSql.java:68)
07-21 10:41:44.933  1097  1172 E EsSyncAdapterService: 	at android.database.sqlite.SQLiteProgram.compileSql(SQLiteProgram.java:143)
07-21 10:41:44.933  1097  1172 E EsSyncAdapterService: 	at android.database.sqlite.SQLiteProgram.compileAndbindAllArgs(SQLiteProgram.java:361)
07-21 10:41:44.933  1097  1172 E EsSyncAdapterService: 	at android.database.sqlite.SQLiteStatement.acquireAndLock(SQLiteStatement.java:260)
07-21 10:41:44.933  1097  1172 E EsSyncAdapterService: 	at android.database.sqlite.SQLiteStatement.simpleQueryForLong(SQLiteStatement.java:137)
07-21 10:41:44.933  1097  1172 E EsSyncAdapterService: 	at android.database.DatabaseUtils.longForQuery(DatabaseUtils.java:791)
07-21 10:41:44.933  1097  1172 E EsSyncAdapterService: 	at android.database.DatabaseUtils.longForQuery(DatabaseUtils.java:779)
07-21 10:41:44.933  1097  1172 E EsSyncAdapterService: 	at com.google.android.apps.plus.content.EsAccountsData.queryLastStatsSyncTimestamp(EsAccountsData.java:570)
07-21 10:41:44.933  1097  1172 E EsSyncAdapterService: 	at com.google.android.apps.plus.service.EsSyncAdapterService.syncContactsStatsIfNecessary(EsSyncAdapterService.java:670)
07-21 10:41:44.933  1097  1172 E EsSyncAdapterService: 	at com.google.android.apps.plus.service.EsSyncAdapterService.doFullSync(EsSyncAdapterService.java:633)
07-21 10:41:44.933  1097  1172 E EsSyncAdapterService: 	at com.google.android.apps.plus.service.EsSyncAdapterService.doSync(EsSyncAdapterService.java:566)
07-21 10:41:44.933  1097  1172 E EsSyncAdapterService: 	at com.google.android.apps.plus.service.EsSyncAdapterService.access$100(EsSyncAdapterService.java:52)
07-21 10:41:44.933  1097  1172 E EsSyncAdapterService: 	at com.google.android.apps.plus.service.EsSyncAdapterService$SyncAdapterImpl.onPerformSync(EsSyncAdapterService.java:408)
07-21 10:41:44.933  1097  1172 E EsSyncAdapterService: 	at android.content.AbstractThreadedSyncAdapter$SyncThread.run(AbstractThreadedSyncAdapter.java:247)
07-21 10:41:44.988   144   168 D SyncManager: failed sync operation lokeshmandvekar@gmail.com (com.google), com.google.android.apps.plus.content.EsProvider, SERVER, earliestRunTime 117041447, SyncResult: stats [ numParseExceptions: 1]
07-21 10:41:45.000   144   168 D SyncManager: not retrying sync operation because the error is a hard error: lokeshmandvekar@gmail.com (com.google), com.google.android.apps.plus.content.EsProvider, SERVER, earliestRunTime 117071758
07-21 10:42:09.027   144   161 I ActivityManager: Start proc com.google.android.apps.maps for service com.google.android.apps.maps/com.google.googlenav.prefetch.android.PrefetcherService: pid=1407 uid=10056 gids={3003, 1015}
07-21 10:42:09.234  1407  1409 D dalvikvm: GC_CONCURRENT freed 161K, 3% free 9374K/9607K, paused 2ms+2ms
07-21 10:42:09.273   144   161 I ActivityManager: Start proc com.android.mms for broadcast com.android.mms/.transaction.PrivilegedSmsReceiver: pid=1420 uid=10031 gids={3003, 1015}
07-21 10:42:09.359  1407  1407 I ActivityThread: Pub com.google.android.maps.SearchHistoryProvider: com.google.googlenav.provider.SearchHistoryProvider
07-21 10:42:09.445  1407  1407 I ActivityThread: Pub com.google.android.maps.SuggestionProvider: com.google.googlenav.suggest.android.SuggestContentProvider
07-21 10:42:09.554  1407  1407 I ActivityThread: Pub com.google.android.maps.LayerInfoProvider: com.google.googlenav.layer.LayerInfoProvider
07-21 10:42:09.570  1420  1420 I ActivityThread: Pub mms_temp_file: com.android.mms.TempFileProvider
07-21 10:42:09.574  1420  1420 I ActivityThread: Pub com.android.mms.SuggestionsProvider: com.android.mms.SuggestionsProvider
07-21 10:42:09.593  1407  1407 I ActivityThread: Pub com.google.android.maps.TrafficAppWidgetProvider: com.google.googlenav.appwidget.traffic.TrafficAppWidgetProvider
07-21 10:42:09.605  1407  1407 I ActivityThread: Pub com.google.android.maps.LocalActivePlacesProvider: com.google.googlenav.provider.LocalActivePlacesProvider
07-21 10:42:09.605  1407  1407 I ActivityThread: Pub com.google.android.maps.StarredItemProvider: com.google.googlenav.provider.StarredItemProvider
07-21 10:42:09.660   144   156 D AlarmManagerService: Kernel timezone updated to 240 minutes west of GMT
07-21 10:42:09.785   144   498 D CountryDetector: The first listener is added
07-21 10:42:09.796  1420  1420 V MmsConfig: mnc/mcc: 310120
07-21 10:42:09.804  1420  1420 V MmsConfig: tag: bool value: enabledMMS - true
07-21 10:42:09.808  1420  1420 V MmsConfig: tag: int value: maxMessageSize - 307200
07-21 10:42:09.808  1420  1420 V MmsConfig: tag: int value: maxImageHeight - 480
07-21 10:42:09.808  1420  1420 V MmsConfig: tag: int value: maxImageWidth - 640
07-21 10:42:09.808  1420  1420 V MmsConfig: tag: int value: defaultSMSMessagesPerThread - 500
07-21 10:42:09.808  1420  1420 V MmsConfig: tag: int value: defaultMMSMessagesPerThread - 50
07-21 10:42:09.808  1420  1420 V MmsConfig: tag: int value: minMessageCountPerThread - 10
07-21 10:42:09.808  1420  1420 V MmsConfig: tag: int value: maxMessageCountPerThread - 5000
07-21 10:42:09.808  1420  1420 V MmsConfig: tag: string value: uaProfUrl - http://www.google.com/oha/rdf/ua-profile-kila.xml
07-21 10:42:09.812  1420  1420 V MmsConfig: tag: int value: recipientLimit - -1
07-21 10:42:09.816  1420  1420 V MmsConfig: tag: int value: smsToMmsTextThreshold - 4
07-21 10:42:09.820  1420  1420 V MmsConfig: tag: bool value: enableMultipartSMS - true
07-21 10:42:09.820  1420  1420 V MmsConfig: tag: bool value: enableSlideDuration - true
07-21 10:42:09.820  1420  1420 V MmsConfig: tag: int value: maxMessageTextSize - -1
07-21 10:42:09.828  1407  1409 D dalvikvm: GC_CONCURRENT freed 155K, 3% free 9660K/9927K, paused 3ms+5ms
07-21 10:42:09.961   144   374 I ActivityManager: Start proc android.process.acore for content provider com.android.providers.contacts/.ContactsProvider2: pid=1441 uid=10000 gids={3003, 1015}
07-21 10:42:10.156  1441  1441 I ActivityThread: Pub call_log: com.android.providers.contacts.CallLogProvider
07-21 10:42:10.195  1441  1441 I ActivityThread: Pub com.android.voicemail: com.android.providers.contacts.VoicemailContentProvider
07-21 10:42:10.195  1441  1441 I ActivityThread: Pub user_dictionary: com.android.providers.userdictionary.UserDictionaryProvider
07-21 10:42:10.203  1441  1441 I ActivityThread: Pub com.android.social: com.android.providers.contacts.SocialProvider
07-21 10:42:10.211  1441  1441 I ActivityThread: Pub applications: com.android.providers.applications.ApplicationsProvider
07-21 10:42:10.269  1420  1420 V SmsReceiverService: onStart: #1 mResultCode: -1 = Activity.RESULT_OK
07-21 10:42:10.343   144   498 I ActivityManager: Process com.google.android.apps.maps:NetworkLocationService (pid 32126) has died.
07-21 10:42:10.343   144   498 W ActivityManager: Scheduling restart of crashed service com.google.android.apps.maps/com.google.android.location.internal.server.NetworkLocationService in 5000ms
07-21 10:42:10.406  1407  1409 D dalvikvm: GC_CONCURRENT freed 252K, 4% free 9829K/10183K, paused 2ms+75ms
07-21 10:42:10.457  1441  1443 D dalvikvm: GC_CONCURRENT freed 339K, 5% free 9149K/9607K, paused 118ms+27ms
07-21 10:42:10.566  1441  1441 I ActivityThread: Pub contacts;com.android.contacts: com.android.providers.contacts.ContactsProvider2
07-21 10:42:10.586  1420  1422 D dalvikvm: GC_CONCURRENT freed 319K, 5% free 9154K/9607K, paused 2ms+2ms
07-21 10:42:10.625   144   323 I ActivityManager: Start proc com.google.android.gsf.login for service com.google.android.gsf.login/com.google.android.gsf.loginservice.GoogleLoginService: pid=1459 uid=10009 gids={3003, 1015, 1007, 2001, 3006}
07-21 10:42:10.746  1097  1099 D dalvikvm: GC_CONCURRENT freed 2967K, 19% free 13279K/16327K, paused 22ms+3ms
07-21 10:42:10.761  1407  1407 I ActivityThread: Pub com.google.android.maps.LocalSuggestionProvider: com.google.googlenav.provider.LocalSuggestionProvider
07-21 10:42:10.761  1407  1407 I ActivityThread: Pub com.google.android.maps.NavigationAvailabilityProvider: com.google.googlenav.provider.NavigationAvailabilityProvider
07-21 10:42:10.855   144   155 I ActivityManager: Process com.google.android.apps.plus (pid 1097) has died.
07-21 10:42:11.058  1407  1473 D dalvikvm: GC_FOR_ALLOC freed 163K, 3% free 9968K/10247K, paused 33ms
07-21 10:42:11.097  1407  1474 D dalvikvm: GC_FOR_ALLOC freed 24K, 4% free 10172K/10503K, paused 26ms
07-21 10:42:11.269  1407  1409 D dalvikvm: GC_CONCURRENT freed 164K, 3% free 10491K/10759K, paused 2ms+3ms
07-21 10:42:11.293  1407  1484 D dalvikvm: GC_FOR_ALLOC freed 24K, 4% free 10666K/11015K, paused 22ms
07-21 10:42:11.507  1441  1443 D dalvikvm: GC_CONCURRENT freed 209K, 4% free 9356K/9671K, paused 2ms+2ms
07-21 10:42:11.769 31899 31934 I System.out: [INFO:1304784]: LogSource: Running flush
07-21 10:42:11.836 31899 31935 I System.out: [INFO:1304848]: LogSource: Sending payload [bytes=409]
07-21 10:42:11.839 31899 31934 I System.out: [INFO:1304854]: LogSource: Running flush
07-21 10:42:11.843 31899 31936 I System.out: [INFO:1304856]: LogSource: Sending payload [bytes=408]
07-21 10:42:11.906 31899 31901 D dalvikvm: GC_CONCURRENT freed 268K, 4% free 9809K/10183K, paused 10ms+3ms
07-21 10:42:12.398  1420  1422 D dalvikvm: GC_CONCURRENT freed 179K, 4% free 9442K/9735K, paused 3ms+18ms
07-21 10:42:12.429  1441  1443 D dalvikvm: GC_CONCURRENT freed 194K, 4% free 9624K/9927K, paused 6ms+25ms
07-21 10:42:12.703   347   821 D MmsSmsProvider: getSingleAddressId: insert new canonical_address for xxxxxx, _id=4
07-21 10:42:12.703   347   821 D MmsSmsProvider: getThreadId: create new thread_id for recipients xxxxxxxx
07-21 10:42:12.980   347   821 D MmsSmsProvider: insertThread: created new thread_id 4 for recipientIds xxxxxxx
07-21 10:42:13.035 31899 31936 I System.out: [INFO:1306046]: LogSource: Response [http=200,length=324]
07-21 10:42:13.035 31899 31934 I System.out: [INFO:1306049]: LogSource: Read id 2, status code 200
07-21 10:42:13.238 31899 31935 I System.out: [INFO:1306252]: LogSource: Response [http=200,length=254]
07-21 10:42:13.261 31899 31934 I System.out: [INFO:1306275]: LogSource: Read id 1, status code 200
07-21 10:42:13.726 31899 31901 D dalvikvm: GC_CONCURRENT freed 316K, 5% free 9958K/10375K, paused 44ms+44ms
07-21 10:42:13.761 31899 31899 D GoogleVoice: com.google.android.apps.googlevoice.vvm.service.GvVvmService$Handler Handling message 1001
07-21 10:42:13.761 31899 31899 D GoogleVoice: com.google.android.apps.googlevoice.vvm.service.GvVvmService$Handler Handling message 1011
07-21 10:42:13.765 31899  1501 I GoogleVoice: Deleting all voicemails
07-21 10:42:14.441   144   359 W AppWidgetService: updateAppWidgetProvider: provider doesn't exist: ComponentInfo{com.google.android.apps.googlevoice/com.google.android.apps.googlevoice.widget.WidgetSettingsProvider}
07-21 10:42:14.890   144  1184 W AppWidgetService: updateAppWidgetProvider: provider doesn't exist: ComponentInfo{com.google.android.apps.googlevoice/com.google.android.apps.googlevoice.widget.WidgetInboxProvider}
07-21 10:42:15.511   144   161 I ActivityManager: Start proc com.google.android.apps.maps:NetworkLocationService for service com.google.android.apps.maps/com.google.android.location.internal.server.NetworkLocationService: pid=1504 uid=10056 gids={3003, 1015}
07-21 10:42:15.699  1504  1506 D dalvikvm: GC_CONCURRENT freed 176K, 3% free 9360K/9607K, paused 62ms+2ms
07-21 10:42:16.695  1504  1506 D dalvikvm: GC_CONCURRENT freed 147K, 3% free 9649K/9927K, paused 111ms+4ms
07-21 10:42:32.015   220   222 D dalvikvm: GC_CONCURRENT freed 371K, 32% free 9785K/14215K, paused 2ms+7ms
07-21 10:42:32.304   144   155 I ActivityManager: Process com.android.mms (pid 1420) has died.
07-21 10:42:32.312   144   144 D CountryDetector: No listener is left
07-21 10:42:32.425   144  1184 I ActivityManager: Process android.process.acore (pid 1441) has died.
07-21 10:42:32.609   144   147 D dalvikvm: GC_CONCURRENT freed 1919K, 22% free 18025K/23047K, paused 16ms+7ms
07-21 10:42:32.640  1504  1506 D dalvikvm: GC_CONCURRENT freed 168K, 3% free 10006K/10247K, paused 6ms+87ms
07-21 10:42:32.785  1504  1506 D dalvikvm: GC_CONCURRENT freed 150K, 3% free 10404K/10631K, paused 2ms+2ms
07-21 10:42:33.054   144   161 I ActivityManager: Start proc com.google.android.apps.maps:FriendService for broadcast com.google.android.apps.maps/com.google.googlenav.friend.android.ServiceReceiver: pid=1525 uid=10056 gids={3003, 1015}
07-21 10:42:33.082    79    79 D dalvikvm: GC_EXPLICIT freed 38K, 4% free 9031K/9347K, paused 2ms+3ms
07-21 10:42:33.113    79    79 D dalvikvm: GC_EXPLICIT freed <1K, 4% free 9031K/9347K, paused 1ms+5ms
07-21 10:42:33.144    79    79 D dalvikvm: GC_EXPLICIT freed <1K, 4% free 9031K/9347K, paused 2ms+2ms
07-21 10:42:33.488  1525  1526 D dalvikvm: GC_CONCURRENT freed 178K, 3% free 9358K/9607K, paused 7ms+2ms
07-21 10:42:33.636   144   173 I ActivityManager: Start proc com.twitter.android for service com.twitter.android/.client.AppService: pid=1539 uid=10064 gids={3003, 1015}
07-21 10:42:33.648  1539  1539 I dalvikvm: Turning on JNI app bug workarounds for target SDK version 11...
07-21 10:43:27.078  1525  1526 D dalvikvm: GC_CONCURRENT freed 213K, 4% free 9686K/9991K, paused 1ms+2ms
07-21 10:43:27.160   144  1185 I ActivityManager: Start proc com.google.android.apps.maps:LocationFriendService for broadcast com.google.android.apps.maps/com.google.googlenav.friend.reporting.LocationReportingIntentReceiver: pid=1553 uid=10056 gids={3003, 1015}
07-21 10:43:27.214  1539  1539 I ActivityThread: Pub com.twitter.android.provider.GlobalDatabaseProvider: com.twitter.android.provider.GlobalDatabaseProvider
07-21 10:43:27.226  1539  1539 I ActivityThread: Pub com.twitter.android.provider.TwitterProvider: com.twitter.android.provider.TwitterProvider
07-21 10:43:27.300   144 30155 D dalvikvm: GC_EXPLICIT freed 105K, 22% free 17986K/23047K, paused 3ms+7ms
07-21 10:43:27.461  1553  1556 D dalvikvm: GC_CONCURRENT freed 155K, 3% free 9380K/9607K, paused 1ms+2ms
07-21 10:43:27.543  1539  1541 D dalvikvm: GC_CONCURRENT freed 172K, 4% free 9301K/9607K, paused 6ms+22ms
07-21 10:43:27.621  1504  1511 I dalvikvm: Total arena pages for JIT: 11
07-21 10:43:27.621  1504  1511 I dalvikvm: Total arena pages for JIT: 12
07-21 10:43:27.625  1504  1511 I dalvikvm: Total arena pages for JIT: 13
07-21 10:43:27.625  1504  1511 I dalvikvm: Total arena pages for JIT: 14
07-21 10:43:27.629  1504  1511 I dalvikvm: Total arena pages for JIT: 15
07-21 10:43:27.629  1504  1511 I dalvikvm: Total arena pages for JIT: 16
07-21 10:43:27.629  1504  1511 I dalvikvm: Total arena pages for JIT: 17
07-21 10:43:27.769  1553  1556 D dalvikvm: GC_CONCURRENT freed 201K, 3% free 9693K/9991K, paused 23ms+3ms
07-21 10:43:27.832  1504  1511 I dalvikvm: Total arena pages for JIT: 18
07-21 10:43:27.945  1553  1556 D dalvikvm: GC_CONCURRENT freed 323K, 4% free 9910K/10311K, paused 2ms+2ms
07-21 10:43:28.121  1504  1506 D dalvikvm: GC_CONCURRENT freed 751K, 8% free 10188K/11015K, paused 4ms+3ms
07-21 10:43:28.320  1504  1524 D dalvikvm: GC_FOR_ALLOC freed 221K, 7% free 10297K/11015K, paused 21ms
07-21 10:43:28.582  1504  1524 D dalvikvm: GC_FOR_ALLOC freed 222K, 7% free 10304K/11015K, paused 23ms
07-21 10:43:28.656  1504  1524 D dalvikvm: GC_FOR_ALLOC freed 82K, 7% free 10333K/11015K, paused 20ms
07-21 10:43:28.656  1504  1524 I dalvikvm-heap: Grow heap (frag case) to 10.171MB for 13101-byte allocation
07-21 10:43:28.679  1504  1524 D dalvikvm: GC_FOR_ALLOC freed 10K, 7% free 10335K/11079K, paused 21ms
07-21 10:43:28.718  1504  1524 D dalvikvm: GC_FOR_ALLOC freed 132K, 8% free 10304K/11079K, paused 20ms
07-21 10:43:28.863  1539  1541 D dalvikvm: GC_CONCURRENT freed 222K, 4% free 9516K/9863K, paused 2ms+1ms
07-21 10:43:28.882   144 29906 I ActivityManager: Process com.google.android.gsf.login (pid 1459) has died.
07-21 10:43:29.011  1539  1541 D dalvikvm: GC_CONCURRENT freed 284K, 5% free 9641K/10055K, paused 1ms+1ms
07-21 10:43:29.136  1539  1541 D dalvikvm: GC_CONCURRENT freed 294K, 5% free 9767K/10183K, paused 1ms+2ms
07-21 10:43:29.257  1539  1541 D dalvikvm: GC_CONCURRENT freed 307K, 5% free 9897K/10311K, paused 2ms+2ms
07-21 10:43:29.367  1539  1541 D dalvikvm: GC_CONCURRENT freed 302K, 4% free 10028K/10439K, paused 1ms+2ms
07-21 10:43:29.480  1539  1541 D dalvikvm: GC_CONCURRENT freed 297K, 4% free 10155K/10567K, paused 2ms+2ms
07-21 10:43:29.589  1539  1541 D dalvikvm: GC_CONCURRENT freed 301K, 4% free 10285K/10695K, paused 2ms+1ms
07-21 10:43:29.769  1539  1541 D dalvikvm: GC_CONCURRENT freed 473K, 6% free 10229K/10823K, paused 6ms+2ms
07-21 10:43:29.886  1539  1541 D dalvikvm: GC_CONCURRENT freed 323K, 5% free 10304K/10823K, paused 1ms+2ms
07-21 10:43:30.004  1539  1541 D dalvikvm: GC_CONCURRENT freed 310K, 5% free 10381K/10823K, paused 1ms+2ms
07-21 10:43:30.089   144  1185 D AlarmManagerService: Kernel timezone updated to 240 minutes west of GMT
07-21 10:43:30.093   347   347 D SystemClock: Setting time of day to sec=1342881810
07-21 10:43:30.050   144   161 I ActivityManager: Start proc com.android.calendar for broadcast com.android.calendar/.widget.CalendarAppWidgetService$CalendarFactory: pid=1574 uid=10005 gids={3003}
07-21 10:43:30.194  1574  1574 I ActivityThread: Pub com.android.calendar.CalendarRecentSuggestionsProvider: com.android.calendar.CalendarRecentSuggestionsProvider
07-21 10:43:30.210   144   498 I ActivityManager: Process com.google.android.apps.maps:LocationFriendService (pid 1553) has died.
07-21 10:43:30.300   144   359 I ActivityManager: Start proc com.android.deskclock for broadcast com.android.deskclock/.AlarmInitReceiver: pid=1590 uid=10011 gids={}
07-21 10:43:30.351  1590  1590 I ActivityThread: Pub com.android.deskclock: com.android.deskclock.AlarmProvider
07-21 10:43:30.374   144  1184 I ActivityManager: Start proc com.android.providers.calendar for content provider com.android.providers.calendar/.CalendarProvider2: pid=1603 uid=10006 gids={3003, 1015}
07-21 10:43:30.472  1539  1541 D dalvikvm: GC_CONCURRENT freed 372K, 5% free 10479K/10951K, paused 3ms+54ms
07-21 10:43:30.472   144 28547 I ActivityManager: Process com.google.android.apps.maps:FriendService (pid 1525) has died.
07-21 10:43:30.495  1590  1610 V AlarmClock: AlarmInitReceiver finished
07-21 10:43:30.581  1603  1603 I ActivityThread: Pub com.android.calendar: com.android.providers.calendar.CalendarProvider2
07-21 10:43:30.788   144   335 I ActivityManager: Process com.android.calendar (pid 1574) has died.
07-21 10:43:30.804  1539  1541 D dalvikvm: GC_CONCURRENT freed 342K, 5% free 10560K/11015K, paused 7ms+2ms
07-21 10:43:30.940  1539  1541 D dalvikvm: GC_CONCURRENT freed 371K, 5% free 10658K/11143K, paused 1ms+2ms
07-21 10:43:31.069  1539  1541 D dalvikvm: GC_CONCURRENT freed 417K, 5% free 10750K/11271K, paused 2ms+2ms
07-21 10:43:31.190  1539  1541 D dalvikvm: GC_CONCURRENT freed 375K, 5% free 10838K/11335K, paused 1ms+5ms
07-21 10:43:31.675  1603  1603 I CalendarProvider2: Sending notification intent: Intent { act=android.intent.action.PROVIDER_CHANGED dat=content://com.android.calendar }
07-21 10:43:31.683  1603  1603 W ContentResolver: Failed to get type for: content://com.android.calendar (Unknown URL content://com.android.calendar)
07-21 10:43:31.765   144   161 I ActivityManager: Start proc com.android.calendar for broadcast com.android.calendar/.widget.CalendarAppWidgetService$CalendarFactory: pid=1625 uid=10005 gids={3003}
07-21 10:43:31.788   144   335 I ActivityManager: Process com.android.deskclock (pid 1590) has died.
07-21 10:43:31.827  1625  1625 I ActivityThread: Pub com.android.calendar.CalendarRecentSuggestionsProvider: com.android.calendar.CalendarRecentSuggestionsProvider
07-21 10:43:33.538   347   350 D dalvikvm: GC_CONCURRENT freed 796K, 9% free 11897K/12999K, paused 21ms+2ms
07-21 10:43:34.335  1539  1541 D dalvikvm: GC_CONCURRENT freed 317K, 4% free 11033K/11463K, paused 4ms+2ms
07-21 10:43:36.112  1643  1643 D dalvikvm: Late-enabling CheckJNI
07-21 10:43:36.116   144   161 I ActivityManager: Start proc com.chess for broadcast com.chess/.backend.AlarmReceiver: pid=1643 uid=10079 gids={3003, 1015}
07-21 10:43:36.124   144  1184 I ActivityManager: Process com.android.calendar (pid 1625) has died.
07-21 10:43:36.284  1643  1645 D dalvikvm: GC_CONCURRENT freed 166K, 3% free 9369K/9607K, paused 6ms+3ms
07-21 10:43:36.425   144 30155 I ActivityManager: Process com.twitter.android (pid 1539) has died.
07-21 10:43:36.456  1643  1657 D GetStringObjTask: retrieving from url = http://www.chess.com/api/get_move_status?id=5HHjW9WUGa%2Bcu1LUwnVJPxTIWxmEve4VdkRnRyg7b5Ch69JH2Z5aB%2B7eGuFw8K2uFx47KFsdE3JRdR3Mzv0PkZOj6eZ8N73BvxmEERrzXjMNRo80rkLyJAUTh0iqof4n
07-21 10:43:36.901  1643  1657 D GetStringObjTask: WebRequest SERVER RESPONSE: Success+0
07-21 10:43:43.019 18569 18569 D dalvikvm: GC_EXPLICIT freed 523K, 26% free 12272K/16583K, paused 18ms+5ms
07-21 10:43:49.569   144   160 D dalvikvm: GC_EXPLICIT freed 1555K, 22% free 18020K/23047K, paused 23ms+7ms
07-21 10:44:15.765   347   347 D SAN_SERVICE: *******************************************
07-21 10:44:15.765   347   347 D SAN_SERVICE: DM App Phone Service State - 0
07-21 10:44:15.765   347   347 D SAN_SERVICE: *******************************************
07-21 10:44:16.207   347   347 D SAN_SERVICE: *******************************************
07-21 10:44:16.211   347   347 D SAN_SERVICE: DM App Phone Service State - 0
07-21 10:44:16.211   347   347 D SAN_SERVICE: *******************************************
07-21 10:44:29.062   144   498 I ActivityManager: Start proc com.google.android.apps.maps:LocationFriendService for service com.google.android.apps.maps/com.google.googlenav.friend.reporting.LocationReceiverService: pid=1659 uid=10056 gids={3003, 1015}
07-21 10:44:29.218  1659  1662 D dalvikvm: GC_CONCURRENT freed 168K, 3% free 9367K/9607K, paused 1ms+2ms
07-21 10:44:29.449  1659  1662 D dalvikvm: GC_CONCURRENT freed 158K, 3% free 9665K/9927K, paused 3ms+2ms
07-21 10:44:29.769  1659  1662 D dalvikvm: GC_CONCURRENT freed 323K, 5% free 9854K/10311K, paused 2ms+4ms
07-21 10:44:30.027  1659  1666 I dalvikvm: Total arena pages for JIT: 11
07-21 10:44:30.031  1659  1666 I dalvikvm: Total arena pages for JIT: 12
07-21 10:44:30.031  1659  1666 I dalvikvm: Total arena pages for JIT: 13
07-21 10:44:30.031  1659  1666 I dalvikvm: Total arena pages for JIT: 14
07-21 10:44:30.031  1659  1666 I dalvikvm: Total arena pages for JIT: 15
07-21 10:44:30.031  1659  1666 I dalvikvm: Total arena pages for JIT: 16
07-21 10:44:30.035  1659  1666 I dalvikvm: Total arena pages for JIT: 17
07-21 10:44:30.125  1659  1662 D dalvikvm: GC_CONCURRENT freed 396K, 5% free 9928K/10439K, paused 2ms+2ms
07-21 10:44:33.414   144   323 I ActivityManager: Start proc com.android.browser for content provider com.android.browser/.provider.BrowserProvider2: pid=1683 uid=10003 gids={3003, 1015}
07-21 10:44:33.500   144   498 I ActivityManager: Process com.android.providers.calendar (pid 1603) has died.
07-21 10:44:33.523  1683  1683 I ActivityThread: Pub com.android.browser;browser: com.android.browser.provider.BrowserProvider2
07-21 10:44:33.535  1683  1683 I ActivityThread: Pub com.android.browser.home: com.android.browser.homepages.HomeProvider
07-21 10:44:33.535  1683  1683 I ActivityThread: Pub com.android.browser.snapshots: com.android.browser.provider.SnapshotProvider
07-21 10:44:34.285   144 14395 I ActivityManager: Start proc com.google.android.gsf.login for service com.google.android.gsf.login/com.google.android.gsf.loginservice.GoogleLoginService: pid=1707 uid=10009 gids={3003, 1015, 1007, 2001, 3006}
07-21 10:44:34.531   144   359 I ActivityManager: Process com.google.android.apps.maps:LocationFriendService (pid 1659) has died.
07-21 10:44:34.629 31836 31839 D dalvikvm: GC_CONCURRENT freed 307K, 6% free 10150K/10759K, paused 20ms+7ms
07-21 10:44:37.351 31836  1682 I BookmarksSync: Sync failed due to hard error: Server reports a different identifier (birthday) birthday_error_924b9ded-d40c-441c-b822-30621ebe3516, which does not match the client value.
07-21 10:44:37.359   144   168 D SyncManager: failed sync operation lokeshmandvekar@gmail.com (com.google), com.android.browser, PERIODIC, earliestRunTime 117240106, SyncResult: stats [ numParseExceptions: 1]
07-21 10:44:37.367   144   168 D SyncManager: not retrying sync operation because the error is a hard error: lokeshmandvekar@gmail.com (com.google), com.android.browser, PERIODIC, earliestRunTime 117244203
07-21 10:45:03.066 31836 31836 D dalvikvm: GC_EXPLICIT freed 293K, 6% free 10146K/10759K, paused 18ms+4ms
07-21 10:45:29.312   144 29906 I ActivityManager: Start proc com.google.android.apps.maps:LocationFriendService for service com.google.android.apps.maps/com.google.googlenav.friend.reporting.LocationReceiverService: pid=1725 uid=10056 gids={3003, 1015}
07-21 10:45:29.336    79    79 D dalvikvm: GC_EXPLICIT freed 37K, 4% free 9031K/9347K, paused 1ms+2ms
07-21 10:45:29.390    79    79 D dalvikvm: GC_EXPLICIT freed <1K, 4% free 9031K/9347K, paused 1ms+1ms
07-21 10:45:29.433    79    79 D dalvikvm: GC_EXPLICIT freed <1K, 4% free 9031K/9347K, paused 1ms+2ms
07-21 10:45:29.492  1725  1728 D dalvikvm: GC_CONCURRENT freed 176K, 3% free 9360K/9607K, paused 1ms+2ms
07-21 10:45:29.605   144   323 I ActivityManager: Process com.chess (pid 1643) has died.
07-21 10:45:29.707  1725  1728 D dalvikvm: GC_CONCURRENT freed 210K, 3% free 9709K/9991K, paused 16ms+3ms
07-21 10:45:29.824  1725  1728 D dalvikvm: GC_CONCURRENT freed 286K, 4% free 9851K/10247K, paused 2ms+2ms
07-21 10:45:29.882  1725  1732 I dalvikvm: Total arena pages for JIT: 11
07-21 10:45:29.882  1725  1732 I dalvikvm: Total arena pages for JIT: 12
07-21 10:45:29.882  1725  1732 I dalvikvm: Total arena pages for JIT: 13
07-21 10:45:29.882  1725  1732 I dalvikvm: Total arena pages for JIT: 14
07-21 10:45:29.882  1725  1732 I dalvikvm: Total arena pages for JIT: 15
07-21 10:45:29.886  1725  1732 I dalvikvm: Total arena pages for JIT: 16
07-21 10:45:29.886  1725  1732 I dalvikvm: Total arena pages for JIT: 17
07-21 10:45:29.953  1725  1728 D dalvikvm: GC_CONCURRENT freed 345K, 5% free 9934K/10375K, paused 1ms+3ms
07-21 10:45:53.050 17923 17923 D dalvikvm: GC_EXPLICIT freed <1K, 20% free 10155K/12679K, paused 2ms+3ms
07-21 10:46:30.000  1725  1732 I dalvikvm: Total arena pages for JIT: 18
07-21 10:46:49.070   144   200 D ConnectivityService: ConnectivityChange for WIMAX: DISCONNECTED/SCANNING
07-21 10:46:49.070   144   200 D ConnectivityService: Attempting to switch to mobile
07-21 10:46:49.070   144   200 D ConnectivityService: Attempting to switch to WIFI
07-21 10:46:49.078   144   200 D ConnectivityService: Attempting to switch to BLUETOOTH_TETHER
07-21 10:46:49.148   144   196 D NetworkPolicy: applying policy NetworkPolicy[NetworkTemplate: matchRule=MOBILE_ALL, subscriberId=valid]: cycleDay=20, warningBytes=2147483648, limitBytes=-1, lastSnooze=-1 to ifaces [rmnet0]
07-21 10:46:49.160   144   196 D NetworkPolicy: applying policy NetworkPolicy[NetworkTemplate: matchRule=MOBILE_ALL, subscriberId=valid]: cycleDay=20, warningBytes=2147483648, limitBytes=-1, lastSnooze=-1 to ifaces [rmnet0]
07-21 10:46:52.109   144   204 D Tethering: MasterInitialState.processMessage what=3
07-21 10:46:52.148   144   161 I ActivityManager: Start proc android.process.media for broadcast com.android.providers.downloads/.DownloadReceiver: pid=1751 uid=10012 gids={1015, 1023, 1024, 2001, 3003, 3007}
07-21 10:46:52.222   144   204 D Tethering: MasterInitialState.processMessage what=3
07-21 10:46:52.230  1751  1751 I ActivityThread: Pub downloads: com.android.providers.downloads.DownloadProvider
07-21 10:46:52.289  1751  1751 I ActivityThread: Pub drm: com.android.providers.drm.DrmProvider
07-21 10:46:52.289  1751  1764 I DownloadManager: in removeSpuriousFiles
07-21 10:46:52.300  1751  1751 I ActivityThread: Pub media: com.android.providers.media.MediaProvider
07-21 10:46:52.410  1751  1764 I DownloadManager: in removeSpuriousFiles, preserving file /data/data/com.android.providers.downloads/cache/metadata.json
07-21 10:46:52.418  1751  1764 I DownloadManager: in removeSpuriousFiles, preserving file /data/data/com.android.providers.downloads/cache/en_general.htm
07-21 10:46:52.418  1751  1764 I DownloadManager: in removeSpuriousFiles, preserving file /mnt/sdcard/Download/img-thing.jpeg
07-21 10:46:52.418  1751  1764 I DownloadManager: in removeSpuriousFiles, preserving file /data/data/com.android.providers.downloads/cache/metadata-1.json
07-21 10:46:52.418  1751  1764 I DownloadManager: in removeSpuriousFiles, preserving file /data/data/com.android.providers.downloads/cache/downloadfile.jpeg
07-21 10:46:52.418  1751  1764 I DownloadManager: in removeSpuriousFiles, preserving file /data/data/com.android.providers.downloads/cache/metadata-2.json
07-21 10:46:52.418  1751  1764 I DownloadManager: in removeSpuriousFiles, preserving file /data/data/com.android.providers.downloads/cache/metadata-3.json
07-21 10:46:52.418  1751  1764 I DownloadManager: in removeSpuriousFiles, preserving file /data/data/com.android.providers.downloads/cache/downloadfile-1.jpeg
07-21 10:46:52.418  1751  1764 I DownloadManager: in removeSpuriousFiles, preserving file /data/data/com.android.providers.downloads/cache/downloadfile-2.jpeg
07-21 10:46:52.418  1751  1764 I DownloadManager: in removeSpuriousFiles, preserving file /data/data/com.android.providers.downloads/cache/metadata-4.json
07-21 10:46:52.418  1751  1764 I DownloadManager: in removeSpuriousFiles, preserving file /data/data/com.android.providers.downloads/cache/metadata-5.json
07-21 10:46:52.421  1751  1764 I DownloadManager: in removeSpuriousFiles, preserving file /data/data/com.android.providers.downloads/cache/metadata-6.json
07-21 10:46:52.421  1751  1764 I DownloadManager: in removeSpuriousFiles, preserving file /data/data/com.android.providers.downloads/cache/metadata-7.json
07-21 10:46:52.421  1751  1764 I DownloadManager: deleting spurious file /cache/backup
07-21 10:46:52.625  1751  1754 D dalvikvm: GC_CONCURRENT freed 367K, 5% free 9168K/9607K, paused 2ms+3ms
07-21 10:46:52.718   144   200 D ConnectivityService: handleInetConditionHoldEnd: net=0, condition=100, published condition=100
07-21 10:46:52.785   144 28547 D dalvikvm: GC_EXPLICIT freed 1549K, 22% free 18044K/23047K, paused 5ms+8ms
07-21 10:46:52.816   144   144 I ActivityManager: Start proc com.google.android.apps.uploader for broadcast com.google.android.apps.uploader/.ConnectivityBroadcastReceiver: pid=1769 uid=10030 gids={3003}
07-21 10:46:52.828  1769  1769 I dalvikvm: Turning on JNI app bug workarounds for target SDK version 11...
07-21 10:46:52.839   144   497 I ActivityManager: Process com.google.android.gsf.login (pid 1707) has died.
07-21 10:46:52.902  1769  1769 I ActivityThread: Pub com.google.android.apps.uploader: com.google.android.apps.uploader.UploadsContentProvider
07-21 10:46:52.902  1769  1769 I ActivityThread: Pub com.google.photos.provider.Album: com.google.android.apps.uploader.clients.picasa.AlbumProvider
07-21 10:46:52.914  1769  1769 D MediaUploader: UploaderApplication.onCreate
07-21 10:46:52.937  1769  1769 D MediaUploader: nonWifiLimit=20971520, default=20971520
07-21 10:46:52.957  1769  1769 I MediaUploader: No need to wake up
07-21 10:46:53.011   144 29906 I ActivityManager: Start proc com.google.android.apps.plus for broadcast com.google.android.apps.plus/com.google.android.picasasync.ConnectivityReceiver: pid=1785 uid=10060 gids={3003, 3002, 1015, 1006}
07-21 10:46:53.035   144   155 I ActivityManager: Process com.google.android.apps.maps:LocationFriendService (pid 1725) has died.
07-21 10:46:53.273  1785  1787 D dalvikvm: GC_CONCURRENT freed 154K, 3% free 9381K/9607K, paused 2ms+2ms
07-21 10:46:53.441  1785  1785 I ActivityThread: Pub com.google.android.apps.plus.content.ApiProvider: com.google.android.apps.plus.content.EsApiProvider
07-21 10:46:53.476  1785  1785 I ActivityThread: Pub com.google.android.apps.plus.content.EsGooglePhotoProvider: com.google.android.picasasync.PicasaContentProvider
07-21 10:46:53.671  1785  1787 D dalvikvm: GC_CONCURRENT freed 336K, 5% free 9580K/9991K, paused 6ms+2ms
07-21 10:46:53.695  1785  1785 I ActivityThread: Pub com.google.android.apps.plus.content.EsPicasaStoreProvider: com.google.android.picasastore.PicasaPhotoContentProvider
07-21 10:46:53.699  1785  1785 I ActivityThread: Pub com.google.plus.platform: com.google.android.apps.plus.content.AdsProvider
07-21 10:46:53.699  1785  1785 I ActivityThread: Pub com.google.android.apps.plus.iu.EsGoogleIuProvider: com.google.android.apps.plus.iu.InstantUploadProvider
07-21 10:46:53.793  1785  1787 D dalvikvm: GC_CONCURRENT freed 501K, 6% free 9608K/10183K, paused 1ms+27ms
07-21 10:46:53.800  1785  1785 I ActivityThread: Pub com.google.android.apps.plus.content.EsProvider: com.google.android.apps.plus.content.EsProvider
07-21 10:46:53.843  1785  1799 D PicasaPhotoCP: set fsid first time:-1
07-21 10:46:53.941   144  1184 I ActivityManager: Start proc com.google.android.youtube for broadcast com.google.android.youtube/.app.prefetch.PrefetchService$DeviceStateReceiver: pid=1804 uid=10057 gids={3003, 1015, 1006}
07-21 10:46:53.957   144 29906 I ActivityManager: Process com.android.browser (pid 1683) has died.
07-21 10:46:54.035  1785  1802 D PicasaSync: sync account database
07-21 10:46:54.117  1785  1787 D dalvikvm: GC_CONCURRENT freed 311K, 5% free 9831K/10247K, paused 2ms+2ms
07-21 10:46:54.164  1804  1807 D dalvikvm: GC_CONCURRENT freed 151K, 3% free 9360K/9607K, paused 2ms+2ms
07-21 10:46:54.211  1785  1802 D PicasaSync: accounts in DB=1
07-21 10:46:54.214  1785  1802 D PicasaSyncManager: active network: NetworkInfo: type: mobile[CDMA - EvDo rev. A], state: CONNECTED/CONNECTED, reason: (unspecified), extra: , roaming: false, failover: false, isAvailable: true
07-21 10:46:54.218  1785  1802 D PicasaSyncManager: background data: true
07-21 10:46:54.242  1804  1804 I ActivityThread: Pub com.google.android.youtube.SuggestionProvider: com.google.android.youtube.core.suggest.SuggestionProvider
07-21 10:46:54.336  1785  1802 D PicasaSyncManager: battery info: false
07-21 10:46:54.445   144 28547 I ActivityManager: Process com.google.android.apps.uploader (pid 1769) has died.
07-21 10:46:54.629  1785  1787 D dalvikvm: GC_CONCURRENT freed 172K, 3% free 10092K/10375K, paused 11ms+11ms
07-21 10:46:54.640  1804  1807 D dalvikvm: GC_CONCURRENT freed 341K, 5% free 9470K/9927K, paused 15ms+2ms
07-21 10:46:54.640  1804  1814 W CursorWrapperInner: Cursor finalized without prior close()
07-21 10:46:54.640  1804  1814 W CursorWrapperInner: Cursor finalized without prior close()
07-21 10:46:54.765  1804  1807 D dalvikvm: GC_CONCURRENT freed 279K, 4% free 9704K/10055K, paused 1ms+3ms
07-21 10:46:54.859  1804  1807 D dalvikvm: GC_CONCURRENT freed 347K, 5% free 9893K/10311K, paused 1ms+3ms
07-21 10:46:54.925   144   155 I ActivityManager: Process com.google.android.apps.plus (pid 1785) has died.
07-21 10:46:55.019 31836 31858 D dalvikvm: GC_EXPLICIT freed 162K, 6% free 10141K/10759K, paused 21ms+7ms
07-21 10:46:55.019  1804  1807 D dalvikvm: GC_CONCURRENT freed 370K, 5% free 10051K/10503K, paused 33ms+6ms
07-21 10:46:55.078   144   359 I ActivityManager: Start proc com.google.android.gsf.login for service com.google.android.gsf.login/com.google.android.gsf.loginservice.GoogleLoginService: pid=1841 uid=10009 gids={3003, 1015, 1007, 2001, 3006}
07-21 10:46:55.144  1804  1807 D dalvikvm: GC_CONCURRENT freed 404K, 5% free 10219K/10695K, paused 2ms+6ms
07-21 10:46:55.351  1804  1807 D dalvikvm: GC_CONCURRENT freed 374K, 5% free 10317K/10823K, paused 2ms+3ms
07-21 10:46:55.445   144 30155 I ActivityManager: Start proc com.google.android.apps.docs for broadcast com.google.android.apps.docs/.receivers.NetworkChangeReceiver: pid=1862 uid=10077 gids={3003, 1015, 1006}
07-21 10:46:55.589   144   200 D ConnectivityService: ConnectivityChange for WIMAX: DISCONNECTED/SCANNING
07-21 10:46:55.589   144   200 D ConnectivityService: Attempting to switch to mobile
07-21 10:46:55.589   144   200 D ConnectivityService: Attempting to switch to WIFI
07-21 10:46:55.589   144   200 D ConnectivityService: Attempting to switch to BLUETOOTH_TETHER
07-21 10:46:55.711   144   335 I ActivityManager: Process android.process.media (pid 1751) has died.
07-21 10:46:55.757   144   196 D NetworkPolicy: applying policy NetworkPolicy[NetworkTemplate: matchRule=MOBILE_ALL, subscriberId=valid]: cycleDay=20, warningBytes=2147483648, limitBytes=-1, lastSnooze=-1 to ifaces [rmnet0]
07-21 10:46:55.796  1862  1862 I PackageInfoHelper: Provided clientMode=RELEASE, packageInfo=PackageInfo{4134dcf8 com.google.android.apps.docs}
07-21 10:46:55.796  1862  1862 I ActivityThread: Pub com.google.android.apps.docs.files: com.google.android.apps.docs.sync.filemanager.FileProvider
07-21 10:46:55.800  1862  1862 I ActivityThread: Pub com.google.android.apps.docs.doclist.search_suggest: com.google.android.apps.docs.doclist.DocListGlobalSearchSuggestionProvider
07-21 10:46:55.914   144   196 D NetworkPolicy: applying policy NetworkPolicy[NetworkTemplate: matchRule=MOBILE_ALL, subscriberId=valid]: cycleDay=20, warningBytes=2147483648, limitBytes=-1, lastSnooze=-1 to ifaces [rmnet0]
07-21 10:46:55.941  1862  1870 D dalvikvm: GC_CONCURRENT freed 227K, 4% free 9309K/9607K, paused 2ms+3ms
07-21 10:46:56.031  1862  1870 D dalvikvm: GC_CONCURRENT freed 461K, 6% free 9393K/9927K, paused 2ms+2ms
07-21 10:46:56.109  1862  1870 D dalvikvm: GC_CONCURRENT freed 501K, 6% free 9416K/9991K, paused 2ms+3ms
07-21 10:46:56.191  1862  1870 D dalvikvm: GC_CONCURRENT freed 530K, 7% free 9449K/10055K, paused 2ms+2ms
07-21 10:46:56.265  1862  1870 D dalvikvm: GC_CONCURRENT freed 484K, 6% free 9477K/10055K, paused 1ms+2ms
07-21 10:46:56.359  1862  1870 D dalvikvm: GC_CONCURRENT freed 519K, 6% free 9525K/10119K, paused 1ms+2ms
07-21 10:46:56.433   144 14395 I ActivityManager: Process com.google.android.youtube (pid 1804) has died.
07-21 10:46:56.504  1862  1870 D dalvikvm: GC_CONCURRENT freed 355K, 5% free 9632K/10119K, paused 2ms+2ms
07-21 10:46:56.613  1862  1862 D ContextScopeImpl: in ContextScope.getContextOrDefault for thread=1
07-21 10:46:56.613  1862  1862 D ContextScopeImpl: returning application context for thread=1
07-21 10:46:56.617  1862  1870 D dalvikvm: GC_CONCURRENT freed 359K, 5% free 9780K/10247K, paused 2ms+2ms
07-21 10:46:56.625  1862  1862 I FeatureCheckerImpl: Configured disabled features: []
07-21 10:46:56.629  1862  1862 D ContextScopeImpl: in ContextScope.getContextOrDefault for thread=1
07-21 10:46:56.629  1862  1862 D ContextScopeImpl: returning application context for thread=1
07-21 10:46:56.648  1862  1862 D ContextScopeImpl: in ContextScope.enter for thread=1
07-21 10:46:56.648  1862  1862 W ContextScopeImpl: thread=1 tried to enter the scope of the application context. Ignored.
07-21 10:46:56.648  1862  1862 D ContextScopeImpl: in ContextScope.getContextOrDefault for thread=1
07-21 10:46:56.648  1862  1862 D ContextScopeImpl: returning application context for thread=1
07-21 10:46:56.648  1862  1862 D DocListDatabase: openHelper points on new database: DocList.db
07-21 10:46:56.648  1862  1862 D DocListDatabase: in openWriteDatabase
07-21 10:46:56.664  1862  1862 I ActivityThread: Pub com.google.android.apps.docs.doclist.account_suggest: com.google.android.apps.docs.doclist.DocListAccountSuggestionProvider
07-21 10:46:56.664  1862  1862 D ContextScopeImpl: in ContextScope.enter for thread=1
07-21 10:46:56.664  1862  1862 W ContextScopeImpl: thread=1 tried to enter the scope of the application context. Ignored.
07-21 10:46:56.664  1862  1862 I ActivityThread: Pub com.google.android.apps.docs: com.google.android.apps.docs.providers.DocListProvider
07-21 10:46:56.664  1862  1862 D ContextScopeImpl: in ContextScope.enter for thread=1
07-21 10:46:56.664  1862  1862 W ContextScopeImpl: thread=1 tried to enter the scope of the application context. Ignored.
07-21 10:46:56.671  1862  1862 W ContextScopeImpl: thread=1 tried to enter the scope of the application context. Ignored.
07-21 10:46:56.679  1862  1880 W ContextScopeImpl: thread=5472 tried to enter the scope of the application context. Ignored.
07-21 10:46:56.714  1862  1862 W ContextScopeImpl: thread=1 tried to enter the scope of the application context. Ignored.
07-21 10:46:56.734   144   144 I ActivityManager: Start proc android.process.media for broadcast com.android.providers.downloads/.DownloadReceiver: pid=1883 uid=10012 gids={1015, 1023, 1024, 2001, 3003, 3007}
07-21 10:46:56.765  1883  1883 I ActivityThread: Pub downloads: com.android.providers.downloads.DownloadProvider
07-21 10:46:56.777  1883  1883 I ActivityThread: Pub drm: com.android.providers.drm.DrmProvider
07-21 10:46:56.777  1883  1897 I DownloadManager: in removeSpuriousFiles
07-21 10:46:56.785  1883  1883 I ActivityThread: Pub media: com.android.providers.media.MediaProvider
07-21 10:46:56.800  1883  1897 I DownloadManager: in removeSpuriousFiles, preserving file /data/data/com.android.providers.downloads/cache/metadata.json
07-21 10:46:56.800  1883  1897 I DownloadManager: in removeSpuriousFiles, preserving file /data/data/com.android.providers.downloads/cache/en_general.htm
07-21 10:46:56.800  1883  1897 I DownloadManager: in removeSpuriousFiles, preserving file /mnt/sdcard/Download/img-thing.jpeg
07-21 10:46:56.804  1883  1897 I DownloadManager: in removeSpuriousFiles, preserving file /data/data/com.android.providers.downloads/cache/metadata-1.json
07-21 10:46:56.804  1883  1897 I DownloadManager: in removeSpuriousFiles, preserving file /data/data/com.android.providers.downloads/cache/downloadfile.jpeg
07-21 10:46:56.804  1883  1897 I DownloadManager: in removeSpuriousFiles, preserving file /data/data/com.android.providers.downloads/cache/metadata-2.json
07-21 10:46:56.804  1883  1897 I DownloadManager: in removeSpuriousFiles, preserving file /data/data/com.android.providers.downloads/cache/metadata-3.json
07-21 10:46:56.804  1883  1897 I DownloadManager: in removeSpuriousFiles, preserving file /data/data/com.android.providers.downloads/cache/downloadfile-1.jpeg
07-21 10:46:56.804  1883  1897 I DownloadManager: in removeSpuriousFiles, preserving file /data/data/com.android.providers.downloads/cache/downloadfile-2.jpeg
07-21 10:46:56.804  1883  1897 I DownloadManager: in removeSpuriousFiles, preserving file /data/data/com.android.providers.downloads/cache/metadata-4.json
07-21 10:46:56.804  1883  1897 I DownloadManager: in removeSpuriousFiles, preserving file /data/data/com.android.providers.downloads/cache/metadata-5.json
07-21 10:46:56.804  1883  1897 I DownloadManager: in removeSpuriousFiles, preserving file /data/data/com.android.providers.downloads/cache/metadata-6.json
07-21 10:46:56.804  1883  1897 I DownloadManager: in removeSpuriousFiles, preserving file /data/data/com.android.providers.downloads/cache/metadata-7.json
07-21 10:46:56.808  1883  1897 I DownloadManager: deleting spurious file /cache/backup
07-21 10:46:56.875   144   193 E NetdConnector: Communications error
07-21 10:46:56.875   144   193 E NetdConnector: java.io.IOException: Connection refused
07-21 10:46:56.875   144   193 E NetdConnector: 	at android.net.LocalSocketImpl.connectLocal(Native Method)
07-21 10:46:56.875   144   193 E NetdConnector: 	at android.net.LocalSocketImpl.connect(LocalSocketImpl.java:238)
07-21 10:46:56.875   144   193 E NetdConnector: 	at android.net.LocalSocket.connect(LocalSocket.java:98)
07-21 10:46:56.875   144   193 E NetdConnector: 	at com.android.server.NativeDaemonConnector.listenToSocket(NativeDaemonConnector.java:119)
07-21 10:46:56.875   144   193 E NetdConnector: 	at com.android.server.NativeDaemonConnector.run(NativeDaemonConnector.java:88)
07-21 10:46:56.875   144   193 E NetdConnector: 	at java.lang.Thread.run(Thread.java:856)
07-21 10:46:56.875   144   193 E NetdConnector: Error in NativeDaemonConnector
07-21 10:46:56.875   144   193 E NetdConnector: java.io.IOException: Connection refused
07-21 10:46:56.875   144   193 E NetdConnector: 	at android.net.LocalSocketImpl.connectLocal(Native Method)
07-21 10:46:56.875   144   193 E NetdConnector: 	at android.net.LocalSocketImpl.connect(LocalSocketImpl.java:238)
07-21 10:46:56.875   144   193 E NetdConnector: 	at android.net.LocalSocket.connect(LocalSocket.java:98)
07-21 10:46:56.875   144   193 E NetdConnector: 	at com.android.server.NativeDaemonConnector.listenToSocket(NativeDaemonConnector.java:119)
07-21 10:46:56.875   144   193 E NetdConnector: 	at com.android.server.NativeDaemonConnector.run(NativeDaemonConnector.java:88)
07-21 10:46:56.875   144   193 E NetdConnector: 	at java.lang.Thread.run(Thread.java:856)
07-21 10:46:56.980  1898  1898 I Netd    : Netd 1.0 starting
07-21 10:46:57.140   144   161 W ProcessStats: Skipping unknown process pid 1911
07-21 10:46:57.152  1883  1885 D dalvikvm: GC_CONCURRENT freed 364K, 5% free 9171K/9607K, paused 3ms+2ms
07-21 10:46:57.339   144   147 D dalvikvm: GC_CONCURRENT freed 1999K, 22% free 18020K/23047K, paused 2ms+12ms
07-21 10:46:57.339   144  8560 I ActivityManager: Start proc com.google.android.apps.uploader for broadcast com.google.android.apps.uploader/.ConnectivityBroadcastReceiver: pid=1919 uid=10030 gids={3003}
07-21 10:46:57.371  1919  1919 I dalvikvm: Turning on JNI app bug workarounds for target SDK version 11...
07-21 10:46:57.421  1919  1919 I ActivityThread: Pub com.google.android.apps.uploader: com.google.android.apps.uploader.UploadsContentProvider
07-21 10:46:57.421  1919  1919 I ActivityThread: Pub com.google.photos.provider.Album: com.google.android.apps.uploader.clients.picasa.AlbumProvider
07-21 10:46:57.429  1919  1919 D MediaUploader: UploaderApplication.onCreate
07-21 10:46:57.457  1919  1919 D MediaUploader: nonWifiLimit=20971520, default=20971520
07-21 10:46:57.476  1919  1919 I MediaUploader: No need to wake up
07-21 10:46:57.496   144  1184 I ActivityManager: Start proc com.google.android.apps.plus for broadcast com.google.android.apps.plus/com.google.android.picasasync.ConnectivityReceiver: pid=1935 uid=10060 gids={3003, 3002, 1015, 1006}
07-21 10:46:57.546   144   497 I ActivityManager: Process com.google.android.gsf.login (pid 1841) has died.
07-21 10:46:57.707  1935  1938 D dalvikvm: GC_CONCURRENT freed 170K, 3% free 9366K/9607K, paused 2ms+3ms
07-21 10:46:57.882  1935  1935 I ActivityThread: Pub com.google.android.apps.plus.content.ApiProvider: com.google.android.apps.plus.content.EsApiProvider
07-21 10:46:57.918  1935  1935 I ActivityThread: Pub com.google.android.apps.plus.content.EsGooglePhotoProvider: com.google.android.picasasync.PicasaContentProvider
07-21 10:46:58.015   144   498 I ActivityManager: Process com.google.android.apps.docs (pid 1862) has died.
07-21 10:46:58.070  1935  1938 D dalvikvm: GC_CONCURRENT freed 336K, 5% free 9580K/9991K, paused 2ms+2ms
07-21 10:46:58.093  1935  1935 I ActivityThread: Pub com.google.android.apps.plus.content.EsPicasaStoreProvider: com.google.android.picasastore.PicasaPhotoContentProvider
07-21 10:46:58.097  1935  1935 I ActivityThread: Pub com.google.plus.platform: com.google.android.apps.plus.content.AdsProvider
07-21 10:46:58.101  1935  1935 I ActivityThread: Pub com.google.android.apps.plus.iu.EsGoogleIuProvider: com.google.android.apps.plus.iu.InstantUploadProvider
07-21 10:46:58.175  1935  1938 D dalvikvm: GC_CONCURRENT freed 501K, 6% free 9608K/10183K, paused 2ms+5ms
07-21 10:46:58.183  1935  1935 I ActivityThread: Pub com.google.android.apps.plus.content.EsProvider: com.google.android.apps.plus.content.EsProvider
07-21 10:46:58.214  1935  1949 D PicasaPhotoCP: set fsid first time:-1
07-21 10:46:58.265   144  1184 I ActivityManager: Start proc com.google.android.youtube for broadcast com.google.android.youtube/.app.prefetch.PrefetchService$DeviceStateReceiver: pid=1953 uid=10057 gids={3003, 1015, 1006}
07-21 10:46:58.445  1935  1966 D PicasaSync: sync account database
07-21 10:46:58.461  1953  1955 D dalvikvm: GC_CONCURRENT freed 172K, 3% free 9360K/9607K, paused 1ms+2ms
07-21 10:46:58.480  1935  1938 D dalvikvm: GC_CONCURRENT freed 298K, 4% free 9853K/10247K, paused 20ms+7ms
07-21 10:46:58.543  1953  1953 I ActivityThread: Pub com.google.android.youtube.SuggestionProvider: com.google.android.youtube.core.suggest.SuggestionProvider
07-21 10:46:58.621   144   204 D Tethering: MasterInitialState.processMessage what=3
07-21 10:46:58.629  1935  1966 D PicasaSync: accounts in DB=1
07-21 10:46:58.644  1935  1966 D PicasaSyncManager: active network: NetworkInfo: type: mobile[CDMA - EvDo rev. A], state: CONNECTED/CONNECTED, reason: (unspecified), extra: , roaming: false, failover: false, isAvailable: true
07-21 10:46:58.644  1935  1966 D PicasaSyncManager: background data: true
07-21 10:46:58.664   144   204 D Tethering: MasterInitialState.processMessage what=3
07-21 10:46:58.687  1935  1966 D PicasaSyncManager: battery info: false
07-21 10:46:58.820  1935  1938 D dalvikvm: GC_CONCURRENT freed 191K, 3% free 10074K/10375K, paused 41ms+14ms
07-21 10:46:58.968   144   498 I ActivityManager: Process com.google.android.apps.uploader (pid 1919) has died.
07-21 10:46:58.988  1953  1955 D dalvikvm: GC_CONCURRENT freed 370K, 5% free 9550K/9991K, paused 14ms+12ms
07-21 10:46:59.004  1953  1962 W CursorWrapperInner: Cursor finalized without prior close()
07-21 10:46:59.007  1953  1962 W CursorWrapperInner: Cursor finalized without prior close()
07-21 10:46:59.058  1935  1938 D dalvikvm: GC_CONCURRENT freed 141K, 3% free 10364K/10631K, paused 4ms+2ms
07-21 10:46:59.089  1953  1955 D dalvikvm: GC_CONCURRENT freed 334K, 4% free 9777K/10183K, paused 2ms+2ms
07-21 10:46:59.156   144   200 D ConnectivityService: handleInetConditionHoldEnd: net=0, condition=100, published condition=100
07-21 10:46:59.203   220   222 D dalvikvm: GC_CONCURRENT freed 276K, 31% free 9893K/14215K, paused 2ms+3ms
07-21 10:46:59.203  1953  1955 D dalvikvm: GC_CONCURRENT freed 367K, 5% free 9937K/10375K, paused 2ms+9ms
07-21 10:46:59.312  1953  1955 D dalvikvm: GC_CONCURRENT freed 437K, 5% free 10059K/10567K, paused 2ms+3ms
07-21 10:46:59.433   144   385 I ActivityManager: Start proc com.google.android.gsf.login for service com.google.android.gsf.login/com.google.android.gsf.loginservice.GoogleLoginService: pid=1990 uid=10009 gids={3003, 1015, 1007, 2001, 3006}
07-21 10:46:59.453  1953  1955 D dalvikvm: GC_CONCURRENT freed 388K, 5% free 10236K/10695K, paused 2ms+6ms
07-21 10:46:59.515    79    79 D dalvikvm: GC_EXPLICIT freed 38K, 4% free 9031K/9347K, paused 2ms+2ms
07-21 10:46:59.566    79    79 D dalvikvm: GC_EXPLICIT freed <1K, 4% free 9031K/9347K, paused 3ms+2ms
07-21 10:46:59.597    79    79 D dalvikvm: GC_EXPLICIT freed <1K, 4% free 9031K/9347K, paused 1ms+2ms
07-21 10:46:59.597   144   156 I ActivityManager: Process com.google.android.apps.plus (pid 1935) has died.
07-21 10:46:59.707   144  1184 I ActivityManager: Start proc com.google.android.apps.docs for broadcast com.google.android.apps.docs/.receivers.NetworkChangeReceiver: pid=2012 uid=10077 gids={3003, 1015, 1006}
07-21 10:46:59.820  1953  1955 D dalvikvm: GC_CONCURRENT freed 320K, 4% free 10363K/10759K, paused 2ms+3ms
07-21 10:46:59.906   144  8560 I ActivityManager: Process android.process.media (pid 1883) has died.
07-21 10:46:59.968  2012  2012 I PackageInfoHelper: Provided clientMode=RELEASE, packageInfo=PackageInfo{413496e8 com.google.android.apps.docs}
07-21 10:46:59.968  2012  2012 I ActivityThread: Pub com.google.android.apps.docs.files: com.google.android.apps.docs.sync.filemanager.FileProvider
07-21 10:46:59.968  2012  2012 I ActivityThread: Pub com.google.android.apps.docs.doclist.search_suggest: com.google.android.apps.docs.doclist.DocListGlobalSearchSuggestionProvider
07-21 10:47:00.097  2012  2015 D dalvikvm: GC_CONCURRENT freed 220K, 4% free 9315K/9607K, paused 3ms+2ms
07-21 10:47:00.191  2012  2015 D dalvikvm: GC_CONCURRENT freed 466K, 6% free 9387K/9927K, paused 2ms+2ms
07-21 10:47:00.269  2012  2015 D dalvikvm: GC_CONCURRENT freed 494K, 6% free 9422K/9991K, paused 2ms+3ms
07-21 10:47:00.359  2012  2015 D dalvikvm: GC_CONCURRENT freed 529K, 7% free 9450K/10055K, paused 2ms+2ms
07-21 10:47:00.441  2012  2015 D dalvikvm: GC_CONCURRENT freed 485K, 6% free 9474K/10055K, paused 1ms+3ms
07-21 10:47:00.539  2012  2015 D dalvikvm: GC_CONCURRENT freed 496K, 6% free 9520K/10119K, paused 2ms+2ms
07-21 10:47:00.671  2012  2015 D dalvikvm: GC_CONCURRENT freed 334K, 5% free 9637K/10119K, paused 2ms+2ms
07-21 10:47:00.789  2012  2015 D dalvikvm: GC_CONCURRENT freed 412K, 5% free 9752K/10247K, paused 1ms+3ms
07-21 10:47:00.796  2012  2012 D ContextScopeImpl: in ContextScope.getContextOrDefault for thread=1
07-21 10:47:00.796  2012  2012 D ContextScopeImpl: returning application context for thread=1
07-21 10:47:00.808  2012  2012 I FeatureCheckerImpl: Configured disabled features: []
07-21 10:47:00.808  2012  2012 D ContextScopeImpl: in ContextScope.getContextOrDefault for thread=1
07-21 10:47:00.808  2012  2012 D ContextScopeImpl: returning application context for thread=1
07-21 10:47:00.820  2012  2012 D ContextScopeImpl: in ContextScope.enter for thread=1
07-21 10:47:00.820  2012  2012 W ContextScopeImpl: thread=1 tried to enter the scope of the application context. Ignored.
07-21 10:47:00.820  2012  2012 D ContextScopeImpl: in ContextScope.getContextOrDefault for thread=1
07-21 10:47:00.820  2012  2012 D ContextScopeImpl: returning application context for thread=1
07-21 10:47:00.824  2012  2012 D DocListDatabase: openHelper points on new database: DocList.db
07-21 10:47:00.824  2012  2012 D DocListDatabase: in openWriteDatabase
07-21 10:47:00.832  2012  2012 I ActivityThread: Pub com.google.android.apps.docs.doclist.account_suggest: com.google.android.apps.docs.doclist.DocListAccountSuggestionProvider
07-21 10:47:00.832  2012  2012 D ContextScopeImpl: in ContextScope.enter for thread=1
07-21 10:47:00.832  2012  2012 W ContextScopeImpl: thread=1 tried to enter the scope of the application context. Ignored.
07-21 10:47:00.836  2012  2012 I ActivityThread: Pub com.google.android.apps.docs: com.google.android.apps.docs.providers.DocListProvider
07-21 10:47:00.836  2012  2012 D ContextScopeImpl: in ContextScope.enter for thread=1
07-21 10:47:00.836  2012  2012 W ContextScopeImpl: thread=1 tried to enter the scope of the application context. Ignored.
07-21 10:47:00.839  2012  2012 W ContextScopeImpl: thread=1 tried to enter the scope of the application context. Ignored.
07-21 10:47:00.867  2012  2029 W ContextScopeImpl: thread=5490 tried to enter the scope of the application context. Ignored.
07-21 10:47:00.879   144   498 I ActivityManager: Process com.google.android.youtube (pid 1953) has died.
07-21 10:47:00.910  2012  2012 W ContextScopeImpl: thread=1 tried to enter the scope of the application context. Ignored.
07-21 10:47:00.929   144  1184 I ActivityManager: Start proc android.process.media for broadcast com.android.providers.downloads/.DownloadReceiver: pid=2032 uid=10012 gids={1015, 1023, 1024, 2001, 3003, 3007}
07-21 10:47:00.957  2032  2032 I ActivityThread: Pub downloads: com.android.providers.downloads.DownloadProvider
07-21 10:47:00.968  2032  2032 I ActivityThread: Pub drm: com.android.providers.drm.DrmProvider
07-21 10:47:00.968  2032  2046 I DownloadManager: in removeSpuriousFiles
07-21 10:47:00.980  2032  2032 I ActivityThread: Pub media: com.android.providers.media.MediaProvider
07-21 10:47:00.996  2032  2046 I DownloadManager: in removeSpuriousFiles, preserving file /data/data/com.android.providers.downloads/cache/metadata.json
07-21 10:47:00.996  2032  2046 I DownloadManager: in removeSpuriousFiles, preserving file /data/data/com.android.providers.downloads/cache/en_general.htm
07-21 10:47:00.996  2032  2046 I DownloadManager: in removeSpuriousFiles, preserving file /mnt/sdcard/Download/img-thing.jpeg
07-21 10:47:00.996  2032  2046 I DownloadManager: in removeSpuriousFiles, preserving file /data/data/com.android.providers.downloads/cache/metadata-1.json
07-21 10:47:00.996  2032  2046 I DownloadManager: in removeSpuriousFiles, preserving file /data/data/com.android.providers.downloads/cache/downloadfile.jpeg
07-21 10:47:00.996  2032  2046 I DownloadManager: in removeSpuriousFiles, preserving file /data/data/com.android.providers.downloads/cache/metadata-2.json
07-21 10:47:00.996  2032  2046 I DownloadManager: in removeSpuriousFiles, preserving file /data/data/com.android.providers.downloads/cache/metadata-3.json
07-21 10:47:01.000  2032  2046 I DownloadManager: in removeSpuriousFiles, preserving file /data/data/com.android.providers.downloads/cache/downloadfile-1.jpeg
07-21 10:47:01.000  2032  2046 I DownloadManager: in removeSpuriousFiles, preserving file /data/data/com.android.providers.downloads/cache/downloadfile-2.jpeg
07-21 10:47:01.000  2032  2046 I DownloadManager: in removeSpuriousFiles, preserving file /data/data/com.android.providers.downloads/cache/metadata-4.json
07-21 10:47:01.000  2032  2046 I DownloadManager: in removeSpuriousFiles, preserving file /data/data/com.android.providers.downloads/cache/metadata-5.json
07-21 10:47:01.000  2032  2046 I DownloadManager: in removeSpuriousFiles, preserving file /data/data/com.android.providers.downloads/cache/metadata-6.json
07-21 10:47:01.000  2032  2046 I DownloadManager: in removeSpuriousFiles, preserving file /data/data/com.android.providers.downloads/cache/metadata-7.json
07-21 10:47:01.000  2032  2046 I DownloadManager: deleting spurious file /cache/backup
07-21 10:47:01.265  2032  2034 D dalvikvm: GC_CONCURRENT freed 368K, 5% free 9167K/9607K, paused 13ms+2ms
07-21 10:47:01.343   144   497 I ActivityManager: Start proc com.google.android.apps.uploader for broadcast com.google.android.apps.uploader/.ConnectivityBroadcastReceiver: pid=2050 uid=10030 gids={3003}
07-21 10:47:01.351  2050  2050 I dalvikvm: Turning on JNI app bug workarounds for target SDK version 11...
07-21 10:47:01.406  2050  2050 I ActivityThread: Pub com.google.android.apps.uploader: com.google.android.apps.uploader.UploadsContentProvider
07-21 10:47:01.406  2050  2050 I ActivityThread: Pub com.google.photos.provider.Album: com.google.android.apps.uploader.clients.picasa.AlbumProvider
07-21 10:47:01.500   144  1184 D dalvikvm: GC_EXPLICIT freed 1140K, 22% free 18012K/23047K, paused 2ms+8ms
07-21 10:47:01.500  2050  2050 D MediaUploader: UploaderApplication.onCreate
07-21 10:47:01.539  2050  2050 D MediaUploader: nonWifiLimit=20971520, default=20971520
07-21 10:47:01.543  2050  2050 I MediaUploader: No need to wake up
07-21 10:47:01.570   144  8560 I ActivityManager: Start proc com.google.android.apps.plus for broadcast com.google.android.apps.plus/com.google.android.picasasync.ConnectivityReceiver: pid=2066 uid=10060 gids={3003, 3002, 1015, 1006}
07-21 10:47:01.609   144 30155 I ActivityManager: Process com.google.android.gsf.login (pid 1990) has died.
07-21 10:47:01.836  2066  2067 D dalvikvm: GC_CONCURRENT freed 157K, 3% free 9379K/9607K, paused 2ms+2ms
07-21 10:47:01.992  2066  2066 I ActivityThread: Pub com.google.android.apps.plus.content.ApiProvider: com.google.android.apps.plus.content.EsApiProvider
07-21 10:47:02.031  2066  2066 I ActivityThread: Pub com.google.android.apps.plus.content.EsGooglePhotoProvider: com.google.android.picasasync.PicasaContentProvider
07-21 10:47:02.175  2066  2067 D dalvikvm: GC_CONCURRENT freed 275K, 4% free 9641K/9991K, paused 1ms+2ms
07-21 10:47:02.203  2066  2066 I ActivityThread: Pub com.google.android.apps.plus.content.EsPicasaStoreProvider: com.google.android.picasastore.PicasaPhotoContentProvider
07-21 10:47:02.226  2066  2066 I ActivityThread: Pub com.google.plus.platform: com.google.android.apps.plus.content.AdsProvider
07-21 10:47:02.226  2066  2066 I ActivityThread: Pub com.google.android.apps.plus.iu.EsGoogleIuProvider: com.google.android.apps.plus.iu.InstantUploadProvider
07-21 10:47:02.289   144   335 I ActivityManager: Process com.google.android.apps.docs (pid 2012) has died.
07-21 10:47:02.308  2066  2067 D dalvikvm: GC_CONCURRENT freed 558K, 6% free 9650K/10247K, paused 2ms+2ms
07-21 10:47:02.316  2066  2066 I ActivityThread: Pub com.google.android.apps.plus.content.EsProvider: com.google.android.apps.plus.content.EsProvider
07-21 10:47:02.367  2066  2066 D dalvikvm: GC_FOR_ALLOC freed 136K, 5% free 9745K/10247K, paused 16ms
07-21 10:47:02.414  2066  2080 D PicasaPhotoCP: set fsid first time:-1
07-21 10:47:02.425   144 29906 I ActivityManager: Start proc com.google.android.youtube for broadcast com.google.android.youtube/.app.prefetch.PrefetchService$DeviceStateReceiver: pid=2087 uid=10057 gids={3003, 1015, 1006}
07-21 10:47:02.472  2066  2086 D PicasaSync: sync account database
07-21 10:47:02.660  2087  2090 D dalvikvm: GC_CONCURRENT freed 157K, 3% free 9358K/9607K, paused 3ms+2ms
07-21 10:47:02.707  2087  2087 I ActivityThread: Pub com.google.android.youtube.SuggestionProvider: com.google.android.youtube.core.suggest.SuggestionProvider
07-21 10:47:02.711  2066  2086 D PicasaSync: accounts in DB=1
07-21 10:47:02.714  2066  2086 D PicasaSyncManager: active network: NetworkInfo: type: mobile[CDMA - EvDo rev. A], state: CONNECTED/CONNECTED, reason: (unspecified), extra: , roaming: false, failover: false, isAvailable: true
07-21 10:47:02.714  2066  2086 D PicasaSyncManager: background data: true
07-21 10:47:02.820   144  8560 I ActivityManager: Process com.google.android.apps.uploader (pid 2050) has died.
07-21 10:47:02.968  2066  2067 D dalvikvm: GC_CONCURRENT freed 279K, 4% free 9916K/10311K, paused 95ms+2ms
07-21 10:47:03.031  2066  2086 D PicasaSyncManager: battery info: false
07-21 10:47:03.113  2087  2090 D dalvikvm: GC_CONCURRENT freed 374K, 5% free 9545K/9991K, paused 13ms+3ms
07-21 10:47:03.117  2087  2096 W CursorWrapperInner: Cursor finalized without prior close()
07-21 10:47:03.117  2087  2096 W CursorWrapperInner: Cursor finalized without prior close()
07-21 10:47:03.230  2087  2090 D dalvikvm: GC_CONCURRENT freed 384K, 5% free 9727K/10183K, paused 1ms+3ms
07-21 10:47:03.316  2087  2090 D dalvikvm: GC_CONCURRENT freed 309K, 4% free 9930K/10311K, paused 2ms+3ms
07-21 10:47:03.418  2087  2090 D dalvikvm: GC_CONCURRENT freed 434K, 5% free 10062K/10567K, paused 2ms+2ms
07-21 10:47:03.461   144 28547 I ActivityManager: Start proc com.google.android.gsf.login for service com.google.android.gsf.login/com.google.android.gsf.loginservice.GoogleLoginService: pid=2123 uid=10009 gids={3003, 1015, 1007, 2001, 3006}
07-21 10:47:03.523  2087  2090 D dalvikvm: GC_CONCURRENT freed 349K, 4% free 10275K/10695K, paused 2ms+3ms
07-21 10:47:03.574   144   498 I ActivityManager: Process com.google.android.apps.plus (pid 2066) has died.
07-21 10:47:03.816   144  8560 I ActivityManager: Start proc com.google.android.apps.docs for broadcast com.google.android.apps.docs/.receivers.NetworkChangeReceiver: pid=2146 uid=10077 gids={3003, 1015, 1006}
07-21 10:47:03.945  2087  2090 D dalvikvm: GC_CONCURRENT freed 404K, 5% free 10350K/10887K, paused 3ms+11ms
07-21 10:47:03.976   144  1185 I ActivityManager: Process android.process.media (pid 2032) has died.
07-21 10:47:04.066  2146  2146 I PackageInfoHelper: Provided clientMode=RELEASE, packageInfo=PackageInfo{4134eb10 com.google.android.apps.docs}
07-21 10:47:04.070  2146  2146 I ActivityThread: Pub com.google.android.apps.docs.files: com.google.android.apps.docs.sync.filemanager.FileProvider
07-21 10:47:04.070  2146  2146 I ActivityThread: Pub com.google.android.apps.docs.doclist.search_suggest: com.google.android.apps.docs.doclist.DocListGlobalSearchSuggestionProvider
07-21 10:47:04.183  2146  2148 D dalvikvm: GC_CONCURRENT freed 228K, 4% free 9308K/9607K, paused 5ms+2ms
07-21 10:47:04.273  2146  2148 D dalvikvm: GC_CONCURRENT freed 463K, 6% free 9391K/9927K, paused 1ms+2ms
07-21 10:47:04.359  2146  2148 D dalvikvm: GC_CONCURRENT freed 502K, 6% free 9415K/9991K, paused 2ms+2ms
07-21 10:47:04.441  2146  2148 D dalvikvm: GC_CONCURRENT freed 530K, 7% free 9449K/10055K, paused 2ms+2ms
07-21 10:47:04.515  2146  2148 D dalvikvm: GC_CONCURRENT freed 484K, 6% free 9476K/10055K, paused 1ms+2ms
07-21 10:47:04.625  2146  2148 D dalvikvm: GC_CONCURRENT freed 498K, 6% free 9539K/10119K, paused 1ms+3ms
07-21 10:47:04.773  2146  2148 D dalvikvm: GC_CONCURRENT freed 397K, 6% free 9673K/10183K, paused 1ms+3ms
07-21 10:47:04.855  2146  2146 D ContextScopeImpl: in ContextScope.getContextOrDefault for thread=1
07-21 10:47:04.855  2146  2146 D ContextScopeImpl: returning application context for thread=1
07-21 10:47:04.871  2146  2146 I FeatureCheckerImpl: Configured disabled features: []
07-21 10:47:04.871  2146  2146 D ContextScopeImpl: in ContextScope.getContextOrDefault for thread=1
07-21 10:47:04.871  2146  2146 D ContextScopeImpl: returning application context for thread=1
07-21 10:47:04.894  2146  2146 D ContextScopeImpl: in ContextScope.enter for thread=1
07-21 10:47:04.894  2146  2146 W ContextScopeImpl: thread=1 tried to enter the scope of the application context. Ignored.
07-21 10:47:04.894  2146  2146 D ContextScopeImpl: in ContextScope.getContextOrDefault for thread=1
07-21 10:47:04.894  2146  2146 D ContextScopeImpl: returning application context for thread=1
07-21 10:47:04.898  2146  2146 D DocListDatabase: openHelper points on new database: DocList.db
07-21 10:47:04.898  2146  2146 D DocListDatabase: in openWriteDatabase
07-21 10:47:04.910  2146  2148 D dalvikvm: GC_CONCURRENT freed 373K, 5% free 9788K/10247K, paused 1ms+13ms
07-21 10:47:04.910  2146  2146 I ActivityThread: Pub com.google.android.apps.docs.doclist.account_suggest: com.google.android.apps.docs.doclist.DocListAccountSuggestionProvider
07-21 10:47:04.914  2146  2146 D ContextScopeImpl: in ContextScope.enter for thread=1
07-21 10:47:04.914  2146  2146 W ContextScopeImpl: thread=1 tried to enter the scope of the application context. Ignored.
07-21 10:47:04.914  2146  2146 I ActivityThread: Pub com.google.android.apps.docs: com.google.android.apps.docs.providers.DocListProvider
07-21 10:47:04.921  2146  2146 D ContextScopeImpl: in ContextScope.enter for thread=1
07-21 10:47:04.921  2146  2146 W ContextScopeImpl: thread=1 tried to enter the scope of the application context. Ignored.
07-21 10:47:04.925  2146  2146 W ContextScopeImpl: thread=1 tried to enter the scope of the application context. Ignored.
07-21 10:47:04.933  2146  2162 W ContextScopeImpl: thread=5508 tried to enter the scope of the application context. Ignored.
07-21 10:47:04.949   144  1184 I ActivityManager: Process com.google.android.youtube (pid 2087) has died.
07-21 10:47:04.984  2146  2146 W ContextScopeImpl: thread=1 tried to enter the scope of the application context. Ignored.
07-21 10:47:05.000   144 29906 I ActivityManager: Start proc android.process.media for broadcast com.android.providers.downloads/.DownloadReceiver: pid=2165 uid=10012 gids={1015, 1023, 1024, 2001, 3003, 3007}
07-21 10:47:05.031  2165  2165 I ActivityThread: Pub downloads: com.android.providers.downloads.DownloadProvider
07-21 10:47:05.043  2165  2165 I ActivityThread: Pub drm: com.android.providers.drm.DrmProvider
07-21 10:47:05.043  2165  2179 I DownloadManager: in removeSpuriousFiles
07-21 10:47:05.050  2165  2165 I ActivityThread: Pub media: com.android.providers.media.MediaProvider
07-21 10:47:05.070  2165  2179 I DownloadManager: in removeSpuriousFiles, preserving file /data/data/com.android.providers.downloads/cache/metadata.json
07-21 10:47:05.070  2165  2179 I DownloadManager: in removeSpuriousFiles, preserving file /data/data/com.android.providers.downloads/cache/en_general.htm
07-21 10:47:05.070  2165  2179 I DownloadManager: in removeSpuriousFiles, preserving file /mnt/sdcard/Download/img-thing.jpeg
07-21 10:47:05.070  2165  2179 I DownloadManager: in removeSpuriousFiles, preserving file /data/data/com.android.providers.downloads/cache/metadata-1.json
07-21 10:47:05.070  2165  2179 I DownloadManager: in removeSpuriousFiles, preserving file /data/data/com.android.providers.downloads/cache/downloadfile.jpeg
07-21 10:47:05.070  2165  2179 I DownloadManager: in removeSpuriousFiles, preserving file /data/data/com.android.providers.downloads/cache/metadata-2.json
07-21 10:47:05.070  2165  2179 I DownloadManager: in removeSpuriousFiles, preserving file /data/data/com.android.providers.downloads/cache/metadata-3.json
07-21 10:47:05.070  2165  2179 I DownloadManager: in removeSpuriousFiles, preserving file /data/data/com.android.providers.downloads/cache/downloadfile-1.jpeg
07-21 10:47:05.070  2165  2179 I DownloadManager: in removeSpuriousFiles, preserving file /data/data/com.android.providers.downloads/cache/downloadfile-2.jpeg
07-21 10:47:05.070  2165  2179 I DownloadManager: in removeSpuriousFiles, preserving file /data/data/com.android.providers.downloads/cache/metadata-4.json
07-21 10:47:05.070  2165  2179 I DownloadManager: in removeSpuriousFiles, preserving file /data/data/com.android.providers.downloads/cache/metadata-5.json
07-21 10:47:05.070  2165  2179 I DownloadManager: in removeSpuriousFiles, preserving file /data/data/com.android.providers.downloads/cache/metadata-6.json
07-21 10:47:05.070  2165  2179 I DownloadManager: in removeSpuriousFiles, preserving file /data/data/com.android.providers.downloads/cache/metadata-7.json
07-21 10:47:05.070  2165  2179 I DownloadManager: deleting spurious file /cache/backup
07-21 10:47:05.398  2165  2167 D dalvikvm: GC_CONCURRENT freed 364K, 5% free 9172K/9607K, paused 15ms+2ms
07-21 10:47:05.504   144   359 I ActivityManager: Start proc com.google.android.apps.uploader for broadcast com.google.android.apps.uploader/.ConnectivityBroadcastReceiver: pid=2183 uid=10030 gids={3003}
07-21 10:47:05.511  2183  2183 I dalvikvm: Turning on JNI app bug workarounds for target SDK version 11...
07-21 10:47:05.550 31836 31839 D dalvikvm: GC_CONCURRENT freed 404K, 6% free 10169K/10759K, paused 9ms+7ms
07-21 10:47:05.562  2183  2183 I ActivityThread: Pub com.google.android.apps.uploader: com.google.android.apps.uploader.UploadsContentProvider
07-21 10:47:05.562  2183  2183 I ActivityThread: Pub com.google.photos.provider.Album: com.google.android.apps.uploader.clients.picasa.AlbumProvider
07-21 10:47:05.566  2183  2183 D MediaUploader: UploaderApplication.onCreate
07-21 10:47:05.586   144   497 I ActivityManager: Process com.google.android.apps.docs (pid 2146) has died.
07-21 10:47:05.625  2183  2183 D MediaUploader: nonWifiLimit=20971520, default=20971520
07-21 10:47:05.629  2183  2183 I MediaUploader: No need to wake up
07-21 10:47:05.644   144   374 I ActivityManager: Start proc com.google.android.apps.plus for broadcast com.google.android.apps.plus/com.google.android.picasasync.ConnectivityReceiver: pid=2199 uid=10060 gids={3003, 3002, 1015, 1006}
07-21 10:47:05.836  2199  2201 D dalvikvm: GC_CONCURRENT freed 172K, 3% free 9364K/9607K, paused 2ms+3ms
07-21 10:47:05.886  2199  2199 I ActivityThread: Pub com.google.android.apps.plus.content.ApiProvider: com.google.android.apps.plus.content.EsApiProvider
07-21 10:47:05.898  2199  2199 I ActivityThread: Pub com.google.android.apps.plus.content.EsGooglePhotoProvider: com.google.android.picasasync.PicasaContentProvider
07-21 10:47:05.968  2199  2201 D dalvikvm: GC_CONCURRENT freed 332K, 5% free 9580K/9991K, paused 1ms+2ms
07-21 10:47:06.000  2199  2199 I ActivityThread: Pub com.google.android.apps.plus.content.EsPicasaStoreProvider: com.google.android.picasastore.PicasaPhotoContentProvider
07-21 10:47:06.011  2199  2199 I ActivityThread: Pub com.google.plus.platform: com.google.android.apps.plus.content.AdsProvider
07-21 10:47:06.011  2199  2199 I ActivityThread: Pub com.google.android.apps.plus.iu.EsGoogleIuProvider: com.google.android.apps.plus.iu.InstantUploadProvider
07-21 10:47:06.066  2199  2201 D dalvikvm: GC_CONCURRENT freed 500K, 6% free 9608K/10183K, paused 2ms+3ms
07-21 10:47:06.074  2199  2199 I ActivityThread: Pub com.google.android.apps.plus.content.EsProvider: com.google.android.apps.plus.content.EsProvider
07-21 10:47:06.113  2199  2213 D PicasaPhotoCP: set fsid first time:-1
07-21 10:47:06.148   144 14395 I ActivityManager: Start proc com.google.android.youtube for broadcast com.google.android.youtube/.app.prefetch.PrefetchService$DeviceStateReceiver: pid=2217 uid=10057 gids={3003, 1015, 1006}
07-21 10:47:06.187    79    79 D dalvikvm: GC_EXPLICIT freed 38K, 4% free 9031K/9347K, paused 2ms+2ms
07-21 10:47:06.199   144  1184 I ActivityManager: Process com.google.android.gsf.login (pid 2123) has died.
07-21 10:47:06.269    79    79 D dalvikvm: GC_EXPLICIT freed <1K, 4% free 9031K/9347K, paused 1ms+2ms
07-21 10:47:06.316    79    79 D dalvikvm: GC_EXPLICIT freed <1K, 4% free 9031K/9347K, paused 1ms+2ms
07-21 10:47:06.386  2217  2220 D dalvikvm: GC_CONCURRENT freed 178K, 3% free 9357K/9607K, paused 2ms+2ms
07-21 10:47:06.390  2217  2217 I ActivityThread: Pub com.google.android.youtube.SuggestionProvider: com.google.android.youtube.core.suggest.SuggestionProvider
07-21 10:47:06.531   144 29906 I ActivityManager: Process android.process.media (pid 2165) has died.
07-21 10:47:06.589  2217  2220 D dalvikvm: GC_CONCURRENT freed 374K, 5% free 9545K/9991K, paused 2ms+7ms
07-21 10:47:06.601  2217  2227 W CursorWrapperInner: Cursor finalized without prior close()
07-21 10:47:06.601  2217  2227 W CursorWrapperInner: Cursor finalized without prior close()
07-21 10:47:06.644  2199  2219 D PicasaSync: sync account database
07-21 10:47:06.679  2217  2220 D dalvikvm: GC_CONCURRENT freed 340K, 5% free 9771K/10183K, paused 2ms+2ms
07-21 10:47:06.773  2217  2220 D dalvikvm: GC_CONCURRENT freed 372K, 5% free 9932K/10375K, paused 2ms+2ms
07-21 10:47:06.875  2217  2220 D dalvikvm: GC_CONCURRENT freed 430K, 5% free 10066K/10567K, paused 2ms+2ms
07-21 10:47:06.921   144  8560 I ActivityManager: Start proc com.google.android.gsf.login for service com.google.android.gsf.login/com.google.android.gsf.loginservice.GoogleLoginService: pid=2253 uid=10009 gids={3003, 1015, 1007, 2001, 3006}
07-21 10:47:06.992  2217  2220 D dalvikvm: GC_CONCURRENT freed 368K, 5% free 10256K/10695K, paused 2ms+2ms
07-21 10:47:07.117 31836 31850 D dalvikvm: GC_EXPLICIT freed 144K, 6% free 10133K/10759K, paused 2ms+5ms
07-21 10:47:07.129   144   497 I ActivityManager: Process com.google.android.apps.uploader (pid 2183) has died.
07-21 10:47:07.148  2199  2201 D dalvikvm: GC_CONCURRENT freed 255K, 4% free 9885K/10247K, paused 15ms+46ms
07-21 10:47:07.207   144   144 I ActivityManager: Start proc com.google.android.apps.docs for broadcast com.google.android.apps.docs/.receivers.NetworkChangeReceiver: pid=2274 uid=10077 gids={3003, 1015, 1006}
07-21 10:47:07.324  2274  2274 I PackageInfoHelper: Provided clientMode=RELEASE, packageInfo=PackageInfo{4134a540 com.google.android.apps.docs}
07-21 10:47:07.324  2274  2274 I ActivityThread: Pub com.google.android.apps.docs.files: com.google.android.apps.docs.sync.filemanager.FileProvider
07-21 10:47:07.332  2274  2274 I ActivityThread: Pub com.google.android.apps.docs.doclist.search_suggest: com.google.android.apps.docs.doclist.DocListGlobalSearchSuggestionProvider
07-21 10:47:07.402  2274  2277 D dalvikvm: GC_CONCURRENT freed 222K, 4% free 9314K/9607K, paused 3ms+2ms
07-21 10:47:07.492  2274  2277 D dalvikvm: GC_CONCURRENT freed 467K, 6% free 9387K/9927K, paused 1ms+3ms
07-21 10:47:07.539   144   359 I ActivityManager: Process com.google.android.youtube (pid 2217) has died.
07-21 10:47:07.609  2274  2277 D dalvikvm: GC_CONCURRENT freed 497K, 6% free 9420K/9991K, paused 2ms+18ms
07-21 10:47:07.738  2274  2277 D dalvikvm: GC_CONCURRENT freed 540K, 7% free 9439K/10055K, paused 1ms+2ms
07-21 10:47:07.757   144   147 D dalvikvm: GC_CONCURRENT freed 1830K, 22% free 18160K/23047K, paused 3ms+14ms
07-21 10:47:07.847  2274  2277 D dalvikvm: GC_CONCURRENT freed 485K, 6% free 9466K/10055K, paused 2ms+2ms
07-21 10:47:07.890  2199  2219 D PicasaSync: accounts in DB=1
07-21 10:47:07.898  2199  2219 D PicasaSyncManager: active network: NetworkInfo: type: mobile[CDMA - EvDo rev. A], state: CONNECTED/CONNECTED, reason: (unspecified), extra: , roaming: false, failover: false, isAvailable: true
07-21 10:47:07.898  2199  2219 D PicasaSyncManager: background data: true
07-21 10:47:07.929  2274  2277 D dalvikvm: GC_CONCURRENT freed 472K, 6% free 9505K/10055K, paused 1ms+2ms
07-21 10:47:08.062  2274  2277 D dalvikvm: GC_CONCURRENT freed 375K, 5% free 9637K/10119K, paused 1ms+2ms
07-21 10:47:08.160  2274  2274 D ContextScopeImpl: in ContextScope.getContextOrDefault for thread=1
07-21 10:47:08.160  2274  2274 D ContextScopeImpl: returning application context for thread=1
07-21 10:47:08.175  2274  2277 D dalvikvm: GC_CONCURRENT freed 391K, 5% free 9761K/10247K, paused 2ms+3ms
07-21 10:47:08.175  2274  2274 I FeatureCheckerImpl: Configured disabled features: []
07-21 10:47:08.175  2274  2274 D ContextScopeImpl: in ContextScope.getContextOrDefault for thread=1
07-21 10:47:08.175  2274  2274 D ContextScopeImpl: returning application context for thread=1
07-21 10:47:08.179  2274  2274 D ContextScopeImpl: in ContextScope.enter for thread=1
07-21 10:47:08.179  2274  2274 W ContextScopeImpl: thread=1 tried to enter the scope of the application context. Ignored.
07-21 10:47:08.179  2274  2274 D ContextScopeImpl: in ContextScope.getContextOrDefault for thread=1
07-21 10:47:08.179  2274  2274 D ContextScopeImpl: returning application context for thread=1
07-21 10:47:08.187  2274  2274 D DocListDatabase: openHelper points on new database: DocList.db
07-21 10:47:08.187  2274  2274 D DocListDatabase: in openWriteDatabase
07-21 10:47:08.195  2274  2274 I ActivityThread: Pub com.google.android.apps.docs.doclist.account_suggest: com.google.android.apps.docs.doclist.DocListAccountSuggestionProvider
07-21 10:47:08.195  2274  2274 D ContextScopeImpl: in ContextScope.enter for thread=1
07-21 10:47:08.195  2274  2274 W ContextScopeImpl: thread=1 tried to enter the scope of the application context. Ignored.
07-21 10:47:08.195  2274  2274 I ActivityThread: Pub com.google.android.apps.docs: com.google.android.apps.docs.providers.DocListProvider
07-21 10:47:08.199  2274  2274 D ContextScopeImpl: in ContextScope.enter for thread=1
07-21 10:47:08.199  2274  2274 W ContextScopeImpl: thread=1 tried to enter the scope of the application context. Ignored.
07-21 10:47:08.203  2274  2274 W ContextScopeImpl: thread=1 tried to enter the scope of the application context. Ignored.
07-21 10:47:08.211  2274  2292 W ContextScopeImpl: thread=5526 tried to enter the scope of the application context. Ignored.
07-21 10:47:08.226  2274  2274 W ContextScopeImpl: thread=1 tried to enter the scope of the application context. Ignored.
07-21 10:47:08.242  2199  2219 D PicasaSyncManager: battery info: false
07-21 10:47:08.332  2199  2201 D dalvikvm: GC_CONCURRENT freed 234K, 4% free 10076K/10439K, paused 3ms+2ms
07-21 10:47:08.480  2199  2201 D dalvikvm: GC_CONCURRENT freed 139K, 3% free 10364K/10631K, paused 1ms+2ms
07-21 10:47:10.078  2199  2214 D dalvikvm: GC_FOR_ALLOC freed 249K, 5% free 10420K/10887K, paused 22ms
07-21 10:47:10.109  2199  2214 D dalvikvm: GC_FOR_ALLOC freed 62K, 5% free 10484K/11015K, paused 21ms
07-21 10:47:10.109  2199  2214 I dalvikvm-heap: Grow heap (frag case) to 10.555MB for 260112-byte allocation
07-21 10:47:10.136  2199  2214 D dalvikvm: GC_FOR_ALLOC freed 126K, 6% free 10612K/11271K, paused 19ms
07-21 10:47:10.160  2199  2214 D dalvikvm: GC_FOR_ALLOC freed 311K, 6% free 10605K/11271K, paused 18ms
07-21 10:47:10.179  2199  2214 D dalvikvm: GC_FOR_ALLOC freed 62K, 6% free 10668K/11271K, paused 18ms
07-21 10:47:10.179  2199  2214 I dalvikvm-heap: Grow heap (frag case) to 10.735MB for 260112-byte allocation
07-21 10:47:10.203  2199  2214 D dalvikvm: GC_FOR_ALLOC freed 126K, 7% free 10796K/11527K, paused 18ms
07-21 10:47:10.226  2199  2214 D dalvikvm: GC_FOR_ALLOC freed 369K, 6% free 10852K/11527K, paused 18ms
07-21 10:47:10.246  2199  2214 D dalvikvm: GC_FOR_ALLOC freed 126K, 5% free 10980K/11527K, paused 18ms
07-21 10:47:10.375  2199  2201 D dalvikvm: GC_CONCURRENT freed 335K, 5% free 11221K/11719K, paused 1ms+2ms
07-21 10:47:10.511  2199  2201 D dalvikvm: GC_CONCURRENT freed 141K, 3% free 11730K/11975K, paused 2ms+8ms
07-21 10:47:10.687  2199  2201 D dalvikvm: GC_CONCURRENT freed 545K, 6% free 12021K/12679K, paused 2ms+2ms
07-21 10:47:10.879  2199  2201 D dalvikvm: GC_CONCURRENT freed 210K, 3% free 12748K/13063K, paused 3ms+2ms
07-21 10:47:10.890   144   155 I ActivityManager: Process com.google.android.apps.plus (pid 2199) has died.
07-21 10:47:29.570   144 14395 I ActivityManager: Start proc com.google.android.apps.maps:LocationFriendService for service com.google.android.apps.maps/com.google.googlenav.friend.reporting.LocationReceiverService: pid=2298 uid=10056 gids={3003, 1015}
07-21 10:47:29.757  2298  2301 D dalvikvm: GC_CONCURRENT freed 158K, 3% free 9377K/9607K, paused 2ms+2ms
07-21 10:47:29.832  1504  1506 D dalvikvm: GC_CONCURRENT freed 264K, 6% free 10454K/11079K, paused 37ms+3ms
07-21 10:47:29.863  1504  1520 D dalvikvm: GC_FOR_ALLOC freed 15K, 6% free 10438K/11079K, paused 32ms
07-21 10:47:29.863  1504  1520 I dalvikvm-heap: Grow heap (frag case) to 10.274MB for 11676-byte allocation
07-21 10:47:29.937  1504  1520 D dalvikvm: GC_FOR_ALLOC freed 22K, 7% free 10427K/11143K, paused 63ms
07-21 10:47:30.011  2298  2301 D dalvikvm: GC_CONCURRENT freed 155K, 3% free 9663K/9927K, paused 4ms+2ms
07-21 10:47:30.351  2298  2301 D dalvikvm: GC_CONCURRENT freed 312K, 4% free 9854K/10247K, paused 12ms+3ms
07-21 10:47:30.429  2298  2305 I dalvikvm: Total arena pages for JIT: 11
07-21 10:47:30.429  2298  2305 I dalvikvm: Total arena pages for JIT: 12
07-21 10:47:30.429  2298  2305 I dalvikvm: Total arena pages for JIT: 13
07-21 10:47:30.429  2298  2305 I dalvikvm: Total arena pages for JIT: 14
07-21 10:47:30.429  2298  2305 I dalvikvm: Total arena pages for JIT: 15
07-21 10:47:30.433  2298  2305 I dalvikvm: Total arena pages for JIT: 16
07-21 10:47:30.433  2298  2305 I dalvikvm: Total arena pages for JIT: 17
07-21 10:47:30.504  2298  2301 D dalvikvm: GC_CONCURRENT freed 349K, 5% free 9950K/10375K, paused 5ms+2ms
07-21 10:47:31.629  1504  1506 D dalvikvm: GC_CONCURRENT freed 344K, 6% free 10506K/11143K, paused 9ms+8ms
07-21 10:47:31.855  2298  2305 I dalvikvm: Total arena pages for JIT: 18
07-21 10:48:29.597   144 29906 D dalvikvm: GC_EXPLICIT freed 520K, 22% free 18007K/23047K, paused 3ms+6ms
07-21 10:48:29.664  2298  2301 D dalvikvm: GC_CONCURRENT freed 480K, 6% free 10012K/10567K, paused 2ms+3ms
07-21 10:48:30.425   144   144 I ActivityManager: Process com.google.android.apps.docs (pid 2274) has died.
07-21 10:48:30.882   347   347 D SAN_SERVICE: *******************************************
07-21 10:48:30.882   347   347 D SAN_SERVICE: DM App Phone Service State - 0
07-21 10:48:30.882   347   347 D SAN_SERVICE: *******************************************
07-21 10:48:36.070  2329  2329 D dalvikvm: Late-enabling CheckJNI
07-21 10:48:36.078   144   161 I ActivityManager: Start proc com.chess for broadcast com.chess/.backend.AlarmReceiver: pid=2329 uid=10079 gids={3003, 1015}
07-21 10:48:36.203   144   173 I ActivityManager: Start proc com.twitter.android for service com.twitter.android/.client.AppService: pid=2342 uid=10064 gids={3003, 1015}
07-21 10:48:36.222  2342  2342 I dalvikvm: Turning on JNI app bug workarounds for target SDK version 11...
07-21 10:48:36.265  2329  2331 D dalvikvm: GC_CONCURRENT freed 159K, 3% free 9376K/9607K, paused 2ms+2ms
07-21 10:48:36.390  2342  2342 I ActivityThread: Pub com.twitter.android.provider.GlobalDatabaseProvider: com.twitter.android.provider.GlobalDatabaseProvider
07-21 10:48:36.414  2342  2342 I ActivityThread: Pub com.twitter.android.provider.TwitterProvider: com.twitter.android.provider.TwitterProvider
07-21 10:48:36.418  2329  2356 D GetStringObjTask: retrieving from url = http://www.chess.com/api/get_move_status?id=5HHjW9WUGa%2Bcu1LUwnVJPxTIWxmEve4VdkRnRyg7b5Ch69JH2Z5aB%2B7eGuFw8K2uFx47KFsdE3JRdR3Mzv0PkZOj6eZ8N73BvxmEERrzXjMNRo80rkLyJAUTh0iqof4n
07-21 10:48:36.484  2342  2344 D dalvikvm: GC_CONCURRENT freed 210K, 4% free 9277K/9607K, paused 2ms+1ms
07-21 10:48:36.738  2342  2344 D dalvikvm: GC_CONCURRENT freed 172K, 4% free 9505K/9799K, paused 8ms+2ms
07-21 10:48:36.836   144  1184 I ActivityManager: Process com.google.android.gsf.login (pid 2253) has died.
07-21 10:48:36.914  2342  2344 D dalvikvm: GC_CONCURRENT freed 307K, 5% free 9638K/10055K, paused 2ms+2ms
07-21 10:48:37.027  2342  2344 D dalvikvm: GC_CONCURRENT freed 295K, 5% free 9766K/10183K, paused 1ms+1ms
07-21 10:48:37.140  2342  2344 D dalvikvm: GC_CONCURRENT freed 309K, 5% free 9897K/10311K, paused 2ms+2ms
07-21 10:48:37.261  2342  2344 D dalvikvm: GC_CONCURRENT freed 301K, 4% free 10025K/10439K, paused 1ms+2ms
07-21 10:48:37.371  2342  2344 D dalvikvm: GC_CONCURRENT freed 294K, 4% free 10151K/10567K, paused 2ms+2ms
07-21 10:48:37.488  2342  2344 D dalvikvm: GC_CONCURRENT freed 304K, 4% free 10284K/10695K, paused 1ms+2ms
07-21 10:48:37.648  2342  2344 D dalvikvm: GC_CONCURRENT freed 468K, 6% free 10229K/10823K, paused 1ms+5ms
07-21 10:48:37.777  2342  2344 D dalvikvm: GC_CONCURRENT freed 331K, 5% free 10304K/10823K, paused 2ms+1ms
07-21 10:48:37.898  2342  2344 D dalvikvm: GC_CONCURRENT freed 308K, 5% free 10381K/10823K, paused 1ms+1ms
07-21 10:48:38.027  2342  2344 D dalvikvm: GC_CONCURRENT freed 371K, 5% free 10478K/10951K, paused 2ms+2ms
07-21 10:48:38.140  2342  2344 D dalvikvm: GC_CONCURRENT freed 349K, 5% free 10561K/11015K, paused 2ms+2ms
07-21 10:48:38.261  2342  2344 D dalvikvm: GC_CONCURRENT freed 371K, 5% free 10652K/11143K, paused 2ms+2ms
07-21 10:48:38.379  2342  2344 D dalvikvm: GC_CONCURRENT freed 363K, 5% free 10739K/11207K, paused 2ms+2ms
07-21 10:48:38.504  2342  2344 D dalvikvm: GC_CONCURRENT freed 404K, 5% free 10833K/11335K, paused 1ms+2ms
07-21 10:48:38.531   144   385 I ActivityManager: Process com.google.android.apps.maps:LocationFriendService (pid 2298) has died.
07-21 10:48:38.625  2329  2356 D GetStringObjTask: WebRequest SERVER RESPONSE: Success+0
07-21 10:48:40.453  2342  2344 D dalvikvm: GC_CONCURRENT freed 303K, 4% free 11033K/11463K, paused 2ms+2ms
07-21 10:48:43.066  2342  2344 D dalvikvm: GC_CONCURRENT freed 406K, 5% free 11229K/11719K, paused 2ms+7ms
07-21 10:48:43.953  1365  1378 I PhoneLab-: Service Running
07-21 10:48:44.082  1365  1378 I PhoneLab-LoggerService: app_37    1303  1     1440   1000  c00f181c 400107b4 S logcat
07-21 10:48:44.082  1365  1378 I PhoneLab-LoggerService: Logcat pid from database 1303
07-21 10:48:44.082  1365  1378 I PhoneLab-LoggerService: Logcat process found 1303
07-21 10:48:44.082  1365  1378 I PhoneLab-LoggerService: Checking Threshold
07-21 10:48:44.082  1365  1378 I PhoneLab-: Service Running
07-21 10:48:44.117  1365  1378 I PhoneLab-LoggerService: app_37    1303  1     1440   1000  c00f181c 400107b4 S logcat
07-21 10:48:44.117  1365  1378 I PhoneLab-LoggerService: Logcat pid from database 1303
07-21 10:48:44.117  1365  1378 I PhoneLab-LoggerService: Logcat process found 1303
07-21 10:48:44.117  1365  1378 I PhoneLab-LoggerService: Checking Threshold
07-21 10:48:44.117  1365  1378 I PhoneLab-: Service Running
07-21 10:48:44.148  1365  1378 I PhoneLab-LoggerService: app_37    1303  1     1440   1000  c00f181c 400107b4 S logcat
07-21 10:48:44.148  1365  1378 I PhoneLab-LoggerService: Logcat pid from database 1303
07-21 10:48:44.148  1365  1378 I PhoneLab-LoggerService: Logcat process found 1303
07-21 10:48:44.148  1365  1378 I PhoneLab-LoggerService: Checking Threshold
07-21 10:48:45.379  2342  2344 D dalvikvm: GC_CONCURRENT freed 409K, 5% free 11450K/11975K, paused 19ms+3ms
07-21 10:49:18.738   144   359 D AlarmManagerService: Kernel timezone updated to 240 minutes west of GMT
07-21 10:49:18.750   347   347 D SAN_SERVICE: *******************************************
07-21 10:49:18.750   347   347 D SAN_SERVICE: DM App Phone Service State - 0
07-21 10:49:18.750   347   347 D SAN_SERVICE: *******************************************
07-21 10:49:19.589   220   222 D dalvikvm: GC_CONCURRENT freed 243K, 29% free 10146K/14215K, paused 4ms+8ms
07-21 10:49:19.812   220   222 D dalvikvm: GC_CONCURRENT freed 446K, 29% free 10169K/14215K, paused 4ms+5ms
07-21 10:49:29.558  1504  1506 D dalvikvm: GC_CONCURRENT freed 401K, 6% free 10512K/11143K, paused 12ms+3ms
07-21 10:49:30.820   144  8560 I ActivityManager: Start proc com.google.android.apps.maps:LocationFriendService for service com.google.android.apps.maps/com.google.googlenav.friend.reporting.LocationReceiverService: pid=2369 uid=10056 gids={3003, 1015}
07-21 10:49:30.843   144   497 I ActivityManager: Process com.chess (pid 2329) has died.
07-21 10:49:30.996  2369  2371 D dalvikvm: GC_CONCURRENT freed 164K, 3% free 9372K/9607K, paused 2ms+2ms
07-21 10:49:31.304  2369  2371 D dalvikvm: GC_CONCURRENT freed 159K, 3% free 9682K/9927K, paused 9ms+2ms
07-21 10:49:31.320   144 29906 I ActivityManager: Process com.twitter.android (pid 2342) has died.
07-21 10:49:31.558  2369  2371 D dalvikvm: GC_CONCURRENT freed 313K, 4% free 9840K/10247K, paused 2ms+3ms
07-21 10:49:31.660  2369  2376 I dalvikvm: Total arena pages for JIT: 11
07-21 10:49:31.664  2369  2376 I dalvikvm: Total arena pages for JIT: 12
07-21 10:49:31.664  2369  2376 I dalvikvm: Total arena pages for JIT: 13
07-21 10:49:31.664  2369  2376 I dalvikvm: Total arena pages for JIT: 14
07-21 10:49:31.664  2369  2376 I dalvikvm: Total arena pages for JIT: 15
07-21 10:49:31.664  2369  2376 I dalvikvm: Total arena pages for JIT: 16
07-21 10:49:31.664  2369  2376 I dalvikvm: Total arena pages for JIT: 17
07-21 10:49:31.754  2369  2371 D dalvikvm: GC_CONCURRENT freed 348K, 5% free 9950K/10375K, paused 2ms+2ms
07-21 10:49:37.019   347   347 D SAN_SERVICE: *******************************************
07-21 10:49:37.019   347   347 D SAN_SERVICE: DM App Phone Service State - 0
07-21 10:49:37.019   347   347 D SAN_SERVICE: *******************************************
07-21 10:49:37.410   347   347 D SAN_SERVICE: *******************************************
07-21 10:49:37.410   347   347 D SAN_SERVICE: DM App Phone Service State - 0
07-21 10:49:37.410   347   347 D SAN_SERVICE: *******************************************
07-21 10:49:37.523   347   347 D SAN_SERVICE: *******************************************
07-21 10:49:37.523   347   347 D SAN_SERVICE: DM App Phone Service State - 0
07-21 10:49:37.523   347   347 D SAN_SERVICE: *******************************************
07-21 10:49:37.804   347   347 D SAN_SERVICE: *******************************************
07-21 10:49:37.804   347   347 D SAN_SERVICE: DM App Phone Service State - 0
07-21 10:49:37.808   347   347 D SAN_SERVICE: *******************************************
07-21 10:50:05.281   347   347 D SAN_SERVICE: *******************************************
07-21 10:50:05.281   347   347 D SAN_SERVICE: DM App Phone Service State - 0
07-21 10:50:05.281   347   347 D SAN_SERVICE: *******************************************
07-21 10:50:05.550   144   335 D AlarmManagerService: Kernel timezone updated to 240 minutes west of GMT
07-21 10:50:05.562   347   347 D SAN_SERVICE: *******************************************
07-21 10:50:05.562   347   347 D SAN_SERVICE: DM App Phone Service State - 0
07-21 10:50:05.562   347   347 D SAN_SERVICE: *******************************************
07-21 10:50:29.941   347   347 D SAN_SERVICE: *******************************************
07-21 10:50:29.941   347   347 D SAN_SERVICE: DM App Phone Service State - 0
07-21 10:50:29.941   347   347 D SAN_SERVICE: *******************************************
07-21 10:50:30.855  2369  2376 I dalvikvm: Total arena pages for JIT: 18
07-21 10:50:31.070  2369  2371 D dalvikvm: GC_CONCURRENT freed 514K, 6% free 9970K/10567K, paused 3ms+5ms
07-21 10:50:31.832  2369  2371 D dalvikvm: GC_CONCURRENT freed 387K, 6% free 10008K/10567K, paused 2ms+6ms
07-21 10:50:33.433   347   347 D SAN_SERVICE: *******************************************
07-21 10:50:33.433   347   347 D SAN_SERVICE: DM App Phone Service State - 0
07-21 10:50:33.433   347   347 D SAN_SERVICE: *******************************************
07-21 10:50:33.945   347   347 D SAN_SERVICE: *******************************************
07-21 10:50:33.945   347   347 D SAN_SERVICE: DM App Phone Service State - 0
07-21 10:50:33.945   347   347 D SAN_SERVICE: *******************************************
07-21 10:51:19.035   358   358 D dalvikvm: GC_EXPLICIT freed <1K, 6% free 9099K/9607K, paused 15ms+16ms
07-21 10:51:19.566   144   359 D AlarmManagerService: Kernel timezone updated to 240 minutes west of GMT
07-21 10:51:29.750  1504  1506 D dalvikvm: GC_CONCURRENT freed 503K, 6% free 10521K/11143K, paused 2ms+3ms
07-21 10:51:29.890  2369  2371 D dalvikvm: GC_CONCURRENT freed 403K, 5% free 10060K/10567K, paused 2ms+2ms
07-21 10:52:30.343   220   222 D dalvikvm: GC_CONCURRENT freed 546K, 30% free 10090K/14215K, paused 2ms+3ms
07-21 10:52:30.421   220   222 D dalvikvm: GC_CONCURRENT freed 460K, 29% free 10095K/14215K, paused 1ms+3ms
07-21 10:52:31.554   347   347 D SAN_SERVICE: *******************************************
07-21 10:52:31.554   347   347 D SAN_SERVICE: DM App Phone Service State - 0
07-21 10:52:31.554   347   347 D SAN_SERVICE: *******************************************
07-21 10:53:28.406  1365  1378 I PhoneLab-: Service Running
07-21 10:53:28.476  1365  1378 I PhoneLab-LoggerService: app_37    1303  1     1440   1000  c00f181c 400107b4 S logcat
07-21 10:53:28.476  1365  1378 I PhoneLab-LoggerService: Logcat pid from database 1303
07-21 10:53:28.476  1365  1378 I PhoneLab-LoggerService: Logcat process found 1303
07-21 10:53:28.476  1365  1378 I PhoneLab-LoggerService: Checking Threshold
07-21 10:53:28.480  1365  1378 I PhoneLab-: Service Running
07-21 10:53:28.515  1365  1378 I PhoneLab-LoggerService: app_37    1303  1     1440   1000  c00f181c 400107b4 S logcat
07-21 10:53:28.515  1365  1378 I PhoneLab-LoggerService: Logcat pid from database 1303
07-21 10:53:28.515  1365  1378 I PhoneLab-LoggerService: Logcat process found 1303
07-21 10:53:28.515  1365  1378 I PhoneLab-LoggerService: Checking Threshold
07-21 10:53:28.523  1365  1368 D dalvikvm: GC_CONCURRENT freed 394K, 6% free 9093K/9607K, paused 2ms+1ms
07-21 10:53:31.039  1504  1506 D dalvikvm: GC_CONCURRENT freed 475K, 6% free 10521K/11143K, paused 2ms+2ms
07-21 10:53:31.078  2369  2371 D dalvikvm: GC_CONCURRENT freed 493K, 6% free 10107K/10695K, paused 2ms+2ms
07-21 10:53:42.015  2408  2408 D dalvikvm: Late-enabling CheckJNI
07-21 10:53:42.015   144   161 I ActivityManager: Start proc com.chess for broadcast com.chess/.backend.AlarmReceiver: pid=2408 uid=10079 gids={3003, 1015}
07-21 10:53:42.136  2408  2411 D dalvikvm: GC_CONCURRENT freed 167K, 3% free 9369K/9607K, paused 3ms+2ms
07-21 10:53:42.285  2408  2422 D GetStringObjTask: retrieving from url = http://www.chess.com/api/get_move_status?id=5HHjW9WUGa%2Bcu1LUwnVJPxTIWxmEve4VdkRnRyg7b5Ch69JH2Z5aB%2B7eGuFw8K2uFx47KFsdE3JRdR3Mzv0PkZOj6eZ8N73BvxmEERrzXjMNRo80rkLyJAUTh0iqof4n
07-21 10:53:42.953   144   173 I ActivityManager: Start proc com.twitter.android for service com.twitter.android/.client.AppService: pid=2424 uid=10064 gids={3003, 1015}
07-21 10:53:42.957  2424  2424 I dalvikvm: Turning on JNI app bug workarounds for target SDK version 11...
07-21 10:53:43.039  2408  2422 D GetStringObjTask: WebRequest SERVER RESPONSE: Success+0
07-21 10:53:43.050  2424  2424 I ActivityThread: Pub com.twitter.android.provider.GlobalDatabaseProvider: com.twitter.android.provider.GlobalDatabaseProvider
07-21 10:53:43.062  2424  2424 I ActivityThread: Pub com.twitter.android.provider.TwitterProvider: com.twitter.android.provider.TwitterProvider
07-21 10:53:43.144  2424  2426 D dalvikvm: GC_CONCURRENT freed 191K, 4% free 9306K/9607K, paused 2ms+2ms
07-21 10:53:43.343  2424  2426 D dalvikvm: GC_CONCURRENT freed 226K, 4% free 9517K/9863K, paused 2ms+1ms
07-21 10:53:43.406   144  1185 I ActivityManager: Process com.google.android.apps.maps:LocationFriendService (pid 2369) has died.
07-21 10:53:43.500  2424  2426 D dalvikvm: GC_CONCURRENT freed 285K, 5% free 9641K/10055K, paused 1ms+2ms
07-21 10:53:43.625  2424  2426 D dalvikvm: GC_CONCURRENT freed 292K, 5% free 9765K/10183K, paused 2ms+2ms
07-21 10:53:43.746  2424  2426 D dalvikvm: GC_CONCURRENT freed 299K, 5% free 9892K/10311K, paused 2ms+2ms
07-21 10:53:43.859  2424  2426 D dalvikvm: GC_CONCURRENT freed 293K, 5% free 10019K/10439K, paused 2ms+2ms
07-21 10:53:43.984  2424  2426 D dalvikvm: GC_CONCURRENT freed 297K, 4% free 10146K/10567K, paused 4ms+2ms
07-21 10:53:44.109  2424  2426 D dalvikvm: GC_CONCURRENT freed 308K, 4% free 10281K/10695K, paused 2ms+2ms
07-21 10:53:44.269  2424  2426 D dalvikvm: GC_CONCURRENT freed 477K, 6% free 10228K/10823K, paused 2ms+2ms
07-21 10:53:44.390  2424  2426 D dalvikvm: GC_CONCURRENT freed 330K, 5% free 10304K/10823K, paused 2ms+2ms
07-21 10:53:44.515  2424  2426 D dalvikvm: GC_CONCURRENT freed 309K, 5% free 10382K/10823K, paused 1ms+2ms
07-21 10:53:44.636  2424  2426 D dalvikvm: GC_CONCURRENT freed 356K, 5% free 10474K/10951K, paused 2ms+2ms
07-21 10:53:44.750  2424  2426 D dalvikvm: GC_CONCURRENT freed 348K, 5% free 10556K/11015K, paused 2ms+2ms
07-21 10:53:44.871  2424  2426 D dalvikvm: GC_CONCURRENT freed 319K, 4% free 10658K/11079K, paused 2ms+1ms
07-21 10:53:44.996  2424  2426 D dalvikvm: GC_CONCURRENT freed 438K, 5% free 10740K/11271K, paused 2ms+2ms
07-21 10:53:45.121  2424  2426 D dalvikvm: GC_CONCURRENT freed 386K, 5% free 10846K/11335K, paused 1ms+2ms
07-21 10:53:45.976  2424  2426 D dalvikvm: GC_CONCURRENT freed 316K, 4% free 11031K/11463K, paused 2ms+2ms
07-21 10:53:46.843  2424  2438 D dalvikvm: GC_FOR_ALLOC freed 218K, 5% free 11184K/11655K, paused 48ms
07-21 10:53:46.886  2424  2438 D dalvikvm: GC_FOR_ALLOC freed 101K, 6% free 11286K/11911K, paused 26ms
07-21 10:53:46.890  2424  2438 I dalvikvm-heap: Grow heap (frag case) to 11.489MB for 418098-byte allocation
07-21 10:53:46.918  2424  2438 D dalvikvm: GC_FOR_ALLOC freed 203K, 8% free 11491K/12359K, paused 26ms
07-21 10:53:47.011  1365  1378 I PhoneLab-: Service Running
07-21 10:53:47.140  1365  1378 I PhoneLab-LoggerService: app_37    1303  1     1440   1000  c00ab7c8 40010474 D logcat
07-21 10:53:47.140  1365  1378 I PhoneLab-LoggerService: Logcat pid from database 1303
07-21 10:53:47.140  1365  1378 I PhoneLab-LoggerService: Logcat process found 1303
07-21 10:53:47.140  1365  1378 I PhoneLab-LoggerService: Checking Threshold
07-21 10:53:47.343  2424  2426 D dalvikvm: GC_CONCURRENT freed 269K, 4% free 11962K/12359K, paused 2ms+2ms
07-21 10:53:48.136   347   347 D SAN_SERVICE: *******************************************
07-21 10:53:48.136   347   347 D SAN_SERVICE: DM App Phone Service State - 0
07-21 10:53:48.136   347   347 D SAN_SERVICE: *******************************************
07-21 10:53:48.234   144   156 I ActivityManager: Process com.chess (pid 2408) has died.
07-21 10:53:48.277   347   347 D SAN_SERVICE: *******************************************
07-21 10:53:48.277   347   347 D SAN_SERVICE: DM App Phone Service State - 0
07-21 10:53:48.277   347   347 D SAN_SERVICE: *******************************************
07-21 10:53:48.371   347   347 D SAN_SERVICE: *******************************************
07-21 10:53:48.371   347   347 D SAN_SERVICE: DM App Phone Service State - 0
07-21 10:53:48.371   347   347 D SAN_SERVICE: *******************************************
07-21 10:53:49.140   347   347 D SAN_SERVICE: *******************************************
07-21 10:53:49.140   347   347 D SAN_SERVICE: DM App Phone Service State - 0
07-21 10:53:49.140   347   347 D SAN_SERVICE: *******************************************
07-21 10:53:49.660  2424  2426 D dalvikvm: GC_CONCURRENT freed 1606K, 14% free 11301K/12999K, paused 2ms+2ms
07-21 10:54:29.472   144   155 D AlarmManagerService: Kernel timezone updated to 240 minutes west of GMT
07-21 10:54:29.472   347   347 D SystemClock: Setting time of day to sec=1342882470
07-21 10:54:30.090   144   161 I ActivityManager: Start proc com.android.calendar for broadcast com.android.calendar/.widget.CalendarAppWidgetService$CalendarFactory: pid=2445 uid=10005 gids={3003}
07-21 10:54:30.183  2445  2445 I ActivityThread: Pub com.android.calendar.CalendarRecentSuggestionsProvider: com.android.calendar.CalendarRecentSuggestionsProvider
07-21 10:54:30.379   144 29906 I ActivityManager: Start proc com.android.deskclock for broadcast com.android.deskclock/.AlarmInitReceiver: pid=2461 uid=10011 gids={}
07-21 10:54:30.441   144   144 I ActivityManager: Start proc com.android.providers.calendar for content provider com.android.providers.calendar/.CalendarProvider2: pid=2469 uid=10006 gids={3003, 1015}
07-21 10:54:30.508    79    79 D dalvikvm: GC_EXPLICIT freed 37K, 4% free 9031K/9347K, paused 2ms+2ms
07-21 10:54:30.543  2469  2469 I ActivityThread: Pub com.android.calendar: com.android.providers.calendar.CalendarProvider2
07-21 10:54:30.551    79    79 D dalvikvm: GC_EXPLICIT freed <1K, 4% free 9031K/9347K, paused 3ms+2ms
07-21 10:54:30.578  2461  2461 I ActivityThread: Pub com.android.deskclock: com.android.deskclock.AlarmProvider
07-21 10:54:30.617    79    79 D dalvikvm: GC_EXPLICIT freed <1K, 4% free 9031K/9347K, paused 2ms+16ms
07-21 10:54:30.648   144   497 I ActivityManager: Process com.twitter.android (pid 2424) has died.
07-21 10:54:30.781   144   147 D dalvikvm: GC_CONCURRENT freed 1934K, 22% free 18120K/23047K, paused 3ms+9ms
07-21 10:54:30.914  2461  2487 V AlarmClock: AlarmInitReceiver finished
07-21 10:54:31.031   144   497 D dalvikvm: GC_EXPLICIT freed 218K, 22% free 17983K/23047K, paused 7ms+7ms
07-21 10:54:31.140   144   144 I ActivityManager: Start proc com.google.android.apps.maps:LocationFriendService for service com.google.android.apps.maps/com.google.googlenav.friend.reporting.LocationReceiverService: pid=2491 uid=10056 gids={3003, 1015}
07-21 10:54:32.078  2469  2469 I CalendarProvider2: Sending notification intent: Intent { act=android.intent.action.PROVIDER_CHANGED dat=content://com.android.calendar }
07-21 10:54:32.093  2491  2494 D dalvikvm: GC_CONCURRENT freed 153K, 3% free 9382K/9607K, paused 2ms+2ms
07-21 10:54:32.105  2469  2469 W ContentResolver: Failed to get type for: content://com.android.calendar (Unknown URL content://com.android.calendar)
07-21 10:54:32.214  2469  2471 D dalvikvm: GC_CONCURRENT freed 328K, 5% free 9143K/9543K, paused 2ms+2ms
07-21 10:54:32.382  2491  2494 D dalvikvm: GC_CONCURRENT freed 151K, 3% free 9684K/9927K, paused 6ms+3ms
07-21 10:54:32.574   144   144 I ActivityManager: Process com.android.deskclock (pid 2461) has died.
07-21 10:54:32.718  2491  2494 D dalvikvm: GC_CONCURRENT freed 315K, 4% free 9853K/10247K, paused 2ms+4ms
07-21 10:54:32.875  2491  2494 D dalvikvm: GC_CONCURRENT freed 343K, 5% free 9966K/10439K, paused 2ms+2ms
07-21 10:54:33.640   347   347 D SAN_SERVICE: *******************************************
07-21 10:54:33.644   347   347 D SAN_SERVICE: DM App Phone Service State - 0
07-21 10:54:33.644   347   347 D SAN_SERVICE: *******************************************
07-21 10:54:34.148   347   347 D SAN_SERVICE: *******************************************
07-21 10:54:34.148   347   347 D SAN_SERVICE: DM App Phone Service State - 0
07-21 10:54:34.148   347   347 D SAN_SERVICE: *******************************************
07-21 10:55:02.011   144   335 D AlarmManagerService: Kernel timezone updated to 240 minutes west of GMT
07-21 10:55:31.836  2491  2498 I dalvikvm: Total arena pages for JIT: 11
07-21 10:55:31.836  2491  2498 I dalvikvm: Total arena pages for JIT: 12
07-21 10:55:31.836  2491  2498 I dalvikvm: Total arena pages for JIT: 13
07-21 10:55:31.836  2491  2498 I dalvikvm: Total arena pages for JIT: 14
07-21 10:55:31.836  2491  2498 I dalvikvm: Total arena pages for JIT: 15
07-21 10:55:31.836  2491  2498 I dalvikvm: Total arena pages for JIT: 16
07-21 10:55:31.836  2491  2498 I dalvikvm: Total arena pages for JIT: 17
07-21 10:55:33.000   144   173 I ActivityManager: Start proc com.google.android.maps.mytracks for service com.google.android.maps.mytracks/com.google.android.apps.mytracks.services.RemoveTempFilesService: pid=2522 uid=10072 gids={3002, 3001, 3003, 1015}
07-21 10:55:33.199  2522  2522 I ActivityThread: Pub com.google.android.maps.mytracks.search: com.google.android.apps.mytracks.content.SearchEngineProvider
07-21 10:55:33.218  2522  2522 I ActivityThread: Pub com.google.android.maps.mytracks: com.google.android.apps.mytracks.content.MyTracksProvider
07-21 10:55:33.265  2522  2522 D MyTracks: Enabling strict mode
07-21 10:55:33.324   144   385 I ActivityManager: Process com.android.providers.calendar (pid 2469) has died.
07-21 10:55:33.371  2522  2524 D dalvikvm: GC_CONCURRENT freed 318K, 5% free 9185K/9607K, paused 2ms+2ms
07-21 10:55:33.570  2522  2522 D StrictMode: StrictMode policy violation; ~duration=274 ms: android.os.StrictMode$StrictModeDiskWriteViolation: policy=21 violation=1
07-21 10:55:33.570  2522  2522 D StrictMode: 	at android.os.StrictMode$AndroidBlockGuardPolicy.onWriteToDisk(StrictMode.java:1063)
07-21 10:55:33.570  2522  2522 D StrictMode: 	at android.database.sqlite.SQLiteStatement.acquireAndLock(SQLiteStatement.java:226)
07-21 10:55:33.570  2522  2522 D StrictMode: 	at android.database.sqlite.SQLiteStatement.executeUpdateDelete(SQLiteStatement.java:84)
07-21 10:55:33.570  2522  2522 D StrictMode: 	at android.database.sqlite.SQLiteDatabase.executeSql(SQLiteDatabase.java:1899)
07-21 10:55:33.570  2522  2522 D StrictMode: 	at android.database.sqlite.SQLiteDatabase.execSQL(SQLiteDatabase.java:1839)
07-21 10:55:33.570  2522  2522 D StrictMode: 	at android.database.sqlite.SQLiteDatabase.setPageSize(SQLiteDatabase.java:1297)
07-21 10:55:33.570  2522  2522 D StrictMode: 	at android.database.sqlite.SQLiteDatabase.openDatabase(SQLiteDatabase.java:995)
07-21 10:55:33.570  2522  2522 D StrictMode: 	at android.database.sqlite.SQLiteDatabase.openOrCreateDatabase(SQLiteDatabase.java:1051)
07-21 10:55:33.570  2522  2522 D StrictMode: 	at android.app.ContextImpl.openOrCreateDatabase(ContextImpl.java:770)
07-21 10:55:33.570  2522  2522 D StrictMode: 	at android.content.ContextWrapper.openOrCreateDatabase(ContextWrapper.java:221)
07-21 10:55:33.570  2522  2522 D StrictMode: 	at android.database.sqlite.SQLiteOpenHelper.getWritableDatabase(SQLiteOpenHelper.java:157)
07-21 10:55:33.570  2522  2522 D StrictMode: 	at com.google.android.apps.analytics.v.<init>(Unknown Source)
07-21 10:55:33.570  2522  2522 D StrictMode: 	at com.google.android.apps.analytics.v.<init>(Unknown Source)
07-21 10:55:33.570  2522  2522 D StrictMode: 	at com.google.android.apps.analytics.i.a(Unknown Source)
07-21 10:55:33.570  2522  2522 D StrictMode: 	at com.google.android.apps.mytracks.b.a.a(MT:43)
07-21 10:55:33.570  2522  2522 D StrictMode: 	at com.google.android.apps.mytracks.MyTracksApplication.onCreate(MT:42)
07-21 10:55:33.570  2522  2522 D StrictMode: 	at android.app.Instrumentation.callApplicationOnCreate(Instrumentation.java:969)
07-21 10:55:33.570  2522  2522 D StrictMode: 	at android.app.ActivityThread.handleBindApplication(ActivityThread.java:3954)
07-21 10:55:33.570  2522  2522 D StrictMode: 	at android.app.ActivityThread.access$1300(ActivityThread.java:123)
07-21 10:55:33.570  2522  2522 D StrictMode: 	at android.app.ActivityThread$H.handleMessage(ActivityThread.java:1185)
07-21 10:55:33.570  2522  2522 D StrictMode: 	at android.os.Handler.dispatchMessage(Handler.java:99)
07-21 10:55:33.570  2522  2522 D StrictMode: 	at android.os.Looper.loop(Looper.java:137)
07-21 10:55:33.570  2522  2522 D StrictMode: 	at android.app.ActivityThread.main(ActivityThread.java:4424)
07-21 10:55:33.570  2522  2522 D StrictMode: 	at java.lang.reflect.Method.invokeNative(Native Method)
07-21 10:55:33.570  2522  2522 D StrictMode: 	at java.lang.reflect.Method.invoke(Method.java:511)
07-21 10:55:33.570  2522  2522 D StrictMode: 	at com.android.internal.os.ZygoteInit$MethodAndArgsCaller.run(ZygoteInit.java:784)
07-21 10:55:33.570  2522  2522 D StrictMode: 	at com.android.internal.os.ZygoteInit.main(ZygoteInit.java:551)
07-21 10:55:33.570  2522  2522 D StrictMode: 	at dalvik.system.NativeStart.main(Native Method)
07-21 10:55:33.570  2522  2522 D StrictMode: StrictMode policy violation; ~duration=260 ms: android.os.StrictMode$StrictModeDiskWriteViolation: policy=21 violation=1
07-21 10:55:33.570  2522  2522 D StrictMode: 	at android.os.StrictMode$AndroidBlockGuardPolicy.onWriteToDisk(StrictMode.java:1063)
07-21 10:55:33.570  2522  2522 D StrictMode: 	at android.database.sqlite.SQLiteStatement.acquireAndLock(SQLiteStatement.java:226)
07-21 10:55:33.570  2522  2522 D StrictMode: 	at android.database.sqlite.SQLiteStatement.executeUpdateDelete(SQLiteStatement.java:84)
07-21 10:55:33.570  2522  2522 D StrictMode: 	at android.database.sqlite.SQLiteDatabase.executeSql(SQLiteDatabase.java:1899)
07-21 10:55:33.570  2522  2522 D StrictMode: 	at android.database.sqlite.SQLiteDatabase.execSQL(SQLiteDatabase.java:1839)
07-21 10:55:33.570  2522  2522 D StrictMode: 	at android.database.sqlite.SQLiteDatabase.beginTransaction(SQLiteDatabase.java:659)
07-21 10:55:33.570  2522  2522 D StrictMode: 	at android.database.sqlite.SQLiteDatabase.beginTransaction(SQLiteDatabase.java:552)
07-21 10:55:33.570  2522  2522 D StrictMode: 	at com.google.android.apps.analytics.v.a(Unknown Source)
07-21 10:55:33.570  2522  2522 D StrictMode: 	at com.google.android.apps.analytics.i.a(Unknown Source)
07-21 10:55:33.570  2522  2522 D StrictMode: 	at com.google.android.apps.mytracks.b.a.a(MT:45)
07-21 10:55:33.570  2522  2522 D StrictMode: 	at com.google.android.apps.mytracks.MyTracksApplication.onCreate(MT:42)
07-21 10:55:33.570  2522  2522 D StrictMode: 	at android.app.Instrumentation.callApplicationOnCreate(Instrumentation.java:969)
07-21 10:55:33.570  2522  2522 D StrictMode: 	at android.app.ActivityThread.handleBindApplication(ActivityThread.java:3954)
07-21 10:55:33.570  2522  2522 D StrictMode: 	at android.app.ActivityThread.access$1300(ActivityThread.java:123)
07-21 10:55:33.570  2522  2522 D StrictMode: 	at android.app.ActivityThread$H.handleMessage(ActivityThread.java:1185)
07-21 10:55:33.570  2522  2522 D StrictMode: 	at android.os.Handler.dispatchMessage(Handler.java:99)
07-21 10:55:33.570  2522  2522 D StrictMode: 	at android.os.Looper.loop(Looper.java:137)
07-21 10:55:33.570  2522  2522 D StrictMode: 	at android.app.ActivityThread.main(ActivityThread.java:4424)
07-21 10:55:33.570  2522  2522 D StrictMode: 	at java.lang.reflect.Method.invokeNative(Native Method)
07-21 10:55:33.570  2522  2522 D StrictMode: 	at java.lang.reflect.Method.invoke(Method.java:511)
07-21 10:55:33.570  2522  2522 D StrictMode: 	at com.android.internal.os.ZygoteInit$MethodAndArgsCaller.run(ZygoteInit.java:784)
07-21 10:55:33.570  2522  2522 D StrictMode: 	at com.android.internal.os.ZygoteInit.main(ZygoteInit.java:551)
07-21 10:55:33.570  2522  2522 D StrictMode: 	at dalvik.system.NativeStart.main(Native Method)
07-21 10:55:33.570  2522  2522 D StrictMode: StrictMode policy violation; ~duration=254 ms: android.os.StrictMode$StrictModeDiskWriteViolation: policy=21 violation=1
07-21 10:55:33.570  2522  2522 D StrictMode: 	at android.os.StrictMode$AndroidBlockGuardPolicy.onWriteToDisk(StrictMode.java:1063)
07-21 10:55:33.570  2522  2522 D StrictMode: 	at android.database.sqlite.SQLiteStatement.acquireAndLock(SQLiteStatement.java:226)
07-21 10:55:33.570  2522  2522 D StrictMode: 	at android.database.sqlite.SQLiteStatement.executeUpdateDelete(SQLiteStatement.java:84)
07-21 10:55:33.570  2522  2522 D StrictMode: 	at android.database.sqlite.SQLiteDatabase.delete(SQLiteDatabase.java:1741)
07-21 10:55:33.570  2522  2522 D StrictMode: 	at com.google.android.apps.analytics.v.a(Unknown Source)
07-21 10:55:33.570  2522  2522 D StrictMode: 	at com.google.android.apps.analytics.i.a(Unknown Source)
07-21 10:55:33.570  2522  2522 D StrictMode: 	at com.google.android.apps.mytracks.b.a.a(MT:45)
07-21 10:55:33.570  2522  2522 D StrictMode: 	at com.google.android.apps.mytracks.MyTracksApplication.onCreate(MT:42)
07-21 10:55:33.570  2522  2522 D StrictMode: 	at android.app.Instrumentation.callApplicationOnCreate(Instrumentation.java:969)
07-21 10:55:33.570  2522  2522 D StrictMode: 	at android.app.ActivityThread.handleBindApplication(ActivityThread.java:3954)
07-21 10:55:33.570  2522  2522 D StrictMode: 	at android.app.ActivityThread.access$1300(ActivityThread.java:123)
07-21 10:55:33.570  2522  2522 D StrictMode: 	at android.app.ActivityThread$H.handleMessage(ActivityThread.java:1185)
07-21 10:55:33.570  2522  2522 D StrictMode: 	at android.os.Handler.dispatchMessage(Handler.java:99)
07-21 10:55:33.570  2522  2522 D StrictMode: 	at android.os.Looper.loop(Looper.java:137)
07-21 10:55:33.570  2522  2522 D StrictMode: 	at android.app.ActivityThread.main(ActivityThread.java:4424)
07-21 10:55:33.570  2522  2522 D StrictMode: 	at java.lang.reflect.Method.invokeNative(Native Method)
07-21 10:55:33.570  2522  2522 D StrictMode: 	at java.lang.reflect.Method.invoke(Method.java:511)
07-21 10:55:33.570  2522  2522 D StrictMode: 	at com.android.internal.os.ZygoteInit$MethodAndArgsCaller.run(ZygoteInit.java:784)
07-21 10:55:33.570  2522  2522 D StrictMode: 	at com.android.internal.os.ZygoteInit.main(ZygoteInit.java:551)
07-21 10:55:33.570  2522  2522 D StrictMode: 	at dalvik.system.NativeStart.main(Native Method)
07-21 10:55:33.570  2522  2522 D StrictMode: StrictMode policy violation; ~duration=252 ms: android.os.StrictMode$StrictModeDiskWriteViolation: policy=21 violation=1
07-21 10:55:33.570  2522  2522 D StrictMode: 	at android.os.StrictMode$AndroidBlockGuardPolicy.onWriteToDisk(StrictMode.java:1063)
07-21 10:55:33.570  2522  2522 D StrictMode: 	at android.database.sqlite.SQLiteStatement.acquireAndLock(SQLiteStatement.java:226)
07-21 10:55:33.570  2522  2522 D StrictMode: 	at android.database.sqlite.SQLiteStatement.executeInsert(SQLiteStatement.java:112)
07-21 10:55:33.570  2522  2522 D StrictMode: 	at android.database.sqlite.SQLiteDatabase.insertWithOnConflict(SQLiteDatabase.java:1718)
07-21 10:55:33.570  2522  2522 D StrictMode: 	at android.database.sqlite.SQLiteDatabase.insert(SQLiteDatabase.java:1591)
07-21 10:55:33.570  2522  2522 D StrictMode: 	at com.google.android.apps.analytics.v.a(Unknown Source)
07-21 10:55:33.570  2522  2522 D StrictMode: 	at com.google.android.apps.analytics.i.a(Unknown Source)
07-21 10:55:33.570  2522  2522 D StrictMode: 	at com.google.android.apps.mytracks.b.a.a(MT:45)
07-21 10:55:33.570  2522  2522 D StrictMode: 	at com.google.android.apps.mytracks.MyTracksApplication.onCreate(MT:42)
07-21 10:55:33.570  2522  2522 D StrictMode: 	at android.app.Instrumentation.callApplicationOnCreate(Instrumentation.java:969)
07-21 10:55:33.570  2522  2522 D StrictMode: 	at android.app.ActivityThread.handleBindApplication(ActivityThread.java:3954)
07-21 10:55:33.570  2522  2522 D StrictMode: 	at android.app.ActivityThread.access$1300(ActivityThread.java:123)
07-21 10:55:33.570  2522  2522 D StrictMode: 	at android.app.ActivityThread$H.handleMessage(ActivityThread.java:1185)
07-21 10:55:33.570  2522  2522 D StrictMode: 	at android.os.Handler.dispatchMessage(Handler.java:99)
07-21 10:55:33.570  2522  2522 D StrictMode: 	at android.os.Looper.loop(Looper.java:137)
07-21 10:55:33.570  2522  2522 D StrictMode: 	at android.app.ActivityThread.main(ActivityThread.java:4424)
07-21 10:55:33.570  2522  2522 D StrictMode: 	at java.lang.reflect.Method.invokeNative(Native Method)
07-21 10:55:33.570  2522  2522 D StrictMode: 	at java.lang.reflect.Method.invoke(Method.java:511)
07-21 10:55:33.570  2522  2522 D StrictMode: 	at com.android.internal.os.ZygoteInit$MethodAndArgsCaller.run(ZygoteInit.java:784)
07-21 10:55:33.570  2522  2522 D StrictMode: 	at com.android.internal.os.ZygoteInit.main(ZygoteInit.java:551)
07-21 10:55:33.570  2522  2522 D StrictMode: 	at dalvik.system.NativeStart.main(Native Method)
07-21 10:55:33.570  2522  2522 D StrictMode: StrictMode policy violation; ~duration=248 ms: android.os.StrictMode$StrictModeDiskWriteViolation: policy=21 violation=1
07-21 10:55:33.570  2522  2522 D StrictMode: 	at android.os.StrictMode$AndroidBlockGuardPolicy.onWriteToDisk(StrictMode.java:1063)
07-21 10:55:33.570  2522  2522 D StrictMode: 	at android.database.sqlite.SQLiteStatement.acquireAndLock(SQLiteStatement.java:226)
07-21 10:55:33.570  2522  2522 D StrictMode: 	at android.database.sqlite.SQLiteStatement.executeInsert(SQLiteStatement.java:112)
07-21 10:55:33.570  2522  2522 D StrictMode: 	at android.database.sqlite.SQLiteDatabase.insertWithOnConflict(SQLiteDatabase.java:1718)
07-21 10:55:33.570  2522  2522 D StrictMode: 	at android.database.sqlite.SQLiteDatabase.insert(SQLiteDatabase.java:1591)
07-21 10:55:33.570  2522  2522 D StrictMode: 	at com.google.android.apps.analytics.v.a(Unknown Source)
07-21 10:55:33.570  2522  2522 D StrictMode: 	at com.google.android.apps.analytics.v.a(Unknown Source)
07-21 10:55:33.570  2522  2522 D StrictMode: 	at com.google.android.apps.analytics.v.a(Unknown Source)
07-21 10:55:33.570  2522  2522 D StrictMode: 	at com.google.android.apps.analytics.i.a(Unknown Source)
07-21 10:55:33.570  2522  2522 D StrictMode: 	at com.google.android.apps.mytracks.b.a.a(MT:45)
07-21 10:55:33.570  2522  2522 D StrictMode: 	at com.google.android.apps.mytracks.MyTracksApplication.onCreate(MT:42)
07-21 10:55:33.570  2522  2522 D StrictMode: 	at android.app.Instrumentation.callApplicationOnCreate(Instrumentation.java:969)
07-21 10:55:33.570  2522  2522 D StrictMode: 	at android.app.ActivityThread.handleBindApplication(ActivityThread.java:3954)
07-21 10:55:33.570  2522  2522 D StrictMode: 	at android.app.ActivityThread.access$1300(ActivityThread.java:123)
07-21 10:55:33.570  2522  2522 D StrictMode: 	at android.app.ActivityThread$H.handleMessage(ActivityThread.java:1185)
07-21 10:55:33.570  2522  2522 D StrictMode: 	at android.os.Handler.dispatchMessage(Handler.java:99)
07-21 10:55:33.570  2522  2522 D StrictMode: 	at android.os.Looper.loop(Looper.java:137)
07-21 10:55:33.570  2522  2522 D StrictMode: 	at android.app.ActivityThread.main(ActivityThread.java:4424)
07-21 10:55:33.570  2522  2522 D StrictMode: 	at java.lang.reflect.Method.invokeNative(Native Method)
07-21 10:55:33.570  2522  2522 D StrictMode: 	at java.lang.reflect.Method.invoke(Method.java:511)
07-21 10:55:33.570  2522  2522 D StrictMode: 	at com.android.internal.os.ZygoteInit$MethodAndArgsCaller.run(ZygoteInit.java:784)
07-21 10:55:33.570  2522  2522 D StrictMode: 	at com.android.internal.os.ZygoteInit.main(ZygoteInit.java:551)
07-21 10:55:33.570  2522  2522 D StrictMode: 	at dalvik.system.NativeStart.main(Native Method)
07-21 10:55:33.582  2522  2522 D StrictMode: StrictMode policy violation; ~duration=233 ms: android.os.StrictMode$StrictModeDiskWriteViolation: policy=21 violation=1
07-21 10:55:33.582  2522  2522 D StrictMode: 	at android.os.StrictMode$AndroidBlockGuardPolicy.onWriteToDisk(StrictMode.java:1063)
07-21 10:55:33.582  2522  2522 D StrictMode: 	at android.database.sqlite.SQLiteStatement.acquireAndLock(SQLiteStatement.java:226)
07-21 10:55:33.582  2522  2522 D StrictMode: 	at android.database.sqlite.SQLiteStatement.executeUpdateDelete(SQLiteStatement.java:84)
07-21 10:55:33.582  2522  2522 D StrictMode: 	at android.database.sqlite.SQLiteDatabase.executeSql(SQLiteDatabase.java:1899)
07-21 10:55:33.582  2522  2522 D StrictMode: 	at android.database.sqlite.SQLiteDatabase.execSQL(SQLiteDatabase.java:1839)
07-21 10:55:33.582  2522  2522 D StrictMode: 	at android.database.sqlite.SQLiteDatabase.endTransaction(SQLiteDatabase.java:714)
07-21 10:55:33.582  2522  2522 D StrictMode: 	at com.google.android.apps.analytics.v.d(Unknown Source)
07-21 10:55:33.582  2522  2522 D StrictMode: 	at com.google.android.apps.analytics.v.a(Unknown Source)
07-21 10:55:33.582  2522  2522 D StrictMode: 	at com.google.android.apps.analytics.i.a(Unknown Source)
07-21 10:55:33.582  2522  2522 D StrictMode: 	at com.google.android.apps.mytracks.b.a.a(MT:45)
07-21 10:55:33.582  2522  2522 D StrictMode: 	at com.google.android.apps.mytracks.MyTracksApplication.onCreate(MT:42)
07-21 10:55:33.582  2522  2522 D StrictMode: 	at android.app.Instrumentation.callApplicationOnCreate(Instrumentation.java:969)
07-21 10:55:33.582  2522  2522 D StrictMode: 	at android.app.ActivityThread.handleBindApplication(ActivityThread.java:3954)
07-21 10:55:33.582  2522  2522 D StrictMode: 	at android.app.ActivityThread.access$1300(ActivityThread.java:123)
07-21 10:55:33.582  2522  2522 D StrictMode: 	at android.app.ActivityThread$H.handleMessage(ActivityThread.java:1185)
07-21 10:55:33.582  2522  2522 D StrictMode: 	at android.os.Handler.dispatchMessage(Handler.java:99)
07-21 10:55:33.582  2522  2522 D StrictMode: 	at android.os.Looper.loop(Looper.java:137)
07-21 10:55:33.582  2522  2522 D StrictMode: 	at android.app.ActivityThread.main(ActivityThread.java:4424)
07-21 10:55:33.582  2522  2522 D StrictMode: 	at java.lang.reflect.Method.invokeNative(Native Method)
07-21 10:55:33.582  2522  2522 D StrictMode: 	at java.lang.reflect.Method.invoke(Method.java:511)
07-21 10:55:33.582  2522  2522 D StrictMode: 	at com.android.internal.os.ZygoteInit$MethodAndArgsCaller.run(ZygoteInit.java:784)
07-21 10:55:33.582  2522  2522 D StrictMode: 	at com.android.internal.os.ZygoteInit.main(ZygoteInit.java:551)
07-21 10:55:33.582  2522  2522 D StrictMode: 	at dalvik.system.NativeStart.main(Native Method)
07-21 10:55:33.793   144   173 I ActivityManager: Start proc com.google.android.apps.plus for service com.google.android.apps.plus/.service.EsService: pid=2538 uid=10060 gids={3003, 3002, 1015, 1006}
07-21 10:55:34.090  2538  2541 D dalvikvm: GC_CONCURRENT freed 154K, 3% free 9381K/9607K, paused 2ms+2ms
07-21 10:55:34.156   144 30155 I ActivityManager: Process com.android.calendar (pid 2445) has died.
07-21 10:55:34.312  2538  2538 I ActivityThread: Pub com.google.android.apps.plus.content.ApiProvider: com.google.android.apps.plus.content.EsApiProvider
07-21 10:55:34.355  2538  2538 I ActivityThread: Pub com.google.android.apps.plus.content.EsGooglePhotoProvider: com.google.android.picasasync.PicasaContentProvider
07-21 10:55:34.632  2538  2541 D dalvikvm: GC_CONCURRENT freed 329K, 5% free 9587K/9991K, paused 2ms+2ms
07-21 10:55:34.664  2538  2538 I ActivityThread: Pub com.google.android.apps.plus.content.EsPicasaStoreProvider: com.google.android.picasastore.PicasaPhotoContentProvider
07-21 10:55:34.672  2538  2538 I ActivityThread: Pub com.google.plus.platform: com.google.android.apps.plus.content.AdsProvider
07-21 10:55:34.672  2538  2538 I ActivityThread: Pub com.google.android.apps.plus.iu.EsGoogleIuProvider: com.google.android.apps.plus.iu.InstantUploadProvider
07-21 10:55:34.750  2538  2541 D dalvikvm: GC_CONCURRENT freed 493K, 6% free 9615K/10183K, paused 2ms+2ms
07-21 10:55:34.757  2538  2538 I ActivityThread: Pub com.google.android.apps.plus.content.EsProvider: com.google.android.apps.plus.content.EsProvider
07-21 10:55:34.761   144   335 I ActivityManager: Start proc android.process.media for content provider com.android.providers.media/.MediaProvider: pid=2557 uid=10012 gids={1015, 1023, 1024, 2001, 3003, 3007}
07-21 10:55:34.828  2557  2557 I ActivityThread: Pub downloads: com.android.providers.downloads.DownloadProvider
07-21 10:55:34.965  2557  2557 I ActivityThread: Pub drm: com.android.providers.drm.DrmProvider
07-21 10:55:34.968  2557  2572 I DownloadManager: in removeSpuriousFiles
07-21 10:55:34.976  2557  2557 I ActivityThread: Pub media: com.android.providers.media.MediaProvider
07-21 10:55:34.988   144   144 I ActivityManager: Process com.google.android.apps.maps:LocationFriendService (pid 2491) has died.
07-21 10:55:35.269  2557  2572 I DownloadManager: in removeSpuriousFiles, preserving file /data/data/com.android.providers.downloads/cache/metadata.json
07-21 10:55:35.269  2557  2572 I DownloadManager: in removeSpuriousFiles, preserving file /data/data/com.android.providers.downloads/cache/en_general.htm
07-21 10:55:35.269  2557  2572 I DownloadManager: in removeSpuriousFiles, preserving file /mnt/sdcard/Download/img-thing.jpeg
07-21 10:55:35.269  2557  2572 I DownloadManager: in removeSpuriousFiles, preserving file /data/data/com.android.providers.downloads/cache/metadata-1.json
07-21 10:55:35.269  2557  2572 I DownloadManager: in removeSpuriousFiles, preserving file /data/data/com.android.providers.downloads/cache/downloadfile.jpeg
07-21 10:55:35.269  2557  2572 I DownloadManager: in removeSpuriousFiles, preserving file /data/data/com.android.providers.downloads/cache/metadata-2.json
07-21 10:55:35.269  2557  2572 I DownloadManager: in removeSpuriousFiles, preserving file /data/data/com.android.providers.downloads/cache/metadata-3.json
07-21 10:55:35.269  2557  2572 I DownloadManager: in removeSpuriousFiles, preserving file /data/data/com.android.providers.downloads/cache/downloadfile-1.jpeg
07-21 10:55:35.269  2557  2572 I DownloadManager: in removeSpuriousFiles, preserving file /data/data/com.android.providers.downloads/cache/downloadfile-2.jpeg
07-21 10:55:35.269  2557  2572 I DownloadManager: in removeSpuriousFiles, preserving file /data/data/com.android.providers.downloads/cache/metadata-4.json
07-21 10:55:35.269  2557  2572 I DownloadManager: in removeSpuriousFiles, preserving file /data/data/com.android.providers.downloads/cache/metadata-5.json
07-21 10:55:35.269  2557  2572 I DownloadManager: in removeSpuriousFiles, preserving file /data/data/com.android.providers.downloads/cache/metadata-6.json
07-21 10:55:35.269  2557  2572 I DownloadManager: in removeSpuriousFiles, preserving file /data/data/com.android.providers.downloads/cache/metadata-7.json
07-21 10:55:35.269  2557  2572 I DownloadManager: deleting spurious file /cache/backup
07-21 10:55:35.425  2538  2541 D dalvikvm: GC_CONCURRENT freed 201K, 4% free 9860K/10247K, paused 63ms+117ms
07-21 10:55:35.476  2557  2560 D dalvikvm: GC_CONCURRENT freed 328K, 5% free 9208K/9607K, paused 10ms+2ms
07-21 10:55:35.531  2538  2556 D PicasaPhotoCP: set fsid first time:-1
07-21 10:55:35.672  2538  2541 D dalvikvm: GC_CONCURRENT freed 169K, 3% free 10170K/10439K, paused 2ms+2ms
07-21 10:55:35.757  2538  2541 D dalvikvm: GC_CONCURRENT freed 260K, 4% free 10329K/10695K, paused 2ms+2ms
07-21 10:55:35.808  2538  2570 D dalvikvm: GC_FOR_ALLOC freed 114K, 4% free 10456K/10823K, paused 21ms
07-21 10:55:35.847  2538  2541 D dalvikvm: GC_CONCURRENT freed 131K, 3% free 10776K/11079K, paused 2ms+2ms
07-21 10:55:35.879  2538  2570 D dalvikvm: GC_FOR_ALLOC freed 493K, 7% free 10769K/11463K, paused 18ms
07-21 10:55:35.902  2538  2570 D dalvikvm: GC_FOR_ALLOC freed 369K, 6% free 10824K/11463K, paused 18ms
07-21 10:55:35.925  2538  2570 D dalvikvm: GC_FOR_ALLOC freed 126K, 5% free 10952K/11463K, paused 18ms
07-21 10:55:36.054  2538  2541 D dalvikvm: GC_CONCURRENT freed 345K, 4% free 11207K/11655K, paused 1ms+2ms
07-21 10:55:36.187  2538  2541 D dalvikvm: GC_CONCURRENT freed 139K, 3% free 11732K/11975K, paused 2ms+2ms
07-21 10:55:36.371  2538  2541 D dalvikvm: GC_CONCURRENT freed 544K, 6% free 12018K/12679K, paused 2ms+3ms
07-21 10:55:36.558  2538  2541 D dalvikvm: GC_CONCURRENT freed 211K, 3% free 12749K/13063K, paused 2ms+2ms
07-21 10:55:36.578   144   144 I ActivityManager: Process com.google.android.maps.mytracks (pid 2522) has died.
07-21 10:55:36.906  2538  2573 I SqliteDatabaseCpp: sqlite returned: error code = 1, msg = no such column: wipeout_stats, db=/data/data/com.google.android.apps.plus/databases/es0.db
07-21 10:55:36.910  2538  2573 W System.err: android.database.sqlite.SQLiteException: no such column: wipeout_stats: , while compiling: SELECT wipeout_stats  FROM account_status
07-21 10:55:36.922  2538  2573 W System.err: 	at android.database.sqlite.SQLiteCompiledSql.native_compile(Native Method)
07-21 10:55:36.922  2538  2573 W System.err: 	at android.database.sqlite.SQLiteCompiledSql.<init>(SQLiteCompiledSql.java:68)
07-21 10:55:36.922  2538  2573 W System.err: 	at android.database.sqlite.SQLiteProgram.compileSql(SQLiteProgram.java:143)
07-21 10:55:36.922  2538  2573 W System.err: 	at android.database.sqlite.SQLiteProgram.compileAndbindAllArgs(SQLiteProgram.java:361)
07-21 10:55:36.922  2538  2573 W System.err: 	at android.database.sqlite.SQLiteStatement.acquireAndLock(SQLiteStatement.java:260)
07-21 10:55:36.922  2538  2573 W System.err: 	at android.database.sqlite.SQLiteStatement.simpleQueryForLong(SQLiteStatement.java:137)
07-21 10:55:36.922  2538  2573 W System.err: 	at android.database.DatabaseUtils.longForQuery(DatabaseUtils.java:791)
07-21 10:55:36.922  2538  2573 W System.err: 	at android.database.DatabaseUtils.longForQuery(DatabaseUtils.java:779)
07-21 10:55:36.922  2538  2573 W System.err: 	at com.google.android.apps.plus.content.EsAccountsData.isContactsStatsWipeoutNeeded(EsAccountsData.java:641)
07-21 10:55:36.922  2538  2573 W System.err: 	at com.google.android.apps.plus.service.EsService.processIntent(EsService.java:4246)
07-21 10:55:36.922  2538  2573 W System.err: 	at com.google.android.apps.plus.service.ServiceThread$1.run(ServiceThread.java:50)
07-21 10:55:36.922  2538  2573 W System.err: 	at android.os.Handler.handleCallback(Handler.java:605)
07-21 10:55:36.922  2538  2573 W System.err: 	at android.os.Handler.dispatchMessage(Handler.java:92)
07-21 10:55:36.922  2538  2573 W System.err: 	at android.os.Looper.loop(Looper.java:137)
07-21 10:55:36.922  2538  2573 W System.err: 	at com.google.android.apps.plus.service.ServiceThread.run(ServiceThread.java:122)
07-21 10:55:37.554   144   374 I ActivityManager: Start proc com.google.android.gsf.login for service com.google.android.gsf.login/com.google.android.gsf.loginservice.GoogleLoginService: pid=2583 uid=10009 gids={3003, 1015, 1007, 2001, 3006}
07-21 10:55:37.578   144  1185 I ActivityManager: Process android.process.media (pid 2557) has died.
07-21 10:55:38.359   144 28547 I ActivityManager: Process com.google.android.gsf.login (pid 2583) has died.
07-21 10:55:38.511   144   147 D dalvikvm: GC_CONCURRENT freed 1892K, 22% free 18019K/23047K, paused 10ms+7ms
07-21 10:55:39.207  2538  2541 D dalvikvm: GC_CONCURRENT freed 1065K, 9% free 12839K/14023K, paused 5ms+3ms
07-21 10:55:41.574  2538  2581 E dalvikvm: Could not find class 'android.app.Notification$InboxStyle', referenced from method com.google.android.apps.plus.service.AndroidNotification.createDigestNotification
07-21 10:55:41.574  2538  2581 W dalvikvm: VFY: unable to resolve new-instance 41 (Landroid/app/Notification$InboxStyle;) in Lcom/google/android/apps/plus/service/AndroidNotification;
07-21 10:55:41.574  2538  2581 D dalvikvm: VFY: replacing opcode 0x22 at 0x0018
07-21 10:55:41.578  2538  2581 I dalvikvm: Could not find method android.app.Notification$Builder.setPriority, referenced from method com.google.android.apps.plus.service.AndroidNotification.createRichNotification
07-21 10:55:41.578  2538  2581 W dalvikvm: VFY: unable to resolve virtual method 162: Landroid/app/Notification$Builder;.setPriority (I)Landroid/app/Notification$Builder;
07-21 10:55:41.578  2538  2581 D dalvikvm: VFY: replacing opcode 0x6e at 0x00d5
07-21 10:55:41.586  2538  2581 D dalvikvm: DexOpt: unable to opt direct call 0x00a8 at 0x1a in Lcom/google/android/apps/plus/service/AndroidNotification;.createDigestNotification
07-21 10:55:41.586  2538  2581 D dalvikvm: DexOpt: unable to opt direct call 0x0091 at 0xf1 in Lcom/google/android/apps/plus/service/AndroidNotification;.createRichNotification
07-21 10:55:41.586  2538  2581 D dalvikvm: DexOpt: unable to opt direct call 0x0095 at 0x397 in Lcom/google/android/apps/plus/service/AndroidNotification;.createRichNotification
07-21 10:55:41.937  2538  2541 D dalvikvm: GC_CONCURRENT freed 1088K, 9% free 12949K/14151K, paused 2ms+7ms
07-21 10:55:44.910   144 30155 I ActivityManager: Start proc android.process.acore for content provider com.android.providers.contacts/.ContactsProvider2: pid=2601 uid=10000 gids={3003, 1015}
07-21 10:55:44.992  2601  2601 I ActivityThread: Pub call_log: com.android.providers.contacts.CallLogProvider
07-21 10:55:45.043  2601  2601 I ActivityThread: Pub com.android.voicemail: com.android.providers.contacts.VoicemailContentProvider
07-21 10:55:45.047  2601  2601 I ActivityThread: Pub user_dictionary: com.android.providers.userdictionary.UserDictionaryProvider
07-21 10:55:45.074  2601  2601 I ActivityThread: Pub com.android.social: com.android.providers.contacts.SocialProvider
07-21 10:55:45.078  2601  2601 I ActivityThread: Pub applications: com.android.providers.applications.ApplicationsProvider
07-21 10:55:45.203  2601  2601 I ActivityThread: Pub contacts;com.android.contacts: com.android.providers.contacts.ContactsProvider2
07-21 10:55:45.230  2601  2603 D dalvikvm: GC_CONCURRENT freed 349K, 5% free 9184K/9607K, paused 4ms+2ms
07-21 10:55:45.343   144   374 I ActivityManager: Process android.process.acore (pid 2601) has died.
07-21 10:55:45.621  2538  2541 D dalvikvm: GC_CONCURRENT freed 1092K, 9% free 13070K/14279K, paused 25ms+3ms
07-21 10:55:45.867  2538  2541 D dalvikvm: GC_CONCURRENT freed 1201K, 10% free 13165K/14471K, paused 2ms+3ms
07-21 10:55:45.925   144   155 I ActivityManager: Start proc android.process.acore for content provider com.android.providers.contacts/.ContactsProvider2: pid=2617 uid=10000 gids={3003, 1015}
07-21 10:55:45.972  2617  2617 I ActivityThread: Pub call_log: com.android.providers.contacts.CallLogProvider
07-21 10:55:45.980  2617  2617 I ActivityThread: Pub com.android.voicemail: com.android.providers.contacts.VoicemailContentProvider
07-21 10:55:45.980  2617  2617 I ActivityThread: Pub user_dictionary: com.android.providers.userdictionary.UserDictionaryProvider
07-21 10:55:45.984  2617  2617 I ActivityThread: Pub com.android.social: com.android.providers.contacts.SocialProvider
07-21 10:55:45.988  2617  2617 I ActivityThread: Pub applications: com.android.providers.applications.ApplicationsProvider
07-21 10:55:46.047  2617  2617 I ActivityThread: Pub contacts;com.android.contacts: com.android.providers.contacts.ContactsProvider2
07-21 10:55:46.058  2617  2620 D dalvikvm: GC_CONCURRENT freed 334K, 5% free 9202K/9607K, paused 1ms+2ms
07-21 10:55:46.250  2617  2620 D dalvikvm: GC_CONCURRENT freed 235K, 4% free 9373K/9735K, paused 2ms+3ms
07-21 10:55:46.324   144 29906 I ActivityManager: Process android.process.acore (pid 2617) has died.
07-21 10:55:46.363   144   323 I ActivityManager: Start proc android.process.acore for content provider com.android.providers.contacts/.ContactsProvider2: pid=2632 uid=10000 gids={3003, 1015}
07-21 10:55:46.390  2632  2632 I ActivityThread: Pub call_log: com.android.providers.contacts.CallLogProvider
07-21 10:55:46.394  2632  2632 I ActivityThread: Pub com.android.voicemail: com.android.providers.contacts.VoicemailContentProvider
07-21 10:55:46.398  2632  2632 I ActivityThread: Pub user_dictionary: com.android.providers.userdictionary.UserDictionaryProvider
07-21 10:55:46.402  2632  2632 I ActivityThread: Pub com.android.social: com.android.providers.contacts.SocialProvider
07-21 10:55:46.402  2632  2632 I ActivityThread: Pub applications: com.android.providers.applications.ApplicationsProvider
07-21 10:55:46.461  2632  2632 I ActivityThread: Pub contacts;com.android.contacts: com.android.providers.contacts.ContactsProvider2
07-21 10:55:46.480  2632  2635 D dalvikvm: GC_CONCURRENT freed 352K, 5% free 9183K/9607K, paused 2ms+2ms
07-21 10:55:46.644  2632  2635 D dalvikvm: GC_CONCURRENT freed 240K, 4% free 9385K/9735K, paused 2ms+3ms
07-21 10:55:47.609   144   323 I ActivityManager: Process android.process.acore (pid 2632) has died.
07-21 10:55:48.937   144  1185 I ActivityManager: Start proc android.process.media for content provider com.android.providers.media/.MediaProvider: pid=2651 uid=10012 gids={1015, 1023, 1024, 2001, 3003, 3007}
07-21 10:55:49.007  2651  2651 I ActivityThread: Pub downloads: com.android.providers.downloads.DownloadProvider
07-21 10:55:49.047  2651  2651 I ActivityThread: Pub drm: com.android.providers.drm.DrmProvider
07-21 10:55:49.050  2651  2664 I DownloadManager: in removeSpuriousFiles
07-21 10:55:49.054  2651  2651 I ActivityThread: Pub media: com.android.providers.media.MediaProvider
07-21 10:55:49.086  2651  2664 I DownloadManager: in removeSpuriousFiles, preserving file /data/data/com.android.providers.downloads/cache/metadata.json
07-21 10:55:49.086  2651  2664 I DownloadManager: in removeSpuriousFiles, preserving file /data/data/com.android.providers.downloads/cache/en_general.htm
07-21 10:55:49.086  2651  2664 I DownloadManager: in removeSpuriousFiles, preserving file /mnt/sdcard/Download/img-thing.jpeg
07-21 10:55:49.086  2651  2664 I DownloadManager: in removeSpuriousFiles, preserving file /data/data/com.android.providers.downloads/cache/metadata-1.json
07-21 10:55:49.086  2651  2664 I DownloadManager: in removeSpuriousFiles, preserving file /data/data/com.android.providers.downloads/cache/downloadfile.jpeg
07-21 10:55:49.086  2651  2664 I DownloadManager: in removeSpuriousFiles, preserving file /data/data/com.android.providers.downloads/cache/metadata-2.json
07-21 10:55:49.086  2651  2664 I DownloadManager: in removeSpuriousFiles, preserving file /data/data/com.android.providers.downloads/cache/metadata-3.json
07-21 10:55:49.086  2651  2664 I DownloadManager: in removeSpuriousFiles, preserving file /data/data/com.android.providers.downloads/cache/downloadfile-1.jpeg
07-21 10:55:49.086  2651  2664 I DownloadManager: in removeSpuriousFiles, preserving file /data/data/com.android.providers.downloads/cache/downloadfile-2.jpeg
07-21 10:55:49.086  2651  2664 I DownloadManager: in removeSpuriousFiles, preserving file /data/data/com.android.providers.downloads/cache/metadata-4.json
07-21 10:55:49.086  2651  2664 I DownloadManager: in removeSpuriousFiles, preserving file /data/data/com.android.providers.downloads/cache/metadata-5.json
07-21 10:55:49.086  2651  2664 I DownloadManager: in removeSpuriousFiles, preserving file /data/data/com.android.providers.downloads/cache/metadata-6.json
07-21 10:55:49.086  2651  2664 I DownloadManager: in removeSpuriousFiles, preserving file /data/data/com.android.providers.downloads/cache/metadata-7.json
07-21 10:55:49.090  2651  2664 I DownloadManager: deleting spurious file /cache/backup
07-21 10:55:49.304  2538  2581 D dalvikvm: GC_FOR_ALLOC freed 722K, 8% free 13602K/14663K, paused 62ms
07-21 10:55:49.363  2651  2653 D dalvikvm: GC_CONCURRENT freed 380K, 5% free 9155K/9607K, paused 2ms+2ms
07-21 10:55:49.492   144   497 D dalvikvm: GC_EXPLICIT freed 873K, 22% free 17983K/23047K, paused 8ms+7ms
07-21 10:55:49.578  2538  2581 D dalvikvm: GC_FOR_ALLOC freed 379K, 10% free 13653K/15111K, paused 76ms
07-21 10:55:49.578  2538  2581 I dalvikvm-heap: Grow heap (frag case) to 13.738MB for 352183-byte allocation
07-21 10:55:49.640  2538  2650 D dalvikvm: GC_FOR_ALLOC freed <1K, 10% free 13996K/15495K, paused 50ms
07-21 10:55:49.715   144   144 I ActivityManager: Start proc android.process.acore for content provider com.android.providers.contacts/.ContactsProvider2: pid=2668 uid=10000 gids={3003, 1015}
07-21 10:55:49.750  2668  2668 I ActivityThread: Pub call_log: com.android.providers.contacts.CallLogProvider
07-21 10:55:49.754  2668  2668 I ActivityThread: Pub com.android.voicemail: com.android.providers.contacts.VoicemailContentProvider
07-21 10:55:49.754  2668  2668 I ActivityThread: Pub user_dictionary: com.android.providers.userdictionary.UserDictionaryProvider
07-21 10:55:49.761  2668  2668 I ActivityThread: Pub com.android.social: com.android.providers.contacts.SocialProvider
07-21 10:55:49.761  2668  2668 I ActivityThread: Pub applications: com.android.providers.applications.ApplicationsProvider
07-21 10:55:49.800   144   359 I ActivityManager: Process com.google.android.apps.maps (pid 1407) has died.
07-21 10:55:49.800   144   359 W ActivityManager: Scheduling restart of crashed service com.google.android.apps.maps/com.google.googlenav.prefetch.android.PrefetcherService in 5000ms
07-21 10:55:49.847  2668  2668 I ActivityThread: Pub contacts;com.android.contacts: com.android.providers.contacts.ContactsProvider2
07-21 10:55:49.859  2668  2672 D dalvikvm: GC_CONCURRENT freed 359K, 5% free 9177K/9607K, paused 2ms+2ms
07-21 10:55:50.054  2668  2672 D dalvikvm: GC_CONCURRENT freed 225K, 4% free 9376K/9735K, paused 2ms+3ms
07-21 10:55:50.886   144 28547 I ActivityManager: Process android.process.media (pid 2651) has died.
07-21 10:55:51.011  2668  2672 D dalvikvm: GC_CONCURRENT freed 254K, 4% free 9592K/9927K, paused 29ms+2ms
07-21 10:55:51.152   144   156 I ActivityManager: Process android.process.acore (pid 2668) has died.
07-21 10:55:51.152   144   156 I ActivityManager: Kill com.google.android.apps.plus (pid 2538): provider com.android.providers.contacts.ContactsProvider2 in dying process android.process.acore
07-21 10:55:51.156  2538  2550 I ActivityThread: Removing dead content provider: contacts
07-21 10:55:51.156  2538  2550 I ActivityThread: Removing dead content provider: com.android.contacts
07-21 10:55:51.191   144   144 I ActivityManager: Process com.google.android.apps.plus (pid 2538) has died.
07-21 10:55:51.191   144   144 W ActivityManager: Scheduling restart of crashed service com.google.android.apps.plus/.service.EsSyncAdapterService in 13611ms
07-21 10:56:07.918   144   161 I ActivityManager: Start proc com.google.android.apps.maps for service com.google.android.apps.maps/com.google.googlenav.prefetch.android.PrefetcherService: pid=2686 uid=10056 gids={3003, 1015}
07-21 10:56:07.941    79    79 D dalvikvm: GC_EXPLICIT freed 38K, 4% free 9031K/9347K, paused 1ms+6ms
07-21 10:56:07.980    79    79 D dalvikvm: GC_EXPLICIT freed <1K, 4% free 9031K/9347K, paused 8ms+2ms
07-21 10:56:31.011    79    79 D dalvikvm: GC_EXPLICIT freed <1K, 4% free 9031K/9347K, paused 2ms+552ms
07-21 10:56:31.129  2686  2688 D dalvikvm: GC_CONCURRENT freed 173K, 3% free 9362K/9607K, paused 2ms+2ms
07-21 10:56:31.351  2686  2686 I ActivityThread: Pub com.google.android.maps.SearchHistoryProvider: com.google.googlenav.provider.SearchHistoryProvider
07-21 10:56:31.375  2686  2686 I ActivityThread: Pub com.google.android.maps.SuggestionProvider: com.google.googlenav.suggest.android.SuggestContentProvider
07-21 10:56:31.445  2686  2686 I ActivityThread: Pub com.google.android.maps.LayerInfoProvider: com.google.googlenav.layer.LayerInfoProvider
07-21 10:56:31.488  2686  2686 I ActivityThread: Pub com.google.android.maps.TrafficAppWidgetProvider: com.google.googlenav.appwidget.traffic.TrafficAppWidgetProvider
07-21 10:56:31.488  2686  2686 I ActivityThread: Pub com.google.android.maps.LocalActivePlacesProvider: com.google.googlenav.provider.LocalActivePlacesProvider
07-21 10:56:31.492  2686  2686 I ActivityThread: Pub com.google.android.maps.StarredItemProvider: com.google.googlenav.provider.StarredItemProvider
07-21 10:56:31.550   144 30155 I ActivityManager: Start proc com.google.android.apps.maps:LocationFriendService for service com.google.android.apps.maps/com.google.googlenav.friend.reporting.LocationReceiverService: pid=2699 uid=10056 gids={3003, 1015}
07-21 10:56:31.574  2686  2688 D dalvikvm: GC_CONCURRENT freed 163K, 3% free 9653K/9927K, paused 2ms+2ms
07-21 10:56:31.722  2686  2688 D dalvikvm: GC_CONCURRENT freed 263K, 4% free 9877K/10247K, paused 2ms+9ms
07-21 10:56:31.765  2699  2702 D dalvikvm: GC_CONCURRENT freed 153K, 3% free 9382K/9607K, paused 3ms+2ms
07-21 10:56:31.820  2686  2686 I ActivityThread: Pub com.google.android.maps.LocalSuggestionProvider: com.google.googlenav.provider.LocalSuggestionProvider
07-21 10:56:31.824  2686  2686 I ActivityThread: Pub com.google.android.maps.NavigationAvailabilityProvider: com.google.googlenav.provider.NavigationAvailabilityProvider
07-21 10:56:31.937  2686  2688 D dalvikvm: GC_CONCURRENT freed 195K, 3% free 10196K/10503K, paused 2ms+2ms
07-21 10:56:31.984  2686  2726 D dalvikvm: GC_FOR_ALLOC freed 91K, 3% free 10448K/10759K, paused 20ms
07-21 10:56:32.019  2686  2727 D dalvikvm: GC_FOR_ALLOC freed 23K, 4% free 10644K/11015K, paused 22ms
07-21 10:56:32.129  2699  2702 D dalvikvm: GC_CONCURRENT freed 153K, 3% free 9683K/9927K, paused 27ms+2ms
07-21 10:56:32.343  2699  2702 D dalvikvm: GC_CONCURRENT freed 322K, 4% free 9844K/10247K, paused 2ms+6ms
07-21 10:56:32.461  2699  2706 I dalvikvm: Total arena pages for JIT: 11
07-21 10:56:32.465  2699  2706 I dalvikvm: Total arena pages for JIT: 12
