07-09 21:36:57.183  8343  8343 W IInputConnectionWrapper: showStatusIcon on inactive InputConnection
07-09 21:36:57.445   141   158 I ActivityManager: Start proc com.google.android.talk for broadcast com.google.android.talk/.ConnectionStateOnlineReceiver: pid=8453 uid=10047 gids={3003, 1015, 1006, 3002}
07-09 21:36:57.546    79    79 D dalvikvm: GC_EXPLICIT freed 37K, 4% free 9031K/9347K, paused 6ms+22ms
07-09 21:36:57.632    79    79 D dalvikvm: GC_EXPLICIT freed <1K, 4% free 9031K/9347K, paused 13ms+13ms
07-09 21:36:57.691    79    79 D dalvikvm: GC_EXPLICIT freed <1K, 4% free 9031K/9347K, paused 3ms+4ms
07-09 21:36:57.718  8453  8453 I ActivityThread: Pub com.google.android.talk.SuggestionProvider: com.google.android.talk.SuggestionsProvider
07-09 21:36:57.808  8453  8453 D vclib:CallStateClient: startListening
07-09 21:36:57.832  8343  8343 D dalvikvm: GC_FOR_ALLOC freed 714K, 16% free 11244K/13319K, paused 109ms
07-09 21:36:57.906  8453  8456 D dalvikvm: GC_CONCURRENT freed 160K, 3% free 9375K/9607K, paused 13ms+2ms
07-09 21:36:58.203   267   269 D dalvikvm: GC_CONCURRENT freed 338K, 6% free 10731K/11399K, paused 10ms+4ms
07-09 21:36:58.589   141   168 I power   : *** set_screen_state 0
07-09 21:36:58.629    78   118 D SurfaceFlinger: About to give-up screen, flinger = 0xec918
07-09 21:36:58.726  8343  8343 D OpenGLRenderer: Flushing caches (mode 2)
07-09 21:36:58.734   348   394 D NfcService: NFC-C OFF, disconnect
07-09 21:36:58.746  8343  8343 D OpenGLRenderer: Flushing caches (mode 0)
07-09 21:36:58.746  8343  8343 W ManagedEGLContext: doTerminate failed: EGL count is 2 but managed count is 1
07-09 21:36:58.839   141   172 D dalvikvm: GC_FOR_ALLOC freed 325K, 12% free 15074K/17031K, paused 61ms
07-09 21:36:58.847   141   172 V TransportControlView: Create TCV com.android.internal.widget.TransportControlView@413422d8
07-09 21:36:59.402   210   210 D PhoneStatusBar: disable: < expand icons alerts ticker system_info back home RECENT* clock >
07-09 21:36:59.437   210   210 D PhoneStatusBar: disable: < expand icons alerts ticker system_info BACK* HOME* RECENT CLOCK* >
07-09 21:36:59.468  8343  8343 D OpenGLRenderer: Flushing caches (mode 2)
07-09 21:36:59.468  8343  8343 D OpenGLRenderer: Flushing caches (mode 0)
07-09 21:36:59.468  8343  8343 W ManagedEGLContext: doTerminate failed: EGL count is 2 but managed count is 1
07-09 21:37:01.296  7009  7012 D dalvikvm: GC_CONCURRENT freed 369K, 12% free 9656K/10951K, paused 23ms+5ms
07-09 21:37:01.570   267  8443 D dalvikvm: GC_FOR_ALLOC freed 448K, 7% free 10673K/11399K, paused 26ms
07-09 21:37:01.570   267  8445 E TalkProvider: [TalkProvider] caught android.database.sqlite.SQLiteConstraintException: error code 19: constraint failed inserting message
07-09 21:37:01.613  7009  8448 D dalvikvm: GC_EXPLICIT freed 224K, 12% free 9647K/10951K, paused 2ms+2ms
07-09 21:37:01.621  7009  8448 I Gmail   : MainSyncRequestProto: lowestBkwdConvoId: 0, highestHandledServerOp: 1056331, normalSync: true
07-09 21:37:01.664  8343  8343 D OpenGLRenderer: Flushing caches (mode 2)
07-09 21:37:01.664  8343  8343 D OpenGLRenderer: Flushing caches (mode 0)
07-09 21:37:01.668  8343  8343 W ManagedEGLContext: doTerminate failed: EGL count is 2 but managed count is 1
07-09 21:37:01.687   267  8445 E TalkProvider: [TalkProvider] caught android.database.sqlite.SQLiteConstraintException: error code 19: constraint failed inserting message
07-09 21:37:02.234   267  8445 E TalkProvider: [TalkProvider] caught android.database.sqlite.SQLiteConstraintException: error code 19: constraint failed inserting message
07-09 21:37:02.308   267  8445 E TalkProvider: [TalkProvider] caught android.database.sqlite.SQLiteConstraintException: error code 19: constraint failed inserting message
07-09 21:37:02.781   334   334 D SAN_SERVICE: *******************************************
07-09 21:37:02.781   334   334 D SAN_SERVICE: DM App Phone Service State - 0
07-09 21:37:02.781   334   334 D SAN_SERVICE: *******************************************
07-09 21:37:02.820   267  8443 D dalvikvm: GC_FOR_ALLOC freed 341K, 7% free 10674K/11399K, paused 22ms
07-09 21:37:03.031   334   334 D SAN_SERVICE: *******************************************
07-09 21:37:03.031   334   334 D SAN_SERVICE: DM App Phone Service State - 0
07-09 21:37:03.031   334   334 D SAN_SERVICE: *******************************************
07-09 21:37:03.785   334   334 D SAN_SERVICE: *******************************************
07-09 21:37:03.785   334   334 D SAN_SERVICE: DM App Phone Service State - 0
07-09 21:37:03.785   334   334 D SAN_SERVICE: *******************************************
07-09 21:37:04.101   267  8445 E TalkProvider: [TalkProvider] caught android.database.sqlite.SQLiteConstraintException: error code 19: constraint failed inserting message
07-09 21:37:06.086   267  8445 E TalkProvider: [TalkProvider] caught android.database.sqlite.SQLiteConstraintException: error code 19: constraint failed inserting message
07-09 21:37:06.109   267  8443 D dalvikvm: GC_FOR_ALLOC freed 313K, 7% free 10674K/11399K, paused 22ms
07-09 21:37:06.921  7009  8448 D dalvikvm: GC_EXPLICIT freed 223K, 12% free 9696K/10951K, paused 9ms+3ms
07-09 21:37:06.929  7009  8448 I Gmail   : MainSyncRequestProto: lowestBkwdConvoId: 0, highestHandledServerOp: 1056331, normalSync: true
07-09 21:37:06.945  8343  8343 D OpenGLRenderer: Flushing caches (mode 2)
07-09 21:37:06.945  8343  8343 D OpenGLRenderer: Flushing caches (mode 0)
07-09 21:37:06.945  8343  8343 W ManagedEGLContext: doTerminate failed: EGL count is 2 but managed count is 1
07-09 21:37:06.949  7009  8448 W Gmail   : Scheduling index for 300000 ms from now
07-09 21:37:08.375   267  8445 E TalkProvider: [TalkProvider] caught android.database.sqlite.SQLiteConstraintException: error code 19: constraint failed inserting message
07-09 21:37:08.668   267   269 D dalvikvm: GC_CONCURRENT freed 385K, 7% free 10715K/11399K, paused 15ms+4ms
07-09 21:37:08.671   267  8445 E TalkProvider: [TalkProvider] caught android.database.sqlite.SQLiteConstraintException: error code 19: constraint failed inserting message
07-09 21:37:08.699   267  8445 E TalkProvider: [TalkProvider] caught android.database.sqlite.SQLiteConstraintException: error code 19: constraint failed inserting message
07-09 21:37:08.742   267  8445 E TalkProvider: [TalkProvider] caught android.database.sqlite.SQLiteConstraintException: error code 19: constraint failed inserting message
07-09 21:37:10.480   267  8445 E TalkProvider: [TalkProvider] caught android.database.sqlite.SQLiteConstraintException: error code 19: constraint failed inserting message
07-09 21:37:11.164  8343  8343 D OpenGLRenderer: Flushing caches (mode 2)
07-09 21:37:11.164  8343  8343 D OpenGLRenderer: Flushing caches (mode 0)
07-09 21:37:11.164  8343  8343 W ManagedEGLContext: doTerminate failed: EGL count is 2 but managed count is 1
07-09 21:37:11.312   267   269 D dalvikvm: GC_CONCURRENT freed 345K, 6% free 10815K/11399K, paused 2ms+3ms
07-09 21:37:11.754   425   428 D dalvikvm: GC_CONCURRENT freed 329K, 7% free 9741K/10375K, paused 1ms+2ms
07-09 21:37:11.925   425   428 D dalvikvm: GC_CONCURRENT freed 390K, 7% free 9747K/10375K, paused 1ms+2ms
07-09 21:37:12.339   141   423 D dalvikvm: GC_EXPLICIT freed 285K, 11% free 15259K/17031K, paused 2ms+5ms
07-09 21:37:18.234   334   334 D SAN_SERVICE: *******************************************
07-09 21:37:18.238   334   334 D SAN_SERVICE: DM App Phone Service State - 0
07-09 21:37:18.238   334   334 D SAN_SERVICE: *******************************************
07-09 21:37:18.500   334   334 D SAN_SERVICE: *******************************************
07-09 21:37:18.500   334   334 D SAN_SERVICE: DM App Phone Service State - 0
07-09 21:37:18.500   334   334 D SAN_SERVICE: *******************************************
07-09 21:37:19.000   334   334 D SAN_SERVICE: *******************************************
07-09 21:37:19.000   334   334 D SAN_SERVICE: DM App Phone Service State - 0
07-09 21:37:19.000   334   334 D SAN_SERVICE: *******************************************
07-09 21:37:24.984   334   334 D SAN_SERVICE: *******************************************
07-09 21:37:24.984   334   334 D SAN_SERVICE: DM App Phone Service State - 0
07-09 21:37:24.984   334   334 D SAN_SERVICE: *******************************************
07-09 21:37:25.254   334   334 D SAN_SERVICE: *******************************************
07-09 21:37:25.254   334   334 D SAN_SERVICE: DM App Phone Service State - 0
07-09 21:37:25.254   334   334 D SAN_SERVICE: *******************************************
07-09 21:37:38.136   815  1150 I PhoneLab-: Service Running
07-09 21:37:38.254   815  1150 I PhoneLab-LoggerService: app_38    6955  815   1460   1092  c00f181c 400107b4 S logcat
07-09 21:37:38.254   815  1150 I PhoneLab-LoggerService: Logcat pid from database 6955
07-09 21:37:38.254   815  1150 I PhoneLab-LoggerService: Logcat process found 6955
07-09 21:37:38.254   815  1150 I PhoneLab-LoggerService: Checking Threshold
07-09 21:37:38.254   815  1150 I PhoneLab-LoggerService: Starting to rename files
07-09 21:37:38.254   815  1150 I PhoneLab-LoggerService: Files found .. 15
07-09 21:37:38.254   815  1150 I PhoneLab-LoggerService: File 1 log.out.1
07-09 21:37:38.261   815  1150 I PhoneLab-LoggerService: Renamed successfully
07-09 21:38:00.859   334   334 D SAN_SERVICE: *******************************************
07-09 21:38:00.859   334   334 D SAN_SERVICE: DM App Phone Service State - 0
07-09 21:38:00.859   334   334 D SAN_SERVICE: *******************************************
07-09 21:39:09.000   815  1150 I PhoneLab-: Service Running
07-09 21:39:09.089   815  1150 I PhoneLab-LoggerService: app_38    6955  815   1460   1092  c00f181c 400107b4 S logcat
07-09 21:39:09.089   815  1150 I PhoneLab-LoggerService: Logcat pid from database 6955
07-09 21:39:09.089   815  1150 I PhoneLab-LoggerService: Logcat process found 6955
07-09 21:39:09.089   815  1150 I PhoneLab-LoggerService: Checking Threshold
07-09 21:39:09.089   815  1150 I PhoneLab-LoggerService: Starting to rename files
07-09 21:39:09.093   815  1150 I PhoneLab-LoggerService: Files found .. 15
07-09 21:39:28.089   141   172 I power   : *** set_screen_state 1
07-09 21:39:28.156   141   172 I WindowManager: Lock screen displayed!
07-09 21:39:28.300    78   118 D SurfaceFlinger: Screen about to return, flinger = 0xec918
07-09 21:39:29.769   141   168 I power   : *** set_screen_state 0
07-09 21:39:29.808    78   118 D SurfaceFlinger: About to give-up screen, flinger = 0xec918
07-09 21:39:29.925   141   169 D dalvikvm: GC_FOR_ALLOC freed 454K, 12% free 15146K/17031K, paused 106ms
07-09 21:39:30.023   141   172 D dalvikvm: GC_FOR_ALLOC freed 57K, 11% free 15246K/17031K, paused 52ms
07-09 21:39:30.023   141   172 I dalvikvm-heap: Grow heap (frag case) to 15.063MB for 104992-byte allocation
07-09 21:39:30.082   141   169 D dalvikvm: GC_FOR_ALLOC freed 2K, 11% free 15346K/17159K, paused 46ms
07-09 21:39:30.140   141   172 D dalvikvm: GC_FOR_ALLOC freed <1K, 11% free 15347K/17159K, paused 46ms
07-09 21:39:30.140   141   172 I dalvikvm-heap: Grow heap (frag case) to 15.162MB for 104992-byte allocation
07-09 21:39:30.199   141   169 D dalvikvm: GC_FOR_ALLOC freed <1K, 11% free 15449K/17287K, paused 46ms
07-09 21:39:30.257   141   172 D dalvikvm: GC_FOR_ALLOC freed <1K, 11% free 15554K/17287K, paused 46ms
07-09 21:39:30.257   141   172 I dalvikvm-heap: Grow heap (frag case) to 15.364MB for 104992-byte allocation
07-09 21:39:30.316   141   169 D dalvikvm: GC_FOR_ALLOC freed 1K, 11% free 15655K/17415K, paused 45ms
07-09 21:39:30.320   141   172 V TransportControlView: Create TCV com.android.internal.widget.TransportControlView@41784578
07-09 21:41:03.484   334   334 D SAN_SERVICE: *******************************************
07-09 21:41:03.484   334   334 D SAN_SERVICE: DM App Phone Service State - 0
07-09 21:41:03.484   334   334 D SAN_SERVICE: *******************************************
07-09 21:41:03.968   334   334 D SAN_SERVICE: *******************************************
07-09 21:41:03.968   334   334 D SAN_SERVICE: DM App Phone Service State - 0
07-09 21:41:03.968   334   334 D SAN_SERVICE: *******************************************
07-09 21:41:09.000   815  1150 I PhoneLab-: Service Running
07-09 21:41:09.097   815  1150 I PhoneLab-LoggerService: app_38    6955  815   1460   1092  c00f181c 400107b4 S logcat
07-09 21:41:09.101   815  1150 I PhoneLab-LoggerService: Logcat pid from database 6955
07-09 21:41:09.101   815  1150 I PhoneLab-LoggerService: Logcat process found 6955
07-09 21:41:09.101   815  1150 I PhoneLab-LoggerService: Checking Threshold
07-09 21:41:09.101   815  1150 I PhoneLab-LoggerService: Starting to rename files
07-09 21:41:09.101   815  1150 I PhoneLab-LoggerService: Files found .. 15
07-09 21:41:23.964   334   334 D SAN_SERVICE: *******************************************
07-09 21:41:23.968   334   334 D SAN_SERVICE: DM App Phone Service State - 0
07-09 21:41:23.968   334   334 D SAN_SERVICE: *******************************************
07-09 21:41:24.433   334   334 D SAN_SERVICE: *******************************************
07-09 21:41:24.437   334   334 D SAN_SERVICE: DM App Phone Service State - 0
07-09 21:41:24.437   334   334 D SAN_SERVICE: *******************************************
07-09 21:41:25.410   267   613 D WifiLocator: Too many no-location APs. Will not compute a location nor go to the server. hasLocation=0 noLocation=0 cacheMiss=0
07-09 21:45:32.804   815   815 I PhoneLab-Locks: wake lock acquired
07-09 21:45:32.840   815   815 I PhoneLab-StatusMonitor: Status Monitoring is started
07-09 21:45:32.906   815   818 D dalvikvm: GC_CONCURRENT freed 445K, 8% free 9229K/9927K, paused 1ms+2ms
07-09 21:45:32.949   815   815 I PhoneLab-StatusMonitor: Value: 10 - unit: min
07-09 21:45:32.949   815   815 I PhoneLab-StatusMonitor: Running interval: 600000
07-09 21:45:32.957   815   815 I PhoneLab-StatusMonitor: Rescheduling status monitoring...
07-09 21:45:32.957   815   815 I PhoneLab-Locks: wake lock released
07-09 21:45:32.961   815   815 I PhoneLab-StatusMonitorLocation: Learning Location
07-09 21:45:32.961   815   815 I PhoneLab-Locks: wake lock acquired
07-09 21:45:32.965   815   815 I PhoneLab-Locks: wake lock acquired
07-09 21:45:32.968   815   815 I PhoneLab-StatusMonitorLocation: Learning Signal Strgth
07-09 21:45:32.968   815   815 I PhoneLab-Locks: wake lock acquired
07-09 21:45:32.968   267   578 D androidNetworkLocationListeners: Still have listener com.google.android.location.internal.client.NetworkLocationClient$1@41390a18
07-09 21:45:32.976   267   578 D androidNetworkLocationListeners: Still have listener com.google.android.location.internal.client.NetworkLocationClient$1@41390a18
07-09 21:45:32.980   267   613 D WifiLocator: Too many no-location APs. Will not compute a location nor go to the server. hasLocation=0 noLocation=0 cacheMiss=0
07-09 21:45:32.984   815   815 I PhoneLab-StatusMonitorBattery: Battery_level: 33
07-09 21:45:32.984   815   815 I PhoneLab-Locks: wake lock released
07-09 21:45:32.984   815   815 I PhoneLab-StatusMonitorSignal: Signal_Strength: -96 asu: 9
07-09 21:45:32.984   815   815 I PhoneLab-Locks: wake lock released
07-09 21:45:32.996   267   613 D WifiLocator: Too many no-location APs. Will not compute a location nor go to the server. hasLocation=0 noLocation=0 cacheMiss=0
07-09 21:45:33.004   815   815 I PhoneLab-StatusMonitorLocation: Location_Latitude: 37.4027446 Longitude: -122.0643243 Accuracy: 1019.0
07-09 21:45:33.004   815   815 I PhoneLab-Locks: wake lock released
07-09 21:45:33.007   267   578 D androidNetworkLocationListeners: Still have listener com.google.android.location.internal.client.NetworkLocationClient$1@41390a18
07-09 21:45:33.019   267   613 D WifiLocator: Too many no-location APs. Will not compute a location nor go to the server. hasLocation=0 noLocation=0 cacheMiss=0
07-09 21:47:35.035   815   815 I PhoneLab-Locks: wake lock acquired
07-09 21:47:35.086   815  8486 I PhoneLab-PeriodicCheckService: User info is synched
07-09 21:47:35.093   815  8486 I PhoneLab-PeriodicCheckService: Logger Service is running
07-09 21:47:35.093   815  8486 I PhoneLab-PeriodicCheckService: Rescheduling periodic checking...
07-09 21:47:35.097   815  8486 I PhoneLab-Locks: wake lock released
07-09 21:50:32.500  7009  8487 W Gmail   : Successful index run, cancel next scheduled index run
07-09 21:50:33.086   267   613 D WifiLocator: Too many no-location APs. Will not compute a location nor go to the server. hasLocation=0 noLocation=0 cacheMiss=0
07-09 21:55:32.976   815   815 I PhoneLab-Locks: wake lock acquired
07-09 21:55:33.007   815   815 I PhoneLab-StatusMonitor: Status Monitoring is started
07-09 21:55:33.054   815   818 D dalvikvm: GC_CONCURRENT freed 526K, 8% free 9212K/9927K, paused 2ms+2ms
07-09 21:55:33.082   815   815 I PhoneLab-StatusMonitor: Value: 10 - unit: min
07-09 21:55:33.082   815   815 I PhoneLab-StatusMonitor: Running interval: 600000
07-09 21:55:33.089   815   815 I PhoneLab-StatusMonitor: Rescheduling status monitoring...
07-09 21:55:33.093   815   815 I PhoneLab-Locks: wake lock released
07-09 21:55:33.097   815   815 I PhoneLab-StatusMonitorLocation: Learning Location
07-09 21:55:33.097   815   815 I PhoneLab-Locks: wake lock acquired
07-09 21:55:33.097  8343  8343 D OpenGLRenderer: Flushing caches (mode 2)
07-09 21:55:33.097  8343  8343 D OpenGLRenderer: Flushing caches (mode 0)
07-09 21:55:33.097  8343  8343 W ManagedEGLContext: doTerminate failed: EGL count is 2 but managed count is 1
07-09 21:55:33.101   815   815 I PhoneLab-Locks: wake lock acquired
07-09 21:55:33.105   815   815 I PhoneLab-StatusMonitorLocation: Learning Signal Strgth
07-09 21:55:33.105   815   815 I PhoneLab-Locks: wake lock acquired
07-09 21:55:33.105   267   578 D androidNetworkLocationListeners: Still have listener com.google.android.location.internal.client.NetworkLocationClient$1@41390a18
07-09 21:55:33.109   267   578 D androidNetworkLocationListeners: Still have listener com.google.android.location.internal.client.NetworkLocationClient$1@41390a18
07-09 21:55:33.113   815   815 I PhoneLab-StatusMonitorBattery: Battery_level: 32
07-09 21:55:33.113   815   815 I PhoneLab-Locks: wake lock released
07-09 21:55:33.113   815   815 I PhoneLab-StatusMonitorSignal: Signal_Strength: -96 asu: 9
07-09 21:55:33.113   815   815 I PhoneLab-Locks: wake lock released
07-09 21:55:33.117   267   613 D WifiLocator: Too many no-location APs. Will not compute a location nor go to the server. hasLocation=0 noLocation=0 cacheMiss=0
07-09 21:55:33.129   815   815 I PhoneLab-StatusMonitorLocation: Location_Latitude: 37.4027446 Longitude: -122.0643243 Accuracy: 1019.0
07-09 21:55:33.129   815   815 I PhoneLab-Locks: wake lock released
07-09 21:55:33.129   267   578 D androidNetworkLocationListeners: Still have listener com.google.android.location.internal.client.NetworkLocationClient$1@41390a18
07-09 21:55:33.164   267   613 D WifiLocator: Too many no-location APs. Will not compute a location nor go to the server. hasLocation=0 noLocation=0 cacheMiss=0
07-09 21:59:39.441   141   157 V BackupManagerService: Running a backup pass
07-09 21:59:39.453   141   209 V BackupManagerService: Backup requested but nothing pending
07-09 22:00:33.277   267   613 D WifiLocator: Too many no-location APs. Will not compute a location nor go to the server. hasLocation=0 noLocation=0 cacheMiss=0
07-09 22:04:58.531   267   552 I EventLogService: Aggregate from 1341894898394 (log), 1341894898394 (data)
07-09 22:05:33.117   815   815 I PhoneLab-Locks: wake lock acquired
07-09 22:05:33.144   815   815 I PhoneLab-StatusMonitor: Status Monitoring is started
07-09 22:05:33.179   815   818 D dalvikvm: GC_CONCURRENT freed 511K, 8% free 9212K/9927K, paused 2ms+2ms
07-09 22:05:33.199   815   815 I PhoneLab-StatusMonitor: Value: 10 - unit: min
07-09 22:05:33.199   815   815 I PhoneLab-StatusMonitor: Running interval: 600000
07-09 22:05:33.203   815   815 I PhoneLab-StatusMonitor: Rescheduling status monitoring...
07-09 22:05:33.207   815   815 I PhoneLab-Locks: wake lock released
07-09 22:05:33.453   815   815 I PhoneLab-StatusMonitorLocation: Learning Location
07-09 22:05:33.453   815   815 I PhoneLab-Locks: wake lock acquired
07-09 22:05:33.476   815   815 I PhoneLab-Locks: wake lock acquired
07-09 22:05:33.480  8343  8343 D OpenGLRenderer: Flushing caches (mode 2)
07-09 22:05:33.480  8343  8343 D OpenGLRenderer: Flushing caches (mode 0)
07-09 22:05:33.480  8343  8343 W ManagedEGLContext: doTerminate failed: EGL count is 2 but managed count is 1
07-09 22:05:33.484   815   815 I PhoneLab-StatusMonitorLocation: Learning Signal Strgth
07-09 22:05:33.484   815   815 I PhoneLab-Locks: wake lock acquired
07-09 22:05:33.484   267   578 D androidNetworkLocationListeners: Still have listener com.google.android.location.internal.client.NetworkLocationClient$1@41390a18
07-09 22:05:33.492   815   815 I PhoneLab-StatusMonitorBattery: Battery_level: 32
07-09 22:05:33.492   815   815 I PhoneLab-Locks: wake lock released
07-09 22:05:33.492   815   815 I PhoneLab-StatusMonitorSignal: Signal_Strength: -96 asu: 9
07-09 22:05:33.492   815   815 I PhoneLab-Locks: wake lock released
07-09 22:05:33.496   267   578 D androidNetworkLocationListeners: Still have listener com.google.android.location.internal.client.NetworkLocationClient$1@41390a18
07-09 22:05:33.496   267   613 D WifiLocator: Too many no-location APs. Will not compute a location nor go to the server. hasLocation=0 noLocation=0 cacheMiss=0
07-09 22:05:33.507   267   613 D WifiLocator: Too many no-location APs. Will not compute a location nor go to the server. hasLocation=0 noLocation=0 cacheMiss=0
07-09 22:05:33.519   815   815 I PhoneLab-StatusMonitorLocation: Location_Latitude: 37.4027446 Longitude: -122.0643243 Accuracy: 1019.0
07-09 22:05:33.519   815   815 I PhoneLab-Locks: wake lock released
07-09 22:05:33.523   267   578 D androidNetworkLocationListeners: Still have listener com.google.android.location.internal.client.NetworkLocationClient$1@41390a18
07-09 22:05:33.531   267   613 D WifiLocator: Too many no-location APs. Will not compute a location nor go to the server. hasLocation=0 noLocation=0 cacheMiss=0
07-09 22:05:57.414   141   197 D ConnectivityService: handleConnectivityChange: address are the same reset per doReset linkProperty[6]: resetMask=0
07-09 22:05:57.418   141   157 D DhcpInfoInternal: makeLinkProperties with empty dns2!
07-09 22:06:31.054   141   360 W ActivityManager: finishReceiver called but no pending broadcasts
07-09 22:06:31.058   267  8530 W Smack/Packet: notify conn break (IOEx), close connection
07-09 22:06:46.011   267   267 I GTalkService/c: [AndroidEndpoint@1094195216] connect: acct=1000000, state=CONNECTING
07-09 22:06:46.011   267   267 I GTalkService/c: [GTalkConnection@1094790928] connect: acct=1, state=CONNECTING
07-09 22:06:47.285   141   197 D ConnectivityService: handleInetConditionHoldEnd: net=6, condition=0, published condition=100
07-09 22:07:09.066   267   269 D dalvikvm: GC_CONCURRENT freed 617K, 7% free 10719K/11463K, paused 15ms+4ms
07-09 22:07:20.836   815  1150 I PhoneLab-: Service Running
07-09 22:07:20.937   815  1150 I PhoneLab-LoggerService: app_38    6955  815   1460   1092  c00f181c 400107b4 S logcat
07-09 22:07:20.937   815  1150 I PhoneLab-LoggerService: Logcat pid from database 6955
07-09 22:07:20.937   815  1150 I PhoneLab-LoggerService: Logcat process found 6955
07-09 22:07:20.937   815  1150 I PhoneLab-LoggerService: Checking Threshold
07-09 22:07:20.937   815  1150 I PhoneLab-LoggerService: Starting to rename files
07-09 22:07:20.937   815  1150 I PhoneLab-LoggerService: Files found .. 15
07-09 22:07:20.957   815  1150 I PhoneLab-: Service Running
07-09 22:07:20.980   815   818 D dalvikvm: GC_CONCURRENT freed 436K, 8% free 9161K/9927K, paused 2ms+4ms
07-09 22:07:21.000   815  1150 I PhoneLab-LoggerService: app_38    6955  815   1460   1092  c00f181c 400107b4 S logcat
07-09 22:07:21.000   815  1150 I PhoneLab-LoggerService: Logcat pid from database 6955
07-09 22:07:21.000   815  1150 I PhoneLab-LoggerService: Logcat process found 6955
07-09 22:07:21.000   815  1150 I PhoneLab-LoggerService: Checking Threshold
07-09 22:07:21.000   815  1150 I PhoneLab-LoggerService: Starting to rename files
07-09 22:07:21.015   815  1150 I PhoneLab-LoggerService: Files found .. 15
07-09 22:07:21.015   815  1150 I PhoneLab-: Service Running
07-09 22:07:21.043   815  1150 I PhoneLab-LoggerService: app_38    6955  815   1460   1092  c00f181c 400107b4 S logcat
07-09 22:07:21.043   815  1150 I PhoneLab-LoggerService: Logcat pid from database 6955
07-09 22:07:21.043   815  1150 I PhoneLab-LoggerService: Logcat process found 6955
07-09 22:07:21.043   815  1150 I PhoneLab-LoggerService: Checking Threshold
07-09 22:07:21.043   815  1150 I PhoneLab-LoggerService: Starting to rename files
07-09 22:07:21.043   815  1150 I PhoneLab-LoggerService: Files found .. 15
07-09 22:07:21.046   815  1150 I PhoneLab-: Service Running
07-09 22:07:21.074   815  1150 I PhoneLab-LoggerService: app_38    6955  815   1460   1092  c00f181c 400107b4 S logcat
07-09 22:07:21.074   815  1150 I PhoneLab-LoggerService: Logcat pid from database 6955
07-09 22:07:21.074   815  1150 I PhoneLab-LoggerService: Logcat process found 6955
07-09 22:07:21.074   815  1150 I PhoneLab-LoggerService: Checking Threshold
07-09 22:07:21.074   815  1150 I PhoneLab-LoggerService: Starting to rename files
07-09 22:07:21.078   815  1150 I PhoneLab-LoggerService: Files found .. 15
07-09 22:07:21.078   815  1150 I PhoneLab-: Service Running
07-09 22:07:21.105   815  1150 I PhoneLab-LoggerService: app_38    6955  815   1460   1092  c00f181c 400107b4 S logcat
07-09 22:07:21.105   815  1150 I PhoneLab-LoggerService: Logcat pid from database 6955
07-09 22:07:21.105   815  1150 I PhoneLab-LoggerService: Logcat process found 6955
07-09 22:07:21.105   815  1150 I PhoneLab-LoggerService: Checking Threshold
07-09 22:07:21.105   815  1150 I PhoneLab-LoggerService: Starting to rename files
07-09 22:07:21.105   815  1150 I PhoneLab-LoggerService: Files found .. 15
07-09 22:07:21.109   815  1150 I PhoneLab-: Service Running
07-09 22:07:21.136   815  1150 I PhoneLab-LoggerService: app_38    6955  815   1460   1092  c00f181c 400107b4 S logcat
07-09 22:07:21.136   815  1150 I PhoneLab-LoggerService: Logcat pid from database 6955
07-09 22:07:21.136   815  1150 I PhoneLab-LoggerService: Logcat process found 6955
07-09 22:07:21.136   815  1150 I PhoneLab-LoggerService: Checking Threshold
07-09 22:07:21.136   815  1150 I PhoneLab-LoggerService: Starting to rename files
07-09 22:07:21.136   815  1150 I PhoneLab-LoggerService: Files found .. 15
07-09 22:07:21.140   815  1150 I PhoneLab-: Service Running
07-09 22:07:21.164   815  1150 I PhoneLab-LoggerService: app_38    6955  815   1460   1092  c00f181c 400107b4 S logcat
07-09 22:07:21.168   815  1150 I PhoneLab-LoggerService: Logcat pid from database 6955
07-09 22:07:21.168   815  1150 I PhoneLab-LoggerService: Logcat process found 6955
07-09 22:07:21.168   815  1150 I PhoneLab-LoggerService: Checking Threshold
07-09 22:07:21.183   815  1150 I PhoneLab-LoggerService: Starting to rename files
07-09 22:07:21.183   815  1150 I PhoneLab-LoggerService: Files found .. 15
07-09 22:07:21.183   815  1150 I PhoneLab-: Service Running
07-09 22:07:21.211   815   818 D dalvikvm: GC_CONCURRENT freed 389K, 8% free 9166K/9927K, paused 1ms+6ms
07-09 22:07:21.230   815  1150 I PhoneLab-LoggerService: app_38    6955  815   1460   1092  c00f181c 400107b4 S logcat
07-09 22:07:21.230   815  1150 I PhoneLab-LoggerService: Logcat pid from database 6955
07-09 22:07:21.230   815  1150 I PhoneLab-LoggerService: Logcat process found 6955
07-09 22:07:21.230   815  1150 I PhoneLab-LoggerService: Checking Threshold
07-09 22:07:21.234   815  1150 I PhoneLab-LoggerService: Starting to rename files
07-09 22:07:21.234   815  1150 I PhoneLab-LoggerService: Files found .. 15
07-09 22:07:21.234   815  1150 I PhoneLab-: Service Running
07-09 22:07:21.261   815  1150 I PhoneLab-LoggerService: app_38    6955  815   1460   1092  c00f181c 400107b4 S logcat
07-09 22:07:21.261   815  1150 I PhoneLab-LoggerService: Logcat pid from database 6955
07-09 22:07:21.261   815  1150 I PhoneLab-LoggerService: Logcat process found 6955
07-09 22:07:21.261   815  1150 I PhoneLab-LoggerService: Checking Threshold
07-09 22:07:21.261   815  1150 I PhoneLab-LoggerService: Starting to rename files
07-09 22:07:21.265   815  1150 I PhoneLab-LoggerService: Files found .. 15
07-09 22:07:21.265   815  1150 I PhoneLab-: Service Running
07-09 22:07:21.293   815  1150 I PhoneLab-LoggerService: app_38    6955  815   1460   1092  c00f181c 400107b4 S logcat
07-09 22:07:21.293   815  1150 I PhoneLab-LoggerService: Logcat pid from database 6955
07-09 22:07:21.293   815  1150 I PhoneLab-LoggerService: Logcat process found 6955
07-09 22:07:21.293   815  1150 I PhoneLab-LoggerService: Checking Threshold
07-09 22:07:21.293   815  1150 I PhoneLab-LoggerService: Starting to rename files
07-09 22:07:21.293   815  1150 I PhoneLab-LoggerService: Files found .. 15
07-09 22:07:21.296   815  1150 I PhoneLab-: Service Running
07-09 22:07:21.324   815  1150 I PhoneLab-LoggerService: app_38    6955  815   1460   1092  c00f181c 400107b4 S logcat
07-09 22:07:21.324   815  1150 I PhoneLab-LoggerService: Logcat pid from database 6955
07-09 22:07:21.324   815  1150 I PhoneLab-LoggerService: Logcat process found 6955
07-09 22:07:21.324   815  1150 I PhoneLab-LoggerService: Checking Threshold
07-09 22:07:21.324   815  1150 I PhoneLab-LoggerService: Starting to rename files
07-09 22:07:21.324   815  1150 I PhoneLab-LoggerService: Files found .. 15
07-09 22:07:21.328   815  1150 I PhoneLab-: Service Running
07-09 22:07:21.355   815  1150 I PhoneLab-LoggerService: app_38    6955  815   1460   1092  c00f181c 400107b4 S logcat
07-09 22:07:21.355   815  1150 I PhoneLab-LoggerService: Logcat pid from database 6955
07-09 22:07:21.355   815  1150 I PhoneLab-LoggerService: Logcat process found 6955
07-09 22:07:21.355   815  1150 I PhoneLab-LoggerService: Checking Threshold
07-09 22:07:21.355   815  1150 I PhoneLab-LoggerService: Starting to rename files
07-09 22:07:21.355   815  1150 I PhoneLab-LoggerService: Files found .. 15
07-09 22:07:21.359   815  1150 I PhoneLab-: Service Running
07-09 22:07:21.382   815  1150 I PhoneLab-LoggerService: app_38    6955  815   1460   1092  c00f181c 400107b4 S logcat
07-09 22:07:21.382   815  1150 I PhoneLab-LoggerService: Logcat pid from database 6955
07-09 22:07:21.382   815  1150 I PhoneLab-LoggerService: Logcat process found 6955
07-09 22:07:21.382   815  1150 I PhoneLab-LoggerService: Checking Threshold
07-09 22:07:21.402   815  1150 I PhoneLab-LoggerService: Starting to rename files
07-09 22:07:21.402   815  1150 I PhoneLab-LoggerService: Files found .. 15
07-09 22:07:21.414   815   818 D dalvikvm: GC_CONCURRENT freed 396K, 8% free 9165K/9927K, paused 1ms+2ms
07-09 22:08:00.031   267  8547 W Smack/Packet: notify conn break (IOEx), close connection
07-09 22:10:34.062   267   613 D WifiLocator: Too many no-location APs. Will not compute a location nor go to the server. hasLocation=0 noLocation=0 cacheMiss=0
07-09 22:14:06.140   141   143 D dalvikvm: GC_CONCURRENT freed 1841K, 12% free 15374K/17415K, paused 10ms+7ms
07-09 22:14:06.511   267   864 E GTalkService: connectionClosed: no XMPPConnection - That's strange!
07-09 22:14:06.519   267   864 E GTalkService: connectionClosed: no XMPPConnection - That's strange!
07-09 22:14:35.250   267   267 I GTalkService/c: [AndroidEndpoint@1094195216] connect: acct=1000000, state=CONNECTING
07-09 22:14:35.261   267   267 I GTalkService/c: [GTalkConnection@1094790928] connect: acct=1, state=CONNECTING
07-09 22:14:35.386   141   197 D ConnectivityService: handleInetConditionHoldEnd: net=6, condition=0, published condition=0
07-09 22:14:44.957   141   157 D DhcpInfoInternal: makeLinkProperties with empty dns2!
07-09 22:14:44.961   141   197 D ConnectivityService: handleConnectivityChange: address are the same reset per doReset linkProperty[6]: resetMask=0
07-09 22:14:45.582   141   197 D ConnectivityService: handleConnectivityChange: address are the same reset per doReset linkProperty[6]: resetMask=0
07-09 22:14:45.586   141   157 D DhcpInfoInternal: makeLinkProperties with empty dns2!
07-09 22:14:51.898   267   269 D dalvikvm: GC_CONCURRENT freed 469K, 7% free 10697K/11463K, paused 12ms+3ms
07-09 22:14:52.402   141   197 D ConnectivityService: handleInetConditionHoldEnd: net=6, condition=100, published condition=0
07-09 22:14:56.230   141   350 D dalvikvm: GC_EXPLICIT freed 228K, 13% free 15235K/17415K, paused 3ms+5ms
07-09 22:15:33.226   815   815 I PhoneLab-Locks: wake lock acquired
07-09 22:15:33.265   815   815 I PhoneLab-StatusMonitor: Status Monitoring is started
07-09 22:15:33.336   815   818 D dalvikvm: GC_CONCURRENT freed 436K, 7% free 9241K/9927K, paused 1ms+2ms
07-09 22:15:33.336   815   815 I PhoneLab-StatusMonitor: Value: 10 - unit: min
07-09 22:15:33.336   815   815 I PhoneLab-StatusMonitor: Running interval: 600000
07-09 22:15:33.339   815   815 I PhoneLab-StatusMonitor: Rescheduling status monitoring...
07-09 22:15:33.343   815   815 I PhoneLab-Locks: wake lock released
07-09 22:15:33.347   815   815 I PhoneLab-StatusMonitorLocation: Learning Location
07-09 22:15:33.347   815   815 I PhoneLab-Locks: wake lock acquired
07-09 22:15:33.347   815   815 I PhoneLab-Locks: wake lock acquired
07-09 22:15:33.351   267   578 D androidNetworkLocationListeners: Still have listener com.google.android.location.internal.client.NetworkLocationClient$1@41390a18
07-09 22:15:33.359   815   815 I PhoneLab-StatusMonitorLocation: Learning Signal Strgth
07-09 22:15:33.359   815   815 I PhoneLab-Locks: wake lock acquired
07-09 22:15:33.363   267   578 D androidNetworkLocationListeners: Still have listener com.google.android.location.internal.client.NetworkLocationClient$1@41390a18
07-09 22:15:33.367   815   815 I PhoneLab-StatusMonitorBattery: Battery_level: 32
07-09 22:15:33.367   815   815 I PhoneLab-Locks: wake lock released
07-09 22:15:33.367   815   815 I PhoneLab-StatusMonitorSignal: Signal_Strength: -96 asu: 9
07-09 22:15:33.367   815   815 I PhoneLab-Locks: wake lock released
07-09 22:15:33.371   267   613 D WifiLocator: Too many no-location APs. Will not compute a location nor go to the server. hasLocation=0 noLocation=0 cacheMiss=0
07-09 22:15:33.382   267   613 D WifiLocator: Too many no-location APs. Will not compute a location nor go to the server. hasLocation=0 noLocation=0 cacheMiss=0
07-09 22:15:33.386   815   815 I PhoneLab-StatusMonitorLocation: Location_Latitude: 37.4027446 Longitude: -122.0643243 Accuracy: 1019.0
07-09 22:15:33.386   815   815 I PhoneLab-Locks: wake lock released
07-09 22:15:33.390   267   578 D androidNetworkLocationListeners: Still have listener com.google.android.location.internal.client.NetworkLocationClient$1@41390a18
07-09 22:15:33.398   267   613 D WifiLocator: Too many no-location APs. Will not compute a location nor go to the server. hasLocation=0 noLocation=0 cacheMiss=0
07-09 22:17:35.121   815   815 I PhoneLab-Locks: wake lock acquired
07-09 22:17:35.168   815  8597 I PhoneLab-PeriodicCheckService: User info is synched
07-09 22:17:35.183   815  8597 I PhoneLab-PeriodicCheckService: Logger Service is running
07-09 22:17:35.183   815  8597 I PhoneLab-PeriodicCheckService: Rescheduling periodic checking...
07-09 22:17:35.183   815  8597 I PhoneLab-Locks: wake lock released
07-09 22:20:33.453   267   613 D WifiLocator: Too many no-location APs. Will not compute a location nor go to the server. hasLocation=0 noLocation=0 cacheMiss=0
07-09 22:20:45.418   815  1150 I PhoneLab-: Service Running
07-09 22:20:45.496   815  1150 I PhoneLab-LoggerService: app_38    6955  815   1460   1092  c00f181c 400107b4 S logcat
07-09 22:20:45.496   815  1150 I PhoneLab-LoggerService: Logcat pid from database 6955
07-09 22:20:45.496   815  1150 I PhoneLab-LoggerService: Logcat process found 6955
07-09 22:20:45.496   815  1150 I PhoneLab-LoggerService: Checking Threshold
07-09 22:20:45.500   815  1150 I PhoneLab-LoggerService: Starting to rename files
07-09 22:20:45.500   815  1150 I PhoneLab-LoggerService: Files found .. 15
07-09 22:20:45.500   815  1150 I PhoneLab-: Service Running
07-09 22:20:45.527   815  1150 I PhoneLab-LoggerService: app_38    6955  815   1460   1092  c00f181c 400107b4 S logcat
07-09 22:20:45.527   815  1150 I PhoneLab-LoggerService: Logcat pid from database 6955
07-09 22:20:45.527   815  1150 I PhoneLab-LoggerService: Logcat process found 6955
07-09 22:20:45.527   815  1150 I PhoneLab-LoggerService: Checking Threshold
07-09 22:20:45.531   815  1150 I PhoneLab-LoggerService: Starting to rename files
07-09 22:20:45.531   815  1150 I PhoneLab-LoggerService: Files found .. 15
07-09 22:20:45.531   815  1150 I PhoneLab-: Service Running
07-09 22:20:45.558   815  1150 I PhoneLab-LoggerService: app_38    6955  815   1460   1092  c00f181c 400107b4 S logcat
07-09 22:20:45.558   815  1150 I PhoneLab-LoggerService: Logcat pid from database 6955
07-09 22:20:45.558   815  1150 I PhoneLab-LoggerService: Logcat process found 6955
07-09 22:20:45.558   815  1150 I PhoneLab-LoggerService: Checking Threshold
07-09 22:20:45.562   815  1150 I PhoneLab-LoggerService: Starting to rename files
07-09 22:20:45.562   815  1150 I PhoneLab-LoggerService: Files found .. 15
07-09 22:20:45.562   815  1150 I PhoneLab-: Service Running
07-09 22:20:45.589   815  1150 I PhoneLab-LoggerService: app_38    6955  815   1460   1092  c00f181c 400107b4 S logcat
07-09 22:20:45.589   815  1150 I PhoneLab-LoggerService: Logcat pid from database 6955
07-09 22:20:45.589   815  1150 I PhoneLab-LoggerService: Logcat process found 6955
07-09 22:20:45.589   815  1150 I PhoneLab-LoggerService: Checking Threshold
07-09 22:20:45.589   815  1150 I PhoneLab-LoggerService: Starting to rename files
07-09 22:20:45.593   815  1150 I PhoneLab-LoggerService: Files found .. 15
07-09 22:20:45.593   815  1150 I PhoneLab-: Service Running
07-09 22:20:45.621   815  1150 I PhoneLab-LoggerService: app_38    6955  815   1460   1092  c00f181c 400107b4 S logcat
07-09 22:20:45.621   815  1150 I PhoneLab-LoggerService: Logcat pid from database 6955
07-09 22:20:45.621   815  1150 I PhoneLab-LoggerService: Logcat process found 6955
07-09 22:20:45.621   815  1150 I PhoneLab-LoggerService: Checking Threshold
07-09 22:20:45.621   815  1150 I PhoneLab-LoggerService: Starting to rename files
07-09 22:20:45.621   815  1150 I PhoneLab-LoggerService: Files found .. 15
07-09 22:20:45.625   815  1150 I PhoneLab-: Service Running
07-09 22:20:45.664   815   818 D dalvikvm: GC_CONCURRENT freed 458K, 8% free 9190K/9927K, paused 2ms+3ms
07-09 22:20:45.668   815  1150 I PhoneLab-LoggerService: app_38    6955  815   1460   1092  c00f181c 400107b4 S logcat
07-09 22:20:45.672   815  1150 I PhoneLab-LoggerService: Logcat pid from database 6955
07-09 22:20:45.672   815  1150 I PhoneLab-LoggerService: Logcat process found 6955
07-09 22:20:45.672   815  1150 I PhoneLab-LoggerService: Checking Threshold
07-09 22:20:45.672   815  1150 I PhoneLab-LoggerService: Starting to rename files
07-09 22:20:45.672   815  1150 I PhoneLab-LoggerService: Files found .. 15
07-09 22:21:09.000   815  1150 I PhoneLab-: Service Running
07-09 22:21:09.097   815  1150 I PhoneLab-LoggerService: app_38    6955  815   1460   1092  c00f181c 400107b4 S logcat
07-09 22:21:09.097   815  1150 I PhoneLab-LoggerService: Logcat pid from database 6955
07-09 22:21:09.097   815  1150 I PhoneLab-LoggerService: Logcat process found 6955
07-09 22:21:09.097   815  1150 I PhoneLab-LoggerService: Checking Threshold
07-09 22:21:09.097   815  1150 I PhoneLab-LoggerService: Starting to rename files
07-09 22:21:09.097   815  1150 I PhoneLab-LoggerService: Files found .. 15
07-09 22:21:22.105   334   338 D dalvikvm: GC_CONCURRENT freed 384K, 6% free 9459K/10055K, paused 25ms+2ms
07-09 22:25:33.363   815   815 I PhoneLab-Locks: wake lock acquired
07-09 22:25:33.402   815   815 I PhoneLab-StatusMonitor: Status Monitoring is started
07-09 22:25:33.445   267   613 D WifiLocator: Too many no-location APs. Will not compute a location nor go to the server. hasLocation=0 noLocation=0 cacheMiss=0
07-09 22:25:33.476   815   818 D dalvikvm: GC_CONCURRENT freed 468K, 7% free 9234K/9927K, paused 1ms+2ms
07-09 22:25:33.480   815   815 I PhoneLab-StatusMonitor: Value: 10 - unit: min
07-09 22:25:33.480   815   815 I PhoneLab-StatusMonitor: Running interval: 600000
07-09 22:25:33.492   815   815 I PhoneLab-StatusMonitor: Rescheduling status monitoring...
07-09 22:25:33.511   815  6437 D dalvikvm: GC_EXPLICIT freed 139K, 8% free 9193K/9927K, paused 2ms+2ms
07-09 22:25:33.511   815   815 I PhoneLab-Locks: wake lock released
07-09 22:25:33.519   815   815 I PhoneLab-StatusMonitorLocation: Learning Location
07-09 22:25:33.519   815   815 I PhoneLab-Locks: wake lock acquired
07-09 22:25:33.523   815   815 I PhoneLab-Locks: wake lock acquired
07-09 22:25:33.523   267   578 D androidNetworkLocationListeners: Still have listener com.google.android.location.internal.client.NetworkLocationClient$1@41390a18
07-09 22:25:33.527   815   815 I PhoneLab-StatusMonitorLocation: Learning Signal Strgth
07-09 22:25:33.527   815   815 I PhoneLab-Locks: wake lock acquired
07-09 22:25:33.535   267   578 D androidNetworkLocationListeners: Still have listener com.google.android.location.internal.client.NetworkLocationClient$1@41390a18
07-09 22:25:33.539   815   815 I PhoneLab-StatusMonitorBattery: Battery_level: 32
07-09 22:25:33.539   815   815 I PhoneLab-Locks: wake lock released
07-09 22:25:33.539   267   613 D WifiLocator: Too many no-location APs. Will not compute a location nor go to the server. hasLocation=0 noLocation=0 cacheMiss=0
07-09 22:25:33.539   815   815 I PhoneLab-StatusMonitorSignal: Signal_Strength: -96 asu: 9
07-09 22:25:33.539   815   815 I PhoneLab-Locks: wake lock released
07-09 22:25:33.550   267   613 D WifiLocator: Too many no-location APs. Will not compute a location nor go to the server. hasLocation=0 noLocation=0 cacheMiss=0
07-09 22:25:33.558   815   815 I PhoneLab-StatusMonitorLocation: Location_Latitude: 37.4027446 Longitude: -122.0643243 Accuracy: 1019.0
07-09 22:25:33.558   815   815 I PhoneLab-Locks: wake lock released
07-09 22:25:33.558   267   578 D androidNetworkLocationListeners: Still have listener com.google.android.location.internal.client.NetworkLocationClient$1@41390a18
07-09 22:25:33.566   267   613 D WifiLocator: Too many no-location APs. Will not compute a location nor go to the server. hasLocation=0 noLocation=0 cacheMiss=0
07-09 22:30:33.621   267   613 D WifiLocator: Too many no-location APs. Will not compute a location nor go to the server. hasLocation=0 noLocation=0 cacheMiss=0
07-09 22:34:52.558   815  1150 I PhoneLab-: Service Running
07-09 22:34:52.636   815  1150 I PhoneLab-LoggerService: app_38    6955  815   1460   1092  c00f181c 400107b4 S logcat
07-09 22:34:52.636   815  1150 I PhoneLab-LoggerService: Logcat pid from database 6955
07-09 22:34:52.636   815  1150 I PhoneLab-LoggerService: Logcat process found 6955
07-09 22:34:52.636   815  1150 I PhoneLab-LoggerService: Checking Threshold
07-09 22:34:52.640   815  1150 I PhoneLab-LoggerService: Starting to rename files
07-09 22:34:52.640   815  1150 I PhoneLab-LoggerService: Files found .. 15
07-09 22:34:52.640   815  1150 I PhoneLab-: Service Running
07-09 22:34:52.668   815  1150 I PhoneLab-LoggerService: app_38    6955  815   1460   1092  c00f181c 400107b4 S logcat
07-09 22:34:52.668   815  1150 I PhoneLab-LoggerService: Logcat pid from database 6955
07-09 22:34:52.668   815  1150 I PhoneLab-LoggerService: Logcat process found 6955
07-09 22:34:52.668   815  1150 I PhoneLab-LoggerService: Checking Threshold
07-09 22:34:52.671   815  1150 I PhoneLab-LoggerService: Starting to rename files
07-09 22:34:52.671   815  1150 I PhoneLab-LoggerService: Files found .. 15
07-09 22:34:52.671   815  1150 I PhoneLab-: Service Running
07-09 22:34:52.699   815  1150 I PhoneLab-LoggerService: app_38    6955  815   1460   1092  c00f181c 400107b4 S logcat
07-09 22:34:52.699   815  1150 I PhoneLab-LoggerService: Logcat pid from database 6955
07-09 22:34:52.699   815  1150 I PhoneLab-LoggerService: Logcat process found 6955
07-09 22:34:52.699   815  1150 I PhoneLab-LoggerService: Checking Threshold
07-09 22:34:52.703   815  1150 I PhoneLab-LoggerService: Starting to rename files
07-09 22:34:52.703   815  1150 I PhoneLab-LoggerService: Files found .. 15
07-09 22:34:52.703   815  1150 I PhoneLab-: Service Running
07-09 22:34:52.730   815  1150 I PhoneLab-LoggerService: app_38    6955  815   1460   1092  c00f181c 400107b4 S logcat
07-09 22:34:52.730   815  1150 I PhoneLab-LoggerService: Logcat pid from database 6955
07-09 22:34:52.730   815  1150 I PhoneLab-LoggerService: Logcat process found 6955
07-09 22:34:52.730   815  1150 I PhoneLab-LoggerService: Checking Threshold
07-09 22:34:52.730   815  1150 I PhoneLab-LoggerService: Starting to rename files
07-09 22:34:52.734   815  1150 I PhoneLab-LoggerService: Files found .. 15
07-09 22:34:52.734   815  1150 I PhoneLab-: Service Running
07-09 22:34:52.761   815  1150 I PhoneLab-LoggerService: app_38    6955  815   1460   1092  c00f181c 400107b4 S logcat
07-09 22:34:52.761   815  1150 I PhoneLab-LoggerService: Logcat pid from database 6955
07-09 22:34:52.761   815  1150 I PhoneLab-LoggerService: Logcat process found 6955
07-09 22:34:52.761   815  1150 I PhoneLab-LoggerService: Checking Threshold
07-09 22:34:52.761   815  1150 I PhoneLab-LoggerService: Starting to rename files
07-09 22:34:52.761   815  1150 I PhoneLab-LoggerService: Files found .. 15
07-09 22:34:52.765   815  1150 I PhoneLab-: Service Running
07-09 22:34:52.804   815  1150 I PhoneLab-LoggerService: app_38    6955  815   1460   1092  c00f181c 400107b4 S logcat
07-09 22:34:52.808   815  1150 I PhoneLab-LoggerService: Logcat pid from database 6955
07-09 22:34:52.808   815  1150 I PhoneLab-LoggerService: Logcat process found 6955
07-09 22:34:52.808   815  1150 I PhoneLab-LoggerService: Checking Threshold
07-09 22:34:52.808   815  1150 I PhoneLab-LoggerService: Starting to rename files
07-09 22:34:52.808   815  1150 I PhoneLab-LoggerService: Files found .. 15
07-09 22:34:52.812   815   818 D dalvikvm: GC_CONCURRENT freed 395K, 8% free 9212K/9927K, paused 1ms+3ms
07-09 22:34:58.691   267   283 D dalvikvm: GC_EXPLICIT freed 264K, 7% free 10669K/11463K, paused 2ms+3ms
07-09 22:34:58.695   267   572 I EventLogService: Aggregate from 1341896698532 (log), 1341896698532 (data)
07-09 22:35:09.000   815  1150 I PhoneLab-: Service Running
07-09 22:35:09.070   815  1150 I PhoneLab-LoggerService: app_38    6955  815   1460   1092  c00f181c 400107b4 S logcat
07-09 22:35:09.070   815  1150 I PhoneLab-LoggerService: Logcat pid from database 6955
07-09 22:35:09.070   815  1150 I PhoneLab-LoggerService: Logcat process found 6955
07-09 22:35:09.070   815  1150 I PhoneLab-LoggerService: Checking Threshold
07-09 22:35:09.070   815  1150 I PhoneLab-LoggerService: Starting to rename files
07-09 22:35:09.070   815  1150 I PhoneLab-LoggerService: Files found .. 15
07-09 22:35:33.535   815   815 I PhoneLab-Locks: wake lock acquired
07-09 22:35:33.562   815   815 I PhoneLab-StatusMonitor: Status Monitoring is started
07-09 22:35:33.629   815   818 D dalvikvm: GC_CONCURRENT freed 462K, 7% free 9254K/9927K, paused 2ms+2ms
07-09 22:35:33.632   815   815 I PhoneLab-StatusMonitor: Value: 10 - unit: min
07-09 22:35:33.632   815   815 I PhoneLab-StatusMonitor: Running interval: 600000
07-09 22:35:33.636   815   815 I PhoneLab-StatusMonitor: Rescheduling status monitoring...
07-09 22:35:33.644   815   815 I PhoneLab-Locks: wake lock released
07-09 22:35:33.648   815   815 I PhoneLab-StatusMonitorLocation: Learning Location
07-09 22:35:33.648   815   815 I PhoneLab-Locks: wake lock acquired
07-09 22:35:33.652   267   613 D WifiLocator: Too many no-location APs. Will not compute a location nor go to the server. hasLocation=0 noLocation=0 cacheMiss=0
07-09 22:35:33.656   815   815 I PhoneLab-Locks: wake lock acquired
07-09 22:35:33.660   815   815 I PhoneLab-StatusMonitorLocation: Learning Signal Strgth
07-09 22:35:33.660   815   815 I PhoneLab-Locks: wake lock acquired
07-09 22:35:33.664   267   578 D androidNetworkLocationListeners: Still have listener com.google.android.location.internal.client.NetworkLocationClient$1@41390a18
07-09 22:35:33.664   815   815 I PhoneLab-StatusMonitorBattery: Battery_level: 32
07-09 22:35:33.664   815   815 I PhoneLab-Locks: wake lock released
07-09 22:35:33.668   815   815 I PhoneLab-StatusMonitorSignal: Signal_Strength: -96 asu: 9
07-09 22:35:33.668   815   815 I PhoneLab-Locks: wake lock released
07-09 22:35:33.675   267   613 D WifiLocator: Too many no-location APs. Will not compute a location nor go to the server. hasLocation=0 noLocation=0 cacheMiss=0
07-09 22:35:33.675   267   578 D androidNetworkLocationListeners: Still have listener com.google.android.location.internal.client.NetworkLocationClient$1@41390a18
07-09 22:35:33.683   267   613 D WifiLocator: Too many no-location APs. Will not compute a location nor go to the server. hasLocation=0 noLocation=0 cacheMiss=0
07-09 22:35:33.691   815   815 I PhoneLab-StatusMonitorLocation: Location_Latitude: 37.4027446 Longitude: -122.0643243 Accuracy: 1019.0
07-09 22:35:33.691   815   815 I PhoneLab-Locks: wake lock released
07-09 22:35:33.695   267   578 D androidNetworkLocationListeners: Still have listener com.google.android.location.internal.client.NetworkLocationClient$1@41390a18
07-09 22:35:33.699   267   613 D WifiLocator: Too many no-location APs. Will not compute a location nor go to the server. hasLocation=0 noLocation=0 cacheMiss=0
07-09 22:37:24.379   815  1150 I PhoneLab-: Service Running
