06-08 14:03:13.265   565   567 D dalvikvm: GC_CONCURRENT freed 326K, 6% free 10029K/10631K, paused 2ms+3ms
06-08 14:03:13.562   694   697 D dalvikvm: GC_CONCURRENT freed 176K, 9% free 10680K/11719K, paused 2ms+3ms
06-08 14:03:14.789   565   567 D dalvikvm: GC_CONCURRENT freed 403K, 6% free 10012K/10631K, paused 2ms+2ms
06-08 14:03:14.855   150   150 D dalvikvm: GC_EXPLICIT freed 258K, 11% free 12447K/13895K, paused 3ms+5ms
06-08 14:03:15.277   694   697 D dalvikvm: GC_CONCURRENT freed 423K, 9% free 10719K/11719K, paused 2ms+3ms
06-08 14:03:15.383  1284  1284 D OpenGLRenderer: Flushing caches (mode 0)
06-08 14:03:15.512   565   567 D dalvikvm: GC_CONCURRENT freed 714K, 9% free 9691K/10631K, paused 2ms+4ms
06-08 14:03:15.707   565   567 D dalvikvm: GC_CONCURRENT freed 170K, 7% free 9917K/10631K, paused 1ms+2ms
06-08 14:03:15.863   565   634 D dalvikvm: GC_EXPLICIT freed 283K, 7% free 9960K/10631K, paused 2ms+3ms
06-08 14:03:16.043   565   567 D dalvikvm: GC_CONCURRENT freed 350K, 6% free 9995K/10631K, paused 2ms+2ms
06-08 14:03:16.246   565   567 D dalvikvm: GC_CONCURRENT freed 352K, 6% free 10038K/10631K, paused 1ms+2ms
06-08 14:03:16.488   565   567 D dalvikvm: GC_CONCURRENT freed 348K, 6% free 10073K/10631K, paused 2ms+3ms
06-08 14:03:16.953   694   697 D dalvikvm: GC_CONCURRENT freed 470K, 9% free 10713K/11719K, paused 3ms+3ms
06-08 14:03:17.097   565   567 D dalvikvm: GC_CONCURRENT freed 674K, 8% free 9850K/10631K, paused 2ms+2ms
06-08 14:03:17.332   565   567 D dalvikvm: GC_CONCURRENT freed 285K, 7% free 9951K/10631K, paused 2ms+2ms
06-08 14:03:17.512   565   567 D dalvikvm: GC_CONCURRENT freed 364K, 7% free 9973K/10631K, paused 2ms+2ms
06-08 14:03:17.719   565   567 D dalvikvm: GC_CONCURRENT freed 345K, 6% free 10014K/10631K, paused 2ms+2ms
06-08 14:03:17.914   565   898 D dalvikvm: GC_FOR_ALLOC freed 308K, 6% free 10046K/10631K, paused 20ms
06-08 14:03:18.715  1284  1284 I PhoneLab-PhoneLabMainView: Settings will be shown
06-08 14:03:18.722   150   563 I ActivityManager: START {cmp=edu.buffalo.cse.phonelab.phonelabservices/.SettingsView} from pid 1284
06-08 14:03:18.726    82   122 D AudioHardware: AudioHardware pcm playback is exiting standby.
06-08 14:03:18.726    82   122 D AudioHardware: openPcmOut_l() mPcmOpenCnt: 0
06-08 14:03:18.816   150   563 D dalvikvm: GC_FOR_ALLOC freed 256K, 11% free 12445K/13895K, paused 39ms
06-08 14:03:18.926   150   203 I ActivityManager: Displayed edu.buffalo.cse.phonelab.phonelabservices/.SettingsView: +106ms
06-08 14:03:18.930  1284  1284 D OpenGLRenderer: Flushing caches (mode 0)
06-08 14:03:19.730   694   697 D dalvikvm: GC_CONCURRENT freed 461K, 9% free 10719K/11719K, paused 2ms+3ms
06-08 14:03:19.859   565   567 D dalvikvm: GC_CONCURRENT freed 696K, 9% free 9747K/10631K, paused 2ms+2ms
06-08 14:03:20.055   565   567 D dalvikvm: GC_CONCURRENT freed 215K, 7% free 9917K/10631K, paused 1ms+4ms
06-08 14:03:20.250   565   567 D dalvikvm: GC_CONCURRENT freed 349K, 7% free 9955K/10631K, paused 3ms+3ms
06-08 14:03:20.453   565   567 D dalvikvm: GC_CONCURRENT freed 367K, 7% free 9976K/10631K, paused 1ms+3ms
06-08 14:03:20.609  1284  1284 I PhoneLab-SettingsView: Upload setings has been changed by the user: mobile data is not allowed
06-08 14:03:20.680  1284  1286 D dalvikvm: GC_CONCURRENT freed 319K, 5% free 9336K/9735K, paused 2ms+3ms
06-08 14:03:20.762   565   567 D dalvikvm: GC_CONCURRENT freed 340K, 6% free 10025K/10631K, paused 3ms+2ms
06-08 14:03:21.316   694   908 I CheckinService: Preparing to send checkin request
06-08 14:03:21.316   694   908 I EventLogService: Accumulating logs since 1339178522822
06-08 14:03:21.332  1284  1284 I PhoneLab-SettingsView: Upload setings has been changed by the user: upload only device is plugged in
06-08 14:03:21.437   694   697 D dalvikvm: GC_CONCURRENT freed 490K, 9% free 10706K/11719K, paused 3ms+3ms
06-08 14:03:21.586   694   908 D dalvikvm: GC_FOR_ALLOC freed 175K, 7% free 10928K/11719K, paused 26ms
06-08 14:03:21.586   694   908 I dalvikvm-heap: Grow heap (frag case) to 10.813MB for 75172-byte allocation
06-08 14:03:21.613   694  1678 D dalvikvm: GC_FOR_ALLOC freed 37K, 8% free 10964K/11847K, paused 25ms
06-08 14:03:21.625   565   567 D dalvikvm: GC_CONCURRENT freed 783K, 10% free 9625K/10631K, paused 2ms+4ms
06-08 14:03:21.719   694   908 I CheckinTask: Sending checkin request (9184 bytes)
06-08 14:03:21.824   565   567 D dalvikvm: GC_CONCURRENT freed 124K, 7% free 9890K/10631K, paused 1ms+2ms
06-08 14:03:22.015   565   567 D dalvikvm: GC_CONCURRENT freed 300K, 7% free 9978K/10631K, paused 2ms+3ms
06-08 14:03:22.230   565   567 D dalvikvm: GC_CONCURRENT freed 392K, 7% free 9973K/10631K, paused 2ms+3ms
06-08 14:03:22.453   150  1489 D dalvikvm: GC_FOR_ALLOC freed 412K, 11% free 12501K/13895K, paused 42ms
06-08 14:03:22.512  1284  1284 D OpenGLRenderer: Flushing caches (mode 0)
06-08 14:03:22.555   565   567 D dalvikvm: GC_CONCURRENT freed 349K, 6% free 10014K/10631K, paused 37ms+5ms
06-08 14:03:22.832   565   567 D dalvikvm: GC_CONCURRENT freed 334K, 6% free 10076K/10631K, paused 2ms+3ms
06-08 14:03:23.422   694   697 D dalvikvm: GC_CONCURRENT freed 567K, 8% free 10943K/11847K, paused 2ms+3ms
06-08 14:03:23.547   565   567 D dalvikvm: GC_CONCURRENT freed 741K, 9% free 9766K/10631K, paused 1ms+3ms
06-08 14:03:23.703   150   563 D dalvikvm: GC_EXPLICIT freed 193K, 11% free 12491K/13895K, paused 2ms+5ms
06-08 14:03:23.801   565   567 D dalvikvm: GC_CONCURRENT freed 226K, 7% free 9925K/10631K, paused 2ms+3ms
06-08 14:03:24.004   565   567 D dalvikvm: GC_CONCURRENT freed 358K, 7% free 9954K/10631K, paused 2ms+2ms
06-08 14:03:24.195   565   567 D dalvikvm: GC_CONCURRENT freed 349K, 7% free 9993K/10631K, paused 1ms+3ms
06-08 14:03:24.305  1284  1284 I PhoneLab-PhoneLabMainView: Logs will be shown
06-08 14:03:24.305   150   468 I ActivityManager: START {cmp=edu.buffalo.cse.phonelab.phonelabservices/.LogListView} from pid 1284
06-08 14:03:24.351  1284  1284 I PhoneLab-LogListView: No log files to show
06-08 14:03:24.406   150   203 I ActivityManager: Displayed edu.buffalo.cse.phonelab.phonelabservices/.LogListView: +86ms
06-08 14:03:24.414  1284  1284 D OpenGLRenderer: Flushing caches (mode 0)
06-08 14:03:24.597   565   567 D dalvikvm: GC_CONCURRENT freed 345K, 6% free 10034K/10631K, paused 3ms+5ms
06-08 14:03:25.640   150   468 D dalvikvm: GC_FOR_ALLOC freed 170K, 11% free 12495K/13895K, paused 39ms
06-08 14:03:25.699  1284  1284 D OpenGLRenderer: Flushing caches (mode 0)
06-08 14:03:25.984   694   694 I GTalkService/c: [GTalkConnection@1093878200] connect: acct=1, state=CONNECTING
06-08 14:03:26.363   565   567 D dalvikvm: GC_CONCURRENT freed 803K, 10% free 9628K/10631K, paused 2ms+3ms
06-08 14:03:26.480   694   697 D dalvikvm: GC_CONCURRENT freed 491K, 8% free 10973K/11847K, paused 3ms+4ms
06-08 14:03:26.590   565   567 D dalvikvm: GC_CONCURRENT freed 144K, 8% free 9876K/10631K, paused 2ms+2ms
06-08 14:03:26.812  1284  1284 I PhoneLab-PhoneLabMainView: See All applications
06-08 14:03:26.816   150   562 I ActivityManager: START {cmp=edu.buffalo.cse.phonelab.phonelabservices/.ApplicationList} from pid 1284
06-08 14:03:26.875   150   562 D dalvikvm: GC_FOR_ALLOC freed 316K, 11% free 12444K/13895K, paused 42ms
06-08 14:03:26.910  1284  1284 E PhoneLab-PhoneLabManifest: java.io.FileNotFoundException: /data/data/edu.buffalo.cse.phonelab.phonelabservices/files/manifest.xml: open failed: ENOENT (No such file or directory)
06-08 14:03:26.972   150   203 I ActivityManager: Displayed edu.buffalo.cse.phonelab.phonelabservices/.ApplicationList: +91ms
06-08 14:03:26.976  1284  1284 D OpenGLRenderer: Flushing caches (mode 0)
06-08 14:03:27.000   565   567 D dalvikvm: GC_CONCURRENT freed 302K, 7% free 9964K/10631K, paused 2ms+4ms
06-08 14:03:27.238   565   567 D dalvikvm: GC_CONCURRENT freed 375K, 7% free 9975K/10631K, paused 2ms+2ms
06-08 14:03:27.465   565   567 D dalvikvm: GC_CONCURRENT freed 362K, 6% free 10000K/10631K, paused 2ms+3ms
06-08 14:03:27.707   565   567 D dalvikvm: GC_CONCURRENT freed 333K, 6% free 10065K/10631K, paused 1ms+2ms
06-08 14:03:28.398   565   567 D dalvikvm: GC_CONCURRENT freed 709K, 8% free 9794K/10631K, paused 2ms+3ms
06-08 14:03:28.609   565   567 D dalvikvm: GC_CONCURRENT freed 251K, 7% free 9927K/10631K, paused 2ms+2ms
06-08 14:03:28.789   565   567 D dalvikvm: GC_CONCURRENT freed 352K, 7% free 9961K/10631K, paused 2ms+3ms
06-08 14:03:28.969   565   567 D dalvikvm: GC_CONCURRENT freed 360K, 7% free 9986K/10631K, paused 2ms+3ms
06-08 14:03:29.195   565   567 D dalvikvm: GC_CONCURRENT freed 330K, 6% free 10047K/10631K, paused 2ms+2ms
06-08 14:03:29.355   694   697 D dalvikvm: GC_CONCURRENT freed 504K, 8% free 11005K/11847K, paused 3ms+3ms
06-08 14:03:29.566   150   468 D dalvikvm: GC_FOR_ALLOC freed 222K, 11% free 12452K/13895K, paused 42ms
06-08 14:03:29.625  1284  1284 D OpenGLRenderer: Flushing caches (mode 0)
06-08 14:03:29.898    82   122 D AudioHardware: AudioHardware pcm playback is going to standby.
06-08 14:03:29.898    82   122 D AudioHardware: closePcmOut_l() mPcmOpenCnt: 1
06-08 14:03:30.597   694   697 D dalvikvm: GC_CONCURRENT freed 536K, 7% free 11019K/11847K, paused 2ms+3ms
06-08 14:03:30.672   565   567 D dalvikvm: GC_CONCURRENT freed 758K, 9% free 9711K/10631K, paused 2ms+3ms
06-08 14:03:30.844   565   567 D dalvikvm: GC_CONCURRENT freed 184K, 7% free 9913K/10631K, paused 1ms+2ms
06-08 14:03:31.023   565   567 D dalvikvm: GC_CONCURRENT freed 336K, 7% free 9961K/10631K, paused 2ms+2ms
06-08 14:03:31.129   565   634 D dalvikvm: GC_EXPLICIT freed 195K, 7% free 9944K/10631K, paused 2ms+3ms
06-08 14:03:31.207   150   161 D dalvikvm: GC_FOR_ALLOC freed 198K, 11% free 12447K/13895K, paused 41ms
06-08 14:03:31.387  1615  1617 D dalvikvm: GC_CONCURRENT freed 4737K, 42% free 11723K/19975K, paused 2ms+5ms
06-08 14:03:31.535  1615  1711 D dalvikvm: GC_FOR_ALLOC freed 365K, 41% free 11844K/19975K, paused 29ms
06-08 14:03:31.625  1615  1617 D dalvikvm: GC_CONCURRENT freed 16K, 37% free 12732K/19975K, paused 2ms+10ms
06-08 14:03:31.711   150   166 I Process : Sending signal. PID: 1615 SIG: 3
06-08 14:03:31.711  1615  1620 I dalvikvm: threadid=3: reacting to signal 3
06-08 14:03:31.746  1284  1284 D OpenGLRenderer: Flushing caches (mode 0)
06-08 14:03:31.746  1615  1620 I dalvikvm: Wrote stack traces to '/data/anr/traces.txt'
06-08 14:03:31.789  1615  1629 D dalvikvm: GC_FOR_ALLOC freed 971K, 40% free 12001K/19975K, paused 31ms
06-08 14:03:31.793  1615  1629 I dalvikvm-heap: Grow heap (frag case) to 13.014MB for 1286224-byte allocation
06-08 14:03:31.840  1615  1711 D dalvikvm: GC_FOR_ALLOC freed 2K, 34% free 13254K/19975K, paused 25ms
06-08 14:03:31.976  1615  1617 D dalvikvm: GC_CONCURRENT freed 5K, 31% free 13888K/19975K, paused 1ms+7ms
06-08 14:03:32.234  1615  1617 D dalvikvm: GC_CONCURRENT freed 2900K, 38% free 12554K/19975K, paused 4ms+4ms
06-08 14:03:32.269   150   166 I ActivityManager: No longer want com.android.email (pid 1461): hidden #16
06-08 14:03:32.277  1284  1284 D OpenGLRenderer: Flushing caches (mode 1)
06-08 14:03:32.398  1615  1617 D dalvikvm: GC_CONCURRENT freed 967K, 37% free 12748K/19975K, paused 1ms+4ms
06-08 14:03:32.465   565   567 D dalvikvm: GC_CONCURRENT freed 328K, 6% free 10006K/10631K, paused 12ms+3ms
06-08 14:03:32.695   565   567 D dalvikvm: GC_CONCURRENT freed 332K, 6% free 10059K/10631K, paused 2ms+2ms
06-08 14:03:34.390   565   567 D dalvikvm: GC_CONCURRENT freed 734K, 9% free 9772K/10631K, paused 2ms+2ms
06-08 14:03:34.676   565   567 D dalvikvm: GC_CONCURRENT freed 236K, 7% free 9929K/10631K, paused 6ms+3ms
06-08 14:03:34.875   150   563 D dalvikvm: GC_EXPLICIT freed 247K, 11% free 12441K/13895K, paused 7ms+9ms
06-08 14:03:35.019   565   567 D dalvikvm: GC_CONCURRENT freed 351K, 7% free 9966K/10631K, paused 2ms+3ms
06-08 14:03:35.226   565   567 D dalvikvm: GC_CONCURRENT freed 370K, 7% free 9981K/10631K, paused 1ms+3ms
06-08 14:03:35.648   565   567 D dalvikvm: GC_CONCURRENT freed 327K, 6% free 10041K/10631K, paused 2ms+3ms
06-08 14:03:37.262   694   697 D dalvikvm: GC_CONCURRENT freed 462K, 7% free 11128K/11847K, paused 3ms+3ms
06-08 14:03:37.515   565   567 D dalvikvm: GC_CONCURRENT freed 775K, 10% free 9658K/10631K, paused 6ms+3ms
06-08 14:03:37.797   565   567 D dalvikvm: GC_CONCURRENT freed 140K, 7% free 9905K/10631K, paused 9ms+2ms
06-08 14:03:38.066  1615  1643 D dalvikvm: GC_FOR_ALLOC freed 977K, 37% free 12711K/19975K, paused 25ms
06-08 14:03:38.281   565   567 D dalvikvm: GC_CONCURRENT freed 310K, 7% free 9982K/10631K, paused 3ms+3ms
06-08 14:03:38.617   565   567 D dalvikvm: GC_CONCURRENT freed 370K, 6% free 10001K/10631K, paused 7ms+7ms
06-08 14:03:38.941   565   567 D dalvikvm: GC_CONCURRENT freed 345K, 6% free 10042K/10631K, paused 2ms+4ms
06-08 14:03:39.394   565   567 D dalvikvm: GC_CONCURRENT freed 351K, 6% free 10077K/10631K, paused 2ms+3ms
06-08 14:03:40.621   694   697 D dalvikvm: GC_CONCURRENT freed 810K, 8% free 10929K/11847K, paused 3ms+3ms
06-08 14:03:40.887   565   567 D dalvikvm: GC_CONCURRENT freed 665K, 8% free 9853K/10631K, paused 9ms+2ms
06-08 14:03:41.293   565   567 D dalvikvm: GC_CONCURRENT freed 284K, 7% free 9956K/10631K, paused 2ms+9ms
06-08 14:03:41.621   565   567 D dalvikvm: GC_CONCURRENT freed 371K, 7% free 9972K/10631K, paused 7ms+3ms
06-08 14:03:41.847  1615  1617 D dalvikvm: GC_CONCURRENT freed 1085K, 37% free 12753K/19975K, paused 2ms+5ms
06-08 14:03:42.113   565   567 D dalvikvm: GC_CONCURRENT freed 354K, 6% free 10004K/10631K, paused 2ms+15ms
06-08 14:03:42.457   565   898 D dalvikvm: GC_FOR_ALLOC freed 299K, 6% free 10042K/10631K, paused 32ms
06-08 14:03:44.246   694   697 D dalvikvm: GC_CONCURRENT freed 489K, 8% free 10965K/11847K, paused 2ms+3ms
06-08 14:03:44.379   565   567 D dalvikvm: GC_CONCURRENT freed 680K, 9% free 9759K/10631K, paused 1ms+3ms
06-08 14:03:44.648   565   567 D dalvikvm: GC_CONCURRENT freed 209K, 7% free 9936K/10631K, paused 3ms+3ms
06-08 14:03:44.945   565   567 D dalvikvm: GC_CONCURRENT freed 349K, 7% free 9981K/10631K, paused 2ms+3ms
06-08 14:03:45.273   565   567 D dalvikvm: GC_CONCURRENT freed 376K, 7% free 9993K/10631K, paused 2ms+3ms
06-08 14:03:45.363   694   908 D dalvikvm: GC_FOR_ALLOC freed 351K, 9% free 10870K/11847K, paused 37ms
06-08 14:03:45.414   694   908 D dalvikvm: GC_FOR_ALLOC freed 28K, 9% free 10888K/11847K, paused 40ms
06-08 14:03:45.414   694   908 I dalvikvm-heap: Grow heap (frag case) to 10.765MB for 65170-byte allocation
06-08 14:03:45.457   694  1438 D dalvikvm: GC_FOR_ALLOC freed 29K, 9% free 10922K/11911K, paused 38ms
06-08 14:03:45.578   694   908 I CheckinTask: Sending checkin request (6572 bytes)
06-08 14:03:45.828   565   567 D dalvikvm: GC_CONCURRENT freed 330K, 6% free 10054K/10631K, paused 6ms+3ms
06-08 14:03:47.394   694   697 D dalvikvm: GC_CONCURRENT freed 532K, 9% free 10917K/11911K, paused 2ms+4ms
06-08 14:03:47.519   565   567 D dalvikvm: GC_CONCURRENT freed 817K, 9% free 9705K/10631K, paused 1ms+4ms
06-08 14:03:47.594   694  1438 W Smack/Packet: notify conn break (IOEx), close connection
06-08 14:03:47.699   565   567 D dalvikvm: GC_CONCURRENT freed 198K, 7% free 9903K/10631K, paused 2ms+3ms
06-08 14:03:47.762   694  1041 E GTalkService: connectionClosed: no XMPPConnection - That's strange!
06-08 14:03:47.894   565   567 D dalvikvm: GC_CONCURRENT freed 326K, 7% free 9964K/10631K, paused 2ms+3ms
06-08 14:03:48.027   150   493 D dalvikvm: GC_EXPLICIT freed 210K, 11% free 12439K/13895K, paused 2ms+4ms
06-08 14:03:48.137   565   567 D dalvikvm: GC_CONCURRENT freed 366K, 7% free 9988K/10631K, paused 2ms+3ms
06-08 14:03:48.367   565   567 D dalvikvm: GC_CONCURRENT freed 346K, 6% free 10034K/10631K, paused 2ms+3ms
06-08 14:03:50.094   565   567 D dalvikvm: GC_CONCURRENT freed 799K, 10% free 9633K/10631K, paused 2ms+3ms
06-08 14:03:50.160   694   697 D dalvikvm: GC_CONCURRENT freed 555K, 9% free 10887K/11911K, paused 2ms+3ms
06-08 14:03:50.254   694  1679 D dalvikvm: GC_EXPLICIT freed 49K, 9% free 10893K/11911K, paused 3ms+9ms
06-08 14:03:50.324   565   567 D dalvikvm: GC_CONCURRENT freed 142K, 8% free 9875K/10631K, paused 2ms+3ms
06-08 14:03:50.578   565   567 D dalvikvm: GC_CONCURRENT freed 301K, 7% free 9967K/10631K, paused 1ms+3ms
06-08 14:03:50.758   150   316 D ConnectivityService: handleInetConditionHoldEnd: net=0, condition=0, published condition=100
06-08 14:03:50.801   565   567 D dalvikvm: GC_CONCURRENT freed 390K, 7% free 9964K/10631K, paused 2ms+2ms
06-08 14:03:51.000   565   567 D dalvikvm: GC_CONCURRENT freed 337K, 6% free 10013K/10631K, paused 2ms+3ms
06-08 14:03:51.258   565   567 D dalvikvm: GC_CONCURRENT freed 347K, 6% free 10052K/10631K, paused 2ms+3ms
06-08 14:03:52.113    82   122 D AudioHardware: AudioHardware pcm playback is exiting standby.
06-08 14:03:52.113    82   122 D AudioHardware: openPcmOut_l() mPcmOpenCnt: 0
06-08 14:03:52.215   150   162 I ActivityManager: START {act=android.intent.action.MAIN cat=[android.intent.category.LAUNCHER] flg=0x10200000 cmp=com.google.android.gm/.ConversationListActivityGmail} from pid 1615
06-08 14:03:52.344   150   468 I ActivityManager: START {act=android.intent.action.MAIN cat=[android.intent.category.LAUNCHER] flg=0x6000000 cmp=com.google.android.gm/.GmailActivity} from pid 1374
06-08 14:03:52.398  1615  1615 D OpenGLRenderer: Flushing caches (mode 1)
06-08 14:03:52.504  1374  1376 D dalvikvm: GC_CONCURRENT freed 252K, 4% free 9439K/9799K, paused 19ms+6ms
06-08 14:03:52.543   150   150 I ActivityManager: START {flg=0x2000000 cmp=com.google.android.gm/.WaitActivity (has extras)} from pid 1374
06-08 14:03:52.551   150  1492 W ActivityManager: Duplicate finish request for ActivityRecord{41409e10 com.google.android.gm/.GmailActivity}
06-08 14:03:52.597  1327  1327 D OpenGLRenderer: Flushing caches (mode 1)
06-08 14:03:52.605  1615  1615 D OpenGLRenderer: Flushing caches (mode 0)
06-08 14:03:52.660  1327  1327 D OpenGLRenderer: Flushing caches (mode 1)
06-08 14:03:52.676  1374  1374 D libEGL  : loaded /system/lib/egl/libGLES_android.so
06-08 14:03:52.680  1374  1374 D libEGL  : loaded /vendor/lib/egl/libEGL_POWERVR_SGX540_120.so
06-08 14:03:52.683  1374  1374 D libEGL  : loaded /vendor/lib/egl/libGLESv1_CM_POWERVR_SGX540_120.so
06-08 14:03:52.687  1374  1374 D libEGL  : loaded /vendor/lib/egl/libGLESv2_POWERVR_SGX540_120.so
06-08 14:03:52.754  1374  1374 D OpenGLRenderer: Enabling debug mode 0
06-08 14:03:52.824  1374  1719 E Gmail.LabelManager: Unable to get label ^i for account steven.y.ko@gmail.com
06-08 14:03:52.969   150   203 I ActivityManager: Displayed com.google.android.gm/.WaitActivity: +417ms (total +675ms)
06-08 14:03:52.984   150  1492 W InputManagerService: Starting input on non-focused client com.android.internal.view.IInputMethodClient$Stub$Proxy@413a06e0 (uid=10027 pid=1615)
06-08 14:03:53.027  1374  1374 E Gmail   : Unable to correlate recent label: ^t
06-08 14:03:53.027  1374  1374 E Gmail   : Unable to correlate recent label: ^f
06-08 14:03:53.027  1374  1374 E Gmail   : Unable to correlate recent label: ^r
06-08 14:03:53.234   565   567 D dalvikvm: GC_CONCURRENT freed 656K, 8% free 9873K/10631K, paused 2ms+3ms
06-08 14:03:53.492   565   567 D dalvikvm: GC_CONCURRENT freed 308K, 7% free 9954K/10631K, paused 1ms+3ms
06-08 14:03:53.691   565   567 D dalvikvm: GC_CONCURRENT freed 369K, 7% free 9974K/10631K, paused 2ms+3ms
06-08 14:03:53.797   565   577 D dalvikvm: GC_EXPLICIT freed 204K, 7% free 9947K/10631K, paused 2ms+3ms
06-08 14:03:54.078   565   567 D dalvikvm: GC_CONCURRENT freed 298K, 6% free 10034K/10631K, paused 3ms+3ms
06-08 14:03:55.203    82   122 D AudioHardware: AudioHardware pcm playback is going to standby.
06-08 14:03:55.203    82   122 D AudioHardware: closePcmOut_l() mPcmOpenCnt: 1
06-08 14:03:55.621   694   694 I GTalkService/c: [AndroidEndpoint@1094009680] connect: acct=1000000, state=CONNECTING
06-08 14:03:55.633   694   694 I GTalkService/c: [GTalkConnection@1093878200] connect: acct=1, state=CONNECTING
06-08 14:03:55.687  1284  1351 I PhoneLab-: Service Running
06-08 14:03:55.742  1284  1351 I PhoneLab-LoggerService: app_38    1355  1284  1836   1464  c00f181c 400107b4 S logcat
06-08 14:03:55.746  1284  1351 I PhoneLab-LoggerService: Logcat pid from database 1355
06-08 14:03:55.746  1284  1351 I PhoneLab-LoggerService: Logcat process found 1355
06-08 14:03:55.746  1284  1351 I PhoneLab-LoggerService: Checking Threshold
06-08 14:03:55.746  1284  1351 I PhoneLab-LoggerService: Starting to rename files
06-08 14:03:55.746  1284  1351 I PhoneLab-LoggerService: Files found .. 2
06-08 14:03:55.746  1284  1351 I PhoneLab-LoggerService: File 1 log.out.1
06-08 14:03:55.754  1284  1351 I PhoneLab-LoggerService: Renamed successfully
06-08 14:03:55.762  1284  1286 D dalvikvm: GC_CONCURRENT freed 388K, 6% free 9359K/9863K, paused 2ms+4ms
06-08 14:03:55.844   694   697 D dalvikvm: GC_CONCURRENT freed 453K, 8% free 10961K/11911K, paused 5ms+4ms
06-08 14:03:56.039   694   908 I CheckinTask: Checkin success: https://android.clients.google.com/checkin (2 requests sent)
06-08 14:03:56.090   565   567 D dalvikvm: GC_CONCURRENT freed 785K, 10% free 9654K/10631K, paused 2ms+9ms
06-08 14:03:56.129   694   697 D dalvikvm: GC_CONCURRENT freed 677K, 10% free 10818K/11911K, paused 9ms+3ms
06-08 14:03:56.301   565   567 D dalvikvm: GC_CONCURRENT freed 159K, 8% free 9886K/10631K, paused 2ms+3ms
06-08 14:03:56.527   565   567 D dalvikvm: GC_CONCURRENT freed 320K, 7% free 9957K/10631K, paused 5ms+3ms
06-08 14:03:56.738   565   567 D dalvikvm: GC_CONCURRENT freed 363K, 7% free 9982K/10631K, paused 2ms+3ms
06-08 14:03:56.996   565   567 D dalvikvm: GC_CONCURRENT freed 344K, 6% free 10022K/10631K, paused 2ms+3ms
06-08 14:03:57.422   565   567 D dalvikvm: GC_CONCURRENT freed 367K, 6% free 10039K/10631K, paused 1ms+3ms
06-08 14:03:59.113   694   697 D dalvikvm: GC_CONCURRENT freed 534K, 10% free 10790K/11911K, paused 3ms+5ms
06-08 14:03:59.226   150   161 D dalvikvm: GC_EXPLICIT freed 276K, 10% free 12604K/13895K, paused 3ms+5ms
06-08 14:03:59.363   565   567 D dalvikvm: GC_CONCURRENT freed 568K, 8% free 9873K/10631K, paused 2ms+2ms
06-08 14:03:59.640   565   567 D dalvikvm: GC_CONCURRENT freed 300K, 7% free 9958K/10631K, paused 1ms+3ms
06-08 14:03:59.871   565   567 D dalvikvm: GC_CONCURRENT freed 365K, 7% free 9978K/10631K, paused 2ms+3ms
06-08 14:04:00.144   565   567 D dalvikvm: GC_CONCURRENT freed 356K, 6% free 10013K/10631K, paused 1ms+2ms
06-08 14:04:00.500   565   567 D dalvikvm: GC_CONCURRENT freed 335K, 6% free 10068K/10631K, paused 2ms+3ms
06-08 14:04:00.828   150   316 D ConnectivityService: handleInetConditionHoldEnd: net=0, condition=100, published condition=0
06-08 14:04:01.914   694   697 D dalvikvm: GC_CONCURRENT freed 495K, 10% free 10766K/11911K, paused 2ms+6ms
06-08 14:04:02.074   565   567 D dalvikvm: GC_CONCURRENT freed 685K, 8% free 9828K/10631K, paused 2ms+3ms
06-08 14:04:02.320   565   567 D dalvikvm: GC_CONCURRENT freed 266K, 7% free 9948K/10631K, paused 1ms+3ms
06-08 14:04:02.543   565   567 D dalvikvm: GC_CONCURRENT freed 371K, 7% free 9969K/10631K, paused 3ms+3ms
06-08 14:04:02.762   565   567 D dalvikvm: GC_CONCURRENT freed 360K, 6% free 10009K/10631K, paused 1ms+3ms
06-08 14:04:03.058   150   209 I InputReader: Reconfiguring input devices.  changes=0x00000004
06-08 14:04:03.058   150   209 I InputReader: Device reconfigured: id=7, name='mxt224_ts_input', surface size is now 480x800, mode is 1
06-08 14:04:03.090   150   166 I ActivityManager: Config changed: {1.0 310mcc120mnc en_US layoutdir=0 sw320dp w533dp h294dp nrml long land finger -keyb/v/h -nav/h s.6}
06-08 14:04:03.105  1374  1374 D OpenGLRenderer: Flushing caches (mode 0)
06-08 14:04:03.297  1327  1327 D OpenGLRenderer: Flushing caches (mode 1)
06-08 14:04:03.344  1374  1719 E Gmail.LabelManager: Unable to get label ^i for account steven.y.ko@gmail.com
06-08 14:04:03.375  1327  1327 D OpenGLRenderer: Flushing caches (mode 1)
06-08 14:04:03.422  1374  1376 D dalvikvm: GC_CONCURRENT freed 241K, 4% free 9616K/9991K, paused 3ms+3ms
06-08 14:04:03.492   565   567 D dalvikvm: GC_CONCURRENT freed 345K, 6% free 10062K/10631K, paused 3ms+3ms
06-08 14:04:03.523  1374  1374 E Gmail   : Unable to correlate recent label: ^t
06-08 14:04:03.523  1374  1374 E Gmail   : Unable to correlate recent label: ^f
06-08 14:04:03.523  1374  1374 E Gmail   : Unable to correlate recent label: ^r
06-08 14:04:05.590   150   203 D dalvikvm: GC_EXPLICIT freed 242K, 10% free 12559K/13895K, paused 45ms+5ms
06-08 14:04:06.289   694   697 D dalvikvm: GC_CONCURRENT freed 480K, 10% free 10767K/11911K, paused 3ms+3ms
06-08 14:04:06.433   565   567 D dalvikvm: GC_CONCURRENT freed 720K, 8% free 9791K/10631K, paused 2ms+3ms
06-08 14:04:06.605   150   209 I InputReader: Reconfiguring input devices.  changes=0x00000004
06-08 14:04:06.605   150   209 I InputReader: Device reconfigured: id=7, name='mxt224_ts_input', surface size is now 480x800, mode is 1
06-08 14:04:06.633   150   166 I ActivityManager: Config changed: {1.0 310mcc120mnc en_US layoutdir=0 sw320dp w320dp h508dp nrml long port finger -keyb/v/h -nav/h s.7}
06-08 14:04:06.656  1374  1374 D OpenGLRenderer: Flushing caches (mode 0)
06-08 14:04:06.672  1374  1374 W LoaderManager: Called doRetain when not started: LoaderManager{413478e0 in WaitActivity{413b70b8}}
06-08 14:04:06.672  1374  1374 W LoaderManager: java.lang.RuntimeException: here
06-08 14:04:06.672  1374  1374 W LoaderManager: 	at android.app.LoaderManagerImpl.doRetain(LoaderManager.java:747)
06-08 14:04:06.672  1374  1374 W LoaderManager: 	at android.app.Activity.performStop(Activity.java:4586)
06-08 14:04:06.672  1374  1374 W LoaderManager: 	at android.app.ActivityThread.performDestroyActivity(ActivityThread.java:3071)
06-08 14:04:06.672  1374  1374 W LoaderManager: 	at android.app.ActivityThread.handleDestroyActivity(ActivityThread.java:3130)
06-08 14:04:06.672  1374  1374 W LoaderManager: 	at android.app.ActivityThread.handleRelaunchActivity(ActivityThread.java:3328)
06-08 14:04:06.672  1374  1374 W LoaderManager: 	at android.app.ActivityThread.access$700(ActivityThread.java:123)
06-08 14:04:06.672  1374  1374 W LoaderManager: 	at android.app.ActivityThread$H.handleMessage(ActivityThread.java:1151)
06-08 14:04:06.672  1374  1374 W LoaderManager: 	at android.os.Handler.dispatchMessage(Handler.java:99)
06-08 14:04:06.672  1374  1374 W LoaderManager: 	at android.os.Looper.loop(Looper.java:137)
06-08 14:04:06.672  1374  1374 W LoaderManager: 	at android.app.ActivityThread.main(ActivityThread.java:4424)
06-08 14:04:06.672  1374  1374 W LoaderManager: 	at java.lang.reflect.Method.invokeNative(Native Method)
06-08 14:04:06.672  1374  1374 W LoaderManager: 	at java.lang.reflect.Method.invoke(Method.java:511)
06-08 14:04:06.672  1374  1374 W LoaderManager: 	at com.android.internal.os.ZygoteInit$MethodAndArgsCaller.run(ZygoteInit.java:784)
06-08 14:04:06.672  1374  1374 W LoaderManager: 	at com.android.internal.os.ZygoteInit.main(ZygoteInit.java:551)
06-08 14:04:06.672  1374  1374 W LoaderManager: 	at dalvik.system.NativeStart.main(Native Method)
06-08 14:04:06.726   391   393 D dalvikvm: GC_CONCURRENT freed 404K, 6% free 9649K/10247K, paused 6ms+3ms
06-08 14:04:06.805  1327  1327 D OpenGLRenderer: Flushing caches (mode 1)
06-08 14:04:06.918  1327  1327 D OpenGLRenderer: Flushing caches (mode 1)
06-08 14:04:06.949   565   567 D dalvikvm: GC_CONCURRENT freed 243K, 7% free 9937K/10631K, paused 126ms+3ms
06-08 14:04:06.992  1374  1719 E Gmail.LabelManager: Unable to get label ^i for account steven.y.ko@gmail.com
06-08 14:04:07.027  1374  1374 E Gmail   : Unable to correlate recent label: ^t
06-08 14:04:07.027  1374  1374 E Gmail   : Unable to correlate recent label: ^f
06-08 14:04:07.027  1374  1374 E Gmail   : Unable to correlate recent label: ^r
06-08 14:04:07.262   565   567 D dalvikvm: GC_CONCURRENT freed 352K, 7% free 9972K/10631K, paused 2ms+3ms
06-08 14:04:07.504   565   567 D dalvikvm: GC_CONCURRENT freed 377K, 7% free 9985K/10631K, paused 2ms+3ms
06-08 14:04:07.762   565   567 D dalvikvm: GC_CONCURRENT freed 331K, 6% free 10049K/10631K, paused 2ms+3ms
06-08 14:04:09.078   150   203 D dalvikvm: GC_EXPLICIT freed 152K, 10% free 12528K/13895K, paused 16ms+5ms
06-08 14:04:09.820   694   697 D dalvikvm: GC_CONCURRENT freed 473K, 10% free 10769K/11911K, paused 3ms+4ms
06-08 14:04:09.957   565   567 D dalvikvm: GC_CONCURRENT freed 811K, 9% free 9692K/10631K, paused 1ms+2ms
06-08 14:04:10.152   565   567 D dalvikvm: GC_CONCURRENT freed 178K, 7% free 9899K/10631K, paused 2ms+2ms
06-08 14:04:10.269   150  1489 D dalvikvm: GC_EXPLICIT freed 52K, 10% free 12512K/13895K, paused 3ms+4ms
06-08 14:04:10.445   565   567 D dalvikvm: GC_CONCURRENT freed 332K, 7% free 9955K/10631K, paused 3ms+4ms
06-08 14:04:10.664   565   567 D dalvikvm: GC_CONCURRENT freed 359K, 7% free 9984K/10631K, paused 1ms+2ms
06-08 14:04:10.937   565   567 D dalvikvm: GC_CONCURRENT freed 352K, 6% free 10024K/10631K, paused 3ms+3ms
06-08 14:04:11.293   565   567 D dalvikvm: GC_CONCURRENT freed 353K, 6% free 10055K/10631K, paused 1ms+3ms
06-08 14:04:12.660   694   697 D dalvikvm: GC_CONCURRENT freed 462K, 10% free 10774K/11911K, paused 6ms+4ms
06-08 14:04:12.824   565   567 D dalvikvm: GC_CONCURRENT freed 637K, 8% free 9876K/10631K, paused 1ms+3ms
06-08 14:04:13.094   565   567 D dalvikvm: GC_CONCURRENT freed 297K, 7% free 9964K/10631K, paused 2ms+4ms
06-08 14:04:13.305   565   567 D dalvikvm: GC_CONCURRENT freed 362K, 7% free 9987K/10631K, paused 2ms+2ms
06-08 14:04:13.547   565   567 D dalvikvm: GC_CONCURRENT freed 355K, 6% free 10029K/10631K, paused 2ms+4ms
06-08 14:04:13.836   565   577 D dalvikvm: GC_FOR_ALLOC freed 322K, 6% free 10065K/10631K, paused 25ms
06-08 14:04:16.043   694   697 D dalvikvm: GC_CONCURRENT freed 528K, 10% free 10727K/11911K, paused 3ms+5ms
06-08 14:04:16.164   565   567 D dalvikvm: GC_CONCURRENT freed 699K, 8% free 9818K/10631K, paused 3ms+5ms
06-08 14:04:16.406   565   567 D dalvikvm: GC_CONCURRENT freed 255K, 7% free 9950K/10631K, paused 1ms+2ms
06-08 14:04:16.625   565   567 D dalvikvm: GC_CONCURRENT freed 352K, 7% free 9983K/10631K, paused 3ms+4ms
06-08 14:04:16.851   565   567 D dalvikvm: GC_CONCURRENT freed 365K, 6% free 10013K/10631K, paused 3ms+3ms
06-08 14:04:17.168   565   567 D dalvikvm: GC_CONCURRENT freed 332K, 6% free 10072K/10631K, paused 2ms+4ms
06-08 14:04:19.273   474   474 D SAN_SERVICE: *******************************************
06-08 14:04:19.273   474   474 D SAN_SERVICE: DM App Phone Service State - 0
06-08 14:04:19.273   474   474 D SAN_SERVICE: *******************************************
06-08 14:04:19.445   565   576 D dalvikvm: GC_EXPLICIT freed 727K, 10% free 9584K/10631K, paused 2ms+7ms
06-08 14:04:19.547   565   567 D dalvikvm: GC_CONCURRENT freed 90K, 8% free 9886K/10631K, paused 5ms+2ms
06-08 14:04:19.832   565   567 D dalvikvm: GC_CONCURRENT freed 310K, 7% free 9964K/10631K, paused 3ms+6ms
06-08 14:04:20.066   565   567 D dalvikvm: GC_CONCURRENT freed 364K, 7% free 9986K/10631K, paused 7ms+3ms
06-08 14:04:20.332   565   567 D dalvikvm: GC_CONCURRENT freed 353K, 6% free 10022K/10631K, paused 2ms+7ms
06-08 14:04:20.656   565   567 D dalvikvm: GC_CONCURRENT freed 334K, 6% free 10072K/10631K, paused 2ms+3ms
06-08 14:04:22.863   694   697 D dalvikvm: GC_CONCURRENT freed 457K, 10% free 10745K/11911K, paused 7ms+4ms
06-08 14:04:23.047   565   567 D dalvikvm: GC_CONCURRENT freed 674K, 8% free 9831K/10631K, paused 2ms+2ms
06-08 14:04:23.301   565   567 D dalvikvm: GC_CONCURRENT freed 260K, 7% free 9962K/10631K, paused 2ms+6ms
06-08 14:04:23.527   565   567 D dalvikvm: GC_CONCURRENT freed 369K, 7% free 9987K/10631K, paused 3ms+4ms
06-08 14:04:23.648   150  1489 D dalvikvm: GC_EXPLICIT freed 194K, 10% free 12523K/13895K, paused 2ms+4ms
06-08 14:04:23.840   565   567 D dalvikvm: GC_CONCURRENT freed 364K, 6% free 10007K/10631K, paused 2ms+5ms
06-08 14:04:24.125   565   634 D dalvikvm: GC_FOR_ALLOC freed 317K, 6% free 10053K/10631K, paused 20ms
06-08 14:04:24.762   474   474 D SAN_SERVICE: *******************************************
06-08 14:04:24.762   474   474 D SAN_SERVICE: DM App Phone Service State - 0
06-08 14:04:24.762   474   474 D SAN_SERVICE: *******************************************
06-08 14:04:26.457   694   697 D dalvikvm: GC_CONCURRENT freed 738K, 13% free 10471K/11911K, paused 2ms+3ms
06-08 14:04:26.597   565   567 D dalvikvm: GC_CONCURRENT freed 710K, 8% free 9808K/10631K, paused 1ms+4ms
06-08 14:04:26.844   565   567 D dalvikvm: GC_CONCURRENT freed 268K, 7% free 9926K/10631K, paused 3ms+2ms
06-08 14:04:27.051   565   567 D dalvikvm: GC_CONCURRENT freed 361K, 7% free 9954K/10631K, paused 2ms+3ms
06-08 14:04:27.297   565   567 D dalvikvm: GC_CONCURRENT freed 350K, 7% free 9990K/10631K, paused 2ms+3ms
06-08 14:04:27.613   565   567 D dalvikvm: GC_CONCURRENT freed 334K, 6% free 10040K/10631K, paused 2ms+3ms
06-08 14:04:28.996   694   697 D dalvikvm: GC_CONCURRENT freed 452K, 13% free 10415K/11911K, paused 2ms+3ms
06-08 14:04:29.133   565   567 D dalvikvm: GC_CONCURRENT freed 638K, 8% free 9797K/10631K, paused 2ms+2ms
06-08 14:04:29.371   565   567 D dalvikvm: GC_CONCURRENT freed 263K, 7% free 9920K/10631K, paused 2ms+3ms
06-08 14:04:29.594   565   567 D dalvikvm: GC_CONCURRENT freed 364K, 7% free 9943K/10631K, paused 2ms+3ms
06-08 14:04:29.883   565   567 D dalvikvm: GC_CONCURRENT freed 347K, 7% free 9988K/10631K, paused 2ms+7ms
06-08 14:04:45.668   150   209 I InputReader: Reconfiguring input devices.  changes=0x00000004
06-08 14:04:45.668   150   209 I InputReader: Device reconfigured: id=7, name='mxt224_ts_input', surface size is now 480x800, mode is 1
06-08 14:04:45.742   150   166 I ActivityManager: Config changed: {1.0 310mcc120mnc en_US layoutdir=0 sw320dp w533dp h294dp nrml long land finger -keyb/v/h -nav/h s.8}
06-08 14:04:45.754  1374  1374 D OpenGLRenderer: Flushing caches (mode 0)
06-08 14:04:45.816  1374  1374 D dalvikvm: GC_EXPLICIT freed 378K, 5% free 9553K/10055K, paused 9ms+4ms
06-08 14:04:45.945  1327  1327 D OpenGLRenderer: Flushing caches (mode 1)
06-08 14:04:46.008  1374  1719 E Gmail.LabelManager: Unable to get label ^i for account steven.y.ko@gmail.com
06-08 14:04:46.035  1327  1327 D OpenGLRenderer: Flushing caches (mode 1)
06-08 14:04:46.062   565   567 D dalvikvm: GC_CONCURRENT freed 749K, 10% free 9623K/10631K, paused 99ms+2ms
06-08 14:04:46.109  1374  1374 E Gmail   : Unable to correlate recent label: ^t
06-08 14:04:46.109  1374  1374 E Gmail   : Unable to correlate recent label: ^f
06-08 14:04:46.109  1374  1374 E Gmail   : Unable to correlate recent label: ^r
06-08 14:04:48.211   150   203 D dalvikvm: GC_EXPLICIT freed 281K, 10% free 12562K/13895K, paused 24ms+5ms
06-08 14:04:51.094   150   209 I InputReader: Reconfiguring input devices.  changes=0x00000004
06-08 14:04:51.094   150   209 I InputReader: Device reconfigured: id=7, name='mxt224_ts_input', surface size is now 480x800, mode is 1
06-08 14:04:51.125   150   166 I ActivityManager: Config changed: {1.0 310mcc120mnc en_US layoutdir=0 sw320dp w320dp h508dp nrml long port finger -keyb/v/h -nav/h s.9}
06-08 14:04:51.144  1374  1374 D OpenGLRenderer: Flushing caches (mode 0)
06-08 14:04:51.160  1374  1374 W LoaderManager: Called doRetain when not started: LoaderManager{4134e8a0 in WaitActivity{41319310}}
06-08 14:04:51.160  1374  1374 W LoaderManager: java.lang.RuntimeException: here
06-08 14:04:51.160  1374  1374 W LoaderManager: 	at android.app.LoaderManagerImpl.doRetain(LoaderManager.java:747)
06-08 14:04:51.160  1374  1374 W LoaderManager: 	at android.app.Activity.performStop(Activity.java:4586)
06-08 14:04:51.160  1374  1374 W LoaderManager: 	at android.app.ActivityThread.performDestroyActivity(ActivityThread.java:3071)
06-08 14:04:51.160  1374  1374 W LoaderManager: 	at android.app.ActivityThread.handleDestroyActivity(ActivityThread.java:3130)
06-08 14:04:51.160  1374  1374 W LoaderManager: 	at android.app.ActivityThread.handleRelaunchActivity(ActivityThread.java:3328)
06-08 14:04:51.160  1374  1374 W LoaderManager: 	at android.app.ActivityThread.access$700(ActivityThread.java:123)
06-08 14:04:51.160  1374  1374 W LoaderManager: 	at android.app.ActivityThread$H.handleMessage(ActivityThread.java:1151)
06-08 14:04:51.160  1374  1374 W LoaderManager: 	at android.os.Handler.dispatchMessage(Handler.java:99)
06-08 14:04:51.160  1374  1374 W LoaderManager: 	at android.os.Looper.loop(Looper.java:137)
06-08 14:04:51.160  1374  1374 W LoaderManager: 	at android.app.ActivityThread.main(ActivityThread.java:4424)
06-08 14:04:51.160  1374  1374 W LoaderManager: 	at java.lang.reflect.Method.invokeNative(Native Method)
06-08 14:04:51.160  1374  1374 W LoaderManager: 	at java.lang.reflect.Method.invoke(Method.java:511)
06-08 14:04:51.160  1374  1374 W LoaderManager: 	at com.android.internal.os.ZygoteInit$MethodAndArgsCaller.run(ZygoteInit.java:784)
06-08 14:04:51.160  1374  1374 W LoaderManager: 	at com.android.internal.os.ZygoteInit.main(ZygoteInit.java:551)
06-08 14:04:51.160  1374  1374 W LoaderManager: 	at dalvik.system.NativeStart.main(Native Method)
06-08 14:04:51.195  1374  1374 D dalvikvm: GC_EXPLICIT freed 248K, 6% free 9484K/10055K, paused 6ms+3ms
06-08 14:04:51.328  1327  1327 D OpenGLRenderer: Flushing caches (mode 1)
06-08 14:04:51.367  1327  1329 D dalvikvm: GC_CONCURRENT freed 354K, 7% free 9712K/10439K, paused 7ms+3ms
06-08 14:04:51.383  1327  1327 D OpenGLRenderer: Flushing caches (mode 1)
06-08 14:04:51.414  1374  1719 E Gmail.LabelManager: Unable to get label ^i for account steven.y.ko@gmail.com
06-08 14:04:51.504  1374  1374 E Gmail   : Unable to correlate recent label: ^t
06-08 14:04:51.504  1374  1374 E Gmail   : Unable to correlate recent label: ^f
06-08 14:04:51.504  1374  1374 E Gmail   : Unable to correlate recent label: ^r
06-08 14:04:52.445   150   200 I power   : *** set_screen_state 0
06-08 14:04:52.480    79   118 D SurfaceFlinger: About to give-up screen, flinger = 0x1d77918
06-08 14:04:52.594   150   201 D dalvikvm: GC_FOR_ALLOC freed 104K, 10% free 12550K/13895K, paused 57ms
06-08 14:04:52.594   150   201 I dalvikvm-heap: Grow heap (frag case) to 12.454MB for 129616-byte allocation
06-08 14:04:52.652   150   159 D dalvikvm: GC_FOR_ALLOC freed <1K, 10% free 12676K/14023K, paused 49ms
06-08 14:04:52.719   494  1733 D NfcService: NFC-C OFF, disconnect
06-08 14:04:53.601   150   203 D dalvikvm: GC_EXPLICIT freed 75K, 10% free 12658K/14023K, paused 16ms+4ms
06-08 14:04:55.418   150   150 D AlarmManagerService: Kernel timezone updated to 240 minutes west of GMT
06-08 14:04:55.441   474   478 D dalvikvm: GC_CONCURRENT freed 362K, 5% free 9568K/10055K, paused 5ms+6ms
06-08 14:04:57.773   150   204 D dalvikvm: GC_FOR_ALLOC freed 32K, 9% free 12839K/14023K, paused 56ms
06-08 14:04:57.773   150   204 I dalvikvm-heap: Grow heap (frag case) to 12.712MB for 104992-byte allocation
06-08 14:04:57.828   150  1734 D dalvikvm: GC_FOR_ALLOC freed 5K, 9% free 12936K/14151K, paused 39ms
06-08 14:04:57.875   150   204 D dalvikvm: GC_FOR_ALLOC freed 8K, 9% free 12950K/14151K, paused 40ms
06-08 14:04:57.875   150   204 I dalvikvm-heap: Grow heap (frag case) to 12.820MB for 104992-byte allocation
06-08 14:04:57.926   150  1734 D dalvikvm: GC_FOR_ALLOC freed 1K, 9% free 13051K/14279K, paused 41ms
06-08 14:04:57.972   150   204 D dalvikvm: GC_FOR_ALLOC freed <1K, 9% free 13052K/14279K, paused 39ms
06-08 14:04:57.980   150   204 I dalvikvm-heap: Grow heap (frag case) to 12.920MB for 104992-byte allocation
06-08 14:04:58.031   150  1734 D dalvikvm: GC_FOR_ALLOC freed 4K, 9% free 13150K/14407K, paused 38ms
06-08 14:04:58.086   150   204 D dalvikvm: GC_FOR_ALLOC freed 13K, 9% free 13142K/14407K, paused 40ms
06-08 14:04:58.086   150   204 I dalvikvm-heap: Grow heap (frag case) to 13.007MB for 104992-byte allocation
06-08 14:04:58.125   150   204 D dalvikvm: GC_FOR_ALLOC freed 1K, 9% free 13242K/14535K, paused 40ms
06-08 14:04:58.137   150   204 V TransportControlView: Create TCV com.android.internal.widget.TransportControlView@41401878
06-08 14:04:58.172  1327  1327 D OpenGLRenderer: Flushing caches (mode 1)
06-08 14:04:58.176   391   391 D PhoneStatusBar: disable: < expand icons alerts ticker system_info back home RECENT* clock >
06-08 14:04:58.222   391   391 D PhoneStatusBar: disable: < expand icons alerts ticker system_info BACK* HOME* RECENT clock >
06-08 14:04:58.258   391   391 D PhoneStatusBar: disable: < expand icons alerts ticker system_info BACK HOME RECENT CLOCK* >
06-08 14:05:04.172   150   204 I power   : *** set_screen_state 1
06-08 14:05:04.258  1374  1719 E Gmail.LabelManager: Unable to get label ^i for account steven.y.ko@gmail.com
06-08 14:05:04.262   150   204 I WindowManager: Lock screen displayed!
06-08 14:05:04.293  1374  1374 E Gmail   : Unable to correlate recent label: ^t
06-08 14:05:04.293  1374  1374 E Gmail   : Unable to correlate recent label: ^f
06-08 14:05:04.293  1374  1374 E Gmail   : Unable to correlate recent label: ^r
06-08 14:05:04.379    79   118 D SurfaceFlinger: Screen about to return, flinger = 0x1d77918
06-08 14:05:05.773   150   157 I dalvikvm: Jit: resizing JitTable from 8192 to 16384
06-08 14:05:14.726   150   200 I power   : *** set_screen_state 0
06-08 14:05:14.762    79   118 D SurfaceFlinger: About to give-up screen, flinger = 0x1d77918
06-08 14:05:14.828   150   201 D dalvikvm: GC_FOR_ALLOC freed 273K, 9% free 13322K/14535K, paused 45ms
06-08 14:05:14.906   150   204 D dalvikvm: GC_FOR_ALLOC freed 17K, 8% free 13459K/14535K, paused 42ms
06-08 14:05:14.976   150   204 D dalvikvm: GC_FOR_ALLOC freed 26K, 8% free 13560K/14663K, paused 44ms
06-08 14:05:15.031   150   204 D dalvikvm: GC_FOR_ALLOC freed 6K, 8% free 13665K/14791K, paused 46ms
06-08 14:05:15.078   150   204 D dalvikvm: GC_FOR_ALLOC freed 2K, 8% free 13766K/14919K, paused 40ms
06-08 14:05:15.086   150   204 V TransportControlView: Create TCV com.android.internal.widget.TransportControlView@41401318
06-08 14:05:15.105   150   204 I power   : *** set_screen_state 1
06-08 14:05:15.129  1374  1719 E Gmail.LabelManager: Unable to get label ^i for account steven.y.ko@gmail.com
06-08 14:05:15.176   150   204 I WindowManager: Lock screen displayed!
06-08 14:05:15.211  1374  1374 E Gmail   : Unable to correlate recent label: ^t
06-08 14:05:15.211  1374  1374 E Gmail   : Unable to correlate recent label: ^f
06-08 14:05:15.211  1374  1374 E Gmail   : Unable to correlate recent label: ^r
06-08 14:05:15.301    79   118 D SurfaceFlinger: Screen about to return, flinger = 0x1d77918
06-08 14:05:16.078   694  1678 W GDataClient: Unable to execute HTTP request.java.net.SocketTimeoutException: Read timed out
06-08 14:05:16.273   694  1678 D ContactsSyncAdapter: IO error, ignoring rest of feed
06-08 14:05:16.273   694  1678 D ContactsSyncAdapter: java.net.SocketTimeoutException: Read timed out
06-08 14:05:16.273   694  1678 D ContactsSyncAdapter: 	at org.apache.harmony.xnet.provider.jsse.NativeCrypto.SSL_read(Native Method)
06-08 14:05:16.273   694  1678 D ContactsSyncAdapter: 	at org.apache.harmony.xnet.provider.jsse.OpenSSLSocketImpl$SSLInputStream.read(OpenSSLSocketImpl.java:671)
06-08 14:05:16.273   694  1678 D ContactsSyncAdapter: 	at org.apache.http.impl.io.AbstractSessionInputBuffer.fillBuffer(AbstractSessionInputBuffer.java:103)
06-08 14:05:16.273   694  1678 D ContactsSyncAdapter: 	at org.apache.http.impl.io.AbstractSessionInputBuffer.readLine(AbstractSessionInputBuffer.java:191)
06-08 14:05:16.273   694  1678 D ContactsSyncAdapter: 	at org.apache.http.impl.conn.DefaultResponseParser.parseHead(DefaultResponseParser.java:82)
06-08 14:05:16.273   694  1678 D ContactsSyncAdapter: 	at org.apache.http.impl.io.AbstractMessageParser.parse(AbstractMessageParser.java:174)
06-08 14:05:16.273   694  1678 D ContactsSyncAdapter: 	at org.apache.http.impl.AbstractHttpClientConnection.receiveResponseHeader(AbstractHttpClientConnection.java:180)
06-08 14:05:16.273   694  1678 D ContactsSyncAdapter: 	at org.apache.http.impl.conn.DefaultClientConnection.receiveResponseHeader(DefaultClientConnection.java:235)
06-08 14:05:16.273   694  1678 D ContactsSyncAdapter: 	at org.apache.http.impl.conn.AbstractClientConnAdapter.receiveResponseHeader(AbstractClientConnAdapter.java:259)
06-08 14:05:16.273   694  1678 D ContactsSyncAdapter: 	at org.apache.http.protocol.HttpRequestExecutor.doReceiveResponse(HttpRequestExecutor.java:279)
06-08 14:05:16.273   694  1678 D ContactsSyncAdapter: 	at org.apache.http.protocol.HttpRequestExecutor.execute(HttpRequestExecutor.java:121)
06-08 14:05:16.273   694  1678 D ContactsSyncAdapter: 	at org.apache.http.impl.client.DefaultRequestDirector.execute(DefaultRequestDirector.java:428)
06-08 14:05:16.273   694  1678 D ContactsSyncAdapter: 	at org.apache.http.impl.client.AbstractHttpClient.execute(AbstractHttpClient.java:555)
06-08 14:05:16.273   694  1678 D ContactsSyncAdapter: 	at org.apache.http.impl.client.AbstractHttpClient.execute(AbstractHttpClient.java:487)
06-08 14:05:16.273   694  1678 D ContactsSyncAdapter: 	at android.net.http.AndroidHttpClient.execute(AndroidHttpClient.java:257)
06-08 14:05:16.273   694  1678 D ContactsSyncAdapter: 	at com.google.android.common.http.GoogleHttpClient.executeWithoutRewriting(GoogleHttpClient.java:202)
06-08 14:05:16.273   694  1678 D ContactsSyncAdapter: 	at com.google.android.common.http.GoogleHttpClient.execute(GoogleHttpClient.java:259)
06-08 14:05:16.273   694  1678 D ContactsSyncAdapter: 	at com.google.android.common.http.GoogleHttpClient.execute(GoogleHttpClient.java:312)
06-08 14:05:16.273   694  1678 D ContactsSyncAdapter: 	at com.google.android.common.gdata2.AndroidGDataClient.createAndExecuteMethod(AndroidGDataClient.java:281)
06-08 14:05:16.273   694  1678 D ContactsSyncAdapter: 	at com.google.android.syncadapters.HttpsOnlyAndroidGDataClient.createAndExecuteMethod(HttpsOnlyAndroidGDataClient.java:32)
06-08 14:05:16.273   694  1678 D ContactsSyncAdapter: 	at com.google.android.common.gdata2.AndroidGDataClient.getFeedAsStream(AndroidGDataClient.java:415)
06-08 14:05:16.273   694  1678 D ContactsSyncAdapter: 	at com.google.wireless.gdata2.client.GDataServiceClient.getParserForFeed(GDataServiceClient.java:108)
06-08 14:05:16.273   694  1678 D ContactsSyncAdapter: 	at com.google.android.syncadapters.GDataFeedFetcher.fetchFeed(GDataFeedFetcher.java:184)
06-08 14:05:16.273   694  1678 D ContactsSyncAdapter: 	at com.google.android.syncadapters.GDataFeedFetcher.run(GDataFeedFetcher.java:98)
06-08 14:05:16.273   694  1678 D ContactsSyncAdapter: 	at com.google.android.syncadapters.contacts.ContactsSyncAdapter$ContactsGDataFeedFetcher.run(ContactsSyncAdapter.java:1405)
06-08 14:05:16.273   694  1678 D ContactsSyncAdapter: 	at java.lang.Thread.run(Thread.java:856)
06-08 14:05:16.324   391   391 D PhoneStatusBar: disable: < expand icons alerts ticker system_info BACK HOME recent* CLOCK >
06-08 14:05:16.336   150   491 W InputManagerService: Window already focused, ignoring focus gain of: com.android.internal.view.IInputMethodClient$Stub$Proxy@415cb050
06-08 14:05:16.344    82   122 D AudioHardware: AudioHardware pcm playback is exiting standby.
06-08 14:05:16.344    82   122 D AudioHardware: openPcmOut_l() mPcmOpenCnt: 0
06-08 14:05:16.344   391   391 D PhoneStatusBar: disable: < expand icons alerts ticker system_info back* home* recent clock* >
06-08 14:05:16.351   494  1586 D NfcService: NFC-C ON
06-08 14:05:16.457   694   697 D dalvikvm: GC_CONCURRENT freed 482K, 14% free 10349K/11911K, paused 73ms+47ms
06-08 14:05:16.781   565   567 D dalvikvm: GC_CONCURRENT freed 180K, 8% free 9836K/10631K, paused 6ms+2ms
06-08 14:05:16.926   150   493 D dalvikvm: GC_EXPLICIT freed 743K, 12% free 13333K/15047K, paused 2ms+6ms
06-08 14:05:17.078   565   567 D dalvikvm: GC_CONCURRENT freed 327K, 7% free 9899K/10631K, paused 2ms+4ms
06-08 14:05:17.328   565   567 D dalvikvm: GC_CONCURRENT freed 365K, 7% free 9925K/10631K, paused 2ms+2ms
06-08 14:05:17.676   565   567 D dalvikvm: GC_CONCURRENT freed 340K, 7% free 9979K/10631K, paused 1ms+4ms
06-08 14:05:18.211   694  1558 D ContactsSyncAdapter: getServerDiffs failed due to an IOException
06-08 14:05:18.211   694  1558 D ContactsSyncAdapter: FAILURE: processed 998 records in 165332 ms from feed http://www.google.com/m8/feeds/contacts/steven.y.ko@gmail.com/base2_property-android_linksto-gprofiles, updated time is null
06-08 14:05:18.226   150   195 D SyncManager: failed sync operation steven.y.ko@gmail.com (com.google), com.android.contacts, SERVER, earliestRunTime 176776, SyncResult: stats [ numIoExceptions: 2 numInserts: 1003 numUpdates: 2 numEntries: 1005]
06-08 14:05:19.512    82   122 D AudioHardware: AudioHardware pcm playback is going to standby.
06-08 14:05:19.512    82   122 D AudioHardware: closePcmOut_l() mPcmOpenCnt: 1
06-08 14:05:28.336   150   563 D AlarmManagerService: Kernel timezone updated to 240 minutes west of GMT
06-08 14:05:33.129   150  1489 D AlarmManagerService: Kernel timezone updated to 240 minutes west of GMT
06-08 14:05:35.769  1327  1327 D OpenGLRenderer: Flushing caches (mode 1)
06-08 14:05:35.879  1374  1376 D dalvikvm: GC_CONCURRENT freed 375K, 6% free 9551K/10055K, paused 8ms+6ms
06-08 14:05:46.691  1374  1376 D dalvikvm: GC_CONCURRENT freed 379K, 6% free 9605K/10119K, paused 2ms+4ms
06-08 14:05:46.758  1374  1374 E Gmail   : Unable to correlate recent label: ^t
06-08 14:05:46.758  1374  1374 E Gmail   : Unable to correlate recent label: ^f
06-08 14:05:46.758  1374  1374 E Gmail   : Unable to correlate recent label: ^r
06-08 14:05:46.769  1374  1374 E Gmail   : Unable to correlate recent label: ^t
06-08 14:05:46.769  1374  1374 E Gmail   : Unable to correlate recent label: ^f
06-08 14:05:46.769  1374  1374 E Gmail   : Unable to correlate recent label: ^r
06-08 14:05:46.797  1374  1740 D dalvikvm: GC_EXPLICIT freed 48K, 6% free 9608K/10119K, paused 2ms+3ms
06-08 14:05:46.805  1374  1740 I Gmail   : getStartSyncRequest: handledServerOpId: 0, upperFetchedConvoId: 0, lowerFetchedConvoId: 0, ackedClientOp: 0
06-08 14:05:46.828  1327  1327 D OpenGLRenderer: Flushing caches (mode 1)
06-08 14:05:48.058  1374  1376 D dalvikvm: GC_CONCURRENT freed 410K, 6% free 9645K/10183K, paused 2ms+2ms
06-08 14:05:48.258  1374  1376 D dalvikvm: GC_CONCURRENT freed 397K, 6% free 9655K/10183K, paused 2ms+2ms
06-08 14:05:48.308   150   161 I ActivityManager: START {act=android.intent.action.MAIN cat=[android.intent.category.LAUNCHER] flg=0x2010000 cmp=com.google.android.gm/.GmailActivity (has extras)} from pid 1374
06-08 14:05:48.371  1374  1719 E Gmail.LabelManager: Unable to get label ^i for account steven.y.ko@gmail.com
06-08 14:05:48.406  1374  1719 E Gmail.LabelManager: Unable to get label ^i for account steven.y.ko@gmail.com
06-08 14:05:48.512  1374  1376 D dalvikvm: GC_CONCURRENT freed 256K, 4% free 9895K/10247K, paused 2ms+3ms
06-08 14:05:48.558  1327  1327 D OpenGLRenderer: Flushing caches (mode 1)
06-08 14:05:48.574  1374  1719 E Gmail.LabelManager: Unable to get label ^i for account steven.y.ko@gmail.com
06-08 14:05:48.594  1374  1719 E Gmail.LabelManager: Unable to get label ^i for account steven.y.ko@gmail.com
06-08 14:05:48.625  1374  1719 E Gmail.LabelManager: Unable to get label ^i for account steven.y.ko@gmail.com
06-08 14:05:48.687   150   203 I ActivityManager: Displayed com.google.android.gm/.GmailActivity: +328ms
06-08 14:05:48.707  1374  1374 D OpenGLRenderer: Flushing caches (mode 0)
06-08 14:05:48.805  1374  1374 E Gmail   : Unable to correlate recent label: ^t
06-08 14:05:48.805  1374  1374 E Gmail   : Unable to correlate recent label: ^f
06-08 14:05:48.805  1374  1374 E Gmail   : Unable to correlate recent label: ^r
06-08 14:05:48.922  1374  1376 D dalvikvm: GC_CONCURRENT freed 377K, 5% free 9931K/10439K, paused 2ms+3ms
06-08 14:05:48.926  1374  1374 E Gmail   : Unable to correlate recent label: ^t
06-08 14:05:48.926  1374  1374 E Gmail   : Unable to correlate recent label: ^f
06-08 14:05:48.926  1374  1374 E Gmail   : Unable to correlate recent label: ^r
06-08 14:05:48.949  1374  1374 E Gmail   : Unable to correlate recent label: ^t
06-08 14:05:48.949  1374  1374 E Gmail   : Unable to correlate recent label: ^f
06-08 14:05:48.949  1374  1374 E Gmail   : Unable to correlate recent label: ^r
06-08 14:05:49.137  1374  1376 D dalvikvm: GC_CONCURRENT freed 484K, 6% free 9885K/10503K, paused 2ms+3ms
06-08 14:05:49.168  1374  1719 E Gmail.LabelManager: Unable to get label ^i for account steven.y.ko@gmail.com
06-08 14:05:49.234  1374  1719 E Gmail.LabelManager: Unable to get label ^i for account steven.y.ko@gmail.com
06-08 14:05:49.308  1374  1374 E Gmail   : Unable to correlate recent label: ^t
06-08 14:05:49.308  1374  1374 E Gmail   : Unable to correlate recent label: ^f
06-08 14:05:49.308  1374  1374 E Gmail   : Unable to correlate recent label: ^r
06-08 14:05:49.383  1374  1374 E Gmail   : Unable to correlate recent label: ^t
06-08 14:05:49.383  1374  1374 E Gmail   : Unable to correlate recent label: ^f
06-08 14:05:49.383  1374  1374 E Gmail   : Unable to correlate recent label: ^r
06-08 14:05:49.414  1374  1740 I Gmail   : checkLabelsSets changed the label sets to: included([^^out, ^r]), partial([^i, ^f, ^iim]), all([^imi, ^iim, ^all, ^io_im, userlabel:2914456, userlabel:2896756, ^imn, userlabel:-1492276993, userlabel:-1492276994, ^i, ^g, ^f, userlabel:94101, userlabel:-1508083783, ^k, userlabel:93982, userlabel:93692, ^b, userlabel:-1351414047, userlabel:-1492276990, userlabel:-1492276991, userlabel:-1492276992, userlabel:3026, userlabel:3025, userlabel:105008833, ^t, ^u, userlabel:843908213, ^r, userlabel:-1492383895, ^s])
06-08 14:05:49.418  1374  1374 E Gmail   : Unable to correlate recent label: ^t
06-08 14:05:49.418  1374  1374 E Gmail   : Unable to correlate recent label: ^f
06-08 14:05:49.418  1374  1374 E Gmail   : Unable to correlate recent label: ^r
06-08 14:05:49.457  1374  1740 I Gmail   : calculateUnknownSyncRationalesAndPurgeInBackground: queueing
06-08 14:05:49.457  1374  1507 I Gmail   : calculateUnknownSyncRationalesAndPurgeInBackground: running
06-08 14:05:49.683  1374  1740 D dalvikvm: GC_EXPLICIT freed 322K, 6% free 9938K/10503K, paused 2ms+5ms
06-08 14:05:50.238   150   153 D dalvikvm: GC_CONCURRENT freed 1688K, 16% free 12703K/15047K, paused 2ms+5ms
06-08 14:05:50.398  1374  1740 I Gmail   : MainSyncRequestProto: lowestBkwdConvoId: 1404230694504235009, highestHandledServerOp: 2642718, normalSync: true
06-08 14:05:50.765  1374  1740 D dalvikvm: GC_EXPLICIT freed 117K, 6% free 9926K/10503K, paused 4ms+5ms
06-08 14:05:50.867  1374  1744 I Gmail   : MainSyncRequestProto: lowestBkwdConvoId: 1404230694504235009, highestHandledServerOp: 2642718, normalSync: true
06-08 14:05:50.969  1327  1327 D OpenGLRenderer: Flushing caches (mode 1)
06-08 14:05:50.996  1374  1748 I Gmail   : MainSyncRequestProto: lowestBkwdConvoId: 1404230694504235009, highestHandledServerOp: 2642718, normalSync: true
06-08 14:05:51.019  1327  1327 D OpenGLRenderer: Flushing caches (mode 1)
06-08 14:05:54.297  1374  1376 D dalvikvm: GC_CONCURRENT freed 368K, 5% free 10031K/10503K, paused 3ms+3ms
06-08 14:05:55.008  1374  1376 D dalvikvm: GC_CONCURRENT freed 457K, 6% free 10058K/10631K, paused 2ms+4ms
06-08 14:05:55.683  1284  1351 I PhoneLab-: Service Running
06-08 14:05:55.754  1284  1351 I PhoneLab-LoggerService: app_38    1355  1284  1836   1464  c00f181c 400107b4 S logcat
06-08 14:05:55.754  1284  1351 I PhoneLab-LoggerService: Logcat pid from database 1355
06-08 14:05:55.754  1284  1351 I PhoneLab-LoggerService: Logcat process found 1355
06-08 14:05:55.754  1284  1351 I PhoneLab-LoggerService: Checking Threshold
06-08 14:05:55.754  1284  1351 I PhoneLab-LoggerService: Starting to rename files
06-08 14:05:55.754  1284  1351 I PhoneLab-LoggerService: Files found .. 2
06-08 14:05:58.359   150   208 I ActivityManager: START {act=android.intent.action.MAIN cat=[android.intent.category.HOME] flg=0x10200000 cmp=com.android.launcher/com.android.launcher2.Launcher} from pid 150
06-08 14:05:58.590   150   153 D dalvikvm: GC_CONCURRENT freed 890K, 17% free 12616K/15047K, paused 3ms+5ms
06-08 14:05:58.613  1374  1374 D OpenGLRenderer: Flushing caches (mode 1)
06-08 14:05:58.625   150   468 W InputManagerService: Starting input on non-focused client com.android.internal.view.IInputMethodClient$Stub$Proxy@414c6e18 (uid=10019 pid=1374)
06-08 14:05:58.629  1374  1374 D OpenGLRenderer: Flushing caches (mode 0)
06-08 14:05:59.695   494   494 I RegisteredComponentCache: ComponentInfo: ResolveInfo{41316cb0 com.android.apps.tag.TagViewer p=0 o=0 m=0x108000}, techs: android.nfc.tech.Ndef, 
06-08 14:05:59.738   150   166 D PackageManager: generateServicesMap(android.accounts.AccountAuthenticator): 3 services unchanged
06-08 14:05:59.828  1154  1156 D dalvikvm: GC_CONCURRENT freed 516K, 7% free 9145K/9799K, paused 4ms+10ms
06-08 14:05:59.984   150   166 D PackageManager: generateServicesMap(android.content.SyncAdapter): 10 services unchanged
06-08 14:06:00.043  1615  1617 D dalvikvm: GC_CONCURRENT freed 2269K, 42% free 11661K/19975K, paused 3ms+8ms
06-08 14:06:00.347  1169  1171 D dalvikvm: GC_CONCURRENT freed 470K, 6% free 9281K/9863K, paused 5ms+13ms
06-08 14:06:00.512  1374  1376 D dalvikvm: GC_CONCURRENT freed 349K, 6% free 10149K/10695K, paused 3ms+10ms
06-08 14:06:04.879  1374  1376 D dalvikvm: GC_CONCURRENT freed 419K, 6% free 10142K/10695K, paused 6ms+4ms
06-08 14:06:05.578  1374  1748 D dalvikvm: GC_EXPLICIT freed 149K, 6% free 10129K/10695K, paused 5ms+5ms
06-08 14:06:05.590  1374  1748 I Gmail   : MainSyncRequestProto: lowestBkwdConvoId: 0, highestHandledServerOp: 2642719, normalSync: true
06-08 14:06:05.699  1327  1327 D OpenGLRenderer: Flushing caches (mode 1)
06-08 14:06:07.445    82   122 D AudioHardware: AudioHardware pcm playback is exiting standby.
06-08 14:06:07.445    82   122 D AudioHardware: openPcmOut_l() mPcmOpenCnt: 0
06-08 14:06:07.640  1615  1617 D dalvikvm: GC_CONCURRENT freed 535K, 41% free 11927K/19975K, paused 3ms+10ms
06-08 14:06:07.703  1615  1711 D dalvikvm: GC_FOR_ALLOC freed 375K, 41% free 11933K/19975K, paused 22ms
06-08 14:06:07.812  1615  1617 D dalvikvm: GC_CONCURRENT freed 25K, 36% free 12863K/19975K, paused 1ms+13ms
06-08 14:06:07.890  1615  1629 D dalvikvm: GC_FOR_ALLOC freed 46K, 36% free 12906K/19975K, paused 30ms
06-08 14:06:07.945  1615  1711 D dalvikvm: GC_FOR_ALLOC freed 4K, 30% free 14160K/19975K, paused 37ms
06-08 14:06:08.047  1615  1617 D dalvikvm: GC_CONCURRENT freed 3K, 28% free 14383K/19975K, paused 2ms+7ms
06-08 14:06:08.222  1615  1711 D dalvikvm: GC_FOR_ALLOC freed 2304K, 32% free 13701K/19975K, paused 28ms
06-08 14:06:08.398  1615  1642 D dalvikvm: GC_FOR_ALLOC freed 2494K, 37% free 12594K/19975K, paused 26ms
06-08 14:06:10.535    82   122 D AudioHardware: AudioHardware pcm playback is going to standby.
06-08 14:06:10.535    82   122 D AudioHardware: closePcmOut_l() mPcmOpenCnt: 1
06-08 14:06:14.726   150   493 D dalvikvm: GC_EXPLICIT freed 338K, 16% free 12651K/15047K, paused 17ms+5ms
06-08 14:06:14.742    82   122 D AudioHardware: AudioHardware pcm playback is exiting standby.
06-08 14:06:14.742    82   122 D AudioHardware: openPcmOut_l() mPcmOpenCnt: 0
06-08 14:06:14.840   150   559 I ActivityManager: START {act=android.intent.action.MAIN cat=[android.intent.category.LAUNCHER] flg=0x10200000 cmp=com.android.vending/.AssetBrowserActivity} from pid 1615
06-08 14:06:15.023  1102  1104 D dalvikvm: GC_CONCURRENT freed 412K, 5% free 9634K/10119K, paused 6ms+4ms
06-08 14:06:15.027  1615  1615 D OpenGLRenderer: Flushing caches (mode 1)
06-08 14:06:15.109  1102  1139 D Volley  : [120] DiskBasedCache.clear: Cache cleared.
06-08 14:06:15.137  1102  1143 D Volley  : [124] DiskBasedCache.clear: Cache cleared.
06-08 14:06:15.140   150   559 I ActivityManager: START {cmp=com.android.vending/com.google.android.finsky.activities.FirstRunActivity} from pid 1102
06-08 14:06:15.226  1102  1102 D OpenGLRenderer: Enabling debug mode 0
06-08 14:06:15.285  1615  1615 D OpenGLRenderer: Flushing caches (mode 0)
06-08 14:06:15.465   150   153 D dalvikvm: GC_CONCURRENT freed 655K, 15% free 12906K/15047K, paused 3ms+4ms
06-08 14:06:15.570  1102  1104 D dalvikvm: GC_CONCURRENT freed 306K, 4% free 9788K/10183K, paused 2ms+4ms
06-08 14:06:15.719  1102  1102 D dalvikvm: GC_FOR_ALLOC freed 32K, 5% free 9769K/10183K, paused 17ms
06-08 14:06:15.719  1102  1102 I dalvikvm-heap: Grow heap (frag case) to 10.608MB for 1048592-byte allocation
06-08 14:06:15.734   150   166 I Process : Sending signal. PID: 1102 SIG: 3
06-08 14:06:15.734  1102  1106 I dalvikvm: threadid=3: reacting to signal 3
06-08 14:06:15.789  1102  1106 I dalvikvm: Wrote stack traces to '/data/anr/traces.txt'
06-08 14:06:15.797  1102  1104 D dalvikvm: GC_CONCURRENT freed <1K, 5% free 10792K/11271K, paused 2ms+3ms
06-08 14:06:15.902  1102  1102 D OpenGLRenderer: Flushing caches (mode 0)
06-08 14:06:15.918   150  1492 W InputManagerService: Starting input on non-focused client com.android.internal.view.IInputMethodClient$Stub$Proxy@413a06e0 (uid=10027 pid=1615)
06-08 14:06:15.992   150   203 I ActivityManager: Displayed com.android.vending/com.google.android.finsky.activities.FirstRunActivity: +763ms (total +1s107ms)
06-08 14:06:17.609  1374  1376 D dalvikvm: GC_CONCURRENT freed 371K, 5% free 10192K/10695K, paused 2ms+4ms
06-08 14:06:17.832    82   122 D AudioHardware: AudioHardware pcm playback is going to standby.
06-08 14:06:17.832    82   122 D AudioHardware: closePcmOut_l() mPcmOpenCnt: 1
06-08 14:06:17.906  1374  1376 D dalvikvm: GC_CONCURRENT freed 417K, 6% free 10206K/10759K, paused 2ms+4ms
06-08 14:06:17.953   150   562 I ActivityManager: START {act=android.intent.action.MAIN cat=[android.intent.category.LAUNCHER] flg=0x10000000 pkg=com.android.vending cmp=com.android.vending/.AssetBrowserActivity} from pid 1102
06-08 14:06:17.969    82   122 D AudioHardware: AudioHardware pcm playback is exiting standby.
06-08 14:06:17.969    82   122 D AudioHardware: openPcmOut_l() mPcmOpenCnt: 0
06-08 14:06:18.156  1102  1104 D dalvikvm: GC_CONCURRENT freed 252K, 4% free 11111K/11463K, paused 1ms+3ms
06-08 14:06:18.226   150   203 I ActivityManager: Displayed com.android.vending/.AssetBrowserActivity: +254ms
06-08 14:06:18.238  1102  1102 D OpenGLRenderer: Flushing caches (mode 0)
06-08 14:06:18.531  1374  1376 D dalvikvm: GC_CONCURRENT freed 426K, 6% free 10197K/10823K, paused 3ms+4ms
06-08 14:06:18.879  1327  1327 D OpenGLRenderer: Flushing caches (mode 1)
06-08 14:06:18.906  1374  1376 D dalvikvm: GC_CONCURRENT freed 401K, 6% free 10196K/10823K, paused 4ms+46ms
06-08 14:06:19.070  1374  1376 D dalvikvm: GC_CONCURRENT freed 404K, 6% free 10183K/10823K, paused 2ms+3ms
06-08 14:06:21.066    82   122 D AudioHardware: AudioHardware pcm playback is going to standby.
06-08 14:06:21.066    82   122 D AudioHardware: closePcmOut_l() mPcmOpenCnt: 1
06-08 14:06:21.441  1374  1376 D dalvikvm: GC_CONCURRENT freed 381K, 6% free 10205K/10823K, paused 4ms+8ms
06-08 14:06:21.785  1374  1376 D dalvikvm: GC_CONCURRENT freed 381K, 6% free 10211K/10823K, paused 4ms+4ms
06-08 14:06:22.023  1374  1376 D dalvikvm: GC_CONCURRENT freed 424K, 6% free 10181K/10823K, paused 2ms+2ms
06-08 14:06:22.363  1374  1376 D dalvikvm: GC_CONCURRENT freed 375K, 6% free 10194K/10823K, paused 10ms+3ms
06-08 14:06:22.648  1374  1376 D dalvikvm: GC_CONCURRENT freed 383K, 6% free 10199K/10823K, paused 2ms+4ms
06-08 14:06:22.949  1374  1376 D dalvikvm: GC_CONCURRENT freed 404K, 6% free 10197K/10823K, paused 3ms+7ms
06-08 14:06:23.351  1374  1376 D dalvikvm: GC_CONCURRENT freed 377K, 6% free 10209K/10823K, paused 2ms+7ms
06-08 14:06:23.515  1374  1748 D dalvikvm: GC_FOR_ALLOC freed 361K, 6% free 10185K/10823K, paused 25ms
06-08 14:06:23.824  1374  1376 D dalvikvm: GC_CONCURRENT freed 377K, 6% free 10196K/10823K, paused 3ms+5ms
06-08 14:06:24.031  1374  1376 D dalvikvm: GC_CONCURRENT freed 397K, 6% free 10188K/10823K, paused 2ms+3ms
06-08 14:06:24.250  1374  1376 D dalvikvm: GC_CONCURRENT freed 396K, 6% free 10180K/10823K, paused 3ms+4ms
06-08 14:06:24.547  1374  1376 D dalvikvm: GC_CONCURRENT freed 377K, 6% free 10187K/10823K, paused 5ms+3ms
06-08 14:06:24.930  1374  1376 D dalvikvm: GC_CONCURRENT freed 374K, 6% free 10200K/10823K, paused 1ms+6ms
06-08 14:06:25.074  1374  1381 I dalvikvm: Jit: resizing JitTable from 4096 to 8192
06-08 14:06:25.289  1374  1376 D dalvikvm: GC_CONCURRENT freed 388K, 6% free 10198K/10823K, paused 2ms+3ms
06-08 14:06:25.547   494   494 I RegisteredComponentCache: ComponentInfo: ResolveInfo{4132e450 com.android.apps.tag.TagViewer p=0 o=0 m=0x108000}, techs: android.nfc.tech.Ndef, 
06-08 14:06:25.555   150   166 D PackageManager: generateServicesMap(android.accounts.AccountAuthenticator): 3 services unchanged
06-08 14:06:25.668   150   166 D PackageManager: generateServicesMap(android.content.SyncAdapter): 10 services unchanged
06-08 14:06:25.812   150   153 D dalvikvm: GC_CONCURRENT freed 971K, 15% free 12869K/15047K, paused 4ms+6ms
06-08 14:06:25.867  1615  1615 I Launcher: setLoadOnResume
06-08 14:06:26.140  1374  1376 D dalvikvm: GC_CONCURRENT freed 400K, 6% free 10186K/10823K, paused 3ms+4ms
06-08 14:06:26.394  1374  1376 D dalvikvm: GC_CONCURRENT freed 400K, 6% free 10192K/10823K, paused 4ms+3ms
06-08 14:06:26.722  1615  1617 D dalvikvm: GC_CONCURRENT freed 1861K, 41% free 11854K/19975K, paused 3ms+8ms
06-08 14:06:26.937  1374  1376 D dalvikvm: GC_CONCURRENT freed 391K, 6% free 10193K/10823K, paused 3ms+8ms
06-08 14:06:27.242  1374  1376 D dalvikvm: GC_CONCURRENT freed 394K, 6% free 10199K/10823K, paused 5ms+4ms
06-08 14:06:27.586  1374  1376 D dalvikvm: GC_CONCURRENT freed 398K, 6% free 10192K/10823K, paused 3ms+4ms
06-08 14:06:27.914  1374  1376 D dalvikvm: GC_CONCURRENT freed 390K, 6% free 10194K/10823K, paused 3ms+7ms
06-08 14:06:28.277  1374  1748 D dalvikvm: GC_EXPLICIT freed 322K, 6% free 10190K/10823K, paused 3ms+4ms
06-08 14:06:28.289  1374  1748 I Gmail   : MainSyncRequestProto: lowestBkwdConvoId: 0, highestHandledServerOp: 2642720, normalSync: true
06-08 14:06:28.336  1327  1327 D OpenGLRenderer: Flushing caches (mode 1)
06-08 14:06:39.019   474   474 D SAN_SERVICE: *******************************************
06-08 14:06:39.019   474   474 D SAN_SERVICE: DM App Phone Service State - 0
06-08 14:06:39.019   474   474 D SAN_SERVICE: *******************************************
06-08 14:06:39.863  1327  1327 D OpenGLRenderer: Flushing caches (mode 1)
06-08 14:06:40.926   474   474 D SAN_SERVICE: *******************************************
06-08 14:06:40.926   474   474 D SAN_SERVICE: DM App Phone Service State - 0
06-08 14:06:40.926   474   474 D SAN_SERVICE: *******************************************
06-08 14:06:45.570  1102  1104 D dalvikvm: GC_CONCURRENT freed 550K, 6% free 11167K/11847K, paused 2ms+8ms
06-08 14:06:54.980   150   209 I InputReader: Reconfiguring input devices.  changes=0x00000004
06-08 14:06:54.980   150   209 I InputReader: Device reconfigured: id=7, name='mxt224_ts_input', surface size is now 480x800, mode is 1
06-08 14:06:55.043   150   166 I ActivityManager: Config changed: {1.0 310mcc120mnc en_US layoutdir=0 sw320dp w533dp h294dp nrml long land finger -keyb/v/h -nav/h s.10}
06-08 14:06:55.082  1102  1102 D OpenGLRenderer: Flushing caches (mode 0)
06-08 14:06:55.133  1102  1102 D dalvikvm: GC_EXPLICIT freed 1406K, 17% free 9887K/11847K, paused 2ms+3ms
06-08 14:06:55.336   694   697 D dalvikvm: GC_CONCURRENT freed 481K, 14% free 10265K/11911K, paused 2ms+8ms
06-08 14:06:57.613   150   203 D dalvikvm: GC_EXPLICIT freed 302K, 16% free 12777K/15047K, paused 14ms+7ms
06-08 14:07:05.918  1102  1102 D Finsky  : [1] 3.onErrorResponse: Metadata failed: com.android.volley.TimeoutError
06-08 14:07:05.969  1102  1102 D Volley  : [1] Request.finish: 47877 ms: [ ] https://android.clients.google.com/vending/api/ApiRequest NORMAL 11 GetMarketMetadataRequestProto
06-08 14:07:06.019  1327  1327 D OpenGLRenderer: Flushing caches (mode 1)
06-08 14:07:06.062  1102  1104 D dalvikvm: GC_CONCURRENT freed 371K, 17% free 9918K/11847K, paused 1ms+3ms
06-08 14:07:16.187   150   209 I InputReader: Reconfiguring input devices.  changes=0x00000004
06-08 14:07:16.187   150   209 I InputReader: Device reconfigured: id=7, name='mxt224_ts_input', surface size is now 480x800, mode is 1
06-08 14:07:16.246   150   166 I ActivityManager: Config changed: {1.0 310mcc120mnc en_US layoutdir=0 sw320dp w320dp h508dp nrml long port finger -keyb/v/h -nav/h s.11}
06-08 14:07:16.262  1102  1102 D OpenGLRenderer: Flushing caches (mode 0)
06-08 14:07:16.324  1102  1102 D dalvikvm: GC_EXPLICIT freed 203K, 17% free 9910K/11847K, paused 7ms+3ms
06-08 14:07:16.551  1327  1327 D OpenGLRenderer: Flushing caches (mode 1)
06-08 14:07:18.308   150   200 I power   : *** set_screen_state 0
06-08 14:07:18.344    79   118 D SurfaceFlinger: About to give-up screen, flinger = 0x1d77918
06-08 14:07:18.484  1102  1104 D dalvikvm: GC_CONCURRENT freed 273K, 16% free 10021K/11847K, paused 6ms+3ms
06-08 14:07:18.484   494  1733 D NfcService: NFC-C OFF, disconnect
06-08 14:07:18.762   150   203 D dalvikvm: GC_EXPLICIT freed 311K, 15% free 12886K/15047K, paused 10ms+4ms
06-08 14:07:23.398   150   204 V TransportControlView: Create TCV com.android.internal.widget.TransportControlView@41450160
06-08 14:07:23.433  1327  1327 D OpenGLRenderer: Flushing caches (mode 1)
06-08 14:07:23.445   391   391 D PhoneStatusBar: disable: < expand icons alerts ticker system_info back home RECENT* clock >
06-08 14:07:23.476   391   391 D PhoneStatusBar: disable: < expand icons alerts ticker system_info BACK* HOME* RECENT CLOCK* >
06-08 14:07:24.566  1102  1141 D Volley  : [122] BasicNetwork.logSlowRequests: HTTP response for request=<[ ] https://android.clients.google.com/vending/api/ApiRequest NORMAL 13 GetMarketMetadataRequestProto> [lifetime=18611], [size=452], [rc=200], [retryCount=0]
06-08 14:07:24.664  1102  1102 D Volley  : [1] Request.finish: 29357 ms: [ ] https://android.clients.google.com/vending/api/ApiRequest NORMAL 13 GetMarketMetadataRequestProto
06-08 14:07:24.707  1327  1327 D OpenGLRenderer: Flushing caches (mode 1)
06-08 14:07:24.707  1102  1104 D dalvikvm: GC_CONCURRENT freed 372K, 15% free 10078K/11847K, paused 2ms+2ms
06-08 14:07:24.750  1102  1102 D Finsky  : [1] DownloadImpl.setState: self-update-download from null to UNQUEUED.
06-08 14:07:24.750  1102  1102 D Finsky  : [1] DownloadQueueImpl.add: Download self-update-download added to DownloadQueue
06-08 14:07:24.754  1102  1102 D Finsky  : [1] DownloadImpl.setState: self-update-download from UNQUEUED to QUEUED.
06-08 14:07:24.805    84    84 I installd: free_cache(0) avail 977588224
06-08 14:07:24.805   150  1489 I ActivityManager: Start proc android.process.media for content provider com.android.providers.downloads/.DownloadProvider: pid=1766 uid=10012 gids={1015, 1023, 1024, 2001, 3003, 3007}
06-08 14:07:24.851   150   153 D dalvikvm: GC_CONCURRENT freed 119K, 10% free 13634K/15047K, paused 2ms+5ms
06-08 14:07:24.906  1766  1766 I ActivityThread: Pub media: com.android.providers.media.MediaProvider
06-08 14:07:25.402  1766  1766 I ActivityThread: Pub downloads: com.android.providers.downloads.DownloadProvider
06-08 14:07:25.441  1766  1766 I ActivityThread: Pub drm: com.android.providers.drm.DrmProvider
06-08 14:07:25.441  1766  1781 I DownloadManager: in removeSpuriousFiles
06-08 14:07:25.492  1766  1769 D dalvikvm: GC_CONCURRENT freed 370K, 5% free 9166K/9607K, paused 2ms+2ms
06-08 14:07:25.687  1102  1140 D Volley  : [121] BasicNetwork.logSlowRequests: HTTP response for request=<[ ] https://android.clients.google.com/vending/api/ApiRequest NORMAL 15 GetMarketMetadataRequestProto> [lifetime=9201], [size=451], [rc=200], [retryCount=0]
06-08 14:07:26.082  1102  1102 D Finsky  : [1] DownloadQueueImpl.startDownload: Download self-update-download starting
06-08 14:07:26.090  1102  1102 D Finsky  : [1] SelfUpdateScheduler.checkForSelfUpdate: Skipping self-update check as there is an update already queued.
06-08 14:07:26.090  1102  1102 D Volley  : [1] Request.finish: 9608 ms: [ ] https://android.clients.google.com/vending/api/ApiRequest NORMAL 15 GetMarketMetadataRequestProto
06-08 14:07:26.133  1102  1102 D Finsky  : [1] DownloadImpl.setState: self-update-download from QUEUED to DOWNLOADING.
06-08 14:07:26.133  1102  1102 D Finsky  : [1] DownloadQueueImpl.onStart: self-update-download: onStart
06-08 14:07:26.187  1102  1102 D Finsky  : [1] DownloadQueueImpl.notifyProgress: self-update-download: onProgress 0/-1 Status: 192.
06-08 14:07:26.215  1766  1785 I DownloadManager: Initiating request for download 1
06-08 14:07:27.187   150   468 I ActivityManager: START {flg=0x4000000 cmp=com.android.vending/com.google.android.finsky.activities.TosActivity (has extras)} from pid 1102
06-08 14:07:27.234  1102  1104 D dalvikvm: GC_CONCURRENT freed 403K, 15% free 10165K/11847K, paused 4ms+3ms
06-08 14:07:27.269   150   162 I ActivityManager: START {flg=0x4000000 cmp=com.android.vending/com.google.android.finsky.activities.TosActivity (has extras)} from pid 1102
06-08 14:07:27.476  1102  1102 D dalvikvm: GC_EXPLICIT freed 64K, 15% free 10160K/11847K, paused 2ms+3ms
06-08 14:07:27.512  1102  1102 D OpenGLRenderer: Flushing caches (mode 1)
06-08 14:07:28.394  1766  1769 D dalvikvm: GC_CONCURRENT freed 336K, 5% free 9265K/9735K, paused 20ms+2ms
06-08 14:07:28.496  1374  1748 W Gmail   : Exception during conversation sync. Will attempt to fetch one conversation at a time
06-08 14:07:28.496  1374  1748 W Gmail   : java.net.SocketTimeoutException: Read timed out
06-08 14:07:28.496  1374  1748 W Gmail   : 	at org.apache.harmony.xnet.provider.jsse.NativeCrypto.SSL_read(Native Method)
06-08 14:07:28.496  1374  1748 W Gmail   : 	at org.apache.harmony.xnet.provider.jsse.OpenSSLSocketImpl$SSLInputStream.read(OpenSSLSocketImpl.java:671)
06-08 14:07:28.496  1374  1748 W Gmail   : 	at org.apache.http.impl.io.AbstractSessionInputBuffer.fillBuffer(AbstractSessionInputBuffer.java:103)
06-08 14:07:28.496  1374  1748 W Gmail   : 	at org.apache.http.impl.io.AbstractSessionInputBuffer.readLine(AbstractSessionInputBuffer.java:191)
06-08 14:07:28.496  1374  1748 W Gmail   : 	at org.apache.http.impl.conn.DefaultResponseParser.parseHead(DefaultResponseParser.java:82)
06-08 14:07:28.496  1374  1748 W Gmail   : 	at org.apache.http.impl.io.AbstractMessageParser.parse(AbstractMessageParser.java:174)
06-08 14:07:28.496  1374  1748 W Gmail   : 	at org.apache.http.impl.AbstractHttpClientConnection.receiveResponseHeader(AbstractHttpClientConnection.java:180)
06-08 14:07:28.496  1374  1748 W Gmail   : 	at org.apache.http.impl.conn.DefaultClientConnection.receiveResponseHeader(DefaultClientConnection.java:235)
06-08 14:07:28.496  1374  1748 W Gmail   : 	at org.apache.http.impl.conn.AbstractClientConnAdapter.receiveResponseHeader(AbstractClientConnAdapter.java:259)
06-08 14:07:28.496  1374  1748 W Gmail   : 	at org.apache.http.protocol.HttpRequestExecutor.doReceiveResponse(HttpRequestExecutor.java:279)
06-08 14:07:28.496  1374  1748 W Gmail   : 	at org.apache.http.protocol.HttpRequestExecutor.execute(HttpRequestExecutor.java:121)
06-08 14:07:28.496  1374  1748 W Gmail   : 	at org.apache.http.impl.client.DefaultRequestDirector.execute(DefaultRequestDirector.java:428)
06-08 14:07:28.496  1374  1748 W Gmail   : 	at org.apache.http.impl.client.AbstractHttpClient.execute(AbstractHttpClient.java:555)
06-08 14:07:28.496  1374  1748 W Gmail   : 	at org.apache.http.impl.client.AbstractHttpClient.execute(AbstractHttpClient.java:487)
06-08 14:07:28.496  1374  1748 W Gmail   : 	at android.net.http.AndroidHttpClient.execute(AndroidHttpClient.java:257)
06-08 14:07:28.496  1374  1748 W Gmail   : 	at com.google.android.common.http.GoogleHttpClient.executeWithoutRewriting(GoogleHttpClient.java:202)
06-08 14:07:28.496  1374  1748 W Gmail   : 	at com.google.android.common.http.GoogleHttpClient.execute(GoogleHttpClient.java:259)
06-08 14:07:28.496  1374  1748 W Gmail   : 	at com.google.android.gm.provider.MailEngine$NormalHttpRequestRunner.runHttpRequest(MailEngine.java:6207)
06-08 14:07:28.496  1374  1748 W Gmail   : 	at com.google.android.gm.provider.MailEngine.runHttpRequestInternal(MailEngine.java:2101)
06-08 14:07:28.496  1374  1748 W Gmail   : 	at com.google.android.gm.provider.MailEngine.runHttpRequest(MailEngine.java:2081)
06-08 14:07:28.496  1374  1748 W Gmail   : 	at com.google.android.gm.provider.MailEngine.sendRequest(MailEngine.java:1949)
06-08 14:07:28.496  1374  1748 W Gmail   : 	at com.google.android.gm.provider.MailEngine.runSyncLoop(MailEngine.java:1876)
06-08 14:07:28.496  1374  1748 W Gmail   : 	at com.google.android.gm.provider.MailEngine.sync(MailEngine.java:1765)
06-08 14:07:28.496  1374  1748 W Gmail   : 	at com.google.android.gm.provider.MailEngine.performBackgroundSync(MailEngine.java:1702)
06-08 14:07:28.496  1374  1748 W Gmail   : 	at com.google.android.gm.provider.MailSyncAdapterService$SyncAdapterImpl.onPerformLoggedSync(MailSyncAdapterService.java:62)
06-08 14:07:28.496  1374  1748 W Gmail   : 	at com.google.android.common.LoggingThreadedSyncAdapter.onPerformSync(LoggingThreadedSyncAdapter.java:33)
06-08 14:07:28.496  1374  1748 W Gmail   : 	at android.content.AbstractThreadedSyncAdapter$SyncThread.run(AbstractThreadedSyncAdapter.java:247)
06-08 14:07:28.500  1374  1748 I Gmail   : MainSyncRequestProto: lowestBkwdConvoId: 0, highestHandledServerOp: 2642720, normalSync: true
06-08 14:07:28.504  1374  1748 I Gmail   : Fetching conversations one by one: 50
06-08 14:07:28.504  1374  1748 I Gmail   : Fetching conversation 1402730392736654870
06-08 14:07:28.508  1374  1748 I Gmail   : MainSyncRequestProto: lowestBkwdConvoId: 0, highestHandledServerOp: 2642720, normalSync: true
06-08 14:07:28.551  1327  1327 D OpenGLRenderer: Flushing caches (mode 1)
06-08 14:07:31.180  1374  1748 D dalvikvm: GC_EXPLICIT freed 333K, 7% free 10173K/10823K, paused 2ms+4ms
06-08 14:07:31.180  1374  1748 I Gmail   : Fetching conversation 1402709624565396959
06-08 14:07:31.183  1374  1748 I Gmail   : MainSyncRequestProto: lowestBkwdConvoId: 0, highestHandledServerOp: 2642720, normalSync: true
06-08 14:07:31.254  1327  1338 D dalvikvm: GC_EXPLICIT freed 318K, 7% free 9722K/10439K, paused 2ms+3ms
06-08 14:07:31.262  1327  1327 D OpenGLRenderer: Flushing caches (mode 1)
06-08 14:07:33.976  1374  1748 D dalvikvm: GC_EXPLICIT freed 295K, 7% free 10172K/10823K, paused 9ms+4ms
06-08 14:07:33.976  1374  1748 I Gmail   : Fetching conversation 1402693006364770532
06-08 14:07:33.976  1374  1748 I Gmail   : MainSyncRequestProto: lowestBkwdConvoId: 0, highestHandledServerOp: 2642720, normalSync: true
06-08 14:07:34.055   150   493 D dalvikvm: GC_EXPLICIT freed 655K, 11% free 13519K/15047K, paused 3ms+4ms
06-08 14:07:34.066  1327  1327 D OpenGLRenderer: Flushing caches (mode 1)
06-08 14:07:36.340  1374  1376 D dalvikvm: GC_CONCURRENT freed 399K, 6% free 10181K/10823K, paused 1ms+2ms
06-08 14:07:36.578  1374  1748 D dalvikvm: GC_EXPLICIT freed 123K, 7% free 10150K/10823K, paused 9ms+13ms
06-08 14:07:36.578  1374  1748 I Gmail   : Fetching conversation 1402690435259873770
06-08 14:07:36.582  1374  1748 I Gmail   : MainSyncRequestProto: lowestBkwdConvoId: 0, highestHandledServerOp: 2642720, normalSync: true
06-08 14:07:36.617  1327  1327 D OpenGLRenderer: Flushing caches (mode 1)
06-08 14:07:38.644  1374  1748 D dalvikvm: GC_EXPLICIT freed 194K, 7% free 10160K/10823K, paused 9ms+4ms
06-08 14:07:38.644  1374  1748 I Gmail   : Fetching conversation 1402678837633649824
06-08 14:07:38.648  1374  1748 I Gmail   : MainSyncRequestProto: lowestBkwdConvoId: 0, highestHandledServerOp: 2642720, normalSync: true
06-08 14:07:38.676  1327  1327 D OpenGLRenderer: Flushing caches (mode 1)
06-08 14:07:40.219  1374  1748 D dalvikvm: GC_EXPLICIT freed 168K, 7% free 10160K/10823K, paused 4ms+3ms
06-08 14:07:40.219  1374  1748 I Gmail   : Fetching conversation 1402676485035569081
06-08 14:07:40.222  1374  1748 I Gmail   : MainSyncRequestProto: lowestBkwdConvoId: 0, highestHandledServerOp: 2642720, normalSync: true
06-08 14:07:40.258  1327  1327 D OpenGLRenderer: Flushing caches (mode 1)
06-08 14:07:41.211  1327  1327 D OpenGLRenderer: Flushing caches (mode 1)
06-08 14:07:42.375  1374  1748 D dalvikvm: GC_EXPLICIT freed 219K, 7% free 10166K/10823K, paused 10ms+4ms
06-08 14:07:42.375  1374  1748 I Gmail   : Fetching conversation 1402613599882678608
06-08 14:07:42.375  1374  1748 I Gmail   : MainSyncRequestProto: lowestBkwdConvoId: 0, highestHandledServerOp: 2642720, normalSync: true
06-08 14:07:42.410  1327  1327 D OpenGLRenderer: Flushing caches (mode 1)
06-08 14:07:45.285  1374  1748 D dalvikvm: GC_EXPLICIT freed 327K, 6% free 10177K/10823K, paused 9ms+3ms
06-08 14:07:45.285  1374  1748 I Gmail   : Fetching conversation 1402546443254151302
06-08 14:07:45.289  1374  1748 I Gmail   : MainSyncRequestProto: lowestBkwdConvoId: 0, highestHandledServerOp: 2642720, normalSync: true
06-08 14:07:45.320  1327  1327 D OpenGLRenderer: Flushing caches (mode 1)
06-08 14:07:47.945  1374  1748 D dalvikvm: GC_EXPLICIT freed 235K, 7% free 10171K/10823K, paused 4ms+4ms
06-08 14:07:47.945  1374  1748 I Gmail   : Fetching conversation 1402442547147243532
06-08 14:07:47.949  1374  1748 I Gmail   : MainSyncRequestProto: lowestBkwdConvoId: 0, highestHandledServerOp: 2642720, normalSync: true
06-08 14:07:47.980  1327  1327 D OpenGLRenderer: Flushing caches (mode 1)
06-08 14:07:50.894  1374  1748 D dalvikvm: GC_EXPLICIT freed 199K, 7% free 10170K/10823K, paused 3ms+4ms
06-08 14:07:50.894  1374  1748 I Gmail   : Fetching conversation 1402336822610027647
06-08 14:07:50.898  1374  1748 I Gmail   : MainSyncRequestProto: lowestBkwdConvoId: 0, highestHandledServerOp: 2642720, normalSync: true
06-08 14:07:50.930  1327  1327 D OpenGLRenderer: Flushing caches (mode 1)
06-08 14:07:52.238  1374  1748 D dalvikvm: GC_EXPLICIT freed 176K, 7% free 10169K/10823K, paused 6ms+4ms
06-08 14:07:52.238  1374  1748 I Gmail   : Fetching conversation 1402314781829422823
06-08 14:07:52.242  1374  1748 I Gmail   : MainSyncRequestProto: lowestBkwdConvoId: 0, highestHandledServerOp: 2642720, normalSync: true
06-08 14:07:52.273  1327  1327 D OpenGLRenderer: Flushing caches (mode 1)
06-08 14:07:54.484  1374  1748 D dalvikvm: GC_EXPLICIT freed 168K, 7% free 10170K/10823K, paused 12ms+3ms
06-08 14:07:54.484  1374  1748 I Gmail   : Fetching conversation 1402313975193244662
06-08 14:07:54.488  1374  1748 I Gmail   : MainSyncRequestProto: lowestBkwdConvoId: 0, highestHandledServerOp: 2642720, normalSync: true
06-08 14:07:54.519  1327  1327 D OpenGLRenderer: Flushing caches (mode 1)
06-08 14:07:55.687  1284  1351 I PhoneLab-: Service Running
06-08 14:07:55.801  1284  1351 I PhoneLab-LoggerService: app_38    1355  1284  1836   1464  c00f181c 400107b4 S logcat
06-08 14:07:55.801  1284  1351 I PhoneLab-LoggerService: Logcat pid from database 1355
06-08 14:07:55.801  1284  1351 I PhoneLab-LoggerService: Logcat process found 1355
06-08 14:07:55.801  1284  1351 I PhoneLab-LoggerService: Checking Threshold
06-08 14:07:55.801  1284  1351 I PhoneLab-LoggerService: Starting to rename files
06-08 14:07:55.801  1284  1351 I PhoneLab-LoggerService: Files found .. 2
06-08 14:07:56.812  1374  1376 D dalvikvm: GC_CONCURRENT freed 413K, 6% free 10181K/10823K, paused 2ms+3ms
06-08 14:07:57.078  1374  1748 D dalvikvm: GC_EXPLICIT freed 238K, 7% free 10170K/10823K, paused 9ms+4ms
06-08 14:07:57.078  1374  1748 I Gmail   : Fetching conversation 1402292778336617528
06-08 14:07:57.082  1374  1748 I Gmail   : MainSyncRequestProto: lowestBkwdConvoId: 0, highestHandledServerOp: 2642720, normalSync: true
06-08 14:07:57.113  1327  1327 D OpenGLRenderer: Flushing caches (mode 1)
06-08 14:07:59.883  1374  1748 D dalvikvm: GC_EXPLICIT freed 205K, 6% free 10176K/10823K, paused 4ms+3ms
06-08 14:07:59.883  1374  1748 I Gmail   : Fetching conversation 1402263155673410257
06-08 14:07:59.887  1374  1748 I Gmail   : MainSyncRequestProto: lowestBkwdConvoId: 0, highestHandledServerOp: 2642720, normalSync: true
06-08 14:07:59.926  1327  1327 D OpenGLRenderer: Flushing caches (mode 1)
06-08 14:08:01.312  1766  1769 D dalvikvm: GC_CONCURRENT freed 297K, 5% free 9377K/9799K, paused 1ms+3ms
06-08 14:08:01.480  1374  1748 D dalvikvm: GC_EXPLICIT freed 261K, 6% free 10183K/10823K, paused 2ms+4ms
06-08 14:08:01.484  1374  1748 I Gmail   : Fetching conversation 1402250623930177818
06-08 14:08:01.488  1374  1748 I Gmail   : MainSyncRequestProto: lowestBkwdConvoId: 0, highestHandledServerOp: 2642720, normalSync: true
06-08 14:08:01.523  1327  1327 D OpenGLRenderer: Flushing caches (mode 1)
06-08 14:08:03.906  1374  1748 D dalvikvm: GC_EXPLICIT freed 243K, 6% free 10180K/10823K, paused 4ms+3ms
06-08 14:08:03.906  1374  1748 I Gmail   : Fetching conversation 1402242447684428384
06-08 14:08:03.910  1374  1748 I Gmail   : MainSyncRequestProto: lowestBkwdConvoId: 0, highestHandledServerOp: 2642720, normalSync: true
06-08 14:08:03.941  1327  1327 D OpenGLRenderer: Flushing caches (mode 1)
06-08 14:08:06.476  1374  1748 D dalvikvm: GC_EXPLICIT freed 217K, 6% free 10181K/10823K, paused 9ms+3ms
06-08 14:08:06.476  1374  1748 I Gmail   : Fetching conversation 1402235966357599795
06-08 14:08:06.480  1374  1748 I Gmail   : MainSyncRequestProto: lowestBkwdConvoId: 0, highestHandledServerOp: 2642720, normalSync: true
06-08 14:08:06.512  1327  1327 D OpenGLRenderer: Flushing caches (mode 1)
06-08 14:08:09.672   150   162 D dalvikvm: GC_EXPLICIT freed 656K, 10% free 13561K/15047K, paused 3ms+4ms
06-08 14:08:09.695  1374  1748 D dalvikvm: GC_EXPLICIT freed 172K, 6% free 10181K/10823K, paused 18ms+4ms
06-08 14:08:09.695  1374  1748 I Gmail   : Fetching conversation 1402195778527952715
06-08 14:08:09.699  1374  1748 I Gmail   : MainSyncRequestProto: lowestBkwdConvoId: 0, highestHandledServerOp: 2642720, normalSync: true
06-08 14:08:09.726  1327  1327 D OpenGLRenderer: Flushing caches (mode 1)
06-08 14:08:10.390  1374  1748 D dalvikvm: GC_EXPLICIT freed 158K, 6% free 10180K/10823K, paused 3ms+4ms
06-08 14:08:10.390  1374  1748 I Gmail   : Fetching conversation 1402189216302061855
06-08 14:08:10.394  1374  1748 I Gmail   : MainSyncRequestProto: lowestBkwdConvoId: 0, highestHandledServerOp: 2642720, normalSync: true
06-08 14:08:10.433  1327  1327 D OpenGLRenderer: Flushing caches (mode 1)
06-08 14:08:12.152  1374  1748 D dalvikvm: GC_EXPLICIT freed 315K, 7% free 10169K/10823K, paused 8ms+3ms
06-08 14:08:12.152  1374  1748 I Gmail   : Fetching conversation 1402160099536283483
06-08 14:08:12.152  1374  1748 I Gmail   : MainSyncRequestProto: lowestBkwdConvoId: 0, highestHandledServerOp: 2642720, normalSync: true
06-08 14:08:12.191  1327  1327 D OpenGLRenderer: Flushing caches (mode 1)
06-08 14:08:15.121  1374  1748 D dalvikvm: GC_EXPLICIT freed 321K, 7% free 10170K/10823K, paused 8ms+4ms
06-08 14:08:15.121  1374  1748 I Gmail   : Fetching conversation 1402136915781496937
06-08 14:08:15.125  1374  1748 I Gmail   : MainSyncRequestProto: lowestBkwdConvoId: 0, highestHandledServerOp: 2642720, normalSync: true
06-08 14:08:15.156  1327  1327 D OpenGLRenderer: Flushing caches (mode 1)
06-08 14:08:18.867  1374  1748 D dalvikvm: GC_EXPLICIT freed 204K, 7% free 10165K/10823K, paused 9ms+3ms
06-08 14:08:18.867  1374  1748 I Gmail   : Fetching conversation 1402073092227473665
06-08 14:08:18.867  1374  1748 I Gmail   : MainSyncRequestProto: lowestBkwdConvoId: 0, highestHandledServerOp: 2642720, normalSync: true
06-08 14:08:18.898  1327  1327 D OpenGLRenderer: Flushing caches (mode 1)
06-08 14:08:21.340  1374  1748 D dalvikvm: GC_EXPLICIT freed 174K, 7% free 10163K/10823K, paused 9ms+3ms
06-08 14:08:21.340  1374  1748 I Gmail   : Fetching conversation 1402064348620502650
06-08 14:08:21.344  1374  1748 I Gmail   : MainSyncRequestProto: lowestBkwdConvoId: 0, highestHandledServerOp: 2642720, normalSync: true
06-08 14:08:21.371  1327  1327 D OpenGLRenderer: Flushing caches (mode 1)
06-08 14:08:23.762  1374  1748 D dalvikvm: GC_EXPLICIT freed 206K, 7% free 10167K/10823K, paused 2ms+4ms
06-08 14:08:23.762  1374  1748 I Gmail   : Fetching conversation 1402061496411084815
06-08 14:08:23.765  1374  1748 I Gmail   : MainSyncRequestProto: lowestBkwdConvoId: 0, highestHandledServerOp: 2642720, normalSync: true
06-08 14:08:23.797  1327  1327 D OpenGLRenderer: Flushing caches (mode 1)
06-08 14:08:26.390  1374  1748 D dalvikvm: GC_EXPLICIT freed 217K, 6% free 10175K/10823K, paused 5ms+4ms
06-08 14:08:26.390  1374  1748 I Gmail   : Fetching conversation 1402059948837246529
06-08 14:08:26.390  1374  1748 I Gmail   : MainSyncRequestProto: lowestBkwdConvoId: 0, highestHandledServerOp: 2642720, normalSync: true
06-08 14:08:26.426  1327  1327 D OpenGLRenderer: Flushing caches (mode 1)
06-08 14:08:28.476  1374  1748 D dalvikvm: GC_EXPLICIT freed 190K, 7% free 10168K/10823K, paused 4ms+4ms
06-08 14:08:28.476  1374  1748 I Gmail   : Fetching conversation 1402053450744131637
06-08 14:08:28.476  1374  1748 I Gmail   : MainSyncRequestProto: lowestBkwdConvoId: 0, highestHandledServerOp: 2642720, normalSync: true
06-08 14:08:28.519  1327  1327 D OpenGLRenderer: Flushing caches (mode 1)
06-08 14:08:30.676  1374  1376 D dalvikvm: GC_CONCURRENT freed 375K, 6% free 10179K/10823K, paused 1ms+3ms
06-08 14:08:30.816  1374  1748 D dalvikvm: GC_EXPLICIT freed 70K, 7% free 10150K/10823K, paused 3ms+4ms
06-08 14:08:30.816  1374  1748 I Gmail   : Fetching conversation 1402053342821603397
06-08 14:08:30.820  1374  1748 I Gmail   : MainSyncRequestProto: lowestBkwdConvoId: 0, highestHandledServerOp: 2642720, normalSync: true
06-08 14:08:30.851  1327  1327 D OpenGLRenderer: Flushing caches (mode 1)
06-08 14:08:33.062  1374  1748 D dalvikvm: GC_EXPLICIT freed 253K, 6% free 10187K/10823K, paused 4ms+5ms
06-08 14:08:33.062  1374  1748 I Gmail   : Fetching conversation 1402051834641604975
06-08 14:08:33.066  1374  1748 I Gmail   : MainSyncRequestProto: lowestBkwdConvoId: 0, highestHandledServerOp: 2642720, normalSync: true
06-08 14:08:33.109  1327  1327 D OpenGLRenderer: Flushing caches (mode 1)
06-08 14:08:36.168  1374  1748 D dalvikvm: GC_EXPLICIT freed 286K, 6% free 10182K/10823K, paused 2ms+4ms
06-08 14:08:36.168  1374  1748 I Gmail   : Fetching conversation 1402048317331831827
06-08 14:08:36.176  1374  1748 I Gmail   : MainSyncRequestProto: lowestBkwdConvoId: 0, highestHandledServerOp: 2642720, normalSync: true
06-08 14:08:36.207  1327  1327 D OpenGLRenderer: Flushing caches (mode 1)
06-08 14:08:38.601  1374  1748 D dalvikvm: GC_EXPLICIT freed 244K, 6% free 10181K/10823K, paused 4ms+3ms
06-08 14:08:38.601  1374  1748 I Gmail   : Fetching conversation 1402046134944340430
06-08 14:08:38.605  1374  1748 I Gmail   : MainSyncRequestProto: lowestBkwdConvoId: 0, highestHandledServerOp: 2642720, normalSync: true
06-08 14:08:38.640  1327  1327 D OpenGLRenderer: Flushing caches (mode 1)
06-08 14:08:39.711  1766  1769 D dalvikvm: GC_CONCURRENT freed 407K, 6% free 9385K/9927K, paused 14ms+3ms
06-08 14:08:40.195  1374  1748 D dalvikvm: GC_EXPLICIT freed 314K, 6% free 10193K/10823K, paused 8ms+4ms
06-08 14:08:40.195  1374  1748 I Gmail   : Fetching conversation 1402043397584374614
06-08 14:08:40.199  1374  1748 I Gmail   : MainSyncRequestProto: lowestBkwdConvoId: 0, highestHandledServerOp: 2642720, normalSync: true
06-08 14:08:40.230  1327  1327 D OpenGLRenderer: Flushing caches (mode 1)
06-08 14:08:41.691  1374  1748 D dalvikvm: GC_EXPLICIT freed 158K, 6% free 10177K/10823K, paused 4ms+4ms
06-08 14:08:41.691  1374  1748 I Gmail   : Fetching conversation 1402037387468828658
06-08 14:08:41.695  1374  1748 I Gmail   : MainSyncRequestProto: lowestBkwdConvoId: 0, highestHandledServerOp: 2642720, normalSync: true
06-08 14:08:41.722  1327  1327 D OpenGLRenderer: Flushing caches (mode 1)
06-08 14:08:43.703  1374  1748 D dalvikvm: GC_EXPLICIT freed 232K, 6% free 10187K/10823K, paused 5ms+4ms
06-08 14:08:43.703  1374  1748 I Gmail   : Fetching conversation 1401972809807892870
06-08 14:08:43.707  1374  1748 I Gmail   : MainSyncRequestProto: lowestBkwdConvoId: 0, highestHandledServerOp: 2642720, normalSync: true
06-08 14:08:43.808   150   166 D dalvikvm: GC_EXPLICIT freed 631K, 10% free 13587K/15047K, paused 3ms+5ms
06-08 14:08:43.820  1327  1327 D OpenGLRenderer: Flushing caches (mode 1)
06-08 14:08:45.637  1374  1748 D dalvikvm: GC_EXPLICIT freed 289K, 6% free 10197K/10823K, paused 2ms+5ms
06-08 14:08:45.640  1374  1748 I Gmail   : Fetching conversation 1401939178651137354
06-08 14:08:45.640  1374  1748 I Gmail   : MainSyncRequestProto: lowestBkwdConvoId: 0, highestHandledServerOp: 2642720, normalSync: true
06-08 14:08:45.676  1327  1327 D OpenGLRenderer: Flushing caches (mode 1)
06-08 14:08:47.230  1374  1748 D dalvikvm: GC_EXPLICIT freed 208K, 7% free 10162K/10823K, paused 11ms+5ms
06-08 14:08:47.230  1374  1748 I Gmail   : Fetching conversation 1401882573945213116
06-08 14:08:47.234  1374  1748 I Gmail   : MainSyncRequestProto: lowestBkwdConvoId: 0, highestHandledServerOp: 2642720, normalSync: true
06-08 14:08:47.265  1327  1327 D OpenGLRenderer: Flushing caches (mode 1)
06-08 14:08:47.551  1102  1102 D Finsky  : [1] DownloadQueueImpl.notifyProgress: self-update-download: onProgress 4000309/4000309 Status: 200.
06-08 14:08:47.574  1102  1102 D Finsky  : [1] DownloadBroadcastReceiver.onReceive: Intent received at DownloadBroadcastReceiver
06-08 14:08:47.597   150  1489 I ActivityManager: No longer want com.google.android.partnersetup (pid 1389): hidden #16
06-08 14:08:47.750  1102  1102 D Finsky  : [1] DownloadImpl.setState: self-update-download from DOWNLOADING to SUCCESS.
06-08 14:08:47.805  1102  1102 D Finsky  : [1] DownloadQueueImpl.onComplete: self-update-download: onComplete
06-08 14:08:47.805  1102  1102 D Finsky  : [1] DownloadQueueImpl.remove: Download self-update-download removed from DownloadQueue
06-08 14:08:47.805  1102  1102 D Finsky  : [1] SelfUpdateScheduler.onComplete: Self-update ready to be installed, waiting for market to close.
06-08 14:08:47.808    84    84 I installd: free_cache(0) avail 973352960
06-08 14:08:48.250  1374  1748 D dalvikvm: GC_EXPLICIT freed 221K, 7% free 10165K/10823K, paused 5ms+4ms
06-08 14:08:48.250  1374  1748 I Gmail   : Fetching conversation 1401853712959860051
06-08 14:08:48.250  1374  1748 I Gmail   : MainSyncRequestProto: lowestBkwdConvoId: 0, highestHandledServerOp: 2642720, normalSync: true
06-08 14:08:48.281  1327  1327 D OpenGLRenderer: Flushing caches (mode 1)
06-08 14:08:49.543  1374  1748 D dalvikvm: GC_EXPLICIT freed 338K, 7% free 10171K/10823K, paused 2ms+5ms
06-08 14:08:49.543  1374  1748 I Gmail   : Fetching conversation 1401832790048245573
06-08 14:08:49.547  1374  1748 I Gmail   : MainSyncRequestProto: lowestBkwdConvoId: 0, highestHandledServerOp: 2642720, normalSync: true
06-08 14:08:49.578  1327  1327 D OpenGLRenderer: Flushing caches (mode 1)
06-08 14:08:50.707  1374  1748 D dalvikvm: GC_EXPLICIT freed 193K, 7% free 10170K/10823K, paused 9ms+4ms
06-08 14:08:50.707  1374  1748 I Gmail   : Fetching conversation 1401791849416694312
06-08 14:08:50.711  1374  1748 I Gmail   : MainSyncRequestProto: lowestBkwdConvoId: 0, highestHandledServerOp: 2642720, normalSync: true
06-08 14:08:50.738  1327  1327 D OpenGLRenderer: Flushing caches (mode 1)
06-08 14:08:51.621  1374  1748 D dalvikvm: GC_EXPLICIT freed 185K, 7% free 10165K/10823K, paused 4ms+4ms
06-08 14:08:51.621  1374  1748 I Gmail   : Fetching conversation 1401776195532047838
06-08 14:08:51.625  1374  1748 I Gmail   : MainSyncRequestProto: lowestBkwdConvoId: 0, highestHandledServerOp: 2642720, normalSync: true
06-08 14:08:51.652  1327  1327 D OpenGLRenderer: Flushing caches (mode 1)
06-08 14:08:52.930  1374  1748 D dalvikvm: GC_EXPLICIT freed 269K, 6% free 10175K/10823K, paused 2ms+3ms
06-08 14:08:52.930  1374  1748 I Gmail   : Fetching conversation 1401770790531572836
06-08 14:08:52.933  1374  1748 I Gmail   : MainSyncRequestProto: lowestBkwdConvoId: 0, highestHandledServerOp: 2642720, normalSync: true
06-08 14:08:52.961  1327  1327 D OpenGLRenderer: Flushing caches (mode 1)
06-08 14:08:54.101  1374  1748 D dalvikvm: GC_EXPLICIT freed 173K, 7% free 10173K/10823K, paused 9ms+4ms
06-08 14:08:54.101  1374  1748 I Gmail   : Fetching conversation 1401733088204238148
06-08 14:08:54.105  1374  1748 I Gmail   : MainSyncRequestProto: lowestBkwdConvoId: 0, highestHandledServerOp: 2642720, normalSync: true
06-08 14:08:54.140  1327  1327 D OpenGLRenderer: Flushing caches (mode 1)
06-08 14:08:56.312  1374  1748 D dalvikvm: GC_EXPLICIT freed 325K, 6% free 10177K/10823K, paused 3ms+3ms
06-08 14:08:56.312  1374  1748 I Gmail   : Fetching conversation 1401712288271037821
06-08 14:08:56.316  1374  1748 I Gmail   : MainSyncRequestProto: lowestBkwdConvoId: 0, highestHandledServerOp: 2642720, normalSync: true
06-08 14:08:56.344  1327  1327 D OpenGLRenderer: Flushing caches (mode 1)
06-08 14:08:57.312  1374  1748 D dalvikvm: GC_EXPLICIT freed 182K, 6% free 10177K/10823K, paused 5ms+3ms
06-08 14:08:57.316  1374  1748 I Gmail   : Fetching conversation 1401698129047024237
06-08 14:08:57.316  1374  1748 I Gmail   : MainSyncRequestProto: lowestBkwdConvoId: 0, highestHandledServerOp: 2642720, normalSync: true
06-08 14:08:57.355  1327  1327 D OpenGLRenderer: Flushing caches (mode 1)
06-08 14:08:58.242  1374  1748 D dalvikvm: GC_EXPLICIT freed 170K, 6% free 10174K/10823K, paused 5ms+3ms
06-08 14:08:58.242  1374  1748 I Gmail   : Fetching conversation 1401695518078816640
06-08 14:08:58.246  1374  1748 I Gmail   : MainSyncRequestProto: lowestBkwdConvoId: 0, highestHandledServerOp: 2642720, normalSync: true
06-08 14:08:58.273  1327  1327 D OpenGLRenderer: Flushing caches (mode 1)
06-08 14:08:59.144  1374  1748 D dalvikvm: GC_EXPLICIT freed 276K, 6% free 10183K/10823K, paused 2ms+4ms
06-08 14:08:59.144  1374  1748 I Gmail   : Fetching conversation 1401694561631659874
06-08 14:08:59.148  1374  1748 I Gmail   : MainSyncRequestProto: lowestBkwdConvoId: 0, highestHandledServerOp: 2642720, normalSync: true
06-08 14:08:59.941  1327  1327 D OpenGLRenderer: Flushing caches (mode 1)
06-08 14:08:59.965  1327  1329 D dalvikvm: GC_CONCURRENT freed 343K, 7% free 9763K/10439K, paused 4ms+3ms
06-08 14:09:01.808  1374  1748 D dalvikvm: GC_EXPLICIT freed 205K, 6% free 10182K/10823K, paused 12ms+4ms
06-08 14:09:01.808  1374  1748 I Gmail   : Fetching conversation 1401686298897130479
06-08 14:09:01.812  1374  1748 I Gmail   : MainSyncRequestProto: lowestBkwdConvoId: 0, highestHandledServerOp: 2642720, normalSync: true
06-08 14:09:01.847  1327  1327 D OpenGLRenderer: Flushing caches (mode 1)
06-08 14:09:02.590  1374  1748 D dalvikvm: GC_EXPLICIT freed 169K, 6% free 10180K/10823K, paused 4ms+3ms
06-08 14:09:02.590  1374  1748 I Gmail   : Fetching conversation 1401685630624797791
06-08 14:09:02.594  1374  1748 I Gmail   : MainSyncRequestProto: lowestBkwdConvoId: 0, highestHandledServerOp: 2642720, normalSync: true
06-08 14:09:02.621  1327  1327 D OpenGLRenderer: Flushing caches (mode 1)
06-08 14:09:02.902  1327  1327 D OpenGLRenderer: Flushing caches (mode 1)
06-08 14:09:03.652  1374  1748 D dalvikvm: GC_EXPLICIT freed 213K, 6% free 10190K/10823K, paused 8ms+3ms
06-08 14:09:03.652  1374  1748 I Gmail   : Fetching conversation 1401684241053769696
06-08 14:09:03.656  1374  1748 I Gmail   : MainSyncRequestProto: lowestBkwdConvoId: 0, highestHandledServerOp: 2642720, normalSync: true
06-08 14:09:03.691  1327  1327 D OpenGLRenderer: Flushing caches (mode 1)
06-08 14:09:04.789  1374  1748 D dalvikvm: GC_EXPLICIT freed 364K, 6% free 10195K/10823K, paused 8ms+3ms
06-08 14:09:04.789  1374  1748 I Gmail   : Fetching conversation 1401681387337114376
06-08 14:09:04.793  1374  1748 I Gmail   : MainSyncRequestProto: lowestBkwdConvoId: 0, highestHandledServerOp: 2642720, normalSync: true
06-08 14:09:04.824  1327  1327 D OpenGLRenderer: Flushing caches (mode 1)
06-08 14:09:06.176  1374  1748 D dalvikvm: GC_EXPLICIT freed 175K, 6% free 10176K/10823K, paused 4ms+4ms
06-08 14:09:06.176  1374  1748 I Gmail   : Fetching conversation 1401642206622011858
06-08 14:09:06.183  1374  1748 I Gmail   : MainSyncRequestProto: lowestBkwdConvoId: 0, highestHandledServerOp: 2642720, normalSync: true
06-08 14:09:06.230  1327  1327 D OpenGLRenderer: Flushing caches (mode 1)
06-08 14:09:06.234  1374  1505 D dalvikvm: GC_EXPLICIT freed 37K, 7% free 10161K/10823K, paused 2ms+12ms
06-08 14:09:07.211  1374  1748 D dalvikvm: GC_EXPLICIT freed 183K, 6% free 10194K/10823K, paused 9ms+3ms
06-08 14:09:07.219  1374  1748 I Gmail   : MainSyncRequestProto: lowestBkwdConvoId: 0, highestHandledServerOp: 2642720, normalSync: true
06-08 14:09:07.301   150  1492 D dalvikvm: GC_EXPLICIT freed 552K, 10% free 13621K/15047K, paused 3ms+4ms
06-08 14:09:07.312  1327  1327 D OpenGLRenderer: Flushing caches (mode 1)
06-08 14:09:22.625   150  1489 D AlarmManagerService: Kernel timezone updated to 240 minutes west of GMT
06-08 14:09:24.078  1374  1376 D dalvikvm: GC_CONCURRENT freed 385K, 6% free 10202K/10823K, paused 2ms+4ms
06-08 14:09:24.219  1374  1376 D dalvikvm: GC_CONCURRENT freed 441K, 7% free 10151K/10823K, paused 2ms+3ms
06-08 14:09:24.344  1374  1376 D dalvikvm: GC_CONCURRENT freed 396K, 7% free 10146K/10823K, paused 1ms+2ms
06-08 14:09:24.469  1374  1376 D dalvikvm: GC_CONCURRENT freed 384K, 7% free 10153K/10823K, paused 2ms+2ms
06-08 14:09:24.594  1374  1376 D dalvikvm: GC_CONCURRENT freed 415K, 7% free 10151K/10823K, paused 2ms+3ms
06-08 14:09:24.953  1374  1376 D dalvikvm: GC_CONCURRENT freed 391K, 7% free 10160K/10823K, paused 2ms+3ms
06-08 14:09:25.351  1374  1376 D dalvikvm: GC_CONCURRENT freed 378K, 6% free 10175K/10823K, paused 2ms+3ms
06-08 14:09:25.590  1374  1376 D dalvikvm: GC_CONCURRENT freed 393K, 6% free 10187K/10823K, paused 2ms+3ms
06-08 14:09:25.836  1374  1376 D dalvikvm: GC_CONCURRENT freed 428K, 7% free 10154K/10823K, paused 2ms+3ms
06-08 14:09:26.097  1374  1376 D dalvikvm: GC_CONCURRENT freed 404K, 7% free 10157K/10823K, paused 1ms+3ms
06-08 14:09:26.410  1374  1376 D dalvikvm: GC_CONCURRENT freed 389K, 7% free 10165K/10823K, paused 2ms+4ms
06-08 14:09:26.945  1374  1376 D dalvikvm: GC_CONCURRENT freed 372K, 6% free 10181K/10823K, paused 4ms+7ms
06-08 14:09:27.441  1374  1376 D dalvikvm: GC_CONCURRENT freed 402K, 7% free 10164K/10823K, paused 3ms+6ms
06-08 14:09:41.832   150   161 D AlarmManagerService: Kernel timezone updated to 240 minutes west of GMT
06-08 14:09:41.097   150   167 I ActivityManager: Start proc com.android.calendar for broadcast com.android.calendar/.widget.CalendarAppWidgetService$CalendarFactory: pid=1850 uid=10005 gids={3003}
06-08 14:09:41.847   474   474 D SystemClock: Setting time of day to sec=1339178981
06-08 14:09:41.171  1850  1850 I ActivityThread: Pub com.android.calendar.CalendarRecentSuggestionsProvider: com.android.calendar.CalendarRecentSuggestionsProvider
06-08 14:09:41.241   150   161 I ActivityManager: Start proc com.android.deskclock for broadcast com.android.deskclock/.AlarmInitReceiver: pid=1866 uid=10011 gids={}
06-08 14:09:41.276   150   491 I ActivityManager: Start proc com.android.providers.calendar for content provider com.android.providers.calendar/.CalendarProvider2: pid=1878 uid=10006 gids={3003, 1015}
06-08 14:09:41.308   150   162 I ActivityManager: No longer want com.google.android.talk (pid 1518): hidden #16
06-08 14:09:41.319  1866  1866 I ActivityThread: Pub com.android.deskclock: com.android.deskclock.AlarmProvider
06-08 14:09:41.362  1878  1878 I ActivityThread: Pub com.android.calendar: com.android.providers.calendar.CalendarProvider2
06-08 14:09:41.390   150   203 I ActivityManager: Displayed com.android.vending/com.google.android.finsky.activities.TosActivity: +54s573ms (total +2m14s990ms)
06-08 14:09:41.401  1866  1894 V AlarmClock: AlarmInitReceiver finished
06-08 14:09:41.448   150   150 I ActivityManager: No longer want com.android.settings (pid 1121): hidden #16
06-08 14:09:42.519  1878  1878 I CalendarProvider2: Sending notification intent: Intent { act=android.intent.action.PROVIDER_CHANGED dat=content://com.android.calendar }
06-08 14:09:42.530  1878  1878 W ContentResolver: Failed to get type for: content://com.android.calendar (Unknown URL content://com.android.calendar)
06-08 14:09:51.562   150  1492 D AlarmManagerService: Kernel timezone updated to 240 minutes west of GMT
06-08 14:09:55.687  1284  1351 I PhoneLab-: Service Running
06-08 14:09:55.765  1284  1351 I PhoneLab-LoggerService: app_38    1355  1284  1836   1464  c00f181c 400107b4 S logcat
06-08 14:09:55.765  1284  1351 I PhoneLab-LoggerService: Logcat pid from database 1355
06-08 14:09:55.765  1284  1351 I PhoneLab-LoggerService: Logcat process found 1355
06-08 14:09:55.765  1284  1351 I PhoneLab-LoggerService: Checking Threshold
06-08 14:09:55.765  1284  1351 I PhoneLab-LoggerService: Starting to rename files
06-08 14:09:55.765  1284  1351 I PhoneLab-LoggerService: Files found .. 2
06-08 14:10:00.323  1374  1376 D dalvikvm: GC_CONCURRENT freed 400K, 6% free 10178K/10823K, paused 2ms+3ms
06-08 14:10:00.394  1374  1748 D dalvikvm: GC_FOR_ALLOC freed 303K, 7% free 10173K/10823K, paused 18ms
06-08 14:10:00.468  1374  1748 D dalvikvm: GC_FOR_ALLOC freed 227K, 7% free 10138K/10823K, paused 21ms
06-08 14:10:00.691  1374  1376 D dalvikvm: GC_CONCURRENT freed 377K, 7% free 10158K/10823K, paused 2ms+3ms
06-08 14:10:00.964  1374  1376 D dalvikvm: GC_CONCURRENT freed 394K, 7% free 10154K/10823K, paused 2ms+3ms
06-08 14:10:01.714  1374  1376 D dalvikvm: GC_CONCURRENT freed 368K, 6% free 10176K/10823K, paused 2ms+3ms
06-08 14:10:02.210  1374  1376 D dalvikvm: GC_CONCURRENT freed 391K, 7% free 10172K/10823K, paused 2ms+3ms
06-08 14:10:02.452  1374  1376 D dalvikvm: GC_CONCURRENT freed 414K, 7% free 10160K/10823K, paused 2ms+3ms
06-08 14:10:02.745  1374  1376 D dalvikvm: GC_CONCURRENT freed 399K, 7% free 10151K/10823K, paused 1ms+4ms
06-08 14:10:02.878  1374  1376 D dalvikvm: GC_CONCURRENT freed 400K, 7% free 10143K/10823K, paused 2ms+3ms
06-08 14:10:03.023  1374  1376 D dalvikvm: GC_CONCURRENT freed 401K, 7% free 10144K/10823K, paused 2ms+2ms
06-08 14:10:03.495  1374  1376 D dalvikvm: GC_CONCURRENT freed 360K, 7% free 10170K/10823K, paused 7ms+3ms
06-08 14:10:03.972  1374  1376 D dalvikvm: GC_CONCURRENT freed 412K, 6% free 10179K/10823K, paused 2ms+4ms
06-08 14:10:05.233  1374  1376 D dalvikvm: GC_CONCURRENT freed 401K, 6% free 10193K/10823K, paused 2ms+3ms
06-08 14:10:05.292  1374  1748 D dalvikvm: GC_FOR_ALLOC freed 211K, 6% free 10188K/10823K, paused 18ms
06-08 14:10:05.343  1374  1748 D dalvikvm: GC_FOR_ALLOC freed 295K, 7% free 10128K/10823K, paused 18ms
06-08 14:10:05.608  1374  1376 D dalvikvm: GC_CONCURRENT freed 370K, 7% free 10152K/10823K, paused 7ms+3ms
06-08 14:10:05.718  1374  1376 D dalvikvm: GC_CONCURRENT freed 406K, 7% free 10135K/10823K, paused 1ms+3ms
06-08 14:10:05.976  1374  1376 D dalvikvm: GC_CONCURRENT freed 401K, 7% free 10159K/10823K, paused 2ms+2ms
06-08 14:10:06.058  1374  1748 D dalvikvm: GC_FOR_ALLOC freed 347K, 7% free 10168K/10823K, paused 18ms
06-08 14:10:06.108  1374  1748 D dalvikvm: GC_FOR_ALLOC freed 268K, 7% free 10134K/10823K, paused 18ms
06-08 14:10:06.163  1374  1748 D dalvikvm: GC_FOR_ALLOC freed 250K, 7% free 10155K/10823K, paused 18ms
06-08 14:10:06.394  1374  1748 D dalvikvm: GC_EXPLICIT freed 213K, 7% free 10140K/10823K, paused 3ms+3ms
06-08 14:10:06.398  1374  1748 I Gmail   : MainSyncRequestProto: lowestBkwdConvoId: 0, highestHandledServerOp: 2642720, normalSync: true
06-08 14:10:06.413  1374  1748 W Gmail   : Scheduling index for 300000 ms from now
06-08 14:10:06.433  1374  1748 I Gmail   : Sending notification intent: Intent { act=android.intent.action.PROVIDER_CHANGED dat=content://gmail-ls/unread/^i (has extras) }
06-08 14:10:06.495  1374  1748 I Gmail   : Sending notification intent: Intent { act=android.intent.action.PROVIDER_CHANGED dat=content://gmail-ls/unread/^iim (has extras) }
06-08 14:10:06.511  1374  1902 W Gmail   : Showing notification with unreadCount of 14 and unseenCount of 9
06-08 14:10:06.733   391   393 D dalvikvm: GC_CONCURRENT freed 297K, 5% free 9775K/10247K, paused 1ms+4ms
06-08 14:10:06.753   391   391 D dalvikvm: GC_FOR_ALLOC freed 35K, 5% free 9740K/10247K, paused 18ms
06-08 14:10:06.753   391   391 I dalvikvm-heap: Grow heap (frag case) to 9.749MB for 180496-byte allocation
06-08 14:10:06.792   391   391 D dalvikvm: GC_FOR_ALLOC freed <1K, 6% free 9916K/10439K, paused 31ms
06-08 14:10:06.862   391   391 D dalvikvm: GC_FOR_ALLOC freed 272K, 7% free 9740K/10439K, paused 27ms
06-08 14:10:06.898   150  1904 I AudioService:  AudioFocus  requestAudioFocus() from android.media.AudioManager@415b6328
06-08 14:10:06.913   150   195 I ActivityManager: Start proc com.google.android.syncadapters.calendar for service com.google.android.syncadapters.calendar/.CalendarSyncAdapterService: pid=1905 uid=10020 gids={3003}
06-08 14:10:06.937    82   122 D AudioHardware: AudioHardware pcm playback is exiting standby.
06-08 14:10:06.937    82   122 D AudioHardware: openPcmOut_l() mPcmOpenCnt: 0
06-08 14:10:07.054  1327  1327 D OpenGLRenderer: Flushing caches (mode 1)
06-08 14:10:07.116  1327  1327 D OpenGLRenderer: Flushing caches (mode 1)
06-08 14:10:07.163  1878  1880 D dalvikvm: GC_CONCURRENT freed 365K, 5% free 9168K/9607K, paused 3ms+7ms
06-08 14:10:07.409   150   153 D dalvikvm: GC_CONCURRENT freed 975K, 10% free 13682K/15047K, paused 3ms+4ms
06-08 14:10:07.464  1766  1928 I DownloadManager: Initiating request for download 2
06-08 14:10:08.085  1327  1327 D OpenGLRenderer: Flushing caches (mode 1)
06-08 14:10:08.230  1905  1908 D dalvikvm: GC_CONCURRENT freed 353K, 6% free 9125K/9607K, paused 2ms+2ms
06-08 14:10:08.753  1766  1769 D dalvikvm: GC_CONCURRENT freed 454K, 6% free 9344K/9927K, paused 1ms+3ms
06-08 14:10:08.819   150  1904 I AudioService:  AudioFocus  abandonAudioFocus() from android.media.AudioManager@415b6328
06-08 14:10:09.726   391   391 D dalvikvm: GC_FOR_ALLOC freed 174K, 6% free 9855K/10439K, paused 62ms
06-08 14:10:10.237  1327  1327 D OpenGLRenderer: Flushing caches (mode 1)
06-08 14:10:10.343  1766  1937 I DownloadManager: deleting /data/data/com.android.providers.downloads/cache/downloadfile.jpeg
06-08 14:10:10.468  1766  1939 I DownloadManager: Initiating request for download 3
06-08 14:10:11.144  1905  1908 D dalvikvm: GC_CONCURRENT freed 334K, 5% free 9203K/9671K, paused 2ms+2ms
06-08 14:10:11.909    82   122 D AudioHardware: AudioHardware pcm playback is going to standby.
06-08 14:10:11.909    82   122 D AudioHardware: closePcmOut_l() mPcmOpenCnt: 1
06-08 14:10:12.464  1766  1769 D dalvikvm: GC_CONCURRENT freed 386K, 6% free 9343K/9927K, paused 1ms+3ms
06-08 14:10:14.296  1327  1327 D OpenGLRenderer: Flushing caches (mode 1)
06-08 14:10:14.374   150   563 D dalvikvm: GC_EXPLICIT freed 561K, 10% free 13667K/15047K, paused 3ms+5ms
06-08 14:10:14.464  1327  1327 D OpenGLRenderer: Flushing caches (mode 1)
06-08 14:10:14.558  1766  1950 I DownloadManager: deleting /data/data/com.android.providers.downloads/cache/downloadfile.jpeg
06-08 14:10:14.702  1766  1952 I DownloadManager: Initiating request for download 4
06-08 14:10:14.745  1766  1950 D dalvikvm: GC_EXPLICIT freed 217K, 7% free 9291K/9927K, paused 4ms+3ms
06-08 14:10:15.913   694   697 D dalvikvm: GC_CONCURRENT freed 319K, 14% free 10333K/11911K, paused 2ms+2ms
06-08 14:10:17.394  1374  1376 D dalvikvm: GC_CONCURRENT freed 343K, 6% free 10204K/10823K, paused 5ms+4ms
06-08 14:10:17.456  1327  1327 D OpenGLRenderer: Flushing caches (mode 1)
06-08 14:10:17.472  1766  1957 I DownloadManager: deleting /data/data/com.android.providers.downloads/cache/downloadfile.jpeg
06-08 14:10:17.710  1766  1959 I DownloadManager: Initiating request for download 5
06-08 14:10:19.855   694  1942 D dalvikvm: GC_EXPLICIT freed 215K, 13% free 10476K/11911K, paused 2ms+4ms
06-08 14:10:20.066  1441  1443 D dalvikvm: GC_CONCURRENT freed 405K, 5% free 10731K/11207K, paused 2ms+8ms
06-08 14:10:20.112  1441  1453 D dalvikvm: GC_EXPLICIT freed 101K, 6% free 10629K/11207K, paused 5ms+4ms
06-08 14:10:20.409  1441  1961 D dalvikvm: GC_FOR_ALLOC freed 435K, 5% free 10763K/11271K, paused 20ms
06-08 14:10:20.554   150   559 D dalvikvm: GC_EXPLICIT freed 297K, 10% free 13664K/15047K, paused 3ms+4ms
06-08 14:10:20.784  1441  1443 D dalvikvm: GC_CONCURRENT freed 338K, 3% free 10987K/11271K, paused 2ms+6ms
06-08 14:10:20.843  1441  1453 D dalvikvm: GC_EXPLICIT freed 330K, 6% free 10672K/11271K, paused 3ms+4ms
06-08 14:10:21.019   694  1943 D dalvikvm: GC_EXPLICIT freed 258K, 12% free 10548K/11911K, paused 2ms+4ms
06-08 14:10:21.198  1441  1452 D dalvikvm: GC_EXPLICIT freed 495K, 6% free 10707K/11335K, paused 1ms+4ms
06-08 14:10:21.546  1441  1443 D dalvikvm: GC_CONCURRENT freed 528K, 6% free 10734K/11399K, paused 1ms+4ms
06-08 14:10:21.804   150   563 D dalvikvm: GC_EXPLICIT freed 185K, 10% free 13652K/15047K, paused 3ms+5ms
06-08 14:10:21.870  1441  1962 D dalvikvm: GC_EXPLICIT freed 429K, 6% free 10735K/11399K, paused 2ms+4ms
06-08 14:10:22.448  1441  1443 D dalvikvm: GC_CONCURRENT freed 536K, 6% free 10797K/11399K, paused 2ms+4ms
06-08 14:10:22.597  1169  1964 D PicasaSyncService: start to perform sync on steven.y.ko@gmail.com
06-08 14:10:22.612  1169  1187 V PicasaContentProvider: querySettings: defaults: {sync_on_wifi_only=1, auto_upload_account_type=null, sync_on_battery=1, sync_picasa_on_wifi_only=1, auto_upload_enabled=0, video_upload_wifi_only=1, sync_on_roaming=0, auto_upload_account_name=null}
06-08 14:10:22.612  1169  1187 D PicasaSyncManager: reject MetadataSyncTask (steven.y.ko@gmail.com) for wifi connection
06-08 14:10:22.628  1169  1964 D PicasaSyncService: sync finished - false
06-08 14:10:22.655  1169  1187 V PicasaContentProvider: querySettings: defaults: {sync_on_wifi_only=1, auto_upload_account_type=null, sync_on_battery=1, sync_picasa_on_wifi_only=1, auto_upload_enabled=0, video_upload_wifi_only=1, sync_on_roaming=0, auto_upload_account_name=null}
06-08 14:10:22.663  1169  1187 D PicasaSyncManager: reject MetadataSyncTask (steven.y.ko@gmail.com) for wifi connection
06-08 14:10:22.691  1327  1327 D OpenGLRenderer: Flushing caches (mode 1)
06-08 14:10:22.757   694   697 D dalvikvm: GC_CONCURRENT freed 576K, 14% free 10361K/11911K, paused 5ms+4ms
06-08 14:10:24.526   694   697 D dalvikvm: GC_CONCURRENT freed 375K, 13% free 10378K/11911K, paused 2ms+3ms
06-08 14:10:27.241  1766  1769 D dalvikvm: GC_CONCURRENT freed 380K, 7% free 9297K/9927K, paused 14ms+2ms
06-08 14:10:28.714   694   697 D dalvikvm: GC_CONCURRENT freed 340K, 13% free 10431K/11911K, paused 2ms+6ms
06-08 14:10:28.948  1327  1327 D OpenGLRenderer: Flushing caches (mode 1)
06-08 14:10:29.015  1766  1970 I DownloadManager: deleting /data/data/com.android.providers.downloads/cache/downloadfile.jpeg
06-08 14:10:29.210  1766  1972 I DownloadManager: Initiating request for download 6
06-08 14:10:30.546   694   705 D dalvikvm: GC_EXPLICIT freed 214K, 13% free 10390K/11911K, paused 3ms+4ms
06-08 14:10:30.550  1766  1769 D dalvikvm: GC_CONCURRENT freed 384K, 7% free 9307K/9927K, paused 2ms+3ms
06-08 14:10:30.773  1327  1327 D OpenGLRenderer: Flushing caches (mode 1)
06-08 14:10:32.749  1327  1327 D OpenGLRenderer: Flushing caches (mode 1)
06-08 14:10:32.800  1766  1981 I DownloadManager: deleting /data/data/com.android.providers.downloads/cache/downloadfile.jpeg
06-08 14:10:32.983  1766  1983 I DownloadManager: Initiating request for download 7
06-08 14:10:33.409   694  1985 D ContactsSyncAdapter: resuming download from index 998, id http://www.google.com/m8/feeds/contacts/steven.y.ko%40gmail.com/base/793a30368a7c8b2d
06-08 14:10:34.437  1766  1769 D dalvikvm: GC_CONCURRENT freed 378K, 7% free 9320K/9927K, paused 6ms+5ms
06-08 14:10:34.515   694   697 D dalvikvm: GC_CONCURRENT freed 325K, 13% free 10468K/11911K, paused 2ms+2ms
06-08 14:10:34.874   565   567 D dalvikvm: GC_CONCURRENT freed 679K, 9% free 9722K/10631K, paused 2ms+2ms
06-08 14:10:34.901   694   697 D dalvikvm: GC_CONCURRENT freed 224K, 11% free 10638K/11911K, paused 3ms+3ms
06-08 14:10:35.198   150   161 D dalvikvm: GC_EXPLICIT freed 437K, 10% free 13669K/15047K, paused 3ms+5ms
06-08 14:10:35.331   565   567 D dalvikvm: GC_CONCURRENT freed 191K, 7% free 9919K/10631K, paused 3ms+5ms
06-08 14:10:35.898   694   697 D dalvikvm: GC_CONCURRENT freed 146K, 9% free 10928K/11911K, paused 1ms+2ms
06-08 14:10:36.269   565   567 D dalvikvm: GC_CONCURRENT freed 351K, 7% free 9960K/10631K, paused 2ms+2ms
06-08 14:10:36.437   565   567 D dalvikvm: GC_CONCURRENT freed 375K, 7% free 9986K/10631K, paused 2ms+2ms
06-08 14:10:36.679   565   567 D dalvikvm: GC_CONCURRENT freed 351K, 6% free 10034K/10631K, paused 1ms+2ms
06-08 14:10:37.437   565   567 D dalvikvm: GC_CONCURRENT freed 803K, 10% free 9631K/10631K, paused 2ms+2ms
06-08 14:10:37.577   565   567 D dalvikvm: GC_CONCURRENT freed 131K, 7% free 9897K/10631K, paused 2ms+2ms
06-08 14:10:37.753   565   567 D dalvikvm: GC_CONCURRENT freed 308K, 7% free 9984K/10631K, paused 1ms+2ms
06-08 14:10:37.917   565   567 D dalvikvm: GC_CONCURRENT freed 376K, 6% free 9996K/10631K, paused 2ms+3ms
06-08 14:10:37.948   565   634 D dalvikvm: GC_EXPLICIT freed 61K, 7% free 9935K/10631K, paused 2ms+2ms
06-08 14:10:38.155   565   567 D dalvikvm: GC_CONCURRENT freed 290K, 6% free 10042K/10631K, paused 2ms+2ms
06-08 14:10:38.437   565   567 D dalvikvm: GC_CONCURRENT freed 351K, 6% free 10078K/10631K, paused 1ms+2ms
06-08 14:10:40.898   694   697 D dalvikvm: GC_CONCURRENT freed 457K, 8% free 11022K/11911K, paused 2ms+3ms
06-08 14:10:40.972  1878  1878 I CalendarProvider2: Sending notification intent: Intent { act=android.intent.action.PROVIDER_CHANGED dat=content://com.android.calendar }
06-08 14:10:40.972  1878  1878 W ContentResolver: Failed to get type for: content://com.android.calendar (Unknown URL content://com.android.calendar)
06-08 14:10:41.112   565   567 D dalvikvm: GC_CONCURRENT freed 675K, 8% free 9860K/10631K, paused 2ms+3ms
06-08 14:10:41.331   565   567 D dalvikvm: GC_CONCURRENT freed 255K, 6% free 10002K/10631K, paused 8ms+3ms
06-08 14:10:41.558   565   567 D dalvikvm: GC_CONCURRENT freed 367K, 6% free 10029K/10631K, paused 2ms+3ms
06-08 14:10:41.780   565   567 D dalvikvm: GC_CONCURRENT freed 361K, 6% free 10054K/10631K, paused 2ms+5ms
06-08 14:10:41.944  1327  1327 D OpenGLRenderer: Flushing caches (mode 1)
06-08 14:10:42.105  1766  1992 I DownloadManager: deleting /data/data/com.android.providers.downloads/cache/downloadfile.jpeg
06-08 14:10:42.116  1766  1993 I DownloadManager: Initiating request for download 8
06-08 14:10:42.171   565   634 D dalvikvm: GC_FOR_ALLOC freed 330K, 6% free 10122K/10695K, paused 21ms
06-08 14:10:42.444   565   567 D dalvikvm: GC_CONCURRENT freed 394K, 5% free 10169K/10695K, paused 2ms+3ms
06-08 14:10:43.319  1766  1769 D dalvikvm: GC_CONCURRENT freed 379K, 7% free 9331K/9927K, paused 2ms+3ms
06-08 14:10:44.823   694   697 D dalvikvm: GC_CONCURRENT freed 643K, 9% free 10933K/11911K, paused 2ms+4ms
06-08 14:10:44.995  1327  1327 D OpenGLRenderer: Flushing caches (mode 1)
06-08 14:10:45.019  1766  2000 I DownloadManager: deleting /data/data/com.android.providers.downloads/cache/downloadfile.jpeg
06-08 14:10:45.128   565   567 D dalvikvm: GC_CONCURRENT freed 734K, 8% free 9865K/10695K, paused 2ms+4ms
06-08 14:10:45.269   150   162 D dalvikvm: GC_EXPLICIT freed 349K, 10% free 13673K/15047K, paused 2ms+4ms
06-08 14:10:45.288  1766  2002 I DownloadManager: Initiating request for download 9
06-08 14:10:45.448   565   567 D dalvikvm: GC_CONCURRENT freed 291K, 7% free 9964K/10695K, paused 1ms+2ms
06-08 14:10:45.616   565   567 D dalvikvm: GC_CONCURRENT freed 368K, 7% free 9985K/10695K, paused 2ms+2ms
06-08 14:10:45.819   565   567 D dalvikvm: GC_CONCURRENT freed 349K, 7% free 10026K/10695K, paused 2ms+3ms
06-08 14:10:46.089   565   567 D dalvikvm: GC_CONCURRENT freed 348K, 6% free 10070K/10695K, paused 2ms+3ms
06-08 14:10:46.964  1766  1769 D dalvikvm: GC_CONCURRENT freed 392K, 7% free 9324K/9927K, paused 30ms+3ms
06-08 14:10:48.425   694   697 D dalvikvm: GC_CONCURRENT freed 639K, 9% free 10860K/11911K, paused 2ms+3ms
06-08 14:10:48.589   565   567 D dalvikvm: GC_CONCURRENT freed 686K, 9% free 9807K/10695K, paused 2ms+2ms
06-08 14:10:48.792  1327  1327 D OpenGLRenderer: Flushing caches (mode 1)
06-08 14:10:48.819  1766  2008 I DownloadManager: deleting /data/data/com.android.providers.downloads/cache/downloadfile.jpeg
06-08 14:10:48.952   565   567 D dalvikvm: GC_CONCURRENT freed 241K, 7% free 9960K/10695K, paused 1ms+3ms
06-08 14:10:48.987  1766  2010 I DownloadManager: Initiating request for download 10
06-08 14:10:49.140   565   567 D dalvikvm: GC_CONCURRENT freed 352K, 7% free 9999K/10695K, paused 1ms+2ms
06-08 14:10:49.319   565   567 D dalvikvm: GC_CONCURRENT freed 374K, 7% free 10017K/10695K, paused 2ms+2ms
06-08 14:10:49.562   565   567 D dalvikvm: GC_CONCURRENT freed 325K, 6% free 10084K/10695K, paused 1ms+3ms
06-08 14:10:51.667   694   697 D dalvikvm: GC_CONCURRENT freed 513K, 9% free 10892K/11911K, paused 2ms+4ms
06-08 14:10:51.749   565   567 D dalvikvm: GC_CONCURRENT freed 830K, 10% free 9646K/10695K, paused 1ms+8ms
06-08 14:10:51.886   565   567 D dalvikvm: GC_CONCURRENT freed 138K, 8% free 9896K/10695K, paused 2ms+2ms
06-08 14:10:52.062   565   567 D dalvikvm: GC_CONCURRENT freed 300K, 7% free 9988K/10695K, paused 2ms+3ms
06-08 14:10:52.230   565   567 D dalvikvm: GC_CONCURRENT freed 379K, 7% free 10004K/10695K, paused 1ms+3ms
06-08 14:10:52.444   565   567 D dalvikvm: GC_CONCURRENT freed 349K, 7% free 10052K/10695K, paused 2ms+2ms
06-08 14:10:52.773   565   567 D dalvikvm: GC_CONCURRENT freed 349K, 6% free 10090K/10695K, paused 2ms+3ms
06-08 14:10:53.921   694   697 D dalvikvm: GC_CONCURRENT freed 510K, 9% free 10915K/11911K, paused 2ms+3ms
06-08 14:10:54.054   565   567 D dalvikvm: GC_CONCURRENT freed 683K, 9% free 9829K/10695K, paused 1ms+2ms
06-08 14:10:54.265   565   567 D dalvikvm: GC_CONCURRENT freed 252K, 7% free 9971K/10695K, paused 1ms+3ms
06-08 14:10:54.425   150  1492 D dalvikvm: GC_EXPLICIT freed 264K, 10% free 13672K/15047K, paused 3ms+4ms
06-08 14:10:54.491   565   567 D dalvikvm: GC_CONCURRENT freed 360K, 7% free 10001K/10695K, paused 2ms+3ms
06-08 14:10:54.687   565   567 D dalvikvm: GC_CONCURRENT freed 363K, 7% free 10036K/10695K, paused 2ms+2ms
06-08 14:10:54.964   565   567 D dalvikvm: GC_CONCURRENT freed 346K, 6% free 10080K/10695K, paused 1ms+2ms
06-08 14:10:56.683   694   697 D dalvikvm: GC_CONCURRENT freed 499K, 9% free 10950K/11911K, paused 2ms+3ms
06-08 14:10:56.788   565   567 D dalvikvm: GC_CONCURRENT freed 708K, 9% free 9794K/10695K, paused 2ms+2ms
06-08 14:10:56.968   565   567 D dalvikvm: GC_CONCURRENT freed 228K, 7% free 9965K/10695K, paused 1ms+2ms
06-08 14:10:57.136   565   567 D dalvikvm: GC_CONCURRENT freed 358K, 7% free 10003K/10695K, paused 2ms+2ms
06-08 14:10:57.323   565   567 D dalvikvm: GC_CONCURRENT freed 365K, 7% free 10030K/10695K, paused 2ms+2ms
06-08 14:10:57.554   565   567 D dalvikvm: GC_CONCURRENT freed 338K, 6% free 10086K/10695K, paused 2ms+2ms
06-08 14:10:57.601   565   572 I dalvikvm: Jit: resizing JitTable from 4096 to 8192
06-08 14:10:57.952   565   567 D dalvikvm: GC_CONCURRENT freed 376K, 6% free 10094K/10695K, paused 2ms+3ms
06-08 14:10:59.847  1766  2010 W DownloadManager: Aborting request for download 10: while trying to execute request: javax.net.ssl.SSLException: Connection closed by peer
06-08 14:11:00.116  1766  1769 D dalvikvm: GC_CONCURRENT freed 426K, 7% free 9291K/9927K, paused 1ms+3ms
06-08 14:11:00.124   150  1492 I ActivityManager: No longer want com.android.provision (pid 1588): hidden #16
06-08 14:11:00.304   694   697 D dalvikvm: GC_CONCURRENT freed 504K, 8% free 10963K/11911K, paused 2ms+3ms
06-08 14:11:00.390   565   567 D dalvikvm: GC_CONCURRENT freed 630K, 8% free 9915K/10695K, paused 2ms+3ms
06-08 14:11:00.628   565   567 D dalvikvm: GC_CONCURRENT freed 322K, 7% free 9984K/10695K, paused 2ms+2ms
06-08 14:11:00.812   565   567 D dalvikvm: GC_CONCURRENT freed 366K, 7% free 10008K/10695K, paused 2ms+3ms
06-08 14:11:00.995   565   567 D dalvikvm: GC_CONCURRENT freed 343K, 7% free 10054K/10695K, paused 2ms+2ms
06-08 14:11:01.265   565   567 D dalvikvm: GC_CONCURRENT freed 345K, 6% free 10103K/10695K, paused 2ms+3ms
06-08 14:11:02.105   565   577 D dalvikvm: GC_EXPLICIT freed 721K, 11% free 9574K/10695K, paused 1ms+7ms
06-08 14:11:02.226   565   567 D dalvikvm: GC_CONCURRENT freed 96K, 8% free 9902K/10695K, paused 2ms+3ms
06-08 14:11:02.464   565   567 D dalvikvm: GC_CONCURRENT freed 304K, 7% free 9992K/10695K, paused 1ms+3ms
06-08 14:11:02.632   565   567 D dalvikvm: GC_CONCURRENT freed 374K, 7% free 10012K/10695K, paused 2ms+2ms
06-08 14:11:02.831   565   567 D dalvikvm: GC_CONCURRENT freed 367K, 7% free 10047K/10695K, paused 2ms+3ms
06-08 14:11:03.093   565   567 D dalvikvm: GC_CONCURRENT freed 336K, 6% free 10105K/10695K, paused 2ms+4ms
06-08 14:11:04.706   694   697 D dalvikvm: GC_CONCURRENT freed 482K, 7% free 11081K/11911K, paused 2ms+3ms
06-08 14:11:04.866   565   567 D dalvikvm: GC_CONCURRENT freed 772K, 9% free 9757K/10695K, paused 2ms+3ms
06-08 14:11:05.054   565   567 D dalvikvm: GC_CONCURRENT freed 218K, 8% free 9930K/10695K, paused 1ms+2ms
06-08 14:11:05.222   565   567 D dalvikvm: GC_CONCURRENT freed 343K, 7% free 9982K/10695K, paused 2ms+3ms
06-08 14:11:05.386   565   567 D dalvikvm: GC_CONCURRENT freed 368K, 7% free 10007K/10695K, paused 2ms+2ms
06-08 14:11:05.675   565   567 D dalvikvm: GC_CONCURRENT freed 339K, 6% free 10069K/10695K, paused 1ms+3ms
06-08 14:11:07.694   694   697 D dalvikvm: GC_CONCURRENT freed 808K, 9% free 10883K/11911K, paused 2ms+3ms
06-08 14:11:07.835   565   567 D dalvikvm: GC_CONCURRENT freed 737K, 9% free 9757K/10695K, paused 2ms+3ms
06-08 14:11:07.972   150  1492 D dalvikvm: GC_EXPLICIT freed 452K, 10% free 13670K/15047K, paused 2ms+5ms
06-08 14:11:08.066   565   567 D dalvikvm: GC_CONCURRENT freed 215K, 8% free 9930K/10695K, paused 1ms+2ms
06-08 14:11:08.233   565   567 D dalvikvm: GC_CONCURRENT freed 352K, 7% free 9978K/10695K, paused 2ms+2ms
06-08 14:11:08.409   565   567 D dalvikvm: GC_CONCURRENT freed 381K, 7% free 9993K/10695K, paused 2ms+2ms
06-08 14:11:08.667   565   567 D dalvikvm: GC_CONCURRENT freed 331K, 7% free 10048K/10695K, paused 1ms+3ms
06-08 14:11:11.007   150  1492 D AlarmManagerService: Kernel timezone updated to 240 minutes west of GMT
06-08 14:11:11.116   694   697 D dalvikvm: GC_CONCURRENT freed 498K, 9% free 10919K/11911K, paused 5ms+3ms
06-08 14:11:11.222   565   567 D dalvikvm: GC_CONCURRENT freed 779K, 10% free 9692K/10695K, paused 2ms+3ms
06-08 14:11:11.355   565   567 D dalvikvm: GC_CONCURRENT freed 138K, 7% free 9948K/10695K, paused 1ms+2ms
06-08 14:11:11.538   565   567 D dalvikvm: GC_CONCURRENT freed 325K, 7% free 10021K/10695K, paused 1ms+2ms
06-08 14:11:11.706   565   567 D dalvikvm: GC_CONCURRENT freed 373K, 7% free 10048K/10695K, paused 1ms+3ms
06-08 14:11:11.921   565   567 D dalvikvm: GC_CONCURRENT freed 352K, 6% free 10085K/10695K, paused 1ms+3ms
06-08 14:11:12.202   565   567 D dalvikvm: GC_CONCURRENT freed 347K, 6% free 10128K/10695K, paused 2ms+3ms
06-08 14:11:13.921   694   697 D dalvikvm: GC_CONCURRENT freed 532K, 9% free 10935K/11911K, paused 2ms+3ms
06-08 14:11:14.054   565   567 D dalvikvm: GC_CONCURRENT freed 726K, 8% free 9873K/10695K, paused 2ms+2ms
06-08 14:11:14.261   565   567 D dalvikvm: GC_CONCURRENT freed 259K, 7% free 10004K/10695K, paused 2ms+3ms
06-08 14:11:14.441   565   567 D dalvikvm: GC_CONCURRENT freed 363K, 7% free 10030K/10695K, paused 1ms+2ms
06-08 14:11:14.608   565   567 D dalvikvm: GC_CONCURRENT freed 357K, 6% free 10060K/10695K, paused 1ms+3ms
06-08 14:11:14.866   565   576 D dalvikvm: GC_FOR_ALLOC freed 317K, 6% free 10116K/10695K, paused 19ms
06-08 14:11:16.839   694   697 D dalvikvm: GC_CONCURRENT freed 530K, 8% free 10961K/11911K, paused 2ms+3ms
06-08 14:11:16.937   565   567 D dalvikvm: GC_CONCURRENT freed 814K, 9% free 9782K/10695K, paused 2ms+3ms
06-08 14:11:17.097   565   567 D dalvikvm: GC_CONCURRENT freed 187K, 7% free 9989K/10695K, paused 2ms+2ms
06-08 14:11:17.273   565   567 D dalvikvm: GC_CONCURRENT freed 340K, 7% free 10044K/10695K, paused 2ms+2ms
06-08 14:11:17.437   565   567 D dalvikvm: GC_CONCURRENT freed 362K, 6% free 10074K/10695K, paused 2ms+3ms
06-08 14:11:17.679   565   567 D dalvikvm: GC_CONCURRENT freed 350K, 6% free 10124K/10695K, paused 1ms+3ms
06-08 14:11:19.683   694   697 D dalvikvm: GC_CONCURRENT freed 538K, 8% free 10962K/11911K, paused 2ms+4ms
06-08 14:11:19.776   565   567 D dalvikvm: GC_CONCURRENT freed 902K, 10% free 9686K/10695K, paused 2ms+3ms
06-08 14:11:19.913   565   567 D dalvikvm: GC_CONCURRENT freed 136K, 8% free 9940K/10695K, paused 1ms+2ms
06-08 14:11:20.105   565   567 D dalvikvm: GC_CONCURRENT freed 313K, 7% free 10018K/10695K, paused 1ms+2ms
06-08 14:11:20.261   150   150 D dalvikvm: GC_EXPLICIT freed 212K, 10% free 13662K/15047K, paused 3ms+4ms
06-08 14:11:20.331   565   567 D dalvikvm: GC_CONCURRENT freed 369K, 7% free 10041K/10695K, paused 2ms+2ms
06-08 14:11:20.530   565   567 D dalvikvm: GC_CONCURRENT freed 370K, 6% free 10068K/10695K, paused 2ms+2ms
06-08 14:11:20.823   565   567 D dalvikvm: GC_CONCURRENT freed 340K, 6% free 10125K/10695K, paused 1ms+2ms
06-08 14:11:23.159   565   634 D dalvikvm: GC_EXPLICIT freed 747K, 11% free 9576K/10695K, paused 2ms+7ms
06-08 14:11:23.288   565   567 D dalvikvm: GC_CONCURRENT freed 76K, 8% free 9892K/10695K, paused 2ms+2ms
06-08 14:11:23.468   565   567 D dalvikvm: GC_CONCURRENT freed 309K, 7% free 9976K/10695K, paused 2ms+2ms
06-08 14:11:23.636   565   567 D dalvikvm: GC_CONCURRENT freed 370K, 7% free 9995K/10695K, paused 2ms+3ms
06-08 14:11:23.835   565   567 D dalvikvm: GC_CONCURRENT freed 403K, 7% free 9988K/10695K, paused 1ms+2ms
06-08 14:11:24.140   565   567 D dalvikvm: GC_CONCURRENT freed 315K, 6% free 10071K/10695K, paused 2ms+3ms
06-08 14:11:26.523   694   697 D dalvikvm: GC_CONCURRENT freed 499K, 8% free 11026K/11911K, paused 2ms+3ms
06-08 14:11:26.698   565   567 D dalvikvm: GC_CONCURRENT freed 720K, 9% free 9775K/10695K, paused 1ms+4ms
06-08 14:11:26.882   565   567 D dalvikvm: GC_CONCURRENT freed 208K, 7% free 9953K/10695K, paused 2ms+2ms
06-08 14:11:27.050   565   567 D dalvikvm: GC_CONCURRENT freed 349K, 7% free 10005K/10695K, paused 2ms+2ms
06-08 14:11:27.226   565   567 D dalvikvm: GC_CONCURRENT freed 372K, 7% free 10028K/10695K, paused 2ms+2ms
06-08 14:11:27.503   565   567 D dalvikvm: GC_CONCURRENT freed 337K, 6% free 10084K/10695K, paused 2ms+3ms
06-08 14:11:30.015   694   697 D dalvikvm: GC_CONCURRENT freed 756K, 9% free 10840K/11911K, paused 2ms+3ms
06-08 14:11:30.167   565   567 D dalvikvm: GC_CONCURRENT freed 806K, 10% free 9703K/10695K, paused 2ms+3ms
06-08 14:11:30.316   565   567 D dalvikvm: GC_CONCURRENT freed 172K, 8% free 9925K/10695K, paused 2ms+2ms
06-08 14:11:30.480   565   567 D dalvikvm: GC_CONCURRENT freed 318K, 7% free 9993K/10695K, paused 2ms+3ms
06-08 14:11:30.655   565   567 D dalvikvm: GC_CONCURRENT freed 368K, 7% free 10019K/10695K, paused 2ms+2ms
06-08 14:11:30.898   565   567 D dalvikvm: GC_CONCURRENT freed 340K, 6% free 10067K/10695K, paused 2ms+3ms
06-08 14:11:31.331   565   567 D dalvikvm: GC_CONCURRENT freed 375K, 6% free 10076K/10695K, paused 1ms+2ms
06-08 14:11:31.952   694   697 D dalvikvm: GC_CONCURRENT freed 510K, 9% free 10863K/11911K, paused 2ms+3ms
06-08 14:11:32.097   565   567 D dalvikvm: GC_CONCURRENT freed 602K, 8% free 9897K/10695K, paused 2ms+3ms
06-08 14:11:32.323   565   567 D dalvikvm: GC_CONCURRENT freed 317K, 7% free 9974K/10695K, paused 2ms+2ms
06-08 14:11:32.503   565   567 D dalvikvm: GC_CONCURRENT freed 378K, 7% free 9988K/10695K, paused 1ms+3ms
06-08 14:11:32.726   565   567 D dalvikvm: GC_CONCURRENT freed 349K, 7% free 10028K/10695K, paused 2ms+3ms
06-08 14:11:33.066   565   567 D dalvikvm: GC_CONCURRENT freed 343K, 6% free 10079K/10695K, paused 1ms+3ms
06-08 14:11:35.491   694   697 D dalvikvm: GC_CONCURRENT freed 545K, 10% free 10825K/11911K, paused 2ms+3ms
06-08 14:11:35.636   565   567 D dalvikvm: GC_CONCURRENT freed 671K, 9% free 9831K/10695K, paused 1ms+2ms
06-08 14:11:35.796   150   562 D dalvikvm: GC_EXPLICIT freed 223K, 10% free 13663K/15047K, paused 2ms+4ms
06-08 14:11:35.890   565   567 D dalvikvm: GC_CONCURRENT freed 243K, 7% free 9981K/10695K, paused 1ms+2ms
06-08 14:11:36.097   565   567 D dalvikvm: GC_CONCURRENT freed 376K, 7% free 9997K/10695K, paused 2ms+3ms
06-08 14:11:36.284   565   567 D dalvikvm: GC_CONCURRENT freed 351K, 7% free 10037K/10695K, paused 1ms+2ms
06-08 14:11:36.589   565   567 D dalvikvm: GC_CONCURRENT freed 341K, 6% free 10092K/10695K, paused 1ms+2ms
06-08 14:11:39.108   694   697 D dalvikvm: GC_CONCURRENT freed 464K, 8% free 10961K/11911K, paused 2ms+3ms
06-08 14:11:39.230   565   567 D dalvikvm: GC_CONCURRENT freed 722K, 9% free 9793K/10695K, paused 2ms+2ms
06-08 14:11:39.347   150   468 D CountryDetector: The first listener is added
06-08 14:11:39.448   565   567 D dalvikvm: GC_CONCURRENT freed 129K, 6% free 10063K/10695K, paused 4ms+3ms
06-08 14:11:39.620   565   567 D dalvikvm: GC_CONCURRENT freed 246K, 5% free 10204K/10695K, paused 1ms+3ms
06-08 14:11:39.839   565   567 D dalvikvm: GC_CONCURRENT freed 338K, 5% free 10294K/10759K, paused 2ms+4ms
06-08 14:11:40.026   565   567 D dalvikvm: GC_CONCURRENT freed 380K, 5% free 10311K/10823K, paused 2ms+3ms
06-08 14:11:40.226   565   567 D dalvikvm: GC_CONCURRENT freed 425K, 5% free 10344K/10887K, paused 2ms+3ms
06-08 14:11:40.437   565   567 D dalvikvm: GC_CONCURRENT freed 381K, 6% free 10383K/10951K, paused 2ms+3ms
06-08 14:11:40.800   565   567 D dalvikvm: GC_CONCURRENT freed 370K, 5% free 10454K/10951K, paused 2ms+3ms
06-08 14:11:43.757   694   697 D dalvikvm: GC_CONCURRENT freed 586K, 9% free 10925K/11911K, paused 2ms+3ms
06-08 14:11:43.890   565   567 D dalvikvm: GC_CONCURRENT freed 833K, 9% free 10084K/11015K, paused 1ms+3ms
06-08 14:11:44.097   565   567 D dalvikvm: GC_CONCURRENT freed 289K, 8% free 10188K/11015K, paused 2ms+3ms
06-08 14:11:44.284   565   567 D dalvikvm: GC_CONCURRENT freed 348K, 8% free 10235K/11015K, paused 2ms+2ms
06-08 14:11:44.452   565   567 D dalvikvm: GC_CONCURRENT freed 373K, 7% free 10259K/11015K, paused 2ms+3ms
06-08 14:11:44.644   565   567 D dalvikvm: GC_CONCURRENT freed 375K, 7% free 10280K/11015K, paused 1ms+3ms
06-08 14:11:44.816   565   567 D dalvikvm: GC_CONCURRENT freed 357K, 7% free 10319K/11015K, paused 2ms+3ms
06-08 14:11:44.972   565   567 D dalvikvm: GC_CONCURRENT freed 350K, 6% free 10361K/11015K, paused 2ms+3ms
06-08 14:11:46.952   694   697 D dalvikvm: GC_CONCURRENT freed 500K, 9% free 10951K/11911K, paused 2ms+3ms
06-08 14:11:47.054   565   567 D dalvikvm: GC_CONCURRENT freed 785K, 10% free 9996K/11015K, paused 2ms+5ms
06-08 14:11:47.191   565   728 D dalvikvm: GC_EXPLICIT freed 198K, 9% free 10133K/11015K, paused 1ms+2ms
06-08 14:11:47.374   565   567 D dalvikvm: GC_CONCURRENT freed 279K, 7% free 10246K/11015K, paused 2ms+3ms
06-08 14:11:47.566   565   567 D dalvikvm: GC_CONCURRENT freed 380K, 7% free 10258K/11015K, paused 2ms+3ms
06-08 14:11:47.745   565   567 D dalvikvm: GC_CONCURRENT freed 381K, 7% free 10270K/11015K, paused 2ms+2ms
06-08 14:11:47.909   565   567 D dalvikvm: GC_CONCURRENT freed 349K, 7% free 10309K/11015K, paused 1ms+3ms
06-08 14:11:48.058   565   567 D dalvikvm: GC_CONCURRENT freed 345K, 6% free 10363K/11015K, paused 1ms+3ms
06-08 14:11:48.433   565   567 D dalvikvm: GC_CONCURRENT freed 369K, 6% free 10390K/11015K, paused 2ms+4ms
06-08 14:11:50.905   565   567 D dalvikvm: GC_CONCURRENT freed 731K, 9% free 10081K/11015K, paused 2ms+4ms
06-08 14:11:51.112   565   567 D dalvikvm: GC_CONCURRENT freed 267K, 8% free 10203K/11015K, paused 2ms+3ms
06-08 14:11:51.308   150   491 D dalvikvm: GC_EXPLICIT freed 222K, 10% free 13670K/15047K, paused 3ms+4ms
06-08 14:11:51.351   565   567 D dalvikvm: GC_CONCURRENT freed 356K, 8% free 10243K/11015K, paused 2ms+3ms
06-08 14:11:51.530   565   567 D dalvikvm: GC_CONCURRENT freed 371K, 7% free 10259K/11015K, paused 2ms+3ms
06-08 14:11:51.702   565   567 D dalvikvm: GC_CONCURRENT freed 368K, 7% free 10289K/11015K, paused 2ms+3ms
06-08 14:11:51.858   565   567 D dalvikvm: GC_CONCURRENT freed 355K, 7% free 10334K/11015K, paused 2ms+3ms
06-08 14:11:52.112   565   567 D dalvikvm: GC_CONCURRENT freed 367K, 6% free 10358K/11015K, paused 1ms+4ms
06-08 14:11:52.827   694   697 D dalvikvm: GC_CONCURRENT freed 494K, 8% free 11016K/11911K, paused 2ms+3ms
06-08 14:11:53.015   565   567 D dalvikvm: GC_CONCURRENT freed 751K, 9% free 10030K/11015K, paused 2ms+5ms
06-08 14:11:53.191   565   567 D dalvikvm: GC_CONCURRENT freed 263K, 8% free 10162K/11015K, paused 2ms+2ms
06-08 14:11:53.378   565   567 D dalvikvm: GC_CONCURRENT freed 326K, 8% free 10231K/11015K, paused 2ms+2ms
06-08 14:11:53.558   565   567 D dalvikvm: GC_CONCURRENT freed 396K, 8% free 10230K/11015K, paused 2ms+3ms
06-08 14:11:53.757   565   567 D dalvikvm: GC_CONCURRENT freed 359K, 7% free 10266K/11015K, paused 2ms+3ms
06-08 14:11:54.003   565   567 D dalvikvm: GC_CONCURRENT freed 341K, 7% free 10324K/11015K, paused 2ms+3ms
06-08 14:11:55.687  1284  1351 I PhoneLab-: Service Running
06-08 14:11:56.644  1284  1351 I PhoneLab-LoggerService: app_38    1355  1284  1836   1464  c00f181c 400107b4 S logcat
06-08 14:11:56.644  1284  1351 I PhoneLab-LoggerService: Logcat pid from database 1355
06-08 14:11:56.644  1284  1351 I PhoneLab-LoggerService: Logcat process found 1355
06-08 14:11:56.644  1284  1351 I PhoneLab-LoggerService: Checking Threshold
06-08 14:11:56.644  1284  1351 I PhoneLab-LoggerService: Starting to rename files
06-08 14:11:56.644  1284  1351 I PhoneLab-LoggerService: Files found .. 2
06-08 14:11:56.730   694   697 D dalvikvm: GC_CONCURRENT freed 761K, 10% free 10822K/11911K, paused 2ms+4ms
06-08 14:11:56.913   565   567 D dalvikvm: GC_CONCURRENT freed 796K, 10% free 9983K/11015K, paused 2ms+5ms
06-08 14:11:57.069   565   567 D dalvikvm: GC_CONCURRENT freed 234K, 8% free 10141K/11015K, paused 2ms+3ms
06-08 14:11:57.241   565   567 D dalvikvm: GC_CONCURRENT freed 318K, 8% free 10215K/11015K, paused 2ms+3ms
06-08 14:11:57.417   565   567 D dalvikvm: GC_CONCURRENT freed 381K, 8% free 10231K/11015K, paused 2ms+2ms
06-08 14:11:57.640   565   567 D dalvikvm: GC_CONCURRENT freed 351K, 7% free 10264K/11015K, paused 1ms+3ms
06-08 14:11:57.866   565   567 D dalvikvm: GC_CONCURRENT freed 347K, 7% free 10315K/11015K, paused 2ms+3ms
06-08 14:11:58.273  1766  2018 I DownloadManager: Initiating request for download 10
06-08 14:11:58.300   150   162 D AlarmManagerService: Kernel timezone updated to 240 minutes west of GMT
06-08 14:12:00.159   694   697 D dalvikvm: GC_CONCURRENT freed 475K, 9% free 10840K/11911K, paused 2ms+3ms
06-08 14:12:00.401  1327  1327 D OpenGLRenderer: Flushing caches (mode 1)
06-08 14:12:00.405  1374  1376 D dalvikvm: GC_CONCURRENT freed 386K, 6% free 10210K/10823K, paused 3ms+13ms
06-08 14:12:00.437  1327  1329 D dalvikvm: GC_CONCURRENT freed 332K, 6% free 9820K/10439K, paused 7ms+5ms
06-08 14:12:00.472  1766  1769 D dalvikvm: GC_CONCURRENT freed 375K, 7% free 9310K/9927K, paused 2ms+3ms
06-08 14:12:00.491  1766  2023 I DownloadManager: deleting /data/data/com.android.providers.downloads/cache/downloadfile.jpeg
06-08 14:12:00.550   565   567 D dalvikvm: GC_CONCURRENT freed 776K, 10% free 9961K/11015K, paused 2ms+4ms
06-08 14:12:00.691  1766  2025 I DownloadManager: Initiating request for download 11
06-08 14:12:00.753   565   567 D dalvikvm: GC_CONCURRENT freed 201K, 8% free 10151K/11015K, paused 2ms+3ms
06-08 14:12:00.944   565   567 D dalvikvm: GC_CONCURRENT freed 324K, 8% free 10216K/11015K, paused 2ms+3ms
06-08 14:12:01.112   565   567 D dalvikvm: GC_CONCURRENT freed 367K, 8% free 10237K/11015K, paused 1ms+3ms
06-08 14:12:01.304   150   493 D dalvikvm: GC_EXPLICIT freed 303K, 10% free 13683K/15047K, paused 3ms+4ms
06-08 14:12:01.421   565   567 D dalvikvm: GC_CONCURRENT freed 360K, 7% free 10265K/11015K, paused 2ms+4ms
06-08 14:12:01.722   565   567 D dalvikvm: GC_CONCURRENT freed 338K, 7% free 10316K/11015K, paused 2ms+3ms
06-08 14:12:02.230  1327  1339 D dalvikvm: GC_EXPLICIT freed 73K, 7% free 9749K/10439K, paused 2ms+3ms
06-08 14:12:02.233  1327  1327 D OpenGLRenderer: Flushing caches (mode 1)
06-08 14:12:02.269  1766  2031 I DownloadManager: deleting /data/data/com.android.providers.downloads/cache/downloadfile.jpeg
06-08 14:12:02.355  1766  1769 D dalvikvm: GC_CONCURRENT freed 395K, 7% free 9300K/9927K, paused 2ms+3ms
06-08 14:12:05.030   694   697 D dalvikvm: GC_CONCURRENT freed 500K, 9% free 10843K/11911K, paused 2ms+3ms
06-08 14:12:05.046  1766  2033 I DownloadManager: Initiating request for download 12
06-08 14:12:05.194   565   567 D dalvikvm: GC_CONCURRENT freed 783K, 10% free 9958K/11015K, paused 2ms+3ms
06-08 14:12:05.351   565   567 D dalvikvm: GC_CONCURRENT freed 205K, 8% free 10151K/11015K, paused 2ms+3ms
06-08 14:12:05.585   565   567 D dalvikvm: GC_CONCURRENT freed 341K, 8% free 10208K/11015K, paused 2ms+3ms
06-08 14:12:05.776   565   567 D dalvikvm: GC_CONCURRENT freed 401K, 8% free 10196K/11015K, paused 2ms+3ms
06-08 14:12:06.062   565   567 D dalvikvm: GC_CONCURRENT freed 341K, 7% free 10250K/11015K, paused 1ms+2ms
06-08 14:12:06.175  1327  1327 D OpenGLRenderer: Flushing caches (mode 1)
06-08 14:12:06.257  1766  2039 I DownloadManager: deleting /data/data/com.android.providers.downloads/cache/downloadfile.jpeg
06-08 14:12:06.370  1766  1769 D dalvikvm: GC_CONCURRENT freed 388K, 7% free 9304K/9927K, paused 2ms+3ms
06-08 14:12:06.409  1766  2041 I DownloadManager: Initiating request for download 13
06-08 14:12:06.550   565   567 D dalvikvm: GC_CONCURRENT freed 344K, 7% free 10305K/11015K, paused 2ms+2ms
06-08 14:12:07.566   694   697 D dalvikvm: GC_CONCURRENT freed 510K, 9% free 10871K/11911K, paused 2ms+3ms
06-08 14:12:07.624  1766  2041 D dalvikvm: GC_EXPLICIT freed 250K, 7% free 9291K/9927K, paused 2ms+26ms
06-08 14:12:07.726   565   567 D dalvikvm: GC_CONCURRENT freed 774K, 10% free 9943K/11015K, paused 2ms+3ms
06-08 14:12:07.862  1327  1327 D OpenGLRenderer: Flushing caches (mode 1)
06-08 14:12:07.952  1766  2046 I DownloadManager: deleting /data/data/com.android.providers.downloads/cache/downloadfile.jpeg
06-08 14:12:08.034   565   567 D dalvikvm: GC_CONCURRENT freed 185K, 8% free 10152K/11015K, paused 2ms+2ms
06-08 14:12:08.097  1766  2048 I DownloadManager: Initiating request for download 14
06-08 14:12:08.249   565   567 D dalvikvm: GC_CONCURRENT freed 324K, 8% free 10217K/11015K, paused 1ms+3ms
06-08 14:12:08.452   565   567 D dalvikvm: GC_CONCURRENT freed 374K, 8% free 10230K/11015K, paused 2ms+3ms
06-08 14:12:08.554   150   562 D dalvikvm: GC_EXPLICIT freed 428K, 10% free 13658K/15047K, paused 3ms+4ms
06-08 14:12:08.804   565   567 D dalvikvm: GC_CONCURRENT freed 359K, 7% free 10273K/11015K, paused 2ms+2ms
06-08 14:12:09.116   565   567 D dalvikvm: GC_CONCURRENT freed 345K, 7% free 10317K/11015K, paused 2ms+3ms
06-08 14:12:09.191  1766  1769 D dalvikvm: GC_CONCURRENT freed 312K, 6% free 9369K/9927K, paused 1ms+4ms
06-08 14:12:09.323  1327  1327 D OpenGLRenderer: Flushing caches (mode 1)
06-08 14:12:09.409  1766  2054 I DownloadManager: deleting /data/data/com.android.providers.downloads/cache/downloadfile.jpeg
06-08 14:12:09.554  1766  2056 I DownloadManager: Initiating request for download 15
06-08 14:12:10.995   694   697 D dalvikvm: GC_CONCURRENT freed 507K, 9% free 10924K/11911K, paused 2ms+3ms
06-08 14:12:11.062  1766  1769 D dalvikvm: GC_CONCURRENT freed 461K, 6% free 9338K/9927K, paused 2ms+2ms
06-08 14:12:11.112  1327  1327 D OpenGLRenderer: Flushing caches (mode 1)
06-08 14:12:11.116  1766  2062 I DownloadManager: deleting /data/data/com.android.providers.downloads/cache/downloadfile.jpeg
06-08 14:12:11.241   565   567 D dalvikvm: GC_CONCURRENT freed 716K, 10% free 10022K/11015K, paused 2ms+2ms
06-08 14:12:11.327  1766  2064 I DownloadManager: Initiating request for download 16
06-08 14:12:11.487   565   567 D dalvikvm: GC_CONCURRENT freed 225K, 8% free 10191K/11015K, paused 2ms+4ms
06-08 14:12:11.542   565  1713 D dalvikvm: GC_EXPLICIT freed 91K, 8% free 10142K/11015K, paused 3ms+3ms
06-08 14:12:11.714   565   567 D dalvikvm: GC_CONCURRENT freed 314K, 8% free 10223K/11015K, paused 2ms+2ms
06-08 14:12:11.898   565   567 D dalvikvm: GC_CONCURRENT freed 361K, 7% free 10261K/11015K, paused 1ms+3ms
06-08 14:12:12.218   565   567 D dalvikvm: GC_CONCURRENT freed 342K, 7% free 10307K/11015K, paused 2ms+2ms
06-08 14:12:12.569  1374  1376 D dalvikvm: GC_CONCURRENT freed 392K, 6% free 10206K/10823K, paused 2ms+3ms
06-08 14:12:12.624  1327  1327 D OpenGLRenderer: Flushing caches (mode 1)
06-08 14:12:12.651  1766  1769 D dalvikvm: GC_CONCURRENT freed 418K, 7% free 9311K/9927K, paused 2ms+2ms
06-08 14:12:12.667  1766  2069 I DownloadManager: deleting /data/data/com.android.providers.downloads/cache/downloadfile.jpeg
06-08 14:12:13.187   565   567 D dalvikvm: GC_CONCURRENT freed 368K, 7% free 10325K/11015K, paused 1ms+3ms
06-08 14:12:14.980  1766  2071 I DownloadManager: Initiating request for download 17
06-08 14:12:15.116   694   697 D dalvikvm: GC_CONCURRENT freed 538K, 9% free 10937K/11911K, paused 2ms+3ms
06-08 14:12:15.222   565   567 D dalvikvm: GC_CONCURRENT freed 649K, 9% free 10099K/11015K, paused 2ms+2ms
06-08 14:12:15.476   565   567 D dalvikvm: GC_CONCURRENT freed 289K, 8% free 10202K/11015K, paused 1ms+2ms
06-08 14:12:15.675   565   567 D dalvikvm: GC_CONCURRENT freed 370K, 8% free 10227K/11015K, paused 2ms+2ms
06-08 14:12:15.773   150   491 D dalvikvm: GC_EXPLICIT freed 387K, 10% free 13670K/15047K, paused 3ms+4ms
06-08 14:12:16.011   565   567 D dalvikvm: GC_CONCURRENT freed 373K, 7% free 10252K/11015K, paused 3ms+3ms
06-08 14:12:16.077  1327  1327 D OpenGLRenderer: Flushing caches (mode 1)
06-08 14:12:16.202  1766  2077 I DownloadManager: deleting /data/data/com.android.providers.downloads/cache/downloadfile.jpeg
06-08 14:12:16.214  1766  1769 D dalvikvm: GC_CONCURRENT freed 382K, 7% free 9320K/9927K, paused 1ms+3ms
06-08 14:12:16.351  1766  2079 I DownloadManager: Initiating request for download 18
06-08 14:12:16.495   565   567 D dalvikvm: GC_CONCURRENT freed 341K, 7% free 10310K/11015K, paused 2ms+2ms
06-08 14:12:18.968  1327  1327 D OpenGLRenderer: Flushing caches (mode 1)
06-08 14:12:18.976   694   697 D dalvikvm: GC_CONCURRENT freed 502K, 9% free 10946K/11911K, paused 2ms+3ms
06-08 14:12:19.015  1766  2084 I DownloadManager: deleting /data/data/com.android.providers.downloads/cache/downloadfile.jpeg
06-08 14:12:19.073   565   567 D dalvikvm: GC_CONCURRENT freed 829K, 10% free 9918K/11015K, paused 2ms+4ms
06-08 14:12:19.179  1766  1769 D dalvikvm: GC_CONCURRENT freed 405K, 7% free 9308K/9927K, paused 2ms+3ms
06-08 14:12:19.237  1766  2086 I DownloadManager: Initiating request for download 19
06-08 14:12:19.300   565   567 D dalvikvm: GC_CONCURRENT freed 178K, 9% free 10134K/11015K, paused 2ms+2ms
06-08 14:12:19.472   565   567 D dalvikvm: GC_CONCURRENT freed 332K, 8% free 10197K/11015K, paused 2ms+2ms
06-08 14:12:19.659   565   567 D dalvikvm: GC_CONCURRENT freed 369K, 8% free 10225K/11015K, paused 2ms+3ms
06-08 14:12:19.921   565   567 D dalvikvm: GC_CONCURRENT freed 349K, 7% free 10273K/11015K, paused 1ms+2ms
06-08 14:12:20.456   565   567 D dalvikvm: GC_CONCURRENT freed 368K, 7% free 10289K/11015K, paused 2ms+3ms
06-08 14:12:22.898   565   567 D dalvikvm: GC_CONCURRENT freed 619K, 9% free 10093K/11015K, paused 2ms+3ms
06-08 14:12:23.144   565   567 D dalvikvm: GC_CONCURRENT freed 287K, 8% free 10195K/11015K, paused 1ms+2ms
06-08 14:12:23.323   565   567 D dalvikvm: GC_CONCURRENT freed 372K, 8% free 10215K/11015K, paused 2ms+2ms
06-08 14:12:23.554   565   567 D dalvikvm: GC_CONCURRENT freed 344K, 7% free 10257K/11015K, paused 1ms+3ms
06-08 14:12:23.944   565   567 D dalvikvm: GC_CONCURRENT freed 354K, 7% free 10288K/11015K, paused 2ms+2ms
06-08 14:12:24.237  1327  1327 D OpenGLRenderer: Flushing caches (mode 1)
06-08 14:12:24.304   150   491 D dalvikvm: GC_EXPLICIT freed 382K, 10% free 13671K/15047K, paused 2ms+4ms
06-08 14:12:24.382  1766  2092 I DownloadManager: deleting /data/data/com.android.providers.downloads/cache/downloadfile.jpeg
06-08 14:12:26.194   694   697 D dalvikvm: GC_CONCURRENT freed 475K, 8% free 11026K/11911K, paused 2ms+3ms
06-08 14:12:26.226  1766  2094 I DownloadManager: Initiating request for download 20
06-08 14:12:26.245  1766  1769 D dalvikvm: GC_CONCURRENT freed 384K, 7% free 9315K/9927K, paused 1ms+3ms
06-08 14:12:26.421   565   567 D dalvikvm: GC_CONCURRENT freed 642K, 9% free 10069K/11015K, paused 1ms+3ms
06-08 14:12:26.620   565   567 D dalvikvm: GC_CONCURRENT freed 278K, 8% free 10190K/11015K, paused 2ms+3ms
06-08 14:12:26.788   565   567 D dalvikvm: GC_CONCURRENT freed 368K, 8% free 10214K/11015K, paused 1ms+2ms
06-08 14:12:27.030   565   567 D dalvikvm: GC_CONCURRENT freed 359K, 7% free 10251K/11015K, paused 1ms+2ms
06-08 14:12:27.460   565   567 D dalvikvm: GC_CONCURRENT freed 350K, 7% free 10285K/11015K, paused 2ms+2ms
06-08 14:12:28.112   694   697 D dalvikvm: GC_CONCURRENT freed 764K, 9% free 10864K/11911K, paused 2ms+3ms
06-08 14:12:28.304   565   567 D dalvikvm: GC_CONCURRENT freed 642K, 9% free 10044K/11015K, paused 2ms+4ms
06-08 14:12:28.460  1327  1327 D OpenGLRenderer: Flushing caches (mode 1)
06-08 14:12:28.921  1766  2099 I DownloadManager: deleting /data/data/com.android.providers.downloads/cache/downloadfile.jpeg
06-08 14:12:29.050   565   567 D dalvikvm: GC_CONCURRENT freed 258K, 8% free 10179K/11015K, paused 2ms+2ms
06-08 14:12:29.073  1766  2101 I DownloadManager: Initiating request for download 21
06-08 14:12:29.112  1766  1769 D dalvikvm: GC_CONCURRENT freed 399K, 7% free 9300K/9927K, paused 2ms+2ms
06-08 14:12:29.273   565   567 D dalvikvm: GC_CONCURRENT freed 363K, 8% free 10211K/11015K, paused 2ms+2ms
06-08 14:12:29.468   565   567 D dalvikvm: GC_CONCURRENT freed 355K, 8% free 10243K/11015K, paused 2ms+3ms
06-08 14:12:29.804   565   567 D dalvikvm: GC_CONCURRENT freed 338K, 7% free 10301K/11015K, paused 1ms+3ms
06-08 14:12:32.198   694   697 D dalvikvm: GC_CONCURRENT freed 520K, 9% free 10865K/11911K, paused 2ms+4ms
06-08 14:12:32.362  1327  1327 D OpenGLRenderer: Flushing caches (mode 1)
06-08 14:12:32.456  1766  2106 I DownloadManager: deleting /data/data/com.android.providers.downloads/cache/downloadfile.jpeg
06-08 14:12:32.483   565   567 D dalvikvm: GC_CONCURRENT freed 716K, 10% free 10017K/11015K, paused 2ms+3ms
06-08 14:12:32.593  1766  2108 I DownloadManager: Initiating request for download 22
06-08 14:12:32.706   565   567 D dalvikvm: GC_CONCURRENT freed 239K, 8% free 10171K/11015K, paused 1ms+2ms
06-08 14:12:32.835   150   493 D dalvikvm: GC_EXPLICIT freed 360K, 10% free 13675K/15047K, paused 2ms+4ms
06-08 14:12:32.944   565   567 D dalvikvm: GC_CONCURRENT freed 362K, 8% free 10208K/11015K, paused 1ms+2ms
06-08 14:12:33.151   565   567 D dalvikvm: GC_CONCURRENT freed 368K, 8% free 10240K/11015K, paused 1ms+3ms
06-08 14:12:33.308  1766  1769 D dalvikvm: GC_CONCURRENT freed 384K, 7% free 9328K/9927K, paused 2ms+3ms
06-08 14:12:33.569   565   567 D dalvikvm: GC_CONCURRENT freed 340K, 7% free 10295K/11015K, paused 2ms+2ms
06-08 14:12:34.347   694   697 D dalvikvm: GC_CONCURRENT freed 502K, 9% free 10936K/11911K, paused 2ms+3ms
06-08 14:12:34.546  1327  1327 D OpenGLRenderer: Flushing caches (mode 1)
06-08 14:12:34.605  1374  1376 D dalvikvm: GC_CONCURRENT freed 385K, 6% free 10218K/10823K, paused 3ms+4ms
06-08 14:12:34.608   565   567 D dalvikvm: GC_CONCURRENT freed 705K, 10% free 10010K/11015K, paused 15ms+2ms
06-08 14:12:34.655  1766  2114 D dalvikvm: GC_EXPLICIT freed 316K, 7% free 9263K/9927K, paused 2ms+7ms
06-08 14:12:34.769  1766  2114 I DownloadManager: deleting /data/data/com.android.providers.downloads/cache/downloadfile.jpeg
06-08 14:12:34.776  1766  2115 I DownloadManager: Initiating request for download 23
06-08 14:12:34.886   565   567 D dalvikvm: GC_CONCURRENT freed 225K, 8% free 10179K/11015K, paused 1ms+3ms
06-08 14:12:35.026   565   577 D dalvikvm: GC_EXPLICIT freed 283K, 8% free 10192K/11015K, paused 2ms+3ms
06-08 14:12:35.198   565   567 D dalvikvm: GC_CONCURRENT freed 359K, 8% free 10229K/11015K, paused 1ms+3ms
06-08 14:12:35.472   565   567 D dalvikvm: GC_CONCURRENT freed 340K, 7% free 10283K/11015K, paused 2ms+3ms
06-08 14:12:36.093   565   567 D dalvikvm: GC_CONCURRENT freed 369K, 7% free 10298K/11015K, paused 2ms+3ms
06-08 14:12:38.780   694   697 D dalvikvm: GC_CONCURRENT freed 527K, 9% free 10935K/11911K, paused 2ms+3ms
06-08 14:12:38.808  1327  1327 D OpenGLRenderer: Flushing caches (mode 1)
06-08 14:12:38.819  1766  2122 I DownloadManager: deleting /data/data/com.android.providers.downloads/cache/downloadfile.jpeg
06-08 14:12:38.862  1766  1769 D dalvikvm: GC_CONCURRENT freed 347K, 7% free 9303K/9927K, paused 2ms+2ms
06-08 14:12:39.003   565   567 D dalvikvm: GC_CONCURRENT freed 618K, 8% free 10141K/11015K, paused 1ms+2ms
06-08 14:12:39.054  1766  2124 I DownloadManager: Initiating request for download 24
06-08 14:12:39.269   565   567 D dalvikvm: GC_CONCURRENT freed 323K, 8% free 10210K/11015K, paused 1ms+3ms
06-08 14:12:39.460   565   567 D dalvikvm: GC_CONCURRENT freed 361K, 8% free 10239K/11015K, paused 2ms+2ms
06-08 14:12:39.698   565   567 D dalvikvm: GC_CONCURRENT freed 383K, 7% free 10255K/11015K, paused 2ms+3ms
06-08 14:12:40.038   565   567 D dalvikvm: GC_CONCURRENT freed 336K, 7% free 10319K/11015K, paused 2ms+2ms
06-08 14:12:42.683   694   697 D dalvikvm: GC_CONCURRENT freed 511K, 9% free 10956K/11911K, paused 2ms+2ms
06-08 14:12:42.776   565   567 D dalvikvm: GC_CONCURRENT freed 786K, 10% free 9957K/11015K, paused 2ms+3ms
06-08 14:12:42.991   150   562 D dalvikvm: GC_EXPLICIT freed 365K, 10% free 13682K/15047K, paused 8ms+4ms
06-08 14:12:43.108  1327  1327 D OpenGLRenderer: Flushing caches (mode 1)
06-08 14:12:43.202   565   567 D dalvikvm: GC_CONCURRENT freed 207K, 8% free 10144K/11015K, paused 2ms+3ms
06-08 14:12:43.237  1766  2129 I DownloadManager: deleting /data/data/com.android.providers.downloads/cache/downloadfile.jpeg
06-08 14:12:43.370  1766  1769 D dalvikvm: GC_CONCURRENT freed 379K, 7% free 9320K/9927K, paused 2ms+3ms
06-08 14:12:43.417  1766  2131 I DownloadManager: Initiating request for download 25
06-08 14:12:43.519   565   567 D dalvikvm: GC_CONCURRENT freed 340K, 8% free 10199K/11015K, paused 1ms+2ms
06-08 14:12:43.706   565   567 D dalvikvm: GC_CONCURRENT freed 381K, 8% free 10230K/11015K, paused 2ms+2ms
06-08 14:12:44.089   565   567 D dalvikvm: GC_CONCURRENT freed 339K, 7% free 10278K/11015K, paused 2ms+2ms
06-08 14:12:45.210   565   567 D dalvikvm: GC_CONCURRENT freed 819K, 11% free 9847K/11015K, paused 2ms+3ms
06-08 14:12:45.249  1327  1327 D OpenGLRenderer: Flushing caches (mode 1)
06-08 14:12:45.257  1766  2136 I DownloadManager: deleting /data/data/com.android.providers.downloads/cache/downloadfile.jpeg
06-08 14:12:45.398   565   567 D dalvikvm: GC_CONCURRENT freed 122K, 9% free 10115K/11015K, paused 2ms+2ms
06-08 14:12:45.487  1766  2138 I DownloadManager: Initiating request for download 26
06-08 14:12:45.503  1766  1769 D dalvikvm: GC_CONCURRENT freed 402K, 7% free 9308K/9927K, paused 1ms+2ms
06-08 14:12:45.648   565   567 D dalvikvm: GC_CONCURRENT freed 307K, 8% free 10203K/11015K, paused 2ms+3ms
06-08 14:12:45.843   565   567 D dalvikvm: GC_CONCURRENT freed 386K, 8% free 10209K/11015K, paused 2ms+3ms
06-08 14:12:46.054   565   567 D dalvikvm: GC_CONCURRENT freed 357K, 8% free 10244K/11015K, paused 2ms+2ms
06-08 14:12:46.401   565   567 D dalvikvm: GC_CONCURRENT freed 337K, 7% free 10305K/11015K, paused 1ms+2ms
06-08 14:12:50.308   694   697 D dalvikvm: GC_CONCURRENT freed 475K, 8% free 11043K/11911K, paused 2ms+3ms
06-08 14:12:50.464  1327  1327 D OpenGLRenderer: Flushing caches (mode 1)
06-08 14:12:50.495  1766  2144 I DownloadManager: deleting /data/data/com.android.providers.downloads/cache/downloadfile.jpeg
06-08 14:12:50.632   565   567 D dalvikvm: GC_CONCURRENT freed 711K, 9% free 10039K/11015K, paused 1ms+3ms
06-08 14:12:50.714  1766  2146 I DownloadManager: Initiating request for download 27
06-08 14:12:50.757  1766  1769 D dalvikvm: GC_CONCURRENT freed 372K, 7% free 9319K/9927K, paused 1ms+6ms
06-08 14:12:50.882   150   491 D dalvikvm: GC_EXPLICIT freed 378K, 10% free 13685K/15047K, paused 2ms+4ms
06-08 14:12:50.964   565   567 D dalvikvm: GC_CONCURRENT freed 260K, 8% free 10180K/11015K, paused 2ms+3ms
06-08 14:12:51.148   565   567 D dalvikvm: GC_CONCURRENT freed 368K, 8% free 10209K/11015K, paused 2ms+3ms
06-08 14:12:51.351   565   567 D dalvikvm: GC_CONCURRENT freed 361K, 8% free 10236K/11015K, paused 2ms+3ms
06-08 14:12:51.714   565   567 D dalvikvm: GC_CONCURRENT freed 339K, 7% free 10294K/11015K, paused 2ms+3ms
06-08 14:12:52.116  1327  1327 D OpenGLRenderer: Flushing caches (mode 1)
06-08 14:12:52.187  1766  2151 I DownloadManager: deleting /data/data/com.android.providers.downloads/cache/downloadfile.jpeg
06-08 14:12:52.300  1766  2153 I DownloadManager: Initiating request for download 28
06-08 14:12:52.819   694   697 D dalvikvm: GC_CONCURRENT freed 778K, 9% free 10841K/11911K, paused 2ms+3ms
06-08 14:12:52.858  1766  1769 D dalvikvm: GC_CONCURRENT freed 385K, 6% free 9347K/9927K, paused 2ms+3ms
06-08 14:12:53.026   565   567 D dalvikvm: GC_CONCURRENT freed 752K, 10% free 9966K/11015K, paused 2ms+3ms
06-08 14:12:53.206   565   567 D dalvikvm: GC_CONCURRENT freed 201K, 8% free 10160K/11015K, paused 1ms+3ms
06-08 14:12:53.382   565   567 D dalvikvm: GC_CONCURRENT freed 337K, 8% free 10216K/11015K, paused 1ms+2ms
06-08 14:12:53.566   565   567 D dalvikvm: GC_CONCURRENT freed 381K, 8% free 10229K/11015K, paused 1ms+3ms
06-08 14:12:53.905   565   567 D dalvikvm: GC_CONCURRENT freed 337K, 7% free 10292K/11015K, paused 2ms+2ms
06-08 14:12:54.276  1327  1327 D OpenGLRenderer: Flushing caches (mode 1)
06-08 14:12:54.300  1766  2159 I DownloadManager: deleting /data/data/com.android.providers.downloads/cache/downloadfile.jpeg
06-08 14:12:54.472  1766  2161 I DownloadManager: Initiating request for download 29
06-08 14:12:54.663   565   567 D dalvikvm: GC_CONCURRENT freed 374K, 7% free 10302K/11015K, paused 2ms+2ms
06-08 14:12:55.706  1766  1769 D dalvikvm: GC_CONCURRENT freed 471K, 7% free 9323K/9927K, paused 12ms+3ms
06-08 14:12:56.358   694   697 D dalvikvm: GC_CONCURRENT freed 501K, 9% free 10850K/11911K, paused 2ms+2ms
06-08 14:12:56.487   694  1986 D dalvikvm: GC_EXPLICIT freed 135K, 9% free 10937K/11911K, paused 2ms+4ms
06-08 14:12:56.581   565   567 D dalvikvm: GC_CONCURRENT freed 626K, 9% free 10101K/11015K, paused 2ms+3ms
06-08 14:12:56.800   565   567 D dalvikvm: GC_CONCURRENT freed 299K, 8% free 10195K/11015K, paused 2ms+3ms
06-08 14:12:56.980   565   567 D dalvikvm: GC_CONCURRENT freed 370K, 8% free 10217K/11015K, paused 2ms+3ms
06-08 14:12:57.183   565   567 D dalvikvm: GC_CONCURRENT freed 360K, 7% free 10254K/11015K, paused 2ms+3ms
06-08 14:12:57.550   565   567 D dalvikvm: GC_CONCURRENT freed 348K, 7% free 10304K/11015K, paused 1ms+3ms
06-08 14:12:58.480   150   468 D dalvikvm: GC_EXPLICIT freed 303K, 10% free 13689K/15047K, paused 26ms+4ms
06-08 14:12:58.663  1374  1376 D dalvikvm: GC_CONCURRENT freed 404K, 6% free 10215K/10823K, paused 2ms+3ms
06-08 14:12:58.726  1327  1327 D OpenGLRenderer: Flushing caches (mode 1)
06-08 14:12:58.808   565   567 D dalvikvm: GC_CONCURRENT freed 735K, 10% free 9964K/11015K, paused 1ms+2ms
06-08 14:12:58.839  1766  2166 I DownloadManager: deleting /data/data/com.android.providers.downloads/cache/downloadfile.jpeg
06-08 14:12:58.968  1766  2168 I DownloadManager: Initiating request for download 30
06-08 14:12:59.034   565   567 D dalvikvm: GC_CONCURRENT freed 199K, 8% free 10162K/11015K, paused 1ms+3ms
06-08 14:12:59.206   565   567 D dalvikvm: GC_CONCURRENT freed 338K, 8% free 10220K/11015K, paused 1ms+3ms
06-08 14:12:59.323   565   634 D dalvikvm: GC_EXPLICIT freed 246K, 8% free 10194K/11015K, paused 1ms+3ms
06-08 14:12:59.542   565   567 D dalvikvm: GC_CONCURRENT freed 318K, 7% free 10267K/11015K, paused 2ms+3ms
06-08 14:12:59.640   694   697 D dalvikvm: GC_CONCURRENT freed 548K, 9% free 10913K/11911K, paused 2ms+2ms
06-08 14:12:59.983   565   567 D dalvikvm: GC_CONCURRENT freed 346K, 7% free 10313K/11015K, paused 2ms+3ms
06-08 14:13:02.187  1766  1769 D dalvikvm: GC_CONCURRENT freed 381K, 6% free 9345K/9927K, paused 324ms+2ms
06-08 14:13:02.366   694   697 D dalvikvm: GC_CONCURRENT freed 489K, 9% free 10952K/11911K, paused 2ms+3ms
06-08 14:13:02.472   565   567 D dalvikvm: GC_CONCURRENT freed 709K, 9% free 10026K/11015K, paused 2ms+3ms
06-08 14:13:02.667   565   567 D dalvikvm: GC_CONCURRENT freed 242K, 8% free 10184K/11015K, paused 1ms+3ms
06-08 14:13:02.835   565   567 D dalvikvm: GC_CONCURRENT freed 355K, 8% free 10221K/11015K, paused 2ms+3ms
06-08 14:13:03.011   565   567 D dalvikvm: GC_CONCURRENT freed 369K, 8% free 10242K/11015K, paused 1ms+2ms
06-08 14:13:03.249  1327  1327 D OpenGLRenderer: Flushing caches (mode 1)
06-08 14:13:03.292  1766  2173 I DownloadManager: deleting /data/data/com.android.providers.downloads/cache/downloadfile.jpeg
06-08 14:13:03.441  1766  2175 I DownloadManager: Initiating request for download 31
06-08 14:13:03.589   565   567 D dalvikvm: GC_CONCURRENT freed 338K, 7% free 10301K/11015K, paused 2ms+2ms
06-08 14:13:05.620  1766  1769 D dalvikvm: GC_CONCURRENT freed 427K, 6% free 9367K/9927K, paused 1ms+5ms
06-08 14:13:05.800  1327  1327 D OpenGLRenderer: Flushing caches (mode 1)
06-08 14:13:05.804   565   567 D dalvikvm: GC_CONCURRENT freed 752K, 10% free 9955K/11015K, paused 2ms+2ms
06-08 14:13:05.874  1766  2180 I DownloadManager: deleting /data/data/com.android.providers.downloads/cache/downloadfile.jpeg
06-08 14:13:05.991   150  1489 D dalvikvm: GC_EXPLICIT freed 437K, 9% free 13700K/15047K, paused 2ms+4ms
06-08 14:13:06.073  1766  2182 I DownloadManager: Initiating request for download 32
06-08 14:13:06.073  1766  2182 W DownloadManager: Aborting request for download 32: download was requested to not use the current network type
06-08 14:13:06.140   565   567 D dalvikvm: GC_CONCURRENT freed 175K, 8% free 10169K/11015K, paused 2ms+3ms
06-08 14:13:06.319   565   567 D dalvikvm: GC_CONCURRENT freed 365K, 8% free 10201K/11015K, paused 2ms+2ms
06-08 14:13:06.499   565   567 D dalvikvm: GC_CONCURRENT freed 358K, 8% free 10235K/11015K, paused 2ms+2ms
06-08 14:13:06.737   565   567 D dalvikvm: GC_CONCURRENT freed 362K, 7% free 10274K/11015K, paused 1ms+3ms
06-08 14:13:07.034   565   567 D dalvikvm: GC_CONCURRENT freed 335K, 7% free 10338K/11015K, paused 2ms+3ms
06-08 14:13:07.999   694   697 D dalvikvm: GC_CONCURRENT freed 490K, 8% free 11022K/11911K, paused 2ms+2ms
06-08 14:13:08.179   565   567 D dalvikvm: GC_CONCURRENT freed 766K, 10% free 9994K/11015K, paused 2ms+3ms
06-08 14:13:08.343   565   567 D dalvikvm: GC_CONCURRENT freed 161K, 8% free 10225K/11015K, paused 2ms+2ms
06-08 14:13:08.523   565   567 D dalvikvm: GC_CONCURRENT freed 339K, 7% free 10276K/11015K, paused 2ms+3ms
06-08 14:13:08.710   565   567 D dalvikvm: GC_CONCURRENT freed 370K, 7% free 10300K/11015K, paused 2ms+2ms
06-08 14:13:08.948   565   567 D dalvikvm: GC_CONCURRENT freed 364K, 7% free 10338K/11015K, paused 2ms+3ms
06-08 14:13:09.319   565   567 D dalvikvm: GC_CONCURRENT freed 338K, 6% free 10398K/11015K, paused 1ms+2ms
06-08 14:13:10.870   694   697 D dalvikvm: GC_CONCURRENT freed 532K, 8% free 11064K/11911K, paused 3ms+4ms
06-08 14:13:11.038   565   567 D dalvikvm: GC_CONCURRENT freed 826K, 10% free 9995K/11015K, paused 2ms+2ms
06-08 14:13:11.202   565   567 D dalvikvm: GC_CONCURRENT freed 185K, 8% free 10203K/11015K, paused 1ms+3ms
06-08 14:13:11.394   565   567 D dalvikvm: GC_CONCURRENT freed 329K, 7% free 10269K/11015K, paused 2ms+2ms
06-08 14:13:11.581   565   567 D dalvikvm: GC_CONCURRENT freed 381K, 7% free 10283K/11015K, paused 1ms+4ms
06-08 14:13:11.812   565   567 D dalvikvm: GC_CONCURRENT freed 363K, 7% free 10316K/11015K, paused 2ms+3ms
06-08 14:13:12.128   565   567 D dalvikvm: GC_CONCURRENT freed 340K, 6% free 10371K/11015K, paused 2ms+3ms
06-08 14:13:15.019   694   697 D dalvikvm: GC_CONCURRENT freed 914K, 10% free 10734K/11911K, paused 2ms+2ms
06-08 14:13:15.124   565   567 D dalvikvm: GC_CONCURRENT freed 832K, 10% free 9964K/11015K, paused 2ms+3ms
06-08 14:13:15.288   565   567 D dalvikvm: GC_CONCURRENT freed 203K, 8% free 10154K/11015K, paused 1ms+3ms
06-08 14:13:15.472   565   567 D dalvikvm: GC_CONCURRENT freed 338K, 8% free 10210K/11015K, paused 2ms+2ms
06-08 14:13:15.640   565   567 D dalvikvm: GC_CONCURRENT freed 356K, 7% free 10246K/11015K, paused 1ms+3ms
06-08 14:13:15.933   565   567 D dalvikvm: GC_CONCURRENT freed 351K, 7% free 10285K/11015K, paused 1ms+3ms
06-08 14:13:16.483   565   567 D dalvikvm: GC_CONCURRENT freed 366K, 7% free 10304K/11015K, paused 2ms+2ms
06-08 14:13:17.276   694   697 D dalvikvm: GC_CONCURRENT freed 509K, 11% free 10700K/11911K, paused 2ms+4ms
06-08 14:13:17.405   565   567 D dalvikvm: GC_CONCURRENT freed 623K, 9% free 10105K/11015K, paused 2ms+3ms
06-08 14:13:17.628   565   567 D dalvikvm: GC_CONCURRENT freed 281K, 8% free 10217K/11015K, paused 2ms+3ms
06-08 14:13:17.733   150   559 D dalvikvm: GC_EXPLICIT freed 342K, 9% free 13695K/15047K, paused 2ms+4ms
06-08 14:13:17.874   565   567 D dalvikvm: GC_CONCURRENT freed 369K, 8% free 10243K/11015K, paused 1ms+3ms
06-08 14:13:18.073   565   567 D dalvikvm: GC_CONCURRENT freed 383K, 7% free 10263K/11015K, paused 1ms+3ms
06-08 14:13:18.417   565   567 D dalvikvm: GC_CONCURRENT freed 342K, 7% free 10321K/11015K, paused 1ms+3ms
06-08 14:13:21.019   565   567 D dalvikvm: GC_CONCURRENT freed 753K, 10% free 9992K/11015K, paused 2ms+2ms
06-08 14:13:21.202   565   567 D dalvikvm: GC_CONCURRENT freed 217K, 8% free 10167K/11015K, paused 1ms+2ms
06-08 14:13:21.382   565   567 D dalvikvm: GC_CONCURRENT freed 343K, 8% free 10218K/11015K, paused 2ms+3ms
06-08 14:13:21.558   565   567 D dalvikvm: GC_CONCURRENT freed 373K, 8% free 10236K/11015K, paused 1ms+3ms
06-08 14:13:21.862   565   567 D dalvikvm: GC_CONCURRENT freed 334K, 7% free 10303K/11015K, paused 1ms+3ms
06-08 14:13:23.077   694   697 D dalvikvm: GC_CONCURRENT freed 481K, 10% free 10733K/11911K, paused 2ms+4ms
06-08 14:13:23.187   565   567 D dalvikvm: GC_CONCURRENT freed 832K, 11% free 9894K/11015K, paused 1ms+3ms
06-08 14:13:23.323   565   567 D dalvikvm: GC_CONCURRENT freed 149K, 8% free 10139K/11015K, paused 2ms+2ms
06-08 14:13:23.515   565   567 D dalvikvm: GC_CONCURRENT freed 297K, 8% free 10236K/11015K, paused 2ms+3ms
06-08 14:13:23.663   565  1713 D dalvikvm: GC_EXPLICIT freed 327K, 8% free 10237K/11015K, paused 2ms+3ms
06-08 14:13:23.870   565   567 D dalvikvm: GC_CONCURRENT freed 362K, 7% free 10268K/11015K, paused 2ms+3ms
06-08 14:13:24.202   565   567 D dalvikvm: GC_CONCURRENT freed 341K, 7% free 10326K/11015K, paused 2ms+3ms
06-08 14:13:24.839   565   567 D dalvikvm: GC_CONCURRENT freed 363K, 7% free 10352K/11015K, paused 1ms+3ms
06-08 14:13:27.944   694   697 D dalvikvm: GC_CONCURRENT freed 777K, 13% free 10417K/11911K, paused 15ms+3ms
06-08 14:13:28.144   565   567 D dalvikvm: GC_CONCURRENT freed 924K, 11% free 9818K/11015K, paused 6ms+3ms
06-08 14:13:30.788   565   691 D dalvikvm: GC_FOR_ALLOC freed 284K, 12% free 9772K/11015K, paused 17ms
06-08 14:13:32.398   565   898 D dalvikvm: GC_FOR_ALLOC freed 231K, 12% free 9762K/11015K, paused 16ms
06-08 14:13:33.640   565  1713 D dalvikvm: GC_FOR_ALLOC freed 221K, 12% free 9764K/11015K, paused 16ms
06-08 14:13:35.050   565   634 D dalvikvm: GC_FOR_ALLOC freed 208K, 12% free 9778K/11015K, paused 32ms
06-08 14:13:35.464   694   697 D dalvikvm: GC_CONCURRENT freed 395K, 13% free 10409K/11911K, paused 16ms+2ms
06-08 14:13:37.210   565   634 D dalvikvm: GC_FOR_ALLOC freed 279K, 12% free 9768K/11015K, paused 17ms
06-08 14:13:38.511   565   691 D dalvikvm: GC_FOR_ALLOC freed 228K, 12% free 9763K/11015K, paused 16ms
06-08 14:13:40.616   565   691 D dalvikvm: GC_FOR_ALLOC freed 243K, 12% free 9767K/11015K, paused 30ms
06-08 14:13:42.636   565   691 D dalvikvm: GC_FOR_ALLOC freed 284K, 12% free 9768K/11015K, paused 17ms
06-08 14:13:43.581   694   697 D dalvikvm: GC_CONCURRENT freed 392K, 13% free 10410K/11911K, paused 16ms+3ms
06-08 14:13:44.038   565   898 D dalvikvm: GC_FOR_ALLOC freed 226K, 12% free 9765K/11015K, paused 28ms
06-08 14:13:45.362   565  1713 D dalvikvm: GC_FOR_ALLOC freed 220K, 12% free 9764K/11015K, paused 31ms
06-08 14:13:46.644   565   634 D dalvikvm: GC_FOR_ALLOC freed 205K, 12% free 9764K/11015K, paused 25ms
06-08 14:13:52.050   565   691 D dalvikvm: GC_FOR_ALLOC freed 207K, 12% free 9764K/11015K, paused 40ms
06-08 14:13:54.733   565   898 D dalvikvm: GC_FOR_ALLOC freed 220K, 12% free 9766K/11015K, paused 16ms
06-08 14:13:55.687  1284  1351 I PhoneLab-: Service Running
06-08 14:13:55.749  1284  1351 I PhoneLab-LoggerService: app_38    1355  1284  1836   1464  c00f181c 400107b4 S logcat
06-08 14:13:55.749  1284  1351 I PhoneLab-LoggerService: Logcat pid from database 1355
06-08 14:13:55.749  1284  1351 I PhoneLab-LoggerService: Logcat process found 1355
06-08 14:13:55.749  1284  1351 I PhoneLab-LoggerService: Checking Threshold
06-08 14:13:55.749  1284  1351 I PhoneLab-LoggerService: Starting to rename files
06-08 14:13:55.753  1284  1351 I PhoneLab-LoggerService: Files found .. 2
06-08 14:13:56.101   694   697 D dalvikvm: GC_CONCURRENT freed 389K, 13% free 10409K/11911K, paused 15ms+3ms
06-08 14:13:56.167   150   563 D dalvikvm: GC_EXPLICIT freed 185K, 9% free 13697K/15047K, paused 2ms+5ms
06-08 14:13:56.956   565   576 D dalvikvm: GC_FOR_ALLOC freed 270K, 12% free 9769K/11015K, paused 27ms
06-08 14:13:59.253   565   576 D dalvikvm: GC_FOR_ALLOC freed 259K, 12% free 9764K/11015K, paused 16ms
06-08 14:14:01.472   565   576 D dalvikvm: GC_FOR_ALLOC freed 275K, 12% free 9764K/11015K, paused 39ms
06-08 14:14:04.030   565  1713 D dalvikvm: GC_FOR_ALLOC freed 215K, 12% free 9759K/11015K, paused 32ms
06-08 14:14:05.394   565   577 D dalvikvm: GC_FOR_ALLOC freed 207K, 12% free 9759K/11015K, paused 16ms
06-08 14:14:05.851   694   697 D dalvikvm: GC_CONCURRENT freed 392K, 13% free 10411K/11911K, paused 15ms+2ms
06-08 14:14:08.425   565   577 D dalvikvm: GC_FOR_ALLOC freed 237K, 12% free 9764K/11015K, paused 43ms
06-08 14:14:11.429   565   577 D dalvikvm: GC_FOR_ALLOC freed 259K, 12% free 9764K/11015K, paused 16ms
06-08 14:14:13.546   565   728 D dalvikvm: GC_FOR_ALLOC freed 260K, 12% free 9765K/11015K, paused 40ms
06-08 14:14:15.300   565   576 D dalvikvm: GC_FOR_ALLOC freed 226K, 12% free 9761K/11015K, paused 16ms
06-08 14:14:17.237   565  1713 D dalvikvm: GC_FOR_ALLOC freed 206K, 12% free 9762K/11015K, paused 24ms
06-08 14:14:17.425   694   697 D dalvikvm: GC_CONCURRENT freed 395K, 13% free 10403K/11911K, paused 21ms+8ms
06-08 14:14:19.390   565   577 D dalvikvm: GC_FOR_ALLOC freed 206K, 12% free 9762K/11015K, paused 35ms
06-08 14:14:20.640   150   204 I power   : *** set_screen_state 1
06-08 14:14:20.702   150   204 I WindowManager: Lock screen displayed!
06-08 14:14:20.839    79   118 D SurfaceFlinger: Screen about to return, flinger = 0x1d77918
06-08 14:14:21.761   391   391 D PhoneStatusBar: disable: < expand icons alerts ticker system_info BACK HOME recent* CLOCK >
06-08 14:14:21.773   494  1738 D NfcService: NFC-C ON
06-08 14:14:21.773    82   122 D AudioHardware: AudioHardware pcm playback is exiting standby.
06-08 14:14:21.773    82   122 D AudioHardware: openPcmOut_l() mPcmOpenCnt: 0
06-08 14:14:21.808   391   391 D PhoneStatusBar: disable: < expand icons alerts ticker system_info back* home* recent clock* >
06-08 14:14:22.437   565   577 D dalvikvm: GC_FOR_ALLOC freed 251K, 12% free 9766K/11015K, paused 32ms
06-08 14:14:23.675  1327  1327 D OpenGLRenderer: Flushing caches (mode 1)
06-08 14:14:23.698  1102  1102 D OpenGLRenderer: Flushing caches (mode 0)
06-08 14:14:23.765  1102  1140 I ElegantRequestDirector: I/O exception (org.apache.http.NoHttpResponseException) caught when processing request: The target server failed to respond
06-08 14:14:23.765  1102  1140 I ElegantRequestDirector: Retrying request
06-08 14:14:23.804  1102  1104 D dalvikvm: GC_CONCURRENT freed 438K, 15% free 10115K/11847K, paused 12ms+4ms
06-08 14:14:24.058   565   728 D dalvikvm: GC_FOR_ALLOC freed 244K, 12% free 9762K/11015K, paused 45ms
06-08 14:14:24.085  1102  1102 D OpenGLRenderer: Flushing caches (mode 1)
06-08 14:14:25.687   694   697 D dalvikvm: GC_CONCURRENT freed 389K, 13% free 10402K/11911K, paused 4ms+3ms
06-08 14:14:26.163   565   576 D dalvikvm: GC_FOR_ALLOC freed 242K, 12% free 9764K/11015K, paused 38ms
06-08 14:14:26.651    82   122 D AudioHardware: AudioHardware pcm playback is going to standby.
06-08 14:14:26.651    82   122 D AudioHardware: closePcmOut_l() mPcmOpenCnt: 1
06-08 14:14:27.409  1102  2193 D Finsky  : [147] OnCompleteListenerNotifier.doInBackground: Signature check not required.
06-08 14:14:27.483  1766  1782 D dalvikvm: GC_EXPLICIT freed 214K, 7% free 9313K/9927K, paused 2ms+6ms
06-08 14:14:27.519   150  2194 I AudioService:  AudioFocus  abandonAudioFocus() from android.media.AudioManager@415b6328
06-08 14:14:27.612   150   170 I ActivityManager: Start proc com.android.defcontainer for service com.android.defcontainer/.DefaultContainerService: pid=2195 uid=10010 gids={1015, 2001}
06-08 14:14:27.964   150   170 W ActivityManager: No content provider found for permission revoke: file:///data/data/com.android.providers.downloads/cache/downloadfile.apk
06-08 14:14:28.534   150   170 W ActivityManager: No content provider found for permission revoke: file:///data/data/com.android.providers.downloads/cache/downloadfile.apk
06-08 14:14:28.952   565   576 D dalvikvm: GC_FOR_ALLOC freed 250K, 12% free 9768K/11015K, paused 56ms
06-08 14:14:29.069   150   153 D dalvikvm: JIT code cache reset in 5 ms (1048516 bytes 1/0)
06-08 14:14:29.085   150   153 D dalvikvm: GC_CONCURRENT freed 714K, 7% free 14045K/15047K, paused 3ms+13ms
06-08 14:14:29.433   150   153 D dalvikvm: GC_CONCURRENT freed 1444K, 11% free 13794K/15367K, paused 2ms+5ms
06-08 14:14:29.780    82   122 D AudioHardware: AudioHardware pcm playback is exiting standby.
06-08 14:14:29.780    82   122 D AudioHardware: openPcmOut_l() mPcmOpenCnt: 0
06-08 14:14:29.808   391   391 D dalvikvm: GC_FOR_ALLOC freed 319K, 8% free 9679K/10439K, paused 42ms
06-08 14:14:29.905   391   391 D dalvikvm: GC_FOR_ALLOC freed 194K, 8% free 9671K/10439K, paused 17ms
06-08 14:14:29.976   391   391 D dalvikvm: GC_FOR_ALLOC freed 268K, 8% free 9671K/10439K, paused 21ms
06-08 14:14:30.093   150   493 W InputManagerService: Window already focused, ignoring focus gain of: com.android.internal.view.IInputMethodClient$Stub$Proxy@418ee498
06-08 14:14:30.386   150   153 D dalvikvm: GC_CONCURRENT freed 936K, 10% free 13954K/15367K, paused 10ms+6ms
06-08 14:14:30.569   150   153 D dalvikvm: GC_CONCURRENT freed 1153K, 10% free 13945K/15367K, paused 3ms+6ms
06-08 14:14:30.796   150   153 D dalvikvm: GC_CONCURRENT freed 1148K, 10% free 13980K/15367K, paused 4ms+14ms
06-08 14:14:30.976   150   153 D dalvikvm: GC_CONCURRENT freed 1144K, 9% free 13993K/15367K, paused 3ms+7ms
06-08 14:14:31.163   150   153 D dalvikvm: GC_CONCURRENT freed 1139K, 9% free 13985K/15367K, paused 2ms+7ms
06-08 14:14:31.386   150   153 D dalvikvm: GC_CONCURRENT freed 1158K, 9% free 13992K/15367K, paused 4ms+6ms
06-08 14:14:31.566   150   170 D dalvikvm: GC_EXPLICIT freed 311K, 10% free 13930K/15367K, paused 3ms+14ms
06-08 14:14:31.569  1102  1508 D Finsky  : [135] 1.packageInstalled: Package install status for "com.android.vending" is -104
06-08 14:14:31.569  1102  1508 W Finsky  : [135] 1.packageInstalled: Package name mismatsch: ours:  package manager's: com.android.vending
06-08 14:14:31.999  1615  1617 D dalvikvm: GC_CONCURRENT freed 706K, 41% free 11984K/19975K, paused 5ms+7ms
06-08 14:14:32.132  1615  1617 D dalvikvm: GC_CONCURRENT freed 51K, 36% free 12922K/19975K, paused 3ms+11ms
06-08 14:14:32.323  1615  1644 D dalvikvm: GC_FOR_ALLOC freed 975K, 40% free 12110K/19975K, paused 36ms
06-08 14:14:32.327  1615  1644 I dalvikvm-heap: Grow heap (frag case) to 13.122MB for 1286224-byte allocation
06-08 14:14:32.370  1615  1643 D dalvikvm: GC_FOR_ALLOC freed 2K, 34% free 13364K/19975K, paused 28ms
06-08 14:14:32.507  1615  1617 D dalvikvm: GC_CONCURRENT freed 135K, 33% free 13522K/19975K, paused 2ms+11ms
06-08 14:14:32.655  1615  1644 D dalvikvm: GC_FOR_ALLOC freed 1514K, 39% free 12318K/19975K, paused 31ms
06-08 14:14:32.655  1615  1644 I dalvikvm-heap: Grow heap (frag case) to 13.324MB for 1286224-byte allocation
06-08 14:14:32.694  1615  1615 D dalvikvm: GC_FOR_ALLOC freed <1K, 33% free 13573K/19975K, paused 21ms
06-08 14:14:32.784  1615  1617 D dalvikvm: GC_CONCURRENT freed 2K, 33% free 13572K/19975K, paused 1ms+10ms
06-08 14:14:33.073  1615  1617 D dalvikvm: GC_CONCURRENT freed 2329K, 37% free 12697K/19975K, paused 3ms+5ms
06-08 14:14:33.226   565   691 D dalvikvm: GC_FOR_ALLOC freed 292K, 12% free 9772K/11015K, paused 42ms
06-08 14:14:33.226   150   493 I ActivityManager: START {act=android.intent.action.MAIN cat=[android.intent.category.LAUNCHER] flg=0x10200000 cmp=com.google.android.gm/.ConversationListActivityGmail} from pid 1615
06-08 14:14:33.327   150   493 D dalvikvm: GC_FOR_ALLOC freed 1010K, 16% free 12940K/15367K, paused 55ms
06-08 14:14:33.487  1374  1374 D dalvikvm: GC_EXPLICIT freed 252K, 7% free 10165K/10823K, paused 26ms+5ms
06-08 14:14:33.558  1327  1327 D OpenGLRenderer: Flushing caches (mode 1)
06-08 14:14:33.562  1615  1615 D OpenGLRenderer: Flushing caches (mode 1)
06-08 14:14:33.823  1615  1615 D OpenGLRenderer: Flushing caches (mode 0)
06-08 14:14:33.980   150   559 W InputManagerService: Starting input on non-focused client com.android.internal.view.IInputMethodClient$Stub$Proxy@413a06e0 (uid=10027 pid=1615)
06-08 14:14:34.327  1374  1376 D dalvikvm: GC_CONCURRENT freed 350K, 6% free 10206K/10823K, paused 12ms+4ms
06-08 14:14:34.370  1374  1718 I Gmail   : Sending notification intent: Intent { act=android.intent.action.PROVIDER_CHANGED dat=content://gmail-ls/unread/^i (has extras) }
06-08 14:14:35.124   565   576 D dalvikvm: GC_FOR_ALLOC freed 236K, 12% free 9760K/11015K, paused 19ms
06-08 14:14:36.175    82   122 D AudioHardware: AudioHardware pcm playback is going to standby.
06-08 14:14:36.175    82   122 D AudioHardware: closePcmOut_l() mPcmOpenCnt: 1
06-08 14:14:36.819    82   122 D AudioHardware: AudioHardware pcm playback is exiting standby.
06-08 14:14:36.819    82   122 D AudioHardware: openPcmOut_l() mPcmOpenCnt: 0
06-08 14:14:37.503   565   728 D dalvikvm: GC_FOR_ALLOC freed 209K, 12% free 9760K/11015K, paused 19ms
06-08 14:14:37.507   694   697 D dalvikvm: GC_CONCURRENT freed 383K, 13% free 10403K/11911K, paused 24ms+3ms
06-08 14:14:38.347   150   491 I ActivityManager: START {cmp=com.google.android.gm/.preference.GmailPreferenceActivity} from pid 1374
06-08 14:14:38.722   150  1489 I ActivityManager: No longer want edu.buffalo.cse.phonelab.phonelabservices (pid 1284): hidden #16
06-08 14:14:39.550   150   559 W ActivityManager: Scheduling restart of crashed service edu.buffalo.cse.phonelab.phonelabservices/edu.buffalo.cse.phonelab.datalogger.LoggerService in 5000ms
06-08 14:14:39.577   150   166 I Process : Sending signal. PID: 1374 SIG: 3
06-08 14:14:39.577  1374  1378 I dalvikvm: threadid=3: reacting to signal 3
06-08 14:14:39.612  1374  1378 I dalvikvm: Wrote stack traces to '/data/anr/traces.txt'
06-08 14:14:39.659  1327  1327 D OpenGLRenderer: Flushing caches (mode 1)
06-08 14:14:39.765   150   203 I ActivityManager: Displayed com.google.android.gm/.preference.GmailPreferenceActivity: +1s369ms
06-08 14:14:39.800  1374  1374 D OpenGLRenderer: Flushing caches (mode 0)
06-08 14:14:40.976   565   634 D dalvikvm: GC_FOR_ALLOC freed 208K, 12% free 9761K/11015K, paused 23ms
06-08 14:14:41.292    82   122 D AudioHardware: AudioHardware pcm playback is going to standby.
06-08 14:14:41.292    82   122 D AudioHardware: closePcmOut_l() mPcmOpenCnt: 1
06-08 14:14:41.761   150   563 I ActivityManager: START {act=android.intent.action.MAIN cmp=com.google.android.gm/.preference.GmailPreferenceActivity (has extras)} from pid 1374
06-08 14:14:41.769    82   122 D AudioHardware: AudioHardware pcm playback is exiting standby.
06-08 14:14:41.769    82   122 D AudioHardware: openPcmOut_l() mPcmOpenCnt: 0
06-08 14:14:41.823   150   563 D dalvikvm: GC_FOR_ALLOC freed 408K, 16% free 12969K/15367K, paused 42ms
06-08 14:14:41.956  1374  1376 D dalvikvm: GC_CONCURRENT freed 226K, 4% free 10458K/10823K, paused 3ms+5ms
06-08 14:14:42.136   150   203 I ActivityManager: Displayed com.google.android.gm/.preference.GmailPreferenceActivity: +272ms
06-08 14:14:42.858   565   728 D dalvikvm: GC_FOR_ALLOC freed 209K, 12% free 9760K/11015K, paused 18ms
06-08 14:14:43.523   150   162 D dalvikvm: GC_EXPLICIT freed 187K, 16% free 12944K/15367K, paused 7ms+5ms
06-08 14:14:43.812  1374  1374 D dalvikvm: GC_FOR_ALLOC freed 91K, 4% free 10671K/11015K, paused 24ms
06-08 14:14:43.839  1374  1374 D dalvikvm: GC_FOR_ALLOC freed 15K, 4% free 10818K/11207K, paused 23ms
06-08 14:14:43.866  1374  1374 D dalvikvm: GC_FOR_ALLOC freed 0K, 4% free 10980K/11399K, paused 26ms
06-08 14:14:43.894  1374  1374 D dalvikvm: GC_FOR_ALLOC freed 0K, 3% free 11344K/11591K, paused 23ms
06-08 14:14:44.050  1374  1374 D dalvikvm: GC_FOR_ALLOC freed 3K, 3% free 11910K/12167K, paused 24ms
06-08 14:14:44.534   150   167 I ActivityManager: Start proc edu.buffalo.cse.phonelab.phonelabservices for service edu.buffalo.cse.phonelab.phonelabservices/edu.buffalo.cse.phonelab.datalogger.LoggerService: pid=2222 uid=10038 gids={3003, 1015, 1007, 2001}
06-08 14:14:44.628  2222  2222 I PhoneLab-LoggerService: Start Logger Service
06-08 14:14:44.651  2222  2235 I PhoneLab-: Service Running
06-08 14:14:44.862    82   122 D AudioHardware: AudioHardware pcm playback is going to standby.
06-08 14:14:44.862    82   122 D AudioHardware: closePcmOut_l() mPcmOpenCnt: 1
06-08 14:14:45.437  2222  2235 I PhoneLab-LoggerService: app_38    1355  1     1836   1460  c00f181c 400107b4 S logcat
06-08 14:14:45.441  2222  2235 I PhoneLab-LoggerService: Logcat pid from database 1355
06-08 14:14:45.441  2222  2235 I PhoneLab-LoggerService: Logcat process found 1355
06-08 14:14:45.441  2222  2235 I PhoneLab-LoggerService: Checking Threshold
06-08 14:14:45.441  2222  2235 I PhoneLab-LoggerService: Starting to rename files
06-08 14:14:45.441  2222  2235 I PhoneLab-LoggerService: Files found .. 2
06-08 14:14:45.589   565   728 D dalvikvm: GC_FOR_ALLOC freed 210K, 12% free 9761K/11015K, paused 49ms
06-08 14:14:46.718  1327  1327 D OpenGLRenderer: Flushing caches (mode 1)
06-08 14:14:47.015  1327  1327 D OpenGLRenderer: Flushing caches (mode 1)
06-08 14:14:48.417   150   468 I ActivityManager: START {act=android.intent.action.MAIN cmp=com.google.android.gm/.preference.GmailPreferenceActivity (has extras)} from pid 1374
06-08 14:14:48.425    82   122 D AudioHardware: AudioHardware pcm playback is exiting standby.
06-08 14:14:48.425    82   122 D AudioHardware: openPcmOut_l() mPcmOpenCnt: 0
06-08 14:14:48.765   150   203 I ActivityManager: Displayed com.google.android.gm/.preference.GmailPreferenceActivity: +300ms
06-08 14:14:48.929   565   728 D dalvikvm: GC_FOR_ALLOC freed 266K, 12% free 9763K/11015K, paused 33ms
06-08 14:14:50.292  1374  1376 D dalvikvm: GC_CONCURRENT freed 2185K, 18% free 10624K/12935K, paused 2ms+6ms
06-08 14:14:50.335   565   634 D dalvikvm: GC_FOR_ALLOC freed 225K, 12% free 9759K/11015K, paused 18ms
06-08 14:14:50.515   694   697 D dalvikvm: GC_CONCURRENT freed 388K, 13% free 10404K/11911K, paused 10ms+3ms
06-08 14:14:51.179  1374  1376 D dalvikvm: GC_CONCURRENT freed 124K, 15% free 11027K/12935K, paused 2ms+3ms
06-08 14:14:51.214  1374  1374 D dalvikvm: GC_FOR_ALLOC freed 1K, 11% free 11614K/12935K, paused 24ms
06-08 14:14:52.733   565  1713 D dalvikvm: GC_FOR_ALLOC freed 225K, 12% free 9760K/11015K, paused 46ms
06-08 14:14:53.187    82   122 D AudioHardware: AudioHardware pcm playback is going to standby.
06-08 14:14:53.187    82   122 D AudioHardware: closePcmOut_l() mPcmOpenCnt: 1
06-08 14:14:54.558   565   898 D dalvikvm: GC_FOR_ALLOC freed 242K, 12% free 9762K/11015K, paused 18ms
06-08 14:14:54.644   150   208 I ActivityManager: START {act=android.intent.action.MAIN cat=[android.intent.category.HOME] flg=0x10200000 cmp=com.android.launcher/com.android.launcher2.Launcher} from pid 150
06-08 14:14:54.862   150   562 W InputManagerService: Starting input on non-focused client com.android.internal.view.IInputMethodClient$Stub$Proxy@414c6e18 (uid=10019 pid=1374)
06-08 14:14:54.866  1374  1374 D OpenGLRenderer: Flushing caches (mode 1)
06-08 14:14:56.112   565   728 D dalvikvm: GC_FOR_ALLOC freed 257K, 12% free 9761K/11015K, paused 20ms
06-08 14:14:56.175    82   122 D AudioHardware: AudioHardware pcm playback is exiting standby.
06-08 14:14:56.175    82   122 D AudioHardware: openPcmOut_l() mPcmOpenCnt: 0
06-08 14:14:56.382  1615  1629 D dalvikvm: GC_FOR_ALLOC freed 1975K, 41% free 11808K/19975K, paused 28ms
06-08 14:14:56.472  1615  1617 D dalvikvm: GC_CONCURRENT freed 33K, 37% free 12678K/19975K, paused 2ms+11ms
06-08 14:14:56.593  1615  1642 D dalvikvm: GC_FOR_ALLOC freed 67K, 37% free 12747K/19975K, paused 24ms
06-08 14:14:56.597  1615  1642 I dalvikvm-heap: Grow heap (frag case) to 13.743MB for 1286224-byte allocation
06-08 14:14:56.632  1615  1629 D dalvikvm: GC_FOR_ALLOC freed 1K, 30% free 14001K/19975K, paused 21ms
06-08 14:14:56.753  1615  1617 D dalvikvm: GC_CONCURRENT freed 8K, 27% free 14602K/19975K, paused 2ms+11ms
06-08 14:14:57.062   694   697 D dalvikvm: GC_CONCURRENT freed 388K, 13% free 10407K/11911K, paused 180ms+5ms
06-08 14:14:57.112  1615  1617 D dalvikvm: GC_CONCURRENT freed 3100K, 34% free 13369K/19975K, paused 2ms+4ms
06-08 14:14:57.237  1615  1617 D dalvikvm: GC_CONCURRENT freed 1591K, 35% free 13128K/19975K, paused 2ms+8ms
06-08 14:14:57.331  1615  1711 D dalvikvm: GC_FOR_ALLOC freed 69K, 34% free 13191K/19975K, paused 41ms
06-08 14:14:57.417  1615  1617 D dalvikvm: GC_CONCURRENT freed 6K, 28% free 14556K/19975K, paused 1ms+10ms
06-08 14:14:57.534  1615  1711 D dalvikvm: GC_FOR_ALLOC freed 2569K, 37% free 12767K/19975K, paused 25ms
06-08 14:14:57.534  1615  1711 I dalvikvm-heap: Grow heap (frag case) to 13.763MB for 1286224-byte allocation
06-08 14:14:57.569  1615  1615 D dalvikvm: GC_FOR_ALLOC freed 3K, 30% free 14020K/19975K, paused 20ms
06-08 14:14:57.651  1615  1617 D dalvikvm: GC_CONCURRENT freed <1K, 28% free 14425K/19975K, paused 2ms+4ms
06-08 14:14:57.823  1615  1617 D dalvikvm: GC_CONCURRENT freed 3051K, 35% free 13087K/19975K, paused 1ms+5ms
06-08 14:14:58.905   565   728 D dalvikvm: GC_FOR_ALLOC freed 251K, 12% free 9765K/11015K, paused 17ms
06-08 14:14:59.269    82   122 D AudioHardware: AudioHardware pcm playback is going to standby.
06-08 14:14:59.269    82   122 D AudioHardware: closePcmOut_l() mPcmOpenCnt: 1
06-08 14:15:01.612   565   634 D dalvikvm: GC_FOR_ALLOC freed 228K, 12% free 9763K/11015K, paused 32ms
06-08 14:15:02.300    82   122 D AudioHardware: AudioHardware pcm playback is exiting standby.
06-08 14:15:02.300    82   122 D AudioHardware: openPcmOut_l() mPcmOpenCnt: 0
06-08 14:15:02.398   150  1489 I ActivityManager: START {act=android.intent.action.MAIN cat=[android.intent.category.LAUNCHER] flg=0x10200000 cmp=com.android.videoeditor/.ProjectsActivity} from pid 1615
06-08 14:15:02.487   150   162 I ActivityManager: Start proc com.android.videoeditor for activity com.android.videoeditor/.ProjectsActivity: pid=2252 uid=10049 gids={1015}
06-08 14:15:02.589   150   153 D dalvikvm: GC_CONCURRENT freed 696K, 15% free 13157K/15367K, paused 3ms+12ms
06-08 14:15:02.636   150   203 D dalvikvm: GC_FOR_ALLOC freed 34K, 15% free 13123K/15367K, paused 47ms
06-08 14:15:02.636   150   203 I dalvikvm-heap: Grow heap (frag case) to 13.817MB for 972816-byte allocation
06-08 14:15:02.675  1615  1615 D OpenGLRenderer: Flushing caches (mode 1)
06-08 14:15:02.706   150   468 D dalvikvm: GC_FOR_ALLOC freed <1K, 14% free 14073K/16327K, paused 44ms
06-08 14:15:02.804  2252  2252 D dalvikvm: GC_FOR_ALLOC freed 81K, 3% free 9131K/9347K, paused 19ms
06-08 14:15:02.804  2252  2252 I dalvikvm-heap: Grow heap (frag case) to 9.914MB for 972816-byte allocation
06-08 14:15:02.847  2252  2255 D dalvikvm: GC_CONCURRENT freed 1K, 3% free 10080K/10311K, paused 2ms+1ms
06-08 14:15:02.937  1615  1615 D OpenGLRenderer: Flushing caches (mode 0)
06-08 14:15:02.956  2252  2252 D libEGL  : loaded /system/lib/egl/libGLES_android.so
06-08 14:15:02.968  2252  2252 D libEGL  : loaded /vendor/lib/egl/libEGL_POWERVR_SGX540_120.so
06-08 14:15:02.995  2252  2252 D libEGL  : loaded /vendor/lib/egl/libGLESv1_CM_POWERVR_SGX540_120.so
06-08 14:15:02.999  2252  2252 D libEGL  : loaded /vendor/lib/egl/libGLESv2_POWERVR_SGX540_120.so
06-08 14:15:03.034   150   166 I Process : Sending signal. PID: 2252 SIG: 3
06-08 14:15:03.034  2252  2257 I dalvikvm: threadid=3: reacting to signal 3
06-08 14:15:03.058  2252  2257 I dalvikvm: Wrote stack traces to '/data/anr/traces.txt'
06-08 14:15:03.128  2252  2252 D OpenGLRenderer: Enabling debug mode 0
06-08 14:15:03.175   150   162 W InputManagerService: Starting input on non-focused client com.android.internal.view.IInputMethodClient$Stub$Proxy@413a06e0 (uid=10027 pid=1615)
06-08 14:15:03.284  2252  2255 D dalvikvm: GC_CONCURRENT freed 99K, 2% free 10510K/10695K, paused 16ms+5ms
06-08 14:15:03.374  2252  2268 D dalvikvm: GC_FOR_ALLOC freed 36K, 2% free 10528K/10695K, paused 55ms
06-08 14:15:03.413   150   203 I ActivityManager: Displayed com.android.videoeditor/.ProjectsActivity: +961ms
06-08 14:15:03.417  2252  2268 I dalvikvm-heap: Grow heap (frag case) to 11.667MB for 1382416-byte allocation
06-08 14:15:03.448  2252  2252 D dalvikvm: GC_FOR_ALLOC freed <1K, 2% free 11877K/12103K, paused 23ms
06-08 14:15:03.487  2252  2255 D dalvikvm: GC_CONCURRENT freed <1K, 2% free 11877K/12103K, paused 2ms+5ms
06-08 14:15:03.546   565   634 D dalvikvm: GC_FOR_ALLOC freed 246K, 12% free 9762K/11015K, paused 26ms
06-08 14:15:03.651  2252  2270 D dalvikvm: GC_FOR_ALLOC freed 1847K, 16% free 10846K/12871K, paused 15ms
06-08 14:15:03.655  2252  2270 I dalvikvm-heap: Grow heap (frag case) to 11.979MB for 1382416-byte allocation
06-08 14:15:03.683  2252  2255 D dalvikvm: GC_CONCURRENT freed 1K, 6% free 12195K/12871K, paused 2ms+2ms
06-08 14:15:03.761  2252  2271 D dalvikvm: GC_FOR_ALLOC freed 2167K, 18% free 10845K/13191K, paused 14ms
06-08 14:15:03.761  2252  2271 I dalvikvm-heap: Grow heap (frag case) to 11.977MB for 1382416-byte allocation
06-08 14:15:03.804  2252  2255 D dalvikvm: GC_CONCURRENT freed 1K, 8% free 12194K/13191K, paused 2ms+2ms
06-08 14:15:03.894   150   208 I ActivityManager: START {act=android.intent.action.MAIN cat=[android.intent.category.HOME] flg=0x10200000 cmp=com.android.launcher/com.android.launcher2.Launcher} from pid 150
06-08 14:15:04.003  2252  2252 D OpenGLRenderer: Flushing caches (mode 0)
06-08 14:15:04.050  2252  2252 D OpenGLRenderer: Flushing caches (mode 1)
06-08 14:15:04.554   150   161 I ActivityManager: No longer want com.android.gallery3d (pid 1154): hidden #16
06-08 14:15:05.030   565   898 D dalvikvm: GC_FOR_ALLOC freed 211K, 12% free 9760K/11015K, paused 32ms
06-08 14:15:05.245   150   150 I ActivityManager: START {act=android.intent.action.MAIN cat=[android.intent.category.LAUNCHER] flg=0x10200000 cmp=com.android.browser/.BrowserActivity bnds=[384,706][480,802]} from pid 1615
06-08 14:15:05.468  1615  1615 D OpenGLRenderer: Flushing caches (mode 1)
06-08 14:15:05.480  1615  1615 D OpenGLRenderer: Flushing caches (mode 0)
06-08 14:15:05.714  1441  1441 D dalvikvm: GC_FOR_ALLOC freed 248K, 7% free 10645K/11399K, paused 41ms
06-08 14:15:05.718  1441  1441 I dalvikvm-heap: Grow heap (frag case) to 10.630MB for 172816-byte allocation
06-08 14:15:05.788  1441  1441 D dalvikvm: GC_FOR_ALLOC freed 30K, 7% free 10784K/11591K, paused 69ms
06-08 14:15:05.827  1441  1441 D WebViewTimersControl: onBrowserActivityResume
06-08 14:15:05.827  1441  1441 D WebViewTimersControl: Resuming webview timers, view=com.android.browser.BrowserWebView@414d99f0
06-08 14:15:05.827  1441  1441 W BaseUi  : mMainView is already attached to wrapper in attachTabToContentView!
06-08 14:15:05.827  1441  1441 W BaseUi  : mContainer is already attached to content in attachTabToContentView!
06-08 14:15:05.858   150   166 I Process : Sending signal. PID: 1441 SIG: 3
06-08 14:15:05.858  1441  1445 I dalvikvm: threadid=3: reacting to signal 3
06-08 14:15:05.882  1441  1445 I dalvikvm: Wrote stack traces to '/data/anr/traces.txt'
06-08 14:15:06.085   150   203 I ActivityManager: Displayed com.android.browser/.BrowserActivity: +730ms
06-08 14:15:06.144  1441  1441 D dalvikvm: GC_FOR_ALLOC freed 46K, 6% free 10910K/11591K, paused 25ms
06-08 14:15:06.151  1441  1441 I dalvikvm-heap: Grow heap (frag case) to 11.350MB for 656656-byte allocation
06-08 14:15:06.187  1441  1443 D dalvikvm: GC_CONCURRENT freed 984K, 15% free 10566K/12295K, paused 2ms+3ms
06-08 14:15:06.534  1441  1441 W Tab     : Failed to save back/forward list for http://www.google.com/webhp?client=ms-unknown&source=android-home
06-08 14:15:06.710   565   576 D dalvikvm: GC_FOR_ALLOC freed 206K, 12% free 9759K/11015K, paused 41ms
06-08 14:15:07.237   694   697 D dalvikvm: GC_CONCURRENT freed 392K, 13% free 10404K/11911K, paused 99ms+31ms
06-08 14:15:08.179  2252  2267 E VEApiService: Terminating IntentProcessor-ThumbnailServiceThread
06-08 14:15:08.179  2252  2266 E VEApiService: Terminating IntentProcessor-AudioServiceThread
06-08 14:15:08.179  2252  2265 E VEApiService: Terminating IntentProcessor-VideoServiceThread
06-08 14:15:08.319    82   122 D AudioHardware: AudioHardware pcm playback is going to standby.
06-08 14:15:08.319    82   122 D AudioHardware: closePcmOut_l() mPcmOpenCnt: 1
06-08 14:15:10.464   455   460 D dalvikvm: GC_CONCURRENT freed 877K, 10% free 10079K/11143K, paused 2ms+29ms
06-08 14:15:10.585   455   455 D dalvikvm: GC_FOR_ALLOC freed 76K, 11% free 10002K/11143K, paused 81ms
06-08 14:15:10.597   455   455 I dalvikvm-heap: Grow heap (frag case) to 10.384MB for 577936-byte allocation
06-08 14:15:10.671   455   460 D dalvikvm: GC_CONCURRENT freed <1K, 6% free 10566K/11143K, paused 2ms+16ms
06-08 14:15:10.722   391   393 D dalvikvm: GC_CONCURRENT freed 221K, 6% free 9871K/10439K, paused 2ms+6ms
06-08 14:15:10.870   391   391 D dalvikvm: GC_FOR_ALLOC freed 427K, 8% free 9712K/10503K, paused 35ms
06-08 14:15:11.085   565   728 D dalvikvm: GC_FOR_ALLOC freed 225K, 12% free 9760K/11015K, paused 36ms
06-08 14:15:12.112  1217  1228 I QSB.QsbApplication: allowSuggestionLoginCreation
06-08 14:15:12.823  1441  1443 D dalvikvm: GC_CONCURRENT freed 285K, 14% free 10676K/12295K, paused 10ms+3ms
06-08 14:15:13.491   694   729 D androidNetworkLocationListeners: Still have listener com.google.android.location.internal.client.NetworkLocationClient$1@413596a0
06-08 14:15:13.573   694   729 D androidNetworkLocationListeners: Still have listener com.google.android.location.internal.client.NetworkLocationClient$1@413596a0
06-08 14:15:13.620   694  1576 D WifiLocator: Too many no-location APs. Will not compute a location nor go to the server. hasLocation=0 noLocation=0 cacheMiss=0
06-08 14:15:13.620   694  1576 D CellLocator: Primary cell miss in cache. Need server request.
06-08 14:15:13.644   694   748 I System.out: [INFO:936559]: LogSource: Running flush
06-08 14:15:13.698   694   753 I System.out: [INFO:936613]: LogSource: Sending payload [bytes=323]
06-08 14:15:14.808  1327  1329 D dalvikvm: GC_CONCURRENT freed 359K, 6% free 9838K/10439K, paused 11ms+7ms
06-08 14:15:14.831  1217  1219 D dalvikvm: GC_CONCURRENT freed 296K, 4% free 9173K/9543K, paused 17ms+7ms
06-08 14:15:15.081   694   729 D androidNetworkLocationListeners: Still have listener com.google.android.location.internal.client.NetworkLocationClient$1@413596a0
06-08 14:15:15.093   694   729 D androidNetworkLocationListeners: Still have listener com.google.android.location.internal.client.NetworkLocationClient$1@413596a0
06-08 14:15:15.108   694  1576 D WifiLocator: Too many no-location APs. Will not compute a location nor go to the server. hasLocation=0 noLocation=0 cacheMiss=0
06-08 14:15:15.108   694  1576 D CellLocator: Primary cell miss in cache. Need server request.
06-08 14:15:15.120   694  1576 D WifiLocator: Too many no-location APs. Will not compute a location nor go to the server. hasLocation=0 noLocation=0 cacheMiss=0
06-08 14:15:15.120   694  1576 D CellLocator: Primary cell miss in cache. Need server request.
06-08 14:15:15.577  1327  1327 D OpenGLRenderer: Flushing caches (mode 1)
06-08 14:15:15.675  1217  1228 I QSB.GenieClient: request: chars=1;feeds=[qs, ns];loc=false;auth=false
06-08 14:15:15.839  1441  1682 W chromium: external/chromium/net/spdy/spdy_session.cc:1449: [0608/141515:WARNING:spdy_session.cc(1449)] Could not find "SpdyCwnd" in FieldTrialList
06-08 14:15:16.089   694   753 I System.out: [INFO:939003]: LogSource: Response [http=200,length=149]
06-08 14:15:16.105   694   748 I System.out: [INFO:939021]: LogSource: Read id 4, status code 200
06-08 14:15:16.136   694  1576 D WifiLocator: Too many no-location APs. Will not compute a location nor go to the server. hasLocation=0 noLocation=0 cacheMiss=0
06-08 14:15:16.148   694   748 I System.out: [INFO:939062]: LogSource: Read id 2, status code 200
06-08 14:15:16.210   694   748 I System.out: [INFO:939124]: LogSource: Running flush
06-08 14:15:16.210   694   750 I System.out: [INFO:939125]: LogSource: Sending payload [bytes=265]
06-08 14:15:16.276   694   697 D dalvikvm: GC_CONCURRENT freed 356K, 13% free 10448K/11911K, paused 2ms+4ms
06-08 14:15:16.851   694   750 I System.out: [INFO:939765]: LogSource: Response [http=200,length=226]
06-08 14:15:16.851   694   748 I System.out: [INFO:939767]: LogSource: Read id 5, status code 200
06-08 14:15:17.214   565  1713 D dalvikvm: GC_FOR_ALLOC freed 254K, 12% free 9766K/11015K, paused 94ms
06-08 14:15:17.390  1217  1228 I QSB.GenieClient: response: suggestions=0;0;0;0;0;0;0;
06-08 14:15:17.714  1217  2288 I QSB.QsbApplication: allowSuggestionLoginCreation
06-08 14:15:17.753  1217  2288 I QSB.GenieClient: request: chars=3;feeds=[qs, ns];loc=true;auth=false
06-08 14:15:18.054  1217  2288 I QSB.GenieClient: response: suggestions=0;0;0;0;0;0;0;
06-08 14:15:18.132  1441  1443 D dalvikvm: GC_CONCURRENT freed 377K, 13% free 10775K/12295K, paused 25ms+7ms
06-08 14:15:18.280  1217  1228 I QSB.QsbApplication: allowSuggestionLoginCreation
06-08 14:15:18.366  1217  1228 I QSB.GenieClient: request: chars=4;feeds=[qs, ns];loc=true;auth=false
06-08 14:15:18.523  1217  1219 D dalvikvm: GC_CONCURRENT freed 341K, 5% free 9260K/9735K, paused 5ms+2ms
06-08 14:15:18.851  1217  1228 I QSB.GenieClient: response: suggestions=0;0;0;0;0;0;0;
06-08 14:15:18.917  1441  1443 D dalvikvm: GC_CONCURRENT freed 350K, 12% free 10917K/12295K, paused 2ms+3ms
06-08 14:15:18.952  1217  1228 I QSB.QsbApplication: allowSuggestionLoginCreation
06-08 14:15:18.960  1217  1228 I QSB.GenieClient: request: chars=8;feeds=[qs, ns];loc=true;auth=false
06-08 14:15:19.276  1217  1228 I QSB.GenieClient: response: suggestions=0;0;0;0;0;0;0;
06-08 14:15:19.296  1217  1229 I QSB.QsbApplication: allowSuggestionLoginCreation
06-08 14:15:19.304  1217  1229 I QSB.GenieClient: request: chars=9;feeds=[qs, ns];loc=true;auth=false
06-08 14:15:19.620   150   562 D dalvikvm: GC_EXPLICIT freed 1683K, 20% free 13185K/16327K, paused 7ms+8ms
06-08 14:15:19.655   565   728 D dalvikvm: GC_FOR_ALLOC freed 234K, 12% free 9761K/11015K, paused 24ms
06-08 14:15:19.663  1217  1229 I QSB.GenieClient: response: suggestions=0;0;0;0;0;0;0;
06-08 14:15:19.718  1217  1228 I QSB.QsbApplication: allowSuggestionLoginCreation
06-08 14:15:19.726  1217  1228 I QSB.GenieClient: request: chars=10;feeds=[qs, ns];loc=true;auth=false
06-08 14:15:19.980  1217  1228 I QSB.GenieClient: response: suggestions=0;0;0;0;0;0;0;
06-08 14:15:20.026  1217  2288 I QSB.QsbApplication: allowSuggestionLoginCreation
06-08 14:15:20.030  1217  2288 I QSB.GenieClient: request: chars=11;feeds=[qs, ns];loc=true;auth=false
06-08 14:15:20.269  1217  1219 D dalvikvm: GC_CONCURRENT freed 397K, 6% free 9268K/9799K, paused 2ms+3ms
06-08 14:15:20.284  1217  2288 I QSB.GenieClient: response: suggestions=0;0;0;0;0;0;0;
06-08 14:15:20.339  1217  1229 I QSB.QsbApplication: allowSuggestionLoginCreation
06-08 14:15:20.343  1217  1229 I QSB.GenieClient: request: chars=13;feeds=[qs, ns];loc=true;auth=false
06-08 14:15:20.601  1217  1229 I QSB.GenieClient: response: suggestions=0;0;0;
06-08 14:15:20.714  1441  1443 D dalvikvm: GC_CONCURRENT freed 523K, 12% free 10942K/12295K, paused 2ms+4ms
06-08 14:15:21.355   565   577 D dalvikvm: GC_FOR_ALLOC freed 209K, 12% free 9762K/11015K, paused 23ms
06-08 14:15:23.495   150   468 I ActivityManager: Process com.android.quicksearchbox (pid 1231) has died.
06-08 14:15:23.546   565   898 D dalvikvm: GC_FOR_ALLOC freed 227K, 12% free 9759K/11015K, paused 30ms
06-08 14:15:23.804  1217  1228 I QSB.QsbApplication: allowSuggestionLoginCreation
06-08 14:15:23.812  1217  1228 I QSB.GenieClient: request: chars=14;feeds=[qs, ns];loc=true;auth=false
06-08 14:15:23.983   455   460 D dalvikvm: GC_CONCURRENT freed 466K, 6% free 10546K/11143K, paused 8ms+3ms
06-08 14:15:24.085  1217  1228 I QSB.GenieClient: response: suggestions=0;0;0;
06-08 14:15:24.737  1217  2288 I QSB.QsbApplication: allowSuggestionLoginCreation
06-08 14:15:24.745  1217  2288 I QSB.GenieClient: request: chars=15;feeds=[qs, ns];loc=true;auth=false
06-08 14:15:24.921  1441  1443 D dalvikvm: GC_CONCURRENT freed 567K, 12% free 10898K/12295K, paused 2ms+6ms
06-08 14:15:24.983  1217  2288 I QSB.GenieClient: response: suggestions=
06-08 14:15:24.995  1217  1229 I QSB.QsbApplication: allowSuggestionLoginCreation
06-08 14:15:25.011  1217  1229 I QSB.GenieClient: request: chars=16;feeds=[qs, ns];loc=true;auth=false
06-08 14:15:25.105   565   576 D dalvikvm: GC_FOR_ALLOC freed 205K, 12% free 9760K/11015K, paused 27ms
06-08 14:15:25.179  1217  1229 I QSB.GenieClient: response: suggestions=
06-08 14:15:25.257  1217  1228 I QSB.QsbApplication: allowSuggestionLoginCreation
06-08 14:15:25.269  1217  1228 I QSB.GenieClient: request: chars=17;feeds=[qs, ns];loc=true;auth=false
06-08 14:15:25.452  1217  1228 I QSB.GenieClient: response: suggestions=
06-08 14:15:25.593   694   697 D dalvikvm: GC_CONCURRENT freed 402K, 13% free 10442K/11911K, paused 15ms+7ms
06-08 14:15:26.183  1217  2288 I QSB.QsbApplication: allowSuggestionLoginCreation
06-08 14:15:26.191  1217  2288 I QSB.GenieClient: request: chars=18;feeds=[qs, ns];loc=true;auth=false
06-08 14:15:26.374  1217  2288 I QSB.GenieClient: response: suggestions=
06-08 14:15:26.714  1217  1229 I QSB.QsbApplication: allowSuggestionLoginCreation
06-08 14:15:26.722  1217  1229 I QSB.GenieClient: request: chars=19;feeds=[qs, ns];loc=true;auth=false
06-08 14:15:26.929  1217  1229 I QSB.GenieClient: response: suggestions=
06-08 14:15:26.960   565   728 D dalvikvm: GC_FOR_ALLOC freed 205K, 12% free 9777K/11015K, paused 21ms
06-08 14:15:27.019  1441  1667 D dalvikvm: GC_EXPLICIT freed 265K, 13% free 10787K/12295K, paused 5ms+4ms
06-08 14:15:27.023  1217  1228 I QSB.QsbApplication: allowSuggestionLoginCreation
06-08 14:15:27.023  1217  1228 I QSB.GenieClient: request: chars=20;feeds=[qs, ns];loc=true;auth=false
06-08 14:15:27.269  1217  1228 I QSB.GenieClient: response: suggestions=
06-08 14:15:27.300  1217  2288 I QSB.QsbApplication: allowSuggestionLoginCreation
06-08 14:15:27.304  1217  2288 I QSB.GenieClient: request: chars=21;feeds=[qs, ns];loc=true;auth=false
06-08 14:15:27.663  1217  1219 D dalvikvm: GC_CONCURRENT freed 398K, 6% free 9281K/9799K, paused 25ms+3ms
06-08 14:15:27.667  1217  2288 I QSB.GenieClient: response: suggestions=
06-08 14:15:28.136   391   391 D dalvikvm: GC_FOR_ALLOC freed 382K, 8% free 9707K/10503K, paused 47ms
06-08 14:15:28.566   694   729 D androidNetworkLocationListeners: Still have listener com.google.android.location.internal.client.NetworkLocationClient$1@413596a0
06-08 14:15:28.573   694  1576 D WifiLocator: Too many no-location APs. Will not compute a location nor go to the server. hasLocation=0 noLocation=0 cacheMiss=0
06-08 14:15:28.944   565   577 D dalvikvm: GC_FOR_ALLOC freed 225K, 12% free 9760K/11015K, paused 27ms
06-08 14:15:31.780  1327  1327 D OpenGLRenderer: Flushing caches (mode 1)
06-08 14:15:31.991  1878  1925 I CalendarProvider2: No events to update: uri=content://com.android.calendar/events?account_name=steven.y.ko%40gmail.com&account_type=com.google&caller_is_syncadapter=true selection=_sync_id IS NOT NULL AND calendar_id=1 selectionArgs=null
06-08 14:15:38.593  1905  1908 D dalvikvm: GC_CONCURRENT freed 292K, 5% free 9312K/9735K, paused 19ms+2ms
06-08 14:15:38.933  1441  1443 D dalvikvm: GC_CONCURRENT freed 460K, 13% free 10794K/12295K, paused 2ms+4ms
06-08 14:15:39.191  1878  1880 D dalvikvm: GC_CONCURRENT freed 372K, 6% free 9233K/9735K, paused 2ms+2ms
06-08 14:15:40.534  1878  1880 D dalvikvm: GC_CONCURRENT freed 247K, 4% free 9419K/9799K, paused 3ms+3ms
06-08 14:15:40.956  1905  1908 D dalvikvm: GC_CONCURRENT freed 332K, 5% free 9407K/9863K, paused 2ms+2ms
06-08 14:15:41.148   150   161 I ActivityManager: Process com.android.deskclock (pid 1866) has died.
06-08 14:15:41.222  1878  1880 D dalvikvm: GC_CONCURRENT freed 558K, 7% free 9302K/9991K, paused 6ms+7ms
06-08 14:15:41.382   150   493 D dalvikvm: GC_EXPLICIT freed 499K, 20% free 13109K/16327K, paused 8ms+6ms
06-08 14:15:41.847   150   162 I ActivityManager: Process com.google.android.gallery3d (pid 1169) has died.
06-08 14:15:42.081   565   728 D dalvikvm: GC_EXPLICIT freed 180K, 12% free 9770K/11015K, paused 12ms+3ms
06-08 14:15:42.155  1327  1327 D OpenGLRenderer: Flushing caches (mode 1)
06-08 14:15:42.870  1327  1327 D OpenGLRenderer: Flushing caches (mode 1)
06-08 14:15:42.972   694   697 D dalvikvm: GC_CONCURRENT freed 375K, 13% free 10454K/11911K, paused 3ms+4ms
06-08 14:15:53.761   565   567 D dalvikvm: GC_CONCURRENT freed 332K, 11% free 9838K/11015K, paused 1ms+9ms
06-08 14:15:54.941    82   122 D AudioHardware: AudioHardware pcm playback is exiting standby.
06-08 14:15:54.941    82   122 D AudioHardware: openPcmOut_l() mPcmOpenCnt: 0
06-08 14:15:56.417   565   577 D dalvikvm: GC_FOR_ALLOC freed 240K, 12% free 9763K/11015K, paused 18ms
06-08 14:15:58.034    82   122 D AudioHardware: AudioHardware pcm playback is going to standby.
06-08 14:15:58.034    82   122 D AudioHardware: closePcmOut_l() mPcmOpenCnt: 1
06-08 14:15:58.292   694   697 D dalvikvm: GC_CONCURRENT freed 399K, 13% free 10447K/11911K, paused 70ms+3ms
06-08 14:15:58.358   565   577 D dalvikvm: GC_FOR_ALLOC freed 264K, 12% free 9768K/11015K, paused 33ms
06-08 14:15:59.827   565   898 D dalvikvm: GC_FOR_ALLOC freed 214K, 12% free 9764K/11015K, paused 37ms
06-08 14:16:01.046   565   634 D dalvikvm: GC_FOR_ALLOC freed 208K, 12% free 9764K/11015K, paused 29ms
06-08 14:16:01.745    82   122 D AudioHardware: AudioHardware pcm playback is exiting standby.
06-08 14:16:01.745    82   122 D AudioHardware: openPcmOut_l() mPcmOpenCnt: 0
06-08 14:16:04.483   565   691 D dalvikvm: GC_FOR_ALLOC freed 225K, 12% free 9765K/11015K, paused 18ms
06-08 14:16:05.347  1441  1448 I dalvikvm: Jit: resizing JitTable from 4096 to 8192
06-08 14:16:06.077   565   577 D dalvikvm: GC_FOR_ALLOC freed 225K, 12% free 9765K/11015K, paused 34ms
06-08 14:16:06.784    82   122 D AudioHardware: AudioHardware pcm playback is going to standby.
06-08 14:16:06.784    82   122 D AudioHardware: closePcmOut_l() mPcmOpenCnt: 1
06-08 14:16:07.448   565   898 D dalvikvm: GC_FOR_ALLOC freed 212K, 12% free 9765K/11015K, paused 35ms
06-08 14:16:07.886   694   697 D dalvikvm: GC_CONCURRENT freed 397K, 13% free 10448K/11911K, paused 5ms+3ms
06-08 14:16:09.327   565   898 D dalvikvm: GC_FOR_ALLOC freed 261K, 12% free 9768K/11015K, paused 18ms
06-08 14:16:11.304  1441  1443 D dalvikvm: GC_CONCURRENT freed 475K, 13% free 10799K/12295K, paused 6ms+4ms
06-08 14:16:11.499  1878  1878 I CalendarProvider2: Sending notification intent: Intent { act=android.intent.action.PROVIDER_CHANGED dat=content://com.android.calendar }
06-08 14:16:11.499  1878  1878 W ContentResolver: Failed to get type for: content://com.android.calendar (Unknown URL content://com.android.calendar)
06-08 14:16:11.624  1878  1893 D dalvikvm: GC_EXPLICIT freed 258K, 8% free 9207K/9991K, paused 8ms+7ms
06-08 14:16:13.222   565   577 D dalvikvm: GC_FOR_ALLOC freed 298K, 12% free 9774K/11015K, paused 38ms
06-08 14:16:15.917   565   577 D dalvikvm: GC_FOR_ALLOC freed 288K, 12% free 9769K/11015K, paused 36ms
06-08 14:16:18.187   565   898 D dalvikvm: GC_FOR_ALLOC freed 212K, 12% free 9765K/11015K, paused 17ms
06-08 14:16:19.003   694   697 D dalvikvm: GC_CONCURRENT freed 397K, 13% free 10437K/11911K, paused 16ms+3ms
06-08 14:16:20.073   565   634 D dalvikvm: GC_FOR_ALLOC freed 207K, 12% free 9767K/11015K, paused 33ms
06-08 14:16:28.534   565   691 D dalvikvm: GC_FOR_ALLOC freed 226K, 12% free 9767K/11015K, paused 17ms
06-08 14:16:31.417   565   577 D dalvikvm: GC_FOR_ALLOC freed 211K, 12% free 9766K/11015K, paused 18ms
06-08 14:16:33.296   565   898 D dalvikvm: GC_FOR_ALLOC freed 209K, 12% free 9768K/11015K, paused 26ms
06-08 14:16:35.937   565   898 D dalvikvm: GC_FOR_ALLOC freed 253K, 12% free 9772K/11015K, paused 18ms
06-08 14:16:36.671   694   697 D dalvikvm: GC_CONCURRENT freed 389K, 13% free 10442K/11911K, paused 21ms+3ms
06-08 14:16:39.116   565   634 D dalvikvm: GC_FOR_ALLOC freed 227K, 12% free 9767K/11015K, paused 18ms
06-08 14:16:41.366   565   691 D dalvikvm: GC_FOR_ALLOC freed 205K, 12% free 9767K/11015K, paused 18ms
06-08 14:16:42.069   150   562 D dalvikvm: GC_EXPLICIT freed 406K, 20% free 13115K/16327K, paused 3ms+5ms
06-08 14:16:43.015   565   728 D dalvikvm: GC_FOR_ALLOC freed 209K, 12% free 9767K/11015K, paused 18ms
06-08 14:16:44.292   565  1713 D dalvikvm: GC_FOR_ALLOC freed 211K, 12% free 9762K/11015K, paused 17ms
06-08 14:16:44.675  2222  2235 I PhoneLab-: Service Running
06-08 14:16:44.800  2222  2235 I PhoneLab-LoggerService: app_38    1355  1     1836   1460  c00f181c 400107b4 S logcat
06-08 14:16:44.800  2222  2235 I PhoneLab-LoggerService: Logcat pid from database 1355
06-08 14:16:44.804  2222  2235 I PhoneLab-LoggerService: Logcat process found 1355
06-08 14:16:44.804  2222  2235 I PhoneLab-LoggerService: Checking Threshold
06-08 14:16:44.835  2222  2235 I PhoneLab-LoggerService: Starting to rename files
06-08 14:16:44.835  2222  2235 I PhoneLab-LoggerService: Files found .. 2
06-08 14:16:45.597   565   634 D dalvikvm: GC_FOR_ALLOC freed 206K, 12% free 9762K/11015K, paused 18ms
06-08 14:16:45.941  1327  1327 D OpenGLRenderer: Flushing caches (mode 1)
06-08 14:16:45.987  1878  1897 I CalendarProvider2: No events to update: uri=content://com.android.calendar/events?account_name=steven.y.ko%40gmail.com&account_type=com.google&caller_is_syncadapter=true selection=_sync_id IS NOT NULL AND calendar_id=2 selectionArgs=null
06-08 14:16:46.566  1327  1327 D OpenGLRenderer: Flushing caches (mode 1)
06-08 14:16:46.628  1878  1893 I CalendarProvider2: No events to update: uri=content://com.android.calendar/events?account_name=steven.y.ko%40gmail.com&account_type=com.google&caller_is_syncadapter=true selection=_sync_id IS NOT NULL AND calendar_id=3 selectionArgs=null
06-08 14:16:47.276  1905  1908 D dalvikvm: GC_CONCURRENT freed 487K, 7% free 9312K/9927K, paused 4ms+2ms
06-08 14:16:47.648  1878  1880 D dalvikvm: GC_CONCURRENT freed 324K, 8% free 9268K/9991K, paused 2ms+3ms
06-08 14:16:47.683  1327  1327 D OpenGLRenderer: Flushing caches (mode 1)
06-08 14:16:47.722  1878  1892 I CalendarProvider2: No events to update: uri=content://com.android.calendar/events?account_name=steven.y.ko%40gmail.com&account_type=com.google&caller_is_syncadapter=true selection=_sync_id IS NOT NULL AND calendar_id=4 selectionArgs=null
06-08 14:16:48.327  1905  2334 D dalvikvm: GC_EXPLICIT freed 269K, 7% free 9251K/9927K, paused 2ms+3ms
06-08 14:16:48.401   694   697 D dalvikvm: GC_CONCURRENT freed 390K, 13% free 10436K/11911K, paused 6ms+4ms
06-08 14:16:48.425  1327  1327 D OpenGLRenderer: Flushing caches (mode 1)
06-08 14:16:49.144  1327  1327 D OpenGLRenderer: Flushing caches (mode 1)
06-08 14:16:49.874  1327  1327 D OpenGLRenderer: Flushing caches (mode 1)
06-08 14:16:50.913  1878  1893 D dalvikvm: GC_EXPLICIT freed 291K, 8% free 9264K/9991K, paused 3ms+3ms
06-08 14:16:50.948  1327  1327 D OpenGLRenderer: Flushing caches (mode 1)
06-08 14:16:50.983  1905  1908 D dalvikvm: GC_CONCURRENT freed 361K, 7% free 9275K/9927K, paused 2ms+2ms
06-08 14:16:51.487   150   195 D dalvikvm: GC_EXPLICIT freed 384K, 20% free 13116K/16327K, paused 8ms+10ms
06-08 14:16:51.636  1327  1327 D OpenGLRenderer: Flushing caches (mode 1)
06-08 14:16:53.386   694   697 D dalvikvm: GC_CONCURRENT freed 331K, 12% free 10492K/11911K, paused 2ms+4ms
06-08 14:17:06.108   150   209 I InputReader: Reconfiguring input devices.  changes=0x00000004
06-08 14:17:06.108   150   209 I InputReader: Device reconfigured: id=7, name='mxt224_ts_input', surface size is now 480x800, mode is 1
06-08 14:17:06.120   150   166 I ActivityManager: Config changed: {1.0 310mcc120mnc en_US layoutdir=0 sw320dp w533dp h294dp nrml long land finger -keyb/v/h -nav/h s.12}
06-08 14:17:06.155  1441  1441 D OpenGLRenderer: Flushing caches (mode 0)
06-08 14:17:06.417   391   393 D dalvikvm: GC_CONCURRENT freed 411K, 8% free 9680K/10503K, paused 2ms+86ms
06-08 14:17:06.507   150   562 I ActivityManager: Process com.android.vending (pid 1102) has died.
06-08 14:17:06.905   150   563 D AlarmManagerService: Kernel timezone updated to 240 minutes west of GMT
06-08 14:17:08.671   150   203 D dalvikvm: GC_EXPLICIT freed 199K, 20% free 13086K/16327K, paused 28ms+5ms
06-08 14:17:18.230  1878  1878 I CalendarProvider2: Sending notification intent: Intent { act=android.intent.action.PROVIDER_CHANGED dat=content://com.android.calendar }
06-08 14:17:18.230  1878  1878 W ContentResolver: Failed to get type for: content://com.android.calendar (Unknown URL content://com.android.calendar)
06-08 14:17:21.409   150   161 D AlarmManagerService: Kernel timezone updated to 240 minutes west of GMT
06-08 14:17:24.233   150   200 I power   : *** set_screen_state 0
06-08 14:17:24.269    79   118 D SurfaceFlinger: About to give-up screen, flinger = 0x1d77918
06-08 14:17:24.335  1441  1661 I SqliteDatabaseCpp: sqlite returned: error code = 1, msg = no such table: Permissions, db=/data/data/com.android.browser/databases/webview.db
06-08 14:17:24.347  1441  1441 D WebViewTimersControl: onBrowserActivityPause
06-08 14:17:24.347  1441  1441 D WebViewTimersControl: Pausing webview timers, view=com.android.browser.BrowserWebView@414d99f0
06-08 14:17:24.495   494   592 D NfcService: NFC-C OFF, disconnect
06-08 14:17:29.437   150   204 V TransportControlView: Create TCV com.android.internal.widget.TransportControlView@4181b518
06-08 14:17:29.492   150   153 D dalvikvm: GC_CONCURRENT freed 211K, 15% free 13892K/16327K, paused 5ms+4ms
06-08 14:17:29.527   391   391 D PhoneStatusBar: disable: < expand icons alerts ticker system_info back home RECENT* clock >
06-08 14:17:29.543  1327  1327 D OpenGLRenderer: Flushing caches (mode 1)
06-08 14:17:29.570   150   204 D android.widget.GridLayout: horizontal constraints: x1 - x0 > 214, x2 - x1 > 96, x3 - x2 > 300, x3 - x0 < 480 are inconsistent; permanently removing: x3 - x0 < 480. 
06-08 14:17:29.574   150   209 I InputReader: Reconfiguring input devices.  changes=0x00000004
06-08 14:17:29.574   150   209 I InputReader: Device reconfigured: id=7, name='mxt224_ts_input', surface size is now 480x800, mode is 1
06-08 14:17:49.015   150   204 I ActivityManager: Config changed: {1.0 310mcc120mnc en_US layoutdir=0 sw320dp w320dp h508dp nrml long port finger -keyb/v/h -nav/h s.13}
06-08 14:17:49.054  1441  1441 D OpenGLRenderer: Flushing caches (mode 0)
06-08 14:17:49.144   150   204 I power   : *** set_screen_state 1
06-08 14:17:49.191   150   204 V TransportControlView: Create TCV com.android.internal.widget.TransportControlView@4158b6e0
06-08 14:17:49.207   391   391 D PhoneStatusBar: disable: < expand icons alerts ticker system_info BACK* HOME* RECENT CLOCK* >
06-08 14:17:49.234  1441  1441 D WebViewTimersControl: onBrowserActivityResume
06-08 14:17:49.234  1441  1441 D WebViewTimersControl: Resuming webview timers, view=com.android.browser.BrowserWebView@414d99f0
06-08 14:17:49.234  1441  1441 W BaseUi  : mMainView is already attached to wrapper in attachTabToContentView!
06-08 14:17:49.254  1441  1441 W BaseUi  : mContainer is already attached to content in attachTabToContentView!
06-08 14:17:49.355   150   204 I WindowManager: Lock screen displayed!
06-08 14:17:49.382    79   118 D SurfaceFlinger: Screen about to return, flinger = 0x1d77918
06-08 14:17:50.695   391   391 D PhoneStatusBar: disable: < expand icons alerts ticker system_info BACK HOME recent* CLOCK >
06-08 14:17:50.699   494  1733 D NfcService: NFC-C ON
06-08 14:17:50.711    82   122 D AudioHardware: AudioHardware pcm playback is exiting standby.
06-08 14:17:50.711    82   122 D AudioHardware: openPcmOut_l() mPcmOpenCnt: 0
06-08 14:17:50.718   391   391 D PhoneStatusBar: disable: < expand icons alerts ticker system_info back* home* recent clock* >
06-08 14:17:50.718   150  1489 W InputManagerService: Window already focused, ignoring focus gain of: com.android.internal.view.IInputMethodClient$Stub$Proxy@41322478
06-08 14:17:53.875    82   122 D AudioHardware: AudioHardware pcm playback is going to standby.
06-08 14:17:53.875    82   122 D AudioHardware: closePcmOut_l() mPcmOpenCnt: 1
06-08 14:17:54.472   150   200 I power   : *** set_screen_state 0
06-08 14:17:54.507    79   118 D SurfaceFlinger: About to give-up screen, flinger = 0x1d77918
06-08 14:17:54.531   150   204 V TransportControlView: Create TCV com.android.internal.widget.TransportControlView@41572640
06-08 14:17:54.539  1441  1441 D WebViewTimersControl: onBrowserActivityPause
06-08 14:17:54.539  1441  1441 D WebViewTimersControl: Pausing webview timers, view=com.android.browser.BrowserWebView@414d99f0
06-08 14:17:54.539  1441  1661 I SqliteDatabaseCpp: sqlite returned: error code = 1, msg = no such table: Permissions, db=/data/data/com.android.browser/databases/webview.db
06-08 14:17:54.601   391   391 D PhoneStatusBar: disable: < expand icons alerts ticker system_info back home RECENT* clock >
06-08 14:17:54.617    82   122 D AudioHardware: AudioHardware pcm playback is exiting standby.
06-08 14:17:54.617    82   122 D AudioHardware: openPcmOut_l() mPcmOpenCnt: 0
06-08 14:17:54.621   391   391 D PhoneStatusBar: disable: < expand icons alerts ticker system_info BACK* HOME* RECENT CLOCK* >
06-08 14:17:54.636  1327  1327 D OpenGLRenderer: Flushing caches (mode 1)
06-08 14:17:54.644   494  1735 D NfcService: NFC-C OFF, disconnect
06-08 14:17:54.863   150   204 I power   : *** set_screen_state 1
06-08 14:17:54.949  1441  1441 D WebViewTimersControl: onBrowserActivityResume
06-08 14:17:54.949  1441  1441 D WebViewTimersControl: Resuming webview timers, view=com.android.browser.BrowserWebView@414d99f0
06-08 14:17:54.949  1441  1441 W BaseUi  : mMainView is already attached to wrapper in attachTabToContentView!
06-08 14:17:54.949  1441  1441 W BaseUi  : mContainer is already attached to content in attachTabToContentView!
06-08 14:17:54.988   150   204 I WindowManager: Lock screen displayed!
06-08 14:17:55.070    79   118 D SurfaceFlinger: Screen about to return, flinger = 0x1d77918
06-08 14:17:56.269   150   200 I power   : *** set_screen_state 0
06-08 14:17:56.304    79   118 D SurfaceFlinger: About to give-up screen, flinger = 0x1d77918
06-08 14:17:56.394   150   201 D dalvikvm: GC_FOR_ALLOC freed 1079K, 15% free 13900K/16327K, paused 56ms
06-08 14:17:56.410  1441  1441 D WebViewTimersControl: onBrowserActivityPause
06-08 14:17:56.410  1441  1441 D WebViewTimersControl: Pausing webview timers, view=com.android.browser.BrowserWebView@414d99f0
06-08 14:17:56.410  1441  1661 I SqliteDatabaseCpp: sqlite returned: error code = 1, msg = no such table: Permissions, db=/data/data/com.android.browser/databases/webview.db
06-08 14:17:56.515   150   204 D dalvikvm: GC_FOR_ALLOC freed 146K, 12% free 14451K/16327K, paused 45ms
06-08 14:17:56.515   150   204 I dalvikvm-heap: Grow heap (frag case) to 14.287MB for 104992-byte allocation
06-08 14:17:56.566   150   493 D dalvikvm: GC_FOR_ALLOC freed 5K, 12% free 14548K/16455K, paused 39ms
06-08 14:17:56.570   150   204 V TransportControlView: Create TCV com.android.internal.widget.TransportControlView@4161a170
06-08 14:17:57.777    82   122 D AudioHardware: AudioHardware pcm playback is going to standby.
06-08 14:17:57.777    82   122 D AudioHardware: closePcmOut_l() mPcmOpenCnt: 1
06-08 14:19:12.011   150   204 I power   : *** set_screen_state 1
06-08 14:19:12.043  1441  1441 D WebViewTimersControl: onBrowserActivityResume
06-08 14:19:12.043  1441  1441 D WebViewTimersControl: Resuming webview timers, view=com.android.browser.BrowserWebView@414d99f0
06-08 14:19:12.043  1441  1441 W BaseUi  : mMainView is already attached to wrapper in attachTabToContentView!
06-08 14:19:12.043  1441  1441 W BaseUi  : mContainer is already attached to content in attachTabToContentView!
06-08 14:19:12.136   150   562 D AlarmManagerService: Kernel timezone updated to 240 minutes west of GMT
06-08 14:19:12.195   150   204 I WindowManager: Lock screen displayed!
06-08 14:19:12.242    79   118 D SurfaceFlinger: Screen about to return, flinger = 0x1d77918
06-08 14:19:14.816   150   200 I power   : *** set_screen_state 0
06-08 14:19:14.855    79   118 D SurfaceFlinger: About to give-up screen, flinger = 0x1d77918
06-08 14:19:14.925   150   201 D dalvikvm: GC_FOR_ALLOC freed 964K, 16% free 13948K/16455K, paused 43ms
06-08 14:19:14.925  1441  1441 D WebViewTimersControl: onBrowserActivityPause
06-08 14:19:14.925  1441  1441 D WebViewTimersControl: Pausing webview timers, view=com.android.browser.BrowserWebView@414d99f0
06-08 14:19:14.929  1441  1661 I SqliteDatabaseCpp: sqlite returned: error code = 1, msg = no such table: Permissions, db=/data/data/com.android.browser/databases/webview.db
06-08 14:19:14.984   150   204 V TransportControlView: Create TCV com.android.internal.widget.TransportControlView@4187f2a8
06-08 14:19:28.007   150   204 I power   : *** set_screen_state 1
06-08 14:19:28.027  1441  1441 D WebViewTimersControl: onBrowserActivityResume
06-08 14:19:28.027  1441  1441 D WebViewTimersControl: Resuming webview timers, view=com.android.browser.BrowserWebView@414d99f0
06-08 14:19:28.027  1441  1441 W BaseUi  : mMainView is already attached to wrapper in attachTabToContentView!
06-08 14:19:28.027  1441  1441 W BaseUi  : mContainer is already attached to content in attachTabToContentView!
06-08 14:19:28.039   150   204 I WindowManager: Lock screen displayed!
06-08 14:19:28.257    79   118 D SurfaceFlinger: Screen about to return, flinger = 0x1d77918
06-08 14:19:35.933   391   391 D PhoneStatusBar: disable: < expand icons alerts ticker system_info BACK HOME recent* CLOCK >
06-08 14:19:35.937   494  1738 D NfcService: NFC-C ON
06-08 14:19:35.945    82   122 D AudioHardware: AudioHardware pcm playback is exiting standby.
06-08 14:19:35.945    82   122 D AudioHardware: openPcmOut_l() mPcmOpenCnt: 0
06-08 14:19:35.949   150   161 W InputManagerService: Window already focused, ignoring focus gain of: com.android.internal.view.IInputMethodClient$Stub$Proxy@414c9370
06-08 14:19:35.957   391   391 D PhoneStatusBar: disable: < expand icons alerts ticker system_info back* home* recent clock* >
06-08 14:19:39.109    82   122 D AudioHardware: AudioHardware pcm playback is going to standby.
06-08 14:19:39.109    82   122 D AudioHardware: closePcmOut_l() mPcmOpenCnt: 1
06-08 14:19:50.480   150   162 D AlarmManagerService: Kernel timezone updated to 240 minutes west of GMT
06-08 14:19:50.484   474   474 D SystemClock: Setting time of day to sec=1339179591
06-08 14:19:51.088   150   562 I ActivityManager: Start proc com.android.deskclock for broadcast com.android.deskclock/.AlarmInitReceiver: pid=2354 uid=10011 gids={}
06-08 14:19:51.134    80    80 D dalvikvm: GC_EXPLICIT freed 36K, 4% free 9031K/9347K, paused 4ms+4ms
06-08 14:19:51.162    80    80 D dalvikvm: GC_EXPLICIT freed <1K, 4% free 9031K/9347K, paused 5ms+4ms
06-08 14:19:51.201    80    80 D dalvikvm: GC_EXPLICIT freed <1K, 4% free 9031K/9347K, paused 2ms+2ms
06-08 14:19:51.216  2354  2354 I ActivityThread: Pub com.android.deskclock: com.android.deskclock.AlarmProvider
06-08 14:19:51.287  2354  2367 V AlarmClock: AlarmInitReceiver finished
06-08 14:19:51.318  1850  1851 D dalvikvm: GC_CONCURRENT freed 306K, 5% free 9171K/9607K, paused 17ms+2ms
06-08 14:19:59.701  1441  1443 D dalvikvm: GC_CONCURRENT freed 586K, 14% free 10679K/12295K, paused 2ms+3ms
06-08 14:20:01.908   150   491 D AlarmManagerService: Kernel timezone updated to 240 minutes west of GMT
06-08 14:20:24.224  2222  2235 I PhoneLab-: Service Running
06-08 14:20:24.299  2222  2235 I PhoneLab-LoggerService: app_38    1355  1     1836   1460  c00f181c 400107b4 S logcat
06-08 14:20:24.299  2222  2235 I PhoneLab-LoggerService: Logcat pid from database 1355
06-08 14:20:24.299  2222  2235 I PhoneLab-LoggerService: Logcat process found 1355
06-08 14:20:24.299  2222  2235 I PhoneLab-LoggerService: Checking Threshold
06-08 14:20:24.299  2222  2235 I PhoneLab-LoggerService: Starting to rename files
06-08 14:20:24.299  2222  2235 I PhoneLab-LoggerService: Files found .. 2
06-08 14:20:29.158   694  1576 D WifiLocator: Too many no-location APs. Will not compute a location nor go to the server. hasLocation=0 noLocation=0 cacheMiss=0
06-08 14:20:34.459  1441  1443 D dalvikvm: GC_CONCURRENT freed 256K, 12% free 10851K/12295K, paused 1ms+4ms
06-08 14:20:36.568   150   153 D dalvikvm: GC_CONCURRENT freed 1110K, 15% free 14020K/16455K, paused 5ms+38ms
06-08 14:20:36.623   455   460 D dalvikvm: GC_CONCURRENT freed 863K, 10% free 10088K/11143K, paused 2ms+17ms
06-08 14:20:36.865   455   455 D dalvikvm: GC_FOR_ALLOC freed 76K, 11% free 10015K/11143K, paused 90ms
06-08 14:20:36.881   455   455 I dalvikvm-heap: Grow heap (frag case) to 10.397MB for 577936-byte allocation
06-08 14:20:37.009   455   460 D dalvikvm: GC_CONCURRENT freed <1K, 6% free 10579K/11143K, paused 2ms+16ms
06-08 14:20:37.025   391   393 D dalvikvm: GC_CONCURRENT freed 288K, 7% free 9859K/10503K, paused 2ms+16ms
06-08 14:20:37.142   391   391 D dalvikvm: GC_FOR_ALLOC freed 240K, 8% free 9711K/10503K, paused 73ms
06-08 14:20:44.650  2222  2235 I PhoneLab-: Service Running
06-08 14:20:44.783  2222  2235 I PhoneLab-LoggerService: app_38    1355  1     1836   1460  c00f181c 400107b4 S logcat
06-08 14:20:44.783  2222  2235 I PhoneLab-LoggerService: Logcat pid from database 1355
06-08 14:20:44.783  2222  2235 I PhoneLab-LoggerService: Logcat process found 1355
06-08 14:20:44.783  2222  2235 I PhoneLab-LoggerService: Checking Threshold
06-08 14:20:44.787  2222  2235 I PhoneLab-LoggerService: Starting to rename files
06-08 14:20:44.787  2222  2235 I PhoneLab-LoggerService: Files found .. 2
06-08 14:20:45.775   455   460 D dalvikvm: GC_CONCURRENT freed 594K, 7% free 10521K/11207K, paused 7ms+12ms
06-08 14:20:46.283   455   460 D dalvikvm: GC_CONCURRENT freed 501K, 7% free 10507K/11207K, paused 2ms+9ms
06-08 14:20:49.396   150   153 D dalvikvm: GC_CONCURRENT freed 1966K, 20% free 13228K/16455K, paused 2ms+10ms
06-08 14:20:51.216   455   480 E ActivityThread: Failed to find provider info for com.android.inputmethod.latin.dictionarypack
06-08 14:20:51.220   455   480 E BinaryDictionaryGetter: Could not find a dictionary pack
06-08 14:20:51.287   455   460 D dalvikvm: GC_CONCURRENT freed 377K, 7% free 10532K/11207K, paused 4ms+3ms
06-08 14:20:51.541   455   460 D dalvikvm: GC_CONCURRENT freed 191K, 4% free 10853K/11207K, paused 2ms+5ms
06-08 14:20:51.767   455   460 D dalvikvm: GC_CONCURRENT freed 228K, 3% free 11289K/11591K, paused 2ms+4ms
06-08 14:20:58.478   455   460 D dalvikvm: GC_CONCURRENT freed 399K, 5% free 11597K/12103K, paused 2ms+4ms
06-08 14:21:05.302   455   460 D dalvikvm: GC_CONCURRENT freed 848K, 8% free 11630K/12551K, paused 2ms+18ms
06-08 14:21:05.427   391   393 D dalvikvm: GC_CONCURRENT freed 117K, 5% free 9980K/10503K, paused 1ms+9ms
06-08 14:21:05.439   150   153 D dalvikvm: GC_CONCURRENT freed 1043K, 20% free 13239K/16455K, paused 5ms+6ms
06-08 14:21:14.228   455   460 D dalvikvm: GC_CONCURRENT freed 853K, 8% free 11625K/12551K, paused 5ms+6ms
06-08 14:21:22.310   150   153 D dalvikvm: GC_CONCURRENT freed 1059K, 20% free 13236K/16455K, paused 4ms+18ms
06-08 14:21:22.752   455   460 D dalvikvm: GC_CONCURRENT freed 930K, 8% free 11612K/12615K, paused 2ms+9ms
06-08 14:21:26.631  1441  1443 D dalvikvm: GC_CONCURRENT freed 495K, 12% free 10839K/12295K, paused 2ms+11ms
06-08 14:21:26.814    82   122 D AudioHardware: AudioHardware pcm playback is exiting standby.
06-08 14:21:26.814    82   122 D AudioHardware: openPcmOut_l() mPcmOpenCnt: 0
06-08 14:21:27.052   391   391 D dalvikvm: GC_FOR_ALLOC freed 555K, 7% free 9785K/10503K, paused 96ms
06-08 14:21:27.252   150  1489 D dalvikvm: GC_EXPLICIT freed 522K, 20% free 13215K/16455K, paused 4ms+11ms
06-08 14:21:29.908    82   122 D AudioHardware: AudioHardware pcm playback is going to standby.
06-08 14:21:29.908    82   122 D AudioHardware: closePcmOut_l() mPcmOpenCnt: 1
06-08 14:21:38.275   150   209 I InputReader: Reconfiguring input devices.  changes=0x00000004
06-08 14:21:38.275   150   209 I InputReader: Device reconfigured: id=7, name='mxt224_ts_input', surface size is now 480x800, mode is 1
06-08 14:21:38.365   150   166 I ActivityManager: Config changed: {1.0 310mcc120mnc en_US layoutdir=0 sw320dp w533dp h294dp nrml long land finger -keyb/v/h -nav/h s.14}
06-08 14:21:38.384  1441  1441 D OpenGLRenderer: Flushing caches (mode 0)
06-08 14:21:38.384  1441  1441 D OpenGLRenderer: Flushing caches (mode 0)
06-08 14:21:40.810   150   203 D dalvikvm: GC_EXPLICIT freed 37K, 20% free 13206K/16455K, paused 27ms+4ms
06-08 14:21:55.326   150   209 I InputReader: Reconfiguring input devices.  changes=0x00000004
06-08 14:21:55.326   150   209 I InputReader: Device reconfigured: id=7, name='mxt224_ts_input', surface size is now 480x800, mode is 1
06-08 14:21:55.412   150   166 I ActivityManager: Config changed: {1.0 310mcc120mnc en_US layoutdir=0 sw320dp w320dp h508dp nrml long port finger -keyb/v/h -nav/h s.15}
06-08 14:21:55.431  1441  1441 D OpenGLRenderer: Flushing caches (mode 0)
06-08 14:21:55.435  1441  1441 D OpenGLRenderer: Flushing caches (mode 0)
06-08 14:21:57.853   150   203 D dalvikvm: GC_EXPLICIT freed 38K, 20% free 13204K/16455K, paused 26ms+5ms
06-08 14:22:05.701    82   122 D AudioHardware: AudioHardware pcm playback is exiting standby.
06-08 14:22:05.701    82   122 D AudioHardware: openPcmOut_l() mPcmOpenCnt: 0
06-08 14:22:05.728   150   161 W InputManagerService: Window already focused, ignoring focus gain of: com.android.internal.view.IInputMethodClient$Stub$Proxy@415a0a88
06-08 14:22:08.795    82   122 D AudioHardware: AudioHardware pcm playback is going to standby.
06-08 14:22:08.795    82   122 D AudioHardware: closePcmOut_l() mPcmOpenCnt: 1
06-08 14:22:11.525   694   697 D dalvikvm: GC_CONCURRENT freed 355K, 12% free 10523K/11911K, paused 2ms+4ms
06-08 14:22:11.619  1374  2389 I Gmail   : MainSyncRequestProto: lowestBkwdConvoId: 0, highestHandledServerOp: 2642720, normalSync: true
06-08 14:22:11.689  1327  1327 D OpenGLRenderer: Flushing caches (mode 1)
06-08 14:22:15.107  1374  2389 D dalvikvm: GC_EXPLICIT freed 1756K, 19% free 10561K/12935K, paused 3ms+5ms
06-08 14:22:15.115  1374  2389 I Gmail   : MainSyncRequestProto: lowestBkwdConvoId: 0, highestHandledServerOp: 2642774, normalSync: true
06-08 14:22:15.170  1327  1327 D OpenGLRenderer: Flushing caches (mode 1)
06-08 14:22:16.631  1374  2389 D dalvikvm: GC_EXPLICIT freed 208K, 19% free 10577K/12935K, paused 3ms+6ms
06-08 14:22:16.638  1374  2389 I Gmail   : MainSyncRequestProto: lowestBkwdConvoId: 0, highestHandledServerOp: 2642774, normalSync: true
06-08 14:22:16.658  1374  2389 W Gmail   : Scheduling index for 300000 ms from now
06-08 14:22:16.693  1374  2389 I Gmail   : Sending notification intent: Intent { act=android.intent.action.PROVIDER_CHANGED dat=content://gmail-ls/unread/^i (has extras) }
06-08 14:22:16.744  1374  2389 I Gmail   : Sending notification intent: Intent { act=android.intent.action.PROVIDER_CHANGED dat=content://gmail-ls/unread/^iim (has extras) }
06-08 14:22:20.931   150   208 I ActivityManager: START {act=android.intent.action.MAIN cat=[android.intent.category.HOME] flg=0x10200000 cmp=com.android.launcher/com.android.launcher2.Launcher} from pid 150
06-08 14:22:21.123  1441  1441 D WebViewTimersControl: onBrowserActivityPause
06-08 14:22:21.123  1441  1441 D WebViewTimersControl: Pausing webview timers, view=com.android.browser.BrowserWebView@414d99f0
06-08 14:22:21.146  1441  1661 I SqliteDatabaseCpp: sqlite returned: error code = 1, msg = no such table: Permissions, db=/data/data/com.android.browser/databases/webview.db
06-08 14:22:21.275  1441  1441 D OpenGLRenderer: Flushing caches (mode 1)
06-08 14:22:21.291  1441  1441 W IInputConnectionWrapper: showStatusIcon on inactive InputConnection
06-08 14:22:21.291  1441  1441 D OpenGLRenderer: Flushing caches (mode 0)
06-08 14:22:21.291   150   562 W InputManagerService: Starting input on non-focused client com.android.internal.view.IInputMethodClient$Stub$Proxy@41567f58 (uid=10003 pid=1441)
06-08 14:22:23.224    82   122 D AudioHardware: AudioHardware pcm playback is exiting standby.
06-08 14:22:23.224    82   122 D AudioHardware: openPcmOut_l() mPcmOpenCnt: 0
06-08 14:22:23.400  1615  1642 D dalvikvm: GC_FOR_ALLOC freed 2133K, 41% free 11860K/19975K, paused 45ms
06-08 14:22:23.513  1615  1617 D dalvikvm: GC_CONCURRENT freed 40K, 37% free 12750K/19975K, paused 7ms+11ms
06-08 14:22:23.658  1615  1644 D dalvikvm: GC_FOR_ALLOC freed 1023K, 40% free 11990K/19975K, paused 25ms
06-08 14:22:23.658  1615  1644 I dalvikvm-heap: Grow heap (frag case) to 13.004MB for 1286224-byte allocation
06-08 14:22:23.697  1615  1615 D dalvikvm: GC_FOR_ALLOC freed 3K, 34% free 13243K/19975K, paused 24ms
06-08 14:22:23.818  1615  1617 D dalvikvm: GC_CONCURRENT freed 2K, 32% free 13634K/19975K, paused 2ms+8ms
06-08 14:22:23.986  1615  1644 D dalvikvm: GC_FOR_ALLOC freed 2140K, 39% free 12354K/19975K, paused 29ms
06-08 14:22:23.986  1615  1644 I dalvikvm-heap: Grow heap (frag case) to 13.360MB for 1286224-byte allocation
06-08 14:22:24.025  1615  1615 D dalvikvm: GC_FOR_ALLOC freed 2K, 32% free 13607K/19975K, paused 21ms
06-08 14:22:24.142  1615  1617 D dalvikvm: GC_CONCURRENT freed 185K, 32% free 13599K/19975K, paused 2ms+9ms
06-08 14:22:24.400  1615  1629 D dalvikvm: GC_FOR_ALLOC freed 2353K, 37% free 12598K/19975K, paused 22ms
06-08 14:22:24.482  1615  1629 D dalvikvm: GC_FOR_ALLOC freed 481K, 37% free 12657K/19975K, paused 27ms
06-08 14:22:24.677  1615  1617 D dalvikvm: GC_CONCURRENT freed 956K, 36% free 12857K/19975K, paused 2ms+5ms
06-08 14:22:24.720  1615  1643 D dalvikvm: GC_FOR_ALLOC freed 25K, 35% free 13143K/19975K, paused 37ms
06-08 14:22:24.771  1615  1642 D dalvikvm: GC_FOR_ALLOC freed <1K, 28% free 14398K/19975K, paused 34ms
06-08 14:22:24.771   150  1489 I ActivityManager: START {act=android.intent.action.MAIN cat=[android.intent.category.LAUNCHER] flg=0x10200000 cmp=com.google.android.gm/.ConversationListActivityGmail} from pid 1615
06-08 14:22:24.924  1327  1327 D OpenGLRenderer: Flushing caches (mode 1)
06-08 14:22:25.045  1327  1327 D OpenGLRenderer: Flushing caches (mode 1)
06-08 14:22:25.076  1615  1615 D OpenGLRenderer: Flushing caches (mode 1)
06-08 14:22:25.127   150   161 W InputManagerService: Starting input on non-focused client com.android.internal.view.IInputMethodClient$Stub$Proxy@413a06e0 (uid=10027 pid=1615)
06-08 14:22:25.131  1615  1615 D OpenGLRenderer: Flushing caches (mode 0)
06-08 14:22:25.220  1615  1643 D dalvikvm: GC_FOR_ALLOC freed 3888K, 40% free 12093K/19975K, paused 46ms
06-08 14:22:25.224  1615  1643 I dalvikvm-heap: Grow heap (frag case) to 13.104MB for 1286224-byte allocation
06-08 14:22:25.263  1615  1642 D dalvikvm: GC_FOR_ALLOC freed 34K, 34% free 13314K/19975K, paused 24ms
06-08 14:22:25.330  1615  1617 D dalvikvm: GC_CONCURRENT freed 227K, 35% free 13177K/19975K, paused 2ms+7ms
06-08 14:22:27.088  1327  1327 D OpenGLRenderer: Flushing caches (mode 1)
06-08 14:22:28.232  1327  1327 D OpenGLRenderer: Flushing caches (mode 1)
06-08 14:22:28.650  1374  1376 D dalvikvm: GC_CONCURRENT freed 512K, 19% free 10563K/12935K, paused 24ms+10ms
06-08 14:22:28.756  1374  1374 D dalvikvm: GC_EXPLICIT freed 131K, 20% free 10441K/12935K, paused 3ms+5ms
06-08 14:22:28.834  1374  1722 I Gmail   : Sending notification intent: Intent { act=android.intent.action.PROVIDER_CHANGED dat=content://gmail-ls/unread/^i (has extras) }
06-08 14:22:28.912   150   153 D dalvikvm: GC_CONCURRENT freed 874K, 20% free 13261K/16455K, paused 3ms+5ms
06-08 14:22:30.486  1374  1376 D dalvikvm: GC_CONCURRENT freed 333K, 19% free 10513K/12935K, paused 18ms+19ms
06-08 14:22:30.666  1327  1327 D OpenGLRenderer: Flushing caches (mode 1)
06-08 14:22:30.986  1374  1376 D dalvikvm: GC_CONCURRENT freed 401K, 18% free 10614K/12935K, paused 3ms+4ms
06-08 14:22:32.240  1374  2417 I Gmail   : Sending notification intent: Intent { act=android.intent.action.PROVIDER_CHANGED dat=content://gmail-ls/unread/^iim (has extras) }
06-08 14:22:32.345  1374  1376 D dalvikvm: GC_CONCURRENT freed 329K, 17% free 10782K/12935K, paused 2ms+5ms
06-08 14:22:32.431  1327  1327 D OpenGLRenderer: Flushing caches (mode 1)
06-08 14:22:32.650  1374  1376 D dalvikvm: GC_CONCURRENT freed 415K, 16% free 10954K/12935K, paused 7ms+3ms
06-08 14:22:33.049    82   122 D AudioHardware: AudioHardware pcm playback is going to standby.
06-08 14:22:33.049    82   122 D AudioHardware: closePcmOut_l() mPcmOpenCnt: 1
06-08 14:22:33.103  1374  1376 D dalvikvm: GC_CONCURRENT freed 526K, 16% free 10957K/12935K, paused 3ms+4ms
06-08 14:22:33.509   150   161 D AlarmManagerService: Kernel timezone updated to 240 minutes west of GMT
06-08 14:22:33.549   474   478 D dalvikvm: GC_CONCURRENT freed 436K, 6% free 9570K/10119K, paused 8ms+3ms
06-08 14:22:38.642    82   122 D AudioHardware: AudioHardware pcm playback is exiting standby.
06-08 14:22:38.642    82   122 D AudioHardware: openPcmOut_l() mPcmOpenCnt: 0
06-08 14:22:38.677   150  1492 I ActivityManager: START {act=android.intent.action.VIEW dat=http://staging.phone-lab.org/accounts/confirm/1abf832c61ee382865231964fe3d6400 flg=0x80000 cmp=com.android.browser/.BrowserActivity (has extras)} from pid 1374
06-08 14:22:38.857  1441  1443 D dalvikvm: GC_CONCURRENT freed 566K, 13% free 10755K/12295K, paused 7ms+5ms
06-08 14:22:38.912  1441  1441 D WebViewTimersControl: onBrowserActivityResume
06-08 14:22:38.912  1441  1441 D WebViewTimersControl: Resuming webview timers, view=com.android.browser.BrowserWebView@415245a0
06-08 14:22:38.912  1441  1441 W BaseUi  : mMainView is already attached to wrapper in attachTabToContentView!
06-08 14:22:38.912  1441  1441 W BaseUi  : mContainer is already attached to content in attachTabToContentView!
06-08 14:22:39.045  1374  1374 D OpenGLRenderer: Flushing caches (mode 0)
06-08 14:22:39.080   150   162 W InputManagerService: Starting input on non-focused client com.android.internal.view.IInputMethodClient$Stub$Proxy@414c6e18 (uid=10019 pid=1374)
06-08 14:22:39.111  1374  1374 D OpenGLRenderer: Flushing caches (mode 1)
06-08 14:22:39.506  1441  1441 W Tab     : Failed to save back/forward list for http://staging.phone-lab.org/accounts/confirm/1abf832c61ee382865231964fe3d6400
06-08 14:22:39.701  1374  1381 I dalvikvm: Jit: resizing JitTable from 8192 to 16384
06-08 14:22:41.732    82   122 D AudioHardware: AudioHardware pcm playback is going to standby.
06-08 14:22:41.732    82   122 D AudioHardware: closePcmOut_l() mPcmOpenCnt: 1
06-08 14:22:42.599  1441  1443 D dalvikvm: GC_CONCURRENT freed 154K, 11% free 11055K/12295K, paused 2ms+4ms
06-08 14:22:44.677  2222  2235 I PhoneLab-: Service Running
06-08 14:22:44.775  2222  2235 I PhoneLab-LoggerService: app_38    1355  1     1836   1460  c00f181c 400107b4 S logcat
06-08 14:22:44.775  2222  2235 I PhoneLab-LoggerService: Logcat pid from database 1355
06-08 14:22:44.775  2222  2235 I PhoneLab-LoggerService: Logcat process found 1355
06-08 14:22:44.775  2222  2235 I PhoneLab-LoggerService: Checking Threshold
06-08 14:22:44.775  2222  2235 I PhoneLab-LoggerService: Starting to rename files
06-08 14:22:44.775  2222  2235 I PhoneLab-LoggerService: Files found .. 2
06-08 14:22:49.322   150  1492 D dalvikvm: GC_EXPLICIT freed 478K, 20% free 13238K/16455K, paused 4ms+10ms
06-08 14:22:50.111  1441  1443 D dalvikvm: GC_CONCURRENT freed 381K, 9% free 11262K/12295K, paused 2ms+3ms
06-08 14:22:52.017   455   455 D dalvikvm: GC_FOR_ALLOC freed 2061K, 21% free 10044K/12615K, paused 133ms
06-08 14:22:52.025   455   455 I dalvikvm-heap: Grow heap (frag case) to 10.425MB for 577936-byte allocation
06-08 14:22:52.115   391   393 D dalvikvm: GC_CONCURRENT freed 319K, 6% free 9891K/10503K, paused 2ms+21ms
06-08 14:22:52.142   455   460 D dalvikvm: GC_CONCURRENT freed 20K, 17% free 10589K/12615K, paused 3ms+25ms
06-08 14:22:52.185   391   391 D dalvikvm: GC_FOR_ALLOC freed 182K, 8% free 9709K/10503K, paused 69ms
06-08 14:22:58.384   455   460 D dalvikvm: GC_CONCURRENT freed 481K, 17% free 10571K/12615K, paused 3ms+14ms
06-08 14:22:58.806   455   460 D dalvikvm: GC_CONCURRENT freed 511K, 17% free 10493K/12615K, paused 2ms+5ms
06-08 14:22:58.830   150   153 D dalvikvm: GC_CONCURRENT freed 1057K, 20% free 13237K/16455K, paused 2ms+6ms
06-08 14:22:59.021   391   393 D dalvikvm: GC_CONCURRENT freed 166K, 6% free 9938K/10503K, paused 3ms+12ms
06-08 14:23:05.345    82   122 D AudioHardware: AudioHardware pcm playback is exiting standby.
06-08 14:23:05.345    82   122 D AudioHardware: openPcmOut_l() mPcmOpenCnt: 0
06-08 14:23:05.513   391   391 D dalvikvm: GC_FOR_ALLOC freed 269K, 8% free 9726K/10503K, paused 67ms
06-08 14:23:07.170   150   493 W InputManagerService: Window already focused, ignoring focus gain of: com.android.internal.view.IInputMethodClient$Stub$Proxy@414111f0
06-08 14:23:10.177    82   122 D AudioHardware: AudioHardware pcm playback is going to standby.
06-08 14:23:10.177    82   122 D AudioHardware: closePcmOut_l() mPcmOpenCnt: 1
06-08 14:23:11.724  1374  2428 I Gmail   : MainSyncRequestProto: lowestBkwdConvoId: 0, highestHandledServerOp: 2642774, normalSync: true
06-08 14:23:11.795  1327  1327 D OpenGLRenderer: Flushing caches (mode 1)
06-08 14:23:13.107  1374  1376 D dalvikvm: GC_CONCURRENT freed 466K, 15% free 11031K/12935K, paused 3ms+5ms
06-08 14:23:13.205  1374  2428 D dalvikvm: GC_EXPLICIT freed 82K, 15% free 11002K/12935K, paused 3ms+3ms
06-08 14:23:13.213  1374  2428 I Gmail   : MainSyncRequestProto: lowestBkwdConvoId: 0, highestHandledServerOp: 2642803, normalSync: true
06-08 14:23:13.220  1374  2428 W Gmail   : Scheduling index for 300000 ms from now
06-08 14:23:13.834   150   209 I InputReader: Reconfiguring input devices.  changes=0x00000004
06-08 14:23:13.834   150   209 I InputReader: Device reconfigured: id=7, name='mxt224_ts_input', surface size is now 480x800, mode is 1
06-08 14:23:13.865   150   166 I ActivityManager: Config changed: {1.0 310mcc120mnc en_US layoutdir=0 sw320dp w533dp h294dp nrml long land finger -keyb/v/h -nav/h s.16}
06-08 14:23:13.873  1441  1441 D OpenGLRenderer: Flushing caches (mode 0)
06-08 14:23:14.052  1441  1443 D dalvikvm: GC_CONCURRENT freed 647K, 9% free 11281K/12295K, paused 8ms+11ms
06-08 14:23:16.326   150   203 D dalvikvm: GC_EXPLICIT freed 510K, 20% free 13244K/16455K, paused 27ms+5ms
06-08 14:23:18.693   150   209 I InputReader: Reconfiguring input devices.  changes=0x00000004
06-08 14:23:18.693   150   209 I InputReader: Device reconfigured: id=7, name='mxt224_ts_input', surface size is now 480x800, mode is 1
06-08 14:23:18.732   150   166 I ActivityManager: Config changed: {1.0 310mcc120mnc en_US layoutdir=0 sw320dp w320dp h508dp nrml long port finger -keyb/v/h -nav/h s.17}
06-08 14:23:18.756  1441  1441 D OpenGLRenderer: Flushing caches (mode 0)
06-08 14:23:18.826   455   460 D dalvikvm: GC_CONCURRENT freed 984K, 22% free 9898K/12615K, paused 8ms+7ms
06-08 14:23:21.154   150   203 D dalvikvm: GC_EXPLICIT freed 63K, 20% free 13218K/16455K, paused 27ms+4ms
06-08 14:23:47.912    82   122 D AudioHardware: AudioHardware pcm playback is exiting standby.
06-08 14:23:47.912    82   122 D AudioHardware: openPcmOut_l() mPcmOpenCnt: 0
06-08 14:23:51.002    82   122 D AudioHardware: AudioHardware pcm playback is going to standby.
06-08 14:23:51.006    82   122 D AudioHardware: closePcmOut_l() mPcmOpenCnt: 1
06-08 14:24:16.459   150   563 D AlarmManagerService: Kernel timezone updated to 240 minutes west of GMT
06-08 14:24:19.068   150   209 I InputReader: Reconfiguring input devices.  changes=0x00000004
06-08 14:24:19.068   150   209 I InputReader: Device reconfigured: id=7, name='mxt224_ts_input', surface size is now 480x800, mode is 1
06-08 14:24:19.095   150   166 I ActivityManager: Config changed: {1.0 310mcc120mnc en_US layoutdir=0 sw320dp w533dp h294dp nrml long land finger -keyb/v/h -nav/h s.18}
06-08 14:24:19.107  1441  1441 D OpenGLRenderer: Flushing caches (mode 0)
06-08 14:24:19.271   391   393 D dalvikvm: GC_CONCURRENT freed 430K, 8% free 9702K/10503K, paused 5ms+29ms
06-08 14:24:20.634   150   209 I InputReader: Reconfiguring input devices.  changes=0x00000004
06-08 14:24:20.634   150   209 I InputReader: Device reconfigured: id=7, name='mxt224_ts_input', surface size is now 480x800, mode is 1
06-08 14:24:20.674   150   166 I ActivityManager: Config changed: {1.0 310mcc120mnc en_US layoutdir=0 sw320dp w320dp h508dp nrml long port finger -keyb/v/h -nav/h s.19}
06-08 14:24:20.685  1441  1441 D OpenGLRenderer: Flushing caches (mode 0)
06-08 14:24:23.209   150   203 D dalvikvm: GC_EXPLICIT freed 118K, 20% free 13233K/16455K, paused 26ms+5ms
06-08 14:24:32.002   150  1492 D AlarmManagerService: Kernel timezone updated to 240 minutes west of GMT
06-08 14:24:33.365   150   559 D AlarmManagerService: Kernel timezone updated to 240 minutes west of GMT
06-08 14:24:44.650  2222  2235 I PhoneLab-: Service Running
06-08 14:24:44.705  2222  2235 I PhoneLab-LoggerService: app_38    1355  1     1836   1460  c00f181c 400107b4 S logcat
06-08 14:24:44.705  2222  2235 I PhoneLab-LoggerService: Logcat pid from database 1355
06-08 14:24:44.705  2222  2235 I PhoneLab-LoggerService: Logcat process found 1355
06-08 14:24:44.705  2222  2235 I PhoneLab-LoggerService: Checking Threshold
06-08 14:24:44.705  2222  2235 I PhoneLab-LoggerService: Starting to rename files
06-08 14:24:44.705  2222  2235 I PhoneLab-LoggerService: Files found .. 2
06-08 14:24:44.716  2222  2225 D dalvikvm: GC_CONCURRENT freed 422K, 6% free 9092K/9607K, paused 16ms+2ms
06-08 14:24:52.599    82   122 D AudioHardware: AudioHardware pcm playback is exiting standby.
06-08 14:24:52.599    82   122 D AudioHardware: openPcmOut_l() mPcmOpenCnt: 0
06-08 14:24:55.689    82   122 D AudioHardware: AudioHardware pcm playback is going to standby.
06-08 14:24:55.693    82   122 D AudioHardware: closePcmOut_l() mPcmOpenCnt: 1
06-08 14:24:55.748    82   122 D AudioHardware: AudioHardware pcm playback is exiting standby.
06-08 14:24:55.748    82   122 D AudioHardware: openPcmOut_l() mPcmOpenCnt: 0
06-08 14:25:01.650    82   122 D AudioHardware: AudioHardware pcm playback is going to standby.
06-08 14:25:01.650    82   122 D AudioHardware: closePcmOut_l() mPcmOpenCnt: 1
06-08 14:25:01.685  1441  1443 D dalvikvm: GC_CONCURRENT freed 645K, 9% free 11262K/12295K, paused 3ms+5ms
06-08 14:25:05.650  1441  1682 W chromium: external/chromium/chrome/browser/autofill/autofill_download.cc:350: [0608/142505:WARNING:autofill_download.cc(350)] AutofillDownloadManager: query request has failed with response -1
06-08 14:25:11.822  1374  2436 I Gmail   : MainSyncRequestProto: lowestBkwdConvoId: 0, highestHandledServerOp: 2642803, normalSync: true
06-08 14:25:11.857  1327  1327 D OpenGLRenderer: Flushing caches (mode 1)
06-08 14:25:12.634  1374  2436 D dalvikvm: GC_EXPLICIT freed 181K, 15% free 11034K/12935K, paused 2ms+4ms
06-08 14:25:12.642  1374  2436 I Gmail   : MainSyncRequestProto: lowestBkwdConvoId: 0, highestHandledServerOp: 2642806, normalSync: true
06-08 14:25:12.650  1374  2436 W Gmail   : Scheduling index for 300000 ms from now
06-08 14:25:29.205   694  1576 D WifiLocator: Too many no-location APs. Will not compute a location nor go to the server. hasLocation=0 noLocation=0 cacheMiss=0
06-08 14:25:43.572   150   209 I InputReader: Reconfiguring input devices.  changes=0x00000004
06-08 14:25:43.572   150   209 I InputReader: Device reconfigured: id=7, name='mxt224_ts_input', surface size is now 480x800, mode is 1
06-08 14:25:43.595   150   166 I ActivityManager: Config changed: {1.0 310mcc120mnc en_US layoutdir=0 sw320dp w533dp h294dp nrml long land finger -keyb/v/h -nav/h s.20}
06-08 14:25:43.611  1441  1441 D OpenGLRenderer: Flushing caches (mode 0)
06-08 14:25:45.131   150   209 I InputReader: Reconfiguring input devices.  changes=0x00000004
06-08 14:25:45.131   150   209 I InputReader: Device reconfigured: id=7, name='mxt224_ts_input', surface size is now 480x800, mode is 1
06-08 14:25:45.154   150   166 I ActivityManager: Config changed: {1.0 310mcc120mnc en_US layoutdir=0 sw320dp w320dp h508dp nrml long port finger -keyb/v/h -nav/h s.21}
06-08 14:25:45.177  1441  1441 D OpenGLRenderer: Flushing caches (mode 0)
06-08 14:25:47.560   150   203 D dalvikvm: GC_EXPLICIT freed 350K, 20% free 13258K/16455K, paused 25ms+5ms
06-08 14:25:53.537   150   162 D AlarmManagerService: Kernel timezone updated to 240 minutes west of GMT
06-08 14:25:58.623   150   200 I power   : *** set_screen_state 0
06-08 14:25:58.658    79   118 D SurfaceFlinger: About to give-up screen, flinger = 0x1d77918
06-08 14:25:58.670  1441  1441 D WebViewTimersControl: onBrowserActivityPause
06-08 14:25:58.670  1441  1441 D WebViewTimersControl: Pausing webview timers, view=com.android.browser.BrowserWebView@415245a0
06-08 14:25:58.670  1441  1661 I SqliteDatabaseCpp: sqlite returned: error code = 1, msg = no such table: Permissions, db=/data/data/com.android.browser/databases/webview.db
06-08 14:25:58.744   494   592 D NfcService: NFC-C OFF, disconnect
06-08 14:26:03.750   150   204 V TransportControlView: Create TCV com.android.internal.widget.TransportControlView@415edcc0
06-08 14:26:03.785   150   209 I power   : *** set_screen_state 1
06-08 14:26:03.800   150   153 D dalvikvm: GC_CONCURRENT freed 255K, 15% free 14064K/16455K, paused 3ms+5ms
06-08 14:26:03.832   391   391 D PhoneStatusBar: disable: < expand icons alerts ticker system_info back home RECENT* clock >
06-08 14:26:03.847  1441  1441 D WebViewTimersControl: onBrowserActivityResume
06-08 14:26:03.847  1441  1441 D WebViewTimersControl: Resuming webview timers, view=com.android.browser.BrowserWebView@415245a0
06-08 14:26:03.847  1441  1441 W BaseUi  : mMainView is already attached to wrapper in attachTabToContentView!
06-08 14:26:03.847  1441  1441 W BaseUi  : mContainer is already attached to content in attachTabToContentView!
06-08 14:26:03.894   391   391 D PhoneStatusBar: disable: < expand icons alerts ticker system_info BACK* HOME* RECENT CLOCK* >
06-08 14:26:03.922   150   204 I WindowManager: Lock screen displayed!
06-08 14:26:03.925  1327  1327 D OpenGLRenderer: Flushing caches (mode 1)
06-08 14:26:04.000    79   118 D SurfaceFlinger: Screen about to return, flinger = 0x1d77918
06-08 14:26:04.367   150   161 I ActivityManager: Process com.android.voicedialer (pid 1007) has died.
06-08 14:26:04.398   150   157 I dalvikvm: Total arena pages for JIT: 11
06-08 14:26:05.855   150   200 I power   : *** set_screen_state 0
06-08 14:26:05.890    79   118 D SurfaceFlinger: About to give-up screen, flinger = 0x1d77918
06-08 14:26:05.910  1441  1441 D WebViewTimersControl: onBrowserActivityPause
06-08 14:26:05.910  1441  1441 D WebViewTimersControl: Pausing webview timers, view=com.android.browser.BrowserWebView@415245a0
06-08 14:26:05.914  1441  1661 I SqliteDatabaseCpp: sqlite returned: error code = 1, msg = no such table: Permissions, db=/data/data/com.android.browser/databases/webview.db
06-08 14:26:05.965   150   204 V TransportControlView: Create TCV com.android.internal.widget.TransportControlView@41550c50
06-08 14:26:05.996   150   204 I power   : *** set_screen_state 1
06-08 14:26:06.007  1441  1441 D WebViewTimersControl: onBrowserActivityResume
06-08 14:26:06.007  1441  1441 D WebViewTimersControl: Resuming webview timers, view=com.android.browser.BrowserWebView@415245a0
06-08 14:26:06.007  1441  1441 W BaseUi  : mMainView is already attached to wrapper in attachTabToContentView!
06-08 14:26:06.007  1441  1441 W BaseUi  : mContainer is already attached to content in attachTabToContentView!
06-08 14:26:06.039   150   204 I WindowManager: Lock screen displayed!
06-08 14:26:06.285    79   118 D SurfaceFlinger: Screen about to return, flinger = 0x1d77918
06-08 14:26:08.465   150   161 I ActivityManager: Process com.android.videoeditor (pid 2252) has died.
06-08 14:26:08.468   150  1492 I WindowManager: WIN DEATH: Window{4140a0e8 com.android.videoeditor/com.android.videoeditor.ProjectsActivity paused=false}
06-08 14:26:08.578   150   200 I power   : *** set_screen_state 0
06-08 14:26:08.625    79   118 D SurfaceFlinger: About to give-up screen, flinger = 0x1d77918
06-08 14:26:08.636  1441  1441 D WebViewTimersControl: onBrowserActivityPause
06-08 14:26:08.636  1441  1441 D WebViewTimersControl: Pausing webview timers, view=com.android.browser.BrowserWebView@415245a0
06-08 14:26:08.636  1441  1661 I SqliteDatabaseCpp: sqlite returned: error code = 1, msg = no such table: Permissions, db=/data/data/com.android.browser/databases/webview.db
06-08 14:26:08.679   150   204 V TransportControlView: Create TCV com.android.internal.widget.TransportControlView@418ed770
06-08 14:26:08.816   150   204 I power   : *** set_screen_state 1
06-08 14:26:08.898  1441  1441 D WebViewTimersControl: onBrowserActivityResume
06-08 14:26:08.898  1441  1441 D WebViewTimersControl: Resuming webview timers, view=com.android.browser.BrowserWebView@415245a0
06-08 14:26:08.898  1441  1441 W BaseUi  : mMainView is already attached to wrapper in attachTabToContentView!
06-08 14:26:08.898  1441  1441 W BaseUi  : mContainer is already attached to content in attachTabToContentView!
06-08 14:26:08.914   150   204 I WindowManager: Lock screen displayed!
06-08 14:26:09.047    79   118 D SurfaceFlinger: Screen about to return, flinger = 0x1d77918
06-08 14:26:10.347   150   200 I power   : *** set_screen_state 0
06-08 14:26:10.386    79   118 D SurfaceFlinger: About to give-up screen, flinger = 0x1d77918
06-08 14:26:10.414  1441  1441 D WebViewTimersControl: onBrowserActivityPause
06-08 14:26:10.414  1441  1441 D WebViewTimersControl: Pausing webview timers, view=com.android.browser.BrowserWebView@415245a0
06-08 14:26:10.418  1441  1661 I SqliteDatabaseCpp: sqlite returned: error code = 1, msg = no such table: Permissions, db=/data/data/com.android.browser/databases/webview.db
06-08 14:26:10.472   150   204 V TransportControlView: Create TCV com.android.internal.widget.TransportControlView@415f8a00
06-08 14:26:27.629  1615  1622 I dalvikvm: Jit: resizing JitTable from 4096 to 8192
06-08 14:26:42.246   150   204 I power   : *** set_screen_state 1
06-08 14:26:42.261  1441  1441 D WebViewTimersControl: onBrowserActivityResume
06-08 14:26:42.261  1441  1441 D WebViewTimersControl: Resuming webview timers, view=com.android.browser.BrowserWebView@415245a0
06-08 14:26:42.261  1441  1441 W BaseUi  : mMainView is already attached to wrapper in attachTabToContentView!
06-08 14:26:42.261  1441  1441 W BaseUi  : mContainer is already attached to content in attachTabToContentView!
06-08 14:26:42.300   150   204 I WindowManager: Lock screen displayed!
06-08 14:26:42.492    79   118 D SurfaceFlinger: Screen about to return, flinger = 0x1d77918
06-08 14:26:42.984   150   153 D dalvikvm: GC_CONCURRENT freed 1194K, 15% free 14016K/16455K, paused 21ms+7ms
06-08 14:26:44.757   150   200 I power   : *** set_screen_state 0
06-08 14:26:44.777   150   204 I power   : *** set_screen_state 1
06-08 14:26:44.793    79   118 D SurfaceFlinger: About to give-up screen, flinger = 0x1d77918
06-08 14:26:44.824  1441  1441 D WebViewTimersControl: onBrowserActivityPause
06-08 14:26:44.824  1441  1441 D WebViewTimersControl: Pausing webview timers, view=com.android.browser.BrowserWebView@415245a0
06-08 14:26:44.824  1441  1661 I SqliteDatabaseCpp: sqlite returned: error code = 1, msg = no such table: Permissions, db=/data/data/com.android.browser/databases/webview.db
06-08 14:26:44.890  1441  1441 D WebViewTimersControl: onBrowserActivityResume
06-08 14:26:44.890  1441  1441 D WebViewTimersControl: Resuming webview timers, view=com.android.browser.BrowserWebView@415245a0
06-08 14:26:44.890  1441  1441 W BaseUi  : mMainView is already attached to wrapper in attachTabToContentView!
06-08 14:26:44.890  1441  1441 W BaseUi  : mContainer is already attached to content in attachTabToContentView!
06-08 14:26:44.925   150   204 V TransportControlView: Create TCV com.android.internal.widget.TransportControlView@413a1c58
06-08 14:26:44.961   150   204 I WindowManager: Lock screen displayed!
06-08 14:26:45.195    79   118 D SurfaceFlinger: Screen about to return, flinger = 0x1d77918
06-08 14:26:46.484   150   200 I power   : *** set_screen_state 0
06-08 14:26:46.527    79   118 D SurfaceFlinger: About to give-up screen, flinger = 0x1d77918
06-08 14:26:46.554  1441  1441 D WebViewTimersControl: onBrowserActivityPause
06-08 14:26:46.554  1441  1441 D WebViewTimersControl: Pausing webview timers, view=com.android.browser.BrowserWebView@415245a0
06-08 14:26:46.558  1441  1661 I SqliteDatabaseCpp: sqlite returned: error code = 1, msg = no such table: Permissions, db=/data/data/com.android.browser/databases/webview.db
06-08 14:26:46.609   150   204 V TransportControlView: Create TCV com.android.internal.widget.TransportControlView@41585d80
06-08 14:26:46.703   150   153 D dalvikvm: GC_CONCURRENT freed 1075K, 15% free 14146K/16455K, paused 7ms+5ms
06-08 14:26:47.004   150   204 I power   : *** set_screen_state 1
06-08 14:26:47.019  1441  1441 D WebViewTimersControl: onBrowserActivityResume
06-08 14:26:47.019  1441  1441 D WebViewTimersControl: Resuming webview timers, view=com.android.browser.BrowserWebView@415245a0
06-08 14:26:47.019  1441  1441 W BaseUi  : mMainView is already attached to wrapper in attachTabToContentView!
06-08 14:26:47.019  1441  1441 W BaseUi  : mContainer is already attached to content in attachTabToContentView!
06-08 14:26:47.054   150   204 I WindowManager: Lock screen displayed!
06-08 14:26:47.136   150   468 D dalvikvm: GC_EXPLICIT freed 223K, 16% free 13949K/16455K, paused 2ms+10ms
06-08 14:26:47.234    79   118 D SurfaceFlinger: Screen about to return, flinger = 0x1d77918
06-08 14:26:48.277   150   200 I power   : *** set_screen_state 0
06-08 14:26:48.316    79   118 D SurfaceFlinger: About to give-up screen, flinger = 0x1d77918
06-08 14:26:48.359  1441  1441 D WebViewTimersControl: onBrowserActivityPause
06-08 14:26:48.359  1441  1441 D WebViewTimersControl: Pausing webview timers, view=com.android.browser.BrowserWebView@415245a0
06-08 14:26:48.363  1441  1661 I SqliteDatabaseCpp: sqlite returned: error code = 1, msg = no such table: Permissions, db=/data/data/com.android.browser/databases/webview.db
06-08 14:26:48.425   150   204 V TransportControlView: Create TCV com.android.internal.widget.TransportControlView@4187a040
06-08 14:26:48.437   150   204 I power   : *** set_screen_state 1
06-08 14:26:48.449  1441  1441 D WebViewTimersControl: onBrowserActivityResume
06-08 14:26:48.453  1441  1441 D WebViewTimersControl: Resuming webview timers, view=com.android.browser.BrowserWebView@415245a0
06-08 14:26:48.453  1441  1441 W BaseUi  : mMainView is already attached to wrapper in attachTabToContentView!
06-08 14:26:48.453  1441  1441 W BaseUi  : mContainer is already attached to content in attachTabToContentView!
06-08 14:26:48.496   150   204 I WindowManager: Lock screen displayed!
06-08 14:26:48.738    79   118 D SurfaceFlinger: Screen about to return, flinger = 0x1d77918
06-08 14:26:49.765   150   200 I power   : *** set_screen_state 0
06-08 14:26:49.800    79   118 D SurfaceFlinger: About to give-up screen, flinger = 0x1d77918
06-08 14:26:49.820  1441  1441 D WebViewTimersControl: onBrowserActivityPause
06-08 14:26:49.820  1441  1441 D WebViewTimersControl: Pausing webview timers, view=com.android.browser.BrowserWebView@415245a0
06-08 14:26:49.820  1441  1661 I SqliteDatabaseCpp: sqlite returned: error code = 1, msg = no such table: Permissions, db=/data/data/com.android.browser/databases/webview.db
06-08 14:26:49.879   150   204 V TransportControlView: Create TCV com.android.internal.widget.TransportControlView@415793a0
06-08 14:26:49.949   150   153 D dalvikvm: GC_CONCURRENT freed 1013K, 15% free 14146K/16455K, paused 4ms+6ms
06-08 14:27:14.007   150   204 I power   : *** set_screen_state 1
06-08 14:27:14.023  1441  1441 D WebViewTimersControl: onBrowserActivityResume
06-08 14:27:14.023  1441  1441 D WebViewTimersControl: Resuming webview timers, view=com.android.browser.BrowserWebView@415245a0
06-08 14:27:14.023  1441  1441 W BaseUi  : mMainView is already attached to wrapper in attachTabToContentView!
06-08 14:27:14.023  1441  1441 W BaseUi  : mContainer is already attached to content in attachTabToContentView!
06-08 14:27:14.031   150   204 I WindowManager: Lock screen displayed!
06-08 14:27:14.254    79   118 D SurfaceFlinger: Screen about to return, flinger = 0x1d77918
06-08 14:27:14.355   150   161 D AlarmManagerService: Kernel timezone updated to 240 minutes west of GMT
06-08 14:27:15.148   150   200 I power   : *** set_screen_state 0
06-08 14:27:15.187    79   118 D SurfaceFlinger: About to give-up screen, flinger = 0x1d77918
06-08 14:27:15.234  1441  1441 D WebViewTimersControl: onBrowserActivityPause
06-08 14:27:15.234  1441  1441 D WebViewTimersControl: Pausing webview timers, view=com.android.browser.BrowserWebView@415245a0
06-08 14:27:15.238  1441  1661 I SqliteDatabaseCpp: sqlite returned: error code = 1, msg = no such table: Permissions, db=/data/data/com.android.browser/databases/webview.db
06-08 14:27:15.293   150   204 V TransportControlView: Create TCV com.android.internal.widget.TransportControlView@41550c50
06-08 14:27:34.007   150   204 I power   : *** set_screen_state 1
06-08 14:27:34.023  1441  1441 D WebViewTimersControl: onBrowserActivityResume
06-08 14:27:34.023  1441  1441 D WebViewTimersControl: Resuming webview timers, view=com.android.browser.BrowserWebView@415245a0
06-08 14:27:34.023  1441  1441 W BaseUi  : mMainView is already attached to wrapper in attachTabToContentView!
06-08 14:27:34.023  1441  1441 W BaseUi  : mContainer is already attached to content in attachTabToContentView!
06-08 14:27:34.058   150   204 I WindowManager: Lock screen displayed!
06-08 14:27:34.254    79   118 D SurfaceFlinger: Screen about to return, flinger = 0x1d77918
06-08 14:27:35.578   150   200 I power   : *** set_screen_state 0
06-08 14:27:35.617    79   118 D SurfaceFlinger: About to give-up screen, flinger = 0x1d77918
06-08 14:27:35.640  1441  1441 D WebViewTimersControl: onBrowserActivityPause
06-08 14:27:35.640  1441  1441 D WebViewTimersControl: Pausing webview timers, view=com.android.browser.BrowserWebView@415245a0
06-08 14:27:35.640  1441  1661 I SqliteDatabaseCpp: sqlite returned: error code = 1, msg = no such table: Permissions, db=/data/data/com.android.browser/databases/webview.db
06-08 14:27:35.687   150   204 V TransportControlView: Create TCV com.android.internal.widget.TransportControlView@415c95a8
06-08 14:27:37.004   150   204 I power   : *** set_screen_state 1
06-08 14:27:37.019  1441  1441 D WebViewTimersControl: onBrowserActivityResume
06-08 14:27:37.019  1441  1441 D WebViewTimersControl: Resuming webview timers, view=com.android.browser.BrowserWebView@415245a0
06-08 14:27:37.019  1441  1441 W BaseUi  : mMainView is already attached to wrapper in attachTabToContentView!
06-08 14:27:37.019  1441  1441 W BaseUi  : mContainer is already attached to content in attachTabToContentView!
06-08 14:27:37.054   150   204 I WindowManager: Lock screen displayed!
06-08 14:27:37.250    79   118 D SurfaceFlinger: Screen about to return, flinger = 0x1d77918
06-08 14:27:38.027   150   153 D dalvikvm: GC_CONCURRENT freed 1304K, 15% free 13998K/16455K, paused 4ms+7ms
06-08 14:27:38.855   150   200 I power   : *** set_screen_state 0
06-08 14:27:38.890    79   118 D SurfaceFlinger: About to give-up screen, flinger = 0x1d77918
06-08 14:27:38.906  1441  1441 D WebViewTimersControl: onBrowserActivityPause
06-08 14:27:38.906  1441  1441 D WebViewTimersControl: Pausing webview timers, view=com.android.browser.BrowserWebView@415245a0
06-08 14:27:38.910  1441  1661 I SqliteDatabaseCpp: sqlite returned: error code = 1, msg = no such table: Permissions, db=/data/data/com.android.browser/databases/webview.db
06-08 14:27:38.976   150   204 V TransportControlView: Create TCV com.android.internal.widget.TransportControlView@41550c50
06-08 14:27:38.996   150   204 I power   : *** set_screen_state 1
06-08 14:27:39.004  1441  1441 D WebViewTimersControl: onBrowserActivityResume
06-08 14:27:39.004  1441  1441 D WebViewTimersControl: Resuming webview timers, view=com.android.browser.BrowserWebView@415245a0
06-08 14:27:39.004  1441  1441 W BaseUi  : mMainView is already attached to wrapper in attachTabToContentView!
06-08 14:27:39.004  1441  1441 W BaseUi  : mContainer is already attached to content in attachTabToContentView!
06-08 14:27:39.054   150   204 I WindowManager: Lock screen displayed!
06-08 14:27:39.289    79   118 D SurfaceFlinger: Screen about to return, flinger = 0x1d77918
06-08 14:27:40.480   150   200 I power   : *** set_screen_state 0
06-08 14:27:40.515    79   118 D SurfaceFlinger: About to give-up screen, flinger = 0x1d77918
06-08 14:27:40.550  1441  1441 D WebViewTimersControl: onBrowserActivityPause
06-08 14:27:40.550  1441  1441 D WebViewTimersControl: Pausing webview timers, view=com.android.browser.BrowserWebView@415245a0
06-08 14:27:40.550  1441  1661 I SqliteDatabaseCpp: sqlite returned: error code = 1, msg = no such table: Permissions, db=/data/data/com.android.browser/databases/webview.db
06-08 14:27:40.609   150   204 V TransportControlView: Create TCV com.android.internal.widget.TransportControlView@4160e4e8
06-08 14:27:40.687   150   153 D dalvikvm: GC_CONCURRENT freed 1025K, 15% free 14141K/16455K, paused 2ms+5ms
06-08 14:27:40.750   150   204 I power   : *** set_screen_state 1
06-08 14:27:40.765  1441  1441 D WebViewTimersControl: onBrowserActivityResume
06-08 14:27:40.765  1441  1441 D WebViewTimersControl: Resuming webview timers, view=com.android.browser.BrowserWebView@415245a0
06-08 14:27:40.765  1441  1441 W BaseUi  : mMainView is already attached to wrapper in attachTabToContentView!
06-08 14:27:40.765  1441  1441 W BaseUi  : mContainer is already attached to content in attachTabToContentView!
06-08 14:27:40.804   150   204 I WindowManager: Lock screen displayed!
06-08 14:27:40.957    79   118 D SurfaceFlinger: Screen about to return, flinger = 0x1d77918
06-08 14:27:42.648   391   391 D PhoneStatusBar: disable: < expand icons alerts ticker system_info BACK HOME recent* CLOCK >
06-08 14:27:42.664   150   162 W InputManagerService: Window already focused, ignoring focus gain of: com.android.internal.view.IInputMethodClient$Stub$Proxy@413d4270
06-08 14:27:42.668    82   122 D AudioHardware: AudioHardware pcm playback is exiting standby.
06-08 14:27:42.668    82   122 D AudioHardware: openPcmOut_l() mPcmOpenCnt: 0
06-08 14:27:42.672   391   391 D PhoneStatusBar: disable: < expand icons alerts ticker system_info back* home* recent clock* >
06-08 14:27:42.679   494  1733 D NfcService: NFC-C ON
06-08 14:27:45.836    82   122 D AudioHardware: AudioHardware pcm playback is going to standby.
06-08 14:27:45.836    82   122 D AudioHardware: closePcmOut_l() mPcmOpenCnt: 1
06-08 14:27:50.058   150   209 I InputReader: Reconfiguring input devices.  changes=0x00000004
06-08 14:27:50.058   150   209 I InputReader: Device reconfigured: id=7, name='mxt224_ts_input', surface size is now 480x800, mode is 1
06-08 14:27:50.109   150   166 I ActivityManager: Config changed: {1.0 310mcc120mnc en_US layoutdir=0 sw320dp w533dp h294dp nrml long land finger -keyb/v/h -nav/h s.22}
06-08 14:27:50.129  1441  1441 D OpenGLRenderer: Flushing caches (mode 0)
06-08 14:27:50.242  1441  1443 D dalvikvm: GC_CONCURRENT freed 779K, 10% free 11103K/12295K, paused 5ms+4ms
06-08 14:27:51.074  2222  2235 I PhoneLab-: Service Running
06-08 14:27:51.160  2222  2235 I PhoneLab-LoggerService: app_38    1355  1     1836   1460  c00f181c 400107b4 S logcat
06-08 14:27:51.160  2222  2235 I PhoneLab-LoggerService: Logcat pid from database 1355
06-08 14:27:51.160  2222  2235 I PhoneLab-LoggerService: Logcat process found 1355
06-08 14:27:51.160  2222  2235 I PhoneLab-LoggerService: Checking Threshold
06-08 14:27:51.164  2222  2235 I PhoneLab-LoggerService: Starting to rename files
06-08 14:27:51.164  2222  2235 I PhoneLab-LoggerService: Files found .. 2
06-08 14:27:52.558   150   203 D dalvikvm: GC_EXPLICIT freed 367K, 16% free 13968K/16455K, paused 27ms+6ms
06-08 14:28:30.105   150   200 I power   : *** set_screen_state 0
06-08 14:28:30.144    79   118 D SurfaceFlinger: About to give-up screen, flinger = 0x1d77918
06-08 14:28:30.168  1441  1441 D WebViewTimersControl: onBrowserActivityPause
06-08 14:28:30.168  1441  1441 D WebViewTimersControl: Pausing webview timers, view=com.android.browser.BrowserWebView@415245a0
06-08 14:28:30.168  1441  1661 I SqliteDatabaseCpp: sqlite returned: error code = 1, msg = no such table: Permissions, db=/data/data/com.android.browser/databases/webview.db
06-08 14:28:30.230   150   204 V TransportControlView: Create TCV com.android.internal.widget.TransportControlView@41550c50
06-08 14:28:30.250   391   391 D PhoneStatusBar: disable: < expand icons alerts ticker system_info back home RECENT* clock >
06-08 14:28:30.269   150   204 D android.widget.GridLayout: horizontal constraints: x1 - x0 > 214, x2 - x1 > 96, x3 - x2 > 300, x3 - x0 < 480 are inconsistent; permanently removing: x3 - x0 < 480. 
06-08 14:28:30.269   150   209 I InputReader: Reconfiguring input devices.  changes=0x00000004
06-08 14:28:30.269   150   209 I InputReader: Device reconfigured: id=7, name='mxt224_ts_input', surface size is now 480x800, mode is 1
06-08 14:28:30.269  1327  1327 D OpenGLRenderer: Flushing caches (mode 1)
06-08 14:28:30.273   494  1586 D NfcService: NFC-C OFF, disconnect
06-08 14:28:30.277    82   122 D AudioHardware: AudioHardware pcm playback is exiting standby.
06-08 14:28:30.277    82   122 D AudioHardware: openPcmOut_l() mPcmOpenCnt: 0
06-08 14:28:30.289   150   204 I ActivityManager: Config changed: {1.0 310mcc120mnc en_US layoutdir=0 sw320dp w320dp h508dp nrml long port finger -keyb/v/h -nav/h s.23}
06-08 14:28:30.304  1441  1441 D OpenGLRenderer: Flushing caches (mode 0)
06-08 14:28:30.386   150   204 V TransportControlView: Create TCV com.android.internal.widget.TransportControlView@4187a040
06-08 14:28:30.437   391   391 D PhoneStatusBar: disable: < expand icons alerts ticker system_info BACK* HOME* RECENT CLOCK* >
06-08 14:28:33.437    82   122 D AudioHardware: AudioHardware pcm playback is going to standby.
06-08 14:28:33.437    82   122 D AudioHardware: closePcmOut_l() mPcmOpenCnt: 1
06-08 14:28:53.007   150   204 I power   : *** set_screen_state 1
06-08 14:28:53.058   150   204 I WindowManager: Lock screen displayed!
06-08 14:28:53.156  1441  1441 D WebViewTimersControl: onBrowserActivityResume
06-08 14:28:53.156  1441  1441 D WebViewTimersControl: Resuming webview timers, view=com.android.browser.BrowserWebView@415245a0
06-08 14:28:53.156  1441  1441 W BaseUi  : mMainView is already attached to wrapper in attachTabToContentView!
06-08 14:28:53.156  1441  1441 W BaseUi  : mContainer is already attached to content in attachTabToContentView!
06-08 14:28:53.199   150   153 D dalvikvm: GC_CONCURRENT freed 1127K, 16% free 13972K/16455K, paused 3ms+6ms
06-08 14:28:53.230    79   118 D SurfaceFlinger: Screen about to return, flinger = 0x1d77918
06-08 14:28:56.449   150   200 I power   : *** set_screen_state 0
06-08 14:28:56.488    79   118 D SurfaceFlinger: About to give-up screen, flinger = 0x1d77918
06-08 14:28:56.507  1441  1441 D WebViewTimersControl: onBrowserActivityPause
06-08 14:28:56.507  1441  1441 D WebViewTimersControl: Pausing webview timers, view=com.android.browser.BrowserWebView@415245a0
06-08 14:28:56.507  1441  1661 I SqliteDatabaseCpp: sqlite returned: error code = 1, msg = no such table: Permissions, db=/data/data/com.android.browser/databases/webview.db
06-08 14:28:56.586   150   204 V TransportControlView: Create TCV com.android.internal.widget.TransportControlView@41422ed0
06-08 14:29:01.007   150   204 I power   : *** set_screen_state 1
06-08 14:29:01.023  1441  1441 D WebViewTimersControl: onBrowserActivityResume
06-08 14:29:01.023  1441  1441 D WebViewTimersControl: Resuming webview timers, view=com.android.browser.BrowserWebView@415245a0
06-08 14:29:01.023  1441  1441 W BaseUi  : mMainView is already attached to wrapper in attachTabToContentView!
06-08 14:29:01.023  1441  1441 W BaseUi  : mContainer is already attached to content in attachTabToContentView!
06-08 14:29:01.027   150   204 I WindowManager: Lock screen displayed!
06-08 14:29:01.234    79   118 D SurfaceFlinger: Screen about to return, flinger = 0x1d77918
06-08 14:29:02.035   150   200 I power   : *** set_screen_state 0
06-08 14:29:02.074    79   118 D SurfaceFlinger: About to give-up screen, flinger = 0x1d77918
06-08 14:29:02.113  1441  1441 D WebViewTimersControl: onBrowserActivityPause
06-08 14:29:02.113  1441  1441 D WebViewTimersControl: Pausing webview timers, view=com.android.browser.BrowserWebView@415245a0
06-08 14:29:02.113  1441  1661 I SqliteDatabaseCpp: sqlite returned: error code = 1, msg = no such table: Permissions, db=/data/data/com.android.browser/databases/webview.db
06-08 14:29:02.160   150   204 V TransportControlView: Create TCV com.android.internal.widget.TransportControlView@413b4438
06-08 14:29:02.222   150   153 D dalvikvm: GC_CONCURRENT freed 1067K, 15% free 14144K/16455K, paused 3ms+10ms
06-08 14:29:02.234   150   204 I power   : *** set_screen_state 1
06-08 14:29:02.238  1441  1441 D WebViewTimersControl: onBrowserActivityResume
06-08 14:29:02.238  1441  1441 D WebViewTimersControl: Resuming webview timers, view=com.android.browser.BrowserWebView@415245a0
06-08 14:29:02.238  1441  1441 W BaseUi  : mMainView is already attached to wrapper in attachTabToContentView!
06-08 14:29:02.238  1441  1441 W BaseUi  : mContainer is already attached to content in attachTabToContentView!
06-08 14:29:02.300   150   204 I WindowManager: Lock screen displayed!
06-08 14:29:02.480    79   118 D SurfaceFlinger: Screen about to return, flinger = 0x1d77918
06-08 14:29:03.582   150   200 I power   : *** set_screen_state 0
06-08 14:29:03.617    79   118 D SurfaceFlinger: About to give-up screen, flinger = 0x1d77918
06-08 14:29:03.625   150   204 I power   : *** set_screen_state 1
06-08 14:29:03.644  1441  1441 D WebViewTimersControl: onBrowserActivityPause
06-08 14:29:03.644  1441  1441 D WebViewTimersControl: Pausing webview timers, view=com.android.browser.BrowserWebView@415245a0
06-08 14:29:03.648  1441  1661 I SqliteDatabaseCpp: sqlite returned: error code = 1, msg = no such table: Permissions, db=/data/data/com.android.browser/databases/webview.db
06-08 14:29:03.714  1441  1441 D WebViewTimersControl: onBrowserActivityResume
06-08 14:29:03.714  1441  1441 D WebViewTimersControl: Resuming webview timers, view=com.android.browser.BrowserWebView@415245a0
06-08 14:29:03.714  1441  1441 W BaseUi  : mMainView is already attached to wrapper in attachTabToContentView!
06-08 14:29:03.714  1441  1441 W BaseUi  : mContainer is already attached to content in attachTabToContentView!
06-08 14:29:03.746   150   204 V TransportControlView: Create TCV com.android.internal.widget.TransportControlView@41550c50
06-08 14:29:03.785   150   204 I WindowManager: Lock screen displayed!
06-08 14:29:04.015    79   118 D SurfaceFlinger: Screen about to return, flinger = 0x1d77918
06-08 14:29:05.027   150   200 I power   : *** set_screen_state 0
06-08 14:29:05.062    79   118 D SurfaceFlinger: About to give-up screen, flinger = 0x1d77918
06-08 14:29:05.082   150   204 I power   : *** set_screen_state 1
06-08 14:29:05.093  1441  1441 D WebViewTimersControl: onBrowserActivityPause
06-08 14:29:05.093  1441  1441 D WebViewTimersControl: Pausing webview timers, view=com.android.browser.BrowserWebView@415245a0
06-08 14:29:05.097  1441  1661 I SqliteDatabaseCpp: sqlite returned: error code = 1, msg = no such table: Permissions, db=/data/data/com.android.browser/databases/webview.db
06-08 14:29:05.136  1441  1441 D WebViewTimersControl: onBrowserActivityResume
06-08 14:29:05.136  1441  1441 D WebViewTimersControl: Resuming webview timers, view=com.android.browser.BrowserWebView@415245a0
06-08 14:29:05.136  1441  1441 W BaseUi  : mMainView is already attached to wrapper in attachTabToContentView!
06-08 14:29:05.136  1441  1441 W BaseUi  : mContainer is already attached to content in attachTabToContentView!
06-08 14:29:05.168   150   204 V TransportControlView: Create TCV com.android.internal.widget.TransportControlView@41609180
06-08 14:29:05.207   150   204 I WindowManager: Lock screen displayed!
06-08 14:29:05.472    79   118 D SurfaceFlinger: Screen about to return, flinger = 0x1d77918
06-08 14:29:06.500   150   200 I power   : *** set_screen_state 0
06-08 14:29:06.539    79   118 D SurfaceFlinger: About to give-up screen, flinger = 0x1d77918
06-08 14:29:06.554  1441  1441 D WebViewTimersControl: onBrowserActivityPause
06-08 14:29:06.554  1441  1441 D WebViewTimersControl: Pausing webview timers, view=com.android.browser.BrowserWebView@415245a0
06-08 14:29:06.554  1441  1661 I SqliteDatabaseCpp: sqlite returned: error code = 1, msg = no such table: Permissions, db=/data/data/com.android.browser/databases/webview.db
06-08 14:29:06.632   150   153 D dalvikvm: GC_CONCURRENT freed 1302K, 15% free 14125K/16455K, paused 3ms+5ms
06-08 14:29:06.699   150   204 V TransportControlView: Create TCV com.android.internal.widget.TransportControlView@413a1c58
06-08 14:29:11.015   150   204 I power   : *** set_screen_state 1
06-08 14:29:11.054  1441  1441 D WebViewTimersControl: onBrowserActivityResume
06-08 14:29:11.054  1441  1441 D WebViewTimersControl: Resuming webview timers, view=com.android.browser.BrowserWebView@415245a0
06-08 14:29:11.054  1441  1441 W BaseUi  : mMainView is already attached to wrapper in attachTabToContentView!
06-08 14:29:11.054  1441  1441 W BaseUi  : mContainer is already attached to content in attachTabToContentView!
06-08 14:29:11.062   150   204 I WindowManager: Lock screen displayed!
06-08 14:29:11.082  2222  2235 I PhoneLab-: Service Running
06-08 14:29:11.101   150   150 I ActivityManager: Process com.android.defcontainer (pid 2195) has died.
06-08 14:29:11.144  2222  2235 I PhoneLab-LoggerService: app_38    1355  1     1836   1460  c00f181c 400107b4 S logcat
06-08 14:29:11.144  2222  2235 I PhoneLab-LoggerService: Logcat pid from database 1355
06-08 14:29:11.144  2222  2235 I PhoneLab-LoggerService: Logcat process found 1355
06-08 14:29:11.144  2222  2235 I PhoneLab-LoggerService: Checking Threshold
06-08 14:29:11.144  2222  2235 I PhoneLab-LoggerService: Starting to rename files
06-08 14:29:11.144  2222  2235 I PhoneLab-LoggerService: Files found .. 2
06-08 14:29:11.242    79   118 D SurfaceFlinger: Screen about to return, flinger = 0x1d77918
06-08 14:29:12.152   150   200 I power   : *** set_screen_state 0
06-08 14:29:12.187    79   118 D SurfaceFlinger: About to give-up screen, flinger = 0x1d77918
06-08 14:29:12.199  1441  1441 D WebViewTimersControl: onBrowserActivityPause
06-08 14:29:12.199  1441  1441 D WebViewTimersControl: Pausing webview timers, view=com.android.browser.BrowserWebView@415245a0
06-08 14:29:12.203  1441  1661 I SqliteDatabaseCpp: sqlite returned: error code = 1, msg = no such table: Permissions, db=/data/data/com.android.browser/databases/webview.db
06-08 14:29:12.238  1615  1615 D OpenGLRenderer: Flushing caches (mode 1)
06-08 14:29:12.254   150   204 V TransportControlView: Create TCV com.android.internal.widget.TransportControlView@413be7f8
06-08 14:29:12.269  1327  1327 D OpenGLRenderer: Flushing caches (mode 1)
06-08 14:29:12.269  1374  1374 D OpenGLRenderer: Flushing caches (mode 1)
06-08 14:29:16.007   150   204 I power   : *** set_screen_state 1
06-08 14:29:16.027  1441  1441 D WebViewTimersControl: onBrowserActivityResume
06-08 14:29:16.027  1441  1441 D WebViewTimersControl: Resuming webview timers, view=com.android.browser.BrowserWebView@415245a0
06-08 14:29:16.027  1441  1441 W BaseUi  : mMainView is already attached to wrapper in attachTabToContentView!
06-08 14:29:16.027  1441  1441 W BaseUi  : mContainer is already attached to content in attachTabToContentView!
06-08 14:29:16.054   150   204 I WindowManager: Lock screen displayed!
06-08 14:29:16.078  1374  1374 D OpenGLRenderer: Flushing caches (mode 1)
06-08 14:29:16.082  1327  1327 D OpenGLRenderer: Flushing caches (mode 1)
06-08 14:29:16.093  1615  1615 D OpenGLRenderer: Flushing caches (mode 1)
06-08 14:29:16.218    79   118 D SurfaceFlinger: Screen about to return, flinger = 0x1d77918
06-08 14:29:17.086   150   200 I power   : *** set_screen_state 0
06-08 14:29:17.125    79   118 D SurfaceFlinger: About to give-up screen, flinger = 0x1d77918
06-08 14:29:17.207   150   201 D dalvikvm: GC_FOR_ALLOC freed 1235K, 15% free 13989K/16455K, paused 48ms
06-08 14:29:17.215  1441  1441 D WebViewTimersControl: onBrowserActivityPause
06-08 14:29:17.215  1441  1441 D WebViewTimersControl: Pausing webview timers, view=com.android.browser.BrowserWebView@415245a0
06-08 14:29:17.215  1441  1661 I SqliteDatabaseCpp: sqlite returned: error code = 1, msg = no such table: Permissions, db=/data/data/com.android.browser/databases/webview.db
06-08 14:29:17.257  1615  1615 D OpenGLRenderer: Flushing caches (mode 1)
06-08 14:29:17.285   150   204 V TransportControlView: Create TCV com.android.internal.widget.TransportControlView@413ca3f0
06-08 14:29:17.300  1327  1327 D OpenGLRenderer: Flushing caches (mode 1)
06-08 14:29:17.304  1374  1374 D OpenGLRenderer: Flushing caches (mode 1)
06-08 14:29:44.105  1327  1327 D OpenGLRenderer: Flushing caches (mode 1)
06-08 14:29:44.105  1374  1374 D OpenGLRenderer: Flushing caches (mode 1)
06-08 14:29:44.109   694  1647 I EventLogService: Aggregate from 1339178601320 (log), 1339178383479 (data)
06-08 14:29:44.121  1615  1615 D OpenGLRenderer: Flushing caches (mode 1)
06-08 14:29:44.175  1374  1374 D OpenGLRenderer: Flushing caches (mode 1)
06-08 14:29:44.175  1327  1327 D OpenGLRenderer: Flushing caches (mode 1)
06-08 14:29:44.175  1615  1615 D OpenGLRenderer: Flushing caches (mode 1)
06-08 14:30:29.218  1374  1374 D OpenGLRenderer: Flushing caches (mode 1)
06-08 14:30:29.218  1327  1327 D OpenGLRenderer: Flushing caches (mode 1)
06-08 14:30:29.226   694  1576 D WifiLocator: Too many no-location APs. Will not compute a location nor go to the server. hasLocation=0 noLocation=0 cacheMiss=0
06-08 14:30:29.230  1615  1615 D OpenGLRenderer: Flushing caches (mode 1)
06-08 14:30:38.238   694  1726 D dalvikvm: GC_EXPLICIT freed 267K, 13% free 10467K/11911K, paused 20ms+3ms
06-08 14:30:38.257  1374  1374 D OpenGLRenderer: Flushing caches (mode 1)
06-08 14:30:38.257  1327  1327 D OpenGLRenderer: Flushing caches (mode 1)
06-08 14:30:38.257  1615  1615 D OpenGLRenderer: Flushing caches (mode 1)
06-08 14:30:38.273  1327  1327 D OpenGLRenderer: Flushing caches (mode 1)
06-08 14:30:38.273  1374  1374 D OpenGLRenderer: Flushing caches (mode 1)
06-08 14:30:38.273  1615  1615 D OpenGLRenderer: Flushing caches (mode 1)
06-08 14:30:38.304  1374  2461 I Gmail   : MainSyncRequestProto: lowestBkwdConvoId: 0, highestHandledServerOp: 2642806, normalSync: true
06-08 14:30:38.351  1374  1374 D OpenGLRenderer: Flushing caches (mode 1)
06-08 14:30:38.367  1615  1615 D OpenGLRenderer: Flushing caches (mode 1)
06-08 14:30:38.367  1327  1327 D OpenGLRenderer: Flushing caches (mode 1)
06-08 14:30:43.879  1374  2461 D dalvikvm: GC_EXPLICIT freed 535K, 15% free 11046K/12935K, paused 3ms+3ms
06-08 14:30:43.886  1374  2461 I Gmail   : MainSyncRequestProto: lowestBkwdConvoId: 0, highestHandledServerOp: 2642841, normalSync: true
06-08 14:30:43.922  1374  1374 D OpenGLRenderer: Flushing caches (mode 1)
06-08 14:30:43.922  1615  1615 D OpenGLRenderer: Flushing caches (mode 1)
06-08 14:30:43.922  1327  1327 D OpenGLRenderer: Flushing caches (mode 1)
06-08 14:30:44.906  1374  2461 D dalvikvm: GC_EXPLICIT freed 229K, 15% free 11053K/12935K, paused 5ms+4ms
06-08 14:30:44.910  1374  2461 I Gmail   : MainSyncRequestProto: lowestBkwdConvoId: 0, highestHandledServerOp: 2642841, normalSync: true
06-08 14:30:44.922  1374  2461 W Gmail   : Scheduling index for 300000 ms from now
06-08 14:30:44.941  1374  2461 I Gmail   : Sending notification intent: Intent { act=android.intent.action.PROVIDER_CHANGED dat=content://gmail-ls/unread/^i (has extras) }
06-08 14:30:45.043   150   153 D dalvikvm: GC_CONCURRENT freed 995K, 15% free 14112K/16455K, paused 2ms+4ms
06-08 14:31:50.136  2222  2222 I PhoneLab-Locks: wake lock acquired
06-08 14:31:50.148  2222  2463 I PhoneLab-PeriodicCheckService: User info is synched
06-08 14:31:50.152  2222  2463 I PhoneLab-PeriodicCheckService: Logger Service is running
06-08 14:31:50.156  2222  2222 I PhoneLab-Locks: wake lock acquired
06-08 14:31:50.156  2222  2463 I PhoneLab-PeriodicCheckService: Rescheduling periodic checking...
06-08 14:31:50.160  2222  2463 I PhoneLab-Locks: wake lock released
06-08 14:31:50.168  2222  2222 I PhoneLab-StatusMonitor: Status Monitoring is started
06-08 14:31:50.234  2222  2222 E PhoneLab-PhoneLabManifest: java.io.FileNotFoundException: /data/data/edu.buffalo.cse.phonelab.phonelabservices/files/manifest.xml: open failed: ENOENT (No such file or directory)
06-08 14:31:50.293  2222  2222 I PhoneLab-Locks: wake lock released
06-08 14:35:29.230  1327  1327 D OpenGLRenderer: Flushing caches (mode 1)
06-08 14:35:29.230  1374  1374 D OpenGLRenderer: Flushing caches (mode 1)
06-08 14:35:29.238  1615  1615 D OpenGLRenderer: Flushing caches (mode 1)
06-08 14:35:29.257   694  1576 D WifiLocator: Too many no-location APs. Will not compute a location nor go to the server. hasLocation=0 noLocation=0 cacheMiss=0
06-08 14:40:29.296   694  1576 D WifiLocator: Too many no-location APs. Will not compute a location nor go to the server. hasLocation=0 noLocation=0 cacheMiss=0
06-08 14:41:41.007  1327  1327 D OpenGLRenderer: Flushing caches (mode 1)
06-08 14:41:41.007  1374  1374 D OpenGLRenderer: Flushing caches (mode 1)
06-08 14:41:41.035  1615  1615 D OpenGLRenderer: Flushing caches (mode 1)
06-08 14:43:42.289  1327  1327 D OpenGLRenderer: Flushing caches (mode 1)
06-08 14:43:42.293  1615  1615 D OpenGLRenderer: Flushing caches (mode 1)
06-08 14:43:42.293  1374  1374 D OpenGLRenderer: Flushing caches (mode 1)
06-08 14:43:42.324  1327  1327 D OpenGLRenderer: Flushing caches (mode 1)
06-08 14:43:42.328  1615  1615 D OpenGLRenderer: Flushing caches (mode 1)
06-08 14:43:42.328  1374  1374 D OpenGLRenderer: Flushing caches (mode 1)
06-08 14:43:42.386  1374  2466 I Gmail   : MainSyncRequestProto: lowestBkwdConvoId: 0, highestHandledServerOp: 2642841, normalSync: true
06-08 14:43:42.504  1374  1374 D OpenGLRenderer: Flushing caches (mode 1)
06-08 14:43:42.515  1615  1615 D OpenGLRenderer: Flushing caches (mode 1)
06-08 14:43:42.617   150   166 D dalvikvm: GC_EXPLICIT freed 628K, 15% free 14121K/16455K, paused 6ms+6ms
06-08 14:43:42.621  1327  1327 D OpenGLRenderer: Flushing caches (mode 1)
06-08 14:43:44.504  1374  2466 E Gmail   : IOException: Read error: ssl=0xc636a8: I/O error during system call, Connection reset by peer
06-08 14:43:44.523   150   195 D SyncManager: failed sync operation steven.y.ko@gmail.com (com.google), gmail-ls, SERVER, earliestRunTime 2728064, SyncResult: stats [ numIoExceptions: 1]
06-08 14:44:42.476  1374  2467 I Gmail   : MainSyncRequestProto: lowestBkwdConvoId: 0, highestHandledServerOp: 2642841, normalSync: true
06-08 14:44:42.496  1374  1374 D OpenGLRenderer: Flushing caches (mode 1)
06-08 14:44:42.500  1615  1615 D OpenGLRenderer: Flushing caches (mode 1)
06-08 14:44:42.503  1327  1327 D OpenGLRenderer: Flushing caches (mode 1)
06-08 14:44:43.847  1374  1376 D dalvikvm: GC_CONCURRENT freed 554K, 15% free 11061K/12935K, paused 22ms+4ms
06-08 14:44:45.328  1374  2467 D dalvikvm: GC_EXPLICIT freed 523K, 15% free 11084K/12935K, paused 2ms+3ms
06-08 14:44:45.332  1374  2467 I Gmail   : MainSyncRequestProto: lowestBkwdConvoId: 0, highestHandledServerOp: 2642892, normalSync: true
06-08 14:44:45.371  1374  2467 D dalvikvm: GC_EXPLICIT freed 66K, 15% free 11034K/12935K, paused 3ms+3ms
06-08 14:44:45.378  1374  2467 W Gmail   : Scheduling index for 300000 ms from now
06-08 14:44:45.398  1374  2467 I Gmail   : Sending notification intent: Intent { act=android.intent.action.PROVIDER_CHANGED dat=content://gmail-ls/unread/^i (has extras) }
06-08 14:44:45.421  1374  2467 I Gmail   : Sending notification intent: Intent { act=android.intent.action.PROVIDER_CHANGED dat=content://gmail-ls/unread/^iim (has extras) }
06-08 14:45:29.339   694  1576 D WifiLocator: Too many no-location APs. Will not compute a location nor go to the server. hasLocation=0 noLocation=0 cacheMiss=0
06-08 14:45:29.363  1327  1327 D OpenGLRenderer: Flushing caches (mode 1)
06-08 14:45:29.367  1615  1615 D OpenGLRenderer: Flushing caches (mode 1)
06-08 14:45:29.367  1374  1374 D OpenGLRenderer: Flushing caches (mode 1)
06-08 14:46:25.101  1327  1327 D OpenGLRenderer: Flushing caches (mode 1)
06-08 14:46:25.101  1374  1374 D OpenGLRenderer: Flushing caches (mode 1)
06-08 14:46:25.101  1615  1615 D OpenGLRenderer: Flushing caches (mode 1)
06-08 14:46:25.125  1615  1615 D OpenGLRenderer: Flushing caches (mode 1)
06-08 14:46:25.129  1327  1327 D OpenGLRenderer: Flushing caches (mode 1)
06-08 14:46:25.129  1374  1374 D OpenGLRenderer: Flushing caches (mode 1)
06-08 14:46:25.148  1374  2473 I Gmail   : MainSyncRequestProto: lowestBkwdConvoId: 0, highestHandledServerOp: 2642892, normalSync: true
06-08 14:46:25.179  1374  1374 D OpenGLRenderer: Flushing caches (mode 1)
06-08 14:46:25.195  1615  1615 D OpenGLRenderer: Flushing caches (mode 1)
06-08 14:46:25.195  1327  1327 D OpenGLRenderer: Flushing caches (mode 1)
06-08 14:46:25.754  1374  2473 D dalvikvm: GC_EXPLICIT freed 222K, 15% free 11072K/12935K, paused 2ms+5ms
06-08 14:46:25.757  1374  2473 I Gmail   : MainSyncRequestProto: lowestBkwdConvoId: 0, highestHandledServerOp: 2642898, normalSync: true
06-08 14:46:25.793  1374  1374 D OpenGLRenderer: Flushing caches (mode 1)
06-08 14:46:25.793  1615  1615 D OpenGLRenderer: Flushing caches (mode 1)
06-08 14:46:25.796  1327  1327 D OpenGLRenderer: Flushing caches (mode 1)
06-08 14:46:26.605  1374  1376 D dalvikvm: GC_CONCURRENT freed 604K, 15% free 11114K/12935K, paused 2ms+3ms
06-08 14:46:26.871  1374  2473 D dalvikvm: GC_EXPLICIT freed 510K, 14% free 11147K/12935K, paused 10ms+10ms
06-08 14:46:26.875  1374  2473 I Gmail   : MainSyncRequestProto: lowestBkwdConvoId: 0, highestHandledServerOp: 2642898, normalSync: true
06-08 14:46:26.886  1374  2473 W Gmail   : Scheduling index for 300000 ms from now
06-08 14:48:07.097  1327  1327 D OpenGLRenderer: Flushing caches (mode 1)
06-08 14:48:07.097  1374  1374 D OpenGLRenderer: Flushing caches (mode 1)
06-08 14:48:07.097  1615  1615 D OpenGLRenderer: Flushing caches (mode 1)
06-08 14:48:07.117  1327  1327 D OpenGLRenderer: Flushing caches (mode 1)
06-08 14:48:07.117  1615  1615 D OpenGLRenderer: Flushing caches (mode 1)
06-08 14:48:07.117  1374  1374 D OpenGLRenderer: Flushing caches (mode 1)
06-08 14:48:07.140  1374  2475 I Gmail   : MainSyncRequestProto: lowestBkwdConvoId: 0, highestHandledServerOp: 2642898, normalSync: true
06-08 14:48:07.171  1374  1374 D OpenGLRenderer: Flushing caches (mode 1)
06-08 14:48:07.183  1615  1615 D OpenGLRenderer: Flushing caches (mode 1)
06-08 14:48:07.187  1327  1327 D OpenGLRenderer: Flushing caches (mode 1)
06-08 14:48:07.972  1374  2475 D dalvikvm: GC_EXPLICIT freed 380K, 15% free 11105K/12935K, paused 2ms+4ms
06-08 14:48:07.976  1374  2475 I Gmail   : MainSyncRequestProto: lowestBkwdConvoId: 0, highestHandledServerOp: 2642904, normalSync: true
06-08 14:48:07.984  1374  2475 W Gmail   : Scheduling index for 300000 ms from now
06-08 14:48:18.050  1615  1615 D OpenGLRenderer: Flushing caches (mode 1)
06-08 14:48:18.050  1327  1327 D OpenGLRenderer: Flushing caches (mode 1)
06-08 14:48:18.054  1374  1374 D OpenGLRenderer: Flushing caches (mode 1)
06-08 14:48:18.086  1615  1615 D OpenGLRenderer: Flushing caches (mode 1)
06-08 14:48:18.086  1374  1374 D OpenGLRenderer: Flushing caches (mode 1)
06-08 14:48:18.086  1327  1327 D OpenGLRenderer: Flushing caches (mode 1)
06-08 14:48:18.113  1374  2477 I Gmail   : MainSyncRequestProto: lowestBkwdConvoId: 0, highestHandledServerOp: 2642904, normalSync: true
06-08 14:48:18.164  1615  1615 D OpenGLRenderer: Flushing caches (mode 1)
06-08 14:48:18.164  1374  1374 D OpenGLRenderer: Flushing caches (mode 1)
06-08 14:48:18.164  1327  1327 D OpenGLRenderer: Flushing caches (mode 1)
06-08 14:48:18.191  1374  1374 D OpenGLRenderer: Flushing caches (mode 1)
06-08 14:48:18.191  1615  1615 D OpenGLRenderer: Flushing caches (mode 1)
06-08 14:48:18.199  1327  1327 D OpenGLRenderer: Flushing caches (mode 1)
06-08 14:48:18.207  1615  1615 D OpenGLRenderer: Flushing caches (mode 1)
06-08 14:48:18.207  1374  1374 D OpenGLRenderer: Flushing caches (mode 1)
06-08 14:48:18.214  1327  1327 D OpenGLRenderer: Flushing caches (mode 1)
06-08 14:48:18.808  1374  2477 D dalvikvm: GC_EXPLICIT freed 440K, 15% free 11092K/12935K, paused 2ms+4ms
06-08 14:48:18.812  1374  2477 I Gmail   : MainSyncRequestProto: lowestBkwdConvoId: 0, highestHandledServerOp: 2642957, normalSync: true
06-08 14:48:18.843  1374  1374 D OpenGLRenderer: Flushing caches (mode 1)
06-08 14:48:18.847  1615  1615 D OpenGLRenderer: Flushing caches (mode 1)
06-08 14:48:18.847  1327  1327 D OpenGLRenderer: Flushing caches (mode 1)
06-08 14:48:19.554  1374  2477 D dalvikvm: GC_EXPLICIT freed 232K, 15% free 11092K/12935K, paused 5ms+3ms
06-08 14:48:19.558  1374  2477 I Gmail   : MainSyncRequestProto: lowestBkwdConvoId: 0, highestHandledServerOp: 2642957, normalSync: true
06-08 14:48:19.566  1374  2477 W Gmail   : Scheduling index for 300000 ms from now
06-08 14:48:19.589  1374  2477 I Gmail   : Sending notification intent: Intent { act=android.intent.action.PROVIDER_CHANGED dat=content://gmail-ls/unread/^i (has extras) }
06-08 14:48:19.613  1374  2477 I Gmail   : Sending notification intent: Intent { act=android.intent.action.PROVIDER_CHANGED dat=content://gmail-ls/unread/^iim (has extras) }
06-08 14:48:20.144  1374  2481 I Gmail   : MainSyncRequestProto: lowestBkwdConvoId: 0, highestHandledServerOp: 2642957, normalSync: true
06-08 14:48:20.472  1374  1374 D OpenGLRenderer: Flushing caches (mode 1)
06-08 14:48:20.476  1615  1615 D OpenGLRenderer: Flushing caches (mode 1)
06-08 14:48:20.480  1327  1327 D OpenGLRenderer: Flushing caches (mode 1)
06-08 14:48:20.988  1374  2481 D dalvikvm: GC_EXPLICIT freed 226K, 15% free 11092K/12935K, paused 2ms+4ms
06-08 14:48:20.992  1374  2481 I Gmail   : MainSyncRequestProto: lowestBkwdConvoId: 0, highestHandledServerOp: 2642957, normalSync: true
06-08 14:48:21.000  1374  2481 W Gmail   : Scheduling index for 300000 ms from now
06-08 14:50:29.371   694  1576 D WifiLocator: Too many no-location APs. Will not compute a location nor go to the server. hasLocation=0 noLocation=0 cacheMiss=0
06-08 14:50:29.378  1327  1327 D OpenGLRenderer: Flushing caches (mode 1)
06-08 14:50:29.378  1374  1374 D OpenGLRenderer: Flushing caches (mode 1)
06-08 14:50:29.378  1615  1615 D OpenGLRenderer: Flushing caches (mode 1)
06-08 14:51:57.011   150   204 I power   : *** set_screen_state 1
06-08 14:51:57.035  1441  1441 D WebViewTimersControl: onBrowserActivityResume
06-08 14:51:57.035  1441  1441 D WebViewTimersControl: Resuming webview timers, view=com.android.browser.BrowserWebView@415245a0
06-08 14:51:57.035  1441  1441 W BaseUi  : mMainView is already attached to wrapper in attachTabToContentView!
06-08 14:51:57.035  1441  1441 W BaseUi  : mContainer is already attached to content in attachTabToContentView!
06-08 14:51:57.113   150   204 I WindowManager: Lock screen displayed!
06-08 14:51:57.148   391   393 D dalvikvm: GC_CONCURRENT freed 388K, 8% free 9701K/10503K, paused 2ms+3ms
06-08 14:51:57.152  1327  1327 D OpenGLRenderer: Flushing caches (mode 1)
06-08 14:51:57.152  1374  1374 D OpenGLRenderer: Flushing caches (mode 1)
06-08 14:51:57.175  1615  1615 D OpenGLRenderer: Flushing caches (mode 1)
06-08 14:51:57.289    79   118 D SurfaceFlinger: Screen about to return, flinger = 0x1d77918
06-08 14:51:58.090   391   391 D PhoneStatusBar: disable: < expand icons alerts ticker system_info BACK HOME recent* CLOCK >
06-08 14:51:58.093   494  1738 D NfcService: NFC-C ON
06-08 14:51:58.105   150   559 W InputManagerService: Window already focused, ignoring focus gain of: com.android.internal.view.IInputMethodClient$Stub$Proxy@4172fdb0
06-08 14:51:58.109    82   122 D AudioHardware: AudioHardware pcm playback is exiting standby.
06-08 14:51:58.109    82   122 D AudioHardware: openPcmOut_l() mPcmOpenCnt: 0
06-08 14:51:58.117   391   391 D PhoneStatusBar: disable: < expand icons alerts ticker system_info back* home* recent clock* >
06-08 14:51:58.215   150   162 D AlarmManagerService: Kernel timezone updated to 240 minutes west of GMT
06-08 14:51:58.159  1327  1327 D OpenGLRenderer: Flushing caches (mode 1)
06-08 14:51:58.167  1374  1374 D OpenGLRenderer: Flushing caches (mode 1)
06-08 14:51:58.218   474   474 D SystemClock: Setting time of day to sec=1339181518
06-08 14:51:58.261   150   162 D dalvikvm: GC_EXPLICIT freed 1168K, 15% free 14094K/16455K, paused 3ms+7ms
06-08 14:51:58.272  2354  2367 V AlarmClock: AlarmInitReceiver finished
06-08 14:51:58.296  1615  1615 D OpenGLRenderer: Flushing caches (mode 2)
06-08 14:51:58.308  1615  1615 D OpenGLRenderer: Flushing caches (mode 0)
06-08 14:51:58.327  1374  1374 D OpenGLRenderer: Flushing caches (mode 1)
06-08 14:51:58.327  1327  1327 D OpenGLRenderer: Flushing caches (mode 1)
06-08 14:51:59.472   150   208 I ActivityManager: START {act=android.intent.action.MAIN cat=[android.intent.category.HOME] flg=0x10200000 cmp=com.android.launcher/com.android.launcher2.Launcher} from pid 150
06-08 14:51:59.515  1441  1441 D WebViewTimersControl: onBrowserActivityPause
06-08 14:51:59.515  1441  1441 D WebViewTimersControl: Pausing webview timers, view=com.android.browser.BrowserWebView@415245a0
06-08 14:51:59.515  1441  1661 I SqliteDatabaseCpp: sqlite returned: error code = 1, msg = no such table: Permissions, db=/data/data/com.android.browser/databases/webview.db
06-08 14:51:59.729  1441  1441 D OpenGLRenderer: Flushing caches (mode 0)
06-08 14:51:59.772  1441  1441 D OpenGLRenderer: Flushing caches (mode 1)
06-08 14:52:01.112    82   122 D AudioHardware: AudioHardware pcm playback is going to standby.
06-08 14:52:01.112    82   122 D AudioHardware: closePcmOut_l() mPcmOpenCnt: 1
06-08 14:52:01.167    82   122 D AudioHardware: AudioHardware pcm playback is exiting standby.
06-08 14:52:01.167    82   122 D AudioHardware: openPcmOut_l() mPcmOpenCnt: 0
06-08 14:52:01.378   150   493 W InputManagerService: Starting input on non-focused client com.android.internal.view.IInputMethodClient$Stub$Proxy@41567f58 (uid=10003 pid=1441)
06-08 14:52:01.456  1615  1644 D dalvikvm: GC_FOR_ALLOC freed 2308K, 42% free 11783K/19975K, paused 27ms
06-08 14:52:01.550  1615  1617 D dalvikvm: GC_CONCURRENT freed 8K, 37% free 12701K/19975K, paused 2ms+3ms
06-08 14:52:01.628  1615  1711 D dalvikvm: GC_FOR_ALLOC freed 66K, 37% free 12744K/19975K, paused 26ms
06-08 14:52:01.632  1615  1711 I dalvikvm-heap: Grow heap (frag case) to 13.741MB for 1286224-byte allocation
06-08 14:52:01.671  1615  1615 D dalvikvm: GC_FOR_ALLOC freed 1K, 30% free 13998K/19975K, paused 23ms
06-08 14:52:01.792  1615  1617 D dalvikvm: GC_CONCURRENT freed 8K, 29% free 14359K/19975K, paused 2ms+12ms
06-08 14:52:01.952  1615  1711 D dalvikvm: GC_FOR_ALLOC freed 3050K, 41% free 11976K/19975K, paused 21ms
06-08 14:52:01.956  1615  1711 I dalvikvm-heap: Grow heap (frag case) to 12.991MB for 1286224-byte allocation
06-08 14:52:01.991  1615  1615 D dalvikvm: GC_FOR_ALLOC freed 3K, 34% free 13228K/19975K, paused 21ms
06-08 14:52:02.073  1615  1617 D dalvikvm: GC_CONCURRENT freed 7K, 32% free 13671K/19975K, paused 1ms+3ms
06-08 14:52:02.323  1615  1617 D dalvikvm: GC_CONCURRENT freed 2354K, 36% free 12809K/19975K, paused 3ms+5ms
06-08 14:52:02.495   150   468 I ActivityManager: START {act=android.intent.action.MAIN cat=[android.intent.category.LAUNCHER] flg=0x10200000 cmp=com.android.vending/.AssetBrowserActivity} from pid 1615
06-08 14:52:02.577  1615  1617 D dalvikvm: GC_CONCURRENT freed 459K, 32% free 13608K/19975K, paused 4ms+45ms
06-08 14:52:02.651   150   493 I ActivityManager: Start proc com.android.vending for activity com.android.vending/.AssetBrowserActivity: pid=2491 uid=10048 gids={3003, 1015}
06-08 14:52:02.694  1615  1643 D dalvikvm: GC_FOR_ALLOC freed 1756K, 36% free 12911K/19975K, paused 28ms
06-08 14:52:02.827  1615  1642 D dalvikvm: GC_FOR_ALLOC freed 5K, 30% free 14162K/19975K, paused 105ms
06-08 14:52:02.886  2491  2491 I ActivityThread: Pub com.google.android.finsky.QSBSuggestionsProvider: com.google.android.finsky.providers.QSBSuggestionsProvider
06-08 14:52:02.917  1615  1615 D OpenGLRenderer: Flushing caches (mode 1)
06-08 14:52:02.933  2491  2491 I ActivityThread: Pub com.google.android.finsky.AppIconProvider: com.google.android.finsky.providers.AppIconProvider
06-08 14:52:02.933  2491  2491 I ActivityThread: Pub com.google.android.finsky.RecentSuggestionsProvider: com.google.android.finsky.providers.RecentSuggestionsProvider
06-08 14:52:03.065  2491  2493 D dalvikvm: GC_CONCURRENT freed 214K, 4% free 9290K/9607K, paused 2ms+2ms
06-08 14:52:03.140  2491  2491 D Finsky  : [1] DailyHygiene.goMakeHygieneIfDirty: No need to run daily hygiene.
06-08 14:52:03.206   150   166 I Process : Sending signal. PID: 2491 SIG: 3
06-08 14:52:03.206  2491  2494 I dalvikvm: threadid=3: reacting to signal 3
06-08 14:52:03.210  1615  1617 D dalvikvm: GC_CONCURRENT freed 48K, 25% free 14991K/19975K, paused 2ms+39ms
06-08 14:52:03.210  1615  1615 D OpenGLRenderer: Flushing caches (mode 0)
06-08 14:52:03.257  2491  2494 I dalvikvm: Wrote stack traces to '/data/anr/traces.txt'
06-08 14:52:03.335  2491  2493 D dalvikvm: GC_CONCURRENT freed 358K, 5% free 9429K/9863K, paused 22ms+4ms
06-08 14:52:03.374  1441  1441 D OpenGLRenderer: Flushing caches (mode 1)
06-08 14:52:03.382  1374  1374 D OpenGLRenderer: Flushing caches (mode 2)
06-08 14:52:03.401  1327  1327 D OpenGLRenderer: Flushing caches (mode 2)
06-08 14:52:03.440   694   697 D dalvikvm: GC_CONCURRENT freed 348K, 12% free 10530K/11911K, paused 2ms+4ms
06-08 14:52:03.491  1374  1374 D OpenGLRenderer: Flushing caches (mode 0)
06-08 14:52:03.495  1374  1374 W ManagedEGLContext: doTerminate failed: EGL count is 2 but managed count is 1
06-08 14:52:03.565  2491  2493 D dalvikvm: GC_CONCURRENT freed 399K, 6% free 9551K/10055K, paused 2ms+3ms
06-08 14:52:03.694  2491  2491 D libEGL  : loaded /system/lib/egl/libGLES_android.so
06-08 14:52:03.702  2491  2491 D libEGL  : loaded /vendor/lib/egl/libEGL_POWERVR_SGX540_120.so
06-08 14:52:03.706   150   166 I Process : Sending signal. PID: 2491 SIG: 3
06-08 14:52:03.706  2491  2494 I dalvikvm: threadid=3: reacting to signal 3
06-08 14:52:03.706  1441  1441 D OpenGLRenderer: Flushing caches (mode 2)
06-08 14:52:03.706  1374  1374 D OpenGLRenderer: Flushing caches (mode 2)
06-08 14:52:03.710  1374  1374 D OpenGLRenderer: Flushing caches (mode 0)
06-08 14:52:03.710  1374  1374 W ManagedEGLContext: doTerminate failed: EGL count is 2 but managed count is 1
06-08 14:52:03.729  2491  2491 D libEGL  : loaded /vendor/lib/egl/libGLESv1_CM_POWERVR_SGX540_120.so
06-08 14:52:03.733  2491  2491 D libEGL  : loaded /vendor/lib/egl/libGLESv2_POWERVR_SGX540_120.so
06-08 14:52:03.753  2491  2494 I dalvikvm: Wrote stack traces to '/data/anr/traces.txt'
06-08 14:52:03.812  2491  2491 D OpenGLRenderer: Enabling debug mode 0
06-08 14:52:03.831  1327  1329 D dalvikvm: GC_CONCURRENT freed 357K, 6% free 9869K/10439K, paused 2ms+16ms
06-08 14:52:03.874  1441  1441 D OpenGLRenderer: Flushing caches (mode 0)
06-08 14:52:03.874  1441  1441 W ManagedEGLContext: doTerminate failed: EGL count is 2 but managed count is 1
06-08 14:52:03.901  2491  2491 D Finsky  : [1] DownloadImpl.setState: self-update-download from null to UNQUEUED.
06-08 14:52:03.901  2491  2491 D Finsky  : [1] DownloadQueueImpl.add: Download self-update-download added to DownloadQueue
06-08 14:52:03.901   150  1492 W InputManagerService: Starting input on non-focused client com.android.internal.view.IInputMethodClient$Stub$Proxy@413a06e0 (uid=10027 pid=1615)
06-08 14:52:03.905  2491  2491 D Finsky  : [1] DownloadImpl.setState: self-update-download from UNQUEUED to QUEUED.
06-08 14:52:03.933    84    84 I installd: free_cache(0) avail 965251072
06-08 14:52:03.956   150   203 I ActivityManager: Displayed com.android.vending/.AssetBrowserActivity: +1s389ms
06-08 14:52:03.968  2491  2491 D Finsky  : [1] 1.onPostExecute: Attempt recovery of content://downloads/my_downloads/1 200
06-08 14:52:03.983  2491  2491 D Finsky  : [1] 1.onPostExecute: Releasing content://downloads/my_downloads/1 200
06-08 14:52:03.983  2491  2491 D Finsky  : [1] 2.run: Loaded library for account: [ZrNstjO2sWQHv0wecD7CxpCYBg4]
06-08 14:52:03.987  2491  2491 D Finsky  : [1] 2.run: Finished loading 1 libraries.
06-08 14:52:04.054  2491  2491 D Finsky  : [1] DownloadQueueImpl.startDownload: Download self-update-download starting
06-08 14:52:04.069  2491  2493 D dalvikvm: GC_CONCURRENT freed 402K, 5% free 9619K/10119K, paused 4ms+5ms
06-08 14:52:04.140  2491  2491 D Finsky  : [1] DownloadImpl.setState: self-update-download from QUEUED to DOWNLOADING.
06-08 14:52:04.144  2491  2491 D Finsky  : [1] DownloadQueueImpl.notifyProgress: self-update-download: onProgress 0/-1 Status: 190.
