06-09 07:55:03.222 12766 12780 I PhoneLab-LoggerService: Starting to rename files
06-09 07:55:03.222 12766 12780 I PhoneLab-LoggerService: Files found .. 13
06-09 07:55:03.226 12766 12780 I PhoneLab-: Service Running
06-09 07:55:03.265 12766 12768 D dalvikvm: GC_CONCURRENT freed 375K, 6% free 9104K/9671K, paused 2ms+5ms
06-09 07:55:03.269 12766 12780 I PhoneLab-LoggerService: app_38    1355  1     1836   1388  c00f181c 400107b4 S logcat
06-09 07:55:03.269 12766 12780 I PhoneLab-LoggerService: Logcat pid from database 1355
06-09 07:55:03.269 12766 12780 I PhoneLab-LoggerService: Logcat process found 1355
06-09 07:55:03.269 12766 12780 I PhoneLab-LoggerService: Checking Threshold
06-09 07:55:03.269 12766 12780 I PhoneLab-LoggerService: Starting to rename files
06-09 07:55:03.269 12766 12780 I PhoneLab-LoggerService: Files found .. 13
06-09 07:55:03.277 12766 12780 I PhoneLab-: Service Running
06-09 07:55:03.304 12766 12780 I PhoneLab-LoggerService: app_38    1355  1     1836   1388  c00f181c 400107b4 S logcat
06-09 07:55:03.304 12766 12780 I PhoneLab-LoggerService: Logcat pid from database 1355
06-09 07:55:03.304 12766 12780 I PhoneLab-LoggerService: Logcat process found 1355
06-09 07:55:03.304 12766 12780 I PhoneLab-LoggerService: Checking Threshold
06-09 07:55:03.304 12766 12780 I PhoneLab-LoggerService: Starting to rename files
06-09 07:55:03.304 12766 12780 I PhoneLab-LoggerService: Files found .. 13
06-09 07:55:03.308 12766 12780 I PhoneLab-: Service Running
06-09 07:55:03.336 12766 12780 I PhoneLab-LoggerService: app_38    1355  1     1836   1388  c00f181c 400107b4 S logcat
06-09 07:55:03.336 12766 12780 I PhoneLab-LoggerService: Logcat pid from database 1355
06-09 07:55:03.336 12766 12780 I PhoneLab-LoggerService: Logcat process found 1355
06-09 07:55:03.336 12766 12780 I PhoneLab-LoggerService: Checking Threshold
06-09 07:55:03.336 12766 12780 I PhoneLab-LoggerService: Starting to rename files
06-09 07:55:03.336 12766 12780 I PhoneLab-LoggerService: Files found .. 13
06-09 07:55:03.339 12766 12780 I PhoneLab-: Service Running
06-09 07:55:03.363 12766 12780 I PhoneLab-LoggerService: app_38    1355  1     1836   1388  c00f181c 400107b4 S logcat
06-09 07:55:03.363 12766 12780 I PhoneLab-LoggerService: Logcat pid from database 1355
06-09 07:55:03.363 12766 12780 I PhoneLab-LoggerService: Logcat process found 1355
06-09 07:55:03.363 12766 12780 I PhoneLab-LoggerService: Checking Threshold
06-09 07:55:03.367 12766 12780 I PhoneLab-LoggerService: Starting to rename files
06-09 07:55:03.367 12766 12780 I PhoneLab-LoggerService: Files found .. 13
06-09 07:55:03.367 12766 12780 I PhoneLab-: Service Running
06-09 07:55:03.394 12766 12780 I PhoneLab-LoggerService: app_38    1355  1     1836   1388  c00f181c 400107b4 S logcat
06-09 07:55:03.394 12766 12780 I PhoneLab-LoggerService: Logcat pid from database 1355
06-09 07:55:03.394 12766 12780 I PhoneLab-LoggerService: Logcat process found 1355
06-09 07:55:03.394 12766 12780 I PhoneLab-LoggerService: Checking Threshold
06-09 07:55:03.398 12766 12780 I PhoneLab-LoggerService: Starting to rename files
06-09 07:55:03.398 12766 12780 I PhoneLab-LoggerService: Files found .. 13
06-09 07:55:03.398 12766 12780 I PhoneLab-: Service Running
06-09 07:55:03.425 12766 12780 I PhoneLab-LoggerService: app_38    1355  1     1836   1388  c00f181c 400107b4 S logcat
06-09 07:55:03.425 12766 12780 I PhoneLab-LoggerService: Logcat pid from database 1355
06-09 07:55:03.425 12766 12780 I PhoneLab-LoggerService: Logcat process found 1355
06-09 07:55:03.425 12766 12780 I PhoneLab-LoggerService: Checking Threshold
06-09 07:55:03.425 12766 12780 I PhoneLab-LoggerService: Starting to rename files
06-09 07:55:03.429 12766 12780 I PhoneLab-LoggerService: Files found .. 13
06-09 07:55:03.429 12766 12780 I PhoneLab-: Service Running
06-09 07:55:03.457 12766 12780 I PhoneLab-LoggerService: app_38    1355  1     1836   1388  c00f181c 400107b4 S logcat
06-09 07:55:03.457 12766 12780 I PhoneLab-LoggerService: Logcat pid from database 1355
06-09 07:55:03.457 12766 12780 I PhoneLab-LoggerService: Logcat process found 1355
06-09 07:55:03.457 12766 12780 I PhoneLab-LoggerService: Checking Threshold
06-09 07:55:03.457 12766 12780 I PhoneLab-LoggerService: Starting to rename files
06-09 07:55:03.476 12766 12780 I PhoneLab-LoggerService: Files found .. 13
06-09 07:55:03.476 12766 12780 I PhoneLab-: Service Running
06-09 07:55:03.500 12766 12768 D dalvikvm: GC_CONCURRENT freed 453K, 7% free 9084K/9671K, paused 1ms+2ms
06-09 07:55:03.523 12766 12780 I PhoneLab-LoggerService: app_38    1355  1     1836   1388  c00ab7c8 40010474 D logcat
06-09 07:55:03.523 12766 12780 I PhoneLab-LoggerService: Logcat pid from database 1355
06-09 07:55:03.523 12766 12780 I PhoneLab-LoggerService: Logcat process found 1355
06-09 07:55:03.523 12766 12780 I PhoneLab-LoggerService: Checking Threshold
06-09 07:55:03.523 12766 12780 I PhoneLab-LoggerService: Starting to rename files
06-09 07:55:03.523 12766 12780 I PhoneLab-LoggerService: Files found .. 13
06-09 07:55:03.523 12766 12780 I PhoneLab-: Service Running
06-09 07:58:15.027   391   391 I PowerUI : updating low battery warning: level=2 [-2]
06-09 07:58:15.132 12766 12780 I PhoneLab-LoggerService: app_38    1355  1     1836   1388  c00f181c 400107b4 S logcat
06-09 07:58:15.132 12766 12780 I PhoneLab-LoggerService: Logcat pid from database 1355
06-09 07:58:15.132 12766 12780 I PhoneLab-LoggerService: Logcat process found 1355
06-09 07:58:15.132 12766 12780 I PhoneLab-LoggerService: Checking Threshold
06-09 07:58:15.132 12766 12780 I PhoneLab-LoggerService: Starting to rename files
06-09 07:58:15.136 12766 12780 I PhoneLab-LoggerService: Files found .. 13
06-09 07:58:15.136 12766 12780 I PhoneLab-: Service Running
06-09 07:58:15.168 12766 12780 I PhoneLab-LoggerService: app_38    1355  1     1836   1388  c00f181c 400107b4 S logcat
06-09 07:58:15.168 12766 12780 I PhoneLab-LoggerService: Logcat pid from database 1355
06-09 07:58:15.168 12766 12780 I PhoneLab-LoggerService: Logcat process found 1355
06-09 07:58:15.168 12766 12780 I PhoneLab-LoggerService: Checking Threshold
06-09 07:58:15.168 12766 12780 I PhoneLab-LoggerService: Starting to rename files
06-09 07:58:15.168 12766 12780 I PhoneLab-LoggerService: Files found .. 13
06-09 07:58:15.168 12766 12780 I PhoneLab-: Service Running
06-09 07:58:15.195 12766 12780 I PhoneLab-LoggerService: app_38    1355  1     1836   1388  c00f181c 400107b4 S logcat
06-09 07:58:15.199 12766 12780 I PhoneLab-LoggerService: Logcat pid from database 1355
06-09 07:58:15.199 12766 12780 I PhoneLab-LoggerService: Logcat process found 1355
06-09 07:58:15.199 12766 12780 I PhoneLab-LoggerService: Checking Threshold
06-09 07:58:15.199 12766 12780 I PhoneLab-LoggerService: Starting to rename files
06-09 07:58:15.199 12766 12780 I PhoneLab-LoggerService: Files found .. 13
06-09 07:58:15.199 12766 12780 I PhoneLab-: Service Running
06-09 07:58:15.226 12766 12780 I PhoneLab-LoggerService: app_38    1355  1     1836   1388  c00f181c 400107b4 S logcat
06-09 07:58:15.226 12766 12780 I PhoneLab-LoggerService: Logcat pid from database 1355
06-09 07:58:15.226 12766 12780 I PhoneLab-LoggerService: Logcat process found 1355
06-09 07:58:15.226 12766 12780 I PhoneLab-LoggerService: Checking Threshold
06-09 07:58:15.230 12766 12780 I PhoneLab-LoggerService: Starting to rename files
06-09 07:58:15.230 12766 12780 I PhoneLab-LoggerService: Files found .. 13
06-09 07:58:15.230 12766 12780 I PhoneLab-: Service Running
06-09 07:58:15.257 12766 12780 I PhoneLab-LoggerService: app_38    1355  1     1836   1388  c00f181c 400107b4 S logcat
06-09 07:58:15.257 12766 12780 I PhoneLab-LoggerService: Logcat pid from database 1355
06-09 07:58:15.257 12766 12780 I PhoneLab-LoggerService: Logcat process found 1355
06-09 07:58:15.257 12766 12780 I PhoneLab-LoggerService: Checking Threshold
06-09 07:58:15.277 12766 12780 I PhoneLab-LoggerService: Starting to rename files
06-09 07:58:15.277 12766 12780 I PhoneLab-LoggerService: Files found .. 13
06-09 07:58:15.277 12766 12780 I PhoneLab-: Service Running
06-09 07:58:15.300 12766 12768 D dalvikvm: GC_CONCURRENT freed 399K, 7% free 9080K/9671K, paused 1ms+5ms
06-09 07:58:15.324 12766 12780 I PhoneLab-LoggerService: app_38    1355  1     1836   1388  c00f181c 400107b4 S logcat
06-09 07:58:15.324 12766 12780 I PhoneLab-LoggerService: Logcat pid from database 1355
06-09 07:58:15.324 12766 12780 I PhoneLab-LoggerService: Logcat process found 1355
06-09 07:58:15.324 12766 12780 I PhoneLab-LoggerService: Checking Threshold
06-09 07:58:15.324 12766 12780 I PhoneLab-LoggerService: Starting to rename files
06-09 07:58:15.324 12766 12780 I PhoneLab-LoggerService: Files found .. 13
06-09 07:58:15.324 12766 12780 I PhoneLab-: Service Running
06-09 07:58:15.351 12766 12780 I PhoneLab-LoggerService: app_38    1355  1     1836   1388  c00f181c 400107b4 S logcat
06-09 07:58:15.355 12766 12780 I PhoneLab-LoggerService: Logcat pid from database 1355
06-09 07:58:15.355 12766 12780 I PhoneLab-LoggerService: Logcat process found 1355
06-09 07:58:15.355 12766 12780 I PhoneLab-LoggerService: Checking Threshold
06-09 07:58:15.355 12766 12780 I PhoneLab-LoggerService: Starting to rename files
06-09 07:58:15.355 12766 12780 I PhoneLab-LoggerService: Files found .. 13
06-09 07:58:15.355 12766 12780 I PhoneLab-: Service Running
06-09 07:58:15.382 12766 12780 I PhoneLab-LoggerService: app_38    1355  1     1836   1388  c00f181c 400107b4 S logcat
06-09 07:58:15.382 12766 12780 I PhoneLab-LoggerService: Logcat pid from database 1355
06-09 07:58:15.382 12766 12780 I PhoneLab-LoggerService: Logcat process found 1355
06-09 07:58:15.382 12766 12780 I PhoneLab-LoggerService: Checking Threshold
06-09 07:58:15.386 12766 12780 I PhoneLab-LoggerService: Starting to rename files
06-09 07:58:15.386 12766 12780 I PhoneLab-LoggerService: Files found .. 13
06-09 07:58:15.386 12766 12780 I PhoneLab-: Service Running
06-09 07:58:15.414 12766 12780 I PhoneLab-LoggerService: app_38    1355  1     1836   1388  c00f181c 400107b4 S logcat
06-09 07:58:15.414 12766 12780 I PhoneLab-LoggerService: Logcat pid from database 1355
06-09 07:58:15.414 12766 12780 I PhoneLab-LoggerService: Logcat process found 1355
06-09 07:58:15.414 12766 12780 I PhoneLab-LoggerService: Checking Threshold
06-09 07:58:15.414 12766 12780 I PhoneLab-LoggerService: Starting to rename files
06-09 07:58:15.414 12766 12780 I PhoneLab-LoggerService: Files found .. 13
06-09 07:58:15.418 12766 12780 I PhoneLab-: Service Running
06-09 07:58:15.445 12766 12780 I PhoneLab-LoggerService: app_38    1355  1     1836   1388  c00f181c 400107b4 S logcat
06-09 07:58:15.445 12766 12780 I PhoneLab-LoggerService: Logcat pid from database 1355
06-09 07:58:15.445 12766 12780 I PhoneLab-LoggerService: Logcat process found 1355
06-09 07:58:15.445 12766 12780 I PhoneLab-LoggerService: Checking Threshold
06-09 07:58:15.445 12766 12780 I PhoneLab-LoggerService: Starting to rename files
06-09 07:58:15.445 12766 12780 I PhoneLab-LoggerService: Files found .. 13
06-09 07:58:15.449 12766 12780 I PhoneLab-: Service Running
06-09 07:58:15.476 12766 12780 I PhoneLab-LoggerService: app_38    1355  1     1836   1388  c00f181c 400107b4 S logcat
06-09 07:58:15.476 12766 12780 I PhoneLab-LoggerService: Logcat pid from database 1355
06-09 07:58:15.476 12766 12780 I PhoneLab-LoggerService: Logcat process found 1355
06-09 07:58:15.476 12766 12780 I PhoneLab-LoggerService: Checking Threshold
06-09 07:58:15.492 12766 12780 I PhoneLab-LoggerService: Starting to rename files
06-09 07:58:15.492 12766 12780 I PhoneLab-LoggerService: Files found .. 13
06-09 07:58:15.496 12766 12780 I PhoneLab-: Service Running
06-09 07:58:15.515 12766 12768 D dalvikvm: GC_CONCURRENT freed 391K, 7% free 9083K/9671K, paused 1ms+6ms
06-09 07:58:15.539 12766 12780 I PhoneLab-LoggerService: app_38    1355  1     1836   1388  c00f181c 400107b4 S logcat
06-09 07:58:15.539 12766 12780 I PhoneLab-LoggerService: Logcat pid from database 1355
06-09 07:58:15.539 12766 12780 I PhoneLab-LoggerService: Logcat process found 1355
06-09 07:58:15.539 12766 12780 I PhoneLab-LoggerService: Checking Threshold
06-09 07:58:15.543 12766 12780 I PhoneLab-LoggerService: Starting to rename files
06-09 07:58:15.543 12766 12780 I PhoneLab-LoggerService: Files found .. 13
06-09 07:58:15.543 12766 12780 I PhoneLab-: Service Running
06-09 07:58:15.570 12766 12780 I PhoneLab-LoggerService: app_38    1355  1     1836   1388  c00f181c 400107b4 S logcat
06-09 07:58:15.570 12766 12780 I PhoneLab-LoggerService: Logcat pid from database 1355
06-09 07:58:15.570 12766 12780 I PhoneLab-LoggerService: Logcat process found 1355
06-09 07:58:15.570 12766 12780 I PhoneLab-LoggerService: Checking Threshold
06-09 07:58:15.570 12766 12780 I PhoneLab-LoggerService: Starting to rename files
06-09 07:58:15.574 12766 12780 I PhoneLab-LoggerService: Files found .. 13
06-09 07:58:15.574 12766 12780 I PhoneLab-: Service Running
06-09 07:58:15.601 12766 12780 I PhoneLab-LoggerService: app_38    1355  1     1836   1388  c00f181c 400107b4 S logcat
06-09 07:58:15.601 12766 12780 I PhoneLab-LoggerService: Logcat pid from database 1355
06-09 07:58:15.601 12766 12780 I PhoneLab-LoggerService: Logcat process found 1355
06-09 07:58:15.601 12766 12780 I PhoneLab-LoggerService: Checking Threshold
06-09 07:58:15.605 12766 12780 I PhoneLab-LoggerService: Starting to rename files
06-09 07:58:15.605 12766 12780 I PhoneLab-LoggerService: Files found .. 13
06-09 07:58:15.605 12766 12780 I PhoneLab-: Service Running
06-09 07:58:15.632 12766 12780 I PhoneLab-LoggerService: app_38    1355  1     1836   1388  c00f181c 400107b4 S logcat
06-09 07:58:15.632 12766 12780 I PhoneLab-LoggerService: Logcat pid from database 1355
06-09 07:58:15.632 12766 12780 I PhoneLab-LoggerService: Logcat process found 1355
06-09 07:58:15.632 12766 12780 I PhoneLab-LoggerService: Checking Threshold
06-09 07:58:15.632 12766 12780 I PhoneLab-LoggerService: Starting to rename files
06-09 07:58:15.636 12766 12780 I PhoneLab-LoggerService: Files found .. 13
06-09 07:58:15.636 12766 12780 I PhoneLab-: Service Running
06-09 07:58:15.664 12766 12780 I PhoneLab-LoggerService: app_38    1355  1     1836   1388  c00f181c 400107b4 S logcat
06-09 07:58:15.664 12766 12780 I PhoneLab-LoggerService: Logcat pid from database 1355
06-09 07:58:15.664 12766 12780 I PhoneLab-LoggerService: Logcat process found 1355
06-09 07:58:15.664 12766 12780 I PhoneLab-LoggerService: Checking Threshold
06-09 07:58:15.664 12766 12780 I PhoneLab-LoggerService: Starting to rename files
06-09 07:58:15.664 12766 12780 I PhoneLab-LoggerService: Files found .. 13
06-09 07:58:15.668 12766 12780 I PhoneLab-: Service Running
06-09 07:58:15.691 12766 12780 I PhoneLab-LoggerService: app_38    1355  1     1836   1388  c00f181c 400107b4 S logcat
06-09 07:58:15.695 12766 12780 I PhoneLab-LoggerService: Logcat pid from database 1355
06-09 07:58:15.695 12766 12780 I PhoneLab-LoggerService: Logcat process found 1355
06-09 07:58:15.695 12766 12780 I PhoneLab-LoggerService: Checking Threshold
06-09 07:58:15.711 12766 12780 I PhoneLab-LoggerService: Starting to rename files
06-09 07:58:15.711 12766 12780 I PhoneLab-LoggerService: Files found .. 13
06-09 07:58:15.722 12766 12768 D dalvikvm: GC_CONCURRENT freed 394K, 7% free 9083K/9671K, paused 2ms+2ms
06-09 07:58:16.199 15389 15391 D dalvikvm: GC_CONCURRENT freed 481K, 6% free 10780K/11399K, paused 3ms+4ms
06-09 07:59:10.750   391   391 I PowerUI : updating low battery warning: level=2 [-2]
06-09 07:59:49.824 12553 14076 I EventLogService: Aggregate from 1339241389726 (log), 1339241389726 (data)
06-09 08:00:10.015   150   166 D AlarmManagerService: Kernel timezone updated to 240 minutes west of GMT
06-09 08:00:10.027   150   166 I ActivityManager: Start proc com.android.calendar for broadcast com.android.calendar/.widget.CalendarAppWidgetService$CalendarFactory: pid=16763 uid=10005 gids={3003}
06-09 08:00:10.097 16763 16763 I ActivityThread: Pub com.android.calendar.CalendarRecentSuggestionsProvider: com.android.calendar.CalendarRecentSuggestionsProvider
06-09 08:00:10.160   150   559 I ActivityManager: No longer want com.google.android.apps.maps:MapsBackgroundService (pid 13841): hidden #16
06-09 08:00:10.172   150  1489 W ActivityManager: Scheduling restart of crashed service com.google.android.apps.maps/com.google.googlenav.networkinitiated.NetworkInitiatedService in 3617346ms
06-09 08:00:10.793   391   391 I PowerUI : updating low battery warning: level=2 [-2]
06-09 08:01:55.054   391   391 I PowerUI : updating low battery warning: level=2 [-2]
06-09 08:01:55.308 12766 12766 I PhoneLab-Locks: wake lock acquired
06-09 08:01:55.336 12766 16784 I PhoneLab-PeriodicCheckService: User info is synched
06-09 08:01:55.339 12766 16784 I PhoneLab-PeriodicCheckService: Logger Service is running
06-09 08:01:55.339 12766 16784 I PhoneLab-PeriodicCheckService: Rescheduling periodic checking...
06-09 08:01:55.343 12766 16784 I PhoneLab-Locks: wake lock released
06-09 08:05:56.062   391   391 I PowerUI : updating low battery warning: level=2 [-2]
06-09 08:05:56.308   150   166 V BackupManagerService: Running a backup pass
06-09 08:05:56.324   150   327 V BackupManagerService: Backup requested but nothing pending
06-09 08:08:29.058   391   391 I PowerUI : updating low battery warning: level=2 [-2]
06-09 08:12:34.050   391   391 I PowerUI : updating low battery warning: level=2 [-2]
06-09 08:15:11.136   391   391 I PowerUI : updating low battery warning: level=2 [-2]
06-09 08:25:04.031   391   391 I PowerUI : updating low battery warning: level=2 [-2]
06-09 08:28:15.023   391   391 I PowerUI : updating low battery warning: level=2 [-2]
06-09 08:29:12.027   391   391 I PowerUI : updating low battery warning: level=2 [-2]
06-09 08:29:49.945 12553 14242 I EventLogService: Aggregate from 1339243189828 (log), 1339243189828 (data)
06-09 08:29:50.035 12553 13407 D dalvikvm: GC_FOR_ALLOC freed 266K, 6% free 10218K/10823K, paused 22ms
06-09 08:30:12.105   391   391 I PowerUI : updating low battery warning: level=2 [-2]
06-09 08:31:55.054   391   391 I PowerUI : updating low battery warning: level=2 [-2]
06-09 08:31:55.363 12766 12766 I PhoneLab-Locks: wake lock acquired
06-09 08:31:55.402 12766 16788 I PhoneLab-PeriodicCheckService: User info is synched
06-09 08:31:55.402 12766 16788 I PhoneLab-PeriodicCheckService: Logger Service is running
06-09 08:31:55.406 12766 16788 I PhoneLab-PeriodicCheckService: Rescheduling periodic checking...
06-09 08:31:55.406 12766 16788 I PhoneLab-Locks: wake lock released
06-09 08:36:28.023   391   391 I PowerUI : updating low battery warning: level=2 [-2]
06-09 08:45:12.394   391   391 I PowerUI : updating low battery warning: level=2 [-2]
06-09 08:55:05.027   391   391 I PowerUI : updating low battery warning: level=2 [-2]
06-09 08:55:05.156   150   153 D dalvikvm: GC_CONCURRENT freed 1947K, 30% free 17317K/24647K, paused 3ms+7ms
06-09 08:58:15.023   391   391 I PowerUI : updating low battery warning: level=2 [-2]
06-09 08:58:16.992 15466 15468 D dalvikvm: GC_CONCURRENT freed 839K, 19% free 12349K/15239K, paused 2ms+3ms
06-09 08:58:21.379 15466 15468 D dalvikvm: GC_CONCURRENT freed 1080K, 20% free 12294K/15239K, paused 15ms+4ms
06-09 08:58:22.582 15466 15468 D dalvikvm: GC_CONCURRENT freed 963K, 20% free 12310K/15239K, paused 2ms+2ms
06-09 08:58:28.214 15466 16792 D dalvikvm: GC_FOR_ALLOC freed 600K, 18% free 12548K/15239K, paused 35ms
06-09 08:58:28.422 15466 15468 D dalvikvm: GC_CONCURRENT freed 734K, 16% free 12903K/15239K, paused 2ms+3ms
06-09 08:58:29.332 15466 15468 D dalvikvm: GC_CONCURRENT freed 866K, 14% free 13210K/15239K, paused 2ms+3ms
06-09 08:58:30.695 15466 15468 D dalvikvm: GC_CONCURRENT freed 1263K, 14% free 13221K/15239K, paused 2ms+3ms
06-09 08:58:50.890 15466 15468 D dalvikvm: GC_CONCURRENT freed 2271K, 20% free 12224K/15239K, paused 15ms+3ms
06-09 08:58:51.570 15389 15391 D dalvikvm: GC_CONCURRENT freed 426K, 5% free 10857K/11399K, paused 5ms+3ms
06-09 08:59:12.242   391   393 D dalvikvm: GC_CONCURRENT freed 388K, 65% free 9824K/27655K, paused 4ms+5ms
06-09 08:59:13.070   391   391 I PowerUI : updating low battery warning: level=2 [-2]
06-09 08:59:50.039 12553 14348 I EventLogService: Aggregate from 1339244989949 (log), 1339244989949 (data)
06-09 09:00:13.117   391   391 I PowerUI : updating low battery warning: level=2 [-2]
06-09 09:01:55.047   391   391 I PowerUI : updating low battery warning: level=2 [-2]
06-09 09:01:55.429 12766 12766 I PhoneLab-Locks: wake lock acquired
06-09 09:01:55.531   150   491 D dalvikvm: GC_EXPLICIT freed 442K, 31% free 17242K/24647K, paused 8ms+6ms
06-09 09:01:55.535 12766 16796 I PhoneLab-PeriodicCheckService: User info is synched
06-09 09:01:55.539 12766 16796 I PhoneLab-PeriodicCheckService: Logger Service is running
06-09 09:01:55.539 12766 16796 I PhoneLab-PeriodicCheckService: Rescheduling periodic checking...
06-09 09:01:55.543 12766 16796 I PhoneLab-Locks: wake lock released
06-09 09:03:37.047   391   391 I PowerUI : updating low battery warning: level=2 [-2]
06-09 09:03:37.777 14966 14983 I System.out: [INFO:38063526]: LogSource: Running flush
06-09 09:03:37.894 14966 14984 I System.out: [INFO:38063641]: LogSource: Sending payload [bytes=721]
06-09 09:03:39.707 14966 14984 I System.out: [INFO:38065455]: LogSource: Response [http=200,length=107]
06-09 09:03:39.714 14966 14983 I System.out: [INFO:38065464]: LogSource: Read id 25, status code 200
06-09 09:03:39.843 14966 15965 D dalvikvm: GC_FOR_ALLOC freed 318K, 7% free 10289K/10951K, paused 80ms
06-09 09:03:39.843 14966 14983 I System.out: [INFO:38065591]: LogSource: Read id 22, status code 200
06-09 09:03:39.843 14966 14983 I System.out: [INFO:38065592]: LogSource: Read id 23, status code 200
06-09 09:03:39.843 14966 14983 I System.out: [INFO:38065592]: LogSource: Read id 20, status code 200
06-09 09:03:39.843 14966 14983 I System.out: [INFO:38065592]: LogSource: Read id 21, status code 200
06-09 09:03:39.843 14966 14983 I System.out: [INFO:38065592]: LogSource: Read id 24, status code 200
06-09 09:06:13.027   391   391 I PowerUI : updating low battery warning: level=2 [-2]
06-09 09:06:13.429   150   166 V BackupManagerService: Running a backup pass
06-09 09:06:13.441   150   327 V BackupManagerService: Backup requested but nothing pending
06-09 09:14:13.027   391   391 I PowerUI : updating low battery warning: level=2 [-2]
06-09 09:23:34.023   150   204 I power   : *** set_screen_state 1
06-09 09:23:34.047   391   391 I PowerUI : updating low battery warning: level=2 [-2]
06-09 09:23:34.152   150   204 I WindowManager: Lock screen displayed!
06-09 09:23:34.222    79   118 D SurfaceFlinger: Screen about to return, flinger = 0x1d77918
06-09 09:23:35.097   150   200 I power   : *** set_screen_state 0
06-09 09:23:35.156    79   118 D SurfaceFlinger: About to give-up screen, flinger = 0x1d77918
06-09 09:23:35.273   150   204 V TransportControlView: Create TCV com.android.internal.widget.TransportControlView@41a0c6f0
06-09 09:29:14.047   391   391 I PowerUI : updating low battery warning: level=2 [-2]
06-09 09:29:14.144  1615  1615 I Launcher: setLoadOnResume
06-09 09:29:14.156   494   494 I RegisteredComponentCache: ComponentInfo: ResolveInfo{413043f0 com.android.apps.tag.TagViewer p=0 o=0 m=0x108000}, techs: android.nfc.tech.Ndef, 
06-09 09:29:14.355   150   166 D PackageManager: generateServicesMap(android.accounts.AccountAuthenticator): 4 services unchanged
06-09 09:29:14.359   150  1492 I ActivityManager: Start proc com.android.gallery3d for broadcast com.android.gallery3d/.app.PackagesMonitor: pid=16803 uid=10016 gids={3003, 1015}
06-09 09:29:14.828   150   166 D PackageManager: generateServicesMap(android.content.SyncAdapter): 18 services unchanged
06-09 09:29:15.379 16803 16803 I ActivityThread: Pub com.android.gallery3d.provider: com.android.gallery3d.provider.GalleryProvider
06-09 09:29:49.433   150   150 I ActivityManager: Start proc com.google.android.gallery3d for broadcast com.google.android.gallery3d/com.android.gallery3d.app.PackagesMonitor: pid=16817 uid=10017 gids={3003, 1015}
06-09 09:29:49.609 16817 16817 I ActivityThread: Pub com.google.android.gallery3d.GooglePhotoProvider: com.google.android.picasasync.PicasaContentProvider
06-09 09:29:49.664   150   162 I ActivityManager: No longer want com.google.android.talk (pid 15941): hidden #16
06-09 09:29:49.793 16817 16819 D dalvikvm: GC_CONCURRENT freed 418K, 6% free 9118K/9607K, paused 46ms+6ms
06-09 09:29:49.828   150   491 I ActivityManager: Process com.android.vending (pid 16334) has died.
06-09 09:29:49.890  1615  1615 I Launcher: setLoadOnResume
06-09 09:29:49.910 16817 16817 I ActivityThread: Pub com.google.android.gallery3d.provider: com.android.gallery3d.provider.GalleryProvider
06-09 09:29:49.918  1615  1615 I Launcher: setLoadOnResume
06-09 09:29:49.941  1615  1615 I Launcher: setLoadOnResume
06-09 09:29:49.945   150   562 D SyncManager: setIsSyncable: Account {name=steven.y.ko@gmail.com, type=com.google}, provider com.google.android.gallery3d.GooglePhotoProvider -> 0
06-09 09:29:49.945   150   562 D SyncManager: setIsSyncable: already set to 0, doing nothing
06-09 09:29:49.961  1615  1615 I Launcher: setLoadOnResume
06-09 09:29:49.961  1615  1615 I Launcher: setLoadOnResume
06-09 09:29:50.027  1615  1615 I Launcher: setLoadOnResume
06-09 09:29:50.039 16817 16819 D dalvikvm: GC_CONCURRENT freed 422K, 6% free 9242K/9735K, paused 1ms+3ms
06-09 09:29:50.070  1615  1615 I Launcher: setLoadOnResume
06-09 09:29:50.082   150  1492 D SyncManager: setIsSyncable: Account {name=steven.y.ko@gmail.com, type=com.google}, provider com.google.android.gallery3d.GooglePhotoProvider -> 0
06-09 09:29:50.082   150  1492 D SyncManager: setIsSyncable: already set to 0, doing nothing
06-09 09:29:50.113   150   153 D dalvikvm: GC_CONCURRENT freed 1885K, 30% free 17372K/24647K, paused 13ms+32ms
06-09 09:29:50.113   150 14815 I ActivityManager: Start proc com.android.vending for broadcast com.android.vending/com.google.android.finsky.receivers.PackageMonitorReceiver$RegisteredReceiver: pid=16831 uid=10048 gids={3003, 1015}
06-09 09:29:50.156  1615  1615 I Launcher: setLoadOnResume
06-09 09:29:50.222   150   166 I Process : Sending signal. PID: 1615 SIG: 3
06-09 09:29:50.222  1615  1620 I dalvikvm: threadid=3: reacting to signal 3
06-09 09:29:50.289  1615  1620 I dalvikvm: Wrote stack traces to '/data/anr/traces.txt'
06-09 09:29:50.363 16831 16831 I ActivityThread: Pub com.google.android.finsky.QSBSuggestionsProvider: com.google.android.finsky.providers.QSBSuggestionsProvider
06-09 09:29:50.379 16831 16831 I ActivityThread: Pub com.google.android.finsky.AppIconProvider: com.google.android.finsky.providers.AppIconProvider
06-09 09:29:50.379 16831 16831 I ActivityThread: Pub com.google.android.finsky.RecentSuggestionsProvider: com.google.android.finsky.providers.RecentSuggestionsProvider
06-09 09:29:50.418  1615  1615 I Launcher: setLoadOnResume
06-09 09:29:50.523  1615  1617 D dalvikvm: GC_CONCURRENT freed 1085K, 33% free 13505K/19975K, paused 8ms+17ms
06-09 09:29:50.644 16831 16834 D dalvikvm: GC_CONCURRENT freed 208K, 4% free 9282K/9607K, paused 2ms+11ms
06-09 09:29:50.781 16831 16831 D Finsky  : [1] DailyHygiene.goMakeHygieneIfDirty: No need to run daily hygiene.
06-09 09:29:50.945   150  1492 I ActivityManager: Start proc com.android.voicedialer for broadcast com.android.voicedialer/.VoiceDialerReceiver: pid=16862 uid=10051 gids={3002}
06-09 09:29:51.074 12766 12780 I PhoneLab-: Service Running
06-09 09:29:51.160   150   150 I ActivityManager: Start proc com.google.android.googlequicksearchbox for broadcast com.google.android.googlequicksearchbox/.SourceUpdateReceiver: pid=16876 uid=10023 gids={3003}
06-09 09:29:51.164   150   161 I ActivityManager: No longer want com.android.browser (pid 16313): hidden #16
06-09 09:29:51.214 16831 16834 D dalvikvm: GC_CONCURRENT freed 369K, 5% free 9387K/9863K, paused 3ms+133ms
06-09 09:29:51.246 16876 16876 I ActivityThread: Pub com.google.android.googlequicksearchbox.shortcuts: com.google.android.googlequicksearchbox.WebHistoryProvider
06-09 09:29:51.250 16876 16876 I ActivityThread: Pub com.google.android.googlequicksearchbox.google: com.google.android.googlequicksearchbox.google.GoogleSuggestionProvider
06-09 09:29:51.300   150   563 I ActivityManager: Start proc com.android.quicksearchbox for broadcast com.android.quicksearchbox/.CorporaUpdateReceiver: pid=16891 uid=10042 gids={3003}
06-09 09:29:51.304   150   563 I ActivityManager: No longer want android.process.media (pid 16366): hidden #16
06-09 09:29:51.394 16891 16891 I ActivityThread: Pub com.android.quicksearchbox.google: com.android.quicksearchbox.google.GoogleSuggestionProvider
06-09 09:29:51.457  1615  1615 I Launcher: setLoadOnResume
06-09 09:29:51.472 16891 16891 I ActivityThread: Pub com.android.quicksearchbox.shortcuts: com.android.quicksearchbox.ShortcutsProvider
06-09 09:29:51.480   150   491 I ActivityManager: No longer want com.android.sharedstoragebackup (pid 16405): hidden #16
06-09 09:29:51.507 16831 16831 D Finsky  : [1] 2.run: Loaded library for account: [ZrNstjO2sWQHv0wecD7CxpCYBg4]
06-09 09:29:51.507 16831 16831 D Finsky  : [1] 2.run: Finished loading 1 libraries.
06-09 09:29:51.515  1615  1615 I Launcher: setLoadOnResume
06-09 09:29:51.531 12553 13406 I EventLogService: Aggregate from 1339246790041 (log), 1339246790041 (data)
06-09 09:29:51.543  1615  1615 I Launcher: setLoadOnResume
06-09 09:29:51.550  1615  1615 I Launcher: setLoadOnResume
06-09 09:29:51.570  1615  1615 I Launcher: setLoadOnResume
06-09 09:29:51.586  1615  1615 I Launcher: setLoadOnResume
06-09 09:29:51.601  1615  1615 I Launcher: setLoadOnResume
06-09 09:29:51.621  1615  1615 I Launcher: setLoadOnResume
06-09 09:29:51.714 12766 12780 I PhoneLab-LoggerService: app_38    1355  1     1836   1388  c00f181c 400107b4 S logcat
06-09 09:29:51.714 12766 12780 I PhoneLab-LoggerService: Logcat pid from database 1355
06-09 09:29:51.714 12766 12780 I PhoneLab-LoggerService: Logcat process found 1355
06-09 09:29:51.714 12766 12780 I PhoneLab-LoggerService: Checking Threshold
06-09 09:29:51.722 16831 16861 E JavaBinder: !!! FAILED BINDER TRANSACTION !!!
06-09 09:29:51.730  1615  1615 I Launcher: setLoadOnResume
06-09 09:29:51.738   150   166 I Process : Sending signal. PID: 1615 SIG: 3
06-09 09:29:51.738  1615  1620 I dalvikvm: threadid=3: reacting to signal 3
06-09 09:29:51.746  1615  1620 I dalvikvm: Wrote stack traces to '/data/anr/traces.txt'
06-09 09:29:51.773  1615  1615 I Launcher: setLoadOnResume
06-09 09:29:51.781 12766 12780 I PhoneLab-LoggerService: Starting to rename files
06-09 09:29:51.785 12766 12780 I PhoneLab-LoggerService: Files found .. 13
06-09 09:29:51.785  1615  1615 I Launcher: setLoadOnResume
06-09 09:29:51.793 12766 12780 I PhoneLab-: Service Running
06-09 09:29:51.804  1615  1615 I Launcher: setLoadOnResume
06-09 09:29:51.808 16831 16844 I ActivityThread: Removing dead content provider: downloads
06-09 09:29:51.824  1615  1615 I Launcher: setLoadOnResume
06-09 09:29:51.824  1615  1615 I Launcher: setLoadOnResume
06-09 09:29:51.832   150  1489 I ActivityManager: Kill com.android.vending (pid 16831): provider com.android.providers.downloads.DownloadProvider in dying process android.process.media
06-09 09:29:51.863  1615  1615 I Launcher: setLoadOnResume
06-09 09:29:51.886  1615  1615 I Launcher: setLoadOnResume
06-09 09:29:51.918  1615  1615 I Launcher: setLoadOnResume
06-09 09:29:52.011  1615  1615 I Launcher: setLoadOnResume
06-09 09:29:52.039  1615  1615 I Launcher: setLoadOnResume
06-09 09:29:52.054 12766 12780 I PhoneLab-LoggerService: app_38    1355  1     1836   1388  c00f181c 400107b4 S logcat
06-09 09:29:52.054 12766 12780 I PhoneLab-LoggerService: Logcat pid from database 1355
06-09 09:29:52.054 12766 12780 I PhoneLab-LoggerService: Logcat process found 1355
06-09 09:29:52.054 12766 12780 I PhoneLab-LoggerService: Checking Threshold
06-09 09:29:52.054  1615  1615 I Launcher: setLoadOnResume
06-09 09:29:52.062 12766 12780 I PhoneLab-LoggerService: Starting to rename files
06-09 09:29:52.062 12766 12780 I PhoneLab-LoggerService: Files found .. 13
06-09 09:29:52.062 12766 12780 I PhoneLab-: Service Running
06-09 09:29:52.070  1615  1615 I Launcher: setLoadOnResume
06-09 09:29:52.089  1615  1615 I Launcher: setLoadOnResume
06-09 09:29:52.089  1615  1615 I Launcher: setLoadOnResume
06-09 09:29:52.105  1615  1615 I Launcher: setLoadOnResume
06-09 09:29:52.113  1615  1615 I Launcher: setLoadOnResume
06-09 09:29:52.132  1615  1615 I Launcher: setLoadOnResume
06-09 09:29:52.211 12766 12780 I PhoneLab-LoggerService: app_38    1355  1     1836   1388  c00f181c 400107b4 S logcat
06-09 09:29:52.211 12766 12780 I PhoneLab-LoggerService: Logcat pid from database 1355
06-09 09:29:52.211 12766 12780 I PhoneLab-LoggerService: Logcat process found 1355
06-09 09:29:52.211 12766 12780 I PhoneLab-LoggerService: Checking Threshold
06-09 09:29:52.214 12766 12780 I PhoneLab-LoggerService: Starting to rename files
06-09 09:29:52.214 12766 12780 I PhoneLab-LoggerService: Files found .. 13
06-09 09:29:52.226  1615  1615 I Launcher: setLoadOnResume
06-09 09:29:52.230 12766 12780 I PhoneLab-: Service Running
06-09 09:29:52.238   150   563 I ActivityManager: Process com.android.vending (pid 16831) has died.
06-09 09:29:52.320  1615  1615 I Launcher: setLoadOnResume
06-09 09:29:52.336  1615  1615 I Launcher: setLoadOnResume
06-09 09:29:52.351  1615  1615 I Launcher: setLoadOnResume
06-09 09:29:52.363 12766 12780 I PhoneLab-LoggerService: app_38    1355  1     1836   1388  c00f181c 400107b4 S logcat
06-09 09:29:52.363 12766 12780 I PhoneLab-LoggerService: Logcat pid from database 1355
06-09 09:29:52.363 12766 12780 I PhoneLab-LoggerService: Logcat process found 1355
06-09 09:29:52.363 12766 12780 I PhoneLab-LoggerService: Checking Threshold
06-09 09:29:52.363 12766 12780 I PhoneLab-LoggerService: Starting to rename files
06-09 09:29:52.363 12766 12780 I PhoneLab-LoggerService: Files found .. 13
06-09 09:29:52.367 12766 12780 I PhoneLab-: Service Running
06-09 09:29:52.371  1615  1615 I Launcher: setLoadOnResume
06-09 09:29:52.371  1615  1615 I Launcher: setLoadOnResume
06-09 09:29:52.386  1615  1615 I Launcher: setLoadOnResume
06-09 09:29:52.414  1615  1615 I Launcher: setLoadOnResume
06-09 09:29:52.437  1615  1615 I Launcher: setLoadOnResume
06-09 09:29:52.476 12766 12780 I PhoneLab-LoggerService: app_38    1355  1     1836   1388  c00f181c 400107b4 S logcat
06-09 09:29:52.476 12766 12780 I PhoneLab-LoggerService: Logcat pid from database 1355
06-09 09:29:52.476 12766 12780 I PhoneLab-LoggerService: Logcat process found 1355
06-09 09:29:52.476 12766 12780 I PhoneLab-LoggerService: Checking Threshold
06-09 09:29:52.476 12766 12780 I PhoneLab-LoggerService: Starting to rename files
06-09 09:29:52.476 12766 12780 I PhoneLab-LoggerService: Files found .. 13
06-09 09:29:52.496 12766 12780 I PhoneLab-: Service Running
06-09 09:29:52.523  1615  1617 D dalvikvm: GC_CONCURRENT freed 1426K, 33% free 13567K/19975K, paused 2ms+16ms
06-09 09:29:52.609  1615  1615 I Launcher: setLoadOnResume
06-09 09:29:52.644 12766 12768 D dalvikvm: GC_CONCURRENT freed 398K, 7% free 9082K/9671K, paused 9ms+2ms
06-09 09:29:52.668 12766 12780 I PhoneLab-LoggerService: app_38    1355  1     1836   1388  c00f181c 400107b4 S logcat
06-09 09:29:52.668 12766 12780 I PhoneLab-LoggerService: Logcat pid from database 1355
06-09 09:29:52.668 12766 12780 I PhoneLab-LoggerService: Logcat process found 1355
06-09 09:29:52.668 12766 12780 I PhoneLab-LoggerService: Checking Threshold
06-09 09:29:52.668 12766 12780 I PhoneLab-LoggerService: Starting to rename files
06-09 09:29:52.668 12766 12780 I PhoneLab-LoggerService: Files found .. 13
06-09 09:29:52.672 12766 12780 I PhoneLab-: Service Running
06-09 09:29:52.714 12766 12780 I PhoneLab-LoggerService: app_38    1355  1     1836   1388  c00f181c 400107b4 S logcat
06-09 09:29:52.714 12766 12780 I PhoneLab-LoggerService: Logcat pid from database 1355
06-09 09:29:52.714 12766 12780 I PhoneLab-LoggerService: Logcat process found 1355
06-09 09:29:52.714 12766 12780 I PhoneLab-LoggerService: Checking Threshold
06-09 09:29:52.714 12766 12780 I PhoneLab-LoggerService: Starting to rename files
06-09 09:29:52.714 12766 12780 I PhoneLab-LoggerService: Files found .. 13
06-09 09:29:52.718 12766 12780 I PhoneLab-: Service Running
06-09 09:29:52.746 12766 12780 I PhoneLab-LoggerService: app_38    1355  1     1836   1388  c00ab7c8 40010474 D logcat
06-09 09:29:52.746 12766 12780 I PhoneLab-LoggerService: Logcat pid from database 1355
06-09 09:29:52.746 12766 12780 I PhoneLab-LoggerService: Logcat process found 1355
06-09 09:29:52.746 12766 12780 I PhoneLab-LoggerService: Checking Threshold
06-09 09:29:52.746 12766 12780 I PhoneLab-LoggerService: Starting to rename files
06-09 09:29:52.750 12766 12780 I PhoneLab-LoggerService: Files found .. 13
06-09 09:29:52.750 12766 12780 I PhoneLab-: Service Running
06-09 09:29:52.781 12766 12780 I PhoneLab-LoggerService: app_38    1355  1     1836   1388  c00f181c 400107b4 S logcat
06-09 09:29:52.781 12766 12780 I PhoneLab-LoggerService: Logcat pid from database 1355
06-09 09:29:52.781 12766 12780 I PhoneLab-LoggerService: Logcat process found 1355
06-09 09:29:52.781 12766 12780 I PhoneLab-LoggerService: Checking Threshold
06-09 09:29:52.785 12766 12780 I PhoneLab-LoggerService: Starting to rename files
06-09 09:29:52.785 12766 12780 I PhoneLab-LoggerService: Files found .. 13
06-09 09:29:52.785 12766 12780 I PhoneLab-: Service Running
06-09 09:29:52.812 12766 12780 I PhoneLab-LoggerService: app_38    1355  1     1836   1388  c00f181c 400107b4 S logcat
06-09 09:29:52.812 12766 12780 I PhoneLab-LoggerService: Logcat pid from database 1355
06-09 09:29:52.812 12766 12780 I PhoneLab-LoggerService: Logcat process found 1355
06-09 09:29:52.812 12766 12780 I PhoneLab-LoggerService: Checking Threshold
06-09 09:29:52.812 12766 12780 I PhoneLab-LoggerService: Starting to rename files
06-09 09:29:52.812 12766 12780 I PhoneLab-LoggerService: Files found .. 13
06-09 09:29:52.816 12766 12780 I PhoneLab-: Service Running
06-09 09:29:52.843 12766 12780 I PhoneLab-LoggerService: app_38    1355  1     1836   1388  c00f181c 400107b4 S logcat
06-09 09:29:52.843 12766 12780 I PhoneLab-LoggerService: Logcat pid from database 1355
06-09 09:29:52.843 12766 12780 I PhoneLab-LoggerService: Logcat process found 1355
06-09 09:29:52.843 12766 12780 I PhoneLab-LoggerService: Checking Threshold
06-09 09:29:52.843 12766 12780 I PhoneLab-LoggerService: Starting to rename files
06-09 09:29:52.843 12766 12780 I PhoneLab-LoggerService: Files found .. 13
06-09 09:29:52.851 12766 12780 I PhoneLab-: Service Running
06-09 09:29:52.871 12766 12768 D dalvikvm: GC_CONCURRENT freed 397K, 7% free 9082K/9671K, paused 2ms+5ms
06-09 09:30:14.320 12766 12780 I PhoneLab-LoggerService: app_38    1355  1     1836   1388  c00f181c 400107b4 S logcat
06-09 09:30:14.320 12766 12780 I PhoneLab-LoggerService: Logcat pid from database 1355
06-09 09:30:14.320 12766 12780 I PhoneLab-LoggerService: Logcat process found 1355
06-09 09:30:14.320 12766 12780 I PhoneLab-LoggerService: Checking Threshold
06-09 09:30:14.320 12766 12780 I PhoneLab-LoggerService: Starting to rename files
06-09 09:30:14.320 12766 12780 I PhoneLab-LoggerService: Files found .. 13
06-09 09:30:14.324 12766 12780 I PhoneLab-: Service Running
06-09 09:30:14.355   391   391 I PowerUI : updating low battery warning: level=2 [-2]
06-09 09:30:14.359 12766 12780 I PhoneLab-LoggerService: app_38    1355  1     1836   1388  c00f181c 400107b4 S logcat
06-09 09:30:14.359 12766 12780 I PhoneLab-LoggerService: Logcat pid from database 1355
06-09 09:30:14.359 12766 12780 I PhoneLab-LoggerService: Logcat process found 1355
06-09 09:30:14.359 12766 12780 I PhoneLab-LoggerService: Checking Threshold
06-09 09:30:14.363 12766 12780 I PhoneLab-LoggerService: Starting to rename files
06-09 09:30:14.363 12766 12780 I PhoneLab-LoggerService: Files found .. 13
06-09 09:30:14.363 12766 12780 I PhoneLab-: Service Running
06-09 09:30:14.390 12766 12780 I PhoneLab-LoggerService: app_38    1355  1     1836   1388  c00f181c 400107b4 S logcat
06-09 09:30:14.390 12766 12780 I PhoneLab-LoggerService: Logcat pid from database 1355
06-09 09:30:14.390 12766 12780 I PhoneLab-LoggerService: Logcat process found 1355
06-09 09:30:14.390 12766 12780 I PhoneLab-LoggerService: Checking Threshold
06-09 09:30:14.390 12766 12780 I PhoneLab-LoggerService: Starting to rename files
06-09 09:30:14.394 12766 12780 I PhoneLab-LoggerService: Files found .. 13
06-09 09:30:14.394 12766 12780 I PhoneLab-: Service Running
06-09 09:30:14.422 12766 12780 I PhoneLab-LoggerService: app_38    1355  1     1836   1388  c00f181c 400107b4 S logcat
06-09 09:30:14.422 12766 12780 I PhoneLab-LoggerService: Logcat pid from database 1355
06-09 09:30:14.422 12766 12780 I PhoneLab-LoggerService: Logcat process found 1355
06-09 09:30:14.422 12766 12780 I PhoneLab-LoggerService: Checking Threshold
06-09 09:30:14.422 12766 12780 I PhoneLab-LoggerService: Starting to rename files
06-09 09:30:14.422 12766 12780 I PhoneLab-LoggerService: Files found .. 13
06-09 09:30:14.425 12766 12780 I PhoneLab-: Service Running
06-09 09:30:14.449 12766 12780 I PhoneLab-LoggerService: app_38    1355  1     1836   1388  c00f181c 400107b4 S logcat
06-09 09:30:14.449 12766 12780 I PhoneLab-LoggerService: Logcat pid from database 1355
06-09 09:30:14.453 12766 12780 I PhoneLab-LoggerService: Logcat process found 1355
06-09 09:30:14.453 12766 12780 I PhoneLab-LoggerService: Checking Threshold
06-09 09:30:14.453 12766 12780 I PhoneLab-LoggerService: Starting to rename files
06-09 09:30:14.453 12766 12780 I PhoneLab-LoggerService: Files found .. 13
06-09 09:30:14.453 12766 12780 I PhoneLab-: Service Running
06-09 09:30:14.480 12766 12780 I PhoneLab-LoggerService: app_38    1355  1     1836   1388  c00f181c 400107b4 S logcat
06-09 09:30:14.480 12766 12780 I PhoneLab-LoggerService: Logcat pid from database 1355
06-09 09:30:14.480 12766 12780 I PhoneLab-LoggerService: Logcat process found 1355
06-09 09:30:14.480 12766 12780 I PhoneLab-LoggerService: Checking Threshold
06-09 09:30:14.500 12766 12780 I PhoneLab-LoggerService: Starting to rename files
06-09 09:30:14.500 12766 12780 I PhoneLab-LoggerService: Files found .. 13
06-09 09:30:14.500 12766 12780 I PhoneLab-: Service Running
06-09 09:30:14.523 12766 12768 D dalvikvm: GC_CONCURRENT freed 399K, 6% free 9105K/9671K, paused 1ms+1ms
06-09 09:30:14.543 12766 12780 I PhoneLab-LoggerService: app_38    1355  1     1836   1388  c00f181c 400107b4 S logcat
06-09 09:30:14.543 12766 12780 I PhoneLab-LoggerService: Logcat pid from database 1355
06-09 09:30:14.543 12766 12780 I PhoneLab-LoggerService: Logcat process found 1355
06-09 09:30:14.543 12766 12780 I PhoneLab-LoggerService: Checking Threshold
06-09 09:30:14.547 12766 12780 I PhoneLab-LoggerService: Starting to rename files
06-09 09:30:14.547 12766 12780 I PhoneLab-LoggerService: Files found .. 13
06-09 09:30:14.547 12766 12780 I PhoneLab-: Service Running
06-09 09:30:14.574 12766 12780 I PhoneLab-LoggerService: app_38    1355  1     1836   1388  c00f181c 400107b4 S logcat
06-09 09:30:14.574 12766 12780 I PhoneLab-LoggerService: Logcat pid from database 1355
06-09 09:30:14.574 12766 12780 I PhoneLab-LoggerService: Logcat process found 1355
06-09 09:30:14.574 12766 12780 I PhoneLab-LoggerService: Checking Threshold
06-09 09:30:14.574 12766 12780 I PhoneLab-LoggerService: Starting to rename files
06-09 09:30:14.578 12766 12780 I PhoneLab-LoggerService: Files found .. 13
06-09 09:30:14.578 12766 12780 I PhoneLab-: Service Running
06-09 09:30:14.605 12766 12780 I PhoneLab-LoggerService: app_38    1355  1     1836   1388  c00f181c 400107b4 S logcat
06-09 09:30:14.605 12766 12780 I PhoneLab-LoggerService: Logcat pid from database 1355
06-09 09:30:14.605 12766 12780 I PhoneLab-LoggerService: Logcat process found 1355
06-09 09:30:14.605 12766 12780 I PhoneLab-LoggerService: Checking Threshold
06-09 09:30:14.605 12766 12780 I PhoneLab-LoggerService: Starting to rename files
06-09 09:30:14.605 12766 12780 I PhoneLab-LoggerService: Files found .. 13
06-09 09:30:14.609 12766 12780 I PhoneLab-: Service Running
06-09 09:30:14.636 12766 12780 I PhoneLab-LoggerService: app_38    1355  1     1836   1388  c00f181c 400107b4 S logcat
06-09 09:30:14.636 12766 12780 I PhoneLab-LoggerService: Logcat pid from database 1355
06-09 09:30:14.636 12766 12780 I PhoneLab-LoggerService: Logcat process found 1355
06-09 09:30:14.636 12766 12780 I PhoneLab-LoggerService: Checking Threshold
06-09 09:30:14.636 12766 12780 I PhoneLab-LoggerService: Starting to rename files
06-09 09:30:14.636 12766 12780 I PhoneLab-LoggerService: Files found .. 13
06-09 09:30:14.636 12766 12780 I PhoneLab-: Service Running
06-09 09:30:14.664 12766 12780 I PhoneLab-LoggerService: app_38    1355  1     1836   1388  c00f181c 400107b4 S logcat
06-09 09:30:14.664 12766 12780 I PhoneLab-LoggerService: Logcat pid from database 1355
06-09 09:30:14.664 12766 12780 I PhoneLab-LoggerService: Logcat process found 1355
06-09 09:30:14.664 12766 12780 I PhoneLab-LoggerService: Checking Threshold
06-09 09:30:14.668 12766 12780 I PhoneLab-LoggerService: Starting to rename files
06-09 09:30:14.668 12766 12780 I PhoneLab-LoggerService: Files found .. 13
06-09 09:30:14.668 12766 12780 I PhoneLab-: Service Running
06-09 09:30:14.695 12766 12780 I PhoneLab-LoggerService: app_38    1355  1     1836   1388  c00f181c 400107b4 S logcat
06-09 09:30:14.695 12766 12780 I PhoneLab-LoggerService: Logcat pid from database 1355
06-09 09:30:14.695 12766 12780 I PhoneLab-LoggerService: Logcat process found 1355
06-09 09:30:14.695 12766 12780 I PhoneLab-LoggerService: Checking Threshold
06-09 09:30:14.695 12766 12780 I PhoneLab-LoggerService: Starting to rename files
06-09 09:30:14.695 12766 12780 I PhoneLab-LoggerService: Files found .. 13
06-09 09:30:14.699 12766 12780 I PhoneLab-: Service Running
06-09 09:30:14.726 12766 12780 I PhoneLab-LoggerService: app_38    1355  1     1836   1388  c00f181c 400107b4 S logcat
06-09 09:30:14.726 12766 12780 I PhoneLab-LoggerService: Logcat pid from database 1355
06-09 09:30:14.726 12766 12780 I PhoneLab-LoggerService: Logcat process found 1355
06-09 09:30:14.726 12766 12780 I PhoneLab-LoggerService: Checking Threshold
06-09 09:30:14.726 12766 12780 I PhoneLab-LoggerService: Starting to rename files
06-09 09:30:14.742 12766 12780 I PhoneLab-LoggerService: Files found .. 13
06-09 09:30:14.742 12766 12780 I PhoneLab-: Service Running
06-09 09:30:14.765 12766 12768 D dalvikvm: GC_CONCURRENT freed 461K, 7% free 9082K/9671K, paused 2ms+1ms
06-09 09:31:55.046   391   391 I PowerUI : updating low battery warning: level=2 [-2]
06-09 09:31:55.062 12766 12780 I PhoneLab-LoggerService: app_38    1355  1     1836   1388  c00f181c 400107b4 S logcat
06-09 09:31:55.062 12766 12780 I PhoneLab-LoggerService: Logcat pid from database 1355
06-09 09:31:55.062 12766 12780 I PhoneLab-LoggerService: Logcat process found 1355
06-09 09:31:55.062 12766 12780 I PhoneLab-LoggerService: Checking Threshold
06-09 09:31:55.062 12766 12780 I PhoneLab-LoggerService: Starting to rename files
06-09 09:31:55.062 12766 12780 I PhoneLab-LoggerService: Files found .. 13
06-09 09:31:55.066 12766 12780 I PhoneLab-: Service Running
06-09 09:31:55.093 12766 12780 I PhoneLab-LoggerService: app_38    1355  1     1836   1388  c00f181c 400107b4 S logcat
06-09 09:31:55.093 12766 12780 I PhoneLab-LoggerService: Logcat pid from database 1355
06-09 09:31:55.093 12766 12780 I PhoneLab-LoggerService: Logcat process found 1355
06-09 09:31:55.093 12766 12780 I PhoneLab-LoggerService: Checking Threshold
06-09 09:31:55.097 12766 12780 I PhoneLab-LoggerService: Starting to rename files
06-09 09:31:55.097 12766 12780 I PhoneLab-LoggerService: Files found .. 13
06-09 09:31:55.097 12766 12780 I PhoneLab-: Service Running
06-09 09:31:55.125 12766 12780 I PhoneLab-LoggerService: app_38    1355  1     1836   1388  c00f181c 400107b4 S logcat
06-09 09:31:55.125 12766 12780 I PhoneLab-LoggerService: Logcat pid from database 1355
06-09 09:31:55.125 12766 12780 I PhoneLab-LoggerService: Logcat process found 1355
06-09 09:31:55.125 12766 12780 I PhoneLab-LoggerService: Checking Threshold
06-09 09:31:55.128 12766 12780 I PhoneLab-LoggerService: Starting to rename files
06-09 09:31:55.128 12766 12780 I PhoneLab-LoggerService: Files found .. 13
06-09 09:31:55.128 12766 12780 I PhoneLab-: Service Running
06-09 09:31:55.156 12766 12780 I PhoneLab-LoggerService: app_38    1355  1     1836   1388  c00f181c 400107b4 S logcat
06-09 09:31:55.156 12766 12780 I PhoneLab-LoggerService: Logcat pid from database 1355
06-09 09:31:55.156 12766 12780 I PhoneLab-LoggerService: Logcat process found 1355
06-09 09:31:55.156 12766 12780 I PhoneLab-LoggerService: Checking Threshold
06-09 09:31:55.156 12766 12780 I PhoneLab-LoggerService: Starting to rename files
06-09 09:31:55.156 12766 12780 I PhoneLab-LoggerService: Files found .. 13
06-09 09:31:55.160 12766 12780 I PhoneLab-: Service Running
06-09 09:31:55.187 12766 12780 I PhoneLab-LoggerService: app_38    1355  1     1836   1388  c00f181c 400107b4 S logcat
06-09 09:31:55.187 12766 12780 I PhoneLab-LoggerService: Logcat pid from database 1355
06-09 09:31:55.187 12766 12780 I PhoneLab-LoggerService: Logcat process found 1355
06-09 09:31:55.187 12766 12780 I PhoneLab-LoggerService: Checking Threshold
06-09 09:31:55.187 12766 12780 I PhoneLab-LoggerService: Starting to rename files
06-09 09:31:55.187 12766 12780 I PhoneLab-LoggerService: Files found .. 13
06-09 09:31:55.191 12766 12780 I PhoneLab-: Service Running
06-09 09:31:55.214 12766 12780 I PhoneLab-LoggerService: app_38    1355  1     1836   1388  c00f181c 400107b4 S logcat
06-09 09:31:55.218 12766 12780 I PhoneLab-LoggerService: Logcat pid from database 1355
06-09 09:31:55.218 12766 12780 I PhoneLab-LoggerService: Logcat process found 1355
