06-15 20:13:54.924  4550  4715 D C2DM    : Handle intent = Intent { act=com.google.android.c2dm.intent.RECEIVE cat=[com.android.chrome] flg=0x10 cmp=com.android.chrome/com.google.ipc.invalidation.ticl.android.c2dm.C2DMManager (has extras) }
06-15 20:13:55.330  4550  4550 D C2DM    : Initialized
06-15 20:13:55.670  4550  4550 I ProtocolHandler: [chromesync#1604387069] Created protocol handler for application com.android.chrome#0.18.4531.3636, platform Android-4.0.4
06-15 20:13:55.682  4550  4550 I InvalidationClientImpl: [chromesync#1604387069] Created client: Client: com.google.protos.ipc.invalidation.ClientProtocol$ApplicationClientIdP@414f30c8, null
06-15 20:13:55.682  4550  4550 W InvService: Dropping C2DM message for unknown or unstarted client: chromesync#1604387069
06-15 20:13:55.682  4550  4550 I InvService: Received message for unloaded client; rewriting state file: chromesync#1604387069
06-15 20:13:55.682  4550  4550 I InvStorage: State written for chromesync#1604387069
06-15 20:13:55.689  4550  4550 I InvService: Stopping AndroidInvalidationService since no clients remain: message
06-15 20:13:56.217  2324  2324 W webview : Stale touch event ACTION_CANCEL received from webcore; ignoring
06-15 20:13:56.400  4697  4710 I PhoneLab-LoggerService: app_38    1264  1     1444   1068  c00f181c 400107b4 S logcat
06-15 20:13:56.400  4697  4710 I PhoneLab-LoggerService: Logcat pid from database 1264
06-15 20:13:56.412  4697  4710 I PhoneLab-LoggerService: Logcat process found 1264
06-15 20:13:56.416  4697  4710 I PhoneLab-LoggerService: Checking Threshold
06-15 20:13:56.443  4697  4710 I PhoneLab-LoggerService: Starting to rename files
06-15 20:13:56.471  4697  4710 I PhoneLab-LoggerService: Files found .. 11
06-15 20:13:57.881  2324  2324 W webview : Stale touch event ACTION_CANCEL received from webcore; ignoring
06-15 20:13:58.799   140   465 I ActivityManager: Process com.google.android.gm (pid 4157) has died.
06-15 20:13:58.803   140   177 W InputDispatcher: channel '41a35aa8 com.google.android.gm/com.google.android.gm.GmailActivity (server)' ~ Consumer closed input channel or an error occurred.  events=0x8
06-15 20:13:58.803   140   177 E InputDispatcher: channel '41a35aa8 com.google.android.gm/com.google.android.gm.GmailActivity (server)' ~ Channel is unrecoverably broken and will be disposed!
06-15 20:13:58.822   140   177 W InputDispatcher: Attempted to unregister already unregistered input channel '41a35aa8 com.google.android.gm/com.google.android.gm.GmailActivity (server)'
06-15 20:13:58.822   140   177 I WindowManager: WINDOW DIED Window{41a35aa8 com.google.android.gm/com.google.android.gm.GmailActivity paused=false}
06-15 20:13:58.904   140   140 W WindowManager: Failed looking up window
06-15 20:13:58.904   140   140 W WindowManager: java.lang.IllegalArgumentException: Requested window android.os.BinderProxy@41d77318 does not exist
06-15 20:13:58.904   140   140 W WindowManager: 	at com.android.server.wm.WindowManagerService.windowForClientLocked(WindowManagerService.java:7163)
06-15 20:13:58.904   140   140 W WindowManager: 	at com.android.server.wm.WindowManagerService.windowForClientLocked(WindowManagerService.java:7154)
06-15 20:13:58.904   140   140 W WindowManager: 	at com.android.server.wm.WindowState$DeathRecipient.binderDied(WindowState.java:1545)
06-15 20:13:58.904   140   140 W WindowManager: 	at android.os.BinderProxy.sendDeathNotice(Binder.java:417)
06-15 20:13:58.904   140   140 W WindowManager: 	at com.android.server.SystemServer.init1(Native Method)
06-15 20:13:58.904   140   140 W WindowManager: 	at com.android.server.SystemServer.main(SystemServer.java:808)
06-15 20:13:58.904   140   140 W WindowManager: 	at java.lang.reflect.Method.invokeNative(Native Method)
06-15 20:13:58.904   140   140 W WindowManager: 	at java.lang.reflect.Method.invoke(Method.java:511)
06-15 20:13:58.904   140   140 W WindowManager: 	at com.android.internal.os.ZygoteInit$MethodAndArgsCaller.run(ZygoteInit.java:784)
06-15 20:13:58.904   140   140 W WindowManager: 	at com.android.internal.os.ZygoteInit.main(ZygoteInit.java:551)
06-15 20:13:58.904   140   140 W WindowManager: 	at dalvik.system.NativeStart.main(Native Method)
06-15 20:13:58.904   140   140 I WindowManager: WIN DEATH: null
06-15 20:13:59.353  4550  4550 D C2DM    : Using manifest-specified sender-id: cloudprint.c2dm@gmail.com,ipc.invalidation@gmail.com
06-15 20:13:59.494  4550  4550 I chromium: [INFO:CONSOLE(44)] "Received message of type object from https://s-static.ak.facebook.com, expected a string", source: http://connect.facebook.net/en_US/all.js (44)
06-15 20:13:59.760  4550  4550 D C2DM    : Initialized
06-15 20:13:59.791  4550  4724 D C2DM    : Handle intent = Intent { act=com.google.android.c2dm.intent.RECEIVE cat=[com.android.chrome] flg=0x10 cmp=com.android.chrome/com.google.ipc.invalidation.ticl.android.c2dm.C2DMManager (has extras) }
06-15 20:14:00.201  4550  4550 D OpenGLRenderer: Flushing caches (mode 2)
06-15 20:14:00.205  4550  4550 D OpenGLRenderer: Flushing caches (mode 0)
06-15 20:14:00.205  4550  4550 W ManagedEGLContext: doTerminate failed: EGL count is 3 but managed count is 1
06-15 20:14:00.205  4550  4550 W ThumbnailCache: Low Memory: Freed 0 textures from compression queue, 0 from write queue, 0 from the pinned list, 0 from the cache.
06-15 20:14:00.670  4550  4550 I ProtocolHandler: [chromesync#1604387069] Created protocol handler for application com.android.chrome#0.18.4531.3636, platform Android-4.0.4
06-15 20:14:00.670  4550  4550 I InvalidationClientImpl: [chromesync#1604387069] Created client: Client: com.google.protos.ipc.invalidation.ClientProtocol$ApplicationClientIdP@4159fe10, null
06-15 20:14:00.670  4550  4550 W InvService: Dropping C2DM message for unknown or unstarted client: chromesync#1604387069
06-15 20:14:00.670  4550  4550 I InvService: Received message for unloaded client; rewriting state file: chromesync#1604387069
06-15 20:14:00.678  4550  4550 I InvStorage: State written for chromesync#1604387069
06-15 20:14:00.682  4550  4550 I InvService: Stopping AndroidInvalidationService since no clients remain: message
06-15 20:14:00.924  2324  2324 W webview : Stale touch event ACTION_CANCEL received from webcore; ignoring
06-15 20:14:02.084  2324  2324 W webview : Stale touch event ACTION_CANCEL received from webcore; ignoring
06-15 20:14:02.576  4550  4550 D OpenGLRenderer: Flushing caches (mode 2)
06-15 20:14:02.588  4550  4550 D OpenGLRenderer: Flushing caches (mode 0)
06-15 20:14:02.623  4550  4550 W ManagedEGLContext: doTerminate failed: EGL count is 3 but managed count is 1
06-15 20:14:02.639  4550  4550 W ThumbnailCache: Low Memory: Freed 0 textures from compression queue, 0 from write queue, 0 from the pinned list, 0 from the cache.
06-15 20:14:03.791  4550  4553 D dalvikvm: GC_CONCURRENT freed 542K, 8% free 11132K/12039K, paused 6ms+134ms
06-15 20:14:04.615  2324  2324 W webview : Stale touch event ACTION_CANCEL received from webcore; ignoring
06-15 20:14:04.928  4550  4550 D C2DM    : Using manifest-specified sender-id: cloudprint.c2dm@gmail.com,ipc.invalidation@gmail.com
06-15 20:14:04.951  4550  4732 D C2DM    : Handle intent = Intent { act=com.google.android.c2dm.intent.RECEIVE cat=[com.android.chrome] flg=0x10 cmp=com.android.chrome/com.google.ipc.invalidation.ticl.android.c2dm.C2DMManager (has extras) }
06-15 20:14:05.021  4550  4550 D C2DM    : Initialized
06-15 20:14:05.064  4550  4550 I ProtocolHandler: [chromesync#1604387069] Created protocol handler for application com.android.chrome#0.18.4531.3636, platform Android-4.0.4
06-15 20:14:05.064  4550  4550 I InvalidationClientImpl: [chromesync#1604387069] Created client: Client: com.google.protos.ipc.invalidation.ClientProtocol$ApplicationClientIdP@415879f0, null
06-15 20:14:05.072  4550  4550 W InvService: Dropping C2DM message for unknown or unstarted client: chromesync#1604387069
06-15 20:14:05.072  4550  4550 I InvService: Received message for unloaded client; rewriting state file: chromesync#1604387069
06-15 20:14:05.072  4550  4550 I InvStorage: State written for chromesync#1604387069
06-15 20:14:05.072  4550  4550 I InvService: Stopping AndroidInvalidationService since no clients remain: message
06-15 20:14:05.693  4550  4550 D C2DM    : Using manifest-specified sender-id: cloudprint.c2dm@gmail.com,ipc.invalidation@gmail.com
06-15 20:14:05.693  4550  4550 D C2DM    : Initialized
06-15 20:14:05.693  4550  4735 D C2DM    : Handle intent = Intent { act=com.google.android.c2dm.intent.RECEIVE cat=[com.android.chrome] flg=0x10 cmp=com.android.chrome/com.google.ipc.invalidation.ticl.android.c2dm.C2DMManager (has extras) }
06-15 20:14:05.939  4550  4550 I ProtocolHandler: [chromesync#1604387069] Created protocol handler for application com.android.chrome#0.18.4531.3636, platform Android-4.0.4
06-15 20:14:05.939  4550  4550 I InvalidationClientImpl: [chromesync#1604387069] Created client: Client: com.google.protos.ipc.invalidation.ClientProtocol$ApplicationClientIdP@415cc458, null
06-15 20:14:05.939  4550  4550 W InvService: Dropping C2DM message for unknown or unstarted client: chromesync#1604387069
06-15 20:14:05.939  4550  4550 I InvService: Received message for unloaded client; rewriting state file: chromesync#1604387069
06-15 20:14:05.943  4550  4550 I InvStorage: State written for chromesync#1604387069
06-15 20:14:05.943  4550  4550 I InvService: Stopping AndroidInvalidationService since no clients remain: message
06-15 20:14:06.404  2324  2324 W webview : Stale touch event ACTION_CANCEL received from webcore; ignoring
06-15 20:14:08.439   140   177 I ActivityManager: START {act=android.intent.action.MAIN cat=[android.intent.category.HOME] flg=0x10200000 cmp=com.android.launcher/com.android.launcher2.Launcher} from pid 140
06-15 20:14:08.564  4550  4550 D OpenGLRenderer: Flushing caches (mode 2)
06-15 20:14:08.576  4550  4550 D OpenGLRenderer: Flushing caches (mode 0)
06-15 20:14:08.580  4550  4550 W ManagedEGLContext: doTerminate failed: EGL count is 3 but managed count is 1
06-15 20:14:08.580  4550  4550 W ThumbnailCache: Low Memory: Freed 0 textures from compression queue, 0 from write queue, 1 from the pinned list, 0 from the cache.
06-15 20:14:09.014   140   156 I Process : Sending signal. PID: 366 SIG: 3
06-15 20:14:09.014   366   373 I dalvikvm: threadid=3: reacting to signal 3
06-15 20:14:09.162   366   373 I dalvikvm: Wrote stack traces to '/data/anr/traces.txt'
06-15 20:14:09.178   140   464 I ActivityManager: Process com.google.android.partnersetup (pid 4666) has died.
06-15 20:14:09.213  2324  2324 D OpenGLRenderer: Flushing caches (mode 0)
06-15 20:14:09.264   140   287 W InputManagerService: Starting input on non-focused client com.android.internal.view.IInputMethodClient$Stub$Proxy@41672038 (uid=10057 pid=2324)
06-15 20:14:09.463  3707  3707 D wpa_supplicant: WPS: Building WPS IE for Probe Request
06-15 20:14:09.463  3707  3707 D wpa_supplicant: WPS:  * Version (hardcoded 0x10)
06-15 20:14:09.463  3707  3707 D wpa_supplicant: WPS:  * Request Type
06-15 20:14:09.463  3707  3707 D wpa_supplicant: WPS:  * Config Methods (2388)
06-15 20:14:09.463  3707  3707 D wpa_supplicant: WPS:  * UUID-E
06-15 20:14:09.463  3707  3707 D wpa_supplicant: WPS:  * Primary Device Type
06-15 20:14:09.463  3707  3707 D wpa_supplicant: WPS:  * RF Bands (3)
06-15 20:14:09.463  3707  3707 D wpa_supplicant: WPS:  * Association State
06-15 20:14:09.463  3707  3707 D wpa_supplicant: WPS:  * Configuration Error (0)
06-15 20:14:09.463  3707  3707 D wpa_supplicant: WPS:  * Device Password ID (0)
06-15 20:14:09.463  3707  3707 D wpa_supplicant: WPS:  * Manufacturer
06-15 20:14:09.463  3707  3707 D wpa_supplicant: WPS:  * Model Name
06-15 20:14:09.463  3707  3707 D wpa_supplicant: WPS:  * Model Number
06-15 20:14:09.463  3707  3707 D wpa_supplicant: WPS:  * Device Name
06-15 20:14:09.463  3707  3707 D wpa_supplicant: WPS:  * Version2 (0x20)
06-15 20:14:09.463  3707  3707 D wpa_supplicant: wpa_driver_wext_combo_scan: Start
06-15 20:14:09.463  3707  3707 D wpa_supplicant: For Scan: (null)
06-15 20:14:09.518  3707  3707 D wpa_supplicant: Scan requested (ret=0) - scan timeout 30 seconds
06-15 20:14:09.764   140   465 I ActivityManager: Process com.google.process.gapps (pid 272) has died.
06-15 20:14:09.771   140   465 W ActivityManager: Scheduling restart of crashed service com.google.android.location/.NetworkLocationService in 5000ms
06-15 20:14:09.771   140   465 W ActivityManager: Scheduling restart of crashed service com.google.android.gsf/.gtalkservice.service.GTalkService in 14999ms
06-15 20:14:09.771   140   465 W ActivityManager: Scheduling restart of crashed service com.google.android.location/.internal.server.NetworkLocationService in 24999ms
06-15 20:14:09.771   140   465 I ActivityManager: Kill com.google.android.apps.googlevoice (pid 4622): provider com.google.android.gsf.settings.GoogleSettingsProvider in dying process com.google.process.gapps
06-15 20:14:09.795   140   152 I ActivityManager: Process com.google.android.apps.googlevoice (pid 4622) has died.
06-15 20:14:09.795   140   152 W ActivityManager: Scheduling restart of crashed service com.google.android.apps.googlevoice/.CallLogService in 34976ms
06-15 20:14:09.818  2324  2324 D OpenGLRenderer: Flushing caches (mode 1)
06-15 20:14:09.838  2324  2324 D OpenGLRenderer: Flushing caches (mode 2)
06-15 20:14:09.865  2324  2324 D OpenGLRenderer: Flushing caches (mode 0)
06-15 20:14:09.869  2324  2324 W ManagedEGLContext: doTerminate failed: EGL count is 2 but managed count is 1
06-15 20:14:09.998  3707  3707 D wpa_supplicant: RTM_NEWLINK: operstate=0 ifi_flags=0x11003 ([UP][LOWER_UP])
06-15 20:14:09.998  3707  3707 D wpa_supplicant: RTM_NEWLINK, IFLA_IFNAME: Interface 'wlan0' added
06-15 20:14:09.998  3707  3707 D wpa_supplicant: Wireless event: cmd=0x8b19 len=8
06-15 20:14:09.998  3707  3707 D wpa_supplicant: Received 1429 bytes of scan results (6 BSSes)
06-15 20:14:10.018  2324  2324 W webview : Stale touch event ACTION_CANCEL received from webcore; ignoring
06-15 20:14:10.283   211   214 D dalvikvm: GC_CONCURRENT freed 304K, 30% free 9952K/14151K, paused 7ms+4ms
06-15 20:14:10.404   211   214 D dalvikvm: GC_CONCURRENT freed 564K, 31% free 9871K/14151K, paused 2ms+9ms
06-15 20:14:11.061   140   169 I power   : *** set_screen_state 0
06-15 20:14:11.103    78   118 D SurfaceFlinger: About to give-up screen, flinger = 0x1738918
06-15 20:14:11.186   352  1425 D NfcService: NFC-C OFF, disconnect
06-15 20:14:11.268   352  1425 D NfcService: NFC-EE OFF
06-15 20:14:11.396   140   142 D dalvikvm: GC_CONCURRENT freed 773K, 27% free 15686K/21319K, paused 30ms+7ms
06-15 20:14:11.404   140   173 V TransportControlView: Create TCV com.android.internal.widget.TransportControlView@417e2a58
06-15 20:14:11.459   211   211 D PhoneStatusBar: disable: < expand icons alerts ticker system_info back home RECENT* clock >
06-15 20:14:11.510    81   125 D AudioHardware: AudioHardware pcm playback is exiting standby.
06-15 20:14:11.510    81   125 D AudioHardware: openPcmOut_l() mPcmOpenCnt: 0
06-15 20:14:11.525   211   211 D PhoneStatusBar: disable: < expand icons alerts ticker system_info BACK* HOME* RECENT CLOCK* >
06-15 20:14:14.670    81   125 D AudioHardware: AudioHardware pcm playback is going to standby.
06-15 20:14:14.670    81   125 D AudioHardware: closePcmOut_l() mPcmOpenCnt: 1
06-15 20:14:14.783   140   157 I ActivityManager: Start proc com.google.process.gapps for service com.google.android.location/.NetworkLocationService: pid=4745 uid=10009 gids={3003, 1015, 1007, 2001, 3006}
06-15 20:14:14.842  4745  4745 I dalvikvm: Turning on JNI app bug workarounds for target SDK version 12...
06-15 20:14:14.920  4745  4745 I ActivityThread: Pub com.google.settings: com.google.android.gsf.settings.GoogleSettingsProvider
06-15 20:14:15.103  4745  4745 I ActivityThread: Pub subscribedfeeds: com.google.android.gsf.subscribedfeeds.SubscribedFeedsProvider
06-15 20:14:15.186  4745  4745 I ActivityThread: Pub com.google.contacts.gal.provider: com.google.android.syncadapters.contacts.GalProvider
06-15 20:14:15.225  4745  4745 I ActivityThread: Pub com.google.android.gsf.gservices: com.google.android.gsf.gservices.GservicesProvider
06-15 20:14:15.225  4745  4745 I GservicesProvider: Gservices pushing to system: true; secure: true
06-15 20:14:15.225  4745  4745 I ActivityThread: Pub com.google.android.providers.talk: com.google.android.gsf.talk.TalkProvider
06-15 20:14:15.248  4745  4745 D NetworkLocationService: onCreate com.google.android.location.NetworkLocationService@413891b8
06-15 20:14:15.295  4745  4745 D NetworkLocationClient: ANDROID minProtocolVersion 1 maxProtocolVersion 1 releaseVersion -1
06-15 20:14:15.295  4745  4745 D NetworkLocationClient: binding to Intent { act=com.google.android.location.internal.ANDROID_NLP }
06-15 20:14:15.314  4745  4746 D dalvikvm: GC_CONCURRENT freed 323K, 5% free 9213K/9607K, paused 12ms+2ms
06-15 20:14:15.377  4745  4745 D NetworkLocationService: onBind com.google.android.location.NetworkLocationProvidercom.google.android.location.NetworkLocationService@413891b8
06-15 20:14:15.377  4745  4745 D NetworkLocationService: onBind com.google.android.location.GeocodeProvidercom.google.android.location.NetworkLocationService@413891b8
06-15 20:14:15.498  4745  4746 D dalvikvm: GC_CONCURRENT freed 456K, 6% free 9272K/9799K, paused 2ms+3ms
06-15 20:14:15.506   140   354 D SyncManager: setSyncAutomatically: , provider subscribedfeeds -> true
06-15 20:14:15.510   140   354 D SyncManager: setSyncAutomatically: already set to true, doing nothing
06-15 20:14:15.549  4745  4745 D androidInternalNlpService: onCreate com.google.android.location.internal.server.NetworkLocationService@41337f58
06-15 20:14:15.572  4745  4745 D androidNlpServiceThread: ANDROID minProtocolVersion 1 maxProtocolVersion 1 releaseVersion -1
06-15 20:14:15.580  4745  4769 D NetworkLocationRealOs: NLPv2 file already exists; ignoring any NLPv1 files
06-15 20:14:15.588  4745  4745 D NetworkLocationClient: onServiceConnected to ComponentInfo{com.google.android.location/com.google.android.location.internal.server.NetworkLocationService}
06-15 20:14:15.588  4745  4762 D androidNetworkLocationListeners: Still have listener com.google.android.location.internal.client.NetworkLocationClient$1@41396600
06-15 20:14:15.885  4745  4746 D dalvikvm: GC_CONCURRENT freed 317K, 5% free 9453K/9863K, paused 2ms+2ms
06-15 20:14:16.143  4745  4746 D dalvikvm: GC_CONCURRENT freed 158K, 3% free 9820K/10055K, paused 4ms+7ms
06-15 20:14:16.283  3707  3707 D wpa_supplicant: wpa_driver_wext_driver_cmd SETSUSPENDOPT 0 len = 4096
06-15 20:14:16.283  3707  3707 D wpa_supplicant: wpa_driver_wext_driver_cmd SETSUSPENDOPT 0 len = 0, 15
06-15 20:14:16.287  3707  3707 D wpa_supplicant: wpa_driver_wext_driver_cmd POWERMODE 0 len = 4096
06-15 20:14:16.295  3707  3707 D wpa_supplicant: wpa_driver_wext_driver_cmd OK len = 0, 2
06-15 20:14:16.295  3707  3707 D wpa_supplicant: WPS: Building WPS IE for Probe Request
06-15 20:14:16.295  3707  3707 D wpa_supplicant: WPS:  * Version (hardcoded 0x10)
06-15 20:14:16.295  3707  3707 D wpa_supplicant: WPS:  * Request Type
06-15 20:14:16.295  3707  3707 D wpa_supplicant: WPS:  * Config Methods (2388)
06-15 20:14:16.295  3707  3707 D wpa_supplicant: WPS:  * UUID-E
06-15 20:14:16.295  3707  3707 D wpa_supplicant: WPS:  * Primary Device Type
06-15 20:14:16.295  3707  3707 D wpa_supplicant: WPS:  * RF Bands (3)
06-15 20:14:16.295  3707  3707 D wpa_supplicant: WPS:  * Association State
06-15 20:14:16.295  3707  3707 D wpa_supplicant: WPS:  * Configuration Error (0)
06-15 20:14:16.295  3707  3707 D wpa_supplicant: WPS:  * Device Password ID (0)
06-15 20:14:16.295  3707  3707 D wpa_supplicant: WPS:  * Manufacturer
06-15 20:14:16.295  3707  3707 D wpa_supplicant: WPS:  * Model Name
06-15 20:14:16.295  3707  3707 D wpa_supplicant: WPS:  * Model Number
06-15 20:14:16.295  3707  3707 D wpa_supplicant: WPS:  * Device Name
06-15 20:14:16.295  3707  3707 D wpa_supplicant: WPS:  * Version2 (0x20)
06-15 20:14:16.295  3707  3707 D wpa_supplicant: wpa_driver_wext_combo_scan: Start
06-15 20:14:16.295  3707  3707 D wpa_supplicant: For Scan: (null)
06-15 20:14:16.342  3707  3707 D wpa_supplicant: Scan requested (ret=0) - scan timeout 30 seconds
06-15 20:14:16.373  3707  3707 D wpa_supplicant: Ongoing scan action - reject new request
06-15 20:14:16.822  3707  3707 D wpa_supplicant: RTM_NEWLINK: operstate=0 ifi_flags=0x11003 ([UP][LOWER_UP])
06-15 20:14:16.822  3707  3707 D wpa_supplicant: RTM_NEWLINK, IFLA_IFNAME: Interface 'wlan0' added
06-15 20:14:16.822  3707  3707 D wpa_supplicant: Wireless event: cmd=0x8b19 len=8
06-15 20:14:16.822  3707  3707 D wpa_supplicant: Received 216 bytes of scan results (1 BSSes)
06-15 20:14:16.986  4745  4746 D dalvikvm: GC_CONCURRENT freed 821K, 9% free 9540K/10439K, paused 6ms+2ms
06-15 20:14:17.006  3707  3707 D wpa_supplicant: wpa_driver_wext_driver_cmd SETSUSPENDOPT 0 len = 4096
06-15 20:14:17.006  3707  3707 D wpa_supplicant: wpa_driver_wext_driver_cmd SETSUSPENDOPT 0 len = 0, 15
06-15 20:14:17.006  3707  3707 D wpa_supplicant: wpa_driver_wext_driver_cmd POWERMODE 0 len = 4096
06-15 20:14:17.010  3707  3707 D wpa_supplicant: wpa_driver_wext_driver_cmd OK len = 0, 2
06-15 20:14:32.156  4745  4746 D dalvikvm: GC_CONCURRENT freed 434K, 8% free 9617K/10439K, paused 2ms+2ms
06-15 20:14:32.250   140   157 I ActivityManager: Start proc com.google.android.talk for broadcast com.google.android.talk/.McsConnectionStartedReceiver: pid=4776 uid=10047 gids={3003, 1015, 1006, 3002}
06-15 20:14:32.394  4776  4776 I ActivityThread: Pub com.google.android.talk.SuggestionProvider: com.google.android.talk.SuggestionsProvider
06-15 20:14:32.461  4776  4776 D vclib:CallStateClient: startListening
06-15 20:14:32.492  4776  4796 I talk    : onMcsConnectionStarted
06-15 20:14:32.617  4745  4775 I GTalkService/c: [AndroidEndpoint@1094583968] connect: acct=1000000, state=CONNECTING
06-15 20:14:32.664  4776  4779 D dalvikvm: GC_CONCURRENT freed 149K, 3% free 9345K/9607K, paused 91ms+3ms
06-15 20:14:32.812  4745  4746 D dalvikvm: GC_CONCURRENT freed 402K, 8% free 9683K/10439K, paused 2ms+3ms
06-15 20:14:32.933   140   357 I ActivityManager: Start proc android.process.media for content provider com.android.providers.media/.MediaProvider: pid=4803 uid=10012 gids={1015, 1023, 1024, 2001, 3003, 3007}
06-15 20:14:32.992  4803  4803 I ActivityThread: Pub downloads: com.android.providers.downloads.DownloadProvider
06-15 20:14:33.000   140   285 I WindowManager: WIN DEATH: Window{418174a8 com.android.chrome/com.google.android.apps.chrome.Main paused=false}
06-15 20:14:33.000   140   354 I ActivityManager: Process com.android.chrome (pid 4550) has died.
06-15 20:14:33.015  4568  4568 I chromium: [INFO:sandboxed_process_service.cc(317)] SandboxedProcessService: Force exiting sandboxed process.
06-15 20:14:33.191   140  2836 I ActivityManager: Process com.android.chrome:sandboxed_process0 (pid 4568) has died.
06-15 20:14:33.269  4803  4803 I ActivityThread: Pub drm: com.android.providers.drm.DrmProvider
06-15 20:14:33.269  4803  4816 I DownloadManager: in removeSpuriousFiles
06-15 20:14:33.277  4803  4803 I ActivityThread: Pub media: com.android.providers.media.MediaProvider
06-15 20:14:33.461  4803  4816 I DownloadManager: in removeSpuriousFiles, preserving file /mnt/sdcard/Download/Swype-Installer-3.apk
06-15 20:14:33.465  4803  4816 I DownloadManager: in removeSpuriousFiles, preserving file /mnt/sdcard/Download/Swype-Installer-4.apk
06-15 20:14:33.465  4803  4816 I DownloadManager: in removeSpuriousFiles, preserving file /mnt/sdcard/Download/Swype-Installer-5.apk
06-15 20:14:33.465  4803  4816 I DownloadManager: in removeSpuriousFiles, preserving file /mnt/sdcard/Download/Swype-Installer-6.apk
06-15 20:14:33.465  4803  4816 I DownloadManager: in removeSpuriousFiles, preserving file /mnt/sdcard/Download/Swype-Installer.apk
06-15 20:14:33.465  4803  4816 I DownloadManager: in removeSpuriousFiles, preserving file /mnt/sdcard/Download/Swype-Installer.apk
06-15 20:14:33.465  4803  4816 I DownloadManager: in removeSpuriousFiles, preserving file /mnt/sdcard/Download/Swype-Installer-1.apk
06-15 20:14:33.465  4803  4816 I DownloadManager: in removeSpuriousFiles, preserving file /mnt/sdcard/Download/BKPC Outdoor Service 2012 197.jpg
06-15 20:14:33.465  4803  4816 I DownloadManager: in removeSpuriousFiles, preserving file /mnt/sdcard/Download/BKPC Outdoor Service 2012 196.jpg
06-15 20:14:33.465  4803  4816 I DownloadManager: in removeSpuriousFiles, preserving file /mnt/sdcard/Download/Swype-Installer.apk
06-15 20:14:33.465  4803  4816 I DownloadManager: in removeSpuriousFiles, preserving file /mnt/sdcard/Download/Swype-Installer-1.apk
06-15 20:14:33.465  4803  4816 I DownloadManager: deleting spurious file /cache/backup
06-15 20:14:34.734  4803  4805 D dalvikvm: GC_CONCURRENT freed 312K, 5% free 9198K/9607K, paused 13ms+2ms
06-15 20:14:34.902   140   354 D dalvikvm: GC_EXPLICIT freed 932K, 27% free 15712K/21319K, paused 3ms+6ms
06-15 20:14:34.914  4745  4798 I GTalkService/c: [GTalkConnection@1094858512] connect: acct=1, state=CONNECTING
06-15 20:14:35.070   140   198 D ConnectivityService: handleInetConditionHoldEnd: net=0, condition=0, published condition=100
06-15 20:14:36.238  4745  4746 D dalvikvm: GC_CONCURRENT freed 295K, 7% free 9777K/10439K, paused 2ms+7ms
06-15 20:14:36.316   140   157 I ActivityManager: Start proc com.android.chrome for broadcast com.android.chrome/com.google.ipc.invalidation.ticl.android.c2dm.C2DMBroadcastReceiver: pid=4827 uid=10056 gids={3003, 1015}
06-15 20:14:36.441  4827  4827 I ActivityThread: Pub com.android.chrome.snapshot: com.android.chrome.snapshot.SnapshotProviderStable
06-15 20:14:36.453  4827  4827 I ActivityThread: Pub com.android.chrome.ChromeBrowserProvider;com.android.chrome.browser;com.android.chrome: com.android.chrome.ChromeBrowserProviderStable
06-15 20:14:36.500  4827  4827 D C2DM    : Using manifest-specified sender-id: cloudprint.c2dm@gmail.com,ipc.invalidation@gmail.com
06-15 20:14:36.500  4827  4841 D C2DM    : Handle intent = Intent { act=com.google.android.c2dm.intent.RECEIVE cat=[com.android.chrome] flg=0x10 cmp=com.android.chrome/com.google.ipc.invalidation.ticl.android.c2dm.C2DMManager (has extras) }
06-15 20:14:36.601  4827  4830 D dalvikvm: GC_CONCURRENT freed 204K, 4% free 9313K/9607K, paused 2ms+1ms
06-15 20:14:36.605  4827  4827 D C2DM    : Initialized
06-15 20:14:36.757  4827  4827 I ProtocolHandler: [chromesync#1604387069] Created protocol handler for application com.android.chrome#0.18.4531.3636, platform Android-4.0.4
06-15 20:14:36.773  4827  4827 I InvalidationClientImpl: [chromesync#1604387069] Created client: Client: com.google.protos.ipc.invalidation.ClientProtocol$ApplicationClientIdP@413b17e8, null
06-15 20:14:36.773  4827  4827 W InvService: Dropping C2DM message for unknown or unstarted client: chromesync#1604387069
06-15 20:14:36.773  4827  4827 I InvService: Received message for unloaded client; rewriting state file: chromesync#1604387069
06-15 20:14:36.777  4827  4827 I InvStorage: State written for chromesync#1604387069
06-15 20:14:36.777  4827  4827 I InvService: Stopping AndroidInvalidationService since no clients remain: message
06-15 20:14:36.793   140   198 D ConnectivityService: handleInetConditionHoldEnd: net=0, condition=100, published condition=0
06-15 20:14:36.828  4827  4830 D dalvikvm: GC_CONCURRENT freed 379K, 5% free 9377K/9863K, paused 2ms+2ms
06-15 20:14:39.605  3707  3707 D wpa_supplicant: WPS: Building WPS IE for Probe Request
06-15 20:14:39.605  3707  3707 D wpa_supplicant: WPS:  * Version (hardcoded 0x10)
06-15 20:14:39.605  3707  3707 D wpa_supplicant: WPS:  * Request Type
06-15 20:14:39.605  3707  3707 D wpa_supplicant: WPS:  * Config Methods (2388)
06-15 20:14:39.605  3707  3707 D wpa_supplicant: WPS:  * UUID-E
06-15 20:14:39.605  3707  3707 D wpa_supplicant: WPS:  * Primary Device Type
06-15 20:14:39.605  3707  3707 D wpa_supplicant: WPS:  * RF Bands (3)
06-15 20:14:39.605  3707  3707 D wpa_supplicant: WPS:  * Association State
06-15 20:14:39.605  3707  3707 D wpa_supplicant: WPS:  * Configuration Error (0)
06-15 20:14:39.605  3707  3707 D wpa_supplicant: WPS:  * Device Password ID (0)
06-15 20:14:39.605  3707  3707 D wpa_supplicant: WPS:  * Manufacturer
06-15 20:14:39.605  3707  3707 D wpa_supplicant: WPS:  * Model Name
06-15 20:14:39.605  3707  3707 D wpa_supplicant: WPS:  * Model Number
06-15 20:14:39.605  3707  3707 D wpa_supplicant: WPS:  * Device Name
06-15 20:14:39.605  3707  3707 D wpa_supplicant: WPS:  * Version2 (0x20)
06-15 20:14:39.605  3707  3707 D wpa_supplicant: wpa_driver_wext_combo_scan: Start
06-15 20:14:39.605  3707  3707 D wpa_supplicant: For Scan: (null)
06-15 20:14:39.656  3707  3707 D wpa_supplicant: Scan requested (ret=0) - scan timeout 30 seconds
06-15 20:14:41.007  3707  3707 D wpa_supplicant: RTM_NEWLINK: operstate=0 ifi_flags=0x11003 ([UP][LOWER_UP])
06-15 20:14:41.007  3707  3707 D wpa_supplicant: RTM_NEWLINK, IFLA_IFNAME: Interface 'wlan0' added
06-15 20:14:41.007  3707  3707 D wpa_supplicant: Wireless event: cmd=0x8b19 len=8
06-15 20:14:41.007  3707  3707 D wpa_supplicant: Received 1408 bytes of scan results (6 BSSes)
06-15 20:14:41.097   211   214 D dalvikvm: GC_CONCURRENT freed 648K, 32% free 9693K/14151K, paused 2ms+3ms
06-15 20:14:41.148   211   214 D dalvikvm: GC_CONCURRENT freed 454K, 32% free 9685K/14151K, paused 2ms+2ms
06-15 20:14:41.234   211   214 D dalvikvm: GC_CONCURRENT freed 409K, 32% free 9717K/14151K, paused 2ms+2ms
06-15 20:14:44.554  4745  4746 D dalvikvm: GC_CONCURRENT freed 297K, 6% free 9872K/10439K, paused 3ms+3ms
06-15 20:14:45.625   467   471 D dalvikvm: GC_CONCURRENT freed 374K, 6% free 9792K/10375K, paused 2ms+2ms
06-15 20:15:37.183  3707  3707 D wpa_supplicant: WPS: Building WPS IE for Probe Request
06-15 20:15:37.183  3707  3707 D wpa_supplicant: WPS:  * Version (hardcoded 0x10)
06-15 20:15:37.183  3707  3707 D wpa_supplicant: WPS:  * Request Type
06-15 20:15:37.183  3707  3707 D wpa_supplicant: WPS:  * Config Methods (2388)
06-15 20:15:37.183  3707  3707 D wpa_supplicant: WPS:  * UUID-E
06-15 20:15:37.183  3707  3707 D wpa_supplicant: WPS:  * Primary Device Type
06-15 20:15:37.183  3707  3707 D wpa_supplicant: WPS:  * RF Bands (3)
06-15 20:15:37.183  3707  3707 D wpa_supplicant: WPS:  * Association State
06-15 20:15:37.183  3707  3707 D wpa_supplicant: WPS:  * Configuration Error (0)
06-15 20:15:37.183  3707  3707 D wpa_supplicant: WPS:  * Device Password ID (0)
06-15 20:15:37.183  3707  3707 D wpa_supplicant: WPS:  * Manufacturer
06-15 20:15:37.183  3707  3707 D wpa_supplicant: WPS:  * Model Name
06-15 20:15:37.183  3707  3707 D wpa_supplicant: WPS:  * Model Number
06-15 20:15:37.183  3707  3707 D wpa_supplicant: WPS:  * Device Name
06-15 20:15:37.183  3707  3707 D wpa_supplicant: WPS:  * Version2 (0x20)
06-15 20:15:37.183  3707  3707 D wpa_supplicant: wpa_driver_wext_combo_scan: Start
06-15 20:15:37.183  3707  3707 D wpa_supplicant: For Scan: (null)
06-15 20:15:37.234  3707  3707 D wpa_supplicant: Scan requested (ret=0) - scan timeout 30 seconds
06-15 20:15:37.714  3707  3707 D wpa_supplicant: RTM_NEWLINK: operstate=0 ifi_flags=0x11003 ([UP][LOWER_UP])
06-15 20:15:37.714  3707  3707 D wpa_supplicant: RTM_NEWLINK, IFLA_IFNAME: Interface 'wlan0' added
06-15 20:15:37.714  3707  3707 D wpa_supplicant: Wireless event: cmd=0x8b19 len=8
06-15 20:15:37.714  3707  3707 D wpa_supplicant: Received 0 bytes of scan results (0 BSSes)
06-15 20:15:38.640   140   157 I ActivityManager: Start proc com.google.android.apps.googlevoice for service com.google.android.apps.googlevoice/.CallLogService: pid=4848 uid=10055 gids={3003, 1015}
06-15 20:15:38.882  4848  4851 D dalvikvm: GC_CONCURRENT freed 239K, 4% free 9296K/9607K, paused 2ms+2ms
06-15 20:16:34.996  2324  2326 D dalvikvm: GC_CONCURRENT freed 2043K, 14% free 14775K/17031K, paused 12ms+22ms
06-15 20:17:05.449  4697  4697 I PhoneLab-Locks: wake lock acquired
06-15 20:17:05.457  4697  4697 I PhoneLab-StatusMonitor: Status Monitoring is started
06-15 20:17:05.539  4697  4700 D dalvikvm: GC_CONCURRENT freed 399K, 5% free 9136K/9607K, paused 2ms+2ms
06-15 20:17:05.648  4697  4697 I PhoneLab-StatusMonitor: Value: 10 - unit: min
06-15 20:17:05.648  4697  4697 I PhoneLab-StatusMonitor: Running interval: 600000
06-15 20:17:05.652  4697  4697 I PhoneLab-StatusMonitor: Rescheduling status monitoring...
06-15 20:17:05.656  4697  4697 I PhoneLab-Locks: wake lock released
06-15 20:17:06.007  4697  4697 I PhoneLab-StatusMonitorLocation: Learning Location
06-15 20:17:06.007  4697  4697 I PhoneLab-Locks: wake lock acquired
06-15 20:17:06.035  4697  4697 I PhoneLab-Locks: wake lock acquired
06-15 20:17:06.046  4697  4697 I PhoneLab-StatusMonitorLocation: Learning Signal Strgth
06-15 20:17:06.046  4697  4697 I PhoneLab-Locks: wake lock acquired
06-15 20:17:06.058  4745  4762 D androidNetworkLocationListeners: Still have listener com.google.android.location.internal.client.NetworkLocationClient$1@41396600
06-15 20:17:06.062  3707  3707 D wpa_supplicant: wpa_driver_wext_driver_cmd SETSUSPENDOPT 0 len = 4096
06-15 20:17:06.062  3707  3707 D wpa_supplicant: wpa_driver_wext_driver_cmd SETSUSPENDOPT 0 len = 0, 15
06-15 20:17:06.062  3707  3707 D wpa_supplicant: WPS: Building WPS IE for Probe Request
06-15 20:17:06.062  3707  3707 D wpa_supplicant: WPS:  * Version (hardcoded 0x10)
06-15 20:17:06.062  3707  3707 D wpa_supplicant: WPS:  * Request Type
06-15 20:17:06.062  3707  3707 D wpa_supplicant: WPS:  * Config Methods (2388)
06-15 20:17:06.062  3707  3707 D wpa_supplicant: WPS:  * UUID-E
06-15 20:17:06.062  3707  3707 D wpa_supplicant: WPS:  * Primary Device Type
06-15 20:17:06.062  3707  3707 D wpa_supplicant: WPS:  * RF Bands (3)
06-15 20:17:06.062  3707  3707 D wpa_supplicant: WPS:  * Association State
06-15 20:17:06.062  3707  3707 D wpa_supplicant: WPS:  * Configuration Error (0)
06-15 20:17:06.062  3707  3707 D wpa_supplicant: WPS:  * Device Password ID (0)
06-15 20:17:06.062  3707  3707 D wpa_supplicant: WPS:  * Manufacturer
06-15 20:17:06.062  3707  3707 D wpa_supplicant: WPS:  * Model Name
06-15 20:17:06.062  3707  3707 D wpa_supplicant: WPS:  * Model Number
06-15 20:17:06.062  3707  3707 D wpa_supplicant: WPS:  * Device Name
06-15 20:17:06.062  3707  3707 D wpa_supplicant: WPS:  * Version2 (0x20)
06-15 20:17:06.062  3707  3707 D wpa_supplicant: wpa_driver_wext_combo_scan: Start
06-15 20:17:06.062  3707  3707 D wpa_supplicant: For Scan: (null)
06-15 20:17:06.066  4745  4762 D androidNetworkLocationListeners: Still have listener com.google.android.location.internal.client.NetworkLocationClient$1@41396600
06-15 20:17:06.078  4697  4697 I PhoneLab-StatusMonitorBattery: Battery_level: 68
06-15 20:17:06.078  4697  4697 I PhoneLab-Locks: wake lock released
06-15 20:17:06.086  4697  4697 I PhoneLab-StatusMonitorSignal: Signal_Strength: -65 asu: 24
06-15 20:17:06.086  4697  4697 I PhoneLab-Locks: wake lock released
06-15 20:17:06.113  3707  3707 D wpa_supplicant: Scan requested (ret=0) - scan timeout 30 seconds
06-15 20:17:06.113  3707  3707 D wpa_supplicant: wpa_driver_wext_driver_cmd POWERMODE 0 len = 4096
06-15 20:17:06.117  3707  3707 D wpa_supplicant: wpa_driver_wext_driver_cmd OK len = 0, 2
06-15 20:17:06.117  3707  3707 D wpa_supplicant: Ongoing scan action - reject new request
06-15 20:17:06.117  3707  3707 D wpa_supplicant: Ongoing scan action - reject new request
06-15 20:17:06.593  3707  3707 D wpa_supplicant: RTM_NEWLINK: operstate=0 ifi_flags=0x11003 ([UP][LOWER_UP])
06-15 20:17:06.593  3707  3707 D wpa_supplicant: RTM_NEWLINK, IFLA_IFNAME: Interface 'wlan0' added
06-15 20:17:06.593  3707  3707 D wpa_supplicant: Wireless event: cmd=0x8b19 len=8
06-15 20:17:06.593  3707  3707 D wpa_supplicant: Received 0 bytes of scan results (0 BSSes)
06-15 20:17:06.597  4745  4771 D WifiLocator: Too many no-location APs. Will not compute a location nor go to the server. hasLocation=0 noLocation=0 cacheMiss=0
06-15 20:17:06.601  3707  3707 D wpa_supplicant: wpa_driver_wext_driver_cmd SETSUSPENDOPT 0 len = 4096
06-15 20:17:06.601  3707  3707 D wpa_supplicant: wpa_driver_wext_driver_cmd SETSUSPENDOPT 0 len = 0, 15
06-15 20:17:06.601  3707  3707 D wpa_supplicant: wpa_driver_wext_driver_cmd POWERMODE 0 len = 4096
06-15 20:17:06.601  3707  3707 D wpa_supplicant: wpa_driver_wext_driver_cmd OK len = 0, 2
06-15 20:17:06.621  4697  4697 I PhoneLab-StatusMonitorLocation: Location_Latitude: 43.0088426 Longitude: -78.8120497 Accuracy: 2161.0
06-15 20:17:06.621  4745  4762 D androidNetworkLocationListeners: Still have listener com.google.android.location.internal.client.NetworkLocationClient$1@41396600
06-15 20:17:06.625  3707  3707 D wpa_supplicant: wpa_driver_wext_driver_cmd SETSUSPENDOPT 0 len = 4096
06-15 20:17:06.625  3707  3707 D wpa_supplicant: wpa_driver_wext_driver_cmd SETSUSPENDOPT 0 len = 0, 15
06-15 20:17:06.625  3707  3707 D wpa_supplicant: wpa_driver_wext_driver_cmd POWERMODE 0 len = 4096
06-15 20:17:06.625  4697  4697 I PhoneLab-Locks: wake lock released
06-15 20:17:06.628  3707  3707 D wpa_supplicant: wpa_driver_wext_driver_cmd OK len = 0, 2
06-15 20:17:06.628  3707  3707 D wpa_supplicant: WPS: Building WPS IE for Probe Request
06-15 20:17:06.628  3707  3707 D wpa_supplicant: WPS:  * Version (hardcoded 0x10)
06-15 20:17:06.628  3707  3707 D wpa_supplicant: WPS:  * Request Type
06-15 20:17:06.628  3707  3707 D wpa_supplicant: WPS:  * Config Methods (2388)
06-15 20:17:06.628  3707  3707 D wpa_supplicant: WPS:  * UUID-E
06-15 20:17:06.628  3707  3707 D wpa_supplicant: WPS:  * Primary Device Type
06-15 20:17:06.628  3707  3707 D wpa_supplicant: WPS:  * RF Bands (3)
06-15 20:17:06.628  3707  3707 D wpa_supplicant: WPS:  * Association State
06-15 20:17:06.628  3707  3707 D wpa_supplicant: WPS:  * Configuration Error (0)
06-15 20:17:06.628  3707  3707 D wpa_supplicant: WPS:  * Device Password ID (0)
06-15 20:17:06.628  3707  3707 D wpa_supplicant: WPS:  * Manufacturer
06-15 20:17:06.628  3707  3707 D wpa_supplicant: WPS:  * Model Name
06-15 20:17:06.628  3707  3707 D wpa_supplicant: WPS:  * Model Number
06-15 20:17:06.628  3707  3707 D wpa_supplicant: WPS:  * Device Name
06-15 20:17:06.628  3707  3707 D wpa_supplicant: WPS:  * Version2 (0x20)
06-15 20:17:06.628  3707  3707 D wpa_supplicant: wpa_driver_wext_combo_scan: Start
06-15 20:17:06.628  3707  3707 D wpa_supplicant: For Scan: (null)
06-15 20:17:06.628  3707  3707 D wpa_supplicant: Scan requested (ret=0) - scan timeout 30 seconds
06-15 20:17:07.109  3707  3707 D wpa_supplicant: RTM_NEWLINK: operstate=0 ifi_flags=0x11003 ([UP][LOWER_UP])
06-15 20:17:07.109  3707  3707 D wpa_supplicant: RTM_NEWLINK, IFLA_IFNAME: Interface 'wlan0' added
06-15 20:17:07.109  3707  3707 D wpa_supplicant: Wireless event: cmd=0x8b19 len=8
06-15 20:17:07.109  3707  3707 D wpa_supplicant: Received 0 bytes of scan results (0 BSSes)
06-15 20:17:07.113  4745  4771 D WifiLocator: Too many no-location APs. Will not compute a location nor go to the server. hasLocation=0 noLocation=0 cacheMiss=0
06-15 20:17:07.113  3707  3707 D wpa_supplicant: wpa_driver_wext_driver_cmd SETSUSPENDOPT 0 len = 4096
06-15 20:17:07.113  3707  3707 D wpa_supplicant: wpa_driver_wext_driver_cmd SETSUSPENDOPT 0 len = 0, 15
06-15 20:17:07.117  3707  3707 D wpa_supplicant: wpa_driver_wext_driver_cmd POWERMODE 0 len = 4096
06-15 20:17:07.117  3707  3707 D wpa_supplicant: wpa_driver_wext_driver_cmd OK len = 0, 2
06-15 20:18:39.011  3707  3707 D wpa_supplicant: WPS: Building WPS IE for Probe Request
06-15 20:18:39.011  3707  3707 D wpa_supplicant: WPS:  * Version (hardcoded 0x10)
06-15 20:18:39.011  3707  3707 D wpa_supplicant: WPS:  * Request Type
06-15 20:18:39.011  3707  3707 D wpa_supplicant: WPS:  * Config Methods (2388)
06-15 20:18:39.011  3707  3707 D wpa_supplicant: WPS:  * UUID-E
06-15 20:18:39.011  3707  3707 D wpa_supplicant: WPS:  * Primary Device Type
06-15 20:18:39.011  3707  3707 D wpa_supplicant: WPS:  * RF Bands (3)
06-15 20:18:39.011  3707  3707 D wpa_supplicant: WPS:  * Association State
06-15 20:18:39.011  3707  3707 D wpa_supplicant: WPS:  * Configuration Error (0)
06-15 20:18:39.011  3707  3707 D wpa_supplicant: WPS:  * Device Password ID (0)
06-15 20:18:39.011  3707  3707 D wpa_supplicant: WPS:  * Manufacturer
06-15 20:18:39.011  3707  3707 D wpa_supplicant: WPS:  * Model Name
06-15 20:18:39.011  3707  3707 D wpa_supplicant: WPS:  * Model Number
06-15 20:18:39.011  3707  3707 D wpa_supplicant: WPS:  * Device Name
06-15 20:18:39.011  3707  3707 D wpa_supplicant: WPS:  * Version2 (0x20)
06-15 20:18:39.011  3707  3707 D wpa_supplicant: wpa_driver_wext_combo_scan: Start
06-15 20:18:39.011  3707  3707 D wpa_supplicant: For Scan: (null)
06-15 20:18:39.078  3707  3707 D wpa_supplicant: Scan requested (ret=0) - scan timeout 30 seconds
06-15 20:18:40.011  3707  3707 D wpa_supplicant: RTM_NEWLINK: operstate=0 ifi_flags=0x11003 ([UP][LOWER_UP])
06-15 20:18:40.011  3707  3707 D wpa_supplicant: RTM_NEWLINK, IFLA_IFNAME: Interface 'wlan0' added
06-15 20:18:40.011  3707  3707 D wpa_supplicant: Wireless event: cmd=0x8b19 len=8
06-15 20:18:40.011  3707  3707 D wpa_supplicant: Received 0 bytes of scan results (0 BSSes)
06-15 20:21:45.320   140   465 D AlarmManagerService: Kernel timezone updated to 240 minutes west of GMT
06-15 20:21:45.324   336   336 D SystemClock: Setting time of day to sec=1339806106
06-15 20:21:46.039   140   157 I ActivityManager: Start proc com.android.calendar for broadcast com.android.calendar/.widget.CalendarAppWidgetService$CalendarFactory: pid=4876 uid=10005 gids={3003}
06-15 20:21:46.113  4876  4876 I ActivityThread: Pub com.android.calendar.CalendarRecentSuggestionsProvider: com.android.calendar.CalendarRecentSuggestionsProvider
06-15 20:21:46.199   140   465 I ActivityManager: Start proc com.android.deskclock for broadcast com.android.deskclock/.AlarmInitReceiver: pid=4892 uid=10011 gids={}
06-15 20:21:46.242   140   354 I ActivityManager: Start proc com.android.providers.calendar for content provider com.android.providers.calendar/.CalendarProvider2: pid=4905 uid=10006 gids={3003, 1015}
06-15 20:21:46.246  4892  4892 I ActivityThread: Pub com.android.deskclock: com.android.deskclock.AlarmProvider
06-15 20:21:46.312  3707  3707 D wpa_supplicant: WPS: Building WPS IE for Probe Request
06-15 20:21:46.312  3707  3707 D wpa_supplicant: WPS:  * Version (hardcoded 0x10)
06-15 20:21:46.312  3707  3707 D wpa_supplicant: WPS:  * Request Type
06-15 20:21:46.312  3707  3707 D wpa_supplicant: WPS:  * Config Methods (2388)
06-15 20:21:46.312  3707  3707 D wpa_supplicant: WPS:  * UUID-E
06-15 20:21:46.312  3707  3707 D wpa_supplicant: WPS:  * Primary Device Type
06-15 20:21:46.312  3707  3707 D wpa_supplicant: WPS:  * RF Bands (3)
06-15 20:21:46.312  3707  3707 D wpa_supplicant: WPS:  * Association State
06-15 20:21:46.312  3707  3707 D wpa_supplicant: WPS:  * Configuration Error (0)
06-15 20:21:46.312  3707  3707 D wpa_supplicant: WPS:  * Device Password ID (0)
06-15 20:21:46.312  3707  3707 D wpa_supplicant: WPS:  * Manufacturer
06-15 20:21:46.312  3707  3707 D wpa_supplicant: WPS:  * Model Name
06-15 20:21:46.312  3707  3707 D wpa_supplicant: WPS:  * Model Number
06-15 20:21:46.312  3707  3707 D wpa_supplicant: WPS:  * Device Name
06-15 20:21:46.312  3707  3707 D wpa_supplicant: WPS:  * Version2 (0x20)
06-15 20:21:46.312  3707  3707 D wpa_supplicant: wpa_driver_wext_combo_scan: Start
06-15 20:21:46.312  3707  3707 D wpa_supplicant: For Scan: (null)
06-15 20:21:46.320  4905  4905 I ActivityThread: Pub com.android.calendar: com.android.providers.calendar.CalendarProvider2
06-15 20:21:46.367  3707  3707 D wpa_supplicant: Scan requested (ret=0) - scan timeout 30 seconds
06-15 20:21:46.379  4892  4911 V AlarmClock: AlarmInitReceiver finished
06-15 20:21:46.465  4745  4746 D dalvikvm: GC_CONCURRENT freed 515K, 6% free 9917K/10503K, paused 6ms+3ms
06-15 20:21:46.844  3707  3707 D wpa_supplicant: RTM_NEWLINK: operstate=0 ifi_flags=0x11003 ([UP][LOWER_UP])
06-15 20:21:46.844  3707  3707 D wpa_supplicant: RTM_NEWLINK, IFLA_IFNAME: Interface 'wlan0' added
06-15 20:21:46.844  3707  3707 D wpa_supplicant: Wireless event: cmd=0x8b19 len=8
06-15 20:21:46.844  3707  3707 D wpa_supplicant: Received 0 bytes of scan results (0 BSSes)
06-15 20:21:46.848  4876  4878 D dalvikvm: GC_CONCURRENT freed 305K, 5% free 9178K/9607K, paused 1ms+2ms
06-15 20:21:47.558  4905  4905 I CalendarProvider2: Sending notification intent: Intent { act=android.intent.action.PROVIDER_CHANGED dat=content://com.android.calendar }
06-15 20:21:47.562  4905  4905 W ContentResolver: Failed to get type for: content://com.android.calendar (Unknown URL content://com.android.calendar)
06-15 20:21:47.641  4905  4908 D dalvikvm: GC_CONCURRENT freed 327K, 5% free 9146K/9607K, paused 2ms+2ms
06-15 20:23:22.207  2324  2324 D webviewglue: nativeDestroy view: 0x13a5718
06-15 20:23:22.214  2324  2324 D webviewglue: nativeDestroy view: 0x1561198
06-15 20:23:22.218  2324  2324 D webviewglue: nativeDestroy view: 0x18e89c0
06-15 20:23:23.214  2324  2324 D OpenGLRenderer: Flushing caches (mode 1)
06-15 20:23:38.230  3707  3707 D wpa_supplicant: WPS: Building WPS IE for Probe Request
06-15 20:23:38.230  3707  3707 D wpa_supplicant: WPS:  * Version (hardcoded 0x10)
06-15 20:23:38.230  3707  3707 D wpa_supplicant: WPS:  * Request Type
06-15 20:23:38.230  3707  3707 D wpa_supplicant: WPS:  * Config Methods (2388)
06-15 20:23:38.230  3707  3707 D wpa_supplicant: WPS:  * UUID-E
06-15 20:23:38.230  3707  3707 D wpa_supplicant: WPS:  * Primary Device Type
06-15 20:23:38.230  3707  3707 D wpa_supplicant: WPS:  * RF Bands (3)
06-15 20:23:38.230  3707  3707 D wpa_supplicant: WPS:  * Association State
06-15 20:23:38.230  3707  3707 D wpa_supplicant: WPS:  * Configuration Error (0)
06-15 20:23:38.230  3707  3707 D wpa_supplicant: WPS:  * Device Password ID (0)
06-15 20:23:38.230  3707  3707 D wpa_supplicant: WPS:  * Manufacturer
06-15 20:23:38.230  3707  3707 D wpa_supplicant: WPS:  * Model Name
06-15 20:23:38.230  3707  3707 D wpa_supplicant: WPS:  * Model Number
06-15 20:23:38.230  3707  3707 D wpa_supplicant: WPS:  * Device Name
06-15 20:23:38.230  3707  3707 D wpa_supplicant: WPS:  * Version2 (0x20)
06-15 20:23:38.230  3707  3707 D wpa_supplicant: wpa_driver_wext_combo_scan: Start
06-15 20:23:38.230  3707  3707 D wpa_supplicant: For Scan: (null)
06-15 20:23:38.250  3707  3707 E wpa_supplicant: ioctl[SIOCSIWPRIV] (cscan): -1
06-15 20:23:38.250  3707  3707 D wpa_supplicant: Scan requested (ret=-1) - scan timeout 30 seconds
06-15 20:23:38.250  3707  3707 W wpa_supplicant: wlan0: Failed to initiate AP scan
06-15 20:23:39.011  3707  3707 D wpa_supplicant: RTM_NEWLINK: operstate=0 ifi_flags=0x11003 ([UP][LOWER_UP])
06-15 20:23:39.011  3707  3707 D wpa_supplicant: RTM_NEWLINK, IFLA_IFNAME: Interface 'wlan0' added
06-15 20:23:39.011  3707  3707 D wpa_supplicant: Wireless event: cmd=0x8b19 len=8
06-15 20:23:39.011  3707  3707 D wpa_supplicant: Received 0 bytes of scan results (0 BSSes)
06-15 20:26:09.015  2324  2324 D OpenGLRenderer: Flushing caches (mode 1)
06-15 20:27:06.207  2324  2324 D OpenGLRenderer: Flushing caches (mode 1)
06-15 20:27:06.351  4697  4697 I PhoneLab-Locks: wake lock acquired
06-15 20:27:06.355  4697  4697 I PhoneLab-StatusMonitor: Status Monitoring is started
06-15 20:27:06.402  4697  4700 D dalvikvm: GC_CONCURRENT freed 477K, 6% free 9187K/9735K, paused 1ms+2ms
06-15 20:27:06.441  4697  4697 I PhoneLab-StatusMonitor: Value: 10 - unit: min
06-15 20:27:06.441  4697  4697 I PhoneLab-StatusMonitor: Running interval: 600000
06-15 20:27:06.449  4697  4697 I PhoneLab-StatusMonitor: Rescheduling status monitoring...
06-15 20:27:06.449  4697  4697 I PhoneLab-Locks: wake lock released
06-15 20:27:06.453  4697  4697 I PhoneLab-StatusMonitorLocation: Learning Location
06-15 20:27:06.453  4697  4697 I PhoneLab-Locks: wake lock acquired
06-15 20:27:06.457  4697  4697 I PhoneLab-Locks: wake lock acquired
06-15 20:27:06.461  4745  4762 D androidNetworkLocationListeners: Still have listener com.google.android.location.internal.client.NetworkLocationClient$1@41396600
06-15 20:27:06.461  4697  4697 I PhoneLab-StatusMonitorLocation: Learning Signal Strgth
06-15 20:27:06.461  4697  4697 I PhoneLab-Locks: wake lock acquired
06-15 20:27:06.468  4745  4762 D androidNetworkLocationListeners: Still have listener com.google.android.location.internal.client.NetworkLocationClient$1@41396600
06-15 20:27:06.472  4697  4697 I PhoneLab-StatusMonitorBattery: Battery_level: 67
06-15 20:27:06.472  4697  4697 I PhoneLab-Locks: wake lock released
06-15 20:27:06.480  4697  4697 I PhoneLab-StatusMonitorSignal: Signal_Strength: -65 asu: 24
06-15 20:27:06.480  4697  4697 I PhoneLab-Locks: wake lock released
06-15 20:27:06.566   140   465 D dalvikvm: GC_EXPLICIT freed 1219K, 26% free 15800K/21319K, paused 10ms+7ms
06-15 20:27:06.566  3707  3707 D wpa_supplicant: wpa_driver_wext_driver_cmd SETSUSPENDOPT 0 len = 4096
06-15 20:27:06.566  3707  3707 D wpa_supplicant: wpa_driver_wext_driver_cmd SETSUSPENDOPT 0 len = 0, 15
06-15 20:27:06.566  3707  3707 D wpa_supplicant: WPS: Building WPS IE for Probe Request
06-15 20:27:06.566  3707  3707 D wpa_supplicant: WPS:  * Version (hardcoded 0x10)
06-15 20:27:06.566  3707  3707 D wpa_supplicant: WPS:  * Request Type
06-15 20:27:06.566  3707  3707 D wpa_supplicant: WPS:  * Config Methods (2388)
06-15 20:27:06.566  3707  3707 D wpa_supplicant: WPS:  * UUID-E
06-15 20:27:06.566  3707  3707 D wpa_supplicant: WPS:  * Primary Device Type
06-15 20:27:06.566  3707  3707 D wpa_supplicant: WPS:  * RF Bands (3)
06-15 20:27:06.566  3707  3707 D wpa_supplicant: WPS:  * Association State
06-15 20:27:06.566  3707  3707 D wpa_supplicant: WPS:  * Configuration Error (0)
06-15 20:27:06.566  3707  3707 D wpa_supplicant: WPS:  * Device Password ID (0)
06-15 20:27:06.566  3707  3707 D wpa_supplicant: WPS:  * Manufacturer
