06-14 11:40:15.571 25077 25077 I wpa_supplicant: wlan0: CTRL-EVENT-EAP-STARTED EAP authentication started
06-14 11:40:15.579 25077 25077 I wpa_supplicant: wlan0: CTRL-EVENT-EAP-PROPOSED-METHOD vendor=0 method=4 -> NAK
06-14 11:40:15.587 25077 25077 I wpa_supplicant: wlan0: CTRL-EVENT-EAP-PROPOSED-METHOD vendor=0 method=25
06-14 11:40:15.587 25077 25077 I wpa_supplicant: wlan0: CTRL-EVENT-EAP-METHOD EAP vendor 0 method 25 (PEAP) selected
06-14 11:40:15.598 25077 25077 I wpa_supplicant: EAP-TLV: TLV Result - Success - EAP-TLV/Phase2 Completed
06-14 11:40:19.227   141 12162 I ActivityManager: START {act=android.net.wifi.PICK_WIFI_NETWORK cmp=android/com.android.internal.app.ResolverActivity bnds=[0,119][480,215]} from pid -1
06-14 11:40:19.227   141 12162 W ActivityManager: startActivity called from non-Activity context; forcing Intent.FLAG_ACTIVITY_NEW_TASK for: Intent { act=android.net.wifi.PICK_WIFI_NETWORK flg=0x800000 cmp=android/com.android.internal.app.ResolverActivity bnds=[0,119][480,215] }
06-14 11:40:19.231    82   122 D AudioHardware: AudioHardware pcm playback is exiting standby.
06-14 11:40:19.231    82   122 D AudioHardware: openPcmOut_l() mPcmOpenCnt: 0
06-14 11:40:19.258   141 12983 W KeyguardViewMediator: verifyUnlock called when not externally disabled
06-14 11:40:19.501   212   214 D dalvikvm: GC_CONCURRENT freed 565K, 55% free 9913K/21703K, paused 2ms+7ms
06-14 11:40:19.587   141   171 I ActivityManager: Displayed android/com.android.internal.app.ResolverActivity: +319ms
06-14 11:40:22.321    82   122 D AudioHardware: AudioHardware pcm playback is going to standby.
06-14 11:40:22.321    82   122 D AudioHardware: closePcmOut_l() mPcmOpenCnt: 1
06-14 11:40:22.997   141   157 I ActivityManager: START {act=android.net.wifi.PICK_WIFI_NETWORK flg=0x3000000 cmp=com.android.settings/.wifi.WifiPickerActivity bnds=[0,119][480,215]} from pid 141
06-14 11:40:23.005    82   122 D AudioHardware: AudioHardware pcm playback is exiting standby.
06-14 11:40:23.005    82   122 D AudioHardware: openPcmOut_l() mPcmOpenCnt: 0
06-14 11:40:23.219 24969 24971 D dalvikvm: GC_CONCURRENT freed 449K, 5% free 10300K/10823K, paused 3ms+12ms
06-14 11:40:23.262 25342 25342 D OpenGLRenderer: Flushing caches (mode 1)
06-14 11:40:23.430 25342 25342 D OpenGLRenderer: Flushing caches (mode 0)
06-14 11:40:23.516   141   171 I ActivityManager: Displayed com.android.settings/.wifi.WifiPickerActivity: +485ms
06-14 11:40:23.555   141 12162 W InputManagerService: Starting input on non-focused client com.android.internal.view.IInputMethodClient$Stub$Proxy@41656f70 (uid=10078 pid=25342)
06-14 11:40:26.098    82   122 D AudioHardware: AudioHardware pcm playback is going to standby.
06-14 11:40:26.098    82   122 D AudioHardware: closePcmOut_l() mPcmOpenCnt: 1
06-14 11:40:26.497 25077 25077 I wpa_supplicant: wlan0: CTRL-EVENT-DISCONNECTED bssid=d0:c2:82:2d:e4:b0 reason=0
06-14 11:40:26.747 24969 24971 D dalvikvm: GC_CONCURRENT freed 293K, 4% free 10402K/10823K, paused 6ms+4ms
06-14 11:40:26.942    82   122 D AudioHardware: AudioHardware pcm playback is exiting standby.
06-14 11:40:26.942    82   122 D AudioHardware: openPcmOut_l() mPcmOpenCnt: 0
06-14 11:40:27.844 25077 25077 I wpa_supplicant: wlan0: Trying to associate with d0:c2:82:84:8d:50 (SSID='UB_Secure' freq=2462 MHz)
06-14 11:40:28.075 24969 24971 D dalvikvm: GC_CONCURRENT freed 285K, 4% free 10592K/10951K, paused 2ms+9ms
06-14 11:40:30.887 24969 24971 D dalvikvm: GC_CONCURRENT freed 430K, 5% free 10614K/11143K, paused 5ms+8ms
06-14 11:40:32.270 25077 25077 I wpa_supplicant: wlan0: CTRL-EVENT-DISCONNECTED bssid=d0:c2:82:84:8d:50 reason=0
06-14 11:40:33.598 25077 25077 I wpa_supplicant: wlan0: Trying to associate with d0:c2:82:66:6b:f0 (SSID='UB_Secure' freq=2462 MHz)
06-14 11:40:33.727    82   122 D AudioHardware: AudioHardware pcm playback is going to standby.
06-14 11:40:33.727    82   122 D AudioHardware: closePcmOut_l() mPcmOpenCnt: 1
06-14 11:40:33.817   141   143 D dalvikvm: GC_CONCURRENT freed 1421K, 18% free 18873K/22791K, paused 8ms+18ms
06-14 11:40:39.313    82   122 D AudioHardware: AudioHardware pcm playback is exiting standby.
06-14 11:40:39.313    82   122 D AudioHardware: openPcmOut_l() mPcmOpenCnt: 0
06-14 11:40:39.505 24969 24971 D dalvikvm: GC_CONCURRENT freed 590K, 7% free 10572K/11271K, paused 9ms+6ms
06-14 11:40:43.200 24969 24969 D OpenGLRenderer: Flushing caches (mode 0)
06-14 11:40:43.606 25077 25077 I wpa_supplicant: wlan0: Authentication with d0:c2:82:66:6b:f0 timed out.
06-14 11:40:43.821 24969 24969 D OpenGLRenderer: Flushing caches (mode 1)
06-14 11:40:44.911    82   122 D AudioHardware: AudioHardware pcm playback is going to standby.
06-14 11:40:44.911    82   122 D AudioHardware: closePcmOut_l() mPcmOpenCnt: 1
06-14 11:40:45.782 25077 25077 I wpa_supplicant: wlan0: Trying to associate with d0:c2:82:2d:e4:b0 (SSID='UB_Secure' freq=2412 MHz)
06-14 11:40:48.356    82   122 D AudioHardware: AudioHardware pcm playback is exiting standby.
06-14 11:40:48.356    82   122 D AudioHardware: openPcmOut_l() mPcmOpenCnt: 0
06-14 11:40:48.508 25342 25344 D dalvikvm: GC_CONCURRENT freed 301K, 7% free 11187K/11911K, paused 3ms+5ms
06-14 11:40:50.223   141  1035 W InputManagerService: Window already focused, ignoring focus gain of: com.android.internal.view.IInputMethodClient$Stub$Proxy@41706e78
06-14 11:40:54.118 25342 25342 I Ads     : Refreshing ad.
06-14 11:40:54.200 25342 25711 I Ads     : adRequestUrlHtml: <html><head><script src="http://media.admob.com/sdk-core-v40.js"></script><script>AFMA_buildAdURL({"kw":["android device, android phone","android application, android tool, android download","wifi, wlan, wimax, hotspot, wireless router"],"preqs":3,"session_id":"5147522398406309278","u_sd":1.5,"seq_num":"4","slotname":"a14d84705d09486","u_w":320,"msid":"com.farproc.wifi.analyzer","js":"afma-sdk-a-v6.0.1","mv":"8011015.com.android.vending","isu":"1ABE129C0F79DCF6E25C63F95D223561","cipa":1,"format":"320x50_mb","net":"ed","app_name":"73.android.com.farproc.wifi.analyzer","hl":"en","u_h":533,"carrier":"310120","ptime":361976,"u_audio":1,"prl":2226});</script></head><body></body></html>
06-14 11:40:54.419 25342 25342 I Ads     : Received ad url: <url: "http://googleads.g.doubleclick.net:80/mads/gma?kw=android%2520device%252C%2520android%2520phone%252Candroid%2520application%252C%2520android%2520tool%252C%2520android%2520download%252Cwifi%252C%2520wlan%252C%2520wimax%252C%2520hotspot%252C%2520wireless%2520router&preqs=3&session_id=5147522398406309278&u_sd=1.5&slotname=a14d84705d09486&u_w=320&msid=com.farproc.wifi.analyzer&js=afma-sdk-a-v6.0.1&mv=8011015.com.android.vending&isu=1ABE129C0F79DCF6E25C63F95D223561&cipa=1&format=320x50_mb&net=ed&app_name=73.android.com.farproc.wifi.analyzer&hl=en&u_h=533&carrier=310120&ptime=361976&u_audio=1&prl=2226&u_so=p&output=html&region=mobile_app&u_tz=240&ex=1&client_sdk=1&kw_type=broad&askip=3&caps=inlineVideo_interactiveVideo_mraid1_clickTracking_sdkAdmobApiForAds&jsv=26" type: "admob" afmaNotifyDt: "null">
06-14 11:40:55.536   141  1035 W InputManagerService: Window already focused, ignoring focus gain of: com.android.internal.view.IInputMethodClient$Stub$Proxy@4136a078
06-14 11:40:55.794 25077 25077 I wpa_supplicant: wlan0: Authentication with d0:c2:82:2d:e4:b0 timed out.
06-14 11:40:56.575 25342 25351 W CursorWrapperInner: Cursor finalized without prior close()
06-14 11:40:56.575 25342 25344 D dalvikvm: GC_CONCURRENT freed 617K, 6% free 11257K/11975K, paused 2ms+4ms
06-14 11:40:57.626 25342 25342 I Ads     : onReceiveAd()
06-14 11:40:57.649 25342 25342 D dalvikvm: GC_FOR_ALLOC freed 434K, 8% free 11049K/11975K, paused 22ms
06-14 11:40:57.665 25342 25342 D webviewglue: nativeDestroy view: 0x2461e70
06-14 11:40:58.028 25077 25077 I wpa_supplicant: wlan0: Trying to associate with d0:c2:82:66:6b:f0 (SSID='UB_Secure' freq=2462 MHz)
06-14 11:40:59.481    82   122 D AudioHardware: AudioHardware pcm playback is going to standby.
06-14 11:40:59.481    82   122 D AudioHardware: closePcmOut_l() mPcmOpenCnt: 1
06-14 11:41:00.360    82   122 D AudioHardware: AudioHardware pcm playback is exiting standby.
06-14 11:41:00.360    82   122 D AudioHardware: openPcmOut_l() mPcmOpenCnt: 0
06-14 11:41:00.626   141   152 W InputManagerService: Window already focused, ignoring focus gain of: com.android.internal.view.IInputMethodClient$Stub$Proxy@417a5758
06-14 11:41:02.688 24615 24628 I PhoneLab-: Service Running
06-14 11:41:02.770 24615 24628 I PhoneLab-LoggerService: app_38    1345  1     1448   1004  c00f181c 400107b4 S logcat
06-14 11:41:02.770 24615 24628 I PhoneLab-LoggerService: Logcat pid from database 1345
06-14 11:41:02.770 24615 24628 I PhoneLab-LoggerService: Logcat process found 1345
06-14 11:41:02.770 24615 24628 I PhoneLab-LoggerService: Checking Threshold
06-14 11:41:02.770 24615 24628 I PhoneLab-LoggerService: Starting to rename files
06-14 11:41:02.770 24615 24628 I PhoneLab-LoggerService: Files found .. 5
06-14 11:41:03.481    82   122 D AudioHardware: AudioHardware pcm playback is going to standby.
06-14 11:41:03.481    82   122 D AudioHardware: closePcmOut_l() mPcmOpenCnt: 1
06-14 11:41:06.036    82   122 D AudioHardware: AudioHardware pcm playback is exiting standby.
06-14 11:41:06.036    82   122 D AudioHardware: openPcmOut_l() mPcmOpenCnt: 0
06-14 11:41:06.290 25342 25344 D dalvikvm: GC_CONCURRENT freed 430K, 7% free 11214K/11975K, paused 2ms+4ms
06-14 11:41:08.005   141   413 W InputManagerService: Window already focused, ignoring focus gain of: com.android.internal.view.IInputMethodClient$Stub$Proxy@41531dc0
06-14 11:41:08.075 25077 25077 I wpa_supplicant: wlan0: Authentication with d0:c2:82:66:6b:f0 timed out.
06-14 11:41:10.915    82   122 D AudioHardware: AudioHardware pcm playback is going to standby.
06-14 11:41:10.915    82   122 D AudioHardware: closePcmOut_l() mPcmOpenCnt: 1
06-14 11:41:12.262    82   122 D AudioHardware: AudioHardware pcm playback is exiting standby.
06-14 11:41:12.262    82   122 D AudioHardware: openPcmOut_l() mPcmOpenCnt: 0
06-14 11:41:13.512   141 10712 W InputManagerService: Window already focused, ignoring focus gain of: com.android.internal.view.IInputMethodClient$Stub$Proxy@417a2338
06-14 11:41:13.766 25342 25344 D dalvikvm: GC_CONCURRENT freed 675K, 7% free 11169K/11975K, paused 2ms+7ms
06-14 11:41:14.360 25077 25077 I wpa_supplicant: wlan0: Trying to associate with d0:c2:82:66:6b:f0 (SSID='UB_Secure' freq=2462 MHz)
06-14 11:41:15.200 25342 25344 D dalvikvm: GC_CONCURRENT freed 656K, 8% free 11123K/11975K, paused 3ms+4ms
06-14 11:41:16.442    82   122 D AudioHardware: AudioHardware pcm playback is going to standby.
06-14 11:41:16.442    82   122 D AudioHardware: closePcmOut_l() mPcmOpenCnt: 1
06-14 11:41:16.872 25342 25344 D dalvikvm: GC_CONCURRENT freed 591K, 8% free 11121K/11975K, paused 2ms+3ms
06-14 11:41:18.704 25342 25344 D dalvikvm: GC_CONCURRENT freed 573K, 8% free 11122K/11975K, paused 3ms+9ms
06-14 11:41:20.344 25342 25344 D dalvikvm: GC_CONCURRENT freed 590K, 8% free 11121K/11975K, paused 3ms+10ms
06-14 11:41:21.989 25342 25344 D dalvikvm: GC_CONCURRENT freed 589K, 8% free 11120K/11975K, paused 2ms+7ms
06-14 11:41:23.801 25342 25344 D dalvikvm: GC_CONCURRENT freed 574K, 8% free 11122K/11975K, paused 2ms+7ms
06-14 11:41:24.372 25077 25077 I wpa_supplicant: wlan0: Authentication with d0:c2:82:66:6b:f0 timed out.
06-14 11:41:25.450 25342 25344 D dalvikvm: GC_CONCURRENT freed 589K, 8% free 11121K/11975K, paused 2ms+10ms
06-14 11:41:25.692 25607 25609 D dalvikvm: GC_CONCURRENT freed 324K, 5% free 9148K/9607K, paused 7ms+2ms
06-14 11:41:26.555 25077 25077 I wpa_supplicant: wlan0: Trying to associate with d0:c2:82:66:6b:f0 (SSID='UB_Secure' freq=2462 MHz)
06-14 11:41:26.696 25077 25077 I wpa_supplicant: wlan0: Associated with d0:c2:82:66:6b:f0
06-14 11:41:26.700 25077 25077 I wpa_supplicant: wlan0: CTRL-EVENT-EAP-STARTED EAP authentication started
06-14 11:41:26.704 25077 25077 I wpa_supplicant: wlan0: CTRL-EVENT-EAP-PROPOSED-METHOD vendor=0 method=4 -> NAK
06-14 11:41:26.708 25077 25077 I wpa_supplicant: wlan0: CTRL-EVENT-EAP-PROPOSED-METHOD vendor=0 method=25
06-14 11:41:26.708 25077 25077 I wpa_supplicant: wlan0: CTRL-EVENT-EAP-METHOD EAP vendor 0 method 25 (PEAP) selected
06-14 11:41:26.715 25077 25077 I wpa_supplicant: EAP-TLV: TLV Result - Success - EAP-TLV/Phase2 Completed
06-14 11:41:27.063 25342 25344 D dalvikvm: GC_CONCURRENT freed 578K, 8% free 11120K/11975K, paused 2ms+9ms
06-14 11:41:29.610    82   122 D AudioHardware: AudioHardware pcm playback is exiting standby.
06-14 11:41:29.610    82   122 D AudioHardware: openPcmOut_l() mPcmOpenCnt: 0
06-14 11:41:31.044   141  1035 W InputManagerService: Window already focused, ignoring focus gain of: com.android.internal.view.IInputMethodClient$Stub$Proxy@41d59298
06-14 11:41:36.016 25342 25344 D dalvikvm: GC_CONCURRENT freed 456K, 6% free 11274K/11975K, paused 8ms+5ms
06-14 11:41:36.110   141   141 W InputManagerService: Window already focused, ignoring focus gain of: com.android.internal.view.IInputMethodClient$Stub$Proxy@416410d8
06-14 11:41:38.899    82   122 D AudioHardware: AudioHardware pcm playback is going to standby.
06-14 11:41:38.899    82   122 D AudioHardware: closePcmOut_l() mPcmOpenCnt: 1
06-14 11:41:52.649   141 11796 I ActivityManager: START {act=com.farproc.wifi.connecter.action.CONNECT_OR_EDIT (has extras)} from pid 25342
06-14 11:41:52.653    82   122 D AudioHardware: AudioHardware pcm playback is exiting standby.
06-14 11:41:52.653    82   122 D AudioHardware: openPcmOut_l() mPcmOpenCnt: 0
06-14 11:41:55.755    82   122 D AudioHardware: AudioHardware pcm playback is going to standby.
06-14 11:41:55.755    82   122 D AudioHardware: closePcmOut_l() mPcmOpenCnt: 1
06-14 11:42:00.340    82   122 D AudioHardware: AudioHardware pcm playback is exiting standby.
06-14 11:42:00.340    82   122 D AudioHardware: openPcmOut_l() mPcmOpenCnt: 0
06-14 11:42:00.352   141   313 I ActivityManager: START {act=android.intent.action.VIEW dat=market://details?id=com.farproc.wifi.connecter cmp=com.android.vending/com.google.android.finsky.activities.LaunchUrlHandlerActivity} from pid 25342
06-14 11:42:00.462   141   413 I ActivityManager: Start proc com.android.vending for activity com.android.vending/com.google.android.finsky.activities.LaunchUrlHandlerActivity: pid=25735 uid=10048 gids={3003, 1015}
06-14 11:42:00.489   141 10712 W InputManagerService: Window already focused, ignoring focus gain of: com.android.internal.view.IInputMethodClient$Stub$Proxy@41840ed8
06-14 11:42:00.790 25735 25735 I ActivityThread: Pub com.google.android.finsky.QSBSuggestionsProvider: com.google.android.finsky.providers.QSBSuggestionsProvider
06-14 11:42:00.817 25735 25735 I ActivityThread: Pub com.google.android.finsky.AppIconProvider: com.google.android.finsky.providers.AppIconProvider
06-14 11:42:00.856 25735 25735 I ActivityThread: Pub com.google.android.finsky.RecentSuggestionsProvider: com.google.android.finsky.providers.RecentSuggestionsProvider
06-14 11:42:01.020   141   153 I ActivityManager: Process com.google.android.apps.walletnfcrel (pid 25085) has died.
06-14 11:42:01.063   141   157 I Process : Sending signal. PID: 25735 SIG: 3
06-14 11:42:01.063 25735 25739 I dalvikvm: threadid=3: reacting to signal 3
06-14 11:42:01.122 25735 25739 I dalvikvm: Wrote stack traces to '/data/anr/traces.txt'
06-14 11:42:01.321 25735 25737 D dalvikvm: GC_CONCURRENT freed 237K, 4% free 9290K/9607K, paused 16ms+2ms
06-14 11:42:01.493 25735 25735 D Finsky  : [1] DailyHygiene.goMakeHygieneIfDirty: No need to run daily hygiene.
06-14 11:42:01.563   141   157 I Process : Sending signal. PID: 25735 SIG: 3
06-14 11:42:01.563 25735 25739 I dalvikvm: threadid=3: reacting to signal 3
06-14 11:42:01.606 25735 25739 I dalvikvm: Wrote stack traces to '/data/anr/traces.txt'
06-14 11:42:01.633 25735 25737 D dalvikvm: GC_CONCURRENT freed 379K, 5% free 9451K/9927K, paused 7ms+6ms
06-14 11:42:01.930   141 10712 I ActivityManager: Process android.process.media (pid 25001) has died.
06-14 11:42:01.950 25735 25737 D dalvikvm: GC_CONCURRENT freed 399K, 6% free 9531K/10055K, paused 2ms+9ms
06-14 11:42:02.059   141   157 I Process : Sending signal. PID: 25735 SIG: 3
06-14 11:42:02.059 25735 25739 I dalvikvm: threadid=3: reacting to signal 3
06-14 11:42:02.079 25735 25739 I dalvikvm: Wrote stack traces to '/data/anr/traces.txt'
06-14 11:42:02.130   141   376 I ActivityManager: Start proc android.process.media for content provider com.android.providers.downloads/.DownloadProvider: pid=25766 uid=10012 gids={1015, 1023, 1024, 2001, 3003, 3007}
06-14 11:42:02.243 25735 25737 D dalvikvm: GC_CONCURRENT freed 298K, 5% free 9640K/10055K, paused 2ms+13ms
06-14 11:42:02.255 25766 25766 I ActivityThread: Pub downloads: com.android.providers.downloads.DownloadProvider
06-14 11:42:02.286 25735 25735 D Finsky  : [1] 2.run: Loaded library for account: [ZrNstjO2sWQHv0wecD7CxpCYBg4]
06-14 11:42:02.290 25735 25735 D Finsky  : [1] 2.run: Finished loading 1 libraries.
06-14 11:42:02.294 25735 25735 E Finsky  : [1] LaunchUrlHandlerActivity.handleUrl: Launch URL without continue URL
06-14 11:42:02.298   141   353 I ActivityManager: START {act=android.intent.action.VIEW dat=http://market.android.com/details?id=com.farproc.wifi.connecter cmp=com.android.vending/com.google.android.finsky.activities.MainActivity (has extras)} from pid 25735
06-14 11:42:02.305 25766 25766 I ActivityThread: Pub drm: com.android.providers.drm.DrmProvider
06-14 11:42:02.305 25766 25779 I DownloadManager: in removeSpuriousFiles
06-14 11:42:02.325 25766 25766 I ActivityThread: Pub media: com.android.providers.media.MediaProvider
06-14 11:42:02.430 25766 25779 I DownloadManager: in removeSpuriousFiles, preserving file /mnt/sdcard/Download/Swype-Installer-3.apk
06-14 11:42:02.430 25766 25779 I DownloadManager: in removeSpuriousFiles, preserving file /mnt/sdcard/Download/Swype-Installer-4.apk
06-14 11:42:02.430 25766 25779 I DownloadManager: in removeSpuriousFiles, preserving file /mnt/sdcard/Download/Swype-Installer-5.apk
06-14 11:42:02.430 25766 25779 I DownloadManager: in removeSpuriousFiles, preserving file /mnt/sdcard/Download/Swype-Installer-6.apk
06-14 11:42:02.430 25766 25779 I DownloadManager: in removeSpuriousFiles, preserving file /mnt/sdcard/Download/Swype-Installer.apk
06-14 11:42:02.434 25766 25779 I DownloadManager: in removeSpuriousFiles, preserving file /mnt/sdcard/Download/Swype-Installer.apk
06-14 11:42:02.434 25766 25779 I DownloadManager: in removeSpuriousFiles, preserving file /mnt/sdcard/Download/Swype-Installer-1.apk
06-14 11:42:02.434 25766 25779 I DownloadManager: in removeSpuriousFiles, preserving file /mnt/sdcard/Download/BKPC Outdoor Service 2012 197.jpg
06-14 11:42:02.434 25766 25779 I DownloadManager: in removeSpuriousFiles, preserving file /mnt/sdcard/Download/BKPC Outdoor Service 2012 196.jpg
06-14 11:42:02.434 25766 25779 I DownloadManager: in removeSpuriousFiles, preserving file /mnt/sdcard/Download/Swype-Installer.apk
06-14 11:42:02.434 25766 25779 I DownloadManager: in removeSpuriousFiles, preserving file /mnt/sdcard/Download/Swype-Installer-1.apk
06-14 11:42:02.434 25766 25779 I DownloadManager: in removeSpuriousFiles, preserving file /data/data/com.android.providers.downloads/cache/downloadfile.apk
06-14 11:42:02.434 25766 25779 I DownloadManager: deleting spurious file /cache/backup
06-14 11:42:02.567  8519  8522 D dalvikvm: GC_CONCURRENT freed 549K, 7% free 11068K/11847K, paused 5ms+13ms
06-14 11:42:02.567   141   157 I Process : Sending signal. PID: 25735 SIG: 3
06-14 11:42:02.567 25735 25739 I dalvikvm: threadid=3: reacting to signal 3
06-14 11:42:02.594 25735 25739 I dalvikvm: Wrote stack traces to '/data/anr/traces.txt'
06-14 11:42:02.602 25342 25342 D OpenGLRenderer: Flushing caches (mode 1)
06-14 11:42:02.680 25735 25737 D dalvikvm: GC_CONCURRENT freed 445K, 6% free 9644K/10183K, paused 8ms+3ms
06-14 11:42:02.704 25077 25077 I wpa_supplicant: wlan0: CTRL-EVENT-DISCONNECTED bssid=d0:c2:82:66:6b:f0 reason=0
06-14 11:42:02.821 25766 25768 D dalvikvm: GC_CONCURRENT freed 367K, 5% free 9166K/9607K, paused 2ms+5ms
06-14 11:42:02.958 25735 25737 D dalvikvm: GC_CONCURRENT freed 373K, 6% free 9710K/10247K, paused 2ms+3ms
06-14 11:42:02.977   141  1035 I ActivityManager: Process com.google.android.apps.uploader (pid 25019) has died.
06-14 11:42:03.083 25735 25735 D libEGL  : loaded /system/lib/egl/libGLES_android.so
06-14 11:42:03.094 25735 25735 D libEGL  : loaded /vendor/lib/egl/libEGL_POWERVR_SGX540_120.so
06-14 11:42:03.102   141   157 I Process : Sending signal. PID: 25735 SIG: 3
06-14 11:42:03.102 25735 25739 I dalvikvm: threadid=3: reacting to signal 3
06-14 11:42:03.165 25735 25735 D libEGL  : loaded /vendor/lib/egl/libGLESv1_CM_POWERVR_SGX540_120.so
06-14 11:42:03.173 25735 25735 D libEGL  : loaded /vendor/lib/egl/libGLESv2_POWERVR_SGX540_120.so
06-14 11:42:03.176 25735 25739 I dalvikvm: Wrote stack traces to '/data/anr/traces.txt'
06-14 11:42:03.258 25735 25735 D OpenGLRenderer: Enabling debug mode 0
06-14 11:42:03.266 25735 25735 D Finsky  : [1] 1.onPostExecute: Attempt recovery of content://downloads/my_downloads/165 200
06-14 11:42:03.266 25735 25735 D Finsky  : [1] 1.onPostExecute: Releasing content://downloads/my_downloads/165 200
06-14 11:42:03.438    82   122 D AudioHardware: AudioHardware pcm playback is going to standby.
06-14 11:42:03.438    82   122 D AudioHardware: closePcmOut_l() mPcmOpenCnt: 1
06-14 11:42:03.567   141   351 W InputManagerService: Starting input on non-focused client com.android.internal.view.IInputMethodClient$Stub$Proxy@41656f70 (uid=10078 pid=25342)
06-14 11:42:03.579 25735 25735 D Finsky  : [1] DownloadImpl.setState: self-update-download from null to UNQUEUED.
06-14 11:42:03.579 25735 25735 D Finsky  : [1] DownloadQueueImpl.add: Download self-update-download added to DownloadQueue
06-14 11:42:03.590 25735 25735 D Finsky  : [1] DownloadImpl.setState: self-update-download from UNQUEUED to QUEUED.
06-14 11:42:03.598   141   157 I Process : Sending signal. PID: 25735 SIG: 3
06-14 11:42:03.598 25735 25739 I dalvikvm: threadid=3: reacting to signal 3
06-14 11:42:03.602    84    84 I installd: free_cache(0) avail 607436800
06-14 11:42:03.618 25735 25737 D dalvikvm: GC_CONCURRENT freed 326K, 4% free 9842K/10247K, paused 2ms+3ms
06-14 11:42:03.626 25735 25739 I dalvikvm: Wrote stack traces to '/data/anr/traces.txt'
06-14 11:42:03.676   141   171 I ActivityManager: Displayed com.android.vending/com.google.android.finsky.activities.MainActivity: +1s78ms (total +3s279ms)
06-14 11:42:03.688 25342 25342 D OpenGLRenderer: Flushing caches (mode 0)
06-14 11:42:03.700 25735 25735 D Finsky  : [1] MainActivity.initializeBilling: Optimistically initializing billing parameters.
06-14 11:42:03.712 25735 25735 D Finsky  : [1] DownloadQueueImpl.startDownload: Download self-update-download starting
06-14 11:42:03.856 25735 25735 D Finsky  : [1] DownloadImpl.setState: self-update-download from QUEUED to DOWNLOADING.
06-14 11:42:03.856 25735 25735 D Finsky  : [1] DownloadQueueImpl.notifyProgress: self-update-download: onProgress 0/-1 Status: 190.
06-14 11:42:03.868 25735 25735 D Finsky  : [1] DownloadQueueImpl.onStart: self-update-download: onStart
06-14 11:42:04.012   141   353 D dalvikvm: GC_EXPLICIT freed 1487K, 19% free 18622K/22791K, paused 11ms+16ms
06-14 11:42:04.219 25735 25735 D Finsky  : [1] DownloadQueueImpl.notifyProgress: self-update-download: onProgress 0/-1 Status: 192.
06-14 11:42:04.235   141   313 I ActivityManager: Process com.sirma.mobile.bible.android (pid 25409) has died.
06-14 11:42:04.286 25766 25795 I DownloadManager: Initiating request for download 168
06-14 11:42:04.403 25077 25077 I wpa_supplicant: wlan0: Trying to associate with d0:c2:82:2d:e4:b0 (SSID='UB_Secure' freq=2412 MHz)
06-14 11:42:05.532 25735 25737 D dalvikvm: GC_CONCURRENT freed 332K, 5% free 9913K/10375K, paused 6ms+5ms
06-14 11:42:06.063 25766 25768 D dalvikvm: GC_CONCURRENT freed 288K, 5% free 9312K/9735K, paused 4ms+3ms
06-14 11:42:06.196    76   113 D NetlinkEvent: Unexpected netlink message. type=0xf
06-14 11:42:06.208 25077 25077 I wpa_supplicant: wlan0: Associated with d0:c2:82:67:e7:60
06-14 11:42:06.208 25077 25077 I wpa_supplicant: wlan0: CTRL-EVENT-EAP-STARTED EAP authentication started
06-14 11:42:06.212 25077 25077 I wpa_supplicant: wlan0: CTRL-EVENT-EAP-PROPOSED-METHOD vendor=0 method=4 -> NAK
06-14 11:42:06.223 25077 25077 I wpa_supplicant: wlan0: CTRL-EVENT-EAP-PROPOSED-METHOD vendor=0 method=25
06-14 11:42:06.223 25077 25077 I wpa_supplicant: wlan0: CTRL-EVENT-EAP-METHOD EAP vendor 0 method 25 (PEAP) selected
06-14 11:42:06.231 25077 25077 I wpa_supplicant: EAP-TLV: TLV Result - Success - EAP-TLV/Phase2 Completed
06-14 11:42:11.130 25735 25753 D Volley  : [2135] BasicNetwork.logSlowRequests: HTTP response for request=<[ ] https://android.clients.google.com/fdfe/resolveLink?url=http%3A%2F%2Fmarket.android.com%2Fdetails%3Fid%3Dcom.farproc.wifi.connecter NORMAL 3> [lifetime=7334], [size=18462], [rc=200], [retryCount=0]
06-14 11:42:11.200 25735 25735 D Volley  : [1] Request.finish: 7413 ms: [ ] https://android.clients.google.com/fdfe/resolveLink?url=http%3A%2F%2Fmarket.android.com%2Fdetails%3Fid%3Dcom.farproc.wifi.connecter NORMAL 3
06-14 11:42:11.329 25735 25737 D dalvikvm: GC_CONCURRENT freed 348K, 5% free 9999K/10503K, paused 3ms+5ms
06-14 11:42:11.626   141   313 I ActivityManager: Process com.google.android.talk (pid 25573) has died.
06-14 11:42:11.673 25735 25737 D dalvikvm: GC_CONCURRENT freed 124K, 2% free 10433K/10631K, paused 2ms+3ms
06-14 11:42:11.883 25735 25735 D Finsky  : [1] DetailsDataBasedFragment.rebindViews: Page [class=DetailsFragment] loaded in [546 ms] (partial? false)
06-14 11:42:11.989 25735 25737 D dalvikvm: GC_CONCURRENT freed 116K, 2% free 10810K/11015K, paused 2ms+4ms
06-14 11:42:12.235 25735 25735 D Finsky  : [1] DetailsDataBasedFragment.rebindViews: Page [class=DetailsFragment] loaded in [901 ms] (partial? true)
06-14 11:42:12.340 25735 25737 D dalvikvm: GC_CONCURRENT freed 362K, 5% free 11042K/11527K, paused 4ms+8ms
06-14 11:42:13.903 25735 25735 D Finsky  : [1] GetBillingCountriesAction.run: Skip getting fresh list of billing countries.
06-14 11:42:14.630 25077 25077 I wpa_supplicant: wlan0: Associated with d0:c2:82:2d:e4:b0
06-14 11:42:14.743 25077 25077 I wpa_supplicant: wlan0: CTRL-EVENT-EAP-STARTED EAP authentication started
06-14 11:42:14.747 25077 25077 I wpa_supplicant: wlan0: CTRL-EVENT-EAP-PROPOSED-METHOD vendor=0 method=4 -> NAK
06-14 11:42:14.751 25077 25077 I wpa_supplicant: wlan0: CTRL-EVENT-EAP-PROPOSED-METHOD vendor=0 method=25
06-14 11:42:14.751 25077 25077 I wpa_supplicant: wlan0: CTRL-EVENT-EAP-METHOD EAP vendor 0 method 25 (PEAP) selected
06-14 11:42:14.774 25077 25077 I wpa_supplicant: EAP-TLV: TLV Result - Success - EAP-TLV/Phase2 Completed
06-14 11:42:20.715 25077 25077 I wpa_supplicant: wlan0: CTRL-EVENT-DISCONNECTED bssid=d0:c2:82:2d:e4:b0 reason=0
06-14 11:42:21.997 25077 25077 I wpa_supplicant: wlan0: Trying to associate with d0:c2:82:67:e7:60 (SSID='UB_Secure' freq=2412 MHz)
06-14 11:42:22.048 25077 25077 I wpa_supplicant: wlan0: Associated with d0:c2:82:67:e7:60
06-14 11:42:22.048 25077 25077 I wpa_supplicant: wlan0: CTRL-EVENT-EAP-STARTED EAP authentication started
06-14 11:42:22.055 25077 25077 I wpa_supplicant: wlan0: CTRL-EVENT-EAP-PROPOSED-METHOD vendor=0 method=4 -> NAK
06-14 11:42:22.063 25077 25077 I wpa_supplicant: wlan0: CTRL-EVENT-EAP-PROPOSED-METHOD vendor=0 method=25
06-14 11:42:22.063 25077 25077 I wpa_supplicant: wlan0: CTRL-EVENT-EAP-METHOD EAP vendor 0 method 25 (PEAP) selected
06-14 11:42:22.079 25077 25077 I wpa_supplicant: EAP-TLV: TLV Result - Success - EAP-TLV/Phase2 Completed
06-14 11:42:24.407   141 10709 I ActivityManager: Process com.android.inputmethod.latin (pid 24948) has died.
06-14 11:42:27.110   141   152 I ActivityManager: START {flg=0x20010000 cmp=com.android.vending/com.google.android.finsky.activities.PurchaseDialog (has extras)} from pid 25735
06-14 11:42:27.118    82   122 D AudioHardware: AudioHardware pcm playback is exiting standby.
06-14 11:42:27.118    82   122 D AudioHardware: openPcmOut_l() mPcmOpenCnt: 0
06-14 11:42:27.395 25735 25735 D Finsky  : [1] SelfUpdateScheduler.checkForSelfUpdate: Skipping self-update check as there is an update already queued.
06-14 11:42:27.438 25735 25737 D dalvikvm: GC_CONCURRENT freed 522K, 6% free 11225K/11847K, paused 3ms+6ms
06-14 11:42:27.508   141   171 I ActivityManager: Displayed com.android.vending/com.google.android.finsky.activities.PurchaseDialog: +285ms
06-14 11:42:27.598 25735 25735 D OpenGLRenderer: Flushing caches (mode 0)
06-14 11:42:29.243 25735 25737 D dalvikvm: GC_CONCURRENT freed 357K, 4% free 11573K/12039K, paused 7ms+7ms
06-14 11:42:29.333 25735 25735 D Finsky  : [1] DetailsDataBasedFragment.rebindViews: Page [class=DetailsFragment] loaded in [17995 ms] (partial? false)
06-14 11:42:29.548   141   157 I Process : Sending signal. PID: 25735 SIG: 3
06-14 11:42:29.548 25735 25739 I dalvikvm: threadid=3: reacting to signal 3
06-14 11:42:29.610 25735 25739 I dalvikvm: Wrote stack traces to '/data/anr/traces.txt'
06-14 11:42:29.618 25735 25735 D Finsky  : [1] DetailsDataBasedFragment.rebindViews: Page [class=DetailsFragment] loaded in [18277 ms] (partial? true)
06-14 11:42:29.782 25735 25737 D dalvikvm: GC_CONCURRENT freed 936K, 9% free 11482K/12487K, paused 3ms+8ms
06-14 11:42:29.981 25735 25735 D OpenGLRenderer: Flushing caches (mode 0)
06-14 11:42:32.098    82   122 D AudioHardware: AudioHardware pcm playback is going to standby.
06-14 11:42:32.098    82   122 D AudioHardware: closePcmOut_l() mPcmOpenCnt: 1
06-14 11:42:33.305 25735 25735 D Volley  : [1] Request.finish: 21158 ms: [ ] https://android.clients.google.com/fdfe/rec?c=3&rt=4&doc=com.farproc.wifi.connecter NORMAL 11
06-14 11:42:33.325 25735 25735 D Volley  : [1] Request.finish: 21122 ms: [ ] https://android.clients.google.com/fdfe/rev?doc=com.farproc.wifi.connecter&sort=2 NORMAL 12
06-14 11:42:47.165 25735 25758 D Volley  : [2140] BasicNetwork.logSlowRequests: HTTP response for request=<[X] http://lh4.ggpht.com/cQ6d3VTROvvXZzphja8DTsedY1nvZ-0jdcTxxwvA2rgeSrtAIkRyKV7EKKSb9XB7Tvo=h270 LOW 8> [lifetime=35295], [size=8682], [rc=200], [retryCount=2]
06-14 11:42:47.255 25735 25758 D dalvikvm: GC_FOR_ALLOC freed 359K, 8% free 11544K/12487K, paused 45ms
06-14 11:42:47.255 25735 25758 I dalvikvm-heap: Grow heap (frag case) to 11.508MB for 174976-byte allocation
06-14 11:42:47.301 25735 25754 D dalvikvm: GC_FOR_ALLOC freed 14K, 8% free 11700K/12679K, paused 30ms
06-14 11:42:47.337 25735 25735 D Volley  : [1] Request.finish: 35470 ms: [X] http://lh4.ggpht.com/cQ6d3VTROvvXZzphja8DTsedY1nvZ-0jdcTxxwvA2rgeSrtAIkRyKV7EKKSb9XB7Tvo=h270 LOW 8
06-14 11:42:47.387 25735 25756 D dalvikvm: GC_FOR_ALLOC freed 316K, 9% free 11563K/12679K, paused 37ms
06-14 11:42:47.387 25735 25756 I dalvikvm-heap: Grow heap (frag case) to 11.528MB for 174976-byte allocation
06-14 11:42:47.430 25735 25754 D dalvikvm: GC_FOR_ALLOC freed 183K, 11% free 11550K/12871K, paused 28ms
06-14 11:42:47.430 25735 25758 D Volley  : [2140] Request.finish: 35003 ms: [X] http://lh6.ggpht.com/1-cY7YwgUb-1OY-qdbls7MDfUKmYt2p2Tu27ftuw-f_I85nWO_2vPRlvK_URg5rXdAU=w60 LOW 18
06-14 11:42:47.430 25735 25758 D Volley  : [2140] Request.finish: 34995 ms: [X] http://lh5.ggpht.com/Cat37vRaRBCenVKPrdA9Mr7At0f0rMv-xgZhrx0In4YDyktVbwAYL9MjqoiQwlg50cY=w60 LOW 19
06-14 11:42:47.434 25735 25758 D Volley  : [2140] Request.finish: 34986 ms: [X] http://lh3.ggpht.com/ITJlp1Q2KG9zNF4STYPoOgytChQ0bgGFJc2L_Awa5zVXcmmidgiEI8i1jrlY0Y67Ths=w60 LOW 20
06-14 11:42:47.434 25735 25758 D Volley  : [2140] Request.finish: 34984 ms: [X] http://lh6.ggpht.com/5dOOeLrukL53Dol71uekqJELYCm9Q4hcnLKZo6hb4TsH94VAHO-N2kNwNiorkc2XL7jQ=w60 LOW 21
06-14 11:42:47.434 25735 25758 D Volley  : [2140] Request.finish: 34969 ms: [X] http://lh6.ggpht.com/vA1dYQxhV7I7L3lIo1toscn43me4rya_anlhOpznZXhV5oUpAyQpNEgIfVrLrD6jEZI=w60 LOW 22
06-14 11:42:47.438 25735 25758 D Volley  : [2140] Request.finish: 34960 ms: [X] http://lh6.ggpht.com/VXfPPlOl6HFWWEzfinH-pZLCZzGvss4G3868n8tSMpg6bzv4Tr-9R6GTKT9yl6qlN8k=w60 LOW 23
06-14 11:42:47.438 25735 25758 D Volley  : [2140] Request.finish: 34955 ms: [X] http://lh3.ggpht.com/rv2b8utduzYU-udQXfE_YbXztNgrrs5Nm0oLL3UrArjc66e3RNWAD1z0NerxxCuF3S7f=w60 LOW 24
06-14 11:42:47.442 25735 25735 D Volley  : [1] Request.finish: 35211 ms: [ ] http://lh4.ggpht.com/cQ6d3VTROvvXZzphja8DTsedY1nvZ-0jdcTxxwvA2rgeSrtAIkRyKV7EKKSb9XB7Tvo=h270 LOW 15
06-14 11:42:47.442 25735 25756 D Volley  : [2138] Request.finish: 18118 ms: [X] http://lh4.ggpht.com/cQ6d3VTROvvXZzphja8DTsedY1nvZ-0jdcTxxwvA2rgeSrtAIkRyKV7EKKSb9XB7Tvo=h270 LOW 33
06-14 11:42:47.462 25735 25735 D Volley  : [1] Request.finish: 17855 ms: [ ] http://lh4.ggpht.com/cQ6d3VTROvvXZzphja8DTsedY1nvZ-0jdcTxxwvA2rgeSrtAIkRyKV7EKKSb9XB7Tvo=h270 LOW 40
06-14 11:42:47.649 25735 25757 D Volley  : [2139] BasicNetwork.logSlowRequests: HTTP response for request=<[ ] http://lh4.ggpht.com/XYim7I67_BR4WvNOL_iLB4WoJtIIe4679ywiZ2JfpR3JL7PbnlrihVxZsnZaPD9CkK0=w72 LOW 6> [lifetime=36144], [size=632], [rc=200], [retryCount=2]
06-14 11:42:47.688 25735 25735 D Volley  : [1] Request.finish: 36183 ms: [ ] http://lh4.ggpht.com/XYim7I67_BR4WvNOL_iLB4WoJtIIe4679ywiZ2JfpR3JL7PbnlrihVxZsnZaPD9CkK0=w72 LOW 6
06-14 11:42:47.727 25735 25735 D Volley  : [1] Request.finish: 18627 ms: [ ] http://lh4.ggpht.com/XYim7I67_BR4WvNOL_iLB4WoJtIIe4679ywiZ2JfpR3JL7PbnlrihVxZsnZaPD9CkK0=w72 LOW 31
06-14 11:42:47.926 25735 25737 D dalvikvm: GC_CONCURRENT freed 600K, 9% free 11713K/12871K, paused 6ms+6ms
06-14 11:42:48.122 25735 25760 D Volley  : [2142] BasicNetwork.logSlowRequests: HTTP response for request=<[X] http://lh3.ggpht.com/ePBS7-sWlH29eRl6moZeVQo5OUXxfeHdMXFOtM2Ub_ktv8zf3cxO0bd3bmlSrJhO=h270 LOW 10> [lifetime=36244], [size=9023], [rc=200], [retryCount=2]
06-14 11:42:48.161 25735 25735 D Volley  : [1] Request.finish: 36288 ms: [X] http://lh3.ggpht.com/ePBS7-sWlH29eRl6moZeVQo5OUXxfeHdMXFOtM2Ub_ktv8zf3cxO0bd3bmlSrJhO=h270 LOW 10
06-14 11:42:48.215 25735 25756 D dalvikvm: GC_FOR_ALLOC freed 145K, 9% free 11830K/12871K, paused 48ms
06-14 11:42:48.215 25735 25756 I dalvikvm-heap: Grow heap (frag case) to 11.778MB for 164176-byte allocation
06-14 11:42:48.258 25735 25760 D dalvikvm: GC_FOR_ALLOC freed 180K, 10% free 11810K/13063K, paused 28ms
06-14 11:42:48.258 25735 25735 D Volley  : [1] Request.finish: 36028 ms: [ ] http://lh3.ggpht.com/ePBS7-sWlH29eRl6moZeVQo5OUXxfeHdMXFOtM2Ub_ktv8zf3cxO0bd3bmlSrJhO=h270 LOW 17
06-14 11:42:48.258 25735 25756 D Volley  : [2138] Request.finish: 18934 ms: [X] http://lh3.ggpht.com/ePBS7-sWlH29eRl6moZeVQo5OUXxfeHdMXFOtM2Ub_ktv8zf3cxO0bd3bmlSrJhO=h270 LOW 35
06-14 11:42:48.270 25735 25735 D Volley  : [1] Request.finish: 18664 ms: [ ] http://lh3.ggpht.com/ePBS7-sWlH29eRl6moZeVQo5OUXxfeHdMXFOtM2Ub_ktv8zf3cxO0bd3bmlSrJhO=h270 LOW 42
06-14 11:42:48.313 25735 25759 D Volley  : [2141] BasicNetwork.logSlowRequests: HTTP response for request=<[X] http://lh5.ggpht.com/sop5fJ5uUZudT36H55VMvbb9sEygqSIAs1D7QdfMqUI7hndbYDzRtx6y54hl0aLMr64=h270 LOW 9> [lifetime=36442], [size=9441], [rc=200], [retryCount=2]
06-14 11:42:48.352 25735 25759 D dalvikvm: GC_FOR_ALLOC freed 251K, 10% free 11803K/13063K, paused 37ms
06-14 11:42:48.364 25735 25735 D Volley  : [1] Request.finish: 36495 ms: [X] http://lh5.ggpht.com/sop5fJ5uUZudT36H55VMvbb9sEygqSIAs1D7QdfMqUI7hndbYDzRtx6y54hl0aLMr64=h270 LOW 9
06-14 11:42:48.399 25735 25756 D dalvikvm: GC_FOR_ALLOC freed 50K, 9% free 11984K/13063K, paused 32ms
06-14 11:42:48.399 25735 25756 I dalvikvm-heap: Grow heap (frag case) to 11.939MB for 174976-byte allocation
06-14 11:42:48.446 25735 25757 D dalvikvm: GC_FOR_ALLOC freed 184K, 10% free 11970K/13255K, paused 30ms
06-14 11:42:48.454 25735 25756 D Volley  : [2138] Request.finish: 19130 ms: [X] http://lh5.ggpht.com/sop5fJ5uUZudT36H55VMvbb9sEygqSIAs1D7QdfMqUI7hndbYDzRtx6y54hl0aLMr64=h270 LOW 34
06-14 11:42:48.477 25735 25735 D Volley  : [1] Request.finish: 36246 ms: [ ] http://lh5.ggpht.com/sop5fJ5uUZudT36H55VMvbb9sEygqSIAs1D7QdfMqUI7hndbYDzRtx6y54hl0aLMr64=h270 LOW 16
06-14 11:42:48.497 25735 25735 D Volley  : [1] Request.finish: 18889 ms: [ ] http://lh5.ggpht.com/sop5fJ5uUZudT36H55VMvbb9sEygqSIAs1D7QdfMqUI7hndbYDzRtx6y54hl0aLMr64=h270 LOW 41
06-14 11:42:48.571 25766 25768 D dalvikvm: GC_CONCURRENT freed 406K, 6% free 9322K/9863K, paused 9ms+11ms
06-14 11:42:48.840 25735 25753 D Volley  : [2135] BasicNetwork.logSlowRequests: HTTP response for request=<[ ] https://android.clients.google.com/fdfe/rec?c=3&rt=4&doc=com.farproc.wifi.connecter NORMAL 36> [lifetime=15536], [size=6828], [rc=200], [retryCount=0]
06-14 11:42:48.950 25735 25735 D Volley  : [1] Request.finish: 19439 ms: [ ] https://android.clients.google.com/fdfe/rec?c=3&rt=4&doc=com.farproc.wifi.connecter NORMAL 36
06-14 11:42:49.008 25735 25754 D Volley  : [2136] BasicNetwork.logSlowRequests: HTTP response for request=<[ ] https://android.clients.google.com/fdfe/purchase NORMAL 29> [lifetime=15706], [size=455], [rc=200], [retryCount=0]
06-14 11:42:49.040 25735 25735 D Finsky  : [1] InstallerImpl.requestInstall: Request install of com.farproc.wifi.connecter v=14
06-14 11:42:49.048 25735 25735 D Finsky  : [1] InstallerImpl.kick: Installer kick com.farproc.wifi.connecter - starting com.farproc.wifi.connecter
06-14 11:42:49.048 25735 25735 D Finsky  : [1] DownloadImpl.setState: com.farproc.wifi.connecter from null to UNQUEUED.
06-14 11:42:49.048 25735 25735 D Finsky  : [1] DownloadQueueImpl.add: Download com.farproc.wifi.connecter added to DownloadQueue
06-14 11:42:49.051 25735 25735 D Finsky  : [1] DownloadImpl.setState: com.farproc.wifi.connecter from UNQUEUED to QUEUED.
06-14 11:42:49.055 25735 25735 D Volley  : [1] Request.finish: 20045 ms: [ ] https://android.clients.google.com/fdfe/purchase NORMAL 29
06-14 11:42:49.055 25735 25735 D Finsky  : [1] 4.run: Applying library update: account=[ZrNstjO2sWQHv0wecD7CxpCYBg4], corpus=3, numMutations=1
06-14 11:42:49.106 25735 25758 D dalvikvm: GC_FOR_ALLOC freed 542K, 9% free 12145K/13255K, paused 34ms
06-14 11:42:49.161 25735 25735 D Volley  : [1] Request.finish: 19357 ms: [ ] http://lh6.ggpht.com/1-cY7YwgUb-1OY-qdbls7MDfUKmYt2p2Tu27ftuw-f_I85nWO_2vPRlvK_URg5rXdAU=w60 LOW 43
06-14 11:42:49.161 25735 25735 D Volley  : [1] Request.finish: 19350 ms: [ ] http://lh5.ggpht.com/Cat37vRaRBCenVKPrdA9Mr7At0f0rMv-xgZhrx0In4YDyktVbwAYL9MjqoiQwlg50cY=w60 LOW 44
06-14 11:42:49.333 25735 25735 D Finsky  : [1] 3.onMutationsApplied: App library has changed, requesting content sync.
06-14 11:42:49.508 25735 25742 I dalvikvm: Jit: resizing JitTable from 4096 to 8192
06-14 11:42:49.735 25735 25737 D dalvikvm: GC_CONCURRENT freed 511K, 5% free 12691K/13319K, paused 2ms+7ms
06-14 11:42:49.805 25735 25735 D Finsky  : [1] DetailsDataBasedFragment.rebindViews: Page [class=DetailsFragment] loaded in [38472 ms] (partial? true)
06-14 11:42:49.923 25735 25735 D Volley  : [1] Request.finish: 20101 ms: [ ] http://lh3.ggpht.com/ITJlp1Q2KG9zNF4STYPoOgytChQ0bgGFJc2L_Awa5zVXcmmidgiEI8i1jrlY0Y67Ths=w60 LOW 45
06-14 11:42:50.235 25735 25735 D Volley  : [1] Request.finish: 20407 ms: [ ] http://lh6.ggpht.com/5dOOeLrukL53Dol71uekqJELYCm9Q4hcnLKZo6hb4TsH94VAHO-N2kNwNiorkc2XL7jQ=w60 LOW 46
06-14 11:42:50.258   141   313 I ActivityManager: Process android.process.acore (pid 25519) has died.
06-14 11:42:50.735 25735 25735 D Volley  : [1] Request.finish: 20879 ms: [ ] http://lh3.ggpht.com/rv2b8utduzYU-udQXfE_YbXztNgrrs5Nm0oLL3UrArjc66e3RNWAD1z0NerxxCuF3S7f=w60 LOW 49
06-14 11:42:50.969 25735 25737 D dalvikvm: GC_CONCURRENT freed 1242K, 10% free 12649K/14023K, paused 3ms+6ms
06-14 11:42:51.169 25735 25735 D Volley  : [1] Request.finish: 21319 ms: [ ] http://lh6.ggpht.com/VXfPPlOl6HFWWEzfinH-pZLCZzGvss4G3868n8tSMpg6bzv4Tr-9R6GTKT9yl6qlN8k=w60 LOW 48
06-14 11:42:52.184 25735 25758 D Volley  : [2140] BasicNetwork.logSlowRequests: HTTP response for request=<[ ] http://lh6.ggpht.com/vA1dYQxhV7I7L3lIo1toscn43me4rya_anlhOpznZXhV5oUpAyQpNEgIfVrLrD6jEZI=w60 LOW 47> [lifetime=3055], [size=5084], [rc=200], [retryCount=1]
06-14 11:42:52.204 25735 25735 D Volley  : [1] Request.finish: 22362 ms: [ ] http://lh6.ggpht.com/vA1dYQxhV7I7L3lIo1toscn43me4rya_anlhOpznZXhV5oUpAyQpNEgIfVrLrD6jEZI=w60 LOW 47
06-14 11:42:53.184 25735 25753 D Volley  : [2135] BasicNetwork.logSlowRequests: HTTP response for request=<[ ] https://android.clients.google.com/fdfe/rev?doc=com.farproc.wifi.connecter&sort=2 NORMAL 37> [lifetime=4265], [size=2849], [rc=200], [retryCount=0]
06-14 11:42:53.235 25735 25735 D Volley  : [1] Request.finish: 23699 ms: [ ] https://android.clients.google.com/fdfe/rev?doc=com.farproc.wifi.connecter&sort=2 NORMAL 37
06-14 11:42:53.258 24969 24969 D OpenGLRenderer: Flushing caches (mode 1)
06-14 11:42:53.258 25342 25342 D OpenGLRenderer: Flushing caches (mode 1)
06-14 11:42:53.391 25735 25754 D Volley  : [2136] BasicNetwork.logSlowRequests: HTTP response for request=<[ ] https://android.clients.google.com/fdfe/log NORMAL 50> [lifetime=4371], [size=4], [rc=200], [retryCount=0]
06-14 11:42:53.399 25735 25735 D Volley  : [1] Request.finish: 9378 ms: [ ] https://android.clients.google.com/fdfe/log NORMAL 50
06-14 11:42:55.352 24969 24969 D OpenGLRenderer: Flushing caches (mode 1)
06-14 11:42:55.352 25342 25342 D OpenGLRenderer: Flushing caches (mode 1)
06-14 11:42:55.399 25554 25557 D dalvikvm: GC_CONCURRENT freed 306K, 4% free 9163K/9543K, paused 9ms+4ms
06-14 11:42:56.930   141  1035 I ActivityManager: Start proc android.process.acore for content provider com.android.providers.contacts/.ContactsProvider2: pid=25823 uid=10000 gids={3003, 1015}
06-14 11:42:56.989 25823 25823 I ActivityThread: Pub call_log: com.android.providers.contacts.CallLogProvider
06-14 11:42:57.036 25823 25823 I ActivityThread: Pub com.android.voicemail: com.android.providers.contacts.VoicemailContentProvider
06-14 11:42:57.040 25823 25823 I ActivityThread: Pub user_dictionary: com.android.providers.userdictionary.UserDictionaryProvider
06-14 11:42:57.079 25823 25823 I ActivityThread: Pub com.android.social: com.android.providers.contacts.SocialProvider
06-14 11:42:57.079 25823 25823 I ActivityThread: Pub applications: com.android.providers.applications.ApplicationsProvider
06-14 11:42:57.169 25823 25823 I ActivityThread: Pub contacts;com.android.contacts: com.android.providers.contacts.ContactsProvider2
06-14 11:42:57.196 25823 25825 D dalvikvm: GC_CONCURRENT freed 347K, 5% free 9189K/9607K, paused 3ms+4ms
06-14 11:42:57.911 25077 25077 I wpa_supplicant: wlan0: CTRL-EVENT-EAP-STARTED EAP authentication started
06-14 11:42:57.911 25077 25077 I wpa_supplicant: wlan0: CTRL-EVENT-DISCONNECTED bssid=d0:c2:82:67:e7:60 reason=0
06-14 11:42:57.965 25342 25342 D OpenGLRenderer: Flushing caches (mode 1)
06-14 11:42:57.977 25823 25825 D dalvikvm: GC_CONCURRENT freed 246K, 4% free 9354K/9735K, paused 4ms+2ms
06-14 11:42:57.977 24969 24969 D OpenGLRenderer: Flushing caches (mode 1)
06-14 11:42:58.032 25735 25753 D Volley  : [2135] BasicNetwork.logSlowRequests: HTTP response for request=<[ ] https://android.clients.google.com/fdfe/rev?doc=com.farproc.wifi.connecter&sort=2 NORMAL 56> [lifetime=4796], [size=2849], [rc=200], [retryCount=1]
06-14 11:42:58.059 25342 25342 D OpenGLRenderer: Flushing caches (mode 1)
06-14 11:42:58.059 24969 24969 D OpenGLRenderer: Flushing caches (mode 1)
06-14 11:42:58.102 25735 25735 D Volley  : [1] Request.finish: 8315 ms: [ ] https://android.clients.google.com/fdfe/rev?doc=com.farproc.wifi.connecter&sort=2 NORMAL 56
06-14 11:42:59.200 25077 25077 I wpa_supplicant: wlan0: Trying to associate with d0:c2:82:66:6b:f0 (SSID='UB_Secure' freq=2462 MHz)
06-14 11:42:59.313 25077 25077 I wpa_supplicant: wlan0: Associated with d0:c2:82:66:6b:f0
06-14 11:42:59.313 25077 25077 I wpa_supplicant: wlan0: CTRL-EVENT-EAP-STARTED EAP authentication started
06-14 11:42:59.321 25077 25077 I wpa_supplicant: wlan0: CTRL-EVENT-EAP-PROPOSED-METHOD vendor=0 method=4 -> NAK
06-14 11:42:59.325 25077 25077 I wpa_supplicant: wlan0: CTRL-EVENT-EAP-PROPOSED-METHOD vendor=0 method=25
06-14 11:42:59.325 25077 25077 I wpa_supplicant: wlan0: CTRL-EVENT-EAP-METHOD EAP vendor 0 method 25 (PEAP) selected
06-14 11:42:59.333 25077 25077 I wpa_supplicant: EAP-TLV: TLV Result - Success - EAP-TLV/Phase2 Completed
06-14 11:43:02.704 24615 24628 I PhoneLab-: Service Running
06-14 11:43:02.840 24615 24628 I PhoneLab-LoggerService: app_38    1345  1     1448   1004  c00f181c 400107b4 S logcat
06-14 11:43:02.844 24615 24628 I PhoneLab-LoggerService: Logcat pid from database 1345
06-14 11:43:02.848 24615 24628 I PhoneLab-LoggerService: Logcat process found 1345
06-14 11:43:02.848 24615 24628 I PhoneLab-LoggerService: Checking Threshold
06-14 11:43:02.856 24615 24628 I PhoneLab-LoggerService: Starting to rename files
06-14 11:43:02.856 24615 24628 I PhoneLab-LoggerService: Files found .. 5
06-14 11:43:04.114   141   353 I ActivityManager: Process com.android.calendar (pid 25626) has died.
06-14 11:43:04.118   141   177 I InputReader: Reconfiguring input devices.  changes=0x00000004
06-14 11:43:04.118   141   177 I InputReader: Device reconfigured: id=7, name='mxt224_ts_input', surface size is now 480x800, mode is 1
06-14 11:43:04.157   141   157 I ActivityManager: Config changed: {1.0 310mcc120mnc en_US layoutdir=0 sw320dp w533dp h294dp nrml long land finger -keyb/v/h -nav/h s.55}
06-14 11:43:04.352 25342 25342 D OpenGLRenderer: Flushing caches (mode 1)
06-14 11:43:04.415 25735 25735 D OpenGLRenderer: Flushing caches (mode 0)
06-14 11:43:04.899 24969 24969 D OpenGLRenderer: Flushing caches (mode 2)
06-14 11:43:04.923 24969 24969 D OpenGLRenderer: Flushing caches (mode 0)
06-14 11:43:04.926 24969 24969 D OpenGLRenderer: Flushing caches (mode 0)
06-14 11:43:05.360 25735 25737 D dalvikvm: GC_CONCURRENT freed 1061K, 9% free 12791K/14023K, paused 21ms+8ms
06-14 11:43:05.551 25735 25735 D Finsky  : [1] DetailsDataBasedFragment.rebindViews: Page [class=DetailsFragment] loaded in [525 ms] (partial? false)
06-14 11:43:05.649 25735 25735 D Finsky  : [1] SelfUpdateScheduler.checkForSelfUpdate: Skipping self-update check as there is an update already queued.
06-14 11:43:05.840 25735 25735 D Finsky  : [1] DetailsDataBasedFragment.rebindViews: Page [class=DetailsFragment] loaded in [822 ms] (partial? true)
06-14 11:43:06.059 25735 25737 D dalvikvm: GC_CONCURRENT freed 677K, 6% free 13329K/14087K, paused 12ms+10ms
06-14 11:43:06.544 25342 25342 D OpenGLRenderer: Flushing caches (mode 1)
06-14 11:43:07.016 25735 25735 D Finsky  : [1] 5.onFinished: Installation state replication succeeded.
06-14 11:43:08.751   141   171 D dalvikvm: GC_EXPLICIT freed 1599K, 19% free 18511K/22791K, paused 42ms+12ms
06-14 11:43:10.411   141   152 I ActivityManager: Process com.android.deskclock (pid 25642) has died.
06-14 11:43:12.184 25342 25342 D OpenGLRenderer: Flushing caches (mode 2)
06-14 11:43:12.192 25342 25342 D OpenGLRenderer: Flushing caches (mode 0)
06-14 11:43:12.372 25534 25850 I Gmail   : MainSyncRequestProto: lowestBkwdConvoId: 0, highestHandledServerOp: 2656317, normalSync: true
06-14 11:43:14.587 25823 25825 D dalvikvm: GC_CONCURRENT freed 383K, 6% free 9410K/9927K, paused 8ms+5ms
06-14 11:43:14.938   141 10712 D dalvikvm: GC_EXPLICIT freed 255K, 20% free 18342K/22791K, paused 9ms+8ms
06-14 11:43:15.028   141   177 I InputReader: Reconfiguring input devices.  changes=0x00000004
06-14 11:43:15.028   141   177 I InputReader: Device reconfigured: id=7, name='mxt224_ts_input', surface size is now 480x800, mode is 1
06-14 11:43:15.075   141   157 I ActivityManager: Config changed: {1.0 310mcc120mnc en_US layoutdir=0 sw320dp w320dp h508dp nrml long port finger -keyb/v/h -nav/h s.56}
06-14 11:43:15.106 25735 25735 D OpenGLRenderer: Flushing caches (mode 0)
06-14 11:43:15.309 25735 25735 D dalvikvm: GC_EXPLICIT freed 847K, 7% free 13504K/14471K, paused 3ms+18ms
06-14 11:43:15.516 25735 25758 D Volley  : [2140] BasicNetwork.logSlowRequests: HTTP response for request=<[ ] http://lh6.ggpht.com/d1wGx1pK6NVzXdzxAH1fOKuPM54fU1KiQY_4UvcXDp-ri6T8eMQYRk8vN4Z5STrMbpjd=w60 LOW 72> [lifetime=9305], [size=6398], [rc=200], [retryCount=2]
06-14 11:43:15.540 25735 25758 D Volley  : [2140] Request.finish: 9316 ms: [X] http://lh5.ggpht.com/_RSlXNa_VNF9rqkVPjme3bsaWWrLBfZhlDUJ1bataLarxbBtSsfM2kUTvDxhzF3Q70SU=w60 LOW 73
06-14 11:43:15.594 25735 25735 D Finsky  : [1] DetailsDataBasedFragment.rebindViews: Page [class=DetailsFragment] loaded in [219 ms] (partial? false)
06-14 11:43:15.637 25735 25735 D Finsky  : [1] SelfUpdateScheduler.checkForSelfUpdate: Skipping self-update check as there is an update already queued.
06-14 11:43:15.833 25735 25735 D Finsky  : [1] DetailsDataBasedFragment.rebindViews: Page [class=DetailsFragment] loaded in [456 ms] (partial? true)
06-14 11:43:15.833 25735 25735 D Volley  : [1] Request.finish: 9623 ms: [ ] http://lh6.ggpht.com/d1wGx1pK6NVzXdzxAH1fOKuPM54fU1KiQY_4UvcXDp-ri6T8eMQYRk8vN4Z5STrMbpjd=w60 LOW 72
06-14 11:43:15.883 25735 25737 D dalvikvm: GC_CONCURRENT freed 2039K, 14% free 12999K/15111K, paused 2ms+8ms
06-14 11:43:17.001 25534 25850 D dalvikvm: GC_EXPLICIT freed 365K, 5% free 9512K/9991K, paused 4ms+4ms
06-14 11:43:17.028 25534 25850 I Gmail   : MainSyncRequestProto: lowestBkwdConvoId: 0, highestHandledServerOp: 2656391, normalSync: true
06-14 11:43:17.133 25735 25760 D Volley  : [2142] BasicNetwork.logSlowRequests: HTTP response for request=<[ ] http://lh3.ggpht.com/sY_5QyztBLTttQNXxm5cz7OXtJM4E6uw8s3G3XMQWhxvlPMPqTvmt7_6YYHEntKWUAVA=w60 LOW 70> [lifetime=10967], [size=2170], [rc=200], [retryCount=1]
06-14 11:43:17.161 25735 25735 D Volley  : [1] Request.finish: 10997 ms: [ ] http://lh3.ggpht.com/sY_5QyztBLTttQNXxm5cz7OXtJM4E6uw8s3G3XMQWhxvlPMPqTvmt7_6YYHEntKWUAVA=w60 LOW 70
06-14 11:43:18.255 25766 25768 D dalvikvm: GC_CONCURRENT freed 368K, 6% free 9362K/9863K, paused 2ms+12ms
06-14 11:43:18.489   141   171 D dalvikvm: GC_EXPLICIT freed 83K, 20% free 18356K/22791K, paused 24ms+7ms
