06-16 11:45:38.492 13053 13053 I ActivityThread: Pub media: com.android.providers.media.MediaProvider
06-16 11:45:38.515 12881 13012 I GServe Unity: ONM ticking...now=1339861538518
06-16 11:45:38.554 13053 13066 I DownloadManager: in removeSpuriousFiles, preserving file /mnt/sdcard/Download/Swype-Installer-3.apk
06-16 11:45:38.558 13053 13066 I DownloadManager: in removeSpuriousFiles, preserving file /mnt/sdcard/Download/Swype-Installer-4.apk
06-16 11:45:38.558 13053 13066 I DownloadManager: in removeSpuriousFiles, preserving file /mnt/sdcard/Download/Swype-Installer-5.apk
06-16 11:45:38.562 13053 13066 I DownloadManager: in removeSpuriousFiles, preserving file /mnt/sdcard/Download/Swype-Installer-6.apk
06-16 11:45:38.562 13053 13066 I DownloadManager: in removeSpuriousFiles, preserving file /mnt/sdcard/Download/Swype-Installer.apk
06-16 11:45:38.562 13053 13066 I DownloadManager: in removeSpuriousFiles, preserving file /mnt/sdcard/Download/Swype-Installer.apk
06-16 11:45:38.566 13053 13066 I DownloadManager: in removeSpuriousFiles, preserving file /mnt/sdcard/Download/Swype-Installer-1.apk
06-16 11:45:38.566 13053 13066 I DownloadManager: in removeSpuriousFiles, preserving file /mnt/sdcard/Download/BKPC Outdoor Service 2012 197.jpg
06-16 11:45:38.566 13053 13066 I DownloadManager: in removeSpuriousFiles, preserving file /mnt/sdcard/Download/BKPC Outdoor Service 2012 196.jpg
06-16 11:45:38.566 13053 13066 I DownloadManager: in removeSpuriousFiles, preserving file /mnt/sdcard/Download/Swype-Installer.apk
06-16 11:45:38.566 13053 13066 I DownloadManager: in removeSpuriousFiles, preserving file /mnt/sdcard/Download/Swype-Installer-1.apk
06-16 11:45:38.574 13053 13066 I DownloadManager: deleting spurious file /cache/backup
06-16 11:45:38.953 13053 13055 D dalvikvm: GC_CONCURRENT freed 338K, 5% free 9197K/9607K, paused 6ms+9ms
06-16 11:45:39.898  3707  3707 D wpa_supplicant: wpa_driver_wext_driver_cmd RSSI len = 248
06-16 11:45:39.906  3707  3707 D wpa_supplicant: wpa_driver_wext_driver_cmd Ko rssi -61  len = 12, 12
06-16 11:45:39.906  3707  3707 D wpa_supplicant: wpa_driver_wext_driver_cmd LINKSPEED len = 248
06-16 11:45:39.906  3707  3707 D wpa_supplicant: wpa_driver_wext_driver_cmd LinkSpeed 58 len = 12, 12
06-16 11:45:42.910  3707  3707 D wpa_supplicant: wpa_driver_wext_driver_cmd RSSI len = 248
06-16 11:45:42.922  3707  3707 D wpa_supplicant: wpa_driver_wext_driver_cmd Ko rssi -63  len = 12, 12
06-16 11:45:42.922  3707  3707 D wpa_supplicant: wpa_driver_wext_driver_cmd LINKSPEED len = 248
06-16 11:45:42.922  3707  3707 D wpa_supplicant: wpa_driver_wext_driver_cmd LinkSpeed 58 len = 12, 12
06-16 11:45:43.179   336   336 D dalvikvm: GC_EXPLICIT freed 33K, 14% free 11915K/13703K, paused 15ms+15ms
06-16 11:45:45.925  3707  3707 D wpa_supplicant: wpa_driver_wext_driver_cmd RSSI len = 248
06-16 11:45:45.933  3707  3707 D wpa_supplicant: wpa_driver_wext_driver_cmd Ko rssi -62  len = 12, 12
06-16 11:45:45.933  3707  3707 D wpa_supplicant: wpa_driver_wext_driver_cmd LINKSPEED len = 248
06-16 11:45:45.933  3707  3707 D wpa_supplicant: wpa_driver_wext_driver_cmd LinkSpeed 58 len = 12, 12
06-16 11:45:47.097 12881 12904 E Unity   : The file '/mnt/sdcard/Android/obb/com.glu.modwarsniper/main.203.com.glu.modwarsniper.obb/assets/bin/Data/level0' is corrupted! Remove it and launch unity again!
06-16 11:45:47.097 12881 12904 E Unity   : [Position out of bounds!]
06-16 11:45:47.097 12881 12904 E Unity   :  
06-16 11:45:47.097 12881 12904 E Unity   : (Filename: /Applications/buildAgent/work/842f9557127e852/Runtime/Serialize/CacheWrap.cpp Line: 269)
06-16 11:45:47.097 12881 12904 E Unity   : 
06-16 11:45:47.566 12881 12897 D dalvikvm: Trying to load lib /mnt/asec/com.glu.modwarsniper-2/lib/libscaleformplugin.so 0x413319e8
06-16 11:45:48.109 12881 12897 D dalvikvm: Added shared lib /mnt/asec/com.glu.modwarsniper-2/lib/libscaleformplugin.so 0x413319e8
06-16 11:45:48.109 12881 12897 D dalvikvm: No JNI_OnLoad found in /mnt/asec/com.glu.modwarsniper-2/lib/libscaleformplugin.so 0x413319e8, skipping init
06-16 11:45:48.109 12881 12897 D dalvikvm: Trying to load lib /mnt/asec/com.glu.modwarsniper-2/lib/libscaleformplugin.so 0x413319e8
06-16 11:45:48.109 12881 12897 D dalvikvm: Shared lib '/mnt/asec/com.glu.modwarsniper-2/lib/libscaleformplugin.so' already loaded in same CL 0x413319e8
06-16 11:45:48.132   400   400 D dalvikvm: GC_EXPLICIT freed <1K, 4% free 9037K/9347K, paused 2ms+8ms
06-16 11:45:48.433 12881 12897 D dalvikvm: Trying to load lib /mnt/asec/com.glu.modwarsniper-2/lib/libscaleformplugin.so 0x413319e8
06-16 11:45:48.433 12881 12897 D dalvikvm: Shared lib '/mnt/asec/com.glu.modwarsniper-2/lib/libscaleformplugin.so' already loaded in same CL 0x413319e8
06-16 11:45:48.683 12856 12859 D dalvikvm: GC_CONCURRENT freed 328K, 6% free 9743K/10311K, paused 114ms+28ms
06-16 11:45:48.937  3707  3707 D wpa_supplicant: wpa_driver_wext_driver_cmd RSSI len = 248
06-16 11:45:48.945  3707  3707 D wpa_supplicant: wpa_driver_wext_driver_cmd Ko rssi -63  len = 12, 12
06-16 11:45:48.945  3707  3707 D wpa_supplicant: wpa_driver_wext_driver_cmd LINKSPEED len = 248
06-16 11:45:48.945  3707  3707 D wpa_supplicant: wpa_driver_wext_driver_cmd LinkSpeed 58 len = 12, 12
06-16 11:45:48.949 12715 12855 W AndroidResourcesFactory: [chromesync#1604387069] Not running on internal thread since resources not started 57183, RegSyncHeartbeat:com.google.ipc.invalidation.ticl.RecurringTask$1@4157a5e8
06-16 11:45:49.011 12906 12909 D dalvikvm: GC_CONCURRENT freed 385K, 5% free 10560K/11079K, paused 44ms+5ms
06-16 11:45:49.375 12881 12897 D dalvikvm: Trying to load lib /mnt/asec/com.glu.modwarsniper-2/lib/libscaleformplugin.so 0x413319e8
06-16 11:45:49.375 12881 12897 D dalvikvm: Shared lib '/mnt/asec/com.glu.modwarsniper-2/lib/libscaleformplugin.so' already loaded in same CL 0x413319e8
06-16 11:45:50.156   140   354 I ActivityManager: Process com.google.android.gsf.login (pid 12839) has died.
06-16 11:45:50.445   140  2836 I ActivityManager: Process com.google.android.partnersetup (pid 12934) has died.
06-16 11:45:50.629   140  2836 I ActivityManager: Process com.google.android.talk (pid 13027) has died.
06-16 11:45:50.761 12881 12897 D dalvikvm: Trying to load lib /mnt/asec/com.glu.modwarsniper-2/lib/libscaleformplugin.so 0x413319e8
06-16 11:45:50.761 12881 12897 D dalvikvm: Shared lib '/mnt/asec/com.glu.modwarsniper-2/lib/libscaleformplugin.so' already loaded in same CL 0x413319e8
06-16 11:45:50.824   140   285 I ActivityManager: Process android.process.media (pid 13053) has died.
06-16 11:45:51.211 12881 12897 D dalvikvm: Trying to load lib /mnt/asec/com.glu.modwarsniper-2/lib/libscaleformplugin.so 0x413319e8
06-16 11:45:51.211 12881 12897 D dalvikvm: Shared lib '/mnt/asec/com.glu.modwarsniper-2/lib/libscaleformplugin.so' already loaded in same CL 0x413319e8
06-16 11:45:51.687 12881 12897 D dalvikvm: Trying to load lib /mnt/asec/com.glu.modwarsniper-2/lib/libgwallet.so 0x413319e8
06-16 11:45:51.687 12881 12897 D dalvikvm: Shared lib '/mnt/asec/com.glu.modwarsniper-2/lib/libgwallet.so' already loaded in same CL 0x413319e8
06-16 11:45:51.734 12881 12897 D dalvikvm: Trying to load lib /mnt/asec/com.glu.modwarsniper-2/lib/libgwallet.so 0x413319e8
06-16 11:45:51.734 12881 12897 D dalvikvm: Shared lib '/mnt/asec/com.glu.modwarsniper-2/lib/libgwallet.so' already loaded in same CL 0x413319e8
06-16 11:45:51.949  3707  3707 D wpa_supplicant: wpa_driver_wext_driver_cmd RSSI len = 248
06-16 11:45:51.957  3707  3707 D wpa_supplicant: wpa_driver_wext_driver_cmd Ko rssi -66  len = 12, 12
06-16 11:45:51.957  3707  3707 D wpa_supplicant: wpa_driver_wext_driver_cmd LINKSPEED len = 248
06-16 11:45:51.957  3707  3707 D wpa_supplicant: wpa_driver_wext_driver_cmd LinkSpeed 52 len = 12, 12
06-16 11:45:52.160 12881 12897 D dalvikvm: Trying to load lib /mnt/asec/com.glu.modwarsniper-2/lib/libscaleformplugin.so 0x413319e8
06-16 11:45:52.160 12881 12897 D dalvikvm: Shared lib '/mnt/asec/com.glu.modwarsniper-2/lib/libscaleformplugin.so' already loaded in same CL 0x413319e8
06-16 11:45:52.160 12881 12897 D dalvikvm: Trying to load lib /mnt/asec/com.glu.modwarsniper-2/lib/libscaleformplugin.so 0x413319e8
06-16 11:45:52.160 12881 12897 D dalvikvm: Shared lib '/mnt/asec/com.glu.modwarsniper-2/lib/libscaleformplugin.so' already loaded in same CL 0x413319e8
06-16 11:45:52.164 12881 12897 D dalvikvm: Trying to load lib /mnt/asec/com.glu.modwarsniper-2/lib/libscaleformplugin.so 0x413319e8
06-16 11:45:52.164 12881 12897 D dalvikvm: Shared lib '/mnt/asec/com.glu.modwarsniper-2/lib/libscaleformplugin.so' already loaded in same CL 0x413319e8
06-16 11:45:52.187 12881 12897 D dalvikvm: Trying to load lib /mnt/asec/com.glu.modwarsniper-2/lib/libscaleformplugin.so 0x413319e8
06-16 11:45:52.187 12881 12897 D dalvikvm: Shared lib '/mnt/asec/com.glu.modwarsniper-2/lib/libscaleformplugin.so' already loaded in same CL 0x413319e8
06-16 11:45:52.211 12881 12897 D dalvikvm: Trying to load lib /mnt/asec/com.glu.modwarsniper-2/lib/libscaleformplugin.so 0x413319e8
06-16 11:45:52.211 12881 12897 D dalvikvm: Shared lib '/mnt/asec/com.glu.modwarsniper-2/lib/libscaleformplugin.so' already loaded in same CL 0x413319e8
06-16 11:45:52.414   140   198 D ConnectivityService: handleInetConditionHoldEnd: net=1, condition=100, published condition=0
06-16 11:45:52.461   140   166 I ActivityManager: Start proc com.google.android.gm for service com.google.android.gm/.provider.MailSyncAdapterService: pid=13084 uid=10019 gids={3003, 1015}
06-16 11:45:52.715   140   285 I ActivityManager: Start proc android.process.acore for content provider com.android.providers.contacts/.ContactsProvider2: pid=13097 uid=10000 gids={3003, 1015}
06-16 11:45:52.859 13097 13097 I ActivityThread: Pub call_log: com.android.providers.contacts.CallLogProvider
06-16 11:45:52.929 13097 13097 I ActivityThread: Pub com.android.voicemail: com.android.providers.contacts.VoicemailContentProvider
06-16 11:45:52.933 13097 13097 I ActivityThread: Pub user_dictionary: com.android.providers.userdictionary.UserDictionaryProvider
06-16 11:45:52.980 13084 13084 I ActivityThread: Pub gmail-ls: com.google.android.gm.provider.MailProvider
06-16 11:45:53.007 13084 13084 I ActivityThread: Pub com.google.android.gm: com.google.android.gm.provider.PublicContentProvider
06-16 11:45:53.019 13084 13084 I ActivityThread: Pub com.google.android.gmail.SuggestionProvider: com.google.android.gm.SuggestionsProvider
06-16 11:45:53.019 13097 13097 I ActivityThread: Pub com.android.social: com.android.providers.contacts.SocialProvider
06-16 11:45:53.031 13097 13097 I ActivityThread: Pub applications: com.android.providers.applications.ApplicationsProvider
06-16 11:45:53.277 13097 13099 D dalvikvm: GC_CONCURRENT freed 326K, 5% free 9150K/9607K, paused 2ms+18ms
06-16 11:45:53.312 13097 13097 I ActivityThread: Pub contacts;com.android.contacts: com.android.providers.contacts.ContactsProvider2
06-16 11:45:54.957  3707  3707 D wpa_supplicant: wpa_driver_wext_driver_cmd RSSI len = 248
06-16 11:45:54.965  3707  3707 D wpa_supplicant: wpa_driver_wext_driver_cmd Ko rssi -71  len = 12, 12
06-16 11:45:54.965  3707  3707 D wpa_supplicant: wpa_driver_wext_driver_cmd LINKSPEED len = 248
06-16 11:45:54.965  3707  3707 D wpa_supplicant: wpa_driver_wext_driver_cmd LinkSpeed 39 len = 12, 12
06-16 11:45:57.179   140  9531 I ActivityManager: Process com.android.chrome:sandboxed_process1 (pid 12811) has died.
06-16 11:45:57.183   140  9531 W ActivityManager: Scheduling restart of crashed service com.android.chrome/org.chromium.content.browser.SandboxedProcessService1 in 21240ms
06-16 11:45:57.457 13097 13099 D dalvikvm: GC_CONCURRENT freed 149K, 3% free 9388K/9671K, paused 29ms+12ms
06-16 11:45:57.519   140   465 I ActivityManager: Process com.android.chrome (pid 12715) has died.
06-16 11:45:57.523   140  5028 I WindowManager: WIN DEATH: Window{41d6c5a0 com.android.chrome/com.google.android.apps.chrome.Main paused=false}
06-16 11:45:57.882 12881 12897 D dalvikvm: Trying to load lib /mnt/asec/com.glu.modwarsniper-2/lib/libgwallet.so 0x413319e8
06-16 11:45:57.882 12881 12897 D dalvikvm: Shared lib '/mnt/asec/com.glu.modwarsniper-2/lib/libgwallet.so' already loaded in same CL 0x413319e8
06-16 11:45:57.976  3707  3707 D wpa_supplicant: wpa_driver_wext_driver_cmd RSSI len = 248
06-16 11:45:57.984  3707  3707 D wpa_supplicant: wpa_driver_wext_driver_cmd Ko rssi -65  len = 12, 12
06-16 11:45:57.984  3707  3707 D wpa_supplicant: wpa_driver_wext_driver_cmd LINKSPEED len = 248
06-16 11:45:57.984  3707  3707 D wpa_supplicant: wpa_driver_wext_driver_cmd LinkSpeed 19 len = 12, 12
06-16 11:45:58.519 12881 13012 I GServe Unity: ONM ticking...now=1339861558518
06-16 11:45:58.910 13084 13085 D dalvikvm: GC_CONCURRENT freed 231K, 4% free 9255K/9607K, paused 28ms+4ms
06-16 11:45:59.593 13084 13117 I Gmail   : calculateUnknownSyncRationalesAndPurgeInBackground: queueing
06-16 11:45:59.840 13084 13117 I Gmail   : calculateUnknownSyncRationalesAndPurgeInBackground: queueing
06-16 11:46:00.558 13084 13117 I Gmail   : calculateUnknownSyncRationalesAndPurgeInBackground: running
06-16 11:46:00.582 13084 13117 I Gmail   : calculateUnknownSyncRationalesAndPurgeInBackground: running
06-16 11:46:00.699 13084 13116 I Gmail   : MainSyncRequestProto: lowestBkwdConvoId: 0, highestHandledServerOp: 2662240, normalSync: true
06-16 11:46:00.988  3707  3707 D wpa_supplicant: wpa_driver_wext_driver_cmd RSSI len = 248
06-16 11:46:00.996  3707  3707 D wpa_supplicant: wpa_driver_wext_driver_cmd Ko rssi -65  len = 12, 12
06-16 11:46:00.996  3707  3707 D wpa_supplicant: wpa_driver_wext_driver_cmd LINKSPEED len = 248
06-16 11:46:00.996  3707  3707 D wpa_supplicant: wpa_driver_wext_driver_cmd LinkSpeed 19 len = 12, 12
06-16 11:46:01.652   140  9531 I ActivityManager: Start proc com.google.android.gsf.login for service com.google.android.gsf.login/com.google.android.gsf.loginservice.GoogleLoginService: pid=13120 uid=10009 gids={3003, 1015, 1007, 2001, 3006}
06-16 11:46:02.976   140   151 I ActivityManager: Process com.google.android.gsf.login (pid 13120) has died.
06-16 11:46:03.058 13084 13085 D dalvikvm: GC_CONCURRENT freed 306K, 5% free 9363K/9799K, paused 51ms+17ms
06-16 11:46:04.000  3707  3707 D wpa_supplicant: wpa_driver_wext_driver_cmd RSSI len = 248
06-16 11:46:04.000  3707  3707 D wpa_supplicant: wpa_driver_wext_driver_cmd Ko rssi -65  len = 12, 12
06-16 11:46:04.000  3707  3707 D wpa_supplicant: wpa_driver_wext_driver_cmd LINKSPEED len = 248
06-16 11:46:04.004  3707  3707 D wpa_supplicant: wpa_driver_wext_driver_cmd LinkSpeed 19 len = 12, 12
06-16 11:46:05.476 13097 13099 D dalvikvm: GC_CONCURRENT freed 265K, 5% free 9530K/9927K, paused 27ms+5ms
06-16 11:46:06.047   140   157 I ActivityManager: Start proc com.google.android.talk for broadcast com.google.android.talk/.ConnectionStateOnlineReceiver: pid=13139 uid=10047 gids={3003, 1015, 1006, 3002}
06-16 11:46:06.765 13139 13139 I ActivityThread: Pub com.google.android.talk.SuggestionProvider: com.google.android.talk.SuggestionsProvider
06-16 11:46:07.007  3707  3707 D wpa_supplicant: wpa_driver_wext_driver_cmd RSSI len = 248
06-16 11:46:07.015  3707  3707 D wpa_supplicant: wpa_driver_wext_driver_cmd Ko rssi -64  len = 12, 12
06-16 11:46:07.015  3707  3707 D wpa_supplicant: wpa_driver_wext_driver_cmd LINKSPEED len = 248
06-16 11:46:07.015  3707  3707 D wpa_supplicant: wpa_driver_wext_driver_cmd LinkSpeed 19 len = 12, 12
06-16 11:46:07.140 12856 12970 I ActivityThread: Removing dead content provider: contacts
06-16 11:46:07.140 12856 12970 I ActivityThread: Removing dead content provider: com.android.contacts
06-16 11:46:07.140   140  5028 I ActivityManager: Process android.process.acore (pid 13097) has died.
06-16 11:46:07.144   140  5028 I ActivityManager: Kill com.google.process.gapps (pid 12856): provider com.android.providers.contacts.ContactsProvider2 in dying process android.process.acore
06-16 11:46:07.183 13139 13139 D vclib:CallStateClient: startListening
06-16 11:46:07.273   140   152 I ActivityManager: Process com.google.process.gapps (pid 12856) has died.
06-16 11:46:07.273   140   152 W ActivityManager: Scheduling restart of crashed service com.google.android.location/.NetworkLocationService in 132372ms
06-16 11:46:07.273   140   152 W ActivityManager: Scheduling restart of crashed service com.google.android.gsf/.gtalkservice.service.GTalkService in 11149ms
06-16 11:46:07.273   140   152 W ActivityManager: Scheduling restart of crashed service com.google.android.location/.internal.server.NetworkLocationService in 21149ms
06-16 11:46:07.277   140   152 I ActivityManager: Kill com.google.android.talk (pid 13139): provider com.google.android.gsf.talk.TalkProvider in dying process com.google.process.gapps
06-16 11:46:07.281   140   152 I ActivityManager: Kill com.google.android.talk (pid 13139): provider com.google.android.gsf.gservices.GservicesProvider in dying process com.google.process.gapps
06-16 11:46:07.379   140   285 I ActivityManager: Process com.google.android.talk (pid 13139) has died.
06-16 11:46:07.414   140   157 I ActivityManager: Start proc com.google.process.gapps for broadcast com.google.android.gsf/.gtalkservice.SendXmppReceiver: pid=13160 uid=10009 gids={3003, 1015, 1007, 2001, 3006}
06-16 11:46:07.597 13160 13160 I ActivityThread: Pub com.google.settings: com.google.android.gsf.settings.GoogleSettingsProvider
06-16 11:46:07.656 13160 13160 I ActivityThread: Pub subscribedfeeds: com.google.android.gsf.subscribedfeeds.SubscribedFeedsProvider
06-16 11:46:07.726 13160 13160 I ActivityThread: Pub com.google.contacts.gal.provider: com.google.android.syncadapters.contacts.GalProvider
06-16 11:46:07.898 13160 13160 I ActivityThread: Pub com.google.android.gsf.gservices: com.google.android.gsf.gservices.GservicesProvider
06-16 11:46:07.898 13160 13160 I GservicesProvider: Gservices pushing to system: true; secure: true
06-16 11:46:07.898 13160 13160 I ActivityThread: Pub com.google.android.providers.talk: com.google.android.gsf.talk.TalkProvider
06-16 11:46:08.031 13160 13163 D dalvikvm: GC_CONCURRENT freed 355K, 5% free 9180K/9607K, paused 3ms+13ms
06-16 11:46:08.066   140  8343 D SyncManager: setSyncAutomatically: , provider subscribedfeeds -> true
06-16 11:46:08.066   140  8343 D SyncManager: setSyncAutomatically: already set to true, doing nothing
06-16 11:46:08.336 13160 13163 D dalvikvm: GC_CONCURRENT freed 352K, 5% free 9267K/9735K, paused 3ms+12ms
06-16 11:46:08.382 13160 13160 E GTalkService: getEndpointFromIntent: cannot find endpoint for user: -- package: com.google.android.talk
06-16 11:46:08.398   140   157 I ActivityManager: Start proc com.google.android.talk for broadcast com.google.android.talk/.McsConnectionStartedReceiver: pid=13179 uid=10047 gids={3003, 1015, 1006, 3002}
06-16 11:46:08.468   140   157 I ActivityManager: Start proc com.google.android.apps.googlevoice for service com.google.android.apps.googlevoice/.CallLogService: pid=13192 uid=10055 gids={3003, 1015}
06-16 11:46:08.687 13179 13179 I ActivityThread: Pub com.google.android.talk.SuggestionProvider: com.google.android.talk.SuggestionsProvider
06-16 11:46:08.906 13179 13179 D vclib:CallStateClient: startListening
06-16 11:46:09.211 13160 13178 I GTalkService/c: [AndroidEndpoint@1093984952] connect: acct=1000000, state=CONNECTING
06-16 11:46:09.226 13179 13183 D dalvikvm: GC_CONCURRENT freed 145K, 3% free 9342K/9607K, paused 25ms+2ms
06-16 11:46:09.293 13179 13213 I talk    : onMcsConnectionStarted
06-16 11:46:09.410 13192 13195 D dalvikvm: GC_CONCURRENT freed 244K, 4% free 9287K/9607K, paused 13ms+4ms
06-16 11:46:09.531   140   357 I ActivityManager: Start proc android.process.acore for content provider com.android.providers.contacts/.VoicemailContentProvider: pid=13217 uid=10000 gids={3003, 1015}
06-16 11:46:09.597 13217 13217 I ActivityThread: Pub call_log: com.android.providers.contacts.CallLogProvider
06-16 11:46:09.636 13217 13217 I ActivityThread: Pub com.android.voicemail: com.android.providers.contacts.VoicemailContentProvider
06-16 11:46:09.640 13217 13217 I ActivityThread: Pub user_dictionary: com.android.providers.userdictionary.UserDictionaryProvider
06-16 11:46:09.777 13217 13217 I ActivityThread: Pub com.android.social: com.android.providers.contacts.SocialProvider
06-16 11:46:09.777 13217 13217 I ActivityThread: Pub applications: com.android.providers.applications.ApplicationsProvider
06-16 11:46:09.820 12881 12897 D FlurryAgent: Event count incremented: FC_STORE_ENTER
06-16 11:46:09.820 12881 12897 D FlurryAgent: Logged event: FC_STORE_ENTER
06-16 11:46:09.972 13217 13217 I ActivityThread: Pub contacts;com.android.contacts: com.android.providers.contacts.ContactsProvider2
06-16 11:46:10.019  3707  3707 D wpa_supplicant: wpa_driver_wext_driver_cmd RSSI len = 248
06-16 11:46:10.031  3707  3707 D wpa_supplicant: wpa_driver_wext_driver_cmd Ko rssi -62  len = 12, 12
06-16 11:46:10.031  3707  3707 D wpa_supplicant: wpa_driver_wext_driver_cmd LINKSPEED len = 248
06-16 11:46:10.031  3707  3707 D wpa_supplicant: wpa_driver_wext_driver_cmd LinkSpeed 19 len = 12, 12
06-16 11:46:10.043 13217 13220 D dalvikvm: GC_CONCURRENT freed 359K, 5% free 9177K/9607K, paused 9ms+4ms
06-16 11:46:10.277 13160 13233 I GTalkService/c: [GTalkConnection@1093871736] connect: acct=1, state=CONNECTING
06-16 11:46:10.879   140   285 D dalvikvm: GC_EXPLICIT freed 956K, 26% free 16704K/22343K, paused 9ms+28ms
06-16 11:46:11.090   140   198 D ConnectivityService: handleInetConditionHoldEnd: net=1, condition=0, published condition=100
06-16 11:46:11.175 13084 13085 D dalvikvm: GC_CONCURRENT freed 324K, 5% free 9469K/9927K, paused 5ms+28ms
06-16 11:46:11.238   140   140 I ActivityManager: Start proc android.process.media for content provider com.android.providers.media/.MediaProvider: pid=13246 uid=10012 gids={1015, 1023, 1024, 2001, 3003, 3007}
06-16 11:46:11.351    79    79 D dalvikvm: GC_EXPLICIT freed 38K, 4% free 9031K/9347K, paused 4ms+14ms
06-16 11:46:11.441 13246 13246 I ActivityThread: Pub downloads: com.android.providers.downloads.DownloadProvider
06-16 11:46:11.476    79    79 D dalvikvm: GC_EXPLICIT freed <1K, 4% free 9031K/9347K, paused 3ms+18ms
06-16 11:46:11.570 13246 13246 I ActivityThread: Pub drm: com.android.providers.drm.DrmProvider
06-16 11:46:11.570 13246 13259 I DownloadManager: in removeSpuriousFiles
06-16 11:46:11.601 13246 13246 I ActivityThread: Pub media: com.android.providers.media.MediaProvider
06-16 11:46:11.656    79    79 D dalvikvm: GC_EXPLICIT freed <1K, 4% free 9031K/9347K, paused 8ms+14ms
06-16 11:46:11.687 13246 13259 I DownloadManager: in removeSpuriousFiles, preserving file /mnt/sdcard/Download/Swype-Installer-3.apk
06-16 11:46:11.687 13246 13259 I DownloadManager: in removeSpuriousFiles, preserving file /mnt/sdcard/Download/Swype-Installer-4.apk
06-16 11:46:11.687 13246 13259 I DownloadManager: in removeSpuriousFiles, preserving file /mnt/sdcard/Download/Swype-Installer-5.apk
06-16 11:46:11.687 13246 13259 I DownloadManager: in removeSpuriousFiles, preserving file /mnt/sdcard/Download/Swype-Installer-6.apk
06-16 11:46:11.695 13246 13259 I DownloadManager: in removeSpuriousFiles, preserving file /mnt/sdcard/Download/Swype-Installer.apk
06-16 11:46:11.699 13246 13259 I DownloadManager: in removeSpuriousFiles, preserving file /mnt/sdcard/Download/Swype-Installer.apk
06-16 11:46:11.699 13246 13259 I DownloadManager: in removeSpuriousFiles, preserving file /mnt/sdcard/Download/Swype-Installer-1.apk
06-16 11:46:11.699 13246 13259 I DownloadManager: in removeSpuriousFiles, preserving file /mnt/sdcard/Download/BKPC Outdoor Service 2012 197.jpg
06-16 11:46:11.699 13246 13259 I DownloadManager: in removeSpuriousFiles, preserving file /mnt/sdcard/Download/BKPC Outdoor Service 2012 196.jpg
06-16 11:46:11.699 13246 13259 I DownloadManager: in removeSpuriousFiles, preserving file /mnt/sdcard/Download/Swype-Installer.apk
06-16 11:46:11.699 13246 13259 I DownloadManager: in removeSpuriousFiles, preserving file /mnt/sdcard/Download/Swype-Installer-1.apk
06-16 11:46:11.707 13246 13259 I DownloadManager: deleting spurious file /cache/backup
06-16 11:46:11.898   140  8343 I ActivityManager: Process com.google.android.talk (pid 13179) has died.
06-16 11:46:12.109 13246 13248 D dalvikvm: GC_CONCURRENT freed 366K, 5% free 9170K/9607K, paused 10ms+6ms
06-16 11:46:12.636 13217 13220 D dalvikvm: GC_CONCURRENT freed 187K, 4% free 9440K/9735K, paused 4ms+12ms
06-16 11:46:13.039  3707  3707 D wpa_supplicant: wpa_driver_wext_driver_cmd RSSI len = 248
06-16 11:46:13.050  3707  3707 D wpa_supplicant: wpa_driver_wext_driver_cmd Ko rssi -66  len = 12, 12
06-16 11:46:13.050  3707  3707 D wpa_supplicant: wpa_driver_wext_driver_cmd LINKSPEED len = 248
06-16 11:46:13.050  3707  3707 D wpa_supplicant: wpa_driver_wext_driver_cmd LinkSpeed 19 len = 12, 12
06-16 11:46:13.429 13160 13163 D dalvikvm: GC_CONCURRENT freed 323K, 5% free 9346K/9799K, paused 41ms+6ms
06-16 11:46:14.894 13084 13085 D dalvikvm: GC_CONCURRENT freed 395K, 6% free 9465K/9991K, paused 3ms+14ms
06-16 11:46:15.359   140   151 I ActivityManager: Process android.process.media (pid 13246) has died.
06-16 11:46:16.058  3707  3707 D wpa_supplicant: wpa_driver_wext_driver_cmd RSSI len = 248
06-16 11:46:16.066  3707  3707 D wpa_supplicant: wpa_driver_wext_driver_cmd Ko rssi -64  len = 12, 12
06-16 11:46:16.066  3707  3707 D wpa_supplicant: wpa_driver_wext_driver_cmd LINKSPEED len = 248
06-16 11:46:16.066  3707  3707 D wpa_supplicant: wpa_driver_wext_driver_cmd LinkSpeed 19 len = 12, 12
06-16 11:46:16.113 13084 13085 D dalvikvm: GC_CONCURRENT freed 404K, 6% free 9456K/9991K, paused 6ms+12ms
06-16 11:46:16.894   140   198 D ConnectivityService: handleInetConditionHoldEnd: net=1, condition=100, published condition=0
06-16 11:46:17.300 12881 12897 D FlurryAgent: Event count incremented: FC_BANK_ENTER
06-16 11:46:17.304 12881 12897 D FlurryAgent: Logged event: FC_BANK_ENTER
06-16 11:46:17.730 13084 13116 D dalvikvm: GC_EXPLICIT freed 358K, 6% free 9443K/9991K, paused 21ms+3ms
06-16 11:46:17.855 13084 13116 I Gmail   : MainSyncRequestProto: lowestBkwdConvoId: 0, highestHandledServerOp: 2662276, normalSync: true
06-16 11:46:18.086   140   140 I ActivityManager: Start proc com.google.android.gsf.login for service com.google.android.gsf.login/com.google.android.gsf.loginservice.GoogleLoginService: pid=13269 uid=10009 gids={3003, 1015, 1007, 2001, 3006}
06-16 11:46:18.523 12881 13012 I GServe Unity: ONM ticking...now=1339861578523
06-16 11:46:18.765   140   151 I ActivityManager: Process com.google.android.gsf.login (pid 13269) has died.
06-16 11:46:19.070  3707  3707 D wpa_supplicant: wpa_driver_wext_driver_cmd RSSI len = 248
06-16 11:46:19.078  3707  3707 D wpa_supplicant: wpa_driver_wext_driver_cmd Ko rssi -66  len = 12, 12
06-16 11:46:19.078  3707  3707 D wpa_supplicant: wpa_driver_wext_driver_cmd LINKSPEED len = 248
06-16 11:46:19.078  3707  3707 D wpa_supplicant: wpa_driver_wext_driver_cmd LinkSpeed 13 len = 12, 12
06-16 11:46:21.332 13084 13116 D dalvikvm: GC_EXPLICIT freed 151K, 5% free 9496K/9991K, paused 35ms+16ms
06-16 11:46:21.457   140   157 I ActivityManager: Start proc com.google.android.talk for broadcast com.google.android.talk/.ConnectionStateOnlineReceiver: pid=13285 uid=10047 gids={3003, 1015, 1006, 3002}
06-16 11:46:21.785 13285 13285 I ActivityThread: Pub com.google.android.talk.SuggestionProvider: com.google.android.talk.SuggestionsProvider
06-16 11:46:22.074 13285 13285 D vclib:CallStateClient: startListening
06-16 11:46:22.082  3707  3707 D wpa_supplicant: wpa_driver_wext_driver_cmd RSSI len = 248
06-16 11:46:22.090  3707  3707 D wpa_supplicant: wpa_driver_wext_driver_cmd Ko rssi -65  len = 12, 12
06-16 11:46:22.090  3707  3707 D wpa_supplicant: wpa_driver_wext_driver_cmd LINKSPEED len = 248
06-16 11:46:22.090  3707  3707 D wpa_supplicant: wpa_driver_wext_driver_cmd LinkSpeed 19 len = 12, 12
06-16 11:46:22.238 13285 13287 D dalvikvm: GC_CONCURRENT freed 184K, 3% free 9342K/9607K, paused 29ms+30ms
06-16 11:46:22.300 13160 13163 D dalvikvm: GC_CONCURRENT freed 360K, 5% free 9448K/9927K, paused 32ms+4ms
06-16 11:46:22.406   140  8343 I ActivityManager: Process com.google.android.talk (pid 13285) has died.
06-16 11:46:22.519 13084 13116 I Gmail   : MainSyncRequestProto: lowestBkwdConvoId: 0, highestHandledServerOp: 2662276, normalSync: true
06-16 11:46:22.793   140   157 I ActivityManager: Start proc com.google.android.talk for broadcast com.google.android.talk/.videochat.XmppReceiver: pid=13306 uid=10047 gids={3003, 1015, 1006, 3002}
06-16 11:46:22.968 13306 13306 I ActivityThread: Pub com.google.android.talk.SuggestionProvider: com.google.android.talk.SuggestionsProvider
06-16 11:46:23.203 13306 13306 D vclib:CallStateClient: startListening
06-16 11:46:23.398 13306 13309 D dalvikvm: GC_CONCURRENT freed 187K, 3% free 9348K/9607K, paused 7ms+10ms
06-16 11:46:23.547 13160 13232 I ActivityThread: Removing dead content provider: contacts
06-16 11:46:23.547 13160 13232 I ActivityThread: Removing dead content provider: com.android.contacts
06-16 11:46:23.547   140   464 I ActivityManager: Process android.process.acore (pid 13217) has died.
06-16 11:46:23.547   140   464 I ActivityManager: Kill com.google.process.gapps (pid 13160): provider com.android.providers.contacts.ContactsProvider2 in dying process android.process.acore
06-16 11:46:23.547   140   464 I ActivityManager: Kill com.google.android.apps.googlevoice (pid 13192): provider com.android.providers.contacts.VoicemailContentProvider in dying process android.process.acore
06-16 11:46:23.726 13084 13116 W Gmail   : Scheduling index for 300000 ms from now
06-16 11:46:23.754   140  9531 I ActivityManager: Process com.google.android.apps.googlevoice (pid 13192) has died.
06-16 11:46:23.754   140  9531 W ActivityManager: Scheduling restart of crashed service com.google.android.apps.googlevoice/.CallLogService in 394656ms
06-16 11:46:23.769   140   464 I ActivityManager: Process com.google.process.gapps (pid 13160) has died.
06-16 11:46:23.769   140   464 W ActivityManager: Scheduling restart of crashed service com.google.android.gsf/.gtalkservice.service.GTalkService in 14655ms
06-16 11:46:23.769   140   464 I ActivityManager: Kill com.google.android.talk (pid 13306): provider com.google.android.gsf.talk.TalkProvider in dying process com.google.process.gapps
06-16 11:46:23.800   140  9531 I ActivityManager: Process com.google.android.talk (pid 13306) has died.
06-16 11:46:23.898 13084 13116 I Gmail   : Sending notification intent: Intent { act=android.intent.action.PROVIDER_CHANGED dat=content://gmail-ls/unread/^i (has extras) }
06-16 11:46:25.093  3707  3707 D wpa_supplicant: wpa_driver_wext_driver_cmd RSSI len = 248
06-16 11:46:25.101  3707  3707 D wpa_supplicant: wpa_driver_wext_driver_cmd Ko rssi -65  len = 12, 12
06-16 11:46:25.101  3707  3707 D wpa_supplicant: wpa_driver_wext_driver_cmd LINKSPEED len = 248
06-16 11:46:25.101  3707  3707 D wpa_supplicant: wpa_driver_wext_driver_cmd LinkSpeed 19 len = 12, 12
06-16 11:46:28.105  3707  3707 D wpa_supplicant: wpa_driver_wext_driver_cmd RSSI len = 248
06-16 11:46:28.113  3707  3707 D wpa_supplicant: wpa_driver_wext_driver_cmd Ko rssi -65  len = 12, 12
06-16 11:46:28.113  3707  3707 D wpa_supplicant: wpa_driver_wext_driver_cmd LINKSPEED len = 248
06-16 11:46:28.113  3707  3707 D wpa_supplicant: wpa_driver_wext_driver_cmd LinkSpeed 19 len = 12, 12
06-16 11:46:28.453   140   157 I ActivityManager: Start proc com.google.process.gapps for service com.google.android.location/.internal.server.NetworkLocationService: pid=13329 uid=10009 gids={3003, 1015, 1007, 2001, 3006}
06-16 11:46:28.476 13329 13329 I dalvikvm: Turning on JNI app bug workarounds for target SDK version 12...
06-16 11:46:28.640 12513 12558 D Finsky  : [1031] MarketBillingService.getPreferredAccount: com.glu.modwarsniper: Account determined from library ownership.
06-16 11:46:28.664 12513 12558 D Finsky  : [1031] MarketBillingService.getPreferredAccount: com.glu.modwarsniper: Account determined from library ownership.
06-16 11:46:28.672 13329 13329 I ActivityThread: Pub com.google.settings: com.google.android.gsf.settings.GoogleSettingsProvider
06-16 11:46:28.707   140   285 I ActivityManager: START {act=android.intent.action.VIEW cmp=com.android.vending/com.google.android.finsky.activities.IabActivity (has extras)} from pid -1
06-16 11:46:28.840 13329 13329 I ActivityThread: Pub subscribedfeeds: com.google.android.gsf.subscribedfeeds.SubscribedFeedsProvider
06-16 11:46:28.933 13329 13329 I ActivityThread: Pub com.google.contacts.gal.provider: com.google.android.syncadapters.contacts.GalProvider
06-16 11:46:29.015 13329 13329 I ActivityThread: Pub com.google.android.gsf.gservices: com.google.android.gsf.gservices.GservicesProvider
06-16 11:46:29.015 13329 13329 I GservicesProvider: Gservices pushing to system: true; secure: true
06-16 11:46:29.015 13329 13329 I ActivityThread: Pub com.google.android.providers.talk: com.google.android.gsf.talk.TalkProvider
06-16 11:46:29.164 12881 12881 I Main thread: Focus lost
06-16 11:46:29.238 12881 12897 D dalvikvm: Trying to load lib /mnt/asec/com.glu.modwarsniper-2/lib/libgwallet.so 0x413319e8
06-16 11:46:29.238 12881 12897 D dalvikvm: Shared lib '/mnt/asec/com.glu.modwarsniper-2/lib/libgwallet.so' already loaded in same CL 0x413319e8
06-16 11:46:29.297 13329 13332 D dalvikvm: GC_CONCURRENT freed 285K, 5% free 9213K/9607K, paused 3ms+3ms
06-16 11:46:29.343 12881 12897 D FlurryAgent: Event count incremented: SessionStop
06-16 11:46:29.347 12881 12897 D FlurryAgent: Logged event: SessionStop
06-16 11:46:29.367 13329 13329 D androidInternalNlpService: onCreate com.google.android.location.internal.server.NetworkLocationService@41388e48
06-16 11:46:29.382 13329 13329 D androidNlpServiceThread: ANDROID minProtocolVersion 1 maxProtocolVersion 1 releaseVersion -1
06-16 11:46:29.394 13329 13344 D NetworkLocationRealOs: NLPv2 file already exists; ignoring any NLPv1 files
06-16 11:46:29.461   140   156 I Process : Sending signal. PID: 12513 SIG: 3
06-16 11:46:29.461 12513 12518 I dalvikvm: threadid=3: reacting to signal 3
06-16 11:46:29.484 12881 12897 D FlurryAgent: Ending session
06-16 11:46:29.554 12513 12518 I dalvikvm: Wrote stack traces to '/data/anr/traces.txt'
06-16 11:46:29.652   140   354 D SyncManager: setSyncAutomatically: , provider subscribedfeeds -> true
06-16 11:46:29.652   140   354 D SyncManager: setSyncAutomatically: already set to true, doing nothing
06-16 11:46:29.699 13329 13332 D dalvikvm: GC_CONCURRENT freed 407K, 5% free 9339K/9799K, paused 3ms+3ms
06-16 11:46:29.777 12513 12516 D dalvikvm: GC_CONCURRENT freed 341K, 5% free 9740K/10183K, paused 2ms+10ms
06-16 11:46:29.871 12881 12888 I dalvikvm: Total arena pages for JIT: 18
06-16 11:46:29.945   140   156 I Process : Sending signal. PID: 12513 SIG: 3
06-16 11:46:29.945 12513 12518 I dalvikvm: threadid=3: reacting to signal 3
06-16 11:46:29.968 12513 12518 I dalvikvm: Wrote stack traces to '/data/anr/traces.txt'
06-16 11:46:29.988 12513 12513 D libEGL  : loaded /system/lib/egl/libGLES_android.so
06-16 11:46:30.000 12513 12513 D libEGL  : loaded /vendor/lib/egl/libEGL_POWERVR_SGX540_120.so
06-16 11:46:30.050 12881 12897 I GLThread: releasing EGL surface because paused tid=1060
06-16 11:46:30.062 12513 12513 D libEGL  : loaded /vendor/lib/egl/libGLESv1_CM_POWERVR_SGX540_120.so
06-16 11:46:30.066 12513 12513 D libEGL  : loaded /vendor/lib/egl/libGLESv2_POWERVR_SGX540_120.so
06-16 11:46:30.175 13329 13332 D dalvikvm: GC_CONCURRENT freed 229K, 4% free 9625K/9927K, paused 5ms+4ms
06-16 11:46:30.367 12513 12513 D OpenGLRenderer: Enabling debug mode 0
06-16 11:46:30.445   140   156 I Process : Sending signal. PID: 12513 SIG: 3
06-16 11:46:30.445 12513 12518 I dalvikvm: threadid=3: reacting to signal 3
06-16 11:46:30.472 12513 12518 I dalvikvm: Wrote stack traces to '/data/anr/traces.txt'
06-16 11:46:30.500 13329 13332 D dalvikvm: GC_CONCURRENT freed 156K, 3% free 9995K/10247K, paused 2ms+16ms
06-16 11:46:30.590   140  9531 W InputManagerService: Starting input on non-focused client com.android.internal.view.IInputMethodClient$Stub$Proxy@417e50b0 (uid=10073 pid=12881)
06-16 11:46:30.617   140  2836 I ActivityManager: Start proc com.google.android.gsf.login for service com.google.android.gsf.login/com.google.android.gsf.loginservice.GoogleLoginService: pid=13356 uid=10009 gids={3003, 1015, 1007, 2001, 3006}
06-16 11:46:30.734  3707  3707 D wpa_supplicant: wpa_driver_wext_driver_cmd SETSUSPENDOPT 0 len = 4096
06-16 11:46:30.746   140   172 I ActivityManager: Displayed com.android.vending/com.google.android.finsky.activities.IabActivity: +1s802ms
06-16 11:46:30.761  3707  3707 D wpa_supplicant: wpa_driver_wext_driver_cmd SETSUSPENDOPT 0 len = 0, 15
06-16 11:46:30.765  3707  3707 D wpa_supplicant: wpa_driver_wext_driver_cmd POWERMODE 0 len = 4096
06-16 11:46:30.773  3707  3707 D wpa_supplicant: wpa_driver_wext_driver_cmd OK len = 0, 2
06-16 11:46:30.785  3707  3707 D wpa_supplicant: WPS: Building WPS IE for Probe Request
06-16 11:46:30.785  3707  3707 D wpa_supplicant: WPS:  * Version (hardcoded 0x10)
06-16 11:46:30.785  3707  3707 D wpa_supplicant: WPS:  * Request Type
06-16 11:46:30.785  3707  3707 D wpa_supplicant: WPS:  * Config Methods (2388)
06-16 11:46:30.785  3707  3707 D wpa_supplicant: WPS:  * UUID-E
06-16 11:46:30.785  3707  3707 D wpa_supplicant: WPS:  * Primary Device Type
06-16 11:46:30.785  3707  3707 D wpa_supplicant: WPS:  * RF Bands (3)
06-16 11:46:30.785  3707  3707 D wpa_supplicant: WPS:  * Association State
06-16 11:46:30.785  3707  3707 D wpa_supplicant: WPS:  * Configuration Error (0)
06-16 11:46:30.785  3707  3707 D wpa_supplicant: WPS:  * Device Password ID (0)
06-16 11:46:30.785  3707  3707 D wpa_supplicant: WPS:  * Manufacturer
06-16 11:46:30.785  3707  3707 D wpa_supplicant: WPS:  * Model Name
06-16 11:46:30.785  3707  3707 D wpa_supplicant: WPS:  * Model Number
06-16 11:46:30.785  3707  3707 D wpa_supplicant: WPS:  * Device Name
06-16 11:46:30.785  3707  3707 D wpa_supplicant: WPS:  * Version2 (0x20)
06-16 11:46:30.785  3707  3707 D wpa_supplicant: wpa_driver_wext_combo_scan: Start
06-16 11:46:30.785  3707  3707 D wpa_supplicant: For Scan: (null)
06-16 11:46:30.843   140   354 I ActivityManager: Process com.google.android.gm (pid 13084) has died.
06-16 11:46:30.918  3707  3707 D wpa_supplicant: Scan requested (ret=0) - scan timeout 30 seconds
06-16 11:46:30.925 12881 12897 I GLThread: releasing EGL surface because paused tid=1060
06-16 11:46:30.925 12881 12897 I GLThread: noticed surfaceView surface lost tid=1060
06-16 11:46:31.113  3707  3707 D wpa_supplicant: wpa_driver_wext_driver_cmd RSSI len = 248
06-16 11:46:31.117  3707  3707 D wpa_supplicant: wpa_driver_wext_driver_cmd Ko rssi -61  len = 12, 12
06-16 11:46:31.117  3707  3707 D wpa_supplicant: wpa_driver_wext_driver_cmd LINKSPEED len = 248
06-16 11:46:31.117  3707  3707 D wpa_supplicant: wpa_driver_wext_driver_cmd LinkSpeed 19 len = 12, 12
06-16 11:46:31.144 12513 12516 D dalvikvm: GC_CONCURRENT freed 453K, 6% free 9763K/10311K, paused 11ms+26ms
06-16 11:46:31.199  3707  3707 D wpa_supplicant: Ongoing scan action - reject new request
06-16 11:46:31.222 12513 12513 D Finsky  : [1] DownloadImpl.setState: self-update-download from null to UNQUEUED.
06-16 11:46:31.230 12513 12513 D Finsky  : [1] DownloadQueueImpl.add: Download self-update-download added to DownloadQueue
06-16 11:46:31.234 12513 12513 D Finsky  : [1] DownloadImpl.setState: self-update-download from UNQUEUED to QUEUED.
06-16 11:46:31.312   140   152 I ActivityManager: Start proc android.process.media for content provider com.android.providers.downloads/.DownloadProvider: pid=13374 uid=10012 gids={1015, 1023, 1024, 2001, 3003, 3007}
06-16 11:46:31.324    83    83 I installd: free_cache(0) avail 595222528
06-16 11:46:31.398 13374 13374 I ActivityThread: Pub downloads: com.android.providers.downloads.DownloadProvider
06-16 11:46:31.418 13374 13374 I ActivityThread: Pub drm: com.android.providers.drm.DrmProvider
06-16 11:46:31.429 13374 13388 I DownloadManager: in removeSpuriousFiles
06-16 11:46:31.461 13374 13374 I ActivityThread: Pub media: com.android.providers.media.MediaProvider
06-16 11:46:31.504 13374 13388 I DownloadManager: in removeSpuriousFiles, preserving file /mnt/sdcard/Download/Swype-Installer-3.apk
06-16 11:46:31.507 13374 13388 I DownloadManager: in removeSpuriousFiles, preserving file /mnt/sdcard/Download/Swype-Installer-4.apk
06-16 11:46:31.507 13374 13388 I DownloadManager: in removeSpuriousFiles, preserving file /mnt/sdcard/Download/Swype-Installer-5.apk
06-16 11:46:31.507 13374 13388 I DownloadManager: in removeSpuriousFiles, preserving file /mnt/sdcard/Download/Swype-Installer-6.apk
06-16 11:46:31.511 13374 13388 I DownloadManager: in removeSpuriousFiles, preserving file /mnt/sdcard/Download/Swype-Installer.apk
06-16 11:46:31.511 13374 13388 I DownloadManager: in removeSpuriousFiles, preserving file /mnt/sdcard/Download/Swype-Installer.apk
06-16 11:46:31.511 13374 13388 I DownloadManager: in removeSpuriousFiles, preserving file /mnt/sdcard/Download/Swype-Installer-1.apk
06-16 11:46:31.511 13374 13388 I DownloadManager: in removeSpuriousFiles, preserving file /mnt/sdcard/Download/BKPC Outdoor Service 2012 197.jpg
06-16 11:46:31.511 13374 13388 I DownloadManager: in removeSpuriousFiles, preserving file /mnt/sdcard/Download/BKPC Outdoor Service 2012 196.jpg
06-16 11:46:31.511 13374 13388 I DownloadManager: in removeSpuriousFiles, preserving file /mnt/sdcard/Download/Swype-Installer.apk
06-16 11:46:31.511 13374 13388 I DownloadManager: in removeSpuriousFiles, preserving file /mnt/sdcard/Download/Swype-Installer-1.apk
06-16 11:46:31.515 13374 13388 I DownloadManager: deleting spurious file /cache/backup
06-16 11:46:31.875 12513 12513 D Finsky  : [1] DownloadQueueImpl.startDownload: Download self-update-download starting
06-16 11:46:31.976 12513 12516 D dalvikvm: GC_CONCURRENT freed 273K, 4% free 9986K/10375K, paused 166ms+7ms
06-16 11:46:32.121 13374 13376 D dalvikvm: GC_CONCURRENT freed 368K, 5% free 9165K/9607K, paused 7ms+9ms
06-16 11:46:32.156  3707  3707 D wpa_supplicant: RTM_NEWLINK: operstate=1 ifi_flags=0x11043 ([UP][RUNNING][LOWER_UP])
06-16 11:46:32.156  3707  3707 D wpa_supplicant: RTM_NEWLINK, IFLA_IFNAME: Interface 'wlan0' added
06-16 11:46:32.156  3707  3707 D wpa_supplicant: Wireless event: cmd=0x8b19 len=8
06-16 11:46:32.156  3707  3707 D wpa_supplicant: Received 196 bytes of scan results (1 BSSes)
06-16 11:46:32.191    81   125 D AudioHardware: AudioHardware pcm playback is going to standby.
06-16 11:46:32.191    81   125 D AudioHardware: closePcmOut_l() mPcmOpenCnt: 1
06-16 11:46:32.238   140   151 I ActivityManager: Process com.google.android.gsf.login (pid 13356) has died.
06-16 11:46:32.340 12513 12513 D Finsky  : [1] DownloadImpl.setState: self-update-download from QUEUED to DOWNLOADING.
06-16 11:46:32.343 12513 12513 D Finsky  : [1] DownloadQueueImpl.onStart: self-update-download: onStart
06-16 11:46:32.398 12513 12513 D Finsky  : [1] DownloadQueueImpl.notifyProgress: self-update-download: onProgress 0/-1 Status: 190.
06-16 11:46:32.445  3707  3707 D wpa_supplicant: wpa_driver_wext_driver_cmd SETSUSPENDOPT 0 len = 4096
06-16 11:46:32.445  3707  3707 D wpa_supplicant: wpa_driver_wext_driver_cmd SETSUSPENDOPT 0 len = 0, 15
06-16 11:46:32.445  3707  3707 D wpa_supplicant: wpa_driver_wext_driver_cmd POWERMODE 0 len = 4096
06-16 11:46:32.445  3707  3707 D wpa_supplicant: wpa_driver_wext_driver_cmd OK len = 0, 2
06-16 11:46:32.543 12513 12513 D Finsky  : [1] DownloadQueueImpl.notifyProgress: self-update-download: onProgress 0/-1 Status: 192.
06-16 11:46:32.640 13374 13394 I DownloadManager: Initiating request for download 188
06-16 11:46:33.078 12513 12513 D Volley  : [1] Request.finish: 3290 ms: [ ] https://android.clients.google.com/vending/api/ApiRequest NORMAL 1 GetMarketMetadataRequestProto
06-16 11:46:33.172 12513 12516 D dalvikvm: GC_CONCURRENT freed 416K, 5% free 10102K/10631K, paused 3ms+11ms
06-16 11:46:33.300 12513 12513 D Finsky  : [1] GetBillingCountriesAction.run: Skip getting fresh list of billing countries.
06-16 11:46:33.535 12513 12513 D Finsky  : [1] CarrierProvisioningAction.run: No need to fetch provisioning from carrier.
06-16 11:46:33.769   140   357 I ActivityManager: Start proc com.google.android.gsf.login for service com.google.android.gsf.login/com.google.android.gsf.loginservice.GoogleLoginService: pid=13402 uid=10009 gids={3003, 1015, 1007, 2001, 3006}
06-16 11:46:34.097   140   357 I ActivityManager: Process com.facebook.katana (pid 12906) has died.
06-16 11:46:34.097   140   357 W ActivityManager: Scheduling restart of crashed service com.facebook.katana/com.facebook.orca.push.mqtt.MqttPushService in 14325ms
06-16 11:46:34.101   140   357 W ActivityManager: Scheduling restart of crashed service com.facebook.katana/.service.MediaUploadService in 48904ms
06-16 11:46:34.140  3707  3707 D wpa_supplicant: wpa_driver_wext_driver_cmd RSSI len = 248
06-16 11:46:34.148  3707  3707 D wpa_supplicant: wpa_driver_wext_driver_cmd Ko rssi -65  len = 12, 12
06-16 11:46:34.148  3707  3707 D wpa_supplicant: wpa_driver_wext_driver_cmd LINKSPEED len = 248
06-16 11:46:34.148  3707  3707 D wpa_supplicant: wpa_driver_wext_driver_cmd LinkSpeed 26 len = 12, 12
06-16 11:46:34.289 12513 12516 D dalvikvm: GC_CONCURRENT freed 251K, 4% free 10308K/10695K, paused 5ms+11ms
06-16 11:46:34.332 13329 13332 D dalvikvm: GC_CONCURRENT freed 906K, 10% free 9548K/10567K, paused 3ms+3ms
06-16 11:46:34.394 13402 13404 D dalvikvm: GC_CONCURRENT freed 303K, 4% free 9167K/9543K, paused 11ms+4ms
06-16 11:46:34.773 13374 13376 D dalvikvm: GC_CONCURRENT freed 346K, 5% free 9255K/9735K, paused 4ms+5ms
06-16 11:46:35.406 13374 13394 W DownloadManager: Aborting request for download 188: http error 403, mContinuingDownload: false
06-16 11:46:35.519 12513 12513 D Finsky  : [1] DownloadQueueImpl.notifyProgress: self-update-download: onProgress 0/-1 Status: 403.
06-16 11:46:35.550 12513 12513 D Finsky  : [1] DownloadBroadcastReceiver.onReceive: Intent received at DownloadBroadcastReceiver
06-16 11:46:35.980   140  5028 D dalvikvm: GC_EXPLICIT freed 1035K, 26% free 16674K/22343K, paused 15ms+9ms
06-16 11:46:36.031 12513 12513 D Finsky  : [1] DownloadImpl.setState: self-update-download from DOWNLOADING to ERROR.
06-16 11:46:36.031 12513 12513 D Finsky  : [1] DownloadQueueImpl.onError: self-update-download: onError 403.
06-16 11:46:36.031 12513 12513 D Finsky  : [1] DownloadQueueImpl.remove: Download self-update-download removed from DownloadQueue
06-16 11:46:36.039 12513 12513 E Finsky  : [1] SelfUpdateScheduler.onError: Self-update failed because of HTTP error code: 403
06-16 11:46:36.047    83    83 I installd: free_cache(0) avail 595202048
06-16 11:46:37.152  3707  3707 D wpa_supplicant: wpa_driver_wext_driver_cmd RSSI len = 248
06-16 11:46:37.160  3707  3707 D wpa_supplicant: wpa_driver_wext_driver_cmd Ko rssi -63  len = 12, 12
06-16 11:46:37.160  3707  3707 D wpa_supplicant: wpa_driver_wext_driver_cmd LINKSPEED len = 248
06-16 11:46:37.160  3707  3707 D wpa_supplicant: wpa_driver_wext_driver_cmd LinkSpeed 39 len = 12, 12
06-16 11:46:38.535 12881 13012 I GServe Unity: ONM ticking...now=1339861598536
06-16 11:46:38.613 13329 13332 D dalvikvm: GC_CONCURRENT freed 429K, 9% free 9630K/10567K, paused 2ms+2ms
06-16 11:46:38.687   140   157 I ActivityManager: Start proc com.google.android.talk for broadcast com.google.android.talk/.McsConnectionStartedReceiver: pid=13425 uid=10047 gids={3003, 1015, 1006, 3002}
06-16 11:46:38.761 13425 13425 I ActivityThread: Pub com.google.android.talk.SuggestionProvider: com.google.android.talk.SuggestionsProvider
06-16 11:46:38.832 13425 13425 D vclib:CallStateClient: startListening
06-16 11:46:38.840   140   359 I ActivityManager: Process com.google.android.gsf.login (pid 13402) has died.
06-16 11:46:38.890 13329 13424 I GTalkService/c: [AndroidEndpoint@1093968216] connect: acct=1000000, state=CONNECTING
06-16 11:46:38.906 13425 13445 I talk    : onMcsConnectionStarted
06-16 11:46:38.914 13425 13429 D dalvikvm: GC_CONCURRENT freed 150K, 3% free 9347K/9607K, paused 2ms+3ms
06-16 11:46:39.082 13329 13332 D dalvikvm: GC_CONCURRENT freed 360K, 9% free 9689K/10567K, paused 13ms+3ms
06-16 11:46:39.187 13329 13447 I GTalkService/c: [GTalkConnection@1094595448] connect: acct=1, state=CONNECTING
06-16 11:46:39.531 12881 12978 D FlurryAgent: generating report
06-16 11:46:39.531 12881 12978 I FlurryAgent: Sent IMEI: [65, -37, -127, 27, 78, -25, 101, -71, -56, 107, 33, -12, 16, 35, -78, 27, 32, -127, 12, -97]
06-16 11:46:39.531 12881 12978 D FlurryAgent: Sending report to: http://data.flurry.com/aap.do
06-16 11:46:39.941 12881 12883 D dalvikvm: GC_CONCURRENT freed 1817K, 20% free 16408K/20423K, paused 46ms+3ms
06-16 11:46:40.164  3707  3707 D wpa_supplicant: wpa_driver_wext_driver_cmd RSSI len = 248
06-16 11:46:40.175  3707  3707 D wpa_supplicant: wpa_driver_wext_driver_cmd Ko rssi -62  len = 12, 12
06-16 11:46:40.175  3707  3707 D wpa_supplicant: wpa_driver_wext_driver_cmd LINKSPEED len = 248
06-16 11:46:40.179  3707  3707 D wpa_supplicant: wpa_driver_wext_driver_cmd LinkSpeed 39 len = 12, 12
06-16 11:46:40.363 12881 12978 D FlurryAgent: Report successful
06-16 11:46:40.363 12881 12978 D FlurryAgent: Processing report response
06-16 11:46:40.367 12881 12978 D FlurryAgent: Done sending agent report
06-16 11:46:40.840   140  8343 I ActivityManager: Start proc android.process.acore for content provider com.android.providers.contacts/.ContactsProvider2: pid=13456 uid=10000 gids={3003, 1015}
06-16 11:46:40.879 13456 13456 I ActivityThread: Pub call_log: com.android.providers.contacts.CallLogProvider
06-16 11:46:40.914 13456 13456 I ActivityThread: Pub com.android.voicemail: com.android.providers.contacts.VoicemailContentProvider
