06-10 17:59:09.781   141   418 I ActivityManager: Start proc com.google.android.apps.maps for broadcast com.google.android.apps.maps/com.google.android.location.internal.NlpPackageUpdateReceiver: pid=4060 uid=10068 gids={3003, 1015}
06-10 17:59:10.343   141   153 I ActivityManager: Process com.android.voicedialer (pid 4019) has died.
06-10 17:59:11.632   141   298 I ActivityManager: START {cmp=com.touchtype.swiftkey.phone.trial/com.touchtype.installer.InstallerEula} from pid 4005
06-10 17:59:13.164   141   939 I ActivityManager: Start proc com.google.android.googlequicksearchbox for broadcast com.google.android.googlequicksearchbox/.SourceUpdateReceiver: pid=4097 uid=10023 gids={3003}
06-10 17:59:13.664   141   152 I ActivityManager: Start proc com.android.quicksearchbox for broadcast com.android.quicksearchbox/.CorporaUpdateReceiver: pid=4114 uid=10042 gids={3003}
06-10 17:59:14.769   141   297 I ActivityManager: Process com.google.android.apps.maps (pid 4060) has died.
06-10 17:59:14.777   141   942 I ActivityManager: Process com.google.android.apps.plus (pid 4032) has died.
06-10 17:59:15.558   141   152 I ActivityManager: Process com.google.android.googlequicksearchbox (pid 4097) has died.
06-10 17:59:15.742   141   810 I ActivityManager: Process android.process.media (pid 4048) has died.
06-10 17:59:15.742   141   810 I ActivityManager: Kill com.android.vending (pid 3100): provider com.android.providers.downloads.DownloadProvider in dying process android.process.media
06-10 17:59:15.761   141  4079 I ActivityManager: Applications Memory Usage (kB):
06-10 17:59:15.761   141  4079 I ActivityManager: Uptime: 1289686 Realtime: 1393399
06-10 17:59:15.761   141  4079 I ActivityManager: Total PSS by OOM adjustment:
06-10 17:59:15.761   141  4079 I ActivityManager:     22361 kB: System
06-10 17:59:15.761   141  4079 I ActivityManager:                22361 kB: system (pid 141)
06-10 17:59:15.761   141  4079 I ActivityManager:     17407 kB: Persistent
06-10 17:59:15.761   141  4079 I ActivityManager:                 8244 kB: com.android.systemui (pid 213)
06-10 17:59:15.761   141  4079 I ActivityManager:                 5442 kB: com.android.phone (pid 361)
06-10 17:59:15.761   141  4079 I ActivityManager:                 3721 kB: com.android.nfc (pid 375)
06-10 17:59:15.761   141  4079 I ActivityManager:     43979 kB: Foreground
06-10 17:59:15.761   141  4079 I ActivityManager:                17350 kB: com.android.launcher (pid 2281)
06-10 17:59:15.761   141  4079 I ActivityManager:                 9403 kB: com.google.process.gapps (pid 1830)
06-10 17:59:15.761   141  4079 I ActivityManager:                 8598 kB: com.touchtype.swiftkey.phone.trial (pid 4005)
06-10 17:59:15.761   141  4079 I ActivityManager:                 4417 kB: com.google.android.apps.maps (pid 4060)
06-10 17:59:15.761   141  4079 I ActivityManager:                 4211 kB: android.process.media (pid 4048)
06-10 17:59:15.761   141  4079 I ActivityManager:     19114 kB: Visible
06-10 17:59:15.761   141  4079 I ActivityManager:                16586 kB: com.android.wallpaper (pid 325)
06-10 17:59:15.761   141  4079 I ActivityManager:                 2528 kB: com.android.smspush (pid 485)
06-10 17:59:15.761   141  4079 I ActivityManager:     40303 kB: Perceptible
06-10 17:59:15.761   141  4079 I ActivityManager:                32221 kB: com.android.vending (pid 3100)
06-10 17:59:15.761   141  4079 I ActivityManager:                 8082 kB: com.android.inputmethod.latin (pid 341)
06-10 17:59:15.761   141  4079 I ActivityManager:      9924 kB: A Services
06-10 17:59:15.761   141  4079 I ActivityManager:                 6310 kB: com.google.android.apps.maps:NetworkLocationService (pid 2123)
06-10 17:59:15.761   141  4079 I ActivityManager:                 3614 kB: com.google.android.apps.googlevoice (pid 2908)
06-10 17:59:15.761   141  4079 I ActivityManager:     81701 kB: Previous
06-10 17:59:15.761   141  4079 I ActivityManager:                45321 kB: com.android.chrome:sandboxed_process0 (pid 3731)
06-10 17:59:15.761   141  4079 I ActivityManager:                36380 kB: com.android.chrome (pid 3536)
06-10 17:59:15.761   141  4079 I ActivityManager:     32314 kB: B Services
06-10 17:59:15.761   141  4079 I ActivityManager:                14691 kB: android.process.acore (pid 2704)
06-10 17:59:15.761   141  4079 I ActivityManager:                 8042 kB: com.facebook.katana (pid 2192)
06-10 17:59:15.761   141  4079 I ActivityManager:                 4041 kB: com.glu.modwarsniper (pid 2450)
06-10 17:59:15.761   141  4079 I ActivityManager:                 2976 kB: edu.buffalo.cse.phonelab.phonelabservices (pid 2729)
06-10 17:59:15.761   141  4079 I ActivityManager:                 2564 kB: com.android.sprintmenu (pid 2347)
06-10 17:59:15.761   141  4079 I ActivityManager:      7359 kB: Background
06-10 17:59:15.761   141  4079 I ActivityManager:                 7359 kB: com.google.android.apps.plus (pid 4032)
06-10 17:59:15.761   141  4079 I ActivityManager: 
06-10 17:59:15.761   141  4079 I ActivityManager: Total PSS: 274462 kB
06-10 17:59:15.761   141  4079 I ActivityManager:   PID      Vss      Rss      Pss      Uss  cmdline
06-10 17:59:15.761   141  4079 I ActivityManager:  3731   63736K   63636K   45308K   43904K  com.android.chrome:sandboxed_process0
06-10 17:59:15.761   141  4079 I ActivityManager:  3536   55732K   55696K   36436K   34776K  com.android.chrome
06-10 17:59:15.761   141  4079 I ActivityManager:  3100   52972K   52924K   32228K   30452K  com.android.vending
06-10 17:59:15.761   141  4079 I ActivityManager:   141   41424K   41400K   22216K   19948K  system_server
06-10 17:59:15.761   141  4079 I ActivityManager:  4005   41172K   41128K   20093K   17812K  com.touchtype.swiftkey.phone.trial
06-10 17:59:15.761   141  4079 I ActivityManager:  2281   37488K   37436K   17153K   14792K  com.android.launcher
06-10 17:59:15.761   141  4079 I ActivityManager:   325   35032K   34936K   16621K   14292K  com.android.wallpaper
06-10 17:59:15.761   141  4079 I ActivityManager:  2704   32892K   32828K   14046K   11796K  android.process.acore
06-10 17:59:15.761   141  4079 I ActivityManager:    78   22240K   15184K   10515K    6784K  /system/bin/surfaceflinger
06-10 17:59:15.761   141  4079 I ActivityManager:  1830   26520K   26464K    9420K    8560K  com.google.process.gapps
06-10 17:59:15.761   141  4079 I ActivityManager:   213   27696K   27652K    8206K    5740K  com.android.systemui
06-10 17:59:15.761   141  4079 I ActivityManager:   341   26072K   26016K    8087K    7148K  com.android.inputmethod.latin
06-10 17:59:15.761   141  4079 I ActivityManager:  2192   24116K   24052K    8057K    7360K  com.facebook.katana
06-10 17:59:15.761   141  4079 I ActivityManager:  2123   22712K   22620K    6324K    5576K  com.google.android.apps.maps:NetworkLocationService
06-10 17:59:15.761   141  4079 I ActivityManager:   361   21296K   21208K    5457K    4772K  com.android.phone
06-10 17:59:15.761   141  4079 I ActivityManager:  4048   24492K   24424K    4741K    3132K  android.process.media
06-10 17:59:15.761   141  4079 I ActivityManager:  2450   20372K   20304K    4055K    3332K  com.glu.modwarsniper
06-10 17:59:15.761   141  4079 I ActivityManager:   375   19916K   19824K    3733K    3028K  com.android.nfc
06-10 17:59:15.761   141  4079 I ActivityManager:  2908   20436K   20368K    3613K    2844K  com.google.android.apps.googlevoice
06-10 17:59:15.761   141  4079 I ActivityManager:  2729   19988K   19920K    2975K    2180K  edu.buffalo.cse.phonelab.phonelabservices
06-10 17:59:15.761   141  4079 I ActivityManager:  2347   19380K   19276K    2545K    1744K  com.android.sprintmenu
06-10 17:59:15.761   141  4079 I ActivityManager:   485   18984K   18872K    2511K    1720K  com.android.smspush
06-10 17:59:15.761   141  4079 I ActivityManager:    79   19188K   19028K    2129K    1024K  zygote
06-10 17:59:15.761   141  4079 I ActivityManager:    81    2248K    2248K    1820K    1780K  /system/bin/mediaserver
06-10 17:59:15.761   141  4079 I ActivityManager:    80    1192K    1192K     881K     872K  /system/bin/drmserver
06-10 17:59:15.761   141  4079 I ActivityManager:  1396    1008K    1004K     855K     852K  logcat
06-10 17:59:15.761   141  4079 I ActivityManager:  4094     856K     848K     687K     648K  procrank
06-10 17:59:15.761   141  4079 I ActivityManager:    77     936K     936K     613K     600K  /system/bin/rild
06-10 17:59:15.761   141  4079 I ActivityManager:    75     648K     644K     461K     448K  /system/bin/netd
06-10 17:59:15.761   141  4079 I ActivityManager:   277     480K     476K     327K     324K  /system/bin/wpa_supplicant
06-10 17:59:15.761   141  4079 I ActivityManager:   319     436K     436K     279K     276K  /system/bin/bluetoothd
06-10 17:59:15.761   141  4079 I ActivityManager:    72     436K     432K     272K     268K  /system/bin/vold
06-10 17:59:15.761   141  4079 I ActivityManager:    85     484K     480K     270K     264K  /system/vendor/bin/gpsd
06-10 17:59:15.761   141  4079 I ActivityManager:    87     184K     184K     168K     168K  /sbin/adbd
06-10 17:59:15.761   141  4079 I ActivityManager:    84     264K     256K     162K 
06-10 17:59:15.808   141   942 I WindowManager: WIN DEATH: Window{41845330 com.android.vending/com.android.vending.AssetBrowserActivity paused=false}
06-10 17:59:15.808   141   452 I ActivityManager: Process com.android.vending (pid 3100) has died.
06-10 17:59:15.921   141   452 W ActivityManager: Force removing ActivityRecord{4160bf90 com.android.vending/.AssetBrowserActivity}: app died, no saved state
06-10 17:59:16.269   141   951 I ActivityManager: Start proc com.android.calendar for service com.android.calendar/.widget.CalendarAppWidgetService: pid=4130 uid=10005 gids={3003}
06-10 17:59:16.336   141   157 W ActivityManager: Launch timeout has expired, giving up wake lock!
06-10 17:59:16.828   141   940 I ActivityManager: Start proc com.android.providers.calendar for content provider com.android.providers.calendar/.CalendarProvider2: pid=4148 uid=10006 gids={3003, 1015}
06-10 17:59:16.836   141   157 W ActivityManager: Activity idle timeout for ActivityRecord{417d0ea8 com.touchtype.swiftkey.phone.trial/com.touchtype.LauncherActivity}
06-10 17:59:22.945   141   171 I ActivityManager: Start proc com.android.vending for service com.android.vending/com.google.android.finsky.services.ContentSyncService: pid=4170 uid=10048 gids={3003, 1015}
06-10 17:59:24.191   141   141 I ActivityManager: Start proc android.process.media for content provider com.android.providers.downloads/.DownloadProvider: pid=4201 uid=10012 gids={1015, 1023, 1024, 2001, 3003, 3007}
06-10 17:59:25.043   141   942 I ActivityManager: Start proc com.google.android.gsf.login for service com.google.android.gsf.login/com.google.android.gsf.loginservice.GoogleLoginService: pid=4221 uid=10009 gids={3003, 1015, 1007, 2001, 3006}
06-10 17:59:27.933   141   387 W InputManagerService: Window already focused, ignoring focus gain of: com.android.internal.view.IInputMethodClient$Stub$Proxy@418d49b8
06-10 17:59:46.414   141   940 I ActivityManager: START {act=android.settings.INPUT_METHOD_SETTINGS cmp=com.android.settings/.Settings$InputMethodAndLanguageSettingsActivity} from pid 4005
06-10 17:59:46.488   141   418 I ActivityManager: Start proc com.android.settings for activity com.android.settings/.Settings$InputMethodAndLanguageSettingsActivity: pid=4248 uid=1000 gids={1015, 3002, 3001, 3003, 3007}
06-10 17:59:49.500   141   951 I ActivityManager: Process com.android.vending (pid 4170) has died.
06-10 18:00:02.144   141   452 W InputManagerService: Window already focused, ignoring focus gain of: com.android.internal.view.IInputMethodClient$Stub$Proxy@416a0af0
06-10 18:00:06.668   141   810 W InputManagerService: Starting input on non-focused client com.android.internal.view.IInputMethodClient$Stub$Proxy@41822f30 (uid=1000 pid=4248)
06-10 18:00:06.824   141   939 I ActivityManager: Process com.android.quicksearchbox (pid 4114) has died.
06-10 18:00:12.871   141   141 W InputManagerService: Window already focused, ignoring focus gain of: com.android.internal.view.IInputMethodClient$Stub$Proxy@4164bd88
06-10 18:00:27.589   141   153 W InputManagerService: Window already focused, ignoring focus gain of: com.android.internal.view.IInputMethodClient$Stub$Proxy@417f3090
06-10 18:00:30.226   141   942 I ActivityManager: START {act=com.touchtype_fluency.service.PERSONALIZE_ACTIVITY_FROM_INSTALLER cmp=com.touchtype.swiftkey.phone.trial/com.touchtype_fluency.service.personalize.PersonalizerManagerActivity} from pid 4005
06-10 18:00:53.718   141   152 I ActivityManager: START {cmp=com.touchtype.swiftkey.phone.trial/com.touchtype_fluency.service.personalize.PersonalizerActivity (has extras)} from pid 4005
06-10 18:00:57.875   141   141 I ActivityManager: Process com.android.settings (pid 4248) has died.
06-10 18:01:02.398   141   298 I ActivityManager: Process com.android.calendar (pid 4130) has died.
06-10 18:01:10.949   141   452 I ActivityManager: Process com.android.providers.calendar (pid 4148) has died.
06-10 18:01:11.906   141   810 I ActivityManager: Process android.process.acore (pid 2704) has died.
06-10 18:01:19.976   141   387 I ActivityManager: Start proc android.process.acore for content provider com.android.providers.contacts/.ContactsProvider2: pid=4362 uid=10000 gids={3003, 1015}
06-10 18:01:32.472   141   940 I ActivityManager: Process android.process.media (pid 4201) has died.
06-10 18:01:35.554   141   810 I ActivityManager: Process com.android.chrome:sandboxed_process0 (pid 3731) has died.
06-10 18:01:35.554   141   810 W ActivityManager: Scheduling restart of crashed service com.android.chrome/org.chromium.content.browser.SandboxedProcessService0 in 5000ms
06-10 18:02:43.586   141   418 W InputManagerService: Window already focused, ignoring focus gain of: com.android.internal.view.IInputMethodClient$Stub$Proxy@41699948
06-10 18:03:10.945   141   810 I ActivityManager: START {cmp=com.touchtype.swiftkey.phone.trial/com.touchtype.TouchTypeKeyboardSettings} from pid 4005
06-10 18:03:12.804   141   387 I ActivityManager: START {act=android.intent.action.MAIN cmp=com.touchtype.swiftkey.phone.trial/com.touchtype.TouchTypeKeyboardSettings (has extras)} from pid 4005
06-10 18:03:41.461   141   945 I ActivityManager: Start proc com.android.calendar for service com.android.calendar/.widget.CalendarAppWidgetService: pid=4442 uid=10005 gids={3003}
06-10 18:03:41.558   141   939 W InputManagerService: Starting input on non-focused client com.android.internal.view.IInputMethodClient$Stub$Proxy@41890628 (uid=10075 pid=4005)
06-10 18:03:41.832   141   940 I ActivityManager: Start proc com.android.providers.calendar for content provider com.android.providers.calendar/.CalendarProvider2: pid=4458 uid=10006 gids={3003, 1015}
06-10 18:03:51.093   141   940 I ActivityManager: START {act=android.intent.action.MAIN cat=[android.intent.category.LAUNCHER] flg=0x10200000 cmp=com.touchtype.swiftkey.phone.trial/com.touchtype.LauncherActivity} from pid 2281
06-10 18:03:51.132   141   418 I ActivityManager: START {cmp=com.touchtype.swiftkey.phone.trial/com.touchtype.TouchTypeKeyboardSettings} from pid 4005
06-10 18:03:51.601   141   141 W InputManagerService: Starting input on non-focused client com.android.internal.view.IInputMethodClient$Stub$Proxy@4139d1a0 (uid=10027 pid=2281)
06-10 18:03:59.238   141   939 I ActivityManager: START {act=android.intent.action.MAIN cmp=com.touchtype.swiftkey.phone.trial/com.touchtype.TouchTypeKeyboardSettings (has extras)} from pid 4005
06-10 18:04:09.648   141   810 W InputManagerService: Starting input on non-focused client com.android.internal.view.IInputMethodClient$Stub$Proxy@41890628 (uid=10075 pid=4005)
06-10 18:04:11.343   141   951 I ActivityManager: START {act=android.intent.action.MAIN cat=[android.intent.category.LAUNCHER] flg=0x10200000 cmp=com.touchtype.swiftkey.phone.trial/com.touchtype.LauncherActivity} from pid 2281
06-10 18:04:11.492   141   939 I ActivityManager: START {cmp=com.touchtype.swiftkey.phone.trial/com.touchtype.TouchTypeKeyboardSettings} from pid 4005
06-10 18:04:11.554   141   172 W WindowManager: Rebuild removed 4 windows but added 3
06-10 18:04:11.566   141   172 W WindowManager: This window was lost: Window{416490a0 Starting com.touchtype.swiftkey.phone.trial paused=false}
06-10 18:04:11.566   141   172 W WindowManager: mSession=Session{4162be48 uid 1000} mClient=android.view.ViewRootImpl$W@4164b880
06-10 18:04:11.566   141   172 W WindowManager: mAttrs=WM.LayoutParams{(0,0)(fillxfill) sim=#20 ty=3 fl=#1830118 pfl=0x9 wanim=0x1030292}
06-10 18:04:11.566   141   172 W WindowManager: Requested w=480 h=800 mLayoutSeq=1594
06-10 18:04:11.566   141   172 W WindowManager: mBaseLayer=21000 mSubLayer=0 mAnimLayer=21020+0=21020 mLastLayer=22020
06-10 18:04:11.566   141   172 W WindowManager: mToken=AppWindowToken{4190cad8 token=Token{41614470 ActivityRecord{418af390 com.touchtype.swiftkey.phone.trial/com.touchtype.TouchTypeKeyboardSettings}}}
06-10 18:04:11.566   141   172 W WindowManager: mRootToken=AppWindowToken{4190cad8 token=Token{41614470 ActivityRecord{418af390 com.touchtype.swiftkey.phone.trial/com.touchtype.TouchTypeKeyboardSettings}}}
06-10 18:04:11.566   141   172 W WindowManager: mAppToken=AppWindowToken{4190cad8 token=Token{41614470 ActivityRecord{418af390 com.touchtype.swiftkey.phone.trial/com.touchtype.TouchTypeKeyboardSettings}}}
06-10 18:04:11.566   141   172 W WindowManager: mViewVisibility=0x8 mLastHidden=true mHaveFrame=true mObscured=false
06-10 18:04:11.566   141   172 W WindowManager: mSeq=0 mSystemUiVisibility=0x0
06-10 18:04:11.566   141   172 W WindowManager: mGivenContentInsets=[0,0][0,0] mGivenVisibleInsets=[0,0][0,0]
06-10 18:04:11.566   141   172 W WindowManager: mConfiguration={1.0 310mcc120mnc en_US layoutdir=0 sw320dp w320dp h508dp nrml long port finger -keyb/v/h -nav/h s.6}
06-10 18:04:11.566   141   172 W WindowManager: mShownFrame=[-27.56491,45.941498][452.4351,845.9415]
06-10 18:04:11.566   141   172 W WindowManager: mFrame=[0,0][480,800] last=[0,0][480,800]
06-10 18:04:11.566   141   172 W WindowManager: mContainingFrame=[0,0][480,800] mParentFrame=[0,0][480,800] mDisplayFrame=[0,0][480,800]
06-10 18:04:11.566   141   172 W WindowManager: mContentFrame=[0,38][480,800] mVisibleFrame=[0,38][480,800]
06-10 18:04:11.566   141   172 W WindowManager: mContentInsets=[0,38][0,0] last=[0,38][0,0] mVisibleInsets=[0,38][0,0] last=[0,38][0,0]
06-10 18:04:11.566   141   172 W WindowManager: mShownAlpha=0.28308266 mAlpha=1.0 mLastAlpha=0.0
06-10 18:04:11.566   141   172 W WindowManager: mGlobalScale=1.0 mDsDx=1.1148537 mDtDx=0.0 mDsDy=0.0 mDtDy=0.88514626
06-10 18:04:11.566   141   172 W WindowManager: mDrawPending=false mCommitDrawPending=false mReadyToShow=false mHasDrawn=true
06-10 18:04:11.566   141   172 W WindowManager: Current app token list:
06-10 18:04:11.566   141   172 V WindowManager:   #6: Token{418d29c0 ActivityRecord{415adea8 com.touchtype.swiftkey.phone.trial/com.touchtype.TouchTypeKeyboardSettings}}
06-10 18:04:11.566   141   172 V WindowManager:   #5: Token{417155d0 ActivityRecord{41621aa0 com.touchtype.swiftkey.phone.trial/com.touchtype.LauncherActivity}}
06-10 18:04:11.566   141   172 V WindowManager:   #4: Token{41641e18 ActivityRecord{41641c38 com.android.launcher/com.android.launcher2.Launcher}}
06-10 18:04:11.566   141   172 V WindowManager:   #3: Token{41648958 ActivityRecord{4164a370 com.android.chrome/com.google.android.apps.chrome.Main}}
06-10 18:04:11.566   141   172 V WindowManager:   #2: Token{4183bec0 ActivityRecord{41643690 com.android.settings/.SubSettings}}
06-10 18:04:11.566   141   172 V WindowManager:   #1: Token{415c08e0 ActivityRecord{41793d98 com.android.settings/.SubSettings}}
06-10 18:04:11.566   141   172 V WindowManager:   #0: Token{41797aa0 ActivityRecord{4181df58 com.android.settings/.Settings}}
06-10 18:04:11.566   141   172 W WindowManager: Final window list:
06-10 18:04:11.566   141   172 V WindowManager:   #9: Window{417d9e88 RecentsPanel paused=false}
06-10 18:04:11.566   141   172 V WindowManager:   #8: Window{41690478 StatusBar paused=false}
06-10 18:04:11.566   141   172 V WindowManager:   #7: Window{41831460 StatusBarExpanded paused=false}
06-10 18:04:11.566   141   172 V WindowManager:   #6: Window{417bd368 TrackingView paused=false}
06-10 18:04:11.566   141   172 V WindowManager:   #5: Window{4167eeb8 Keyguard paused=false}
06-10 18:04:11.566   141   172 V WindowManager:   #4: Window{4184a7e8 InputMethod paused=false}
06-10 18:04:11.566   141   172 V WindowManager:   #3: Window{41854820 Starting com.touchtype.swiftkey.phone.trial paused=false}
06-10 18:04:11.566   141   172 V WindowManager:   #2: Window{418046d0 com.android.launcher/com.android.launcher2.Launcher paused=false}
06-10 18:04:11.566   141   172 V WindowManager:   #1: Window{41700e98 com.android.chrome/com.google.android.apps.chrome.Main paused=false}
06-10 18:04:11.566   141   172 V WindowManager:   #0: Window{41904d68 com.android.wallpaper.nexus.NexusWallpaper paused=false}
06-10 18:04:12.031   141   298 W InputManagerService: Starting input on non-focused client com.android.internal.view.IInputMethodClient$Stub$Proxy@4139d1a0 (uid=10027 pid=2281)
06-10 18:04:18.546   141   387 I ActivityManager: START {act=android.intent.action.VIEW dat=http://www.swiftkey.net/how-to-use cmp=com.android.chrome/com.google.android.apps.chrome.Main} from pid 4005
06-10 18:04:19.168   141   939 I ActivityManager: Start proc com.android.chrome:sandboxed_process0 for service com.android.chrome/org.chromium.content.browser.SandboxedProcessService0: pid=4495 uid=10056 gids={3003, 1015}
06-10 18:04:19.507   141   939 W InputManagerService: Starting input on non-focused client com.android.internal.view.IInputMethodClient$Stub$Proxy@41890628 (uid=10075 pid=4005)
06-10 18:04:35.242   141   153 W InputManagerService: Window already focused, ignoring focus gain of: com.android.internal.view.IInputMethodClient$Stub$Proxy@414c7970
06-10 18:05:57.265   141   171 I ActivityManager: Start proc com.sirma.mobile.bible.android:com.urbanairship.push.process for service com.sirma.mobile.bible.android/com.urbanairship.push.PushService: pid=4546 uid=10070 gids={3003, 1015}
06-10 18:05:57.308   141   171 I ActivityManager: Start proc com.google.android.apps.plus for service com.google.android.apps.plus/.service.EsService: pid=4557 uid=10060 gids={3003, 3002, 1015, 1006}
06-10 18:05:57.339   141   171 I ActivityManager: Start proc com.google.android.apps.maps for service com.google.android.apps.maps/com.google.googlenav.prefetch.android.PrefetcherService: pid=4571 uid=10068 gids={3003, 1015}
06-10 18:05:58.828   141   950 I ActivityManager: Start proc android.process.media for content provider com.android.providers.media/.MediaProvider: pid=4587 uid=10012 gids={1015, 1023, 1024, 2001, 3003, 3007}
06-10 18:05:59.543   141   297 I ActivityManager: Process android.process.acore (pid 4362) has died.
06-10 18:06:46.882   141   452 I ActivityManager: Process com.android.inputmethod.latin (pid 341) has died.
06-10 18:06:49.394   141   950 I ActivityManager: Process com.android.calendar (pid 4442) has died.
06-10 18:06:51.461   141   418 I ActivityManager: Process com.sirma.mobile.bible.android:com.urbanairship.push.process (pid 4546) has died.
06-10 18:06:55.890   141   942 I ActivityManager: Process com.android.providers.calendar (pid 4458) has died.
06-10 18:07:01.320   141   387 I ActivityManager: Process com.google.android.apps.maps (pid 4571) has died.
06-10 18:07:08.156   141   382 I ActivityManager: Process com.google.android.gsf.login (pid 4221) has died.
06-10 18:07:08.316   141   387 I ActivityManager: moveTaskToBack: 10
06-10 18:07:08.691   141   418 I ActivityManager: Process com.android.chrome:sandboxed_process0 (pid 4495) has died.
06-10 18:07:09.121   141   950 I ActivityManager: Start proc android.process.acore for content provider com.android.providers.contacts/.ContactsProvider2: pid=4652 uid=10000 gids={3003, 1015}
06-10 18:07:10.554   141   298 W InputManagerService: Starting input on non-focused client com.android.internal.view.IInputMethodClient$Stub$Proxy@41890628 (uid=10075 pid=4005)
06-10 18:07:16.879   141   153 I ActivityManager: START {act=android.intent.action.MAIN cat=[android.intent.category.LAUNCHER] flg=0x10200000 cmp=com.touchtype.swiftkey.phone.trial/com.touchtype.LauncherActivity} from pid 2281
06-10 18:07:16.972   141   418 I ActivityManager: START {cmp=com.touchtype.swiftkey.phone.trial/com.touchtype.TouchTypeKeyboardSettings} from pid 4005
06-10 18:07:17.484   141   939 W InputManagerService: Starting input on non-focused client com.android.internal.view.IInputMethodClient$Stub$Proxy@4139d1a0 (uid=10027 pid=2281)
06-10 18:07:21.464   141   298 I ActivityManager: START {act=android.intent.action.MAIN cmp=com.touchtype.swiftkey.phone.trial/com.touchtype.TouchTypeKeyboardSettings (has extras)} from pid 4005
06-10 18:07:26.500   141   153 I ActivityManager: START {act=android.intent.action.VIEW cmp=com.touchtype.swiftkey.phone.trial/com.touchtype.preferences.heatmap.HeatmapActivity} from pid 4005
06-10 18:07:46.171   141   298 I ActivityManager: START {act=android.intent.action.MAIN cmp=com.touchtype.swiftkey.phone.trial/com.touchtype.TouchTypeKeyboardSettings (has extras)} from pid 4005
06-10 18:07:51.351   141   382 W InputManagerService: Window already focused, ignoring focus gain of: com.android.internal.view.IInputMethodClient$Stub$Proxy@4181c200
06-10 18:07:53.367   141   177 I ActivityManager: START {act=android.intent.action.MAIN cat=[android.intent.category.HOME] flg=0x10200000 cmp=com.android.launcher/com.android.launcher2.Launcher} from pid 141
06-10 18:07:53.777   141   153 W InputManagerService: Starting input on non-focused client com.android.internal.view.IInputMethodClient$Stub$Proxy@41890628 (uid=10075 pid=4005)
06-10 18:07:55.113   141   810 I ActivityManager: START {act=android.intent.action.MAIN cat=[android.intent.category.LAUNCHER] flg=0x10000000 pkg=com.android.chrome cmp=com.android.chrome/com.google.android.apps.chrome.Main bnds=[384,706][480,802]} from pid 2281
06-10 18:07:55.468   141   387 I ActivityManager: Start proc com.google.android.gsf.login for service com.google.android.gsf.login/com.google.android.gsf.loginservice.GoogleLoginService: pid=4701 uid=10009 gids={3003, 1015, 1007, 2001, 3006}
06-10 18:08:02.691   141   297 I ActivityManager: Start proc com.android.chrome:sandboxed_process0 for service com.android.chrome/org.chromium.content.browser.SandboxedProcessService0: pid=4725 uid=10056 gids={3003, 1015}
06-10 18:08:09.500   141   298 I ActivityManager: Start proc com.android.chrome:sandboxed_process1 for service com.android.chrome/org.chromium.content.browser.SandboxedProcessService1: pid=4791 uid=10056 gids={3003, 1015}
06-10 18:08:10.793   141   141 I ActivityManager: Process com.android.chrome:sandboxed_process0 (pid 4725) has died.
06-10 18:08:37.851   141   297 I ActivityManager: Start proc com.android.chrome:sandboxed_process0 for service com.android.chrome/org.chromium.content.browser.SandboxedProcessService0: pid=4814 uid=10056 gids={3003, 1015}
06-10 18:08:39.550   141   418 I ActivityManager: Process com.android.chrome:sandboxed_process0 (pid 4814) has died.
06-10 18:08:56.711   141   452 I ActivityManager: Start proc com.android.chrome:sandboxed_process0 for service com.android.chrome/org.chromium.content.browser.SandboxedProcessService0: pid=4843 uid=10056 gids={3003, 1015}
06-10 18:09:03.796   141   153 I ActivityManager: Process com.google.android.apps.plus (pid 4557) has died.
06-10 18:09:14.660   141   942 I ActivityManager: Process com.android.chrome:sandboxed_process0 (pid 4843) has died.
06-10 18:09:17.066   141   950 I ActivityManager: START {flg=0x14010000 cmp=com.touchtype.swiftkey.phone.trial/com.touchtype.TouchTypeKeyboardSettings} from pid 4005
06-10 18:09:17.738  3536  3536 E ActivityThread: Service com.google.android.apps.chrome.sync.ChromeSyncInvalidationListener has leaked ServiceConnection com.google.ipc.invalidation.external.client.android.service.ServiceBinder$1@415ad3c8 that was originally bound here
06-10 18:09:17.738  3536  3536 E ActivityThread: android.app.ServiceConnectionLeaked: Service com.google.android.apps.chrome.sync.ChromeSyncInvalidationListener has leaked ServiceConnection com.google.ipc.invalidation.external.client.android.service.ServiceBinder$1@415ad3c8 that was originally bound here
06-10 18:09:17.738  3536  3536 E ActivityThread: 	at android.app.LoadedApk$ServiceDispatcher.<init>(LoadedApk.java:936)
06-10 18:09:17.738  3536  3536 E ActivityThread: 	at android.app.LoadedApk.getServiceDispatcher(LoadedApk.java:830)
06-10 18:09:17.738  3536  3536 E ActivityThread: 	at android.app.ContextImpl.bindService(ContextImpl.java:1117)
06-10 18:09:17.738  3536  3536 E ActivityThread: 	at android.content.ContextWrapper.bindService(ContextWrapper.java:370)
06-10 18:09:17.738  3536  3536 E ActivityThread: 	at com.google.ipc.invalidation.external.client.android.service.ServiceBinder.startBind(ServiceBinder.java:270)
06-10 18:09:17.738  3536  3536 E ActivityThread: 	at com.google.ipc.invalidation.external.client.android.service.ServiceBinder.handleQueue(ServiceBinder.java:242)
06-10 18:09:17.738  3536  3536 E ActivityThread: 	at com.google.ipc.invalidation.external.client.android.service.ServiceBinder.runWhenBound(ServiceBinder.java:154)
06-10 18:09:17.738  3536  3536 E ActivityThread: 	at com.google.ipc.invalidation.external.client.android.AndroidInvalidationClientImpl.executeServiceRequest(AndroidInvalidationClientImpl.java:326)
06-10 18:09:17.738  3536  3536 E ActivityThread: 	at com.google.ipc.invalidation.external.client.android.AndroidInvalidationClientImpl.initialize(AndroidInvalidationClientImpl.java:278)
06-10 18:09:17.738  3536  3536 E ActivityThread: 	at com.google.ipc.invalidation.external.client.android.AndroidClientFactory.create(AndroidClientFactory.java:79)
06-10 18:09:17.738  3536  3536 E ActivityThread: 	at com.google.android.apps.chrome.sync.ChromeSyncInvalidationListener.createClient(ChromeSyncInvalidationListener.java:494)
06-10 18:09:17.738  3536  3536 E ActivityThread: 	at com.google.android.apps.chrome.sync.ChromeSyncInvalidationListener.start(ChromeSyncInvalidationListener.java:415)
06-10 18:09:17.738  3536  3536 E ActivityThread: 	at com.google.android.apps.chrome.sync.ChromeSyncInvalidationListener.access$700(ChromeSyncInvalidationListener.java:48)
06-10 18:09:17.738  3536  3536 E ActivityThread: 	at com.google.android.apps.chrome.sync.ChromeSyncInvalidationListener$InvalidationRunnable.run(ChromeSyncInvalidationListener.java:558)
06-10 18:09:17.738  3536  3536 E ActivityThread: 	at android.os.Handler.handleCallback(Handler.java:605)
06-10 18:09:17.738  3536  3536 E ActivityThread: 	at android.os.Handler.dispatchMessage(Handler.java:92)
06-10 18:09:17.738  3536  3536 E ActivityThread: 	at android.os.Looper.loop(Looper.java:137)
06-10 18:09:17.738  3536  3536 E ActivityThread: 	at android.os.HandlerThread.run(HandlerThread.java:60)
06-10 18:09:17.746   141   939 W InputManagerService: Starting input on non-focused client com.android.internal.view.IInputMethodClient$Stub$Proxy@41653190 (uid=10056 pid=3536)
06-10 18:09:24.804   141   141 I ActivityManager: START {act=android.intent.action.MAIN cmp=com.touchtype.swiftkey.phone.trial/com.touchtype.TouchTypeKeyboardSettings (has extras)} from pid 4005
06-10 18:09:34.402   141   298 I ActivityManager: START {act=android.intent.action.MAIN cmp=com.touchtype.swiftkey.phone.trial/com.touchtype.TouchTypeKeyboardSettings (has extras)} from pid 4005
06-10 18:10:08.839   141   452 W InputManagerService: Window already focused, ignoring focus gain of: com.android.internal.view.IInputMethodClient$Stub$Proxy@413da3e0
06-10 18:10:13.218   141   298 W InputManagerService: Window already focused, ignoring focus gain of: com.android.internal.view.IInputMethodClient$Stub$Proxy@41320f08
06-10 18:10:16.332   141   387 W InputManagerService: Window already focused, ignoring focus gain of: com.android.internal.view.IInputMethodClient$Stub$Proxy@417b7c00
06-10 18:10:18.886   141   177 I ActivityManager: START {act=android.intent.action.MAIN cat=[android.intent.category.HOME] flg=0x10200000 cmp=com.android.launcher/com.android.launcher2.Launcher} from pid 141
06-10 18:10:19.144   141   385 W InputManagerService: Starting input on non-focused client com.android.internal.view.IInputMethodClient$Stub$Proxy@41890628 (uid=10075 pid=4005)
06-10 18:10:20.336   141   141 I ActivityManager: START {act=android.intent.action.MAIN cat=[android.intent.category.LAUNCHER] flg=0x10000000 pkg=com.android.chrome cmp=com.android.chrome/com.google.android.apps.chrome.Main bnds=[384,706][480,802]} from pid 2281
06-10 18:10:24.882   141   942 I ActivityManager: Start proc com.android.chrome:sandboxed_process0 for service com.android.chrome/org.chromium.content.browser.SandboxedProcessService0: pid=4900 uid=10056 gids={3003, 1015}
06-10 18:10:27.214   141   152 I ActivityManager: Start proc com.android.chrome:sandboxed_process2 for service com.android.chrome/org.chromium.content.browser.SandboxedProcessService2: pid=4924 uid=10056 gids={3003, 1015}
06-10 18:10:28.199   141   950 I ActivityManager: Process com.android.chrome:sandboxed_process0 (pid 4900) has died.
06-10 18:10:31.050   141   951 I ActivityManager: Process com.android.chrome:sandboxed_process2 (pid 4924) has died.
06-10 18:10:32.273   141   382 I ActivityManager: Start proc com.android.chrome:sandboxed_process0 for service com.android.chrome/org.chromium.content.browser.SandboxedProcessService0: pid=4945 uid=10056 gids={3003, 1015}
06-10 18:10:34.722   141   950 I ActivityManager: Process com.android.chrome:sandboxed_process0 (pid 4945) has died.
06-10 18:10:36.160   141   382 I ActivityManager: Start proc com.android.chrome:sandboxed_process0 for service com.android.chrome/org.chromium.content.browser.SandboxedProcessService0: pid=4970 uid=10056 gids={3003, 1015}
06-10 18:10:39.078   141   298 I ActivityManager: Process com.android.chrome:sandboxed_process1 (pid 4791) has died.
06-10 18:10:47.101   141   141 I ActivityManager: Start proc com.android.chrome:sandboxed_process1 for service com.android.chrome/org.chromium.content.browser.SandboxedProcessService1: pid=4994 uid=10056 gids={3003, 1015}
06-10 18:10:59.754   141   810 I ActivityManager: START {flg=0x14010000 cmp=com.touchtype.swiftkey.phone.trial/com.touchtype.TouchTypeKeyboardSettings} from pid 4005
06-10 18:10:59.914   141   950 I ActivityManager: Process com.android.chrome:sandboxed_process1 (pid 4994) has died.
06-10 18:11:00.261   141   298 W InputManagerService: Starting input on non-focused client com.android.internal.view.IInputMethodClient$Stub$Proxy@41653190 (uid=10056 pid=3536)
06-10 18:11:08.199   141   951 I ActivityManager: START {act=android.intent.action.MAIN cmp=com.touchtype.swiftkey.phone.trial/com.touchtype.TouchTypeKeyboardSettings (has extras)} from pid 4005
06-10 18:11:11.785   141   297 W InputManagerService: Window already focused, ignoring focus gain of: com.android.internal.view.IInputMethodClient$Stub$Proxy@4180ff10
06-10 18:11:17.093   141   177 I ActivityManager: START {act=android.intent.action.MAIN cat=[android.intent.category.HOME] flg=0x10200000 cmp=com.android.launcher/com.android.launcher2.Launcher} from pid 141
06-10 18:11:17.390   141   940 W InputManagerService: Starting input on non-focused client com.android.internal.view.IInputMethodClient$Stub$Proxy@41890628 (uid=10075 pid=4005)
06-10 18:11:20.273   141   945 I ActivityManager: START {act=android.search.action.GLOBAL_SEARCH flg=0x10000000 cmp=com.google.android.googlequicksearchbox/.SearchActivity bnds=[5,43][475,103] (has extras)} from pid 2281
06-10 18:11:20.558   141   382 I ActivityManager: Start proc com.google.android.googlequicksearchbox for activity com.google.android.googlequicksearchbox/.SearchActivity: pid=5025 uid=10023 gids={3003}
06-10 18:11:21.742   141   950 I ActivityManager: Start proc com.google.android.partnersetup for content provider com.google.android.partnersetup/.RlzAppProvider: pid=5048 uid=10022 gids={3003}
06-10 18:11:23.613   141   152 I ActivityManager: Start proc com.android.browser for content provider com.android.browser/.provider.BrowserProvider2: pid=5075 uid=10003 gids={3003, 1015}
06-10 18:11:27.164   141   950 I ActivityManager: Start proc com.google.android.music:main for content provider com.google.android.music/.store.MusicContentProvider: pid=5100 uid=10074 gids={3003, 1015}
06-10 18:11:28.668   141   158 I ActivityManager: Start proc com.android.musicfx for broadcast com.android.musicfx/.ControlPanelReceiver: pid=5130 uid=10034 gids={3003, 3002}
06-10 18:12:35.964   141   810 I ActivityManager: START {act=android.intent.action.SEARCH flg=0x14000000 cmp=com.google.android.googlequicksearchbox/.google.GoogleSearch (has extras)} from pid 5025
06-10 18:12:36.211   141   152 I ActivityManager: START {act=android.intent.action.VIEW dat=http://www.google.com/search?hl=en&redir_esc=&client=ms-unknown&source=android-unknown&v=141255454&qsubts=1339366355958&action=devloc&q=swiftkey+vs+swype flg=0x10000000 cmp=com.android.chrome/com.google.android.apps.chrome.Main (has extras)} from pid 5025
06-10 18:12:36.535   141   452 W InputManagerService: Starting input on non-focused client com.android.internal.view.IInputMethodClient$Stub$Proxy@41653190 (uid=10056 pid=3536)
06-10 18:12:36.687   141   452 I ActivityManager: Start proc com.android.chrome:sandboxed_process1 for service com.android.chrome/org.chromium.content.browser.SandboxedProcessService1: pid=5253 uid=10056 gids={3003, 1015}
06-10 18:12:37.207   141   418 W InputManagerService: Starting input on non-focused client com.android.internal.view.IInputMethodClient$Stub$Proxy@4188a630 (uid=10023 pid=5025)
06-10 18:12:38.668   141   452 I ActivityManager: Process android.process.media (pid 4587) has died.
06-10 18:12:39.121   141   945 I ActivityManager: Process com.google.android.music:main (pid 5100) has died.
06-10 18:12:39.386   141   945 I ActivityManager: Process com.android.browser (pid 5075) has died.
06-10 18:12:40.160   141   382 I ActivityManager: Process com.android.musicfx (pid 5130) has died.
06-10 18:12:40.500   141   387 I ActivityManager: Process android.process.acore (pid 4652) has died.
06-10 18:12:41.320   141   298 I ActivityManager: Process com.google.android.gsf.login (pid 4701) has died.
06-10 18:12:57.421   141   950 I ActivityManager: moveTaskToBack: 10
06-10 18:12:57.511   141   810 I ActivityManager: Process com.android.chrome:sandboxed_process1 (pid 5253) has died.
06-10 18:12:57.664   141   951 I ActivityManager: Start proc android.process.acore for content provider com.android.providers.applications/.ApplicationsProvider: pid=5288 uid=10000 gids={3003, 1015}
06-10 18:12:57.949  3536  3536 E ActivityThread: Service com.google.android.apps.chrome.sync.ChromeSyncInvalidationListener has leaked ServiceConnection com.google.ipc.invalidation.external.client.android.service.ServiceBinder$1@414a6fb8 that was originally bound here
06-10 18:12:57.949  3536  3536 E ActivityThread: android.app.ServiceConnectionLeaked: Service com.google.android.apps.chrome.sync.ChromeSyncInvalidationListener has leaked ServiceConnection com.google.ipc.invalidation.external.client.android.service.ServiceBinder$1@414a6fb8 that was originally bound here
06-10 18:12:57.949  3536  3536 E ActivityThread: 	at android.app.LoadedApk$ServiceDispatcher.<init>(LoadedApk.java:936)
06-10 18:12:57.949  3536  3536 E ActivityThread: 	at android.app.LoadedApk.getServiceDispatcher(LoadedApk.java:830)
06-10 18:12:57.949  3536  3536 E ActivityThread: 	at android.app.ContextImpl.bindService(ContextImpl.java:1117)
06-10 18:12:57.949  3536  3536 E ActivityThread: 	at android.content.ContextWrapper.bindService(ContextWrapper.java:370)
06-10 18:12:57.949  3536  3536 E ActivityThread: 	at com.google.ipc.invalidation.external.client.android.service.ServiceBinder.startBind(ServiceBinder.java:270)
06-10 18:12:57.949  3536  3536 E ActivityThread: 	at com.google.ipc.invalidation.external.client.android.service.ServiceBinder.handleQueue(ServiceBinder.java:242)
06-10 18:12:57.949  3536  3536 E ActivityThread: 	at com.google.ipc.invalidation.external.client.android.service.ServiceBinder.runWhenBound(ServiceBinder.java:154)
06-10 18:12:57.949  3536  3536 E ActivityThread: 	at com.google.ipc.invalidation.external.client.android.AndroidInvalidationClientImpl.executeServiceRequest(AndroidInvalidationClientImpl.java:326)
06-10 18:12:57.949  3536  3536 E ActivityThread: 	at com.google.ipc.invalidation.external.client.android.AndroidInvalidationClientImpl.initialize(AndroidInvalidationClientImpl.java:278)
06-10 18:12:57.949  3536  3536 E ActivityThread: 	at com.google.ipc.invalidation.external.client.android.AndroidClientFactory.create(AndroidClientFactory.java:79)
06-10 18:12:57.949  3536  3536 E ActivityThread: 	at com.google.android.apps.chrome.sync.ChromeSyncInvalidationListener.createClient(ChromeSyncInvalidationListener.java:494)
06-10 18:12:57.949  3536  3536 E ActivityThread: 	at com.google.android.apps.chrome.sync.ChromeSyncInvalidationListener.start(ChromeSyncInvalidationListener.java:415)
06-10 18:12:57.949  3536  3536 E ActivityThread: 	at com.google.android.apps.chrome.sync.ChromeSyncInvalidationListener.access$700(ChromeSyncInvalidationListener.java:48)
06-10 18:12:57.949  3536  3536 E ActivityThread: 	at com.google.android.apps.chrome.sync.ChromeSyncInvalidationListener$InvalidationRunnable.run(ChromeSyncInvalidationListener.java:558)
06-10 18:12:57.949  3536  3536 E ActivityThread: 	at android.os.Handler.handleCallback(Handler.java:605)
06-10 18:12:57.949  3536  3536 E ActivityThread: 	at android.os.Handler.dispatchMessage(Handler.java:92)
06-10 18:12:57.949  3536  3536 E ActivityThread: 	at android.os.Looper.loop(Looper.java:137)
06-10 18:12:57.949  3536  3536 E ActivityThread: 	at android.os.HandlerThread.run(HandlerThread.java:60)
06-10 18:13:00.707   141   810 I ActivityManager: START {act=android.intent.action.SEARCH flg=0x14000000 cmp=com.google.android.googlequicksearchbox/.google.GoogleSearch (has extras)} from pid 5025
06-10 18:13:00.988   141   945 I ActivityManager: START {act=android.intent.action.VIEW dat=http://www.google.com/search?hl=en&redir_esc=&client=ms-unknown&source=android-unknown&v=141255454&qsubts=1339366380708&action=devloc&q=swiftkey+vs+swype+2012 flg=0x10000000 cmp=com.android.chrome/com.google.android.apps.chrome.Main (has extras)} from pid 5025
06-10 18:13:01.484   141   141 W InputManagerService: Starting input on non-focused client com.android.internal.view.IInputMethodClient$Stub$Proxy@4188a630 (uid=10023 pid=5025)
06-10 18:13:01.531   141   298 I ActivityManager: Start proc com.google.android.gsf.login for service com.google.android.gsf.login/com.google.android.gsf.loginservice.GoogleLoginService: pid=5308 uid=10009 gids={3003, 1015, 1007, 2001, 3006}
06-10 18:13:01.656   141   418 I ActivityManager: Start proc com.android.chrome:sandboxed_process1 for service com.android.chrome/org.chromium.content.browser.SandboxedProcessService1: pid=5320 uid=10056 gids={3003, 1015}
06-10 18:13:05.402   141   940 I ActivityManager: Process android.process.acore (pid 5288) has died.
06-10 18:13:13.097   141   387 I ActivityManager: Process com.google.android.gsf.login (pid 5308) has died.
06-10 18:13:22.879   141   950 I ActivityManager: Process com.google.android.partnersetup (pid 5048) has died.
06-10 18:13:25.062   141  5357 I ActivityManager: Applications Memory Usage (kB):
06-10 18:13:25.062   141  5357 I ActivityManager: Uptime: 2141957 Realtime: 2245670
06-10 18:13:25.062   141  5357 I ActivityManager: Total PSS by OOM adjustment:
06-10 18:13:25.062   141  5357 I ActivityManager:     20349 kB: System
06-10 18:13:25.062   141  5357 I ActivityManager:                20349 kB: system (pid 141)
06-10 18:13:25.062   141  5357 I ActivityManager:     17567 kB: Persistent
06-10 18:13:25.062   141  5357 I ActivityManager:                 8074 kB: com.android.systemui (pid 213)
06-10 18:13:25.062   141  5357 I ActivityManager:                 5618 kB: com.android.phone (pid 361)
06-10 18:13:25.062   141  5357 I ActivityManager:                 3875 kB: com.android.nfc (pid 375)
06-10 18:13:25.062   141  5357 I ActivityManager:     83440 kB: Foreground
06-10 18:13:25.062   141  5357 I ActivityManager:                49054 kB: com.android.chrome (pid 3536)
06-10 18:13:25.062   141  5357 I ActivityManager:                34386 kB: com.android.chrome:sandboxed_process1 (pid 5320)
06-10 18:13:25.062   141  5357 I ActivityManager:     40172 kB: Visible
06-10 18:13:25.062   141  5357 I ActivityManager:                20723 kB: com.android.chrome:sandboxed_process0 (pid 4970)
06-10 18:13:25.062   141  5357 I ActivityManager:                16743 kB: com.android.wallpaper (pid 325)
06-10 18:13:25.062   141  5357 I ActivityManager:                 2706 kB: com.android.smspush (pid 485)
06-10 18:13:25.062   141  5357 I ActivityManager:     49932 kB: Perceptible
06-10 18:13:25.062   141  5357 I ActivityManager:                49932 kB: com.touchtype.swiftkey.phone.trial (pid 4005)
06-10 18:13:25.062   141  5357 I ActivityManager:     18996 kB: A Services
06-10 18:13:25.062   141  5357 I ActivityManager:                 9111 kB: com.google.process.gapps (pid 1830)
06-10 18:13:25.062   141  5357 I ActivityManager:                 6429 kB: com.google.android.apps.maps:NetworkLocationService (pid 2123)
06-10 18:13:25.062   141  5357 I ActivityManager:                 3456 kB: edu.buffalo.cse.phonelab.phonelabservices (pid 2729)
06-10 18:13:25.062   141  5357 I ActivityManager:     13773 kB: Home
06-10 18:13:25.062   141  5357 I ActivityManager:                13773 kB: com.android.launcher (pid 2281)
06-10 18:13:25.062   141  5357 I ActivityManager:     11283 kB: Previous
06-10 18:13:25.062   141  5357 I ActivityManager:                11283 kB: com.google.android.googlequicksearchbox (pid 5025)
06-10 18:13:25.062   141  5357 I ActivityManager:     19121 kB: B Services
06-10 18:13:25.062   141  5357 I ActivityManager:                 8161 kB: com.facebook.katana (pid 2192)
06-10 18:13:25.062   141  5357 I ActivityManager:                 4291 kB: com.glu.modwarsniper (pid 2450)
06-10 18:13:25.062   141  5357 I ActivityManager:                 3816 kB: com.google.android.apps.googlevoice (pid 2908)
06-10 18:13:25.062   141  5357 I ActivityManager:                 2853 kB: com.android.sprintmenu (pid 2347)
06-10 18:13:25.062   141  5357 I ActivityManager: 
06-10 18:13:25.062   141  5357 I ActivityManager: Total PSS: 274633 kB
06-10 18:13:25.062   141  5357 I ActivityManager:   PID      Vss      Rss      Pss      Uss  cmdline
06-10 18:13:25.062   141  5357 I ActivityManager:  4005   70048K   70012K   50053K   48248K  com.touchtype.swiftkey.phone.trial
06-10 18:13:25.062   141  5357 I ActivityManager:  3536   74156K   74088K   49516K   43440K  com.android.chrome
06-10 18:13:25.062   141  5357 I ActivityManager:  5320   56512K   56408K   34616K   30020K  com.android.chrome:sandboxed_process1
06-10 18:13:25.062   141  5357 I ActivityManager:  4970   41104K   41036K   20767K   17852K  com.android.chrome:sandboxed_process0
06-10 18:13:25.062   141  5357 I ActivityManager:   141   37740K   37720K   20439K   19080K  system_server
06-10 18:13:25.062   141  5357 I ActivityManager:   325   35260K   35164K   16817K   14296K  com.android.wallpaper
06-10 18:13:25.062   141  5357 I ActivityManager:  2281   32120K   32060K   13803K   12428K  com.android.launcher
06-10 18:13:25.062   141  5357 I ActivityManager:    78   25360K   18304K   12075K    6820K  /system/bin/surfaceflinger
06-10 18:13:25.062   141  5357 I ActivityManager:  5025   30164K   30116K   11288K    9500K  com.google.android.googlequicksearchbox
06-10 18:13:25.062   141  5357 I ActivityManager:  1830   26004K   25948K    9147K    8080K  com.google.process.gapps
06-10 18:13:25.062   141  5357 I ActivityManager:  2192   24128K   24032K    8207K    7328K  com.facebook.katana
06-10 18:13:25.062   141  5357 I ActivityManager:   213   26980K   26932K    8122K    5512K  com.android.systemui
06-10 18:13:25.062   141  5357 I ActivityManager:  2123   22472K   22380K    6478K    5584K  com.google.android.apps.maps:NetworkLocationService
06-10 18:13:25.062   141  5357 I ActivityManager:   361   21584K   21496K    5667K    4776K  com.android.phone
06-10 18:13:25.062   141  5357 I ActivityManager:  2450   20740K   20640K    4341K    3404K  com.glu.modwarsniper
06-10 18:13:25.062   141  5357 I ActivityManager:   375   19948K   19856K    3923K    3032K  com.android.nfc
06-10 18:13:25.062   141  5357 I ActivityManager:  2908   20552K   20452K    3863K    2884K  com.google.android.apps.googlevoice
06-10 18:13:25.062   141  5357 I ActivityManager:  2729   20680K   20612K    3503K    2464K  edu.buffalo.cse.phonelab.phonelabservices
06-10 18:13:25.062   141  5357 I ActivityManager:  2347   19716K   19612K    2902K    1876K  com.android.sprintmenu
06-10 18:13:25.062   141  5357 I ActivityManager:   485   19112K   19000K    2754K    1732K  com.android.smspush
06-10 18:13:25.062   141  5357 I ActivityManager:    79   18948K   18820K    2399K    1200K  zygote
06-10 18:13:25.062   141  5357 I ActivityManager:    81    2412K    2412K    1963K    1912K  /system/bin/mediaserver
06-10 18:13:25.062   141  5357 I ActivityManager:    80    1192K    1192K     883K     872K  /system/bin/drmserver
06-10 18:13:25.062   141  5357 I ActivityManager:  1396    1008K    1004K     856K     852K  logcat
06-10 18:13:25.062   141  5357 I ActivityManager:    75     944K     940K     748K     732K  /system/bin/netd
