06-14 10:43:13.502 23233 23235 D dalvikvm: GC_CONCURRENT freed 298K, 4% free 9173K/9543K, paused 4ms+2ms
06-14 10:43:14.088 23212 23503 D dalvikvm: GC_EXPLICIT freed 197K, 6% free 9544K/10119K, paused 4ms+3ms
06-14 10:43:14.092 23212 23503 I Gmail   : MainSyncRequestProto: lowestBkwdConvoId: 0, highestHandledServerOp: 2655472, normalSync: true
06-14 10:43:14.111 23212 23503 W Gmail   : Scheduling index for 300000 ms from now
06-14 10:43:14.139 23212 23503 I Gmail   : Sending notification intent: Intent { act=android.intent.action.PROVIDER_CHANGED dat=content://gmail-ls/unread/^i (has extras) }
06-14 10:43:14.170 23212 23503 I Gmail   : Sending notification intent: Intent { act=android.intent.action.PROVIDER_CHANGED dat=content://gmail-ls/unread/^iim (has extras) }
06-14 10:43:14.604  8519  8522 D dalvikvm: GC_CONCURRENT freed 408K, 6% free 10920K/11591K, paused 6ms+3ms
06-14 10:43:16.342 23060 23063 D dalvikvm: GC_CONCURRENT freed 290K, 5% free 9766K/10247K, paused 2ms+3ms
06-14 10:43:18.416   141   152 D AlarmManagerService: Kernel timezone updated to 240 minutes west of GMT
06-14 10:43:22.424 21745 21745 I PhoneLab-Locks: wake lock acquired
06-14 10:43:22.432 21745 23511 I PhoneLab-PeriodicCheckService: User info is synched
06-14 10:43:22.436 21745 23511 I PhoneLab-PeriodicCheckService: Logger Service is running
06-14 10:43:22.436 21745 23511 I PhoneLab-PeriodicCheckService: Rescheduling periodic checking...
06-14 10:43:22.436 21745 23511 I PhoneLab-Locks: wake lock released
06-14 10:45:32.596 23212 23513 I Gmail   : MainSyncRequestProto: lowestBkwdConvoId: 0, highestHandledServerOp: 2655472, normalSync: true
06-14 10:45:35.569 23212 23513 D dalvikvm: GC_EXPLICIT freed 421K, 6% free 9549K/10119K, paused 2ms+3ms
06-14 10:45:35.576 23212 23513 I Gmail   : MainSyncRequestProto: lowestBkwdConvoId: 0, highestHandledServerOp: 2655512, normalSync: true
06-14 10:45:35.584 23212 23513 W Gmail   : Scheduling index for 300000 ms from now
06-14 10:45:35.604 23212 23513 I Gmail   : Sending notification intent: Intent { act=android.intent.action.PROVIDER_CHANGED dat=content://gmail-ls/unread/^i (has extras) }
06-14 10:45:35.627 23212 23513 I Gmail   : Sending notification intent: Intent { act=android.intent.action.PROVIDER_CHANGED dat=content://gmail-ls/unread/^iim (has extras) }
06-14 10:46:33.424 21745 21745 I PhoneLab-Locks: wake lock acquired
06-14 10:46:33.432 21745 21745 I PhoneLab-StatusMonitor: Status Monitoring is started
06-14 10:46:33.502 21745 21748 D dalvikvm: GC_CONCURRENT freed 477K, 7% free 9221K/9863K, paused 2ms+2ms
06-14 10:46:33.561 21745 21745 I PhoneLab-StatusMonitor: Value: 10 - unit: min
06-14 10:46:33.561 21745 21745 I PhoneLab-StatusMonitor: Running interval: 600000
06-14 10:46:33.568 21745 21745 I PhoneLab-StatusMonitor: Rescheduling status monitoring...
06-14 10:46:33.572 21745 21745 I PhoneLab-Locks: wake lock released
06-14 10:46:33.576 21745 21745 I PhoneLab-StatusMonitorLocation: Learning Location
06-14 10:46:33.576 21745 21745 I PhoneLab-Locks: wake lock acquired
06-14 10:46:33.604 21745 21745 I PhoneLab-Locks: wake lock acquired
06-14 10:46:33.615  8519  8607 D androidNetworkLocationListeners: Still have listener com.google.android.location.internal.client.NetworkLocationClient$1@41346de8
06-14 10:46:33.619 21745 21745 I PhoneLab-StatusMonitorLocation: Learning Signal Strgth
06-14 10:46:33.619 21745 21745 I PhoneLab-Locks: wake lock acquired
06-14 10:46:33.631 21745 21745 I PhoneLab-StatusMonitorBattery: Battery_level: 86
06-14 10:46:33.631 21745 21745 I PhoneLab-Locks: wake lock released
06-14 10:46:33.631 21745 21745 I PhoneLab-StatusMonitorSignal: Signal_Strength: -96 asu: 9
06-14 10:46:33.631 21745 21745 I PhoneLab-Locks: wake lock released
06-14 10:46:33.643  8519  8607 D androidNetworkLocationListeners: Still have listener com.google.android.location.internal.client.NetworkLocationClient$1@41346de8
06-14 10:46:34.936  8519  8629 D CellLocator: Primary cell miss in cache. Need server request.
06-14 10:46:34.936  8519  8629 D NetworkLocator: New location significantly newer than previous. Reporting it.
06-14 10:46:34.967  8519  8522 D dalvikvm: GC_CONCURRENT freed 678K, 7% free 10897K/11655K, paused 2ms+5ms
06-14 10:46:34.990  8519  8609 I System.out: [INFO:88761223]: LogSource: Running flush
06-14 10:46:34.990  8519  8612 I System.out: [INFO:88761226]: LogSource: Sending payload [bytes=533]
06-14 10:46:35.010 21745 21745 I PhoneLab-StatusMonitorLocation: Location_Latitude: 43.0021679 Longitude: -78.7871054 Accuracy: 45.0
06-14 10:46:35.010  8519  8607 D androidNetworkLocationListeners: Still have listener com.google.android.location.internal.client.NetworkLocationClient$1@41346de8
06-14 10:46:35.014 21745 21745 I PhoneLab-Locks: wake lock released
06-14 10:46:35.088 23107 23107 I CalendarProvider2: Sending notification intent: Intent { act=android.intent.action.PROVIDER_CHANGED dat=content://com.android.calendar }
06-14 10:46:35.088 23107 23107 W ContentResolver: Failed to get type for: content://com.android.calendar (Unknown URL content://com.android.calendar)
06-14 10:46:35.162   141   158 I ActivityManager: Start proc com.android.calendar for broadcast com.android.calendar/.widget.CalendarAppWidgetService$CalendarFactory: pid=23522 uid=10005 gids={3003}
06-14 10:46:35.248 23522 23522 I ActivityThread: Pub com.android.calendar.CalendarRecentSuggestionsProvider: com.android.calendar.CalendarRecentSuggestionsProvider
06-14 10:46:35.486 23107 23110 D dalvikvm: GC_CONCURRENT freed 341K, 5% free 9264K/9735K, paused 4ms+5ms
06-14 10:46:35.889  8519  8612 I System.out: [INFO:88762122]: LogSource: Response [http=200,length=243]
06-14 10:46:35.889  8519  8609 I System.out: [INFO:88762124]: LogSource: Read id 18, status code 200
06-14 10:46:35.904  8519  8629 D WifiLocator: Too many no-location APs. Will not compute a location nor go to the server. hasLocation=0 noLocation=0 cacheMiss=0
06-14 10:47:24.381   141   172 I power   : *** set_screen_state 1
06-14 10:47:24.436   141   172 I WindowManager: Lock screen displayed!
06-14 10:47:24.615    79   118 D SurfaceFlinger: Screen about to return, flinger = 0x570918
06-14 10:47:24.697   354   436 D NfcService: NFC-EE ON
06-14 10:47:25.139   212   212 D PhoneStatusBar: disable: < expand icons alerts ticker system_info BACK HOME recent* CLOCK >
06-14 10:47:25.154   354  2323 D NfcService: NFC-C ON
06-14 10:47:25.162    82   122 D AudioHardware: AudioHardware pcm playback is exiting standby.
06-14 10:47:25.162    82   122 D AudioHardware: openPcmOut_l() mPcmOpenCnt: 0
06-14 10:47:25.182   212   212 D PhoneStatusBar: disable: < expand icons alerts ticker system_info back* home* recent clock* >
06-14 10:47:25.194   212   212 V PhoneStatusBar: setLightsOn(true)
06-14 10:47:26.783 22914 22916 D dalvikvm: GC_CONCURRENT freed 753K, 10% free 11713K/12935K, paused 2ms+5ms
06-14 10:47:26.947 23060 23063 D dalvikvm: GC_CONCURRENT freed 384K, 6% free 9795K/10311K, paused 5ms+3ms
06-14 10:47:27.342  8519  8522 D dalvikvm: GC_CONCURRENT freed 464K, 7% free 10936K/11655K, paused 6ms+5ms
06-14 10:47:28.326    82   122 D AudioHardware: AudioHardware pcm playback is going to standby.
06-14 10:47:28.326    82   122 D AudioHardware: closePcmOut_l() mPcmOpenCnt: 1
06-14 10:48:18.686 21745 21758 I PhoneLab-: Service Running
06-14 10:48:18.811 21745 21758 I PhoneLab-LoggerService: app_38    1345  1     1448   1004  c00f181c 400107b4 S logcat
06-14 10:48:18.811 21745 21758 I PhoneLab-LoggerService: Logcat pid from database 1345
06-14 10:48:18.815 21745 21758 I PhoneLab-LoggerService: Logcat process found 1345
06-14 10:48:18.815 21745 21758 I PhoneLab-LoggerService: Checking Threshold
06-14 10:48:18.815 21745 21758 I PhoneLab-LoggerService: Starting to rename files
06-14 10:48:18.815 21745 21758 I PhoneLab-LoggerService: Files found .. 3
06-14 10:48:18.819 21745 21758 I PhoneLab-: Service Running
06-14 10:48:18.854 21745 21748 D dalvikvm: GC_CONCURRENT freed 437K, 7% free 9187K/9863K, paused 6ms+5ms
06-14 10:48:18.881 21745 21758 I PhoneLab-LoggerService: app_38    1345  1     1448   1004  c00f181c 400107b4 S logcat
06-14 10:48:18.881 21745 21758 I PhoneLab-LoggerService: Logcat pid from database 1345
06-14 10:48:18.881 21745 21758 I PhoneLab-LoggerService: Logcat process found 1345
06-14 10:48:18.881 21745 21758 I PhoneLab-LoggerService: Checking Threshold
06-14 10:48:18.881 21745 21758 I PhoneLab-LoggerService: Starting to rename files
06-14 10:48:18.881 21745 21758 I PhoneLab-LoggerService: Files found .. 3
06-14 10:48:19.920 21745 21758 I PhoneLab-: Service Running
06-14 10:48:20.002 21745 21758 I PhoneLab-LoggerService: app_38    1345  1     1448   1004  c00f181c 400107b4 S logcat
06-14 10:48:20.002 21745 21758 I PhoneLab-LoggerService: Logcat pid from database 1345
06-14 10:48:20.002 21745 21758 I PhoneLab-LoggerService: Logcat process found 1345
06-14 10:48:20.002 21745 21758 I PhoneLab-LoggerService: Checking Threshold
06-14 10:48:20.002 21745 21758 I PhoneLab-LoggerService: Starting to rename files
06-14 10:48:20.006 21745 21758 I PhoneLab-LoggerService: Files found .. 3
06-14 10:49:04.490 21691 21694 D dalvikvm: GC_CONCURRENT freed 362K, 10% free 10492K/11655K, paused 4ms+4ms
06-14 10:50:19.920 21745 21758 I PhoneLab-: Service Running
06-14 10:50:20.108 21745 21758 I PhoneLab-LoggerService: app_38    1345  1     1448   1004  c00f181c 400107b4 S logcat
06-14 10:50:20.108 21745 21758 I PhoneLab-LoggerService: Logcat pid from database 1345
06-14 10:50:20.108 21745 21758 I PhoneLab-LoggerService: Logcat process found 1345
06-14 10:50:20.108 21745 21758 I PhoneLab-LoggerService: Checking Threshold
06-14 10:50:20.108 21745 21758 I PhoneLab-LoggerService: Starting to rename files
06-14 10:50:20.108 21745 21758 I PhoneLab-LoggerService: Files found .. 3
06-14 10:51:51.787 22914 22916 D dalvikvm: GC_CONCURRENT freed 816K, 10% free 11666K/12935K, paused 18ms+10ms
06-14 10:51:55.490  6645  6645 I wpa_supplicant: wlan0: Associated with d0:c2:82:2d:e4:b0
06-14 10:51:55.506  6645  6645 I wpa_supplicant: wlan0: CTRL-EVENT-EAP-STARTED EAP authentication started
06-14 10:51:55.510  6645  6645 I wpa_supplicant: wlan0: CTRL-EVENT-EAP-PROPOSED-METHOD vendor=0 method=4 -> NAK
06-14 10:51:55.514  6645  6645 I wpa_supplicant: wlan0: CTRL-EVENT-EAP-PROPOSED-METHOD vendor=0 method=25
06-14 10:51:55.514  6645  6645 I wpa_supplicant: wlan0: CTRL-EVENT-EAP-METHOD EAP vendor 0 method 25 (PEAP) selected
06-14 10:51:55.522  6645  6645 I wpa_supplicant: EAP-TLV: TLV Result - Success - EAP-TLV/Phase2 Completed
06-14 10:51:56.619  6645  6645 I wpa_supplicant: wlan0: Associated with d0:c2:82:66:6b:f0
06-14 10:51:56.619  6645  6645 I wpa_supplicant: wlan0: CTRL-EVENT-EAP-STARTED EAP authentication started
06-14 10:51:56.627  6645  6645 I wpa_supplicant: wlan0: CTRL-EVENT-EAP-PROPOSED-METHOD vendor=0 method=4 -> NAK
06-14 10:51:56.631  6645  6645 I wpa_supplicant: wlan0: CTRL-EVENT-EAP-PROPOSED-METHOD vendor=0 method=25
06-14 10:51:56.631  6645  6645 I wpa_supplicant: wlan0: CTRL-EVENT-EAP-METHOD EAP vendor 0 method 25 (PEAP) selected
06-14 10:51:56.639  6645  6645 I wpa_supplicant: EAP-TLV: TLV Result - Success - EAP-TLV/Phase2 Completed
06-14 10:52:00.002   141   158 I ActivityManager: No longer want com.google.android.apps.maps:NetworkLocationService (pid 21691): hidden #16
06-14 10:52:00.084   141   152 W ActivityManager: Scheduling restart of crashed service com.google.android.apps.maps/com.google.android.location.internal.server.NetworkLocationService in 5000ms
06-14 10:52:05.127   141   158 I ActivityManager: Start proc com.google.android.apps.maps:NetworkLocationService for service com.google.android.apps.maps/com.google.android.location.internal.server.NetworkLocationService: pid=23571 uid=10068 gids={3003, 1015}
06-14 10:52:05.319 23571 23573 D dalvikvm: GC_CONCURRENT freed 156K, 3% free 9380K/9607K, paused 11ms+2ms
06-14 10:52:05.721   141 11796 D dalvikvm: GC_EXPLICIT freed 1523K, 19% free 18476K/22791K, paused 16ms+11ms
06-14 10:52:05.830 23571 23573 D dalvikvm: GC_CONCURRENT freed 150K, 3% free 9672K/9927K, paused 2ms+2ms
06-14 10:52:06.213 23571 23573 D dalvikvm: GC_CONCURRENT freed 169K, 3% free 10071K/10311K, paused 2ms+7ms
06-14 10:52:06.408 23571 23573 D dalvikvm: GC_CONCURRENT freed 669K, 8% free 9882K/10631K, paused 1ms+2ms
06-14 10:52:06.483   141   158 I ActivityManager: Start proc com.google.android.apps.maps:FriendService for broadcast com.google.android.apps.maps/com.google.googlenav.friend.android.ServiceReceiver: pid=23592 uid=10068 gids={3003, 1015}
06-14 10:52:06.592   141   153 I ActivityManager: Process com.android.deskclock (pid 23185) has died.
06-14 10:52:06.635 23592 23594 D dalvikvm: GC_CONCURRENT freed 158K, 3% free 9378K/9607K, paused 2ms+2ms
06-14 10:52:06.815 23592 23594 D dalvikvm: GC_CONCURRENT freed 210K, 4% free 9675K/9991K, paused 2ms+2ms
06-14 10:52:06.865   141   351 I ActivityManager: Start proc com.google.android.apps.maps:LocationFriendService for broadcast com.google.android.apps.maps/com.google.googlenav.friend.reporting.LocationReportingIntentReceiver: pid=23605 uid=10068 gids={3003, 1015}
06-14 10:52:06.963   141  1035 I ActivityManager: Process com.google.android.apps.docs (pid 23324) has died.
06-14 10:52:07.006 23605 23607 D dalvikvm: GC_CONCURRENT freed 161K, 3% free 9375K/9607K, paused 3ms+2ms
06-14 10:52:07.221 23605 23607 D dalvikvm: GC_CONCURRENT freed 212K, 4% free 9687K/9991K, paused 17ms+2ms
06-14 10:52:07.350  8519  9815 D dalvikvm: GC_EXPLICIT freed 185K, 7% free 10882K/11655K, paused 3ms+4ms
06-14 10:52:07.397 23571 23578 I dalvikvm: Total arena pages for JIT: 11
06-14 10:52:07.397 23571 23578 I dalvikvm: Total arena pages for JIT: 12
06-14 10:52:07.397 23571 23578 I dalvikvm: Total arena pages for JIT: 13
06-14 10:52:07.397 23571 23578 I dalvikvm: Total arena pages for JIT: 14
06-14 10:52:07.401 23571 23578 I dalvikvm: Total arena pages for JIT: 15
06-14 10:52:07.401 23571 23578 I dalvikvm: Total arena pages for JIT: 16
06-14 10:52:07.401 23571 23578 I dalvikvm: Total arena pages for JIT: 17
06-14 10:52:07.475 23605 23607 D dalvikvm: GC_CONCURRENT freed 296K, 4% free 9860K/10247K, paused 8ms+2ms
06-14 10:52:07.608 23571 23573 D dalvikvm: GC_CONCURRENT freed 179K, 5% free 10164K/10631K, paused 2ms+3ms
06-14 10:52:07.647  6645  6645 E wpa_supplicant: ap_scan = 1 (2)
06-14 10:52:07.674 23571 23578 I dalvikvm: Total arena pages for JIT: 18
06-14 10:52:07.838  6645  6645 E wpa_supplicant: ap_scan = 1 (2)
06-14 10:52:19.920 21745 21758 I PhoneLab-: Service Running
06-14 10:52:20.022 21745 21758 I PhoneLab-LoggerService: app_38    1345  1     1448   1004  c00f181c 400107b4 S logcat
06-14 10:52:20.022 21745 21758 I PhoneLab-LoggerService: Logcat pid from database 1345
06-14 10:52:20.022 21745 21758 I PhoneLab-LoggerService: Logcat process found 1345
06-14 10:52:20.022 21745 21758 I PhoneLab-LoggerService: Checking Threshold
06-14 10:52:20.022 21745 21758 I PhoneLab-LoggerService: Starting to rename files
06-14 10:52:20.022 21745 21758 I PhoneLab-LoggerService: Files found .. 3
06-14 10:52:32.615  6645  6645 I wpa_supplicant: wlan0: CTRL-EVENT-EAP-STARTED EAP authentication started
06-14 10:52:32.623  6645  6645 I wpa_supplicant: wlan0: CTRL-EVENT-DISCONNECTED bssid=d0:c2:82:66:6b:f0 reason=0
06-14 10:52:32.631    76   116 D CommandListener: Clearing all IP addresses on wlan0
06-14 10:52:32.674   141   198 D ConnectivityService: ConnectivityChange for WIFI: DISCONNECTED/DISCONNECTED
06-14 10:52:32.674   141   198 D ConnectivityService: Attempting to switch to mobile
06-14 10:52:32.733   141   198 D ConnectivityService: Attempting to switch to WIMAX
06-14 10:52:32.740   141   198 D ConnectivityService: Attempting to switch to BLUETOOTH_TETHER
06-14 10:52:32.740   141   198 E ConnectivityService: Exception trying to remove a route: java.lang.IllegalStateException: Unable to communicate with native dameon to add routes - com.android.server.NativeDaemonConnectorException: Cmd {interface route remove wlan0 default 67.20.215.254 32 0.0.0.0} failed with code 400 : {Failed to remove route from default table (No such process)}
06-14 10:52:32.748   141   198 E ConnectivityService: Exception trying to remove a route: java.lang.IllegalStateException: Unable to communicate with native dameon to add routes - com.android.server.NativeDaemonConnectorException: Cmd {interface route remove wlan0 default 0.0.0.0 0 67.20.215.254} failed with code 400 : {Failed to remove route from default table (No such process)}
06-14 10:52:32.752   141   198 D NetUtils: android_net_utils_resetConnections in env=0x20b5020 clazz=0xf7f00001 iface=wlan0 mask=0x3
06-14 10:52:32.752   141   198 D ConnectivityService: resetConnections(wlan0, 3)
06-14 10:52:32.760  8519 23414 W Smack/Packet: notify conn break (IOEx), close connection
06-14 10:52:32.994  8519 23414 I qtaguid : Failed write_ctrl(u 22) res=-1 errno=22
06-14 10:52:32.994  8519 23414 I qtaguid : Untagging socket 22 failed errno=-22
06-14 10:52:32.994  8519 23414 W NetworkManagementSocketTagger: untagSocket(22) failed with errno -22
06-14 10:52:33.026   141   198 D ConnectivityService: handleInetConditionChange: no active default network - ignore
06-14 10:52:33.897  6645  6645 I wpa_supplicant: wlan0: Trying to associate with d0:c2:82:66:6b:f0 (SSID='UB_Secure' freq=2462 MHz)
06-14 10:52:33.975  6645  6645 I wpa_supplicant: wlan0: Associated with d0:c2:82:66:6b:f0
06-14 10:52:33.975  6645  6645 I wpa_supplicant: wlan0: CTRL-EVENT-EAP-STARTED EAP authentication started
06-14 10:52:33.979  6645  6645 I wpa_supplicant: wlan0: CTRL-EVENT-EAP-PROPOSED-METHOD vendor=0 method=4 -> NAK
06-14 10:52:33.986  6645  6645 I wpa_supplicant: wlan0: CTRL-EVENT-EAP-PROPOSED-METHOD vendor=0 method=25
06-14 10:52:33.986  6645  6645 I wpa_supplicant: wlan0: CTRL-EVENT-EAP-METHOD EAP vendor 0 method 25 (PEAP) selected
06-14 10:52:33.998  6645  6645 I wpa_supplicant: EAP-TLV: TLV Result - Success - EAP-TLV/Phase2 Completed
06-14 10:52:35.811   141   202 D Tethering: MasterInitialState.processMessage what=3
06-14 10:52:36.010 23305 23305 I MediaUploader: No need to wake up
06-14 10:52:36.018 21745 21745 I PhoneLab-WiFiReceiver: Wi-Fi is disconnected!
06-14 10:52:36.151 23006 23028 D PicasaSyncManager: active network: null
06-14 10:52:36.151 23006 23028 D PicasaSyncManager: background data: true
06-14 10:52:36.162   141 10712 I ActivityManager: Start proc com.google.android.apps.docs for broadcast com.google.android.apps.docs/.receivers.NetworkChangeReceiver: pid=23627 uid=10063 gids={3003, 1015, 1006}
06-14 10:52:36.236   141   153 I ActivityManager: Process com.google.android.talk (pid 23047) has died.
06-14 10:52:36.377 23627 23627 I ActivityThread: Pub com.google.android.apps.docs.files: com.google.android.apps.docs.sync.filemanager.FileProvider
06-14 10:52:36.385 23627 23627 I ActivityThread: Pub com.google.android.apps.docs.doclist.search_suggest: com.google.android.apps.docs.doclist.DocListGlobalSearchSuggestionProvider
06-14 10:52:36.451 23627 23627 V /ContextScope.java:112: 10:52:36.450 main Contexts in the main scope map after inserting com.google.android.apps.docs.editors.EditorsApplication@41355b70: com.google.android.apps.docs.editors.EditorsApplication@41355b70
06-14 10:52:36.541 23627 23629 D dalvikvm: GC_CONCURRENT freed 227K, 4% free 9309K/9607K, paused 3ms+3ms
06-14 10:52:36.682 23627 23629 D dalvikvm: GC_CONCURRENT freed 464K, 6% free 9349K/9927K, paused 3ms+2ms
06-14 10:52:36.822 23627 23629 D dalvikvm: GC_CONCURRENT freed 497K, 6% free 9452K/9991K, paused 2ms+2ms
06-14 10:52:36.932 23627 23629 D dalvikvm: GC_CONCURRENT freed 539K, 6% free 9475K/10055K, paused 2ms+3ms
06-14 10:52:37.037 23627 23629 D dalvikvm: GC_CONCURRENT freed 586K, 7% free 9458K/10119K, paused 2ms+2ms
06-14 10:52:37.151 23627 23629 D dalvikvm: GC_CONCURRENT freed 466K, 6% free 9520K/10119K, paused 2ms+3ms
06-14 10:52:37.197 23627 23627 D dalvikvm: GC_FOR_ALLOC freed 244K, 7% free 9475K/10119K, paused 18ms
06-14 10:52:37.197 23627 23627 I dalvikvm-heap: Grow heap (frag case) to 9.334MB for 13456-byte allocation
06-14 10:52:37.221 23627 23627 D dalvikvm: GC_FOR_ALLOC freed <1K, 7% free 9488K/10183K, paused 21ms
06-14 10:52:37.326 23627 23629 D dalvikvm: GC_CONCURRENT freed 390K, 7% free 9571K/10183K, paused 2ms+7ms
06-14 10:52:37.447 23627 23629 D dalvikvm: GC_CONCURRENT freed 444K, 6% free 9631K/10183K, paused 2ms+3ms
06-14 10:52:37.600 23627 23629 D dalvikvm: GC_CONCURRENT freed 456K, 6% free 9704K/10247K, paused 2ms+2ms
06-14 10:52:37.760 23627 23629 D dalvikvm: GC_CONCURRENT freed 476K, 6% free 9754K/10311K, paused 4ms+3ms
06-14 10:52:37.904 23627 23629 D dalvikvm: GC_CONCURRENT freed 537K, 6% free 9763K/10375K, paused 2ms+3ms
06-14 10:52:38.002 23627 23627 D /Ln.java:220: 10:52:38.004 main Configuring Logging, minimum log level is INFO
06-14 10:52:38.029 23627 23629 D dalvikvm: GC_CONCURRENT freed 459K, 6% free 9810K/10375K, paused 2ms+4ms
06-14 10:52:38.049 23627 23627 D DocListDatabase: openHelper points on new database: DocList.db
06-14 10:52:38.049 23627 23627 D DocListDatabase: in openWriteDatabase
06-14 10:52:38.072 23627 23627 W ND      : Could not load Finalizer in its own class loader. Loading Finalizer in the current class loader instead. As a result, you will not be able to garbage collect this class loader. To support reclaiming this class loader, either resolve the underlying issue, or move Google Collections to your system class path.
06-14 10:52:38.072 23627 23627 W ND      : java.io.FileNotFoundException: com/google/inject/internal/Finalizer.class
06-14 10:52:38.072 23627 23627 W ND      : 	at NE.a(FinalizableReferenceQueue.java:269)
06-14 10:52:38.072 23627 23627 W ND      : 	at NE.a(FinalizableReferenceQueue.java:253)
06-14 10:52:38.072 23627 23627 W ND      : 	at ND.a(FinalizableReferenceQueue.java:175)
06-14 10:52:38.072 23627 23627 W ND      : 	at ND.<clinit>(FinalizableReferenceQueue.java:100)
06-14 10:52:38.072 23627 23627 W ND      : 	at OT.<clinit>(MapMaker.java:787)
06-14 10:52:38.072 23627 23627 W ND      : 	at Ph.<init>(MapMaker.java:946)
06-14 10:52:38.072 23627 23627 W ND      : 	at Pb.a(MapMaker.java:312)
06-14 10:52:38.072 23627 23627 W ND      : 	at OX.a(MapMaker.java:498)
06-14 10:52:38.072 23627 23627 W ND      : 	at OX.a(MapMaker.java:419)
06-14 10:52:38.072 23627 23627 W ND      : 	at Nb.get(CustomConcurrentHashMap.java:2029)
06-14 10:52:38.072 23627 23627 W ND      : 	at MM.a(BytecodeGen.java:149)
06-14 10:52:38.072 23627 23627 W ND      : 	at MM.a(BytecodeGen.java:132)
06-14 10:52:38.072 23627 23627 W ND      : 	at MX.a(ConstructionContext.java:80)
06-14 10:52:38.072 23627 23627 W ND      : 	at KG.a(ConstructorInjector.java:70)
06-14 10:52:38.072 23627 23627 W ND      : 	at KF.a(ConstructorBindingImpl.java:111)
06-14 10:52:38.072 23627 23627 W ND      : 	at LU.a(ProviderToInternalFactoryAdapter.java:45)
06-14 10:52:38.072 23627 23627 W ND      : 	at Li.a(InjectorImpl.java:811)
06-14 10:52:38.072 23627 23627 W ND      : 	at LT.a(ProviderToInternalFactoryAdapter.java:42)
06-14 10:52:38.072 23627 23627 W ND      : 	at Mc.a(Scopes.java:54)
06-14 10:52:38.072 23627 23627 W ND      : 	at Lz.a(InternalFactoryToProviderAdapter.java:48)
06-14 10:52:38.072 23627 23627 W ND      : 	at KR.a(FactoryProxy.java:56)
06-14 10:52:38.072 23627 23627 W ND      : 	at Mi.a(SingleParameterInjector.java:42)
06-14 10:52:38.072 23627 23627 W ND      : 	at Mi.a(SingleParameterInjector.java:66)
06-14 10:52:38.072 23627 23627 W ND      : 	at KG.a(ConstructorInjector.java:84)
06-14 10:52:38.072 23627 23627 W ND      : 	at KF.a(ConstructorBindingImpl.java:111)
06-14 10:52:38.072 23627 23627 W ND      : 	at KR.a(FactoryProxy.java:56)
06-14 10:52:38.072 23627 23627 W ND      : 	at Mi.a(SingleParameterInjector.java:42)
06-14 10:52:38.072 23627 23627 W ND      : 	at Mi.a(SingleParameterInjector.java:66)
06-14 10:52:38.072 23627 23627 W ND      : 	at KG.a(ConstructorInjector.java:84)
06-14 10:52:38.072 23627 23627 W ND      : 	at KF.a(ConstructorBindingImpl.java:111)
06-14 10:52:38.072 23627 23627 W ND      : 	at LU.a(ProviderToInternalFactoryAdapter.java:45)
06-14 10:52:38.072 23627 23627 W ND      : 	at Li.a(InjectorImpl.java:811)
06-14 10:52:38.072 23627 23627 W ND      : 	at LT.a(ProviderToInternalFactoryAdapter.java:42)
06-14 10:52:38.072 23627 23627 W ND      : 	at Mc.a(Scopes.java:54)
06-14 10:52:38.072 23627 23627 W ND      : 	at Lz.a(InternalFactoryToProviderAdapter.java:48)
06-14 10:52:38.072 23627 23627 W ND      : 	at Lg.a(InjectorBuilder.java:200)
06-14 10:52:38.072 23627 23627 W ND      : 	at Lg.a(InjectorBuilder.java:194)
06-14 10:52:38.072 23627 23627 W ND      : 	at Li.a(InjectorImpl.java:804)
06-14 10:52:38.072 23627 23627 W ND      : 	at Lf.a(InjectorBuilder.java:194)
06-14 10:52:38.072 23627 23627 W ND      : 	at Lf.b(InjectorBuilder.java:176)
06-14 10:52:38.072 23627 23627 W ND      : 	at Lf.a(InjectorBuilder.java:113)
06-14 10:52:38.072 23627 23627 W ND      : 	at KS.a(Guice.java:92)
06-14 10:52:38.072 23627 23627 W ND      : 	at roboguice.application.RoboApplication.b(RoboApplication.java:146)
06-14 10:52:38.072 23627 23627 W ND      : 	at roboguice.application.RoboApplication.a(RoboApplication.java:84)
06-14 10:52:38.072 23627 23627 W ND      : 	at com.google.android.apps.docs.GuiceContentProvider.a(GuiceContentProvider.java:36)
06-14 10:52:38.072 23627 23627 W ND      : 	at com.google.android.apps.docs.GuiceContentProvider.onCreate(GuiceContentProvider.java:27)
06-14 10:52:38.072 23627 23627 W ND      : 	at com.google.android.apps.docs.doclist.BaseSearchSuggestionProvider.onCreate(BaseSearchSuggestionProvider.java:88)
06-14 10:52:38.072 23627 23627 W ND      : 	at android.content.ContentProvider.attachInfo(ContentProvider.java:944)
06-14 10:52:38.072 23627 23627 W ND      : 	at android.app.ActivityThread.installProvider(ActivityThread.java:4237)
06-14 10:52:38.072 23627 23627 W ND      : 	at android.app.ActivityThread.installContentProviders(ActivityThread.java:3992)
06-14 10:52:38.072 23627 23627 W ND      : 	at android.app.ActivityThread.handleBindApplication(ActivityThread.java:3946)
06-14 10:52:38.072 23627 23627 W ND      : 	at android.app.ActivityThread.access$1300(ActivityThread.java:123)
06-14 10:52:38.072 23627 23627 W ND      : 	at android.app.ActivityThread$H.handleMessage(ActivityThread.java:1185)
06-14 10:52:38.072 23627 23627 W ND      : 	at android.os.Handler.dispatchMessage(Handler.java:99)
06-14 10:52:38.072 23627 23627 W ND      : 	at android.os.Looper.loop(Looper.java:137)
06-14 10:52:38.072 23627 23627 W ND      : 	at android.app.ActivityThread.main(ActivityThread.java:4424)
06-14 10:52:38.072 23627 23627 W ND      : 	at java.lang.reflect.Method.invokeNative(Native Method)
06-14 10:52:38.072 23627 23627 W ND      : 	at java.lang.reflect.Method.invoke(Method.java:511)
06-14 10:52:38.072 23627 23627 W ND      : 	at com.android.internal.os.ZygoteInit$MethodAndArgsCaller.run(ZygoteInit.java:784)
06-14 10:52:38.072 23627 23627 W ND      : 	at com.android.internal.os.ZygoteInit.main(ZygoteInit.java:551)
06-14 10:52:38.072 23627 23627 W ND      : 	at dalvik.system.NativeStart.main(Native Method)
06-14 10:52:38.080 23627 23627 I ND      : Failed to start reference finalizer thread. Reference cleanup will only occur when new references are created.
06-14 10:52:38.080 23627 23627 I ND      : java.lang.reflect.InvocationTargetException
06-14 10:52:38.080 23627 23627 I ND      : 	at java.lang.reflect.Method.invokeNative(Native Method)
06-14 10:52:38.080 23627 23627 I ND      : 	at java.lang.reflect.Method.invoke(Method.java:511)
06-14 10:52:38.080 23627 23627 I ND      : 	at ND.<init>(FinalizableReferenceQueue.java:124)
06-14 10:52:38.080 23627 23627 I ND      : 	at OT.<clinit>(MapMaker.java:787)
06-14 10:52:38.080 23627 23627 I ND      : 	at Ph.<init>(MapMaker.java:946)
06-14 10:52:38.080 23627 23627 I ND      : 	at Pb.a(MapMaker.java:312)
06-14 10:52:38.080 23627 23627 I ND      : 	at OX.a(MapMaker.java:498)
06-14 10:52:38.080 23627 23627 I ND      : 	at OX.a(MapMaker.java:419)
06-14 10:52:38.080 23627 23627 I ND      : 	at Nb.get(CustomConcurrentHashMap.java:2029)
06-14 10:52:38.080 23627 23627 I ND      : 	at MM.a(BytecodeGen.java:149)
06-14 10:52:38.080 23627 23627 I ND      : 	at MM.a(BytecodeGen.java:132)
06-14 10:52:38.080 23627 23627 I ND      : 	at MX.a(ConstructionContext.java:80)
06-14 10:52:38.080 23627 23627 I ND      : 	at KG.a(ConstructorInjector.java:70)
06-14 10:52:38.080 23627 23627 I ND      : 	at KF.a(ConstructorBindingImpl.java:111)
06-14 10:52:38.080 23627 23627 I ND      : 	at LU.a(ProviderToInternalFactoryAdapter.java:45)
06-14 10:52:38.080 23627 23627 I ND      : 	at Li.a(InjectorImpl.java:811)
06-14 10:52:38.080 23627 23627 I ND      : 	at LT.a(ProviderToInternalFactoryAdapter.java:42)
06-14 10:52:38.080 23627 23627 I ND      : 	at Mc.a(Scopes.java:54)
06-14 10:52:38.080 23627 23627 I ND      : 	at Lz.a(InternalFactoryToProviderAdapter.java:48)
06-14 10:52:38.080 23627 23627 I ND      : 	at KR.a(FactoryProxy.java:56)
06-14 10:52:38.080 23627 23627 I ND      : 	at Mi.a(SingleParameterInjector.java:42)
06-14 10:52:38.080 23627 23627 I ND      : 	at Mi.a(SingleParameterInjector.java:66)
06-14 10:52:38.080 23627 23627 I ND      : 	at KG.a(ConstructorInjector.java:84)
06-14 10:52:38.080 23627 23627 I ND      : 	at KF.a(ConstructorBindingImpl.java:111)
06-14 10:52:38.080 23627 23627 I ND      : 	at KR.a(FactoryProxy.java:56)
06-14 10:52:38.080 23627 23627 I ND      : 	at Mi.a(SingleParameterInjector.java:42)
06-14 10:52:38.080 23627 23627 I ND      : 	at Mi.a(SingleParameterInjector.java:66)
06-14 10:52:38.080 23627 23627 I ND      : 	at KG.a(ConstructorInjector.java:84)
06-14 10:52:38.080 23627 23627 I ND      : 	at KF.a(ConstructorBindingImpl.java:111)
06-14 10:52:38.080 23627 23627 I ND      : 	at LU.a(ProviderToInternalFactoryAdapter.java:45)
06-14 10:52:38.080 23627 23627 I ND      : 	at Li.a(InjectorImpl.java:811)
06-14 10:52:38.080 23627 23627 I ND      : 	at LT.a(ProviderToInternalFactoryAdapter.java:42)
06-14 10:52:38.080 23627 23627 I ND      : 	at Mc.a(Scopes.java:54)
06-14 10:52:38.080 23627 23627 I ND      : 	at Lz.a(InternalFactoryToProviderAdapter.java:48)
06-14 10:52:38.080 23627 23627 I ND      : 	at Lg.a(InjectorBuilder.java:200)
06-14 10:52:38.080 23627 23627 I ND      : 	at Lg.a(InjectorBuilder.java:194)
06-14 10:52:38.080 23627 23627 I ND      : 	at Li.a(InjectorImpl.java:804)
06-14 10:52:38.080 23627 23627 I ND      : 	at Lf.a(InjectorBuilder.java:194)
06-14 10:52:38.080 23627 23627 I ND      : 	at Lf.b(InjectorBuilder.java:176)
06-14 10:52:38.080 23627 23627 I ND      : 	at Lf.a(InjectorBuilder.java:113)
06-14 10:52:38.080 23627 23627 I ND      : 	at KS.a(Guice.java:92)
06-14 10:52:38.080 23627 23627 I ND      : 	at roboguice.application.RoboApplication.b(RoboApplication.java:146)
06-14 10:52:38.080 23627 23627 I ND      : 	at roboguice.application.RoboApplication.a(RoboApplication.java:84)
06-14 10:52:38.080 23627 23627 I ND      : 	at com.google.android.apps.docs.GuiceContentProvider.a(GuiceContentProvider.java:36)
06-14 10:52:38.080 23627 23627 I ND      : 	at com.google.android.apps.docs.GuiceContentProvider.onCreate(GuiceContentProvider.java:27)
06-14 10:52:38.080 23627 23627 I ND      : 	at com.google.android.apps.docs.doclist.BaseSearchSuggestionProvider.onCreate(BaseSearchSuggestionProvider.java:88)
06-14 10:52:38.080 23627 23627 I ND      : 	at android.content.ContentProvider.attachInfo(ContentProvider.java:944)
06-14 10:52:38.080 23627 23627 I ND      : 	at android.app.ActivityThread.installProvider(ActivityThread.java:4237)
06-14 10:52:38.080 23627 23627 I ND      : 	at android.app.ActivityThread.installContentProviders(ActivityThread.java:3992)
06-14 10:52:38.080 23627 23627 I ND      : 	at android.app.ActivityThread.handleBindApplication(ActivityThread.java:3946)
06-14 10:52:38.080 23627 23627 I ND      : 	at android.app.ActivityThread.access$1300(ActivityThread.java:123)
06-14 10:52:38.080 23627 23627 I ND      : 	at android.app.ActivityThread$H.handleMessage(ActivityThread.java:1185)
06-14 10:52:38.080 23627 23627 I ND      : 	at android.os.Handler.dispatchMessage(Handler.java:99)
06-14 10:52:38.080 23627 23627 I ND      : 	at android.os.Looper.loop(Looper.java:137)
06-14 10:52:38.080 23627 23627 I ND      : 	at android.app.ActivityThread.main(ActivityThread.java:4424)
06-14 10:52:38.080 23627 23627 I ND      : 	at java.lang.reflect.Method.invokeNative(Native Method)
06-14 10:52:38.080 23627 23627 I ND      : 	at java.lang.reflect.Method.invoke(Method.java:511)
06-14 10:52:38.080 23627 23627 I ND      : 	at com.android.internal.os.ZygoteInit$MethodAndArgsCaller.run(ZygoteInit.java:784)
06-14 10:52:38.080 23627 23627 I ND      : 	at com.android.internal.os.ZygoteInit.main(ZygoteInit.java:551)
06-14 10:52:38.080 23627 23627 I ND      : 	at dalvik.system.NativeStart.main(Native Method)
06-14 10:52:38.080 23627 23627 I ND      : Caused by: java.lang.IllegalArgumentException: Expected com.google.inject.internal.FinalizableReference.
06-14 10:52:38.080 23627 23627 I ND      : 	at NK.startFinalizer(Finalizer.java:77)
06-14 10:52:38.080 23627 23627 I ND      : 	... 60 more
06-14 10:52:38.174 23627 23627 I ActivityThread: Pub com.google.android.apps.docs.doclist.account_suggest: com.google.android.apps.docs.doclist.DocListAccountSuggestionProvider
06-14 10:52:38.194 23627 23627 I ActivityThread: Pub com.google.android.apps.docs: com.google.android.apps.docs.providers.DocListProvider
06-14 10:52:38.229 23627 23629 D dalvikvm: GC_CONCURRENT freed 528K, 6% free 9836K/10439K, paused 2ms+5ms
06-14 10:52:38.611 22914 22914 D Bible - W/Misc: no connection 
06-14 10:52:38.963   212   214 D dalvikvm: GC_CONCURRENT freed 370K, 55% free 9870K/21703K, paused 12ms+6ms
06-14 10:52:39.205   212   214 D dalvikvm: GC_CONCURRENT freed 330K, 54% free 10030K/21703K, paused 2ms+11ms
06-14 10:52:40.541   141   198 D ConnectivityService: ConnectivityChange for mobile: CONNECTED/CONNECTED
06-14 10:52:40.643   141   194 D NetworkPolicy: applying policy NetworkPolicy[NetworkTemplate: matchRule=MOBILE_ALL, subscriberId=valid]: cycleDay=8, warningBytes=2147483648, limitBytes=-1, lastSnooze=-1 to ifaces [rmnet0]
06-14 10:52:41.545   141   198 D ConnectivityService: NetTransition Wakelock for WifiStateMachine released by timeout
06-14 10:52:43.682   141   202 D Tethering: MasterInitialState.processMessage what=3
06-14 10:52:43.686  8519  8519 I GTalkService/c: [AndroidEndpoint@1093886216] connect: acct=1000000, state=CONNECTING
06-14 10:52:43.690  8519  8519 I GTalkService/c: [GTalkConnection@1094481864] connect: acct=1, state=CONNECTING
06-14 10:52:43.764 23305 23305 I MediaUploader: No need to wake up
06-14 10:52:43.858 23006 23028 D PicasaSyncManager: active network: NetworkInfo: type: mobile[CDMA - EvDo rev. A], state: CONNECTED/CONNECTED, reason: (unspecified), extra: , roaming: false, failover: true, isAvailable: true
06-14 10:52:43.975 23006 23028 D PicasaSyncManager: background data: true
06-14 10:52:44.022   212   214 D dalvikvm: GC_CONCURRENT freed 610K, 55% free 9931K/21703K, paused 2ms+3ms
06-14 10:52:44.123   212   214 D dalvikvm: GC_CONCURRENT freed 535K, 55% free 9846K/21703K, paused 2ms+4ms
06-14 10:52:44.334 22255 22257 D dalvikvm: GC_CONCURRENT freed 273K, 6% free 9346K/9863K, paused 5ms+3ms
06-14 10:52:47.334   141   198 D ConnectivityService: handleInetConditionHoldEnd: net=0, condition=100, published condition=0
06-14 10:52:48.002   141   158 I ActivityManager: Start proc com.google.android.talk for broadcast com.google.android.talk/.ConnectionStateOnlineReceiver: pid=23655 uid=10047 gids={3003, 1015, 1006, 3002}
06-14 10:52:48.154 23655 23655 I ActivityThread: Pub com.google.android.talk.SuggestionProvider: com.google.android.talk.SuggestionsProvider
06-14 10:52:48.186  8519  8522 D dalvikvm: GC_CONCURRENT freed 467K, 7% free 10910K/11655K, paused 28ms+4ms
06-14 10:52:48.361 23655 23655 D vclib:CallStateClient: startListening
06-14 10:52:48.463 23655 23657 D dalvikvm: GC_CONCURRENT freed 180K, 3% free 9356K/9607K, paused 21ms+3ms
06-14 10:52:48.471   141   153 I ActivityManager: No longer want com.android.inputmethod.latin (pid 19950): hidden #16
06-14 10:52:48.518   141   152 I ActivityManager: Process com.google.android.syncadapters.calendar (pid 23478) has died.
06-14 10:52:58.221 23212 23679 I Gmail   : MainSyncRequestProto: lowestBkwdConvoId: 0, highestHandledServerOp: 2655512, normalSync: true
06-14 10:53:01.088 23212 23214 D dalvikvm: GC_CONCURRENT freed 441K, 6% free 9559K/10119K, paused 11ms+9ms
06-14 10:53:01.201 23212 23679 D dalvikvm: GC_EXPLICIT freed 166K, 6% free 9536K/10119K, paused 2ms+3ms
06-14 10:53:01.217 23212 23679 I Gmail   : MainSyncRequestProto: lowestBkwdConvoId: 0, highestHandledServerOp: 2655560, normalSync: true
06-14 10:53:02.451 23212 23679 D dalvikvm: GC_EXPLICIT freed 199K, 6% free 9566K/10119K, paused 2ms+3ms
06-14 10:53:02.459 23212 23679 I Gmail   : MainSyncRequestProto: lowestBkwdConvoId: 0, highestHandledServerOp: 2655560, normalSync: true
06-14 10:53:02.471 23212 23679 W Gmail   : Scheduling index for 300000 ms from now
06-14 10:53:02.510 23212 23679 I Gmail   : Sending notification intent: Intent { act=android.intent.action.PROVIDER_CHANGED dat=content://gmail-ls/unread/^i (has extras) }
06-14 10:53:02.565 23212 23679 I Gmail   : Sending notification intent: Intent { act=android.intent.action.PROVIDER_CHANGED dat=content://gmail-ls/unread/^iim (has extras) }
06-14 10:53:02.674   141   141 D dalvikvm: GC_EXPLICIT freed 2304K, 23% free 17696K/22791K, paused 4ms+9ms
06-14 10:53:10.065  6645  6645 I wpa_supplicant: wlan0: CTRL-EVENT-DISCONNECTED bssid=d0:c2:82:66:6b:f0 reason=0
06-14 10:53:11.744  6645  6645 I wpa_supplicant: wlan0: Trying to associate with d0:c2:82:2d:e4:b0 (SSID='UB_Secure' freq=2412 MHz)
06-14 10:53:11.908  6645  6645 I wpa_supplicant: wlan0: Associated with d0:c2:82:2d:e4:b0
06-14 10:53:11.908  6645  6645 I wpa_supplicant: wlan0: CTRL-EVENT-EAP-STARTED EAP authentication started
06-14 10:53:11.912  6645  6645 I wpa_supplicant: wlan0: CTRL-EVENT-EAP-PROPOSED-METHOD vendor=0 method=4 -> NAK
06-14 10:53:11.916  6645  6645 I wpa_supplicant: wlan0: CTRL-EVENT-EAP-PROPOSED-METHOD vendor=0 method=25
06-14 10:53:11.924  6645  6645 I wpa_supplicant: wlan0: CTRL-EVENT-EAP-METHOD EAP vendor 0 method 25 (PEAP) selected
06-14 10:53:11.955  6645  6645 I wpa_supplicant: EAP-TLV: TLV Result - Success - EAP-TLV/Phase2 Completed
06-14 10:53:13.791  6645  6645 I wpa_supplicant: wlan0: Associated with d0:c2:82:66:6b:f0
06-14 10:53:13.791  6645  6645 I wpa_supplicant: wlan0: CTRL-EVENT-EAP-STARTED EAP authentication started
06-14 10:53:13.795  6645  6645 I wpa_supplicant: wlan0: CTRL-EVENT-EAP-PROPOSED-METHOD vendor=0 method=4 -> NAK
06-14 10:53:13.803  6645  6645 I wpa_supplicant: wlan0: CTRL-EVENT-EAP-PROPOSED-METHOD vendor=0 method=25
06-14 10:53:13.803  6645  6645 I wpa_supplicant: wlan0: CTRL-EVENT-EAP-METHOD EAP vendor 0 method 25 (PEAP) selected
06-14 10:53:13.822  6645  6645 I wpa_supplicant: EAP-TLV: TLV Result - Success - EAP-TLV/Phase2 Completed
06-14 10:53:16.088   141   152 D AlarmManagerService: Kernel timezone updated to 240 minutes west of GMT
06-14 10:53:16.096   338   338 D SystemClock: Setting time of day to sec=1339685596
06-14 10:53:16.129   141 12162 I ActivityManager: Start proc com.android.deskclock for broadcast com.android.deskclock/.AlarmInitReceiver: pid=23684 uid=10011 gids={}
06-14 10:53:16.184 23684 23684 I ActivityThread: Pub com.android.deskclock: com.android.deskclock.AlarmProvider
06-14 10:53:16.293 23684 23697 V AlarmClock: AlarmInitReceiver finished
06-14 10:53:16.406  8519  8522 D dalvikvm: GC_CONCURRENT freed 491K, 7% free 10921K/11655K, paused 8ms+4ms
06-14 10:53:28.098   141   158 I ActivityManager: No longer want com.android.browser (pid 23452): hidden #16
06-14 10:53:49.742  6645  6645 I wpa_supplicant: wlan0: CTRL-EVENT-EAP-STARTED EAP authentication started
06-14 10:53:49.750  6645  6645 I wpa_supplicant: wlan0: CTRL-EVENT-DISCONNECTED bssid=d0:c2:82:66:6b:f0 reason=0
06-14 10:53:50.480  6645  6645 I wpa_supplicant: wlan0: Associated with d0:c2:82:66:6b:f0
06-14 10:53:50.480  6645  6645 I wpa_supplicant: wlan0: CTRL-EVENT-EAP-STARTED EAP authentication started
06-14 10:53:50.488  6645  6645 I wpa_supplicant: wlan0: CTRL-EVENT-EAP-PROPOSED-METHOD vendor=0 method=4 -> NAK
06-14 10:53:50.496  6645  6645 I wpa_supplicant: wlan0: CTRL-EVENT-EAP-PROPOSED-METHOD vendor=0 method=25
06-14 10:53:50.496  6645  6645 I wpa_supplicant: wlan0: CTRL-EVENT-EAP-METHOD EAP vendor 0 method 25 (PEAP) selected
06-14 10:53:50.516  6645  6645 I wpa_supplicant: EAP-TLV: TLV Result - Success - EAP-TLV/Phase2 Completed
06-14 10:53:52.242   141   168 I power   : *** set_screen_state 0
06-14 10:53:52.297    79   118 D SurfaceFlinger: About to give-up screen, flinger = 0x570918
06-14 10:53:52.430   354   930 D NfcService: NFC-C OFF, disconnect
06-14 10:53:52.598   141   172 V TransportControlView: Create TCV com.android.internal.widget.TransportControlView@41354768
06-14 10:53:52.637   354   930 D NfcService: NFC-EE OFF
06-14 10:53:52.660   212   212 D PhoneStatusBar: disable: < expand icons alerts ticker system_info back home RECENT* clock >
06-14 10:53:52.684    82   122 D AudioHardware: AudioHardware pcm playback is exiting standby.
06-14 10:53:52.684    82   122 D AudioHardware: openPcmOut_l() mPcmOpenCnt: 0
06-14 10:53:52.688   212   212 D PhoneStatusBar: disable: < expand icons alerts ticker system_info BACK* HOME* RECENT CLOCK* >
06-14 10:53:55.844    82   122 D AudioHardware: AudioHardware pcm playback is going to standby.
06-14 10:53:55.844    82   122 D AudioHardware: closePcmOut_l() mPcmOpenCnt: 1
06-14 10:54:15.381   141   172 I power   : *** set_screen_state 1
06-14 10:54:15.436   141   172 I WindowManager: Lock screen displayed!
06-14 10:54:15.514   354  2326 D NfcService: NFC-EE ON
06-14 10:54:15.619    79   118 D SurfaceFlinger: Screen about to return, flinger = 0x570918
06-14 10:54:16.670   141   351 D AlarmManagerService: Kernel timezone updated to 240 minutes west of GMT
06-14 10:54:16.787   212   212 D PhoneStatusBar: disable: < expand icons alerts ticker system_info BACK HOME recent* CLOCK >
06-14 10:54:16.795   354  2182 D NfcService: NFC-C ON
06-14 10:54:16.807   141  1035 W InputManagerService: Window already focused, ignoring focus gain of: com.android.internal.view.IInputMethodClient$Stub$Proxy@416d65c0
06-14 10:54:16.811    82   122 D AudioHardware: AudioHardware pcm playback is exiting standby.
06-14 10:54:16.811    82   122 D AudioHardware: openPcmOut_l() mPcmOpenCnt: 0
06-14 10:54:16.826   212   212 D PhoneStatusBar: disable: < expand icons alerts ticker system_info back* home* recent clock* >
06-14 10:54:16.834   212   212 V PhoneStatusBar: setLightsOn(true)
06-14 10:54:17.514  6645  6645 I wpa_supplicant: wlan0: Associated with d0:c2:82:2d:e4:b0
06-14 10:54:17.514  6645  6645 I wpa_supplicant: wlan0: CTRL-EVENT-EAP-STARTED EAP authentication started
06-14 10:54:17.522  6645  6645 I wpa_supplicant: wlan0: CTRL-EVENT-EAP-PROPOSED-METHOD vendor=0 method=4 -> NAK
06-14 10:54:17.529  6645  6645 I wpa_supplicant: wlan0: CTRL-EVENT-EAP-PROPOSED-METHOD vendor=0 method=25
06-14 10:54:17.529  6645  6645 I wpa_supplicant: wlan0: CTRL-EVENT-EAP-METHOD EAP vendor 0 method 25 (PEAP) selected
06-14 10:54:17.553  6645  6645 I wpa_supplicant: EAP-TLV: TLV Result - Success - EAP-TLV/Phase2 Completed
06-14 10:54:19.236   141 11796 D AlarmManagerService: Kernel timezone updated to 240 minutes west of GMT
06-14 10:54:19.975    82   122 D AudioHardware: AudioHardware pcm playback is going to standby.
06-14 10:54:19.975    82   122 D AudioHardware: closePcmOut_l() mPcmOpenCnt: 1
06-14 10:54:37.400 21745 21758 I PhoneLab-: Service Running
06-14 10:54:37.514 21745 21758 I PhoneLab-LoggerService: app_38    1345  1     1448   1004  c00f181c 400107b4 S logcat
06-14 10:54:37.518 21745 21758 I PhoneLab-LoggerService: Logcat pid from database 1345
06-14 10:54:37.518 21745 21758 I PhoneLab-LoggerService: Logcat process found 1345
06-14 10:54:37.518 21745 21758 I PhoneLab-LoggerService: Checking Threshold
06-14 10:54:37.518 21745 21758 I PhoneLab-LoggerService: Starting to rename files
06-14 10:54:37.518 21745 21758 I PhoneLab-LoggerService: Files found .. 3
06-14 10:54:53.443  6645  6645 I wpa_supplicant: wlan0: CTRL-EVENT-EAP-STARTED EAP authentication started
06-14 10:54:53.447  6645  6645 I wpa_supplicant: wlan0: CTRL-EVENT-DISCONNECTED bssid=d0:c2:82:2d:e4:b0 reason=0
06-14 10:54:54.760  6645  6645 I wpa_supplicant: wlan0: Trying to associate with d0:c2:82:2d:e4:b0 (SSID='UB_Secure' freq=2412 MHz)
06-14 10:54:54.822  6645  6645 I wpa_supplicant: wlan0: Associated with d0:c2:82:2d:e4:b0
06-14 10:54:54.826  6645  6645 I wpa_supplicant: wlan0: CTRL-EVENT-EAP-STARTED EAP authentication started
06-14 10:54:54.830  6645  6645 I wpa_supplicant: wlan0: CTRL-EVENT-EAP-PROPOSED-METHOD vendor=0 method=4 -> NAK
06-14 10:54:54.834  6645  6645 I wpa_supplicant: wlan0: CTRL-EVENT-EAP-PROPOSED-METHOD vendor=0 method=25
06-14 10:54:54.834  6645  6645 I wpa_supplicant: wlan0: CTRL-EVENT-EAP-METHOD EAP vendor 0 method 25 (PEAP) selected
06-14 10:54:54.865  6645  6645 I wpa_supplicant: EAP-TLV: TLV Result - Success - EAP-TLV/Phase2 Completed
06-14 10:54:54.998   212   214 D dalvikvm: GC_CONCURRENT freed 231K, 54% free 10064K/21703K, paused 3ms+4ms
06-14 10:54:55.221   212   214 D dalvikvm: GC_CONCURRENT freed 459K, 54% free 10035K/21703K, paused 2ms+4ms
06-14 10:54:55.260 23571 23573 D dalvikvm: GC_CONCURRENT freed 378K, 5% free 10188K/10695K, paused 62ms+2ms
06-14 10:55:16.815   141   176 I ActivityManager: START {act=android.intent.action.MAIN cat=[android.intent.category.HOME] flg=0x10200000 cmp=com.android.launcher/com.android.launcher2.Launcher} from pid 141
06-14 10:55:16.924   367   382 I dalvikvm: Jit: resizing JitTable from 8192 to 16384
06-14 10:55:17.096 23522 23524 D dalvikvm: GC_CONCURRENT freed 305K, 5% free 9171K/9607K, paused 11ms+5ms
06-14 10:55:17.717 22914 22914 D FlurryAgent: Ending session
06-14 10:55:17.893 22914 22916 D dalvikvm: GC_CONCURRENT freed 744K, 10% free 11678K/12935K, paused 38ms+9ms
06-14 10:55:18.670   141   168 I power   : *** set_screen_state 0
06-14 10:55:18.721    79   118 D SurfaceFlinger: About to give-up screen, flinger = 0x570918
06-14 10:55:18.775   141   172 V TransportControlView: Create TCV com.android.internal.widget.TransportControlView@4166d3e0
06-14 10:55:18.873   141   143 D dalvikvm: GC_CONCURRENT freed 1130K, 19% free 18614K/22791K, paused 20ms+11ms
06-14 10:55:18.983   354   436 D NfcService: NFC-C OFF, disconnect
06-14 10:55:18.994   212   212 D PhoneStatusBar: disable: < expand icons alerts ticker system_info back home RECENT* clock >
06-14 10:55:19.014    82   122 D AudioHardware: AudioHardware pcm playback is exiting standby.
06-14 10:55:19.014    82   122 D AudioHardware: openPcmOut_l() mPcmOpenCnt: 0
06-14 10:55:19.022   212   212 D PhoneStatusBar: disable: < expand icons alerts ticker system_info BACK* HOME* RECENT CLOCK* >
06-14 10:55:19.025   354   436 D NfcService: NFC-EE OFF
06-14 10:55:22.174    82   122 D AudioHardware: AudioHardware pcm playback is going to standby.
06-14 10:55:22.174    82   122 D AudioHardware: closePcmOut_l() mPcmOpenCnt: 1
06-14 10:55:31.385  6645  6645 I wpa_supplicant: wlan0: CTRL-EVENT-DISCONNECTED bssid=d0:c2:82:2d:e4:b0 reason=0
06-14 10:55:33.393  6645  6645 I wpa_supplicant: wlan0: Trying to associate with d0:c2:82:66:6b:f1 (SSID='UB_Wireless' freq=2462 MHz)
06-14 10:55:33.408  6645  6645 I wpa_supplicant: wlan0: CTRL-EVENT-DISCONNECTED bssid=d0:c2:82:66:6b:f1 reason=0
06-14 10:55:33.549  6645  6645 E wpa_supplicant: ioctl[SIOCSIWPRIV] (cscan): -1
06-14 10:55:33.549  6645  6645 W wpa_supplicant: wlan0: Failed to initiate AP scan
06-14 10:55:35.385  6645  6645 I wpa_supplicant: wlan0: Trying to associate with d0:c2:82:67:e7:60 (SSID='UB_Secure' freq=2412 MHz)
06-14 10:55:35.545  6645  6645 I wpa_supplicant: wlan0: Associated with d0:c2:82:67:e7:60
06-14 10:55:35.545  6645  6645 I wpa_supplicant: wlan0: CTRL-EVENT-EAP-STARTED EAP authentication started
06-14 10:55:35.557  6645  6645 I wpa_supplicant: wlan0: CTRL-EVENT-EAP-PROPOSED-METHOD vendor=0 method=4 -> NAK
06-14 10:55:35.565  6645  6645 I wpa_supplicant: wlan0: CTRL-EVENT-EAP-PROPOSED-METHOD vendor=0 method=25
06-14 10:55:35.565  6645  6645 I wpa_supplicant: wlan0: CTRL-EVENT-EAP-METHOD EAP vendor 0 method 25 (PEAP) selected
06-14 10:55:35.639  6645  6645 I wpa_supplicant: wlan0: CTRL-EVENT-EAP-PEER-CERT depth=2 subject='/C=US/O=Entrust.net/OU=www.entrust.net/CPS incorp. by ref. (limits liab.)/OU=(c) 1999 Entrust.net Limited/CN=Entrust.net Secure Server Certification Authority'
06-14 10:55:35.639  6645  6645 I wpa_supplicant: wlan0: CTRL-EVENT-EAP-PEER-CERT depth=2 subject='/C=US/O=Entrust.net/OU=www.entrust.net/CPS incorp. by ref. (limits liab.)/OU=(c) 1999 Entrust.net Limited/CN=Entrust.net Secure Server Certification Authority'
06-14 10:55:35.647  6645  6645 I wpa_supplicant: wlan0: CTRL-EVENT-EAP-PEER-CERT depth=1 subject='/C=US/ST=UT/L=Salt Lake City/O=The USERTRUST Network/CN=USERTrust Legacy Secure Server CA'
06-14 10:55:35.647  6645  6645 I wpa_supplicant: wlan0: CTRL-EVENT-EAP-PEER-CERT depth=0 subject='/C=US/postalCode=14260/ST=New York/L=Buffalo/street=305 Computing Center/O=SUNY AT BUFFALO/OU=Issued through UNIVERSITY AT BUFFALO E-PKI Manager/OU=Comodo PremiumSSL Legacy/CN=radius1.cit.buffalo.edu'
06-14 10:55:35.818  6645  6645 I wpa_supplicant: EAP-MSCHAPV2: Authentication succeeded
06-14 10:55:35.826  6645  6645 I wpa_supplicant: EAP-TLV: TLV Result - Success - EAP-TLV/Phase2 Completed
06-14 10:55:35.850  6645  6645 I wpa_supplicant: wlan0: CTRL-EVENT-EAP-SUCCESS EAP authentication completed successfully
06-14 10:55:35.920    76   113 D NetlinkEvent: Unexpected netlink message. type=0xf
