06-10 20:41:07.628   141   274 E WifiHW  : Unable to open connection to supplicant on "wlan0": No such file or directory
06-10 20:41:07.640   141   152 I ActivityManager: Start proc com.google.process.gapps for content provider com.google.android.gsf/.gservices.GservicesProvider: pid=275 uid=10009 gids={3003, 1015, 1007, 2001, 3006}
06-10 20:41:07.644   141   157 D NetworkManagementService: Registering observer
06-10 20:41:07.691   141   185 I bluedroid: bt_enable: ret: -1, errno: 19
06-10 20:41:07.750   141   157 D NetworkManagementService: Registering observer
06-10 20:41:07.753   141   157 I ActivityManager: Config changed: {1.0 0mcc0mnc en_US layoutdir=0 sw320dp w320dp h508dp nrml long port finger -keyb/v/h -nav/h s.3}
06-10 20:41:07.792   141   185 I bluedroid: bt_enable: ret: -1, errno: 19
06-10 20:41:07.804   211   213 D dalvikvm: GC_CONCURRENT freed 107K, 3% free 9323K/9543K, paused 2ms+23ms
06-10 20:41:07.890   141   185 I bluedroid: bt_enable: ret: -1, errno: 19
06-10 20:41:07.898   141   141 I StatusBarManagerService: registerStatusBar bar=com.android.internal.statusbar.IStatusBar$Stub$Proxy@416470d8
06-10 20:41:07.898   211   211 D PhoneStatusBar: disable: < expand icons alerts ticker system_info BACK* HOME* RECENT* CLOCK* >
06-10 20:41:07.992   141   185 I bluedroid: bt_enable: ret: -1, errno: 19
06-10 20:41:07.996   211   211 D StorageNotification: Startup with UMS connection false (media state unmounted)
06-10 20:41:08.023   211   211 D SystemUIService: loading: class com.android.systemui.power.PowerUI
06-10 20:41:08.023   211   211 D SystemUIService: running: com.android.systemui.power.PowerUI@41390668
06-10 20:41:08.027   211   294 I StorageNotification: UMS connection changed to false (media state unmounted)
06-10 20:41:08.062   275   275 I ActivityThread: Pub com.google.settings: com.google.android.gsf.settings.GoogleSettingsProvider
06-10 20:41:08.105   141   185 I bluedroid: bt_enable: ret: 0, errno: 19
06-10 20:41:08.105   141   185 I bluedroid: Starting bluetoothd deamon
06-10 20:41:08.113   141   185 E BluetoothEventLoop.cpp: get_adapter_path: D-Bus error: org.freedesktop.DBus.Error.ServiceUnknown (The name org.bluez was not provided by any .service files)
06-10 20:41:08.125   141   185 E BluetoothEventLoop.cpp: get_adapter_path: D-Bus error: org.freedesktop.DBus.Error.ServiceUnknown (The name org.bluez was not provided by any .service files)
06-10 20:41:08.132   198   198 E brcm_patchram_plus: Done setting line discpline
06-10 20:41:08.136   141   185 E BluetoothEventLoop.cpp: get_adapter_path: D-Bus error: org.freedesktop.DBus.Error.ServiceUnknown (The name org.bluez was not provided by any .service files)
06-10 20:41:08.148   141   185 E BluetoothEventLoop.cpp: get_adapter_path: D-Bus error: org.freedesktop.DBus.Error.ServiceUnknown (The name org.bluez was not provided by any .service files)
06-10 20:41:08.160   141   185 E BluetoothEventLoop.cpp: get_adapter_path: D-Bus error: org.freedesktop.DBus.Error.ServiceUnknown (The name org.bluez was not provided by any .service files)
06-10 20:41:08.164   141   158 I ActivityManager: Start proc android.process.media for broadcast com.android.providers.media/.UsbReceiver: pid=303 uid=10012 gids={1015, 1023, 1024, 2001, 3003, 3007}
06-10 20:41:08.175   141   185 E BluetoothEventLoop.cpp: get_adapter_path: D-Bus error: org.freedesktop.DBus.Error.ServiceUnknown (The name org.bluez was not provided by any .service files)
06-10 20:41:08.187   141   185 E BluetoothEventLoop.cpp: get_adapter_path: D-Bus error: org.freedesktop.DBus.Error.ServiceUnknown (The name org.bluez was not provided by any .service files)
06-10 20:41:08.199   141   185 E BluetoothEventLoop.cpp: get_adapter_path: D-Bus error: org.freedesktop.DBus.Error.ServiceUnknown (The name org.bluez was not provided by any .service files)
06-10 20:41:08.210   141   185 E BluetoothEventLoop.cpp: get_adapter_path: D-Bus error: org.freedesktop.DBus.Error.ServiceUnknown (The name org.bluez was not provided by any .service files)
06-10 20:41:08.218   275   275 I ActivityThread: Pub subscribedfeeds: com.google.android.gsf.subscribedfeeds.SubscribedFeedsProvider
06-10 20:41:08.222   141   185 E BluetoothEventLoop.cpp: get_adapter_path: D-Bus error: org.freedesktop.DBus.Error.ServiceUnknown (The name org.bluez was not provided by any .service files)
06-10 20:41:08.234   141   185 E BluetoothEventLoop.cpp: get_adapter_path: D-Bus error: org.freedesktop.DBus.Error.ServiceUnknown (The name org.bluez was not provided by any .service files)
06-10 20:41:08.246   141   185 E BluetoothEventLoop.cpp: get_adapter_path: D-Bus error: org.freedesktop.DBus.Error.ServiceUnknown (The name org.bluez was not provided by any .service files)
06-10 20:41:08.312   141   143 D dalvikvm: GC_CONCURRENT freed 306K, 3% free 13376K/13767K, paused 2ms+36ms
06-10 20:41:08.347   141   185 E BluetoothEventLoop.cpp: get_adapter_path: D-Bus error: org.bluez.Error.NoSuchAdapter (No such adapter)
06-10 20:41:08.347   141   185 E BluetoothEventLoop.cpp: failure setting up Event Loop!
06-10 20:41:08.355   273   273 I wpa_supplicant: rfkill: Cannot open RFKILL control device
06-10 20:41:08.378   303   303 I ActivityThread: Pub downloads: com.android.providers.downloads.DownloadProvider
06-10 20:41:08.386   275   275 I ActivityThread: Pub com.google.contacts.gal.provider: com.google.android.syncadapters.contacts.GalProvider
06-10 20:41:08.464   275   275 I ActivityThread: Pub com.google.android.gsf.gservices: com.google.android.gsf.gservices.GservicesProvider
06-10 20:41:08.464   275   275 I GservicesProvider: Gservices pushing to system: true; secure: true
06-10 20:41:08.464   275   275 I ActivityThread: Pub com.google.android.providers.talk: com.google.android.gsf.talk.TalkProvider
06-10 20:41:08.468   141   157 I ActivityManager: Start proc com.android.wallpaper for service com.android.wallpaper/.nexus.NexusWallpaper: pid=321 uid=10028 gids={1006}
06-10 20:41:08.472   141   157 W InputManagerService: Ignoring setImeWindowStatus of uid 1000 token: null
06-10 20:41:08.476   303   303 I ActivityThread: Pub drm: com.android.providers.drm.DrmProvider
06-10 20:41:08.480   303   303 I ActivityThread: Pub media: com.android.providers.media.MediaProvider
06-10 20:41:08.484   303   329 I DownloadManager: in removeSpuriousFiles
06-10 20:41:08.546   141   157 I ActivityManager: Start proc com.touchtype.swiftkey.phone.trial for service com.touchtype.swiftkey.phone.trial/com.touchtype.KeyboardService: pid=332 uid=10075 gids={1015, 3003}
06-10 20:41:08.574   303   329 I DownloadManager: in removeSpuriousFiles, preserving file /mnt/sdcard/Download/Swype-Installer-3.apk
06-10 20:41:08.574   303   329 I DownloadManager: in removeSpuriousFiles, preserving file /mnt/sdcard/Download/Swype-Installer-4.apk
06-10 20:41:08.574   303   329 I DownloadManager: in removeSpuriousFiles, preserving file /mnt/sdcard/Download/Swype-Installer-5.apk
06-10 20:41:08.574   303   329 I DownloadManager: in removeSpuriousFiles, preserving file /mnt/sdcard/Download/Swype-Installer-6.apk
06-10 20:41:08.585   303   329 I DownloadManager: deleting spurious file /cache/wimax_service.dex
06-10 20:41:08.597   141   157 D NetworkManagementService: Registering observer
06-10 20:41:08.613   303   329 I DownloadManager: deleting spurious file /cache/backup
06-10 20:41:08.636   275   277 D dalvikvm: GC_CONCURRENT freed 298K, 4% free 9268K/9607K, paused 1ms+4ms
06-10 20:41:08.703   141   351 W ThrottleService: unable to find stats for iface rmnet0
06-10 20:41:08.718   141   157 I ActivityManager: Start proc com.android.phone for added application com.android.phone: pid=360 uid=1001 gids={3002, 3001, 3003, 1015}
06-10 20:41:08.742   141   152 D SyncManager: setSyncAutomatically: , provider subscribedfeeds -> true
06-10 20:41:08.742   141   152 D SyncManager: setSyncAutomatically: already set to true, doing nothing
06-10 20:41:08.769   141   157 I ActivityManager: Start proc com.android.nfc for added application com.android.nfc: pid=375 uid=1027 gids={3002, 3001}
06-10 20:41:08.777   141   157 I ActivityManager: START {act=android.intent.action.MAIN cat=[android.intent.category.HOME] flg=0x10000000 cmp=com.android.launcher/com.android.launcher2.Launcher} from pid 0
06-10 20:41:08.808   141   157 I ActivityManager: Start proc com.android.launcher for activity com.android.launcher/com.android.launcher2.Launcher: pid=392 uid=10027 gids={}
06-10 20:41:08.808   141   157 I SystemServer: Enabled StrictMode for system server main thread.
06-10 20:41:08.949    79    79 D dalvikvm: GC_EXPLICIT freed 34K, 4% free 9031K/9347K, paused 12ms+3ms
06-10 20:41:08.968    79    79 D dalvikvm: GC_EXPLICIT freed <1K, 4% free 9031K/9347K, paused 2ms+3ms
06-10 20:41:08.992    79    79 D dalvikvm: GC_EXPLICIT freed <1K, 4% free 9031K/9347K, paused 1ms+2ms
06-10 20:41:09.011   273   273 I wpa_supplicant: wlan0: Trying to associate with f4:6d:04:6d:25:46 (SSID='Ko' freq=2412 MHz)
06-10 20:41:09.031   141   185 E BluetoothService.cpp: setBluetoothTetheringNative true
06-10 20:41:09.039   273   273 I wpa_supplicant: wlan0: Associated with f4:6d:04:6d:25:46
06-10 20:41:09.046   141   402 D BluetoothEventLoop: Property Changed: UUIDs : 6
06-10 20:41:09.046   141   402 D BluetoothEventLoop: Property Changed: UUIDs : 7
06-10 20:41:09.050   141   402 D BluetoothEventLoop: Property Changed: UUIDs : 8
06-10 20:41:09.054   141   402 D BluetoothEventLoop: Property Changed: UUIDs : 9
06-10 20:41:09.058   141   402 D BluetoothEventLoop: Property Changed: Pairable : false
06-10 20:41:09.058   141   158 I ActivityManager: Start proc com.android.settings for broadcast com.android.settings/.widget.SettingsAppWidgetProvider: pid=412 uid=1000 gids={1015, 3002, 3001, 3003, 3007}
06-10 20:41:09.109   141   402 D BluetoothEventLoop: Property Changed: Powered : false
06-10 20:41:09.109   141   185 D BluetoothAdapterStateMachine: WarmUp process message: 54
06-10 20:41:09.109   141   402 D BluetoothEventLoop: Property Changed: UUIDs : 10
06-10 20:41:09.109   141   185 D BluetoothAdapterStateMachine: WarmUp process message: 51
06-10 20:41:09.167   141   196 D WifiService: New client listening to asynchronous messages
06-10 20:41:09.230   375   375 I NfcService: Starting NFC service
06-10 20:41:09.269   392   392 I ActivityThread: Pub com.android.launcher2.settings: com.android.launcher2.LauncherProvider
06-10 20:41:09.296   360   360 I ActivityThread: Pub telephony: com.android.providers.telephony.TelephonyProvider
06-10 20:41:09.316   375   375 D NFC JNI : NFC Service : loading JNI
06-10 20:41:09.449   360   360 W TelephonyProvider: onCreate: confFile=/system/etc/apns-conf.xml oldCheckSum=-1
06-10 20:41:09.531   375   375 I RegisteredComponentCache: ComponentInfo: ResolveInfo{41344ac8 com.android.apps.tag.TagViewer p=0 o=0 m=0x108000}, techs: android.nfc.tech.Ndef, 
06-10 20:41:09.531   360   360 I ActivityThread: Pub sms: com.android.providers.telephony.SmsProvider
06-10 20:41:09.589   360   360 I ActivityThread: Pub mms-sms: com.android.providers.telephony.MmsSmsProvider
06-10 20:41:09.605   360   360 I ActivityThread: Pub icc: com.android.phone.IccProvider
06-10 20:41:09.617   360   360 I ActivityThread: Pub mms: com.android.providers.telephony.MmsProvider
06-10 20:41:09.648   392   394 D dalvikvm: GC_CONCURRENT freed 257K, 4% free 9184K/9543K, paused 4ms+3ms
06-10 20:41:09.648   141   346 D libsecgps: gps_get_gps_interface:
06-10 20:41:09.648   141   346 E libsecgps: gps_get_extension: gps-debug is not implemented
06-10 20:41:09.703   332   333 D dalvikvm: GC_CONCURRENT freed 152K, 3% free 9367K/9607K, paused 2ms+2ms
06-10 20:41:09.753   375   375 I NfceeAccess: read 3 signature(s) for NFCEE access
06-10 20:41:09.808   412   412 D LocalBluetoothProfileManager: LocalBluetoothProfileManager construction complete
06-10 20:41:09.890   375   378 D dalvikvm: GC_CONCURRENT freed 325K, 5% free 9170K/9607K, paused 1ms+22ms
06-10 20:41:09.929   211   213 D dalvikvm: GC_CONCURRENT freed 123K, 3% free 9630K/9863K, paused 5ms+24ms
06-10 20:41:09.964   375   432 D NfcService: checking on firmware download
06-10 20:41:09.968   360   363 D dalvikvm: GC_CONCURRENT freed 286K, 5% free 9197K/9607K, paused 2ms+3ms
06-10 20:41:10.023   375   432 D NfcService: NFC is on. Doing normal stuff
06-10 20:41:10.023   375   432 I NfcService: Enabling NFC
06-10 20:41:10.035   375   432 D NFC JNI : Start Initialization
06-10 20:41:10.195   273   273 I wpa_supplicant: wlan0: WPA: Key negotiation completed with f4:6d:04:6d:25:46 [PTK=CCMP GTK=CCMP]
06-10 20:41:10.195   273   273 I wpa_supplicant: wlan0: CTRL-EVENT-CONNECTED - Connection to f4:6d:04:6d:25:46 completed (auth) [id=1 id_str=]
06-10 20:41:10.210   141   344 I ActivityManager: Start proc com.android.smspush for service com.android.smspush/.WapPushManager: pid=441 uid=10053 gids={}
06-10 20:41:10.289   375   432 D NFC JNI : NFC capabilities: HAL = 8150100, FW = a76d0c, HW = 620003, Model = 0, HCI = 1, Full_FW = 109, Rev = 12, FW Update Info = 0
06-10 20:41:10.394   141   143 D dalvikvm: GC_CONCURRENT freed 889K, 7% free 13623K/14599K, paused 3ms+46ms
06-10 20:41:10.472   375   432 D NFC JNI : phLibNfc_SE_GetSecureElementList()
06-10 20:41:10.472   375   432 D NFC JNI : 
06-10 20:41:10.472   375   432 D NFC JNI : > Number of Secure Element(s) : 1
06-10 20:41:10.472   375   432 D NFC JNI : phLibNfc_SE_GetSecureElementList(): SMX detected, handle=0xabcdef
06-10 20:41:10.472   375   432 D NFC JNI : phLibNfc_SE_SetMode() returned 0x000d[NFCSTATUS_PENDING]
06-10 20:41:10.480   141   158 I ActivityManager: Start proc edu.buffalo.cse.phonelab.phonelabservices for broadcast edu.buffalo.cse.phonelab.phonelabservices/edu.buffalo.cse.phonelab.receivers.WiFiReceiver: pid=456 uid=10038 gids={3003, 1015, 1007, 2001}
06-10 20:41:10.546   375   432 I NFC JNI : NFC Initialized
06-10 20:41:10.558   375   432 D NdefPushServer: start, thread = null
06-10 20:41:10.558   375   432 D NdefPushServer: starting new server thread
06-10 20:41:10.562   375   474 D NdefPushServer: about create LLCP service socket
06-10 20:41:10.562   375   474 D NdefPushServer: created LLCP service socket
06-10 20:41:10.562   375   474 D NdefPushServer: about to accept
06-10 20:41:10.570   375   432 D NfcService: NFC-EE OFF
06-10 20:41:10.578   375   432 D NfcService: NFC-C OFF
06-10 20:41:10.585   332   333 D dalvikvm: GC_CONCURRENT freed 409K, 6% free 9492K/9991K, paused 1ms+2ms
06-10 20:41:10.675   392   394 D dalvikvm: GC_CONCURRENT freed 99K, 3% free 9530K/9735K, paused 2ms+5ms
06-10 20:41:10.718   360   360 D CAT     : CatService: Running CAT service. STK app installed:false
06-10 20:41:10.718   360   360 D CAT     : CatService: NEW sInstance
06-10 20:41:10.968   332   333 D dalvikvm: GC_CONCURRENT freed 470K, 6% free 9589K/10119K, paused 11ms+21ms
06-10 20:41:10.968   141   382 I SearchManagerService: Building list of searchable activities
06-10 20:41:11.109   360   360 D MccTable: updateMccMncConfiguration: mcc=310, mnc=120
06-10 20:41:11.109   360   360 D MccTable: locale set to en_us
06-10 20:41:11.109   360   360 D MccTable: WIFI_COUNTRY_CODE set to us
06-10 20:41:11.144   141   295 I WifiService: WifiService trying to set country code to us with persist set to true
06-10 20:41:11.148   141   340 I ActivityManager: Config changed: {1.0 310mcc120mnc en_US layoutdir=0 sw320dp w320dp h508dp nrml long port finger -keyb/v/h -nav/h s.4}
06-10 20:41:11.160   360   363 D dalvikvm: GC_CONCURRENT freed 295K, 5% free 9340K/9735K, paused 8ms+14ms
06-10 20:41:11.277   360   360 D CallManager: registerPhone(CDMA Handler (com.android.internal.telephony.PhoneProxy) {41362458})
06-10 20:41:11.480   360   360 D Bluetooth HS/HF: CDMA call state: IDLE prev state:IDLE
06-10 20:41:11.562   141   153 I ActivityManager: Start proc android.process.acore for content provider com.android.providers.contacts/.CallLogProvider: pid=509 uid=10000 gids={3003, 1015}
06-10 20:41:11.605   392   394 D dalvikvm: GC_CONCURRENT freed 236K, 4% free 9797K/10119K, paused 2ms+14ms
06-10 20:41:11.628   141   407 W ActivityManager: Unable to start service Intent { act=com.android.ussd.IExtendedNetworkService }: not found
06-10 20:41:11.695   360   360 D OtaUtils: CdmaOtaConfigData constructor!
06-10 20:41:11.695   360   360 D OtaUtils: CdmaOtaInCallScreenState: constructor init to UNDEFINED
06-10 20:41:11.722   332   333 D dalvikvm: GC_CONCURRENT freed 436K, 6% free 9636K/10183K, paused 2ms+4ms
06-10 20:41:11.941   141   195 D DhcpInfoInternal: makeLinkProperties with empty dns2!
06-10 20:41:11.945   141   195 D DhcpInfoInternal: makeLinkProperties with empty dns2!
06-10 20:41:11.957   456   456 I PhoneLab-WiFiReceiver: Wi-Fi is connected!
06-10 20:41:11.960   456   456 I PhoneLab-WiFiReceiver: SSID: Ko BSSID: f4:6d:04:6d:25:46 RSSI: -54 LinkSpeed: 65
06-10 20:41:11.992   456   456 I PhoneLab-Locks: wake lock acquired
06-10 20:41:12.132   141   295 D dalvikvm: GC_EXPLICIT freed 171K, 6% free 13769K/14599K, paused 6ms+10ms
06-10 20:41:12.156   456   456 I PhoneLab-UploadLogs: Transfering log files now
06-10 20:41:12.156   456   456 I PhoneLab-UploadLogs: No log files to transfer
06-10 20:41:12.156   456   456 I PhoneLab-Locks: wake lock released
06-10 20:41:12.164   456   456 I PhoneLab-UploadLogs: OnStartCommand
06-10 20:41:12.261   509   509 I ActivityThread: Pub call_log: com.android.providers.contacts.CallLogProvider
06-10 20:41:12.285   141   158 I ActivityManager: Start proc com.google.android.partnersetup for broadcast com.google.android.partnersetup/.PhoneStateReceiver: pid=537 uid=10022 gids={3003}
06-10 20:41:12.328   509   509 I ActivityThread: Pub com.android.voicemail: com.android.providers.contacts.VoicemailContentProvider
06-10 20:41:12.355   509   509 I ActivityThread: Pub user_dictionary: com.android.providers.userdictionary.UserDictionaryProvider
06-10 20:41:12.371   332   333 D dalvikvm: GC_CONCURRENT freed 550K, 7% free 9625K/10247K, paused 2ms+3ms
06-10 20:41:12.406   509   509 I ActivityThread: Pub com.android.social: com.android.providers.contacts.SocialProvider
06-10 20:41:12.421   509   509 I ActivityThread: Pub applications: com.android.providers.applications.ApplicationsProvider
06-10 20:41:12.574   537   537 I ActivityThread: Pub com.google.android.partnersetup.rlzprovider: com.google.android.partnersetup.RlzProvider
06-10 20:41:12.589   360   360 D Bluetooth HSHFP: Starting BluetoothHeadsetService
06-10 20:41:12.597   537   537 I ActivityThread: Pub com.google.android.partnersetup.rlzappprovider: com.google.android.partnersetup.RlzAppProvider
06-10 20:41:12.648   360   360 D CAT     : CatService: SIM ready. Reporting STK service running now...
06-10 20:41:12.699   392   394 D dalvikvm: GC_CONCURRENT freed 328K, 5% free 9983K/10439K, paused 2ms+3ms
06-10 20:41:12.882   211   213 D dalvikvm: GC_CONCURRENT freed 144K, 3% free 9921K/10183K, paused 2ms+30ms
06-10 20:41:12.910   509   509 I ActivityThread: Pub contacts;com.android.contacts: com.android.providers.contacts.ContactsProvider2
06-10 20:41:12.984   332   333 D dalvikvm: GC_CONCURRENT freed 480K, 6% free 9656K/10247K, paused 1ms+16ms
06-10 20:41:13.031   509   511 D dalvikvm: GC_CONCURRENT freed 342K, 5% free 9193K/9607K, paused 3ms+21ms
06-10 20:41:13.082   392   392 D Launcher.Model: Reload apps on config change. curr_mcc:310 prevmcc:0
06-10 20:41:13.175   360   360 V SipBroadcastReceiver: start auto registration
06-10 20:41:13.253   360   363 D dalvikvm: GC_CONCURRENT freed 357K, 5% free 9425K/9863K, paused 2ms+19ms
06-10 20:41:13.457   392   392 D libEGL  : loaded /system/lib/egl/libGLES_android.so
06-10 20:41:13.480   392   392 D libEGL  : loaded /vendor/lib/egl/libEGL_POWERVR_SGX540_120.so
06-10 20:41:13.492   392   392 D libEGL  : loaded /vendor/lib/egl/libGLESv1_CM_POWERVR_SGX540_120.so
06-10 20:41:13.519   392   392 D libEGL  : loaded /vendor/lib/egl/libGLESv2_POWERVR_SGX540_120.so
06-10 20:41:13.562   332   333 D dalvikvm: GC_CONCURRENT freed 443K, 6% free 9731K/10247K, paused 3ms+3ms
06-10 20:41:13.617   392   392 D OpenGLRenderer: Enabling debug mode 0
06-10 20:41:13.808   332   333 D dalvikvm: GC_CONCURRENT freed 504K, 6% free 9739K/10311K, paused 2ms+2ms
06-10 20:41:13.875   141   143 D dalvikvm: GC_CONCURRENT freed 1153K, 9% free 13817K/15047K, paused 3ms+5ms
06-10 20:41:13.972   332   332 W nalizableReferenceQueue: Could not load Finalizer in its own class loader. Loading Finalizer in the current class loader instead. As a result, you will not be able to garbage collect this class loader. To support reclaiming this class loader, either resolve the underlying issue, or move Google Collections to your system class path.
06-10 20:41:13.972   332   332 W nalizableReferenceQueue: java.io.FileNotFoundException: com/google/inject/internal/Finalizer.class
06-10 20:41:13.972   332   332 W nalizableReferenceQueue: 	at com.google.inject.internal.FinalizableReferenceQueue$DecoupledLoader.getBaseUrl(FinalizableReferenceQueue.java:269)
06-10 20:41:13.972   332   332 W nalizableReferenceQueue: 	at com.google.inject.internal.FinalizableReferenceQueue$DecoupledLoader.loadFinalizer(FinalizableReferenceQueue.java:253)
06-10 20:41:13.972   332   332 W nalizableReferenceQueue: 	at com.google.inject.internal.FinalizableReferenceQueue.loadFinalizer(FinalizableReferenceQueue.java:175)
06-10 20:41:13.972   332   332 W nalizableReferenceQueue: 	at com.google.inject.internal.FinalizableReferenceQueue.<clinit>(FinalizableReferenceQueue.java:100)
06-10 20:41:13.972   332   332 W nalizableReferenceQueue: 	at com.google.inject.internal.MapMaker$QueueHolder.<clinit>(MapMaker.java:787)
06-10 20:41:13.972   332   332 W nalizableReferenceQueue: 	at com.google.inject.internal.MapMaker$WeakEntry.<init>(MapMaker.java:946)
06-10 20:41:13.972   332   332 W nalizableReferenceQueue: 	at com.google.inject.internal.MapMaker$Strength$1.newEntry(MapMaker.java:312)
06-10 20:41:13.972   332   332 W nalizableReferenceQueue: 	at com.google.inject.internal.MapMaker$StrategyImpl.newEntry(MapMaker.java:498)
06-10 20:41:13.972   332   332 W nalizableReferenceQueue: 	at com.google.inject.internal.MapMaker$StrategyImpl.newEntry(MapMaker.java:419)
06-10 20:41:13.972   332   332 W nalizableReferenceQueue: 	at com.google.inject.internal.CustomConcurrentHashMap$ComputingImpl.get(CustomConcurrentHashMap.java:2029)
06-10 20:41:13.972   332   332 W nalizableReferenceQueue: 	at com.google.inject.internal.BytecodeGen.getClassLoader(BytecodeGen.java:149)
06-10 20:41:13.972   332   332 W nalizableReferenceQueue: 	at com.google.inject.internal.BytecodeGen.getClassLoader(BytecodeGen.java:132)
06-10 20:41:13.972   332   332 W nalizableReferenceQueue: 	at com.google.inject.internal.ConstructionContext.createProxy(ConstructionContext.java:80)
06-10 20:41:13.972   332   332 W nalizableReferenceQueue: 	at com.google.inject.ConstructorInjector.construct(ConstructorInjector.java:70)
06-10 20:41:13.972   332   332 W nalizableReferenceQueue: 	at com.google.inject.ConstructorBindingImpl$Factory.get(ConstructorBindingImpl.java:111)
06-10 20:41:13.972   332   332 W nalizableReferenceQueue: 	at com.google.inject.ProviderToInternalFactoryAdapter$1.call(ProviderToInternalFactoryAdapter.java:45)
06-10 20:41:13.972   332   332 W nalizableReferenceQueue: 	at com.google.inject.InjectorImpl.callInContext(InjectorImpl.java:811)
06-10 20:41:13.972   332   332 W nalizableReferenceQueue: 	at com.google.inject.ProviderToInternalFactoryAdapter.get(ProviderToInternalFactoryAdapter.java:42)
06-10 20:41:13.972   332   332 W nalizableReferenceQueue: 	at com.google.inject.Scopes$1$1.get(Scopes.java:54)
06-10 20:41:13.972   332   332 W nalizableReferenceQueue: 	at com.google.inject.InternalFactoryToProviderAdapter.get(InternalFactoryToProviderAdapter.java:48)
06-10 20:41:13.972   332   332 W nalizableReferenceQueue: 	at com.google.inject.FactoryProxy.get(FactoryProxy.java:56)
06-10 20:41:13.972   332   332 W nalizableReferenceQueue: 	at com.google.inject.SingleParameterInjector.inject(SingleParameterInjector.java:42)
06-10 20:41:13.972   332   332 W nalizableReferenceQueue: 	at com.google.inject.SingleParameterInjector.getAll(SingleParameterInjector.java:66)
06-10 20:41:13.972   332   332 W nalizableReferenceQueue: 	at com.google.inject.ConstructorInjector.construct(ConstructorInjector.java:84)
06-10 20:41:13.972   332   332 W nalizableReferenceQueue: 	at com.google.inject.ConstructorBindingImpl$Factory.get(ConstructorBindingImpl.java:111)
06-10 20:41:13.972   332   332 W nalizableReferenceQueue: 	at com.google.inject.ProviderToInternalFactoryAdapter$1.call(ProviderToInternalFactoryAdapter.java:45)
06-10 20:41:13.972   332   332 W nalizableReferenceQueue: 	at com.google.inject.InjectorImpl.callInContext(InjectorImpl.java:811)
06-10 20:41:13.972   332   332 W nalizableReferenceQueue: 	at com.google.inject.ProviderToInternalFactoryAdapter.get(ProviderToInternalFactoryAdapter.java:42)
06-10 20:41:13.972   332   332 W nalizableReferenceQueue: 	at com.google.inject.Scopes$1$1.get(Scopes.java:54)
06-10 20:41:13.972   332   332 W nalizableReferenceQueue: 	at com.google.inject.InternalFactoryToProviderAdapter.get(InternalFactoryToProviderAdapter.java:48)
06-10 20:41:13.972   332   332 W nalizableReferenceQueue: 	at com.google.inject.FactoryProxy.get(FactoryProxy.java:56)
06-10 20:41:13.972   332   332 W nalizableReferenceQueue: 	at com.google.inject.SingleParameterInjector.inject(SingleParameterInjector.java:42)
06-10 20:41:13.972   332   332 W nalizableReferenceQueue: 	at com.google.inject.SingleParameterInjector.getAll(SingleParameterInjector.java:66)
06-10 20:41:13.972   332   332 W nalizableReferenceQueue: 	at com.google.inject.ConstructorInjector.construct(ConstructorInjector.java:84)
06-10 20:41:13.972   332   332 W nalizableReferenceQueue: 	at com.google.inject.ConstructorBindingImpl$Factory.get(ConstructorBindingImpl.java:111)
06-10 20:41:13.972   332   332 W nalizableReferenceQueue: 	at com.google.inject.ProviderToInternalFactoryAdapter$1.call(ProviderToInternalFactoryAdapter.java:45)
06-10 20:41:13.972   332   332 W nalizableReferenceQueue: 	at com.google.inject.InjectorImpl.callInContext(InjectorImpl.java:811)
06-10 20:41:13.972   332   332 W nalizableReferenceQueue: 	at com.google.inject.ProviderToInternalFactoryAdapter.get(ProviderToInternalFactoryAdapter.java:42)
06-10 20:41:13.972   332   332 W nalizableReferenceQueue: 	at com.google.inject.Scopes$1$1.get(Scopes.java:54)
06-10 20:41:13.972   332   332 W nalizableReferenceQueue: 	at com.google.inject.InternalFactoryToProviderAdapter.get(InternalFactoryToProviderAdapter.java:48)
06-10 20:41:13.972   332   332 W nalizableReferenceQueue: 	at com.google.inject.FactoryProxy.get(FactoryProxy.java:56)
06-10 20:41:13.972   332   332 W nalizableReferenceQueue: 	at com.google.inject.SingleParameterInjector.inject(SingleParameterInjector.java:42)
06-10 20:41:13.972   332   332 W nalizableReferenceQueue: 	at com.google.inject.SingleParameterIn
06-10 20:41:14.085   332   333 D dalvikvm: GC_CONCURRENT freed 500K, 6% free 9804K/10375K, paused 10ms+8ms
06-10 20:41:14.273   392   394 D dalvikvm: GC_CONCURRENT freed 253K, 4% free 10195K/10567K, paused 4ms+4ms
06-10 20:41:14.332   141   158 I ActivityManager: Start proc com.android.contacts for broadcast com.android.contacts/.calllog.CallLogReceiver: pid=561 uid=10000 gids={3003, 1015}
06-10 20:41:14.570   360   360 V OtaStartupReceiver: onReceive: intent action=android.intent.action.BOOT_COMPLETED  mOtaspMode=-1
06-10 20:41:14.570   360   360 D OtaStartupReceiver: Register our PhoneStateListener
06-10 20:41:14.570   360   360 V OtaStartupReceiver: resolvInfo = null, provisioned = true, runningSetupWizard = true
06-10 20:41:14.570   360   360 W OtaStartupReceiver: Network is not ready. Registering to receive notification.
06-10 20:41:14.570   360   360 V OtaStartupReceiver: onOtaspChanged: mOtaspMode=3
06-10 20:41:14.574   275   275 D NetworkLocationService: onCreate com.google.android.location.NetworkLocationService@41390b70
06-10 20:41:14.628   360   360 I SprintMenu: Boot completed intent received
06-10 20:41:14.718   332   333 D dalvikvm: GC_CONCURRENT freed 333K, 4% free 10033K/10439K, paused 2ms+3ms
06-10 20:41:14.742   561   576 D AccountTypeManager: Registering external account type=com.facebook.auth.login, packageName=com.facebook.katana
06-10 20:41:14.750   332   332 D dalvikvm: Trying to load lib /data/data/com.touchtype.swiftkey.phone.trial/lib/libfluency-java-internal.so 0x41318fa0
06-10 20:41:14.757   332   332 D dalvikvm: Added shared lib /data/data/com.touchtype.swiftkey.phone.trial/lib/libfluency-java-internal.so 0x41318fa0
06-10 20:41:14.765   332   332 E Fluency_Log: Could not find parameter file at "/mnt/sdcard/Android/data/com.touchtype.swiftkey.phone.trial/files/parameters.json"
06-10 20:41:14.765   332   332 W FluencyPreferencesImpl: Couldn't load parameters file: Could not find parameter file at "/mnt/sdcard/Android/data/com.touchtype.swiftkey.phone.trial/files/parameters.json"
06-10 20:41:14.773   275   275 D NetworkLocationClient: ANDROID minProtocolVersion 1 maxProtocolVersion 1 releaseVersion -1
06-10 20:41:14.773   275   275 D NetworkLocationClient: binding to Intent { act=com.google.android.location.internal.ANDROID_NLP }
06-10 20:41:14.812   141   153 I ActivityManager: Start proc com.android.sprintmenu for service com.android.sprintmenu/.HiddenPhoneService: pid=584 uid=1001 gids={3002, 3001, 3003, 1015}
06-10 20:41:14.816   360   360 I SprintMenu: getoemdata()
06-10 20:41:14.828   360   360 I SprintMenu: Inside Handlemessage
06-10 20:41:14.828   360   360 I SprintMenu: Verify response incoming!!,Get data Done
06-10 20:41:14.828   360   360 I SprintMenu: : Mode_Off
06-10 20:41:14.828   360   360 I SprintMenu: Inside Hiddenmenu handlemsg ,selectedmode = -1
06-10 20:41:14.828   360   360 I SprintMenu: Inside Hiddenmenu handlemsg, sysprop = -1
06-10 20:41:14.843   360   360 D SynmlBootReceiver: SynmlBootReceiver  onReceive = Intent { act=android.intent.action.BOOT_COMPLETED flg=0x10 cmp=com.samsung.update/.SyncmlBootReceiver }
06-10 20:41:14.843   360   360 D SynmlBootReceiver: SynmlBootReceiver  onReceive action = android.intent.action.BOOT_COMPLETED
06-10 20:41:14.843   360   360 D SynmlBootReceiver: BOOT_COMPLETED 
06-10 20:41:14.843   360   360 I SynmlBootReceiver:  san_service()starting ...
06-10 20:41:14.851   360   360 D SynmlBootReceiver: onReceive  End
06-10 20:41:14.855   360   360 I SAN_SERVICE: onCreate
06-10 20:41:14.871   360   360 V SANService: onStart(): intent_action = com.samsung.update.SAN_SERVICE
06-10 20:41:14.871   360   360 V SANService: In on Start: started = false
06-10 20:41:14.871   360   360 V SANService: Starting thread
06-10 20:41:14.878   360   360 D SAN_SERVICE: *******************************************
06-10 20:41:14.878   360   360 D SAN_SERVICE: DM App Phone Service State - 1
06-10 20:41:14.878   360   360 D SAN_SERVICE: *******************************************
06-10 20:41:14.878   360   360 D SAN_SERVICE: *******************************************
06-10 20:41:14.878   360   360 D SAN_SERVICE: DM App Phone Call State - 0
06-10 20:41:14.878   360   360 D SAN_SERVICE: *******************************************
06-10 20:41:14.882   360   360 I SAN_SERVICE: onDestroy
06-10 20:41:14.882   360   592 V SAN_SERVICE: Background Thread has stopped san_empty false
06-10 20:41:14.914   141   559 D libsecgps: gps_init
06-10 20:41:14.929   275   277 D dalvikvm: GC_CONCURRENT freed 505K, 7% free 9243K/9863K, paused 4ms+5ms
06-10 20:41:14.972   275   275 D NetworkLocationService: onBind com.google.android.location.NetworkLocationProvidercom.google.android.location.NetworkLocationService@41390b70
06-10 20:41:14.980   275   275 D NetworkLocationService: onBind com.google.android.location.GeocodeProvidercom.google.android.location.NetworkLocationService@41390b70
06-10 20:41:14.992   275   275 D androidInternalNlpService: onCreate com.google.android.location.internal.server.NetworkLocationService@41342e50
06-10 20:41:14.992    85    85 D GPSD    : send_ril_gps_request: Connecting to RIL...
06-10 20:41:14.996   141   559 D GpsLocationProvider: set_capabilities_callback: 1
06-10 20:41:15.003   275   606 D NetworkLocationRealOs: NLPv2 file already exists; ignoring any NLPv1 files
06-10 20:41:15.007   275   275 D androidNlpServiceThread: ANDROID minProtocolVersion 1 maxProtocolVersion 1 releaseVersion -1
06-10 20:41:15.039   275   275 D NetworkLocationClient: onServiceConnected to ComponentInfo{com.google.android.location/com.google.android.location.internal.server.NetworkLocationService}
06-10 20:41:15.054   561   576 W ResourceType: getEntry failing because entryIndex 344 is beyond type entryCount 189
06-10 20:41:15.054   561   576 W ResourceType: Failure getting entry for 0x7f020158 (t=1 e=344) in package 0 (error -2147483647)
06-10 20:41:15.054   561   576 D AccountTypeManager: Registering 1 extension packages
06-10 20:41:15.105   561   576 E ExternalAccountType: Unsupported attribute readOnly
06-10 20:41:15.125   561   577 E DefaultVoicemailNotifier: No voicemails to notify about: clear the notification.
06-10 20:41:15.125   561   576 W ResourceType: getEntry failing because entryIndex 243 is beyond type entryCount 189
06-10 20:41:15.125   561   576 W ResourceType: Failure getting entry for 0x7f0200f3 (t=1 e=243) in package 0 (error -2147483647)
06-10 20:41:15.171   275   277 D dalvikvm: GC_CONCURRENT freed 348K, 5% free 9406K/9863K, paused 2ms+2ms
06-10 20:41:15.203   561   563 D dalvikvm: GC_CONCURRENT freed 216K, 4% free 9278K/9607K, paused 2ms+11ms
06-10 20:41:15.234   392   394 D dalvikvm: GC_CONCURRENT freed 731K, 9% free 9897K/10759K, paused 2ms+2ms
06-10 20:41:15.269   332   332 E TouchTypeSoftKeyboard: Could not check for split layout
06-10 20:41:15.312   211   294 I StorageNotification: UMS connection changed to true (media state unmounted)
06-10 20:41:15.359   321   321 V RenderScript: rsContextCreateGL dev=0xf3ddc0
06-10 20:41:15.371   141   157 V BackupManagerService: Connected to Google transport
06-10 20:41:15.371   141   157 V BackupManagerService: Registering transport com.google.android.backup/.BackupTransportService = com.google.android.backup.BackupTransportService$1@416373b0
06-10 20:41:15.375   321   612 V RenderScript: 0xfb1b00 Launching thread(s), CPUs 1
06-10 20:41:15.375   321   612 V RenderScript: 0xfb1b00 initEGL start
06-10 20:41:15.375   321   612 D libEGL  : loaded /system/lib/egl/libGLES_android.so
06-10 20:41:15.402   321   612 D libEGL  : loaded /vendor/lib/egl/libEGL_POWERVR_SGX540_120.so
06-10 20:41:15.414   141   197 D ConnectivityService: ConnectivityChange for WIFI: CONNECTED/CONNECTED
06-10 20:41:15.414   141   197 E ConnectivityService: no dns provided for WIFI - using 8.8.8.8
06-10 20:41:15.417   141   197 E ConnectivityService: exception setting default dns interface: java.lang.IllegalStateException: Error communicating with native daemon to set dns for interface
06-10 20:41:15.437   321   612 D libEGL  : loaded /vendor/lib/egl/libGLESv1_CM_POWERVR_SGX540_120.so
06-10 20:41:15.445   141   203 E WifiWatchdogStateMachine: Connected --> WifiInfo object null!
06-10 20:41:15.457   321   612 D libEGL  : loaded /vendor/lib/egl/libGLESv2_POWERVR_SGX540_120.so
06-10 20:41:15.585   321   612 V RenderScript: 0xfb1b00 initGLThread end
06-10 20:41:15.585   321   321 V RenderScript: 0xfb1b00 rsContextCreateGL ret
06-10 20:41:15.746   141   192 W NetworkStats: dropping UID delta from unknown iface: iface=wlan0 uid=0 set=DEFAULT tag=0x0 rxBytes=1173 rxPackets=4 txBytes=328 txPackets=5 operations=0
06-10 20:41:15.953   211   213 D dalvikvm: GC_CONCURRENT freed 286K, 5% free 10037K/10503K, paused 3ms+4ms
06-10 20:41:16.054   141   157 D PowerManagerService: bootCompleted
06-10 20:41:16.058   141   157 V DevicePolicyManagerService: Sending password expiration notifications for action android.intent.action.BOOT_COMPLETED
06-10 20:41:16.070    72   102 D VoldCmdListener: volume mount /mnt/sdcard
06-10 20:41:16.070    72   102 I Vold    : /dev/block/vold/179:3 being considered for volume sdcard
06-10 20:41:16.070    72   102 D Vold    : Volume sdcard state changing 1 (Idle-Unmounted) -> 3 (Checking)
06-10 20:41:16.074   141   206 D MountService: volume state changed for /mnt/sdcard (unmounted -> checking)
06-10 20:41:16.074   141   206 D MountService: sendStorageIntent Intent { act=android.intent.action.MEDIA_CHECKING dat=file:///mnt/sdcard (has extras) }
06-10 20:41:16.082   141   157 V WiredAccessoryObserver: init()
06-10 20:41:16.097   561   576 D AccountTypeManager: Registering extension package account type=com.google, dataSet=plus, packageName=com.google.android.apps.plus
06-10 20:41:16.128   141   171 D dalvikvm: GC_EXPLICIT freed 1151K, 9% free 13883K/15111K, paused 2ms+7ms
06-10 20:41:16.128   141   157 W WiredAccessoryObserver: This kernel does not have wired headset support
06-10 20:41:16.128   141   157 W WiredAccessoryObserver: This kernel does not have wired headset support
06-10 20:41:16.230    72   102 I /system/bin/fsck_msdos: ** /dev/block/vold/179:3
06-10 20:41:16.261    72   102 I /system/bin/fsck_msdos: ** Phase 1 - Read FAT (compare skipped)
06-10 20:41:16.261    72   102 I /system/bin/fsck_msdos: Attempting to allocate 13624 KB for FAT
06-10 20:41:16.277   561   576 I AccountTypeManager: Loaded meta-data for 4 account types, 3 accounts in 1726ms(wall) 39ms(cpu)
06-10 20:41:16.351   141   637 I RecoverySystem: No recovery log file
06-10 20:41:16.375   141   157 I ActivityManager: Start proc com.android.providers.calendar for broadcast com.android.providers.calendar/.CalendarReceiver: pid=640 uid=10006 gids={3003, 1015}
06-10 20:41:16.378   141   637 I BootReceiver: Copying /proc/last_kmsg to DropBox (SYSTEM_LAST_KMSG)
06-10 20:41:16.453   141   637 D dalvikvm: GC_FOR_ALLOC freed 155K, 8% free 14098K/15239K, paused 70ms
06-10 20:41:16.554   141   637 D dalvikvm: GC_FOR_ALLOC freed 116K, 9% free 14224K/15495K, paused 84ms
06-10 20:41:16.617   141   637 D dalvikvm: GC_FOR_ALLOC freed 171K, 10% free 14138K/15623K, paused 50ms
06-10 20:41:16.683   141   637 D dalvikvm: GC_FOR_ALLOC freed 303K, 11% free 13970K/15623K, paused 50ms
06-10 20:41:17.031   275   277 D dalvikvm: GC_CONCURRENT freed 154K, 3% free 9766K/9991K, paused 3ms+7ms
06-10 20:41:17.046   509   511 D dalvikvm: GC_CONCURRENT freed 172K, 4% free 9437K/9735K, paused 2ms+7ms
06-10 20:41:17.296   275   582 D androidNetworkLocationListeners: Still have listener com.google.android.location.internal.client.NetworkLocationClient$1@4139e790
06-10 20:41:17.296   275   582 D androidNetworkLocationListeners: Still have listener com.google.android.location.internal.client.NetworkLocationClient$1@4139e790
06-10 20:41:17.296   275   582 D androidNetworkLocationListeners: Still have listener com.google.android.location.internal.client.NetworkLocationClient$1@4139e790
06-10 20:41:17.300   640   640 I ActivityThread: Pub com.android.calendar: com.android.providers.calendar.CalendarProvider2
06-10 20:41:17.414   141   141 I ActivityManager: Start proc com.android.deskclock for broadcast com.android.deskclock/.AlarmInitReceiver: pid=675 uid=10011 gids={}
06-10 20:41:17.460   675   675 I ActivityThread: Pub com.android.deskclock: com.android.deskclock.AlarmProvider
06-10 20:41:17.531   675   689 V AlarmClock: AlarmInitReceiver finished
06-10 20:41:17.535   141   411 I ActivityManager: Start proc com.android.email for broadcast com.android.email/.service.EmailBroadcastReceiver: pid=693 uid=10013 gids={3003, 1015}
06-10 20:41:17.597   321   321 E RenderScript: RS watchdog timeout: 0  eglMakeCurrent  line 408 frameworks/base/libs/rs/driver/rsdGL.cpp
06-10 20:41:17.695   693   693 I ActivityThread: Pub com.android.email.provider;com.android.email.notifier: com.android.email.provider.EmailProvider
06-10 20:41:17.726   693   693 I ActivityThread: Pub com.android.email.attachmentprovider: com.android.email.provider.AttachmentProvider
06-10 20:41:17.769   211   211 D dalvikvm: GC_FOR_ALLOC freed 95K, 6% free 9943K/10503K, paused 79ms
06-10 20:41:17.800   211   294 I StorageNotification: Media {/mnt/sdcard} state changed from {unmounted} -> {checking}
06-10 20:41:17.835   141   295 I ActivityManager: Start proc com.android.exchange for service com.android.exchange/.ExchangeService: pid=709 uid=10014 gids={3003, 1015}
06-10 20:41:17.960    79    79 D dalvikvm: GC_EXPLICIT freed 37K, 4% free 9031K/9347K, paused 10ms+11ms
06-10 20:41:18.003   709   709 I ActivityThread: Pub com.android.exchange.directory.provider: com.android.exchange.provider.ExchangeDirectoryProvider
06-10 20:41:18.089    79    79 D dalvikvm: GC_EXPLICIT freed <1K, 4% free 9031K/9347K, paused 2ms+5ms
06-10 20:41:18.156   211   211 D dalvikvm: GC_FOR_ALLOC freed 92K, 4% free 10104K/10503K, paused 56ms
06-10 20:41:18.175    79    79 D dalvikvm: GC_EXPLICIT freed <1K, 4% free 9031K/9347K, paused 8ms+5ms
06-10 20:41:18.226   211   211 D dalvikvm: GC_FOR_ALLOC freed 194K, 6% free 10090K/10695K, paused 48ms
06-10 20:41:18.230   141   382 I ActivityManager: Start proc com.google.android.apps.genie.geniewidget for broadcast com.google.android.apps.genie.geniewidget/.miniwidget.MiniWidgetProvider: pid=727 uid=10018 gids={3003, 1015}
06-10 20:41:18.265   392   392 D dalvikvm: GC_FOR_ALLOC freed 157K, 7% free 10068K/10759K, paused 43ms
06-10 20:41:18.265   392   392 I dalvikvm-heap: Grow heap (frag case) to 10.227MB for 345760-byte allocation
06-10 20:41:18.273   727   727 I dalvikvm: Turning on JNI app bug workarounds for target SDK version 11...
06-10 20:41:18.343   392   392 D dalvikvm: GC_FOR_ALLOC freed 11K, 7% free 10394K/11143K, paused 65ms
06-10 20:41:18.355   211   211 D dalvikvm: GC_FOR_ALLOC freed 386K, 8% free 9884K/10695K, paused 57ms
06-10 20:41:18.375   727   727 I ActivityThread: Pub com.google.android.apps.genie.geniewidget.weather: com.google.android.apps.genie.geniewidget.providers.WeatherProvider
06-10 20:41:18.378   727   727 I ActivityThread: Pub com.google.android.apps.genie.geniewidget.newsimage: com.google.android.apps.genie.geniewidget.providers.NewsImageProvider
06-10 20:41:18.386   392   392 D dalvikvm: GC_FOR_ALLOC freed <1K, 7% free 10394K/11143K, paused 43ms
06-10 20:41:18.386   392   392 I dalvikvm-heap: Grow heap (frag case) to 10.546MB for 345760-byte allocation
06-10 20:41:18.410   392   392 D dalvikvm: GC_FOR_ALLOC freed <1K, 7% free 10732K/11527K, paused 19ms
06-10 20:41:18.425   392   392 D dalvikvm: GC_FOR_ALLOC freed <1K, 7% free 10733K/11527K, paused 16ms
06-10 20:41:18.425   392   392 I dalvikvm-heap: Grow heap (frag case) to 10.876MB for 345760-byte allocation
06-10 20:41:18.429   141   201 D Tethering: MasterInitialState.processMessage what=3
06-10 20:41:18.449   392   392 D dalvikvm: GC_FOR_ALLOC freed <1K, 8% free 11070K/11911K, paused 16ms
06-10 20:41:18.535   321   321 V ScriptC : Create script for resource = nexus
06-10 20:41:18.539   709   709 D ExchangeService: !!! EAS ExchangeService, onStartCommand, startingUp = false, running = false
06-10 20:41:18.539   709   725 D ExchangeService: !!! EAS ExchangeService, onCreate
06-10 20:41:18.597   321   612 I bcc     : LIBBCC build time: 2012/06/08 12:13:24
06-10 20:41:18.597   321   612 I bcc     : LIBBCC build revision: 31e50d678d2a8aa28c6f38cccebfa3da2f78df4a (git)
06-10 20:41:18.648   275   277 D dalvikvm: GC_CONCURRENT freed 743K, 8% free 9559K/10375K, paused 1ms+2ms
06-10 20:41:18.664   275   669 D CellLocator: Primary cell miss in cache. Need server request.
06-10 20:41:18.664   275   669 D NetworkLocator: New location significantly newer than previous. Reporting it.
06-10 20:41:18.691   275   599 I System.out: [INFO:3862]: LogSource: Running flush
06-10 20:41:18.710   275   599 D dalvikvm: GC_FOR_ALLOC freed 159K, 9% free 9526K/10375K, paused 18ms
06-10 20:41:18.726   709   709 D ExchangeService: !!! EAS ExchangeService, onStartCommand, startingUp = true, running = false
06-10 20:41:18.742   275   600 I System.out: [INFO:3912]: LogSource: Sending payload [bytes=346]
06-10 20:41:18.910   727   730 D dalvikvm: GC_CONCURRENT freed 353K, 5% free 9182K/9607K, paused 5ms+4ms
06-10 20:41:18.960   727   736 W CursorWrapperInner: Cursor finalized without prior close()
06-10 20:41:18.960   727   727 W Genie   : Cache file not found: java.io.FileNotFoundException: /data/data/com.google.android.apps.genie.geniewidget/cache/genie_iconcache: open failed: ENOENT (No such file or directory)
06-10 20:41:18.984   727   736 W CursorWrapperInner: Cursor finalized without prior close()
06-10 20:41:19.046   709   724 D Eas Debug: Logging: 
06-10 20:41:19.101   727   730 D dalvikvm: GC_CONCURRENT freed 332K, 5% free 9316K/9735K, paused 2ms+4ms
06-10 20:41:19.203   141   295 I ActivityManager: Start proc com.google.android.gm for broadcast com.google.android.gm/.MailIntentReceiver: pid=754 uid=10019 gids={3003, 1015}
06-10 20:41:19.410   754   754 I ActivityThread: Pub gmail-ls: com.google.android.gm.provider.MailProvider
06-10 20:41:19.433   321   612 D StopWatch: StopWatch calcFileSHA1 time (us): 747713 
06-10 20:41:19.433   754   754 I ActivityThread: Pub com.google.android.gm: com.google.android.gm.provider.PublicContentProvider
06-10 20:41:19.468   754   754 I ActivityThread: Pub com.google.android.gmail.SuggestionProvider: com.google.android.gm.SuggestionsProvider
06-10 20:41:19.570   709   742 D ExchangeService: Received deviceId from Email app: androidc455115020
06-10 20:41:19.570   709   742 D ExchangeService: Reconciling accounts...
06-10 20:41:19.578   709   709 D ExchangeService: !!! EAS ExchangeService, onStartCommand, startingUp = true, running = false
06-10 20:41:19.714   275   600 I System.out: [INFO:4885]: LogSource: Response [http=200,length=91]
06-10 20:41:19.718   275   599 I System.out: [INFO:4888]: LogSource: Read id 1, status code 200
06-10 20:41:19.718   275   669 D WifiLocator: Too many no-location APs. Will not compute a location nor go to the server. hasLocation=0 noLocation=0 cacheMiss=0
06-10 20:41:19.718   275   669 D CellLocator: Primary cell miss in cache. Need server request.
06-10 20:41:19.777   321   612 D StopWatch: StopWatch calcFileSHA1 time (us): 277233 
06-10 20:41:19.851   275   277 D dalvikvm: GC_CONCURRENT freed 249K, 7% free 9669K/10375K, paused 4ms+9ms
06-10 20:41:19.906   537   540 D dalvikvm: GC_CONCURRENT freed 389K, 5% free 9131K/9607K, paused 3ms+4ms
06-10 20:41:19.945   321   612 D bcc     : Read object file size 5824
06-10 20:41:19.957   141   295 D dalvikvm: GC_EXPLICIT freed 935K, 11% free 13933K/15623K, paused 3ms+6ms
06-10 20:41:20.054   321   612 D StopWatch: StopWatch bcc: PrepareExecutable time (us): 273964 
06-10 20:41:20.054   321   612 E bcc     : Symbol not found: init
06-10 20:41:20.082   141   559 D GpsLocationProvider: NTP server returned: 1339375281034 (Sun Jun 10 20:41:21 EDT 2012) reference: 36722 certainty: 249 system time offset: 957
06-10 20:41:20.085   709   723 D Eas Debug: Logging: 
06-10 20:41:20.195   537   537 I RlzPingService: Setting next ping for 1339980080169
06-10 20:41:20.285   321   321 D dalvikvm: GC_FOR_ALLOC freed 88K, 3% free 9097K/9347K, paused 120ms
06-10 20:41:20.300   321   321 I dalvikvm-heap: Grow heap (frag case) to 11.879MB for 3072016-byte allocation
06-10 20:41:20.304   275   795 D dalvikvm: GC_FOR_ALLOC freed 315K, 7% free 9730K/10375K, paused 44ms
06-10 20:41:20.367   321   324 D dalvikvm: GC_CONCURRENT freed 2K, 3% free 12095K/12359K, paused 2ms+4ms
06-10 20:41:20.425   141   379 I ActivityManager: Start proc com.android.mms for broadcast com.android.mms/.transaction.MmsSystemEventReceiver: pid=800 uid=10032 gids={3003, 1015}
06-10 20:41:20.492   640   640 I CalendarProvider2: Sending notification intent: Intent { act=android.intent.action.PROVIDER_CHANGED dat=content://com.android.calendar }
06-10 20:41:20.507   640   640 W ContentResolver: Failed to get type for: content://com.android.calendar (Unknown URL content://com.android.calendar)
06-10 20:41:20.570   800   800 I ActivityThread: Pub mms_temp_file: com.android.mms.TempFileProvider
06-10 20:41:20.574   800   800 I ActivityThread: Pub com.android.mms.SuggestionsProvider: com.android.mms.SuggestionsProvider
06-10 20:41:20.585    78   670 I SurfaceFlinger: Boot is finished (31542 ms)
06-10 20:41:20.613   141   382 D CountryDetector: The first listener is added
06-10 20:41:20.617   800   800 V MmsConfig: mnc/mcc: 310120
06-10 20:41:20.617   800   800 V MmsConfig: tag: bool value: enabledMMS - true
06-10 20:41:20.617   800   800 V MmsConfig: tag: int value: maxMessageSize - 307200
06-10 20:41:20.617   800   800 V MmsConfig: tag: int value: maxImageHeight - 480
06-10 20:41:20.617   800   800 V MmsConfig: tag: int value: maxImageWidth - 640
06-10 20:41:20.617   800   800 V MmsConfig: tag: int value: defaultSMSMessagesPerThread - 500
06-10 20:41:20.617   800   800 V MmsConfig: tag: int value: defaultMMSMessagesPerThread - 50
06-10 20:41:20.617   800   800 V MmsConfig: tag: int value: minMessageCountPerThread - 10
06-10 20:41:20.617   800   800 V MmsConfig: tag: int value: maxMessageCountPerThread - 5000
06-10 20:41:20.617   800   800 V MmsConfig: tag: string value: uaProfUrl - http://www.google.com/oha/rdf/ua-profile-kila.xml
06-10 20:41:20.617   800   800 V MmsConfig: tag: int value: recipientLimit - -1
06-10 20:41:20.617   800   800 V MmsConfig: tag: int value: smsToMmsTextThreshold - 4
06-10 20:41:20.617   800   800 V MmsConfig: tag: bool value: enableMultipartSMS - true
06-10 20:41:20.617   800   800 V MmsConfig: tag: bool value: enableSlideDuration - true
06-10 20:41:20.617   800   800 V MmsConfig: tag: int value: maxMessageTextSize - -1
