06-09 15:07:56.121 18021 18021 I System  : 	at com.google.android.apps.wallet.datastore.impl.DowngradeSafeSQLiteOpenHelper.restrictDirectoryAccess(DowngradeSafeSQLiteOpenHelper.java:311)
06-09 15:07:56.121 18021 18021 I System  : 	at com.google.android.apps.wallet.datastore.impl.DowngradeSafeSQLiteOpenHelper.getWritableDatabase(DowngradeSafeSQLiteOpenHelper.java:130)
06-09 15:07:56.121 18021 18021 I System  : 	at com.google.android.apps.wallet.datastore.impl.WalletContentProvider.query(WalletContentProvider.java:97)
06-09 15:07:56.121 18021 18021 I System  : 	at android.content.ContentProvider$Transport.query(ContentProvider.java:178)
06-09 15:07:56.121 18021 18021 I System  : 	at android.content.ContentResolver.query(ContentResolver.java:311)
06-09 15:07:56.121 18021 18021 I System  : 	at com.google.android.apps.wallet.datastore.impl.WalletContentResolver$WalletContentResolverImpl.query(WalletContentResolver.java:117)
06-09 15:07:56.121 18021 18021 I System  : 	at com.google.android.apps.wallet.datastore.impl.ContentProviderKeyValueStore.load(ContentProviderKeyValueStore.java:81)
06-09 15:07:56.121 18021 18021 I System  : 	at com.google.android.apps.wallet.datamanager.local.DeviceInfoManagerImpl.loadDeviceInfoIfExists(DeviceInfoManagerImpl.java:166)
06-09 15:07:56.121 18021 18021 I System  : 	at com.google.android.apps.wallet.datamanager.local.DeviceInfoManagerImpl.loadDeviceInfo(DeviceInfoManagerImpl.java:180)
06-09 15:07:56.121 18021 18021 I System  : 	at com.google.android.apps.wallet.datamanager.local.DeviceInfoManagerImpl.getDeviceInfoWithoutLocking(DeviceInfoManagerImpl.java:198)
06-09 15:07:56.121 18021 18021 I System  : 	at com.google.android.apps.wallet.datamanager.local.DeviceInfoManagerImpl.access$000(DeviceInfoManagerImpl.java:49)
06-09 15:07:56.121 18021 18021 I System  : 	at com.google.android.apps.wallet.datamanager.local.DeviceInfoManagerImpl$4.execute(DeviceInfoManagerImpl.java:208)
06-09 15:07:56.121 18021 18021 I System  : 	at com.google.android.apps.wallet.datamanager.local.DeviceInfoManagerImpl$4.execute(DeviceInfoManagerImpl.java:205)
06-09 15:07:56.121 18021 18021 I System  : 	at com.google.android.apps.wallet.concurrent.ReadModifyWriteExecutorImpl.executeRmwTransaction(ReadModifyWriteExecutorImpl.java:31)
06-09 15:07:56.121 18021 18021 I System  : 	at com.google.android.apps.wallet.concurrent.ReadModifyWriteExecutorImpl.executeRmwTransaction(ReadModifyWriteExecutorImpl.java:20)
06-09 15:07:56.121 18021 18021 I System  : 	at com.google.android.apps.wallet.datamanager.local.DeviceInfoManagerImpl.getDeviceInfo(DeviceInfoManagerImpl.java:204)
06-09 15:07:56.121 18021 18021 I System  : 	at com.google.android.apps.wallet.datamanager.local.DeviceInfoManagerImpl.isSetupComplete(DeviceInfoManagerImpl.java:354)
06-09 15:07:56.121 18021 18021 I System  : 	at com.google.android.apps.wallet.util.WalletBroadcastReceiver.processOnReceive(WalletBroadcastReceiver.java:40)
06-09 15:07:56.121 18021 18021 I System  : 	at com.google.android.apps.wallet.util.WalletBroadcastReceiver.onReceive(WalletBroadcastReceiver.java:32)
06-09 15:07:56.121 18021 18021 I System  : 	at android.app.ActivityThread.handleReceiver(ActivityThread.java:2119)
06-09 15:07:56.121 18021 18021 I System  : 	at android.app.ActivityThread.access$1500(ActivityThread.java:123)
06-09 15:07:56.121 18021 18021 I System  : 	at android.app.ActivityThread$H.handleMessage(ActivityThread.java:1197)
06-09 15:07:56.121 18021 18021 I System  : 	at android.os.Handler.dispatchMessage(Handler.java:99)
06-09 15:07:56.121 18021 18021 I System  : 	at android.os.Looper.loop(Looper.java:137)
06-09 15:07:56.121 18021 18021 I System  : 	at android.app.ActivityThread.main(ActivityThread.java:4424)
06-09 15:07:56.121 18021 18021 I System  : 	at java.lang.reflect.Method.invokeNative(Native Method)
06-09 15:07:56.121 18021 18021 I System  : 	at java.lang.reflect.Method.invoke(Method.java:511)
06-09 15:07:56.121 18021 18021 I System  : 	at com.android.internal.os.ZygoteInit$MethodAndArgsCaller.run(ZygoteInit.java:784)
06-09 15:07:56.121 18021 18021 I System  : 	at com.android.internal.os.ZygoteInit.main(ZygoteInit.java:551)
06-09 15:07:56.121 18021 18021 I System  : 	at dalvik.system.NativeStart.main(Native Method)
06-09 15:07:56.129 18021 18021 E DowngradeSafeSQLiteOpenHelper: old version: 19 new version: 19
06-09 15:07:56.172   150   150 I ActivityManager: Start proc com.sirma.mobile.bible.android for broadcast com.sirma.mobile.bible.android/com.youversion.mobile.android.BaseActivity$BroadcastListener: pid=18041 uid=10070 gids={3003, 1015}
06-09 15:07:56.172   150   150 I ActivityManager: No longer want com.android.sprintmenu (pid 17752): hidden #16
06-09 15:07:56.187 18041 18041 I dalvikvm: Turning on JNI app bug workarounds for target SDK version 9...
06-09 15:07:56.191   150   161 W ActivityManager: Scheduling restart of crashed service com.android.sprintmenu/.HiddenPhoneService in 5000ms
06-09 15:07:56.386 18041 18043 D dalvikvm: GC_CONCURRENT freed 151K, 3% free 9385K/9607K, paused 2ms+2ms
06-09 15:07:56.437 18041 18041 I ActivityThread: Pub com.youversion.mobile.android.SuggestionProvider: com.youversion.mobile.android.SearchSuggestionProvider
06-09 15:07:56.476 18041 18041 D Bible - Misc: =============== App Started ===============
06-09 15:07:56.914 18041 18041 D Bible - W/Misc: no connection 
06-09 15:07:56.926   150 13253 I ActivityManager: No longer want com.android.providers.calendar (pid 17576): hidden #16
06-09 15:07:56.953   150   166 V BackupManagerService: Running a backup pass
06-09 15:07:56.968   150   327 V BackupManagerService: Backup requested but nothing pending
06-09 15:07:57.058 18041 18043 D dalvikvm: GC_CONCURRENT freed 330K, 5% free 9486K/9927K, paused 2ms+2ms
06-09 15:07:57.070 18041 18061 E dalvikvm: ERROR: defineClass(0x40a384d0, reflectasm.java.util.HashtableConstructorAccess, 0x413a87c8, 0, 296)
06-09 15:07:57.070 18041 18061 E dalvikvm: ERROR: defineClass(0x413541f0, reflectasm.java.util.HashtableConstructorAccess, 0x413a87c8, 0, 296)
06-09 15:07:57.078 18041 18061 E dalvikvm: ERROR: defineClass(0x4130e708, com.youversion.api.objects.BookCollectionConstructorAccess, 0x413c2fd8, 0, 329)
06-09 15:07:57.078 18041 18061 E dalvikvm: ERROR: defineClass(0x41324488, com.youversion.api.objects.BookCollectionConstructorAccess, 0x413c2fd8, 0, 329)
06-09 15:07:57.082 18041 18061 E dalvikvm: ERROR: defineClass(0x40a384d0, reflectasm.java.util.VectorConstructorAccess, 0x413bd958, 0, 290)
06-09 15:07:57.082 18041 18061 E dalvikvm: ERROR: defineClass(0x413ba8e8, reflectasm.java.util.VectorConstructorAccess, 0x413bd958, 0, 290)
06-09 15:07:57.082 18041 18061 E dalvikvm: ERROR: defineClass(0x4130e708, com.youversion.api.objects.BookConstructorAccess, 0x413c0608, 0, 309)
06-09 15:07:57.082 18041 18061 E dalvikvm: ERROR: defineClass(0x413113f8, com.youversion.api.objects.BookConstructorAccess, 0x413c0608, 0, 309)
06-09 15:07:58.379   150   316 D ConnectivityService: ConnectivityChange for mobile: CONNECTED/CONNECTED
06-09 15:07:58.457   150   311 D NetworkPolicy: applying policy NetworkPolicy[NetworkTemplate: matchRule=MOBILE_ALL, subscriberId=valid]: cycleDay=8, warningBytes=2147483648, limitBytes=-1, lastSnooze=-1 to ifaces [rmnet0]
06-09 15:07:59.129 12553 12553 I GTalkService/c: [AndroidEndpoint@1094928288] connect: acct=1000000, state=CONNECTING
06-09 15:07:59.156 12553 12553 I GTalkService/c: [GTalkConnection@1094836072] connect: acct=1, state=CONNECTING
06-09 15:07:59.383   150   316 D ConnectivityService: NetTransition Wakelock for WifiStateMachine released by timeout
06-09 15:07:59.984 12553 12554 D dalvikvm: GC_CONCURRENT freed 494K, 6% free 10508K/11079K, paused 4ms+7ms
06-09 15:08:01.207   150   316 D ConnectivityService: handleInetConditionHoldEnd: net=0, condition=100, published condition=0
06-09 15:08:01.246   150   167 I ActivityManager: Start proc com.android.sprintmenu for service com.android.sprintmenu/.HiddenPhoneService: pid=18069 uid=1001 gids={3002, 3001, 3003, 1015}
06-09 15:08:01.465   150   319 D Tethering: MasterInitialState.processMessage what=3
06-09 15:08:01.664 17986 17986 I MediaUploader: No need to wake up
06-09 15:08:01.801 17881 18007 D PicasaSyncManager: active network: NetworkInfo: type: mobile[CDMA - EvDo rev. A], state: CONNECTED/CONNECTED, reason: (unspecified), extra: , roaming: false, failover: false, isAvailable: true
06-09 15:08:01.801 17881 18007 D PicasaSyncManager: background data: true
06-09 15:08:01.910   150   167 I ActivityManager: Start proc com.google.android.talk for broadcast com.google.android.talk/.ConnectionStateOnlineReceiver: pid=18090 uid=10047 gids={3003, 1015, 1006, 3002}
06-09 15:08:02.066   150   316 D ConnectivityService: handleInetConditionHoldEnd: net=0, condition=100, published condition=100
06-09 15:08:02.070 18090 18090 I ActivityThread: Pub com.google.android.talk.SuggestionProvider: com.google.android.talk.SuggestionsProvider
06-09 15:08:02.148 18090 18090 D vclib:CallStateClient: startListening
06-09 15:08:02.281 18090 18093 D dalvikvm: GC_CONCURRENT freed 203K, 3% free 9333K/9607K, paused 10ms+6ms
06-09 15:08:02.383 17717 17720 D dalvikvm: GC_CONCURRENT freed 295K, 6% free 9770K/10311K, paused 1ms+8ms
06-09 15:08:08.043   150   468 I ActivityManager: Process com.google.android.gm (pid 17639) has died.
06-09 15:08:09.097   391   393 D dalvikvm: GC_CONCURRENT freed 320K, 65% free 9902K/27655K, paused 4ms+4ms
06-09 15:08:09.160   391   393 D dalvikvm: GC_CONCURRENT freed 490K, 65% free 9857K/27655K, paused 1ms+3ms
06-09 15:08:09.304   391   393 D dalvikvm: GC_CONCURRENT freed 498K, 65% free 9747K/27655K, paused 6ms+3ms
06-09 15:09:43.851 12766 12780 I PhoneLab-: Service Running
06-09 15:09:43.933 12766 12780 I PhoneLab-LoggerService: app_38    1355  1     1836   1388  c00f181c 400107b4 S logcat
06-09 15:09:43.933 12766 12780 I PhoneLab-LoggerService: Logcat pid from database 1355
06-09 15:09:43.933 12766 12780 I PhoneLab-LoggerService: Logcat process found 1355
06-09 15:09:43.933 12766 12780 I PhoneLab-LoggerService: Checking Threshold
06-09 15:10:41.527   391   391 D dalvikvm: GC_FOR_ALLOC freed 292K, 65% free 9812K/27655K, paused 17ms
06-09 15:10:41.605   391   393 D dalvikvm: GC_CONCURRENT freed 324K, 64% free 9993K/27655K, paused 2ms+4ms
06-09 15:11:12.547   391   391 D dalvikvm: GC_FOR_ALLOC freed 636K, 65% free 9730K/27655K, paused 15ms
06-09 15:11:12.613   391   393 D dalvikvm: GC_CONCURRENT freed 346K, 65% free 9873K/27655K, paused 2ms+3ms
06-09 15:11:12.718   391   393 D dalvikvm: GC_CONCURRENT freed 516K, 65% free 9808K/27655K, paused 2ms+9ms
06-09 15:11:43.851 12766 12780 I PhoneLab-: Service Running
06-09 15:11:43.937 12766 12780 I PhoneLab-LoggerService: app_38    1355  1     1836   1388  c00f181c 400107b4 S logcat
06-09 15:11:43.937 12766 12780 I PhoneLab-LoggerService: Logcat pid from database 1355
06-09 15:11:43.937 12766 12780 I PhoneLab-LoggerService: Logcat process found 1355
06-09 15:11:43.937 12766 12780 I PhoneLab-LoggerService: Checking Threshold
06-09 15:12:16.832   150   204 I power   : *** set_screen_state 1
06-09 15:12:16.961   150   204 I WindowManager: Lock screen displayed!
06-09 15:12:17.090    79   118 D SurfaceFlinger: Screen about to return, flinger = 0x1d77918
06-09 15:12:17.324   150 11288 D dalvikvm: GC_EXPLICIT freed 1657K, 30% free 17376K/24647K, paused 3ms+9ms
06-09 15:12:18.500    82   122 D AudioHardware: AudioHardware pcm playback is exiting standby.
06-09 15:12:18.500    82   122 D AudioHardware: openPcmOut_l() mPcmOpenCnt: 0
06-09 15:12:18.500   391   391 D PhoneStatusBar: disable: < expand icons alerts ticker system_info BACK HOME recent* CLOCK >
06-09 15:12:18.535   391   391 D PhoneStatusBar: disable: < expand icons alerts ticker system_info back* home* recent clock* >
06-09 15:12:18.551   150 15741 W InputManagerService: Window already focused, ignoring focus gain of: com.android.internal.view.IInputMethodClient$Stub$Proxy@418cf7d8
06-09 15:12:18.613   494   592 D NfcService: NFC-C ON
06-09 15:12:19.363 12766 12766 I PhoneLab-Locks: wake lock acquired
06-09 15:12:19.390 12766 18118 I PhoneLab-PeriodicCheckService: User info is synched
06-09 15:12:19.394 12766 18118 I PhoneLab-PeriodicCheckService: Logger Service is running
06-09 15:12:19.398 12766 12766 I PhoneLab-Locks: wake lock acquired
06-09 15:12:19.406 12766 12766 I PhoneLab-StatusMonitor: Status Monitoring is started
06-09 15:12:19.410 12766 12766 E PhoneLab-PhoneLabManifest: java.io.FileNotFoundException: /data/data/edu.buffalo.cse.phonelab.phonelabservices/files/manifest.xml: open failed: ENOENT (No such file or directory)
06-09 15:12:19.410 12766 12766 I PhoneLab-Locks: wake lock released
06-09 15:12:19.414 12766 18118 I PhoneLab-PeriodicCheckService: Rescheduling periodic checking...
06-09 15:12:19.414 12766 18118 I PhoneLab-Locks: wake lock released
06-09 15:12:19.761 12553 12554 D dalvikvm: GC_CONCURRENT freed 446K, 5% free 10538K/11079K, paused 7ms+8ms
06-09 15:12:21.039   150   491 I ActivityManager: START {act=android.intent.action.MAIN cat=[android.intent.category.LAUNCHER] flg=0x10000000 pkg=com.google.android.apps.maps cmp=com.google.android.apps.maps/com.google.android.maps.MapsActivity bnds=[360,556][480,706]} from pid 1615
06-09 15:12:21.258 17789 17789 D Maps    : Build: 6080101
06-09 15:12:21.289  1615  1615 D OpenGLRenderer: Flushing caches (mode 1)
06-09 15:12:21.347  1615  1615 D OpenGLRenderer: Flushing caches (mode 0)
06-09 15:12:21.574   150   166 I Process : Sending signal. PID: 17789 SIG: 3
06-09 15:12:21.574 17789 17794 I dalvikvm: threadid=3: reacting to signal 3
06-09 15:12:21.656 17789 17794 I dalvikvm: Wrote stack traces to '/data/anr/traces.txt'
06-09 15:12:21.676 17789 17792 D dalvikvm: GC_CONCURRENT freed 255K, 4% free 10409K/10759K, paused 8ms+3ms
06-09 15:12:21.797 17789 18126 I SqliteDatabaseCpp: sqlite returned: error code = 5, msg = statement aborts at 1: [PRAGMA journal_mode=TRUNCATE] , db=/data/data/com.google.android.apps.maps/databases/LayerInfo
06-09 15:12:22.008 17789 17792 D dalvikvm: GC_CONCURRENT freed 152K, 3% free 10725K/10951K, paused 2ms+10ms
06-09 15:12:22.051 17789 17798 E SQLiteDatabase: close() was never explicitly called on database '/data/data/com.google.android.apps.maps/databases/webview.db' 
06-09 15:12:22.051 17789 17798 E SQLiteDatabase: android.database.sqlite.DatabaseObjectNotClosedException: Application did not close the cursor or database object that was opened here
06-09 15:12:22.051 17789 17798 E SQLiteDatabase: 	at android.database.sqlite.SQLiteDatabase.<init>(SQLiteDatabase.java:1943)
06-09 15:12:22.051 17789 17798 E SQLiteDatabase: 	at android.database.sqlite.SQLiteDatabase.openDatabase(SQLiteDatabase.java:1007)
06-09 15:12:22.051 17789 17798 E SQLiteDatabase: 	at android.database.sqlite.SQLiteDatabase.openDatabase(SQLiteDatabase.java:986)
06-09 15:12:22.051 17789 17798 E SQLiteDatabase: 	at android.database.sqlite.SQLiteDatabase.openDatabase(SQLiteDatabase.java:962)
06-09 15:12:22.051 17789 17798 E SQLiteDatabase: 	at android.database.sqlite.SQLiteDatabase.openOrCreateDatabase(SQLiteDatabase.java:1043)
06-09 15:12:22.051 17789 17798 E SQLiteDatabase: 	at android.database.sqlite.SQLiteDatabase.openOrCreateDatabase(SQLiteDatabase.java:1036)
06-09 15:12:22.051 17789 17798 E SQLiteDatabase: 	at android.app.ContextImpl.openOrCreateDatabase(ContextImpl.java:761)
06-09 15:12:22.051 17789 17798 E SQLiteDatabase: 	at android.content.ContextWrapper.openOrCreateDatabase(ContextWrapper.java:215)
06-09 15:12:22.051 17789 17798 E SQLiteDatabase: 	at android.webkit.WebViewDatabase.initDatabase(WebViewDatabase.java:223)
06-09 15:12:22.051 17789 17798 E SQLiteDatabase: 	at android.webkit.WebViewDatabase.init(WebViewDatabase.java:209)
06-09 15:12:22.051 17789 17798 E SQLiteDatabase: 	at android.webkit.WebViewDatabase.access$000(WebViewDatabase.java:38)
06-09 15:12:22.051 17789 17798 E SQLiteDatabase: 	at android.webkit.WebViewDatabase$1.run(WebViewDatabase.java:190)
06-09 15:12:22.074   150   166 I Process : Sending signal. PID: 17789 SIG: 3
06-09 15:12:22.074 17789 17794 I dalvikvm: threadid=3: reacting to signal 3
06-09 15:12:22.152 17789 17794 I dalvikvm: Wrote stack traces to '/data/anr/traces.txt'
06-09 15:12:22.390 17789 17792 D dalvikvm: GC_CONCURRENT freed 203K, 3% free 11125K/11399K, paused 13ms+3ms
06-09 15:12:22.574   150   166 I Process : Sending signal. PID: 17789 SIG: 3
06-09 15:12:22.574 17789 17794 I dalvikvm: threadid=3: reacting to signal 3
06-09 15:12:22.609 17789 17794 I dalvikvm: Wrote stack traces to '/data/anr/traces.txt'
06-09 15:12:22.679 17789 17792 D dalvikvm: GC_CONCURRENT freed 216K, 3% free 11608K/11911K, paused 5ms+7ms
06-09 15:12:22.922 17789 17789 D libEGL  : loaded /system/lib/egl/libGLES_android.so
06-09 15:12:22.929 17789 17789 D libEGL  : loaded /vendor/lib/egl/libEGL_POWERVR_SGX540_120.so
06-09 15:12:22.980 17789 17789 D libEGL  : loaded /vendor/lib/egl/libGLESv1_CM_POWERVR_SGX540_120.so
06-09 15:12:23.015 17789 17789 D libEGL  : loaded /vendor/lib/egl/libGLESv2_POWERVR_SGX540_120.so
06-09 15:12:23.074   150   166 I Process : Sending signal. PID: 17789 SIG: 3
06-09 15:12:23.074 17789 17794 I dalvikvm: threadid=3: reacting to signal 3
06-09 15:12:23.101 17789 17794 I dalvikvm: Wrote stack traces to '/data/anr/traces.txt'
06-09 15:12:23.152 17789 17792 D dalvikvm: GC_CONCURRENT freed 241K, 3% free 12189K/12551K, paused 17ms+4ms
06-09 15:12:23.156 17789 17789 D OpenGLRenderer: Enabling debug mode 0
06-09 15:12:23.254   150   203 I ActivityManager: Displayed com.google.android.apps.maps/com.google.android.maps.MapsActivity: +2s182ms
06-09 15:12:23.457 17789 18134 D dalvikvm: GC_FOR_ALLOC freed 568K, 6% free 12549K/13319K, paused 42ms
06-09 15:12:23.722 17789 17792 D dalvikvm: GC_CONCURRENT freed 982K, 8% free 12777K/13831K, paused 7ms+5ms
06-09 15:12:23.832 17789 18134 D dalvikvm: GC_FOR_ALLOC freed 125K, 8% free 12849K/13831K, paused 27ms
06-09 15:12:23.836 17789 18134 I dalvikvm-heap: Grow heap (frag case) to 13.617MB for 1048592-byte allocation
06-09 15:12:23.875 17789 17804 D dalvikvm: GC_FOR_ALLOC freed <1K, 8% free 13873K/14919K, paused 28ms
06-09 15:12:23.992 17789 18134 D dalvikvm: GC_FOR_ALLOC freed 1141K, 14% free 12872K/14919K, paused 27ms
06-09 15:12:24.113 17789 17792 D dalvikvm: GC_CONCURRENT freed 1110K, 13% free 13045K/14919K, paused 2ms+3ms
06-09 15:12:24.129    82   122 D AudioHardware: AudioHardware pcm playback is going to standby.
06-09 15:12:24.129    82   122 D AudioHardware: closePcmOut_l() mPcmOpenCnt: 1
06-09 15:12:24.332 17789 17792 D dalvikvm: GC_CONCURRENT freed 1236K, 12% free 13140K/14919K, paused 2ms+5ms
06-09 15:12:24.457 17789 18134 D dalvikvm: GC_FOR_ALLOC freed 1232K, 12% free 13148K/14919K, paused 37ms
06-09 15:12:24.617 17789 17792 D dalvikvm: GC_CONCURRENT freed 1164K, 11% free 13315K/14919K, paused 3ms+4ms
06-09 15:12:24.742 17789 18134 D dalvikvm: GC_FOR_ALLOC freed 1289K, 13% free 13126K/14919K, paused 29ms
06-09 15:12:24.843 17789 18134 D dalvikvm: GC_FOR_ALLOC freed 1096K, 12% free 13144K/14919K, paused 30ms
06-09 15:12:25.011 17789 17792 D dalvikvm: GC_CONCURRENT freed 1283K, 12% free 13207K/14919K, paused 2ms+3ms
06-09 15:12:25.656 17789 17792 D dalvikvm: GC_CONCURRENT freed 1147K, 11% free 13338K/14919K, paused 2ms+4ms
06-09 15:12:26.058 17789 17792 D dalvikvm: GC_CONCURRENT freed 1078K, 9% free 13583K/14919K, paused 2ms+5ms
06-09 15:12:26.445 17789 17792 D dalvikvm: GC_CONCURRENT freed 1242K, 10% free 13742K/15111K, paused 2ms+5ms
06-09 15:12:26.840 17789 17792 D dalvikvm: GC_CONCURRENT freed 1329K, 10% free 13914K/15367K, paused 3ms+6ms
06-09 15:12:27.238 17789 17792 D dalvikvm: GC_CONCURRENT freed 1366K, 10% free 14076K/15559K, paused 2ms+6ms
06-09 15:12:27.676 17789 17792 D dalvikvm: GC_CONCURRENT freed 1436K, 10% free 14252K/15815K, paused 2ms+6ms
06-09 15:12:28.152 17789 17792 D dalvikvm: GC_CONCURRENT freed 1438K, 10% free 14440K/16007K, paused 2ms+6ms
06-09 15:12:28.500 17789 17792 D dalvikvm: GC_CONCURRENT freed 1128K, 8% free 15022K/16263K, paused 2ms+4ms
06-09 15:12:29.008   391   393 D dalvikvm: GC_CONCURRENT freed 353K, 65% free 9919K/27655K, paused 3ms+4ms
06-09 15:12:29.051   391   393 D dalvikvm: GC_CONCURRENT freed 499K, 65% free 9860K/27655K, paused 1ms+3ms
06-09 15:12:29.160   391   393 D dalvikvm: GC_CONCURRENT freed 566K, 65% free 9787K/27655K, paused 3ms+6ms
06-09 15:12:29.234 17789 17792 D dalvikvm: GC_CONCURRENT freed 2159K, 14% free 14745K/17031K, paused 2ms+5ms
06-09 15:12:29.488 17789 18134 D dalvikvm: GC_FOR_ALLOC freed 58K, 12% free 14988K/17031K, paused 140ms
06-09 15:12:29.504 17932 17935 D dalvikvm: GC_CONCURRENT freed 394K, 6% free 10160K/10695K, paused 2ms+6ms
06-09 15:12:29.652 17789 18120 D dalvikvm: GC_FOR_ALLOC freed 73K, 13% free 14985K/17095K, paused 53ms
06-09 15:12:29.652 17789 18120 I dalvikvm-heap: Grow heap (frag case) to 14.768MB for 68336-byte allocation
06-09 15:12:29.718 17789 18134 D dalvikvm: GC_FOR_ALLOC freed <1K, 13% free 15052K/17223K, paused 52ms
06-09 15:12:29.812 17789 18120 D dalvikvm: GC_FOR_ALLOC freed 37K, 12% free 15208K/17223K, paused 55ms
06-09 15:12:29.886 17789 18134 D dalvikvm: GC_FOR_ALLOC freed 23K, 13% free 15212K/17287K, paused 50ms
06-09 15:12:29.894 17789 18134 I dalvikvm-heap: Grow heap (frag case) to 15.924MB for 1048592-byte allocation
06-09 15:12:29.949 17789 18134 D dalvikvm: GC_FOR_ALLOC freed 0K, 12% free 16236K/18375K, paused 52ms
06-09 15:12:30.078 17789 18134 D dalvikvm: GC_FOR_ALLOC freed 1094K, 18% free 15252K/18375K, paused 62ms
06-09 15:12:30.269 17789 18120 D dalvikvm: GC_FOR_ALLOC freed 1120K, 18% free 15238K/18375K, paused 116ms
06-09 15:12:30.687 17789 18134 D dalvikvm: GC_FOR_ALLOC freed 658K, 16% free 15542K/18375K, paused 60ms
06-09 15:12:30.691 17789 18134 I dalvikvm-heap: Grow heap (frag case) to 16.246MB for 1048592-byte allocation
06-09 15:12:30.769 17789 18134 D dalvikvm: GC_FOR_ALLOC freed 1K, 15% free 16564K/19463K, paused 76ms
06-09 15:12:30.801 17789 17796 I dalvikvm: Jit: resizing JitTable from 4096 to 8192
06-09 15:12:30.808   150  1492 I ActivityManager: Process com.google.android.apps.maps:FriendService (pid 17683) has died.
06-09 15:12:31.254   150 11288 I ActivityManager: Process com.google.android.apps.maps:LocationFriendService (pid 17696) has died.
06-09 15:12:31.277   150 11288 W ActivityManager: Scheduling restart of crashed service com.google.android.apps.maps/com.google.googlenav.appwidget.friends.FriendsAppWidgetUpdateService in 5000ms
06-09 15:12:33.640 17789 17792 D dalvikvm: GC_CONCURRENT freed 2805K, 19% free 15806K/19463K, paused 17ms+7ms
06-09 15:12:34.383   150   562 I ActivityManager: Process com.sirma.mobile.bible.android:com.urbanairship.push.process (pid 15717) has died.
06-09 15:12:34.570 17789 17792 D dalvikvm: GC_CONCURRENT freed 1814K, 18% free 16040K/19463K, paused 45ms+6ms
06-09 15:12:35.445 17932 17935 D dalvikvm: GC_CONCURRENT freed 476K, 6% free 10212K/10759K, paused 4ms+5ms
06-09 15:12:36.304   150   167 I ActivityManager: Start proc com.google.android.apps.maps:LocationFriendService for service com.google.android.apps.maps/com.google.googlenav.appwidget.friends.FriendsAppWidgetUpdateService: pid=18158 uid=10068 gids={3003, 1015}
06-09 15:12:36.847 18158 18159 D dalvikvm: GC_CONCURRENT freed 161K, 3% free 9375K/9607K, paused 19ms+2ms
06-09 15:12:37.215 18158 18171 I SqliteDatabaseCpp: sqlite returned: error code = 5, msg = statement aborts at 1: [PRAGMA journal_mode=TRUNCATE] , db=/data/data/com.google.android.apps.maps/databases/webview.db
06-09 15:12:37.332 18158 18159 D dalvikvm: GC_CONCURRENT freed 201K, 4% free 9655K/9991K, paused 2ms+4ms
06-09 15:12:37.375 18158 18167 E SQLiteDatabase: close() was never explicitly called on database '/data/data/com.google.android.apps.maps/databases/webview.db' 
06-09 15:12:37.375 18158 18167 E SQLiteDatabase: android.database.sqlite.DatabaseObjectNotClosedException: Application did not close the cursor or database object that was opened here
06-09 15:12:37.375 18158 18167 E SQLiteDatabase: 	at android.database.sqlite.SQLiteDatabase.<init>(SQLiteDatabase.java:1943)
06-09 15:12:37.375 18158 18167 E SQLiteDatabase: 	at android.database.sqlite.SQLiteDatabase.openDatabase(SQLiteDatabase.java:1007)
06-09 15:12:37.375 18158 18167 E SQLiteDatabase: 	at android.database.sqlite.SQLiteDatabase.openDatabase(SQLiteDatabase.java:986)
06-09 15:12:37.375 18158 18167 E SQLiteDatabase: 	at android.database.sqlite.SQLiteDatabase.openDatabase(SQLiteDatabase.java:962)
06-09 15:12:37.375 18158 18167 E SQLiteDatabase: 	at android.database.sqlite.SQLiteDatabase.openOrCreateDatabase(SQLiteDatabase.java:1043)
06-09 15:12:37.375 18158 18167 E SQLiteDatabase: 	at android.database.sqlite.SQLiteDatabase.openOrCreateDatabase(SQLiteDatabase.java:1036)
06-09 15:12:37.375 18158 18167 E SQLiteDatabase: 	at android.app.ContextImpl.openOrCreateDatabase(ContextImpl.java:761)
06-09 15:12:37.375 18158 18167 E SQLiteDatabase: 	at android.content.ContextWrapper.openOrCreateDatabase(ContextWrapper.java:215)
06-09 15:12:37.375 18158 18167 E SQLiteDatabase: 	at android.webkit.WebViewDatabase.initDatabase(WebViewDatabase.java:223)
06-09 15:12:37.375 18158 18167 E SQLiteDatabase: 	at android.webkit.WebViewDatabase.init(WebViewDatabase.java:209)
06-09 15:12:37.375 18158 18167 E SQLiteDatabase: 	at android.webkit.WebViewDatabase.access$000(WebViewDatabase.java:38)
06-09 15:12:37.375 18158 18167 E SQLiteDatabase: 	at android.webkit.WebViewDatabase$1.run(WebViewDatabase.java:190)
06-09 15:12:37.566   150   162 I ActivityManager: Process com.google.android.gsf.login (pid 17539) has died.
06-09 15:12:38.394 17789 17792 D dalvikvm: GC_CONCURRENT freed 1917K, 17% free 16170K/19463K, paused 5ms+7ms
06-09 15:12:43.203    82   122 D AudioHardware: AudioHardware pcm playback is exiting standby.
06-09 15:12:43.203    82   122 D AudioHardware: openPcmOut_l() mPcmOpenCnt: 0
06-09 15:12:43.851 17789 17789 W View    : couldn't find next focus view specified by user for id 2131755364
06-09 15:12:44.590   150   150 I ActivityManager: Process com.google.android.apps.uploader (pid 17986) has died.
06-09 15:12:44.703   391   393 D dalvikvm: GC_CONCURRENT freed 135K, 64% free 10131K/27655K, paused 10ms+5ms
06-09 15:12:45.058 17932 17935 D dalvikvm: GC_CONCURRENT freed 543K, 6% free 10206K/10823K, paused 3ms+4ms
06-09 15:12:46.297    82   122 D AudioHardware: AudioHardware pcm playback is going to standby.
06-09 15:12:46.297    82   122 D AudioHardware: closePcmOut_l() mPcmOpenCnt: 1
06-09 15:12:51.226 17789 17789 W View    : couldn't find next focus view specified by user for id 2131755364
06-09 15:12:51.258   150   150 I ActivityManager: Start proc com.google.android.voicesearch for service com.google.android.voicesearch/.ime.VoiceInputMethodService: pid=18184 uid=10052 gids={3002, 3003, 1015}
06-09 15:12:51.531 18184 18184 I ActivityThread: Pub com.google.android.voicesearch: com.google.android.voicesearch.AudioProvider
06-09 15:12:51.773 18184 18184 I VoiceInputMethodService: #onCreate
06-09 15:12:51.777   150 15741 I ActivityManager: Process com.google.android.apps.plus (pid 17881) has died.
06-09 15:12:51.836 17789 17789 W View    : couldn't find next focus view specified by user for id 2131755364
06-09 15:12:51.840 18184 18184 I VoiceInputMethodService: #showWindow[true]
06-09 15:12:51.840 18184 18184 I VoiceInputMethodService: #onCreateInputView
06-09 15:12:51.859  1615  1615 D OpenGLRenderer: Flushing caches (mode 1)
06-09 15:12:51.886 18184 18184 D dalvikvm: GC_FOR_ALLOC freed 255K, 4% free 9211K/9543K, paused 30ms
06-09 15:12:51.918 18184 18184 D dalvikvm: GC_FOR_ALLOC freed <1K, 5% free 9389K/9799K, paused 20ms
06-09 15:12:51.992 18184 18184 D dalvikvm: GC_FOR_ALLOC freed 2K, 4% free 9568K/9927K, paused 21ms
06-09 15:12:52.019 18184 18184 I VoiceInputMethodService: #onStartInputView [false] com.google.android.voicesearch.ime.VoiceInputMethodService@413631c0
06-09 15:12:52.086 18184 18184 I VoiceInputMethodService: #startRecognition en-US
06-09 15:12:52.113 18184 18184 I VoiceRecognitionDelegate: Create new recognition controller
06-09 15:12:52.191 18184 18185 D dalvikvm: GC_CONCURRENT freed 179K, 3% free 9924K/10183K, paused 4ms+3ms
06-09 15:12:52.273 18184 18202 I RecognitionControllerImpl: startRecognition(RecognitionParameters{session=null,request=0})
06-09 15:12:52.273 18184 18202 I RecognitionControllerImpl: State change: STARTING -> STARTING
06-09 15:12:52.289 18184 18202 I RecognitionControllerImpl: New mic stream.
06-09 15:12:52.465 18184 18202 I MicrophoneInputStream: #new 1
06-09 15:12:52.527   150   162 I AudioService:  AudioFocus  requestAudioFocus() from android.media.AudioManager@413587f0
06-09 15:12:52.527    82 18203 D AudioHardware: AudioStreamInALSA::setParameters() input_source=6;routing=262144
06-09 15:12:52.531    82 18203 D AudioHardware: AudioHardware pcm capture is exiting standby.
06-09 15:12:52.531 18184 18202 I RecognitionControllerImpl: State change: STARTING -> RECOGNIZING
06-09 15:12:52.531 18184 18202 I MediaProxyServerConnection: Starting TCP session, [url=http://www.google.com/m/voice-search]
06-09 15:12:52.633 18184 18185 D dalvikvm: GC_CONCURRENT freed 226K, 4% free 10222K/10567K, paused 4ms+10ms
06-09 15:12:52.843 18184 18204 I RecognitionControllerImpl: onReadyForSpeech, noise level:180.30943, snr:3.1932933
06-09 15:12:52.992   150   562 I ActivityManager: Process com.google.android.apps.docs (pid 18004) has died.
06-09 15:12:53.207 18184 18202 I SpeechServiceHttpClient: Closing the HTTP client.
06-09 15:12:53.211 18184 18202 I qtaguid : Failed write_ctrl(u 54) res=-1 errno=22
06-09 15:12:53.211 18184 18202 I qtaguid : Untagging socket 54 failed errno=-22
06-09 15:12:53.211 18184 18202 W NetworkManagementSocketTagger: untagSocket(54) failed with errno -22
06-09 15:12:53.211 18184 18202 I ServerConnectorImpl: Created session b750bb5c64eb4102b2fed2bc0e91be0e
06-09 15:12:53.215 18184 18202 I MediaProxyServerConnection: Creating TCP connection to 173.194.76.126:19294
06-09 15:12:53.215 18184 18202 I qtaguid : Failed write_ctrl(t -1 281479271677952 -1) res=-1 errno=9
06-09 15:12:53.215 18184 18202 I qtaguid : Tagging socket -1 with tag 1000100000000(65537) for uid -1 failed errno=-9
06-09 15:12:53.218 18184 18202 I NetworkManagementSocketTagger: tagSocketFd(-1, 65537, -1) failed with errno-9
06-09 15:12:53.367 18184 18209 I MediaProxyTcpConnectionImpl: Sending STUN packet [nextDelay=100]
06-09 15:12:53.445 18184 18202 I MediaProxyTcpConnectionImpl: #receiveStunResponsePacket
06-09 15:12:53.496   150   493 I ActivityManager: Start proc com.google.android.gsf.login for service com.google.android.gsf.login/com.google.android.gsf.loginservice.GoogleLoginService: pid=18211 uid=10009 gids={3003, 1015, 1007, 2001, 3006}
06-09 15:12:54.172   150   162 D dalvikvm: GC_EXPLICIT freed 1333K, 30% free 17398K/24647K, paused 8ms+37ms
06-09 15:12:54.242   150  4062 I ActivityManager: Process com.google.android.apps.walletnfcrel (pid 18021) has died.
06-09 15:12:55.683 17789 17792 D dalvikvm: GC_CONCURRENT freed 1370K, 14% free 16779K/19463K, paused 3ms+22ms
06-09 15:12:56.554 18184 18185 D dalvikvm: GC_CONCURRENT freed 178K, 3% free 10446K/10759K, paused 8ms+5ms
06-09 15:12:58.008 18184 18184 I com.google.android.voicesearch.ime.VoiceInputMethodService@413631c0: #onInProgressPartialResults
06-09 15:12:58.008 18184 18184 I com.google.android.voicesearch.ime.VoiceInputMethodService@413631c0: #onInProgressPartialResults
06-09 15:12:58.008 18184 18184 I com.google.android.voicesearch.ime.VoiceInputMethodService@413631c0: #onInProgressPartialResults
06-09 15:12:58.281 18184 18184 I com.google.android.voicesearch.ime.VoiceInputMethodService@413631c0: #onInProgressPartialResults
06-09 15:12:58.336   455  3569 E ActivityThread: Failed to find provider info for com.android.inputmethod.latin.dictionarypack
06-09 15:12:58.340   455  3569 E BinaryDictionaryGetter: Could not find a dictionary pack
06-09 15:12:58.511  1615  1615 D OpenGLRenderer: Flushing caches (mode 2)
06-09 15:12:58.531  1615  1615 D OpenGLRenderer: Flushing caches (mode 0)
06-09 15:12:59.172   455   460 D dalvikvm: GC_CONCURRENT freed 2122K, 34% free 10421K/15687K, paused 2ms+7ms
06-09 15:12:59.476   455   460 D dalvikvm: GC_CONCURRENT freed 222K, 32% free 10710K/15687K, paused 8ms+33ms
06-09 15:12:59.676 18184 18184 I com.google.android.voicesearch.ime.VoiceInputMethodService@413631c0: #onInProgressResults
06-09 15:12:59.699 17789 17789 W View    : couldn't find next focus view specified by user for id 2131755364
06-09 15:12:59.761 18184 18184 I VoiceInputMethodService: #onStartInputView [true] com.google.android.voicesearch.ime.VoiceInputMethodService@413631c0
06-09 15:12:59.761 18184 18184 I VoiceInputMethodService: #showWindow[true]
06-09 15:12:59.968   455   460 D dalvikvm: GC_CONCURRENT freed 194K, 30% free 11068K/15687K, paused 4ms+18ms
06-09 15:13:00.863 17717 17720 D dalvikvm: GC_CONCURRENT freed 497K, 7% free 9682K/10311K, paused 5ms+3ms
06-09 15:13:03.199 17932 17935 D dalvikvm: GC_CONCURRENT freed 378K, 6% free 10211K/10823K, paused 11ms+10ms
06-09 15:13:10.297    82   122 D AudioHardware: AudioHardware pcm playback is exiting standby.
06-09 15:13:10.328    82   122 D AudioHardware: openPcmOut_l() mPcmOpenCnt: 0
06-09 15:13:10.531 17932 17935 D dalvikvm: GC_CONCURRENT freed 479K, 6% free 10216K/10823K, paused 2ms+7ms
06-09 15:13:11.562 18184 18184 I VoiceInputMethodService: #hideWindow
06-09 15:13:11.578 18184 18184 I RecognitionControllerImpl: State change: RECOGNIZING -> STOPPED
06-09 15:13:11.578   150   559 I AudioService:  AudioFocus  abandonAudioFocus() from android.media.AudioManager@413587f0
06-09 15:13:11.593 18184 18202 I RecognitionControllerImpl: Will wait for final result for:13000
06-09 15:13:11.593 18184 18202 I RecognitionControllerImpl: Final state: STOPPED
06-09 15:13:11.593 18184 18202 I ServerConnectorImpl: Canceling recognition request
06-09 15:13:11.597 18184 18202 I ClientReportBuilder: Scheduling RequestMessage:Header[sessionId=b750bb5c64eb4102b2fed2bc0e91be0erequestId=0],ClientReportRequest
06-09 15:13:11.597   150 11288 I AudioService:  AudioFocus  abandonAudioFocus() from android.media.AudioManager@413587f0
06-09 15:13:11.605    82 18203 D AudioHardware: AudioHardware pcm capture is going to standby.
06-09 15:13:11.613    82 18203 D AudioHardware: AudioStreamInALSA::setParameters() routing=0
06-09 15:13:11.613 18184 18204 I MicrophoneInputStream: #close - audio release
06-09 15:13:11.722 18184 18241 I ClientReportSender: Sending 1 client reports over HTTP
06-09 15:13:11.855   455 18244 E ActivityThread: Failed to find provider info for com.android.inputmethod.latin.dictionarypack
06-09 15:13:11.859   455 18244 E BinaryDictionaryGetter: Could not find a dictionary pack
06-09 15:13:11.883 18184 18184 I VoiceInputMethodService: #onFinishInputView false com.google.android.voicesearch.ime.VoiceInputMethodService@413631c0
06-09 15:13:11.883 18184 18184 I VoiceInputMethodService: #onFinishInput com.google.android.voicesearch.ime.VoiceInputMethodService@413631c0
06-09 15:13:11.883   150   559 W InputManagerService: Ignoring setImeWindowStatus of uid 10052 token: android.os.Binder@41aa5208
06-09 15:13:11.890 18184 18184 I VoiceInputMethodService: #onDestroy
06-09 15:13:12.250   455   460 D dalvikvm: GC_CONCURRENT freed 1311K, 34% free 10439K/15687K, paused 3ms+5ms
06-09 15:13:12.386   455   460 D dalvikvm: GC_CONCURRENT freed 190K, 32% free 10760K/15687K, paused 2ms+7ms
06-09 15:13:12.582   150   162 I ActivityManager: Process com.sirma.mobile.bible.android (pid 18041) has died.
06-09 15:13:12.683   455   460 D dalvikvm: GC_CONCURRENT freed 181K, 30% free 11099K/15687K, paused 3ms+12ms
06-09 15:13:12.715 18184 18185 D dalvikvm: GC_CONCURRENT freed 861K, 9% free 10061K/11015K, paused 6ms+240ms
06-09 15:13:13.101 18184 18184 I SpeechServiceHttpClient: Closing the HTTP client.
06-09 15:13:13.215 17789 17792 D dalvikvm: GC_CONCURRENT freed 1802K, 14% free 16903K/19463K, paused 2ms+9ms
06-09 15:13:13.449    82   122 D AudioHardware: AudioHardware pcm playback is going to standby.
06-09 15:13:13.453    82   122 D AudioHardware: closePcmOut_l() mPcmOpenCnt: 1
06-09 15:13:14.070 17789 17796 I dalvikvm: Jit: resizing JitTable from 8192 to 16384
06-09 15:13:14.957   150   202 I ActivityManager: Start proc com.google.android.apps.plus for service com.google.android.apps.plus/.service.EsService: pid=18249 uid=10060 gids={3003, 3002, 1015, 1006}
06-09 15:13:15.265 18249 18251 D dalvikvm: GC_CONCURRENT freed 164K, 3% free 9371K/9607K, paused 32ms+3ms
06-09 15:13:15.340    82   122 D AudioHardware: AudioHardware pcm playback is exiting standby.
06-09 15:13:15.340    82   122 D AudioHardware: openPcmOut_l() mPcmOpenCnt: 0
06-09 15:13:15.379 18249 18249 I ActivityThread: Pub com.google.android.apps.plus.content.ApiProvider: com.google.android.apps.plus.content.EsApiProvider
06-09 15:13:15.437 18249 18249 I ActivityThread: Pub com.google.android.apps.plus.content.EsGooglePhotoProvider: com.google.android.picasasync.PicasaContentProvider
06-09 15:13:15.699 18249 18251 D dalvikvm: GC_CONCURRENT freed 483K, 6% free 9432K/9991K, paused 2ms+13ms
06-09 15:13:15.703 18249 18249 I ActivityThread: Pub com.google.android.apps.plus.content.EsPicasaStoreProvider: com.google.android.picasastore.PicasaPhotoContentProvider
06-09 15:13:15.754 18249 18249 I ActivityThread: Pub com.google.plus.platform: com.google.android.apps.plus.content.AdsProvider
06-09 15:13:15.754 18249 18249 I ActivityThread: Pub com.google.android.apps.plus.iu.EsGoogleIuProvider: com.google.android.apps.plus.iu.InstantUploadProvider
06-09 15:13:15.785   150  1492 I ActivityManager: Process com.google.android.talk (pid 18090) has died.
06-09 15:13:15.922 18249 18249 I ActivityThread: Pub com.google.android.apps.plus.content.EsProvider: com.google.android.apps.plus.content.EsProvider
06-09 15:13:16.051 18249 18251 D dalvikvm: GC_CONCURRENT freed 411K, 6% free 9549K/10055K, paused 12ms+49ms
06-09 15:13:16.172 18249 18270 D PicasaPhotoCP: set fsid first time:-1
06-09 15:13:16.590 18249 18251 D dalvikvm: GC_CONCURRENT freed 168K, 3% free 9819K/10119K, paused 48ms+15ms
06-09 15:13:17.308 17789 17792 D dalvikvm: GC_CONCURRENT freed 1726K, 12% free 17225K/19463K, paused 3ms+9ms
06-09 15:13:17.504 17789 18134 D dalvikvm: GC_FOR_ALLOC freed 149K, 12% free 17137K/19463K, paused 78ms
06-09 15:13:17.504 17789 18134 I dalvikvm-heap: Grow heap (frag case) to 17.804MB for 1048592-byte allocation
06-09 15:13:17.586 17789 17789 D dalvikvm: GC_FOR_ALLOC freed 4K, 12% free 18157K/20551K, paused 71ms
06-09 15:13:17.718 17789 18134 D dalvikvm: GC_FOR_ALLOC freed 1042K, 17% free 17134K/20551K, paused 69ms
06-09 15:13:17.855 17789 18134 D dalvikvm: GC_FOR_ALLOC freed 1071K, 17% free 17139K/20551K, paused 75ms
06-09 15:13:17.988 17789 18134 D dalvikvm: GC_FOR_ALLOC freed 1047K, 17% free 17136K/20551K, paused 72ms
06-09 15:13:18.152 17789 18134 D dalvikvm: GC_FOR_ALLOC freed 1100K, 16% free 17381K/20551K, paused 73ms
06-09 15:13:18.285 17789 17804 D dalvikvm: GC_FOR_ALLOC freed 1127K, 15% free 17645K/20551K, paused 78ms
06-09 15:13:18.422 17789 18134 D dalvikvm: GC_FOR_ALLOC freed 336K, 16% free 17449K/20551K, paused 100ms
06-09 15:13:18.433    82   122 D AudioHardware: AudioHardware pcm playback is going to standby.
06-09 15:13:18.433    82   122 D AudioHardware: closePcmOut_l() mPcmOpenCnt: 1
06-09 15:13:18.625 17789 18134 D dalvikvm: GC_FOR_ALLOC freed 1239K, 15% free 17476K/20551K, paused 83ms
06-09 15:13:18.832 17789 18134 D dalvikvm: GC_FOR_ALLOC freed 1795K, 18% free 17006K/20551K, paused 77ms
06-09 15:13:18.941 18249 18251 D dalvikvm: GC_CONCURRENT freed 231K, 4% free 10029K/10375K, paused 119ms+68ms
06-09 15:13:19.027 17789 18134 D dalvikvm: GC_FOR_ALLOC freed 1515K, 17% free 17060K/20551K, paused 78ms
06-09 15:13:19.218 17789 18134 D dalvikvm: GC_FOR_ALLOC freed 1197K, 18% free 17058K/20551K, paused 71ms
06-09 15:13:19.379 18249 18272 D dalvikvm: GC_FOR_ALLOC freed 92K, 4% free 10125K/10503K, paused 72ms
06-09 15:13:19.390 17789 18134 D dalvikvm: GC_FOR_ALLOC freed 1121K, 17% free 17071K/20551K, paused 90ms
06-09 15:13:19.601 17789 18134 D dalvikvm: GC_FOR_ALLOC freed 1086K, 17% free 17080K/20551K, paused 83ms
06-09 15:13:19.789 17789 18134 D dalvikvm: GC_FOR_ALLOC freed 1107K, 17% free 17106K/20551K, paused 74ms
06-09 15:13:19.847 18249 18251 D dalvikvm: GC_CONCURRENT freed 407K, 6% free 10159K/10759K, paused 1ms+127ms
06-09 15:13:19.988 17789 18134 D dalvikvm: GC_FOR_ALLOC freed 1235K, 17% free 17133K/20551K, paused 88ms
06-09 15:13:20.011 18249 18272 D dalvikvm: GC_FOR_ALLOC freed 92K, 5% free 10255K/10759K, paused 78ms
06-09 15:13:20.043 18249 18272 I dalvikvm-heap: Grow heap (frag case) to 10.331MB for 260112-byte allocation
06-09 15:13:20.117 18249 18272 D dalvikvm: GC_FOR_ALLOC freed 126K, 6% free 10383K/11015K, paused 74ms
06-09 15:13:20.152 17789 18134 D dalvikvm: GC_FOR_ALLOC freed 1081K, 17% free 17137K/20551K, paused 81ms
06-09 15:13:20.715   150 14815 I ActivityManager: Process com.google.android.gsf.login (pid 18211) has died.
06-09 15:13:20.718 18249 18272 D dalvikvm: GC_FOR_ALLOC freed 369K, 6% free 10382K/11015K, paused 106ms
06-09 15:13:20.894 18249 18251 D dalvikvm: GC_CONCURRENT freed 381K, 6% free 10386K/11015K, paused 4ms+3ms
06-09 15:13:21.066 18249 18251 D dalvikvm: GC_CONCURRENT freed 83K, 3% free 10687K/11015K, paused 3ms+3ms
06-09 15:13:21.246 18249 18251 D dalvikvm: GC_CONCURRENT freed 97K, 2% free 11047K/11271K, paused 2ms+8ms
06-09 15:13:21.519 18249 18251 D dalvikvm: GC_CONCURRENT freed 392K, 5% free 11261K/11783K, paused 3ms+2ms
06-09 15:13:21.699 18249 18251 D dalvikvm: GC_CONCURRENT freed 146K, 3% free 11768K/12039K, paused 2ms+3ms
06-09 15:13:22.371   150   161 I ActivityManager: Process edu.buffalo.cse.phonelab.phonelabservices (pid 12766) has died.
06-09 15:13:22.371   150   161 W ActivityManager: Scheduling restart of crashed service edu.buffalo.cse.phonelab.phonelabservices/edu.buffalo.cse.phonelab.datalogger.LoggerService in 5000ms
06-09 15:13:22.883 17789 17792 D dalvikvm: GC_CONCURRENT freed 1832K, 16% free 17291K/20551K, paused 21ms+6ms
06-09 15:13:25.281    82   122 D AudioHardware: AudioHardware pcm playback is exiting standby.
06-09 15:13:25.281    82   122 D AudioHardware: openPcmOut_l() mPcmOpenCnt: 0
06-09 15:13:25.304   150  4062 I ActivityManager: START {act=android.intent.action.VIEW dat=google.navigation:///?ll=42.914441,-78.762643&q=Walden Galleria Mall, 1 Walden Galleria, Buffalo, NY 14225&token=FYnSjgIdbS1O-yG2a4MachYseQ&entry=d&opt=4:0,5:0 cmp=com.google.android.apps.maps/com.google.android.maps.driveabout.app.NavigationActivity} from pid 17789
06-09 15:13:25.621 12553 12610 D dalvikvm: GC_EXPLICIT freed 364K, 5% free 10571K/11079K, paused 14ms+11ms
06-09 15:13:25.840 17789 17792 D dalvikvm: GC_CONCURRENT freed 1836K, 15% free 17499K/20551K, paused 20ms+28ms
06-09 15:13:25.968   150   166 I Process : Sending signal. PID: 17789 SIG: 3
06-09 15:13:25.968 17789 17794 I dalvikvm: threadid=3: reacting to signal 3
06-09 15:13:26.203 17789 17794 E dalvikvm: Unable to open stack trace file '/data/anr/traces.txt': Is a directory
06-09 15:13:26.371   150   203 I ActivityManager: Displayed com.google.android.apps.maps/com.google.android.maps.driveabout.app.NavigationActivity: +923ms
06-09 15:13:26.406 17789 17789 D OpenGLRenderer: Flushing caches (mode 0)
06-09 15:13:26.937   391   393 D dalvikvm: GC_CONCURRENT freed 428K, 64% free 10151K/27655K, paused 2ms+4ms
06-09 15:13:27.000   391   393 D dalvikvm: GC_CONCURRENT freed 509K, 64% free 10073K/27655K, paused 2ms+3ms
06-09 15:13:27.113   391   393 D dalvikvm: GC_CONCURRENT freed 489K, 64% free 9976K/27655K, paused 2ms+5ms
06-09 15:13:27.406   150   167 I ActivityManager: Start proc edu.buffalo.cse.phonelab.phonelabservices for service edu.buffalo.cse.phonelab.phonelabservices/edu.buffalo.cse.phonelab.datalogger.LoggerService: pid=18302 uid=10038 gids={3003, 1015, 1007, 2001}
06-09 15:13:27.465 18302 18302 I PhoneLab-LoggerService: Start Logger Service
06-09 15:13:27.484 18302 18315 I PhoneLab-: Service Running
06-09 15:13:27.570 18302 18315 I PhoneLab-LoggerService: app_38    1355  1     1836   1388  c00f181c 400107b4 S logcat
06-09 15:13:27.570 18302 18315 I PhoneLab-LoggerService: Logcat pid from database 1355
06-09 15:13:27.570 18302 18315 I PhoneLab-LoggerService: Logcat process found 1355
06-09 15:13:27.570 18302 18315 I PhoneLab-LoggerService: Checking Threshold
06-09 15:13:28.375    82   122 D AudioHardware: AudioHardware pcm playback is going to standby.
06-09 15:13:28.375    82   122 D AudioHardware: closePcmOut_l() mPcmOpenCnt: 1
06-09 15:13:29.004    82   122 D AudioHardware: AudioHardware pcm playback is exiting standby.
06-09 15:13:29.004    82   122 D AudioHardware: openPcmOut_l() mPcmOpenCnt: 0
06-09 15:13:29.136 17789 17789 W Settings: Setting location_providers_allowed has moved from android.provider.Settings.System to android.provider.Settings.Secure, returning read-only value.
06-09 15:13:29.500 17789 17789 I TextToSpeech: Sucessfully bound to com.google.android.tts
06-09 15:13:29.500   150   491 I ActivityManager: Start proc com.google.android.tts for service com.google.android.tts/.GoogleTTSService: pid=18332 uid=10024 gids={3003, 1015}
06-09 15:13:30.011 17789 17789 D dalvikvm: GC_EXPLICIT freed 1177K, 11% free 18322K/20551K, paused 100ms+15ms
06-09 15:13:30.218 18332 18332 I flint   : Flint JNI loaded successfully.
06-09 15:13:30.261   150   562 D dalvikvm: JIT code cache reset in 9 ms (1048476 bytes 15/0)
06-09 15:13:30.304   150   562 D dalvikvm: GC_EXPLICIT freed 2675K, 33% free 16639K/24647K, paused 70ms+36ms
06-09 15:13:30.406 12553 12570 D androidNetworkLocationListeners: Still have listener com.google.android.location.internal.client.NetworkLocationClient$1@41380730
06-09 15:13:30.418 12553 12570 D androidNetworkLocationListeners: Still have listener com.google.android.location.internal.client.NetworkLocationClient$1@41380730
06-09 15:13:30.429 12553 12579 D WifiLocator: Too many cache  misses. Need server request. hasLocation=0 noLocation=0 cacheMiss=1
06-09 15:13:30.429 12553 12579 D NetworkLocator: New location significantly newer than previous. Reporting it.
06-09 15:13:30.453 12553 12572 I System.out: [INFO:70969829]: LogSource: Running flush
06-09 15:13:30.457 12553 12574 I System.out: [INFO:70969832]: LogSource: Sending payload [bytes=396]
06-09 15:13:30.543 18332 18332 I flint   : Embedded HMM synthesizer initialized.
06-09 15:13:30.996 12553 12579 D WifiLocator: Too many cache  misses. Need server request. hasLocation=0 noLocation=0 cacheMiss=1
06-09 15:13:31.011 17789 17789 D dalvikvm: GC_FOR_ALLOC freed 745K, 9% free 18837K/20551K, paused 144ms
06-09 15:13:31.039   391   393 D dalvikvm: GC_CONCURRENT freed 258K, 64% free 10134K/27655K, paused 2ms+12ms
06-09 15:13:31.371 17932 17935 D dalvikvm: GC_CONCURRENT freed 507K, 6% free 10220K/10823K, paused 2ms+7ms
06-09 15:13:31.457    79  2442 W SurfaceTexture: [com.google.android.apps.maps/com.google.android.maps.driveabout.app.NavigationActivity] cancelBuffer: SurfaceTexture has been abandoned!
06-09 15:13:31.519 17789 17789 I TextToSpeech: Connected to ComponentInfo{com.google.android.tts/com.google.android.tts.GoogleTTSService}
06-09 15:13:31.976 17789 18322 D dalvikvm: GC_FOR_ALLOC freed 775K, 7% free 19631K/20999K, paused 176ms
06-09 15:13:32.093    82   122 D AudioHardware: AudioHardware pcm playback is going to standby.
06-09 15:13:32.093    82   122 D AudioHardware: closePcmOut_l() mPcmOpenCnt: 1
06-09 15:13:32.269   391   393 D dalvikvm: GC_CONCURRENT freed 391K, 64% free 10136K/27655K, paused 3ms+4ms
06-09 15:13:35.461 12553 12572 I System.out: [INFO:70974836]: LogSource: Running delayed flush
06-09 15:13:35.480 12553 12572 I System.out: [INFO:70974855]: LogSource: Running flush
06-09 15:13:36.359   150   563 I ActivityManager: Process android.process.acore (pid 17717) has died.
06-09 15:13:36.371   150   161 D CountryDetector: No listener is left
06-09 15:13:36.426   391   393 D dalvikvm: GC_CONCURRENT freed 320K, 63% free 10328K/27655K, paused 3ms+5ms
06-09 15:13:36.672   150  1489 W InputManagerService: Window already focused, ignoring focus gain of: com.android.internal.view.IInputMethodClient$Stub$Proxy@4164e638
06-09 15:13:38.004 17789 17792 D dalvikvm: JIT code cache reset in 9 ms (1048532 bytes 1/0)
06-09 15:13:38.027 17789 17792 D dalvikvm: GC_CONCURRENT freed 1712K, 9% free 19982K/21767K, paused 4ms+22ms
06-09 15:13:38.812 12553 12574 I System.out: [INFO:70978188]: LogSource: Response [http=200,length=135]
06-09 15:13:38.832   150  1489 I AudioService:  AudioFocus  requestAudioFocus() from android.media.AudioManager@4182a760
06-09 15:13:38.871    82   122 D AudioHardware: AudioHardware pcm playback is exiting standby.
06-09 15:13:38.871    82   122 D AudioHardware: openPcmOut_l() mPcmOpenCnt: 0
06-09 15:13:38.922 12553 12572 I System.out: [INFO:70978299]: LogSource: Read id 3, status code 200
06-09 15:13:38.976 12553 12579 D WifiLocator: Too many no-location APs. Will not compute a location nor go to the server. hasLocation=0 noLocation=0 cacheMiss=0
06-09 15:13:39.672 18332 18333 D dalvikvm: GC_CONCURRENT freed 279K, 5% free 9201K/9607K, paused 12ms+5ms
06-09 15:13:39.812 18332 18351 D NetworkSynthesizer: [1094006584] :Timed out executing network fetch : java.util.concurrent.TimeoutException
06-09 15:13:40.289 17789 17792 D dalvikvm: GC_CONCURRENT freed 2038K, 10% free 20036K/22151K, paused 4ms+17ms
06-09 15:13:40.910   150   493 I AudioService:  AudioFocus  abandonAudioFocus() from android.media.AudioManager@4182a760
06-09 15:13:41.543   150   161 I ActivityManager: Process com.google.android.apps.plus (pid 18249) has died.
06-09 15:13:42.648 18332 18333 D dalvikvm: GC_CONCURRENT freed 286K, 5% free 9331K/9735K, paused 2ms+11ms
06-09 15:13:43.894    82   122 D AudioHardware: AudioHardware pcm playback is going to standby.
06-09 15:13:43.894    82   122 D AudioHardware: closePcmOut_l() mPcmOpenCnt: 1
