06-15 14:31:19.448   351   351 D wpa_supplicant: TLS: tls_verify_cb - preverify_ok=1 err=19 (self signed certificate in certificate chain) ca_cert_verify=0 depth=1 buf='/C=US/ST=UT/L=Salt Lake City/O=The USERTRUST Network/CN=USERTrust Legacy Secure Server CA'
06-15 14:31:19.448   351   351 I wpa_supplicant: wlan0: CTRL-EVENT-EAP-PEER-CERT depth=1 subject='/C=US/ST=UT/L=Salt Lake City/O=The USERTRUST Network/CN=USERTrust Legacy Secure Server CA'
06-15 14:31:19.452   351   351 D wpa_supplicant: TLS: tls_verify_cb - preverify_ok=1 err=19 (self signed certificate in certificate chain) ca_cert_verify=0 depth=0 buf='/C=US/postalCode=14260/ST=New York/L=Buffalo/street=305 Computing Center/O=SUNY AT BUFFALO/OU=Issued through UNIVERSITY AT BUFFALO E-PKI Manager/OU=Comodo PremiumSSL Legacy/CN=radius1.cit.buffalo.edu'
06-15 14:31:19.452   351   351 I wpa_supplicant: wlan0: CTRL-EVENT-EAP-PEER-CERT depth=0 subject='/C=US/postalCode=14260/ST=New York/L=Buffalo/street=305 Computing Center/O=SUNY AT BUFFALO/OU=Issued through UNIVERSITY AT BUFFALO E-PKI Manager/OU=Comodo PremiumSSL Legacy/CN=radius1.cit.buffalo.edu'
06-15 14:31:19.452   351   351 D wpa_supplicant: SSL: (where=0x1001 ret=0x1)
06-15 14:31:19.452   351   351 D wpa_supplicant: SSL: SSL_connect:SSLv3 read server certificate A
06-15 14:31:19.456   351   351 D wpa_supplicant: SSL: (where=0x1001 ret=0x1)
06-15 14:31:19.456   351   351 D wpa_supplicant: SSL: SSL_connect:SSLv3 read server key exchange A
06-15 14:31:19.456   351   351 D wpa_supplicant: SSL: (where=0x1001 ret=0x1)
06-15 14:31:19.456   351   351 D wpa_supplicant: SSL: SSL_connect:SSLv3 read server done A
06-15 14:31:19.464   351   351 D wpa_supplicant: SSL: (where=0x1001 ret=0x1)
06-15 14:31:19.464   351   351 D wpa_supplicant: SSL: SSL_connect:SSLv3 write client key exchange A
06-15 14:31:19.464   351   351 D wpa_supplicant: SSL: (where=0x1001 ret=0x1)
06-15 14:31:19.464   351   351 D wpa_supplicant: SSL: SSL_connect:SSLv3 write change cipher spec A
06-15 14:31:19.464   351   351 D wpa_supplicant: SSL: (where=0x1001 ret=0x1)
06-15 14:31:19.464   351   351 D wpa_supplicant: SSL: SSL_connect:SSLv3 write finished A
06-15 14:31:19.464   351   351 D wpa_supplicant: SSL: (where=0x1001 ret=0x1)
06-15 14:31:19.464   351   351 D wpa_supplicant: SSL: SSL_connect:SSLv3 flush data
06-15 14:31:19.464   351   351 D wpa_supplicant: SSL: (where=0x1002 ret=0xffffffff)
06-15 14:31:19.464   351   351 D wpa_supplicant: SSL: SSL_connect:error in SSLv3 read server session ticket A
06-15 14:31:19.464   351   351 D wpa_supplicant: SSL: SSL_connect - want more data
06-15 14:31:19.464   351   351 D wpa_supplicant: SSL: 134 bytes pending from ssl_out
06-15 14:31:19.464   351   351 D wpa_supplicant: SSL: 134 bytes left to be sent out (of total 134 bytes)
06-15 14:31:19.464   351   351 D wpa_supplicant: EAP: method process -> ignore=FALSE methodState=MAY_CONT decision=FAIL
06-15 14:31:19.464   351   351 D wpa_supplicant: EAP: EAP entering state SEND_RESPONSE
06-15 14:31:19.464   351   351 D wpa_supplicant: EAP: EAP entering state IDLE
06-15 14:31:19.464   351   351 D wpa_supplicant: EAPOL: SUPP_BE entering state RESPONSE
06-15 14:31:19.464   351   351 D wpa_supplicant: EAPOL: txSuppRsp
06-15 14:31:19.464   351   351 D wpa_supplicant: TX EAPOL: dst=d0:c2:82:66:6b:f0
06-15 14:31:19.464   351   351 D wpa_supplicant: EAPOL: SUPP_BE entering state RECEIVE
06-15 14:31:19.464   351   351 D wpa_supplicant: RTM_NEWLINK: operstate=0 ifi_flags=0x11003 ([UP][LOWER_UP])
06-15 14:31:19.464   351   351 D wpa_supplicant: RTM_NEWLINK, IFLA_IFNAME: Interface 'wlan0' added
06-15 14:31:19.464   351   351 D wpa_supplicant: Wireless event: cmd=0x8c03 len=20
06-15 14:31:19.464   351   351 D wpa_supplicant: RTM_NEWLINK: operstate=0 ifi_flags=0x11003 ([UP][LOWER_UP])
06-15 14:31:19.464   351   351 D wpa_supplicant: RTM_NEWLINK, IFLA_IFNAME: Interface 'wlan0' added
06-15 14:31:19.464   351   351 D wpa_supplicant: Wireless event: cmd=0x8c02 len=26
06-15 14:31:19.468   351   351 D wpa_supplicant: EAPOL: Received EAP-Packet frame
06-15 14:31:19.468   351   351 D wpa_supplicant: EAPOL: SUPP_BE entering state REQUEST
06-15 14:31:19.468   351   351 D wpa_supplicant: EAPOL: getSuppRsp
06-15 14:31:19.468   351   351 D wpa_supplicant: EAP: EAP entering state RECEIVED
06-15 14:31:19.468   351   351 D wpa_supplicant: EAP: Received EAP-Request id=9 method=25 vendor=0 vendorMethod=0
06-15 14:31:19.468   351   351 D wpa_supplicant: EAP: EAP entering state METHOD
06-15 14:31:19.468   351   351 D wpa_supplicant: SSL: Received packet(len=240) - Flags 0x00
06-15 14:31:19.468   351   351 D wpa_supplicant: SSL: (where=0x1001 ret=0x1)
06-15 14:31:19.468   351   351 D wpa_supplicant: SSL: SSL_connect:SSLv3 read server session ticket A
06-15 14:31:19.468   351   351 D wpa_supplicant: SSL: (where=0x1001 ret=0x1)
06-15 14:31:19.468   351   351 D wpa_supplicant: SSL: SSL_connect:SSLv3 read finished A
06-15 14:31:19.468   351   351 D wpa_supplicant: SSL: (where=0x20 ret=0x1)
06-15 14:31:19.468   351   351 D wpa_supplicant: SSL: (where=0x1002 ret=0x1)
06-15 14:31:19.468   351   351 D wpa_supplicant: SSL: 0 bytes pending from ssl_out
06-15 14:31:19.468   351   351 D wpa_supplicant: SSL: No Application Data included
06-15 14:31:19.468   351   351 D wpa_supplicant: SSL: No data to be sent out
06-15 14:31:19.468   351   351 D wpa_supplicant: EAP-PEAP: TLS done, proceed to Phase 2
06-15 14:31:19.468   351   351 D wpa_supplicant: EAP-PEAP: using label 'client EAP encryption' in key derivation
06-15 14:31:19.468   351   351 D wpa_supplicant: SSL: Building ACK (type=25 id=9 ver=0)
06-15 14:31:19.468   351   351 D wpa_supplicant: EAP: method process -> ignore=FALSE methodState=MAY_CONT decision=FAIL
06-15 14:31:19.468   351   351 D wpa_supplicant: EAP: EAP entering state SEND_RESPONSE
06-15 14:31:19.468   351   351 D wpa_supplicant: EAP: EAP entering state IDLE
06-15 14:31:19.468   351   351 D wpa_supplicant: EAPOL: SUPP_BE entering state RESPONSE
06-15 14:31:19.468   351   351 D wpa_supplicant: EAPOL: txSuppRsp
06-15 14:31:19.468   351   351 D wpa_supplicant: TX EAPOL: dst=d0:c2:82:66:6b:f0
06-15 14:31:19.468   351   351 D wpa_supplicant: EAPOL: SUPP_BE entering state RECEIVE
06-15 14:31:19.472   351   351 D wpa_supplicant: EAPOL: Received EAP-Packet frame
06-15 14:31:19.472   351   351 D wpa_supplicant: EAPOL: SUPP_BE entering state REQUEST
06-15 14:31:19.472   351   351 D wpa_supplicant: EAPOL: getSuppRsp
06-15 14:31:19.472   351   351 D wpa_supplicant: EAP: EAP entering state RECEIVED
06-15 14:31:19.472   351   351 D wpa_supplicant: EAP: Received EAP-Request id=10 method=25 vendor=0 vendorMethod=0
06-15 14:31:19.472   351   351 D wpa_supplicant: EAP: EAP entering state METHOD
06-15 14:31:19.472   351   351 D wpa_supplicant: SSL: Received packet(len=43) - Flags 0x00
06-15 14:31:19.472   351   351 D wpa_supplicant: EAP-PEAP: received 37 bytes encrypted data for Phase 2
06-15 14:31:19.472   351   351 D wpa_supplicant: EAP-PEAP: received Phase 2: code=1 identifier=10 length=5
06-15 14:31:19.472   351   351 D wpa_supplicant: EAP-PEAP: Phase 2 Request: type=1
06-15 14:31:19.472   351   351 D wpa_supplicant: SSL: 74 bytes left to be sent out (of total 74 bytes)
06-15 14:31:19.472   351   351 D wpa_supplicant: EAP: method process -> ignore=FALSE methodState=MAY_CONT decision=FAIL
06-15 14:31:19.472   351   351 D wpa_supplicant: EAP: EAP entering state SEND_RESPONSE
06-15 14:31:19.472   351   351 D wpa_supplicant: EAP: EAP entering state IDLE
06-15 14:31:19.472   351   351 D wpa_supplicant: EAPOL: SUPP_BE entering state RESPONSE
06-15 14:31:19.472   351   351 D wpa_supplicant: EAPOL: txSuppRsp
06-15 14:31:19.472   351   351 D wpa_supplicant: TX EAPOL: dst=d0:c2:82:66:6b:f0
06-15 14:31:19.472   351   351 D wpa_supplicant: EAPOL: SUPP_BE entering state RECEIVE
06-15 14:31:19.476   351   351 D wpa_supplicant: EAPOL: Received EAP-Packet frame
06-15 14:31:19.476   351   351 D wpa_supplicant: EAPOL: SUPP_BE entering state REQUEST
06-15 14:31:19.476   351   351 D wpa_supplicant: EAPOL: getSuppRsp
06-15 14:31:19.476   351   351 D wpa_supplicant: EAP: EAP entering state RECEIVED
06-15 14:31:19.476   351   351 D wpa_supplicant: EAP: Received EAP-Request id=11 method=25 vendor=0 vendorMethod=0
06-15 14:31:19.476   351   351 D wpa_supplicant: EAP: EAP entering state METHOD
06-15 14:31:19.476   351   351 D wpa_supplicant: SSL: Received packet(len=75) - Flags 0x00
06-15 14:31:19.476   351   351 D wpa_supplicant: EAP-PEAP: received 69 bytes encrypted data for Phase 2
06-15 14:31:19.476   351   351 D wpa_supplicant: EAP-PEAP: received Phase 2: code=1 identifier=11 length=32
06-15 14:31:19.476   351   351 D wpa_supplicant: EAP-PEAP: Phase 2 Request: type=26
06-15 14:31:19.476   351   351 D wpa_supplicant: EAP-PEAP: Selected Phase 2 EAP vendor 0 method 26
06-15 14:31:19.476   351   351 D wpa_supplicant: EAP-MSCHAPV2: RX identifier 11 mschapv2_id 11
06-15 14:31:19.476   351   351 D wpa_supplicant: EAP-MSCHAPV2: Received challenge
06-15 14:31:19.476   351   351 D wpa_supplicant: EAP-MSCHAPV2: Generating Challenge Response
06-15 14:31:19.483   351   351 D wpa_supplicant: EAP-MSCHAPV2: TX identifier 11 mschapv2_id 11 (response)
06-15 14:31:19.483   351   351 D wpa_supplicant: SSL: 138 bytes left to be sent out (of total 138 bytes)
06-15 14:31:19.483   351   351 D wpa_supplicant: EAP: method process -> ignore=FALSE methodState=MAY_CONT decision=FAIL
06-15 14:31:19.483   351   351 D wpa_supplicant: EAP: EAP entering state SEND_RESPONSE
06-15 14:31:19.483   351   351 D wpa_supplicant: EAP: EAP entering state IDLE
06-15 14:31:19.483   351   351 D wpa_supplicant: EAPOL: SUPP_BE entering state RESPONSE
06-15 14:31:19.483   351   351 D wpa_supplicant: EAPOL: txSuppRsp
06-15 14:31:19.483   351   351 D wpa_supplicant: TX EAPOL: dst=d0:c2:82:66:6b:f0
06-15 14:31:19.483   351   351 D wpa_supplicant: EAPOL: SUPP_BE entering state RECEIVE
06-15 14:31:19.612   351   351 D wpa_supplicant: EAPOL: Received EAP-Packet frame
06-15 14:31:19.612   351   351 D wpa_supplicant: EAPOL: SUPP_BE entering state REQUEST
06-15 14:31:19.612   351   351 D wpa_supplicant: EAPOL: getSuppRsp
06-15 14:31:19.612   351   351 D wpa_supplicant: EAP: EAP entering state RECEIVED
06-15 14:31:19.612   351   351 D wpa_supplicant: EAP: Received EAP-Request id=12 method=25 vendor=0 vendorMethod=0
06-15 14:31:19.612   351   351 D wpa_supplicant: EAP: EAP entering state METHOD
06-15 14:31:19.612   351   351 D wpa_supplicant: SSL: Received packet(len=91) - Flags 0x00
06-15 14:31:19.612   351   351 D wpa_supplicant: EAP-PEAP: received 85 bytes encrypted data for Phase 2
06-15 14:31:19.612   351   351 D wpa_supplicant: EAP-PEAP: received Phase 2: code=1 identifier=12 length=51
06-15 14:31:19.612   351   351 D wpa_supplicant: EAP-PEAP: Phase 2 Request: type=26
06-15 14:31:19.612   351   351 D wpa_supplicant: EAP-MSCHAPV2: RX identifier 12 mschapv2_id 11
06-15 14:31:19.612   351   351 D wpa_supplicant: EAP-MSCHAPV2: Received success
06-15 14:31:19.612   351   351 I wpa_supplicant: EAP-MSCHAPV2: Authentication succeeded
06-15 14:31:19.612   351   351 D wpa_supplicant: SSL: 74 bytes left to be sent out (of total 74 bytes)
06-15 14:31:19.612   351   351 D wpa_supplicant: EAP: method process -> ignore=FALSE methodState=MAY_CONT decision=FAIL
06-15 14:31:19.612   351   351 D wpa_supplicant: EAP: EAP entering state SEND_RESPONSE
06-15 14:31:19.612   351   351 D wpa_supplicant: EAP: EAP entering state IDLE
06-15 14:31:19.612   351   351 D wpa_supplicant: EAPOL: SUPP_BE entering state RESPONSE
06-15 14:31:19.612   351   351 D wpa_supplicant: EAPOL: txSuppRsp
06-15 14:31:19.612   351   351 D wpa_supplicant: TX EAPOL: dst=d0:c2:82:66:6b:f0
06-15 14:31:19.616   351   351 D wpa_supplicant: EAPOL: SUPP_BE entering state RECEIVE
06-15 14:31:19.620   351   351 D wpa_supplicant: EAPOL: Received EAP-Packet frame
06-15 14:31:19.620   351   351 D wpa_supplicant: EAPOL: SUPP_BE entering state REQUEST
06-15 14:31:19.620   351   351 D wpa_supplicant: EAPOL: getSuppRsp
06-15 14:31:19.620   351   351 D wpa_supplicant: EAP: EAP entering state RECEIVED
06-15 14:31:19.620   351   351 D wpa_supplicant: EAP: Received EAP-Request id=13 method=25 vendor=0 vendorMethod=0
06-15 14:31:19.620   351   351 D wpa_supplicant: EAP: EAP entering state METHOD
06-15 14:31:19.620   351   351 D wpa_supplicant: SSL: Received packet(len=43) - Flags 0x00
06-15 14:31:19.620   351   351 D wpa_supplicant: EAP-PEAP: received 37 bytes encrypted data for Phase 2
06-15 14:31:19.620   351   351 D wpa_supplicant: EAP-PEAP: received Phase 2: code=1 identifier=13 length=11
06-15 14:31:19.620   351   351 D wpa_supplicant: EAP-PEAP: Phase 2 Request: type=33
06-15 14:31:19.620   351   351 I wpa_supplicant: EAP-TLV: TLV Result - Success - EAP-TLV/Phase2 Completed
06-15 14:31:19.620   351   351 D wpa_supplicant: SSL: 74 bytes left to be sent out (of total 74 bytes)
06-15 14:31:19.620   351   351 D wpa_supplicant: EAP: method process -> ignore=FALSE methodState=DONE decision=UNCOND_SUCC
06-15 14:31:19.620   351   351 D wpa_supplicant: EAP: EAP entering state SEND_RESPONSE
06-15 14:31:19.620   351   351 D wpa_supplicant: EAP: EAP entering state IDLE
06-15 14:31:19.620   351   351 D wpa_supplicant: EAPOL: SUPP_BE entering state RESPONSE
06-15 14:31:19.620   351   351 D wpa_supplicant: EAPOL: txSuppRsp
06-15 14:31:19.620   351   351 D wpa_supplicant: TX EAPOL: dst=d0:c2:82:66:6b:f0
06-15 14:31:19.624   351   351 D wpa_supplicant: EAPOL: SUPP_BE entering state RECEIVE
06-15 14:31:19.628   351   351 D wpa_supplicant: EAPOL: Received EAP-Packet frame
06-15 14:31:19.628   351   351 D wpa_supplicant: EAPOL: SUPP_BE entering state REQUEST
06-15 14:31:19.628   351   351 D wpa_supplicant: EAPOL: getSuppRsp
06-15 14:31:19.628   351   351 D wpa_supplicant: EAP: EAP entering state RECEIVED
06-15 14:31:19.628   351   351 D wpa_supplicant: EAP: Received EAP-Success
06-15 14:31:19.628   351   351 D wpa_supplicant: EAP: EAP entering state SUCCESS
06-15 14:31:19.628   351   351 I wpa_supplicant: wlan0: CTRL-EVENT-EAP-SUCCESS EAP authentication completed successfully
06-15 14:31:19.628   351   351 D wpa_supplicant: EAPOL: SUPP_BE entering state RECEIVE
06-15 14:31:19.628   351   351 D wpa_supplicant: EAPOL: SUPP_BE entering state SUCCESS
06-15 14:31:19.628   351   351 D wpa_supplicant: EAPOL: SUPP_BE entering state IDLE
06-15 14:31:19.628   351   351 D wpa_supplicant: EAPOL: Ignoring WPA EAPOL-Key frame in EAPOL state machines
06-15 14:31:19.636   351   351 D wpa_supplicant: EAPOL: Successfully fetched key (len=32)
06-15 14:31:19.647   351   351 D wpa_supplicant: RSN: added PMKSA cache entry for d0:c2:82:66:6b:f0
06-15 14:31:19.663   351   351 D wpa_supplicant: WPA: PTK derivation - A1=b4:07:f9:3e:c0:74 A2=d0:c2:82:66:6b:f0
06-15 14:31:19.663   351   351 D wpa_supplicant: EAPOL: Ignoring WPA EAPOL-Key frame in EAPOL state machines
06-15 14:31:19.663   351   351 D wpa_supplicant: wpa_driver_wext_set_key: alg=3 key_idx=0 set_tx=1 seq_len=6 key_len=16
06-15 14:31:19.663   351   351 D wpa_supplicant: EAPOL: External notification - portValid=1
06-15 14:31:19.663   351   351 D wpa_supplicant: EAPOL: SUPP_PAE entering state AUTHENTICATED
06-15 14:31:19.663   351   351 D wpa_supplicant: EAPOL: Supplicant port status: Authorized
06-15 14:31:19.663   351   351 D wpa_supplicant: EAPOL authentication completed successfully
06-15 14:31:19.667   351   351 D wpa_supplicant: wpa_driver_wext_set_key: alg=2 key_idx=1 set_tx=0 seq_len=6 key_len=32
06-15 14:31:19.667   351   351 I wpa_supplicant: wlan0: WPA: Key negotiation completed with d0:c2:82:66:6b:f0 [PTK=CCMP GTK=TKIP]
06-15 14:31:19.667   351   351 I wpa_supplicant: wlan0: CTRL-EVENT-CONNECTED - Connection to d0:c2:82:66:6b:f0 completed (reauth) [id=3 id_str=]
06-15 14:31:19.667   351   351 D wpa_supplicant: wpa_driver_wext_set_operstate: operstate 0->1 (UP)
06-15 14:31:19.667   351   351 D wpa_supplicant: netlink: Operstate: linkmode=-1, operstate=6
06-15 14:31:19.671   351   351 D wpa_supplicant: EAPOL: External notification - portValid=1
06-15 14:31:19.671   351   351 D wpa_supplicant: RTM_NEWLINK: operstate=1 ifi_flags=0x11003 ([UP][LOWER_UP])
06-15 14:31:19.671   351   351 D wpa_supplicant: netlink: Operstate: linkmode=-1, operstate=6
06-15 14:31:19.671   351   351 D wpa_supplicant: RTM_NEWLINK, IFLA_IFNAME: Interface 'wlan0' added
06-15 14:31:19.671   351   351 D wpa_supplicant: Wireless event: cmd=0x8c09 len=32
06-15 14:31:19.671   351   351 D wpa_supplicant: PMKID candidate wireless event: flags=0x0 index=0 bssid=d0:c2:82:66:6b:f0
06-15 14:31:19.671   351   351 D wpa_supplicant: RSN: Ignored PMKID candidate without preauth flag
06-15 14:31:19.671   351   351 D wpa_supplicant: RTM_NEWLINK: operstate=1 ifi_flags=0x11043 ([UP][RUNNING][LOWER_UP])
06-15 14:31:19.671   351   351 D wpa_supplicant: RTM_NEWLINK, IFLA_IFNAME: Interface 'wlan0' added
06-15 14:31:19.683   351   351 D wpa_supplicant: wpa_driver_wext_driver_cmd BTCOEXMODE 1 len = 4096
06-15 14:31:19.835   351   351 D wpa_supplicant: wpa_driver_wext_driver_cmd OK len = 0, 2
06-15 14:31:19.835   351   351 D wpa_supplicant: wpa_driver_wext_driver_cmd GETPOWER len = 4096
06-15 14:31:19.835   351   351 D wpa_supplicant: wpa_driver_wext_driver_cmd powermode = 0 len = 13, 13
06-15 14:31:19.835   351   351 D wpa_supplicant: wpa_driver_wext_driver_cmd POWERMODE 1 len = 4096
06-15 14:31:19.835   351   351 D wpa_supplicant: wpa_driver_wext_driver_cmd OK len = 0, 2
06-15 14:31:20.237   351   351 D wpa_supplicant: wpa_driver_wext_driver_cmd POWERMODE 0 len = 4096
06-15 14:31:20.241   351   351 D wpa_supplicant: wpa_driver_wext_driver_cmd OK len = 0, 2
06-15 14:31:20.241   351   351 D wpa_supplicant: wpa_driver_wext_driver_cmd BTCOEXMODE 2 len = 4096
06-15 14:31:20.241   351   351 D wpa_supplicant: wpa_driver_wext_driver_cmd OK len = 0, 2
06-15 14:31:20.245   151   333 D ConnectivityService: ConnectivityChange for WIFI: CONNECTED/CONNECTED
06-15 14:31:20.261  1039  1039 I PhoneLab-WiFiReceiver: Wi-Fi is connected!
06-15 14:31:20.261  1039  1039 I PhoneLab-WiFiReceiver: SSID: UB_Secure BSSID: d0:c2:82:66:6b:f0 RSSI: -200 LinkSpeed: -1
06-15 14:31:20.280   151   328 W NetworkStats: dropping UID delta from unknown iface: iface=wlan0 uid=0 set=DEFAULT tag=0x0 rxBytes=0 rxPackets=0 txBytes=140 txPackets=2 operations=0
06-15 14:31:20.351   351   351 D wpa_supplicant: EAPOL: startWhen --> 0
06-15 14:31:21.292   151   333 D ConnectivityService: NetTransition Wakelock for WifiStateMachine released by timeout
06-15 14:31:23.187   151   336 D Tethering: MasterInitialState.processMessage what=3
06-15 14:31:23.222   685   685 I GTalkService/c: [AndroidEndpoint@1094305624] connect: acct=1000001, state=CONNECTING
06-15 14:31:23.226   685   685 I GTalkService/c: [GTalkConnection@1094959216] connect: acct=1, state=CONNECTING
06-15 14:31:23.277  1608  1608 I MediaUploader: No need to wake up
06-15 14:31:23.285  1039  1039 I PhoneLab-WiFiReceiver: Wi-Fi is disconnected!
06-15 14:31:23.371  1280  1313 D PicasaSyncManager: active network: NetworkInfo: type: WIFI[], state: CONNECTED/CONNECTED, reason: (unspecified), extra: (none), roaming: false, failover: false, isAvailable: true
06-15 14:31:23.371  1280  1313 D PicasaSyncManager: background data: true
06-15 14:31:23.371  1123  1123 D Bible - W/Misc: no connection 
06-15 14:31:23.664   685   687 D dalvikvm: GC_CONCURRENT freed 413K, 9% free 10188K/11079K, paused 7ms+3ms
06-15 14:31:24.300   151   168 I ActivityManager: Start proc com.google.android.talk for broadcast com.google.android.talk/.ConnectionStateOnlineReceiver: pid=1833 uid=10047 gids={3003, 1015, 1006, 3002}
06-15 14:31:24.375   151   333 D ConnectivityService: handleInetConditionHoldEnd: net=1, condition=100, published condition=0
06-15 14:31:24.394  1833  1833 I ActivityThread: Pub com.google.android.talk.SuggestionProvider: com.google.android.talk.SuggestionsProvider
06-15 14:31:24.492  1833  1833 D vclib:CallStateClient: startListening
06-15 14:31:24.519   151   336 D Tethering: MasterInitialState.processMessage what=3
06-15 14:31:24.601  1833  1836 D dalvikvm: GC_CONCURRENT freed 200K, 3% free 9336K/9607K, paused 26ms+5ms
06-15 14:31:24.672  1608  1608 I MediaUploader: No need to wake up
06-15 14:31:24.757  1280  1313 D PicasaSyncManager: active network: NetworkInfo: type: WIFI[], state: CONNECTED/CONNECTED, reason: (unspecified), extra: (none), roaming: false, failover: false, isAvailable: true
06-15 14:31:24.757  1280  1313 D PicasaSyncManager: background data: true
06-15 14:31:24.808   151   492 I ActivityManager: No longer want com.android.vending (pid 1423): hidden #16
06-15 14:31:24.824   589   591 D dalvikvm: GC_CONCURRENT freed 366K, 5% free 9493K/9991K, paused 2ms+2ms
06-15 14:31:25.031   151   333 D ConnectivityService: handleInetConditionHoldEnd: net=1, condition=100, published condition=100
06-15 14:31:27.605   473   473 D SAN_SERVICE: *******************************************
06-15 14:31:27.605   473   473 D SAN_SERVICE: DM App Phone Service State - 0
06-15 14:31:27.605   473   473 D SAN_SERVICE: *******************************************
06-15 14:31:29.632   351   351 D wpa_supplicant: Ignore event for foreign ifindex 2
06-15 14:31:29.668   151   333 D ConnectivityService: ConnectivityChange for mobile: CONNECTED/CONNECTED
06-15 14:31:29.718   151   333 D NetUtils: android_net_utils_resetConnections in env=0x19f0908 clazz=0x5a300001 iface=rmnet0 mask=0x3
06-15 14:31:29.718   151   333 D ConnectivityService: ConnectivityChange for mobile: DISCONNECTED/DISCONNECTED
06-15 14:31:29.718   151   333 D ConnectivityService: Attempting to switch to WIFI
06-15 14:31:29.718   151   333 D ConnectivityService: Attempting to switch to WIMAX
06-15 14:31:29.718   151   333 D ConnectivityService: Attempting to switch to BLUETOOTH_TETHER
06-15 14:31:29.718   151   333 D ConnectivityService: resetConnections(rmnet0, 3)
06-15 14:31:29.777   151   158 I dalvikvm: Jit: resizing JitTable from 8192 to 16384
06-15 14:31:29.800   473   475 D dalvikvm: GC_CONCURRENT freed 452K, 6% free 9513K/10055K, paused 6ms+7ms
06-15 14:31:29.910   151   153 D dalvikvm: GC_CONCURRENT freed 1498K, 14% free 14868K/17287K, paused 2ms+9ms
06-15 14:31:30.047   685   687 D dalvikvm: GC_CONCURRENT freed 387K, 8% free 10199K/11079K, paused 5ms+3ms
06-15 14:31:30.203   351   351 D wpa_supplicant: Ignore event for foreign ifindex 2
06-15 14:31:30.320   151   492 D AlarmManagerService: Kernel timezone updated to 240 minutes west of GMT
06-15 14:31:33.968   151   336 D Tethering: MasterInitialState.processMessage what=3
06-15 14:31:34.007   151   336 D Tethering: MasterInitialState.processMessage what=3
06-15 14:31:34.039   685   987 D dalvikvm: GC_EXPLICIT freed 278K, 8% free 10206K/11079K, paused 2ms+3ms
06-15 14:31:34.066  1608  1608 I MediaUploader: No need to wake up
06-15 14:31:34.140  1280  1313 D PicasaSyncManager: active network: NetworkInfo: type: WIFI[], state: CONNECTED/CONNECTED, reason: (unspecified), extra: (none), roaming: false, failover: false, isAvailable: true
06-15 14:31:34.152  1280  1313 D PicasaSyncManager: background data: true
06-15 14:31:34.175  1608  1608 I MediaUploader: No need to wake up
06-15 14:31:34.265  1280  1313 D PicasaSyncManager: active network: NetworkInfo: type: WIFI[], state: CONNECTED/CONNECTED, reason: (unspecified), extra: (none), roaming: false, failover: false, isAvailable: true
06-15 14:31:34.265  1280  1313 D PicasaSyncManager: background data: true
06-15 14:31:34.363   528   530 D dalvikvm: GC_CONCURRENT freed 1164K, 13% free 9341K/10631K, paused 7ms+3ms
06-15 14:31:34.519   151   333 D ConnectivityService: handleInetConditionHoldEnd: net=1, condition=100, published condition=100
06-15 14:31:41.015  1039  1250 I PhoneLab-: Service Running
06-15 14:32:00.105  1039  1250 I PhoneLab-LoggerService: Logcat pid from database 1437
06-15 14:32:00.105  1039  1250 I PhoneLab-LoggerService: Logcat process not found, starting process
06-15 14:32:00.105  1039  1250 I System.out: /mnt/sdcard/.log/
06-15 14:32:00.195  1039  1250 I PhoneLab-LoggerService: app_38    1872  1039  1376   988   00000000 4003ee20 R logcat
06-15 14:32:00.238  1039  1250 I PhoneLab-LoggerService: PID to db1872
06-15 14:37:32.273   685  1667 I EventLogService: Aggregate from 1339784979910 (log), 1339783652000 (data)
06-15 14:39:28.004   151   200 I power   : *** set_screen_state 1
06-15 14:39:28.062   351   351 D wpa_supplicant: wpa_driver_wext_driver_cmd RSSI len = 248
06-15 14:39:28.074   351   351 D wpa_supplicant: wpa_driver_wext_driver_cmd UB_Secure rssi -78  len = 19, 19
06-15 14:39:28.074   351   351 D wpa_supplicant: wpa_driver_wext_driver_cmd LINKSPEED len = 248
06-15 14:39:28.074   351   351 D wpa_supplicant: wpa_driver_wext_driver_cmd LinkSpeed 72 len = 12, 12
06-15 14:39:28.086   351   351 D wpa_supplicant: wpa_driver_wext_driver_cmd SETSUSPENDOPT 0 len = 4096
06-15 14:39:28.086   351   351 D wpa_supplicant: wpa_driver_wext_driver_cmd SETSUSPENDOPT 0 len = 0, 15
06-15 14:39:28.086   351   351 D wpa_supplicant: wpa_driver_wext_driver_cmd POWERMODE 0 len = 4096
06-15 14:39:28.090   151   200 I WindowManager: Lock screen displayed!
06-15 14:39:28.097   351   351 D wpa_supplicant: wpa_driver_wext_driver_cmd OK len = 0, 2
06-15 14:39:28.129   489  1875 D NfcService: NFC-EE ON
06-15 14:39:28.230    79   119 D SurfaceFlinger: Screen about to return, flinger = 0xb10918
06-15 14:39:29.250   151   196 I power   : *** set_screen_state 0
06-15 14:39:29.293    79   119 D SurfaceFlinger: About to give-up screen, flinger = 0xb10918
06-15 14:39:29.461   151   153 D dalvikvm: GC_CONCURRENT freed 1236K, 14% free 15037K/17287K, paused 3ms+5ms
06-15 14:39:29.550   151   649 D dalvikvm: GC_EXPLICIT freed 66K, 13% free 15076K/17287K, paused 3ms+5ms
06-15 14:39:29.625   489  1876 D NfcService: NFC-EE OFF
06-15 14:39:29.625   151   200 D dalvikvm: GC_FOR_ALLOC freed 1K, 13% free 15074K/17287K, paused 50ms
06-15 14:39:29.625   151   200 I dalvikvm-heap: Grow heap (frag case) to 14.895MB for 104992-byte allocation
06-15 14:39:29.695   151  1202 D dalvikvm: GC_FOR_ALLOC freed <1K, 13% free 15177K/17415K, paused 56ms
06-15 14:39:35.277   151   200 D dalvikvm: GC_FOR_ALLOC freed <1K, 13% free 15177K/17415K, paused 259ms
06-15 14:39:35.277   151   200 I dalvikvm-heap: Grow heap (frag case) to 14.996MB for 104992-byte allocation
06-15 14:39:35.367   151  1202 D dalvikvm: GC_FOR_ALLOC freed <1K, 13% free 15279K/17543K, paused 75ms
06-15 14:39:35.375  1039  1039 I PhoneLab-Locks: wake lock acquired
06-15 14:39:35.386  1039  1039 I PhoneLab-StatusMonitor: Status Monitoring is started
06-15 14:39:35.398   151   200 V TransportControlView: Create TCV com.android.internal.widget.TransportControlView@4151a1e8
06-15 14:39:35.503  1039  1042 D dalvikvm: GC_CONCURRENT freed 489K, 6% free 9238K/9799K, paused 4ms+4ms
06-15 14:39:35.543  1039  1039 I PhoneLab-StatusMonitor: Value: 10 - unit: min
06-15 14:39:35.543  1039  1039 I PhoneLab-StatusMonitor: Running interval: 600000
06-15 14:39:35.554  1039  1039 I PhoneLab-StatusMonitor: Rescheduling status monitoring...
06-15 14:39:35.554  1039  1039 I PhoneLab-Locks: wake lock released
06-15 14:39:35.558  1039  1039 I PhoneLab-StatusMonitorLocation: Learning Location
06-15 14:39:35.558  1039  1039 I PhoneLab-Locks: wake lock acquired
06-15 14:39:35.570  1039  1039 I PhoneLab-Locks: wake lock acquired
06-15 14:39:35.574  1039  1039 I PhoneLab-StatusMonitorLocation: Learning Signal Strgth
06-15 14:39:35.574  1039  1039 I PhoneLab-Locks: wake lock acquired
06-15 14:39:35.574   685   720 D androidNetworkLocationListeners: Still have listener com.google.android.location.internal.client.NetworkLocationClient$1@41383a28
06-15 14:39:35.582   351   351 D wpa_supplicant: wpa_driver_wext_driver_cmd SETSUSPENDOPT 0 len = 4096
06-15 14:39:35.582   351   351 D wpa_supplicant: wpa_driver_wext_driver_cmd SETSUSPENDOPT 0 len = 0, 15
06-15 14:39:35.582   351   351 D wpa_supplicant: wpa_driver_wext_driver_cmd POWERMODE 0 len = 4096
06-15 14:39:35.586   685   720 D androidNetworkLocationListeners: Still have listener com.google.android.location.internal.client.NetworkLocationClient$1@41383a28
06-15 14:39:35.589  1039  1039 I PhoneLab-StatusMonitorBattery: Battery_level: 79
06-15 14:39:35.589  1039  1039 I PhoneLab-Locks: wake lock released
06-15 14:39:35.593  1039  1039 I PhoneLab-StatusMonitorSignal: Signal_Strength: -96 asu: 9
06-15 14:39:35.593  1039  1039 I PhoneLab-Locks: wake lock released
06-15 14:39:35.601   351   351 D wpa_supplicant: wpa_driver_wext_driver_cmd OK len = 0, 2
06-15 14:39:35.601   351   351 D wpa_supplicant: WPS: Building WPS IE for Probe Request
06-15 14:39:35.601   351   351 D wpa_supplicant: WPS:  * Version (hardcoded 0x10)
06-15 14:39:35.601   351   351 D wpa_supplicant: WPS:  * Request Type
06-15 14:39:35.601   351   351 D wpa_supplicant: WPS:  * Config Methods (2388)
06-15 14:39:35.601   351   351 D wpa_supplicant: WPS:  * UUID-E
06-15 14:39:35.601   351   351 D wpa_supplicant: WPS:  * Primary Device Type
06-15 14:39:35.601   351   351 D wpa_supplicant: WPS:  * RF Bands (3)
06-15 14:39:35.601   351   351 D wpa_supplicant: WPS:  * Association State
06-15 14:39:35.601   351   351 D wpa_supplicant: WPS:  * Configuration Error (0)
06-15 14:39:35.601   351   351 D wpa_supplicant: WPS:  * Device Password ID (0)
06-15 14:39:35.601   351   351 D wpa_supplicant: WPS:  * Manufacturer
06-15 14:39:35.601   351   351 D wpa_supplicant: WPS:  * Model Name
06-15 14:39:35.601   351   351 D wpa_supplicant: WPS:  * Model Number
06-15 14:39:35.601   351   351 D wpa_supplicant: WPS:  * Device Name
06-15 14:39:35.601   351   351 D wpa_supplicant: WPS:  * Version2 (0x20)
06-15 14:39:35.601   351   351 D wpa_supplicant: wpa_driver_wext_combo_scan: Start
06-15 14:39:35.601   351   351 D wpa_supplicant: For Scan: (null)
06-15 14:39:35.605   351   351 D wpa_supplicant: Scan requested (ret=0) - scan timeout 30 seconds
06-15 14:39:35.605   351   351 D wpa_supplicant: Ongoing scan action - reject new request
06-15 14:39:36.777   351   351 D wpa_supplicant: RTM_NEWLINK: operstate=1 ifi_flags=0x11043 ([UP][RUNNING][LOWER_UP])
06-15 14:39:36.777   351   351 D wpa_supplicant: RTM_NEWLINK, IFLA_IFNAME: Interface 'wlan0' added
06-15 14:39:36.777   351   351 D wpa_supplicant: Wireless event: cmd=0x8b19 len=8
06-15 14:39:36.777   351   351 D wpa_supplicant: Received 1372 bytes of scan results (7 BSSes)
06-15 14:39:36.882   685   827 D CellLocator: Primary cell miss in cache. Need server request.
06-15 14:39:36.882   685   827 D NetworkLocator: New location significantly newer than previous. Reporting it.
06-15 14:39:36.914  1039  1039 I PhoneLab-StatusMonitorLocation: Location_Latitude: 43.0021686 Longitude: -78.7870147 Accuracy: 43.0
06-15 14:39:36.914  1039  1039 I PhoneLab-Locks: wake lock released
06-15 14:39:36.914   685   722 I System.out: [INFO:619930]: LogSource: Running flush
06-15 14:39:36.918   685   720 D androidNetworkLocationListeners: Still have listener com.google.android.location.internal.client.NetworkLocationClient$1@41383a28
06-15 14:39:36.918   351   351 D wpa_supplicant: WPS: Building WPS IE for Probe Request
06-15 14:39:36.918   351   351 D wpa_supplicant: WPS:  * Version (hardcoded 0x10)
06-15 14:39:36.918   351   351 D wpa_supplicant: WPS:  * Request Type
06-15 14:39:36.918   351   351 D wpa_supplicant: WPS:  * Config Methods (2388)
06-15 14:39:36.918   351   351 D wpa_supplicant: WPS:  * UUID-E
06-15 14:39:36.918   351   351 D wpa_supplicant: WPS:  * Primary Device Type
06-15 14:39:36.918   351   351 D wpa_supplicant: WPS:  * RF Bands (3)
06-15 14:39:36.918   351   351 D wpa_supplicant: WPS:  * Association State
06-15 14:39:36.918   351   351 D wpa_supplicant: WPS:  * Configuration Error (0)
06-15 14:39:36.918   351   351 D wpa_supplicant: WPS:  * Device Password ID (0)
06-15 14:39:36.918   351   351 D wpa_supplicant: WPS:  * Manufacturer
06-15 14:39:36.918   351   351 D wpa_supplicant: WPS:  * Model Name
06-15 14:39:36.918   351   351 D wpa_supplicant: WPS:  * Model Number
06-15 14:39:36.918   351   351 D wpa_supplicant: WPS:  * Device Name
06-15 14:39:36.918   351   351 D wpa_supplicant: WPS:  * Version2 (0x20)
06-15 14:39:36.918   351   351 D wpa_supplicant: wpa_driver_wext_combo_scan: Start
06-15 14:39:36.918   351   351 D wpa_supplicant: For Scan: (null)
06-15 14:39:36.918   351   351 D wpa_supplicant: Scan requested (ret=0) - scan timeout 30 seconds
06-15 14:39:36.929   685   723 I System.out: [INFO:619945]: LogSource: Sending payload [bytes=464]
06-15 14:39:36.941   685   687 D dalvikvm: GC_CONCURRENT freed 470K, 8% free 10207K/11079K, paused 2ms+4ms
06-15 14:39:37.390   685   723 I System.out: [INFO:620404]: LogSource: Response [http=200,length=294]
06-15 14:39:37.390   685   722 I System.out: [INFO:620404]: LogSource: Read id 5, status code 200
06-15 14:39:37.398   685   827 D WifiLocator: Too many no-location APs. Will not compute a location nor go to the server. hasLocation=0 noLocation=0 cacheMiss=0
06-15 14:39:38.093   351   351 D wpa_supplicant: RTM_NEWLINK: operstate=1 ifi_flags=0x11043 ([UP][RUNNING][LOWER_UP])
06-15 14:39:38.093   351   351 D wpa_supplicant: RTM_NEWLINK, IFLA_IFNAME: Interface 'wlan0' added
06-15 14:39:38.093   351   351 D wpa_supplicant: Wireless event: cmd=0x8b19 len=8
06-15 14:39:38.105   351   351 D wpa_supplicant: Received 2794 bytes of scan results (15 BSSes)
06-15 14:39:38.132   351   351 D wpa_supplicant: wpa_driver_wext_driver_cmd SETSUSPENDOPT 0 len = 4096
06-15 14:39:38.132   351   351 D wpa_supplicant: wpa_driver_wext_driver_cmd SETSUSPENDOPT 0 len = 0, 15
06-15 14:39:38.136   351   351 D wpa_supplicant: wpa_driver_wext_driver_cmd POWERMODE 0 len = 4096
06-15 14:39:38.136   351   351 D wpa_supplicant: wpa_driver_wext_driver_cmd OK len = 0, 2
06-15 14:40:56.253   351   351 D wpa_supplicant: wpa_driver_wext_driver_cmd BTCOEXMODE 1 len = 4096
06-15 14:40:56.484   351   351 D wpa_supplicant: wpa_driver_wext_driver_cmd OK len = 0, 2
06-15 14:40:56.484   351   351 D wpa_supplicant: wpa_driver_wext_driver_cmd GETPOWER len = 4096
06-15 14:40:56.492   351   351 D wpa_supplicant: wpa_driver_wext_driver_cmd powermode = 0 len = 13, 13
06-15 14:40:56.492   351   351 D wpa_supplicant: wpa_driver_wext_driver_cmd POWERMODE 1 len = 4096
06-15 14:40:56.503   351   351 D wpa_supplicant: wpa_driver_wext_driver_cmd OK len = 0, 2
06-15 14:40:56.714   351   351 D wpa_supplicant: wpa_driver_wext_driver_cmd POWERMODE 0 len = 4096
06-15 14:40:56.726   351   351 D wpa_supplicant: wpa_driver_wext_driver_cmd OK len = 0, 2
06-15 14:40:56.730   351   351 D wpa_supplicant: wpa_driver_wext_driver_cmd BTCOEXMODE 2 len = 4096
06-15 14:40:56.730   351   351 D wpa_supplicant: wpa_driver_wext_driver_cmd OK len = 0, 2
06-15 14:41:32.019   151   168 I ActivityManager: Start proc com.google.android.apps.genie.geniewidget for broadcast com.google.android.apps.genie.geniewidget/.miniwidget.UpdateReceiver: pid=1900 uid=10018 gids={3003, 1015}
06-15 14:41:32.027  1900  1900 I dalvikvm: Turning on JNI app bug workarounds for target SDK version 11...
06-15 14:41:32.078  1900  1900 I ActivityThread: Pub com.google.android.apps.genie.geniewidget.weather: com.google.android.apps.genie.geniewidget.providers.WeatherProvider
06-15 14:41:32.086  1900  1900 I ActivityThread: Pub com.google.android.apps.genie.geniewidget.newsimage: com.google.android.apps.genie.geniewidget.providers.NewsImageProvider
06-15 14:41:32.179  1900  1902 D dalvikvm: GC_CONCURRENT freed 346K, 5% free 9190K/9607K, paused 3ms+3ms
06-15 14:41:32.187  1900  1900 W Genie   : Cache file not found: java.io.FileNotFoundException: /data/data/com.google.android.apps.genie.geniewidget/cache/genie_iconcache: open failed: ENOENT (No such file or directory)
06-15 14:41:32.191  1900  1909 W CursorWrapperInner: Cursor finalized without prior close()
06-15 14:41:32.195  1900  1909 W CursorWrapperInner: Cursor finalized without prior close()
06-15 14:41:32.308  1900  1902 D dalvikvm: GC_CONCURRENT freed 365K, 5% free 9313K/9799K, paused 10ms+2ms
06-15 14:41:32.308  1900  1900 I Genie   : refresh service retry #0, ignoreMASFCache = false
06-15 14:41:32.316   351   351 D wpa_supplicant: EAPOL: authWhile --> 0
06-15 14:41:32.316   351   351 D wpa_supplicant: wpa_driver_wext_driver_cmd SETSUSPENDOPT 0 len = 4096
06-15 14:41:32.316   351   351 D wpa_supplicant: wpa_driver_wext_driver_cmd SETSUSPENDOPT 0 len = 0, 15
06-15 14:41:32.316   351   351 D wpa_supplicant: wpa_driver_wext_driver_cmd POWERMODE 0 len = 4096
06-15 14:41:32.324   351   351 D wpa_supplicant: wpa_driver_wext_driver_cmd OK len = 0, 2
06-15 14:41:33.011  1317  1319 D dalvikvm: GC_CONCURRENT freed 985K, 9% free 10927K/11975K, paused 18ms+6ms
06-15 14:42:02.347   351   351 D wpa_supplicant: EAPOL: idleWhile --> 0
06-15 14:42:02.347   351   351 D wpa_supplicant: EAPOL: disable timer tick
06-15 14:42:02.367   685   720 D androidNetworkLocationListeners: Still have listener com.google.android.location.internal.client.NetworkLocationClient$1@41383a28
06-15 14:42:02.367   685   720 D androidNetworkLocationListeners: Still have listener com.google.android.location.internal.client.NetworkLocationClient$1@41383a28
06-15 14:42:02.379   351   351 D wpa_supplicant: wpa_driver_wext_driver_cmd SETSUSPENDOPT 0 len = 4096
06-15 14:42:02.379   351   351 D wpa_supplicant: wpa_driver_wext_driver_cmd SETSUSPENDOPT 0 len = 0, 15
06-15 14:42:02.382   351   351 D wpa_supplicant: wpa_driver_wext_driver_cmd POWERMODE 0 len = 4096
06-15 14:42:02.394   351   351 D wpa_supplicant: wpa_driver_wext_driver_cmd OK len = 0, 2
06-15 14:42:02.394   351   351 D wpa_supplicant: WPS: Building WPS IE for Probe Request
06-15 14:42:02.394   351   351 D wpa_supplicant: WPS:  * Version (hardcoded 0x10)
06-15 14:42:02.394   351   351 D wpa_supplicant: WPS:  * Request Type
06-15 14:42:02.394   351   351 D wpa_supplicant: WPS:  * Config Methods (2388)
06-15 14:42:02.394   351   351 D wpa_supplicant: WPS:  * UUID-E
06-15 14:42:02.394   351   351 D wpa_supplicant: WPS:  * Primary Device Type
06-15 14:42:02.394   351   351 D wpa_supplicant: WPS:  * RF Bands (3)
06-15 14:42:02.394   351   351 D wpa_supplicant: WPS:  * Association State
06-15 14:42:02.394   351   351 D wpa_supplicant: WPS:  * Configuration Error (0)
06-15 14:42:02.394   351   351 D wpa_supplicant: WPS:  * Device Password ID (0)
06-15 14:42:02.394   351   351 D wpa_supplicant: WPS:  * Manufacturer
06-15 14:42:02.394   351   351 D wpa_supplicant: WPS:  * Model Name
06-15 14:42:02.394   351   351 D wpa_supplicant: WPS:  * Model Number
06-15 14:42:02.394   351   351 D wpa_supplicant: WPS:  * Device Name
06-15 14:42:02.394   351   351 D wpa_supplicant: WPS:  * Version2 (0x20)
06-15 14:42:02.394   351   351 D wpa_supplicant: wpa_driver_wext_combo_scan: Start
06-15 14:42:02.394   351   351 D wpa_supplicant: For Scan: (null)
06-15 14:42:02.402   351   351 D wpa_supplicant: Scan requested (ret=0) - scan timeout 30 seconds
06-15 14:42:02.402   351   351 D wpa_supplicant: Ongoing scan action - reject new request
06-15 14:42:03.562   351   351 D wpa_supplicant: RTM_NEWLINK: operstate=1 ifi_flags=0x11043 ([UP][RUNNING][LOWER_UP])
06-15 14:42:03.562   351   351 D wpa_supplicant: RTM_NEWLINK, IFLA_IFNAME: Interface 'wlan0' added
06-15 14:42:03.562   351   351 D wpa_supplicant: Wireless event: cmd=0x8b19 len=8
06-15 14:42:03.562   351   351 D wpa_supplicant: Received 901 bytes of scan results (4 BSSes)
06-15 14:42:03.613   685   692 I dalvikvm: Jit: resizing JitTable from 4096 to 8192
06-15 14:42:03.625   685   827 I WifiLocationEstimator: Not returning location for the following outliers: [239855706501001]
06-15 14:42:03.757   351   351 D wpa_supplicant: wpa_driver_wext_driver_cmd SETSUSPENDOPT 0 len = 4096
06-15 14:42:03.757   351   351 D wpa_supplicant: wpa_driver_wext_driver_cmd SETSUSPENDOPT 0 len = 0, 15
06-15 14:42:03.757   351   351 D wpa_supplicant: wpa_driver_wext_driver_cmd POWERMODE 0 len = 4096
06-15 14:42:03.757   351   351 D wpa_supplicant: wpa_driver_wext_driver_cmd OK len = 0, 2
06-15 14:42:03.793   685   720 D androidNetworkLocationListeners: Still have listener com.google.android.location.internal.client.NetworkLocationClient$1@41383a28
06-15 14:42:03.796   351   351 D wpa_supplicant: wpa_driver_wext_driver_cmd SETSUSPENDOPT 0 len = 4096
06-15 14:42:03.796   351   351 D wpa_supplicant: wpa_driver_wext_driver_cmd SETSUSPENDOPT 0 len = 0, 15
06-15 14:42:03.800   351   351 D wpa_supplicant: wpa_driver_wext_driver_cmd POWERMODE 0 len = 4096
06-15 14:42:03.808   351   351 D wpa_supplicant: wpa_driver_wext_driver_cmd OK len = 0, 2
06-15 14:42:03.808   351   351 D wpa_supplicant: WPS: Building WPS IE for Probe Request
06-15 14:42:03.808   351   351 D wpa_supplicant: WPS:  * Version (hardcoded 0x10)
06-15 14:42:03.808   351   351 D wpa_supplicant: WPS:  * Request Type
06-15 14:42:03.808   351   351 D wpa_supplicant: WPS:  * Config Methods (2388)
06-15 14:42:03.808   351   351 D wpa_supplicant: WPS:  * UUID-E
06-15 14:42:03.808   351   351 D wpa_supplicant: WPS:  * Primary Device Type
06-15 14:42:03.808   351   351 D wpa_supplicant: WPS:  * RF Bands (3)
06-15 14:42:03.808   351   351 D wpa_supplicant: WPS:  * Association State
06-15 14:42:03.808   351   351 D wpa_supplicant: WPS:  * Configuration Error (0)
06-15 14:42:03.808   351   351 D wpa_supplicant: WPS:  * Device Password ID (0)
06-15 14:42:03.808   351   351 D wpa_supplicant: WPS:  * Manufacturer
06-15 14:42:03.808   351   351 D wpa_supplicant: WPS:  * Model Name
06-15 14:42:03.808   351   351 D wpa_supplicant: WPS:  * Model Number
06-15 14:42:03.808   351   351 D wpa_supplicant: WPS:  * Device Name
06-15 14:42:03.808   351   351 D wpa_supplicant: WPS:  * Version2 (0x20)
06-15 14:42:03.808   351   351 D wpa_supplicant: wpa_driver_wext_combo_scan: Start
06-15 14:42:03.808   351   351 D wpa_supplicant: For Scan: (null)
06-15 14:42:03.812   351   351 D wpa_supplicant: Scan requested (ret=0) - scan timeout 30 seconds
06-15 14:42:03.851   685   687 D dalvikvm: GC_CONCURRENT freed 480K, 8% free 10202K/11079K, paused 2ms+7ms
06-15 14:42:04.289  1900  1902 D dalvikvm: GC_CONCURRENT freed 364K, 5% free 9384K/9863K, paused 2ms+2ms
06-15 14:42:04.742  1900  1902 D dalvikvm: GC_CONCURRENT freed 446K, 6% free 9455K/9991K, paused 2ms+2ms
06-15 14:42:04.855   351   351 D wpa_supplicant: wpa_driver_wext_driver_cmd SETSUSPENDOPT 0 len = 4096
06-15 14:42:04.855   351   351 D wpa_supplicant: wpa_driver_wext_driver_cmd SETSUSPENDOPT 0 len = 0, 15
06-15 14:42:04.855   351   351 D wpa_supplicant: wpa_driver_wext_driver_cmd POWERMODE 0 len = 4096
06-15 14:42:04.859   351   351 D wpa_supplicant: wpa_driver_wext_driver_cmd OK len = 0, 2
06-15 14:42:04.863   151  1202 I ActivityManager: No longer want com.google.android.syncadapters.calendar (pid 1675): hidden #16
06-15 14:42:04.957   151   151 D dalvikvm: GC_FOR_ALLOC freed 1122K, 15% free 14945K/17543K, paused 60ms
06-15 14:42:04.976   351   351 D wpa_supplicant: RTM_NEWLINK: operstate=1 ifi_flags=0x11043 ([UP][RUNNING][LOWER_UP])
06-15 14:42:04.976   351   351 D wpa_supplicant: RTM_NEWLINK, IFLA_IFNAME: Interface 'wlan0' added
06-15 14:42:04.976   351   351 D wpa_supplicant: Wireless event: cmd=0x8b19 len=8
06-15 14:42:04.976   351   351 D wpa_supplicant: Received 1372 bytes of scan results (7 BSSes)
06-15 14:42:05.062   351   351 D wpa_supplicant: wpa_driver_wext_driver_cmd SETSUSPENDOPT 0 len = 4096
06-15 14:42:05.062   351   351 D wpa_supplicant: wpa_driver_wext_driver_cmd SETSUSPENDOPT 0 len = 0, 15
06-15 14:42:05.062   351   351 D wpa_supplicant: wpa_driver_wext_driver_cmd POWERMODE 0 len = 4096
06-15 14:42:05.066   351   351 D wpa_supplicant: wpa_driver_wext_driver_cmd OK len = 0, 2
06-15 14:49:36.007  1039  1039 I PhoneLab-Locks: wake lock acquired
06-15 14:49:36.011  1039  1039 I PhoneLab-StatusMonitor: Status Monitoring is started
06-15 14:49:36.066  1039  1042 D dalvikvm: GC_CONCURRENT freed 551K, 7% free 9240K/9863K, paused 1ms+2ms
06-15 14:49:36.078  1039  1039 I PhoneLab-StatusMonitor: Value: 10 - unit: min
06-15 14:49:36.078  1039  1039 I PhoneLab-StatusMonitor: Running interval: 600000
06-15 14:49:36.089  1039  1039 I PhoneLab-StatusMonitor: Rescheduling status monitoring...
06-15 14:49:36.089  1039  1039 I PhoneLab-Locks: wake lock released
06-15 14:50:09.019  1039  1039 I PhoneLab-StatusMonitorLocation: Learning Location
06-15 14:50:09.019  1039  1039 I PhoneLab-Locks: wake lock acquired
06-15 14:50:09.043   351   351 D wpa_supplicant: RTM_NEWLINK: operstate=1 ifi_flags=0x11043 ([UP][RUNNING][LOWER_UP])
06-15 14:50:09.043   351   351 D wpa_supplicant: RTM_NEWLINK, IFLA_IFNAME: Interface 'wlan0' added
06-15 14:50:09.043   351   351 D wpa_supplicant: Wireless event: cmd=0x8b15 len=20
06-15 14:50:09.043   351   351 D wpa_supplicant: Wireless event: new AP: 00:00:00:00:00:00
06-15 14:50:09.043   351   351 D wpa_supplicant: Added BSSID d0:c2:82:66:6b:f0 into blacklist
06-15 14:50:09.043   351   351 I wpa_supplicant: wlan0: CTRL-EVENT-DISCONNECTED bssid=d0:c2:82:66:6b:f0 reason=0
06-15 14:50:09.043   351   351 D wpa_supplicant: wpa_driver_wext_set_key: alg=0 key_idx=0 set_tx=0 seq_len=0 key_len=0
06-15 14:50:09.043   351   351 D wpa_supplicant: wpa_driver_wext_set_key: alg=0 key_idx=1 set_tx=0 seq_len=0 key_len=0
06-15 14:50:09.046   351   351 D wpa_supplicant: wpa_driver_wext_set_key: alg=0 key_idx=2 set_tx=0 seq_len=0 key_len=0
06-15 14:50:09.046   351   351 D wpa_supplicant: wpa_driver_wext_set_key: alg=0 key_idx=3 set_tx=0 seq_len=0 key_len=0
06-15 14:50:09.046   351   351 D wpa_supplicant: wpa_driver_wext_set_key: alg=0 key_idx=0 set_tx=0 seq_len=0 key_len=0
06-15 14:50:09.046   351   351 D wpa_supplicant: wpa_driver_wext_set_operstate: operstate 1->0 (DORMANT)
06-15 14:50:09.046   351   351 D wpa_supplicant: netlink: Operstate: linkmode=-1, operstate=5
06-15 14:50:09.046   351   351 D wpa_supplicant: EAPOL: External notification - portEnabled=0
06-15 14:50:09.046   351   351 D wpa_supplicant: EAPOL: SUPP_PAE entering state DISCONNECTED
06-15 14:50:09.046   351   351 D wpa_supplicant: EAPOL: Supplicant port status: Unauthorized
06-15 14:50:09.046   351   351 D wpa_supplicant: EAPOL: SUPP_BE entering state INITIALIZE
06-15 14:50:09.046   351   351 D wpa_supplicant: EAP: EAP entering state DISABLED
06-15 14:50:09.046   351   351 D wpa_supplicant: EAPOL: Supplicant port status: Unauthorized
06-15 14:50:09.046   351   351 D wpa_supplicant: EAPOL: External notification - portValid=0
06-15 14:50:09.046   351   351 D wpa_supplicant: EAPOL: Supplicant port status: Unauthorized
06-15 14:50:09.046   351   351 D wpa_supplicant: RTM_NEWLINK: operstate=0 ifi_flags=0x11003 ([UP][LOWER_UP])
06-15 14:50:09.046   351   351 D wpa_supplicant: RTM_NEWLINK, IFLA_IFNAME: Interface 'wlan0' added
06-15 14:50:09.046   351   351 D wpa_supplicant: wpa_driver_wext_driver_cmd POWERMODE 0 len = 4096
06-15 14:50:09.050  1039  1039 I PhoneLab-Locks: wake lock acquired
06-15 14:50:09.054   351   351 D wpa_supplicant: wpa_driver_wext_driver_cmd OK len = 0, 2
06-15 14:50:09.054   351   351 D wpa_supplicant: wpa_driver_wext_driver_cmd BTCOEXMODE 2 len = 4096
06-15 14:50:09.054   351   351 D wpa_supplicant: wpa_driver_wext_driver_cmd OK len = 0, 2
06-15 14:50:09.058    76   116 D CommandListener: Clearing all IP addresses on wlan0
06-15 14:50:09.066   151   333 D ConnectivityService: ConnectivityChange for WIFI: DISCONNECTED/DISCONNECTED
06-15 14:50:09.066   151   333 D ConnectivityService: Attempting to switch to mobile
06-15 14:50:09.066   151   333 D ConnectivityService: Attempting to switch to WIMAX
06-15 14:50:09.066   151   333 D ConnectivityService: Attempting to switch to BLUETOOTH_TETHER
06-15 14:50:09.074  1039  1039 I PhoneLab-StatusMonitorLocation: Learning Signal Strgth
06-15 14:50:09.074  1039  1039 I PhoneLab-Locks: wake lock acquired
06-15 14:50:09.074   151   333 E ConnectivityService: Exception trying to remove a route: java.lang.IllegalStateException: Unable to communicate with native dameon to add routes - com.android.server.NativeDaemonConnectorException: Cmd {interface route remove wlan0 default 128.205.248.254 32 0.0.0.0} failed with code 400 : {Failed to remove route from default table (No such process)}
06-15 14:50:09.082   151   333 D NetUtils: android_net_utils_resetConnections in env=0x19f0908 clazz=0x70d00001 iface=wlan0 mask=0x3
06-15 14:50:09.082   151   333 E ConnectivityService: Exception trying to remove a route: java.lang.IllegalStateException: Unable to communicate with native dameon to add routes - com.android.server.NativeDaemonConnectorException: Cmd {interface route remove wlan0 default 0.0.0.0 0 128.205.248.254} failed with code 400 : {Failed to remove route from default table (No such process)}
06-15 14:50:09.082   151   333 D ConnectivityService: resetConnections(wlan0, 3)
06-15 14:50:09.129  1039  1039 I PhoneLab-StatusMonitorBattery: Battery_level: 78
06-15 14:50:09.129  1039  1039 I PhoneLab-Locks: wake lock released
06-15 14:50:09.132  1039  1039 I PhoneLab-StatusMonitorSignal: Signal_Strength: -96 asu: 9
06-15 14:50:09.132  1039  1039 I PhoneLab-Locks: wake lock released
06-15 14:50:09.140   351   351 D wpa_supplicant: WPS: Building WPS IE for Probe Request
06-15 14:50:09.140   351   351 D wpa_supplicant: WPS:  * Version (hardcoded 0x10)
06-15 14:50:09.140   351   351 D wpa_supplicant: WPS:  * Request Type
06-15 14:50:09.140   351   351 D wpa_supplicant: WPS:  * Config Methods (2388)
06-15 14:50:09.140   351   351 D wpa_supplicant: WPS:  * UUID-E
06-15 14:50:09.140   351   351 D wpa_supplicant: WPS:  * Primary Device Type
06-15 14:50:09.140   351   351 D wpa_supplicant: WPS:  * RF Bands (3)
06-15 14:50:09.140   351   351 D wpa_supplicant: WPS:  * Association State
06-15 14:50:09.140   351   351 D wpa_supplicant: WPS:  * Configuration Error (0)
06-15 14:50:09.140   351   351 D wpa_supplicant: WPS:  * Device Password ID (0)
06-15 14:50:09.140   351   351 D wpa_supplicant: WPS:  * Manufacturer
06-15 14:50:09.140   351   351 D wpa_supplicant: WPS:  * Model Name
