06-08 14:25:45.177  1441  1441 D OpenGLRenderer: Flushing caches (mode 0)
06-08 14:25:47.560   150   203 D dalvikvm: GC_EXPLICIT freed 350K, 20% free 13258K/16455K, paused 25ms+5ms
06-08 14:25:53.537   150   162 D AlarmManagerService: Kernel timezone updated to 240 minutes west of GMT
06-08 14:25:58.623   150   200 I power   : *** set_screen_state 0
06-08 14:25:58.658    79   118 D SurfaceFlinger: About to give-up screen, flinger = 0x1d77918
06-08 14:25:58.670  1441  1441 D WebViewTimersControl: onBrowserActivityPause
06-08 14:25:58.670  1441  1441 D WebViewTimersControl: Pausing webview timers, view=com.android.browser.BrowserWebView@415245a0
06-08 14:25:58.670  1441  1661 I SqliteDatabaseCpp: sqlite returned: error code = 1, msg = no such table: Permissions, db=/data/data/com.android.browser/databases/webview.db
06-08 14:25:58.744   494   592 D NfcService: NFC-C OFF, disconnect
06-08 14:26:03.750   150   204 V TransportControlView: Create TCV com.android.internal.widget.TransportControlView@415edcc0
06-08 14:26:03.785   150   209 I power   : *** set_screen_state 1
06-08 14:26:03.800   150   153 D dalvikvm: GC_CONCURRENT freed 255K, 15% free 14064K/16455K, paused 3ms+5ms
06-08 14:26:03.832   391   391 D PhoneStatusBar: disable: < expand icons alerts ticker system_info back home RECENT* clock >
06-08 14:26:03.847  1441  1441 D WebViewTimersControl: onBrowserActivityResume
06-08 14:26:03.847  1441  1441 D WebViewTimersControl: Resuming webview timers, view=com.android.browser.BrowserWebView@415245a0
06-08 14:26:03.847  1441  1441 W BaseUi  : mMainView is already attached to wrapper in attachTabToContentView!
06-08 14:26:03.847  1441  1441 W BaseUi  : mContainer is already attached to content in attachTabToContentView!
06-08 14:26:03.894   391   391 D PhoneStatusBar: disable: < expand icons alerts ticker system_info BACK* HOME* RECENT CLOCK* >
06-08 14:26:03.922   150   204 I WindowManager: Lock screen displayed!
06-08 14:26:03.925  1327  1327 D OpenGLRenderer: Flushing caches (mode 1)
06-08 14:26:04.000    79   118 D SurfaceFlinger: Screen about to return, flinger = 0x1d77918
06-08 14:26:04.367   150   161 I ActivityManager: Process com.android.voicedialer (pid 1007) has died.
06-08 14:26:04.398   150   157 I dalvikvm: Total arena pages for JIT: 11
06-08 14:26:05.855   150   200 I power   : *** set_screen_state 0
06-08 14:26:05.890    79   118 D SurfaceFlinger: About to give-up screen, flinger = 0x1d77918
06-08 14:26:05.910  1441  1441 D WebViewTimersControl: onBrowserActivityPause
06-08 14:26:05.910  1441  1441 D WebViewTimersControl: Pausing webview timers, view=com.android.browser.BrowserWebView@415245a0
06-08 14:26:05.914  1441  1661 I SqliteDatabaseCpp: sqlite returned: error code = 1, msg = no such table: Permissions, db=/data/data/com.android.browser/databases/webview.db
06-08 14:26:05.965   150   204 V TransportControlView: Create TCV com.android.internal.widget.TransportControlView@41550c50
06-08 14:26:05.996   150   204 I power   : *** set_screen_state 1
06-08 14:26:06.007  1441  1441 D WebViewTimersControl: onBrowserActivityResume
06-08 14:26:06.007  1441  1441 D WebViewTimersControl: Resuming webview timers, view=com.android.browser.BrowserWebView@415245a0
06-08 14:26:06.007  1441  1441 W BaseUi  : mMainView is already attached to wrapper in attachTabToContentView!
06-08 14:26:06.007  1441  1441 W BaseUi  : mContainer is already attached to content in attachTabToContentView!
06-08 14:26:06.039   150   204 I WindowManager: Lock screen displayed!
06-08 14:26:06.285    79   118 D SurfaceFlinger: Screen about to return, flinger = 0x1d77918
06-08 14:26:08.465   150   161 I ActivityManager: Process com.android.videoeditor (pid 2252) has died.
06-08 14:26:08.468   150  1492 I WindowManager: WIN DEATH: Window{4140a0e8 com.android.videoeditor/com.android.videoeditor.ProjectsActivity paused=false}
06-08 14:26:08.578   150   200 I power   : *** set_screen_state 0
06-08 14:26:08.625    79   118 D SurfaceFlinger: About to give-up screen, flinger = 0x1d77918
06-08 14:26:08.636  1441  1441 D WebViewTimersControl: onBrowserActivityPause
06-08 14:26:08.636  1441  1441 D WebViewTimersControl: Pausing webview timers, view=com.android.browser.BrowserWebView@415245a0
06-08 14:26:08.636  1441  1661 I SqliteDatabaseCpp: sqlite returned: error code = 1, msg = no such table: Permissions, db=/data/data/com.android.browser/databases/webview.db
06-08 14:26:08.679   150   204 V TransportControlView: Create TCV com.android.internal.widget.TransportControlView@418ed770
06-08 14:26:08.816   150   204 I power   : *** set_screen_state 1
06-08 14:26:08.898  1441  1441 D WebViewTimersControl: onBrowserActivityResume
06-08 14:26:08.898  1441  1441 D WebViewTimersControl: Resuming webview timers, view=com.android.browser.BrowserWebView@415245a0
06-08 14:26:08.898  1441  1441 W BaseUi  : mMainView is already attached to wrapper in attachTabToContentView!
06-08 14:26:08.898  1441  1441 W BaseUi  : mContainer is already attached to content in attachTabToContentView!
06-08 14:26:08.914   150   204 I WindowManager: Lock screen displayed!
06-08 14:26:09.047    79   118 D SurfaceFlinger: Screen about to return, flinger = 0x1d77918
06-08 14:26:10.347   150   200 I power   : *** set_screen_state 0
06-08 14:26:10.386    79   118 D SurfaceFlinger: About to give-up screen, flinger = 0x1d77918
06-08 14:26:10.414  1441  1441 D WebViewTimersControl: onBrowserActivityPause
06-08 14:26:10.414  1441  1441 D WebViewTimersControl: Pausing webview timers, view=com.android.browser.BrowserWebView@415245a0
06-08 14:26:10.418  1441  1661 I SqliteDatabaseCpp: sqlite returned: error code = 1, msg = no such table: Permissions, db=/data/data/com.android.browser/databases/webview.db
06-08 14:26:10.472   150   204 V TransportControlView: Create TCV com.android.internal.widget.TransportControlView@415f8a00
06-08 14:26:27.629  1615  1622 I dalvikvm: Jit: resizing JitTable from 4096 to 8192
06-08 14:26:42.246   150   204 I power   : *** set_screen_state 1
06-08 14:26:42.261  1441  1441 D WebViewTimersControl: onBrowserActivityResume
06-08 14:26:42.261  1441  1441 D WebViewTimersControl: Resuming webview timers, view=com.android.browser.BrowserWebView@415245a0
06-08 14:26:42.261  1441  1441 W BaseUi  : mMainView is already attached to wrapper in attachTabToContentView!
06-08 14:26:42.261  1441  1441 W BaseUi  : mContainer is already attached to content in attachTabToContentView!
06-08 14:26:42.300   150   204 I WindowManager: Lock screen displayed!
06-08 14:26:42.492    79   118 D SurfaceFlinger: Screen about to return, flinger = 0x1d77918
06-08 14:26:42.984   150   153 D dalvikvm: GC_CONCURRENT freed 1194K, 15% free 14016K/16455K, paused 21ms+7ms
06-08 14:26:44.757   150   200 I power   : *** set_screen_state 0
06-08 14:26:44.777   150   204 I power   : *** set_screen_state 1
06-08 14:26:44.793    79   118 D SurfaceFlinger: About to give-up screen, flinger = 0x1d77918
06-08 14:26:44.824  1441  1441 D WebViewTimersControl: onBrowserActivityPause
06-08 14:26:44.824  1441  1441 D WebViewTimersControl: Pausing webview timers, view=com.android.browser.BrowserWebView@415245a0
06-08 14:26:44.824  1441  1661 I SqliteDatabaseCpp: sqlite returned: error code = 1, msg = no such table: Permissions, db=/data/data/com.android.browser/databases/webview.db
06-08 14:26:44.890  1441  1441 D WebViewTimersControl: onBrowserActivityResume
06-08 14:26:44.890  1441  1441 D WebViewTimersControl: Resuming webview timers, view=com.android.browser.BrowserWebView@415245a0
06-08 14:26:44.890  1441  1441 W BaseUi  : mMainView is already attached to wrapper in attachTabToContentView!
06-08 14:26:44.890  1441  1441 W BaseUi  : mContainer is already attached to content in attachTabToContentView!
06-08 14:26:44.925   150   204 V TransportControlView: Create TCV com.android.internal.widget.TransportControlView@413a1c58
06-08 14:26:44.961   150   204 I WindowManager: Lock screen displayed!
06-08 14:26:45.195    79   118 D SurfaceFlinger: Screen about to return, flinger = 0x1d77918
06-08 14:26:46.484   150   200 I power   : *** set_screen_state 0
06-08 14:26:46.527    79   118 D SurfaceFlinger: About to give-up screen, flinger = 0x1d77918
06-08 14:26:46.554  1441  1441 D WebViewTimersControl: onBrowserActivityPause
06-08 14:26:46.554  1441  1441 D WebViewTimersControl: Pausing webview timers, view=com.android.browser.BrowserWebView@415245a0
06-08 14:26:46.558  1441  1661 I SqliteDatabaseCpp: sqlite returned: error code = 1, msg = no such table: Permissions, db=/data/data/com.android.browser/databases/webview.db
06-08 14:26:46.609   150   204 V TransportControlView: Create TCV com.android.internal.widget.TransportControlView@41585d80
06-08 14:26:46.703   150   153 D dalvikvm: GC_CONCURRENT freed 1075K, 15% free 14146K/16455K, paused 7ms+5ms
06-08 14:26:47.004   150   204 I power   : *** set_screen_state 1
06-08 14:26:47.019  1441  1441 D WebViewTimersControl: onBrowserActivityResume
06-08 14:26:47.019  1441  1441 D WebViewTimersControl: Resuming webview timers, view=com.android.browser.BrowserWebView@415245a0
06-08 14:26:47.019  1441  1441 W BaseUi  : mMainView is already attached to wrapper in attachTabToContentView!
06-08 14:26:47.019  1441  1441 W BaseUi  : mContainer is already attached to content in attachTabToContentView!
06-08 14:26:47.054   150   204 I WindowManager: Lock screen displayed!
06-08 14:26:47.136   150   468 D dalvikvm: GC_EXPLICIT freed 223K, 16% free 13949K/16455K, paused 2ms+10ms
06-08 14:26:47.234    79   118 D SurfaceFlinger: Screen about to return, flinger = 0x1d77918
06-08 14:26:48.277   150   200 I power   : *** set_screen_state 0
06-08 14:26:48.316    79   118 D SurfaceFlinger: About to give-up screen, flinger = 0x1d77918
06-08 14:26:48.359  1441  1441 D WebViewTimersControl: onBrowserActivityPause
06-08 14:26:48.359  1441  1441 D WebViewTimersControl: Pausing webview timers, view=com.android.browser.BrowserWebView@415245a0
06-08 14:26:48.363  1441  1661 I SqliteDatabaseCpp: sqlite returned: error code = 1, msg = no such table: Permissions, db=/data/data/com.android.browser/databases/webview.db
06-08 14:26:48.425   150   204 V TransportControlView: Create TCV com.android.internal.widget.TransportControlView@4187a040
06-08 14:26:48.437   150   204 I power   : *** set_screen_state 1
06-08 14:26:48.449  1441  1441 D WebViewTimersControl: onBrowserActivityResume
06-08 14:26:48.453  1441  1441 D WebViewTimersControl: Resuming webview timers, view=com.android.browser.BrowserWebView@415245a0
06-08 14:26:48.453  1441  1441 W BaseUi  : mMainView is already attached to wrapper in attachTabToContentView!
06-08 14:26:48.453  1441  1441 W BaseUi  : mContainer is already attached to content in attachTabToContentView!
06-08 14:26:48.496   150   204 I WindowManager: Lock screen displayed!
06-08 14:26:48.738    79   118 D SurfaceFlinger: Screen about to return, flinger = 0x1d77918
06-08 14:26:49.765   150   200 I power   : *** set_screen_state 0
06-08 14:26:49.800    79   118 D SurfaceFlinger: About to give-up screen, flinger = 0x1d77918
06-08 14:26:49.820  1441  1441 D WebViewTimersControl: onBrowserActivityPause
06-08 14:26:49.820  1441  1441 D WebViewTimersControl: Pausing webview timers, view=com.android.browser.BrowserWebView@415245a0
06-08 14:26:49.820  1441  1661 I SqliteDatabaseCpp: sqlite returned: error code = 1, msg = no such table: Permissions, db=/data/data/com.android.browser/databases/webview.db
06-08 14:26:49.879   150   204 V TransportControlView: Create TCV com.android.internal.widget.TransportControlView@415793a0
06-08 14:26:49.949   150   153 D dalvikvm: GC_CONCURRENT freed 1013K, 15% free 14146K/16455K, paused 4ms+6ms
06-08 14:27:14.007   150   204 I power   : *** set_screen_state 1
06-08 14:27:14.023  1441  1441 D WebViewTimersControl: onBrowserActivityResume
06-08 14:27:14.023  1441  1441 D WebViewTimersControl: Resuming webview timers, view=com.android.browser.BrowserWebView@415245a0
06-08 14:27:14.023  1441  1441 W BaseUi  : mMainView is already attached to wrapper in attachTabToContentView!
06-08 14:27:14.023  1441  1441 W BaseUi  : mContainer is already attached to content in attachTabToContentView!
06-08 14:27:14.031   150   204 I WindowManager: Lock screen displayed!
06-08 14:27:14.254    79   118 D SurfaceFlinger: Screen about to return, flinger = 0x1d77918
06-08 14:27:14.355   150   161 D AlarmManagerService: Kernel timezone updated to 240 minutes west of GMT
06-08 14:27:15.148   150   200 I power   : *** set_screen_state 0
06-08 14:27:15.187    79   118 D SurfaceFlinger: About to give-up screen, flinger = 0x1d77918
06-08 14:27:15.234  1441  1441 D WebViewTimersControl: onBrowserActivityPause
06-08 14:27:15.234  1441  1441 D WebViewTimersControl: Pausing webview timers, view=com.android.browser.BrowserWebView@415245a0
06-08 14:27:15.238  1441  1661 I SqliteDatabaseCpp: sqlite returned: error code = 1, msg = no such table: Permissions, db=/data/data/com.android.browser/databases/webview.db
06-08 14:27:15.293   150   204 V TransportControlView: Create TCV com.android.internal.widget.TransportControlView@41550c50
06-08 14:27:34.007   150   204 I power   : *** set_screen_state 1
06-08 14:27:34.023  1441  1441 D WebViewTimersControl: onBrowserActivityResume
06-08 14:27:34.023  1441  1441 D WebViewTimersControl: Resuming webview timers, view=com.android.browser.BrowserWebView@415245a0
06-08 14:27:34.023  1441  1441 W BaseUi  : mMainView is already attached to wrapper in attachTabToContentView!
06-08 14:27:34.023  1441  1441 W BaseUi  : mContainer is already attached to content in attachTabToContentView!
06-08 14:27:34.058   150   204 I WindowManager: Lock screen displayed!
06-08 14:27:34.254    79   118 D SurfaceFlinger: Screen about to return, flinger = 0x1d77918
06-08 14:27:35.578   150   200 I power   : *** set_screen_state 0
06-08 14:27:35.617    79   118 D SurfaceFlinger: About to give-up screen, flinger = 0x1d77918
06-08 14:27:35.640  1441  1441 D WebViewTimersControl: onBrowserActivityPause
06-08 14:27:35.640  1441  1441 D WebViewTimersControl: Pausing webview timers, view=com.android.browser.BrowserWebView@415245a0
06-08 14:27:35.640  1441  1661 I SqliteDatabaseCpp: sqlite returned: error code = 1, msg = no such table: Permissions, db=/data/data/com.android.browser/databases/webview.db
06-08 14:27:35.687   150   204 V TransportControlView: Create TCV com.android.internal.widget.TransportControlView@415c95a8
06-08 14:27:37.004   150   204 I power   : *** set_screen_state 1
06-08 14:27:37.019  1441  1441 D WebViewTimersControl: onBrowserActivityResume
06-08 14:27:37.019  1441  1441 D WebViewTimersControl: Resuming webview timers, view=com.android.browser.BrowserWebView@415245a0
06-08 14:27:37.019  1441  1441 W BaseUi  : mMainView is already attached to wrapper in attachTabToContentView!
06-08 14:27:37.019  1441  1441 W BaseUi  : mContainer is already attached to content in attachTabToContentView!
06-08 14:27:37.054   150   204 I WindowManager: Lock screen displayed!
06-08 14:27:37.250    79   118 D SurfaceFlinger: Screen about to return, flinger = 0x1d77918
06-08 14:27:38.027   150   153 D dalvikvm: GC_CONCURRENT freed 1304K, 15% free 13998K/16455K, paused 4ms+7ms
06-08 14:27:38.855   150   200 I power   : *** set_screen_state 0
06-08 14:27:38.890    79   118 D SurfaceFlinger: About to give-up screen, flinger = 0x1d77918
06-08 14:27:38.906  1441  1441 D WebViewTimersControl: onBrowserActivityPause
06-08 14:27:38.906  1441  1441 D WebViewTimersControl: Pausing webview timers, view=com.android.browser.BrowserWebView@415245a0
06-08 14:27:38.910  1441  1661 I SqliteDatabaseCpp: sqlite returned: error code = 1, msg = no such table: Permissions, db=/data/data/com.android.browser/databases/webview.db
06-08 14:27:38.976   150   204 V TransportControlView: Create TCV com.android.internal.widget.TransportControlView@41550c50
06-08 14:27:38.996   150   204 I power   : *** set_screen_state 1
06-08 14:27:39.004  1441  1441 D WebViewTimersControl: onBrowserActivityResume
06-08 14:27:39.004  1441  1441 D WebViewTimersControl: Resuming webview timers, view=com.android.browser.BrowserWebView@415245a0
06-08 14:27:39.004  1441  1441 W BaseUi  : mMainView is already attached to wrapper in attachTabToContentView!
06-08 14:27:39.004  1441  1441 W BaseUi  : mContainer is already attached to content in attachTabToContentView!
06-08 14:27:39.054   150   204 I WindowManager: Lock screen displayed!
06-08 14:27:39.289    79   118 D SurfaceFlinger: Screen about to return, flinger = 0x1d77918
06-08 14:27:40.480   150   200 I power   : *** set_screen_state 0
06-08 14:27:40.515    79   118 D SurfaceFlinger: About to give-up screen, flinger = 0x1d77918
06-08 14:27:40.550  1441  1441 D WebViewTimersControl: onBrowserActivityPause
06-08 14:27:40.550  1441  1441 D WebViewTimersControl: Pausing webview timers, view=com.android.browser.BrowserWebView@415245a0
06-08 14:27:40.550  1441  1661 I SqliteDatabaseCpp: sqlite returned: error code = 1, msg = no such table: Permissions, db=/data/data/com.android.browser/databases/webview.db
06-08 14:27:40.609   150   204 V TransportControlView: Create TCV com.android.internal.widget.TransportControlView@4160e4e8
06-08 14:27:40.687   150   153 D dalvikvm: GC_CONCURRENT freed 1025K, 15% free 14141K/16455K, paused 2ms+5ms
06-08 14:27:40.750   150   204 I power   : *** set_screen_state 1
06-08 14:27:40.765  1441  1441 D WebViewTimersControl: onBrowserActivityResume
06-08 14:27:40.765  1441  1441 D WebViewTimersControl: Resuming webview timers, view=com.android.browser.BrowserWebView@415245a0
06-08 14:27:40.765  1441  1441 W BaseUi  : mMainView is already attached to wrapper in attachTabToContentView!
06-08 14:27:40.765  1441  1441 W BaseUi  : mContainer is already attached to content in attachTabToContentView!
06-08 14:27:40.804   150   204 I WindowManager: Lock screen displayed!
06-08 14:27:40.957    79   118 D SurfaceFlinger: Screen about to return, flinger = 0x1d77918
06-08 14:27:42.648   391   391 D PhoneStatusBar: disable: < expand icons alerts ticker system_info BACK HOME recent* CLOCK >
06-08 14:27:42.664   150   162 W InputManagerService: Window already focused, ignoring focus gain of: com.android.internal.view.IInputMethodClient$Stub$Proxy@413d4270
06-08 14:27:42.668    82   122 D AudioHardware: AudioHardware pcm playback is exiting standby.
06-08 14:27:42.668    82   122 D AudioHardware: openPcmOut_l() mPcmOpenCnt: 0
06-08 14:27:42.672   391   391 D PhoneStatusBar: disable: < expand icons alerts ticker system_info back* home* recent clock* >
06-08 14:27:42.679   494  1733 D NfcService: NFC-C ON
06-08 14:27:45.836    82   122 D AudioHardware: AudioHardware pcm playback is going to standby.
06-08 14:27:45.836    82   122 D AudioHardware: closePcmOut_l() mPcmOpenCnt: 1
06-08 14:27:50.058   150   209 I InputReader: Reconfiguring input devices.  changes=0x00000004
06-08 14:27:50.058   150   209 I InputReader: Device reconfigured: id=7, name='mxt224_ts_input', surface size is now 480x800, mode is 1
06-08 14:27:50.109   150   166 I ActivityManager: Config changed: {1.0 310mcc120mnc en_US layoutdir=0 sw320dp w533dp h294dp nrml long land finger -keyb/v/h -nav/h s.22}
06-08 14:27:50.129  1441  1441 D OpenGLRenderer: Flushing caches (mode 0)
06-08 14:27:50.242  1441  1443 D dalvikvm: GC_CONCURRENT freed 779K, 10% free 11103K/12295K, paused 5ms+4ms
06-08 14:27:51.074  2222  2235 I PhoneLab-: Service Running
06-08 14:27:51.160  2222  2235 I PhoneLab-LoggerService: app_38    1355  1     1836   1460  c00f181c 400107b4 S logcat
06-08 14:27:51.160  2222  2235 I PhoneLab-LoggerService: Logcat pid from database 1355
06-08 14:27:51.160  2222  2235 I PhoneLab-LoggerService: Logcat process found 1355
06-08 14:27:51.160  2222  2235 I PhoneLab-LoggerService: Checking Threshold
06-08 14:27:51.164  2222  2235 I PhoneLab-LoggerService: Starting to rename files
06-08 14:27:51.164  2222  2235 I PhoneLab-LoggerService: Files found .. 2
06-08 14:27:52.558   150   203 D dalvikvm: GC_EXPLICIT freed 367K, 16% free 13968K/16455K, paused 27ms+6ms
06-08 14:28:30.105   150   200 I power   : *** set_screen_state 0
06-08 14:28:30.144    79   118 D SurfaceFlinger: About to give-up screen, flinger = 0x1d77918
06-08 14:28:30.168  1441  1441 D WebViewTimersControl: onBrowserActivityPause
06-08 14:28:30.168  1441  1441 D WebViewTimersControl: Pausing webview timers, view=com.android.browser.BrowserWebView@415245a0
06-08 14:28:30.168  1441  1661 I SqliteDatabaseCpp: sqlite returned: error code = 1, msg = no such table: Permissions, db=/data/data/com.android.browser/databases/webview.db
06-08 14:28:30.230   150   204 V TransportControlView: Create TCV com.android.internal.widget.TransportControlView@41550c50
06-08 14:28:30.250   391   391 D PhoneStatusBar: disable: < expand icons alerts ticker system_info back home RECENT* clock >
06-08 14:28:30.269   150   204 D android.widget.GridLayout: horizontal constraints: x1 - x0 > 214, x2 - x1 > 96, x3 - x2 > 300, x3 - x0 < 480 are inconsistent; permanently removing: x3 - x0 < 480. 
06-08 14:28:30.269   150   209 I InputReader: Reconfiguring input devices.  changes=0x00000004
06-08 14:28:30.269   150   209 I InputReader: Device reconfigured: id=7, name='mxt224_ts_input', surface size is now 480x800, mode is 1
06-08 14:28:30.269  1327  1327 D OpenGLRenderer: Flushing caches (mode 1)
06-08 14:28:30.273   494  1586 D NfcService: NFC-C OFF, disconnect
06-08 14:28:30.277    82   122 D AudioHardware: AudioHardware pcm playback is exiting standby.
06-08 14:28:30.277    82   122 D AudioHardware: openPcmOut_l() mPcmOpenCnt: 0
06-08 14:28:30.289   150   204 I ActivityManager: Config changed: {1.0 310mcc120mnc en_US layoutdir=0 sw320dp w320dp h508dp nrml long port finger -keyb/v/h -nav/h s.23}
06-08 14:28:30.304  1441  1441 D OpenGLRenderer: Flushing caches (mode 0)
06-08 14:28:30.386   150   204 V TransportControlView: Create TCV com.android.internal.widget.TransportControlView@4187a040
06-08 14:28:30.437   391   391 D PhoneStatusBar: disable: < expand icons alerts ticker system_info BACK* HOME* RECENT CLOCK* >
06-08 14:28:33.437    82   122 D AudioHardware: AudioHardware pcm playback is going to standby.
06-08 14:28:33.437    82   122 D AudioHardware: closePcmOut_l() mPcmOpenCnt: 1
06-08 14:28:53.007   150   204 I power   : *** set_screen_state 1
06-08 14:28:53.058   150   204 I WindowManager: Lock screen displayed!
06-08 14:28:53.156  1441  1441 D WebViewTimersControl: onBrowserActivityResume
06-08 14:28:53.156  1441  1441 D WebViewTimersControl: Resuming webview timers, view=com.android.browser.BrowserWebView@415245a0
06-08 14:28:53.156  1441  1441 W BaseUi  : mMainView is already attached to wrapper in attachTabToContentView!
06-08 14:28:53.156  1441  1441 W BaseUi  : mContainer is already attached to content in attachTabToContentView!
06-08 14:28:53.199   150   153 D dalvikvm: GC_CONCURRENT freed 1127K, 16% free 13972K/16455K, paused 3ms+6ms
06-08 14:28:53.230    79   118 D SurfaceFlinger: Screen about to return, flinger = 0x1d77918
06-08 14:28:56.449   150   200 I power   : *** set_screen_state 0
06-08 14:28:56.488    79   118 D SurfaceFlinger: About to give-up screen, flinger = 0x1d77918
06-08 14:28:56.507  1441  1441 D WebViewTimersControl: onBrowserActivityPause
06-08 14:28:56.507  1441  1441 D WebViewTimersControl: Pausing webview timers, view=com.android.browser.BrowserWebView@415245a0
06-08 14:28:56.507  1441  1661 I SqliteDatabaseCpp: sqlite returned: error code = 1, msg = no such table: Permissions, db=/data/data/com.android.browser/databases/webview.db
06-08 14:28:56.586   150   204 V TransportControlView: Create TCV com.android.internal.widget.TransportControlView@41422ed0
06-08 14:29:01.007   150   204 I power   : *** set_screen_state 1
06-08 14:29:01.023  1441  1441 D WebViewTimersControl: onBrowserActivityResume
06-08 14:29:01.023  1441  1441 D WebViewTimersControl: Resuming webview timers, view=com.android.browser.BrowserWebView@415245a0
06-08 14:29:01.023  1441  1441 W BaseUi  : mMainView is already attached to wrapper in attachTabToContentView!
06-08 14:29:01.023  1441  1441 W BaseUi  : mContainer is already attached to content in attachTabToContentView!
06-08 14:29:01.027   150   204 I WindowManager: Lock screen displayed!
06-08 14:29:01.234    79   118 D SurfaceFlinger: Screen about to return, flinger = 0x1d77918
06-08 14:29:02.035   150   200 I power   : *** set_screen_state 0
06-08 14:29:02.074    79   118 D SurfaceFlinger: About to give-up screen, flinger = 0x1d77918
06-08 14:29:02.113  1441  1441 D WebViewTimersControl: onBrowserActivityPause
06-08 14:29:02.113  1441  1441 D WebViewTimersControl: Pausing webview timers, view=com.android.browser.BrowserWebView@415245a0
06-08 14:29:02.113  1441  1661 I SqliteDatabaseCpp: sqlite returned: error code = 1, msg = no such table: Permissions, db=/data/data/com.android.browser/databases/webview.db
06-08 14:29:02.160   150   204 V TransportControlView: Create TCV com.android.internal.widget.TransportControlView@413b4438
06-08 14:29:02.222   150   153 D dalvikvm: GC_CONCURRENT freed 1067K, 15% free 14144K/16455K, paused 3ms+10ms
06-08 14:29:02.234   150   204 I power   : *** set_screen_state 1
06-08 14:29:02.238  1441  1441 D WebViewTimersControl: onBrowserActivityResume
06-08 14:29:02.238  1441  1441 D WebViewTimersControl: Resuming webview timers, view=com.android.browser.BrowserWebView@415245a0
06-08 14:29:02.238  1441  1441 W BaseUi  : mMainView is already attached to wrapper in attachTabToContentView!
06-08 14:29:02.238  1441  1441 W BaseUi  : mContainer is already attached to content in attachTabToContentView!
06-08 14:29:02.300   150   204 I WindowManager: Lock screen displayed!
06-08 14:29:02.480    79   118 D SurfaceFlinger: Screen about to return, flinger = 0x1d77918
06-08 14:29:03.582   150   200 I power   : *** set_screen_state 0
06-08 14:29:03.617    79   118 D SurfaceFlinger: About to give-up screen, flinger = 0x1d77918
06-08 14:29:03.625   150   204 I power   : *** set_screen_state 1
06-08 14:29:03.644  1441  1441 D WebViewTimersControl: onBrowserActivityPause
06-08 14:29:03.644  1441  1441 D WebViewTimersControl: Pausing webview timers, view=com.android.browser.BrowserWebView@415245a0
06-08 14:29:03.648  1441  1661 I SqliteDatabaseCpp: sqlite returned: error code = 1, msg = no such table: Permissions, db=/data/data/com.android.browser/databases/webview.db
06-08 14:29:03.714  1441  1441 D WebViewTimersControl: onBrowserActivityResume
06-08 14:29:03.714  1441  1441 D WebViewTimersControl: Resuming webview timers, view=com.android.browser.BrowserWebView@415245a0
06-08 14:29:03.714  1441  1441 W BaseUi  : mMainView is already attached to wrapper in attachTabToContentView!
06-08 14:29:03.714  1441  1441 W BaseUi  : mContainer is already attached to content in attachTabToContentView!
06-08 14:29:03.746   150   204 V TransportControlView: Create TCV com.android.internal.widget.TransportControlView@41550c50
06-08 14:29:03.785   150   204 I WindowManager: Lock screen displayed!
06-08 14:29:04.015    79   118 D SurfaceFlinger: Screen about to return, flinger = 0x1d77918
06-08 14:29:05.027   150   200 I power   : *** set_screen_state 0
06-08 14:29:05.062    79   118 D SurfaceFlinger: About to give-up screen, flinger = 0x1d77918
06-08 14:29:05.082   150   204 I power   : *** set_screen_state 1
06-08 14:29:05.093  1441  1441 D WebViewTimersControl: onBrowserActivityPause
06-08 14:29:05.093  1441  1441 D WebViewTimersControl: Pausing webview timers, view=com.android.browser.BrowserWebView@415245a0
06-08 14:29:05.097  1441  1661 I SqliteDatabaseCpp: sqlite returned: error code = 1, msg = no such table: Permissions, db=/data/data/com.android.browser/databases/webview.db
06-08 14:29:05.136  1441  1441 D WebViewTimersControl: onBrowserActivityResume
06-08 14:29:05.136  1441  1441 D WebViewTimersControl: Resuming webview timers, view=com.android.browser.BrowserWebView@415245a0
06-08 14:29:05.136  1441  1441 W BaseUi  : mMainView is already attached to wrapper in attachTabToContentView!
06-08 14:29:05.136  1441  1441 W BaseUi  : mContainer is already attached to content in attachTabToContentView!
06-08 14:29:05.168   150   204 V TransportControlView: Create TCV com.android.internal.widget.TransportControlView@41609180
06-08 14:29:05.207   150   204 I WindowManager: Lock screen displayed!
06-08 14:29:05.472    79   118 D SurfaceFlinger: Screen about to return, flinger = 0x1d77918
06-08 14:29:06.500   150   200 I power   : *** set_screen_state 0
06-08 14:29:06.539    79   118 D SurfaceFlinger: About to give-up screen, flinger = 0x1d77918
06-08 14:29:06.554  1441  1441 D WebViewTimersControl: onBrowserActivityPause
06-08 14:29:06.554  1441  1441 D WebViewTimersControl: Pausing webview timers, view=com.android.browser.BrowserWebView@415245a0
06-08 14:29:06.554  1441  1661 I SqliteDatabaseCpp: sqlite returned: error code = 1, msg = no such table: Permissions, db=/data/data/com.android.browser/databases/webview.db
06-08 14:29:06.632   150   153 D dalvikvm: GC_CONCURRENT freed 1302K, 15% free 14125K/16455K, paused 3ms+5ms
06-08 14:29:06.699   150   204 V TransportControlView: Create TCV com.android.internal.widget.TransportControlView@413a1c58
06-08 14:29:11.015   150   204 I power   : *** set_screen_state 1
06-08 14:29:11.054  1441  1441 D WebViewTimersControl: onBrowserActivityResume
06-08 14:29:11.054  1441  1441 D WebViewTimersControl: Resuming webview timers, view=com.android.browser.BrowserWebView@415245a0
06-08 14:29:11.054  1441  1441 W BaseUi  : mMainView is already attached to wrapper in attachTabToContentView!
06-08 14:29:11.054  1441  1441 W BaseUi  : mContainer is already attached to content in attachTabToContentView!
06-08 14:29:11.062   150   204 I WindowManager: Lock screen displayed!
06-08 14:29:11.082  2222  2235 I PhoneLab-: Service Running
06-08 14:29:11.101   150   150 I ActivityManager: Process com.android.defcontainer (pid 2195) has died.
06-08 14:29:11.144  2222  2235 I PhoneLab-LoggerService: app_38    1355  1     1836   1460  c00f181c 400107b4 S logcat
06-08 14:29:11.144  2222  2235 I PhoneLab-LoggerService: Logcat pid from database 1355
06-08 14:29:11.144  2222  2235 I PhoneLab-LoggerService: Logcat process found 1355
06-08 14:29:11.144  2222  2235 I PhoneLab-LoggerService: Checking Threshold
06-08 14:29:11.144  2222  2235 I PhoneLab-LoggerService: Starting to rename files
06-08 14:29:11.144  2222  2235 I PhoneLab-LoggerService: Files found .. 2
06-08 14:29:11.242    79   118 D SurfaceFlinger: Screen about to return, flinger = 0x1d77918
06-08 14:29:12.152   150   200 I power   : *** set_screen_state 0
06-08 14:29:12.187    79   118 D SurfaceFlinger: About to give-up screen, flinger = 0x1d77918
06-08 14:29:12.199  1441  1441 D WebViewTimersControl: onBrowserActivityPause
06-08 14:29:12.199  1441  1441 D WebViewTimersControl: Pausing webview timers, view=com.android.browser.BrowserWebView@415245a0
06-08 14:29:12.203  1441  1661 I SqliteDatabaseCpp: sqlite returned: error code = 1, msg = no such table: Permissions, db=/data/data/com.android.browser/databases/webview.db
06-08 14:29:12.238  1615  1615 D OpenGLRenderer: Flushing caches (mode 1)
06-08 14:29:12.254   150   204 V TransportControlView: Create TCV com.android.internal.widget.TransportControlView@413be7f8
06-08 14:29:12.269  1327  1327 D OpenGLRenderer: Flushing caches (mode 1)
06-08 14:29:12.269  1374  1374 D OpenGLRenderer: Flushing caches (mode 1)
06-08 14:29:16.007   150   204 I power   : *** set_screen_state 1
06-08 14:29:16.027  1441  1441 D WebViewTimersControl: onBrowserActivityResume
06-08 14:29:16.027  1441  1441 D WebViewTimersControl: Resuming webview timers, view=com.android.browser.BrowserWebView@415245a0
06-08 14:29:16.027  1441  1441 W BaseUi  : mMainView is already attached to wrapper in attachTabToContentView!
06-08 14:29:16.027  1441  1441 W BaseUi  : mContainer is already attached to content in attachTabToContentView!
06-08 14:29:16.054   150   204 I WindowManager: Lock screen displayed!
06-08 14:29:16.078  1374  1374 D OpenGLRenderer: Flushing caches (mode 1)
06-08 14:29:16.082  1327  1327 D OpenGLRenderer: Flushing caches (mode 1)
06-08 14:29:16.093  1615  1615 D OpenGLRenderer: Flushing caches (mode 1)
06-08 14:29:16.218    79   118 D SurfaceFlinger: Screen about to return, flinger = 0x1d77918
06-08 14:29:17.086   150   200 I power   : *** set_screen_state 0
06-08 14:29:17.125    79   118 D SurfaceFlinger: About to give-up screen, flinger = 0x1d77918
06-08 14:29:17.207   150   201 D dalvikvm: GC_FOR_ALLOC freed 1235K, 15% free 13989K/16455K, paused 48ms
06-08 14:29:17.215  1441  1441 D WebViewTimersControl: onBrowserActivityPause
06-08 14:29:17.215  1441  1441 D WebViewTimersControl: Pausing webview timers, view=com.android.browser.BrowserWebView@415245a0
06-08 14:29:17.215  1441  1661 I SqliteDatabaseCpp: sqlite returned: error code = 1, msg = no such table: Permissions, db=/data/data/com.android.browser/databases/webview.db
06-08 14:29:17.257  1615  1615 D OpenGLRenderer: Flushing caches (mode 1)
06-08 14:29:17.285   150   204 V TransportControlView: Create TCV com.android.internal.widget.TransportControlView@413ca3f0
06-08 14:29:17.300  1327  1327 D OpenGLRenderer: Flushing caches (mode 1)
06-08 14:29:17.304  1374  1374 D OpenGLRenderer: Flushing caches (mode 1)
06-08 14:29:44.105  1327  1327 D OpenGLRenderer: Flushing caches (mode 1)
06-08 14:29:44.105  1374  1374 D OpenGLRenderer: Flushing caches (mode 1)
06-08 14:29:44.109   694  1647 I EventLogService: Aggregate from 1339178601320 (log), 1339178383479 (data)
06-08 14:29:44.121  1615  1615 D OpenGLRenderer: Flushing caches (mode 1)
06-08 14:29:44.175  1374  1374 D OpenGLRenderer: Flushing caches (mode 1)
06-08 14:29:44.175  1327  1327 D OpenGLRenderer: Flushing caches (mode 1)
06-08 14:29:44.175  1615  1615 D OpenGLRenderer: Flushing caches (mode 1)
06-08 14:30:29.218  1374  1374 D OpenGLRenderer: Flushing caches (mode 1)
06-08 14:30:29.218  1327  1327 D OpenGLRenderer: Flushing caches (mode 1)
06-08 14:30:29.226   694  1576 D WifiLocator: Too many no-location APs. Will not compute a location nor go to the server. hasLocation=0 noLocation=0 cacheMiss=0
06-08 14:30:29.230  1615  1615 D OpenGLRenderer: Flushing caches (mode 1)
06-08 14:30:38.238   694  1726 D dalvikvm: GC_EXPLICIT freed 267K, 13% free 10467K/11911K, paused 20ms+3ms
06-08 14:30:38.257  1374  1374 D OpenGLRenderer: Flushing caches (mode 1)
06-08 14:30:38.257  1327  1327 D OpenGLRenderer: Flushing caches (mode 1)
06-08 14:30:38.257  1615  1615 D OpenGLRenderer: Flushing caches (mode 1)
06-08 14:30:38.273  1327  1327 D OpenGLRenderer: Flushing caches (mode 1)
06-08 14:30:38.273  1374  1374 D OpenGLRenderer: Flushing caches (mode 1)
06-08 14:30:38.273  1615  1615 D OpenGLRenderer: Flushing caches (mode 1)
06-08 14:30:38.304  1374  2461 I Gmail   : MainSyncRequestProto: lowestBkwdConvoId: 0, highestHandledServerOp: 2642806, normalSync: true
06-08 14:30:38.351  1374  1374 D OpenGLRenderer: Flushing caches (mode 1)
06-08 14:30:38.367  1615  1615 D OpenGLRenderer: Flushing caches (mode 1)
06-08 14:30:38.367  1327  1327 D OpenGLRenderer: Flushing caches (mode 1)
06-08 14:30:43.879  1374  2461 D dalvikvm: GC_EXPLICIT freed 535K, 15% free 11046K/12935K, paused 3ms+3ms
06-08 14:30:43.886  1374  2461 I Gmail   : MainSyncRequestProto: lowestBkwdConvoId: 0, highestHandledServerOp: 2642841, normalSync: true
06-08 14:30:43.922  1374  1374 D OpenGLRenderer: Flushing caches (mode 1)
06-08 14:30:43.922  1615  1615 D OpenGLRenderer: Flushing caches (mode 1)
06-08 14:30:43.922  1327  1327 D OpenGLRenderer: Flushing caches (mode 1)
06-08 14:30:44.906  1374  2461 D dalvikvm: GC_EXPLICIT freed 229K, 15% free 11053K/12935K, paused 5ms+4ms
06-08 14:30:44.910  1374  2461 I Gmail   : MainSyncRequestProto: lowestBkwdConvoId: 0, highestHandledServerOp: 2642841, normalSync: true
06-08 14:30:44.922  1374  2461 W Gmail   : Scheduling index for 300000 ms from now
06-08 14:30:44.941  1374  2461 I Gmail   : Sending notification intent: Intent { act=android.intent.action.PROVIDER_CHANGED dat=content://gmail-ls/unread/^i (has extras) }
06-08 14:30:45.043   150   153 D dalvikvm: GC_CONCURRENT freed 995K, 15% free 14112K/16455K, paused 2ms+4ms
06-08 14:31:50.136  2222  2222 I PhoneLab-Locks: wake lock acquired
06-08 14:31:50.148  2222  2463 I PhoneLab-PeriodicCheckService: User info is synched
06-08 14:31:50.152  2222  2463 I PhoneLab-PeriodicCheckService: Logger Service is running
06-08 14:31:50.156  2222  2222 I PhoneLab-Locks: wake lock acquired
06-08 14:31:50.156  2222  2463 I PhoneLab-PeriodicCheckService: Rescheduling periodic checking...
06-08 14:31:50.160  2222  2463 I PhoneLab-Locks: wake lock released
06-08 14:31:50.168  2222  2222 I PhoneLab-StatusMonitor: Status Monitoring is started
06-08 14:31:50.234  2222  2222 E PhoneLab-PhoneLabManifest: java.io.FileNotFoundException: /data/data/edu.buffalo.cse.phonelab.phonelabservices/files/manifest.xml: open failed: ENOENT (No such file or directory)
06-08 14:31:50.293  2222  2222 I PhoneLab-Locks: wake lock released
06-08 14:35:29.230  1327  1327 D OpenGLRenderer: Flushing caches (mode 1)
06-08 14:35:29.230  1374  1374 D OpenGLRenderer: Flushing caches (mode 1)
06-08 14:35:29.238  1615  1615 D OpenGLRenderer: Flushing caches (mode 1)
06-08 14:35:29.257   694  1576 D WifiLocator: Too many no-location APs. Will not compute a location nor go to the server. hasLocation=0 noLocation=0 cacheMiss=0
06-08 14:40:29.296   694  1576 D WifiLocator: Too many no-location APs. Will not compute a location nor go to the server. hasLocation=0 noLocation=0 cacheMiss=0
06-08 14:41:41.007  1327  1327 D OpenGLRenderer: Flushing caches (mode 1)
06-08 14:41:41.007  1374  1374 D OpenGLRenderer: Flushing caches (mode 1)
06-08 14:41:41.035  1615  1615 D OpenGLRenderer: Flushing caches (mode 1)
06-08 14:43:42.289  1327  1327 D OpenGLRenderer: Flushing caches (mode 1)
06-08 14:43:42.293  1615  1615 D OpenGLRenderer: Flushing caches (mode 1)
06-08 14:43:42.293  1374  1374 D OpenGLRenderer: Flushing caches (mode 1)
06-08 14:43:42.324  1327  1327 D OpenGLRenderer: Flushing caches (mode 1)
06-08 14:43:42.328  1615  1615 D OpenGLRenderer: Flushing caches (mode 1)
06-08 14:43:42.328  1374  1374 D OpenGLRenderer: Flushing caches (mode 1)
06-08 14:43:42.386  1374  2466 I Gmail   : MainSyncRequestProto: lowestBkwdConvoId: 0, highestHandledServerOp: 2642841, normalSync: true
06-08 14:43:42.504  1374  1374 D OpenGLRenderer: Flushing caches (mode 1)
06-08 14:43:42.515  1615  1615 D OpenGLRenderer: Flushing caches (mode 1)
06-08 14:43:42.617   150   166 D dalvikvm: GC_EXPLICIT freed 628K, 15% free 14121K/16455K, paused 6ms+6ms
06-08 14:43:42.621  1327  1327 D OpenGLRenderer: Flushing caches (mode 1)
06-08 14:43:44.504  1374  2466 E Gmail   : IOException: Read error: ssl=0xc636a8: I/O error during system call, Connection reset by peer
06-08 14:43:44.523   150   195 D SyncManager: failed sync operation steven.y.ko@gmail.com (com.google), gmail-ls, SERVER, earliestRunTime 2728064, SyncResult: stats [ numIoExceptions: 1]
06-08 14:44:42.476  1374  2467 I Gmail   : MainSyncRequestProto: lowestBkwdConvoId: 0, highestHandledServerOp: 2642841, normalSync: true
06-08 14:44:42.496  1374  1374 D OpenGLRenderer: Flushing caches (mode 1)
06-08 14:44:42.500  1615  1615 D OpenGLRenderer: Flushing caches (mode 1)
06-08 14:44:42.503  1327  1327 D OpenGLRenderer: Flushing caches (mode 1)
06-08 14:44:43.847  1374  1376 D dalvikvm: GC_CONCURRENT freed 554K, 15% free 11061K/12935K, paused 22ms+4ms
06-08 14:44:45.328  1374  2467 D dalvikvm: GC_EXPLICIT freed 523K, 15% free 11084K/12935K, paused 2ms+3ms
06-08 14:44:45.332  1374  2467 I Gmail   : MainSyncRequestProto: lowestBkwdConvoId: 0, highestHandledServerOp: 2642892, normalSync: true
06-08 14:44:45.371  1374  2467 D dalvikvm: GC_EXPLICIT freed 66K, 15% free 11034K/12935K, paused 3ms+3ms
06-08 14:44:45.378  1374  2467 W Gmail   : Scheduling index for 300000 ms from now
06-08 14:44:45.398  1374  2467 I Gmail   : Sending notification intent: Intent { act=android.intent.action.PROVIDER_CHANGED dat=content://gmail-ls/unread/^i (has extras) }
06-08 14:44:45.421  1374  2467 I Gmail   : Sending notification intent: Intent { act=android.intent.action.PROVIDER_CHANGED dat=content://gmail-ls/unread/^iim (has extras) }
06-08 14:45:29.339   694  1576 D WifiLocator: Too many no-location APs. Will not compute a location nor go to the server. hasLocation=0 noLocation=0 cacheMiss=0
06-08 14:45:29.363  1327  1327 D OpenGLRenderer: Flushing caches (mode 1)
06-08 14:45:29.367  1615  1615 D OpenGLRenderer: Flushing caches (mode 1)
06-08 14:45:29.367  1374  1374 D OpenGLRenderer: Flushing caches (mode 1)
06-08 14:46:25.101  1327  1327 D OpenGLRenderer: Flushing caches (mode 1)
06-08 14:46:25.101  1374  1374 D OpenGLRenderer: Flushing caches (mode 1)
06-08 14:46:25.101  1615  1615 D OpenGLRenderer: Flushing caches (mode 1)
06-08 14:46:25.125  1615  1615 D OpenGLRenderer: Flushing caches (mode 1)
06-08 14:46:25.129  1327  1327 D OpenGLRenderer: Flushing caches (mode 1)
06-08 14:46:25.129  1374  1374 D OpenGLRenderer: Flushing caches (mode 1)
06-08 14:46:25.148  1374  2473 I Gmail   : MainSyncRequestProto: lowestBkwdConvoId: 0, highestHandledServerOp: 2642892, normalSync: true
06-08 14:46:25.179  1374  1374 D OpenGLRenderer: Flushing caches (mode 1)
06-08 14:46:25.195  1615  1615 D OpenGLRenderer: Flushing caches (mode 1)
06-08 14:46:25.195  1327  1327 D OpenGLRenderer: Flushing caches (mode 1)
06-08 14:46:25.754  1374  2473 D dalvikvm: GC_EXPLICIT freed 222K, 15% free 11072K/12935K, paused 2ms+5ms
06-08 14:46:25.757  1374  2473 I Gmail   : MainSyncRequestProto: lowestBkwdConvoId: 0, highestHandledServerOp: 2642898, normalSync: true
06-08 14:46:25.793  1374  1374 D OpenGLRenderer: Flushing caches (mode 1)
06-08 14:46:25.793  1615  1615 D OpenGLRenderer: Flushing caches (mode 1)
06-08 14:46:25.796  1327  1327 D OpenGLRenderer: Flushing caches (mode 1)
06-08 14:46:26.605  1374  1376 D dalvikvm: GC_CONCURRENT freed 604K, 15% free 11114K/12935K, paused 2ms+3ms
06-08 14:46:26.871  1374  2473 D dalvikvm: GC_EXPLICIT freed 510K, 14% free 11147K/12935K, paused 10ms+10ms
06-08 14:46:26.875  1374  2473 I Gmail   : MainSyncRequestProto: lowestBkwdConvoId: 0, highestHandledServerOp: 2642898, normalSync: true
06-08 14:46:26.886  1374  2473 W Gmail   : Scheduling index for 300000 ms from now
06-08 14:48:07.097  1327  1327 D OpenGLRenderer: Flushing caches (mode 1)
06-08 14:48:07.097  1374  1374 D OpenGLRenderer: Flushing caches (mode 1)
06-08 14:48:07.097  1615  1615 D OpenGLRenderer: Flushing caches (mode 1)
06-08 14:48:07.117  1327  1327 D OpenGLRenderer: Flushing caches (mode 1)
06-08 14:48:07.117  1615  1615 D OpenGLRenderer: Flushing caches (mode 1)
06-08 14:48:07.117  1374  1374 D OpenGLRenderer: Flushing caches (mode 1)
06-08 14:48:07.140  1374  2475 I Gmail   : MainSyncRequestProto: lowestBkwdConvoId: 0, highestHandledServerOp: 2642898, normalSync: true
06-08 14:48:07.171  1374  1374 D OpenGLRenderer: Flushing caches (mode 1)
06-08 14:48:07.183  1615  1615 D OpenGLRenderer: Flushing caches (mode 1)
06-08 14:48:07.187  1327  1327 D OpenGLRenderer: Flushing caches (mode 1)
06-08 14:48:07.972  1374  2475 D dalvikvm: GC_EXPLICIT freed 380K, 15% free 11105K/12935K, paused 2ms+4ms
06-08 14:48:07.976  1374  2475 I Gmail   : MainSyncRequestProto: lowestBkwdConvoId: 0, highestHandledServerOp: 2642904, normalSync: true
06-08 14:48:07.984  1374  2475 W Gmail   : Scheduling index for 300000 ms from now
06-08 14:48:18.050  1615  1615 D OpenGLRenderer: Flushing caches (mode 1)
06-08 14:48:18.050  1327  1327 D OpenGLRenderer: Flushing caches (mode 1)
06-08 14:48:18.054  1374  1374 D OpenGLRenderer: Flushing caches (mode 1)
06-08 14:48:18.086  1615  1615 D OpenGLRenderer: Flushing caches (mode 1)
06-08 14:48:18.086  1374  1374 D OpenGLRenderer: Flushing caches (mode 1)
06-08 14:48:18.086  1327  1327 D OpenGLRenderer: Flushing caches (mode 1)
06-08 14:48:18.113  1374  2477 I Gmail   : MainSyncRequestProto: lowestBkwdConvoId: 0, highestHandledServerOp: 2642904, normalSync: true
06-08 14:48:18.164  1615  1615 D OpenGLRenderer: Flushing caches (mode 1)
06-08 14:48:18.164  1374  1374 D OpenGLRenderer: Flushing caches (mode 1)
06-08 14:48:18.164  1327  1327 D OpenGLRenderer: Flushing caches (mode 1)
06-08 14:48:18.191  1374  1374 D OpenGLRenderer: Flushing caches (mode 1)
06-08 14:48:18.191  1615  1615 D OpenGLRenderer: Flushing caches (mode 1)
06-08 14:48:18.199  1327  1327 D OpenGLRenderer: Flushing caches (mode 1)
06-08 14:48:18.207  1615  1615 D OpenGLRenderer: Flushing caches (mode 1)
06-08 14:48:18.207  1374  1374 D OpenGLRenderer: Flushing caches (mode 1)
06-08 14:48:18.214  1327  1327 D OpenGLRenderer: Flushing caches (mode 1)
06-08 14:48:18.808  1374  2477 D dalvikvm: GC_EXPLICIT freed 440K, 15% free 11092K/12935K, paused 2ms+4ms
06-08 14:48:18.812  1374  2477 I Gmail   : MainSyncRequestProto: lowestBkwdConvoId: 0, highestHandledServerOp: 2642957, normalSync: true
06-08 14:48:18.843  1374  1374 D OpenGLRenderer: Flushing caches (mode 1)
06-08 14:48:18.847  1615  1615 D OpenGLRenderer: Flushing caches (mode 1)
06-08 14:48:18.847  1327  1327 D OpenGLRenderer: Flushing caches (mode 1)
06-08 14:48:19.554  1374  2477 D dalvikvm: GC_EXPLICIT freed 232K, 15% free 11092K/12935K, paused 5ms+3ms
06-08 14:48:19.558  1374  2477 I Gmail   : MainSyncRequestProto: lowestBkwdConvoId: 0, highestHandledServerOp: 2642957, normalSync: true
06-08 14:48:19.566  1374  2477 W Gmail   : Scheduling index for 300000 ms from now
06-08 14:48:19.589  1374  2477 I Gmail   : Sending notification intent: Intent { act=android.intent.action.PROVIDER_CHANGED dat=content://gmail-ls/unread/^i (has extras) }
06-08 14:48:19.613  1374  2477 I Gmail   : Sending notification intent: Intent { act=android.intent.action.PROVIDER_CHANGED dat=content://gmail-ls/unread/^iim (has extras) }
06-08 14:48:20.144  1374  2481 I Gmail   : MainSyncRequestProto: lowestBkwdConvoId: 0, highestHandledServerOp: 2642957, normalSync: true
06-08 14:48:20.472  1374  1374 D OpenGLRenderer: Flushing caches (mode 1)
06-08 14:48:20.476  1615  1615 D OpenGLRenderer: Flushing caches (mode 1)
06-08 14:48:20.480  1327  1327 D OpenGLRenderer: Flushing caches (mode 1)
06-08 14:48:20.988  1374  2481 D dalvikvm: GC_EXPLICIT freed 226K, 15% free 11092K/12935K, paused 2ms+4ms
06-08 14:48:20.992  1374  2481 I Gmail   : MainSyncRequestProto: lowestBkwdConvoId: 0, highestHandledServerOp: 2642957, normalSync: true
06-08 14:48:21.000  1374  2481 W Gmail   : Scheduling index for 300000 ms from now
06-08 14:50:29.371   694  1576 D WifiLocator: Too many no-location APs. Will not compute a location nor go to the server. hasLocation=0 noLocation=0 cacheMiss=0
06-08 14:50:29.378  1327  1327 D OpenGLRenderer: Flushing caches (mode 1)
06-08 14:50:29.378  1374  1374 D OpenGLRenderer: Flushing caches (mode 1)
06-08 14:50:29.378  1615  1615 D OpenGLRenderer: Flushing caches (mode 1)
06-08 14:51:57.011   150   204 I power   : *** set_screen_state 1
06-08 14:51:57.035  1441  1441 D WebViewTimersControl: onBrowserActivityResume
06-08 14:51:57.035  1441  1441 D WebViewTimersControl: Resuming webview timers, view=com.android.browser.BrowserWebView@415245a0
06-08 14:51:57.035  1441  1441 W BaseUi  : mMainView is already attached to wrapper in attachTabToContentView!
06-08 14:51:57.035  1441  1441 W BaseUi  : mContainer is already attached to content in attachTabToContentView!
06-08 14:51:57.113   150   204 I WindowManager: Lock screen displayed!
06-08 14:51:57.148   391   393 D dalvikvm: GC_CONCURRENT freed 388K, 8% free 9701K/10503K, paused 2ms+3ms
06-08 14:51:57.152  1327  1327 D OpenGLRenderer: Flushing caches (mode 1)
06-08 14:51:57.152  1374  1374 D OpenGLRenderer: Flushing caches (mode 1)
06-08 14:51:57.175  1615  1615 D OpenGLRenderer: Flushing caches (mode 1)
06-08 14:51:57.289    79   118 D SurfaceFlinger: Screen about to return, flinger = 0x1d77918
06-08 14:51:58.090   391   391 D PhoneStatusBar: disable: < expand icons alerts ticker system_info BACK HOME recent* CLOCK >
06-08 14:51:58.093   494  1738 D NfcService: NFC-C ON
06-08 14:51:58.105   150   559 W InputManagerService: Window already focused, ignoring focus gain of: com.android.internal.view.IInputMethodClient$Stub$Proxy@4172fdb0
06-08 14:51:58.109    82   122 D AudioHardware: AudioHardware pcm playback is exiting standby.
06-08 14:51:58.109    82   122 D AudioHardware: openPcmOut_l() mPcmOpenCnt: 0
06-08 14:51:58.117   391   391 D PhoneStatusBar: disable: < expand icons alerts ticker system_info back* home* recent clock* >
06-08 14:51:58.215   150   162 D AlarmManagerService: Kernel timezone updated to 240 minutes west of GMT
06-08 14:51:58.159  1327  1327 D OpenGLRenderer: Flushing caches (mode 1)
06-08 14:51:58.167  1374  1374 D OpenGLRenderer: Flushing caches (mode 1)
06-08 14:51:58.218   474   474 D SystemClock: Setting time of day to sec=1339181518
06-08 14:51:58.261   150   162 D dalvikvm: GC_EXPLICIT freed 1168K, 15% free 14094K/16455K, paused 3ms+7ms
06-08 14:51:58.272  2354  2367 V AlarmClock: AlarmInitReceiver finished
06-08 14:51:58.296  1615  1615 D OpenGLRenderer: Flushing caches (mode 2)
06-08 14:51:58.308  1615  1615 D OpenGLRenderer: Flushing caches (mode 0)
06-08 14:51:58.327  1374  1374 D OpenGLRenderer: Flushing caches (mode 1)
06-08 14:51:58.327  1327  1327 D OpenGLRenderer: Flushing caches (mode 1)
06-08 14:51:59.472   150   208 I ActivityManager: START {act=android.intent.action.MAIN cat=[android.intent.category.HOME] flg=0x10200000 cmp=com.android.launcher/com.android.launcher2.Launcher} from pid 150
06-08 14:51:59.515  1441  1441 D WebViewTimersControl: onBrowserActivityPause
06-08 14:51:59.515  1441  1441 D WebViewTimersControl: Pausing webview timers, view=com.android.browser.BrowserWebView@415245a0
