06-10 12:08:22.476 30013 30028 I PhoneLab-LoggerService: Logcat process found 1355
06-10 12:08:22.476 30013 30028 I PhoneLab-LoggerService: Checking Threshold
06-10 12:08:22.476 30013 30028 I PhoneLab-LoggerService: Starting to rename files
06-10 12:08:22.476 30013 30028 I PhoneLab-LoggerService: Files found .. 10
06-10 12:08:22.480 30013 30028 I PhoneLab-: Service Running
06-10 12:08:22.515 30013 30028 I PhoneLab-LoggerService: app_38    1355  1     1836   1384  c00f181c 400107b4 S logcat
06-10 12:08:22.515 30013 30028 I PhoneLab-LoggerService: Logcat pid from database 1355
06-10 12:08:22.515 30013 30028 I PhoneLab-LoggerService: Logcat process found 1355
06-10 12:08:22.515 30013 30028 I PhoneLab-LoggerService: Checking Threshold
06-10 12:08:22.515 30013 30028 I PhoneLab-LoggerService: Starting to rename files
06-10 12:08:22.519 30013 30028 I PhoneLab-LoggerService: Files found .. 10
06-10 12:08:22.519 30013 30028 I PhoneLab-: Service Running
06-10 12:08:22.554 30013 30028 I PhoneLab-LoggerService: app_38    1355  1     1836   1384  c00f181c 400107b4 S logcat
06-10 12:08:22.554 30013 30028 I PhoneLab-LoggerService: Logcat pid from database 1355
06-10 12:08:22.554 30013 30028 I PhoneLab-LoggerService: Logcat process found 1355
06-10 12:08:22.554 30013 30028 I PhoneLab-LoggerService: Checking Threshold
06-10 12:08:22.554 30013 30028 I PhoneLab-LoggerService: Starting to rename files
06-10 12:08:22.554 30013 30028 I PhoneLab-LoggerService: Files found .. 10
06-10 12:08:22.558 30013 30028 I PhoneLab-: Service Running
06-10 12:08:22.589 30013 30028 I PhoneLab-LoggerService: app_38    1355  1     1836   1384  c00f181c 400107b4 S logcat
06-10 12:08:22.589 30013 30028 I PhoneLab-LoggerService: Logcat pid from database 1355
06-10 12:08:22.589 30013 30028 I PhoneLab-LoggerService: Logcat process found 1355
06-10 12:08:22.589 30013 30028 I PhoneLab-LoggerService: Checking Threshold
06-10 12:08:22.589 30013 30028 I PhoneLab-LoggerService: Starting to rename files
06-10 12:08:22.589 30013 30028 I PhoneLab-LoggerService: Files found .. 10
06-10 12:08:22.597 30013 30028 I PhoneLab-: Service Running
06-10 12:08:22.625 30013 30028 I PhoneLab-LoggerService: app_38    1355  1     1836   1384  c00f181c 400107b4 S logcat
06-10 12:08:22.629 30013 30028 I PhoneLab-LoggerService: Logcat pid from database 1355
06-10 12:08:22.629 30013 30028 I PhoneLab-LoggerService: Logcat process found 1355
06-10 12:08:22.629 30013 30028 I PhoneLab-LoggerService: Checking Threshold
06-10 12:08:22.629 30013 30028 I PhoneLab-LoggerService: Starting to rename files
06-10 12:08:22.629 30013 30028 I PhoneLab-LoggerService: Files found .. 10
06-10 12:08:22.632 30013 30028 I PhoneLab-: Service Running
06-10 12:08:22.668 30013 30028 I PhoneLab-LoggerService: app_38    1355  1     1836   1384  c00f181c 400107b4 S logcat
06-10 12:08:22.668 30013 30028 I PhoneLab-LoggerService: Logcat pid from database 1355
06-10 12:08:22.668 30013 30028 I PhoneLab-LoggerService: Logcat process found 1355
06-10 12:08:22.668 30013 30028 I PhoneLab-LoggerService: Checking Threshold
06-10 12:08:22.668 30013 30028 I PhoneLab-LoggerService: Starting to rename files
06-10 12:08:22.668 30013 30028 I PhoneLab-LoggerService: Files found .. 10
06-10 12:08:22.671 30013 30028 I PhoneLab-: Service Running
06-10 12:08:22.711 30013 30028 I PhoneLab-LoggerService: app_38    1355  1     1836   1384  c00f181c 400107b4 S logcat
06-10 12:08:22.711 30013 30028 I PhoneLab-LoggerService: Logcat pid from database 1355
06-10 12:08:22.711 30013 30028 I PhoneLab-LoggerService: Logcat process found 1355
06-10 12:08:22.711 30013 30028 I PhoneLab-LoggerService: Checking Threshold
06-10 12:08:22.714 30013 30028 I PhoneLab-LoggerService: Starting to rename files
06-10 12:08:22.714 30013 30028 I PhoneLab-LoggerService: Files found .. 10
06-10 12:08:22.726 30013 30028 I PhoneLab-: Service Running
06-10 12:08:22.820   150   153 D dalvikvm: GC_CONCURRENT freed 1912K, 27% free 18230K/24647K, paused 3ms+9ms
06-10 12:08:22.867 30013 30016 D dalvikvm: GC_CONCURRENT freed 446K, 6% free 9130K/9671K, paused 2ms+5ms
06-10 12:08:22.898 30013 30028 I PhoneLab-LoggerService: app_38    1355  1     1836   1384  c00f181c 400107b4 S logcat
06-10 12:08:22.898 30013 30028 I PhoneLab-LoggerService: Logcat pid from database 1355
06-10 12:08:22.898 30013 30028 I PhoneLab-LoggerService: Logcat process found 1355
06-10 12:08:22.898 30013 30028 I PhoneLab-LoggerService: Checking Threshold
06-10 12:08:22.898 30013 30028 I PhoneLab-LoggerService: Starting to rename files
06-10 12:08:22.902 30013 30028 I PhoneLab-LoggerService: Files found .. 10
06-10 12:08:22.902 30013 30028 I PhoneLab-: Service Running
06-10 12:08:22.937 30013 30028 I PhoneLab-LoggerService: app_38    1355  1     1836   1384  c00f181c 400107b4 S logcat
06-10 12:08:22.937 30013 30028 I PhoneLab-LoggerService: Logcat pid from database 1355
06-10 12:08:22.937 30013 30028 I PhoneLab-LoggerService: Logcat process found 1355
06-10 12:08:22.937 30013 30028 I PhoneLab-LoggerService: Checking Threshold
06-10 12:08:22.937 30013 30028 I PhoneLab-LoggerService: Starting to rename files
06-10 12:08:22.937 30013 30028 I PhoneLab-LoggerService: Files found .. 10
06-10 12:08:22.941 30013 30028 I PhoneLab-: Service Running
06-10 12:08:22.984 30013 30028 I PhoneLab-LoggerService: app_38    1355  1     1836   1384  c00f181c 400107b4 S logcat
06-10 12:08:22.988 30013 30028 I PhoneLab-LoggerService: Logcat pid from database 1355
06-10 12:08:22.988 30013 30028 I PhoneLab-LoggerService: Logcat process found 1355
06-10 12:08:22.988 30013 30028 I PhoneLab-LoggerService: Checking Threshold
06-10 12:08:22.988 30013 30028 I PhoneLab-LoggerService: Starting to rename files
06-10 12:08:22.988 30013 30028 I PhoneLab-LoggerService: Files found .. 10
06-10 12:08:23.418 24054 24055 D dalvikvm: GC_CONCURRENT freed 2279K, 26% free 13025K/17479K, paused 5ms+12ms
06-10 12:08:27.125 30013 30028 I PhoneLab-: Service Running
06-10 12:08:27.191 30013 30028 I PhoneLab-LoggerService: app_38    1355  1     1836   1384  c00f181c 400107b4 S logcat
06-10 12:08:27.195 30013 30028 I PhoneLab-LoggerService: Logcat pid from database 1355
06-10 12:08:27.195 30013 30028 I PhoneLab-LoggerService: Logcat process found 1355
06-10 12:08:27.195 30013 30028 I PhoneLab-LoggerService: Checking Threshold
06-10 12:08:27.195 30013 30028 I PhoneLab-LoggerService: Starting to rename files
06-10 12:08:27.195 30013 30028 I PhoneLab-LoggerService: Files found .. 10
06-10 12:08:28.988   150 20560 I ActivityManager: START {act=android.intent.action.MAIN cat=[android.intent.category.LAUNCHER] flg=0x10200000 cmp=com.android.settings/.Settings bnds=[240,556][360,706]} from pid 24054
06-10 12:08:29.000    82   122 D AudioHardware: AudioHardware pcm playback is exiting standby.
06-10 12:08:29.000    82   122 D AudioHardware: openPcmOut_l() mPcmOpenCnt: 0
06-10 12:08:29.211   150 13253 I ActivityManager: Start proc com.android.settings for activity com.android.settings/.Settings: pid=32395 uid=1000 gids={1015, 3002, 3001, 3003, 3007}
06-10 12:08:29.316 24054 24054 D OpenGLRenderer: Flushing caches (mode 1)
06-10 12:08:29.461 24054 24054 D OpenGLRenderer: Flushing caches (mode 0)
06-10 12:08:29.511   150   161 I ActivityManager: Process com.android.providers.calendar (pid 32087) has died.
06-10 12:08:29.609 32395 32395 D LocalBluetoothProfileManager: LocalBluetoothProfileManager construction complete
06-10 12:08:29.671 32395 32397 D dalvikvm: GC_CONCURRENT freed 148K, 3% free 9373K/9607K, paused 3ms+3ms
06-10 12:08:29.718 32395 32395 D libEGL  : loaded /system/lib/egl/libGLES_android.so
06-10 12:08:29.722 32395 32395 D libEGL  : loaded /vendor/lib/egl/libEGL_POWERVR_SGX540_120.so
06-10 12:08:29.726 32395 32395 D libEGL  : loaded /vendor/lib/egl/libGLESv1_CM_POWERVR_SGX540_120.so
06-10 12:08:29.730 32395 32395 D libEGL  : loaded /vendor/lib/egl/libGLESv2_POWERVR_SGX540_120.so
06-10 12:08:29.761   150   166 I Process : Sending signal. PID: 32395 SIG: 3
06-10 12:08:29.761 32395 32400 I dalvikvm: threadid=3: reacting to signal 3
06-10 12:08:29.765 32395 32400 I dalvikvm: Wrote stack traces to '/data/anr/traces.txt'
06-10 12:08:29.808 32395 32395 D OpenGLRenderer: Enabling debug mode 0
06-10 12:08:30.086   150   203 I ActivityManager: Displayed com.android.settings/.Settings: +918ms
06-10 12:08:32.101    82   122 D AudioHardware: AudioHardware pcm playback is going to standby.
06-10 12:08:32.101    82   122 D AudioHardware: closePcmOut_l() mPcmOpenCnt: 1
06-10 12:08:34.894   150   200 I power   : *** set_screen_state 0
06-10 12:08:34.933    79   118 D SurfaceFlinger: About to give-up screen, flinger = 0x1d77918
06-10 12:08:35.019   150   204 V TransportControlView: Create TCV com.android.internal.widget.TransportControlView@41aff300
06-10 12:08:35.031   494   592 D NfcService: NFC-C OFF, disconnect
06-10 12:08:35.046   391   391 D PhoneStatusBar: disable: < expand icons alerts ticker system_info back home RECENT* clock >
06-10 12:08:35.070   391   391 D PhoneStatusBar: disable: < expand icons alerts ticker system_info BACK* HOME* RECENT CLOCK* >
06-10 12:08:35.078    82   122 D AudioHardware: AudioHardware pcm playback is exiting standby.
06-10 12:08:35.078    82   122 D AudioHardware: openPcmOut_l() mPcmOpenCnt: 0
06-10 12:08:35.101   150   559 I ActivityManager: Process com.android.deskclock (pid 32078) has died.
06-10 12:08:35.125   494   592 D NfcService: NFC-EE OFF
06-10 12:08:38.242    82   122 D AudioHardware: AudioHardware pcm playback is going to standby.
06-10 12:08:38.242    82   122 D AudioHardware: closePcmOut_l() mPcmOpenCnt: 1
06-10 12:13:55.109 32261 32411 W Gmail   : No MailEngine for account: steven.y.ko@gmail.com
06-10 12:13:56.007   150   166 V BackupManagerService: Running a backup pass
06-10 12:13:56.019   150   327 V BackupManagerService: clearing pending backups
06-10 12:13:56.019   150   327 V PerformBackupTask: Beginning backup of 1 targets
06-10 12:13:56.164   150   153 D dalvikvm: GC_CONCURRENT freed 1869K, 26% free 18303K/24647K, paused 3ms+7ms
06-10 12:13:56.238   150   327 D PerformBackupTask: processOneBackup doBackup() on @pm@
06-10 12:13:56.242   150   327 V BackupServiceBinder: doBackup() invoked
06-10 12:13:56.250   150   327 I PerformBackupTask: no backup data written; not calling transport
06-10 12:13:56.250   150   327 D PerformBackupTask: starting agent for backup of BackupRequest{pkg=com.sirma.mobile.bible.android}
06-10 12:13:56.254 32165 32165 V ActivityThread: handleCreateBackupAgent: CreateBackupAgentData{appInfo=ApplicationInfo{41681db8 com.sirma.mobile.bible.android} backupAgent=com.youversion.GoogleBackupAgent mode=0}
06-10 12:13:56.254 32165 32165 V ActivityThread: Initializing agent class com.youversion.GoogleBackupAgent
06-10 12:13:56.254   150   327 D BackupManagerService: awaiting agent for ApplicationInfo{41e3ac38 com.sirma.mobile.bible.android}
06-10 12:13:56.273   150   150 D BackupManagerService: agentConnected pkg=com.sirma.mobile.bible.android agent=android.os.BinderProxy@418102f8
06-10 12:13:56.273   150   327 D PerformBackupTask: processOneBackup doBackup() on com.sirma.mobile.bible.android
06-10 12:13:56.277 32165 32176 V BackupServiceBinder: doBackup() invoked
06-10 12:13:56.281 32165 32176 D BackupHelperDispatcher: handling existing helper 'prefs' android.app.backup.SharedPreferencesBackupHelper@417db748
06-10 12:13:56.285   150   327 V LocalTransport: performBackup() pkg=com.sirma.mobile.bible.android
06-10 12:13:56.285 32165 32165 V ActivityThread: handleDestroyBackupAgent: CreateBackupAgentData{appInfo=ApplicationInfo{417dc148 com.sirma.mobile.bible.android} backupAgent=com.youversion.GoogleBackupAgent mode=0}
06-10 12:13:56.289   150   327 V LocalTransport: Got change set key=prefs:com.sirma.mobile.bible.android_preferences size=1931 key64=cHJlZnM6Y29tLnNpcm1hLm1vYmlsZS5iaWJsZS5hbmRyb2lkX3ByZWZlcmVuY2Vz
06-10 12:13:56.293   150   327 V LocalTransport:   data size 1931
06-10 12:13:56.293   150   327 V LocalTransport: finishBackup()
06-10 12:13:56.297   150   327 I PerformBackupTask: Backup pass finished.
06-10 12:25:59.000 30013 30013 I PhoneLab-Locks: wake lock acquired
06-10 12:25:59.035 30013 32412 I PhoneLab-PeriodicCheckService: User info is synched
06-10 12:25:59.039 30013 32412 I PhoneLab-PeriodicCheckService: Logger Service is running
06-10 12:25:59.043 30013 30013 I PhoneLab-Locks: wake lock acquired
06-10 12:25:59.046 30013 30013 I PhoneLab-StatusMonitor: Status Monitoring is started
06-10 12:25:59.050 30013 32412 I PhoneLab-PeriodicCheckService: Rescheduling periodic checking...
06-10 12:25:59.050 30013 32412 I PhoneLab-Locks: wake lock released
06-10 12:25:59.074 30013 30013 E PhoneLab-PhoneLabManifest: java.io.FileNotFoundException: /data/data/edu.buffalo.cse.phonelab.phonelabservices/files/manifest.xml: open failed: ENOENT (No such file or directory)
06-10 12:25:59.089 30013 30013 I PhoneLab-Locks: wake lock released
06-10 12:26:51.378   150   167 I ActivityManager: Start proc com.google.android.apps.walletnfcrel for broadcast com.google.android.apps.walletnfcrel/com.google.android.apps.wallet.services.periodic.PeriodicExecutionReceiver: pid=32413 uid=10067 gids={3003}
06-10 12:26:51.652 32413 32413 I ActivityThread: Pub com.google.android.apps.wallet: com.google.android.apps.wallet.datastore.impl.WalletContentProvider
06-10 12:26:51.875 32413 32415 D dalvikvm: GC_CONCURRENT freed 210K, 3% free 9322K/9607K, paused 8ms+2ms
06-10 12:26:51.878 32413 32413 I ActivityThread: Pub com.google.android.apps.wallet.p2pcontent: com.google.android.apps.wallet.p2p.dataaccess.persistence.P2pContentProvider
06-10 12:26:52.136   150 13253 I ActivityManager: Process android.process.acore (pid 32141) has died.
06-10 12:26:52.343 32413 32415 D dalvikvm: GC_CONCURRENT freed 343K, 5% free 9464K/9927K, paused 6ms+3ms
06-10 12:26:52.441 32413 32431 I System  : Failed to destroy process 32434
06-10 12:26:52.457 32413 32431 I System  : libcore.io.ErrnoException: kill failed: ESRCH (No such process)
06-10 12:26:52.457 32413 32431 I System  : 	at libcore.io.Posix.kill(Native Method)
06-10 12:26:52.457 32413 32431 I System  : 	at libcore.io.ForwardingOs.kill(ForwardingOs.java:77)
06-10 12:26:52.457 32413 32431 I System  : 	at java.lang.ProcessManager$ProcessImpl.destroy(ProcessManager.java:257)
06-10 12:26:52.457 32413 32431 I System  : 	at com.google.android.apps.wallet.datastore.impl.DowngradeSafeSQLiteOpenHelper.restrictDirectoryAccess(DowngradeSafeSQLiteOpenHelper.java:311)
06-10 12:26:52.457 32413 32431 I System  : 	at com.google.android.apps.wallet.datastore.impl.DowngradeSafeSQLiteOpenHelper.getWritableDatabase(DowngradeSafeSQLiteOpenHelper.java:130)
06-10 12:26:52.457 32413 32431 I System  : 	at com.google.android.apps.wallet.datastore.impl.WalletContentProvider.query(WalletContentProvider.java:97)
06-10 12:26:52.457 32413 32431 I System  : 	at android.content.ContentProvider$Transport.query(ContentProvider.java:178)
06-10 12:26:52.457 32413 32431 I System  : 	at android.content.ContentResolver.query(ContentResolver.java:311)
06-10 12:26:52.457 32413 32431 I System  : 	at com.google.android.apps.wallet.datastore.impl.WalletContentResolver$WalletContentResolverImpl.query(WalletContentResolver.java:117)
06-10 12:26:52.457 32413 32431 I System  : 	at com.google.android.apps.wallet.datastore.impl.ContentProviderKeyValueStore.load(ContentProviderKeyValueStore.java:81)
06-10 12:26:52.457 32413 32431 I System  : 	at com.google.android.apps.wallet.datamanager.local.PeriodicServiceInfoManagerImpl.getPeriodicServiceEntryByAction(PeriodicServiceInfoManagerImpl.java:107)
06-10 12:26:52.457 32413 32431 I System  : 	at com.google.android.apps.wallet.services.periodic.PeriodicExecutionSchedulerImpl.ifBackoffSetupNextAlarm(PeriodicExecutionSchedulerImpl.java:205)
06-10 12:26:52.457 32413 32431 I System  : 	at com.google.android.apps.wallet.services.periodic.PeriodicExecutionService.doWork(PeriodicExecutionService.java:151)
06-10 12:26:52.457 32413 32431 I System  : 	at com.google.android.apps.wallet.util.WakefulIntentService.doOnHandleIntent(WakefulIntentService.java:162)
06-10 12:26:52.457 32413 32431 I System  : 	at com.google.android.apps.wallet.util.WakefulIntentService.onHandleIntent(WakefulIntentService.java:139)
06-10 12:26:52.457 32413 32431 I System  : 	at android.app.IntentService$ServiceHandler.handleMessage(IntentService.java:65)
06-10 12:26:52.457 32413 32431 I System  : 	at android.os.Handler.dispatchMessage(Handler.java:99)
06-10 12:26:52.457 32413 32431 I System  : 	at android.os.Looper.loop(Looper.java:137)
06-10 12:26:52.457 32413 32431 I System  : 	at android.os.HandlerThread.run(HandlerThread.java:60)
06-10 12:26:52.476 32413 32431 E DowngradeSafeSQLiteOpenHelper: old version: 19 new version: 19
06-10 12:30:08.062 24054 24054 D OpenGLRenderer: Flushing caches (mode 1)
06-10 12:30:08.132 32361 32361 D OpenGLRenderer: Flushing caches (mode 2)
06-10 12:30:08.203 32413 32415 D dalvikvm: GC_CONCURRENT freed 357K, 5% free 9626K/10055K, paused 6ms+2ms
06-10 12:30:08.269   494   507 D NfceeAccess: Granted NFCEE access to com.google.android.apps.walletnfcrel (wildcard)
06-10 12:30:08.390 26709 27281 I EventLogService: Aggregate from 1339344008127 (log), 1339344008127 (data)
06-10 12:30:08.562   494 22783 D NfcService: NFC-C OFF, disconnect
06-10 12:30:08.578   494 22783 D NfcService: NFC-EE OFF
06-10 12:37:17.046 26709 32443 W Smack/Packet: notify conn break (IOEx), close connection
06-10 12:37:17.046   150   491 W ActivityManager: finishReceiver called but no pending broadcasts
06-10 12:37:17.629   150  4062 I ActivityManager: Start proc android.process.acore for content provider com.android.providers.contacts/.ContactsProvider2: pid=32446 uid=10000 gids={3003, 1015}
06-10 12:37:17.687 32446 32446 I ActivityThread: Pub call_log: com.android.providers.contacts.CallLogProvider
06-10 12:37:17.726 32446 32446 I ActivityThread: Pub com.android.voicemail: com.android.providers.contacts.VoicemailContentProvider
06-10 12:37:17.730 32446 32446 I ActivityThread: Pub user_dictionary: com.android.providers.userdictionary.UserDictionaryProvider
06-10 12:37:17.746 32446 32446 I ActivityThread: Pub com.android.social: com.android.providers.contacts.SocialProvider
06-10 12:37:17.746 32446 32446 I ActivityThread: Pub applications: com.android.providers.applications.ApplicationsProvider
06-10 12:37:17.839   150   491 I ActivityManager: Process com.google.android.apps.plus (pid 31945) has died.
06-10 12:37:17.886 32446 32446 I ActivityThread: Pub contacts;com.android.contacts: com.android.providers.contacts.ContactsProvider2
06-10 12:37:17.902 32446 32449 D dalvikvm: GC_CONCURRENT freed 345K, 5% free 9154K/9607K, paused 3ms+2ms
06-10 12:37:18.699 32446 32449 D dalvikvm: GC_CONCURRENT freed 235K, 4% free 9378K/9735K, paused 12ms+2ms
06-10 12:37:27.488   150   316 D ConnectivityService: handleInetConditionHoldEnd: net=0, condition=0, published condition=100
06-10 12:37:27.921 26709 26709 I GTalkService/c: [AndroidEndpoint@1094310288] connect: acct=1000000, state=CONNECTING
06-10 12:37:27.933 26709 26709 I GTalkService/c: [GTalkConnection@1094154208] connect: acct=1, state=CONNECTING
06-10 12:37:30.191 26709 26711 D dalvikvm: GC_CONCURRENT freed 367K, 6% free 10229K/10823K, paused 15ms+6ms
06-10 12:37:31.414   150   316 D ConnectivityService: handleInetConditionHoldEnd: net=0, condition=100, published condition=0
06-10 12:37:31.550   150   167 I ActivityManager: Start proc com.google.android.talk for broadcast com.google.android.talk/.ConnectionStateOnlineReceiver: pid=32468 uid=10047 gids={3003, 1015, 1006, 3002}
06-10 12:37:31.711 32468 32468 I ActivityThread: Pub com.google.android.talk.SuggestionProvider: com.google.android.talk.SuggestionsProvider
06-10 12:37:32.023 32468 32468 D vclib:CallStateClient: startListening
06-10 12:37:32.046 32468 32469 D dalvikvm: GC_CONCURRENT freed 149K, 3% free 9338K/9607K, paused 28ms+10ms
06-10 12:37:32.183   150   468 D dalvikvm: GC_EXPLICIT freed 1364K, 26% free 18254K/24647K, paused 3ms+9ms
06-10 12:37:32.339   150   468 I ActivityManager: Start proc android.process.media for content provider com.android.providers.media/.MediaProvider: pid=32489 uid=10012 gids={1015, 1023, 1024, 2001, 3003, 3007}
06-10 12:37:32.371    80    80 D dalvikvm: GC_EXPLICIT freed 38K, 4% free 9031K/9347K, paused 1ms+2ms
06-10 12:37:32.386 32489 32489 I ActivityThread: Pub downloads: com.android.providers.downloads.DownloadProvider
06-10 12:37:32.418    80    80 D dalvikvm: GC_EXPLICIT freed <1K, 4% free 9031K/9347K, paused 3ms+4ms
06-10 12:37:32.425 32489 32489 I ActivityThread: Pub drm: com.android.providers.drm.DrmProvider
06-10 12:37:32.425 32489 32502 I DownloadManager: in removeSpuriousFiles
06-10 12:37:32.449    80    80 D dalvikvm: GC_EXPLICIT freed <1K, 4% free 9031K/9347K, paused 1ms+3ms
06-10 12:37:32.480 32489 32489 I ActivityThread: Pub media: com.android.providers.media.MediaProvider
06-10 12:37:32.527 32489 32502 I DownloadManager: in removeSpuriousFiles, preserving file /mnt/sdcard/Download/Swype-Installer-3.apk
06-10 12:37:32.527 32489 32502 I DownloadManager: in removeSpuriousFiles, preserving file /mnt/sdcard/Download/Swype-Installer-4.apk
06-10 12:37:32.527 32489 32502 I DownloadManager: in removeSpuriousFiles, preserving file /mnt/sdcard/Download/Swype-Installer-5.apk
06-10 12:37:32.527 32489 32502 I DownloadManager: deleting spurious file /cache/backup
06-10 12:37:32.742   150   559 I ActivityManager: Process com.google.android.apps.maps (pid 32314) has died.
06-10 12:37:33.039 32489 32491 D dalvikvm: GC_CONCURRENT freed 363K, 5% free 9172K/9607K, paused 4ms+4ms
06-10 12:43:18.058 32261 32509 W Gmail   : No MailEngine for account: steven.y.ko@gmail.com
06-10 12:45:44.062   391   391 I PowerUI : showing low battery warning: level=4 [-2]
06-10 12:45:44.211    82 10639 I AwesomePlayer: setDataSource_l('/system/media/audio/ui/LowBattery.ogg')
06-10 12:45:44.414    82 10639 I AwesomePlayer: setDataSource_l('/system/media/audio/ui/LowBattery.ogg')
06-10 12:45:44.453    82   122 D AudioHardware: AudioHardware pcm playback is exiting standby.
06-10 12:45:44.453    82   122 D AudioHardware: openPcmOut_l() mPcmOpenCnt: 0
06-10 12:45:44.480   391   391 W MediaPlayer: mediaplayer went away with unhandled events
06-10 12:45:44.480   391   391 W MediaPlayer: mediaplayer went away with unhandled events
06-10 12:45:45.378 28737 28739 D dalvikvm: GC_CONCURRENT freed 517K, 6% free 10935K/11591K, paused 50ms+8ms
06-10 12:45:48.195    82   122 D AudioHardware: AudioHardware pcm playback is going to standby.
06-10 12:45:48.195    82   122 D AudioHardware: closePcmOut_l() mPcmOpenCnt: 1
06-10 12:50:44.050   391   391 I PowerUI : updating low battery warning: level=4 [-2]
06-10 12:55:44.050   391   391 I PowerUI : updating low battery warning: level=4 [-2]
06-10 12:55:59.136 30013 30013 I PhoneLab-Locks: wake lock acquired
06-10 12:55:59.144 30013 32518 I PhoneLab-PeriodicCheckService: User info is synched
06-10 12:55:59.144 30013 32518 I PhoneLab-PeriodicCheckService: Logger Service is running
06-10 12:55:59.148 30013 32518 I PhoneLab-PeriodicCheckService: Rescheduling periodic checking...
06-10 12:55:59.148 30013 32518 I PhoneLab-Locks: wake lock released
06-10 12:58:17.050   391   391 I PowerUI : updating low battery warning: level=4 [-2]
06-10 12:58:18.289   150   202 I ActivityManager: Start proc com.google.android.apps.plus for service com.google.android.apps.plus/.service.EsService: pid=32519 uid=10060 gids={3003, 3002, 1015, 1006}
06-10 12:59:17.406   150   468 I ActivityManager: Process com.android.calendar (pid 32062) has died.
06-10 12:59:17.535 32519 32521 D dalvikvm: GC_CONCURRENT freed 149K, 3% free 9386K/9607K, paused 7ms+4ms
06-10 12:59:17.640 32519 32519 I ActivityThread: Pub com.google.android.apps.plus.content.ApiProvider: com.google.android.apps.plus.content.EsApiProvider
06-10 12:59:17.656 32519 32519 I ActivityThread: Pub com.google.android.apps.plus.content.EsGooglePhotoProvider: com.google.android.picasasync.PicasaContentProvider
06-10 12:59:17.839 32519 32519 I ActivityThread: Pub com.google.android.apps.plus.content.EsPicasaStoreProvider: com.google.android.picasastore.PicasaPhotoContentProvider
06-10 12:59:17.843 32519 32521 D dalvikvm: GC_CONCURRENT freed 475K, 6% free 9440K/9991K, paused 5ms+4ms
06-10 12:59:17.871 32519 32519 I ActivityThread: Pub com.google.plus.platform: com.google.android.apps.plus.content.AdsProvider
06-10 12:59:17.871 32519 32519 I ActivityThread: Pub com.google.android.apps.plus.iu.EsGoogleIuProvider: com.google.android.apps.plus.iu.InstantUploadProvider
06-10 12:59:17.906 32519 32519 I ActivityThread: Pub com.google.android.apps.plus.content.EsProvider: com.google.android.apps.plus.content.EsProvider
06-10 12:59:17.961 32519 32521 D dalvikvm: GC_CONCURRENT freed 422K, 6% free 9547K/10055K, paused 6ms+2ms
06-10 12:59:17.964 32519 32533 D PicasaPhotoCP: set fsid first time:-1
06-10 12:59:18.199 32519 32521 D dalvikvm: GC_CONCURRENT freed 173K, 3% free 9847K/10119K, paused 4ms+3ms
06-10 12:59:18.304 32519 32521 D dalvikvm: GC_CONCURRENT freed 250K, 4% free 10062K/10439K, paused 2ms+2ms
06-10 12:59:18.347 32519 32535 D dalvikvm: GC_FOR_ALLOC freed 188K, 5% free 10254K/10695K, paused 18ms
06-10 12:59:18.375 32519 32535 D dalvikvm: GC_FOR_ALLOC freed 373K, 6% free 10255K/10823K, paused 19ms
06-10 12:59:18.394 32519 32535 D dalvikvm: GC_FOR_ALLOC freed 126K, 5% free 10383K/10823K, paused 16ms
06-10 12:59:18.418 32519 32535 D dalvikvm: GC_FOR_ALLOC freed 369K, 6% free 10383K/10951K, paused 16ms
06-10 12:59:18.433 32519 32535 D dalvikvm: GC_FOR_ALLOC freed 126K, 5% free 10511K/10951K, paused 16ms
06-10 12:59:18.511 32538 32538 D dalvikvm: Late-enabling CheckJNI
06-10 12:59:18.515   150   202 I ActivityManager: Start proc com.mint for service com.mint/.activity.MintAlarmService: pid=32538 uid=10071 gids={3003, 1015}
06-10 12:59:18.519   391   391 I PowerUI : updating low battery warning: level=4 [-2]
06-10 12:59:18.613 32538 32538 I dalvikvm: Turning on JNI app bug workarounds for target SDK version 7...
06-10 12:59:18.632   150   493 I ActivityManager: Process com.sirma.mobile.bible.android (pid 32165) has died.
06-10 12:59:18.640   150  1489 I WindowManager: WIN DEATH: Window{418d7ef8 com.sirma.mobile.bible.android/com.youversion.mobile.android.screens.ReadingActivity paused=false}
06-10 12:59:18.734 32538 32538 I ActivityThread: Pub com.mint.transactionsearchprovider: com.mint.activity.TransactionSearchProvider
06-10 12:59:18.769 32519 32521 D dalvikvm: GC_CONCURRENT freed 325K, 5% free 10633K/11079K, paused 1ms+3ms
06-10 12:59:18.789 32538 32538 W Settings: Setting android_id has moved from android.provider.Settings.System to android.provider.Settings.Secure, returning read-only value.
06-10 12:59:18.863 32538 32538 D MintApp : Mint app started.
06-10 12:59:18.898 32538 32540 D dalvikvm: GC_CONCURRENT freed 363K, 5% free 9169K/9607K, paused 1ms+1ms
06-10 12:59:18.941 32519 32521 D dalvikvm: GC_CONCURRENT freed 95K, 3% free 10983K/11207K, paused 1ms+3ms
06-10 12:59:19.089 32519 32521 D dalvikvm: GC_CONCURRENT freed 376K, 5% free 11153K/11655K, paused 1ms+3ms
06-10 12:59:19.265 32519 32521 D dalvikvm: GC_CONCURRENT freed 143K, 3% free 11643K/11911K, paused 1ms+3ms
06-10 12:59:19.515 24054 24054 D OpenGLRenderer: Flushing caches (mode 2)
06-10 12:59:19.535 24054 24054 D OpenGLRenderer: Flushing caches (mode 0)
06-10 12:59:19.734 32538 32540 D dalvikvm: GC_CONCURRENT freed 334K, 5% free 9276K/9735K, paused 2ms+3ms
06-10 12:59:20.757 32519 32521 D dalvikvm: GC_CONCURRENT freed 683K, 7% free 11733K/12551K, paused 2ms+4ms
06-10 12:59:21.019 32538 32540 D dalvikvm: GC_CONCURRENT freed 266K, 4% free 9411K/9799K, paused 2ms+2ms
06-10 12:59:21.023 32538 32538 D webviewglue: nativeDestroy view: 0x8dcfd0
06-10 12:59:22.586 32519 32521 D dalvikvm: GC_CONCURRENT freed 600K, 6% free 11966K/12679K, paused 2ms+2ms
06-10 12:59:23.113 32538 32556 D dalvikvm: GC_FOR_ALLOC freed 188K, 6% free 9539K/10055K, paused 17ms
06-10 12:59:23.261 32538 32540 D dalvikvm: GC_CONCURRENT freed 398K, 5% free 9683K/10183K, paused 2ms+3ms
06-10 12:59:24.578 32538 32540 D dalvikvm: GC_CONCURRENT freed 631K, 8% free 9518K/10247K, paused 5ms+3ms
06-10 12:59:25.297 32538 32556 D dalvikvm: GC_FOR_ALLOC freed 195K, 7% free 9532K/10247K, paused 49ms
06-10 12:59:25.312 32538 32556 D dalvikvm: GC_FOR_ALLOC freed 27K, 7% free 9544K/10247K, paused 14ms
06-10 12:59:25.312 32538 32556 I dalvikvm-heap: Grow heap (frag case) to 9.448MB for 61162-byte allocation
06-10 12:59:25.328 32538 32556 D dalvikvm: GC_FOR_ALLOC freed 39K, 8% free 9564K/10311K, paused 16ms
06-10 12:59:25.394 32519 32521 D dalvikvm: GC_CONCURRENT freed 933K, 9% free 11946K/12999K, paused 3ms+3ms
06-10 12:59:25.437 32538 32556 D dalvikvm: GC_FOR_ALLOC freed <1K, 8% free 9564K/10311K, paused 18ms
06-10 12:59:25.437 32538 32556 I dalvikvm-heap: Grow heap (frag case) to 9.496MB for 91738-byte allocation
06-10 12:59:25.449 32538 32556 D dalvikvm: GC_FOR_ALLOC freed 59K, 9% free 9594K/10439K, paused 13ms
06-10 12:59:25.511 32538 32556 D dalvikvm: GC_FOR_ALLOC freed <1K, 9% free 9594K/10439K, paused 15ms
06-10 12:59:25.511 32538 32556 I dalvikvm-heap: Grow heap (frag case) to 9.569MB for 137602-byte allocation
06-10 12:59:25.531 32538 32556 D dalvikvm: GC_FOR_ALLOC freed 89K, 10% free 9639K/10631K, paused 16ms
06-10 12:59:25.812 32538 32556 D dalvikvm: GC_FOR_ALLOC freed 135K, 9% free 9749K/10631K, paused 41ms
06-10 12:59:25.812 32538 32556 I dalvikvm-heap: Grow heap (frag case) to 9.768MB for 187810-byte allocation
06-10 12:59:25.828 32538 32556 D dalvikvm: GC_FOR_ALLOC freed 122K, 10% free 9810K/10823K, paused 14ms
06-10 12:59:25.902 32538 32540 D dalvikvm: GC_CONCURRENT freed 522K, 10% free 9773K/10823K, paused 2ms+3ms
06-10 12:59:26.031 32538 32540 D dalvikvm: GC_CONCURRENT freed 171K, 7% free 10117K/10823K, paused 2ms+2ms
06-10 12:59:26.328 32538 32540 D dalvikvm: GC_CONCURRENT freed 314K, 6% free 10227K/10823K, paused 1ms+3ms
06-10 12:59:26.707 32519 32521 D dalvikvm: GC_CONCURRENT freed 785K, 8% free 12022K/12999K, paused 2ms+2ms
06-10 12:59:27.230 32538 32540 D dalvikvm: GC_CONCURRENT freed 1099K, 12% free 9614K/10823K, paused 1ms+4ms
06-10 12:59:29.156 32519 32521 D dalvikvm: GC_CONCURRENT freed 923K, 9% free 12009K/13063K, paused 4ms+5ms
06-10 12:59:29.605 32519 32521 D dalvikvm: GC_CONCURRENT freed 793K, 8% free 12136K/13063K, paused 9ms+2ms
06-10 12:59:31.480 32519 32562 D dalvikvm: GC_FOR_ALLOC freed 391K, 7% free 12386K/13255K, paused 58ms
06-10 12:59:31.515 32519 32562 D dalvikvm: GC_FOR_ALLOC freed 289K, 9% free 12411K/13575K, paused 29ms
06-10 12:59:31.515 32519 32562 I dalvikvm-heap: Grow heap (frag case) to 12.458MB for 281909-byte allocation
06-10 12:59:31.547 32519 32562 D dalvikvm: GC_FOR_ALLOC freed 0K, 9% free 12687K/13895K, paused 29ms
06-10 12:59:32.695 32519 32521 D dalvikvm: GC_CONCURRENT freed 726K, 6% free 13131K/13959K, paused 2ms+5ms
06-10 12:59:34.121 32519 32521 D dalvikvm: GC_CONCURRENT freed 1261K, 10% free 13143K/14535K, paused 2ms+3ms
06-10 12:59:35.488 32519 32521 D dalvikvm: GC_CONCURRENT freed 1245K, 10% free 13156K/14535K, paused 2ms+2ms
06-10 13:00:01.191 32446 32449 D dalvikvm: GC_CONCURRENT freed 373K, 6% free 9419K/9927K, paused 2ms+3ms
06-10 13:00:08.058   150   161 D AlarmManagerService: Kernel timezone updated to 240 minutes west of GMT
06-10 13:00:08.062   474   474 D SystemClock: Setting time of day to sec=1339347608
06-10 13:00:08.121   150   167 I ActivityManager: Start proc com.android.calendar for broadcast com.android.calendar/.widget.CalendarAppWidgetService$CalendarFactory: pid=32571 uid=10005 gids={3003}
06-10 13:00:08.211 32571 32571 I ActivityThread: Pub com.android.calendar.CalendarRecentSuggestionsProvider: com.android.calendar.CalendarRecentSuggestionsProvider
06-10 13:00:08.336   150 14815 I ActivityManager: Start proc com.android.deskclock for broadcast com.android.deskclock/.AlarmInitReceiver: pid=32587 uid=10011 gids={}
06-10 13:00:08.367   150   150 I ActivityManager: Start proc com.android.providers.calendar for content provider com.android.providers.calendar/.CalendarProvider2: pid=32600 uid=10006 gids={3003, 1015}
06-10 13:00:08.406 32587 32587 I ActivityThread: Pub com.android.deskclock: com.android.deskclock.AlarmProvider
06-10 13:00:08.445 32600 32600 I ActivityThread: Pub com.android.calendar: com.android.providers.calendar.CalendarProvider2
06-10 13:00:08.515   391   391 I PowerUI : updating low battery warning: level=3 [-2]
06-10 13:00:08.578 32587 32613 V AlarmClock: AlarmInitReceiver finished
06-10 13:00:08.699 26709 27350 I EventLogService: Aggregate from 1339345808393 (log), 1339345808393 (data)
06-10 13:00:08.879 26709 26711 D dalvikvm: GC_CONCURRENT freed 397K, 6% free 10236K/10823K, paused 8ms+31ms
06-10 13:00:08.882   150   468 I ActivityManager: Process com.google.android.apps.walletnfcrel (pid 32413) has died.
06-10 13:00:42.117 32600 32600 I CalendarProvider2: Sending notification intent: Intent { act=android.intent.action.PROVIDER_CHANGED dat=content://com.android.calendar }
06-10 13:00:42.121 32600 32600 W ContentResolver: Failed to get type for: content://com.android.calendar (Unknown URL content://com.android.calendar)
06-10 13:00:46.109   150   153 D dalvikvm: GC_CONCURRENT freed 1932K, 26% free 18280K/24647K, paused 20ms+8ms
06-10 13:04:27.019   391   391 I PowerUI : updating low battery warning: level=3 [-2]
06-10 13:05:32.281   391   391 I PowerUI : updating low battery warning: level=3 [-2]
06-10 13:10:43.054   391   391 I PowerUI : updating low battery warning: level=2 [-2]
06-10 13:10:44.328   150   469 D dalvikvm: GC_EXPLICIT freed 302K, 27% free 18186K/24647K, paused 8ms+6ms
06-10 13:13:18.023   391   391 I PowerUI : updating low battery warning: level=2 [-2]
06-10 13:13:18.066 32261 32622 W Gmail   : No MailEngine for account: steven.y.ko@gmail.com
06-10 13:13:18.246   150   202 I ActivityManager: Start proc com.google.android.apps.maps for service com.google.android.apps.maps/com.google.googlenav.prefetch.android.PrefetcherService: pid=32624 uid=10068 gids={3003, 1015}
06-10 13:13:18.464 32624 32626 D dalvikvm: GC_CONCURRENT freed 159K, 3% free 9377K/9607K, paused 2ms+2ms
06-10 13:14:13.015   150   166 V BackupManagerService: Running a backup pass
06-10 13:14:13.035   391   391 I PowerUI : updating low battery warning: level=2 [-2]
06-10 13:14:13.066   150   327 V BackupManagerService: Backup requested but nothing pending
06-10 13:14:13.113 32624 32624 I ActivityThread: Pub com.google.android.maps.SearchHistoryProvider: com.google.googlenav.provider.SearchHistoryProvider
06-10 13:14:13.128 32624 32624 I ActivityThread: Pub com.google.android.maps.SuggestionProvider: com.google.googlenav.suggest.android.SuggestContentProvider
06-10 13:14:13.152 32624 32624 I ActivityThread: Pub com.google.android.maps.LayerInfoProvider: com.google.googlenav.layer.LayerInfoProvider
06-10 13:14:13.171 32624 32624 I ActivityThread: Pub com.google.android.maps.TrafficAppWidgetProvider: com.google.googlenav.appwidget.traffic.TrafficAppWidgetProvider
06-10 13:14:13.171 32624 32624 I ActivityThread: Pub com.google.android.maps.LocalActivePlacesProvider: com.google.googlenav.provider.LocalActivePlacesProvider
06-10 13:14:13.171 32624 32624 I ActivityThread: Pub com.google.android.maps.StarredItemProvider: com.google.googlenav.provider.StarredItemProvider
06-10 13:14:13.324 32624 32626 D dalvikvm: GC_CONCURRENT freed 215K, 3% free 9703K/9991K, paused 3ms+7ms
06-10 13:14:13.527 30013 30028 I PhoneLab-: Service Running
06-10 13:15:44.031   391   391 I PowerUI : updating low battery warning: level=1 [-2]
06-10 13:15:44.109 32624 32624 I ActivityThread: Pub com.google.android.maps.LocalSuggestionProvider: com.google.googlenav.provider.LocalSuggestionProvider
06-10 13:15:44.109 32624 32624 I ActivityThread: Pub com.google.android.maps.NavigationAvailabilityProvider: com.google.googlenav.provider.NavigationAvailabilityProvider
06-10 13:15:44.113 32624 32626 D dalvikvm: GC_CONCURRENT freed 233K, 4% free 9972K/10311K, paused 3ms+2ms
06-10 13:15:44.230   150   493 I ActivityManager: Process com.google.android.talk (pid 32468) has died.
06-10 13:15:44.304 32624 32626 D dalvikvm: GC_CONCURRENT freed 282K, 4% free 10204K/10567K, paused 6ms+2ms
06-10 13:15:44.382 30013 30028 I PhoneLab-LoggerService: app_38    1355  1     1836   1384  c00f181c 400107b4 S logcat
06-10 13:15:44.382 30013 30028 I PhoneLab-LoggerService: Logcat pid from database 1355
06-10 13:15:44.382 30013 30028 I PhoneLab-LoggerService: Logcat process found 1355
06-10 13:15:44.382 30013 30028 I PhoneLab-LoggerService: Checking Threshold
06-10 13:15:44.390 30013 30028 I PhoneLab-LoggerService: Starting to rename files
06-10 13:15:44.390 30013 30028 I PhoneLab-LoggerService: Files found .. 10
06-10 13:15:44.390 30013 30028 I PhoneLab-: Service Running
06-10 13:15:44.476 30013 30028 I PhoneLab-LoggerService: app_38    1355  1     1836   1384  c00f181c 400107b4 S logcat
06-10 13:15:44.476 30013 30028 I PhoneLab-LoggerService: Logcat pid from database 1355
06-10 13:15:44.476 30013 30028 I PhoneLab-LoggerService: Logcat process found 1355
06-10 13:15:44.476 30013 30028 I PhoneLab-LoggerService: Checking Threshold
06-10 13:15:44.476 30013 30028 I PhoneLab-LoggerService: Starting to rename files
06-10 13:15:44.476 30013 30028 I PhoneLab-LoggerService: Files found .. 10
06-10 13:15:44.484 30013 30028 I PhoneLab-: Service Running
06-10 13:15:44.511 30013 30016 D dalvikvm: GC_CONCURRENT freed 470K, 6% free 9106K/9671K, paused 49ms+2ms
06-10 13:15:46.078 30013 30028 I PhoneLab-LoggerService: app_38    1355  1     1836   1384  c00f181c 400107b4 S logcat
06-10 13:15:46.078 30013 30028 I PhoneLab-LoggerService: Logcat pid from database 1355
06-10 13:15:46.078 30013 30028 I PhoneLab-LoggerService: Logcat process found 1355
06-10 13:15:46.078 30013 30028 I PhoneLab-LoggerService: Checking Threshold
06-10 13:15:46.078 30013 30028 I PhoneLab-LoggerService: Starting to rename files
06-10 13:15:46.082 30013 30028 I PhoneLab-LoggerService: Files found .. 10
06-10 13:15:46.082 30013 30028 I PhoneLab-: Service Running
06-10 13:15:46.136 26695 26698 D dalvikvm: GC_CONCURRENT freed 471K, 6% free 10319K/10951K, paused 2ms+6ms
06-10 13:15:46.140 30013 30028 I PhoneLab-LoggerService: app_38    1355  1     1836   1384  c00f181c 400107b4 S logcat
06-10 13:15:46.148 30013 30028 I PhoneLab-LoggerService: Logcat pid from database 1355
06-10 13:15:46.148 30013 30028 I PhoneLab-LoggerService: Logcat process found 1355
06-10 13:15:46.148 30013 30028 I PhoneLab-LoggerService: Checking Threshold
06-10 13:15:46.148 30013 30028 I PhoneLab-LoggerService: Starting to rename files
06-10 13:15:46.148 30013 30028 I PhoneLab-LoggerService: Files found .. 10
06-10 13:15:46.152 30013 30028 I PhoneLab-: Service Running
06-10 13:15:46.179 30013 30028 I PhoneLab-LoggerService: app_38    1355  1     1836   1384  c00f181c 400107b4 S logcat
06-10 13:15:46.179 30013 30028 I PhoneLab-LoggerService: Logcat pid from database 1355
06-10 13:15:46.179 30013 30028 I PhoneLab-LoggerService: Logcat process found 1355
06-10 13:15:46.179 30013 30028 I PhoneLab-LoggerService: Checking Threshold
06-10 13:15:46.179 30013 30028 I PhoneLab-LoggerService: Starting to rename files
06-10 13:15:46.183 30013 30028 I PhoneLab-LoggerService: Files found .. 10
06-10 13:15:46.183 30013 30028 I PhoneLab-: Service Running
06-10 13:15:46.211 30013 30028 I PhoneLab-LoggerService: app_38    1355  1     1836   1384  c00f181c 400107b4 S logcat
06-10 13:15:46.211 30013 30028 I PhoneLab-LoggerService: Logcat pid from database 1355
06-10 13:15:46.211 30013 30028 I PhoneLab-LoggerService: Logcat process found 1355
06-10 13:15:46.211 30013 30028 I PhoneLab-LoggerService: Checking Threshold
06-10 13:15:46.211 30013 30028 I PhoneLab-LoggerService: Starting to rename files
06-10 13:15:46.211 30013 30028 I PhoneLab-LoggerService: Files found .. 10
06-10 13:15:46.215 30013 30028 I PhoneLab-: Service Running
06-10 13:15:46.242 30013 30028 I PhoneLab-LoggerService: app_38    1355  1     1836   1384  c00f181c 400107b4 S logcat
06-10 13:15:46.242 30013 30028 I PhoneLab-LoggerService: Logcat pid from database 1355
06-10 13:15:46.242 30013 30028 I PhoneLab-LoggerService: Logcat process found 1355
06-10 13:15:46.242 30013 30028 I PhoneLab-LoggerService: Checking Threshold
06-10 13:15:46.242 30013 30028 I PhoneLab-LoggerService: Starting to rename files
06-10 13:15:46.242 30013 30028 I PhoneLab-LoggerService: Files found .. 10
06-10 13:15:46.246 30013 30028 I PhoneLab-: Service Running
06-10 13:15:46.273 30013 30028 I PhoneLab-LoggerService: app_38    1355  1     1836   1384  c00f181c 400107b4 S logcat
06-10 13:15:46.273 30013 30028 I PhoneLab-LoggerService: Logcat pid from database 1355
06-10 13:15:46.273 30013 30028 I PhoneLab-LoggerService: Logcat process found 1355
06-10 13:15:46.273 30013 30028 I PhoneLab-LoggerService: Checking Threshold
06-10 13:15:46.273 30013 30028 I PhoneLab-LoggerService: Starting to rename files
06-10 13:15:46.273 30013 30028 I PhoneLab-LoggerService: Files found .. 10
06-10 13:15:46.277 30013 30028 I PhoneLab-: Service Running
06-10 13:15:46.312 30013 30028 I PhoneLab-LoggerService: app_38    1355  1     1836   1384  c00f181c 400107b4 S logcat
06-10 13:15:46.312 30013 30028 I PhoneLab-LoggerService: Logcat pid from database 1355
06-10 13:15:46.312 30013 30028 I PhoneLab-LoggerService: Logcat process found 1355
06-10 13:15:46.312 30013 30028 I PhoneLab-LoggerService: Checking Threshold
06-10 13:15:46.312 30013 30028 I PhoneLab-LoggerService: Starting to rename files
06-10 13:15:46.312 30013 30028 I PhoneLab-LoggerService: Files found .. 10
06-10 13:15:46.316 30013 30028 I PhoneLab-: Service Running
06-10 13:15:46.332 30013 30016 D dalvikvm: GC_CONCURRENT freed 449K, 6% free 9106K/9671K, paused 1ms+2ms
06-10 13:15:46.355 30013 30028 I PhoneLab-LoggerService: app_38    1355  1     1836   1384  c00f181c 400107b4 S logcat
06-10 13:15:46.359 30013 30028 I PhoneLab-LoggerService: Logcat pid from database 1355
06-10 13:15:46.359 30013 30028 I PhoneLab-LoggerService: Logcat process found 1355
06-10 13:15:46.359 30013 30028 I PhoneLab-LoggerService: Checking Threshold
06-10 13:15:46.359 30013 30028 I PhoneLab-LoggerService: Starting to rename files
06-10 13:15:46.359 30013 30028 I PhoneLab-LoggerService: Files found .. 10
06-10 13:15:46.359 30013 30028 I PhoneLab-: Service Running
06-10 13:15:46.386 30013 30028 I PhoneLab-LoggerService: app_38    1355  1     1836   1384  c00f181c 400107b4 S logcat
06-10 13:15:46.386 30013 30028 I PhoneLab-LoggerService: Logcat pid from database 1355
06-10 13:15:46.386 30013 30028 I PhoneLab-LoggerService: Logcat process found 1355
06-10 13:15:46.386 30013 30028 I PhoneLab-LoggerService: Checking Threshold
06-10 13:15:46.390 30013 30028 I PhoneLab-LoggerService: Starting to rename files
06-10 13:15:46.390 30013 30028 I PhoneLab-LoggerService: Files found .. 10
06-10 13:15:46.390 30013 30028 I PhoneLab-: Service Running
06-10 13:15:46.418 30013 30028 I PhoneLab-LoggerService: app_38    1355  1     1836   1384  c00f181c 400107b4 S logcat
06-10 13:15:46.418 30013 30028 I PhoneLab-LoggerService: Logcat pid from database 1355
06-10 13:15:46.418 30013 30028 I PhoneLab-LoggerService: Logcat process found 1355
06-10 13:15:46.418 30013 30028 I PhoneLab-LoggerService: Checking Threshold
06-10 13:15:46.418 30013 30028 I PhoneLab-LoggerService: Starting to rename files
06-10 13:15:46.418 30013 30028 I PhoneLab-LoggerService: Files found .. 10
06-10 13:15:46.422 30013 30028 I PhoneLab-: Service Running
06-10 13:15:46.449 30013 30028 I PhoneLab-LoggerService: app_38    1355  1     1836   1384  c00f181c 400107b4 S logcat
06-10 13:15:46.449 30013 30028 I PhoneLab-LoggerService: Logcat pid from database 1355
06-10 13:15:46.449 30013 30028 I PhoneLab-LoggerService: Logcat process found 1355
06-10 13:15:46.449 30013 30028 I PhoneLab-LoggerService: Checking Threshold
06-10 13:15:46.449 30013 30028 I PhoneLab-LoggerService: Starting to rename files
06-10 13:15:46.449 30013 30028 I PhoneLab-LoggerService: Files found .. 10
06-10 13:15:46.453 30013 30028 I PhoneLab-: Service Running
06-10 13:15:46.476 30013 30028 I PhoneLab-LoggerService: app_38    1355  1     1836   1384  c00f181c 400107b4 S logcat
06-10 13:15:46.480 30013 30028 I PhoneLab-LoggerService: Logcat pid from database 1355
06-10 13:15:46.480 30013 30028 I PhoneLab-LoggerService: Logcat process found 1355
06-10 13:15:46.480 30013 30028 I PhoneLab-LoggerService: Checking Threshold
06-10 13:15:46.480 30013 30028 I PhoneLab-LoggerService: Starting to rename files
06-10 13:15:46.480 30013 30028 I PhoneLab-LoggerService: Files found .. 10
06-10 13:15:46.484 30013 30028 I PhoneLab-: Service Running
06-10 13:15:46.507 30013 30028 I PhoneLab-LoggerService: app_38    1355  1     1836   1384  c00f181c 400107b4 S logcat
06-10 13:15:46.507 30013 30028 I PhoneLab-LoggerService: Logcat pid from database 1355
06-10 13:15:46.507 30013 30028 I PhoneLab-LoggerService: Logcat process found 1355
06-10 13:15:46.507 30013 30028 I PhoneLab-LoggerService: Checking Threshold
06-10 13:15:46.511 30013 30028 I PhoneLab-LoggerService: Starting to rename files
06-10 13:15:46.511 30013 30028 I PhoneLab-LoggerService: Files found .. 10
06-10 13:15:46.511 30013 30028 I PhoneLab-: Service Running
06-10 13:15:46.547 30013 30028 I PhoneLab-LoggerService: app_38    1355  1     1836   1384  c00f181c 400107b4 S logcat
06-10 13:15:46.547 30013 30028 I PhoneLab-LoggerService: Logcat pid from database 1355
06-10 13:15:46.547 30013 30028 I PhoneLab-LoggerService: Logcat process found 1355
06-10 13:15:46.547 30013 30028 I PhoneLab-LoggerService: Checking Threshold
06-10 13:15:46.547 30013 30028 I PhoneLab-LoggerService: Starting to rename files
06-10 13:15:46.550 30013 30028 I PhoneLab-LoggerService: Files found .. 10
06-10 13:15:46.550 30013 30028 I PhoneLab-: Service Running
06-10 13:15:46.570 30013 30016 D dalvikvm: GC_CONCURRENT freed 450K, 6% free 9106K/9671K, paused 1ms+2ms
06-10 13:15:46.593 30013 30028 I PhoneLab-LoggerService: app_38    1355  1     1836   1384  c00f181c 400107b4 S logcat
06-10 13:15:46.593 30013 30028 I PhoneLab-LoggerService: Logcat pid from database 1355
06-10 13:15:46.593 30013 30028 I PhoneLab-LoggerService: Logcat process found 1355
06-10 13:15:46.593 30013 30028 I PhoneLab-LoggerService: Checking Threshold
06-10 13:15:46.597 30013 30028 I PhoneLab-LoggerService: Starting to rename files
06-10 13:15:46.597 30013 30028 I PhoneLab-LoggerService: Files found .. 10
06-10 13:15:46.597 30013 30028 I PhoneLab-: Service Running
06-10 13:15:46.625 30013 30028 I PhoneLab-LoggerService: app_38    1355  1     1836   1384  c00f181c 400107b4 S logcat
06-10 13:15:46.625 30013 30028 I PhoneLab-LoggerService: Logcat pid from database 1355
06-10 13:15:46.625 30013 30028 I PhoneLab-LoggerService: Logcat process found 1355
06-10 13:15:46.625 30013 30028 I PhoneLab-LoggerService: Checking Threshold
06-10 13:15:46.625 30013 30028 I PhoneLab-LoggerService: Starting to rename files
06-10 13:15:46.629 30013 30028 I PhoneLab-LoggerService: Files found .. 10
06-10 13:15:46.629 30013 30028 I PhoneLab-: Service Running
06-10 13:15:46.656 30013 30028 I PhoneLab-LoggerService: app_38    1355  1     1836   1384  c00f181c 400107b4 S logcat
06-10 13:15:46.656 30013 30028 I PhoneLab-LoggerService: Logcat pid from database 1355
06-10 13:15:46.656 30013 30028 I PhoneLab-LoggerService: Logcat process found 1355
06-10 13:15:46.656 30013 30028 I PhoneLab-LoggerService: Checking Threshold
06-10 13:15:46.656 30013 30028 I PhoneLab-LoggerService: Starting to rename files
06-10 13:15:46.656 30013 30028 I PhoneLab-LoggerService: Files found .. 10
06-10 13:15:46.660 30013 30028 I PhoneLab-: Service Running
06-10 13:15:46.687 30013 30028 I PhoneLab-LoggerService: app_38    1355  1     1836   1384  c00f181c 400107b4 S logcat
06-10 13:15:46.687 30013 30028 I PhoneLab-LoggerService: Logcat pid from database 1355
06-10 13:15:46.687 30013 30028 I PhoneLab-LoggerService: Logcat process found 1355
06-10 13:15:46.687 30013 30028 I PhoneLab-LoggerService: Checking Threshold
06-10 13:15:46.687 30013 30028 I PhoneLab-LoggerService: Starting to rename files
06-10 13:15:46.691 30013 30028 I PhoneLab-LoggerService: Files found .. 10
06-10 13:15:46.691 30013 30028 I PhoneLab-: Service Running
06-10 13:15:46.718 30013 30028 I PhoneLab-LoggerService: app_38    1355  1     1836   1384  c00f181c 400107b4 S logcat
06-10 13:15:46.718 30013 30028 I PhoneLab-LoggerService: Logcat pid from database 1355
06-10 13:15:46.718 30013 30028 I PhoneLab-LoggerService: Logcat process found 1355
06-10 13:15:46.718 30013 30028 I PhoneLab-LoggerService: Checking Threshold
06-10 13:15:46.718 30013 30028 I PhoneLab-LoggerService: Starting to rename files
06-10 13:15:46.718 30013 30028 I PhoneLab-LoggerService: Files found .. 10
06-10 13:15:46.722 30013 30028 I PhoneLab-: Service Running
06-10 13:15:46.750 30013 30028 I PhoneLab-LoggerService: app_38    1355  1     1836   1384  c00f181c 400107b4 S logcat
06-10 13:15:46.750 30013 30028 I PhoneLab-LoggerService: Logcat pid from database 1355
06-10 13:15:46.750 30013 30028 I PhoneLab-LoggerService: Logcat process found 1355
06-10 13:15:46.750 30013 30028 I PhoneLab-LoggerService: Checking Threshold
06-10 13:15:46.750 30013 30028 I PhoneLab-LoggerService: Starting to rename files
06-10 13:15:46.750 30013 30028 I PhoneLab-LoggerService: Files found .. 10
06-10 13:15:46.754 30013 30028 I PhoneLab-: Service Running
06-10 13:15:46.789 30013 30028 I PhoneLab-LoggerService: app_38    1355  1     1836   1384  c00f181c 400107b4 S logcat
06-10 13:15:46.789 30013 30028 I PhoneLab-LoggerService: Logcat pid from database 1355
06-10 13:15:46.789 30013 30028 I PhoneLab-LoggerService: Logcat process found 1355
06-10 13:15:46.789 30013 30028 I PhoneLab-LoggerService: Checking Threshold
06-10 13:15:46.789 30013 30028 I PhoneLab-LoggerService: Starting to rename files
