06-23 14:30:31.562  3581  3594 I PhoneLab-LoggerService: Logcat pid from database 1211
06-23 14:30:31.562  3581  3594 I PhoneLab-LoggerService: Logcat process found 1211
06-23 14:30:31.562  3581  3594 I PhoneLab-LoggerService: Checking Threshold
06-23 14:30:31.562  3581  3594 I PhoneLab-LoggerService: Starting to rename files
06-23 14:30:31.562  3581  3594 I PhoneLab-LoggerService: Files found .. 3
06-23 14:30:31.566  3581  3594 I PhoneLab-: Service Running
06-23 14:30:31.597  3581  3594 I PhoneLab-LoggerService: app_37    1211  1     1436   996   c00f181c 400107b4 S logcat
06-23 14:30:31.597  3581  3594 I PhoneLab-LoggerService: Logcat pid from database 1211
06-23 14:30:31.597  3581  3594 I PhoneLab-LoggerService: Logcat process found 1211
06-23 14:30:31.597  3581  3594 I PhoneLab-LoggerService: Checking Threshold
06-23 14:30:31.597  3581  3594 I PhoneLab-LoggerService: Starting to rename files
06-23 14:30:31.597  3581  3594 I PhoneLab-LoggerService: Files found .. 3
06-23 14:30:31.601  3581  3594 I PhoneLab-: Service Running
06-23 14:30:31.601   310   310 D wpa_supplicant: RTM_NEWLINK: operstate=0 ifi_flags=0x11003 ([UP][LOWER_UP])
06-23 14:30:31.601   310   310 D wpa_supplicant: RTM_NEWLINK, IFLA_IFNAME: Interface 'wlan0' added
06-23 14:30:31.601   310   310 D wpa_supplicant: Wireless event: cmd=0x8c00 len=20
06-23 14:30:31.636  3581  3594 I PhoneLab-LoggerService: app_37    1211  1     1436   996   c00f181c 400107b4 S logcat
06-23 14:30:31.640  3581  3594 I PhoneLab-LoggerService: Logcat pid from database 1211
06-23 14:30:31.640  3581  3594 I PhoneLab-LoggerService: Logcat process found 1211
06-23 14:30:31.640  3581  3594 I PhoneLab-LoggerService: Checking Threshold
06-23 14:30:31.640  3581  3594 I PhoneLab-LoggerService: Starting to rename files
06-23 14:30:31.640  3581  3594 I PhoneLab-LoggerService: Files found .. 3
06-23 14:30:31.640  3581  3594 I PhoneLab-: Service Running
06-23 14:30:31.644   310   310 D wpa_supplicant: RTM_NEWLINK: operstate=0 ifi_flags=0x11003 ([UP][LOWER_UP])
06-23 14:30:31.644   310   310 D wpa_supplicant: RTM_NEWLINK, IFLA_IFNAME: Interface 'wlan0' added
06-23 14:30:31.644   310   310 D wpa_supplicant: Wireless event: cmd=0x8c00 len=20
06-23 14:30:31.668  3581  3584 D dalvikvm: GC_CONCURRENT freed 395K, 18% free 9141K/11143K, paused 1ms+5ms
06-23 14:30:31.691  3581  3594 I PhoneLab-LoggerService: app_37    1211  1     1436   996   c00f181c 400107b4 S logcat
06-23 14:30:31.691  3581  3594 I PhoneLab-LoggerService: Logcat pid from database 1211
06-23 14:30:31.691  3581  3594 I PhoneLab-LoggerService: Logcat process found 1211
06-23 14:30:31.691  3581  3594 I PhoneLab-LoggerService: Checking Threshold
06-23 14:30:31.691  3581  3594 I PhoneLab-LoggerService: Starting to rename files
06-23 14:30:31.695  3581  3594 I PhoneLab-LoggerService: Files found .. 3
06-23 14:30:31.695  3581  3594 I PhoneLab-: Service Running
06-23 14:30:31.695   310   310 D wpa_supplicant: RTM_NEWLINK: operstate=0 ifi_flags=0x11003 ([UP][LOWER_UP])
06-23 14:30:31.695   310   310 D wpa_supplicant: RTM_NEWLINK, IFLA_IFNAME: Interface 'wlan0' added
06-23 14:30:31.695   310   310 D wpa_supplicant: Wireless event: cmd=0x8c00 len=20
06-23 14:30:31.730  3581  3594 I PhoneLab-LoggerService: app_37    1211  1     1436   996   c00f181c 400107b4 S logcat
06-23 14:30:31.730  3581  3594 I PhoneLab-LoggerService: Logcat pid from database 1211
06-23 14:30:31.730  3581  3594 I PhoneLab-LoggerService: Logcat process found 1211
06-23 14:30:31.730  3581  3594 I PhoneLab-LoggerService: Checking Threshold
06-23 14:30:31.730  3581  3594 I PhoneLab-LoggerService: Starting to rename files
06-23 14:30:31.730  3581  3594 I PhoneLab-LoggerService: Files found .. 3
06-23 14:30:31.734  3581  3594 I PhoneLab-: Service Running
06-23 14:30:31.761  3581  3594 I PhoneLab-LoggerService: app_37    1211  1     1436   996   c00f181c 400107b4 S logcat
06-23 14:30:31.761  3581  3594 I PhoneLab-LoggerService: Logcat pid from database 1211
06-23 14:30:31.761  3581  3594 I PhoneLab-LoggerService: Logcat process found 1211
06-23 14:30:31.761  3581  3594 I PhoneLab-LoggerService: Checking Threshold
06-23 14:30:31.761  3581  3594 I PhoneLab-LoggerService: Starting to rename files
06-23 14:30:31.761  3581  3594 I PhoneLab-LoggerService: Files found .. 3
06-23 14:30:31.765  3581  3594 I PhoneLab-: Service Running
06-23 14:30:31.793  3581  3594 I PhoneLab-LoggerService: app_37    1211  1     1436   996   c00f181c 400107b4 S logcat
06-23 14:30:31.793  3581  3594 I PhoneLab-LoggerService: Logcat pid from database 1211
06-23 14:30:31.793  3581  3594 I PhoneLab-LoggerService: Logcat process found 1211
06-23 14:30:31.797  3581  3594 I PhoneLab-LoggerService: Checking Threshold
06-23 14:30:31.797  3581  3594 I PhoneLab-LoggerService: Starting to rename files
06-23 14:30:31.797  3581  3594 I PhoneLab-LoggerService: Files found .. 3
06-23 14:30:31.797  3581  3594 I PhoneLab-: Service Running
06-23 14:30:31.800   310   310 D wpa_supplicant: RTM_NEWLINK: operstate=0 ifi_flags=0x11003 ([UP][LOWER_UP])
06-23 14:30:31.800   310   310 D wpa_supplicant: RTM_NEWLINK, IFLA_IFNAME: Interface 'wlan0' added
06-23 14:30:31.800   310   310 D wpa_supplicant: Wireless event: cmd=0x8c00 len=20
06-23 14:30:31.832  3581  3594 I PhoneLab-LoggerService: app_37    1211  1     1436   996   c00f181c 400107b4 S logcat
06-23 14:30:31.832  3581  3594 I PhoneLab-LoggerService: Logcat pid from database 1211
06-23 14:30:31.832  3581  3594 I PhoneLab-LoggerService: Logcat process found 1211
06-23 14:30:31.832  3581  3594 I PhoneLab-LoggerService: Checking Threshold
06-23 14:30:31.832  3581  3594 I PhoneLab-LoggerService: Starting to rename files
06-23 14:30:31.832  3581  3594 I PhoneLab-LoggerService: Files found .. 3
06-23 14:30:31.836  3581  3594 I PhoneLab-: Service Running
06-23 14:30:31.863  3581  3594 I PhoneLab-LoggerService: app_37    1211  1     1436   996   c00f181c 400107b4 S logcat
06-23 14:30:31.863  3581  3594 I PhoneLab-LoggerService: Logcat pid from database 1211
06-23 14:30:31.863  3581  3594 I PhoneLab-LoggerService: Logcat process found 1211
06-23 14:30:31.863  3581  3594 I PhoneLab-LoggerService: Checking Threshold
06-23 14:30:31.863  3581  3594 I PhoneLab-LoggerService: Starting to rename files
06-23 14:30:31.863  3581  3594 I PhoneLab-LoggerService: Files found .. 3
06-23 14:30:31.867  3581  3594 I PhoneLab-: Service Running
06-23 14:30:31.902  3581  3594 I PhoneLab-LoggerService: app_37    1211  1     1436   996   c00f181c 400107b4 S logcat
06-23 14:30:31.902  3581  3594 I PhoneLab-LoggerService: Logcat pid from database 1211
06-23 14:30:31.902  3581  3594 I PhoneLab-LoggerService: Logcat process found 1211
06-23 14:30:31.902  3581  3594 I PhoneLab-LoggerService: Checking Threshold
06-23 14:30:31.902  3581  3594 I PhoneLab-LoggerService: Starting to rename files
06-23 14:30:31.902  3581  3594 I PhoneLab-LoggerService: Files found .. 3
06-23 14:30:31.914  3581  3584 D dalvikvm: GC_CONCURRENT freed 396K, 18% free 9141K/11143K, paused 2ms+1ms
06-23 14:30:32.125   310   310 D wpa_supplicant: RTM_NEWLINK: operstate=0 ifi_flags=0x11003 ([UP][LOWER_UP])
06-23 14:30:32.125   310   310 D wpa_supplicant: RTM_NEWLINK, IFLA_IFNAME: Interface 'wlan0' added
06-23 14:30:32.125   310   310 D wpa_supplicant: Wireless event: cmd=0x8c00 len=20
06-23 14:30:32.261   310   310 D wpa_supplicant: RTM_NEWLINK: operstate=0 ifi_flags=0x11003 ([UP][LOWER_UP])
06-23 14:30:32.261   310   310 D wpa_supplicant: RTM_NEWLINK, IFLA_IFNAME: Interface 'wlan0' added
06-23 14:30:32.261   310   310 D wpa_supplicant: Wireless event: cmd=0x8c00 len=20
06-23 14:30:32.566   310   310 D wpa_supplicant: WPA: PTK derivation - A1=b4:07:f9:3e:c0:74 A2=f4:6d:04:6d:25:46
06-23 14:30:32.593   310   310 D wpa_supplicant: wpa_driver_wext_set_key: alg=3 key_idx=0 set_tx=1 seq_len=6 key_len=16
06-23 14:30:32.597   310   310 D wpa_supplicant: EAPOL: External notification - portValid=1
06-23 14:30:32.605   310   310 D wpa_supplicant: wpa_driver_wext_set_key: alg=3 key_idx=1 set_tx=0 seq_len=6 key_len=16
06-23 14:30:32.613   310   310 I wpa_supplicant: wlan0: WPA: Key negotiation completed with f4:6d:04:6d:25:46 [PTK=CCMP GTK=CCMP]
06-23 14:30:32.613   310   310 I wpa_supplicant: wlan0: CTRL-EVENT-CONNECTED - Connection to f4:6d:04:6d:25:46 completed (reauth) [id=1 id_str=]
06-23 14:30:32.613   310   310 D wpa_supplicant: wpa_driver_wext_set_operstate: operstate 0->1 (UP)
06-23 14:30:32.613   310   310 D wpa_supplicant: netlink: Operstate: linkmode=-1, operstate=6
06-23 14:30:32.656   310   310 D wpa_supplicant: EAPOL: External notification - portValid=1
06-23 14:30:32.656   310   310 D wpa_supplicant: EAPOL: External notification - EAP success=1
06-23 14:30:32.656   310   310 D wpa_supplicant: EAPOL: SUPP_PAE entering state AUTHENTICATING
06-23 14:30:32.656   310   310 D wpa_supplicant: EAPOL: SUPP_BE entering state SUCCESS
06-23 14:30:32.656   310   310 D wpa_supplicant: EAP: EAP entering state DISABLED
06-23 14:30:32.656   310   310 D wpa_supplicant: EAPOL: SUPP_PAE entering state AUTHENTICATED
06-23 14:30:32.656   310   310 D wpa_supplicant: EAPOL: Supplicant port status: Authorized
06-23 14:30:32.656   310   310 D wpa_supplicant: EAPOL: SUPP_BE entering state IDLE
06-23 14:30:32.656   310   310 D wpa_supplicant: EAPOL authentication completed successfully
06-23 14:30:32.656   310   310 D wpa_supplicant: RTM_NEWLINK: operstate=1 ifi_flags=0x11043 ([UP][RUNNING][LOWER_UP])
06-23 14:30:32.656   310   310 D wpa_supplicant: RTM_NEWLINK, IFLA_IFNAME: Interface 'wlan0' added
06-23 14:30:32.656   310   310 D wpa_supplicant: RTM_NEWLINK: operstate=1 ifi_flags=0x11043 ([UP][RUNNING][LOWER_UP])
06-23 14:30:32.656   310   310 D wpa_supplicant: RTM_NEWLINK, IFLA_IFNAME: Interface 'wlan0' added
06-23 14:30:32.656   310   310 D wpa_supplicant: Wireless event: cmd=0x8c00 len=20
06-23 14:30:32.672   310   310 D wpa_supplicant: wpa_driver_wext_driver_cmd BTCOEXMODE 1 len = 4096
06-23 14:30:32.828   310   310 D wpa_supplicant: wpa_driver_wext_driver_cmd OK len = 0, 2
06-23 14:30:32.836   310   310 D wpa_supplicant: RTM_NEWLINK: operstate=1 ifi_flags=0x11043 ([UP][RUNNING][LOWER_UP])
06-23 14:30:32.836   310   310 D wpa_supplicant: RTM_NEWLINK, IFLA_IFNAME: Interface 'wlan0' added
06-23 14:30:32.836   310   310 D wpa_supplicant: Wireless event: cmd=0x8c00 len=20
06-23 14:30:32.836   310   310 D wpa_supplicant: RTM_NEWLINK: operstate=1 ifi_flags=0x11043 ([UP][RUNNING][LOWER_UP])
06-23 14:30:32.836   310   310 D wpa_supplicant: RTM_NEWLINK, IFLA_IFNAME: Interface 'wlan0' added
06-23 14:30:32.836   310   310 D wpa_supplicant: Wireless event: cmd=0x8c00 len=20
06-23 14:30:32.836   310   310 D wpa_supplicant: RTM_NEWLINK: operstate=1 ifi_flags=0x11043 ([UP][RUNNING][LOWER_UP])
06-23 14:30:32.836   310   310 D wpa_supplicant: RTM_NEWLINK, IFLA_IFNAME: Interface 'wlan0' added
06-23 14:30:32.836   310   310 D wpa_supplicant: Wireless event: cmd=0x8c00 len=20
06-23 14:30:32.836   310   310 D wpa_supplicant: wpa_driver_wext_driver_cmd GETPOWER len = 4096
06-23 14:30:32.843   310   310 D wpa_supplicant: wpa_driver_wext_driver_cmd powermode = 1 len = 13, 13
06-23 14:30:32.871   310   310 D wpa_supplicant: RTM_NEWLINK: operstate=1 ifi_flags=0x11043 ([UP][RUNNING][LOWER_UP])
06-23 14:30:32.871   310   310 D wpa_supplicant: RTM_NEWLINK, IFLA_IFNAME: Interface 'wlan0' added
06-23 14:30:32.871   310   310 D wpa_supplicant: Wireless event: cmd=0x8c00 len=20
06-23 14:30:32.957   310   310 D wpa_supplicant: RTM_NEWLINK: operstate=1 ifi_flags=0x11043 ([UP][RUNNING][LOWER_UP])
06-23 14:30:32.957   310   310 D wpa_supplicant: RTM_NEWLINK, IFLA_IFNAME: Interface 'wlan0' added
06-23 14:30:32.957   310   310 D wpa_supplicant: Wireless event: cmd=0x8c00 len=20
06-23 14:30:33.082   310   310 D wpa_supplicant: RTM_NEWLINK: operstate=1 ifi_flags=0x11043 ([UP][RUNNING][LOWER_UP])
06-23 14:30:33.082   310   310 D wpa_supplicant: RTM_NEWLINK, IFLA_IFNAME: Interface 'wlan0' added
06-23 14:30:33.082   310   310 D wpa_supplicant: Wireless event: cmd=0x8c00 len=20
06-23 14:30:33.129   310   310 D wpa_supplicant: RTM_NEWLINK: operstate=1 ifi_flags=0x11043 ([UP][RUNNING][LOWER_UP])
06-23 14:30:33.129   310   310 D wpa_supplicant: RTM_NEWLINK, IFLA_IFNAME: Interface 'wlan0' added
06-23 14:30:33.129   310   310 D wpa_supplicant: Wireless event: cmd=0x8c00 len=20
06-23 14:30:33.160   310   310 D wpa_supplicant: RTM_NEWLINK: operstate=1 ifi_flags=0x11043 ([UP][RUNNING][LOWER_UP])
06-23 14:30:33.168   310   310 D wpa_supplicant: RTM_NEWLINK, IFLA_IFNAME: Interface 'wlan0' added
06-23 14:30:33.168   310   310 D wpa_supplicant: Wireless event: cmd=0x8c00 len=20
06-23 14:30:33.336   310   310 D wpa_supplicant: RTM_NEWLINK: operstate=1 ifi_flags=0x11043 ([UP][RUNNING][LOWER_UP])
06-23 14:30:33.336   310   310 D wpa_supplicant: RTM_NEWLINK, IFLA_IFNAME: Interface 'wlan0' added
06-23 14:30:33.336   310   310 D wpa_supplicant: Wireless event: cmd=0x8c00 len=20
06-23 14:30:33.433   310   310 D wpa_supplicant: RTM_NEWLINK: operstate=1 ifi_flags=0x11043 ([UP][RUNNING][LOWER_UP])
06-23 14:30:33.433   310   310 D wpa_supplicant: RTM_NEWLINK, IFLA_IFNAME: Interface 'wlan0' added
06-23 14:30:33.433   310   310 D wpa_supplicant: Wireless event: cmd=0x8c00 len=20
06-23 14:30:33.843   310   310 D wpa_supplicant: RTM_NEWLINK: operstate=1 ifi_flags=0x11043 ([UP][RUNNING][LOWER_UP])
06-23 14:30:33.843   310   310 D wpa_supplicant: RTM_NEWLINK, IFLA_IFNAME: Interface 'wlan0' added
06-23 14:30:33.843   310   310 D wpa_supplicant: Wireless event: cmd=0x8c00 len=20
06-23 14:30:34.453   310   310 D wpa_supplicant: RTM_NEWLINK: operstate=1 ifi_flags=0x11043 ([UP][RUNNING][LOWER_UP])
06-23 14:30:34.453   310   310 D wpa_supplicant: RTM_NEWLINK, IFLA_IFNAME: Interface 'wlan0' added
06-23 14:30:34.453   310   310 D wpa_supplicant: Wireless event: cmd=0x8c00 len=20
06-23 14:30:34.500   310   310 D wpa_supplicant: RTM_NEWLINK: operstate=1 ifi_flags=0x11043 ([UP][RUNNING][LOWER_UP])
06-23 14:30:34.500   310   310 D wpa_supplicant: RTM_NEWLINK, IFLA_IFNAME: Interface 'wlan0' added
06-23 14:30:34.500   310   310 D wpa_supplicant: Wireless event: cmd=0x8c00 len=20
06-23 14:30:34.531   310   310 D wpa_supplicant: RTM_NEWLINK: operstate=1 ifi_flags=0x11043 ([UP][RUNNING][LOWER_UP])
06-23 14:30:34.531   310   310 D wpa_supplicant: RTM_NEWLINK, IFLA_IFNAME: Interface 'wlan0' added
06-23 14:30:34.531   310   310 D wpa_supplicant: Wireless event: cmd=0x8c00 len=20
06-23 14:30:34.558   310   310 D wpa_supplicant: RTM_NEWLINK: operstate=1 ifi_flags=0x11043 ([UP][RUNNING][LOWER_UP])
06-23 14:30:34.558   310   310 D wpa_supplicant: RTM_NEWLINK, IFLA_IFNAME: Interface 'wlan0' added
06-23 14:30:34.558   310   310 D wpa_supplicant: Wireless event: cmd=0x8c00 len=20
06-23 14:30:34.590   310   310 D wpa_supplicant: RTM_NEWLINK: operstate=1 ifi_flags=0x11043 ([UP][RUNNING][LOWER_UP])
06-23 14:30:34.590   310   310 D wpa_supplicant: RTM_NEWLINK, IFLA_IFNAME: Interface 'wlan0' added
06-23 14:30:34.590   310   310 D wpa_supplicant: Wireless event: cmd=0x8c00 len=20
06-23 14:30:34.687   310   310 D wpa_supplicant: RTM_NEWLINK: operstate=1 ifi_flags=0x11043 ([UP][RUNNING][LOWER_UP])
06-23 14:30:34.687   310   310 D wpa_supplicant: RTM_NEWLINK, IFLA_IFNAME: Interface 'wlan0' added
06-23 14:30:34.687   310   310 D wpa_supplicant: Wireless event: cmd=0x8c00 len=20
06-23 14:30:34.785   310   310 D wpa_supplicant: RTM_NEWLINK: operstate=1 ifi_flags=0x11043 ([UP][RUNNING][LOWER_UP])
06-23 14:30:34.785   310   310 D wpa_supplicant: RTM_NEWLINK, IFLA_IFNAME: Interface 'wlan0' added
06-23 14:30:34.785   310   310 D wpa_supplicant: Wireless event: cmd=0x8c00 len=20
06-23 14:30:34.965   310   310 D wpa_supplicant: RTM_NEWLINK: operstate=1 ifi_flags=0x11043 ([UP][RUNNING][LOWER_UP])
06-23 14:30:34.965   310   310 D wpa_supplicant: RTM_NEWLINK, IFLA_IFNAME: Interface 'wlan0' added
06-23 14:30:34.965   310   310 D wpa_supplicant: Wireless event: cmd=0x8c00 len=20
06-23 14:30:35.172   310   310 D wpa_supplicant: RTM_NEWLINK: operstate=1 ifi_flags=0x11043 ([UP][RUNNING][LOWER_UP])
06-23 14:30:35.172   310   310 D wpa_supplicant: RTM_NEWLINK, IFLA_IFNAME: Interface 'wlan0' added
06-23 14:30:35.172   310   310 D wpa_supplicant: Wireless event: cmd=0x8c00 len=20
06-23 14:30:35.289   310   310 D wpa_supplicant: RTM_NEWLINK: operstate=1 ifi_flags=0x11043 ([UP][RUNNING][LOWER_UP])
06-23 14:30:35.289   310   310 D wpa_supplicant: RTM_NEWLINK, IFLA_IFNAME: Interface 'wlan0' added
06-23 14:30:35.289   310   310 D wpa_supplicant: Wireless event: cmd=0x8c00 len=20
06-23 14:30:35.406   310   310 D wpa_supplicant: RTM_NEWLINK: operstate=1 ifi_flags=0x11043 ([UP][RUNNING][LOWER_UP])
06-23 14:30:35.406   310   310 D wpa_supplicant: RTM_NEWLINK, IFLA_IFNAME: Interface 'wlan0' added
06-23 14:30:35.406   310   310 D wpa_supplicant: Wireless event: cmd=0x8c00 len=20
06-23 14:30:35.504   310   310 D wpa_supplicant: RTM_NEWLINK: operstate=1 ifi_flags=0x11043 ([UP][RUNNING][LOWER_UP])
06-23 14:30:35.504   310   310 D wpa_supplicant: RTM_NEWLINK, IFLA_IFNAME: Interface 'wlan0' added
06-23 14:30:35.504   310   310 D wpa_supplicant: Wireless event: cmd=0x8c00 len=20
06-23 14:30:35.590   310   310 D wpa_supplicant: RTM_NEWLINK: operstate=1 ifi_flags=0x11043 ([UP][RUNNING][LOWER_UP])
06-23 14:30:35.590   310   310 D wpa_supplicant: RTM_NEWLINK, IFLA_IFNAME: Interface 'wlan0' added
06-23 14:30:35.590   310   310 D wpa_supplicant: Wireless event: cmd=0x8b15 len=20
06-23 14:30:35.590   310   310 D wpa_supplicant: Wireless event: new AP: 00:00:00:00:00:00
06-23 14:30:35.590   310   310 D wpa_supplicant: Added BSSID f4:6d:04:6d:25:46 into blacklist
06-23 14:30:35.590   310   310 I wpa_supplicant: wlan0: CTRL-EVENT-DISCONNECTED bssid=f4:6d:04:6d:25:46 reason=0
06-23 14:30:35.590   310   310 D wpa_supplicant: wpa_driver_wext_set_key: alg=0 key_idx=0 set_tx=0 seq_len=0 key_len=0
06-23 14:30:35.593    76   113 D CommandListener: Clearing all IP addresses on wlan0
06-23 14:30:35.617   310   310 D wpa_supplicant: wpa_driver_wext_set_key: alg=0 key_idx=1 set_tx=0 seq_len=0 key_len=0
06-23 14:30:35.625   310   310 D wpa_supplicant: wpa_driver_wext_set_key: alg=0 key_idx=2 set_tx=0 seq_len=0 key_len=0
06-23 14:30:35.640   310   310 D wpa_supplicant: wpa_driver_wext_set_key: alg=0 key_idx=3 set_tx=0 seq_len=0 key_len=0
06-23 14:30:35.644   310   310 D wpa_supplicant: wpa_driver_wext_set_key: alg=0 key_idx=0 set_tx=0 seq_len=0 key_len=0
06-23 14:30:35.652   310   310 D wpa_supplicant: wpa_driver_wext_set_operstate: operstate 1->0 (DORMANT)
06-23 14:30:35.652   310   310 D wpa_supplicant: netlink: Operstate: linkmode=-1, operstate=5
06-23 14:30:35.675   310   310 D wpa_supplicant: EAPOL: External notification - portEnabled=0
06-23 14:30:35.675   310   310 D wpa_supplicant: EAPOL: SUPP_PAE entering state DISCONNECTED
06-23 14:30:35.675   310   310 D wpa_supplicant: EAPOL: Supplicant port status: Unauthorized
06-23 14:30:35.675   310   310 D wpa_supplicant: EAPOL: SUPP_BE entering state INITIALIZE
06-23 14:30:35.675   310   310 D wpa_supplicant: EAPOL: Supplicant port status: Unauthorized
06-23 14:30:35.675   310   310 D wpa_supplicant: EAPOL: External notification - portValid=0
06-23 14:30:35.675   310   310 D wpa_supplicant: EAPOL: Supplicant port status: Unauthorized
06-23 14:30:35.675   310   310 D wpa_supplicant: EAPOL: External notification - EAP success=0
06-23 14:30:35.675   310   310 D wpa_supplicant: EAPOL: Supplicant port status: Unauthorized
06-23 14:30:35.675   310   310 D wpa_supplicant: RTM_NEWLINK: operstate=0 ifi_flags=0x11043 ([UP][RUNNING][LOWER_UP])
06-23 14:30:35.675   310   310 D wpa_supplicant: RTM_NEWLINK, IFLA_IFNAME: Interface 'wlan0' added
06-23 14:30:35.675   310   310 D wpa_supplicant: Wireless event: cmd=0x8c02 len=25
06-23 14:30:35.675   310   310 D wpa_supplicant: RTM_NEWLINK: operstate=0 ifi_flags=0x11043 ([UP][RUNNING][LOWER_UP])
06-23 14:30:35.675   310   310 D wpa_supplicant: RTM_NEWLINK, IFLA_IFNAME: Interface 'wlan0' added
06-23 14:30:35.675   310   310 D wpa_supplicant: Wireless event: cmd=0x8c00 len=20
06-23 14:30:35.675   310   310 D wpa_supplicant: RTM_NEWLINK: operstate=0 ifi_flags=0x11043 ([UP][RUNNING][LOWER_UP])
06-23 14:30:35.675   310   310 D wpa_supplicant: RTM_NEWLINK, IFLA_IFNAME: Interface 'wlan0' added
06-23 14:30:35.675   310   310 D wpa_supplicant: Wireless event: cmd=0x8c00 len=20
06-23 14:30:35.675   310   310 D wpa_supplicant: RTM_NEWLINK: operstate=0 ifi_flags=0x11043 ([UP][RUNNING][LOWER_UP])
06-23 14:30:35.675   310   310 D wpa_supplicant: RTM_NEWLINK, IFLA_IFNAME: Interface 'wlan0' added
06-23 14:30:35.675   310   310 D wpa_supplicant: Wireless event: cmd=0x8c00 len=20
06-23 14:30:35.675   310   310 D wpa_supplicant: RTM_NEWLINK: operstate=0 ifi_flags=0x11043 ([UP][RUNNING][LOWER_UP])
06-23 14:30:35.675   310   310 D wpa_supplicant: RTM_NEWLINK, IFLA_IFNAME: Interface 'wlan0' added
06-23 14:30:35.675   310   310 D wpa_supplicant: Wireless event: cmd=0x8c00 len=20
06-23 14:30:35.675   310   310 D wpa_supplicant: RTM_NEWLINK: operstate=0 ifi_flags=0x11003 ([UP][LOWER_UP])
06-23 14:30:35.675   310   310 D wpa_supplicant: RTM_NEWLINK, IFLA_IFNAME: Interface 'wlan0' added
06-23 14:30:35.687   142   198 D ConnectivityService: ConnectivityChange for WIFI: DISCONNECTED/DISCONNECTED
06-23 14:30:35.687   142   198 D ConnectivityService: Attempting to switch to mobile
06-23 14:30:35.691   142   198 D ConnectivityService: Attempting to switch to WIMAX
06-23 14:30:35.691   142   198 D ConnectivityService: Attempting to switch to BLUETOOTH_TETHER
06-23 14:30:35.707   310   310 D wpa_supplicant: WPS: Building WPS IE for Probe Request
06-23 14:30:35.707   310   310 D wpa_supplicant: WPS:  * Version (hardcoded 0x10)
06-23 14:30:35.707   310   310 D wpa_supplicant: WPS:  * Request Type
06-23 14:30:35.707   310   310 D wpa_supplicant: WPS:  * Config Methods (2388)
06-23 14:30:35.707   310   310 D wpa_supplicant: WPS:  * UUID-E
06-23 14:30:35.707   310   310 D wpa_supplicant: WPS:  * Primary Device Type
06-23 14:30:35.707   310   310 D wpa_supplicant: WPS:  * RF Bands (3)
06-23 14:30:35.707   310   310 D wpa_supplicant: WPS:  * Association State
06-23 14:30:35.707   310   310 D wpa_supplicant: WPS:  * Configuration Error (0)
06-23 14:30:35.707   310   310 D wpa_supplicant: WPS:  * Device Password ID (0)
06-23 14:30:35.707   310   310 D wpa_supplicant: WPS:  * Manufacturer
06-23 14:30:35.707   310   310 D wpa_supplicant: WPS:  * Model Name
06-23 14:30:35.707   310   310 D wpa_supplicant: WPS:  * Model Number
06-23 14:30:35.707   310   310 D wpa_supplicant: WPS:  * Device Name
06-23 14:30:35.707   310   310 D wpa_supplicant: WPS:  * Version2 (0x20)
06-23 14:30:35.707   310   310 D wpa_supplicant: wpa_driver_wext_combo_scan: Start
06-23 14:30:35.707   310   310 D wpa_supplicant: For Scan: (null)
06-23 14:30:35.715   310   310 D wpa_supplicant: Scan requested (ret=0) - scan timeout 30 seconds
06-23 14:30:35.715   310   310 D wpa_supplicant: RTM_NEWLINK: operstate=0 ifi_flags=0x11003 ([UP][LOWER_UP])
06-23 14:30:35.715   310   310 D wpa_supplicant: RTM_NEWLINK, IFLA_IFNAME: Interface 'wlan0' added
06-23 14:30:35.715   310   310 D wpa_supplicant: Wireless event: cmd=0x8c00 len=20
06-23 14:30:35.722   142   193 W NetworkStats: dropping UID delta from unknown iface: iface=wlan0 uid=0 set=DEFAULT tag=0x0 rxBytes=0 rxPackets=0 txBytes=196 txPackets=3 operations=0
06-23 14:30:35.785   142   194 D NetworkPolicy: applying policy NetworkPolicy[NetworkTemplate: matchRule=MOBILE_ALL, subscriberId=valid]: cycleDay=20, warningBytes=2147483648, limitBytes=-1, lastSnooze=-1 to ifaces [rmnet0]
06-23 14:30:35.859   142   194 D NetworkPolicy: applying policy NetworkPolicy[NetworkTemplate: matchRule=MOBILE_ALL, subscriberId=valid]: cycleDay=20, warningBytes=2147483648, limitBytes=-1, lastSnooze=-1 to ifaces [rmnet0]
06-23 14:30:36.488   310   310 D wpa_supplicant: EAPOL: Supplicant port status: Unauthorized
06-23 14:30:36.879   310   310 D wpa_supplicant: RTM_NEWLINK: operstate=0 ifi_flags=0x11003 ([UP][LOWER_UP])
06-23 14:30:36.879   310   310 D wpa_supplicant: RTM_NEWLINK, IFLA_IFNAME: Interface 'wlan0' added
06-23 14:30:36.879   310   310 D wpa_supplicant: Wireless event: cmd=0x8b19 len=8
06-23 14:30:36.879   310   310 D wpa_supplicant: Received 0 bytes of scan results (0 BSSes)
06-23 14:30:36.879   310   310 D wpa_supplicant: Removed BSSID f4:6d:04:6d:25:46 from blacklist (clear)
06-23 14:30:37.488   310   310 D wpa_supplicant: EAPOL: Supplicant port status: Unauthorized
06-23 14:30:38.488   310   310 D wpa_supplicant: EAPOL: Supplicant port status: Unauthorized
06-23 14:30:38.664   310   310 D wpa_supplicant: RTM_NEWLINK: operstate=0 ifi_flags=0x11003 ([UP][LOWER_UP])
06-23 14:30:38.664   310   310 D wpa_supplicant: RTM_NEWLINK, IFLA_IFNAME: Interface 'wlan0' added
06-23 14:30:38.664   310   310 D wpa_supplicant: Wireless event: cmd=0x8c00 len=20
06-23 14:30:38.742   142   202 D Tethering: MasterInitialState.processMessage what=3
06-23 14:30:38.824   142   202 D Tethering: MasterInitialState.processMessage what=3
06-23 14:30:38.863   296   300 D dalvikvm: GC_CONCURRENT freed 435K, 5% free 10654K/11207K, paused 2ms+4ms
06-23 14:30:38.882   142   306 I ActivityManager: Start proc com.google.android.apps.uploader for broadcast com.google.android.apps.uploader/.ConnectivityBroadcastReceiver: pid=5807 uid=10030 gids={3003}
06-23 14:30:38.894  5807  5807 I dalvikvm: Turning on JNI app bug workarounds for target SDK version 11...
06-23 14:30:38.961  5807  5807 I ActivityThread: Pub com.google.android.apps.uploader: com.google.android.apps.uploader.UploadsContentProvider
06-23 14:30:38.961  5807  5807 I ActivityThread: Pub com.google.photos.provider.Album: com.google.android.apps.uploader.clients.picasa.AlbumProvider
06-23 14:30:38.968  5807  5807 D MediaUploader: UploaderApplication.onCreate
06-23 14:30:39.000  5807  5807 D MediaUploader: nonWifiLimit=20971520, default=20971520
06-23 14:30:39.004  5807  5807 I MediaUploader: No need to wake up
06-23 14:30:39.011  3581  3581 I PhoneLab-WiFiReceiver: Wi-Fi is disconnected!
06-23 14:30:39.011   142   342 I ActivityManager: No longer want com.google.android.apps.docs (pid 5478): hidden #16
06-23 14:30:39.097  5544  5575 D PicasaSyncManager: active network: NetworkInfo: type: mobile[CDMA - EvDo rev. 0], state: CONNECTED/CONNECTED, reason: (unspecified), extra: , roaming: false, failover: false, isAvailable: true
06-23 14:30:39.097  5544  5575 D PicasaSyncManager: background data: true
06-23 14:30:39.132   142  4863 I ActivityManager: Start proc com.google.android.apps.docs for broadcast com.google.android.apps.docs/.receivers.NetworkChangeReceiver: pid=5825 uid=10078 gids={3003, 1015, 1006}
06-23 14:30:39.238   142   142 D dalvikvm: GC_EXPLICIT freed 1087K, 19% free 16701K/20487K, paused 3ms+8ms
06-23 14:30:39.273   142   198 D ConnectivityService: handleInetConditionHoldEnd: net=0, condition=100, published condition=100
06-23 14:30:39.386  5825  5825 I ActivityThread: Pub com.google.android.apps.docs.files: com.google.android.apps.docs.sync.filemanager.FileProvider
06-23 14:30:39.398  5825  5825 I ActivityThread: Pub com.google.android.apps.docs.doclist.search_suggest: com.google.android.apps.docs.doclist.DocListGlobalSearchSuggestionProvider
06-23 14:30:39.476  5825  5825 V /ContextScope.java:112: 14:30:39.475 main Contexts in the main scope map after inserting com.google.android.apps.docs.editors.EditorsApplication@4135cd80: com.google.android.apps.docs.editors.EditorsApplication@4135cd80
06-23 14:30:39.492   310   310 D wpa_supplicant: EAPOL: Supplicant port status: Unauthorized
06-23 14:30:39.582  5825  5827 D dalvikvm: GC_CONCURRENT freed 229K, 4% free 9306K/9607K, paused 4ms+2ms
06-23 14:30:39.691  5825  5827 D dalvikvm: GC_CONCURRENT freed 458K, 6% free 9365K/9927K, paused 2ms+1ms
06-23 14:30:39.789  5825  5827 D dalvikvm: GC_CONCURRENT freed 506K, 6% free 9417K/9991K, paused 1ms+2ms
06-23 14:30:39.894  5825  5827 D dalvikvm: GC_CONCURRENT freed 538K, 6% free 9473K/10055K, paused 1ms+2ms
06-23 14:30:39.988  5825  5827 D dalvikvm: GC_CONCURRENT freed 518K, 6% free 9461K/10055K, paused 2ms+3ms
06-23 14:30:40.082  5825  5827 D dalvikvm: GC_CONCURRENT freed 467K, 6% free 9506K/10055K, paused 2ms+2ms
06-23 14:30:40.183  5825  5827 D dalvikvm: GC_CONCURRENT freed 528K, 6% free 9515K/10119K, paused 2ms+2ms
06-23 14:30:40.297  5825  5827 D dalvikvm: GC_CONCURRENT freed 422K, 6% free 9608K/10119K, paused 2ms+3ms
06-23 14:30:40.445  5825  5827 D dalvikvm: GC_CONCURRENT freed 491K, 6% free 9661K/10247K, paused 2ms+3ms
06-23 14:30:40.492   310   310 D wpa_supplicant: EAPOL: Supplicant port status: Unauthorized
06-23 14:30:40.570  5825  5827 D dalvikvm: GC_CONCURRENT freed 431K, 6% free 9732K/10247K, paused 2ms+2ms
06-23 14:30:40.679   310   310 D wpa_supplicant: RTM_NEWLINK: operstate=0 ifi_flags=0x11003 ([UP][LOWER_UP])
06-23 14:30:40.679   310   310 D wpa_supplicant: RTM_NEWLINK, IFLA_IFNAME: Interface 'wlan0' added
06-23 14:30:40.679   310   310 D wpa_supplicant: Wireless event: cmd=0x8b15 len=20
06-23 14:30:40.679   310   310 D wpa_supplicant: Wireless event: new AP: 00:00:00:00:00:00
06-23 14:30:40.691  5825  5827 D dalvikvm: GC_CONCURRENT freed 473K, 6% free 9761K/10311K, paused 2ms+3ms
06-23 14:30:40.824  5825  5827 D dalvikvm: GC_CONCURRENT freed 530K, 6% free 9766K/10375K, paused 1ms+2ms
06-23 14:30:40.855  5825  5825 D /Ln.java:220: 14:30:40.858 main Configuring Logging, minimum log level is INFO
06-23 14:30:40.871  5825  5825 D DocListDatabase: openHelper points on new database: DocList.db
06-23 14:30:40.871  5825  5825 D DocListDatabase: in openWriteDatabase
06-23 14:30:40.894  5825  5825 W ND      : Could not load Finalizer in its own class loader. Loading Finalizer in the current class loader instead. As a result, you will not be able to garbage collect this class loader. To support reclaiming this class loader, either resolve the underlying issue, or move Google Collections to your system class path.
06-23 14:30:40.894  5825  5825 W ND      : java.io.FileNotFoundException: com/google/inject/internal/Finalizer.class
06-23 14:30:40.894  5825  5825 W ND      : 	at NE.a(FinalizableReferenceQueue.java:269)
06-23 14:30:40.894  5825  5825 W ND      : 	at NE.a(FinalizableReferenceQueue.java:253)
06-23 14:30:40.894  5825  5825 W ND      : 	at ND.a(FinalizableReferenceQueue.java:175)
06-23 14:30:40.894  5825  5825 W ND      : 	at ND.<clinit>(FinalizableReferenceQueue.java:100)
06-23 14:30:40.894  5825  5825 W ND      : 	at OT.<clinit>(MapMaker.java:787)
06-23 14:30:40.894  5825  5825 W ND      : 	at Ph.<init>(MapMaker.java:946)
06-23 14:30:40.894  5825  5825 W ND      : 	at Pb.a(MapMaker.java:312)
06-23 14:30:40.894  5825  5825 W ND      : 	at OX.a(MapMaker.java:498)
06-23 14:30:40.894  5825  5825 W ND      : 	at OX.a(MapMaker.java:419)
06-23 14:30:40.894  5825  5825 W ND      : 	at Nb.get(CustomConcurrentHashMap.java:2029)
06-23 14:30:40.894  5825  5825 W ND      : 	at MM.a(BytecodeGen.java:149)
06-23 14:30:40.894  5825  5825 W ND      : 	at MM.a(BytecodeGen.java:132)
06-23 14:30:40.894  5825  5825 W ND      : 	at MX.a(ConstructionContext.java:80)
06-23 14:30:40.894  5825  5825 W ND      : 	at KG.a(ConstructorInjector.java:70)
06-23 14:30:40.894  5825  5825 W ND      : 	at KF.a(ConstructorBindingImpl.java:111)
06-23 14:30:40.894  5825  5825 W ND      : 	at LU.a(ProviderToInternalFactoryAdapter.java:45)
06-23 14:30:40.894  5825  5825 W ND      : 	at Li.a(InjectorImpl.java:811)
06-23 14:30:40.894  5825  5825 W ND      : 	at LT.a(ProviderToInternalFactoryAdapter.java:42)
06-23 14:30:40.894  5825  5825 W ND      : 	at Mc.a(Scopes.java:54)
06-23 14:30:40.894  5825  5825 W ND      : 	at Lz.a(InternalFactoryToProviderAdapter.java:48)
06-23 14:30:40.894  5825  5825 W ND      : 	at KR.a(FactoryProxy.java:56)
06-23 14:30:40.894  5825  5825 W ND      : 	at Mi.a(SingleParameterInjector.java:42)
06-23 14:30:40.894  5825  5825 W ND      : 	at Mi.a(SingleParameterInjector.java:66)
06-23 14:30:40.894  5825  5825 W ND      : 	at KG.a(ConstructorInjector.java:84)
06-23 14:30:40.894  5825  5825 W ND      : 	at KF.a(ConstructorBindingImpl.java:111)
06-23 14:30:40.894  5825  5825 W ND      : 	at KR.a(FactoryProxy.java:56)
06-23 14:30:40.894  5825  5825 W ND      : 	at Mi.a(SingleParameterInjector.java:42)
06-23 14:30:40.894  5825  5825 W ND      : 	at Mi.a(SingleParameterInjector.java:66)
06-23 14:30:40.894  5825  5825 W ND      : 	at KG.a(ConstructorInjector.java:84)
06-23 14:30:40.894  5825  5825 W ND      : 	at KF.a(ConstructorBindingImpl.java:111)
06-23 14:30:40.894  5825  5825 W ND      : 	at LU.a(ProviderToInternalFactoryAdapter.java:45)
06-23 14:30:40.894  5825  5825 W ND      : 	at Li.a(InjectorImpl.java:811)
06-23 14:30:40.894  5825  5825 W ND      : 	at LT.a(ProviderToInternalFactoryAdapter.java:42)
06-23 14:30:40.894  5825  5825 W ND      : 	at Mc.a(Scopes.java:54)
06-23 14:30:40.894  5825  5825 W ND      : 	at Lz.a(InternalFactoryToProviderAdapter.java:48)
06-23 14:30:40.894  5825  5825 W ND      : 	at Lg.a(InjectorBuilder.java:200)
06-23 14:30:40.894  5825  5825 W ND      : 	at Lg.a(InjectorBuilder.java:194)
06-23 14:30:40.894  5825  5825 W ND      : 	at Li.a(InjectorImpl.java:804)
06-23 14:30:40.894  5825  5825 W ND      : 	at Lf.a(InjectorBuilder.java:194)
06-23 14:30:40.894  5825  5825 W ND      : 	at Lf.b(InjectorBuilder.java:176)
06-23 14:30:40.894  5825  5825 W ND      : 	at Lf.a(InjectorBuilder.java:113)
06-23 14:30:40.894  5825  5825 W ND      : 	at KS.a(Guice.java:92)
06-23 14:30:40.894  5825  5825 W ND      : 	at roboguice.application.RoboApplication.b(RoboApplication.java:146)
06-23 14:30:40.894  5825  5825 W ND      : 	at roboguice.application.RoboApplication.a(RoboApplication.java:84)
06-23 14:30:40.894  5825  5825 W ND      : 	at com.google.android.apps.docs.GuiceContentProvider.a(GuiceContentProvider.java:36)
06-23 14:30:40.894  5825  5825 W ND      : 	at com.google.android.apps.docs.GuiceContentProvider.onCreate(GuiceContentProvider.java:27)
06-23 14:30:40.894  5825  5825 W ND      : 	at com.google.android.apps.docs.doclist.BaseSearchSuggestionProvider.onCreate(BaseSearchSuggestionProvider.java:88)
06-23 14:30:40.894  5825  5825 W ND      : 	at android.content.ContentProvider.attachInfo(ContentProvider.java:944)
06-23 14:30:40.894  5825  5825 W ND      : 	at android.app.ActivityThread.installProvider(ActivityThread.java:4237)
06-23 14:30:40.894  5825  5825 W ND      : 	at android.app.ActivityThread.installContentProviders(ActivityThread.java:3992)
06-23 14:30:40.894  5825  5825 W ND      : 	at android.app.ActivityThread.handleBindApplication(ActivityThread.java:3946)
06-23 14:30:40.894  5825  5825 W ND      : 	at android.app.ActivityThread.access$1300(ActivityThread.java:123)
06-23 14:30:40.894  5825  5825 W ND      : 	at android.app.ActivityThread$H.handleMessage(ActivityThread.java:1185)
06-23 14:30:40.894  5825  5825 W ND      : 	at android.os.Handler.dispatchMessage(Handler.java:99)
06-23 14:30:40.894  5825  5825 W ND      : 	at android.os.Looper.loop(Looper.java:137)
06-23 14:30:40.894  5825  5825 W ND      : 	at android.app.ActivityThread.main(ActivityThread.java:4424)
06-23 14:30:40.894  5825  5825 W ND      : 	at java.lang.reflect.Method.invokeNative(Native Method)
06-23 14:30:40.894  5825  5825 W ND      : 	at java.lang.reflect.Method.invoke(Method.java:511)
06-23 14:30:40.894  5825  5825 W ND      : 	at com.android.internal.os.ZygoteInit$MethodAndArgsCaller.run(ZygoteInit.java:784)
06-23 14:30:40.894  5825  5825 W ND      : 	at com.android.internal.os.ZygoteInit.main(ZygoteInit.java:551)
06-23 14:30:40.894  5825  5825 W ND      : 	at dalvik.system.NativeStart.main(Native Method)
06-23 14:30:40.922  5825  5825 I ND      : Failed to start reference finalizer thread. Reference cleanup will only occur when new references are created.
06-23 14:30:40.922  5825  5825 I ND      : java.lang.reflect.InvocationTargetException
06-23 14:30:40.922  5825  5825 I ND      : 	at java.lang.reflect.Method.invokeNative(Native Method)
06-23 14:30:40.922  5825  5825 I ND      : 	at java.lang.reflect.Method.invoke(Method.java:511)
06-23 14:30:40.922  5825  5825 I ND      : 	at ND.<init>(FinalizableReferenceQueue.java:124)
06-23 14:30:40.922  5825  5825 I ND      : 	at OT.<clinit>(MapMaker.java:787)
06-23 14:30:40.922  5825  5825 I ND      : 	at Ph.<init>(MapMaker.java:946)
06-23 14:30:40.922  5825  5825 I ND      : 	at Pb.a(MapMaker.java:312)
06-23 14:30:40.922  5825  5825 I ND      : 	at OX.a(MapMaker.java:498)
06-23 14:30:40.922  5825  5825 I ND      : 	at OX.a(MapMaker.java:419)
06-23 14:30:40.922  5825  5825 I ND      : 	at Nb.get(CustomConcurrentHashMap.java:2029)
06-23 14:30:40.922  5825  5825 I ND      : 	at MM.a(BytecodeGen.java:149)
06-23 14:30:40.922  5825  5825 I ND      : 	at MM.a(BytecodeGen.java:132)
06-23 14:30:40.922  5825  5825 I ND      : 	at MX.a(ConstructionContext.java:80)
06-23 14:30:40.922  5825  5825 I ND      : 	at KG.a(ConstructorInjector.java:70)
06-23 14:30:40.922  5825  5825 I ND      : 	at KF.a(ConstructorBindingImpl.java:111)
06-23 14:30:40.922  5825  5825 I ND      : 	at LU.a(ProviderToInternalFactoryAdapter.java:45)
06-23 14:30:40.922  5825  5825 I ND      : 	at Li.a(InjectorImpl.java:811)
06-23 14:30:40.922  5825  5825 I ND      : 	at LT.a(ProviderToInternalFactoryAdapter.java:42)
06-23 14:30:40.922  5825  5825 I ND      : 	at Mc.a(Scopes.java:54)
06-23 14:30:40.922  5825  5825 I ND      : 	at Lz.a(InternalFactoryToProviderAdapter.java:48)
06-23 14:30:40.922  5825  5825 I ND      : 	at KR.a(FactoryProxy.java:56)
06-23 14:30:40.922  5825  5825 I ND      : 	at Mi.a(SingleParameterInjector.java:42)
06-23 14:30:40.922  5825  5825 I ND      : 	at Mi.a(SingleParameterInjector.java:66)
06-23 14:30:40.922  5825  5825 I ND      : 	at KG.a(ConstructorInjector.java:84)
06-23 14:30:40.922  5825  5825 I ND      : 	at KF.a(ConstructorBindingImpl.java:111)
06-23 14:30:40.922  5825  5825 I ND      : 	at KR.a(FactoryProxy.java:56)
06-23 14:30:40.922  5825  5825 I ND      : 	at Mi.a(SingleParameterInjector.java:42)
06-23 14:30:40.922  5825  5825 I ND      : 	at Mi.a(SingleParameterInjector.java:66)
06-23 14:30:40.922  5825  5825 I ND      : 	at KG.a(ConstructorInjector.java:84)
06-23 14:30:40.922  5825  5825 I ND      : 	at KF.a(ConstructorBindingImpl.java:111)
06-23 14:30:40.922  5825  5825 I ND      : 	at LU.a(ProviderToInternalFactoryAdapter.java:45)
06-23 14:30:40.922  5825  5825 I ND      : 	at Li.a(InjectorImpl.java:811)
06-23 14:30:40.922  5825  5825 I ND      : 	at LT.a(ProviderToInternalFactoryAdapter.java:42)
06-23 14:30:40.922  5825  5825 I ND      : 	at Mc.a(Scopes.java:54)
06-23 14:30:40.922  5825  5825 I ND      : 	at Lz.a(InternalFactoryToProviderAdapter.java:48)
06-23 14:30:40.922  5825  5825 I ND      : 	at Lg.a(InjectorBuilder.java:200)
06-23 14:30:40.922  5825  5825 I ND      : 	at Lg.a(InjectorBuilder.java:194)
06-23 14:30:40.922  5825  5825 I ND      : 	at Li.a(InjectorImpl.java:804)
06-23 14:30:40.922  5825  5825 I ND      : 	at Lf.a(InjectorBuilder.java:194)
06-23 14:30:40.922  5825  5825 I ND      : 	at Lf.b(InjectorBuilder.java:176)
06-23 14:30:40.922  5825  5825 I ND      : 	at Lf.a(InjectorBuilder.java:113)
06-23 14:30:40.922  5825  5825 I ND      : 	at KS.a(Guice.java:92)
06-23 14:30:40.922  5825  5825 I ND      : 	at roboguice.application.RoboApplication.b(RoboApplication.java:146)
06-23 14:30:40.922  5825  5825 I ND      : 	at roboguice.application.RoboApplication.a(RoboApplication.java:84)
06-23 14:30:40.922  5825  5825 I ND      : 	at com.google.android.apps.docs.GuiceContentProvider.a(GuiceContentProvider.java:36)
06-23 14:30:40.922  5825  5825 I ND      : 	at com.google.android.apps.docs.GuiceContentProvider.onCreate(GuiceContentProvider.java:27)
06-23 14:30:40.922  5825  5825 I ND      : 	at com.google.android.apps.docs.doclist.BaseSearchSuggestionProvider.onCreate(BaseSearchSuggestionProvider.java:88)
06-23 14:30:40.922  5825  5825 I ND      : 	at android.content.ContentProvider.attachInfo(ContentProvider.java:944)
06-23 14:30:40.922  5825  5825 I ND      : 	at android.app.ActivityThread.installProvider(ActivityThread.java:4237)
06-23 14:30:40.922  5825  5825 I ND      : 	at android.app.ActivityThread.installContentProviders(ActivityThread.java:3992)
06-23 14:30:40.922  5825  5825 I ND      : 	at android.app.ActivityThread.handleBindApplication(ActivityThread.java:3946)
06-23 14:30:40.922  5825  5825 I ND      : 	at android.app.ActivityThread.access$1300(ActivityThread.java:123)
06-23 14:30:40.922  5825  5825 I ND      : 	at android.app.ActivityThread$H.handleMessage(ActivityThread.java:1185)
06-23 14:30:40.922  5825  5825 I ND      : 	at android.os.Handler.dispatchMessage(Handler.java:99)
06-23 14:30:40.922  5825  5825 I ND      : 	at android.os.Looper.loop(Looper.java:137)
06-23 14:30:40.922  5825  5825 I ND      : 	at android.app.ActivityThread.main(ActivityThread.java:4424)
06-23 14:30:40.922  5825  5825 I ND      : 	at java.lang.reflect.Method.invokeNative(Native Method)
06-23 14:30:40.922  5825  5825 I ND      : 	at java.lang.reflect.Method.invoke(Method.java:511)
06-23 14:30:40.922  5825  5825 I ND      : 	at com.android.internal.os.ZygoteInit$MethodAndArgsCaller.run(ZygoteInit.java:784)
06-23 14:30:40.922  5825  5825 I ND      : 	at com.android.internal.os.ZygoteInit.main(ZygoteInit.java:551)
06-23 14:30:40.922  5825  5825 I ND      : 	at dalvik.system.NativeStart.main(Native Method)
06-23 14:30:40.922  5825  5825 I ND      : Caused by: java.lang.IllegalArgumentException: Expected com.google.inject.internal.FinalizableReference.
06-23 14:30:40.922  5825  5825 I ND      : 	at NK.startFinalizer(Finalizer.java:77)
06-23 14:30:40.922  5825  5825 I ND      : 	... 60 more
06-23 14:30:40.941  5825  5827 D dalvikvm: GC_CONCURRENT freed 446K, 6% free 9832K/10375K, paused 2ms+3ms
06-23 14:30:40.972  5825  5825 I ActivityThread: Pub com.google.android.apps.docs.doclist.account_suggest: com.google.android.apps.docs.doclist.DocListAccountSuggestionProvider
06-23 14:30:40.980  5825  5825 I ActivityThread: Pub com.google.android.apps.docs: com.google.android.apps.docs.providers.DocListProvider
06-23 14:30:41.097  5807  5807 I MediaUploader: No need to wake up
06-23 14:30:41.191  5544  5575 D PicasaSyncManager: active network: NetworkInfo: type: mobile[CDMA - EvDo rev. 0], state: CONNECTED/CONNECTED, reason: (unspecified), extra: , roaming: false, failover: false, isAvailable: true
06-23 14:30:41.207   310   310 D wpa_supplicant: RTM_NEWLINK: operstate=0 ifi_flags=0x11003 ([UP][LOWER_UP])
06-23 14:30:41.207   310   310 D wpa_supplicant: RTM_NEWLINK, IFLA_IFNAME: Interface 'wlan0' added
06-23 14:30:41.207   310   310 D wpa_supplicant: Wireless event: cmd=0x8c00 len=20
06-23 14:30:41.207   310   310 D wpa_supplicant: RTM_NEWLINK: operstate=0 ifi_flags=0x11003 ([UP][LOWER_UP])
06-23 14:30:41.207   310   310 D wpa_supplicant: RTM_NEWLINK, IFLA_IFNAME: Interface 'wlan0' added
06-23 14:30:41.207   310   310 D wpa_supplicant: Wireless event: cmd=0x8c02 len=28
06-23 14:30:41.215  5544  5575 D PicasaSyncManager: background data: true
06-23 14:30:41.261  5678  5681 D dalvikvm: GC_CONCURRENT freed 471K, 8% free 9741K/10503K, paused 2ms+9ms
06-23 14:30:41.277  5825  5827 D dalvikvm: GC_CONCURRENT freed 425K, 6% free 9848K/10439K, paused 10ms+3ms
06-23 14:30:41.492   310   310 D wpa_supplicant: EAPOL: Supplicant port status: Unauthorized
06-23 14:30:41.847   142  4863 I ActivityManager: No longer want com.android.chrome (pid 5528): hidden #16
06-23 14:30:42.129   310   310 D wpa_supplicant: RTM_NEWLINK: operstate=0 ifi_flags=0x11003 ([UP][LOWER_UP])
06-23 14:30:42.129   310   310 D wpa_supplicant: RTM_NEWLINK, IFLA_IFNAME: Interface 'wlan0' added
06-23 14:30:42.129   310   310 D wpa_supplicant: Wireless event: cmd=0x8c00 len=20
06-23 14:30:42.140   310   310 D wpa_supplicant: RTM_NEWLINK: operstate=0 ifi_flags=0x11003 ([UP][LOWER_UP])
06-23 14:30:42.140   310   310 D wpa_supplicant: RTM_NEWLINK, IFLA_IFNAME: Interface 'wlan0' added
06-23 14:30:42.140   310   310 D wpa_supplicant: Wireless event: cmd=0x8c02 len=28
06-23 14:30:42.492   310   310 D wpa_supplicant: EAPOL: Supplicant port status: Unauthorized
06-23 14:30:43.062   310   310 D wpa_supplicant: RTM_NEWLINK: operstate=0 ifi_flags=0x11003 ([UP][LOWER_UP])
06-23 14:30:43.062   310   310 D wpa_supplicant: RTM_NEWLINK, IFLA_IFNAME: Interface 'wlan0' added
06-23 14:30:43.062   310   310 D wpa_supplicant: Wireless event: cmd=0x8c00 len=20
06-23 14:30:43.062   310   310 D wpa_supplicant: RTM_NEWLINK: operstate=0 ifi_flags=0x11003 ([UP][LOWER_UP])
06-23 14:30:43.062   310   310 D wpa_supplicant: RTM_NEWLINK, IFLA_IFNAME: Interface 'wlan0' added
06-23 14:30:43.062   310   310 D wpa_supplicant: Wireless event: cmd=0x8c02 len=28
06-23 14:30:43.492   310   310 D wpa_supplicant: EAPOL: Supplicant port status: Unauthorized
06-23 14:30:43.992   310   310 D wpa_supplicant: RTM_NEWLINK: operstate=0 ifi_flags=0x11003 ([UP][LOWER_UP])
06-23 14:30:43.992   310   310 D wpa_supplicant: RTM_NEWLINK, IFLA_IFNAME: Interface 'wlan0' added
06-23 14:30:43.992   310   310 D wpa_supplicant: Wireless event: cmd=0x8c00 len=20
06-23 14:30:43.992   310   310 D wpa_supplicant: RTM_NEWLINK: operstate=0 ifi_flags=0x11003 ([UP][LOWER_UP])
06-23 14:30:43.992   310   310 D wpa_supplicant: RTM_NEWLINK, IFLA_IFNAME: Interface 'wlan0' added
06-23 14:30:43.992   310   310 D wpa_supplicant: Wireless event: cmd=0x8c02 len=28
06-23 14:30:44.500   310   310 D wpa_supplicant: EAPOL: Supplicant port status: Unauthorized
06-23 14:30:44.945   310   310 D wpa_supplicant: RTM_NEWLINK: operstate=0 ifi_flags=0x11003 ([UP][LOWER_UP])
06-23 14:30:44.945   310   310 D wpa_supplicant: RTM_NEWLINK, IFLA_IFNAME: Interface 'wlan0' added
06-23 14:30:44.945   310   310 D wpa_supplicant: Wireless event: cmd=0x8c00 len=20
06-23 14:30:44.945   310   310 D wpa_supplicant: RTM_NEWLINK: operstate=0 ifi_flags=0x11003 ([UP][LOWER_UP])
06-23 14:30:44.945   310   310 D wpa_supplicant: RTM_NEWLINK, IFLA_IFNAME: Interface 'wlan0' added
06-23 14:30:44.945   310   310 D wpa_supplicant: Wireless event: cmd=0x8c02 len=28
06-23 14:30:45.500   310   310 D wpa_supplicant: EAPOL: Supplicant port status: Unauthorized
06-23 14:30:45.824   310   310 D wpa_supplicant: RTM_NEWLINK: operstate=0 ifi_flags=0x11003 ([UP][LOWER_UP])
06-23 14:30:45.824   310   310 D wpa_supplicant: RTM_NEWLINK, IFLA_IFNAME: Interface 'wlan0' added
06-23 14:30:45.824   310   310 D wpa_supplicant: Wireless event: cmd=0x8c00 len=20
06-23 14:30:45.824   310   310 D wpa_supplicant: RTM_NEWLINK: operstate=0 ifi_flags=0x11003 ([UP][LOWER_UP])
06-23 14:30:45.824   310   310 D wpa_supplicant: RTM_NEWLINK, IFLA_IFNAME: Interface 'wlan0' added
06-23 14:30:45.824   310   310 D wpa_supplicant: Wireless event: cmd=0x8c02 len=28
06-23 14:30:46.504   310   310 D wpa_supplicant: EAPOL: Supplicant port status: Unauthorized
06-23 14:30:46.742   310   310 D wpa_supplicant: RTM_NEWLINK: operstate=0 ifi_flags=0x11003 ([UP][LOWER_UP])
06-23 14:30:46.742   310   310 D wpa_supplicant: RTM_NEWLINK, IFLA_IFNAME: Interface 'wlan0' added
06-23 14:30:46.742   310   310 D wpa_supplicant: Wireless event: cmd=0x8c00 len=20
06-23 14:30:46.742   310   310 D wpa_supplicant: RTM_NEWLINK: operstate=0 ifi_flags=0x11003 ([UP][LOWER_UP])
06-23 14:30:46.742   310   310 D wpa_supplicant: RTM_NEWLINK, IFLA_IFNAME: Interface 'wlan0' added
06-23 14:30:46.742   310   310 D wpa_supplicant: Wireless event: cmd=0x8c02 len=28
06-23 14:30:47.504   310   310 D wpa_supplicant: EAPOL: Supplicant port status: Unauthorized
06-23 14:30:48.504   310   310 D wpa_supplicant: EAPOL: Supplicant port status: Unauthorized
06-23 14:30:48.675   310   310 D wpa_supplicant: RTM_NEWLINK: operstate=0 ifi_flags=0x11003 ([UP][LOWER_UP])
06-23 14:30:48.675   310   310 D wpa_supplicant: RTM_NEWLINK, IFLA_IFNAME: Interface 'wlan0' added
06-23 14:30:48.675   310   310 D wpa_supplicant: Wireless event: cmd=0x8b15 len=20
06-23 14:30:48.675   310   310 D wpa_supplicant: Wireless event: new AP: f4:6d:04:6d:25:46
06-23 14:30:48.675   310   310 D wpa_supplicant: wpa_driver_wext_set_operstate: operstate 0->0 (DORMANT)
06-23 14:30:48.675   310   310 D wpa_supplicant: netlink: Operstate: linkmode=-1, operstate=5
06-23 14:30:48.687   310   310 I wpa_supplicant: wlan0: Associated with f4:6d:04:6d:25:46
06-23 14:30:48.687   310   310 D wpa_supplicant: EAPOL: External notification - portEnabled=0
06-23 14:30:48.687   310   310 D wpa_supplicant: EAPOL: Supplicant port status: Unauthorized
06-23 14:30:48.687   310   310 D wpa_supplicant: EAPOL: External notification - portValid=0
06-23 14:30:48.687   310   310 D wpa_supplicant: EAPOL: Supplicant port status: Unauthorized
06-23 14:30:48.687   310   310 D wpa_supplicant: EAPOL: External notification - EAP success=0
06-23 14:30:48.687   310   310 D wpa_supplicant: EAPOL: Supplicant port status: Unauthorized
06-23 14:30:48.687   310   310 D wpa_supplicant: EAPOL: External notification - portEnabled=1
06-23 14:30:48.687   310   310 D wpa_supplicant: EAPOL: SUPP_PAE entering state CONNECTING
06-23 14:30:48.687   310   310 D wpa_supplicant: EAPOL: SUPP_BE entering state IDLE
06-23 14:30:48.785   310   310 D wpa_supplicant: RTM_NEWLINK: operstate=0 ifi_flags=0x11003 ([UP][LOWER_UP])
06-23 14:30:48.785   310   310 D wpa_supplicant: RTM_NEWLINK, IFLA_IFNAME: Interface 'wlan0' added
06-23 14:30:48.785   310   310 D wpa_supplicant: Wireless event: cmd=0x8c03 len=20
06-23 14:30:49.504   310   310 D wpa_supplicant: EAPOL: startWhen --> 0
06-23 14:30:49.504   310   310 D wpa_supplicant: EAPOL: disable timer tick
06-23 14:30:49.504   310   310 D wpa_supplicant: EAPOL: SUPP_PAE entering state CONNECTING
06-23 14:30:49.504   310   310 D wpa_supplicant: EAPOL: enable timer tick
06-23 14:30:49.504   310   310 D wpa_supplicant: EAPOL: txStart
06-23 14:30:49.504   310   310 D wpa_supplicant: WPA: drop TX EAPOL in non-IEEE 802.1X mode (type=1 len=0)
