06-25 16:00:37.257  1242  1281 D com.smule.android.network.SongbookAPI: Creating listing link, section: All Songs listing Free Bird (Epic!!)
06-25 16:00:37.261  1242  1281 D com.smule.android.network.SongbookAPI: Creating listing link, section: All Songs listing Fugue in Dm (BWV 565)
06-25 16:00:37.265  1242  1281 D com.smule.android.network.SongbookAPI: Creating listing link, section: All Songs listing Gallop Marquis
06-25 16:00:37.269  1242  1281 D com.smule.android.network.SongbookAPI: Creating listing link, section: All Songs listing Georgia On My Mind
06-25 16:00:37.277  1242  1281 D com.smule.android.network.SongbookAPI: Creating listing link, section: All Songs listing Ghostbusters
06-25 16:00:37.281  1242  1281 D com.smule.android.network.SongbookAPI: Creating listing link, section: All Songs listing Gimme Shelter
06-25 16:00:37.285  1242  1281 D com.smule.android.network.SongbookAPI: Creating listing link, section: All Songs listing Go Tell It On The Mountain
06-25 16:00:37.289  1242  1281 D com.smule.android.network.SongbookAPI: Creating listing link, section: All Songs listing Gonna Fly Now (Theme from Rocky)
06-25 16:00:37.293  1242  1281 D com.smule.android.network.SongbookAPI: Creating listing link, section: All Songs listing Gravity
06-25 16:00:37.300  1242  1281 D com.smule.android.network.SongbookAPI: Creating listing link, section: All Songs listing Greensleeves
06-25 16:00:37.304  1242  1281 D com.smule.android.network.SongbookAPI: Creating listing link, section: All Songs listing Grenade
06-25 16:00:37.308  1242  1281 D com.smule.android.network.SongbookAPI: Creating listing link, section: All Songs listing Gymnopedie No. 1
06-25 16:00:37.316  1242  1281 D com.smule.android.network.SongbookAPI: Creating listing link, section: All Songs listing Hakuna Matata
06-25 16:00:37.320  1242  1281 D com.smule.android.network.SongbookAPI: Creating listing link, section: All Songs listing Halleluja (From The Messiah)
06-25 16:00:37.324  1242  1281 D com.smule.android.network.SongbookAPI: Creating listing link, section: All Songs listing Hallelujah
06-25 16:00:37.328  1242  1281 D com.smule.android.network.SongbookAPI: Creating listing link, section: All Songs listing Hard to Handle
06-25 16:00:37.336  1242  1281 D com.smule.android.network.SongbookAPI: Creating listing link, section: All Songs listing Hero
06-25 16:00:37.339  1242  1281 D com.smule.android.network.SongbookAPI: Creating listing link, section: All Songs listing Hero
06-25 16:00:37.343  1242  1281 D com.smule.android.network.SongbookAPI: Creating listing link, section: All Songs listing Hey Soul Sister
06-25 16:00:37.347  1242  1281 D com.smule.android.network.SongbookAPI: Creating listing link, section: All Songs listing Hey There Delilah
06-25 16:00:37.351  1242  1281 D com.smule.android.network.SongbookAPI: Creating listing link, section: All Songs listing Hit Me With Your Best Shot
06-25 16:00:37.359  1242  1281 D com.smule.android.network.SongbookAPI: Creating listing link, section: All Songs listing Hold It Against me
06-25 16:00:37.363  1242  1281 D com.smule.android.network.SongbookAPI: Creating listing link, section: All Songs listing Home 
06-25 16:00:37.367  1242  1281 D com.smule.android.network.SongbookAPI: Creating listing link, section: All Songs listing House of the Rising Sun
06-25 16:00:37.371  1242  1281 D com.smule.android.network.SongbookAPI: Creating listing link, section: All Songs listing How To Save A Life
06-25 16:00:37.375  1242  1281 D com.smule.android.network.SongbookAPI: Creating listing link, section: All Songs listing How You Remind Me
06-25 16:00:37.382  1242  1281 D com.smule.android.network.SongbookAPI: Creating listing link, section: All Songs listing I Am A Thoughtful Guy
06-25 16:00:37.386  1242  1281 D com.smule.android.network.SongbookAPI: Creating listing link, section: All Songs listing I Believe I Can Fly
06-25 16:00:37.453  1242  1246 D dalvikvm: GC_CONCURRENT freed 951K, 9% free 12050K/13127K, paused 2ms+5ms
06-25 16:00:37.453  1242  1281 D com.smule.android.network.SongbookAPI: Creating listing link, section: All Songs listing I Could Have Danced All Night
06-25 16:00:37.472  1242  1281 D com.smule.android.network.SongbookAPI: Creating listing link, section: All Songs listing I Dreamed A Dream
06-25 16:00:37.476  1242  1281 D com.smule.android.network.SongbookAPI: Creating listing link, section: All Songs listing I Just Can't Wait To Be King
06-25 16:00:37.480  1242  1281 D com.smule.android.network.SongbookAPI: Creating listing link, section: All Songs listing I Just Died In Your Arms Tonight
06-25 16:00:37.488  1242  1281 D com.smule.android.network.SongbookAPI: Creating listing link, section: All Songs listing I Look To You
06-25 16:00:37.492  1242  1281 D com.smule.android.network.SongbookAPI: Creating listing link, section: All Songs listing I Want It That Way
06-25 16:00:37.496  1242  1281 D com.smule.android.network.SongbookAPI: Creating listing link, section: All Songs listing I Want To Know What Love Is
06-25 16:00:37.500  1242  1281 D com.smule.android.network.SongbookAPI: Creating listing link, section: All Songs listing I Will Survive
06-25 16:00:37.507  1242  1281 D com.smule.android.network.SongbookAPI: Creating listing link, section: All Songs listing I Won't Give Up
06-25 16:00:37.511  1242  1281 D com.smule.android.network.SongbookAPI: Creating listing link, section: All Songs listing I'd Do Anything For Love
06-25 16:00:37.515  1242  1281 D com.smule.android.network.SongbookAPI: Creating listing link, section: All Songs listing I'll Be There
06-25 16:00:37.523  1242  1281 D com.smule.android.network.SongbookAPI: Creating listing link, section: All Songs listing If I Had A Million Dollars
06-25 16:00:37.527  1242  1281 D com.smule.android.network.SongbookAPI: Creating listing link, section: All Songs listing If I Were A Boy
06-25 16:00:37.531  1242  1281 D com.smule.android.network.SongbookAPI: Creating listing link, section: All Songs listing Im Yours
06-25 16:00:37.535  1242  1281 D com.smule.android.network.SongbookAPI: Creating listing link, section: All Songs listing In the Hall of the Mountain King
06-25 16:00:37.543  1242  1281 D com.smule.android.network.SongbookAPI: Creating listing link, section: All Songs listing Invention No. 4
06-25 16:00:37.546  1242  1281 D com.smule.android.network.SongbookAPI: Creating listing link, section: All Songs listing Jesu, Joy of Man's Desiring
06-25 16:00:37.550  1242  1281 D com.smule.android.network.SongbookAPI: Creating listing link, section: All Songs listing Jurassic Park Theme
06-25 16:00:37.554  1242  1281 D com.smule.android.network.SongbookAPI: Creating listing link, section: All Songs listing Just Dance
06-25 16:00:37.558  1242  1281 D com.smule.android.network.SongbookAPI: Creating listing link, section: All Songs listing Just the Way You Are 
06-25 16:00:37.566  1242  1281 D com.smule.android.network.SongbookAPI: Creating listing link, section: All Songs listing Just the Way You Are
06-25 16:00:37.570  1242  1281 D com.smule.android.network.SongbookAPI: Creating listing link, section: All Songs listing King of Anything
06-25 16:00:37.574  1242  1281 D com.smule.android.network.SongbookAPI: Creating listing link, section: All Songs listing Kiss the Girl
06-25 16:00:37.578  1242  1281 D com.smule.android.network.SongbookAPI: Creating listing link, section: All Songs listing Kleiner Trauermarsch In C
06-25 16:00:37.586  1242  1281 D com.smule.android.network.SongbookAPI: Creating listing link, section: All Songs listing L'Amour est un Oiseau Rebelle
06-25 16:00:37.589  1242  1281 D com.smule.android.network.SongbookAPI: Creating listing link, section: All Songs listing La Bamba 
06-25 16:00:37.593  1242  1281 D com.smule.android.network.SongbookAPI: Creating listing link, section: All Songs listing Law & Order Theme
06-25 16:00:37.597  1242  1281 D com.smule.android.network.SongbookAPI: Creating listing link, section: All Songs listing Lean On Me
06-25 16:00:37.605  1242  1281 D com.smule.android.network.SongbookAPI: Creating listing link, section: All Songs listing Legend of Zelda Theme
06-25 16:00:37.609  1242  1281 D com.smule.android.network.SongbookAPI: Creating listing link, section: All Songs listing Linus And Lucy - From Charlie Brown
06-25 16:00:37.613  1242  1281 D com.smule.android.network.SongbookAPI: Creating listing link, section: All Songs listing Losing My Religion
06-25 16:00:37.617  1242  1281 D com.smule.android.network.SongbookAPI: Creating listing link, section: All Songs listing Love Game
06-25 16:00:37.625  1242  1281 D com.smule.android.network.SongbookAPI: Creating listing link, section: All Songs listing Love Song
06-25 16:00:37.640  1242  1281 D com.smule.android.network.SongbookAPI: Creating listing link, section: All Songs listing Love You Like A Love Song
06-25 16:00:37.644  1242  1281 D com.smule.android.network.SongbookAPI: Creating listing link, section: All Songs listing Lucky
06-25 16:00:37.648  1242  1281 D com.smule.android.network.SongbookAPI: Creating listing link, section: All Songs listing Mad World
06-25 16:00:37.656  1242  1281 D com.smule.android.network.SongbookAPI: Creating listing link, section: All Songs listing Main and Greenhill Themes
06-25 16:00:37.660  1242  1281 D com.smule.android.network.SongbookAPI: Creating listing link, section: All Songs listing Man In The Mirror
06-25 16:00:37.668  1242  1281 D com.smule.android.network.SongbookAPI: Creating listing link, section: All Songs listing Maple Leaf Rag
06-25 16:00:37.675  1242  1281 D com.smule.android.network.SongbookAPI: Creating listing link, section: All Songs listing Minuet In G
06-25 16:00:37.683  1242  1281 D com.smule.android.network.SongbookAPI: Creating listing link, section: All Songs listing Minute Waltz
06-25 16:00:37.687  1242  1281 D com.smule.android.network.SongbookAPI: Creating listing link, section: All Songs listing Misery
06-25 16:00:37.703  1242  1281 D com.smule.android.network.SongbookAPI: Creating listing link, section: All Songs listing Moonlight Sonata
06-25 16:00:37.707  1242  1281 D com.smule.android.network.SongbookAPI: Creating listing link, section: All Songs listing More Than Words
06-25 16:00:37.714  1242  1281 D com.smule.android.network.SongbookAPI: Creating listing link, section: All Songs listing Moves Like Jagger
06-25 16:00:37.718  1242  1281 D com.smule.android.network.SongbookAPI: Creating listing link, section: All Songs listing Music of the Night
06-25 16:00:37.722  1242  1281 D com.smule.android.network.SongbookAPI: Creating listing link, section: All Songs listing My Immortal
06-25 16:00:37.726  1242  1281 D com.smule.android.network.SongbookAPI: Creating listing link, section: All Songs listing My Way
06-25 16:00:37.734  1242  1281 D com.smule.android.network.SongbookAPI: Creating listing link, section: All Songs listing Naturally
06-25 16:00:37.738  1242  1281 D com.smule.android.network.SongbookAPI: Creating listing link, section: All Songs listing Never Gonna Give You Up
06-25 16:00:37.742  1242  1281 D com.smule.android.network.SongbookAPI: Creating listing link, section: All Songs listing Never Say Never
06-25 16:00:37.746  1242  1281 D com.smule.android.network.SongbookAPI: Creating listing link, section: All Songs listing New York, New York
06-25 16:00:37.754  1242  1281 D com.smule.android.network.SongbookAPI: Creating listing link, section: All Songs listing No Air
06-25 16:00:37.757  1242  1281 D com.smule.android.network.SongbookAPI: Creating listing link, section: All Songs listing Nothin' On You
06-25 16:00:37.761  1242  1281 D com.smule.android.network.SongbookAPI: Creating listing link, section: All Songs listing O Canada
06-25 16:00:37.765  1242  1281 D com.smule.android.network.SongbookAPI: Creating listing link, section: All Songs listing Ode to Joy (from Symphony No. 9)
06-25 16:00:37.769  1242  1281 D com.smule.android.network.SongbookAPI: Creating listing link, section: All Songs listing On My Own
06-25 16:00:37.777  1242  1281 D com.smule.android.network.SongbookAPI: Creating listing link, section: All Songs listing One Less Lonely Girl
06-25 16:00:37.781  1242  1281 D com.smule.android.network.SongbookAPI: Creating listing link, section: All Songs listing One Of Us
06-25 16:00:37.785  1242  1281 D com.smule.android.network.SongbookAPI: Creating listing link, section: All Songs listing Pachelbel's Canon
06-25 16:00:37.789  1242  1281 D com.smule.android.network.SongbookAPI: Creating listing link, section: All Songs listing Paparazzi
06-25 16:00:37.793  1242  1281 D com.smule.android.network.SongbookAPI: Creating listing link, section: All Songs listing Part of Your World
06-25 16:00:37.800  1242  1281 D com.smule.android.network.SongbookAPI: Creating listing link, section: All Songs listing Pathetique Sonata - III. Rondo
06-25 16:00:37.804  1242  1281 D com.smule.android.network.SongbookAPI: Creating listing link, section: All Songs listing Phantom of the Opera
06-25 16:00:37.808  1242  1281 D com.smule.android.network.SongbookAPI: Creating listing link, section: All Songs listing Piano Man
06-25 16:00:37.812  1242  1281 D com.smule.android.network.SongbookAPI: Creating listing link, section: All Songs listing Piano Sonata Pathetique
06-25 16:00:37.820  1242  1281 D com.smule.android.network.SongbookAPI: Creating listing link, section: All Songs listing Pinch Me
06-25 16:00:37.824  1242  1281 D com.smule.android.network.SongbookAPI: Creating listing link, section: All Songs listing Poker Face
06-25 16:00:37.828  1242  1281 D com.smule.android.network.SongbookAPI: Creating listing link, section: All Songs listing Power Happy
06-25 16:00:37.832  1242  1281 D com.smule.android.network.SongbookAPI: Creating listing link, section: All Songs listing Prelude No. 15
06-25 16:00:37.839  1242  1281 D com.smule.android.network.SongbookAPI: Creating listing link, section: All Songs listing Princess Charming
06-25 16:00:37.843  1242  1281 D com.smule.android.network.SongbookAPI: Creating listing link, section: All Songs listing Reflection
06-25 16:00:37.847  1242  1281 D com.smule.android.network.SongbookAPI: Creating listing link, section: All Songs listing Requiem - 1a. Requiem
06-25 16:00:37.851  1242  1281 D com.smule.android.network.SongbookAPI: Creating listing link, section: All Songs listing Santeria
06-25 16:00:37.855  1242  1281 D com.smule.android.network.SongbookAPI: Creating listing link, section: All Songs listing Scarborough Fair
06-25 16:00:37.863  1242  1281 D com.smule.android.network.SongbookAPI: Creating listing link, section: All Songs listing Seasons of Love
06-25 16:00:37.867  1242  1281 D com.smule.android.network.SongbookAPI: Creating listing link, section: All Songs listing She Will Be Loved
06-25 16:00:37.871  1242  1281 D com.smule.android.network.SongbookAPI: Creating listing link, section: All Songs listing Shine
06-25 16:00:37.875  1242  1281 D com.smule.android.network.SongbookAPI: Creating listing link, section: All Songs listing Someday
06-25 16:00:37.949  1242  1246 D dalvikvm: GC_CONCURRENT freed 946K, 9% free 12055K/13127K, paused 2ms+7ms
06-25 16:00:37.949  1242  1281 D com.smule.android.network.SongbookAPI: Creating listing link, section: All Songs listing Somewhere Over The Rainbow
06-25 16:00:37.968  1242  1281 D com.smule.android.network.SongbookAPI: Creating listing link, section: All Songs listing Spoonful of Sugar (Helps the Medicine Go Down)
06-25 16:00:37.972  1242  1281 D com.smule.android.network.SongbookAPI: Creating listing link, section: All Songs listing Stand By Me
06-25 16:00:37.980  1242  1281 D com.smule.android.network.SongbookAPI: Creating listing link, section: All Songs listing Super Mario Bros. 2 - Main Theme
06-25 16:00:37.984  1242  1281 D com.smule.android.network.SongbookAPI: Creating listing link, section: All Songs listing Super Mario Bros. Theme
06-25 16:00:37.988  1242  1281 D com.smule.android.network.SongbookAPI: Creating listing link, section: All Songs listing Super Mario Bros. Underwater Music
06-25 16:00:37.992  1242  1281 D com.smule.android.network.SongbookAPI: Creating listing link, section: All Songs listing Superman (It's Not Easy)
06-25 16:00:38.000  1242  1281 D com.smule.android.network.SongbookAPI: Creating listing link, section: All Songs listing Sweet Home Alabama
06-25 16:00:38.004  1242  1281 D com.smule.android.network.SongbookAPI: Creating listing link, section: All Songs listing Take On Me
06-25 16:00:38.011  1242  1281 D com.smule.android.network.SongbookAPI: Creating listing link, section: All Songs listing Take The Heartland (from The Hunger Games)
06-25 16:00:38.015  1242  1281 D com.smule.android.network.SongbookAPI: Creating listing link, section: All Songs listing Tetris Theme A
06-25 16:00:38.019  1242  1281 D com.smule.android.network.SongbookAPI: Creating listing link, section: All Songs listing The Bare Necessities
06-25 16:00:38.023  1242  1281 D com.smule.android.network.SongbookAPI: Creating listing link, section: All Songs listing The Battle Hymn of the Republic
06-25 16:00:38.031  1242  1281 D com.smule.android.network.SongbookAPI: Creating listing link, section: All Songs listing The Final Countdown
06-25 16:00:38.035  1242  1281 D com.smule.android.network.SongbookAPI: Creating listing link, section: All Songs listing The Man Who Can't Be Moved
06-25 16:00:38.039  1242  1281 D com.smule.android.network.SongbookAPI: Creating listing link, section: All Songs listing The Old Apartment
06-25 16:00:38.043  1242  1281 D com.smule.android.network.SongbookAPI: Creating listing link, section: All Songs listing The Rose
06-25 16:00:38.046  1242  1281 D com.smule.android.network.SongbookAPI: Creating listing link, section: All Songs listing The Scientist
06-25 16:00:38.054  1242  1281 D com.smule.android.network.SongbookAPI: Creating listing link, section: All Songs listing The Star Spangled Banner
06-25 16:00:38.058  1242  1281 D com.smule.android.network.SongbookAPI: Creating listing link, section: All Songs listing Theme from Jaws
06-25 16:00:38.062  1242  1281 D com.smule.android.network.SongbookAPI: Creating listing link, section: All Songs listing This Love
06-25 16:00:38.066  1242  1281 D com.smule.android.network.SongbookAPI: Creating listing link, section: All Songs listing To Be With You
06-25 16:00:38.074  1242  1281 D com.smule.android.network.SongbookAPI: Creating listing link, section: All Songs listing Toccata in Dm (BWV 565)
06-25 16:00:38.078  1242  1281 D com.smule.android.network.SongbookAPI: Creating listing link, section: All Songs listing Total Eclipse Of The Heart
06-25 16:00:38.082  1242  1281 D com.smule.android.network.SongbookAPI: Creating listing link, section: All Songs listing Toxic
06-25 16:00:38.086  1242  1281 D com.smule.android.network.SongbookAPI: Creating listing link, section: All Songs listing True Colors
06-25 16:00:38.093  1242  1281 D com.smule.android.network.SongbookAPI: Creating listing link, section: All Songs listing Twinkle Twinkle Little Star
06-25 16:00:38.097  1242  1281 D com.smule.android.network.SongbookAPI: Creating listing link, section: All Songs listing U Smile
06-25 16:00:38.101  1242  1281 D com.smule.android.network.SongbookAPI: Creating listing link, section: All Songs listing Under the Sea
06-25 16:00:38.105  1242  1281 D com.smule.android.network.SongbookAPI: Creating listing link, section: All Songs listing Viva La Vida
06-25 16:00:38.113  1242  1281 D com.smule.android.network.SongbookAPI: Creating listing link, section: All Songs listing Walking In Memphis
06-25 16:00:38.117  1242  1281 D com.smule.android.network.SongbookAPI: Creating listing link, section: All Songs listing What The Hell
06-25 16:00:38.121  1242  1281 D com.smule.android.network.SongbookAPI: Creating listing link, section: All Songs listing Whats My Age Again
06-25 16:00:38.125  1242  1281 D com.smule.android.network.SongbookAPI: Creating listing link, section: All Songs listing When The Saints Go Marching In
06-25 16:00:38.132  1242  1281 D com.smule.android.network.SongbookAPI: Creating listing link, section: All Songs listing Wrong Way
06-25 16:00:38.136  1242  1281 D com.smule.android.network.SongbookAPI: Creating listing link, section: All Songs listing Yellow
06-25 16:00:38.140  1242  1281 D com.smule.android.network.SongbookAPI: Creating listing link, section: All Songs listing You Are Not Alone
06-25 16:00:38.144  1242  1281 D com.smule.android.network.SongbookAPI: Creating listing link, section: All Songs listing You Can't Always Get What You Want
06-25 16:00:38.148  1242  1281 D com.smule.android.network.SongbookAPI: Creating listing link, section: All Songs listing You Found Me
06-25 16:00:38.156  1242  1281 D com.smule.android.network.SongbookAPI: Creating listing link, section: All Songs listing You've Got A Friend In Me
06-25 16:00:38.160  1242  1281 D com.smule.android.network.SongbookAPI: Creating listing link, section: All Songs listing Zip-a-Dee-Doo-Dah
06-25 16:00:38.304  1242  1281 I com.smule.android.network.SongbookAPI: Parsed 0 listing links in 5 sections in 20.905001 seconds
06-25 16:00:38.308  1242  1281 I com.smule.android.network.SongbookAPI: Songbook sync finished after 26.924000 seconds
06-25 16:01:01.090   212   214 D dalvikvm: GC_CONCURRENT freed 470K, 66% free 9907K/28935K, paused 4ms+3ms
06-25 16:01:21.086 32688 32701 I PhoneLab-: Service Running
06-25 16:01:21.164   310   310 D wpa_supplicant: wpa_driver_wext_driver_cmd BTCOEXMODE 1 len = 4096
06-25 16:01:21.218   142   142 I ActivityManager: Process com.android.chrome (pid 806) has died.
06-25 16:01:21.257 32688 32701 I PhoneLab-LoggerService: app_37    1211  1     1436   996   c00f181c 400107b4 S logcat
06-25 16:01:21.261 32688 32701 I PhoneLab-LoggerService: Logcat pid from database 1211
06-25 16:01:21.261 32688 32701 I PhoneLab-LoggerService: Logcat process found 1211
06-25 16:01:21.261 32688 32701 I PhoneLab-LoggerService: Checking Threshold
06-25 16:01:21.265 32688 32701 I PhoneLab-LoggerService: Starting to rename files
06-25 16:01:21.265 32688 32701 I PhoneLab-LoggerService: Files found .. 13
06-25 16:01:21.265 32688 32701 I PhoneLab-: Service Running
06-25 16:01:21.293 32688 32701 I PhoneLab-LoggerService: app_37    1211  1     1436   996   c00f181c 400107b4 S logcat
06-25 16:01:21.296 32688 32701 I PhoneLab-LoggerService: Logcat pid from database 1211
06-25 16:01:21.296 32688 32701 I PhoneLab-LoggerService: Logcat process found 1211
06-25 16:01:21.296 32688 32701 I PhoneLab-LoggerService: Checking Threshold
06-25 16:01:21.296 32688 32701 I PhoneLab-LoggerService: Starting to rename files
06-25 16:01:21.296 32688 32701 I PhoneLab-LoggerService: Files found .. 13
06-25 16:01:21.316 32688 32701 I PhoneLab-: Service Running
06-25 16:01:21.336 32688 32690 D dalvikvm: GC_CONCURRENT freed 398K, 7% free 9080K/9671K, paused 1ms+2ms
06-25 16:01:21.363 32688 32701 I PhoneLab-LoggerService: app_37    1211  1     1436   996   c00f181c 400107b4 S logcat
06-25 16:01:21.363 32688 32701 I PhoneLab-LoggerService: Logcat pid from database 1211
06-25 16:01:21.363 32688 32701 I PhoneLab-LoggerService: Logcat process found 1211
06-25 16:01:21.363 32688 32701 I PhoneLab-LoggerService: Checking Threshold
06-25 16:01:21.363 32688 32701 I PhoneLab-LoggerService: Starting to rename files
06-25 16:01:21.363 32688 32701 I PhoneLab-LoggerService: Files found .. 13
06-25 16:01:21.367 32688 32701 I PhoneLab-: Service Running
06-25 16:01:21.394 32688 32701 I PhoneLab-LoggerService: app_37    1211  1     1436   996   c00f181c 400107b4 S logcat
06-25 16:01:21.394 32688 32701 I PhoneLab-LoggerService: Logcat pid from database 1211
06-25 16:01:21.394 32688 32701 I PhoneLab-LoggerService: Logcat process found 1211
06-25 16:01:21.394 32688 32701 I PhoneLab-LoggerService: Checking Threshold
06-25 16:01:21.394 32688 32701 I PhoneLab-LoggerService: Starting to rename files
06-25 16:01:21.394 32688 32701 I PhoneLab-LoggerService: Files found .. 13
06-25 16:01:21.398 32688 32701 I PhoneLab-: Service Running
06-25 16:01:21.406   310   310 D wpa_supplicant: wpa_driver_wext_driver_cmd OK len = 0, 2
06-25 16:01:21.406   310   310 D wpa_supplicant: wpa_driver_wext_driver_cmd GETPOWER len = 4096
06-25 16:01:21.414   310   310 D wpa_supplicant: wpa_driver_wext_driver_cmd powermode = 0 len = 13, 13
06-25 16:01:21.414   310   310 D wpa_supplicant: wpa_driver_wext_driver_cmd POWERMODE 1 len = 4096
06-25 16:01:21.414   310   310 D wpa_supplicant: wpa_driver_wext_driver_cmd OK len = 0, 2
06-25 16:01:21.437 32688 32701 I PhoneLab-LoggerService: app_37    1211  1     1436   996   c00f181c 400107b4 S logcat
06-25 16:01:21.437 32688 32701 I PhoneLab-LoggerService: Logcat pid from database 1211
06-25 16:01:21.437 32688 32701 I PhoneLab-LoggerService: Logcat process found 1211
06-25 16:01:21.437 32688 32701 I PhoneLab-LoggerService: Checking Threshold
06-25 16:01:21.437 32688 32701 I PhoneLab-LoggerService: Starting to rename files
06-25 16:01:21.437 32688 32701 I PhoneLab-LoggerService: Files found .. 13
06-25 16:01:21.441 32688 32701 I PhoneLab-: Service Running
06-25 16:01:21.535 32688 32701 I PhoneLab-LoggerService: app_37    1211  1     1436   996   c00f181c 400107b4 S logcat
06-25 16:01:21.535 32688 32701 I PhoneLab-LoggerService: Logcat pid from database 1211
06-25 16:01:21.535 32688 32701 I PhoneLab-LoggerService: Logcat process found 1211
06-25 16:01:21.535 32688 32701 I PhoneLab-LoggerService: Checking Threshold
06-25 16:01:21.539 32688 32701 I PhoneLab-LoggerService: Starting to rename files
06-25 16:01:21.539 32688 32701 I PhoneLab-LoggerService: Files found .. 13
06-25 16:01:21.539 32688 32701 I PhoneLab-: Service Running
06-25 16:01:21.566 32688 32701 I PhoneLab-LoggerService: app_37    1211  1     1436   996   c00f181c 400107b4 S logcat
06-25 16:01:21.566 32688 32701 I PhoneLab-LoggerService: Logcat pid from database 1211
06-25 16:01:21.566 32688 32701 I PhoneLab-LoggerService: Logcat process found 1211
06-25 16:01:21.566 32688 32701 I PhoneLab-LoggerService: Checking Threshold
06-25 16:01:21.566 32688 32701 I PhoneLab-LoggerService: Starting to rename files
06-25 16:01:21.566 32688 32701 I PhoneLab-LoggerService: Files found .. 13
06-25 16:01:21.617   310   310 D wpa_supplicant: wpa_driver_wext_driver_cmd POWERMODE 0 len = 4096
06-25 16:01:21.621   310   310 D wpa_supplicant: wpa_driver_wext_driver_cmd OK len = 0, 2
06-25 16:01:21.621   310   310 D wpa_supplicant: wpa_driver_wext_driver_cmd BTCOEXMODE 2 len = 4096
06-25 16:01:21.621   310   310 D wpa_supplicant: wpa_driver_wext_driver_cmd OK len = 0, 2
06-25 16:02:49.422   319   319 D GoogleVoice: A notification tickle arrived.
06-25 16:02:49.586   142   390 W AppWidgetService: updateAppWidgetProvider: provider doesn't exist: ComponentInfo{com.google.android.apps.googlevoice/com.google.android.apps.googlevoice.widget.WidgetSettingsProvider}
06-25 16:02:49.613   142   592 W AppWidgetService: updateAppWidgetProvider: provider doesn't exist: ComponentInfo{com.google.android.apps.googlevoice/com.google.android.apps.googlevoice.widget.WidgetInboxProvider}
06-25 16:02:49.640   319   322 D dalvikvm: GC_CONCURRENT freed 578K, 6% free 10297K/10951K, paused 6ms+17ms
06-25 16:02:49.718   142  3975 W AppWidgetService: updateAppWidgetProvider: provider doesn't exist: ComponentInfo{com.google.android.apps.googlevoice/com.google.android.apps.googlevoice.widget.WidgetSettingsProvider}
06-25 16:02:49.816   142   306 W AppWidgetService: updateAppWidgetProvider: provider doesn't exist: ComponentInfo{com.google.android.apps.googlevoice/com.google.android.apps.googlevoice.widget.WidgetInboxProvider}
06-25 16:02:49.863   212   214 D dalvikvm: GC_CONCURRENT freed 229K, 65% free 10182K/28935K, paused 2ms+4ms
06-25 16:02:49.879   319   319 D GoogleVoice: com.google.android.apps.googlevoice.vvm.service.GvVvmService$Handler Handling message 1001
06-25 16:02:49.879   319   339 I System.out: [INFO:7585709]: LogSource: Running flush
06-25 16:02:49.894   319   339 I System.out: [INFO:7585723]: LogSource: Running flush
06-25 16:02:49.898   142  1337 I AudioService:  AudioFocus  requestAudioFocus() from android.media.AudioManager@415cf618
06-25 16:02:49.925    82   122 D AudioHardware: AudioHardware pcm playback is exiting standby.
06-25 16:02:49.925    82   122 D AudioHardware: openPcmOut_l() mPcmOpenCnt: 0
06-25 16:02:49.937   319   350 I System.out: [INFO:7585767]: LogSource: Sending payload [bytes=1300]
06-25 16:02:49.941   319   319 D GoogleVoice: com.google.android.apps.googlevoice.vvm.service.GvVvmService$Handler Handling message 1011
06-25 16:02:49.945   142  2680 W AppWidgetService: updateAppWidgetProvider: provider doesn't exist: ComponentInfo{com.google.android.apps.googlevoice/com.google.android.apps.googlevoice.widget.WidgetSettingsProvider}
06-25 16:02:49.957   142  3975 W AppWidgetService: updateAppWidgetProvider: provider doesn't exist: ComponentInfo{com.google.android.apps.googlevoice/com.google.android.apps.googlevoice.widget.WidgetInboxProvider}
06-25 16:02:50.015   319  1343 I GoogleVoice: Deleting all voicemails
06-25 16:02:50.035   319   339 I System.out: [INFO:7585863]: LogSource: Running flush
06-25 16:02:50.039   319   354 I System.out: [INFO:7585869]: LogSource: Sending payload [bytes=494]
06-25 16:02:50.949   319   322 D dalvikvm: GC_CONCURRENT freed 491K, 7% free 10285K/10951K, paused 6ms+11ms
06-25 16:02:51.511   319   350 I System.out: [INFO:7587342]: LogSource: Response [http=200,length=2815]
06-25 16:02:51.515   319   339 I System.out: [INFO:7587345]: LogSource: Read id 31, status code 200
06-25 16:02:51.531   319   339 I System.out: [INFO:7587359]: LogSource: Read id 32, status code 200
06-25 16:02:51.570   319   339 I System.out: [INFO:7587402]: LogSource: Read id 33, status code 200
06-25 16:02:51.586   319   339 I System.out: [INFO:7587417]: LogSource: Read id 28, status code 200
06-25 16:02:51.590   319   339 I System.out: [INFO:7587418]: LogSource: Read id 30, status code 200
06-25 16:02:51.590   319   339 I System.out: [INFO:7587420]: LogSource: Read id 29, status code 200
06-25 16:02:51.617   142   306 I ActivityManager: Process com.google.android.inputmethod.latin.dictionarypack (pid 731) has died.
06-25 16:02:51.718   142   142 W AppWidgetService: updateAppWidgetProvider: provider doesn't exist: ComponentInfo{com.google.android.apps.googlevoice/com.google.android.apps.googlevoice.widget.WidgetSettingsProvider}
06-25 16:02:51.722   142  7495 W AppWidgetService: updateAppWidgetProvider: provider doesn't exist: ComponentInfo{com.google.android.apps.googlevoice/com.google.android.apps.googlevoice.widget.WidgetInboxProvider}
06-25 16:02:51.761   142  2329 W AppWidgetService: updateAppWidgetProvider: provider doesn't exist: ComponentInfo{com.google.android.apps.googlevoice/com.google.android.apps.googlevoice.widget.WidgetSettingsProvider}
06-25 16:02:51.773   142  3975 W AppWidgetService: updateAppWidgetProvider: provider doesn't exist: ComponentInfo{com.google.android.apps.googlevoice/com.google.android.apps.googlevoice.widget.WidgetInboxProvider}
06-25 16:02:51.789   319   319 D GoogleVoice: com.google.android.apps.googlevoice.vvm.service.GvVvmService$Handler Handling message 1001
06-25 16:02:51.797   319   339 I System.out: [INFO:7587625]: LogSource: Running flush
06-25 16:02:51.797   319   343 I System.out: [INFO:7587627]: LogSource: Sending payload [bytes=496]
06-25 16:02:51.882   142   145 D dalvikvm: GC_CONCURRENT freed 1866K, 21% free 18977K/24007K, paused 3ms+8ms
06-25 16:02:51.910   319   319 D GoogleVoice: com.google.android.apps.googlevoice.vvm.service.GvVvmService$Handler Handling message 1011
06-25 16:02:51.922   319  1347 I GoogleVoice: Deleting all voicemails
06-25 16:02:51.925   142   376 W AppWidgetService: updateAppWidgetProvider: provider doesn't exist: ComponentInfo{com.google.android.apps.googlevoice/com.google.android.apps.googlevoice.widget.WidgetSettingsProvider}
06-25 16:02:51.949   319   322 D dalvikvm: GC_CONCURRENT freed 442K, 6% free 10355K/10951K, paused 2ms+8ms
06-25 16:02:51.953   142   390 W AppWidgetService: updateAppWidgetProvider: provider doesn't exist: ComponentInfo{com.google.android.apps.googlevoice/com.google.android.apps.googlevoice.widget.WidgetInboxProvider}
06-25 16:02:52.140   319   343 I System.out: [INFO:7587971]: LogSource: Response [http=200,length=22]
06-25 16:02:52.191   319   339 I System.out: [INFO:7588020]: LogSource: Read id 35, status code 200
06-25 16:02:52.707   142  1337 I AudioService:  AudioFocus  abandonAudioFocus() from android.media.AudioManager@415cf618
06-25 16:02:53.086   319   354 I System.out: [INFO:7588916]: LogSource: Response [http=200,length=22]
06-25 16:02:53.086   319   339 I System.out: [INFO:7588917]: LogSource: Read id 34, status code 200
06-25 16:02:55.789   212   214 D dalvikvm: GC_CONCURRENT freed 392K, 65% free 10200K/28935K, paused 13ms+7ms
06-25 16:02:55.804    82   122 D AudioHardware: AudioHardware pcm playback is going to standby.
06-25 16:02:55.804    82   122 D AudioHardware: closePcmOut_l() mPcmOpenCnt: 1
06-25 16:02:56.256   142   173 I power   : *** set_screen_state 1
06-25 16:02:56.295   142   173 I WindowManager: Lock screen displayed!
06-25 16:02:56.307   310   310 D wpa_supplicant: wpa_driver_wext_driver_cmd RSSI len = 248
06-25 16:02:56.314   310   310 D wpa_supplicant: wpa_driver_wext_driver_cmd UB_Secure rssi -77  len = 19, 19
06-25 16:02:56.314   310   310 D wpa_supplicant: wpa_driver_wext_driver_cmd LINKSPEED len = 248
06-25 16:02:56.314   310   310 D wpa_supplicant: wpa_driver_wext_driver_cmd LinkSpeed 65 len = 12, 12
06-25 16:02:56.318   310   310 D wpa_supplicant: wpa_driver_wext_driver_cmd SETSUSPENDOPT 0 len = 4096
06-25 16:02:56.318   310   310 D wpa_supplicant: wpa_driver_wext_driver_cmd SETSUSPENDOPT 0 len = 0, 15
06-25 16:02:56.318   310   310 D wpa_supplicant: wpa_driver_wext_driver_cmd POWERMODE 0 len = 4096
06-25 16:02:56.322   310   310 D wpa_supplicant: wpa_driver_wext_driver_cmd OK len = 0, 2
06-25 16:02:56.451    79   119 D SurfaceFlinger: Screen about to return, flinger = 0xf1b918
06-25 16:02:57.228   142  1348 I AudioService:  AudioFocus  abandonAudioFocus() from android.media.AudioManager@415cf618
06-25 16:02:57.326   212   212 D PhoneStatusBar: disable: < expand icons alerts ticker system_info back* home* RECENT clock* >
06-25 16:02:59.318   310   310 D wpa_supplicant: wpa_driver_wext_driver_cmd RSSI len = 248
06-25 16:02:59.330   310   310 D wpa_supplicant: wpa_driver_wext_driver_cmd UB_Secure rssi -82  len = 19, 19
06-25 16:02:59.330   310   310 D wpa_supplicant: wpa_driver_wext_driver_cmd LINKSPEED len = 248
06-25 16:02:59.330   310   310 D wpa_supplicant: wpa_driver_wext_driver_cmd LinkSpeed 65 len = 12, 12
06-25 16:03:02.338   310   310 D wpa_supplicant: wpa_driver_wext_driver_cmd RSSI len = 248
06-25 16:03:02.346   310   310 D wpa_supplicant: wpa_driver_wext_driver_cmd UB_Secure rssi -79  len = 19, 19
06-25 16:03:02.346   310   310 D wpa_supplicant: wpa_driver_wext_driver_cmd LINKSPEED len = 248
06-25 16:03:02.346   310   310 D wpa_supplicant: wpa_driver_wext_driver_cmd LinkSpeed 65 len = 12, 12
06-25 16:03:02.432    82   122 D AudioHardware: AudioHardware pcm playback is exiting standby.
06-25 16:03:02.432    82   122 D AudioHardware: openPcmOut_l() mPcmOpenCnt: 0
06-25 16:03:02.576   212   214 D dalvikvm: GC_CONCURRENT freed 635K, 66% free 10075K/28935K, paused 2ms+5ms
06-25 16:03:03.924   142   370 I ActivityManager: START {dat=googlevoice://conversations/8411191c15664fe9727327a24482ec41d84bd844 flg=0x4000000 cmp=com.google.android.apps.googlevoice/.PhoneCallListActivity bnds=[0,119][480,215]} from pid -1
06-25 16:03:03.924   142   370 W ActivityManager: startActivity called from non-Activity context; forcing Intent.FLAG_ACTIVITY_NEW_TASK for: Intent { dat=googlevoice://conversations/8411191c15664fe9727327a24482ec41d84bd844 flg=0x4000000 cmp=com.google.android.apps.googlevoice/.PhoneCallListActivity bnds=[0,119][480,215] }
06-25 16:03:03.963   142   394 W KeyguardViewMediator: verifyUnlock called when not externally disabled
06-25 16:03:04.123   319   319 W GoogleVoice: PhoneCallListActivity: unknown action, threading as Intent.ACTION_MAIN: null
06-25 16:03:04.154   319   339 I System.out: [INFO:7599986]: LogSource: Running flush
06-25 16:03:04.154   319   350 I System.out: [INFO:7599987]: LogSource: Sending payload [bytes=409]
06-25 16:03:04.221   319   350 I System.out: [INFO:7600053]: LogSource: Response [http=200,length=298]
06-25 16:03:04.221   319   339 I System.out: [INFO:7600053]: LogSource: Read id 36, status code 200
06-25 16:03:04.268   319   322 D dalvikvm: GC_CONCURRENT freed 460K, 5% free 10406K/10951K, paused 3ms+14ms
06-25 16:03:04.311   212   212 D PhoneStatusBar: disable: < expand icons alerts ticker system_info BACK* HOME* RECENT CLOCK* >
06-25 16:03:04.342   142  2680 W AppWidgetService: updateAppWidgetProvider: provider doesn't exist: ComponentInfo{com.google.android.apps.googlevoice/com.google.android.apps.googlevoice.widget.WidgetSettingsProvider}
06-25 16:03:04.350   142  3975 W AppWidgetService: updateAppWidgetProvider: provider doesn't exist: ComponentInfo{com.google.android.apps.googlevoice/com.google.android.apps.googlevoice.widget.WidgetInboxProvider}
06-25 16:03:04.361   319   339 I System.out: [INFO:7600193]: LogSource: Running flush
06-25 16:03:04.393 27633 27633 D OpenGLRenderer: Flushing caches (mode 1)
06-25 16:03:04.396   212   212 D dalvikvm: GC_FOR_ALLOC freed 700K, 67% free 9729K/28935K, paused 67ms
06-25 16:03:04.490   212   214 D dalvikvm: GC_CONCURRENT freed 388K, 67% free 9775K/28935K, paused 2ms+4ms
06-25 16:03:04.514   319   339 I System.out: [INFO:7600344]: LogSource: Running flush
06-25 16:03:04.514   319   343 I System.out: [INFO:7600347]: LogSource: Sending payload [bytes=798]
06-25 16:03:04.686   319   343 I System.out: [INFO:7600518]: LogSource: Response [http=200,length=318]
06-25 16:03:04.686   319   339 I System.out: [INFO:7600519]: LogSource: Read id 37, status code 200
06-25 16:03:04.689   319   339 I System.out: [INFO:7600521]: LogSource: Read id 38, status code 200
06-25 16:03:04.701   319   339 I System.out: [INFO:7600533]: LogSource: Running flush
06-25 16:03:04.701   319   354 I System.out: [INFO:7600534]: LogSource: Sending payload [bytes=408]
06-25 16:03:04.768   319   354 I System.out: [INFO:7600601]: LogSource: Response [http=200,length=307]
06-25 16:03:04.768   319   339 I System.out: [INFO:7600601]: LogSource: Read id 39, status code 200
06-25 16:03:04.787   142   390 D dalvikvm: GC_EXPLICIT freed 522K, 22% free 18904K/24007K, paused 39ms+19ms
06-25 16:03:04.791   319   339 I System.out: [INFO:7600621]: LogSource: Running flush
06-25 16:03:04.791   319   350 I System.out: [INFO:7600623]: LogSource: Sending payload [bytes=1470]
06-25 16:03:04.873   142   158 I Process : Sending signal. PID: 319 SIG: 3
06-25 16:03:04.873   319   324 I dalvikvm: threadid=3: reacting to signal 3
06-25 16:03:04.951   319   350 I System.out: [INFO:7600783]: LogSource: Response [http=200,length=6866]
06-25 16:03:04.951   319   339 I System.out: [INFO:7600785]: LogSource: Read id 40, status code 200
06-25 16:03:04.971   319   324 I dalvikvm: Wrote stack traces to '/data/anr/traces.txt'
06-25 16:03:05.014   319   339 I System.out: [INFO:7600844]: LogSource: Read id 41, status code 200
06-25 16:03:05.037   319   339 I System.out: [INFO:7600870]: LogSource: Read id 42, status code 200
06-25 16:03:05.123   319   339 I System.out: [INFO:7600955]: LogSource: Read id 43, status code 200
06-25 16:03:05.170   319   322 D dalvikvm: GC_CONCURRENT freed 366K, 5% free 10519K/11015K, paused 10ms+5ms
06-25 16:03:05.197   319   326 I dalvikvm: Jit: resizing JitTable from 4096 to 8192
06-25 16:03:05.322 32556 32559 D dalvikvm: GC_CONCURRENT freed 236K, 6% free 9811K/10375K, paused 6ms+24ms
06-25 16:03:05.350   310   310 D wpa_supplicant: wpa_driver_wext_driver_cmd RSSI len = 248
06-25 16:03:05.357   310   310 D wpa_supplicant: wpa_driver_wext_driver_cmd UB_Secure rssi -75  len = 19, 19
06-25 16:03:05.357   310   310 D wpa_supplicant: wpa_driver_wext_driver_cmd LINKSPEED len = 248
06-25 16:03:05.357   310   310 D wpa_supplicant: wpa_driver_wext_driver_cmd LinkSpeed 39 len = 12, 12
06-25 16:03:05.365   142   158 I Process : Sending signal. PID: 319 SIG: 3
06-25 16:03:05.365   319   324 I dalvikvm: threadid=3: reacting to signal 3
06-25 16:03:05.412   319   324 I dalvikvm: Wrote stack traces to '/data/anr/traces.txt'
06-25 16:03:05.486   142   172 I ActivityManager: Displayed com.google.android.apps.googlevoice/.PhoneCallListActivity: +1s534ms
06-25 16:03:05.494   212   212 D PhoneStatusBar: disable: < expand icons alerts ticker system_info BACK HOME recent* CLOCK >
06-25 16:03:05.521   212   212 D PhoneStatusBar: disable: < expand icons alerts ticker system_info back* home* recent clock* >
06-25 16:03:05.545   142   394 W AppWidgetService: updateAppWidgetProvider: provider doesn't exist: ComponentInfo{com.google.android.apps.googlevoice/com.google.android.apps.googlevoice.widget.WidgetSettingsProvider}
06-25 16:03:05.564   142  7495 W AppWidgetService: updateAppWidgetProvider: provider doesn't exist: ComponentInfo{com.google.android.apps.googlevoice/com.google.android.apps.googlevoice.widget.WidgetInboxProvider}
06-25 16:03:05.596   368  1293 D NfcService: NFC-C ON
06-25 16:03:05.600 27633 27633 D OpenGLRenderer: Flushing caches (mode 0)
06-25 16:03:05.627   142   306 W AppWidgetService: updateAppWidgetProvider: provider doesn't exist: ComponentInfo{com.google.android.apps.googlevoice/com.google.android.apps.googlevoice.widget.WidgetSettingsProvider}
06-25 16:03:05.646   142   342 W AppWidgetService: updateAppWidgetProvider: provider doesn't exist: ComponentInfo{com.google.android.apps.googlevoice/com.google.android.apps.googlevoice.widget.WidgetInboxProvider}
06-25 16:03:05.771   319   322 D dalvikvm: GC_CONCURRENT freed 536K, 6% free 10499K/11143K, paused 2ms+5ms
06-25 16:03:05.814   142   394 W AppWidgetService: updateAppWidgetProvider: provider doesn't exist: ComponentInfo{com.google.android.apps.googlevoice/com.google.android.apps.googlevoice.widget.WidgetSettingsProvider}
06-25 16:03:05.818   319   319 D GoogleVoice: com.google.android.apps.googlevoice.vvm.service.GvVvmService$Handler Handling message 1001
06-25 16:03:05.818   142   154 W AppWidgetService: updateAppWidgetProvider: provider doesn't exist: ComponentInfo{com.google.android.apps.googlevoice/com.google.android.apps.googlevoice.widget.WidgetInboxProvider}
06-25 16:03:05.826   319   319 D GoogleVoice: com.google.android.apps.googlevoice.vvm.service.GvVvmService$Handler Handling message 1011
06-25 16:03:05.830   319  1356 I GoogleVoice: Deleting all voicemails
06-25 16:03:06.666 32556 32559 D dalvikvm: GC_CONCURRENT freed 498K, 6% free 9830K/10439K, paused 2ms+4ms
06-25 16:03:06.814   319  1357 D dalvikvm: GC_FOR_ALLOC freed 130K, 7% free 10463K/11143K, paused 22ms
06-25 16:03:06.814   319  1357 I dalvikvm-heap: Grow heap (frag case) to 10.327MB for 36880-byte allocation
06-25 16:03:06.846   319   328 D dalvikvm: GC_FOR_ALLOC freed 3K, 7% free 10496K/11207K, paused 21ms
06-25 16:03:06.982   319  1082 D dalvikvm: GC_EXPLICIT freed 107K, 7% free 10428K/11207K, paused 2ms+4ms
06-25 16:03:08.361   310   310 D wpa_supplicant: wpa_driver_wext_driver_cmd RSSI len = 248
06-25 16:03:08.377   310   310 D wpa_supplicant: wpa_driver_wext_driver_cmd UB_Secure rssi -76  len = 19, 19
06-25 16:03:08.377   310   310 D wpa_supplicant: wpa_driver_wext_driver_cmd LINKSPEED len = 248
06-25 16:03:08.377   310   310 D wpa_supplicant: wpa_driver_wext_driver_cmd LinkSpeed 39 len = 12, 12
06-25 16:03:08.666    82   122 D AudioHardware: AudioHardware pcm playback is going to standby.
06-25 16:03:08.666    82   122 D AudioHardware: closePcmOut_l() mPcmOpenCnt: 1
06-25 16:03:11.385   310   310 D wpa_supplicant: wpa_driver_wext_driver_cmd RSSI len = 248
06-25 16:03:11.393   310   310 D wpa_supplicant: wpa_driver_wext_driver_cmd UB_Secure rssi -82  len = 19, 19
06-25 16:03:11.393   310   310 D wpa_supplicant: wpa_driver_wext_driver_cmd LINKSPEED len = 248
06-25 16:03:11.396   310   310 D wpa_supplicant: wpa_driver_wext_driver_cmd LinkSpeed 39 len = 12, 12
06-25 16:03:11.709   319   339 I System.out: [INFO:7607539]: LogSource: Running flush
06-25 16:03:11.740   319   343 I System.out: [INFO:7607573]: LogSource: Sending payload [bytes=577]
06-25 16:03:11.928   319   343 I System.out: [INFO:7607760]: LogSource: Response [http=200,length=147]
06-25 16:03:11.928   319   339 I System.out: [INFO:7607760]: LogSource: Read id 48, status code 200
06-25 16:03:11.928   319   339 I System.out: [INFO:7607761]: LogSource: Read id 44, status code 200
06-25 16:03:11.936   319   339 I System.out: [INFO:7607766]: LogSource: Read id 47, status code 200
06-25 16:03:11.936   319   339 I System.out: [INFO:7607767]: LogSource: Read id 46, status code 200
06-25 16:03:11.936   319   339 I System.out: [INFO:7607767]: LogSource: Read id 45, status code 200
06-25 16:03:12.045   464   466 D dalvikvm: GC_CONCURRENT freed 444K, 7% free 10024K/10695K, paused 2ms+8ms
06-25 16:03:12.100   333   333 D dalvikvm: GC_FOR_ALLOC freed 940K, 11% free 10350K/11591K, paused 103ms
06-25 16:03:12.103   333   333 I dalvikvm-heap: Grow heap (frag case) to 10.770MB for 622096-byte allocation
06-25 16:03:12.174   333   336 D dalvikvm: GC_CONCURRENT freed 24K, 6% free 10933K/11591K, paused 2ms+11ms
06-25 16:03:12.217   212   212 D dalvikvm: GC_FOR_ALLOC freed 418K, 67% free 9738K/28935K, paused 54ms
06-25 16:03:12.393   212   214 D dalvikvm: GC_CONCURRENT freed 349K, 66% free 9901K/28935K, paused 3ms+8ms
06-25 16:03:14.408   310   310 D wpa_supplicant: wpa_driver_wext_driver_cmd RSSI len = 248
06-25 16:03:14.416   310   310 D wpa_supplicant: wpa_driver_wext_driver_cmd UB_Secure rssi -79  len = 19, 19
06-25 16:03:14.416   310   310 D wpa_supplicant: wpa_driver_wext_driver_cmd LINKSPEED len = 248
06-25 16:03:14.416   310   310 D wpa_supplicant: wpa_driver_wext_driver_cmd LinkSpeed 39 len = 12, 12
06-25 16:03:16.475   333   345 I dalvikvm: Jit: resizing JitTable from 4096 to 8192
06-25 16:03:17.424   310   310 D wpa_supplicant: wpa_driver_wext_driver_cmd RSSI len = 248
06-25 16:03:17.432   310   310 D wpa_supplicant: wpa_driver_wext_driver_cmd UB_Secure rssi -77  len = 19, 19
06-25 16:03:17.432   310   310 D wpa_supplicant: wpa_driver_wext_driver_cmd LINKSPEED len = 248
06-25 16:03:17.432   310   310 D wpa_supplicant: wpa_driver_wext_driver_cmd LinkSpeed 39 len = 12, 12
06-25 16:03:20.436   310   310 D wpa_supplicant: wpa_driver_wext_driver_cmd RSSI len = 248
06-25 16:03:20.443   310   310 D wpa_supplicant: wpa_driver_wext_driver_cmd UB_Secure rssi -77  len = 19, 19
06-25 16:03:20.443   310   310 D wpa_supplicant: wpa_driver_wext_driver_cmd LINKSPEED len = 248
06-25 16:03:20.443   310   310 D wpa_supplicant: wpa_driver_wext_driver_cmd LinkSpeed 39 len = 12, 12
06-25 16:03:21.408   464   466 D dalvikvm: GC_CONCURRENT freed 404K, 7% free 10029K/10695K, paused 10ms+12ms
06-25 16:03:23.436   319   322 D dalvikvm: GC_CONCURRENT freed 347K, 7% free 10467K/11207K, paused 6ms+8ms
06-25 16:03:23.447   310   310 D wpa_supplicant: wpa_driver_wext_driver_cmd RSSI len = 248
06-25 16:03:23.455   310   310 D wpa_supplicant: wpa_driver_wext_driver_cmd UB_Secure rssi -80  len = 19, 19
06-25 16:03:23.455   310   310 D wpa_supplicant: wpa_driver_wext_driver_cmd LINKSPEED len = 248
06-25 16:03:23.455   310   310 D wpa_supplicant: wpa_driver_wext_driver_cmd LinkSpeed 39 len = 12, 12
06-25 16:03:26.459   310   310 D wpa_supplicant: wpa_driver_wext_driver_cmd RSSI len = 248
06-25 16:03:26.467   310   310 D wpa_supplicant: wpa_driver_wext_driver_cmd UB_Secure rssi -76  len = 19, 19
06-25 16:03:26.467   310   310 D wpa_supplicant: wpa_driver_wext_driver_cmd LINKSPEED len = 248
06-25 16:03:26.467   310   310 D wpa_supplicant: wpa_driver_wext_driver_cmd LinkSpeed 52 len = 12, 12
06-25 16:03:29.471   310   310 D wpa_supplicant: wpa_driver_wext_driver_cmd RSSI len = 248
06-25 16:03:29.478   310   310 D wpa_supplicant: wpa_driver_wext_driver_cmd UB_Secure rssi -76  len = 19, 19
06-25 16:03:29.478   310   310 D wpa_supplicant: wpa_driver_wext_driver_cmd LINKSPEED len = 248
06-25 16:03:29.478   310   310 D wpa_supplicant: wpa_driver_wext_driver_cmd LinkSpeed 52 len = 12, 12
06-25 16:03:32.482   310   310 D wpa_supplicant: wpa_driver_wext_driver_cmd RSSI len = 248
06-25 16:03:32.494   310   310 D wpa_supplicant: wpa_driver_wext_driver_cmd UB_Secure rssi -79  len = 19, 19
06-25 16:03:32.494   310   310 D wpa_supplicant: wpa_driver_wext_driver_cmd LINKSPEED len = 248
06-25 16:03:32.494   310   310 D wpa_supplicant: wpa_driver_wext_driver_cmd LinkSpeed 52 len = 12, 12
06-25 16:03:33.994   464   466 D dalvikvm: GC_CONCURRENT freed 408K, 7% free 10026K/10695K, paused 1ms+2ms
06-25 16:03:34.150   333   336 D dalvikvm: GC_CONCURRENT freed 447K, 5% free 11041K/11591K, paused 2ms+4ms
06-25 16:03:35.502   310   310 D wpa_supplicant: wpa_driver_wext_driver_cmd RSSI len = 248
06-25 16:03:35.514   310   310 D wpa_supplicant: wpa_driver_wext_driver_cmd UB_Secure rssi -79  len = 19, 19
06-25 16:03:35.514   310   310 D wpa_supplicant: wpa_driver_wext_driver_cmd LINKSPEED len = 248
06-25 16:03:35.514   310   310 D wpa_supplicant: wpa_driver_wext_driver_cmd LinkSpeed 52 len = 12, 12
06-25 16:03:36.072    82   122 D AudioHardware: AudioHardware pcm playback is exiting standby.
06-25 16:03:36.072    82   122 D AudioHardware: openPcmOut_l() mPcmOpenCnt: 0
06-25 16:03:36.123   319   339 I System.out: [INFO:7631955]: LogSource: Running flush
06-25 16:03:36.154   319   354 I System.out: [INFO:7631988]: LogSource: Sending payload [bytes=455]
06-25 16:03:36.228   319   354 I System.out: [INFO:7632062]: LogSource: Response [http=200,length=96]
06-25 16:03:36.228   319   339 I System.out: [INFO:7632062]: LogSource: Read id 50, status code 200
06-25 16:03:36.244   319   339 I System.out: [INFO:7632075]: LogSource: Read id 49, status code 200
