06-20 22:39:01.437   280   280 D wpa_supplicant: wpa_driver_wext_driver_cmd POWERMODE 0 len = 4096
06-20 22:39:01.515   280   280 D wpa_supplicant: wpa_driver_wext_driver_cmd OK len = 0, 2
06-20 22:39:01.515   280   280 D wpa_supplicant: WPS: Building WPS IE for Probe Request
06-20 22:39:01.515   280   280 D wpa_supplicant: WPS:  * Version (hardcoded 0x10)
06-20 22:39:01.515   280   280 D wpa_supplicant: WPS:  * Request Type
06-20 22:39:01.515   280   280 D wpa_supplicant: WPS:  * Config Methods (2388)
06-20 22:39:01.515   280   280 D wpa_supplicant: WPS:  * UUID-E
06-20 22:39:01.515   280   280 D wpa_supplicant: WPS:  * Primary Device Type
06-20 22:39:01.515   280   280 D wpa_supplicant: WPS:  * RF Bands (3)
06-20 22:39:01.515   280   280 D wpa_supplicant: WPS:  * Association State
06-20 22:39:01.515   280   280 D wpa_supplicant: WPS:  * Configuration Error (0)
06-20 22:39:01.515   280   280 D wpa_supplicant: WPS:  * Device Password ID (0)
06-20 22:39:01.515   280   280 D wpa_supplicant: WPS:  * Manufacturer
06-20 22:39:01.515   280   280 D wpa_supplicant: WPS:  * Model Name
06-20 22:39:01.515   280   280 D wpa_supplicant: WPS:  * Model Number
06-20 22:39:01.515   280   280 D wpa_supplicant: WPS:  * Device Name
06-20 22:39:01.515   280   280 D wpa_supplicant: WPS:  * Version2 (0x20)
06-20 22:39:01.515   280   280 D wpa_supplicant: wpa_driver_wext_combo_scan: Start
06-20 22:39:01.515   280   280 D wpa_supplicant: For Scan: (null)
06-20 22:39:01.562   280   280 D wpa_supplicant: Scan requested (ret=0) - scan timeout 30 seconds
06-20 22:39:02.043   280   280 D wpa_supplicant: RTM_NEWLINK: operstate=0 ifi_flags=0x11003 ([UP][LOWER_UP])
06-20 22:39:02.043   280   280 D wpa_supplicant: RTM_NEWLINK, IFLA_IFNAME: Interface 'wlan0' added
06-20 22:39:02.043   280   280 D wpa_supplicant: Wireless event: cmd=0x8b19 len=8
06-20 22:39:02.043   280   280 D wpa_supplicant: Received 169 bytes of scan results (1 BSSes)
06-20 22:39:02.152  9102  9102 E BaseSurfaceHolder: Exception locking surface
06-20 22:39:02.152  9102  9102 E BaseSurfaceHolder: java.lang.IllegalArgumentException
06-20 22:39:02.152  9102  9102 E BaseSurfaceHolder: 	at android.view.Surface.lockCanvasNative(Native Method)
06-20 22:39:02.152  9102  9102 E BaseSurfaceHolder: 	at android.view.Surface.lockCanvas(Surface.java:76)
06-20 22:39:02.152  9102  9102 E BaseSurfaceHolder: 	at com.android.internal.view.BaseSurfaceHolder.internalLockCanvas(BaseSurfaceHolder.java:184)
06-20 22:39:02.152  9102  9102 E BaseSurfaceHolder: 	at com.android.internal.view.BaseSurfaceHolder.lockCanvas(BaseSurfaceHolder.java:157)
06-20 22:39:02.152  9102  9102 E BaseSurfaceHolder: 	at com.google.googlenav.wallpaper.b.a(SourceFile:697)
06-20 22:39:02.152  9102  9102 E BaseSurfaceHolder: 	at com.google.googlenav.wallpaper.c.postInvalidate(SourceFile:311)
06-20 22:39:02.152  9102  9102 E BaseSurfaceHolder: 	at com.google.googlenav.ui.android.J.p(SourceFile:45)
06-20 22:39:02.152  9102  9102 E BaseSurfaceHolder: 	at com.google.googlenav.ui.E.p(SourceFile:4881)
06-20 22:39:02.152  9102  9102 E BaseSurfaceHolder: 	at com.google.googlenav.ui.F.a(SourceFile:743)
06-20 22:39:02.152  9102  9102 E BaseSurfaceHolder: 	at aK.u.a(SourceFile:97)
06-20 22:39:02.152  9102  9102 E BaseSurfaceHolder: 	at aK.h.b(SourceFile:183)
06-20 22:39:02.152  9102  9102 E BaseSurfaceHolder: 	at aK.u.d(SourceFile:330)
06-20 22:39:02.152  9102  9102 E BaseSurfaceHolder: 	at aK.h.a(SourceFile:158)
06-20 22:39:02.152  9102  9102 E BaseSurfaceHolder: 	at com.google.googlenav.ui.aC.e(SourceFile:290)
06-20 22:39:02.152  9102  9102 E BaseSurfaceHolder: 	at com.google.googlenav.ui.E.b(SourceFile:4158)
06-20 22:39:02.152  9102  9102 E BaseSurfaceHolder: 	at com.google.googlenav.ui.T.run(SourceFile:4835)
06-20 22:39:02.152  9102  9102 E BaseSurfaceHolder: 	at com.google.googlenav.android.Z.run(SourceFile:92)
06-20 22:39:02.152  9102  9102 E BaseSurfaceHolder: 	at android.os.Handler.handleCallback(Handler.java:605)
06-20 22:39:02.152  9102  9102 E BaseSurfaceHolder: 	at android.os.Handler.dispatchMessage(Handler.java:92)
06-20 22:39:02.152  9102  9102 E BaseSurfaceHolder: 	at android.os.Looper.loop(Looper.java:137)
06-20 22:39:02.152  9102  9102 E BaseSurfaceHolder: 	at android.app.ActivityThread.main(ActivityThread.java:4424)
06-20 22:39:02.152  9102  9102 E BaseSurfaceHolder: 	at java.lang.reflect.Method.invokeNative(Native Method)
06-20 22:39:02.152  9102  9102 E BaseSurfaceHolder: 	at java.lang.reflect.Method.invoke(Method.java:511)
06-20 22:39:02.152  9102  9102 E BaseSurfaceHolder: 	at com.android.internal.os.ZygoteInit$MethodAndArgsCaller.run(ZygoteInit.java:784)
06-20 22:39:02.152  9102  9102 E BaseSurfaceHolder: 	at com.android.internal.os.ZygoteInit.main(ZygoteInit.java:551)
06-20 22:39:02.152  9102  9102 E BaseSurfaceHolder: 	at dalvik.system.NativeStart.main(Native Method)
06-20 22:39:02.152  9102  9102 E BaseSurfaceHolder: Exception locking surface
06-20 22:39:02.152  9102  9102 E BaseSurfaceHolder: java.lang.IllegalArgumentException
06-20 22:39:02.152  9102  9102 E BaseSurfaceHolder: 	at android.view.Surface.lockCanvasNative(Native Method)
06-20 22:39:02.152  9102  9102 E BaseSurfaceHolder: 	at android.view.Surface.lockCanvas(Surface.java:76)
06-20 22:39:02.152  9102  9102 E BaseSurfaceHolder: 	at com.android.internal.view.BaseSurfaceHolder.internalLockCanvas(BaseSurfaceHolder.java:184)
06-20 22:39:02.152  9102  9102 E BaseSurfaceHolder: 	at com.android.internal.view.BaseSurfaceHolder.lockCanvas(BaseSurfaceHolder.java:157)
06-20 22:39:02.152  9102  9102 E BaseSurfaceHolder: 	at com.google.googlenav.wallpaper.b.a(SourceFile:697)
06-20 22:39:02.152  9102  9102 E BaseSurfaceHolder: 	at com.google.googlenav.wallpaper.c.postInvalidate(SourceFile:311)
06-20 22:39:02.152  9102  9102 E BaseSurfaceHolder: 	at com.google.googlenav.ui.android.J.p(SourceFile:45)
06-20 22:39:02.152  9102  9102 E BaseSurfaceHolder: 	at com.google.googlenav.ui.E.p(SourceFile:4881)
06-20 22:39:02.152  9102  9102 E BaseSurfaceHolder: 	at com.google.googlenav.ui.E.b(SourceFile:4161)
06-20 22:39:02.152  9102  9102 E BaseSurfaceHolder: 	at com.google.googlenav.ui.T.run(SourceFile:4835)
06-20 22:39:02.152  9102  9102 E BaseSurfaceHolder: 	at com.google.googlenav.android.Z.run(SourceFile:92)
06-20 22:39:02.152  9102  9102 E BaseSurfaceHolder: 	at android.os.Handler.handleCallback(Handler.java:605)
06-20 22:39:02.152  9102  9102 E BaseSurfaceHolder: 	at android.os.Handler.dispatchMessage(Handler.java:92)
06-20 22:39:02.152  9102  9102 E BaseSurfaceHolder: 	at android.os.Looper.loop(Looper.java:137)
06-20 22:39:02.152  9102  9102 E BaseSurfaceHolder: 	at android.app.ActivityThread.main(ActivityThread.java:4424)
06-20 22:39:02.152  9102  9102 E BaseSurfaceHolder: 	at java.lang.reflect.Method.invokeNative(Native Method)
06-20 22:39:02.152  9102  9102 E BaseSurfaceHolder: 	at java.lang.reflect.Method.invoke(Method.java:511)
06-20 22:39:02.152  9102  9102 E BaseSurfaceHolder: 	at com.android.internal.os.ZygoteInit$MethodAndArgsCaller.run(ZygoteInit.java:784)
06-20 22:39:02.152  9102  9102 E BaseSurfaceHolder: 	at com.android.internal.os.ZygoteInit.main(ZygoteInit.java:551)
06-20 22:39:02.152  9102  9102 E BaseSurfaceHolder: 	at dalvik.system.NativeStart.main(Native Method)
06-20 22:39:02.156   280   280 D wpa_supplicant: wpa_driver_wext_driver_cmd SETSUSPENDOPT 0 len = 4096
06-20 22:39:02.156   280   280 D wpa_supplicant: wpa_driver_wext_driver_cmd SETSUSPENDOPT 0 len = 0, 15
06-20 22:39:02.156   280   280 D wpa_supplicant: wpa_driver_wext_driver_cmd POWERMODE 0 len = 4096
06-20 22:39:02.156   280   280 D wpa_supplicant: wpa_driver_wext_driver_cmd OK len = 0, 2
06-20 22:39:06.441   280   280 D wpa_supplicant: wpa_driver_wext_driver_cmd SETSUSPENDOPT 0 len = 4096
06-20 22:39:06.441   280   280 D wpa_supplicant: wpa_driver_wext_driver_cmd SETSUSPENDOPT 0 len = 0, 15
06-20 22:39:06.441   280   280 D wpa_supplicant: wpa_driver_wext_driver_cmd POWERMODE 0 len = 4096
06-20 22:39:06.461   280   280 D wpa_supplicant: wpa_driver_wext_driver_cmd OK len = 0, 2
06-20 22:39:06.461   280   280 D wpa_supplicant: WPS: Building WPS IE for Probe Request
06-20 22:39:06.461   280   280 D wpa_supplicant: WPS:  * Version (hardcoded 0x10)
06-20 22:39:06.461   280   280 D wpa_supplicant: WPS:  * Request Type
06-20 22:39:06.461   280   280 D wpa_supplicant: WPS:  * Config Methods (2388)
06-20 22:39:06.461   280   280 D wpa_supplicant: WPS:  * UUID-E
06-20 22:39:06.461   280   280 D wpa_supplicant: WPS:  * Primary Device Type
06-20 22:39:06.461   280   280 D wpa_supplicant: WPS:  * RF Bands (3)
06-20 22:39:06.461   280   280 D wpa_supplicant: WPS:  * Association State
06-20 22:39:06.461   280   280 D wpa_supplicant: WPS:  * Configuration Error (0)
06-20 22:39:06.461   280   280 D wpa_supplicant: WPS:  * Device Password ID (0)
06-20 22:39:06.461   280   280 D wpa_supplicant: WPS:  * Manufacturer
06-20 22:39:06.461   280   280 D wpa_supplicant: WPS:  * Model Name
06-20 22:39:06.461   280   280 D wpa_supplicant: WPS:  * Model Number
06-20 22:39:06.461   280   280 D wpa_supplicant: WPS:  * Device Name
06-20 22:39:06.461   280   280 D wpa_supplicant: WPS:  * Version2 (0x20)
06-20 22:39:06.461   280   280 D wpa_supplicant: wpa_driver_wext_combo_scan: Start
06-20 22:39:06.461   280   280 D wpa_supplicant: For Scan: (null)
06-20 22:39:06.507   280   280 D wpa_supplicant: Scan requested (ret=0) - scan timeout 30 seconds
06-20 22:39:06.992   280   280 D wpa_supplicant: RTM_NEWLINK: operstate=0 ifi_flags=0x11003 ([UP][LOWER_UP])
06-20 22:39:06.992   280   280 D wpa_supplicant: RTM_NEWLINK, IFLA_IFNAME: Interface 'wlan0' added
06-20 22:39:06.992   280   280 D wpa_supplicant: Wireless event: cmd=0x8b19 len=8
06-20 22:39:06.996   280   280 D wpa_supplicant: Received 338 bytes of scan results (2 BSSes)
06-20 22:39:07.109  9102  9102 E BaseSurfaceHolder: Exception locking surface
06-20 22:39:07.109  9102  9102 E BaseSurfaceHolder: java.lang.IllegalArgumentException
06-20 22:39:07.109  9102  9102 E BaseSurfaceHolder: 	at android.view.Surface.lockCanvasNative(Native Method)
06-20 22:39:07.109  9102  9102 E BaseSurfaceHolder: 	at android.view.Surface.lockCanvas(Surface.java:76)
06-20 22:39:07.109  9102  9102 E BaseSurfaceHolder: 	at com.android.internal.view.BaseSurfaceHolder.internalLockCanvas(BaseSurfaceHolder.java:184)
06-20 22:39:07.109  9102  9102 E BaseSurfaceHolder: 	at com.android.internal.view.BaseSurfaceHolder.lockCanvas(BaseSurfaceHolder.java:157)
06-20 22:39:07.109  9102  9102 E BaseSurfaceHolder: 	at com.google.googlenav.wallpaper.b.a(SourceFile:697)
06-20 22:39:07.109  9102  9102 E BaseSurfaceHolder: 	at com.google.googlenav.wallpaper.c.postInvalidate(SourceFile:311)
06-20 22:39:07.109  9102  9102 E BaseSurfaceHolder: 	at com.google.googlenav.ui.android.J.p(SourceFile:45)
06-20 22:39:07.109  9102  9102 E BaseSurfaceHolder: 	at com.google.googlenav.ui.E.p(SourceFile:4881)
06-20 22:39:07.109  9102  9102 E BaseSurfaceHolder: 	at com.google.googlenav.ui.F.a(SourceFile:743)
06-20 22:39:07.109  9102  9102 E BaseSurfaceHolder: 	at aK.u.a(SourceFile:97)
06-20 22:39:07.109  9102  9102 E BaseSurfaceHolder: 	at aK.h.b(SourceFile:183)
06-20 22:39:07.109  9102  9102 E BaseSurfaceHolder: 	at aK.u.d(SourceFile:330)
06-20 22:39:07.109  9102  9102 E BaseSurfaceHolder: 	at aK.h.a(SourceFile:158)
06-20 22:39:07.109  9102  9102 E BaseSurfaceHolder: 	at com.google.googlenav.ui.aC.e(SourceFile:290)
06-20 22:39:07.109  9102  9102 E BaseSurfaceHolder: 	at com.google.googlenav.ui.E.b(SourceFile:4158)
06-20 22:39:07.109  9102  9102 E BaseSurfaceHolder: 	at com.google.googlenav.ui.T.run(SourceFile:4835)
06-20 22:39:07.109  9102  9102 E BaseSurfaceHolder: 	at com.google.googlenav.android.Z.run(SourceFile:92)
06-20 22:39:07.109  9102  9102 E BaseSurfaceHolder: 	at android.os.Handler.handleCallback(Handler.java:605)
06-20 22:39:07.109  9102  9102 E BaseSurfaceHolder: 	at android.os.Handler.dispatchMessage(Handler.java:92)
06-20 22:39:07.109  9102  9102 E BaseSurfaceHolder: 	at android.os.Looper.loop(Looper.java:137)
06-20 22:39:07.109  9102  9102 E BaseSurfaceHolder: 	at android.app.ActivityThread.main(ActivityThread.java:4424)
06-20 22:39:07.109  9102  9102 E BaseSurfaceHolder: 	at java.lang.reflect.Method.invokeNative(Native Method)
06-20 22:39:07.109  9102  9102 E BaseSurfaceHolder: 	at java.lang.reflect.Method.invoke(Method.java:511)
06-20 22:39:07.109  9102  9102 E BaseSurfaceHolder: 	at com.android.internal.os.ZygoteInit$MethodAndArgsCaller.run(ZygoteInit.java:784)
06-20 22:39:07.109  9102  9102 E BaseSurfaceHolder: 	at com.android.internal.os.ZygoteInit.main(ZygoteInit.java:551)
06-20 22:39:07.109  9102  9102 E BaseSurfaceHolder: 	at dalvik.system.NativeStart.main(Native Method)
06-20 22:39:07.109  9102  9102 E BaseSurfaceHolder: Exception locking surface
06-20 22:39:07.109  9102  9102 E BaseSurfaceHolder: java.lang.IllegalArgumentException
06-20 22:39:07.109  9102  9102 E BaseSurfaceHolder: 	at android.view.Surface.lockCanvasNative(Native Method)
06-20 22:39:07.109  9102  9102 E BaseSurfaceHolder: 	at android.view.Surface.lockCanvas(Surface.java:76)
06-20 22:39:07.109  9102  9102 E BaseSurfaceHolder: 	at com.android.internal.view.BaseSurfaceHolder.internalLockCanvas(BaseSurfaceHolder.java:184)
06-20 22:39:07.109  9102  9102 E BaseSurfaceHolder: 	at com.android.internal.view.BaseSurfaceHolder.lockCanvas(BaseSurfaceHolder.java:157)
06-20 22:39:07.109  9102  9102 E BaseSurfaceHolder: 	at com.google.googlenav.wallpaper.b.a(SourceFile:697)
06-20 22:39:07.109  9102  9102 E BaseSurfaceHolder: 	at com.google.googlenav.wallpaper.c.postInvalidate(SourceFile:311)
06-20 22:39:07.109  9102  9102 E BaseSurfaceHolder: 	at com.google.googlenav.ui.android.J.p(SourceFile:45)
06-20 22:39:07.109  9102  9102 E BaseSurfaceHolder: 	at com.google.googlenav.ui.E.p(SourceFile:4881)
06-20 22:39:07.109  9102  9102 E BaseSurfaceHolder: 	at com.google.googlenav.ui.E.b(SourceFile:4161)
06-20 22:39:07.109  9102  9102 E BaseSurfaceHolder: 	at com.google.googlenav.ui.T.run(SourceFile:4835)
06-20 22:39:07.109  9102  9102 E BaseSurfaceHolder: 	at com.google.googlenav.android.Z.run(SourceFile:92)
06-20 22:39:07.109  9102  9102 E BaseSurfaceHolder: 	at android.os.Handler.handleCallback(Handler.java:605)
06-20 22:39:07.109  9102  9102 E BaseSurfaceHolder: 	at android.os.Handler.dispatchMessage(Handler.java:92)
06-20 22:39:07.109  9102  9102 E BaseSurfaceHolder: 	at android.os.Looper.loop(Looper.java:137)
06-20 22:39:07.109  9102  9102 E BaseSurfaceHolder: 	at android.app.ActivityThread.main(ActivityThread.java:4424)
06-20 22:39:07.109  9102  9102 E BaseSurfaceHolder: 	at java.lang.reflect.Method.invokeNative(Native Method)
06-20 22:39:07.109  9102  9102 E BaseSurfaceHolder: 	at java.lang.reflect.Method.invoke(Method.java:511)
06-20 22:39:07.109  9102  9102 E BaseSurfaceHolder: 	at com.android.internal.os.ZygoteInit$MethodAndArgsCaller.run(ZygoteInit.java:784)
06-20 22:39:07.109  9102  9102 E BaseSurfaceHolder: 	at com.android.internal.os.ZygoteInit.main(ZygoteInit.java:551)
06-20 22:39:07.109  9102  9102 E BaseSurfaceHolder: 	at dalvik.system.NativeStart.main(Native Method)
06-20 22:39:07.113   280   280 D wpa_supplicant: wpa_driver_wext_driver_cmd SETSUSPENDOPT 0 len = 4096
06-20 22:39:07.113   280   280 D wpa_supplicant: wpa_driver_wext_driver_cmd SETSUSPENDOPT 0 len = 0, 15
06-20 22:39:07.113   280   280 D wpa_supplicant: wpa_driver_wext_driver_cmd POWERMODE 0 len = 4096
06-20 22:39:07.117   280   280 D wpa_supplicant: wpa_driver_wext_driver_cmd OK len = 0, 2
06-20 22:39:07.136  9132  9134 D dalvikvm: GC_CONCURRENT freed 475K, 7% free 10495K/11271K, paused 1ms+3ms
06-20 22:39:11.476   280   280 D wpa_supplicant: wpa_driver_wext_driver_cmd SETSUSPENDOPT 0 len = 4096
06-20 22:39:11.480   280   280 D wpa_supplicant: wpa_driver_wext_driver_cmd SETSUSPENDOPT 0 len = 0, 15
06-20 22:39:11.488   280   280 D wpa_supplicant: wpa_driver_wext_driver_cmd POWERMODE 0 len = 4096
06-20 22:39:11.527   280   280 D wpa_supplicant: wpa_driver_wext_driver_cmd OK len = 0, 2
06-20 22:39:11.527   280   280 D wpa_supplicant: WPS: Building WPS IE for Probe Request
06-20 22:39:11.527   280   280 D wpa_supplicant: WPS:  * Version (hardcoded 0x10)
06-20 22:39:11.527   280   280 D wpa_supplicant: WPS:  * Request Type
06-20 22:39:11.527   280   280 D wpa_supplicant: WPS:  * Config Methods (2388)
06-20 22:39:11.527   280   280 D wpa_supplicant: WPS:  * UUID-E
06-20 22:39:11.527   280   280 D wpa_supplicant: WPS:  * Primary Device Type
06-20 22:39:11.527   280   280 D wpa_supplicant: WPS:  * RF Bands (3)
06-20 22:39:11.527   280   280 D wpa_supplicant: WPS:  * Association State
06-20 22:39:11.527   280   280 D wpa_supplicant: WPS:  * Configuration Error (0)
06-20 22:39:11.527   280   280 D wpa_supplicant: WPS:  * Device Password ID (0)
06-20 22:39:11.527   280   280 D wpa_supplicant: WPS:  * Manufacturer
06-20 22:39:11.527   280   280 D wpa_supplicant: WPS:  * Model Name
06-20 22:39:11.527   280   280 D wpa_supplicant: WPS:  * Model Number
06-20 22:39:11.527   280   280 D wpa_supplicant: WPS:  * Device Name
06-20 22:39:11.527   280   280 D wpa_supplicant: WPS:  * Version2 (0x20)
06-20 22:39:11.527   280   280 D wpa_supplicant: wpa_driver_wext_combo_scan: Start
06-20 22:39:11.527   280   280 D wpa_supplicant: For Scan: (null)
06-20 22:39:11.574   280   280 D wpa_supplicant: Scan requested (ret=0) - scan timeout 30 seconds
06-20 22:39:12.054   280   280 D wpa_supplicant: RTM_NEWLINK: operstate=0 ifi_flags=0x11003 ([UP][LOWER_UP])
06-20 22:39:12.066   280   280 D wpa_supplicant: RTM_NEWLINK, IFLA_IFNAME: Interface 'wlan0' added
06-20 22:39:12.066   280   280 D wpa_supplicant: Wireless event: cmd=0x8b19 len=8
06-20 22:39:12.066   280   280 D wpa_supplicant: Received 0 bytes of scan results (0 BSSes)
06-20 22:39:12.175  9102  9102 E BaseSurfaceHolder: Exception locking surface
06-20 22:39:12.175  9102  9102 E BaseSurfaceHolder: java.lang.IllegalArgumentException
06-20 22:39:12.175  9102  9102 E BaseSurfaceHolder: 	at android.view.Surface.lockCanvasNative(Native Method)
06-20 22:39:12.175  9102  9102 E BaseSurfaceHolder: 	at android.view.Surface.lockCanvas(Surface.java:76)
06-20 22:39:12.175  9102  9102 E BaseSurfaceHolder: 	at com.android.internal.view.BaseSurfaceHolder.internalLockCanvas(BaseSurfaceHolder.java:184)
06-20 22:39:12.175  9102  9102 E BaseSurfaceHolder: 	at com.android.internal.view.BaseSurfaceHolder.lockCanvas(BaseSurfaceHolder.java:157)
06-20 22:39:12.175  9102  9102 E BaseSurfaceHolder: 	at com.google.googlenav.wallpaper.b.a(SourceFile:697)
06-20 22:39:12.175  9102  9102 E BaseSurfaceHolder: 	at com.google.googlenav.wallpaper.c.postInvalidate(SourceFile:311)
06-20 22:39:12.175  9102  9102 E BaseSurfaceHolder: 	at com.google.googlenav.ui.android.J.p(SourceFile:45)
06-20 22:39:12.175  9102  9102 E BaseSurfaceHolder: 	at com.google.googlenav.ui.E.p(SourceFile:4881)
06-20 22:39:12.175  9102  9102 E BaseSurfaceHolder: 	at com.google.googlenav.ui.F.a(SourceFile:743)
06-20 22:39:12.175  9102  9102 E BaseSurfaceHolder: 	at aK.u.a(SourceFile:97)
06-20 22:39:12.175  9102  9102 E BaseSurfaceHolder: 	at aK.h.b(SourceFile:183)
06-20 22:39:12.175  9102  9102 E BaseSurfaceHolder: 	at aK.u.d(SourceFile:330)
06-20 22:39:12.175  9102  9102 E BaseSurfaceHolder: 	at aK.h.a(SourceFile:158)
06-20 22:39:12.175  9102  9102 E BaseSurfaceHolder: 	at com.google.googlenav.ui.aC.e(SourceFile:290)
06-20 22:39:12.175  9102  9102 E BaseSurfaceHolder: 	at com.google.googlenav.ui.E.b(SourceFile:4158)
06-20 22:39:12.175  9102  9102 E BaseSurfaceHolder: 	at com.google.googlenav.ui.T.run(SourceFile:4835)
06-20 22:39:12.175  9102  9102 E BaseSurfaceHolder: 	at com.google.googlenav.android.Z.run(SourceFile:92)
06-20 22:39:12.175  9102  9102 E BaseSurfaceHolder: 	at android.os.Handler.handleCallback(Handler.java:605)
06-20 22:39:12.175  9102  9102 E BaseSurfaceHolder: 	at android.os.Handler.dispatchMessage(Handler.java:92)
06-20 22:39:12.175  9102  9102 E BaseSurfaceHolder: 	at android.os.Looper.loop(Looper.java:137)
06-20 22:39:12.175  9102  9102 E BaseSurfaceHolder: 	at android.app.ActivityThread.main(ActivityThread.java:4424)
06-20 22:39:12.175  9102  9102 E BaseSurfaceHolder: 	at java.lang.reflect.Method.invokeNative(Native Method)
06-20 22:39:12.175  9102  9102 E BaseSurfaceHolder: 	at java.lang.reflect.Method.invoke(Method.java:511)
06-20 22:39:12.175  9102  9102 E BaseSurfaceHolder: 	at com.android.internal.os.ZygoteInit$MethodAndArgsCaller.run(ZygoteInit.java:784)
06-20 22:39:12.175  9102  9102 E BaseSurfaceHolder: 	at com.android.internal.os.ZygoteInit.main(ZygoteInit.java:551)
06-20 22:39:12.175  9102  9102 E BaseSurfaceHolder: 	at dalvik.system.NativeStart.main(Native Method)
06-20 22:39:12.179  9102  9102 E BaseSurfaceHolder: Exception locking surface
06-20 22:39:12.179  9102  9102 E BaseSurfaceHolder: java.lang.IllegalArgumentException
06-20 22:39:12.179  9102  9102 E BaseSurfaceHolder: 	at android.view.Surface.lockCanvasNative(Native Method)
06-20 22:39:12.179  9102  9102 E BaseSurfaceHolder: 	at android.view.Surface.lockCanvas(Surface.java:76)
06-20 22:39:12.179  9102  9102 E BaseSurfaceHolder: 	at com.android.internal.view.BaseSurfaceHolder.internalLockCanvas(BaseSurfaceHolder.java:184)
06-20 22:39:12.179  9102  9102 E BaseSurfaceHolder: 	at com.android.internal.view.BaseSurfaceHolder.lockCanvas(BaseSurfaceHolder.java:157)
06-20 22:39:12.179  9102  9102 E BaseSurfaceHolder: 	at com.google.googlenav.wallpaper.b.a(SourceFile:697)
06-20 22:39:12.179  9102  9102 E BaseSurfaceHolder: 	at com.google.googlenav.wallpaper.c.postInvalidate(SourceFile:311)
06-20 22:39:12.179  9102  9102 E BaseSurfaceHolder: 	at com.google.googlenav.ui.android.J.p(SourceFile:45)
06-20 22:39:12.179  9102  9102 E BaseSurfaceHolder: 	at com.google.googlenav.ui.E.p(SourceFile:4881)
06-20 22:39:12.179  9102  9102 E BaseSurfaceHolder: 	at com.google.googlenav.ui.E.b(SourceFile:4161)
06-20 22:39:12.179  9102  9102 E BaseSurfaceHolder: 	at com.google.googlenav.ui.T.run(SourceFile:4835)
06-20 22:39:12.179  9102  9102 E BaseSurfaceHolder: 	at com.google.googlenav.android.Z.run(SourceFile:92)
06-20 22:39:12.179  9102  9102 E BaseSurfaceHolder: 	at android.os.Handler.handleCallback(Handler.java:605)
06-20 22:39:12.179  9102  9102 E BaseSurfaceHolder: 	at android.os.Handler.dispatchMessage(Handler.java:92)
06-20 22:39:12.179  9102  9102 E BaseSurfaceHolder: 	at android.os.Looper.loop(Looper.java:137)
06-20 22:39:12.179  9102  9102 E BaseSurfaceHolder: 	at android.app.ActivityThread.main(ActivityThread.java:4424)
06-20 22:39:12.179  9102  9102 E BaseSurfaceHolder: 	at java.lang.reflect.Method.invokeNative(Native Method)
06-20 22:39:12.179  9102  9102 E BaseSurfaceHolder: 	at java.lang.reflect.Method.invoke(Method.java:511)
06-20 22:39:12.179  9102  9102 E BaseSurfaceHolder: 	at com.android.internal.os.ZygoteInit$MethodAndArgsCaller.run(ZygoteInit.java:784)
06-20 22:39:12.179  9102  9102 E BaseSurfaceHolder: 	at com.android.internal.os.ZygoteInit.main(ZygoteInit.java:551)
06-20 22:39:12.179  9102  9102 E BaseSurfaceHolder: 	at dalvik.system.NativeStart.main(Native Method)
06-20 22:39:12.183   280   280 D wpa_supplicant: wpa_driver_wext_driver_cmd SETSUSPENDOPT 0 len = 4096
06-20 22:39:12.183   280   280 D wpa_supplicant: wpa_driver_wext_driver_cmd SETSUSPENDOPT 0 len = 0, 15
06-20 22:39:12.183   280   280 D wpa_supplicant: wpa_driver_wext_driver_cmd POWERMODE 0 len = 4096
06-20 22:39:12.183   280   280 D wpa_supplicant: wpa_driver_wext_driver_cmd OK len = 0, 2
06-20 22:39:16.523   280   280 D wpa_supplicant: wpa_driver_wext_driver_cmd SETSUSPENDOPT 0 len = 4096
06-20 22:39:16.523   280   280 D wpa_supplicant: wpa_driver_wext_driver_cmd SETSUSPENDOPT 0 len = 0, 15
06-20 22:39:16.527   280   280 D wpa_supplicant: wpa_driver_wext_driver_cmd POWERMODE 0 len = 4096
06-20 22:39:16.574   280   280 D wpa_supplicant: wpa_driver_wext_driver_cmd OK len = 0, 2
06-20 22:39:16.574   280   280 D wpa_supplicant: WPS: Building WPS IE for Probe Request
06-20 22:39:16.574   280   280 D wpa_supplicant: WPS:  * Version (hardcoded 0x10)
06-20 22:39:16.574   280   280 D wpa_supplicant: WPS:  * Request Type
06-20 22:39:16.574   280   280 D wpa_supplicant: WPS:  * Config Methods (2388)
06-20 22:39:16.574   280   280 D wpa_supplicant: WPS:  * UUID-E
06-20 22:39:16.574   280   280 D wpa_supplicant: WPS:  * Primary Device Type
06-20 22:39:16.574   280   280 D wpa_supplicant: WPS:  * RF Bands (3)
06-20 22:39:16.574   280   280 D wpa_supplicant: WPS:  * Association State
06-20 22:39:16.574   280   280 D wpa_supplicant: WPS:  * Configuration Error (0)
06-20 22:39:16.574   280   280 D wpa_supplicant: WPS:  * Device Password ID (0)
06-20 22:39:16.574   280   280 D wpa_supplicant: WPS:  * Manufacturer
06-20 22:39:16.574   280   280 D wpa_supplicant: WPS:  * Model Name
06-20 22:39:16.574   280   280 D wpa_supplicant: WPS:  * Model Number
06-20 22:39:16.574   280   280 D wpa_supplicant: WPS:  * Device Name
06-20 22:39:16.574   280   280 D wpa_supplicant: WPS:  * Version2 (0x20)
06-20 22:39:16.574   280   280 D wpa_supplicant: wpa_driver_wext_combo_scan: Start
06-20 22:39:16.574   280   280 D wpa_supplicant: For Scan: (null)
06-20 22:39:16.621   280   280 D wpa_supplicant: Scan requested (ret=0) - scan timeout 30 seconds
06-20 22:39:17.101   280   280 D wpa_supplicant: RTM_NEWLINK: operstate=0 ifi_flags=0x11003 ([UP][LOWER_UP])
06-20 22:39:17.101   280   280 D wpa_supplicant: RTM_NEWLINK, IFLA_IFNAME: Interface 'wlan0' added
06-20 22:39:17.101   280   280 D wpa_supplicant: Wireless event: cmd=0x8b19 len=8
06-20 22:39:17.101   280   280 D wpa_supplicant: Received 0 bytes of scan results (0 BSSes)
06-20 22:39:17.179   280   280 D wpa_supplicant: wpa_driver_wext_driver_cmd SETSUSPENDOPT 0 len = 4096
06-20 22:39:17.179   280   280 D wpa_supplicant: wpa_driver_wext_driver_cmd SETSUSPENDOPT 0 len = 0, 15
06-20 22:39:17.179   280   280 D wpa_supplicant: wpa_driver_wext_driver_cmd POWERMODE 0 len = 4096
06-20 22:39:17.183   280   280 D wpa_supplicant: wpa_driver_wext_driver_cmd OK len = 0, 2
06-20 22:39:17.187  9102  9102 E BaseSurfaceHolder: Exception locking surface
06-20 22:39:17.187  9102  9102 E BaseSurfaceHolder: java.lang.IllegalArgumentException
06-20 22:39:17.187  9102  9102 E BaseSurfaceHolder: 	at android.view.Surface.lockCanvasNative(Native Method)
06-20 22:39:17.187  9102  9102 E BaseSurfaceHolder: 	at android.view.Surface.lockCanvas(Surface.java:76)
06-20 22:39:17.187  9102  9102 E BaseSurfaceHolder: 	at com.android.internal.view.BaseSurfaceHolder.internalLockCanvas(BaseSurfaceHolder.java:184)
06-20 22:39:17.187  9102  9102 E BaseSurfaceHolder: 	at com.android.internal.view.BaseSurfaceHolder.lockCanvas(BaseSurfaceHolder.java:157)
06-20 22:39:17.187  9102  9102 E BaseSurfaceHolder: 	at com.google.googlenav.wallpaper.b.a(SourceFile:697)
06-20 22:39:17.187  9102  9102 E BaseSurfaceHolder: 	at com.google.googlenav.wallpaper.c.postInvalidate(SourceFile:311)
06-20 22:39:17.187  9102  9102 E BaseSurfaceHolder: 	at com.google.googlenav.ui.android.J.p(SourceFile:45)
06-20 22:39:17.187  9102  9102 E BaseSurfaceHolder: 	at com.google.googlenav.ui.E.p(SourceFile:4881)
06-20 22:39:17.187  9102  9102 E BaseSurfaceHolder: 	at com.google.googlenav.ui.F.a(SourceFile:743)
06-20 22:39:17.187  9102  9102 E BaseSurfaceHolder: 	at aK.u.a(SourceFile:97)
06-20 22:39:17.187  9102  9102 E BaseSurfaceHolder: 	at aK.h.b(SourceFile:183)
06-20 22:39:17.187  9102  9102 E BaseSurfaceHolder: 	at aK.u.d(SourceFile:330)
06-20 22:39:17.187  9102  9102 E BaseSurfaceHolder: 	at aK.h.a(SourceFile:158)
06-20 22:39:17.187  9102  9102 E BaseSurfaceHolder: 	at com.google.googlenav.ui.aC.e(SourceFile:290)
06-20 22:39:17.187  9102  9102 E BaseSurfaceHolder: 	at com.google.googlenav.ui.E.b(SourceFile:4158)
06-20 22:39:17.187  9102  9102 E BaseSurfaceHolder: 	at com.google.googlenav.ui.T.run(SourceFile:4835)
06-20 22:39:17.187  9102  9102 E BaseSurfaceHolder: 	at com.google.googlenav.android.Z.run(SourceFile:92)
06-20 22:39:17.187  9102  9102 E BaseSurfaceHolder: 	at android.os.Handler.handleCallback(Handler.java:605)
06-20 22:39:17.187  9102  9102 E BaseSurfaceHolder: 	at android.os.Handler.dispatchMessage(Handler.java:92)
06-20 22:39:17.187  9102  9102 E BaseSurfaceHolder: 	at android.os.Looper.loop(Looper.java:137)
06-20 22:39:17.187  9102  9102 E BaseSurfaceHolder: 	at android.app.ActivityThread.main(ActivityThread.java:4424)
06-20 22:39:17.187  9102  9102 E BaseSurfaceHolder: 	at java.lang.reflect.Method.invokeNative(Native Method)
06-20 22:39:17.187  9102  9102 E BaseSurfaceHolder: 	at java.lang.reflect.Method.invoke(Method.java:511)
06-20 22:39:17.187  9102  9102 E BaseSurfaceHolder: 	at com.android.internal.os.ZygoteInit$MethodAndArgsCaller.run(ZygoteInit.java:784)
06-20 22:39:17.187  9102  9102 E BaseSurfaceHolder: 	at com.android.internal.os.ZygoteInit.main(ZygoteInit.java:551)
06-20 22:39:17.187  9102  9102 E BaseSurfaceHolder: 	at dalvik.system.NativeStart.main(Native Method)
06-20 22:39:17.187  9102  9102 E BaseSurfaceHolder: Exception locking surface
06-20 22:39:17.187  9102  9102 E BaseSurfaceHolder: java.lang.IllegalArgumentException
06-20 22:39:17.187  9102  9102 E BaseSurfaceHolder: 	at android.view.Surface.lockCanvasNative(Native Method)
06-20 22:39:17.187  9102  9102 E BaseSurfaceHolder: 	at android.view.Surface.lockCanvas(Surface.java:76)
06-20 22:39:17.187  9102  9102 E BaseSurfaceHolder: 	at com.android.internal.view.BaseSurfaceHolder.internalLockCanvas(BaseSurfaceHolder.java:184)
06-20 22:39:17.187  9102  9102 E BaseSurfaceHolder: 	at com.android.internal.view.BaseSurfaceHolder.lockCanvas(BaseSurfaceHolder.java:157)
06-20 22:39:17.187  9102  9102 E BaseSurfaceHolder: 	at com.google.googlenav.wallpaper.b.a(SourceFile:697)
06-20 22:39:17.187  9102  9102 E BaseSurfaceHolder: 	at com.google.googlenav.wallpaper.c.postInvalidate(SourceFile:311)
06-20 22:39:17.187  9102  9102 E BaseSurfaceHolder: 	at com.google.googlenav.ui.android.J.p(SourceFile:45)
06-20 22:39:17.187  9102  9102 E BaseSurfaceHolder: 	at com.google.googlenav.ui.E.p(SourceFile:4881)
06-20 22:39:17.187  9102  9102 E BaseSurfaceHolder: 	at com.google.googlenav.ui.E.b(SourceFile:4161)
06-20 22:39:17.187  9102  9102 E BaseSurfaceHolder: 	at com.google.googlenav.ui.T.run(SourceFile:4835)
06-20 22:39:17.187  9102  9102 E BaseSurfaceHolder: 	at com.google.googlenav.android.Z.run(SourceFile:92)
06-20 22:39:17.187  9102  9102 E BaseSurfaceHolder: 	at android.os.Handler.handleCallback(Handler.java:605)
06-20 22:39:17.187  9102  9102 E BaseSurfaceHolder: 	at android.os.Handler.dispatchMessage(Handler.java:92)
06-20 22:39:17.187  9102  9102 E BaseSurfaceHolder: 	at android.os.Looper.loop(Looper.java:137)
06-20 22:39:17.187  9102  9102 E BaseSurfaceHolder: 	at android.app.ActivityThread.main(ActivityThread.java:4424)
06-20 22:39:17.187  9102  9102 E BaseSurfaceHolder: 	at java.lang.reflect.Method.invokeNative(Native Method)
06-20 22:39:17.187  9102  9102 E BaseSurfaceHolder: 	at java.lang.reflect.Method.invoke(Method.java:511)
06-20 22:39:17.187  9102  9102 E BaseSurfaceHolder: 	at com.android.internal.os.ZygoteInit$MethodAndArgsCaller.run(ZygoteInit.java:784)
06-20 22:39:17.187  9102  9102 E BaseSurfaceHolder: 	at com.android.internal.os.ZygoteInit.main(ZygoteInit.java:551)
06-20 22:39:17.187  9102  9102 E BaseSurfaceHolder: 	at dalvik.system.NativeStart.main(Native Method)
06-20 22:39:21.574   280   280 D wpa_supplicant: wpa_driver_wext_driver_cmd SETSUSPENDOPT 0 len = 4096
06-20 22:39:21.574   280   280 D wpa_supplicant: wpa_driver_wext_driver_cmd SETSUSPENDOPT 0 len = 0, 15
06-20 22:39:21.582   280   280 D wpa_supplicant: wpa_driver_wext_driver_cmd POWERMODE 0 len = 4096
06-20 22:39:21.628   280   280 D wpa_supplicant: wpa_driver_wext_driver_cmd OK len = 0, 2
06-20 22:39:21.636   280   280 D wpa_supplicant: WPS: Building WPS IE for Probe Request
06-20 22:39:21.636   280   280 D wpa_supplicant: WPS:  * Version (hardcoded 0x10)
06-20 22:39:21.636   280   280 D wpa_supplicant: WPS:  * Request Type
06-20 22:39:21.636   280   280 D wpa_supplicant: WPS:  * Config Methods (2388)
06-20 22:39:21.636   280   280 D wpa_supplicant: WPS:  * UUID-E
06-20 22:39:21.636   280   280 D wpa_supplicant: WPS:  * Primary Device Type
06-20 22:39:21.636   280   280 D wpa_supplicant: WPS:  * RF Bands (3)
06-20 22:39:21.636   280   280 D wpa_supplicant: WPS:  * Association State
06-20 22:39:21.636   280   280 D wpa_supplicant: WPS:  * Configuration Error (0)
06-20 22:39:21.636   280   280 D wpa_supplicant: WPS:  * Device Password ID (0)
06-20 22:39:21.636   280   280 D wpa_supplicant: WPS:  * Manufacturer
06-20 22:39:21.636   280   280 D wpa_supplicant: WPS:  * Model Name
06-20 22:39:21.636   280   280 D wpa_supplicant: WPS:  * Model Number
06-20 22:39:21.636   280   280 D wpa_supplicant: WPS:  * Device Name
06-20 22:39:21.636   280   280 D wpa_supplicant: WPS:  * Version2 (0x20)
06-20 22:39:21.636   280   280 D wpa_supplicant: wpa_driver_wext_combo_scan: Start
06-20 22:39:21.636   280   280 D wpa_supplicant: For Scan: (null)
06-20 22:39:21.640   212   212 I PowerUI : updating low battery warning: level=14 [-1]
06-20 22:39:21.695   280   280 D wpa_supplicant: Scan requested (ret=0) - scan timeout 30 seconds
06-20 22:39:22.175   280   280 D wpa_supplicant: RTM_NEWLINK: operstate=0 ifi_flags=0x11003 ([UP][LOWER_UP])
06-20 22:39:22.175   280   280 D wpa_supplicant: RTM_NEWLINK, IFLA_IFNAME: Interface 'wlan0' added
06-20 22:39:22.175   280   280 D wpa_supplicant: Wireless event: cmd=0x8b19 len=8
06-20 22:39:22.183   280   280 D wpa_supplicant: Received 169 bytes of scan results (1 BSSes)
06-20 22:39:22.300  9102  9102 E BaseSurfaceHolder: Exception locking surface
06-20 22:39:22.300  9102  9102 E BaseSurfaceHolder: java.lang.IllegalArgumentException
06-20 22:39:22.300  9102  9102 E BaseSurfaceHolder: 	at android.view.Surface.lockCanvasNative(Native Method)
06-20 22:39:22.300  9102  9102 E BaseSurfaceHolder: 	at android.view.Surface.lockCanvas(Surface.java:76)
06-20 22:39:22.300  9102  9102 E BaseSurfaceHolder: 	at com.android.internal.view.BaseSurfaceHolder.internalLockCanvas(BaseSurfaceHolder.java:184)
06-20 22:39:22.300  9102  9102 E BaseSurfaceHolder: 	at com.android.internal.view.BaseSurfaceHolder.lockCanvas(BaseSurfaceHolder.java:157)
06-20 22:39:22.300  9102  9102 E BaseSurfaceHolder: 	at com.google.googlenav.wallpaper.b.a(SourceFile:697)
06-20 22:39:22.300  9102  9102 E BaseSurfaceHolder: 	at com.google.googlenav.wallpaper.c.postInvalidate(SourceFile:311)
06-20 22:39:22.300  9102  9102 E BaseSurfaceHolder: 	at com.google.googlenav.ui.android.J.p(SourceFile:45)
06-20 22:39:22.300  9102  9102 E BaseSurfaceHolder: 	at com.google.googlenav.ui.E.p(SourceFile:4881)
06-20 22:39:22.300  9102  9102 E BaseSurfaceHolder: 	at com.google.googlenav.ui.F.a(SourceFile:743)
06-20 22:39:22.300  9102  9102 E BaseSurfaceHolder: 	at aK.u.a(SourceFile:97)
06-20 22:39:22.300  9102  9102 E BaseSurfaceHolder: 	at aK.h.b(SourceFile:183)
06-20 22:39:22.300  9102  9102 E BaseSurfaceHolder: 	at aK.u.d(SourceFile:330)
06-20 22:39:22.300  9102  9102 E BaseSurfaceHolder: 	at aK.h.a(SourceFile:158)
06-20 22:39:22.300  9102  9102 E BaseSurfaceHolder: 	at com.google.googlenav.ui.aC.e(SourceFile:290)
06-20 22:39:22.300  9102  9102 E BaseSurfaceHolder: 	at com.google.googlenav.ui.E.b(SourceFile:4158)
06-20 22:39:22.300  9102  9102 E BaseSurfaceHolder: 	at com.google.googlenav.ui.T.run(SourceFile:4835)
06-20 22:39:22.300  9102  9102 E BaseSurfaceHolder: 	at com.google.googlenav.android.Z.run(SourceFile:92)
06-20 22:39:22.300  9102  9102 E BaseSurfaceHolder: 	at android.os.Handler.handleCallback(Handler.java:605)
06-20 22:39:22.300  9102  9102 E BaseSurfaceHolder: 	at android.os.Handler.dispatchMessage(Handler.java:92)
06-20 22:39:22.300  9102  9102 E BaseSurfaceHolder: 	at android.os.Looper.loop(Looper.java:137)
06-20 22:39:22.300  9102  9102 E BaseSurfaceHolder: 	at android.app.ActivityThread.main(ActivityThread.java:4424)
06-20 22:39:22.300  9102  9102 E BaseSurfaceHolder: 	at java.lang.reflect.Method.invokeNative(Native Method)
06-20 22:39:22.300  9102  9102 E BaseSurfaceHolder: 	at java.lang.reflect.Method.invoke(Method.java:511)
06-20 22:39:22.300  9102  9102 E BaseSurfaceHolder: 	at com.android.internal.os.ZygoteInit$MethodAndArgsCaller.run(ZygoteInit.java:784)
06-20 22:39:22.300  9102  9102 E BaseSurfaceHolder: 	at com.android.internal.os.ZygoteInit.main(ZygoteInit.java:551)
06-20 22:39:22.300  9102  9102 E BaseSurfaceHolder: 	at dalvik.system.NativeStart.main(Native Method)
06-20 22:39:22.304   280   280 D wpa_supplicant: wpa_driver_wext_driver_cmd SETSUSPENDOPT 0 len = 4096
06-20 22:39:22.304   280   280 D wpa_supplicant: wpa_driver_wext_driver_cmd SETSUSPENDOPT 0 len = 0, 15
06-20 22:39:22.304   280   280 D wpa_supplicant: wpa_driver_wext_driver_cmd POWERMODE 0 len = 4096
06-20 22:39:22.308   280   280 D wpa_supplicant: wpa_driver_wext_driver_cmd OK len = 0, 2
06-20 22:39:22.308  9102  9102 E BaseSurfaceHolder: Exception locking surface
06-20 22:39:22.308  9102  9102 E BaseSurfaceHolder: java.lang.IllegalArgumentException
06-20 22:39:22.308  9102  9102 E BaseSurfaceHolder: 	at android.view.Surface.lockCanvasNative(Native Method)
06-20 22:39:22.308  9102  9102 E BaseSurfaceHolder: 	at android.view.Surface.lockCanvas(Surface.java:76)
06-20 22:39:22.308  9102  9102 E BaseSurfaceHolder: 	at com.android.internal.view.BaseSurfaceHolder.internalLockCanvas(BaseSurfaceHolder.java:184)
06-20 22:39:22.308  9102  9102 E BaseSurfaceHolder: 	at com.android.internal.view.BaseSurfaceHolder.lockCanvas(BaseSurfaceHolder.java:157)
06-20 22:39:22.308  9102  9102 E BaseSurfaceHolder: 	at com.google.googlenav.wallpaper.b.a(SourceFile:697)
06-20 22:39:22.308  9102  9102 E BaseSurfaceHolder: 	at com.google.googlenav.wallpaper.c.postInvalidate(SourceFile:311)
06-20 22:39:22.308  9102  9102 E BaseSurfaceHolder: 	at com.google.googlenav.ui.android.J.p(SourceFile:45)
06-20 22:39:22.308  9102  9102 E BaseSurfaceHolder: 	at com.google.googlenav.ui.E.p(SourceFile:4881)
06-20 22:39:22.308  9102  9102 E BaseSurfaceHolder: 	at com.google.googlenav.ui.E.b(SourceFile:4161)
06-20 22:39:22.308  9102  9102 E BaseSurfaceHolder: 	at com.google.googlenav.ui.T.run(SourceFile:4835)
06-20 22:39:22.308  9102  9102 E BaseSurfaceHolder: 	at com.google.googlenav.android.Z.run(SourceFile:92)
06-20 22:39:22.308  9102  9102 E BaseSurfaceHolder: 	at android.os.Handler.handleCallback(Handler.java:605)
06-20 22:39:22.308  9102  9102 E BaseSurfaceHolder: 	at android.os.Handler.dispatchMessage(Handler.java:92)
06-20 22:39:22.308  9102  9102 E BaseSurfaceHolder: 	at android.os.Looper.loop(Looper.java:137)
06-20 22:39:22.308  9102  9102 E BaseSurfaceHolder: 	at android.app.ActivityThread.main(ActivityThread.java:4424)
06-20 22:39:22.308  9102  9102 E BaseSurfaceHolder: 	at java.lang.reflect.Method.invokeNative(Native Method)
06-20 22:39:22.308  9102  9102 E BaseSurfaceHolder: 	at java.lang.reflect.Method.invoke(Method.java:511)
06-20 22:39:22.308  9102  9102 E BaseSurfaceHolder: 	at com.android.internal.os.ZygoteInit$MethodAndArgsCaller.run(ZygoteInit.java:784)
06-20 22:39:22.308  9102  9102 E BaseSurfaceHolder: 	at com.android.internal.os.ZygoteInit.main(ZygoteInit.java:551)
06-20 22:39:22.308  9102  9102 E BaseSurfaceHolder: 	at dalvik.system.NativeStart.main(Native Method)
06-20 22:39:22.328  9132  9134 D dalvikvm: GC_CONCURRENT freed 478K, 7% free 10496K/11271K, paused 2ms+3ms
06-20 22:39:26.625   280   280 D wpa_supplicant: wpa_driver_wext_driver_cmd SETSUSPENDOPT 0 len = 4096
06-20 22:39:26.625   280   280 D wpa_supplicant: wpa_driver_wext_driver_cmd SETSUSPENDOPT 0 len = 0, 15
06-20 22:39:26.625   280   280 D wpa_supplicant: wpa_driver_wext_driver_cmd POWERMODE 0 len = 4096
06-20 22:39:26.632   280   280 D wpa_supplicant: wpa_driver_wext_driver_cmd OK len = 0, 2
06-20 22:39:26.632   280   280 D wpa_supplicant: WPS: Building WPS IE for Probe Request
06-20 22:39:26.632   280   280 D wpa_supplicant: WPS:  * Version (hardcoded 0x10)
06-20 22:39:26.632   280   280 D wpa_supplicant: WPS:  * Request Type
06-20 22:39:26.632   280   280 D wpa_supplicant: WPS:  * Config Methods (2388)
06-20 22:39:26.632   280   280 D wpa_supplicant: WPS:  * UUID-E
06-20 22:39:26.632   280   280 D wpa_supplicant: WPS:  * Primary Device Type
06-20 22:39:26.632   280   280 D wpa_supplicant: WPS:  * RF Bands (3)
06-20 22:39:26.632   280   280 D wpa_supplicant: WPS:  * Association State
06-20 22:39:26.632   280   280 D wpa_supplicant: WPS:  * Configuration Error (0)
06-20 22:39:26.632   280   280 D wpa_supplicant: WPS:  * Device Password ID (0)
06-20 22:39:26.632   280   280 D wpa_supplicant: WPS:  * Manufacturer
06-20 22:39:26.632   280   280 D wpa_supplicant: WPS:  * Model Name
06-20 22:39:26.632   280   280 D wpa_supplicant: WPS:  * Model Number
06-20 22:39:26.632   280   280 D wpa_supplicant: WPS:  * Device Name
06-20 22:39:26.632   280   280 D wpa_supplicant: WPS:  * Version2 (0x20)
06-20 22:39:26.632   280   280 D wpa_supplicant: wpa_driver_wext_combo_scan: Start
06-20 22:39:26.632   280   280 D wpa_supplicant: For Scan: (null)
06-20 22:39:26.679   280   280 D wpa_supplicant: Scan requested (ret=0) - scan timeout 30 seconds
06-20 22:39:27.160   280   280 D wpa_supplicant: RTM_NEWLINK: operstate=0 ifi_flags=0x11003 ([UP][LOWER_UP])
06-20 22:39:27.160   280   280 D wpa_supplicant: RTM_NEWLINK, IFLA_IFNAME: Interface 'wlan0' added
06-20 22:39:27.160   280   280 D wpa_supplicant: Wireless event: cmd=0x8b19 len=8
06-20 22:39:27.160   280   280 D wpa_supplicant: Received 169 bytes of scan results (1 BSSes)
06-20 22:39:27.246  9102  9102 E BaseSurfaceHolder: Exception locking surface
06-20 22:39:27.246  9102  9102 E BaseSurfaceHolder: java.lang.IllegalArgumentException
06-20 22:39:27.246  9102  9102 E BaseSurfaceHolder: 	at android.view.Surface.lockCanvasNative(Native Method)
06-20 22:39:27.246  9102  9102 E BaseSurfaceHolder: 	at android.view.Surface.lockCanvas(Surface.java:76)
06-20 22:39:27.246  9102  9102 E BaseSurfaceHolder: 	at com.android.internal.view.BaseSurfaceHolder.internalLockCanvas(BaseSurfaceHolder.java:184)
06-20 22:39:27.246  9102  9102 E BaseSurfaceHolder: 	at com.android.internal.view.BaseSurfaceHolder.lockCanvas(BaseSurfaceHolder.java:157)
06-20 22:39:27.246  9102  9102 E BaseSurfaceHolder: 	at com.google.googlenav.wallpaper.b.a(SourceFile:697)
06-20 22:39:27.246  9102  9102 E BaseSurfaceHolder: 	at com.google.googlenav.wallpaper.c.postInvalidate(SourceFile:311)
06-20 22:39:27.246  9102  9102 E BaseSurfaceHolder: 	at com.google.googlenav.ui.android.J.p(SourceFile:45)
06-20 22:39:27.246  9102  9102 E BaseSurfaceHolder: 	at com.google.googlenav.ui.E.p(SourceFile:4881)
06-20 22:39:27.246  9102  9102 E BaseSurfaceHolder: 	at com.google.googlenav.ui.F.a(SourceFile:743)
06-20 22:39:27.246  9102  9102 E BaseSurfaceHolder: 	at aK.u.a(SourceFile:97)
06-20 22:39:27.246  9102  9102 E BaseSurfaceHolder: 	at aK.h.b(SourceFile:183)
06-20 22:39:27.246  9102  9102 E BaseSurfaceHolder: 	at aK.u.d(SourceFile:330)
06-20 22:39:27.246  9102  9102 E BaseSurfaceHolder: 	at aK.h.a(SourceFile:158)
06-20 22:39:27.246  9102  9102 E BaseSurfaceHolder: 	at com.google.googlenav.ui.aC.e(SourceFile:290)
06-20 22:39:27.246  9102  9102 E BaseSurfaceHolder: 	at com.google.googlenav.ui.E.b(SourceFile:4158)
06-20 22:39:27.246  9102  9102 E BaseSurfaceHolder: 	at com.google.googlenav.ui.T.run(SourceFile:4835)
06-20 22:39:27.246  9102  9102 E BaseSurfaceHolder: 	at com.google.googlenav.android.Z.run(SourceFile:92)
06-20 22:39:27.246  9102  9102 E BaseSurfaceHolder: 	at android.os.Handler.handleCallback(Handler.java:605)
06-20 22:39:27.246  9102  9102 E BaseSurfaceHolder: 	at android.os.Handler.dispatchMessage(Handler.java:92)
06-20 22:39:27.246  9102  9102 E BaseSurfaceHolder: 	at android.os.Looper.loop(Looper.java:137)
06-20 22:39:27.246  9102  9102 E BaseSurfaceHolder: 	at android.app.ActivityThread.main(ActivityThread.java:4424)
06-20 22:39:27.246  9102  9102 E BaseSurfaceHolder: 	at java.lang.reflect.Method.invokeNative(Native Method)
06-20 22:39:27.246  9102  9102 E BaseSurfaceHolder: 	at java.lang.reflect.Method.invoke(Method.java:511)
06-20 22:39:27.246  9102  9102 E BaseSurfaceHolder: 	at com.android.internal.os.ZygoteInit$MethodAndArgsCaller.run(ZygoteInit.java:784)
06-20 22:39:27.246  9102  9102 E BaseSurfaceHolder: 	at com.android.internal.os.ZygoteInit.main(ZygoteInit.java:551)
06-20 22:39:27.246  9102  9102 E BaseSurfaceHolder: 	at dalvik.system.NativeStart.main(Native Method)
06-20 22:39:27.250  9102  9102 E BaseSurfaceHolder: Exception locking surface
06-20 22:39:27.250  9102  9102 E BaseSurfaceHolder: java.lang.IllegalArgumentException
06-20 22:39:27.250  9102  9102 E BaseSurfaceHolder: 	at android.view.Surface.lockCanvasNative(Native Method)
06-20 22:39:27.250  9102  9102 E BaseSurfaceHolder: 	at android.view.Surface.lockCanvas(Surface.java:76)
06-20 22:39:27.250  9102  9102 E BaseSurfaceHolder: 	at com.android.internal.view.BaseSurfaceHolder.internalLockCanvas(BaseSurfaceHolder.java:184)
06-20 22:39:27.250  9102  9102 E BaseSurfaceHolder: 	at com.android.internal.view.BaseSurfaceHolder.lockCanvas(BaseSurfaceHolder.java:157)
06-20 22:39:27.250  9102  9102 E BaseSurfaceHolder: 	at com.google.googlenav.wallpaper.b.a(SourceFile:697)
06-20 22:39:27.250  9102  9102 E BaseSurfaceHolder: 	at com.google.googlenav.wallpaper.c.postInvalidate(SourceFile:311)
06-20 22:39:27.250  9102  9102 E BaseSurfaceHolder: 	at com.google.googlenav.ui.android.J.p(SourceFile:45)
06-20 22:39:27.250  9102  9102 E BaseSurfaceHolder: 	at com.google.googlenav.ui.E.p(SourceFile:4881)
06-20 22:39:27.250  9102  9102 E BaseSurfaceHolder: 	at com.google.googlenav.ui.E.b(SourceFile:4161)
06-20 22:39:27.250  9102  9102 E BaseSurfaceHolder: 	at com.google.googlenav.ui.T.run(SourceFile:4835)
06-20 22:39:27.250  9102  9102 E BaseSurfaceHolder: 	at com.google.googlenav.android.Z.run(SourceFile:92)
06-20 22:39:27.250  9102  9102 E BaseSurfaceHolder: 	at android.os.Handler.handleCallback(Handler.java:605)
06-20 22:39:27.250  9102  9102 E BaseSurfaceHolder: 	at android.os.Handler.dispatchMessage(Handler.java:92)
06-20 22:39:27.250  9102  9102 E BaseSurfaceHolder: 	at android.os.Looper.loop(Looper.java:137)
06-20 22:39:27.250  9102  9102 E BaseSurfaceHolder: 	at android.app.ActivityThread.main(ActivityThread.java:4424)
06-20 22:39:27.250  9102  9102 E BaseSurfaceHolder: 	at java.lang.reflect.Method.invokeNative(Native Method)
06-20 22:39:27.250  9102  9102 E BaseSurfaceHolder: 	at java.lang.reflect.Method.invoke(Method.java:511)
06-20 22:39:27.250  9102  9102 E BaseSurfaceHolder: 	at com.android.internal.os.ZygoteInit$MethodAndArgsCaller.run(ZygoteInit.java:784)
06-20 22:39:27.250  9102  9102 E BaseSurfaceHolder: 	at com.android.internal.os.ZygoteInit.main(ZygoteInit.java:551)
06-20 22:39:27.250  9102  9102 E BaseSurfaceHolder: 	at dalvik.system.NativeStart.main(Native Method)
06-20 22:39:27.250   280   280 D wpa_supplicant: wpa_driver_wext_driver_cmd SETSUSPENDOPT 0 len = 4096
06-20 22:39:27.250   280   280 D wpa_supplicant: wpa_driver_wext_driver_cmd SETSUSPENDOPT 0 len = 0, 15
06-20 22:39:27.250   280   280 D wpa_supplicant: wpa_driver_wext_driver_cmd POWERMODE 0 len = 4096
06-20 22:39:27.253   280   280 D wpa_supplicant: wpa_driver_wext_driver_cmd OK len = 0, 2
06-20 22:39:31.660   280   280 D wpa_supplicant: wpa_driver_wext_driver_cmd SETSUSPENDOPT 0 len = 4096
06-20 22:39:31.660   280   280 D wpa_supplicant: wpa_driver_wext_driver_cmd SETSUSPENDOPT 0 len = 0, 15
06-20 22:39:31.664   280   280 D wpa_supplicant: wpa_driver_wext_driver_cmd POWERMODE 0 len = 4096
06-20 22:39:31.675   280   280 D wpa_supplicant: wpa_driver_wext_driver_cmd OK len = 0, 2
06-20 22:39:31.679   280   280 D wpa_supplicant: WPS: Building WPS IE for Probe Request
06-20 22:39:31.679   280   280 D wpa_supplicant: WPS:  * Version (hardcoded 0x10)
06-20 22:39:31.679   280   280 D wpa_supplicant: WPS:  * Request Type
06-20 22:39:31.679   280   280 D wpa_supplicant: WPS:  * Config Methods (2388)
06-20 22:39:31.679   280   280 D wpa_supplicant: WPS:  * UUID-E
06-20 22:39:31.679   280   280 D wpa_supplicant: WPS:  * Primary Device Type
06-20 22:39:31.679   280   280 D wpa_supplicant: WPS:  * RF Bands (3)
06-20 22:39:31.679   280   280 D wpa_supplicant: WPS:  * Association State
06-20 22:39:31.679   280   280 D wpa_supplicant: WPS:  * Configuration Error (0)
06-20 22:39:31.679   280   280 D wpa_supplicant: WPS:  * Device Password ID (0)
06-20 22:39:31.679   280   280 D wpa_supplicant: WPS:  * Manufacturer
06-20 22:39:31.679   280   280 D wpa_supplicant: WPS:  * Model Name
06-20 22:39:31.679   280   280 D wpa_supplicant: WPS:  * Model Number
06-20 22:39:31.679   280   280 D wpa_supplicant: WPS:  * Device Name
06-20 22:39:31.679   280   280 D wpa_supplicant: WPS:  * Version2 (0x20)
06-20 22:39:31.679   280   280 D wpa_supplicant: wpa_driver_wext_combo_scan: Start
06-20 22:39:31.679   280   280 D wpa_supplicant: For Scan: (null)
06-20 22:39:31.726   280   280 D wpa_supplicant: Scan requested (ret=0) - scan timeout 30 seconds
06-20 22:39:32.207   280   280 D wpa_supplicant: RTM_NEWLINK: operstate=0 ifi_flags=0x11003 ([UP][LOWER_UP])
06-20 22:39:32.207   280   280 D wpa_supplicant: RTM_NEWLINK, IFLA_IFNAME: Interface 'wlan0' added
06-20 22:39:32.207   280   280 D wpa_supplicant: Wireless event: cmd=0x8b19 len=8
06-20 22:39:32.207   280   280 D wpa_supplicant: Received 169 bytes of scan results (1 BSSes)
06-20 22:39:32.343  9102  9102 E BaseSurfaceHolder: Exception locking surface
06-20 22:39:32.343  9102  9102 E BaseSurfaceHolder: java.lang.IllegalArgumentException
06-20 22:39:32.343  9102  9102 E BaseSurfaceHolder: 	at android.view.Surface.lockCanvasNative(Native Method)
06-20 22:39:32.343  9102  9102 E BaseSurfaceHolder: 	at android.view.Surface.lockCanvas(Surface.java:76)
06-20 22:39:32.343  9102  9102 E BaseSurfaceHolder: 	at com.android.internal.view.BaseSurfaceHolder.internalLockCanvas(BaseSurfaceHolder.java:184)
