06-20 20:41:10.035   369   369 D SAN_SERVICE: *******************************************
06-20 20:41:10.418   280   280 D wpa_supplicant: WPS: Building WPS IE for Probe Request
06-20 20:41:10.418   280   280 D wpa_supplicant: WPS:  * Version (hardcoded 0x10)
06-20 20:41:10.418   280   280 D wpa_supplicant: WPS:  * Request Type
06-20 20:41:10.418   280   280 D wpa_supplicant: WPS:  * Config Methods (2388)
06-20 20:41:10.418   280   280 D wpa_supplicant: WPS:  * UUID-E
06-20 20:41:10.418   280   280 D wpa_supplicant: WPS:  * Primary Device Type
06-20 20:41:10.418   280   280 D wpa_supplicant: WPS:  * RF Bands (3)
06-20 20:41:10.418   280   280 D wpa_supplicant: WPS:  * Association State
06-20 20:41:10.418   280   280 D wpa_supplicant: WPS:  * Configuration Error (0)
06-20 20:41:10.418   280   280 D wpa_supplicant: WPS:  * Device Password ID (0)
06-20 20:41:10.418   280   280 D wpa_supplicant: WPS:  * Manufacturer
06-20 20:41:10.418   280   280 D wpa_supplicant: WPS:  * Model Name
06-20 20:41:10.418   280   280 D wpa_supplicant: WPS:  * Model Number
06-20 20:41:10.418   280   280 D wpa_supplicant: WPS:  * Device Name
06-20 20:41:10.418   280   280 D wpa_supplicant: WPS:  * Version2 (0x20)
06-20 20:41:10.418   280   280 D wpa_supplicant: wpa_driver_wext_combo_scan: Start
06-20 20:41:10.418   280   280 D wpa_supplicant: For Scan: (null)
06-20 20:41:10.476   280   280 D wpa_supplicant: Scan requested (ret=0) - scan timeout 30 seconds
06-20 20:41:10.964   280   280 D wpa_supplicant: RTM_NEWLINK: operstate=0 ifi_flags=0x11003 ([UP][LOWER_UP])
06-20 20:41:10.964   280   280 D wpa_supplicant: RTM_NEWLINK, IFLA_IFNAME: Interface 'wlan0' added
06-20 20:41:10.964   280   280 D wpa_supplicant: Wireless event: cmd=0x8b19 len=8
06-20 20:41:10.964   280   280 D wpa_supplicant: Received 2509 bytes of scan results (16 BSSes)
06-20 20:41:10.996   280   280 D wpa_supplicant: wpa_parse_wpa_ie_wpa: ie count botch (pairwise), count 0 left 6
06-20 20:41:10.996   280   280 D wpa_supplicant: wpa_parse_wpa_ie_wpa: ie count botch (pairwise), count 0 left 6
06-20 20:41:10.996   280   280 D wpa_supplicant: wpa_parse_wpa_ie_wpa: ie count botch (pairwise), count 0 left 6
06-20 20:41:10.996   280   280 D wpa_supplicant: wpa_parse_wpa_ie_wpa: ie count botch (pairwise), count 0 left 6
06-20 20:41:10.996   280   280 D wpa_supplicant: wpa_parse_wpa_ie_wpa: ie count botch (pairwise), count 0 left 6
06-20 20:41:10.996   280   280 D wpa_supplicant: wpa_parse_wpa_ie_wpa: ie count botch (pairwise), count 0 left 6
06-20 20:41:11.000   280   280 D wpa_supplicant: wpa_parse_wpa_ie_wpa: ie count botch (pairwise), count 0 left 6
06-20 20:41:11.000   280   280 D wpa_supplicant: wpa_parse_wpa_ie_wpa: ie count botch (pairwise), count 0 left 6
06-20 20:41:11.000   280   280 D wpa_supplicant: wpa_parse_wpa_ie_wpa: ie count botch (pairwise), count 0 left 6
06-20 20:41:13.621   369   369 D SAN_SERVICE: *******************************************
06-20 20:41:13.621   369   369 D SAN_SERVICE: DM App Phone Service State - 0
06-20 20:41:13.621   369   369 D SAN_SERVICE: *******************************************
06-20 20:41:14.480   280   280 D wpa_supplicant: wpa_driver_wext_driver_cmd SETSUSPENDOPT 0 len = 4096
06-20 20:41:14.480   280   280 D wpa_supplicant: wpa_driver_wext_driver_cmd SETSUSPENDOPT 0 len = 0, 15
06-20 20:41:14.488   280   280 D wpa_supplicant: wpa_driver_wext_driver_cmd POWERMODE 0 len = 4096
06-20 20:41:14.519   280   280 D wpa_supplicant: wpa_driver_wext_driver_cmd OK len = 0, 2
06-20 20:41:14.574  9102  9102 E BaseSurfaceHolder: Exception locking surface
06-20 20:41:14.574  9102  9102 E BaseSurfaceHolder: java.lang.IllegalArgumentException
06-20 20:41:14.574  9102  9102 E BaseSurfaceHolder: 	at android.view.Surface.lockCanvasNative(Native Method)
06-20 20:41:14.574  9102  9102 E BaseSurfaceHolder: 	at android.view.Surface.lockCanvas(Surface.java:76)
06-20 20:41:14.574  9102  9102 E BaseSurfaceHolder: 	at com.android.internal.view.BaseSurfaceHolder.internalLockCanvas(BaseSurfaceHolder.java:184)
06-20 20:41:14.574  9102  9102 E BaseSurfaceHolder: 	at com.android.internal.view.BaseSurfaceHolder.lockCanvas(BaseSurfaceHolder.java:157)
06-20 20:41:14.574  9102  9102 E BaseSurfaceHolder: 	at com.google.googlenav.wallpaper.b.a(SourceFile:697)
06-20 20:41:14.574  9102  9102 E BaseSurfaceHolder: 	at com.google.googlenav.wallpaper.c.postInvalidate(SourceFile:311)
06-20 20:41:14.574  9102  9102 E BaseSurfaceHolder: 	at com.google.googlenav.ui.android.J.p(SourceFile:45)
06-20 20:41:14.574  9102  9102 E BaseSurfaceHolder: 	at com.google.googlenav.ui.E.p(SourceFile:4881)
06-20 20:41:14.574  9102  9102 E BaseSurfaceHolder: 	at com.google.googlenav.ui.F.a(SourceFile:743)
06-20 20:41:14.574  9102  9102 E BaseSurfaceHolder: 	at aK.u.a(SourceFile:97)
06-20 20:41:14.574  9102  9102 E BaseSurfaceHolder: 	at aK.h.b(SourceFile:183)
06-20 20:41:14.574  9102  9102 E BaseSurfaceHolder: 	at aK.u.d(SourceFile:330)
06-20 20:41:14.574  9102  9102 E BaseSurfaceHolder: 	at aK.h.a(SourceFile:158)
06-20 20:41:14.574  9102  9102 E BaseSurfaceHolder: 	at com.google.googlenav.ui.aC.e(SourceFile:290)
06-20 20:41:14.574  9102  9102 E BaseSurfaceHolder: 	at com.google.googlenav.ui.E.b(SourceFile:4158)
06-20 20:41:14.574  9102  9102 E BaseSurfaceHolder: 	at com.google.googlenav.ui.T.run(SourceFile:4835)
06-20 20:41:14.574  9102  9102 E BaseSurfaceHolder: 	at com.google.googlenav.android.Z.run(SourceFile:92)
06-20 20:41:14.574  9102  9102 E BaseSurfaceHolder: 	at android.os.Handler.handleCallback(Handler.java:605)
06-20 20:41:14.574  9102  9102 E BaseSurfaceHolder: 	at android.os.Handler.dispatchMessage(Handler.java:92)
06-20 20:41:14.574  9102  9102 E BaseSurfaceHolder: 	at android.os.Looper.loop(Looper.java:137)
06-20 20:41:14.574  9102  9102 E BaseSurfaceHolder: 	at android.app.ActivityThread.main(ActivityThread.java:4424)
06-20 20:41:14.574  9102  9102 E BaseSurfaceHolder: 	at java.lang.reflect.Method.invokeNative(Native Method)
06-20 20:41:14.574  9102  9102 E BaseSurfaceHolder: 	at java.lang.reflect.Method.invoke(Method.java:511)
06-20 20:41:14.574  9102  9102 E BaseSurfaceHolder: 	at com.android.internal.os.ZygoteInit$MethodAndArgsCaller.run(ZygoteInit.java:784)
06-20 20:41:14.574  9102  9102 E BaseSurfaceHolder: 	at com.android.internal.os.ZygoteInit.main(ZygoteInit.java:551)
06-20 20:41:14.574  9102  9102 E BaseSurfaceHolder: 	at dalvik.system.NativeStart.main(Native Method)
06-20 20:41:14.578  9102  9102 E BaseSurfaceHolder: Exception locking surface
06-20 20:41:14.578  9102  9102 E BaseSurfaceHolder: java.lang.IllegalArgumentException
06-20 20:41:14.578  9102  9102 E BaseSurfaceHolder: 	at android.view.Surface.lockCanvasNative(Native Method)
06-20 20:41:14.578  9102  9102 E BaseSurfaceHolder: 	at android.view.Surface.lockCanvas(Surface.java:76)
06-20 20:41:14.578  9102  9102 E BaseSurfaceHolder: 	at com.android.internal.view.BaseSurfaceHolder.internalLockCanvas(BaseSurfaceHolder.java:184)
06-20 20:41:14.578  9102  9102 E BaseSurfaceHolder: 	at com.android.internal.view.BaseSurfaceHolder.lockCanvas(BaseSurfaceHolder.java:157)
06-20 20:41:14.578  9102  9102 E BaseSurfaceHolder: 	at com.google.googlenav.wallpaper.b.a(SourceFile:697)
06-20 20:41:14.578  9102  9102 E BaseSurfaceHolder: 	at com.google.googlenav.wallpaper.c.postInvalidate(SourceFile:311)
06-20 20:41:14.578  9102  9102 E BaseSurfaceHolder: 	at com.google.googlenav.ui.android.J.p(SourceFile:45)
06-20 20:41:14.578  9102  9102 E BaseSurfaceHolder: 	at com.google.googlenav.ui.E.p(SourceFile:4881)
06-20 20:41:14.578  9102  9102 E BaseSurfaceHolder: 	at com.google.googlenav.ui.E.b(SourceFile:4161)
06-20 20:41:14.578  9102  9102 E BaseSurfaceHolder: 	at com.google.googlenav.ui.T.run(SourceFile:4835)
06-20 20:41:14.578  9102  9102 E BaseSurfaceHolder: 	at com.google.googlenav.android.Z.run(SourceFile:92)
06-20 20:41:14.578  9102  9102 E BaseSurfaceHolder: 	at android.os.Handler.handleCallback(Handler.java:605)
06-20 20:41:14.578  9102  9102 E BaseSurfaceHolder: 	at android.os.Handler.dispatchMessage(Handler.java:92)
06-20 20:41:14.578  9102  9102 E BaseSurfaceHolder: 	at android.os.Looper.loop(Looper.java:137)
06-20 20:41:14.578  9102  9102 E BaseSurfaceHolder: 	at android.app.ActivityThread.main(ActivityThread.java:4424)
06-20 20:41:14.578  9102  9102 E BaseSurfaceHolder: 	at java.lang.reflect.Method.invokeNative(Native Method)
06-20 20:41:14.578  9102  9102 E BaseSurfaceHolder: 	at java.lang.reflect.Method.invoke(Method.java:511)
06-20 20:41:14.578  9102  9102 E BaseSurfaceHolder: 	at com.android.internal.os.ZygoteInit$MethodAndArgsCaller.run(ZygoteInit.java:784)
06-20 20:41:14.578  9102  9102 E BaseSurfaceHolder: 	at com.android.internal.os.ZygoteInit.main(ZygoteInit.java:551)
06-20 20:41:14.578  9102  9102 E BaseSurfaceHolder: 	at dalvik.system.NativeStart.main(Native Method)
06-20 20:41:14.578   280   280 D wpa_supplicant: wpa_driver_wext_driver_cmd SETSUSPENDOPT 0 len = 4096
06-20 20:41:14.578   280   280 D wpa_supplicant: wpa_driver_wext_driver_cmd SETSUSPENDOPT 0 len = 0, 15
06-20 20:41:14.578   280   280 D wpa_supplicant: wpa_driver_wext_driver_cmd POWERMODE 0 len = 4096
06-20 20:41:14.586   280   280 D wpa_supplicant: wpa_driver_wext_driver_cmd OK len = 0, 2
06-20 20:41:19.531   280   280 D wpa_supplicant: wpa_driver_wext_driver_cmd SETSUSPENDOPT 0 len = 4096
06-20 20:41:19.531   280   280 D wpa_supplicant: wpa_driver_wext_driver_cmd SETSUSPENDOPT 0 len = 0, 15
06-20 20:41:19.535   280   280 D wpa_supplicant: wpa_driver_wext_driver_cmd POWERMODE 0 len = 4096
06-20 20:41:19.582   280   280 D wpa_supplicant: wpa_driver_wext_driver_cmd OK len = 0, 2
06-20 20:41:19.582   280   280 D wpa_supplicant: WPS: Building WPS IE for Probe Request
06-20 20:41:19.582   280   280 D wpa_supplicant: WPS:  * Version (hardcoded 0x10)
06-20 20:41:19.582   280   280 D wpa_supplicant: WPS:  * Request Type
06-20 20:41:19.582   280   280 D wpa_supplicant: WPS:  * Config Methods (2388)
06-20 20:41:19.582   280   280 D wpa_supplicant: WPS:  * UUID-E
06-20 20:41:19.582   280   280 D wpa_supplicant: WPS:  * Primary Device Type
06-20 20:41:19.582   280   280 D wpa_supplicant: WPS:  * RF Bands (3)
06-20 20:41:19.582   280   280 D wpa_supplicant: WPS:  * Association State
06-20 20:41:19.582   280   280 D wpa_supplicant: WPS:  * Configuration Error (0)
06-20 20:41:19.582   280   280 D wpa_supplicant: WPS:  * Device Password ID (0)
06-20 20:41:19.582   280   280 D wpa_supplicant: WPS:  * Manufacturer
06-20 20:41:19.582   280   280 D wpa_supplicant: WPS:  * Model Name
06-20 20:41:19.582   280   280 D wpa_supplicant: WPS:  * Model Number
06-20 20:41:19.582   280   280 D wpa_supplicant: WPS:  * Device Name
06-20 20:41:19.582   280   280 D wpa_supplicant: WPS:  * Version2 (0x20)
06-20 20:41:19.582   280   280 D wpa_supplicant: wpa_driver_wext_combo_scan: Start
06-20 20:41:19.582   280   280 D wpa_supplicant: For Scan: (null)
06-20 20:41:19.628   280   280 D wpa_supplicant: Scan requested (ret=0) - scan timeout 30 seconds
06-20 20:41:19.781   369   369 D SAN_SERVICE: *******************************************
06-20 20:41:19.781   369   369 D SAN_SERVICE: DM App Phone Service State - 0
06-20 20:41:19.781   369   369 D SAN_SERVICE: *******************************************
06-20 20:41:20.109   280   280 D wpa_supplicant: RTM_NEWLINK: operstate=0 ifi_flags=0x11003 ([UP][LOWER_UP])
06-20 20:41:20.109   280   280 D wpa_supplicant: RTM_NEWLINK, IFLA_IFNAME: Interface 'wlan0' added
06-20 20:41:20.109   280   280 D wpa_supplicant: Wireless event: cmd=0x8b19 len=8
06-20 20:41:20.109   280   280 D wpa_supplicant: Received 2055 bytes of scan results (13 BSSes)
06-20 20:41:20.109   280   280 D wpa_supplicant: wpa_parse_wpa_ie_wpa: ie count botch (pairwise), count 0 left 6
06-20 20:41:20.109   280   280 D wpa_supplicant: wpa_parse_wpa_ie_wpa: ie count botch (pairwise), count 0 left 6
06-20 20:41:20.109   280   280 D wpa_supplicant: wpa_parse_wpa_ie_wpa: ie count botch (pairwise), count 0 left 6
06-20 20:41:20.109   280   280 D wpa_supplicant: wpa_parse_wpa_ie_wpa: ie count botch (pairwise), count 0 left 6
06-20 20:41:20.109   280   280 D wpa_supplicant: wpa_parse_wpa_ie_wpa: ie count botch (pairwise), count 0 left 6
06-20 20:41:20.109   280   280 D wpa_supplicant: wpa_parse_wpa_ie_wpa: ie count botch (pairwise), count 0 left 6
06-20 20:41:20.109   280   280 D wpa_supplicant: wpa_parse_wpa_ie_wpa: ie count botch (pairwise), count 0 left 6
06-20 20:41:20.113   280   280 D wpa_supplicant: wpa_parse_wpa_ie_wpa: ie count botch (pairwise), count 0 left 6
06-20 20:41:20.250  9132  9134 D dalvikvm: GC_CONCURRENT freed 505K, 7% free 10414K/11079K, paused 1ms+2ms
06-20 20:41:20.265  9102  9102 E BaseSurfaceHolder: Exception locking surface
06-20 20:41:20.265  9102  9102 E BaseSurfaceHolder: java.lang.IllegalArgumentException
06-20 20:41:20.265  9102  9102 E BaseSurfaceHolder: 	at android.view.Surface.lockCanvasNative(Native Method)
06-20 20:41:20.265  9102  9102 E BaseSurfaceHolder: 	at android.view.Surface.lockCanvas(Surface.java:76)
06-20 20:41:20.265  9102  9102 E BaseSurfaceHolder: 	at com.android.internal.view.BaseSurfaceHolder.internalLockCanvas(BaseSurfaceHolder.java:184)
06-20 20:41:20.265  9102  9102 E BaseSurfaceHolder: 	at com.android.internal.view.BaseSurfaceHolder.lockCanvas(BaseSurfaceHolder.java:157)
06-20 20:41:20.265  9102  9102 E BaseSurfaceHolder: 	at com.google.googlenav.wallpaper.b.a(SourceFile:697)
06-20 20:41:20.265  9102  9102 E BaseSurfaceHolder: 	at com.google.googlenav.wallpaper.c.postInvalidate(SourceFile:311)
06-20 20:41:20.265  9102  9102 E BaseSurfaceHolder: 	at com.google.googlenav.ui.android.J.p(SourceFile:45)
06-20 20:41:20.265  9102  9102 E BaseSurfaceHolder: 	at com.google.googlenav.ui.E.p(SourceFile:4881)
06-20 20:41:20.265  9102  9102 E BaseSurfaceHolder: 	at com.google.googlenav.ui.F.a(SourceFile:743)
06-20 20:41:20.265  9102  9102 E BaseSurfaceHolder: 	at aK.u.a(SourceFile:97)
06-20 20:41:20.265  9102  9102 E BaseSurfaceHolder: 	at aK.h.b(SourceFile:183)
06-20 20:41:20.265  9102  9102 E BaseSurfaceHolder: 	at aK.u.d(SourceFile:330)
06-20 20:41:20.265  9102  9102 E BaseSurfaceHolder: 	at aK.h.a(SourceFile:158)
06-20 20:41:20.265  9102  9102 E BaseSurfaceHolder: 	at com.google.googlenav.ui.aC.e(SourceFile:290)
06-20 20:41:20.265  9102  9102 E BaseSurfaceHolder: 	at com.google.googlenav.ui.E.b(SourceFile:4158)
06-20 20:41:20.265  9102  9102 E BaseSurfaceHolder: 	at com.google.googlenav.ui.T.run(SourceFile:4835)
06-20 20:41:20.265  9102  9102 E BaseSurfaceHolder: 	at com.google.googlenav.android.Z.run(SourceFile:92)
06-20 20:41:20.265  9102  9102 E BaseSurfaceHolder: 	at android.os.Handler.handleCallback(Handler.java:605)
06-20 20:41:20.265  9102  9102 E BaseSurfaceHolder: 	at android.os.Handler.dispatchMessage(Handler.java:92)
06-20 20:41:20.265  9102  9102 E BaseSurfaceHolder: 	at android.os.Looper.loop(Looper.java:137)
06-20 20:41:20.265  9102  9102 E BaseSurfaceHolder: 	at android.app.ActivityThread.main(ActivityThread.java:4424)
06-20 20:41:20.265  9102  9102 E BaseSurfaceHolder: 	at java.lang.reflect.Method.invokeNative(Native Method)
06-20 20:41:20.265  9102  9102 E BaseSurfaceHolder: 	at java.lang.reflect.Method.invoke(Method.java:511)
06-20 20:41:20.265  9102  9102 E BaseSurfaceHolder: 	at com.android.internal.os.ZygoteInit$MethodAndArgsCaller.run(ZygoteInit.java:784)
06-20 20:41:20.265  9102  9102 E BaseSurfaceHolder: 	at com.android.internal.os.ZygoteInit.main(ZygoteInit.java:551)
06-20 20:41:20.265  9102  9102 E BaseSurfaceHolder: 	at dalvik.system.NativeStart.main(Native Method)
06-20 20:41:20.269   280   280 D wpa_supplicant: wpa_driver_wext_driver_cmd SETSUSPENDOPT 0 len = 4096
06-20 20:41:20.269   280   280 D wpa_supplicant: wpa_driver_wext_driver_cmd SETSUSPENDOPT 0 len = 0, 15
06-20 20:41:20.269   280   280 D wpa_supplicant: wpa_driver_wext_driver_cmd POWERMODE 0 len = 4096
06-20 20:41:20.273   280   280 D wpa_supplicant: wpa_driver_wext_driver_cmd OK len = 0, 2
06-20 20:41:20.273  9102  9102 E BaseSurfaceHolder: Exception locking surface
06-20 20:41:20.273  9102  9102 E BaseSurfaceHolder: java.lang.IllegalArgumentException
06-20 20:41:20.273  9102  9102 E BaseSurfaceHolder: 	at android.view.Surface.lockCanvasNative(Native Method)
06-20 20:41:20.273  9102  9102 E BaseSurfaceHolder: 	at android.view.Surface.lockCanvas(Surface.java:76)
06-20 20:41:20.273  9102  9102 E BaseSurfaceHolder: 	at com.android.internal.view.BaseSurfaceHolder.internalLockCanvas(BaseSurfaceHolder.java:184)
06-20 20:41:20.273  9102  9102 E BaseSurfaceHolder: 	at com.android.internal.view.BaseSurfaceHolder.lockCanvas(BaseSurfaceHolder.java:157)
06-20 20:41:20.273  9102  9102 E BaseSurfaceHolder: 	at com.google.googlenav.wallpaper.b.a(SourceFile:697)
06-20 20:41:20.273  9102  9102 E BaseSurfaceHolder: 	at com.google.googlenav.wallpaper.c.postInvalidate(SourceFile:311)
06-20 20:41:20.273  9102  9102 E BaseSurfaceHolder: 	at com.google.googlenav.ui.android.J.p(SourceFile:45)
06-20 20:41:20.273  9102  9102 E BaseSurfaceHolder: 	at com.google.googlenav.ui.E.p(SourceFile:4881)
06-20 20:41:20.273  9102  9102 E BaseSurfaceHolder: 	at com.google.googlenav.ui.E.b(SourceFile:4161)
06-20 20:41:20.273  9102  9102 E BaseSurfaceHolder: 	at com.google.googlenav.ui.T.run(SourceFile:4835)
06-20 20:41:20.273  9102  9102 E BaseSurfaceHolder: 	at com.google.googlenav.android.Z.run(SourceFile:92)
06-20 20:41:20.273  9102  9102 E BaseSurfaceHolder: 	at android.os.Handler.handleCallback(Handler.java:605)
06-20 20:41:20.273  9102  9102 E BaseSurfaceHolder: 	at android.os.Handler.dispatchMessage(Handler.java:92)
06-20 20:41:20.273  9102  9102 E BaseSurfaceHolder: 	at android.os.Looper.loop(Looper.java:137)
06-20 20:41:20.273  9102  9102 E BaseSurfaceHolder: 	at android.app.ActivityThread.main(ActivityThread.java:4424)
06-20 20:41:20.273  9102  9102 E BaseSurfaceHolder: 	at java.lang.reflect.Method.invokeNative(Native Method)
06-20 20:41:20.273  9102  9102 E BaseSurfaceHolder: 	at java.lang.reflect.Method.invoke(Method.java:511)
06-20 20:41:20.273  9102  9102 E BaseSurfaceHolder: 	at com.android.internal.os.ZygoteInit$MethodAndArgsCaller.run(ZygoteInit.java:784)
06-20 20:41:20.273  9102  9102 E BaseSurfaceHolder: 	at com.android.internal.os.ZygoteInit.main(ZygoteInit.java:551)
06-20 20:41:20.273  9102  9102 E BaseSurfaceHolder: 	at dalvik.system.NativeStart.main(Native Method)
06-20 20:41:21.390   369   369 D SAN_SERVICE: *******************************************
06-20 20:41:21.390   369   369 D SAN_SERVICE: DM App Phone Service State - 0
06-20 20:41:21.390   369   369 D SAN_SERVICE: *******************************************
06-20 20:41:21.418   369   372 D dalvikvm: GC_CONCURRENT freed 439K, 6% free 9487K/10055K, paused 2ms+3ms
06-20 20:41:24.601   280   280 D wpa_supplicant: wpa_driver_wext_driver_cmd SETSUSPENDOPT 0 len = 4096
06-20 20:41:24.601   280   280 D wpa_supplicant: wpa_driver_wext_driver_cmd SETSUSPENDOPT 0 len = 0, 15
06-20 20:41:24.601   280   280 D wpa_supplicant: wpa_driver_wext_driver_cmd POWERMODE 0 len = 4096
06-20 20:41:24.648   280   280 D wpa_supplicant: wpa_driver_wext_driver_cmd OK len = 0, 2
06-20 20:41:24.648   280   280 D wpa_supplicant: WPS: Building WPS IE for Probe Request
06-20 20:41:24.648   280   280 D wpa_supplicant: WPS:  * Version (hardcoded 0x10)
06-20 20:41:24.648   280   280 D wpa_supplicant: WPS:  * Request Type
06-20 20:41:24.648   280   280 D wpa_supplicant: WPS:  * Config Methods (2388)
06-20 20:41:24.648   280   280 D wpa_supplicant: WPS:  * UUID-E
06-20 20:41:24.648   280   280 D wpa_supplicant: WPS:  * Primary Device Type
06-20 20:41:24.648   280   280 D wpa_supplicant: WPS:  * RF Bands (3)
06-20 20:41:24.648   280   280 D wpa_supplicant: WPS:  * Association State
06-20 20:41:24.648   280   280 D wpa_supplicant: WPS:  * Configuration Error (0)
06-20 20:41:24.648   280   280 D wpa_supplicant: WPS:  * Device Password ID (0)
06-20 20:41:24.648   280   280 D wpa_supplicant: WPS:  * Manufacturer
06-20 20:41:24.648   280   280 D wpa_supplicant: WPS:  * Model Name
06-20 20:41:24.648   280   280 D wpa_supplicant: WPS:  * Model Number
06-20 20:41:24.648   280   280 D wpa_supplicant: WPS:  * Device Name
06-20 20:41:24.648   280   280 D wpa_supplicant: WPS:  * Version2 (0x20)
06-20 20:41:24.648   280   280 D wpa_supplicant: wpa_driver_wext_combo_scan: Start
06-20 20:41:24.648   280   280 D wpa_supplicant: For Scan: (null)
06-20 20:41:24.699   280   280 D wpa_supplicant: Scan requested (ret=0) - scan timeout 30 seconds
06-20 20:41:25.187   280   280 D wpa_supplicant: RTM_NEWLINK: operstate=0 ifi_flags=0x11003 ([UP][LOWER_UP])
06-20 20:41:25.187   280   280 D wpa_supplicant: RTM_NEWLINK, IFLA_IFNAME: Interface 'wlan0' added
06-20 20:41:25.187   280   280 D wpa_supplicant: Wireless event: cmd=0x8b19 len=8
06-20 20:41:25.187   280   280 D wpa_supplicant: Received 1810 bytes of scan results (12 BSSes)
06-20 20:41:25.226   280   280 D wpa_supplicant: wpa_parse_wpa_ie_wpa: ie count botch (pairwise), count 0 left 6
06-20 20:41:25.226   280   280 D wpa_supplicant: wpa_parse_wpa_ie_wpa: ie count botch (pairwise), count 0 left 6
06-20 20:41:25.226   280   280 D wpa_supplicant: wpa_parse_wpa_ie_wpa: ie count botch (pairwise), count 0 left 6
06-20 20:41:25.226   280   280 D wpa_supplicant: wpa_parse_wpa_ie_wpa: ie count botch (pairwise), count 0 left 6
06-20 20:41:25.226   280   280 D wpa_supplicant: wpa_parse_wpa_ie_wpa: ie count botch (pairwise), count 0 left 6
06-20 20:41:25.226   280   280 D wpa_supplicant: wpa_parse_wpa_ie_wpa: ie count botch (pairwise), count 0 left 6
06-20 20:41:25.226   280   280 D wpa_supplicant: wpa_parse_wpa_ie_wpa: ie count botch (pairwise), count 0 left 6
06-20 20:41:25.336  9102  9102 E BaseSurfaceHolder: Exception locking surface
06-20 20:41:25.336  9102  9102 E BaseSurfaceHolder: java.lang.IllegalArgumentException
06-20 20:41:25.336  9102  9102 E BaseSurfaceHolder: 	at android.view.Surface.lockCanvasNative(Native Method)
06-20 20:41:25.336  9102  9102 E BaseSurfaceHolder: 	at android.view.Surface.lockCanvas(Surface.java:76)
06-20 20:41:25.336  9102  9102 E BaseSurfaceHolder: 	at com.android.internal.view.BaseSurfaceHolder.internalLockCanvas(BaseSurfaceHolder.java:184)
06-20 20:41:25.336  9102  9102 E BaseSurfaceHolder: 	at com.android.internal.view.BaseSurfaceHolder.lockCanvas(BaseSurfaceHolder.java:157)
06-20 20:41:25.336  9102  9102 E BaseSurfaceHolder: 	at com.google.googlenav.wallpaper.b.a(SourceFile:697)
06-20 20:41:25.336  9102  9102 E BaseSurfaceHolder: 	at com.google.googlenav.wallpaper.c.postInvalidate(SourceFile:311)
06-20 20:41:25.336  9102  9102 E BaseSurfaceHolder: 	at com.google.googlenav.ui.android.J.p(SourceFile:45)
06-20 20:41:25.336  9102  9102 E BaseSurfaceHolder: 	at com.google.googlenav.ui.E.p(SourceFile:4881)
06-20 20:41:25.336  9102  9102 E BaseSurfaceHolder: 	at com.google.googlenav.ui.F.a(SourceFile:743)
06-20 20:41:25.336  9102  9102 E BaseSurfaceHolder: 	at aK.u.a(SourceFile:97)
06-20 20:41:25.336  9102  9102 E BaseSurfaceHolder: 	at aK.h.b(SourceFile:183)
06-20 20:41:25.336  9102  9102 E BaseSurfaceHolder: 	at aK.u.d(SourceFile:330)
06-20 20:41:25.336  9102  9102 E BaseSurfaceHolder: 	at aK.h.a(SourceFile:158)
06-20 20:41:25.336  9102  9102 E BaseSurfaceHolder: 	at com.google.googlenav.ui.aC.e(SourceFile:290)
06-20 20:41:25.336  9102  9102 E BaseSurfaceHolder: 	at com.google.googlenav.ui.E.b(SourceFile:4158)
06-20 20:41:25.336  9102  9102 E BaseSurfaceHolder: 	at com.google.googlenav.ui.T.run(SourceFile:4835)
06-20 20:41:25.336  9102  9102 E BaseSurfaceHolder: 	at com.google.googlenav.android.Z.run(SourceFile:92)
06-20 20:41:25.336  9102  9102 E BaseSurfaceHolder: 	at android.os.Handler.handleCallback(Handler.java:605)
06-20 20:41:25.336  9102  9102 E BaseSurfaceHolder: 	at android.os.Handler.dispatchMessage(Handler.java:92)
06-20 20:41:25.336  9102  9102 E BaseSurfaceHolder: 	at android.os.Looper.loop(Looper.java:137)
06-20 20:41:25.336  9102  9102 E BaseSurfaceHolder: 	at android.app.ActivityThread.main(ActivityThread.java:4424)
06-20 20:41:25.336  9102  9102 E BaseSurfaceHolder: 	at java.lang.reflect.Method.invokeNative(Native Method)
06-20 20:41:25.336  9102  9102 E BaseSurfaceHolder: 	at java.lang.reflect.Method.invoke(Method.java:511)
06-20 20:41:25.336  9102  9102 E BaseSurfaceHolder: 	at com.android.internal.os.ZygoteInit$MethodAndArgsCaller.run(ZygoteInit.java:784)
06-20 20:41:25.336  9102  9102 E BaseSurfaceHolder: 	at com.android.internal.os.ZygoteInit.main(ZygoteInit.java:551)
06-20 20:41:25.336  9102  9102 E BaseSurfaceHolder: 	at dalvik.system.NativeStart.main(Native Method)
06-20 20:41:25.339  9102  9102 E BaseSurfaceHolder: Exception locking surface
06-20 20:41:25.339  9102  9102 E BaseSurfaceHolder: java.lang.IllegalArgumentException
06-20 20:41:25.339  9102  9102 E BaseSurfaceHolder: 	at android.view.Surface.lockCanvasNative(Native Method)
06-20 20:41:25.339  9102  9102 E BaseSurfaceHolder: 	at android.view.Surface.lockCanvas(Surface.java:76)
06-20 20:41:25.339  9102  9102 E BaseSurfaceHolder: 	at com.android.internal.view.BaseSurfaceHolder.internalLockCanvas(BaseSurfaceHolder.java:184)
06-20 20:41:25.339  9102  9102 E BaseSurfaceHolder: 	at com.android.internal.view.BaseSurfaceHolder.lockCanvas(BaseSurfaceHolder.java:157)
06-20 20:41:25.339  9102  9102 E BaseSurfaceHolder: 	at com.google.googlenav.wallpaper.b.a(SourceFile:697)
06-20 20:41:25.339  9102  9102 E BaseSurfaceHolder: 	at com.google.googlenav.wallpaper.c.postInvalidate(SourceFile:311)
06-20 20:41:25.339  9102  9102 E BaseSurfaceHolder: 	at com.google.googlenav.ui.android.J.p(SourceFile:45)
06-20 20:41:25.339  9102  9102 E BaseSurfaceHolder: 	at com.google.googlenav.ui.E.p(SourceFile:4881)
06-20 20:41:25.339  9102  9102 E BaseSurfaceHolder: 	at com.google.googlenav.ui.E.b(SourceFile:4161)
06-20 20:41:25.339  9102  9102 E BaseSurfaceHolder: 	at com.google.googlenav.ui.T.run(SourceFile:4835)
06-20 20:41:25.339  9102  9102 E BaseSurfaceHolder: 	at com.google.googlenav.android.Z.run(SourceFile:92)
06-20 20:41:25.339  9102  9102 E BaseSurfaceHolder: 	at android.os.Handler.handleCallback(Handler.java:605)
06-20 20:41:25.339  9102  9102 E BaseSurfaceHolder: 	at android.os.Handler.dispatchMessage(Handler.java:92)
06-20 20:41:25.339  9102  9102 E BaseSurfaceHolder: 	at android.os.Looper.loop(Looper.java:137)
06-20 20:41:25.339  9102  9102 E BaseSurfaceHolder: 	at android.app.ActivityThread.main(ActivityThread.java:4424)
06-20 20:41:25.339  9102  9102 E BaseSurfaceHolder: 	at java.lang.reflect.Method.invokeNative(Native Method)
06-20 20:41:25.339  9102  9102 E BaseSurfaceHolder: 	at java.lang.reflect.Method.invoke(Method.java:511)
06-20 20:41:25.339  9102  9102 E BaseSurfaceHolder: 	at com.android.internal.os.ZygoteInit$MethodAndArgsCaller.run(ZygoteInit.java:784)
06-20 20:41:25.339  9102  9102 E BaseSurfaceHolder: 	at com.android.internal.os.ZygoteInit.main(ZygoteInit.java:551)
06-20 20:41:25.339  9102  9102 E BaseSurfaceHolder: 	at dalvik.system.NativeStart.main(Native Method)
06-20 20:41:25.339   280   280 D wpa_supplicant: wpa_driver_wext_driver_cmd SETSUSPENDOPT 0 len = 4096
06-20 20:41:25.339   280   280 D wpa_supplicant: wpa_driver_wext_driver_cmd SETSUSPENDOPT 0 len = 0, 15
06-20 20:41:25.339   280   280 D wpa_supplicant: wpa_driver_wext_driver_cmd POWERMODE 0 len = 4096
06-20 20:41:25.343   280   280 D wpa_supplicant: wpa_driver_wext_driver_cmd OK len = 0, 2
06-20 20:41:25.750  9132  9134 D dalvikvm: GC_CONCURRENT freed 538K, 7% free 10388K/11079K, paused 2ms+3ms
06-20 20:41:25.765  9102  9102 E BaseSurfaceHolder: Exception locking surface
06-20 20:41:25.765  9102  9102 E BaseSurfaceHolder: java.lang.IllegalArgumentException
06-20 20:41:25.765  9102  9102 E BaseSurfaceHolder: 	at android.view.Surface.lockCanvasNative(Native Method)
06-20 20:41:25.765  9102  9102 E BaseSurfaceHolder: 	at android.view.Surface.lockCanvas(Surface.java:76)
06-20 20:41:25.765  9102  9102 E BaseSurfaceHolder: 	at com.android.internal.view.BaseSurfaceHolder.internalLockCanvas(BaseSurfaceHolder.java:184)
06-20 20:41:25.765  9102  9102 E BaseSurfaceHolder: 	at com.android.internal.view.BaseSurfaceHolder.lockCanvas(BaseSurfaceHolder.java:157)
06-20 20:41:25.765  9102  9102 E BaseSurfaceHolder: 	at com.google.googlenav.wallpaper.b.a(SourceFile:697)
06-20 20:41:25.765  9102  9102 E BaseSurfaceHolder: 	at com.google.googlenav.wallpaper.c.postInvalidate(SourceFile:311)
06-20 20:41:25.765  9102  9102 E BaseSurfaceHolder: 	at com.google.googlenav.ui.android.J.p(SourceFile:45)
06-20 20:41:25.765  9102  9102 E BaseSurfaceHolder: 	at com.google.googlenav.ui.E.p(SourceFile:4881)
06-20 20:41:25.765  9102  9102 E BaseSurfaceHolder: 	at com.google.googlenav.ui.F.a(SourceFile:743)
06-20 20:41:25.765  9102  9102 E BaseSurfaceHolder: 	at aK.u.a(SourceFile:97)
06-20 20:41:25.765  9102  9102 E BaseSurfaceHolder: 	at aK.h.b(SourceFile:183)
06-20 20:41:25.765  9102  9102 E BaseSurfaceHolder: 	at aK.u.d(SourceFile:330)
06-20 20:41:25.765  9102  9102 E BaseSurfaceHolder: 	at aK.h.a(SourceFile:158)
06-20 20:41:25.765  9102  9102 E BaseSurfaceHolder: 	at com.google.googlenav.ui.aC.e(SourceFile:290)
06-20 20:41:25.765  9102  9102 E BaseSurfaceHolder: 	at com.google.googlenav.ui.E.b(SourceFile:4158)
06-20 20:41:25.765  9102  9102 E BaseSurfaceHolder: 	at com.google.googlenav.ui.T.run(SourceFile:4835)
06-20 20:41:25.765  9102  9102 E BaseSurfaceHolder: 	at com.google.googlenav.android.Z.run(SourceFile:92)
06-20 20:41:25.765  9102  9102 E BaseSurfaceHolder: 	at android.os.Handler.handleCallback(Handler.java:605)
06-20 20:41:25.765  9102  9102 E BaseSurfaceHolder: 	at android.os.Handler.dispatchMessage(Handler.java:92)
06-20 20:41:25.765  9102  9102 E BaseSurfaceHolder: 	at android.os.Looper.loop(Looper.java:137)
06-20 20:41:25.765  9102  9102 E BaseSurfaceHolder: 	at android.app.ActivityThread.main(ActivityThread.java:4424)
06-20 20:41:25.765  9102  9102 E BaseSurfaceHolder: 	at java.lang.reflect.Method.invokeNative(Native Method)
06-20 20:41:25.765  9102  9102 E BaseSurfaceHolder: 	at java.lang.reflect.Method.invoke(Method.java:511)
06-20 20:41:25.765  9102  9102 E BaseSurfaceHolder: 	at com.android.internal.os.ZygoteInit$MethodAndArgsCaller.run(ZygoteInit.java:784)
06-20 20:41:25.765  9102  9102 E BaseSurfaceHolder: 	at com.android.internal.os.ZygoteInit.main(ZygoteInit.java:551)
06-20 20:41:25.765  9102  9102 E BaseSurfaceHolder: 	at dalvik.system.NativeStart.main(Native Method)
06-20 20:41:25.769  9102  9102 E BaseSurfaceHolder: Exception locking surface
06-20 20:41:25.769  9102  9102 E BaseSurfaceHolder: java.lang.IllegalArgumentException
06-20 20:41:25.769  9102  9102 E BaseSurfaceHolder: 	at android.view.Surface.lockCanvasNative(Native Method)
06-20 20:41:25.769  9102  9102 E BaseSurfaceHolder: 	at android.view.Surface.lockCanvas(Surface.java:76)
06-20 20:41:25.769  9102  9102 E BaseSurfaceHolder: 	at com.android.internal.view.BaseSurfaceHolder.internalLockCanvas(BaseSurfaceHolder.java:184)
06-20 20:41:25.769  9102  9102 E BaseSurfaceHolder: 	at com.android.internal.view.BaseSurfaceHolder.lockCanvas(BaseSurfaceHolder.java:157)
06-20 20:41:25.769  9102  9102 E BaseSurfaceHolder: 	at com.google.googlenav.wallpaper.b.a(SourceFile:697)
06-20 20:41:25.769  9102  9102 E BaseSurfaceHolder: 	at com.google.googlenav.wallpaper.c.postInvalidate(SourceFile:311)
06-20 20:41:25.769  9102  9102 E BaseSurfaceHolder: 	at com.google.googlenav.ui.android.J.p(SourceFile:45)
06-20 20:41:25.769  9102  9102 E BaseSurfaceHolder: 	at com.google.googlenav.ui.E.p(SourceFile:4881)
06-20 20:41:25.769  9102  9102 E BaseSurfaceHolder: 	at com.google.googlenav.ui.E.b(SourceFile:4161)
06-20 20:41:25.769  9102  9102 E BaseSurfaceHolder: 	at com.google.googlenav.ui.T.run(SourceFile:4835)
06-20 20:41:25.769  9102  9102 E BaseSurfaceHolder: 	at com.google.googlenav.android.Z.run(SourceFile:92)
06-20 20:41:25.769  9102  9102 E BaseSurfaceHolder: 	at android.os.Handler.handleCallback(Handler.java:605)
06-20 20:41:25.769  9102  9102 E BaseSurfaceHolder: 	at android.os.Handler.dispatchMessage(Handler.java:92)
06-20 20:41:25.769  9102  9102 E BaseSurfaceHolder: 	at android.os.Looper.loop(Looper.java:137)
06-20 20:41:25.769  9102  9102 E BaseSurfaceHolder: 	at android.app.ActivityThread.main(ActivityThread.java:4424)
06-20 20:41:25.769  9102  9102 E BaseSurfaceHolder: 	at java.lang.reflect.Method.invokeNative(Native Method)
06-20 20:41:25.769  9102  9102 E BaseSurfaceHolder: 	at java.lang.reflect.Method.invoke(Method.java:511)
06-20 20:41:25.769  9102  9102 E BaseSurfaceHolder: 	at com.android.internal.os.ZygoteInit$MethodAndArgsCaller.run(ZygoteInit.java:784)
06-20 20:41:25.769  9102  9102 E BaseSurfaceHolder: 	at com.android.internal.os.ZygoteInit.main(ZygoteInit.java:551)
06-20 20:41:25.769  9102  9102 E BaseSurfaceHolder: 	at dalvik.system.NativeStart.main(Native Method)
06-20 20:41:29.652   280   280 D wpa_supplicant: wpa_driver_wext_driver_cmd SETSUSPENDOPT 0 len = 4096
06-20 20:41:29.652   280   280 D wpa_supplicant: wpa_driver_wext_driver_cmd SETSUSPENDOPT 0 len = 0, 15
06-20 20:41:29.656   280   280 D wpa_supplicant: wpa_driver_wext_driver_cmd POWERMODE 0 len = 4096
06-20 20:41:29.679   280   280 D wpa_supplicant: wpa_driver_wext_driver_cmd OK len = 0, 2
06-20 20:41:29.679   280   280 D wpa_supplicant: WPS: Building WPS IE for Probe Request
06-20 20:41:29.679   280   280 D wpa_supplicant: WPS:  * Version (hardcoded 0x10)
06-20 20:41:29.679   280   280 D wpa_supplicant: WPS:  * Request Type
06-20 20:41:29.679   280   280 D wpa_supplicant: WPS:  * Config Methods (2388)
06-20 20:41:29.679   280   280 D wpa_supplicant: WPS:  * UUID-E
06-20 20:41:29.679   280   280 D wpa_supplicant: WPS:  * Primary Device Type
06-20 20:41:29.679   280   280 D wpa_supplicant: WPS:  * RF Bands (3)
06-20 20:41:29.679   280   280 D wpa_supplicant: WPS:  * Association State
06-20 20:41:29.679   280   280 D wpa_supplicant: WPS:  * Configuration Error (0)
06-20 20:41:29.679   280   280 D wpa_supplicant: WPS:  * Device Password ID (0)
06-20 20:41:29.679   280   280 D wpa_supplicant: WPS:  * Manufacturer
06-20 20:41:29.679   280   280 D wpa_supplicant: WPS:  * Model Name
06-20 20:41:29.679   280   280 D wpa_supplicant: WPS:  * Model Number
06-20 20:41:29.679   280   280 D wpa_supplicant: WPS:  * Device Name
06-20 20:41:29.679   280   280 D wpa_supplicant: WPS:  * Version2 (0x20)
06-20 20:41:29.679   280   280 D wpa_supplicant: wpa_driver_wext_combo_scan: Start
06-20 20:41:29.679   280   280 D wpa_supplicant: For Scan: (null)
06-20 20:41:29.722   280   280 D wpa_supplicant: Scan requested (ret=0) - scan timeout 30 seconds
06-20 20:41:30.261   280   280 D wpa_supplicant: RTM_NEWLINK: operstate=0 ifi_flags=0x11003 ([UP][LOWER_UP])
06-20 20:41:30.261   280   280 D wpa_supplicant: RTM_NEWLINK, IFLA_IFNAME: Interface 'wlan0' added
06-20 20:41:30.261   280   280 D wpa_supplicant: Wireless event: cmd=0x8b19 len=8
06-20 20:41:30.269   280   280 D wpa_supplicant: Scan results did not fit - trying larger buffer (8192 bytes)
06-20 20:41:30.269   280   280 D wpa_supplicant: Received 4050 bytes of scan results (26 BSSes)
06-20 20:41:30.312   280   280 D wpa_supplicant: wpa_parse_wpa_ie_wpa: ie count botch (pairwise), count 0 left 6
06-20 20:41:30.312   280   280 D wpa_supplicant: wpa_parse_wpa_ie_wpa: ie count botch (pairwise), count 0 left 6
06-20 20:41:30.312   280   280 D wpa_supplicant: wpa_parse_wpa_ie_wpa: ie count botch (pairwise), count 0 left 6
06-20 20:41:30.312   280   280 D wpa_supplicant: wpa_parse_wpa_ie_wpa: ie count botch (pairwise), count 0 left 6
06-20 20:41:30.316   280   280 D wpa_supplicant: wpa_parse_wpa_ie_wpa: ie count botch (pairwise), count 0 left 6
06-20 20:41:30.316   280   280 D wpa_supplicant: wpa_parse_wpa_ie_wpa: ie count botch (pairwise), count 0 left 6
06-20 20:41:30.316   280   280 D wpa_supplicant: wpa_parse_wpa_ie_wpa: ie count botch (pairwise), count 0 left 6
06-20 20:41:30.316   280   280 D wpa_supplicant: wpa_parse_wpa_ie_wpa: ie count botch (pairwise), count 0 left 6
06-20 20:41:30.316   280   280 D wpa_supplicant: wpa_parse_wpa_ie_wpa: ie count botch (pairwise), count 0 left 6
06-20 20:41:30.316   280   280 D wpa_supplicant: wpa_parse_wpa_ie_wpa: ie count botch (pairwise), count 0 left 6
06-20 20:41:30.785   142  6105 D AlarmManagerService: Kernel timezone updated to 240 minutes west of GMT
06-20 20:41:34.699   280   280 D wpa_supplicant: wpa_driver_wext_driver_cmd SETSUSPENDOPT 0 len = 4096
06-20 20:41:34.699   280   280 D wpa_supplicant: wpa_driver_wext_driver_cmd SETSUSPENDOPT 0 len = 0, 15
06-20 20:41:34.699   280   280 D wpa_supplicant: wpa_driver_wext_driver_cmd POWERMODE 0 len = 4096
06-20 20:41:34.711   280   280 D wpa_supplicant: wpa_driver_wext_driver_cmd OK len = 0, 2
06-20 20:41:39.746   280   280 D wpa_supplicant: wpa_driver_wext_driver_cmd SETSUSPENDOPT 0 len = 4096
06-20 20:41:39.746   280   280 D wpa_supplicant: wpa_driver_wext_driver_cmd SETSUSPENDOPT 0 len = 0, 15
06-20 20:41:39.746   280   280 D wpa_supplicant: wpa_driver_wext_driver_cmd POWERMODE 0 len = 4096
06-20 20:41:39.757   280   280 D wpa_supplicant: wpa_driver_wext_driver_cmd OK len = 0, 2
06-20 20:41:39.761   280   280 D wpa_supplicant: wpa_driver_wext_driver_cmd SETSUSPENDOPT 0 len = 4096
06-20 20:41:39.761   280   280 D wpa_supplicant: wpa_driver_wext_driver_cmd SETSUSPENDOPT 0 len = 0, 15
06-20 20:41:39.761   280   280 D wpa_supplicant: wpa_driver_wext_driver_cmd POWERMODE 0 len = 4096
06-20 20:41:39.765   280   280 D wpa_supplicant: wpa_driver_wext_driver_cmd OK len = 0, 2
06-20 20:41:39.824   369   369 D SAN_SERVICE: *******************************************
06-20 20:41:39.824   369   369 D SAN_SERVICE: DM App Phone Service State - 0
06-20 20:41:39.824   369   369 D SAN_SERVICE: *******************************************
06-20 20:41:39.980   142   144 D dalvikvm: GC_CONCURRENT freed 1716K, 16% free 16864K/19911K, paused 10ms+10ms
06-20 20:41:44.793   280   280 D wpa_supplicant: wpa_driver_wext_driver_cmd SETSUSPENDOPT 0 len = 4096
06-20 20:41:44.793   280   280 D wpa_supplicant: wpa_driver_wext_driver_cmd SETSUSPENDOPT 0 len = 0, 15
06-20 20:41:44.793   280   280 D wpa_supplicant: wpa_driver_wext_driver_cmd POWERMODE 0 len = 4096
06-20 20:41:44.824   280   280 D wpa_supplicant: wpa_driver_wext_driver_cmd OK len = 0, 2
06-20 20:41:44.836   280   280 D wpa_supplicant: wpa_driver_wext_driver_cmd SETSUSPENDOPT 0 len = 4096
06-20 20:41:44.836   280   280 D wpa_supplicant: wpa_driver_wext_driver_cmd SETSUSPENDOPT 0 len = 0, 15
06-20 20:41:44.836   280   280 D wpa_supplicant: wpa_driver_wext_driver_cmd POWERMODE 0 len = 4096
06-20 20:41:44.859   280   280 D wpa_supplicant: wpa_driver_wext_driver_cmd OK len = 0, 2
06-20 20:41:44.882  9102  9102 E BaseSurfaceHolder: Exception locking surface
06-20 20:41:44.882  9102  9102 E BaseSurfaceHolder: java.lang.IllegalArgumentException
06-20 20:41:44.882  9102  9102 E BaseSurfaceHolder: 	at android.view.Surface.lockCanvasNative(Native Method)
06-20 20:41:44.882  9102  9102 E BaseSurfaceHolder: 	at android.view.Surface.lockCanvas(Surface.java:76)
06-20 20:41:44.882  9102  9102 E BaseSurfaceHolder: 	at com.android.internal.view.BaseSurfaceHolder.internalLockCanvas(BaseSurfaceHolder.java:184)
06-20 20:41:44.882  9102  9102 E BaseSurfaceHolder: 	at com.android.internal.view.BaseSurfaceHolder.lockCanvas(BaseSurfaceHolder.java:157)
06-20 20:41:44.882  9102  9102 E BaseSurfaceHolder: 	at com.google.googlenav.wallpaper.b.a(SourceFile:697)
06-20 20:41:44.882  9102  9102 E BaseSurfaceHolder: 	at com.google.googlenav.wallpaper.c.postInvalidate(SourceFile:311)
06-20 20:41:44.882  9102  9102 E BaseSurfaceHolder: 	at com.google.googlenav.ui.android.J.p(SourceFile:45)
06-20 20:41:44.882  9102  9102 E BaseSurfaceHolder: 	at com.google.googlenav.ui.E.p(SourceFile:4881)
06-20 20:41:44.882  9102  9102 E BaseSurfaceHolder: 	at com.google.googlenav.ui.F.a(SourceFile:743)
06-20 20:41:44.882  9102  9102 E BaseSurfaceHolder: 	at aK.u.a(SourceFile:97)
06-20 20:41:44.882  9102  9102 E BaseSurfaceHolder: 	at aK.h.b(SourceFile:183)
06-20 20:41:44.882  9102  9102 E BaseSurfaceHolder: 	at aK.u.d(SourceFile:330)
06-20 20:41:44.882  9102  9102 E BaseSurfaceHolder: 	at aK.h.a(SourceFile:158)
06-20 20:41:44.882  9102  9102 E BaseSurfaceHolder: 	at com.google.googlenav.ui.aC.e(SourceFile:290)
06-20 20:41:44.882  9102  9102 E BaseSurfaceHolder: 	at com.google.googlenav.ui.E.b(SourceFile:4158)
06-20 20:41:44.882  9102  9102 E BaseSurfaceHolder: 	at com.google.googlenav.ui.T.run(SourceFile:4835)
06-20 20:41:44.882  9102  9102 E BaseSurfaceHolder: 	at com.google.googlenav.android.Z.run(SourceFile:92)
06-20 20:41:44.882  9102  9102 E BaseSurfaceHolder: 	at android.os.Handler.handleCallback(Handler.java:605)
06-20 20:41:44.882  9102  9102 E BaseSurfaceHolder: 	at android.os.Handler.dispatchMessage(Handler.java:92)
06-20 20:41:44.882  9102  9102 E BaseSurfaceHolder: 	at android.os.Looper.loop(Looper.java:137)
06-20 20:41:44.882  9102  9102 E BaseSurfaceHolder: 	at android.app.ActivityThread.main(ActivityThread.java:4424)
06-20 20:41:44.882  9102  9102 E BaseSurfaceHolder: 	at java.lang.reflect.Method.invokeNative(Native Method)
06-20 20:41:44.882  9102  9102 E BaseSurfaceHolder: 	at java.lang.reflect.Method.invoke(Method.java:511)
06-20 20:41:44.882  9102  9102 E BaseSurfaceHolder: 	at com.android.internal.os.ZygoteInit$MethodAndArgsCaller.run(ZygoteInit.java:784)
06-20 20:41:44.882  9102  9102 E BaseSurfaceHolder: 	at com.android.internal.os.ZygoteInit.main(ZygoteInit.java:551)
06-20 20:41:44.882  9102  9102 E BaseSurfaceHolder: 	at dalvik.system.NativeStart.main(Native Method)
06-20 20:41:44.890  9102  9102 E BaseSurfaceHolder: Exception locking surface
06-20 20:41:44.890  9102  9102 E BaseSurfaceHolder: java.lang.IllegalArgumentException
06-20 20:41:44.890  9102  9102 E BaseSurfaceHolder: 	at android.view.Surface.lockCanvasNative(Native Method)
06-20 20:41:44.890  9102  9102 E BaseSurfaceHolder: 	at android.view.Surface.lockCanvas(Surface.java:76)
06-20 20:41:44.890  9102  9102 E BaseSurfaceHolder: 	at com.android.internal.view.BaseSurfaceHolder.internalLockCanvas(BaseSurfaceHolder.java:184)
06-20 20:41:44.890  9102  9102 E BaseSurfaceHolder: 	at com.android.internal.view.BaseSurfaceHolder.lockCanvas(BaseSurfaceHolder.java:157)
06-20 20:41:44.890  9102  9102 E BaseSurfaceHolder: 	at com.google.googlenav.wallpaper.b.a(SourceFile:697)
06-20 20:41:44.890  9102  9102 E BaseSurfaceHolder: 	at com.google.googlenav.wallpaper.c.postInvalidate(SourceFile:311)
06-20 20:41:44.890  9102  9102 E BaseSurfaceHolder: 	at com.google.googlenav.ui.android.J.p(SourceFile:45)
06-20 20:41:44.890  9102  9102 E BaseSurfaceHolder: 	at com.google.googlenav.ui.E.p(SourceFile:4881)
06-20 20:41:44.890  9102  9102 E BaseSurfaceHolder: 	at com.google.googlenav.ui.E.b(SourceFile:4161)
06-20 20:41:44.890  9102  9102 E BaseSurfaceHolder: 	at com.google.googlenav.ui.T.run(SourceFile:4835)
06-20 20:41:44.890  9102  9102 E BaseSurfaceHolder: 	at com.google.googlenav.android.Z.run(SourceFile:92)
06-20 20:41:44.890  9102  9102 E BaseSurfaceHolder: 	at android.os.Handler.handleCallback(Handler.java:605)
06-20 20:41:44.890  9102  9102 E BaseSurfaceHolder: 	at android.os.Handler.dispatchMessage(Handler.java:92)
06-20 20:41:44.890  9102  9102 E BaseSurfaceHolder: 	at android.os.Looper.loop(Looper.java:137)
06-20 20:41:44.890  9102  9102 E BaseSurfaceHolder: 	at android.app.ActivityThread.main(ActivityThread.java:4424)
06-20 20:41:44.890  9102  9102 E BaseSurfaceHolder: 	at java.lang.reflect.Method.invokeNative(Native Method)
06-20 20:41:44.890  9102  9102 E BaseSurfaceHolder: 	at java.lang.reflect.Method.invoke(Method.java:511)
06-20 20:41:44.890  9102  9102 E BaseSurfaceHolder: 	at com.android.internal.os.ZygoteInit$MethodAndArgsCaller.run(ZygoteInit.java:784)
06-20 20:41:44.890  9102  9102 E BaseSurfaceHolder: 	at com.android.internal.os.ZygoteInit.main(ZygoteInit.java:551)
06-20 20:41:44.890  9102  9102 E BaseSurfaceHolder: 	at dalvik.system.NativeStart.main(Native Method)
06-20 20:41:48.492   369   369 D SAN_SERVICE: *******************************************
06-20 20:41:48.492   369   369 D SAN_SERVICE: DM App Phone Service State - 0
06-20 20:41:48.492   369   369 D SAN_SERVICE: *******************************************
06-20 20:41:48.543   280   280 D wpa_supplicant: WPS: Building WPS IE for Probe Request
06-20 20:41:48.543   280   280 D wpa_supplicant: WPS:  * Version (hardcoded 0x10)
06-20 20:41:48.543   280   280 D wpa_supplicant: WPS:  * Request Type
06-20 20:41:48.543   280   280 D wpa_supplicant: WPS:  * Config Methods (2388)
06-20 20:41:48.543   280   280 D wpa_supplicant: WPS:  * UUID-E
06-20 20:41:48.543   280   280 D wpa_supplicant: WPS:  * Primary Device Type
06-20 20:41:48.543   280   280 D wpa_supplicant: WPS:  * RF Bands (3)
06-20 20:41:48.543   280   280 D wpa_supplicant: WPS:  * Association State
06-20 20:41:48.543   280   280 D wpa_supplicant: WPS:  * Configuration Error (0)
06-20 20:41:48.543   280   280 D wpa_supplicant: WPS:  * Device Password ID (0)
06-20 20:41:48.543   280   280 D wpa_supplicant: WPS:  * Manufacturer
06-20 20:41:48.543   280   280 D wpa_supplicant: WPS:  * Model Name
06-20 20:41:48.543   280   280 D wpa_supplicant: WPS:  * Model Number
06-20 20:41:48.543   280   280 D wpa_supplicant: WPS:  * Device Name
06-20 20:41:48.543   280   280 D wpa_supplicant: WPS:  * Version2 (0x20)
06-20 20:41:48.543   280   280 D wpa_supplicant: wpa_driver_wext_combo_scan: Start
06-20 20:41:48.543   280   280 D wpa_supplicant: For Scan: (null)
06-20 20:41:48.601   280   280 D wpa_supplicant: Scan requested (ret=0) - scan timeout 30 seconds
06-20 20:41:49.117   280   280 D wpa_supplicant: RTM_NEWLINK: operstate=0 ifi_flags=0x11003 ([UP][LOWER_UP])
06-20 20:41:49.117   280   280 D wpa_supplicant: RTM_NEWLINK, IFLA_IFNAME: Interface 'wlan0' added
06-20 20:41:49.117   280   280 D wpa_supplicant: Wireless event: cmd=0x8b19 len=8
06-20 20:41:49.121   280   280 D wpa_supplicant: Received 3432 bytes of scan results (22 BSSes)
06-20 20:41:49.144   280   280 D wpa_supplicant: wpa_parse_wpa_ie_wpa: ie count botch (pairwise), count 0 left 6
06-20 20:41:49.144   280   280 D wpa_supplicant: wpa_parse_wpa_ie_wpa: ie count botch (pairwise), count 0 left 6
06-20 20:41:49.144   280   280 D wpa_supplicant: wpa_parse_wpa_ie_wpa: ie count botch (pairwise), count 0 left 6
06-20 20:41:49.144   280   280 D wpa_supplicant: wpa_parse_wpa_ie_wpa: ie count botch (pairwise), count 0 left 6
06-20 20:41:49.148   280   280 D wpa_supplicant: wpa_parse_wpa_ie_wpa: ie count botch (pairwise), count 0 left 6
06-20 20:41:49.152   280   280 D wpa_supplicant: wpa_parse_wpa_ie_wpa: ie count botch (pairwise), count 0 left 6
06-20 20:41:49.152   280   280 D wpa_supplicant: wpa_parse_wpa_ie_wpa: ie count botch (pairwise), count 0 left 6
06-20 20:41:49.152   280   280 D wpa_supplicant: wpa_parse_wpa_ie_wpa: ie count botch (pairwise), count 0 left 6
06-20 20:41:49.152   280   280 D wpa_supplicant: wpa_parse_wpa_ie_wpa: ie count botch (pairwise), count 0 left 6
06-20 20:41:49.152   280   280 D wpa_supplicant: wpa_parse_wpa_ie_wpa: ie count botch (pairwise), count 0 left 6
06-20 20:41:49.519   369   369 D SAN_SERVICE: *******************************************
06-20 20:41:49.523   369   369 D SAN_SERVICE: DM App Phone Service State - 0
06-20 20:41:49.523   369   369 D SAN_SERVICE: *******************************************
06-20 20:41:49.816   280   280 D wpa_supplicant: wpa_driver_wext_driver_cmd SETSUSPENDOPT 0 len = 4096
06-20 20:41:49.816   280   280 D wpa_supplicant: wpa_driver_wext_driver_cmd SETSUSPENDOPT 0 len = 0, 15
06-20 20:41:49.828   280   280 D wpa_supplicant: wpa_driver_wext_driver_cmd POWERMODE 0 len = 4096
06-20 20:41:49.886   280   280 D wpa_supplicant: wpa_driver_wext_driver_cmd OK len = 0, 2
06-20 20:41:49.968  9102  9102 E BaseSurfaceHolder: Exception locking surface
06-20 20:41:49.968  9102  9102 E BaseSurfaceHolder: java.lang.IllegalArgumentException
06-20 20:41:49.968  9102  9102 E BaseSurfaceHolder: 	at android.view.Surface.lockCanvasNative(Native Method)
06-20 20:41:49.968  9102  9102 E BaseSurfaceHolder: 	at android.view.Surface.lockCanvas(Surface.java:76)
06-20 20:41:49.968  9102  9102 E BaseSurfaceHolder: 	at com.android.internal.view.BaseSurfaceHolder.internalLockCanvas(BaseSurfaceHolder.java:184)
06-20 20:41:49.968  9102  9102 E BaseSurfaceHolder: 	at com.android.internal.view.BaseSurfaceHolder.lockCanvas(BaseSurfaceHolder.java:157)
06-20 20:41:49.968  9102  9102 E BaseSurfaceHolder: 	at com.google.googlenav.wallpaper.b.a(SourceFile:697)
06-20 20:41:49.968  9102  9102 E BaseSurfaceHolder: 	at com.google.googlenav.wallpaper.c.postInvalidate(SourceFile:311)
06-20 20:41:49.968  9102  9102 E BaseSurfaceHolder: 	at com.google.googlenav.ui.android.J.p(SourceFile:45)
06-20 20:41:49.968  9102  9102 E BaseSurfaceHolder: 	at com.google.googlenav.ui.E.p(SourceFile:4881)
06-20 20:41:49.968  9102  9102 E BaseSurfaceHolder: 	at com.google.googlenav.ui.F.a(SourceFile:743)
06-20 20:41:49.968  9102  9102 E BaseSurfaceHolder: 	at aK.u.a(SourceFile:97)
06-20 20:41:49.968  9102  9102 E BaseSurfaceHolder: 	at aK.h.b(SourceFile:183)
06-20 20:41:49.968  9102  9102 E BaseSurfaceHolder: 	at aK.u.d(SourceFile:330)
06-20 20:41:49.968  9102  9102 E BaseSurfaceHolder: 	at aK.h.a(SourceFile:158)
06-20 20:41:49.968  9102  9102 E BaseSurfaceHolder: 	at com.google.googlenav.ui.aC.e(SourceFile:290)
06-20 20:41:49.968  9102  9102 E BaseSurfaceHolder: 	at com.google.googlenav.ui.E.b(SourceFile:4158)
06-20 20:41:49.968  9102  9102 E BaseSurfaceHolder: 	at com.google.googlenav.ui.T.run(SourceFile:4835)
06-20 20:41:49.968  9102  9102 E BaseSurfaceHolder: 	at com.google.googlenav.android.Z.run(SourceFile:92)
06-20 20:41:49.968  9102  9102 E BaseSurfaceHolder: 	at android.os.Handler.handleCallback(Handler.java:605)
06-20 20:41:49.968  9102  9102 E BaseSurfaceHolder: 	at android.os.Handler.dispatchMessage(Handler.java:92)
