06-18 10:41:11.613 12887 12890 D dalvikvm: GC_CONCURRENT freed 546K, 11% free 10773K/11975K, paused 2ms+6ms
06-18 10:41:11.965 12887 12890 D dalvikvm: GC_CONCURRENT freed 446K, 10% free 10808K/11975K, paused 2ms+5ms
06-18 10:41:12.430 12887 12890 D dalvikvm: GC_CONCURRENT freed 392K, 9% free 10951K/11975K, paused 2ms+4ms
06-18 10:41:12.465 12887 12887 D dalvikvm: GC_FOR_ALLOC freed 61K, 9% free 10959K/11975K, paused 28ms
06-18 10:41:12.512 12887 12887 D dalvikvm: GC_FOR_ALLOC freed 109K, 10% free 10869K/11975K, paused 27ms
06-18 10:41:13.109 14197 14197 D OpenGLRenderer: Flushing caches (mode 2)
06-18 10:41:13.113  8417  8417 D OpenGLRenderer: Flushing caches (mode 2)
06-18 10:41:13.121  8417  8417 D OpenGLRenderer: Flushing caches (mode 0)
06-18 10:41:13.262 14197 14197 D OpenGLRenderer: Flushing caches (mode 0)
06-18 10:41:13.332    81   125 D AudioHardware: AudioHardware pcm playback is going to standby.
06-18 10:41:13.332    81   125 D AudioHardware: closePcmOut_l() mPcmOpenCnt: 1
06-18 10:41:13.488 12570 12572 D dalvikvm: GC_CONCURRENT freed 502K, 6% free 10749K/11335K, paused 7ms+4ms
06-18 10:41:13.566  3707  3707 D wpa_supplicant: wpa_driver_wext_driver_cmd RSSI len = 248
06-18 10:41:13.574  3707  3707 D wpa_supplicant: wpa_driver_wext_driver_cmd UB_Secure rssi -90  len = 19, 19
06-18 10:41:13.574  3707  3707 D wpa_supplicant: wpa_driver_wext_driver_cmd LINKSPEED len = 248
06-18 10:41:13.574  3707  3707 D wpa_supplicant: wpa_driver_wext_driver_cmd LinkSpeed 19 len = 12, 12
06-18 10:41:16.578  3707  3707 D wpa_supplicant: wpa_driver_wext_driver_cmd RSSI len = 248
06-18 10:41:16.586  3707  3707 D wpa_supplicant: wpa_driver_wext_driver_cmd UB_Secure rssi -90  len = 19, 19
06-18 10:41:16.586  3707  3707 D wpa_supplicant: wpa_driver_wext_driver_cmd LINKSPEED len = 248
06-18 10:41:16.590  3707  3707 D wpa_supplicant: wpa_driver_wext_driver_cmd LinkSpeed 19 len = 12, 12
06-18 10:41:19.601  3707  3707 D wpa_supplicant: wpa_driver_wext_driver_cmd RSSI len = 248
06-18 10:41:19.617  3707  3707 D wpa_supplicant: wpa_driver_wext_driver_cmd UB_Secure rssi -90  len = 19, 19
06-18 10:41:19.617  3707  3707 D wpa_supplicant: wpa_driver_wext_driver_cmd LINKSPEED len = 248
06-18 10:41:19.617  3707  3707 D wpa_supplicant: wpa_driver_wext_driver_cmd LinkSpeed 19 len = 12, 12
06-18 10:41:22.629  3707  3707 D wpa_supplicant: wpa_driver_wext_driver_cmd RSSI len = 248
06-18 10:41:22.633  3707  3707 D wpa_supplicant: wpa_driver_wext_driver_cmd UB_Secure rssi -91  len = 19, 19
06-18 10:41:22.633  3707  3707 D wpa_supplicant: wpa_driver_wext_driver_cmd LINKSPEED len = 248
06-18 10:41:22.637  3707  3707 D wpa_supplicant: wpa_driver_wext_driver_cmd LinkSpeed 19 len = 12, 12
06-18 10:41:25.652  3707  3707 D wpa_supplicant: wpa_driver_wext_driver_cmd RSSI len = 248
06-18 10:41:25.664  3707  3707 D wpa_supplicant: wpa_driver_wext_driver_cmd UB_Secure rssi -86  len = 19, 19
06-18 10:41:25.664  3707  3707 D wpa_supplicant: wpa_driver_wext_driver_cmd LINKSPEED len = 248
06-18 10:41:25.668  3707  3707 D wpa_supplicant: wpa_driver_wext_driver_cmd LinkSpeed 19 len = 12, 12
06-18 10:41:28.527 12532 12553 I GServe Unity: ONM ticking...now=1340030488528
06-18 10:41:28.676  3707  3707 D wpa_supplicant: wpa_driver_wext_driver_cmd RSSI len = 248
06-18 10:41:28.683  3707  3707 D wpa_supplicant: wpa_driver_wext_driver_cmd UB_Secure rssi -86  len = 19, 19
06-18 10:41:28.683  3707  3707 D wpa_supplicant: wpa_driver_wext_driver_cmd LINKSPEED len = 248
06-18 10:41:28.687  3707  3707 D wpa_supplicant: wpa_driver_wext_driver_cmd LinkSpeed 19 len = 12, 12
06-18 10:41:31.691  3707  3707 D wpa_supplicant: wpa_driver_wext_driver_cmd RSSI len = 248
06-18 10:41:31.703  3707  3707 D wpa_supplicant: wpa_driver_wext_driver_cmd UB_Secure rssi -87  len = 19, 19
06-18 10:41:31.703  3707  3707 D wpa_supplicant: wpa_driver_wext_driver_cmd LINKSPEED len = 248
06-18 10:41:31.707  3707  3707 D wpa_supplicant: wpa_driver_wext_driver_cmd LinkSpeed 19 len = 12, 12
06-18 10:41:34.711  3707  3707 D wpa_supplicant: wpa_driver_wext_driver_cmd RSSI len = 248
06-18 10:41:34.715  3707  3707 D wpa_supplicant: wpa_driver_wext_driver_cmd UB_Secure rssi -88  len = 19, 19
06-18 10:41:34.715  3707  3707 D wpa_supplicant: wpa_driver_wext_driver_cmd LINKSPEED len = 248
06-18 10:41:34.719  3707  3707 D wpa_supplicant: wpa_driver_wext_driver_cmd LinkSpeed 19 len = 12, 12
06-18 10:41:37.129 12887 13040 I Gmail   : MainSyncRequestProto: lowestBkwdConvoId: 0, highestHandledServerOp: 2663505, normalSync: true
06-18 10:41:37.723  3707  3707 D wpa_supplicant: wpa_driver_wext_driver_cmd RSSI len = 248
06-18 10:41:37.734  3707  3707 D wpa_supplicant: wpa_driver_wext_driver_cmd UB_Secure rssi -87  len = 19, 19
06-18 10:41:37.734  3707  3707 D wpa_supplicant: wpa_driver_wext_driver_cmd LINKSPEED len = 248
06-18 10:41:37.734  3707  3707 D wpa_supplicant: wpa_driver_wext_driver_cmd LinkSpeed 19 len = 12, 12
06-18 10:41:38.023 12887 12890 D dalvikvm: GC_CONCURRENT freed 372K, 9% free 10986K/11975K, paused 2ms+4ms
06-18 10:41:38.187   140   465 D dalvikvm: GC_EXPLICIT freed 675K, 27% free 17641K/24071K, paused 4ms+9ms
06-18 10:41:38.555 12887 13040 D dalvikvm: GC_EXPLICIT freed 443K, 8% free 11024K/11975K, paused 3ms+6ms
06-18 10:41:38.562 12887 13040 I Gmail   : MainSyncRequestProto: lowestBkwdConvoId: 0, highestHandledServerOp: 2663574, normalSync: true
06-18 10:41:39.019 12887 12917 D dalvikvm: GC_EXPLICIT freed 483K, 8% free 11036K/11975K, paused 3ms+4ms
06-18 10:41:39.156 12887 13040 D dalvikvm: GC_EXPLICIT freed 232K, 9% free 10934K/11975K, paused 3ms+9ms
06-18 10:41:39.180 12887 13040 I Gmail   : MainSyncRequestProto: lowestBkwdConvoId: 0, highestHandledServerOp: 2663574, normalSync: true
06-18 10:41:39.230 12887 13040 W Gmail   : Scheduling index for 300000 ms from now
06-18 10:41:39.266 12887 13040 I Gmail   : Sending notification intent: Intent { act=android.intent.action.PROVIDER_CHANGED dat=content://gmail-ls/unread/^i (has extras) }
06-18 10:41:39.305 12887 13040 I Gmail   : Sending notification intent: Intent { act=android.intent.action.PROVIDER_CHANGED dat=content://gmail-ls/unread/^iim (has extras) }
06-18 10:41:40.742  3707  3707 D wpa_supplicant: wpa_driver_wext_driver_cmd RSSI len = 248
06-18 10:41:40.750  3707  3707 D wpa_supplicant: wpa_driver_wext_driver_cmd UB_Secure rssi -85  len = 19, 19
06-18 10:41:40.750  3707  3707 D wpa_supplicant: wpa_driver_wext_driver_cmd LINKSPEED len = 248
06-18 10:41:40.754  3707  3707 D wpa_supplicant: wpa_driver_wext_driver_cmd LinkSpeed 19 len = 12, 12
06-18 10:41:43.777  3707  3707 D wpa_supplicant: wpa_driver_wext_driver_cmd RSSI len = 248
06-18 10:41:43.789  3707  3707 D wpa_supplicant: wpa_driver_wext_driver_cmd UB_Secure rssi -81  len = 19, 19
06-18 10:41:43.789  3707  3707 D wpa_supplicant: wpa_driver_wext_driver_cmd LINKSPEED len = 248
06-18 10:41:43.789  3707  3707 D wpa_supplicant: wpa_driver_wext_driver_cmd LinkSpeed 19 len = 12, 12
06-18 10:41:45.586 13009 13022 I PhoneLab-: Service Running
06-18 10:41:45.664 13009 13022 I PhoneLab-LoggerService: app_38    1264  1     1444   992   c00f181c 400107b4 S logcat
06-18 10:41:45.664 13009 13022 I PhoneLab-LoggerService: Logcat pid from database 1264
06-18 10:41:45.664 13009 13022 I PhoneLab-LoggerService: Logcat process found 1264
06-18 10:41:45.664 13009 13022 I PhoneLab-LoggerService: Checking Threshold
06-18 10:41:45.668 13009 13022 I PhoneLab-LoggerService: Starting to rename files
06-18 10:41:45.672 13009 13022 I PhoneLab-LoggerService: Files found .. 4
06-18 10:41:46.406  3707  3707 D wpa_supplicant: RTM_NEWLINK: operstate=1 ifi_flags=0x11043 ([UP][RUNNING][LOWER_UP])
06-18 10:41:46.406  3707  3707 D wpa_supplicant: RTM_NEWLINK, IFLA_IFNAME: Interface 'wlan0' added
06-18 10:41:46.406  3707  3707 D wpa_supplicant: Wireless event: cmd=0x8c09 len=32
06-18 10:41:46.406  3707  3707 D wpa_supplicant: PMKID candidate wireless event: flags=0x0 index=0 bssid=d0:c2:82:2d:e6:d0
06-18 10:41:46.406  3707  3707 D wpa_supplicant: RSN: Ignored PMKID candidate without preauth flag
06-18 10:41:46.406  3707  3707 D wpa_supplicant: RTM_NEWLINK: operstate=1 ifi_flags=0x11043 ([UP][RUNNING][LOWER_UP])
06-18 10:41:46.406  3707  3707 D wpa_supplicant: RTM_NEWLINK, IFLA_IFNAME: Interface 'wlan0' added
06-18 10:41:46.406  3707  3707 D wpa_supplicant: Wireless event: cmd=0x8c09 len=32
06-18 10:41:46.406  3707  3707 D wpa_supplicant: PMKID candidate wireless event: flags=0x0 index=0 bssid=d0:c2:82:67:e7:60
06-18 10:41:46.406  3707  3707 D wpa_supplicant: RSN: Ignored PMKID candidate without preauth flag
06-18 10:41:46.789    81   125 D AudioHardware: AudioHardware pcm playback is exiting standby.
06-18 10:41:46.789    81   125 D AudioHardware: openPcmOut_l() mPcmOpenCnt: 0
06-18 10:41:46.797  3707  3707 D wpa_supplicant: wpa_driver_wext_driver_cmd RSSI len = 248
06-18 10:41:46.805  3707  3707 D wpa_supplicant: wpa_driver_wext_driver_cmd UB_Secure rssi -91  len = 19, 19
06-18 10:41:46.805  3707  3707 D wpa_supplicant: wpa_driver_wext_driver_cmd LINKSPEED len = 248
06-18 10:41:46.805  3707  3707 D wpa_supplicant: wpa_driver_wext_driver_cmd LinkSpeed 19 len = 12, 12
06-18 10:41:46.984 12887 12890 D dalvikvm: GC_CONCURRENT freed 445K, 9% free 11010K/11975K, paused 2ms+5ms
06-18 10:41:47.090 12887 12887 D webviewglue: nativeDestroy view: 0x100c758
06-18 10:41:47.098 12887 12887 D webviewglue: nativeDestroy view: 0x1026380
06-18 10:41:47.105 12887 12887 D webviewglue: nativeDestroy view: 0xffdf70
06-18 10:41:47.586 12887 12890 D dalvikvm: GC_CONCURRENT freed 587K, 9% free 11004K/11975K, paused 7ms+7ms
06-18 10:41:47.738 12887 12917 I Gmail   : Sending notification intent: Intent { act=android.intent.action.PROVIDER_CHANGED dat=content://gmail-ls/unread/^i (has extras) }
06-18 10:41:48.523 12532 12553 I GServe Unity: ONM ticking...now=1340030508530
06-18 10:41:49.734 12946 12949 D dalvikvm: GC_CONCURRENT freed 309K, 5% free 9167K/9607K, paused 8ms+3ms
06-18 10:41:49.808  3707  3707 D wpa_supplicant: wpa_driver_wext_driver_cmd RSSI len = 248
06-18 10:41:49.816  3707  3707 D wpa_supplicant: wpa_driver_wext_driver_cmd UB_Secure rssi -89  len = 19, 19
06-18 10:41:49.816  3707  3707 D wpa_supplicant: wpa_driver_wext_driver_cmd LINKSPEED len = 248
06-18 10:41:49.816  3707  3707 D wpa_supplicant: wpa_driver_wext_driver_cmd LinkSpeed 19 len = 12, 12
06-18 10:41:49.848 12887 12890 D dalvikvm: GC_CONCURRENT freed 785K, 10% free 10876K/11975K, paused 2ms+28ms
06-18 10:41:49.879 12887 12887 D dalvikvm: GC_FOR_ALLOC freed 204K, 10% free 10785K/11975K, paused 30ms
06-18 10:41:50.984 12887 13000 I Gmail   : Sending notification intent: Intent { act=android.intent.action.PROVIDER_CHANGED dat=content://gmail-ls/unread/^iim (has extras) }
06-18 10:41:51.172 12887 12890 D dalvikvm: GC_CONCURRENT freed 356K, 9% free 10989K/11975K, paused 1ms+6ms
06-18 10:41:52.598    81   125 D AudioHardware: AudioHardware pcm playback is going to standby.
06-18 10:41:52.598    81   125 D AudioHardware: closePcmOut_l() mPcmOpenCnt: 1
06-18 10:41:52.820  3707  3707 D wpa_supplicant: wpa_driver_wext_driver_cmd RSSI len = 248
06-18 10:41:52.828  3707  3707 D wpa_supplicant: wpa_driver_wext_driver_cmd UB_Secure rssi -91  len = 19, 19
06-18 10:41:52.828  3707  3707 D wpa_supplicant: wpa_driver_wext_driver_cmd LINKSPEED len = 248
06-18 10:41:52.832  3707  3707 D wpa_supplicant: wpa_driver_wext_driver_cmd LinkSpeed 19 len = 12, 12
06-18 10:41:55.844  3707  3707 D wpa_supplicant: wpa_driver_wext_driver_cmd RSSI len = 248
06-18 10:41:55.855  3707  3707 D wpa_supplicant: wpa_driver_wext_driver_cmd UB_Secure rssi -91  len = 19, 19
06-18 10:41:55.855  3707  3707 D wpa_supplicant: wpa_driver_wext_driver_cmd LINKSPEED len = 248
06-18 10:41:55.855  3707  3707 D wpa_supplicant: wpa_driver_wext_driver_cmd LinkSpeed 19 len = 12, 12
06-18 10:41:58.859  3707  3707 D wpa_supplicant: wpa_driver_wext_driver_cmd RSSI len = 248
06-18 10:41:58.867  3707  3707 D wpa_supplicant: wpa_driver_wext_driver_cmd UB_Secure rssi -91  len = 19, 19
06-18 10:41:58.867  3707  3707 D wpa_supplicant: wpa_driver_wext_driver_cmd LINKSPEED len = 248
06-18 10:41:58.867  3707  3707 D wpa_supplicant: wpa_driver_wext_driver_cmd LinkSpeed 19 len = 12, 12
06-18 10:42:01.871  3707  3707 D wpa_supplicant: wpa_driver_wext_driver_cmd RSSI len = 248
06-18 10:42:01.883  3707  3707 D wpa_supplicant: wpa_driver_wext_driver_cmd UB_Secure rssi -86  len = 19, 19
06-18 10:42:01.883  3707  3707 D wpa_supplicant: wpa_driver_wext_driver_cmd LINKSPEED len = 248
06-18 10:42:01.883  3707  3707 D wpa_supplicant: wpa_driver_wext_driver_cmd LinkSpeed 19 len = 12, 12
06-18 10:42:04.891  3707  3707 D wpa_supplicant: wpa_driver_wext_driver_cmd RSSI len = 248
06-18 10:42:04.902  3707  3707 D wpa_supplicant: wpa_driver_wext_driver_cmd UB_Secure rssi -85  len = 19, 19
06-18 10:42:04.902  3707  3707 D wpa_supplicant: wpa_driver_wext_driver_cmd LINKSPEED len = 248
06-18 10:42:04.902  3707  3707 D wpa_supplicant: wpa_driver_wext_driver_cmd LinkSpeed 19 len = 12, 12
06-18 10:42:07.937  3707  3707 D wpa_supplicant: wpa_driver_wext_driver_cmd RSSI len = 248
06-18 10:42:07.945  3707  3707 D wpa_supplicant: wpa_driver_wext_driver_cmd UB_Secure rssi -84  len = 19, 19
06-18 10:42:07.945  3707  3707 D wpa_supplicant: wpa_driver_wext_driver_cmd LINKSPEED len = 248
06-18 10:42:07.949  3707  3707 D wpa_supplicant: wpa_driver_wext_driver_cmd LinkSpeed 19 len = 12, 12
06-18 10:42:08.531 12532 12553 I GServe Unity: ONM ticking...now=1340030528533
06-18 10:42:10.957  3707  3707 D wpa_supplicant: wpa_driver_wext_driver_cmd RSSI len = 248
06-18 10:42:10.965  3707  3707 D wpa_supplicant: wpa_driver_wext_driver_cmd UB_Secure rssi -90  len = 19, 19
06-18 10:42:10.965  3707  3707 D wpa_supplicant: wpa_driver_wext_driver_cmd LINKSPEED len = 248
06-18 10:42:10.965  3707  3707 D wpa_supplicant: wpa_driver_wext_driver_cmd LinkSpeed 19 len = 12, 12
06-18 10:42:11.941 12887 12890 D dalvikvm: GC_CONCURRENT freed 581K, 9% free 10938K/11975K, paused 5ms+6ms
06-18 10:42:13.969  3707  3707 D wpa_supplicant: wpa_driver_wext_driver_cmd RSSI len = 248
06-18 10:42:13.976  3707  3707 D wpa_supplicant: wpa_driver_wext_driver_cmd UB_Secure rssi -92  len = 19, 19
06-18 10:42:13.976  3707  3707 D wpa_supplicant: wpa_driver_wext_driver_cmd LINKSPEED len = 248
06-18 10:42:13.976  3707  3707 D wpa_supplicant: wpa_driver_wext_driver_cmd LinkSpeed 19 len = 12, 12
06-18 10:42:16.980  3707  3707 D wpa_supplicant: wpa_driver_wext_driver_cmd RSSI len = 248
06-18 10:42:16.984  3707  3707 D wpa_supplicant: wpa_driver_wext_driver_cmd UB_Secure rssi -90  len = 19, 19
06-18 10:42:16.984  3707  3707 D wpa_supplicant: wpa_driver_wext_driver_cmd LINKSPEED len = 248
06-18 10:42:16.984  3707  3707 D wpa_supplicant: wpa_driver_wext_driver_cmd LinkSpeed 19 len = 12, 12
06-18 10:42:17.160  3707  3707 D wpa_supplicant: RTM_NEWLINK: operstate=1 ifi_flags=0x11043 ([UP][RUNNING][LOWER_UP])
06-18 10:42:17.160  3707  3707 D wpa_supplicant: RTM_NEWLINK, IFLA_IFNAME: Interface 'wlan0' added
06-18 10:42:17.160  3707  3707 D wpa_supplicant: Wireless event: cmd=0x8c09 len=32
06-18 10:42:17.160  3707  3707 D wpa_supplicant: PMKID candidate wireless event: flags=0x0 index=0 bssid=d0:c2:82:67:e7:60
06-18 10:42:17.160  3707  3707 D wpa_supplicant: RSN: Ignored PMKID candidate without preauth flag
06-18 10:42:17.160  3707  3707 D wpa_supplicant: RTM_NEWLINK: operstate=1 ifi_flags=0x11043 ([UP][RUNNING][LOWER_UP])
06-18 10:42:17.160  3707  3707 D wpa_supplicant: RTM_NEWLINK, IFLA_IFNAME: Interface 'wlan0' added
06-18 10:42:17.160  3707  3707 D wpa_supplicant: Wireless event: cmd=0x8c09 len=32
06-18 10:42:17.160  3707  3707 D wpa_supplicant: PMKID candidate wireless event: flags=0x0 index=0 bssid=d0:c2:82:2d:e6:d0
06-18 10:42:17.160  3707  3707 D wpa_supplicant: RSN: Ignored PMKID candidate without preauth flag
06-18 10:42:19.988  3707  3707 D wpa_supplicant: wpa_driver_wext_driver_cmd RSSI len = 248
06-18 10:42:19.996  3707  3707 D wpa_supplicant: wpa_driver_wext_driver_cmd UB_Secure rssi -92  len = 19, 19
06-18 10:42:19.996  3707  3707 D wpa_supplicant: wpa_driver_wext_driver_cmd LINKSPEED len = 248
06-18 10:42:19.996  3707  3707 D wpa_supplicant: wpa_driver_wext_driver_cmd LinkSpeed 19 len = 12, 12
06-18 10:42:23.000  3707  3707 D wpa_supplicant: wpa_driver_wext_driver_cmd RSSI len = 248
06-18 10:42:23.008  3707  3707 D wpa_supplicant: wpa_driver_wext_driver_cmd UB_Secure rssi -90  len = 19, 19
06-18 10:42:23.008  3707  3707 D wpa_supplicant: wpa_driver_wext_driver_cmd LINKSPEED len = 248
06-18 10:42:23.008  3707  3707 D wpa_supplicant: wpa_driver_wext_driver_cmd LinkSpeed 19 len = 12, 12
06-18 10:42:26.012  3707  3707 D wpa_supplicant: wpa_driver_wext_driver_cmd RSSI len = 248
06-18 10:42:26.019  3707  3707 D wpa_supplicant: wpa_driver_wext_driver_cmd UB_Secure rssi -93  len = 19, 19
06-18 10:42:26.019  3707  3707 D wpa_supplicant: wpa_driver_wext_driver_cmd LINKSPEED len = 248
06-18 10:42:26.019  3707  3707 D wpa_supplicant: wpa_driver_wext_driver_cmd LinkSpeed 19 len = 12, 12
06-18 10:42:28.531 12532 12553 I GServe Unity: ONM ticking...now=1340030548534
06-18 10:42:29.023  3707  3707 D wpa_supplicant: wpa_driver_wext_driver_cmd RSSI len = 248
06-18 10:42:29.023  3707  3707 D wpa_supplicant: wpa_driver_wext_driver_cmd UB_Secure rssi -91  len = 19, 19
06-18 10:42:29.023  3707  3707 D wpa_supplicant: wpa_driver_wext_driver_cmd LINKSPEED len = 248
06-18 10:42:29.023  3707  3707 D wpa_supplicant: wpa_driver_wext_driver_cmd LinkSpeed 19 len = 12, 12
06-18 10:42:30.898 12887 12890 D dalvikvm: GC_CONCURRENT freed 549K, 9% free 10966K/11975K, paused 5ms+6ms
06-18 10:42:31.250   140 18993 D dalvikvm: GC_EXPLICIT freed 522K, 27% free 17638K/24071K, paused 5ms+27ms
06-18 10:42:32.027  3707  3707 D wpa_supplicant: wpa_driver_wext_driver_cmd RSSI len = 248
06-18 10:42:32.035  3707  3707 D wpa_supplicant: wpa_driver_wext_driver_cmd UB_Secure rssi -88  len = 19, 19
06-18 10:42:32.035  3707  3707 D wpa_supplicant: wpa_driver_wext_driver_cmd LINKSPEED len = 248
06-18 10:42:32.035  3707  3707 D wpa_supplicant: wpa_driver_wext_driver_cmd LinkSpeed 19 len = 12, 12
06-18 10:42:32.531 12887 12890 D dalvikvm: GC_CONCURRENT freed 541K, 9% free 10979K/11975K, paused 2ms+6ms
06-18 10:42:34.164 12887 12890 D dalvikvm: GC_CONCURRENT freed 564K, 9% free 10982K/11975K, paused 2ms+5ms
06-18 10:42:34.578    81   125 D AudioHardware: AudioHardware pcm playback is exiting standby.
06-18 10:42:34.578    81   125 D AudioHardware: openPcmOut_l() mPcmOpenCnt: 0
06-18 10:42:34.801 12887 12887 D webviewglue: nativeDestroy view: 0x1008d50
06-18 10:42:34.820 12887 12887 D webviewglue: nativeDestroy view: 0x10bafa8
06-18 10:42:34.828 12887 12887 D webviewglue: nativeDestroy view: 0xca3b58
06-18 10:42:34.898 12887 12890 D dalvikvm: GC_CONCURRENT freed 590K, 8% free 11040K/11975K, paused 4ms+8ms
06-18 10:42:35.043  3707  3707 D wpa_supplicant: wpa_driver_wext_driver_cmd RSSI len = 248
06-18 10:42:35.051  3707  3707 D wpa_supplicant: wpa_driver_wext_driver_cmd UB_Secure rssi -90  len = 19, 19
06-18 10:42:35.051  3707  3707 D wpa_supplicant: wpa_driver_wext_driver_cmd LINKSPEED len = 248
06-18 10:42:35.051  3707  3707 D wpa_supplicant: wpa_driver_wext_driver_cmd LinkSpeed 19 len = 12, 12
06-18 10:42:37.285 12887 12890 D dalvikvm: GC_CONCURRENT freed 608K, 9% free 10980K/11975K, paused 4ms+7ms
06-18 10:42:37.359 12887 13050 I Gmail   : MainSyncRequestProto: lowestBkwdConvoId: 0, highestHandledServerOp: 2663574, normalSync: true
06-18 10:42:37.668    81   125 D AudioHardware: AudioHardware pcm playback is going to standby.
06-18 10:42:37.668    81   125 D AudioHardware: closePcmOut_l() mPcmOpenCnt: 1
06-18 10:42:38.055  3707  3707 D wpa_supplicant: wpa_driver_wext_driver_cmd RSSI len = 248
06-18 10:42:38.062  3707  3707 D wpa_supplicant: wpa_driver_wext_driver_cmd UB_Secure rssi -89  len = 19, 19
06-18 10:42:38.062  3707  3707 D wpa_supplicant: wpa_driver_wext_driver_cmd LINKSPEED len = 248
06-18 10:42:38.066  3707  3707 D wpa_supplicant: wpa_driver_wext_driver_cmd LinkSpeed 19 len = 12, 12
06-18 10:42:39.254 12887 12890 D dalvikvm: GC_CONCURRENT freed 782K, 11% free 10727K/11975K, paused 2ms+3ms
06-18 10:42:39.289    81   125 D AudioHardware: AudioHardware pcm playback is exiting standby.
06-18 10:42:39.289    81   125 D AudioHardware: openPcmOut_l() mPcmOpenCnt: 0
06-18 10:42:39.676 12887 13050 D dalvikvm: GC_EXPLICIT freed 268K, 8% free 11025K/11975K, paused 33ms+11ms
06-18 10:42:39.851 12887 13050 I Gmail   : MainSyncRequestProto: lowestBkwdConvoId: 0, highestHandledServerOp: 2663618, normalSync: true
06-18 10:42:39.879 12887 13050 W Gmail   : Scheduling index for 300000 ms from now
06-18 10:42:40.918 12887 12890 D dalvikvm: GC_CONCURRENT freed 582K, 8% free 11084K/11975K, paused 2ms+6ms
06-18 10:42:41.070  3707  3707 D wpa_supplicant: wpa_driver_wext_driver_cmd RSSI len = 248
06-18 10:42:41.078  3707  3707 D wpa_supplicant: wpa_driver_wext_driver_cmd UB_Secure rssi -90  len = 19, 19
06-18 10:42:41.078  3707  3707 D wpa_supplicant: wpa_driver_wext_driver_cmd LINKSPEED len = 248
06-18 10:42:41.078  3707  3707 D wpa_supplicant: wpa_driver_wext_driver_cmd LinkSpeed 19 len = 12, 12
06-18 10:42:42.383    81   125 D AudioHardware: AudioHardware pcm playback is going to standby.
06-18 10:42:42.383    81   125 D AudioHardware: closePcmOut_l() mPcmOpenCnt: 1
06-18 10:42:44.082  3707  3707 D wpa_supplicant: wpa_driver_wext_driver_cmd RSSI len = 248
06-18 10:42:44.090  3707  3707 D wpa_supplicant: wpa_driver_wext_driver_cmd UB_Secure rssi -91  len = 19, 19
06-18 10:42:44.090  3707  3707 D wpa_supplicant: wpa_driver_wext_driver_cmd LINKSPEED len = 248
06-18 10:42:44.098  3707  3707 D wpa_supplicant: wpa_driver_wext_driver_cmd LinkSpeed 19 len = 12, 12
06-18 10:42:44.598    81   125 D AudioHardware: AudioHardware pcm playback is exiting standby.
06-18 10:42:44.598    81   125 D AudioHardware: openPcmOut_l() mPcmOpenCnt: 0
06-18 10:42:44.715 12887 12890 D dalvikvm: GC_CONCURRENT freed 708K, 9% free 10991K/11975K, paused 2ms+5ms
06-18 10:42:44.797 12887 12887 D webviewglue: nativeDestroy view: 0xfb9a20
06-18 10:42:44.801 12887 12887 D webviewglue: nativeDestroy view: 0x102ad18
06-18 10:42:44.805 12887 12887 D webviewglue: nativeDestroy view: 0x10aeed0
06-18 10:42:44.883 12887 12895 I dalvikvm: Jit: resizing JitTable from 8192 to 16384
06-18 10:42:45.129   140   140 D dalvikvm: GC_EXPLICIT freed 384K, 27% free 17619K/24071K, paused 3ms+20ms
06-18 10:42:45.504 12887 12890 D dalvikvm: GC_CONCURRENT freed 535K, 9% free 11016K/11975K, paused 2ms+8ms
06-18 10:42:46.851 12887 12963 D dalvikvm: GC_EXPLICIT freed 431K, 11% free 10705K/11975K, paused 11ms+4ms
06-18 10:42:47.101  3707  3707 D wpa_supplicant: wpa_driver_wext_driver_cmd RSSI len = 248
06-18 10:42:47.109  3707  3707 D wpa_supplicant: wpa_driver_wext_driver_cmd UB_Secure rssi -88  len = 19, 19
06-18 10:42:47.109  3707  3707 D wpa_supplicant: wpa_driver_wext_driver_cmd LINKSPEED len = 248
06-18 10:42:47.113  3707  3707 D wpa_supplicant: wpa_driver_wext_driver_cmd LinkSpeed 19 len = 12, 12
06-18 10:42:47.691    81   125 D AudioHardware: AudioHardware pcm playback is going to standby.
06-18 10:42:47.691    81   125 D AudioHardware: closePcmOut_l() mPcmOpenCnt: 1
06-18 10:42:48.445  3707  3707 D wpa_supplicant: RTM_NEWLINK: operstate=1 ifi_flags=0x11043 ([UP][RUNNING][LOWER_UP])
06-18 10:42:48.445  3707  3707 D wpa_supplicant: RTM_NEWLINK, IFLA_IFNAME: Interface 'wlan0' added
06-18 10:42:48.445  3707  3707 D wpa_supplicant: Wireless event: cmd=0x8c09 len=32
06-18 10:42:48.445  3707  3707 D wpa_supplicant: PMKID candidate wireless event: flags=0x0 index=0 bssid=d0:c2:82:2d:e6:d0
06-18 10:42:48.445  3707  3707 D wpa_supplicant: RSN: Ignored PMKID candidate without preauth flag
06-18 10:42:48.445  3707  3707 D wpa_supplicant: RTM_NEWLINK: operstate=1 ifi_flags=0x11043 ([UP][RUNNING][LOWER_UP])
06-18 10:42:48.445  3707  3707 D wpa_supplicant: RTM_NEWLINK, IFLA_IFNAME: Interface 'wlan0' added
06-18 10:42:48.445  3707  3707 D wpa_supplicant: Wireless event: cmd=0x8c09 len=32
06-18 10:42:48.445  3707  3707 D wpa_supplicant: PMKID candidate wireless event: flags=0x0 index=0 bssid=d0:c2:82:67:e7:60
06-18 10:42:48.445  3707  3707 D wpa_supplicant: RSN: Ignored PMKID candidate without preauth flag
06-18 10:42:48.535 12532 12553 I GServe Unity: ONM ticking...now=1340030568537
06-18 10:42:50.121  3707  3707 D wpa_supplicant: wpa_driver_wext_driver_cmd RSSI len = 248
06-18 10:42:50.133  3707  3707 D wpa_supplicant: wpa_driver_wext_driver_cmd UB_Secure rssi -88  len = 19, 19
06-18 10:42:50.133  3707  3707 D wpa_supplicant: wpa_driver_wext_driver_cmd LINKSPEED len = 248
06-18 10:42:50.133  3707  3707 D wpa_supplicant: wpa_driver_wext_driver_cmd LinkSpeed 19 len = 12, 12
06-18 10:42:53.141  3707  3707 D wpa_supplicant: wpa_driver_wext_driver_cmd RSSI len = 248
06-18 10:42:53.148  3707  3707 D wpa_supplicant: wpa_driver_wext_driver_cmd UB_Secure rssi -90  len = 19, 19
06-18 10:42:53.148  3707  3707 D wpa_supplicant: wpa_driver_wext_driver_cmd LINKSPEED len = 248
06-18 10:42:53.148  3707  3707 D wpa_supplicant: wpa_driver_wext_driver_cmd LinkSpeed 19 len = 12, 12
06-18 10:42:56.152  3707  3707 D wpa_supplicant: wpa_driver_wext_driver_cmd RSSI len = 248
06-18 10:42:56.160  3707  3707 D wpa_supplicant: wpa_driver_wext_driver_cmd UB_Secure rssi -89  len = 19, 19
06-18 10:42:56.160  3707  3707 D wpa_supplicant: wpa_driver_wext_driver_cmd LINKSPEED len = 248
06-18 10:42:56.164  3707  3707 D wpa_supplicant: wpa_driver_wext_driver_cmd LinkSpeed 19 len = 12, 12
06-18 10:42:58.168    81   125 D AudioHardware: AudioHardware pcm playback is exiting standby.
06-18 10:42:58.168    81   125 D AudioHardware: openPcmOut_l() mPcmOpenCnt: 0
06-18 10:42:58.496 12887 12890 D dalvikvm: GC_CONCURRENT freed 336K, 10% free 10878K/11975K, paused 2ms+7ms
06-18 10:42:59.172  3707  3707 D wpa_supplicant: wpa_driver_wext_driver_cmd RSSI len = 248
06-18 10:42:59.180  3707  3707 D wpa_supplicant: wpa_driver_wext_driver_cmd UB_Secure rssi -88  len = 19, 19
06-18 10:42:59.180  3707  3707 D wpa_supplicant: wpa_driver_wext_driver_cmd LINKSPEED len = 248
06-18 10:42:59.180  3707  3707 D wpa_supplicant: wpa_driver_wext_driver_cmd LinkSpeed 19 len = 12, 12
06-18 10:42:59.574 12887 13000 I Gmail   : Sending notification intent: Intent { act=android.intent.action.PROVIDER_CHANGED dat=content://gmail-ls/unread/^iim (has extras) }
06-18 10:42:59.738 12887 12890 D dalvikvm: GC_CONCURRENT freed 370K, 8% free 11097K/11975K, paused 2ms+7ms
06-18 10:43:00.394 12887 12890 D dalvikvm: GC_CONCURRENT freed 677K, 8% free 11110K/11975K, paused 3ms+5ms
06-18 10:43:01.262    81   125 D AudioHardware: AudioHardware pcm playback is going to standby.
06-18 10:43:01.262    81   125 D AudioHardware: closePcmOut_l() mPcmOpenCnt: 1
06-18 10:43:02.183  3707  3707 D wpa_supplicant: wpa_driver_wext_driver_cmd RSSI len = 248
06-18 10:43:02.191  3707  3707 D wpa_supplicant: wpa_driver_wext_driver_cmd UB_Secure rssi -90  len = 19, 19
06-18 10:43:02.191  3707  3707 D wpa_supplicant: wpa_driver_wext_driver_cmd LINKSPEED len = 248
06-18 10:43:02.195  3707  3707 D wpa_supplicant: wpa_driver_wext_driver_cmd LinkSpeed 19 len = 12, 12
06-18 10:43:05.207  3707  3707 D wpa_supplicant: wpa_driver_wext_driver_cmd RSSI len = 248
06-18 10:43:05.215  3707  3707 D wpa_supplicant: wpa_driver_wext_driver_cmd UB_Secure rssi -91  len = 19, 19
06-18 10:43:05.215  3707  3707 D wpa_supplicant: wpa_driver_wext_driver_cmd LINKSPEED len = 248
06-18 10:43:05.215  3707  3707 D wpa_supplicant: wpa_driver_wext_driver_cmd LinkSpeed 19 len = 12, 12
06-18 10:43:07.527 12887 13056 I Gmail   : MainSyncRequestProto: lowestBkwdConvoId: 0, highestHandledServerOp: 2663618, normalSync: true
06-18 10:43:08.223  3707  3707 D wpa_supplicant: wpa_driver_wext_driver_cmd RSSI len = 248
06-18 10:43:08.234  3707  3707 D wpa_supplicant: wpa_driver_wext_driver_cmd UB_Secure rssi -84  len = 19, 19
06-18 10:43:08.234  3707  3707 D wpa_supplicant: wpa_driver_wext_driver_cmd LINKSPEED len = 248
06-18 10:43:08.238  3707  3707 D wpa_supplicant: wpa_driver_wext_driver_cmd LinkSpeed 19 len = 12, 12
06-18 10:43:08.351  3707  3707 D wpa_supplicant: wpa_driver_wext_driver_cmd BTCOEXMODE 1 len = 4096
06-18 10:43:08.535 12532 12553 I GServe Unity: ONM ticking...now=1340030588538
06-18 10:43:08.738  3707  3707 D wpa_supplicant: wpa_driver_wext_driver_cmd OK len = 0, 2
06-18 10:43:08.738  3707  3707 D wpa_supplicant: wpa_driver_wext_driver_cmd GETPOWER len = 4096
06-18 10:43:08.750  3707  3707 D wpa_supplicant: wpa_driver_wext_driver_cmd powermode = 0 len = 13, 13
06-18 10:43:08.750  3707  3707 D wpa_supplicant: wpa_driver_wext_driver_cmd POWERMODE 1 len = 4096
06-18 10:43:08.754  3707  3707 D wpa_supplicant: wpa_driver_wext_driver_cmd OK len = 0, 2
06-18 10:43:09.203  3707  3707 D wpa_supplicant: wpa_driver_wext_driver_cmd POWERMODE 0 len = 4096
06-18 10:43:09.207  3707  3707 D wpa_supplicant: wpa_driver_wext_driver_cmd OK len = 0, 2
06-18 10:43:09.207  3707  3707 D wpa_supplicant: wpa_driver_wext_driver_cmd BTCOEXMODE 2 len = 4096
06-18 10:43:09.207  3707  3707 D wpa_supplicant: wpa_driver_wext_driver_cmd OK len = 0, 2
06-18 10:43:10.269 12887 12890 D dalvikvm: GC_CONCURRENT freed 465K, 7% free 11217K/11975K, paused 15ms+5ms
06-18 10:43:10.859 12887 13056 D dalvikvm: GC_EXPLICIT freed 547K, 7% free 11181K/11975K, paused 3ms+8ms
06-18 10:43:10.867 12887 13056 I Gmail   : MainSyncRequestProto: lowestBkwdConvoId: 0, highestHandledServerOp: 2663673, normalSync: true
06-18 10:43:10.887 12887 13056 W Gmail   : Scheduling index for 300000 ms from now
06-18 10:43:11.152 12887 13077 I Gmail   : MainSyncRequestProto: lowestBkwdConvoId: 0, highestHandledServerOp: 2663673, normalSync: true
06-18 10:43:11.191 12887 13077 W Gmail   : Scheduling index for 300000 ms from now
06-18 10:43:11.266  3707  3707 D wpa_supplicant: wpa_driver_wext_driver_cmd RSSI len = 248
06-18 10:43:11.273  3707  3707 D wpa_supplicant: wpa_driver_wext_driver_cmd UB_Secure rssi -91  len = 19, 19
06-18 10:43:11.273  3707  3707 D wpa_supplicant: wpa_driver_wext_driver_cmd LINKSPEED len = 248
06-18 10:43:11.273  3707  3707 D wpa_supplicant: wpa_driver_wext_driver_cmd LinkSpeed 19 len = 12, 12
06-18 10:43:14.238    81   125 D AudioHardware: AudioHardware pcm playback is exiting standby.
06-18 10:43:14.238    81   125 D AudioHardware: openPcmOut_l() mPcmOpenCnt: 0
06-18 10:43:14.277  3707  3707 D wpa_supplicant: wpa_driver_wext_driver_cmd RSSI len = 248
06-18 10:43:14.285  3707  3707 D wpa_supplicant: wpa_driver_wext_driver_cmd UB_Secure rssi -91  len = 19, 19
06-18 10:43:14.285  3707  3707 D wpa_supplicant: wpa_driver_wext_driver_cmd LINKSPEED len = 248
06-18 10:43:14.285  3707  3707 D wpa_supplicant: wpa_driver_wext_driver_cmd LinkSpeed 19 len = 12, 12
06-18 10:43:14.414 12887 12890 D dalvikvm: GC_CONCURRENT freed 562K, 6% free 11316K/11975K, paused 2ms+4ms
06-18 10:43:14.484 12887 12887 D webviewglue: nativeDestroy view: 0xfb9a20
06-18 10:43:14.492 12887 12887 D webviewglue: nativeDestroy view: 0x102ad18
06-18 10:43:14.496 12887 12887 D webviewglue: nativeDestroy view: 0x10aeed0
06-18 10:43:15.176 12887 12890 D dalvikvm: GC_CONCURRENT freed 782K, 8% free 11220K/12103K, paused 7ms+11ms
06-18 10:43:17.289  3707  3707 D wpa_supplicant: wpa_driver_wext_driver_cmd RSSI len = 248
06-18 10:43:17.301  3707  3707 D wpa_supplicant: wpa_driver_wext_driver_cmd UB_Secure rssi -89  len = 19, 19
06-18 10:43:17.301  3707  3707 D wpa_supplicant: wpa_driver_wext_driver_cmd LINKSPEED len = 248
06-18 10:43:17.301  3707  3707 D wpa_supplicant: wpa_driver_wext_driver_cmd LinkSpeed 19 len = 12, 12
06-18 10:43:17.336    81   125 D AudioHardware: AudioHardware pcm playback is going to standby.
06-18 10:43:17.336    81   125 D AudioHardware: closePcmOut_l() mPcmOpenCnt: 1
06-18 10:43:17.738    81   125 D AudioHardware: AudioHardware pcm playback is exiting standby.
06-18 10:43:17.738    81   125 D AudioHardware: openPcmOut_l() mPcmOpenCnt: 0
06-18 10:43:18.070   140   156 D dalvikvm: GC_EXPLICIT freed 415K, 27% free 17638K/24071K, paused 5ms+13ms
06-18 10:43:18.191 12887 12890 D dalvikvm: GC_CONCURRENT freed 554K, 7% free 11315K/12103K, paused 2ms+11ms
06-18 10:43:18.250 12887 12887 D dalvikvm: GC_FOR_ALLOC freed 699K, 12% free 10779K/12167K, paused 26ms
06-18 10:43:18.371 12887 12998 D dalvikvm: GC_FOR_ALLOC freed 143K, 12% free 10768K/12167K, paused 24ms
06-18 10:43:18.433 12887 12998 D dalvikvm: GC_FOR_ALLOC freed 90K, 11% free 10885K/12167K, paused 27ms
06-18 10:43:18.433 12887 12998 I dalvikvm-heap: Grow heap (frag case) to 10.735MB for 32784-byte allocation
06-18 10:43:18.469 12887 12990 D dalvikvm: GC_FOR_ALLOC freed 28K, 11% free 10888K/12231K, paused 24ms
06-18 10:43:18.516 12887 12990 E Gmail   : Attachment is not requested conversationId = 1404972123897426296, messageId = 1404972123897426296, partId = 0.0.1.7, rendition = SIMPLE, saveToSd = false
06-18 10:43:18.558 12887 12998 D dalvikvm: GC_FOR_ALLOC freed 84K, 11% free 10951K/12231K, paused 27ms
06-18 10:43:18.558 12887 12998 I dalvikvm-heap: Grow heap (frag case) to 10.799MB for 32784-byte allocation
06-18 10:43:18.594 12887 12990 D dalvikvm: GC_FOR_ALLOC freed 29K, 11% free 10954K/12295K, paused 24ms
06-18 10:43:18.848 12887 12990 E Gmail   : Attachment is not requested conversationId = 1404972123897426296, messageId = 1404972123897426296, partId = 0.0.1.7, rendition = SIMPLE, saveToSd = false
06-18 10:43:20.133 12887 12890 D dalvikvm: GC_CONCURRENT freed 348K, 10% free 11182K/12295K, paused 2ms+5ms
06-18 10:43:20.312  3707  3707 D wpa_supplicant: wpa_driver_wext_driver_cmd RSSI len = 248
06-18 10:43:20.320  3707  3707 D wpa_supplicant: wpa_driver_wext_driver_cmd UB_Secure rssi -85  len = 19, 19
06-18 10:43:20.320  3707  3707 D wpa_supplicant: wpa_driver_wext_driver_cmd LINKSPEED len = 248
06-18 10:43:20.320  3707  3707 D wpa_supplicant: wpa_driver_wext_driver_cmd LinkSpeed 19 len = 12, 12
06-18 10:43:20.558  3707  3707 D wpa_supplicant: RTM_NEWLINK: operstate=1 ifi_flags=0x11043 ([UP][RUNNING][LOWER_UP])
06-18 10:43:20.558  3707  3707 D wpa_supplicant: RTM_NEWLINK, IFLA_IFNAME: Interface 'wlan0' added
06-18 10:43:20.558  3707  3707 D wpa_supplicant: Wireless event: cmd=0x8c09 len=32
06-18 10:43:20.558  3707  3707 D wpa_supplicant: PMKID candidate wireless event: flags=0x0 index=0 bssid=d0:c2:82:2d:e6:d0
06-18 10:43:20.558  3707  3707 D wpa_supplicant: RSN: Ignored PMKID candidate without preauth flag
06-18 10:43:20.558  3707  3707 D wpa_supplicant: RTM_NEWLINK: operstate=1 ifi_flags=0x11043 ([UP][RUNNING][LOWER_UP])
06-18 10:43:20.558  3707  3707 D wpa_supplicant: RTM_NEWLINK, IFLA_IFNAME: Interface 'wlan0' added
06-18 10:43:20.558  3707  3707 D wpa_supplicant: Wireless event: cmd=0x8c09 len=32
06-18 10:43:20.558  3707  3707 D wpa_supplicant: PMKID candidate wireless event: flags=0x0 index=0 bssid=d0:c2:82:67:e7:60
06-18 10:43:20.558  3707  3707 D wpa_supplicant: RSN: Ignored PMKID candidate without preauth flag
06-18 10:43:20.707 12887 12890 D dalvikvm: GC_CONCURRENT freed 476K, 8% free 11426K/12295K, paused 2ms+5ms
06-18 10:43:20.828    81   125 D AudioHardware: AudioHardware pcm playback is going to standby.
06-18 10:43:20.828    81   125 D AudioHardware: closePcmOut_l() mPcmOpenCnt: 1
06-18 10:43:23.324  3707  3707 D wpa_supplicant: wpa_driver_wext_driver_cmd RSSI len = 248
06-18 10:43:23.332  3707  3707 D wpa_supplicant: wpa_driver_wext_driver_cmd UB_Secure rssi -90  len = 19, 19
06-18 10:43:23.332  3707  3707 D wpa_supplicant: wpa_driver_wext_driver_cmd LINKSPEED len = 248
06-18 10:43:23.332  3707  3707 D wpa_supplicant: wpa_driver_wext_driver_cmd LinkSpeed 5 len = 11, 11
06-18 10:43:26.344  3707  3707 D wpa_supplicant: wpa_driver_wext_driver_cmd RSSI len = 248
06-18 10:43:26.351  3707  3707 D wpa_supplicant: wpa_driver_wext_driver_cmd UB_Secure rssi -89  len = 19, 19
06-18 10:43:26.351  3707  3707 D wpa_supplicant: wpa_driver_wext_driver_cmd LINKSPEED len = 248
06-18 10:43:26.351  3707  3707 D wpa_supplicant: wpa_driver_wext_driver_cmd LinkSpeed 5 len = 11, 11
06-18 10:43:28.535 12532 12553 I GServe Unity: ONM ticking...now=1340030608541
06-18 10:43:29.355  3707  3707 D wpa_supplicant: wpa_driver_wext_driver_cmd RSSI len = 248
06-18 10:43:29.363  3707  3707 D wpa_supplicant: wpa_driver_wext_driver_cmd UB_Secure rssi -91  len = 19, 19
06-18 10:43:29.363  3707  3707 D wpa_supplicant: wpa_driver_wext_driver_cmd LINKSPEED len = 248
06-18 10:43:29.363  3707  3707 D wpa_supplicant: wpa_driver_wext_driver_cmd LinkSpeed 5 len = 11, 11
06-18 10:43:32.371  3707  3707 D wpa_supplicant: wpa_driver_wext_driver_cmd RSSI len = 248
06-18 10:43:32.383  3707  3707 D wpa_supplicant: wpa_driver_wext_driver_cmd UB_Secure rssi -86  len = 19, 19
06-18 10:43:32.383  3707  3707 D wpa_supplicant: wpa_driver_wext_driver_cmd LINKSPEED len = 248
06-18 10:43:32.387  3707  3707 D wpa_supplicant: wpa_driver_wext_driver_cmd LinkSpeed 5 len = 11, 11
06-18 10:43:35.394  3707  3707 D wpa_supplicant: wpa_driver_wext_driver_cmd RSSI len = 248
06-18 10:43:35.402  3707  3707 D wpa_supplicant: wpa_driver_wext_driver_cmd UB_Secure rssi -86  len = 19, 19
06-18 10:43:35.402  3707  3707 D wpa_supplicant: wpa_driver_wext_driver_cmd LINKSPEED len = 248
06-18 10:43:35.406  3707  3707 D wpa_supplicant: wpa_driver_wext_driver_cmd LinkSpeed 5 len = 11, 11
06-18 10:43:38.418  3707  3707 D wpa_supplicant: wpa_driver_wext_driver_cmd RSSI len = 248
06-18 10:43:38.426  3707  3707 D wpa_supplicant: wpa_driver_wext_driver_cmd UB_Secure rssi -87  len = 19, 19
06-18 10:43:38.426  3707  3707 D wpa_supplicant: wpa_driver_wext_driver_cmd LINKSPEED len = 248
06-18 10:43:38.430  3707  3707 D wpa_supplicant: wpa_driver_wext_driver_cmd LinkSpeed 5 len = 11, 11
06-18 10:43:41.437  3707  3707 D wpa_supplicant: wpa_driver_wext_driver_cmd RSSI len = 248
06-18 10:43:41.449  3707  3707 D wpa_supplicant: wpa_driver_wext_driver_cmd UB_Secure rssi -86  len = 19, 19
06-18 10:43:41.449  3707  3707 D wpa_supplicant: wpa_driver_wext_driver_cmd LINKSPEED len = 248
06-18 10:43:41.449  3707  3707 D wpa_supplicant: wpa_driver_wext_driver_cmd LinkSpeed 5 len = 11, 11
06-18 10:43:44.457  3707  3707 D wpa_supplicant: wpa_driver_wext_driver_cmd RSSI len = 248
06-18 10:43:44.469  3707  3707 D wpa_supplicant: wpa_driver_wext_driver_cmd UB_Secure rssi -88  len = 19, 19
06-18 10:43:44.469  3707  3707 D wpa_supplicant: wpa_driver_wext_driver_cmd LINKSPEED len = 248
06-18 10:43:44.469  3707  3707 D wpa_supplicant: wpa_driver_wext_driver_cmd LinkSpeed 5 len = 11, 11
06-18 10:43:45.586 13009 13022 I PhoneLab-: Service Running
06-18 10:43:45.656 13009 13022 I PhoneLab-LoggerService: app_38    1264  1     1444   992   c00f181c 400107b4 S logcat
06-18 10:43:45.656 13009 13022 I PhoneLab-LoggerService: Logcat pid from database 1264
06-18 10:43:45.656 13009 13022 I PhoneLab-LoggerService: Logcat process found 1264
06-18 10:43:45.656 13009 13022 I PhoneLab-LoggerService: Checking Threshold
06-18 10:43:45.656 13009 13022 I PhoneLab-LoggerService: Starting to rename files
06-18 10:43:45.660 13009 13022 I PhoneLab-LoggerService: Files found .. 4
06-18 10:43:47.480  3707  3707 D wpa_supplicant: wpa_driver_wext_driver_cmd RSSI len = 248
06-18 10:43:47.488  3707  3707 D wpa_supplicant: wpa_driver_wext_driver_cmd UB_Secure rssi -87  len = 19, 19
06-18 10:43:47.488  3707  3707 D wpa_supplicant: wpa_driver_wext_driver_cmd LINKSPEED len = 248
06-18 10:43:47.492  3707  3707 D wpa_supplicant: wpa_driver_wext_driver_cmd LinkSpeed 5 len = 11, 11
06-18 10:43:48.539 12532 12553 I GServe Unity: ONM ticking...now=1340030628543
06-18 10:43:50.500  3707  3707 D wpa_supplicant: wpa_driver_wext_driver_cmd RSSI len = 248
06-18 10:43:50.512  3707  3707 D wpa_supplicant: wpa_driver_wext_driver_cmd UB_Secure rssi -89  len = 19, 19
06-18 10:43:50.512  3707  3707 D wpa_supplicant: wpa_driver_wext_driver_cmd LINKSPEED len = 248
06-18 10:43:50.516  3707  3707 D wpa_supplicant: wpa_driver_wext_driver_cmd LinkSpeed 5 len = 11, 11
06-18 10:43:51.738  3707  3707 D wpa_supplicant: RTM_NEWLINK: operstate=1 ifi_flags=0x11043 ([UP][RUNNING][LOWER_UP])
06-18 10:43:51.738  3707  3707 D wpa_supplicant: RTM_NEWLINK, IFLA_IFNAME: Interface 'wlan0' added
06-18 10:43:51.738  3707  3707 D wpa_supplicant: Wireless event: cmd=0x8c09 len=32
06-18 10:43:51.738  3707  3707 D wpa_supplicant: PMKID candidate wireless event: flags=0x0 index=0 bssid=d0:c2:82:2d:e6:d0
06-18 10:43:51.738  3707  3707 D wpa_supplicant: RSN: Ignored PMKID candidate without preauth flag
06-18 10:43:51.738  3707  3707 D wpa_supplicant: RTM_NEWLINK: operstate=1 ifi_flags=0x11043 ([UP][RUNNING][LOWER_UP])
06-18 10:43:51.738  3707  3707 D wpa_supplicant: RTM_NEWLINK, IFLA_IFNAME: Interface 'wlan0' added
06-18 10:43:51.738  3707  3707 D wpa_supplicant: Wireless event: cmd=0x8c09 len=32
06-18 10:43:51.738  3707  3707 D wpa_supplicant: PMKID candidate wireless event: flags=0x0 index=0 bssid=d0:c2:82:67:e7:60
06-18 10:43:51.738  3707  3707 D wpa_supplicant: RSN: Ignored PMKID candidate without preauth flag
06-18 10:43:53.531  3707  3707 D wpa_supplicant: wpa_driver_wext_driver_cmd RSSI len = 248
06-18 10:43:53.539  3707  3707 D wpa_supplicant: wpa_driver_wext_driver_cmd UB_Secure rssi -86  len = 19, 19
06-18 10:43:53.539  3707  3707 D wpa_supplicant: wpa_driver_wext_driver_cmd LINKSPEED len = 248
06-18 10:43:53.543  3707  3707 D wpa_supplicant: wpa_driver_wext_driver_cmd LinkSpeed 5 len = 11, 11
06-18 10:43:56.551  3707  3707 D wpa_supplicant: wpa_driver_wext_driver_cmd RSSI len = 248
06-18 10:43:56.558  3707  3707 D wpa_supplicant: wpa_driver_wext_driver_cmd UB_Secure rssi -85  len = 19, 19
06-18 10:43:56.558  3707  3707 D wpa_supplicant: wpa_driver_wext_driver_cmd LINKSPEED len = 248
06-18 10:43:56.562  3707  3707 D wpa_supplicant: wpa_driver_wext_driver_cmd LinkSpeed 5 len = 11, 11
06-18 10:43:59.594  3707  3707 D wpa_supplicant: wpa_driver_wext_driver_cmd RSSI len = 248
06-18 10:43:59.605  3707  3707 D wpa_supplicant: wpa_driver_wext_driver_cmd UB_Secure rssi -89  len = 19, 19
06-18 10:43:59.605  3707  3707 D wpa_supplicant: wpa_driver_wext_driver_cmd LINKSPEED len = 248
06-18 10:43:59.605  3707  3707 D wpa_supplicant: wpa_driver_wext_driver_cmd LinkSpeed 5 len = 11, 11
06-18 10:44:02.617  3707  3707 D wpa_supplicant: wpa_driver_wext_driver_cmd RSSI len = 248
06-18 10:44:02.625  3707  3707 D wpa_supplicant: wpa_driver_wext_driver_cmd UB_Secure rssi -87  len = 19, 19
06-18 10:44:02.633  3707  3707 D wpa_supplicant: wpa_driver_wext_driver_cmd LINKSPEED len = 248
06-18 10:44:02.633  3707  3707 D wpa_supplicant: wpa_driver_wext_driver_cmd LinkSpeed 5 len = 11, 11
06-18 10:44:05.637  3707  3707 D wpa_supplicant: wpa_driver_wext_driver_cmd RSSI len = 248
06-18 10:44:05.641  3707  3707 D wpa_supplicant: wpa_driver_wext_driver_cmd UB_Secure rssi -87  len = 19, 19
06-18 10:44:05.641  3707  3707 D wpa_supplicant: wpa_driver_wext_driver_cmd LINKSPEED len = 248
06-18 10:44:05.644  3707  3707 D wpa_supplicant: wpa_driver_wext_driver_cmd LinkSpeed 5 len = 11, 11
06-18 10:44:07.504 12887 13083 I Gmail   : MainSyncRequestProto: lowestBkwdConvoId: 0, highestHandledServerOp: 2663673, normalSync: true
06-18 10:44:08.027   140   504 D GpsLocationProvider: NTP server returned: 1340030647714 (Mon Jun 18 10:44:07 EDT 2012) reference: 235075258 certainty: 40 system time offset: -314
06-18 10:44:08.426 12887 12890 D dalvikvm: GC_CONCURRENT freed 700K, 7% free 11519K/12359K, paused 2ms+5ms
06-18 10:44:08.543 12532 12553 I GServe Unity: ONM ticking...now=1340030648545
06-18 10:44:08.652  3707  3707 D wpa_supplicant: wpa_driver_wext_driver_cmd RSSI len = 248
06-18 10:44:08.660  3707  3707 D wpa_supplicant: wpa_driver_wext_driver_cmd UB_Secure rssi -86  len = 19, 19
06-18 10:44:08.660  3707  3707 D wpa_supplicant: wpa_driver_wext_driver_cmd LINKSPEED len = 248
06-18 10:44:08.660  3707  3707 D wpa_supplicant: wpa_driver_wext_driver_cmd LinkSpeed 5 len = 11, 11
06-18 10:44:08.848 12887 13083 D dalvikvm: GC_EXPLICIT freed 619K, 7% free 11565K/12359K, paused 2ms+7ms
06-18 10:44:08.851 12887 13083 I Gmail   : MainSyncRequestProto: lowestBkwdConvoId: 0, highestHandledServerOp: 2663702, normalSync: true
06-18 10:44:08.867 12887 13083 W Gmail   : Scheduling index for 300000 ms from now
06-18 10:44:09.238 12887 12911 D dalvikvm: GC_EXPLICIT freed 429K, 7% free 11522K/12359K, paused 3ms+6ms
06-18 10:44:11.664  3707  3707 D wpa_supplicant: wpa_driver_wext_driver_cmd RSSI len = 248
06-18 10:44:11.672  3707  3707 D wpa_supplicant: wpa_driver_wext_driver_cmd UB_Secure rssi -88  len = 19, 19
06-18 10:44:11.672  3707  3707 D wpa_supplicant: wpa_driver_wext_driver_cmd LINKSPEED len = 248
06-18 10:44:11.676  3707  3707 D wpa_supplicant: wpa_driver_wext_driver_cmd LinkSpeed 5 len = 11, 11
06-18 10:44:14.687  3707  3707 D wpa_supplicant: wpa_driver_wext_driver_cmd RSSI len = 248
06-18 10:44:14.695  3707  3707 D wpa_supplicant: wpa_driver_wext_driver_cmd UB_Secure rssi -89  len = 19, 19
06-18 10:44:14.695  3707  3707 D wpa_supplicant: wpa_driver_wext_driver_cmd LINKSPEED len = 248
06-18 10:44:14.699  3707  3707 D wpa_supplicant: wpa_driver_wext_driver_cmd LinkSpeed 5 len = 11, 11
06-18 10:44:17.715  3707  3707 D wpa_supplicant: wpa_driver_wext_driver_cmd RSSI len = 248
06-18 10:44:17.723  3707  3707 D wpa_supplicant: wpa_driver_wext_driver_cmd UB_Secure rssi -90  len = 19, 19
06-18 10:44:17.723  3707  3707 D wpa_supplicant: wpa_driver_wext_driver_cmd LINKSPEED len = 248
06-18 10:44:17.726  3707  3707 D wpa_supplicant: wpa_driver_wext_driver_cmd LinkSpeed 5 len = 11, 11
06-18 10:44:20.734  3707  3707 D wpa_supplicant: wpa_driver_wext_driver_cmd RSSI len = 248
06-18 10:44:20.742  3707  3707 D wpa_supplicant: wpa_driver_wext_driver_cmd UB_Secure rssi -89  len = 19, 19
06-18 10:44:20.742  3707  3707 D wpa_supplicant: wpa_driver_wext_driver_cmd LINKSPEED len = 248
06-18 10:44:20.742  3707  3707 D wpa_supplicant: wpa_driver_wext_driver_cmd LinkSpeed 5 len = 11, 11
06-18 10:44:22.394  3707  3707 D wpa_supplicant: RTM_NEWLINK: operstate=1 ifi_flags=0x11043 ([UP][RUNNING][LOWER_UP])
06-18 10:44:22.394  3707  3707 D wpa_supplicant: RTM_NEWLINK, IFLA_IFNAME: Interface 'wlan0' added
06-18 10:44:22.394  3707  3707 D wpa_supplicant: Wireless event: cmd=0x8c09 len=32
06-18 10:44:22.394  3707  3707 D wpa_supplicant: PMKID candidate wireless event: flags=0x0 index=0 bssid=d0:c2:82:2d:e6:d0
06-18 10:44:22.394  3707  3707 D wpa_supplicant: RSN: Ignored PMKID candidate without preauth flag
06-18 10:44:22.394  3707  3707 D wpa_supplicant: RTM_NEWLINK: operstate=1 ifi_flags=0x11043 ([UP][RUNNING][LOWER_UP])
06-18 10:44:22.394  3707  3707 D wpa_supplicant: RTM_NEWLINK, IFLA_IFNAME: Interface 'wlan0' added
06-18 10:44:22.394  3707  3707 D wpa_supplicant: Wireless event: cmd=0x8c09 len=32
06-18 10:44:22.394  3707  3707 D wpa_supplicant: PMKID candidate wireless event: flags=0x0 index=0 bssid=d0:c2:82:67:e7:60
06-18 10:44:22.394  3707  3707 D wpa_supplicant: RSN: Ignored PMKID candidate without preauth flag
06-18 10:44:23.746  3707  3707 D wpa_supplicant: wpa_driver_wext_driver_cmd RSSI len = 248
06-18 10:44:23.758  3707  3707 D wpa_supplicant: wpa_driver_wext_driver_cmd UB_Secure rssi -85  len = 19, 19
06-18 10:44:23.758  3707  3707 D wpa_supplicant: wpa_driver_wext_driver_cmd LINKSPEED len = 248
06-18 10:44:23.758  3707  3707 D wpa_supplicant: wpa_driver_wext_driver_cmd LinkSpeed 5 len = 11, 11
06-18 10:44:26.797  3707  3707 D wpa_supplicant: wpa_driver_wext_driver_cmd RSSI len = 248
06-18 10:44:26.808  3707  3707 D wpa_supplicant: wpa_driver_wext_driver_cmd UB_Secure rssi -85  len = 19, 19
06-18 10:44:26.808  3707  3707 D wpa_supplicant: wpa_driver_wext_driver_cmd LINKSPEED len = 248
06-18 10:44:26.808  3707  3707 D wpa_supplicant: wpa_driver_wext_driver_cmd LinkSpeed 5 len = 11, 11
06-18 10:44:28.543 12532 12553 I GServe Unity: ONM ticking...now=1340030668545
06-18 10:44:29.824  3707  3707 D wpa_supplicant: wpa_driver_wext_driver_cmd RSSI len = 248
06-18 10:44:29.840  3707  3707 D wpa_supplicant: wpa_driver_wext_driver_cmd UB_Secure rssi -89  len = 19, 19
06-18 10:44:29.848  3707  3707 D wpa_supplicant: wpa_driver_wext_driver_cmd LINKSPEED len = 248
06-18 10:44:29.859  3707  3707 D wpa_supplicant: wpa_driver_wext_driver_cmd LinkSpeed 5 len = 11, 11
06-18 10:44:32.883  3707  3707 D wpa_supplicant: wpa_driver_wext_driver_cmd RSSI len = 248
06-18 10:44:32.894  3707  3707 D wpa_supplicant: wpa_driver_wext_driver_cmd UB_Secure rssi -86  len = 19, 19
06-18 10:44:32.894  3707  3707 D wpa_supplicant: wpa_driver_wext_driver_cmd LINKSPEED len = 248
06-18 10:44:32.898  3707  3707 D wpa_supplicant: wpa_driver_wext_driver_cmd LinkSpeed 5 len = 11, 11
06-18 10:44:35.902  3707  3707 D wpa_supplicant: wpa_driver_wext_driver_cmd RSSI len = 248
06-18 10:44:35.914  3707  3707 D wpa_supplicant: wpa_driver_wext_driver_cmd UB_Secure rssi -86  len = 19, 19
06-18 10:44:35.914  3707  3707 D wpa_supplicant: wpa_driver_wext_driver_cmd LINKSPEED len = 248
06-18 10:44:35.914  3707  3707 D wpa_supplicant: wpa_driver_wext_driver_cmd LinkSpeed 5 len = 11, 11
06-18 10:44:38.922  3707  3707 D wpa_supplicant: wpa_driver_wext_driver_cmd RSSI len = 248
06-18 10:44:38.930  3707  3707 D wpa_supplicant: wpa_driver_wext_driver_cmd UB_Secure rssi -92  len = 19, 19
06-18 10:44:38.930  3707  3707 D wpa_supplicant: wpa_driver_wext_driver_cmd LINKSPEED len = 248
06-18 10:44:38.933  3707  3707 D wpa_supplicant: wpa_driver_wext_driver_cmd LinkSpeed 5 len = 11, 11
06-18 10:44:41.941  3707  3707 D wpa_supplicant: wpa_driver_wext_driver_cmd RSSI len = 248
06-18 10:44:41.945  3707  3707 D wpa_supplicant: wpa_driver_wext_driver_cmd UB_Secure rssi -92  len = 19, 19
06-18 10:44:41.945  3707  3707 D wpa_supplicant: wpa_driver_wext_driver_cmd LINKSPEED len = 248
06-18 10:44:41.945  3707  3707 D wpa_supplicant: wpa_driver_wext_driver_cmd LinkSpeed 5 len = 11, 11
06-18 10:44:44.953  3707  3707 D wpa_supplicant: wpa_driver_wext_driver_cmd RSSI len = 248
06-18 10:44:44.965  3707  3707 D wpa_supplicant: wpa_driver_wext_driver_cmd UB_Secure rssi -91  len = 19, 19
