06-27 17:02:26.200  5975  5977 I dalvikvm: Wrote stack traces to '/data/anr/traces.txt'
06-27 17:02:26.200   142   158 I Process : Sending signal. PID: 5975 SIG: 3
06-27 17:02:26.200   142   158 W ActivityManager: Activity pause timeout for ActivityRecord{41ad9540 com.amazon.kindle/com.amazon.kcp.reader.StandAloneBookReaderActivity}
06-27 17:02:26.204  5975  5977 I dalvikvm: threadid=3: reacting to signal 3
06-27 17:02:26.220  5975  5977 I dalvikvm: Wrote stack traces to '/data/anr/traces.txt'
06-27 17:02:26.290   142   376 I ActivityManager: Process com.google.android.apps.docs (pid 8233) has died.
06-27 17:02:26.427  8289  8291 D dalvikvm: GC_CONCURRENT freed 345K, 5% free 9190K/9607K, paused 2ms+5ms
06-27 17:02:26.536   142   158 I Process : Sending signal. PID: 5975 SIG: 3
06-27 17:02:26.536  5975  5977 I dalvikvm: threadid=3: reacting to signal 3
06-27 17:02:26.575  8255  8257 D dalvikvm: GC_CONCURRENT freed 310K, 5% free 9491K/9927K, paused 38ms+2ms
06-27 17:02:26.602  8255  8288 E dalvikvm: ERROR: defineClass(0x40a4c4d0, reflectasm.java.util.HashtableConstructorAccess, 0x413db050, 0, 296)
06-27 17:02:26.606  8255  8288 E dalvikvm: ERROR: defineClass(0x4134e4d8, reflectasm.java.util.HashtableConstructorAccess, 0x413db050, 0, 296)
06-27 17:02:26.610  8255  8288 E dalvikvm: ERROR: defineClass(0x41322f60, com.youversion.api.objects.BookCollectionConstructorAccess, 0x413d6b10, 0, 329)
06-27 17:02:26.610  8255  8288 E dalvikvm: ERROR: defineClass(0x4132b830, com.youversion.api.objects.BookCollectionConstructorAccess, 0x413d6b10, 0, 329)
06-27 17:02:26.610  8255  8288 E dalvikvm: ERROR: defineClass(0x40a4c4d0, reflectasm.java.util.VectorConstructorAccess, 0x413d7b88, 0, 290)
06-27 17:02:26.610  8255  8288 E dalvikvm: ERROR: defineClass(0x41377448, reflectasm.java.util.VectorConstructorAccess, 0x413d7b88, 0, 290)
06-27 17:02:26.610  8255  8288 E dalvikvm: ERROR: defineClass(0x41322f60, com.youversion.api.objects.BookConstructorAccess, 0x413d91b0, 0, 309)
06-27 17:02:26.610  8255  8288 E dalvikvm: ERROR: defineClass(0x41332760, com.youversion.api.objects.BookConstructorAccess, 0x413d91b0, 0, 309)
06-27 17:02:26.634  5975  5977 I dalvikvm: Wrote stack traces to '/data/anr/traces.txt'
06-27 17:02:26.661   142  1761 I ActivityManager: Process com.google.android.apps.plus (pid 8210) has died.
06-27 17:02:26.731   142   153 I ActivityManager: Start proc com.google.android.apps.uploader for broadcast com.google.android.apps.uploader/.ConnectivityBroadcastReceiver: pid=8307 uid=10030 gids={3003}
06-27 17:02:26.813  8307  8307 I dalvikvm: Turning on JNI app bug workarounds for target SDK version 11...
06-27 17:02:26.856  8269  8269 D Misc    : skipping BibleApp initialization on non-main process
06-27 17:02:26.911  8307  8307 I ActivityThread: Pub com.google.android.apps.uploader: com.google.android.apps.uploader.UploadsContentProvider
06-27 17:02:26.911  8307  8307 I ActivityThread: Pub com.google.photos.provider.Album: com.google.android.apps.uploader.clients.picasa.AlbumProvider
06-27 17:02:26.919  8307  8307 D MediaUploader: UploaderApplication.onCreate
06-27 17:02:26.985  8307  8307 D MediaUploader: nonWifiLimit=20971520, default=20971520
06-27 17:02:27.005  8307  8307 I MediaUploader: No need to wake up
06-27 17:02:27.020   142   142 I ActivityManager: Process com.sirma.mobile.bible.android:com.urbanairship.push.process (pid 8269) has died.
06-27 17:02:27.071   142  7495 I ActivityManager: Start proc com.google.android.apps.plus for broadcast com.google.android.apps.plus/com.google.android.picasasync.ConnectivityReceiver: pid=8330 uid=10072 gids={3003, 3002, 1015, 1006}
06-27 17:02:27.216  8330  8332 D dalvikvm: GC_CONCURRENT freed 159K, 3% free 9376K/9607K, paused 1ms+3ms
06-27 17:02:27.227  8330  8330 I ActivityThread: Pub com.google.android.apps.plus.content.ApiProvider: com.google.android.apps.plus.content.EsApiProvider
06-27 17:02:27.227  8330  8330 I ActivityThread: Pub com.google.android.apps.plus.content.EsGooglePhotoProvider: com.google.android.picasasync.PicasaContentProvider
06-27 17:02:27.310  8330  8332 D dalvikvm: GC_CONCURRENT freed 483K, 6% free 9432K/9991K, paused 2ms+2ms
06-27 17:02:27.310  8330  8330 I ActivityThread: Pub com.google.android.apps.plus.content.EsPicasaStoreProvider: com.google.android.picasastore.PicasaPhotoContentProvider
06-27 17:02:27.349  8330  8330 I ActivityThread: Pub com.google.plus.platform: com.google.android.apps.plus.content.AdsProvider
06-27 17:02:27.349  8330  8330 I ActivityThread: Pub com.google.android.apps.plus.iu.EsGoogleIuProvider: com.google.android.apps.plus.iu.InstantUploadProvider
06-27 17:02:27.372  8330  8330 I ActivityThread: Pub com.google.android.apps.plus.content.EsProvider: com.google.android.apps.plus.content.EsProvider
06-27 17:02:27.380   142   142 I ActivityManager: Process com.sirma.mobile.bible.android (pid 8255) has died.
06-27 17:02:27.438  8330  8332 D dalvikvm: GC_CONCURRENT freed 411K, 5% free 9558K/10055K, paused 2ms+4ms
06-27 17:02:27.497   142  2680 I ActivityManager: Start proc com.google.android.apps.docs for broadcast com.google.android.apps.docs/.receivers.NetworkChangeReceiver: pid=8350 uid=10078 gids={3003, 1015, 1006}
06-27 17:02:27.622  8350  8350 I ActivityThread: Pub com.google.android.apps.docs.files: com.google.android.apps.docs.sync.filemanager.FileProvider
06-27 17:02:27.622  8330  8349 D PicasaSync: sync account database
06-27 17:02:27.626  8350  8350 I ActivityThread: Pub com.google.android.apps.docs.doclist.search_suggest: com.google.android.apps.docs.doclist.DocListGlobalSearchSuggestionProvider
06-27 17:02:27.642  8350  8350 V /ContextScope.java:112: 17:02:27.644 main Contexts in the main scope map after inserting com.google.android.apps.docs.editors.EditorsApplication@4135e9f0: com.google.android.apps.docs.editors.EditorsApplication@4135e9f0
06-27 17:02:27.700  8350  8352 D dalvikvm: GC_CONCURRENT freed 230K, 4% free 9305K/9607K, paused 1ms+2ms
06-27 17:02:27.778   142   390 I ActivityManager: Process com.google.android.apps.plus (pid 8330) has died.
06-27 17:02:27.849  8350  8352 D dalvikvm: GC_CONCURRENT freed 506K, 6% free 9348K/9927K, paused 2ms+2ms
06-27 17:02:27.970  8350  8352 D dalvikvm: GC_CONCURRENT freed 512K, 6% free 9405K/9991K, paused 2ms+2ms
06-27 17:02:28.060  8350  8352 D dalvikvm: GC_CONCURRENT freed 503K, 6% free 9413K/9991K, paused 2ms+3ms
06-27 17:02:28.142  8350  8352 D dalvikvm: GC_CONCURRENT freed 542K, 7% free 9438K/10055K, paused 2ms+2ms
06-27 17:02:28.224  8350  8352 D dalvikvm: GC_CONCURRENT freed 477K, 6% free 9473K/10055K, paused 2ms+2ms
06-27 17:02:28.270  8350  8350 D dalvikvm: GC_FOR_ALLOC freed 255K, 6% free 9475K/10055K, paused 16ms
06-27 17:02:28.372  8350  8352 D dalvikvm: GC_CONCURRENT freed 437K, 6% free 9609K/10119K, paused 2ms+2ms
06-27 17:02:28.497  8350  8352 D dalvikvm: GC_CONCURRENT freed 498K, 6% free 9641K/10247K, paused 2ms+2ms
06-27 17:02:28.524  5975  5976 D dalvikvm: GC_CONCURRENT freed 1918K, 22% free 17074K/21767K, paused 6ms+5ms
06-27 17:02:28.630  8350  8352 D dalvikvm: GC_CONCURRENT freed 403K, 6% free 9730K/10247K, paused 2ms+2ms
06-27 17:02:28.763  8350  8352 D dalvikvm: GC_CONCURRENT freed 557K, 7% free 9736K/10375K, paused 1ms+2ms
06-27 17:02:28.868  8350  8352 D dalvikvm: GC_CONCURRENT freed 484K, 6% free 9763K/10375K, paused 2ms+3ms
06-27 17:02:28.935  8350  8350 D /Ln.java:220: 17:02:28.937 main Configuring Logging, minimum log level is INFO
06-27 17:02:28.974  8350  8352 D dalvikvm: GC_CONCURRENT freed 429K, 6% free 9778K/10375K, paused 2ms+2ms
06-27 17:02:28.977  8350  8350 D DocListDatabase: openHelper points on new database: DocList.db
06-27 17:02:28.977  8350  8350 D DocListDatabase: in openWriteDatabase
06-27 17:02:29.001  8350  8350 W ND      : Could not load Finalizer in its own class loader. Loading Finalizer in the current class loader instead. As a result, you will not be able to garbage collect this class loader. To support reclaiming this class loader, either resolve the underlying issue, or move Google Collections to your system class path.
06-27 17:02:29.001  8350  8350 W ND      : java.io.FileNotFoundException: com/google/inject/internal/Finalizer.class
06-27 17:02:29.001  8350  8350 W ND      : 	at NE.a(FinalizableReferenceQueue.java:269)
06-27 17:02:29.001  8350  8350 W ND      : 	at NE.a(FinalizableReferenceQueue.java:253)
06-27 17:02:29.001  8350  8350 W ND      : 	at ND.a(FinalizableReferenceQueue.java:175)
06-27 17:02:29.001  8350  8350 W ND      : 	at ND.<clinit>(FinalizableReferenceQueue.java:100)
06-27 17:02:29.001  8350  8350 W ND      : 	at OT.<clinit>(MapMaker.java:787)
06-27 17:02:29.001  8350  8350 W ND      : 	at Ph.<init>(MapMaker.java:946)
06-27 17:02:29.001  8350  8350 W ND      : 	at Pb.a(MapMaker.java:312)
06-27 17:02:29.001  8350  8350 W ND      : 	at OX.a(MapMaker.java:498)
06-27 17:02:29.001  8350  8350 W ND      : 	at OX.a(MapMaker.java:419)
06-27 17:02:29.001  8350  8350 W ND      : 	at Nb.get(CustomConcurrentHashMap.java:2029)
06-27 17:02:29.001  8350  8350 W ND      : 	at MM.a(BytecodeGen.java:149)
06-27 17:02:29.001  8350  8350 W ND      : 	at MM.a(BytecodeGen.java:132)
06-27 17:02:29.001  8350  8350 W ND      : 	at MX.a(ConstructionContext.java:80)
06-27 17:02:29.001  8350  8350 W ND      : 	at KG.a(ConstructorInjector.java:70)
06-27 17:02:29.001  8350  8350 W ND      : 	at KF.a(ConstructorBindingImpl.java:111)
06-27 17:02:29.001  8350  8350 W ND      : 	at LU.a(ProviderToInternalFactoryAdapter.java:45)
06-27 17:02:29.001  8350  8350 W ND      : 	at Li.a(InjectorImpl.java:811)
06-27 17:02:29.001  8350  8350 W ND      : 	at LT.a(ProviderToInternalFactoryAdapter.java:42)
06-27 17:02:29.001  8350  8350 W ND      : 	at Mc.a(Scopes.java:54)
06-27 17:02:29.001  8350  8350 W ND      : 	at Lz.a(InternalFactoryToProviderAdapter.java:48)
06-27 17:02:29.001  8350  8350 W ND      : 	at KR.a(FactoryProxy.java:56)
06-27 17:02:29.001  8350  8350 W ND      : 	at Mi.a(SingleParameterInjector.java:42)
06-27 17:02:29.001  8350  8350 W ND      : 	at Mi.a(SingleParameterInjector.java:66)
06-27 17:02:29.001  8350  8350 W ND      : 	at KG.a(ConstructorInjector.java:84)
06-27 17:02:29.001  8350  8350 W ND      : 	at KF.a(ConstructorBindingImpl.java:111)
06-27 17:02:29.001  8350  8350 W ND      : 	at KR.a(FactoryProxy.java:56)
06-27 17:02:29.001  8350  8350 W ND      : 	at Mi.a(SingleParameterInjector.java:42)
06-27 17:02:29.001  8350  8350 W ND      : 	at Mi.a(SingleParameterInjector.java:66)
06-27 17:02:29.001  8350  8350 W ND      : 	at KG.a(ConstructorInjector.java:84)
06-27 17:02:29.001  8350  8350 W ND      : 	at KF.a(ConstructorBindingImpl.java:111)
06-27 17:02:29.001  8350  8350 W ND      : 	at LU.a(ProviderToInternalFactoryAdapter.java:45)
06-27 17:02:29.001  8350  8350 W ND      : 	at Li.a(InjectorImpl.java:811)
06-27 17:02:29.001  8350  8350 W ND      : 	at LT.a(ProviderToInternalFactoryAdapter.java:42)
06-27 17:02:29.001  8350  8350 W ND      : 	at Mc.a(Scopes.java:54)
06-27 17:02:29.001  8350  8350 W ND      : 	at Lz.a(InternalFactoryToProviderAdapter.java:48)
06-27 17:02:29.001  8350  8350 W ND      : 	at Lg.a(InjectorBuilder.java:200)
06-27 17:02:29.001  8350  8350 W ND      : 	at Lg.a(InjectorBuilder.java:194)
06-27 17:02:29.001  8350  8350 W ND      : 	at Li.a(InjectorImpl.java:804)
06-27 17:02:29.001  8350  8350 W ND      : 	at Lf.a(InjectorBuilder.java:194)
06-27 17:02:29.001  8350  8350 W ND      : 	at Lf.b(InjectorBuilder.java:176)
06-27 17:02:29.001  8350  8350 W ND      : 	at Lf.a(InjectorBuilder.java:113)
06-27 17:02:29.001  8350  8350 W ND      : 	at KS.a(Guice.java:92)
06-27 17:02:29.001  8350  8350 W ND      : 	at roboguice.application.RoboApplication.b(RoboApplication.java:146)
06-27 17:02:29.001  8350  8350 W ND      : 	at roboguice.application.RoboApplication.a(RoboApplication.java:84)
06-27 17:02:29.001  8350  8350 W ND      : 	at com.google.android.apps.docs.GuiceContentProvider.a(GuiceContentProvider.java:36)
06-27 17:02:29.001  8350  8350 W ND      : 	at com.google.android.apps.docs.GuiceContentProvider.onCreate(GuiceContentProvider.java:27)
06-27 17:02:29.001  8350  8350 W ND      : 	at com.google.android.apps.docs.doclist.BaseSearchSuggestionProvider.onCreate(BaseSearchSuggestionProvider.java:88)
06-27 17:02:29.001  8350  8350 W ND      : 	at android.content.ContentProvider.attachInfo(ContentProvider.java:944)
06-27 17:02:29.001  8350  8350 W ND      : 	at android.app.ActivityThread.installProvider(ActivityThread.java:4237)
06-27 17:02:29.001  8350  8350 W ND      : 	at android.app.ActivityThread.installContentProviders(ActivityThread.java:3992)
06-27 17:02:29.001  8350  8350 W ND      : 	at android.app.ActivityThread.handleBindApplication(ActivityThread.java:3946)
06-27 17:02:29.001  8350  8350 W ND      : 	at android.app.ActivityThread.access$1300(ActivityThread.java:123)
06-27 17:02:29.001  8350  8350 W ND      : 	at android.app.ActivityThread$H.handleMessage(ActivityThread.java:1185)
06-27 17:02:29.001  8350  8350 W ND      : 	at android.os.Handler.dispatchMessage(Handler.java:99)
06-27 17:02:29.001  8350  8350 W ND      : 	at android.os.Looper.loop(Looper.java:137)
06-27 17:02:29.001  8350  8350 W ND      : 	at android.app.ActivityThread.main(ActivityThread.java:4424)
06-27 17:02:29.001  8350  8350 W ND      : 	at java.lang.reflect.Method.invokeNative(Native Method)
06-27 17:02:29.001  8350  8350 W ND      : 	at java.lang.reflect.Method.invoke(Method.java:511)
06-27 17:02:29.001  8350  8350 W ND      : 	at com.android.internal.os.ZygoteInit$MethodAndArgsCaller.run(ZygoteInit.java:784)
06-27 17:02:29.001  8350  8350 W ND      : 	at com.android.internal.os.ZygoteInit.main(ZygoteInit.java:551)
06-27 17:02:29.001  8350  8350 W ND      : 	at dalvik.system.NativeStart.main(Native Method)
06-27 17:02:29.009  8350  8350 I ND      : Failed to start reference finalizer thread. Reference cleanup will only occur when new references are created.
06-27 17:02:29.009  8350  8350 I ND      : java.lang.reflect.InvocationTargetException
06-27 17:02:29.009  8350  8350 I ND      : 	at java.lang.reflect.Method.invokeNative(Native Method)
06-27 17:02:29.009  8350  8350 I ND      : 	at java.lang.reflect.Method.invoke(Method.java:511)
06-27 17:02:29.009  8350  8350 I ND      : 	at ND.<init>(FinalizableReferenceQueue.java:124)
06-27 17:02:29.009  8350  8350 I ND      : 	at OT.<clinit>(MapMaker.java:787)
06-27 17:02:29.009  8350  8350 I ND      : 	at Ph.<init>(MapMaker.java:946)
06-27 17:02:29.009  8350  8350 I ND      : 	at Pb.a(MapMaker.java:312)
06-27 17:02:29.009  8350  8350 I ND      : 	at OX.a(MapMaker.java:498)
06-27 17:02:29.009  8350  8350 I ND      : 	at OX.a(MapMaker.java:419)
06-27 17:02:29.009  8350  8350 I ND      : 	at Nb.get(CustomConcurrentHashMap.java:2029)
06-27 17:02:29.009  8350  8350 I ND      : 	at MM.a(BytecodeGen.java:149)
06-27 17:02:29.009  8350  8350 I ND      : 	at MM.a(BytecodeGen.java:132)
06-27 17:02:29.009  8350  8350 I ND      : 	at MX.a(ConstructionContext.java:80)
06-27 17:02:29.009  8350  8350 I ND      : 	at KG.a(ConstructorInjector.java:70)
06-27 17:02:29.009  8350  8350 I ND      : 	at KF.a(ConstructorBindingImpl.java:111)
06-27 17:02:29.009  8350  8350 I ND      : 	at LU.a(ProviderToInternalFactoryAdapter.java:45)
06-27 17:02:29.009  8350  8350 I ND      : 	at Li.a(InjectorImpl.java:811)
06-27 17:02:29.009  8350  8350 I ND      : 	at LT.a(ProviderToInternalFactoryAdapter.java:42)
06-27 17:02:29.009  8350  8350 I ND      : 	at Mc.a(Scopes.java:54)
06-27 17:02:29.009  8350  8350 I ND      : 	at Lz.a(InternalFactoryToProviderAdapter.java:48)
06-27 17:02:29.009  8350  8350 I ND      : 	at KR.a(FactoryProxy.java:56)
06-27 17:02:29.009  8350  8350 I ND      : 	at Mi.a(SingleParameterInjector.java:42)
06-27 17:02:29.009  8350  8350 I ND      : 	at Mi.a(SingleParameterInjector.java:66)
06-27 17:02:29.009  8350  8350 I ND      : 	at KG.a(ConstructorInjector.java:84)
06-27 17:02:29.009  8350  8350 I ND      : 	at KF.a(ConstructorBindingImpl.java:111)
06-27 17:02:29.009  8350  8350 I ND      : 	at KR.a(FactoryProxy.java:56)
06-27 17:02:29.009  8350  8350 I ND      : 	at Mi.a(SingleParameterInjector.java:42)
06-27 17:02:29.009  8350  8350 I ND      : 	at Mi.a(SingleParameterInjector.java:66)
06-27 17:02:29.009  8350  8350 I ND      : 	at KG.a(ConstructorInjector.java:84)
06-27 17:02:29.009  8350  8350 I ND      : 	at KF.a(ConstructorBindingImpl.java:111)
06-27 17:02:29.009  8350  8350 I ND      : 	at LU.a(ProviderToInternalFactoryAdapter.java:45)
06-27 17:02:29.009  8350  8350 I ND      : 	at Li.a(InjectorImpl.java:811)
06-27 17:02:29.009  8350  8350 I ND      : 	at LT.a(ProviderToInternalFactoryAdapter.java:42)
06-27 17:02:29.009  8350  8350 I ND      : 	at Mc.a(Scopes.java:54)
06-27 17:02:29.009  8350  8350 I ND      : 	at Lz.a(InternalFactoryToProviderAdapter.java:48)
06-27 17:02:29.009  8350  8350 I ND      : 	at Lg.a(InjectorBuilder.java:200)
06-27 17:02:29.009  8350  8350 I ND      : 	at Lg.a(InjectorBuilder.java:194)
06-27 17:02:29.009  8350  8350 I ND      : 	at Li.a(InjectorImpl.java:804)
06-27 17:02:29.009  8350  8350 I ND      : 	at Lf.a(InjectorBuilder.java:194)
06-27 17:02:29.009  8350  8350 I ND      : 	at Lf.b(InjectorBuilder.java:176)
06-27 17:02:29.009  8350  8350 I ND      : 	at Lf.a(InjectorBuilder.java:113)
06-27 17:02:29.009  8350  8350 I ND      : 	at KS.a(Guice.java:92)
06-27 17:02:29.009  8350  8350 I ND      : 	at roboguice.application.RoboApplication.b(RoboApplication.java:146)
06-27 17:02:29.009  8350  8350 I ND      : 	at roboguice.application.RoboApplication.a(RoboApplication.java:84)
06-27 17:02:29.009  8350  8350 I ND      : 	at com.google.android.apps.docs.GuiceContentProvider.a(GuiceContentProvider.java:36)
06-27 17:02:29.009  8350  8350 I ND      : 	at com.google.android.apps.docs.GuiceContentProvider.onCreate(GuiceContentProvider.java:27)
06-27 17:02:29.009  8350  8350 I ND      : 	at com.google.android.apps.docs.doclist.BaseSearchSuggestionProvider.onCreate(BaseSearchSuggestionProvider.java:88)
06-27 17:02:29.009  8350  8350 I ND      : 	at android.content.ContentProvider.attachInfo(ContentProvider.java:944)
06-27 17:02:29.009  8350  8350 I ND      : 	at android.app.ActivityThread.installProvider(ActivityThread.java:4237)
06-27 17:02:29.009  8350  8350 I ND      : 	at android.app.ActivityThread.installContentProviders(ActivityThread.java:3992)
06-27 17:02:29.009  8350  8350 I ND      : 	at android.app.ActivityThread.handleBindApplication(ActivityThread.java:3946)
06-27 17:02:29.009  8350  8350 I ND      : 	at android.app.ActivityThread.access$1300(ActivityThread.java:123)
06-27 17:02:29.009  8350  8350 I ND      : 	at android.app.ActivityThread$H.handleMessage(ActivityThread.java:1185)
06-27 17:02:29.009  8350  8350 I ND      : 	at android.os.Handler.dispatchMessage(Handler.java:99)
06-27 17:02:29.009  8350  8350 I ND      : 	at android.os.Looper.loop(Looper.java:137)
06-27 17:02:29.009  8350  8350 I ND      : 	at android.app.ActivityThread.main(ActivityThread.java:4424)
06-27 17:02:29.009  8350  8350 I ND      : 	at java.lang.reflect.Method.invokeNative(Native Method)
06-27 17:02:29.009  8350  8350 I ND      : 	at java.lang.reflect.Method.invoke(Method.java:511)
06-27 17:02:29.009  8350  8350 I ND      : 	at com.android.internal.os.ZygoteInit$MethodAndArgsCaller.run(ZygoteInit.java:784)
06-27 17:02:29.009  8350  8350 I ND      : 	at com.android.internal.os.ZygoteInit.main(ZygoteInit.java:551)
06-27 17:02:29.009  8350  8350 I ND      : 	at dalvik.system.NativeStart.main(Native Method)
06-27 17:02:29.009  8350  8350 I ND      : Caused by: java.lang.IllegalArgumentException: Expected com.google.inject.internal.FinalizableReference.
06-27 17:02:29.009  8350  8350 I ND      : 	at NK.startFinalizer(Finalizer.java:77)
06-27 17:02:29.009  8350  8350 I ND      : 	... 60 more
06-27 17:02:29.083  8350  8350 I ActivityThread: Pub com.google.android.apps.docs.doclist.account_suggest: com.google.android.apps.docs.doclist.DocListAccountSuggestionProvider
06-27 17:02:29.087  8350  8350 I ActivityThread: Pub com.google.android.apps.docs: com.google.android.apps.docs.providers.DocListProvider
06-27 17:02:29.091  8350  8352 D dalvikvm: GC_CONCURRENT freed 429K, 5% free 9857K/10375K, paused 2ms+3ms
06-27 17:02:29.142   142   390 I ActivityManager: Start proc com.sirma.mobile.bible.android for broadcast com.sirma.mobile.bible.android/com.youversion.mobile.android.BaseActivity$BroadcastListener: pid=8372 uid=10065 gids={3003, 1015}
06-27 17:02:29.149  8372  8372 I dalvikvm: Turning on JNI app bug workarounds for target SDK version 9...
06-27 17:02:29.259  8372  8376 D dalvikvm: GC_CONCURRENT freed 164K, 3% free 9372K/9607K, paused 2ms+2ms
06-27 17:02:29.267  8372  8372 I ActivityThread: Pub com.youversion.mobile.android.SuggestionProvider: com.youversion.mobile.android.SearchSuggestionProvider
06-27 17:02:29.282  8372  8372 D Bible - Misc: =============== App Started ===============
06-27 17:02:29.485   142  2680 I ActivityManager: Process android.process.media (pid 8289) has died.
06-27 17:02:29.665   142  4863 I ActivityManager: Start proc com.sirma.mobile.bible.android:com.urbanairship.push.process for service com.sirma.mobile.bible.android/com.urbanairship.push.PushService: pid=8387 uid=10065 gids={3003, 1015}
06-27 17:02:29.681  8387  8387 I dalvikvm: Turning on JNI app bug workarounds for target SDK version 9...
06-27 17:02:29.727   142   342 I ActivityManager: Start proc android.process.media for broadcast com.android.providers.downloads/.DownloadReceiver: pid=8407 uid=10012 gids={1015, 1023, 1024, 2001, 3003, 3007}
06-27 17:02:29.767  8407  8407 I ActivityThread: Pub downloads: com.android.providers.downloads.DownloadProvider
06-27 17:02:29.798  8407  8407 I ActivityThread: Pub drm: com.android.providers.drm.DrmProvider
06-27 17:02:29.810  8407  8420 I DownloadManager: in removeSpuriousFiles
06-27 17:02:29.813  8407  8407 I ActivityThread: Pub media: com.android.providers.media.MediaProvider
06-27 17:02:29.845   142  1761 I ActivityManager: Process com.google.android.apps.docs (pid 8350) has died.
06-27 17:02:29.880  8387  8389 D dalvikvm: GC_CONCURRENT freed 169K, 3% free 9367K/9607K, paused 2ms+2ms
06-27 17:02:30.040   142   158 I Process : Sending signal. PID: 5975 SIG: 3
06-27 17:02:30.040  5975  5977 I dalvikvm: threadid=3: reacting to signal 3
06-27 17:02:30.052  5975  5977 I dalvikvm: Wrote stack traces to '/data/anr/traces.txt'
06-27 17:02:30.056   142   158 I Process : Sending signal. PID: 5975 SIG: 3
06-27 17:02:30.056   142   158 W ActivityManager: Activity pause timeout for ActivityRecord{41ad9540 com.amazon.kindle/com.amazon.kcp.reader.StandAloneBookReaderActivity}
06-27 17:02:30.060  5975  5977 I dalvikvm: threadid=3: reacting to signal 3
06-27 17:02:30.075  5975  5977 I dalvikvm: Wrote stack traces to '/data/anr/traces.txt'
06-27 17:02:30.134  8407  8420 I DownloadManager: in removeSpuriousFiles, preserving file /mnt/sdcard/Download/Swype-Installer-2.apk
06-27 17:02:30.134  8407  8420 I DownloadManager: in removeSpuriousFiles, preserving file /mnt/sdcard/Download/manual_Gourmet_8ID.pdf
06-27 17:02:30.134  8407  8420 I DownloadManager: in removeSpuriousFiles, preserving file /data/data/com.android.providers.downloads/cache/metadata.json
06-27 17:02:30.134  8407  8420 I DownloadManager: deleting spurious file /cache/backup
06-27 17:02:30.267  8372  8376 D dalvikvm: GC_CONCURRENT freed 314K, 5% free 9490K/9927K, paused 1ms+2ms
06-27 17:02:30.587   142   158 I Process : Sending signal. PID: 5975 SIG: 3
06-27 17:02:30.587  5975  5977 I dalvikvm: threadid=3: reacting to signal 3
06-27 17:02:30.657  5975  5977 I dalvikvm: Wrote stack traces to '/data/anr/traces.txt'
06-27 17:02:30.661  8387  8387 D Misc    : skipping BibleApp initialization on non-main process
06-27 17:02:30.720  8372  8406 E dalvikvm: ERROR: defineClass(0x40a4c4d0, reflectasm.java.util.HashtableConstructorAccess, 0x4139eb50, 0, 296)
06-27 17:02:30.720  8372  8406 E dalvikvm: ERROR: defineClass(0x41334590, reflectasm.java.util.HashtableConstructorAccess, 0x4139eb50, 0, 296)
06-27 17:02:30.727  8372  8406 E dalvikvm: ERROR: defineClass(0x41328660, com.youversion.api.objects.BookCollectionConstructorAccess, 0x413b7920, 0, 329)
06-27 17:02:30.727  8372  8406 E dalvikvm: ERROR: defineClass(0x41340190, com.youversion.api.objects.BookCollectionConstructorAccess, 0x413b7920, 0, 329)
06-27 17:02:30.731  8372  8406 E dalvikvm: ERROR: defineClass(0x40a4c4d0, reflectasm.java.util.VectorConstructorAccess, 0x413dac18, 0, 290)
06-27 17:02:30.731  8372  8406 E dalvikvm: ERROR: defineClass(0x413c30f0, reflectasm.java.util.VectorConstructorAccess, 0x413dac18, 0, 290)
06-27 17:02:30.731  8372  8406 E dalvikvm: ERROR: defineClass(0x41328660, com.youversion.api.objects.BookConstructorAccess, 0x413ad4b8, 0, 309)
06-27 17:02:30.731  8372  8406 E dalvikvm: ERROR: defineClass(0x41335720, com.youversion.api.objects.BookConstructorAccess, 0x413ad4b8, 0, 309)
06-27 17:02:30.778  8407  8409 D dalvikvm: GC_CONCURRENT freed 370K, 5% free 9166K/9607K, paused 2ms+2ms
06-27 17:02:30.841  8307  8307 I MediaUploader: No need to wake up
06-27 17:02:30.864   142   592 I ActivityManager: Start proc com.google.android.apps.plus for broadcast com.google.android.apps.plus/com.google.android.picasasync.ConnectivityReceiver: pid=8431 uid=10072 gids={3003, 3002, 1015, 1006}
06-27 17:02:30.977  8431  8434 D dalvikvm: GC_CONCURRENT freed 172K, 3% free 9364K/9607K, paused 2ms+2ms
06-27 17:02:30.989  8431  8431 I ActivityThread: Pub com.google.android.apps.plus.content.ApiProvider: com.google.android.apps.plus.content.EsApiProvider
06-27 17:02:30.997  8431  8431 I ActivityThread: Pub com.google.android.apps.plus.content.EsGooglePhotoProvider: com.google.android.picasasync.PicasaContentProvider
06-27 17:02:31.067  8431  8434 D dalvikvm: GC_CONCURRENT freed 485K, 6% free 9430K/9991K, paused 2ms+2ms
06-27 17:02:31.067  8431  8431 I ActivityThread: Pub com.google.android.apps.plus.content.EsPicasaStoreProvider: com.google.android.picasastore.PicasaPhotoContentProvider
06-27 17:02:31.087  8431  8431 I ActivityThread: Pub com.google.plus.platform: com.google.android.apps.plus.content.AdsProvider
06-27 17:02:31.087  8431  8431 I ActivityThread: Pub com.google.android.apps.plus.iu.EsGoogleIuProvider: com.google.android.apps.plus.iu.InstantUploadProvider
06-27 17:02:31.110  8431  8431 I ActivityThread: Pub com.google.android.apps.plus.content.EsProvider: com.google.android.apps.plus.content.EsProvider
06-27 17:02:31.149  8431  8434 D dalvikvm: GC_CONCURRENT freed 412K, 6% free 9548K/10055K, paused 2ms+3ms
06-27 17:02:31.185   142  1213 I ActivityManager: Process com.sirma.mobile.bible.android (pid 8372) has died.
06-27 17:02:31.243   142   342 I ActivityManager: Start proc com.google.android.apps.docs for broadcast com.google.android.apps.docs/.receivers.NetworkChangeReceiver: pid=8450 uid=10078 gids={3003, 1015, 1006}
06-27 17:02:31.290    80    80 D dalvikvm: GC_EXPLICIT freed 38K, 4% free 9031K/9347K, paused 3ms+9ms
06-27 17:02:31.356    80    80 D dalvikvm: GC_EXPLICIT freed <1K, 4% free 9031K/9347K, paused 16ms+2ms
06-27 17:02:31.399    80    80 D dalvikvm: GC_EXPLICIT freed <1K, 4% free 9031K/9347K, paused 2ms+2ms
06-27 17:02:31.403  8450  8450 I ActivityThread: Pub com.google.android.apps.docs.files: com.google.android.apps.docs.sync.filemanager.FileProvider
06-27 17:02:31.407  8450  8450 I ActivityThread: Pub com.google.android.apps.docs.doclist.search_suggest: com.google.android.apps.docs.doclist.DocListGlobalSearchSuggestionProvider
06-27 17:02:31.423  8450  8450 V /ContextScope.java:112: 17:02:31.423 main Contexts in the main scope map after inserting com.google.android.apps.docs.editors.EditorsApplication@41363040: com.google.android.apps.docs.editors.EditorsApplication@41363040
06-27 17:02:31.435  8431  8445 D PicasaPhotoCP: set fsid first time:-1
06-27 17:02:31.474  8450  8452 D dalvikvm: GC_CONCURRENT freed 236K, 4% free 9299K/9607K, paused 2ms+2ms
06-27 17:02:31.540  8431  8449 D PicasaSync: sync account database
06-27 17:02:31.563   142   592 I ActivityManager: Process com.sirma.mobile.bible.android:com.urbanairship.push.process (pid 8387) has died.
06-27 17:02:31.634  8450  8452 D dalvikvm: GC_CONCURRENT freed 505K, 6% free 9349K/9927K, paused 2ms+4ms
06-27 17:02:31.747  8450  8452 D dalvikvm: GC_CONCURRENT freed 538K, 7% free 9379K/9991K, paused 1ms+2ms
06-27 17:02:31.829  8450  8452 D dalvikvm: GC_CONCURRENT freed 477K, 6% free 9413K/9991K, paused 2ms+3ms
06-27 17:02:31.915  8450  8452 D dalvikvm: GC_CONCURRENT freed 544K, 7% free 9436K/10055K, paused 2ms+2ms
06-27 17:02:31.958  8431  8449 D PicasaSync: accounts in DB=1
06-27 17:02:31.997  8450  8452 D dalvikvm: GC_CONCURRENT freed 469K, 6% free 9478K/10055K, paused 2ms+3ms
06-27 17:02:32.048  8431  8449 D PicasaSyncManager: active network: NetworkInfo: type: WIFI[], state: CONNECTED/CONNECTED, reason: (unspecified), extra: (none), roaming: false, failover: false, isAvailable: true
06-27 17:02:32.048  8431  8449 D PicasaSyncManager: background data: true
06-27 17:02:32.087  8450  8452 D dalvikvm: GC_CONCURRENT freed 539K, 7% free 9505K/10119K, paused 1ms+3ms
06-27 17:02:32.200  8450  8452 D dalvikvm: GC_CONCURRENT freed 440K, 6% free 9576K/10119K, paused 1ms+2ms
06-27 17:02:32.313  8431  8434 D dalvikvm: GC_CONCURRENT freed 272K, 4% free 9725K/10119K, paused 55ms+2ms
06-27 17:02:32.325  8450  8452 D dalvikvm: GC_CONCURRENT freed 460K, 6% free 9651K/10183K, paused 1ms+3ms
06-27 17:02:32.435  8450  8452 D dalvikvm: GC_CONCURRENT freed 469K, 6% free 9705K/10247K, paused 2ms+3ms
06-27 17:02:32.505  8431  8449 D PicasaSyncManager: battery info: false
06-27 17:02:32.567  8450  8452 D dalvikvm: GC_CONCURRENT freed 414K, 6% free 9784K/10311K, paused 2ms+3ms
06-27 17:02:32.673  8450  8452 D dalvikvm: GC_CONCURRENT freed 513K, 6% free 9784K/10375K, paused 1ms+3ms
06-27 17:02:32.696  8450  8450 D /Ln.java:220: 17:02:32.700 main Configuring Logging, minimum log level is INFO
06-27 17:02:32.712  8450  8450 D DocListDatabase: openHelper points on new database: DocList.db
06-27 17:02:32.712  8450  8450 D DocListDatabase: in openWriteDatabase
06-27 17:02:32.731  8450  8450 W ND      : Could not load Finalizer in its own class loader. Loading Finalizer in the current class loader instead. As a result, you will not be able to garbage collect this class loader. To support reclaiming this class loader, either resolve the underlying issue, or move Google Collections to your system class path.
06-27 17:02:32.731  8450  8450 W ND      : java.io.FileNotFoundException: com/google/inject/internal/Finalizer.class
06-27 17:02:32.731  8450  8450 W ND      : 	at NE.a(FinalizableReferenceQueue.java:269)
06-27 17:02:32.731  8450  8450 W ND      : 	at NE.a(FinalizableReferenceQueue.java:253)
06-27 17:02:32.731  8450  8450 W ND      : 	at ND.a(FinalizableReferenceQueue.java:175)
06-27 17:02:32.731  8450  8450 W ND      : 	at ND.<clinit>(FinalizableReferenceQueue.java:100)
06-27 17:02:32.731  8450  8450 W ND      : 	at OT.<clinit>(MapMaker.java:787)
06-27 17:02:32.731  8450  8450 W ND      : 	at Ph.<init>(MapMaker.java:946)
06-27 17:02:32.731  8450  8450 W ND      : 	at Pb.a(MapMaker.java:312)
06-27 17:02:32.731  8450  8450 W ND      : 	at OX.a(MapMaker.java:498)
06-27 17:02:32.731  8450  8450 W ND      : 	at OX.a(MapMaker.java:419)
06-27 17:02:32.731  8450  8450 W ND      : 	at Nb.get(CustomConcurrentHashMap.java:2029)
06-27 17:02:32.731  8450  8450 W ND      : 	at MM.a(BytecodeGen.java:149)
06-27 17:02:32.731  8450  8450 W ND      : 	at MM.a(BytecodeGen.java:132)
06-27 17:02:32.731  8450  8450 W ND      : 	at MX.a(ConstructionContext.java:80)
06-27 17:02:32.731  8450  8450 W ND      : 	at KG.a(ConstructorInjector.java:70)
06-27 17:02:32.731  8450  8450 W ND      : 	at KF.a(ConstructorBindingImpl.java:111)
06-27 17:02:32.731  8450  8450 W ND      : 	at LU.a(ProviderToInternalFactoryAdapter.java:45)
06-27 17:02:32.731  8450  8450 W ND      : 	at Li.a(InjectorImpl.java:811)
06-27 17:02:32.731  8450  8450 W ND      : 	at LT.a(ProviderToInternalFactoryAdapter.java:42)
06-27 17:02:32.731  8450  8450 W ND      : 	at Mc.a(Scopes.java:54)
06-27 17:02:32.731  8450  8450 W ND      : 	at Lz.a(InternalFactoryToProviderAdapter.java:48)
06-27 17:02:32.731  8450  8450 W ND      : 	at KR.a(FactoryProxy.java:56)
06-27 17:02:32.731  8450  8450 W ND      : 	at Mi.a(SingleParameterInjector.java:42)
06-27 17:02:32.731  8450  8450 W ND      : 	at Mi.a(SingleParameterInjector.java:66)
06-27 17:02:32.731  8450  8450 W ND      : 	at KG.a(ConstructorInjector.java:84)
06-27 17:02:32.731  8450  8450 W ND      : 	at KF.a(ConstructorBindingImpl.java:111)
06-27 17:02:32.731  8450  8450 W ND      : 	at KR.a(FactoryProxy.java:56)
06-27 17:02:32.731  8450  8450 W ND      : 	at Mi.a(SingleParameterInjector.java:42)
06-27 17:02:32.731  8450  8450 W ND      : 	at Mi.a(SingleParameterInjector.java:66)
06-27 17:02:32.731  8450  8450 W ND      : 	at KG.a(ConstructorInjector.java:84)
06-27 17:02:32.731  8450  8450 W ND      : 	at KF.a(ConstructorBindingImpl.java:111)
06-27 17:02:32.731  8450  8450 W ND      : 	at LU.a(ProviderToInternalFactoryAdapter.java:45)
06-27 17:02:32.731  8450  8450 W ND      : 	at Li.a(InjectorImpl.java:811)
06-27 17:02:32.731  8450  8450 W ND      : 	at LT.a(ProviderToInternalFactoryAdapter.java:42)
06-27 17:02:32.731  8450  8450 W ND      : 	at Mc.a(Scopes.java:54)
06-27 17:02:32.731  8450  8450 W ND      : 	at Lz.a(InternalFactoryToProviderAdapter.java:48)
06-27 17:02:32.731  8450  8450 W ND      : 	at Lg.a(InjectorBuilder.java:200)
06-27 17:02:32.731  8450  8450 W ND      : 	at Lg.a(InjectorBuilder.java:194)
06-27 17:02:32.731  8450  8450 W ND      : 	at Li.a(InjectorImpl.java:804)
06-27 17:02:32.731  8450  8450 W ND      : 	at Lf.a(InjectorBuilder.java:194)
06-27 17:02:32.731  8450  8450 W ND      : 	at Lf.b(InjectorBuilder.java:176)
06-27 17:02:32.731  8450  8450 W ND      : 	at Lf.a(InjectorBuilder.java:113)
06-27 17:02:32.731  8450  8450 W ND      : 	at KS.a(Guice.java:92)
06-27 17:02:32.731  8450  8450 W ND      : 	at roboguice.application.RoboApplication.b(RoboApplication.java:146)
06-27 17:02:32.731  8450  8450 W ND      : 	at roboguice.application.RoboApplication.a(RoboApplication.java:84)
06-27 17:02:32.731  8450  8450 W ND      : 	at com.google.android.apps.docs.GuiceContentProvider.a(GuiceContentProvider.java:36)
06-27 17:02:32.731  8450  8450 W ND      : 	at com.google.android.apps.docs.GuiceContentProvider.onCreate(GuiceContentProvider.java:27)
06-27 17:02:32.731  8450  8450 W ND      : 	at com.google.android.apps.docs.doclist.BaseSearchSuggestionProvider.onCreate(BaseSearchSuggestionProvider.java:88)
06-27 17:02:32.731  8450  8450 W ND      : 	at android.content.ContentProvider.attachInfo(ContentProvider.java:944)
06-27 17:02:32.731  8450  8450 W ND      : 	at android.app.ActivityThread.installProvider(ActivityThread.java:4237)
06-27 17:02:32.731  8450  8450 W ND      : 	at android.app.ActivityThread.installContentProviders(ActivityThread.java:3992)
06-27 17:02:32.731  8450  8450 W ND      : 	at android.app.ActivityThread.handleBindApplication(ActivityThread.java:3946)
06-27 17:02:32.731  8450  8450 W ND      : 	at android.app.ActivityThread.access$1300(ActivityThread.java:123)
06-27 17:02:32.731  8450  8450 W ND      : 	at android.app.ActivityThread$H.handleMessage(ActivityThread.java:1185)
06-27 17:02:32.731  8450  8450 W ND      : 	at android.os.Handler.dispatchMessage(Handler.java:99)
06-27 17:02:32.731  8450  8450 W ND      : 	at android.os.Looper.loop(Looper.java:137)
06-27 17:02:32.731  8450  8450 W ND      : 	at android.app.ActivityThread.main(ActivityThread.java:4424)
06-27 17:02:32.731  8450  8450 W ND      : 	at java.lang.reflect.Method.invokeNative(Native Method)
06-27 17:02:32.731  8450  8450 W ND      : 	at java.lang.reflect.Method.invoke(Method.java:511)
06-27 17:02:32.731  8450  8450 W ND      : 	at com.android.internal.os.ZygoteInit$MethodAndArgsCaller.run(ZygoteInit.java:784)
06-27 17:02:32.731  8450  8450 W ND      : 	at com.android.internal.os.ZygoteInit.main(ZygoteInit.java:551)
06-27 17:02:32.731  8450  8450 W ND      : 	at dalvik.system.NativeStart.main(Native Method)
06-27 17:02:32.759  8450  8450 I ND      : Failed to start reference finalizer thread. Reference cleanup will only occur when new references are created.
06-27 17:02:32.759  8450  8450 I ND      : java.lang.reflect.InvocationTargetException
06-27 17:02:32.759  8450  8450 I ND      : 	at java.lang.reflect.Method.invokeNative(Native Method)
06-27 17:02:32.759  8450  8450 I ND      : 	at java.lang.reflect.Method.invoke(Method.java:511)
06-27 17:02:32.759  8450  8450 I ND      : 	at ND.<init>(FinalizableReferenceQueue.java:124)
06-27 17:02:32.759  8450  8450 I ND      : 	at OT.<clinit>(MapMaker.java:787)
06-27 17:02:32.759  8450  8450 I ND      : 	at Ph.<init>(MapMaker.java:946)
06-27 17:02:32.759  8450  8450 I ND      : 	at Pb.a(MapMaker.java:312)
06-27 17:02:32.759  8450  8450 I ND      : 	at OX.a(MapMaker.java:498)
06-27 17:02:32.759  8450  8450 I ND      : 	at OX.a(MapMaker.java:419)
06-27 17:02:32.759  8450  8450 I ND      : 	at Nb.get(CustomConcurrentHashMap.java:2029)
06-27 17:02:32.759  8450  8450 I ND      : 	at MM.a(BytecodeGen.java:149)
06-27 17:02:32.759  8450  8450 I ND      : 	at MM.a(BytecodeGen.java:132)
06-27 17:02:32.759  8450  8450 I ND      : 	at MX.a(ConstructionContext.java:80)
06-27 17:02:32.759  8450  8450 I ND      : 	at KG.a(ConstructorInjector.java:70)
06-27 17:02:32.759  8450  8450 I ND      : 	at KF.a(ConstructorBindingImpl.java:111)
06-27 17:02:32.759  8450  8450 I ND      : 	at LU.a(ProviderToInternalFactoryAdapter.java:45)
06-27 17:02:32.759  8450  8450 I ND      : 	at Li.a(InjectorImpl.java:811)
06-27 17:02:32.759  8450  8450 I ND      : 	at LT.a(ProviderToInternalFactoryAdapter.java:42)
06-27 17:02:32.759  8450  8450 I ND      : 	at Mc.a(Scopes.java:54)
06-27 17:02:32.759  8450  8450 I ND      : 	at Lz.a(InternalFactoryToProviderAdapter.java:48)
06-27 17:02:32.759  8450  8450 I ND      : 	at KR.a(FactoryProxy.java:56)
06-27 17:02:32.759  8450  8450 I ND      : 	at Mi.a(SingleParameterInjector.java:42)
06-27 17:02:32.759  8450  8450 I ND      : 	at Mi.a(SingleParameterInjector.java:66)
06-27 17:02:32.759  8450  8450 I ND      : 	at KG.a(ConstructorInjector.java:84)
06-27 17:02:32.759  8450  8450 I ND      : 	at KF.a(ConstructorBindingImpl.java:111)
06-27 17:02:32.759  8450  8450 I ND      : 	at KR.a(FactoryProxy.java:56)
06-27 17:02:32.759  8450  8450 I ND      : 	at Mi.a(SingleParameterInjector.java:42)
06-27 17:02:32.759  8450  8450 I ND      : 	at Mi.a(SingleParameterInjector.java:66)
06-27 17:02:32.759  8450  8450 I ND      : 	at KG.a(ConstructorInjector.java:84)
06-27 17:02:32.759  8450  8450 I ND      : 	at KF.a(ConstructorBindingImpl.java:111)
06-27 17:02:32.759  8450  8450 I ND      : 	at LU.a(ProviderToInternalFactoryAdapter.java:45)
06-27 17:02:32.759  8450  8450 I ND      : 	at Li.a(InjectorImpl.java:811)
06-27 17:02:32.759  8450  8450 I ND      : 	at LT.a(ProviderToInternalFactoryAdapter.java:42)
06-27 17:02:32.759  8450  8450 I ND      : 	at Mc.a(Scopes.java:54)
06-27 17:02:32.759  8450  8450 I ND      : 	at Lz.a(InternalFactoryToProviderAdapter.java:48)
06-27 17:02:32.759  8450  8450 I ND      : 	at Lg.a(InjectorBuilder.java:200)
06-27 17:02:32.759  8450  8450 I ND      : 	at Lg.a(InjectorBuilder.java:194)
06-27 17:02:32.759  8450  8450 I ND      : 	at Li.a(InjectorImpl.java:804)
06-27 17:02:32.759  8450  8450 I ND      : 	at Lf.a(InjectorBuilder.java:194)
06-27 17:02:32.759  8450  8450 I ND      : 	at Lf.b(InjectorBuilder.java:176)
06-27 17:02:32.759  8450  8450 I ND      : 	at Lf.a(InjectorBuilder.java:113)
06-27 17:02:32.759  8450  8450 I ND      : 	at KS.a(Guice.java:92)
06-27 17:02:32.759  8450  8450 I ND      : 	at roboguice.application.RoboApplication.b(RoboApplication.java:146)
06-27 17:02:32.759  8450  8450 I ND      : 	at roboguice.application.RoboApplication.a(RoboApplication.java:84)
06-27 17:02:32.759  8450  8450 I ND      : 	at com.google.android.apps.docs.GuiceContentProvider.a(GuiceContentProvider.java:36)
06-27 17:02:32.759  8450  8450 I ND      : 	at com.google.android.apps.docs.GuiceContentProvider.onCreate(GuiceContentProvider.java:27)
06-27 17:02:32.759  8450  8450 I ND      : 	at com.google.android.apps.docs.doclist.BaseSearchSuggestionProvider.onCreate(BaseSearchSuggestionProvider.java:88)
06-27 17:02:32.759  8450  8450 I ND      : 	at android.content.ContentProvider.attachInfo(ContentProvider.java:944)
06-27 17:02:32.759  8450  8450 I ND      : 	at android.app.ActivityThread.installProvider(ActivityThread.java:4237)
06-27 17:02:32.759  8450  8450 I ND      : 	at android.app.ActivityThread.installContentProviders(ActivityThread.java:3992)
06-27 17:02:32.759  8450  8450 I ND      : 	at android.app.ActivityThread.handleBindApplication(ActivityThread.java:3946)
06-27 17:02:32.759  8450  8450 I ND      : 	at android.app.ActivityThread.access$1300(ActivityThread.java:123)
06-27 17:02:32.759  8450  8450 I ND      : 	at android.app.ActivityThread$H.handleMessage(ActivityThread.java:1185)
06-27 17:02:32.759  8450  8450 I ND      : 	at android.os.Handler.dispatchMessage(Handler.java:99)
06-27 17:02:32.759  8450  8450 I ND      : 	at android.os.Looper.loop(Looper.java:137)
06-27 17:02:32.759  8450  8450 I ND      : 	at android.app.ActivityThread.main(ActivityThread.java:4424)
06-27 17:02:32.759  8450  8450 I ND      : 	at java.lang.reflect.Method.invokeNative(Native Method)
06-27 17:02:32.759  8450  8450 I ND      : 	at java.lang.reflect.Method.invoke(Method.java:511)
06-27 17:02:32.759  8450  8450 I ND      : 	at com.android.internal.os.ZygoteInit$MethodAndArgsCaller.run(ZygoteInit.java:784)
06-27 17:02:32.759  8450  8450 I ND      : 	at com.android.internal.os.ZygoteInit.main(ZygoteInit.java:551)
06-27 17:02:32.759  8450  8450 I ND      : 	at dalvik.system.NativeStart.main(Native Method)
06-27 17:02:32.759  8450  8450 I ND      : Caused by: java.lang.IllegalArgumentException: Expected com.google.inject.internal.FinalizableReference.
06-27 17:02:32.759  8450  8450 I ND      : 	at NK.startFinalizer(Finalizer.java:77)
06-27 17:02:32.759  8450  8450 I ND      : 	... 60 more
06-27 17:02:32.782  8450  8452 D dalvikvm: GC_CONCURRENT freed 452K, 6% free 9843K/10375K, paused 6ms+5ms
06-27 17:02:32.813  8450  8450 I ActivityThread: Pub com.google.android.apps.docs.doclist.account_suggest: com.google.android.apps.docs.doclist.DocListAccountSuggestionProvider
06-27 17:02:32.821  8450  8450 I ActivityThread: Pub com.google.android.apps.docs: com.google.android.apps.docs.providers.DocListProvider
06-27 17:02:32.860   142   390 I ActivityManager: Start proc com.sirma.mobile.bible.android for broadcast com.sirma.mobile.bible.android/com.youversion.mobile.android.BaseActivity$BroadcastListener: pid=8471 uid=10065 gids={3003, 1015}
06-27 17:02:32.868  8471  8471 I dalvikvm: Turning on JNI app bug workarounds for target SDK version 9...
06-27 17:02:32.950   142   394 I ActivityManager: Process com.google.android.apps.uploader (pid 8307) has died.
06-27 17:02:32.985  8471  8473 D dalvikvm: GC_CONCURRENT freed 151K, 3% free 9385K/9607K, paused 2ms+2ms
06-27 17:02:33.020  8471  8471 I ActivityThread: Pub com.youversion.mobile.android.SuggestionProvider: com.youversion.mobile.android.SearchSuggestionProvider
06-27 17:02:33.130   142   145 D dalvikvm: GC_CONCURRENT freed 1910K, 25% free 18896K/25095K, paused 12ms+16ms
06-27 17:02:33.142  8471  8471 D Bible - Misc: =============== App Started ===============
06-27 17:02:33.450   142   158 I Process : Sending signal. PID: 5975 SIG: 3
06-27 17:02:33.450  5975  5977 I dalvikvm: threadid=3: reacting to signal 3
06-27 17:02:33.458  8450  8452 D dalvikvm: GC_CONCURRENT freed 415K, 6% free 9842K/10439K, paused 47ms+80ms
06-27 17:02:33.509  8431  8434 D dalvikvm: GC_CONCURRENT freed 133K, 3% free 9997K/10247K, paused 19ms+32ms
06-27 17:02:33.587  8431  8446 D dalvikvm: GC_FOR_ALLOC freed 273K, 4% free 10148K/10567K, paused 17ms
06-27 17:02:33.587  8431  8446 I dalvikvm-heap: Grow heap (frag case) to 10.227MB for 260112-byte allocation
06-27 17:02:33.606  8431  8446 D dalvikvm: GC_FOR_ALLOC freed 126K, 6% free 10276K/10823K, paused 18ms
06-27 17:02:33.642  5975  5977 I dalvikvm: Wrote stack traces to '/data/anr/traces.txt'
06-27 17:02:33.645   142   158 I Process : Sending signal. PID: 5975 SIG: 3
06-27 17:02:33.645  5975  5977 I dalvikvm: threadid=3: reacting to signal 3
06-27 17:02:33.645   142   158 W ActivityManager: Activity pause timeout for ActivityRecord{41ad9540 com.amazon.kindle/com.amazon.kcp.reader.StandAloneBookReaderActivity}
06-27 17:02:33.653  8431  8446 D dalvikvm: GC_FOR_ALLOC freed 311K, 6% free 10214K/10823K, paused 35ms
06-27 17:02:33.673  5975  5977 I dalvikvm: Wrote stack traces to '/data/anr/traces.txt'
06-27 17:02:33.700   142  3975 I ActivityManager: Start proc com.sirma.mobile.bible.android:com.urbanairship.push.process for service com.sirma.mobile.bible.android/com.urbanairship.push.PushService: pid=8486 uid=10065 gids={3003, 1015}
06-27 17:02:33.716  8486  8486 I dalvikvm: Turning on JNI app bug workarounds for target SDK version 9...
06-27 17:02:33.837   142   154 I ActivityManager: Start proc com.google.android.talk for broadcast com.google.android.talk/.ConnectionStateOnlineReceiver: pid=8507 uid=10046 gids={3003, 1015, 1006, 3002}
06-27 17:02:33.958   142   158 I Process : Sending signal. PID: 5975 SIG: 3
06-27 17:02:33.958  5975  5977 I dalvikvm: threadid=3: reacting to signal 3
06-27 17:02:34.118  8507  8507 I ActivityThread: Pub com.google.android.talk.SuggestionProvider: com.google.android.talk.SuggestionsProvider
06-27 17:02:34.134  8486  8488 D dalvikvm: GC_CONCURRENT freed 154K, 3% free 9382K/9607K, paused 2ms+9ms
06-27 17:02:34.231  5975  5977 I dalvikvm: Wrote stack traces to '/data/anr/traces.txt'
06-27 17:02:34.231   142   306 I ActivityManager: Process com.google.android.apps.plus (pid 8431) has died.
06-27 17:02:34.267  8471  8473 D dalvikvm: GC_CONCURRENT freed 323K, 5% free 9495K/9927K, paused 34ms+9ms
06-27 17:02:42.950   142   142 I ActivityManager: Process com.google.android.apps.docs (pid 8450) has died.
06-27 17:02:43.024   142   158 I Process : Sending signal. PID: 5975 SIG: 3
06-27 17:02:43.024  5975  5977 I dalvikvm: threadid=3: reacting to signal 3
06-27 17:02:43.060  5975  5977 I dalvikvm: Wrote stack traces to '/data/anr/traces.txt'
06-27 17:02:43.095  8507  8507 D vclib:CallStateClient: startListening
06-27 17:02:43.274  8507  8510 D dalvikvm: GC_CONCURRENT freed 194K, 3% free 9342K/9607K, paused 2ms+46ms
06-27 17:02:43.384   310   310 D wpa_supplicant: RTM_NEWLINK: operstate=1 ifi_flags=0x11043 ([UP][RUNNING][LOWER_UP])
06-27 17:02:43.384   310   310 D wpa_supplicant: RTM_NEWLINK, IFLA_IFNAME: Interface 'wlan0' added
06-27 17:02:43.384   310   310 D wpa_supplicant: Wireless event: cmd=0x8c00 len=20
06-27 17:02:43.395   310   310 D wpa_supplicant: RTM_NEWLINK: operstate=1 ifi_flags=0x11043 ([UP][RUNNING][LOWER_UP])
06-27 17:02:43.395   310   310 D wpa_supplicant: RTM_NEWLINK, IFLA_IFNAME: Interface 'wlan0' added
06-27 17:02:43.395   310   310 D wpa_supplicant: Wireless event: cmd=0x8c00 len=20
06-27 17:02:43.513 32077  4197 D dalvikvm: GC_EXPLICIT freed 287K, 6% free 10498K/11143K, paused 2ms+7ms
06-27 17:02:43.524   142   158 I Process : Sending signal. PID: 5975 SIG: 3
06-27 17:02:43.524  5975  5977 I dalvikvm: threadid=3: reacting to signal 3
06-27 17:02:43.579  8471  8504 E dalvikvm: ERROR: defineClass(0x40a4c4d0, reflectasm.java.util.HashtableConstructorAccess, 0x413bf168, 0, 296)
06-27 17:02:43.579  8471  8504 E dalvikvm: ERROR: defineClass(0x413be768, reflectasm.java.util.HashtableConstructorAccess, 0x413bf168, 0, 296)
06-27 17:02:43.587  8471  8504 E dalvikvm: ERROR: defineClass(0x41322e60, com.youversion.api.objects.BookCollectionConstructorAccess, 0x413d0b60, 0, 329)
06-27 17:02:43.587  8471  8504 E dalvikvm: ERROR: defineClass(0x41335100, com.youversion.api.objects.BookCollectionConstructorAccess, 0x413d0b60, 0, 329)
06-27 17:02:43.587  8471  8504 E dalvikvm: ERROR: defineClass(0x40a4c4d0, reflectasm.java.util.VectorConstructorAccess, 0x413c00b8, 0, 290)
06-27 17:02:43.587  8471  8504 E dalvikvm: ERROR: defineClass(0x413d3c00, reflectasm.java.util.VectorConstructorAccess, 0x413c00b8, 0, 290)
06-27 17:02:43.591  8471  8504 E dalvikvm: ERROR: defineClass(0x41322e60, com.youversion.api.objects.BookConstructorAccess, 0x41318b30, 0, 309)
06-27 17:02:43.591  8471  8504 E dalvikvm: ERROR: defineClass(0x41362cd8, com.youversion.api.objects.BookConstructorAccess, 0x41318b30, 0, 309)
06-27 17:02:43.622  5975  5977 I dalvikvm: Wrote stack traces to '/data/anr/traces.txt'
06-27 17:02:43.642  8486  8486 D Misc    : skipping BibleApp initialization on non-main process
06-27 17:02:43.989  8471  8504 E dalvikvm: ERROR: defineClass(0x40a4c4d0, reflectasm.java.util.ArrayListConstructorAccess, 0x413f5a28, 0, 296)
06-27 17:02:43.989  8471  8504 E dalvikvm: ERROR: defineClass(0x413f4648, reflectasm.java.util.ArrayListConstructorAccess, 0x413f5a28, 0, 296)
06-27 17:02:44.048  8471  8504 E dalvikvm: ERROR: defineClass(0x41322e60, com.youversion.api.objects.UserConstructorAccess, 0x413f9538, 0, 309)
06-27 17:02:44.052  8471  8504 E dalvikvm: ERROR: defineClass(0x413f80c8, com.youversion.api.objects.UserConstructorAccess, 0x413f9538, 0, 309)
06-27 17:02:44.095  8471  8473 D dalvikvm: GC_CONCURRENT freed 290K, 5% free 9638K/10055K, paused 33ms+5ms
06-27 17:02:44.122  8471  8504 E dalvikvm: ERROR: defineClass(0x41322e60, com.youversion.api.internal.Chapter$AudioInfoConstructorAccess, 0x413a8c08, 0, 337)
06-27 17:02:44.122  8471  8504 E dalvikvm: ERROR: defineClass(0x413ee688, com.youversion.api.internal.Chapter$AudioInfoConstructorAccess, 0x413a8c08, 0, 337)
06-27 17:02:44.126  8471  8504 E dalvikvm: ERROR: defineClass(0x41322e60, com.youversion.api.objects.AudioBibleInfoConstructorAccess, 0x413b27e0, 0, 329)
