06-27 21:07:58.352   310   310 D wpa_supplicant: wpa_driver_wext_driver_cmd Ko rssi -62  len = 12, 12
06-27 21:07:58.352   310   310 D wpa_supplicant: wpa_driver_wext_driver_cmd LINKSPEED len = 248
06-27 21:07:58.356   310   310 D wpa_supplicant: wpa_driver_wext_driver_cmd LinkSpeed 19 len = 12, 12
06-27 21:07:59.677 15468 15481 I PhoneLab-: Service Running
06-27 21:07:59.774 15468 15471 D dalvikvm: GC_CONCURRENT freed 395K, 6% free 9090K/9607K, paused 7ms+1ms
06-27 21:07:59.774 15468 15481 I PhoneLab-LoggerService: app_37    1211  1     1708   1256  c00f181c 400107b4 S logcat
06-27 21:07:59.774 15468 15481 I PhoneLab-LoggerService: Logcat pid from database 1211
06-27 21:07:59.778 15468 15481 I PhoneLab-LoggerService: Logcat process found 1211
06-27 21:07:59.778 15468 15481 I PhoneLab-LoggerService: Checking Threshold
06-27 21:07:59.782 15468 15481 I PhoneLab-LoggerService: Starting to rename files
06-27 21:07:59.786 15468 15481 I PhoneLab-LoggerService: Files found .. 37
06-27 21:08:01.360   310   310 D wpa_supplicant: wpa_driver_wext_driver_cmd RSSI len = 248
06-27 21:08:01.372   310   310 D wpa_supplicant: wpa_driver_wext_driver_cmd Ko rssi -63  len = 12, 12
06-27 21:08:01.376   310   310 D wpa_supplicant: wpa_driver_wext_driver_cmd LINKSPEED len = 248
06-27 21:08:01.376   310   310 D wpa_supplicant: wpa_driver_wext_driver_cmd LinkSpeed 19 len = 12, 12
06-27 21:08:04.384   310   310 D wpa_supplicant: wpa_driver_wext_driver_cmd RSSI len = 248
06-27 21:08:04.392   310   310 D wpa_supplicant: wpa_driver_wext_driver_cmd Ko rssi -63  len = 12, 12
06-27 21:08:04.392   310   310 D wpa_supplicant: wpa_driver_wext_driver_cmd LINKSPEED len = 248
06-27 21:08:04.395   310   310 D wpa_supplicant: wpa_driver_wext_driver_cmd LinkSpeed 19 len = 12, 12
06-27 21:08:07.399   310   310 D wpa_supplicant: wpa_driver_wext_driver_cmd RSSI len = 248
06-27 21:08:07.407   310   310 D wpa_supplicant: wpa_driver_wext_driver_cmd Ko rssi -65  len = 12, 12
06-27 21:08:07.407   310   310 D wpa_supplicant: wpa_driver_wext_driver_cmd LINKSPEED len = 248
06-27 21:08:07.411   310   310 D wpa_supplicant: wpa_driver_wext_driver_cmd LinkSpeed 19 len = 12, 12
06-27 21:08:10.419   310   310 D wpa_supplicant: wpa_driver_wext_driver_cmd RSSI len = 248
06-27 21:08:10.427   310   310 D wpa_supplicant: wpa_driver_wext_driver_cmd Ko rssi -64  len = 12, 12
06-27 21:08:10.427   310   310 D wpa_supplicant: wpa_driver_wext_driver_cmd LINKSPEED len = 248
06-27 21:08:10.431   310   310 D wpa_supplicant: wpa_driver_wext_driver_cmd LinkSpeed 19 len = 12, 12
06-27 21:08:13.435   310   310 D wpa_supplicant: wpa_driver_wext_driver_cmd RSSI len = 248
06-27 21:08:13.442   310   310 D wpa_supplicant: wpa_driver_wext_driver_cmd Ko rssi -65  len = 12, 12
06-27 21:08:13.442   310   310 D wpa_supplicant: wpa_driver_wext_driver_cmd LINKSPEED len = 248
06-27 21:08:13.446   310   310 D wpa_supplicant: wpa_driver_wext_driver_cmd LinkSpeed 19 len = 12, 12
06-27 21:08:16.450   310   310 D wpa_supplicant: wpa_driver_wext_driver_cmd RSSI len = 248
06-27 21:08:16.458   310   310 D wpa_supplicant: wpa_driver_wext_driver_cmd Ko rssi -65  len = 12, 12
06-27 21:08:16.458   310   310 D wpa_supplicant: wpa_driver_wext_driver_cmd LINKSPEED len = 248
06-27 21:08:16.462   310   310 D wpa_supplicant: wpa_driver_wext_driver_cmd LinkSpeed 19 len = 12, 12
06-27 21:08:19.474   310   310 D wpa_supplicant: wpa_driver_wext_driver_cmd RSSI len = 248
06-27 21:08:19.481   310   310 D wpa_supplicant: wpa_driver_wext_driver_cmd Ko rssi -64  len = 12, 12
06-27 21:08:19.481   310   310 D wpa_supplicant: wpa_driver_wext_driver_cmd LINKSPEED len = 248
06-27 21:08:19.485   310   310 D wpa_supplicant: wpa_driver_wext_driver_cmd LinkSpeed 19 len = 12, 12
06-27 21:08:22.493   310   310 D wpa_supplicant: wpa_driver_wext_driver_cmd RSSI len = 248
06-27 21:08:22.501   310   310 D wpa_supplicant: wpa_driver_wext_driver_cmd Ko rssi -64  len = 12, 12
06-27 21:08:22.501   310   310 D wpa_supplicant: wpa_driver_wext_driver_cmd LINKSPEED len = 248
06-27 21:08:22.505   310   310 D wpa_supplicant: wpa_driver_wext_driver_cmd LinkSpeed 19 len = 12, 12
06-27 21:08:25.513   310   310 D wpa_supplicant: wpa_driver_wext_driver_cmd RSSI len = 248
06-27 21:08:25.520   310   310 D wpa_supplicant: wpa_driver_wext_driver_cmd Ko rssi -64  len = 12, 12
06-27 21:08:25.520   310   310 D wpa_supplicant: wpa_driver_wext_driver_cmd LINKSPEED len = 248
06-27 21:08:25.524   310   310 D wpa_supplicant: wpa_driver_wext_driver_cmd LinkSpeed 19 len = 12, 12
06-27 21:08:28.532   310   310 D wpa_supplicant: wpa_driver_wext_driver_cmd RSSI len = 248
06-27 21:08:28.540   310   310 D wpa_supplicant: wpa_driver_wext_driver_cmd Ko rssi -63  len = 12, 12
06-27 21:08:28.540   310   310 D wpa_supplicant: wpa_driver_wext_driver_cmd LINKSPEED len = 248
06-27 21:08:28.548   310   310 D wpa_supplicant: wpa_driver_wext_driver_cmd LinkSpeed 19 len = 12, 12
06-27 21:08:31.556   310   310 D wpa_supplicant: wpa_driver_wext_driver_cmd RSSI len = 248
06-27 21:08:31.567   310   310 D wpa_supplicant: wpa_driver_wext_driver_cmd Ko rssi -63  len = 12, 12
06-27 21:08:31.567   310   310 D wpa_supplicant: wpa_driver_wext_driver_cmd LINKSPEED len = 248
06-27 21:08:31.571   310   310 D wpa_supplicant: wpa_driver_wext_driver_cmd LinkSpeed 19 len = 12, 12
06-27 21:08:34.575   310   310 D wpa_supplicant: wpa_driver_wext_driver_cmd RSSI len = 248
06-27 21:08:34.583   310   310 D wpa_supplicant: wpa_driver_wext_driver_cmd Ko rssi -62  len = 12, 12
06-27 21:08:34.583   310   310 D wpa_supplicant: wpa_driver_wext_driver_cmd LINKSPEED len = 248
06-27 21:08:34.587   310   310 D wpa_supplicant: wpa_driver_wext_driver_cmd LinkSpeed 19 len = 12, 12
06-27 21:08:37.595   310   310 D wpa_supplicant: wpa_driver_wext_driver_cmd RSSI len = 248
06-27 21:08:37.606   310   310 D wpa_supplicant: wpa_driver_wext_driver_cmd Ko rssi -65  len = 12, 12
06-27 21:08:37.606   310   310 D wpa_supplicant: wpa_driver_wext_driver_cmd LINKSPEED len = 248
06-27 21:08:37.610   310   310 D wpa_supplicant: wpa_driver_wext_driver_cmd LinkSpeed 19 len = 12, 12
06-27 21:08:40.614   310   310 D wpa_supplicant: wpa_driver_wext_driver_cmd RSSI len = 248
06-27 21:08:40.622   310   310 D wpa_supplicant: wpa_driver_wext_driver_cmd Ko rssi -63  len = 12, 12
06-27 21:08:40.622   310   310 D wpa_supplicant: wpa_driver_wext_driver_cmd LINKSPEED len = 248
06-27 21:08:40.626   310   310 D wpa_supplicant: wpa_driver_wext_driver_cmd LinkSpeed 19 len = 12, 12
06-27 21:08:43.638   310   310 D wpa_supplicant: wpa_driver_wext_driver_cmd RSSI len = 248
06-27 21:08:43.645   310   310 D wpa_supplicant: wpa_driver_wext_driver_cmd Ko rssi -64  len = 12, 12
06-27 21:08:43.649   310   310 D wpa_supplicant: wpa_driver_wext_driver_cmd LINKSPEED len = 248
06-27 21:08:43.649   310   310 D wpa_supplicant: wpa_driver_wext_driver_cmd LinkSpeed 19 len = 12, 12
06-27 21:08:46.657   310   310 D wpa_supplicant: wpa_driver_wext_driver_cmd RSSI len = 248
06-27 21:08:46.669   310   310 D wpa_supplicant: wpa_driver_wext_driver_cmd Ko rssi -64  len = 12, 12
06-27 21:08:46.669   310   310 D wpa_supplicant: wpa_driver_wext_driver_cmd LINKSPEED len = 248
06-27 21:08:46.673   310   310 D wpa_supplicant: wpa_driver_wext_driver_cmd LinkSpeed 19 len = 12, 12
06-27 21:08:46.774   142   158 V BackupManagerService: Running a backup pass
06-27 21:08:46.774   142   211 V BackupManagerService: Backup requested but nothing pending
06-27 21:08:49.677   310   310 D wpa_supplicant: wpa_driver_wext_driver_cmd RSSI len = 248
06-27 21:08:49.692   310   310 D wpa_supplicant: wpa_driver_wext_driver_cmd Ko rssi -64  len = 12, 12
06-27 21:08:49.692   310   310 D wpa_supplicant: wpa_driver_wext_driver_cmd LINKSPEED len = 248
06-27 21:08:49.700   310   310 D wpa_supplicant: wpa_driver_wext_driver_cmd LinkSpeed 19 len = 12, 12
06-27 21:08:52.708   310   310 D wpa_supplicant: wpa_driver_wext_driver_cmd RSSI len = 248
06-27 21:08:52.716   310   310 D wpa_supplicant: wpa_driver_wext_driver_cmd Ko rssi -64  len = 12, 12
06-27 21:08:52.716   310   310 D wpa_supplicant: wpa_driver_wext_driver_cmd LINKSPEED len = 248
06-27 21:08:52.720   310   310 D wpa_supplicant: wpa_driver_wext_driver_cmd LinkSpeed 19 len = 12, 12
06-27 21:08:55.727   310   310 D wpa_supplicant: wpa_driver_wext_driver_cmd RSSI len = 248
06-27 21:08:55.739   310   310 D wpa_supplicant: wpa_driver_wext_driver_cmd Ko rssi -63  len = 12, 12
06-27 21:08:55.739   310   310 D wpa_supplicant: wpa_driver_wext_driver_cmd LINKSPEED len = 248
06-27 21:08:55.743   310   310 D wpa_supplicant: wpa_driver_wext_driver_cmd LinkSpeed 19 len = 12, 12
06-27 21:08:58.751   310   310 D wpa_supplicant: wpa_driver_wext_driver_cmd RSSI len = 248
06-27 21:08:58.755   310   310 D wpa_supplicant: wpa_driver_wext_driver_cmd Ko rssi -63  len = 12, 12
06-27 21:08:58.755   310   310 D wpa_supplicant: wpa_driver_wext_driver_cmd LINKSPEED len = 248
06-27 21:08:58.755   310   310 D wpa_supplicant: wpa_driver_wext_driver_cmd LinkSpeed 19 len = 12, 12
06-27 21:09:01.767   310   310 D wpa_supplicant: wpa_driver_wext_driver_cmd RSSI len = 248
06-27 21:09:01.774   310   310 D wpa_supplicant: wpa_driver_wext_driver_cmd Ko rssi -67  len = 12, 12
06-27 21:09:01.774   310   310 D wpa_supplicant: wpa_driver_wext_driver_cmd LINKSPEED len = 248
06-27 21:09:01.778   310   310 D wpa_supplicant: wpa_driver_wext_driver_cmd LinkSpeed 19 len = 12, 12
06-27 21:09:03.114 15438 15438 D dalvikvm: GC_FOR_ALLOC freed 831K, 17% free 14137K/17031K, paused 33ms
06-27 21:09:04.786   310   310 D wpa_supplicant: wpa_driver_wext_driver_cmd RSSI len = 248
06-27 21:09:04.790   310   310 D wpa_supplicant: wpa_driver_wext_driver_cmd Ko rssi -62  len = 12, 12
06-27 21:09:04.790   310   310 D wpa_supplicant: wpa_driver_wext_driver_cmd LINKSPEED len = 248
06-27 21:09:04.790   310   310 D wpa_supplicant: wpa_driver_wext_driver_cmd LinkSpeed 19 len = 12, 12
06-27 21:09:07.798   310   310 D wpa_supplicant: wpa_driver_wext_driver_cmd RSSI len = 248
06-27 21:09:07.806   310   310 D wpa_supplicant: wpa_driver_wext_driver_cmd Ko rssi -66  len = 12, 12
06-27 21:09:07.806   310   310 D wpa_supplicant: wpa_driver_wext_driver_cmd LINKSPEED len = 248
06-27 21:09:07.806   310   310 D wpa_supplicant: wpa_driver_wext_driver_cmd LinkSpeed 19 len = 12, 12
06-27 21:09:09.786 15438 15439 D dalvikvm: GC_CONCURRENT freed 1006K, 14% free 14719K/17031K, paused 8ms+11ms
06-27 21:09:10.810   310   310 D wpa_supplicant: wpa_driver_wext_driver_cmd RSSI len = 248
06-27 21:09:10.817   310   310 D wpa_supplicant: wpa_driver_wext_driver_cmd Ko rssi -62  len = 12, 12
06-27 21:09:10.817   310   310 D wpa_supplicant: wpa_driver_wext_driver_cmd LINKSPEED len = 248
06-27 21:09:10.821   310   310 D wpa_supplicant: wpa_driver_wext_driver_cmd LinkSpeed 19 len = 12, 12
06-27 21:09:13.825   310   310 D wpa_supplicant: wpa_driver_wext_driver_cmd RSSI len = 248
06-27 21:09:13.837   310   310 D wpa_supplicant: wpa_driver_wext_driver_cmd Ko rssi -61  len = 12, 12
06-27 21:09:13.837   310   310 D wpa_supplicant: wpa_driver_wext_driver_cmd LINKSPEED len = 248
06-27 21:09:13.841   310   310 D wpa_supplicant: wpa_driver_wext_driver_cmd LinkSpeed 19 len = 12, 12
06-27 21:09:16.849   310   310 D wpa_supplicant: wpa_driver_wext_driver_cmd RSSI len = 248
06-27 21:09:16.856   310   310 D wpa_supplicant: wpa_driver_wext_driver_cmd Ko rssi -59  len = 12, 12
06-27 21:09:16.856   310   310 D wpa_supplicant: wpa_driver_wext_driver_cmd LINKSPEED len = 248
06-27 21:09:16.864   310   310 D wpa_supplicant: wpa_driver_wext_driver_cmd LinkSpeed 19 len = 12, 12
06-27 21:09:19.868   310   310 D wpa_supplicant: wpa_driver_wext_driver_cmd RSSI len = 248
06-27 21:09:19.880   310   310 D wpa_supplicant: wpa_driver_wext_driver_cmd Ko rssi -60  len = 12, 12
06-27 21:09:19.880   310   310 D wpa_supplicant: wpa_driver_wext_driver_cmd LINKSPEED len = 248
06-27 21:09:19.880   310   310 D wpa_supplicant: wpa_driver_wext_driver_cmd LinkSpeed 19 len = 12, 12
06-27 21:09:22.892   310   310 D wpa_supplicant: wpa_driver_wext_driver_cmd RSSI len = 248
06-27 21:09:22.899   310   310 D wpa_supplicant: wpa_driver_wext_driver_cmd Ko rssi -60  len = 12, 12
06-27 21:09:22.899   310   310 D wpa_supplicant: wpa_driver_wext_driver_cmd LINKSPEED len = 248
06-27 21:09:22.903   310   310 D wpa_supplicant: wpa_driver_wext_driver_cmd LinkSpeed 19 len = 12, 12
06-27 21:09:25.915   310   310 D wpa_supplicant: wpa_driver_wext_driver_cmd RSSI len = 248
06-27 21:09:25.923   310   310 D wpa_supplicant: wpa_driver_wext_driver_cmd Ko rssi -62  len = 12, 12
06-27 21:09:25.923   310   310 D wpa_supplicant: wpa_driver_wext_driver_cmd LINKSPEED len = 248
06-27 21:09:25.927   310   310 D wpa_supplicant: wpa_driver_wext_driver_cmd LinkSpeed 19 len = 12, 12
06-27 21:09:28.931   310   310 D wpa_supplicant: wpa_driver_wext_driver_cmd RSSI len = 248
06-27 21:09:28.938   310   310 D wpa_supplicant: wpa_driver_wext_driver_cmd Ko rssi -61  len = 12, 12
06-27 21:09:28.938   310   310 D wpa_supplicant: wpa_driver_wext_driver_cmd LINKSPEED len = 248
06-27 21:09:28.942   310   310 D wpa_supplicant: wpa_driver_wext_driver_cmd LinkSpeed 19 len = 12, 12
06-27 21:09:31.946   310   310 D wpa_supplicant: wpa_driver_wext_driver_cmd RSSI len = 248
06-27 21:09:31.958   310   310 D wpa_supplicant: wpa_driver_wext_driver_cmd Ko rssi -60  len = 12, 12
06-27 21:09:31.958   310   310 D wpa_supplicant: wpa_driver_wext_driver_cmd LINKSPEED len = 248
06-27 21:09:31.962   310   310 D wpa_supplicant: wpa_driver_wext_driver_cmd LinkSpeed 19 len = 12, 12
06-27 21:09:34.966   310   310 D wpa_supplicant: wpa_driver_wext_driver_cmd RSSI len = 248
06-27 21:09:34.977   310   310 D wpa_supplicant: wpa_driver_wext_driver_cmd Ko rssi -66  len = 12, 12
06-27 21:09:34.977   310   310 D wpa_supplicant: wpa_driver_wext_driver_cmd LINKSPEED len = 248
06-27 21:09:34.977   310   310 D wpa_supplicant: wpa_driver_wext_driver_cmd LinkSpeed 19 len = 12, 12
06-27 21:09:37.981   310   310 D wpa_supplicant: wpa_driver_wext_driver_cmd RSSI len = 248
06-27 21:09:37.989   310   310 D wpa_supplicant: wpa_driver_wext_driver_cmd Ko rssi -61  len = 12, 12
06-27 21:09:37.989   310   310 D wpa_supplicant: wpa_driver_wext_driver_cmd LINKSPEED len = 248
06-27 21:09:37.989   310   310 D wpa_supplicant: wpa_driver_wext_driver_cmd LinkSpeed 19 len = 12, 12
06-27 21:09:40.993   310   310 D wpa_supplicant: wpa_driver_wext_driver_cmd RSSI len = 248
06-27 21:09:41.001   310   310 D wpa_supplicant: wpa_driver_wext_driver_cmd Ko rssi -61  len = 12, 12
06-27 21:09:41.001   310   310 D wpa_supplicant: wpa_driver_wext_driver_cmd LINKSPEED len = 248
06-27 21:09:41.001   310   310 D wpa_supplicant: wpa_driver_wext_driver_cmd LinkSpeed 19 len = 12, 12
06-27 21:09:44.005   310   310 D wpa_supplicant: wpa_driver_wext_driver_cmd RSSI len = 248
06-27 21:09:44.017   310   310 D wpa_supplicant: wpa_driver_wext_driver_cmd Ko rssi -60  len = 12, 12
06-27 21:09:44.017   310   310 D wpa_supplicant: wpa_driver_wext_driver_cmd LINKSPEED len = 248
06-27 21:09:44.020   310   310 D wpa_supplicant: wpa_driver_wext_driver_cmd LinkSpeed 19 len = 12, 12
06-27 21:09:47.028   310   310 D wpa_supplicant: wpa_driver_wext_driver_cmd RSSI len = 248
06-27 21:09:47.036   310   310 D wpa_supplicant: wpa_driver_wext_driver_cmd Ko rssi -60  len = 12, 12
06-27 21:09:47.036   310   310 D wpa_supplicant: wpa_driver_wext_driver_cmd LINKSPEED len = 248
06-27 21:09:47.040   310   310 D wpa_supplicant: wpa_driver_wext_driver_cmd LinkSpeed 19 len = 12, 12
06-27 21:09:50.044   310   310 D wpa_supplicant: wpa_driver_wext_driver_cmd RSSI len = 248
06-27 21:09:50.052   310   310 D wpa_supplicant: wpa_driver_wext_driver_cmd Ko rssi -59  len = 12, 12
06-27 21:09:50.052   310   310 D wpa_supplicant: wpa_driver_wext_driver_cmd LINKSPEED len = 248
06-27 21:09:50.056   310   310 D wpa_supplicant: wpa_driver_wext_driver_cmd LinkSpeed 19 len = 12, 12
06-27 21:09:53.060   310   310 D wpa_supplicant: wpa_driver_wext_driver_cmd RSSI len = 248
06-27 21:09:53.067   310   310 D wpa_supplicant: wpa_driver_wext_driver_cmd Ko rssi -65  len = 12, 12
06-27 21:09:53.067   310   310 D wpa_supplicant: wpa_driver_wext_driver_cmd LINKSPEED len = 248
06-27 21:09:53.071   310   310 D wpa_supplicant: wpa_driver_wext_driver_cmd LinkSpeed 19 len = 12, 12
06-27 21:09:56.079   310   310 D wpa_supplicant: wpa_driver_wext_driver_cmd RSSI len = 248
06-27 21:09:56.087   310   310 D wpa_supplicant: wpa_driver_wext_driver_cmd Ko rssi -64  len = 12, 12
06-27 21:09:56.087   310   310 D wpa_supplicant: wpa_driver_wext_driver_cmd LINKSPEED len = 248
06-27 21:09:56.091   310   310 D wpa_supplicant: wpa_driver_wext_driver_cmd LinkSpeed 19 len = 12, 12
06-27 21:09:59.095   310   310 D wpa_supplicant: wpa_driver_wext_driver_cmd RSSI len = 248
06-27 21:09:59.102   310   310 D wpa_supplicant: wpa_driver_wext_driver_cmd Ko rssi -61  len = 12, 12
06-27 21:09:59.102   310   310 D wpa_supplicant: wpa_driver_wext_driver_cmd LINKSPEED len = 248
06-27 21:09:59.106   310   310 D wpa_supplicant: wpa_driver_wext_driver_cmd LinkSpeed 19 len = 12, 12
06-27 21:09:59.677 15468 15481 I PhoneLab-: Service Running
06-27 21:09:59.798   142   153 I ActivityManager: Process com.android.inputmethod.latin (pid 14030) has died.
06-27 21:09:59.829 15468 15481 I PhoneLab-LoggerService: app_37    1211  1     1708   1256  c00f181c 400107b4 S logcat
06-27 21:09:59.829 15468 15481 I PhoneLab-LoggerService: Logcat pid from database 1211
06-27 21:09:59.829 15468 15481 I PhoneLab-LoggerService: Logcat process found 1211
06-27 21:09:59.829 15468 15481 I PhoneLab-LoggerService: Checking Threshold
06-27 21:09:59.829 15468 15481 I PhoneLab-LoggerService: Starting to rename files
06-27 21:09:59.833 15468 15481 I PhoneLab-LoggerService: Files found .. 37
06-27 21:10:02.110   310   310 D wpa_supplicant: wpa_driver_wext_driver_cmd RSSI len = 248
06-27 21:10:02.122   310   310 D wpa_supplicant: wpa_driver_wext_driver_cmd Ko rssi -63  len = 12, 12
06-27 21:10:02.122   310   310 D wpa_supplicant: wpa_driver_wext_driver_cmd LINKSPEED len = 248
06-27 21:10:02.126   310   310 D wpa_supplicant: wpa_driver_wext_driver_cmd LinkSpeed 19 len = 12, 12
06-27 21:10:05.138   310   310 D wpa_supplicant: wpa_driver_wext_driver_cmd RSSI len = 248
06-27 21:10:05.145   310   310 D wpa_supplicant: wpa_driver_wext_driver_cmd Ko rssi -62  len = 12, 12
06-27 21:10:05.145   310   310 D wpa_supplicant: wpa_driver_wext_driver_cmd LINKSPEED len = 248
06-27 21:10:05.145   310   310 D wpa_supplicant: wpa_driver_wext_driver_cmd LinkSpeed 19 len = 12, 12
06-27 21:10:08.149   310   310 D wpa_supplicant: wpa_driver_wext_driver_cmd RSSI len = 248
06-27 21:10:08.157   310   310 D wpa_supplicant: wpa_driver_wext_driver_cmd Ko rssi -63  len = 12, 12
06-27 21:10:08.157   310   310 D wpa_supplicant: wpa_driver_wext_driver_cmd LINKSPEED len = 248
06-27 21:10:08.165   310   310 D wpa_supplicant: wpa_driver_wext_driver_cmd LinkSpeed 19 len = 12, 12
06-27 21:10:11.173   310   310 D wpa_supplicant: wpa_driver_wext_driver_cmd RSSI len = 248
06-27 21:10:11.185   310   310 D wpa_supplicant: wpa_driver_wext_driver_cmd Ko rssi -62  len = 12, 12
06-27 21:10:11.185   310   310 D wpa_supplicant: wpa_driver_wext_driver_cmd LINKSPEED len = 248
06-27 21:10:11.188   310   310 D wpa_supplicant: wpa_driver_wext_driver_cmd LinkSpeed 19 len = 12, 12
06-27 21:10:14.196   310   310 D wpa_supplicant: wpa_driver_wext_driver_cmd RSSI len = 248
06-27 21:10:14.208   310   310 D wpa_supplicant: wpa_driver_wext_driver_cmd Ko rssi -68  len = 12, 12
06-27 21:10:14.208   310   310 D wpa_supplicant: wpa_driver_wext_driver_cmd LINKSPEED len = 248
06-27 21:10:14.212   310   310 D wpa_supplicant: wpa_driver_wext_driver_cmd LinkSpeed 19 len = 12, 12
06-27 21:10:17.220   310   310 D wpa_supplicant: wpa_driver_wext_driver_cmd RSSI len = 248
06-27 21:10:17.227   310   310 D wpa_supplicant: wpa_driver_wext_driver_cmd Ko rssi -61  len = 12, 12
06-27 21:10:17.227   310   310 D wpa_supplicant: wpa_driver_wext_driver_cmd LINKSPEED len = 248
06-27 21:10:17.235   310   310 D wpa_supplicant: wpa_driver_wext_driver_cmd LinkSpeed 19 len = 12, 12
06-27 21:10:20.243   310   310 D wpa_supplicant: wpa_driver_wext_driver_cmd RSSI len = 248
06-27 21:10:20.251   310   310 D wpa_supplicant: wpa_driver_wext_driver_cmd Ko rssi -59  len = 12, 12
06-27 21:10:20.251   310   310 D wpa_supplicant: wpa_driver_wext_driver_cmd LINKSPEED len = 248
06-27 21:10:20.255   310   310 D wpa_supplicant: wpa_driver_wext_driver_cmd LinkSpeed 19 len = 12, 12
06-27 21:10:23.263   310   310 D wpa_supplicant: wpa_driver_wext_driver_cmd RSSI len = 248
06-27 21:10:23.270   310   310 D wpa_supplicant: wpa_driver_wext_driver_cmd Ko rssi -59  len = 12, 12
06-27 21:10:23.270   310   310 D wpa_supplicant: wpa_driver_wext_driver_cmd LINKSPEED len = 248
06-27 21:10:23.274   310   310 D wpa_supplicant: wpa_driver_wext_driver_cmd LinkSpeed 19 len = 12, 12
06-27 21:10:26.282   310   310 D wpa_supplicant: wpa_driver_wext_driver_cmd RSSI len = 248
06-27 21:10:26.290   310   310 D wpa_supplicant: wpa_driver_wext_driver_cmd Ko rssi -57  len = 12, 12
06-27 21:10:26.290   310   310 D wpa_supplicant: wpa_driver_wext_driver_cmd LINKSPEED len = 248
06-27 21:10:26.294   310   310 D wpa_supplicant: wpa_driver_wext_driver_cmd LinkSpeed 19 len = 12, 12
06-27 21:10:29.298   310   310 D wpa_supplicant: wpa_driver_wext_driver_cmd RSSI len = 248
06-27 21:10:29.306   310   310 D wpa_supplicant: wpa_driver_wext_driver_cmd Ko rssi -58  len = 12, 12
06-27 21:10:29.306   310   310 D wpa_supplicant: wpa_driver_wext_driver_cmd LINKSPEED len = 248
06-27 21:10:29.306   310   310 D wpa_supplicant: wpa_driver_wext_driver_cmd LinkSpeed 19 len = 12, 12
06-27 21:10:32.310   310   310 D wpa_supplicant: wpa_driver_wext_driver_cmd RSSI len = 248
06-27 21:10:32.317   310   310 D wpa_supplicant: wpa_driver_wext_driver_cmd Ko rssi -60  len = 12, 12
06-27 21:10:32.317   310   310 D wpa_supplicant: wpa_driver_wext_driver_cmd LINKSPEED len = 248
06-27 21:10:32.321   310   310 D wpa_supplicant: wpa_driver_wext_driver_cmd LinkSpeed 19 len = 12, 12
06-27 21:10:35.329   310   310 D wpa_supplicant: wpa_driver_wext_driver_cmd RSSI len = 248
06-27 21:10:35.337   310   310 D wpa_supplicant: wpa_driver_wext_driver_cmd Ko rssi -58  len = 12, 12
06-27 21:10:35.337   310   310 D wpa_supplicant: wpa_driver_wext_driver_cmd LINKSPEED len = 248
06-27 21:10:35.341   310   310 D wpa_supplicant: wpa_driver_wext_driver_cmd LinkSpeed 19 len = 12, 12
06-27 21:10:38.352   310   310 D wpa_supplicant: wpa_driver_wext_driver_cmd RSSI len = 248
06-27 21:10:38.364   310   310 D wpa_supplicant: wpa_driver_wext_driver_cmd Ko rssi -58  len = 12, 12
06-27 21:10:38.364   310   310 D wpa_supplicant: wpa_driver_wext_driver_cmd LINKSPEED len = 248
06-27 21:10:38.368   310   310 D wpa_supplicant: wpa_driver_wext_driver_cmd LinkSpeed 19 len = 12, 12
06-27 21:10:41.372   310   310 D wpa_supplicant: wpa_driver_wext_driver_cmd RSSI len = 248
06-27 21:10:41.380   310   310 D wpa_supplicant: wpa_driver_wext_driver_cmd Ko rssi -59  len = 12, 12
06-27 21:10:41.380   310   310 D wpa_supplicant: wpa_driver_wext_driver_cmd LINKSPEED len = 248
06-27 21:10:41.384   310   310 D wpa_supplicant: wpa_driver_wext_driver_cmd LinkSpeed 19 len = 12, 12
06-27 21:10:44.392   310   310 D wpa_supplicant: wpa_driver_wext_driver_cmd RSSI len = 248
06-27 21:10:44.399   310   310 D wpa_supplicant: wpa_driver_wext_driver_cmd Ko rssi -59  len = 12, 12
06-27 21:10:44.399   310   310 D wpa_supplicant: wpa_driver_wext_driver_cmd LINKSPEED len = 248
06-27 21:10:44.403   310   310 D wpa_supplicant: wpa_driver_wext_driver_cmd LinkSpeed 19 len = 12, 12
06-27 21:10:47.407   310   310 D wpa_supplicant: wpa_driver_wext_driver_cmd RSSI len = 248
06-27 21:10:47.415   310   310 D wpa_supplicant: wpa_driver_wext_driver_cmd Ko rssi -57  len = 12, 12
06-27 21:10:47.415   310   310 D wpa_supplicant: wpa_driver_wext_driver_cmd LINKSPEED len = 248
06-27 21:10:47.419   310   310 D wpa_supplicant: wpa_driver_wext_driver_cmd LinkSpeed 19 len = 12, 12
06-27 21:10:50.431   310   310 D wpa_supplicant: wpa_driver_wext_driver_cmd RSSI len = 248
06-27 21:10:50.442   310   310 D wpa_supplicant: wpa_driver_wext_driver_cmd Ko rssi -58  len = 12, 12
06-27 21:10:50.442   310   310 D wpa_supplicant: wpa_driver_wext_driver_cmd LINKSPEED len = 248
06-27 21:10:50.442   310   310 D wpa_supplicant: wpa_driver_wext_driver_cmd LinkSpeed 19 len = 12, 12
06-27 21:10:53.450   310   310 D wpa_supplicant: wpa_driver_wext_driver_cmd RSSI len = 248
06-27 21:10:53.458   310   310 D wpa_supplicant: wpa_driver_wext_driver_cmd Ko rssi -58  len = 12, 12
06-27 21:10:53.458   310   310 D wpa_supplicant: wpa_driver_wext_driver_cmd LINKSPEED len = 248
06-27 21:10:53.462   310   310 D wpa_supplicant: wpa_driver_wext_driver_cmd LinkSpeed 19 len = 12, 12
06-27 21:10:54.790   142   169 I power   : *** set_screen_state 0
06-27 21:10:54.864    79   119 D SurfaceFlinger: About to give-up screen, flinger = 0xf1b918
06-27 21:10:55.044   368   431 D NfcService: NFC-C OFF, disconnect
06-27 21:10:55.106   142   173 V TransportControlView: Create TCV com.android.internal.widget.TransportControlView@417b2f58
06-27 21:10:55.145   212   212 D PhoneStatusBar: disable: < expand icons alerts ticker system_info back home RECENT* clock >
06-27 21:10:55.165    82   122 D AudioHardware: AudioHardware pcm playback is exiting standby.
06-27 21:10:55.165    82   122 D AudioHardware: openPcmOut_l() mPcmOpenCnt: 0
06-27 21:10:55.384   142   158 W ActivityManager: Activity pause timeout for ActivityRecord{41ad9540 com.amazon.kindle/com.amazon.kcp.reader.StandAloneBookReaderActivity}
06-27 21:10:55.388   142   173 D android.widget.GridLayout: horizontal constraints: x1 - x0 > 214, x2 - x1 > 96, x3 - x2 > 300, x3 - x0 < 480 are inconsistent; permanently removing: x3 - x0 < 480. 
06-27 21:10:55.395   142   158 I Process : Sending signal. PID: 15438 SIG: 3
06-27 21:10:55.395 15438 15442 I dalvikvm: threadid=3: reacting to signal 3
06-27 21:10:55.399   142   178 I InputReader: Reconfiguring input devices.  changes=0x00000004
06-27 21:10:55.399   142   178 I InputReader: Device reconfigured: id=7, name='mxt224_ts_input', surface size is now 480x800, mode is 1
06-27 21:10:55.446 15438 15442 I dalvikvm: Wrote stack traces to '/data/anr/traces.txt'
06-27 21:10:55.450   142   173 I ActivityManager: Config changed: {1.0 310mcc120mnc en_US layoutdir=0 sw320dp w320dp h508dp nrml long port finger -keyb/v/h -nav/h s.94}
06-27 21:10:55.544   142   173 V TransportControlView: Create TCV com.android.internal.widget.TransportControlView@41896438
06-27 21:10:55.602   212   212 D dalvikvm: GC_EXPLICIT freed 7567K, 67% free 9775K/28935K, paused 30ms+4ms
06-27 21:10:55.622   212   212 D PhoneStatusBar: disable: < expand icons alerts ticker system_info BACK* HOME* RECENT CLOCK* >
06-27 21:10:55.798 15438 15438 D dalvikvm: GC_FOR_ALLOC freed 2176K, 23% free 13280K/17031K, paused 34ms
06-27 21:10:56.056 15438 15438 D OpenGLRenderer: Flushing caches (mode 0)
06-27 21:10:56.134   310   310 D wpa_supplicant: wpa_driver_wext_driver_cmd SETSUSPENDOPT 0 len = 4096
06-27 21:10:56.165   310   310 D wpa_supplicant: wpa_driver_wext_driver_cmd SETSUSPENDOPT 0 len = 0, 15
06-27 21:10:56.169   310   310 D wpa_supplicant: wpa_driver_wext_driver_cmd POWERMODE 0 len = 4096
06-27 21:10:56.177   310   310 D wpa_supplicant: wpa_driver_wext_driver_cmd OK len = 0, 2
06-27 21:10:56.192 15438 15439 D dalvikvm: GC_CONCURRENT freed 208K, 16% free 14378K/17031K, paused 3ms+3ms
06-27 21:10:56.216 15438 15438 D dalvikvm: GC_FOR_ALLOC freed 1150K, 23% free 13227K/17031K, paused 23ms
06-27 21:10:56.392 15438 15438 D dalvikvm: GC_FOR_ALLOC freed 1152K, 23% free 13222K/17031K, paused 23ms
06-27 21:10:57.188 15438 15439 D dalvikvm: GC_CONCURRENT freed 144K, 16% free 14439K/17031K, paused 2ms+4ms
06-27 21:10:58.126 15438 15568 D dalvikvm: GC_FOR_ALLOC freed 88K, 16% free 14430K/17031K, paused 21ms
06-27 21:10:58.126 15438 15568 I dalvikvm-heap: Grow heap (frag case) to 14.411MB for 262160-byte allocation
06-27 21:10:58.149 15438 15568 D dalvikvm: GC_FOR_ALLOC freed <1K, 16% free 14686K/17351K, paused 22ms
06-27 21:10:58.333    82   122 D AudioHardware: AudioHardware pcm playback is going to standby.
06-27 21:10:58.333    82   122 D AudioHardware: closePcmOut_l() mPcmOpenCnt: 1
06-27 21:11:03.165   310   310 D wpa_supplicant: wpa_driver_wext_driver_cmd SETSUSPENDOPT 0 len = 4096
06-27 21:11:03.165   310   310 D wpa_supplicant: wpa_driver_wext_driver_cmd SETSUSPENDOPT 0 len = 0, 15
06-27 21:11:03.169   310   310 D wpa_supplicant: wpa_driver_wext_driver_cmd POWERMODE 0 len = 4096
06-27 21:11:03.192   310   310 D wpa_supplicant: wpa_driver_wext_driver_cmd OK len = 0, 2
06-27 21:11:30.540   142   142 D dalvikvm: GC_EXPLICIT freed 813K, 29% free 17930K/25095K, paused 24ms+8ms
06-27 21:11:30.544 15115 15243 W Smack/Packet: notify conn break (IOEx), close connection
06-27 21:11:30.696 15115 15243 I qtaguid : Failed write_ctrl(u 75) res=-1 errno=22
06-27 21:11:30.696 15115 15243 I qtaguid : Untagging socket 75 failed errno=-22
06-27 21:11:30.696 15115 15243 W NetworkManagementSocketTagger: untagSocket(75) failed with errno -22
06-27 21:11:43.970 15115 15115 I GTalkService/c: [AndroidEndpoint@1094267224] connect: acct=1000000, state=CONNECTING
06-27 21:11:43.970 15115 15115 I GTalkService/c: [GTalkConnection@1094569024] connect: acct=1, state=CONNECTING
06-27 21:11:44.435 15115 15117 D dalvikvm: GC_CONCURRENT freed 335K, 6% free 9859K/10439K, paused 2ms+4ms
06-27 21:11:45.767   142   198 D ConnectivityService: handleInetConditionHoldEnd: net=1, condition=0, published condition=100
06-27 21:11:46.341   142   198 D ConnectivityService: handleInetConditionHoldEnd: net=1, condition=100, published condition=0
06-27 21:11:46.821   142   159 I ActivityManager: Start proc com.google.android.talk for broadcast com.google.android.talk/.ConnectionStateOnlineReceiver: pid=15578 uid=10046 gids={3003, 1015, 1006, 3002}
06-27 21:11:46.958 15578 15578 I ActivityThread: Pub com.google.android.talk.SuggestionProvider: com.google.android.talk.SuggestionsProvider
06-27 21:11:47.192 15578 15578 D vclib:CallStateClient: startListening
06-27 21:11:47.247 15578 15580 D dalvikvm: GC_CONCURRENT freed 168K, 3% free 9368K/9607K, paused 34ms+3ms
06-27 21:11:47.325   142   370 I ActivityManager: Start proc android.process.media for content provider com.android.providers.media/.MediaProvider: pid=15599 uid=10012 gids={1015, 1023, 1024, 2001, 3003, 3007}
06-27 21:11:47.352    80    80 D dalvikvm: GC_EXPLICIT freed 38K, 4% free 9031K/9347K, paused 2ms+2ms
06-27 21:11:47.392    80    80 D dalvikvm: GC_EXPLICIT freed <1K, 4% free 9031K/9347K, paused 1ms+2ms
06-27 21:11:47.407 15599 15599 I ActivityThread: Pub downloads: com.android.providers.downloads.DownloadProvider
06-27 21:11:47.423    80    80 D dalvikvm: GC_EXPLICIT freed <1K, 4% free 9031K/9347K, paused 1ms+1ms
06-27 21:11:47.470 15599 15599 I ActivityThread: Pub drm: com.android.providers.drm.DrmProvider
06-27 21:11:47.474 15599 15612 I DownloadManager: in removeSpuriousFiles
06-27 21:11:47.489 15599 15612 I DownloadManager: in removeSpuriousFiles, preserving file /mnt/sdcard/Download/Swype-Installer-2.apk
06-27 21:11:47.489 15599 15612 I DownloadManager: in removeSpuriousFiles, preserving file /mnt/sdcard/Download/manual_Gourmet_8ID.pdf
06-27 21:11:47.489 15599 15612 I DownloadManager: in removeSpuriousFiles, preserving file /data/data/com.android.providers.downloads/cache/metadata.json
06-27 21:11:47.489 15599 15612 I DownloadManager: deleting spurious file /cache/backup
06-27 21:11:47.513 15599 15599 I ActivityThread: Pub media: com.android.providers.media.MediaProvider
06-27 21:11:47.626   142  7495 I ActivityManager: Process com.google.android.gm (pid 15486) has died.
06-27 21:11:47.700 15115 15117 D dalvikvm: GC_CONCURRENT freed 440K, 6% free 9899K/10439K, paused 62ms+5ms
06-27 21:11:47.911 15599 15602 D dalvikvm: GC_CONCURRENT freed 361K, 5% free 9175K/9607K, paused 4ms+2ms
06-27 21:15:27.716 15115 15117 D dalvikvm: GC_CONCURRENT freed 522K, 7% free 9833K/10503K, paused 2ms+2ms
06-27 21:15:27.720 15115 15623 I EventLogService: Aggregate from 1340844327516 (log), 1340844327516 (data)
06-27 21:15:35.645   310   310 D wpa_supplicant: wpa_driver_wext_driver_cmd SETSUSPENDOPT 0 len = 4096
06-27 21:15:35.645   310   310 D wpa_supplicant: wpa_driver_wext_driver_cmd SETSUSPENDOPT 0 len = 0, 15
06-27 21:15:35.645   310   310 D wpa_supplicant: wpa_driver_wext_driver_cmd POWERMODE 0 len = 4096
06-27 21:15:35.653   310   310 D wpa_supplicant: wpa_driver_wext_driver_cmd OK len = 0, 2
06-27 21:15:36.063 15272 15290 W System.err: javax.net.ssl.SSLException: Read error: ssl=0x16af7b8: I/O error during system call, Connection reset by peer
06-27 21:15:36.169 15272 15290 W System.err: 	at org.apache.harmony.xnet.provider.jsse.NativeCrypto.SSL_read(Native Method)
06-27 21:15:36.173 15272 15290 W System.err: 	at org.apache.harmony.xnet.provider.jsse.OpenSSLSocketImpl$SSLInputStream.read(OpenSSLSocketImpl.java:671)
06-27 21:15:36.177 15272 15290 W System.err: 	at org.apache.http.impl.io.AbstractSessionInputBuffer.fillBuffer(AbstractSessionInputBuffer.java:103)
06-27 21:15:36.181 15272 15290 W System.err: 	at org.apache.http.impl.io.AbstractSessionInputBuffer.readLine(AbstractSessionInputBuffer.java:191)
06-27 21:15:36.181 15272 15290 W System.err: 	at org.apache.http.impl.conn.DefaultResponseParser.parseHead(DefaultResponseParser.java:82)
06-27 21:15:36.192 15272 15290 W System.err: 	at org.apache.http.impl.io.AbstractMessageParser.parse(AbstractMessageParser.java:174)
06-27 21:15:36.192 15272 15290 W System.err: 	at org.apache.http.impl.AbstractHttpClientConnection.receiveResponseHeader(AbstractHttpClientConnection.java:180)
06-27 21:15:36.196 15272 15290 W System.err: 	at org.apache.http.impl.conn.DefaultClientConnection.receiveResponseHeader(DefaultClientConnection.java:235)
06-27 21:15:36.196 15272 15290 W System.err: 	at org.apache.http.impl.conn.AbstractClientConnAdapter.receiveResponseHeader(AbstractClientConnAdapter.java:259)
06-27 21:15:36.196 15272 15290 W System.err: 	at org.apache.http.protocol.HttpRequestExecutor.doReceiveResponse(HttpRequestExecutor.java:279)
06-27 21:15:36.196 15272 15290 W System.err: 	at org.apache.http.protocol.HttpRequestExecutor.execute(HttpRequestExecutor.java:121)
06-27 21:15:36.196 15272 15290 W System.err: 	at org.apache.http.impl.client.DefaultRequestDirector.execute(DefaultRequestDirector.java:428)
06-27 21:15:36.196 15272 15290 W System.err: 	at org.apache.http.impl.client.AbstractHttpClient.execute(AbstractHttpClient.java:555)
06-27 21:15:36.196 15272 15290 W System.err: 	at org.apache.http.impl.client.AbstractHttpClient.execute(AbstractHttpClient.java:487)
06-27 21:15:36.196 15272 15290 W System.err: 	at android.net.http.AndroidHttpClient.execute(AndroidHttpClient.java:257)
06-27 21:15:36.196 15272 15290 W System.err: 	at f.a.a(SourceFile:202)
06-27 21:15:36.196 15272 15290 W System.err: 	at f.a.execute(SourceFile:244)
06-27 21:15:36.196 15272 15290 W System.err: 	at f.a.execute(SourceFile:312)
06-27 21:15:36.196 15272 15290 W System.err: 	at al.c.a(SourceFile:126)
06-27 21:15:36.200 15272 15290 W System.err: 	at al.c.f(SourceFile:172)
06-27 21:15:36.200 15272 15290 W System.err: 	at q.d.run(SourceFile:421)
06-27 21:15:36.200 15272 15290 W System.err: 	at q.c.c(SourceFile:227)
06-27 21:15:36.200 15272 15290 W System.err: 	at q.c.run(SourceFile:201)
06-27 21:15:36.200 15272 15290 W System.err: 	at an.c.run(SourceFile:96)
06-27 21:15:36.220 15272 15274 D dalvikvm: GC_CONCURRENT freed 423K, 5% free 10348K/10887K, paused 20ms+2ms
06-27 21:15:36.333   310   310 D wpa_supplicant: wpa_driver_wext_driver_cmd SETSUSPENDOPT 0 len = 4096
06-27 21:15:36.333   310   310 D wpa_supplicant: wpa_driver_wext_driver_cmd SETSUSPENDOPT 0 len = 0, 15
06-27 21:15:36.333   310   310 D wpa_supplicant: wpa_driver_wext_driver_cmd POWERMODE 0 len = 4096
06-27 21:15:36.352   310   310 D wpa_supplicant: wpa_driver_wext_driver_cmd OK len = 0, 2
06-27 21:19:28.532   142   171 I ActivityManager: Start proc com.google.android.gm for service com.google.android.gm/.provider.MailIndexerService: pid=15625 uid=10018 gids={3003, 1015}
06-27 21:19:28.606   142   171 I ActivityManager: Start proc com.google.android.apps.maps for service com.google.android.apps.maps/com.google.googlenav.prefetch.android.PrefetcherService: pid=15638 uid=10069 gids={3003, 1015}
06-27 21:19:28.669   142   171 I ActivityManager: Start proc com.google.android.apps.plus for service com.google.android.apps.plus/.service.EsService: pid=15648 uid=10072 gids={3003, 3002, 1015, 1006}
06-27 21:19:28.942   142  2680 I ActivityManager: Process com.sirma.mobile.bible.android (pid 15510) has died.
06-27 21:19:29.059 15625 15625 I ActivityThread: Pub gmail-ls: com.google.android.gm.provider.MailProvider
06-27 21:19:29.063 15638 15641 D dalvikvm: GC_CONCURRENT freed 151K, 3% free 9384K/9607K, paused 63ms+6ms
06-27 21:19:29.181   142   394 I ActivityManager: Process com.sirma.mobile.bible.android:com.urbanairship.push.process (pid 15524) has died.
06-27 21:19:29.485   142   158 I Process : Sending signal. PID: 15438 SIG: 3
06-27 21:19:29.485 15438 15442 I dalvikvm: threadid=3: reacting to signal 3
06-27 21:19:29.485 15648 15650 D dalvikvm: GC_CONCURRENT freed 154K, 3% free 9382K/9607K, paused 2ms+307ms
06-27 21:19:29.610 15638 15638 I ActivityThread: Pub com.google.android.maps.SearchHistoryProvider: com.google.googlenav.provider.SearchHistoryProvider
06-27 21:19:29.712   142   158 W ActivityManager: Activity pause timeout for ActivityRecord{41ad9540 com.amazon.kindle/com.amazon.kcp.reader.StandAloneBookReaderActivity}
06-27 21:19:29.774 15648 15648 I ActivityThread: Pub com.google.android.apps.plus.content.ApiProvider: com.google.android.apps.plus.content.EsApiProvider
06-27 21:19:29.798 15648 15648 I ActivityThread: Pub com.google.android.apps.plus.content.EsGooglePhotoProvider: com.google.android.picasasync.PicasaContentProvider
06-27 21:19:29.856 15625 15625 I ActivityThread: Pub com.google.android.gm: com.google.android.gm.provider.PublicContentProvider
06-27 21:19:29.860 15625 15625 I ActivityThread: Pub com.google.android.gmail.SuggestionProvider: com.google.android.gm.SuggestionsProvider
06-27 21:19:29.864 15638 15638 I ActivityThread: Pub com.google.android.maps.SuggestionProvider: com.google.googlenav.suggest.android.SuggestContentProvider
06-27 21:19:29.923   142   158 I Process : Sending signal. PID: 15438 SIG: 3
06-27 21:19:29.923 15438 15442 I dalvikvm: Wrote stack traces to '/data/anr/traces.txt'
06-27 21:19:29.923 15438 15442 I dalvikvm: threadid=3: reacting to signal 3
06-27 21:19:29.938 15438 15442 E dalvikvm: Unable to open stack trace file '/data/anr/traces.txt': Is a directory
06-27 21:19:30.044   142   158 I Process : Sending signal. PID: 15438 SIG: 3
06-27 21:19:30.044 15438 15442 I dalvikvm: threadid=3: reacting to signal 3
06-27 21:19:30.052 15625 15669 W Gmail   : No MailEngine for account: steven.y.ko@gmail.com
06-27 21:19:30.052 15438 15442 I dalvikvm: Wrote stack traces to '/data/anr/traces.txt'
06-27 21:19:30.056 15648 15650 D dalvikvm: GC_CONCURRENT freed 481K, 6% free 9433K/9991K, paused 14ms+26ms
06-27 21:19:30.059 15648 15648 I ActivityThread: Pub com.google.android.apps.plus.content.EsPicasaStoreProvider: com.google.android.picasastore.PicasaPhotoContentProvider
06-27 21:19:30.063 15648 15648 I ActivityThread: Pub com.google.plus.platform: com.google.android.apps.plus.content.AdsProvider
06-27 21:19:30.063 15648 15648 I ActivityThread: Pub com.google.android.apps.plus.iu.EsGoogleIuProvider: com.google.android.apps.plus.iu.InstantUploadProvider
06-27 21:19:30.075 15638 15638 I ActivityThread: Pub com.google.android.maps.LayerInfoProvider: com.google.googlenav.layer.LayerInfoProvider
06-27 21:19:30.099 15638 15638 I ActivityThread: Pub com.google.android.maps.TrafficAppWidgetProvider: com.google.googlenav.appwidget.traffic.TrafficAppWidgetProvider
06-27 21:19:30.110 15638 15638 I ActivityThread: Pub com.google.android.maps.LocalActivePlacesProvider: com.google.googlenav.provider.LocalActivePlacesProvider
06-27 21:19:30.114 15638 15638 I ActivityThread: Pub com.google.android.maps.StarredItemProvider: com.google.googlenav.provider.StarredItemProvider
06-27 21:19:30.134 15648 15648 I ActivityThread: Pub com.google.android.apps.plus.content.EsProvider: com.google.android.apps.plus.content.EsProvider
06-27 21:26:58.989 15648 15650 D dalvikvm: GC_CONCURRENT freed 372K, 5% free 9591K/10055K, paused 6ms+4ms
06-27 21:26:59.075 15638 15641 D dalvikvm: GC_CONCURRENT freed 161K, 3% free 9675K/9927K, paused 1ms+2ms
06-27 21:26:59.110   142  3975 I ActivityManager: Process android.process.acore (pid 15159) has died.
06-27 21:26:59.134 15648 15671 D PicasaPhotoCP: set fsid first time:-1
06-27 21:26:59.181   142   153 D CountryDetector: No listener is left
06-27 21:26:59.489 15638 15638 I ActivityThread: Pub com.google.android.maps.LocalSuggestionProvider: com.google.googlenav.provider.LocalSuggestionProvider
06-27 21:26:59.489 15638 15638 I ActivityThread: Pub com.google.android.maps.NavigationAvailabilityProvider: com.google.googlenav.provider.NavigationAvailabilityProvider
06-27 21:26:59.524 15638 15641 D dalvikvm: GC_CONCURRENT freed 251K, 4% free 9987K/10311K, paused 2ms+3ms
06-27 21:26:59.958 15648 15650 D dalvikvm: GC_CONCURRENT freed 208K, 4% free 9821K/10183K, paused 3ms+3ms
06-27 21:26:59.989 15638 15641 D dalvikvm: GC_CONCURRENT freed 291K, 4% free 10251K/10631K, paused 26ms+3ms
06-27 21:27:00.138 15648 15650 D dalvikvm: GC_CONCURRENT freed 261K, 4% free 10063K/10439K, paused 1ms+3ms
06-27 21:27:00.177 15648 15674 D dalvikvm: GC_FOR_ALLOC freed 188K, 5% free 10255K/10695K, paused 18ms
06-27 21:27:00.208 15648 15674 D dalvikvm: GC_FOR_ALLOC freed 373K, 6% free 10257K/10823K, paused 17ms
06-27 21:27:00.224 15648 15674 D dalvikvm: GC_FOR_ALLOC freed 126K, 5% free 10384K/10823K, paused 16ms
06-27 21:27:00.247 15648 15674 D dalvikvm: GC_FOR_ALLOC freed 369K, 6% free 10384K/10951K, paused 16ms
06-27 21:27:00.263 15648 15674 D dalvikvm: GC_FOR_ALLOC freed 126K, 5% free 10512K/10951K, paused 17ms
06-27 21:28:00.442   142   394 W ActivityManager: finishReceiver called but no pending broadcasts
06-27 21:28:00.450 15115 15701 W Smack/Packet: notify conn break (IOEx), close connection
06-27 21:28:00.474 15648 15650 D dalvikvm: GC_CONCURRENT freed 328K, 4% free 10648K/11079K, paused 2ms+2ms
06-27 21:28:00.579 15648 15650 D dalvikvm: GC_CONCURRENT freed 97K, 2% free 11007K/11207K, paused 1ms+3ms
06-27 21:28:00.684   142   154 I ActivityManager: Start proc android.process.acore for content provider com.android.providers.contacts/.ContactsProvider2: pid=15702 uid=10000 gids={3003, 1015}
06-27 21:28:00.684   142   306 I ActivityManager: Process com.google.android.talk (pid 15578) has died.
06-27 21:28:00.798 15702 15702 I ActivityThread: Pub call_log: com.android.providers.contacts.CallLogProvider
06-27 21:28:00.829 15648 15650 D dalvikvm: GC_CONCURRENT freed 384K, 5% free 11200K/11719K, paused 26ms+2ms
06-27 21:28:00.837 15702 15702 I ActivityThread: Pub com.android.voicemail: com.android.providers.contacts.VoicemailContentProvider
06-27 21:28:00.841 15702 15702 I ActivityThread: Pub user_dictionary: com.android.providers.userdictionary.UserDictionaryProvider
06-27 21:28:00.864 15702 15702 I ActivityThread: Pub com.android.social: com.android.providers.contacts.SocialProvider
06-27 21:28:00.864 15702 15702 I ActivityThread: Pub applications: com.android.providers.applications.ApplicationsProvider
06-27 21:28:00.989 15702 15704 D dalvikvm: GC_CONCURRENT freed 324K, 5% free 9149K/9607K, paused 3ms+1ms
06-27 21:28:00.997 15702 15702 I ActivityThread: Pub contacts;com.android.contacts: com.android.providers.contacts.ContactsProvider2
06-27 21:28:01.095   142   142 I ActivityManager: Process com.google.android.gsf.login (pid 15100) has died.
06-27 21:28:01.188 15648 15650 D dalvikvm: GC_CONCURRENT freed 145K, 3% free 11700K/11975K, paused 2ms+3ms
06-27 21:28:01.360 15702 15704 D dalvikvm: GC_CONCURRENT freed 197K, 4% free 9339K/9671K, paused 2ms+2ms
06-27 21:28:02.809   142   390 I ActivityManager: Start proc com.google.android.gsf.login for service com.google.android.gsf.login/com.google.android.gsf.loginservice.GoogleLoginService: pid=15722 uid=10009 gids={3003, 1015, 1007, 2001, 3006}
06-27 21:28:03.614   142   198 D ConnectivityService: handleInetConditionHoldEnd: net=1, condition=0, published condition=100
06-27 21:28:04.442 15702 15704 D dalvikvm: GC_CONCURRENT freed 202K, 4% free 9528K/9863K, paused 9ms+12ms
06-27 21:28:05.056 15648 15650 D dalvikvm: GC_CONCURRENT freed 725K, 7% free 11774K/12615K, paused 63ms+68ms
06-27 21:28:07.329   142   142 I ActivityManager: Process android.process.acore (pid 15702) has died.
06-27 21:28:07.606 15115 15115 I GTalkService/c: [AndroidEndpoint@1094267224] connect: acct=1000000, state=CONNECTING
06-27 21:28:07.614 15115 15115 I GTalkService/c: [GTalkConnection@1094569024] connect: acct=1, state=CONNECTING
06-27 21:28:07.681 15648 15650 D dalvikvm: GC_CONCURRENT freed 610K, 6% free 12008K/12743K, paused 2ms+19ms
06-27 21:28:07.895   142   145 D dalvikvm: GC_CONCURRENT freed 2014K, 29% free 17922K/25095K, paused 24ms+8ms
06-27 21:28:08.575 15115 15117 D dalvikvm: GC_CONCURRENT freed 256K, 5% free 9981K/10503K, paused 2ms+9ms
06-27 21:28:09.345   142   342 D dalvikvm: GC_EXPLICIT freed 222K, 30% free 17704K/25095K, paused 3ms+9ms
06-27 21:28:10.224   142   306 I ActivityManager: Start proc android.process.acore for content provider com.android.providers.contacts/.ContactsProvider2: pid=15746 uid=10000 gids={3003, 1015}
06-27 21:28:10.294 15746 15746 I ActivityThread: Pub call_log: com.android.providers.contacts.CallLogProvider
06-27 21:28:10.356 15746 15746 I ActivityThread: Pub com.android.voicemail: com.android.providers.contacts.VoicemailContentProvider
06-27 21:28:10.360   142   198 D ConnectivityService: handleInetConditionHoldEnd: net=1, condition=100, published condition=0
06-27 21:28:10.380 15746 15746 I ActivityThread: Pub user_dictionary: com.android.providers.userdictionary.UserDictionaryProvider
06-27 21:28:10.423 15746 15746 I ActivityThread: Pub com.android.social: com.android.providers.contacts.SocialProvider
06-27 21:28:10.423 15746 15746 I ActivityThread: Pub applications: com.android.providers.applications.ApplicationsProvider
06-27 21:28:10.509 15746 15746 I ActivityThread: Pub contacts;com.android.contacts: com.android.providers.contacts.ContactsProvider2
06-27 21:28:10.559 15746 15747 D dalvikvm: GC_CONCURRENT freed 347K, 5% free 9189K/9607K, paused 2ms+22ms
06-27 21:28:11.419 15746 15747 D dalvikvm: GC_CONCURRENT freed 253K, 4% free 9352K/9735K, paused 6ms+3ms
06-27 21:28:11.552   142  2680 I ActivityManager: Process com.google.android.apps.maps (pid 15638) has died.
06-27 21:28:12.083   142   158 I Process : Sending signal. PID: 15438 SIG: 3
06-27 21:28:12.083 15438 15442 I dalvikvm: threadid=3: reacting to signal 3
06-27 21:28:12.169 15438 15442 I dalvikvm: Wrote stack traces to '/data/anr/traces.txt'
06-27 21:28:12.731   142   159 I ActivityManager: Start proc com.google.android.talk for broadcast com.google.android.talk/.ConnectionStateOnlineReceiver: pid=15763 uid=10046 gids={3003, 1015, 1006, 3002}
06-27 21:28:12.974 15763 15763 I ActivityThread: Pub com.google.android.talk.SuggestionProvider: com.google.android.talk.SuggestionsProvider
06-27 21:28:13.286 15648 15650 D dalvikvm: GC_CONCURRENT freed 948K, 9% free 11999K/13063K, paused 29ms+4ms
06-27 21:28:13.477 15763 15763 D vclib:CallStateClient: startListening
06-27 21:28:13.724 15763 15765 D dalvikvm: GC_CONCURRENT freed 156K, 3% free 9368K/9607K, paused 80ms+2ms
06-27 21:28:14.524 15115 15236 D dalvikvm: GC_EXPLICIT freed 416K, 6% free 9918K/10503K, paused 11ms+3ms
06-27 21:28:14.602   142   390 I ActivityManager: Process android.process.media (pid 15599) has died.
06-27 21:28:14.798 15438 15457 D dalvikvm: GC_FOR_ALLOC freed 1583K, 16% free 14597K/17351K, paused 133ms
06-27 21:28:15.091   142   390 I ActivityManager: Start proc android.process.media for content provider com.android.providers.media/.MediaProvider: pid=15791 uid=10012 gids={1015, 1023, 1024, 2001, 3003, 3007}
06-27 21:28:15.188   142  3975 I ActivityManager: Process com.google.android.gm (pid 15625) has died.
06-27 21:28:15.204 15791 15791 I ActivityThread: Pub downloads: com.android.providers.downloads.DownloadProvider
06-27 21:28:15.263 15791 15791 I ActivityThread: Pub drm: com.android.providers.drm.DrmProvider
06-27 21:28:15.263 15791 15804 I DownloadManager: in removeSpuriousFiles
06-27 21:28:15.274 15791 15791 I ActivityThread: Pub media: com.android.providers.media.MediaProvider
06-27 21:28:15.536 15648 15650 D dalvikvm: GC_CONCURRENT freed 787K, 8% free 12081K/13063K, paused 3ms+4ms
06-27 21:28:15.587 15791 15804 I DownloadManager: in removeSpuriousFiles, preserving file /mnt/sdcard/Download/Swype-Installer-2.apk
06-27 21:28:15.587 15791 15804 I DownloadManager: in removeSpuriousFiles, preserving file /mnt/sdcard/Download/manual_Gourmet_8ID.pdf
06-27 21:28:15.587 15791 15804 I DownloadManager: in removeSpuriousFiles, preserving file /data/data/com.android.providers.downloads/cache/metadata.json
06-27 21:28:15.587 15791 15804 I DownloadManager: deleting spurious file /cache/backup
06-27 21:28:15.692   142   158 I Process : Sending signal. PID: 15438 SIG: 3
06-27 21:28:15.692 15438 15442 I dalvikvm: threadid=3: reacting to signal 3
06-27 21:28:16.056   142   158 W ActivityManager: Activity pause timeout for ActivityRecord{41ad9540 com.amazon.kindle/com.amazon.kcp.reader.StandAloneBookReaderActivity}
06-27 21:28:16.063   142   158 I Process : Sending signal. PID: 15438 SIG: 3
06-27 21:28:16.099 15438 15442 I dalvikvm: Wrote stack traces to '/data/anr/traces.txt'
06-27 21:28:16.102 15438 15442 I dalvikvm: threadid=3: reacting to signal 3
