06-20 12:54:05.758   741   743 D dalvikvm: GC_CONCURRENT freed 470K, 8% free 10810K/11719K, paused 2ms+3ms
06-20 12:54:05.864   569   571 D dalvikvm: GC_CONCURRENT freed 689K, 9% free 10047K/11015K, paused 2ms+3ms
06-20 12:54:06.055   569   571 D dalvikvm: GC_CONCURRENT freed 246K, 8% free 10191K/11015K, paused 2ms+3ms
06-20 12:54:06.184   151   587 D dalvikvm: GC_EXPLICIT freed 265K, 6% free 13912K/14727K, paused 2ms+4ms
06-20 12:54:06.293   569   571 D dalvikvm: GC_CONCURRENT freed 363K, 8% free 10224K/11015K, paused 2ms+2ms
06-20 12:54:06.493   569   571 D dalvikvm: GC_CONCURRENT freed 369K, 7% free 10247K/11015K, paused 1ms+2ms
06-20 12:54:06.825   569   571 D dalvikvm: GC_CONCURRENT freed 337K, 7% free 10306K/11015K, paused 2ms+2ms
06-20 12:54:08.965  1271  1303 I PhoneLab-: Service Running
06-20 12:54:09.078  1271  1303 I PhoneLab-LoggerService: app_37    1308  1271  1796   1424  c00f181c 400107b4 S logcat
06-20 12:54:09.078  1271  1303 I PhoneLab-LoggerService: Logcat pid from database 1308
06-20 12:54:09.078  1271  1303 I PhoneLab-LoggerService: Logcat process found 1308
06-20 12:54:09.078  1271  1303 I PhoneLab-LoggerService: Checking Threshold
06-20 12:54:09.078  1271  1303 I PhoneLab-LoggerService: Starting to rename files
06-20 12:54:09.078  1271  1303 I PhoneLab-LoggerService: Files found .. 3
06-20 12:54:09.078  1271  1303 I PhoneLab-LoggerService: File 1 log.out.1
06-20 12:54:09.086  1271  1303 I PhoneLab-LoggerService: Renamed successfully
06-20 12:54:09.207   741   743 D dalvikvm: GC_CONCURRENT freed 475K, 8% free 10834K/11719K, paused 2ms+2ms
06-20 12:54:09.309   569   571 D dalvikvm: GC_CONCURRENT freed 712K, 10% free 10019K/11015K, paused 2ms+3ms
06-20 12:54:09.504   569   571 D dalvikvm: GC_CONCURRENT freed 241K, 8% free 10175K/11015K, paused 2ms+2ms
06-20 12:54:09.684   569   571 D dalvikvm: GC_CONCURRENT freed 352K, 8% free 10213K/11015K, paused 2ms+2ms
06-20 12:54:09.875   569   571 D dalvikvm: GC_CONCURRENT freed 361K, 7% free 10250K/11015K, paused 2ms+2ms
06-20 12:54:10.215   569   571 D dalvikvm: GC_CONCURRENT freed 347K, 7% free 10306K/11015K, paused 2ms+3ms
06-20 12:54:11.098   741   743 D dalvikvm: GC_CONCURRENT freed 474K, 8% free 10839K/11719K, paused 2ms+2ms
06-20 12:54:11.180   569   571 D dalvikvm: GC_CONCURRENT freed 709K, 10% free 10022K/11015K, paused 2ms+2ms
06-20 12:54:11.383   569   571 D dalvikvm: GC_CONCURRENT freed 242K, 8% free 10168K/11015K, paused 2ms+3ms
06-20 12:54:11.559   569   571 D dalvikvm: GC_CONCURRENT freed 352K, 8% free 10212K/11015K, paused 2ms+3ms
06-20 12:54:11.739   569   571 D dalvikvm: GC_CONCURRENT freed 352K, 7% free 10248K/11015K, paused 1ms+3ms
06-20 12:54:12.078   569   571 D dalvikvm: GC_CONCURRENT freed 341K, 7% free 10301K/11015K, paused 1ms+3ms
06-20 12:54:14.536   741   743 D dalvikvm: GC_CONCURRENT freed 474K, 8% free 10848K/11719K, paused 2ms+3ms
06-20 12:54:14.625   569   571 D dalvikvm: GC_CONCURRENT freed 718K, 10% free 10007K/11015K, paused 1ms+3ms
06-20 12:54:14.809   569   571 D dalvikvm: GC_CONCURRENT freed 217K, 8% free 10182K/11015K, paused 2ms+2ms
06-20 12:54:14.942   569   637 D dalvikvm: GC_EXPLICIT freed 258K, 8% free 10193K/11015K, paused 2ms+4ms
06-20 12:54:15.106   569   571 D dalvikvm: GC_CONCURRENT freed 347K, 8% free 10243K/11015K, paused 2ms+3ms
06-20 12:54:15.340   569   571 D dalvikvm: GC_CONCURRENT freed 364K, 7% free 10275K/11015K, paused 2ms+2ms
06-20 12:54:15.664   569   571 D dalvikvm: GC_CONCURRENT freed 330K, 7% free 10331K/11015K, paused 2ms+2ms
06-20 12:54:18.246   741   743 D dalvikvm: GC_CONCURRENT freed 485K, 8% free 10847K/11719K, paused 2ms+3ms
06-20 12:54:18.332   569   571 D dalvikvm: GC_CONCURRENT freed 728K, 9% free 10026K/11015K, paused 2ms+2ms
06-20 12:54:18.524   569   571 D dalvikvm: GC_CONCURRENT freed 229K, 8% free 10192K/11015K, paused 2ms+2ms
06-20 12:54:18.692   569   571 D dalvikvm: GC_CONCURRENT freed 340K, 8% free 10239K/11015K, paused 2ms+3ms
06-20 12:54:18.864   569   571 D dalvikvm: GC_CONCURRENT freed 381K, 7% free 10254K/11015K, paused 1ms+3ms
06-20 12:54:19.145   569   571 D dalvikvm: GC_CONCURRENT freed 335K, 7% free 10311K/11015K, paused 2ms+3ms
06-20 12:54:21.356   569   571 D dalvikvm: GC_CONCURRENT freed 829K, 11% free 9872K/11015K, paused 1ms+7ms
06-20 12:54:21.481   569   571 D dalvikvm: GC_CONCURRENT freed 151K, 9% free 10122K/11015K, paused 2ms+2ms
06-20 12:54:21.594   151  1077 D dalvikvm: GC_EXPLICIT freed 248K, 6% free 13912K/14727K, paused 3ms+5ms
06-20 12:54:21.758   569   571 D dalvikvm: GC_CONCURRENT freed 303K, 8% free 10211K/11015K, paused 2ms+2ms
06-20 12:54:21.930   569   571 D dalvikvm: GC_CONCURRENT freed 379K, 8% free 10223K/11015K, paused 1ms+3ms
06-20 12:54:22.145   569   571 D dalvikvm: GC_CONCURRENT freed 350K, 7% free 10262K/11015K, paused 1ms+3ms
06-20 12:54:22.493   569   571 D dalvikvm: GC_CONCURRENT freed 349K, 7% free 10305K/11015K, paused 1ms+3ms
06-20 12:54:24.547   741   743 D dalvikvm: GC_CONCURRENT freed 484K, 8% free 10889K/11719K, paused 2ms+3ms
06-20 12:54:24.739   569   571 D dalvikvm: GC_CONCURRENT freed 700K, 9% free 10029K/11015K, paused 2ms+2ms
06-20 12:54:24.930   569   571 D dalvikvm: GC_CONCURRENT freed 242K, 8% free 10187K/11015K, paused 1ms+3ms
06-20 12:54:25.110   569   571 D dalvikvm: GC_CONCURRENT freed 368K, 8% free 10210K/11015K, paused 2ms+2ms
06-20 12:54:25.282   569   571 D dalvikvm: GC_CONCURRENT freed 360K, 8% free 10243K/11015K, paused 1ms+2ms
06-20 12:54:25.602   569   571 D dalvikvm: GC_CONCURRENT freed 331K, 7% free 10299K/11015K, paused 2ms+3ms
06-20 12:54:28.844   741   743 D dalvikvm: GC_CONCURRENT freed 613K, 8% free 10805K/11719K, paused 2ms+3ms
06-20 12:54:29.020   569   571 D dalvikvm: GC_CONCURRENT freed 799K, 10% free 9924K/11015K, paused 2ms+4ms
06-20 12:54:29.192   569   571 D dalvikvm: GC_CONCURRENT freed 172K, 8% free 10148K/11015K, paused 2ms+2ms
06-20 12:54:29.360   569   571 D dalvikvm: GC_CONCURRENT freed 325K, 8% free 10213K/11015K, paused 2ms+2ms
06-20 12:54:29.528   569   571 D dalvikvm: GC_CONCURRENT freed 368K, 8% free 10234K/11015K, paused 2ms+3ms
06-20 12:54:29.789   569   571 D dalvikvm: GC_CONCURRENT freed 343K, 7% free 10277K/11015K, paused 2ms+3ms
06-20 12:54:30.297   569   571 D dalvikvm: GC_CONCURRENT freed 367K, 7% free 10296K/11015K, paused 2ms+2ms
06-20 12:54:30.743   151   202 I power   : *** set_screen_state 1
06-20 12:54:30.938    79   118 D SurfaceFlinger: Screen about to return, flinger = 0x13e1918
06-20 12:54:31.063   151   202 I WindowManager: Lock screen displayed!
06-20 12:54:31.653  1627  1627 D wpa_supplicant: wpa_driver_wext_driver_cmd SETSUSPENDOPT 0 len = 4096
06-20 12:54:31.653  1627  1627 D wpa_supplicant: wpa_driver_wext_driver_cmd SETSUSPENDOPT 0 len = 0, 15
06-20 12:54:31.653  1627  1627 D wpa_supplicant: wpa_driver_wext_driver_cmd POWERMODE 0 len = 4096
06-20 12:54:31.661  1627  1627 D wpa_supplicant: wpa_driver_wext_driver_cmd OK len = 0, 2
06-20 12:54:32.348   390   390 D PhoneStatusBar: disable: < expand icons alerts ticker system_info BACK HOME recent* CLOCK >
06-20 12:54:32.360    82   122 D AudioHardware: AudioHardware pcm playback is exiting standby.
06-20 12:54:32.360    82   122 D AudioHardware: openPcmOut_l() mPcmOpenCnt: 0
06-20 12:54:32.368   151   588 W InputManagerService: Window already focused, ignoring focus gain of: com.android.internal.view.IInputMethodClient$Stub$Proxy@41543718
06-20 12:54:32.379   390   390 D PhoneStatusBar: disable: < expand icons alerts ticker system_info back* home* recent clock* >
06-20 12:54:32.387   486  1817 D NfcService: NFC-C ON
06-20 12:54:32.563   741   743 D dalvikvm: GC_CONCURRENT freed 339K, 7% free 10959K/11719K, paused 7ms+5ms
06-20 12:54:32.926   569   571 D dalvikvm: GC_CONCURRENT freed 605K, 9% free 10112K/11015K, paused 2ms+2ms
06-20 12:54:33.219   569   571 D dalvikvm: GC_CONCURRENT freed 277K, 8% free 10223K/11015K, paused 2ms+3ms
06-20 12:54:33.481   569   571 D dalvikvm: GC_CONCURRENT freed 378K, 8% free 10232K/11015K, paused 3ms+3ms
06-20 12:54:33.731   569   571 D dalvikvm: GC_CONCURRENT freed 354K, 7% free 10263K/11015K, paused 2ms+4ms
06-20 12:54:33.875   151   588 I ActivityManager: START {act=android.intent.action.MAIN cat=[android.intent.category.LAUNCHER] flg=0x10200000 cmp=com.android.settings/.Settings bnds=[360,556][480,706]} from pid 1553
06-20 12:54:33.985  1153  1153 D dalvikvm: GC_EXPLICIT freed 26K, 6% free 10146K/10759K, paused 5ms+6ms
06-20 12:54:34.071  1553  1553 D OpenGLRenderer: Flushing caches (mode 0)
06-20 12:54:34.176  1553  1553 D OpenGLRenderer: Flushing caches (mode 1)
06-20 12:54:34.477   569   571 D dalvikvm: GC_CONCURRENT freed 334K, 7% free 10321K/11015K, paused 2ms+3ms
06-20 12:54:35.598   151   580 I ActivityManager: START {act=android.intent.action.MAIN cmp=com.android.settings/.SubSettings (has extras)} from pid 1153
06-20 12:54:36.215   151   167 I Process : Sending signal. PID: 1153 SIG: 3
06-20 12:54:36.215  1153  1158 I dalvikvm: threadid=3: reacting to signal 3
06-20 12:54:36.711   151   167 I Process : Sending signal. PID: 1153 SIG: 3
06-20 12:54:37.231   151   167 I Process : Sending signal. PID: 1153 SIG: 3
06-20 12:54:37.399  1153  1158 I dalvikvm: Wrote stack traces to '/data/anr/traces.txt'
06-20 12:54:37.399  1153  1158 I dalvikvm: threadid=3: reacting to signal 3
06-20 12:54:37.426  1153  1158 E dalvikvm: Unable to open stack trace file '/data/anr/traces.txt': Is a directory
06-20 12:54:37.590   151   201 I ActivityManager: Displayed com.android.settings/.SubSettings: +1s891ms
06-20 12:54:37.610  1153  1153 D OpenGLRenderer: Flushing caches (mode 0)
06-20 12:54:37.703   741   743 D dalvikvm: GC_CONCURRENT freed 779K, 9% free 10711K/11719K, paused 45ms+3ms
06-20 12:54:37.914   569   571 D dalvikvm: GC_CONCURRENT freed 822K, 11% free 9893K/11015K, paused 2ms+4ms
06-20 12:54:38.063   569   571 D dalvikvm: GC_CONCURRENT freed 159K, 9% free 10118K/11015K, paused 2ms+2ms
06-20 12:54:38.262   569   571 D dalvikvm: GC_CONCURRENT freed 312K, 8% free 10195K/11015K, paused 2ms+2ms
06-20 12:54:38.348   151   162 D dalvikvm: GC_EXPLICIT freed 803K, 8% free 13821K/14983K, paused 2ms+6ms
06-20 12:54:38.528   569   571 D dalvikvm: GC_CONCURRENT freed 359K, 8% free 10222K/11015K, paused 2ms+5ms
06-20 12:54:38.684    82   122 D AudioHardware: AudioHardware pcm playback is going to standby.
06-20 12:54:38.684    82   122 D AudioHardware: closePcmOut_l() mPcmOpenCnt: 1
06-20 12:54:38.875   569   571 D dalvikvm: GC_CONCURRENT freed 347K, 7% free 10260K/11015K, paused 2ms+4ms
06-20 12:54:39.407   569   571 D dalvikvm: GC_CONCURRENT freed 365K, 7% free 10280K/11015K, paused 2ms+4ms
06-20 12:54:41.387   741   743 D dalvikvm: GC_CONCURRENT freed 447K, 9% free 10714K/11719K, paused 3ms+3ms
06-20 12:54:41.571   569   571 D dalvikvm: GC_CONCURRENT freed 604K, 9% free 10079K/11015K, paused 2ms+3ms
06-20 12:54:41.805   569   571 D dalvikvm: GC_CONCURRENT freed 254K, 8% free 10209K/11015K, paused 2ms+3ms
06-20 12:54:42.016   569   571 D dalvikvm: GC_CONCURRENT freed 373K, 8% free 10224K/11015K, paused 2ms+3ms
06-20 12:54:42.071   569   637 D dalvikvm: GC_EXPLICIT freed 75K, 8% free 10170K/11015K, paused 3ms+3ms
06-20 12:54:42.262   569   571 D dalvikvm: GC_CONCURRENT freed 292K, 7% free 10271K/11015K, paused 2ms+3ms
06-20 12:54:42.649   569   571 D dalvikvm: GC_CONCURRENT freed 341K, 7% free 10327K/11015K, paused 2ms+2ms
06-20 12:54:44.731   741   743 D dalvikvm: GC_CONCURRENT freed 273K, 7% free 10916K/11719K, paused 2ms+4ms
06-20 12:54:44.922   569   571 D dalvikvm: GC_CONCURRENT freed 766K, 10% free 9983K/11015K, paused 2ms+3ms
06-20 12:54:45.094   569   571 D dalvikvm: GC_CONCURRENT freed 202K, 8% free 10167K/11015K, paused 2ms+3ms
06-20 12:54:45.278   569   571 D dalvikvm: GC_CONCURRENT freed 327K, 8% free 10228K/11015K, paused 1ms+3ms
06-20 12:54:45.477   569   571 D dalvikvm: GC_CONCURRENT freed 368K, 7% free 10247K/11015K, paused 2ms+3ms
06-20 12:54:45.786   569   571 D dalvikvm: GC_CONCURRENT freed 341K, 7% free 10300K/11015K, paused 2ms+3ms
06-20 12:54:46.371   569   571 D dalvikvm: GC_CONCURRENT freed 364K, 7% free 10323K/11015K, paused 2ms+3ms
06-20 12:54:48.446   741   743 D dalvikvm: GC_CONCURRENT freed 481K, 7% free 10968K/11719K, paused 2ms+3ms
06-20 12:54:48.637   569   571 D dalvikvm: GC_CONCURRENT freed 653K, 9% free 10069K/11015K, paused 2ms+3ms
06-20 12:54:48.856   569   571 D dalvikvm: GC_CONCURRENT freed 240K, 8% free 10217K/11015K, paused 2ms+3ms
06-20 12:54:49.059   569   571 D dalvikvm: GC_CONCURRENT freed 354K, 7% free 10249K/11015K, paused 2ms+3ms
06-20 12:54:49.254   569   571 D dalvikvm: GC_CONCURRENT freed 368K, 7% free 10272K/11015K, paused 2ms+3ms
06-20 12:54:49.571   569   571 D dalvikvm: GC_CONCURRENT freed 344K, 7% free 10328K/11015K, paused 2ms+3ms
06-20 12:54:50.149   569   571 D dalvikvm: GC_CONCURRENT freed 360K, 6% free 10355K/11015K, paused 1ms+4ms
06-20 12:54:52.618   741   743 D dalvikvm: GC_CONCURRENT freed 794K, 9% free 10715K/11719K, paused 3ms+3ms
06-20 12:54:52.817   569   571 D dalvikvm: GC_CONCURRENT freed 686K, 9% free 10069K/11015K, paused 2ms+3ms
06-20 12:54:53.020   569   571 D dalvikvm: GC_CONCURRENT freed 192K, 7% free 10264K/11015K, paused 1ms+2ms
06-20 12:54:53.219   569   571 D dalvikvm: GC_CONCURRENT freed 351K, 7% free 10308K/11015K, paused 1ms+3ms
06-20 12:54:53.407   569   571 D dalvikvm: GC_CONCURRENT freed 362K, 7% free 10335K/11015K, paused 2ms+3ms
06-20 12:54:53.653   569   571 D dalvikvm: GC_CONCURRENT freed 350K, 6% free 10372K/11015K, paused 2ms+3ms
06-20 12:54:54.020   569   571 D dalvikvm: GC_CONCURRENT freed 340K, 6% free 10422K/11015K, paused 2ms+3ms
06-20 12:54:56.993   741   743 D dalvikvm: GC_CONCURRENT freed 249K, 7% free 10942K/11719K, paused 2ms+3ms
06-20 12:54:57.102   151  1082 D dalvikvm: GC_EXPLICIT freed 983K, 13% free 13053K/14983K, paused 2ms+4ms
06-20 12:54:57.223   569   571 D dalvikvm: GC_CONCURRENT freed 850K, 10% free 9970K/11015K, paused 2ms+4ms
06-20 12:54:57.399   569   571 D dalvikvm: GC_CONCURRENT freed 185K, 8% free 10170K/11015K, paused 2ms+3ms
06-20 12:54:57.594   569   571 D dalvikvm: GC_CONCURRENT freed 328K, 8% free 10233K/11015K, paused 1ms+3ms
06-20 12:54:57.789   569   571 D dalvikvm: GC_CONCURRENT freed 371K, 7% free 10251K/11015K, paused 2ms+4ms
06-20 12:54:58.102   569   571 D dalvikvm: GC_CONCURRENT freed 346K, 7% free 10290K/11015K, paused 1ms+4ms
06-20 12:54:58.446   569   571 D dalvikvm: GC_CONCURRENT freed 337K, 7% free 10343K/11015K, paused 2ms+3ms
06-20 12:55:01.203   741   743 D dalvikvm: GC_CONCURRENT freed 855K, 10% free 10619K/11719K, paused 2ms+3ms
06-20 12:55:01.344   569   571 D dalvikvm: GC_CONCURRENT freed 754K, 10% free 9986K/11015K, paused 2ms+3ms
06-20 12:55:01.551   569   571 D dalvikvm: GC_CONCURRENT freed 194K, 8% free 10187K/11015K, paused 2ms+2ms
06-20 12:55:01.758   569   571 D dalvikvm: GC_CONCURRENT freed 338K, 8% free 10238K/11015K, paused 2ms+3ms
06-20 12:55:01.953   569   571 D dalvikvm: GC_CONCURRENT freed 365K, 7% free 10261K/11015K, paused 1ms+3ms
06-20 12:55:02.293   569   571 D dalvikvm: GC_CONCURRENT freed 344K, 7% free 10308K/11015K, paused 2ms+3ms
06-20 12:55:02.969   569   571 D dalvikvm: GC_CONCURRENT freed 367K, 7% free 10329K/11015K, paused 2ms+3ms
06-20 12:55:05.489   741   743 D dalvikvm: GC_CONCURRENT freed 487K, 10% free 10554K/11719K, paused 2ms+4ms
06-20 12:55:05.633   569   571 D dalvikvm: GC_CONCURRENT freed 620K, 9% free 10116K/11015K, paused 2ms+2ms
06-20 12:55:05.868   569   571 D dalvikvm: GC_CONCURRENT freed 287K, 8% free 10219K/11015K, paused 2ms+3ms
06-20 12:55:06.067   569   571 D dalvikvm: GC_CONCURRENT freed 379K, 8% free 10229K/11015K, paused 2ms+3ms
06-20 12:55:06.282   569   571 D dalvikvm: GC_CONCURRENT freed 356K, 7% free 10270K/11015K, paused 2ms+3ms
06-20 12:55:06.653   569   571 D dalvikvm: GC_CONCURRENT freed 340K, 7% free 10321K/11015K, paused 2ms+2ms
06-20 12:55:10.121   741  1732 D ContactsSyncAdapter: FAILURE: processed 2020 records in 297842 ms from feed http://www.google.com/m8/feeds/contacts/steven.y.ko@gmail.com/base2_property-android_linksto-gprofiles, updated time is null
06-20 12:55:10.286  1324  1324 D OpenGLRenderer: Flushing caches (mode 1)
06-20 12:55:10.399   725   738 I CalendarProvider2: No events to update: uri=content://com.android.calendar/events?account_name=steven.y.ko%40gmail.com&account_type=com.google&caller_is_syncadapter=true selection=_sync_id IS NOT NULL AND calendar_id=1 selectionArgs=null
06-20 12:55:12.567  1634  1637 D dalvikvm: GC_CONCURRENT freed 295K, 5% free 9305K/9735K, paused 2ms+2ms
06-20 12:55:12.821  1634  1637 D dalvikvm: GC_CONCURRENT freed 344K, 5% free 9394K/9863K, paused 2ms+3ms
06-20 12:55:12.989   725   727 D dalvikvm: GC_CONCURRENT freed 215K, 4% free 9452K/9799K, paused 4ms+2ms
06-20 12:55:13.200   151   503 D dalvikvm: GC_EXPLICIT freed 320K, 13% free 13060K/14983K, paused 3ms+5ms
06-20 12:55:13.321   725   727 D dalvikvm: GC_CONCURRENT freed 383K, 6% free 9475K/9991K, paused 2ms+2ms
06-20 12:55:13.664   725   727 D dalvikvm: GC_CONCURRENT freed 613K, 8% free 9309K/10055K, paused 2ms+6ms
06-20 12:55:13.700   725   738 D dalvikvm: GC_EXPLICIT freed 46K, 8% free 9266K/10055K, paused 6ms+3ms
06-20 12:55:14.075  1324  1324 D OpenGLRenderer: Flushing caches (mode 1)
06-20 12:55:14.555   741   743 D dalvikvm: GC_CONCURRENT freed 615K, 12% free 10324K/11719K, paused 36ms+3ms
06-20 12:55:14.606   741  1829 D ContactsSyncAdapter: resuming download from index 2020, id http://www.google.com/m8/feeds/contacts/steven.y.ko%40gmail.com/base/5f3982f08b16b0b8
06-20 12:55:15.145   741   743 D dalvikvm: GC_CONCURRENT freed 229K, 11% free 10499K/11719K, paused 2ms+3ms
06-20 12:55:15.164   569  1810 D dalvikvm: GC_EXPLICIT freed 824K, 11% free 9848K/11015K, paused 6ms+4ms
06-20 12:55:15.332   569   571 D dalvikvm: GC_CONCURRENT freed 161K, 9% free 10079K/11015K, paused 1ms+3ms
06-20 12:55:15.575   569   571 D dalvikvm: GC_CONCURRENT freed 263K, 8% free 10203K/11015K, paused 2ms+3ms
06-20 12:55:15.778   569   571 D dalvikvm: GC_CONCURRENT freed 367K, 8% free 10226K/11015K, paused 2ms+3ms
06-20 12:55:15.977   569   571 D dalvikvm: GC_CONCURRENT freed 340K, 7% free 10273K/11015K, paused 2ms+3ms
06-20 12:55:16.325   569   571 D dalvikvm: GC_CONCURRENT freed 344K, 7% free 10320K/11015K, paused 2ms+3ms
06-20 12:55:19.184   725  1831 W ContentResolver: Failed to get type for: content://com.android.calendar/1340214900000 (Unknown URL content://com.android.calendar/1340214900000)
06-20 12:55:19.395   741   743 D dalvikvm: GC_CONCURRENT freed 490K, 12% free 10405K/11719K, paused 2ms+3ms
06-20 12:55:19.512   569   571 D dalvikvm: GC_CONCURRENT freed 796K, 10% free 9918K/11015K, paused 2ms+4ms
06-20 12:55:19.672   569   571 D dalvikvm: GC_CONCURRENT freed 158K, 8% free 10150K/11015K, paused 2ms+2ms
06-20 12:55:19.868   569   571 D dalvikvm: GC_CONCURRENT freed 298K, 8% free 10242K/11015K, paused 2ms+2ms
06-20 12:55:20.055   569   571 D dalvikvm: GC_CONCURRENT freed 383K, 7% free 10248K/11015K, paused 1ms+4ms
06-20 12:55:20.266   569   571 D dalvikvm: GC_CONCURRENT freed 365K, 7% free 10270K/11015K, paused 2ms+2ms
06-20 12:55:20.653   569   571 D dalvikvm: GC_CONCURRENT freed 326K, 7% free 10334K/11015K, paused 2ms+3ms
06-20 12:55:24.110   569   571 D dalvikvm: GC_CONCURRENT freed 761K, 10% free 9960K/11015K, paused 2ms+3ms
06-20 12:55:24.360   569   571 D dalvikvm: GC_CONCURRENT freed 389K, 10% free 9959K/11015K, paused 2ms+3ms
06-20 12:55:24.957   741   743 D dalvikvm: GC_CONCURRENT freed 485K, 12% free 10314K/11719K, paused 2ms+3ms
06-20 12:55:26.965   151  1074 D dalvikvm: GC_EXPLICIT freed 277K, 13% free 13067K/14983K, paused 14ms+5ms
06-20 12:55:28.211   569   754 D dalvikvm: GC_FOR_ALLOC freed 520K, 11% free 9814K/11015K, paused 20ms
06-20 12:55:30.485   569   913 D dalvikvm: GC_FOR_ALLOC freed 334K, 12% free 9771K/11015K, paused 28ms
06-20 12:55:34.692  1153  1153 D OpenGLRenderer: Flushing caches (mode 0)
06-20 12:55:34.707   569   582 D dalvikvm: GC_FOR_ALLOC freed 357K, 12% free 9790K/11015K, paused 51ms
06-20 12:55:34.981  1153  1153 D dalvikvm: GC_EXPLICIT freed 109K, 5% free 10227K/10759K, paused 10ms+5ms
06-20 12:55:35.321   741   743 D dalvikvm: GC_CONCURRENT freed 413K, 13% free 10286K/11719K, paused 22ms+2ms
06-20 12:55:37.563   569   637 D dalvikvm: GC_FOR_ALLOC freed 367K, 12% free 9776K/11015K, paused 18ms
06-20 12:55:38.297   151   162 I ActivityManager: START {act=android.intent.action.MAIN cmp=com.android.settings/.SubSettings (has extras)} from pid 1153
06-20 12:55:38.321    82   122 D AudioHardware: AudioHardware pcm playback is exiting standby.
06-20 12:55:38.321    82   122 D AudioHardware: openPcmOut_l() mPcmOpenCnt: 0
06-20 12:55:38.547   151   201 I ActivityManager: Displayed com.android.settings/.SubSettings: +193ms
06-20 12:55:38.567  1153  1153 D OpenGLRenderer: Flushing caches (mode 0)
06-20 12:55:39.875   151   588 I ActivityManager: START {act=android.intent.action.MAIN cmp=com.android.settings/.SubSettings (has extras)} from pid 1153
06-20 12:55:39.977  1153  1153 D dalvikvm: GC_FOR_ALLOC freed 575K, 8% free 9940K/10759K, paused 21ms
06-20 12:55:40.266  1153  1155 D dalvikvm: GC_CONCURRENT freed 162K, 6% free 10165K/10759K, paused 2ms+7ms
06-20 12:55:40.293   151   201 I ActivityManager: Displayed com.android.settings/.SubSettings: +382ms
06-20 12:55:40.332  1153  1153 D OpenGLRenderer: Flushing caches (mode 0)
06-20 12:55:42.965    82   122 D AudioHardware: AudioHardware pcm playback is going to standby.
06-20 12:55:42.965    82   122 D AudioHardware: closePcmOut_l() mPcmOpenCnt: 1
06-20 12:55:43.438   569   571 D dalvikvm: GC_CONCURRENT freed 382K, 12% free 9778K/11015K, paused 21ms+4ms
06-20 12:55:43.821   725   725 I CalendarProvider2: Sending notification intent: Intent { act=android.intent.action.PROVIDER_CHANGED dat=content://com.android.calendar }
06-20 12:55:43.821   725   725 W ContentResolver: Failed to get type for: content://com.android.calendar (Unknown URL content://com.android.calendar)
06-20 12:55:43.864   151   206 I ActivityManager: START {act=android.intent.action.MAIN cat=[android.intent.category.HOME] flg=0x10200000 cmp=com.android.launcher/com.android.launcher2.Launcher} from pid 151
06-20 12:55:43.996  1153  1153 D OpenGLRenderer: Flushing caches (mode 0)
06-20 12:55:44.024   151   588 W InputManagerService: Starting input on non-focused client com.android.internal.view.IInputMethodClient$Stub$Proxy@416373b8 (uid=1000 pid=1153)
06-20 12:55:44.028  1153  1153 D OpenGLRenderer: Flushing caches (mode 1)
06-20 12:55:45.508   151  1081 I ActivityManager: START {act=android.intent.action.MAIN cat=[android.intent.category.LAUNCHER] flg=0x10200000 cmp=com.android.contacts/.activities.PeopleActivity bnds=[96,706][192,802]} from pid 1553
06-20 12:55:45.532    82   122 D AudioHardware: AudioHardware pcm playback is exiting standby.
06-20 12:55:45.532    82   122 D AudioHardware: openPcmOut_l() mPcmOpenCnt: 0
06-20 12:55:45.711   151   153 D dalvikvm: GC_CONCURRENT freed 822K, 13% free 13170K/14983K, paused 4ms+6ms
06-20 12:55:45.813   151   506 I ActivityManager: Start proc com.android.contacts for activity com.android.contacts/.activities.PeopleActivity: pid=1844 uid=10000 gids={3003, 1015}
06-20 12:55:45.899  1553  1553 D OpenGLRenderer: Flushing caches (mode 1)
06-20 12:55:45.930  1553  1553 D OpenGLRenderer: Flushing caches (mode 0)
06-20 12:55:46.016  1844  1844 I ContactsIntentResolver: Called with action: android.intent.action.MAIN
06-20 12:55:46.039  1844  1858 D AccountTypeManager: Registering 1 extension packages
06-20 12:55:46.055  1844  1858 I AccountTypeManager: Loaded meta-data for 2 account types, 1 accounts in 60ms(wall) 15ms(cpu)
06-20 12:55:46.121  1844  1844 I ContactPhotoManager: Cache adj: 0.5
06-20 12:55:46.180  1844  1846 D dalvikvm: GC_CONCURRENT freed 192K, 3% free 9337K/9607K, paused 4ms+5ms
06-20 12:55:46.332   151   167 I Process : Sending signal. PID: 1844 SIG: 3
06-20 12:55:46.332  1844  1848 I dalvikvm: threadid=3: reacting to signal 3
06-20 12:55:46.348  1844  1848 I dalvikvm: Wrote stack traces to '/data/anr/traces.txt'
06-20 12:55:46.434  1844  1844 D libEGL  : loaded /system/lib/egl/libGLES_android.so
06-20 12:55:46.442  1844  1844 D libEGL  : loaded /vendor/lib/egl/libEGL_POWERVR_SGX540_120.so
06-20 12:55:46.450  1844  1844 D libEGL  : loaded /vendor/lib/egl/libGLESv1_CM_POWERVR_SGX540_120.so
06-20 12:55:46.453  1844  1844 D libEGL  : loaded /vendor/lib/egl/libGLESv2_POWERVR_SGX540_120.so
06-20 12:55:46.516  1844  1844 D OpenGLRenderer: Enabling debug mode 0
06-20 12:55:46.614   151   201 I ActivityManager: Displayed com.android.contacts/.activities.PeopleActivity: +867ms
06-20 12:55:46.828  1844  1846 D dalvikvm: GC_CONCURRENT freed 112K, 3% free 9618K/9863K, paused 4ms+5ms
06-20 12:55:47.036   569   571 D dalvikvm: GC_CONCURRENT freed 348K, 11% free 9837K/11015K, paused 3ms+2ms
06-20 12:55:48.621    82   122 D AudioHardware: AudioHardware pcm playback is going to standby.
06-20 12:55:48.621    82   122 D AudioHardware: closePcmOut_l() mPcmOpenCnt: 1
06-20 12:55:48.930   741   743 D dalvikvm: GC_CONCURRENT freed 381K, 13% free 10291K/11719K, paused 22ms+4ms
06-20 12:55:49.004   569   571 D dalvikvm: GC_CONCURRENT freed 367K, 11% free 9855K/11015K, paused 2ms+3ms
06-20 12:55:49.453  1047  1047 D OpenGLRenderer: Flushing caches (mode 1)
06-20 12:55:49.516   151   206 I ActivityManager: START {act=android.intent.action.MAIN cat=[android.intent.category.HOME] flg=0x10200000 cmp=com.android.launcher/com.android.launcher2.Launcher} from pid 151
06-20 12:55:49.672  1844  1844 D OpenGLRenderer: Flushing caches (mode 0)
06-20 12:55:49.696   151  1082 W InputManagerService: Starting input on non-focused client com.android.internal.view.IInputMethodClient$Stub$Proxy@413e1168 (uid=10000 pid=1844)
06-20 12:55:49.707  1844  1844 D OpenGLRenderer: Flushing caches (mode 1)
06-20 12:55:52.664   569   571 D dalvikvm: GC_CONCURRENT freed 419K, 11% free 9823K/11015K, paused 2ms+4ms
06-20 12:55:54.133   151   580 I ActivityManager: START {act=android.intent.action.MAIN cat=[android.intent.category.LAUNCHER] flg=0x10200000 cmp=com.android.contacts/.activities.DialtactsActivity bnds=[0,706][96,802]} from pid 1553
06-20 12:55:54.184    82   122 D AudioHardware: AudioHardware pcm playback is exiting standby.
06-20 12:55:54.184    82   122 D AudioHardware: openPcmOut_l() mPcmOpenCnt: 0
06-20 12:55:54.231   151   201 D dalvikvm: GC_FOR_ALLOC freed 306K, 12% free 13279K/14983K, paused 46ms
06-20 12:55:54.235   151   201 I dalvikvm-heap: Grow heap (frag case) to 14.042MB for 1048592-byte allocation
06-20 12:55:54.321   151   580 D dalvikvm: GC_FOR_ALLOC freed 27K, 12% free 14276K/16071K, paused 68ms
06-20 12:55:54.520  1844  1844 D dalvikvm: GC_FOR_ALLOC freed 180K, 3% free 9803K/10055K, paused 51ms
06-20 12:55:54.524   151   153 D dalvikvm: GC_CONCURRENT freed 15K, 11% free 14418K/16071K, paused 3ms+14ms
06-20 12:55:54.528  1844  1844 I dalvikvm-heap: Grow heap (frag case) to 10.642MB for 1048592-byte allocation
06-20 12:55:54.590  1844  1846 D dalvikvm: GC_CONCURRENT freed 24K, 4% free 10803K/11143K, paused 5ms+2ms
06-20 12:55:54.602  1553  1553 D OpenGLRenderer: Flushing caches (mode 1)
06-20 12:55:54.641  1553  1553 D OpenGLRenderer: Flushing caches (mode 0)
06-20 12:55:54.793  1844  1846 D dalvikvm: GC_CONCURRENT freed 29K, 2% free 11374K/11527K, paused 3ms+4ms
06-20 12:55:54.875   151   167 I Process : Sending signal. PID: 1844 SIG: 3
06-20 12:55:54.875  1844  1848 I dalvikvm: threadid=3: reacting to signal 3
06-20 12:55:54.946  1844  1848 I dalvikvm: Wrote stack traces to '/data/anr/traces.txt'
06-20 12:55:55.196  1844  1871 E DefaultVoicemailNotifier: No voicemails to notify about: clear the notification.
06-20 12:55:55.332   151   201 I ActivityManager: Displayed com.android.contacts/.activities.DialtactsActivity: +962ms
06-20 12:55:55.536  1844  1846 D dalvikvm: GC_CONCURRENT freed 152K, 3% free 11889K/12167K, paused 9ms+4ms
06-20 12:55:55.645   569   639 D dalvikvm: GC_EXPLICIT freed 278K, 11% free 9832K/11015K, paused 2ms+8ms
06-20 12:55:56.953   151   206 I ActivityManager: START {act=android.intent.action.MAIN cat=[android.intent.category.HOME] flg=0x10200000 cmp=com.android.launcher/com.android.launcher2.Launcher} from pid 151
06-20 12:55:57.129  1844  1844 D OpenGLRenderer: Flushing caches (mode 0)
06-20 12:55:57.164   151   506 W InputManagerService: Starting input on non-focused client com.android.internal.view.IInputMethodClient$Stub$Proxy@413e1168 (uid=10000 pid=1844)
06-20 12:55:57.168  1844  1844 W IInputConnectionWrapper: showStatusIcon on inactive InputConnection
06-20 12:55:57.168  1844  1844 D OpenGLRenderer: Flushing caches (mode 1)
06-20 12:55:57.278    82   122 D AudioHardware: AudioHardware pcm playback is going to standby.
06-20 12:55:57.278    82   122 D AudioHardware: closePcmOut_l() mPcmOpenCnt: 1
06-20 12:55:57.782  1844  1876 E DefaultVoicemailNotifier: No voicemails to notify about: clear the notification.
06-20 12:55:57.938   151   580 I ActivityManager: START {act=android.intent.action.MAIN cat=[android.intent.category.LAUNCHER] flg=0x10200000 cmp=com.android.contacts/.activities.PeopleActivity bnds=[96,706][192,802]} from pid 1553
06-20 12:55:57.950    82   122 D AudioHardware: AudioHardware pcm playback is exiting standby.
06-20 12:55:57.950    82   122 D AudioHardware: openPcmOut_l() mPcmOpenCnt: 0
06-20 12:55:58.223  1553  1553 D OpenGLRenderer: Flushing caches (mode 0)
06-20 12:55:58.274   151  1073 I ActivityManager: Process android.process.media (pid 539) has died.
06-20 12:55:58.274   151  1073 W ActivityManager: Scheduling restart of crashed service com.android.providers.downloads/.DownloadService in 5000ms
06-20 12:55:58.368   151   587 D dalvikvm: GC_EXPLICIT freed 1440K, 17% free 13368K/16071K, paused 3ms+8ms
06-20 12:55:58.399  1553  1553 D OpenGLRenderer: Flushing caches (mode 1)
06-20 12:55:58.731   569   571 D dalvikvm: GC_CONCURRENT freed 352K, 11% free 9895K/11015K, paused 9ms+3ms
06-20 12:55:59.899   569   571 D dalvikvm: GC_CONCURRENT freed 408K, 11% free 9877K/11015K, paused 3ms+13ms
06-20 12:56:01.047    82   122 D AudioHardware: AudioHardware pcm playback is going to standby.
06-20 12:56:01.047    82   122 D AudioHardware: closePcmOut_l() mPcmOpenCnt: 1
06-20 12:56:01.340    82   122 D AudioHardware: AudioHardware pcm playback is exiting standby.
06-20 12:56:01.340    82   122 D AudioHardware: openPcmOut_l() mPcmOpenCnt: 0
06-20 12:56:01.352   151   163 I ActivityManager: START {act=android.intent.action.VIEW dat=content://com.android.contacts/contacts/lookup/4027i4fc5db3c0a1a6e11/2006 cmp=com.android.contacts/.activities.ContactDetailActivity} from pid 1844
06-20 12:56:01.563  1844  1844 I ContactDetailActivity: content://com.android.contacts/contacts/lookup/4027i4fc5db3c0a1a6e11/2006
06-20 12:56:01.590   741   743 D dalvikvm: GC_CONCURRENT freed 392K, 13% free 10290K/11719K, paused 6ms+3ms
06-20 12:56:01.688   151   201 I ActivityManager: Displayed com.android.contacts/.activities.ContactDetailActivity: +255ms
06-20 12:56:01.696  1844  1844 D OpenGLRenderer: Flushing caches (mode 0)
06-20 12:56:01.934  1844  1844 I ContactLoader: Registering content observer for content://com.android.contacts/contacts/lookup/4027i4fc5db3c0a1a6e11/2006
06-20 12:56:01.957  1844  1844 W AccountTypeManager: Unknown type=com.google, mime=vnd.com.google.cursor.item/contact_misc
06-20 12:56:01.981  1844  1844 W AccountTypeManager: Unknown type=com.google, mime=vnd.android.cursor.item/identity
06-20 12:56:02.024  1844  1844 D dalvikvm: GC_FOR_ALLOC freed 529K, 5% free 12199K/12807K, paused 34ms
06-20 12:56:02.825   569   571 D dalvikvm: GC_CONCURRENT freed 356K, 10% free 9931K/11015K, paused 2ms+3ms
06-20 12:56:02.989  1844  1844 I ContactLoader: Registering content observer for content://com.android.contacts/contacts/lookup/4027i4fc5db3c0a1a6e11/2006
06-20 12:56:03.000  1844  1844 W AccountTypeManager: Unknown type=com.google, mime=vnd.com.google.cursor.item/contact_misc
06-20 12:56:03.000  1844  1844 W AccountTypeManager: Unknown type=com.google, mime=vnd.android.cursor.item/identity
06-20 12:56:03.032  1844  1844 D dalvikvm: GC_FOR_ALLOC freed 107K, 5% free 12475K/13127K, paused 24ms
06-20 12:56:03.348   151   168 I ActivityManager: Start proc android.process.media for service com.android.providers.downloads/.DownloadService: pid=1881 uid=10012 gids={1015, 1023, 1024, 2001, 3003, 3007}
06-20 12:56:03.489  1881  1881 I ActivityThread: Pub media: com.android.providers.media.MediaProvider
06-20 12:56:03.856  1881  1881 I ActivityThread: Pub downloads: com.android.providers.downloads.DownloadProvider
06-20 12:56:03.875  1881  1881 I ActivityThread: Pub drm: com.android.providers.drm.DrmProvider
06-20 12:56:03.879  1881  1896 I DownloadManager: in removeSpuriousFiles
06-20 12:56:03.883  1881  1882 D dalvikvm: GC_CONCURRENT freed 352K, 5% free 9154K/9607K, paused 2ms+2ms
06-20 12:56:04.430    82   122 D AudioHardware: AudioHardware pcm playback is going to standby.
06-20 12:56:04.430    82   122 D AudioHardware: closePcmOut_l() mPcmOpenCnt: 1
06-20 12:56:04.973  1844  1844 I ContactLoader: Registering content observer for content://com.android.contacts/contacts/lookup/4027i4fc5db3c0a1a6e11/2006
06-20 12:56:04.989  1844  1844 W AccountTypeManager: Unknown type=com.google, mime=vnd.com.google.cursor.item/contact_misc
06-20 12:56:04.989  1844  1844 W AccountTypeManager: Unknown type=com.google, mime=vnd.android.cursor.item/identity
06-20 12:56:05.028  1844  1844 D dalvikvm: GC_FOR_ALLOC freed 342K, 8% free 12472K/13447K, paused 35ms
06-20 12:56:05.903  1844  1860 D dalvikvm: GC_EXPLICIT freed 305K, 8% free 12468K/13447K, paused 3ms+4ms
06-20 12:56:05.911  1844  1844 I ContactLoader: Registering content observer for content://com.android.contacts/contacts/lookup/4027i4fc5db3c0a1a6e11/2006
06-20 12:56:05.922  1844  1844 W AccountTypeManager: Unknown type=com.google, mime=vnd.com.google.cursor.item/contact_misc
06-20 12:56:05.926  1844  1844 W AccountTypeManager: Unknown type=com.google, mime=vnd.android.cursor.item/identity
06-20 12:56:06.594   569   571 D dalvikvm: GC_CONCURRENT freed 432K, 11% free 9886K/11015K, paused 2ms+2ms
06-20 12:56:06.774   569   913 D dalvikvm: GC_EXPLICIT freed 120K, 11% free 9827K/11015K, paused 2ms+2ms
06-20 12:56:06.778  1844  1844 I ContactLoader: Registering content observer for content://com.android.contacts/contacts/lookup/4027i4fc5db3c0a1a6e11/2006
06-20 12:56:06.793  1844  1844 W AccountTypeManager: Unknown type=com.google, mime=vnd.com.google.cursor.item/contact_misc
06-20 12:56:06.793  1844  1844 W AccountTypeManager: Unknown type=com.google, mime=vnd.android.cursor.item/identity
06-20 12:56:06.821  1844  1844 D dalvikvm: GC_FOR_ALLOC freed 371K, 8% free 12466K/13447K, paused 23ms
06-20 12:56:07.825  1844  1844 I ContactLoader: Registering content observer for content://com.android.contacts/contacts/lookup/4027i4fc5db3c0a1a6e11/2006
06-20 12:56:07.836  1844  1844 W AccountTypeManager: Unknown type=com.google, mime=vnd.com.google.cursor.item/contact_misc
06-20 12:56:07.836  1844  1844 W AccountTypeManager: Unknown type=com.google, mime=vnd.android.cursor.item/identity
06-20 12:56:07.864  1844  1844 D dalvikvm: GC_FOR_ALLOC freed 342K, 8% free 12462K/13447K, paused 22ms
06-20 12:56:08.200   473   477 D dalvikvm: GC_CONCURRENT freed 373K, 6% free 9550K/10055K, paused 13ms+6ms
06-20 12:56:08.371  1844  1844 I ContactLoader: Registering content observer for content://com.android.contacts/contacts/lookup/4027i4fc5db3c0a1a6e11/2006
06-20 12:56:08.387  1844  1844 W AccountTypeManager: Unknown type=com.google, mime=vnd.com.google.cursor.item/contact_misc
06-20 12:56:08.387  1844  1844 W AccountTypeManager: Unknown type=com.google, mime=vnd.android.cursor.item/identity
06-20 12:56:08.414  1844  1844 D dalvikvm: GC_FOR_ALLOC freed 332K, 8% free 12462K/13447K, paused 25ms
06-20 12:56:08.828  1844  1844 D OpenGLRenderer: Flushing caches (mode 0)
06-20 12:56:08.977   569   571 D dalvikvm: GC_CONCURRENT freed 312K, 10% free 9932K/11015K, paused 2ms+3ms
06-20 12:56:08.977  1271  1303 I PhoneLab-: Service Running
06-20 12:56:09.067  1271  1303 I PhoneLab-LoggerService: app_37    1308  1271  1796   1424  c00f181c 400107b4 S logcat
06-20 12:56:09.071  1271  1303 I PhoneLab-LoggerService: Logcat pid from database 1308
06-20 12:56:09.071  1271  1303 I PhoneLab-LoggerService: Logcat process found 1308
06-20 12:56:09.071  1271  1303 I PhoneLab-LoggerService: Checking Threshold
06-20 12:56:09.071  1271  1303 I PhoneLab-LoggerService: Starting to rename files
06-20 12:56:09.071  1271  1303 I PhoneLab-LoggerService: Files found .. 3
06-20 12:56:09.844   151  1078 W InputManagerService: Starting input on non-focused client com.android.internal.view.IInputMethodClient$Stub$Proxy@413e1168 (uid=10000 pid=1844)
06-20 12:56:09.875  1844  1844 D OpenGLRenderer: Flushing caches (mode 0)
06-20 12:56:10.485  1844  1844 D OpenGLRenderer: Flushing caches (mode 1)
06-20 12:56:11.157   569   571 D dalvikvm: GC_CONCURRENT freed 428K, 10% free 9929K/11015K, paused 4ms+3ms
06-20 12:56:13.239   151  1077 D dalvikvm: GC_EXPLICIT freed 802K, 17% free 13378K/16071K, paused 13ms+5ms
06-20 12:56:14.993   569  1810 D dalvikvm: GC_FOR_ALLOC freed 424K, 11% free 9812K/11015K, paused 26ms
06-20 12:56:16.243   741   743 D dalvikvm: GC_CONCURRENT freed 385K, 13% free 10291K/11719K, paused 10ms+2ms
06-20 12:56:19.864   569   571 D dalvikvm: GC_CONCURRENT freed 362K, 11% free 9848K/11015K, paused 13ms+4ms
06-20 12:56:24.235   569   913 D dalvikvm: GC_FOR_ALLOC freed 401K, 11% free 9812K/11015K, paused 31ms
06-20 12:56:25.395  1324  1324 D OpenGLRenderer: Flushing caches (mode 1)
06-20 12:56:25.438  1181  1203 I ElegantRequestDirector: I/O exception (org.apache.http.NoHttpResponseException) caught when processing request: The target server failed to respond
06-20 12:56:25.438  1181  1203 I ElegantRequestDirector: Retrying request
06-20 12:56:26.567  1181  1203 E Volley  : [134] BasicNetwork.performRequest: Unexpected response code 400 for https://android.clients.google.com/fdfe/replicateLibrary
06-20 12:56:26.567  1181  1181 W Finsky  : [1] LibraryUpdateListener.onErrorResponse: Library replication failed: DisplayErrorMessage[Error retrieving information from server. [RH-01]]
06-20 12:56:26.750  1181  1184 D dalvikvm: GC_CONCURRENT freed 1675K, 16% free 9981K/11783K, paused 6ms+3ms
06-20 12:56:26.844  1324  1324 D OpenGLRenderer: Flushing caches (mode 1)
06-20 12:56:26.891   569   582 D dalvikvm: GC_FOR_ALLOC freed 366K, 11% free 9808K/11015K, paused 22ms
06-20 12:56:27.481   741   743 D dalvikvm: GC_CONCURRENT freed 396K, 13% free 10284K/11719K, paused 15ms+9ms
06-20 12:56:29.692   569   637 D dalvikvm: GC_FOR_ALLOC freed 344K, 11% free 9809K/11015K, paused 24ms
06-20 12:56:32.141   569   571 D dalvikvm: GC_CONCURRENT freed 341K, 11% free 9856K/11015K, paused 3ms+3ms
06-20 12:56:34.250   741   743 D dalvikvm: GC_CONCURRENT freed 388K, 13% free 10282K/11719K, paused 4ms+5ms
06-20 12:56:36.258   569   571 D dalvikvm: GC_CONCURRENT freed 428K, 11% free 9814K/11015K, paused 2ms+4ms
06-20 12:56:39.250   569   571 D dalvikvm: GC_CONCURRENT freed 386K, 11% free 9816K/11015K, paused 2ms+2ms
06-20 12:56:42.078   569   571 D dalvikvm: GC_CONCURRENT freed 353K, 11% free 9857K/11015K, paused 2ms+3ms
06-20 12:56:43.118   741   743 D dalvikvm: GC_CONCURRENT freed 379K, 13% free 10290K/11719K, paused 14ms+2ms
06-20 12:56:44.938   569   583 D dalvikvm: GC_FOR_ALLOC freed 352K, 11% free 9811K/11015K, paused 39ms
06-20 12:56:47.274   569   754 D dalvikvm: GC_FOR_ALLOC freed 346K, 11% free 9811K/11015K, paused 46ms
06-20 12:56:50.082   569   571 D dalvikvm: GC_CONCURRENT freed 366K, 11% free 9840K/11015K, paused 2ms+2ms
06-20 12:56:52.114   741   743 D dalvikvm: GC_CONCURRENT freed 391K, 13% free 10285K/11719K, paused 5ms+3ms
06-20 12:56:54.582   569   571 D dalvikvm: GC_CONCURRENT freed 395K, 11% free 9834K/11015K, paused 21ms+3ms
06-20 12:56:57.200   569   571 D dalvikvm: GC_CONCURRENT freed 355K, 11% free 9868K/11015K, paused 2ms+3ms
06-20 12:56:58.953   741   743 D dalvikvm: GC_CONCURRENT freed 389K, 13% free 10281K/11719K, paused 7ms+5ms
06-20 12:57:00.610   569  1810 D dalvikvm: GC_FOR_ALLOC freed 406K, 11% free 9817K/11015K, paused 38ms
06-20 12:57:04.969   569   571 D dalvikvm: GC_CONCURRENT freed 385K, 11% free 9815K/11015K, paused 8ms+2ms
06-20 12:57:07.817   569   637 D dalvikvm: GC_FOR_ALLOC freed 369K, 11% free 9813K/11015K, paused 31ms
06-20 12:57:08.825   741   743 D dalvikvm: GC_CONCURRENT freed 386K, 13% free 10283K/11719K, paused 8ms+15ms
06-20 12:57:10.184   151   198 I power   : *** set_screen_state 0
06-20 12:57:10.254    79   118 D SurfaceFlinger: About to give-up screen, flinger = 0x13e1918
06-20 12:57:10.438   151  1074 D dalvikvm: GC_EXPLICIT freed 396K, 17% free 13490K/16071K, paused 29ms+7ms
06-20 12:57:10.442   486   600 D NfcService: NFC-C OFF, disconnect
06-20 12:57:10.813   569   582 D dalvikvm: GC_FOR_ALLOC freed 362K, 11% free 9814K/11015K, paused 46ms
06-20 12:57:13.715   569   913 D dalvikvm: GC_EXPLICIT freed 267K, 11% free 9804K/11015K, paused 16ms+3ms
06-20 12:57:15.328   151   202 V TransportControlView: Create TCV com.android.internal.widget.TransportControlView@4159c2f0
06-20 12:57:15.356  1324  1324 D OpenGLRenderer: Flushing caches (mode 1)
06-20 12:57:15.360   390   390 D PhoneStatusBar: disable: < expand icons alerts ticker system_info back home RECENT* clock >
06-20 12:57:15.379   390   390 D PhoneStatusBar: disable: < expand icons alerts ticker system_info BACK* HOME* RECENT CLOCK* >
06-20 12:57:16.922   569   913 D dalvikvm: GC_FOR_ALLOC freed 366K, 11% free 9808K/11015K, paused 34ms
06-20 12:57:19.016   741   743 D dalvikvm: GC_CONCURRENT freed 385K, 13% free 10284K/11719K, paused 2ms+3ms
06-20 12:57:19.856   569   913 D dalvikvm: GC_FOR_ALLOC freed 363K, 11% free 9808K/11015K, paused 16ms
06-20 12:57:23.813   569   913 D dalvikvm: GC_FOR_ALLOC freed 344K, 11% free 9825K/11015K, paused 39ms
06-20 12:57:26.836   569   913 D dalvikvm: GC_FOR_ALLOC freed 381K, 11% free 9810K/11015K, paused 17ms
06-20 12:57:28.114   741   743 D dalvikvm: GC_CONCURRENT freed 387K, 13% free 10284K/11719K, paused 14ms+3ms
06-20 12:57:31.145   569   571 D dalvikvm: GC_CONCURRENT freed 347K, 11% free 9861K/11015K, paused 1ms+2ms
06-20 12:57:34.086  1627  1627 D wpa_supplicant: WPS: Building WPS IE for Probe Request
06-20 12:57:34.086  1627  1627 D wpa_supplicant: WPS:  * Version (hardcoded 0x10)
06-20 12:57:34.086  1627  1627 D wpa_supplicant: WPS:  * Request Type
06-20 12:57:34.086  1627  1627 D wpa_supplicant: WPS:  * Config Methods (2388)
06-20 12:57:34.086  1627  1627 D wpa_supplicant: WPS:  * UUID-E
06-20 12:57:34.086  1627  1627 D wpa_supplicant: WPS:  * Primary Device Type
06-20 12:57:34.086  1627  1627 D wpa_supplicant: WPS:  * RF Bands (3)
06-20 12:57:34.086  1627  1627 D wpa_supplicant: WPS:  * Association State
06-20 12:57:34.086  1627  1627 D wpa_supplicant: WPS:  * Configuration Error (0)
06-20 12:57:34.086  1627  1627 D wpa_supplicant: WPS:  * Device Password ID (0)
06-20 12:57:34.086  1627  1627 D wpa_supplicant: WPS:  * Manufacturer
06-20 12:57:34.086  1627  1627 D wpa_supplicant: WPS:  * Model Name
06-20 12:57:34.086  1627  1627 D wpa_supplicant: WPS:  * Model Number
06-20 12:57:34.086  1627  1627 D wpa_supplicant: WPS:  * Device Name
06-20 12:57:34.086  1627  1627 D wpa_supplicant: WPS:  * Version2 (0x20)
06-20 12:57:34.086  1627  1627 D wpa_supplicant: wpa_driver_wext_combo_scan: Start
06-20 12:57:34.086  1627  1627 D wpa_supplicant: For Scan: (null)
06-20 12:57:34.137  1627  1627 D wpa_supplicant: Scan requested (ret=0) - scan timeout 30 seconds
06-20 12:57:34.500   569   639 D dalvikvm: GC_FOR_ALLOC freed 415K, 11% free 9811K/11015K, paused 29ms
06-20 12:57:34.625  1627  1627 D wpa_supplicant: RTM_NEWLINK: operstate=0 ifi_flags=0x11003 ([UP][LOWER_UP])
06-20 12:57:34.625  1627  1627 D wpa_supplicant: RTM_NEWLINK, IFLA_IFNAME: Interface 'wlan0' added
06-20 12:57:34.625  1627  1627 D wpa_supplicant: Wireless event: cmd=0x8b19 len=8
06-20 12:57:34.625  1627  1627 D wpa_supplicant: Received 883 bytes of scan results (4 BSSes)
06-20 12:57:36.996   569   639 D dalvikvm: GC_FOR_ALLOC freed 337K, 11% free 9810K/11015K, paused 23ms
06-20 12:57:37.918   741   743 D dalvikvm: GC_CONCURRENT freed 384K, 13% free 10294K/11719K, paused 16ms+2ms
06-20 12:57:39.481   569   639 D dalvikvm: GC_FOR_ALLOC freed 382K, 11% free 9811K/11015K, paused 39ms
06-20 12:57:40.200   151   153 D dalvikvm: GC_CONCURRENT freed 237K, 12% free 14244K/16071K, paused 18ms+4ms
06-20 12:57:41.961   569   571 D dalvikvm: GC_CONCURRENT freed 370K, 11% free 9840K/11015K, paused 2ms+3ms
06-20 12:57:46.731   569   571 D dalvikvm: GC_CONCURRENT freed 417K, 11% free 9858K/11015K, paused 1ms+2ms
06-20 12:57:47.168   741   743 D dalvikvm: GC_CONCURRENT freed 398K, 13% free 10292K/11719K, paused 16ms+3ms
06-20 12:57:49.899   569   912 D dalvikvm: GC_FOR_ALLOC freed 414K, 11% free 9813K/11015K, paused 32ms
06-20 12:57:52.797   569   912 D dalvikvm: GC_FOR_ALLOC freed 353K, 11% free 9809K/11015K, paused 16ms
06-20 12:57:55.786   569   912 D dalvikvm: GC_FOR_ALLOC freed 367K, 11% free 9809K/11015K, paused 17ms
06-20 12:57:56.328   741   743 D dalvikvm: GC_CONCURRENT freed 389K, 13% free 10290K/11719K, paused 16ms+3ms
06-20 12:57:58.465   569   639 D dalvikvm: GC_FOR_ALLOC freed 365K, 11% free 9810K/11015K, paused 27ms
06-20 12:58:02.571   569  1810 D dalvikvm: GC_FOR_ALLOC freed 374K, 11% free 9813K/11015K, paused 17ms
06-20 12:58:04.852   569   583 D dalvikvm: GC_FOR_ALLOC freed 350K, 11% free 9810K/11015K, paused 16ms
06-20 12:58:05.633   741   743 D dalvikvm: GC_CONCURRENT freed 390K, 13% free 10284K/11719K, paused 15ms+2ms
06-20 12:58:07.688   569   583 D dalvikvm: GC_FOR_ALLOC freed 343K, 11% free 9810K/11015K, paused 29ms
06-20 12:58:08.965  1271  1303 I PhoneLab-: Service Running
06-20 12:58:08.969   151   587 D dalvikvm: GC_EXPLICIT freed 121K, 12% free 14231K/16071K, paused 19ms+4ms
06-20 12:58:09.012  1271  1303 I PhoneLab-LoggerService: app_37    1308  1271  1796   1420  c00f181c 400107b4 S logcat
06-20 12:58:09.016  1271  1303 I PhoneLab-LoggerService: Logcat pid from database 1308
06-20 12:58:09.016  1271  1303 I PhoneLab-LoggerService: Logcat process found 1308
06-20 12:58:09.016  1271  1303 I PhoneLab-LoggerService: Checking Threshold
06-20 12:58:09.016  1271  1303 I PhoneLab-LoggerService: Starting to rename files
06-20 12:58:09.016  1271  1303 I PhoneLab-LoggerService: Files found .. 3
06-20 12:58:09.051  1271  1273 D dalvikvm: GC_CONCURRENT freed 441K, 6% free 9107K/9671K, paused 7ms+3ms
06-20 12:58:10.293  1844  1858 D AccountTypeManager: Registering 1 extension packages
06-20 12:58:10.293  1844  1858 I AccountTypeManager: Loaded meta-data for 2 account types, 1 accounts in 19ms(wall) 3ms(cpu)
06-20 12:58:10.602  1324  1324 D OpenGLRenderer: Flushing caches (mode 1)
06-20 12:58:11.020   569   571 D dalvikvm: GC_CONCURRENT freed 353K, 11% free 9843K/11015K, paused 2ms+3ms
06-20 12:58:11.661   741   743 D dalvikvm: GC_CONCURRENT freed 378K, 13% free 10290K/11719K, paused 2ms+3ms
06-20 12:58:11.801  1324  1324 D OpenGLRenderer: Flushing caches (mode 1)
06-20 12:58:11.860   725  1195 I CalendarProvider2: No events to update: uri=content://com.android.calendar/events?account_name=steven.y.ko%40gmail.com&account_type=com.google&caller_is_syncadapter=true selection=_sync_id IS NOT NULL AND calendar_id=2 selectionArgs=null
06-20 12:58:12.328  1324  1324 D OpenGLRenderer: Flushing caches (mode 1)
06-20 12:58:12.368   725  1197 I CalendarProvider2: No events to update: uri=content://com.android.calendar/events?account_name=steven.y.ko%40gmail.com&account_type=com.google&caller_is_syncadapter=true selection=_sync_id IS NOT NULL AND calendar_id=3 selectionArgs=null
06-20 12:58:13.371  1634  1637 D dalvikvm: GC_CONCURRENT freed 506K, 7% free 9306K/9927K, paused 21ms+2ms
06-20 12:58:13.442   725   727 D dalvikvm: GC_CONCURRENT freed 351K, 8% free 9309K/10055K, paused 2ms+3ms
06-20 12:58:13.727  1324  1324 D OpenGLRenderer: Flushing caches (mode 1)
06-20 12:58:13.774   725  1195 I CalendarProvider2: No events to update: uri=content://com.android.calendar/events?account_name=steven.y.ko%40gmail.com&account_type=com.google&caller_is_syncadapter=true selection=_sync_id IS NOT NULL AND calendar_id=4 selectionArgs=null
06-20 12:58:14.293  1634  1921 D dalvikvm: GC_EXPLICIT freed 280K, 7% free 9251K/9927K, paused 8ms+3ms
06-20 12:58:14.336  1324  1324 D OpenGLRenderer: Flushing caches (mode 1)
06-20 12:58:14.922  1324  1324 D OpenGLRenderer: Flushing caches (mode 1)
06-20 12:58:15.793   725   727 D dalvikvm: GC_CONCURRENT freed 389K, 8% free 9304K/10055K, paused 2ms+2ms
06-20 12:58:15.817   725   738 D dalvikvm: GC_EXPLICIT freed 114K, 9% free 9189K/10055K, paused 1ms+3ms
06-20 12:58:15.848  1324  1324 D OpenGLRenderer: Flushing caches (mode 1)
06-20 12:58:16.961   151   167 D dalvikvm: GC_EXPLICIT freed 431K, 12% free 14258K/16071K, paused 3ms+5ms
06-20 12:58:16.969  1324  1324 D OpenGLRenderer: Flushing caches (mode 1)
06-20 12:58:17.004  1634  1637 D dalvikvm: GC_CONCURRENT freed 361K, 7% free 9275K/9927K, paused 2ms+4ms
06-20 12:58:17.594  1324  1324 D dalvikvm: GC_EXPLICIT freed 183K, 8% free 9696K/10439K, paused 5ms+3ms
06-20 12:58:17.606  1324  1324 D OpenGLRenderer: Flushing caches (mode 1)
06-20 12:58:18.473   853   855 D dalvikvm: GC_CONCURRENT freed 361K, 5% free 9440K/9927K, paused 19ms+6ms
06-20 12:58:19.422   853  1935 D dalvikvm: GC_EXPLICIT freed 99K, 5% free 9445K/9927K, paused 2ms+3ms
06-20 12:58:19.434   853  1935 I Gmail   : getStartSyncRequest: handledServerOpId: 0, upperFetchedConvoId: 0, lowerFetchedConvoId: 0, ackedClientOp: 0
06-20 12:58:19.453  1324  1324 D OpenGLRenderer: Flushing caches (mode 1)
06-20 12:58:20.649   853   855 D dalvikvm: GC_CONCURRENT freed 382K, 6% free 9486K/9991K, paused 1ms+2ms
06-20 12:58:20.844   853   855 D dalvikvm: GC_CONCURRENT freed 437K, 6% free 9500K/10055K, paused 2ms+2ms
06-20 12:58:20.977   853   855 D dalvikvm: GC_CONCURRENT freed 457K, 6% free 9482K/10055K, paused 1ms+3ms
06-20 12:58:21.118   853  1935 I Gmail   : checkLabelsSets changed the label sets to: included([^^out, ^r]), partial([^i, ^f, ^iim]), all([^imi, ^iim, ^all, ^io_im, userlabel:2914456, userlabel:2896756, ^imn, userlabel:-1492276993, userlabel:-1492276994, ^i, ^g, ^f, userlabel:94101, userlabel:-1508083783, ^k, userlabel:93982, userlabel:93692, ^b, userlabel:-1351414047, userlabel:-1492276990, userlabel:-1492276991, userlabel:-1492276992, userlabel:3026, userlabel:3025, userlabel:105008833, ^t, ^u, userlabel:843908213, ^r, userlabel:-1492383895, ^s])
06-20 12:58:21.149   853   855 D dalvikvm: GC_CONCURRENT freed 391K, 6% free 9530K/10055K, paused 2ms+2ms
06-20 12:58:21.184   853  1935 I Gmail   : calculateUnknownSyncRationalesAndPurgeInBackground: queueing
06-20 12:58:21.184   853  1444 I Gmail   : calculateUnknownSyncRationalesAndPurgeInBackground: running
06-20 12:58:21.282   853  1935 D dalvikvm: GC_EXPLICIT freed 56K, 6% free 9510K/10055K, paused 4ms+7ms
06-20 12:58:21.371   853  1935 I Gmail   : MainSyncRequestProto: lowestBkwdConvoId: 1405313614167932929, highestHandledServerOp: 2673068, normalSync: true
06-20 12:58:21.422  1324  1324 D OpenGLRenderer: Flushing caches (mode 1)
06-20 12:58:27.559   853   855 D dalvikvm: GC_CONCURRENT freed 377K, 6% free 9544K/10055K, paused 23ms+3ms
06-20 12:58:29.813   853  1935 D dalvikvm: GC_EXPLICIT freed 184K, 6% free 9520K/10055K, paused 16ms+3ms
06-20 12:58:29.821   853  1935 I Gmail   : MainSyncRequestProto: lowestBkwdConvoId: 0, highestHandledServerOp: 2673069, normalSync: true
06-20 12:58:29.891  1324  1324 D OpenGLRenderer: Flushing caches (mode 1)
06-20 12:58:31.430  1844  1858 D AccountTypeManager: Registering 1 extension packages
06-20 12:58:31.430   486   486 I RegisteredComponentCache: ComponentInfo: ResolveInfo{41339638 com.android.apps.tag.TagViewer p=0 o=0 m=0x108000}, techs: android.nfc.tech.Ndef, 
06-20 12:58:31.434  1844  1858 I AccountTypeManager: Loaded meta-data for 2 account types, 1 accounts in 8ms(wall) 3ms(cpu)
06-20 12:58:31.489   151   167 D PackageManager: generateServicesMap(android.accounts.AccountAuthenticator): 3 services unchanged
06-20 12:58:31.629  1553  1553 I Launcher: setLoadOnResume
06-20 12:58:31.715   151   167 D PackageManager: generateServicesMap(android.content.SyncAdapter): 10 services unchanged
06-20 12:58:31.754  1168  1200 V PicasaContentProvider: querySettings: defaults: {sync_on_wifi_only=1, auto_upload_account_type=null, sync_on_battery=1, sync_picasa_on_wifi_only=1, auto_upload_enabled=0, video_upload_wifi_only=1, sync_on_roaming=0, auto_upload_account_name=null}
06-20 12:58:31.758  1168  1200 D PicasaSyncManager: reject MetadataSyncTask (steven.y.ko@gmail.com) for wifi connection
06-20 12:58:31.895  1553  1555 D dalvikvm: GC_CONCURRENT freed 2065K, 35% free 12266K/18759K, paused 64ms+6ms
06-20 12:58:35.864   741   918 D dalvikvm: GC_EXPLICIT freed 69K, 13% free 10287K/11719K, paused 6ms+3ms
06-20 12:58:36.071   853   855 D dalvikvm: GC_CONCURRENT freed 336K, 5% free 9588K/10055K, paused 2ms+3ms
06-20 12:58:36.356   853   855 D dalvikvm: GC_CONCURRENT freed 374K, 6% free 9612K/10119K, paused 2ms+3ms
06-20 12:58:36.934   853   855 D dalvikvm: GC_CONCURRENT freed 457K, 6% free 9619K/10183K, paused 1ms+3ms
06-20 12:58:37.161   853   855 D dalvikvm: GC_CONCURRENT freed 446K, 6% free 9605K/10183K, paused 2ms+3ms
06-20 12:58:37.442   853   855 D dalvikvm: GC_CONCURRENT freed 395K, 6% free 9660K/10183K, paused 2ms+3ms
06-20 12:58:37.485   853  1935 D dalvikvm: GC_FOR_ALLOC freed 235K, 7% free 9574K/10247K, paused 17ms
06-20 12:58:37.532   853  1935 D dalvikvm: GC_FOR_ALLOC freed 209K, 7% free 9595K/10247K, paused 15ms
06-20 12:58:37.680   853   855 D dalvikvm: GC_CONCURRENT freed 407K, 7% free 9581K/10247K, paused 2ms+3ms
06-20 12:58:37.914   853   855 D dalvikvm: GC_CONCURRENT freed 371K, 7% free 9600K/10247K, paused 3ms+9ms
06-20 12:58:38.243   853   855 D dalvikvm: GC_CONCURRENT freed 373K, 7% free 9614K/10247K, paused 2ms+6ms
06-20 12:58:38.383   853   855 D dalvikvm: GC_CONCURRENT freed 431K, 7% free 9572K/10247K, paused 2ms+3ms
06-20 12:58:38.641   853   855 D dalvikvm: GC_CONCURRENT freed 361K, 7% free 9595K/10247K, paused 2ms+4ms
06-20 12:58:38.899   853   855 D dalvikvm: GC_CONCURRENT freed 387K, 7% free 9627K/10247K, paused 2ms+3ms
06-20 12:58:38.985   853  1935 D dalvikvm: GC_FOR_ALLOC freed 382K, 7% free 9558K/10247K, paused 15ms
06-20 12:58:39.075   853   855 D dalvikvm: GC_CONCURRENT freed 377K, 7% free 9575K/10247K, paused 2ms+2ms
06-20 12:58:39.360   853   855 D dalvikvm: GC_CONCURRENT freed 357K, 7% free 9607K/10247K, paused 2ms+3ms
06-20 12:58:39.582   853   855 D dalvikvm: GC_CONCURRENT freed 406K, 7% free 9595K/10247K, paused 2ms+3ms
06-20 12:58:39.727   853  1935 D dalvikvm: GC_EXPLICIT freed 86K, 7% free 9558K/10247K, paused 4ms+6ms
06-20 12:58:39.739   853  1935 I Gmail   : MainSyncRequestProto: lowestBkwdConvoId: 0, highestHandledServerOp: 2673070, normalSync: true
06-20 12:58:39.774  1324  1324 D OpenGLRenderer: Flushing caches (mode 1)
06-20 12:58:42.317   853   855 D dalvikvm: GC_CONCURRENT freed 345K, 7% free 9603K/10247K, paused 3ms+8ms
06-20 12:58:42.461   853   855 D dalvikvm: GC_CONCURRENT freed 402K, 7% free 9589K/10247K, paused 2ms+2ms
06-20 12:58:42.762   853   855 D dalvikvm: GC_CONCURRENT freed 348K, 6% free 9636K/10247K, paused 2ms+2ms
06-20 12:58:42.965   853   855 D dalvikvm: GC_CONCURRENT freed 438K, 7% free 9593K/10247K, paused 2ms+2ms
06-20 12:58:43.368   853  1935 D dalvikvm: GC_EXPLICIT freed 51K, 7% free 9553K/10247K, paused 16ms+2ms
06-20 12:58:43.375   853  1935 I Gmail   : MainSyncRequestProto: lowestBkwdConvoId: 0, highestHandledServerOp: 2673080, normalSync: true
06-20 12:58:43.528  1324  1324 D OpenGLRenderer: Flushing caches (mode 1)
06-20 12:58:44.223   725   725 I CalendarProvider2: Sending notification intent: Intent { act=android.intent.action.PROVIDER_CHANGED dat=content://com.android.calendar }
06-20 12:58:44.227   725   725 W ContentResolver: Failed to get type for: content://com.android.calendar (Unknown URL content://com.android.calendar)
06-20 12:58:44.453  1047  1050 D dalvikvm: GC_CONCURRENT freed 287K, 5% free 9583K/9991K, paused 6ms+4ms
06-20 12:58:49.543  1047  1047 D OpenGLRenderer: Flushing caches (mode 1)
06-20 12:58:55.219   151   504 D AlarmManagerService: Kernel timezone updated to 240 minutes west of GMT
06-20 12:58:55.246   473   473 D SystemClock: Setting time of day to sec=1340211535
06-20 12:58:55.196   151   587 I ActivityManager: Start proc com.android.deskclock for broadcast com.android.deskclock/.AlarmInitReceiver: pid=1942 uid=10011 gids={}
06-20 12:58:55.396  1942  1942 I ActivityThread: Pub com.android.deskclock: com.android.deskclock.AlarmProvider
06-20 12:58:55.521  1942  1955 V AlarmClock: AlarmInitReceiver finished
06-20 12:58:59.216   853   855 D dalvikvm: GC_CONCURRENT freed 345K, 7% free 9592K/10247K, paused 2ms+3ms
06-20 12:58:59.599   853   855 D dalvikvm: GC_CONCURRENT freed 377K, 7% free 9601K/10247K, paused 2ms+4ms
06-20 12:58:59.931   853   855 D dalvikvm: GC_CONCURRENT freed 397K, 7% free 9595K/10247K, paused 3ms+5ms
06-20 12:59:00.376  1047  1047 D OpenGLRenderer: Flushing caches (mode 1)
06-20 12:59:00.380   853   855 D dalvikvm: GC_CONCURRENT freed 372K, 7% free 9612K/10247K, paused 3ms+5ms
06-20 12:59:00.493   853   855 D dalvikvm: GC_CONCURRENT freed 405K, 7% free 9605K/10247K, paused 2ms+2ms
06-20 12:59:00.759   853   855 D dalvikvm: GC_CONCURRENT freed 411K, 7% free 9600K/10247K, paused 7ms+2ms
06-20 12:59:01.111   853   855 D dalvikvm: GC_CONCURRENT freed 384K, 7% free 9612K/10247K, paused 1ms+3ms
06-20 12:59:01.462   853   855 D dalvikvm: GC_CONCURRENT freed 395K, 7% free 9620K/10247K, paused 2ms+3ms
06-20 12:59:01.591   151   153 D dalvikvm: GC_CONCURRENT freed 1131K, 11% free 14312K/16071K, paused 3ms+5ms
06-20 12:59:01.673   853   855 D dalvikvm: GC_CONCURRENT freed 427K, 7% free 9585K/10247K, paused 2ms+2ms
06-20 12:59:01.876   853   855 D dalvikvm: GC_CONCURRENT freed 389K, 7% free 9610K/10247K, paused 2ms+2ms
06-20 12:59:02.185   853   855 D dalvikvm: GC_CONCURRENT freed 417K, 7% free 9582K/10247K, paused 2ms+5ms
06-20 12:59:02.595   853   855 D dalvikvm: GC_CONCURRENT freed 383K, 7% free 9600K/10247K, paused 2ms+3ms
06-20 12:59:02.818   853   855 D dalvikvm: GC_CONCURRENT freed 434K, 7% free 9587K/10247K, paused 1ms+3ms
06-20 12:59:03.216   853   855 D dalvikvm: GC_CONCURRENT freed 368K, 7% free 9613K/10247K, paused 2ms+3ms
06-20 12:59:03.630   853   855 D dalvikvm: GC_CONCURRENT freed 415K, 7% free 9621K/10247K, paused 2ms+3ms
06-20 12:59:03.868   853   855 D dalvikvm: GC_CONCURRENT freed 430K, 7% free 9586K/10247K, paused 4ms+5ms
06-20 12:59:04.614   853   855 D dalvikvm: GC_CONCURRENT freed 374K, 7% free 9598K/10247K, paused 3ms+5ms
06-20 12:59:04.810   853   855 D dalvikvm: GC_CONCURRENT freed 417K, 7% free 9593K/10247K, paused 2ms+2ms
06-20 12:59:04.872   853  1935 D dalvikvm: GC_FOR_ALLOC freed 296K, 7% free 9581K/10247K, paused 15ms
06-20 12:59:04.919   853  1935 D dalvikvm: GC_FOR_ALLOC freed 236K, 7% free 9595K/10247K, paused 15ms
06-20 12:59:05.321   853   855 D dalvikvm: GC_CONCURRENT freed 381K, 7% free 9604K/10247K, paused 3ms+5ms
06-20 12:59:05.427   853   855 D dalvikvm: GC_CONCURRENT freed 451K, 7% free 9582K/10247K, paused 2ms+2ms
06-20 12:59:05.669   853   855 D dalvikvm: GC_CONCURRENT freed 389K, 7% free 9600K/10247K, paused 1ms+2ms
06-20 12:59:06.009   853   855 D dalvikvm: GC_CONCURRENT freed 401K, 7% free 9590K/10247K, paused 2ms+2ms
06-20 12:59:06.466   853   855 D dalvikvm: GC_CONCURRENT freed 378K, 7% free 9599K/10247K, paused 4ms+6ms
06-20 12:59:06.806   853   855 D dalvikvm: GC_CONCURRENT freed 400K, 7% free 9591K/10247K, paused 2ms+3ms
06-20 12:59:07.208   853   855 D dalvikvm: GC_CONCURRENT freed 387K, 7% free 9600K/10247K, paused 1ms+2ms
06-20 12:59:07.435   853   855 D dalvikvm: GC_CONCURRENT freed 401K, 7% free 9593K/10247K, paused 2ms+2ms
06-20 12:59:07.595   853  1935 D dalvikvm: GC_EXPLICIT freed 105K, 7% free 9554K/10247K, paused 9ms+2ms
06-20 12:59:07.599   853  1935 I Gmail   : MainSyncRequestProto: lowestBkwdConvoId: 0, highestHandledServerOp: 2673080, normalSync: true
06-20 12:59:07.634  1324  1324 D OpenGLRenderer: Flushing caches (mode 1)
06-20 12:59:34.974   853   855 D dalvikvm: GC_CONCURRENT freed 353K, 7% free 9594K/10247K, paused 2ms+3ms
06-20 12:59:35.923   151   202 I power   : *** set_screen_state 1
06-20 12:59:36.118    79   118 D SurfaceFlinger: Screen about to return, flinger = 0x13e1918
06-20 12:59:36.189   151   202 I WindowManager: Lock screen displayed!
06-20 12:59:36.552   151   167 I Process : Sending signal. PID: 1553 SIG: 3
06-20 12:59:36.552  1553  1558 I dalvikvm: threadid=3: reacting to signal 3
06-20 12:59:36.872  1627  1627 D wpa_supplicant: wpa_driver_wext_driver_cmd SETSUSPENDOPT 0 len = 4096
06-20 12:59:36.872  1627  1627 D wpa_supplicant: wpa_driver_wext_driver_cmd SETSUSPENDOPT 0 len = 0, 15
06-20 12:59:36.876  1627  1627 D wpa_supplicant: wpa_driver_wext_driver_cmd POWERMODE 0 len = 4096
06-20 12:59:36.884  1627  1627 D wpa_supplicant: wpa_driver_wext_driver_cmd OK len = 0, 2
06-20 12:59:36.954  1553  1558 E dalvikvm: Unable to open stack trace file '/data/anr/traces.txt': Is a directory
06-20 12:59:36.982   151   167 I Process : Sending signal. PID: 1553 SIG: 3
06-20 12:59:36.982  1553  1558 I dalvikvm: threadid=3: reacting to signal 3
06-20 12:59:37.005  1553  1558 I dalvikvm: Wrote stack traces to '/data/anr/traces.txt'
06-20 12:59:37.075   390   390 D PhoneStatusBar: disable: < expand icons alerts ticker system_info BACK HOME recent* CLOCK >
06-20 12:59:37.091    82   122 D AudioHardware: AudioHardware pcm playback is exiting standby.
06-20 12:59:37.091    82   122 D AudioHardware: openPcmOut_l() mPcmOpenCnt: 0
06-20 12:59:37.099   390   390 D PhoneStatusBar: disable: < expand icons alerts ticker system_info back* home* recent clock* >
06-20 12:59:37.107   151  1077 W InputManagerService: Window already focused, ignoring focus gain of: com.android.internal.view.IInputMethodClient$Stub$Proxy@41774dc8
06-20 12:59:37.130   486  1808 D NfcService: NFC-C ON
06-20 12:59:37.482   151   167 I Process : Sending signal. PID: 1553 SIG: 3
06-20 12:59:37.482  1553  1558 I dalvikvm: threadid=3: reacting to signal 3
06-20 12:59:37.544  1553  1558 I dalvikvm: Wrote stack traces to '/data/anr/traces.txt'
06-20 12:59:37.778   853   855 D dalvikvm: GC_CONCURRENT freed 401K, 7% free 9585K/10247K, paused 2ms+4ms
06-20 12:59:38.181   853   855 D dalvikvm: GC_CONCURRENT freed 377K, 7% free 9597K/10247K, paused 2ms+3ms
06-20 12:59:38.478  1553  1555 D dalvikvm: GC_CONCURRENT freed 691K, 34% free 12550K/18759K, paused 7ms+5ms
06-20 12:59:38.532   151  1082 I ActivityManager: START {act=android.intent.action.MAIN cat=[android.intent.category.LAUNCHER] flg=0x10200000 cmp=com.android.settings/.Settings bnds=[360,556][480,706]} from pid 1553
06-20 12:59:38.646  1153  1153 D dalvikvm: GC_EXPLICIT freed 22K, 6% free 10150K/10759K, paused 5ms+3ms
06-20 12:59:38.782  1553  1553 D OpenGLRenderer: Flushing caches (mode 0)
06-20 12:59:38.802   853   855 D dalvikvm: GC_CONCURRENT freed 383K, 7% free 9603K/10247K, paused 87ms+28ms
06-20 12:59:38.892  1553  1553 D OpenGLRenderer: Flushing caches (mode 1)
06-20 12:59:39.419   853   855 D dalvikvm: GC_CONCURRENT freed 390K, 7% free 9602K/10247K, paused 2ms+5ms
06-20 12:59:39.716   853   855 D dalvikvm: GC_CONCURRENT freed 392K, 7% free 9601K/10247K, paused 2ms+2ms
06-20 12:59:40.091   853   855 D dalvikvm: GC_CONCURRENT freed 389K, 7% free 9597K/10247K, paused 3ms+3ms
06-20 12:59:40.560   853   855 D dalvikvm: GC_CONCURRENT freed 390K, 7% free 9592K/10247K, paused 4ms+5ms
06-20 12:59:40.571   151   151 I ActivityManager: START {act=android.intent.action.MAIN cmp=com.android.settings/.SubSettings (has extras)} from pid 1153
06-20 12:59:41.107   151   167 I Process : Sending signal. PID: 1153 SIG: 3
06-20 12:59:41.107  1153  1158 I dalvikvm: threadid=3: reacting to signal 3
06-20 12:59:41.111  1153  1158 I dalvikvm: Wrote stack traces to '/data/anr/traces.txt'
06-20 12:59:41.153   151   201 I ActivityManager: Displayed com.android.settings/.SubSettings: +548ms
06-20 12:59:41.173   853   855 D dalvikvm: GC_CONCURRENT freed 393K, 7% free 9585K/10247K, paused 2ms+24ms
06-20 12:59:41.181  1153  1153 D OpenGLRenderer: Flushing caches (mode 0)
06-20 12:59:41.486   853   855 D dalvikvm: GC_CONCURRENT freed 399K, 7% free 9575K/10247K, paused 2ms+3ms
06-20 12:59:41.736   853   855 D dalvikvm: GC_CONCURRENT freed 350K, 7% free 9622K/10247K, paused 2ms+3ms
06-20 12:59:41.986   853   855 D dalvikvm: GC_CONCURRENT freed 411K, 7% free 9614K/10247K, paused 2ms+2ms
06-20 12:59:42.056   853  1935 D dalvikvm: GC_FOR_ALLOC freed 323K, 7% free 9579K/10247K, paused 16ms
06-20 12:59:42.103   853  1935 D dalvikvm: GC_FOR_ALLOC freed 290K, 7% free 9559K/10247K, paused 16ms
06-20 12:59:42.470   853   855 D dalvikvm: GC_CONCURRENT freed 355K, 7% free 9591K/10247K, paused 2ms+9ms
06-20 12:59:42.560  1047  1047 D OpenGLRenderer: Flushing caches (mode 1)
06-20 12:59:42.814   853   855 D dalvikvm: GC_CONCURRENT freed 397K, 7% free 9600K/10247K, paused 2ms+9ms
06-20 12:59:43.032   853   855 D dalvikvm: GC_CONCURRENT freed 421K, 7% free 9565K/10247K, paused 2ms+3ms
06-20 12:59:43.259   853   855 D dalvikvm: GC_CONCURRENT freed 378K, 7% free 9576K/10247K, paused 2ms+2ms
06-20 12:59:43.419   853   855 D dalvikvm: GC_CONCURRENT freed 362K, 7% free 9602K/10247K, paused 3ms+3ms
06-20 12:59:43.665    82   122 D AudioHardware: AudioHardware pcm playback is going to standby.
06-20 12:59:43.665    82   122 D AudioHardware: closePcmOut_l() mPcmOpenCnt: 1
06-20 12:59:43.907   853   855 D dalvikvm: GC_CONCURRENT freed 400K, 7% free 9593K/10247K, paused 2ms+3ms
06-20 12:59:44.224   853   855 D dalvikvm: GC_CONCURRENT freed 405K, 7% free 9617K/10247K, paused 2ms+2ms
06-20 12:59:44.517   853   855 D dalvikvm: GC_CONCURRENT freed 430K, 7% free 9573K/10247K, paused 2ms+2ms
06-20 12:59:44.700   853   855 D dalvikvm: GC_CONCURRENT freed 371K, 7% free 9591K/10247K, paused 2ms+4ms
06-20 12:59:44.821   853  1935 D dalvikvm: GC_FOR_ALLOC freed 300K, 7% free 9586K/10247K, paused 23ms
06-20 12:59:44.853   151  1078 I ActivityManager: START {act=android.intent.action.MAIN cmp=com.samsung.update/.UpdateSetting} from pid 1153
06-20 12:59:44.864    82   122 D AudioHardware: AudioHardware pcm playback is exiting standby.
06-20 12:59:44.864    82   122 D AudioHardware: openPcmOut_l() mPcmOpenCnt: 0
06-20 12:59:44.962   151   580 I ActivityManager: Start proc com.samsung.update for activity com.samsung.update/.UpdateSetting: pid=1970 uid=1001 gids={3002, 3001, 3003, 1015}
06-20 12:59:45.013  1153  1153 D OpenGLRenderer: Flushing caches (mode 1)
06-20 12:59:45.036  1153  1153 D OpenGLRenderer: Flushing caches (mode 0)
06-20 12:59:45.111   853  1935 D dalvikvm: GC_FOR_ALLOC freed 299K, 7% free 9549K/10247K, paused 29ms
06-20 12:59:45.278  1970  1970 D libEGL  : loaded /system/lib/egl/libGLES_android.so
06-20 12:59:45.286  1970  1970 D libEGL  : loaded /vendor/lib/egl/libEGL_POWERVR_SGX540_120.so
06-20 12:59:45.310  1970  1970 D libEGL  : loaded /vendor/lib/egl/libGLESv1_CM_POWERVR_SGX540_120.so
06-20 12:59:45.314  1970  1970 D libEGL  : loaded /vendor/lib/egl/libGLESv2_POWERVR_SGX540_120.so
06-20 12:59:45.486   853  1935 D dalvikvm: GC_EXPLICIT freed 317K, 7% free 9559K/10247K, paused 3ms+2ms
06-20 12:59:45.489   853  1935 I Gmail   : MainSyncRequestProto: lowestBkwdConvoId: 0, highestHandledServerOp: 2673080, normalSync: true
06-20 12:59:45.505   151   167 I Process : Sending signal. PID: 1970 SIG: 3
06-20 12:59:45.505  1970  1975 I dalvikvm: threadid=3: reacting to signal 3
06-20 12:59:45.829  1970  1975 E dalvikvm: Unable to open stack trace file '/data/anr/traces.txt': Is a directory
06-20 12:59:45.868  1970  1970 D OpenGLRenderer: Enabling debug mode 0
06-20 12:59:45.900   151   163 W InputManagerService: Starting input on non-focused client com.android.internal.view.IInputMethodClient$Stub$Proxy@416373b8 (uid=1000 pid=1153)
06-20 12:59:46.021   151   167 I Process : Sending signal. PID: 1970 SIG: 3
06-20 12:59:46.021  1970  1975 I dalvikvm: threadid=3: reacting to signal 3
06-20 12:59:46.028  1970  1975 I dalvikvm: Wrote stack traces to '/data/anr/traces.txt'
06-20 12:59:46.052   151   201 I ActivityManager: Displayed com.samsung.update/.UpdateSetting: +1s158ms
06-20 12:59:46.290  1153  1155 D dalvikvm: GC_CONCURRENT freed 197K, 4% free 10338K/10759K, paused 13ms+10ms
06-20 12:59:46.325   151   206 W InputDispatcher: channel '4161af50 com.android.mms/com.android.mms.ui.ConversationList (server)' ~ Consumer closed input channel or an error occurred.  events=0x8
06-20 12:59:46.325   151   206 E InputDispatcher: channel '4161af50 com.android.mms/com.android.mms.ui.ConversationList (server)' ~ Channel is unrecoverably broken and will be disposed!
06-20 12:59:46.341   151  1078 I ActivityManager: Process com.android.mms (pid 1755) has died.
06-20 12:59:46.349   151   153 D dalvikvm: GC_CONCURRENT freed 1361K, 12% free 14166K/16071K, paused 9ms+12ms
06-20 12:59:46.380   151  1077 W InputDispatcher: Attempted to unregister already unregistered input channel '4161af50 com.android.mms/com.android.mms.ui.ConversationList (server)'
06-20 12:59:46.380   151  1077 I WindowManager: WIN DEATH: Window{4161af50 com.android.mms/com.android.mms.ui.ConversationList paused=false}
06-20 12:59:46.388   151   206 I WindowManager: WINDOW DIED Window{4161af50 com.android.mms/com.android.mms.ui.ConversationList paused=false}
06-20 12:59:46.400   151  1073 W InputManagerService: Starting input on non-focused client com.android.internal.view.IInputMethodClient$Stub$Proxy@416207b8 (uid=1001 pid=1970)
06-20 12:59:46.446  1153  1153 W IInputConnectionWrapper: showStatusIcon on inactive InputConnection
06-20 12:59:46.450  1970  1970 D OpenGLRenderer: Flushing caches (mode 0)
06-20 12:59:46.466   853  1935 W Gmail   : Scheduling index for 300000 ms from now
06-20 12:59:46.513   853  1935 I Gmail   : Sending notification intent: Intent { act=android.intent.action.PROVIDER_CHANGED dat=content://gmail-ls/unread/^i (has extras) }
06-20 12:59:46.556   853  1935 I Gmail   : Sending notification intent: Intent { act=android.intent.action.PROVIDER_CHANGED dat=content://gmail-ls/unread/^iim (has extras) }
06-20 12:59:46.661   151   167 I ActivityManager: No longer want com.android.provision (pid 1525): hidden #16
06-20 12:59:46.669  1970  1970 D OpenGLRenderer: Flushing caches (mode 1)
06-20 12:59:46.728  1844  1858 D AccountTypeManager: Registering 1 extension packages
06-20 12:59:46.732  1844  1858 I AccountTypeManager: Loaded meta-data for 2 account types, 1 accounts in 23ms(wall) 4ms(cpu)
06-20 12:59:46.763   853  1989 W Gmail   : Showing notification with unreadCount of 9 and unseenCount of 4
06-20 12:59:46.790  1324  1324 D OpenGLRenderer: Flushing caches (mode 1)
06-20 12:59:46.825  1324  1324 D OpenGLRenderer: Flushing caches (mode 1)
06-20 12:59:46.888   151   504 I ActivityManager: No longer want com.android.browser (pid 1665): hidden #16
06-20 12:59:47.216   390   392 D dalvikvm: GC_CONCURRENT freed 184K, 4% free 10156K/10503K, paused 1ms+4ms
06-20 12:59:47.286   390   390 D dalvikvm: GC_FOR_ALLOC freed 345K, 7% free 9959K/10695K, paused 24ms
06-20 12:59:47.380   151  1992 I AudioService:  AudioFocus  requestAudioFocus() from android.media.AudioManager@415e3dd8
06-20 12:59:47.564  1881  2001 I DownloadManager: Initiating request for download 2
06-20 12:59:49.302   151  1992 I AudioService:  AudioFocus  abandonAudioFocus() from android.media.AudioManager@415e3dd8
06-20 12:59:50.126   151  1081 I ActivityManager: START {act=android.intent.action.MAIN cmp=com.android.settings/.deviceinfo.Status} from pid 1153
06-20 12:59:50.267  1153  1153 D OpenGLRenderer: Flushing caches (mode 1)
06-20 12:59:50.278   390   392 D dalvikvm: GC_CONCURRENT freed 211K, 6% free 10144K/10695K, paused 42ms+3ms
06-20 12:59:50.364  1153  1153 D OpenGLRenderer: Flushing caches (mode 0)
06-20 12:59:50.693   151   580 D dalvikvm: GC_EXPLICIT freed 1080K, 17% free 13472K/16071K, paused 3ms+6ms
06-20 12:59:50.712   151   167 I Process : Sending signal. PID: 473 SIG: 3
06-20 12:59:50.712   473   479 I dalvikvm: threadid=3: reacting to signal 3
06-20 12:59:50.759   473   479 I dalvikvm: Wrote stack traces to '/data/anr/traces.txt'
06-20 12:59:50.880   473   477 D dalvikvm: GC_CONCURRENT freed 195K, 3% free 9820K/10119K, paused 5ms+3ms
06-20 12:59:50.900   151   503 W InputManagerService: Starting input on non-focused client com.android.internal.view.IInputMethodClient$Stub$Proxy@416373b8 (uid=1000 pid=1153)
06-20 12:59:50.950   151   201 I ActivityManager: Displayed com.android.settings/.deviceinfo.Status: +741ms
06-20 12:59:52.626   473   473 D dalvikvm: GC_FOR_ALLOC freed 15K, 4% free 9975K/10311K, paused 19ms
06-20 12:59:52.646   473   473 D dalvikvm: GC_FOR_ALLOC freed <1K, 4% free 10137K/10503K, paused 19ms
06-20 12:59:52.665   473   473 D dalvikvm: GC_FOR_ALLOC freed 0K, 4% free 10299K/10695K, paused 18ms
06-20 12:59:52.689   473   473 D dalvikvm: GC_FOR_ALLOC freed 0K, 4% free 10461K/10887K, paused 19ms
06-20 12:59:52.712   473   473 D dalvikvm: GC_FOR_ALLOC freed 0K, 3% free 10785K/11079K, paused 19ms
06-20 12:59:52.935   473   473 D dalvikvm: GC_FOR_ALLOC freed 5K, 4% free 11118K/11463K, paused 18ms
06-20 12:59:53.200    82   122 D AudioHardware: AudioHardware pcm playback is going to standby.
06-20 12:59:53.200    82   122 D AudioHardware: closePcmOut_l() mPcmOpenCnt: 1
06-20 12:59:56.411   741   743 D dalvikvm: GC_CONCURRENT freed 339K, 12% free 10358K/11719K, paused 46ms+3ms
06-20 12:59:58.798   473   473 D dalvikvm: GC_FOR_ALLOC freed 368K, 7% free 11121K/11847K, paused 20ms
06-20 12:59:59.236   741   743 D dalvikvm: GC_CONCURRENT freed 339K, 12% free 10412K/11719K, paused 22ms+30ms
06-20 12:59:59.396  1881  1882 D dalvikvm: GC_CONCURRENT freed 355K, 5% free 9274K/9735K, paused 8ms+4ms
06-20 13:00:00.587   853  2006 I Gmail   : MainSyncRequestProto: lowestBkwdConvoId: 0, highestHandledServerOp: 2673080, normalSync: true
06-20 13:00:00.677  1324  1324 D OpenGLRenderer: Flushing caches (mode 1)
06-20 13:00:01.232  1324  1324 D OpenGLRenderer: Flushing caches (mode 1)
06-20 13:00:01.255  1881  2011 I DownloadManager: deleting /data/data/com.android.providers.downloads/cache/downloadfile.jpeg
06-20 13:00:01.583  1881  2013 I DownloadManager: Initiating request for download 3
06-20 13:00:02.177   853  2006 D dalvikvm: GC_EXPLICIT freed 306K, 7% free 9627K/10247K, paused 2ms+3ms
06-20 13:00:02.181   853  2006 I Gmail   : MainSyncRequestProto: lowestBkwdConvoId: 0, highestHandledServerOp: 2673080, normalSync: true
06-20 13:00:02.196   853  2006 W Gmail   : Scheduling index for 300000 ms from now
06-20 13:00:03.861   151   206 I ActivityManager: START {act=android.intent.action.MAIN cat=[android.intent.category.HOME] flg=0x10200000 cmp=com.android.launcher/com.android.launcher2.Launcher} from pid 151
06-20 13:00:04.071   151  1074 W InputManagerService: Starting input on non-focused client com.android.internal.view.IInputMethodClient$Stub$Proxy@4158d520 (uid=1001 pid=473)
06-20 13:00:04.575   151   588 I ActivityManager: No longer want com.android.contacts (pid 1844): hidden #16
06-20 13:00:04.630   151   503 I WindowManager: WIN DEATH: Window{416480c0 com.android.contacts/com.android.contacts.activities.DialtactsActivity paused=false}
06-20 13:00:04.700   151  2017 I AudioService:  AudioFocus  abandonAudioFocus() from android.media.AudioManager@415e3dd8
06-20 13:00:06.907    82   122 D AudioHardware: AudioHardware pcm playback is exiting standby.
06-20 13:00:06.907    82   122 D AudioHardware: openPcmOut_l() mPcmOpenCnt: 0
06-20 13:00:06.919   390   390 D dalvikvm: GC_FOR_ALLOC freed 286K, 8% free 9893K/10695K, paused 24ms
06-20 13:00:07.013   390   390 D dalvikvm: GC_FOR_ALLOC freed 371K, 8% free 9886K/10695K, paused 17ms
06-20 13:00:07.056   390   390 D dalvikvm: GC_FOR_ALLOC freed 297K, 8% free 9886K/10695K, paused 19ms
06-20 13:00:07.169   390   392 D dalvikvm: GC_CONCURRENT freed 400K, 8% free 9905K/10695K, paused 2ms+3ms
06-20 13:00:08.196  1881  1882 D dalvikvm: GC_CONCURRENT freed 336K, 5% free 9330K/9799K, paused 3ms+3ms
06-20 13:00:08.228   151   206 I ActivityManager: START {act=android.intent.action.MAIN cat=[android.intent.category.HOME] flg=0x10200000 cmp=com.android.launcher/com.android.launcher2.Launcher} from pid 151
06-20 13:00:08.505   151  1074 W InputManagerService: Window already focused, ignoring focus gain of: com.android.internal.view.IInputMethodClient$Stub$Proxy@4136b7a8
06-20 13:00:08.685  1324  1324 D OpenGLRenderer: Flushing caches (mode 1)
06-20 13:00:08.724  1881  2025 I DownloadManager: deleting /data/data/com.android.providers.downloads/cache/downloadfile.jpeg
06-20 13:00:08.927  1881  2027 I DownloadManager: Initiating request for download 4
06-20 13:00:08.978  1271  1303 I PhoneLab-: Service Running
06-20 13:00:09.048  1271  1303 I PhoneLab-LoggerService: app_37    1308  1271  1796   1356  c00f181c 400107b4 S logcat
06-20 13:00:09.048  1271  1303 I PhoneLab-LoggerService: Logcat pid from database 1308
06-20 13:00:09.048  1271  1303 I PhoneLab-LoggerService: Logcat process found 1308
06-20 13:00:09.048  1271  1303 I PhoneLab-LoggerService: Checking Threshold
06-20 13:00:09.048  1271  1303 I PhoneLab-LoggerService: Starting to rename files
06-20 13:00:09.052  1271  1303 I PhoneLab-LoggerService: Files found .. 3
06-20 13:00:09.997    82   122 D AudioHardware: AudioHardware pcm playback is going to standby.
06-20 13:00:09.997    82   122 D AudioHardware: closePcmOut_l() mPcmOpenCnt: 1
06-20 13:00:10.794    82   122 D AudioHardware: AudioHardware pcm playback is exiting standby.
06-20 13:00:10.794    82   122 D AudioHardware: openPcmOut_l() mPcmOpenCnt: 0
06-20 13:00:10.970  1553  1578 D dalvikvm: GC_FOR_ALLOC freed 794K, 34% free 12495K/18759K, paused 32ms
06-20 13:00:11.173  1553  1555 D dalvikvm: GC_CONCURRENT freed 117K, 29% free 13422K/18759K, paused 2ms+8ms
06-20 13:00:11.306  1553  1555 D dalvikvm: GC_CONCURRENT freed 929K, 26% free 13903K/18759K, paused 3ms+7ms
06-20 13:00:11.458  1553  1581 D dalvikvm: GC_FOR_ALLOC freed 1398K, 31% free 13107K/18759K, paused 27ms
06-20 13:00:11.571  1553  1555 D dalvikvm: GC_CONCURRENT freed 748K, 28% free 13677K/18759K, paused 3ms+11ms
06-20 13:00:11.732  1881  1882 D dalvikvm: GC_CONCURRENT freed 417K, 6% free 9331K/9863K, paused 33ms+5ms
06-20 13:00:11.868  1553  1567 D dalvikvm: GC_FOR_ALLOC freed 1656K, 31% free 13047K/18759K, paused 32ms
06-20 13:00:11.997  1553  1567 D dalvikvm: GC_FOR_ALLOC freed 1056K, 30% free 13185K/18759K, paused 29ms
06-20 13:00:12.068  1553  1577 D dalvikvm: GC_FOR_ALLOC freed 313K, 30% free 13305K/18759K, paused 29ms
06-20 13:00:12.111  1881  2033 I DownloadManager: deleting /data/data/com.android.providers.downloads/cache/downloadfile.jpeg
06-20 13:00:12.169  1324  1324 D OpenGLRenderer: Flushing caches (mode 1)
06-20 13:00:12.255  1553  1555 D dalvikvm: GC_CONCURRENT freed 9K, 22% free 14671K/18759K, paused 2ms+12ms
06-20 13:00:12.415  1553  1555 D dalvikvm: GC_CONCURRENT freed 2907K, 28% free 13584K/18759K, paused 2ms+5ms
06-20 13:00:12.794  1553  1576 D dalvikvm: GC_FOR_ALLOC freed 1256K, 28% free 13593K/18759K, paused 31ms
06-20 13:00:13.634  1881  2036 I DownloadManager: Initiating request for download 5
06-20 13:00:13.884    82   122 D AudioHardware: AudioHardware pcm playback is going to standby.
06-20 13:00:13.884    82   122 D AudioHardware: closePcmOut_l() mPcmOpenCnt: 1
06-20 13:00:15.892   151   206 I ActivityManager: START {act=android.intent.action.MAIN cat=[android.intent.category.HOME] flg=0x10200000 cmp=com.android.launcher/com.android.launcher2.Launcher} from pid 151
06-20 13:00:16.528  1324  1324 D OpenGLRenderer: Flushing caches (mode 1)
06-20 13:00:16.575  1881  2042 I DownloadManager: deleting /data/data/com.android.providers.downloads/cache/downloadfile.jpeg
06-20 13:00:16.759  1881  1882 D dalvikvm: GC_CONCURRENT freed 426K, 6% free 9304K/9863K, paused 3ms+6ms
06-20 13:00:16.825  1881  2044 I DownloadManager: Initiating request for download 6
06-20 13:00:18.138   151   198 I power   : *** set_screen_state 0
06-20 13:00:18.189    79   118 D SurfaceFlinger: About to give-up screen, flinger = 0x13e1918
06-20 13:00:18.329   486  1815 D NfcService: NFC-C OFF, disconnect
06-20 13:00:18.353   151   153 D dalvikvm: JIT code cache reset in 7 ms (1048572 bytes 1/0)
06-20 13:00:18.364   151   153 D dalvikvm: GC_CONCURRENT freed 752K, 14% free 13830K/16071K, paused 5ms+13ms
06-20 13:00:18.415   151   202 V TransportControlView: Create TCV com.android.internal.widget.TransportControlView@4157be48
06-20 13:00:18.470   390   390 D PhoneStatusBar: disable: < expand icons alerts ticker system_info back home RECENT* clock >
06-20 13:00:18.486  1324  1324 D OpenGLRenderer: Flushing caches (mode 1)
06-20 13:00:18.497    82   122 D AudioHardware: AudioHardware pcm playback is exiting standby.
06-20 13:00:18.497    82   122 D AudioHardware: openPcmOut_l() mPcmOpenCnt: 0
06-20 13:00:18.497   390   390 D PhoneStatusBar: disable: < expand icons alerts ticker system_info BACK* HOME* RECENT CLOCK* >
06-20 13:00:21.657    82   122 D AudioHardware: AudioHardware pcm playback is going to standby.
06-20 13:00:21.657    82   122 D AudioHardware: closePcmOut_l() mPcmOpenCnt: 1
06-20 13:00:22.314   151   167 D dalvikvm: GC_EXPLICIT freed 164K, 12% free 14277K/16071K, paused 3ms+4ms
06-20 13:00:22.325  1324  1324 D OpenGLRenderer: Flushing caches (mode 1)
06-20 13:00:22.341  1881  2052 I DownloadManager: deleting /data/data/com.android.providers.downloads/cache/downloadfile.jpeg
06-20 13:00:22.607  1881  2054 I DownloadManager: Initiating request for download 7
06-20 13:00:23.212  1881  1882 D dalvikvm: GC_CONCURRENT freed 408K, 6% free 9339K/9863K, paused 13ms+3ms
06-20 13:00:24.767   853   855 D dalvikvm: GC_CONCURRENT freed 374K, 6% free 9648K/10247K, paused 3ms+5ms
06-20 13:00:24.790  1324  1324 D OpenGLRenderer: Flushing caches (mode 1)
06-20 13:00:24.790  1881  2060 I DownloadManager: deleting /data/data/com.android.providers.downloads/cache/downloadfile.jpeg
06-20 13:00:25.064  1881  2062 I DownloadManager: Initiating request for download 8
06-20 13:00:25.439  1881  1882 D dalvikvm: GC_CONCURRENT freed 423K, 6% free 9319K/9863K, paused 2ms+2ms
06-20 13:00:26.611  1324  1324 D OpenGLRenderer: Flushing caches (mode 1)
06-20 13:00:26.626  1881  2068 I DownloadManager: deleting /data/data/com.android.providers.downloads/cache/downloadfile.jpeg
06-20 13:00:26.888  1881  2070 I DownloadManager: Initiating request for download 9
06-20 13:00:27.525  1881  1882 D dalvikvm: GC_CONCURRENT freed 418K, 6% free 9314K/9863K, paused 2ms+9ms
06-20 13:00:29.622  1324  1324 D OpenGLRenderer: Flushing caches (mode 1)
06-20 13:00:29.763  1881  2076 I DownloadManager: deleting /data/data/com.android.providers.downloads/cache/downloadfile.jpeg
06-20 13:00:29.775  1881  2077 I DownloadManager: Initiating request for download 10
06-20 13:00:31.060  1881  1882 D dalvikvm: GC_CONCURRENT freed 382K, 6% free 9349K/9863K, paused 12ms+2ms
06-20 13:00:31.196  1324  1324 D OpenGLRenderer: Flushing caches (mode 1)
06-20 13:00:31.216  1881  2084 I DownloadManager: deleting /data/data/com.android.providers.downloads/cache/downloadfile.jpeg
06-20 13:00:31.427  1881  2086 D dalvikvm: GC_EXPLICIT freed 189K, 6% free 9276K/9863K, paused 10ms+3ms
06-20 13:00:31.427  1881  2086 I DownloadManager: Initiating request for download 11
06-20 13:00:32.993   853  2091 D dalvikvm: GC_EXPLICIT freed 231K, 7% free 9623K/10247K, paused 3ms+5ms
06-20 13:00:33.071  1324  1324 D OpenGLRenderer: Flushing caches (mode 1)
06-20 13:00:33.095  1881  2092 I DownloadManager: deleting /data/data/com.android.providers.downloads/cache/downloadfile.jpeg
06-20 13:00:34.646  1881  2094 I DownloadManager: Initiating request for download 12
06-20 13:00:35.017  1881  1882 D dalvikvm: GC_CONCURRENT freed 355K, 6% free 9314K/9863K, paused 12ms+2ms
06-20 13:00:36.138   151  1082 D dalvikvm: GC_EXPLICIT freed 415K, 12% free 14300K/16071K, paused 3ms+6ms
06-20 13:00:36.259  1324  1324 D OpenGLRenderer: Flushing caches (mode 1)
06-20 13:00:36.278  1881  2100 I DownloadManager: deleting /data/data/com.android.providers.downloads/cache/downloadfile.jpeg
06-20 13:00:36.544  1881  2102 I DownloadManager: Initiating request for download 13
06-20 13:00:36.943  1881  1882 D dalvikvm: GC_CONCURRENT freed 399K, 6% free 9345K/9863K, paused 2ms+3ms
06-20 13:00:38.247  1324  1324 D OpenGLRenderer: Flushing caches (mode 1)
06-20 13:00:38.278  1881  2108 I DownloadManager: deleting /data/data/com.android.providers.downloads/cache/downloadfile.jpeg
06-20 13:00:38.501  1881  2110 I DownloadManager: Initiating request for download 14
06-20 13:00:39.157  1881  1882 D dalvikvm: GC_CONCURRENT freed 474K, 7% free 9327K/9927K, paused 2ms+3ms
06-20 13:00:40.126  1324  1324 D OpenGLRenderer: Flushing caches (mode 1)
06-20 13:00:40.161  1881  2115 I DownloadManager: deleting /data/data/com.android.providers.downloads/cache/downloadfile.jpeg
06-20 13:00:40.376  1881  2117 I DownloadManager: Initiating request for download 15
06-20 13:00:42.068  1881  1882 D dalvikvm: GC_CONCURRENT freed 369K, 6% free 9345K/9927K, paused 2ms+3ms
06-20 13:00:42.200  1324  1324 D OpenGLRenderer: Flushing caches (mode 1)
06-20 13:00:42.216  1881  2122 I DownloadManager: deleting /data/data/com.android.providers.downloads/cache/downloadfile.jpeg
06-20 13:00:43.622  1881  2124 I DownloadManager: Initiating request for download 16
06-20 13:00:45.251  1324  1324 D OpenGLRenderer: Flushing caches (mode 1)
06-20 13:00:45.271  1881  2130 I DownloadManager: deleting /data/data/com.android.providers.downloads/cache/downloadfile.jpeg
06-20 13:00:45.540  1881  1882 D dalvikvm: GC_CONCURRENT freed 449K, 6% free 9344K/9927K, paused 7ms+3ms
06-20 13:00:45.579  1881  2132 I DownloadManager: Initiating request for download 17
06-20 13:00:47.134   853   855 D dalvikvm: GC_CONCURRENT freed 350K, 6% free 9661K/10247K, paused 2ms+3ms
06-20 13:00:47.185  1881  2138 I DownloadManager: deleting /data/data/com.android.providers.downloads/cache/downloadfile.jpeg
06-20 13:00:47.189  1324  1324 D OpenGLRenderer: Flushing caches (mode 1)
06-20 13:00:47.431   151   375 D dalvikvm: GC_EXPLICIT freed 437K, 11% free 14307K/16071K, paused 10ms+6ms
06-20 13:00:47.474  1881  2140 I DownloadManager: Initiating request for download 18
06-20 13:00:47.880  1881  1882 D dalvikvm: GC_CONCURRENT freed 467K, 6% free 9344K/9927K, paused 1ms+4ms
06-20 13:00:49.005  1324  1324 D OpenGLRenderer: Flushing caches (mode 1)
06-20 13:00:49.126  1881  2146 I DownloadManager: deleting /data/data/com.android.providers.downloads/cache/downloadfile.jpeg
06-20 13:00:49.134  1881  2147 I DownloadManager: Initiating request for download 19
06-20 13:00:49.802  1881  1882 D dalvikvm: GC_CONCURRENT freed 491K, 7% free 9321K/9927K, paused 2ms+2ms
06-20 13:00:52.189  1324  1324 D OpenGLRenderer: Flushing caches (mode 1)
06-20 13:00:52.392  1881  2154 I DownloadManager: deleting /data/data/com.android.providers.downloads/cache/downloadfile.jpeg
06-20 13:00:52.423  1881  2155 I DownloadManager: Initiating request for download 20
06-20 13:00:54.146  1881  1882 D dalvikvm: GC_CONCURRENT freed 402K, 7% free 9307K/9927K, paused 1ms+3ms
06-20 13:00:54.275  1324  1324 D OpenGLRenderer: Flushing caches (mode 1)
06-20 13:00:54.298  1881  2162 I DownloadManager: deleting /data/data/com.android.providers.downloads/cache/downloadfile.jpeg
06-20 13:00:54.462  1881  2164 I DownloadManager: Initiating request for download 21
06-20 13:00:56.427  1881  1882 D dalvikvm: GC_CONCURRENT freed 372K, 7% free 9328K/9927K, paused 2ms+4ms
06-20 13:00:56.478  1324  1324 D OpenGLRenderer: Flushing caches (mode 1)
06-20 13:00:56.497  1881  2168 D dalvikvm: GC_EXPLICIT freed 115K, 8% free 9226K/9927K, paused 2ms+3ms
06-20 13:00:56.622  1881  2168 I DownloadManager: deleting /data/data/com.android.providers.downloads/cache/downloadfile.jpeg
06-20 13:00:56.653  1881  2170 I DownloadManager: Initiating request for download 22
06-20 13:00:58.974  1324  1324 D OpenGLRenderer: Flushing caches (mode 1)
06-20 13:00:58.993  1881  2177 I DownloadManager: deleting /data/data/com.android.providers.downloads/cache/downloadfile.jpeg
06-20 13:00:59.267  1881  1882 D dalvikvm: GC_CONCURRENT freed 312K, 7% free 9299K/9927K, paused 6ms+3ms
06-20 13:00:59.306  1881  2179 I DownloadManager: Initiating request for download 23
06-20 13:01:01.181   151   151 D dalvikvm: GC_EXPLICIT freed 447K, 11% free 14315K/16071K, paused 4ms+5ms
06-20 13:01:01.196  1324  1324 D OpenGLRenderer: Flushing caches (mode 1)
06-20 13:01:01.204  1881  2185 I DownloadManager: deleting /data/data/com.android.providers.downloads/cache/downloadfile.jpeg
06-20 13:01:01.236   853   855 D dalvikvm: GC_CONCURRENT freed 385K, 6% free 9664K/10247K, paused 2ms+4ms
06-20 13:01:01.571  1881  2187 I DownloadManager: Initiating request for download 24
06-20 13:01:01.611  1881  1882 D dalvikvm: GC_CONCURRENT freed 369K, 7% free 9315K/9927K, paused 2ms+4ms
06-20 13:01:03.142  1324  1324 D OpenGLRenderer: Flushing caches (mode 1)
06-20 13:01:03.161  1881  2193 I DownloadManager: deleting /data/data/com.android.providers.downloads/cache/downloadfile.jpeg
06-20 13:01:03.325  1881  2195 I DownloadManager: Initiating request for download 25
06-20 13:01:03.810  1881  1882 D dalvikvm: GC_CONCURRENT freed 401K, 7% free 9301K/9927K, paused 12ms+2ms
06-20 13:01:04.915  1324  1324 D OpenGLRenderer: Flushing caches (mode 1)
06-20 13:01:04.931  1881  2201 I DownloadManager: deleting /data/data/com.android.providers.downloads/cache/downloadfile.jpeg
06-20 13:02:13.074  1881  2204 I DownloadManager: Initiating request for download 26
06-20 13:02:13.480  1881  1882 D dalvikvm: GC_CONCURRENT freed 395K, 7% free 9321K/9927K, paused 1ms+4ms
06-20 13:02:14.558  1324  1324 D OpenGLRenderer: Flushing caches (mode 1)
06-20 13:02:14.703  1881  2210 I DownloadManager: deleting /data/data/com.android.providers.downloads/cache/downloadfile.jpeg
06-20 13:02:14.718  1881  2211 I DownloadManager: Initiating request for download 27
06-20 13:02:15.269  1881  1882 D dalvikvm: GC_CONCURRENT freed 400K, 7% free 9319K/9927K, paused 13ms+2ms
06-20 13:02:16.097  1324  1324 D OpenGLRenderer: Flushing caches (mode 1)
06-20 13:02:16.117  1881  2218 I DownloadManager: deleting /data/data/com.android.providers.downloads/cache/downloadfile.jpeg
06-20 13:02:16.277  1881  2220 I DownloadManager: Initiating request for download 28
06-20 13:02:16.789  1881  1882 D dalvikvm: GC_CONCURRENT freed 382K, 6% free 9345K/9927K, paused 3ms+6ms
06-20 13:02:17.558  1324  1324 D OpenGLRenderer: Flushing caches (mode 1)
06-20 13:02:18.472  1881  2226 I DownloadManager: deleting /data/data/com.android.providers.downloads/cache/downloadfile.jpeg
06-20 13:02:18.476  1881  2227 I DownloadManager: Initiating request for download 29
06-20 13:02:19.578   151   162 D dalvikvm: GC_EXPLICIT freed 454K, 11% free 14331K/16071K, paused 6ms+5ms
06-20 13:02:19.675  1324  1324 D OpenGLRenderer: Flushing caches (mode 1)
06-20 13:02:19.816  1881  1882 D dalvikvm: GC_CONCURRENT freed 450K, 6% free 9350K/9927K, paused 4ms+7ms
06-20 13:02:19.875  1881  2233 I DownloadManager: deleting /data/data/com.android.providers.downloads/cache/downloadfile.jpeg
06-20 13:02:19.890  1881  2234 I DownloadManager: Initiating request for download 30
06-20 13:02:21.367  1324  1324 D OpenGLRenderer: Flushing caches (mode 1)
06-20 13:02:21.386  1881  2241 I DownloadManager: deleting /data/data/com.android.providers.downloads/cache/downloadfile.jpeg
06-20 13:02:21.590  1881  2243 I DownloadManager: Initiating request for download 31
06-20 13:02:22.129  1881  1882 D dalvikvm: GC_CONCURRENT freed 484K, 7% free 9328K/9927K, paused 1ms+4ms
06-20 13:02:22.875   853   855 D dalvikvm: GC_CONCURRENT freed 465K, 6% free 9669K/10247K, paused 1ms+3ms
06-20 13:02:22.925  1324  1324 D OpenGLRenderer: Flushing caches (mode 1)
06-20 13:02:22.941  1881  2248 I DownloadManager: deleting /data/data/com.android.providers.downloads/cache/downloadfile.jpeg
06-20 13:02:23.308  1881  2250 I DownloadManager: Initiating request for download 32
06-20 13:02:23.785  1881  1882 D dalvikvm: GC_CONCURRENT freed 391K, 7% free 9322K/9927K, paused 2ms+2ms
06-20 13:02:24.789  1881  1892 D dalvikvm: GC_EXPLICIT freed 223K, 7% free 9261K/9927K, paused 3ms+4ms
06-20 13:02:24.851  1324  1324 D OpenGLRenderer: Flushing caches (mode 1)
06-20 13:02:24.965  1881  2256 I DownloadManager: deleting /data/data/com.android.providers.downloads/cache/downloadfile.jpeg
06-20 13:02:24.976  1881  2257 I DownloadManager: Initiating request for download 33
06-20 13:02:26.422  1324  1324 D OpenGLRenderer: Flushing caches (mode 1)
06-20 13:02:26.504  1881  1882 D dalvikvm: GC_CONCURRENT freed 343K, 7% free 9305K/9927K, paused 1ms+5ms
06-20 13:02:26.558  1881  2263 I DownloadManager: deleting /data/data/com.android.providers.downloads/cache/downloadfile.jpeg
06-20 13:02:26.566  1881  2264 I DownloadManager: Initiating request for download 34
06-20 13:02:27.961  1324  1324 D OpenGLRenderer: Flushing caches (mode 1)
06-20 13:02:27.980  1881  2271 I DownloadManager: deleting /data/data/com.android.providers.downloads/cache/downloadfile.jpeg
06-20 13:02:28.289   151   162 D dalvikvm: GC_EXPLICIT freed 434K, 11% free 14339K/16071K, paused 11ms+5ms
06-20 13:02:28.312  1881  2273 I DownloadManager: Initiating request for download 35
06-20 13:02:28.324  1881  1882 D dalvikvm: GC_CONCURRENT freed 382K, 7% free 9313K/9927K, paused 1ms+3ms
06-20 13:02:29.660  1324  1324 D OpenGLRenderer: Flushing caches (mode 1)
06-20 13:02:29.679  1881  2278 I DownloadManager: deleting /data/data/com.android.providers.downloads/cache/downloadfile.jpeg
06-20 13:02:31.422  1881  2280 I DownloadManager: Initiating request for download 36
06-20 13:02:31.789  1881  1882 D dalvikvm: GC_CONCURRENT freed 397K, 7% free 9307K/9927K, paused 13ms+2ms
06-20 13:02:32.632  1324  1324 D OpenGLRenderer: Flushing caches (mode 1)
06-20 13:02:32.656  1324  1326 D dalvikvm: GC_CONCURRENT freed 309K, 7% free 9777K/10439K, paused 2ms+3ms
06-20 13:02:32.675  1881  2286 I DownloadManager: deleting /data/data/com.android.providers.downloads/cache/downloadfile.jpeg
06-20 13:02:32.925  1881  2288 I DownloadManager: Initiating request for download 37
06-20 13:02:33.527  1881  1882 D dalvikvm: GC_CONCURRENT freed 377K, 7% free 9320K/9927K, paused 2ms+3ms
06-20 13:02:34.082  1627  1627 D wpa_supplicant: WPS: Building WPS IE for Probe Request
06-20 13:02:34.082  1627  1627 D wpa_supplicant: WPS:  * Version (hardcoded 0x10)
06-20 13:02:34.082  1627  1627 D wpa_supplicant: WPS:  * Request Type
06-20 13:02:34.082  1627  1627 D wpa_supplicant: WPS:  * Config Methods (2388)
06-20 13:02:34.082  1627  1627 D wpa_supplicant: WPS:  * UUID-E
06-20 13:02:34.082  1627  1627 D wpa_supplicant: WPS:  * Primary Device Type
06-20 13:02:34.082  1627  1627 D wpa_supplicant: WPS:  * RF Bands (3)
06-20 13:02:34.082  1627  1627 D wpa_supplicant: WPS:  * Association State
06-20 13:02:34.082  1627  1627 D wpa_supplicant: WPS:  * Configuration Error (0)
06-20 13:02:34.082  1627  1627 D wpa_supplicant: WPS:  * Device Password ID (0)
06-20 13:02:34.082  1627  1627 D wpa_supplicant: WPS:  * Manufacturer
06-20 13:02:34.082  1627  1627 D wpa_supplicant: WPS:  * Model Name
06-20 13:02:34.082  1627  1627 D wpa_supplicant: WPS:  * Model Number
06-20 13:02:34.082  1627  1627 D wpa_supplicant: WPS:  * Device Name
06-20 13:02:34.082  1627  1627 D wpa_supplicant: WPS:  * Version2 (0x20)
06-20 13:02:34.082  1627  1627 D wpa_supplicant: wpa_driver_wext_combo_scan: Start
06-20 13:02:34.082  1627  1627 D wpa_supplicant: For Scan: (null)
06-20 13:02:34.132  1627  1627 D wpa_supplicant: Scan requested (ret=0) - scan timeout 30 seconds
06-20 13:02:34.613  1627  1627 D wpa_supplicant: RTM_NEWLINK: operstate=0 ifi_flags=0x11003 ([UP][LOWER_UP])
06-20 13:02:34.613  1627  1627 D wpa_supplicant: RTM_NEWLINK, IFLA_IFNAME: Interface 'wlan0' added
06-20 13:02:34.613  1627  1627 D wpa_supplicant: Wireless event: cmd=0x8b19 len=8
06-20 13:02:34.613  1627  1627 D wpa_supplicant: Received 800 bytes of scan results (3 BSSes)
06-20 13:02:34.675  1324  1324 D OpenGLRenderer: Flushing caches (mode 1)
06-20 13:02:34.703  1881  2293 I DownloadManager: deleting /data/data/com.android.providers.downloads/cache/downloadfile.jpeg
06-20 13:02:34.742   390   392 D dalvikvm: GC_CONCURRENT freed 418K, 8% free 9878K/10695K, paused 2ms+3ms
06-20 13:02:34.781   390   390 D dalvikvm: GC_FOR_ALLOC freed 430K, 10% free 9706K/10695K, paused 17ms
06-20 13:02:34.902  1881  2295 I DownloadManager: Initiating request for download 38
06-20 13:02:35.625  1881  1882 D dalvikvm: GC_CONCURRENT freed 379K, 6% free 9335K/9927K, paused 2ms+2ms
06-20 13:02:36.918   853   855 D dalvikvm: GC_CONCURRENT freed 467K, 6% free 9668K/10247K, paused 1ms+3ms
06-20 13:02:36.961  1324  1324 D OpenGLRenderer: Flushing caches (mode 1)
06-20 13:02:36.976  1881  2301 I DownloadManager: deleting /data/data/com.android.providers.downloads/cache/downloadfile.jpeg
06-20 13:02:38.015  1881  2303 I DownloadManager: Initiating request for download 39
06-20 13:02:38.707  1881  1882 D dalvikvm: GC_CONCURRENT freed 413K, 6% free 9333K/9927K, paused 3ms+6ms
06-20 13:02:39.597  1324  1324 D OpenGLRenderer: Flushing caches (mode 1)
06-20 13:02:39.726  1881  2309 I DownloadManager: deleting /data/data/com.android.providers.downloads/cache/downloadfile.jpeg
06-20 13:02:39.734  1881  2310 I DownloadManager: Initiating request for download 40
06-20 13:02:40.289  1881  1882 D dalvikvm: GC_CONCURRENT freed 374K, 6% free 9349K/9927K, paused 3ms+5ms
06-20 13:02:41.093   151   167 D dalvikvm: GC_EXPLICIT freed 447K, 11% free 14355K/16071K, paused 2ms+6ms
06-20 13:02:41.109  1324  1324 D OpenGLRenderer: Flushing caches (mode 1)
06-20 13:02:41.125  1881  2316 I DownloadManager: deleting /data/data/com.android.providers.downloads/cache/downloadfile.jpeg
06-20 13:02:41.281  1881  2318 I DownloadManager: Initiating request for download 41
06-20 13:02:42.480  1324  1324 D OpenGLRenderer: Flushing caches (mode 1)
06-20 13:02:42.523  1881  1882 D dalvikvm: GC_CONCURRENT freed 434K, 6% free 9362K/9927K, paused 2ms+7ms
06-20 13:02:42.539  1881  2323 I DownloadManager: deleting /data/data/com.android.providers.downloads/cache/downloadfile.jpeg
06-20 13:02:42.754  1881  2325 I DownloadManager: Initiating request for download 42
06-20 13:02:44.336  1324  1324 D OpenGLRenderer: Flushing caches (mode 1)
06-20 13:02:44.492  1881  2330 I DownloadManager: deleting /data/data/com.android.providers.downloads/cache/downloadfile.jpeg
06-20 13:02:44.519  1881  2331 I DownloadManager: Initiating request for download 43
06-20 13:02:44.992  1881  1882 D dalvikvm: GC_CONCURRENT freed 475K, 7% free 9322K/9927K, paused 12ms+2ms
06-20 13:02:46.086  1881  2335 D dalvikvm: GC_EXPLICIT freed 294K, 7% free 9260K/9927K, paused 20ms+2ms
06-20 13:02:46.136  1324  1324 D OpenGLRenderer: Flushing caches (mode 1)
06-20 13:02:46.351  1881  2337 I DownloadManager: deleting /data/data/com.android.providers.downloads/cache/downloadfile.jpeg
06-20 13:02:46.379  1881  2338 I DownloadManager: Initiating request for download 44
06-20 13:02:49.207  1324  1324 D OpenGLRenderer: Flushing caches (mode 1)
06-20 13:02:49.250  1881  2344 I DownloadManager: deleting /data/data/com.android.providers.downloads/cache/downloadfile.jpeg
06-20 13:02:49.265  1881  1882 D dalvikvm: GC_CONCURRENT freed 313K, 6% free 9339K/9927K, paused 1ms+8ms
06-20 13:02:49.414  1881  2346 I DownloadManager: Initiating request for download 45
06-20 13:02:50.847  1324  1324 D OpenGLRenderer: Flushing caches (mode 1)
06-20 13:02:50.875   853   855 D dalvikvm: GC_CONCURRENT freed 442K, 6% free 9679K/10247K, paused 4ms+3ms
06-20 13:02:50.894  1881  2351 I DownloadManager: deleting /data/data/com.android.providers.downloads/cache/downloadfile.jpeg
06-20 13:02:51.086  1881  1882 D dalvikvm: GC_CONCURRENT freed 413K, 7% free 9320K/9927K, paused 4ms+6ms
06-20 13:02:51.090  1881  2353 I DownloadManager: Initiating request for download 46
06-20 13:02:53.136   151   503 D dalvikvm: GC_EXPLICIT freed 473K, 11% free 14322K/16071K, paused 2ms+6ms
06-20 13:02:53.175   853  2357 D dalvikvm: GC_EXPLICIT freed 100K, 7% free 9593K/10247K, paused 2ms+3ms
06-20 13:02:53.699  1324  1324 D OpenGLRenderer: Flushing caches (mode 1)
06-20 13:02:53.718  1881  2358 I DownloadManager: deleting /data/data/com.android.providers.downloads/cache/downloadfile.jpeg
06-20 13:02:53.972  1881  2360 I DownloadManager: Initiating request for download 47
06-20 13:02:54.386  1881  1882 D dalvikvm: GC_CONCURRENT freed 373K, 6% free 9337K/9927K, paused 12ms+3ms
06-20 13:02:55.543  1324  1324 D OpenGLRenderer: Flushing caches (mode 1)
06-20 13:02:55.554  1881  2365 I DownloadManager: deleting /data/data/com.android.providers.downloads/cache/downloadfile.jpeg
06-20 13:02:55.738  1881  2367 I DownloadManager: Initiating request for download 48
06-20 13:02:56.148  1881  1882 D dalvikvm: GC_CONCURRENT freed 422K, 7% free 9320K/9927K, paused 12ms+2ms
06-20 13:02:57.273  1324  1324 D OpenGLRenderer: Flushing caches (mode 1)
06-20 13:02:57.293  1881  2373 I DownloadManager: deleting /data/data/com.android.providers.downloads/cache/downloadfile.jpeg
06-20 13:02:57.515  1881  2375 I DownloadManager: Initiating request for download 49
06-20 13:02:57.851  1881  1882 D dalvikvm: GC_CONCURRENT freed 378K, 7% free 9326K/9927K, paused 2ms+2ms
06-20 13:02:58.656  1324  1324 D OpenGLRenderer: Flushing caches (mode 1)
06-20 13:02:58.672  1881  2380 I DownloadManager: deleting /data/data/com.android.providers.downloads/cache/downloadfile.jpeg
06-20 13:02:58.886  1881  2382 I DownloadManager: Initiating request for download 50
06-20 13:02:59.355  1881  1882 D dalvikvm: GC_CONCURRENT freed 403K, 6% free 9334K/9927K, paused 3ms+5ms
06-20 13:03:00.277  1324  1324 D OpenGLRenderer: Flushing caches (mode 1)
06-20 13:03:00.297  1881  2388 I DownloadManager: deleting /data/data/com.android.providers.downloads/cache/downloadfile.jpeg
06-20 13:03:00.547  1881  2390 I DownloadManager: Initiating request for download 51
06-20 13:03:01.062  1881  1882 D dalvikvm: GC_CONCURRENT freed 377K, 6% free 9355K/9927K, paused 3ms+5ms
06-20 13:03:01.828  1324  1324 D OpenGLRenderer: Flushing caches (mode 1)
06-20 13:03:01.851  1881  2395 I DownloadManager: deleting /data/data/com.android.providers.downloads/cache/downloadfile.jpeg
06-20 13:03:02.047   151   588 D dalvikvm: GC_EXPLICIT freed 450K, 11% free 14330K/16071K, paused 5ms+5ms
06-20 13:03:02.090  1881  2397 I DownloadManager: Initiating request for download 52
06-20 13:03:03.257   853   855 D dalvikvm: GC_CONCURRENT freed 336K, 6% free 9654K/10247K, paused 2ms+4ms
06-20 13:03:03.304  1324  1324 D OpenGLRenderer: Flushing caches (mode 1)
06-20 13:03:03.332  1881  1882 D dalvikvm: GC_CONCURRENT freed 437K, 6% free 9357K/9927K, paused 12ms+4ms
06-20 13:03:03.355  1881  2403 I DownloadManager: deleting /data/data/com.android.providers.downloads/cache/downloadfile.jpeg
06-20 13:03:03.558  1881  2405 I DownloadManager: Initiating request for download 53
06-20 13:03:03.570  1881  2405 W DownloadManager: Aborting request for download 53: download was requested to not use the current network type
06-20 13:04:05.082   390   392 D dalvikvm: GC_CONCURRENT freed 415K, 10% free 9678K/10695K, paused 7ms+3ms
06-20 13:04:45.007   151   202 I power   : *** set_screen_state 1
06-20 13:04:45.023   151   202 I WindowManager: Lock screen displayed!
06-20 13:04:45.082  1627  1627 D wpa_supplicant: wpa_driver_wext_driver_cmd SETSUSPENDOPT 0 len = 4096
06-20 13:04:45.082  1627  1627 D wpa_supplicant: wpa_driver_wext_driver_cmd SETSUSPENDOPT 0 len = 0, 15
06-20 13:04:45.086  1627  1627 D wpa_supplicant: wpa_driver_wext_driver_cmd POWERMODE 0 len = 4096
06-20 13:04:45.093  1627  1627 D wpa_supplicant: wpa_driver_wext_driver_cmd OK len = 0, 2
06-20 13:04:45.238    79   118 D SurfaceFlinger: Screen about to return, flinger = 0x13e1918
06-20 13:04:46.980   390   390 D PhoneStatusBar: disable: < expand icons alerts ticker system_info BACK HOME recent* CLOCK >
06-20 13:04:47.000    82   122 D AudioHardware: AudioHardware pcm playback is exiting standby.
06-20 13:04:47.000    82   122 D AudioHardware: openPcmOut_l() mPcmOpenCnt: 0
06-20 13:04:47.007   151  1082 W InputManagerService: Window already focused, ignoring focus gain of: com.android.internal.view.IInputMethodClient$Stub$Proxy@414f6190
06-20 13:04:47.019   390   390 D PhoneStatusBar: disable: < expand icons alerts ticker system_info back* home* recent clock* >
06-20 13:04:47.031   486   600 D NfcService: NFC-C ON
06-20 13:04:50.164    82   122 D AudioHardware: AudioHardware pcm playback is going to standby.
06-20 13:04:50.164    82   122 D AudioHardware: closePcmOut_l() mPcmOpenCnt: 1
06-20 13:04:51.601  1271  1303 I PhoneLab-: Service Running
06-20 13:04:51.691  1271  1303 I PhoneLab-LoggerService: app_37    1308  1271  1796   1356  c00f181c 400107b4 S logcat
06-20 13:04:51.691  1271  1303 I PhoneLab-LoggerService: Logcat pid from database 1308
06-20 13:04:51.695  1271  1303 I PhoneLab-LoggerService: Logcat process found 1308
06-20 13:04:51.695  1271  1303 I PhoneLab-LoggerService: Checking Threshold
06-20 13:04:51.695  1271  1303 I PhoneLab-LoggerService: Starting to rename files
06-20 13:04:51.695  1271  1303 I PhoneLab-LoggerService: Files found .. 3
06-20 13:04:51.699  1271  1303 I PhoneLab-: Service Running
06-20 13:04:51.761  1271  1303 I PhoneLab-LoggerService: app_37    1308  1271  1796   1356  c00f181c 400107b4 S logcat
06-20 13:04:51.761  1271  1303 I PhoneLab-LoggerService: Logcat pid from database 1308
06-20 13:04:51.765  1271  1303 I PhoneLab-LoggerService: Logcat process found 1308
06-20 13:04:51.765  1271  1303 I PhoneLab-LoggerService: Checking Threshold
06-20 13:04:51.765  1271  1303 I PhoneLab-LoggerService: Starting to rename files
06-20 13:04:51.765  1271  1303 I PhoneLab-LoggerService: Files found .. 3
06-20 13:04:52.761   151   162 I ActivityManager: START {act=android.intent.action.MAIN cat=[android.intent.category.LAUNCHER] flg=0x10200000 cmp=com.android.settings/.Settings bnds=[360,556][480,706]} from pid 1553
06-20 13:04:52.769    82   122 D AudioHardware: AudioHardware pcm playback is exiting standby.
06-20 13:04:52.769    82   122 D AudioHardware: openPcmOut_l() mPcmOpenCnt: 0
06-20 13:04:52.992  1553  1553 D OpenGLRenderer: Flushing caches (mode 0)
06-20 13:04:53.140  1553  1553 D OpenGLRenderer: Flushing caches (mode 1)
06-20 13:04:55.863    82   122 D AudioHardware: AudioHardware pcm playback is going to standby.
06-20 13:04:55.863    82   122 D AudioHardware: closePcmOut_l() mPcmOpenCnt: 1
06-20 13:04:56.765   151   580 I ActivityManager: START {act=android.intent.action.MAIN cmp=com.android.settings/.SubSettings (has extras)} from pid 1153
06-20 13:04:56.793    82   122 D AudioHardware: AudioHardware pcm playback is exiting standby.
06-20 13:04:56.793    82   122 D AudioHardware: openPcmOut_l() mPcmOpenCnt: 0
06-20 13:04:57.043   151   201 I ActivityManager: Displayed com.android.settings/.SubSettings: +226ms
06-20 13:04:57.062  1153  1153 D OpenGLRenderer: Flushing caches (mode 0)
06-20 13:04:58.699   151   503 I ActivityManager: START {act=android.intent.action.MAIN cmp=com.android.settings/.SubSettings (has extras)} from pid 1153
06-20 13:04:58.922  1153  1155 D dalvikvm: GC_CONCURRENT freed 700K, 8% free 10146K/10951K, paused 2ms+8ms
06-20 13:04:59.179   151   201 I ActivityManager: Displayed com.android.settings/.SubSettings: +393ms
06-20 13:04:59.218  1153  1153 D OpenGLRenderer: Flushing caches (mode 0)
06-20 13:05:01.765    82   122 D AudioHardware: AudioHardware pcm playback is going to standby.
06-20 13:05:01.765    82   122 D AudioHardware: closePcmOut_l() mPcmOpenCnt: 1
06-20 13:05:02.304  1153  1153 D OpenGLRenderer: Flushing caches (mode 0)
06-20 13:05:02.582   151   503 D AlarmManagerService: Kernel timezone updated to 240 minutes west of GMT
06-20 13:05:03.230   151   206 I ActivityManager: START {act=android.intent.action.MAIN cat=[android.intent.category.HOME] flg=0x10200000 cmp=com.android.launcher/com.android.launcher2.Launcher} from pid 151
06-20 13:05:03.304   151   206 D dalvikvm: GC_FOR_ALLOC freed 1121K, 12% free 14229K/16071K, paused 47ms
06-20 13:05:03.375  1153  1153 D OpenGLRenderer: Flushing caches (mode 0)
06-20 13:05:03.398  1153  1153 D OpenGLRenderer: Flushing caches (mode 1)
06-20 13:05:03.398   151  1082 W InputManagerService: Starting input on non-focused client com.android.internal.view.IInputMethodClient$Stub$Proxy@416373b8 (uid=1000 pid=1153)
06-20 13:05:05.804    82   122 D AudioHardware: AudioHardware pcm playback is exiting standby.
06-20 13:05:05.804    82   122 D AudioHardware: openPcmOut_l() mPcmOpenCnt: 0
06-20 13:05:05.945  1553  1555 D dalvikvm: GC_CONCURRENT freed 2545K, 34% free 12484K/18759K, paused 3ms+11ms
06-20 13:05:06.086  1553  1555 D dalvikvm: GC_CONCURRENT freed 383K, 30% free 13244K/18759K, paused 3ms+8ms
06-20 13:05:06.156  1553  1567 D dalvikvm: GC_FOR_ALLOC freed 954K, 34% free 12533K/18759K, paused 26ms
06-20 13:05:06.160  1553  1567 I dalvikvm-heap: Grow heap (frag case) to 13.535MB for 1286224-byte allocation
06-20 13:05:06.195  1553  1581 D dalvikvm: GC_FOR_ALLOC freed 2K, 27% free 13787K/18759K, paused 22ms
06-20 13:05:06.316  1553  1555 D dalvikvm: GC_CONCURRENT freed 4K, 24% free 14303K/18759K, paused 2ms+7ms
06-20 13:05:06.539  1553  1555 D dalvikvm: GC_CONCURRENT freed 2142K, 26% free 13913K/18759K, paused 2ms+5ms
06-20 13:05:06.765  1553  1555 D dalvikvm: GC_CONCURRENT freed 2827K, 33% free 12651K/18759K, paused 2ms+8ms
06-20 13:05:06.918  1553  1576 D dalvikvm: GC_FOR_ALLOC freed 833K, 32% free 12842K/18759K, paused 28ms
06-20 13:05:07.054  1553  1555 D dalvikvm: GC_CONCURRENT freed 922K, 30% free 13134K/18759K, paused 2ms+6ms
06-20 13:05:07.156  1553  1578 D dalvikvm: GC_FOR_ALLOC freed 447K, 28% free 13687K/18759K, paused 27ms
06-20 13:05:07.242  1553  1581 D dalvikvm: GC_FOR_ALLOC freed 637K, 23% free 14455K/18759K, paused 43ms
06-20 13:05:07.398  1553  1578 D dalvikvm: GC_FOR_ALLOC freed 1786K, 28% free 13586K/18759K, paused 27ms
06-20 13:05:07.437  1553  1581 D dalvikvm: GC_FOR_ALLOC freed 2K, 21% free 14840K/18759K, paused 22ms
06-20 13:05:08.898    82   122 D AudioHardware: AudioHardware pcm playback is going to standby.
06-20 13:05:08.898    82   122 D AudioHardware: closePcmOut_l() mPcmOpenCnt: 1
06-20 13:05:19.644   151   206 I ActivityManager: START {act=android.intent.action.MAIN cat=[android.intent.category.HOME] flg=0x10200000 cmp=com.android.launcher/com.android.launcher2.Launcher} from pid 151
06-20 13:05:22.078    82   122 D AudioHardware: AudioHardware pcm playback is exiting standby.
06-20 13:05:22.078    82   122 D AudioHardware: openPcmOut_l() mPcmOpenCnt: 0
06-20 13:05:23.222   151   375 I ActivityManager: START {act=android.intent.action.MAIN cat=[android.intent.category.LAUNCHER] flg=0x10200000 cmp=com.google.android.gallery3d/com.android.gallery3d.app.Gallery} from pid 1553
06-20 13:05:23.347  1553  1553 D OpenGLRenderer: Flushing caches (mode 1)
06-20 13:05:23.422  1553  1553 D OpenGLRenderer: Flushing caches (mode 0)
06-20 13:05:23.433  1168  1170 D dalvikvm: GC_CONCURRENT freed 352K, 6% free 9366K/9927K, paused 9ms+4ms
06-20 13:05:23.492  1168  1168 V StateManager: startState class com.android.gallery3d.app.AlbumSetPage
06-20 13:05:23.672  1168  1168 V GalleryActionBar: showClusterMenu: runner=com.android.gallery3d.app.AlbumSetPage@413b47b0
06-20 13:05:23.695  1168  1168 D Gallery.MultiSetSync: onSyncDone: MTP devices #pending=2
06-20 13:05:23.695  1168  1168 D Gallery.MultiSetSync:   request sync: MTP devices
06-20 13:05:23.695  1168  1168 D Gallery.MultiSetSync: onSyncDone: Local albums #pending=1
06-20 13:05:23.695  1168  1168 D Gallery.MultiSetSync:   request sync: Local albums
06-20 13:05:23.715  1168  2428 V MtpDeviceSet: loadDevices: [], size=0
06-20 13:05:23.781   151   167 I Process : Sending signal. PID: 1168 SIG: 3
06-20 13:05:23.781  1168  1172 I dalvikvm: threadid=3: reacting to signal 3
06-20 13:05:23.875  1168  1170 D dalvikvm: GC_CONCURRENT freed 425K, 6% free 9438K/9991K, paused 6ms+4ms
06-20 13:05:23.875  1168  1172 I dalvikvm: Wrote stack traces to '/data/anr/traces.txt'
06-20 13:05:23.898  1168  1168 D MetricsUtils: [INSERT content://com.google.android.gallery3d.GooglePhotoProvider/sync_request time:204]
06-20 13:05:23.902  1168  1168 D Gallery.MultiSetSync:   request sync: Picasa albums
06-20 13:05:23.910  1168  2429 D ImmediateSync: sync album list:1 account(s)
06-20 13:05:23.984  1168  1168 D libEGL  : loaded /system/lib/egl/libGLES_android.so
06-20 13:05:23.992  1168  1168 D libEGL  : loaded /vendor/lib/egl/libEGL_POWERVR_SGX540_120.so
06-20 13:05:23.996  1168  1168 D libEGL  : loaded /vendor/lib/egl/libGLESv1_CM_POWERVR_SGX540_120.so
06-20 13:05:24.000  1168  1168 D libEGL  : loaded /vendor/lib/egl/libGLESv2_POWERVR_SGX540_120.so
06-20 13:05:24.047  1168  1168 D OpenGLRenderer: Enabling debug mode 0
06-20 13:05:24.078  1168  2427 I GalleryEGLConfigChooser: Config chosen: R5 G6 B5 A0 D24 S8 ID7 CAVEAT12344 
06-20 13:05:24.136  1324  1324 D OpenGLRenderer: Flushing caches (mode 1)
06-20 13:05:24.136  1168  2429 D ImmediateSync: sync albums for steven.y.ko@gmail.com
06-20 13:05:24.144  1168  2427 I GLRootView: onSurfaceChanged: 480x800, gl10: com.google.android.gles_jni.GLImpl@41352570
06-20 13:05:24.144  1168  2427 I GLRootView: layout content pane 480x800
06-20 13:05:24.242   151   201 I ActivityManager: Displayed com.google.android.gallery3d/com.android.gallery3d.app.Gallery: +963ms
06-20 13:05:24.254   151  1082 W InputManagerService: Starting input on non-focused client com.android.internal.view.IInputMethodClient$Stub$Proxy@4156a550 (uid=10026 pid=1553)
06-20 13:05:24.257  1168  2428 V MtpDeviceSet: loadDevices: [], size=0
06-20 13:05:24.461  1881  2203 D dalvikvm: GC_EXPLICIT freed 218K, 7% free 9252K/9927K, paused 2ms+5ms
06-20 13:05:24.535  1168  2434 W BlobCache: cannot read header
06-20 13:05:24.668    82   671 E MetadataRetrieverClient: failed to extract an album art
06-20 13:05:24.668  1168  2434 E MediaMetadataRetrieverJNI: getEmbeddedPicture: Call to getEmbeddedPicture failed.
06-20 13:05:24.715    82    82 I OMXCodec: [OMX.google.h264.decoder] AVC profile = 66 (Baseline), level = 31
06-20 13:05:24.718    82    82 I OMXCodec: [OMX.google.h264.decoder] video dimensions are 320 x 240
06-20 13:05:24.718    82    82 I OMXCodec: [OMX.google.h264.decoder] Crop rect is 320 x 240 @ (0, 0)
06-20 13:05:24.793    82  2438 I OMXCodec: [OMX.google.h264.decoder] video dimensions are 720 x 480
06-20 13:05:24.793    82  2438 I OMXCodec: [OMX.google.h264.decoder] Crop rect is 720 x 480 @ (0, 0)
06-20 13:05:25.101  1168  2435 D dalvikvm: GC_FOR_ALLOC freed 350K, 6% free 9480K/10055K, paused 52ms
06-20 13:05:25.101  1168  2435 I dalvikvm-heap: Grow heap (frag case) to 9.551MB for 235240-byte allocation
06-20 13:05:25.148  1168  1168 D dalvikvm: GC_FOR_ALLOC freed <1K, 6% free 9709K/10311K, paused 36ms
06-20 13:05:25.465  1168  2434 D dalvikvm: GC_FOR_ALLOC freed 27K, 7% free 9688K/10311K, paused 20ms
06-20 13:05:25.468  1168  2434 I dalvikvm-heap: Grow heap (frag case) to 10.189MB for 691216-byte allocation
06-20 13:05:25.492  1168  2427 D dalvikvm: GC_FOR_ALLOC freed 0K, 6% free 10363K/11015K, paused 15ms
06-20 13:05:25.543  1168  1170 D dalvikvm: GC_CONCURRENT freed 1K, 6% free 10363K/11015K, paused 2ms+2ms
06-20 13:05:25.840  1168  2436 D dalvikvm: GC_FOR_ALLOC freed 725K, 11% free 9863K/11015K, paused 20ms
06-20 13:05:26.168    82   122 D AudioHardware: AudioHardware pcm playback is going to standby.
06-20 13:05:26.168    82   122 D AudioHardware: closePcmOut_l() mPcmOpenCnt: 1
06-20 13:05:27.093  1324  1326 D dalvikvm: GC_CONCURRENT freed 387K, 6% free 9831K/10439K, paused 20ms+4ms
06-20 13:05:27.328  1324  1324 D OpenGLRenderer: Flushing caches (mode 1)
06-20 13:05:27.336  1168  2429 D PicasaAPI: getAlbums for steven.y.ko@gmail.com, etag = null
06-20 13:05:27.480  1168  1170 D dalvikvm: GC_CONCURRENT freed 484K, 12% free 9766K/11015K, paused 4ms+5ms
06-20 13:05:29.480  1168  2429 V PicasaAPI:    etag: --> W/"AkUHQXkzeyp7ImA9WhJTEUk.",entryCount=3
06-20 13:05:29.480  1168  2429 V PicasaAPI:    done
06-20 13:05:29.480  1168  2429 D MetricsUtils: [PicasaApi.getAlbums in:2514 out:608 time:2146]
06-20 13:05:29.523  1168  2429 D MetricsUtils: [PicasaSyncHelper.syncAlbums steven.y.ko@gmail.com time:2193]
06-20 13:05:29.535  1168  1168 D PicasaAlbumSet: sync result: all: 0
06-20 13:05:29.539  1168  1168 D Gallery.MultiSetSync: onSyncDone: Picasa albums #pending=0
06-20 13:05:29.683  1168  1170 D dalvikvm: GC_CONCURRENT freed 385K, 11% free 9890K/11015K, paused 2ms+2ms
06-20 13:05:29.715  1168  2436 W BlobCache: cannot read header
06-20 13:05:29.761  1168  1170 D dalvikvm: GC_CONCURRENT freed 77K, 7% free 10279K/11015K, paused 2ms+3ms
06-20 13:05:31.086  1168  2440 D dalvikvm: GC_FOR_ALLOC freed 227K, 7% free 10287K/11015K, paused 17ms
06-20 13:05:31.086  1168  2440 I dalvikvm-heap: Grow heap (frag case) to 10.267MB for 160016-byte allocation
06-20 13:05:31.105  1168  2443 D dalvikvm: GC_FOR_ALLOC freed <1K, 7% free 10443K/11207K, paused 18ms
06-20 13:05:31.257  1168  2443 D MetricsUtils: [PicasaStore.download 5655666473629402369 in:15648 out:176 time:1428]
06-20 13:05:37.476  1168  1168 V StateManager: startStateForResult class com.android.gallery3d.app.AlbumPage, 1
06-20 13:05:37.496  1168  1168 D ImmediateSync: cancel sync all
06-20 13:05:37.523  1168  1168 D AlbumPage: onSyncDone: Camera result=0
06-20 13:05:37.527  1168  2427 I GLRootView: layout content pane 480x800
06-20 13:05:37.601  1168  2435 D dalvikvm: GC_FOR_ALLOC freed 205K, 7% free 10444K/11207K, paused 22ms
06-20 13:05:37.601  1168  2435 I dalvikvm-heap: Grow heap (frag case) to 10.421MB for 160016-byte allocation
06-20 13:05:37.621  1168  2436 D dalvikvm: GC_FOR_ALLOC freed 608K, 13% free 9992K/11399K, paused 18ms
06-20 13:05:37.660  1168  2435 D dalvikvm: GC_FOR_ALLOC freed 170K, 11% free 10149K/11399K, paused 18ms
06-20 13:05:37.726  1168  1170 D dalvikvm: GC_CONCURRENT freed 12K, 8% free 10595K/11399K, paused 2ms+3ms
06-20 13:05:37.820  1168  2436 D dalvikvm: GC_FOR_ALLOC freed 709K, 11% free 10152K/11399K, paused 18ms
06-20 13:05:37.855  1168  2435 D dalvikvm: GC_FOR_ALLOC freed 2K, 9% free 10460K/11399K, paused 18ms
06-20 13:05:37.918  1168  1170 D dalvikvm: GC_CONCURRENT freed 12K, 5% free 10906K/11399K, paused 1ms+3ms
06-20 13:05:38.019  1168  2436 D dalvikvm: GC_FOR_ALLOC freed 702K, 10% free 10467K/11591K, paused 17ms
06-20 13:05:38.047  1168  2435 D dalvikvm: GC_FOR_ALLOC freed 1K, 8% free 10777K/11591K, paused 19ms
06-20 13:05:38.082  1168  2436 D dalvikvm: GC_FOR_ALLOC freed 13K, 5% free 11064K/11591K, paused 18ms
06-20 13:05:38.117  1168  2435 D dalvikvm: GC_FOR_ALLOC freed 11K, 5% free 11209K/11783K, paused 17ms
06-20 13:05:38.191    82    82 E MetadataRetrieverClient: failed to extract an album art
06-20 13:05:38.195  1168  2435 E MediaMetadataRetrieverJNI: getEmbeddedPicture: Call to getEmbeddedPicture failed.
06-20 13:05:38.203    82   123 I OMXCodec: [OMX.google.h264.decoder] AVC profile = 66 (Baseline), level = 31
06-20 13:05:38.203    82   123 I OMXCodec: [OMX.google.h264.decoder] video dimensions are 320 x 240
06-20 13:05:38.203    82   123 I OMXCodec: [OMX.google.h264.decoder] Crop rect is 320 x 240 @ (0, 0)
06-20 13:05:38.269    82  2447 I OMXCodec: [OMX.google.h264.decoder] video dimensions are 640 x 480
06-20 13:05:38.269    82  2447 I OMXCodec: [OMX.google.h264.decoder] Crop rect is 640 x 480 @ (0, 0)
06-20 13:05:38.433    82   671 E MetadataRetrieverClient: failed to extract an album art
06-20 13:05:38.457  1168  2436 E MediaMetadataRetrieverJNI: getEmbeddedPicture: Call to getEmbeddedPicture failed.
06-20 13:05:38.504    82    82 I OMXCodec: [OMX.google.h264.decoder] AVC profile = 66 (Baseline), level = 31
06-20 13:05:38.507    82    82 I OMXCodec: [OMX.google.h264.decoder] video dimensions are 320 x 240
06-20 13:05:38.511    82    82 I OMXCodec: [OMX.google.h264.decoder] Crop rect is 320 x 240 @ (0, 0)
06-20 13:05:38.742    82  2449 I OMXCodec: [OMX.google.h264.decoder] video dimensions are 640 x 480
06-20 13:05:38.742    82  2449 I OMXCodec: [OMX.google.h264.decoder] Crop rect is 640 x 480 @ (0, 0)
06-20 13:05:39.117   151   580 I ActivityManager: Process com.google.android.syncadapters.calendar (pid 1634) has died.
06-20 13:05:39.187   151   504 I ActivityManager: Process com.android.vending (pid 1181) has died.
06-20 13:05:39.187   151   503 I WindowManager: WIN DEATH: Window{4155d8b0 com.android.vending/com.android.vending.AssetBrowserActivity paused=false}
06-20 13:05:39.254  1168  2435 D dalvikvm: GC_FOR_ALLOC freed 721K, 11% free 10766K/11975K, paused 20ms
06-20 13:05:39.257  1168  2435 I dalvikvm-heap: Grow heap (frag case) to 11.168MB for 614416-byte allocation
06-20 13:05:39.285  1168  1170 D dalvikvm: GC_CONCURRENT freed <1K, 6% free 11366K/11975K, paused 2ms+2ms
06-20 13:05:39.304  1168  2436 D dalvikvm: GC_FOR_ALLOC freed 0K, 6% free 11366K/11975K, paused 17ms
06-20 13:05:39.304  1168  2436 I dalvikvm-heap: Grow heap (frag case) to 11.754MB for 614416-byte allocation
06-20 13:05:39.340  1168  2435 D dalvikvm: GC_FOR_ALLOC freed <1K, 6% free 11966K/12615K, paused 17ms
06-20 13:05:39.433  1168  2435 D dalvikvm: GC_FOR_ALLOC freed 1304K, 14% free 11223K/12935K, paused 18ms
06-20 13:05:43.621  1168  1168 V StateManager: finishState class com.android.gallery3d.app.AlbumPage
06-20 13:05:43.672  1168  1168 V GalleryActionBar: showClusterMenu: runner=com.android.gallery3d.app.AlbumSetPage@413b47b0
06-20 13:05:43.672  1168  1168 D Gallery.MultiSetSync: onSyncDone: MTP devices #pending=2
06-20 13:05:43.672  1168  1168 D Gallery.MultiSetSync:   request sync: MTP devices
06-20 13:05:43.672  1168  1168 D Gallery.MultiSetSync: onSyncDone: Local albums #pending=1
06-20 13:05:43.672  1168  1168 D Gallery.MultiSetSync:   request sync: Local albums
06-20 13:05:43.715  1168  1168 D Gallery.MultiSetSync:   request sync: Picasa albums
06-20 13:05:43.718  1168  2427 I GLRootView: layout content pane 480x800
06-20 13:05:43.754  1168  1170 D dalvikvm: GC_CONCURRENT freed 492K, 12% free 11456K/12935K, paused 2ms+3ms
06-20 13:05:43.800  1168  2452 D ImmediateSync: sync album list:1 account(s)
06-20 13:05:43.875  1168  2452 D ImmediateSync: sync albums for steven.y.ko@gmail.com
06-20 13:05:43.875  1324  1324 D OpenGLRenderer: Flushing caches (mode 1)
06-20 13:05:43.910  1324  1324 D OpenGLRenderer: Flushing caches (mode 1)
06-20 13:05:43.914  1168  2452 D PicasaAPI: getAlbums for steven.y.ko@gmail.com, etag = W/"AkUHQXkzeyp7ImA9WhJTEUk."
06-20 13:05:44.004  1168  1170 D dalvikvm: GC_CONCURRENT freed 1762K, 20% free 10387K/12935K, paused 2ms+3ms
06-20 13:05:45.324  1168  1168 V StateManager: startStateForResult class com.android.gallery3d.app.AlbumPage, 1
06-20 13:05:45.332  1168  1168 D ImmediateSync: cancel sync all
06-20 13:05:45.355  1168  1168 D AlbumPage: onSyncDone: download result=0
06-20 13:05:45.367  1168  2427 I GLRootView: layout content pane 480x800
06-20 13:05:45.445  1168  1170 D dalvikvm: GC_CONCURRENT freed 120K, 18% free 10696K/12935K, paused 2ms+3ms
06-20 13:05:45.910  1168  1170 D dalvikvm: GC_CONCURRENT freed 1127K, 23% free 10003K/12935K, paused 2ms+3ms
06-20 13:05:46.769  1168  2452 V PicasaAPI:    done
06-20 13:05:46.769  1168  2452 D MetricsUtils: [PicasaApi.getAlbums in:361 out:653 time:2857]
06-20 13:05:46.773  1168  2452 D MetricsUtils: [PicasaSyncHelper.syncAlbums steven.y.ko@gmail.com time:2862]
06-20 13:05:46.773  1168  2452 D ImmediateSync: sync all incomplete 1
06-20 13:05:46.785  1168  2452 W AsyncTask: java.lang.InterruptedException
06-20 13:05:46.785  1168  2452 W AsyncTask: 	at java.util.concurrent.locks.AbstractQueuedSynchronizer.acquireSharedInterruptibly(AbstractQueuedSynchronizer.java:1280)
06-20 13:05:46.785  1168  2452 W AsyncTask: 	at java.util.concurrent.FutureTask$Sync.innerGet(FutureTask.java:219)
06-20 13:05:46.785  1168  2452 W AsyncTask: 	at java.util.concurrent.FutureTask.get(FutureTask.java:82)
06-20 13:05:46.785  1168  2452 W AsyncTask: 	at android.os.AsyncTask$3.done(AsyncTask.java:272)
06-20 13:05:46.785  1168  2452 W AsyncTask: 	at java.util.concurrent.FutureTask$Sync.innerSet(FutureTask.java:252)
06-20 13:05:46.785  1168  2452 W AsyncTask: 	at java.util.concurrent.FutureTask.set(FutureTask.java:112)
06-20 13:05:46.785  1168  2452 W AsyncTask: 	at java.util.concurrent.FutureTask$Sync.innerRun(FutureTask.java:310)
06-20 13:05:46.785  1168  2452 W AsyncTask: 	at java.util.concurrent.FutureTask.run(FutureTask.java:137)
06-20 13:05:46.785  1168  2452 W AsyncTask: 	at java.util.concurrent.ThreadPoolExecutor.runWorker(ThreadPoolExecutor.java:1076)
06-20 13:05:46.785  1168  2452 W AsyncTask: 	at java.util.concurrent.ThreadPoolExecutor$Worker.run(ThreadPoolExecutor.java:569)
06-20 13:05:46.785  1168  2452 W AsyncTask: 	at java.lang.Thread.run(Thread.java:856)
06-20 13:05:47.293  1168  1168 V StateManager: finishState class com.android.gallery3d.app.AlbumPage
06-20 13:05:47.340  1168  1168 V GalleryActionBar: showClusterMenu: runner=com.android.gallery3d.app.AlbumSetPage@413b47b0
06-20 13:05:47.340  1168  1168 D Gallery.MultiSetSync: onSyncDone: MTP devices #pending=2
06-20 13:05:47.340  1168  1168 D Gallery.MultiSetSync:   request sync: MTP devices
06-20 13:05:47.340  1168  1168 D Gallery.MultiSetSync: onSyncDone: Local albums #pending=1
06-20 13:05:47.340  1168  1168 D Gallery.MultiSetSync:   request sync: Local albums
06-20 13:05:47.347  1168  1168 D Gallery.MultiSetSync:   request sync: Picasa albums
06-20 13:05:47.347  1168  2427 I GLRootView: layout content pane 480x800
06-20 13:05:47.355  1168  2443 D ImmediateSync: sync album list:1 account(s)
06-20 13:05:47.422  1168  2440 D dalvikvm: GC_FOR_ALLOC freed 397K, 23% free 9978K/12935K, paused 19ms
06-20 13:05:47.445  1324  1324 D OpenGLRenderer: Flushing caches (mode 1)
06-20 13:05:47.449  1168  2443 D ImmediateSync: sync albums for steven.y.ko@gmail.com
06-20 13:05:47.519  1324  1324 D dalvikvm: GC_EXPLICIT freed 81K, 7% free 9782K/10439K, paused 8ms+3ms
06-20 13:05:47.535  1168  2443 D PicasaAPI: getAlbums for steven.y.ko@gmail.com, etag = W/"AkUHQXkzeyp7ImA9WhJTEUk."
06-20 13:05:47.543  1324  1324 D OpenGLRenderer: Flushing caches (mode 1)
06-20 13:05:47.597  1168  1170 D dalvikvm: GC_CONCURRENT freed 334K, 23% free 10048K/12935K, paused 1ms+3ms
06-20 13:05:47.679  1168  1170 D dalvikvm: GC_CONCURRENT freed 47K, 20% free 10428K/12935K, paused 1ms+3ms
06-20 13:05:48.367  1168  2443 V PicasaAPI:    done
06-20 13:05:48.382  1168  2443 D MetricsUtils: [PicasaApi.getAlbums in:361 out:653 time:847]
06-20 13:05:48.382  1168  2443 D MetricsUtils: [PicasaSyncHelper.syncAlbums steven.y.ko@gmail.com time:848]
06-20 13:05:48.394  1168  1168 D PicasaAlbumSet: sync result: all: 0
06-20 13:05:48.398  1168  1168 D Gallery.MultiSetSync: onSyncDone: Picasa albums #pending=0
06-20 13:05:49.257  1168  1168 V StateManager: startStateForResult class com.android.gallery3d.app.AlbumPage, 1
06-20 13:05:49.265  1168  1168 D ImmediateSync: cancel sync all
06-20 13:05:49.293  1168  1168 D AlbumPage: onSyncDone: Screenshots result=0
06-20 13:05:49.300  1168  2427 I GLRootView: layout content pane 480x800
06-20 13:05:49.386  1168  1170 D dalvikvm: GC_CONCURRENT freed 213K, 18% free 10681K/12935K, paused 2ms+4ms
06-20 13:05:51.754  1168  1168 V StateManager: finishState class com.android.gallery3d.app.AlbumPage
06-20 13:05:51.793  1168  1168 V GalleryActionBar: showClusterMenu: runner=com.android.gallery3d.app.AlbumSetPage@413b47b0
06-20 13:05:51.793  1168  1168 D Gallery.MultiSetSync: onSyncDone: MTP devices #pending=2
06-20 13:05:51.793  1168  1168 D Gallery.MultiSetSync:   request sync: MTP devices
06-20 13:05:51.793  1168  1168 D Gallery.MultiSetSync: onSyncDone: Local albums #pending=1
06-20 13:05:51.793  1168  1168 D Gallery.MultiSetSync:   request sync: Local albums
06-20 13:05:51.800  1168  1168 D Gallery.MultiSetSync:   request sync: Picasa albums
06-20 13:05:51.804  1168  2427 I GLRootView: layout content pane 480x800
06-20 13:05:51.851  1168  2452 D ImmediateSync: sync album list:1 account(s)
06-20 13:05:51.914  1168  1170 D dalvikvm: GC_CONCURRENT freed 1254K, 23% free 9961K/12935K, paused 5ms+4ms
06-20 13:05:51.961  1168  2452 D ImmediateSync: sync albums for steven.y.ko@gmail.com
06-20 13:05:51.961  1324  1324 D OpenGLRenderer: Flushing caches (mode 1)
06-20 13:05:52.082  1168  1170 D dalvikvm: GC_CONCURRENT freed 140K, 21% free 10251K/12935K, paused 4ms+3ms
06-20 13:05:52.160   151   375 D dalvikvm: GC_EXPLICIT freed 1585K, 16% free 13633K/16071K, paused 8ms+13ms
06-20 13:05:52.187  1324  1324 D OpenGLRenderer: Flushing caches (mode 1)
06-20 13:05:52.195  1168  2452 D PicasaAPI: getAlbums for steven.y.ko@gmail.com, etag = W/"AkUHQXkzeyp7ImA9WhJTEUk."
06-20 13:05:52.277  1168  1170 D dalvikvm: GC_CONCURRENT freed 101K, 19% free 10575K/12935K, paused 2ms+3ms
06-20 13:05:53.031  1168  2452 V PicasaAPI:    done
06-20 13:05:53.031  1168  2452 D MetricsUtils: [PicasaApi.getAlbums in:361 out:653 time:841]
06-20 13:05:53.035  1168  2452 D MetricsUtils: [PicasaSyncHelper.syncAlbums steven.y.ko@gmail.com time:852]
06-20 13:05:53.035  1168  1168 D PicasaAlbumSet: sync result: all: 0
06-20 13:05:53.043  1168  1168 D Gallery.MultiSetSync: onSyncDone: Picasa albums #pending=0
06-20 13:05:53.371  1168  1168 V StateManager: startStateForResult class com.android.gallery3d.app.AlbumPage, 1
06-20 13:05:53.375  1168  1168 D ImmediateSync: cancel sync all
06-20 13:05:53.386  1168  1168 D AlbumPage: onSyncDone: Screenshots result=0
06-20 13:05:53.394  1168  2427 I GLRootView: layout content pane 480x800
06-20 13:05:54.582  1168  1168 V StateManager: startStateForResult class com.android.gallery3d.app.PhotoPage, 2
06-20 13:05:54.687  1168  2427 I GLRootView: layout content pane 480x800
06-20 13:05:54.793  1168  1170 D dalvikvm: GC_CONCURRENT freed 288K, 17% free 10799K/12935K, paused 4ms+9ms
06-20 13:05:54.816  1168  2436 D dalvikvm: GC_FOR_ALLOC freed 1042K, 25% free 9804K/12935K, paused 17ms
06-20 13:05:54.820  1168  2436 I dalvikvm-heap: Grow heap (frag case) to 11.108MB for 1536016-byte allocation
06-20 13:05:54.843  1168  1168 D dalvikvm: GC_FOR_ALLOC freed <1K, 13% free 11304K/12935K, paused 17ms
06-20 13:05:54.980  1168  2436 D dalvikvm: GC_FOR_ALLOC freed 168K, 14% free 11225K/12935K, paused 17ms
06-20 13:05:54.984  1168  2436 I dalvikvm-heap: Grow heap (frag case) to 11.968MB for 983056-byte allocation
06-20 13:05:55.015  1168  1177 D dalvikvm: GC_FOR_ALLOC freed <1K, 6% free 12184K/12935K, paused 17ms
06-20 13:05:55.058  1168  1170 D dalvikvm: GC_CONCURRENT freed <1K, 6% free 12184K/12935K, paused 3ms+3ms
06-20 13:05:55.160  1168  2434 D dalvikvm: GC_FOR_ALLOC freed 1620K, 18% free 10710K/12935K, paused 17ms
06-20 13:05:55.160  1168  2434 I dalvikvm-heap: Grow heap (frag case) to 11.993MB for 1536016-byte allocation
06-20 13:05:55.187  1168  2463 D dalvikvm: GC_FOR_ALLOC freed <1K, 6% free 12209K/12935K, paused 17ms
06-20 13:05:55.191  1168  2427 I GLRootView: layout content pane 480x800
06-20 13:05:55.242  1168  1170 D dalvikvm: GC_CONCURRENT freed 1K, 6% free 12272K/12935K, paused 2ms+2ms
06-20 13:05:55.261  1168  2427 D dalvikvm: GC_FOR_ALLOC freed <1K, 6% free 12272K/12935K, paused 18ms
06-20 13:05:55.261  1168  2427 I dalvikvm-heap: Grow heap (frag case) to 12.660MB for 635812-byte allocation
06-20 13:05:55.293  1168  2427 D dalvikvm: GC_FOR_ALLOC freed 0K, 6% free 12893K/13575K, paused 18ms
06-20 13:05:55.324  1168  2427 D dalvikvm: GC_FOR_ALLOC freed <1K, 5% free 13624K/14215K, paused 20ms
06-20 13:05:55.351  1168  2427 D dalvikvm: GC_FOR_ALLOC freed <1K, 4% free 14300K/14855K, paused 18ms
06-20 13:05:55.480  1168  2434 D dalvikvm: GC_FOR_ALLOC freed 18K, 3% free 15038K/15495K, paused 18ms
06-20 13:05:55.668  1168  2440 D skia    : WARNING: One-shot allocator has already allocated (alloc count = 1)
06-20 13:05:55.711  1168  2440 D skia    : WARNING: One-shot allocator has already allocated (alloc count = 1)
06-20 13:05:55.730  1168  2440 D dalvikvm: GC_FOR_ALLOC freed 2088K, 15% free 14540K/16967K, paused 19ms
06-20 13:05:55.800  1168  2440 D skia    : WARNING: One-shot allocator has already allocated (alloc count = 1)
06-20 13:05:55.871  1168  2440 D skia    : WARNING: One-shot allocator has already allocated (alloc count = 1)
06-20 13:05:55.894  1168  2440 D dalvikvm: GC_FOR_ALLOC freed 1260K, 12% free 14981K/16967K, paused 19ms
06-20 13:05:55.968  1168  2440 D skia    : WARNING: One-shot allocator has already allocated (alloc count = 1)
06-20 13:05:56.000  1168  2440 D dalvikvm: GC_FOR_ALLOC freed 1700K, 14% free 14757K/16967K, paused 19ms
06-20 13:05:56.070  1168  2440 D skia    : WARNING: One-shot allocator has already allocated (alloc count = 1)
06-20 13:05:56.109  1168  2440 D skia    : WARNING: One-shot allocator has already allocated (alloc count = 1)
06-20 13:05:56.136  1168  2440 D dalvikvm: GC_FOR_ALLOC freed 1727K, 14% free 14727K/16967K, paused 20ms
06-20 13:05:56.179  1168  2440 D skia    : WARNING: One-shot allocator has already allocated (alloc count = 1)
06-20 13:05:57.234    82   122 D AudioHardware: AudioHardware pcm playback is exiting standby.
06-20 13:05:57.234    82   122 D AudioHardware: openPcmOut_l() mPcmOpenCnt: 0
06-20 13:06:00.453  1168  2436 V MenuExecutor: Execute cmd: 2131427394 for /local/image/item/1252
06-20 13:06:00.476  1881  1893 D MediaProvider: object removed 1252
06-20 13:06:00.562  1168  2436 V MenuExecutor: It takes 110 ms to execute cmd for /local/image/item/1252
06-20 13:06:00.621   151   504 W InputManagerService: Window already focused, ignoring focus gain of: com.android.internal.view.IInputMethodClient$Stub$Proxy@414dadd8
06-20 13:06:00.675  1168  2434 D dalvikvm: GC_FOR_ALLOC freed 2595K, 20% free 13703K/16967K, paused 31ms
06-20 13:06:01.019  1168  2440 D skia    : WARNING: One-shot allocator has already allocated (alloc count = 1)
06-20 13:06:01.066  1168  1170 D dalvikvm: GC_CONCURRENT freed 1543K, 20% free 13655K/16967K, paused 2ms+3ms
06-20 13:06:01.101  1168  2440 D skia    : WARNING: One-shot allocator has already allocated (alloc count = 1)
06-20 13:06:01.164  1168  2440 D skia    : WARNING: One-shot allocator has already allocated (alloc count = 1)
06-20 13:06:01.191  1168  2440 D dalvikvm: GC_FOR_ALLOC freed 1076K, 19% free 13838K/16967K, paused 21ms
06-20 13:06:01.254  1168  2440 D skia    : WARNING: One-shot allocator has already allocated (alloc count = 1)
06-20 13:06:01.316  1168  2440 D skia    : WARNING: One-shot allocator has already allocated (alloc count = 1)
06-20 13:06:01.340  1168  2440 D dalvikvm: GC_FOR_ALLOC freed 1249K, 18% free 14062K/16967K, paused 21ms
06-20 13:06:01.402  1168  2440 D skia    : WARNING: One-shot allocator has already allocated (alloc count = 1)
06-20 13:06:01.433  1168  2440 D dalvikvm: GC_FOR_ALLOC freed 1699K, 19% free 13838K/16967K, paused 22ms
06-20 13:06:01.461  1168  2440 D skia    : WARNING: One-shot allocator has already allocated (alloc count = 1)
06-20 13:06:01.492  1168  2440 D skia    : WARNING: One-shot allocator has already allocated (alloc count = 1)
06-20 13:06:01.515  1168  2440 D dalvikvm: GC_FOR_ALLOC freed 1217K, 18% free 14060K/16967K, paused 20ms
06-20 13:06:04.554  1168  2435 V MenuExecutor: Execute cmd: 2131427394 for /local/image/item/1251
06-20 13:06:04.558  1881  2203 D MediaProvider: object removed 1251
06-20 13:06:04.605  1168  2435 V MenuExecutor: It takes 51 ms to execute cmd for /local/image/item/1251
06-20 13:06:04.695   151   587 W InputManagerService: Window already focused, ignoring focus gain of: com.android.internal.view.IInputMethodClient$Stub$Proxy@413adc08
06-20 13:06:04.699  1168  1168 V StateManager: finishState class com.android.gallery3d.app.PhotoPage
06-20 13:06:04.718  1168  2427 I GLRootView: layout content pane 480x800
06-20 13:06:04.824  1168  1168 V StateManager: finishState class com.android.gallery3d.app.AlbumPage
06-20 13:06:04.840  1168  1168 V GalleryActionBar: showClusterMenu: runner=com.android.gallery3d.app.AlbumSetPage@413b47b0
06-20 13:06:04.840  1168  1168 D Gallery.MultiSetSync: onSyncDone: MTP devices #pending=2
06-20 13:06:04.840  1168  1168 D Gallery.MultiSetSync:   request sync: MTP devices
06-20 13:06:04.840  1168  1168 D Gallery.MultiSetSync: onSyncDone: Local albums #pending=1
06-20 13:06:04.840  1168  1168 D Gallery.MultiSetSync:   request sync: Local albums
06-20 13:06:04.871  1168  1168 D Gallery.MultiSetSync:   request sync: Picasa albums
06-20 13:06:04.871  1168  2427 I GLRootView: layout content pane 480x800
06-20 13:06:04.961  1168  2441 D ImmediateSync: sync album list:1 account(s)
06-20 13:06:05.164  1324  1324 D OpenGLRenderer: Flushing caches (mode 1)
06-20 13:06:05.218  1168  1170 D dalvikvm: GC_CONCURRENT freed 1640K, 17% free 14099K/16967K, paused 2ms+6ms
06-20 13:06:05.269  1168  2441 D ImmediateSync: sync albums for steven.y.ko@gmail.com
06-20 13:06:05.297  1324  1324 D OpenGLRenderer: Flushing caches (mode 1)
06-20 13:06:05.312  1168  2441 D PicasaAPI: getAlbums for steven.y.ko@gmail.com, etag = W/"AkUHQXkzeyp7ImA9WhJTEUk."
06-20 13:06:07.593    82   122 D AudioHardware: AudioHardware pcm playback is going to standby.
06-20 13:06:07.593    82   122 D AudioHardware: closePcmOut_l() mPcmOpenCnt: 1
06-20 13:06:08.004  1168  2441 V PicasaAPI:    done
06-20 13:06:08.007  1168  2441 D MetricsUtils: [PicasaApi.getAlbums in:361 out:653 time:2693]
06-20 13:06:08.019  1168  2441 D MetricsUtils: [PicasaSyncHelper.syncAlbums steven.y.ko@gmail.com time:2716]
06-20 13:06:08.031  1168  1168 D PicasaAlbumSet: sync result: all: 0
06-20 13:06:08.035  1168  1168 D Gallery.MultiSetSync: onSyncDone: Picasa albums #pending=0
06-20 13:06:08.933  1168  1168 V StateManager: startStateForResult class com.android.gallery3d.app.AlbumPage, 1
06-20 13:06:08.937  1168  1168 D ImmediateSync: cancel sync all
06-20 13:06:08.996  1168  2427 I GLRootView: layout content pane 480x800
06-20 13:06:08.992  1271  1303 I PhoneLab-: Service Running
06-20 13:06:09.265  1324  1324 D OpenGLRenderer: Flushing caches (mode 1)
06-20 13:06:09.273  1168  1175 I dalvikvm: Jit: resizing JitTable from 4096 to 8192
06-20 13:06:09.324  1168  2443 D ImmediateSync: sync album for steven.y.ko@gmail.com/5655666473629402369
06-20 13:06:09.406  1271  1303 I PhoneLab-LoggerService: app_37    1308  1271  1796   1356  c00f181c 400107b4 S logcat
06-20 13:06:09.406  1271  1303 I PhoneLab-LoggerService: Logcat pid from database 1308
06-20 13:06:09.410  1271  1303 I PhoneLab-LoggerService: Logcat process found 1308
06-20 13:06:09.414  1271  1303 I PhoneLab-LoggerService: Checking Threshold
06-20 13:06:09.429  1271  1303 I PhoneLab-LoggerService: Starting to rename files
06-20 13:06:09.445  1168  1170 D dalvikvm: GC_CONCURRENT freed 2087K, 20% free 13682K/16967K, paused 2ms+5ms
06-20 13:06:09.511  1271  1303 I PhoneLab-LoggerService: Files found .. 3
06-20 13:06:09.664  1168  2443 D PicasaAPI: getAlbumPhotos for 103644173838257464419 / 5655666473629402369, etag: null
06-20 13:06:10.238  1168  1170 D dalvikvm: GC_CONCURRENT freed 1869K, 22% free 13314K/16967K, paused 3ms+10ms
06-20 13:06:10.871  1168  1170 D dalvikvm: GC_CONCURRENT freed 1428K, 22% free 13275K/16967K, paused 2ms+7ms
06-20 13:06:11.320  1168  1170 D dalvikvm: GC_CONCURRENT freed 1371K, 22% free 13282K/16967K, paused 2ms+7ms
06-20 13:06:11.765  1168  1170 D dalvikvm: GC_CONCURRENT freed 1385K, 22% free 13290K/16967K, paused 2ms+7ms
06-20 13:06:12.199  1168  1170 D dalvikvm: GC_CONCURRENT freed 1381K, 22% free 13303K/16967K, paused 2ms+9ms
06-20 13:06:12.640  1168  1170 D dalvikvm: GC_CONCURRENT freed 1403K, 22% free 13296K/16967K, paused 2ms+8ms
06-20 13:06:13.074  1168  1170 D dalvikvm: GC_CONCURRENT freed 1401K, 22% free 13297K/16967K, paused 1ms+9ms
06-20 13:06:13.535  1168  1170 D dalvikvm: GC_CONCURRENT freed 1398K, 22% free 13303K/16967K, paused 2ms+12ms
06-20 13:06:13.984  1168  1170 D dalvikvm: GC_CONCURRENT freed 1405K, 22% free 13302K/16967K, paused 1ms+7ms
06-20 13:06:14.480  1168  1170 D dalvikvm: GC_CONCURRENT freed 1407K, 22% free 13286K/16967K, paused 2ms+7ms
06-20 13:06:15.043  1168  1170 D dalvikvm: GC_CONCURRENT freed 1393K, 22% free 13280K/16967K, paused 2ms+8ms
06-20 13:06:15.175  1168  2440 D MetricsUtils: [OPEN content://com.google.android.gallery3d.GooglePhotoProvider/photos/5753732564977187442?type=thumbnail time:534]
06-20 13:06:15.359  1168  2434 D MetricsUtils: [OPEN content://com.google.android.gallery3d.GooglePhotoProvider/photos/5753732506033896466?type=thumbnail time:144]
06-20 13:06:15.578  1168  1170 D dalvikvm: GC_CONCURRENT freed 1369K, 22% free 13330K/16967K, paused 2ms+7ms
06-20 13:06:16.066  1168  1170 D dalvikvm: GC_CONCURRENT freed 1296K, 21% free 13476K/16967K, paused 5ms+7ms
06-20 13:06:16.125  1168  2429 D MetricsUtils: [PicasaStore.download 5753732564977187442 in:15648 out:199 time:951]
06-20 13:06:16.304  1168  2436 D MetricsUtils: [OPEN content://com.google.android.gallery3d.GooglePhotoProvider/photos/5753732430817864322?type=thumbnail time:163]
06-20 13:06:16.644  1168  1170 D dalvikvm: GC_CONCURRENT freed 1405K, 21% free 13496K/16967K, paused 3ms+7ms
06-20 13:06:17.226  1168  1170 D dalvikvm: GC_CONCURRENT freed 1396K, 21% free 13507K/16967K, paused 3ms+7ms
06-20 13:06:17.793  1168  1170 D dalvikvm: GC_CONCURRENT freed 1439K, 21% free 13484K/16967K, paused 2ms+8ms
06-20 13:06:18.379  1168  1170 D dalvikvm: GC_CONCURRENT freed 1342K, 21% free 13537K/16967K, paused 7ms+8ms
06-20 13:06:18.441  1168  2478 D MetricsUtils: [QUERY content://com.google.android.gallery3d.GooglePhotoProvider/photos?limit=8%2C64 query-result:1 time:129]
06-20 13:06:18.867  1168  2434 D skia    : --- gOptions_mCancelID
06-20 13:06:18.941  1168  2442 D PicasaStore: pipe closed early by caller? java.io.IOException: write failed: EPIPE (Broken pipe)
06-20 13:06:18.941  1168  2442 D MetricsUtils: [PicasaStore.download 5753732506033896466 in:3950 out:199 time:3531]
06-20 13:06:20.050  1168  2441 D PicasaStore: pipe closed early by caller? java.io.IOException: write failed: EPIPE (Broken pipe)
06-20 13:06:20.050  1168  2441 D MetricsUtils: [PicasaStore.download 5753732313521482514 in:1300 out:199 time:1096]
06-20 13:06:20.254  1168  2478 D MetricsUtils: [QUERY content://com.google.android.gallery3d.GooglePhotoProvider/photos?limit=10%2C64 query-result:1 time:1298]
06-20 13:06:20.343  1168  2434 D MetricsUtils: [OPEN content://com.google.android.gallery3d.GooglePhotoProvider/photos/5752927845216574226?type=thumbnail time:1384]
06-20 13:06:20.547  1168  2436 D skia    : --- gOptions_mCancelID
06-20 13:06:20.609  1168  1170 D dalvikvm: GC_CONCURRENT freed 1578K, 21% free 13419K/16967K, paused 3ms+7ms
06-20 13:06:20.660  1168  2452 D PicasaStore: pipe closed early by caller? java.io.IOException: write failed: EPIPE (Broken pipe)
06-20 13:06:20.660  1168  2452 D MetricsUtils: [PicasaStore.download 5753732430817864322 in:5313 out:199 time:4354]
06-20 13:06:22.004  1168  1170 D dalvikvm: GC_CONCURRENT freed 1628K, 23% free 13210K/16967K, paused 2ms+8ms
06-20 13:06:22.672  1168  2434 D skia    : --- gOptions_mCancelID
06-20 13:06:22.703  1168  2429 D PicasaStore: pipe closed early by caller? java.io.IOException: write failed: EPIPE (Broken pipe)
06-20 13:06:22.707  1168  2429 D MetricsUtils: [PicasaStore.download 5752927845216574226 in:2625 out:182 time:2363]
06-20 13:06:22.847  1168  2436 D skia    : --- gOptions_mCancelID
06-20 13:06:22.863  1168  2442 D PicasaStore: pipe closed early by caller? java.io.IOException: write failed: EPIPE (Broken pipe)
06-20 13:06:22.863  1168  2442 D MetricsUtils: [PicasaStore.download 5752927008373432914 in:2625 out:182 time:2198]
06-20 13:06:22.894  1168  2478 D MetricsUtils: [QUERY content://com.google.android.gallery3d.GooglePhotoProvider/photos?limit=25%2C64 query-result:1 time:295]
06-20 13:06:23.574  1168  1170 D dalvikvm: GC_CONCURRENT freed 1351K, 23% free 13189K/16967K, paused 3ms+6ms
06-20 13:06:25.285  1168  2478 D MetricsUtils: [QUERY content://com.google.android.gallery3d.GooglePhotoProvider/photos?limit=43%2C64 query-result:1 time:254]
06-20 13:06:26.496  1168  2478 D MetricsUtils: [QUERY content://com.google.android.gallery3d.GooglePhotoProvider/photos?limit=44%2C64 query-result:1 time:1158]
06-20 13:06:26.703  1168  1170 D dalvikvm: GC_CONCURRENT freed 1318K, 23% free 13173K/16967K, paused 2ms+7ms
06-20 13:06:27.113  1168  1168 V StateManager: finishState class com.android.gallery3d.app.AlbumPage
06-20 13:06:27.117  1168  1168 D ImmediateSync: cancel sync 1604387069.5655666473629402369
06-20 13:06:27.125  1168  1168 V GalleryActionBar: showClusterMenu: runner=com.android.gallery3d.app.AlbumSetPage@413b47b0
06-20 13:06:27.129  1168  1168 D Gallery.MultiSetSync: onSyncDone: MTP devices #pending=2
06-20 13:06:27.129    82   122 D AudioHardware: AudioHardware pcm playback is exiting standby.
06-20 13:06:27.129    82   122 D AudioHardware: openPcmOut_l() mPcmOpenCnt: 0
06-20 13:06:27.129  1168  1168 D Gallery.MultiSetSync:   request sync: MTP devices
06-20 13:06:27.129  1168  1168 D Gallery.MultiSetSync: onSyncDone: Local albums #pending=1
06-20 13:06:27.129  1168  1168 D Gallery.MultiSetSync:   request sync: Local albums
06-20 13:06:27.144  1168  1168 D Gallery.MultiSetSync:   request sync: Picasa albums
06-20 13:06:27.144  1168  2427 I GLRootView: layout content pane 480x800
06-20 13:06:27.164  1168  2441 D ImmediateSync: sync album list:1 account(s)
06-20 13:06:27.281  1168  2441 D ImmediateSync: sync albums for steven.y.ko@gmail.com
06-20 13:06:27.281  1324  1324 D OpenGLRenderer: Flushing caches (mode 1)
06-20 13:06:27.320  1324  1324 D OpenGLRenderer: Flushing caches (mode 1)
06-20 13:06:27.386  1168  2441 D PicasaAPI: getAlbums for steven.y.ko@gmail.com, etag = W/"AkUHQXkzeyp7ImA9WhJTEUk."
06-20 13:06:27.449  1168  1170 D dalvikvm: GC_CONCURRENT freed 1107K, 22% free 13335K/16967K, paused 2ms+5ms
06-20 13:06:27.449  1168  2436 D MetricsUtils: [OPEN content://com.google.android.gallery3d.GooglePhotoProvider/albumcovers/5624022379223110033 time:121]
06-20 13:06:27.480  1168  2440 D MetricsUtils: [OPEN content://com.google.android.gallery3d.GooglePhotoProvider/albumcovers/5623861631587323729 time:143]
06-20 13:06:29.781  1168  1168 V StateManager: startStateForResult class com.android.gallery3d.app.AlbumPage, 1
06-20 13:06:29.804  1168  1168 D ImmediateSync: cancel sync all
06-20 13:06:29.890  1168  1170 D dalvikvm: GC_CONCURRENT freed 1182K, 21% free 13541K/16967K, paused 2ms+3ms
06-20 13:06:30.218    82   122 D AudioHardware: AudioHardware pcm playback is going to standby.
06-20 13:06:30.218    82   122 D AudioHardware: closePcmOut_l() mPcmOpenCnt: 1
06-20 13:06:30.246  1168  2441 V PicasaAPI:    done
06-20 13:06:30.246  1168  2441 D MetricsUtils: [PicasaApi.getAlbums in:361 out:653 time:2862]
06-20 13:06:30.254  1168  2441 D MetricsUtils: [PicasaSyncHelper.syncAlbums steven.y.ko@gmail.com time:2932]
06-20 13:06:30.757  1168  1168 D MetricsUtils: [INSERT content://com.google.android.gallery3d.GooglePhotoProvider/sync_request time:913]
06-20 13:06:30.761  1168  2427 I GLRootView: layout content pane 480x800
06-20 13:06:30.793  1168  2441 D ImmediateSync: sync all incomplete 1
06-20 13:06:30.804  1324  1324 D OpenGLRenderer: Flushing caches (mode 1)
06-20 13:06:30.804  1168  2452 D ImmediateSync: sync album for steven.y.ko@gmail.com/5623861631587323729
06-20 13:06:30.808  1168  2441 W AsyncTask: java.lang.InterruptedException
06-20 13:06:30.808  1168  2441 W AsyncTask: 	at java.util.concurrent.locks.AbstractQueuedSynchronizer.acquireSharedInterruptibly(AbstractQueuedSynchronizer.java:1280)
06-20 13:06:30.808  1168  2441 W AsyncTask: 	at java.util.concurrent.FutureTask$Sync.innerGet(FutureTask.java:219)
06-20 13:06:30.808  1168  2441 W AsyncTask: 	at java.util.concurrent.FutureTask.get(FutureTask.java:82)
06-20 13:06:30.808  1168  2441 W AsyncTask: 	at android.os.AsyncTask$3.done(AsyncTask.java:272)
06-20 13:06:30.808  1168  2441 W AsyncTask: 	at java.util.concurrent.FutureTask$Sync.innerSet(FutureTask.java:252)
06-20 13:06:30.808  1168  2441 W AsyncTask: 	at java.util.concurrent.FutureTask.set(FutureTask.java:112)
06-20 13:06:30.808  1168  2441 W AsyncTask: 	at java.util.concurrent.FutureTask$Sync.innerRun(FutureTask.java:310)
06-20 13:06:30.808  1168  2441 W AsyncTask: 	at java.util.concurrent.FutureTask.run(FutureTask.java:137)
06-20 13:06:30.808  1168  2441 W AsyncTask: 	at java.util.concurrent.ThreadPoolExecutor.runWorker(ThreadPoolExecutor.java:1076)
06-20 13:06:30.808  1168  2441 W AsyncTask: 	at java.util.concurrent.ThreadPoolExecutor$Worker.run(ThreadPoolExecutor.java:569)
06-20 13:06:30.808  1168  2441 W AsyncTask: 	at java.lang.Thread.run(Thread.java:856)
06-20 13:06:33.590  1168  1168 V StateManager: finishState class com.android.gallery3d.app.AlbumPage
06-20 13:06:33.601  1168  1168 D ImmediateSync: cancel sync 1604387069.5623861631587323729
06-20 13:06:33.613  1168  1168 V GalleryActionBar: showClusterMenu: runner=com.android.gallery3d.app.AlbumSetPage@413b47b0
06-20 13:06:33.617  1168  1168 D Gallery.MultiSetSync: onSyncDone: MTP devices #pending=2
06-20 13:06:33.617  1168  1168 D Gallery.MultiSetSync:   request sync: MTP devices
06-20 13:06:33.617  1168  1168 D Gallery.MultiSetSync: onSyncDone: Local albums #pending=1
06-20 13:06:33.617  1168  1168 D Gallery.MultiSetSync:   request sync: Local albums
06-20 13:06:33.621    82   122 D AudioHardware: AudioHardware pcm playback is exiting standby.
06-20 13:06:33.621    82   122 D AudioHardware: openPcmOut_l() mPcmOpenCnt: 0
06-20 13:06:33.625  1168  2452 D ImmediateSync: sync 1604387069.5623861631587323729 incomplete 1
06-20 13:06:33.632  1168  2452 W AsyncTask: java.lang.InterruptedException
06-20 13:06:33.632  1168  2452 W AsyncTask: 	at java.util.concurrent.locks.AbstractQueuedSynchronizer.acquireSharedInterruptibly(AbstractQueuedSynchronizer.java:1280)
06-20 13:06:33.632  1168  2452 W AsyncTask: 	at java.util.concurrent.FutureTask$Sync.innerGet(FutureTask.java:219)
06-20 13:06:33.632  1168  2452 W AsyncTask: 	at java.util.concurrent.FutureTask.get(FutureTask.java:82)
06-20 13:06:33.632  1168  2452 W AsyncTask: 	at android.os.AsyncTask$3.done(AsyncTask.java:272)
06-20 13:06:33.632  1168  2452 W AsyncTask: 	at java.util.concurrent.FutureTask$Sync.innerSet(FutureTask.java:252)
06-20 13:06:33.632  1168  2452 W AsyncTask: 	at java.util.concurrent.FutureTask.set(FutureTask.java:112)
06-20 13:06:33.632  1168  2452 W AsyncTask: 	at java.util.concurrent.FutureTask$Sync.innerRun(FutureTask.java:310)
06-20 13:06:33.632  1168  2452 W AsyncTask: 	at java.util.concurrent.FutureTask.run(FutureTask.java:137)
06-20 13:06:33.632  1168  2452 W AsyncTask: 	at java.util.concurrent.ThreadPoolExecutor.runWorker(ThreadPoolExecutor.java:1076)
06-20 13:06:33.632  1168  2452 W AsyncTask: 	at java.util.concurrent.ThreadPoolExecutor$Worker.run(ThreadPoolExecutor.java:569)
06-20 13:06:33.632  1168  2452 W AsyncTask: 	at java.lang.Thread.run(Thread.java:856)
06-20 13:06:33.640  1168  1168 D Gallery.MultiSetSync:   request sync: Picasa albums
06-20 13:06:33.640  1168  2427 I GLRootView: layout content pane 480x800
06-20 13:06:33.660  1168  2429 D ImmediateSync: sync album list:1 account(s)
06-20 13:06:33.746  1324  1324 D OpenGLRenderer: Flushing caches (mode 1)
06-20 13:06:33.746  1168  2429 D ImmediateSync: sync albums for steven.y.ko@gmail.com
06-20 13:06:33.769  1324  1324 D OpenGLRenderer: Flushing caches (mode 1)
06-20 13:06:33.789  1168  2429 D PicasaAPI: getAlbums for steven.y.ko@gmail.com, etag = W/"AkUHQXkzeyp7ImA9WhJTEUk."
06-20 13:06:33.824  1168  2440 D dalvikvm: GC_FOR_ALLOC freed 1854K, 24% free 13059K/16967K, paused 25ms
06-20 13:06:34.629  1168  2429 V PicasaAPI:    done
06-20 13:06:34.629  1168  2429 D MetricsUtils: [PicasaApi.getAlbums in:361 out:653 time:842]
06-20 13:06:34.629  1168  2429 D MetricsUtils: [PicasaSyncHelper.syncAlbums steven.y.ko@gmail.com time:860]
06-20 13:06:34.632  1168  1168 D PicasaAlbumSet: sync result: all: 0
06-20 13:06:34.640  1168  1168 D Gallery.MultiSetSync: onSyncDone: Picasa albums #pending=0
06-20 13:06:36.711    82   122 D AudioHardware: AudioHardware pcm playback is going to standby.
06-20 13:06:36.711    82   122 D AudioHardware: closePcmOut_l() mPcmOpenCnt: 1
06-20 13:06:37.121  1168  1170 D dalvikvm: GC_CONCURRENT freed 805K, 21% free 13476K/16967K, paused 6ms+3ms
06-20 13:06:39.285   151   206 I ActivityManager: START {act=android.intent.action.MAIN cat=[android.intent.category.HOME] flg=0x10200000 cmp=com.android.launcher/com.android.launcher2.Launcher} from pid 151
06-20 13:06:39.371  1168  1168 D ImmediateSync: cancel sync all
06-20 13:06:39.461  1168  1168 D OpenGLRenderer: Flushing caches (mode 1)
06-20 13:06:39.504  1168  1168 D OpenGLRenderer: Flushing caches (mode 0)
06-20 13:06:39.996  1168  1168 V StateManager: saveState
06-20 13:06:39.996  1168  1168 V StateManager: saveState class com.android.gallery3d.app.AlbumSetPage
06-20 13:06:41.351    82   122 D AudioHardware: AudioHardware pcm playback is exiting standby.
06-20 13:06:41.351    82   122 D AudioHardware: openPcmOut_l() mPcmOpenCnt: 0
06-20 13:06:42.929  1553  1555 D dalvikvm: GC_CONCURRENT freed 4025K, 33% free 12743K/18759K, paused 127ms+6ms
06-20 13:06:42.968  1553  1577 D dalvikvm: GC_FOR_ALLOC freed 81K, 33% free 12661K/18759K, paused 26ms
06-20 13:06:42.972  1553  1577 I dalvikvm-heap: Grow heap (frag case) to 13.661MB for 1286224-byte allocation
06-20 13:06:43.011  1553  1581 D dalvikvm: GC_FOR_ALLOC freed 14K, 26% free 13903K/18759K, paused 24ms
06-20 13:06:43.277  1553  1555 D dalvikvm: GC_CONCURRENT freed 2258K, 30% free 13257K/18759K, paused 3ms+5ms
06-20 13:06:43.320  1553  1581 D dalvikvm: GC_FOR_ALLOC freed 136K, 24% free 14377K/18759K, paused 43ms
06-20 13:06:43.449  1553  1567 D dalvikvm: GC_FOR_ALLOC freed 1859K, 27% free 13752K/18759K, paused 27ms
06-20 13:06:43.601  1553  1555 D dalvikvm: GC_CONCURRENT freed 1230K, 25% free 14153K/18759K, paused 3ms+4ms
06-20 13:06:43.761  1553  1555 D dalvikvm: GC_CONCURRENT freed 1737K, 26% free 14044K/18759K, paused 2ms+3ms
06-20 13:06:44.441    82   122 D AudioHardware: AudioHardware pcm playback is going to standby.
06-20 13:06:44.441    82   122 D AudioHardware: closePcmOut_l() mPcmOpenCnt: 1
06-20 13:06:44.621  1168  1170 D dalvikvm: GC_CONCURRENT freed 1367K, 21% free 13471K/16967K, paused 4ms+3ms
06-20 13:06:46.554   151   206 I ActivityManager: START {act=android.intent.action.MAIN cat=[android.intent.category.HOME] flg=0x10200000 cmp=com.android.launcher/com.android.launcher2.Launcher} from pid 151
06-20 13:06:48.875   151   151 I ActivityManager: START {act=android.intent.action.MAIN cat=[android.intent.category.LAUNCHER] flg=0x10200000 cmp=com.android.vending/.AssetBrowserActivity bnds=[120,556][240,706]} from pid 1553
06-20 13:06:48.882    82   122 D AudioHardware: AudioHardware pcm playback is exiting standby.
06-20 13:06:48.882    82   122 D AudioHardware: openPcmOut_l() mPcmOpenCnt: 0
06-20 13:06:49.019   151  1074 I ActivityManager: Start proc com.android.vending for activity com.android.vending/.AssetBrowserActivity: pid=2494 uid=10047 gids={3003, 1015}
06-20 13:06:49.402  1553  1553 D OpenGLRenderer: Flushing caches (mode 1)
06-20 13:06:49.480   151   153 D dalvikvm: GC_CONCURRENT freed 1009K, 15% free 13716K/16071K, paused 22ms+11ms
06-20 13:06:49.515  2494  2494 I ActivityThread: Pub com.google.android.finsky.QSBSuggestionsProvider: com.google.android.finsky.providers.QSBSuggestionsProvider
06-20 13:06:49.535  2494  2494 I ActivityThread: Pub com.google.android.finsky.AppIconProvider: com.google.android.finsky.providers.AppIconProvider
06-20 13:06:49.539  2494  2494 I ActivityThread: Pub com.google.android.finsky.RecentSuggestionsProvider: com.google.android.finsky.providers.RecentSuggestionsProvider
06-20 13:06:49.562  1553  1553 D OpenGLRenderer: Flushing caches (mode 0)
06-20 13:06:49.804   151   167 I Process : Sending signal. PID: 2494 SIG: 3
06-20 13:06:49.804  2494  2499 I dalvikvm: threadid=3: reacting to signal 3
06-20 13:06:49.855  2494  2499 I dalvikvm: Wrote stack traces to '/data/anr/traces.txt'
06-20 13:06:49.925  2494  2497 D dalvikvm: GC_CONCURRENT freed 240K, 4% free 9282K/9607K, paused 2ms+3ms
06-20 13:06:50.031  2494  2494 D Finsky  : [1] DailyHygiene.goMakeHygieneIfDirty: No need to run daily hygiene.
06-20 13:06:50.222  2494  2497 D dalvikvm: GC_CONCURRENT freed 356K, 5% free 9452K/9863K, paused 40ms+3ms
06-20 13:06:50.281   151   167 I Process : Sending signal. PID: 2494 SIG: 3
06-20 13:06:50.281  2494  2499 I dalvikvm: threadid=3: reacting to signal 3
06-20 13:06:50.304  2494  2499 I dalvikvm: Wrote stack traces to '/data/anr/traces.txt'
06-20 13:06:50.410  2494  2497 D dalvikvm: GC_CONCURRENT freed 429K, 5% free 9553K/10055K, paused 2ms+5ms
06-20 13:06:50.476  1324  1324 D OpenGLRenderer: Flushing caches (mode 1)
06-20 13:06:50.570  2494  2494 D Finsky  : [1] 2.run: Loaded library for account: [ZrNstjO2sWQHv0wecD7CxpCYBg4]
06-20 13:06:50.570  2494  2494 D Finsky  : [1] 2.run: Finished loading 1 libraries.
06-20 13:06:50.601  2494  2494 D libEGL  : loaded /system/lib/egl/libGLES_android.so
06-20 13:06:50.613  2494  2494 D libEGL  : loaded /vendor/lib/egl/libEGL_POWERVR_SGX540_120.so
06-20 13:06:50.617  2494  2494 D libEGL  : loaded /vendor/lib/egl/libGLESv1_CM_POWERVR_SGX540_120.so
06-20 13:06:50.621  2494  2494 D libEGL  : loaded /vendor/lib/egl/libGLESv2_POWERVR_SGX540_120.so
06-20 13:06:50.668  2494  2494 D OpenGLRenderer: Enabling debug mode 0
06-20 13:06:50.730   151   201 I ActivityManager: Displayed com.android.vending/.AssetBrowserActivity: +1s823ms
06-20 13:06:50.797  1168  1170 D dalvikvm: GC_CONCURRENT freed 2139K, 26% free 12688K/16967K, paused 7ms+6ms
06-20 13:06:51.039  2494  2497 D dalvikvm: GC_CONCURRENT freed 400K, 5% free 9634K/10119K, paused 11ms+4ms
06-20 13:06:51.976    82   122 D AudioHardware: AudioHardware pcm playback is going to standby.
06-20 13:06:51.976    82   122 D AudioHardware: closePcmOut_l() mPcmOpenCnt: 1
06-20 13:06:53.382  2494  2511 D Volley  : [199] BasicNetwork.logSlowRequests: HTTP response for request=<[ ] https://android.clients.google.com/vending/api/ApiRequest NORMAL 1 GetMarketMetadataRequestProto> [lifetime=3001], [size=453], [rc=200], [retryCount=0]
06-20 13:06:53.433  2494  2494 D Volley  : [1] Request.finish: 3050 ms: [ ] https://android.clients.google.com/vending/api/ApiRequest NORMAL 1 GetMarketMetadataRequestProto
06-20 13:06:53.461  1324  1324 D OpenGLRenderer: Flushing caches (mode 1)
06-20 13:06:53.476  2494  2494 D Finsky  : [1] DownloadImpl.setState: self-update-download from null to UNQUEUED.
06-20 13:06:53.480  2494  2494 D Finsky  : [1] DownloadQueueImpl.add: Download self-update-download added to DownloadQueue
06-20 13:06:53.480  2494  2494 D Finsky  : [1] DownloadImpl.setState: self-update-download from UNQUEUED to QUEUED.
06-20 13:06:53.496    84    84 I installd: free_cache(0) avail 971689984
06-20 13:06:53.496  1324  1324 D OpenGLRenderer: Flushing caches (mode 1)
06-20 13:06:54.367  2494  2497 D dalvikvm: GC_CONCURRENT freed 365K, 5% free 9714K/10183K, paused 14ms+3ms
06-20 13:06:54.617  2494  2494 D Finsky  : [1] DownloadQueueImpl.startDownload: Download self-update-download starting
06-20 13:06:54.656   151   162 I ActivityManager: START {flg=0x4000000 cmp=com.android.vending/com.google.android.finsky.activities.TosActivity (has extras)} from pid 2494
06-20 13:06:54.812  2494  2494 D Finsky  : [1] DownloadImpl.setState: self-update-download from QUEUED to DOWNLOADING.
06-20 13:06:54.812  2494  2494 D Finsky  : [1] DownloadQueueImpl.notifyProgress: self-update-download: onProgress 0/-1 Status: 190.
06-20 13:06:54.855  2494  2494 D Finsky  : [1] DownloadQueueImpl.onStart: self-update-download: onStart
06-20 13:06:56.379   151   167 I Process : Sending signal. PID: 2494 SIG: 3
06-20 13:06:56.382  2494  2499 I dalvikvm: threadid=3: reacting to signal 3
06-20 13:06:56.429  2494  2499 I dalvikvm: Wrote stack traces to '/data/anr/traces.txt'
06-20 13:06:56.441  2494  2494 D Finsky  : [1] DownloadQueueImpl.notifyProgress: self-update-download: onProgress 0/-1 Status: 192.
06-20 13:06:56.449   151   201 I ActivityManager: Displayed com.android.vending/com.google.android.finsky.activities.TosActivity: +1s761ms
06-20 13:06:56.488  1881  2534 I DownloadManager: Initiating request for download 54
06-20 13:06:57.535  1881  1882 D dalvikvm: GC_CONCURRENT freed 267K, 6% free 9373K/9927K, paused 15ms+7ms
06-20 13:06:58.121    82   122 D AudioHardware: AudioHardware pcm playback is exiting standby.
06-20 13:06:58.121    82   122 D AudioHardware: openPcmOut_l() mPcmOpenCnt: 0
06-20 13:06:58.218  1324  1324 D OpenGLRenderer: Flushing caches (mode 1)
06-20 13:06:58.277  2494  2494 D Finsky  : [1] SelfUpdateScheduler.checkForSelfUpdate: Skipping self-update check as there is an update already queued.
06-20 13:06:58.281  2494  2494 D OpenGLRenderer: Flushing caches (mode 0)
06-20 13:06:58.312  2494  2494 D Finsky  : [1] MainActivity.initializeBilling: Optimistically initializing billing parameters.
06-20 13:06:58.734   151   167 I Process : Sending signal. PID: 2494 SIG: 3
06-20 13:06:58.738  2494  2499 I dalvikvm: threadid=3: reacting to signal 3
06-20 13:06:59.254   151   167 I Process : Sending signal. PID: 2494 SIG: 3
06-20 13:06:59.269  2494  2499 I dalvikvm: Wrote stack traces to '/data/anr/traces.txt'
06-20 13:06:59.273  2494  2499 I dalvikvm: threadid=3: reacting to signal 3
06-20 13:06:59.281  2494  2499 E dalvikvm: Unable to open stack trace file '/data/anr/traces.txt': Is a directory
06-20 13:06:59.504  2494  2497 D dalvikvm: GC_CONCURRENT freed 309K, 4% free 9842K/10247K, paused 3ms+8ms
06-20 13:06:59.523   151   375 D dalvikvm: GC_EXPLICIT freed 768K, 16% free 13616K/16071K, paused 5ms+19ms
06-20 13:06:59.562  1324  1324 D OpenGLRenderer: Flushing caches (mode 1)
06-20 13:06:59.757  1168  1170 D dalvikvm: GC_CONCURRENT freed 1107K, 26% free 12680K/16967K, paused 2ms+4ms
06-20 13:07:01.203  2494  2494 D dalvikvm: GC_FOR_ALLOC freed 203K, 4% free 9879K/10247K, paused 25ms
06-20 13:07:01.203  2494  2494 I dalvikvm-heap: Grow heap (frag case) to 10.091MB for 392720-byte allocation
06-20 13:07:01.218    82   122 D AudioHardware: AudioHardware pcm playback is going to standby.
06-20 13:07:01.218    82   122 D AudioHardware: closePcmOut_l() mPcmOpenCnt: 1
06-20 13:07:01.246  2494  2494 D dalvikvm: GC_FOR_ALLOC freed 56K, 4% free 10206K/10631K, paused 21ms
06-20 13:07:01.367  2494  2494 D dalvikvm: GC_FOR_ALLOC freed 10K, 4% free 10493K/10823K, paused 21ms
06-20 13:07:04.406  2494  2497 D dalvikvm: GC_CONCURRENT freed 58K, 3% free 10858K/11079K, paused 9ms+8ms
06-20 13:07:05.386  1168  1170 D dalvikvm: GC_CONCURRENT freed 1099K, 26% free 12674K/16967K, paused 10ms+3ms
06-20 13:07:08.754  1168  2443 V PicasaAPI:    etag: --> W/"AkUHQXkzeyp7ImA9WhJTEUk.",entryCount=420
06-20 13:07:08.757  1168  2443 D PicasaAPI:    done
06-20 13:07:08.757  1168  2443 D MetricsUtils: [PicasaApi.getAlbumPhotos in:136419 out:646 time:59107]
06-20 13:07:08.793  1168  2443 D MetricsUtils: [PicasaSyncHelper.syncPhotos 5655666473629402369 time:59452]
06-20 13:07:08.793  1168  2443 D ImmediateSync: sync 1604387069.5655666473629402369 incomplete 1
06-20 13:07:09.453  2494  2556 D Finsky  : [223] RadioConnectionFactoryImpl.createNewConnection: Creating new RadioConnection of type HIPRI
06-20 13:07:09.476  1324  1324 D OpenGLRenderer: Flushing caches (mode 1)
06-20 13:07:09.488   151  1081 D ConnectivityService: startUsingNetworkFeature reconnecting to 0: enableHIPRI
06-20 13:07:09.582   151   314 D ConnectivityService: ConnectivityChange for mobile_hipri: CONNECTED/CONNECTED
06-20 13:07:09.875   151   309 D NetworkPolicy: applying policy NetworkPolicy[NetworkTemplate: matchRule=MOBILE_ALL, subscriberId=valid]: cycleDay=20, warningBytes=2147483648, limitBytes=-1, lastSnooze=-1 to ifaces [rmnet0, rmnet0]
06-20 13:07:12.824   151   317 D Tethering: MasterInitialState.processMessage what=3
06-20 13:07:12.843  2494  2511 D Volley  : [199] BasicNetwork.logSlowRequests: HTTP response for request=<[ ] https://android.clients.google.com/vending/api/ApiRequest NORMAL 18 PurchaseMetadataRequestProto> [lifetime=3411], [size=1363], [rc=200], [retryCount=0]
06-20 13:07:12.902  1168  1200 D PicasaSyncManager: active network: NetworkInfo: type: mobile[CDMA - EvDo rev. A], state: CONNECTED/CONNECTED, reason: (unspecified), extra: , roaming: false, failover: false, isAvailable: true
06-20 13:07:12.902  1168  1200 D PicasaSyncManager: background data: true
06-20 13:07:12.910  2494  2494 D Finsky  : [1] 1.onResponse: Received and stored 133 billing countries.
06-20 13:07:12.910  2494  2494 D Volley  : [1] Request.finish: 3477 ms: [ ] https://android.clients.google.com/vending/api/ApiRequest NORMAL 18 PurchaseMetadataRequestProto
06-20 13:07:12.945  2494  2497 D dalvikvm: GC_CONCURRENT freed 510K, 6% free 10912K/11527K, paused 3ms+3ms
06-20 13:07:13.007   151   503 I ActivityManager: Start proc com.google.android.apps.uploader for broadcast com.google.android.apps.uploader/.ConnectivityBroadcastReceiver: pid=2567 uid=10030 gids={3003}
06-20 13:07:13.023  2567  2567 I dalvikvm: Turning on JNI app bug workarounds for target SDK version 11...
06-20 13:07:13.125  2567  2567 I ActivityThread: Pub com.google.android.apps.uploader: com.google.android.apps.uploader.UploadsContentProvider
06-20 13:07:13.129  2567  2567 I ActivityThread: Pub com.google.photos.provider.Album: com.google.android.apps.uploader.clients.picasa.AlbumProvider
06-20 13:07:13.136  2567  2567 D MediaUploader: UploaderApplication.onCreate
06-20 13:07:13.250  2567  2567 D MediaUploader: nonWifiLimit=20971520, default=20971520
06-20 13:07:13.261  2567  2567 I MediaUploader: No need to wake up
06-20 13:07:13.297   741   743 D dalvikvm: GC_CONCURRENT freed 449K, 12% free 10355K/11719K, paused 7ms+4ms
06-20 13:07:13.300   473   958 D dalvikvm: GC_EXPLICIT freed 1780K, 18% free 9805K/11847K, paused 24ms+34ms
06-20 13:07:15.136  2494  2556 D Finsky  : [223] RadioConnectionImpl.stop: Giving back radio.
06-20 13:07:15.187   151   587 D ConnectivityService: stopUsingNetworkFeature: teardown net 0: enableHIPRI
06-20 13:07:15.191  2494  2494 D Finsky  : [1] 2.onErrorResponse: CarrierProvisioningAction encountered an error: com.android.volley.TimeoutError
06-20 13:07:15.199   151   314 D ConnectivityService: ConnectivityChange for mobile_hipri: DISCONNECTED/DISCONNECTED
06-20 13:07:15.211  2494  2494 D Volley  : [1] Request.finish: 5782 ms: [ ] http://68.28.31.7/http://vm.sprintpcs.com/CarrierBilling/getProvisioning NORMAL 17
06-20 13:07:15.234  1324  1324 D OpenGLRenderer: Flushing caches (mode 1)
06-20 13:07:15.293   151   309 D NetworkPolicy: applying policy NetworkPolicy[NetworkTemplate: matchRule=MOBILE_ALL, subscriberId=valid]: cycleDay=20, warningBytes=2147483648, limitBytes=-1, lastSnooze=-1 to ifaces [rmnet0]
06-20 13:07:15.300   151   309 D NetworkPolicy: applying policy NetworkPolicy[NetworkTemplate: matchRule=MOBILE_ALL, subscriberId=valid]: cycleDay=20, warningBytes=2147483648, limitBytes=-1, lastSnooze=-1 to ifaces [rmnet0]
06-20 13:07:16.160  1324  1324 D OpenGLRenderer: Flushing caches (mode 1)
06-20 13:07:16.504  1881  1882 D dalvikvm: GC_CONCURRENT freed 439K, 6% free 9354K/9927K, paused 19ms+8ms
06-20 13:07:16.582  1881  2589 D dalvikvm: GC_EXPLICIT freed 72K, 7% free 9288K/9927K, paused 2ms+3ms
06-20 13:07:18.285   151   317 D Tethering: MasterInitialState.processMessage what=3
06-20 13:07:18.363   151   317 D Tethering: MasterInitialState.processMessage what=3
06-20 13:07:18.371  1168  1200 D PicasaSyncManager: active network: NetworkInfo: type: mobile[CDMA - EvDo rev. A], state: CONNECTED/CONNECTED, reason: (unspecified), extra: , roaming: false, failover: false, isAvailable: true
06-20 13:07:18.371  1168  1200 D PicasaSyncManager: background data: true
06-20 13:07:18.406  2567  2567 I MediaUploader: No need to wake up
06-20 13:07:18.445  2567  2567 I MediaUploader: No need to wake up
06-20 13:07:18.453  1168  1200 D PicasaSyncManager: active network: NetworkInfo: type: mobile[CDMA - EvDo rev. A], state: CONNECTED/CONNECTED, reason: (unspecified), extra: , roaming: false, failover: false, isAvailable: true
06-20 13:07:18.453  1168  1200 D PicasaSyncManager: background data: true
06-20 13:07:18.875   151   314 D ConnectivityService: handleInetConditionHoldEnd: net=0, condition=100, published condition=100
06-20 13:07:22.000  2494  2512 D Volley  : [200] BasicNetwork.logSlowRequests: HTTP response for request=<[ ] https://android.clients.google.com/vending/api/ApiRequest NORMAL 19 BillingEventRequestProto> [lifetime=6782], [size=32], [rc=200], [retryCount=0]
06-20 13:07:22.004  2494  2494 D Volley  : [1] Request.finish: 6797 ms: [ ] https://android.clients.google.com/vending/api/ApiRequest NORMAL 19 BillingEventRequestProto
06-20 13:07:27.828  2494  2494 D Volley  : [1] Request.finish: 26427 ms: [ ] http://lh4.ggpht.com/9XcYNtir9zFOpSRW2ijGBwo5loYwdOj5_Z25CebVrmZChVrElqHS3nXqPqlaiJYsKg=w480 LOW 12
06-20 13:07:27.847  2494  2494 D Volley  : [1] Request.finish: 26465 ms: [ ] http://lh3.ggpht.com/dpD7JHAgTTcyqqDW82gSlmtxaRzepTKA-zQ_1g6YbyrBCJjz_6poP7s_VXz2N2kYoPA=w240 LOW 11
06-20 13:07:29.492  2494  2494 D Volley  : [1] Request.finish: 28372 ms: [ ] http://lh5.ggpht.com/Wk1YNuGQItXU-1ffWQAHjtheTUrfcAeit82xFvyHTlFewKnABCS8w2bUJpH77lILHQ=w480 LOW 9
06-20 13:07:29.660  2494  2494 D Volley  : [1] Request.finish: 28364 ms: [ ] http://lh3.ggpht.com/YOV6l8Fmy8mZwMoZRjBq0UI7yTqcQSuq8qq4tgfPW9BRpK2T7EsmsSoNQaS37r8IRZc LOW 10
06-20 13:07:31.515   151   153 D dalvikvm: GC_CONCURRENT freed 972K, 15% free 13669K/16071K, paused 36ms+5ms
06-20 13:07:34.109  1627  1627 D wpa_supplicant: WPS: Building WPS IE for Probe Request
06-20 13:07:34.109  1627  1627 D wpa_supplicant: WPS:  * Version (hardcoded 0x10)
06-20 13:07:34.109  1627  1627 D wpa_supplicant: WPS:  * Request Type
06-20 13:07:34.109  1627  1627 D wpa_supplicant: WPS:  * Config Methods (2388)
06-20 13:07:34.109  1627  1627 D wpa_supplicant: WPS:  * UUID-E
06-20 13:07:34.109  1627  1627 D wpa_supplicant: WPS:  * Primary Device Type
06-20 13:07:34.109  1627  1627 D wpa_supplicant: WPS:  * RF Bands (3)
06-20 13:07:34.109  1627  1627 D wpa_supplicant: WPS:  * Association State
06-20 13:07:34.109  1627  1627 D wpa_supplicant: WPS:  * Configuration Error (0)
06-20 13:07:34.109  1627  1627 D wpa_supplicant: WPS:  * Device Password ID (0)
06-20 13:07:34.109  1627  1627 D wpa_supplicant: WPS:  * Manufacturer
06-20 13:07:34.109  1627  1627 D wpa_supplicant: WPS:  * Model Name
06-20 13:07:34.109  1627  1627 D wpa_supplicant: WPS:  * Model Number
06-20 13:07:34.109  1627  1627 D wpa_supplicant: WPS:  * Device Name
06-20 13:07:34.109  1627  1627 D wpa_supplicant: WPS:  * Version2 (0x20)
06-20 13:07:34.109  1627  1627 D wpa_supplicant: wpa_driver_wext_combo_scan: Start
06-20 13:07:34.109  1627  1627 D wpa_supplicant: For Scan: (null)
06-20 13:07:34.160  1627  1627 D wpa_supplicant: Scan requested (ret=0) - scan timeout 30 seconds
06-20 13:07:34.640  1627  1627 D wpa_supplicant: RTM_NEWLINK: operstate=0 ifi_flags=0x11003 ([UP][LOWER_UP])
06-20 13:07:34.640  1627  1627 D wpa_supplicant: RTM_NEWLINK, IFLA_IFNAME: Interface 'wlan0' added
06-20 13:07:34.644  1627  1627 D wpa_supplicant: Wireless event: cmd=0x8b19 len=8
06-20 13:07:34.660  1627  1627 D wpa_supplicant: Received 819 bytes of scan results (4 BSSes)
06-20 13:07:34.890   390   392 D dalvikvm: GC_CONCURRENT freed 117K, 7% free 9966K/10695K, paused 2ms+2ms
06-20 13:07:34.984   390   390 D dalvikvm: GC_FOR_ALLOC freed 563K, 9% free 9779K/10695K, paused 21ms
06-20 13:07:36.793  1324  1324 D OpenGLRenderer: Flushing caches (mode 1)
06-20 13:07:40.851  2494  2497 D dalvikvm: GC_CONCURRENT freed 618K, 7% free 10876K/11591K, paused 25ms+4ms
06-20 13:07:42.406  2494  2517 D Volley  : [205] BasicNetwork.logSlowRequests: HTTP response for request=<[ ] http://lh5.ggpht.com/TrbdacvFVDv2mLfBDpy7dCeQ26yJ3wh7xB28QBcb4Dg7KYg2Mg8u6BVQajjLFvl1lQo=w240 LOW 14> [lifetime=14560], [size=9014], [rc=200], [retryCount=2]
06-20 13:07:42.500  2494  2517 D dalvikvm: GC_FOR_ALLOC freed 186K, 6% free 10937K/11591K, paused 63ms
06-20 13:07:42.500  2494  2517 I dalvikvm-heap: Grow heap (frag case) to 10.874MB for 130576-byte allocation
06-20 13:07:42.535  2494  2516 D dalvikvm: GC_FOR_ALLOC freed 1K, 6% free 11063K/11719K, paused 20ms
06-20 13:07:42.543  2494  2494 D Volley  : [1] Request.finish: 41134 ms: [ ] http://lh5.ggpht.com/TrbdacvFVDv2mLfBDpy7dCeQ26yJ3wh7xB28QBcb4Dg7KYg2Mg8u6BVQajjLFvl1lQo=w240 LOW 14
06-20 13:07:42.683  2494  2518 D Volley  : [206] BasicNetwork.logSlowRequests: HTTP response for request=<[ ] http://lh3.ggpht.com/XoHd1n2_LWqOJoMguAUx0Oo0XJcKrywxhKIfwY7UM-ea5bNo6XYMyDBrYyM2eBSyUjI=w240 LOW 13> [lifetime=14854], [size=11154], [rc=200], [retryCount=2]
06-20 13:07:42.726  2494  2494 D Volley  : [1] Request.finish: 41324 ms: [ ] http://lh3.ggpht.com/XoHd1n2_LWqOJoMguAUx0Oo0XJcKrywxhKIfwY7UM-ea5bNo6XYMyDBrYyM2eBSyUjI=w240 LOW 13
06-20 13:07:43.011  2494  2515 D Volley  : [203] BasicNetwork.logSlowRequests: HTTP response for request=<[ ] http://lh5.ggpht.com/646G3DtqPEU2XWZ62KRjnToop1ThcHuYcpfd1wHX7BaFjGkmS7F9IA-Z0j1UTDuOuAw=w480 LOW 15> [lifetime=13526], [size=28317], [rc=200], [retryCount=2]
06-20 13:07:43.058  2494  2515 D dalvikvm: GC_FOR_ALLOC freed 287K, 6% free 11212K/11847K, paused 43ms
06-20 13:07:43.058  2494  2515 I dalvikvm-heap: Grow heap (frag case) to 11.516MB for 522256-byte allocation
06-20 13:07:43.097  2494  2503 D dalvikvm: GC_FOR_ALLOC freed 2K, 6% free 11720K/12359K, paused 20ms
06-20 13:07:43.109  2494  2494 D Volley  : [1] Request.finish: 41691 ms: [ ] http://lh5.ggpht.com/646G3DtqPEU2XWZ62KRjnToop1ThcHuYcpfd1wHX7BaFjGkmS7F9IA-Z0j1UTDuOuAw=w480 LOW 15
06-20 13:07:43.468  2494  2516 D Volley  : [204] BasicNetwork.logSlowRequests: HTTP response for request=<[ ] http://lh4.ggpht.com/Kn7lccCgWq_Z3C8GP73-x18qI_0-kJcu4EVMWQD1OtgrLQxFK3XRhfoQRebh2sKrM_8=w480 LOW 16> [lifetime=13795], [size=36205], [rc=200], [retryCount=2]
06-20 13:07:43.507  2494  2516 D dalvikvm: GC_FOR_ALLOC freed 137K, 6% free 11699K/12359K, paused 38ms
06-20 13:07:43.511  2494  2516 I dalvikvm-heap: Grow heap (frag case) to 11.992MB for 522256-byte allocation
06-20 13:07:43.543  2494  2516 D dalvikvm: GC_FOR_ALLOC freed <1K, 6% free 12208K/12871K, paused 21ms
06-20 13:07:43.550  2494  2494 D Volley  : [1] Request.finish: 42132 ms: [ ] http://lh4.ggpht.com/Kn7lccCgWq_Z3C8GP73-x18qI_0-kJcu4EVMWQD1OtgrLQxFK3XRhfoQRebh2sKrM_8=w480 LOW 16
06-20 13:07:44.660  2494  2511 D Volley  : [199] BasicNetwork.logSlowRequests: HTTP response for request=<[ ] https://android.clients.google.com/fdfe/log NORMAL 20> [lifetime=28558], [size=4], [rc=200], [retryCount=1]
06-20 13:07:44.679  2494  2494 D Volley  : [1] Request.finish: 28591 ms: [ ] https://android.clients.google.com/fdfe/log NORMAL 20
06-20 13:07:57.465  1881  1882 D dalvikvm: GC_CONCURRENT freed 272K, 6% free 9400K/9927K, paused 18ms+3ms
06-20 13:07:58.461   151   198 I power   : *** set_screen_state 0
06-20 13:07:58.523    79   118 D SurfaceFlinger: About to give-up screen, flinger = 0x13e1918
06-20 13:07:58.636   486  1523 D NfcService: NFC-C OFF, disconnect
06-20 13:08:00.097   390   392 D dalvikvm: GC_CONCURRENT freed 271K, 8% free 9895K/10695K, paused 1ms+3ms
06-20 13:08:03.664   151   202 V TransportControlView: Create TCV com.android.internal.widget.TransportControlView@41627b10
06-20 13:08:03.718   151   153 D dalvikvm: GC_CONCURRENT freed 352K, 10% free 14478K/16071K, paused 7ms+9ms
06-20 13:08:03.754   390   390 D PhoneStatusBar: disable: < expand icons alerts ticker system_info back home RECENT* clock >
06-20 13:08:03.781  1324  1324 D OpenGLRenderer: Flushing caches (mode 1)
06-20 13:08:03.781   390   390 D PhoneStatusBar: disable: < expand icons alerts ticker system_info BACK* HOME* RECENT CLOCK* >
06-20 13:08:08.968  1271  1303 I PhoneLab-: Service Running
06-20 13:08:09.093  1271  1303 I PhoneLab-LoggerService: app_37    1308  1271  1796   1356  c00f181c 400107b4 S logcat
06-20 13:08:09.093  1271  1303 I PhoneLab-LoggerService: Logcat pid from database 1308
06-20 13:08:09.093  1271  1303 I PhoneLab-LoggerService: Logcat process found 1308
06-20 13:08:09.093  1271  1303 I PhoneLab-LoggerService: Checking Threshold
06-20 13:08:09.097  1271  1303 I PhoneLab-LoggerService: Starting to rename files
06-20 13:08:09.101  1271  1303 I PhoneLab-LoggerService: Files found .. 3
06-20 13:08:23.414   151   202 I power   : *** set_screen_state 1
06-20 13:08:23.472   151   202 I WindowManager: Lock screen displayed!
06-20 13:08:23.625    79   118 D SurfaceFlinger: Screen about to return, flinger = 0x13e1918
06-20 13:08:23.660  1627  1627 D wpa_supplicant: wpa_driver_wext_driver_cmd SETSUSPENDOPT 0 len = 4096
06-20 13:08:23.660  1627  1627 D wpa_supplicant: wpa_driver_wext_driver_cmd SETSUSPENDOPT 0 len = 0, 15
06-20 13:08:23.660  1627  1627 D wpa_supplicant: wpa_driver_wext_driver_cmd POWERMODE 0 len = 4096
06-20 13:08:23.672  1627  1627 D wpa_supplicant: wpa_driver_wext_driver_cmd OK len = 0, 2
06-20 13:08:23.863  2494  2497 D dalvikvm: GC_CONCURRENT freed 1489K, 12% free 11798K/13383K, paused 12ms+7ms
06-20 13:08:24.515   390   390 D PhoneStatusBar: disable: < expand icons alerts ticker system_info BACK HOME recent* CLOCK >
06-20 13:08:24.519   486  1815 D NfcService: NFC-C ON
06-20 13:08:24.539    82   122 D AudioHardware: AudioHardware pcm playback is exiting standby.
06-20 13:08:24.539    82   122 D AudioHardware: openPcmOut_l() mPcmOpenCnt: 0
06-20 13:08:24.539   151  1082 W InputManagerService: Window already focused, ignoring focus gain of: com.android.internal.view.IInputMethodClient$Stub$Proxy@414d4f50
06-20 13:08:24.547   390   390 D PhoneStatusBar: disable: < expand icons alerts ticker system_info back* home* recent clock* >
06-20 13:08:26.117   151   206 I ActivityManager: START {act=android.intent.action.MAIN cat=[android.intent.category.HOME] flg=0x10200000 cmp=com.android.launcher/com.android.launcher2.Launcher} from pid 151
06-20 13:08:26.679   151   167 I Process : Sending signal. PID: 1553 SIG: 3
06-20 13:08:26.679  1553  1558 I dalvikvm: threadid=3: reacting to signal 3
06-20 13:08:26.711  1553  1558 I dalvikvm: Wrote stack traces to '/data/anr/traces.txt'
06-20 13:08:26.726  2494  2494 D OpenGLRenderer: Flushing caches (mode 0)
06-20 13:08:26.765  2494  2494 D OpenGLRenderer: Flushing caches (mode 1)
06-20 13:08:27.703    82   122 D AudioHardware: AudioHardware pcm playback is going to standby.
06-20 13:08:27.703    82   122 D AudioHardware: closePcmOut_l() mPcmOpenCnt: 1
06-20 13:08:29.015   151   375 I ActivityManager: START {act=android.intent.action.MAIN cat=[android.intent.category.LAUNCHER] flg=0x10200000 cmp=com.android.settings/.Settings bnds=[360,556][480,706]} from pid 1553
06-20 13:08:29.027    82   122 D AudioHardware: AudioHardware pcm playback is exiting standby.
06-20 13:08:29.027    82   122 D AudioHardware: openPcmOut_l() mPcmOpenCnt: 0
06-20 13:08:29.156  1153  1153 D dalvikvm: GC_EXPLICIT freed 218K, 8% free 10179K/10951K, paused 2ms+5ms
06-20 13:08:29.304  1553  1553 D OpenGLRenderer: Flushing caches (mode 0)
06-20 13:08:29.355   151   587 I ActivityManager: Process android.process.acore (pid 569) has died.
06-20 13:08:29.355   151  1074 D CountryDetector: No listener is left
06-20 13:08:29.398  2494  2497 D dalvikvm: GC_CONCURRENT freed 462K, 10% free 12153K/13383K, paused 4ms+3ms
06-20 13:08:29.406  1553  1553 D OpenGLRenderer: Flushing caches (mode 1)
06-20 13:08:32.117    82   122 D AudioHardware: AudioHardware pcm playback is going to standby.
06-20 13:08:32.117    82   122 D AudioHardware: closePcmOut_l() mPcmOpenCnt: 1
06-20 13:08:33.168   151  1074 D dalvikvm: GC_EXPLICIT freed 744K, 11% free 14405K/16071K, paused 18ms+6ms
06-20 13:08:33.175   151   375 I ActivityManager: START {act=android.intent.action.MAIN cmp=com.android.settings/.SubSettings (has extras)} from pid 1153
06-20 13:08:33.183    82   122 D AudioHardware: AudioHardware pcm playback is exiting standby.
06-20 13:08:33.183    82   122 D AudioHardware: openPcmOut_l() mPcmOpenCnt: 0
06-20 13:08:33.394  1627  1627 D wpa_supplicant: wpa_driver_wext_driver_cmd SCAN-ACTIVE len = 4096
06-20 13:08:33.394  1627  1627 D wpa_supplicant: wpa_driver_wext_driver_cmd SCAN-ACTIVE len = 0, 11
06-20 13:08:33.394  1627  1627 D wpa_supplicant: WPS: Building WPS IE for Probe Request
06-20 13:08:33.394  1627  1627 D wpa_supplicant: WPS:  * Version (hardcoded 0x10)
06-20 13:08:33.394  1627  1627 D wpa_supplicant: WPS:  * Request Type
06-20 13:08:33.394  1627  1627 D wpa_supplicant: WPS:  * Config Methods (2388)
06-20 13:08:33.394  1627  1627 D wpa_supplicant: WPS:  * UUID-E
06-20 13:08:33.394  1627  1627 D wpa_supplicant: WPS:  * Primary Device Type
06-20 13:08:33.394  1627  1627 D wpa_supplicant: WPS:  * RF Bands (3)
06-20 13:08:33.394  1627  1627 D wpa_supplicant: WPS:  * Association State
06-20 13:08:33.394  1627  1627 D wpa_supplicant: WPS:  * Configuration Error (0)
06-20 13:08:33.394  1627  1627 D wpa_supplicant: WPS:  * Device Password ID (0)
06-20 13:08:33.394  1627  1627 D wpa_supplicant: WPS:  * Manufacturer
06-20 13:08:33.394  1627  1627 D wpa_supplicant: WPS:  * Model Name
06-20 13:08:33.394  1627  1627 D wpa_supplicant: WPS:  * Model Number
06-20 13:08:33.394  1627  1627 D wpa_supplicant: WPS:  * Device Name
06-20 13:08:33.394  1627  1627 D wpa_supplicant: WPS:  * Version2 (0x20)
06-20 13:08:33.394  1627  1627 D wpa_supplicant: wpa_driver_wext_combo_scan: Start
06-20 13:08:33.394  1627  1627 D wpa_supplicant: For Scan: (null)
06-20 13:08:33.453  1627  1627 D wpa_supplicant: Scan requested (ret=0) - scan timeout 30 seconds
06-20 13:08:33.453  1627  1627 D wpa_supplicant: wpa_driver_wext_driver_cmd SCAN-PASSIVE len = 4096
06-20 13:08:33.453  1627  1627 D wpa_supplicant: wpa_driver_wext_driver_cmd SCAN-PASSIVE len = 0, 12
06-20 13:08:33.465   151   201 I ActivityManager: Displayed com.android.settings/.SubSettings: +262ms
06-20 13:08:33.484  1153  1153 D OpenGLRenderer: Flushing caches (mode 0)
06-20 13:08:33.933  1627  1627 D wpa_supplicant: RTM_NEWLINK: operstate=0 ifi_flags=0x11003 ([UP][LOWER_UP])
06-20 13:08:33.933  1627  1627 D wpa_supplicant: RTM_NEWLINK, IFLA_IFNAME: Interface 'wlan0' added
06-20 13:08:33.933  1627  1627 D wpa_supplicant: Wireless event: cmd=0x8b19 len=8
06-20 13:08:33.945  1627  1627 D wpa_supplicant: Received 905 bytes of scan results (4 BSSes)
06-20 13:08:34.039  2494  2518 D Volley  : [206] BasicNetwork.logSlowRequests: HTTP response for request=<[ ] http://lh3.ggpht.com/YOV6l8Fmy8mZwMoZRjBq0UI7yTqcQSuq8qq4tgfPW9BRpK2T7EsmsSoNQaS37r8IRZc LOW 25> [lifetime=10431], [size=13964], [rc=200], [retryCount=1]
06-20 13:08:34.039  2494  2515 D Volley  : [203] BasicNetwork.logSlowRequests: HTTP response for request=<[ ] http://lh3.ggpht.com/dpD7JHAgTTcyqqDW82gSlmtxaRzepTKA-zQ_1g6YbyrBCJjz_6poP7s_VXz2N2kYoPA=w240 LOW 26> [lifetime=10416], [size=10248], [rc=200], [retryCount=1]
06-20 13:08:34.093  1153  1155 D dalvikvm: GC_CONCURRENT freed 508K, 9% free 10062K/10951K, paused 6ms+5ms
06-20 13:08:34.117  2494  2494 D Volley  : [1] Request.finish: 10510 ms: [ ] http://lh3.ggpht.com/YOV6l8Fmy8mZwMoZRjBq0UI7yTqcQSuq8qq4tgfPW9BRpK2T7EsmsSoNQaS37r8IRZc LOW 25
06-20 13:08:34.144  2494  2515 D dalvikvm: GC_FOR_ALLOC freed 463K, 9% free 12283K/13383K, paused 21ms
06-20 13:08:34.152  2494  2494 D Volley  : [1] Request.finish: 10531 ms: [ ] http://lh3.ggpht.com/dpD7JHAgTTcyqqDW82gSlmtxaRzepTKA-zQ_1g6YbyrBCJjz_6poP7s_VXz2N2kYoPA=w240 LOW 26
06-20 13:08:34.765  2494  2517 D Volley  : [205] BasicNetwork.logSlowRequests: HTTP response for request=<[ ] http://lh5.ggpht.com/Wk1YNuGQItXU-1ffWQAHjtheTUrfcAeit82xFvyHTlFewKnABCS8w2bUJpH77lILHQ=w480 LOW 24> [lifetime=11198], [size=33961], [rc=200], [retryCount=1]
06-20 13:08:34.800  2494  2517 D dalvikvm: GC_FOR_ALLOC freed 220K, 9% free 12257K/13383K, paused 31ms
06-20 13:08:34.800  2494  2517 I dalvikvm-heap: Grow heap (frag case) to 12.537MB for 522256-byte allocation
06-20 13:08:34.843  2494  2517 D dalvikvm: GC_FOR_ALLOC freed <1K, 9% free 12766K/13895K, paused 29ms
06-20 13:08:34.855  2494  2494 D Volley  : [1] Request.finish: 11289 ms: [ ] http://lh5.ggpht.com/Wk1YNuGQItXU-1ffWQAHjtheTUrfcAeit82xFvyHTlFewKnABCS8w2bUJpH77lILHQ=w480 LOW 24
06-20 13:08:34.910  1881  1882 D dalvikvm: GC_CONCURRENT freed 397K, 6% free 9394K/9927K, paused 2ms+5ms
06-20 13:08:35.484  2494  2516 D Volley  : [204] BasicNetwork.logSlowRequests: HTTP response for request=<[ ] http://lh4.ggpht.com/9XcYNtir9zFOpSRW2ijGBwo5loYwdOj5_Z25CebVrmZChVrElqHS3nXqPqlaiJYsKg=w480 LOW 27> [lifetime=11811], [size=26003], [rc=200], [retryCount=1]
06-20 13:08:35.519  2494  2516 D dalvikvm: GC_FOR_ALLOC freed 648K, 13% free 12223K/13895K, paused 34ms
06-20 13:08:35.547  2494  2494 D Volley  : [1] Request.finish: 11877 ms: [ ] http://lh4.ggpht.com/9XcYNtir9zFOpSRW2ijGBwo5loYwdOj5_Z25CebVrmZChVrElqHS3nXqPqlaiJYsKg=w480 LOW 27
06-20 13:08:35.562  1153  1153 W ResourceType: getEntry failing because entryIndex 129 is beyond type entryCount 3
06-20 13:08:35.683    85    85 I keystore: uid: 1000 action: s -> 1 state: 3 -> 3 retry: 4
06-20 13:08:35.683    85    85 I keystore: uid: 1000 action: s -> 1 state: 3 -> 3 retry: 4
06-20 13:08:36.129  1153  1155 D dalvikvm: GC_CONCURRENT freed 325K, 8% free 10132K/10951K, paused 3ms+4ms
06-20 13:08:38.504    82   122 D AudioHardware: AudioHardware pcm playback is going to standby.
06-20 13:08:38.504    82   122 D AudioHardware: closePcmOut_l() mPcmOpenCnt: 1
06-20 13:08:39.277    82   122 D AudioHardware: AudioHardware pcm playback is exiting standby.
06-20 13:08:39.277    82   122 D AudioHardware: openPcmOut_l() mPcmOpenCnt: 0
06-20 13:08:39.476   151   506 W InputManagerService: Window already focused, ignoring focus gain of: com.android.internal.view.IInputMethodClient$Stub$Proxy@415cc448
06-20 13:08:42.367    82   122 D AudioHardware: AudioHardware pcm playback is going to standby.
06-20 13:08:42.367    82   122 D AudioHardware: closePcmOut_l() mPcmOpenCnt: 1
06-20 13:08:42.898   390   392 D dalvikvm: GC_CONCURRENT freed 216K, 6% free 10083K/10695K, paused 2ms+4ms
06-20 13:08:43.047   390   390 D dalvikvm: GC_FOR_ALLOC freed 316K, 8% free 9928K/10695K, paused 41ms
06-20 13:08:43.402  1627  1627 D wpa_supplicant: wpa_driver_wext_driver_cmd SCAN-ACTIVE len = 4096
06-20 13:08:43.402  1627  1627 D wpa_supplicant: wpa_driver_wext_driver_cmd SCAN-ACTIVE len = 0, 11
06-20 13:08:43.418  1627  1627 D wpa_supplicant: WPS: Building WPS IE for Probe Request
06-20 13:08:43.418  1627  1627 D wpa_supplicant: WPS:  * Version (hardcoded 0x10)
06-20 13:08:43.418  1627  1627 D wpa_supplicant: WPS:  * Request Type
06-20 13:08:43.418  1627  1627 D wpa_supplicant: WPS:  * Config Methods (2388)
06-20 13:08:43.422  1627  1627 D wpa_supplicant: WPS:  * UUID-E
06-20 13:08:43.422  1627  1627 D wpa_supplicant: WPS:  * Primary Device Type
06-20 13:08:43.422  1627  1627 D wpa_supplicant: WPS:  * RF Bands (3)
06-20 13:08:43.422  1627  1627 D wpa_supplicant: WPS:  * Association State
06-20 13:08:43.422  1627  1627 D wpa_supplicant: WPS:  * Configuration Error (0)
06-20 13:08:43.422  1627  1627 D wpa_supplicant: WPS:  * Device Password ID (0)
06-20 13:08:43.422  1627  1627 D wpa_supplicant: WPS:  * Manufacturer
06-20 13:08:43.422  1627  1627 D wpa_supplicant: WPS:  * Model Name
06-20 13:08:43.422  1627  1627 D wpa_supplicant: WPS:  * Model Number
06-20 13:08:43.422  1627  1627 D wpa_supplicant: WPS:  * Device Name
06-20 13:08:43.422  1627  1627 D wpa_supplicant: WPS:  * Version2 (0x20)
06-20 13:08:43.422  1627  1627 D wpa_supplicant: wpa_driver_wext_combo_scan: Start
06-20 13:08:43.422  1627  1627 D wpa_supplicant: For Scan: (null)
06-20 13:08:43.484  1627  1627 D wpa_supplicant: Scan requested (ret=0) - scan timeout 30 seconds
06-20 13:08:43.484  1627  1627 D wpa_supplicant: wpa_driver_wext_driver_cmd SCAN-PASSIVE len = 4096
06-20 13:08:43.484  1627  1627 D wpa_supplicant: wpa_driver_wext_driver_cmd SCAN-PASSIVE len = 0, 12
06-20 13:08:43.972  1627  1627 D wpa_supplicant: RTM_NEWLINK: operstate=0 ifi_flags=0x11003 ([UP][LOWER_UP])
06-20 13:08:43.972  1627  1627 D wpa_supplicant: RTM_NEWLINK, IFLA_IFNAME: Interface 'wlan0' added
06-20 13:08:43.972  1627  1627 D wpa_supplicant: Wireless event: cmd=0x8b19 len=8
06-20 13:08:43.972  1627  1627 D wpa_supplicant: Received 886 bytes of scan results (4 BSSes)
06-20 13:08:47.004   452   453 D dalvikvm: GC_CONCURRENT freed 474K, 6% free 10523K/11079K, paused 5ms+3ms
06-20 13:08:50.035  1153  1155 D dalvikvm: GC_CONCURRENT freed 311K, 7% free 10205K/10951K, paused 5ms+6ms
06-20 13:08:51.250   151   151 I ActivityManager: Process com.google.android.googlequicksearchbox (pid 1219) has died.
06-20 13:08:53.445  1627  1627 D wpa_supplicant: wpa_driver_wext_driver_cmd SCAN-ACTIVE len = 4096
06-20 13:08:53.445  1627  1627 D wpa_supplicant: wpa_driver_wext_driver_cmd SCAN-ACTIVE len = 0, 11
06-20 13:08:53.449  1627  1627 D wpa_supplicant: WPS: Building WPS IE for Probe Request
06-20 13:08:53.449  1627  1627 D wpa_supplicant: WPS:  * Version (hardcoded 0x10)
06-20 13:08:53.449  1627  1627 D wpa_supplicant: WPS:  * Request Type
06-20 13:08:53.449  1627  1627 D wpa_supplicant: WPS:  * Config Methods (2388)
06-20 13:08:53.449  1627  1627 D wpa_supplicant: WPS:  * UUID-E
06-20 13:08:53.449  1627  1627 D wpa_supplicant: WPS:  * Primary Device Type
06-20 13:08:53.449  1627  1627 D wpa_supplicant: WPS:  * RF Bands (3)
06-20 13:08:53.449  1627  1627 D wpa_supplicant: WPS:  * Association State
06-20 13:08:53.449  1627  1627 D wpa_supplicant: WPS:  * Configuration Error (0)
06-20 13:08:53.449  1627  1627 D wpa_supplicant: WPS:  * Device Password ID (0)
06-20 13:08:53.449  1627  1627 D wpa_supplicant: WPS:  * Manufacturer
06-20 13:08:53.449  1627  1627 D wpa_supplicant: WPS:  * Model Name
06-20 13:08:53.449  1627  1627 D wpa_supplicant: WPS:  * Model Number
06-20 13:08:53.449  1627  1627 D wpa_supplicant: WPS:  * Device Name
06-20 13:08:53.449  1627  1627 D wpa_supplicant: WPS:  * Version2 (0x20)
06-20 13:08:53.453  1627  1627 D wpa_supplicant: wpa_driver_wext_combo_scan: Start
06-20 13:08:53.453  1627  1627 D wpa_supplicant: For Scan: (null)
06-20 13:08:53.507  1627  1627 D wpa_supplicant: Scan requested (ret=0) - scan timeout 30 seconds
06-20 13:08:53.507  1627  1627 D wpa_supplicant: wpa_driver_wext_driver_cmd SCAN-PASSIVE len = 4096
06-20 13:08:53.507  1627  1627 D wpa_supplicant: wpa_driver_wext_driver_cmd SCAN-PASSIVE len = 0, 12
06-20 13:08:53.992  1627  1627 D wpa_supplicant: RTM_NEWLINK: operstate=0 ifi_flags=0x11003 ([UP][LOWER_UP])
06-20 13:08:53.992  1627  1627 D wpa_supplicant: RTM_NEWLINK, IFLA_IFNAME: Interface 'wlan0' added
06-20 13:08:53.992  1627  1627 D wpa_supplicant: Wireless event: cmd=0x8b19 len=8
06-20 13:08:53.992  1627  1627 D wpa_supplicant: Received 1920 bytes of scan results (10 BSSes)
06-20 13:08:54.132  1153  1160 I dalvikvm: Jit: resizing JitTable from 4096 to 8192
06-20 13:08:55.879    82   122 D AudioHardware: AudioHardware pcm playback is exiting standby.
06-20 13:08:55.879    82   122 D AudioHardware: openPcmOut_l() mPcmOpenCnt: 0
06-20 13:08:56.000  1627  1627 D wpa_supplicant: CTRL_IFACE: ADD_NETWORK
06-20 13:08:56.000  1627  1627 D wpa_supplicant: CTRL_IFACE: SET_NETWORK id=0 name='ssid'
06-20 13:08:56.004  1627  1627 D wpa_supplicant: CTRL_IFACE: SET_NETWORK id=0 name='key_mgmt'
06-20 13:08:56.015  1627  1627 D wpa_supplicant: CTRL_IFACE: SET_NETWORK id=0 name='priority'
06-20 13:08:56.015  1627  1627 D wpa_supplicant: CTRL_IFACE: SET_NETWORK id=0 name='eap'
06-20 13:08:56.039  1627  1627 D wpa_supplicant: CTRL_IFACE: SET_NETWORK id=0 name='phase2'
06-20 13:08:56.039  1627  1627 D wpa_supplicant: CTRL_IFACE: SET_NETWORK id=0 name='identity'
06-20 13:08:56.039  1627  1627 D wpa_supplicant: CTRL_IFACE: SET_NETWORK id=0 name='anonymous_identity'
06-20 13:08:56.039  1627  1627 D wpa_supplicant: Unset configuration string 'anonymous_identity'
06-20 13:08:56.039  1627  1627 D wpa_supplicant: CTRL_IFACE: SET_NETWORK id=0 name='password'
06-20 13:08:56.039  1627  1627 D wpa_supplicant: CTRL_IFACE: SET_NETWORK id=0 name='client_cert'
06-20 13:08:56.039  1627  1627 D wpa_supplicant: Unset configuration string 'client_cert'
06-20 13:08:56.039  1627  1627 D wpa_supplicant: CTRL_IFACE: SET_NETWORK id=0 name='private_key'
06-20 13:08:56.043  1627  1627 D wpa_supplicant: Unset configuration string 'private_key'
06-20 13:08:56.043  1627  1627 D wpa_supplicant: CTRL_IFACE: SET_NETWORK id=0 name='ca_cert'
06-20 13:08:56.043  1627  1627 D wpa_supplicant: Unset configuration string 'ca_cert'
06-20 13:08:56.043  1627  1627 D wpa_supplicant: CTRL_IFACE: GET_NETWORK id=0 name='ssid'
06-20 13:08:56.043  1627  1627 D wpa_supplicant: CTRL_IFACE: GET_NETWORK id=0 name='bssid'
06-20 13:08:56.043  1627  1627 D wpa_supplicant: CTRL_IFACE: Failed to get network variable 'bssid'
06-20 13:08:56.043  1627  1627 D wpa_supplicant: CTRL_IFACE: GET_NETWORK id=0 name='priority'
06-20 13:08:56.043  1627  1627 D wpa_supplicant: CTRL_IFACE: GET_NETWORK id=0 name='scan_ssid'
06-20 13:08:56.043  1627  1627 D wpa_supplicant: CTRL_IFACE: GET_NETWORK id=0 name='wep_tx_keyidx'
06-20 13:08:56.043  1627  1627 D wpa_supplicant: CTRL_IFACE: GET_NETWORK id=0 name='wep_key0'
06-20 13:08:56.043  1627  1627 D wpa_supplicant: CTRL_IFACE: Failed to get network variable 'wep_key0'
06-20 13:08:56.043  1627  1627 D wpa_supplicant: CTRL_IFACE: GET_NETWORK id=0 name='wep_key1'
06-20 13:08:56.043  1627  1627 D wpa_supplicant: CTRL_IFACE: Failed to get network variable 'wep_key1'
06-20 13:08:56.043  1627  1627 D wpa_supplicant: CTRL_IFACE: GET_NETWORK id=0 name='wep_key2'
06-20 13:08:56.043  1627  1627 D wpa_supplicant: CTRL_IFACE: Failed to get network variable 'wep_key2'
06-20 13:08:56.043  1627  1627 D wpa_supplicant: CTRL_IFACE: GET_NETWORK id=0 name='wep_key3'
06-20 13:08:56.043  1627  1627 D wpa_supplicant: CTRL_IFACE: Failed to get network variable 'wep_key3'
06-20 13:08:56.043  1627  1627 D wpa_supplicant: CTRL_IFACE: GET_NETWORK id=0 name='psk'
06-20 13:08:56.043  1627  1627 D wpa_supplicant: CTRL_IFACE: Failed to get network variable 'psk'
06-20 13:08:56.043  1627  1627 D wpa_supplicant: CTRL_IFACE: GET_NETWORK id=0 name='proto'
06-20 13:08:56.047  1627  1627 D wpa_supplicant: CTRL_IFACE: GET_NETWORK id=0 name='key_mgmt'
06-20 13:08:56.047  1627  1627 D wpa_supplicant: CTRL_IFACE: GET_NETWORK id=0 name='auth_alg'
06-20 13:08:56.047  1627  1627 D wpa_supplicant: CTRL_IFACE: GET_NETWORK id=0 name='pairwise'
06-20 13:08:56.047  1627  1627 D wpa_supplicant: CTRL_IFACE: GET_NETWORK id=0 name='group'
06-20 13:08:56.047  1627  1627 D wpa_supplicant: CTRL_IFACE: GET_NETWORK id=0 name='eap'
06-20 13:08:56.047  1627  1627 D wpa_supplicant: CTRL_IFACE: GET_NETWORK id=0 name='phase2'
06-20 13:08:56.047  1627  1627 D wpa_supplicant: CTRL_IFACE: GET_NETWORK id=0 name='identity'
06-20 13:08:56.047  1627  1627 D wpa_supplicant: CTRL_IFACE: GET_NETWORK id=0 name='anonymous_identity'
06-20 13:08:56.047  1627  1627 D wpa_supplicant: CTRL_IFACE: Failed to get network variable 'anonymous_identity'
06-20 13:08:56.047  1627  1627 D wpa_supplicant: CTRL_IFACE: GET_NETWORK id=0 name='password'
06-20 13:08:56.047  1627  1627 D wpa_supplicant: Do not allow key_data field to be exposed
06-20 13:08:56.047  1627  1627 D wpa_supplicant: CTRL_IFACE: GET_NETWORK id=0 name='client_cert'
06-20 13:08:56.047  1627  1627 D wpa_supplicant: CTRL_IFACE: Failed to get network variable 'client_cert'
06-20 13:08:56.047  1627  1627 D wpa_supplicant: CTRL_IFACE: GET_NETWORK id=0 name='private_key'
06-20 13:08:56.047  1627  1627 D wpa_supplicant: CTRL_IFACE: Failed to get network variable 'private_key'
06-20 13:08:56.047  1627  1627 D wpa_supplicant: CTRL_IFACE: GET_NETWORK id=0 name='ca_cert'
06-20 13:08:56.047  1627  1627 D wpa_supplicant: CTRL_IFACE: Failed to get network variable 'ca_cert'
06-20 13:08:56.050   151   311 D WifiConfigStore: IP config changed SSID = "UB_Secure" linkProperties: LinkAddresses: [] Routes: [] DnsAddresses: [] 
06-20 13:08:56.050   151   311 D WifiConfigStore: proxy changed SSID = "UB_Secure"
06-20 13:08:56.054  1627  1627 D wpa_supplicant: CTRL_IFACE: SET_NETWORK id=0 name='priority'
06-20 13:08:56.054  1627  1627 D wpa_supplicant: CTRL_IFACE: GET_NETWORK id=0 name='ssid'
06-20 13:08:56.058  1627  1627 D wpa_supplicant: CTRL_IFACE: GET_NETWORK id=0 name='bssid'
06-20 13:08:56.058  1627  1627 D wpa_supplicant: CTRL_IFACE: Failed to get network variable 'bssid'
06-20 13:08:56.058  1627  1627 D wpa_supplicant: CTRL_IFACE: GET_NETWORK id=0 name='priority'
06-20 13:08:56.058  1627  1627 D wpa_supplicant: CTRL_IFACE: GET_NETWORK id=0 name='scan_ssid'
06-20 13:08:56.058  1627  1627 D wpa_supplicant: CTRL_IFACE: GET_NETWORK id=0 name='wep_tx_keyidx'
06-20 13:08:56.058  1627  1627 D wpa_supplicant: CTRL_IFACE: GET_NETWORK id=0 name='wep_key0'
06-20 13:08:56.058  1627  1627 D wpa_supplicant: CTRL_IFACE: Failed to get network variable 'wep_key0'
06-20 13:08:56.058  1627  1627 D wpa_supplicant: CTRL_IFACE: GET_NETWORK id=0 name='wep_key1'
06-20 13:08:56.058  1627  1627 D wpa_supplicant: CTRL_IFACE: Failed to get network variable 'wep_key1'
06-20 13:08:56.058  1627  1627 D wpa_supplicant: CTRL_IFACE: GET_NETWORK id=0 name='wep_key2'
06-20 13:08:56.058  1627  1627 D wpa_supplicant: CTRL_IFACE: Failed to get network variable 'wep_key2'
06-20 13:08:56.058  1627  1627 D wpa_supplicant: CTRL_IFACE: GET_NETWORK id=0 name='wep_key3'
06-20 13:08:56.058  1627  1627 D wpa_supplicant: CTRL_IFACE: Failed to get network variable 'wep_key3'
06-20 13:08:56.058  1627  1627 D wpa_supplicant: CTRL_IFACE: GET_NETWORK id=0 name='psk'
06-20 13:08:56.058  1627  1627 D wpa_supplicant: CTRL_IFACE: Failed to get network variable 'psk'
06-20 13:08:56.058  1627  1627 D wpa_supplicant: CTRL_IFACE: GET_NETWORK id=0 name='proto'
06-20 13:08:56.058  1627  1627 D wpa_supplicant: CTRL_IFACE: GET_NETWORK id=0 name='key_mgmt'
06-20 13:08:56.062  1627  1627 D wpa_supplicant: CTRL_IFACE: GET_NETWORK id=0 name='auth_alg'
06-20 13:08:56.062  1627  1627 D wpa_supplicant: CTRL_IFACE: GET_NETWORK id=0 name='pairwise'
06-20 13:08:56.062  1627  1627 D wpa_supplicant: CTRL_IFACE: GET_NETWORK id=0 name='group'
06-20 13:08:56.062  1627  1627 D wpa_supplicant: CTRL_IFACE: GET_NETWORK id=0 name='eap'
06-20 13:08:56.062  1627  1627 D wpa_supplicant: CTRL_IFACE: GET_NETWORK id=0 name='phase2'
06-20 13:08:56.062  1627  1627 D wpa_supplicant: CTRL_IFACE: GET_NETWORK id=0 name='identity'
06-20 13:08:56.062  1627  1627 D wpa_supplicant: CTRL_IFACE: GET_NETWORK id=0 name='anonymous_identity'
06-20 13:08:56.062  1627  1627 D wpa_supplicant: CTRL_IFACE: Failed to get network variable 'anonymous_identity'
06-20 13:08:56.062  1627  1627 D wpa_supplicant: CTRL_IFACE: GET_NETWORK id=0 name='password'
06-20 13:08:56.062  1627  1627 D wpa_supplicant: Do not allow key_data field to be exposed
06-20 13:08:56.062  1627  1627 D wpa_supplicant: CTRL_IFACE: GET_NETWORK id=0 name='client_cert'
06-20 13:08:56.062  1627  1627 D wpa_supplicant: CTRL_IFACE: Failed to get network variable 'client_cert'
06-20 13:08:56.066  1627  1627 D wpa_supplicant: CTRL_IFACE: GET_NETWORK id=0 name='private_key'
06-20 13:08:56.066  1627  1627 D wpa_supplicant: CTRL_IFACE: Failed to get network variable 'private_key'
06-20 13:08:56.066  1627  1627 D wpa_supplicant: CTRL_IFACE: GET_NETWORK id=0 name='ca_cert'
06-20 13:08:56.066  1627  1627 D wpa_supplicant: CTRL_IFACE: Failed to get network variable 'ca_cert'
06-20 13:08:56.066  1627  1627 D wpa_supplicant: Writing configuration file '/data/misc/wifi/wpa_supplicant.conf'
06-20 13:08:56.066  1627  1627 D wpa_supplicant: Configuration file '/data/misc/wifi/wpa_supplicant.conf' written successfully
06-20 13:08:56.066  1627  1627 D wpa_supplicant: CTRL_IFACE: SAVE_CONFIG - Configuration updated
06-20 13:08:56.066  1627  1627 D wpa_supplicant: CTRL_IFACE: SELECT_NETWORK id=0
06-20 13:08:56.070  1627  1627 D wpa_supplicant: WPS: Building WPS IE for Probe Request
06-20 13:08:56.070  1627  1627 D wpa_supplicant: WPS:  * Version (hardcoded 0x10)
06-20 13:08:56.070  1627  1627 D wpa_supplicant: WPS:  * Request Type
06-20 13:08:56.070  1627  1627 D wpa_supplicant: WPS:  * Config Methods (2388)
06-20 13:08:56.070  1627  1627 D wpa_supplicant: WPS:  * UUID-E
06-20 13:08:56.070  1627  1627 D wpa_supplicant: WPS:  * Primary Device Type
06-20 13:08:56.070  1627  1627 D wpa_supplicant: WPS:  * RF Bands (3)
06-20 13:08:56.070  1627  1627 D wpa_supplicant: WPS:  * Association State
06-20 13:08:56.070  1627  1627 D wpa_supplicant: WPS:  * Configuration Error (0)
06-20 13:08:56.070  1627  1627 D wpa_supplicant: WPS:  * Device Password ID (0)
06-20 13:08:56.070  1627  1627 D wpa_supplicant: WPS:  * Manufacturer
06-20 13:08:56.070  1627  1627 D wpa_supplicant: WPS:  * Model Name
06-20 13:08:56.070  1627  1627 D wpa_supplicant: WPS:  * Model Number
06-20 13:08:56.070  1627  1627 D wpa_supplicant: WPS:  * Device Name
06-20 13:08:56.070  1627  1627 D wpa_supplicant: WPS:  * Version2 (0x20)
06-20 13:08:56.070  1627  1627 D wpa_supplicant: wpa_driver_wext_combo_scan: Start
06-20 13:08:56.070  1627  1627 D wpa_supplicant: For Scan: (null)
06-20 13:08:56.125  1627  1627 D wpa_supplicant: Scan requested (ret=0) - scan timeout 30 seconds
06-20 13:08:56.132    76   113 D CommandListener: Clearing all IP addresses on wlan0
06-20 13:08:56.187   151   314 D ConnectivityService: ConnectivityChange for WIFI: DISCONNECTED/SCANNING
06-20 13:08:56.187   151   314 D ConnectivityService: Attempting to switch to mobile
06-20 13:08:56.254   151   314 D ConnectivityService: Attempting to switch to WIMAX
06-20 13:08:56.254   151   314 D ConnectivityService: Attempting to switch to BLUETOOTH_TETHER
06-20 13:08:56.340   151   309 D NetworkPolicy: applying policy NetworkPolicy[NetworkTemplate: matchRule=MOBILE_ALL, subscriberId=valid]: cycleDay=20, warningBytes=2147483648, limitBytes=-1, lastSnooze=-1 to ifaces [rmnet0]
06-20 13:08:56.433   151   309 D NetworkPolicy: applying policy NetworkPolicy[NetworkTemplate: matchRule=MOBILE_ALL, subscriberId=valid]: cycleDay=20, warningBytes=2147483648, limitBytes=-1, lastSnooze=-1 to ifaces [rmnet0]
06-20 13:08:56.461   390   390 D dalvikvm: GC_FOR_ALLOC freed 212K, 8% free 9939K/10695K, paused 82ms
06-20 13:08:56.605  1627  1627 D wpa_supplicant: RTM_NEWLINK: operstate=0 ifi_flags=0x11003 ([UP][LOWER_UP])
06-20 13:08:56.605  1627  1627 D wpa_supplicant: RTM_NEWLINK, IFLA_IFNAME: Interface 'wlan0' added
06-20 13:08:56.605  1627  1627 D wpa_supplicant: Wireless event: cmd=0x8b19 len=8
06-20 13:08:56.605  1627  1627 D wpa_supplicant: Received 1430 bytes of scan results (7 BSSes)
06-20 13:08:56.613  1627  1627 D wpa_supplicant: wlan0: Request association: reassociate: 1  selected: d0:c2:82:66:6b:f0  bssid: 00:00:00:00:00:00  pending: 00:00:00:00:00:00  wpa_state: SCANNING
06-20 13:08:56.613  1627  1627 I wpa_supplicant: wlan0: Trying to associate with d0:c2:82:66:6b:f0 (SSID='UB_Secure' freq=2462 MHz)
06-20 13:08:56.613  1627  1627 D wpa_supplicant: wpa_driver_wext_set_operstate: operstate 0->0 (DORMANT)
06-20 13:08:56.613  1627  1627 D wpa_supplicant: netlink: Operstate: linkmode=-1, operstate=5
06-20 13:08:56.613  1627  1627 D wpa_supplicant: wpa_driver_wext_associate
06-20 13:08:56.613  1627  1627 D wpa_supplicant: wpa_driver_wext_set_drop_unencrypted
06-20 13:08:56.621  1627  1627 D wpa_supplicant: wpa_driver_wext_set_psk
06-20 13:08:56.644  1153  1155 D dalvikvm: GC_CONCURRENT freed 396K, 7% free 10199K/10951K, paused 4ms+7ms
06-20 13:08:56.730  1627  1627 D wpa_supplicant: EAPOL: External notification - EAP success=0
06-20 13:08:56.730  1627  1627 D wpa_supplicant: EAPOL: Supplicant port status: Unauthorized
06-20 13:08:56.734  1627  1627 D wpa_supplicant: EAPOL: External notification - EAP fail=0
06-20 13:08:56.734  1627  1627 D wpa_supplicant: EAPOL: Supplicant port status: Unauthorized
06-20 13:08:56.734  1627  1627 D wpa_supplicant: EAPOL: External notification - portControl=Auto
06-20 13:08:56.734  1627  1627 D wpa_supplicant: EAPOL: Supplicant port status: Unauthorized
06-20 13:08:56.734  1627  1627 D wpa_supplicant: RSN: Ignored PMKID candidate without preauth flag
06-20 13:08:56.734  1627  1627 D wpa_supplicant: RSN: Ignored PMKID candidate without preauth flag
06-20 13:08:56.734  1627  1627 D wpa_supplicant: RSN: Ignored PMKID candidate without preauth flag
06-20 13:08:56.734  1627  1627 D wpa_supplicant: RTM_NEWLINK: operstate=0 ifi_flags=0x11003 ([UP][LOWER_UP])
06-20 13:08:56.734  1627  1627 D wpa_supplicant: RTM_NEWLINK, IFLA_IFNAME: Interface 'wlan0' added
06-20 13:08:56.734  1627  1627 D wpa_supplicant: Wireless event: cmd=0x8b06 len=8
06-20 13:08:56.734  1627  1627 D wpa_supplicant: RTM_NEWLINK: operstate=0 ifi_flags=0x11003 ([UP][LOWER_UP])
06-20 13:08:56.734  1627  1627 D wpa_supplicant: RTM_NEWLINK, IFLA_IFNAME: Interface 'wlan0' added
06-20 13:08:56.734  1627  1627 D wpa_supplicant: Wireless event: cmd=0x8b04 len=12
06-20 13:08:56.734  1627  1627 D wpa_supplicant: RTM_NEWLINK: operstate=0 ifi_flags=0x11003 ([UP][LOWER_UP])
06-20 13:08:56.734  1627  1627 D wpa_supplicant: RTM_NEWLINK, IFLA_IFNAME: Interface 'wlan0' added
06-20 13:08:56.734  1627  1627 D wpa_supplicant: Wireless event: cmd=0x8b1a len=17
06-20 13:08:56.742  1627  1627 D wpa_supplicant: RTM_NEWLINK: operstate=0 ifi_flags=0x11003 ([UP][LOWER_UP])
06-20 13:08:56.742  1627  1627 D wpa_supplicant: RTM_NEWLINK, IFLA_IFNAME: Interface 'wlan0' added
06-20 13:08:56.742  1627  1627 D wpa_supplicant: Wireless event: cmd=0x8b15 len=20
06-20 13:08:56.742  1627  1627 D wpa_supplicant: Wireless event: new AP: d0:c2:82:66:6b:f0
06-20 13:08:56.742  1627  1627 D wpa_supplicant: wpa_driver_wext_set_operstate: operstate 0->0 (DORMANT)
06-20 13:08:56.742  1627  1627 D wpa_supplicant: netlink: Operstate: linkmode=-1, operstate=5
06-20 13:08:56.746  1627  1627 I wpa_supplicant: wlan0: Associated with d0:c2:82:66:6b:f0
06-20 13:08:56.746  1627  1627 D wpa_supplicant: EAPOL: External notification - portEnabled=0
06-20 13:08:56.746  1627  1627 D wpa_supplicant: EAPOL: Supplicant port status: Unauthorized
06-20 13:08:56.746  1627  1627 D wpa_supplicant: EAPOL: External notification - portValid=0
06-20 13:08:56.746  1627  1627 D wpa_supplicant: EAPOL: Supplicant port status: Unauthorized
06-20 13:08:56.746  1627  1627 D wpa_supplicant: EAPOL: External notification - portEnabled=1
06-20 13:08:56.746  1627  1627 D wpa_supplicant: EAPOL: SUPP_PAE entering state CONNECTING
06-20 13:08:56.746  1627  1627 D wpa_supplicant: EAPOL: enable timer tick
06-20 13:08:56.746  1627  1627 D wpa_supplicant: EAPOL: SUPP_BE entering state IDLE
06-20 13:08:56.746  1627  1627 D wpa_supplicant: EAP: EAP entering state INITIALIZE
06-20 13:08:56.746  1627  1627 D wpa_supplicant: EAP: EAP entering state IDLE
06-20 13:08:56.746  1627  1627 D wpa_supplicant: EAPOL: Received EAP-Packet frame
06-20 13:08:56.746  1627  1627 D wpa_supplicant: EAPOL: SUPP_PAE entering state RESTART
06-20 13:08:56.746  1627  1627 D wpa_supplicant: EAP: EAP entering state INITIALIZE
06-20 13:08:56.746  1627  1627 D wpa_supplicant: EAP: EAP entering state IDLE
06-20 13:08:56.746  1627  1627 D wpa_supplicant: EAPOL: SUPP_PAE entering state AUTHENTICATING
06-20 13:08:56.746  1627  1627 D wpa_supplicant: EAPOL: SUPP_BE entering state REQUEST
06-20 13:08:56.746  1627  1627 D wpa_supplicant: EAPOL: getSuppRsp
06-20 13:08:56.746  1627  1627 D wpa_supplicant: EAP: EAP entering state RECEIVED
06-20 13:08:56.750  1627  1627 D wpa_supplicant: EAP: Received EAP-Request id=1 method=1 vendor=0 vendorMethod=0
06-20 13:08:56.750  1627  1627 D wpa_supplicant: EAP: EAP entering state IDENTITY
06-20 13:08:56.750  1627  1627 I wpa_supplicant: wlan0: CTRL-EVENT-EAP-STARTED EAP authentication started
06-20 13:08:56.750  1627  1627 D wpa_supplicant: EAP: EAP entering state SEND_RESPONSE
06-20 13:08:56.750  1627  1627 D wpa_supplicant: EAP: EAP entering state IDLE
06-20 13:08:56.750  1627  1627 D wpa_supplicant: EAPOL: SUPP_BE entering state RESPONSE
06-20 13:08:56.750  1627  1627 D wpa_supplicant: EAPOL: txSuppRsp
06-20 13:08:56.750  1627  1627 D wpa_supplicant: TX EAPOL: dst=d0:c2:82:66:6b:f0
06-20 13:08:56.750  1627  1627 D wpa_supplicant: EAPOL: SUPP_BE entering state RECEIVE
06-20 13:08:56.754  1627  1627 D wpa_supplicant: EAPOL: Received EAP-Packet frame
06-20 13:08:56.754  1627  1627 D wpa_supplicant: EAPOL: SUPP_BE entering state REQUEST
06-20 13:08:56.754  1627  1627 D wpa_supplicant: EAPOL: getSuppRsp
06-20 13:08:56.754  1627  1627 D wpa_supplicant: EAP: EAP entering state RECEIVED
06-20 13:08:56.754  1627  1627 D wpa_supplicant: EAP: Received EAP-Request id=2 method=4 vendor=0 vendorMethod=0
06-20 13:08:56.754  1627  1627 D wpa_supplicant: EAP: EAP entering state GET_METHOD
06-20 13:08:56.754  1627  1627 D wpa_supplicant: EAP: configuration does not allow: vendor 0 method 4
06-20 13:08:56.754  1627  1627 D wpa_supplicant: EAP: vendor 0 method 4 not allowed
06-20 13:08:56.754  1627  1627 I wpa_supplicant: wlan0: CTRL-EVENT-EAP-PROPOSED-METHOD vendor=0 method=4 -> NAK
06-20 13:08:56.754  1627  1627 D wpa_supplicant: EAP: Building EAP-Nak (requested type 4 vendor=0 method=0 not allowed)
06-20 13:08:56.754  1627  1627 D wpa_supplicant: EAP: EAP entering state SEND_RESPONSE
06-20 13:08:56.754  1627  1627 D wpa_supplicant: EAP: EAP entering state IDLE
06-20 13:08:56.754  1627  1627 D wpa_supplicant: EAPOL: SUPP_BE entering state RESPONSE
06-20 13:08:56.754  1627  1627 D wpa_supplicant: EAPOL: txSuppRsp
06-20 13:08:56.754  1627  1627 D wpa_supplicant: TX EAPOL: dst=d0:c2:82:66:6b:f0
06-20 13:08:56.754  1627  1627 D wpa_supplicant: EAPOL: SUPP_BE entering state RECEIVE
06-20 13:08:56.757  1627  1627 D wpa_supplicant: EAPOL: Received EAP-Packet frame
06-20 13:08:56.757  1627  1627 D wpa_supplicant: EAPOL: SUPP_BE entering state REQUEST
06-20 13:08:56.757  1627  1627 D wpa_supplicant: EAPOL: getSuppRsp
06-20 13:08:56.757  1627  1627 D wpa_supplicant: EAP: EAP entering state RECEIVED
06-20 13:08:56.757  1627  1627 D wpa_supplicant: EAP: Received EAP-Request id=3 method=25 vendor=0 vendorMethod=0
06-20 13:08:56.757  1627  1627 D wpa_supplicant: EAP: EAP entering state GET_METHOD
06-20 13:08:56.757  1627  1627 I wpa_supplicant: wlan0: CTRL-EVENT-EAP-PROPOSED-METHOD vendor=0 method=25
06-20 13:08:56.757  1627  1627 D wpa_supplicant: EAP: Initialize selected EAP method: vendor 0 method 25 (PEAP)
06-20 13:08:56.757  1627  1627 D wpa_supplicant: TLS: using phase1 config options
06-20 13:08:56.757  1627  1627 I wpa_supplicant: wlan0: CTRL-EVENT-EAP-METHOD EAP vendor 0 method 25 (PEAP) selected
06-20 13:08:56.757  1627  1627 D wpa_supplicant: EAP: EAP entering state METHOD
06-20 13:08:56.757  1627  1627 D wpa_supplicant: SSL: Received packet(len=6) - Flags 0x20
06-20 13:08:56.757  1627  1627 D wpa_supplicant: EAP-PEAP: Start (server ver=0, own ver=1)
06-20 13:08:56.757  1627  1627 D wpa_supplicant: EAP-PEAP: Using PEAP version 0
06-20 13:08:56.757  1627  1627 D wpa_supplicant: SSL: (where=0x10 ret=0x1)
06-20 13:08:56.757  1627  1627 D wpa_supplicant: SSL: (where=0x1001 ret=0x1)
06-20 13:08:56.769  1627  1627 D wpa_supplicant: SSL: SSL_connect:before/connect initialization
06-20 13:08:56.773  1627  1627 D wpa_supplicant: SSL: (where=0x1001 ret=0x1)
06-20 13:08:56.773  1627  1627 D wpa_supplicant: SSL: SSL_connect:SSLv3 write client hello A
06-20 13:08:56.773  1627  1627 D wpa_supplicant: SSL: (where=0x1002 ret=0xffffffff)
06-20 13:08:56.773  1627  1627 D wpa_supplicant: SSL: SSL_connect:error in SSLv3 read server hello A
06-20 13:08:56.773  1627  1627 D wpa_supplicant: SSL: SSL_connect - want more data
06-20 13:08:56.773  1627  1627 D wpa_supplicant: SSL: 190 bytes pending from ssl_out
06-20 13:08:56.773  1627  1627 D wpa_supplicant: SSL: 190 bytes left to be sent out (of total 190 bytes)
06-20 13:08:56.773  1627  1627 D wpa_supplicant: EAP: method process -> ignore=FALSE methodState=MAY_CONT decision=FAIL
06-20 13:08:56.773  1627  1627 D wpa_supplicant: EAP: EAP entering state SEND_RESPONSE
06-20 13:08:56.773  1627  1627 D wpa_supplicant: EAP: EAP entering state IDLE
06-20 13:08:56.773  1627  1627 D wpa_supplicant: EAPOL: SUPP_BE entering state RESPONSE
06-20 13:08:56.773  1627  1627 D wpa_supplicant: EAPOL: txSuppRsp
06-20 13:08:56.773  1627  1627 D wpa_supplicant: TX EAPOL: dst=d0:c2:82:66:6b:f0
06-20 13:08:56.773  1627  1627 D wpa_supplicant: EAPOL: SUPP_BE entering state RECEIVE
06-20 13:08:56.781  1627  1627 D wpa_supplicant: RTM_NEWLINK: operstate=0 ifi_flags=0x11003 ([UP][LOWER_UP])
06-20 13:08:56.781  1627  1627 D wpa_supplicant: RTM_NEWLINK, IFLA_IFNAME: Interface 'wlan0' added
06-20 13:08:56.781  1627  1627 D wpa_supplicant: Wireless event: cmd=0x8c03 len=20
06-20 13:08:56.781  1627  1627 D wpa_supplicant: RTM_NEWLINK: operstate=0 ifi_flags=0x11003 ([UP][LOWER_UP])
06-20 13:08:56.781  1627  1627 D wpa_supplicant: RTM_NEWLINK, IFLA_IFNAME: Interface 'wlan0' added
06-20 13:08:56.781  1627  1627 D wpa_supplicant: Wireless event: cmd=0x8c02 len=26
06-20 13:08:56.804  1627  1627 D wpa_supplicant: EAPOL: Received EAP-Packet frame
06-20 13:08:56.804  1627  1627 D wpa_supplicant: EAPOL: SUPP_BE entering state REQUEST
06-20 13:08:56.804  1627  1627 D wpa_supplicant: EAPOL: getSuppRsp
06-20 13:08:56.804  1627  1627 D wpa_supplicant: EAP: EAP entering state RECEIVED
06-20 13:08:56.804  1627  1627 D wpa_supplicant: EAP: Received EAP-Request id=4 method=25 vendor=0 vendorMethod=0
06-20 13:08:56.804  1627  1627 D wpa_supplicant: EAP: EAP entering state METHOD
06-20 13:08:56.804  1627  1627 D wpa_supplicant: SSL: Received packet(len=1024) - Flags 0xc0
06-20 13:08:56.804  1627  1627 D wpa_supplicant: SSL: TLS Message Length: 4310
06-20 13:08:56.804  1627  1627 D wpa_supplicant: SSL: Need 3296 bytes more input data
06-20 13:08:56.804  1627  1627 D wpa_supplicant: SSL: Building ACK (type=25 id=4 ver=0)
06-20 13:08:56.804  1627  1627 D wpa_supplicant: EAP: method process -> ignore=FALSE methodState=MAY_CONT decision=FAIL
06-20 13:08:56.804  1627  1627 D wpa_supplicant: EAP: EAP entering state SEND_RESPONSE
06-20 13:08:56.804  1627  1627 D wpa_supplicant: EAP: EAP entering state IDLE
06-20 13:08:56.804  1627  1627 D wpa_supplicant: EAPOL: SUPP_BE entering state RESPONSE
06-20 13:08:56.804  1627  1627 D wpa_supplicant: EAPOL: txSuppRsp
06-20 13:08:56.804  1627  1627 D wpa_supplicant: TX EAPOL: dst=d0:c2:82:66:6b:f0
06-20 13:08:56.804  1627  1627 D wpa_supplicant: EAPOL: SUPP_BE entering state RECEIVE
06-20 13:08:56.808  1627  1627 D wpa_supplicant: EAPOL: Received EAP-Packet frame
06-20 13:08:56.808  1627  1627 D wpa_supplicant: EAPOL: SUPP_BE entering state REQUEST
06-20 13:08:56.808  1627  1627 D wpa_supplicant: EAPOL: getSuppRsp
06-20 13:08:56.808  1627  1627 D wpa_supplicant: EAP: EAP entering state RECEIVED
06-20 13:08:56.808  1627  1627 D wpa_supplicant: EAP: Received EAP-Request id=5 method=25 vendor=0 vendorMethod=0
06-20 13:08:56.808  1627  1627 D wpa_supplicant: EAP: EAP entering state METHOD
06-20 13:08:56.808  1627  1627 D wpa_supplicant: SSL: Received packet(len=1020) - Flags 0x40
06-20 13:08:56.808  1627  1627 D wpa_supplicant: SSL: Need 2282 bytes more input data
06-20 13:08:56.808  1627  1627 D wpa_supplicant: SSL: Building ACK (type=25 id=5 ver=0)
06-20 13:08:56.808  1627  1627 D wpa_supplicant: EAP: method process -> ignore=FALSE methodState=MAY_CONT decision=FAIL
06-20 13:08:56.808  1627  1627 D wpa_supplicant: EAP: EAP entering state SEND_RESPONSE
06-20 13:08:56.808  1627  1627 D wpa_supplicant: EAP: EAP entering state IDLE
06-20 13:08:56.808  1627  1627 D wpa_supplicant: EAPOL: SUPP_BE entering state RESPONSE
06-20 13:08:56.808  1627  1627 D wpa_supplicant: EAPOL: txSuppRsp
06-20 13:08:56.808  1627  1627 D wpa_supplicant: TX EAPOL: dst=d0:c2:82:66:6b:f0
06-20 13:08:56.808  1627  1627 D wpa_supplicant: EAPOL: SUPP_BE entering state RECEIVE
06-20 13:08:56.812  1627  1627 D wpa_supplicant: EAPOL: Received EAP-Packet frame
06-20 13:08:56.812  1627  1627 D wpa_supplicant: EAPOL: SUPP_BE entering state REQUEST
06-20 13:08:56.812  1627  1627 D wpa_supplicant: EAPOL: getSuppRsp
06-20 13:08:56.812  1627  1627 D wpa_supplicant: EAP: EAP entering state RECEIVED
06-20 13:08:56.812  1627  1627 D wpa_supplicant: EAP: Received EAP-Request id=6 method=25 vendor=0 vendorMethod=0
06-20 13:08:56.812  1627  1627 D wpa_supplicant: EAP: EAP entering state METHOD
06-20 13:08:56.812  1627  1627 D wpa_supplicant: SSL: Received packet(len=1020) - Flags 0x40
06-20 13:08:56.812  1627  1627 D wpa_supplicant: SSL: Need 1268 bytes more input data
06-20 13:08:56.812  1627  1627 D wpa_supplicant: SSL: Building ACK (type=25 id=6 ver=0)
06-20 13:08:56.812  1627  1627 D wpa_supplicant: EAP: method process -> ignore=FALSE methodState=MAY_CONT decision=FAIL
06-20 13:08:56.812  1627  1627 D wpa_supplicant: EAP: EAP entering state SEND_RESPONSE
06-20 13:08:56.812  1627  1627 D wpa_supplicant: EAP: EAP entering state IDLE
06-20 13:08:56.812  1627  1627 D wpa_supplicant: EAPOL: SUPP_BE entering state RESPONSE
06-20 13:08:56.812  1627  1627 D wpa_supplicant: EAPOL: txSuppRsp
06-20 13:08:56.812  1627  1627 D wpa_supplicant: TX EAPOL: dst=d0:c2:82:66:6b:f0
06-20 13:08:56.812  1627  1627 D wpa_supplicant: EAPOL: SUPP_BE entering state RECEIVE
06-20 13:08:56.816  1627  1627 D wpa_supplicant: EAPOL: Received EAP-Packet frame
06-20 13:08:56.816  1627  1627 D wpa_supplicant: EAPOL: SUPP_BE entering state REQUEST
06-20 13:08:56.816  1627  1627 D wpa_supplicant: EAPOL: getSuppRsp
06-20 13:08:56.816  1627  1627 D wpa_supplicant: EAP: EAP entering state RECEIVED
06-20 13:08:56.816  1627  1627 D wpa_supplicant: EAP: Received EAP-Request id=7 method=25 vendor=0 vendorMethod=0
06-20 13:08:56.816  1627  1627 D wpa_supplicant: EAP: EAP entering state METHOD
06-20 13:08:56.816  1627  1627 D wpa_supplicant: SSL: Received packet(len=1020) - Flags 0x40
06-20 13:08:56.816  1627  1627 D wpa_supplicant: SSL: Need 254 bytes more input data
06-20 13:08:56.816  1627  1627 D wpa_supplicant: SSL: Building ACK (type=25 id=7 ver=0)
06-20 13:08:56.816  1627  1627 D wpa_supplicant: EAP: method process -> ignore=FALSE methodState=MAY_CONT decision=FAIL
06-20 13:08:56.816  1627  1627 D wpa_supplicant: EAP: EAP entering state SEND_RESPONSE
06-20 13:08:56.816  1627  1627 D wpa_supplicant: EAP: EAP entering state IDLE
06-20 13:08:56.816  1627  1627 D wpa_supplicant: EAPOL: SUPP_BE entering state RESPONSE
06-20 13:08:56.816  1627  1627 D wpa_supplicant: EAPOL: txSuppRsp
06-20 13:08:56.816  1627  1627 D wpa_supplicant: TX EAPOL: dst=d0:c2:82:66:6b:f0
06-20 13:08:56.820  1627  1627 D wpa_supplicant: EAPOL: SUPP_BE entering state RECEIVE
06-20 13:08:56.820  1627  1627 D wpa_supplicant: EAPOL: Received EAP-Packet frame
06-20 13:08:56.820  1627  1627 D wpa_supplicant: EAPOL: SUPP_BE entering state REQUEST
06-20 13:08:56.820  1627  1627 D wpa_supplicant: EAPOL: getSuppRsp
06-20 13:08:56.820  1627  1627 D wpa_supplicant: EAP: EAP entering state RECEIVED
06-20 13:08:56.820  1627  1627 D wpa_supplicant: EAP: Received EAP-Request id=8 method=25 vendor=0 vendorMethod=0
06-20 13:08:56.820  1627  1627 D wpa_supplicant: EAP: EAP entering state METHOD
06-20 13:08:56.820  1627  1627 D wpa_supplicant: SSL: Received packet(len=260) - Flags 0x00
06-20 13:08:56.820  1627  1627 D wpa_supplicant: SSL: (where=0x1001 ret=0x1)
06-20 13:08:56.820  1627  1627 D wpa_supplicant: SSL: SSL_connect:SSLv3 read server hello A
06-20 13:08:56.836  1627  1627 D wpa_supplicant: TLS: tls_verify_cb - preverify_ok=1 err=19 (self signed certificate in certificate chain) ca_cert_verify=0 depth=2 buf='/C=US/O=Entrust.net/OU=www.entrust.net/CPS incorp. by ref. (limits liab.)/OU=(c) 1999 Entrust.net Limited/CN=Entrust.net Secure Server Certification Authority'
06-20 13:08:56.836  1627  1627 I wpa_supplicant: wlan0: CTRL-EVENT-EAP-PEER-CERT depth=2 subject='/C=US/O=Entrust.net/OU=www.entrust.net/CPS incorp. by ref. (limits liab.)/OU=(c) 1999 Entrust.net Limited/CN=Entrust.net Secure Server Certification Authority'
06-20 13:08:56.851  1627  1627 D wpa_supplicant: TLS: tls_verify_cb - preverify_ok=1 err=19 (self signed certificate in certificate chain) ca_cert_verify=0 depth=2 buf='/C=US/O=Entrust.net/OU=www.entrust.net/CPS incorp. by ref. (limits liab.)/OU=(c) 1999 Entrust.net Limited/CN=Entrust.net Secure Server Certification Authority'
06-20 13:08:56.851  1627  1627 I wpa_supplicant: wlan0: CTRL-EVENT-EAP-PEER-CERT depth=2 subject='/C=US/O=Entrust.net/OU=www.entrust.net/CPS incorp. by ref. (limits liab.)/OU=(c) 1999 Entrust.net Limited/CN=Entrust.net Secure Server Certification Authority'
06-20 13:08:56.855  1627  1627 D wpa_supplicant: TLS: tls_verify_cb - preverify_ok=1 err=19 (self signed certificate in certificate chain) ca_cert_verify=0 depth=1 buf='/C=US/ST=UT/L=Salt Lake City/O=The USERTRUST Network/CN=USERTrust Legacy Secure Server CA'
06-20 13:08:56.855  1627  1627 I wpa_supplicant: wlan0: CTRL-EVENT-EAP-PEER-CERT depth=1 subject='/C=US/ST=UT/L=Salt Lake City/O=The USERTRUST Network/CN=USERTrust Legacy Secure Server CA'
06-20 13:08:56.855  1627  1627 D wpa_supplicant: TLS: tls_verify_cb - preverify_ok=1 err=19 (self signed certificate in certificate chain) ca_cert_verify=0 depth=0 buf='/C=US/postalCode=14260/ST=New York/L=Buffalo/street=305 Computing Center/O=SUNY AT BUFFALO/OU=Issued through UNIVERSITY AT BUFFALO E-PKI Manager/OU=Comodo PremiumSSL Legacy/CN=radius2.cit.buffalo.edu'
06-20 13:08:56.855  1627  1627 I wpa_supplicant: wlan0: CTRL-EVENT-EAP-PEER-CERT depth=0 subject='/C=US/postalCode=14260/ST=New York/L=Buffalo/street=305 Computing Center/O=SUNY AT BUFFALO/OU=Issued through UNIVERSITY AT BUFFALO E-PKI Manager/OU=Comodo PremiumSSL Legacy/CN=radius2.cit.buffalo.edu'
06-20 13:08:56.859  1627  1627 D wpa_supplicant: SSL: (where=0x1001 ret=0x1)
06-20 13:08:56.859  1627  1627 D wpa_supplicant: SSL: SSL_connect:SSLv3 read server certificate A
06-20 13:08:56.863  1627  1627 D wpa_supplicant: SSL: (where=0x1001 ret=0x1)
06-20 13:08:56.863  1627  1627 D wpa_supplicant: SSL: SSL_connect:SSLv3 read server key exchange A
06-20 13:08:56.863  1627  1627 D wpa_supplicant: SSL: (where=0x1001 ret=0x1)
06-20 13:08:56.863  1627  1627 D wpa_supplicant: SSL: SSL_connect:SSLv3 read server done A
06-20 13:08:56.875  1627  1627 D wpa_supplicant: SSL: (where=0x1001 ret=0x1)
06-20 13:08:56.875  1627  1627 D wpa_supplicant: SSL: SSL_connect:SSLv3 write client key exchange A
06-20 13:08:56.875  1627  1627 D wpa_supplicant: SSL: (where=0x1001 ret=0x1)
06-20 13:08:56.875  1627  1627 D wpa_supplicant: SSL: SSL_connect:SSLv3 write change cipher spec A
06-20 13:08:56.875  1627  1627 D wpa_supplicant: SSL: (where=0x1001 ret=0x1)
06-20 13:08:56.875  1627  1627 D wpa_supplicant: SSL: SSL_connect:SSLv3 write finished A
06-20 13:08:56.875  1627  1627 D wpa_supplicant: SSL: (where=0x1001 ret=0x1)
06-20 13:08:56.875  1627  1627 D wpa_supplicant: SSL: SSL_connect:SSLv3 flush data
06-20 13:08:56.875  1627  1627 D wpa_supplicant: SSL: (where=0x1002 ret=0xffffffff)
06-20 13:08:56.875  1627  1627 D wpa_supplicant: SSL: SSL_connect:error in SSLv3 read server session ticket A
06-20 13:08:56.875  1627  1627 D wpa_supplicant: SSL: SSL_connect - want more data
06-20 13:08:56.875  1627  1627 D wpa_supplicant: SSL: 134 bytes pending from ssl_out
06-20 13:08:56.875  1627  1627 D wpa_supplicant: SSL: 134 bytes left to be sent out (of total 134 bytes)
06-20 13:08:56.875  1627  1627 D wpa_supplicant: EAP: method process -> ignore=FALSE methodState=MAY_CONT decision=FAIL
06-20 13:08:56.875  1627  1627 D wpa_supplicant: EAP: EAP entering state SEND_RESPONSE
06-20 13:08:56.875  1627  1627 D wpa_supplicant: EAP: EAP entering state IDLE
06-20 13:08:56.875  1627  1627 D wpa_supplicant: EAPOL: SUPP_BE entering state RESPONSE
06-20 13:08:56.875  1627  1627 D wpa_supplicant: EAPOL: txSuppRsp
06-20 13:08:56.875  1627  1627 D wpa_supplicant: TX EAPOL: dst=d0:c2:82:66:6b:f0
06-20 13:08:56.875  1627  1627 D wpa_supplicant: EAPOL: SUPP_BE entering state RECEIVE
06-20 13:08:56.882  1627  1627 D wpa_supplicant: EAPOL: Received EAP-Packet frame
06-20 13:08:56.882  1627  1627 D wpa_supplicant: EAPOL: SUPP_BE entering state REQUEST
06-20 13:08:56.882  1627  1627 D wpa_supplicant: EAPOL: getSuppRsp
06-20 13:08:56.882  1627  1627 D wpa_supplicant: EAP: EAP entering state RECEIVED
06-20 13:08:56.882  1627  1627 D wpa_supplicant: EAP: Received EAP-Request id=9 method=25 vendor=0 vendorMethod=0
06-20 13:08:56.882  1627  1627 D wpa_supplicant: EAP: EAP entering state METHOD
06-20 13:08:56.882  1627  1627 D wpa_supplicant: SSL: Received packet(len=240) - Flags 0x00
06-20 13:08:56.882  1627  1627 D wpa_supplicant: SSL: (where=0x1001 ret=0x1)
06-20 13:08:56.882  1627  1627 D wpa_supplicant: SSL: SSL_connect:SSLv3 read server session ticket A
06-20 13:08:56.882  1627  1627 D wpa_supplicant: SSL: (where=0x1001 ret=0x1)
06-20 13:08:56.882  1627  1627 D wpa_supplicant: SSL: SSL_connect:SSLv3 read finished A
06-20 13:08:56.882  1627  1627 D wpa_supplicant: SSL: (where=0x20 ret=0x1)
06-20 13:08:56.882  1627  1627 D wpa_supplicant: SSL: (where=0x1002 ret=0x1)
06-20 13:08:56.882  1627  1627 D wpa_supplicant: SSL: 0 bytes pending from ssl_out
06-20 13:08:56.882  1627  1627 D wpa_supplicant: SSL: No Application Data included
06-20 13:08:56.882  1627  1627 D wpa_supplicant: SSL: No data to be sent out
06-20 13:08:56.882  1627  1627 D wpa_supplicant: EAP-PEAP: TLS done, proceed to Phase 2
06-20 13:08:56.882  1627  1627 D wpa_supplicant: EAP-PEAP: using label 'client EAP encryption' in key derivation
06-20 13:08:56.882  1627  1627 D wpa_supplicant: SSL: Building ACK (type=25 id=9 ver=0)
06-20 13:08:56.882  1627  1627 D wpa_supplicant: EAP: method process -> ignore=FALSE methodState=MAY_CONT decision=FAIL
06-20 13:08:56.882  1627  1627 D wpa_supplicant: EAP: EAP entering state SEND_RESPONSE
06-20 13:08:56.882  1627  1627 D wpa_supplicant: EAP: EAP entering state IDLE
06-20 13:08:56.882  1627  1627 D wpa_supplicant: EAPOL: SUPP_BE entering state RESPONSE
06-20 13:08:56.882  1627  1627 D wpa_supplicant: EAPOL: txSuppRsp
06-20 13:08:56.882  1627  1627 D wpa_supplicant: TX EAPOL: dst=d0:c2:82:66:6b:f0
06-20 13:08:56.882  1627  1627 D wpa_supplicant: EAPOL: SUPP_BE entering state RECEIVE
06-20 13:08:56.886  1627  1627 D wpa_supplicant: EAPOL: Received EAP-Packet frame
06-20 13:08:56.886  1627  1627 D wpa_supplicant: EAPOL: SUPP_BE entering state REQUEST
06-20 13:08:56.886  1627  1627 D wpa_supplicant: EAPOL: getSuppRsp
06-20 13:08:56.886  1627  1627 D wpa_supplicant: EAP: EAP entering state RECEIVED
06-20 13:08:56.886  1627  1627 D wpa_supplicant: EAP: Received EAP-Request id=10 method=25 vendor=0 vendorMethod=0
06-20 13:08:56.886  1627  1627 D wpa_supplicant: EAP: EAP entering state METHOD
06-20 13:08:56.886  1627  1627 D wpa_supplicant: SSL: Received packet(len=43) - Flags 0x00
06-20 13:08:56.886  1627  1627 D wpa_supplicant: EAP-PEAP: received 37 bytes encrypted data for Phase 2
06-20 13:08:56.886  1627  1627 D wpa_supplicant: EAP-PEAP: received Phase 2: code=1 identifier=10 length=5
06-20 13:08:56.886  1627  1627 D wpa_supplicant: EAP-PEAP: Phase 2 Request: type=1
06-20 13:08:56.886  1627  1627 D wpa_supplicant: SSL: 74 bytes left to be sent out (of total 74 bytes)
06-20 13:08:56.886  1627  1627 D wpa_supplicant: EAP: method process -> ignore=FALSE methodState=MAY_CONT decision=FAIL
06-20 13:08:56.886  1627  1627 D wpa_supplicant: EAP: EAP entering state SEND_RESPONSE
06-20 13:08:56.886  1627  1627 D wpa_supplicant: EAP: EAP entering state IDLE
06-20 13:08:56.886  1627  1627 D wpa_supplicant: EAPOL: SUPP_BE entering state RESPONSE
06-20 13:08:56.886  1627  1627 D wpa_supplicant: EAPOL: txSuppRsp
06-20 13:08:56.886  1627  1627 D wpa_supplicant: TX EAPOL: dst=d0:c2:82:66:6b:f0
06-20 13:08:56.886  1627  1627 D wpa_supplicant: EAPOL: SUPP_BE entering state RECEIVE
06-20 13:08:56.890  1627  1627 D wpa_supplicant: EAPOL: Received EAP-Packet frame
06-20 13:08:56.890  1627  1627 D wpa_supplicant: EAPOL: SUPP_BE entering state REQUEST
06-20 13:08:56.890  1627  1627 D wpa_supplicant: EAPOL: getSuppRsp
06-20 13:08:56.890  1627  1627 D wpa_supplicant: EAP: EAP entering state RECEIVED
06-20 13:08:56.890  1627  1627 D wpa_supplicant: EAP: Received EAP-Request id=11 method=25 vendor=0 vendorMethod=0
06-20 13:08:56.890  1627  1627 D wpa_supplicant: EAP: EAP entering state METHOD
06-20 13:08:56.890  1627  1627 D wpa_supplicant: SSL: Received packet(len=75) - Flags 0x00
06-20 13:08:56.890  1627  1627 D wpa_supplicant: EAP-PEAP: received 69 bytes encrypted data for Phase 2
06-20 13:08:56.890  1627  1627 D wpa_supplicant: EAP-PEAP: received Phase 2: code=1 identifier=11 length=32
06-20 13:08:56.890  1627  1627 D wpa_supplicant: EAP-PEAP: Phase 2 Request: type=26
06-20 13:08:56.890  1627  1627 D wpa_supplicant: EAP-PEAP: Selected Phase 2 EAP vendor 0 method 26
06-20 13:08:56.890  1627  1627 D wpa_supplicant: EAP-MSCHAPV2: RX identifier 11 mschapv2_id 11
06-20 13:08:56.890  1627  1627 D wpa_supplicant: EAP-MSCHAPV2: Received challenge
06-20 13:08:56.890  1627  1627 D wpa_supplicant: EAP-MSCHAPV2: Generating Challenge Response
06-20 13:08:56.894  1627  1627 D wpa_supplicant: EAP-MSCHAPV2: TX identifier 11 mschapv2_id 11 (response)
06-20 13:08:56.894  1627  1627 D wpa_supplicant: SSL: 138 bytes left to be sent out (of total 138 bytes)
06-20 13:08:56.894  1627  1627 D wpa_supplicant: EAP: method process -> ignore=FALSE methodState=MAY_CONT decision=FAIL
06-20 13:08:56.894  1627  1627 D wpa_supplicant: EAP: EAP entering state SEND_RESPONSE
06-20 13:08:56.894  1627  1627 D wpa_supplicant: EAP: EAP entering state IDLE
06-20 13:08:56.894  1627  1627 D wpa_supplicant: EAPOL: SUPP_BE entering state RESPONSE
06-20 13:08:56.894  1627  1627 D wpa_supplicant: EAPOL: txSuppRsp
06-20 13:08:56.894  1627  1627 D wpa_supplicant: TX EAPOL: dst=d0:c2:82:66:6b:f0
06-20 13:08:56.894  1627  1627 D wpa_supplicant: EAPOL: SUPP_BE entering state RECEIVE
06-20 13:08:57.015  1627  1627 D wpa_supplicant: EAPOL: Received EAP-Packet frame
06-20 13:08:57.015  1627  1627 D wpa_supplicant: EAPOL: SUPP_BE entering state REQUEST
06-20 13:08:57.015  1627  1627 D wpa_supplicant: EAPOL: getSuppRsp
06-20 13:08:57.015  1627  1627 D wpa_supplicant: EAP: EAP entering state RECEIVED
06-20 13:08:57.015  1627  1627 D wpa_supplicant: EAP: Received EAP-Request id=12 method=25 vendor=0 vendorMethod=0
06-20 13:08:57.015  1627  1627 D wpa_supplicant: EAP: EAP entering state METHOD
06-20 13:08:57.023  1627  1627 D wpa_supplicant: SSL: Received packet(len=43) - Flags 0x00
06-20 13:08:57.023  1627  1627 D wpa_supplicant: EAP-PEAP: received 37 bytes encrypted data for Phase 2
06-20 13:08:57.023  1627  1627 D wpa_supplicant: EAP-PEAP: received Phase 2: code=1 identifier=12 length=11
06-20 13:08:57.023  1627  1627 D wpa_supplicant: EAP-PEAP: Phase 2 Request: type=33
06-20 13:08:57.023  1627  1627 I wpa_supplicant: EAP-TLV: TLV Result - Failure
06-20 13:08:57.027  1627  1627 D wpa_supplicant: SSL: 74 bytes left to be sent out (of total 74 bytes)
06-20 13:08:57.027  1627  1627 D wpa_supplicant: EAP: method process -> ignore=FALSE methodState=DONE decision=FAIL
06-20 13:08:57.027  1627  1627 D wpa_supplicant: EAP: EAP entering state SEND_RESPONSE
06-20 13:08:57.027  1627  1627 D wpa_supplicant: EAP: EAP entering state IDLE
06-20 13:08:57.027  1627  1627 D wpa_supplicant: EAPOL: SUPP_BE entering state RESPONSE
06-20 13:08:57.027  1627  1627 D wpa_supplicant: EAPOL: txSuppRsp
06-20 13:08:57.027  1627  1627 D wpa_supplicant: TX EAPOL: dst=d0:c2:82:66:6b:f0
06-20 13:08:57.031  1627  1627 D wpa_supplicant: EAPOL: SUPP_BE entering state RECEIVE
06-20 13:08:57.746  1627  1627 D wpa_supplicant: EAPOL: startWhen --> 0
06-20 13:08:58.039  1627  1627 D wpa_supplicant: EAPOL: Received EAP-Packet frame
06-20 13:08:58.039  1627  1627 D wpa_supplicant: EAPOL: SUPP_BE entering state REQUEST
06-20 13:08:58.039  1627  1627 D wpa_supplicant: EAPOL: getSuppRsp
06-20 13:08:58.039  1627  1627 D wpa_supplicant: EAP: EAP entering state RECEIVED
06-20 13:08:58.039  1627  1627 D wpa_supplicant: EAP: Received EAP-Failure
06-20 13:08:58.039  1627  1627 D wpa_supplicant: EAP: EAP entering state FAILURE
06-20 13:08:58.039  1627  1627 I wpa_supplicant: wlan0: CTRL-EVENT-EAP-FAILURE EAP authentication failed
06-20 13:08:58.039  1627  1627 D wpa_supplicant: EAPOL: SUPP_PAE entering state HELD
06-20 13:08:58.039  1627  1627 D wpa_supplicant: EAPOL: Supplicant port status: Unauthorized
06-20 13:08:58.039  1627  1627 D wpa_supplicant: EAPOL: SUPP_BE entering state RECEIVE
06-20 13:08:58.039  1627  1627 D wpa_supplicant: EAPOL: SUPP_BE entering state FAIL
06-20 13:08:58.039  1627  1627 D wpa_supplicant: EAPOL: SUPP_BE entering state IDLE
06-20 13:08:58.039  1627  1627 D wpa_supplicant: EAPOL authentication completed unsuccessfully
06-20 13:08:59.000    82   122 D AudioHardware: AudioHardware pcm playback is going to standby.
06-20 13:08:59.000    82   122 D AudioHardware: closePcmOut_l() mPcmOpenCnt: 1
06-20 13:08:59.300   151   317 D Tethering: MasterInitialState.processMessage what=3
06-20 13:08:59.363   151   317 D Tethering: MasterInitialState.processMessage what=3
06-20 13:08:59.406  1168  1200 D PicasaSyncManager: active network: NetworkInfo: type: mobile[CDMA - EvDo rev. A], state: CONNECTED/CONNECTED, reason: (unspecified), extra: , roaming: false, failover: false, isAvailable: true
06-20 13:08:59.406  1168  1200 D PicasaSyncManager: background data: true
06-20 13:08:59.492  2567  2567 I MediaUploader: No need to wake up
06-20 13:08:59.496  1271  1271 I PhoneLab-WiFiReceiver: Wi-Fi is disconnected!
06-20 13:08:59.539  1168  1200 D PicasaSyncManager: active network: NetworkInfo: type: mobile[CDMA - EvDo rev. A], state: CONNECTED/CONNECTED, reason: (unspecified), extra: , roaming: false, failover: false, isAvailable: true
06-20 13:08:59.550  1168  1200 D PicasaSyncManager: background data: true
06-20 13:08:59.550  2567  2567 I MediaUploader: No need to wake up
06-20 13:08:59.914   151   314 D ConnectivityService: handleInetConditionHoldEnd: net=0, condition=100, published condition=100
06-20 13:09:00.039  1627  1627 I wpa_supplicant: wlan0: Authentication with d0:c2:82:66:6b:f0 timed out.
06-20 13:09:00.039  1627  1627 D wpa_supplicant: Added BSSID d0:c2:82:66:6b:f0 into blacklist
06-20 13:09:00.039  1627  1627 D wpa_supplicant: wpa_driver_wext_disassociate
06-20 13:09:00.058  1627  1627 D wpa_supplicant: wpa_driver_wext_set_operstate: operstate 0->0 (DORMANT)
06-20 13:09:00.058  1627  1627 D wpa_supplicant: netlink: Operstate: linkmode=-1, operstate=5
06-20 13:09:00.066  1627  1627 D wpa_supplicant: EAPOL: External notification - portEnabled=0
06-20 13:09:00.066  1627  1627 D wpa_supplicant: EAPOL: SUPP_PAE entering state DISCONNECTED
06-20 13:09:00.066  1627  1627 D wpa_supplicant: EAPOL: Supplicant port status: Unauthorized
06-20 13:09:00.066  1627  1627 D wpa_supplicant: EAPOL: SUPP_BE entering state INITIALIZE
06-20 13:09:00.066  1627  1627 D wpa_supplicant: EAP: EAP entering state DISABLED
06-20 13:09:00.066  1627  1627 D wpa_supplicant: EAPOL: Supplicant port status: Unauthorized
06-20 13:09:00.066  1627  1627 D wpa_supplicant: EAPOL: External notification - portValid=0
06-20 13:09:00.066  1627  1627 D wpa_supplicant: EAPOL: Supplicant port status: Unauthorized
06-20 13:09:00.066  1627  1627 D wpa_supplicant: RTM_NEWLINK: operstate=0 ifi_flags=0x11003 ([UP][LOWER_UP])
06-20 13:09:00.066  1627  1627 D wpa_supplicant: RTM_NEWLINK, IFLA_IFNAME: Interface 'wlan0' added
06-20 13:09:00.066  1627  1627 D wpa_supplicant: Wireless event: cmd=0x8c02 len=27
06-20 13:09:00.086  1627  1627 D wpa_supplicant: RTM_NEWLINK: operstate=0 ifi_flags=0x11003 ([UP][LOWER_UP])
06-20 13:09:00.086  1627  1627 D wpa_supplicant: RTM_NEWLINK, IFLA_IFNAME: Interface 'wlan0' added
06-20 13:09:00.086  1627  1627 D wpa_supplicant: Wireless event: cmd=0x8b15 len=20
06-20 13:09:00.086  1627  1627 D wpa_supplicant: Wireless event: new AP: 00:00:00:00:00:00
06-20 13:09:00.086  1627  1627 D wpa_supplicant: Added BSSID 00:00:00:00:00:00 into blacklist
06-20 13:09:00.086  1627  1627 I wpa_supplicant: wlan0: CTRL-EVENT-DISCONNECTED bssid=00:00:00:00:00:00 reason=0
06-20 13:09:00.086  1627  1627 D wpa_supplicant: wpa_driver_wext_set_key: alg=0 key_idx=0 set_tx=0 seq_len=0 key_len=0
06-20 13:09:00.097  1627  1627 D wpa_supplicant: wpa_driver_wext_set_key: alg=0 key_idx=1 set_tx=0 seq_len=0 key_len=0
06-20 13:09:00.101  1627  1627 D wpa_supplicant: wpa_driver_wext_set_key: alg=0 key_idx=2 set_tx=0 seq_len=0 key_len=0
06-20 13:09:00.109  1627  1627 D wpa_supplicant: wpa_driver_wext_set_key: alg=0 key_idx=3 set_tx=0 seq_len=0 key_len=0
06-20 13:09:00.109  1627  1627 D wpa_supplicant: wpa_driver_wext_set_key: alg=0 key_idx=0 set_tx=0 seq_len=0 key_len=0
06-20 13:09:00.109  1627  1627 D wpa_supplicant: wpa_driver_wext_set_operstate: operstate 0->0 (DORMANT)
06-20 13:09:00.109  1627  1627 D wpa_supplicant: netlink: Operstate: linkmode=-1, operstate=5
06-20 13:09:00.109  1627  1627 D wpa_supplicant: EAPOL: External notification - portEnabled=0
06-20 13:09:00.109  1627  1627 D wpa_supplicant: EAPOL: Supplicant port status: Unauthorized
06-20 13:09:00.109  1627  1627 D wpa_supplicant: EAPOL: External notification - portValid=0
06-20 13:09:00.109  1627  1627 D wpa_supplicant: EAPOL: Supplicant port status: Unauthorized
06-20 13:09:00.183  1627  1627 D wpa_supplicant: WPS: Building WPS IE for Probe Request
06-20 13:09:00.183  1627  1627 D wpa_supplicant: WPS:  * Version (hardcoded 0x10)
06-20 13:09:00.183  1627  1627 D wpa_supplicant: WPS:  * Request Type
06-20 13:09:00.183  1627  1627 D wpa_supplicant: WPS:  * Config Methods (2388)
06-20 13:09:00.183  1627  1627 D wpa_supplicant: WPS:  * UUID-E
06-20 13:09:00.183  1627  1627 D wpa_supplicant: WPS:  * Primary Device Type
06-20 13:09:00.183  1627  1627 D wpa_supplicant: WPS:  * RF Bands (3)
06-20 13:09:00.183  1627  1627 D wpa_supplicant: WPS:  * Association State
06-20 13:09:00.183  1627  1627 D wpa_supplicant: WPS:  * Configuration Error (0)
06-20 13:09:00.183  1627  1627 D wpa_supplicant: WPS:  * Device Password ID (0)
06-20 13:09:00.183  1627  1627 D wpa_supplicant: WPS:  * Manufacturer
06-20 13:09:00.183  1627  1627 D wpa_supplicant: WPS:  * Model Name
06-20 13:09:00.183  1627  1627 D wpa_supplicant: WPS:  * Model Number
06-20 13:09:00.183  1627  1627 D wpa_supplicant: WPS:  * Device Name
06-20 13:09:00.183  1627  1627 D wpa_supplicant: WPS:  * Version2 (0x20)
06-20 13:09:00.183  1627  1627 D wpa_supplicant: wpa_driver_wext_combo_scan: Start
06-20 13:09:00.183  1627  1627 D wpa_supplicant: For Scan: (null)
06-20 13:09:00.191  1627  1627 D wpa_supplicant: Scan requested (ret=0) - scan timeout 30 seconds
06-20 13:09:00.675  1627  1627 D wpa_supplicant: RTM_NEWLINK: operstate=0 ifi_flags=0x11003 ([UP][LOWER_UP])
06-20 13:09:00.675  1627  1627 D wpa_supplicant: RTM_NEWLINK, IFLA_IFNAME: Interface 'wlan0' added
06-20 13:09:00.675  1627  1627 D wpa_supplicant: Wireless event: cmd=0x8b19 len=8
06-20 13:09:00.675  1627  1627 D wpa_supplicant: Received 1974 bytes of scan results (10 BSSes)
06-20 13:09:00.695  1627  1627 D wpa_supplicant: wlan0: Request association: reassociate: 1  selected: d0:c2:82:2d:e4:b0  bssid: 00:00:00:00:00:00  pending: 00:00:00:00:00:00  wpa_state: SCANNING
06-20 13:09:00.707  1627  1627 I wpa_supplicant: wlan0: Trying to associate with d0:c2:82:2d:e4:b0 (SSID='UB_Secure' freq=2412 MHz)
06-20 13:09:00.707  1627  1627 D wpa_supplicant: wpa_driver_wext_set_operstate: operstate 0->0 (DORMANT)
06-20 13:09:00.711  1627  1627 D wpa_supplicant: netlink: Operstate: linkmode=-1, operstate=5
06-20 13:09:00.718  1627  1627 D wpa_supplicant: wpa_driver_wext_associate
06-20 13:09:00.718  1627  1627 D wpa_supplicant: wpa_driver_wext_set_drop_unencrypted
06-20 13:09:00.722  1627  1627 D wpa_supplicant: wpa_driver_wext_set_psk
06-20 13:09:00.851  1627  1627 D wpa_supplicant: EAPOL: External notification - EAP success=0
06-20 13:09:00.851  1627  1627 D wpa_supplicant: EAPOL: Supplicant port status: Unauthorized
06-20 13:09:00.855  1627  1627 D wpa_supplicant: EAPOL: External notification - EAP fail=0
06-20 13:09:00.855  1627  1627 D wpa_supplicant: EAPOL: Supplicant port status: Unauthorized
06-20 13:09:00.855  1627  1627 D wpa_supplicant: EAPOL: External notification - portControl=Auto
06-20 13:09:00.859  1627  1627 D wpa_supplicant: EAPOL: Supplicant port status: Unauthorized
06-20 13:09:00.859  1627  1627 D wpa_supplicant: RSN: Ignored PMKID candidate without preauth flag
06-20 13:09:00.859  1627  1627 D wpa_supplicant: RSN: Ignored PMKID candidate without preauth flag
06-20 13:09:00.859  1627  1627 D wpa_supplicant: RTM_NEWLINK: operstate=0 ifi_flags=0x11003 ([UP][LOWER_UP])
06-20 13:09:00.859  1627  1627 D wpa_supplicant: RTM_NEWLINK, IFLA_IFNAME: Interface 'wlan0' added
06-20 13:09:00.859  1627  1627 D wpa_supplicant: Wireless event: cmd=0x8b06 len=8
06-20 13:09:00.859  1627  1627 D wpa_supplicant: RTM_NEWLINK: operstate=0 ifi_flags=0x11003 ([UP][LOWER_UP])
06-20 13:09:00.859  1627  1627 D wpa_supplicant: RTM_NEWLINK, IFLA_IFNAME: Interface 'wlan0' added
06-20 13:09:00.859  1627  1627 D wpa_supplicant: Wireless event: cmd=0x8b04 len=12
06-20 13:09:00.859  1627  1627 D wpa_supplicant: RTM_NEWLINK: operstate=0 ifi_flags=0x11003 ([UP][LOWER_UP])
06-20 13:09:00.859  1627  1627 D wpa_supplicant: RTM_NEWLINK, IFLA_IFNAME: Interface 'wlan0' added
06-20 13:09:00.859  1627  1627 D wpa_supplicant: Wireless event: cmd=0x8b1a len=17
06-20 13:09:00.859  1627  1627 D wpa_supplicant: EAPOL: Supplicant port status: Unauthorized
06-20 13:09:00.898  1627  1627 D wpa_supplicant: RTM_NEWLINK: operstate=0 ifi_flags=0x11003 ([UP][LOWER_UP])
06-20 13:09:00.898  1627  1627 D wpa_supplicant: RTM_NEWLINK, IFLA_IFNAME: Interface 'wlan0' added
06-20 13:09:00.898  1627  1627 D wpa_supplicant: Wireless event: cmd=0x8b15 len=20
06-20 13:09:00.898  1627  1627 D wpa_supplicant: Wireless event: new AP: d0:c2:82:2d:e4:b0
06-20 13:09:00.898  1627  1627 D wpa_supplicant: wpa_driver_wext_set_operstate: operstate 0->0 (DORMANT)
06-20 13:09:00.898  1627  1627 D wpa_supplicant: netlink: Operstate: linkmode=-1, operstate=5
06-20 13:09:00.906  1627  1627 I wpa_supplicant: wlan0: Associated with d0:c2:82:2d:e4:b0
06-20 13:09:00.906  1627  1627 D wpa_supplicant: EAPOL: External notification - portEnabled=0
06-20 13:09:00.906  1627  1627 D wpa_supplicant: EAPOL: Supplicant port status: Unauthorized
06-20 13:09:00.906  1627  1627 D wpa_supplicant: EAPOL: External notification - portValid=0
06-20 13:09:00.906  1627  1627 D wpa_supplicant: EAPOL: Supplicant port status: Unauthorized
06-20 13:09:00.910  1627  1627 D wpa_supplicant: EAPOL: External notification - portEnabled=1
06-20 13:09:00.910  1627  1627 D wpa_supplicant: EAPOL: SUPP_PAE entering state CONNECTING
06-20 13:09:00.910  1627  1627 D wpa_supplicant: EAPOL: SUPP_BE entering state IDLE
06-20 13:09:00.910  1627  1627 D wpa_supplicant: EAP: EAP entering state INITIALIZE
06-20 13:09:00.910  1627  1627 D wpa_supplicant: EAP: deinitialize previously used EAP method (25, PEAP) at INITIALIZE
06-20 13:09:00.918  1627  1627 D wpa_supplicant: EAP: EAP entering state IDLE
06-20 13:09:00.918  1627  1627 D wpa_supplicant: EAPOL: Received EAP-Packet frame
06-20 13:09:00.918  1627  1627 D wpa_supplicant: EAPOL: SUPP_PAE entering state RESTART
06-20 13:09:00.918  1627  1627 D wpa_supplicant: EAP: EAP entering state INITIALIZE
06-20 13:09:00.918  1627  1627 D wpa_supplicant: EAP: EAP entering state IDLE
06-20 13:09:00.918  1627  1627 D wpa_supplicant: EAPOL: SUPP_PAE entering state AUTHENTICATING
06-20 13:09:00.918  1627  1627 D wpa_supplicant: EAPOL: SUPP_BE entering state REQUEST
06-20 13:09:00.918  1627  1627 D wpa_supplicant: EAPOL: getSuppRsp
06-20 13:09:00.918  1627  1627 D wpa_supplicant: EAP: EAP entering state RECEIVED
06-20 13:09:00.918  1627  1627 D wpa_supplicant: EAP: Received EAP-Request id=1 method=1 vendor=0 vendorMethod=0
06-20 13:09:00.918  1627  1627 D wpa_supplicant: EAP: EAP entering state IDENTITY
06-20 13:09:00.918  1627  1627 I wpa_supplicant: wlan0: CTRL-EVENT-EAP-STARTED EAP authentication started
06-20 13:09:00.922  1627  1627 D wpa_supplicant: EAP: EAP entering state SEND_RESPONSE
06-20 13:09:00.922  1627  1627 D wpa_supplicant: EAP: EAP entering state IDLE
06-20 13:09:00.922  1627  1627 D wpa_supplicant: EAPOL: SUPP_BE entering state RESPONSE
06-20 13:09:00.922  1627  1627 D wpa_supplicant: EAPOL: txSuppRsp
06-20 13:09:00.922  1627  1627 D wpa_supplicant: TX EAPOL: dst=d0:c2:82:2d:e4:b0
06-20 13:09:00.922  1627  1627 D wpa_supplicant: EAPOL: SUPP_BE entering state RECEIVE
06-20 13:09:00.925  1627  1627 D wpa_supplicant: EAPOL: Received EAP-Packet frame
06-20 13:09:00.925  1627  1627 D wpa_supplicant: EAPOL: SUPP_BE entering state REQUEST
06-20 13:09:00.925  1627  1627 D wpa_supplicant: EAPOL: getSuppRsp
06-20 13:09:00.925  1627  1627 D wpa_supplicant: EAP: EAP entering state RECEIVED
06-20 13:09:00.925  1627  1627 D wpa_supplicant: EAP: Received EAP-Request id=2 method=4 vendor=0 vendorMethod=0
06-20 13:09:00.925  1627  1627 D wpa_supplicant: EAP: EAP entering state GET_METHOD
06-20 13:09:00.925  1627  1627 D wpa_supplicant: EAP: configuration does not allow: vendor 0 method 4
06-20 13:09:00.925  1627  1627 D wpa_supplicant: EAP: vendor 0 method 4 not allowed
06-20 13:09:00.925  1627  1627 I wpa_supplicant: wlan0: CTRL-EVENT-EAP-PROPOSED-METHOD vendor=0 method=4 -> NAK
06-20 13:09:00.925  1627  1627 D wpa_supplicant: EAP: Building EAP-Nak (requested type 4 vendor=0 method=0 not allowed)
06-20 13:09:00.925  1627  1627 D wpa_supplicant: EAP: EAP entering state SEND_RESPONSE
06-20 13:09:00.925  1627  1627 D wpa_supplicant: EAP: EAP entering state IDLE
06-20 13:09:00.925  1627  1627 D wpa_supplicant: EAPOL: SUPP_BE entering state RESPONSE
06-20 13:09:00.925  1627  1627 D wpa_supplicant: EAPOL: txSuppRsp
06-20 13:09:00.925  1627  1627 D wpa_supplicant: TX EAPOL: dst=d0:c2:82:2d:e4:b0
06-20 13:09:00.925  1627  1627 D wpa_supplicant: EAPOL: SUPP_BE entering state RECEIVE
06-20 13:09:00.929  1627  1627 D wpa_supplicant: EAPOL: Received EAP-Packet frame
06-20 13:09:00.929  1627  1627 D wpa_supplicant: EAPOL: SUPP_BE entering state REQUEST
06-20 13:09:00.929  1627  1627 D wpa_supplicant: EAPOL: getSuppRsp
06-20 13:09:00.929  1627  1627 D wpa_supplicant: EAP: EAP entering state RECEIVED
06-20 13:09:00.929  1627  1627 D wpa_supplicant: EAP: Received EAP-Request id=3 method=25 vendor=0 vendorMethod=0
06-20 13:09:00.929  1627  1627 D wpa_supplicant: EAP: EAP entering state GET_METHOD
06-20 13:09:00.929  1627  1627 I wpa_supplicant: wlan0: CTRL-EVENT-EAP-PROPOSED-METHOD vendor=0 method=25
06-20 13:09:00.929  1627  1627 D wpa_supplicant: EAP: Initialize selected EAP method: vendor 0 method 25 (PEAP)
06-20 13:09:00.929  1627  1627 D wpa_supplicant: TLS: using phase1 config options
06-20 13:09:00.929  1627  1627 I wpa_supplicant: wlan0: CTRL-EVENT-EAP-METHOD EAP vendor 0 method 25 (PEAP) selected
06-20 13:09:00.929  1627  1627 D wpa_supplicant: EAP: EAP entering state METHOD
06-20 13:09:00.929  1627  1627 D wpa_supplicant: SSL: Received packet(len=6) - Flags 0x20
06-20 13:09:00.929  1627  1627 D wpa_supplicant: EAP-PEAP: Start (server ver=0, own ver=1)
06-20 13:09:00.929  1627  1627 D wpa_supplicant: EAP-PEAP: Using PEAP version 0
06-20 13:09:00.929  1627  1627 D wpa_supplicant: SSL: (where=0x10 ret=0x1)
06-20 13:09:00.929  1627  1627 D wpa_supplicant: SSL: (where=0x1001 ret=0x1)
06-20 13:09:00.929  1627  1627 D wpa_supplicant: SSL: SSL_connect:before/connect initialization
06-20 13:09:00.929  1627  1627 D wpa_supplicant: SSL: (where=0x1001 ret=0x1)
06-20 13:09:00.929  1627  1627 D wpa_supplicant: SSL: SSL_connect:SSLv3 write client hello A
06-20 13:09:00.929  1627  1627 D wpa_supplicant: SSL: (where=0x1002 ret=0xffffffff)
06-20 13:09:00.929  1627  1627 D wpa_supplicant: SSL: SSL_connect:error in SSLv3 read server hello A
06-20 13:09:00.929  1627  1627 D wpa_supplicant: SSL: SSL_connect - want more data
06-20 13:09:00.929  1627  1627 D wpa_supplicant: SSL: 190 bytes pending from ssl_out
06-20 13:09:00.929  1627  1627 D wpa_supplicant: SSL: 190 bytes left to be sent out (of total 190 bytes)
06-20 13:09:00.929  1627  1627 D wpa_supplicant: EAP: method process -> ignore=FALSE methodState=MAY_CONT decision=FAIL
06-20 13:09:00.929  1627  1627 D wpa_supplicant: EAP: EAP entering state SEND_RESPONSE
06-20 13:09:00.929  1627  1627 D wpa_supplicant: EAP: EAP entering state IDLE
06-20 13:09:00.929  1627  1627 D wpa_supplicant: EAPOL: SUPP_BE entering state RESPONSE
06-20 13:09:00.929  1627  1627 D wpa_supplicant: EAPOL: txSuppRsp
06-20 13:09:00.929  1627  1627 D wpa_supplicant: TX EAPOL: dst=d0:c2:82:2d:e4:b0
06-20 13:09:00.929  1627  1627 D wpa_supplicant: EAPOL: SUPP_BE entering state RECEIVE
06-20 13:09:00.949  1627  1627 D wpa_supplicant: RTM_NEWLINK: operstate=0 ifi_flags=0x11003 ([UP][LOWER_UP])
06-20 13:09:00.949  1627  1627 D wpa_supplicant: RTM_NEWLINK, IFLA_IFNAME: Interface 'wlan0' added
06-20 13:09:00.949  1627  1627 D wpa_supplicant: Wireless event: cmd=0x8c03 len=20
06-20 13:09:00.949  1627  1627 D wpa_supplicant: RTM_NEWLINK: operstate=0 ifi_flags=0x11003 ([UP][LOWER_UP])
06-20 13:09:00.949  1627  1627 D wpa_supplicant: RTM_NEWLINK, IFLA_IFNAME: Interface 'wlan0' added
06-20 13:09:00.949  1627  1627 D wpa_supplicant: Wireless event: cmd=0x8c02 len=26
06-20 13:09:00.968  1627  1627 D wpa_supplicant: EAPOL: Received EAP-Packet frame
06-20 13:09:00.968  1627  1627 D wpa_supplicant: EAPOL: SUPP_BE entering state REQUEST
06-20 13:09:00.968  1627  1627 D wpa_supplicant: EAPOL: getSuppRsp
06-20 13:09:00.968  1627  1627 D wpa_supplicant: EAP: EAP entering state RECEIVED
06-20 13:09:00.968  1627  1627 D wpa_supplicant: EAP: Received EAP-Request id=4 method=25 vendor=0 vendorMethod=0
06-20 13:09:00.968  1627  1627 D wpa_supplicant: EAP: EAP entering state METHOD
06-20 13:09:00.968  1627  1627 D wpa_supplicant: SSL: Received packet(len=1024) - Flags 0xc0
06-20 13:09:00.968  1627  1627 D wpa_supplicant: SSL: TLS Message Length: 4310
06-20 13:09:00.968  1627  1627 D wpa_supplicant: SSL: Need 3296 bytes more input data
06-20 13:09:00.968  1627  1627 D wpa_supplicant: SSL: Building ACK (type=25 id=4 ver=0)
06-20 13:09:00.968  1627  1627 D wpa_supplicant: EAP: method process -> ignore=FALSE methodState=MAY_CONT decision=FAIL
06-20 13:09:00.968  1627  1627 D wpa_supplicant: EAP: EAP entering state SEND_RESPONSE
06-20 13:09:00.968  1627  1627 D wpa_supplicant: EAP: EAP entering state IDLE
06-20 13:09:00.968  1627  1627 D wpa_supplicant: EAPOL: SUPP_BE entering state RESPONSE
06-20 13:09:00.968  1627  1627 D wpa_supplicant: EAPOL: txSuppRsp
06-20 13:09:00.968  1627  1627 D wpa_supplicant: TX EAPOL: dst=d0:c2:82:2d:e4:b0
06-20 13:09:00.968  1627  1627 D wpa_supplicant: EAPOL: SUPP_BE entering state RECEIVE
06-20 13:09:00.972  1627  1627 D wpa_supplicant: EAPOL: Received EAP-Packet frame
06-20 13:09:00.972  1627  1627 D wpa_supplicant: EAPOL: SUPP_BE entering state REQUEST
06-20 13:09:00.972  1627  1627 D wpa_supplicant: EAPOL: getSuppRsp
06-20 13:09:00.972  1627  1627 D wpa_supplicant: EAP: EAP entering state RECEIVED
06-20 13:09:00.972  1627  1627 D wpa_supplicant: EAP: Received EAP-Request id=5 method=25 vendor=0 vendorMethod=0
06-20 13:09:00.972  1627  1627 D wpa_supplicant: EAP: EAP entering state METHOD
06-20 13:09:00.972  1627  1627 D wpa_supplicant: SSL: Received packet(len=1020) - Flags 0x40
06-20 13:09:00.972  1627  1627 D wpa_supplicant: SSL: Need 2282 bytes more input data
06-20 13:09:00.972  1627  1627 D wpa_supplicant: SSL: Building ACK (type=25 id=5 ver=0)
06-20 13:09:00.972  1627  1627 D wpa_supplicant: EAP: method process -> ignore=FALSE methodState=MAY_CONT decision=FAIL
06-20 13:09:00.972  1627  1627 D wpa_supplicant: EAP: EAP entering state SEND_RESPONSE
06-20 13:09:00.972  1627  1627 D wpa_supplicant: EAP: EAP entering state IDLE
06-20 13:09:00.972  1627  1627 D wpa_supplicant: EAPOL: SUPP_BE entering state RESPONSE
06-20 13:09:00.972  1627  1627 D wpa_supplicant: EAPOL: txSuppRsp
06-20 13:09:00.972  1627  1627 D wpa_supplicant: TX EAPOL: dst=d0:c2:82:2d:e4:b0
06-20 13:09:00.972  1627  1627 D wpa_supplicant: EAPOL: SUPP_BE entering state RECEIVE
06-20 13:09:00.976  1627  1627 D wpa_supplicant: EAPOL: Received EAP-Packet frame
06-20 13:09:00.976  1627  1627 D wpa_supplicant: EAPOL: SUPP_BE entering state REQUEST
06-20 13:09:00.976  1627  1627 D wpa_supplicant: EAPOL: getSuppRsp
06-20 13:09:00.976  1627  1627 D wpa_supplicant: EAP: EAP entering state RECEIVED
06-20 13:09:00.976  1627  1627 D wpa_supplicant: EAP: Received EAP-Request id=6 method=25 vendor=0 vendorMethod=0
06-20 13:09:00.976  1627  1627 D wpa_supplicant: EAP: EAP entering state METHOD
06-20 13:09:00.976  1627  1627 D wpa_supplicant: SSL: Received packet(len=1020) - Flags 0x40
06-20 13:09:00.976  1627  1627 D wpa_supplicant: SSL: Need 1268 bytes more input data
06-20 13:09:00.976  1627  1627 D wpa_supplicant: SSL: Building ACK (type=25 id=6 ver=0)
06-20 13:09:00.976  1627  1627 D wpa_supplicant: EAP: method process -> ignore=FALSE methodState=MAY_CONT decision=FAIL
06-20 13:09:00.976  1627  1627 D wpa_supplicant: EAP: EAP entering state SEND_RESPONSE
06-20 13:09:00.976  1627  1627 D wpa_supplicant: EAP: EAP entering state IDLE
06-20 13:09:00.976  1627  1627 D wpa_supplicant: EAPOL: SUPP_BE entering state RESPONSE
06-20 13:09:00.976  1627  1627 D wpa_supplicant: EAPOL: txSuppRsp
06-20 13:09:00.976  1627  1627 D wpa_supplicant: TX EAPOL: dst=d0:c2:82:2d:e4:b0
06-20 13:09:00.976  1627  1627 D wpa_supplicant: EAPOL: SUPP_BE entering state RECEIVE
06-20 13:09:00.984  1627  1627 D wpa_supplicant: EAPOL: Received EAP-Packet frame
06-20 13:09:00.984  1627  1627 D wpa_supplicant: EAPOL: SUPP_BE entering state REQUEST
06-20 13:09:00.984  1627  1627 D wpa_supplicant: EAPOL: getSuppRsp
06-20 13:09:00.984  1627  1627 D wpa_supplicant: EAP: EAP entering state RECEIVED
06-20 13:09:00.984  1627  1627 D wpa_supplicant: EAP: Received EAP-Request id=7 method=25 vendor=0 vendorMethod=0
06-20 13:09:00.984  1627  1627 D wpa_supplicant: EAP: EAP entering state METHOD
06-20 13:09:00.984  1627  1627 D wpa_supplicant: SSL: Received packet(len=1020) - Flags 0x40
06-20 13:09:00.984  1627  1627 D wpa_supplicant: SSL: Need 254 bytes more input data
06-20 13:09:00.984  1627  1627 D wpa_supplicant: SSL: Building ACK (type=25 id=7 ver=0)
06-20 13:09:00.984  1627  1627 D wpa_supplicant: EAP: method process -> ignore=FALSE methodState=MAY_CONT decision=FAIL
06-20 13:09:00.984  1627  1627 D wpa_supplicant: EAP: EAP entering state SEND_RESPONSE
06-20 13:09:00.984  1627  1627 D wpa_supplicant: EAP: EAP entering state IDLE
06-20 13:09:00.984  1627  1627 D wpa_supplicant: EAPOL: SUPP_BE entering state RESPONSE
06-20 13:09:00.984  1627  1627 D wpa_supplicant: EAPOL: txSuppRsp
06-20 13:09:00.984  1627  1627 D wpa_supplicant: TX EAPOL: dst=d0:c2:82:2d:e4:b0
06-20 13:09:00.984  1627  1627 D wpa_supplicant: EAPOL: SUPP_BE entering state RECEIVE
06-20 13:09:00.988  1627  1627 D wpa_supplicant: EAPOL: Received EAP-Packet frame
06-20 13:09:00.988  1627  1627 D wpa_supplicant: EAPOL: SUPP_BE entering state REQUEST
06-20 13:09:00.988  1627  1627 D wpa_supplicant: EAPOL: getSuppRsp
06-20 13:09:00.988  1627  1627 D wpa_supplicant: EAP: EAP entering state RECEIVED
06-20 13:09:00.988  1627  1627 D wpa_supplicant: EAP: Received EAP-Request id=8 method=25 vendor=0 vendorMethod=0
06-20 13:09:00.988  1627  1627 D wpa_supplicant: EAP: EAP entering state METHOD
06-20 13:09:00.988  1627  1627 D wpa_supplicant: SSL: Received packet(len=260) - Flags 0x00
06-20 13:09:00.988  1627  1627 D wpa_supplicant: SSL: (where=0x1001 ret=0x1)
06-20 13:09:00.988  1627  1627 D wpa_supplicant: SSL: SSL_connect:SSLv3 read server hello A
06-20 13:09:00.992  1627  1627 D wpa_supplicant: TLS: tls_verify_cb - preverify_ok=1 err=19 (self signed certificate in certificate chain) ca_cert_verify=0 depth=2 buf='/C=US/O=Entrust.net/OU=www.entrust.net/CPS incorp. by ref. (limits liab.)/OU=(c) 1999 Entrust.net Limited/CN=Entrust.net Secure Server Certification Authority'
06-20 13:09:00.992  1627  1627 I wpa_supplicant: wlan0: CTRL-EVENT-EAP-PEER-CERT depth=2 subject='/C=US/O=Entrust.net/OU=www.entrust.net/CPS incorp. by ref. (limits liab.)/OU=(c) 1999 Entrust.net Limited/CN=Entrust.net Secure Server Certification Authority'
06-20 13:09:00.992  1627  1627 D wpa_supplicant: TLS: tls_verify_cb - preverify_ok=1 err=19 (self signed certificate in certificate chain) ca_cert_verify=0 depth=2 buf='/C=US/O=Entrust.net/OU=www.entrust.net/CPS incorp. by ref. (limits liab.)/OU=(c) 1999 Entrust.net Limited/CN=Entrust.net Secure Server Certification Authority'
06-20 13:09:00.992  1627  1627 I wpa_supplicant: wlan0: CTRL-EVENT-EAP-PEER-CERT depth=2 subject='/C=US/O=Entrust.net/OU=www.entrust.net/CPS incorp. by ref. (limits liab.)/OU=(c) 1999 Entrust.net Limited/CN=Entrust.net Secure Server Certification Authority'
06-20 13:09:00.992  1627  1627 D wpa_supplicant: TLS: tls_verify_cb - preverify_ok=1 err=19 (self signed certificate in certificate chain) ca_cert_verify=0 depth=1 buf='/C=US/ST=UT/L=Salt Lake City/O=The USERTRUST Network/CN=USERTrust Legacy Secure Server CA'
06-20 13:09:00.992  1627  1627 I wpa_supplicant: wlan0: CTRL-EVENT-EAP-PEER-CERT depth=1 subject='/C=US/ST=UT/L=Salt Lake City/O=The USERTRUST Network/CN=USERTrust Legacy Secure Server CA'
06-20 13:09:00.996  1627  1627 D wpa_supplicant: TLS: tls_verify_cb - preverify_ok=1 err=19 (self signed certificate in certificate chain) ca_cert_verify=0 depth=0 buf='/C=US/postalCode=14260/ST=New York/L=Buffalo/street=305 Computing Center/O=SUNY AT BUFFALO/OU=Issued through UNIVERSITY AT BUFFALO E-PKI Manager/OU=Comodo PremiumSSL Legacy/CN=radius2.cit.buffalo.edu'
06-20 13:09:00.996  1627  1627 I wpa_supplicant: wlan0: CTRL-EVENT-EAP-PEER-CERT depth=0 subject='/C=US/postalCode=14260/ST=New York/L=Buffalo/street=305 Computing Center/O=SUNY AT BUFFALO/OU=Issued through UNIVERSITY AT BUFFALO E-PKI Manager/OU=Comodo PremiumSSL Legacy/CN=radius2.cit.buffalo.edu'
06-20 13:09:01.000  1627  1627 D wpa_supplicant: SSL: (where=0x1001 ret=0x1)
06-20 13:09:01.000  1627  1627 D wpa_supplicant: SSL: SSL_connect:SSLv3 read server certificate A
06-20 13:09:01.007  1627  1627 D wpa_supplicant: SSL: (where=0x1001 ret=0x1)
06-20 13:09:01.007  1627  1627 D wpa_supplicant: SSL: SSL_connect:SSLv3 read server key exchange A
06-20 13:09:01.007  1627  1627 D wpa_supplicant: SSL: (where=0x1001 ret=0x1)
06-20 13:09:01.007  1627  1627 D wpa_supplicant: SSL: SSL_connect:SSLv3 read server done A
06-20 13:09:01.039  1627  1627 D wpa_supplicant: SSL: (where=0x1001 ret=0x1)
06-20 13:09:01.039  1627  1627 D wpa_supplicant: SSL: SSL_connect:SSLv3 write client key exchange A
06-20 13:09:01.043  1627  1627 D wpa_supplicant: SSL: (where=0x1001 ret=0x1)
06-20 13:09:01.043  1627  1627 D wpa_supplicant: SSL: SSL_connect:SSLv3 write change cipher spec A
06-20 13:09:01.043  1627  1627 D wpa_supplicant: SSL: (where=0x1001 ret=0x1)
06-20 13:09:01.043  1627  1627 D wpa_supplicant: SSL: SSL_connect:SSLv3 write finished A
06-20 13:09:01.043  1627  1627 D wpa_supplicant: SSL: (where=0x1001 ret=0x1)
06-20 13:09:01.043  1627  1627 D wpa_supplicant: SSL: SSL_connect:SSLv3 flush data
06-20 13:09:01.047  1627  1627 D wpa_supplicant: SSL: (where=0x1002 ret=0xffffffff)
06-20 13:09:01.047  1627  1627 D wpa_supplicant: SSL: SSL_connect:error in SSLv3 read server session ticket A
06-20 13:09:01.047  1627  1627 D wpa_supplicant: SSL: SSL_connect - want more data
06-20 13:09:01.047  1627  1627 D wpa_supplicant: SSL: 134 bytes pending from ssl_out
06-20 13:09:01.047  1627  1627 D wpa_supplicant: SSL: 134 bytes left to be sent out (of total 134 bytes)
06-20 13:09:01.047  1627  1627 D wpa_supplicant: EAP: method process -> ignore=FALSE methodState=MAY_CONT decision=FAIL
06-20 13:09:01.047  1627  1627 D wpa_supplicant: EAP: EAP entering state SEND_RESPONSE
06-20 13:09:01.047  1627  1627 D wpa_supplicant: EAP: EAP entering state IDLE
06-20 13:09:01.047  1627  1627 D wpa_supplicant: EAPOL: SUPP_BE entering state RESPONSE
06-20 13:09:01.047  1627  1627 D wpa_supplicant: EAPOL: txSuppRsp
06-20 13:09:01.047  1627  1627 D wpa_supplicant: TX EAPOL: dst=d0:c2:82:2d:e4:b0
06-20 13:09:01.047  1627  1627 D wpa_supplicant: EAPOL: SUPP_BE entering state RECEIVE
06-20 13:09:01.050  1627  1627 D wpa_supplicant: EAPOL: Received EAP-Packet frame
06-20 13:09:01.050  1627  1627 D wpa_supplicant: EAPOL: SUPP_BE entering state REQUEST
06-20 13:09:01.050  1627  1627 D wpa_supplicant: EAPOL: getSuppRsp
06-20 13:09:01.050  1627  1627 D wpa_supplicant: EAP: EAP entering state RECEIVED
06-20 13:09:01.050  1627  1627 D wpa_supplicant: EAP: Received EAP-Request id=9 method=25 vendor=0 vendorMethod=0
06-20 13:09:01.050  1627  1627 D wpa_supplicant: EAP: EAP entering state METHOD
06-20 13:09:01.054  1627  1627 D wpa_supplicant: SSL: Received packet(len=240) - Flags 0x00
06-20 13:09:01.054  1627  1627 D wpa_supplicant: SSL: (where=0x1001 ret=0x1)
06-20 13:09:01.054  1627  1627 D wpa_supplicant: SSL: SSL_connect:SSLv3 read server session ticket A
06-20 13:09:01.054  1627  1627 D wpa_supplicant: SSL: (where=0x1001 ret=0x1)
06-20 13:09:01.054  1627  1627 D wpa_supplicant: SSL: SSL_connect:SSLv3 read finished A
06-20 13:09:01.054  1627  1627 D wpa_supplicant: SSL: (where=0x20 ret=0x1)
06-20 13:09:01.054  1627  1627 D wpa_supplicant: SSL: (where=0x1002 ret=0x1)
06-20 13:09:01.054  1627  1627 D wpa_supplicant: SSL: 0 bytes pending from ssl_out
06-20 13:09:01.054  1627  1627 D wpa_supplicant: SSL: No Application Data included
06-20 13:09:01.054  1627  1627 D wpa_supplicant: SSL: No data to be sent out
06-20 13:09:01.054  1627  1627 D wpa_supplicant: EAP-PEAP: TLS done, proceed to Phase 2
06-20 13:09:01.054  1627  1627 D wpa_supplicant: EAP-PEAP: using label 'client EAP encryption' in key derivation
06-20 13:09:01.054  1627  1627 D wpa_supplicant: SSL: Building ACK (type=25 id=9 ver=0)
06-20 13:09:01.054  1627  1627 D wpa_supplicant: EAP: method process -> ignore=FALSE methodState=MAY_CONT decision=FAIL
06-20 13:09:01.054  1627  1627 D wpa_supplicant: EAP: EAP entering state SEND_RESPONSE
06-20 13:09:01.054  1627  1627 D wpa_supplicant: EAP: EAP entering state IDLE
06-20 13:09:01.054  1627  1627 D wpa_supplicant: EAPOL: SUPP_BE entering state RESPONSE
06-20 13:09:01.054  1627  1627 D wpa_supplicant: EAPOL: txSuppRsp
06-20 13:09:01.054  1627  1627 D wpa_supplicant: TX EAPOL: dst=d0:c2:82:2d:e4:b0
06-20 13:09:01.054  1627  1627 D wpa_supplicant: EAPOL: SUPP_BE entering state RECEIVE
06-20 13:09:01.058  1627  1627 D wpa_supplicant: EAPOL: Received EAP-Packet frame
06-20 13:09:01.058  1627  1627 D wpa_supplicant: EAPOL: SUPP_BE entering state REQUEST
06-20 13:09:01.058  1627  1627 D wpa_supplicant: EAPOL: getSuppRsp
06-20 13:09:01.058  1627  1627 D wpa_supplicant: EAP: EAP entering state RECEIVED
06-20 13:09:01.058  1627  1627 D wpa_supplicant: EAP: Received EAP-Request id=10 method=25 vendor=0 vendorMethod=0
06-20 13:09:01.058  1627  1627 D wpa_supplicant: EAP: EAP entering state METHOD
06-20 13:09:01.058  1627  1627 D wpa_supplicant: SSL: Received packet(len=43) - Flags 0x00
06-20 13:09:01.058  1627  1627 D wpa_supplicant: EAP-PEAP: received 37 bytes encrypted data for Phase 2
06-20 13:09:01.058  1627  1627 D wpa_supplicant: EAP-PEAP: received Phase 2: code=1 identifier=10 length=5
06-20 13:09:01.058  1627  1627 D wpa_supplicant: EAP-PEAP: Phase 2 Request: type=1
06-20 13:09:01.058  1627  1627 D wpa_supplicant: SSL: 74 bytes left to be sent out (of total 74 bytes)
06-20 13:09:01.058  1627  1627 D wpa_supplicant: EAP: method process -> ignore=FALSE methodState=MAY_CONT decision=FAIL
06-20 13:09:01.058  1627  1627 D wpa_supplicant: EAP: EAP entering state SEND_RESPONSE
06-20 13:09:01.058  1627  1627 D wpa_supplicant: EAP: EAP entering state IDLE
06-20 13:09:01.058  1627  1627 D wpa_supplicant: EAPOL: SUPP_BE entering state RESPONSE
06-20 13:09:01.058  1627  1627 D wpa_supplicant: EAPOL: txSuppRsp
06-20 13:09:01.058  1627  1627 D wpa_supplicant: TX EAPOL: dst=d0:c2:82:2d:e4:b0
06-20 13:09:01.058  1627  1627 D wpa_supplicant: EAPOL: SUPP_BE entering state RECEIVE
06-20 13:09:01.062  1627  1627 D wpa_supplicant: EAPOL: Received EAP-Packet frame
06-20 13:09:01.062  1627  1627 D wpa_supplicant: EAPOL: SUPP_BE entering state REQUEST
06-20 13:09:01.062  1627  1627 D wpa_supplicant: EAPOL: getSuppRsp
06-20 13:09:01.062  1627  1627 D wpa_supplicant: EAP: EAP entering state RECEIVED
06-20 13:09:01.062  1627  1627 D wpa_supplicant: EAP: Received EAP-Request id=11 method=25 vendor=0 vendorMethod=0
06-20 13:09:01.062  1627  1627 D wpa_supplicant: EAP: EAP entering state METHOD
06-20 13:09:01.062  1627  1627 D wpa_supplicant: SSL: Received packet(len=75) - Flags 0x00
06-20 13:09:01.062  1627  1627 D wpa_supplicant: EAP-PEAP: received 69 bytes encrypted data for Phase 2
06-20 13:09:01.062  1627  1627 D wpa_supplicant: EAP-PEAP: received Phase 2: code=1 identifier=11 length=32
06-20 13:09:01.062  1627  1627 D wpa_supplicant: EAP-PEAP: Phase 2 Request: type=26
06-20 13:09:01.062  1627  1627 D wpa_supplicant: EAP-PEAP: Selected Phase 2 EAP vendor 0 method 26
06-20 13:09:01.062  1627  1627 D wpa_supplicant: EAP-MSCHAPV2: RX identifier 11 mschapv2_id 11
06-20 13:09:01.062  1627  1627 D wpa_supplicant: EAP-MSCHAPV2: Received challenge
06-20 13:09:01.062  1627  1627 D wpa_supplicant: EAP-MSCHAPV2: Generating Challenge Response
06-20 13:09:01.066  1627  1627 D wpa_supplicant: EAP-MSCHAPV2: TX identifier 11 mschapv2_id 11 (response)
06-20 13:09:01.066  1627  1627 D wpa_supplicant: SSL: 138 bytes left to be sent out (of total 138 bytes)
06-20 13:09:01.070  1627  1627 D wpa_supplicant: EAP: method process -> ignore=FALSE methodState=MAY_CONT decision=FAIL
06-20 13:09:01.070  1627  1627 D wpa_supplicant: EAP: EAP entering state SEND_RESPONSE
06-20 13:09:01.070  1627  1627 D wpa_supplicant: EAP: EAP entering state IDLE
06-20 13:09:01.070  1627  1627 D wpa_supplicant: EAPOL: SUPP_BE entering state RESPONSE
06-20 13:09:01.070  1627  1627 D wpa_supplicant: EAPOL: txSuppRsp
06-20 13:09:01.070  1627  1627 D wpa_supplicant: TX EAPOL: dst=d0:c2:82:2d:e4:b0
06-20 13:09:01.070  1627  1627 D wpa_supplicant: EAPOL: SUPP_BE entering state RECEIVE
06-20 13:09:01.082   390   390 D dalvikvm: GC_FOR_ALLOC freed 570K, 10% free 9714K/10695K, paused 70ms
06-20 13:09:01.187   151   153 D dalvikvm: GC_CONCURRENT freed 1911K, 15% free 13728K/16071K, paused 2ms+17ms
06-20 13:09:01.191  1627  1627 D wpa_supplicant: EAPOL: Received EAP-Packet frame
06-20 13:09:01.191  1627  1627 D wpa_supplicant: EAPOL: SUPP_BE entering state REQUEST
06-20 13:09:01.191  1627  1627 D wpa_supplicant: EAPOL: getSuppRsp
06-20 13:09:01.191  1627  1627 D wpa_supplicant: EAP: EAP entering state RECEIVED
06-20 13:09:01.191  1627  1627 D wpa_supplicant: EAP: Received EAP-Request id=12 method=25 vendor=0 vendorMethod=0
06-20 13:09:01.191  1627  1627 D wpa_supplicant: EAP: EAP entering state METHOD
06-20 13:09:01.191  1627  1627 D wpa_supplicant: SSL: Received packet(len=43) - Flags 0x00
06-20 13:09:01.191  1627  1627 D wpa_supplicant: EAP-PEAP: received 37 bytes encrypted data for Phase 2
06-20 13:09:01.191  1627  1627 D wpa_supplicant: EAP-PEAP: received Phase 2: code=1 identifier=12 length=11
06-20 13:09:01.191  1627  1627 D wpa_supplicant: EAP-PEAP: Phase 2 Request: type=33
06-20 13:09:01.191  1627  1627 I wpa_supplicant: EAP-TLV: TLV Result - Failure
06-20 13:09:01.191  1627  1627 D wpa_supplicant: SSL: 74 bytes left to be sent out (of total 74 bytes)
06-20 13:09:01.191  1627  1627 D wpa_supplicant: EAP: method process -> ignore=FALSE methodState=DONE decision=FAIL
06-20 13:09:01.191  1627  1627 D wpa_supplicant: EAP: EAP entering state SEND_RESPONSE
06-20 13:09:01.191  1627  1627 D wpa_supplicant: EAP: EAP entering state IDLE
06-20 13:09:01.191  1627  1627 D wpa_supplicant: EAPOL: SUPP_BE entering state RESPONSE
06-20 13:09:01.191  1627  1627 D wpa_supplicant: EAPOL: txSuppRsp
06-20 13:09:01.191  1627  1627 D wpa_supplicant: TX EAPOL: dst=d0:c2:82:2d:e4:b0
06-20 13:09:01.191  1627  1627 D wpa_supplicant: EAPOL: SUPP_BE entering state RECEIVE
06-20 13:09:01.234   390   392 D dalvikvm: GC_CONCURRENT freed 368K, 9% free 9767K/10695K, paused 2ms+11ms
06-20 13:09:01.328  1153  1155 D dalvikvm: GC_CONCURRENT freed 403K, 7% free 10218K/10951K, paused 2ms+14ms
06-20 13:09:01.863  1627  1627 D wpa_supplicant: EAPOL: startWhen --> 0
06-20 13:09:02.226  1627  1627 D wpa_supplicant: EAPOL: Received EAP-Packet frame
06-20 13:09:02.226  1627  1627 D wpa_supplicant: EAPOL: SUPP_BE entering state REQUEST
06-20 13:09:02.226  1627  1627 D wpa_supplicant: EAPOL: getSuppRsp
06-20 13:09:02.226  1627  1627 D wpa_supplicant: EAP: EAP entering state RECEIVED
06-20 13:09:02.226  1627  1627 D wpa_supplicant: EAP: Received EAP-Failure
06-20 13:09:02.226  1627  1627 D wpa_supplicant: EAP: EAP entering state FAILURE
06-20 13:09:02.226  1627  1627 I wpa_supplicant: wlan0: CTRL-EVENT-EAP-FAILURE EAP authentication failed
06-20 13:09:02.226  1627  1627 D wpa_supplicant: EAPOL: SUPP_PAE entering state HELD
06-20 13:09:02.226  1627  1627 D wpa_supplicant: EAPOL: Supplicant port status: Unauthorized
06-20 13:09:02.226  1627  1627 D wpa_supplicant: EAPOL: SUPP_BE entering state RECEIVE
06-20 13:09:02.226  1627  1627 D wpa_supplicant: EAPOL: SUPP_BE entering state FAIL
06-20 13:09:02.226  1627  1627 D wpa_supplicant: EAPOL: SUPP_BE entering state IDLE
06-20 13:09:02.226  1627  1627 D wpa_supplicant: EAPOL authentication completed unsuccessfully
06-20 13:09:03.449  1627  1627 D wpa_supplicant: wpa_driver_wext_driver_cmd SCAN-ACTIVE len = 4096
06-20 13:09:03.453  1627  1627 D wpa_supplicant: wpa_driver_wext_driver_cmd SCAN-ACTIVE len = 0, 11
06-20 13:09:03.453  1627  1627 D wpa_supplicant: Ongoing scan action - reject new request
06-20 13:09:03.457  1627  1627 D wpa_supplicant: wpa_driver_wext_driver_cmd SCAN-PASSIVE len = 4096
06-20 13:09:03.457  1627  1627 D wpa_supplicant: wpa_driver_wext_driver_cmd SCAN-PASSIVE len = 0, 12
06-20 13:09:04.226  1627  1627 I wpa_supplicant: wlan0: Authentication with d0:c2:82:2d:e4:b0 timed out.
06-20 13:09:04.226  1627  1627 D wpa_supplicant: Added BSSID d0:c2:82:2d:e4:b0 into blacklist
06-20 13:09:04.226  1627  1627 D wpa_supplicant: wpa_driver_wext_disassociate
06-20 13:09:04.250  1627  1627 D wpa_supplicant: wpa_driver_wext_set_operstate: operstate 0->0 (DORMANT)
06-20 13:09:04.250  1627  1627 D wpa_supplicant: netlink: Operstate: linkmode=-1, operstate=5
06-20 13:09:04.273  1627  1627 D wpa_supplicant: EAPOL: External notification - portEnabled=0
06-20 13:09:04.273  1627  1627 D wpa_supplicant: EAPOL: SUPP_PAE entering state DISCONNECTED
06-20 13:09:04.273  1627  1627 D wpa_supplicant: EAPOL: Supplicant port status: Unauthorized
06-20 13:09:04.273  1627  1627 D wpa_supplicant: EAPOL: SUPP_BE entering state INITIALIZE
06-20 13:09:04.277  1627  1627 D wpa_supplicant: EAP: EAP entering state DISABLED
06-20 13:09:04.281  1627  1627 D wpa_supplicant: EAPOL: Supplicant port status: Unauthorized
06-20 13:09:04.281  1627  1627 D wpa_supplicant: EAPOL: External notification - portValid=0
06-20 13:09:04.281  1627  1627 D wpa_supplicant: EAPOL: Supplicant port status: Unauthorized
06-20 13:09:04.281  1627  1627 D wpa_supplicant: RTM_NEWLINK: operstate=0 ifi_flags=0x11003 ([UP][LOWER_UP])
06-20 13:09:04.281  1627  1627 D wpa_supplicant: RTM_NEWLINK, IFLA_IFNAME: Interface 'wlan0' added
06-20 13:09:04.281  1627  1627 D wpa_supplicant: Wireless event: cmd=0x8c02 len=27
06-20 13:09:04.281  1627  1627 D wpa_supplicant: RTM_NEWLINK: operstate=0 ifi_flags=0x11003 ([UP][LOWER_UP])
06-20 13:09:04.281  1627  1627 D wpa_supplicant: RTM_NEWLINK, IFLA_IFNAME: Interface 'wlan0' added
06-20 13:09:04.281  1627  1627 D wpa_supplicant: Wireless event: cmd=0x8b15 len=20
06-20 13:09:04.281  1627  1627 D wpa_supplicant: Wireless event: new AP: 00:00:00:00:00:00
06-20 13:09:04.281  1627  1627 D wpa_supplicant: BSSID 00:00:00:00:00:00 blacklist count incremented to 2
06-20 13:09:04.281  1627  1627 I wpa_supplicant: wlan0: CTRL-EVENT-DISCONNECTED bssid=00:00:00:00:00:00 reason=0
06-20 13:09:04.300   151   311 D SupplicantStateTracker: Failed to authenticate, disabling network 0
06-20 13:09:04.300  1627  1627 D wpa_supplicant: wpa_driver_wext_set_key: alg=0 key_idx=0 set_tx=0 seq_len=0 key_len=0
06-20 13:09:04.304  1627  1627 D wpa_supplicant: wpa_driver_wext_set_key: alg=0 key_idx=1 set_tx=0 seq_len=0 key_len=0
06-20 13:09:04.304  1627  1627 D wpa_supplicant: wpa_driver_wext_set_key: alg=0 key_idx=2 set_tx=0 seq_len=0 key_len=0
06-20 13:09:04.304  1627  1627 D wpa_supplicant: wpa_driver_wext_set_key: alg=0 key_idx=3 set_tx=0 seq_len=0 key_len=0
06-20 13:09:04.304  1627  1627 D wpa_supplicant: wpa_driver_wext_set_key: alg=0 key_idx=0 set_tx=0 seq_len=0 key_len=0
06-20 13:09:04.304  1627  1627 D wpa_supplicant: wpa_driver_wext_set_operstate: operstate 0->0 (DORMANT)
06-20 13:09:04.304  1627  1627 D wpa_supplicant: netlink: Operstate: linkmode=-1, operstate=5
06-20 13:09:04.304  1627  1627 D wpa_supplicant: EAPOL: External notification - portEnabled=0
06-20 13:09:04.304  1627  1627 D wpa_supplicant: EAPOL: Supplicant port status: Unauthorized
06-20 13:09:04.304  1627  1627 D wpa_supplicant: EAPOL: External notification - portValid=0
06-20 13:09:04.304  1627  1627 D wpa_supplicant: EAPOL: Supplicant port status: Unauthorized
06-20 13:09:04.304  1627  1627 D wpa_supplicant: CTRL_IFACE: DISABLE_NETWORK id=0
06-20 13:09:04.863  1627  1627 D wpa_supplicant: EAPOL: Supplicant port status: Unauthorized
06-20 13:09:05.863  1627  1627 D wpa_supplicant: EAPOL: Supplicant port status: Unauthorized
06-20 13:09:06.867  1627  1627 D wpa_supplicant: EAPOL: Supplicant port status: Unauthorized
06-20 13:09:07.297    82   122 D AudioHardware: AudioHardware pcm playback is exiting standby.
06-20 13:09:07.297    82   122 D AudioHardware: openPcmOut_l() mPcmOpenCnt: 0
06-20 13:09:07.445  1153  1155 D dalvikvm: GC_CONCURRENT freed 553K, 8% free 10122K/10951K, paused 2ms+5ms
06-20 13:09:07.867  1627  1627 D wpa_supplicant: EAPOL: Supplicant port status: Unauthorized
06-20 13:09:08.867  1627  1627 D wpa_supplicant: EAPOL: Supplicant port status: Unauthorized
06-20 13:09:09.000  1627  1627 D wpa_supplicant: CTRL_IFACE: REMOVE_NETWORK id=0
06-20 13:09:09.004  1627  1627 D wpa_supplicant: Writing configuration file '/data/misc/wifi/wpa_supplicant.conf'
06-20 13:09:09.007  1627  1627 D wpa_supplicant: Configuration file '/data/misc/wifi/wpa_supplicant.conf' written successfully
06-20 13:09:09.007  1627  1627 D wpa_supplicant: CTRL_IFACE: SAVE_CONFIG - Configuration updated
06-20 13:09:09.125  1881  1882 D dalvikvm: GC_CONCURRENT freed 393K, 6% free 9400K/9927K, paused 3ms+19ms
06-20 13:09:09.871  1627  1627 D wpa_supplicant: EAPOL: Supplicant port status: Unauthorized
06-20 13:09:10.871  1627  1627 D wpa_supplicant: EAPOL: Supplicant port status: Unauthorized
06-20 13:09:11.465    85    85 I keystore: uid: 1000 action: s -> 1 state: 3 -> 3 retry: 4
06-20 13:09:11.468    85    85 I keystore: uid: 1000 action: s -> 1 state: 3 -> 3 retry: 4
06-20 13:09:11.562  1153  1155 D dalvikvm: GC_CONCURRENT freed 387K, 8% free 10147K/10951K, paused 9ms+4ms
06-20 13:09:11.871  1627  1627 D wpa_supplicant: EAPOL: Supplicant port status: Unauthorized
06-20 13:09:12.875  1627  1627 D wpa_supplicant: EAPOL: Supplicant port status: Unauthorized
06-20 13:09:13.453  1627  1627 D wpa_supplicant: wpa_driver_wext_driver_cmd SCAN-ACTIVE len = 4096
06-20 13:09:13.453  1627  1627 D wpa_supplicant: wpa_driver_wext_driver_cmd SCAN-ACTIVE len = 0, 11
06-20 13:09:13.457  1627  1627 D wpa_supplicant: WPS: Building WPS IE for Probe Request
06-20 13:09:13.457  1627  1627 D wpa_supplicant: WPS:  * Version (hardcoded 0x10)
06-20 13:09:13.457  1627  1627 D wpa_supplicant: WPS:  * Request Type
06-20 13:09:13.457  1627  1627 D wpa_supplicant: WPS:  * Config Methods (2388)
06-20 13:09:13.457  1627  1627 D wpa_supplicant: WPS:  * UUID-E
06-20 13:09:13.457  1627  1627 D wpa_supplicant: WPS:  * Primary Device Type
06-20 13:09:13.457  1627  1627 D wpa_supplicant: WPS:  * RF Bands (3)
06-20 13:09:13.457  1627  1627 D wpa_supplicant: WPS:  * Association State
06-20 13:09:13.457  1627  1627 D wpa_supplicant: WPS:  * Configuration Error (0)
06-20 13:09:13.457  1627  1627 D wpa_supplicant: WPS:  * Device Password ID (0)
06-20 13:09:13.457  1627  1627 D wpa_supplicant: WPS:  * Manufacturer
06-20 13:09:13.457  1627  1627 D wpa_supplicant: WPS:  * Model Name
06-20 13:09:13.457  1627  1627 D wpa_supplicant: WPS:  * Model Number
06-20 13:09:13.457  1627  1627 D wpa_supplicant: WPS:  * Device Name
06-20 13:09:13.457  1627  1627 D wpa_supplicant: WPS:  * Version2 (0x20)
06-20 13:09:13.457  1627  1627 D wpa_supplicant: wpa_driver_wext_combo_scan: Start
06-20 13:09:13.457  1627  1627 D wpa_supplicant: For Scan: (null)
06-20 13:09:13.535  1627  1627 D wpa_supplicant: Scan requested (ret=0) - scan timeout 30 seconds
06-20 13:09:13.535  1627  1627 D wpa_supplicant: wpa_driver_wext_driver_cmd SCAN-PASSIVE len = 4096
06-20 13:09:13.535  1627  1627 D wpa_supplicant: wpa_driver_wext_driver_cmd SCAN-PASSIVE len = 0, 12
06-20 13:09:13.875  1627  1627 D wpa_supplicant: EAPOL: Supplicant port status: Unauthorized
06-20 13:09:14.015  1627  1627 D wpa_supplicant: RTM_NEWLINK: operstate=0 ifi_flags=0x11003 ([UP][LOWER_UP])
06-20 13:09:14.015  1627  1627 D wpa_supplicant: RTM_NEWLINK, IFLA_IFNAME: Interface 'wlan0' added
06-20 13:09:14.015  1627  1627 D wpa_supplicant: Wireless event: cmd=0x8b19 len=8
06-20 13:09:14.039  1627  1627 D wpa_supplicant: Received 988 bytes of scan results (5 BSSes)
06-20 13:09:14.058  1627  1627 D wpa_supplicant: Removed BSSID d0:c2:82:2d:e4:b0 from blacklist (clear)
06-20 13:09:14.058  1627  1627 D wpa_supplicant: Removed BSSID 00:00:00:00:00:00 from blacklist (clear)
06-20 13:09:14.058  1627  1627 D wpa_supplicant: Removed BSSID d0:c2:82:66:6b:f0 from blacklist (clear)
06-20 13:09:14.472    82   122 D AudioHardware: AudioHardware pcm playback is going to standby.
06-20 13:09:14.472    82   122 D AudioHardware: closePcmOut_l() mPcmOpenCnt: 1
06-20 13:09:14.875  1627  1627 D wpa_supplicant: EAPOL: Supplicant port status: Unauthorized
06-20 13:09:15.640    82   122 D AudioHardware: AudioHardware pcm playback is exiting standby.
06-20 13:09:15.640    82   122 D AudioHardware: openPcmOut_l() mPcmOpenCnt: 0
06-20 13:09:15.808   151   580 W InputManagerService: Window already focused, ignoring focus gain of: com.android.internal.view.IInputMethodClient$Stub$Proxy@41356bb8
06-20 13:09:15.875  1627  1627 D wpa_supplicant: EAPOL: Supplicant port status: Unauthorized
06-20 13:09:16.875  1627  1627 D wpa_supplicant: EAPOL: Supplicant port status: Unauthorized
06-20 13:09:17.879  1627  1627 D wpa_supplicant: EAPOL: Supplicant port status: Unauthorized
06-20 13:09:18.203  1153  1155 D dalvikvm: GC_CONCURRENT freed 340K, 7% free 10245K/10951K, paused 2ms+7ms
06-20 13:09:18.261   390   392 D dalvikvm: GC_CONCURRENT freed 437K, 9% free 9829K/10695K, paused 2ms+2ms
06-20 13:09:18.730    82   122 D AudioHardware: AudioHardware pcm playback is going to standby.
06-20 13:09:18.730    82   122 D AudioHardware: closePcmOut_l() mPcmOpenCnt: 1
06-20 13:09:18.879  1627  1627 D wpa_supplicant: EAPOL: Supplicant port status: Unauthorized
06-20 13:09:19.879  1627  1627 D wpa_supplicant: EAPOL: Supplicant port status: Unauthorized
06-20 13:09:20.879  1627  1627 D wpa_supplicant: EAPOL: Supplicant port status: Unauthorized
06-20 13:09:21.882  1627  1627 D wpa_supplicant: EAPOL: Supplicant port status: Unauthorized
06-20 13:09:22.882  1627  1627 D wpa_supplicant: EAPOL: Supplicant port status: Unauthorized
06-20 13:09:22.961   452   453 D dalvikvm: GC_CONCURRENT freed 540K, 6% free 10515K/11143K, paused 2ms+4ms
06-20 13:09:23.457  1627  1627 D wpa_supplicant: wpa_driver_wext_driver_cmd SCAN-ACTIVE len = 4096
06-20 13:09:23.457  1627  1627 D wpa_supplicant: wpa_driver_wext_driver_cmd SCAN-ACTIVE len = 0, 11
06-20 13:09:23.461  1627  1627 D wpa_supplicant: WPS: Building WPS IE for Probe Request
06-20 13:09:23.461  1627  1627 D wpa_supplicant: WPS:  * Version (hardcoded 0x10)
06-20 13:09:23.461  1627  1627 D wpa_supplicant: WPS:  * Request Type
06-20 13:09:23.472  1627  1627 D wpa_supplicant: WPS:  * Config Methods (2388)
06-20 13:09:23.472  1627  1627 D wpa_supplicant: WPS:  * UUID-E
06-20 13:09:23.472  1627  1627 D wpa_supplicant: WPS:  * Primary Device Type
06-20 13:09:23.472  1627  1627 D wpa_supplicant: WPS:  * RF Bands (3)
06-20 13:09:23.472  1627  1627 D wpa_supplicant: WPS:  * Association State
06-20 13:09:23.472  1627  1627 D wpa_supplicant: WPS:  * Configuration Error (0)
06-20 13:09:23.472  1627  1627 D wpa_supplicant: WPS:  * Device Password ID (0)
06-20 13:09:23.472  1627  1627 D wpa_supplicant: WPS:  * Manufacturer
06-20 13:09:23.472  1627  1627 D wpa_supplicant: WPS:  * Model Name
06-20 13:09:23.472  1627  1627 D wpa_supplicant: WPS:  * Model Number
06-20 13:09:23.472  1627  1627 D wpa_supplicant: WPS:  * Device Name
06-20 13:09:23.472  1627  1627 D wpa_supplicant: WPS:  * Version2 (0x20)
06-20 13:09:23.472  1627  1627 D wpa_supplicant: wpa_driver_wext_combo_scan: Start
06-20 13:09:23.472  1627  1627 D wpa_supplicant: For Scan: (null)
06-20 13:09:23.535  1627  1627 D wpa_supplicant: Scan requested (ret=0) - scan timeout 30 seconds
06-20 13:09:23.535  1627  1627 D wpa_supplicant: wpa_driver_wext_driver_cmd SCAN-PASSIVE len = 4096
06-20 13:09:23.535  1627  1627 D wpa_supplicant: wpa_driver_wext_driver_cmd SCAN-PASSIVE len = 0, 12
06-20 13:09:23.882  1627  1627 D wpa_supplicant: EAPOL: Supplicant port status: Unauthorized
06-20 13:09:24.015  1627  1627 D wpa_supplicant: RTM_NEWLINK: operstate=0 ifi_flags=0x11003 ([UP][LOWER_UP])
06-20 13:09:24.015  1627  1627 D wpa_supplicant: RTM_NEWLINK, IFLA_IFNAME: Interface 'wlan0' added
06-20 13:09:24.015  1627  1627 D wpa_supplicant: Wireless event: cmd=0x8b19 len=8
06-20 13:09:24.015  1627  1627 D wpa_supplicant: Received 1600 bytes of scan results (8 BSSes)
06-20 13:09:24.882  1627  1627 D wpa_supplicant: EAPOL: Supplicant port status: Unauthorized
06-20 13:09:25.882  1627  1627 D wpa_supplicant: EAPOL: Supplicant port status: Unauthorized
06-20 13:09:26.886  1627  1627 D wpa_supplicant: EAPOL: Supplicant port status: Unauthorized
06-20 13:09:27.886  1627  1627 D wpa_supplicant: EAPOL: Supplicant port status: Unauthorized
06-20 13:09:28.890  1627  1627 D wpa_supplicant: EAPOL: Supplicant port status: Unauthorized
06-20 13:09:29.890  1627  1627 D wpa_supplicant: EAPOL: Supplicant port status: Unauthorized
06-20 13:09:30.890  1627  1627 D wpa_supplicant: EAPOL: Supplicant port status: Unauthorized
06-20 13:09:31.894  1627  1627 D wpa_supplicant: EAPOL: authWhile --> 0
06-20 13:09:31.894  1627  1627 D wpa_supplicant: EAPOL: Supplicant port status: Unauthorized
06-20 13:09:32.894  1627  1627 D wpa_supplicant: EAPOL: Supplicant port status: Unauthorized
06-20 13:09:33.468  1627  1627 D wpa_supplicant: wpa_driver_wext_driver_cmd SCAN-ACTIVE len = 4096
06-20 13:09:33.468  1627  1627 D wpa_supplicant: wpa_driver_wext_driver_cmd SCAN-ACTIVE len = 0, 11
06-20 13:09:33.484  1627  1627 D wpa_supplicant: WPS: Building WPS IE for Probe Request
06-20 13:09:33.484  1627  1627 D wpa_supplicant: WPS:  * Version (hardcoded 0x10)
06-20 13:09:33.484  1627  1627 D wpa_supplicant: WPS:  * Request Type
06-20 13:09:33.484  1627  1627 D wpa_supplicant: WPS:  * Config Methods (2388)
06-20 13:09:33.484  1627  1627 D wpa_supplicant: WPS:  * UUID-E
06-20 13:09:33.484  1627  1627 D wpa_supplicant: WPS:  * Primary Device Type
06-20 13:09:33.484  1627  1627 D wpa_supplicant: WPS:  * RF Bands (3)
06-20 13:09:33.484  1627  1627 D wpa_supplicant: WPS:  * Association State
06-20 13:09:33.484  1627  1627 D wpa_supplicant: WPS:  * Configuration Error (0)
06-20 13:09:33.484  1627  1627 D wpa_supplicant: WPS:  * Device Password ID (0)
06-20 13:09:33.484  1627  1627 D wpa_supplicant: WPS:  * Manufacturer
06-20 13:09:33.484  1627  1627 D wpa_supplicant: WPS:  * Model Name
06-20 13:09:33.484  1627  1627 D wpa_supplicant: WPS:  * Model Number
06-20 13:09:33.484  1627  1627 D wpa_supplicant: WPS:  * Device Name
06-20 13:09:33.484  1627  1627 D wpa_supplicant: WPS:  * Version2 (0x20)
06-20 13:09:33.484  1627  1627 D wpa_supplicant: wpa_driver_wext_combo_scan: Start
06-20 13:09:33.484  1627  1627 D wpa_supplicant: For Scan: (null)
06-20 13:09:33.543  1627  1627 D wpa_supplicant: Scan requested (ret=0) - scan timeout 30 seconds
06-20 13:09:33.543  1627  1627 D wpa_supplicant: wpa_driver_wext_driver_cmd SCAN-PASSIVE len = 4096
06-20 13:09:33.543  1627  1627 D wpa_supplicant: wpa_driver_wext_driver_cmd SCAN-PASSIVE len = 0, 12
06-20 13:09:33.894  1627  1627 D wpa_supplicant: EAPOL: Supplicant port status: Unauthorized
06-20 13:09:34.023  1627  1627 D wpa_supplicant: RTM_NEWLINK: operstate=0 ifi_flags=0x11003 ([UP][LOWER_UP])
06-20 13:09:34.023  1627  1627 D wpa_supplicant: RTM_NEWLINK, IFLA_IFNAME: Interface 'wlan0' added
06-20 13:09:34.023  1627  1627 D wpa_supplicant: Wireless event: cmd=0x8b19 len=8
06-20 13:09:34.023  1627  1627 D wpa_supplicant: Received 886 bytes of scan results (4 BSSes)
06-20 13:09:34.101  1627  1627 D wpa_supplicant: CTRL_IFACE: ADD_NETWORK
06-20 13:09:34.101  1627  1627 D wpa_supplicant: CTRL_IFACE: SET_NETWORK id=0 name='ssid'
06-20 13:09:34.101  1627  1627 D wpa_supplicant: CTRL_IFACE: SET_NETWORK id=0 name='key_mgmt'
06-20 13:09:34.101  1627  1627 D wpa_supplicant: CTRL_IFACE: SET_NETWORK id=0 name='priority'
06-20 13:09:34.101  1627  1627 D wpa_supplicant: CTRL_IFACE: SET_NETWORK id=0 name='eap'
06-20 13:09:34.101  1627  1627 D wpa_supplicant: CTRL_IFACE: SET_NETWORK id=0 name='phase2'
06-20 13:09:34.101  1627  1627 D wpa_supplicant: CTRL_IFACE: SET_NETWORK id=0 name='identity'
06-20 13:09:34.101  1627  1627 D wpa_supplicant: CTRL_IFACE: SET_NETWORK id=0 name='anonymous_identity'
06-20 13:09:34.101  1627  1627 D wpa_supplicant: Unset configuration string 'anonymous_identity'
06-20 13:09:34.105  1627  1627 D wpa_supplicant: CTRL_IFACE: SET_NETWORK id=0 name='password'
06-20 13:09:34.105  1627  1627 D wpa_supplicant: CTRL_IFACE: SET_NETWORK id=0 name='client_cert'
06-20 13:09:34.105  1627  1627 D wpa_supplicant: Unset configuration string 'client_cert'
06-20 13:09:34.105  1627  1627 D wpa_supplicant: CTRL_IFACE: SET_NETWORK id=0 name='private_key'
06-20 13:09:34.105  1627  1627 D wpa_supplicant: Unset configuration string 'private_key'
06-20 13:09:34.105  1627  1627 D wpa_supplicant: CTRL_IFACE: SET_NETWORK id=0 name='ca_cert'
06-20 13:09:34.105  1627  1627 D wpa_supplicant: Unset configuration string 'ca_cert'
06-20 13:09:34.105  1627  1627 D wpa_supplicant: CTRL_IFACE: GET_NETWORK id=0 name='ssid'
06-20 13:09:34.105  1627  1627 D wpa_supplicant: CTRL_IFACE: GET_NETWORK id=0 name='bssid'
06-20 13:09:34.105  1627  1627 D wpa_supplicant: CTRL_IFACE: Failed to get network variable 'bssid'
06-20 13:09:34.105  1627  1627 D wpa_supplicant: CTRL_IFACE: GET_NETWORK id=0 name='priority'
06-20 13:09:34.105  1627  1627 D wpa_supplicant: CTRL_IFACE: GET_NETWORK id=0 name='scan_ssid'
06-20 13:09:34.105  1627  1627 D wpa_supplicant: CTRL_IFACE: GET_NETWORK id=0 name='wep_tx_keyidx'
06-20 13:09:34.105  1627  1627 D wpa_supplicant: CTRL_IFACE: GET_NETWORK id=0 name='wep_key0'
06-20 13:09:34.105  1627  1627 D wpa_supplicant: CTRL_IFACE: Failed to get network variable 'wep_key0'
06-20 13:09:34.105  1627  1627 D wpa_supplicant: CTRL_IFACE: GET_NETWORK id=0 name='wep_key1'
06-20 13:09:34.105  1627  1627 D wpa_supplicant: CTRL_IFACE: Failed to get network variable 'wep_key1'
06-20 13:09:34.105  1627  1627 D wpa_supplicant: CTRL_IFACE: GET_NETWORK id=0 name='wep_key2'
06-20 13:09:34.105  1627  1627 D wpa_supplicant: CTRL_IFACE: Failed to get network variable 'wep_key2'
06-20 13:09:34.105  1627  1627 D wpa_supplicant: CTRL_IFACE: GET_NETWORK id=0 name='wep_key3'
06-20 13:09:34.105  1627  1627 D wpa_supplicant: CTRL_IFACE: Failed to get network variable 'wep_key3'
06-20 13:09:34.105  1627  1627 D wpa_supplicant: CTRL_IFACE: GET_NETWORK id=0 name='psk'
06-20 13:09:34.105  1627  1627 D wpa_supplicant: CTRL_IFACE: Failed to get network variable 'psk'
06-20 13:09:34.105  1627  1627 D wpa_supplicant: CTRL_IFACE: GET_NETWORK id=0 name='proto'
06-20 13:09:34.109  1627  1627 D wpa_supplicant: CTRL_IFACE: GET_NETWORK id=0 name='key_mgmt'
06-20 13:09:34.109  1627  1627 D wpa_supplicant: CTRL_IFACE: GET_NETWORK id=0 name='auth_alg'
06-20 13:09:34.109  1627  1627 D wpa_supplicant: CTRL_IFACE: GET_NETWORK id=0 name='pairwise'
06-20 13:09:34.109  1627  1627 D wpa_supplicant: CTRL_IFACE: GET_NETWORK id=0 name='group'
06-20 13:09:34.109  1627  1627 D wpa_supplicant: CTRL_IFACE: GET_NETWORK id=0 name='eap'
06-20 13:09:34.109  1627  1627 D wpa_supplicant: CTRL_IFACE: GET_NETWORK id=0 name='phase2'
06-20 13:09:34.109  1627  1627 D wpa_supplicant: CTRL_IFACE: GET_NETWORK id=0 name='identity'
06-20 13:09:34.109  1627  1627 D wpa_supplicant: CTRL_IFACE: GET_NETWORK id=0 name='anonymous_identity'
06-20 13:09:34.109  1627  1627 D wpa_supplicant: CTRL_IFACE: Failed to get network variable 'anonymous_identity'
06-20 13:09:34.109  1627  1627 D wpa_supplicant: CTRL_IFACE: GET_NETWORK id=0 name='password'
06-20 13:09:34.109  1627  1627 D wpa_supplicant: Do not allow key_data field to be exposed
06-20 13:09:34.109  1627  1627 D wpa_supplicant: CTRL_IFACE: GET_NETWORK id=0 name='client_cert'
06-20 13:09:34.109  1627  1627 D wpa_supplicant: CTRL_IFACE: Failed to get network variable 'client_cert'
06-20 13:09:34.109  1627  1627 D wpa_supplicant: CTRL_IFACE: GET_NETWORK id=0 name='private_key'
06-20 13:09:34.109  1627  1627 D wpa_supplicant: CTRL_IFACE: Failed to get network variable 'private_key'
06-20 13:09:34.109  1627  1627 D wpa_supplicant: CTRL_IFACE: GET_NETWORK id=0 name='ca_cert'
06-20 13:09:34.109  1627  1627 D wpa_supplicant: CTRL_IFACE: Failed to get network variable 'ca_cert'
06-20 13:09:34.109   151   311 D WifiConfigStore: IP config changed SSID = "UB_Secure" linkProperties: LinkAddresses: [] Routes: [] DnsAddresses: [] 
06-20 13:09:34.109   151   311 D WifiConfigStore: proxy changed SSID = "UB_Secure"
06-20 13:09:34.121  1627  1627 D wpa_supplicant: CTRL_IFACE: SET_NETWORK id=0 name='priority'
06-20 13:09:34.121  1627  1627 D wpa_supplicant: CTRL_IFACE: GET_NETWORK id=0 name='ssid'
06-20 13:09:34.121  1627  1627 D wpa_supplicant: CTRL_IFACE: GET_NETWORK id=0 name='bssid'
06-20 13:09:34.121  1627  1627 D wpa_supplicant: CTRL_IFACE: Failed to get network variable 'bssid'
06-20 13:09:34.121  1627  1627 D wpa_supplicant: CTRL_IFACE: GET_NETWORK id=0 name='priority'
06-20 13:09:34.121  1627  1627 D wpa_supplicant: CTRL_IFACE: GET_NETWORK id=0 name='scan_ssid'
06-20 13:09:34.121  1627  1627 D wpa_supplicant: CTRL_IFACE: GET_NETWORK id=0 name='wep_tx_keyidx'
06-20 13:09:34.121  1627  1627 D wpa_supplicant: CTRL_IFACE: GET_NETWORK id=0 name='wep_key0'
06-20 13:09:34.121  1627  1627 D wpa_supplicant: CTRL_IFACE: Failed to get network variable 'wep_key0'
06-20 13:09:34.121  1627  1627 D wpa_supplicant: CTRL_IFACE: GET_NETWORK id=0 name='wep_key1'
06-20 13:09:34.121  1627  1627 D wpa_supplicant: CTRL_IFACE: Failed to get network variable 'wep_key1'
06-20 13:09:34.121  1627  1627 D wpa_supplicant: CTRL_IFACE: GET_NETWORK id=0 name='wep_key2'
06-20 13:09:34.121  1627  1627 D wpa_supplicant: CTRL_IFACE: Failed to get network variable 'wep_key2'
06-20 13:09:34.121  1627  1627 D wpa_supplicant: CTRL_IFACE: GET_NETWORK id=0 name='wep_key3'
06-20 13:09:34.121  1627  1627 D wpa_supplicant: CTRL_IFACE: Failed to get network variable 'wep_key3'
06-20 13:09:34.121  1627  1627 D wpa_supplicant: CTRL_IFACE: GET_NETWORK id=0 name='psk'
06-20 13:09:34.121  1627  1627 D wpa_supplicant: CTRL_IFACE: Failed to get network variable 'psk'
06-20 13:09:34.121  1627  1627 D wpa_supplicant: CTRL_IFACE: GET_NETWORK id=0 name='proto'
06-20 13:09:34.121  1627  1627 D wpa_supplicant: CTRL_IFACE: GET_NETWORK id=0 name='key_mgmt'
06-20 13:09:34.121  1627  1627 D wpa_supplicant: CTRL_IFACE: GET_NETWORK id=0 name='auth_alg'
06-20 13:09:34.125  1627  1627 D wpa_supplicant: CTRL_IFACE: GET_NETWORK id=0 name='pairwise'
06-20 13:09:34.125  1627  1627 D wpa_supplicant: CTRL_IFACE: GET_NETWORK id=0 name='group'
06-20 13:09:34.125  1627  1627 D wpa_supplicant: CTRL_IFACE: GET_NETWORK id=0 name='eap'
06-20 13:09:34.125  1627  1627 D wpa_supplicant: CTRL_IFACE: GET_NETWORK id=0 name='phase2'
06-20 13:09:34.125  1627  1627 D wpa_supplicant: CTRL_IFACE: GET_NETWORK id=0 name='identity'
06-20 13:09:34.129  1627  1627 D wpa_supplicant: CTRL_IFACE: GET_NETWORK id=0 name='anonymous_identity'
06-20 13:09:34.129  1627  1627 D wpa_supplicant: CTRL_IFACE: Failed to get network variable 'anonymous_identity'
06-20 13:09:34.129  1627  1627 D wpa_supplicant: CTRL_IFACE: GET_NETWORK id=0 name='password'
06-20 13:09:34.129  1627  1627 D wpa_supplicant: Do not allow key_data field to be exposed
06-20 13:09:34.129  1627  1627 D wpa_supplicant: CTRL_IFACE: GET_NETWORK id=0 name='client_cert'
06-20 13:09:34.129  1627  1627 D wpa_supplicant: CTRL_IFACE: Failed to get network variable 'client_cert'
06-20 13:09:34.129  1627  1627 D wpa_supplicant: CTRL_IFACE: GET_NETWORK id=0 name='private_key'
06-20 13:09:34.129  1627  1627 D wpa_supplicant: CTRL_IFACE: Failed to get network variable 'private_key'
06-20 13:09:34.129  1627  1627 D wpa_supplicant: CTRL_IFACE: GET_NETWORK id=0 name='ca_cert'
06-20 13:09:34.129  1627  1627 D wpa_supplicant: CTRL_IFACE: Failed to get network variable 'ca_cert'
06-20 13:09:34.129  1627  1627 D wpa_supplicant: Writing configuration file '/data/misc/wifi/wpa_supplicant.conf'
06-20 13:09:34.129  1627  1627 D wpa_supplicant: Configuration file '/data/misc/wifi/wpa_supplicant.conf' written successfully
06-20 13:09:34.129  1627  1627 D wpa_supplicant: CTRL_IFACE: SAVE_CONFIG - Configuration updated
06-20 13:09:34.129  1627  1627 D wpa_supplicant: CTRL_IFACE: SELECT_NETWORK id=0
06-20 13:09:34.129  1627  1627 D wpa_supplicant: WPS: Building WPS IE for Probe Request
06-20 13:09:34.129  1627  1627 D wpa_supplicant: WPS:  * Version (hardcoded 0x10)
06-20 13:09:34.129  1627  1627 D wpa_supplicant: WPS:  * Request Type
06-20 13:09:34.129  1627  1627 D wpa_supplicant: WPS:  * Config Methods (2388)
06-20 13:09:34.129  1627  1627 D wpa_supplicant: WPS:  * UUID-E
06-20 13:09:34.129  1627  1627 D wpa_supplicant: WPS:  * Primary Device Type
06-20 13:09:34.129  1627  1627 D wpa_supplicant: WPS:  * RF Bands (3)
06-20 13:09:34.129  1627  1627 D wpa_supplicant: WPS:  * Association State
06-20 13:09:34.129  1627  1627 D wpa_supplicant: WPS:  * Configuration Error (0)
06-20 13:09:34.129  1627  1627 D wpa_supplicant: WPS:  * Device Password ID (0)
06-20 13:09:34.129  1627  1627 D wpa_supplicant: WPS:  * Manufacturer
06-20 13:09:34.129  1627  1627 D wpa_supplicant: WPS:  * Model Name
06-20 13:09:34.129  1627  1627 D wpa_supplicant: WPS:  * Model Number
06-20 13:09:34.129  1627  1627 D wpa_supplicant: WPS:  * Device Name
06-20 13:09:34.129  1627  1627 D wpa_supplicant: WPS:  * Version2 (0x20)
06-20 13:09:34.129  1627  1627 D wpa_supplicant: wpa_driver_wext_combo_scan: Start
06-20 13:09:34.129  1627  1627 D wpa_supplicant: For Scan: (null)
06-20 13:09:34.132    82   122 D AudioHardware: AudioHardware pcm playback is exiting standby.
06-20 13:09:34.132    82   122 D AudioHardware: openPcmOut_l() mPcmOpenCnt: 0
06-20 13:09:34.132  1627  1627 D wpa_supplicant: Scan requested (ret=0) - scan timeout 30 seconds
06-20 13:09:34.132    76   113 D CommandListener: Clearing all IP addresses on wlan0
06-20 13:09:34.390   390   392 D dalvikvm: GC_CONCURRENT freed 352K, 8% free 9892K/10695K, paused 2ms+6ms
06-20 13:09:34.609  1153  1155 D dalvikvm: GC_CONCURRENT freed 441K, 7% free 10222K/10951K, paused 2ms+3ms
06-20 13:09:34.613  1627  1627 D wpa_supplicant: RTM_NEWLINK: operstate=0 ifi_flags=0x11003 ([UP][LOWER_UP])
06-20 13:09:34.613  1627  1627 D wpa_supplicant: RTM_NEWLINK, IFLA_IFNAME: Interface 'wlan0' added
06-20 13:09:34.613  1627  1627 D wpa_supplicant: Wireless event: cmd=0x8b19 len=8
06-20 13:09:34.613  1627  1627 D wpa_supplicant: Received 1430 bytes of scan results (7 BSSes)
06-20 13:09:34.613  1627  1627 D wpa_supplicant: wlan0: Request association: reassociate: 1  selected: d0:c2:82:66:6b:f0  bssid: 00:00:00:00:00:00  pending: 00:00:00:00:00:00  wpa_state: SCANNING
06-20 13:09:34.613  1627  1627 I wpa_supplicant: wlan0: Trying to associate with d0:c2:82:66:6b:f0 (SSID='UB_Secure' freq=2462 MHz)
06-20 13:09:34.613  1627  1627 D wpa_supplicant: wpa_driver_wext_set_operstate: operstate 0->0 (DORMANT)
06-20 13:09:34.613  1627  1627 D wpa_supplicant: netlink: Operstate: linkmode=-1, operstate=5
06-20 13:09:34.613  1627  1627 D wpa_supplicant: wpa_driver_wext_associate
06-20 13:09:34.613  1627  1627 D wpa_supplicant: wpa_driver_wext_set_drop_unencrypted
06-20 13:09:34.625  1627  1627 D wpa_supplicant: wpa_driver_wext_set_psk
06-20 13:09:34.754  1627  1627 D wpa_supplicant: EAPOL: External notification - EAP success=0
06-20 13:09:34.754  1627  1627 D wpa_supplicant: EAPOL: Supplicant port status: Unauthorized
06-20 13:09:34.754  1627  1627 D wpa_supplicant: EAPOL: External notification - EAP fail=0
06-20 13:09:34.754  1627  1627 D wpa_supplicant: EAPOL: Supplicant port status: Unauthorized
06-20 13:09:34.754  1627  1627 D wpa_supplicant: EAPOL: External notification - portControl=Auto
06-20 13:09:34.754  1627  1627 D wpa_supplicant: EAPOL: Supplicant port status: Unauthorized
06-20 13:09:34.754  1627  1627 D wpa_supplicant: RSN: Ignored PMKID candidate without preauth flag
06-20 13:09:34.754  1627  1627 D wpa_supplicant: RTM_NEWLINK: operstate=0 ifi_flags=0x11003 ([UP][LOWER_UP])
06-20 13:09:34.754  1627  1627 D wpa_supplicant: RTM_NEWLINK, IFLA_IFNAME: Interface 'wlan0' added
06-20 13:09:34.754  1627  1627 D wpa_supplicant: Wireless event: cmd=0x8b06 len=8
06-20 13:09:34.754  1627  1627 D wpa_supplicant: RTM_NEWLINK: operstate=0 ifi_flags=0x11003 ([UP][LOWER_UP])
06-20 13:09:34.754  1627  1627 D wpa_supplicant: RTM_NEWLINK, IFLA_IFNAME: Interface 'wlan0' added
06-20 13:09:34.754  1627  1627 D wpa_supplicant: Wireless event: cmd=0x8b04 len=12
06-20 13:09:34.754  1627  1627 D wpa_supplicant: RTM_NEWLINK: operstate=0 ifi_flags=0x11003 ([UP][LOWER_UP])
06-20 13:09:34.754  1627  1627 D wpa_supplicant: RTM_NEWLINK, IFLA_IFNAME: Interface 'wlan0' added
06-20 13:09:34.754  1627  1627 D wpa_supplicant: Wireless event: cmd=0x8b1a len=17
06-20 13:09:34.754  1627  1627 D wpa_supplicant: RTM_NEWLINK: operstate=0 ifi_flags=0x11003 ([UP][LOWER_UP])
06-20 13:09:34.754  1627  1627 D wpa_supplicant: RTM_NEWLINK, IFLA_IFNAME: Interface 'wlan0' added
06-20 13:09:34.754  1627  1627 D wpa_supplicant: Wireless event: cmd=0x8b15 len=20
06-20 13:09:34.754  1627  1627 D wpa_supplicant: Wireless event: new AP: d0:c2:82:66:6b:f0
06-20 13:09:34.757  1627  1627 D wpa_supplicant: wpa_driver_wext_set_operstate: operstate 0->0 (DORMANT)
06-20 13:09:34.757  1627  1627 D wpa_supplicant: netlink: Operstate: linkmode=-1, operstate=5
06-20 13:09:34.761  1627  1627 I wpa_supplicant: wlan0: Associated with d0:c2:82:66:6b:f0
06-20 13:09:34.765  1627  1627 D wpa_supplicant: EAPOL: External notification - portEnabled=0
06-20 13:09:34.765  1627  1627 D wpa_supplicant: EAPOL: Supplicant port status: Unauthorized
06-20 13:09:34.765  1627  1627 D wpa_supplicant: EAPOL: External notification - portValid=0
06-20 13:09:34.765  1627  1627 D wpa_supplicant: EAPOL: Supplicant port status: Unauthorized
06-20 13:09:34.765  1627  1627 D wpa_supplicant: EAPOL: External notification - portEnabled=1
06-20 13:09:34.765  1627  1627 D wpa_supplicant: EAPOL: SUPP_PAE entering state CONNECTING
06-20 13:09:34.765  1627  1627 D wpa_supplicant: EAPOL: SUPP_BE entering state IDLE
06-20 13:09:34.765  1627  1627 D wpa_supplicant: EAP: EAP entering state INITIALIZE
06-20 13:09:34.765  1627  1627 D wpa_supplicant: EAP: deinitialize previously used EAP method (25, PEAP) at INITIALIZE
06-20 13:09:34.765  1627  1627 D wpa_supplicant: EAP: EAP entering state IDLE
06-20 13:09:34.765  1627  1627 D wpa_supplicant: EAPOL: Received EAP-Packet frame
06-20 13:09:34.765  1627  1627 D wpa_supplicant: EAPOL: SUPP_PAE entering state RESTART
06-20 13:09:34.765  1627  1627 D wpa_supplicant: EAP: EAP entering state INITIALIZE
06-20 13:09:34.765  1627  1627 D wpa_supplicant: EAP: EAP entering state IDLE
06-20 13:09:34.765  1627  1627 D wpa_supplicant: EAPOL: SUPP_PAE entering state AUTHENTICATING
06-20 13:09:34.765  1627  1627 D wpa_supplicant: EAPOL: SUPP_BE entering state REQUEST
06-20 13:09:34.765  1627  1627 D wpa_supplicant: EAPOL: getSuppRsp
06-20 13:09:34.765  1627  1627 D wpa_supplicant: EAP: EAP entering state RECEIVED
06-20 13:09:34.765  1627  1627 D wpa_supplicant: EAP: Received EAP-Request id=1 method=1 vendor=0 vendorMethod=0
06-20 13:09:34.765  1627  1627 D wpa_supplicant: EAP: EAP entering state IDENTITY
06-20 13:09:34.765  1627  1627 I wpa_supplicant: wlan0: CTRL-EVENT-EAP-STARTED EAP authentication started
06-20 13:09:34.765  1627  1627 D wpa_supplicant: EAP: EAP entering state SEND_RESPONSE
06-20 13:09:34.765  1627  1627 D wpa_supplicant: EAP: EAP entering state IDLE
06-20 13:09:34.765  1627  1627 D wpa_supplicant: EAPOL: SUPP_BE entering state RESPONSE
06-20 13:09:34.765  1627  1627 D wpa_supplicant: EAPOL: txSuppRsp
06-20 13:09:34.765  1627  1627 D wpa_supplicant: TX EAPOL: dst=d0:c2:82:66:6b:f0
06-20 13:09:34.769  1627  1627 D wpa_supplicant: EAPOL: SUPP_BE entering state RECEIVE
06-20 13:09:34.777  1627  1627 D wpa_supplicant: EAPOL: Received EAP-Packet frame
06-20 13:09:34.777  1627  1627 D wpa_supplicant: EAPOL: SUPP_BE entering state REQUEST
06-20 13:09:34.777  1627  1627 D wpa_supplicant: EAPOL: getSuppRsp
06-20 13:09:34.777  1627  1627 D wpa_supplicant: EAP: EAP entering state RECEIVED
06-20 13:09:34.781  1627  1627 D wpa_supplicant: EAP: Received EAP-Request id=2 method=4 vendor=0 vendorMethod=0
06-20 13:09:34.781  1627  1627 D wpa_supplicant: EAP: EAP entering state GET_METHOD
06-20 13:09:34.781  1627  1627 D wpa_supplicant: EAP: configuration does not allow: vendor 0 method 4
06-20 13:09:34.781  1627  1627 D wpa_supplicant: EAP: vendor 0 method 4 not allowed
06-20 13:09:34.781  1627  1627 I wpa_supplicant: wlan0: CTRL-EVENT-EAP-PROPOSED-METHOD vendor=0 method=4 -> NAK
06-20 13:09:34.785  1627  1627 D wpa_supplicant: EAP: Building EAP-Nak (requested type 4 vendor=0 method=0 not allowed)
06-20 13:09:34.785  1627  1627 D wpa_supplicant: EAP: EAP entering state SEND_RESPONSE
06-20 13:09:34.785  1627  1627 D wpa_supplicant: EAP: EAP entering state IDLE
06-20 13:09:34.785  1627  1627 D wpa_supplicant: EAPOL: SUPP_BE entering state RESPONSE
06-20 13:09:34.785  1627  1627 D wpa_supplicant: EAPOL: txSuppRsp
06-20 13:09:34.785  1627  1627 D wpa_supplicant: TX EAPOL: dst=d0:c2:82:66:6b:f0
06-20 13:09:34.785  1627  1627 D wpa_supplicant: EAPOL: SUPP_BE entering state RECEIVE
06-20 13:09:34.804  1627  1627 D wpa_supplicant: RTM_NEWLINK: operstate=0 ifi_flags=0x11003 ([UP][LOWER_UP])
06-20 13:09:34.804  1627  1627 D wpa_supplicant: RTM_NEWLINK, IFLA_IFNAME: Interface 'wlan0' added
06-20 13:09:34.804  1627  1627 D wpa_supplicant: Wireless event: cmd=0x8c03 len=20
06-20 13:09:34.804  1627  1627 D wpa_supplicant: RTM_NEWLINK: operstate=0 ifi_flags=0x11003 ([UP][LOWER_UP])
06-20 13:09:34.804  1627  1627 D wpa_supplicant: RTM_NEWLINK, IFLA_IFNAME: Interface 'wlan0' added
06-20 13:09:34.804  1627  1627 D wpa_supplicant: Wireless event: cmd=0x8c02 len=26
06-20 13:09:34.808  1627  1627 D wpa_supplicant: EAPOL: Received EAP-Packet frame
06-20 13:09:34.808  1627  1627 D wpa_supplicant: EAPOL: SUPP_BE entering state REQUEST
06-20 13:09:34.808  1627  1627 D wpa_supplicant: EAPOL: getSuppRsp
06-20 13:09:34.808  1627  1627 D wpa_supplicant: EAP: EAP entering state RECEIVED
06-20 13:09:34.808  1627  1627 D wpa_supplicant: EAP: Received EAP-Request id=3 method=25 vendor=0 vendorMethod=0
06-20 13:09:34.808  1627  1627 D wpa_supplicant: EAP: EAP entering state GET_METHOD
06-20 13:09:34.808  1627  1627 I wpa_supplicant: wlan0: CTRL-EVENT-EAP-PROPOSED-METHOD vendor=0 method=25
06-20 13:09:34.808  1627  1627 D wpa_supplicant: EAP: Initialize selected EAP method: vendor 0 method 25 (PEAP)
06-20 13:09:34.808  1627  1627 D wpa_supplicant: TLS: using phase1 config options
06-20 13:09:34.808  1627  1627 I wpa_supplicant: wlan0: CTRL-EVENT-EAP-METHOD EAP vendor 0 method 25 (PEAP) selected
06-20 13:09:34.808  1627  1627 D wpa_supplicant: EAP: EAP entering state METHOD
06-20 13:09:34.808  1627  1627 D wpa_supplicant: SSL: Received packet(len=6) - Flags 0x20
06-20 13:09:34.808  1627  1627 D wpa_supplicant: EAP-PEAP: Start (server ver=0, own ver=1)
06-20 13:09:34.808  1627  1627 D wpa_supplicant: EAP-PEAP: Using PEAP version 0
06-20 13:09:34.808  1627  1627 D wpa_supplicant: SSL: (where=0x10 ret=0x1)
06-20 13:09:34.808  1627  1627 D wpa_supplicant: SSL: (where=0x1001 ret=0x1)
06-20 13:09:34.808  1627  1627 D wpa_supplicant: SSL: SSL_connect:before/connect initialization
06-20 13:09:34.808  1627  1627 D wpa_supplicant: SSL: (where=0x1001 ret=0x1)
06-20 13:09:34.808  1627  1627 D wpa_supplicant: SSL: SSL_connect:SSLv3 write client hello A
06-20 13:09:34.808  1627  1627 D wpa_supplicant: SSL: (where=0x1002 ret=0xffffffff)
06-20 13:09:34.808  1627  1627 D wpa_supplicant: SSL: SSL_connect:error in SSLv3 read server hello A
06-20 13:09:34.808  1627  1627 D wpa_supplicant: SSL: SSL_connect - want more data
06-20 13:09:34.808  1627  1627 D wpa_supplicant: SSL: 190 bytes pending from ssl_out
06-20 13:09:34.808  1627  1627 D wpa_supplicant: SSL: 190 bytes left to be sent out (of total 190 bytes)
06-20 13:09:34.808  1627  1627 D wpa_supplicant: EAP: method process -> ignore=FALSE methodState=MAY_CONT decision=FAIL
06-20 13:09:34.808  1627  1627 D wpa_supplicant: EAP: EAP entering state SEND_RESPONSE
06-20 13:09:34.808  1627  1627 D wpa_supplicant: EAP: EAP entering state IDLE
06-20 13:09:34.808  1627  1627 D wpa_supplicant: EAPOL: SUPP_BE entering state RESPONSE
06-20 13:09:34.808  1627  1627 D wpa_supplicant: EAPOL: txSuppRsp
06-20 13:09:34.808  1627  1627 D wpa_supplicant: TX EAPOL: dst=d0:c2:82:66:6b:f0
06-20 13:09:34.812  1627  1627 D wpa_supplicant: EAPOL: SUPP_BE entering state RECEIVE
06-20 13:09:34.840  1627  1627 D wpa_supplicant: EAPOL: Received EAP-Packet frame
06-20 13:09:34.840  1627  1627 D wpa_supplicant: EAPOL: SUPP_BE entering state REQUEST
06-20 13:09:34.840  1627  1627 D wpa_supplicant: EAPOL: getSuppRsp
06-20 13:09:34.840  1627  1627 D wpa_supplicant: EAP: EAP entering state RECEIVED
