06-18 17:01:21.179   151   167 D PackageManager: generateServicesMap(android.accounts.AccountAuthenticator): 4 services unchanged
06-18 17:01:21.207   151   167 I SystemServer: Content Manager
06-18 17:01:21.523   151   167 D PackageManager: generateServicesMap(android.content.SyncAdapter): 18 services unchanged
06-18 17:01:21.527   151   167 I ActivityThread: Pub settings: com.android.providers.settings.SettingsProvider
06-18 17:01:21.527   151   167 I dalvikvm: DexOpt: mismatch dep signature for '/data/dalvik-cache/system@framework@core.jar@classes.dex'
06-18 17:01:21.527   151   167 D dalvikvm: ODEX file is stale or bad; removing and retrying (/data/dalvik-cache/system@app@SettingsProvider.apk@classes.dex)
06-18 17:01:21.527   151   167 I SystemServer: System Content Providers
06-18 17:01:21.535   151   167 D dalvikvm: DexOpt: --- BEGIN 'SettingsProvider.apk' (bootstrap=0) ---
06-18 17:01:21.617   193   193 D dalvikvm: DexOpt: load 8ms, verify+opt 36ms
06-18 17:01:21.691   151   167 D dalvikvm: DexOpt: --- END 'SettingsProvider.apk' (success) ---
06-18 17:01:21.691   151   167 D dalvikvm: DEX prep '/system/app/SettingsProvider.apk': unzip in 1ms, rewrite 156ms
06-18 17:01:21.855   151   194 D SettingsProvider: cache for settings table 'secure' rows=49; fullycached=true
06-18 17:01:21.859   151   194 D SettingsProvider: cache for settings table 'system' rows=61; fullycached=true
06-18 17:01:21.960   151   167 I SystemServer: Lights Service
06-18 17:01:21.972   151   167 I SystemServer: Battery Service
06-18 17:01:21.984   151   167 I SystemServer: Vibrator Service
06-18 17:01:22.007   151   167 I power   : *** set_screen_state 1
06-18 17:01:22.007   151   167 D AlarmManagerService: Kernel timezone updated to 240 minutes west of GMT
06-18 17:01:22.007   151   167 I SystemServer: Alarm Manager
06-18 17:01:22.015   151   167 I SystemServer: Init Watchdog
06-18 17:01:22.019   151   167 I SystemServer: Window Manager
06-18 17:01:22.023   151   199 I InputManager: Initializing input manager
06-18 17:01:22.042   151   200 W StatusBarManager: warning: no STATUS_BAR_SERVICE
06-18 17:01:22.062   151   153 D dalvikvm: GC_CONCURRENT freed 410K, 25% free 12272K/16199K, paused 2ms+8ms
06-18 17:01:22.070   151   199 I InputManager: Starting input manager
06-18 17:01:22.074   151   199 I WindowManager: Enabled StrictMode logging for WMThread's Looper
06-18 17:01:22.074   151   167 I SystemServer: Bluetooth Service
06-18 17:01:22.082   151   200 I WindowManager: Enabled StrictMode for PolicyThread's Looper
06-18 17:01:22.085   151   167 I BluetoothProfileState: Message:Entering Stable State
06-18 17:01:22.125   151   167 I BluetoothProfileState: Message:Entering Stable State
06-18 17:01:22.125   151   167 I BluetoothProfileState: Message:Entering Stable State
06-18 17:01:22.125   151   205 D EventHub: No input device configuration file found for device 'compass'.
06-18 17:01:22.132   151   205 D EventHub: No input device configuration file found for device 'cypress-touchkey'.
06-18 17:01:22.132   151   205 I EventHub: New device: id=2, fd=72, path='/dev/input/event5', name='cypress-touchkey', classes=0x1, configuration='', keyLayout='/system/usr/keylayout/cypress-touchkey.kl', keyCharacterMap='/system/usr/keychars/cypress-touchkey.kcm', builtinKeyboard=false
06-18 17:01:22.132   151   205 D EventHub: No input device configuration file found for device 'lightsensor-level'.
06-18 17:01:22.136   151   167 I SystemServer: Input Method Service
06-18 17:01:22.140   151   205 D EventHub: No input device configuration file found for device 'proximity'.
06-18 17:01:22.140   151   213 D BluetoothAdapterStateMachine: PowerOff process message: 5
06-18 17:01:22.140   151   167 W InputManagerService: Couldn't create dir.: /data/system/inputmethod
06-18 17:01:22.148   151   205 D EventHub: No input device configuration file found for device 'herring-keypad'.
06-18 17:01:22.148   151   205 I EventHub: New device: id=5, fd=123, path='/dev/input/event2', name='herring-keypad', classes=0x1, configuration='', keyLayout='/system/usr/keylayout/herring-keypad.kl', keyCharacterMap='/system/usr/keychars/herring-keypad.kcm', builtinKeyboard=false
06-18 17:01:22.148   151   205 D EventHub: No input device configuration file found for device 'gyro'.
06-18 17:01:22.160   151   205 I EventHub: New device: id=7, fd=125, path='/dev/input/event0', name='mxt224_ts_input', classes=0x14, configuration='/system/usr/idc/mxt224_ts_input.idc', keyLayout='', keyCharacterMap='', builtinKeyboard=false
06-18 17:01:22.160   151   205 I InputReader:   Touch device 'mxt224_ts_input' could not query the properties of its associated display 0.  The device will be inoperable until the display size becomes available.
06-18 17:01:22.160   151   205 I InputReader: Device added: id=7, name='mxt224_ts_input', sources=0x00001002
06-18 17:01:22.160   151   205 I InputReader: Device added: id=5, name='herring-keypad', sources=0x00000101
06-18 17:01:22.160   151   205 I InputReader: Device added: id=2, name='cypress-touchkey', sources=0x00000101
06-18 17:01:22.218   151   167 W ResourceType: Failure getting entry for 0x7f060000 (t=5 e=0) in package 0 (error -75)
06-18 17:01:22.226   151   167 I SystemServer: Accessibility Manager
06-18 17:01:22.230   151   205 I InputReader: Reconfiguring input devices.  changes=0x00000004
06-18 17:01:22.230   151   205 I InputReader: Device reconfigured: id=7, name='mxt224_ts_input', surface size is now 480x800, mode is 1
06-18 17:01:22.230   151   167 I ActivityManager: Config changed: {1.0 0mcc0mnc en_US layoutdir=0 sw320dp w320dp h508dp nrml long port ?uimode ?night finger -keyb/v/h -nav/h s.2}
06-18 17:01:22.234    78    78 D PermissionCache: checking android.permission.ACCESS_SURFACE_FLINGER for uid=1000 => granted (375 us)
06-18 17:01:22.242   151   167 I dalvikvm: DexOpt: mismatch dep signature for '/data/dalvik-cache/system@framework@core.jar@classes.dex'
06-18 17:01:22.242   151   167 I PackageManager: Running dexopt on: com.android.providers.applications
06-18 17:01:22.300   151   213 I bluedroid: Starting hciattach daemon
06-18 17:01:22.300   151   213 I bluedroid: bt_enable: ret: -1, errno: 19
06-18 17:01:22.308    78   126 I SurfaceFlinger: Boot is finished (49262 ms)
06-18 17:01:22.398   151   213 I bluedroid: bt_enable: ret: -1, errno: 19
06-18 17:01:22.429   218   218 D dalvikvm: DexOpt: load 34ms, verify+opt 61ms
06-18 17:01:22.507   151   213 I bluedroid: bt_enable: ret: -1, errno: 19
06-18 17:01:22.578   151   167 I dalvikvm: DexOpt: mismatch dep signature for '/data/dalvik-cache/system@framework@core.jar@classes.dex'
06-18 17:01:22.578   151   167 I PackageManager: Running dexopt on: com.android.backupconfirm
06-18 17:01:22.605   151   213 I bluedroid: bt_enable: ret: -1, errno: 19
06-18 17:01:22.660   220   220 D dalvikvm: DexOpt: load 9ms, verify+opt 23ms
06-18 17:01:22.699   151   167 I dalvikvm: DexOpt: mismatch dep signature for '/data/dalvik-cache/system@framework@core.jar@classes.dex'
06-18 17:01:22.699   151   167 I PackageManager: Running dexopt on: com.android.bluetooth
06-18 17:01:22.707   151   213 I bluedroid: bt_enable: ret: -1, errno: 19
06-18 17:01:22.808   151   213 I bluedroid: bt_enable: ret: -1, errno: 19
06-18 17:01:22.906   151   213 I bluedroid: bt_enable: ret: -1, errno: 19
06-18 17:01:22.949   221   221 D dalvikvm: DexOpt: load 19ms, verify+opt 149ms
06-18 17:01:23.011   151   213 I bluedroid: bt_enable: ret: -1, errno: 19
06-18 17:01:23.019   151   167 I dalvikvm: DexOpt: source file CRC mismatch (378b6023 vs 51ee409e)
06-18 17:01:23.019   151   167 I PackageManager: Running dexopt on: com.android.browser
06-18 17:01:23.109   151   213 I bluedroid: bt_enable: ret: -1, errno: 19
06-18 17:01:23.210   151   213 I bluedroid: bt_enable: ret: -1, errno: 19
06-18 17:01:23.308   151   213 I bluedroid: bt_enable: ret: -1, errno: 19
06-18 17:01:23.410   151   213 I bluedroid: bt_enable: ret: -1, errno: 19
06-18 17:01:23.511   151   213 I bluedroid: bt_enable: ret: -1, errno: 19
06-18 17:01:23.609   151   213 I bluedroid: bt_enable: ret: -1, errno: 19
06-18 17:01:23.695   222   222 D dalvikvm: DexOpt: load 162ms, verify+opt 400ms
06-18 17:01:23.710   151   213 I bluedroid: bt_enable: ret: -1, errno: 19
06-18 17:01:23.812   151   213 I bluedroid: bt_enable: ret: -1, errno: 19
06-18 17:01:23.914   151   213 I bluedroid: bt_enable: ret: -1, errno: 19
06-18 17:01:23.964   151   167 I dalvikvm: DexOpt: mismatch dep signature for '/data/dalvik-cache/system@framework@core.jar@classes.dex'
06-18 17:01:23.972   151   167 I PackageManager: Running dexopt on: com.android.calculator2
06-18 17:01:24.011   151   213 I bluedroid: bt_enable: ret: -1, errno: 19
06-18 17:01:24.113   151   213 I bluedroid: bt_enable: ret: -1, errno: 19
06-18 17:01:24.128   223   223 D dalvikvm: DexOpt: load 45ms, verify+opt 66ms
06-18 17:01:24.128   219   219 E brcm_patchram_plus: Done setting line discpline
06-18 17:01:24.175   151   167 I dalvikvm: DexOpt: source file CRC mismatch (d1362c42 vs b55aa285)
06-18 17:01:24.175   151   167 I PackageManager: Running dexopt on: com.android.calendar
06-18 17:01:24.214   151   213 I bluedroid: bt_enable: ret: -1, errno: 114
06-18 17:01:24.214   151   213 W bluedroid: Bluetoothd already started, unexpectedly!
06-18 17:01:24.214   151   213 I bluedroid: Starting bluetoothd deamon
06-18 17:01:24.218   151   213 E BluetoothEventLoop.cpp: get_adapter_path: D-Bus error: org.freedesktop.DBus.Error.ServiceUnknown (The name org.bluez was not provided by any .service files)
06-18 17:01:24.230   151   213 E BluetoothEventLoop.cpp: get_adapter_path: D-Bus error: org.freedesktop.DBus.Error.ServiceUnknown (The name org.bluez was not provided by any .service files)
06-18 17:01:24.242   151   213 E BluetoothEventLoop.cpp: get_adapter_path: D-Bus error: org.freedesktop.DBus.Error.ServiceUnknown (The name org.bluez was not provided by any .service files)
06-18 17:01:24.253   151   213 E BluetoothEventLoop.cpp: get_adapter_path: D-Bus error: org.freedesktop.DBus.Error.ServiceUnknown (The name org.bluez was not provided by any .service files)
06-18 17:01:24.265   151   213 E BluetoothEventLoop.cpp: get_adapter_path: D-Bus error: org.freedesktop.DBus.Error.ServiceUnknown (The name org.bluez was not provided by any .service files)
06-18 17:01:24.312   151   213 E BluetoothEventLoop.cpp: get_adapter_path: D-Bus error: org.bluez.Error.NoSuchAdapter (No such adapter)
06-18 17:01:24.312   151   213 E BluetoothEventLoop.cpp: failure setting up Event Loop!
06-18 17:01:24.457   231   231 D dalvikvm: DexOpt: 'Lcom/android/i18n/phonenumbers/CountryCodeToRegionCodeMap;' has an earlier definition; blocking out
06-18 17:01:24.457   231   231 D dalvikvm: DexOpt: 'Lcom/android/i18n/phonenumbers/NumberParseException$ErrorType;' has an earlier definition; blocking out
06-18 17:01:24.457   231   231 D dalvikvm: DexOpt: 'Lcom/android/i18n/phonenumbers/NumberParseException;' has an earlier definition; blocking out
06-18 17:01:24.457   231   231 D dalvikvm: DexOpt: 'Lcom/android/i18n/phonenumbers/PhoneNumberMatch;' has an earlier definition; blocking out
06-18 17:01:24.457   231   231 D dalvikvm: DexOpt: 'Lcom/android/i18n/phonenumbers/PhoneNumberMatcher$State;' has an earlier definition; blocking out
06-18 17:01:24.457   231   231 D dalvikvm: DexOpt: 'Lcom/android/i18n/phonenumbers/PhoneNumberMatcher;' has an earlier definition; blocking out
06-18 17:01:24.457   231   231 D dalvikvm: DexOpt: 'Lcom/android/i18n/phonenumbers/PhoneNumberUtil$1;' has an earlier definition; blocking out
06-18 17:01:24.457   231   231 D dalvikvm: DexOpt: 'Lcom/android/i18n/phonenumbers/PhoneNumberUtil$2;' has an earlier definition; blocking out
06-18 17:01:24.457   231   231 D dalvikvm: DexOpt: 'Lcom/android/i18n/phonenumbers/PhoneNumberUtil$Leniency;' has an earlier definition; blocking out
06-18 17:01:24.457   231   231 D dalvikvm: DexOpt: 'Lcom/android/i18n/phonenumbers/PhoneNumberUtil$Leniency$1;' has an earlier definition; blocking out
06-18 17:01:24.457   231   231 D dalvikvm: DexOpt: 'Lcom/android/i18n/phonenumbers/PhoneNumberUtil$Leniency$2;' has an earlier definition; blocking out
06-18 17:01:24.457   231   231 D dalvikvm: DexOpt: 'Lcom/android/i18n/phonenumbers/PhoneNumberUtil$Leniency$3;' has an earlier definition; blocking out
06-18 17:01:24.457   231   231 D dalvikvm: DexOpt: 'Lcom/android/i18n/phonenumbers/PhoneNumberUtil$Leniency$4;' has an earlier definition; blocking out
06-18 17:01:24.457   231   231 D dalvikvm: DexOpt: 'Lcom/android/i18n/phonenumbers/PhoneNumberUtil$MatchType;' has an earlier definition; blocking out
06-18 17:01:24.457   231   231 D dalvikvm: DexOpt: 'Lcom/android/i18n/phonenumbers/PhoneNumberUtil$PhoneNumberFormat;' has an earlier definition; blocking out
06-18 17:01:24.457   231   231 D dalvikvm: DexOpt: 'Lcom/android/i18n/phonenumbers/PhoneNumberUtil$PhoneNumberType;' has an earlier definition; blocking out
06-18 17:01:24.457   231   231 D dalvikvm: DexOpt: 'Lcom/android/i18n/phonenumbers/PhoneNumberUtil$ValidationResult;' has an earlier definition; blocking out
06-18 17:01:24.457   231   231 D dalvikvm: DexOpt: 'Lcom/android/i18n/phonenumbers/PhoneNumberUtil;' has an earlier definition; blocking out
06-18 17:01:24.457   231   231 D dalvikvm: DexOpt: 'Lcom/android/i18n/phonenumbers/Phonemetadata$NumberFormat;' has an earlier definition; blocking out
06-18 17:01:24.457   231   231 D dalvikvm: DexOpt: 'Lcom/android/i18n/phonenumbers/Phonemetadata$PhoneMetadata;' has an earlier definition; blocking out
06-18 17:01:24.457   231   231 D dalvikvm: DexOpt: 'Lcom/android/i18n/phonenumbers/Phonemetadata$PhoneMetadataCollection;' has an earlier definition; blocking out
06-18 17:01:24.457   231   231 D dalvikvm: DexOpt: 'Lcom/android/i18n/phonenumbers/Phonemetadata$PhoneNumberDesc;' has an earlier definition; blocking out
06-18 17:01:24.457   231   231 D dalvikvm: DexOpt: 'Lcom/android/i18n/phonenumbers/Phonemetadata;' has an earlier definition; blocking out
06-18 17:01:24.457   231   231 D dalvikvm: DexOpt: 'Lcom/android/i18n/phonenumbers/Phonenumber$PhoneNumber$CountryCodeSource;' has an earlier definition; blocking out
06-18 17:01:24.457   231   231 D dalvikvm: DexOpt: 'Lcom/android/i18n/phonenumbers/Phonenumber$PhoneNumber;' has an earlier definition; blocking out
06-18 17:01:24.457   231   231 D dalvikvm: DexOpt: 'Lcom/android/i18n/phonenumbers/Phonenumber;' has an earlier definition; blocking out
06-18 17:01:24.460   231   231 D dalvikvm: DexOpt: 'Lcom/android/i18n/phonenumbers/RegexCache$LRUCache$1;' has an earlier definition; blocking out
06-18 17:01:24.460   231   231 D dalvikvm: DexOpt: 'Lcom/android/i18n/phonenumbers/RegexCache$LRUCache;' has an earlier definition; blocking out
06-18 17:01:24.460   231   231 D dalvikvm: DexOpt: 'Lcom/android/i18n/phonenumbers/RegexCache;' has an earlier definition; blocking out
06-18 17:01:24.582   231   231 I dalvikvm: DexOpt: not resolving ambiguous class 'Lcom/android/i18n/phonenumbers/PhoneNumberUtil;'
06-18 17:01:24.804   231   231 D dalvikvm: DexOpt: not verifying/optimizing 'Lcom/android/i18n/phonenumbers/CountryCodeToRegionCodeMap;': multiple definitions
06-18 17:01:24.804   231   231 D dalvikvm: DexOpt: not verifying/optimizing 'Lcom/android/i18n/phonenumbers/NumberParseException$ErrorType;': multiple definitions
06-18 17:01:24.804   231   231 D dalvikvm: DexOpt: not verifying/optimizing 'Lcom/android/i18n/phonenumbers/NumberParseException;': multiple definitions
06-18 17:01:24.804   231   231 D dalvikvm: DexOpt: not verifying/optimizing 'Lcom/android/i18n/phonenumbers/PhoneNumberMatch;': multiple definitions
06-18 17:01:24.804   231   231 D dalvikvm: DexOpt: not verifying/optimizing 'Lcom/android/i18n/phonenumbers/PhoneNumberMatcher$State;': multiple definitions
06-18 17:01:24.804   231   231 D dalvikvm: DexOpt: not verifying/optimizing 'Lcom/android/i18n/phonenumbers/PhoneNumberMatcher;': multiple definitions
06-18 17:01:24.804   231   231 D dalvikvm: DexOpt: not verifying/optimizing 'Lcom/android/i18n/phonenumbers/PhoneNumberUtil$1;': multiple definitions
06-18 17:01:24.804   231   231 D dalvikvm: DexOpt: not verifying/optimizing 'Lcom/android/i18n/phonenumbers/PhoneNumberUtil$2;': multiple definitions
06-18 17:01:24.804   231   231 D dalvikvm: DexOpt: not verifying/optimizing 'Lcom/android/i18n/phonenumbers/PhoneNumberUtil$Leniency;': multiple definitions
06-18 17:01:24.804   231   231 D dalvikvm: DexOpt: not verifying/optimizing 'Lcom/android/i18n/phonenumbers/PhoneNumberUtil$Leniency$1;': multiple definitions
06-18 17:01:24.804   231   231 D dalvikvm: DexOpt: not verifying/optimizing 'Lcom/android/i18n/phonenumbers/PhoneNumberUtil$Leniency$2;': multiple definitions
06-18 17:01:24.804   231   231 D dalvikvm: DexOpt: not verifying/optimizing 'Lcom/android/i18n/phonenumbers/PhoneNumberUtil$Leniency$3;': multiple definitions
06-18 17:01:24.804   231   231 D dalvikvm: DexOpt: not verifying/optimizing 'Lcom/android/i18n/phonenumbers/PhoneNumberUtil$Leniency$4;': multiple definitions
06-18 17:01:24.804   231   231 D dalvikvm: DexOpt: not verifying/optimizing 'Lcom/android/i18n/phonenumbers/PhoneNumberUtil$MatchType;': multiple definitions
06-18 17:01:24.804   231   231 D dalvikvm: DexOpt: not verifying/optimizing 'Lcom/android/i18n/phonenumbers/PhoneNumberUtil$PhoneNumberFormat;': multiple definitions
06-18 17:01:24.804   231   231 D dalvikvm: DexOpt: not verifying/optimizing 'Lcom/android/i18n/phonenumbers/PhoneNumberUtil$PhoneNumberType;': multiple definitions
06-18 17:01:24.804   231   231 D dalvikvm: DexOpt: not verifying/optimizing 'Lcom/android/i18n/phonenumbers/PhoneNumberUtil$ValidationResult;': multiple definitions
06-18 17:01:24.804   231   231 D dalvikvm: DexOpt: not verifying/optimizing 'Lcom/android/i18n/phonenumbers/PhoneNumberUtil;': multiple definitions
06-18 17:01:24.804   231   231 D dalvikvm: DexOpt: not verifying/optimizing 'Lcom/android/i18n/phonenumbers/Phonemetadata$NumberFormat;': multiple definitions
06-18 17:01:24.804   231   231 D dalvikvm: DexOpt: not verifying/optimizing 'Lcom/android/i18n/phonenumbers/Phonemetadata$PhoneMetadata;': multiple definitions
06-18 17:01:24.804   231   231 D dalvikvm: DexOpt: not verifying/optimizing 'Lcom/android/i18n/phonenumbers/Phonemetadata$PhoneMetadataCollection;': multiple definitions
06-18 17:01:24.804   231   231 D dalvikvm: DexOpt: not verifying/optimizing 'Lcom/android/i18n/phonenumbers/Phonemetadata$PhoneNumberDesc;': multiple definitions
06-18 17:01:24.804   231   231 D dalvikvm: DexOpt: not verifying/optimizing 'Lcom/android/i18n/phonenumbers/Phonemetadata;': multiple definitions
06-18 17:01:24.804   231   231 D dalvikvm: DexOpt: not verifying/optimizing 'Lcom/android/i18n/phonenumbers/Phonenumber$PhoneNumber$CountryCodeSource;': multiple definitions
06-18 17:01:24.804   231   231 D dalvikvm: DexOpt: not verifying/optimizing 'Lcom/android/i18n/phonenumbers/Phonenumber$PhoneNumber;': multiple definitions
06-18 17:01:24.804   231   231 D dalvikvm: DexOpt: not verifying/optimizing 'Lcom/android/i18n/phonenumbers/Phonenumber;': multiple definitions
06-18 17:01:24.804   231   231 D dalvikvm: DexOpt: not verifying/optimizing 'Lcom/android/i18n/phonenumbers/RegexCache$LRUCache$1;': multiple definitions
06-18 17:01:24.804   231   231 D dalvikvm: DexOpt: not verifying/optimizing 'Lcom/android/i18n/phonenumbers/RegexCache$LRUCache;': multiple definitions
06-18 17:01:24.804   231   231 D dalvikvm: DexOpt: not verifying/optimizing 'Lcom/android/i18n/phonenumbers/RegexCache;': multiple definitions
06-18 17:01:24.804   231   231 D dalvikvm: DexOpt: load 101ms, verify+opt 345ms
06-18 17:01:25.031   151   167 I dalvikvm: DexOpt: mismatch dep signature for '/data/dalvik-cache/system@framework@core.jar@classes.dex'
06-18 17:01:25.031   151   167 I PackageManager: Running dexopt on: com.android.providers.calendar
06-18 17:01:25.050   151   213 E BluetoothService.cpp: setBluetoothTetheringNative true
06-18 17:01:25.054   151   233 D BluetoothEventLoop: Property Changed: Pairable : false
06-18 17:01:25.054   151   233 D BluetoothEventLoop: Property Changed: Powered : false
06-18 17:01:25.054   151   233 D BluetoothEventLoop: Property Changed: UUIDs : 6
06-18 17:01:25.062   151   213 D BluetoothAdapterStateMachine: WarmUp process message: 54
06-18 17:01:25.066   151   233 D BluetoothEventLoop: Property Changed: UUIDs : 7
06-18 17:01:25.066   151   233 D BluetoothEventLoop: Property Changed: UUIDs : 8
06-18 17:01:25.066   151   233 D BluetoothEventLoop: Property Changed: UUIDs : 9
06-18 17:01:25.070   151   233 D BluetoothEventLoop: Property Changed: UUIDs : 10
06-18 17:01:25.070   151   213 D BluetoothAdapterStateMachine: WarmUp process message: 51
06-18 17:01:25.304   234   234 D dalvikvm: DexOpt: load 15ms, verify+opt 176ms
06-18 17:01:25.503   151   167 I dalvikvm: DexOpt: mismatch dep signature for '/data/dalvik-cache/system@framework@core.jar@classes.dex'
06-18 17:01:25.507   151   167 I PackageManager: Running dexopt on: com.android.camera
06-18 17:01:25.828   235   235 D dalvikvm: DexOpt: load 73ms, verify+opt 183ms
06-18 17:01:26.144   151   167 I dalvikvm: DexOpt: source file CRC mismatch (58ff265c vs cbc65ba9)
06-18 17:01:26.144   151   167 I PackageManager: Running dexopt on: com.android.certinstaller
06-18 17:01:26.261   236   236 D dalvikvm: DexOpt: load 12ms, verify+opt 50ms
06-18 17:01:26.527   151   167 I dalvikvm: DexOpt: mismatch dep signature for '/data/dalvik-cache/system@framework@core.jar@classes.dex'
06-18 17:01:26.527   151   167 I PackageManager: Running dexopt on: com.google.android.syncadapters.bookmarks
06-18 17:01:26.804   237   237 D dalvikvm: DexOpt: load 21ms, verify+opt 178ms
06-18 17:01:26.988   151   167 I dalvikvm: DexOpt: source file CRC mismatch (54f2d530 vs 2bd61024)
06-18 17:01:26.988   151   167 I PackageManager: Running dexopt on: com.android.contacts
06-18 17:01:28.402   238   238 D dalvikvm: DexOpt: load 198ms, verify+opt 926ms
06-18 17:01:28.917   151   167 I dalvikvm: DexOpt: source file CRC mismatch (c52fc1ac vs d0b29f78)
06-18 17:01:28.917   151   167 I PackageManager: Running dexopt on: com.android.providers.contacts
06-18 17:01:29.664   239   239 D dalvikvm: DexOpt: load 72ms, verify+opt 511ms
06-18 17:01:30.183   151   167 I dalvikvm: DexOpt: mismatch dep signature for '/data/dalvik-cache/system@framework@core.jar@classes.dex'
06-18 17:01:30.183   151   167 I PackageManager: Running dexopt on: com.android.defcontainer
06-18 17:01:30.238   240   240 D dalvikvm: DexOpt: load 6ms, verify+opt 13ms
06-18 17:01:30.273   151   167 I dalvikvm: DexOpt: mismatch dep signature for '/data/dalvik-cache/system@framework@core.jar@classes.dex'
06-18 17:01:30.273   151   167 I PackageManager: Running dexopt on: com.android.deskclock
06-18 17:01:30.449   241   241 D dalvikvm: DexOpt: load 49ms, verify+opt 75ms
06-18 17:01:31.046   151   167 I dalvikvm: DexOpt: source file CRC mismatch (95477a98 vs 2647c9db)
06-18 17:01:31.046   151   167 I PackageManager: Running dexopt on: com.android.providers.downloads
06-18 17:01:31.199   242   242 D dalvikvm: DexOpt: load 14ms, verify+opt 86ms
06-18 17:01:31.261   151   167 I dalvikvm: DexOpt: mismatch dep signature for '/data/dalvik-cache/system@framework@core.jar@classes.dex'
06-18 17:01:31.261   151   167 I PackageManager: Running dexopt on: com.android.providers.downloads.ui
06-18 17:01:31.394   243   243 D dalvikvm: DexOpt: load 26ms, verify+opt 62ms
06-18 17:01:31.468   151   167 I dalvikvm: DexOpt: mismatch dep signature for '/data/dalvik-cache/system@framework@core.jar@classes.dex'
06-18 17:01:31.468   151   167 I PackageManager: Running dexopt on: com.android.providers.drm
06-18 17:01:31.519   244   244 D dalvikvm: DexOpt: load 4ms, verify+opt 11ms
06-18 17:01:31.562   151   167 I dalvikvm: DexOpt: source file CRC mismatch (9d3590b5 vs 62f0ee7d)
06-18 17:01:31.562   151   167 I PackageManager: Running dexopt on: com.android.email
06-18 17:01:32.859   245   245 D dalvikvm: DexOpt: load 170ms, verify+opt 865ms
06-18 17:01:33.156   151   167 I dalvikvm: DexOpt: source file CRC mismatch (fa126236 vs abbee3dc)
06-18 17:01:33.156   151   167 I PackageManager: Running dexopt on: com.android.exchange
06-18 17:01:34.042   246   246 D dalvikvm: DexOpt: load 88ms, verify+opt 628ms
06-18 17:01:34.785   151   167 I dalvikvm: DexOpt: mismatch dep signature for '/data/dalvik-cache/system@framework@core.jar@classes.dex'
06-18 17:01:34.789   151   167 I PackageManager: Running dexopt on: com.google.android.apps.genie.geniewidget
06-18 17:01:35.207   247   247 D dalvikvm: DexOpt: load 82ms, verify+opt 247ms
06-18 17:01:35.597   151   167 I dalvikvm: DexOpt: mismatch dep signature for '/data/dalvik-cache/system@framework@core.jar@classes.dex'
06-18 17:01:35.597   151   167 I PackageManager: Running dexopt on: com.google.android.gm
06-18 17:01:36.789   248   248 D dalvikvm: DexOpt: load 171ms, verify+opt 815ms
06-18 17:01:37.296   151   167 I dalvikvm: DexOpt: mismatch dep signature for '/data/dalvik-cache/system@framework@core.jar@classes.dex'
06-18 17:01:37.296   151   167 I PackageManager: Running dexopt on: com.google.android.backup
06-18 17:01:37.480   249   249 D dalvikvm: DexOpt: load 19ms, verify+opt 115ms
06-18 17:01:37.609   151   167 I dalvikvm: DexOpt: mismatch dep signature for '/data/dalvik-cache/system@framework@core.jar@classes.dex'
06-18 17:01:37.609   151   167 I PackageManager: Running dexopt on: com.google.android.syncadapters.calendar
06-18 17:01:37.847   250   250 D dalvikvm: DexOpt: load 13ms, verify+opt 155ms
06-18 17:01:37.960   151   167 I dalvikvm: DexOpt: mismatch dep signature for '/data/dalvik-cache/system@framework@core.jar@classes.dex'
06-18 17:01:37.960   151   167 I PackageManager: Running dexopt on: com.google.android.syncadapters.contacts
06-18 17:01:38.242   251   251 D dalvikvm: DexOpt: load 18ms, verify+opt 191ms
06-18 17:01:38.484   151   167 I dalvikvm: DexOpt: mismatch dep signature for '/data/dalvik-cache/system@framework@core.jar@classes.dex'
06-18 17:01:38.484   151   167 I PackageManager: Running dexopt on: com.google.android.feedback
06-18 17:01:38.718   252   252 D dalvikvm: DexOpt: load 15ms, verify+opt 156ms
06-18 17:01:38.878   151   167 I dalvikvm: DexOpt: mismatch dep signature for '/data/dalvik-cache/system@framework@core.jar@classes.dex'
06-18 17:01:38.878   151   167 I PackageManager: Running dexopt on: com.google.android.gsf.login
06-18 17:01:39.269   253   253 D dalvikvm: DexOpt: load 64ms, verify+opt 254ms
06-18 17:01:39.371   151   167 I dalvikvm: DexOpt: mismatch dep signature for '/data/dalvik-cache/system@framework@core.jar@classes.dex'
06-18 17:01:39.371   151   167 I PackageManager: Running dexopt on: com.google.android.partnersetup
06-18 17:01:39.574   254   254 D dalvikvm: DexOpt: load 16ms, verify+opt 132ms
06-18 17:01:39.714   151   167 I dalvikvm: DexOpt: mismatch dep signature for '/data/dalvik-cache/system@framework@core.jar@classes.dex'
06-18 17:01:39.714   151   167 I PackageManager: Running dexopt on: com.google.android.googlequicksearchbox
06-18 17:01:40.253   255   255 D dalvikvm: DexOpt: load 100ms, verify+opt 315ms
06-18 17:01:40.496   151   167 I dalvikvm: DexOpt: mismatch dep signature for '/data/dalvik-cache/system@framework@core.jar@classes.dex'
06-18 17:01:40.496   151   167 I PackageManager: Running dexopt on: com.google.android.gsf
06-18 17:01:41.410   256   256 D dalvikvm: DexOpt: load 53ms, verify+opt 691ms
06-18 17:01:42.058   151   167 I dalvikvm: DexOpt: mismatch dep signature for '/data/dalvik-cache/system@framework@core.jar@classes.dex'
06-18 17:01:42.058   151   167 I PackageManager: Running dexopt on: com.google.android.tts
06-18 17:01:42.757   259   259 D dalvikvm: DexOpt: load 84ms, verify+opt 431ms
06-18 17:01:42.984   151   167 I dalvikvm: DexOpt: mismatch dep signature for '/data/dalvik-cache/system@framework@core.jar@classes.dex'
06-18 17:01:42.984   151   167 I PackageManager: Running dexopt on: com.android.htmlviewer
06-18 17:01:43.066   260   260 D dalvikvm: DexOpt: load 13ms, verify+opt 34ms
06-18 17:01:43.203   151   167 I dalvikvm: DexOpt: mismatch dep signature for '/data/dalvik-cache/system@framework@core.jar@classes.dex'
06-18 17:01:43.203   151   167 I PackageManager: Running dexopt on: com.android.keychain
06-18 17:01:43.335   261   261 D dalvikvm: DexOpt: load 10ms, verify+opt 63ms
06-18 17:01:43.375   151   167 I dalvikvm: DexOpt: mismatch dep signature for '/data/dalvik-cache/system@framework@core.jar@classes.dex'
06-18 17:01:43.375   151   167 I PackageManager: Running dexopt on: com.android.inputmethod.latin
06-18 17:01:43.726   262   262 D dalvikvm: DexOpt: load 47ms, verify+opt 211ms
06-18 17:01:43.824   151   167 I dalvikvm: DexOpt: mismatch dep signature for '/data/dalvik-cache/system@framework@core.jar@classes.dex'
06-18 17:01:43.824   151   167 I PackageManager: Running dexopt on: com.android.launcher
06-18 17:01:43.960   151   153 D dalvikvm: GC_CONCURRENT freed 581K, 24% free 12379K/16199K, paused 3ms+9ms
06-18 17:01:44.375   263   263 D dalvikvm: DexOpt: load 108ms, verify+opt 295ms
06-18 17:01:44.531   151   167 I dalvikvm: DexOpt: source file CRC mismatch (a9a77272 vs a577a708)
06-18 17:01:44.531   151   167 I PackageManager: Running dexopt on: com.android.wallpaper
06-18 17:01:44.644   264   264 D dalvikvm: DexOpt: load 21ms, verify+opt 35ms
06-18 17:01:44.750   151   167 I dalvikvm: DexOpt: mismatch dep signature for '/data/dalvik-cache/system@framework@core.jar@classes.dex'
06-18 17:01:44.753   151   167 I PackageManager: Running dexopt on: com.android.wallpaper.livepicker
06-18 17:01:44.863   265   265 D dalvikvm: DexOpt: load 15ms, verify+opt 43ms
06-18 17:01:44.894   151   167 I dalvikvm: DexOpt: mismatch dep signature for '/data/dalvik-cache/system@framework@core.jar@classes.dex'
06-18 17:01:44.894   151   167 I PackageManager: Running dexopt on: com.android.vending.updater
06-18 17:01:44.957   266   266 D dalvikvm: DexOpt: load 5ms, verify+opt 2ms
06-18 17:01:44.992   151   167 I dalvikvm: DexOpt: source file CRC mismatch (3d58b863 vs 7b8d3248)
06-18 17:01:44.992   151   167 I PackageManager: Running dexopt on: com.android.providers.media
06-18 17:01:45.140   267   267 D dalvikvm: DexOpt: load 8ms, verify+opt 65ms
06-18 17:01:45.539   151   167 I dalvikvm: DexOpt: mismatch dep signature for '/data/dalvik-cache/system@framework@core.jar@classes.dex'
06-18 17:01:45.542   151   167 I PackageManager: Running dexopt on: com.google.android.apps.uploader
06-18 17:01:46.199   268   268 D dalvikvm: DexOpt: load 58ms, verify+opt 446ms
06-18 17:01:46.433   151   167 I dalvikvm: DexOpt: source file CRC mismatch (af84e93d vs fdb62c9f)
06-18 17:01:46.433   151   167 I PackageManager: Running dexopt on: com.android.mms
06-18 17:01:46.996   269   269 D dalvikvm: DexOpt: load 117ms, verify+opt 337ms
06-18 17:01:47.390   151   167 I dalvikvm: DexOpt: mismatch dep signature for '/data/dalvik-cache/system@framework@core.jar@classes.dex'
06-18 17:01:47.390   151   167 I PackageManager: Running dexopt on: com.android.music
06-18 17:01:47.679   270   270 D dalvikvm: DexOpt: load 60ms, verify+opt 166ms
06-18 17:01:47.910   151   167 I dalvikvm: DexOpt: mismatch dep signature for '/data/dalvik-cache/system@framework@core.jar@classes.dex'
06-18 17:01:47.910   151   167 I PackageManager: Running dexopt on: com.android.musicfx
06-18 17:01:48.089   271   271 D dalvikvm: DexOpt: load 19ms, verify+opt 112ms
06-18 17:01:48.250   151   167 I dalvikvm: DexOpt: mismatch dep signature for '/data/dalvik-cache/system@framework@core.jar@classes.dex'
06-18 17:01:48.250   151   167 I PackageManager: Running dexopt on: com.google.android.location
06-18 17:01:48.542   272   272 D dalvikvm: DexOpt: load 24ms, verify+opt 180ms
06-18 17:01:48.632   151   167 I dalvikvm: DexOpt: mismatch dep signature for '/data/dalvik-cache/system@framework@core.jar@classes.dex'
06-18 17:01:48.632   151   167 I PackageManager: Running dexopt on: com.android.nfc
06-18 17:01:48.816   273   273 D dalvikvm: DexOpt: load 18ms, verify+opt 100ms
06-18 17:01:48.914   151   167 I dalvikvm: DexOpt: mismatch dep signature for '/data/dalvik-cache/system@framework@core.jar@classes.dex'
06-18 17:01:48.914   151   167 I PackageManager: Running dexopt on: com.google.android.onetimeinitializer
06-18 17:01:48.972   274   274 D dalvikvm: DexOpt: load 11ms, verify+opt 14ms
06-18 17:01:49.074   151   167 I dalvikvm: DexOpt: mismatch dep signature for '/data/dalvik-cache/system@framework@core.jar@classes.dex'
06-18 17:01:49.074   151   167 I PackageManager: Running dexopt on: jp.co.omronsoft.openwnn
06-18 17:01:49.328   275   275 D dalvikvm: DexOpt: load 38ms, verify+opt 144ms
06-18 17:01:49.398   151   167 I dalvikvm: DexOpt: mismatch dep signature for '/data/dalvik-cache/system@framework@core.jar@classes.dex'
06-18 17:01:49.398   151   167 I PackageManager: Running dexopt on: com.android.packageinstaller
06-18 17:01:49.519   276   276 D dalvikvm: DexOpt: load 14ms, verify+opt 50ms
06-18 17:01:49.671   151   167 I dalvikvm: DexOpt: source file CRC mismatch (689fb642 vs d87d40ad)
06-18 17:01:49.671   151   167 I PackageManager: Running dexopt on: com.android.phone
06-18 17:01:50.222   277   277 D dalvikvm: DexOpt: load 60ms, verify+opt 383ms
06-18 17:01:50.457   151   167 I dalvikvm: DexOpt: source file CRC mismatch (d0c65f2d vs 1d3c2c32)
06-18 17:01:50.457   151   167 I PackageManager: Running dexopt on: edu.buffalo.cse.phonelab.phonelabservices
06-18 17:01:50.691   278   278 D dalvikvm: DexOpt: load 20ms, verify+opt 158ms
06-18 17:01:51.046   151   167 I dalvikvm: DexOpt: mismatch dep signature for '/data/dalvik-cache/system@framework@core.jar@classes.dex'
06-18 17:01:51.046   151   167 I PackageManager: Running dexopt on: com.svox.pico
06-18 17:01:51.117   279   279 D dalvikvm: DexOpt: load 17ms, verify+opt 9ms
06-18 17:01:51.199   151   167 I dalvikvm: DexOpt: source file CRC mismatch (84cc3b61 vs 9f07865e)
06-18 17:01:51.199   151   167 I PackageManager: Running dexopt on: com.android.inputmethod.pinyin
06-18 17:01:51.402   280   280 D dalvikvm: DexOpt: load 37ms, verify+opt 96ms
06-18 17:01:51.437   151   167 I dalvikvm: DexOpt: mismatch dep signature for '/data/dalvik-cache/system@framework@core.jar@classes.dex'
06-18 17:01:51.437   151   167 I PackageManager: Running dexopt on: com.android.provision
06-18 17:01:51.503   281   281 D dalvikvm: DexOpt: load 12ms, verify+opt 2ms
06-18 17:01:51.636   151   167 I dalvikvm: DexOpt: source file CRC mismatch (e3ff9575 vs fcf859c9)
06-18 17:01:51.636   151   167 I PackageManager: Running dexopt on: com.android.quicksearchbox
06-18 17:01:51.988   282   282 D dalvikvm: DexOpt: load 96ms, verify+opt 158ms
06-18 17:01:52.292   151   167 I dalvikvm: DexOpt: source file CRC mismatch (cb08450a vs 15edaaba)
06-18 17:01:52.296   151   167 I PackageManager: Running dexopt on: com.android.settings
06-18 17:01:53.179   283   283 D dalvikvm: DexOpt: load 108ms, verify+opt 627ms
06-18 17:01:53.570   151   167 I dalvikvm: DexOpt: mismatch dep signature for '/data/dalvik-cache/system@framework@core.jar@classes.dex'
06-18 17:01:53.570   151   167 I PackageManager: Running dexopt on: com.android.sharedstoragebackup
06-18 17:01:53.625   284   284 D dalvikvm: DexOpt: load 5ms, verify+opt 3ms
06-18 17:01:53.687   151   167 I dalvikvm: DexOpt: mismatch dep signature for '/data/dalvik-cache/system@framework@core.jar@classes.dex'
06-18 17:01:53.687   151   167 I PackageManager: Running dexopt on: com.android.soundrecorder
06-18 17:01:53.796   285   285 D dalvikvm: DexOpt: load 16ms, verify+opt 46ms
06-18 17:01:53.828   151   167 I dalvikvm: DexOpt: mismatch dep signature for '/data/dalvik-cache/system@framework@core.jar@classes.dex'
06-18 17:01:53.828   151   167 I PackageManager: Running dexopt on: com.android.sprintmenu
06-18 17:01:54.144   286   286 D dalvikvm: DexOpt: load 25ms, verify+opt 214ms
06-18 17:01:54.312   151   167 I dalvikvm: DexOpt: mismatch dep signature for '/data/dalvik-cache/system@framework@core.jar@classes.dex'
06-18 17:01:54.312   151   167 I PackageManager: Running dexopt on: com.android.systemui
06-18 17:01:54.691   287   287 D dalvikvm: DexOpt: load 83ms, verify+opt 213ms
06-18 17:01:54.773   151   167 I dalvikvm: DexOpt: mismatch dep signature for '/data/dalvik-cache/system@framework@core.jar@classes.dex'
06-18 17:01:54.773   151   167 I PackageManager: Running dexopt on: com.samsung.update
06-18 17:01:54.886   288   288 D dalvikvm: DexOpt: load 11ms, verify+opt 40ms
06-18 17:01:54.941   151   167 I dalvikvm: DexOpt: mismatch dep signature for '/data/dalvik-cache/system@framework@core.jar@classes.dex'
06-18 17:01:54.953   151   167 I PackageManager: Running dexopt on: com.android.apps.tag
06-18 17:01:55.152   289   289 D dalvikvm: DexOpt: load 21ms, verify+opt 115ms
06-18 17:01:55.394   151   167 I dalvikvm: DexOpt: mismatch dep signature for '/data/dalvik-cache/system@framework@core.jar@classes.dex'
06-18 17:01:55.394   151   167 I PackageManager: Running dexopt on: com.google.android.talk
06-18 17:01:56.234   290   290 D dalvikvm: DexOpt: load 115ms, verify+opt 558ms
06-18 17:01:57.140   151   167 I dalvikvm: DexOpt: mismatch dep signature for '/data/dalvik-cache/system@framework@core.jar@classes.dex'
06-18 17:01:57.144   151   167 I PackageManager: Running dexopt on: com.android.providers.telephony
06-18 17:01:57.250   291   291 D dalvikvm: DexOpt: load 6ms, verify+opt 50ms
06-18 17:01:57.285   151   167 I dalvikvm: DexOpt: mismatch dep signature for '/data/dalvik-cache/system@framework@core.jar@classes.dex'
06-18 17:01:57.285   151   167 I PackageManager: Running dexopt on: com.android.providers.userdictionary
06-18 17:01:57.355   292   292 D dalvikvm: DexOpt: load 6ms, verify+opt 10ms
06-18 17:01:57.394   151   167 I dalvikvm: DexOpt: mismatch dep signature for '/data/dalvik-cache/system@framework@core.jar@classes.dex'
06-18 17:01:57.394   151   167 I PackageManager: Running dexopt on: com.android.vending
06-18 17:01:57.761   293   293 D dalvikvm: DexOpt: 'Landroid/animation/TimeInterpolator;' has an earlier definition; blocking out
06-18 17:01:57.761   293   293 D dalvikvm: DexOpt: 'Landroid/animation/Animator$AnimatorListener;' has an earlier definition; blocking out
06-18 17:01:57.761   293   293 D dalvikvm: DexOpt: 'Landroid/animation/Animator;' has an earlier definition; blocking out
06-18 17:01:57.761   293   293 D dalvikvm: DexOpt: 'Landroid/animation/TypeEvaluator;' has an earlier definition; blocking out
06-18 17:01:57.761   293   293 D dalvikvm: DexOpt: 'Landroid/animation/FloatEvaluator;' has an earlier definition; blocking out
06-18 17:01:57.761   293   293 D dalvikvm: DexOpt: 'Landroid/animation/IntEvaluator;' has an earlier definition; blocking out
06-18 17:01:57.761   293   293 D dalvikvm: DexOpt: 'Landroid/animation/Keyframe;' has an earlier definition; blocking out
06-18 17:01:57.761   293   293 D dalvikvm: DexOpt: 'Landroid/animation/KeyframeSet;' has an earlier definition; blocking out
06-18 17:01:57.761   293   293 D dalvikvm: DexOpt: 'Landroid/animation/PropertyValuesHolder;' has an earlier definition; blocking out
06-18 17:01:57.761   293   293 D dalvikvm: DexOpt: 'Landroid/animation/ValueAnimator$1;' has an earlier definition; blocking out
06-18 17:01:57.761   293   293 D dalvikvm: DexOpt: 'Landroid/animation/ValueAnimator$AnimationHandler;' has an earlier definition; blocking out
06-18 17:01:57.761   293   293 D dalvikvm: DexOpt: 'Landroid/animation/ValueAnimator$AnimatorUpdateListener;' has an earlier definition; blocking out
06-18 17:01:57.765   293   293 D dalvikvm: DexOpt: 'Landroid/animation/ValueAnimator;' has an earlier definition; blocking out
06-18 17:01:57.789   293   293 D dalvikvm: DexOpt: 'Landroid/view/animation/LinearInterpolator;' has an earlier definition; blocking out
06-18 17:01:57.937   293   293 D dalvikvm: DexOpt: not verifying/optimizing 'Landroid/animation/TimeInterpolator;': multiple definitions
06-18 17:01:57.937   293   293 D dalvikvm: DexOpt: not verifying/optimizing 'Landroid/animation/Animator$AnimatorListener;': multiple definitions
06-18 17:01:57.937   293   293 D dalvikvm: DexOpt: not verifying/optimizing 'Landroid/animation/Animator;': multiple definitions
06-18 17:01:57.937   293   293 D dalvikvm: DexOpt: not verifying/optimizing 'Landroid/animation/TypeEvaluator;': multiple definitions
06-18 17:01:57.937   293   293 D dalvikvm: DexOpt: not verifying/optimizing 'Landroid/animation/FloatEvaluator;': multiple definitions
06-18 17:01:57.937   293   293 D dalvikvm: DexOpt: not verifying/optimizing 'Landroid/animation/IntEvaluator;': multiple definitions
06-18 17:01:57.937   293   293 D dalvikvm: DexOpt: not verifying/optimizing 'Landroid/animation/Keyframe;': multiple definitions
06-18 17:01:57.937   293   293 D dalvikvm: DexOpt: not verifying/optimizing 'Landroid/animation/KeyframeSet;': multiple definitions
06-18 17:01:57.937   293   293 D dalvikvm: DexOpt: not verifying/optimizing 'Landroid/animation/PropertyValuesHolder;': multiple definitions
06-18 17:01:57.937   293   293 D dalvikvm: DexOpt: not verifying/optimizing 'Landroid/animation/ValueAnimator$1;': multiple definitions
06-18 17:01:57.937   293   293 D dalvikvm: DexOpt: not verifying/optimizing 'Landroid/animation/ValueAnimator$AnimationHandler;': multiple definitions
06-18 17:01:57.937   293   293 D dalvikvm: DexOpt: not verifying/optimizing 'Landroid/animation/ValueAnimator$AnimatorUpdateListener;': multiple definitions
06-18 17:01:57.937   293   293 D dalvikvm: DexOpt: not verifying/optimizing 'Landroid/animation/ValueAnimator;': multiple definitions
06-18 17:01:58.015   293   293 D dalvikvm: DexOpt: not verifying/optimizing 'Landroid/view/animation/LinearInterpolator;': multiple definitions
06-18 17:01:58.988   293   293 I dalvikvm: DexOpt: not resolving ambiguous class 'Landroid/animation/ValueAnimator;'
06-18 17:01:58.988   293   293 I dalvikvm: DexOpt: not resolving ambiguous class 'Landroid/animation/ValueAnimator;'
06-18 17:01:59.472   293   293 D dalvikvm: DexOpt: load 179ms, verify+opt 1535ms
06-18 17:02:00.019   151   167 I dalvikvm: DexOpt: source file CRC mismatch (69e5e85f vs 635c6dc1)
06-18 17:02:00.019   151   167 I PackageManager: Running dexopt on: com.android.videoeditor
06-18 17:02:00.414   294   294 D dalvikvm: DexOpt: load 57ms, verify+opt 261ms
06-18 17:02:00.500   151   167 I dalvikvm: DexOpt: mismatch dep signature for '/data/dalvik-cache/system@framework@core.jar@classes.dex'
06-18 17:02:00.500   151   167 I PackageManager: Running dexopt on: com.android.musicvis
06-18 17:02:00.570   295   295 D dalvikvm: DexOpt: load 12ms, verify+opt 14ms
06-18 17:02:00.648   151   167 I dalvikvm: DexOpt: mismatch dep signature for '/data/dalvik-cache/system@framework@core.jar@classes.dex'
06-18 17:02:00.660   151   167 I PackageManager: Running dexopt on: com.android.voicedialer
06-18 17:02:00.792   296   296 D dalvikvm: DexOpt: load 10ms, verify+opt 63ms
06-18 17:02:00.832   151   167 I dalvikvm: DexOpt: mismatch dep signature for '/data/dalvik-cache/system@framework@core.jar@classes.dex'
06-18 17:02:00.832   151   167 I PackageManager: Running dexopt on: com.google.android.voicesearch
06-18 17:02:01.886   297   297 D dalvikvm: DexOpt: load 142ms, verify+opt 686ms
06-18 17:02:02.535   151   167 I dalvikvm: DexOpt: mismatch dep signature for '/data/dalvik-cache/system@framework@core.jar@classes.dex'
06-18 17:02:02.535   151   167 I PackageManager: Running dexopt on: com.android.vpndialogs
06-18 17:02:02.617   298   298 D dalvikvm: DexOpt: load 13ms, verify+opt 36ms
06-18 17:02:02.648   151   167 I dalvikvm: DexOpt: mismatch dep signature for '/data/dalvik-cache/system@framework@core.jar@classes.dex'
06-18 17:02:02.648   151   167 I PackageManager: Running dexopt on: com.android.smspush
06-18 17:02:02.699   299   299 D dalvikvm: DexOpt: load 6ms, verify+opt 6ms
06-18 17:02:02.734   151   167 I dalvikvm: DexOpt: mismatch dep signature for '/data/dalvik-cache/system@framework@core.jar@classes.dex'
06-18 17:02:02.738   151   167 I PackageManager: Running dexopt on: com.samsung.wimax
06-18 17:02:03.117   300   300 D dalvikvm: DexOpt: load 26ms, verify+opt 249ms
06-18 17:02:03.230   151   167 I dalvikvm: DexOpt: source file CRC mismatch (db425468 vs 8caa3ae3)
06-18 17:02:03.230   151   167 I PackageManager: Running dexopt on: com.android.settings.wimax
06-18 17:02:03.437   301   301 D dalvikvm: DexOpt: load 16ms, verify+opt 129ms
06-18 17:02:03.480   151   167 I PackageManager: Running dexopt on: com.google.android.apps.googlevoice
06-18 17:02:05.578   302   302 D dalvikvm: DexOpt: load 197ms, verify+opt 1478ms
06-18 17:02:06.191   151   167 I PackageManager: Running dexopt on: com.android.chrome
06-18 17:02:07.898   303   303 D dalvikvm: DexOpt: load 218ms, verify+opt 1150ms
06-18 17:02:08.550   151   167 I PackageManager: Running dexopt on: com.facebook.orca
06-18 17:02:10.648   304   304 D dalvikvm: DexOpt: load 250ms, verify+opt 1444ms
06-18 17:02:11.652   151   167 I PackageManager: Running dexopt on: com.google.android.apps.plus
06-18 17:02:16.425   305   305 D dalvikvm: DexOpt: load 470ms, verify+opt 3440ms
06-18 17:02:18.570   151   167 I PackageManager: Running dexopt on: com.google.android.street
06-18 17:02:18.859   306   306 D dalvikvm: DexOpt: load 30ms, verify+opt 192ms
06-18 17:02:18.937   151   167 I PackageManager: Running dexopt on: com.google.earth
06-18 17:02:19.578   307   307 D dalvikvm: DexOpt: load 72ms, verify+opt 432ms
06-18 17:02:19.980   151   167 I PackageManager: Running dexopt on: com.google.android.apps.docs
06-18 17:02:21.839   308   308 D dalvikvm: DexOpt: load 238ms, verify+opt 1346ms
06-18 17:02:22.460   151   167 I PackageManager: Running dexopt on: com.google.android.inputmethod.korean
06-18 17:02:22.718   309   309 D dalvikvm: DexOpt: load 40ms, verify+opt 147ms
06-18 17:02:22.878   151   167 I PackageManager: Running dexopt on: com.google.android.apps.reader
06-18 17:02:23.988   310   310 D dalvikvm: DexOpt: load 114ms, verify+opt 776ms
06-18 17:02:24.515   151   167 I PackageManager: Running dexopt on: com.google.android.youtube
06-18 17:02:26.027   311   311 D dalvikvm: DexOpt: load 188ms, verify+opt 1068ms
06-18 17:02:26.472   151   167 I PackageManager: Running dexopt on: com.google.android.apps.walletnfcrel
06-18 17:02:30.335   312   312 D dalvikvm: DexOpt: load 337ms, verify+opt 2757ms
06-18 17:02:31.578   151   167 I PackageManager: Running dexopt on: com.google.android.apps.maps
06-18 17:02:36.101   313   313 D dalvikvm: DexOpt: load 485ms, verify+opt 3478ms
06-18 17:02:37.046   151   167 I PackageManager: Running dexopt on: com.dictionary
06-18 17:02:38.195   314   314 D dalvikvm: DexOpt: load 133ms, verify+opt 778ms
06-18 17:02:38.746   151   167 I PackageManager: Running dexopt on: edu.buffalo.cse.Ride4Roswell
06-18 17:02:39.011   315   315 D dalvikvm: DexOpt: load 21ms, verify+opt 160ms
06-18 17:02:39.121   151   167 I PackageManager: Running dexopt on: com.mint
06-18 17:02:39.945   316   316 D dalvikvm: DexOpt: load 73ms, verify+opt 594ms
06-18 17:02:40.292   151   167 I PackageManager: Running dexopt on: com.evernote
06-18 17:02:42.785   317   317 D dalvikvm: DexOpt: load 249ms, verify+opt 1922ms
06-18 17:02:43.378   151   167 I PackageManager: Running dexopt on: com.google.android.music
06-18 17:02:45.156   318   318 D dalvikvm: DexOpt: load 208ms, verify+opt 1211ms
06-18 17:02:45.847   151   167 I PackageManager: Running dexopt on: com.amazon.kindle
06-18 17:02:46.691   319   319 D dalvikvm: DexOpt: 'Lorg/apache/commons/codec/Decoder;' has an earlier definition; blocking out
06-18 17:02:46.691   319   319 D dalvikvm: DexOpt: 'Lorg/apache/commons/codec/BinaryDecoder;' has an earlier definition; blocking out
06-18 17:02:46.691   319   319 D dalvikvm: DexOpt: 'Lorg/apache/commons/codec/Encoder;' has an earlier definition; blocking out
06-18 17:02:46.691   319   319 D dalvikvm: DexOpt: 'Lorg/apache/commons/codec/BinaryEncoder;' has an earlier definition; blocking out
06-18 17:02:46.691   319   319 D dalvikvm: DexOpt: 'Lorg/apache/commons/codec/DecoderException;' has an earlier definition; blocking out
06-18 17:02:46.691   319   319 D dalvikvm: DexOpt: 'Lorg/apache/commons/codec/EncoderException;' has an earlier definition; blocking out
06-18 17:02:46.691   319   319 D dalvikvm: DexOpt: 'Lorg/apache/commons/codec/StringDecoder;' has an earlier definition; blocking out
06-18 17:02:46.691   319   319 D dalvikvm: DexOpt: 'Lorg/apache/commons/codec/StringEncoder;' has an earlier definition; blocking out
06-18 17:02:46.691   319   319 D dalvikvm: DexOpt: 'Lorg/apache/commons/codec/StringEncoderComparator;' has an earlier definition; blocking out
06-18 17:02:46.691   319   319 D dalvikvm: DexOpt: 'Lorg/apache/commons/codec/binary/Base64;' has an earlier definition; blocking out
06-18 17:02:46.691   319   319 D dalvikvm: DexOpt: 'Lorg/apache/commons/codec/binary/BinaryCodec;' has an earlier definition; blocking out
06-18 17:02:46.691   319   319 D dalvikvm: DexOpt: 'Lorg/apache/commons/codec/binary/Hex;' has an earlier definition; blocking out
06-18 17:02:46.691   319   319 D dalvikvm: DexOpt: 'Lorg/apache/commons/codec/language/DoubleMetaphone$DoubleMetaphoneResult;' has an earlier definition; blocking out
06-18 17:02:46.695   319   319 D dalvikvm: DexOpt: 'Lorg/apache/commons/codec/language/DoubleMetaphone;' has an earlier definition; blocking out
06-18 17:02:46.695   319   319 D dalvikvm: DexOpt: 'Lorg/apache/commons/codec/language/Metaphone;' has an earlier definition; blocking out
06-18 17:02:46.695   319   319 D dalvikvm: DexOpt: 'Lorg/apache/commons/codec/language/RefinedSoundex;' has an earlier definition; blocking out
06-18 17:02:46.695   319   319 D dalvikvm: DexOpt: 'Lorg/apache/commons/codec/language/Soundex;' has an earlier definition; blocking out
06-18 17:02:46.695   319   319 D dalvikvm: DexOpt: 'Lorg/apache/commons/codec/language/SoundexUtils;' has an earlier definition; blocking out
