06-27 14:50:01.415  1705  1718 I PhoneLab-LoggerService: Starting to rename files
06-27 14:50:01.415  1705  1718 I PhoneLab-LoggerService: Files found .. 15
06-27 14:50:01.427  1705  1706 D dalvikvm: GC_CONCURRENT freed 405K, 7% free 9115K/9735K, paused 1ms+2ms
06-27 14:51:24.724   142   166 I ActivityManager: Start proc com.google.android.gm for service com.google.android.gm/.provider.MailSyncAdapterService: pid=3372 uid=10018 gids={3003, 1015}
06-27 14:51:24.860  3372  3372 I ActivityThread: Pub gmail-ls: com.google.android.gm.provider.MailProvider
06-27 14:51:24.923  3372  3372 I ActivityThread: Pub com.google.android.gm: com.google.android.gm.provider.PublicContentProvider
06-27 14:51:24.934  3372  3372 I ActivityThread: Pub com.google.android.gmail.SuggestionProvider: com.google.android.gm.SuggestionsProvider
06-27 14:51:25.056   142  2329 I ActivityManager: Process com.google.android.apps.maps:NetworkLocationService (pid 32346) has died.
06-27 14:51:25.056   142  2329 W ActivityManager: Scheduling restart of crashed service com.google.android.apps.maps/com.google.android.location.internal.server.NetworkLocationService in 5000ms
06-27 14:51:25.462  3372  3374 D dalvikvm: GC_CONCURRENT freed 244K, 4% free 9238K/9607K, paused 7ms+3ms
06-27 14:51:25.536  3372  3390 I Gmail   : calculateUnknownSyncRationalesAndPurgeInBackground: queueing
06-27 14:51:25.579  3372  3390 I Gmail   : calculateUnknownSyncRationalesAndPurgeInBackground: queueing
06-27 14:51:25.599  3372  3390 I Gmail   : calculateUnknownSyncRationalesAndPurgeInBackground: running
06-27 14:51:25.669  3372  3390 I Gmail   : calculateUnknownSyncRationalesAndPurgeInBackground: running
06-27 14:51:25.681  3372  3388 I Gmail   : MainSyncRequestProto: lowestBkwdConvoId: 0, highestHandledServerOp: 2687993, normalSync: true
06-27 14:51:25.888  3372  3374 D dalvikvm: GC_CONCURRENT freed 296K, 5% free 9371K/9799K, paused 8ms+2ms
06-27 14:51:27.782  3372  3374 D dalvikvm: GC_CONCURRENT freed 323K, 5% free 9474K/9927K, paused 2ms+3ms
06-27 14:51:28.099  3372  3388 D dalvikvm: GC_EXPLICIT freed 177K, 5% free 9479K/9927K, paused 1ms+2ms
06-27 14:51:28.106  3372  3388 I Gmail   : MainSyncRequestProto: lowestBkwdConvoId: 0, highestHandledServerOp: 2688012, normalSync: true
06-27 14:51:28.806  3372  3388 D dalvikvm: GC_EXPLICIT freed 172K, 5% free 9503K/9927K, paused 4ms+6ms
06-27 14:51:28.813  3372  3388 I Gmail   : MainSyncRequestProto: lowestBkwdConvoId: 0, highestHandledServerOp: 2688012, normalSync: true
06-27 14:51:28.849  3372  3388 W Gmail   : Scheduling index for 300000 ms from now
06-27 14:51:28.903   310   310 D wpa_supplicant: wpa_driver_wext_driver_cmd BTCOEXMODE 1 len = 4096
06-27 14:51:29.145   310   310 D wpa_supplicant: wpa_driver_wext_driver_cmd OK len = 0, 2
06-27 14:51:29.145   310   310 D wpa_supplicant: wpa_driver_wext_driver_cmd GETPOWER len = 4096
06-27 14:51:29.153   310   310 D wpa_supplicant: wpa_driver_wext_driver_cmd powermode = 0 len = 13, 13
06-27 14:51:29.153   310   310 D wpa_supplicant: wpa_driver_wext_driver_cmd POWERMODE 1 len = 4096
06-27 14:51:29.165   310   310 D wpa_supplicant: wpa_driver_wext_driver_cmd OK len = 0, 2
06-27 14:51:29.239   142   154 I ActivityManager: Process com.google.android.apps.docs (pid 3209) has died.
06-27 14:51:29.415   142   159 W ProcessStats: Skipping unknown process pid 3400
06-27 14:51:29.575   310   310 D wpa_supplicant: wpa_driver_wext_driver_cmd POWERMODE 0 len = 4096
06-27 14:51:29.579   310   310 D wpa_supplicant: wpa_driver_wext_driver_cmd OK len = 0, 2
06-27 14:51:29.579   310   310 D wpa_supplicant: wpa_driver_wext_driver_cmd BTCOEXMODE 2 len = 4096
06-27 14:51:29.579   310   310 D wpa_supplicant: wpa_driver_wext_driver_cmd OK len = 0, 2
06-27 14:51:30.106   142   159 I ActivityManager: Start proc com.google.android.apps.maps:NetworkLocationService for service com.google.android.apps.maps/com.google.android.location.internal.server.NetworkLocationService: pid=3416 uid=10069 gids={3003, 1015}
06-27 14:51:30.255  3416  3418 D dalvikvm: GC_CONCURRENT freed 173K, 3% free 9363K/9607K, paused 2ms+2ms
06-27 14:51:31.110 32077 32080 D dalvikvm: GC_CONCURRENT freed 319K, 6% free 10450K/11015K, paused 9ms+5ms
06-27 14:51:31.181  3416  3418 D dalvikvm: GC_CONCURRENT freed 157K, 3% free 9672K/9927K, paused 1ms+2ms
06-27 14:51:31.559  3416  3418 D dalvikvm: GC_CONCURRENT freed 169K, 3% free 10071K/10311K, paused 2ms+2ms
06-27 14:51:31.724  3416  3418 D dalvikvm: GC_CONCURRENT freed 669K, 8% free 9882K/10631K, paused 2ms+1ms
06-27 14:51:31.817   142   159 I ActivityManager: Start proc com.google.android.apps.maps:FriendService for broadcast com.google.android.apps.maps/com.google.googlenav.friend.android.ServiceReceiver: pid=3438 uid=10069 gids={3003, 1015}
06-27 14:51:31.888   142  2329 I ActivityManager: Process com.android.calendar (pid 2624) has died.
06-27 14:51:31.946  3438  3440 D dalvikvm: GC_CONCURRENT freed 175K, 3% free 9360K/9607K, paused 2ms+3ms
06-27 14:51:32.141  3438  3440 D dalvikvm: GC_CONCURRENT freed 207K, 3% free 9693K/9991K, paused 2ms+3ms
06-27 14:51:32.212   142   370 I ActivityManager: Start proc com.google.android.apps.maps:LocationFriendService for broadcast com.google.android.apps.maps/com.google.googlenav.friend.reporting.LocationReportingIntentReceiver: pid=3451 uid=10069 gids={3003, 1015}
06-27 14:51:32.489    80    80 D dalvikvm: GC_EXPLICIT freed 38K, 4% free 9031K/9347K, paused 1ms+255ms
06-27 14:51:32.548    80    80 D dalvikvm: GC_EXPLICIT freed <1K, 4% free 9031K/9347K, paused 6ms+6ms
06-27 14:51:32.595    80    80 D dalvikvm: GC_EXPLICIT freed <1K, 4% free 9031K/9347K, paused 1ms+1ms
06-27 14:51:32.645  3451  3454 D dalvikvm: GC_CONCURRENT freed 178K, 3% free 9358K/9607K, paused 2ms+2ms
06-27 14:51:32.704   142   376 I ActivityManager: Process com.google.android.talk (pid 3252) has died.
06-27 14:51:32.856  3451  3454 D dalvikvm: GC_CONCURRENT freed 213K, 4% free 9655K/9991K, paused 2ms+3ms
06-27 14:51:32.970   142  4863 I ActivityManager: Process com.google.android.apps.uploader (pid 3175) has died.
06-27 14:51:33.052  3451  3454 D dalvikvm: GC_CONCURRENT freed 254K, 4% free 9863K/10247K, paused 2ms+13ms
06-27 14:51:33.149  3416  3418 D dalvikvm: GC_CONCURRENT freed 188K, 5% free 10181K/10631K, paused 2ms+3ms
06-27 14:51:33.181  3416  3423 I dalvikvm: Total arena pages for JIT: 11
06-27 14:51:33.188  3416  3423 I dalvikvm: Total arena pages for JIT: 12
06-27 14:51:33.188  3416  3423 I dalvikvm: Total arena pages for JIT: 13
06-27 14:51:33.188  3416  3423 I dalvikvm: Total arena pages for JIT: 14
06-27 14:51:33.188  3416  3423 I dalvikvm: Total arena pages for JIT: 15
06-27 14:51:33.188  3416  3423 I dalvikvm: Total arena pages for JIT: 16
06-27 14:51:33.192  3416  3423 I dalvikvm: Total arena pages for JIT: 17
06-27 14:51:33.220   310   310 D wpa_supplicant: wpa_driver_wext_driver_cmd SETSUSPENDOPT 0 len = 4096
06-27 14:51:33.224   310   310 D wpa_supplicant: wpa_driver_wext_driver_cmd SETSUSPENDOPT 0 len = 0, 15
06-27 14:51:33.224   310   310 D wpa_supplicant: wpa_driver_wext_driver_cmd POWERMODE 0 len = 4096
06-27 14:51:33.231   310   310 D wpa_supplicant: wpa_driver_wext_driver_cmd OK len = 0, 2
06-27 14:51:33.243   310   310 D wpa_supplicant: WPS: Building WPS IE for Probe Request
06-27 14:51:33.243   310   310 D wpa_supplicant: WPS:  * Version (hardcoded 0x10)
06-27 14:51:33.243   310   310 D wpa_supplicant: WPS:  * Request Type
06-27 14:51:33.243   310   310 D wpa_supplicant: WPS:  * Config Methods (2388)
06-27 14:51:33.243   310   310 D wpa_supplicant: WPS:  * UUID-E
06-27 14:51:33.243   310   310 D wpa_supplicant: WPS:  * Primary Device Type
06-27 14:51:33.243   310   310 D wpa_supplicant: WPS:  * RF Bands (3)
06-27 14:51:33.243   310   310 D wpa_supplicant: WPS:  * Association State
06-27 14:51:33.243   310   310 D wpa_supplicant: WPS:  * Configuration Error (0)
06-27 14:51:33.243   310   310 D wpa_supplicant: WPS:  * Device Password ID (0)
06-27 14:51:33.243   310   310 D wpa_supplicant: WPS:  * Manufacturer
06-27 14:51:33.247   310   310 D wpa_supplicant: WPS:  * Model Name
06-27 14:51:33.247   310   310 D wpa_supplicant: WPS:  * Model Number
06-27 14:51:33.247   310   310 D wpa_supplicant: WPS:  * Device Name
06-27 14:51:33.247   310   310 D wpa_supplicant: WPS:  * Version2 (0x20)
06-27 14:51:33.247   310   310 D wpa_supplicant: wpa_driver_wext_combo_scan: Start
06-27 14:51:33.247   310   310 D wpa_supplicant: For Scan: (null)
06-27 14:51:33.255   310   310 D wpa_supplicant: Scan requested (ret=0) - scan timeout 30 seconds
06-27 14:51:33.388   310   310 D wpa_supplicant: Ongoing scan action - reject new request
06-27 14:51:33.427   142   158 V BackupManagerService: Running a backup pass
06-27 14:51:33.427   142   211 V BackupManagerService: Backup requested but nothing pending
06-27 14:51:34.419   310   310 D wpa_supplicant: RTM_NEWLINK: operstate=1 ifi_flags=0x11043 ([UP][RUNNING][LOWER_UP])
06-27 14:51:34.419   310   310 D wpa_supplicant: RTM_NEWLINK, IFLA_IFNAME: Interface 'wlan0' added
06-27 14:51:34.419   310   310 D wpa_supplicant: Wireless event: cmd=0x8b19 len=8
06-27 14:51:34.419   310   310 D wpa_supplicant: Received 876 bytes of scan results (4 BSSes)
06-27 14:51:34.505 32077 32084 I dalvikvm: Total arena pages for JIT: 11
06-27 14:51:34.532 32077 32084 I dalvikvm: Total arena pages for JIT: 12
06-27 14:51:34.536 32077 32084 I dalvikvm: Total arena pages for JIT: 13
06-27 14:51:34.536 32077 32084 I dalvikvm: Total arena pages for JIT: 14
06-27 14:51:34.536 32077 32084 I dalvikvm: Total arena pages for JIT: 15
06-27 14:51:34.536 32077 32084 I dalvikvm: Total arena pages for JIT: 16
06-27 14:51:34.540 32077 32084 I dalvikvm: Total arena pages for JIT: 17
06-27 14:51:34.591  3416  3418 D dalvikvm: GC_CONCURRENT freed 479K, 6% free 10272K/10823K, paused 1ms+6ms
06-27 14:51:36.481  3416  3418 D dalvikvm: GC_CONCURRENT freed 435K, 5% free 10381K/10887K, paused 2ms+2ms
06-27 14:51:36.497   310   310 D wpa_supplicant: wpa_driver_wext_driver_cmd SETSUSPENDOPT 0 len = 4096
06-27 14:51:36.497   310   310 D wpa_supplicant: wpa_driver_wext_driver_cmd SETSUSPENDOPT 0 len = 0, 15
06-27 14:51:36.497   310   310 D wpa_supplicant: wpa_driver_wext_driver_cmd POWERMODE 0 len = 4096
06-27 14:51:36.513   310   310 D wpa_supplicant: wpa_driver_wext_driver_cmd OK len = 0, 2
06-27 14:52:17.145  1705  1718 I PhoneLab-: Service Running
06-27 14:52:17.239  1705  1718 I PhoneLab-LoggerService: app_37    1211  1     1708   1260  c00f181c 400107b4 S logcat
06-27 14:52:17.243  1705  1718 I PhoneLab-LoggerService: Logcat pid from database 1211
06-27 14:52:17.243  1705  1718 I PhoneLab-LoggerService: Logcat process found 1211
06-27 14:52:17.243  1705  1718 I PhoneLab-LoggerService: Checking Threshold
06-27 14:52:17.243  1705  1718 I PhoneLab-LoggerService: Starting to rename files
06-27 14:52:17.243  1705  1718 I PhoneLab-LoggerService: Files found .. 15
06-27 14:54:09.915  1705  1718 I PhoneLab-: Service Running
06-27 14:54:09.981  1705  1718 I PhoneLab-LoggerService: app_37    1211  1     1708   1260  c00f181c 400107b4 S logcat
06-27 14:54:09.981  1705  1718 I PhoneLab-LoggerService: Logcat pid from database 1211
06-27 14:54:09.981  1705  1718 I PhoneLab-LoggerService: Logcat process found 1211
06-27 14:54:09.981  1705  1718 I PhoneLab-LoggerService: Checking Threshold
06-27 14:54:09.985  1705  1718 I PhoneLab-LoggerService: Starting to rename files
06-27 14:54:09.985  1705  1718 I PhoneLab-LoggerService: Files found .. 15
06-27 14:54:24.040  3372  3479 I Gmail   : MainSyncRequestProto: lowestBkwdConvoId: 0, highestHandledServerOp: 2688012, normalSync: true
06-27 14:54:24.829  3372  3374 D dalvikvm: GC_CONCURRENT freed 400K, 6% free 9528K/10055K, paused 2ms+2ms
06-27 14:54:24.970  3372  3479 D dalvikvm: GC_EXPLICIT freed 174K, 6% free 9494K/10055K, paused 2ms+2ms
06-27 14:54:24.977  3372  3479 I Gmail   : MainSyncRequestProto: lowestBkwdConvoId: 0, highestHandledServerOp: 2688115, normalSync: true
06-27 14:54:25.583  3372  3479 D dalvikvm: GC_EXPLICIT freed 185K, 6% free 9523K/10055K, paused 8ms+2ms
06-27 14:54:25.587  3372  3479 I Gmail   : MainSyncRequestProto: lowestBkwdConvoId: 0, highestHandledServerOp: 2688115, normalSync: true
06-27 14:54:25.595  3372  3479 W Gmail   : Scheduling index for 300000 ms from now
06-27 14:54:25.618  3372  3479 I Gmail   : Sending notification intent: Intent { act=android.intent.action.PROVIDER_CHANGED dat=content://gmail-ls/unread/^i (has extras) }
06-27 14:54:25.649  3372  3479 I Gmail   : Sending notification intent: Intent { act=android.intent.action.PROVIDER_CHANGED dat=content://gmail-ls/unread/^iim (has extras) }
06-27 14:55:00.071   142   159 I ActivityManager: Start proc com.android.calendar for broadcast com.android.calendar/.alerts.AlertReceiver: pid=3482 uid=10005 gids={3003}
06-27 14:55:00.153  3482  3482 I ActivityThread: Pub com.android.calendar.CalendarRecentSuggestionsProvider: com.android.calendar.CalendarRecentSuggestionsProvider
06-27 14:55:00.341   142   153 I ActivityManager: Start proc com.android.providers.calendar for content provider com.android.providers.calendar/.CalendarProvider2: pid=3498 uid=10006 gids={3003, 1015}
06-27 14:55:00.376   142   370 I ActivityManager: Process android.process.media (pid 2740) has died.
06-27 14:55:00.450  3498  3498 I ActivityThread: Pub com.android.calendar: com.android.providers.calendar.CalendarProvider2
06-27 14:55:00.599   142   145 D dalvikvm: GC_CONCURRENT freed 1939K, 26% free 18753K/25095K, paused 20ms+8ms
06-27 14:55:00.665   142  2680 I ActivityManager: Process com.google.android.apps.plus (pid 3191) has died.
06-27 14:55:01.091   142  3515 I ActivityManager: Start proc android.process.media for content provider com.android.providers.media/.MediaProvider: pid=3516 uid=10012 gids={1015, 1023, 1024, 2001, 3003, 3007}
06-27 14:55:01.153  3516  3516 I ActivityThread: Pub downloads: com.android.providers.downloads.DownloadProvider
06-27 14:55:01.185  3516  3516 I ActivityThread: Pub drm: com.android.providers.drm.DrmProvider
06-27 14:55:01.188  3516  3531 I DownloadManager: in removeSpuriousFiles
06-27 14:55:01.196  3516  3516 I ActivityThread: Pub media: com.android.providers.media.MediaProvider
06-27 14:55:01.278  3516  3531 I DownloadManager: in removeSpuriousFiles, preserving file /mnt/sdcard/Download/Swype-Installer-2.apk
06-27 14:55:01.278  3516  3531 I DownloadManager: in removeSpuriousFiles, preserving file /mnt/sdcard/Download/manual_Gourmet_8ID.pdf
06-27 14:55:01.278  3516  3531 I DownloadManager: in removeSpuriousFiles, preserving file /data/data/com.android.providers.downloads/cache/metadata.json
06-27 14:55:01.282  3516  3531 I DownloadManager: deleting spurious file /cache/backup
06-27 14:55:01.450  3516  3521 D dalvikvm: GC_CONCURRENT freed 347K, 5% free 9189K/9607K, paused 8ms+4ms
06-27 14:55:01.657  3498  3498 I CalendarProvider2: Sending notification intent: Intent { act=android.intent.action.PROVIDER_CHANGED dat=content://com.android.calendar }
06-27 14:55:01.657  3498  3498 W ContentResolver: Failed to get type for: content://com.android.calendar (Unknown URL content://com.android.calendar)
06-27 14:55:01.661   142  3515 I AudioService:  AudioFocus  requestAudioFocus() from android.media.AudioManager@415cf618
06-27 14:55:01.708    82   122 D AudioHardware: AudioHardware pcm playback is exiting standby.
06-27 14:55:01.708    82   122 D AudioHardware: openPcmOut_l() mPcmOpenCnt: 0
06-27 14:55:01.989  3482  3484 D dalvikvm: GC_CONCURRENT freed 276K, 4% free 9195K/9543K, paused 2ms+2ms
06-27 14:55:04.485   142  3515 I AudioService:  AudioFocus  abandonAudioFocus() from android.media.AudioManager@415cf618
06-27 14:55:07.583    82   122 D AudioHardware: AudioHardware pcm playback is going to standby.
06-27 14:55:07.583    82   122 D AudioHardware: closePcmOut_l() mPcmOpenCnt: 1
06-27 14:55:30.802   142   166 I ActivityManager: Start proc com.google.android.syncadapters.calendar for service com.google.android.syncadapters.calendar/.CalendarSyncAdapterService: pid=3542 uid=10019 gids={3003}
06-27 14:55:30.981   142   158 D dalvikvm: GC_EXPLICIT freed 418K, 26% free 18675K/25095K, paused 3ms+7ms
06-27 14:55:31.102  3498  3501 D dalvikvm: GC_CONCURRENT freed 316K, 5% free 9157K/9607K, paused 2ms+2ms
06-27 14:55:46.958   310   310 D wpa_supplicant: RTM_NEWLINK: operstate=1 ifi_flags=0x11043 ([UP][RUNNING][LOWER_UP])
06-27 14:55:46.958   310   310 D wpa_supplicant: RTM_NEWLINK, IFLA_IFNAME: Interface 'wlan0' added
06-27 14:55:46.958   310   310 D wpa_supplicant: Wireless event: cmd=0x8c00 len=20
06-27 14:55:50.630   310   310 D wpa_supplicant: RTM_NEWLINK: operstate=1 ifi_flags=0x11043 ([UP][RUNNING][LOWER_UP])
06-27 14:55:50.630   310   310 D wpa_supplicant: RTM_NEWLINK, IFLA_IFNAME: Interface 'wlan0' added
06-27 14:55:50.630   310   310 D wpa_supplicant: Wireless event: cmd=0x8c00 len=20
06-27 14:55:51.020   310   310 D wpa_supplicant: RTM_NEWLINK: operstate=1 ifi_flags=0x11043 ([UP][RUNNING][LOWER_UP])
06-27 14:55:51.020   310   310 D wpa_supplicant: RTM_NEWLINK, IFLA_IFNAME: Interface 'wlan0' added
06-27 14:55:51.020   310   310 D wpa_supplicant: Wireless event: cmd=0x8c00 len=20
06-27 14:55:51.024   310   310 D wpa_supplicant: RTM_NEWLINK: operstate=1 ifi_flags=0x11043 ([UP][RUNNING][LOWER_UP])
06-27 14:55:51.024   310   310 D wpa_supplicant: RTM_NEWLINK, IFLA_IFNAME: Interface 'wlan0' added
06-27 14:55:51.024   310   310 D wpa_supplicant: Wireless event: cmd=0x8c00 len=20
06-27 14:55:51.024   310   310 D wpa_supplicant: RTM_NEWLINK: operstate=1 ifi_flags=0x11043 ([UP][RUNNING][LOWER_UP])
06-27 14:55:51.028   310   310 D wpa_supplicant: RTM_NEWLINK, IFLA_IFNAME: Interface 'wlan0' added
06-27 14:55:51.028   310   310 D wpa_supplicant: Wireless event: cmd=0x8c00 len=20
06-27 14:55:51.028   310   310 D wpa_supplicant: RTM_NEWLINK: operstate=1 ifi_flags=0x11043 ([UP][RUNNING][LOWER_UP])
06-27 14:55:51.028   310   310 D wpa_supplicant: RTM_NEWLINK, IFLA_IFNAME: Interface 'wlan0' added
06-27 14:55:51.028   310   310 D wpa_supplicant: Wireless event: cmd=0x8c00 len=20
06-27 14:55:51.032   310   310 D wpa_supplicant: RTM_NEWLINK: operstate=1 ifi_flags=0x11043 ([UP][RUNNING][LOWER_UP])
06-27 14:55:51.032   310   310 D wpa_supplicant: RTM_NEWLINK, IFLA_IFNAME: Interface 'wlan0' added
06-27 14:55:51.032   310   310 D wpa_supplicant: Wireless event: cmd=0x8c00 len=20
06-27 14:55:51.032   310   310 D wpa_supplicant: RTM_NEWLINK: operstate=1 ifi_flags=0x11043 ([UP][RUNNING][LOWER_UP])
06-27 14:55:51.032   310   310 D wpa_supplicant: RTM_NEWLINK, IFLA_IFNAME: Interface 'wlan0' added
06-27 14:55:51.032   310   310 D wpa_supplicant: Wireless event: cmd=0x8c00 len=20
06-27 14:55:51.032   310   310 D wpa_supplicant: RTM_NEWLINK: operstate=1 ifi_flags=0x11043 ([UP][RUNNING][LOWER_UP])
06-27 14:55:51.032   310   310 D wpa_supplicant: RTM_NEWLINK, IFLA_IFNAME: Interface 'wlan0' added
06-27 14:55:51.032   310   310 D wpa_supplicant: Wireless event: cmd=0x8c00 len=20
06-27 14:55:51.032   310   310 D wpa_supplicant: RTM_NEWLINK: operstate=1 ifi_flags=0x11043 ([UP][RUNNING][LOWER_UP])
06-27 14:55:51.032   310   310 D wpa_supplicant: RTM_NEWLINK, IFLA_IFNAME: Interface 'wlan0' added
06-27 14:55:51.032   310   310 D wpa_supplicant: Wireless event: cmd=0x8c00 len=20
06-27 14:55:51.032   310   310 D wpa_supplicant: RTM_NEWLINK: operstate=1 ifi_flags=0x11043 ([UP][RUNNING][LOWER_UP])
06-27 14:55:51.032   310   310 D wpa_supplicant: RTM_NEWLINK, IFLA_IFNAME: Interface 'wlan0' added
06-27 14:55:51.032   310   310 D wpa_supplicant: Wireless event: cmd=0x8c00 len=20
06-27 14:55:51.040   310   310 D wpa_supplicant: RTM_NEWLINK: operstate=1 ifi_flags=0x11043 ([UP][RUNNING][LOWER_UP])
06-27 14:55:51.040   310   310 D wpa_supplicant: RTM_NEWLINK, IFLA_IFNAME: Interface 'wlan0' added
06-27 14:55:51.040   310   310 D wpa_supplicant: Wireless event: cmd=0x8c00 len=20
06-27 14:55:51.059   310   310 D wpa_supplicant: RTM_NEWLINK: operstate=1 ifi_flags=0x11043 ([UP][RUNNING][LOWER_UP])
06-27 14:55:51.059   310   310 D wpa_supplicant: RTM_NEWLINK, IFLA_IFNAME: Interface 'wlan0' added
06-27 14:55:51.059   310   310 D wpa_supplicant: Wireless event: cmd=0x8c00 len=20
06-27 14:55:51.059   310   310 D wpa_supplicant: RTM_NEWLINK: operstate=1 ifi_flags=0x11043 ([UP][RUNNING][LOWER_UP])
06-27 14:55:51.059   310   310 D wpa_supplicant: RTM_NEWLINK, IFLA_IFNAME: Interface 'wlan0' added
06-27 14:55:51.059   310   310 D wpa_supplicant: Wireless event: cmd=0x8c00 len=20
06-27 14:55:51.059   310   310 D wpa_supplicant: RTM_NEWLINK: operstate=1 ifi_flags=0x11043 ([UP][RUNNING][LOWER_UP])
06-27 14:55:51.059   310   310 D wpa_supplicant: RTM_NEWLINK, IFLA_IFNAME: Interface 'wlan0' added
06-27 14:55:51.059   310   310 D wpa_supplicant: Wireless event: cmd=0x8c00 len=20
06-27 14:55:51.059   310   310 D wpa_supplicant: RTM_NEWLINK: operstate=1 ifi_flags=0x11043 ([UP][RUNNING][LOWER_UP])
06-27 14:55:51.059   310   310 D wpa_supplicant: RTM_NEWLINK, IFLA_IFNAME: Interface 'wlan0' added
06-27 14:55:51.059   310   310 D wpa_supplicant: Wireless event: cmd=0x8c00 len=20
06-27 14:55:51.059   310   310 D wpa_supplicant: RTM_NEWLINK: operstate=1 ifi_flags=0x11043 ([UP][RUNNING][LOWER_UP])
06-27 14:55:51.059   310   310 D wpa_supplicant: RTM_NEWLINK, IFLA_IFNAME: Interface 'wlan0' added
06-27 14:55:51.071   310   310 D wpa_supplicant: Wireless event: cmd=0x8c00 len=20
06-27 14:55:51.071   310   310 D wpa_supplicant: RTM_NEWLINK: operstate=1 ifi_flags=0x11043 ([UP][RUNNING][LOWER_UP])
06-27 14:55:51.071   310   310 D wpa_supplicant: RTM_NEWLINK, IFLA_IFNAME: Interface 'wlan0' added
06-27 14:55:51.071   310   310 D wpa_supplicant: Wireless event: cmd=0x8c00 len=20
06-27 14:55:51.071   310   310 D wpa_supplicant: RTM_NEWLINK: operstate=1 ifi_flags=0x11043 ([UP][RUNNING][LOWER_UP])
06-27 14:55:51.071   310   310 D wpa_supplicant: RTM_NEWLINK, IFLA_IFNAME: Interface 'wlan0' added
06-27 14:55:51.071   310   310 D wpa_supplicant: Wireless event: cmd=0x8c00 len=20
06-27 14:55:51.071   310   310 D wpa_supplicant: RTM_NEWLINK: operstate=1 ifi_flags=0x11043 ([UP][RUNNING][LOWER_UP])
06-27 14:55:51.071   310   310 D wpa_supplicant: RTM_NEWLINK, IFLA_IFNAME: Interface 'wlan0' added
06-27 14:55:51.071   310   310 D wpa_supplicant: Wireless event: cmd=0x8c00 len=20
06-27 14:55:51.071   310   310 D wpa_supplicant: RTM_NEWLINK: operstate=1 ifi_flags=0x11043 ([UP][RUNNING][LOWER_UP])
06-27 14:55:51.071   310   310 D wpa_supplicant: RTM_NEWLINK, IFLA_IFNAME: Interface 'wlan0' added
06-27 14:55:51.071   310   310 D wpa_supplicant: Wireless event: cmd=0x8c00 len=20
06-27 14:55:51.071   310   310 D wpa_supplicant: RTM_NEWLINK: operstate=1 ifi_flags=0x11043 ([UP][RUNNING][LOWER_UP])
06-27 14:55:51.071   310   310 D wpa_supplicant: RTM_NEWLINK, IFLA_IFNAME: Interface 'wlan0' added
06-27 14:55:51.071   310   310 D wpa_supplicant: Wireless event: cmd=0x8c00 len=20
06-27 14:55:51.071   310   310 D wpa_supplicant: RTM_NEWLINK: operstate=1 ifi_flags=0x11043 ([UP][RUNNING][LOWER_UP])
06-27 14:55:51.071   310   310 D wpa_supplicant: RTM_NEWLINK, IFLA_IFNAME: Interface 'wlan0' added
06-27 14:55:51.071   310   310 D wpa_supplicant: Wireless event: cmd=0x8c00 len=20
06-27 14:55:51.071   310   310 D wpa_supplicant: RTM_NEWLINK: operstate=1 ifi_flags=0x11043 ([UP][RUNNING][LOWER_UP])
06-27 14:55:51.071   310   310 D wpa_supplicant: RTM_NEWLINK, IFLA_IFNAME: Interface 'wlan0' added
06-27 14:55:51.071   310   310 D wpa_supplicant: Wireless event: cmd=0x8c00 len=20
06-27 14:55:51.071   310   310 D wpa_supplicant: RTM_NEWLINK: operstate=1 ifi_flags=0x11043 ([UP][RUNNING][LOWER_UP])
06-27 14:55:51.071   310   310 D wpa_supplicant: RTM_NEWLINK, IFLA_IFNAME: Interface 'wlan0' added
06-27 14:55:51.071   310   310 D wpa_supplicant: Wireless event: cmd=0x8c00 len=20
06-27 14:55:51.071   310   310 D wpa_supplicant: RTM_NEWLINK: operstate=1 ifi_flags=0x11043 ([UP][RUNNING][LOWER_UP])
06-27 14:55:51.071   310   310 D wpa_supplicant: RTM_NEWLINK, IFLA_IFNAME: Interface 'wlan0' added
06-27 14:55:51.071   310   310 D wpa_supplicant: Wireless event: cmd=0x8c00 len=20
06-27 14:55:51.071   310   310 D wpa_supplicant: RTM_NEWLINK: operstate=1 ifi_flags=0x11043 ([UP][RUNNING][LOWER_UP])
06-27 14:55:51.071   310   310 D wpa_supplicant: RTM_NEWLINK, IFLA_IFNAME: Interface 'wlan0' added
06-27 14:55:51.071   310   310 D wpa_supplicant: Wireless event: cmd=0x8c00 len=20
06-27 14:55:51.349   310   310 D wpa_supplicant: RTM_NEWLINK: operstate=1 ifi_flags=0x11043 ([UP][RUNNING][LOWER_UP])
06-27 14:55:51.349   310   310 D wpa_supplicant: RTM_NEWLINK, IFLA_IFNAME: Interface 'wlan0' added
06-27 14:55:51.349   310   310 D wpa_supplicant: Wireless event: cmd=0x8c00 len=20
06-27 14:55:51.349   310   310 D wpa_supplicant: RTM_NEWLINK: operstate=1 ifi_flags=0x11043 ([UP][RUNNING][LOWER_UP])
06-27 14:55:51.349   310   310 D wpa_supplicant: RTM_NEWLINK, IFLA_IFNAME: Interface 'wlan0' added
06-27 14:55:51.349   310   310 D wpa_supplicant: Wireless event: cmd=0x8c00 len=20
06-27 14:55:51.356   310   310 D wpa_supplicant: RTM_NEWLINK: operstate=1 ifi_flags=0x11043 ([UP][RUNNING][LOWER_UP])
06-27 14:55:51.356   310   310 D wpa_supplicant: RTM_NEWLINK, IFLA_IFNAME: Interface 'wlan0' added
06-27 14:55:51.356   310   310 D wpa_supplicant: Wireless event: cmd=0x8c00 len=20
06-27 14:55:51.368   310   310 D wpa_supplicant: RTM_NEWLINK: operstate=1 ifi_flags=0x11043 ([UP][RUNNING][LOWER_UP])
06-27 14:55:51.368   310   310 D wpa_supplicant: RTM_NEWLINK, IFLA_IFNAME: Interface 'wlan0' added
06-27 14:55:51.368   310   310 D wpa_supplicant: Wireless event: cmd=0x8c00 len=20
06-27 14:55:58.958   310   310 D wpa_supplicant: RTM_NEWLINK: operstate=1 ifi_flags=0x11043 ([UP][RUNNING][LOWER_UP])
06-27 14:55:58.958   310   310 D wpa_supplicant: RTM_NEWLINK, IFLA_IFNAME: Interface 'wlan0' added
06-27 14:55:58.958   310   310 D wpa_supplicant: Wireless event: cmd=0x8b15 len=20
06-27 14:55:58.958   310   310 D wpa_supplicant: Wireless event: new AP: 00:00:00:00:00:00
06-27 14:55:58.958   310   310 D wpa_supplicant: Added BSSID d0:c2:82:66:6b:f1 into blacklist
06-27 14:55:58.962   310   310 I wpa_supplicant: wlan0: CTRL-EVENT-DISCONNECTED bssid=d0:c2:82:66:6b:f1 reason=0
06-27 14:55:58.962   310   310 D wpa_supplicant: wpa_driver_wext_set_key: alg=0 key_idx=0 set_tx=0 seq_len=0 key_len=0
06-27 14:55:58.962   310   310 D wpa_supplicant: wpa_driver_wext_set_key: alg=0 key_idx=1 set_tx=0 seq_len=0 key_len=0
06-27 14:55:58.966   310   310 D wpa_supplicant: wpa_driver_wext_set_key: alg=0 key_idx=2 set_tx=0 seq_len=0 key_len=0
06-27 14:55:58.966   310   310 D wpa_supplicant: wpa_driver_wext_set_key: alg=0 key_idx=3 set_tx=0 seq_len=0 key_len=0
06-27 14:55:58.966   310   310 D wpa_supplicant: wpa_driver_wext_set_key: alg=0 key_idx=0 set_tx=0 seq_len=0 key_len=0
06-27 14:55:58.970   310   310 D wpa_supplicant: wpa_driver_wext_set_operstate: operstate 1->0 (DORMANT)
06-27 14:55:58.970   310   310 D wpa_supplicant: netlink: Operstate: linkmode=-1, operstate=5
06-27 14:55:58.974   310   310 D wpa_supplicant: EAPOL: External notification - portEnabled=0
06-27 14:55:58.974   310   310 D wpa_supplicant: EAPOL: SUPP_PAE entering state DISCONNECTED
06-27 14:55:58.974   310   310 D wpa_supplicant: EAPOL: Supplicant port status: Unauthorized
06-27 14:55:58.974   310   310 D wpa_supplicant: EAPOL: SUPP_BE entering state INITIALIZE
06-27 14:55:58.974   310   310 D wpa_supplicant: EAP: EAP entering state DISABLED
06-27 14:55:58.974   310   310 D wpa_supplicant: EAPOL: Supplicant port status: Unauthorized
06-27 14:55:58.974   310   310 D wpa_supplicant: EAPOL: External notification - portValid=0
06-27 14:55:58.974   310   310 D wpa_supplicant: EAPOL: Supplicant port status: Unauthorized
06-27 14:55:58.974   310   310 D wpa_supplicant: RTM_NEWLINK: operstate=0 ifi_flags=0x11003 ([UP][LOWER_UP])
06-27 14:55:58.974   310   310 D wpa_supplicant: RTM_NEWLINK, IFLA_IFNAME: Interface 'wlan0' added
06-27 14:55:58.985    76   113 D CommandListener: Clearing all IP addresses on wlan0
06-27 14:55:59.013   142   198 D ConnectivityService: ConnectivityChange for WIFI: DISCONNECTED/DISCONNECTED
06-27 14:55:59.056   310   310 D wpa_supplicant: WPS: Building WPS IE for Probe Request
06-27 14:55:59.056   310   310 D wpa_supplicant: WPS:  * Version (hardcoded 0x10)
06-27 14:55:59.056   310   310 D wpa_supplicant: WPS:  * Request Type
06-27 14:55:59.056   310   310 D wpa_supplicant: WPS:  * Config Methods (2388)
06-27 14:55:59.056   310   310 D wpa_supplicant: WPS:  * UUID-E
06-27 14:55:59.056   310   310 D wpa_supplicant: WPS:  * Primary Device Type
06-27 14:55:59.056   310   310 D wpa_supplicant: WPS:  * RF Bands (3)
06-27 14:55:59.056   310   310 D wpa_supplicant: WPS:  * Association State
06-27 14:55:59.056   310   310 D wpa_supplicant: WPS:  * Configuration Error (0)
06-27 14:55:59.056   310   310 D wpa_supplicant: WPS:  * Device Password ID (0)
06-27 14:55:59.056   310   310 D wpa_supplicant: WPS:  * Manufacturer
06-27 14:55:59.056   310   310 D wpa_supplicant: WPS:  * Model Name
06-27 14:55:59.056   310   310 D wpa_supplicant: WPS:  * Model Number
06-27 14:55:59.056   310   310 D wpa_supplicant: WPS:  * Device Name
06-27 14:55:59.056   310   310 D wpa_supplicant: WPS:  * Version2 (0x20)
06-27 14:55:59.056   310   310 D wpa_supplicant: wpa_driver_wext_combo_scan: Start
06-27 14:55:59.056   310   310 D wpa_supplicant: For Scan: (null)
06-27 14:55:59.063   310   310 D wpa_supplicant: Scan requested (ret=0) - scan timeout 30 seconds
06-27 14:55:59.067   142   198 D ConnectivityService: Attempting to switch to mobile
06-27 14:55:59.079   142   198 D ConnectivityService: Attempting to switch to WIMAX
06-27 14:55:59.083   142   198 D ConnectivityService: Attempting to switch to BLUETOOTH_TETHER
06-27 14:55:59.091   142   198 E ConnectivityService: Exception trying to remove a route: java.lang.IllegalStateException: Unable to communicate with native dameon to add routes - com.android.server.NativeDaemonConnectorException: Cmd {interface route remove wlan0 default 67.20.205.254 32 0.0.0.0} failed with code 400 : {Failed to remove route from default table (No such process)}
06-27 14:55:59.118   142   198 D NetUtils: android_net_utils_resetConnections in env=0x1581170 clazz=0xea400001 iface=wlan0 mask=0x3
06-27 14:55:59.118   142   198 E ConnectivityService: Exception trying to remove a route: java.lang.IllegalStateException: Unable to communicate with native dameon to add routes - com.android.server.NativeDaemonConnectorException: Cmd {interface route remove wlan0 default 0.0.0.0 0 67.20.205.254} failed with code 400 : {Failed to remove route from default table (No such process)}
06-27 14:55:59.118   142   198 D ConnectivityService: resetConnections(wlan0, 3)
06-27 14:55:59.220 32077  3227 W Smack/Packet: notify conn break (IOEx), close connection
06-27 14:55:59.372 32077  3227 I qtaguid : Failed write_ctrl(u 64) res=-1 errno=22
06-27 14:55:59.372 32077  3227 I qtaguid : Untagging socket 64 failed errno=-22
06-27 14:55:59.372 32077  3227 W NetworkManagementSocketTagger: untagSocket(64) failed with errno -22
06-27 14:55:59.380   142   198 D ConnectivityService: handleInetConditionChange: no active default network - ignore
06-27 14:55:59.548   310   310 D wpa_supplicant: RTM_NEWLINK: operstate=0 ifi_flags=0x11003 ([UP][LOWER_UP])
06-27 14:55:59.548   310   310 D wpa_supplicant: RTM_NEWLINK, IFLA_IFNAME: Interface 'wlan0' added
06-27 14:55:59.548   310   310 D wpa_supplicant: Wireless event: cmd=0x8b19 len=8
06-27 14:55:59.556   310   310 D wpa_supplicant: Received 1387 bytes of scan results (7 BSSes)
06-27 14:55:59.559   310   310 D wpa_supplicant: wlan0: Request association: reassociate: 0  selected: d0:c2:82:2d:e6:d1  bssid: 00:00:00:00:00:00  pending: 00:00:00:00:00:00  wpa_state: SCANNING
06-27 14:55:59.559   310   310 I wpa_supplicant: wlan0: Trying to associate with d0:c2:82:2d:e6:d1 (SSID='UB_Secure' freq=2462 MHz)
06-27 14:55:59.575   310   310 D wpa_supplicant: RSN: Trying to use cached PMKSA
06-27 14:55:59.575   310   310 D wpa_supplicant: wpa_driver_wext_set_operstate: operstate 0->0 (DORMANT)
06-27 14:55:59.575   310   310 D wpa_supplicant: netlink: Operstate: linkmode=-1, operstate=5
06-27 14:55:59.575   310   310 D wpa_supplicant: wpa_driver_wext_associate
06-27 14:55:59.575   310   310 D wpa_supplicant: wpa_driver_wext_set_drop_unencrypted
06-27 14:55:59.599   310   310 D wpa_supplicant: wpa_driver_wext_set_psk
06-27 14:55:59.645   310   310 D wpa_supplicant: EAPOL: External notification - EAP success=0
06-27 14:55:59.645   310   310 D wpa_supplicant: EAPOL: Supplicant port status: Unauthorized
06-27 14:55:59.645   310   310 D wpa_supplicant: EAPOL: External notification - EAP fail=0
06-27 14:55:59.645   310   310 D wpa_supplicant: EAPOL: Supplicant port status: Unauthorized
06-27 14:55:59.645   310   310 D wpa_supplicant: EAPOL: External notification - portControl=Auto
06-27 14:55:59.645   310   310 D wpa_supplicant: EAPOL: Supplicant port status: Unauthorized
06-27 14:55:59.645   310   310 D wpa_supplicant: RTM_NEWLINK: operstate=0 ifi_flags=0x11003 ([UP][LOWER_UP])
06-27 14:55:59.645   310   310 D wpa_supplicant: RTM_NEWLINK, IFLA_IFNAME: Interface 'wlan0' added
06-27 14:55:59.645   310   310 D wpa_supplicant: Wireless event: cmd=0x8b06 len=8
06-27 14:55:59.645   310   310 D wpa_supplicant: RTM_NEWLINK: operstate=0 ifi_flags=0x11003 ([UP][LOWER_UP])
06-27 14:55:59.645   310   310 D wpa_supplicant: RTM_NEWLINK, IFLA_IFNAME: Interface 'wlan0' added
06-27 14:55:59.645   310   310 D wpa_supplicant: Wireless event: cmd=0x8b04 len=12
06-27 14:55:59.645   310   310 D wpa_supplicant: RTM_NEWLINK: operstate=0 ifi_flags=0x11003 ([UP][LOWER_UP])
06-27 14:55:59.645   310   310 D wpa_supplicant: RTM_NEWLINK, IFLA_IFNAME: Interface 'wlan0' added
06-27 14:55:59.645   310   310 D wpa_supplicant: Wireless event: cmd=0x8b1a len=17
06-27 14:55:59.653   310   310 D wpa_supplicant: RTM_NEWLINK: operstate=0 ifi_flags=0x11003 ([UP][LOWER_UP])
06-27 14:55:59.653   310   310 D wpa_supplicant: RTM_NEWLINK, IFLA_IFNAME: Interface 'wlan0' added
06-27 14:55:59.653   310   310 D wpa_supplicant: Wireless event: cmd=0x8b15 len=20
06-27 14:55:59.653   310   310 D wpa_supplicant: Wireless event: new AP: d0:c2:82:2d:e6:d1
06-27 14:55:59.653   310   310 D wpa_supplicant: wpa_driver_wext_set_operstate: operstate 0->0 (DORMANT)
06-27 14:55:59.653   310   310 D wpa_supplicant: netlink: Operstate: linkmode=-1, operstate=5
06-27 14:55:59.661   310   310 I wpa_supplicant: wlan0: Associated with d0:c2:82:2d:e6:d1
06-27 14:55:59.661   310   310 D wpa_supplicant: EAPOL: External notification - portEnabled=0
06-27 14:55:59.661   310   310 D wpa_supplicant: EAPOL: Supplicant port status: Unauthorized
06-27 14:55:59.661   310   310 D wpa_supplicant: EAPOL: External notification - portValid=0
06-27 14:55:59.661   310   310 D wpa_supplicant: EAPOL: Supplicant port status: Unauthorized
06-27 14:55:59.661   310   310 D wpa_supplicant: EAPOL: External notification - portEnabled=1
06-27 14:55:59.661   310   310 D wpa_supplicant: EAPOL: SUPP_PAE entering state CONNECTING
06-27 14:55:59.661   310   310 D wpa_supplicant: EAPOL: enable timer tick
06-27 14:55:59.661   310   310 D wpa_supplicant: EAPOL: SUPP_BE entering state IDLE
06-27 14:55:59.661   310   310 D wpa_supplicant: EAP: EAP entering state INITIALIZE
06-27 14:55:59.661   310   310 D wpa_supplicant: EAP: deinitialize previously used EAP method (25, PEAP) at INITIALIZE
06-27 14:55:59.673   310   310 D wpa_supplicant: EAP: EAP entering state IDLE
06-27 14:55:59.673   310   310 D wpa_supplicant: RSN: Authenticator did not accept PMKID, doing full EAP authentication
06-27 14:55:59.673   310   310 D wpa_supplicant: EAPOL: Supplicant port status: Unauthorized
06-27 14:55:59.673   310   310 D wpa_supplicant: EAPOL: Received EAP-Packet frame
06-27 14:55:59.673   310   310 D wpa_supplicant: EAPOL: SUPP_PAE entering state RESTART
06-27 14:55:59.673   310   310 D wpa_supplicant: EAP: EAP entering state INITIALIZE
06-27 14:55:59.673   310   310 D wpa_supplicant: EAP: EAP entering state IDLE
06-27 14:55:59.673   310   310 D wpa_supplicant: EAPOL: SUPP_PAE entering state AUTHENTICATING
06-27 14:55:59.673   310   310 D wpa_supplicant: EAPOL: SUPP_BE entering state REQUEST
06-27 14:55:59.673   310   310 D wpa_supplicant: EAPOL: getSuppRsp
06-27 14:55:59.673   310   310 D wpa_supplicant: EAP: EAP entering state RECEIVED
06-27 14:55:59.673   310   310 D wpa_supplicant: EAP: Received EAP-Request id=1 method=1 vendor=0 vendorMethod=0
06-27 14:55:59.673   310   310 D wpa_supplicant: EAP: EAP entering state IDENTITY
06-27 14:55:59.673   310   310 I wpa_supplicant: wlan0: CTRL-EVENT-EAP-STARTED EAP authentication started
06-27 14:55:59.673   310   310 D wpa_supplicant: EAP: EAP entering state SEND_RESPONSE
06-27 14:55:59.673   310   310 D wpa_supplicant: EAP: EAP entering state IDLE
06-27 14:55:59.673   310   310 D wpa_supplicant: EAPOL: SUPP_BE entering state RESPONSE
06-27 14:55:59.673   310   310 D wpa_supplicant: EAPOL: txSuppRsp
06-27 14:55:59.673   310   310 D wpa_supplicant: TX EAPOL: dst=d0:c2:82:2d:e6:d1
06-27 14:55:59.677   310   310 D wpa_supplicant: EAPOL: SUPP_BE entering state RECEIVE
06-27 14:55:59.681   310   310 D wpa_supplicant: EAPOL: Received EAP-Packet frame
06-27 14:55:59.681   310   310 D wpa_supplicant: EAPOL: SUPP_BE entering state REQUEST
06-27 14:55:59.681   310   310 D wpa_supplicant: EAPOL: getSuppRsp
06-27 14:55:59.681   310   310 D wpa_supplicant: EAP: EAP entering state RECEIVED
06-27 14:55:59.681   310   310 D wpa_supplicant: EAP: Received EAP-Request id=2 method=4 vendor=0 vendorMethod=0
06-27 14:55:59.681   310   310 D wpa_supplicant: EAP: EAP entering state GET_METHOD
06-27 14:55:59.681   310   310 D wpa_supplicant: EAP: configuration does not allow: vendor 0 method 4
06-27 14:55:59.681   310   310 D wpa_supplicant: EAP: vendor 0 method 4 not allowed
06-27 14:55:59.681   310   310 I wpa_supplicant: wlan0: CTRL-EVENT-EAP-PROPOSED-METHOD vendor=0 method=4 -> NAK
06-27 14:55:59.684   310   310 D wpa_supplicant: EAP: Building EAP-Nak (requested type 4 vendor=0 method=0 not allowed)
06-27 14:55:59.684   310   310 D wpa_supplicant: EAP: EAP entering state SEND_RESPONSE
06-27 14:55:59.684   310   310 D wpa_supplicant: EAP: EAP entering state IDLE
06-27 14:55:59.684   310   310 D wpa_supplicant: EAPOL: SUPP_BE entering state RESPONSE
06-27 14:55:59.684   310   310 D wpa_supplicant: EAPOL: txSuppRsp
06-27 14:55:59.684   310   310 D wpa_supplicant: TX EAPOL: dst=d0:c2:82:2d:e6:d1
06-27 14:55:59.688   310   310 D wpa_supplicant: EAPOL: SUPP_BE entering state RECEIVE
06-27 14:55:59.688   310   310 D wpa_supplicant: EAPOL: Received EAP-Packet frame
06-27 14:55:59.688   310   310 D wpa_supplicant: EAPOL: SUPP_BE entering state REQUEST
06-27 14:55:59.688   310   310 D wpa_supplicant: EAPOL: getSuppRsp
06-27 14:55:59.688   310   310 D wpa_supplicant: EAP: EAP entering state RECEIVED
06-27 14:55:59.688   310   310 D wpa_supplicant: EAP: Received EAP-Request id=3 method=25 vendor=0 vendorMethod=0
06-27 14:55:59.688   310   310 D wpa_supplicant: EAP: EAP entering state GET_METHOD
06-27 14:55:59.688   310   310 I wpa_supplicant: wlan0: CTRL-EVENT-EAP-PROPOSED-METHOD vendor=0 method=25
06-27 14:55:59.688   310   310 D wpa_supplicant: EAP: Initialize selected EAP method: vendor 0 method 25 (PEAP)
06-27 14:55:59.688   310   310 D wpa_supplicant: TLS: using phase1 config options
06-27 14:55:59.688   310   310 I wpa_supplicant: wlan0: CTRL-EVENT-EAP-METHOD EAP vendor 0 method 25 (PEAP) selected
06-27 14:55:59.688   310   310 D wpa_supplicant: EAP: EAP entering state METHOD
06-27 14:55:59.688   310   310 D wpa_supplicant: SSL: Received packet(len=6) - Flags 0x20
06-27 14:55:59.688   310   310 D wpa_supplicant: EAP-PEAP: Start (server ver=0, own ver=1)
06-27 14:55:59.688   310   310 D wpa_supplicant: EAP-PEAP: Using PEAP version 0
06-27 14:55:59.688   310   310 D wpa_supplicant: SSL: (where=0x10 ret=0x1)
06-27 14:55:59.688   310   310 D wpa_supplicant: SSL: (where=0x1001 ret=0x1)
06-27 14:55:59.692   310   310 D wpa_supplicant: SSL: SSL_connect:before/connect initialization
06-27 14:55:59.692   310   310 D wpa_supplicant: SSL: (where=0x1001 ret=0x1)
06-27 14:55:59.692   310   310 D wpa_supplicant: SSL: SSL_connect:SSLv3 write client hello A
06-27 14:55:59.692   310   310 D wpa_supplicant: SSL: (where=0x1002 ret=0xffffffff)
06-27 14:55:59.692   310   310 D wpa_supplicant: SSL: SSL_connect:error in SSLv3 read server hello A
06-27 14:55:59.692   310   310 D wpa_supplicant: SSL: SSL_connect - want more data
06-27 14:55:59.692   310   310 D wpa_supplicant: SSL: 190 bytes pending from ssl_out
06-27 14:55:59.692   310   310 D wpa_supplicant: SSL: 190 bytes left to be sent out (of total 190 bytes)
06-27 14:55:59.692   310   310 D wpa_supplicant: EAP: method process -> ignore=FALSE methodState=MAY_CONT decision=FAIL
06-27 14:55:59.692   310   310 D wpa_supplicant: EAP: EAP entering state SEND_RESPONSE
06-27 14:55:59.692   310   310 D wpa_supplicant: EAP: EAP entering state IDLE
06-27 14:55:59.692   310   310 D wpa_supplicant: EAPOL: SUPP_BE entering state RESPONSE
06-27 14:55:59.692   310   310 D wpa_supplicant: EAPOL: txSuppRsp
06-27 14:55:59.692   310   310 D wpa_supplicant: TX EAPOL: dst=d0:c2:82:2d:e6:d1
06-27 14:55:59.692   310   310 D wpa_supplicant: EAPOL: SUPP_BE entering state RECEIVE
06-27 14:55:59.720   310   310 D wpa_supplicant: RTM_NEWLINK: operstate=0 ifi_flags=0x11003 ([UP][LOWER_UP])
06-27 14:55:59.720   310   310 D wpa_supplicant: RTM_NEWLINK, IFLA_IFNAME: Interface 'wlan0' added
06-27 14:55:59.720   310   310 D wpa_supplicant: Wireless event: cmd=0x8c03 len=20
06-27 14:55:59.720   310   310 D wpa_supplicant: RTM_NEWLINK: operstate=0 ifi_flags=0x11003 ([UP][LOWER_UP])
06-27 14:55:59.720   310   310 D wpa_supplicant: RTM_NEWLINK, IFLA_IFNAME: Interface 'wlan0' added
06-27 14:55:59.720   310   310 D wpa_supplicant: Wireless event: cmd=0x8c02 len=26
06-27 14:55:59.724   310   310 D wpa_supplicant: EAPOL: Received EAP-Packet frame
06-27 14:55:59.724   310   310 D wpa_supplicant: EAPOL: SUPP_BE entering state REQUEST
06-27 14:55:59.724   310   310 D wpa_supplicant: EAPOL: getSuppRsp
06-27 14:55:59.724   310   310 D wpa_supplicant: EAP: EAP entering state RECEIVED
06-27 14:55:59.724   310   310 D wpa_supplicant: EAP: Received EAP-Request id=4 method=25 vendor=0 vendorMethod=0
06-27 14:55:59.724   310   310 D wpa_supplicant: EAP: EAP entering state METHOD
06-27 14:55:59.724   310   310 D wpa_supplicant: SSL: Received packet(len=1024) - Flags 0xc0
06-27 14:55:59.724   310   310 D wpa_supplicant: SSL: TLS Message Length: 4310
06-27 14:55:59.724   310   310 D wpa_supplicant: SSL: Need 3296 bytes more input data
06-27 14:55:59.724   310   310 D wpa_supplicant: SSL: Building ACK (type=25 id=4 ver=0)
06-27 14:55:59.724   310   310 D wpa_supplicant: EAP: method process -> ignore=FALSE methodState=MAY_CONT decision=FAIL
06-27 14:55:59.724   310   310 D wpa_supplicant: EAP: EAP entering state SEND_RESPONSE
06-27 14:55:59.724   310   310 D wpa_supplicant: EAP: EAP entering state IDLE
06-27 14:55:59.724   310   310 D wpa_supplicant: EAPOL: SUPP_BE entering state RESPONSE
06-27 14:55:59.724   310   310 D wpa_supplicant: EAPOL: txSuppRsp
06-27 14:55:59.724   310   310 D wpa_supplicant: TX EAPOL: dst=d0:c2:82:2d:e6:d1
06-27 14:55:59.724   310   310 D wpa_supplicant: EAPOL: SUPP_BE entering state RECEIVE
06-27 14:55:59.727   310   310 D wpa_supplicant: EAPOL: Received EAP-Packet frame
06-27 14:55:59.727   310   310 D wpa_supplicant: EAPOL: SUPP_BE entering state REQUEST
06-27 14:55:59.727   310   310 D wpa_supplicant: EAPOL: getSuppRsp
06-27 14:55:59.727   310   310 D wpa_supplicant: EAP: EAP entering state RECEIVED
06-27 14:55:59.727   310   310 D wpa_supplicant: EAP: Received EAP-Request id=5 method=25 vendor=0 vendorMethod=0
06-27 14:55:59.727   310   310 D wpa_supplicant: EAP: EAP entering state METHOD
06-27 14:55:59.727   310   310 D wpa_supplicant: SSL: Received packet(len=1020) - Flags 0x40
06-27 14:55:59.727   310   310 D wpa_supplicant: SSL: Need 2282 bytes more input data
06-27 14:55:59.727   310   310 D wpa_supplicant: SSL: Building ACK (type=25 id=5 ver=0)
06-27 14:55:59.727   310   310 D wpa_supplicant: EAP: method process -> ignore=FALSE methodState=MAY_CONT decision=FAIL
06-27 14:55:59.727   310   310 D wpa_supplicant: EAP: EAP entering state SEND_RESPONSE
06-27 14:55:59.727   310   310 D wpa_supplicant: EAP: EAP entering state IDLE
06-27 14:55:59.727   310   310 D wpa_supplicant: EAPOL: SUPP_BE entering state RESPONSE
06-27 14:55:59.727   310   310 D wpa_supplicant: EAPOL: txSuppRsp
06-27 14:55:59.727   310   310 D wpa_supplicant: TX EAPOL: dst=d0:c2:82:2d:e6:d1
06-27 14:55:59.727   310   310 D wpa_supplicant: EAPOL: SUPP_BE entering state RECEIVE
06-27 14:55:59.727   310   310 D wpa_supplicant: EAPOL: Received EAP-Packet frame
06-27 14:55:59.727   310   310 D wpa_supplicant: EAPOL: SUPP_BE entering state REQUEST
06-27 14:55:59.727   310   310 D wpa_supplicant: EAPOL: getSuppRsp
06-27 14:55:59.727   310   310 D wpa_supplicant: EAP: EAP entering state RECEIVED
06-27 14:55:59.727   310   310 D wpa_supplicant: EAP: Received EAP-Request id=6 method=25 vendor=0 vendorMethod=0
06-27 14:55:59.727   310   310 D wpa_supplicant: EAP: EAP entering state METHOD
06-27 14:55:59.727   310   310 D wpa_supplicant: SSL: Received packet(len=1020) - Flags 0x40
06-27 14:55:59.727   310   310 D wpa_supplicant: SSL: Need 1268 bytes more input data
06-27 14:55:59.727   310   310 D wpa_supplicant: SSL: Building ACK (type=25 id=6 ver=0)
06-27 14:55:59.727   310   310 D wpa_supplicant: EAP: method process -> ignore=FALSE methodState=MAY_CONT decision=FAIL
06-27 14:55:59.727   310   310 D wpa_supplicant: EAP: EAP entering state SEND_RESPONSE
06-27 14:55:59.727   310   310 D wpa_supplicant: EAP: EAP entering state IDLE
06-27 14:55:59.727   310   310 D wpa_supplicant: EAPOL: SUPP_BE entering state RESPONSE
06-27 14:55:59.727   310   310 D wpa_supplicant: EAPOL: txSuppRsp
06-27 14:55:59.727   310   310 D wpa_supplicant: TX EAPOL: dst=d0:c2:82:2d:e6:d1
06-27 14:55:59.727   310   310 D wpa_supplicant: EAPOL: SUPP_BE entering state RECEIVE
06-27 14:55:59.731   310   310 D wpa_supplicant: EAPOL: Received EAP-Packet frame
06-27 14:55:59.731   310   310 D wpa_supplicant: EAPOL: SUPP_BE entering state REQUEST
06-27 14:55:59.731   310   310 D wpa_supplicant: EAPOL: getSuppRsp
06-27 14:55:59.731   310   310 D wpa_supplicant: EAP: EAP entering state RECEIVED
06-27 14:55:59.731   310   310 D wpa_supplicant: EAP: Received EAP-Request id=7 method=25 vendor=0 vendorMethod=0
06-27 14:55:59.731   310   310 D wpa_supplicant: EAP: EAP entering state METHOD
06-27 14:55:59.731   310   310 D wpa_supplicant: SSL: Received packet(len=1020) - Flags 0x40
06-27 14:55:59.731   310   310 D wpa_supplicant: SSL: Need 254 bytes more input data
06-27 14:55:59.731   310   310 D wpa_supplicant: SSL: Building ACK (type=25 id=7 ver=0)
06-27 14:55:59.731   310   310 D wpa_supplicant: EAP: method process -> ignore=FALSE methodState=MAY_CONT decision=FAIL
06-27 14:55:59.731   310   310 D wpa_supplicant: EAP: EAP entering state SEND_RESPONSE
06-27 14:55:59.731   310   310 D wpa_supplicant: EAP: EAP entering state IDLE
06-27 14:55:59.731   310   310 D wpa_supplicant: EAPOL: SUPP_BE entering state RESPONSE
06-27 14:55:59.731   310   310 D wpa_supplicant: EAPOL: txSuppRsp
06-27 14:55:59.731   310   310 D wpa_supplicant: TX EAPOL: dst=d0:c2:82:2d:e6:d1
06-27 14:55:59.731   310   310 D wpa_supplicant: EAPOL: SUPP_BE entering state RECEIVE
06-27 14:55:59.735   310   310 D wpa_supplicant: EAPOL: Received EAP-Packet frame
06-27 14:55:59.735   310   310 D wpa_supplicant: EAPOL: SUPP_BE entering state REQUEST
06-27 14:55:59.735   310   310 D wpa_supplicant: EAPOL: getSuppRsp
06-27 14:55:59.735   310   310 D wpa_supplicant: EAP: EAP entering state RECEIVED
06-27 14:55:59.735   310   310 D wpa_supplicant: EAP: Received EAP-Request id=8 method=25 vendor=0 vendorMethod=0
06-27 14:55:59.735   310   310 D wpa_supplicant: EAP: EAP entering state METHOD
06-27 14:55:59.735   310   310 D wpa_supplicant: SSL: Received packet(len=260) - Flags 0x00
06-27 14:55:59.735   310   310 D wpa_supplicant: SSL: (where=0x1001 ret=0x1)
06-27 14:55:59.735   310   310 D wpa_supplicant: SSL: SSL_connect:SSLv3 read server hello A
06-27 14:55:59.743   310   310 D wpa_supplicant: TLS: tls_verify_cb - preverify_ok=1 err=19 (self signed certificate in certificate chain) ca_cert_verify=0 depth=2 buf='/C=US/O=Entrust.net/OU=www.entrust.net/CPS incorp. by ref. (limits liab.)/OU=(c) 1999 Entrust.net Limited/CN=Entrust.net Secure Server Certification Authority'
06-27 14:55:59.743   310   310 I wpa_supplicant: wlan0: CTRL-EVENT-EAP-PEER-CERT depth=2 subject='/C=US/O=Entrust.net/OU=www.entrust.net/CPS incorp. by ref. (limits liab.)/OU=(c) 1999 Entrust.net Limited/CN=Entrust.net Secure Server Certification Authority'
06-27 14:55:59.743   310   310 D wpa_supplicant: TLS: tls_verify_cb - preverify_ok=1 err=19 (self signed certificate in certificate chain) ca_cert_verify=0 depth=2 buf='/C=US/O=Entrust.net/OU=www.entrust.net/CPS incorp. by ref. (limits liab.)/OU=(c) 1999 Entrust.net Limited/CN=Entrust.net Secure Server Certification Authority'
06-27 14:55:59.743   310   310 I wpa_supplicant: wlan0: CTRL-EVENT-EAP-PEER-CERT depth=2 subject='/C=US/O=Entrust.net/OU=www.entrust.net/CPS incorp. by ref. (limits liab.)/OU=(c) 1999 Entrust.net Limited/CN=Entrust.net Secure Server Certification Authority'
06-27 14:55:59.747   310   310 D wpa_supplicant: TLS: tls_verify_cb - preverify_ok=1 err=19 (self signed certificate in certificate chain) ca_cert_verify=0 depth=1 buf='/C=US/ST=UT/L=Salt Lake City/O=The USERTRUST Network/CN=USERTrust Legacy Secure Server CA'
06-27 14:55:59.747   310   310 I wpa_supplicant: wlan0: CTRL-EVENT-EAP-PEER-CERT depth=1 subject='/C=US/ST=UT/L=Salt Lake City/O=The USERTRUST Network/CN=USERTrust Legacy Secure Server CA'
