06-28 17:35:42.417   585   695 I ContactsProvider: Upgrading aggregation algorithm
06-28 17:35:42.503   585   695 I ContactsProvider: Aggregation algorithm upgraded for 0 contacts, in 13ms
06-28 17:35:42.546   585   695 I ContactsFTS: Rebuild contact search index in 17ms, 0 contacts
06-28 17:35:42.710   585   588 D dalvikvm: GC_CONCURRENT freed 432K, 6% free 9498K/10055K, paused 2ms+3ms
06-28 17:35:43.995   536   538 D dalvikvm: GC_CONCURRENT freed 453K, 6% free 9278K/9863K, paused 2ms+3ms
06-28 17:35:44.460   151   168 I ActivityManager: Start proc edu.buffalo.cse.phonelab.phonelabservices for broadcast edu.buffalo.cse.phonelab.phonelabservices/.PeriodicCheckReceiver: pid=1243 uid=10036 gids={3003, 1015, 1007, 2001}
06-28 17:35:44.487  1243  1243 I PhoneLab-Locks: wake lock acquired
06-28 17:35:44.511  1243  1256 W PhoneLab-PeriodicCheckService: User info is not synched yet
06-28 17:35:44.526  1243  1256 W PhoneLab-PeriodicCheckService: Logger Service is not running starting now...
06-28 17:35:44.538  1243  1256 I PhoneLab-Locks: wake lock acquired
06-28 17:35:44.538  1243  1256 I PhoneLab-PeriodicCheckService: Rescheduling periodic checking...
06-28 17:35:44.542  1243  1256 I PhoneLab-Locks: wake lock released
06-28 17:35:44.542  1243  1243 I PhoneLab-LoggerService: Start Logger Service
06-28 17:35:44.542  1243  1260 I PhoneLab-: Service Running
06-28 17:35:44.546  1243  1243 I PhoneLab-RegistrationReceiver: C2DM Registration Receiver is fired
06-28 17:35:44.628  1243  1260 I PhoneLab-LoggerService: Logcat pid from database -1
06-28 17:35:44.628  1243  1260 I PhoneLab-LoggerService: Logcat process not found, starting process
06-28 17:35:44.632  1243  1243 I PhoneLab-RegistrationReceiver: Shared Preferences Settings updated successfully
06-28 17:35:44.636  1243  1243 I PhoneLab-UploadLogs: Transfering log files now
06-28 17:35:44.655  1243  1260 I System.out: /mnt/sdcard/.log/
06-28 17:35:44.761  1243  1246 D dalvikvm: GC_CONCURRENT freed 413K, 6% free 9123K/9607K, paused 2ms+9ms
06-28 17:35:44.807  1243  1260 I PhoneLab-LoggerService: app_36    1264  1243  1704   1332  00000000 40013494 R logcat
06-28 17:35:44.815  1243  1260 I PhoneLab-LoggerService: PID to db1264
06-28 17:35:44.839  1243  1243 D dalvikvm: GC_FOR_ALLOC freed 234K, 5% free 9204K/9671K, paused 18ms
06-28 17:35:44.858  1243  1243 D dalvikvm: GC_FOR_ALLOC freed 58K, 6% free 9266K/9799K, paused 17ms
06-28 17:35:44.858  1243  1243 I dalvikvm-heap: Grow heap (frag case) to 9.360MB for 254548-byte allocation
06-28 17:35:44.878  1243  1243 D dalvikvm: GC_FOR_ALLOC freed 120K, 7% free 9394K/10055K, paused 17ms
06-28 17:35:44.878  1243  1243 I dalvikvm-heap: Grow heap (frag case) to 9.735MB for 516692-byte allocation
06-28 17:35:44.909  1243  1246 D dalvikvm: GC_CONCURRENT freed 248K, 9% free 9650K/10567K, paused 1ms+2ms
06-28 17:35:44.909  1243  1243 I PhoneLab-UploadLogs: OnStartCommand
06-28 17:35:44.936  1243  1243 I PhoneLab-Locks: wake lock acquired
06-28 17:35:44.944  1243  1243 I PhoneLab-StatusMonitor: Status Monitoring is started
06-28 17:35:44.956  1243  1243 E PhoneLab-PhoneLabManifest: java.io.FileNotFoundException: /data/data/edu.buffalo.cse.phonelab.phonelabservices/files/manifest.xml: open failed: ENOENT (No such file or directory)
06-28 17:35:44.964  1243  1243 I PhoneLab-Locks: wake lock released
06-28 17:35:46.186   536   538 D dalvikvm: GC_CONCURRENT freed 383K, 6% free 9279K/9863K, paused 2ms+3ms
06-28 17:35:46.241   151   151 W BackupManagerService: dataChanged but no participant pkg='com.android.providers.settings' uid=10012
06-28 17:35:46.573    82   123 E MetadataRetrieverClient: failed to extract an album art
06-28 17:35:46.682   151   167 D PackageManager: generateServicesMap(android.accounts.AccountAuthenticator): 3 services unchanged
06-28 17:35:46.694   487   487 I RegisteredComponentCache: ComponentInfo: ResolveInfo{41356e58 com.android.apps.tag.TagViewer p=0 o=0 m=0x108000}, techs: android.nfc.tech.Ndef, 
06-28 17:35:46.714   487   487 I RegisteredComponentCache: ComponentInfo: ResolveInfo{4136ac30 com.android.apps.tag.TagViewer p=0 o=0 m=0x108000}, techs: android.nfc.tech.Ndef, 
06-28 17:35:46.722  1069  1116 W Launcher.Model: Nobody to tell about the new app.  Launcher is probably loading.
06-28 17:35:46.741   487   487 I RegisteredComponentCache: ComponentInfo: ResolveInfo{41373db0 com.android.apps.tag.TagViewer p=0 o=0 m=0x108000}, techs: android.nfc.tech.Ndef, 
06-28 17:35:46.776  1069  1116 W Launcher.Model: Nobody to tell about the new app.  Launcher is probably loading.
06-28 17:35:46.792   151   167 D PackageManager: generateServicesMap(android.content.SyncAdapter): 9 services unchanged
06-28 17:35:46.858  1069  1116 W Launcher.Model: Nobody to tell about the new app.  Launcher is probably loading.
06-28 17:35:46.893   151   154 D dalvikvm: GC_CONCURRENT freed 694K, 11% free 11743K/13191K, paused 8ms+4ms
06-28 17:35:46.972   151   167 D PackageManager: generateServicesMap(android.accounts.AccountAuthenticator): 3 services unchanged
06-28 17:35:47.003   151   167 D PackageManager: generateServicesMap(android.content.SyncAdapter): 9 services unchanged
06-28 17:35:47.054   151   158 I dalvikvm: Jit: resizing JitTable from 4096 to 8192
06-28 17:35:47.077   151   167 D PackageManager: generateServicesMap(android.accounts.AccountAuthenticator): 3 services unchanged
06-28 17:35:47.081  1136  1138 D dalvikvm: GC_CONCURRENT freed 445K, 6% free 9276K/9863K, paused 1ms+5ms
06-28 17:35:47.089   151   167 D PackageManager: generateServicesMap(android.content.SyncAdapter): 9 services unchanged
06-28 17:35:47.245    82    82 E MetadataRetrieverClient: failed to extract an album art
06-28 17:35:49.526   536   538 D dalvikvm: GC_CONCURRENT freed 382K, 6% free 9283K/9863K, paused 2ms+4ms
06-28 17:35:50.018    82   122 D AudioHardware: AudioHardware pcm playback is exiting standby.
06-28 17:35:50.018    82   122 D AudioHardware: openPcmOut_l() mPcmOpenCnt: 0
06-28 17:35:50.026   504   504 W ResourceType: getEntry failing because entryIndex 129 is beyond type entryCount 3
06-28 17:35:50.132   151   154 D dalvikvm: GC_CONCURRENT freed 602K, 12% free 11696K/13191K, paused 8ms+11ms
06-28 17:35:50.179    85    85 I keystore: uid: 1000 action: s -> 1 state: 3 -> 3 retry: 4
06-28 17:35:50.179    85    85 I keystore: uid: 1000 action: s -> 1 state: 3 -> 3 retry: 4
06-28 17:35:50.417   504   507 D dalvikvm: GC_CONCURRENT freed 233K, 4% free 9841K/10183K, paused 2ms+4ms
06-28 17:35:52.304   536   538 D dalvikvm: GC_CONCURRENT freed 443K, 6% free 9288K/9863K, paused 4ms+4ms
06-28 17:35:52.518  1243  1267 W System.err: org.apache.http.conn.HttpHostConnectException: Connection to http://107.22.187.240 refused
06-28 17:35:52.522  1243  1267 W System.err: 	at org.apache.http.impl.conn.DefaultClientConnectionOperator.openConnection(DefaultClientConnectionOperator.java:183)
06-28 17:35:52.522  1243  1267 W System.err: 	at org.apache.http.impl.conn.AbstractPoolEntry.open(AbstractPoolEntry.java:164)
06-28 17:35:52.526  1243  1267 W System.err: 	at org.apache.http.impl.conn.AbstractPooledConnAdapter.open(AbstractPooledConnAdapter.java:119)
06-28 17:35:52.526  1243  1267 W System.err: 	at org.apache.http.impl.client.DefaultRequestDirector.execute(DefaultRequestDirector.java:360)
06-28 17:35:52.526  1243  1267 W System.err: 	at org.apache.http.impl.client.AbstractHttpClient.execute(AbstractHttpClient.java:555)
06-28 17:35:52.526  1243  1267 W System.err: 	at org.apache.http.impl.client.AbstractHttpClient.execute(AbstractHttpClient.java:487)
06-28 17:35:52.530  1243  1267 W System.err: 	at com.loopj.android.http.AsyncHttpRequest.makeRequest(Unknown Source)
06-28 17:35:52.530  1243  1267 W System.err: 	at com.loopj.android.http.AsyncHttpRequest.makeRequestWithRetries(Unknown Source)
06-28 17:35:52.530  1243  1267 W System.err: 	at com.loopj.android.http.AsyncHttpRequest.run(Unknown Source)
06-28 17:35:52.530  1243  1267 W System.err: 	at java.util.concurrent.Executors$RunnableAdapter.call(Executors.java:442)
06-28 17:35:52.530  1243  1267 W System.err: 	at java.util.concurrent.FutureTask$Sync.innerRun(FutureTask.java:305)
06-28 17:35:52.534  1243  1267 W System.err: 	at java.util.concurrent.FutureTask.run(FutureTask.java:137)
06-28 17:35:52.534  1243  1267 W System.err: 	at java.util.concurrent.ThreadPoolExecutor.runWorker(ThreadPoolExecutor.java:1076)
06-28 17:35:52.534  1243  1267 W System.err: 	at java.util.concurrent.ThreadPoolExecutor$Worker.run(ThreadPoolExecutor.java:569)
06-28 17:35:52.534  1243  1267 W System.err: 	at java.lang.Thread.run(Thread.java:856)
06-28 17:35:52.534  1243  1267 W System.err: Caused by: java.net.ConnectException: failed to connect to /107.22.187.240 (port 80): connect failed: ENETUNREACH (Network is unreachable)
06-28 17:35:52.538  1243  1267 W System.err: 	at libcore.io.IoBridge.connect(IoBridge.java:114)
06-28 17:35:52.538  1243  1267 W System.err: 	at java.net.PlainSocketImpl.connect(PlainSocketImpl.java:192)
06-28 17:35:52.542  1243  1267 W System.err: 	at java.net.PlainSocketImpl.connect(PlainSocketImpl.java:459)
06-28 17:35:52.542  1243  1267 W System.err: 	at java.net.Socket.connect(Socket.java:842)
06-28 17:35:52.542  1243  1267 W System.err: 	at org.apache.http.conn.scheme.PlainSocketFactory.connectSocket(PlainSocketFactory.java:119)
06-28 17:35:52.542  1243  1267 W System.err: 	at org.apache.http.impl.conn.DefaultClientConnectionOperator.openConnection(DefaultClientConnectionOperator.java:144)
06-28 17:35:52.546  1243  1267 W System.err: 	... 14 more
06-28 17:35:52.546  1243  1267 W System.err: Caused by: libcore.io.ErrnoException: connect failed: ENETUNREACH (Network is unreachable)
06-28 17:35:52.550  1243  1267 W System.err: 	at libcore.io.Posix.connect(Native Method)
06-28 17:35:52.554  1243  1267 W System.err: 	at libcore.io.BlockGuardOs.connect(BlockGuardOs.java:85)
06-28 17:35:52.554  1243  1267 W System.err: 	at libcore.io.IoBridge.connectErrno(IoBridge.java:127)
06-28 17:35:52.554  1243  1267 W System.err: 	at libcore.io.IoBridge.connect(IoBridge.java:112)
06-28 17:35:52.554  1243  1267 W System.err: 	... 19 more
06-28 17:35:52.557  1243  1243 E PhoneLab-: Transfering 1340884824964.log failed
06-28 17:35:52.557  1243  1243 I PhoneLab-Locks: wake lock released
06-28 17:35:52.690    82    82 E MetadataRetrieverClient: failed to extract an album art
06-28 17:35:53.108    82   122 D AudioHardware: AudioHardware pcm playback is going to standby.
06-28 17:35:53.108    82   122 D AudioHardware: closePcmOut_l() mPcmOpenCnt: 1
06-28 17:35:53.311    82   122 D AudioHardware: AudioHardware pcm playback is exiting standby.
06-28 17:35:53.311    82   122 D AudioHardware: openPcmOut_l() mPcmOpenCnt: 0
06-28 17:35:53.499   151   595 W InputManagerService: Window already focused, ignoring focus gain of: com.android.internal.view.IInputMethodClient$Stub$Proxy@415c6718
06-28 17:35:54.288   151   593 W BackupManagerService: dataChanged but no participant pkg='com.android.providers.settings' uid=10012
06-28 17:35:55.280   453   455 D dalvikvm: GC_CONCURRENT freed 152K, 3% free 9754K/9991K, paused 4ms+3ms
06-28 17:35:55.554   453   453 D dalvikvm: GC_FOR_ALLOC freed 191K, 3% free 9838K/10119K, paused 72ms
06-28 17:35:55.565   453   453 I dalvikvm-heap: Grow heap (frag case) to 10.223MB for 577936-byte allocation
06-28 17:35:55.639   453   455 D dalvikvm: GC_CONCURRENT freed 9K, 3% free 10393K/10695K, paused 2ms+7ms
06-28 17:35:55.710   388   389 D dalvikvm: GC_CONCURRENT freed 336K, 6% free 9806K/10375K, paused 2ms+5ms
06-28 17:35:56.284   536   538 D dalvikvm: GC_CONCURRENT freed 433K, 6% free 9298K/9863K, paused 2ms+2ms
06-28 17:35:56.401    82   122 D AudioHardware: AudioHardware pcm playback is going to standby.
06-28 17:35:56.401    82   122 D AudioHardware: closePcmOut_l() mPcmOpenCnt: 1
06-28 17:35:56.675   504   507 D dalvikvm: GC_CONCURRENT freed 352K, 5% free 9905K/10375K, paused 2ms+6ms
06-28 17:35:56.886   388   388 D dalvikvm: GC_FOR_ALLOC freed 288K, 5% free 9876K/10375K, paused 25ms
06-28 17:35:57.073   388   388 D dalvikvm: GC_FOR_ALLOC freed 384K, 5% free 9865K/10375K, paused 17ms
06-28 17:35:57.702    82   674 E MetadataRetrieverClient: failed to extract an album art
06-28 17:35:58.878   536  1001 I MediaProvider: Upgrading media database from version 0 to 408, which will destroy all old data
06-28 17:35:59.175   536   538 D dalvikvm: GC_CONCURRENT freed 405K, 6% free 9324K/9863K, paused 7ms+3ms
06-28 17:35:59.218   536  1001 I SqliteDatabaseCpp: sqlite returned: error code = 17, msg = statement aborts at 71: [UPDATE files SET date_modified=0 WHERE media_type=2;] database schema has changed, db=/data/data/com.android.providers.downloads/databases/downloads.db
06-28 17:35:59.229   536  1001 I SqliteDatabaseCpp: sqlite returned: error code = 17, msg = statement aborts at 71: [UPDATE files SET date_modified=0 WHERE media_type=2;] database schema has changed, db=/data/data/com.android.providers.downloads/databases/downloads.db
06-28 17:35:59.253   536  1001 I SqliteDatabaseCpp: sqlite returned: error code = 17, msg = statement aborts at 71: [UPDATE files SET date_modified=0;] database schema has changed, db=/data/data/com.android.providers.downloads/databases/downloads.db
06-28 17:35:59.511   536  1001 W MediaScanner: Error opening directory '/mnt/sdcard/.android_secure/', skipping: Permission denied.
06-28 17:35:59.819   151   587 D AlarmManagerService: Kernel timezone updated to 240 minutes west of GMT
06-28 17:36:00.569   536   538 D dalvikvm: GC_CONCURRENT freed 391K, 6% free 9340K/9863K, paused 3ms+6ms
06-28 17:36:02.706   536   538 D dalvikvm: GC_CONCURRENT freed 404K, 6% free 9327K/9863K, paused 1ms+3ms
06-28 17:36:04.472   151   154 D dalvikvm: GC_CONCURRENT freed 542K, 12% free 11696K/13191K, paused 2ms+4ms
06-28 17:36:05.257   536   538 D dalvikvm: GC_CONCURRENT freed 368K, 6% free 9364K/9863K, paused 9ms+11ms
06-28 17:36:05.374   151   312 D ConnectivityService: ConnectivityChange for mobile: DISCONNECTED/DISCONNECTED
06-28 17:36:05.374   151   312 D ConnectivityService: Attempting to switch to wifi
06-28 17:36:05.374   151   312 D ConnectivityService: Attempting to switch to WIMAX
06-28 17:36:05.374   151   312 D ConnectivityService: Attempting to switch to BLUETOOTH_TETHER
06-28 17:36:05.382   151   306 W NetworkStats: dropping UID delta from unknown iface: iface=wlan0 uid=0 set=DEFAULT tag=0x0 rxBytes=0 rxPackets=0 txBytes=384 txPackets=6 operations=0
06-28 17:36:05.393   151   307 I NetworkPolicy: no policy for active mobile network; generating default policy
06-28 17:36:06.534   453   455 D dalvikvm: GC_CONCURRENT freed 429K, 5% free 10516K/11015K, paused 2ms+3ms
06-28 17:36:08.307   536   538 D dalvikvm: GC_CONCURRENT freed 391K, 6% free 9404K/9927K, paused 2ms+3ms
06-28 17:36:08.386   151   315 D Tethering: MasterInitialState.processMessage what=3
06-28 17:36:08.413   551   551 V NetworkMonitor: Intent { act=android.net.conn.CONNECTIVITY_CHANGE flg=0x10000010 (has extras) }
06-28 17:36:08.413   151   312 D ConnectivityService: handleInetConditionChange: no active default network - ignore
06-28 17:36:08.475  1216  1216 I MediaUploader: No need to wake up
06-28 17:36:08.514  1136  1152 D PicasaSyncManager: active network: null
06-28 17:36:08.518  1136  1152 D PicasaSyncManager: background data: true
06-28 17:36:08.557   661   693 D dalvikvm: GC_EXPLICIT freed 438K, 6% free 9428K/9991K, paused 2ms+3ms
06-28 17:36:08.585   551   551 V NetworkMonitor: Network is DOWN, Checkin has NOT succeeded, GLS IS connected
06-28 17:36:09.081   471   471 D SAN_SERVICE: *******************************************
06-28 17:36:09.081   471   471 D SAN_SERVICE: DM App Phone Service State - 0
06-28 17:36:09.081   471   471 D SAN_SERVICE: *******************************************
06-28 17:36:10.409   471   471 D SAN_SERVICE: *******************************************
06-28 17:36:10.409   471   471 D SAN_SERVICE: DM App Phone Service State - 0
06-28 17:36:10.409   471   471 D SAN_SERVICE: *******************************************
06-28 17:36:10.671   151   309 D WifiConfigStore: IP config changed SSID = "UB_Secure" linkProperties: LinkAddresses: [] Routes: [] DnsAddresses: [] 
06-28 17:36:10.671   151   309 D WifiConfigStore: proxy changed SSID = "UB_Secure"
06-28 17:36:10.675    82   122 D AudioHardware: AudioHardware pcm playback is exiting standby.
06-28 17:36:10.675    82   122 D AudioHardware: openPcmOut_l() mPcmOpenCnt: 0
06-28 17:36:10.764    76   114 D CommandListener: Clearing all IP addresses on wlan0
06-28 17:36:10.780   151   312 D ConnectivityService: ConnectivityChange for WIFI: DISCONNECTED/DISCONNECTED
06-28 17:36:10.780   151   312 D ConnectivityService: Attempting to switch to mobile
06-28 17:36:10.780   151   312 D ConnectivityService: Attempting to switch to WIMAX
06-28 17:36:10.780   151   312 D ConnectivityService: Attempting to switch to BLUETOOTH_TETHER
06-28 17:36:11.030   388   388 D dalvikvm: GC_FOR_ALLOC freed 221K, 5% free 9878K/10375K, paused 103ms
06-28 17:36:11.132   151   154 D dalvikvm: GC_CONCURRENT freed 575K, 12% free 11738K/13191K, paused 2ms+16ms
06-28 17:36:11.182   388   388 D dalvikvm: GC_FOR_ALLOC freed 203K, 5% free 9858K/10375K, paused 70ms
06-28 17:36:11.268   388   388 D dalvikvm: GC_FOR_ALLOC freed 368K, 7% free 9672K/10375K, paused 45ms
06-28 17:36:11.350   388   389 D dalvikvm: GC_CONCURRENT freed 320K, 6% free 9799K/10375K, paused 2ms+3ms
06-28 17:36:11.530   504   507 D dalvikvm: GC_CONCURRENT freed 453K, 6% free 9904K/10439K, paused 2ms+4ms
06-28 17:36:11.593   536   538 D dalvikvm: GC_CONCURRENT freed 372K, 6% free 9423K/9927K, paused 27ms+4ms
06-28 17:36:13.768    82   122 D AudioHardware: AudioHardware pcm playback is going to standby.
06-28 17:36:13.768    82   122 D AudioHardware: closePcmOut_l() mPcmOpenCnt: 1
06-28 17:36:13.804   151   315 D Tethering: MasterInitialState.processMessage what=3
06-28 17:36:13.870   551   551 V NetworkMonitor: Intent { act=android.net.conn.CONNECTIVITY_CHANGE flg=0x10000010 (has extras) }
06-28 17:36:13.874   551   551 V NetworkMonitor: Network is DOWN, Checkin has NOT succeeded, GLS IS connected
06-28 17:36:13.882   151   312 D ConnectivityService: handleInetConditionChange: no active default network - ignore
06-28 17:36:13.917  1136  1152 D PicasaSyncManager: active network: null
06-28 17:36:13.932  1136  1152 D PicasaSyncManager: background data: true
06-28 17:36:14.057   151   151 D dalvikvm: GC_EXPLICIT freed 183K, 12% free 11685K/13191K, paused 2ms+6ms
06-28 17:36:14.061  1216  1216 I MediaUploader: No need to wake up
06-28 17:36:14.069  1243  1243 I PhoneLab-WiFiReceiver: Wi-Fi is disconnected!
06-28 17:36:15.636   536   538 D dalvikvm: GC_CONCURRENT freed 428K, 6% free 9431K/9991K, paused 7ms+11ms
06-28 17:36:16.569  1113  1113 I wpa_supplicant: wlan0: Trying to associate with d0:c2:82:2d:e5:b1 (SSID='UB_Secure' freq=2437 MHz)
06-28 17:36:16.710  1113  1113 I wpa_supplicant: wlan0: Associated with d0:c2:82:2d:e5:b1
06-28 17:36:16.737  1113  1113 I wpa_supplicant: wlan0: CTRL-EVENT-EAP-STARTED EAP authentication started
06-28 17:36:16.741  1113  1113 I wpa_supplicant: wlan0: CTRL-EVENT-EAP-PROPOSED-METHOD vendor=0 method=4 -> NAK
06-28 17:36:16.749  1113  1113 I wpa_supplicant: wlan0: CTRL-EVENT-EAP-PROPOSED-METHOD vendor=0 method=25
06-28 17:36:16.749  1113  1113 I wpa_supplicant: wlan0: CTRL-EVENT-EAP-METHOD EAP vendor 0 method 25 (PEAP) selected
06-28 17:36:16.823  1113  1113 I wpa_supplicant: wlan0: CTRL-EVENT-EAP-PEER-CERT depth=2 subject='/C=US/O=Entrust.net/OU=www.entrust.net/CPS incorp. by ref. (limits liab.)/OU=(c) 1999 Entrust.net Limited/CN=Entrust.net Secure Server Certification Authority'
06-28 17:36:16.823  1113  1113 I wpa_supplicant: wlan0: CTRL-EVENT-EAP-PEER-CERT depth=2 subject='/C=US/O=Entrust.net/OU=www.entrust.net/CPS incorp. by ref. (limits liab.)/OU=(c) 1999 Entrust.net Limited/CN=Entrust.net Secure Server Certification Authority'
06-28 17:36:16.827  1113  1113 I wpa_supplicant: wlan0: CTRL-EVENT-EAP-PEER-CERT depth=1 subject='/C=US/ST=UT/L=Salt Lake City/O=The USERTRUST Network/CN=USERTrust Legacy Secure Server CA'
06-28 17:36:16.827  1113  1113 I wpa_supplicant: wlan0: CTRL-EVENT-EAP-PEER-CERT depth=0 subject='/C=US/postalCode=14260/ST=New York/L=Buffalo/street=305 Computing Center/O=SUNY AT BUFFALO/OU=Issued through UNIVERSITY AT BUFFALO E-PKI Manager/OU=Comodo PremiumSSL Legacy/CN=radius1.cit.buffalo.edu'
06-28 17:36:16.925   471   471 D SAN_SERVICE: *******************************************
06-28 17:36:16.925   471   471 D SAN_SERVICE: DM App Phone Service State - 0
06-28 17:36:16.925   471   471 D SAN_SERVICE: *******************************************
06-28 17:36:16.983  1113  1113 I wpa_supplicant: EAP-MSCHAPV2: Authentication succeeded
06-28 17:36:16.987  1113  1113 I wpa_supplicant: EAP-TLV: TLV Result - Success - EAP-TLV/Phase2 Completed
06-28 17:36:16.991  1113  1113 I wpa_supplicant: wlan0: CTRL-EVENT-EAP-SUCCESS EAP authentication completed successfully
06-28 17:36:17.003  1113  1113 I wpa_supplicant: wlan0: WPA: Key negotiation completed with d0:c2:82:2d:e5:b1 [PTK=CCMP GTK=TKIP]
06-28 17:36:17.003  1113  1113 I wpa_supplicant: wlan0: CTRL-EVENT-CONNECTED - Connection to d0:c2:82:2d:e5:b1 completed (auth) [id=0 id_str=]
06-28 17:36:17.136   504   507 D dalvikvm: GC_CONCURRENT freed 456K, 6% free 9892K/10439K, paused 2ms+3ms
06-28 17:36:17.929   151   306 W NetworkStats: dropping UID delta from unknown iface: iface=wlan0 uid=0 set=DEFAULT tag=0x0 rxBytes=0 rxPackets=0 txBytes=140 txPackets=2 operations=0
06-28 17:36:18.182   536   538 D dalvikvm: GC_CONCURRENT freed 412K, 6% free 9449K/9991K, paused 4ms+5ms
06-28 17:36:21.061   536   538 D dalvikvm: GC_CONCURRENT freed 389K, 6% free 9471K/9991K, paused 4ms+6ms
06-28 17:36:22.987   151   312 D ConnectivityService: ConnectivityChange for WIFI: CONNECTED/CONNECTED
06-28 17:36:23.038  1243  1243 I PhoneLab-WiFiReceiver: Wi-Fi is connected!
06-28 17:36:23.038  1243  1243 I PhoneLab-WiFiReceiver: SSID: UB_Secure BSSID: d0:c2:82:2d:e5:b1 RSSI: -73 LinkSpeed: -1
06-28 17:36:23.038  1243  1243 I PhoneLab-Locks: wake lock acquired
06-28 17:36:23.054  1243  1243 I PhoneLab-UploadLogs: Transfering log files now
06-28 17:36:23.077   151   306 W NetworkStats: dropping UID delta from unknown iface: iface=wlan0 uid=0 set=DEFAULT tag=0x0 rxBytes=0 rxPackets=0 txBytes=112 txPackets=2 operations=0
06-28 17:36:23.175  1243  1246 D dalvikvm: GC_CONCURRENT freed 968K, 14% free 9194K/10567K, paused 1ms+5ms
06-28 17:36:23.225  1243  1243 D dalvikvm: GC_FOR_ALLOC freed 169K, 13% free 9291K/10567K, paused 30ms
06-28 17:36:23.264  1243  1243 D dalvikvm: GC_FOR_ALLOC freed 120K, 11% free 9419K/10567K, paused 33ms
06-28 17:36:23.268  1243  1243 I dalvikvm-heap: Grow heap (frag case) to 9.759MB for 516692-byte allocation
06-28 17:36:23.296  1243  1246 D dalvikvm: GC_CONCURRENT freed 248K, 13% free 9675K/11079K, paused 2ms+2ms
06-28 17:36:23.300  1243  1243 I PhoneLab-UploadLogs: OnStartCommand
06-28 17:36:23.456  1243  1315 D dalvikvm: GC_FOR_ALLOC freed 360K, 13% free 9650K/11079K, paused 32ms
06-28 17:36:23.479  1243  1315 D dalvikvm: GC_FOR_ALLOC freed 301K, 13% free 9650K/11079K, paused 20ms
06-28 17:36:23.499  1243  1315 D dalvikvm: GC_FOR_ALLOC freed 301K, 13% free 9657K/11079K, paused 14ms
06-28 17:36:23.968  1243  1243 I PhoneLab-: 1340884824964.log is deleted
06-28 17:36:23.968  1243  1243 I PhoneLab-: Response: {"data": "done", "err": ""}
06-28 17:36:24.018   536   538 D dalvikvm: GC_CONCURRENT freed 360K, 5% free 9498K/9991K, paused 17ms+6ms
06-28 17:36:24.034  1243  1246 D dalvikvm: GC_CONCURRENT freed 970K, 18% free 9191K/11079K, paused 3ms+3ms
06-28 17:36:24.093  1243  1246 D dalvikvm: GC_CONCURRENT freed 298K, 17% free 9301K/11079K, paused 2ms+2ms
06-28 17:36:24.108  1243  1243 D dalvikvm: GC_FOR_ALLOC freed 120K, 15% free 9429K/11079K, paused 14ms
06-28 17:36:24.143  1243  1246 D dalvikvm: GC_CONCURRENT freed 298K, 13% free 9642K/11079K, paused 3ms+2ms
06-28 17:36:24.175  1243  1317 D dalvikvm: GC_FOR_ALLOC freed 309K, 13% free 9659K/11079K, paused 14ms
06-28 17:36:24.190  1243  1317 D dalvikvm: GC_FOR_ALLOC freed 301K, 13% free 9659K/11079K, paused 15ms
06-28 17:36:24.210  1243  1317 D dalvikvm: GC_FOR_ALLOC freed 301K, 13% free 9660K/11079K, paused 15ms
06-28 17:36:24.495  1243  1243 I PhoneLab-: 1340890189066.log is deleted
06-28 17:36:24.495  1243  1243 I PhoneLab-: Response: {"data": "done", "err": ""}
06-28 17:36:24.542  1243  1246 D dalvikvm: GC_CONCURRENT freed 969K, 18% free 9192K/11079K, paused 3ms+4ms
06-28 17:36:24.600  1243  1246 D dalvikvm: GC_CONCURRENT freed 298K, 17% free 9302K/11079K, paused 2ms+2ms
06-28 17:36:24.616  1243  1243 D dalvikvm: GC_FOR_ALLOC freed 120K, 15% free 9430K/11079K, paused 15ms
06-28 17:36:24.651  1243  1246 D dalvikvm: GC_CONCURRENT freed 298K, 13% free 9643K/11079K, paused 2ms+2ms
06-28 17:36:24.679  1243  1320 D dalvikvm: GC_FOR_ALLOC freed 309K, 13% free 9660K/11079K, paused 15ms
06-28 17:36:24.698  1243  1320 D dalvikvm: GC_FOR_ALLOC freed 301K, 13% free 9660K/11079K, paused 16ms
06-28 17:36:24.714  1243  1320 D dalvikvm: GC_FOR_ALLOC freed 301K, 13% free 9661K/11079K, paused 15ms
06-28 17:36:25.171  1243  1243 I PhoneLab-: 1340891926259.log is deleted
06-28 17:36:25.171  1243  1243 I PhoneLab-: Response: {"data": "done", "err": ""}
06-28 17:36:25.280  1243  1246 D dalvikvm: GC_CONCURRENT freed 968K, 18% free 9193K/11079K, paused 2ms+2ms
06-28 17:36:25.331  1243  1246 D dalvikvm: GC_CONCURRENT freed 298K, 17% free 9303K/11079K, paused 1ms+2ms
06-28 17:36:25.347  1243  1243 D dalvikvm: GC_FOR_ALLOC freed 120K, 15% free 9431K/11079K, paused 14ms
06-28 17:36:25.382  1243  1246 D dalvikvm: GC_CONCURRENT freed 298K, 13% free 9644K/11079K, paused 2ms+2ms
06-28 17:36:25.409  1243  1322 D dalvikvm: GC_FOR_ALLOC freed 309K, 13% free 9661K/11079K, paused 14ms
06-28 17:36:25.425  1243  1322 D dalvikvm: GC_FOR_ALLOC freed 301K, 13% free 9662K/11079K, paused 15ms
06-28 17:36:25.444  1243  1322 D dalvikvm: GC_FOR_ALLOC freed 301K, 13% free 9663K/11079K, paused 16ms
06-28 17:36:26.097   151   315 D Tethering: MasterInitialState.processMessage what=3
06-28 17:36:26.171   151   312 D ConnectivityService: handleInetConditionChange: net=-1 != default=1 - ignore
06-28 17:36:26.179   551   551 V NetworkMonitor: Intent { act=android.net.conn.CONNECTIVITY_CHANGE flg=0x10000010 (has extras) }
06-28 17:36:26.237   551   551 V NetworkMonitor: Network is UP, Checkin has NOT succeeded, GLS IS connected
06-28 17:36:26.237  1243  1243 I PhoneLab-: 1340892046378.log is deleted
06-28 17:36:26.237  1136  1152 D PicasaSyncManager: active network: NetworkInfo: type: WIFI[], state: CONNECTED/CONNECTED, reason: (unspecified), extra: (none), roaming: false, failover: false, isAvailable: true
06-28 17:36:26.237  1243  1243 I PhoneLab-: Response: {"data": "done", "err": ""}
06-28 17:36:26.241  1136  1152 D PicasaSyncManager: background data: true
06-28 17:36:26.257   151   154 D dalvikvm: GC_CONCURRENT freed 553K, 11% free 11750K/13191K, paused 4ms+5ms
06-28 17:36:26.307  1216  1216 I MediaUploader: No need to wake up
06-28 17:36:26.311   661   993 I CheckinService: Preparing to send checkin request
06-28 17:36:26.323  1243  1246 D dalvikvm: GC_CONCURRENT freed 961K, 17% free 9203K/11079K, paused 2ms+2ms
06-28 17:36:26.347   661   993 I EventLogService: Accumulating logs since 1340919332451
06-28 17:36:26.374  1243  1246 D dalvikvm: GC_CONCURRENT freed 305K, 17% free 9306K/11079K, paused 2ms+3ms
06-28 17:36:26.389  1243  1243 D dalvikvm: GC_FOR_ALLOC freed 120K, 15% free 9434K/11079K, paused 13ms
06-28 17:36:26.421   151   640 D GpsLocationProvider: NTP server returned: 1340919387784 (Thu Jun 28 17:36:27 EDT 2012) reference: 143022 certainty: 25 system time offset: 1357
06-28 17:36:26.429  1243  1246 D dalvikvm: GC_CONCURRENT freed 301K, 13% free 9645K/11079K, paused 2ms+3ms
06-28 17:36:26.472  1243  1326 D dalvikvm: GC_FOR_ALLOC freed 309K, 13% free 9662K/11079K, paused 20ms
06-28 17:36:26.511  1243  1326 D dalvikvm: GC_FOR_ALLOC freed 301K, 13% free 9663K/11079K, paused 35ms
06-28 17:36:26.534  1243  1326 D dalvikvm: GC_FOR_ALLOC freed 301K, 13% free 9664K/11079K, paused 24ms
06-28 17:36:26.554   536  1329 I DownloadManager: Initiating request for download 1
06-28 17:36:26.593   661   993 V GoogleSettingsUtils: pre-froyo android id is 0
06-28 17:36:26.628    82   122 D AudioHardware: AudioHardware pcm playback is exiting standby.
06-28 17:36:26.628    82   122 D AudioHardware: openPcmOut_l() mPcmOpenCnt: 0
06-28 17:36:26.733   151   502 I ActivityManager: START {cmp=com.google.android.gsf.login/.WaitForDeviceCountryActivity (has extras)} from pid 617
06-28 17:36:26.753   551   551 D OpenGLRenderer: Flushing caches (mode 1)
06-28 17:36:26.807   388   388 D PhoneStatusBar: disable: < EXPAND ICONS ALERTS ticker SYSTEM_INFO BACK* HOME RECENT clock >
06-28 17:36:26.862  1243  1243 I PhoneLab-: 1340892214854.log is deleted
06-28 17:36:26.862  1243  1243 I PhoneLab-: Response: {"data": "done", "err": ""}
06-28 17:36:26.925   151   201 I ActivityManager: Displayed com.google.android.gsf.login/.WaitForDeviceCountryActivity: +185ms
06-28 17:36:26.925   504   504 D OpenGLRenderer: Flushing caches (mode 0)
06-28 17:36:27.046  1243  1246 D dalvikvm: GC_CONCURRENT freed 968K, 18% free 9195K/11079K, paused 4ms+16ms
06-28 17:36:27.167   504   504 D OpenGLRenderer: Flushing caches (mode 1)
06-28 17:36:27.179  1243  1246 D dalvikvm: GC_CONCURRENT freed 298K, 17% free 9305K/11079K, paused 9ms+29ms
06-28 17:36:27.214  1243  1243 D dalvikvm: GC_FOR_ALLOC freed 120K, 15% free 9433K/11079K, paused 36ms
06-28 17:36:27.276  1243  1246 D dalvikvm: GC_CONCURRENT freed 298K, 13% free 9646K/11079K, paused 1ms+3ms
06-28 17:36:27.323  1243  1337 D dalvikvm: GC_FOR_ALLOC freed 309K, 13% free 9663K/11079K, paused 25ms
06-28 17:36:27.354  1243  1337 D dalvikvm: GC_FOR_ALLOC freed 301K, 13% free 9664K/11079K, paused 31ms
06-28 17:36:27.378  1243  1337 D dalvikvm: GC_FOR_ALLOC freed 301K, 13% free 9665K/11079K, paused 22ms
06-28 17:36:27.389   661   993 D libEGL  : loaded /system/lib/egl/libGLES_android.so
06-28 17:36:27.397   661   993 D libEGL  : loaded /vendor/lib/egl/libEGL_POWERVR_SGX540_120.so
06-28 17:36:27.405   661   993 D libEGL  : loaded /vendor/lib/egl/libGLESv1_CM_POWERVR_SGX540_120.so
06-28 17:36:27.405   661   993 D libEGL  : loaded /vendor/lib/egl/libGLESv2_POWERVR_SGX540_120.so
06-28 17:36:27.593  1243  1243 I PhoneLab-: 1340893733573.log is deleted
06-28 17:36:27.593  1243  1243 I PhoneLab-: Response: {"data": "done", "err": ""}
06-28 17:36:27.651  1243  1246 D dalvikvm: GC_CONCURRENT freed 960K, 17% free 9203K/11079K, paused 2ms+3ms
06-28 17:36:27.718   151   168 I ActivityManager: Start proc com.google.android.inputmethod.latin.dictionarypack for broadcast com.google.android.inputmethod.latin.dictionarypack/.UpdateHandler: pid=1341 uid=10024 gids={3003, 1015}
06-28 17:36:27.749  1341  1341 I ActivityThread: Pub com.android.inputmethod.latin.dictionarypack: com.google.android.inputmethod.latin.dictionarypack.DictionaryProvider
06-28 17:36:27.776  1243  1246 D dalvikvm: GC_CONCURRENT freed 305K, 17% free 9306K/11079K, paused 2ms+54ms
06-28 17:36:27.835  1243  1243 D dalvikvm: GC_FOR_ALLOC freed 120K, 15% free 9434K/11079K, paused 54ms
06-28 17:36:27.905   536   538 D dalvikvm: GC_CONCURRENT freed 359K, 5% free 9561K/10055K, paused 9ms+3ms
06-28 17:36:27.944  1243  1246 D dalvikvm: GC_CONCURRENT freed 298K, 13% free 9647K/11079K, paused 3ms+3ms
06-28 17:36:27.999  1243  1357 D dalvikvm: GC_FOR_ALLOC freed 309K, 13% free 9664K/11079K, paused 24ms
06-28 17:36:28.038  1243  1357 D dalvikvm: GC_FOR_ALLOC freed 301K, 13% free 9665K/11079K, paused 35ms
06-28 17:36:28.128  1341  1344 D dalvikvm: GC_CONCURRENT freed 351K, 5% free 9134K/9607K, paused 4ms+3ms
06-28 17:36:28.163  1243  1357 D dalvikvm: GC_FOR_ALLOC freed 301K, 13% free 9666K/11079K, paused 124ms
06-28 17:36:28.194   151   162 I ActivityManager: No longer want com.android.launcher (pid 1069): hidden #16
06-28 17:36:28.386   151   154 D dalvikvm: GC_CONCURRENT freed 589K, 11% free 11775K/13191K, paused 4ms+14ms
06-28 17:36:28.405  1243  1243 I PhoneLab-: 1340894631569.log is deleted
06-28 17:36:28.405  1243  1243 I PhoneLab-: Response: {"data": "done", "err": ""}
06-28 17:36:28.464  1243  1246 D dalvikvm: GC_CONCURRENT freed 967K, 17% free 9196K/11079K, paused 3ms+3ms
06-28 17:36:28.479   536  1366 I DownloadManager: Initiating request for download 2
06-28 17:36:28.542  1243  1246 D dalvikvm: GC_CONCURRENT freed 298K, 16% free 9307K/11079K, paused 2ms+4ms
06-28 17:36:28.561  1243  1243 D dalvikvm: GC_FOR_ALLOC freed 120K, 15% free 9435K/11079K, paused 18ms
06-28 17:36:28.604  1243  1246 D dalvikvm: GC_CONCURRENT freed 298K, 13% free 9648K/11079K, paused 3ms+4ms
06-28 17:36:28.655  1243  1368 D dalvikvm: GC_FOR_ALLOC freed 308K, 13% free 9666K/11079K, paused 29ms
06-28 17:36:28.702  1243  1368 D dalvikvm: GC_FOR_ALLOC freed 301K, 13% free 9666K/11079K, paused 45ms
06-28 17:36:28.764  1243  1368 D dalvikvm: GC_FOR_ALLOC freed 301K, 13% free 9667K/11079K, paused 47ms
06-28 17:36:29.108   471   471 D SAN_SERVICE: *******************************************
06-28 17:36:29.108   471   471 D SAN_SERVICE: DM App Phone Service State - 0
06-28 17:36:29.108   471   471 D SAN_SERVICE: *******************************************
06-28 17:36:29.139  1243  1243 I PhoneLab-: 1340900615771.log is deleted
06-28 17:36:29.139  1243  1243 I PhoneLab-: Response: {"data": "done", "err": ""}
06-28 17:36:29.206  1243  1246 D dalvikvm: GC_CONCURRENT freed 967K, 17% free 9197K/11079K, paused 6ms+3ms
06-28 17:36:29.304  1243  1246 D dalvikvm: GC_CONCURRENT freed 298K, 16% free 9308K/11079K, paused 2ms+4ms
06-28 17:36:29.393  1243  1243 D dalvikvm: GC_FOR_ALLOC freed 120K, 15% free 9435K/11079K, paused 88ms
06-28 17:36:29.405   453  1374 E BinaryDictionaryFileDumper: Could not copy a word list. Will not be able to use it.
06-28 17:36:29.468  1243  1246 D dalvikvm: GC_CONCURRENT freed 298K, 13% free 9649K/11079K, paused 11ms+2ms
06-28 17:36:29.507  1243  1376 D dalvikvm: GC_FOR_ALLOC freed 308K, 13% free 9667K/11079K, paused 22ms
06-28 17:36:29.526  1243  1376 D dalvikvm: GC_FOR_ALLOC freed 301K, 13% free 9667K/11079K, paused 16ms
06-28 17:36:29.554  1243  1376 D dalvikvm: GC_FOR_ALLOC freed 301K, 13% free 9668K/11079K, paused 24ms
06-28 17:36:29.722    82   122 D AudioHardware: AudioHardware pcm playback is going to standby.
06-28 17:36:29.722    82   122 D AudioHardware: closePcmOut_l() mPcmOpenCnt: 1
06-28 17:36:29.749  1243  1243 I PhoneLab-: 1340901709505.log is deleted
06-28 17:36:29.749  1243  1243 I PhoneLab-: Response: {"data": "done", "err": ""}
06-28 17:36:29.784   661   662 D dalvikvm: GC_CONCURRENT freed 441K, 6% free 9441K/9991K, paused 5ms+5ms
06-28 17:36:29.815  1243  1246 D dalvikvm: GC_CONCURRENT freed 906K, 18% free 9181K/11079K, paused 1ms+3ms
06-28 17:36:29.905   661   993 I CheckinTask: Sending checkin request (1751 bytes)
06-28 17:36:30.014  1243  1246 D dalvikvm: GC_CONCURRENT freed 358K, 16% free 9308K/11079K, paused 4ms+3ms
06-28 17:36:30.175  1243  1243 D dalvikvm: GC_FOR_ALLOC freed 120K, 15% free 9436K/11079K, paused 68ms
06-28 17:36:30.214  1243  1246 D dalvikvm: GC_CONCURRENT freed 294K, 13% free 9654K/11079K, paused 1ms+2ms
06-28 17:36:30.261  1243  1379 D dalvikvm: GC_FOR_ALLOC freed 312K, 13% free 9668K/11079K, paused 22ms
06-28 17:36:30.276  1243  1379 D dalvikvm: GC_FOR_ALLOC freed 301K, 13% free 9668K/11079K, paused 16ms
06-28 17:36:30.304  1243  1379 D dalvikvm: GC_FOR_ALLOC freed 301K, 13% free 9669K/11079K, paused 25ms
06-28 17:36:30.823  1243  1243 I PhoneLab-: 1340901709513.log is deleted
06-28 17:36:30.823  1243  1243 I PhoneLab-: Response: {"data": "done", "err": ""}
06-28 17:36:30.886  1243  1246 D dalvikvm: GC_CONCURRENT freed 966K, 17% free 9199K/11079K, paused 2ms+9ms
06-28 17:36:30.948  1243  1246 D dalvikvm: GC_CONCURRENT freed 298K, 16% free 9309K/11079K, paused 2ms+3ms
06-28 17:36:30.968  1243  1243 D dalvikvm: GC_FOR_ALLOC freed 120K, 15% free 9437K/11079K, paused 17ms
06-28 17:36:31.011  1243  1246 D dalvikvm: GC_CONCURRENT freed 298K, 13% free 9651K/11079K, paused 2ms+4ms
06-28 17:36:31.050  1243  1381 D dalvikvm: GC_FOR_ALLOC freed 308K, 13% free 9669K/11079K, paused 23ms
06-28 17:36:31.069  1243  1381 D dalvikvm: GC_FOR_ALLOC freed 301K, 13% free 9669K/11079K, paused 17ms
06-28 17:36:31.112  1243  1381 D dalvikvm: GC_FOR_ALLOC freed 301K, 13% free 9670K/11079K, paused 28ms
06-28 17:36:31.128   661   662 D dalvikvm: GC_CONCURRENT freed 320K, 5% free 9538K/9991K, paused 2ms+2ms
06-28 17:36:31.300   661   993 I CheckinTask: From server: 177 gservices
06-28 17:36:31.331  1243  1243 I PhoneLab-: 1340901829438.log is deleted
06-28 17:36:31.331  1243  1243 I PhoneLab-: Response: {"data": "done", "err": ""}
06-28 17:36:31.382  1243  1246 D dalvikvm: GC_CONCURRENT freed 966K, 17% free 9200K/11079K, paused 3ms+3ms
06-28 17:36:31.452  1243  1246 D dalvikvm: GC_CONCURRENT freed 298K, 16% free 9310K/11079K, paused 2ms+2ms
06-28 17:36:31.468  1243  1243 D dalvikvm: GC_FOR_ALLOC freed 120K, 15% free 9438K/11079K, paused 16ms
06-28 17:36:31.507  1243  1246 D dalvikvm: GC_CONCURRENT freed 298K, 13% free 9651K/11079K, paused 2ms+2ms
06-28 17:36:31.542  1243  1383 D dalvikvm: GC_FOR_ALLOC freed 308K, 13% free 9670K/11079K, paused 21ms
06-28 17:36:31.565  1243  1383 D dalvikvm: GC_FOR_ALLOC freed 301K, 13% free 9670K/11079K, paused 19ms
06-28 17:36:31.585  1243  1383 D dalvikvm: GC_FOR_ALLOC freed 301K, 13% free 9671K/11079K, paused 17ms
06-28 17:36:31.772  1243  1243 I PhoneLab-: 1340902159120.log is deleted
06-28 17:36:31.772  1243  1243 I PhoneLab-: Response: {"data": "done", "err": ""}
06-28 17:36:31.827  1243  1246 D dalvikvm: GC_CONCURRENT freed 958K, 17% free 9208K/11079K, paused 3ms+5ms
06-28 17:36:31.901  1243  1246 D dalvikvm: GC_CONCURRENT freed 305K, 16% free 9311K/11079K, paused 2ms+10ms
06-28 17:36:31.921  1243  1243 D dalvikvm: GC_FOR_ALLOC freed 120K, 15% free 9439K/11079K, paused 14ms
06-28 17:36:31.968  1243  1246 D dalvikvm: GC_CONCURRENT freed 298K, 13% free 9652K/11079K, paused 10ms+2ms
06-28 17:36:32.007  1243  1387 D dalvikvm: GC_FOR_ALLOC freed 308K, 13% free 9671K/11079K, paused 26ms
06-28 17:36:32.022  1243  1387 D dalvikvm: GC_FOR_ALLOC freed 301K, 13% free 9671K/11079K, paused 14ms
06-28 17:36:32.042  1243  1387 D dalvikvm: GC_FOR_ALLOC freed 301K, 13% free 9672K/11079K, paused 18ms
06-28 17:36:32.280  1243  1243 I PhoneLab-: 1340905112000.log is deleted
06-28 17:36:32.280  1243  1243 I PhoneLab-: Response: {"data": "done", "err": ""}
06-28 17:36:32.339  1243  1246 D dalvikvm: GC_CONCURRENT freed 958K, 17% free 9209K/11079K, paused 3ms+2ms
06-28 17:36:32.417  1243  1246 D dalvikvm: GC_CONCURRENT freed 305K, 16% free 9312K/11079K, paused 2ms+2ms
06-28 17:36:32.440  1243  1243 D dalvikvm: GC_FOR_ALLOC freed 120K, 15% free 9440K/11079K, paused 21ms
06-28 17:36:32.511  1243  1246 D dalvikvm: GC_CONCURRENT freed 298K, 13% free 9654K/11079K, paused 6ms+14ms
06-28 17:36:32.522   536   538 D dalvikvm: GC_CONCURRENT freed 389K, 6% free 9598K/10119K, paused 5ms+11ms
06-28 17:36:32.538  1243  1393 D dalvikvm: GC_FOR_ALLOC freed 308K, 13% free 9672K/11079K, paused 24ms
06-28 17:36:32.565  1243  1393 D dalvikvm: GC_FOR_ALLOC freed 301K, 13% free 9672K/11079K, paused 21ms
06-28 17:36:32.581  1243  1393 D dalvikvm: GC_FOR_ALLOC freed 301K, 13% free 9673K/11079K, paused 14ms
06-28 17:36:32.729   661   993 I GservicesProvider: main update completed
06-28 17:36:32.757   551   551 V NetworkMonitor: Intent { act=com.google.gservices.intent.action.GSERVICES_CHANGED flg=0x10 }
06-28 17:36:32.768   151   168 I ActivityManager: Start proc com.google.android.partnersetup for broadcast com.google.android.partnersetup/.GservicesChangedReceiver: pid=1396 uid=10020 gids={3003}
06-28 17:36:32.811    80    80 D dalvikvm: GC_EXPLICIT freed 37K, 4% free 9031K/9347K, paused 4ms+3ms
06-28 17:36:32.839    80    80 D dalvikvm: GC_EXPLICIT freed <1K, 4% free 9031K/9347K, paused 2ms+2ms
06-28 17:36:32.858    80    80 D dalvikvm: GC_EXPLICIT freed <1K, 4% free 9031K/9347K, paused 2ms+2ms
06-28 17:36:32.901  1243  1243 I PhoneLab-: 1340906166270.log is deleted
06-28 17:36:32.901  1243  1243 I PhoneLab-: Response: {"data": "done", "err": ""}
06-28 17:36:32.917  1396  1396 I ActivityThread: Pub com.google.android.partnersetup.rlzprovider: com.google.android.partnersetup.RlzProvider
06-28 17:36:32.932  1396  1396 I ActivityThread: Pub com.google.android.partnersetup.rlzappprovider: com.google.android.partnersetup.RlzAppProvider
06-28 17:36:32.983  1153  1155 D dalvikvm: GC_CONCURRENT freed 335K, 5% free 9330K/9799K, paused 39ms+71ms
06-28 17:36:33.003   151   154 D dalvikvm: GC_CONCURRENT freed 489K, 10% free 11901K/13191K, paused 2ms+5ms
06-28 17:36:33.030   551   551 V NetworkMonitor: Network is UP, Checkin HAS succeeded, GLS IS connected
06-28 17:36:33.034   551   551 V NetworkMonitor: Reporting network CONNECTED
06-28 17:36:33.042   151   593 I ActivityManager: START {cmp=com.google.android.gsf.login/.LoginActivity (has extras)} from pid 617
06-28 17:36:33.124   151   163 I ActivityManager: START {cmp=com.google.android.gsf.login/.UsernamePasswordActivity (has extras)} from pid 617
06-28 17:36:33.159   551   551 D OpenGLRenderer: Flushing caches (mode 1)
06-28 17:36:33.225   617   620 D dalvikvm: GC_CONCURRENT freed 294K, 4% free 9792K/10183K, paused 3ms+2ms
06-28 17:36:33.292   617   617 W GLSActivity: No such policy while creating link, id='google_privacy'
06-28 17:36:33.292   617   617 W GLSActivity: No such policy while creating link, id='android_privacy'
06-28 17:36:33.335   661   662 D dalvikvm: GC_CONCURRENT freed 453K, 6% free 9657K/10183K, paused 2ms+11ms
06-28 17:36:33.405   151   587 I ActivityManager: Start proc com.google.android.voicesearch for broadcast com.google.android.voicesearch/.GservicesBroadcastReceiver: pid=1419 uid=10049 gids={3002, 3003, 1015}
06-28 17:36:33.565  1419  1419 I ActivityThread: Pub com.google.android.voicesearch: com.google.android.voicesearch.AudioProvider
06-28 17:36:33.643   151   167 I Process : Sending signal. PID: 617 SIG: 3
06-28 17:36:33.643   617   623 I dalvikvm: threadid=3: reacting to signal 3
06-28 17:36:33.643   617   623 I dalvikvm: Wrote stack traces to '/data/anr/traces.txt'
06-28 17:36:33.698   453   455 D dalvikvm: GC_CONCURRENT freed 423K, 5% free 10642K/11143K, paused 4ms+17ms
06-28 17:36:33.776  1419  1419 I PersonalizationPrefManagerImpl: No google account found
06-28 17:36:33.831  1419  1421 D dalvikvm: GC_CONCURRENT freed 320K, 5% free 9215K/9607K, paused 2ms+4ms
06-28 17:36:33.847   471   471 D SAN_SERVICE: *******************************************
06-28 17:36:33.847   471   471 D SAN_SERVICE: DM App Phone Service State - 0
06-28 17:36:33.847   471   471 D SAN_SERVICE: *******************************************
06-28 17:36:33.858   151   201 I ActivityManager: Displayed com.google.android.gsf.login/.UsernamePasswordActivity: +720ms (total +773ms)
06-28 17:36:33.925   617   617 D OpenGLRenderer: Flushing caches (mode 0)
06-28 17:36:33.948   151   162 I ActivityManager: No longer want com.android.providers.calendar (pid 712): hidden #16
06-28 17:36:34.139   388   388 D dalvikvm: GC_FOR_ALLOC freed 483K, 7% free 9683K/10375K, paused 47ms
06-28 17:36:34.284   388   389 D dalvikvm: GC_CONCURRENT freed 429K, 7% free 9664K/10375K, paused 5ms+7ms
06-28 17:36:34.413   661  1415 I SystemUpdateService: cancelUpdate (empty URL)
06-28 17:36:34.425  1243  1246 D dalvikvm: GC_CONCURRENT freed 957K, 17% free 9210K/11079K, paused 217ms+48ms
06-28 17:36:34.557  1243  1243 D dalvikvm: GC_FOR_ALLOC freed 305K, 16% free 9313K/11079K, paused 69ms
06-28 17:36:34.577  1243  1243 D dalvikvm: GC_FOR_ALLOC freed 120K, 15% free 9441K/11079K, paused 18ms
06-28 17:36:34.585   151   503 I ActivityManager: START {flg=0x10000000 cmp=com.google.android.gsf/.update.SystemUpdateInstallDialog} from pid 661
06-28 17:36:34.651   151   785 W InputManagerService: Window already focused, ignoring focus gain of: com.android.internal.view.IInputMethodClient$Stub$Proxy@415497f0
06-28 17:36:34.729   151   154 D dalvikvm: GC_CONCURRENT freed 801K, 11% free 11821K/13191K, paused 4ms+5ms
06-28 17:36:34.905   151   151 I ActivityManager: No longer want com.android.calendar (pid 675): hidden #16
06-28 17:36:35.030   151   162 I ActivityManager: START {flg=0x10000000 cmp=com.google.android.gsf/.update.SystemUpdateDownloadDialog} from pid 661
06-28 17:36:35.085   151   590 W InputManagerService: Window already focused, ignoring focus gain of: com.android.internal.view.IInputMethodClient$Stub$Proxy@416f17d8
06-28 17:36:35.233   453   455 D dalvikvm: GC_CONCURRENT freed 618K, 7% free 10502K/11207K, paused 2ms+8ms
06-28 17:36:35.343   661   661 V SystemUpdateService: onPostExecute: false
06-28 17:36:35.401  1243  1246 D dalvikvm: GC_CONCURRENT freed 294K, 13% free 9658K/11079K, paused 5ms+6ms
06-28 17:36:35.421  1243  1442 D dalvikvm: GC_FOR_ALLOC freed 311K, 13% free 9673K/11079K, paused 17ms
06-28 17:36:35.440  1419  1440 I VoiceImeLanguageUpdater: #internalUpdateLanguages #56
06-28 17:36:35.452  1243  1442 D dalvikvm: GC_FOR_ALLOC freed 301K, 13% free 9674K/11079K, paused 25ms
06-28 17:36:35.472  1243  1442 D dalvikvm: GC_FOR_ALLOC freed 301K, 13% free 9674K/11079K, paused 17ms
06-28 17:36:35.526   151   163 W ResourceType: Failure getting entry for 0x7f060000 (t=5 e=0) in package 0 (error -75)
06-28 17:36:35.585   151   154 D dalvikvm: GC_CONCURRENT freed 651K, 11% free 11827K/13191K, paused 3ms+5ms
06-28 17:36:35.737  1243  1243 I PhoneLab-: 1340908395994.log is deleted
06-28 17:36:35.737  1243  1243 I PhoneLab-: Response: {"data": "done", "err": ""}
06-28 17:36:35.792   661   662 D dalvikvm: GC_CONCURRENT freed 393K, 6% free 9656K/10183K, paused 2ms+3ms
06-28 17:36:35.807  1243  1246 D dalvikvm: GC_CONCURRENT freed 956K, 17% free 9212K/11079K, paused 4ms+4ms
06-28 17:36:35.862  1243  1246 D dalvikvm: GC_CONCURRENT freed 305K, 16% free 9314K/11079K, paused 1ms+2ms
06-28 17:36:35.878  1243  1243 D dalvikvm: GC_FOR_ALLOC freed 120K, 15% free 9442K/11079K, paused 15ms
06-28 17:36:35.921  1243  1246 D dalvikvm: GC_CONCURRENT freed 253K, 13% free 9695K/11079K, paused 2ms+3ms
06-28 17:36:36.237   661   993 D dalvikvm: GC_FOR_ALLOC freed 167K, 6% free 9636K/10183K, paused 23ms
06-28 17:36:36.237   661   993 I dalvikvm-heap: Grow heap (frag case) to 9.543MB for 66564-byte allocation
06-28 17:36:36.288  1243  1444 D dalvikvm: GC_FOR_ALLOC freed 352K, 13% free 9674K/11079K, paused 29ms
06-28 17:36:36.292   661   670 D dalvikvm: GC_FOR_ALLOC freed 31K, 7% free 9669K/10311K, paused 44ms
06-28 17:36:36.339  1243  1444 D dalvikvm: GC_FOR_ALLOC freed 301K, 13% free 9675K/11079K, paused 49ms
06-28 17:36:36.354  1243  1444 D dalvikvm: GC_FOR_ALLOC freed 301K, 13% free 9676K/11079K, paused 16ms
06-28 17:36:36.397   661   993 D dalvikvm: GC_FOR_ALLOC freed 3K, 6% free 9741K/10311K, paused 22ms
06-28 17:36:36.397   661   993 I dalvikvm-heap: Grow heap (frag case) to 9.709MB for 133126-byte allocation
06-28 17:36:36.436   661   670 D dalvikvm: GC_FOR_ALLOC freed 65K, 7% free 9806K/10503K, paused 28ms
06-28 17:36:36.554   661   993 I CheckinTask: Sending checkin request (8979 bytes)
06-28 17:36:36.557  1243  1243 I PhoneLab-: 1340910076012.log is deleted
06-28 17:36:36.557  1243  1243 I PhoneLab-: Response: {"data": "done", "err": ""}
06-28 17:36:36.620  1243  1246 D dalvikvm: GC_CONCURRENT freed 956K, 17% free 9212K/11079K, paused 3ms+2ms
06-28 17:36:36.686  1243  1246 D dalvikvm: GC_CONCURRENT freed 305K, 16% free 9315K/11079K, paused 2ms+2ms
06-28 17:36:36.702  1243  1243 D dalvikvm: GC_FOR_ALLOC freed 120K, 15% free 9443K/11079K, paused 16ms
06-28 17:36:36.737  1243  1246 D dalvikvm: GC_CONCURRENT freed 298K, 13% free 9656K/11079K, paused 2ms+2ms
06-28 17:36:36.804  1243  1446 D dalvikvm: GC_FOR_ALLOC freed 307K, 13% free 9675K/11079K, paused 40ms
06-28 17:36:36.823  1243  1446 D dalvikvm: GC_FOR_ALLOC freed 301K, 13% free 9676K/11079K, paused 17ms
06-28 17:36:36.839  1243  1446 D dalvikvm: GC_FOR_ALLOC freed 301K, 13% free 9677K/11079K, paused 16ms
06-28 17:36:37.054  1243  1243 I PhoneLab-: 1340911190398.log is deleted
06-28 17:36:37.054  1243  1243 I PhoneLab-: Response: {"data": "done", "err": ""}
06-28 17:36:37.124  1243  1246 D dalvikvm: GC_CONCURRENT freed 956K, 17% free 9213K/11079K, paused 18ms+3ms
06-28 17:36:37.202  1243  1246 D dalvikvm: GC_CONCURRENT freed 305K, 16% free 9316K/11079K, paused 6ms+2ms
06-28 17:36:37.218  1243  1243 D dalvikvm: GC_FOR_ALLOC freed 120K, 15% free 9444K/11079K, paused 13ms
06-28 17:36:37.261  1243  1246 D dalvikvm: GC_CONCURRENT freed 298K, 13% free 9657K/11079K, paused 2ms+3ms
06-28 17:36:37.296  1243  1448 D dalvikvm: GC_FOR_ALLOC freed 307K, 13% free 9677K/11079K, paused 19ms
06-28 17:36:37.315  1243  1448 D dalvikvm: GC_FOR_ALLOC freed 301K, 13% free 9677K/11079K, paused 19ms
06-28 17:36:37.335  1243  1448 D dalvikvm: GC_FOR_ALLOC freed 301K, 13% free 9678K/11079K, paused 18ms
06-28 17:36:37.585  1243  1243 I PhoneLab-: 1340911190425.log is deleted
06-28 17:36:37.585  1243  1243 I PhoneLab-: Response: {"data": "done", "err": ""}
06-28 17:36:37.632  1243  1246 D dalvikvm: GC_CONCURRENT freed 956K, 17% free 9214K/11079K, paused 3ms+2ms
06-28 17:36:37.686  1243  1246 D dalvikvm: GC_CONCURRENT freed 305K, 16% free 9317K/11079K, paused 2ms+4ms
06-28 17:36:37.702  1243  1243 D dalvikvm: GC_FOR_ALLOC freed 120K, 15% free 9445K/11079K, paused 15ms
06-28 17:36:37.733  1243  1246 D dalvikvm: GC_CONCURRENT freed 298K, 13% free 9658K/11079K, paused 2ms+2ms
06-28 17:36:37.764  1243  1450 D dalvikvm: GC_FOR_ALLOC freed 307K, 13% free 9678K/11079K, paused 17ms
06-28 17:36:37.784  1243  1450 D dalvikvm: GC_FOR_ALLOC freed 301K, 13% free 9678K/11079K, paused 18ms
06-28 17:36:37.807  1243  1450 D dalvikvm: GC_FOR_ALLOC freed 301K, 13% free 9679K/11079K, paused 18ms
06-28 17:36:38.065  1243  1243 I PhoneLab-: 1340911379083.log is deleted
06-28 17:36:38.065  1243  1243 I PhoneLab-: Response: {"data": "done", "err": ""}
06-28 17:36:38.112  1243  1246 D dalvikvm: GC_CONCURRENT freed 955K, 17% free 9215K/11079K, paused 2ms+2ms
06-28 17:36:38.171  1243  1246 D dalvikvm: GC_CONCURRENT freed 305K, 16% free 9318K/11079K, paused 2ms+3ms
06-28 17:36:38.202  1243  1243 D dalvikvm: GC_FOR_ALLOC freed 120K, 15% free 9446K/11079K, paused 31ms
06-28 17:36:38.241  1243  1246 D dalvikvm: GC_CONCURRENT freed 298K, 13% free 9659K/11079K, paused 2ms+2ms
06-28 17:36:38.296  1243  1452 D dalvikvm: GC_FOR_ALLOC freed 307K, 13% free 9679K/11079K, paused 22ms
06-28 17:36:38.319  1243  1452 D dalvikvm: GC_FOR_ALLOC freed 301K, 13% free 9679K/11079K, paused 20ms
06-28 17:36:38.350  1243  1452 D dalvikvm: GC_FOR_ALLOC freed 301K, 13% free 9680K/11079K, paused 28ms
06-28 17:36:38.393   661   662 D dalvikvm: GC_CONCURRENT freed 626K, 9% free 9576K/10503K, paused 2ms+2ms
06-28 17:36:38.507   661   993 I CheckinTask: Sending checkin request (8740 bytes)
06-28 17:36:38.589  1243  1243 I PhoneLab-: 1340911434708.log is deleted
06-28 17:36:38.589  1243  1243 I PhoneLab-: Response: {"data": "done", "err": ""}
06-28 17:36:38.647  1243  1246 D dalvikvm: GC_CONCURRENT freed 955K, 17% free 9216K/11079K, paused 2ms+5ms
06-28 17:36:38.706  1243  1246 D dalvikvm: GC_CONCURRENT freed 305K, 16% free 9319K/11079K, paused 2ms+3ms
06-28 17:36:38.725  1243  1243 D dalvikvm: GC_FOR_ALLOC freed 120K, 15% free 9447K/11079K, paused 17ms
06-28 17:36:38.757  1243  1246 D dalvikvm: GC_CONCURRENT freed 298K, 13% free 9660K/11079K, paused 2ms+3ms
06-28 17:36:38.811  1243  1454 D dalvikvm: GC_FOR_ALLOC freed 306K, 13% free 9680K/11079K, paused 18ms
06-28 17:36:38.831  1243  1454 D dalvikvm: GC_FOR_ALLOC freed 301K, 13% free 9680K/11079K, paused 17ms
06-28 17:36:38.889  1243  1454 D dalvikvm: GC_FOR_ALLOC freed 301K, 13% free 9681K/11079K, paused 56ms
06-28 17:36:39.081   536   538 D dalvikvm: GC_CONCURRENT freed 404K, 6% free 9581K/10119K, paused 7ms+5ms
06-28 17:36:39.100  1243  1243 I PhoneLab-: 1340911710919.log is deleted
06-28 17:36:39.100  1243  1243 I PhoneLab-: Response: {"data": "done", "err": ""}
06-28 17:36:39.147  1243  1246 D dalvikvm: GC_CONCURRENT freed 955K, 17% free 9217K/11079K, paused 2ms+3ms
06-28 17:36:39.194  1243  1246 D dalvikvm: GC_CONCURRENT freed 305K, 16% free 9320K/11079K, paused 3ms+3ms
06-28 17:36:39.241  1243  1243 D dalvikvm: GC_FOR_ALLOC freed 120K, 15% free 9448K/11079K, paused 48ms
06-28 17:36:39.304  1243  1246 D dalvikvm: GC_CONCURRENT freed 298K, 13% free 9661K/11079K, paused 2ms+19ms
06-28 17:36:39.327  1243  1456 D dalvikvm: GC_FOR_ALLOC freed 306K, 13% free 9681K/11079K, paused 19ms
06-28 17:36:39.350  1243  1456 D dalvikvm: GC_FOR_ALLOC freed 301K, 13% free 9681K/11079K, paused 16ms
06-28 17:36:39.382  1243  1456 D dalvikvm: GC_FOR_ALLOC freed 301K, 13% free 9682K/11079K, paused 30ms
06-28 17:36:39.643  1243  1243 I PhoneLab-: 1340911796703.log is deleted
06-28 17:36:39.643  1243  1243 I PhoneLab-: Response: {"data": "done", "err": ""}
06-28 17:36:39.655   661   662 D dalvikvm: GC_CONCURRENT freed 428K, 10% free 9535K/10503K, paused 6ms+6ms
06-28 17:36:39.694  1243  1246 D dalvikvm: GC_CONCURRENT freed 954K, 17% free 9218K/11079K, paused 2ms+2ms
06-28 17:36:39.753  1243  1246 D dalvikvm: GC_CONCURRENT freed 305K, 16% free 9321K/11079K, paused 2ms+1ms
06-28 17:36:39.768  1243  1243 D dalvikvm: GC_FOR_ALLOC freed 120K, 15% free 9449K/11079K, paused 16ms
06-28 17:36:39.815  1243  1246 D dalvikvm: GC_CONCURRENT freed 298K, 13% free 9662K/11079K, paused 2ms+2ms
06-28 17:36:39.878  1243  1458 D dalvikvm: GC_FOR_ALLOC freed 308K, 13% free 9682K/11079K, paused 15ms
06-28 17:36:39.897  1243  1458 D dalvikvm: GC_FOR_ALLOC freed 302K, 13% free 9683K/11079K, paused 17ms
06-28 17:36:39.913  1243  1458 D dalvikvm: GC_FOR_ALLOC freed 302K, 13% free 9683K/11079K, paused 15ms
06-28 17:36:40.182  1243  1243 I PhoneLab-: 1340911951728.log is deleted
06-28 17:36:40.182  1243  1243 I PhoneLab-: Response: {"data": "done", "err": ""}
06-28 17:36:40.194   661   993 I CheckinTask: Checkin success: https://android.clients.google.com/checkin (3 requests sent)
06-28 17:36:40.233  1243  1246 D dalvikvm: GC_CONCURRENT freed 956K, 17% free 9219K/11079K, paused 2ms+2ms
06-28 17:36:40.307  1243  1243 D dalvikvm: GC_FOR_ALLOC freed 305K, 16% free 9322K/11079K, paused 22ms
06-28 17:36:40.323  1243  1243 D dalvikvm: GC_FOR_ALLOC freed 120K, 15% free 9450K/11079K, paused 15ms
06-28 17:36:40.358  1243  1246 D dalvikvm: GC_CONCURRENT freed 294K, 13% free 9667K/11079K, paused 2ms+3ms
06-28 17:36:40.393  1243  1461 D dalvikvm: GC_FOR_ALLOC freed 310K, 13% free 9683K/11079K, paused 17ms
06-28 17:36:40.405  1243  1461 D dalvikvm: GC_FOR_ALLOC freed 301K, 13% free 9684K/11079K, paused 14ms
06-28 17:36:40.425  1243  1461 D dalvikvm: GC_FOR_ALLOC freed 301K, 13% free 9684K/11079K, paused 15ms
06-28 17:36:40.628  1243  1243 I PhoneLab-: 1340912337909.log is deleted
06-28 17:36:40.628  1243  1243 I PhoneLab-: Response: {"data": "done", "err": ""}
06-28 17:36:40.718  1243  1246 D dalvikvm: GC_CONCURRENT freed 953K, 17% free 9220K/11079K, paused 4ms+5ms
06-28 17:36:41.296   151   154 D dalvikvm: GC_CONCURRENT freed 675K, 11% free 11795K/13191K, paused 3ms+16ms
06-28 17:36:41.343   453   455 D dalvikvm: GC_CONCURRENT freed 500K, 7% free 10534K/11207K, paused 2ms+5ms
06-28 17:36:41.456   151   312 D ConnectivityService: ConnectivityChange for mobile: CONNECTED/CONNECTED
06-28 17:36:41.499   151   312 D ConnectivityService: ConnectivityChange for mobile: DISCONNECTED/DISCONNECTED
06-28 17:36:41.499   151   312 D ConnectivityService: Attempting to switch to WIFI
06-28 17:36:41.503   151   312 D NetUtils: android_net_utils_resetConnections in env=0x16b8d40 clazz=0x45200001 iface=rmnet0 mask=0x3
06-28 17:36:41.503   151   312 D ConnectivityService: Attempting to switch to WIMAX
06-28 17:36:41.503   151   312 D ConnectivityService: Attempting to switch to BLUETOOTH_TETHER
06-28 17:36:41.503   151   312 D ConnectivityService: resetConnections(rmnet0, 3)
06-28 17:36:41.616   471   473 D dalvikvm: GC_CONCURRENT freed 395K, 5% free 9559K/10055K, paused 2ms+6ms
06-28 17:36:41.636  1243  1246 D dalvikvm: GC_CONCURRENT freed 305K, 16% free 9323K/11079K, paused 89ms+2ms
06-28 17:36:41.651  1243  1243 D dalvikvm: GC_FOR_ALLOC freed 120K, 15% free 9451K/11079K, paused 14ms
06-28 17:36:41.682  1243  1246 D dalvikvm: GC_CONCURRENT freed 298K, 13% free 9664K/11079K, paused 2ms+3ms
06-28 17:36:41.722  1243  1464 D dalvikvm: GC_FOR_ALLOC freed 306K, 13% free 9684K/11079K, paused 14ms
06-28 17:36:41.737  1243  1464 D dalvikvm: GC_FOR_ALLOC freed 301K, 13% free 9685K/11079K, paused 16ms
06-28 17:36:41.757  1243  1464 D dalvikvm: GC_FOR_ALLOC freed 301K, 13% free 9686K/11079K, paused 17ms
06-28 17:36:42.495  1243  1243 I PhoneLab-: 1340912337920.log is deleted
06-28 17:36:42.495  1243  1243 I PhoneLab-: Response: {"data": "done", "err": ""}
06-28 17:36:42.573  1243  1246 D dalvikvm: GC_CONCURRENT freed 953K, 17% free 9221K/11079K, paused 3ms+3ms
06-28 17:36:42.624  1243  1246 D dalvikvm: GC_CONCURRENT freed 305K, 16% free 9324K/11079K, paused 2ms+2ms
06-28 17:36:42.643  1243  1243 D dalvikvm: GC_FOR_ALLOC freed 120K, 15% free 9452K/11079K, paused 16ms
06-28 17:36:42.675  1243  1246 D dalvikvm: GC_CONCURRENT freed 298K, 13% free 9665K/11079K, paused 1ms+2ms
06-28 17:36:42.702  1243  1466 D dalvikvm: GC_FOR_ALLOC freed 5K, 13% free 9685K/11079K, paused 14ms
06-28 17:36:42.702  1243  1466 I dalvikvm-heap: Grow heap (frag case) to 9.826MB for 313093-byte allocation
06-28 17:36:42.718  1243  1466 D dalvikvm: GC_FOR_ALLOC freed 305K, 16% free 9685K/11399K, paused 16ms
06-28 17:36:42.737  1243  1466 D dalvikvm: GC_FOR_ALLOC freed 306K, 16% free 9686K/11399K, paused 15ms
06-28 17:36:42.753  1243  1466 D dalvikvm: GC_FOR_ALLOC freed 306K, 16% free 9687K/11399K, paused 15ms
06-28 17:36:42.909   661  1467 I GTalkService/c: [AndroidEndpoint@1094379320] connect: acct=1000000, state=CONNECTING
06-28 17:36:42.940  1243  1243 I PhoneLab-: 1340912455899.log is deleted
06-28 17:36:42.944  1243  1243 I PhoneLab-: Response: {"data": "done", "err": ""}
06-28 17:36:42.995  1243  1246 D dalvikvm: GC_CONCURRENT freed 958K, 20% free 9222K/11399K, paused 3ms+3ms
06-28 17:36:43.104  1243  1246 D dalvikvm: GC_CONCURRENT freed 305K, 19% free 9325K/11399K, paused 2ms+3ms
06-28 17:36:43.124  1243  1243 D dalvikvm: GC_FOR_ALLOC freed 120K, 18% free 9453K/11399K, paused 17ms
06-28 17:36:43.159  1243  1246 D dalvikvm: GC_CONCURRENT freed 298K, 16% free 9666K/11399K, paused 2ms+3ms
06-28 17:36:43.218  1243  1470 D dalvikvm: GC_FOR_ALLOC freed 310K, 16% free 9687K/11399K, paused 40ms
06-28 17:36:43.245  1243  1470 D dalvikvm: GC_FOR_ALLOC freed 305K, 16% free 9687K/11399K, paused 25ms
06-28 17:36:43.264  1243  1470 D dalvikvm: GC_FOR_ALLOC freed 305K, 16% free 9688K/11399K, paused 21ms
06-28 17:36:43.389   661   662 D dalvikvm: GC_CONCURRENT freed 394K, 10% free 9544K/10503K, paused 11ms+6ms
06-28 17:36:43.444  1243  1243 I PhoneLab-: 1340913817719.log is deleted
06-28 17:36:43.444  1243  1243 I PhoneLab-: Response: {"data": "done", "err": ""}
06-28 17:36:43.491  1243  1246 D dalvikvm: GC_CONCURRENT freed 957K, 20% free 9223K/11399K, paused 2ms+3ms
06-28 17:36:43.530  1243  1246 D dalvikvm: GC_CONCURRENT freed 305K, 19% free 9326K/11399K, paused 2ms+2ms
06-28 17:36:43.550  1243  1243 D dalvikvm: GC_FOR_ALLOC freed 120K, 18% free 9454K/11399K, paused 16ms
06-28 17:36:43.581  1243  1246 D dalvikvm: GC_CONCURRENT freed 298K, 16% free 9667K/11399K, paused 2ms+3ms
06-28 17:36:43.612  1243  1476 D dalvikvm: GC_FOR_ALLOC freed 305K, 16% free 9688K/11399K, paused 18ms
06-28 17:36:43.628  1243  1476 D dalvikvm: GC_FOR_ALLOC freed 301K, 16% free 9688K/11399K, paused 16ms
06-28 17:36:43.647  1243  1476 D dalvikvm: GC_FOR_ALLOC freed 301K, 16% free 9689K/11399K, paused 16ms
06-28 17:36:43.952   151   373 D dalvikvm: GC_EXPLICIT freed 500K, 11% free 11815K/13191K, paused 12ms+5ms
06-28 17:36:43.964   151   587 D AlarmManagerService: Kernel timezone updated to 240 minutes west of GMT
06-28 17:36:43.983  1243  1243 I PhoneLab-: 1340917666371.log is deleted
06-28 17:36:43.983  1243  1243 I PhoneLab-: Response: {"data": "done", "err": ""}
06-28 17:36:43.983  1243  1243 I PhoneLab-UploadLogs: No log files to transfer
06-28 17:36:43.983  1243  1243 I PhoneLab-Locks: wake lock released
06-28 17:36:44.534   151   312 D ConnectivityService: handleInetConditionHoldEnd: net=1, condition=100, published condition=0
06-28 17:36:44.550   151   315 D Tethering: MasterInitialState.processMessage what=3
06-28 17:36:44.589   151   315 D Tethering: MasterInitialState.processMessage what=3
06-28 17:36:44.655  1216  1216 I MediaUploader: No need to wake up
06-28 17:36:44.682   551   551 V NetworkMonitor: Intent { act=android.net.conn.CONNECTIVITY_CHANGE flg=0x10000010 (has extras) }
06-28 17:36:44.706   551   551 V NetworkMonitor: Network is UP, Checkin HAS succeeded, GLS IS connected
06-28 17:36:44.706   551   551 V NetworkMonitor: Intent { act=android.net.conn.CONNECTIVITY_CHANGE flg=0x10000010 (has extras) }
06-28 17:36:44.706  1136  1152 D PicasaSyncManager: active network: NetworkInfo: type: WIFI[], state: CONNECTED/CONNECTED, reason: (unspecified), extra: (none), roaming: false, failover: false, isAvailable: true
06-28 17:36:44.718  1136  1152 D PicasaSyncManager: background data: true
06-28 17:36:44.722  1216  1216 I MediaUploader: No need to wake up
06-28 17:36:44.729   551   551 V NetworkMonitor: Network is UP, Checkin HAS succeeded, GLS IS connected
06-28 17:36:44.729  1136  1152 D PicasaSyncManager: active network: NetworkInfo: type: WIFI[], state: CONNECTED/CONNECTED, reason: (unspecified), extra: (none), roaming: false, failover: false, isAvailable: true
06-28 17:36:44.729  1136  1152 D PicasaSyncManager: background data: true
06-28 17:36:44.804   536   538 D dalvikvm: GC_CONCURRENT freed 376K, 5% free 9616K/10119K, paused 2ms+2ms
06-28 17:36:45.097   151   312 D ConnectivityService: handleInetConditionHoldEnd: net=1, condition=100, published condition=100
06-28 17:36:48.729   471   471 D SAN_SERVICE: *******************************************
06-28 17:36:48.733   471   471 D SAN_SERVICE: DM App Phone Service State - 0
06-28 17:36:48.733   471   471 D SAN_SERVICE: *******************************************
06-28 17:36:48.788   536   538 D dalvikvm: GC_CONCURRENT freed 400K, 6% free 9651K/10183K, paused 2ms+3ms
06-28 17:36:49.823   151   465 E ThrottleService: Error reading data file
06-28 17:36:49.893    82   122 D AudioHardware: AudioHardware pcm playback is exiting standby.
06-28 17:36:49.893    82   122 D AudioHardware: openPcmOut_l() mPcmOpenCnt: 0
06-28 17:36:49.979   151   785 I ActivityManager: START {cmp=com.google.android.gsf.login/.LoginActivityTask (has extras)} from pid 617
06-28 17:36:50.011   617   620 D dalvikvm: GC_CONCURRENT freed 665K, 8% free 9533K/10311K, paused 7ms+3ms
06-28 17:36:50.018   551   551 D OpenGLRenderer: Flushing caches (mode 1)
06-28 17:36:50.264   151   201 I ActivityManager: Displayed com.google.android.gsf.login/.LoginActivityTask: +282ms (total +15s658ms)
06-28 17:36:50.331   617   617 D OpenGLRenderer: Flushing caches (mode 0)
06-28 17:36:50.362   388   389 D dalvikvm: GC_CONCURRENT freed 277K, 5% free 9887K/10375K, paused 2ms+21ms
06-28 17:36:50.491   151   154 D dalvikvm: GC_CONCURRENT freed 612K, 11% free 11790K/13191K, paused 3ms+12ms
06-28 17:36:50.710   617   620 D dalvikvm: GC_CONCURRENT freed 339K, 7% free 9656K/10311K, paused 2ms+4ms
06-28 17:36:50.862   151   785 D AlarmManagerService: Kernel timezone updated to 240 minutes west of GMT
06-28 17:36:51.663   151   151 I AccountManagerService: the accounts changed, sending broadcast of android.accounts.LOGIN_ACCOUNTS_CHANGED
06-28 17:36:51.698   151   168 I ActivityManager: Start proc com.android.browser for broadcast com.android.browser/.AccountsChangedReceiver: pid=1483 uid=10003 gids={3003, 1015}
06-28 17:36:51.741  1136  1136 I PicasaSyncManager: account change detect - update database
06-28 17:36:51.741  1136  1152 D PicasaSync: sync account database
06-28 17:36:51.788   151   502 D SyncManager: setSyncAutomatically: , provider subscribedfeeds -> true
06-28 17:36:51.792   151   590 D SyncManager: setIsSyncable: Account {name=steven.y.ko@gmail.com, type=com.google}, provider gmail-ls -> 1
06-28 17:36:51.792  1483  1483 I ActivityThread: Pub com.android.browser;browser: com.android.browser.provider.BrowserProvider2
06-28 17:36:51.796  1136  1152 D PicasaSync: accounts in DB=0
06-28 17:36:51.800  1483  1483 I ActivityThread: Pub com.android.browser.home: com.android.browser.homepages.HomeProvider
06-28 17:36:51.800  1483  1483 I ActivityThread: Pub com.android.browser.snapshots: com.android.browser.provider.SnapshotProvider
06-28 17:36:51.858   929  1505 D ExchangeService: Reconciling accounts...
06-28 17:36:51.866   912  1504 I Email   : System accounts updated.
06-28 17:36:51.866   912  1504 I Email   : ReconcilePopImapAccountsSync: start
06-28 17:36:51.874   912  1504 I Email   : ReconcilePopImapAccountsSync: done
06-28 17:36:51.889   929   929 D ExchangeService: !!! EAS ExchangeService, onStartCommand, startingUp = false, running = false
06-28 17:36:51.893   929  1235 D ExchangeService: Reconciling accounts...
06-28 17:36:52.108   151   162 D SyncManager: setIsSyncable: Account {name=steven.y.ko@gmail.com, type=com.google}, provider com.android.calendar -> 1
06-28 17:36:52.147   151   503 D SyncManager: setIsSyncable: Account {name=steven.y.ko@gmail.com, type=com.google}, provider com.android.contacts -> 1
06-28 17:36:52.155  1136  1152 V PicasaContentProvider: querySettings: defaults: {sync_on_wifi_only=1, auto_upload_account_type=null, sync_on_battery=1, sync_picasa_on_wifi_only=1, auto_upload_enabled=0, video_upload_wifi_only=1, sync_on_roaming=0, auto_upload_account_name=null}
06-28 17:36:52.335   151   154 D dalvikvm: GC_CONCURRENT freed 640K, 11% free 11842K/13191K, paused 3ms+5ms
06-28 17:36:52.682   661   662 D dalvikvm: GC_CONCURRENT freed 335K, 9% free 9596K/10503K, paused 3ms+3ms
06-28 17:36:52.745  1483  1485 D dalvikvm: GC_CONCURRENT freed 296K, 4% free 9232K/9607K, paused 3ms+3ms
06-28 17:36:52.889  1483  1485 D dalvikvm: GC_CONCURRENT freed 467K, 7% free 9215K/9863K, paused 2ms+2ms
06-28 17:36:52.936   661  1417 D dalvikvm: GC_EXPLICIT freed 50K, 9% free 9578K/10503K, paused 2ms+4ms
06-28 17:36:52.983    82   122 D AudioHardware: AudioHardware pcm playback is going to standby.
06-28 17:36:52.983    82   122 D AudioHardware: closePcmOut_l() mPcmOpenCnt: 1
06-28 17:36:53.069  1136  1519 D PicasaSyncService: start to perform sync on steven.y.ko@gmail.com
06-28 17:36:53.100  1136  1519 D PicasaSyncService: sync finished - false
06-28 17:36:53.163  1153  1166 D libEGL  : loaded /system/lib/egl/libGLES_android.so
06-28 17:36:53.198  1153  1166 D libEGL  : loaded /vendor/lib/egl/libEGL_POWERVR_SGX540_120.so
06-28 17:36:53.214  1153  1166 D libEGL  : loaded /vendor/lib/egl/libGLESv1_CM_POWERVR_SGX540_120.so
06-28 17:36:53.218  1153  1166 D libEGL  : loaded /vendor/lib/egl/libGLESv2_POWERVR_SGX540_120.so
06-28 17:36:53.378  1396  1396 I RlzPingService: Setting next ping for 1341005813212
06-28 17:36:53.432  1396  1398 D dalvikvm: GC_CONCURRENT freed 373K, 5% free 9163K/9607K, paused 6ms+4ms
06-28 17:36:53.530   151   154 D dalvikvm: GC_CONCURRENT freed 653K, 10% free 11896K/13191K, paused 4ms+9ms
06-28 17:36:53.647   151   590 D SyncManager: setIsSyncable: Account {name=steven.y.ko@gmail.com, type=com.google}, provider subscribedfeeds -> 1
06-28 17:36:53.772  1153  1170 D Volley  : [126] DiskBasedCache.clear: Cache cleared.
06-28 17:36:53.772  1153  1174 D Volley  : [130] DiskBasedCache.clear: Cache cleared.
06-28 17:36:54.128  1153  1153 W Finsky  : [1] FinskyApp.getDfeApi: Fall back to primary account.
06-28 17:36:54.147  1153  1155 D dalvikvm: GC_CONCURRENT freed 354K, 5% free 9416K/9863K, paused 2ms+2ms
06-28 17:36:54.362   151   593 D SyncManager: setIsSyncable: Account {name=steven.y.ko@gmail.com, type=com.google}, provider com.android.browser -> 1
06-28 17:36:54.444  1483  1485 D dalvikvm: GC_CONCURRENT freed 397K, 7% free 9202K/9863K, paused 3ms+2ms
06-28 17:36:54.600  1136  1531 D PicasaSyncService: initialize account: steven.y.ko@gmail.com
06-28 17:36:54.600   151   785 D SyncManager: setIsSyncable: Account {name=steven.y.ko@gmail.com, type=com.google}, provider com.google.android.gallery3d.GooglePhotoProvider -> 1
06-28 17:36:54.706   536   538 D dalvikvm: GC_CONCURRENT freed 379K, 6% free 9673K/10183K, paused 2ms+4ms
06-28 17:36:54.823   471   471 D SAN_SERVICE: *******************************************
06-28 17:36:54.823   471   471 D SAN_SERVICE: DM App Phone Service State - 0
06-28 17:36:54.823   471   471 D SAN_SERVICE: *******************************************
06-28 17:36:54.913   661   662 D dalvikvm: GC_CONCURRENT freed 361K, 9% free 9623K/10503K, paused 2ms+4ms
06-28 17:36:55.011   585   695 I ContactDirectoryManager: deleted 0 stale rows which don't have any relevant directory
06-28 17:36:55.210   585   695 I ContactDirectoryManager: Discovered 0 contact directories in 28ms
06-28 17:36:55.272  1153  1153 D Finsky  : [1] 2.run: Loaded library for account: [ZrNstjO2sWQHv0wecD7CxpCYBg4]
06-28 17:36:55.276  1153  1153 D Finsky  : [1] 2.run: Finished loading 1 libraries.
06-28 17:36:55.444   661  1529 I GTalkService/c: [GTalkConnection@1094578336] connect: acct=1, state=CONNECTING
06-28 17:36:55.503   617   620 D dalvikvm: GC_CONCURRENT freed 550K, 8% free 9504K/10311K, paused 4ms+4ms
06-28 17:36:55.948   151   154 D dalvikvm: GC_CONCURRENT freed 583K, 10% free 11923K/13191K, paused 2ms+4ms
06-28 17:36:58.147  1153  1155 D dalvikvm: GC_CONCURRENT freed 390K, 5% free 9524K/9991K, paused 3ms+3ms
06-28 17:36:58.768  1153  1171 D Volley  : [127] BasicNetwork.logSlowRequests: HTTP response for request=<[ ] https://android.clients.google.com/vending/api/ApiRequest NORMAL 3 GetMarketMetadataRequestProto> [lifetime=4816], [size=469], [rc=200], [retryCount=0]
06-28 17:36:58.804   661   662 D dalvikvm: GC_CONCURRENT freed 313K, 8% free 9711K/10503K, paused 4ms+39ms
06-28 17:36:58.893  1153  1153 D Finsky  : [1] GetMarketMetadataListener.onResponse: Paid apps enabled.
06-28 17:36:58.897  1153  1153 D Volley  : [1] Request.finish: 4944 ms: [ ] https://android.clients.google.com/vending/api/ApiRequest NORMAL 3 GetMarketMetadataRequestProto
06-28 17:36:59.100   151   593 I ActivityManager: No longer want com.android.deskclock (pid 729): hidden #16
06-28 17:36:59.526  1153  1172 D Volley  : [128] BasicNetwork.logSlowRequests: HTTP response for request=<[ ] https://android.clients.google.com/fdfe/replicateLibrary NORMAL 4> [lifetime=4240], [size=4791], [rc=200], [retryCount=0]
06-28 17:36:59.542   151   167 D dalvikvm: GC_EXPLICIT freed 397K, 11% free 11856K/13191K, paused 2ms+12ms
06-28 17:36:59.581  1153  1153 D Volley  : [1] Request.finish: 4294 ms: [ ] https://android.clients.google.com/fdfe/replicateLibrary NORMAL 4
06-28 17:36:59.659  1153  1155 D dalvikvm: GC_CONCURRENT freed 356K, 5% free 9565K/10055K, paused 2ms+2ms
06-28 17:36:59.827  1084  1087 D dalvikvm: GC_CONCURRENT freed 450K, 6% free 9409K/9991K, paused 2ms+3ms
06-28 17:36:59.839   617  1479 D GLSUser : Market result: 1
06-28 17:36:59.897   151   151 I ActivityManager: START {cmp=com.google.android.gsf.login/.SyncIntroActivity (has extras)} from pid 617
06-28 17:36:59.901   661   662 D dalvikvm: GC_CONCURRENT freed 340K, 7% free 9795K/10503K, paused 2ms+3ms
06-28 17:36:59.917   551   551 D OpenGLRenderer: Flushing caches (mode 1)
06-28 17:37:00.038   617   620 D dalvikvm: GC_CONCURRENT freed 340K, 7% free 9634K/10311K, paused 2ms+4ms
06-28 17:37:00.171   151   201 I ActivityManager: Displayed com.google.android.gsf.login/.SyncIntroActivity: +261ms
06-28 17:37:00.175   617   617 D OpenGLRenderer: Flushing caches (mode 0)
06-28 17:37:00.417  1153  1153 D Finsky  : [1] 3.onMutationsApplied: App library has changed, requesting content sync.
06-28 17:37:00.659  1153  1155 D dalvikvm: GC_CONCURRENT freed 310K, 5% free 9686K/10119K, paused 2ms+3ms
06-28 17:37:00.788   661   662 D dalvikvm: GC_CONCURRENT freed 349K, 7% free 9837K/10503K, paused 4ms+3ms
06-28 17:37:01.026   151   590 I ActivityManager: No longer want com.android.voicedialer (pid 1120): hidden #16
06-28 17:37:03.268   536   538 D dalvikvm: GC_CONCURRENT freed 402K, 6% free 9710K/10247K, paused 4ms+6ms
06-28 17:37:04.886   661   662 D dalvikvm: GC_CONCURRENT freed 432K, 7% free 9793K/10503K, paused 2ms+3ms
06-28 17:37:05.030   585   588 D dalvikvm: GC_CONCURRENT freed 371K, 5% free 9561K/10055K, paused 3ms+3ms
06-28 17:37:05.725   661   662 D dalvikvm: GC_CONCURRENT freed 371K, 7% free 9841K/10503K, paused 2ms+3ms
06-28 17:37:06.042   151   154 D dalvikvm: GC_CONCURRENT freed 609K, 11% free 11828K/13191K, paused 6ms+4ms
06-28 17:37:06.405   536   538 D dalvikvm: GC_CONCURRENT freed 368K, 5% free 9744K/10247K, paused 8ms+2ms
06-28 17:37:07.686   661   662 D dalvikvm: GC_CONCURRENT freed 472K, 8% free 9754K/10503K, paused 5ms+3ms
06-28 17:37:10.253   661  1035 I CheckinService: Preparing to send checkin request
06-28 17:37:10.253   661  1035 I EventLogService: Accumulating logs since 1340919386351
06-28 17:37:10.327   536   538 D dalvikvm: GC_CONCURRENT freed 399K, 6% free 9781K/10311K, paused 3ms+2ms
06-28 17:37:10.503   661   662 D dalvikvm: GC_CONCURRENT freed 219K, 5% free 9991K/10503K, paused 3ms+5ms
06-28 17:37:10.550   661  1035 I CheckinTask: Sending checkin request (5454 bytes)
06-28 17:37:11.069   661  1035 I CheckinTask: Checkin success: https://android.clients.google.com/checkin (1 requests sent)
06-28 17:37:13.136   536   538 D dalvikvm: GC_CONCURRENT freed 368K, 5% free 9811K/10311K, paused 9ms+3ms
06-28 17:37:15.057  1153  1155 D dalvikvm: GC_CONCURRENT freed 535K, 7% free 9595K/10247K, paused 2ms+2ms
06-28 17:37:15.639  1153  1155 D dalvikvm: GC_CONCURRENT freed 174K, 5% free 9812K/10247K, paused 2ms+3ms
06-28 17:37:15.882   536   538 D dalvikvm: GC_CONCURRENT freed 386K, 5% free 9870K/10375K, paused 4ms+5ms
06-28 17:37:16.073  1153  1153 D Finsky  : [1] 5.onFinished: Installation state replication succeeded.
06-28 17:37:18.280   536  1001 D dalvikvm: GC_FOR_ALLOC freed 366K, 7% free 9833K/10503K, paused 17ms
06-28 17:37:18.862   536  1001 D dalvikvm: GC_FOR_ALLOC freed 347K, 7% free 9835K/10503K, paused 17ms
06-28 17:37:19.530   536  1001 D dalvikvm: GC_FOR_ALLOC freed 347K, 7% free 9838K/10503K, paused 75ms
06-28 17:37:20.143   536  1001 D dalvikvm: GC_FOR_ALLOC freed 355K, 7% free 9842K/10503K, paused 67ms
06-28 17:37:20.636   536  1001 D dalvikvm: GC_FOR_ALLOC freed 347K, 7% free 9844K/10503K, paused 31ms
06-28 17:37:20.827   151   167 V BackupManagerService: beginRestoreSession: pkg=null transport=null
06-28 17:37:20.839    82   122 D AudioHardware: AudioHardware pcm playback is exiting standby.
06-28 17:37:20.839    82   122 D AudioHardware: openPcmOut_l() mPcmOpenCnt: 0
06-28 17:37:20.847   151   167 D RestoreSession: restoreAll token=1 observer=android.app.backup.RestoreSession$RestoreObserverWrapper@416715a8
06-28 17:37:20.870   151   323 D BackupManagerService: MSG_RUN_RESTORE observer=android.app.backup.RestoreSession$RestoreObserverWrapper@416715a8
06-28 17:37:21.038   151   154 D dalvikvm: GC_CONCURRENT freed 488K, 10% free 11922K/13191K, paused 3ms+6ms
06-28 17:37:21.100   151   323 V LocalTransport: start restore 1
06-28 17:37:21.100   151   323 V LocalTransport:   no more packages to restore
06-28 17:37:21.100   151   323 V LocalTransport: finishRestore()
06-28 17:37:21.100   151   323 I BackupManagerService: No restore data available
06-28 17:37:21.100   151   167 D RestoreSession: endRestoreSession
06-28 17:37:21.104   151   784 D SyncManager: setSyncAutomatically: , provider com.android.contacts -> true
06-28 17:37:21.112   151   323 V LocalTransport: finishRestore()
06-28 17:37:21.112   151   323 I BackupManagerService: Restore complete.
06-28 17:37:21.112   151   323 V BackupManagerService: Clearing restore session and halting timeout
06-28 17:37:21.132   151   587 D SyncManager: setSyncAutomatically: , provider com.android.contacts -> true
06-28 17:37:21.132   151   587 D SyncManager: setSyncAutomatically: already set to true, doing nothing
06-28 17:37:21.132   151   162 D SyncManager: setSyncAutomatically: , provider com.android.email.provider -> true
06-28 17:37:21.171   151   590 D SyncManager: setSyncAutomatically: , provider com.android.email.provider -> true
06-28 17:37:21.171   151   590 D SyncManager: setSyncAutomatically: already set to true, doing nothing
06-28 17:37:21.171   151   163 D SyncManager: setSyncAutomatically: , provider subscribedfeeds -> true
06-28 17:37:21.171   151   163 D SyncManager: setSyncAutomatically: already set to true, doing nothing
06-28 17:37:21.171   151   595 D SyncManager: setSyncAutomatically: , provider com.android.calendar -> true
06-28 17:37:21.225   151   502 D SyncManager: setSyncAutomatically: , provider com.android.browser -> true
06-28 17:37:21.257   151   154 D dalvikvm: GC_CONCURRENT freed 735K, 10% free 11914K/13191K, paused 3ms+4ms
06-28 17:37:21.327   151   151 D SyncManager: setSyncAutomatically: , provider com.google.android.gallery3d.GooglePhotoProvider -> true
06-28 17:37:21.366   617   620 D dalvikvm: GC_CONCURRENT freed 443K, 7% free 9670K/10311K, paused 2ms+2ms
06-28 17:37:21.378   151   587 D SyncManager: setSyncAutomatically: , provider com.android.calendar -> true
06-28 17:37:21.378   151   587 D SyncManager: setSyncAutomatically: already set to true, doing nothing
06-28 17:37:21.389   151   167 I BackupManagerService: Backup enabled => true
06-28 17:37:21.491   151   154 D dalvikvm: GC_CONCURRENT freed 613K, 9% free 12026K/13191K, paused 3ms+5ms
06-28 17:37:21.573   617   617 D GLSActivity: AccountIntro: activity result: -1
06-28 17:37:21.581   551   551 I SetupWizard: onActivityResult(10007, -1)
06-28 17:37:21.581   551   551 I SetupWizard: account setup completed with resultCode -1
06-28 17:37:21.581   551   551 I SetupWizard: starting activity 10005
06-28 17:37:21.585   151   784 I ActivityManager: START {cmp=com.google.android.setupwizard/.LocationSharingActivity (has extras)} from pid 551
06-28 17:37:21.612   551   551 V NetworkMonitor: Starting NetworkMonitor
06-28 17:37:21.616   551   551 I SetupWizard: disabling notifications and status bar
06-28 17:37:21.624   151   167 I BackupTransportService: enableBackup() succeeded
06-28 17:37:21.682   551   551 V NetworkMonitor: Intent { act=android.net.conn.CONNECTIVITY_CHANGE flg=0x10000010 (has extras) }
06-28 17:37:21.682   551   551 V NetworkMonitor: Network is UP, Checkin HAS succeeded, GLS is NOT connected
06-28 17:37:21.682   551   551 V NetworkMonitor: GLS onServiceConnected
06-28 17:37:21.682   551   551 V NetworkMonitor: Network is UP, Checkin HAS succeeded, GLS IS connected
06-28 17:37:21.682   551   551 V NetworkMonitor: Reporting network CONNECTED
06-28 17:37:21.682   551   551 V NetworkMonitor: Network is UP, Checkin HAS succeeded, GLS IS connected
06-28 17:37:21.722   536  1001 D dalvikvm: GC_FOR_ALLOC freed 347K, 7% free 9847K/10503K, paused 59ms
06-28 17:37:21.878   151   201 I ActivityManager: Displayed com.google.android.setupwizard/.LocationSharingActivity: +279ms
06-28 17:37:21.878   617   617 D OpenGLRenderer: Flushing caches (mode 0)
06-28 17:37:22.288   661  1560 V ContactsSyncAdapter: No contacts feed data; creating new feedSyncState...
06-28 17:37:23.929    82   122 D AudioHardware: AudioHardware pcm playback is going to standby.
06-28 17:37:23.929    82   122 D AudioHardware: closePcmOut_l() mPcmOpenCnt: 1
06-28 17:37:24.425   661   662 D dalvikvm: GC_CONCURRENT freed 588K, 7% free 9861K/10567K, paused 10ms+4ms
06-28 17:37:24.807   536   538 D dalvikvm: GC_CONCURRENT freed 381K, 7% free 9852K/10503K, paused 2ms+6ms
06-28 17:37:24.956   661  1563 D dalvikvm: GC_EXPLICIT freed 283K, 7% free 9901K/10567K, paused 4ms+9ms
06-28 17:37:25.147   151   784 D dalvikvm: GC_EXPLICIT freed 654K, 10% free 11942K/13191K, paused 3ms+5ms
06-28 17:37:25.233    82   122 D AudioHardware: AudioHardware pcm playback is exiting standby.
06-28 17:37:25.233    82   122 D AudioHardware: openPcmOut_l() mPcmOpenCnt: 0
06-28 17:37:25.257   585   588 D dalvikvm: GC_CONCURRENT freed 336K, 5% free 9649K/10119K, paused 2ms+11ms
06-28 17:37:25.354   661   788 I NetworkLocationRealOs: No existing nlp persistent state.
06-28 17:37:25.483   551   552 D dalvikvm: GC_CONCURRENT freed 367K, 5% free 9997K/10439K, paused 2ms+15ms
06-28 17:37:25.600   661   662 D dalvikvm: GC_CONCURRENT freed 273K, 5% free 10140K/10567K, paused 2ms+3ms
06-28 17:37:25.823   661   662 D dalvikvm: GC_CONCURRENT freed 157K, 3% free 10523K/10759K, paused 3ms+5ms
06-28 17:37:25.940   551   551 I SetupWizard: onActivityResult(10005, -1)
06-28 17:37:25.940   551   551 I SetupWizard: starting activity 10010
06-28 17:37:25.944   151   163 I ActivityManager: START {cmp=com.google.android.gsf.login/.NameActivity (has extras)} from pid 551
06-28 17:37:25.968   617   617 W GLSUser : GLS Activity without session
06-28 17:37:26.054   617   620 D dalvikvm: GC_CONCURRENT freed 469K, 6% free 9698K/10311K, paused 2ms+6ms
06-28 17:37:26.093   151   154 D dalvikvm: GC_CONCURRENT freed 657K, 9% free 12015K/13191K, paused 2ms+4ms
06-28 17:37:26.268   453   455 D dalvikvm: GC_CONCURRENT freed 450K, 6% free 10581K/11207K, paused 2ms+8ms
06-28 17:37:26.292   151   201 I ActivityManager: Displayed com.google.android.gsf.login/.NameActivity: +342ms
06-28 17:37:26.292   551   551 D OpenGLRenderer: Flushing caches (mode 0)
06-28 17:37:26.495   504   507 D dalvikvm: GC_CONCURRENT freed 429K, 6% free 9878K/10439K, paused 3ms+19ms
06-28 17:37:26.569   551   551 V NetworkMonitor: Stopped NetworkMonitor
06-28 17:37:26.585   388   388 D dalvikvm: GC_FOR_ALLOC freed 438K, 7% free 9678K/10375K, paused 49ms
06-28 17:37:26.612   551   551 D OpenGLRenderer: Flushing caches (mode 1)
06-28 17:37:26.753   388   388 D dalvikvm: GC_FOR_ALLOC freed 381K, 7% free 9661K/10375K, paused 27ms
06-28 17:37:27.124   661  1567 D WifiLocator: Too many cache  misses. Need server request. hasLocation=0 noLocation=0 cacheMiss=10
06-28 17:37:27.124   661  1567 D CellLocator: Primary cell miss in cache. Need server request.
06-28 17:37:27.155   661   761 I System.out: [INFO:123410]: LogSource: Running flush
06-28 17:37:27.171   661   762 I System.out: [INFO:123423]: LogSource: Sending payload [bytes=462]
06-28 17:37:27.397   661   662 D dalvikvm: GC_CONCURRENT freed 804K, 8% free 10264K/11143K, paused 12ms+4ms
06-28 17:37:27.600   661   762 I System.out: [INFO:123854]: LogSource: Response [http=200,length=361]
06-28 17:37:27.604   661   761 I System.out: [INFO:123857]: LogSource: Read id 1, status code 200
06-28 17:37:27.792   661   662 D dalvikvm: GC_CONCURRENT freed 382K, 7% free 10393K/11143K, paused 3ms+4ms
06-28 17:37:27.866   661   668 I dalvikvm: Jit: resizing JitTable from 4096 to 8192
06-28 17:37:28.108   661   662 D dalvikvm: GC_CONCURRENT freed 239K, 6% free 10551K/11143K, paused 2ms+3ms
06-28 17:37:28.311   585   588 D dalvikvm: GC_CONCURRENT freed 348K, 5% free 9717K/10183K, paused 1ms+3ms
06-28 17:37:28.323    82   122 D AudioHardware: AudioHardware pcm playback is going to standby.
06-28 17:37:28.323    82   122 D AudioHardware: closePcmOut_l() mPcmOpenCnt: 1
06-28 17:37:28.682   585   588 D dalvikvm: GC_CONCURRENT freed 243K, 4% free 9872K/10247K, paused 2ms+3ms
06-28 17:37:28.725    82   122 D AudioHardware: AudioHardware pcm playback is exiting standby.
06-28 17:37:28.725    82   122 D AudioHardware: openPcmOut_l() mPcmOpenCnt: 0
06-28 17:37:30.218   585   588 D dalvikvm: GC_CONCURRENT freed 485K, 6% free 9947K/10503K, paused 3ms+4ms
06-28 17:37:30.460   585   588 D dalvikvm: GC_CONCURRENT freed 597K, 7% free 9896K/10567K, paused 2ms+2ms
06-28 17:37:30.538   585   588 D dalvikvm: GC_CONCURRENT freed 521K, 7% free 9885K/10567K, paused 2ms+3ms
06-28 17:37:30.757   617   620 D dalvikvm: GC_CONCURRENT freed 342K, 5% free 9815K/10311K, paused 5ms+3ms
06-28 17:37:30.839   151   154 D dalvikvm: GC_CONCURRENT freed 691K, 9% free 12049K/13191K, paused 3ms+5ms
06-28 17:37:30.854   551   551 I SetupWizard: onActivityResult(10010, -1)
06-28 17:37:30.858   551   551 I SetupWizard: starting activity 10012
06-28 17:37:30.858   151   502 I ActivityManager: START {cmp=com.google.android.setupwizard/.SetupCompleteActivity (has extras)} from pid 551
06-28 17:37:30.909   551   551 V NetworkMonitor: Starting NetworkMonitor
06-28 17:37:30.913   551   551 I SetupWizard: disabling notifications and status bar
06-28 17:37:30.944   551   551 D dalvikvm: GC_FOR_ALLOC freed 741K, 10% free 9418K/10439K, paused 15ms
06-28 17:37:30.948   551   551 I dalvikvm-heap: Grow heap (frag case) to 9.798MB for 558016-byte allocation
06-28 17:37:30.991   551   552 D dalvikvm: GC_CONCURRENT freed 2K, 10% free 9960K/11015K, paused 2ms+4ms
06-28 17:37:31.011   551   551 V NetworkMonitor: GLS onServiceConnected
06-28 17:37:31.011   551   551 V NetworkMonitor: Network is DOWN, Checkin has NOT succeeded, GLS IS connected
06-28 17:37:31.011   551   551 V NetworkMonitor: Network is DOWN, Checkin has NOT succeeded, GLS IS connected
06-28 17:37:31.011   551   551 V NetworkMonitor: Intent { act=android.net.conn.CONNECTIVITY_CHANGE flg=0x10000010 (has extras) }
06-28 17:37:31.011   551   551 V NetworkMonitor: Network is UP, Checkin HAS succeeded, GLS IS connected
06-28 17:37:31.011   551   551 V NetworkMonitor: Reporting network CONNECTED
06-28 17:37:31.057   151   503 W InputManagerService: Starting input on non-focused client com.android.internal.view.IInputMethodClient$Stub$Proxy@415d1940 (uid=10009 pid=617)
06-28 17:37:31.061   617   617 W IInputConnectionWrapper: showStatusIcon on inactive InputConnection
06-28 17:37:31.186   388   388 D dalvikvm: GC_FOR_ALLOC freed 376K, 7% free 9652K/10375K, paused 48ms
06-28 17:37:31.214   151   201 I ActivityManager: Displayed com.google.android.setupwizard/.SetupCompleteActivity: +351ms
06-28 17:37:31.218   617   617 D OpenGLRenderer: Flushing caches (mode 0)
06-28 17:37:31.358   536   538 D dalvikvm: GC_CONCURRENT freed 342K, 6% free 9898K/10503K, paused 1ms+2ms
06-28 17:37:31.550   585   588 D dalvikvm: GC_CONCURRENT freed 366K, 7% free 9908K/10567K, paused 2ms+3ms
06-28 17:37:31.815   585   588 D dalvikvm: GC_CONCURRENT freed 343K, 6% free 9957K/10567K, paused 2ms+3ms
06-28 17:37:31.843    82   122 D AudioHardware: AudioHardware pcm playback is going to standby.
06-28 17:37:31.843    82   122 D AudioHardware: closePcmOut_l() mPcmOpenCnt: 1
06-28 17:37:32.218   661   662 D dalvikvm: GC_CONCURRENT freed 209K, 4% free 10737K/11143K, paused 3ms+3ms
06-28 17:37:32.323   585   588 D dalvikvm: GC_CONCURRENT freed 726K, 9% free 9626K/10567K, paused 2ms+4ms
06-28 17:37:32.620   585   588 D dalvikvm: GC_CONCURRENT freed 159K, 7% free 9861K/10567K, paused 2ms+3ms
06-28 17:37:32.858   585   588 D dalvikvm: GC_CONCURRENT freed 317K, 6% free 9935K/10567K, paused 2ms+3ms
06-28 17:37:33.100   585   588 D dalvikvm: GC_CONCURRENT freed 366K, 6% free 9961K/10567K, paused 2ms+3ms
06-28 17:37:33.331   585   588 D dalvikvm: GC_CONCURRENT freed 341K, 6% free 10013K/10567K, paused 2ms+3ms
06-28 17:37:33.464   551   551 I SetupWizard: enabling notifications
06-28 17:37:33.479    82   122 D AudioHardware: AudioHardware pcm playback is exiting standby.
06-28 17:37:33.479    82   122 D AudioHardware: openPcmOut_l() mPcmOpenCnt: 0
06-28 17:37:33.597   151   154 D dalvikvm: GC_CONCURRENT freed 906K, 10% free 11902K/13191K, paused 3ms+4ms
06-28 17:37:33.620   487  1578 D NfcService: NFC-C ON
06-28 17:37:33.643   551   551 V SetupWizard: System thinks we're the home activity. Removing SetupWizard...
06-28 17:37:33.788   151   154 D dalvikvm: GC_CONCURRENT freed 677K, 10% free 11942K/13191K, paused 2ms+4ms
06-28 17:37:33.831   151   163 I ActivityManager: START {act=android.intent.action.MAIN cat=[android.intent.category.HOME] flg=0x10200000 cmp=com.android.launcher/com.android.launcher2.Launcher} from pid 551
06-28 17:37:33.847   551   552 D dalvikvm: GC_CONCURRENT freed 368K, 9% free 10063K/11015K, paused 1ms+2ms
06-28 17:37:35.413   551   551 V SetupWizard: *** SetupWizard completed ***
06-28 17:37:35.413   551   551 I Process : Sending signal. PID: 551 SIG: 9
06-28 17:37:35.429   151   478 I StatusBarManagerService: binder died for pkg=com.google.android.setupwizard
06-28 17:37:35.429   151   478 I StatusBarManagerService: binder died for pkg=com.google.android.setupwizard
06-28 17:37:35.429   151   478 I StatusBarManagerService: binder died for pkg=com.google.android.setupwizard
06-28 17:37:35.429   151   478 I ActivityManager: Process com.google.android.setupwizard (pid 551) has died.
06-28 17:37:35.429   151   478 W ActivityManager: Force removing ActivityRecord{4139e9a0 com.google.android.setupwizard/.SetupCompleteActivity}: app died, no saved state
06-28 17:37:35.432   151   785 I StatusBarManagerService: binder died for pkg=com.google.android.setupwizard
06-28 17:37:35.432   151   785 I StatusBarManagerService: binder died for pkg=com.google.android.setupwizard
06-28 17:37:35.432   388   388 D PhoneStatusBar: disable: < expand* icons* alerts* ticker system_info* BACK home* recent* clock >
06-28 17:37:35.440   151   785 I WindowManager: WIN DEATH: Window{4150fd38 com.google.android.setupwizard/com.google.android.setupwizard.SetupCompleteActivity paused=true}
06-28 17:37:35.468   151   478 I ActivityManager: Start proc com.android.launcher for activity com.android.launcher/com.android.launcher2.Launcher: pid=1580 uid=10025 gids={}
06-28 17:37:35.472   617   617 D OpenGLRenderer: Flushing caches (mode 1)
06-28 17:37:35.472   151   590 I ActivityManager: No longer want com.google.android.googlequicksearchbox (pid 1185): hidden #16
06-28 17:37:35.550  1580  1580 I ActivityThread: Pub com.android.launcher2.settings: com.android.launcher2.LauncherProvider
06-28 17:37:35.764  1580  1582 D dalvikvm: GC_CONCURRENT freed 271K, 4% free 9285K/9607K, paused 3ms+3ms
06-28 17:37:35.979  1580  1580 D dalvikvm: GC_FOR_ALLOC freed 103K, 2% free 9552K/9735K, paused 23ms
06-28 17:37:35.983  1580  1580 I dalvikvm-heap: Grow heap (frag case) to 10.769MB for 1440016-byte allocation
06-28 17:37:35.995   151   167 I Process : Sending signal. PID: 1580 SIG: 3
06-28 17:37:35.999  1580  1584 I dalvikvm: threadid=3: reacting to signal 3
06-28 17:37:36.018  1580  1596 D dalvikvm: GC_FOR_ALLOC freed 11K, 2% free 10946K/11143K, paused 21ms
06-28 17:37:36.050  1580  1584 I dalvikvm: Wrote stack traces to '/data/anr/traces.txt'
06-28 17:37:36.085  1580  1582 D dalvikvm: GC_CONCURRENT freed <1K, 2% free 10946K/11143K, paused 1ms+3ms
06-28 17:37:36.229   388   388 D PhoneStatusBar: disable: < expand icons alerts ticker system_info back* home recent clock >
06-28 17:37:36.237  1580  1580 D libEGL  : loaded /system/lib/egl/libGLES_android.so
06-28 17:37:36.249  1580  1580 D libEGL  : loaded /vendor/lib/egl/libEGL_POWERVR_SGX540_120.so
06-28 17:37:36.261  1580  1580 D libEGL  : loaded /vendor/lib/egl/libGLESv1_CM_POWERVR_SGX540_120.so
06-28 17:37:36.261  1580  1580 D libEGL  : loaded /vendor/lib/egl/libGLESv2_POWERVR_SGX540_120.so
06-28 17:37:36.307  1580  1580 D OpenGLRenderer: Enabling debug mode 0
06-28 17:37:36.311   151   373 W InputManagerService: Got RemoteException sending setActive(false) notification to pid 551 uid 10040
06-28 17:37:36.370  1580  1580 D dalvikvm: GC_FOR_ALLOC freed 243K, 4% free 11180K/11527K, paused 21ms
06-28 17:37:36.374  1580  1580 I dalvikvm-heap: Grow heap (frag case) to 12.381MB for 1463056-byte allocation
06-28 17:37:36.401  1580  1582 D dalvikvm: GC_CONCURRENT freed 14K, 4% free 12594K/12999K, paused 2ms+2ms
06-28 17:37:36.499   151   167 I Process : Sending signal. PID: 1580 SIG: 3
06-28 17:37:36.499  1580  1584 I dalvikvm: threadid=3: reacting to signal 3
06-28 17:37:36.503  1580  1584 I dalvikvm: Wrote stack traces to '/data/anr/traces.txt'
06-28 17:37:36.569    82   122 D AudioHardware: AudioHardware pcm playback is going to standby.
06-28 17:37:36.569    82   122 D AudioHardware: closePcmOut_l() mPcmOpenCnt: 1
06-28 17:37:36.577   151   201 I ActivityManager: Displayed com.android.launcher/com.android.launcher2.Launcher: +1s130ms
06-28 17:37:36.667   536   538 D dalvikvm: GC_CONCURRENT freed 360K, 6% free 9922K/10503K, paused 76ms+18ms
06-28 17:37:36.753  1580  1580 D dalvikvm: GC_FOR_ALLOC freed 1434K, 14% free 11972K/13895K, paused 21ms
06-28 17:37:36.901   661   662 D dalvikvm: GC_CONCURRENT freed 545K, 6% free 10665K/11335K, paused 17ms+5ms
06-28 17:37:37.057   585   981 D dalvikvm: GC_EXPLICIT freed 680K, 10% free 9582K/10567K, paused 11ms+14ms
06-28 17:37:37.417   585   588 D dalvikvm: GC_CONCURRENT freed 119K, 7% free 9848K/10567K, paused 5ms+3ms
06-28 17:37:37.694   151   595 D dalvikvm: GC_EXPLICIT freed 324K, 9% free 12036K/13191K, paused 3ms+4ms
06-28 17:37:37.792  1580  1582 D dalvikvm: GC_CONCURRENT freed 180K, 9% free 12653K/13895K, paused 2ms+3ms
06-28 17:37:37.991   585   588 D dalvikvm: GC_CONCURRENT freed 306K, 7% free 9932K/10567K, paused 2ms+3ms
06-28 17:37:38.155  1580  1580 D dalvikvm: GC_FOR_ALLOC freed 351K, 8% free 12902K/13895K, paused 20ms
06-28 17:37:38.159  1580  1580 I dalvikvm-heap: Grow heap (frag case) to 14.064MB for 1463056-byte allocation
06-28 17:37:38.194  1580  1582 D dalvikvm: GC_CONCURRENT freed 9K, 7% free 14321K/15367K, paused 2ms+3ms
06-28 17:37:38.280    82   122 D AudioHardware: AudioHardware pcm playback is exiting standby.
06-28 17:37:38.280    82   122 D AudioHardware: openPcmOut_l() mPcmOpenCnt: 0
06-28 17:37:38.300  1580  1580 D dalvikvm: GC_FOR_ALLOC freed 1432K, 17% free 12896K/15367K, paused 23ms
06-28 17:37:38.300  1580  1580 I dalvikvm-heap: Grow heap (frag case) to 14.058MB for 1463056-byte allocation
06-28 17:37:38.366  1580  1582 D dalvikvm: GC_CONCURRENT freed <1K, 7% free 14325K/15367K, paused 3ms+35ms
06-28 17:37:38.464  1580  1593 D Launcher.Model: going to save icon bitmap for info=ShortcutInfo(title=Messaging)
06-28 17:37:38.542  1580  1593 D Launcher.Model: going to save icon bitmap for info=ShortcutInfo(title=People)
06-28 17:37:38.600  1580  1593 D Launcher.Model: going to save icon bitmap for info=ShortcutInfo(title=Settings)
06-28 17:37:38.663  1580  1593 D Launcher.Model: going to save icon bitmap for info=ShortcutInfo(title=Phone)
06-28 17:37:38.714  1580  1593 D Launcher.Model: going to save icon bitmap for info=ShortcutInfo(title=Camera)
06-28 17:37:38.764  1580  1593 D Launcher.Model: going to save icon bitmap for info=ShortcutInfo(title=Browser)
06-28 17:37:38.925   585   588 D dalvikvm: GC_CONCURRENT freed 369K, 6% free 9952K/10567K, paused 2ms+3ms
06-28 17:37:39.214   585   588 D dalvikvm: GC_CONCURRENT freed 337K, 6% free 10012K/10567K, paused 2ms+3ms
06-28 17:37:39.639   661   662 D dalvikvm: GC_CONCURRENT freed 429K, 6% free 10695K/11335K, paused 3ms+5ms
06-28 17:37:39.847   585   588 D dalvikvm: GC_CONCURRENT freed 718K, 8% free 9736K/10567K, paused 2ms+4ms
06-28 17:37:40.073   585   588 D dalvikvm: GC_CONCURRENT freed 241K, 7% free 9882K/10567K, paused 2ms+2ms
06-28 17:37:40.327   585   588 D dalvikvm: GC_CONCURRENT freed 340K, 7% free 9932K/10567K, paused 2ms+19ms
06-28 17:37:41.038   585   588 D dalvikvm: GC_CONCURRENT freed 348K, 6% free 9969K/10567K, paused 5ms+5ms
06-28 17:37:41.600  1580  1580 D dalvikvm: GC_FOR_ALLOC freed 2285K, 16% free 13373K/15751K, paused 40ms
06-28 17:37:41.632  1580  1605 D dalvikvm: GC_FOR_ALLOC freed 3K, 7% free 14798K/15751K, paused 21ms
06-28 17:37:41.722  1580  1582 D dalvikvm: GC_CONCURRENT freed 36K, 6% free 15894K/16839K, paused 1ms+11ms
06-28 17:37:42.011  1580  1607 D dalvikvm: GC_FOR_ALLOC freed 3012K, 21% free 14023K/17735K, paused 27ms
06-28 17:37:42.155  1580  1582 D dalvikvm: GC_CONCURRENT freed 50K, 12% free 15624K/17735K, paused 3ms+8ms
06-28 17:37:42.350  1580  1607 D dalvikvm: GC_FOR_ALLOC freed 1785K, 16% free 15017K/17735K, paused 33ms
06-28 17:37:42.507   585   588 D dalvikvm: GC_CONCURRENT freed 341K, 6% free 10013K/10567K, paused 26ms+4ms
06-28 17:37:42.643   536   538 D dalvikvm: GC_CONCURRENT freed 442K, 6% free 9931K/10503K, paused 2ms+3ms
06-28 17:37:42.827   661   662 D dalvikvm: GC_CONCURRENT freed 439K, 6% free 10729K/11335K, paused 2ms+3ms
06-28 17:37:42.948    82   674 E MetadataRetrieverClient: failed to extract an album art
06-28 17:37:43.038   585   588 D dalvikvm: GC_CONCURRENT freed 612K, 7% free 9843K/10567K, paused 3ms+5ms
06-28 17:37:43.272  1580  1580 D dalvikvm: GC_FOR_ALLOC freed 1988K, 19% free 14521K/17735K, paused 20ms
06-28 17:37:43.276  1580  1580 I dalvikvm-heap: Grow heap (frag case) to 15.645MB for 1463056-byte allocation
06-28 17:37:43.300  1580  1580 D dalvikvm: GC_FOR_ALLOC freed 4K, 17% free 15946K/19207K, paused 22ms
06-28 17:37:43.397  1580  1580 D dalvikvm: GC_FOR_ALLOC freed 1429K, 25% free 14518K/19207K, paused 23ms
06-28 17:37:43.663   585   588 D dalvikvm: GC_CONCURRENT freed 302K, 7% free 9928K/10567K, paused 3ms+3ms
06-28 17:37:43.870   487   487 I RegisteredComponentCache: ComponentInfo: ResolveInfo{413623d8 com.android.apps.tag.TagViewer p=0 o=0 m=0x108000}, techs: android.nfc.tech.Ndef, 
06-28 17:37:43.878  1419  1419 I VoiceActionsFactory: Applications list changed, recalculating supported actions
06-28 17:37:43.878   151   167 D PackageManager: generateServicesMap(android.accounts.AccountAuthenticator): 3 services unchanged
06-28 17:37:44.030   151   167 D PackageManager: generateServicesMap(android.content.SyncAdapter): 9 services unchanged
06-28 17:37:44.093   151   162 I ActivityManager: Start proc com.android.voicedialer for broadcast com.android.voicedialer/.VoiceDialerReceiver: pid=1609 uid=10048 gids={3002}
06-28 17:37:44.175   151   503 I ActivityManager: Start proc com.google.android.googlequicksearchbox for broadcast com.google.android.googlequicksearchbox/.SourceUpdateReceiver: pid=1622 uid=10021 gids={3003}
06-28 17:37:44.175   151   503 I ActivityManager: No longer want com.android.quicksearchbox (pid 1199): hidden #16
06-28 17:37:44.218  1622  1622 I ActivityThread: Pub com.google.android.googlequicksearchbox.shortcuts: com.google.android.googlequicksearchbox.WebHistoryProvider
06-28 17:37:44.218  1622  1622 I ActivityThread: Pub com.google.android.googlequicksearchbox.google: com.google.android.googlequicksearchbox.google.GoogleSuggestionProvider
06-28 17:37:44.229   151   593 I ActivityManager: No longer want com.google.android.inputmethod.latin.dictionarypack (pid 1341): hidden #16
06-28 17:37:44.448   151   154 D dalvikvm: GC_CONCURRENT freed 608K, 9% free 12076K/13191K, paused 3ms+4ms
06-28 17:37:44.526  1580  1582 D dalvikvm: GC_CONCURRENT freed 4712K, 40% free 11569K/19207K, paused 2ms+5ms
06-28 17:37:44.538  1136  1138 D dalvikvm: GC_CONCURRENT freed 473K, 6% free 9311K/9863K, paused 3ms+133ms
06-28 17:37:44.554  1243  1260 I PhoneLab-: Service Running
06-28 17:37:44.784  1580  1639 D dalvikvm: GC_FOR_ALLOC freed 433K, 39% free 11807K/19207K, paused 28ms
06-28 17:37:44.847  1580  1582 D dalvikvm: GC_CONCURRENT freed 11K, 34% free 12699K/19207K, paused 2ms+7ms
06-28 17:37:44.968  1580  1594 D dalvikvm: GC_FOR_ALLOC freed 974K, 38% free 11990K/19207K, paused 21ms
06-28 17:37:44.968  1580  1594 I dalvikvm-heap: Grow heap (frag case) to 13.004MB for 1286224-byte allocation
06-28 17:37:45.011  1580  1605 D dalvikvm: GC_FOR_ALLOC freed 2K, 32% free 13243K/19207K, paused 40ms
06-28 17:37:45.069  1243  1260 I PhoneLab-LoggerService: app_36    1264  1243  1800   1428  c00f181c 400107b4 S logcat
06-28 17:37:45.104  1580  1582 D dalvikvm: GC_CONCURRENT freed 2K, 27% free 14077K/19207K, paused 2ms+4ms
06-28 17:37:45.186  1243  1260 I PhoneLab-LoggerService: Logcat pid from database 1264
06-28 17:37:45.186  1243  1260 I PhoneLab-LoggerService: Logcat process found 1264
06-28 17:37:45.186  1243  1260 I PhoneLab-LoggerService: Checking Threshold
06-28 17:37:45.190  1243  1260 I PhoneLab-LoggerService: Starting to rename files
06-28 17:37:45.190  1243  1260 I PhoneLab-LoggerService: Files found .. 2
06-28 17:37:45.190  1243  1260 I PhoneLab-LoggerService: File 1 log.out.1
06-28 17:37:45.222  1243  1260 I PhoneLab-LoggerService: Renamed successfully
06-28 17:37:45.276  1243  1246 D dalvikvm: GC_CONCURRENT freed 916K, 20% free 9163K/11399K, paused 39ms+9ms
06-28 17:37:45.511  1580  1582 D dalvikvm: GC_CONCURRENT freed 2947K, 34% free 12743K/19207K, paused 3ms+4ms
06-28 17:37:45.636   585   588 D dalvikvm: GC_CONCURRENT freed 365K, 6% free 9950K/10567K, paused 3ms+2ms
06-28 17:37:46.456    82   122 D AudioHardware: AudioHardware pcm playback is going to standby.
06-28 17:37:46.456    82   122 D AudioHardware: closePcmOut_l() mPcmOpenCnt: 1
06-28 17:37:47.300   585   588 D dalvikvm: GC_CONCURRENT freed 362K, 6% free 9974K/10567K, paused 6ms+4ms
06-28 17:37:48.327   661   662 D dalvikvm: GC_CONCURRENT freed 467K, 6% free 10752K/11335K, paused 2ms+4ms
06-28 17:37:48.429   585   588 D dalvikvm: GC_CONCURRENT freed 771K, 10% free 9598K/10567K, paused 4ms+8ms
06-28 17:37:48.667   585   588 D dalvikvm: GC_CONCURRENT freed 136K, 7% free 9850K/10567K, paused 2ms+2ms
06-28 17:37:48.905   536   538 D dalvikvm: GC_CONCURRENT freed 423K, 6% free 9951K/10503K, paused 1ms+5ms
06-28 17:37:48.909   585   588 D dalvikvm: GC_CONCURRENT freed 303K, 7% free 9933K/10567K, paused 2ms+6ms
06-28 17:37:49.136   585   588 D dalvikvm: GC_CONCURRENT freed 369K, 6% free 9954K/10567K, paused 2ms+2ms
06-28 17:37:49.378   585   588 D dalvikvm: GC_CONCURRENT freed 340K, 6% free 10009K/10567K, paused 2ms+12ms
06-28 17:37:49.378    82   122 D AudioHardware: AudioHardware pcm playback is exiting standby.
06-28 17:37:49.378    82   122 D AudioHardware: openPcmOut_l() mPcmOpenCnt: 0
06-28 17:37:49.472   151   595 I ActivityManager: START {act=android.intent.action.MAIN cat=[android.intent.category.LAUNCHER] flg=0x10200000 cmp=edu.buffalo.cse.phonelab.phonelabservices/.PhoneLabMainView} from pid 1580
06-28 17:37:49.628  1243  1243 I PhoneLab-PhoneLabMainView: Rescheduling periodic checking...
06-28 17:37:49.628  1243  1243 I System.out: /data/data/edu.buffalo.cse.phonelab.phonelabservices
06-28 17:37:49.679  1243  1243 D libEGL  : loaded /system/lib/egl/libGLES_android.so
06-28 17:37:49.686  1243  1243 D libEGL  : loaded /vendor/lib/egl/libEGL_POWERVR_SGX540_120.so
06-28 17:37:49.690  1243  1243 D libEGL  : loaded /vendor/lib/egl/libGLESv1_CM_POWERVR_SGX540_120.so
06-28 17:37:49.694  1243  1243 D libEGL  : loaded /vendor/lib/egl/libGLESv2_POWERVR_SGX540_120.so
06-28 17:37:49.772  1243  1243 D OpenGLRenderer: Enabling debug mode 0
06-28 17:37:49.796  1580  1580 D OpenGLRenderer: Flushing caches (mode 1)
06-28 17:37:49.972   151   201 I ActivityManager: Displayed edu.buffalo.cse.phonelab.phonelabservices/.PhoneLabMainView: +461ms
06-28 17:37:49.991  1580  1580 D OpenGLRenderer: Flushing caches (mode 0)
06-28 17:37:50.104   151   785 W InputManagerService: Starting input on non-focused client com.android.internal.view.IInputMethodClient$Stub$Proxy@413effd8 (uid=10025 pid=1580)
06-28 17:37:50.604   661   662 D dalvikvm: GC_CONCURRENT freed 480K, 6% free 10787K/11399K, paused 2ms+3ms
06-28 17:37:50.690   585   588 D dalvikvm: GC_CONCURRENT freed 719K, 8% free 9743K/10567K, paused 2ms+2ms
06-28 17:37:50.940   151   593 D dalvikvm: GC_EXPLICIT freed 335K, 8% free 12180K/13191K, paused 3ms+4ms
06-28 17:37:50.995   585   588 D dalvikvm: GC_CONCURRENT freed 243K, 7% free 9890K/10567K, paused 2ms+2ms
06-28 17:37:51.241   585   588 D dalvikvm: GC_CONCURRENT freed 341K, 6% free 9934K/10567K, paused 3ms+3ms
06-28 17:37:51.444   585   588 D dalvikvm: GC_CONCURRENT freed 356K, 6% free 9967K/10567K, paused 2ms+3ms
06-28 17:37:51.639   585   588 D dalvikvm: GC_CONCURRENT freed 335K, 6% free 10023K/10567K, paused 2ms+3ms
06-28 17:37:52.475    82   122 D AudioHardware: AudioHardware pcm playback is going to standby.
06-28 17:37:52.475    82   122 D AudioHardware: closePcmOut_l() mPcmOpenCnt: 1
06-28 17:37:52.628   585   588 D dalvikvm: GC_CONCURRENT freed 639K, 8% free 9813K/10567K, paused 2ms+2ms
06-28 17:37:52.909   585   588 D dalvikvm: GC_CONCURRENT freed 287K, 7% free 9917K/10567K, paused 2ms+3ms
06-28 17:37:53.097   585   588 D dalvikvm: GC_CONCURRENT freed 359K, 6% free 9947K/10567K, paused 2ms+3ms
06-28 17:37:53.284   585   588 D dalvikvm: GC_CONCURRENT freed 348K, 6% free 9986K/10567K, paused 2ms+3ms
06-28 17:37:54.241   151   151 W ResourceType: Invalid package identifier when getting bag for resource number 0x7f0c0008
06-28 17:37:54.280   388   389 D dalvikvm: GC_CONCURRENT freed 400K, 8% free 9637K/10375K, paused 1ms+3ms
06-28 17:37:54.503   151   206 I ActivityManager: START {act=android.intent.action.MAIN cat=[android.intent.category.HOME] flg=0x10200000 cmp=com.android.launcher/com.android.launcher2.Launcher} from pid 151
06-28 17:37:54.667  1580  1582 D dalvikvm: GC_CONCURRENT freed 2330K, 40% free 11540K/19207K, paused 1ms+14ms
06-28 17:37:54.706  1243  1243 D OpenGLRenderer: Flushing caches (mode 0)
06-28 17:37:54.764  1243  1243 D OpenGLRenderer: Flushing caches (mode 1)
06-28 17:37:54.847   661   662 D dalvikvm: GC_CONCURRENT freed 422K, 5% free 10882K/11399K, paused 6ms+3ms
06-28 17:37:54.936   536   538 D dalvikvm: GC_CONCURRENT freed 410K, 6% free 9962K/10503K, paused 3ms+4ms
06-28 17:37:55.292   585   588 D dalvikvm: GC_CONCURRENT freed 785K, 9% free 9666K/10567K, paused 7ms+3ms
06-28 17:37:55.608   585   588 D dalvikvm: GC_CONCURRENT freed 200K, 7% free 9859K/10567K, paused 2ms+3ms
06-28 17:37:55.991   585   588 D dalvikvm: GC_CONCURRENT freed 318K, 7% free 9927K/10567K, paused 1ms+6ms
06-28 17:37:56.628   585   588 D dalvikvm: GC_CONCURRENT freed 359K, 6% free 9958K/10567K, paused 6ms+3ms
06-28 17:37:57.198   585   588 D dalvikvm: GC_CONCURRENT freed 342K, 6% free 10008K/10567K, paused 4ms+7ms
06-28 17:37:57.987   661   662 D dalvikvm: GC_CONCURRENT freed 703K, 8% free 10698K/11527K, paused 4ms+4ms
06-28 17:37:58.112   536   538 D dalvikvm: GC_CONCURRENT freed 391K, 6% free 9978K/10503K, paused 7ms+3ms
06-28 17:37:58.487   585   723 D dalvikvm: GC_EXPLICIT freed 691K, 9% free 9682K/10567K, paused 9ms+9ms
06-28 17:37:58.870   585   588 D dalvikvm: GC_CONCURRENT freed 190K, 7% free 9887K/10567K, paused 7ms+3ms
06-28 17:37:59.452   585   588 D dalvikvm: GC_CONCURRENT freed 327K, 6% free 9944K/10567K, paused 4ms+13ms
06-28 17:37:59.636  1243  1243 I PhoneLab-Locks: wake lock acquired
06-28 17:37:59.651  1243  1648 W PhoneLab-PeriodicCheckService: User info is not synched yet
06-28 17:37:59.675  1243  1648 I PhoneLab-PeriodicCheckService: Logger Service is running
06-28 17:37:59.694  1243  1243 I PhoneLab-Locks: wake lock acquired
06-28 17:37:59.702  1243  1243 I PhoneLab-StatusMonitor: Status Monitoring is started
06-28 17:37:59.722  1243  1648 I PhoneLab-Locks: wake lock acquired
06-28 17:37:59.725  1243  1243 E PhoneLab-PhoneLabManifest: java.io.FileNotFoundException: /data/data/edu.buffalo.cse.phonelab.phonelabservices/files/manifest.xml: open failed: ENOENT (No such file or directory)
06-28 17:37:59.725  1243  1243 I PhoneLab-Locks: wake lock released
06-28 17:37:59.745  1243  1246 D dalvikvm: GC_CONCURRENT freed 105K, 17% free 9480K/11399K, paused 4ms+2ms
06-28 17:37:59.761  1243  1648 I PhoneLab-PeriodicCheckService: Rescheduling periodic checking...
06-28 17:37:59.764  1243  1648 I PhoneLab-Locks: wake lock released
06-28 17:37:59.764  1243  1243 I PhoneLab-UploadLogs: Transfering log files now
06-28 17:37:59.866  1243  1246 D dalvikvm: GC_CONCURRENT freed 338K, 16% free 9585K/11399K, paused 2ms+2ms
06-28 17:37:59.909  1243  1243 D dalvikvm: GC_FOR_ALLOC freed 184K, 15% free 9769K/11399K, paused 40ms
06-28 17:37:59.936  1243  1243 I PhoneLab-UploadLogs: OnStartCommand
06-28 17:38:00.108  1243  1246 D dalvikvm: GC_CONCURRENT freed 302K, 13% free 9979K/11399K, paused 6ms+17ms
06-28 17:38:00.214  1243  1652 D dalvikvm: GC_FOR_ALLOC freed 305K, 13% free 10000K/11399K, paused 64ms
06-28 17:38:00.304  1243  1652 D dalvikvm: GC_FOR_ALLOC freed 301K, 13% free 10001K/11399K, paused 67ms
06-28 17:38:00.366  1243  1652 D dalvikvm: GC_FOR_ALLOC freed 301K, 13% free 10002K/11399K, paused 58ms
06-28 17:38:00.366  1243  1243 I PhoneLab-RegistrationReceiver: C2DM Registration Receiver is fired
06-28 17:38:00.366  1243  1243 I PhoneLab-Locks: wake lock acquired
06-28 17:38:00.425  1243  1243 I PhoneLab-RegistrationReceiver: Shared Preferences Settings updated successfully
06-28 17:38:00.425  1243  1246 D dalvikvm: GC_CONCURRENT freed 96K, 9% free 10397K/11399K, paused 4ms+2ms
06-28 17:38:00.456  1243  1654 I PhoneLab-RegistrationService: C2DM Registration Service is started!
06-28 17:38:00.456  1243  1654 I PhoneLab-RegistrationService: Registration Id: APA91bE8QH0jVark9Ulb_3aC437n749GdzQq41hRjcisgT1suSzpKzkBxIHegP-vh_L96nC_d0NnQuyiU9-xQHkb0evUC6umAmvcoq5BvbyJIwz891enx7a-idh563qeZcCfN2zzapeTlf_1ENri-pyVf1VFlpeq29RRaUe41ZLxQEID1ukqzA6m46JiCRSVpUmYns9n3RY6
06-28 17:38:00.456  1243  1654 I PhoneLab-RegistrationService: Sending registration ID to server
06-28 17:38:00.643  1243  1243 I PhoneLab-: 1340919465195.log is deleted
06-28 17:38:00.643  1243  1243 I PhoneLab-: Response: {"data": "done", "err": ""}
06-28 17:38:00.643  1243  1243 I PhoneLab-UploadLogs: No log files to transfer
06-28 17:38:00.643  1243  1243 I PhoneLab-Locks: wake lock released
06-28 17:38:00.663  1243  1654 I PhoneLab-RegistrationService: {"data": {"id": "A000002A28D8AC", "email": "phonelab@gmail.com", "reg_id": "APA91bE8QH0jVark9Ulb_3aC437n749GdzQq41hRjcisgT1suSzpKzkBxIHegP-vh_L96nC_d0NnQuyiU9-xQHkb0evUC6umAmvcoq5BvbyJIwz891enx7a-idh563qeZcCfN2zzapeTlf_1ENri-pyVf1VFlpeq29RRaUe41ZLxQEID1ukqzA6m46JiCRSVpUmYns9n3RY6", "collapse_key": "", "last_messaged": "", "failed_push": false, "update_interval": "10", "active": "E", "created": "2012-06-08T13:02:40", "updated": "2012-06-08T13:02:40"}, "error": ""}
06-28 17:38:00.682   661   662 D dalvikvm: GC_CONCURRENT freed 321K, 6% free 10858K/11527K, paused 2ms+35ms
06-28 17:38:00.710  1243  1654 I PhoneLab-RegistrationService: Shared Preferences Settings updated successfully
06-28 17:38:00.710  1243  1654 I PhoneLab-RegistrationService: C2DM Registration Service is done!
06-28 17:38:00.710  1243  1654 I PhoneLab-Locks: wake lock released
06-28 17:38:00.952   661   753 D androidNetworkLocationListeners: Still have listener com.google.android.location.internal.client.NetworkLocationClient$1@413a7208
06-28 17:38:00.952   661   753 D androidNetworkLocationListeners: Still have listener com.google.android.location.internal.client.NetworkLocationClient$1@413a7208
06-28 17:38:01.136   151   154 D dalvikvm: GC_CONCURRENT freed 651K, 8% free 12194K/13191K, paused 7ms+8ms
06-28 17:38:01.319   585   588 D dalvikvm: GC_CONCURRENT freed 380K, 6% free 9954K/10567K, paused 4ms+4ms
06-28 17:38:01.772   585   588 D dalvikvm: GC_CONCURRENT freed 333K, 6% free 10023K/10567K, paused 4ms+9ms
06-28 17:38:02.815   661   662 D dalvikvm: GC_CONCURRENT freed 629K, 7% free 10793K/11527K, paused 3ms+8ms
06-28 17:38:03.018   536   538 D dalvikvm: GC_CONCURRENT freed 374K, 5% free 9997K/10503K, paused 4ms+5ms
06-28 17:38:03.233   585   588 D dalvikvm: GC_CONCURRENT freed 747K, 9% free 9707K/10567K, paused 5ms+4ms
06-28 17:38:03.597   585   588 D dalvikvm: GC_CONCURRENT freed 206K, 7% free 9887K/10567K, paused 2ms+2ms
06-28 17:38:04.011   151   151 D dalvikvm: GC_EXPLICIT freed 124K, 8% free 12170K/13191K, paused 3ms+5ms
06-28 17:38:04.409   585   588 D dalvikvm: GC_CONCURRENT freed 330K, 6% free 9944K/10567K, paused 278ms+4ms
06-28 17:38:04.694    82   122 D AudioHardware: AudioHardware pcm playback is exiting standby.
06-28 17:38:04.694    82   122 D AudioHardware: openPcmOut_l() mPcmOpenCnt: 0
06-28 17:38:04.917  1580  1582 D dalvikvm: GC_CONCURRENT freed 513K, 39% free 11746K/19207K, paused 2ms+4ms
06-28 17:38:05.046  1580  1582 D dalvikvm: GC_CONCURRENT freed 24K, 35% free 12625K/19207K, paused 2ms+8ms
06-28 17:38:05.136  1580  1607 D dalvikvm: GC_FOR_ALLOC freed 65K, 34% free 12712K/19207K, paused 25ms
06-28 17:38:05.139  1580  1607 I dalvikvm-heap: Grow heap (frag case) to 13.708MB for 1286224-byte allocation
06-28 17:38:05.296   585   588 D dalvikvm: GC_CONCURRENT freed 371K, 6% free 9958K/10567K, paused 2ms+5ms
06-28 17:38:05.378  1580  1580 D dalvikvm: GC_FOR_ALLOC freed 1K, 28% free 13966K/19207K, paused 223ms
06-28 17:38:05.511  1580  1582 D dalvikvm: GC_CONCURRENT freed 11K, 24% free 14739K/19207K, paused 3ms+4ms
06-28 17:38:05.815  1580  1594 D dalvikvm: GC_FOR_ALLOC freed 4054K, 36% free 12312K/19207K, paused 25ms
06-28 17:38:05.968  1580  1582 D dalvikvm: GC_CONCURRENT freed 97K, 31% free 13297K/19207K, paused 3ms+4ms
06-28 17:38:06.046  1580  1605 D dalvikvm: GC_FOR_ALLOC freed 688K, 30% free 13577K/19207K, paused 22ms
06-28 17:38:06.108  1580  1606 D dalvikvm: GC_FOR_ALLOC freed 638K, 26% free 14287K/19207K, paused 21ms
06-28 17:38:06.409   585   588 D dalvikvm: GC_CONCURRENT freed 333K, 6% free 10023K/10567K, paused 2ms+3ms
06-28 17:38:07.069   661   662 D dalvikvm: GC_CONCURRENT freed 491K, 7% free 10789K/11527K, paused 3ms+4ms
06-28 17:38:07.198   585   588 D dalvikvm: GC_CONCURRENT freed 792K, 9% free 9669K/10567K, paused 2ms+2ms
06-28 17:38:07.413   585   588 D dalvikvm: GC_CONCURRENT freed 184K, 7% free 9873K/10567K, paused 2ms+2ms
06-28 17:38:07.573   536   574 D skia    : --- SkImageDecoder::Factory returned null
06-28 17:38:07.675   585   588 D dalvikvm: GC_CONCURRENT freed 321K, 6% free 9937K/10567K, paused 2ms+3ms
06-28 17:38:07.784    82   122 D AudioHardware: AudioHardware pcm playback is going to standby.
06-28 17:38:07.784    82   122 D AudioHardware: closePcmOut_l() mPcmOpenCnt: 1
06-28 17:38:07.807   536   538 D dalvikvm: GC_CONCURRENT freed 403K, 6% free 10033K/10567K, paused 2ms+3ms
06-28 17:38:07.968   585   588 D dalvikvm: GC_CONCURRENT freed 370K, 6% free 9953K/10567K, paused 2ms+2ms
06-28 17:38:08.210   585   588 D dalvikvm: GC_CONCURRENT freed 334K, 6% free 10010K/10567K, paused 2ms+3ms
06-28 17:38:08.432    82   123 E MetadataRetrieverClient: failed to extract an album art
06-28 17:38:08.882   585   588 D dalvikvm: GC_CONCURRENT freed 804K, 9% free 9633K/10567K, paused 2ms+2ms
06-28 17:38:08.897   661   662 D dalvikvm: GC_CONCURRENT freed 460K, 7% free 10804K/11527K, paused 2ms+3ms
06-28 17:38:09.069   585   588 D dalvikvm: GC_CONCURRENT freed 156K, 7% free 9864K/10567K, paused 1ms+2ms
06-28 17:38:09.268   585   588 D dalvikvm: GC_CONCURRENT freed 320K, 6% free 9935K/10567K, paused 2ms+3ms
06-28 17:38:09.464   585   588 D dalvikvm: GC_CONCURRENT freed 368K, 6% free 9956K/10567K, paused 2ms+4ms
06-28 17:38:09.675   585   588 D dalvikvm: GC_CONCURRENT freed 353K, 6% free 9990K/10567K, paused 2ms+3ms
06-28 17:38:09.929   585   588 D dalvikvm: GC_CONCURRENT freed 383K, 6% free 10051K/10631K, paused 2ms+3ms
06-28 17:38:10.514    82   122 D AudioHardware: AudioHardware pcm playback is exiting standby.
06-28 17:38:10.514    82   122 D AudioHardware: openPcmOut_l() mPcmOpenCnt: 0
06-28 17:38:10.624   151   151 I ActivityManager: START {act=android.intent.action.MAIN cat=[android.intent.category.LAUNCHER] flg=0x10200000 cmp=com.android.vending/.AssetBrowserActivity} from pid 1580
06-28 17:38:10.706  1580  1580 D OpenGLRenderer: Flushing caches (mode 1)
06-28 17:38:10.893  1153  1155 D dalvikvm: GC_CONCURRENT freed 624K, 7% free 9736K/10439K, paused 3ms+4ms
06-28 17:38:10.964  1153  1170 D Volley  : [126] DiskBasedCache.clear: Cache cleared.
06-28 17:38:11.054  1153  1153 D OpenGLRenderer: Enabling debug mode 0
06-28 17:38:11.057  1153  1174 D Volley  : [130] DiskBasedCache.clear: Cache cleared.
06-28 17:38:11.061   151   373 I ActivityManager: START {cmp=com.android.vending/com.google.android.finsky.activities.FirstRunActivity} from pid 1153
06-28 17:38:11.151   151   373 D dalvikvm: GC_FOR_ALLOC freed 260K, 7% free 12386K/13191K, paused 58ms
06-28 17:38:11.159   151   167 I Process : Sending signal. PID: 1153 SIG: 3
06-28 17:38:11.159  1153  1158 I dalvikvm: threadid=3: reacting to signal 3
06-28 17:38:11.175  1580  1580 D OpenGLRenderer: Flushing caches (mode 0)
06-28 17:38:11.190  1153  1158 I dalvikvm: Wrote stack traces to '/data/anr/traces.txt'
06-28 17:38:11.460   151   154 D dalvikvm: GC_CONCURRENT freed 600K, 6% free 12579K/13319K, paused 4ms+6ms
06-28 17:38:11.659   151   167 W ActivityManager: Activity pause timeout for ActivityRecord{4166c758 com.android.vending/.AssetBrowserActivity}
06-28 17:38:11.667   151   167 I Process : Sending signal. PID: 1153 SIG: 3
06-28 17:38:11.679  1153  1158 I dalvikvm: threadid=3: reacting to signal 3
06-28 17:38:11.729  1153  1158 I dalvikvm: Wrote stack traces to '/data/anr/traces.txt'
06-28 17:38:11.761   151   590 W InputManagerService: Focus gain on non-focused client com.android.internal.view.IInputMethodClient$Stub$Proxy@413d27a0 (uid=10045 pid=1153)
06-28 17:38:11.932   151   201 I ActivityManager: Displayed com.android.vending/.AssetBrowserActivity: +1s272ms
06-28 17:38:11.972  1153  1153 D dalvikvm: GC_FOR_ALLOC freed 263K, 7% free 9812K/10439K, paused 22ms
06-28 17:38:11.975  1153  1153 I dalvikvm-heap: Grow heap (frag case) to 10.651MB for 1048592-byte allocation
06-28 17:38:12.011  1153  1155 D dalvikvm: GC_CONCURRENT freed 7K, 7% free 10829K/11527K, paused 2ms+2ms
06-28 17:38:12.057  1153  1153 D dalvikvm: GC_FOR_ALLOC freed 5K, 6% free 10845K/11527K, paused 19ms
06-28 17:38:12.057  1153  1153 I dalvikvm-heap: Grow heap (frag case) to 10.812MB for 160016-byte allocation
06-28 17:38:12.085  1153  1153 D dalvikvm: GC_FOR_ALLOC freed 1K, 7% free 11001K/11719K, paused 19ms
06-28 17:38:12.155   585   588 D dalvikvm: GC_CONCURRENT freed 634K, 8% free 9863K/10631K, paused 18ms+5ms
06-28 17:38:12.163  1153  1153 D OpenGLRenderer: Flushing caches (mode 0)
06-28 17:38:12.198   151   593 W InputManagerService: Starting input on non-focused client com.android.internal.view.IInputMethodClient$Stub$Proxy@413effd8 (uid=10025 pid=1580)
06-28 17:38:12.268   151   201 I ActivityManager: Displayed com.android.vending/com.google.android.finsky.activities.FirstRunActivity: +536ms
06-28 17:38:12.452   661   662 D dalvikvm: GC_CONCURRENT freed 478K, 7% free 10802K/11527K, paused 5ms+7ms
06-28 17:38:12.831   585   588 D dalvikvm: GC_CONCURRENT freed 301K, 7% free 9951K/10631K, paused 6ms+3ms
06-28 17:38:13.089   585   588 D dalvikvm: GC_CONCURRENT freed 390K, 7% free 9951K/10631K, paused 2ms+2ms
06-28 17:38:13.386   585   588 D dalvikvm: GC_CONCURRENT freed 348K, 7% free 9991K/10631K, paused 5ms+9ms
06-28 17:38:13.565   151   590 I ActivityManager: START {act=android.intent.action.MAIN cat=[android.intent.category.LAUNCHER] flg=0x10000000 pkg=com.android.vending cmp=com.android.vending/.AssetBrowserActivity} from pid 1153
06-28 17:38:13.784   617   617 D OpenGLRenderer: Flushing caches (mode 1)
06-28 17:38:13.819   151   201 I ActivityManager: Displayed com.android.vending/.AssetBrowserActivity: +220ms
06-28 17:38:13.827  1153  1153 D OpenGLRenderer: Flushing caches (mode 0)
06-28 17:38:14.233   151   163 D dalvikvm: GC_EXPLICIT freed 708K, 9% free 12405K/13511K, paused 7ms+6ms
06-28 17:38:14.276   617   617 D OpenGLRenderer: Flushing caches (mode 1)
06-28 17:38:14.296  1153  1153 D Finsky  : [1] DownloadImpl.setState: self-update-download from null to UNQUEUED.
06-28 17:38:14.296  1153  1153 D Finsky  : [1] DownloadQueueImpl.add: Download self-update-download added to DownloadQueue
06-28 17:38:14.300  1153  1153 D Finsky  : [1] DownloadImpl.setState: self-update-download from UNQUEUED to QUEUED.
06-28 17:38:14.323    84    84 I installd: free_cache(0) avail 981262336
06-28 17:38:14.374   536   538 D dalvikvm: GC_CONCURRENT freed 375K, 5% free 10059K/10567K, paused 4ms+2ms
06-28 17:38:14.550   585   588 D dalvikvm: GC_CONCURRENT freed 335K, 6% free 10042K/10631K, paused 6ms+10ms
06-28 17:38:14.952  1153  1155 D dalvikvm: GC_CONCURRENT freed 387K, 5% free 11199K/11719K, paused 5ms+14ms
06-28 17:38:15.456  1153  1153 D Finsky  : [1] DownloadQueueImpl.startDownload: Download self-update-download starting
06-28 17:38:15.475   151   785 I ActivityManager: START {flg=0x4000000 cmp=com.android.vending/com.google.android.finsky.activities.TosActivity (has extras)} from pid 1153
06-28 17:38:15.593  1153  1153 D Finsky  : [1] DownloadImpl.setState: self-update-download from QUEUED to DOWNLOADING.
06-28 17:38:15.593  1153  1153 D Finsky  : [1] DownloadQueueImpl.notifyProgress: self-update-download: onProgress 0/-1 Status: 190.
06-28 17:38:15.628  1153  1153 D Finsky  : [1] DownloadQueueImpl.onStart: self-update-download: onStart
06-28 17:38:15.722   151   201 I ActivityManager: Displayed com.android.vending/com.google.android.finsky.activities.TosActivity: +201ms
06-28 17:38:15.886  1153  1153 D Finsky  : [1] DownloadQueueImpl.notifyProgress: self-update-download: onProgress 0/-1 Status: 192.
06-28 17:38:15.932   536  1666 I DownloadManager: Initiating request for download 3
06-28 17:38:16.370   661   662 D dalvikvm: GC_CONCURRENT freed 501K, 7% free 10797K/11527K, paused 2ms+4ms
06-28 17:38:16.550   585   588 D dalvikvm: GC_CONCURRENT freed 689K, 9% free 9751K/10631K, paused 3ms+3ms
06-28 17:38:16.643    82   122 D AudioHardware: AudioHardware pcm playback is going to standby.
06-28 17:38:16.643    82   122 D AudioHardware: closePcmOut_l() mPcmOpenCnt: 1
06-28 17:38:16.722   536   538 D dalvikvm: GC_CONCURRENT freed 347K, 5% free 10150K/10631K, paused 2ms+12ms
06-28 17:38:17.011   585   588 D dalvikvm: GC_CONCURRENT freed 225K, 7% free 9913K/10631K, paused 5ms+12ms
06-28 17:38:17.374   585   588 D dalvikvm: GC_CONCURRENT freed 348K, 7% free 9951K/10631K, paused 2ms+3ms
06-28 17:38:17.628   585   588 D dalvikvm: GC_CONCURRENT freed 373K, 7% free 9967K/10631K, paused 3ms+7ms
06-28 17:38:17.897   585   588 D dalvikvm: GC_CONCURRENT freed 334K, 6% free 10031K/10631K, paused 3ms+6ms
06-28 17:38:18.936   661   662 D dalvikvm: GC_CONCURRENT freed 465K, 7% free 10809K/11527K, paused 5ms+5ms
06-28 17:38:19.100   585   588 D dalvikvm: GC_CONCURRENT freed 764K, 10% free 9670K/10631K, paused 2ms+3ms
06-28 17:38:19.436   585   588 D dalvikvm: GC_CONCURRENT freed 174K, 8% free 9886K/10631K, paused 3ms+4ms
06-28 17:38:19.913   585   588 D dalvikvm: GC_CONCURRENT freed 325K, 7% free 9949K/10631K, paused 3ms+6ms
06-28 17:38:20.886   585   588 D dalvikvm: GC_CONCURRENT freed 378K, 7% free 9964K/10631K, paused 2ms+4ms
06-28 17:38:21.542   585   588 D dalvikvm: GC_CONCURRENT freed 343K, 6% free 10013K/10631K, paused 3ms+3ms
06-28 17:38:21.706   487   487 I RegisteredComponentCache: ComponentInfo: ResolveInfo{4134def8 com.android.apps.tag.TagViewer p=0 o=0 m=0x108000}, techs: android.nfc.tech.Ndef, 
06-28 17:38:21.714   151   167 D PackageManager: generateServicesMap(android.accounts.AccountAuthenticator): 3 services unchanged
06-28 17:38:21.741  1419  1419 I VoiceActionsFactory: Applications list changed, recalculating supported actions
06-28 17:38:21.772   151   167 D PackageManager: generateServicesMap(android.content.SyncAdapter): 9 services unchanged
06-28 17:38:21.964   151   154 D dalvikvm: GC_CONCURRENT freed 752K, 9% free 12414K/13511K, paused 3ms+5ms
06-28 17:38:22.003   151   502 I ActivityManager: Start proc com.android.quicksearchbox for broadcast com.android.quicksearchbox/.CorporaUpdateReceiver: pid=1675 uid=10039 gids={3003}
06-28 17:38:22.065  1675  1675 I ActivityThread: Pub com.android.quicksearchbox.google: com.android.quicksearchbox.google.GoogleSuggestionProvider
06-28 17:38:22.081  1675  1675 I ActivityThread: Pub com.android.quicksearchbox.shortcuts: com.android.quicksearchbox.ShortcutsProvider
06-28 17:38:22.108  1580  1580 I Launcher: setLoadOnResume
06-28 17:38:22.276  1580  1582 D dalvikvm: GC_CONCURRENT freed 4290K, 40% free 11684K/19207K, paused 3ms+13ms
06-28 17:38:22.889   536   538 D dalvikvm: GC_CONCURRENT freed 378K, 5% free 10183K/10695K, paused 2ms+2ms
06-28 17:38:23.202   585   588 D dalvikvm: GC_CONCURRENT freed 358K, 6% free 10042K/10631K, paused 3ms+11ms
06-28 17:38:24.159   585   588 D dalvikvm: GC_CONCURRENT freed 625K, 8% free 9830K/10631K, paused 3ms+5ms
06-28 17:38:24.413   585   600 D dalvikvm: GC_EXPLICIT freed 109K, 7% free 9889K/10631K, paused 2ms+2ms
06-28 17:38:25.350   585   588 D dalvikvm: GC_CONCURRENT freed 328K, 7% free 9952K/10631K, paused 2ms+4ms
06-28 17:38:25.882   585   588 D dalvikvm: GC_CONCURRENT freed 365K, 7% free 9972K/10631K, paused 2ms+3ms
06-28 17:38:26.202  1153  1153 D Finsky  : [1] DownloadQueueImpl.notifyProgress: self-update-download: onProgress 4000309/4000309 Status: 200.
06-28 17:38:26.218  1153  1153 D Finsky  : [1] DownloadBroadcastReceiver.onReceive: Intent received at DownloadBroadcastReceiver
06-28 17:38:26.284  1153  1153 D Finsky  : [1] DownloadImpl.setState: self-update-download from DOWNLOADING to SUCCESS.
06-28 17:38:26.288  1153  1153 D Finsky  : [1] DownloadQueueImpl.onComplete: self-update-download: onComplete
06-28 17:38:26.288  1153  1153 D Finsky  : [1] DownloadQueueImpl.remove: Download self-update-download removed from DownloadQueue
06-28 17:38:26.288  1153  1153 D Finsky  : [1] SelfUpdateScheduler.onComplete: Self-update ready to be installed, waiting for market to close.
06-28 17:38:26.292    84    84 I installd: free_cache(0) avail 977014784
06-28 17:38:26.507   585   588 D dalvikvm: GC_CONCURRENT freed 346K, 6% free 10015K/10631K, paused 3ms+3ms
06-28 17:38:26.745   536   538 D dalvikvm: GC_CONCURRENT freed 458K, 6% free 10170K/10759K, paused 2ms+4ms
06-28 17:38:27.272   661   662 D dalvikvm: GC_CONCURRENT freed 454K, 6% free 10889K/11527K, paused 3ms+3ms
06-28 17:38:27.421   585   588 D dalvikvm: GC_CONCURRENT freed 782K, 10% free 9631K/10631K, paused 2ms+7ms
06-28 17:38:27.725   585   588 D dalvikvm: GC_CONCURRENT freed 154K, 8% free 9872K/10631K, paused 2ms+3ms
06-28 17:38:27.995   151   151 D dalvikvm: GC_EXPLICIT freed 412K, 9% free 12343K/13511K, paused 3ms+6ms
06-28 17:38:28.139   585   588 D dalvikvm: GC_CONCURRENT freed 311K, 7% free 9954K/10631K, paused 2ms+2ms
06-28 17:38:28.432   585   588 D dalvikvm: GC_CONCURRENT freed 381K, 7% free 9959K/10631K, paused 2ms+3ms
06-28 17:38:28.679   585   588 D dalvikvm: GC_CONCURRENT freed 350K, 6% free 9997K/10631K, paused 3ms+3ms
06-28 17:38:28.956   585   588 D dalvikvm: GC_CONCURRENT freed 343K, 6% free 10039K/10631K, paused 6ms+4ms
06-28 17:38:29.729   661   662 D dalvikvm: GC_CONCURRENT freed 714K, 8% free 10702K/11527K, paused 3ms+4ms
06-28 17:38:30.026   585   588 D dalvikvm: GC_CONCURRENT freed 648K, 8% free 9787K/10631K, paused 2ms+3ms
06-28 17:38:30.397   585   588 D dalvikvm: GC_CONCURRENT freed 239K, 7% free 9934K/10631K, paused 4ms+4ms
06-28 17:38:30.487   536   538 D dalvikvm: GC_CONCURRENT freed 399K, 6% free 10159K/10759K, paused 5ms+2ms
06-28 17:38:30.761   585   588 D dalvikvm: GC_CONCURRENT freed 360K, 7% free 9963K/10631K, paused 2ms+3ms
06-28 17:38:31.093   585   588 D dalvikvm: GC_CONCURRENT freed 357K, 6% free 9997K/10631K, paused 3ms+3ms
06-28 17:38:31.507   585   588 D dalvikvm: GC_CONCURRENT freed 333K, 6% free 10058K/10631K, paused 2ms+5ms
06-28 17:38:33.499   661   662 D dalvikvm: GC_CONCURRENT freed 446K, 8% free 10713K/11527K, paused 3ms+3ms
06-28 17:38:33.764   585   588 D dalvikvm: GC_CONCURRENT freed 721K, 8% free 9796K/10631K, paused 2ms+3ms
06-28 17:38:34.155   585   588 D dalvikvm: GC_CONCURRENT freed 258K, 7% free 9924K/10631K, paused 3ms+3ms
06-28 17:38:34.518   585   588 D dalvikvm: GC_CONCURRENT freed 360K, 7% free 9954K/10631K, paused 4ms+3ms
06-28 17:38:34.655   536   538 D dalvikvm: GC_CONCURRENT freed 363K, 6% free 10180K/10759K, paused 1ms+3ms
06-28 17:38:34.878   585   588 D dalvikvm: GC_CONCURRENT freed 365K, 7% free 9975K/10631K, paused 3ms+4ms
06-28 17:38:35.253   585   588 D dalvikvm: GC_CONCURRENT freed 333K, 6% free 10038K/10631K, paused 4ms+5ms
06-28 17:38:35.960   661   662 D dalvikvm: GC_CONCURRENT freed 386K, 7% free 10777K/11527K, paused 2ms+4ms
06-28 17:38:36.182   585   588 D dalvikvm: GC_CONCURRENT freed 784K, 10% free 9656K/10631K, paused 2ms+2ms
06-28 17:38:36.386   585   588 D dalvikvm: GC_CONCURRENT freed 153K, 7% free 9890K/10631K, paused 3ms+7ms
06-28 17:38:36.725   585   588 D dalvikvm: GC_CONCURRENT freed 326K, 7% free 9957K/10631K, paused 3ms+6ms
06-28 17:38:37.858   585   588 D dalvikvm: GC_CONCURRENT freed 366K, 7% free 9980K/10631K, paused 2ms+3ms
06-28 17:38:38.112   585   588 D dalvikvm: GC_CONCURRENT freed 343K, 6% free 10023K/10631K, paused 2ms+2ms
06-28 17:38:38.526   585   588 D dalvikvm: GC_CONCURRENT freed 360K, 6% free 10047K/10631K, paused 3ms+3ms
06-28 17:38:38.987   661   662 D dalvikvm: GC_CONCURRENT freed 570K, 8% free 10679K/11527K, paused 2ms+4ms
06-28 17:38:39.296   585   588 D dalvikvm: GC_CONCURRENT freed 612K, 8% free 9865K/10631K, paused 2ms+4ms
06-28 17:38:39.542   536   538 D dalvikvm: GC_CONCURRENT freed 409K, 6% free 10217K/10759K, paused 3ms+2ms
06-28 17:38:39.761   585   588 D dalvikvm: GC_CONCURRENT freed 293K, 7% free 9958K/10631K, paused 4ms+3ms
06-28 17:38:40.077   585   588 D dalvikvm: GC_CONCURRENT freed 370K, 7% free 9977K/10631K, paused 2ms+3ms
06-28 17:38:40.350   151   163 D dalvikvm: GC_EXPLICIT freed 372K, 9% free 12341K/13511K, paused 2ms+5ms
06-28 17:38:40.538   585   588 D dalvikvm: GC_CONCURRENT freed 366K, 6% free 10002K/10631K, paused 3ms+4ms
06-28 17:38:40.702    82   122 D AudioHardware: AudioHardware pcm playback is exiting standby.
06-28 17:38:40.702    82   122 D AudioHardware: openPcmOut_l() mPcmOpenCnt: 0
06-28 17:38:40.800   617   617 D OpenGLRenderer: Flushing caches (mode 1)
06-28 17:38:40.854  1153  1153 D Finsky  : [1] SelfUpdateScheduler.checkForSelfUpdate: Skipping self-update check as there is an update already queued.
06-28 17:38:40.858  1153  1153 D OpenGLRenderer: Flushing caches (mode 0)
06-28 17:38:40.936  1153  1153 D Finsky  : [1] MainActivity.initializeBilling: Optimistically initializing billing parameters.
06-28 17:38:41.065   617   617 D OpenGLRenderer: Flushing caches (mode 1)
06-28 17:38:41.229   151   167 I Process : Sending signal. PID: 1153 SIG: 3
06-28 17:38:41.229  1153  1158 I dalvikvm: threadid=3: reacting to signal 3
06-28 17:38:41.249  1153  1158 I dalvikvm: Wrote stack traces to '/data/anr/traces.txt'
06-28 17:38:41.370  1153  1155 D dalvikvm: GC_CONCURRENT freed 1851K, 17% free 10063K/12039K, paused 44ms+4ms
06-28 17:38:41.389   617   617 D OpenGLRenderer: Flushing caches (mode 1)
06-28 17:38:41.511  1153  1155 D dalvikvm: GC_CONCURRENT freed 160K, 14% free 10443K/12039K, paused 2ms+8ms
06-28 17:38:41.573  1153  1175 D dalvikvm: GC_FOR_ALLOC freed 135K, 13% free 10494K/12039K, paused 22ms
06-28 17:38:41.581   585   588 D dalvikvm: GC_CONCURRENT freed 335K, 6% free 10053K/10631K, paused 2ms+20ms
06-28 17:38:41.616  1153  1171 D dalvikvm: GC_FOR_ALLOC freed 1K, 9% free 11004K/12039K, paused 22ms
06-28 17:38:41.725  1153  1155 D dalvikvm: GC_CONCURRENT freed 32K, 8% free 11154K/12039K, paused 2ms+4ms
06-28 17:38:41.729   151   167 I Process : Sending signal. PID: 1153 SIG: 3
06-28 17:38:41.729  1153  1158 I dalvikvm: threadid=3: reacting to signal 3
06-28 17:38:41.776  1153  1158 I dalvikvm: Wrote stack traces to '/data/anr/traces.txt'
06-28 17:38:41.850  1153  1176 D dalvikvm: GC_FOR_ALLOC freed 127K, 7% free 11257K/12039K, paused 40ms
06-28 17:38:41.850  1153  1176 I dalvikvm-heap: Grow heap (frag case) to 11.306MB for 256016-byte allocation
06-28 17:38:41.889  1153  1153 D dalvikvm: GC_FOR_ALLOC freed 2K, 7% free 11505K/12295K, paused 22ms
06-28 17:38:41.964  1153  1178 D dalvikvm: GC_FOR_ALLOC freed 230K, 6% free 11560K/12295K, paused 24ms
06-28 17:38:41.964  1153  1178 I dalvikvm-heap: Grow heap (frag case) to 11.856MB for 522256-byte allocation
06-28 17:38:42.003  1153  1153 D dalvikvm: GC_FOR_ALLOC freed 1K, 6% free 12069K/12807K, paused 23ms
06-28 17:38:42.073  1153  1175 D dalvikvm: GC_FOR_ALLOC freed 57K, 6% free 12099K/12807K, paused 22ms
06-28 17:38:42.124  1153  1153 D dalvikvm: GC_FOR_ALLOC freed 1K, 6% free 12538K/13255K, paused 33ms
06-28 17:38:42.171  1153  1177 D dalvikvm: GC_FOR_ALLOC freed 19K, 6% free 12622K/13383K, paused 25ms
06-28 17:38:42.229   151   167 I Process : Sending signal. PID: 1153 SIG: 3
06-28 17:38:42.229  1153  1158 I dalvikvm: threadid=3: reacting to signal 3
06-28 17:38:42.268  1153  1158 I dalvikvm: Wrote stack traces to '/data/anr/traces.txt'
06-28 17:38:42.319  1153  1175 D dalvikvm: GC_FOR_ALLOC freed 104K, 6% free 13166K/13895K, paused 39ms
06-28 17:38:42.729   151   167 I Process : Sending signal. PID: 1153 SIG: 3
06-28 17:38:42.729  1153  1158 I dalvikvm: threadid=3: reacting to signal 3
06-28 17:38:42.753  1153  1158 I dalvikvm: Wrote stack traces to '/data/anr/traces.txt'
06-28 17:38:43.155   661   662 D dalvikvm: GC_CONCURRENT freed 336K, 7% free 10785K/11527K, paused 2ms+4ms
06-28 17:38:43.366   585   588 D dalvikvm: GC_CONCURRENT freed 714K, 8% free 9805K/10631K, paused 2ms+3ms
06-28 17:38:43.604   585   588 D dalvikvm: GC_CONCURRENT freed 259K, 7% free 9938K/10631K, paused 2ms+3ms
06-28 17:38:43.792    82   122 D AudioHardware: AudioHardware pcm playback is going to standby.
06-28 17:38:43.792    82   122 D AudioHardware: closePcmOut_l() mPcmOpenCnt: 1
06-28 17:38:43.866   585   588 D dalvikvm: GC_CONCURRENT freed 356K, 7% free 9969K/10631K, paused 2ms+3ms
06-28 17:38:44.073   536   538 D dalvikvm: GC_CONCURRENT freed 380K, 5% free 10246K/10759K, paused 2ms+14ms
06-28 17:38:44.077    82   122 D AudioHardware: AudioHardware pcm playback is exiting standby.
06-28 17:38:44.077    82   122 D AudioHardware: openPcmOut_l() mPcmOpenCnt: 0
06-28 17:38:44.405   585   588 D dalvikvm: GC_CONCURRENT freed 358K, 6% free 9998K/10631K, paused 2ms+3ms
06-28 17:38:44.679   585   588 D dalvikvm: GC_CONCURRENT freed 328K, 6% free 10058K/10631K, paused 2ms+3ms
06-28 17:38:45.327   661   662 D dalvikvm: GC_CONCURRENT freed 574K, 8% free 10686K/11527K, paused 2ms+4ms
06-28 17:38:45.514   617   617 D OpenGLRenderer: Flushing caches (mode 1)
06-28 17:38:45.569   151   373 W InputManagerService: Window already focused, ignoring focus gain of: com.android.internal.view.IInputMethodClient$Stub$Proxy@41418998
06-28 17:38:45.932  1153  1155 D dalvikvm: GC_CONCURRENT freed 533K, 5% free 14060K/14663K, paused 2ms+6ms
06-28 17:38:46.526   617   617 D OpenGLRenderer: Flushing caches (mode 1)
06-28 17:38:46.597   585   588 D dalvikvm: GC_CONCURRENT freed 735K, 9% free 9778K/10631K, paused 2ms+3ms
06-28 17:38:46.882   585   588 D dalvikvm: GC_CONCURRENT freed 227K, 7% free 9944K/10631K, paused 2ms+2ms
06-28 17:38:47.026   585   600 D dalvikvm: GC_EXPLICIT freed 198K, 7% free 9936K/10631K, paused 3ms+3ms
06-28 17:38:47.264   585   588 D dalvikvm: GC_CONCURRENT freed 329K, 6% free 9995K/10631K, paused 1ms+3ms
06-28 17:38:47.472   585   588 D dalvikvm: GC_CONCURRENT freed 356K, 6% free 10030K/10631K, paused 3ms+3ms
06-28 17:38:47.710   585   588 D dalvikvm: GC_CONCURRENT freed 331K, 6% free 10085K/10631K, paused 2ms+3ms
06-28 17:38:48.472    82   122 D AudioHardware: AudioHardware pcm playback is going to standby.
06-28 17:38:48.472    82   122 D AudioHardware: closePcmOut_l() mPcmOpenCnt: 1
06-28 17:38:49.764   661   662 D dalvikvm: GC_CONCURRENT freed 341K, 7% free 10789K/11527K, paused 2ms+4ms
06-28 17:38:50.011   585   588 D dalvikvm: GC_CONCURRENT freed 713K, 8% free 9796K/10631K, paused 2ms+3ms
06-28 17:38:50.397  1153  1155 D dalvikvm: GC_CONCURRENT freed 1365K, 10% free 14379K/15815K, paused 29ms+7ms
06-28 17:38:50.514   617   617 D OpenGLRenderer: Flushing caches (mode 1)
06-28 17:38:50.757  1153  1161 I dalvikvm: Jit: resizing JitTable from 4096 to 8192
06-28 17:38:51.257   617   617 D OpenGLRenderer: Flushing caches (mode 1)
06-28 17:38:51.335   151   154 D dalvikvm: GC_CONCURRENT freed 683K, 9% free 12365K/13511K, paused 3ms+4ms
06-28 17:38:51.429  1153  1153 D Finsky  : [1] 1.onResponse: Received and stored 133 billing countries.
06-28 17:38:51.514   585   588 D dalvikvm: GC_CONCURRENT freed 242K, 7% free 9941K/10631K, paused 13ms+2ms
06-28 17:38:51.987  1153  1155 D dalvikvm: GC_CONCURRENT freed 1501K, 10% free 14699K/16263K, paused 3ms+13ms
06-28 17:38:52.268   617   617 D OpenGLRenderer: Flushing caches (mode 1)
06-28 17:38:52.608  1153  1155 D dalvikvm: GC_CONCURRENT freed 1625K, 11% free 15007K/16711K, paused 2ms+11ms
06-28 17:38:53.034   536   538 D dalvikvm: GC_CONCURRENT freed 410K, 6% free 10280K/10823K, paused 59ms+13ms
06-28 17:38:53.573   585   588 D dalvikvm: GC_CONCURRENT freed 356K, 7% free 9974K/10631K, paused 26ms+12ms
06-28 17:38:53.639   151   207 I InputReader: Reconfiguring input devices.  changes=0x00000004
06-28 17:38:53.639   151   207 I InputReader: Device reconfigured: id=7, name='mxt224_ts_input', surface size is now 480x800, mode is 1
06-28 17:38:53.679   151   167 I ActivityManager: Config changed: {1.0 310mcc120mnc en_US layoutdir=0 sw320dp w533dp h294dp nrml long land finger -keyb/v/h -nav/h s.6}
06-28 17:38:53.858  1153  1153 D OpenGLRenderer: Flushing caches (mode 0)
06-28 17:38:54.222  1153  1155 D dalvikvm: GC_CONCURRENT freed 2136K, 14% free 14851K/17095K, paused 2ms+22ms
06-28 17:38:54.307   151   373 D dalvikvm: GC_EXPLICIT freed 141K, 9% free 12319K/13511K, paused 5ms+4ms
06-28 17:38:54.339  1153  1153 D Finsky  : [1] SelfUpdateScheduler.checkForSelfUpdate: Skipping self-update check as there is an update already queued.
06-28 17:38:55.276   585   588 D dalvikvm: GC_CONCURRENT freed 370K, 6% free 9995K/10631K, paused 3ms+3ms
06-28 17:38:55.722   585   588 D dalvikvm: GC_CONCURRENT freed 340K, 6% free 10049K/10631K, paused 2ms+3ms
06-28 17:38:56.034   151   207 I InputReader: Reconfiguring input devices.  changes=0x00000004
06-28 17:38:56.034   151   207 I InputReader: Device reconfigured: id=7, name='mxt224_ts_input', surface size is now 480x800, mode is 1
06-28 17:38:56.073   151   167 I ActivityManager: Config changed: {1.0 310mcc120mnc en_US layoutdir=0 sw320dp w320dp h508dp nrml long port finger -keyb/v/h -nav/h s.7}
06-28 17:38:56.116  1153  1153 D OpenGLRenderer: Flushing caches (mode 0)
06-28 17:38:56.198  1153  1153 D dalvikvm: GC_EXPLICIT freed 1299K, 13% free 14879K/17095K, paused 3ms+9ms
06-28 17:38:56.405  1153  1153 D Finsky  : [1] SelfUpdateScheduler.checkForSelfUpdate: Skipping self-update check as there is an update already queued.
06-28 17:38:57.007   661   662 D dalvikvm: GC_CONCURRENT freed 390K, 6% free 10893K/11527K, paused 4ms+5ms
06-28 17:38:57.284   585   588 D dalvikvm: GC_CONCURRENT freed 716K, 8% free 9796K/10631K, paused 2ms+2ms
06-28 17:38:57.663   585   588 D dalvikvm: GC_CONCURRENT freed 267K, 7% free 9917K/10631K, paused 2ms+2ms
06-28 17:38:57.854   585   588 D dalvikvm: GC_CONCURRENT freed 352K, 7% free 9955K/10631K, paused 1ms+2ms
06-28 17:38:58.065   585   588 D dalvikvm: GC_CONCURRENT freed 378K, 7% free 9965K/10631K, paused 2ms+2ms
06-28 17:38:58.354   585   588 D dalvikvm: GC_CONCURRENT freed 326K, 6% free 10023K/10631K, paused 3ms+8ms
06-28 17:38:58.893   151   206 I ActivityManager: START {act=android.intent.action.MAIN cat=[android.intent.category.HOME] flg=0x10200000 cmp=com.android.launcher/com.android.launcher2.Launcher} from pid 151
06-28 17:38:59.030   151   201 D dalvikvm: GC_EXPLICIT freed 519K, 9% free 12321K/13511K, paused 55ms+13ms
06-28 17:38:59.065  1153  1153 D OpenGLRenderer: Flushing caches (mode 0)
06-28 17:38:59.589  1153  1153 D OpenGLRenderer: Flushing caches (mode 1)
06-28 17:38:59.616   151   784 I ActivityManager: No longer want com.google.android.voicesearch (pid 1419): hidden #16
06-28 17:38:59.741   661   662 D dalvikvm: GC_CONCURRENT freed 719K, 8% free 10686K/11527K, paused 6ms+3ms
06-28 17:39:00.175   585   588 D dalvikvm: GC_CONCURRENT freed 762K, 9% free 9677K/10631K, paused 8ms+8ms
06-28 17:39:00.440   585   588 D dalvikvm: GC_CONCURRENT freed 162K, 7% free 9902K/10631K, paused 1ms+3ms
06-28 17:39:00.526   536   538 D dalvikvm: GC_CONCURRENT freed 382K, 5% free 10310K/10823K, paused 1ms+3ms
06-28 17:39:00.761   585   588 D dalvikvm: GC_CONCURRENT freed 334K, 7% free 9956K/10631K, paused 2ms+3ms
06-28 17:39:01.046   585   588 D dalvikvm: GC_CONCURRENT freed 365K, 7% free 9978K/10631K, paused 3ms+3ms
06-28 17:39:01.253    82   122 D AudioHardware: AudioHardware pcm playback is exiting standby.
06-28 17:39:01.253    82   122 D AudioHardware: openPcmOut_l() mPcmOpenCnt: 0
06-28 17:39:01.413  1580  1607 D dalvikvm: GC_FOR_ALLOC freed 596K, 39% free 11827K/19207K, paused 25ms
06-28 17:39:01.483  1580  1607 D dalvikvm: GC_FOR_ALLOC freed 339K, 39% free 11871K/19207K, paused 24ms
06-28 17:39:01.585  1580  1582 D dalvikvm: GC_CONCURRENT freed <1K, 34% free 12777K/19207K, paused 3ms+6ms
06-28 17:39:01.733  1580  1639 D dalvikvm: GC_FOR_ALLOC freed 973K, 37% free 12200K/19207K, paused 34ms
06-28 17:39:01.733  1580  1639 I dalvikvm-heap: Grow heap (frag case) to 13.209MB for 1286224-byte allocation
06-28 17:39:01.776  1580  1607 D dalvikvm: GC_FOR_ALLOC freed 2K, 30% free 13454K/19207K, paused 26ms
06-28 17:39:01.901  1580  1582 D dalvikvm: GC_CONCURRENT freed 248K, 29% free 13669K/19207K, paused 1ms+9ms
06-28 17:39:02.249  1580  1582 D dalvikvm: GC_CONCURRENT freed 2561K, 35% free 12634K/19207K, paused 3ms+4ms
06-28 17:39:02.335  1580  1606 D dalvikvm: GC_FOR_ALLOC freed 787K, 34% free 12792K/19207K, paused 30ms
06-28 17:39:02.483   585   588 D dalvikvm: GC_CONCURRENT freed 342K, 6% free 10033K/10631K, paused 2ms+8ms
06-28 17:39:02.964   585   588 D dalvikvm: GC_CONCURRENT freed 357K, 6% free 10061K/10631K, paused 2ms+4ms
06-28 17:39:04.343    82   122 D AudioHardware: AudioHardware pcm playback is going to standby.
06-28 17:39:04.343    82   122 D AudioHardware: closePcmOut_l() mPcmOpenCnt: 1
06-28 17:39:05.128    82   122 D AudioHardware: AudioHardware pcm playback is exiting standby.
06-28 17:39:05.128    82   122 D AudioHardware: openPcmOut_l() mPcmOpenCnt: 0
06-28 17:39:05.222   151   162 I ActivityManager: START {act=android.intent.action.MAIN cat=[android.intent.category.LAUNCHER] flg=0x10200000 cmp=com.google.android.gallery3d/com.android.gallery3d.app.Gallery} from pid 1580
06-28 17:39:05.343  1580  1580 D OpenGLRenderer: Flushing caches (mode 1)
06-28 17:39:05.382   151   158 I dalvikvm: Jit: resizing JitTable from 8192 to 16384
06-28 17:39:05.436  1580  1580 D OpenGLRenderer: Flushing caches (mode 0)
06-28 17:39:05.452  1136  1136 V StateManager: startState class com.android.gallery3d.app.AlbumSetPage
06-28 17:39:05.569  1136  1138 D dalvikvm: GC_CONCURRENT freed 419K, 5% free 9450K/9927K, paused 2ms+7ms
06-28 17:39:05.639  1136  1136 V GalleryActionBar: showClusterMenu: runner=com.android.gallery3d.app.AlbumSetPage@413aa520
06-28 17:39:05.647  1136  1136 D Gallery.MultiSetSync: onSyncDone: MTP devices #pending=2
06-28 17:39:05.647  1136  1136 D Gallery.MultiSetSync:   request sync: MTP devices
06-28 17:39:05.647  1136  1136 D Gallery.MultiSetSync: onSyncDone: Local albums #pending=1
06-28 17:39:05.647  1136  1136 D Gallery.MultiSetSync:   request sync: Local albums
06-28 17:39:05.655   661   662 D dalvikvm: GC_CONCURRENT freed 342K, 7% free 10793K/11527K, paused 17ms+3ms
06-28 17:39:05.671  1136  1725 V MtpDeviceSet: loadDevices: [], size=0
06-28 17:39:05.698  1136  1136 D Gallery.MultiSetSync:   request sync: Picasa albums
06-28 17:39:05.753  1136  1726 D ImmediateSync: sync album list:1 account(s)
06-28 17:39:05.761   151   167 I Process : Sending signal. PID: 1136 SIG: 3
06-28 17:39:05.761  1136  1141 I dalvikvm: threadid=3: reacting to signal 3
06-28 17:39:05.796  1136  1141 I dalvikvm: Wrote stack traces to '/data/anr/traces.txt'
06-28 17:39:05.823  1136  1136 D libEGL  : loaded /system/lib/egl/libGLES_android.so
06-28 17:39:05.835  1136  1136 D libEGL  : loaded /vendor/lib/egl/libEGL_POWERVR_SGX540_120.so
06-28 17:39:05.862  1136  1136 D libEGL  : loaded /vendor/lib/egl/libGLESv1_CM_POWERVR_SGX540_120.so
06-28 17:39:05.874  1136  1136 D libEGL  : loaded /vendor/lib/egl/libGLESv2_POWERVR_SGX540_120.so
06-28 17:39:05.948  1136  1136 D OpenGLRenderer: Enabling debug mode 0
06-28 17:39:05.972  1136  1724 I GalleryEGLConfigChooser: Config chosen: R5 G6 B5 A0 D24 S8 ID7 CAVEAT12344 
06-28 17:39:06.093  1136  1724 I GLRootView: onSurfaceChanged: 480x800, gl10: com.google.android.gles_jni.GLImpl@413d4408
06-28 17:39:06.093  1136  1724 I GLRootView: layout content pane 480x800
06-28 17:39:06.112   617   617 D OpenGLRenderer: Flushing caches (mode 1)
06-28 17:39:06.112  1136  1726 D ImmediateSync: sync albums for steven.y.ko@gmail.com
06-28 17:39:06.225   151   201 I ActivityManager: Displayed com.google.android.gallery3d/com.android.gallery3d.app.Gallery: +964ms
06-28 17:39:06.257  1136  1725 V MtpDeviceSet: loadDevices: [], size=0
06-28 17:39:06.261   151   162 W InputManagerService: Starting input on non-focused client com.android.internal.view.IInputMethodClient$Stub$Proxy@413effd8 (uid=10025 pid=1580)
06-28 17:39:06.503  1136  1138 D dalvikvm: GC_CONCURRENT freed 436K, 6% free 9505K/10055K, paused 3ms+3ms
06-28 17:39:06.530  1153  1543 D Finsky  : [145] OnCompleteListenerNotifier.doInBackground: Signature check not required.
06-28 17:39:06.608   151   171 I ActivityManager: Start proc com.android.defcontainer for service com.android.defcontainer/.DefaultContainerService: pid=1732 uid=10010 gids={1015, 2001}
06-28 17:39:06.651   617   617 D OpenGLRenderer: Flushing caches (mode 1)
06-28 17:39:06.718  1136  1726 D PicasaAPI: getAlbums for steven.y.ko@gmail.com, etag = null
06-28 17:39:06.874  1136  1731 W BlobCache: cannot read header
06-28 17:39:06.913   151   171 W ActivityManager: No content provider found for permission revoke: file:///data/data/com.android.providers.downloads/cache/downloadfile.apk
06-28 17:39:07.022   661  1569 D dalvikvm: GC_EXPLICIT freed 308K, 7% free 10821K/11527K, paused 3ms+28ms
06-28 17:39:07.136   585   588 D dalvikvm: GC_CONCURRENT freed 665K, 8% free 9847K/10631K, paused 3ms+2ms
06-28 17:39:07.171  1136  1731 D dalvikvm: GC_FOR_ALLOC freed 165K, 6% free 9503K/10055K, paused 20ms
06-28 17:39:07.171  1136  1731 I dalvikvm-heap: Grow heap (frag case) to 9.573MB for 235240-byte allocation
06-28 17:39:07.222  1136  1726 D dalvikvm: GC_FOR_ALLOC freed 4K, 6% free 9728K/10311K, paused 48ms
06-28 17:39:07.323   151   154 D dalvikvm: GC_CONCURRENT freed 503K, 8% free 12519K/13511K, paused 3ms+8ms
06-28 17:39:07.393  1136  1730 D dalvikvm: GC_FOR_ALLOC freed 5K, 6% free 9745K/10311K, paused 19ms
06-28 17:39:07.401  1136  1730 I dalvikvm-heap: Grow heap (frag case) to 9.878MB for 307216-byte allocation
06-28 17:39:07.429  1136  1724 D dalvikvm: GC_FOR_ALLOC freed 1K, 6% free 10044K/10631K, paused 15ms
06-28 17:39:07.550  1136  1730 D dalvikvm: GC_FOR_ALLOC freed 24K, 6% free 10046K/10631K, paused 19ms
06-28 17:39:07.550  1136  1730 I dalvikvm-heap: Grow heap (frag case) to 10.032MB for 160016-byte allocation
06-28 17:39:07.581  1136  1724 D dalvikvm: GC_FOR_ALLOC freed <1K, 6% free 10202K/10823K, paused 18ms
06-28 17:39:07.901   151   171 W ActivityManager: No content provider found for permission revoke: file:///data/data/com.android.providers.downloads/cache/downloadfile.apk
06-28 17:39:08.218    82   122 D AudioHardware: AudioHardware pcm playback is going to standby.
06-28 17:39:08.222    82   122 D AudioHardware: closePcmOut_l() mPcmOpenCnt: 1
06-28 17:39:08.284   151   171 D dalvikvm: GC_FOR_ALLOC freed 374K, 6% free 12830K/13511K, paused 53ms
06-28 17:39:08.679  1136  1726 V PicasaAPI:    etag: --> W/"CkYMSX49fSp7ImA9WhJTGEk.",entryCount=3
06-28 17:39:08.679  1136  1726 V PicasaAPI:    done
06-28 17:39:08.686  1136  1726 D MetricsUtils: [PicasaApi.getAlbums in:2503 out:608 time:1969]
06-28 17:39:08.761  1136  1726 D MetricsUtils: [PicasaSyncHelper.syncAlbums steven.y.ko@gmail.com time:2109]
06-28 17:39:08.823  1136  1136 D PicasaAlbumSet: sync result: all: 0
06-28 17:39:08.827  1136  1136 D Gallery.MultiSetSync: onSyncDone: Picasa albums #pending=0
06-28 17:39:08.917  1136  1138 D dalvikvm: GC_CONCURRENT freed 704K, 8% free 10003K/10823K, paused 2ms+9ms
06-28 17:39:08.917   536   538 D dalvikvm: GC_CONCURRENT freed 395K, 5% free 10372K/10887K, paused 3ms+3ms
06-28 17:39:09.003  1136  1730 D MetricsUtils: [OPEN content://com.google.android.gallery3d.GooglePhotoProvider/albumcovers/5623861631587323729 time:114]
06-28 17:39:09.065   151   154 D dalvikvm: GC_CONCURRENT freed 415K, 4% free 13329K/13831K, paused 3ms+4ms
06-28 17:39:09.163  1136  1748 D dalvikvm: GC_FOR_ALLOC freed 97K, 6% free 10200K/10823K, paused 18ms
06-28 17:39:09.163  1136  1748 I dalvikvm-heap: Grow heap (frag case) to 10.182MB for 160016-byte allocation
06-28 17:39:09.194  1136  1724 D dalvikvm: GC_FOR_ALLOC freed 4K, 7% free 10352K/11015K, paused 17ms
06-28 17:39:09.323  1136  1731 D dalvikvm: GC_FOR_ALLOC freed 67K, 7% free 10313K/11015K, paused 18ms
06-28 17:39:09.327  1136  1731 I dalvikvm-heap: Grow heap (frag case) to 10.290MB for 156832-byte allocation
06-28 17:39:09.366  1136  1724 D dalvikvm: GC_FOR_ALLOC freed <1K, 7% free 10466K/11207K, paused 27ms
06-28 17:39:09.382  1136  1747 D MetricsUtils: [OPEN content://com.google.android.gallery3d.GooglePhotoProvider/albumcovers/5655666473629402369 time:154]
06-28 17:39:09.487   585   588 D dalvikvm: GC_CONCURRENT freed 299K, 7% free 9939K/10631K, paused 2ms+5ms
06-28 17:39:09.870  1136  1747 D dalvikvm: GC_FOR_ALLOC freed 449K, 8% free 10322K/11207K, paused 20ms
06-28 17:39:09.886  1136  1751 D MetricsUtils: [PicasaStore.download 5655666473629402369 in:11182 out:176 time:501]
06-28 17:39:10.249   151   593 D dalvikvm: GC_EXPLICIT freed 416K, 4% free 13469K/14023K, paused 3ms+5ms
06-28 17:39:10.311   585   588 D dalvikvm: GC_CONCURRENT freed 362K, 7% free 9965K/10631K, paused 3ms+4ms
06-28 17:39:10.593   151   154 D dalvikvm: GC_CONCURRENT freed 999K, 8% free 13480K/14599K, paused 3ms+5ms
06-28 17:39:10.807   151   154 D dalvikvm: GC_CONCURRENT freed 1093K, 9% free 13533K/14727K, paused 3ms+5ms
06-28 17:39:10.905   585   588 D dalvikvm: GC_CONCURRENT freed 363K, 7% free 9990K/10631K, paused 2ms+3ms
06-28 17:39:11.065   151   154 D dalvikvm: GC_CONCURRENT freed 1070K, 9% free 13527K/14727K, paused 34ms+5ms
06-28 17:39:11.296   151   154 D dalvikvm: GC_CONCURRENT freed 1084K, 9% free 13531K/14727K, paused 3ms+5ms
06-28 17:39:11.393   585   600 D dalvikvm: GC_FOR_ALLOC freed 326K, 6% free 10043K/10631K, paused 25ms
06-28 17:39:11.522   151   154 D dalvikvm: GC_CONCURRENT freed 1061K, 8% free 13550K/14727K, paused 3ms+5ms
06-28 17:39:11.675   151   154 D dalvikvm: GC_CONCURRENT freed 1064K, 8% free 13557K/14727K, paused 2ms+5ms
06-28 17:39:12.167   151   171 D dalvikvm: GC_EXPLICIT freed 321K, 9% free 13496K/14727K, paused 27ms+12ms
06-28 17:39:12.249  1153  1513 D Finsky  : [141] 1.packageInstalled: Package install status for "com.android.vending" is -104
06-28 17:39:12.253  1153  1513 W Finsky  : [141] 1.packageInstalled: Package name mismatsch: ours:  package manager's: com.android.vending
06-28 17:39:13.507   585   588 D dalvikvm: GC_CONCURRENT freed 749K, 9% free 9721K/10631K, paused 2ms+2ms
06-28 17:39:13.874   585   588 D dalvikvm: GC_CONCURRENT freed 203K, 7% free 9905K/10631K, paused 1ms+2ms
06-28 17:39:14.069   585   588 D dalvikvm: GC_CONCURRENT freed 334K, 7% free 9957K/10631K, paused 1ms+3ms
06-28 17:39:14.315   151   206 I ActivityManager: START {act=android.intent.action.MAIN cat=[android.intent.category.HOME] flg=0x10200000 cmp=com.android.launcher/com.android.launcher2.Launcher} from pid 151
06-28 17:39:14.397  1136  1136 D ImmediateSync: cancel sync all
06-28 17:39:14.507  1136  1136 D OpenGLRenderer: Flushing caches (mode 1)
06-28 17:39:14.514  1136  1136 D OpenGLRenderer: Flushing caches (mode 0)
06-28 17:39:14.722   585   588 D dalvikvm: GC_CONCURRENT freed 370K, 7% free 9979K/10631K, paused 2ms+3ms
06-28 17:39:15.050  1136  1136 V StateManager: saveState
06-28 17:39:15.050  1136  1136 V StateManager: saveState class com.android.gallery3d.app.AlbumSetPage
06-28 17:39:15.214   585   588 D dalvikvm: GC_CONCURRENT freed 344K, 6% free 10023K/10631K, paused 3ms+2ms
06-28 17:39:15.854   585   588 D dalvikvm: GC_CONCURRENT freed 368K, 6% free 10038K/10631K, paused 3ms+6ms
06-28 17:39:16.296   661   662 D dalvikvm: GC_CONCURRENT freed 452K, 6% free 10867K/11527K, paused 3ms+4ms
06-28 17:39:16.366   536   538 D dalvikvm: GC_CONCURRENT freed 447K, 6% free 10372K/10951K, paused 3ms+2ms
06-28 17:39:16.632   585   588 D dalvikvm: GC_CONCURRENT freed 580K, 8% free 9858K/10631K, paused 2ms+2ms
06-28 17:39:17.003   585   588 D dalvikvm: GC_CONCURRENT freed 301K, 7% free 9945K/10631K, paused 2ms+4ms
06-28 17:39:17.331   585   588 D dalvikvm: GC_CONCURRENT freed 367K, 7% free 9966K/10631K, paused 2ms+3ms
06-28 17:39:17.561   585   588 D dalvikvm: GC_CONCURRENT freed 360K, 7% free 9991K/10631K, paused 2ms+5ms
06-28 17:39:17.569   151   198 I power   : *** set_screen_state 0
06-28 17:39:17.608    79   119 D SurfaceFlinger: About to give-up screen, flinger = 0x10eb918
06-28 17:39:17.831   585   588 D dalvikvm: GC_CONCURRENT freed 332K, 6% free 10056K/10631K, paused 2ms+4ms
06-28 17:39:18.237   151   784 I ActivityManager: No longer want com.google.android.apps.uploader (pid 1216): hidden #16
06-28 17:39:18.339   151   199 D dalvikvm: GC_FOR_ALLOC freed 1387K, 16% free 12475K/14727K, paused 59ms
06-28 17:39:18.624   151   202 D dalvikvm: GC_FOR_ALLOC freed 54K, 13% free 12860K/14727K, paused 54ms
06-28 17:39:18.663   151   202 D dalvikvm: GC_FOR_ALLOC freed 6K, 13% free 12959K/14727K, paused 37ms
06-28 17:39:18.663   151   202 I dalvikvm-heap: Grow heap (frag case) to 12.830MB for 104992-byte allocation
06-28 17:39:18.718   151   595 D dalvikvm: GC_FOR_ALLOC freed <1K, 13% free 13062K/14855K, paused 41ms
06-28 17:39:18.725   487  1756 D NfcService: NFC-C OFF, disconnect
06-28 17:39:18.784   151   202 D dalvikvm: GC_FOR_ALLOC freed 3K, 13% free 13065K/14855K, paused 49ms
06-28 17:39:18.784   151   202 I dalvikvm-heap: Grow heap (frag case) to 12.932MB for 104992-byte allocation
06-28 17:39:18.839   151   595 D dalvikvm: GC_FOR_ALLOC freed <1K, 13% free 13166K/14983K, paused 41ms
06-28 17:39:18.850   151   202 V TransportControlView: Create TCV com.android.internal.widget.TransportControlView@416510f8
06-28 17:39:18.925   388   388 D PhoneStatusBar: disable: < expand icons alerts ticker system_info back home RECENT* clock >
06-28 17:39:18.964   617   617 D OpenGLRenderer: Flushing caches (mode 1)
06-28 17:39:18.979   388   388 D PhoneStatusBar: disable: < expand icons alerts ticker system_info BACK* HOME* RECENT clock >
06-28 17:39:19.030   388   388 D PhoneStatusBar: disable: < expand icons alerts ticker system_info BACK HOME RECENT CLOCK* >
06-28 17:39:19.350   661   662 D dalvikvm: GC_CONCURRENT freed 633K, 7% free 10796K/11527K, paused 2ms+4ms
06-28 17:39:19.557   585   588 D dalvikvm: GC_CONCURRENT freed 688K, 8% free 9835K/10631K, paused 2ms+3ms
06-28 17:39:19.897   585   588 D dalvikvm: GC_CONCURRENT freed 285K, 7% free 9944K/10631K, paused 2ms+3ms
06-28 17:39:20.151   585   726 D dalvikvm: GC_EXPLICIT freed 332K, 7% free 9960K/10631K, paused 2ms+3ms
06-28 17:39:20.370   585   588 D dalvikvm: GC_CONCURRENT freed 357K, 7% free 9992K/10631K, paused 2ms+2ms
06-28 17:39:20.620   585   588 D dalvikvm: GC_CONCURRENT freed 340K, 6% free 10056K/10631K, paused 2ms+5ms
06-28 17:39:21.335    82   674 E MetadataRetrieverClient: failed to extract an album art
06-28 17:39:21.405   661   662 D dalvikvm: GC_CONCURRENT freed 583K, 8% free 10707K/11527K, paused 2ms+3ms
06-28 17:39:21.456   536  1001 V MediaScanner: pruneDeadThumbnailFiles... android.database.sqlite.SQLiteCursor@414f15c0
06-28 17:39:21.499   536  1001 V MediaScanner: /pruneDeadThumbnailFiles... android.database.sqlite.SQLiteCursor@414f15c0
06-28 17:39:21.507   151   590 I ActivityManager: No longer want com.android.exchange (pid 929): hidden #16
06-28 17:39:21.589   151   503 D dalvikvm: GC_FOR_ALLOC freed 151K, 11% free 13370K/14983K, paused 43ms
06-28 17:39:21.589   151   503 I dalvikvm-heap: Grow heap (frag case) to 13.254MB for 129616-byte allocation
06-28 17:39:21.624   151   503 D dalvikvm: GC_FOR_ALLOC freed 14K, 11% free 13482K/15111K, paused 38ms
06-28 17:39:21.706   585   588 D dalvikvm: GC_CONCURRENT freed 756K, 9% free 9778K/10631K, paused 2ms+3ms
06-28 17:39:21.886   585   588 D dalvikvm: GC_CONCURRENT freed 250K, 7% free 9929K/10631K, paused 2ms+2ms
06-28 17:39:22.054   585   588 D dalvikvm: GC_CONCURRENT freed 356K, 7% free 9969K/10631K, paused 1ms+3ms
06-28 17:39:22.229   151   163 D dalvikvm: GC_EXPLICIT freed 299K, 13% free 13230K/15111K, paused 3ms+4ms
06-28 17:39:22.280   585   588 D dalvikvm: GC_CONCURRENT freed 374K, 7% free 9986K/10631K, paused 1ms+3ms
06-28 17:39:22.503   585   588 D dalvikvm: GC_CONCURRENT freed 338K, 6% free 10047K/10631K, paused 2ms+3ms
06-28 17:39:23.163   661   662 D dalvikvm: GC_CONCURRENT freed 462K, 8% free 10703K/11527K, paused 7ms+3ms
06-28 17:39:23.331   585   588 D dalvikvm: GC_CONCURRENT freed 774K, 10% free 9670K/10631K, paused 2ms+3ms
06-28 17:39:23.479   585   588 D dalvikvm: GC_CONCURRENT freed 156K, 7% free 9905K/10631K, paused 2ms+2ms
06-28 17:39:23.663   585   588 D dalvikvm: GC_CONCURRENT freed 340K, 7% free 9964K/10631K, paused 1ms+3ms
06-28 17:39:23.858   585   588 D dalvikvm: GC_CONCURRENT freed 370K, 7% free 9990K/10631K, paused 2ms+6ms
06-28 17:39:24.073   585   588 D dalvikvm: GC_CONCURRENT freed 341K, 6% free 10044K/10631K, paused 2ms+2ms
06-28 17:39:24.722   661   662 D dalvikvm: GC_CONCURRENT freed 453K, 8% free 10706K/11527K, paused 2ms+3ms
06-28 17:39:24.788   585   588 D dalvikvm: GC_CONCURRENT freed 822K, 10% free 9622K/10631K, paused 1ms+3ms
06-28 17:39:24.921   585   588 D dalvikvm: GC_CONCURRENT freed 137K, 8% free 9873K/10631K, paused 2ms+3ms
06-28 17:39:25.132   585   588 D dalvikvm: GC_CONCURRENT freed 308K, 7% free 9966K/10631K, paused 1ms+2ms
06-28 17:39:25.315   585   588 D dalvikvm: GC_CONCURRENT freed 385K, 7% free 9975K/10631K, paused 2ms+3ms
06-28 17:39:25.507   585   588 D dalvikvm: GC_CONCURRENT freed 347K, 6% free 10018K/10631K, paused 2ms+3ms
06-28 17:39:25.753   585   588 D dalvikvm: GC_CONCURRENT freed 355K, 6% free 10048K/10631K, paused 2ms+3ms
06-28 17:39:26.229   661   662 D dalvikvm: GC_CONCURRENT freed 465K, 8% free 10704K/11527K, paused 2ms+3ms
06-28 17:39:26.393   585   588 D dalvikvm: GC_CONCURRENT freed 636K, 7% free 9890K/10631K, paused 2ms+2ms
06-28 17:39:26.608   585   588 D dalvikvm: GC_CONCURRENT freed 317K, 7% free 9966K/10631K, paused 2ms+3ms
06-28 17:39:26.796   585   588 D dalvikvm: GC_CONCURRENT freed 395K, 7% free 9963K/10631K, paused 2ms+3ms
06-28 17:39:26.979   585   588 D dalvikvm: GC_CONCURRENT freed 343K, 6% free 10015K/10631K, paused 1ms+2ms
06-28 17:39:27.163   585  1688 D dalvikvm: GC_FOR_ALLOC freed 307K, 6% free 10047K/10631K, paused 19ms
06-28 17:39:27.288   617   617 D OpenGLRenderer: Flushing caches (mode 1)
06-28 17:39:27.780   661   662 D dalvikvm: GC_CONCURRENT freed 448K, 8% free 10702K/11527K, paused 2ms+3ms
06-28 17:39:27.948   585   588 D dalvikvm: GC_CONCURRENT freed 712K, 8% free 9790K/10631K, paused 2ms+3ms
06-28 17:39:28.163   585   588 D dalvikvm: GC_CONCURRENT freed 259K, 7% free 9926K/10631K, paused 2ms+2ms
06-28 17:39:28.354   585   588 D dalvikvm: GC_CONCURRENT freed 351K, 7% free 9967K/10631K, paused 2ms+2ms
06-28 17:39:28.530   585   588 D dalvikvm: GC_CONCURRENT freed 368K, 7% free 9986K/10631K, paused 1ms+2ms
06-28 17:39:28.768   585   588 D dalvikvm: GC_CONCURRENT freed 337K, 6% free 10050K/10631K, paused 2ms+3ms
06-28 17:39:29.343   617   617 D OpenGLRenderer: Flushing caches (mode 1)
06-28 17:39:29.413   661   662 D dalvikvm: GC_CONCURRENT freed 446K, 8% free 10701K/11527K, paused 2ms+4ms
06-28 17:39:29.581   585   588 D dalvikvm: GC_CONCURRENT freed 743K, 8% free 9793K/10631K, paused 1ms+3ms
06-28 17:39:29.764   151   163 D dalvikvm: GC_EXPLICIT freed 287K, 13% free 13251K/15111K, paused 2ms+4ms
06-28 17:39:29.827   585   588 D dalvikvm: GC_CONCURRENT freed 258K, 7% free 9928K/10631K, paused 2ms+3ms
06-28 17:39:29.999   585   588 D dalvikvm: GC_CONCURRENT freed 365K, 7% free 9951K/10631K, paused 1ms+2ms
06-28 17:39:30.206   585   588 D dalvikvm: GC_CONCURRENT freed 361K, 7% free 9983K/10631K, paused 1ms+3ms
06-28 17:39:30.358   151   202 I power   : *** set_screen_state 1
06-28 17:39:30.413   151   202 I WindowManager: Lock screen displayed!
06-28 17:39:30.538   585   588 D dalvikvm: GC_CONCURRENT freed 329K, 6% free 10038K/10631K, paused 2ms+3ms
06-28 17:39:30.569    79   119 D SurfaceFlinger: Screen about to return, flinger = 0x10eb918
06-28 17:39:33.136   661   662 D dalvikvm: GC_CONCURRENT freed 437K, 8% free 10712K/11527K, paused 3ms+2ms
06-28 17:39:33.171  1113  1113 I wpa_supplicant: wlan0: Associated with d0:c2:82:66:69:21
06-28 17:39:33.182  1113  1113 I wpa_supplicant: wlan0: CTRL-EVENT-EAP-STARTED EAP authentication started
06-28 17:39:33.186  1113  1113 I wpa_supplicant: wlan0: CTRL-EVENT-EAP-PROPOSED-METHOD vendor=0 method=4 -> NAK
06-28 17:39:33.190  1113  1113 I wpa_supplicant: wlan0: CTRL-EVENT-EAP-PROPOSED-METHOD vendor=0 method=25
06-28 17:39:33.190  1113  1113 I wpa_supplicant: wlan0: CTRL-EVENT-EAP-METHOD EAP vendor 0 method 25 (PEAP) selected
06-28 17:39:33.198  1113  1113 I wpa_supplicant: EAP-TLV: TLV Result - Success - EAP-TLV/Phase2 Completed
06-28 17:39:33.347   585   588 D dalvikvm: GC_CONCURRENT freed 745K, 9% free 9685K/10631K, paused 2ms+2ms
06-28 17:39:33.577   585   588 D dalvikvm: GC_CONCURRENT freed 176K, 7% free 9895K/10631K, paused 2ms+19ms
06-28 17:39:33.780   585   588 D dalvikvm: GC_CONCURRENT freed 339K, 7% free 9943K/10631K, paused 2ms+3ms
06-28 17:39:33.956   585  1688 D dalvikvm: GC_EXPLICIT freed 323K, 7% free 9967K/10631K, paused 2ms+4ms
06-28 17:39:34.022   151   198 I power   : *** set_screen_state 0
06-28 17:39:34.065    79   119 D SurfaceFlinger: About to give-up screen, flinger = 0x10eb918
06-28 17:39:34.163   151   202 D dalvikvm: GC_FOR_ALLOC freed 255K, 11% free 13538K/15111K, paused 42ms
06-28 17:39:34.163   151   202 I dalvikvm-heap: Grow heap (frag case) to 13.395MB for 104992-byte allocation
06-28 17:39:34.222   151   590 D dalvikvm: GC_FOR_ALLOC freed 46K, 11% free 13594K/15239K, paused 44ms
06-28 17:39:34.280   151   202 D dalvikvm: GC_FOR_ALLOC freed 10K, 11% free 13586K/15239K, paused 45ms
06-28 17:39:34.280   151   202 I dalvikvm-heap: Grow heap (frag case) to 13.442MB for 104992-byte allocation
06-28 17:39:34.335   151   590 D dalvikvm: GC_FOR_ALLOC freed 1K, 11% free 13688K/15367K, paused 41ms
06-28 17:39:34.386   151   202 D dalvikvm: GC_FOR_ALLOC freed <1K, 11% free 13688K/15367K, paused 40ms
06-28 17:39:34.386   151   202 I dalvikvm-heap: Grow heap (frag case) to 13.541MB for 104992-byte allocation
06-28 17:39:34.386  1153  1153 E Finsky  : [1] 2.onErrorResponse: Failed to send 1 events because of [com.android.volley.TimeoutError]
06-28 17:39:34.386  1153  1153 D Volley  : [1] Request.finish: 7115 ms: [ ] https://android.clients.google.com/fdfe/log NORMAL 115
06-28 17:39:34.440   151   590 D dalvikvm: GC_FOR_ALLOC freed <1K, 12% free 13790K/15495K, paused 41ms
06-28 17:39:34.444   151   202 V TransportControlView: Create TCV com.android.internal.widget.TransportControlView@414390e8
06-28 17:39:34.573   585   588 D dalvikvm: GC_CONCURRENT freed 334K, 6% free 10020K/10631K, paused 2ms+2ms
06-28 17:39:35.261   661   662 D dalvikvm: GC_CONCURRENT freed 450K, 8% free 10714K/11527K, paused 2ms+6ms
06-28 17:39:35.347   585   588 D dalvikvm: GC_CONCURRENT freed 783K, 10% free 9635K/10631K, paused 3ms+6ms
06-28 17:39:35.577   585   588 D dalvikvm: GC_CONCURRENT freed 152K, 8% free 9876K/10631K, paused 1ms+5ms
06-28 17:39:35.823   585   588 D dalvikvm: GC_CONCURRENT freed 307K, 7% free 9955K/10631K, paused 2ms+7ms
06-28 17:39:36.011   585   588 D dalvikvm: GC_CONCURRENT freed 375K, 7% free 9971K/10631K, paused 2ms+3ms
06-28 17:39:36.214   585   588 D dalvikvm: GC_CONCURRENT freed 352K, 6% free 10009K/10631K, paused 2ms+3ms
06-28 17:39:36.483   585   588 D dalvikvm: GC_CONCURRENT freed 352K, 6% free 10043K/10631K, paused 2ms+3ms
06-28 17:39:36.932   151   202 I power   : *** set_screen_state 1
06-28 17:39:36.956   151   202 I WindowManager: Lock screen displayed!
06-28 17:39:37.046   661   662 D dalvikvm: GC_CONCURRENT freed 446K, 7% free 10724K/11527K, paused 30ms+3ms
06-28 17:39:37.128    79   119 D SurfaceFlinger: Screen about to return, flinger = 0x10eb918
06-28 17:39:37.323   585   588 D dalvikvm: GC_CONCURRENT freed 629K, 8% free 9830K/10631K, paused 4ms+3ms
06-28 17:39:37.725   585   588 D dalvikvm: GC_CONCURRENT freed 273K, 7% free 9948K/10631K, paused 2ms+3ms
06-28 17:39:38.182   585   588 D dalvikvm: GC_CONCURRENT freed 366K, 7% free 9974K/10631K, paused 1ms+14ms
06-28 17:39:38.518   585   588 D dalvikvm: GC_CONCURRENT freed 356K, 6% free 10006K/10631K, paused 2ms+3ms
06-28 17:39:38.788   151   198 I power   : *** set_screen_state 0
06-28 17:39:38.815   585   588 D dalvikvm: GC_CONCURRENT freed 340K, 6% free 10062K/10631K, paused 2ms+10ms
06-28 17:39:38.835    79   119 D SurfaceFlinger: About to give-up screen, flinger = 0x10eb918
06-28 17:39:38.874   151   199 D dalvikvm: GC_FOR_ALLOC freed 787K, 15% free 13253K/15495K, paused 48ms
06-28 17:39:38.995   151   202 D dalvikvm: GC_FOR_ALLOC freed 63K, 11% free 13897K/15495K, paused 42ms
06-28 17:39:38.995   151   202 I dalvikvm-heap: Grow heap (frag case) to 13.746MB for 104992-byte allocation
06-28 17:39:39.042   151   202 D dalvikvm: GC_FOR_ALLOC freed 6K, 11% free 13993K/15623K, paused 46ms
06-28 17:39:39.046   151   202 V TransportControlView: Create TCV com.android.internal.widget.TransportControlView@416510f8
06-28 17:39:39.675   661   662 D dalvikvm: GC_CONCURRENT freed 458K, 7% free 10727K/11527K, paused 2ms+3ms
06-28 17:39:39.874   585   588 D dalvikvm: GC_CONCURRENT freed 704K, 8% free 9833K/10631K, paused 4ms+3ms
06-28 17:39:40.112   585   588 D dalvikvm: GC_CONCURRENT freed 282K, 7% free 9941K/10631K, paused 2ms+2ms
06-28 17:39:40.276   151   590 D dalvikvm: GC_EXPLICIT freed 720K, 15% free 13367K/15623K, paused 2ms+4ms
06-28 17:39:40.370   585   588 D dalvikvm: GC_CONCURRENT freed 366K, 7% free 9967K/10631K, paused 1ms+3ms
06-28 17:39:40.542   585   588 D dalvikvm: GC_CONCURRENT freed 352K, 6% free 10003K/10631K, paused 2ms+2ms
06-28 17:39:40.780   585   588 D dalvikvm: GC_CONCURRENT freed 336K, 6% free 10054K/10631K, paused 2ms+2ms
06-28 17:39:42.671   661   662 D dalvikvm: GC_CONCURRENT freed 475K, 7% free 10753K/11527K, paused 2ms+3ms
06-28 17:39:42.815   585   588 D dalvikvm: GC_CONCURRENT freed 719K, 8% free 9818K/10631K, paused 2ms+4ms
06-28 17:39:43.003   585   588 D dalvikvm: GC_CONCURRENT freed 269K, 7% free 9947K/10631K, paused 2ms+2ms
06-28 17:39:43.179   585   588 D dalvikvm: GC_CONCURRENT freed 365K, 7% free 9969K/10631K, paused 2ms+2ms
06-28 17:39:43.350   585   588 D dalvikvm: GC_CONCURRENT freed 367K, 7% free 9993K/10631K, paused 2ms+2ms
06-28 17:39:43.577   585   588 D dalvikvm: GC_CONCURRENT freed 330K, 6% free 10053K/10631K, paused 2ms+2ms
06-28 17:39:44.557  1243  1260 I PhoneLab-: Service Running
06-28 17:39:44.636  1243  1260 I PhoneLab-LoggerService: app_36    1264  1243  1800   1424  c00f181c 400107b4 S logcat
06-28 17:39:44.636  1243  1260 I PhoneLab-LoggerService: Logcat pid from database 1264
06-28 17:39:44.636  1243  1260 I PhoneLab-LoggerService: Logcat process found 1264
06-28 17:39:44.636  1243  1260 I PhoneLab-LoggerService: Checking Threshold
06-28 17:39:44.714   661   662 D dalvikvm: GC_CONCURRENT freed 480K, 7% free 10789K/11527K, paused 2ms+3ms
06-28 17:39:44.831   585   588 D dalvikvm: GC_CONCURRENT freed 797K, 9% free 9737K/10631K, paused 2ms+3ms
06-28 17:39:44.987   585   588 D dalvikvm: GC_CONCURRENT freed 217K, 7% free 9914K/10631K, paused 2ms+2ms
06-28 17:39:45.159   585   588 D dalvikvm: GC_CONCURRENT freed 347K, 7% free 9967K/10631K, paused 1ms+2ms
06-28 17:39:45.331   585   588 D dalvikvm: GC_CONCURRENT freed 369K, 7% free 9991K/10631K, paused 1ms+2ms
06-28 17:39:45.569   585   588 D dalvikvm: GC_CONCURRENT freed 338K, 6% free 10042K/10631K, paused 1ms+2ms
06-28 17:39:46.339   661   662 D dalvikvm: GC_CONCURRENT freed 485K, 7% free 10804K/11527K, paused 2ms+3ms
06-28 17:39:46.401   585   588 D dalvikvm: GC_CONCURRENT freed 809K, 10% free 9633K/10631K, paused 1ms+2ms
06-28 17:39:46.538   585   588 D dalvikvm: GC_CONCURRENT freed 132K, 7% free 9893K/10631K, paused 2ms+2ms
06-28 17:39:46.714   585   588 D dalvikvm: GC_CONCURRENT freed 306K, 7% free 9983K/10631K, paused 1ms+3ms
06-28 17:39:46.882   585   588 D dalvikvm: GC_CONCURRENT freed 382K, 6% free 9997K/10631K, paused 1ms+3ms
06-28 17:39:47.081   585   588 D dalvikvm: GC_CONCURRENT freed 348K, 6% free 10039K/10631K, paused 2ms+3ms
06-28 17:39:47.354   585   588 D dalvikvm: GC_CONCURRENT freed 353K, 6% free 10071K/10631K, paused 2ms+3ms
06-28 17:39:49.514   661   662 D dalvikvm: GC_CONCURRENT freed 544K, 7% free 10744K/11527K, paused 2ms+2ms
06-28 17:39:49.612   585   588 D dalvikvm: GC_CONCURRENT freed 653K, 8% free 9883K/10631K, paused 2ms+2ms
06-28 17:39:49.823   585   588 D dalvikvm: GC_CONCURRENT freed 293K, 7% free 9979K/10631K, paused 2ms+3ms
06-28 17:39:49.991   585   588 D dalvikvm: GC_CONCURRENT freed 374K, 6% free 9998K/10631K, paused 2ms+3ms
06-28 17:39:50.186   585   588 D dalvikvm: GC_CONCURRENT freed 358K, 6% free 10037K/10631K, paused 2ms+3ms
06-28 17:39:50.354   585   981 D dalvikvm: GC_FOR_ALLOC freed 255K, 6% free 10050K/10631K, paused 19ms
06-28 17:39:51.100   585   726 D dalvikvm: GC_EXPLICIT freed 726K, 10% free 9593K/10631K, paused 2ms+7ms
06-28 17:39:51.179   151   784 D dalvikvm: GC_EXPLICIT freed 195K, 15% free 13366K/15623K, paused 2ms+4ms
06-28 17:39:51.241   585   588 D dalvikvm: GC_CONCURRENT freed 96K, 8% free 9884K/10631K, paused 2ms+2ms
06-28 17:39:51.456   585   588 D dalvikvm: GC_CONCURRENT freed 315K, 7% free 9960K/10631K, paused 1ms+3ms
06-28 17:39:51.620   585   588 D dalvikvm: GC_CONCURRENT freed 365K, 7% free 9984K/10631K, paused 1ms+3ms
06-28 17:39:51.835   585   588 D dalvikvm: GC_CONCURRENT freed 362K, 6% free 10022K/10631K, paused 1ms+3ms
06-28 17:39:52.132   585   588 D dalvikvm: GC_CONCURRENT freed 354K, 6% free 10053K/10631K, paused 2ms+2ms
06-28 17:39:52.733   661   662 D dalvikvm: GC_CONCURRENT freed 465K, 7% free 10773K/11527K, paused 2ms+3ms
06-28 17:39:52.889   585   588 D dalvikvm: GC_CONCURRENT freed 625K, 7% free 9891K/10631K, paused 2ms+2ms
06-28 17:39:53.104   585   588 D dalvikvm: GC_CONCURRENT freed 309K, 7% free 9972K/10631K, paused 1ms+3ms
06-28 17:39:53.288   585   588 D dalvikvm: GC_CONCURRENT freed 386K, 7% free 9981K/10631K, paused 1ms+3ms
06-28 17:39:53.495   585   588 D dalvikvm: GC_CONCURRENT freed 358K, 6% free 10024K/10631K, paused 2ms+3ms
06-28 17:39:53.667   585   723 D dalvikvm: GC_FOR_ALLOC freed 255K, 6% free 10037K/10631K, paused 18ms
06-28 17:39:54.413   661   662 D dalvikvm: GC_CONCURRENT freed 760K, 9% free 10499K/11527K, paused 2ms+2ms
06-28 17:39:54.522   585   588 D dalvikvm: GC_CONCURRENT freed 688K, 9% free 9774K/10631K, paused 2ms+3ms
06-28 17:39:54.565  1113  1113 I wpa_supplicant: wlan0: CTRL-EVENT-DISCONNECTED bssid=d0:c2:82:66:69:21 reason=0
06-28 17:39:54.569    76   114 D CommandListener: Clearing all IP addresses on wlan0
06-28 17:39:54.600   151   312 D ConnectivityService: ConnectivityChange for WIFI: DISCONNECTED/DISCONNECTED
06-28 17:39:54.639   151   312 D ConnectivityService: Attempting to switch to mobile
06-28 17:39:54.651   151   312 D ConnectivityService: Attempting to switch to WIMAX
06-28 17:39:54.651   151   312 D ConnectivityService: Attempting to switch to BLUETOOTH_TETHER
06-28 17:39:54.690   151   312 E ConnectivityService: Exception trying to remove a route: java.lang.IllegalStateException: Unable to communicate with native dameon to add routes - com.android.server.NativeDaemonConnectorException: Cmd {interface route remove wlan0 default 67.20.205.254 32 0.0.0.0} failed with code 400 : {Failed to remove route from default table (No such process)}
06-28 17:39:54.694   151   312 D NetUtils: android_net_utils_resetConnections in env=0x16b8d40 clazz=0x57600001 iface=wlan0 mask=0x3
06-28 17:39:54.694   151   312 E ConnectivityService: Exception trying to remove a route: java.lang.IllegalStateException: Unable to communicate with native dameon to add routes - com.android.server.NativeDaemonConnectorException: Cmd {interface route remove wlan0 default 0.0.0.0 0 67.20.205.254} failed with code 400 : {Failed to remove route from default table (No such process)}
06-28 17:39:54.694   151   312 D ConnectivityService: resetConnections(wlan0, 3)
06-28 17:39:54.737   661  1568 W GDataClient: Unable to execute HTTP request.javax.net.ssl.SSLException: Read error: ssl=0x19ce650: I/O error during system call, Connection timed out
06-28 17:39:54.745   661  1472 W Smack/Packet: notify conn break (IOEx), close connection
06-28 17:39:54.768   661  1568 D ContactsSyncAdapter: IO error, ignoring rest of feed
06-28 17:39:54.768   661  1568 D ContactsSyncAdapter: javax.net.ssl.SSLException: Read error: ssl=0x19ce650: I/O error during system call, Connection timed out
06-28 17:39:54.768   661  1568 D ContactsSyncAdapter: 	at org.apache.harmony.xnet.provider.jsse.NativeCrypto.SSL_read(Native Method)
06-28 17:39:54.768   661  1568 D ContactsSyncAdapter: 	at org.apache.harmony.xnet.provider.jsse.OpenSSLSocketImpl$SSLInputStream.read(OpenSSLSocketImpl.java:671)
06-28 17:39:54.768   661  1568 D ContactsSyncAdapter: 	at org.apache.http.impl.io.AbstractSessionInputBuffer.fillBuffer(AbstractSessionInputBuffer.java:103)
06-28 17:39:54.768   661  1568 D ContactsSyncAdapter: 	at org.apache.http.impl.io.AbstractSessionInputBuffer.readLine(AbstractSessionInputBuffer.java:191)
06-28 17:39:54.768   661  1568 D ContactsSyncAdapter: 	at org.apache.http.impl.conn.DefaultResponseParser.parseHead(DefaultResponseParser.java:82)
06-28 17:39:54.768   661  1568 D ContactsSyncAdapter: 	at org.apache.http.impl.io.AbstractMessageParser.parse(AbstractMessageParser.java:174)
06-28 17:39:54.768   661  1568 D ContactsSyncAdapter: 	at org.apache.http.impl.AbstractHttpClientConnection.receiveResponseHeader(AbstractHttpClientConnection.java:180)
06-28 17:39:54.768   661  1568 D ContactsSyncAdapter: 	at org.apache.http.impl.conn.DefaultClientConnection.receiveResponseHeader(DefaultClientConnection.java:235)
06-28 17:39:54.768   661  1568 D ContactsSyncAdapter: 	at org.apache.http.impl.conn.AbstractClientConnAdapter.receiveResponseHeader(AbstractClientConnAdapter.java:259)
06-28 17:39:54.768   661  1568 D ContactsSyncAdapter: 	at org.apache.http.protocol.HttpRequestExecutor.doReceiveResponse(HttpRequestExecutor.java:279)
06-28 17:39:54.768   661  1568 D ContactsSyncAdapter: 	at org.apache.http.protocol.HttpRequestExecutor.execute(HttpRequestExecutor.java:121)
06-28 17:39:54.768   661  1568 D ContactsSyncAdapter: 	at org.apache.http.impl.client.DefaultRequestDirector.execute(DefaultRequestDirector.java:428)
06-28 17:39:54.768   661  1568 D ContactsSyncAdapter: 	at org.apache.http.impl.client.AbstractHttpClient.execute(AbstractHttpClient.java:555)
06-28 17:39:54.768   661  1568 D ContactsSyncAdapter: 	at org.apache.http.impl.client.AbstractHttpClient.execute(AbstractHttpClient.java:487)
06-28 17:39:54.768   661  1568 D ContactsSyncAdapter: 	at android.net.http.AndroidHttpClient.execute(AndroidHttpClient.java:257)
06-28 17:39:54.768   661  1568 D ContactsSyncAdapter: 	at com.google.android.common.http.GoogleHttpClient.executeWithoutRewriting(GoogleHttpClient.java:202)
06-28 17:39:54.768   661  1568 D ContactsSyncAdapter: 	at com.google.android.common.http.GoogleHttpClient.execute(GoogleHttpClient.java:259)
06-28 17:39:54.768   661  1568 D ContactsSyncAdapter: 	at com.google.android.common.http.GoogleHttpClient.execute(GoogleHttpClient.java:312)
06-28 17:39:54.768   661  1568 D ContactsSyncAdapter: 	at com.google.android.common.gdata2.AndroidGDataClient.createAndExecuteMethod(AndroidGDataClient.java:281)
06-28 17:39:54.768   661  1568 D ContactsSyncAdapter: 	at com.google.android.syncadapters.HttpsOnlyAndroidGDataClient.createAndExecuteMethod(HttpsOnlyAndroidGDataClient.java:32)
06-28 17:39:54.768   661  1568 D ContactsSyncAdapter: 	at com.google.android.common.gdata2.AndroidGDataClient.getFeedAsStream(AndroidGDataClient.java:415)
06-28 17:39:54.768   661  1568 D ContactsSyncAdapter: 	at com.google.wireless.gdata2.client.GDataServiceClient.getParserForFeed(GDataServiceClient.java:108)
06-28 17:39:54.768   661  1568 D ContactsSyncAdapter: 	at com.google.android.syncadapters.GDataFeedFetcher.fetchFeed(GDataFeedFetcher.java:184)
06-28 17:39:54.768   661  1568 D ContactsSyncAdapter: 	at com.google.android.syncadapters.GDataFeedFetcher.run(GDataFeedFetcher.java:98)
06-28 17:39:54.768   661  1568 D ContactsSyncAdapter: 	at com.google.android.syncadapters.contacts.ContactsSyncAdapter$ContactsGDataFeedFetcher.run(ContactsSyncAdapter.java:1405)
06-28 17:39:54.768   661  1568 D ContactsSyncAdapter: 	at java.lang.Thread.run(Thread.java:856)
06-28 17:39:54.874   585   588 D dalvikvm: GC_CONCURRENT freed 237K, 7% free 9930K/10631K, paused 2ms+3ms
06-28 17:39:54.897   661  1472 I qtaguid : Failed write_ctrl(u 71) res=-1 errno=22
06-28 17:39:54.897   661  1472 I qtaguid : Untagging socket 71 failed errno=-22
06-28 17:39:54.897   661  1472 W NetworkManagementSocketTagger: untagSocket(71) failed with errno -22
06-28 17:39:54.909   151   312 D ConnectivityService: handleInetConditionChange: no active default network - ignore
06-28 17:39:55.218  1113  1113 I wpa_supplicant: wlan0: Trying to associate with 0c:85:25:c7:2c:61 (SSID='UB_Secure' freq=2412 MHz)
06-28 17:39:55.405  1113  1113 I wpa_supplicant: wlan0: Associated with 0c:85:25:c7:2c:61
06-28 17:39:55.413  1113  1113 I wpa_supplicant: wlan0: CTRL-EVENT-EAP-STARTED EAP authentication started
06-28 17:39:55.444  1113  1113 I wpa_supplicant: wlan0: CTRL-EVENT-EAP-PROPOSED-METHOD vendor=0 method=4 -> NAK
06-28 17:39:55.448  1113  1113 I wpa_supplicant: wlan0: CTRL-EVENT-EAP-PROPOSED-METHOD vendor=0 method=25
06-28 17:39:55.448  1113  1113 I wpa_supplicant: wlan0: CTRL-EVENT-EAP-METHOD EAP vendor 0 method 25 (PEAP) selected
06-28 17:39:55.456  1113  1113 I wpa_supplicant: EAP-TLV: TLV Result - Success - EAP-TLV/Phase2 Completed
06-28 17:39:57.745   151   315 D Tethering: MasterInitialState.processMessage what=3
06-28 17:39:57.866  1136  1152 D PicasaSyncManager: active network: null
06-28 17:39:57.874  1136  1152 D PicasaSyncManager: background data: true
06-28 17:39:57.932   151   590 I ActivityManager: Start proc com.google.android.apps.uploader for broadcast com.google.android.apps.uploader/.ConnectivityBroadcastReceiver: pid=1765 uid=10029 gids={3003}
06-28 17:39:57.944  1765  1765 I dalvikvm: Turning on JNI app bug workarounds for target SDK version 11...
06-28 17:39:58.007  1765  1765 I ActivityThread: Pub com.google.android.apps.uploader: com.google.android.apps.uploader.UploadsContentProvider
06-28 17:39:58.011  1765  1765 I ActivityThread: Pub com.google.photos.provider.Album: com.google.android.apps.uploader.clients.picasa.AlbumProvider
06-28 17:39:58.018  1765  1765 D MediaUploader: UploaderApplication.onCreate
06-28 17:39:58.054  1765  1765 D MediaUploader: nonWifiLimit=20971520, default=20971520
06-28 17:39:58.061  1765  1765 I MediaUploader: No need to wake up
06-28 17:39:58.065  1243  1243 I PhoneLab-WiFiReceiver: Wi-Fi is disconnected!
06-28 17:39:58.069   151   503 I ActivityManager: No longer want com.android.email (pid 912): hidden #16
06-28 17:39:58.323   585   588 D dalvikvm: GC_CONCURRENT freed 355K, 7% free 9968K/10631K, paused 1ms+3ms
06-28 17:39:58.499   585   588 D dalvikvm: GC_CONCURRENT freed 390K, 7% free 9969K/10631K, paused 2ms+3ms
06-28 17:39:58.729   585   588 D dalvikvm: GC_CONCURRENT freed 335K, 6% free 10023K/10631K, paused 1ms+2ms
06-28 17:39:59.378   661   662 D dalvikvm: GC_CONCURRENT freed 354K, 9% free 10575K/11527K, paused 2ms+4ms
06-28 17:39:59.518   585   588 D dalvikvm: GC_CONCURRENT freed 653K, 8% free 9834K/10631K, paused 1ms+3ms
06-28 17:39:59.718   585   588 D dalvikvm: GC_CONCURRENT freed 296K, 7% free 9926K/10631K, paused 2ms+2ms
06-28 17:39:59.940   585   588 D dalvikvm: GC_CONCURRENT freed 367K, 7% free 9952K/10631K, paused 2ms+2ms
06-28 17:40:00.190   585   588 D dalvikvm: GC_CONCURRENT freed 348K, 7% free 9992K/10631K, paused 1ms+3ms
06-28 17:40:00.917   661   662 D dalvikvm: GC_CONCURRENT freed 704K, 11% free 10291K/11527K, paused 1ms+2ms
06-28 17:40:01.003   585   588 D dalvikvm: GC_CONCURRENT freed 750K, 10% free 9667K/10631K, paused 2ms+3ms
06-28 17:40:01.147   585   588 D dalvikvm: GC_CONCURRENT freed 220K, 8% free 9849K/10631K, paused 2ms+2ms
06-28 17:40:01.214   151   503 D dalvikvm: GC_EXPLICIT freed 898K, 15% free 13302K/15623K, paused 3ms+6ms
06-28 17:40:01.378   585   588 D dalvikvm: GC_CONCURRENT freed 337K, 7% free 9912K/10631K, paused 2ms+2ms
06-28 17:40:01.569   585   588 D dalvikvm: GC_CONCURRENT freed 365K, 7% free 9938K/10631K, paused 2ms+3ms
06-28 17:40:01.866   585   588 D dalvikvm: GC_CONCURRENT freed 356K, 7% free 9967K/10631K, paused 1ms+3ms
06-28 17:40:02.100   151   312 D ConnectivityService: ConnectivityChange for mobile: CONNECTED/CONNECTED
06-28 17:40:02.382   151   307 D NetworkPolicy: applying policy NetworkPolicy[NetworkTemplate: matchRule=MOBILE_ALL, subscriberId=valid]: cycleDay=28, warningBytes=2147483648, limitBytes=-1, lastSnooze=-1 to ifaces [rmnet0]
06-28 17:40:02.682   661  1560 D ContactsSyncAdapter: getServerDiffs failed due to an IOException
06-28 17:40:02.682   661  1560 D ContactsSyncAdapter: FAILURE: processed 998 records in 155835 ms from feed http://www.google.com/m8/feeds/contacts/steven.y.ko@gmail.com/base2_property-android_linksto-gprofiles, updated time is null
06-28 17:40:02.694   151   194 D SyncManager: failed sync operation steven.y.ko@gmail.com (com.google), com.android.contacts, SERVER, earliestRunTime 197722, SyncResult: stats [ numIoExceptions: 2 numInserts: 1003 numUpdates: 2 numEntries: 1005]
06-28 17:40:02.737   151   194 I ActivityManager: Start proc com.google.android.syncadapters.calendar for service com.google.android.syncadapters.calendar/.CalendarSyncAdapterService: pid=1784 uid=10018 gids={3003}
06-28 17:40:02.823   151   373 I ActivityManager: Start proc com.android.providers.calendar for content provider com.android.providers.calendar/.CalendarProvider2: pid=1800 uid=10006 gids={3003, 1015}
06-28 17:40:02.870  1800  1800 I ActivityThread: Pub com.android.calendar: com.android.providers.calendar.CalendarProvider2
06-28 17:40:02.991   617   617 D OpenGLRenderer: Flushing caches (mode 1)
06-28 17:40:03.104   151   312 D ConnectivityService: NetTransition Wakelock for WifiStateMachine released by timeout
06-28 17:40:03.143  1800  1811 D dalvikvm: GC_FOR_ALLOC freed 382K, 5% free 9154K/9607K, paused 44ms
06-28 17:40:03.179  1800  1802 D dalvikvm: GC_CONCURRENT freed 53K, 5% free 9152K/9607K, paused 1ms+3ms
06-28 17:40:04.054   617   620 D dalvikvm: GC_CONCURRENT freed 538K, 6% free 9753K/10375K, paused 2ms+10ms
06-28 17:40:04.936   617   617 D OpenGLRenderer: Flushing caches (mode 1)
06-28 17:40:05.073  1784  1787 D dalvikvm: GC_CONCURRENT freed 350K, 6% free 9124K/9607K, paused 6ms+2ms
06-28 17:40:05.245   151   315 D Tethering: MasterInitialState.processMessage what=3
06-28 17:40:05.335   661   661 I GTalkService/c: [AndroidEndpoint@1094379320] connect: acct=1000000, state=CONNECTING
06-28 17:40:05.335   661   661 I GTalkService/c: [GTalkConnection@1094578336] connect: acct=1, state=CONNECTING
06-28 17:40:05.366  1765  1765 I MediaUploader: No need to wake up
06-28 17:40:05.370  1136  1152 D PicasaSyncManager: active network: NetworkInfo: type: mobile[CDMA - EvDo rev. A], state: CONNECTED/CONNECTED, reason: (unspecified), extra: , roaming: false, failover: true, isAvailable: true
06-28 17:40:05.370  1136  1152 D PicasaSyncManager: background data: true
06-28 17:40:05.425   536   538 D dalvikvm: GC_CONCURRENT freed 1400K, 14% free 9421K/10951K, paused 2ms+10ms
06-28 17:40:06.042   661   662 D dalvikvm: GC_CONCURRENT freed 440K, 12% free 10238K/11527K, paused 14ms+5ms
06-28 17:40:06.749  1784  1787 D dalvikvm: GC_CONCURRENT freed 335K, 5% free 9201K/9671K, paused 3ms+1ms
06-28 17:40:06.804   151   593 I ActivityManager: No longer want com.google.android.partnersetup (pid 1396): hidden #16
06-28 17:40:06.905   151   154 D dalvikvm: GC_CONCURRENT freed 1020K, 15% free 13353K/15623K, paused 2ms+5ms
06-28 17:40:07.472   151   312 D ConnectivityService: handleInetConditionHoldEnd: net=0, condition=100, published condition=0
06-28 17:40:07.991   617   617 D OpenGLRenderer: Flushing caches (mode 1)
06-28 17:40:08.093   661   662 D dalvikvm: GC_CONCURRENT freed 325K, 11% free 10326K/11527K, paused 2ms+3ms
06-28 17:40:10.050  1113  1113 I wpa_supplicant: wlan0: CTRL-EVENT-DISCONNECTED bssid=0c:85:25:c7:2c:61 reason=0
06-28 17:40:10.198   661   662 D dalvikvm: GC_CONCURRENT freed 259K, 10% free 10452K/11527K, paused 17ms+3ms
06-28 17:40:10.698  1113  1113 I wpa_supplicant: wlan0: Trying to associate with 58:35:d9:38:bc:11 (SSID='UB_Secure' freq=2412 MHz)
06-28 17:40:10.718  1113  1113 I wpa_supplicant: wlan0: Associated with 58:35:d9:38:bc:11
06-28 17:40:10.722  1113  1113 I wpa_supplicant: wlan0: CTRL-EVENT-EAP-STARTED EAP authentication started
06-28 17:40:10.725  1113  1113 I wpa_supplicant: wlan0: CTRL-EVENT-EAP-PROPOSED-METHOD vendor=0 method=4 -> NAK
06-28 17:40:10.729  1113  1113 I wpa_supplicant: wlan0: CTRL-EVENT-EAP-PROPOSED-METHOD vendor=0 method=25
06-28 17:40:10.729  1113  1113 I wpa_supplicant: wlan0: CTRL-EVENT-EAP-METHOD EAP vendor 0 method 25 (PEAP) selected
06-28 17:40:10.733  1113  1113 I wpa_supplicant: EAP-TLV: TLV Result - Success - EAP-TLV/Phase2 Completed
06-28 17:40:17.796   151   784 D dalvikvm: GC_EXPLICIT freed 363K, 15% free 13308K/15623K, paused 2ms+5ms
06-28 17:40:17.831   661  1827 D dalvikvm: GC_EXPLICIT freed 131K, 9% free 10589K/11527K, paused 2ms+4ms
06-28 17:40:18.007  1483  1485 D dalvikvm: GC_CONCURRENT freed 317K, 5% free 9395K/9863K, paused 20ms+3ms
06-28 17:40:18.034  1483  1494 D dalvikvm: GC_EXPLICIT freed 193K, 7% free 9202K/9863K, paused 2ms+2ms
06-28 17:40:18.311  1483  1485 D dalvikvm: GC_CONCURRENT freed 311K, 5% free 9402K/9863K, paused 2ms+3ms
06-28 17:40:18.487  1483  1495 D dalvikvm: GC_EXPLICIT freed 411K, 7% free 9261K/9863K, paused 2ms+3ms
06-28 17:40:18.811  1483  1485 D dalvikvm: GC_CONCURRENT freed 408K, 6% free 9344K/9863K, paused 1ms+4ms
06-28 17:40:18.999   151   785 D dalvikvm: GC_EXPLICIT freed 153K, 15% free 13289K/15623K, paused 3ms+4ms
06-28 17:40:19.054   661  1827 D dalvikvm: GC_EXPLICIT freed 291K, 8% free 10617K/11527K, paused 2ms+5ms
06-28 17:40:19.100  1483  1831 D dalvikvm: GC_EXPLICIT freed 352K, 6% free 9275K/9863K, paused 2ms+3ms
06-28 17:40:19.389  1483  1485 D dalvikvm: GC_CONCURRENT freed 382K, 6% free 9318K/9863K, paused 2ms+2ms
06-28 17:40:19.706  1483  1485 D dalvikvm: GC_CONCURRENT freed 482K, 6% free 9373K/9927K, paused 2ms+2ms
06-28 17:40:19.776  1483  1494 D dalvikvm: GC_EXPLICIT freed 175K, 8% free 9218K/9927K, paused 2ms+3ms
06-28 17:40:20.108  1483  1485 D dalvikvm: GC_CONCURRENT freed 341K, 6% free 9355K/9927K, paused 2ms+3ms
06-28 17:40:20.331  1136  1834 D PicasaSyncService: start to perform sync on steven.y.ko@gmail.com
06-28 17:40:20.347  1136  1152 V PicasaContentProvider: querySettings: defaults: {sync_on_wifi_only=1, auto_upload_account_type=null, sync_on_battery=1, sync_picasa_on_wifi_only=1, auto_upload_enabled=0, video_upload_wifi_only=1, sync_on_roaming=0, auto_upload_account_name=null}
06-28 17:40:20.354  1136  1152 D PicasaSyncManager: reject MetadataSyncTask (steven.y.ko@gmail.com) for wifi connection
06-28 17:40:20.366  1136  1834 D PicasaSyncService: sync finished - false
06-28 17:40:20.417  1136  1152 V PicasaContentProvider: querySettings: defaults: {sync_on_wifi_only=1, auto_upload_account_type=null, sync_on_battery=1, sync_picasa_on_wifi_only=1, auto_upload_enabled=0, video_upload_wifi_only=1, sync_on_roaming=0, auto_upload_account_name=null}
06-28 17:40:20.440  1136  1138 D dalvikvm: GC_CONCURRENT freed 220K, 7% free 10489K/11207K, paused 6ms+4ms
06-28 17:40:20.440  1136  1152 D PicasaSyncManager: reject MetadataSyncTask (steven.y.ko@gmail.com) for wifi connection
06-28 17:40:20.468   617   617 D OpenGLRenderer: Flushing caches (mode 1)
06-28 17:40:21.339   661   662 D dalvikvm: GC_CONCURRENT freed 596K, 10% free 10426K/11527K, paused 21ms+3ms
06-28 17:40:21.745  1113  1113 I wpa_supplicant: wlan0: CTRL-EVENT-DISCONNECTED bssid=58:35:d9:38:bc:11 reason=0
06-28 17:40:23.022  1113  1113 I wpa_supplicant: wlan0: Trying to associate with 58:35:d9:38:a1:41 (SSID='UB_Secure' freq=2437 MHz)
06-28 17:40:23.194   388   389 D dalvikvm: GC_CONCURRENT freed 191K, 5% free 9942K/10375K, paused 2ms+3ms
06-28 17:40:23.233   388   388 D dalvikvm: GC_FOR_ALLOC freed 364K, 8% free 9739K/10567K, paused 14ms
06-28 17:40:23.362   388   389 D dalvikvm: GC_CONCURRENT freed 336K, 8% free 9809K/10567K, paused 2ms+2ms
06-28 17:40:24.003   661   662 D dalvikvm: GC_CONCURRENT freed 370K, 10% free 10444K/11527K, paused 15ms+3ms
06-28 17:40:25.136   151   590 D dalvikvm: GC_EXPLICIT freed 262K, 15% free 13315K/15623K, paused 3ms+6ms
06-28 17:40:25.350   617   617 D OpenGLRenderer: Flushing caches (mode 1)
06-28 17:40:25.429  1800  1814 I CalendarProvider2: No events to update: uri=content://com.android.calendar/events?account_name=steven.y.ko%40gmail.com&account_type=com.google&caller_is_syncadapter=true selection=_sync_id IS NOT NULL AND calendar_id=1 selectionArgs=null
06-28 17:40:26.472  1784  1787 D dalvikvm: GC_CONCURRENT freed 251K, 4% free 9362K/9735K, paused 2ms+2ms
06-28 17:40:26.675  1800  1802 D dalvikvm: GC_CONCURRENT freed 258K, 4% free 9290K/9671K, paused 2ms+3ms
06-28 17:40:26.921  1800  1802 D dalvikvm: GC_CONCURRENT freed 306K, 5% free 9426K/9863K, paused 1ms+3ms
06-28 17:40:27.225  1784  1787 D dalvikvm: GC_CONCURRENT freed 493K, 7% free 9307K/9927K, paused 1ms+2ms
06-28 17:40:27.300  1800  1802 D dalvikvm: GC_CONCURRENT freed 610K, 8% free 9257K/9991K, paused 2ms+3ms
06-28 17:40:27.487  1113  1113 I wpa_supplicant: wlan0: CTRL-EVENT-DISCONNECTED bssid=58:35:d9:38:a1:41 reason=0
06-28 17:40:27.600  1800  1802 D dalvikvm: GC_CONCURRENT freed 430K, 8% free 9214K/9991K, paused 1ms+8ms
06-28 17:40:27.682   617   617 D OpenGLRenderer: Flushing caches (mode 1)
06-28 17:40:27.718  1800  1812 I CalendarProvider2: No events to update: uri=content://com.android.calendar/events?account_name=steven.y.ko%40gmail.com&account_type=com.google&caller_is_syncadapter=true selection=_sync_id IS NOT NULL AND calendar_id=2 selectionArgs=null
06-28 17:40:28.128  1113  1113 I wpa_supplicant: wlan0: Trying to associate with e8:ba:70:f9:e1:51 (SSID='UB_Secure' freq=2462 MHz)
06-28 17:40:28.382  1800  1812 D dalvikvm: GC_EXPLICIT freed 102K, 8% free 9202K/9991K, paused 1ms+2ms
06-28 17:40:28.448   617   617 D OpenGLRenderer: Flushing caches (mode 1)
06-28 17:40:28.487  1800  1812 I CalendarProvider2: No events to update: uri=content://com.android.calendar/events?account_name=steven.y.ko%40gmail.com&account_type=com.google&caller_is_syncadapter=true selection=_sync_id IS NOT NULL AND calendar_id=3 selectionArgs=null
06-28 17:40:29.335   151   194 D dalvikvm: GC_EXPLICIT freed 332K, 15% free 13312K/15623K, paused 5ms+5ms
06-28 17:40:29.370  1784  1787 D dalvikvm: GC_CONCURRENT freed 441K, 7% free 9252K/9927K, paused 2ms+3ms
06-28 17:40:29.413   617   617 D OpenGLRenderer: Flushing caches (mode 1)
06-28 17:40:29.597  1800  1811 I CalendarProvider2: No events to update: uri=content://com.android.calendar/events?account_name=steven.y.ko%40gmail.com&account_type=com.google&caller_is_syncadapter=true selection=_sync_id IS NOT NULL AND calendar_id=4 selectionArgs=null
06-28 17:40:30.139  1784  1850 D dalvikvm: GC_EXPLICIT freed 155K, 8% free 9221K/9927K, paused 2ms+2ms
06-28 17:40:30.194   661  1541 D dalvikvm: GC_EXPLICIT freed 330K, 10% free 10441K/11527K, paused 2ms+4ms
06-28 17:40:30.214   617   617 D OpenGLRenderer: Flushing caches (mode 1)
06-28 17:40:30.772  1800  1802 D dalvikvm: GC_CONCURRENT freed 319K, 8% free 9273K/9991K, paused 3ms+5ms
06-28 17:40:30.850   617   617 D OpenGLRenderer: Flushing caches (mode 1)
06-28 17:40:31.632   617   617 D OpenGLRenderer: Flushing caches (mode 1)
06-28 17:40:31.839  1800  1859 W ContentResolver: Failed to get type for: content://com.android.calendar/1340974500000 (Unknown URL content://com.android.calendar/1340974500000)
06-28 17:40:34.116   617  1518 D dalvikvm: GC_EXPLICIT freed 363K, 7% free 9739K/10375K, paused 2ms+3ms
06-28 17:40:34.139   617   617 D OpenGLRenderer: Flushing caches (mode 1)
06-28 17:40:34.182  1784  1787 D dalvikvm: GC_CONCURRENT freed 350K, 7% free 9257K/9927K, paused 1ms+5ms
06-28 17:40:34.667  1800  1811 D dalvikvm: GC_EXPLICIT freed 287K, 8% free 9254K/9991K, paused 4ms+3ms
06-28 17:41:03.164  1113  1113 I wpa_supplicant: wlan0: Authentication with e8:ba:70:f9:e1:51 timed out.
06-28 17:41:03.414   617   617 D OpenGLRenderer: Flushing caches (mode 1)
06-28 17:41:04.597   661  1870 D ContactsSyncAdapter: resuming download from index 998, id http://www.google.com/m8/feeds/contacts/steven.y.ko%40gmail.com/base/55d438fa887bafea
06-28 17:41:04.714  1113  1113 I wpa_supplicant: wlan0: Trying to associate with e8:40:40:78:8f:11 (SSID='UB_Secure' freq=2412 MHz)
06-28 17:41:04.925    76   111 D NetlinkEvent: Unexpected netlink message. type=0xf
06-28 17:41:05.148   661   662 D dalvikvm: GC_CONCURRENT freed 359K, 10% free 10475K/11527K, paused 2ms+3ms
06-28 17:41:05.320   661   662 D dalvikvm: GC_CONCURRENT freed 225K, 8% free 10685K/11527K, paused 2ms+3ms
06-28 17:41:05.507   585   588 D dalvikvm: GC_CONCURRENT freed 695K, 9% free 9713K/10631K, paused 2ms+3ms
06-28 17:41:05.589   661   662 D dalvikvm: GC_CONCURRENT freed 177K, 5% free 10958K/11527K, paused 2ms+3ms
06-28 17:41:05.726   585   588 D dalvikvm: GC_CONCURRENT freed 195K, 7% free 9914K/10631K, paused 2ms+2ms
06-28 17:41:05.894   585   588 D dalvikvm: GC_CONCURRENT freed 332K, 7% free 9977K/10631K, paused 2ms+2ms
06-28 17:41:06.074   151   162 D dalvikvm: GC_EXPLICIT freed 480K, 15% free 13346K/15623K, paused 3ms+5ms
06-28 17:41:06.125   585   588 D dalvikvm: GC_CONCURRENT freed 369K, 6% free 10000K/10631K, paused 1ms+2ms
06-28 17:41:06.375   585   588 D dalvikvm: GC_CONCURRENT freed 334K, 6% free 10052K/10631K, paused 1ms+3ms
06-28 17:41:07.160   585   588 D dalvikvm: GC_CONCURRENT freed 761K, 8% free 9815K/10631K, paused 2ms+3ms
06-28 17:41:07.351   585   588 D dalvikvm: GC_CONCURRENT freed 259K, 7% free 9948K/10631K, paused 1ms+4ms
06-28 17:41:07.535   585   588 D dalvikvm: GC_CONCURRENT freed 362K, 7% free 9977K/10631K, paused 2ms+3ms
06-28 17:41:07.621   585   601 D dalvikvm: GC_EXPLICIT freed 185K, 7% free 9959K/10631K, paused 2ms+2ms
06-28 17:41:07.828   585   588 D dalvikvm: GC_CONCURRENT freed 319K, 6% free 10041K/10631K, paused 2ms+3ms
06-28 17:41:08.128   585   588 D dalvikvm: GC_CONCURRENT freed 354K, 6% free 10074K/10631K, paused 1ms+2ms
06-28 17:41:08.769   661   662 D dalvikvm: GC_CONCURRENT freed 605K, 7% free 10946K/11655K, paused 8ms+3ms
06-28 17:41:08.953   585   588 D dalvikvm: GC_CONCURRENT freed 662K, 8% free 9873K/10631K, paused 1ms+2ms
06-28 17:41:09.171   585   588 D dalvikvm: GC_CONCURRENT freed 260K, 6% free 10000K/10631K, paused 2ms+3ms
06-28 17:41:09.355   585   588 D dalvikvm: GC_CONCURRENT freed 374K, 6% free 10021K/10631K, paused 2ms+2ms
06-28 17:41:09.527   585   588 D dalvikvm: GC_CONCURRENT freed 353K, 6% free 10060K/10631K, paused 2ms+3ms
06-28 17:41:09.714   585   588 D dalvikvm: GC_CONCURRENT freed 363K, 6% free 10136K/10695K, paused 2ms+3ms
06-28 17:41:10.015   585   588 D dalvikvm: GC_CONCURRENT freed 403K, 6% free 10157K/10695K, paused 2ms+2ms
06-28 17:41:10.531   661   662 D dalvikvm: GC_CONCURRENT freed 686K, 7% free 10882K/11655K, paused 2ms+3ms
06-28 17:41:10.683   585   588 D dalvikvm: GC_CONCURRENT freed 700K, 8% free 9899K/10695K, paused 2ms+3ms
06-28 17:41:10.898   585   588 D dalvikvm: GC_CONCURRENT freed 317K, 7% free 9977K/10695K, paused 2ms+3ms
06-28 17:41:11.078   585   588 D dalvikvm: GC_CONCURRENT freed 368K, 7% free 10001K/10695K, paused 1ms+2ms
06-28 17:41:11.289   585   588 D dalvikvm: GC_CONCURRENT freed 367K, 7% free 10032K/10695K, paused 1ms+2ms
06-28 17:41:11.543   585   588 D dalvikvm: GC_CONCURRENT freed 342K, 6% free 10085K/10695K, paused 2ms+2ms
06-28 17:41:12.660   661   662 D dalvikvm: GC_CONCURRENT freed 502K, 7% free 10926K/11655K, paused 2ms+4ms
06-28 17:41:12.785   585   588 D dalvikvm: GC_CONCURRENT freed 678K, 9% free 9831K/10695K, paused 2ms+2ms
06-28 17:41:12.980   585   588 D dalvikvm: GC_CONCURRENT freed 257K, 7% free 9968K/10695K, paused 1ms+2ms
06-28 17:41:13.148   585   588 D dalvikvm: GC_CONCURRENT freed 357K, 7% free 10000K/10695K, paused 2ms+3ms
06-28 17:41:13.175   585   596 I dalvikvm: Jit: resizing JitTable from 4096 to 8192
06-28 17:41:13.336   585   588 D dalvikvm: GC_CONCURRENT freed 373K, 7% free 10022K/10695K, paused 1ms+2ms
06-28 17:41:13.586   585   588 D dalvikvm: GC_CONCURRENT freed 337K, 6% free 10085K/10695K, paused 1ms+2ms
06-28 17:41:14.449   661   662 D dalvikvm: GC_CONCURRENT freed 515K, 6% free 10987K/11655K, paused 2ms+3ms
06-28 17:41:14.531   585   588 D dalvikvm: GC_CONCURRENT freed 782K, 10% free 9728K/10695K, paused 2ms+3ms
06-28 17:41:14.683   585   588 D dalvikvm: GC_CONCURRENT freed 198K, 8% free 9928K/10695K, paused 1ms+2ms
06-28 17:41:14.847   151   590 D dalvikvm: GC_EXPLICIT freed 284K, 15% free 13296K/15623K, paused 2ms+5ms
06-28 17:41:14.867  1113  1113 I wpa_supplicant: wlan0: Authentication with e8:40:40:78:8f:11 timed out.
06-28 17:41:14.914   585   588 D dalvikvm: GC_CONCURRENT freed 332K, 7% free 9995K/10695K, paused 2ms+3ms
06-28 17:41:15.078   585   588 D dalvikvm: GC_CONCURRENT freed 374K, 7% free 10015K/10695K, paused 2ms+3ms
06-28 17:41:15.320   585   588 D dalvikvm: GC_CONCURRENT freed 347K, 6% free 10070K/10695K, paused 2ms+3ms
06-28 17:41:17.402   585   588 D dalvikvm: GC_CONCURRENT freed 806K, 10% free 9689K/10695K, paused 2ms+3ms
06-28 17:41:17.550   585   588 D dalvikvm: GC_CONCURRENT freed 170K, 8% free 9913K/10695K, paused 1ms+2ms
06-28 17:41:17.730   585   588 D dalvikvm: GC_CONCURRENT freed 323K, 7% free 9983K/10695K, paused 2ms+3ms
06-28 17:41:17.906   585   588 D dalvikvm: GC_CONCURRENT freed 366K, 7% free 10012K/10695K, paused 1ms+3ms
06-28 17:41:18.136   585   588 D dalvikvm: GC_CONCURRENT freed 352K, 7% free 10052K/10695K, paused 2ms+3ms
06-28 17:41:18.539   585   588 D dalvikvm: GC_CONCURRENT freed 365K, 6% free 10072K/10695K, paused 2ms+2ms
06-28 17:41:19.093   661   662 D dalvikvm: GC_CONCURRENT freed 489K, 5% free 11076K/11655K, paused 2ms+3ms
06-28 17:41:19.289   585   588 D dalvikvm: GC_CONCURRENT freed 612K, 8% free 9883K/10695K, paused 1ms+2ms
06-28 17:41:19.503   585   588 D dalvikvm: GC_CONCURRENT freed 285K, 7% free 9993K/10695K, paused 2ms+3ms
06-28 17:41:19.668   585   588 D dalvikvm: GC_CONCURRENT freed 360K, 7% free 10026K/10695K, paused 1ms+2ms
06-28 17:41:19.847   585   588 D dalvikvm: GC_CONCURRENT freed 373K, 7% free 10053K/10695K, paused 1ms+2ms
06-28 17:41:20.070   585   588 D dalvikvm: GC_CONCURRENT freed 329K, 6% free 10122K/10695K, paused 1ms+2ms
06-28 17:41:20.875   661   662 D dalvikvm: GC_CONCURRENT freed 800K, 8% free 10870K/11783K, paused 2ms+2ms
06-28 17:41:21.027   585   588 D dalvikvm: GC_CONCURRENT freed 864K, 9% free 9735K/10695K, paused 2ms+3ms
06-28 17:41:21.191   585   588 D dalvikvm: GC_CONCURRENT freed 206K, 8% free 9926K/10695K, paused 2ms+2ms
06-28 17:41:21.386   585   588 D dalvikvm: GC_CONCURRENT freed 333K, 7% free 9987K/10695K, paused 1ms+2ms
06-28 17:41:21.550   585   588 D dalvikvm: GC_CONCURRENT freed 353K, 7% free 10023K/10695K, paused 1ms+2ms
06-28 17:41:21.777   585   588 D dalvikvm: GC_CONCURRENT freed 351K, 6% free 10067K/10695K, paused 1ms+3ms
06-28 17:41:22.128   585   588 D dalvikvm: GC_CONCURRENT freed 362K, 6% free 10093K/10695K, paused 2ms+2ms
06-28 17:41:22.769   661   662 D dalvikvm: GC_CONCURRENT freed 499K, 8% free 10889K/11783K, paused 2ms+3ms
06-28 17:41:22.855   585  1782 D dalvikvm: GC_EXPLICIT freed 613K, 11% free 9524K/10695K, paused 2ms+2ms
06-28 17:41:22.968   585   588 D dalvikvm: GC_CONCURRENT freed 45K, 8% free 9902K/10695K, paused 2ms+2ms
06-28 17:41:23.187   585   588 D dalvikvm: GC_CONCURRENT freed 312K, 7% free 9991K/10695K, paused 2ms+2ms
06-28 17:41:23.355   585   588 D dalvikvm: GC_CONCURRENT freed 377K, 7% free 10008K/10695K, paused 1ms+2ms
06-28 17:41:23.566   585   588 D dalvikvm: GC_CONCURRENT freed 352K, 7% free 10052K/10695K, paused 1ms+2ms
06-28 17:41:23.812   585   588 D dalvikvm: GC_CONCURRENT freed 348K, 6% free 10104K/10695K, paused 1ms+3ms
06-28 17:41:25.046  1800  1800 I CalendarProvider2: Sending notification intent: Intent { act=android.intent.action.PROVIDER_CHANGED dat=content://com.android.calendar }
06-28 17:41:25.050  1800  1800 W ContentResolver: Failed to get type for: content://com.android.calendar (Unknown URL content://com.android.calendar)
06-28 17:41:25.105   151   168 I ActivityManager: Start proc com.android.calendar for broadcast com.android.calendar/.widget.CalendarAppWidgetService$CalendarFactory: pid=1872 uid=10005 gids={3003}
06-28 17:41:25.121   151   163 I ActivityManager: No longer want com.android.settings (pid 504): hidden #16
06-28 17:41:25.140    80    80 D dalvikvm: GC_EXPLICIT freed 36K, 4% free 9031K/9347K, paused 1ms+13ms
06-28 17:41:25.168    80    80 D dalvikvm: GC_EXPLICIT freed <1K, 4% free 9031K/9347K, paused 1ms+1ms
06-28 17:41:25.191    80    80 D dalvikvm: GC_EXPLICIT freed <1K, 4% free 9031K/9347K, paused 1ms+2ms
06-28 17:41:25.800  1872  1872 I ActivityThread: Pub com.android.calendar.CalendarRecentSuggestionsProvider: com.android.calendar.CalendarRecentSuggestionsProvider
06-28 17:41:25.988   151   373 D dalvikvm: GC_EXPLICIT freed 361K, 15% free 13296K/15623K, paused 25ms+5ms
06-28 17:41:26.027   151   502 I ActivityManager: No longer want com.android.voicedialer (pid 1609): hidden #16
06-28 17:41:26.187   661   662 D dalvikvm: GC_CONCURRENT freed 508K, 8% free 10952K/11783K, paused 2ms+3ms
06-28 17:41:26.230  1872  1874 D dalvikvm: GC_CONCURRENT freed 302K, 5% free 9173K/9607K, paused 2ms+1ms
06-28 17:41:26.367   585   588 D dalvikvm: GC_CONCURRENT freed 749K, 9% free 9779K/10695K, paused 1ms+4ms
06-28 17:41:26.554   585   588 D dalvikvm: GC_CONCURRENT freed 235K, 8% free 9938K/10695K, paused 2ms+2ms
06-28 17:41:26.808   585   588 D dalvikvm: GC_CONCURRENT freed 352K, 7% free 9983K/10695K, paused 1ms+3ms
06-28 17:41:26.980   585   588 D dalvikvm: GC_CONCURRENT freed 362K, 7% free 10006K/10695K, paused 2ms+2ms
06-28 17:41:27.261   585   588 D dalvikvm: GC_CONCURRENT freed 337K, 6% free 10064K/10695K, paused 2ms+3ms
06-28 17:41:28.043   661   662 D dalvikvm: GC_CONCURRENT freed 522K, 7% free 10971K/11783K, paused 2ms+3ms
06-28 17:41:28.136   585   588 D dalvikvm: GC_CONCURRENT freed 725K, 9% free 9763K/10695K, paused 1ms+3ms
06-28 17:41:28.304   585   588 D dalvikvm: GC_CONCURRENT freed 222K, 8% free 9931K/10695K, paused 2ms+3ms
06-28 17:41:28.472   585   588 D dalvikvm: GC_CONCURRENT freed 349K, 7% free 9978K/10695K, paused 2ms+2ms
06-28 17:41:28.640   585   588 D dalvikvm: GC_CONCURRENT freed 376K, 7% free 9995K/10695K, paused 1ms+2ms
06-28 17:41:28.914   585   588 D dalvikvm: GC_CONCURRENT freed 330K, 6% free 10057K/10695K, paused 2ms+3ms
06-28 17:41:29.808   661   662 D dalvikvm: GC_CONCURRENT freed 486K, 7% free 11010K/11783K, paused 2ms+2ms
06-28 17:41:29.882   585   588 D dalvikvm: GC_CONCURRENT freed 770K, 10% free 9713K/10695K, paused 1ms+3ms
06-28 17:41:30.023   585   588 D dalvikvm: GC_CONCURRENT freed 142K, 7% free 9964K/10695K, paused 2ms+2ms
06-28 17:41:30.187   585   588 D dalvikvm: GC_CONCURRENT freed 325K, 7% free 10029K/10695K, paused 2ms+3ms
06-28 17:41:30.367   585   588 D dalvikvm: GC_CONCURRENT freed 371K, 7% free 10054K/10695K, paused 2ms+2ms
06-28 17:41:30.586   585   588 D dalvikvm: GC_CONCURRENT freed 353K, 6% free 10093K/10695K, paused 2ms+3ms
06-28 17:41:30.902   585   588 D dalvikvm: GC_CONCURRENT freed 343K, 6% free 10134K/10695K, paused 1ms+2ms
06-28 17:41:32.093   388   389 D dalvikvm: GC_CONCURRENT freed 426K, 7% free 9854K/10567K, paused 2ms+3ms
06-28 17:41:32.121   388   388 D dalvikvm: GC_FOR_ALLOC freed 342K, 9% free 9667K/10567K, paused 15ms
06-28 17:41:32.203   388   389 D dalvikvm: GC_CONCURRENT freed 345K, 8% free 9791K/10567K, paused 1ms+3ms
06-28 17:41:32.961   585   588 D dalvikvm: GC_CONCURRENT freed 714K, 8% free 9885K/10695K, paused 2ms+2ms
06-28 17:41:33.175   585   588 D dalvikvm: GC_CONCURRENT freed 268K, 7% free 10014K/10695K, paused 2ms+3ms
06-28 17:41:33.359   585   588 D dalvikvm: GC_CONCURRENT freed 360K, 7% free 10047K/10695K, paused 1ms+2ms
06-28 17:41:33.531   585   588 D dalvikvm: GC_CONCURRENT freed 370K, 6% free 10071K/10695K, paused 2ms+2ms
06-28 17:41:33.777   585  1688 D dalvikvm: GC_FOR_ALLOC freed 304K, 6% free 10120K/10695K, paused 19ms
06-28 17:41:34.652   661   662 D dalvikvm: GC_CONCURRENT freed 519K, 6% free 11108K/11783K, paused 2ms+2ms
06-28 17:41:34.832   585   588 D dalvikvm: GC_CONCURRENT freed 839K, 9% free 9760K/10695K, paused 1ms+2ms
06-28 17:41:34.996   585   588 D dalvikvm: GC_CONCURRENT freed 170K, 7% free 9985K/10695K, paused 2ms+2ms
06-28 17:41:35.168   151   163 D dalvikvm: GC_EXPLICIT freed 447K, 15% free 13295K/15623K, paused 2ms+4ms
06-28 17:41:35.222   585   588 D dalvikvm: GC_CONCURRENT freed 334K, 7% free 10049K/10695K, paused 2ms+3ms
06-28 17:41:35.386   585   588 D dalvikvm: GC_CONCURRENT freed 368K, 6% free 10071K/10695K, paused 2ms+2ms
06-28 17:41:35.613   585   588 D dalvikvm: GC_CONCURRENT freed 352K, 6% free 10114K/10695K, paused 2ms+2ms
06-28 17:41:36.515   661   662 D dalvikvm: GC_CONCURRENT freed 869K, 9% free 10874K/11847K, paused 2ms+3ms
06-28 17:41:36.586   585   588 D dalvikvm: GC_CONCURRENT freed 907K, 10% free 9659K/10695K, paused 1ms+2ms
06-28 17:41:36.714   585   588 D dalvikvm: GC_CONCURRENT freed 158K, 8% free 9912K/10695K, paused 2ms+2ms
06-28 17:41:36.933   585   588 D dalvikvm: GC_CONCURRENT freed 314K, 7% free 9993K/10695K, paused 2ms+2ms
06-28 17:41:37.109   585   588 D dalvikvm: GC_CONCURRENT freed 371K, 7% free 10015K/10695K, paused 2ms+3ms
06-28 17:41:37.312   585   588 D dalvikvm: GC_CONCURRENT freed 351K, 7% free 10050K/10695K, paused 1ms+2ms
06-28 17:41:37.628   585   588 D dalvikvm: GC_CONCURRENT freed 340K, 6% free 10100K/10695K, paused 2ms+3ms
06-28 17:41:39.691   661   662 D dalvikvm: GC_CONCURRENT freed 515K, 9% free 10900K/11847K, paused 2ms+3ms
06-28 17:41:39.796   585   723 D dalvikvm: GC_EXPLICIT freed 708K, 11% free 9558K/10695K, paused 10ms+4ms
06-28 17:41:39.925   585   588 D dalvikvm: GC_CONCURRENT freed 51K, 8% free 9900K/10695K, paused 1ms+2ms
06-28 17:41:40.105   585   588 D dalvikvm: GC_CONCURRENT freed 303K, 7% free 9984K/10695K, paused 2ms+2ms
06-28 17:41:40.293   585   588 D dalvikvm: GC_CONCURRENT freed 408K, 7% free 9970K/10695K, paused 2ms+2ms
06-28 17:41:40.461   585   588 D dalvikvm: GC_CONCURRENT freed 348K, 7% free 10011K/10695K, paused 2ms+3ms
06-28 17:41:40.750   585   588 D dalvikvm: GC_CONCURRENT freed 330K, 6% free 10081K/10695K, paused 1ms+2ms
06-28 17:41:41.640   661   662 D dalvikvm: GC_CONCURRENT freed 500K, 8% free 10935K/11847K, paused 2ms+4ms
06-28 17:41:41.757   585   588 D dalvikvm: GC_CONCURRENT freed 761K, 9% free 9745K/10695K, paused 2ms+2ms
06-28 17:41:41.921   585   588 D dalvikvm: GC_CONCURRENT freed 190K, 7% free 9948K/10695K, paused 2ms+2ms
06-28 17:41:42.086   585   588 D dalvikvm: GC_CONCURRENT freed 332K, 7% free 10002K/10695K, paused 2ms+3ms
06-28 17:41:42.246   585   588 D dalvikvm: GC_CONCURRENT freed 360K, 7% free 10033K/10695K, paused 1ms+2ms
06-28 17:41:42.535   585   588 D dalvikvm: GC_CONCURRENT freed 338K, 6% free 10082K/10695K, paused 2ms+3ms
06-28 17:41:43.539   661   662 D dalvikvm: GC_CONCURRENT freed 516K, 8% free 10984K/11847K, paused 2ms+3ms
06-28 17:41:43.558   585   588 D dalvikvm: GC_CONCURRENT freed 830K, 10% free 9649K/10695K, paused 9ms+2ms
06-28 17:41:43.711   585   588 D dalvikvm: GC_CONCURRENT freed 138K, 8% free 9899K/10695K, paused 1ms+2ms
06-28 17:41:43.894   585   588 D dalvikvm: GC_CONCURRENT freed 304K, 7% free 9991K/10695K, paused 1ms+3ms
06-28 17:41:44.058   585   588 D dalvikvm: GC_CONCURRENT freed 371K, 7% free 10008K/10695K, paused 2ms+3ms
06-28 17:41:44.273   585   588 D dalvikvm: GC_CONCURRENT freed 349K, 7% free 10046K/10695K, paused 2ms+3ms
06-28 17:41:44.574   585   588 D dalvikvm: GC_CONCURRENT freed 352K, 6% free 10083K/10695K, paused 2ms+2ms
06-28 17:41:46.711   151   373 D dalvikvm: GC_EXPLICIT freed 200K, 15% free 13291K/15623K, paused 3ms+4ms
06-28 17:41:46.800   585   588 D dalvikvm: GC_CONCURRENT freed 671K, 9% free 9835K/10695K, paused 2ms+3ms
06-28 17:41:47.015   585   588 D dalvikvm: GC_CONCURRENT freed 272K, 7% free 9956K/10695K, paused 2ms+4ms
06-28 17:41:47.187   585   588 D dalvikvm: GC_CONCURRENT freed 360K, 7% free 9984K/10695K, paused 1ms+3ms
06-28 17:41:47.425   585   588 D dalvikvm: GC_CONCURRENT freed 363K, 7% free 10021K/10695K, paused 2ms+3ms
06-28 17:41:47.601   661   662 D dalvikvm: GC_CONCURRENT freed 546K, 8% free 10980K/11847K, paused 2ms+3ms
06-28 17:41:47.828   585   588 D dalvikvm: GC_CONCURRENT freed 340K, 6% free 10070K/10695K, paused 1ms+2ms
06-28 17:41:48.691   585   588 D dalvikvm: GC_CONCURRENT freed 697K, 9% free 9799K/10695K, paused 2ms+2ms
06-28 17:41:48.871   585   588 D dalvikvm: GC_CONCURRENT freed 211K, 7% free 9980K/10695K, paused 2ms+2ms
06-28 17:41:49.046   585   588 D dalvikvm: GC_CONCURRENT freed 350K, 7% free 10025K/10695K, paused 2ms+2ms
06-28 17:41:49.132   151   590 D CountryDetector: The first listener is added
06-28 17:41:49.230   585   588 D dalvikvm: GC_CONCURRENT freed 284K, 6% free 10159K/10695K, paused 2ms+3ms
06-28 17:41:49.437   585   588 D dalvikvm: GC_CONCURRENT freed 335K, 5% free 10229K/10695K, paused 2ms+3ms
06-28 17:41:49.734   585   588 D dalvikvm: GC_CONCURRENT freed 326K, 5% free 10303K/10759K, paused 2ms+2ms
06-28 17:41:50.726   661   662 D dalvikvm: GC_CONCURRENT freed 460K, 7% free 11091K/11847K, paused 2ms+3ms
06-28 17:41:50.902   585   588 D dalvikvm: GC_CONCURRENT freed 820K, 9% free 9938K/10823K, paused 2ms+3ms
06-28 17:41:51.054   585   588 D dalvikvm: GC_CONCURRENT freed 160K, 7% free 10168K/10823K, paused 2ms+2ms
06-28 17:41:51.250   585   588 D dalvikvm: GC_CONCURRENT freed 292K, 6% free 10266K/10823K, paused 2ms+3ms
06-28 17:41:51.445   585   588 D dalvikvm: GC_CONCURRENT freed 403K, 5% free 10294K/10823K, paused 2ms+3ms
06-28 17:41:51.625   585   588 D dalvikvm: GC_CONCURRENT freed 386K, 5% free 10309K/10823K, paused 2ms+3ms
06-28 17:41:51.836   585   588 D dalvikvm: GC_CONCURRENT freed 406K, 5% free 10361K/10887K, paused 2ms+3ms
06-28 17:41:52.015   585   588 D dalvikvm: GC_CONCURRENT freed 369K, 5% free 10396K/10887K, paused 2ms+3ms
06-28 17:41:52.468   585   588 D dalvikvm: GC_CONCURRENT freed 371K, 5% free 10445K/10951K, paused 1ms+4ms
06-28 17:41:52.964   661   662 D dalvikvm: GC_CONCURRENT freed 863K, 9% free 10878K/11847K, paused 2ms+3ms
06-28 17:41:53.136   585   588 D dalvikvm: GC_CONCURRENT freed 757K, 9% free 10132K/11015K, paused 2ms+2ms
06-28 17:41:53.378   585   588 D dalvikvm: GC_CONCURRENT freed 301K, 8% free 10227K/11015K, paused 2ms+3ms
06-28 17:41:53.554   585   588 D dalvikvm: GC_CONCURRENT freed 375K, 7% free 10247K/11015K, paused 2ms+2ms
06-28 17:41:53.734   585   588 D dalvikvm: GC_CONCURRENT freed 381K, 7% free 10262K/11015K, paused 2ms+3ms
06-28 17:41:53.898   585   588 D dalvikvm: GC_CONCURRENT freed 371K, 7% free 10294K/11015K, paused 2ms+3ms
06-28 17:41:54.062   585   588 D dalvikvm: GC_CONCURRENT freed 346K, 7% free 10349K/11015K, paused 2ms+3ms
06-28 17:41:54.390   585   588 D dalvikvm: GC_CONCURRENT freed 366K, 6% free 10368K/11015K, paused 1ms+4ms
06-28 17:41:56.398   661   662 D dalvikvm: GC_CONCURRENT freed 517K, 8% free 10938K/11847K, paused 2ms+3ms
06-28 17:41:56.543   585   588 D dalvikvm: GC_CONCURRENT freed 733K, 9% free 10060K/11015K, paused 1ms+4ms
06-28 17:41:56.652   585   600 D dalvikvm: GC_EXPLICIT freed 110K, 8% free 10135K/11015K, paused 2ms+2ms
06-28 17:41:56.836   585   588 D dalvikvm: GC_CONCURRENT freed 278K, 7% free 10253K/11015K, paused 2ms+3ms
06-28 17:41:57.000   151   593 D dalvikvm: GC_EXPLICIT freed 253K, 15% free 13300K/15623K, paused 2ms+5ms
06-28 17:41:57.078   585   588 D dalvikvm: GC_CONCURRENT freed 398K, 7% free 10253K/11015K, paused 2ms+3ms
06-28 17:41:57.261   585   588 D dalvikvm: GC_CONCURRENT freed 374K, 7% free 10273K/11015K, paused 1ms+3ms
06-28 17:41:57.480   585   588 D dalvikvm: GC_CONCURRENT freed 371K, 7% free 10302K/11015K, paused 2ms+3ms
06-28 17:41:57.632   585   588 D dalvikvm: GC_CONCURRENT freed 343K, 6% free 10358K/11015K, paused 2ms+3ms
06-28 17:41:57.992   585   588 D dalvikvm: GC_CONCURRENT freed 366K, 6% free 10377K/11015K, paused 2ms+3ms
06-28 17:41:58.652   661   662 D dalvikvm: GC_CONCURRENT freed 534K, 8% free 10946K/11847K, paused 2ms+2ms
06-28 17:41:58.789   585   588 D dalvikvm: GC_CONCURRENT freed 727K, 9% free 10073K/11015K, paused 1ms+3ms
06-28 17:41:58.976   585   588 D dalvikvm: GC_CONCURRENT freed 265K, 8% free 10200K/11015K, paused 1ms+3ms
06-28 17:41:59.160   585   588 D dalvikvm: GC_CONCURRENT freed 342K, 7% free 10250K/11015K, paused 2ms+2ms
06-28 17:41:59.336   585   588 D dalvikvm: GC_CONCURRENT freed 378K, 7% free 10263K/11015K, paused 2ms+3ms
06-28 17:41:59.531   585   588 D dalvikvm: GC_CONCURRENT freed 370K, 7% free 10289K/11015K, paused 2ms+3ms
06-28 17:41:59.707   585   588 D dalvikvm: GC_CONCURRENT freed 352K, 7% free 10335K/11015K, paused 2ms+3ms
06-28 17:42:00.035   585   588 D dalvikvm: GC_CONCURRENT freed 354K, 6% free 10367K/11015K, paused 2ms+33ms
06-28 17:42:00.769   661   662 D dalvikvm: GC_CONCURRENT freed 513K, 8% free 10971K/11847K, paused 2ms+3ms
06-28 17:42:00.878   585   588 D dalvikvm: GC_CONCURRENT freed 742K, 9% free 10050K/11015K, paused 1ms+4ms
06-28 17:42:01.074   585   588 D dalvikvm: GC_CONCURRENT freed 275K, 8% free 10170K/11015K, paused 1ms+2ms
06-28 17:42:01.257   585   588 D dalvikvm: GC_CONCURRENT freed 349K, 8% free 10214K/11015K, paused 2ms+4ms
06-28 17:42:01.433   585   588 D dalvikvm: GC_CONCURRENT freed 391K, 8% free 10221K/11015K, paused 1ms+2ms
06-28 17:42:01.648   585   588 D dalvikvm: GC_CONCURRENT freed 329K, 7% free 10276K/11015K, paused 1ms+3ms
06-28 17:42:02.000   585   588 D dalvikvm: GC_CONCURRENT freed 345K, 7% free 10324K/11015K, paused 2ms+3ms
06-28 17:42:02.898   585   588 D dalvikvm: GC_CONCURRENT freed 707K, 9% free 10041K/11015K, paused 1ms+2ms
06-28 17:42:03.093   585   588 D dalvikvm: GC_CONCURRENT freed 245K, 8% free 10184K/11015K, paused 1ms+2ms
06-28 17:42:03.265   585   588 D dalvikvm: GC_CONCURRENT freed 351K, 8% free 10220K/11015K, paused 2ms+2ms
06-28 17:42:03.449   585   588 D dalvikvm: GC_CONCURRENT freed 376K, 8% free 10240K/11015K, paused 1ms+3ms
06-28 17:42:03.695   585   588 D dalvikvm: GC_CONCURRENT freed 342K, 7% free 10291K/11015K, paused 1ms+3ms
06-28 17:42:03.871   585   588 D dalvikvm: GC_CONCURRENT freed 354K, 7% free 10322K/11015K, paused 2ms+2ms
06-28 17:42:05.437   661   662 D dalvikvm: GC_CONCURRENT freed 476K, 7% free 11062K/11847K, paused 2ms+3ms
06-28 17:42:05.617   585   588 D dalvikvm: GC_CONCURRENT freed 719K, 9% free 10028K/11015K, paused 2ms+3ms
06-28 17:42:05.820   585   588 D dalvikvm: GC_CONCURRENT freed 248K, 8% free 10174K/11015K, paused 1ms+3ms
06-28 17:42:05.992   585   588 D dalvikvm: GC_CONCURRENT freed 333K, 8% free 10229K/11015K, paused 2ms+3ms
06-28 17:42:06.164   585   588 D dalvikvm: GC_CONCURRENT freed 375K, 7% free 10250K/11015K, paused 2ms+2ms
06-28 17:42:06.402   585   588 D dalvikvm: GC_CONCURRENT freed 354K, 7% free 10299K/11015K, paused 2ms+2ms
06-28 17:42:06.668   585   588 D dalvikvm: GC_CONCURRENT freed 349K, 7% free 10349K/11015K, paused 2ms+2ms
06-28 17:42:07.597   661   662 D dalvikvm: GC_CONCURRENT freed 779K, 9% free 10866K/11847K, paused 2ms+3ms
06-28 17:42:07.761   585   588 D dalvikvm: GC_CONCURRENT freed 749K, 9% free 10027K/11015K, paused 2ms+3ms
06-28 17:42:07.918   151   785 D dalvikvm: GC_EXPLICIT freed 254K, 15% free 13300K/15623K, paused 2ms+4ms
06-28 17:42:08.011   585   588 D dalvikvm: GC_CONCURRENT freed 237K, 8% free 10180K/11015K, paused 2ms+2ms
06-28 17:42:08.203   585   588 D dalvikvm: GC_CONCURRENT freed 399K, 8% free 10178K/11015K, paused 2ms+3ms
06-28 17:42:08.386   585   588 D dalvikvm: GC_CONCURRENT freed 342K, 8% free 10230K/11015K, paused 2ms+2ms
06-28 17:42:08.636   585   588 D dalvikvm: GC_CONCURRENT freed 356K, 7% free 10265K/11015K, paused 2ms+2ms
06-28 17:42:08.925   585   588 D dalvikvm: GC_CONCURRENT freed 349K, 7% free 10324K/11015K, paused 2ms+3ms
06-28 17:42:09.519  1243  1260 I PhoneLab-: Service Running
06-28 17:42:09.586  1243  1260 I PhoneLab-LoggerService: app_36    1264  1243  1800   1424  c00f181c 400107b4 S logcat
06-28 17:42:09.586  1243  1260 I PhoneLab-LoggerService: Logcat pid from database 1264
06-28 17:42:09.586  1243  1260 I PhoneLab-LoggerService: Logcat process found 1264
06-28 17:42:09.586  1243  1260 I PhoneLab-LoggerService: Checking Threshold
06-28 17:42:09.863   661   662 D dalvikvm: GC_CONCURRENT freed 497K, 9% free 10875K/11847K, paused 4ms+7ms
06-28 17:42:10.039   585   588 D dalvikvm: GC_CONCURRENT freed 731K, 10% free 10018K/11015K, paused 2ms+4ms
06-28 17:42:10.230   585   588 D dalvikvm: GC_CONCURRENT freed 235K, 8% free 10183K/11015K, paused 2ms+3ms
06-28 17:42:10.402   585   588 D dalvikvm: GC_CONCURRENT freed 354K, 8% free 10218K/11015K, paused 2ms+2ms
06-28 17:42:10.582   585   588 D dalvikvm: GC_CONCURRENT freed 373K, 8% free 10239K/11015K, paused 2ms+3ms
06-28 17:42:10.855   585   588 D dalvikvm: GC_CONCURRENT freed 333K, 7% free 10304K/11015K, paused 2ms+3ms
06-28 17:42:13.425   661   662 D dalvikvm: GC_CONCURRENT freed 506K, 9% free 10899K/11847K, paused 2ms+7ms
06-28 17:42:13.457   585   588 D dalvikvm: GC_CONCURRENT freed 833K, 11% free 9860K/11015K, paused 2ms+3ms
06-28 17:42:13.593   585   588 D dalvikvm: GC_CONCURRENT freed 151K, 9% free 10129K/11015K, paused 1ms+2ms
06-28 17:42:13.773   585   723 D dalvikvm: GC_EXPLICIT freed 226K, 8% free 10193K/11015K, paused 2ms+2ms
06-28 17:42:13.941   585   588 D dalvikvm: GC_CONCURRENT freed 347K, 8% free 10240K/11015K, paused 2ms+3ms
06-28 17:42:14.113   585   588 D dalvikvm: GC_CONCURRENT freed 383K, 7% free 10258K/11015K, paused 2ms+3ms
06-28 17:42:14.410   585   588 D dalvikvm: GC_CONCURRENT freed 353K, 7% free 10305K/11015K, paused 1ms+3ms
06-28 17:42:15.820   585   588 D dalvikvm: GC_CONCURRENT freed 817K, 11% free 9875K/11015K, paused 2ms+3ms
06-28 17:42:15.839   661   662 D dalvikvm: GC_CONCURRENT freed 514K, 8% free 10927K/11847K, paused 6ms+3ms
06-28 17:42:15.972   585   588 D dalvikvm: GC_CONCURRENT freed 161K, 9% free 10132K/11015K, paused 1ms+2ms
06-28 17:42:16.195   585   588 D dalvikvm: GC_CONCURRENT freed 311K, 8% free 10221K/11015K, paused 1ms+2ms
06-28 17:42:16.375   585   588 D dalvikvm: GC_CONCURRENT freed 376K, 8% free 10241K/11015K, paused 2ms+3ms
06-28 17:42:16.582   585   588 D dalvikvm: GC_CONCURRENT freed 368K, 7% free 10270K/11015K, paused 2ms+2ms
06-28 17:42:16.882   585   588 D dalvikvm: GC_CONCURRENT freed 341K, 7% free 10324K/11015K, paused 2ms+3ms
06-28 17:42:17.972   661   662 D dalvikvm: GC_CONCURRENT freed 523K, 8% free 10949K/11847K, paused 1ms+3ms
06-28 17:42:18.082   585   588 D dalvikvm: GC_CONCURRENT freed 801K, 10% free 9938K/11015K, paused 2ms+4ms
06-28 17:42:18.238   585   588 D dalvikvm: GC_CONCURRENT freed 189K, 8% free 10142K/11015K, paused 2ms+3ms
06-28 17:42:18.421   585   588 D dalvikvm: GC_CONCURRENT freed 328K, 8% free 10208K/11015K, paused 2ms+3ms
06-28 17:42:18.554   151   162 D dalvikvm: GC_EXPLICIT freed 199K, 15% free 13298K/15623K, paused 2ms+5ms
06-28 17:42:18.671   585   588 D dalvikvm: GC_CONCURRENT freed 369K, 8% free 10236K/11015K, paused 2ms+3ms
06-28 17:42:18.949   585   588 D dalvikvm: GC_CONCURRENT freed 354K, 7% free 10279K/11015K, paused 2ms+3ms
06-28 17:42:20.707   585   588 D dalvikvm: GC_CONCURRENT freed 829K, 11% free 9854K/11015K, paused 2ms+2ms
06-28 17:42:20.765   661   662 D dalvikvm: GC_CONCURRENT freed 504K, 8% free 10979K/11847K, paused 2ms+3ms
06-28 17:42:20.898   585   588 D dalvikvm: GC_CONCURRENT freed 138K, 9% free 10108K/11015K, paused 2ms+2ms
06-28 17:42:21.066   585   588 D dalvikvm: GC_CONCURRENT freed 294K, 8% free 10204K/11015K, paused 2ms+3ms
06-28 17:42:21.234   585   588 D dalvikvm: GC_CONCURRENT freed 366K, 8% free 10224K/11015K, paused 2ms+3ms
06-28 17:42:21.488   585   588 D dalvikvm: GC_CONCURRENT freed 346K, 7% free 10272K/11015K, paused 1ms+2ms
06-28 17:42:22.015   585   588 D dalvikvm: GC_CONCURRENT freed 379K, 7% free 10279K/11015K, paused 2ms+2ms
06-28 17:42:22.664   585   588 D dalvikvm: GC_CONCURRENT freed 582K, 9% free 10121K/11015K, paused 2ms+3ms
06-28 17:42:22.882   585   588 D dalvikvm: GC_CONCURRENT freed 307K, 8% free 10201K/11015K, paused 2ms+2ms
06-28 17:42:23.054   585   588 D dalvikvm: GC_CONCURRENT freed 378K, 8% free 10218K/11015K, paused 2ms+2ms
06-28 17:42:23.296   585   588 D dalvikvm: GC_CONCURRENT freed 364K, 7% free 10254K/11015K, paused 2ms+3ms
06-28 17:42:23.671   585   588 D dalvikvm: GC_CONCURRENT freed 345K, 7% free 10294K/11015K, paused 1ms+2ms
06-28 17:42:24.378   661   662 D dalvikvm: GC_CONCURRENT freed 472K, 7% free 11077K/11847K, paused 2ms+3ms
06-28 17:42:24.550   585   588 D dalvikvm: GC_CONCURRENT freed 652K, 9% free 10065K/11015K, paused 2ms+3ms
06-28 17:42:24.750   585   588 D dalvikvm: GC_CONCURRENT freed 267K, 8% free 10192K/11015K, paused 2ms+2ms
06-28 17:42:24.933   585   588 D dalvikvm: GC_CONCURRENT freed 372K, 8% free 10214K/11015K, paused 2ms+3ms
06-28 17:42:25.175   585   588 D dalvikvm: GC_CONCURRENT freed 352K, 7% free 10261K/11015K, paused 2ms+2ms
06-28 17:42:25.507   585   588 D dalvikvm: GC_CONCURRENT freed 353K, 7% free 10297K/11015K, paused 2ms+3ms
06-28 17:42:26.250   661   662 D dalvikvm: GC_CONCURRENT freed 781K, 8% free 10913K/11847K, paused 2ms+3ms
06-28 17:42:26.410   585   588 D dalvikvm: GC_CONCURRENT freed 668K, 9% free 10053K/11015K, paused 1ms+2ms
06-28 17:42:26.609   585   588 D dalvikvm: GC_CONCURRENT freed 261K, 8% free 10179K/11015K, paused 2ms+2ms
06-28 17:42:26.777   585   588 D dalvikvm: GC_CONCURRENT freed 359K, 8% free 10217K/11015K, paused 2ms+2ms
06-28 17:42:26.992   585   588 D dalvikvm: GC_CONCURRENT freed 359K, 7% free 10255K/11015K, paused 2ms+2ms
06-28 17:42:27.336   585   588 D dalvikvm: GC_CONCURRENT freed 344K, 7% free 10302K/11015K, paused 2ms+2ms
06-28 17:42:30.082   661   662 D dalvikvm: GC_CONCURRENT freed 527K, 8% free 10956K/11847K, paused 2ms+5ms
06-28 17:42:30.222   585   588 D dalvikvm: GC_CONCURRENT freed 684K, 9% free 10044K/11015K, paused 2ms+3ms
06-28 17:42:30.425   151   593 D dalvikvm: GC_EXPLICIT freed 230K, 15% free 13298K/15623K, paused 3ms+4ms
06-28 17:42:30.472   585   588 D dalvikvm: GC_CONCURRENT freed 246K, 8% free 10193K/11015K, paused 2ms+2ms
06-28 17:42:30.628   585   705 D dalvikvm: GC_EXPLICIT freed 311K, 8% free 10198K/11015K, paused 2ms+3ms
06-28 17:42:30.793   585   588 D dalvikvm: GC_CONCURRENT freed 350K, 8% free 10238K/11015K, paused 2ms+2ms
06-28 17:42:31.058   585   588 D dalvikvm: GC_CONCURRENT freed 347K, 7% free 10285K/11015K, paused 1ms+2ms
06-28 17:42:31.648   585   588 D dalvikvm: GC_CONCURRENT freed 372K, 7% free 10301K/11015K, paused 1ms+2ms
06-28 17:42:32.316   661   662 D dalvikvm: GC_CONCURRENT freed 549K, 8% free 10982K/11847K, paused 2ms+3ms
06-28 17:42:32.433   585   588 D dalvikvm: GC_CONCURRENT freed 621K, 9% free 10104K/11015K, paused 2ms+3ms
06-28 17:42:32.644   585   588 D dalvikvm: GC_CONCURRENT freed 281K, 8% free 10209K/11015K, paused 1ms+3ms
06-28 17:42:32.832   585   588 D dalvikvm: GC_CONCURRENT freed 374K, 8% free 10231K/11015K, paused 2ms+2ms
06-28 17:42:33.007   585   588 D dalvikvm: GC_CONCURRENT freed 369K, 7% free 10249K/11015K, paused 2ms+2ms
06-28 17:42:33.332   585   588 D dalvikvm: GC_CONCURRENT freed 334K, 7% free 10312K/11015K, paused 2ms+2ms
06-28 17:42:34.738   661  1871 D dalvikvm: GC_EXPLICIT freed 508K, 8% free 10998K/11847K, paused 3ms+8ms
06-28 17:42:34.793   585   588 D dalvikvm: GC_CONCURRENT freed 793K, 10% free 9968K/11015K, paused 2ms+3ms
06-28 17:42:34.953   585   588 D dalvikvm: GC_CONCURRENT freed 218K, 8% free 10143K/11015K, paused 1ms+3ms
06-28 17:42:35.125   585   588 D dalvikvm: GC_CONCURRENT freed 340K, 8% free 10203K/11015K, paused 2ms+3ms
06-28 17:42:35.293   585   588 D dalvikvm: GC_CONCURRENT freed 364K, 8% free 10227K/11015K, paused 1ms+3ms
06-28 17:42:35.578   585   588 D dalvikvm: GC_CONCURRENT freed 339K, 7% free 10274K/11015K, paused 2ms+2ms
06-28 17:42:37.421   585   588 D dalvikvm: GC_CONCURRENT freed 808K, 11% free 9849K/11015K, paused 1ms+2ms
06-28 17:42:37.531   585   588 D dalvikvm: GC_CONCURRENT freed 131K, 9% free 10123K/11015K, paused 2ms+2ms
06-28 17:42:37.793   585   588 D dalvikvm: GC_CONCURRENT freed 313K, 8% free 10202K/11015K, paused 1ms+2ms
06-28 17:42:37.968   585   588 D dalvikvm: GC_CONCURRENT freed 379K, 8% free 10218K/11015K, paused 1ms+2ms
06-28 17:42:38.164   585   588 D dalvikvm: GC_CONCURRENT freed 352K, 7% free 10254K/11015K, paused 1ms+2ms
06-28 17:42:38.515   585   588 D dalvikvm: GC_CONCURRENT freed 341K, 7% free 10311K/11015K, paused 1ms+3ms
06-28 17:42:39.437   661   662 D dalvikvm: GC_CONCURRENT freed 479K, 7% free 11126K/11847K, paused 2ms+3ms
06-28 17:42:39.609   585   588 D dalvikvm: GC_CONCURRENT freed 730K, 10% free 10007K/11015K, paused 2ms+3ms
06-28 17:42:39.785   585   588 D dalvikvm: GC_CONCURRENT freed 226K, 8% free 10174K/11015K, paused 2ms+2ms
06-28 17:42:39.964   585   588 D dalvikvm: GC_CONCURRENT freed 352K, 8% free 10215K/11015K, paused 2ms+3ms
06-28 17:42:40.097   151   151 D dalvikvm: GC_EXPLICIT freed 196K, 15% free 13299K/15623K, paused 3ms+4ms
06-28 17:42:40.211   585   588 D dalvikvm: GC_CONCURRENT freed 370K, 8% free 10238K/11015K, paused 2ms+3ms
06-28 17:42:40.546   585   588 D dalvikvm: GC_CONCURRENT freed 342K, 7% free 10290K/11015K, paused 2ms+3ms
06-28 17:42:41.531   661   662 D dalvikvm: GC_CONCURRENT freed 839K, 8% free 10921K/11847K, paused 2ms+3ms
06-28 17:42:41.664   585   588 D dalvikvm: GC_CONCURRENT freed 782K, 10% free 9933K/11015K, paused 1ms+3ms
06-28 17:42:41.824   585   588 D dalvikvm: GC_CONCURRENT freed 170K, 8% free 10155K/11015K, paused 2ms+2ms
06-28 17:42:41.996   585   588 D dalvikvm: GC_CONCURRENT freed 321K, 8% free 10224K/11015K, paused 2ms+3ms
06-28 17:42:42.183   585   588 D dalvikvm: GC_CONCURRENT freed 378K, 7% free 10245K/11015K, paused 2ms+3ms
06-28 17:42:42.429   585   588 D dalvikvm: GC_CONCURRENT freed 361K, 7% free 10282K/11015K, paused 2ms+2ms
06-28 17:42:42.773   585   588 D dalvikvm: GC_CONCURRENT freed 345K, 7% free 10334K/11015K, paused 1ms+3ms
06-28 17:42:45.718   661   662 D dalvikvm: GC_CONCURRENT freed 519K, 8% free 10943K/11847K, paused 2ms+4ms
06-28 17:42:45.855   585   588 D dalvikvm: GC_CONCURRENT freed 744K, 10% free 10014K/11015K, paused 1ms+4ms
06-28 17:42:46.054   585   588 D dalvikvm: GC_CONCURRENT freed 255K, 8% free 10154K/11015K, paused 2ms+2ms
06-28 17:42:46.234   585   588 D dalvikvm: GC_CONCURRENT freed 353K, 8% free 10197K/11015K, paused 2ms+3ms
06-28 17:42:46.445   585   588 D dalvikvm: GC_CONCURRENT freed 362K, 8% free 10235K/11015K, paused 2ms+2ms
06-28 17:42:46.800   585   588 D dalvikvm: GC_CONCURRENT freed 345K, 7% free 10287K/11015K, paused 1ms+2ms
06-28 17:42:47.730   661   662 D dalvikvm: GC_CONCURRENT freed 554K, 8% free 10928K/11847K, paused 2ms+3ms
06-28 17:42:47.824   585   588 D dalvikvm: GC_CONCURRENT freed 696K, 10% free 10017K/11015K, paused 1ms+4ms
06-28 17:42:48.011   585   588 D dalvikvm: GC_CONCURRENT freed 229K, 8% free 10180K/11015K, paused 1ms+3ms
06-28 17:42:48.183   585   588 D dalvikvm: GC_CONCURRENT freed 349K, 8% free 10230K/11015K, paused 1ms+2ms
06-28 17:42:48.285   585   726 D dalvikvm: GC_EXPLICIT freed 218K, 8% free 10208K/11015K, paused 2ms+3ms
06-28 17:42:48.515   585   588 D dalvikvm: GC_CONCURRENT freed 330K, 7% free 10279K/11015K, paused 2ms+2ms
06-28 17:42:48.890   585   588 D dalvikvm: GC_CONCURRENT freed 341K, 7% free 10329K/11015K, paused 1ms+3ms
06-28 17:42:49.945   661   662 D dalvikvm: GC_CONCURRENT freed 506K, 8% free 10988K/11847K, paused 2ms+3ms
06-28 17:42:50.054   585   588 D dalvikvm: GC_CONCURRENT freed 728K, 9% free 10025K/11015K, paused 1ms+4ms
06-28 17:42:50.246   585   588 D dalvikvm: GC_CONCURRENT freed 236K, 8% free 10186K/11015K, paused 1ms+2ms
06-28 17:42:50.418   585   588 D dalvikvm: GC_CONCURRENT freed 361K, 8% free 10221K/11015K, paused 1ms+2ms
06-28 17:42:50.589   585   588 D dalvikvm: GC_CONCURRENT freed 364K, 7% free 10245K/11015K, paused 2ms+2ms
06-28 17:42:50.918   585   588 D dalvikvm: GC_CONCURRENT freed 333K, 7% free 10308K/11015K, paused 1ms+3ms
06-28 17:42:52.152   661   662 D dalvikvm: GC_CONCURRENT freed 507K, 8% free 11011K/11847K, paused 2ms+3ms
06-28 17:42:52.226   585   588 D dalvikvm: GC_CONCURRENT freed 812K, 10% free 9922K/11015K, paused 1ms+3ms
06-28 17:42:52.375   585   588 D dalvikvm: GC_CONCURRENT freed 142K, 8% free 10169K/11015K, paused 2ms+2ms
06-28 17:42:52.570   585   588 D dalvikvm: GC_CONCURRENT freed 327K, 8% free 10241K/11015K, paused 2ms+3ms
06-28 17:42:52.640   151   478 D dalvikvm: GC_EXPLICIT freed 246K, 15% free 13299K/15623K, paused 3ms+5ms
06-28 17:42:52.812   585   588 D dalvikvm: GC_CONCURRENT freed 367K, 7% free 10261K/11015K, paused 2ms+3ms
06-28 17:42:52.988   585   588 D dalvikvm: GC_CONCURRENT freed 387K, 7% free 10270K/11015K, paused 2ms+2ms
06-28 17:42:53.324   585   588 D dalvikvm: GC_CONCURRENT freed 322K, 7% free 10348K/11015K, paused 2ms+2ms
06-28 17:42:56.421   661   662 D dalvikvm: GC_CONCURRENT freed 526K, 7% free 11022K/11847K, paused 2ms+2ms
06-28 17:42:56.500   585   588 D dalvikvm: GC_CONCURRENT freed 844K, 10% free 9928K/11015K, paused 2ms+3ms
06-28 17:42:56.632   585   588 D dalvikvm: GC_CONCURRENT freed 112K, 8% free 10203K/11015K, paused 2ms+2ms
06-28 17:42:56.816   585   588 D dalvikvm: GC_CONCURRENT freed 304K, 7% free 10286K/11015K, paused 1ms+2ms
06-28 17:42:56.988   585   588 D dalvikvm: GC_CONCURRENT freed 366K, 7% free 10315K/11015K, paused 2ms+2ms
06-28 17:42:57.164   585   588 D dalvikvm: GC_CONCURRENT freed 382K, 7% free 10329K/11015K, paused 1ms+2ms
06-28 17:42:57.464   585   588 D dalvikvm: GC_CONCURRENT freed 334K, 6% free 10387K/11015K, paused 2ms+2ms
06-28 17:42:58.019   585   588 D dalvikvm: GC_CONCURRENT freed 367K, 6% free 10414K/11015K, paused 2ms+3ms
06-28 17:42:58.882   585   588 D dalvikvm: GC_CONCURRENT freed 765K, 9% free 10074K/11015K, paused 1ms+2ms
06-28 17:42:59.074   585   588 D dalvikvm: GC_CONCURRENT freed 260K, 8% free 10202K/11015K, paused 1ms+2ms
06-28 17:42:59.246   585   588 D dalvikvm: GC_CONCURRENT freed 364K, 8% free 10227K/11015K, paused 2ms+3ms
06-28 17:42:59.429   585   588 D dalvikvm: GC_CONCURRENT freed 368K, 7% free 10253K/11015K, paused 2ms+3ms
06-28 17:42:59.769   585   588 D dalvikvm: GC_CONCURRENT freed 328K, 7% free 10311K/11015K, paused 2ms+2ms
06-28 17:43:00.925   661   662 D dalvikvm: GC_CONCURRENT freed 554K, 7% free 11048K/11847K, paused 2ms+2ms
06-28 17:43:01.062   585   588 D dalvikvm: GC_CONCURRENT freed 821K, 10% free 9952K/11015K, paused 2ms+3ms
06-28 17:43:01.218   585   588 D dalvikvm: GC_CONCURRENT freed 186K, 8% free 10160K/11015K, paused 2ms+2ms
06-28 17:43:01.394   585   588 D dalvikvm: GC_CONCURRENT freed 335K, 8% free 10226K/11015K, paused 1ms+2ms
06-28 17:43:01.578   585   588 D dalvikvm: GC_CONCURRENT freed 366K, 7% free 10255K/11015K, paused 1ms+3ms
06-28 17:43:01.855   585   588 D dalvikvm: GC_CONCURRENT freed 348K, 7% free 10293K/11015K, paused 2ms+3ms
06-28 17:43:02.281   585   588 D dalvikvm: GC_CONCURRENT freed 343K, 7% free 10335K/11015K, paused 2ms+2ms
06-28 17:43:05.230   661   662 D dalvikvm: GC_CONCURRENT freed 869K, 10% free 10757K/11847K, paused 2ms+2ms
06-28 17:43:05.351   585   588 D dalvikvm: GC_CONCURRENT freed 714K, 9% free 10045K/11015K, paused 2ms+3ms
06-28 17:43:05.558   585   588 D dalvikvm: GC_CONCURRENT freed 238K, 8% free 10202K/11015K, paused 2ms+3ms
06-28 17:43:05.742   585   588 D dalvikvm: GC_CONCURRENT freed 364K, 8% free 10237K/11015K, paused 1ms+3ms
06-28 17:43:05.925   151   503 D dalvikvm: GC_EXPLICIT freed 239K, 15% free 13302K/15623K, paused 2ms+5ms
06-28 17:43:05.972   585   588 D dalvikvm: GC_CONCURRENT freed 367K, 7% free 10262K/11015K, paused 2ms+2ms
06-28 17:43:06.312   585   588 D dalvikvm: GC_CONCURRENT freed 341K, 7% free 10320K/11015K, paused 1ms+3ms
06-28 17:43:07.558   661   662 D dalvikvm: GC_CONCURRENT freed 505K, 10% free 10704K/11847K, paused 2ms+3ms
06-28 17:43:07.621   585   588 D dalvikvm: GC_CONCURRENT freed 791K, 10% free 9954K/11015K, paused 2ms+3ms
06-28 17:43:07.777   585   588 D dalvikvm: GC_CONCURRENT freed 188K, 8% free 10165K/11015K, paused 2ms+2ms
06-28 17:43:07.968   585   588 D dalvikvm: GC_CONCURRENT freed 341K, 8% free 10217K/11015K, paused 1ms+2ms
06-28 17:43:08.148   585   588 D dalvikvm: GC_CONCURRENT freed 354K, 7% free 10260K/11015K, paused 1ms+2ms
06-28 17:43:08.355   585   588 D dalvikvm: GC_CONCURRENT freed 352K, 7% free 10305K/11015K, paused 2ms+3ms
06-28 17:43:08.687   585   588 D dalvikvm: GC_CONCURRENT freed 357K, 7% free 10345K/11015K, paused 2ms+3ms
06-28 17:43:09.859   585   588 D dalvikvm: GC_CONCURRENT freed 767K, 10% free 10003K/11015K, paused 1ms+3ms
06-28 17:43:10.023   585   588 D dalvikvm: GC_CONCURRENT freed 223K, 8% free 10170K/11015K, paused 2ms+3ms
06-28 17:43:10.152   585   705 D dalvikvm: GC_EXPLICIT freed 254K, 8% free 10195K/11015K, paused 1ms+3ms
06-28 17:43:10.320   585   588 D dalvikvm: GC_CONCURRENT freed 348K, 8% free 10239K/11015K, paused 1ms+3ms
06-28 17:43:10.546   585   588 D dalvikvm: GC_CONCURRENT freed 381K, 7% free 10259K/11015K, paused 2ms+2ms
06-28 17:43:10.906   585   588 D dalvikvm: GC_CONCURRENT freed 325K, 7% free 10322K/11015K, paused 2ms+2ms
06-28 17:43:11.992   661   662 D dalvikvm: GC_CONCURRENT freed 456K, 10% free 10727K/11847K, paused 2ms+3ms
06-28 17:43:12.109   585   588 D dalvikvm: GC_CONCURRENT freed 703K, 9% free 10044K/11015K, paused 2ms+3ms
06-28 17:43:12.312   585   588 D dalvikvm: GC_CONCURRENT freed 335K, 9% free 10101K/11015K, paused 1ms+3ms
06-28 17:43:12.492   585   588 D dalvikvm: GC_CONCURRENT freed 382K, 9% free 10107K/11015K, paused 2ms+2ms
06-28 17:43:12.886   585   588 D dalvikvm: GC_CONCURRENT freed 327K, 8% free 10164K/11015K, paused 1ms+3ms
06-28 17:43:17.570   585  1782 D dalvikvm: GC_FOR_ALLOC freed 702K, 12% free 9782K/11015K, paused 19ms
06-28 17:43:18.910   661   662 D dalvikvm: GC_CONCURRENT freed 732K, 12% free 10439K/11847K, paused 16ms+3ms
06-28 17:43:19.363   585   600 D dalvikvm: GC_FOR_ALLOC freed 303K, 12% free 9769K/11015K, paused 16ms
06-28 17:43:21.703   585   726 D dalvikvm: GC_FOR_ALLOC freed 357K, 12% free 9774K/11015K, paused 28ms
06-28 17:43:24.074   585   588 D dalvikvm: GC_CONCURRENT freed 365K, 11% free 9817K/11015K, paused 12ms+2ms
06-28 17:43:26.179   661   662 D dalvikvm: GC_CONCURRENT freed 389K, 12% free 10442K/11847K, paused 16ms+3ms
06-28 17:43:26.714   585   600 D dalvikvm: GC_FOR_ALLOC freed 369K, 12% free 9779K/11015K, paused 16ms
06-28 17:43:29.054   585   588 D dalvikvm: GC_CONCURRENT freed 384K, 11% free 9818K/11015K, paused 13ms+3ms
06-28 17:43:31.992   585   601 D dalvikvm: GC_FOR_ALLOC freed 348K, 12% free 9774K/11015K, paused 31ms
06-28 17:43:34.539   661   662 D dalvikvm: GC_CONCURRENT freed 390K, 12% free 10444K/11847K, paused 17ms+6ms
06-28 17:43:34.562   585   981 D dalvikvm: GC_FOR_ALLOC freed 344K, 12% free 9774K/11015K, paused 18ms
06-28 17:43:37.261   585   588 D dalvikvm: GC_CONCURRENT freed 343K, 11% free 9832K/11015K, paused 13ms+2ms
06-28 17:43:38.390   151   478 D dalvikvm: GC_EXPLICIT freed 213K, 15% free 13307K/15623K, paused 16ms+4ms
06-28 17:43:40.211   585   981 D dalvikvm: GC_FOR_ALLOC freed 384K, 12% free 9781K/11015K, paused 27ms
06-28 17:43:42.808   661   662 D dalvikvm: GC_CONCURRENT freed 382K, 12% free 10450K/11847K, paused 16ms+2ms
06-28 17:43:42.855   585   588 D dalvikvm: GC_CONCURRENT freed 359K, 11% free 9821K/11015K, paused 1ms+2ms
06-28 17:43:44.543  1243  1260 I PhoneLab-: Service Running
06-28 17:43:44.617  1243  1260 I PhoneLab-LoggerService: app_36    1264  1243  1800   1424  c00f181c 400107b4 S logcat
06-28 17:43:44.617  1243  1260 I PhoneLab-LoggerService: Logcat pid from database 1264
06-28 17:43:44.617  1243  1260 I PhoneLab-LoggerService: Logcat process found 1264
06-28 17:43:44.617  1243  1260 I PhoneLab-LoggerService: Checking Threshold
06-28 17:43:46.082   585   601 D dalvikvm: GC_FOR_ALLOC freed 411K, 12% free 9774K/11015K, paused 37ms
06-28 17:43:49.847   585   588 D dalvikvm: GC_CONCURRENT freed 389K, 11% free 9819K/11015K, paused 1ms+2ms
06-28 17:43:52.355   661   662 D dalvikvm: GC_CONCURRENT freed 389K, 12% free 10449K/11847K, paused 16ms+2ms
06-28 17:43:52.757   585   588 D dalvikvm: GC_CONCURRENT freed 420K, 11% free 9813K/11015K, paused 1ms+2ms
06-28 17:43:55.652   585   705 D dalvikvm: GC_FOR_ALLOC freed 399K, 12% free 9776K/11015K, paused 20ms
06-28 17:44:01.089   585   588 D dalvikvm: GC_CONCURRENT freed 390K, 12% free 9773K/11015K, paused 12ms+2ms
06-28 17:44:02.918   661   662 D dalvikvm: GC_CONCURRENT freed 394K, 12% free 10450K/11847K, paused 15ms+3ms
06-28 17:44:03.464   585   588 D dalvikvm: GC_CONCURRENT freed 383K, 12% free 9779K/11015K, paused 2ms+2ms
06-28 17:44:06.953   585   588 D dalvikvm: GC_CONCURRENT freed 381K, 11% free 9821K/11015K, paused 2ms+2ms
06-28 17:44:10.429   661   662 D dalvikvm: GC_CONCURRENT freed 391K, 12% free 10446K/11847K, paused 16ms+2ms
06-28 17:44:10.820   585   588 D dalvikvm: GC_CONCURRENT freed 432K, 11% free 9826K/11015K, paused 2ms+3ms
06-28 17:44:14.519   585   600 D dalvikvm: GC_FOR_ALLOC freed 414K, 12% free 9777K/11015K, paused 16ms
06-28 17:44:16.535   585   588 D dalvikvm: GC_CONCURRENT freed 353K, 11% free 9826K/11015K, paused 1ms+2ms
06-28 17:44:18.027   661   662 D dalvikvm: GC_CONCURRENT freed 393K, 12% free 10442K/11847K, paused 4ms+6ms
06-28 17:44:20.355   585   588 D dalvikvm: GC_CONCURRENT freed 437K, 12% free 9799K/11015K, paused 2ms+3ms
06-28 17:44:23.582   585   588 D dalvikvm: GC_CONCURRENT freed 387K, 12% free 9797K/11015K, paused 12ms+2ms
06-28 17:44:25.738   661   662 D dalvikvm: GC_CONCURRENT freed 393K, 12% free 10446K/11847K, paused 16ms+3ms
06-28 17:44:25.789   585   588 D dalvikvm: GC_CONCURRENT freed 354K, 11% free 9832K/11015K, paused 2ms+2ms
06-28 17:44:28.355   585   705 D dalvikvm: GC_FOR_ALLOC freed 404K, 12% free 9781K/11015K, paused 30ms
06-28 17:44:29.980   585   588 D dalvikvm: GC_CONCURRENT freed 335K, 11% free 9836K/11015K, paused 1ms+3ms
06-28 17:44:33.867   151   312 D ConnectivityService: Attempting to switch to WIFI
06-28 17:44:33.867   151   312 D ConnectivityService: Attempting to switch to WIMAX
06-28 17:44:33.867   151   312 D ConnectivityService: Attempting to switch to BLUETOOTH_TETHER
06-28 17:44:33.871   151   312 D NetUtils: android_net_utils_resetConnections in env=0x16b8d40 clazz=0x70300001 iface=rmnet0 mask=0x3
06-28 17:44:33.871   151   312 D ConnectivityService: resetConnections(rmnet0, 3)
06-28 17:44:33.906   661  1823 W Smack/Packet: notify conn break (IOEx), close connection
06-28 17:44:33.957   471   471 D SAN_SERVICE: *******************************************
06-28 17:44:33.957   471   471 D SAN_SERVICE: DM App Phone Call State - 1
06-28 17:44:33.957   471   471 D SAN_SERVICE: *******************************************
06-28 17:44:33.957   471   471 D CallNotifier: RINGING... (new)
06-28 17:44:33.957   471   471 D CallNotifier: onNewRingingConnection(): state = RINGING, conn = {  incoming: true state: INCOMING post dial state: NOT_STARTED }
06-28 17:44:33.968   471  1896 D CallNotifier: SignalInfoTonePlayer.run(toneId = 98)...
06-28 17:44:34.007   471   473 D dalvikvm: GC_CONCURRENT freed 477K, 6% free 9556K/10119K, paused 2ms+3ms
06-28 17:44:34.054   151   593 D dalvikvm: JIT code cache reset in 4 ms (1048408 bytes 1/0)
06-28 17:44:34.070   151   593 D dalvikvm: GC_EXPLICIT freed 333K, 15% free 13346K/15623K, paused 2ms+10ms
06-28 17:44:34.070    82   122 D AudioHardware: AudioStreamOutALSA::setParameters() routing=1
06-28 17:44:34.070   661  1867 W GDataClient: Unable to execute HTTP request.javax.net.ssl.SSLException: Read error: ssl=0x19155b8: I/O error during system call, Connection timed out
06-28 17:44:34.082    82   122 D AudioHardware: AudioHardware pcm playback is exiting standby.
06-28 17:44:34.082    82   122 D AudioHardware: openPcmOut_l() mPcmOpenCnt: 0
06-28 17:44:34.086   661  1867 D ContactsSyncAdapter: IOException downloading photo
06-28 17:44:34.105   661   662 D dalvikvm: GC_CONCURRENT freed 421K, 13% free 10415K/11847K, paused 13ms+10ms
06-28 17:44:34.175   661  1823 I qtaguid : Failed write_ctrl(u 71) res=-1 errno=22
06-28 17:44:34.175   661  1823 I qtaguid : Untagging socket 71 failed errno=-22
06-28 17:44:34.175   661  1823 W NetworkManagementSocketTagger: untagSocket(71) failed with errno -22
06-28 17:44:34.179   151   312 D ConnectivityService: handleInetConditionChange: no active default network - ignore
06-28 17:44:34.238   151   194 D SyncManager: failed sync operation steven.y.ko@gmail.com (com.google), com.android.contacts, LOCAL, earliestRunTime 236759, SyncResult: stats [ numIoExceptions: 1 numInserts: 1073 numEntries: 1074]
06-28 17:44:34.269   471   473 D dalvikvm: GC_CONCURRENT freed 423K, 5% free 9678K/10183K, paused 3ms+3ms
06-28 17:44:34.300   151   194 D SyncManager: retrying sync operation as a two-way sync because an upload-only sync encountered an error: steven.y.ko@gmail.com (com.google), com.android.contacts, LOCAL, earliestRunTime 630896
06-28 17:44:34.382   471   471 D Bluetooth HS/HF: CDMA call state: IDLE prev state:IDLE
06-28 17:44:34.390   388   388 D PhoneStatusBar: disable: < expand icons ALERTS* ticker system_info BACK HOME RECENT CLOCK >
06-28 17:44:34.414   471   471 D AccelerometerListener: enable(false)
06-28 17:44:34.418   471   473 D dalvikvm: GC_CONCURRENT freed 376K, 5% free 9804K/10311K, paused 2ms+3ms
06-28 17:44:34.511   471   471 D CallNotifier: showIncomingCall()...  phone state = RINGING
06-28 17:44:34.515   151   595 I power   : *** set_screen_state 0
06-28 17:44:34.531   151   202 I WindowManager: Lock screen displayed!
06-28 17:44:34.687   388   388 D PhoneStatusBar: Notification has fullScreenIntent; sending fullScreenIntent
06-28 17:44:34.687   151   590 I ActivityManager: START {act=android.intent.action.MAIN flg=0x10840000 cmp=com.android.phone/.InCallScreen} from pid -1
06-28 17:44:34.761    82   123 D AudioHardwareInterface: setMode(RINGTONE)
06-28 17:44:34.765   151   785 I AudioService:  AudioFocus  requestAudioFocus() from AudioFocus_For_Phone_Ring_And_Calls
06-28 17:44:34.793   471   471 I InCallScreen: onCreate()...  this = com.android.phone.InCallScreen@414437b0
06-28 17:44:34.793   471   471 D InCallScreen: - onCreate: phone state = RINGING
06-28 17:44:34.812    82   122 D AudioHardware: AudioStreamOutALSA::setParameters() routing=2
06-28 17:44:34.812    82   122 D AudioHardware: AudioHardware pcm playback is going to standby.
06-28 17:44:34.812    82   122 D AudioHardware: closePcmOut_l() mPcmOpenCnt: 1
06-28 17:44:34.824    82   122 D AudioHardware: AudioHardware pcm playback is exiting standby.
06-28 17:44:34.824    82   122 D AudioHardware: openPcmOut_l() mPcmOpenCnt: 0
06-28 17:44:34.964  1580  1580 D OpenGLRenderer: Flushing caches (mode 1)
06-28 17:44:34.976   388   389 D dalvikvm: GC_CONCURRENT freed 470K, 8% free 9822K/10567K, paused 2ms+10ms
06-28 17:44:34.992   471   471 D dalvikvm: GC_FOR_ALLOC freed 249K, 5% free 9984K/10439K, paused 57ms
06-28 17:44:35.062   471   471 D dalvikvm: GC_FOR_ALLOC freed 16K, 4% free 10179K/10567K, paused 49ms
06-28 17:44:35.144   388   388 D dalvikvm: GC_FOR_ALLOC freed 233K, 9% free 9670K/10567K, paused 39ms
06-28 17:44:35.148   471   471 D dalvikvm: GC_FOR_ALLOC freed 2K, 4% free 10282K/10695K, paused 68ms
06-28 17:44:35.191   471   471 D dalvikvm: GC_FOR_ALLOC freed <1K, 5% free 10385K/10823K, paused 32ms
06-28 17:44:35.230   471   471 D dalvikvm: GC_FOR_ALLOC freed <1K, 5% free 10490K/10951K, paused 34ms
06-28 17:44:35.265   151   167 I Process : Sending signal. PID: 471 SIG: 3
06-28 17:44:35.265   471   476 I dalvikvm: threadid=3: reacting to signal 3
06-28 17:44:35.296   471   476 I dalvikvm: Wrote stack traces to '/data/anr/traces.txt'
06-28 17:44:35.382   471   471 D dalvikvm: GC_FOR_ALLOC freed 9K, 3% free 10843K/11079K, paused 40ms
06-28 17:44:35.531   471   473 D dalvikvm: GC_CONCURRENT freed 20K, 2% free 11315K/11527K, paused 3ms+2ms
06-28 17:44:35.589   388   388 D PhoneStatusBar: disable: < EXPAND* icons ALERTS ticker system_info BACK HOME RECENT CLOCK >
06-28 17:44:35.695   151   590 I power   : *** set_screen_state 1
06-28 17:44:35.761   151   167 I Process : Sending signal. PID: 471 SIG: 3
06-28 17:44:35.761   471   476 I dalvikvm: threadid=3: reacting to signal 3
06-28 17:44:35.855   471   476 I dalvikvm: Wrote stack traces to '/data/anr/traces.txt'
06-28 17:44:35.875   471   473 D dalvikvm: GC_CONCURRENT freed 31K, 2% free 11944K/12103K, paused 5ms+3ms
06-28 17:44:35.890    79   119 D SurfaceFlinger: Screen about to return, flinger = 0x10eb918
06-28 17:44:35.945   471   471 D Bluetooth HS/HF: CDMA call state: IDLE prev state:IDLE
06-28 17:44:36.164   151   201 I ActivityManager: Displayed com.android.phone/.InCallScreen: +1s403ms
06-28 17:44:36.179  1580  1580 D OpenGLRenderer: Flushing caches (mode 0)
06-28 17:44:36.394   388   388 D PhoneStatusBar: disable: < EXPAND icons ALERTS ticker system_info BACK HOME RECENT clock* >
06-28 17:44:36.890   151   315 D Tethering: MasterInitialState.processMessage what=3
06-28 17:44:36.929  1136  1152 D PicasaSyncManager: active network: null
06-28 17:44:36.980  1136  1152 D PicasaSyncManager: background data: true
06-28 17:44:36.980  1765  1765 I MediaUploader: No need to wake up
06-28 17:44:41.496   471   473 D dalvikvm: GC_CONCURRENT freed 848K, 8% free 11969K/12935K, paused 2ms+5ms
06-28 17:44:42.261   151   206 I WindowManager: Ignoring HOME; there's a ringing incoming call.
06-28 17:44:43.265   151   206 I WindowManager: Ignoring HOME; there's a ringing incoming call.
06-28 17:44:46.222   151   198 I power   : *** set_screen_state 0
06-28 17:44:46.285    79   119 D SurfaceFlinger: About to give-up screen, flinger = 0x10eb918
06-28 17:44:46.367   388   388 D PhoneStatusBar: disable: < expand* icons ALERTS ticker system_info BACK HOME RECENT clock >
06-28 17:44:46.429   151   154 D dalvikvm: GC_CONCURRENT freed 676K, 12% free 13752K/15623K, paused 3ms+5ms
06-28 17:44:46.457   388   388 D PhoneStatusBar: disable: < expand icons ALERTS ticker system_info back* home* RECENT clock >
06-28 17:44:46.492   151   202 V TransportControlView: Create TCV com.android.internal.widget.TransportControlView@415addc8
06-28 17:44:46.519   151   202 I power   : *** set_screen_state 1
06-28 17:44:46.570   151   202 W WindowManager: Aborted waiting for drawn: Window{41775220 Keyguard paused=false}
06-28 17:44:46.570   151   202 I WindowManager: Lock screen displayed!
06-28 17:44:46.722    79   119 D SurfaceFlinger: Screen about to return, flinger = 0x10eb918
06-28 17:44:46.828   388   388 D PhoneStatusBar: disable: < EXPAND* icons ALERTS ticker system_info BACK* HOME* RECENT clock >
06-28 17:44:46.925   151   595 I power   : *** set_screen_state 1
06-28 17:44:46.937   471   471 D Bluetooth HS/HF: CDMA call state: IDLE prev state:IDLE
06-28 17:44:48.472   471   471 D InCallScreen: internalAnswerCall()...
06-28 17:44:48.472   471   471 D PhoneUtils: answerCall(INCOMING)...
06-28 17:44:48.472   471   471 I phone   : acceptCall: incoming...
06-28 17:44:48.484   471   471 D InCallTouchUi: updateState: Too soon after last action; not drawing!
06-28 17:44:48.488   388   388 D PhoneStatusBar: disable: < EXPAND icons ALERTS ticker system_info back* home* RECENT clock >
06-28 17:44:48.601   471   471 D SAN_SERVICE: *******************************************
06-28 17:44:48.601   471   471 D SAN_SERVICE: DM App Phone Call State - 2
06-28 17:44:48.601   471   471 D SAN_SERVICE: *******************************************
06-28 17:44:48.621    82   122 D AudioHardware: AudioHardware pcm playback is going to standby.
06-28 17:44:48.621    82   122 D AudioHardware: closePcmOut_l() mPcmOpenCnt: 1
06-28 17:44:48.636   471   471 D Bluetooth HS/HF: CDMA call state: SINGLE_ACTIVE prev state:IDLE
06-28 17:44:48.640   471   471 D AccelerometerListener: enable(true)
06-28 17:44:48.656    82   674 D AudioHardwareInterface: setMode(IN_CALL)
06-28 17:44:48.656    82   674 D AudioHardware: openPcmOut_l() mPcmOpenCnt: 0
06-28 17:44:48.718    82   674 D AudioHardware: ### setVoiceVolume_l
06-28 17:44:48.718    82   674 D AudioHardware: ### route(2) call volume(0.800000)
06-28 17:44:48.718    82   674 D AudioHardware: ### speaker call volume
06-28 17:44:48.718   151   503 I AudioService:  AudioFocus  requestAudioFocus() from AudioFocus_For_Phone_Ring_And_Calls
06-28 17:44:48.746   388   388 D PhoneStatusBar: disable: < EXPAND icons ALERTS ticker system_info back home recent* clock >
06-28 17:44:48.808   487   582 D NfcService: NFC-C ON
06-28 17:44:48.906    82   122 D AudioHardware: AudioStreamOutALSA::setParameters() routing=1
06-28 17:44:48.906    82   122 D AudioHardware: ### incall mode route (1)
06-28 17:44:48.906    82   122 D AudioHardware: ### incall mode earpiece route
06-28 17:44:49.312   471   471 D AccelerometerListener: orientation: horizontal
06-28 17:44:49.843   388   389 D dalvikvm: GC_CONCURRENT freed 295K, 8% free 9765K/10567K, paused 6ms+9ms
06-28 17:44:49.953   388   389 D dalvikvm: GC_CONCURRENT freed 489K, 8% free 9768K/10567K, paused 2ms+4ms
06-28 17:44:51.781   471   471 D AccelerometerListener: orientation: vertical
06-28 17:44:51.793   151   198 I power   : *** set_screen_state 0
06-28 17:44:51.836    79   119 D SurfaceFlinger: About to give-up screen, flinger = 0x10eb918
06-28 17:44:51.882   151   199 D dalvikvm: GC_FOR_ALLOC freed 854K, 14% free 13492K/15623K, paused 56ms
06-28 17:44:51.890   388   388 D PhoneStatusBar: disable: < expand* icons ALERTS ticker system_info back home recent clock >
06-28 17:44:51.941   487  1578 D NfcService: NFC-C OFF, disconnect
06-28 17:45:53.007   151   199 I power   : *** set_screen_state 1
06-28 17:45:53.011   151   202 I WindowManager: No lock screen!
06-28 17:45:53.050   151   312 D ConnectivityService: ConnectivityChange for mobile: CONNECTED/CONNECTED
06-28 17:45:53.140   471   471 D SAN_SERVICE: *******************************************
06-28 17:45:53.140   471   471 D SAN_SERVICE: DM App Phone Call State - 0
06-28 17:45:53.144   471   471 D SAN_SERVICE: *******************************************
06-28 17:45:53.144   471   471 D CallNotifier: onDisconnect: cause = NORMAL, incoming = true, date = 1340919873859
06-28 17:45:53.156   151   784 I ActivityManager: moveTaskToBack: 12
06-28 17:45:53.164   471  1911 D CallNotifier: SignalInfoTonePlayer.run(toneId = 98)...
06-28 17:45:53.254    79   119 D SurfaceFlinger: Screen about to return, flinger = 0x10eb918
06-28 17:45:53.285    82   122 D AudioHardware: AudioHardware pcm playback is exiting standby.
06-28 17:45:53.285    82   122 D AudioHardware: openPcmOut_l() mPcmOpenCnt: 1
06-28 17:45:53.293   151   307 D NetworkPolicy: applying policy NetworkPolicy[NetworkTemplate: matchRule=MOBILE_ALL, subscriberId=valid]: cycleDay=28, warningBytes=2147483648, limitBytes=-1, lastSnooze=-1 to ifaces [rmnet0]
06-28 17:45:53.328   471  1915 D CallNotifier: InCallTonePlayer.run(toneId = 5)...
06-28 17:45:53.328   388   388 D PhoneStatusBar: disable: < EXPAND* icons ALERTS ticker system_info back home recent clock >
06-28 17:45:53.332   471   471 I InCallScreen: syncWithPhoneState: phone is idle (shouldn't be here)
06-28 17:45:53.332   471   471 I InCallScreen:   ==> syncWithPhoneState failed; bailing out!
06-28 17:45:53.332   471   471 D InCallScreen: endInCallScreenSession(true)...  phone state = IDLE
06-28 17:45:53.332   471   471 I InCallScreen: endInCallScreenSession(): FORCING a call to super.finish()!
06-28 17:45:53.336   471   471 D Bluetooth HS/HF: CDMA call state: IDLE prev state:IDLE
06-28 17:45:53.339   388   388 D PhoneStatusBar: disable: < EXPAND icons alerts* ticker system_info back home recent clock >
06-28 17:45:53.355   471   471 D AccelerometerListener: enable(false)
06-28 17:45:53.363   471   471 D InCallScreen: DELAYED_CLEANUP_AFTER_DISCONNECT detected, moving UI to background.
06-28 17:45:53.363   471   471 D InCallScreen: endInCallScreenSession(false)...  phone state = IDLE
06-28 17:45:53.367   151   163 I ActivityManager: moveTaskToBack: 12
06-28 17:45:53.367   388   388 D PhoneStatusBar: disable: < expand* icons alerts ticker system_info back home recent clock >
06-28 17:45:53.445   487  1756 D NfcService: NFC-C ON
06-28 17:45:53.461   471   471 D Bluetooth HS/HF: CDMA call state: IDLE prev state:IDLE
06-28 17:45:53.570    82   123 D AudioHardwareInterface: setMode(NORMAL)
06-28 17:45:53.593    82   123 D AudioHardware: closePcmOut_l() mPcmOpenCnt: 2
06-28 17:45:53.597    82   123 D AudioHardware: AudioHardware pcm playback is going to standby.
06-28 17:45:53.597    82   123 D AudioHardware: closePcmOut_l() mPcmOpenCnt: 1
06-28 17:45:53.597    82   122 D AudioHardware: AudioHardware pcm playback is exiting standby.
06-28 17:45:53.597    82   122 D AudioHardware: openPcmOut_l() mPcmOpenCnt: 0
06-28 17:45:53.679    82   122 D AudioHardware: AudioStreamOutALSA::setParameters() routing=1
06-28 17:45:53.683   151   502 I AudioService:  AudioFocus  abandonAudioFocus() from AudioFocus_For_Phone_Ring_And_Calls
06-28 17:45:53.687   585   588 D dalvikvm: GC_CONCURRENT freed 401K, 11% free 9820K/11015K, paused 1ms+3ms
06-28 17:45:54.046   151   162 I ActivityManager: moveTaskToBack: 12
06-28 17:45:54.050   471   471 I InCallScreen: onDestroy()...  this = com.android.phone.InCallScreen@414437b0
06-28 17:45:56.132   151   315 D Tethering: MasterInitialState.processMessage what=3
06-28 17:45:56.226  1765  1765 I MediaUploader: No need to wake up
06-28 17:45:56.234  1136  1152 D PicasaSyncManager: active network: NetworkInfo: type: mobile[CDMA - EvDo rev. A], state: CONNECTED/CONNECTED, reason: 2GVoiceCallEnded, extra: , roaming: false, failover: false, isAvailable: true
06-28 17:45:56.242  1136  1152 D PicasaSyncManager: background data: true
06-28 17:45:56.500   617   617 D OpenGLRenderer: Flushing caches (mode 1)
06-28 17:45:56.558    82   122 D AudioHardware: AudioHardware pcm playback is going to standby.
06-28 17:45:56.558    82   122 D AudioHardware: closePcmOut_l() mPcmOpenCnt: 1
06-28 17:45:57.898   661   662 D dalvikvm: GC_CONCURRENT freed 400K, 13% free 10417K/11847K, paused 15ms+5ms
06-28 17:45:59.734   585  1688 D dalvikvm: GC_EXPLICIT freed 144K, 11% free 9857K/11015K, paused 5ms+5ms
06-28 17:46:02.871   585   588 D dalvikvm: GC_CONCURRENT freed 364K, 11% free 9888K/11015K, paused 4ms+3ms
06-28 17:46:03.980   151   198 I power   : *** set_screen_state 0
06-28 17:46:04.050    79   119 D SurfaceFlinger: About to give-up screen, flinger = 0x10eb918
06-28 17:46:04.148   151   154 D dalvikvm: GC_CONCURRENT freed 1646K, 18% free 12966K/15623K, paused 3ms+5ms
06-28 17:46:04.207   151   202 V TransportControlView: Create TCV com.android.internal.widget.TransportControlView@415addc8
06-28 17:46:04.246   388   388 D PhoneStatusBar: disable: < expand icons alerts ticker system_info back home RECENT* clock >
06-28 17:46:04.250   617   617 D OpenGLRenderer: Flushing caches (mode 1)
06-28 17:46:04.250   487  1759 D NfcService: NFC-C OFF, disconnect
06-28 17:46:04.257    82   122 D AudioHardware: AudioStreamOutALSA::setParameters() routing=2
06-28 17:46:04.277   388   388 D PhoneStatusBar: disable: < expand icons alerts ticker system_info BACK* HOME* RECENT CLOCK* >
06-28 17:46:04.293    82   122 D AudioHardware: AudioHardware pcm playback is exiting standby.
06-28 17:46:04.293    82   122 D AudioHardware: openPcmOut_l() mPcmOpenCnt: 0
06-28 17:46:04.324   661   662 D dalvikvm: GC_CONCURRENT freed 396K, 13% free 10414K/11847K, paused 2ms+2ms
06-28 17:46:07.453    82   122 D AudioHardware: AudioHardware pcm playback is going to standby.
06-28 17:46:07.457    82   122 D AudioHardware: closePcmOut_l() mPcmOpenCnt: 1
06-28 17:46:08.156   585   588 D dalvikvm: GC_CONCURRENT freed 411K, 11% free 9862K/11015K, paused 13ms+3ms
06-28 17:46:10.929   661   661 I GTalkService/c: [AndroidEndpoint@1094379320] connect: acct=1000000, state=CONNECTING
06-28 17:46:10.949   661   661 I GTalkService/c: [GTalkConnection@1094578336] connect: acct=1, state=CONNECTING
06-28 17:46:12.050   585   588 D dalvikvm: GC_CONCURRENT freed 383K, 11% free 9902K/11015K, paused 2ms+2ms
06-28 17:46:12.117   661   662 D dalvikvm: GC_CONCURRENT freed 373K, 12% free 10467K/11847K, paused 2ms+3ms
06-28 17:46:13.273   151   587 D dalvikvm: GC_EXPLICIT freed 175K, 13% free 13623K/15623K, paused 6ms+5ms
06-28 17:46:13.324   151   312 D ConnectivityService: handleInetConditionHoldEnd: net=0, condition=100, published condition=0
06-28 17:46:15.867   585   588 D dalvikvm: GC_CONCURRENT freed 411K, 11% free 9877K/11015K, paused 2ms+2ms
06-28 17:46:16.867   661   662 D dalvikvm: GC_CONCURRENT freed 356K, 12% free 10502K/11847K, paused 16ms+3ms
06-28 17:46:18.484   151   202 I power   : *** set_screen_state 1
06-28 17:46:18.550   151   202 I WindowManager: Lock screen displayed!
06-28 17:46:18.683    79   119 D SurfaceFlinger: Screen about to return, flinger = 0x10eb918
06-28 17:46:19.015   661   662 D dalvikvm: GC_CONCURRENT freed 335K, 11% free 10566K/11847K, paused 8ms+3ms
06-28 17:46:19.019   585   588 D dalvikvm: GC_CONCURRENT freed 379K, 11% free 9892K/11015K, paused 2ms+3ms
06-28 17:46:19.246   388   388 D PhoneStatusBar: disable: < expand icons alerts ticker system_info BACK HOME recent* CLOCK >
06-28 17:46:19.261   151   163 W InputManagerService: Window already focused, ignoring focus gain of: com.android.internal.view.IInputMethodClient$Stub$Proxy@41508340
06-28 17:46:19.265    82   122 D AudioHardware: AudioHardware pcm playback is exiting standby.
06-28 17:46:19.265    82   122 D AudioHardware: openPcmOut_l() mPcmOpenCnt: 0
06-28 17:46:19.269   388   388 D PhoneStatusBar: disable: < expand icons alerts ticker system_info back* home* recent clock* >
06-28 17:46:19.277   487   582 D NfcService: NFC-C ON
06-28 17:46:19.617   585   588 D dalvikvm: GC_CONCURRENT freed 309K, 10% free 9972K/11015K, paused 2ms+8ms
06-28 17:46:22.300  1580  1582 D dalvikvm: GC_CONCURRENT freed 2070K, 38% free 11958K/19207K, paused 4ms+7ms
06-28 17:46:22.379  1580  1605 D dalvikvm: GC_FOR_ALLOC freed 331K, 39% free 11799K/19207K, paused 32ms
06-28 17:46:22.382  1580  1605 I dalvikvm-heap: Grow heap (frag case) to 12.818MB for 1286224-byte allocation
06-28 17:46:22.418  1580  1580 D dalvikvm: GC_FOR_ALLOC freed 1K, 33% free 13054K/19207K, paused 18ms
06-28 17:46:22.515  1580  1582 D dalvikvm: GC_CONCURRENT freed 2K, 27% free 14145K/19207K, paused 2ms+3ms
06-28 17:46:22.812  1580  1607 D dalvikvm: GC_FOR_ALLOC freed 3229K, 36% free 12398K/19207K, paused 28ms
06-28 17:46:22.953  1580  1639 D dalvikvm: GC_FOR_ALLOC freed 359K, 33% free 12919K/19207K, paused 28ms
06-28 17:46:23.097  1580  1582 D dalvikvm: GC_CONCURRENT freed 922K, 31% free 13259K/19207K, paused 2ms+5ms
06-28 17:46:23.226  1580  1606 D dalvikvm: GC_FOR_ALLOC freed 1296K, 35% free 12656K/19207K, paused 34ms
06-28 17:46:23.226  1580  1606 I dalvikvm-heap: Grow heap (frag case) to 13.655MB for 1286224-byte allocation
06-28 17:46:23.269  1580  1605 D dalvikvm: GC_FOR_ALLOC freed 5K, 28% free 13907K/19207K, paused 26ms
06-28 17:46:23.398  1580  1582 D dalvikvm: GC_CONCURRENT freed 6K, 24% free 14772K/19207K, paused 3ms+4ms
06-28 17:46:23.429   151   784 I ActivityManager: START {act=android.intent.action.MAIN cat=[android.intent.category.LAUNCHER] flg=0x10200000 cmp=com.android.vending/.AssetBrowserActivity} from pid 1580
06-28 17:46:23.687  1580  1582 D dalvikvm: GC_CONCURRENT freed 2605K, 27% free 14055K/19207K, paused 3ms+5ms
06-28 17:46:23.789  1580  1580 D OpenGLRenderer: Flushing caches (mode 0)
06-28 17:46:23.921   151   784 W InputManagerService: Starting input on non-focused client com.android.internal.view.IInputMethodClient$Stub$Proxy@413effd8 (uid=10025 pid=1580)
06-28 17:46:24.031  1153  1155 D dalvikvm: GC_CONCURRENT freed 4124K, 26% free 12662K/17095K, paused 2ms+15ms
06-28 17:46:24.039   585   588 D dalvikvm: GC_CONCURRENT freed 444K, 11% free 9914K/11015K, paused 8ms+4ms
06-28 17:46:24.093  1580  1580 D OpenGLRenderer: Flushing caches (mode 1)
06-28 17:46:26.398    82   122 D AudioHardware: AudioHardware pcm playback is going to standby.
06-28 17:46:26.398    82   122 D AudioHardware: closePcmOut_l() mPcmOpenCnt: 1
06-28 17:46:26.789   585   588 D dalvikvm: GC_CONCURRENT freed 409K, 11% free 9909K/11015K, paused 2ms+2ms
06-28 17:46:27.625   661   662 D dalvikvm: GC_CONCURRENT freed 444K, 12% free 10511K/11847K, paused 5ms+4ms
06-28 17:46:30.855   585   601 D dalvikvm: GC_FOR_ALLOC freed 417K, 11% free 9868K/11015K, paused 44ms
06-28 17:46:32.082    82   122 D AudioHardware: AudioHardware pcm playback is exiting standby.
06-28 17:46:32.082    82   122 D AudioHardware: openPcmOut_l() mPcmOpenCnt: 0
06-28 17:46:32.257   617   617 D OpenGLRenderer: Flushing caches (mode 1)
06-28 17:46:32.347  1153  1176 I ElegantRequestDirector: I/O exception (java.net.SocketException) caught when processing request: sendto failed: EPIPE (Broken pipe)
06-28 17:46:32.347  1153  1176 I ElegantRequestDirector: Retrying request
06-28 17:46:32.406  1153  1155 D dalvikvm: GC_CONCURRENT freed 1428K, 28% free 12402K/17095K, paused 5ms+5ms
06-28 17:46:32.652  1153  1153 D Finsky  : [1] DetailsDataBasedFragment.rebindViews: Page [class=DetailsFragment] loaded in [519 ms] (partial? false)
06-28 17:46:33.812  1153  1155 D dalvikvm: GC_CONCURRENT freed 539K, 25% free 12990K/17095K, paused 6ms+6ms
06-28 17:46:34.039   617   617 D OpenGLRenderer: Flushing caches (mode 1)
06-28 17:46:34.171   617   617 D OpenGLRenderer: Flushing caches (mode 1)
06-28 17:46:34.214  1153  1177 I ElegantRequestDirector: I/O exception (java.net.SocketException) caught when processing request: sendto failed: EPIPE (Broken pipe)
06-28 17:46:34.214  1153  1177 I ElegantRequestDirector: Retrying request
06-28 17:46:34.218  1153  1178 I ElegantRequestDirector: I/O exception (java.net.SocketException) caught when processing request: sendto failed: EPIPE (Broken pipe)
06-28 17:46:34.218  1153  1178 I ElegantRequestDirector: Retrying request
06-28 17:46:34.222  1153  1176 I ElegantRequestDirector: I/O exception (java.net.SocketException) caught when processing request: sendto failed: EPIPE (Broken pipe)
06-28 17:46:34.222  1153  1176 I ElegantRequestDirector: Retrying request
06-28 17:46:34.238  1153  1153 D Finsky  : [1] DetailsDataBasedFragment.rebindViews: Page [class=DetailsFragment] loaded in [2105 ms] (partial? true)
06-28 17:46:34.386  1153  1175 I ElegantRequestDirector: I/O exception (java.net.SocketException) caught when processing request: sendto failed: EPIPE (Broken pipe)
06-28 17:46:34.390  1153  1175 I ElegantRequestDirector: Retrying request
06-28 17:46:34.558  1153  1155 D dalvikvm: GC_CONCURRENT freed 793K, 22% free 13455K/17095K, paused 2ms+6ms
06-28 17:46:34.793   151   590 I ActivityManager: START {flg=0x20010000 cmp=com.android.vending/com.google.android.finsky.activities.PurchaseDialog (has extras)} from pid 1153
06-28 17:46:34.964   585   588 D dalvikvm: GC_CONCURRENT freed 386K, 11% free 9900K/11015K, paused 69ms+9ms
06-28 17:46:35.015  1153  1153 D Finsky  : [1] SelfUpdateScheduler.checkForSelfUpdate: Skipping self-update check as there is an update already queued.
06-28 17:46:35.086   151   201 I ActivityManager: Displayed com.android.vending/com.google.android.finsky.activities.PurchaseDialog: +215ms
06-28 17:46:35.109  1153  1176 I ElegantRequestDirector: I/O exception (java.net.SocketException) caught when processing request: sendto failed: EPIPE (Broken pipe)
06-28 17:46:35.117  1153  1176 I ElegantRequestDirector: Retrying request
06-28 17:46:35.121  1153  1153 D OpenGLRenderer: Flushing caches (mode 0)
06-28 17:46:35.207  1153  1155 D dalvikvm: GC_CONCURRENT freed 820K, 18% free 14112K/17095K, paused 3ms+5ms
06-28 17:46:35.964  1153  1155 D dalvikvm: GC_CONCURRENT freed 776K, 13% free 15033K/17095K, paused 2ms+5ms
06-28 17:46:37.703   661   662 D dalvikvm: GC_CONCURRENT freed 410K, 12% free 10488K/11847K, paused 10ms+3ms
06-28 17:46:37.871    82   122 D AudioHardware: AudioHardware pcm playback is going to standby.
06-28 17:46:37.871    82   122 D AudioHardware: closePcmOut_l() mPcmOpenCnt: 1
06-28 17:46:38.050   585   588 D dalvikvm: GC_CONCURRENT freed 416K, 11% free 9871K/11015K, paused 2ms+3ms
06-28 17:46:38.863  1243  1260 I PhoneLab-: Service Running
06-28 17:46:38.933  1243  1260 I PhoneLab-LoggerService: app_36    1264  1243  1800   1424  c00f181c 400107b4 S logcat
06-28 17:46:38.933  1243  1260 I PhoneLab-LoggerService: Logcat pid from database 1264
06-28 17:46:38.933  1243  1260 I PhoneLab-LoggerService: Logcat process found 1264
06-28 17:46:38.933  1243  1260 I PhoneLab-LoggerService: Checking Threshold
06-28 17:46:39.004  1153  1153 D Finsky  : [1] InstallerImpl.requestInstall: Request install of com.google.android.apps.googlevoice v=40254
06-28 17:46:39.007  1153  1153 D Finsky  : [1] InstallerImpl.kick: Installer kick com.google.android.apps.googlevoice - starting com.google.android.apps.googlevoice
06-28 17:46:39.011    82   122 D AudioHardware: AudioHardware pcm playback is exiting standby.
06-28 17:46:39.011    82   122 D AudioHardware: openPcmOut_l() mPcmOpenCnt: 0
06-28 17:46:39.129   617   617 D OpenGLRenderer: Flushing caches (mode 1)
06-28 17:46:39.230   151   154 D dalvikvm: GC_CONCURRENT freed 1209K, 14% free 13540K/15623K, paused 4ms+13ms
06-28 17:46:39.382  1153  1153 D Finsky  : [1] DetailsDataBasedFragment.rebindViews: Page [class=DetailsFragment] loaded in [7252 ms] (partial? false)
06-28 17:46:39.605   151   167 I Process : Sending signal. PID: 1153 SIG: 3
06-28 17:46:39.605  1153  1158 I dalvikvm: threadid=3: reacting to signal 3
06-28 17:46:39.644  1153  1158 I dalvikvm: Wrote stack traces to '/data/anr/traces.txt'
06-28 17:46:39.671  1153  1153 D Finsky  : [1] DetailsDataBasedFragment.rebindViews: Page [class=DetailsFragment] loaded in [7541 ms] (partial? true)
06-28 17:46:39.679  1153  1153 D Finsky  : [1] DownloadImpl.setState: com.google.android.apps.googlevoice from null to UNQUEUED.
06-28 17:46:39.679  1153  1153 D Finsky  : [1] DownloadQueueImpl.add: Download com.google.android.apps.googlevoice added to DownloadQueue
06-28 17:46:39.683  1153  1153 D Finsky  : [1] DownloadImpl.setState: com.google.android.apps.googlevoice from UNQUEUED to QUEUED.
06-28 17:46:39.730    84    84 I installd: free_cache(4748100) avail 965627904
06-28 17:46:39.914  1153  1155 D dalvikvm: GC_CONCURRENT freed 1687K, 11% free 15384K/17159K, paused 2ms+11ms
06-28 17:46:40.027  1153  1153 D Finsky  : [1] DownloadQueueImpl.startDownload: Download com.google.android.apps.googlevoice starting
06-28 17:46:40.101   151   167 I Process : Sending signal. PID: 1153 SIG: 3
06-28 17:46:40.101  1153  1158 I dalvikvm: threadid=3: reacting to signal 3
06-28 17:46:40.140  1153  1158 I dalvikvm: Wrote stack traces to '/data/anr/traces.txt'
06-28 17:46:40.316  1153  1153 D Finsky  : [1] DownloadImpl.setState: com.google.android.apps.googlevoice from QUEUED to DOWNLOADING.
06-28 17:46:40.320  1153  1153 D Finsky  : [1] DownloadQueueImpl.notifyProgress: com.google.android.apps.googlevoice: onProgress 0/-1 Status: 190.
06-28 17:46:40.382  1153  1153 D Finsky  : [1] DownloadQueueImpl.onStart: com.google.android.apps.googlevoice: onStart
06-28 17:46:40.421  1153  1153 D OpenGLRenderer: Flushing caches (mode 0)
06-28 17:46:40.484   151   593 D dalvikvm: GC_EXPLICIT freed 853K, 19% free 12757K/15623K, paused 3ms+5ms
06-28 17:46:40.597  1153  1153 D Finsky  : [1] DownloadQueueImpl.notifyProgress: com.google.android.apps.googlevoice: onProgress 0/-1 Status: 192.
06-28 17:46:40.777   536  1956 D dalvikvm: GC_EXPLICIT freed 122K, 14% free 9419K/10951K, paused 44ms+10ms
06-28 17:46:40.894   536  1956 I DownloadManager: Initiating request for download 4
06-28 17:46:40.964   388   389 D dalvikvm: GC_CONCURRENT freed 315K, 7% free 9880K/10567K, paused 2ms+3ms
06-28 17:46:40.988   388   388 D dalvikvm: GC_FOR_ALLOC freed 363K, 9% free 9684K/10567K, paused 16ms
06-28 17:46:41.082   388   389 D dalvikvm: GC_CONCURRENT freed 390K, 8% free 9806K/10567K, paused 2ms+5ms
06-28 17:46:41.726   536  1956 I DownloadManager: Initiating request for download 4
06-28 17:46:42.101    82   122 D AudioHardware: AudioHardware pcm playback is going to standby.
06-28 17:46:42.109    82   122 D AudioHardware: closePcmOut_l() mPcmOpenCnt: 1
06-28 17:46:42.214   585   588 D dalvikvm: GC_CONCURRENT freed 390K, 11% free 9892K/11015K, paused 2ms+3ms
06-28 17:46:46.441   151   198 I power   : *** set_screen_state 0
06-28 17:46:46.488    79   119 D SurfaceFlinger: About to give-up screen, flinger = 0x10eb918
06-28 17:46:46.550   487  1578 D NfcService: NFC-C OFF, disconnect
06-28 17:46:46.636   151   154 D dalvikvm: GC_CONCURRENT freed 118K, 14% free 13574K/15623K, paused 2ms+4ms
06-28 17:46:46.640   151   202 V TransportControlView: Create TCV com.android.internal.widget.TransportControlView@415addc8
06-28 17:46:46.683   388   388 D PhoneStatusBar: disable: < expand icons alerts ticker system_info back home RECENT* clock >
06-28 17:46:46.699   617   617 D OpenGLRenderer: Flushing caches (mode 1)
06-28 17:46:46.699    82   122 D AudioHardware: AudioHardware pcm playback is exiting standby.
06-28 17:46:46.699    82   122 D AudioHardware: openPcmOut_l() mPcmOpenCnt: 0
06-28 17:46:46.703   388   388 D PhoneStatusBar: disable: < expand icons alerts ticker system_info BACK* HOME* RECENT CLOCK* >
06-28 17:46:49.859    82   122 D AudioHardware: AudioHardware pcm playback is going to standby.
06-28 17:46:49.859    82   122 D AudioHardware: closePcmOut_l() mPcmOpenCnt: 1
06-28 17:46:50.355   585   588 D dalvikvm: GC_CONCURRENT freed 395K, 11% free 9903K/11015K, paused 13ms+2ms
06-28 17:46:52.035   661   662 D dalvikvm: GC_CONCURRENT freed 383K, 12% free 10492K/11847K, paused 17ms+3ms
06-28 17:46:55.441   617   617 D OpenGLRenderer: Flushing caches (mode 1)
06-28 17:46:56.023   585   588 D dalvikvm: GC_CONCURRENT freed 431K, 11% free 9909K/11015K, paused 14ms+3ms
06-28 17:47:00.382   536   538 D dalvikvm: GC_CONCURRENT freed 299K, 14% free 9503K/10951K, paused 2ms+3ms
06-28 17:47:01.390   585   588 D dalvikvm: GC_CONCURRENT freed 437K, 11% free 9910K/11015K, paused 1ms+2ms
06-28 17:47:02.046   388   389 D dalvikvm: GC_CONCURRENT freed 291K, 7% free 9902K/10567K, paused 2ms+4ms
06-28 17:47:07.043   585   588 D dalvikvm: GC_CONCURRENT freed 394K, 10% free 9928K/11015K, paused 2ms+2ms
06-28 17:47:07.246   661   662 D dalvikvm: GC_CONCURRENT freed 392K, 12% free 10484K/11847K, paused 15ms+3ms
06-28 17:47:10.910   585   588 D dalvikvm: GC_CONCURRENT freed 409K, 10% free 9920K/11015K, paused 1ms+3ms
06-28 17:47:15.429   585   588 D dalvikvm: GC_CONCURRENT freed 412K, 11% free 9910K/11015K, paused 2ms+2ms
06-28 17:47:23.504   661   662 D dalvikvm: GC_CONCURRENT freed 384K, 12% free 10489K/11847K, paused 19ms+3ms
06-28 17:47:27.898   585   588 D dalvikvm: GC_CONCURRENT freed 429K, 11% free 9881K/11015K, paused 15ms+2ms
06-28 17:47:30.336   536   538 D dalvikvm: GC_CONCURRENT freed 355K, 13% free 9532K/10951K, paused 1ms+3ms
06-28 17:47:30.652   151   163 D dalvikvm: GC_EXPLICIT freed 687K, 13% free 13672K/15623K, paused 2ms+5ms
06-28 17:47:30.742   617   617 D OpenGLRenderer: Flushing caches (mode 1)
06-28 17:47:36.781   661   662 D dalvikvm: GC_CONCURRENT freed 357K, 12% free 10533K/11847K, paused 26ms+3ms
06-28 17:47:40.820   536  1956 I qtaguid : Failed write_ctrl(u 53) res=-1 errno=22
06-28 17:47:40.820   536  1956 I qtaguid : Untagging socket 53 failed errno=-22
06-28 17:47:40.828   536  1956 W NetworkManagementSocketTagger: untagSocket(53) failed with errno -22
06-28 17:47:41.027  1153  1153 D Finsky  : [1] DownloadQueueImpl.notifyProgress: com.google.android.apps.googlevoice: onProgress 4748100/4748100 Status: 200.
06-28 17:47:41.046  1153  1153 D Finsky  : [1] DownloadBroadcastReceiver.onReceive: Intent received at DownloadBroadcastReceiver
06-28 17:47:41.066  1153  1153 D Finsky  : [1] DownloadImpl.setState: com.google.android.apps.googlevoice from DOWNLOADING to SUCCESS.
06-28 17:47:41.066  1153  1153 D Finsky  : [1] DownloadQueueImpl.onComplete: com.google.android.apps.googlevoice: onComplete
06-28 17:47:41.066  1153  1153 D Finsky  : [1] DownloadQueueImpl.remove: Download com.google.android.apps.googlevoice removed from DownloadQueue
06-28 17:47:41.074  1153  1153 D Finsky  : [1] SelfUpdateScheduler.onComplete: Self-update ignoring completed download com.google.android.apps.googlevoice
06-28 17:47:41.093    84    84 I installd: free_cache(0) avail 960606208
06-28 17:47:41.144   388   389 D dalvikvm: GC_CONCURRENT freed 631K, 8% free 9736K/10567K, paused 2ms+3ms
06-28 17:47:41.195   388   389 D dalvikvm: GC_CONCURRENT freed 503K, 9% free 9682K/10567K, paused 2ms+2ms
06-28 17:47:41.289   388   389 D dalvikvm: GC_CONCURRENT freed 426K, 8% free 9736K/10567K, paused 2ms+13ms
06-28 17:47:41.504   151   171 W ActivityManager: No content provider found for permission revoke: file:///data/data/com.android.providers.downloads/cache/downloadfile-1.apk
06-28 17:47:41.570   388   389 D dalvikvm: GC_CONCURRENT freed 135K, 6% free 9994K/10567K, paused 2ms+2ms
06-28 17:47:41.644   388   388 D dalvikvm: GC_FOR_ALLOC freed 473K, 8% free 9789K/10567K, paused 19ms
06-28 17:47:41.664   151   171 W ActivityManager: No content provider found for permission revoke: file:///data/data/com.android.providers.downloads/cache/downloadfile-1.apk
06-28 17:47:42.476   151   154 D dalvikvm: GC_CONCURRENT freed 676K, 11% free 14038K/15623K, paused 61ms+468ms
06-28 17:47:42.707   151   154 D dalvikvm: GC_CONCURRENT freed 775K, 8% free 14423K/15623K, paused 2ms+4ms
06-28 17:47:42.882   151   154 D dalvikvm: GC_CONCURRENT freed 1263K, 9% free 14462K/15879K, paused 2ms+5ms
06-28 17:47:43.113   151   154 D dalvikvm: GC_CONCURRENT freed 1349K, 10% free 14459K/15943K, paused 2ms+5ms
06-28 17:47:43.257   151   154 D dalvikvm: GC_CONCURRENT freed 1298K, 10% free 14454K/15943K, paused 3ms+4ms
06-28 17:47:43.476   151   171 I PackageManager: Running dexopt on: com.google.android.apps.googlevoice
06-28 17:47:43.535   661   761 I System.out: [INFO:739784]: LogSource: Running flush
06-28 17:47:43.543   661   763 I System.out: [INFO:739792]: LogSource: Sending payload [bytes=285]
06-28 17:47:44.367   661   662 D dalvikvm: GC_CONCURRENT freed 338K, 11% free 10594K/11847K, paused 2ms+3ms
06-28 17:47:44.511   388   389 D dalvikvm: GC_CONCURRENT freed 237K, 6% free 9973K/10567K, paused 3ms+5ms
06-28 17:47:44.543  1243  1260 I PhoneLab-: Service Running
06-28 17:47:44.812  1243  1260 I PhoneLab-LoggerService: app_36    1264  1243  1800   1424  c00ab7c8 40010474 D logcat
06-28 17:47:44.812  1243  1260 I PhoneLab-LoggerService: Logcat pid from database 1264
06-28 17:47:44.812  1243  1260 I PhoneLab-LoggerService: Logcat process found 1264
06-28 17:47:44.812  1243  1260 I PhoneLab-LoggerService: Checking Threshold
06-28 17:47:44.921  1243  1246 D dalvikvm: GC_CONCURRENT freed 1245K, 17% free 9553K/11399K, paused 233ms+2ms
06-28 17:47:46.007   661   763 I System.out: [INFO:742258]: LogSource: Response [http=200,length=259]
06-28 17:47:46.050   661   761 I System.out: [INFO:742300]: LogSource: Read id 3, status code 200
06-28 17:47:46.183   661   761 I System.out: [INFO:742433]: LogSource: Read id 2, status code 200
06-28 17:47:46.589  2006  2006 D dalvikvm: DexOpt: load 885ms, verify+opt 1379ms
06-28 17:47:47.992   151   168 I ActivityManager: Force stopping package com.google.android.apps.googlevoice uid=10053
06-28 17:47:48.179  1153  1153 D Finsky  : [1] DetailsDataBasedFragment.rebindViews: Page [class=DetailsFragment] loaded in [76048 ms] (partial? false)
06-28 17:47:48.355  1153  1155 D dalvikvm: GC_CONCURRENT freed 1721K, 11% free 15743K/17543K, paused 2ms+14ms
06-28 17:47:48.496   151   167 I Process : Sending signal. PID: 1153 SIG: 3
06-28 17:47:48.496  1153  1158 I dalvikvm: threadid=3: reacting to signal 3
06-28 17:47:48.550  1153  1158 I dalvikvm: Wrote stack traces to '/data/anr/traces.txt'
06-28 17:47:48.562  1153  1153 D Finsky  : [1] DetailsDataBasedFragment.rebindViews: Page [class=DetailsFragment] loaded in [76428 ms] (partial? true)
06-28 17:47:48.699   151   167 I Process : Sending signal. PID: 1153 SIG: 3
06-28 17:47:48.699  1153  1158 I dalvikvm: threadid=3: reacting to signal 3
06-28 17:47:48.699   151   167 W ActivityManager: Activity pause timeout for ActivityRecord{413f0080 com.android.vending/.AssetBrowserActivity}
06-28 17:47:48.714  1153  1158 I dalvikvm: Wrote stack traces to '/data/anr/traces.txt'
06-28 17:47:48.734   151   171 D PackageManager: New package installed in /data/app/com.google.android.apps.googlevoice-1.apk
06-28 17:47:48.738   151   154 D dalvikvm: GC_CONCURRENT freed 1295K, 10% free 14407K/15943K, paused 5ms+10ms
06-28 17:47:48.761   151   171 W PackageManager: Unknown permission com.android.vending.permission.UPDATE_MARKET_FAILURE in package com.android.vending.updater
06-28 17:47:48.765   151   171 W PackageManager: Unknown permission android.permission.ADD_SYSTEM_SERVICE in package com.android.phone
06-28 17:47:48.769   151   171 W PackageManager: Unknown permission com.google.android.gm.permission.AUTO_SEND in package com.google.android.voicesearch
06-28 17:47:48.773   151   171 W PackageManager: Unknown permission com.android.vending.billing.IBillingAccountService.BIND2 in package com.google.android.gsf.login
06-28 17:47:48.773   151   171 W PackageManager: Not granting permission android.permission.SEND_DOWNLOAD_COMPLETED_INTENTS to package com.android.browser (protectionLevel=2 flags=0x9be45)
06-28 17:47:48.773   151   171 W PackageManager: Unknown permission com.google.android.gm.permission.READ_GMAIL in package com.google.android.talk
06-28 17:47:48.777   151   171 W PackageManager: Unknown permission android.permission.READ_OWNER_DATA in package com.google.android.setupwizard
06-28 17:47:48.777   151   171 W PackageManager: Unknown permission android.permission.WRITE_OWNER_DATA in package com.google.android.setupwizard
06-28 17:47:48.781   151   171 W PackageManager: Unknown permission android.permission.WRITE_CDMA_CARRIER_SETTINGS in package com.android.sprintmenu
06-28 17:47:48.781   151   171 W PackageManager: Unknown permission android.permission.CHANGE_DUN_STATE in package com.android.sprintmenu
06-28 17:47:48.781   151   171 W PackageManager: Unknown permission android.permission.READ_EXTERNAL_STORAGE in package com.android.videoeditor
06-28 17:47:48.785   151   171 W PackageManager: Unknown permission com.google.android.gm.permission.READ_GMAIL in package com.google.android.apps.uploader
06-28 17:47:48.785   151   171 W PackageManager: Unknown permission android.permission.READ_EXTERNAL_STORAGE in package com.android.vending
06-28 17:47:48.793   151   171 W PackageManager: Unknown permission com.sprint.internal.permission.CONNECTIONMANAGER in package com.samsung.update
06-28 17:47:48.793   151   171 W PackageManager: Unknown permission com.sprint.internal.permission.SYSTEMPROPERTIES in package com.samsung.update
06-28 17:47:48.793   151   171 W PackageManager: Unknown permission com.sprint.internal.permission.SYSTEMPROPERTIES_WRITE in package com.samsung.update
06-28 17:47:48.793   151   171 W PackageManager: Not granting permission android.permission.DEVICE_POWER to package com.android.deskclock (protectionLevel=2 flags=0x8be45)
06-28 17:47:48.796   151   171 W PackageManager: Unknown permission android.permission.FLAG_RECEIVER_REGISTERED_ONLY_BEFORE_BOOT in package com.samsung.wimax
06-28 17:47:48.800   151   171 W PackageManager: Not granting permission android.permission.ACCESS_CHECKIN_PROPERTIES to package com.google.android.apps.googlevoice (protectionLevel=3 flags=0x8be44)
06-28 17:47:48.800   151   171 W PackageManager: Unknown permission com.google.android.apps.googlevoice.REMOTE_INTENT in package com.google.android.apps.googlevoice
06-28 17:47:48.800   151   171 W PackageManager: Unknown permission com.google.android.permission.RECEIVE_DATA_MESSAGE in package com.google.android.apps.googlevoice
06-28 17:47:48.800   151   171 W PackageManager: Unknown permission com.google.android.permission.SEND_DATA_MESSAGE in package com.google.android.apps.googlevoice
06-28 17:47:48.800   151   171 W PackageManager: Unknown permission com.android.providers.voicemail.permission.READ_WRITE_ALL_VOICEMAIL in package com.google.android.apps.googlevoice
06-28 17:47:48.800   151   171 W PackageManager: Unknown permission com.android.providers.voicemail.permission.READ_WRITE_OWN_VOICEMAIL in package com.google.android.apps.googlevoice
06-28 17:47:48.937   617   617 D OpenGLRenderer: Flushing caches (mode 1)
06-28 17:47:49.082   151   167 I Process : Sending signal. PID: 1153 SIG: 3
06-28 17:47:49.082  1153  1158 I dalvikvm: threadid=3: reacting to signal 3
06-28 17:47:49.121  1153  1158 I dalvikvm: Wrote stack traces to '/data/anr/traces.txt'
06-28 17:47:49.152   487   487 I RegisteredComponentCache: ComponentInfo: ResolveInfo{4138ca80 com.android.apps.tag.TagViewer p=0 o=0 m=0x108000}, techs: android.nfc.tech.Ndef, 
06-28 17:47:49.320   151   151 I ActivityManager: Start proc com.google.android.partnersetup for broadcast com.google.android.partnersetup/.RlzPingBroadcastReceiver: pid=2014 uid=10020 gids={3003}
06-28 17:47:49.328   151   167 D PackageManager: generateServicesMap(android.accounts.AccountAuthenticator): 3 services unchanged
06-28 17:47:49.359   151   171 D dalvikvm: GC_EXPLICIT freed 1150K, 15% free 13699K/15943K, paused 2ms+22ms
06-28 17:47:49.359  1153  1513 D Finsky  : [141] 1.packageInstalled: Package install status for "com.google.android.apps.googlevoice" is 1
06-28 17:47:49.367  1580  1580 I Launcher: setLoadOnResume
06-28 17:47:49.554  2014  2014 I ActivityThread: Pub com.google.android.partnersetup.rlzprovider: com.google.android.partnersetup.RlzProvider
06-28 17:47:49.554   151   167 D PackageManager: generateServicesMap(android.content.SyncAdapter): 9 services unchanged
06-28 17:47:49.558  2014  2014 I ActivityThread: Pub com.google.android.partnersetup.rlzappprovider: com.google.android.partnersetup.RlzAppProvider
06-28 17:47:49.589   151   167 W ResourceType: Failure getting entry for 0x7f060000 (t=5 e=0) in package 0 (error -75)
06-28 17:47:49.687   151   784 I ActivityManager: Start proc com.android.musicfx for broadcast com.android.musicfx/.Compatibility$Receiver: pid=2027 uid=10032 gids={3003, 3002}
06-28 17:47:49.757   151   167 D BackupManagerService: Received broadcast Intent { act=android.intent.action.PACKAGE_ADDED dat=package:com.google.android.apps.googlevoice flg=0x10000010 (has extras) }
06-28 17:47:49.875   151   167 V BackupManagerService: addPackageParticipantsLocked: #1
06-28 17:47:49.882   151   162 I ActivityManager: Start proc com.svox.pico for broadcast com.svox.pico/.VoiceDataInstallerReceiver: pid=2041 uid=10037 gids={1015}
06-28 17:47:50.074   661   662 D dalvikvm: GC_CONCURRENT freed 437K, 11% free 10555K/11847K, paused 17ms+5ms
06-28 17:47:50.078  2041  2041 I ActivityThread: Pub com.svox.pico.providers.SettingsProvider: com.svox.pico.providers.SettingsProvider
06-28 17:47:50.183  1136  1152 V PicasaContentProvider: querySettings: defaults: {sync_on_wifi_only=1, auto_upload_account_type=null, sync_on_battery=1, sync_picasa_on_wifi_only=1, auto_upload_enabled=0, video_upload_wifi_only=1, sync_on_roaming=0, auto_upload_account_name=null}
06-28 17:47:50.230  1136  1152 D PicasaSyncManager: reject MetadataSyncTask (steven.y.ko@gmail.com) for wifi connection
06-28 17:47:50.242   151   503 I ActivityManager: No longer want com.google.android.googlequicksearchbox (pid 1622): hidden #16
06-28 17:47:50.293  1153  1161 I dalvikvm: Jit: resizing JitTable from 8192 to 16384
06-28 17:47:50.433  1153  1153 D Finsky  : [1] DetailsDataBasedFragment.rebindViews: Page [class=DetailsFragment] loaded in [78299 ms] (partial? false)
06-28 17:47:50.461   151   502 I ActivityManager: Start proc com.android.voicedialer for broadcast com.android.voicedialer/.VoiceDialerReceiver: pid=2058 uid=10048 gids={3002}
06-28 17:47:50.554   151   162 I ActivityManager: No longer want com.android.quicksearchbox (pid 1675): hidden #16
06-28 17:47:50.734   151   502 I ActivityManager: Start proc com.google.android.googlequicksearchbox for broadcast com.google.android.googlequicksearchbox/.SourceUpdateReceiver: pid=2073 uid=10021 gids={3003}
06-28 17:47:50.832  1153  1155 D dalvikvm: GC_CONCURRENT freed 2470K, 15% free 15320K/17863K, paused 2ms+50ms
06-28 17:47:50.886  2073  2073 I ActivityThread: Pub com.google.android.googlequicksearchbox.shortcuts: com.google.android.googlequicksearchbox.WebHistoryProvider
06-28 17:47:50.890  2073  2073 I ActivityThread: Pub com.google.android.googlequicksearchbox.google: com.google.android.googlequicksearchbox.google.GoogleSuggestionProvider
06-28 17:47:50.925  1153  1153 D Finsky  : [1] DetailsDataBasedFragment.rebindViews: Page [class=DetailsFragment] loaded in [78793 ms] (partial? true)
06-28 17:47:50.968   151   167 I Process : Sending signal. PID: 1153 SIG: 3
06-28 17:47:50.968  1153  1158 I dalvikvm: threadid=3: reacting to signal 3
06-28 17:47:50.988  1153  1158 I dalvikvm: Wrote stack traces to '/data/anr/traces.txt'
06-28 17:47:50.988   151   167 W ActivityManager: Activity pause timeout for ActivityRecord{413f0080 com.android.vending/.AssetBrowserActivity}
06-28 17:47:50.992   151   167 I Process : Sending signal. PID: 1153 SIG: 3
06-28 17:47:50.992  1153  1158 I dalvikvm: threadid=3: reacting to signal 3
06-28 17:47:51.027  1153  1158 I dalvikvm: Wrote stack traces to '/data/anr/traces.txt'
06-28 17:47:51.074   151   593 I ActivityManager: Start proc com.android.quicksearchbox for broadcast com.android.quicksearchbox/.CorporaUpdateReceiver: pid=2087 uid=10039 gids={3003}
06-28 17:47:51.074   151   593 I ActivityManager: No longer want com.android.browser (pid 1483): hidden #16
06-28 17:47:51.211  2087  2087 I ActivityThread: Pub com.android.quicksearchbox.google: com.android.quicksearchbox.google.GoogleSuggestionProvider
06-28 17:47:51.246  2087  2087 I ActivityThread: Pub com.android.quicksearchbox.shortcuts: com.android.quicksearchbox.ShortcutsProvider
06-28 17:47:51.250   151   503 I ActivityManager: No longer want com.google.android.syncadapters.calendar (pid 1784): hidden #16
06-28 17:47:51.320   151   167 I Process : Sending signal. PID: 1153 SIG: 3
06-28 17:47:51.320  1153  1158 I dalvikvm: threadid=3: reacting to signal 3
06-28 17:47:51.351  1153  1158 I dalvikvm: Wrote stack traces to '/data/anr/traces.txt'
06-28 17:47:51.355  1153  1153 D Finsky  : [1] DetailsDataBasedFragment.rebindViews: Page [class=DetailsFragment] loaded in [79223 ms] (partial? false)
06-28 17:47:51.371   151   154 D dalvikvm: GC_CONCURRENT freed 1094K, 15% free 13660K/15943K, paused 2ms+16ms
06-28 17:47:51.515  1580  1580 I Launcher: setLoadOnResume
06-28 17:47:51.527  1580  1580 I Launcher: setLoadOnResume
06-28 17:47:51.531  1580  1580 I Launcher: setLoadOnResume
06-28 17:47:51.535  1580  1580 I Launcher: setLoadOnResume
06-28 17:47:51.550  1580  1580 I Launcher: setLoadOnResume
06-28 17:47:51.578  1580  1580 I Launcher: setLoadOnResume
06-28 17:47:51.777   151   784 I ActivityManager: No longer want com.android.calendar (pid 1872): hidden #16
06-28 17:47:51.820   151   167 I Process : Sending signal. PID: 1153 SIG: 3
06-28 17:47:51.820  1153  1158 I dalvikvm: threadid=3: reacting to signal 3
06-28 17:47:51.879  1153  1158 I dalvikvm: Wrote stack traces to '/data/anr/traces.txt'
06-28 17:47:51.925  1153  1155 D dalvikvm: GC_CONCURRENT freed 2118K, 15% free 15250K/17863K, paused 16ms+11ms
06-28 17:47:51.925  1153  1153 D Finsky  : [1] DetailsDataBasedFragment.rebindViews: Page [class=DetailsFragment] loaded in [79776 ms] (partial? true)
06-28 17:47:51.964   585   588 D dalvikvm: GC_CONCURRENT freed 337K, 10% free 9941K/11015K, paused 529ms+9ms
06-28 17:47:52.191  1153  1153 D Finsky  : [1] DetailsDataBasedFragment.rebindViews: Page [class=DetailsFragment] loaded in [80059 ms] (partial? false)
06-28 17:47:52.320   151   167 I Process : Sending signal. PID: 1153 SIG: 3
06-28 17:47:52.324  1153  1158 I dalvikvm: threadid=3: reacting to signal 3
06-28 17:47:52.484  1153  1158 I dalvikvm: Wrote stack traces to '/data/anr/traces.txt'
06-28 17:47:52.617  1153  1153 D Finsky  : [1] DetailsDataBasedFragment.rebindViews: Page [class=DetailsFragment] loaded in [80486 ms] (partial? true)
06-28 17:47:52.820   151   167 I Process : Sending signal. PID: 1153 SIG: 3
06-28 17:47:52.820  1153  1158 I dalvikvm: threadid=3: reacting to signal 3
06-28 17:47:52.847  1153  1155 D dalvikvm: GC_CONCURRENT freed 2075K, 16% free 15172K/17863K, paused 7ms+12ms
06-28 17:47:52.871  1153  1158 I dalvikvm: Wrote stack traces to '/data/anr/traces.txt'
06-28 17:48:35.183   617   617 D OpenGLRenderer: Flushing caches (mode 1)
06-28 17:48:36.234  1153  1153 D Finsky  : [1] 5.onFinished: Installation state replication succeeded.
06-28 17:49:12.246   487   487 I RegisteredComponentCache: ComponentInfo: ResolveInfo{4138ec88 com.android.apps.tag.TagViewer p=0 o=0 m=0x108000}, techs: android.nfc.tech.Ndef, 
06-28 17:49:12.261   151   167 D PackageManager: generateServicesMap(android.accounts.AccountAuthenticator): 3 services unchanged
06-28 17:49:12.367   151   167 D PackageManager: generateServicesMap(android.content.SyncAdapter): 9 services unchanged
06-28 17:49:12.394  1136  1138 D dalvikvm: GC_CONCURRENT freed 1225K, 14% free 9683K/11207K, paused 6ms+3ms
06-28 17:49:12.398  1136  1152 V PicasaContentProvider: querySettings: defaults: {sync_on_wifi_only=1, auto_upload_account_type=null, sync_on_battery=1, sync_picasa_on_wifi_only=1, auto_upload_enabled=0, video_upload_wifi_only=1, sync_on_roaming=0, auto_upload_account_name=null}
06-28 17:49:12.398  1136  1152 D PicasaSyncManager: reject MetadataSyncTask (steven.y.ko@gmail.com) for wifi connection
06-28 17:49:55.557   617   617 D OpenGLRenderer: Flushing caches (mode 1)
06-28 17:49:55.619   151   373 D AlarmManagerService: Kernel timezone updated to 240 minutes west of GMT
06-28 17:49:55.623   471   471 D SystemClock: Setting time of day to sec=1340920196
06-28 17:49:56.076   151   168 I ActivityManager: Start proc com.android.calendar for broadcast com.android.calendar/.widget.CalendarAppWidgetService$CalendarFactory: pid=2104 uid=10005 gids={3003}
06-28 17:49:56.142  2104  2104 I ActivityThread: Pub com.android.calendar.CalendarRecentSuggestionsProvider: com.android.calendar.CalendarRecentSuggestionsProvider
06-28 17:49:56.244   151   595 I ActivityManager: Start proc com.android.deskclock for broadcast com.android.deskclock/.AlarmInitReceiver: pid=2120 uid=10011 gids={}
06-28 17:49:56.247   151   595 I ActivityManager: No longer want com.android.providers.calendar (pid 1800): hidden #16
06-28 17:49:56.290  2120  2120 I ActivityThread: Pub com.android.deskclock: com.android.deskclock.AlarmProvider
06-28 17:49:56.306  2104  2115 I ActivityThread: Removing dead content provider: com.android.calendar
06-28 17:49:56.310   151   785 I ActivityManager: Kill com.android.calendar (pid 2104): provider com.android.providers.calendar.CalendarProvider2 in dying process com.android.providers.calendar
06-28 17:49:56.376  2120  2134 V AlarmClock: AlarmInitReceiver finished
06-28 17:49:56.423   151   151 I ActivityManager: No longer want com.google.android.apps.uploader (pid 1765): hidden #16
06-28 17:49:56.501   151   154 D dalvikvm: GC_CONCURRENT freed 1087K, 15% free 13654K/15943K, paused 2ms+9ms
06-28 17:49:56.622  1153  1153 D Finsky  : [1] DetailsDataBasedFragment.rebindViews: Page [class=DetailsFragment] loaded in [204492 ms] (partial? false)
06-28 17:49:56.759   151   590 I ActivityManager: Process com.android.calendar (pid 2104) has died.
06-28 17:49:56.814   151   167 I Process : Sending signal. PID: 1153 SIG: 3
06-28 17:49:56.814  1153  1158 I dalvikvm: threadid=3: reacting to signal 3
06-28 17:49:56.841  1153  1158 I dalvikvm: Wrote stack traces to '/data/anr/traces.txt'
06-28 17:49:56.841   151   167 W ActivityManager: Activity pause timeout for ActivityRecord{413f0080 com.android.vending/.AssetBrowserActivity}
06-28 17:49:56.845   151   167 I Process : Sending signal. PID: 1153 SIG: 3
06-28 17:49:56.845  1153  1158 I dalvikvm: threadid=3: reacting to signal 3
06-28 17:49:56.880  1153  1158 I dalvikvm: Wrote stack traces to '/data/anr/traces.txt'
06-28 17:49:56.892  1153  1153 D Finsky  : [1] DetailsDataBasedFragment.rebindViews: Page [class=DetailsFragment] loaded in [204762 ms] (partial? true)
06-28 17:49:57.021  1153  1155 D dalvikvm: GC_CONCURRENT freed 2172K, 16% free 15011K/17863K, paused 2ms+9ms
06-28 17:49:57.318   151   167 I Process : Sending signal. PID: 1153 SIG: 3
06-28 17:49:57.318  1153  1158 I dalvikvm: threadid=3: reacting to signal 3
06-28 17:49:57.345  1153  1158 I dalvikvm: Wrote stack traces to '/data/anr/traces.txt'
06-28 17:50:01.297   151   168 I ActivityManager: Start proc com.android.providers.calendar for broadcast com.android.providers.calendar/.CalendarProviderBroadcastReceiver: pid=2137 uid=10006 gids={3003, 1015}
06-28 17:50:01.343  2137  2137 I ActivityThread: Pub com.android.calendar: com.android.providers.calendar.CalendarProvider2
06-28 17:50:38.480  2137  2137 I CalendarProvider2: Sending notification intent: Intent { act=android.intent.action.PROVIDER_CHANGED dat=content://com.android.calendar }
06-28 17:50:38.496  2137  2137 W ContentResolver: Failed to get type for: content://com.android.calendar (Unknown URL content://com.android.calendar)
06-28 17:50:38.547   151   168 I ActivityManager: Start proc com.android.calendar for broadcast com.android.calendar/.widget.CalendarAppWidgetService$CalendarFactory: pid=2152 uid=10005 gids={3003}
06-28 17:50:38.578  2152  2152 I ActivityThread: Pub com.android.calendar.CalendarRecentSuggestionsProvider: com.android.calendar.CalendarRecentSuggestionsProvider
06-28 17:50:38.597   151   784 I ActivityManager: No longer want edu.buffalo.cse.phonelab.phonelabservices (pid 1243): hidden #16
06-28 17:50:38.609   151   163 I WindowManager: WIN DEATH: Window{4155b888 edu.buffalo.cse.phonelab.phonelabservices/edu.buffalo.cse.phonelab.phonelabservices.PhoneLabMainView paused=false}
06-28 17:50:38.609   151   373 W ActivityManager: Scheduling restart of crashed service edu.buffalo.cse.phonelab.phonelabservices/edu.buffalo.cse.phonelab.datalogger.LoggerService in 5000ms
06-28 17:50:38.804  1153  1153 D Finsky  : [1] DetailsDataBasedFragment.rebindViews: Page [class=DetailsFragment] loaded in [246666 ms] (partial? false)
06-28 17:50:39.007  1153  1153 D Finsky  : [1] DetailsDataBasedFragment.rebindViews: Page [class=DetailsFragment] loaded in [246875 ms] (partial? true)
06-28 17:50:39.113   151   167 I Process : Sending signal. PID: 1153 SIG: 3
06-28 17:50:39.113  1153  1158 I dalvikvm: threadid=3: reacting to signal 3
06-28 17:50:39.168  2137  2139 D dalvikvm: GC_CONCURRENT freed 329K, 5% free 9143K/9607K, paused 113ms+2ms
06-28 17:50:39.179  1153  1158 I dalvikvm: Wrote stack traces to '/data/anr/traces.txt'
06-28 17:50:39.226  1153  1155 D dalvikvm: GC_CONCURRENT freed 1806K, 16% free 15109K/17863K, paused 5ms+9ms
06-28 17:50:39.461  2152  2154 D dalvikvm: GC_CONCURRENT freed 303K, 5% free 9184K/9607K, paused 8ms+2ms
06-28 17:50:56.597   151   168 I ActivityManager: Start proc edu.buffalo.cse.phonelab.phonelabservices for service edu.buffalo.cse.phonelab.phonelabservices/edu.buffalo.cse.phonelab.datalogger.LoggerService: pid=2170 uid=10036 gids={3003, 1015, 1007, 2001}
06-28 17:50:56.625    80    80 D dalvikvm: GC_EXPLICIT freed 36K, 4% free 9031K/9347K, paused 2ms+2ms
06-28 17:50:56.664    80    80 D dalvikvm: GC_EXPLICIT freed <1K, 4% free 9031K/9347K, paused 5ms+2ms
06-28 17:50:56.675  2170  2170 I PhoneLab-LoggerService: Start Logger Service
06-28 17:50:56.703  2170  2183 I PhoneLab-: Service Running
06-28 17:50:56.711    80    80 D dalvikvm: GC_EXPLICIT freed <1K, 4% free 9031K/9347K, paused 2ms+1ms
06-28 17:50:56.769  2170  2183 I PhoneLab-LoggerService: app_36    1264  1     1800   1424  c00f181c 400107b4 S logcat
06-28 17:50:56.773  2170  2183 I PhoneLab-LoggerService: Logcat pid from database 1264
06-28 17:50:56.773  2170  2183 I PhoneLab-LoggerService: Logcat process found 1264
06-28 17:50:56.773  2170  2183 I PhoneLab-LoggerService: Checking Threshold
06-28 17:57:49.011   151   202 I power   : *** set_screen_state 1
06-28 17:57:49.039   151   202 I WindowManager: Lock screen displayed!
06-28 17:57:49.203    79   119 D SurfaceFlinger: Screen about to return, flinger = 0x10eb918
06-28 17:57:49.437  1153  1153 D Finsky  : [1] DetailsDataBasedFragment.rebindViews: Page [class=DetailsFragment] loaded in [677306 ms] (partial? false)
06-28 17:57:49.527   151   167 I Process : Sending signal. PID: 1153 SIG: 3
06-28 17:57:49.527  1153  1158 I dalvikvm: threadid=3: reacting to signal 3
06-28 17:57:49.574  1153  1158 I dalvikvm: Wrote stack traces to '/data/anr/traces.txt'
06-28 17:57:49.808  1153  1153 D Finsky  : [1] DetailsDataBasedFragment.rebindViews: Page [class=DetailsFragment] loaded in [677677 ms] (partial? true)
06-28 17:57:49.918  1153  1171 I ElegantRequestDirector: I/O exception (org.apache.http.NoHttpResponseException) caught when processing request: The target server failed to respond
06-28 17:57:49.918  1153  1171 I ElegantRequestDirector: Retrying request
06-28 17:57:49.945   617   617 D OpenGLRenderer: Flushing caches (mode 1)
06-28 17:57:49.949   388   388 D PhoneStatusBar: disable: < expand icons alerts ticker system_info BACK HOME recent* CLOCK >
06-28 17:57:49.961   487  1759 D NfcService: NFC-C ON
06-28 17:57:49.968    82   122 D AudioHardware: AudioHardware pcm playback is exiting standby.
06-28 17:57:49.968    82   122 D AudioHardware: openPcmOut_l() mPcmOpenCnt: 0
06-28 17:57:49.972   388   388 D PhoneStatusBar: disable: < expand icons alerts ticker system_info back* home* recent clock* >
06-28 17:57:50.027   151   167 I Process : Sending signal. PID: 1153 SIG: 3
06-28 17:57:50.027  1153  1158 I dalvikvm: threadid=3: reacting to signal 3
06-28 17:57:50.093  1153  1158 I dalvikvm: Wrote stack traces to '/data/anr/traces.txt'
06-28 17:57:50.351  1153  1155 D dalvikvm: GC_CONCURRENT freed 1834K, 15% free 15232K/17863K, paused 10ms+9ms
06-28 17:57:50.496   151   784 W InputManagerService: Window already focused, ignoring focus gain of: com.android.internal.view.IInputMethodClient$Stub$Proxy@417b9ea0
06-28 17:57:50.527   151   167 I Process : Sending signal. PID: 1153 SIG: 3
06-28 17:57:50.527  1153  1158 I dalvikvm: threadid=3: reacting to signal 3
06-28 17:57:50.543  1153  1158 I dalvikvm: Wrote stack traces to '/data/anr/traces.txt'
06-28 17:57:51.336   151   785 D dalvikvm: GC_EXPLICIT freed 950K, 15% free 13621K/15943K, paused 3ms+6ms
06-28 17:57:51.386   661   662 D dalvikvm: GC_CONCURRENT freed 393K, 11% free 10551K/11847K, paused 2ms+3ms
06-28 17:57:51.421   661  1928 D dalvikvm: GC_EXPLICIT freed 35K, 12% free 10517K/11847K, paused 2ms+3ms
06-28 17:57:51.484   661  1926 W Smack/Packet: notify conn break (IOEx), close connection
06-28 17:57:51.968  1153  1153 D DfeApi  : [1] DfeRequest.deliverResponse: Not delivering second response for request=[[ ] https://android.clients.google.com/fdfe/details?doc=com.google.android.apps.googlevoice NORMAL 204]
06-28 17:57:52.332   151   151 I ActivityManager: START {act=android.intent.action.MAIN cat=[android.intent.category.LAUNCHER] flg=0x10000000 pkg=com.google.android.apps.googlevoice cmp=com.google.android.apps.googlevoice/.SplashActivity bnds=[0,119][480,215]} from pid -1
06-28 17:57:52.363   151   478 W KeyguardViewMediator: verifyUnlock called when not externally disabled
06-28 17:57:52.390   151   373 I ActivityManager: Start proc com.google.android.apps.googlevoice for activity com.google.android.apps.googlevoice/.SplashActivity: pid=2191 uid=10053 gids={3003, 1015}
06-28 17:57:52.488   388   388 D dalvikvm: GC_FOR_ALLOC freed 517K, 8% free 9750K/10567K, paused 52ms
06-28 17:57:52.664   388   389 D dalvikvm: GC_CONCURRENT freed 402K, 8% free 9763K/10567K, paused 2ms+13ms
06-28 17:57:52.765   585   588 D dalvikvm: GC_CONCURRENT freed 414K, 10% free 9937K/11015K, paused 3ms+4ms
06-28 17:57:52.890  2191  2193 D dalvikvm: GC_CONCURRENT freed 272K, 4% free 9262K/9607K, paused 3ms+3ms
06-28 17:57:52.890  2191  2200 W CursorWrapperInner: Cursor finalized without prior close()
06-28 17:57:52.890  2191  2200 W CursorWrapperInner: Cursor finalized without prior close()
06-28 17:57:52.890  2191  2200 W CursorWrapperInner: Cursor finalized without prior close()
06-28 17:57:52.941   151   167 I Process : Sending signal. PID: 2191 SIG: 3
06-28 17:57:52.945  2191  2196 I dalvikvm: threadid=3: reacting to signal 3
06-28 17:57:52.964  2191  2196 I dalvikvm: Wrote stack traces to '/data/anr/traces.txt'
06-28 17:57:53.246   151   201 I ActivityManager: Displayed com.google.android.apps.googlevoice/.SplashActivity: +886ms
06-28 17:57:53.339   151   590 I ActivityManager: START {cmp=com.google.android.apps.googlevoice/.activity.setup.SetupStartActivity (has extras)} from pid 2191
06-28 17:57:53.492   151   478 I ActivityManager: START {cmp=com.google.android.apps.googlevoice/.activity.setup.CarrierProvisionWelcomeActivity} from pid 2191
06-28 17:57:53.511  1153  1153 D OpenGLRenderer: Flushing caches (mode 1)
06-28 17:57:53.711   151   201 I ActivityManager: Displayed com.google.android.apps.googlevoice/.activity.setup.SetupStartActivity: +341ms
06-28 17:57:53.875  2191  2191 W webcore : java.lang.Throwable: EventHub.removeMessages(int what = 107) is not supported before the WebViewCore is set up.
06-28 17:57:53.875  2191  2191 W webcore : 	at android.webkit.WebViewCore$EventHub.removeMessages(WebViewCore.java:1683)
06-28 17:57:53.875  2191  2191 W webcore : 	at android.webkit.WebViewCore$EventHub.access$7900(WebViewCore.java:926)
06-28 17:57:53.875  2191  2191 W webcore : 	at android.webkit.WebViewCore.removeMessages(WebViewCore.java:1795)
06-28 17:57:53.875  2191  2191 W webcore : 	at android.webkit.WebView.sendOurVisibleRect(WebView.java:2917)
06-28 17:57:53.875  2191  2191 W webcore : 	at android.webkit.ZoomManager.setZoomScale(ZoomManager.java:593)
06-28 17:57:53.875  2191  2191 W webcore : 	at android.webkit.ZoomManager.access$1700(ZoomManager.java:49)
06-28 17:57:53.875  2191  2191 W webcore : 	at android.webkit.ZoomManager$PostScale.run(ZoomManager.java:984)
06-28 17:57:53.875  2191  2191 W webcore : 	at android.os.Handler.handleCallback(Handler.java:605)
06-28 17:57:53.875  2191  2191 W webcore : 	at android.os.Handler.dispatchMessage(Handler.java:92)
06-28 17:57:53.875  2191  2191 W webcore : 	at android.os.Looper.loop(Looper.java:137)
06-28 17:57:53.875  2191  2191 W webcore : 	at android.app.ActivityThread.main(ActivityThread.java:4424)
06-28 17:57:53.875  2191  2191 W webcore : 	at java.lang.reflect.Method.invokeNative(Native Method)
06-28 17:57:53.875  2191  2191 W webcore : 	at java.lang.reflect.Method.invoke(Method.java:511)
06-28 17:57:53.875  2191  2191 W webcore : 	at com.android.internal.os.ZygoteInit$MethodAndArgsCaller.run(ZygoteInit.java:784)
06-28 17:57:53.875  2191  2191 W webcore : 	at com.android.internal.os.ZygoteInit.main(ZygoteInit.java:551)
06-28 17:57:53.875  2191  2191 W webcore : 	at dalvik.system.NativeStart.main(Native Method)
06-28 17:57:53.957   151   201 I ActivityManager: Displayed com.google.android.apps.googlevoice/.activity.setup.CarrierProvisionWelcomeActivity: +448ms
06-28 17:57:53.992  1153  1153 D OpenGLRenderer: Flushing caches (mode 0)
06-28 17:57:54.214   151   163 I ActivityManager: No longer want com.google.android.talk (pid 1084): hidden #16
06-28 17:57:54.382  2191  2193 D dalvikvm: GC_CONCURRENT freed 197K, 4% free 9476K/9799K, paused 2ms+2ms
06-28 17:57:54.687   151   312 D ConnectivityService: handleInetConditionHoldEnd: net=0, condition=0, published condition=100
06-28 17:57:55.410    82   122 D AudioHardware: AudioHardware pcm playback is going to standby.
06-28 17:57:55.410    82   122 D AudioHardware: closePcmOut_l() mPcmOpenCnt: 1
06-28 17:58:01.902   661   661 I GTalkService/c: [AndroidEndpoint@1094379320] connect: acct=1000000, state=CONNECTING
06-28 17:58:01.906   661   661 I GTalkService/c: [GTalkConnection@1094578336] connect: acct=1, state=CONNECTING
06-28 17:58:03.285   487   487 I RegisteredComponentCache: ComponentInfo: ResolveInfo{41362748 com.android.apps.tag.TagViewer p=0 o=0 m=0x108000}, techs: android.nfc.tech.Ndef, 
06-28 17:58:03.293   151   167 D PackageManager: generateServicesMap(android.accounts.AccountAuthenticator): 3 services unchanged
06-28 17:58:03.351   151   167 D PackageManager: generateServicesMap(android.content.SyncAdapter): 9 services unchanged
06-28 17:58:03.496   151   154 D dalvikvm: GC_CONCURRENT freed 1654K, 18% free 13087K/15943K, paused 2ms+7ms
06-28 17:58:03.523  1580  1580 I Launcher: setLoadOnResume
06-28 17:58:03.597  1136  1152 V PicasaContentProvider: querySettings: defaults: {sync_on_wifi_only=1, auto_upload_account_type=null, sync_on_battery=1, sync_picasa_on_wifi_only=1, auto_upload_enabled=0, video_upload_wifi_only=1, sync_on_roaming=0, auto_upload_account_name=null}
06-28 17:58:03.605  1136  1152 D PicasaSyncManager: reject MetadataSyncTask (steven.y.ko@gmail.com) for wifi connection
06-28 17:58:04.332  1580  1582 D dalvikvm: GC_CONCURRENT freed 3726K, 38% free 11933K/19207K, paused 2ms+8ms
06-28 17:58:04.879   151   312 D ConnectivityService: handleInetConditionHoldEnd: net=0, condition=100, published condition=0
06-28 17:58:04.933   151   168 I ActivityManager: Start proc com.google.android.talk for broadcast com.google.android.talk/.ConnectionStateOnlineReceiver: pid=2228 uid=10044 gids={3003, 1015, 1006, 3002}
06-28 17:58:05.089  2228  2228 I ActivityThread: Pub com.google.android.talk.SuggestionProvider: com.google.android.talk.SuggestionsProvider
06-28 17:58:05.156  2228  2228 D vclib:CallStateClient: startListening
06-28 17:58:05.195  2228  2231 D dalvikvm: GC_CONCURRENT freed 128K, 3% free 9407K/9607K, paused 3ms+2ms
