06-20 16:04:46.972  6063  6063 E ActivityThread: 	at android.os.Handler.handleCallback(Handler.java:605)
06-20 16:04:46.972  6063  6063 E ActivityThread: 	at android.os.Handler.dispatchMessage(Handler.java:92)
06-20 16:04:46.972  6063  6063 E ActivityThread: 	at android.os.Looper.loop(Looper.java:137)
06-20 16:04:46.972  6063  6063 E ActivityThread: 	at android.os.HandlerThread.run(HandlerThread.java:60)
06-20 16:04:46.992   142   386 W InputManagerService: Starting input on non-focused client com.android.internal.view.IInputMethodClient$Stub$Proxy@4178bdf0 (uid=10073 pid=6063)
06-20 16:04:47.004  6063  6063 W IInputConnectionWrapper: showStatusIcon on inactive InputConnection
06-20 16:04:47.004  6063  6063 I InvService: Stopping AndroidInvalidationService since no clients remain: onUnbind
06-20 16:04:47.011   142   172 I ActivityManager: Displayed com.google.android.gsf.login/com.google.android.gsf.loginservice.GrantCredentialsPermissionActivity: +362ms (total +497ms)
06-20 16:04:47.043  6063  6063 D OpenGLRenderer: Flushing caches (mode 0)
06-20 16:04:47.101  6473  6476 D dalvikvm: GC_CONCURRENT freed 364K, 6% free 9239K/9735K, paused 2ms+3ms
06-20 16:04:47.140   280   280 D wpa_supplicant: wpa_driver_wext_driver_cmd RSSI len = 248
06-20 16:04:47.140   280   280 D wpa_supplicant: wpa_driver_wext_driver_cmd UB_Secure rssi -72  len = 19, 19
06-20 16:04:47.140   280   280 D wpa_supplicant: wpa_driver_wext_driver_cmd LINKSPEED len = 248
06-20 16:04:47.140   280   280 D wpa_supplicant: wpa_driver_wext_driver_cmd LinkSpeed 72 len = 12, 12
06-20 16:04:47.683  6063  6063 D OpenGLRenderer: Flushing caches (mode 1)
06-20 16:04:47.746  6063  6063 W ThumbnailCache: Low Memory: Freed 0 textures from compression queue, 0 from write queue, 1 from the pinned list, 0 from the cache.
06-20 16:04:47.769  6063  6063 D OpenGLRenderer: Flushing caches (mode 1)
06-20 16:04:47.769  6063  6063 W ThumbnailCache: Low Memory: Freed 0 textures from compression queue, 0 from write queue, 0 from the pinned list, 0 from the cache.
06-20 16:04:47.769  5508  5508 D OpenGLRenderer: Flushing caches (mode 1)
06-20 16:04:48.972  5399  5399 D OpenGLRenderer: Flushing caches (mode 0)
06-20 16:04:49.007  6063  6355 W chromium: [WARNING:sync_notifier_impl_android.cc(70)] Could not get invalidation model type; invalidating enabled types: Bookmarks, Typed URLs, Encryption keys, Sessions
06-20 16:04:49.082  6063  6063 D NetworkConnectivityReceiver: Network connectivity changed, status is: true
06-20 16:04:49.109  6063  6544 V ChromeSyncInvalidationListener: loaded enabled types - [ALL_TYPES]
06-20 16:04:49.336  6063  6063 D C2DM    : Using manifest-specified sender-id: cloudprint.c2dm@gmail.com,ipc.invalidation@gmail.com
06-20 16:04:49.339  6063  6545 D C2DM    : Handle intent = Intent { act=com.google.android.c2dm.manager.intent.REGISTER cmp=com.android.chrome/com.google.ipc.invalidation.ticl.android.c2dm.C2DMManager (has extras) }
06-20 16:04:49.390  6063  6063 I ProtocolHandler: [chromesync#1604387069] Created protocol handler for application com.android.chrome#0.18.4531.3636, platform Android-4.0.4
06-20 16:04:49.390  6063  6063 I InvalidationClientImpl: [chromesync#1604387069] Created client: Client: com.google.protos.ipc.invalidation.ClientProtocol$ApplicationClientIdP@413b00c8, null
06-20 16:04:49.390  6063  6063 I BasicSystemResources: [chromesync#1604387069] Resources started
06-20 16:04:49.390  6063  6063 I InvalidationClientImpl: [chromesync#1604387069] Starting with Java config: com.google.protos.ipc.invalidation.ClientProtocol$ClientConfigP@41579608
06-20 16:04:49.414  6063  6548 I InvalidationClientImpl: [chromesync#1604387069] Restarting from persistent state: \n\006\n\004\010\003\020\001\022\022\t$\303\310\303\376\224&\211\021\332C\366\030%H\016\005\032\007\010\202,\020\003\030\n
06-20 16:04:49.441  6063  6548 I InvalidationClientImpl: [chromesync#1604387069] Ticl started: Client: com.google.protos.ipc.invalidation.ClientProtocol$ApplicationClientIdP@413b00c8, \n\006\n\004\010\003\020\001\022\022\t$\303\310\303\376\224&\211\021\332C\366\030%H\016\005\032\007\010\202,\020\003\030\n
06-20 16:04:49.441  6063  6548 I InvalidationClientImpl: [chromesync#1604387069] Computed heartbeat delay 1178764 from: offline-delivery = true, initial-persistent-delay = 2000, heartbeat-interval = 1200000, nowMs = 1340222689443
06-20 16:04:49.445  6063  6549 I CheckingInvalidationLis: [chromesync#1604387069] Informing app that ticl is ready
06-20 16:04:49.500  5399  5399 D OpenGLRenderer: Flushing caches (mode 1)
06-20 16:04:49.562  6063  6544 V RegistrationStatus: Registering BOOKMARK in 0 ms
06-20 16:04:49.562  6063  6544 V RegistrationStatus: Registering TYPED_URL in 0 ms
06-20 16:04:49.562  6063  6544 V RegistrationStatus: Registering SESSION in 0 ms
06-20 16:04:49.574  6063  6548 I InvalidationClientImpl: [chromesync#1604387069] Register (Obj: 1004, BOOKMARK), REGISTER
06-20 16:04:49.574  6063  6548 I InvalidationClientImpl: [chromesync#1604387069] Register (Obj: 1004, TYPED_URL), REGISTER
06-20 16:04:49.574  6063  6548 I InvalidationClientImpl: [chromesync#1604387069] Register (Obj: 1004, SESSION), REGISTER
06-20 16:04:49.582  6063  6548 I InvalidationClientImpl: [chromesync#1604387069] Register (Obj: 1004, BOOKMARK), REGISTER
06-20 16:04:49.582  6063  6548 I InvalidationClientImpl: [chromesync#1604387069] Register (Obj: 1004, TYPED_URL), REGISTER
06-20 16:04:49.621  6063  6548 I InvalidationClientImpl: [chromesync#1604387069] Register (Obj: 1004, SESSION), REGISTER
06-20 16:04:49.625  6063  6063 D C2DM    : Initialized
06-20 16:04:49.718  6063  6064 D dalvikvm: GC_CONCURRENT freed 1298K, 19% free 11713K/14407K, paused 14ms+6ms
06-20 16:04:49.761  6063  6550 I InvC2DMReceiver: C2DM Registration received: APA91bH1NM6ZHrWET8OlQA6lHE5QewtiVFjsbgqO9Pmp1rLPLE1qqWrGvSggduE40V7OBpu6YFbGmTsw-wVoGUqBjJs80PQVzMzkgtrDqeqb5LgDmmhUo5k1uiygqQta1iVx-tDccQDQ9r1bIJH3PYT2WqcG2jFW4_rP46DMsgOL9B3AHilq7qM
06-20 16:04:49.800  6063  6551 V ChromeBrowserSyncAdapter: Received sync tickle for all types in ChromeBrowserSyncAdapter
06-20 16:04:49.859   142   166 I ActivityManager: Start proc com.google.android.apps.docs for service com.google.android.apps.docs/.sync.syncadapter.DocsSyncAdapterService: pid=6552 uid=10078 gids={3003, 1015, 1006}
06-20 16:04:49.964  6063  6355 W chromium: [WARNING:sync_notifier_impl_android.cc(70)] Could not get invalidation model type; invalidating enabled types: Bookmarks, Typed URLs, Encryption keys, Sessions
06-20 16:04:50.117   142   154 D dalvikvm: GC_EXPLICIT freed 1459K, 18% free 15300K/18503K, paused 15ms+6ms
06-20 16:04:50.125   142   142 I ActivityManager: START {act=android.intent.action.VIEW cat=[android.intent.category.BROWSABLE] dat=https://play.google.com/store/account cmp=android/com.android.internal.app.ResolverActivity (has extras)} from pid 6063
06-20 16:04:50.144   280   280 D wpa_supplicant: wpa_driver_wext_driver_cmd RSSI len = 248
06-20 16:04:50.148   280   280 D wpa_supplicant: wpa_driver_wext_driver_cmd UB_Secure rssi -74  len = 19, 19
06-20 16:04:50.148   280   280 D wpa_supplicant: wpa_driver_wext_driver_cmd LINKSPEED len = 248
06-20 16:04:50.148   280   280 D wpa_supplicant: wpa_driver_wext_driver_cmd LinkSpeed 72 len = 12, 12
06-20 16:04:50.281  6063  6544 D ChromeSyncInvalidationListener: Stopping cache invalidation client
06-20 16:04:50.285  6063  6544 W InvalidationClientImpl: [chromesync#1604387069] Ticl being stopped: Client: com.google.protos.ipc.invalidation.ClientProtocol$ApplicationClientIdP@413b00c8, \n\006\n\004\010\003\020\001\022\022\t$\303\310\303\376\224&\211\021\332C\366\030%H\016\005\032\007\010\202,\020\003\030\n
06-20 16:04:50.289  6063  6544 I BasicSystemResources: [chromesync#1604387069] Resources stopped
06-20 16:04:50.316  6063  6063 I InvService: Stopping AndroidInvalidationService since no clients remain: onUnbind
06-20 16:04:50.550  6552  6552 I ActivityThread: Pub com.google.android.apps.docs.files: com.google.android.apps.docs.sync.filemanager.FileProvider
06-20 16:04:50.566  6552  6552 I ActivityThread: Pub com.google.android.apps.docs.doclist.search_suggest: com.google.android.apps.docs.doclist.DocListGlobalSearchSuggestionProvider
06-20 16:04:50.609   142   172 I ActivityManager: Displayed android/com.android.internal.app.ResolverActivity: +347ms
06-20 16:04:50.691  6552  6552 V /ContextScope.java:112: 16:04:50.670 main Contexts in the main scope map after inserting com.google.android.apps.docs.editors.EditorsApplication@41347c30: com.google.android.apps.docs.editors.EditorsApplication@41347c30
06-20 16:04:50.812  6552  6555 D dalvikvm: GC_CONCURRENT freed 229K, 4% free 9306K/9607K, paused 8ms+3ms
06-20 16:04:50.961  6552  6555 D dalvikvm: GC_CONCURRENT freed 440K, 6% free 9369K/9927K, paused 2ms+2ms
06-20 16:04:51.183  6552  6555 D dalvikvm: GC_CONCURRENT freed 516K, 6% free 9401K/9991K, paused 5ms+2ms
06-20 16:04:51.304  6552  6555 D dalvikvm: GC_CONCURRENT freed 472K, 6% free 9441K/9991K, paused 3ms+4ms
06-20 16:04:51.406  6552  6555 D dalvikvm: GC_CONCURRENT freed 508K, 6% free 9472K/10055K, paused 2ms+2ms
06-20 16:04:51.504  6552  6555 D dalvikvm: GC_CONCURRENT freed 502K, 6% free 9496K/10055K, paused 2ms+2ms
06-20 16:04:51.605    81   121 D AudioHardware: AudioHardware pcm playback is going to standby.
06-20 16:04:51.609    81   121 D AudioHardware: closePcmOut_l() mPcmOpenCnt: 1
06-20 16:04:51.617  6552  6555 D dalvikvm: GC_CONCURRENT freed 495K, 6% free 9555K/10119K, paused 2ms+3ms
06-20 16:04:51.796  6552  6555 D dalvikvm: GC_CONCURRENT freed 502K, 6% free 9608K/10183K, paused 2ms+3ms
06-20 16:04:52.046  6552  6555 D dalvikvm: GC_CONCURRENT freed 475K, 6% free 9676K/10247K, paused 4ms+6ms
06-20 16:04:52.195  6552  6555 D dalvikvm: GC_CONCURRENT freed 492K, 6% free 9743K/10311K, paused 2ms+3ms
06-20 16:04:52.332  6552  6555 D dalvikvm: GC_CONCURRENT freed 439K, 6% free 9769K/10311K, paused 2ms+2ms
06-20 16:04:52.441  6552  6555 D dalvikvm: GC_CONCURRENT freed 490K, 6% free 9806K/10375K, paused 2ms+2ms
06-20 16:04:52.492  6552  6552 D /Ln.java:220: 16:04:52.492 main Configuring Logging, minimum log level is INFO
06-20 16:04:52.527  6552  6552 D DocListDatabase: openHelper points on new database: DocList.db
06-20 16:04:52.527  6552  6552 D DocListDatabase: in openWriteDatabase
06-20 16:04:52.554  6552  6552 W ND      : Could not load Finalizer in its own class loader. Loading Finalizer in the current class loader instead. As a result, you will not be able to garbage collect this class loader. To support reclaiming this class loader, either resolve the underlying issue, or move Google Collections to your system class path.
06-20 16:04:52.554  6552  6552 W ND      : java.io.FileNotFoundException: com/google/inject/internal/Finalizer.class
06-20 16:04:52.554  6552  6552 W ND      : 	at NE.a(FinalizableReferenceQueue.java:269)
06-20 16:04:52.554  6552  6552 W ND      : 	at NE.a(FinalizableReferenceQueue.java:253)
06-20 16:04:52.554  6552  6552 W ND      : 	at ND.a(FinalizableReferenceQueue.java:175)
06-20 16:04:52.554  6552  6552 W ND      : 	at ND.<clinit>(FinalizableReferenceQueue.java:100)
06-20 16:04:52.554  6552  6552 W ND      : 	at OT.<clinit>(MapMaker.java:787)
06-20 16:04:52.554  6552  6552 W ND      : 	at Ph.<init>(MapMaker.java:946)
06-20 16:04:52.554  6552  6552 W ND      : 	at Pb.a(MapMaker.java:312)
06-20 16:04:52.554  6552  6552 W ND      : 	at OX.a(MapMaker.java:498)
06-20 16:04:52.554  6552  6552 W ND      : 	at OX.a(MapMaker.java:419)
06-20 16:04:52.554  6552  6552 W ND      : 	at Nb.get(CustomConcurrentHashMap.java:2029)
06-20 16:04:52.554  6552  6552 W ND      : 	at MM.a(BytecodeGen.java:149)
06-20 16:04:52.554  6552  6552 W ND      : 	at MM.a(BytecodeGen.java:132)
06-20 16:04:52.554  6552  6552 W ND      : 	at MX.a(ConstructionContext.java:80)
06-20 16:04:52.554  6552  6552 W ND      : 	at KG.a(ConstructorInjector.java:70)
06-20 16:04:52.554  6552  6552 W ND      : 	at KF.a(ConstructorBindingImpl.java:111)
06-20 16:04:52.554  6552  6552 W ND      : 	at LU.a(ProviderToInternalFactoryAdapter.java:45)
06-20 16:04:52.554  6552  6552 W ND      : 	at Li.a(InjectorImpl.java:811)
06-20 16:04:52.554  6552  6552 W ND      : 	at LT.a(ProviderToInternalFactoryAdapter.java:42)
06-20 16:04:52.554  6552  6552 W ND      : 	at Mc.a(Scopes.java:54)
06-20 16:04:52.554  6552  6552 W ND      : 	at Lz.a(InternalFactoryToProviderAdapter.java:48)
06-20 16:04:52.554  6552  6552 W ND      : 	at KR.a(FactoryProxy.java:56)
06-20 16:04:52.554  6552  6552 W ND      : 	at Mi.a(SingleParameterInjector.java:42)
06-20 16:04:52.554  6552  6552 W ND      : 	at Mi.a(SingleParameterInjector.java:66)
06-20 16:04:52.554  6552  6552 W ND      : 	at KG.a(ConstructorInjector.java:84)
06-20 16:04:52.554  6552  6552 W ND      : 	at KF.a(ConstructorBindingImpl.java:111)
06-20 16:04:52.554  6552  6552 W ND      : 	at KR.a(FactoryProxy.java:56)
06-20 16:04:52.554  6552  6552 W ND      : 	at Mi.a(SingleParameterInjector.java:42)
06-20 16:04:52.554  6552  6552 W ND      : 	at Mi.a(SingleParameterInjector.java:66)
06-20 16:04:52.554  6552  6552 W ND      : 	at KG.a(ConstructorInjector.java:84)
06-20 16:04:52.554  6552  6552 W ND      : 	at KF.a(ConstructorBindingImpl.java:111)
06-20 16:04:52.554  6552  6552 W ND      : 	at LU.a(ProviderToInternalFactoryAdapter.java:45)
06-20 16:04:52.554  6552  6552 W ND      : 	at Li.a(InjectorImpl.java:811)
06-20 16:04:52.554  6552  6552 W ND      : 	at LT.a(ProviderToInternalFactoryAdapter.java:42)
06-20 16:04:52.554  6552  6552 W ND      : 	at Mc.a(Scopes.java:54)
06-20 16:04:52.554  6552  6552 W ND      : 	at Lz.a(InternalFactoryToProviderAdapter.java:48)
06-20 16:04:52.554  6552  6552 W ND      : 	at Lg.a(InjectorBuilder.java:200)
06-20 16:04:52.554  6552  6552 W ND      : 	at Lg.a(InjectorBuilder.java:194)
06-20 16:04:52.554  6552  6552 W ND      : 	at Li.a(InjectorImpl.java:804)
06-20 16:04:52.554  6552  6552 W ND      : 	at Lf.a(InjectorBuilder.java:194)
06-20 16:04:52.554  6552  6552 W ND      : 	at Lf.b(InjectorBuilder.java:176)
06-20 16:04:52.554  6552  6552 W ND      : 	at Lf.a(InjectorBuilder.java:113)
06-20 16:04:52.554  6552  6552 W ND      : 	at KS.a(Guice.java:92)
06-20 16:04:52.554  6552  6552 W ND      : 	at roboguice.application.RoboApplication.b(RoboApplication.java:146)
06-20 16:04:52.554  6552  6552 W ND      : 	at roboguice.application.RoboApplication.a(RoboApplication.java:84)
06-20 16:04:52.554  6552  6552 W ND      : 	at com.google.android.apps.docs.GuiceContentProvider.a(GuiceContentProvider.java:36)
06-20 16:04:52.554  6552  6552 W ND      : 	at com.google.android.apps.docs.GuiceContentProvider.onCreate(GuiceContentProvider.java:27)
06-20 16:04:52.554  6552  6552 W ND      : 	at com.google.android.apps.docs.doclist.BaseSearchSuggestionProvider.onCreate(BaseSearchSuggestionProvider.java:88)
06-20 16:04:52.554  6552  6552 W ND      : 	at android.content.ContentProvider.attachInfo(ContentProvider.java:944)
06-20 16:04:52.554  6552  6552 W ND      : 	at android.app.ActivityThread.installProvider(ActivityThread.java:4237)
06-20 16:04:52.554  6552  6552 W ND      : 	at android.app.ActivityThread.installContentProviders(ActivityThread.java:3992)
06-20 16:04:52.554  6552  6552 W ND      : 	at android.app.ActivityThread.handleBindApplication(ActivityThread.java:3946)
06-20 16:04:52.554  6552  6552 W ND      : 	at android.app.ActivityThread.access$1300(ActivityThread.java:123)
06-20 16:04:52.554  6552  6552 W ND      : 	at android.app.ActivityThread$H.handleMessage(ActivityThread.java:1185)
06-20 16:04:52.554  6552  6552 W ND      : 	at android.os.Handler.dispatchMessage(Handler.java:99)
06-20 16:04:52.554  6552  6552 W ND      : 	at android.os.Looper.loop(Looper.java:137)
06-20 16:04:52.554  6552  6552 W ND      : 	at android.app.ActivityThread.main(ActivityThread.java:4424)
06-20 16:04:52.554  6552  6552 W ND      : 	at java.lang.reflect.Method.invokeNative(Native Method)
06-20 16:04:52.554  6552  6552 W ND      : 	at java.lang.reflect.Method.invoke(Method.java:511)
06-20 16:04:52.554  6552  6552 W ND      : 	at com.android.internal.os.ZygoteInit$MethodAndArgsCaller.run(ZygoteInit.java:784)
06-20 16:04:52.554  6552  6552 W ND      : 	at com.android.internal.os.ZygoteInit.main(ZygoteInit.java:551)
06-20 16:04:52.554  6552  6552 W ND      : 	at dalvik.system.NativeStart.main(Native Method)
06-20 16:04:52.582  6552  6552 I ND      : Failed to start reference finalizer thread. Reference cleanup will only occur when new references are created.
06-20 16:04:52.582  6552  6552 I ND      : java.lang.reflect.InvocationTargetException
06-20 16:04:52.582  6552  6552 I ND      : 	at java.lang.reflect.Method.invokeNative(Native Method)
06-20 16:04:52.582  6552  6552 I ND      : 	at java.lang.reflect.Method.invoke(Method.java:511)
06-20 16:04:52.582  6552  6552 I ND      : 	at ND.<init>(FinalizableReferenceQueue.java:124)
06-20 16:04:52.582  6552  6552 I ND      : 	at OT.<clinit>(MapMaker.java:787)
06-20 16:04:52.582  6552  6552 I ND      : 	at Ph.<init>(MapMaker.java:946)
06-20 16:04:52.582  6552  6552 I ND      : 	at Pb.a(MapMaker.java:312)
06-20 16:04:52.582  6552  6552 I ND      : 	at OX.a(MapMaker.java:498)
06-20 16:04:52.582  6552  6552 I ND      : 	at OX.a(MapMaker.java:419)
06-20 16:04:52.582  6552  6552 I ND      : 	at Nb.get(CustomConcurrentHashMap.java:2029)
06-20 16:04:52.582  6552  6552 I ND      : 	at MM.a(BytecodeGen.java:149)
06-20 16:04:52.582  6552  6552 I ND      : 	at MM.a(BytecodeGen.java:132)
06-20 16:04:52.582  6552  6552 I ND      : 	at MX.a(ConstructionContext.java:80)
06-20 16:04:52.582  6552  6552 I ND      : 	at KG.a(ConstructorInjector.java:70)
06-20 16:04:52.582  6552  6552 I ND      : 	at KF.a(ConstructorBindingImpl.java:111)
06-20 16:04:52.582  6552  6552 I ND      : 	at LU.a(ProviderToInternalFactoryAdapter.java:45)
06-20 16:04:52.582  6552  6552 I ND      : 	at Li.a(InjectorImpl.java:811)
06-20 16:04:52.582  6552  6552 I ND      : 	at LT.a(ProviderToInternalFactoryAdapter.java:42)
06-20 16:04:52.582  6552  6552 I ND      : 	at Mc.a(Scopes.java:54)
06-20 16:04:52.582  6552  6552 I ND      : 	at Lz.a(InternalFactoryToProviderAdapter.java:48)
06-20 16:04:52.582  6552  6552 I ND      : 	at KR.a(FactoryProxy.java:56)
06-20 16:04:52.582  6552  6552 I ND      : 	at Mi.a(SingleParameterInjector.java:42)
06-20 16:04:52.582  6552  6552 I ND      : 	at Mi.a(SingleParameterInjector.java:66)
06-20 16:04:52.582  6552  6552 I ND      : 	at KG.a(ConstructorInjector.java:84)
06-20 16:04:52.582  6552  6552 I ND      : 	at KF.a(ConstructorBindingImpl.java:111)
06-20 16:04:52.582  6552  6552 I ND      : 	at KR.a(FactoryProxy.java:56)
06-20 16:04:52.582  6552  6552 I ND      : 	at Mi.a(SingleParameterInjector.java:42)
06-20 16:04:52.582  6552  6552 I ND      : 	at Mi.a(SingleParameterInjector.java:66)
06-20 16:04:52.582  6552  6552 I ND      : 	at KG.a(ConstructorInjector.java:84)
06-20 16:04:52.582  6552  6552 I ND      : 	at KF.a(ConstructorBindingImpl.java:111)
06-20 16:04:52.582  6552  6552 I ND      : 	at LU.a(ProviderToInternalFactoryAdapter.java:45)
06-20 16:04:52.582  6552  6552 I ND      : 	at Li.a(InjectorImpl.java:811)
06-20 16:04:52.582  6552  6552 I ND      : 	at LT.a(ProviderToInternalFactoryAdapter.java:42)
06-20 16:04:52.582  6552  6552 I ND      : 	at Mc.a(Scopes.java:54)
06-20 16:04:52.582  6552  6552 I ND      : 	at Lz.a(InternalFactoryToProviderAdapter.java:48)
06-20 16:04:52.582  6552  6552 I ND      : 	at Lg.a(InjectorBuilder.java:200)
06-20 16:04:52.582  6552  6552 I ND      : 	at Lg.a(InjectorBuilder.java:194)
06-20 16:04:52.582  6552  6552 I ND      : 	at Li.a(InjectorImpl.java:804)
06-20 16:04:52.582  6552  6552 I ND      : 	at Lf.a(InjectorBuilder.java:194)
06-20 16:04:52.582  6552  6552 I ND      : 	at Lf.b(InjectorBuilder.java:176)
06-20 16:04:52.582  6552  6552 I ND      : 	at Lf.a(InjectorBuilder.java:113)
06-20 16:04:52.582  6552  6552 I ND      : 	at KS.a(Guice.java:92)
06-20 16:04:52.582  6552  6552 I ND      : 	at roboguice.application.RoboApplication.b(RoboApplication.java:146)
06-20 16:04:52.582  6552  6552 I ND      : 	at roboguice.application.RoboApplication.a(RoboApplication.java:84)
06-20 16:04:52.582  6552  6552 I ND      : 	at com.google.android.apps.docs.GuiceContentProvider.a(GuiceContentProvider.java:36)
06-20 16:04:52.582  6552  6552 I ND      : 	at com.google.android.apps.docs.GuiceContentProvider.onCreate(GuiceContentProvider.java:27)
06-20 16:04:52.582  6552  6552 I ND      : 	at com.google.android.apps.docs.doclist.BaseSearchSuggestionProvider.onCreate(BaseSearchSuggestionProvider.java:88)
06-20 16:04:52.582  6552  6552 I ND      : 	at android.content.ContentProvider.attachInfo(ContentProvider.java:944)
06-20 16:04:52.582  6552  6552 I ND      : 	at android.app.ActivityThread.installProvider(ActivityThread.java:4237)
06-20 16:04:52.582  6552  6552 I ND      : 	at android.app.ActivityThread.installContentProviders(ActivityThread.java:3992)
06-20 16:04:52.582  6552  6552 I ND      : 	at android.app.ActivityThread.handleBindApplication(ActivityThread.java:3946)
06-20 16:04:52.582  6552  6552 I ND      : 	at android.app.ActivityThread.access$1300(ActivityThread.java:123)
06-20 16:04:52.582  6552  6552 I ND      : 	at android.app.ActivityThread$H.handleMessage(ActivityThread.java:1185)
06-20 16:04:52.582  6552  6552 I ND      : 	at android.os.Handler.dispatchMessage(Handler.java:99)
06-20 16:04:52.582  6552  6552 I ND      : 	at android.os.Looper.loop(Looper.java:137)
06-20 16:04:52.582  6552  6552 I ND      : 	at android.app.ActivityThread.main(ActivityThread.java:4424)
06-20 16:04:52.582  6552  6552 I ND      : 	at java.lang.reflect.Method.invokeNative(Native Method)
06-20 16:04:52.582  6552  6552 I ND      : 	at java.lang.reflect.Method.invoke(Method.java:511)
06-20 16:04:52.582  6552  6552 I ND      : 	at com.android.internal.os.ZygoteInit$MethodAndArgsCaller.run(ZygoteInit.java:784)
06-20 16:04:52.582  6552  6552 I ND      : 	at com.android.internal.os.ZygoteInit.main(ZygoteInit.java:551)
06-20 16:04:52.582  6552  6552 I ND      : 	at dalvik.system.NativeStart.main(Native Method)
06-20 16:04:52.582  6552  6552 I ND      : Caused by: java.lang.IllegalArgumentException: Expected com.google.inject.internal.FinalizableReference.
06-20 16:04:52.582  6552  6552 I ND      : 	at NK.startFinalizer(Finalizer.java:77)
06-20 16:04:52.582  6552  6552 I ND      : 	... 60 more
06-20 16:04:52.586   142   158 I PackageManager:   Action: "android.intent.action.VIEW"
06-20 16:04:52.586   142   158 I PackageManager:   Category: "android.intent.category.BROWSABLE"
06-20 16:04:52.586   142   158 I PackageManager:   Category: "android.intent.category.DEFAULT"
06-20 16:04:52.586   142   158 I PackageManager: Adding preferred activity ComponentInfo{com.android.chrome/com.google.android.apps.chrome.Main}:
06-20 16:04:52.589   142   158 I PackageManager:   Scheme: "https"
06-20 16:04:52.593   142   158 I ActivityManager: START {act=android.intent.action.VIEW cat=[android.intent.category.BROWSABLE] dat=https://play.google.com/store/account flg=0x3000000 cmp=com.android.chrome/com.google.android.apps.chrome.Main (has extras)} from pid 142
06-20 16:04:52.613   142   158 W ActivityManager: Duplicate finish request for ActivityRecord{41607db0 android/com.android.internal.app.ResolverActivity}
06-20 16:04:52.617    81   121 D AudioHardware: AudioHardware pcm playback is exiting standby.
06-20 16:04:52.617    81   121 D AudioHardware: openPcmOut_l() mPcmOpenCnt: 0
06-20 16:04:52.664  6063  6355 W chromium: [WARNING:sync_notifier_impl_android.cc(70)] Could not get invalidation model type; invalidating enabled types: Bookmarks, Typed URLs, Encryption keys, Sessions
06-20 16:04:52.726   142   386 W InputManagerService: Window already focused, ignoring focus gain of: com.android.internal.view.IInputMethodClient$Stub$Proxy@418851c0
06-20 16:04:52.746  6063  6063 D NetworkConnectivityReceiver: Network connectivity changed, status is: true
06-20 16:04:52.773  6063  6566 V ChromeSyncInvalidationListener: loaded enabled types - [ALL_TYPES]
06-20 16:04:52.800  6552  6555 D dalvikvm: GC_CONCURRENT freed 517K, 6% free 9844K/10439K, paused 2ms+21ms
06-20 16:04:52.832  6063  6063 D C2DM    : Using manifest-specified sender-id: cloudprint.c2dm@gmail.com,ipc.invalidation@gmail.com
06-20 16:04:52.836  6063  6567 D C2DM    : Handle intent = Intent { act=com.google.android.c2dm.manager.intent.REGISTER cmp=com.android.chrome/com.google.ipc.invalidation.ticl.android.c2dm.C2DMManager (has extras) }
06-20 16:04:52.894  6063  6063 I ProtocolHandler: [chromesync#1604387069] Created protocol handler for application com.android.chrome#0.18.4531.3636, platform Android-4.0.4
06-20 16:04:52.894  6063  6063 I InvalidationClientImpl: [chromesync#1604387069] Created client: Client: com.google.protos.ipc.invalidation.ClientProtocol$ApplicationClientIdP@4138b4c8, null
06-20 16:04:52.894  6063  6063 I BasicSystemResources: [chromesync#1604387069] Resources started
06-20 16:04:52.921  6063  6063 I InvalidationClientImpl: [chromesync#1604387069] Starting with Java config: com.google.protos.ipc.invalidation.ClientProtocol$ClientConfigP@4154e820
06-20 16:04:53.004  5399  5399 D OpenGLRenderer: Flushing caches (mode 1)
06-20 16:04:53.074  6063  6570 I InvalidationClientImpl: [chromesync#1604387069] Restarting from persistent state: \n\006\n\004\010\003\020\001\022\022\t$\303\310\303\376\224&\211\021\332C\366\030%H\016\005\032\007\010\202,\020\003\030\n
06-20 16:04:53.089  6063  6570 I InvalidationClientImpl: [chromesync#1604387069] Ticl started: Client: com.google.protos.ipc.invalidation.ClientProtocol$ApplicationClientIdP@4138b4c8, \n\006\n\004\010\003\020\001\022\022\t$\303\310\303\376\224&\211\021\332C\366\030%H\016\005\032\007\010\202,\020\003\030\n
06-20 16:04:53.089  6063  6570 I InvalidationClientImpl: [chromesync#1604387069] Computed heartbeat delay 1175116 from: offline-delivery = true, initial-persistent-delay = 2000, heartbeat-interval = 1200000, nowMs = 1340222693091
06-20 16:04:53.105  6063  6572 I CheckingInvalidationLis: [chromesync#1604387069] Informing app that ticl is ready
06-20 16:04:53.136  6063  6566 V RegistrationStatus: Registering BOOKMARK in 0 ms
06-20 16:04:53.136  6063  6566 V RegistrationStatus: Registering TYPED_URL in 0 ms
06-20 16:04:53.136  6063  6566 V RegistrationStatus: Registering SESSION in 0 ms
06-20 16:04:53.152   280   280 D wpa_supplicant: wpa_driver_wext_driver_cmd RSSI len = 248
06-20 16:04:53.152   280   280 D wpa_supplicant: wpa_driver_wext_driver_cmd UB_Secure rssi -73  len = 19, 19
06-20 16:04:53.152   280   280 D wpa_supplicant: wpa_driver_wext_driver_cmd LINKSPEED len = 248
06-20 16:04:53.152   280   280 D wpa_supplicant: wpa_driver_wext_driver_cmd LinkSpeed 72 len = 12, 12
06-20 16:04:53.160   142   158 I Process : Sending signal. PID: 6063 SIG: 3
06-20 16:04:53.160  6063  6067 I dalvikvm: threadid=3: reacting to signal 3
06-20 16:04:53.164  6552  6552 I ActivityThread: Pub com.google.android.apps.docs.doclist.account_suggest: com.google.android.apps.docs.doclist.DocListAccountSuggestionProvider
06-20 16:04:53.355  6063  6570 I InvalidationClientImpl: [chromesync#1604387069] Register (Obj: 1004, BOOKMARK), REGISTER
06-20 16:04:53.375  6063  6570 I InvalidationClientImpl: [chromesync#1604387069] Register (Obj: 1004, TYPED_URL), REGISTER
06-20 16:04:53.379  6063  6067 E dalvikvm: Unable to open stack trace file '/data/anr/traces.txt': Is a directory
06-20 16:04:53.382  6063  6570 I InvalidationClientImpl: [chromesync#1604387069] Register (Obj: 1004, SESSION), REGISTER
06-20 16:04:53.386  6063  6570 I InvalidationClientImpl: [chromesync#1604387069] Register (Obj: 1004, BOOKMARK), REGISTER
06-20 16:04:53.398  6552  6552 I ActivityThread: Pub com.google.android.apps.docs: com.google.android.apps.docs.providers.DocListProvider
06-20 16:04:53.398  6063  6570 I InvalidationClientImpl: [chromesync#1604387069] Register (Obj: 1004, TYPED_URL), REGISTER
06-20 16:04:53.410  6063  6570 I InvalidationClientImpl: [chromesync#1604387069] Register (Obj: 1004, SESSION), REGISTER
06-20 16:04:53.453  6063  6063 D C2DM    : Initialized
06-20 16:04:53.562  6063  6574 I InvC2DMReceiver: C2DM Registration received: APA91bH1NM6ZHrWET8OlQA6lHE5QewtiVFjsbgqO9Pmp1rLPLE1qqWrGvSggduE40V7OBpu6YFbGmTsw-wVoGUqBjJs80PQVzMzkgtrDqeqb5LgDmmhUo5k1uiygqQta1iVx-tDccQDQ9r1bIJH3PYT2WqcG2jFW4_rP46DMsgOL9B3AHilq7qM
06-20 16:04:53.621   142   158 I Process : Sending signal. PID: 6063 SIG: 3
06-20 16:04:53.621  6063  6067 I dalvikvm: threadid=3: reacting to signal 3
06-20 16:04:53.734  6063  6067 I dalvikvm: Wrote stack traces to '/data/anr/traces.txt'
06-20 16:04:54.027  6552  6555 D dalvikvm: GC_CONCURRENT freed 480K, 6% free 9873K/10439K, paused 11ms+7ms
06-20 16:04:54.558  6063  6577 V ChromeBrowserSyncAdapter: Received sync tickle for SESSION in ChromeBrowserSyncAdapter
06-20 16:04:54.961  6063  6578 V ChromeBrowserSyncAdapter: Received sync tickle for SESSION in ChromeBrowserSyncAdapter
06-20 16:04:55.707    81   121 D AudioHardware: AudioHardware pcm playback is going to standby.
06-20 16:04:55.707    81   121 D AudioHardware: closePcmOut_l() mPcmOpenCnt: 1
06-20 16:04:55.746  6063  6064 D dalvikvm: GC_CONCURRENT freed 539K, 17% free 11958K/14407K, paused 148ms+11ms
06-20 16:04:56.156   280   280 D wpa_supplicant: wpa_driver_wext_driver_cmd RSSI len = 248
06-20 16:04:56.156   280   280 D wpa_supplicant: wpa_driver_wext_driver_cmd UB_Secure rssi -74  len = 19, 19
06-20 16:04:56.156   280   280 D wpa_supplicant: wpa_driver_wext_driver_cmd LINKSPEED len = 248
06-20 16:04:56.156   280   280 D wpa_supplicant: wpa_driver_wext_driver_cmd LinkSpeed 72 len = 12, 12
06-20 16:04:57.179  6063  6585 V ChromeBrowserSyncAdapter: Received sync tickle for SESSION in ChromeBrowserSyncAdapter
06-20 16:04:57.343   142   154 I ActivityManager: Process android.process.media (pid 6415) has died.
06-20 16:04:57.664  6063  6063 D ChromeBrowserSyncAdapter: no delayed sync
06-20 16:04:57.828  6063  6063 D C2DM    : Using manifest-specified sender-id: cloudprint.c2dm@gmail.com,ipc.invalidation@gmail.com
06-20 16:04:57.832  6063  6588 D C2DM    : Handle intent = Intent { act=com.google.android.c2dm.intent.RECEIVE cat=[com.android.chrome] flg=0x10 cmp=com.android.chrome/com.google.ipc.invalidation.ticl.android.c2dm.C2DMManager (has extras) }
06-20 16:04:57.859  6063  6063 D C2DM    : Initialized
06-20 16:04:57.902  6063  6570 I InvalidationClientImpl: [chromesync#1604387069] Issuing invalidate (known-version = true): Inv: <Oid: <1004, SESSION>, 1340222697484000, YjndjSH3D4AUHoz7Z5yvZXUbhAIXcAI>
06-20 16:04:58.004  6063  6368 W AndroidResourcesFactory: [chromesync#1604387069] Not running on internal thread since resources not started 16078, PersistentWrite:com.google.ipc.invalidation.ticl.RecurringTask$1@4155d530
06-20 16:04:58.160   142  6105 I ActivityManager: Process com.android.inputmethod.latin (pid 5704) has died.
06-20 16:04:58.324  6063  6590 V ChromeBrowserSyncAdapter: Received sync tickle for SESSION in ChromeBrowserSyncAdapter
06-20 16:04:58.468  6063  6569 I InvStorage: State written for chromesync#1604387069
06-20 16:04:58.468  6063  6570 I InvalidationClientImpl: [chromesync#1604387069] Write state completed: Code: SUCCESS,  for com.google.protos.ipc.invalidation.Client$PersistentTiclState@41574e08
06-20 16:04:58.863   142   406 I ActivityManager: Process com.android.musicfx (pid 6258) has died.
06-20 16:04:59.160   280   280 D wpa_supplicant: wpa_driver_wext_driver_cmd RSSI len = 248
06-20 16:04:59.160   280   280 D wpa_supplicant: wpa_driver_wext_driver_cmd UB_Secure rssi -73  len = 19, 19
06-20 16:04:59.160   280   280 D wpa_supplicant: wpa_driver_wext_driver_cmd LINKSPEED len = 248
06-20 16:04:59.160   280   280 D wpa_supplicant: wpa_driver_wext_driver_cmd LinkSpeed 72 len = 12, 12
06-20 16:04:59.336  6063  6063 D C2DM    : Using manifest-specified sender-id: cloudprint.c2dm@gmail.com,ipc.invalidation@gmail.com
06-20 16:04:59.339  6063  6592 D C2DM    : Handle intent = Intent { act=com.google.android.c2dm.intent.RECEIVE cat=[com.android.chrome] flg=0x10 cmp=com.android.chrome/com.google.ipc.invalidation.ticl.android.c2dm.C2DMManager (has extras) }
06-20 16:04:59.351  6063  6063 D C2DM    : Initialized
06-20 16:04:59.367  6063  6570 I InvalidationClientImpl: [chromesync#1604387069] Issuing invalidate (known-version = true): Inv: <Oid: <1004, SESSION>, 1340222700469000, YjndjSH3D4AUHoz7Z5yvZXUloQIXcAI>
06-20 16:04:59.554   142  6104 I ActivityManager: Process com.google.android.partnersetup (pid 6438) has died.
06-20 16:04:59.617  6063  6594 V ChromeBrowserSyncAdapter: Received sync tickle for SESSION in ChromeBrowserSyncAdapter
06-20 16:04:59.859  6063  6064 D dalvikvm: GC_CONCURRENT freed 814K, 17% free 11994K/14407K, paused 10ms+5ms
06-20 16:05:01.187   142   386 I ActivityManager: Process com.google.android.gm (pid 5508) has died.
06-20 16:05:01.187   142   394 I WindowManager: WIN DEATH: Window{4179c490 com.google.android.gm/com.google.android.gm.GmailActivity paused=false}
06-20 16:05:02.164   280   280 D wpa_supplicant: wpa_driver_wext_driver_cmd RSSI len = 248
06-20 16:05:02.171   280   280 D wpa_supplicant: wpa_driver_wext_driver_cmd UB_Secure rssi -75  len = 19, 19
06-20 16:05:02.171   280   280 D wpa_supplicant: wpa_driver_wext_driver_cmd LINKSPEED len = 248
06-20 16:05:02.171   280   280 D wpa_supplicant: wpa_driver_wext_driver_cmd LinkSpeed 72 len = 12, 12
06-20 16:05:05.175   280   280 D wpa_supplicant: wpa_driver_wext_driver_cmd RSSI len = 248
06-20 16:05:05.187   280   280 D wpa_supplicant: wpa_driver_wext_driver_cmd UB_Secure rssi -73  len = 19, 19
06-20 16:05:05.187   280   280 D wpa_supplicant: wpa_driver_wext_driver_cmd LINKSPEED len = 248
06-20 16:05:05.191   280   280 D wpa_supplicant: wpa_driver_wext_driver_cmd LinkSpeed 72 len = 12, 12
06-20 16:05:08.195   280   280 D wpa_supplicant: wpa_driver_wext_driver_cmd RSSI len = 248
06-20 16:05:08.203   280   280 D wpa_supplicant: wpa_driver_wext_driver_cmd UB_Secure rssi -69  len = 19, 19
06-20 16:05:08.203   280   280 D wpa_supplicant: wpa_driver_wext_driver_cmd LINKSPEED len = 248
06-20 16:05:08.203   280   280 D wpa_supplicant: wpa_driver_wext_driver_cmd LinkSpeed 72 len = 12, 12
06-20 16:05:08.480  5399  5399 D OpenGLRenderer: Flushing caches (mode 1)
06-20 16:05:08.484  6063  6569 I InvStorage: State written for chromesync#1604387069
06-20 16:05:08.484  6063  6570 I InvalidationClientImpl: [chromesync#1604387069] Write state completed: Code: SUCCESS,  for com.google.protos.ipc.invalidation.Client$PersistentTiclState@414eeed8
06-20 16:05:09.121  2962  3022 I System.out: [INFO:3592595]: LogSource: Running flush
06-20 16:05:09.129  2962  3024 I System.out: [INFO:3592604]: LogSource: Sending payload [bytes=265]
06-20 16:05:09.468  2962  2965 D dalvikvm: GC_CONCURRENT freed 416K, 5% free 10491K/11015K, paused 10ms+11ms
06-20 16:05:10.308  2962  3024 I System.out: [INFO:3593783]: LogSource: Response [http=200,length=226]
06-20 16:05:10.308  2962  3022 I System.out: [INFO:3593784]: LogSource: Read id 2, status code 200
06-20 16:05:11.211   280   280 D wpa_supplicant: wpa_driver_wext_driver_cmd RSSI len = 248
06-20 16:05:11.218   280   280 D wpa_supplicant: wpa_driver_wext_driver_cmd UB_Secure rssi -77  len = 19, 19
06-20 16:05:11.218   280   280 D wpa_supplicant: wpa_driver_wext_driver_cmd LINKSPEED len = 248
06-20 16:05:11.218   280   280 D wpa_supplicant: wpa_driver_wext_driver_cmd LinkSpeed 72 len = 12, 12
06-20 16:05:14.222   280   280 D wpa_supplicant: wpa_driver_wext_driver_cmd RSSI len = 248
06-20 16:05:14.230   280   280 D wpa_supplicant: wpa_driver_wext_driver_cmd UB_Secure rssi -75  len = 19, 19
06-20 16:05:14.230   280   280 D wpa_supplicant: wpa_driver_wext_driver_cmd LINKSPEED len = 248
06-20 16:05:14.230   280   280 D wpa_supplicant: wpa_driver_wext_driver_cmd LinkSpeed 72 len = 12, 12
06-20 16:05:17.234   280   280 D wpa_supplicant: wpa_driver_wext_driver_cmd RSSI len = 248
06-20 16:05:17.242   280   280 D wpa_supplicant: wpa_driver_wext_driver_cmd UB_Secure rssi -76  len = 19, 19
06-20 16:05:17.242   280   280 D wpa_supplicant: wpa_driver_wext_driver_cmd LINKSPEED len = 248
06-20 16:05:17.242   280   280 D wpa_supplicant: wpa_driver_wext_driver_cmd LinkSpeed 72 len = 12, 12
06-20 16:05:18.070  6063  6368 W AndroidResourcesFactory: [chromesync#1604387069] Not running on internal thread since resources not started 65758, RegSyncHeartbeat:com.google.ipc.invalidation.ticl.RecurringTask$1@4155d0d0
06-20 16:05:20.246   280   280 D wpa_supplicant: wpa_driver_wext_driver_cmd RSSI len = 248
06-20 16:05:20.254   280   280 D wpa_supplicant: wpa_driver_wext_driver_cmd UB_Secure rssi -76  len = 19, 19
06-20 16:05:20.254   280   280 D wpa_supplicant: wpa_driver_wext_driver_cmd LINKSPEED len = 248
06-20 16:05:20.254   280   280 D wpa_supplicant: wpa_driver_wext_driver_cmd LinkSpeed 72 len = 12, 12
06-20 16:05:23.261   280   280 D wpa_supplicant: wpa_driver_wext_driver_cmd RSSI len = 248
06-20 16:05:23.269   280   280 D wpa_supplicant: wpa_driver_wext_driver_cmd UB_Secure rssi -74  len = 19, 19
06-20 16:05:23.269   280   280 D wpa_supplicant: wpa_driver_wext_driver_cmd LINKSPEED len = 248
06-20 16:05:23.269   280   280 D wpa_supplicant: wpa_driver_wext_driver_cmd LinkSpeed 72 len = 12, 12
06-20 16:05:26.273   280   280 D wpa_supplicant: wpa_driver_wext_driver_cmd RSSI len = 248
06-20 16:05:26.281   280   280 D wpa_supplicant: wpa_driver_wext_driver_cmd UB_Secure rssi -74  len = 19, 19
06-20 16:05:26.281   280   280 D wpa_supplicant: wpa_driver_wext_driver_cmd LINKSPEED len = 248
06-20 16:05:26.281   280   280 D wpa_supplicant: wpa_driver_wext_driver_cmd LinkSpeed 72 len = 12, 12
06-20 16:05:29.285   280   280 D wpa_supplicant: wpa_driver_wext_driver_cmd RSSI len = 248
06-20 16:05:29.293   280   280 D wpa_supplicant: wpa_driver_wext_driver_cmd UB_Secure rssi -78  len = 19, 19
06-20 16:05:29.293   280   280 D wpa_supplicant: wpa_driver_wext_driver_cmd LINKSPEED len = 248
06-20 16:05:29.293   280   280 D wpa_supplicant: wpa_driver_wext_driver_cmd LinkSpeed 72 len = 12, 12
06-20 16:05:32.296   280   280 D wpa_supplicant: wpa_driver_wext_driver_cmd RSSI len = 248
06-20 16:05:32.304   280   280 D wpa_supplicant: wpa_driver_wext_driver_cmd UB_Secure rssi -73  len = 19, 19
06-20 16:05:32.304   280   280 D wpa_supplicant: wpa_driver_wext_driver_cmd LINKSPEED len = 248
06-20 16:05:32.308   280   280 D wpa_supplicant: wpa_driver_wext_driver_cmd LinkSpeed 72 len = 12, 12
06-20 16:05:35.316   280   280 D wpa_supplicant: wpa_driver_wext_driver_cmd RSSI len = 248
06-20 16:05:35.324   280   280 D wpa_supplicant: wpa_driver_wext_driver_cmd UB_Secure rssi -72  len = 19, 19
06-20 16:05:35.324   280   280 D wpa_supplicant: wpa_driver_wext_driver_cmd LINKSPEED len = 248
06-20 16:05:35.328   280   280 D wpa_supplicant: wpa_driver_wext_driver_cmd LinkSpeed 72 len = 12, 12
06-20 16:05:38.336   280   280 D wpa_supplicant: wpa_driver_wext_driver_cmd RSSI len = 248
06-20 16:05:38.343   280   280 D wpa_supplicant: wpa_driver_wext_driver_cmd UB_Secure rssi -71  len = 19, 19
06-20 16:05:38.343   280   280 D wpa_supplicant: wpa_driver_wext_driver_cmd LINKSPEED len = 248
06-20 16:05:38.347   280   280 D wpa_supplicant: wpa_driver_wext_driver_cmd LinkSpeed 72 len = 12, 12
06-20 16:05:41.355   280   280 D wpa_supplicant: wpa_driver_wext_driver_cmd RSSI len = 248
06-20 16:05:41.367   280   280 D wpa_supplicant: wpa_driver_wext_driver_cmd UB_Secure rssi -70  len = 19, 19
06-20 16:05:41.367   280   280 D wpa_supplicant: wpa_driver_wext_driver_cmd LINKSPEED len = 248
06-20 16:05:41.367   280   280 D wpa_supplicant: wpa_driver_wext_driver_cmd LinkSpeed 72 len = 12, 12
06-20 16:05:42.671   280   280 D wpa_supplicant: RTM_NEWLINK: operstate=1 ifi_flags=0x11043 ([UP][RUNNING][LOWER_UP])
06-20 16:05:42.679   280   280 D wpa_supplicant: RTM_NEWLINK, IFLA_IFNAME: Interface 'wlan0' added
06-20 16:05:42.679   280   280 D wpa_supplicant: Wireless event: cmd=0x8c00 len=20
06-20 16:05:43.328  6063  6548 W AndroidResourcesFactory: [chromesync#1604387069] Not running on internal thread since resources not started 53747, RegSyncHeartbeat:com.google.ipc.invalidation.ticl.RecurringTask$1@41570448
06-20 16:05:44.394   280   280 D wpa_supplicant: wpa_driver_wext_driver_cmd RSSI len = 248
06-20 16:05:44.406   280   280 D wpa_supplicant: wpa_driver_wext_driver_cmd UB_Secure rssi -71  len = 19, 19
06-20 16:05:44.406   280   280 D wpa_supplicant: wpa_driver_wext_driver_cmd LINKSPEED len = 248
06-20 16:05:44.406   280   280 D wpa_supplicant: wpa_driver_wext_driver_cmd LinkSpeed 72 len = 12, 12
06-20 16:05:47.429   280   280 D wpa_supplicant: wpa_driver_wext_driver_cmd RSSI len = 248
06-20 16:05:47.433   280   280 D wpa_supplicant: wpa_driver_wext_driver_cmd UB_Secure rssi -71  len = 19, 19
06-20 16:05:47.433   280   280 D wpa_supplicant: wpa_driver_wext_driver_cmd LINKSPEED len = 248
06-20 16:05:47.433   280   280 D wpa_supplicant: wpa_driver_wext_driver_cmd LinkSpeed 72 len = 12, 12
06-20 16:05:48.523  6063  6570 I InvalidationClientImpl: [chromesync#1604387069] Registration state not in sync with server: Last known digest: PW-com.google.protos.ipc.invalidation.ClientProtocol$RegistrationSummary@415bcbe8, Requested regs: SimpleRegistrationStore: digest = \365*m[c\257\2314.0h\302}\266#\273)r\251&, digestFunction = com.google.ipc.invalidation.common.ObjectIdDigestUtils$Sha1DigestFunction@415bb260, registrations = {\231{\222\361\251O\326N:\"\277D\314%\r\035\363\331V\344=com.google.protos.ipc.invalidation.ClientProtocol$ObjectIdP@4159e308, \2646\341\366\204\353B\377\372/x\375\3641\265\306\243\033\3349=com.google.protos.ipc.invalidation.ClientProtocol$ObjectIdP@415ca830, \324G5\tM;^\014lS\\\237\2568a\357\314\332\265\315=com.google.protos.ipc.invalidation.ClientProtocol$ObjectIdP@41596250}, 
06-20 16:05:48.527  6063  6570 I InvalidationClientImpl: [chromesync#1604387069] Sending info message to server
06-20 16:05:49.125  6063  6569 I InvStorage: State written for chromesync#1604387069
06-20 16:05:49.125  6063  6570 I InvalidationClientImpl: [chromesync#1604387069] Write state completed: Code: SUCCESS,  for com.google.protos.ipc.invalidation.Client$PersistentTiclState@414e5cb0
06-20 16:05:49.754  6063  6063 D C2DM    : Using manifest-specified sender-id: cloudprint.c2dm@gmail.com,ipc.invalidation@gmail.com
06-20 16:05:49.754  6063  6600 D C2DM    : Handle intent = Intent { act=com.google.android.c2dm.intent.RECEIVE cat=[com.android.chrome] flg=0x10 cmp=com.android.chrome/com.google.ipc.invalidation.ticl.android.c2dm.C2DMManager (has extras) }
06-20 16:05:49.757  6063  6063 D C2DM    : Initialized
06-20 16:05:50.062   142   166 I ActivityManager: Start proc com.google.android.gm for service com.google.android.gm/.provider.MailSyncAdapterService: pid=6603 uid=10018 gids={3003, 1015}
06-20 16:05:50.441   280   280 D wpa_supplicant: wpa_driver_wext_driver_cmd RSSI len = 248
06-20 16:05:50.449   280   280 D wpa_supplicant: wpa_driver_wext_driver_cmd UB_Secure rssi -72  len = 19, 19
06-20 16:05:50.449   280   280 D wpa_supplicant: wpa_driver_wext_driver_cmd LINKSPEED len = 248
06-20 16:05:50.449   280   280 D wpa_supplicant: wpa_driver_wext_driver_cmd LinkSpeed 72 len = 12, 12
06-20 16:05:50.457  6603  6603 I ActivityThread: Pub gmail-ls: com.google.android.gm.provider.MailProvider
06-20 16:05:50.476  6063  6063 D C2DM    : Using manifest-specified sender-id: cloudprint.c2dm@gmail.com,ipc.invalidation@gmail.com
06-20 16:05:50.476  6063  6616 D C2DM    : Handle intent = Intent { act=com.google.android.c2dm.intent.RECEIVE cat=[com.android.chrome] flg=0x10 cmp=com.android.chrome/com.google.ipc.invalidation.ticl.android.c2dm.C2DMManager (has extras) }
06-20 16:05:50.480  6063  6063 D C2DM    : Initialized
06-20 16:05:50.504  6063  6570 I InvalidationClientImpl: [chromesync#1604387069] Issuing invalidate (known-version = true): Inv: <Oid: <1004, SESSION>, 1340222751434000, YjndjSH3D4AUHoz7Z5yvZXUhMAQXcAI>
06-20 16:05:50.527  6603  6603 I ActivityThread: Pub com.google.android.gm: com.google.android.gm.provider.PublicContentProvider
06-20 16:05:50.550  6603  6603 I ActivityThread: Pub com.google.android.gmail.SuggestionProvider: com.google.android.gm.SuggestionsProvider
06-20 16:05:51.191  6603  6604 D dalvikvm: GC_CONCURRENT freed 234K, 4% free 9240K/9607K, paused 3ms+3ms
06-20 16:05:51.304  6603  6623 I Gmail   : calculateUnknownSyncRationalesAndPurgeInBackground: queueing
06-20 16:05:51.339  6603  6623 I Gmail   : calculateUnknownSyncRationalesAndPurgeInBackground: queueing
06-20 16:05:51.453  6603  6623 I Gmail   : calculateUnknownSyncRationalesAndPurgeInBackground: running
06-20 16:05:51.461  6603  6623 I Gmail   : calculateUnknownSyncRationalesAndPurgeInBackground: running
06-20 16:05:51.480  6603  6620 I Gmail   : MainSyncRequestProto: lowestBkwdConvoId: 0, highestHandledServerOp: 2673909, normalSync: true
06-20 16:05:51.617  5399  5399 D OpenGLRenderer: Flushing caches (mode 1)
06-20 16:05:51.726   142   144 D dalvikvm: GC_CONCURRENT freed 1307K, 17% free 15440K/18503K, paused 4ms+8ms
06-20 16:05:51.781  6603  6604 D dalvikvm: GC_CONCURRENT freed 309K, 5% free 9365K/9799K, paused 36ms+3ms
06-20 16:05:52.531  6603  6604 D dalvikvm: GC_CONCURRENT freed 326K, 5% free 9467K/9927K, paused 2ms+4ms
06-20 16:05:52.714  6603  6620 D dalvikvm: GC_EXPLICIT freed 228K, 5% free 9445K/9927K, paused 2ms+3ms
06-20 16:05:52.722  6603  6620 I Gmail   : MainSyncRequestProto: lowestBkwdConvoId: 0, highestHandledServerOp: 2673955, normalSync: true
06-20 16:05:52.773  5399  5399 D OpenGLRenderer: Flushing caches (mode 1)
06-20 16:05:52.800  5399  5400 D dalvikvm: GC_CONCURRENT freed 311K, 7% free 9641K/10311K, paused 2ms+5ms
06-20 16:05:53.457   280   280 D wpa_supplicant: wpa_driver_wext_driver_cmd RSSI len = 248
06-20 16:05:53.464   280   280 D wpa_supplicant: wpa_driver_wext_driver_cmd UB_Secure rssi -71  len = 19, 19
06-20 16:05:53.464   280   280 D wpa_supplicant: wpa_driver_wext_driver_cmd LINKSPEED len = 248
06-20 16:05:53.464   280   280 D wpa_supplicant: wpa_driver_wext_driver_cmd LinkSpeed 72 len = 12, 12
06-20 16:05:53.484  6603  6620 D dalvikvm: GC_EXPLICIT freed 202K, 5% free 9501K/9927K, paused 4ms+3ms
06-20 16:05:53.488  6603  6620 I Gmail   : MainSyncRequestProto: lowestBkwdConvoId: 0, highestHandledServerOp: 2673955, normalSync: true
06-20 16:05:53.519  6603  6620 W Gmail   : Scheduling index for 300000 ms from now
06-20 16:05:53.558  6603  6620 I Gmail   : Sending notification intent: Intent { act=android.intent.action.PROVIDER_CHANGED dat=content://gmail-ls/unread/^i (has extras) }
06-20 16:05:53.593  6603  6620 I Gmail   : Sending notification intent: Intent { act=android.intent.action.PROVIDER_CHANGED dat=content://gmail-ls/unread/^iim (has extras) }
06-20 16:05:53.679  6063  6064 D dalvikvm: GC_CONCURRENT freed 869K, 17% free 11988K/14407K, paused 2ms+3ms
06-20 16:05:53.687  6063  6631 V ChromeBrowserSyncAdapter: Received sync tickle for SESSION in ChromeBrowserSyncAdapter
06-20 16:05:56.468   280   280 D wpa_supplicant: wpa_driver_wext_driver_cmd RSSI len = 248
06-20 16:05:56.476   280   280 D wpa_supplicant: wpa_driver_wext_driver_cmd UB_Secure rssi -71  len = 19, 19
06-20 16:05:56.476   280   280 D wpa_supplicant: wpa_driver_wext_driver_cmd LINKSPEED len = 248
06-20 16:05:56.480   280   280 D wpa_supplicant: wpa_driver_wext_driver_cmd LinkSpeed 72 len = 12, 12
06-20 16:05:57.691  5399  5399 D OpenGLRenderer: Flushing caches (mode 1)
06-20 16:05:59.144  6063  6569 I InvStorage: State written for chromesync#1604387069
06-20 16:05:59.152  6063  6570 I InvalidationClientImpl: [chromesync#1604387069] Write state completed: Code: SUCCESS,  for com.google.protos.ipc.invalidation.Client$PersistentTiclState@415818d8
06-20 16:05:59.488   280   280 D wpa_supplicant: wpa_driver_wext_driver_cmd RSSI len = 248
06-20 16:05:59.500   280   280 D wpa_supplicant: wpa_driver_wext_driver_cmd UB_Secure rssi -72  len = 19, 19
06-20 16:05:59.500   280   280 D wpa_supplicant: wpa_driver_wext_driver_cmd LINKSPEED len = 248
06-20 16:05:59.500   280   280 D wpa_supplicant: wpa_driver_wext_driver_cmd LinkSpeed 72 len = 12, 12
06-20 16:06:02.507   280   280 D wpa_supplicant: wpa_driver_wext_driver_cmd RSSI len = 248
06-20 16:06:02.519   280   280 D wpa_supplicant: wpa_driver_wext_driver_cmd UB_Secure rssi -71  len = 19, 19
06-20 16:06:02.519   280   280 D wpa_supplicant: wpa_driver_wext_driver_cmd LINKSPEED len = 248
06-20 16:06:02.519   280   280 D wpa_supplicant: wpa_driver_wext_driver_cmd LinkSpeed 72 len = 12, 12
06-20 16:06:05.527   280   280 D wpa_supplicant: wpa_driver_wext_driver_cmd RSSI len = 248
06-20 16:06:05.535   280   280 D wpa_supplicant: wpa_driver_wext_driver_cmd UB_Secure rssi -70  len = 19, 19
06-20 16:06:05.539   280   280 D wpa_supplicant: wpa_driver_wext_driver_cmd LINKSPEED len = 248
06-20 16:06:05.539   280   280 D wpa_supplicant: wpa_driver_wext_driver_cmd LinkSpeed 72 len = 12, 12
06-20 16:06:08.570   280   280 D wpa_supplicant: wpa_driver_wext_driver_cmd RSSI len = 248
06-20 16:06:08.578   280   280 D wpa_supplicant: wpa_driver_wext_driver_cmd UB_Secure rssi -65  len = 19, 19
06-20 16:06:08.578   280   280 D wpa_supplicant: wpa_driver_wext_driver_cmd LINKSPEED len = 248
06-20 16:06:08.582   280   280 D wpa_supplicant: wpa_driver_wext_driver_cmd LinkSpeed 72 len = 12, 12
06-20 16:06:11.593   280   280 D wpa_supplicant: wpa_driver_wext_driver_cmd RSSI len = 248
06-20 16:06:11.601   280   280 D wpa_supplicant: wpa_driver_wext_driver_cmd UB_Secure rssi -65  len = 19, 19
06-20 16:06:11.601   280   280 D wpa_supplicant: wpa_driver_wext_driver_cmd LINKSPEED len = 248
06-20 16:06:11.605   280   280 D wpa_supplicant: wpa_driver_wext_driver_cmd LinkSpeed 72 len = 12, 12
06-20 16:06:14.613   280   280 D wpa_supplicant: wpa_driver_wext_driver_cmd RSSI len = 248
06-20 16:06:14.621   280   280 D wpa_supplicant: wpa_driver_wext_driver_cmd UB_Secure rssi -70  len = 19, 19
