06-18 11:58:30.492  3707  3707 D wpa_supplicant: WPS:  * Association State
06-18 11:58:30.492  3707  3707 D wpa_supplicant: WPS:  * Configuration Error (0)
06-18 11:58:30.492  3707  3707 D wpa_supplicant: WPS:  * Device Password ID (0)
06-18 11:58:30.492  3707  3707 D wpa_supplicant: WPS:  * Manufacturer
06-18 11:58:30.492  3707  3707 D wpa_supplicant: WPS:  * Model Name
06-18 11:58:30.492  3707  3707 D wpa_supplicant: WPS:  * Model Number
06-18 11:58:30.492  3707  3707 D wpa_supplicant: WPS:  * Device Name
06-18 11:58:30.492  3707  3707 D wpa_supplicant: WPS:  * Version2 (0x20)
06-18 11:58:30.492  3707  3707 D wpa_supplicant: wpa_driver_wext_combo_scan: Start
06-18 11:58:30.492  3707  3707 D wpa_supplicant: For Scan: (null)
06-18 11:58:30.492  3707  3707 D wpa_supplicant: Scan requested (ret=0) - scan timeout 30 seconds
06-18 11:58:30.492  3707  3707 D wpa_supplicant: Ongoing scan action - reject new request
06-18 11:58:30.535 13009 13009 I PhoneLab-StatusMonitorLocation: Learning Signal Strgth
06-18 11:58:30.535 13009 13009 I PhoneLab-Locks: wake lock acquired
06-18 11:58:30.539 13009 13009 I PhoneLab-StatusMonitorBattery: Battery_level: 75
06-18 11:58:30.539 13009 13009 I PhoneLab-Locks: wake lock released
06-18 11:58:30.539 13009 13009 I PhoneLab-StatusMonitorSignal: Signal_Strength: -96 asu: 9
06-18 11:58:30.539 13009 13009 I PhoneLab-Locks: wake lock released
06-18 11:58:31.652  3707  3707 D wpa_supplicant: RTM_NEWLINK: operstate=1 ifi_flags=0x11043 ([UP][RUNNING][LOWER_UP])
06-18 11:58:31.652  3707  3707 D wpa_supplicant: RTM_NEWLINK, IFLA_IFNAME: Interface 'wlan0' added
06-18 11:58:31.652  3707  3707 D wpa_supplicant: Wireless event: cmd=0x8b19 len=8
06-18 11:58:31.652  3707  3707 D wpa_supplicant: Received 971 bytes of scan results (4 BSSes)
06-18 11:58:31.836  2882  2884 D dalvikvm: GC_CONCURRENT freed 459K, 7% free 10486K/11271K, paused 23ms+4ms
06-18 11:58:31.855  3707  3707 D wpa_supplicant: wpa_driver_wext_driver_cmd SETSUSPENDOPT 0 len = 4096
06-18 11:58:31.855  3707  3707 D wpa_supplicant: wpa_driver_wext_driver_cmd SETSUSPENDOPT 0 len = 0, 15
06-18 11:58:31.855  3707  3707 D wpa_supplicant: wpa_driver_wext_driver_cmd POWERMODE 0 len = 4096
06-18 11:58:31.863  3707  3707 D wpa_supplicant: wpa_driver_wext_driver_cmd OK len = 0, 2
06-18 11:58:31.871 13009 13009 I PhoneLab-StatusMonitorLocation: Location_Latitude: 43.001989 Longitude: -78.7870299 Accuracy: 55.0
06-18 11:58:31.871  2882  2903 D androidNetworkLocationListeners: Still have listener com.google.android.location.internal.client.NetworkLocationClient$1@413a9e00
06-18 11:58:31.875  3707  3707 D wpa_supplicant: wpa_driver_wext_driver_cmd SETSUSPENDOPT 0 len = 4096
06-18 11:58:31.875  3707  3707 D wpa_supplicant: wpa_driver_wext_driver_cmd SETSUSPENDOPT 0 len = 0, 15
06-18 11:58:31.875  3707  3707 D wpa_supplicant: wpa_driver_wext_driver_cmd POWERMODE 0 len = 4096
06-18 11:58:31.875 13009 13009 I PhoneLab-Locks: wake lock released
06-18 11:58:31.882  3707  3707 D wpa_supplicant: wpa_driver_wext_driver_cmd OK len = 0, 2
06-18 11:58:31.886  3707  3707 D wpa_supplicant: WPS: Building WPS IE for Probe Request
06-18 11:58:31.886  3707  3707 D wpa_supplicant: WPS:  * Version (hardcoded 0x10)
06-18 11:58:31.886  3707  3707 D wpa_supplicant: WPS:  * Request Type
06-18 11:58:31.886  3707  3707 D wpa_supplicant: WPS:  * Config Methods (2388)
06-18 11:58:31.886  3707  3707 D wpa_supplicant: WPS:  * UUID-E
06-18 11:58:31.886  3707  3707 D wpa_supplicant: WPS:  * Primary Device Type
06-18 11:58:31.886  3707  3707 D wpa_supplicant: WPS:  * RF Bands (3)
06-18 11:58:31.886  3707  3707 D wpa_supplicant: WPS:  * Association State
06-18 11:58:31.886  3707  3707 D wpa_supplicant: WPS:  * Configuration Error (0)
06-18 11:58:31.886  3707  3707 D wpa_supplicant: WPS:  * Device Password ID (0)
06-18 11:58:31.886  3707  3707 D wpa_supplicant: WPS:  * Manufacturer
06-18 11:58:31.886  3707  3707 D wpa_supplicant: WPS:  * Model Name
06-18 11:58:31.886  3707  3707 D wpa_supplicant: WPS:  * Model Number
06-18 11:58:31.886  3707  3707 D wpa_supplicant: WPS:  * Device Name
06-18 11:58:31.886  3707  3707 D wpa_supplicant: WPS:  * Version2 (0x20)
06-18 11:58:31.886  3707  3707 D wpa_supplicant: wpa_driver_wext_combo_scan: Start
06-18 11:58:31.886  3707  3707 D wpa_supplicant: For Scan: (null)
06-18 11:58:31.886  3707  3707 D wpa_supplicant: Scan requested (ret=0) - scan timeout 30 seconds
06-18 11:58:33.058  3707  3707 D wpa_supplicant: RTM_NEWLINK: operstate=1 ifi_flags=0x11043 ([UP][RUNNING][LOWER_UP])
06-18 11:58:33.058  3707  3707 D wpa_supplicant: RTM_NEWLINK, IFLA_IFNAME: Interface 'wlan0' added
06-18 11:58:33.058  3707  3707 D wpa_supplicant: Wireless event: cmd=0x8b19 len=8
06-18 11:58:33.058  3707  3707 D wpa_supplicant: Received 1531 bytes of scan results (8 BSSes)
06-18 11:58:33.183  3707  3707 D wpa_supplicant: wpa_driver_wext_driver_cmd SETSUSPENDOPT 0 len = 4096
06-18 11:58:33.183  3707  3707 D wpa_supplicant: wpa_driver_wext_driver_cmd SETSUSPENDOPT 0 len = 0, 15
06-18 11:58:33.183  3707  3707 D wpa_supplicant: wpa_driver_wext_driver_cmd POWERMODE 0 len = 4096
06-18 11:58:33.199  3707  3707 D wpa_supplicant: wpa_driver_wext_driver_cmd OK len = 0, 2
06-18 11:58:50.074   140   142 D dalvikvm: GC_CONCURRENT freed 2390K, 22% free 18840K/24071K, paused 54ms+12ms
06-18 12:00:01.019   140   156 D AlarmManagerService: Kernel timezone updated to 240 minutes west of GMT
06-18 12:00:01.269 13765 13790 I GServe Unity: ONM ticking...now=1340035201270
06-18 12:00:01.726  3707  3707 D wpa_supplicant: wpa_driver_wext_driver_cmd BTCOEXMODE 1 len = 4096
06-18 12:00:01.961  3707  3707 D wpa_supplicant: wpa_driver_wext_driver_cmd OK len = 0, 2
06-18 12:00:01.961  3707  3707 D wpa_supplicant: wpa_driver_wext_driver_cmd GETPOWER len = 4096
06-18 12:00:01.968  3707  3707 D wpa_supplicant: wpa_driver_wext_driver_cmd powermode = 0 len = 13, 13
06-18 12:00:01.968  3707  3707 D wpa_supplicant: wpa_driver_wext_driver_cmd POWERMODE 1 len = 4096
06-18 12:00:01.980  3707  3707 D wpa_supplicant: wpa_driver_wext_driver_cmd OK len = 0, 2
06-18 12:00:02.394  3707  3707 D wpa_supplicant: wpa_driver_wext_driver_cmd POWERMODE 0 len = 4096
06-18 12:00:02.406  3707  3707 D wpa_supplicant: wpa_driver_wext_driver_cmd OK len = 0, 2
06-18 12:00:02.406  3707  3707 D wpa_supplicant: wpa_driver_wext_driver_cmd BTCOEXMODE 2 len = 4096
06-18 12:00:02.410  3707  3707 D wpa_supplicant: wpa_driver_wext_driver_cmd OK len = 0, 2
06-18 12:01:08.234 13659 14357 I Gmail   : MainSyncRequestProto: lowestBkwdConvoId: 0, highestHandledServerOp: 2665451, normalSync: true
06-18 12:01:09.168 13659 13662 D dalvikvm: GC_CONCURRENT freed 351K, 7% free 9641K/10311K, paused 6ms+6ms
06-18 12:01:09.800 13659 13662 D dalvikvm: GC_CONCURRENT freed 423K, 7% free 9622K/10311K, paused 2ms+2ms
06-18 12:01:10.011 13659 14357 D dalvikvm: GC_EXPLICIT freed 181K, 8% free 9554K/10311K, paused 8ms+2ms
06-18 12:01:10.019 13659 14357 I Gmail   : MainSyncRequestProto: lowestBkwdConvoId: 0, highestHandledServerOp: 2665605, normalSync: true
06-18 12:01:11.082 13659 13662 D dalvikvm: GC_CONCURRENT freed 371K, 7% free 9646K/10311K, paused 2ms+4ms
06-18 12:01:11.324 13659 14357 D dalvikvm: GC_EXPLICIT freed 303K, 7% free 9600K/10311K, paused 16ms+2ms
06-18 12:01:11.328 13659 14357 I Gmail   : MainSyncRequestProto: lowestBkwdConvoId: 0, highestHandledServerOp: 2665605, normalSync: true
06-18 12:01:11.367 13659 14357 W Gmail   : Scheduling index for 300000 ms from now
06-18 12:01:11.379  2882  2884 D dalvikvm: GC_CONCURRENT freed 441K, 8% free 10430K/11271K, paused 11ms+3ms
