06-24 16:05:44.714 18493 20248 I PianoCoreBridge: Java_com_smule_magicpiano_PianoCoreBridge_toggleTouchInteraction
06-24 16:05:44.714 18493 20248 I PianoCoreBridge: Java_com_smule_magicpiano_PianoCoreBridge_startPerformanceFromFile 1
06-24 16:05:44.714 18493 20248 I PianoCoreBridge: /data/data/com.smule.magicpiano/files/41f6a340-69e8-11e0-915a-1231380075a1
06-24 16:05:44.714 18493 20248 I PianoCoreBridge: pianoRoll: 30034032
06-24 16:05:44.714 18493 20248 I PianoCoreBridge: load file
06-24 16:05:44.726 18493 20248 I PianoCoreBridge: releaseString
06-24 16:05:44.726 18493 20248 I PianoCoreBridge: kGlobeBFXTopLeft
06-24 16:05:44.726 18493 20248 I PianoCoreBridge: recording midi performance
06-24 16:05:44.726 18493 20248 I PianoCoreBridge: Java_com_smule_magicpiano_PianoCoreBridge_showPrimaryMessage
06-24 16:05:44.726 18493 20248 I PianoCoreBridge: Java_com_smule_magicpiano_PianoCoreBridge_showPrimaryMessage - spawnTextMap
06-24 16:05:44.726 18493 20248 I PianoCoreBridge: Java_com_smule_magicpiano_PianoCoreBridge_showPrimaryMessage - releaseStringUTFChars
06-24 16:05:44.726 18493 20248 I PianoCoreBridge: Java_com_smule_magicpiano_PianoCoreBridge_showSecondaryMessage
06-24 16:05:45.832    82   122 D AudioHardware: AudioHardware pcm playback is going to standby.
06-24 16:05:45.832    82   122 D AudioHardware: closePcmOut_l() mPcmOpenCnt: 1
06-24 16:05:47.246   310   310 D wpa_supplicant: wpa_driver_wext_driver_cmd RSSI len = 248
06-24 16:05:47.254   310   310 D wpa_supplicant: wpa_driver_wext_driver_cmd Ko rssi -50  len = 12, 12
06-24 16:05:47.257   310   310 D wpa_supplicant: wpa_driver_wext_driver_cmd LINKSPEED len = 248
06-24 16:05:47.257   310   310 D wpa_supplicant: wpa_driver_wext_driver_cmd LinkSpeed 72 len = 12, 12
06-24 16:05:48.816 18493 20248 I com.smule.android.synths.SoundPoolSynth: Play note 76 with volume 0.2
06-24 16:05:48.894    82   122 D AudioHardware: AudioHardware pcm playback is exiting standby.
06-24 16:05:48.894    82   122 D AudioHardware: openPcmOut_l() mPcmOpenCnt: 0
06-24 16:05:49.386 18493 20248 I com.smule.android.synths.SoundPoolSynth: Play note 75 with volume 0.2
06-24 16:05:49.925 18493 20248 I com.smule.android.synths.SoundPoolSynth: Play note 76 with volume 0.1984252
06-24 16:05:50.246 16804 20265 W DoodleMobileAnaylise: create files
06-24 16:05:50.261   310   310 D wpa_supplicant: wpa_driver_wext_driver_cmd RSSI len = 248
06-24 16:05:50.269   310   310 D wpa_supplicant: wpa_driver_wext_driver_cmd Ko rssi -52  len = 12, 12
06-24 16:05:50.269   310   310 D wpa_supplicant: wpa_driver_wext_driver_cmd LINKSPEED len = 248
06-24 16:05:50.269   310   310 D wpa_supplicant: wpa_driver_wext_driver_cmd LinkSpeed 72 len = 12, 12
06-24 16:05:50.519 18493 20248 I com.smule.android.synths.SoundPoolSynth: Play note 75 with volume 0.2
06-24 16:05:51.023 18493 20248 I com.smule.android.synths.SoundPoolSynth: Play note 76 with volume 0.19685039
06-24 16:05:51.339 18493 20248 I com.smule.android.synths.SoundPoolSynth: Play note 71 with volume 0.2
06-24 16:05:51.613 18493 20248 I com.smule.android.synths.SoundPoolSynth: Play note 74 with volume 0.2
06-24 16:05:51.867 18493 20248 I com.smule.android.synths.SoundPoolSynth: Play note 72 with volume 0.2
06-24 16:05:52.171 18493 20248 I com.smule.android.synths.SoundPoolSynth: Play note 69 with volume 0.2
06-24 16:05:52.453 18493 20248 I com.smule.android.synths.SoundPoolSynth: Play note 60 with volume 0.2
06-24 16:05:53.031 18493 20248 I com.smule.android.synths.SoundPoolSynth: Play note 64 with volume 0.2
06-24 16:05:53.269 18493 20248 I com.smule.android.synths.SoundPoolSynth: Play note 69 with volume 0.2
06-24 16:05:53.273   310   310 D wpa_supplicant: wpa_driver_wext_driver_cmd RSSI len = 248
06-24 16:05:53.281   310   310 D wpa_supplicant: wpa_driver_wext_driver_cmd Ko rssi -53  len = 12, 12
06-24 16:05:53.281   310   310 D wpa_supplicant: wpa_driver_wext_driver_cmd LINKSPEED len = 248
06-24 16:05:53.281   310   310 D wpa_supplicant: wpa_driver_wext_driver_cmd LinkSpeed 72 len = 12, 12
06-24 16:05:53.492 18493 20248 I com.smule.android.synths.SoundPoolSynth: Play note 71 with volume 0.2
06-24 16:05:53.734 18493 20248 I com.smule.android.synths.SoundPoolSynth: Play note 64 with volume 0.2
06-24 16:05:54.004 18493 20248 I com.smule.android.synths.SoundPoolSynth: Play note 68 with volume 0.2
06-24 16:05:54.496 18493 20248 I com.smule.android.synths.SoundPoolSynth: Play note 71 with volume 0.2
06-24 16:05:54.843 18493 20248 I com.smule.android.synths.SoundPoolSynth: Play note 72 with volume 0.2
06-24 16:05:55.093 18493 20248 I com.smule.android.synths.SoundPoolSynth: Play note 64 with volume 0.2
06-24 16:05:55.332 18493 20248 I com.smule.android.synths.SoundPoolSynth: Play note 76 with volume 0.2
06-24 16:05:55.691 18493 20248 I com.smule.android.synths.SoundPoolSynth: Play note 75 with volume 0.2
06-24 16:05:55.961 18493 20248 I com.smule.android.synths.SoundPoolSynth: Play note 76 with volume 0.2
06-24 16:05:56.285   310   310 D wpa_supplicant: wpa_driver_wext_driver_cmd RSSI len = 248
06-24 16:05:56.293   310   310 D wpa_supplicant: wpa_driver_wext_driver_cmd Ko rssi -53  len = 12, 12
06-24 16:05:56.293   310   310 D wpa_supplicant: wpa_driver_wext_driver_cmd LINKSPEED len = 248
06-24 16:05:56.293   310   310 D wpa_supplicant: wpa_driver_wext_driver_cmd LinkSpeed 72 len = 12, 12
06-24 16:05:56.300 18493 20248 I com.smule.android.synths.SoundPoolSynth: Play note 75 with volume 0.2
06-24 16:05:56.535 18493 20248 I com.smule.android.synths.SoundPoolSynth: Play note 76 with volume 0.2
06-24 16:05:56.820 18493 20248 I com.smule.android.synths.SoundPoolSynth: Play note 71 with volume 0.2
06-24 16:05:57.101 18493 20248 I com.smule.android.synths.SoundPoolSynth: Play note 74 with volume 0.1984252
06-24 16:05:57.379 18493 20248 I com.smule.android.synths.SoundPoolSynth: Play note 72 with volume 0.19685039
06-24 16:05:57.597 18493 20248 I com.smule.android.synths.SoundPoolSynth: Play note 69 with volume 0.2
06-24 16:05:57.859 18493 20248 I com.smule.android.synths.SoundPoolSynth: Play note 60 with volume 0.2
06-24 16:05:58.129 18493 20248 I com.smule.android.synths.SoundPoolSynth: Play note 64 with volume 0.19685039
06-24 16:05:58.425 18493 20248 I com.smule.android.synths.SoundPoolSynth: Play note 69 with volume 0.19685039
06-24 16:05:58.718 18493 20248 I com.smule.android.synths.SoundPoolSynth: Play note 71 with volume 0.1984252
06-24 16:05:59.046 18493 20248 I com.smule.android.synths.SoundPoolSynth: Play note 64 with volume 0.2
06-24 16:05:59.300   310   310 D wpa_supplicant: wpa_driver_wext_driver_cmd RSSI len = 248
06-24 16:05:59.304   310   310 D wpa_supplicant: wpa_driver_wext_driver_cmd Ko rssi -54  len = 12, 12
06-24 16:05:59.304   310   310 D wpa_supplicant: wpa_driver_wext_driver_cmd LINKSPEED len = 248
06-24 16:05:59.304   310   310 D wpa_supplicant: wpa_driver_wext_driver_cmd LinkSpeed 72 len = 12, 12
06-24 16:05:59.375 18493 20248 I com.smule.android.synths.SoundPoolSynth: Play note 72 with volume 0.2
06-24 16:05:59.652 18493 20248 I com.smule.android.synths.SoundPoolSynth: Play note 71 with volume 0.2
06-24 16:05:59.906 18493 20248 I com.smule.android.synths.SoundPoolSynth: Play note 69 with volume 0.2
06-24 16:06:00.351 18493 20248 I com.smule.android.synths.SoundPoolSynth: Play note 69 with volume 0.2
06-24 16:06:01.027 18493 20248 I com.smule.android.synths.SoundPoolSynth: Play note 71 with volume 0.2
06-24 16:06:01.242 18493 20248 I com.smule.android.synths.SoundPoolSynth: Play note 72 with volume 0.2
06-24 16:06:01.507 18493 20248 I com.smule.android.synths.SoundPoolSynth: Play note 74 with volume 0.2
06-24 16:06:01.738 18493 20248 I com.smule.android.synths.SoundPoolSynth: Play note 76 with volume 0.2
06-24 16:06:01.968 18493 20248 I com.smule.android.synths.SoundPoolSynth: Play note 67 with volume 0.2
06-24 16:06:02.218 18493 20248 I com.smule.android.synths.SoundPoolSynth: Play note 77 with volume 0.2
06-24 16:06:02.316   310   310 D wpa_supplicant: wpa_driver_wext_driver_cmd RSSI len = 248
06-24 16:06:02.324   310   310 D wpa_supplicant: wpa_driver_wext_driver_cmd Ko rssi -56  len = 12, 12
06-24 16:06:02.324   310   310 D wpa_supplicant: wpa_driver_wext_driver_cmd LINKSPEED len = 248
06-24 16:06:02.324   310   310 D wpa_supplicant: wpa_driver_wext_driver_cmd LinkSpeed 72 len = 12, 12
06-24 16:06:02.488 18493 20248 I com.smule.android.synths.SoundPoolSynth: Play note 76 with volume 0.2
06-24 16:06:02.789 18493 20248 I com.smule.android.synths.SoundPoolSynth: Play note 74 with volume 0.2
06-24 16:06:03.043 18493 20248 I com.smule.android.synths.SoundPoolSynth: Play note 65 with volume 0.2
06-24 16:06:03.273 18493 20248 I com.smule.android.synths.SoundPoolSynth: Play note 76 with volume 0.2
06-24 16:06:04.586 18493 20248 I com.smule.android.synths.SoundPoolSynth: Play note 74 with volume 0.2
06-24 16:06:04.836 18493 20248 I com.smule.android.synths.SoundPoolSynth: Play note 72 with volume 0.2
06-24 16:06:04.843 18493 20248 I com.smule.android.synths.SoundPoolSynth: Play note 64 with volume 0.2
06-24 16:06:05.086 18493 20248 I com.smule.android.synths.SoundPoolSynth: Play note 74 with volume 0.2
06-24 16:06:05.320 18493 20248 I com.smule.android.synths.SoundPoolSynth: Play note 72 with volume 0.2
06-24 16:06:05.339   310   310 D wpa_supplicant: wpa_driver_wext_driver_cmd RSSI len = 248
06-24 16:06:05.347   310   310 D wpa_supplicant: wpa_driver_wext_driver_cmd Ko rssi -57  len = 12, 12
06-24 16:06:05.347   310   310 D wpa_supplicant: wpa_driver_wext_driver_cmd LINKSPEED len = 248
06-24 16:06:05.347   310   310 D wpa_supplicant: wpa_driver_wext_driver_cmd LinkSpeed 72 len = 12, 12
06-24 16:06:05.589 18493 20248 I com.smule.android.synths.SoundPoolSynth: Play note 71 with volume 0.2
06-24 16:06:05.984 18493 20248 I com.smule.android.synths.SoundPoolSynth: Play note 64 with volume 0.2
06-24 16:06:06.269 18493 20248 I com.smule.android.synths.SoundPoolSynth: Play note 76 with volume 0.2
06-24 16:06:06.558 18493 20248 I com.smule.android.synths.SoundPoolSynth: Play note 76 with volume 0.1984252
06-24 16:06:06.843 18493 20248 I com.smule.android.synths.SoundPoolSynth: Play note 88 with volume 0.2
06-24 16:06:07.097 18493 20248 I com.smule.android.synths.SoundPoolSynth: Play note 75 with volume 0.1984252
06-24 16:06:07.398 18493 20248 I com.smule.android.synths.SoundPoolSynth: Play note 76 with volume 0.1984252
06-24 16:06:07.668 18493 20248 I com.smule.android.synths.SoundPoolSynth: Play note 75 with volume 0.2
06-24 16:06:07.910 18493 20248 I com.smule.android.synths.SoundPoolSynth: Play note 76 with volume 0.2
06-24 16:06:08.187 18493 20248 I com.smule.android.synths.SoundPoolSynth: Play note 75 with volume 0.2
06-24 16:06:08.351   310   310 D wpa_supplicant: wpa_driver_wext_driver_cmd RSSI len = 248
06-24 16:06:08.359   310   310 D wpa_supplicant: wpa_driver_wext_driver_cmd Ko rssi -63  len = 12, 12
06-24 16:06:08.359   310   310 D wpa_supplicant: wpa_driver_wext_driver_cmd LINKSPEED len = 248
06-24 16:06:08.359   310   310 D wpa_supplicant: wpa_driver_wext_driver_cmd LinkSpeed 72 len = 12, 12
06-24 16:06:08.457 18493 20248 I com.smule.android.synths.SoundPoolSynth: Play note 76 with volume 0.2
06-24 16:06:08.746 18493 20248 I com.smule.android.synths.SoundPoolSynth: Play note 75 with volume 0.2
06-24 16:06:09.015 18493 20248 I com.smule.android.synths.SoundPoolSynth: Play note 76 with volume 0.2
06-24 16:06:09.320 18493 20248 I com.smule.android.synths.SoundPoolSynth: Play note 71 with volume 0.2
06-24 16:06:09.586 18493 20248 I com.smule.android.synths.SoundPoolSynth: Play note 74 with volume 0.2
06-24 16:06:09.875 18493 20248 I com.smule.android.synths.SoundPoolSynth: Play note 72 with volume 0.1984252
06-24 16:06:10.144 18493 20248 I com.smule.android.synths.SoundPoolSynth: Play note 69 with volume 0.2
06-24 16:06:10.410 18493 20248 I com.smule.android.synths.SoundPoolSynth: Play note 60 with volume 0.2
06-24 16:06:10.629 18493 20248 I com.smule.android.synths.SoundPoolSynth: Play note 64 with volume 0.2
06-24 16:06:10.933 18493 20248 I com.smule.android.synths.SoundPoolSynth: Play note 69 with volume 0.2
06-24 16:06:11.191 18493 20248 I com.smule.android.synths.SoundPoolSynth: Play note 71 with volume 0.2
06-24 16:06:11.363   310   310 D wpa_supplicant: wpa_driver_wext_driver_cmd RSSI len = 248
06-24 16:06:11.371   310   310 D wpa_supplicant: wpa_driver_wext_driver_cmd Ko rssi -60  len = 12, 12
06-24 16:06:11.371   310   310 D wpa_supplicant: wpa_driver_wext_driver_cmd LINKSPEED len = 248
06-24 16:06:11.371   310   310 D wpa_supplicant: wpa_driver_wext_driver_cmd LinkSpeed 72 len = 12, 12
06-24 16:06:11.468 18493 20248 I com.smule.android.synths.SoundPoolSynth: Play note 64 with volume 0.2
06-24 16:06:11.722 18493 20248 I com.smule.android.synths.SoundPoolSynth: Play note 68 with volume 0.2
06-24 16:06:12.062 18493 20248 I com.smule.android.synths.SoundPoolSynth: Play note 71 with volume 0.2
06-24 16:06:12.332 18493 20248 I com.smule.android.synths.SoundPoolSynth: Play note 72 with volume 0.2
06-24 16:06:12.683 18493 20248 I com.smule.android.synths.SoundPoolSynth: Play note 64 with volume 0.2
06-24 16:06:12.976 18493 20248 I com.smule.android.synths.SoundPoolSynth: Play note 76 with volume 0.2
06-24 16:06:13.300 18493 20248 I com.smule.android.synths.SoundPoolSynth: Play note 75 with volume 0.2
06-24 16:06:13.820 18493 20248 I com.smule.android.synths.SoundPoolSynth: Play note 76 with volume 0.2
06-24 16:06:14.144 18493 20248 I com.smule.android.synths.SoundPoolSynth: Play note 75 with volume 0.2
06-24 16:06:14.375   310   310 D wpa_supplicant: wpa_driver_wext_driver_cmd RSSI len = 248
06-24 16:06:14.382   310   310 D wpa_supplicant: wpa_driver_wext_driver_cmd Ko rssi -63  len = 12, 12
06-24 16:06:14.382   310   310 D wpa_supplicant: wpa_driver_wext_driver_cmd LINKSPEED len = 248
06-24 16:06:14.382   310   310 D wpa_supplicant: wpa_driver_wext_driver_cmd LinkSpeed 72 len = 12, 12
06-24 16:06:14.476 18493 20248 I com.smule.android.synths.SoundPoolSynth: Play note 76 with volume 0.2
06-24 16:06:14.804 18493 20248 I com.smule.android.synths.SoundPoolSynth: Play note 71 with volume 0.2
06-24 16:06:15.129 18493 20248 I com.smule.android.synths.SoundPoolSynth: Play note 74 with volume 0.2
06-24 16:06:15.453 18493 20248 I com.smule.android.synths.SoundPoolSynth: Play note 72 with volume 0.2
06-24 16:06:15.773 18493 20248 I com.smule.android.synths.SoundPoolSynth: Play note 69 with volume 0.2
06-24 16:06:16.062 18493 20248 I com.smule.android.synths.SoundPoolSynth: Play note 60 with volume 0.2
06-24 16:06:16.332 18493 20248 I com.smule.android.synths.SoundPoolSynth: Play note 64 with volume 0.2
06-24 16:06:16.621 18493 20248 I com.smule.android.synths.SoundPoolSynth: Play note 69 with volume 0.2
06-24 16:06:16.886 18493 20248 I com.smule.android.synths.SoundPoolSynth: Play note 71 with volume 0.2
06-24 16:06:17.175 18493 20248 I com.smule.android.synths.SoundPoolSynth: Play note 64 with volume 0.2
06-24 16:06:17.386   310   310 D wpa_supplicant: wpa_driver_wext_driver_cmd RSSI len = 248
06-24 16:06:17.398   310   310 D wpa_supplicant: wpa_driver_wext_driver_cmd Ko rssi -63  len = 12, 12
06-24 16:06:17.398   310   310 D wpa_supplicant: wpa_driver_wext_driver_cmd LINKSPEED len = 248
06-24 16:06:17.398   310   310 D wpa_supplicant: wpa_driver_wext_driver_cmd LinkSpeed 72 len = 12, 12
06-24 16:06:17.500 18493 20248 I com.smule.android.synths.SoundPoolSynth: Play note 72 with volume 0.2
06-24 16:06:17.820 18493 20248 I com.smule.android.synths.SoundPoolSynth: Play note 71 with volume 0.2
06-24 16:06:18.160 18493 20248 I com.smule.android.synths.SoundPoolSynth: Play note 69 with volume 0.2
06-24 16:06:18.445 18493 20248 I com.smule.android.synths.SoundPoolSynth: Play note 71 with volume 0.1984252
06-24 16:06:18.754 18493 20248 I com.smule.android.synths.SoundPoolSynth: Play note 72 with volume 0.1984252
06-24 16:06:19.070 18493 20248 I com.smule.android.synths.SoundPoolSynth: Play note 74 with volume 0.2
06-24 16:06:19.379 18493 20248 I com.smule.android.synths.SoundPoolSynth: Play note 69 with volume 0.1984252
06-24 16:06:19.664 18493 20248 I com.smule.android.synths.SoundPoolSynth: Play note 64 with volume 0.1984252
06-24 16:06:19.968 18493 20248 I com.smule.android.synths.SoundPoolSynth: Play note 72 with volume 0.1984252
06-24 16:06:20.359 18493 20248 I com.smule.android.synths.SoundPoolSynth: Play note 65 with volume 0.19685039
06-24 16:06:20.402   310   310 D wpa_supplicant: wpa_driver_wext_driver_cmd RSSI len = 248
06-24 16:06:20.410   310   310 D wpa_supplicant: wpa_driver_wext_driver_cmd Ko rssi -63  len = 12, 12
06-24 16:06:20.410   310   310 D wpa_supplicant: wpa_driver_wext_driver_cmd LINKSPEED len = 248
06-24 16:06:20.410   310   310 D wpa_supplicant: wpa_driver_wext_driver_cmd LinkSpeed 72 len = 12, 12
06-24 16:06:20.652 18493 20248 I com.smule.android.synths.SoundPoolSynth: Play note 72 with volume 0.1952756
06-24 16:06:20.921 18493 20248 I com.smule.android.synths.SoundPoolSynth: Play note 64 with volume 0.19685039
06-24 16:06:21.207 18493 20248 I com.smule.android.synths.SoundPoolSynth: Play note 67 with volume 0.1984252
06-24 16:06:21.476 18493 20248 I com.smule.android.synths.SoundPoolSynth: Play note 72 with volume 0.1984252
06-24 16:06:21.761 18493 20248 I com.smule.android.synths.SoundPoolSynth: Play note 65 with volume 0.1984252
06-24 16:06:22.011 18493 20248 I com.smule.android.synths.SoundPoolSynth: Play note 69 with volume 0.1984252
06-24 16:06:22.382 18493 20248 I com.smule.android.synths.SoundPoolSynth: Play note 72 with volume 0.1952756
06-24 16:06:22.707 18493 20248 I com.smule.android.synths.SoundPoolSynth: Play note 77 with volume 0.1984252
06-24 16:06:22.988 18493 20248 I com.smule.android.synths.SoundPoolSynth: Play note 76 with volume 0.19685039
06-24 16:06:23.285 18493 20248 I com.smule.android.synths.SoundPoolSynth: Play note 76 with volume 0.19685039
06-24 16:06:23.414   310   310 D wpa_supplicant: wpa_driver_wext_driver_cmd RSSI len = 248
06-24 16:06:23.421   310   310 D wpa_supplicant: wpa_driver_wext_driver_cmd Ko rssi -62  len = 12, 12
06-24 16:06:23.421   310   310 D wpa_supplicant: wpa_driver_wext_driver_cmd LINKSPEED len = 248
06-24 16:06:23.421   310   310 D wpa_supplicant: wpa_driver_wext_driver_cmd LinkSpeed 72 len = 12, 12
06-24 16:06:23.558 18493 20248 I com.smule.android.synths.SoundPoolSynth: Play note 74 with volume 0.19685039
06-24 16:06:23.843 18493 20248 I com.smule.android.synths.SoundPoolSynth: Play note 82 with volume 0.1952756
06-24 16:06:24.148 18493 20248 I com.smule.android.synths.SoundPoolSynth: Play note 81 with volume 0.1952756
06-24 16:06:24.449 18493 20248 I com.smule.android.synths.SoundPoolSynth: Play note 81 with volume 0.19370079
06-24 16:06:24.742 18493 20248 I com.smule.android.synths.SoundPoolSynth: Play note 79 with volume 0.19370079
06-24 16:06:25.062 18493 20248 I com.smule.android.synths.SoundPoolSynth: Play note 77 with volume 0.19370079
06-24 16:06:25.363 18493 20248 I com.smule.android.synths.SoundPoolSynth: Play note 76 with volume 0.19370079
06-24 16:06:25.621 18493 20248 I com.smule.android.synths.SoundPoolSynth: Play note 74 with volume 0.19212598
06-24 16:06:25.925 18493 20248 I com.smule.android.synths.SoundPoolSynth: Play note 72 with volume 0.19370079
06-24 16:06:26.222 18493 20248 I com.smule.android.synths.SoundPoolSynth: Play note 70 with volume 0.19370079
06-24 16:06:26.425   310   310 D wpa_supplicant: wpa_driver_wext_driver_cmd RSSI len = 248
06-24 16:06:26.433   310   310 D wpa_supplicant: wpa_driver_wext_driver_cmd Ko rssi -62  len = 12, 12
06-24 16:06:26.433   310   310 D wpa_supplicant: wpa_driver_wext_driver_cmd LINKSPEED len = 248
06-24 16:06:26.433   310   310 D wpa_supplicant: wpa_driver_wext_driver_cmd LinkSpeed 72 len = 12, 12
06-24 16:06:26.515 18493 20248 I com.smule.android.synths.SoundPoolSynth: Play note 69 with volume 0.19370079
06-24 16:06:26.847 18493 20248 I com.smule.android.synths.SoundPoolSynth: Play note 70 with volume 0.19212598
06-24 16:06:27.160 18493 20248 I com.smule.android.synths.SoundPoolSynth: Play note 69 with volume 0.19370079
06-24 16:06:27.445 18493 20248 I com.smule.android.synths.SoundPoolSynth: Play note 67 with volume 0.19212598
06-24 16:06:27.699 18493 20248 I com.smule.android.synths.SoundPoolSynth: Play note 69 with volume 0.19370079
06-24 16:06:27.949 18493 20248 I com.smule.android.synths.SoundPoolSynth: Play note 70 with volume 0.19370079
06-24 16:06:28.597 18493 20248 I com.smule.android.synths.SoundPoolSynth: Play note 72 with volume 0.19212598
06-24 16:06:28.910 18493 20248 I com.smule.android.synths.SoundPoolSynth: Play note 74 with volume 0.19370079
06-24 16:06:29.207 18493 20248 I com.smule.android.synths.SoundPoolSynth: Play note 75 with volume 0.19370079
06-24 16:06:29.437   310   310 D wpa_supplicant: wpa_driver_wext_driver_cmd RSSI len = 248
06-24 16:06:29.437   310   310 D wpa_supplicant: wpa_driver_wext_driver_cmd Ko rssi -61  len = 12, 12
06-24 16:06:29.437   310   310 D wpa_supplicant: wpa_driver_wext_driver_cmd LINKSPEED len = 248
06-24 16:06:29.437   310   310 D wpa_supplicant: wpa_driver_wext_driver_cmd LinkSpeed 72 len = 12, 12
06-24 16:06:29.441 18493 20248 I com.smule.android.synths.SoundPoolSynth: Play note 76 with volume 0.1952756
06-24 16:06:29.742 18493 20248 I com.smule.android.synths.SoundPoolSynth: Play note 76 with volume 0.2
06-24 16:06:29.992 18493 20248 I com.smule.android.synths.SoundPoolSynth: Play note 77 with volume 0.2
06-24 16:06:30.261 18493 20248 I com.smule.android.synths.SoundPoolSynth: Play note 69 with volume 0.2
06-24 16:06:30.496 18493 20248 I com.smule.android.synths.SoundPoolSynth: Play note 72 with volume 0.2
06-24 16:06:30.765 18493 20248 I com.smule.android.synths.SoundPoolSynth: Play note 74 with volume 0.1984252
06-24 16:06:31.015 18493 20248 I com.smule.android.synths.SoundPoolSynth: Play note 71 with volume 0.2
06-24 16:06:31.300 18493 20248 I com.smule.android.synths.SoundPoolSynth: Play note 72 with volume 0.2
06-24 16:06:31.519 18493 20248 I com.smule.android.synths.SoundPoolSynth: Play note 79 with volume 0.2
06-24 16:06:31.804 18493 20248 I com.smule.android.synths.SoundPoolSynth: Play note 67 with volume 0.19370079
06-24 16:06:32.078 18493 20248 I com.smule.android.synths.SoundPoolSynth: Play note 79 with volume 0.19685039
06-24 16:06:32.191 18493 18495 D dalvikvm: GC_CONCURRENT freed 3893K, 24% free 18048K/23623K, paused 12ms+4ms
06-24 16:06:32.304 18493 20248 I com.smule.android.synths.SoundPoolSynth: Play note 69 with volume 0.1952756
06-24 16:06:32.441   310   310 D wpa_supplicant: wpa_driver_wext_driver_cmd RSSI len = 248
06-24 16:06:32.449   310   310 D wpa_supplicant: wpa_driver_wext_driver_cmd Ko rssi -63  len = 12, 12
06-24 16:06:32.449   310   310 D wpa_supplicant: wpa_driver_wext_driver_cmd LINKSPEED len = 248
06-24 16:06:32.449   310   310 D wpa_supplicant: wpa_driver_wext_driver_cmd LinkSpeed 72 len = 12, 12
06-24 16:06:32.574 18493 20248 I com.smule.android.synths.SoundPoolSynth: Play note 79 with volume 0.1952756
06-24 16:06:32.824 18493 20248 I com.smule.android.synths.SoundPoolSynth: Play note 71 with volume 0.19685039
06-24 16:06:33.058 18493 20248 I com.smule.android.synths.SoundPoolSynth: Play note 79 with volume 0.1952756
06-24 16:06:33.293 18493 20248 I com.smule.android.synths.SoundPoolSynth: Play note 72 with volume 0.19370079
06-24 16:06:33.507 18493 20248 I com.smule.android.synths.SoundPoolSynth: Play note 79 with volume 0.1952756
06-24 16:06:34.199 18493 20248 I com.smule.android.synths.SoundPoolSynth: Play note 74 with volume 0.19370079
06-24 16:06:34.464 18493 20248 I com.smule.android.synths.SoundPoolSynth: Play note 79 with volume 0.1952756
06-24 16:06:34.742 18493 20248 I com.smule.android.synths.SoundPoolSynth: Play note 76 with volume 0.19685039
06-24 16:06:34.988 18493 20248 I com.smule.android.synths.SoundPoolSynth: Play note 79 with volume 0.1952756
06-24 16:06:35.293 18493 20248 I com.smule.android.synths.SoundPoolSynth: Play note 84 with volume 0.19685039
06-24 16:06:35.453   310   310 D wpa_supplicant: wpa_driver_wext_driver_cmd RSSI len = 248
06-24 16:06:35.461   310   310 D wpa_supplicant: wpa_driver_wext_driver_cmd Ko rssi -60  len = 12, 12
06-24 16:06:35.461   310   310 D wpa_supplicant: wpa_driver_wext_driver_cmd LINKSPEED len = 248
06-24 16:06:35.461   310   310 D wpa_supplicant: wpa_driver_wext_driver_cmd LinkSpeed 72 len = 12, 12
06-24 16:06:35.609 18493 20248 I com.smule.android.synths.SoundPoolSynth: Play note 83 with volume 0.1952756
06-24 16:06:36.113 18493 20248 I com.smule.android.synths.SoundPoolSynth: Play note 81 with volume 0.19685039
06-24 16:06:36.339 18493 20248 I com.smule.android.synths.SoundPoolSynth: Play note 79 with volume 0.1952756
06-24 16:06:36.593 18493 20248 I com.smule.android.synths.SoundPoolSynth: Play note 77 with volume 0.19685039
06-24 16:06:36.871 18493 20248 I com.smule.android.synths.SoundPoolSynth: Play note 76 with volume 0.1984252
06-24 16:06:37.109 18493 20248 I com.smule.android.synths.SoundPoolSynth: Play note 74 with volume 0.1984252
06-24 16:06:37.390 18493 20248 I com.smule.android.synths.SoundPoolSynth: Play note 79 with volume 0.1952756
06-24 16:06:37.668 18493 20248 I com.smule.android.synths.SoundPoolSynth: Play note 77 with volume 0.1952756
06-24 16:06:37.914 18493 20248 I com.smule.android.synths.SoundPoolSynth: Play note 74 with volume 0.1952756
06-24 16:06:38.199 18493 20248 I com.smule.android.synths.SoundPoolSynth: Play note 72 with volume 0.1952756
06-24 16:06:38.441 18493 20248 I com.smule.android.synths.SoundPoolSynth: Play note 79 with volume 0.1952756
06-24 16:06:38.464   310   310 D wpa_supplicant: wpa_driver_wext_driver_cmd RSSI len = 248
06-24 16:06:38.472   310   310 D wpa_supplicant: wpa_driver_wext_driver_cmd Ko rssi -59  len = 12, 12
06-24 16:06:38.472   310   310 D wpa_supplicant: wpa_driver_wext_driver_cmd LINKSPEED len = 248
06-24 16:06:38.472   310   310 D wpa_supplicant: wpa_driver_wext_driver_cmd LinkSpeed 72 len = 12, 12
06-24 16:06:38.668 18493 20248 I com.smule.android.synths.SoundPoolSynth: Play note 67 with volume 0.19685039
06-24 16:06:38.941 18493 20248 I com.smule.android.synths.SoundPoolSynth: Play note 79 with volume 0.1984252
06-24 16:06:39.234 18493 20248 I com.smule.android.synths.SoundPoolSynth: Play note 69 with volume 0.1984252
06-24 16:06:39.511 18493 20248 I com.smule.android.synths.SoundPoolSynth: Play note 79 with volume 0.19370079
06-24 16:06:39.800 18493 20248 I com.smule.android.synths.SoundPoolSynth: Play note 71 with volume 0.19370079
06-24 16:06:40.117 18493 20248 I com.smule.android.synths.SoundPoolSynth: Play note 79 with volume 0.1952756
06-24 16:06:40.398 18493 20248 I com.smule.android.synths.SoundPoolSynth: Play note 72 with volume 0.1984252
06-24 16:06:40.679 18493 20248 I com.smule.android.synths.SoundPoolSynth: Play note 79 with volume 0.1984252
06-24 16:06:40.964 18493 20248 I com.smule.android.synths.SoundPoolSynth: Play note 74 with volume 0.1984252
06-24 16:06:41.226 18493 20248 I com.smule.android.synths.SoundPoolSynth: Play note 79 with volume 0.1984252
06-24 16:06:41.476   310   310 D wpa_supplicant: wpa_driver_wext_driver_cmd RSSI len = 248
06-24 16:06:41.484   310   310 D wpa_supplicant: wpa_driver_wext_driver_cmd Ko rssi -58  len = 12, 12
06-24 16:06:41.484   310   310 D wpa_supplicant: wpa_driver_wext_driver_cmd LINKSPEED len = 248
06-24 16:06:41.484   310   310 D wpa_supplicant: wpa_driver_wext_driver_cmd LinkSpeed 72 len = 12, 12
06-24 16:06:41.488 18493 20248 I com.smule.android.synths.SoundPoolSynth: Play note 76 with volume 0.2
06-24 16:06:41.761 18493 20248 I com.smule.android.synths.SoundPoolSynth: Play note 79 with volume 0.2
06-24 16:06:42.023 18493 20248 I com.smule.android.synths.SoundPoolSynth: Play note 84 with volume 0.1984252
06-24 16:06:42.296 18493 20248 I com.smule.android.synths.SoundPoolSynth: Play note 83 with volume 0.19685039
06-24 16:06:42.578 18493 20248 I com.smule.android.synths.SoundPoolSynth: Play note 81 with volume 0.19685039
06-24 16:06:42.867 18493 20248 I com.smule.android.synths.SoundPoolSynth: Play note 79 with volume 0.1984252
06-24 16:06:43.238 18493 20248 I com.smule.android.synths.SoundPoolSynth: Play note 77 with volume 0.19370079
06-24 16:06:43.531 18493 20248 I com.smule.android.synths.SoundPoolSynth: Play note 76 with volume 0.18897638
06-24 16:06:43.843 18493 20248 I com.smule.android.synths.SoundPoolSynth: Play note 74 with volume 0.19212598
06-24 16:06:44.132 18493 20248 I com.smule.android.synths.SoundPoolSynth: Play note 79 with volume 0.19685039
06-24 16:06:44.414 18493 20248 I com.smule.android.synths.SoundPoolSynth: Play note 77 with volume 0.1984252
06-24 16:06:44.488   310   310 D wpa_supplicant: wpa_driver_wext_driver_cmd RSSI len = 248
06-24 16:06:44.496   310   310 D wpa_supplicant: wpa_driver_wext_driver_cmd Ko rssi -62  len = 12, 12
06-24 16:06:44.496   310   310 D wpa_supplicant: wpa_driver_wext_driver_cmd LINKSPEED len = 248
06-24 16:06:44.500   310   310 D wpa_supplicant: wpa_driver_wext_driver_cmd LinkSpeed 72 len = 12, 12
06-24 16:06:44.714 18493 20248 I com.smule.android.synths.SoundPoolSynth: Play note 74 with volume 0.1952756
06-24 16:06:45.043 18493 20248 I com.smule.android.synths.SoundPoolSynth: Play note 76 with volume 0.1984252
06-24 16:06:45.379 18493 20248 I com.smule.android.synths.SoundPoolSynth: Play note 77 with volume 0.19685039
06-24 16:06:45.664 18493 20248 I com.smule.android.synths.SoundPoolSynth: Play note 76 with volume 0.19685039
06-24 16:06:46.004 18493 20248 I com.smule.android.synths.SoundPoolSynth: Play note 75 with volume 0.19685039
06-24 16:06:46.289 18493 20248 I com.smule.android.synths.SoundPoolSynth: Play note 76 with volume 0.1984252
06-24 16:06:46.566 18493 20248 I com.smule.android.synths.SoundPoolSynth: Play note 71 with volume 0.1984252
06-24 16:06:46.882 18493 20248 I com.smule.android.synths.SoundPoolSynth: Play note 76 with volume 0.19685039
06-24 16:06:47.226 18493 20248 I com.smule.android.synths.SoundPoolSynth: Play note 75 with volume 0.19685039
06-24 16:06:47.504   310   310 D wpa_supplicant: wpa_driver_wext_driver_cmd RSSI len = 248
06-24 16:06:47.511   310   310 D wpa_supplicant: wpa_driver_wext_driver_cmd Ko rssi -60  len = 12, 12
06-24 16:06:47.511   310   310 D wpa_supplicant: wpa_driver_wext_driver_cmd LINKSPEED len = 248
06-24 16:06:47.511   310   310 D wpa_supplicant: wpa_driver_wext_driver_cmd LinkSpeed 72 len = 12, 12
06-24 16:06:47.582 18493 20248 I com.smule.android.synths.SoundPoolSynth: Play note 76 with volume 0.19685039
06-24 16:06:47.921 18493 20248 I com.smule.android.synths.SoundPoolSynth: Play note 71 with volume 0.1952756
06-24 16:06:48.214 18493 20248 I com.smule.android.synths.SoundPoolSynth: Play note 76 with volume 0.19685039
06-24 16:06:48.488 18493 20248 I com.smule.android.synths.SoundPoolSynth: Play note 75 with volume 0.19685039
06-24 16:06:48.796 18493 20248 I com.smule.android.synths.SoundPoolSynth: Play note 76 with volume 0.19685039
06-24 16:06:49.070 18493 20248 I com.smule.android.synths.SoundPoolSynth: Play note 71 with volume 0.2
06-24 16:06:49.320 18493 20248 I com.smule.android.synths.SoundPoolSynth: Play note 76 with volume 0.1984252
06-24 16:06:49.617 18493 20248 I com.smule.android.synths.SoundPoolSynth: Play note 75 with volume 0.19685039
06-24 16:06:49.925 18493 20248 I com.smule.android.synths.SoundPoolSynth: Play note 76 with volume 0.19685039
06-24 16:06:50.289 18493 20248 I com.smule.android.synths.SoundPoolSynth: Play note 71 with volume 0.19685039
06-24 16:06:50.519   310   310 D wpa_supplicant: wpa_driver_wext_driver_cmd RSSI len = 248
06-24 16:06:50.535   310   310 D wpa_supplicant: wpa_driver_wext_driver_cmd Ko rssi -59  len = 12, 12
06-24 16:06:50.535   310   310 D wpa_supplicant: wpa_driver_wext_driver_cmd LINKSPEED len = 248
06-24 16:06:50.535   310   310 D wpa_supplicant: wpa_driver_wext_driver_cmd LinkSpeed 72 len = 12, 12
06-24 16:06:50.632 18493 20248 I com.smule.android.synths.SoundPoolSynth: Play note 76 with volume 0.19370079
06-24 16:06:50.937 18493 20248 I com.smule.android.synths.SoundPoolSynth: Play note 75 with volume 0.19685039
06-24 16:06:51.242 18493 20248 I com.smule.android.synths.SoundPoolSynth: Play note 76 with volume 0.19685039
06-24 16:06:51.566 18493 20248 I com.smule.android.synths.SoundPoolSynth: Play note 75 with volume 0.2
06-24 16:06:51.867 18493 20248 I com.smule.android.synths.SoundPoolSynth: Play note 76 with volume 0.1984252
06-24 16:06:52.140 18493 20248 I com.smule.android.synths.SoundPoolSynth: Play note 75 with volume 0.19685039
06-24 16:06:52.461 18493 20248 I com.smule.android.synths.SoundPoolSynth: Play note 76 with volume 0.1952756
06-24 16:06:52.757 18493 20248 I com.smule.android.synths.SoundPoolSynth: Play note 75 with volume 0.19685039
06-24 16:06:53.000 18493 20248 I com.smule.android.synths.SoundPoolSynth: Play note 76 with volume 0.1984252
06-24 16:06:53.336 18493 20248 I com.smule.android.synths.SoundPoolSynth: Play note 75 with volume 0.19685039
06-24 16:06:53.543   310   310 D wpa_supplicant: wpa_driver_wext_driver_cmd RSSI len = 248
06-24 16:06:53.550   310   310 D wpa_supplicant: wpa_driver_wext_driver_cmd Ko rssi -61  len = 12, 12
06-24 16:06:53.550   310   310 D wpa_supplicant: wpa_driver_wext_driver_cmd LINKSPEED len = 248
06-24 16:06:53.550   310   310 D wpa_supplicant: wpa_driver_wext_driver_cmd LinkSpeed 72 len = 12, 12
06-24 16:06:53.625 18493 20248 I com.smule.android.synths.SoundPoolSynth: Play note 76 with volume 0.1984252
06-24 16:06:53.914 18493 20248 I com.smule.android.synths.SoundPoolSynth: Play note 71 with volume 0.1952756
06-24 16:06:54.289 18493 20248 I com.smule.android.synths.SoundPoolSynth: Play note 74 with volume 0.1984252
06-24 16:06:54.539 18493 20248 I com.smule.android.synths.SoundPoolSynth: Play note 72 with volume 0.1984252
06-24 16:06:54.773 18493 20248 I com.smule.android.synths.SoundPoolSynth: Play note 69 with volume 0.2
06-24 16:06:54.988 18493 20248 I com.smule.android.synths.SoundPoolSynth: Play note 60 with volume 0.2
06-24 16:06:55.254 18493 20248 I com.smule.android.synths.SoundPoolSynth: Play note 64 with volume 0.2
06-24 16:06:55.523 18493 20248 I com.smule.android.synths.SoundPoolSynth: Play note 69 with volume 0.2
06-24 16:06:55.757 18493 20248 I com.smule.android.synths.SoundPoolSynth: Play note 71 with volume 0.2
06-24 16:06:56.023 18493 20248 I com.smule.android.synths.SoundPoolSynth: Play note 64 with volume 0.2
06-24 16:06:56.296 18493 20248 I com.smule.android.synths.SoundPoolSynth: Play note 68 with volume 0.2
06-24 16:06:56.554   310   310 D wpa_supplicant: wpa_driver_wext_driver_cmd RSSI len = 248
06-24 16:06:56.562   310   310 D wpa_supplicant: wpa_driver_wext_driver_cmd Ko rssi -63  len = 12, 12
06-24 16:06:56.562   310   310 D wpa_supplicant: wpa_driver_wext_driver_cmd LINKSPEED len = 248
06-24 16:06:56.562   310   310 D wpa_supplicant: wpa_driver_wext_driver_cmd LinkSpeed 72 len = 12, 12
06-24 16:06:56.601 18493 20248 I com.smule.android.synths.SoundPoolSynth: Play note 71 with volume 0.2
06-24 16:06:56.828 18493 20248 I com.smule.android.synths.SoundPoolSynth: Play note 72 with volume 0.2
06-24 16:06:57.097 18493 20248 I com.smule.android.synths.SoundPoolSynth: Play note 64 with volume 0.1984252
06-24 16:06:57.339 18493 20248 I com.smule.android.synths.SoundPoolSynth: Play note 76 with volume 0.2
06-24 16:06:57.625 18493 20248 I com.smule.android.synths.SoundPoolSynth: Play note 75 with volume 0.2
06-24 16:06:57.886 18493 20248 I com.smule.android.synths.SoundPoolSynth: Play note 76 with volume 0.2
06-24 16:06:58.179 18493 20248 I com.smule.android.synths.SoundPoolSynth: Play note 75 with volume 0.1984252
06-24 16:06:58.449 18493 20248 I com.smule.android.synths.SoundPoolSynth: Play note 76 with volume 0.2
06-24 16:06:58.718 18493 20248 I com.smule.android.synths.SoundPoolSynth: Play note 71 with volume 0.2
06-24 16:06:59.207 18493 20248 I com.smule.android.synths.SoundPoolSynth: Play note 74 with volume 0.2
06-24 16:06:59.531 18493 20248 I com.smule.android.synths.SoundPoolSynth: Play note 72 with volume 0.2
06-24 16:06:59.543 18493 20248 I com.smule.android.synths.SoundPoolSynth: Play note 69 with volume 0.19370079
06-24 16:06:59.566   310   310 D wpa_supplicant: wpa_driver_wext_driver_cmd RSSI len = 248
06-24 16:06:59.574   310   310 D wpa_supplicant: wpa_driver_wext_driver_cmd Ko rssi -61  len = 12, 12
06-24 16:06:59.574   310   310 D wpa_supplicant: wpa_driver_wext_driver_cmd LINKSPEED len = 248
06-24 16:06:59.574   310   310 D wpa_supplicant: wpa_driver_wext_driver_cmd LinkSpeed 72 len = 12, 12
06-24 16:06:59.738 18493 20248 I com.smule.android.synths.SoundPoolSynth: Play note 60 with volume 0.2
06-24 16:06:59.757 18493 20248 I com.smule.android.synths.SoundPoolSynth: Play note 64 with volume 0.1952756
06-24 16:07:00.117 18493 20248 I com.smule.android.synths.SoundPoolSynth: Play note 69 with volume 0.1952756
06-24 16:07:00.121 18493 20248 I com.smule.android.synths.SoundPoolSynth: Play note 71 with volume 0.2
06-24 16:07:00.367 18493 20248 I com.smule.android.synths.SoundPoolSynth: Play note 64 with volume 0.1952756
06-24 16:07:00.375 18493 20248 I com.smule.android.synths.SoundPoolSynth: Play note 72 with volume 0.2
06-24 16:07:00.582 18493 20248 I com.smule.android.synths.SoundPoolSynth: Play note 71 with volume 0.2
06-24 16:07:00.586 18493 20248 I com.smule.android.synths.SoundPoolSynth: Play note 69 with volume 0.1952756
06-24 16:07:00.855 18493 20248 I com.smule.android.synths.SoundPoolSynth: Play note 71 with volume 0.2
06-24 16:07:00.859 18493 20248 I com.smule.android.synths.SoundPoolSynth: Play note 72 with volume 0.19370079
06-24 16:07:01.175 18493 20248 I com.smule.android.synths.SoundPoolSynth: Play note 74 with volume 0.2
06-24 16:07:01.179 18493 20248 I com.smule.android.synths.SoundPoolSynth: Play note 76 with volume 0.19685039
06-24 16:07:01.461 18493 20248 I com.smule.android.synths.SoundPoolSynth: Play note 67 with volume 0.19685039
06-24 16:07:01.464 18493 20248 I com.smule.android.synths.SoundPoolSynth: Play note 77 with volume 0.2
06-24 16:07:01.754 18493 20248 I com.smule.android.synths.SoundPoolSynth: Play note 76 with volume 0.1984252
06-24 16:07:01.757 18493 20248 I com.smule.android.synths.SoundPoolSynth: Play note 74 with volume 0.19685039
06-24 16:07:02.035 18493 20248 I com.smule.android.synths.SoundPoolSynth: Play note 65 with volume 0.1952756
06-24 16:07:02.039 18493 20248 I com.smule.android.synths.SoundPoolSynth: Play note 76 with volume 0.1984252
06-24 16:07:02.269 18493 20248 I com.smule.android.synths.SoundPoolSynth: Play note 74 with volume 0.1984252
06-24 16:07:02.277 18493 20248 I com.smule.android.synths.SoundPoolSynth: Play note 72 with volume 0.2
06-24 16:07:02.453 18493 20248 I com.smule.android.synths.SoundPoolSynth: Play note 64 with volume 0.1984252
06-24 16:07:02.484 18493 20248 I com.smule.android.synths.SoundPoolSynth: Play note 74 with volume 0.1952756
06-24 16:07:02.578   310   310 D wpa_supplicant: wpa_driver_wext_driver_cmd RSSI len = 248
06-24 16:07:02.586   310   310 D wpa_supplicant: wpa_driver_wext_driver_cmd Ko rssi -60  len = 12, 12
06-24 16:07:02.586   310   310 D wpa_supplicant: wpa_driver_wext_driver_cmd LINKSPEED len = 248
06-24 16:07:02.589   310   310 D wpa_supplicant: wpa_driver_wext_driver_cmd LinkSpeed 72 len = 12, 12
06-24 16:07:02.734 18493 20248 I com.smule.android.synths.SoundPoolSynth: Play note 72 with volume 0.1952756
06-24 16:07:02.929 18493 20248 I com.smule.android.synths.SoundPoolSynth: Play note 71 with volume 0.1952756
06-24 16:07:02.968 18493 20248 I com.smule.android.synths.SoundPoolSynth: Play note 64 with volume 0.2
06-24 16:07:03.273 18493 20248 I com.smule.android.synths.SoundPoolSynth: Play note 76 with volume 0.2
06-24 16:07:03.277 18493 20248 I com.smule.android.synths.SoundPoolSynth: Play note 76 with volume 0.19685039
06-24 16:07:03.504 18493 20248 I com.smule.android.synths.SoundPoolSynth: Play note 88 with volume 0.1984252
06-24 16:07:03.511 18493 20248 I com.smule.android.synths.SoundPoolSynth: Play note 75 with volume 0.1952756
06-24 16:07:03.773 18493 20248 I com.smule.android.synths.SoundPoolSynth: Play note 76 with volume 0.1952756
06-24 16:07:03.781 18493 20248 I com.smule.android.synths.SoundPoolSynth: Play note 75 with volume 0.19212598
06-24 16:07:03.988 18493 20248 I com.smule.android.synths.SoundPoolSynth: Play note 76 with volume 0.1952756
06-24 16:07:03.996 18493 20248 I com.smule.android.synths.SoundPoolSynth: Play note 75 with volume 0.19370079
06-24 16:07:04.203 18493 20248 I com.smule.android.synths.SoundPoolSynth: Play note 76 with volume 0.19370079
06-24 16:07:04.461 18493 20248 I com.smule.android.synths.SoundPoolSynth: Play note 75 with volume 0.1952756
06-24 16:07:04.464 18493 20248 I com.smule.android.synths.SoundPoolSynth: Play note 76 with volume 0.19370079
06-24 16:07:04.726 18493 20248 I com.smule.android.synths.SoundPoolSynth: Play note 71 with volume 0.19370079
06-24 16:07:04.730 18493 20248 I com.smule.android.synths.SoundPoolSynth: Play note 74 with volume 0.1952756
06-24 16:07:04.976 18493 20248 I com.smule.android.synths.SoundPoolSynth: Play note 72 with volume 0.1952756
06-24 16:07:04.984 18493 20248 I com.smule.android.synths.SoundPoolSynth: Play note 69 with volume 0.19055119
06-24 16:07:05.246 18493 20248 I com.smule.android.synths.SoundPoolSynth: Play note 60 with volume 0.19370079
06-24 16:07:05.265 18493 20248 I com.smule.android.synths.SoundPoolSynth: Play note 64 with volume 0.18897638
06-24 16:07:05.515 18493 20248 I com.smule.android.synths.SoundPoolSynth: Play note 69 with volume 0.1952756
06-24 16:07:05.519 18493 20248 I com.smule.android.synths.SoundPoolSynth: Play note 71 with volume 0.18740158
06-24 16:07:05.593   310   310 D wpa_supplicant: wpa_driver_wext_driver_cmd RSSI len = 248
06-24 16:07:05.601   310   310 D wpa_supplicant: wpa_driver_wext_driver_cmd Ko rssi -61  len = 12, 12
06-24 16:07:05.601   310   310 D wpa_supplicant: wpa_driver_wext_driver_cmd LINKSPEED len = 248
06-24 16:07:05.601   310   310 D wpa_supplicant: wpa_driver_wext_driver_cmd LinkSpeed 72 len = 12, 12
06-24 16:07:05.761 18493 20248 I com.smule.android.synths.SoundPoolSynth: Play note 64 with volume 0.1952756
06-24 16:07:05.765 18493 20248 I com.smule.android.synths.SoundPoolSynth: Play note 68 with volume 0.18740158
06-24 16:07:06.019 18493 20248 I com.smule.android.synths.SoundPoolSynth: Play note 71 with volume 0.19370079
06-24 16:07:06.023 18493 20248 I com.smule.android.synths.SoundPoolSynth: Play note 72 with volume 0.18897638
06-24 16:07:06.285 18493 20248 I com.smule.android.synths.SoundPoolSynth: Play note 64 with volume 0.19370079
06-24 16:07:06.285 18493 20248 I com.smule.android.synths.SoundPoolSynth: Play note 76 with volume 0.18740158
06-24 16:07:06.574 18493 20248 I com.smule.android.synths.SoundPoolSynth: Play note 75 with volume 0.18897638
06-24 16:07:06.578 18493 20248 I com.smule.android.synths.SoundPoolSynth: Play note 76 with volume 0.19370079
06-24 16:07:06.843 18493 20248 I com.smule.android.synths.SoundPoolSynth: Play note 75 with volume 0.19055119
06-24 16:07:06.851 18493 20248 I com.smule.android.synths.SoundPoolSynth: Play note 76 with volume 0.18425196
06-24 16:07:07.109 18493 20248 I com.smule.android.synths.SoundPoolSynth: Play note 71 with volume 0.18582678
06-24 16:07:07.359 18493 20248 I com.smule.android.synths.SoundPoolSynth: Play note 74 with volume 0.18582678
06-24 16:07:07.632 18493 20248 I com.smule.android.synths.SoundPoolSynth: Play note 72 with volume 0.18425196
06-24 16:07:07.918 18493 20248 I com.smule.android.synths.SoundPoolSynth: Play note 69 with volume 0.18897638
06-24 16:07:08.222 18493 20248 I com.smule.android.synths.SoundPoolSynth: Play note 60 with volume 0.18897638
06-24 16:07:08.226 18493 20248 I com.smule.android.synths.SoundPoolSynth: Play note 64 with volume 0.18582678
06-24 16:07:08.472 18493 20248 I com.smule.android.synths.SoundPoolSynth: Play note 69 with volume 0.18897638
06-24 16:07:08.476 18493 20248 I com.smule.android.synths.SoundPoolSynth: Play note 71 with volume 0.18740158
06-24 16:07:08.605   310   310 D wpa_supplicant: wpa_driver_wext_driver_cmd RSSI len = 248
06-24 16:07:08.613   310   310 D wpa_supplicant: wpa_driver_wext_driver_cmd Ko rssi -65  len = 12, 12
06-24 16:07:08.613   310   310 D wpa_supplicant: wpa_driver_wext_driver_cmd LINKSPEED len = 248
06-24 16:07:08.613   310   310 D wpa_supplicant: wpa_driver_wext_driver_cmd LinkSpeed 72 len = 12, 12
06-24 16:07:08.832 18493 20248 I com.smule.android.synths.SoundPoolSynth: Play note 64 with volume 0.18582678
06-24 16:07:08.836 18493 20248 I com.smule.android.synths.SoundPoolSynth: Play note 72 with volume 0.18897638
06-24 16:07:09.062 18493 20248 I com.smule.android.synths.SoundPoolSynth: Play note 71 with volume 0.18425196
06-24 16:07:09.070 18493 20248 I com.smule.android.synths.SoundPoolSynth: Play note 69 with volume 0.18582678
06-24 16:07:09.402 18493 20248 I com.smule.android.synths.SoundPoolSynth: Play note 64 with volume 0.18582678
06-24 16:07:09.406 18493 20248 I com.smule.android.synths.SoundPoolSynth: Play note 67 with volume 0.18897638
06-24 16:07:09.582 18493 20248 I com.smule.android.synths.SoundPoolSynth: Play note 70 with volume 0.18110237
06-24 16:07:09.586 18493 20248 I com.smule.android.synths.SoundPoolSynth: Play note 73 with volume 0.18267716
06-24 16:07:09.906 18493 20248 I com.smule.android.synths.SoundPoolSynth: Play note 74 with volume 0.18582678
06-24 16:07:09.914 18493 20248 I com.smule.android.synths.SoundPoolSynth: Play note 69 with volume 0.18582678
06-24 16:07:10.121 18493 20248 I com.smule.android.synths.SoundPoolSynth: Play note 65 with volume 0.18582678
06-24 16:07:10.140 18493 20248 I com.smule.android.synths.SoundPoolSynth: Play note 73 with volume 0.18582678
06-24 16:07:10.445 18493 20248 I com.smule.android.synths.SoundPoolSynth: Play note 76 with volume 0.18740158
06-24 16:07:10.769 18493 20248 I com.smule.android.synths.SoundPoolSynth: Play note 77 with volume 0.19212598
06-24 16:07:11.257 18493 20248 I com.smule.android.synths.SoundPoolSynth: Play note 74 with volume 0.2
06-24 16:07:11.261 18493 20248 I com.smule.android.synths.SoundPoolSynth: Play note 68 with volume 0.2
06-24 16:07:11.539 18493 20248 I com.smule.android.synths.SoundPoolSynth: Play note 74 with volume 0.2
06-24 16:07:11.617   310   310 D wpa_supplicant: wpa_driver_wext_driver_cmd RSSI len = 248
06-24 16:07:11.625   310   310 D wpa_supplicant: wpa_driver_wext_driver_cmd Ko rssi -63  len = 12, 12
06-24 16:07:11.625   310   310 D wpa_supplicant: wpa_driver_wext_driver_cmd LINKSPEED len = 248
06-24 16:07:11.625   310   310 D wpa_supplicant: wpa_driver_wext_driver_cmd LinkSpeed 72 len = 12, 12
06-24 16:07:11.754 18493 20248 I com.smule.android.synths.SoundPoolSynth: Play note 77 with volume 0.2
06-24 16:07:12.039 18493 20248 I com.smule.android.synths.SoundPoolSynth: Play note 68 with volume 0.2
06-24 16:07:12.046 18493 20248 I com.smule.android.synths.SoundPoolSynth: Play note 74 with volume 0.2
06-24 16:07:12.382 18493 20248 I com.smule.android.synths.SoundPoolSynth: Play note 77 with volume 0.2
06-24 16:07:12.390 18493 20248 I com.smule.android.synths.SoundPoolSynth: Play note 72 with volume 0.2
06-24 16:07:12.632 18493 20248 I com.smule.android.synths.SoundPoolSynth: Play note 76 with volume 0.2
06-24 16:07:12.640 18493 20248 I com.smule.android.synths.SoundPoolSynth: Play note 69 with volume 0.2
06-24 16:07:12.992 18493 20248 I com.smule.android.synths.SoundPoolSynth: Play note 74 with volume 0.2
06-24 16:07:13.004 18493 20248 I com.smule.android.synths.SoundPoolSynth: Play note 65 with volume 0.2
06-24 16:07:13.316 18493 20248 I com.smule.android.synths.SoundPoolSynth: Play note 64 with volume 0.2
06-24 16:07:13.320 18493 20248 I com.smule.android.synths.SoundPoolSynth: Play note 72 with volume 0.2
06-24 16:07:13.566 18493 20248 I com.smule.android.synths.SoundPoolSynth: Play note 62 with volume 0.2
06-24 16:07:13.570 18493 20248 I com.smule.android.synths.SoundPoolSynth: Play note 71 with volume 0.2
06-24 16:07:13.796 18493 20248 I com.smule.android.synths.SoundPoolSynth: Play note 60 with volume 0.1984252
06-24 16:07:13.800 18493 20248 I com.smule.android.synths.SoundPoolSynth: Play note 66 with volume 0.2
06-24 16:07:14.105 18493 20248 I com.smule.android.synths.SoundPoolSynth: Play note 69 with volume 0.2
06-24 16:07:14.109 18493 20248 I com.smule.android.synths.SoundPoolSynth: Play note 69 with volume 0.1984252
06-24 16:07:14.629   310   310 D wpa_supplicant: wpa_driver_wext_driver_cmd RSSI len = 248
06-24 16:07:14.636   310   310 D wpa_supplicant: wpa_driver_wext_driver_cmd Ko rssi -61  len = 12, 12
06-24 16:07:14.636   310   310 D wpa_supplicant: wpa_driver_wext_driver_cmd LINKSPEED len = 248
06-24 16:07:14.636   310   310 D wpa_supplicant: wpa_driver_wext_driver_cmd LinkSpeed 72 len = 12, 12
06-24 16:07:16.421 18493 20248 I com.smule.android.synths.SoundPoolSynth: Play note 60 with volume 0.2
06-24 16:07:16.945 18493 20248 I com.smule.android.synths.SoundPoolSynth: Play note 60 with volume 0.2
06-24 16:07:17.644   310   310 D wpa_supplicant: wpa_driver_wext_driver_cmd RSSI len = 248
06-24 16:07:17.652   310   310 D wpa_supplicant: wpa_driver_wext_driver_cmd Ko rssi -61  len = 12, 12
06-24 16:07:17.652   310   310 D wpa_supplicant: wpa_driver_wext_driver_cmd LINKSPEED len = 248
06-24 16:07:17.652   310   310 D wpa_supplicant: wpa_driver_wext_driver_cmd LinkSpeed 72 len = 12, 12
06-24 16:07:17.964 18493 20248 I com.smule.android.synths.SoundPoolSynth: Play note 69 with volume 0.2
06-24 16:07:20.664   310   310 D wpa_supplicant: wpa_driver_wext_driver_cmd RSSI len = 248
06-24 16:07:20.671   310   310 D wpa_supplicant: wpa_driver_wext_driver_cmd Ko rssi -51  len = 12, 12
06-24 16:07:20.671   310   310 D wpa_supplicant: wpa_driver_wext_driver_cmd LINKSPEED len = 248
06-24 16:07:20.671   310   310 D wpa_supplicant: wpa_driver_wext_driver_cmd LinkSpeed 72 len = 12, 12
