06-26 15:19:20.141   310   310 D wpa_supplicant: WPS:  * RF Bands (3)
06-26 15:19:20.141   310   310 D wpa_supplicant: WPS:  * Association State
06-26 15:19:20.141   310   310 D wpa_supplicant: WPS:  * Configuration Error (0)
06-26 15:19:20.141   310   310 D wpa_supplicant: WPS:  * Device Password ID (0)
06-26 15:19:20.141   310   310 D wpa_supplicant: WPS:  * Manufacturer
06-26 15:19:20.141   310   310 D wpa_supplicant: WPS:  * Model Name
06-26 15:19:20.141   310   310 D wpa_supplicant: WPS:  * Model Number
06-26 15:19:20.141   310   310 D wpa_supplicant: WPS:  * Device Name
06-26 15:19:20.141   310   310 D wpa_supplicant: WPS:  * Version2 (0x20)
06-26 15:19:20.141   310   310 D wpa_supplicant: wpa_driver_wext_combo_scan: Start
06-26 15:19:20.141   310   310 D wpa_supplicant: For Scan: (null)
06-26 15:19:20.153   310   310 D wpa_supplicant: Scan requested (ret=0) - scan timeout 30 seconds
06-26 15:19:20.173 15747 15748 D dalvikvm: GC_CONCURRENT freed 386K, 5% free 10530K/11015K, paused 7ms+3ms
06-26 15:19:21.032   142   171 I ActivityManager: Start proc com.google.android.gm for service com.google.android.gm/.provider.MailIndexerService: pid=18078 uid=10018 gids={3003, 1015}
06-26 15:19:21.161 18078 18078 I ActivityThread: Pub gmail-ls: com.google.android.gm.provider.MailProvider
06-26 15:19:21.204 18078 18078 I ActivityThread: Pub com.google.android.gm: com.google.android.gm.provider.PublicContentProvider
06-26 15:19:21.212 18078 18078 I ActivityThread: Pub com.google.android.gmail.SuggestionProvider: com.google.android.gm.SuggestionsProvider
06-26 15:19:21.345   310   310 D wpa_supplicant: RTM_NEWLINK: operstate=1 ifi_flags=0x11043 ([UP][RUNNING][LOWER_UP])
06-26 15:19:21.345   310   310 D wpa_supplicant: RTM_NEWLINK, IFLA_IFNAME: Interface 'wlan0' added
06-26 15:19:21.345   310   310 D wpa_supplicant: Wireless event: cmd=0x8b19 len=8
06-26 15:19:21.345   310   310 D wpa_supplicant: Scan results did not fit - trying larger buffer (8192 bytes)
06-26 15:19:21.352   310   310 D wpa_supplicant: Received 4798 bytes of scan results (24 BSSes)
06-26 15:19:21.423   310   310 D wpa_supplicant: WPS: Building WPS IE for Probe Request
06-26 15:19:21.427   310   310 D wpa_supplicant: WPS:  * Version (hardcoded 0x10)
06-26 15:19:21.427   310   310 D wpa_supplicant: WPS:  * Request Type
06-26 15:19:21.427   310   310 D wpa_supplicant: WPS:  * Config Methods (2388)
06-26 15:19:21.427   310   310 D wpa_supplicant: WPS:  * UUID-E
06-26 15:19:21.427   310   310 D wpa_supplicant: WPS:  * Primary Device Type
06-26 15:19:21.427   310   310 D wpa_supplicant: WPS:  * RF Bands (3)
06-26 15:19:21.427   310   310 D wpa_supplicant: WPS:  * Association State
06-26 15:19:21.427   310   310 D wpa_supplicant: WPS:  * Configuration Error (0)
06-26 15:19:21.427   310   310 D wpa_supplicant: WPS:  * Device Password ID (0)
06-26 15:19:21.427   310   310 D wpa_supplicant: WPS:  * Manufacturer
06-26 15:19:21.427   310   310 D wpa_supplicant: WPS:  * Model Name
06-26 15:19:21.427   310   310 D wpa_supplicant: WPS:  * Model Number
06-26 15:19:21.427   310   310 D wpa_supplicant: WPS:  * Device Name
06-26 15:19:21.427   310   310 D wpa_supplicant: WPS:  * Version2 (0x20)
06-26 15:19:21.427   310   310 D wpa_supplicant: wpa_driver_wext_combo_scan: Start
06-26 15:19:21.427   310   310 D wpa_supplicant: For Scan: (null)
06-26 15:19:21.427   310   310 D wpa_supplicant: Scan requested (ret=0) - scan timeout 30 seconds
06-26 15:19:21.485 18078 18093 W Gmail   : No MailEngine for account: steven.y.ko@gmail.com
06-26 15:19:21.782   142   171 I ActivityManager: Start proc com.google.android.apps.plus for service com.google.android.apps.plus/.service.EsService: pid=18095 uid=10072 gids={3003, 3002, 1015, 1006}
06-26 15:19:21.938   142   376 I ActivityManager: Process com.google.android.apps.uploader (pid 17710) has died.
06-26 15:19:22.095 13061 13061 D OpenGLRenderer: Flushing caches (mode 2)
06-26 15:19:22.118 13061 13061 D OpenGLRenderer: Flushing caches (mode 0)
06-26 15:19:22.126 13061 13061 W ManagedEGLContext: doTerminate failed: EGL count is 2 but managed count is 1
06-26 15:19:22.169 18095 18098 D dalvikvm: GC_CONCURRENT freed 171K, 3% free 9365K/9607K, paused 11ms+2ms
06-26 15:19:22.231   142  2680 I ActivityManager: Process android.process.acore (pid 18049) has died.
06-26 15:19:22.337 18095 18095 I ActivityThread: Pub com.google.android.apps.plus.content.ApiProvider: com.google.android.apps.plus.content.EsApiProvider
06-26 15:19:22.372 18095 18095 I ActivityThread: Pub com.google.android.apps.plus.content.EsGooglePhotoProvider: com.google.android.picasasync.PicasaContentProvider
06-26 15:19:22.544 18095 18098 D dalvikvm: GC_CONCURRENT freed 485K, 6% free 9430K/9991K, paused 2ms+6ms
06-26 15:19:22.544 18095 18095 I ActivityThread: Pub com.google.android.apps.plus.content.EsPicasaStoreProvider: com.google.android.picasastore.PicasaPhotoContentProvider
06-26 15:19:22.575 18095 18095 I ActivityThread: Pub com.google.plus.platform: com.google.android.apps.plus.content.AdsProvider
06-26 15:19:22.579 18095 18095 I ActivityThread: Pub com.google.android.apps.plus.iu.EsGoogleIuProvider: com.google.android.apps.plus.iu.InstantUploadProvider
06-26 15:19:22.622 18095 18095 I ActivityThread: Pub com.google.android.apps.plus.content.EsProvider: com.google.android.apps.plus.content.EsProvider
06-26 15:19:22.724 18095 18098 D dalvikvm: GC_CONCURRENT freed 416K, 5% free 9604K/10055K, paused 8ms+9ms
06-26 15:19:22.778   142  3975 I ActivityManager: Start proc android.process.media for content provider com.android.providers.media/.MediaProvider: pid=18114 uid=10012 gids={1015, 1023, 1024, 2001, 3003, 3007}
06-26 15:19:22.841    80    80 D dalvikvm: GC_EXPLICIT freed 37K, 4% free 9031K/9347K, paused 5ms+10ms
06-26 15:19:22.856   310   310 D wpa_supplicant: RTM_NEWLINK: operstate=1 ifi_flags=0x11043 ([UP][RUNNING][LOWER_UP])
06-26 15:19:22.856   310   310 D wpa_supplicant: RTM_NEWLINK, IFLA_IFNAME: Interface 'wlan0' added
06-26 15:19:22.856   310   310 D wpa_supplicant: Wireless event: cmd=0x8b19 len=8
06-26 15:19:22.856   310   310 D wpa_supplicant: Scan results did not fit - trying larger buffer (8192 bytes)
06-26 15:19:22.860   310   310 D wpa_supplicant: Received 6388 bytes of scan results (33 BSSes)
06-26 15:19:22.872 18114 18114 I ActivityThread: Pub downloads: com.android.providers.downloads.DownloadProvider
06-26 15:19:22.938    80    80 D dalvikvm: GC_EXPLICIT freed <1K, 4% free 9031K/9347K, paused 4ms+5ms
06-26 15:19:22.946 18114 18114 I ActivityThread: Pub drm: com.android.providers.drm.DrmProvider
06-26 15:19:22.946 18114 18127 I DownloadManager: in removeSpuriousFiles
06-26 15:19:22.993    80    80 D dalvikvm: GC_EXPLICIT freed <1K, 4% free 9031K/9347K, paused 4ms+2ms
06-26 15:19:23.005 18114 18127 I DownloadManager: in removeSpuriousFiles, preserving file /mnt/sdcard/Download/Swype-Installer-2.apk
06-26 15:19:23.005 18114 18127 I DownloadManager: in removeSpuriousFiles, preserving file /mnt/sdcard/Download/manual_Gourmet_8ID.pdf
06-26 15:19:23.005 18114 18127 I DownloadManager: in removeSpuriousFiles, preserving file /data/data/com.android.providers.downloads/cache/metadata.json
06-26 15:19:23.005 18114 18127 I DownloadManager: deleting spurious file /cache/backup
06-26 15:19:23.016 18114 18114 I ActivityThread: Pub media: com.android.providers.media.MediaProvider
06-26 15:19:23.173   310   310 D wpa_supplicant: WPS: Building WPS IE for Probe Request
06-26 15:19:23.173   310   310 D wpa_supplicant: WPS:  * Version (hardcoded 0x10)
06-26 15:19:23.173   310   310 D wpa_supplicant: WPS:  * Request Type
06-26 15:19:23.173   310   310 D wpa_supplicant: WPS:  * Config Methods (2388)
06-26 15:19:23.173   310   310 D wpa_supplicant: WPS:  * UUID-E
06-26 15:19:23.173   310   310 D wpa_supplicant: WPS:  * Primary Device Type
06-26 15:19:23.173   310   310 D wpa_supplicant: WPS:  * RF Bands (3)
06-26 15:19:23.173   310   310 D wpa_supplicant: WPS:  * Association State
06-26 15:19:23.173   310   310 D wpa_supplicant: WPS:  * Configuration Error (0)
06-26 15:19:23.173   310   310 D wpa_supplicant: WPS:  * Device Password ID (0)
06-26 15:19:23.173   310   310 D wpa_supplicant: WPS:  * Manufacturer
06-26 15:19:23.173   310   310 D wpa_supplicant: WPS:  * Model Name
06-26 15:19:23.173   310   310 D wpa_supplicant: WPS:  * Model Number
06-26 15:19:23.173   310   310 D wpa_supplicant: WPS:  * Device Name
06-26 15:19:23.173   310   310 D wpa_supplicant: WPS:  * Version2 (0x20)
06-26 15:19:23.173   310   310 D wpa_supplicant: wpa_driver_wext_combo_scan: Start
06-26 15:19:23.173   310   310 D wpa_supplicant: For Scan: (null)
06-26 15:19:23.177   310   310 D wpa_supplicant: Scan requested (ret=0) - scan timeout 30 seconds
06-26 15:19:23.243 18114 18117 D dalvikvm: GC_CONCURRENT freed 373K, 5% free 9163K/9607K, paused 2ms+2ms
06-26 15:19:23.306   142   370 I ActivityManager: Process com.google.android.talk (pid 18034) has died.
06-26 15:19:23.403 18095 18110 D PicasaPhotoCP: set fsid first time:-1
06-26 15:19:23.520 18095 18098 D dalvikvm: GC_CONCURRENT freed 213K, 3% free 9953K/10247K, paused 5ms+4ms
06-26 15:19:23.661 18095 18098 D dalvikvm: GC_CONCURRENT freed 269K, 4% free 10121K/10503K, paused 1ms+3ms
06-26 15:19:23.684 18095 18113 D dalvikvm: GC_FOR_ALLOC freed 126K, 5% free 10249K/10759K, paused 22ms
06-26 15:19:23.696   142   390 I ActivityManager: Process com.android.calendar (pid 17979) has died.
06-26 15:19:23.868   142   145 D dalvikvm: GC_CONCURRENT freed 1842K, 23% free 18621K/24007K, paused 11ms+8ms
06-26 15:19:23.907 18095 18113 D dalvikvm: GC_FOR_ALLOC freed 373K, 6% free 10251K/10887K, paused 133ms
06-26 15:19:23.927 18095 18113 D dalvikvm: GC_FOR_ALLOC freed 126K, 5% free 10379K/10887K, paused 19ms
06-26 15:19:23.950 18095 18113 D dalvikvm: GC_FOR_ALLOC freed 369K, 6% free 10379K/11015K, paused 19ms
06-26 15:19:23.970 18095 18113 D dalvikvm: GC_FOR_ALLOC freed 126K, 5% free 10507K/11015K, paused 19ms
06-26 15:19:24.118 18095 18098 D dalvikvm: GC_CONCURRENT freed 341K, 4% free 10731K/11143K, paused 4ms+3ms
06-26 15:19:24.247   310   310 D wpa_supplicant: RTM_NEWLINK: operstate=1 ifi_flags=0x11043 ([UP][RUNNING][LOWER_UP])
06-26 15:19:24.247   310   310 D wpa_supplicant: RTM_NEWLINK, IFLA_IFNAME: Interface 'wlan0' added
06-26 15:19:24.247   310   310 D wpa_supplicant: Wireless event: cmd=0x8b19 len=8
06-26 15:19:24.247   310   310 D wpa_supplicant: Scan results did not fit - trying larger buffer (8192 bytes)
06-26 15:19:24.247   310   310 D wpa_supplicant: Received 5707 bytes of scan results (28 BSSes)
06-26 15:19:24.306 18095 18098 D dalvikvm: GC_CONCURRENT freed 133K, 2% free 11195K/11399K, paused 2ms+11ms
06-26 15:19:24.325   310   310 D wpa_supplicant: WPS: Building WPS IE for Probe Request
06-26 15:19:24.325   310   310 D wpa_supplicant: WPS:  * Version (hardcoded 0x10)
06-26 15:19:24.325   310   310 D wpa_supplicant: WPS:  * Request Type
06-26 15:19:24.325   310   310 D wpa_supplicant: WPS:  * Config Methods (2388)
06-26 15:19:24.325   310   310 D wpa_supplicant: WPS:  * UUID-E
06-26 15:19:24.325   310   310 D wpa_supplicant: WPS:  * Primary Device Type
06-26 15:19:24.325   310   310 D wpa_supplicant: WPS:  * RF Bands (3)
06-26 15:19:24.325   310   310 D wpa_supplicant: WPS:  * Association State
06-26 15:19:24.325   310   310 D wpa_supplicant: WPS:  * Configuration Error (0)
06-26 15:19:24.325   310   310 D wpa_supplicant: WPS:  * Device Password ID (0)
06-26 15:19:24.325   310   310 D wpa_supplicant: WPS:  * Manufacturer
06-26 15:19:24.325   310   310 D wpa_supplicant: WPS:  * Model Name
06-26 15:19:24.325   310   310 D wpa_supplicant: WPS:  * Model Number
06-26 15:19:24.325   310   310 D wpa_supplicant: WPS:  * Device Name
06-26 15:19:24.325   310   310 D wpa_supplicant: WPS:  * Version2 (0x20)
06-26 15:19:24.325   310   310 D wpa_supplicant: wpa_driver_wext_combo_scan: Start
06-26 15:19:24.325   310   310 D wpa_supplicant: For Scan: (null)
06-26 15:19:24.325   310   310 D wpa_supplicant: Scan requested (ret=0) - scan timeout 30 seconds
06-26 15:19:24.485 15747 15748 D dalvikvm: GC_CONCURRENT freed 147K, 3% free 10833K/11079K, paused 3ms+8ms
06-26 15:19:24.622 18095 18098 D dalvikvm: GC_CONCURRENT freed 433K, 5% free 11534K/12039K, paused 2ms+3ms
06-26 15:19:24.915   310   310 D wpa_supplicant: RTM_NEWLINK: operstate=1 ifi_flags=0x11043 ([UP][RUNNING][LOWER_UP])
06-26 15:19:24.915   310   310 D wpa_supplicant: RTM_NEWLINK, IFLA_IFNAME: Interface 'wlan0' added
06-26 15:19:24.915   310   310 D wpa_supplicant: Wireless event: cmd=0x8c00 len=20
06-26 15:19:24.919   310   310 D wpa_supplicant: RTM_NEWLINK: operstate=1 ifi_flags=0x11043 ([UP][RUNNING][LOWER_UP])
06-26 15:19:24.919   310   310 D wpa_supplicant: RTM_NEWLINK, IFLA_IFNAME: Interface 'wlan0' added
06-26 15:19:24.919   310   310 D wpa_supplicant: Wireless event: cmd=0x8c00 len=20
06-26 15:19:24.923   310   310 D wpa_supplicant: RTM_NEWLINK: operstate=1 ifi_flags=0x11043 ([UP][RUNNING][LOWER_UP])
06-26 15:19:24.923   310   310 D wpa_supplicant: RTM_NEWLINK, IFLA_IFNAME: Interface 'wlan0' added
06-26 15:19:24.923   310   310 D wpa_supplicant: Wireless event: cmd=0x8c00 len=20
06-26 15:19:24.927   310   310 D wpa_supplicant: RTM_NEWLINK: operstate=1 ifi_flags=0x11043 ([UP][RUNNING][LOWER_UP])
06-26 15:19:24.927   310   310 D wpa_supplicant: RTM_NEWLINK, IFLA_IFNAME: Interface 'wlan0' added
06-26 15:19:24.927   310   310 D wpa_supplicant: Wireless event: cmd=0x8c00 len=20
06-26 15:19:24.931   310   310 D wpa_supplicant: RTM_NEWLINK: operstate=1 ifi_flags=0x11043 ([UP][RUNNING][LOWER_UP])
06-26 15:19:24.931   310   310 D wpa_supplicant: RTM_NEWLINK, IFLA_IFNAME: Interface 'wlan0' added
06-26 15:19:24.931   310   310 D wpa_supplicant: Wireless event: cmd=0x8c00 len=20
06-26 15:19:24.934   310   310 D wpa_supplicant: RTM_NEWLINK: operstate=1 ifi_flags=0x11043 ([UP][RUNNING][LOWER_UP])
06-26 15:19:24.934   310   310 D wpa_supplicant: RTM_NEWLINK, IFLA_IFNAME: Interface 'wlan0' added
06-26 15:19:24.934   310   310 D wpa_supplicant: Wireless event: cmd=0x8c00 len=20
06-26 15:19:24.942   310   310 D wpa_supplicant: RTM_NEWLINK: operstate=1 ifi_flags=0x11043 ([UP][RUNNING][LOWER_UP])
06-26 15:19:24.942   310   310 D wpa_supplicant: RTM_NEWLINK, IFLA_IFNAME: Interface 'wlan0' added
06-26 15:19:24.942   310   310 D wpa_supplicant: Wireless event: cmd=0x8c00 len=20
06-26 15:19:24.946   310   310 D wpa_supplicant: RTM_NEWLINK: operstate=1 ifi_flags=0x11043 ([UP][RUNNING][LOWER_UP])
06-26 15:19:24.946   310   310 D wpa_supplicant: RTM_NEWLINK, IFLA_IFNAME: Interface 'wlan0' added
06-26 15:19:24.946   310   310 D wpa_supplicant: Wireless event: cmd=0x8c00 len=20
06-26 15:19:24.950   310   310 D wpa_supplicant: RTM_NEWLINK: operstate=1 ifi_flags=0x11043 ([UP][RUNNING][LOWER_UP])
06-26 15:19:24.950   310   310 D wpa_supplicant: RTM_NEWLINK, IFLA_IFNAME: Interface 'wlan0' added
06-26 15:19:24.950   310   310 D wpa_supplicant: Wireless event: cmd=0x8c00 len=20
06-26 15:19:24.954   310   310 D wpa_supplicant: RTM_NEWLINK: operstate=1 ifi_flags=0x11043 ([UP][RUNNING][LOWER_UP])
06-26 15:19:24.954   310   310 D wpa_supplicant: RTM_NEWLINK, IFLA_IFNAME: Interface 'wlan0' added
06-26 15:19:24.954   310   310 D wpa_supplicant: Wireless event: cmd=0x8c00 len=20
06-26 15:19:24.962   310   310 D wpa_supplicant: RTM_NEWLINK: operstate=1 ifi_flags=0x11043 ([UP][RUNNING][LOWER_UP])
06-26 15:19:24.962   310   310 D wpa_supplicant: RTM_NEWLINK, IFLA_IFNAME: Interface 'wlan0' added
06-26 15:19:24.962   310   310 D wpa_supplicant: Wireless event: cmd=0x8c00 len=20
06-26 15:19:24.966   310   310 D wpa_supplicant: RTM_NEWLINK: operstate=1 ifi_flags=0x11043 ([UP][RUNNING][LOWER_UP])
06-26 15:19:24.966   310   310 D wpa_supplicant: RTM_NEWLINK, IFLA_IFNAME: Interface 'wlan0' added
06-26 15:19:24.970   310   310 D wpa_supplicant: Wireless event: cmd=0x8c00 len=20
06-26 15:19:24.974   310   310 D wpa_supplicant: RTM_NEWLINK: operstate=1 ifi_flags=0x11043 ([UP][RUNNING][LOWER_UP])
06-26 15:19:24.974   310   310 D wpa_supplicant: RTM_NEWLINK, IFLA_IFNAME: Interface 'wlan0' added
06-26 15:19:24.974   310   310 D wpa_supplicant: Wireless event: cmd=0x8c00 len=20
06-26 15:19:24.977   310   310 D wpa_supplicant: RTM_NEWLINK: operstate=1 ifi_flags=0x11043 ([UP][RUNNING][LOWER_UP])
06-26 15:19:24.977   310   310 D wpa_supplicant: RTM_NEWLINK, IFLA_IFNAME: Interface 'wlan0' added
06-26 15:19:24.977   310   310 D wpa_supplicant: Wireless event: cmd=0x8c00 len=20
06-26 15:19:25.528   310   310 D wpa_supplicant: RTM_NEWLINK: operstate=1 ifi_flags=0x11043 ([UP][RUNNING][LOWER_UP])
06-26 15:19:25.532   310   310 D wpa_supplicant: RTM_NEWLINK, IFLA_IFNAME: Interface 'wlan0' added
06-26 15:19:25.532   310   310 D wpa_supplicant: Wireless event: cmd=0x8b19 len=8
06-26 15:19:25.532   310   310 D wpa_supplicant: Scan results did not fit - trying larger buffer (8192 bytes)
06-26 15:19:25.536   310   310 D wpa_supplicant: Received 4556 bytes of scan results (23 BSSes)
06-26 15:19:25.614   310   310 D wpa_supplicant: WPS: Building WPS IE for Probe Request
06-26 15:19:25.614   310   310 D wpa_supplicant: WPS:  * Version (hardcoded 0x10)
06-26 15:19:25.614   310   310 D wpa_supplicant: WPS:  * Request Type
06-26 15:19:25.614   310   310 D wpa_supplicant: WPS:  * Config Methods (2388)
06-26 15:19:25.614   310   310 D wpa_supplicant: WPS:  * UUID-E
06-26 15:19:25.614   310   310 D wpa_supplicant: WPS:  * Primary Device Type
06-26 15:19:25.614   310   310 D wpa_supplicant: WPS:  * RF Bands (3)
06-26 15:19:25.614   310   310 D wpa_supplicant: WPS:  * Association State
06-26 15:19:25.614   310   310 D wpa_supplicant: WPS:  * Configuration Error (0)
06-26 15:19:25.614   310   310 D wpa_supplicant: WPS:  * Device Password ID (0)
06-26 15:19:25.614   310   310 D wpa_supplicant: WPS:  * Manufacturer
06-26 15:19:25.614   310   310 D wpa_supplicant: WPS:  * Model Name
06-26 15:19:25.614   310   310 D wpa_supplicant: WPS:  * Model Number
06-26 15:19:25.614   310   310 D wpa_supplicant: WPS:  * Device Name
06-26 15:19:25.614   310   310 D wpa_supplicant: WPS:  * Version2 (0x20)
06-26 15:19:25.614   310   310 D wpa_supplicant: wpa_driver_wext_combo_scan: Start
06-26 15:19:25.614   310   310 D wpa_supplicant: For Scan: (null)
06-26 15:19:25.622   310   310 D wpa_supplicant: Scan requested (ret=0) - scan timeout 30 seconds
06-26 15:19:25.684   142   342 I ActivityManager: Process com.google.android.gm (pid 18078) has died.
06-26 15:19:27.485   310   310 D wpa_supplicant: RTM_NEWLINK: operstate=1 ifi_flags=0x11043 ([UP][RUNNING][LOWER_UP])
06-26 15:19:27.485   310   310 D wpa_supplicant: RTM_NEWLINK, IFLA_IFNAME: Interface 'wlan0' added
06-26 15:19:27.485   310   310 D wpa_supplicant: Wireless event: cmd=0x8b19 len=8
06-26 15:19:27.485   310   310 D wpa_supplicant: Scan results did not fit - trying larger buffer (8192 bytes)
06-26 15:19:27.501   310   310 D wpa_supplicant: Received 5263 bytes of scan results (27 BSSes)
06-26 15:19:27.591   310   310 D wpa_supplicant: WPS: Building WPS IE for Probe Request
06-26 15:19:27.591   310   310 D wpa_supplicant: WPS:  * Version (hardcoded 0x10)
06-26 15:19:27.591   310   310 D wpa_supplicant: WPS:  * Request Type
06-26 15:19:27.591   310   310 D wpa_supplicant: WPS:  * Config Methods (2388)
06-26 15:19:27.591   310   310 D wpa_supplicant: WPS:  * UUID-E
06-26 15:19:27.591   310   310 D wpa_supplicant: WPS:  * Primary Device Type
06-26 15:19:27.591   310   310 D wpa_supplicant: WPS:  * RF Bands (3)
06-26 15:19:27.591   310   310 D wpa_supplicant: WPS:  * Association State
06-26 15:19:27.591   310   310 D wpa_supplicant: WPS:  * Configuration Error (0)
06-26 15:19:27.591   310   310 D wpa_supplicant: WPS:  * Device Password ID (0)
06-26 15:19:27.591   310   310 D wpa_supplicant: WPS:  * Manufacturer
06-26 15:19:27.595   310   310 D wpa_supplicant: WPS:  * Model Name
06-26 15:19:27.595   310   310 D wpa_supplicant: WPS:  * Model Number
06-26 15:19:27.595   310   310 D wpa_supplicant: WPS:  * Device Name
06-26 15:19:27.595   310   310 D wpa_supplicant: WPS:  * Version2 (0x20)
06-26 15:19:27.595   310   310 D wpa_supplicant: wpa_driver_wext_combo_scan: Start
06-26 15:19:27.595   310   310 D wpa_supplicant: For Scan: (null)
06-26 15:19:27.595   310   310 D wpa_supplicant: Scan requested (ret=0) - scan timeout 30 seconds
06-26 15:19:27.696 15618 15620 D dalvikvm: GC_CONCURRENT freed 326K, 8% free 10325K/11143K, paused 17ms+5ms
06-26 15:19:28.774   310   310 D wpa_supplicant: RTM_NEWLINK: operstate=1 ifi_flags=0x11043 ([UP][RUNNING][LOWER_UP])
06-26 15:19:28.774   310   310 D wpa_supplicant: RTM_NEWLINK, IFLA_IFNAME: Interface 'wlan0' added
06-26 15:19:28.774   310   310 D wpa_supplicant: Wireless event: cmd=0x8b19 len=8
06-26 15:19:28.774   310   310 D wpa_supplicant: Scan results did not fit - trying larger buffer (8192 bytes)
06-26 15:19:28.774   310   310 D wpa_supplicant: Received 4032 bytes of scan results (21 BSSes)
06-26 15:19:28.829   310   310 D wpa_supplicant: WPS: Building WPS IE for Probe Request
06-26 15:19:28.829   310   310 D wpa_supplicant: WPS:  * Version (hardcoded 0x10)
06-26 15:19:28.829   310   310 D wpa_supplicant: WPS:  * Request Type
06-26 15:19:28.829   310   310 D wpa_supplicant: WPS:  * Config Methods (2388)
06-26 15:19:28.829   310   310 D wpa_supplicant: WPS:  * UUID-E
06-26 15:19:28.829   310   310 D wpa_supplicant: WPS:  * Primary Device Type
06-26 15:19:28.829   310   310 D wpa_supplicant: WPS:  * RF Bands (3)
06-26 15:19:28.829   310   310 D wpa_supplicant: WPS:  * Association State
06-26 15:19:28.829   310   310 D wpa_supplicant: WPS:  * Configuration Error (0)
06-26 15:19:28.829   310   310 D wpa_supplicant: WPS:  * Device Password ID (0)
06-26 15:19:28.829   310   310 D wpa_supplicant: WPS:  * Manufacturer
06-26 15:19:28.829   310   310 D wpa_supplicant: WPS:  * Model Name
06-26 15:19:28.829   310   310 D wpa_supplicant: WPS:  * Model Number
06-26 15:19:28.829   310   310 D wpa_supplicant: WPS:  * Device Name
06-26 15:19:28.829   310   310 D wpa_supplicant: WPS:  * Version2 (0x20)
06-26 15:19:28.829   310   310 D wpa_supplicant: wpa_driver_wext_combo_scan: Start
06-26 15:19:28.829   310   310 D wpa_supplicant: For Scan: (null)
06-26 15:19:28.833   310   310 D wpa_supplicant: Scan requested (ret=0) - scan timeout 30 seconds
06-26 15:19:28.927 15747 18134 D SCollector: mkdir: /data/data/com.google.android.apps.maps/cache/nlp_s/1340738368929-682809
06-26 15:19:29.106 15747 15748 D dalvikvm: GC_CONCURRENT freed 351K, 4% free 11092K/11527K, paused 11ms+4ms
06-26 15:19:29.204 15747 15753 I dalvikvm: Total arena pages for JIT: 11
06-26 15:19:29.208 15747 15753 I dalvikvm: Total arena pages for JIT: 12
06-26 15:19:29.208 15747 15753 I dalvikvm: Total arena pages for JIT: 13
06-26 15:19:29.208 15747 15753 I dalvikvm: Total arena pages for JIT: 14
06-26 15:19:29.208 15747 15753 I dalvikvm: Total arena pages for JIT: 15
06-26 15:19:29.212 15747 15753 I dalvikvm: Total arena pages for JIT: 16
06-26 15:19:29.212 15747 15753 I dalvikvm: Total arena pages for JIT: 17
06-26 15:19:29.239 15747 15753 I dalvikvm: Total arena pages for JIT: 18
06-26 15:19:29.270 15747 18134 D SCollector: SeqNum #1 written to file: /data/data/com.google.android.apps.maps/cache/nlp_s/1340738368929-682809/1
06-26 15:19:29.923   310   310 D wpa_supplicant: RTM_NEWLINK: operstate=1 ifi_flags=0x11043 ([UP][RUNNING][LOWER_UP])
06-26 15:19:29.923   310   310 D wpa_supplicant: RTM_NEWLINK, IFLA_IFNAME: Interface 'wlan0' added
06-26 15:19:29.923   310   310 D wpa_supplicant: Wireless event: cmd=0x8b19 len=8
06-26 15:19:29.934   310   310 D wpa_supplicant: Scan results did not fit - trying larger buffer (8192 bytes)
06-26 15:19:29.950   310   310 D wpa_supplicant: Received 5437 bytes of scan results (27 BSSes)
06-26 15:19:30.005   310   310 D wpa_supplicant: WPS: Building WPS IE for Probe Request
06-26 15:19:30.005   310   310 D wpa_supplicant: WPS:  * Version (hardcoded 0x10)
06-26 15:19:30.005   310   310 D wpa_supplicant: WPS:  * Request Type
06-26 15:19:30.005   310   310 D wpa_supplicant: WPS:  * Config Methods (2388)
06-26 15:19:30.005   310   310 D wpa_supplicant: WPS:  * UUID-E
06-26 15:19:30.005   310   310 D wpa_supplicant: WPS:  * Primary Device Type
06-26 15:19:30.005   310   310 D wpa_supplicant: WPS:  * RF Bands (3)
06-26 15:19:30.005   310   310 D wpa_supplicant: WPS:  * Association State
06-26 15:19:30.005   310   310 D wpa_supplicant: WPS:  * Configuration Error (0)
06-26 15:19:30.005   310   310 D wpa_supplicant: WPS:  * Device Password ID (0)
06-26 15:19:30.005   310   310 D wpa_supplicant: WPS:  * Manufacturer
06-26 15:19:30.005   310   310 D wpa_supplicant: WPS:  * Model Name
06-26 15:19:30.005   310   310 D wpa_supplicant: WPS:  * Model Number
06-26 15:19:30.005   310   310 D wpa_supplicant: WPS:  * Device Name
06-26 15:19:30.005   310   310 D wpa_supplicant: WPS:  * Version2 (0x20)
06-26 15:19:30.005   310   310 D wpa_supplicant: wpa_driver_wext_combo_scan: Start
06-26 15:19:30.005   310   310 D wpa_supplicant: For Scan: (null)
06-26 15:19:30.009   310   310 D wpa_supplicant: Scan requested (ret=0) - scan timeout 30 seconds
06-26 15:19:31.099   310   310 D wpa_supplicant: RTM_NEWLINK: operstate=1 ifi_flags=0x11043 ([UP][RUNNING][LOWER_UP])
06-26 15:19:31.099   310   310 D wpa_supplicant: RTM_NEWLINK, IFLA_IFNAME: Interface 'wlan0' added
06-26 15:19:31.099   310   310 D wpa_supplicant: Wireless event: cmd=0x8b19 len=8
06-26 15:19:31.099   310   310 D wpa_supplicant: Scan results did not fit - trying larger buffer (8192 bytes)
06-26 15:19:31.118   310   310 D wpa_supplicant: Received 5554 bytes of scan results (30 BSSes)
06-26 15:19:31.220   310   310 D wpa_supplicant: WPS: Building WPS IE for Probe Request
06-26 15:19:31.220   310   310 D wpa_supplicant: WPS:  * Version (hardcoded 0x10)
06-26 15:19:31.220   310   310 D wpa_supplicant: WPS:  * Request Type
06-26 15:19:31.220   310   310 D wpa_supplicant: WPS:  * Config Methods (2388)
06-26 15:19:31.220   310   310 D wpa_supplicant: WPS:  * UUID-E
06-26 15:19:31.220   310   310 D wpa_supplicant: WPS:  * Primary Device Type
06-26 15:19:31.220   310   310 D wpa_supplicant: WPS:  * RF Bands (3)
06-26 15:19:31.220   310   310 D wpa_supplicant: WPS:  * Association State
06-26 15:19:31.220   310   310 D wpa_supplicant: WPS:  * Configuration Error (0)
06-26 15:19:31.220   310   310 D wpa_supplicant: WPS:  * Device Password ID (0)
06-26 15:19:31.220   310   310 D wpa_supplicant: WPS:  * Manufacturer
06-26 15:19:31.220   310   310 D wpa_supplicant: WPS:  * Model Name
06-26 15:19:31.220   310   310 D wpa_supplicant: WPS:  * Model Number
06-26 15:19:31.220   310   310 D wpa_supplicant: WPS:  * Device Name
06-26 15:19:31.220   310   310 D wpa_supplicant: WPS:  * Version2 (0x20)
06-26 15:19:31.220   310   310 D wpa_supplicant: wpa_driver_wext_combo_scan: Start
06-26 15:19:31.220   310   310 D wpa_supplicant: For Scan: (null)
06-26 15:19:31.220   310   310 D wpa_supplicant: Scan requested (ret=0) - scan timeout 30 seconds
06-26 15:19:31.274 15747 15748 D dalvikvm: GC_CONCURRENT freed 1065K, 11% free 10711K/11911K, paused 10ms+4ms
06-26 15:19:31.813   142   342 I ActivityManager: Process com.google.android.apps.plus (pid 18095) has died.
06-26 15:19:32.294   310   310 D wpa_supplicant: RTM_NEWLINK: operstate=1 ifi_flags=0x11043 ([UP][RUNNING][LOWER_UP])
06-26 15:19:32.294   310   310 D wpa_supplicant: RTM_NEWLINK, IFLA_IFNAME: Interface 'wlan0' added
06-26 15:19:32.294   310   310 D wpa_supplicant: Wireless event: cmd=0x8b19 len=8
06-26 15:19:32.294   310   310 D wpa_supplicant: Scan results did not fit - trying larger buffer (8192 bytes)
06-26 15:19:32.294   310   310 D wpa_supplicant: Received 6223 bytes of scan results (32 BSSes)
06-26 15:19:32.380   310   310 D wpa_supplicant: WPS: Building WPS IE for Probe Request
06-26 15:19:32.380   310   310 D wpa_supplicant: WPS:  * Version (hardcoded 0x10)
06-26 15:19:32.380   310   310 D wpa_supplicant: WPS:  * Request Type
06-26 15:19:32.380   310   310 D wpa_supplicant: WPS:  * Config Methods (2388)
06-26 15:19:32.380   310   310 D wpa_supplicant: WPS:  * UUID-E
06-26 15:19:32.380   310   310 D wpa_supplicant: WPS:  * Primary Device Type
06-26 15:19:32.380   310   310 D wpa_supplicant: WPS:  * RF Bands (3)
06-26 15:19:32.380   310   310 D wpa_supplicant: WPS:  * Association State
06-26 15:19:32.380   310   310 D wpa_supplicant: WPS:  * Configuration Error (0)
06-26 15:19:32.380   310   310 D wpa_supplicant: WPS:  * Device Password ID (0)
06-26 15:19:32.380   310   310 D wpa_supplicant: WPS:  * Manufacturer
06-26 15:19:32.380   310   310 D wpa_supplicant: WPS:  * Model Name
06-26 15:19:32.380   310   310 D wpa_supplicant: WPS:  * Model Number
06-26 15:19:32.380   310   310 D wpa_supplicant: WPS:  * Device Name
06-26 15:19:32.380   310   310 D wpa_supplicant: WPS:  * Version2 (0x20)
06-26 15:19:32.380   310   310 D wpa_supplicant: wpa_driver_wext_combo_scan: Start
06-26 15:19:32.380   310   310 D wpa_supplicant: For Scan: (null)
06-26 15:19:32.380   310   310 D wpa_supplicant: Scan requested (ret=0) - scan timeout 30 seconds
06-26 15:19:33.454   310   310 D wpa_supplicant: RTM_NEWLINK: operstate=1 ifi_flags=0x11043 ([UP][RUNNING][LOWER_UP])
06-26 15:19:33.454   310   310 D wpa_supplicant: RTM_NEWLINK, IFLA_IFNAME: Interface 'wlan0' added
06-26 15:19:33.454   310   310 D wpa_supplicant: Wireless event: cmd=0x8b19 len=8
06-26 15:19:33.462   310   310 D wpa_supplicant: Scan results did not fit - trying larger buffer (8192 bytes)
06-26 15:19:33.474   310   310 D wpa_supplicant: Received 6030 bytes of scan results (31 BSSes)
06-26 15:19:33.552   310   310 D wpa_supplicant: WPS: Building WPS IE for Probe Request
06-26 15:19:33.552   310   310 D wpa_supplicant: WPS:  * Version (hardcoded 0x10)
06-26 15:19:33.552   310   310 D wpa_supplicant: WPS:  * Request Type
06-26 15:19:33.552   310   310 D wpa_supplicant: WPS:  * Config Methods (2388)
06-26 15:19:33.552   310   310 D wpa_supplicant: WPS:  * UUID-E
06-26 15:19:33.552   310   310 D wpa_supplicant: WPS:  * Primary Device Type
06-26 15:19:33.552   310   310 D wpa_supplicant: WPS:  * RF Bands (3)
06-26 15:19:33.552   310   310 D wpa_supplicant: WPS:  * Association State
06-26 15:19:33.552   310   310 D wpa_supplicant: WPS:  * Configuration Error (0)
06-26 15:19:33.552   310   310 D wpa_supplicant: WPS:  * Device Password ID (0)
06-26 15:19:33.552   310   310 D wpa_supplicant: WPS:  * Manufacturer
06-26 15:19:33.552   310   310 D wpa_supplicant: WPS:  * Model Name
06-26 15:19:33.552   310   310 D wpa_supplicant: WPS:  * Model Number
06-26 15:19:33.552   310   310 D wpa_supplicant: WPS:  * Device Name
06-26 15:19:33.552   310   310 D wpa_supplicant: WPS:  * Version2 (0x20)
06-26 15:19:33.552   310   310 D wpa_supplicant: wpa_driver_wext_combo_scan: Start
06-26 15:19:33.552   310   310 D wpa_supplicant: For Scan: (null)
06-26 15:19:33.556   310   310 D wpa_supplicant: Scan requested (ret=0) - scan timeout 30 seconds
06-26 15:19:34.622   310   310 D wpa_supplicant: RTM_NEWLINK: operstate=1 ifi_flags=0x11043 ([UP][RUNNING][LOWER_UP])
06-26 15:19:34.622   310   310 D wpa_supplicant: RTM_NEWLINK, IFLA_IFNAME: Interface 'wlan0' added
06-26 15:19:34.622   310   310 D wpa_supplicant: Wireless event: cmd=0x8b19 len=8
06-26 15:19:34.622   310   310 D wpa_supplicant: Scan results did not fit - trying larger buffer (8192 bytes)
06-26 15:19:34.626   310   310 D wpa_supplicant: Received 5614 bytes of scan results (29 BSSes)
06-26 15:19:34.724   310   310 D wpa_supplicant: WPS: Building WPS IE for Probe Request
06-26 15:19:34.724   310   310 D wpa_supplicant: WPS:  * Version (hardcoded 0x10)
06-26 15:19:34.724   310   310 D wpa_supplicant: WPS:  * Request Type
06-26 15:19:34.724   310   310 D wpa_supplicant: WPS:  * Config Methods (2388)
06-26 15:19:34.724   310   310 D wpa_supplicant: WPS:  * UUID-E
06-26 15:19:34.724   310   310 D wpa_supplicant: WPS:  * Primary Device Type
06-26 15:19:34.724   310   310 D wpa_supplicant: WPS:  * RF Bands (3)
06-26 15:19:34.724   310   310 D wpa_supplicant: WPS:  * Association State
06-26 15:19:34.724   310   310 D wpa_supplicant: WPS:  * Configuration Error (0)
06-26 15:19:34.724   310   310 D wpa_supplicant: WPS:  * Device Password ID (0)
06-26 15:19:34.724   310   310 D wpa_supplicant: WPS:  * Manufacturer
06-26 15:19:34.724   310   310 D wpa_supplicant: WPS:  * Model Name
06-26 15:19:34.724   310   310 D wpa_supplicant: WPS:  * Model Number
06-26 15:19:34.724   310   310 D wpa_supplicant: WPS:  * Device Name
06-26 15:19:34.724   310   310 D wpa_supplicant: WPS:  * Version2 (0x20)
06-26 15:19:34.724   310   310 D wpa_supplicant: wpa_driver_wext_combo_scan: Start
06-26 15:19:34.724   310   310 D wpa_supplicant: For Scan: (null)
06-26 15:19:34.724   310   310 D wpa_supplicant: Scan requested (ret=0) - scan timeout 30 seconds
06-26 15:19:35.102 15747 15748 D dalvikvm: GC_CONCURRENT freed 217K, 9% free 10934K/11911K, paused 73ms+5ms
06-26 15:19:35.790   310   310 D wpa_supplicant: RTM_NEWLINK: operstate=1 ifi_flags=0x11043 ([UP][RUNNING][LOWER_UP])
06-26 15:19:35.790   310   310 D wpa_supplicant: RTM_NEWLINK, IFLA_IFNAME: Interface 'wlan0' added
06-26 15:19:35.790   310   310 D wpa_supplicant: Wireless event: cmd=0x8b19 len=8
06-26 15:19:35.798   310   310 D wpa_supplicant: Scan results did not fit - trying larger buffer (8192 bytes)
06-26 15:19:35.825   310   310 D wpa_supplicant: Received 5908 bytes of scan results (30 BSSes)
06-26 15:19:35.880   310   310 D wpa_supplicant: WPS: Building WPS IE for Probe Request
06-26 15:19:35.880   310   310 D wpa_supplicant: WPS:  * Version (hardcoded 0x10)
06-26 15:19:35.880   310   310 D wpa_supplicant: WPS:  * Request Type
06-26 15:19:35.880   310   310 D wpa_supplicant: WPS:  * Config Methods (2388)
06-26 15:19:35.880   310   310 D wpa_supplicant: WPS:  * UUID-E
06-26 15:19:35.880   310   310 D wpa_supplicant: WPS:  * Primary Device Type
06-26 15:19:35.880   310   310 D wpa_supplicant: WPS:  * RF Bands (3)
06-26 15:19:35.880   310   310 D wpa_supplicant: WPS:  * Association State
06-26 15:19:35.880   310   310 D wpa_supplicant: WPS:  * Configuration Error (0)
06-26 15:19:35.880   310   310 D wpa_supplicant: WPS:  * Device Password ID (0)
06-26 15:19:35.880   310   310 D wpa_supplicant: WPS:  * Manufacturer
06-26 15:19:35.880   310   310 D wpa_supplicant: WPS:  * Model Name
06-26 15:19:35.880   310   310 D wpa_supplicant: WPS:  * Model Number
06-26 15:19:35.880   310   310 D wpa_supplicant: WPS:  * Device Name
06-26 15:19:35.880   310   310 D wpa_supplicant: WPS:  * Version2 (0x20)
06-26 15:19:35.880   310   310 D wpa_supplicant: wpa_driver_wext_combo_scan: Start
06-26 15:19:35.880   310   310 D wpa_supplicant: For Scan: (null)
06-26 15:19:35.880   310   310 D wpa_supplicant: Scan requested (ret=0) - scan timeout 30 seconds
06-26 15:19:36.899   142   159 I ActivityManager: Start proc com.google.android.apps.plus for broadcast com.google.android.apps.plus/.service.CameraMonitor: pid=18135 uid=10072 gids={3003, 3002, 1015, 1006}
06-26 15:19:36.958   310   310 D wpa_supplicant: RTM_NEWLINK: operstate=1 ifi_flags=0x11043 ([UP][RUNNING][LOWER_UP])
06-26 15:19:36.958   310   310 D wpa_supplicant: RTM_NEWLINK, IFLA_IFNAME: Interface 'wlan0' added
06-26 15:19:36.958   310   310 D wpa_supplicant: Wireless event: cmd=0x8b19 len=8
06-26 15:19:36.958   310   310 D wpa_supplicant: Scan results did not fit - trying larger buffer (8192 bytes)
06-26 15:19:36.958   310   310 D wpa_supplicant: Received 6286 bytes of scan results (34 BSSes)
06-26 15:19:37.079 18135 18137 D dalvikvm: GC_CONCURRENT freed 149K, 3% free 9387K/9607K, paused 5ms+2ms
06-26 15:19:37.091 18135 18135 I ActivityThread: Pub com.google.android.apps.plus.content.ApiProvider: com.google.android.apps.plus.content.EsApiProvider
06-26 15:19:37.099 18135 18135 I ActivityThread: Pub com.google.android.apps.plus.content.EsGooglePhotoProvider: com.google.android.picasasync.PicasaContentProvider
06-26 15:19:37.169 18135 18135 I ActivityThread: Pub com.google.android.apps.plus.content.EsPicasaStoreProvider: com.google.android.picasastore.PicasaPhotoContentProvider
06-26 15:19:37.177 18135 18137 D dalvikvm: GC_CONCURRENT freed 481K, 6% free 9434K/9991K, paused 2ms+3ms
06-26 15:19:37.196 18135 18135 I ActivityThread: Pub com.google.plus.platform: com.google.android.apps.plus.content.AdsProvider
06-26 15:19:37.196 18135 18135 I ActivityThread: Pub com.google.android.apps.plus.iu.EsGoogleIuProvider: com.google.android.apps.plus.iu.InstantUploadProvider
06-26 15:19:37.220 18135 18135 I ActivityThread: Pub com.google.android.apps.plus.content.EsProvider: com.google.android.apps.plus.content.EsProvider
06-26 15:19:37.231   310   310 D wpa_supplicant: WPS: Building WPS IE for Probe Request
06-26 15:19:37.231   310   310 D wpa_supplicant: WPS:  * Version (hardcoded 0x10)
06-26 15:19:37.231   310   310 D wpa_supplicant: WPS:  * Request Type
06-26 15:19:37.231   310   310 D wpa_supplicant: WPS:  * Config Methods (2388)
06-26 15:19:37.231   310   310 D wpa_supplicant: WPS:  * UUID-E
06-26 15:19:37.231   310   310 D wpa_supplicant: WPS:  * Primary Device Type
06-26 15:19:37.231   310   310 D wpa_supplicant: WPS:  * RF Bands (3)
06-26 15:19:37.231   310   310 D wpa_supplicant: WPS:  * Association State
06-26 15:19:37.231   310   310 D wpa_supplicant: WPS:  * Configuration Error (0)
06-26 15:19:37.231   310   310 D wpa_supplicant: WPS:  * Device Password ID (0)
06-26 15:19:37.231   310   310 D wpa_supplicant: WPS:  * Manufacturer
06-26 15:19:37.231   310   310 D wpa_supplicant: WPS:  * Model Name
06-26 15:19:37.231   310   310 D wpa_supplicant: WPS:  * Model Number
06-26 15:19:37.231   310   310 D wpa_supplicant: WPS:  * Device Name
06-26 15:19:37.231   310   310 D wpa_supplicant: WPS:  * Version2 (0x20)
06-26 15:19:37.231   310   310 D wpa_supplicant: wpa_driver_wext_combo_scan: Start
06-26 15:19:37.231   310   310 D wpa_supplicant: For Scan: (null)
06-26 15:19:37.231   310   310 D wpa_supplicant: Scan requested (ret=0) - scan timeout 30 seconds
06-26 15:19:37.270 18135 18137 D dalvikvm: GC_CONCURRENT freed 411K, 5% free 9559K/10055K, paused 2ms+2ms
06-26 15:19:37.352 18135 18150 D PicasaPhotoCP: set fsid first time:-1
06-26 15:19:37.419 18135 18137 D dalvikvm: GC_CONCURRENT freed 159K, 3% free 9828K/10119K, paused 2ms+2ms
06-26 15:19:37.528   142   390 D dalvikvm: GC_EXPLICIT freed 921K, 23% free 18580K/24007K, paused 3ms+11ms
06-26 15:19:37.626 18135 18137 D dalvikvm: GC_CONCURRENT freed 258K, 4% free 10059K/10439K, paused 2ms+2ms
06-26 15:19:37.649 18135 18152 D dalvikvm: GC_FOR_ALLOC freed 188K, 5% free 10251K/10695K, paused 19ms
06-26 15:19:37.684 18135 18152 D dalvikvm: GC_FOR_ALLOC freed 373K, 6% free 10252K/10823K, paused 19ms
06-26 15:19:37.704 18135 18152 D dalvikvm: GC_FOR_ALLOC freed 126K, 5% free 10380K/10823K, paused 19ms
06-26 15:19:37.731 18135 18152 D dalvikvm: GC_FOR_ALLOC freed 369K, 6% free 10380K/10951K, paused 19ms
06-26 15:19:37.751 18135 18152 D dalvikvm: GC_FOR_ALLOC freed 126K, 5% free 10508K/10951K, paused 19ms
06-26 15:19:37.876 18135 18137 D dalvikvm: GC_CONCURRENT freed 338K, 4% free 10716K/11143K, paused 2ms+2ms
06-26 15:19:38.040 18135 18137 D dalvikvm: GC_CONCURRENT freed 129K, 2% free 11180K/11399K, paused 1ms+3ms
06-26 15:19:38.224 18135 18137 D dalvikvm: GC_CONCURRENT freed 423K, 5% free 11481K/11975K, paused 3ms+3ms
06-26 15:19:38.286   310   310 D wpa_supplicant: RTM_NEWLINK: operstate=1 ifi_flags=0x11043 ([UP][RUNNING][LOWER_UP])
06-26 15:19:38.286   310   310 D wpa_supplicant: RTM_NEWLINK, IFLA_IFNAME: Interface 'wlan0' added
06-26 15:19:38.286   310   310 D wpa_supplicant: Wireless event: cmd=0x8b19 len=8
06-26 15:19:38.286   310   310 D wpa_supplicant: Scan results did not fit - trying larger buffer (8192 bytes)
06-26 15:19:38.286   310   310 D wpa_supplicant: Received 6190 bytes of scan results (32 BSSes)
06-26 15:19:38.356   310   310 D wpa_supplicant: WPS: Building WPS IE for Probe Request
06-26 15:19:38.356   310   310 D wpa_supplicant: WPS:  * Version (hardcoded 0x10)
06-26 15:19:38.356   310   310 D wpa_supplicant: WPS:  * Request Type
06-26 15:19:38.356   310   310 D wpa_supplicant: WPS:  * Config Methods (2388)
06-26 15:19:38.356   310   310 D wpa_supplicant: WPS:  * UUID-E
06-26 15:19:38.356   310   310 D wpa_supplicant: WPS:  * Primary Device Type
06-26 15:19:38.356   310   310 D wpa_supplicant: WPS:  * RF Bands (3)
06-26 15:19:38.356   310   310 D wpa_supplicant: WPS:  * Association State
06-26 15:19:38.356   310   310 D wpa_supplicant: WPS:  * Configuration Error (0)
06-26 15:19:38.356   310   310 D wpa_supplicant: WPS:  * Device Password ID (0)
06-26 15:19:38.356   310   310 D wpa_supplicant: WPS:  * Manufacturer
06-26 15:19:38.356   310   310 D wpa_supplicant: WPS:  * Model Name
06-26 15:19:38.356   310   310 D wpa_supplicant: WPS:  * Model Number
06-26 15:19:38.356   310   310 D wpa_supplicant: WPS:  * Device Name
06-26 15:19:38.356   310   310 D wpa_supplicant: WPS:  * Version2 (0x20)
06-26 15:19:38.356   310   310 D wpa_supplicant: wpa_driver_wext_combo_scan: Start
06-26 15:19:38.356   310   310 D wpa_supplicant: For Scan: (null)
06-26 15:19:38.356   310   310 D wpa_supplicant: Scan requested (ret=0) - scan timeout 30 seconds
06-26 15:19:38.493 15747 15748 D dalvikvm: GC_CONCURRENT freed 398K, 7% free 11158K/11911K, paused 2ms+8ms
06-26 15:19:38.653 15747 18134 D SCollector: SeqNum #2 written to file: /data/data/com.google.android.apps.maps/cache/nlp_s/1340738368929-682809/1
06-26 15:19:38.743 18135 18137 D dalvikvm: GC_CONCURRENT freed 659K, 7% free 11600K/12359K, paused 6ms+4ms
06-26 15:19:38.770   310   310 D wpa_supplicant: RTM_NEWLINK: operstate=1 ifi_flags=0x11043 ([UP][RUNNING][LOWER_UP])
06-26 15:19:38.770   310   310 D wpa_supplicant: RTM_NEWLINK, IFLA_IFNAME: Interface 'wlan0' added
06-26 15:19:38.770   310   310 D wpa_supplicant: Wireless event: cmd=0x8b15 len=20
06-26 15:19:38.770   310   310 D wpa_supplicant: Wireless event: new AP: 00:00:00:00:00:00
06-26 15:19:38.770   310   310 D wpa_supplicant: Added BSSID d0:c2:82:2d:e6:d0 into blacklist
06-26 15:19:38.770   310   310 D wpa_supplicant: BSSID d0:c2:82:2d:e6:d0 blacklist count incremented to 2
06-26 15:19:38.774   310   310 I wpa_supplicant: wlan0: CTRL-EVENT-DISCONNECTED bssid=d0:c2:82:2d:e6:d0 reason=0
06-26 15:19:38.774   310   310 D wpa_supplicant: wpa_driver_wext_set_key: alg=0 key_idx=0 set_tx=0 seq_len=0 key_len=0
06-26 15:19:38.774    76   113 D CommandListener: Clearing all IP addresses on wlan0
06-26 15:19:38.774   310   310 D wpa_supplicant: wpa_driver_wext_set_key: alg=0 key_idx=1 set_tx=0 seq_len=0 key_len=0
06-26 15:19:38.774   310   310 D wpa_supplicant: wpa_driver_wext_set_key: alg=0 key_idx=2 set_tx=0 seq_len=0 key_len=0
06-26 15:19:38.778   310   310 D wpa_supplicant: wpa_driver_wext_set_key: alg=0 key_idx=3 set_tx=0 seq_len=0 key_len=0
06-26 15:19:38.778   310   310 D wpa_supplicant: wpa_driver_wext_set_key: alg=0 key_idx=0 set_tx=0 seq_len=0 key_len=0
06-26 15:19:38.778   310   310 D wpa_supplicant: wpa_driver_wext_set_operstate: operstate 1->0 (DORMANT)
06-26 15:19:38.778   310   310 D wpa_supplicant: netlink: Operstate: linkmode=-1, operstate=5
06-26 15:19:38.782   310   310 D wpa_supplicant: EAPOL: External notification - portEnabled=0
06-26 15:19:38.782   310   310 D wpa_supplicant: EAPOL: SUPP_PAE entering state DISCONNECTED
06-26 15:19:38.782   310   310 D wpa_supplicant: EAPOL: Supplicant port status: Unauthorized
06-26 15:19:38.782   310   310 D wpa_supplicant: EAPOL: SUPP_BE entering state INITIALIZE
06-26 15:19:38.782   310   310 D wpa_supplicant: EAP: EAP entering state DISABLED
06-26 15:19:38.782   310   310 D wpa_supplicant: EAPOL: Supplicant port status: Unauthorized
06-26 15:19:38.782   310   310 D wpa_supplicant: EAPOL: External notification - portValid=0
06-26 15:19:38.782   310   310 D wpa_supplicant: EAPOL: Supplicant port status: Unauthorized
06-26 15:19:38.782   310   310 D wpa_supplicant: RTM_NEWLINK: operstate=0 ifi_flags=0x11043 ([UP][RUNNING][LOWER_UP])
06-26 15:19:38.782   310   310 D wpa_supplicant: RTM_NEWLINK, IFLA_IFNAME: Interface 'wlan0' added
06-26 15:19:38.782   310   310 D wpa_supplicant: Wireless event: cmd=0x8b19 len=8
06-26 15:19:38.782   310   310 D wpa_supplicant: Received 2955 bytes of scan results (16 BSSes)
06-26 15:19:38.782   310   310 D wpa_supplicant: wlan0: Request association: reassociate: 0  selected: d0:c2:82:66:6f:40  bssid: 00:00:00:00:00:00  pending: 00:00:00:00:00:00  wpa_state: DISCONNECTED
06-26 15:19:38.786   310   310 I wpa_supplicant: wlan0: Trying to associate with d0:c2:82:66:6f:40 (SSID='UB_Secure' freq=2462 MHz)
06-26 15:19:38.786   310   310 D wpa_supplicant: RSN: Trying to use cached PMKSA
06-26 15:19:38.786   310   310 D wpa_supplicant: wpa_driver_wext_set_operstate: operstate 0->0 (DORMANT)
06-26 15:19:38.786   310   310 D wpa_supplicant: netlink: Operstate: linkmode=-1, operstate=5
06-26 15:19:38.786   310   310 D wpa_supplicant: wpa_driver_wext_associate
06-26 15:19:38.786   310   310 D wpa_supplicant: wpa_driver_wext_set_drop_unencrypted
06-26 15:19:38.790   310   310 D wpa_supplicant: wpa_driver_wext_set_psk
06-26 15:19:38.790   310   310 D wpa_supplicant: EAPOL: External notification - EAP success=0
06-26 15:19:38.790   310   310 D wpa_supplicant: EAPOL: Supplicant port status: Unauthorized
06-26 15:19:38.790   310   310 D wpa_supplicant: EAPOL: External notification - EAP fail=0
06-26 15:19:38.790   310   310 D wpa_supplicant: EAPOL: Supplicant port status: Unauthorized
06-26 15:19:38.790   310   310 D wpa_supplicant: EAPOL: External notification - portControl=Auto
06-26 15:19:38.790   310   310 D wpa_supplicant: EAPOL: Supplicant port status: Unauthorized
06-26 15:19:38.790   310   310 D wpa_supplicant: RSN: Ignored PMKID candidate without preauth flag
06-26 15:19:38.790   310   310 D wpa_supplicant: RSN: Ignored PMKID candidate without preauth flag
06-26 15:19:38.790   310   310 D wpa_supplicant: RSN: Ignored PMKID candidate without preauth flag
06-26 15:19:38.790   310   310 D wpa_supplicant: RSN: Ignored PMKID candidate without preauth flag
06-26 15:19:38.790   310   310 D wpa_supplicant: RTM_NEWLINK: operstate=0 ifi_flags=0x11003 ([UP][LOWER_UP])
06-26 15:19:38.790   310   310 D wpa_supplicant: RTM_NEWLINK, IFLA_IFNAME: Interface 'wlan0' added
06-26 15:19:38.794   310   310 D wpa_supplicant: RTM_NEWLINK: operstate=0 ifi_flags=0x11003 ([UP][LOWER_UP])
06-26 15:19:38.794   310   310 D wpa_supplicant: RTM_NEWLINK, IFLA_IFNAME: Interface 'wlan0' added
06-26 15:19:38.794   310   310 D wpa_supplicant: Wireless event: cmd=0x8b06 len=8
06-26 15:19:38.794   310   310 D wpa_supplicant: RTM_NEWLINK: operstate=0 ifi_flags=0x11003 ([UP][LOWER_UP])
06-26 15:19:38.794   310   310 D wpa_supplicant: RTM_NEWLINK, IFLA_IFNAME: Interface 'wlan0' added
06-26 15:19:38.794   310   310 D wpa_supplicant: Wireless event: cmd=0x8b04 len=12
06-26 15:19:38.794   310   310 D wpa_supplicant: RTM_NEWLINK: operstate=0 ifi_flags=0x11003 ([UP][LOWER_UP])
06-26 15:19:38.794   310   310 D wpa_supplicant: RTM_NEWLINK, IFLA_IFNAME: Interface 'wlan0' added
06-26 15:19:38.794   310   310 D wpa_supplicant: Wireless event: cmd=0x8b1a len=17
06-26 15:19:38.841   142   198 D ConnectivityService: ConnectivityChange for WIFI: DISCONNECTED/DISCONNECTED
06-26 15:19:38.864   142   198 D ConnectivityService: Attempting to switch to mobile
06-26 15:19:38.864   142   198 D ConnectivityService: Attempting to switch to WIMAX
06-26 15:19:38.868   142   198 D ConnectivityService: Attempting to switch to BLUETOOTH_TETHER
06-26 15:19:38.876   310   310 D wpa_supplicant: RTM_NEWLINK: operstate=0 ifi_flags=0x11003 ([UP][LOWER_UP])
06-26 15:19:38.876   310   310 D wpa_supplicant: RTM_NEWLINK, IFLA_IFNAME: Interface 'wlan0' added
06-26 15:19:38.876   310   310 D wpa_supplicant: Wireless event: cmd=0x8b15 len=20
06-26 15:19:38.876   310   310 D wpa_supplicant: Wireless event: new AP: d0:c2:82:66:6f:40
06-26 15:19:38.876   310   310 D wpa_supplicant: wpa_driver_wext_set_operstate: operstate 0->0 (DORMANT)
06-26 15:19:38.876   310   310 D wpa_supplicant: netlink: Operstate: linkmode=-1, operstate=5
06-26 15:19:38.876   310   310 I wpa_supplicant: wlan0: Associated with d0:c2:82:66:6f:40
06-26 15:19:38.876   310   310 D wpa_supplicant: EAPOL: External notification - portEnabled=0
06-26 15:19:38.876   310   310 D wpa_supplicant: EAPOL: Supplicant port status: Unauthorized
06-26 15:19:38.876   310   310 D wpa_supplicant: EAPOL: External notification - portValid=0
06-26 15:19:38.876   310   310 D wpa_supplicant: EAPOL: Supplicant port status: Unauthorized
06-26 15:19:38.876   310   310 D wpa_supplicant: EAPOL: External notification - portEnabled=1
06-26 15:19:38.876   310   310 D wpa_supplicant: EAPOL: SUPP_PAE entering state CONNECTING
06-26 15:19:38.876   310   310 D wpa_supplicant: EAPOL: SUPP_BE entering state IDLE
06-26 15:19:38.876   310   310 D wpa_supplicant: EAP: EAP entering state INITIALIZE
06-26 15:19:38.880   310   310 D wpa_supplicant: EAP: deinitialize previously used EAP method (25, PEAP) at INITIALIZE
06-26 15:19:38.884   142   198 E ConnectivityService: Exception trying to remove a route: java.lang.IllegalStateException: Unable to communicate with native dameon to add routes - com.android.server.NativeDaemonConnectorException: Cmd {interface route remove wlan0 default 67.20.215.254 32 0.0.0.0} failed with code 400 : {Failed to remove route from default table (No such process)}
06-26 15:19:38.891   310   310 D wpa_supplicant: EAP: EAP entering state IDLE
06-26 15:19:38.891   310   310 D wpa_supplicant: RTM_NEWLINK: operstate=0 ifi_flags=0x11003 ([UP][LOWER_UP])
06-26 15:19:38.891   310   310 D wpa_supplicant: RTM_NEWLINK, IFLA_IFNAME: Interface 'wlan0' added
06-26 15:19:38.891   310   310 D wpa_supplicant: Wireless event: cmd=0x8c03 len=20
06-26 15:19:38.891   310   310 D wpa_supplicant: RTM_NEWLINK: operstate=0 ifi_flags=0x11003 ([UP][LOWER_UP])
06-26 15:19:38.891   310   310 D wpa_supplicant: RTM_NEWLINK, IFLA_IFNAME: Interface 'wlan0' added
