07-10 22:50:00.074  8005  8005 D OpenGLRenderer: Flushing caches (mode 2)
07-10 22:50:00.074  8005  8005 D OpenGLRenderer: Flushing caches (mode 0)
07-10 22:50:00.074  8005  8005 W ManagedEGLContext: doTerminate failed: EGL count is 3 but managed count is 1
07-10 22:50:00.074  8005  8005 W ThumbnailCache: Low Memory: Freed 0 textures from compression queue, 0 from write queue, 0 from the pinned list, 0 from the cache.
07-10 22:50:00.597  5965  5978 I PhoneLab-: Service Running
07-10 22:50:00.668  5965  5978 I PhoneLab-LoggerService: app_36    1478  1     1428   988   c00f181c 400107b4 S logcat
07-10 22:50:00.668  5965  5978 I PhoneLab-LoggerService: Logcat pid from database 1478
07-10 22:50:00.668  5965  5978 I PhoneLab-LoggerService: Logcat process found 1478
07-10 22:50:00.668  5965  5978 I PhoneLab-LoggerService: Checking Threshold
07-10 22:52:00.597  5965  5978 I PhoneLab-: Service Running
07-10 22:52:00.671  5965  5978 I PhoneLab-LoggerService: app_36    1478  1     1428   988   c00f181c 400107b4 S logcat
07-10 22:52:00.671  5965  5978 I PhoneLab-LoggerService: Logcat pid from database 1478
07-10 22:52:00.671  5965  5978 I PhoneLab-LoggerService: Logcat process found 1478
07-10 22:52:00.671  5965  5978 I PhoneLab-LoggerService: Checking Threshold
07-10 22:54:00.601  5965  5978 I PhoneLab-: Service Running
07-10 22:54:00.683  5965  5978 I PhoneLab-LoggerService: app_36    1478  1     1428   988   c00f181c 400107b4 S logcat
07-10 22:54:00.683  5965  5978 I PhoneLab-LoggerService: Logcat pid from database 1478
07-10 22:54:00.683  5965  5978 I PhoneLab-LoggerService: Logcat process found 1478
07-10 22:54:00.683  5965  5978 I PhoneLab-LoggerService: Checking Threshold
07-10 22:54:34.867   142   171 I ActivityManager: Start proc com.google.android.gm for service com.google.android.gm/.provider.MailIndexerService: pid=8599 uid=10058 gids={3003, 1015}
07-10 22:54:35.054   142  3988 I ActivityManager: Start proc com.sirma.mobile.bible.android for broadcast com.sirma.mobile.bible.android/com.youversion.mobile.android.appwidget.LightVerseOfDayWidgetProvider: pid=8612 uid=10063 gids={3003, 1015}
07-10 22:54:35.086  8612  8612 I dalvikvm: Turning on JNI app bug workarounds for target SDK version 9...
07-10 22:54:35.195  8599  8599 I ActivityThread: Pub gmail-ls: com.google.android.gm.provider.MailProvider
07-10 22:54:35.222  8599  8599 I ActivityThread: Pub com.google.android.gm: com.google.android.gm.provider.PublicContentProvider
07-10 22:54:35.230  8599  8599 I ActivityThread: Pub com.google.android.gmail.SuggestionProvider: com.google.android.gm.SuggestionsProvider
07-10 22:54:35.281  8612  8614 D dalvikvm: GC_CONCURRENT freed 158K, 3% free 9374K/9607K, paused 3ms+2ms
07-10 22:54:35.289  8612  8612 I ActivityThread: Pub com.youversion.mobile.android.SuggestionProvider: com.youversion.mobile.android.SearchSuggestionProvider
07-10 22:54:35.308  8612  8612 D Bible - Misc: =============== App Started ===============
07-10 22:54:36.000  8396  8399 D dalvikvm: GC_CONCURRENT freed 680K, 11% free 10828K/12103K, paused 2ms+5ms
07-10 22:54:36.132  8612  8614 D dalvikvm: GC_CONCURRENT freed 366K, 5% free 9482K/9927K, paused 21ms+2ms
07-10 22:54:36.296  8612  8636 E dalvikvm: ERROR: defineClass(0x40a534d0, reflectasm.java.util.HashtableConstructorAccess, 0x413bd090, 0, 296)
07-10 22:54:36.296  8612  8636 E dalvikvm: ERROR: defineClass(0x41398700, reflectasm.java.util.HashtableConstructorAccess, 0x413bd090, 0, 296)
07-10 22:54:36.304  8599  8601 D dalvikvm: GC_CONCURRENT freed 207K, 4% free 9262K/9607K, paused 12ms+3ms
07-10 22:54:36.308  8612  8636 E dalvikvm: ERROR: defineClass(0x4132cd00, com.youversion.api.objects.BookCollectionConstructorAccess, 0x41320c40, 0, 329)
07-10 22:54:36.308  8612  8636 E dalvikvm: ERROR: defineClass(0x41343328, com.youversion.api.objects.BookCollectionConstructorAccess, 0x41320c40, 0, 329)
07-10 22:54:36.320  8612  8636 E dalvikvm: ERROR: defineClass(0x40a534d0, reflectasm.java.util.VectorConstructorAccess, 0x413c05d0, 0, 290)
07-10 22:54:36.320  8612  8636 E dalvikvm: ERROR: defineClass(0x4132cd70, reflectasm.java.util.VectorConstructorAccess, 0x413c05d0, 0, 290)
07-10 22:54:36.324  8612  8636 E dalvikvm: ERROR: defineClass(0x4132cd00, com.youversion.api.objects.BookConstructorAccess, 0x41320780, 0, 309)
07-10 22:54:36.324  8612  8636 E dalvikvm: ERROR: defineClass(0x4131f5c8, com.youversion.api.objects.BookConstructorAccess, 0x41320780, 0, 309)
07-10 22:54:36.468  8599  8629 I Gmail   : calculateUnknownSyncRationalesAndPurgeInBackground: queueing
07-10 22:54:36.484  8599  8629 I Gmail   : calculateUnknownSyncRationalesAndPurgeInBackground: queueing
07-10 22:54:36.519  8599  8629 I Gmail   : calculateUnknownSyncRationalesAndPurgeInBackground: running
07-10 22:54:36.523  8599  8629 I Gmail   : calculateUnknownSyncRationalesAndPurgeInBackground: running
07-10 22:54:36.566  8612  8636 E dalvikvm: ERROR: defineClass(0x4132cd00, com.youversion.api.internal.Chapter$AudioInfoConstructorAccess, 0x413ebab0, 0, 337)
07-10 22:54:36.566  8612  8636 E dalvikvm: ERROR: defineClass(0x413eacd8, com.youversion.api.internal.Chapter$AudioInfoConstructorAccess, 0x413ebab0, 0, 337)
07-10 22:54:36.566  8612  8636 E dalvikvm: ERROR: defineClass(0x4132cd00, com.youversion.api.objects.AudioBibleInfoConstructorAccess, 0x413e5900, 0, 329)
07-10 22:54:36.566  8612  8636 E dalvikvm: ERROR: defineClass(0x413e9000, com.youversion.api.objects.AudioBibleInfoConstructorAccess, 0x413e5900, 0, 329)
07-10 22:54:36.582  8612  8636 E dalvikvm: ERROR: defineClass(0x4132cd00, com.youversion.api.objects.ReadingPlanDayConstructorAccess, 0x41324068, 0, 329)
07-10 22:54:36.582  8612  8636 E dalvikvm: ERROR: defineClass(0x413cdff8, com.youversion.api.objects.ReadingPlanDayConstructorAccess, 0x41324068, 0, 329)
07-10 22:54:36.582  8612  8636 E dalvikvm: ERROR: defineClass(0x4132cd00, com.youversion.api.objects.ReadingPlanAdjustedDayCollectionConstructorAccess, 0x413c3ae8, 0, 365)
07-10 22:54:36.582  8612  8636 E dalvikvm: ERROR: defineClass(0x413acb98, com.youversion.api.objects.ReadingPlanAdjustedDayCollectionConstructorAccess, 0x413c3ae8, 0, 365)
07-10 22:54:36.586  8612  8636 E dalvikvm: ERROR: defineClass(0x4132cd00, com.youversion.api.objects.ReadingPlanAdjustedDayConstructorAccess, 0x413c63f0, 0, 345)
07-10 22:54:36.586  8612  8636 E dalvikvm: ERROR: defineClass(0x413c4e00, com.youversion.api.objects.ReadingPlanAdjustedDayConstructorAccess, 0x413c63f0, 0, 345)
07-10 22:54:36.586  8612  8636 E dalvikvm: ERROR: defineClass(0x4132cd00, com.youversion.api.objects.ReadingPlanReferenceConstructorAccess, 0x413c90d0, 0, 341)
07-10 22:54:36.586  8612  8636 E dalvikvm: ERROR: defineClass(0x413c7a70, com.youversion.api.objects.ReadingPlanReferenceConstructorAccess, 0x413c90d0, 0, 341)
07-10 22:54:36.589  8612  8636 E dalvikvm: ERROR: defineClass(0x4132cd00, com.youversion.api.objects.ReferenceConstructorAccess, 0x413cc2b0, 0, 319)
07-10 22:54:36.589  8612  8636 E dalvikvm: ERROR: defineClass(0x413cacb8, com.youversion.api.objects.ReferenceConstructorAccess, 0x413cc2b0, 0, 319)
07-10 22:54:36.593  8612  8636 E dalvikvm: ERROR: defineClass(0x4132cd00, com.youversion.api.objects.ReadingPlanConstructorAccess, 0x413f21a8, 0, 323)
07-10 22:54:36.593  8612  8636 E dalvikvm: ERROR: defineClass(0x413f0cb8, com.youversion.api.objects.ReadingPlanConstructorAccess, 0x413f21a8, 0, 323)
07-10 22:54:36.609  8612  8636 E dalvikvm: ERROR: defineClass(0x4132cd00, com.youversion.api.objects.UserConstructorAccess, 0x413fc120, 0, 309)
07-10 22:54:36.609  8612  8636 E dalvikvm: ERROR: defineClass(0x413facb0, com.youversion.api.objects.UserConstructorAccess, 0x413fc120, 0, 309)
07-10 22:54:36.679  8612  8614 D dalvikvm: GC_CONCURRENT freed 309K, 5% free 9620K/10055K, paused 3ms+2ms
07-10 22:54:36.945  8612  8614 D dalvikvm: GC_CONCURRENT freed 31K, 2% free 10019K/10183K, paused 2ms+2ms
07-10 22:54:37.664  8612  8614 D dalvikvm: GC_CONCURRENT freed 692K, 8% free 9775K/10567K, paused 2ms+1ms
07-10 22:54:37.828  8612  8614 D dalvikvm: GC_CONCURRENT freed 445K, 9% free 9717K/10567K, paused 2ms+2ms
07-10 22:56:00.597  5965  5978 I PhoneLab-: Service Running
07-10 22:56:00.679  5965  5978 I PhoneLab-LoggerService: app_36    1478  1     1428   988   c00f181c 400107b4 S logcat
07-10 22:56:00.679  5965  5978 I PhoneLab-LoggerService: Logcat pid from database 1478
07-10 22:56:00.679  5965  5978 I PhoneLab-LoggerService: Logcat process found 1478
07-10 22:56:00.679  5965  5978 I PhoneLab-LoggerService: Checking Threshold
07-10 22:58:00.597  5965  5978 I PhoneLab-: Service Running
07-10 22:58:00.691  5965  5978 I PhoneLab-LoggerService: app_36    1478  1     1428   988   c00f181c 400107b4 S logcat
07-10 22:58:00.691  5965  5978 I PhoneLab-LoggerService: Logcat pid from database 1478
07-10 22:58:00.691  5965  5978 I PhoneLab-LoggerService: Logcat process found 1478
07-10 22:58:00.691  5965  5978 I PhoneLab-LoggerService: Checking Threshold
07-10 22:58:45.386  8309  8311 D dalvikvm: GC_CONCURRENT freed 302K, 5% free 10251K/10759K, paused 2ms+2ms
07-10 23:00:00.597  5965  5978 I PhoneLab-: Service Running
07-10 23:00:00.691  5965  5978 I PhoneLab-LoggerService: app_36    1478  1     1428   988   c00f181c 400107b4 S logcat
07-10 23:00:00.691  5965  5978 I PhoneLab-LoggerService: Logcat pid from database 1478
07-10 23:00:00.691  5965  5978 I PhoneLab-LoggerService: Logcat process found 1478
07-10 23:00:00.691  5965  5978 I PhoneLab-LoggerService: Checking Threshold
07-10 23:00:00.695  5965  5968 D dalvikvm: GC_CONCURRENT freed 364K, 19% free 9137K/11143K, paused 2ms+2ms
07-10 23:00:32.222  8005  8065 W AndroidResourcesFactory: [chromesync#1604387069] Not running on internal thread since resources not started 1158527, Heartbeat:com.google.ipc.invalidation.ticl.RecurringTask$1@414e5e70
07-10 23:02:00.632  5965  5978 I PhoneLab-: Service Running
07-10 23:02:00.671  5965  5978 I PhoneLab-LoggerService: app_36    1478  1     1428   988   c00f181c 400107b4 S logcat
07-10 23:02:00.671  5965  5978 I PhoneLab-LoggerService: Logcat pid from database 1478
07-10 23:02:00.675  5965  5978 I PhoneLab-LoggerService: Logcat process found 1478
07-10 23:02:00.675  5965  5978 I PhoneLab-LoggerService: Checking Threshold
07-10 23:03:49.316   142   158 V BackupManagerService: Running a backup pass
07-10 23:03:49.328   142   211 V BackupManagerService: Backup requested but nothing pending
07-10 23:04:00.601  5965  5978 I PhoneLab-: Service Running
07-10 23:04:00.671  5965  5978 I PhoneLab-LoggerService: app_36    1478  1     1428   988   c00f181c 400107b4 S logcat
07-10 23:04:00.671  5965  5978 I PhoneLab-LoggerService: Logcat pid from database 1478
07-10 23:04:00.671  5965  5978 I PhoneLab-LoggerService: Logcat process found 1478
07-10 23:04:00.671  5965  5978 I PhoneLab-LoggerService: Checking Threshold
07-10 23:04:07.015  8005  8486 W AndroidResourcesFactory: [chromesync#1604387069] Not running on internal thread since resources not started 1185800, InvClient.sendInfoMessageAfterPersistentRead:com.google.ipc.invalidation.ticl.InvalidationClientImpl$1@414d3688
07-10 23:06:00.597  5965  5978 I PhoneLab-: Service Running
07-10 23:06:00.695  5965  5978 I PhoneLab-LoggerService: app_36    1478  1     1428   988   c00f181c 400107b4 S logcat
07-10 23:06:00.699  5965  5978 I PhoneLab-LoggerService: Logcat pid from database 1478
07-10 23:06:00.699  5965  5978 I PhoneLab-LoggerService: Logcat process found 1478
07-10 23:06:00.699  5965  5978 I PhoneLab-LoggerService: Checking Threshold
07-10 23:06:49.058  8005  8486 W AndroidResourcesFactory: [chromesync#1604387069] Not running on internal thread since resources not started 1347844, Heartbeat:com.google.ipc.invalidation.ticl.RecurringTask$1@415c0050
07-10 23:07:25.332   142   145 D dalvikvm: GC_CONCURRENT freed 1503K, 13% free 15438K/17607K, paused 2ms+6ms
07-10 23:08:00.597  5965  5978 I PhoneLab-: Service Running
07-10 23:08:00.687  5965  5978 I PhoneLab-LoggerService: app_36    1478  1     1428   988   c00f181c 400107b4 S logcat
07-10 23:08:00.691  5965  5978 I PhoneLab-LoggerService: Logcat pid from database 1478
07-10 23:08:00.691  5965  5978 I PhoneLab-LoggerService: Logcat process found 1478
07-10 23:08:00.691  5965  5978 I PhoneLab-LoggerService: Checking Threshold
07-10 23:08:03.328  8163  8666 I EventLogService: Aggregate from 1341974283162 (log), 1341974283162 (data)
07-10 23:08:03.402  8163  8164 D dalvikvm: GC_CONCURRENT freed 310K, 8% free 9810K/10631K, paused 2ms+3ms
07-10 23:09:34.851   142   171 I ActivityManager: Start proc com.google.android.apps.plus for service com.google.android.apps.plus/.service.EsService: pid=8669 uid=10057 gids={3003, 3002, 1015, 1006}
07-10 23:09:34.898  8599  8668 W Gmail   : Successful index run, cancel next scheduled index run
07-10 23:09:35.086  8669  8672 D dalvikvm: GC_CONCURRENT freed 159K, 3% free 9373K/9607K, paused 2ms+3ms
07-10 23:09:35.250  8669  8669 I ActivityThread: Pub com.google.android.apps.plus.content.ApiProvider: com.google.android.apps.plus.content.EsApiProvider
07-10 23:09:35.289  8669  8669 I ActivityThread: Pub com.google.android.apps.plus.content.EsGooglePhotoProvider: com.google.android.picasasync.PicasaContentProvider
07-10 23:09:35.461  8669  8672 D dalvikvm: GC_CONCURRENT freed 336K, 5% free 9577K/9991K, paused 1ms+2ms
07-10 23:09:35.488  8669  8669 I ActivityThread: Pub com.google.android.apps.plus.content.EsPicasaStoreProvider: com.google.android.picasastore.PicasaPhotoContentProvider
07-10 23:09:35.496  8669  8669 I ActivityThread: Pub com.google.plus.platform: com.google.android.apps.plus.content.AdsProvider
07-10 23:09:35.496  8669  8669 I ActivityThread: Pub com.google.android.apps.plus.iu.EsGoogleIuProvider: com.google.android.apps.plus.iu.InstantUploadProvider
07-10 23:09:35.554  8669  8672 D dalvikvm: GC_CONCURRENT freed 499K, 6% free 9605K/10183K, paused 1ms+2ms
07-10 23:09:35.562  8669  8669 I ActivityThread: Pub com.google.android.apps.plus.content.EsProvider: com.google.android.apps.plus.content.EsProvider
07-10 23:09:35.593   142  4570 I ActivityManager: Start proc android.process.media for content provider com.android.providers.media/.MediaProvider: pid=8685 uid=10012 gids={1015, 1023, 1024, 2001, 3003, 3007}
07-10 23:09:35.656  8685  8685 I ActivityThread: Pub downloads: com.android.providers.downloads.DownloadProvider
07-10 23:09:35.687  8685  8685 I ActivityThread: Pub drm: com.android.providers.drm.DrmProvider
07-10 23:09:35.687  8685  8701 I DownloadManager: in removeSpuriousFiles
07-10 23:09:35.718  8685  8701 I DownloadManager: in removeSpuriousFiles, preserving file /mnt/sdcard/Download/session7chandler.mp3
07-10 23:09:35.718  8685  8701 I DownloadManager: in removeSpuriousFiles, preserving file /data/data/com.android.providers.downloads/cache/metadata.json
07-10 23:09:35.718  8685  8701 I DownloadManager: in removeSpuriousFiles, preserving file /data/data/com.android.providers.downloads/cache/metadata-1.json
07-10 23:09:35.718  8685  8701 I DownloadManager: in removeSpuriousFiles, preserving file /mnt/sdcard/Download/2012TOBFestivalguide_WEBLoRes.pdf
07-10 23:09:35.718  8685  8701 I DownloadManager: in removeSpuriousFiles, preserving file /mnt/sdcard/Download/2012TOBFestivalguide_WEBMenuMap.pdf
07-10 23:09:35.718  8685  8701 I DownloadManager: deleting spurious file /cache/backup
07-10 23:09:35.750  8685  8685 I ActivityThread: Pub media: com.android.providers.media.MediaProvider
07-10 23:09:35.847  8669  8702 D dalvikvm: GC_FOR_ALLOC freed 168K, 4% free 9854K/10247K, paused 78ms
07-10 23:09:35.957  8685  8688 D dalvikvm: GC_CONCURRENT freed 370K, 5% free 9162K/9607K, paused 5ms+2ms
07-10 23:09:36.011  8669  8684 D PicasaPhotoCP: set fsid first time:-1
07-10 23:09:36.195  8669  8672 D dalvikvm: GC_CONCURRENT freed 184K, 3% free 10151K/10439K, paused 34ms+2ms
07-10 23:09:36.304  8669  8672 D dalvikvm: GC_CONCURRENT freed 266K, 5% free 10327K/10759K, paused 2ms+2ms
07-10 23:09:36.351  8669  8697 D dalvikvm: GC_FOR_ALLOC freed 114K, 4% free 10454K/10887K, paused 19ms
07-10 23:09:36.351  8669  8697 I dalvikvm-heap: Grow heap (frag case) to 10.529MB for 260112-byte allocation
07-10 23:09:36.379  8669  8697 D dalvikvm: GC_FOR_ALLOC freed 126K, 6% free 10582K/11143K, paused 20ms
07-10 23:09:36.406  8669  8697 D dalvikvm: GC_FOR_ALLOC freed 311K, 6% free 10575K/11143K, paused 19ms
07-10 23:09:36.425  8669  8697 D dalvikvm: GC_FOR_ALLOC freed 62K, 5% free 10639K/11143K, paused 20ms
07-10 23:09:36.429  8669  8697 I dalvikvm-heap: Grow heap (frag case) to 10.709MB for 260112-byte allocation
07-10 23:09:36.449  8669  8697 D dalvikvm: GC_FOR_ALLOC freed 126K, 6% free 10767K/11399K, paused 20ms
07-10 23:09:36.476  8669  8697 D dalvikvm: GC_FOR_ALLOC freed 369K, 6% free 10822K/11399K, paused 20ms
07-10 23:09:36.500  8669  8697 D dalvikvm: GC_FOR_ALLOC freed 126K, 4% free 10950K/11399K, paused 19ms
07-10 23:09:36.632  8669  8672 D dalvikvm: GC_CONCURRENT freed 341K, 5% free 11189K/11655K, paused 2ms+2ms
07-10 23:09:36.777  8669  8672 D dalvikvm: GC_CONCURRENT freed 142K, 3% free 11725K/11975K, paused 2ms+2ms
07-10 23:09:36.945  8669  8672 D dalvikvm: GC_CONCURRENT freed 548K, 6% free 12024K/12679K, paused 2ms+2ms
07-10 23:09:37.132  8669  8672 D dalvikvm: GC_CONCURRENT freed 206K, 3% free 12738K/13063K, paused 2ms+3ms
07-10 23:09:37.566   142   541 D dalvikvm: GC_EXPLICIT freed 397K, 13% free 15369K/17607K, paused 3ms+6ms
07-10 23:09:39.336  8669  8672 D dalvikvm: GC_CONCURRENT freed 1060K, 9% free 12849K/14023K, paused 4ms+2ms
07-10 23:09:43.277  8669  8709 E dalvikvm: Could not find class 'android.app.Notification$InboxStyle', referenced from method com.google.android.apps.plus.service.AndroidNotification.createDigestNotification
07-10 23:09:43.277  8669  8709 W dalvikvm: VFY: unable to resolve new-instance 41 (Landroid/app/Notification$InboxStyle;) in Lcom/google/android/apps/plus/service/AndroidNotification;
07-10 23:09:43.277  8669  8709 D dalvikvm: VFY: replacing opcode 0x22 at 0x0018
07-10 23:09:43.281  8669  8709 I dalvikvm: Could not find method android.app.Notification$Builder.setPriority, referenced from method com.google.android.apps.plus.service.AndroidNotification.createRichNotification
07-10 23:09:43.281  8669  8709 W dalvikvm: VFY: unable to resolve virtual method 162: Landroid/app/Notification$Builder;.setPriority (I)Landroid/app/Notification$Builder;
07-10 23:09:43.281  8669  8709 D dalvikvm: VFY: replacing opcode 0x6e at 0x00d5
07-10 23:09:43.289  8669  8709 D dalvikvm: DexOpt: unable to opt direct call 0x00a8 at 0x1a in Lcom/google/android/apps/plus/service/AndroidNotification;.createDigestNotification
07-10 23:09:43.289  8669  8709 D dalvikvm: DexOpt: unable to opt direct call 0x0091 at 0xf1 in Lcom/google/android/apps/plus/service/AndroidNotification;.createRichNotification
07-10 23:09:43.289  8669  8709 D dalvikvm: DexOpt: unable to opt direct call 0x0095 at 0x397 in Lcom/google/android/apps/plus/service/AndroidNotification;.createRichNotification
07-10 23:09:44.480  8669  8672 D dalvikvm: GC_CONCURRENT freed 1038K, 9% free 12995K/14151K, paused 34ms+3ms
07-10 23:09:46.980  8669  8672 D dalvikvm: GC_CONCURRENT freed 1105K, 9% free 13116K/14343K, paused 2ms+6ms
07-10 23:09:50.277   142   142 I ActivityManager: Start proc android.process.acore for content provider com.android.providers.contacts/.ContactsProvider2: pid=8716 uid=10000 gids={3003, 1015}
07-10 23:09:50.328  8716  8716 I ActivityThread: Pub call_log: com.android.providers.contacts.CallLogProvider
07-10 23:09:50.375  8716  8716 I ActivityThread: Pub com.android.voicemail: com.android.providers.contacts.VoicemailContentProvider
07-10 23:09:50.379  8716  8716 I ActivityThread: Pub user_dictionary: com.android.providers.userdictionary.UserDictionaryProvider
07-10 23:09:50.398  8716  8716 I ActivityThread: Pub com.android.social: com.android.providers.contacts.SocialProvider
07-10 23:09:50.402  8716  8716 I ActivityThread: Pub applications: com.android.providers.applications.ApplicationsProvider
07-10 23:09:50.488  8716  8716 I ActivityThread: Pub contacts;com.android.contacts: com.android.providers.contacts.ContactsProvider2
07-10 23:09:50.504  8716  8718 D dalvikvm: GC_CONCURRENT freed 350K, 5% free 9182K/9607K, paused 3ms+3ms
07-10 23:09:51.441  8716  8718 D dalvikvm: GC_CONCURRENT freed 227K, 4% free 9375K/9735K, paused 10ms+2ms
07-10 23:09:52.050  8669  8672 D dalvikvm: GC_CONCURRENT freed 1186K, 10% free 13222K/14535K, paused 5ms+13ms
07-10 23:09:54.222  8669  8709 D dalvikvm: GC_FOR_ALLOC freed 771K, 7% free 13567K/14535K, paused 262ms
07-10 23:09:55.640  8669  8672 D dalvikvm: GC_CONCURRENT freed 1044K, 8% free 13962K/15175K, paused 3ms+4ms
07-10 23:09:57.511  8669  8672 D dalvikvm: GC_CONCURRENT freed 1126K, 9% free 14361K/15623K, paused 2ms+3ms
07-10 23:09:59.800  8669  8672 D dalvikvm: GC_CONCURRENT freed 1688K, 12% free 14373K/16199K, paused 5ms+3ms
07-10 23:10:00.617  5965  5978 I PhoneLab-: Service Running
07-10 23:10:00.687  5965  5978 I PhoneLab-LoggerService: app_36    1478  1     1428   988   c00f181c 400107b4 S logcat
07-10 23:10:00.687  5965  5978 I PhoneLab-LoggerService: Logcat pid from database 1478
07-10 23:10:00.687  5965  5978 I PhoneLab-LoggerService: Logcat process found 1478
07-10 23:10:00.687  5965  5978 I PhoneLab-LoggerService: Checking Threshold
07-10 23:10:47.957  5965  5965 I PhoneLab-Locks: wake lock acquired
07-10 23:10:47.976  5965  8737 I PhoneLab-PeriodicCheckService: User info is synched
07-10 23:10:48.015  8005  8005 D OpenGLRenderer: Flushing caches (mode 2)
07-10 23:10:48.031  8005  8005 D OpenGLRenderer: Flushing caches (mode 0)
07-10 23:10:48.031  8005  8005 W ManagedEGLContext: doTerminate failed: EGL count is 3 but managed count is 1
07-10 23:10:48.070  8005  8005 W ThumbnailCache: Low Memory: Freed 0 textures from compression queue, 0 from write queue, 0 from the pinned list, 0 from the cache.
07-10 23:10:48.097  5965  8737 I PhoneLab-PeriodicCheckService: Logger Service is running
07-10 23:10:48.121  5965  5965 I PhoneLab-Locks: wake lock acquired
07-10 23:10:48.125  5965  5965 I PhoneLab-StatusMonitor: Status Monitoring is started
07-10 23:10:48.125  5965  8737 I PhoneLab-Locks: wake lock acquired
07-10 23:10:48.129  5965  8737 I PhoneLab-PeriodicCheckService: Rescheduling periodic checking...
07-10 23:10:48.129  5965  8737 I PhoneLab-Locks: wake lock released
07-10 23:10:48.191  5965  5965 E PhoneLab-PhoneLabManifest: java.io.FileNotFoundException: /data/data/edu.buffalo.cse.phonelab.phonelabservices/files/manifest.xml: open failed: ENOENT (No such file or directory)
07-10 23:10:48.214  5965  5965 I PhoneLab-Locks: wake lock released
07-10 23:10:48.214  5965  5965 I PhoneLab-UploadLogs: Transfering log files now
07-10 23:10:48.214  5965  5965 I PhoneLab-UploadLogs: No log files to transfer
07-10 23:10:48.214  5965  5965 I PhoneLab-Locks: wake lock released
07-10 23:10:48.214  5965  5965 I PhoneLab-UploadLogs: OnStartCommand
07-10 23:12:00.601  5965  5978 I PhoneLab-: Service Running
07-10 23:12:00.671  5965  5978 I PhoneLab-LoggerService: app_36    1478  1     1428   988   c00f181c 400107b4 S logcat
07-10 23:12:00.675  5965  5978 I PhoneLab-LoggerService: Logcat pid from database 1478
07-10 23:12:00.675  5965  5978 I PhoneLab-LoggerService: Logcat process found 1478
07-10 23:12:00.675  5965  5978 I PhoneLab-LoggerService: Checking Threshold
07-10 23:14:00.597  5965  5978 I PhoneLab-: Service Running
07-10 23:14:00.687  5965  5968 D dalvikvm: GC_CONCURRENT freed 395K, 18% free 9146K/11143K, paused 6ms+4ms
07-10 23:14:00.691  5965  5978 I PhoneLab-LoggerService: app_36    1478  1     1428   988   c00f181c 400107b4 S logcat
07-10 23:14:00.691  5965  5978 I PhoneLab-LoggerService: Logcat pid from database 1478
07-10 23:14:00.691  5965  5978 I PhoneLab-LoggerService: Logcat process found 1478
07-10 23:14:00.691  5965  5978 I PhoneLab-LoggerService: Checking Threshold
07-10 23:16:00.597  5965  5978 I PhoneLab-: Service Running
07-10 23:16:00.679  5965  5978 I PhoneLab-LoggerService: app_36    1478  1     1428   988   c00f181c 400107b4 S logcat
07-10 23:16:00.679  5965  5978 I PhoneLab-LoggerService: Logcat pid from database 1478
07-10 23:16:00.679  5965  5978 I PhoneLab-LoggerService: Logcat process found 1478
07-10 23:16:00.679  5965  5978 I PhoneLab-LoggerService: Checking Threshold
07-10 23:16:50.187   142   142 I ActivityManager: Process com.android.sprintmenu (pid 6501) has died.
07-10 23:16:50.187   142   142 W ActivityManager: Scheduling restart of crashed service com.android.sprintmenu/.HiddenPhoneService in 5000ms
07-10 23:16:55.250   142   159 I ActivityManager: Start proc com.android.sprintmenu for service com.android.sprintmenu/.HiddenPhoneService: pid=8745 uid=1001 gids={3002, 3001, 3003, 1015}
07-10 23:18:00.601  5965  5978 I PhoneLab-: Service Running
07-10 23:18:00.683  5965  5978 I PhoneLab-LoggerService: app_36    1478  1     1428   988   c00f181c 400107b4 S logcat
07-10 23:18:00.683  5965  5978 I PhoneLab-LoggerService: Logcat pid from database 1478
07-10 23:18:00.683  5965  5978 I PhoneLab-LoggerService: Logcat process found 1478
07-10 23:18:00.683  5965  5978 I PhoneLab-LoggerService: Checking Threshold
07-10 23:20:00.597  5965  5978 I PhoneLab-: Service Running
07-10 23:20:00.695  5965  5978 I PhoneLab-LoggerService: app_36    1478  1     1428   988   c00f181c 400107b4 S logcat
07-10 23:20:00.695  5965  5978 I PhoneLab-LoggerService: Logcat pid from database 1478
07-10 23:20:00.695  5965  5978 I PhoneLab-LoggerService: Logcat process found 1478
07-10 23:20:00.695  5965  5978 I PhoneLab-LoggerService: Checking Threshold
07-10 23:22:00.597  5965  5978 I PhoneLab-: Service Running
07-10 23:22:00.683  5965  5978 I PhoneLab-LoggerService: app_36    1478  1     1428   988   c00f181c 400107b4 S logcat
07-10 23:22:00.683  5965  5978 I PhoneLab-LoggerService: Logcat pid from database 1478
07-10 23:22:00.683  5965  5978 I PhoneLab-LoggerService: Logcat process found 1478
07-10 23:22:00.683  5965  5978 I PhoneLab-LoggerService: Checking Threshold
07-10 23:23:00.148   212   213 D dalvikvm: GC_CONCURRENT freed 367K, 31% free 9690K/13895K, paused 8ms+3ms
07-10 23:24:00.597  5965  5978 I PhoneLab-: Service Running
07-10 23:24:00.699  5965  5978 I PhoneLab-LoggerService: app_36    1478  1     1428   988   c00f181c 400107b4 S logcat
07-10 23:24:00.699  5965  5978 I PhoneLab-LoggerService: Logcat pid from database 1478
07-10 23:24:00.699  5965  5978 I PhoneLab-LoggerService: Logcat process found 1478
07-10 23:24:00.699  5965  5978 I PhoneLab-LoggerService: Checking Threshold
07-10 23:24:34.882  8773  8773 D dalvikvm: Late-enabling CheckJNI
07-10 23:24:34.882   142   159 I ActivityManager: Start proc com.dictionary for broadcast com.dictionary/.WordWidget: pid=8773 uid=10061 gids={3003, 1015}
07-10 23:24:34.918  8773  8773 I dalvikvm: Turning on JNI app bug workarounds for target SDK version 7...
07-10 23:24:35.105  8773  8773 I ActivityThread: Pub com.dictionary.AdContentProvider: com.greystripe.android.sdk.AdContentProvider
07-10 23:24:35.382  8773  8776 D dalvikvm: GC_CONCURRENT freed 302K, 5% free 9214K/9607K, paused 10ms+2ms
07-10 23:26:00.601  5965  5978 I PhoneLab-: Service Running
07-10 23:26:00.683  5965  5978 I PhoneLab-LoggerService: app_36    1478  1     1428   988   c00f181c 400107b4 S logcat
07-10 23:26:00.687  5965  5978 I PhoneLab-LoggerService: Logcat pid from database 1478
07-10 23:26:00.687  5965  5978 I PhoneLab-LoggerService: Logcat process found 1478
07-10 23:26:00.687  5965  5978 I PhoneLab-LoggerService: Checking Threshold
07-10 23:26:43.961   142   145 D dalvikvm: GC_CONCURRENT freed 1508K, 13% free 15346K/17607K, paused 41ms+6ms
07-10 23:28:00.597  5965  5978 I PhoneLab-: Service Running
07-10 23:28:00.668  5965  5978 I PhoneLab-LoggerService: app_36    1478  1     1428   988   c00f181c 400107b4 S logcat
07-10 23:28:00.671  5965  5978 I PhoneLab-LoggerService: Logcat pid from database 1478
07-10 23:28:00.671  5965  5978 I PhoneLab-LoggerService: Logcat process found 1478
07-10 23:28:00.671  5965  5978 I PhoneLab-LoggerService: Checking Threshold
07-10 23:30:00.597  5965  5978 I PhoneLab-: Service Running
07-10 23:30:00.691  5965  5968 D dalvikvm: GC_CONCURRENT freed 413K, 19% free 9135K/11143K, paused 1ms+2ms
07-10 23:30:00.699  5965  5978 I PhoneLab-LoggerService: app_36    1478  1     1428   988   c00f181c 400107b4 S logcat
07-10 23:30:00.699  5965  5978 I PhoneLab-LoggerService: Logcat pid from database 1478
07-10 23:30:00.699  5965  5978 I PhoneLab-LoggerService: Logcat process found 1478
07-10 23:30:00.699  5965  5978 I PhoneLab-LoggerService: Checking Threshold
07-10 23:32:00.597  5965  5978 I PhoneLab-: Service Running
07-10 23:32:00.703  5965  5978 I PhoneLab-LoggerService: app_36    1478  1     1428   988   c00f181c 400107b4 S logcat
07-10 23:32:00.703  5965  5978 I PhoneLab-LoggerService: Logcat pid from database 1478
07-10 23:32:00.703  5965  5978 I PhoneLab-LoggerService: Logcat process found 1478
07-10 23:32:00.703  5965  5978 I PhoneLab-LoggerService: Checking Threshold
07-10 23:34:00.597  5965  5978 I PhoneLab-: Service Running
07-10 23:34:00.695  5965  5978 I PhoneLab-LoggerService: app_36    1478  1     1428   988   c00f181c 400107b4 S logcat
07-10 23:34:00.699  5965  5978 I PhoneLab-LoggerService: Logcat pid from database 1478
07-10 23:34:00.699  5965  5978 I PhoneLab-LoggerService: Logcat process found 1478
07-10 23:34:00.699  5965  5978 I PhoneLab-LoggerService: Checking Threshold
07-10 23:36:00.757  5965  5978 I PhoneLab-: Service Running
07-10 23:36:00.793  5965  5978 I PhoneLab-LoggerService: app_36    1478  1     1428   988   c00f181c 400107b4 S logcat
07-10 23:36:00.796  5965  5978 I PhoneLab-LoggerService: Logcat pid from database 1478
07-10 23:36:00.796  5965  5978 I PhoneLab-LoggerService: Logcat process found 1478
07-10 23:36:00.796  5965  5978 I PhoneLab-LoggerService: Checking Threshold
07-10 23:37:00.062   212   219 I dalvikvm: Jit: resizing JitTable from 4096 to 8192
07-10 23:38:00.597  5965  5978 I PhoneLab-: Service Running
07-10 23:38:00.660  5965  5978 I PhoneLab-LoggerService: app_36    1478  1     1428   988   c00f181c 400107b4 S logcat
07-10 23:38:00.660  5965  5978 I PhoneLab-LoggerService: Logcat pid from database 1478
07-10 23:38:00.660  5965  5978 I PhoneLab-LoggerService: Logcat process found 1478
07-10 23:38:00.660  5965  5978 I PhoneLab-LoggerService: Checking Threshold
07-10 23:38:03.621  8163  8163 D dalvikvm: GC_EXPLICIT freed 180K, 8% free 9838K/10631K, paused 11ms+4ms
07-10 23:38:03.629  8163  8804 I EventLogService: Aggregate from 1341976083448 (log), 1341976083448 (data)
07-10 23:40:00.601  5965  5978 I PhoneLab-: Service Running
07-10 23:40:00.671  5965  5978 I PhoneLab-LoggerService: app_36    1478  1     1428   988   c00f181c 400107b4 S logcat
07-10 23:40:00.671  5965  5978 I PhoneLab-LoggerService: Logcat pid from database 1478
07-10 23:40:00.671  5965  5978 I PhoneLab-LoggerService: Logcat process found 1478
07-10 23:40:00.671  5965  5978 I PhoneLab-LoggerService: Checking Threshold
07-10 23:40:48.183  5965  5965 I PhoneLab-Locks: wake lock acquired
07-10 23:40:48.195  5965  8807 I PhoneLab-PeriodicCheckService: User info is synched
07-10 23:40:48.199  5965  8807 I PhoneLab-PeriodicCheckService: Logger Service is running
07-10 23:40:48.203  5965  5965 I PhoneLab-Locks: wake lock acquired
07-10 23:40:48.207  5965  5965 I PhoneLab-StatusMonitor: Status Monitoring is started
07-10 23:40:48.211  5965  5965 E PhoneLab-PhoneLabManifest: java.io.FileNotFoundException: /data/data/edu.buffalo.cse.phonelab.phonelabservices/files/manifest.xml: open failed: ENOENT (No such file or directory)
07-10 23:40:48.211  5965  5965 I PhoneLab-Locks: wake lock released
07-10 23:40:48.214  5965  8807 I PhoneLab-Locks: wake lock acquired
07-10 23:40:48.218  5965  5965 I PhoneLab-UploadLogs: Transfering log files now
07-10 23:40:48.218  5965  5965 I PhoneLab-UploadLogs: No log files to transfer
07-10 23:40:48.218  5965  5965 I PhoneLab-Locks: wake lock released
07-10 23:40:48.218  5965  5965 I PhoneLab-UploadLogs: OnStartCommand
07-10 23:40:48.218  5965  8807 I PhoneLab-PeriodicCheckService: Rescheduling periodic checking...
07-10 23:40:48.222  5965  8807 I PhoneLab-Locks: wake lock released
07-10 23:41:13.074   142   173 I power   : *** set_screen_state 1
07-10 23:41:13.273   142   173 I WindowManager: Lock screen displayed!
07-10 23:41:13.316    78   117 D SurfaceFlinger: Screen about to return, flinger = 0x18e7918
07-10 23:41:15.648    84    84 I keystore: uid: 1000 action: p -> 1 state: 1 -> 1 retry: 4
07-10 23:41:15.695    81   121 D AudioHardware: AudioHardware pcm playback is exiting standby.
07-10 23:41:15.695    81   121 D AudioHardware: openPcmOut_l() mPcmOpenCnt: 0
07-10 23:41:15.699   212   212 D PhoneStatusBar: disable: < expand* icons alerts ticker* system_info BACK HOME recent* CLOCK >
07-10 23:41:15.703   378  1689 D NfcService: NFC-C ON
07-10 23:41:15.742   212   212 D PhoneStatusBar: disable: < expand icons alerts ticker system_info back* home* recent clock* >
07-10 23:41:15.812   142   153 W InputManagerService: Window already focused, ignoring focus gain of: com.android.internal.view.IInputMethodClient$Stub$Proxy@418396e0
07-10 23:41:16.320  8005  8005 W InvService: Dropping C2DM message for unknown or unstarted client: chromesync#1604387069
07-10 23:41:16.609   142   142 I ActivityManager: START {act=android.intent.action.MAIN cat=[android.intent.category.LAUNCHER] flg=0x10200000 cmp=com.google.android.gm/.ConversationListActivityGmail bnds=[240,556][360,706]} from pid 389
07-10 23:41:16.722   389   389 D OpenGLRenderer: Flushing caches (mode 1)
07-10 23:41:16.996  8599  8601 D dalvikvm: GC_CONCURRENT freed 255K, 4% free 9414K/9799K, paused 6ms+14ms
07-10 23:41:17.031   389   389 D OpenGLRenderer: Flushing caches (mode 0)
07-10 23:41:17.152   142   158 I Process : Sending signal. PID: 8599 SIG: 3
07-10 23:41:17.152  8599  8604 I dalvikvm: threadid=3: reacting to signal 3
07-10 23:41:17.191  8599  8604 I dalvikvm: Wrote stack traces to '/data/anr/traces.txt'
07-10 23:41:17.492  8599  8601 D dalvikvm: GC_CONCURRENT freed 162K, 3% free 9740K/9991K, paused 2ms+14ms
07-10 23:41:17.609  8599  8599 D libEGL  : loaded /system/lib/egl/libGLES_android.so
07-10 23:41:17.617  8599  8599 D libEGL  : loaded /vendor/lib/egl/libEGL_POWERVR_SGX540_120.so
07-10 23:41:17.644   142   158 I Process : Sending signal. PID: 8599 SIG: 3
07-10 23:41:17.644  8599  8604 I dalvikvm: threadid=3: reacting to signal 3
07-10 23:41:17.671  8599  8599 D libEGL  : loaded /vendor/lib/egl/libGLESv1_CM_POWERVR_SGX540_120.so
07-10 23:41:17.679  8599  8599 D libEGL  : loaded /vendor/lib/egl/libGLESv2_POWERVR_SGX540_120.so
07-10 23:41:17.683  8599  8604 I dalvikvm: Wrote stack traces to '/data/anr/traces.txt'
07-10 23:41:17.742  8599  8599 D OpenGLRenderer: Enabling debug mode 0
07-10 23:41:17.851   142   172 I ActivityManager: Displayed com.google.android.gm/.ConversationListActivityGmail: +1s209ms
07-10 23:41:18.343  8599  8601 D dalvikvm: GC_CONCURRENT freed 287K, 4% free 9947K/10311K, paused 9ms+4ms
07-10 23:41:19.296  8599  8824 I Gmail   : Sending notification intent: Intent { act=android.intent.action.PROVIDER_CHANGED dat=content://gmail-ls/unread/^i (has extras) }
07-10 23:41:19.675    81   121 D AudioHardware: AudioHardware pcm playback is going to standby.
07-10 23:41:19.675    81   121 D AudioHardware: closePcmOut_l() mPcmOpenCnt: 1
07-10 23:41:24.078    81   121 D AudioHardware: AudioHardware pcm playback is exiting standby.
07-10 23:41:24.078    81   121 D AudioHardware: openPcmOut_l() mPcmOpenCnt: 0
07-10 23:41:24.191   142   346 I ActivityManager: Start proc com.android.inputmethod.latin for service com.android.inputmethod.latin/.spellcheck.AndroidSpellCheckerService: pid=8828 uid=10052 gids={}
07-10 23:41:24.543  8599  8601 D dalvikvm: GC_CONCURRENT freed 355K, 5% free 10036K/10503K, paused 11ms+12ms
07-10 23:41:24.918   142   145 D dalvikvm: GC_CONCURRENT freed 1432K, 13% free 15378K/17607K, paused 15ms+10ms
07-10 23:41:25.000   327   327 D dalvikvm: GC_FOR_ALLOC freed 77K, 16% free 10446K/12423K, paused 117ms
07-10 23:41:25.000   327   327 I dalvikvm-heap: Grow heap (frag case) to 10.868MB for 622096-byte allocation
07-10 23:41:25.097   327   330 D dalvikvm: GC_CONCURRENT freed 1K, 12% free 11052K/12423K, paused 2ms+10ms
07-10 23:41:25.218   212   213 D dalvikvm: GC_CONCURRENT freed 195K, 29% free 9991K/13895K, paused 3ms+3ms
07-10 23:41:27.175    81   121 D AudioHardware: AudioHardware pcm playback is going to standby.
07-10 23:41:27.175    81   121 D AudioHardware: closePcmOut_l() mPcmOpenCnt: 1
07-10 23:41:29.218  8716  8718 D dalvikvm: GC_CONCURRENT freed 378K, 6% free 9411K/9927K, paused 30ms+2ms
07-10 23:41:29.632   142  5832 D dalvikvm: GC_EXPLICIT freed 542K, 16% free 14867K/17607K, paused 4ms+5ms
07-10 23:41:34.504   142  7413 I ActivityManager: START {act=android.intent.action.SEARCH flg=0x10000000 cmp=com.google.android.gm/.GmailActivity (has extras)} from pid 8599
07-10 23:41:34.871  8599  8601 D dalvikvm: GC_CONCURRENT freed 312K, 4% free 10161K/10567K, paused 15ms+10ms
07-10 23:41:35.046  8599  8599 W IInputConnectionWrapper: getTextBeforeCursor on inactive InputConnection
07-10 23:41:35.105   142   158 I Process : Sending signal. PID: 8599 SIG: 3
07-10 23:41:35.105  8599  8604 I dalvikvm: threadid=3: reacting to signal 3
07-10 23:41:35.152  8599  8604 I dalvikvm: Wrote stack traces to '/data/anr/traces.txt'
07-10 23:41:35.211  8599  8599 W IInputConnectionWrapper: getExtractedText on inactive InputConnection
07-10 23:41:35.300   142   172 I ActivityManager: Displayed com.google.android.gm/.GmailActivity: +698ms
07-10 23:41:35.320  8599  8599 W IInputConnectionWrapper: endBatchEdit on inactive InputConnection
07-10 23:41:35.320  8599  8599 W IInputConnectionWrapper: getExtractedText on inactive InputConnection
07-10 23:41:35.351  8599  8599 D OpenGLRenderer: Flushing caches (mode 0)
07-10 23:41:35.402  8599  8599 W IInputConnectionWrapper: beginBatchEdit on inactive InputConnection
07-10 23:41:35.402  8599  8599 W IInputConnectionWrapper: finishComposingText on inactive InputConnection
07-10 23:41:35.402  8599  8599 W IInputConnectionWrapper: endBatchEdit on inactive InputConnection
07-10 23:41:35.406  8599  8599 W IInputConnectionWrapper: getExtractedText on inactive InputConnection
07-10 23:41:35.406  8599  8599 W IInputConnectionWrapper: getExtractedText on inactive InputConnection
07-10 23:41:35.410  8599  8599 W IInputConnectionWrapper: beginBatchEdit on inactive InputConnection
07-10 23:41:35.410  8599  8599 W IInputConnectionWrapper: finishComposingText on inactive InputConnection
07-10 23:41:35.410  8599  8599 W IInputConnectionWrapper: endBatchEdit on inactive InputConnection
07-10 23:41:35.410  8599  8599 W IInputConnectionWrapper: getExtractedText on inactive InputConnection
07-10 23:41:35.421  8599  8599 W IInputConnectionWrapper: beginBatchEdit on inactive InputConnection
07-10 23:41:35.421  8599  8599 W IInputConnectionWrapper: finishComposingText on inactive InputConnection
07-10 23:41:35.421  8599  8599 W IInputConnectionWrapper: endBatchEdit on inactive InputConnection
07-10 23:41:35.421  8599  8599 W IInputConnectionWrapper: beginBatchEdit on inactive InputConnection
07-10 23:41:35.421  8599  8599 W IInputConnectionWrapper: finishComposingText on inactive InputConnection
07-10 23:41:35.421  8599  8599 W IInputConnectionWrapper: endBatchEdit on inactive InputConnection
07-10 23:41:35.445  8599  8599 W IInputConnectionWrapper: beginBatchEdit on inactive InputConnection
07-10 23:41:35.445  8599  8599 W IInputConnectionWrapper: finishComposingText on inactive InputConnection
07-10 23:41:35.445  8599  8599 W IInputConnectionWrapper: endBatchEdit on inactive InputConnection
07-10 23:41:35.644   212   212 D dalvikvm: GC_FOR_ALLOC freed 631K, 31% free 9710K/13895K, paused 42ms
07-10 23:41:35.754   212   213 D dalvikvm: GC_CONCURRENT freed 487K, 31% free 9702K/13895K, paused 13ms+4ms
07-10 23:41:35.949  8599  8851 I Gmail   : MainSyncRequestProto: lowestBkwdConvoId: 0, highestHandledServerOp: 2715157, normalSync: true
07-10 23:41:36.043  8599  8851 I Gmail   : lowestBackward conversation id 0
07-10 23:41:36.296  8599  8601 D dalvikvm: GC_CONCURRENT freed 300K, 4% free 10344K/10759K, paused 2ms+4ms
07-10 23:41:36.359  8599  8854 I Gmail   : MainSyncRequestProto: lowestBkwdConvoId: 0, highestHandledServerOp: 2715157, normalSync: true
07-10 23:41:36.363  8599  8854 I Gmail   : lowestBackward conversation id 0
07-10 23:41:36.464   142   178 I InputReader: Reconfiguring input devices.  changes=0x00000004
07-10 23:41:36.464   142   178 I InputReader: Device reconfigured: id=7, name='mxt224_ts_input', surface size is now 480x800, mode is 1
07-10 23:41:36.507   142   158 I ActivityManager: Config changed: {1.0 310mcc120mnc en_US layoutdir=0 sw320dp w533dp h294dp nrml long land finger -keyb/v/h -nav/h s.13}
07-10 23:41:36.718  8599  8599 D OpenGLRenderer: Flushing caches (mode 0)
07-10 23:41:37.211  8599  8601 D dalvikvm: GC_CONCURRENT freed 443K, 5% free 10431K/10951K, paused 12ms+7ms
07-10 23:41:37.496   142   178 I InputReader: Reconfiguring input devices.  changes=0x00000004
07-10 23:41:37.496   142   178 I InputReader: Device reconfigured: id=7, name='mxt224_ts_input', surface size is now 480x800, mode is 1
07-10 23:41:37.496   142   158 I ActivityManager: Config changed: {1.0 310mcc120mnc en_US layoutdir=0 sw320dp w320dp h508dp nrml long port finger -keyb/v/h -nav/h s.14}
07-10 23:41:37.664  8599  8601 D dalvikvm: GC_CONCURRENT freed 315K, 4% free 10613K/11015K, paused 2ms+6ms
07-10 23:41:37.695  8599  8599 D OpenGLRenderer: Flushing caches (mode 0)
07-10 23:41:38.043  8472  8474 D dalvikvm: GC_CONCURRENT freed 308K, 5% free 9161K/9607K, paused 12ms+2ms
07-10 23:41:38.171  8599  8601 D dalvikvm: GC_CONCURRENT freed 277K, 4% free 10803K/11207K, paused 14ms+6ms
07-10 23:41:40.230   142   172 D dalvikvm: GC_EXPLICIT freed 433K, 16% free 14880K/17607K, paused 12ms+8ms
07-10 23:41:42.945  8599  8601 D dalvikvm: GC_CONCURRENT freed 644K, 7% free 10737K/11463K, paused 2ms+7ms
07-10 23:41:43.144  8599  8823 D dalvikvm: GC_EXPLICIT freed 198K, 7% free 10669K/11463K, paused 3ms+3ms
07-10 23:41:50.546  8599  8863 I Gmail   : MainSyncRequestProto: lowestBkwdConvoId: 0, highestHandledServerOp: 2715157, normalSync: true
07-10 23:41:50.558  8599  8601 D dalvikvm: GC_CONCURRENT freed 418K, 7% free 10739K/11463K, paused 2ms+5ms
07-10 23:41:50.562  8599  8863 I Gmail   : lowestBackward conversation id 0
07-10 23:41:51.453  8599  8606 I dalvikvm: Jit: resizing JitTable from 4096 to 8192
07-10 23:41:51.746  8599  8601 D dalvikvm: GC_CONCURRENT freed 404K, 6% free 10800K/11463K, paused 5ms+7ms
07-10 23:41:53.441  8599  8606 D dalvikvm: null clazz in OP_INSTANCE_OF, single-stepping
07-10 23:41:58.226  8599  8864 I Gmail   : MainSyncRequestProto: lowestBkwdConvoId: 0, highestHandledServerOp: 2715157, normalSync: true
07-10 23:41:58.230  8599  8864 I Gmail   : lowestBackward conversation id 0
07-10 23:41:58.343   142   536 D dalvikvm: GC_EXPLICIT freed 174K, 16% free 14808K/17607K, paused 3ms+6ms
07-10 23:41:58.546  8599  8601 D dalvikvm: GC_CONCURRENT freed 498K, 6% free 10822K/11463K, paused 2ms+4ms
07-10 23:42:00.597  5965  5978 I PhoneLab-: Service Running
07-10 23:42:00.781  5965  5978 I PhoneLab-LoggerService: app_36    1478  1     1428   988   c00f181c 400107b4 S logcat
07-10 23:42:00.781  5965  5978 I PhoneLab-LoggerService: Logcat pid from database 1478
07-10 23:42:00.781  5965  5978 I PhoneLab-LoggerService: Logcat process found 1478
07-10 23:42:00.781  5965  5978 I PhoneLab-LoggerService: Checking Threshold
07-10 23:42:00.796  5965  5968 D dalvikvm: GC_CONCURRENT freed 388K, 19% free 9134K/11143K, paused 1ms+2ms
07-10 23:42:28.273  8309  8311 D dalvikvm: GC_CONCURRENT freed 383K, 5% free 10304K/10823K, paused 2ms+4ms
07-10 23:42:38.004  8599  8601 D dalvikvm: GC_CONCURRENT freed 483K, 6% free 10841K/11463K, paused 11ms+5ms
07-10 23:42:50.906    81   121 D AudioHardware: AudioHardware pcm playback is exiting standby.
07-10 23:42:50.906    81   121 D AudioHardware: openPcmOut_l() mPcmOpenCnt: 0
07-10 23:42:51.191  8599  8599 D dalvikvm: GC_FOR_ALLOC freed 220K, 6% free 10809K/11463K, paused 51ms
07-10 23:42:51.191  8599  8599 I dalvikvm-heap: Grow heap (frag case) to 11.366MB for 768016-byte allocation
07-10 23:42:51.226  8599  8869 D dalvikvm: GC_FOR_ALLOC freed 28K, 6% free 11531K/12231K, paused 27ms
07-10 23:42:51.316  8599  8601 D dalvikvm: GC_CONCURRENT freed 4K, 6% free 11553K/12231K, paused 1ms+6ms
07-10 23:42:52.043  8599  8877 I Gmail   : MessageCursor requesting conversation 1384471830362527464
07-10 23:42:52.066  8599  8877 I Gmail   : MainSyncRequestProto: lowestBkwdConvoId: 0, highestHandledServerOp: 2715157, normalSync: true
07-10 23:42:52.972  8599  8877 I Gmail   : All messages received for conversation.
07-10 23:42:53.168  8599  8601 D dalvikvm: GC_CONCURRENT freed 481K, 5% free 11814K/12423K, paused 5ms+7ms
07-10 23:42:53.742  8599  8601 D dalvikvm: GC_CONCURRENT freed 599K, 6% free 12065K/12807K, paused 2ms+5ms
07-10 23:42:53.996    81   121 D AudioHardware: AudioHardware pcm playback is going to standby.
07-10 23:42:53.996    81   121 D AudioHardware: closePcmOut_l() mPcmOpenCnt: 1
07-10 23:42:54.000   142   536 I ActivityManager: Process com.google.android.apps.googlevoice (pid 8263) has died.
07-10 23:42:54.004   142   536 W ActivityManager: Scheduling restart of crashed service com.google.android.apps.googlevoice/.CallLogService in 5000ms
07-10 23:42:54.004   142   536 W ActivityManager: Scheduling restart of crashed service com.google.android.apps.googlevoice/.UpdateService in 14999ms
07-10 23:42:54.574   142  4570 I ActivityManager: Process com.facebook.katana (pid 8396) has died.
07-10 23:42:54.574   142  4570 W ActivityManager: Scheduling restart of crashed service com.facebook.katana/.service.MediaUploadService in 24429ms
07-10 23:42:54.644  8599  8599 D dalvikvm: GC_FOR_ALLOC freed 108K, 5% free 12178K/12807K, paused 31ms
07-10 23:42:54.648  8599  8599 I dalvikvm-heap: Grow heap (frag case) to 12.703MB for 768016-byte allocation
07-10 23:42:54.679  8599  8599 D dalvikvm: GC_FOR_ALLOC freed 6K, 5% free 12921K/13575K, paused 30ms
07-10 23:42:59.062   142   159 I ActivityManager: Start proc com.google.android.apps.googlevoice for service com.google.android.apps.googlevoice/.CallLogService: pid=8880 uid=10053 gids={3003, 1015}
07-10 23:42:59.101    79    79 D dalvikvm: GC_EXPLICIT freed 37K, 4% free 9027K/9347K, paused 2ms+5ms
07-10 23:42:59.140    79    79 D dalvikvm: GC_EXPLICIT freed <1K, 4% free 9027K/9347K, paused 2ms+2ms
07-10 23:42:59.179    79    79 D dalvikvm: GC_EXPLICIT freed <1K, 4% free 9027K/9347K, paused 1ms+2ms
07-10 23:42:59.546  8880  8881 D dalvikvm: GC_CONCURRENT freed 259K, 4% free 9273K/9607K, paused 18ms+3ms
07-10 23:43:09.242   142   142 D CountryDetector: The first listener is added
07-10 23:43:09.316  8880  8881 D dalvikvm: GC_CONCURRENT freed 421K, 6% free 9367K/9863K, paused 7ms+13ms
07-10 23:43:09.320  8880  8888 W CursorWrapperInner: Cursor finalized without prior close()
07-10 23:43:09.320  8880  8888 W CursorWrapperInner: Cursor finalized without prior close()
07-10 23:43:09.320  8880  8888 W CursorWrapperInner: Cursor finalized without prior close()
07-10 23:43:09.597  8716  8718 D dalvikvm: GC_CONCURRENT freed 304K, 5% free 9579K/9991K, paused 8ms+3ms
07-10 23:43:12.129  8599  8599 D webviewglue: nativeDestroy view: 0x1f85b48
07-10 23:43:12.160  8599  8599 D webviewglue: nativeDestroy view: 0x1cbabd8
07-10 23:43:12.171  8599  8601 D dalvikvm: GC_CONCURRENT freed 1000K, 9% free 13164K/14343K, paused 4ms+10ms
07-10 23:43:12.207  8599  8599 D webviewglue: nativeDestroy view: 0x1faf100
07-10 23:43:19.027   142   159 I ActivityManager: Start proc com.facebook.katana for service com.facebook.katana/.service.MediaUploadService: pid=8909 uid=10070 gids={3003, 1006, 1015}
07-10 23:43:19.046  8909  8909 I dalvikvm: Turning on JNI app bug workarounds for target SDK version 7...
07-10 23:43:19.293  8909  8912 D dalvikvm: GC_CONCURRENT freed 148K, 3% free 9384K/9607K, paused 3ms+2ms
07-10 23:43:19.379   142  5832 I ActivityManager: Process com.google.android.apps.maps:NetworkLocationService (pid 8309) has died.
07-10 23:43:19.379   142  5832 W ActivityManager: Scheduling restart of crashed service com.google.android.apps.maps/com.google.android.location.internal.server.NetworkLocationService in 5000ms
07-10 23:43:19.484  8909  8909 I ActivityThread: Pub com.facebook.katana.provider.LoggingProvider: com.facebook.katana.provider.LoggingProvider
07-10 23:43:19.527  8909  8909 I ActivityThread: Pub com.facebook.katana.provider.KeyValueProvider: com.facebook.katana.provider.KeyValueProvider
07-10 23:43:19.531  8909  8909 I ActivityThread: Pub com.facebook.katana.provider.CacheProvider: com.facebook.katana.provider.CacheProvider
07-10 23:43:19.535  8909  8909 I ActivityThread: Pub com.facebook.katana.provider.MailboxProvider: com.facebook.katana.provider.MailboxProvider
07-10 23:43:19.546  8909  8909 I ActivityThread: Pub com.facebook.katana.provider.UserStatusesProvider: com.facebook.katana.provider.UserStatusesProvider
07-10 23:43:19.550  8909  8909 I ActivityThread: Pub com.facebook.katana.provider.EventsProvider: com.facebook.katana.provider.EventsProvider
07-10 23:43:19.554  8909  8909 I ActivityThread: Pub com.facebook.katana.provider.NotificationsProvider: com.facebook.katana.provider.NotificationsProvider
07-10 23:43:19.562  8909  8909 I ActivityThread: Pub com.facebook.katana.provider.UserValuesProvider: com.facebook.katana.provider.UserValuesProvider
07-10 23:43:19.562  8909  8909 I ActivityThread: Pub com.facebook.katana.provider.PagesProvider: com.facebook.katana.provider.PagesProvider
07-10 23:43:19.566  8909  8909 I ActivityThread: Pub com.facebook.katana.provider.MobileEventLogProvider: com.facebook.katana.provider.MobileEventLogProvider
