07-13 09:39:49.218  7847  7847 I GTalkService/c: [AndroidEndpoint@1093976120] connect: acct=1000000, state=CONNECTING
07-13 09:39:49.222  7847  7847 I GTalkService/c: [GTalkConnection@1094478504] connect: acct=1, state=CONNECTING
07-13 09:39:49.293   142   202 D Tethering: MasterInitialState.processMessage what=3
07-13 09:39:49.339   142   202 D Tethering: MasterInitialState.processMessage what=3
07-13 09:39:49.371 13880 13880 I MediaUploader: No need to wake up
07-13 09:39:49.539 13935 13935 W ContextScopeImpl: thread=1 tried to enter the scope of the application context. Ignored.
07-13 09:39:49.562 12185 12186 D dalvikvm: GC_CONCURRENT freed 376K, 7% free 9560K/10183K, paused 4ms+4ms
07-13 09:39:49.648 13880 13880 I MediaUploader: No need to wake up
07-13 09:39:49.722 13935 13935 W ContextScopeImpl: thread=1 tried to enter the scope of the application context. Ignored.
07-13 09:39:49.789 12696 13954 D PicasaSyncManager: active network: NetworkInfo: type: WIFI[], state: CONNECTED/CONNECTED, reason: (unspecified), extra: (none), roaming: false, failover: false, isAvailable: true
07-13 09:39:49.793 12696 13954 D PicasaSyncManager: background data: true
07-13 09:39:49.839 13880 13880 I MediaUploader: No need to wake up
07-13 09:39:49.898 13935 13935 W ContextScopeImpl: thread=1 tried to enter the scope of the application context. Ignored.
07-13 09:39:50.156  7847  7849 D dalvikvm: GC_CONCURRENT freed 427K, 6% free 10445K/11015K, paused 7ms+25ms
07-13 09:39:50.187 12185 12185 D dalvikvm: GC_FOR_ALLOC freed 365K, 7% free 9552K/10183K, paused 101ms
07-13 09:39:50.242 12696 13954 D PicasaSyncManager: active network: NetworkInfo: type: WIFI[], state: CONNECTED/CONNECTED, reason: (unspecified), extra: (none), roaming: false, failover: false, isAvailable: true
07-13 09:39:50.242 12696 13954 D PicasaSyncManager: background data: true
07-13 09:39:54.726 12766 12768 D dalvikvm: GC_CONCURRENT freed 682K, 11% free 10885K/12167K, paused 7ms+4ms
07-13 09:39:55.566   285   285 I wpa_supplicant: wlan0: CTRL-EVENT-DISCONNECTED bssid=d0:c2:82:2d:f2:b1 reason=0
07-13 09:39:55.586  5761  5779 D CommandListener: Clearing all IP addresses on wlan0
07-13 09:39:55.632   142   198 D ConnectivityService: ConnectivityChange for WIFI: DISCONNECTED/DISCONNECTED
07-13 09:39:55.636   142   198 D ConnectivityService: Attempting to switch to mobile
07-13 09:39:55.636   142   198 D ConnectivityService: Attempting to switch to WIMAX
07-13 09:39:55.636   142   198 D ConnectivityService: Attempting to switch to BLUETOOTH_TETHER
07-13 09:39:55.671   142   198 E ConnectivityService: Exception trying to remove a route: java.lang.IllegalStateException: Unable to communicate with native dameon to add routes - com.android.server.NativeDaemonConnectorException: Cmd {interface route remove wlan0 default 67.20.211.254 32 0.0.0.0} failed with code 400 : {Failed to remove route from default table (No such process)}
07-13 09:39:55.675   142   198 D NetUtils: android_net_utils_resetConnections in env=0x196a7d8 clazz=0x7a00001 iface=wlan0 mask=0x3
07-13 09:39:55.675   142   198 E ConnectivityService: Exception trying to remove a route: java.lang.IllegalStateException: Unable to communicate with native dameon to add routes - com.android.server.NativeDaemonConnectorException: Cmd {interface route remove wlan0 default 0.0.0.0 0 67.20.211.254} failed with code 400 : {Failed to remove route from default table (No such process)}
07-13 09:39:55.675   142   198 D ConnectivityService: resetConnections(wlan0, 3)
07-13 09:39:56.261   285   285 I wpa_supplicant: wlan0: Trying to associate with d0:c2:82:7e:31:51 (SSID='UB_Secure' freq=2412 MHz)
07-13 09:39:56.406   285   285 I wpa_supplicant: wlan0: Associated with d0:c2:82:7e:31:51
07-13 09:39:56.429   285   285 I wpa_supplicant: wlan0: CTRL-EVENT-EAP-STARTED EAP authentication started
07-13 09:39:56.433   285   285 I wpa_supplicant: wlan0: CTRL-EVENT-EAP-PROPOSED-METHOD vendor=0 method=4 -> NAK
07-13 09:39:56.437   285   285 I wpa_supplicant: wlan0: CTRL-EVENT-EAP-PROPOSED-METHOD vendor=0 method=25
07-13 09:39:56.437   285   285 I wpa_supplicant: wlan0: CTRL-EVENT-EAP-METHOD EAP vendor 0 method 25 (PEAP) selected
07-13 09:39:56.484   285   285 I wpa_supplicant: wlan0: CTRL-EVENT-EAP-PEER-CERT depth=2 subject='/C=US/O=Entrust.net/OU=www.entrust.net/CPS incorp. by ref. (limits liab.)/OU=(c) 1999 Entrust.net Limited/CN=Entrust.net Secure Server Certification Authority'
07-13 09:39:56.484   285   285 I wpa_supplicant: wlan0: CTRL-EVENT-EAP-PEER-CERT depth=2 subject='/C=US/O=Entrust.net/OU=www.entrust.net/CPS incorp. by ref. (limits liab.)/OU=(c) 1999 Entrust.net Limited/CN=Entrust.net Secure Server Certification Authority'
07-13 09:39:56.488   285   285 I wpa_supplicant: wlan0: CTRL-EVENT-EAP-PEER-CERT depth=1 subject='/C=US/ST=UT/L=Salt Lake City/O=The USERTRUST Network/CN=USERTrust Legacy Secure Server CA'
07-13 09:39:56.492   285   285 I wpa_supplicant: wlan0: CTRL-EVENT-EAP-PEER-CERT depth=0 subject='/C=US/postalCode=14260/ST=New York/L=Buffalo/street=305 Computing Center/O=SUNY AT BUFFALO/OU=Office of the President/OU=Issued through UNIVERSITY AT BUFFALO E-PKI Manager/OU=PremiumSSL Legacy/CN=ubsecure.acsu.buffalo.edu'
07-13 09:39:56.636   285   285 I wpa_supplicant: EAP-MSCHAPV2: Authentication succeeded
07-13 09:39:56.640   285   285 I wpa_supplicant: EAP-TLV: TLV Result - Success - EAP-TLV/Phase2 Completed
07-13 09:39:56.644   285   285 I wpa_supplicant: wlan0: CTRL-EVENT-EAP-SUCCESS EAP authentication completed successfully
07-13 09:39:56.664   285   285 I wpa_supplicant: wlan0: WPA: Key negotiation completed with d0:c2:82:7e:31:51 [PTK=CCMP GTK=TKIP]
07-13 09:39:56.664   285   285 I wpa_supplicant: wlan0: CTRL-EVENT-CONNECTED - Connection to d0:c2:82:7e:31:51 completed (reauth) [id=1 id_str=]
07-13 09:39:57.449   142   198 D ConnectivityService: ConnectivityChange for WIFI: CONNECTED/CONNECTED
07-13 09:39:57.457 12337 12337 I PhoneLab-WiFiReceiver: Wi-Fi is connected!
07-13 09:39:57.461 12337 12337 I PhoneLab-WiFiReceiver: SSID: UB_Secure BSSID: d0:c2:82:7e:31:51 RSSI: -200 LinkSpeed: -1
07-13 09:39:57.461 12337 12337 I PhoneLab-Locks: wake lock acquired
07-13 09:39:57.464 12337 12337 I PhoneLab-UploadLogs: Transfering log files now
07-13 09:39:57.468 12337 12337 I PhoneLab-UploadLogs: No log files to transfer
07-13 09:39:57.468 12337 12337 I PhoneLab-Locks: wake lock released
07-13 09:39:57.468 12337 12337 I PhoneLab-UploadLogs: OnStartCommand
07-13 09:39:57.507   142   193 W NetworkStats: dropping UID delta from unknown iface: iface=wlan0 uid=0 set=DEFAULT tag=0x0 rxBytes=0 rxPackets=0 txBytes=136 txPackets=2 operations=0
07-13 09:39:58.449   142   198 D ConnectivityService: NetTransition Wakelock for WifiStateMachine released by timeout
07-13 09:39:58.703   142   202 D Tethering: MasterInitialState.processMessage what=3
07-13 09:39:58.753 13880 13880 I MediaUploader: No need to wake up
07-13 09:39:58.757 12337 12337 I PhoneLab-WiFiReceiver: Wi-Fi is disconnected!
07-13 09:39:58.769 12739 12739 D Bible - W/Misc: no connection 
07-13 09:39:58.836 13935 13935 W ContextScopeImpl: thread=1 tried to enter the scope of the application context. Ignored.
07-13 09:39:58.894 12696 13954 D PicasaSyncManager: active network: NetworkInfo: type: WIFI[], state: CONNECTED/CONNECTED, reason: (unspecified), extra: (none), roaming: false, failover: false, isAvailable: true
07-13 09:39:58.906 12696 13954 D PicasaSyncManager: background data: true
07-13 09:39:59.011 12185 12185 D dalvikvm: GC_FOR_ALLOC freed 375K, 7% free 9556K/10183K, paused 92ms
07-13 09:39:59.058 12766 12768 D dalvikvm: GC_CONCURRENT freed 418K, 9% free 11094K/12167K, paused 80ms+3ms
07-13 09:39:59.070 12386 12389 D dalvikvm: GC_CONCURRENT freed 974K, 10% free 10998K/12103K, paused 10ms+22ms
07-13 09:39:59.855   142   204 E WifiWatchdogStateMachine: Connected --> WifiInfo object null!
07-13 09:39:59.855   142   204 E WifiWatchdogStateMachine: Connected --> WifiInfo object null!
07-13 09:39:59.949   142   145 D dalvikvm: GC_CONCURRENT freed 1740K, 15% free 17526K/20615K, paused 3ms+9ms
07-13 09:40:00.500   142   202 D Tethering: MasterInitialState.processMessage what=3
07-13 09:40:00.628 13880 13880 I MediaUploader: No need to wake up
07-13 09:40:00.695  7847  7849 D dalvikvm: GC_CONCURRENT freed 433K, 5% free 10475K/11015K, paused 3ms+5ms
07-13 09:40:00.718 12739 12742 D dalvikvm: GC_CONCURRENT freed 406K, 7% free 9831K/10567K, paused 8ms+2ms
07-13 09:40:00.804 13935 13935 W ContextScopeImpl: thread=1 tried to enter the scope of the application context. Ignored.
07-13 09:40:00.918 12696 13954 D PicasaSyncManager: active network: NetworkInfo: type: WIFI[], state: CONNECTED/CONNECTED, reason: (unspecified), extra: (none), roaming: false, failover: false, isAvailable: true
07-13 09:40:00.921 12696 13954 D PicasaSyncManager: background data: true
07-13 09:40:01.820   142   198 D ConnectivityService: handleInetConditionHoldEnd: net=1, condition=100, published condition=0
07-13 09:40:01.984   142   198 D ConnectivityService: ConnectivityChange for mobile: CONNECTED/CONNECTED
07-13 09:40:02.019   142   198 D ConnectivityService: ConnectivityChange for mobile: DISCONNECTED/DISCONNECTED
07-13 09:40:02.019   142   198 D ConnectivityService: Attempting to switch to WIFI
07-13 09:40:02.023   142   198 D NetUtils: android_net_utils_resetConnections in env=0x196a7d8 clazz=0x1c900001 iface=rmnet0 mask=0x3
07-13 09:40:02.023   142   198 D ConnectivityService: Attempting to switch to WIMAX
07-13 09:40:02.023   142   198 D ConnectivityService: Attempting to switch to BLUETOOTH_TETHER
07-13 09:40:02.023   142   198 D ConnectivityService: resetConnections(rmnet0, 3)
07-13 09:40:02.328 12766 12768 D dalvikvm: GC_CONCURRENT freed 969K, 12% free 10776K/12167K, paused 44ms+5ms
07-13 09:40:05.097   142   202 D Tethering: MasterInitialState.processMessage what=3
07-13 09:40:05.148   142   202 D Tethering: MasterInitialState.processMessage what=3
07-13 09:40:05.203 13880 13880 I MediaUploader: No need to wake up
07-13 09:40:05.253 13935 13935 W ContextScopeImpl: thread=1 tried to enter the scope of the application context. Ignored.
07-13 09:40:05.324 13880 13880 I MediaUploader: No need to wake up
07-13 09:40:05.382 13935 13935 W ContextScopeImpl: thread=1 tried to enter the scope of the application context. Ignored.
07-13 09:40:05.386 12696 13954 D PicasaSyncManager: active network: NetworkInfo: type: WIFI[], state: CONNECTED/CONNECTED, reason: (unspecified), extra: (none), roaming: false, failover: false, isAvailable: true
07-13 09:40:05.386 12696 13954 D PicasaSyncManager: background data: true
07-13 09:40:05.480 12696 13954 D PicasaSyncManager: active network: NetworkInfo: type: WIFI[], state: CONNECTED/CONNECTED, reason: (unspecified), extra: (none), roaming: false, failover: false, isAvailable: true
07-13 09:40:05.488 12696 13954 D PicasaSyncManager: background data: true
07-13 09:40:05.519 12185 12186 D dalvikvm: GC_CONCURRENT freed 399K, 7% free 9561K/10183K, paused 68ms+25ms
07-13 09:40:05.597 13935 13937 D dalvikvm: GC_CONCURRENT freed 315K, 5% free 9866K/10311K, paused 26ms+13ms
07-13 09:40:05.628  7847  7849 D dalvikvm: GC_CONCURRENT freed 427K, 6% free 10462K/11015K, paused 2ms+13ms
07-13 09:40:05.632   142   198 D ConnectivityService: handleInetConditionHoldEnd: net=1, condition=100, published condition=100
07-13 09:40:05.648 12185 12185 D dalvikvm: GC_FOR_ALLOC freed 366K, 7% free 9557K/10183K, paused 76ms
07-13 09:40:05.691 12185 12185 D dalvikvm: GC_FOR_ALLOC freed 367K, 7% free 9557K/10183K, paused 19ms
07-13 09:40:06.015 12739 12742 D dalvikvm: GC_CONCURRENT freed 475K, 8% free 9800K/10567K, paused 2ms+2ms
07-13 09:40:07.000 12766 12768 D dalvikvm: GC_CONCURRENT freed 218K, 10% free 11020K/12167K, paused 2ms+5ms
07-13 09:40:08.371 12766 12768 D dalvikvm: GC_CONCURRENT freed 492K, 9% free 11183K/12167K, paused 2ms+3ms
07-13 09:40:11.851 12337 12351 I PhoneLab-: Service Running
07-13 09:40:11.929 12337 12351 I PhoneLab-LoggerService: app_36    23376 1     960    520   c00f181c 400107b4 S logcat
07-13 09:40:11.933 12337 12351 I PhoneLab-LoggerService: Logcat pid from database 23376
07-13 09:40:11.933 12337 12351 I PhoneLab-LoggerService: Logcat process found 23376
07-13 09:40:11.933 12337 12351 I PhoneLab-LoggerService: Checking Threshold
07-13 09:40:11.933 12337 12351 I PhoneLab-: Service Running
07-13 09:40:11.964 12337 12351 I PhoneLab-LoggerService: app_36    23376 1     960    520   c00f181c 400107b4 S logcat
07-13 09:40:11.964 12337 12351 I PhoneLab-LoggerService: Logcat pid from database 23376
07-13 09:40:11.964 12337 12351 I PhoneLab-LoggerService: Logcat process found 23376
07-13 09:40:11.964 12337 12351 I PhoneLab-LoggerService: Checking Threshold
07-13 09:40:14.046 12766 12768 D dalvikvm: GC_CONCURRENT freed 853K, 11% free 10928K/12167K, paused 36ms+4ms
07-13 09:40:16.066   142   541 I ActivityManager: No longer want com.google.android.apps.maps:NetworkLocationService (pid 12766): hidden #16
07-13 09:40:16.089   142   565 W GpsLocationProvider: Unneeded remove listener for uid 1000
07-13 09:40:16.093   142  3988 W ActivityManager: Scheduling restart of crashed service com.google.android.apps.maps/com.google.android.location.internal.server.NetworkLocationService in 5000ms
07-13 09:40:16.234   142   145 D dalvikvm: GC_CONCURRENT freed 1978K, 15% free 17580K/20615K, paused 3ms+8ms
07-13 09:40:16.343   212   213 D dalvikvm: GC_CONCURRENT freed 314K, 57% free 9896K/22599K, paused 2ms+3ms
07-13 09:40:16.414   212   213 D dalvikvm: GC_CONCURRENT freed 471K, 57% free 9933K/22599K, paused 1ms+3ms
07-13 09:40:23.011   285   285 I wpa_supplicant: wlan0: CTRL-EVENT-DISCONNECTED bssid=d0:c2:82:7e:31:51 reason=0
07-13 09:40:23.011  5761  5779 D CommandListener: Clearing all IP addresses on wlan0
07-13 09:40:23.027   142   198 D ConnectivityService: ConnectivityChange for WIFI: DISCONNECTED/DISCONNECTED
07-13 09:40:23.027   142   198 D ConnectivityService: Attempting to switch to mobile
07-13 09:40:23.031   142   198 D ConnectivityService: Attempting to switch to WIMAX
07-13 09:40:23.031   142   198 D ConnectivityService: Attempting to switch to BLUETOOTH_TETHER
07-13 09:40:23.035   142   198 E ConnectivityService: Exception trying to remove a route: java.lang.IllegalStateException: Unable to communicate with native dameon to add routes - com.android.server.NativeDaemonConnectorException: Cmd {interface route remove wlan0 default 67.20.211.254 32 0.0.0.0} failed with code 400 : {Failed to remove route from default table (No such process)}
07-13 09:40:23.046   142   198 D NetUtils: android_net_utils_resetConnections in env=0x196a7d8 clazz=0x28d00001 iface=wlan0 mask=0x3
07-13 09:40:23.046   142   198 E ConnectivityService: Exception trying to remove a route: java.lang.IllegalStateException: Unable to communicate with native dameon to add routes - com.android.server.NativeDaemonConnectorException: Cmd {interface route remove wlan0 default 0.0.0.0 0 67.20.211.254} failed with code 400 : {Failed to remove route from default table (No such process)}
07-13 09:40:23.046   142   198 D ConnectivityService: resetConnections(wlan0, 3)
07-13 09:40:23.160  7847 14098 W Smack/Packet: notify conn break (IOEx), close connection
07-13 09:40:23.316  7847 14098 I qtaguid : Failed write_ctrl(u 78) res=-1 errno=22
07-13 09:40:23.316  7847 14098 I qtaguid : Untagging socket 78 failed errno=-22
07-13 09:40:23.316  7847 14098 W NetworkManagementSocketTagger: untagSocket(78) failed with errno -22
07-13 09:40:23.343   142   198 D ConnectivityService: handleInetConditionChange: no active default network - ignore
07-13 09:40:23.445   142  7413 D dalvikvm: GC_EXPLICIT freed 554K, 16% free 17411K/20615K, paused 3ms+7ms
07-13 09:40:23.625   285   285 I wpa_supplicant: wlan0: Trying to associate with d0:c2:82:67:e7:61 (SSID='UB_Secure' freq=2437 MHz)
07-13 09:40:23.859   285   285 I wpa_supplicant: wlan0: Associated with d0:c2:82:67:e7:61
07-13 09:40:23.859   285   285 I wpa_supplicant: wlan0: CTRL-EVENT-EAP-STARTED EAP authentication started
07-13 09:40:23.863   285   285 I wpa_supplicant: wlan0: CTRL-EVENT-EAP-PROPOSED-METHOD vendor=0 method=4 -> NAK
07-13 09:40:23.867   285   285 I wpa_supplicant: wlan0: CTRL-EVENT-EAP-PROPOSED-METHOD vendor=0 method=25
07-13 09:40:23.867   285   285 I wpa_supplicant: wlan0: CTRL-EVENT-EAP-METHOD EAP vendor 0 method 25 (PEAP) selected
07-13 09:40:23.914   285   285 I wpa_supplicant: wlan0: CTRL-EVENT-EAP-PEER-CERT depth=2 subject='/C=US/O=Entrust.net/OU=www.entrust.net/CPS incorp. by ref. (limits liab.)/OU=(c) 1999 Entrust.net Limited/CN=Entrust.net Secure Server Certification Authority'
07-13 09:40:23.914   285   285 I wpa_supplicant: wlan0: CTRL-EVENT-EAP-PEER-CERT depth=2 subject='/C=US/O=Entrust.net/OU=www.entrust.net/CPS incorp. by ref. (limits liab.)/OU=(c) 1999 Entrust.net Limited/CN=Entrust.net Secure Server Certification Authority'
07-13 09:40:23.918   285   285 I wpa_supplicant: wlan0: CTRL-EVENT-EAP-PEER-CERT depth=1 subject='/C=US/ST=UT/L=Salt Lake City/O=The USERTRUST Network/CN=USERTrust Legacy Secure Server CA'
07-13 09:40:23.918   285   285 I wpa_supplicant: wlan0: CTRL-EVENT-EAP-PEER-CERT depth=0 subject='/C=US/postalCode=14260/ST=New York/L=Buffalo/street=305 Computing Center/O=SUNY AT BUFFALO/OU=Office of the President/OU=Issued through UNIVERSITY AT BUFFALO E-PKI Manager/OU=PremiumSSL Legacy/CN=ubsecure.acsu.buffalo.edu'
07-13 09:40:24.070   285   285 I wpa_supplicant: EAP-MSCHAPV2: Authentication succeeded
07-13 09:40:24.074   285   285 I wpa_supplicant: EAP-TLV: TLV Result - Success - EAP-TLV/Phase2 Completed
07-13 09:40:24.082   285   285 I wpa_supplicant: wlan0: CTRL-EVENT-EAP-SUCCESS EAP authentication completed successfully
07-13 09:40:24.152   285   285 I wpa_supplicant: wlan0: WPA: Key negotiation completed with d0:c2:82:67:e7:61 [PTK=CCMP GTK=TKIP]
07-13 09:40:24.152   285   285 I wpa_supplicant: wlan0: CTRL-EVENT-CONNECTED - Connection to d0:c2:82:67:e7:61 completed (reauth) [id=1 id_str=]
07-13 09:40:24.777   142   198 D ConnectivityService: ConnectivityChange for WIFI: CONNECTED/CONNECTED
07-13 09:40:24.793 12337 12337 I PhoneLab-WiFiReceiver: Wi-Fi is connected!
07-13 09:40:24.793 12337 12337 I PhoneLab-WiFiReceiver: SSID: UB_Secure BSSID: d0:c2:82:67:e7:61 RSSI: -200 LinkSpeed: -1
07-13 09:40:24.793 12337 12337 I PhoneLab-Locks: wake lock acquired
07-13 09:40:24.796 12337 12337 I PhoneLab-UploadLogs: Transfering log files now
07-13 09:40:24.796 12337 12337 I PhoneLab-UploadLogs: No log files to transfer
07-13 09:40:24.796 12337 12337 I PhoneLab-Locks: wake lock released
07-13 09:40:24.800 12337 12337 I PhoneLab-UploadLogs: OnStartCommand
07-13 09:40:24.820   142   193 W NetworkStats: dropping UID delta from unknown iface: iface=wlan0 uid=0 set=DEFAULT tag=0x0 rxBytes=0 rxPackets=0 txBytes=76 txPackets=1 operations=0
07-13 09:40:25.777   142   198 D ConnectivityService: NetTransition Wakelock for WifiStateMachine released by timeout
07-13 09:40:25.914   142   159 I ActivityManager: Start proc com.google.android.apps.maps:NetworkLocationService for service com.google.android.apps.maps/com.google.android.location.internal.server.NetworkLocationService: pid=14154 uid=10055 gids={3003, 1015}
07-13 09:40:26.066 14154 14157 D dalvikvm: GC_CONCURRENT freed 151K, 3% free 9381K/9607K, paused 1ms+2ms
07-13 09:40:26.101   142   202 D Tethering: MasterInitialState.processMessage what=3
07-13 09:40:26.117  7847  7847 I GTalkService/c: [AndroidEndpoint@1093976120] connect: acct=1000000, state=CONNECTING
07-13 09:40:26.121  7847  7847 I GTalkService/c: [GTalkConnection@1094478504] connect: acct=1, state=CONNECTING
07-13 09:40:26.164 13880 13880 I MediaUploader: No need to wake up
07-13 09:40:26.171 12337 12337 I PhoneLab-WiFiReceiver: Wi-Fi is disconnected!
07-13 09:40:26.179 12739 12739 D Bible - W/Misc: no connection 
07-13 09:40:26.234 13935 13935 W ContextScopeImpl: thread=1 tried to enter the scope of the application context. Ignored.
07-13 09:40:26.418 12696 13954 D PicasaSyncManager: active network: NetworkInfo: type: WIFI[], state: CONNECTED/CONNECTED, reason: (unspecified), extra: (none), roaming: false, failover: false, isAvailable: true
07-13 09:40:26.425 12696 13954 D PicasaSyncManager: background data: true
07-13 09:40:26.492  7847 13265 D dalvikvm: GC_EXPLICIT freed 334K, 5% free 10540K/11015K, paused 2ms+5ms
07-13 09:40:26.586 12185 12186 D dalvikvm: GC_CONCURRENT freed 411K, 7% free 9565K/10183K, paused 1ms+2ms
07-13 09:40:26.605 14154 14157 D dalvikvm: GC_CONCURRENT freed 171K, 4% free 9690K/9991K, paused 2ms+3ms
07-13 09:40:26.824 14154 14157 D dalvikvm: GC_CONCURRENT freed 158K, 3% free 10076K/10311K, paused 1ms+3ms
07-13 09:40:26.988 14154 14157 D dalvikvm: GC_CONCURRENT freed 663K, 8% free 9883K/10631K, paused 1ms+2ms
07-13 09:40:27.058   142   159 I ActivityManager: Start proc com.google.android.apps.maps:FriendService for broadcast com.google.android.apps.maps/com.google.googlenav.friend.android.ServiceReceiver: pid=14180 uid=10055 gids={3003, 1015}
07-13 09:40:27.183 14180 14184 D dalvikvm: GC_CONCURRENT freed 156K, 3% free 9376K/9607K, paused 2ms+2ms
07-13 09:40:27.332 14180 14184 D dalvikvm: GC_CONCURRENT freed 189K, 4% free 9687K/9991K, paused 1ms+2ms
07-13 09:40:27.379   142  4986 I ActivityManager: Start proc com.google.android.apps.maps:LocationFriendService for broadcast com.google.android.apps.maps/com.google.googlenav.friend.reporting.LocationReportingIntentReceiver: pid=14194 uid=10055 gids={3003, 1015}
07-13 09:40:27.379   142  4986 I ActivityManager: No longer want com.google.android.apps.googlevoice (pid 12820): hidden #16
07-13 09:40:27.457   142  3512 W ActivityManager: Scheduling restart of crashed service com.google.android.apps.googlevoice/.CallLogService in 5000ms
07-13 09:40:27.457   142  3512 W ActivityManager: Scheduling restart of crashed service com.google.android.apps.googlevoice/.UpdateService in 15000ms
07-13 09:40:27.519 14194 14196 D dalvikvm: GC_CONCURRENT freed 158K, 3% free 9374K/9607K, paused 4ms+2ms
07-13 09:40:27.726 14194 14196 D dalvikvm: GC_CONCURRENT freed 230K, 4% free 9684K/9991K, paused 1ms+2ms
07-13 09:40:27.734 14154 14161 I dalvikvm: Total arena pages for JIT: 11
07-13 09:40:27.761 14154 14161 I dalvikvm: Total arena pages for JIT: 12
07-13 09:40:27.761 14154 14161 I dalvikvm: Total arena pages for JIT: 13
07-13 09:40:27.761 14154 14161 I dalvikvm: Total arena pages for JIT: 14
07-13 09:40:27.761 14154 14161 I dalvikvm: Total arena pages for JIT: 15
07-13 09:40:27.761 14154 14161 I dalvikvm: Total arena pages for JIT: 16
07-13 09:40:27.761 14154 14161 I dalvikvm: Total arena pages for JIT: 17
07-13 09:40:27.828   142   202 D Tethering: MasterInitialState.processMessage what=3
07-13 09:40:27.949 13880 13880 I MediaUploader: No need to wake up
07-13 09:40:28.004 13935 13935 W ContextScopeImpl: thread=1 tried to enter the scope of the application context. Ignored.
07-13 09:40:28.078 12696 13954 D PicasaSyncManager: active network: NetworkInfo: type: WIFI[], state: CONNECTED/CONNECTED, reason: (unspecified), extra: (none), roaming: false, failover: false, isAvailable: true
07-13 09:40:28.078 12696 13954 D PicasaSyncManager: background data: true
07-13 09:40:28.140 12696 12708 D dalvikvm: GC_EXPLICIT freed 1099K, 21% free 13389K/16903K, paused 15ms+4ms
07-13 09:40:28.285 14154 14157 D dalvikvm: GC_CONCURRENT freed 195K, 5% free 10179K/10631K, paused 10ms+7ms
07-13 09:40:28.421 14154 14161 I dalvikvm: Total arena pages for JIT: 18
07-13 09:40:28.687 13441 13444 D dalvikvm: GC_CONCURRENT freed 291K, 5% free 9307K/9735K, paused 4ms+9ms
07-13 09:40:28.711 14154 14157 D dalvikvm: GC_CONCURRENT freed 413K, 5% free 10289K/10823K, paused 1ms+14ms
07-13 09:40:28.859   142   344 I ActivityManager: No longer want com.google.android.gm (pid 12640): hidden #16
07-13 09:40:28.871   142  3988 I WindowManager: WIN DEATH: Window{41781700 com.google.android.gm/com.google.android.gm.ConversationListActivityGmail paused=false}
07-13 09:40:29.179   142   198 D ConnectivityService: ConnectivityChange for mobile: CONNECTED/CONNECTED
07-13 09:40:29.207   142   198 D NetUtils: android_net_utils_resetConnections in env=0x196a7d8 clazz=0x3ce00001 iface=rmnet0 mask=0x3
07-13 09:40:29.207   142   198 D ConnectivityService: ConnectivityChange for mobile: DISCONNECTED/DISCONNECTED
07-13 09:40:29.207   142   198 D ConnectivityService: Attempting to switch to WIFI
07-13 09:40:29.207   142   198 D ConnectivityService: Attempting to switch to WIMAX
07-13 09:40:29.207   142   198 D ConnectivityService: Attempting to switch to BLUETOOTH_TETHER
07-13 09:40:29.207   142   198 D ConnectivityService: resetConnections(rmnet0, 3)
07-13 09:40:29.808   142   565 W GpsLocationProvider: Duplicate add listener for uid 10055
07-13 09:40:29.882   212   212 D dalvikvm: GC_FOR_ALLOC freed 559K, 57% free 9730K/22599K, paused 19ms
07-13 09:40:29.929   212   213 D dalvikvm: GC_CONCURRENT freed 516K, 57% free 9718K/22599K, paused 1ms+3ms
07-13 09:40:29.996   212   213 D dalvikvm: GC_CONCURRENT freed 394K, 57% free 9801K/22599K, paused 1ms+3ms
07-13 09:40:30.168   212   213 D dalvikvm: GC_CONCURRENT freed 291K, 57% free 9899K/22599K, paused 3ms+6ms
07-13 09:40:30.355   142   198 D ConnectivityService: handleInetConditionHoldEnd: net=1, condition=100, published condition=0
07-13 09:40:31.398  7847  7849 D dalvikvm: GC_CONCURRENT freed 447K, 6% free 10496K/11079K, paused 3ms+4ms
07-13 09:40:32.136   142   145 D dalvikvm: GC_CONCURRENT freed 1826K, 16% free 17504K/20615K, paused 26ms+8ms
07-13 09:40:32.234   142   202 D Tethering: MasterInitialState.processMessage what=3
07-13 09:40:32.277   142   202 D Tethering: MasterInitialState.processMessage what=3
07-13 09:40:32.343 12185 12186 D dalvikvm: GC_CONCURRENT freed 403K, 7% free 9565K/10183K, paused 1ms+2ms
07-13 09:40:32.394 12185 12185 D dalvikvm: GC_FOR_ALLOC freed 370K, 7% free 9557K/10183K, paused 29ms
07-13 09:40:32.425 12185 12185 D dalvikvm: GC_FOR_ALLOC freed 367K, 7% free 9557K/10183K, paused 15ms
07-13 09:40:32.480   461   464 D dalvikvm: GC_CONCURRENT freed 463K, 6% free 10099K/10695K, paused 138ms+3ms
07-13 09:40:32.484   142   159 I ActivityManager: Start proc com.google.android.apps.googlevoice for service com.google.android.apps.googlevoice/.CallLogService: pid=14228 uid=10053 gids={3003, 1015}
07-13 09:40:32.543 13880 13880 I MediaUploader: No need to wake up
07-13 09:40:32.675 13935 13935 W ContextScopeImpl: thread=1 tried to enter the scope of the application context. Ignored.
07-13 09:40:32.785   142   198 D ConnectivityService: handleInetConditionHoldEnd: net=1, condition=100, published condition=100
07-13 09:40:32.800 13880 13880 I MediaUploader: No need to wake up
07-13 09:40:32.886 13935 13935 W ContextScopeImpl: thread=1 tried to enter the scope of the application context. Ignored.
07-13 09:40:32.894 14228 14231 D dalvikvm: GC_CONCURRENT freed 247K, 4% free 9285K/9607K, paused 2ms+2ms
07-13 09:40:32.976 12696 13954 D PicasaSyncManager: active network: NetworkInfo: type: WIFI[], state: CONNECTED/CONNECTED, reason: (unspecified), extra: (none), roaming: false, failover: false, isAvailable: true
07-13 09:40:32.976 12696 13954 D PicasaSyncManager: background data: true
07-13 09:40:32.992 12696 13954 D PicasaSyncManager: active network: NetworkInfo: type: WIFI[], state: CONNECTED/CONNECTED, reason: (unspecified), extra: (none), roaming: false, failover: false, isAvailable: true
07-13 09:40:32.992 12696 13954 D PicasaSyncManager: background data: true
07-13 09:40:33.039 14154 14157 D dalvikvm: GC_CONCURRENT freed 361K, 5% free 10342K/10823K, paused 2ms+5ms
07-13 09:40:33.191 12942 12945 D dalvikvm: GC_CONCURRENT freed 512K, 7% free 9336K/9991K, paused 8ms+3ms
07-13 09:40:33.480 12739 12742 D dalvikvm: GC_CONCURRENT freed 443K, 8% free 9800K/10567K, paused 3ms+2ms
07-13 09:40:34.433   142   536 W ActivityManager: finishReceiver called but no pending broadcasts
07-13 09:40:34.574 14154 14157 D dalvikvm: GC_CONCURRENT freed 445K, 5% free 10416K/10951K, paused 2ms+2ms
07-13 09:40:39.691   142  4570 D dalvikvm: GC_EXPLICIT freed 702K, 16% free 17409K/20615K, paused 11ms+7ms
07-13 09:40:42.636   142  3512 D CountryDetector: The first listener is added
07-13 09:40:42.718 14228 14231 D dalvikvm: GC_CONCURRENT freed 468K, 6% free 9385K/9927K, paused 2ms+5ms
07-13 09:40:42.718 14228 14237 W CursorWrapperInner: Cursor finalized without prior close()
07-13 09:40:42.718 14228 14237 W CursorWrapperInner: Cursor finalized without prior close()
07-13 09:40:42.718 14228 14237 W CursorWrapperInner: Cursor finalized without prior close()
07-13 09:40:42.879 13962 13964 D dalvikvm: GC_CONCURRENT freed 435K, 6% free 9594K/10119K, paused 3ms+3ms
07-13 09:40:42.976   142  5832 I ActivityManager: No longer want com.android.sprintmenu (pid 12897): hidden #16
07-13 09:40:42.984   142  4570 W ActivityManager: Scheduling restart of crashed service com.android.sprintmenu/.HiddenPhoneService in 5000ms
07-13 09:40:43.347   142   536 W ActivityManager: finishReceiver called but no pending broadcasts
07-13 09:40:43.449 14154 14157 D dalvikvm: GC_CONCURRENT freed 496K, 6% free 10439K/11015K, paused 1ms+2ms
07-13 09:40:48.035   142   159 I ActivityManager: Start proc com.android.sprintmenu for service com.android.sprintmenu/.HiddenPhoneService: pid=14267 uid=1001 gids={3002, 3001, 3003, 1015}
07-13 09:40:52.164   142  5834 W ActivityManager: finishReceiver called but no pending broadcasts
07-13 09:40:52.250 14154 14157 D dalvikvm: GC_CONCURRENT freed 561K, 6% free 10438K/11079K, paused 2ms+3ms
07-13 09:41:37.945   285   285 I wpa_supplicant: wlan0: CTRL-EVENT-DISCONNECTED bssid=d0:c2:82:67:e7:61 reason=0
07-13 09:41:37.957  5761  5779 D CommandListener: Clearing all IP addresses on wlan0
07-13 09:41:38.004   142   198 D ConnectivityService: ConnectivityChange for WIFI: DISCONNECTED/DISCONNECTED
07-13 09:41:38.004   142   198 D ConnectivityService: Attempting to switch to mobile
07-13 09:41:38.004   142   198 D ConnectivityService: Attempting to switch to WIMAX
07-13 09:41:38.004   142   198 D ConnectivityService: Attempting to switch to BLUETOOTH_TETHER
07-13 09:41:38.007   142   198 E ConnectivityService: Exception trying to remove a route: java.lang.IllegalStateException: Unable to communicate with native dameon to add routes - com.android.server.NativeDaemonConnectorException: Cmd {interface route remove wlan0 default 67.20.211.254 32 0.0.0.0} failed with code 400 : {Failed to remove route from default table (No such process)}
07-13 09:41:38.015   142   198 D NetUtils: android_net_utils_resetConnections in env=0x196a7d8 clazz=0x4b200001 iface=wlan0 mask=0x3
07-13 09:41:38.015   142   198 E ConnectivityService: Exception trying to remove a route: java.lang.IllegalStateException: Unable to communicate with native dameon to add routes - com.android.server.NativeDaemonConnectorException: Cmd {interface route remove wlan0 default 0.0.0.0 0 67.20.211.254} failed with code 400 : {Failed to remove route from default table (No such process)}
07-13 09:41:38.015   142   198 D ConnectivityService: resetConnections(wlan0, 3)
07-13 09:41:38.152   364   367 D dalvikvm: GC_CONCURRENT freed 830K, 14% free 12057K/13895K, paused 8ms+8ms
07-13 09:41:38.171  7847 14220 W Smack/Packet: notify conn break (IOEx), close connection
07-13 09:41:38.328  7847 14220 I qtaguid : Failed write_ctrl(u 22) res=-1 errno=22
07-13 09:41:38.328  7847 14220 I qtaguid : Untagging socket 22 failed errno=-22
07-13 09:41:38.328  7847 14220 W NetworkManagementSocketTagger: untagSocket(22) failed with errno -22
07-13 09:41:38.351   142   198 D ConnectivityService: handleInetConditionChange: no active default network - ignore
07-13 09:41:41.074   142   202 D Tethering: MasterInitialState.processMessage what=3
07-13 09:41:41.125 13880 13880 I MediaUploader: No need to wake up
07-13 09:41:41.129 12337 12337 I PhoneLab-WiFiReceiver: Wi-Fi is disconnected!
07-13 09:41:41.136 12739 12739 D Bible - W/Misc: no connection 
07-13 09:41:41.199 12696 13954 D PicasaSyncManager: active network: null
07-13 09:41:41.199 12696 13954 D PicasaSyncManager: background data: true
07-13 09:41:44.929   142   198 D ConnectivityService: ConnectivityChange for mobile: CONNECTED/CONNECTED
07-13 09:41:45.011   142   194 D NetworkPolicy: applying policy NetworkPolicy[NetworkTemplate: matchRule=MOBILE_ALL, subscriberId=valid]: cycleDay=28, warningBytes=2147483648, limitBytes=-1, lastSnooze=-1 to ifaces [rmnet0]
07-13 09:41:45.156  7847  7847 I GTalkService/c: [AndroidEndpoint@1093976120] connect: acct=1000000, state=CONNECTING
07-13 09:41:45.164  7847  7847 I GTalkService/c: [GTalkConnection@1094478504] connect: acct=1, state=CONNECTING
07-13 09:41:45.711  7847  7849 D dalvikvm: GC_CONCURRENT freed 469K, 6% free 10492K/11079K, paused 1ms+4ms
07-13 09:41:45.929   142   198 D ConnectivityService: NetTransition Wakelock for WifiStateMachine released by timeout
07-13 09:41:46.914   142   198 D ConnectivityService: handleInetConditionHoldEnd: net=0, condition=100, published condition=0
07-13 09:41:48.058   142   202 D Tethering: MasterInitialState.processMessage what=3
07-13 09:41:48.211   142   145 D dalvikvm: GC_CONCURRENT freed 1813K, 15% free 17558K/20615K, paused 45ms+10ms
07-13 09:41:48.293 13880 13880 I MediaUploader: No need to wake up
07-13 09:41:48.359 13935 13935 W ContextScopeImpl: thread=1 tried to enter the scope of the application context. Ignored.
07-13 09:41:48.414 12696 13954 D PicasaSyncManager: active network: NetworkInfo: type: mobile[CDMA - EvDo rev. A], state: CONNECTED/CONNECTED, reason: (unspecified), extra: , roaming: false, failover: false, isAvailable: true
07-13 09:41:48.414 12696 13954 D PicasaSyncManager: background data: true
07-13 09:41:48.437 12185 12186 D dalvikvm: GC_CONCURRENT freed 405K, 7% free 9558K/10183K, paused 3ms+2ms
07-13 09:41:48.742   142   198 D ConnectivityService: handleInetConditionHoldEnd: net=0, condition=100, published condition=100
07-13 09:41:54.113   285   285 I wpa_supplicant: wlan0: Trying to associate with d0:c2:82:66:6b:f1 (SSID='UB_Secure' freq=2462 MHz)
07-13 09:41:54.285   285   285 I wpa_supplicant: wlan0: Associated with d0:c2:82:66:6b:f1
07-13 09:41:54.304   285   285 I wpa_supplicant: wlan0: CTRL-EVENT-EAP-STARTED EAP authentication started
07-13 09:41:54.308   285   285 I wpa_supplicant: wlan0: CTRL-EVENT-EAP-PROPOSED-METHOD vendor=0 method=4 -> NAK
07-13 09:41:54.312   285   285 I wpa_supplicant: wlan0: CTRL-EVENT-EAP-PROPOSED-METHOD vendor=0 method=25
07-13 09:41:54.312   285   285 I wpa_supplicant: wlan0: CTRL-EVENT-EAP-METHOD EAP vendor 0 method 25 (PEAP) selected
07-13 09:41:54.379   285   285 I wpa_supplicant: wlan0: CTRL-EVENT-EAP-PEER-CERT depth=2 subject='/C=US/O=Entrust.net/OU=www.entrust.net/CPS incorp. by ref. (limits liab.)/OU=(c) 1999 Entrust.net Limited/CN=Entrust.net Secure Server Certification Authority'
07-13 09:41:54.379   285   285 I wpa_supplicant: wlan0: CTRL-EVENT-EAP-PEER-CERT depth=2 subject='/C=US/O=Entrust.net/OU=www.entrust.net/CPS incorp. by ref. (limits liab.)/OU=(c) 1999 Entrust.net Limited/CN=Entrust.net Secure Server Certification Authority'
07-13 09:41:54.379   285   285 I wpa_supplicant: wlan0: CTRL-EVENT-EAP-PEER-CERT depth=1 subject='/C=US/ST=UT/L=Salt Lake City/O=The USERTRUST Network/CN=USERTrust Legacy Secure Server CA'
07-13 09:41:54.382   285   285 I wpa_supplicant: wlan0: CTRL-EVENT-EAP-PEER-CERT depth=0 subject='/C=US/postalCode=14260/ST=New York/L=Buffalo/street=305 Computing Center/O=SUNY AT BUFFALO/OU=Office of the President/OU=Issued through UNIVERSITY AT BUFFALO E-PKI Manager/OU=PremiumSSL Legacy/CN=ubsecure.acsu.buffalo.edu'
07-13 09:41:54.535   285   285 I wpa_supplicant: EAP-MSCHAPV2: Authentication succeeded
07-13 09:41:54.539   285   285 I wpa_supplicant: EAP-TLV: TLV Result - Success - EAP-TLV/Phase2 Completed
07-13 09:41:54.546   285   285 I wpa_supplicant: wlan0: CTRL-EVENT-EAP-SUCCESS EAP authentication completed successfully
07-13 09:41:54.593   285   285 I wpa_supplicant: wlan0: WPA: Key negotiation completed with d0:c2:82:66:6b:f1 [PTK=CCMP GTK=TKIP]
07-13 09:41:54.597   285   285 I wpa_supplicant: wlan0: CTRL-EVENT-CONNECTED - Connection to d0:c2:82:66:6b:f1 completed (reauth) [id=1 id_str=]
07-13 09:41:55.308   142   198 D ConnectivityService: ConnectivityChange for WIFI: CONNECTED/CONNECTED
07-13 09:41:55.312   142   198 D ConnectivityService: Policy requires mobile teardown
07-13 09:41:55.351 12337 12337 I PhoneLab-WiFiReceiver: Wi-Fi is connected!
07-13 09:41:55.351 12337 12337 I PhoneLab-WiFiReceiver: SSID: UB_Secure BSSID: d0:c2:82:66:6b:f1 RSSI: -200 LinkSpeed: -1
07-13 09:41:55.351 12337 12337 I PhoneLab-Locks: wake lock acquired
07-13 09:41:55.355 12337 12337 I PhoneLab-UploadLogs: Transfering log files now
07-13 09:41:55.355 12337 12337 I PhoneLab-UploadLogs: No log files to transfer
07-13 09:41:55.355 12337 12337 I PhoneLab-Locks: wake lock released
07-13 09:41:55.359 12337 12337 I PhoneLab-UploadLogs: OnStartCommand
07-13 09:41:55.418   142   198 D NetUtils: android_net_utils_resetConnections in env=0x196a7d8 clazz=0x6e600001 iface=rmnet0 mask=0x3
07-13 09:41:55.418   142   198 D ConnectivityService: ConnectivityChange for mobile: DISCONNECTED/DISCONNECTED
07-13 09:41:55.418   142   198 D ConnectivityService: Attempting to switch to WIFI
07-13 09:41:55.418   142   198 D ConnectivityService: Attempting to switch to WIMAX
07-13 09:41:55.418   142   198 D ConnectivityService: Attempting to switch to BLUETOOTH_TETHER
07-13 09:41:55.418   142   198 D ConnectivityService: resetConnections(rmnet0, 3)
07-13 09:41:55.425   142   193 W NetworkStats: dropping UID delta from unknown iface: iface=wlan0 uid=0 set=DEFAULT tag=0x0 rxBytes=0 rxPackets=0 txBytes=140 txPackets=2 operations=0
07-13 09:41:55.519  7847 14290 W Smack/Packet: notify conn break (IOEx), close connection
07-13 09:41:55.687  7847 14290 I qtaguid : Failed write_ctrl(u 22) res=-1 errno=22
07-13 09:41:55.687  7847 14290 I qtaguid : Untagging socket 22 failed errno=-22
07-13 09:41:55.687  7847 14290 W NetworkManagementSocketTagger: untagSocket(22) failed with errno -22
07-13 09:41:55.691   142   198 D ConnectivityService: handleInetConditionChange: net=0 != default=1 - ignore
07-13 09:41:58.445   142   202 D Tethering: MasterInitialState.processMessage what=3
07-13 09:41:58.496   142   202 D Tethering: MasterInitialState.processMessage what=3
07-13 09:41:58.511   142   202 D Tethering: MasterInitialState.processMessage what=3
07-13 09:41:58.511  7847  7847 I GTalkService/c: [AndroidEndpoint@1093976120] connect: acct=1000000, state=CONNECTING
07-13 09:41:58.515  7847  7847 I GTalkService/c: [GTalkConnection@1094478504] connect: acct=1, state=CONNECTING
07-13 09:41:58.558  7847  7849 D dalvikvm: GC_CONCURRENT freed 487K, 6% free 10455K/11079K, paused 1ms+3ms
07-13 09:41:58.609 13880 13880 I MediaUploader: No need to wake up
07-13 09:41:58.691 13935 13935 W ContextScopeImpl: thread=1 tried to enter the scope of the application context. Ignored.
07-13 09:41:58.714 13897 13899 D dalvikvm: GC_CONCURRENT freed 338K, 5% free 9782K/10247K, paused 9ms+3ms
07-13 09:41:58.781 12696 13954 D PicasaSyncManager: active network: NetworkInfo: type: WIFI[], state: CONNECTED/CONNECTED, reason: (unspecified), extra: (none), roaming: false, failover: false, isAvailable: true
07-13 09:41:58.785 12696 13954 D PicasaSyncManager: background data: true
07-13 09:41:58.808 13880 13880 I MediaUploader: No need to wake up
07-13 09:41:58.832 12185 12186 D dalvikvm: GC_CONCURRENT freed 394K, 7% free 9566K/10183K, paused 2ms+11ms
07-13 09:41:58.910 12185 12185 D dalvikvm: GC_FOR_ALLOC freed 373K, 7% free 9557K/10183K, paused 23ms
07-13 09:41:58.929 13935 13935 W ContextScopeImpl: thread=1 tried to enter the scope of the application context. Ignored.
07-13 09:41:59.004 13880 13880 I MediaUploader: No need to wake up
07-13 09:41:59.050 13935 13935 W ContextScopeImpl: thread=1 tried to enter the scope of the application context. Ignored.
07-13 09:41:59.183   142  5834 D dalvikvm: GC_EXPLICIT freed 1834K, 16% free 17475K/20615K, paused 8ms+8ms
07-13 09:41:59.226 12696 13954 D PicasaSyncManager: active network: NetworkInfo: type: WIFI[], state: CONNECTED/CONNECTED, reason: (unspecified), extra: (none), roaming: false, failover: false, isAvailable: true
07-13 09:41:59.230 12696 13954 D PicasaSyncManager: background data: true
07-13 09:41:59.242 12696 13954 D PicasaSyncManager: active network: NetworkInfo: type: WIFI[], state: CONNECTED/CONNECTED, reason: (unspecified), extra: (none), roaming: false, failover: false, isAvailable: true
07-13 09:41:59.242 12696 13954 D PicasaSyncManager: background data: true
07-13 09:42:00.281 12739 12742 D dalvikvm: GC_CONCURRENT freed 427K, 7% free 9884K/10567K, paused 6ms+2ms
07-13 09:42:01.296  7847  7849 D dalvikvm: GC_CONCURRENT freed 361K, 6% free 10481K/11079K, paused 16ms+3ms
07-13 09:42:01.605   142   198 D ConnectivityService: handleInetConditionHoldEnd: net=1, condition=100, published condition=0
07-13 09:42:13.504 12337 12351 I PhoneLab-: Service Running
07-13 09:42:13.574 12337 12351 I PhoneLab-LoggerService: app_36    23376 1     960    520   c00f181c 400107b4 S logcat
07-13 09:42:13.574 12337 12351 I PhoneLab-LoggerService: Logcat pid from database 23376
07-13 09:42:13.574 12337 12351 I PhoneLab-LoggerService: Logcat process found 23376
07-13 09:42:13.574 12337 12351 I PhoneLab-LoggerService: Checking Threshold
07-13 09:42:30.160   212   213 D dalvikvm: GC_CONCURRENT freed 431K, 57% free 9889K/22599K, paused 2ms+3ms
07-13 09:42:30.242   212   213 D dalvikvm: GC_CONCURRENT freed 539K, 57% free 9810K/22599K, paused 2ms+3ms
07-13 09:42:44.191   142   166 I ActivityManager: Start proc com.google.android.gm for service com.google.android.gm/.provider.MailSyncAdapterService: pid=14360 uid=10058 gids={3003, 1015}
07-13 09:42:44.320 14360 14360 I ActivityThread: Pub gmail-ls: com.google.android.gm.provider.MailProvider
07-13 09:42:44.363 14360 14360 I ActivityThread: Pub com.google.android.gm: com.google.android.gm.provider.PublicContentProvider
07-13 09:42:44.371 14360 14360 I ActivityThread: Pub com.google.android.gmail.SuggestionProvider: com.google.android.gm.SuggestionsProvider
07-13 09:42:44.566 14360 14363 D dalvikvm: GC_CONCURRENT freed 211K, 4% free 9256K/9543K, paused 2ms+2ms
07-13 09:42:44.910 14360 14377 I Gmail   : calculateUnknownSyncRationalesAndPurgeInBackground: queueing
07-13 09:42:44.965 14360 14377 I Gmail   : calculateUnknownSyncRationalesAndPurgeInBackground: queueing
07-13 09:42:44.980 14360 14376 I Gmail   : MainSyncRequestProto: lowestBkwdConvoId: 0, highestHandledServerOp: 2723125, normalSync: true
07-13 09:42:45.007 14360 14377 I Gmail   : calculateUnknownSyncRationalesAndPurgeInBackground: running
07-13 09:42:45.019 14360 14377 I Gmail   : calculateUnknownSyncRationalesAndPurgeInBackground: running
07-13 09:42:45.562 14360 14363 D dalvikvm: GC_CONCURRENT freed 213K, 4% free 9447K/9799K, paused 15ms+2ms
07-13 09:42:47.047 14360 14363 D dalvikvm: GC_CONCURRENT freed 312K, 5% free 9542K/9991K, paused 2ms+2ms
07-13 09:42:47.336 14360 14363 D dalvikvm: GC_CONCURRENT freed 462K, 6% free 9524K/10119K, paused 2ms+2ms
07-13 09:42:47.468 14360 14363 D dalvikvm: GC_CONCURRENT freed 406K, 6% free 9522K/10119K, paused 4ms+3ms
07-13 09:42:47.632 14360 14376 D dalvikvm: GC_EXPLICIT freed 283K, 7% free 9507K/10119K, paused 3ms+2ms
07-13 09:42:47.636 14360 14376 I Gmail   : MainSyncRequestProto: lowestBkwdConvoId: 0, highestHandledServerOp: 2723164, normalSync: true
07-13 09:42:47.640 14360 14376 I Gmail   : lowestBackward conversation id 0
07-13 09:42:47.672 14360 14376 I Gmail   : Sending notification intent: Intent { act=android.intent.action.PROVIDER_CHANGED dat=content://gmail-ls/unread/^i (has extras) }
07-13 09:42:47.699 14360 14376 I Gmail   : Sending notification intent: Intent { act=android.intent.action.PROVIDER_CHANGED dat=content://gmail-ls/unread/^iim (has extras) }
07-13 09:42:47.730   142  4570 I ActivityManager: No longer want com.android.calendar (pid 12605): hidden #16
07-13 09:43:55.957   142   344 W ActivityManager: finishReceiver called but no pending broadcasts
07-13 09:43:56.019 14154 14157 D dalvikvm: GC_CONCURRENT freed 499K, 6% free 10450K/11079K, paused 1ms+3ms
07-13 09:44:03.050 14154 14157 D dalvikvm: GC_CONCURRENT freed 497K, 7% free 10338K/11079K, paused 20ms+2ms
07-13 09:44:04.781   142   142 W ActivityManager: finishReceiver called but no pending broadcasts
07-13 09:44:04.859 14154 14157 D dalvikvm: GC_CONCURRENT freed 426K, 6% free 10423K/11079K, paused 1ms+2ms
07-13 09:44:13.582   142   142 W ActivityManager: finishReceiver called but no pending broadcasts
07-13 09:44:13.664 14154 14157 D dalvikvm: GC_CONCURRENT freed 491K, 6% free 10444K/11079K, paused 1ms+3ms
07-13 09:45:44.418 14360 14389 I Gmail   : MainSyncRequestProto: lowestBkwdConvoId: 0, highestHandledServerOp: 2723164, normalSync: true
07-13 09:45:45.437 14360 14363 D dalvikvm: GC_CONCURRENT freed 324K, 6% free 9568K/10119K, paused 13ms+2ms
07-13 09:45:46.074 14360 14389 D dalvikvm: GC_EXPLICIT freed 253K, 6% free 9525K/10119K, paused 1ms+3ms
07-13 09:45:46.078 14360 14389 I Gmail   : MainSyncRequestProto: lowestBkwdConvoId: 0, highestHandledServerOp: 2723367, normalSync: true
07-13 09:45:46.781 14360 14389 D dalvikvm: GC_EXPLICIT freed 298K, 6% free 9567K/10119K, paused 4ms+3ms
07-13 09:45:46.785 14360 14389 I Gmail   : MainSyncRequestProto: lowestBkwdConvoId: 0, highestHandledServerOp: 2723367, normalSync: true
07-13 09:45:46.789 14360 14389 I Gmail   : lowestBackward conversation id 0
07-13 09:45:46.808 14360 14389 W Gmail   : Scheduling index for 300000 ms from now
07-13 09:45:46.828 14360 14389 I Gmail   : Sending notification intent: Intent { act=android.intent.action.PROVIDER_CHANGED dat=content://gmail-ls/unread/^i (has extras) }
07-13 09:45:46.836 14360 14389 I Gmail   : Sending notification intent: Intent { act=android.intent.action.PROVIDER_CHANGED dat=content://gmail-ls/unread/^iim (has extras) }
07-13 09:46:10.394 12337 12351 I PhoneLab-: Service Running
07-13 09:46:10.468 12337 12351 I PhoneLab-LoggerService: app_36    23376 1     960    520   c00f181c 400107b4 S logcat
07-13 09:46:10.468 12337 12351 I PhoneLab-LoggerService: Logcat pid from database 23376
07-13 09:46:10.468 12337 12351 I PhoneLab-LoggerService: Logcat process found 23376
07-13 09:46:10.468 12337 12351 I PhoneLab-LoggerService: Checking Threshold
07-13 09:46:10.468 12337 12351 I PhoneLab-: Service Running
07-13 09:46:10.511 12337 12351 I PhoneLab-LoggerService: app_36    23376 1     960    520   c00f181c 400107b4 S logcat
07-13 09:46:10.511 12337 12351 I PhoneLab-LoggerService: Logcat pid from database 23376
07-13 09:46:10.511 12337 12351 I PhoneLab-LoggerService: Logcat process found 23376
07-13 09:46:10.511 12337 12351 I PhoneLab-LoggerService: Checking Threshold
07-13 09:46:10.523 12337 12340 D dalvikvm: GC_CONCURRENT freed 398K, 18% free 9145K/11079K, paused 5ms+2ms
07-13 09:47:17.378   142   344 W ActivityManager: finishReceiver called but no pending broadcasts
07-13 09:47:17.453 14154 14157 D dalvikvm: GC_CONCURRENT freed 517K, 6% free 10438K/11079K, paused 1ms+2ms
07-13 09:48:44.197  7847 14354 D dalvikvm: GC_EXPLICIT freed 251K, 6% free 10513K/11079K, paused 8ms+3ms
07-13 09:48:44.240 14360 14398 I Gmail   : MainSyncRequestProto: lowestBkwdConvoId: 0, highestHandledServerOp: 2723367, normalSync: true
07-13 09:48:45.045 14360 14398 D dalvikvm: GC_EXPLICIT freed 261K, 6% free 9579K/10119K, paused 4ms+3ms
07-13 09:48:45.049 14360 14398 I Gmail   : MainSyncRequestProto: lowestBkwdConvoId: 0, highestHandledServerOp: 2723397, normalSync: true
07-13 09:48:45.818 14360 14398 D dalvikvm: GC_FOR_ALLOC freed 347K, 6% free 9598K/10183K, paused 15ms
07-13 09:48:45.834 14360 14398 D dalvikvm: GC_FOR_ALLOC freed 28K, 6% free 9589K/10183K, paused 15ms
07-13 09:48:45.963 14360 14398 D dalvikvm: GC_EXPLICIT freed 211K, 6% free 9596K/10183K, paused 3ms+3ms
07-13 09:48:45.967 14360 14398 I Gmail   : MainSyncRequestProto: lowestBkwdConvoId: 0, highestHandledServerOp: 2723397, normalSync: true
07-13 09:48:45.971 14360 14398 I Gmail   : lowestBackward conversation id 0
07-13 09:48:45.978 14360 14398 W Gmail   : Scheduling index for 300000 ms from now
07-13 09:50:21.203   142   154 W ActivityManager: finishReceiver called but no pending broadcasts
07-13 09:50:21.269 14154 14157 D dalvikvm: GC_CONCURRENT freed 525K, 6% free 10424K/11079K, paused 2ms+2ms
07-13 09:51:21.011 12337 12351 I PhoneLab-: Service Running
07-13 09:51:21.046 12337 12351 I PhoneLab-LoggerService: app_36    23376 1     960    520   c00f181c 400107b4 S logcat
07-13 09:51:21.046 12337 12351 I PhoneLab-LoggerService: Logcat pid from database 23376
07-13 09:51:21.046 12337 12351 I PhoneLab-LoggerService: Logcat process found 23376
07-13 09:51:21.046 12337 12351 I PhoneLab-LoggerService: Checking Threshold
07-13 09:51:21.046 12337 12351 I PhoneLab-: Service Running
07-13 09:51:21.082 12337 12351 I PhoneLab-LoggerService: app_36    23376 1     960    520   c00f181c 400107b4 S logcat
07-13 09:51:21.082 12337 12351 I PhoneLab-LoggerService: Logcat pid from database 23376
07-13 09:51:21.082 12337 12351 I PhoneLab-LoggerService: Logcat process found 23376
07-13 09:51:21.082 12337 12351 I PhoneLab-LoggerService: Checking Threshold
07-13 09:51:45.121   142   145 D dalvikvm: GC_CONCURRENT freed 1850K, 15% free 17578K/20615K, paused 3ms+9ms
07-13 09:51:45.929 14360 14426 I Gmail   : MainSyncRequestProto: lowestBkwdConvoId: 0, highestHandledServerOp: 2723397, normalSync: true
07-13 09:51:47.484 14360 14426 D dalvikvm: GC_EXPLICIT freed 261K, 6% free 9581K/10183K, paused 4ms+3ms
07-13 09:51:47.488 14360 14426 I Gmail   : MainSyncRequestProto: lowestBkwdConvoId: 0, highestHandledServerOp: 2723426, normalSync: true
07-13 09:51:53.578   285   285 I wpa_supplicant: wlan0: CTRL-EVENT-DISCONNECTED bssid=d0:c2:82:66:6b:f1 reason=0
