07-13 19:56:29.879  2320  2405 D dalvikvm: GC_FOR_ALLOC freed 244K, 8% free 13534K/14663K, paused 90ms
07-13 19:56:29.933  2320  2405 D dalvikvm: GC_FOR_ALLOC freed 293K, 10% free 13531K/14983K, paused 43ms
07-13 19:56:29.933  2320  2405 I dalvikvm-heap: Grow heap (frag case) to 13.570MB for 297898-byte allocation
07-13 19:56:29.937  2487  2489 D dalvikvm: GC_CONCURRENT freed 125K, 3% free 10540K/10823K, paused 15ms+2ms
07-13 19:56:29.976  2320  2405 D dalvikvm: GC_FOR_ALLOC freed 0K, 10% free 13822K/15303K, paused 41ms
07-13 19:56:30.023  2487  2530 D dalvikvm: GC_FOR_ALLOC freed 103K, 4% free 10724K/11079K, paused 21ms
07-13 19:56:30.269   142   541 I ActivityManager: Process android.process.acore (pid 2500) has died.
07-13 19:56:30.375   142   298 I ActivityManager: Start proc android.process.acore for content provider com.android.providers.contacts/.ContactsProvider2: pid=2538 uid=10000 gids={3003, 1015}
07-13 19:56:30.418  2538  2538 I ActivityThread: Pub call_log: com.android.providers.contacts.CallLogProvider
07-13 19:56:30.429  2538  2538 I ActivityThread: Pub com.android.voicemail: com.android.providers.contacts.VoicemailContentProvider
07-13 19:56:30.437  2538  2538 I ActivityThread: Pub user_dictionary: com.android.providers.userdictionary.UserDictionaryProvider
07-13 19:56:30.441  2538  2538 I ActivityThread: Pub com.android.social: com.android.providers.contacts.SocialProvider
07-13 19:56:30.449  2538  2538 I ActivityThread: Pub applications: com.android.providers.applications.ApplicationsProvider
07-13 19:56:30.617  2538  2538 I ActivityThread: Pub contacts;com.android.contacts: com.android.providers.contacts.ContactsProvider2
07-13 19:56:30.640  2538  2541 D dalvikvm: GC_CONCURRENT freed 328K, 5% free 9194K/9607K, paused 2ms+2ms
07-13 19:56:30.992   142  1095 I ActivityManager: Process android.process.acore (pid 2538) has died.
07-13 19:56:31.125   142  1095 D dalvikvm: GC_FOR_ALLOC freed 506K, 15% free 17721K/20743K, paused 109ms
07-13 19:56:31.242   142   536 I ActivityManager: Start proc android.process.acore for content provider com.android.providers.contacts/.ContactsProvider2: pid=2554 uid=10000 gids={3003, 1015}
07-13 19:56:31.265  2554  2554 I ActivityThread: Pub call_log: com.android.providers.contacts.CallLogProvider
07-13 19:56:31.269  2554  2554 I ActivityThread: Pub com.android.voicemail: com.android.providers.contacts.VoicemailContentProvider
07-13 19:56:31.273  2554  2554 I ActivityThread: Pub user_dictionary: com.android.providers.userdictionary.UserDictionaryProvider
07-13 19:56:31.277  2554  2554 I ActivityThread: Pub com.android.social: com.android.providers.contacts.SocialProvider
07-13 19:56:31.277  2554  2554 I ActivityThread: Pub applications: com.android.providers.applications.ApplicationsProvider
07-13 19:56:31.336  2554  2554 I ActivityThread: Pub contacts;com.android.contacts: com.android.providers.contacts.ContactsProvider2
07-13 19:56:31.351  2554  2557 D dalvikvm: GC_CONCURRENT freed 347K, 5% free 9185K/9607K, paused 2ms+2ms
07-13 19:56:31.996   142  5832 I ActivityManager: Process android.process.acore (pid 2554) has died.
07-13 19:56:32.785  2320  2321 D dalvikvm: GC_CONCURRENT freed 1019K, 8% free 14343K/15495K, paused 14ms+3ms
07-13 19:56:34.523   142  5834 I ActivityManager: Process hdn.android.countdown (pid 30271) has died.
07-13 19:56:34.523   142  5834 W ActivityManager: Scheduling restart of crashed service hdn.android.countdown/.CountdownService in 13871ms
07-13 19:56:34.648   142  5834 D dalvikvm: GC_FOR_ALLOC freed 397K, 15% free 17720K/20743K, paused 90ms
07-13 19:56:35.207  2320  2321 D dalvikvm: GC_CONCURRENT freed 1655K, 12% free 14346K/16135K, paused 3ms+3ms
07-13 19:56:38.351  2320  2321 D dalvikvm: GC_CONCURRENT freed 2755K, 18% free 13242K/16135K, paused 24ms+3ms
07-13 19:56:38.406   142   159 I ActivityManager: Start proc com.google.android.apps.googlevoice for service com.google.android.apps.googlevoice/.UpdateService: pid=2572 uid=10053 gids={3003, 1015}
07-13 19:56:38.836  2572  2575 D dalvikvm: GC_CONCURRENT freed 237K, 4% free 9284K/9607K, paused 10ms+7ms
07-13 19:56:38.863   142  5834 I ActivityManager: Start proc android.process.acore for content provider com.android.providers.contacts/.VoicemailContentProvider: pid=2587 uid=10000 gids={3003, 1015}
07-13 19:56:38.894  2587  2587 I ActivityThread: Pub call_log: com.android.providers.contacts.CallLogProvider
07-13 19:56:38.898  2587  2587 I ActivityThread: Pub com.android.voicemail: com.android.providers.contacts.VoicemailContentProvider
07-13 19:56:38.902  2587  2587 I ActivityThread: Pub user_dictionary: com.android.providers.userdictionary.UserDictionaryProvider
07-13 19:56:38.906  2587  2587 I ActivityThread: Pub com.android.social: com.android.providers.contacts.SocialProvider
07-13 19:56:38.910  2587  2587 I ActivityThread: Pub applications: com.android.providers.applications.ApplicationsProvider
07-13 19:56:38.968  2587  2587 I ActivityThread: Pub contacts;com.android.contacts: com.android.providers.contacts.ContactsProvider2
07-13 19:56:38.976  2587  2589 D dalvikvm: GC_CONCURRENT freed 333K, 5% free 9183K/9607K, paused 2ms+2ms
07-13 19:56:39.398   142  5832 D CountryDetector: The first listener is added
07-13 19:56:39.414  2572  2575 D dalvikvm: GC_CONCURRENT freed 477K, 6% free 9371K/9927K, paused 36ms+4ms
07-13 19:56:39.418  2572  2581 W CursorWrapperInner: Cursor finalized without prior close()
07-13 19:56:39.418  2572  2581 W CursorWrapperInner: Cursor finalized without prior close()
07-13 19:56:39.418  2572  2581 W CursorWrapperInner: Cursor finalized without prior close()
07-13 19:56:39.504  2587  2589 D dalvikvm: GC_CONCURRENT freed 268K, 4% free 9457K/9799K, paused 11ms+2ms
07-13 19:56:41.007   142  1095 I ActivityManager: Process com.facebook.katana (pid 2244) has died.
07-13 19:56:41.007   142  1095 W ActivityManager: Scheduling restart of crashed service com.facebook.katana/.service.MediaUploadService in 17388ms
07-13 19:56:41.414  2587  2589 D dalvikvm: GC_CONCURRENT freed 239K, 4% free 9736K/10055K, paused 41ms+9ms
07-13 19:56:41.675   142  5832 I ActivityManager: Process android.process.acore (pid 2587) has died.
07-13 19:56:41.675   142  4570 D CountryDetector: No listener is left
07-13 19:56:41.941   142  5832 D dalvikvm: GC_FOR_ALLOC freed 469K, 15% free 17722K/20743K, paused 230ms
07-13 19:56:42.089   142  4986 I ActivityManager: Start proc android.process.acore for content provider com.android.providers.contacts/.ContactsProvider2: pid=2618 uid=10000 gids={3003, 1015}
07-13 19:56:42.183   142   142 D dalvikvm: GC_EXPLICIT freed 161K, 15% free 17710K/20743K, paused 2ms+7ms
07-13 19:56:42.211   142   158 I Process : Sending signal. PID: 26409 SIG: 3
07-13 19:56:42.211 26409 26411 I dalvikvm: threadid=3: reacting to signal 3
07-13 19:56:42.382 26409 26411 I dalvikvm: Wrote stack traces to '/data/anr/traces.txt'
07-13 19:56:42.406  2618  2618 I ActivityThread: Pub call_log: com.android.providers.contacts.CallLogProvider
07-13 19:56:42.449  2618  2618 I ActivityThread: Pub com.android.voicemail: com.android.providers.contacts.VoicemailContentProvider
07-13 19:56:42.449  2618  2618 I ActivityThread: Pub user_dictionary: com.android.providers.userdictionary.UserDictionaryProvider
07-13 19:56:42.617  2618  2618 I ActivityThread: Pub com.android.social: com.android.providers.contacts.SocialProvider
07-13 19:56:42.617  2618  2618 I ActivityThread: Pub applications: com.android.providers.applications.ApplicationsProvider
07-13 19:56:42.832  2618  2618 I ActivityThread: Pub contacts;com.android.contacts: com.android.providers.contacts.ContactsProvider2
07-13 19:56:42.855  2618  2619 D dalvikvm: GC_CONCURRENT freed 355K, 5% free 9178K/9607K, paused 51ms+6ms
07-13 19:56:43.039 26409  2221 W AndroidResourcesFactory: [chromesync#1604387069] Not running on internal thread since resources not started 58975, RegSyncHeartbeat:com.google.ipc.invalidation.ticl.RecurringTask$1@41397638
07-13 19:58:25.093  2618  2619 D dalvikvm: GC_CONCURRENT freed 253K, 4% free 9353K/9735K, paused 17ms+4ms
07-13 19:58:25.199   142   173 I power   : *** set_screen_state 1
07-13 19:58:25.398    78   117 D SurfaceFlinger: Screen about to return, flinger = 0x18e7918
07-13 19:58:25.617   142   173 I WindowManager: Lock screen displayed!
07-13 19:58:25.640 26409 26409 D NetworkConnectivityReceiver: Network connectivity changed, status is: true
07-13 19:58:26.207   142   142 I ActivityManager: Start proc com.google.android.gsf.login for service com.google.android.gsf.login/com.google.android.gsf.loginservice.GoogleLoginService: pid=2640 uid=10009 gids={3003, 1015, 1007, 2001, 3006}
07-13 19:58:26.636   142   344 I ActivityManager: Process android.process.acore (pid 2618) has died.
07-13 19:58:28.207   142   154 I ActivityManager: Start proc android.process.acore for content provider com.android.providers.contacts/.ContactsProvider2: pid=2661 uid=10000 gids={3003, 1015}
07-13 19:58:28.234  2661  2661 I ActivityThread: Pub call_log: com.android.providers.contacts.CallLogProvider
07-13 19:58:28.242  2661  2661 I ActivityThread: Pub com.android.voicemail: com.android.providers.contacts.VoicemailContentProvider
07-13 19:58:28.246  2661  2661 I ActivityThread: Pub user_dictionary: com.android.providers.userdictionary.UserDictionaryProvider
07-13 19:58:28.254  2661  2661 I ActivityThread: Pub com.android.social: com.android.providers.contacts.SocialProvider
07-13 19:58:28.254  2661  2661 I ActivityThread: Pub applications: com.android.providers.applications.ApplicationsProvider
07-13 19:58:28.320  2661  2661 I ActivityThread: Pub contacts;com.android.contacts: com.android.providers.contacts.ContactsProvider2
07-13 19:58:28.343  2661  2664 D dalvikvm: GC_CONCURRENT freed 359K, 5% free 9186K/9607K, paused 2ms+3ms
07-13 19:58:28.480   142  4570 I ActivityManager: Process com.google.android.gsf.login (pid 2640) has died.
07-13 19:58:28.953  2661  2664 D dalvikvm: GC_CONCURRENT freed 231K, 4% free 9378K/9735K, paused 41ms+3ms
07-13 19:58:29.054   142   159 I ActivityManager: Start proc hdn.android.countdown for service hdn.android.countdown/.CountdownService: pid=2680 uid=10079 gids={3003}
07-13 19:58:29.101  2680  2680 I dalvikvm: Turning on JNI app bug workarounds for target SDK version 4...
07-13 19:58:29.132    79    79 D dalvikvm: GC_EXPLICIT freed 37K, 4% free 9027K/9347K, paused 22ms+3ms
07-13 19:58:29.191    79    79 D dalvikvm: GC_EXPLICIT freed <1K, 4% free 9027K/9347K, paused 5ms+2ms
07-13 19:58:29.230    79    79 D dalvikvm: GC_EXPLICIT freed <1K, 4% free 9027K/9347K, paused 3ms+2ms
07-13 19:58:29.242   142  3512 I ActivityManager: Process android.process.acore (pid 2661) has died.
07-13 19:58:29.429   142  3988 I ActivityManager: Start proc android.process.acore for content provider com.android.providers.contacts/.ContactsProvider2: pid=2696 uid=10000 gids={3003, 1015}
07-13 19:58:29.453  2696  2696 I ActivityThread: Pub call_log: com.android.providers.contacts.CallLogProvider
07-13 19:58:29.461  2696  2696 I ActivityThread: Pub com.android.voicemail: com.android.providers.contacts.VoicemailContentProvider
07-13 19:58:29.461  2696  2696 I ActivityThread: Pub user_dictionary: com.android.providers.userdictionary.UserDictionaryProvider
07-13 19:58:29.465  2696  2696 I ActivityThread: Pub com.android.social: com.android.providers.contacts.SocialProvider
07-13 19:58:29.468  2696  2696 I ActivityThread: Pub applications: com.android.providers.applications.ApplicationsProvider
07-13 19:58:29.558  2696  2696 I ActivityThread: Pub contacts;com.android.contacts: com.android.providers.contacts.ContactsProvider2
07-13 19:58:29.562 26409 26410 D dalvikvm: GC_CONCURRENT freed 553K, 9% free 11277K/12295K, paused 6ms+9ms
07-13 19:58:29.609  2696  2699 D dalvikvm: GC_CONCURRENT freed 347K, 5% free 9185K/9607K, paused 2ms+2ms
07-13 19:58:29.668   142   142 I ActivityManager: Process com.google.android.apps.plus (pid 2320) has died.
07-13 19:58:30.226  2696  2699 D dalvikvm: GC_CONCURRENT freed 244K, 4% free 9353K/9735K, paused 4ms+5ms
07-13 19:58:30.476 26409 26409 D ChromeBrowserSyncAdapter: no delayed sync
07-13 19:58:35.996   142   169 I power   : *** set_screen_state 0
07-13 19:58:36.050    78   117 D SurfaceFlinger: About to give-up screen, flinger = 0x18e7918
07-13 19:58:36.230   142   173 D UnlockScreen: portrait mode
07-13 19:58:36.718 26409 26409 W IInputConnectionWrapper: beginBatchEdit on inactive InputConnection
07-13 19:58:36.734 26409 26409 W IInputConnectionWrapper: endBatchEdit on inactive InputConnection
07-13 19:58:36.777   142   173 V TransportControlView: Create TCV com.android.internal.widget.TransportControlView@41345dd0
07-13 19:59:37.441 26409  2655 W AndroidResourcesFactory: [chromesync#1604387069] Not running on internal thread since resources not started 10000, PersistentWrite:com.google.ipc.invalidation.ticl.RecurringTask$1@415c6ff0
07-13 20:01:09.015   142   159 I ActivityManager: Start proc com.facebook.katana for service com.facebook.katana/.service.MediaUploadService: pid=2713 uid=10070 gids={3003, 1006, 1015}
07-13 20:01:09.062  2713  2713 I dalvikvm: Turning on JNI app bug workarounds for target SDK version 7...
07-13 20:01:09.191  2713  2715 D dalvikvm: GC_CONCURRENT freed 151K, 3% free 9382K/9607K, paused 11ms+2ms
07-13 20:01:09.402  2713  2713 I ActivityThread: Pub com.facebook.katana.provider.LoggingProvider: com.facebook.katana.provider.LoggingProvider
07-13 20:01:09.468  2713  2713 I ActivityThread: Pub com.facebook.katana.provider.KeyValueProvider: com.facebook.katana.provider.KeyValueProvider
07-13 20:01:09.476  2713  2713 I ActivityThread: Pub com.facebook.katana.provider.CacheProvider: com.facebook.katana.provider.CacheProvider
07-13 20:01:09.476  2713  2713 I ActivityThread: Pub com.facebook.katana.provider.MailboxProvider: com.facebook.katana.provider.MailboxProvider
07-13 20:01:09.492  2713  2713 I ActivityThread: Pub com.facebook.katana.provider.UserStatusesProvider: com.facebook.katana.provider.UserStatusesProvider
07-13 20:01:09.492  2713  2713 I ActivityThread: Pub com.facebook.katana.provider.EventsProvider: com.facebook.katana.provider.EventsProvider
07-13 20:01:09.492  2713  2713 I ActivityThread: Pub com.facebook.katana.provider.NotificationsProvider: com.facebook.katana.provider.NotificationsProvider
07-13 20:01:09.515  2713  2715 D dalvikvm: GC_CONCURRENT freed 150K, 3% free 9697K/9991K, paused 5ms+2ms
07-13 20:01:09.547  2713  2713 I ActivityThread: Pub com.facebook.katana.provider.UserValuesProvider: com.facebook.katana.provider.UserValuesProvider
07-13 20:01:09.547  2713  2713 I ActivityThread: Pub com.facebook.katana.provider.PagesProvider: com.facebook.katana.provider.PagesProvider
07-13 20:01:09.547  2713  2713 I ActivityThread: Pub com.facebook.katana.provider.MobileEventLogProvider: com.facebook.katana.provider.MobileEventLogProvider
07-13 20:01:09.550  2713  2713 I ActivityThread: Pub com.facebook.katana.provider.PushNotificationsProvider: com.facebook.katana.provider.PushNotificationsProvider
07-13 20:01:09.550  2713  2713 I ActivityThread: Pub com.facebook.katana.provider.PhotosProvider: com.facebook.katana.provider.PhotosProvider
07-13 20:01:09.550  2713  2713 I ActivityThread: Pub com.facebook.katana.provider.ConnectionsProvider: com.facebook.katana.provider.ConnectionsProvider
07-13 20:01:09.566  2713  2713 I ActivityThread: Pub com.facebook.orca.notify.FbandroidMessagesForegroundProvider: com.facebook.orca.notify.FbandroidMessagesForegroundProvider
07-13 20:01:09.644  2713  2713 D ACRA    : Retrieve application default SharedPreferences.
07-13 20:01:09.648  2713  2713 D ACRA    : Set OnSharedPreferenceChangeListener.
07-13 20:01:09.656  2713  2713 D ACRA    : ACRA is enabled for com.facebook.katana, intializing...
07-13 20:04:18.039  2713  2713 D ACRA    : Looking for error files in /data/data/com.facebook.katana/app_acra-reports
07-13 20:04:18.132  2713  2713 W nalizableReferenceQueue: Could not load Finalizer in its own class loader.Loading Finalizer in the current class loader instead. As a result, you will not be ableto garbage collect this class loader. To support reclaiming this class loader, eitherresolve the underlying issue, or move Google Collections to your system class path.
07-13 20:04:18.132  2713  2713 W nalizableReferenceQueue: java.io.FileNotFoundException: com/google/common/base/internal/Finalizer.class
07-13 20:04:18.132  2713  2713 W nalizableReferenceQueue: 	at com.google.common.base.FinalizableReferenceQueue$DecoupledLoader.getBaseUrl(FinalizableReferenceQueue.java:243)
07-13 20:04:18.132  2713  2713 W nalizableReferenceQueue: 	at com.google.common.base.FinalizableReferenceQueue$DecoupledLoader.loadFinalizer(FinalizableReferenceQueue.java:227)
07-13 20:04:18.132  2713  2713 W nalizableReferenceQueue: 	at com.google.common.base.FinalizableReferenceQueue.loadFinalizer(FinalizableReferenceQueue.java:155)
07-13 20:04:18.132  2713  2713 W nalizableReferenceQueue: 	at com.google.common.base.FinalizableReferenceQueue.<clinit>(FinalizableReferenceQueue.java:84)
07-13 20:04:18.132  2713  2713 W nalizableReferenceQueue: 	at com.google.common.collect.CustomConcurrentHashMap$QueueHolder.<clinit>(CustomConcurrentHashMap.java:650)
07-13 20:04:18.132  2713  2713 W nalizableReferenceQueue: 	at com.google.common.collect.CustomConcurrentHashMap$WeakEntry.<init>(CustomConcurrentHashMap.java:1342)
07-13 20:04:18.132  2713  2713 W nalizableReferenceQueue: 	at com.google.common.collect.CustomConcurrentHashMap$EntryFactory$9.newEntry(CustomConcurrentHashMap.java:453)
07-13 20:04:18.132  2713  2713 W nalizableReferenceQueue: 	at com.google.common.collect.CustomConcurrentHashMap.a(CustomConcurrentHashMap.java:1715)
07-13 20:04:18.132  2713  2713 W nalizableReferenceQueue: 	at com.google.common.collect.ComputingConcurrentHashMap$ComputingSegment.a(ComputingConcurrentHashMap.java:123)
07-13 20:04:18.132  2713  2713 W nalizableReferenceQueue: 	at com.google.common.collect.ComputingConcurrentHashMap.apply(ComputingConcurrentHashMap.java:71)
07-13 20:04:18.132  2713  2713 W nalizableReferenceQueue: 	at com.google.common.collect.MapMaker$ComputingMapAdapter.get(MapMaker.java:848)
07-13 20:04:18.132  2713  2713 W nalizableReferenceQueue: 	at com.google.inject.internal.Annotations$AnnotationChecker.a(Annotations.java:94)
07-13 20:04:18.132  2713  2713 W nalizableReferenceQueue: 	at com.google.inject.internal.Annotations.c(Annotations.java:112)
07-13 20:04:18.132  2713  2713 W nalizableReferenceQueue: 	at com.google.inject.Key.d(Key.java:369)
07-13 20:04:18.132  2713  2713 W nalizableReferenceQueue: 	at com.google.inject.Key.b(Key.java:356)
07-13 20:04:18.132  2713  2713 W nalizableReferenceQueue: 	at com.google.inject.Key.a(Key.java:267)
07-13 20:04:18.132  2713  2713 W nalizableReferenceQueue: 	at com.facebook.orca.inject.binder.AnnotatedBindingBuilderImpl.a(AnnotatedBindingBuilderImpl.java:22)
07-13 20:04:18.132  2713  2713 W nalizableReferenceQueue: 	at com.facebook.orca.app.FbBaseModule.a(FbBaseModule.java:74)
07-13 20:04:18.132  2713  2713 W nalizableReferenceQueue: 	at com.facebook.orca.inject.AbstractModule.a(AbstractModule.java:19)
07-13 20:04:18.132  2713  2713 W nalizableReferenceQueue: 	at com.facebook.orca.inject.FbInjectorImpl.a(FbInjectorImpl.java:61)
07-13 20:04:18.132  2713  2713 W nalizableReferenceQueue: 	at com.facebook.orca.inject.FbInjectorImpl.<init>(FbInjectorImpl.java:41)
07-13 20:04:18.132  2713  2713 W nalizableReferenceQueue: 	at com.facebook.orca.inject.FbInjector.a(FbInjector.java:40)
07-13 20:04:18.132  2713  2713 W nalizableReferenceQueue: 	at com.facebook.katana.FacebookApplication.onCreate(FacebookApplication.java:86)
07-13 20:04:18.132  2713  2713 W nalizableReferenceQueue: 	at android.app.Instrumentation.callApplicationOnCreate(Instrumentation.java:969)
07-13 20:04:18.132  2713  2713 W nalizableReferenceQueue: 	at android.app.ActivityThread.handleBindApplication(ActivityThread.java:3954)
07-13 20:04:18.132  2713  2713 W nalizableReferenceQueue: 	at android.app.ActivityThread.access$1300(ActivityThread.java:123)
07-13 20:04:18.132  2713  2713 W nalizableReferenceQueue: 	at android.app.ActivityThread$H.handleMessage(ActivityThread.java:1185)
07-13 20:04:18.132  2713  2713 W nalizableReferenceQueue: 	at android.os.Handler.dispatchMessage(Handler.java:99)
07-13 20:04:18.132  2713  2713 W nalizableReferenceQueue: 	at android.os.Looper.loop(Looper.java:137)
07-13 20:04:18.132  2713  2713 W nalizableReferenceQueue: 	at android.app.ActivityThread.main(ActivityThread.java:4424)
07-13 20:04:18.132  2713  2713 W nalizableReferenceQueue: 	at java.lang.reflect.Method.invokeNative(Native Method)
07-13 20:04:18.132  2713  2713 W nalizableReferenceQueue: 	at java.lang.reflect.Method.invoke(Method.java:511)
07-13 20:04:18.132  2713  2713 W nalizableReferenceQueue: 	at com.android.internal.os.ZygoteInit$MethodAndArgsCaller.run(ZygoteInit.java:784)
07-13 20:04:18.132  2713  2713 W nalizableReferenceQueue: 	at com.android.internal.os.ZygoteInit.main(ZygoteInit.java:551)
07-13 20:04:18.132  2713  2713 W nalizableReferenceQueue: 	at dalvik.system.NativeStart.main(Native Method)
07-13 20:04:18.152  2713  2713 I Finalizer: Couldn't access Thread.inheritableThreadLocals. Reference finalizer threads will inherit thread local values.
07-13 20:04:18.203  2713  2715 D dalvikvm: GC_CONCURRENT freed 312K, 5% free 9825K/10247K, paused 2ms+3ms
07-13 20:04:18.375  2713  2715 D dalvikvm: GC_CONCURRENT freed 381K, 5% free 9955K/10439K, paused 2ms+3ms
07-13 20:04:20.035  1622  1855 W Smack/Packet: notify conn break (IOEx), close connection
07-13 20:04:20.058  2713  2715 D dalvikvm: GC_CONCURRENT freed 326K, 5% free 10111K/10567K, paused 4ms+3ms
07-13 20:04:20.215  1622  1855 I qtaguid : Failed write_ctrl(u 77) res=-1 errno=22
07-13 20:04:20.215  1622  1855 I qtaguid : Untagging socket 77 failed errno=-22
07-13 20:04:20.215  1622  1855 W NetworkManagementSocketTagger: untagSocket(77) failed with errno -22
07-13 20:04:20.234  2713  2730 W Resources: Converting to string: TypedValue{t=0x10/d=0xffffffff a=-1}
07-13 20:04:20.488  2713  2715 D dalvikvm: GC_CONCURRENT freed 404K, 5% free 10280K/10759K, paused 4ms+3ms
07-13 20:04:20.965  2713  2715 D dalvikvm: GC_CONCURRENT freed 274K, 4% free 10411K/10823K, paused 3ms+6ms
07-13 20:04:22.476  2713  2715 D dalvikvm: GC_CONCURRENT freed 356K, 5% free 10470K/10951K, paused 2ms+3ms
07-13 20:04:23.222   142   198 D ConnectivityService: handleInetConditionHoldEnd: net=1, condition=0, published condition=100
07-13 20:04:30.871  1622  1622 I GTalkService/c: [AndroidEndpoint@1094004944] connect: acct=1000000, state=CONNECTING
07-13 20:04:30.878  1622  1622 I GTalkService/c: [GTalkConnection@1093939528] connect: acct=1, state=CONNECTING
07-13 20:04:32.246  2713  2715 D dalvikvm: GC_CONCURRENT freed 353K, 5% free 10556K/11015K, paused 2ms+3ms
07-13 20:04:32.882   142  4973 I ActivityManager: Start proc com.google.android.gsf.login for service com.google.android.gsf.login/com.google.android.gsf.loginservice.GoogleLoginService: pid=2755 uid=10009 gids={3003, 1015, 1007, 2001, 3006}
07-13 20:04:33.156   142   198 D ConnectivityService: handleInetConditionHoldEnd: net=1, condition=100, published condition=0
07-13 20:04:33.496 26409 26409 W InvService: Dropping C2DM message for unknown or unstarted client: chromesync#1604387069
07-13 20:04:34.257  1622  1623 D dalvikvm: GC_CONCURRENT freed 355K, 6% free 9963K/10567K, paused 5ms+5ms
07-13 20:04:34.355 26409 26409 W InvService: Dropping C2DM message for unknown or unstarted client: chromesync#1604387069
07-13 20:04:35.089   142   344 D dalvikvm: GC_EXPLICIT freed 1397K, 14% free 17928K/20743K, paused 19ms+15ms
07-13 20:04:35.109   142   159 I ActivityManager: Start proc com.google.android.talk for broadcast com.google.android.talk/.ConnectionStateOnlineReceiver: pid=2775 uid=10044 gids={3003, 1015, 1006, 3002}
07-13 20:04:35.281  2775  2775 I ActivityThread: Pub com.google.android.talk.SuggestionProvider: com.google.android.talk.SuggestionsProvider
07-13 20:04:35.429  2775  2775 D vclib:CallStateClient: startListening
07-13 20:04:35.570  2775  2778 D dalvikvm: GC_CONCURRENT freed 154K, 3% free 9355K/9607K, paused 55ms+4ms
07-13 20:04:35.628   142   344 I ActivityManager: Process com.google.android.gsf.login (pid 2755) has died.
07-13 20:04:35.711   142  4973 I ActivityManager: Start proc android.process.media for content provider com.android.providers.media/.MediaProvider: pid=2797 uid=10012 gids={1015, 1023, 1024, 2001, 3003, 3007}
07-13 20:04:35.785  2797  2797 I ActivityThread: Pub downloads: com.android.providers.downloads.DownloadProvider
07-13 20:04:35.929  2797  2797 I ActivityThread: Pub drm: com.android.providers.drm.DrmProvider
07-13 20:04:35.929  2797  2810 I DownloadManager: in removeSpuriousFiles
07-13 20:04:35.937  2797  2797 I ActivityThread: Pub media: com.android.providers.media.MediaProvider
07-13 20:04:36.093   142   346 I ActivityManager: Process android.process.acore (pid 2696) has died.
07-13 20:04:36.109  2797  2810 I DownloadManager: in removeSpuriousFiles, preserving file /mnt/sdcard/Download/session7chandler.mp3
07-13 20:04:36.113  2797  2810 I DownloadManager: in removeSpuriousFiles, preserving file /data/data/com.android.providers.downloads/cache/metadata.json
07-13 20:04:36.113  2797  2810 I DownloadManager: in removeSpuriousFiles, preserving file /data/data/com.android.providers.downloads/cache/metadata-1.json
07-13 20:04:36.113  2797  2810 I DownloadManager: in removeSpuriousFiles, preserving file /mnt/sdcard/Download/2012TOBFestivalguide_WEBLoRes.pdf
07-13 20:04:36.113  2797  2810 I DownloadManager: in removeSpuriousFiles, preserving file /mnt/sdcard/Download/2012TOBFestivalguide_WEBMenuMap.pdf
07-13 20:04:36.113  2797  2810 I DownloadManager: in removeSpuriousFiles, preserving file /data/data/com.android.providers.downloads/cache/metadata-2.json
07-13 20:04:36.113  2797  2810 I DownloadManager: deleting spurious file /cache/backup
07-13 20:04:36.152   142   158 I Process : Sending signal. PID: 26409 SIG: 3
07-13 20:04:36.152 26409 26411 I dalvikvm: threadid=3: reacting to signal 3
07-13 20:04:36.371 26409 26411 I dalvikvm: Wrote stack traces to '/data/anr/traces.txt'
07-13 20:04:36.546  2797  2799 D dalvikvm: GC_CONCURRENT freed 311K, 5% free 9194K/9607K, paused 18ms+2ms
07-13 20:04:36.578   142   154 I ActivityManager: Start proc android.process.acore for content provider com.android.providers.contacts/.ContactsProvider2: pid=2813 uid=10000 gids={3003, 1015}
07-13 20:04:36.617  2813  2813 I ActivityThread: Pub call_log: com.android.providers.contacts.CallLogProvider
07-13 20:04:36.625  2813  2813 I ActivityThread: Pub com.android.voicemail: com.android.providers.contacts.VoicemailContentProvider
07-13 20:04:36.625  2813  2813 I ActivityThread: Pub user_dictionary: com.android.providers.userdictionary.UserDictionaryProvider
07-13 20:04:36.644  2813  2813 I ActivityThread: Pub com.android.social: com.android.providers.contacts.SocialProvider
07-13 20:04:36.644  2813  2813 I ActivityThread: Pub applications: com.android.providers.applications.ApplicationsProvider
07-13 20:04:36.707  2813  2813 I ActivityThread: Pub contacts;com.android.contacts: com.android.providers.contacts.ContactsProvider2
07-13 20:04:36.726  2813  2816 D dalvikvm: GC_CONCURRENT freed 350K, 5% free 9182K/9607K, paused 2ms+3ms
07-13 20:08:34.144  2813  2816 D dalvikvm: GC_CONCURRENT freed 192K, 3% free 9450K/9735K, paused 2ms+2ms
07-13 20:08:34.609  1622  2834 I EventLogService: Aggregate from 1342222714448 (log), 1342222714448 (data)
07-13 20:09:40.808   142   171 I ActivityManager: Start proc com.google.android.apps.plus for service com.google.android.apps.plus/.service.EsService: pid=2836 uid=10057 gids={3003, 3002, 1015, 1006}
07-13 20:09:40.820   142   154 I ActivityManager: Process com.google.android.talk (pid 2775) has died.
07-13 20:09:41.320   142  2849 I UsageStats: Deleting usage file : usage-20120709
07-13 20:09:41.461   142   536 I ActivityManager: Process android.process.acore (pid 2813) has died.
07-13 20:11:10.144   142   536 D dalvikvm: GC_FOR_ALLOC freed 936K, 15% free 17773K/20743K, paused 745ms
07-13 20:11:10.152   142   536 I UsageStats: No package stats for pkg:com.android.chrome
07-13 20:11:10.273   142   158 I Process : Sending signal. PID: 26409 SIG: 3
07-13 20:11:10.273 26409 26411 I dalvikvm: threadid=3: reacting to signal 3
07-13 20:11:10.367 26409 26411 I dalvikvm: Wrote stack traces to '/data/anr/traces.txt'
07-13 20:11:10.527  2836  2837 D dalvikvm: GC_CONCURRENT freed 164K, 3% free 9368K/9607K, paused 16ms+2ms
07-13 20:11:10.796  2836  2836 I ActivityThread: Pub com.google.android.apps.plus.content.ApiProvider: com.google.android.apps.plus.content.EsApiProvider
07-13 20:11:10.851  2836  2836 I ActivityThread: Pub com.google.android.apps.plus.content.EsGooglePhotoProvider: com.google.android.picasasync.PicasaContentProvider
07-13 20:14:16.035   142   173 I power   : *** set_screen_state 1
07-13 20:14:16.140  2836  2837 D dalvikvm: GC_CONCURRENT freed 334K, 5% free 9579K/9991K, paused 2ms+6ms
07-13 20:14:16.199 26409 26409 D NetworkConnectivityReceiver: Network connectivity changed, status is: true
07-13 20:14:16.261    78   117 D SurfaceFlinger: Screen about to return, flinger = 0x18e7918
07-13 20:14:16.300   142   173 I WindowManager: Lock screen displayed!
07-13 20:14:16.359  2836  2836 I ActivityThread: Pub com.google.android.apps.plus.content.EsPicasaStoreProvider: com.google.android.picasastore.PicasaPhotoContentProvider
07-13 20:14:16.379   142   153 I ActivityManager: Start proc com.google.android.gsf.login for service com.google.android.gsf.login/com.google.android.gsf.loginservice.GoogleLoginService: pid=2856 uid=10009 gids={3003, 1015, 1007, 2001, 3006}
07-13 20:14:16.410  2836  2836 I ActivityThread: Pub com.google.plus.platform: com.google.android.apps.plus.content.AdsProvider
07-13 20:14:16.410  2836  2836 I ActivityThread: Pub com.google.android.apps.plus.iu.EsGoogleIuProvider: com.google.android.apps.plus.iu.InstantUploadProvider
07-13 20:14:16.664  2836  2837 D dalvikvm: GC_CONCURRENT freed 466K, 6% free 9642K/10183K, paused 2ms+8ms
07-13 20:14:16.757  2836  2836 I ActivityThread: Pub com.google.android.apps.plus.content.EsProvider: com.google.android.apps.plus.content.EsProvider
07-13 20:14:17.203   142  4986 I ActivityManager: Process android.process.media (pid 2797) has died.
07-13 20:14:17.273   142  3512 I ActivityManager: Start proc android.process.media for content provider com.android.providers.media/.MediaProvider: pid=2882 uid=10012 gids={1015, 1023, 1024, 2001, 3003, 3007}
07-13 20:14:17.332  2882  2882 I ActivityThread: Pub downloads: com.android.providers.downloads.DownloadProvider
07-13 20:14:17.375  2882  2882 I ActivityThread: Pub drm: com.android.providers.drm.DrmProvider
07-13 20:14:17.379  2882  2895 I DownloadManager: in removeSpuriousFiles
07-13 20:14:17.386  2882  2882 I ActivityThread: Pub media: com.android.providers.media.MediaProvider
07-13 20:14:17.671  2882  2895 I DownloadManager: in removeSpuriousFiles, preserving file /mnt/sdcard/Download/session7chandler.mp3
07-13 20:14:17.671  2882  2895 I DownloadManager: in removeSpuriousFiles, preserving file /data/data/com.android.providers.downloads/cache/metadata.json
07-13 20:14:17.671  2882  2895 I DownloadManager: in removeSpuriousFiles, preserving file /data/data/com.android.providers.downloads/cache/metadata-1.json
07-13 20:14:17.671  2882  2895 I DownloadManager: in removeSpuriousFiles, preserving file /mnt/sdcard/Download/2012TOBFestivalguide_WEBLoRes.pdf
07-13 20:14:17.671  2882  2895 I DownloadManager: in removeSpuriousFiles, preserving file /mnt/sdcard/Download/2012TOBFestivalguide_WEBMenuMap.pdf
07-13 20:14:17.675  2882  2895 I DownloadManager: in removeSpuriousFiles, preserving file /data/data/com.android.providers.downloads/cache/metadata-2.json
07-13 20:14:17.675  2882  2895 I DownloadManager: deleting spurious file /cache/backup
07-13 20:14:17.726  2836  2837 D dalvikvm: GC_CONCURRENT freed 206K, 4% free 9866K/10247K, paused 122ms+2ms
07-13 20:14:17.957   142  4973 I ActivityManager: Process com.google.android.gsf.login (pid 2856) has died.
07-13 20:14:18.312  2882  2885 D dalvikvm: GC_CONCURRENT freed 372K, 5% free 9160K/9607K, paused 2ms+7ms
07-13 20:14:18.496  2836  2837 D dalvikvm: GC_CONCURRENT freed 205K, 3% free 10207K/10503K, paused 92ms+8ms
07-13 20:14:18.531  2713  2715 D dalvikvm: GC_CONCURRENT freed 392K, 5% free 10652K/11143K, paused 18ms+3ms
07-13 20:14:18.554  2836  2865 D PicasaPhotoCP: set fsid first time:-1
07-13 20:14:18.761    84    84 I keystore: uid: 1000 action: p -> 1 state: 1 -> 1 retry: 4
07-13 20:14:18.847    81   121 D AudioHardware: AudioHardware pcm playback is exiting standby.
07-13 20:14:18.847    81   121 D AudioHardware: openPcmOut_l() mPcmOpenCnt: 0
07-13 20:14:18.847   378   432 D NfcService: NFC-C ON
07-13 20:14:18.851  2836  2837 D dalvikvm: GC_CONCURRENT freed 297K, 4% free 10392K/10823K, paused 1ms+10ms
07-13 20:14:18.933   212   212 D PhoneStatusBar: disable: < expand* icons alerts ticker* system_info BACK HOME recent* CLOCK >
07-13 20:14:18.941   212   212 D PhoneStatusBar: disable: < expand icons alerts ticker system_info back* home* recent clock* >
07-13 20:14:18.980  2836  2879 D dalvikvm: GC_FOR_ALLOC freed 62K, 4% free 10455K/10823K, paused 119ms
07-13 20:14:18.980   142   153 W InputManagerService: Window already focused, ignoring focus gain of: com.android.internal.view.IInputMethodClient$Stub$Proxy@4181ea18
07-13 20:14:19.062  2836  2879 D dalvikvm: GC_FOR_ALLOC freed 126K, 5% free 10583K/11079K, paused 60ms
07-13 20:14:19.074  2836  2879 I dalvikvm-heap: Grow heap (frag case) to 10.586MB for 187514-byte allocation
07-13 20:14:19.140  2836  2879 D dalvikvm: GC_FOR_ALLOC freed 255K, 7% free 10511K/11271K, paused 63ms
07-13 20:14:19.183  2836  2879 D dalvikvm: GC_FOR_ALLOC freed 118K, 6% free 10640K/11271K, paused 27ms
07-13 20:14:19.183  2836  2879 I dalvikvm-heap: Grow heap (frag case) to 10.711MB for 260112-byte allocation
07-13 20:14:19.226 28381 28394 I PhoneLab-: Service Running
07-13 20:14:19.230  2836  2879 D dalvikvm: GC_FOR_ALLOC freed 126K, 7% free 10768K/11527K, paused 44ms
07-13 20:14:19.304  2836  2879 D dalvikvm: GC_FOR_ALLOC freed 369K, 7% free 10823K/11527K, paused 54ms
07-13 20:14:19.339 28381 28394 I PhoneLab-LoggerService: app_36    23376 1     960    520   c00f181c 400107b4 S logcat
07-13 20:14:19.343 28381 28394 I PhoneLab-LoggerService: Logcat pid from database 23376
07-13 20:14:19.343 28381 28394 I PhoneLab-LoggerService: Logcat process found 23376
07-13 20:14:19.347 28381 28394 I PhoneLab-LoggerService: Checking Threshold
07-13 20:14:19.398 26409 26410 D dalvikvm: GC_CONCURRENT freed 591K, 8% free 11348K/12295K, paused 16ms+5ms
07-13 20:14:19.398 28381 28394 I PhoneLab-LoggerService: Starting to rename files
07-13 20:14:19.398 28381 28394 I PhoneLab-LoggerService: Files found .. 2
07-13 20:14:19.398 28381 28394 I PhoneLab-LoggerService: File 1 log.out.1
07-13 20:14:19.410 28381 28394 I PhoneLab-LoggerService: Renamed successfully
07-13 20:14:19.414 28381 28394 I PhoneLab-: Service Running
07-13 20:14:19.464  2836  2879 D dalvikvm: GC_FOR_ALLOC freed 126K, 5% free 10951K/11527K, paused 140ms
07-13 20:14:19.531 28381 28394 I PhoneLab-LoggerService: app_36    23376 1     960    520   c00f181c 400107b4 S logcat
07-13 20:14:19.535 28381 28394 I PhoneLab-LoggerService: Logcat pid from database 23376
07-13 20:14:19.535 28381 28394 I PhoneLab-LoggerService: Logcat process found 23376
07-13 20:14:19.535 28381 28394 I PhoneLab-LoggerService: Checking Threshold
07-13 20:14:19.535 28381 28394 I PhoneLab-LoggerService: Starting to rename files
07-13 20:14:19.535 28381 28394 I PhoneLab-LoggerService: Files found .. 2
07-13 20:14:19.535 28381 28394 I PhoneLab-: Service Running
07-13 20:14:19.613 28381 28394 I PhoneLab-LoggerService: app_36    23376 1     960    520   c00f181c 400107b4 S logcat
07-13 20:14:19.617 28381 28394 I PhoneLab-LoggerService: Logcat pid from database 23376
07-13 20:14:19.617 28381 28394 I PhoneLab-LoggerService: Logcat process found 23376
07-13 20:14:19.617 28381 28394 I PhoneLab-LoggerService: Checking Threshold
07-13 20:14:19.617 28381 28394 I PhoneLab-LoggerService: Starting to rename files
07-13 20:14:19.617 28381 28394 I PhoneLab-LoggerService: Files found .. 2
07-13 20:14:19.621 28381 28394 I PhoneLab-: Service Running
07-13 20:14:19.679 28381 28394 I PhoneLab-LoggerService: app_36    23376 1     960    520   c00f181c 400107b4 S logcat
07-13 20:14:19.679 28381 28394 I PhoneLab-LoggerService: Logcat pid from database 23376
07-13 20:14:19.679 28381 28394 I PhoneLab-LoggerService: Logcat process found 23376
07-13 20:14:19.679 28381 28394 I PhoneLab-LoggerService: Checking Threshold
07-13 20:14:19.679 28381 28394 I PhoneLab-LoggerService: Starting to rename files
07-13 20:14:19.679 28381 28394 I PhoneLab-LoggerService: Files found .. 2
07-13 20:14:19.683 28381 28394 I PhoneLab-: Service Running
07-13 20:14:19.773 28381 28394 I PhoneLab-LoggerService: app_36    23376 1     960    520   c00f181c 400107b4 S logcat
07-13 20:14:19.777 28381 28394 I PhoneLab-LoggerService: Logcat pid from database 23376
07-13 20:14:19.777 28381 28394 I PhoneLab-LoggerService: Logcat process found 23376
07-13 20:14:19.777 28381 28394 I PhoneLab-LoggerService: Checking Threshold
07-13 20:14:19.777 28381 28394 I PhoneLab-LoggerService: Starting to rename files
07-13 20:14:19.777 28381 28394 I PhoneLab-LoggerService: Files found .. 2
07-13 20:14:19.777 28381 28394 I PhoneLab-: Service Running
07-13 20:14:19.800  2836  2837 D dalvikvm: GC_CONCURRENT freed 364K, 4% free 11280K/11719K, paused 3ms+6ms
07-13 20:14:19.871  1622  1623 D dalvikvm: GC_CONCURRENT freed 395K, 6% free 9967K/10567K, paused 14ms+3ms
07-13 20:14:19.871 28381 28394 I PhoneLab-LoggerService: app_36    23376 1     960    520   c00f181c 400107b4 S logcat
07-13 20:14:19.871 28381 28394 I PhoneLab-LoggerService: Logcat pid from database 23376
07-13 20:14:19.871 28381 28394 I PhoneLab-LoggerService: Logcat process found 23376
07-13 20:14:19.871 28381 28394 I PhoneLab-LoggerService: Checking Threshold
07-13 20:14:19.875 28381 28394 I PhoneLab-LoggerService: Starting to rename files
07-13 20:14:19.875 28381 28394 I PhoneLab-LoggerService: Files found .. 2
07-13 20:14:19.875 28381 28394 I PhoneLab-: Service Running
07-13 20:14:19.941 28381 28394 I PhoneLab-LoggerService: app_36    23376 1     960    520   c00f181c 400107b4 S logcat
07-13 20:14:19.941 28381 28394 I PhoneLab-LoggerService: Logcat pid from database 23376
07-13 20:14:19.941 28381 28394 I PhoneLab-LoggerService: Logcat process found 23376
07-13 20:14:19.941 28381 28394 I PhoneLab-LoggerService: Checking Threshold
07-13 20:14:19.941 28381 28394 I PhoneLab-LoggerService: Starting to rename files
07-13 20:14:19.945 28381 28394 I PhoneLab-LoggerService: Files found .. 2
07-13 20:14:19.945 28381 28394 I PhoneLab-: Service Running
07-13 20:14:20.015 28381 28383 D dalvikvm: GC_CONCURRENT freed 405K, 19% free 9134K/11143K, paused 2ms+6ms
07-13 20:14:20.035 28381 28394 I PhoneLab-LoggerService: app_36    23376 1     960    520   c00f181c 400107b4 S logcat
07-13 20:14:20.039 28381 28394 I PhoneLab-LoggerService: Logcat pid from database 23376
07-13 20:14:20.039 28381 28394 I PhoneLab-LoggerService: Logcat process found 23376
07-13 20:14:20.039 28381 28394 I PhoneLab-LoggerService: Checking Threshold
07-13 20:14:20.039 28381 28394 I PhoneLab-LoggerService: Starting to rename files
07-13 20:14:20.039 28381 28394 I PhoneLab-LoggerService: Files found .. 2
07-13 20:14:20.039 28381 28394 I PhoneLab-: Service Running
07-13 20:14:20.093 28381 28394 I PhoneLab-LoggerService: app_36    23376 1     960    520   c00f181c 400107b4 S logcat
07-13 20:14:20.093 28381 28394 I PhoneLab-LoggerService: Logcat pid from database 23376
07-13 20:14:20.093 28381 28394 I PhoneLab-LoggerService: Logcat process found 23376
07-13 20:14:20.093 28381 28394 I PhoneLab-LoggerService: Checking Threshold
07-13 20:14:20.093 28381 28394 I PhoneLab-LoggerService: Starting to rename files
07-13 20:14:20.093 28381 28394 I PhoneLab-LoggerService: Files found .. 2
07-13 20:14:20.097 28381 28394 I PhoneLab-: Service Running
07-13 20:14:20.179 28381 28394 I PhoneLab-LoggerService: app_36    23376 1     960    520   c00f181c 400107b4 S logcat
07-13 20:14:20.179 28381 28394 I PhoneLab-LoggerService: Logcat pid from database 23376
07-13 20:14:20.179 28381 28394 I PhoneLab-LoggerService: Logcat process found 23376
07-13 20:14:20.179 28381 28394 I PhoneLab-LoggerService: Checking Threshold
07-13 20:14:20.179 28381 28394 I PhoneLab-LoggerService: Starting to rename files
07-13 20:14:20.179 28381 28394 I PhoneLab-LoggerService: Files found .. 2
07-13 20:14:20.183 28381 28394 I PhoneLab-: Service Running
07-13 20:14:20.187  2836  2837 D dalvikvm: GC_CONCURRENT freed 179K, 3% free 11913K/12167K, paused 1ms+6ms
07-13 20:14:20.257 28381 28394 I PhoneLab-LoggerService: app_36    23376 1     960    520   c00f181c 400107b4 S logcat
07-13 20:14:20.257 28381 28394 I PhoneLab-LoggerService: Logcat pid from database 23376
07-13 20:14:20.257 28381 28394 I PhoneLab-LoggerService: Logcat process found 23376
07-13 20:14:20.257 28381 28394 I PhoneLab-LoggerService: Checking Threshold
07-13 20:14:20.257 28381 28394 I PhoneLab-LoggerService: Starting to rename files
07-13 20:14:20.261 28381 28394 I PhoneLab-LoggerService: Files found .. 2
07-13 20:14:20.261 28381 28394 I PhoneLab-: Service Running
07-13 20:14:20.328 28381 28394 I PhoneLab-LoggerService: app_36    23376 1     960    520   c00f181c 400107b4 S logcat
07-13 20:14:20.328 28381 28394 I PhoneLab-LoggerService: Logcat pid from database 23376
07-13 20:14:20.328 28381 28394 I PhoneLab-LoggerService: Logcat process found 23376
07-13 20:14:20.328 28381 28394 I PhoneLab-LoggerService: Checking Threshold
07-13 20:14:20.332 28381 28394 I PhoneLab-LoggerService: Starting to rename files
07-13 20:14:20.332 28381 28394 I PhoneLab-LoggerService: Files found .. 2
07-13 20:14:20.332 28381 28394 I PhoneLab-: Service Running
07-13 20:14:20.394 28381 28394 I PhoneLab-LoggerService: app_36    23376 1     960    520   c00f181c 400107b4 S logcat
07-13 20:14:20.394 28381 28394 I PhoneLab-LoggerService: Logcat pid from database 23376
07-13 20:14:20.394 28381 28394 I PhoneLab-LoggerService: Logcat process found 23376
07-13 20:14:20.394 28381 28394 I PhoneLab-LoggerService: Checking Threshold
07-13 20:14:20.394 28381 28394 I PhoneLab-LoggerService: Starting to rename files
07-13 20:14:20.394 28381 28394 I PhoneLab-LoggerService: Files found .. 2
07-13 20:14:20.398 28381 28394 I PhoneLab-: Service Running
07-13 20:14:20.457 28381 28394 I PhoneLab-LoggerService: app_36    23376 1     960    520   c00f181c 400107b4 S logcat
07-13 20:14:20.457 28381 28394 I PhoneLab-LoggerService: Logcat pid from database 23376
07-13 20:14:20.457 28381 28394 I PhoneLab-LoggerService: Logcat process found 23376
07-13 20:14:20.457 28381 28394 I PhoneLab-LoggerService: Checking Threshold
07-13 20:14:20.457 28381 28394 I PhoneLab-LoggerService: Starting to rename files
07-13 20:14:20.457 28381 28394 I PhoneLab-LoggerService: Files found .. 2
07-13 20:14:20.461 28381 28394 I PhoneLab-: Service Running
07-13 20:14:20.539 28381 28394 I PhoneLab-LoggerService: app_36    23376 1     960    520   c00f181c 400107b4 S logcat
07-13 20:14:20.539 28381 28394 I PhoneLab-LoggerService: Logcat pid from database 23376
07-13 20:14:20.539 28381 28394 I PhoneLab-LoggerService: Logcat process found 23376
07-13 20:14:20.539 28381 28394 I PhoneLab-LoggerService: Checking Threshold
07-13 20:14:20.550 28381 28394 I PhoneLab-LoggerService: Starting to rename files
07-13 20:14:20.550 28381 28394 I PhoneLab-LoggerService: Files found .. 2
07-13 20:14:20.554 28381 28394 I PhoneLab-: Service Running
07-13 20:14:20.613 28381 28383 D dalvikvm: GC_CONCURRENT freed 411K, 19% free 9136K/11143K, paused 1ms+7ms
07-13 20:14:20.617  2836  2837 D dalvikvm: GC_CONCURRENT freed 581K, 6% free 12343K/12999K, paused 1ms+10ms
07-13 20:14:20.668 28381 28394 I PhoneLab-LoggerService: app_36    23376 1     960    520   c00f181c 400107b4 S logcat
07-13 20:14:20.668 28381 28394 I PhoneLab-LoggerService: Logcat pid from database 23376
07-13 20:14:20.668 28381 28394 I PhoneLab-LoggerService: Logcat process found 23376
07-13 20:14:20.668 28381 28394 I PhoneLab-LoggerService: Checking Threshold
07-13 20:14:20.668 28381 28394 I PhoneLab-LoggerService: Starting to rename files
07-13 20:14:20.668 28381 28394 I PhoneLab-LoggerService: Files found .. 2
07-13 20:14:20.668 28381 28394 I PhoneLab-: Service Running
07-13 20:14:20.726 28381 28394 I PhoneLab-LoggerService: app_36    23376 1     960    520   c00f181c 400107b4 S logcat
07-13 20:14:20.726 28381 28394 I PhoneLab-LoggerService: Logcat pid from database 23376
07-13 20:14:20.726 28381 28394 I PhoneLab-LoggerService: Logcat process found 23376
07-13 20:14:20.726 28381 28394 I PhoneLab-LoggerService: Checking Threshold
07-13 20:14:20.726 28381 28394 I PhoneLab-LoggerService: Starting to rename files
07-13 20:14:20.726 28381 28394 I PhoneLab-LoggerService: Files found .. 2
07-13 20:14:20.726 28381 28394 I PhoneLab-: Service Running
07-13 20:14:20.785 28381 28394 I PhoneLab-LoggerService: app_36    23376 1     960    520   c00f181c 400107b4 S logcat
07-13 20:14:20.785 28381 28394 I PhoneLab-LoggerService: Logcat pid from database 23376
07-13 20:14:20.785 28381 28394 I PhoneLab-LoggerService: Logcat process found 23376
07-13 20:14:20.785 28381 28394 I PhoneLab-LoggerService: Checking Threshold
07-13 20:14:20.789 28381 28394 I PhoneLab-LoggerService: Starting to rename files
07-13 20:14:20.789 28381 28394 I PhoneLab-LoggerService: Files found .. 2
07-13 20:14:20.789 28381 28394 I PhoneLab-: Service Running
07-13 20:14:20.847 28381 28394 I PhoneLab-LoggerService: app_36    23376 1     960    520   c00f181c 400107b4 S logcat
07-13 20:14:20.847 28381 28394 I PhoneLab-LoggerService: Logcat pid from database 23376
07-13 20:14:20.847 28381 28394 I PhoneLab-LoggerService: Logcat process found 23376
07-13 20:14:20.847 28381 28394 I PhoneLab-LoggerService: Checking Threshold
07-13 20:14:20.847 28381 28394 I PhoneLab-LoggerService: Starting to rename files
07-13 20:14:20.847 28381 28394 I PhoneLab-LoggerService: Files found .. 2
07-13 20:14:21.101 26409 26409 D ChromeBrowserSyncAdapter: no delayed sync
07-13 20:14:21.156   142   344 I ActivityManager: Start proc android.process.acore for content provider com.android.providers.contacts/.ContactsProvider2: pid=2922 uid=10000 gids={3003, 1015}
07-13 20:14:21.199   142  5834 I ActivityManager: Process android.process.media (pid 2882) has died.
07-13 20:14:21.211  2922  2922 I ActivityThread: Pub call_log: com.android.providers.contacts.CallLogProvider
07-13 20:14:21.230  2922  2922 I ActivityThread: Pub com.android.voicemail: com.android.providers.contacts.VoicemailContentProvider
07-13 20:14:21.230  2922  2922 I ActivityThread: Pub user_dictionary: com.android.providers.userdictionary.UserDictionaryProvider
07-13 20:14:21.254  2922  2922 I ActivityThread: Pub com.android.social: com.android.providers.contacts.SocialProvider
07-13 20:14:21.257  2922  2922 I ActivityThread: Pub applications: com.android.providers.applications.ApplicationsProvider
07-13 20:14:21.371  2922  2924 D dalvikvm: GC_CONCURRENT freed 345K, 5% free 9146K/9607K, paused 2ms+3ms
07-13 20:14:21.468  2836  2837 D dalvikvm: GC_CONCURRENT freed 753K, 7% free 12629K/13511K, paused 3ms+3ms
07-13 20:14:21.484   142   541 I ActivityManager: Start proc android.process.media for service com.android.providers.media/.MediaScannerService: pid=2936 uid=10012 gids={1015, 1023, 1024, 2001, 3003, 3007}
07-13 20:14:21.504  2922  2922 I ActivityThread: Pub contacts;com.android.contacts: com.android.providers.contacts.ContactsProvider2
07-13 20:14:21.554    79    79 D dalvikvm: GC_EXPLICIT freed 38K, 4% free 9027K/9347K, paused 3ms+5ms
07-13 20:14:21.562  2936  2936 I ActivityThread: Pub downloads: com.android.providers.downloads.DownloadProvider
07-13 20:14:21.609  2936  2936 I ActivityThread: Pub drm: com.android.providers.drm.DrmProvider
07-13 20:14:21.609  2936  2952 I DownloadManager: in removeSpuriousFiles
07-13 20:14:21.621    79    79 D dalvikvm: GC_EXPLICIT freed <1K, 4% free 9027K/9347K, paused 1ms+5ms
07-13 20:14:21.671    79    79 D dalvikvm: GC_EXPLICIT freed <1K, 4% free 9027K/9347K, paused 3ms+5ms
07-13 20:14:21.683  2936  2936 I ActivityThread: Pub media: com.android.providers.media.MediaProvider
07-13 20:14:21.691  2936  2952 I DownloadManager: in removeSpuriousFiles, preserving file /mnt/sdcard/Download/session7chandler.mp3
07-13 20:14:21.691  2936  2952 I DownloadManager: in removeSpuriousFiles, preserving file /data/data/com.android.providers.downloads/cache/metadata.json
07-13 20:14:21.691  2936  2952 I DownloadManager: in removeSpuriousFiles, preserving file /data/data/com.android.providers.downloads/cache/metadata-1.json
07-13 20:14:21.691  2936  2952 I DownloadManager: in removeSpuriousFiles, preserving file /mnt/sdcard/Download/2012TOBFestivalguide_WEBLoRes.pdf
07-13 20:14:21.691  2936  2952 I DownloadManager: in removeSpuriousFiles, preserving file /mnt/sdcard/Download/2012TOBFestivalguide_WEBMenuMap.pdf
07-13 20:14:21.691  2936  2952 I DownloadManager: in removeSpuriousFiles, preserving file /data/data/com.android.providers.downloads/cache/metadata-2.json
07-13 20:14:21.695  2936  2952 I DownloadManager: deleting spurious file /cache/backup
07-13 20:14:22.011    81   121 D AudioHardware: AudioHardware pcm playback is going to standby.
07-13 20:14:22.011    81   121 D AudioHardware: closePcmOut_l() mPcmOpenCnt: 1
07-13 20:14:22.316  2936  2938 D dalvikvm: GC_CONCURRENT freed 367K, 5% free 9165K/9607K, paused 2ms+2ms
07-13 20:14:22.418 26409  2957 V ChromeBrowserSyncAdapter: Received sync tickle for SESSION in ChromeBrowserSyncAdapter
