06-12 02:02:11.480   152   229 E ConnectivityService: Exception trying to remove a route: java.lang.IllegalStateException: Unable to communicate with native dameon to add routes - com.android.server.NativeDaemonConnectorException: Cmd {interface route remove wlan0 default 0.0.0.0 0 128.205.234.254} failed with code 400 : {Failed to remove route from default table (No such process)}
06-12 02:02:11.480   152   229 D ConnectivityService: resetConnections(wlan0, 3)
06-12 02:02:11.539   503  1191 E GTalkService: connectionClosed: no XMPPConnection - That's strange!
06-12 02:02:11.539   152   229 D ConnectivityService: handleInetConditionChange: no active default network - ignore
06-12 02:02:11.582   321   323 D dalvikvm: GC_CONCURRENT freed 510K, 14% free 10211K/11783K, paused 1ms+2ms
06-12 02:02:11.636   321   323 D dalvikvm: GC_CONCURRENT freed 612K, 15% free 10105K/11783K, paused 2ms+2ms
06-12 02:02:11.730   503  1191 E GTalkService: connectionClosed: no XMPPConnection - That's strange!
06-12 02:02:12.679  1691  1691 I wpa_supplicant: wlan0: Trying to associate with d0:c2:82:84:8d:50 (SSID='UB_Secure' freq=2462 MHz)
06-12 02:02:12.707  1691  1691 I wpa_supplicant: wlan0: CTRL-EVENT-DISCONNECTED bssid=d0:c2:82:84:8d:50 reason=0
06-12 02:02:12.851  1691  1691 E wpa_supplicant: ioctl[SIOCSIWPRIV] (cscan): -1
06-12 02:02:12.851  1691  1691 W wpa_supplicant: wlan0: Failed to initiate AP scan
06-12 02:02:12.883  1691  1691 I wpa_supplicant: wlan0: Associated with d0:c2:82:84:8d:50
06-12 02:02:12.883  1691  1691 I wpa_supplicant: wlan0: CTRL-EVENT-EAP-STARTED EAP authentication started
06-12 02:02:12.894  1691  1691 I wpa_supplicant: wlan0: CTRL-EVENT-EAP-PROPOSED-METHOD vendor=0 method=4 -> NAK
06-12 02:02:12.902  1691  1691 I wpa_supplicant: wlan0: CTRL-EVENT-EAP-PROPOSED-METHOD vendor=0 method=25
06-12 02:02:12.902  1691  1691 I wpa_supplicant: wlan0: CTRL-EVENT-EAP-METHOD EAP vendor 0 method 25 (PEAP) selected
06-12 02:02:13.008  1691  1691 I wpa_supplicant: wlan0: CTRL-EVENT-EAP-PEER-CERT depth=2 subject='/C=US/O=Entrust.net/OU=www.entrust.net/CPS incorp. by ref. (limits liab.)/OU=(c) 1999 Entrust.net Limited/CN=Entrust.net Secure Server Certification Authority'
06-12 02:02:13.008  1691  1691 I wpa_supplicant: wlan0: CTRL-EVENT-EAP-PEER-CERT depth=2 subject='/C=US/O=Entrust.net/OU=www.entrust.net/CPS incorp. by ref. (limits liab.)/OU=(c) 1999 Entrust.net Limited/CN=Entrust.net Secure Server Certification Authority'
06-12 02:02:13.015  1691  1691 I wpa_supplicant: wlan0: CTRL-EVENT-EAP-PEER-CERT depth=1 subject='/C=US/ST=UT/L=Salt Lake City/O=The USERTRUST Network/CN=USERTrust Legacy Secure Server CA'
06-12 02:02:13.027  1691  1691 I wpa_supplicant: wlan0: CTRL-EVENT-EAP-PEER-CERT depth=0 subject='/C=US/postalCode=14260/ST=New York/L=Buffalo/street=305 Computing Center/O=SUNY AT BUFFALO/OU=Issued through UNIVERSITY AT BUFFALO E-PKI Manager/OU=Comodo PremiumSSL Legacy/CN=radius2.cit.buffalo.edu'
06-12 02:02:13.172  1691  1691 I wpa_supplicant: EAP-MSCHAPV2: Authentication succeeded
06-12 02:02:13.175  1691  1691 I wpa_supplicant: EAP-TLV: TLV Result - Success - EAP-TLV/Phase2 Completed
06-12 02:02:13.183  1691  1691 I wpa_supplicant: wlan0: CTRL-EVENT-EAP-SUCCESS EAP authentication completed successfully
06-12 02:02:13.211  1691  1691 I wpa_supplicant: wlan0: WPA: Key negotiation completed with d0:c2:82:84:8d:50 [PTK=CCMP GTK=TKIP]
06-12 02:02:13.211  1691  1691 I wpa_supplicant: wlan0: CTRL-EVENT-CONNECTED - Connection to d0:c2:82:84:8d:50 completed (reauth) [id=0 id_str=]
06-12 02:02:14.511   152   232 D Tethering: MasterInitialState.processMessage what=3
06-12 02:02:14.578  4153  4153 I MediaUploader: No need to wake up
06-12 02:02:14.582  1444  1444 I PhoneLab-WiFiReceiver: Wi-Fi is disconnected!
06-12 02:02:14.625   503   843 D dalvikvm: GC_EXPLICIT freed 148K, 8% free 10165K/10951K, paused 4ms+2ms
06-12 02:02:20.343   152   229 D ConnectivityService: ConnectivityChange for WIFI: CONNECTED/CONNECTED
06-12 02:02:20.351  1444  1444 I PhoneLab-WiFiReceiver: Wi-Fi is connected!
06-12 02:02:20.355  1444  1444 I PhoneLab-WiFiReceiver: SSID: UB_Secure BSSID: d0:c2:82:84:8d:50 RSSI: -200 LinkSpeed: -1
06-12 02:02:20.355  1444  1444 I PhoneLab-Locks: wake lock acquired
06-12 02:02:20.355  1444  1444 I PhoneLab-UploadLogs: OnStartCommand
06-12 02:02:20.371   152   223 W NetworkStats: dropping UID delta from unknown iface: iface=wlan0 uid=0 set=DEFAULT tag=0x0 rxBytes=664 rxPackets=2 txBytes=328 txPackets=5 operations=0
06-12 02:02:21.343   152   229 D ConnectivityService: NetTransition Wakelock for WifiStateMachine released by timeout
06-12 02:02:23.398   152   232 D Tethering: MasterInitialState.processMessage what=3
06-12 02:02:23.441   503   503 I GTalkService/c: [AndroidEndpoint@1094849888] connect: acct=1000000, state=CONNECTING
06-12 02:02:23.445   503   503 I GTalkService/c: [GTalkConnection@1094861096] connect: acct=1, state=CONNECTING
06-12 02:02:23.480  4153  4153 I MediaUploader: No need to wake up
06-12 02:02:23.531   411   413 D dalvikvm: GC_CONCURRENT freed 382K, 15% free 9857K/11527K, paused 2ms+4ms
06-12 02:02:26.640   152   229 D ConnectivityService: handleInetConditionHoldEnd: net=1, condition=100, published condition=0
06-12 02:02:27.144   503   505 D dalvikvm: GC_CONCURRENT freed 316K, 7% free 10239K/10951K, paused 6ms+11ms
06-12 02:02:37.078  1691  1691 I wpa_supplicant: wlan0: Trying to associate with d0:c2:82:2d:e4:b1 (SSID='UB_Wireless' freq=2412 MHz)
06-12 02:02:37.129  1691  1691 I wpa_supplicant: wlan0: CTRL-EVENT-DISCONNECTED bssid=d0:c2:82:2d:e4:b1 reason=0
06-12 02:02:37.140    76   117 D CommandListener: Clearing all IP addresses on wlan0
06-12 02:02:37.156   152   229 D ConnectivityService: ConnectivityChange for WIFI: DISCONNECTED/DISCONNECTED
06-12 02:02:37.156   152   229 D ConnectivityService: Attempting to switch to mobile
06-12 02:02:37.156   152   229 D ConnectivityService: Attempting to switch to WIMAX
06-12 02:02:37.156   152   229 D ConnectivityService: Attempting to switch to BLUETOOTH_TETHER
06-12 02:02:37.191   152   229 D NetUtils: android_net_utils_resetConnections in env=0x166a4d8 clazz=0x62f00001 iface=wlan0 mask=0x3
06-12 02:02:37.191   152   229 E ConnectivityService: Exception trying to remove a route: java.lang.IllegalStateException: Unable to communicate with native dameon to add routes - com.android.server.NativeDaemonConnectorException: Cmd {interface route remove wlan0 default 67.20.215.254 32 0.0.0.0} failed with code 400 : {Failed to remove route from default table (No such process)}
06-12 02:02:37.191   152   229 E ConnectivityService: Exception trying to remove a route: java.lang.IllegalStateException: Unable to communicate with native dameon to add routes - com.android.server.NativeDaemonConnectorException: Cmd {interface route remove wlan0 default 0.0.0.0 0 67.20.215.254} failed with code 400 : {Failed to remove route from default table (No such process)}
06-12 02:02:37.191   152   229 D ConnectivityService: resetConnections(wlan0, 3)
06-12 02:02:37.246   503  6717 W Smack/Packet: notify conn break (IOEx), close connection
06-12 02:02:37.261   411  3818 D dalvikvm: GC_EXPLICIT freed 49K, 15% free 9814K/11527K, paused 4ms+3ms
06-12 02:02:37.406   503  6717 I qtaguid : Failed write_ctrl(u 69) res=-1 errno=22
06-12 02:02:37.410   503  6717 I qtaguid : Untagging socket 69 failed errno=-22
06-12 02:02:37.410   503  6717 W NetworkManagementSocketTagger: untagSocket(69) failed with errno -22
06-12 02:02:37.425   152   229 D ConnectivityService: handleInetConditionChange: no active default network - ignore
06-12 02:02:37.746  1691  1691 I wpa_supplicant: wlan0: Trying to associate with d0:c2:82:84:8d:51 (SSID='UB_Wireless' freq=2462 MHz)
06-12 02:02:40.226   152   232 D Tethering: MasterInitialState.processMessage what=3
06-12 02:02:40.304  4153  4153 I MediaUploader: No need to wake up
06-12 02:02:40.312  1444  1444 I PhoneLab-WiFiReceiver: Wi-Fi is disconnected!
06-12 02:02:40.379   152   154 D dalvikvm: GC_CONCURRENT freed 1257K, 11% free 14545K/16263K, paused 2ms+5ms
06-12 02:02:47.761  1691  1691 I wpa_supplicant: wlan0: Authentication with d0:c2:82:84:8d:51 timed out.
06-12 02:02:49.379  1691  1691 I wpa_supplicant: wlan0: Trying to associate with d0:c2:82:84:8d:51 (SSID='UB_Wireless' freq=2462 MHz)
06-12 02:02:49.414  1691  1691 I wpa_supplicant: wlan0: Associated with d0:c2:82:84:8d:51
06-12 02:02:49.414  1691  1691 I wpa_supplicant: wlan0: CTRL-EVENT-CONNECTED - Connection to d0:c2:82:84:8d:51 completed (reauth) [id=1 id_str=]
06-12 02:03:07.886   152   229 D ConnectivityService: ConnectivityChange for WIFI: CONNECTED/CONNECTED
06-12 02:03:07.902  1444  1444 I PhoneLab-WiFiReceiver: Wi-Fi is connected!
06-12 02:03:07.902  1444  1444 I PhoneLab-WiFiReceiver: SSID: UB_Wireless BSSID: d0:c2:82:84:8d:51 RSSI: -200 LinkSpeed: -1
06-12 02:03:07.902  1444  1444 I PhoneLab-Locks: wake lock acquired
06-12 02:03:07.902  1444  1444 I PhoneLab-UploadLogs: OnStartCommand
06-12 02:03:07.918   152   223 W NetworkStats: dropping UID delta from unknown iface: iface=wlan0 uid=0 set=DEFAULT tag=0x0 rxBytes=664 rxPackets=2 txBytes=384 txPackets=6 operations=0
06-12 02:03:08.886   152   229 D ConnectivityService: NetTransition Wakelock for WifiStateMachine released by timeout
06-12 02:03:10.941   152   232 D Tethering: MasterInitialState.processMessage what=3
06-12 02:03:10.988   503   503 I GTalkService/c: [AndroidEndpoint@1094849888] connect: acct=1000000, state=CONNECTING
06-12 02:03:10.988   503   503 I GTalkService/c: [GTalkConnection@1094861096] connect: acct=1, state=CONNECTING
06-12 02:03:11.023  4153  4153 I MediaUploader: No need to wake up
06-12 02:03:12.050   321   323 D dalvikvm: GC_CONCURRENT freed 439K, 15% free 10104K/11783K, paused 1ms+3ms
06-12 02:03:12.152   321   323 D dalvikvm: GC_CONCURRENT freed 345K, 14% free 10215K/11783K, paused 1ms+2ms
06-12 02:03:15.043   321   323 D dalvikvm: GC_CONCURRENT freed 359K, 13% free 10269K/11783K, paused 2ms+2ms
06-12 02:03:43.383  1444  1460 I PhoneLab-: Service Running
06-12 02:03:43.429  1444  1460 I PhoneLab-LoggerService: app_38    1464  1444  1952   1540  c00f181c 400309d8 S logcat
06-12 02:03:43.429  1444  1460 I PhoneLab-LoggerService: Logcat pid from database 1464
06-12 02:03:43.433  1444  1460 I PhoneLab-LoggerService: Logcat process found 1464
06-12 02:03:43.433  1444  1460 I PhoneLab-LoggerService: Checking Threshold
06-12 02:05:43.383  1444  1460 I PhoneLab-: Service Running
06-12 02:05:43.441  1444  1460 I PhoneLab-LoggerService: app_38    1464  1444  1952   1540  c00f181c 400309d8 S logcat
06-12 02:05:43.441  1444  1460 I PhoneLab-LoggerService: Logcat pid from database 1464
06-12 02:05:43.441  1444  1460 I PhoneLab-LoggerService: Logcat process found 1464
06-12 02:05:43.441  1444  1460 I PhoneLab-LoggerService: Checking Threshold
06-12 02:06:20.480   503  1191 E GTalkService: connectionClosed: no XMPPConnection - That's strange!
06-12 02:06:20.640   503   505 D dalvikvm: GC_CONCURRENT freed 417K, 7% free 10206K/10951K, paused 8ms+2ms
06-12 02:06:20.703   152   402 D dalvikvm: GC_EXPLICIT freed 685K, 11% free 14492K/16263K, paused 2ms+5ms
06-12 02:06:20.722   503  1191 E GTalkService: connectionClosed: no XMPPConnection - That's strange!
06-12 02:06:23.492   152   229 D ConnectivityService: handleInetConditionHoldEnd: net=1, condition=0, published condition=0
06-12 02:06:26.121   503   503 I GTalkService/c: [AndroidEndpoint@1094849888] connect: acct=1000000, state=CONNECTING
06-12 02:06:26.125   503   503 I GTalkService/c: [GTalkConnection@1094861096] connect: acct=1, state=CONNECTING
06-12 02:07:15.390   503  1750 I EventLogService: Aggregate from 1339479435304 (log), 1339479435304 (data)
06-12 02:07:43.383  1444  1460 I PhoneLab-: Service Running
06-12 02:07:43.437  1444  1460 I PhoneLab-LoggerService: app_38    1464  1444  1952   1540  c00f181c 400309d8 S logcat
06-12 02:07:43.437  1444  1460 I PhoneLab-LoggerService: Logcat pid from database 1464
06-12 02:07:43.437  1444  1460 I PhoneLab-LoggerService: Logcat process found 1464
06-12 02:07:43.437  1444  1460 I PhoneLab-LoggerService: Checking Threshold
06-12 02:08:14.308  1691  1691 I wpa_supplicant: wlan0: CTRL-EVENT-DISCONNECTED bssid=d0:c2:82:84:8d:51 reason=0
06-12 02:08:14.347    76   117 D CommandListener: Clearing all IP addresses on wlan0
06-12 02:08:14.359   152   229 D ConnectivityService: ConnectivityChange for WIFI: DISCONNECTED/DISCONNECTED
06-12 02:08:14.359   152   229 D ConnectivityService: Attempting to switch to mobile
06-12 02:08:14.359   152   229 D ConnectivityService: Attempting to switch to WIMAX
06-12 02:08:14.359   152   229 D ConnectivityService: Attempting to switch to BLUETOOTH_TETHER
06-12 02:08:14.375   152   229 E ConnectivityService: Exception trying to remove a route: java.lang.IllegalStateException: Unable to communicate with native dameon to add routes - com.android.server.NativeDaemonConnectorException: Cmd {interface route remove wlan0 default 128.205.234.254 32 0.0.0.0} failed with code 400 : {Failed to remove route from default table (No such process)}
06-12 02:08:14.383   152   229 D NetUtils: android_net_utils_resetConnections in env=0x166a4d8 clazz=0x78c00001 iface=wlan0 mask=0x3
06-12 02:08:14.383   152   229 E ConnectivityService: Exception trying to remove a route: java.lang.IllegalStateException: Unable to communicate with native dameon to add routes - com.android.server.NativeDaemonConnectorException: Cmd {interface route remove wlan0 default 0.0.0.0 0 128.205.234.254} failed with code 400 : {Failed to remove route from default table (No such process)}
06-12 02:08:14.383   152   229 D ConnectivityService: resetConnections(wlan0, 3)
06-12 02:08:14.433   503  1191 E GTalkService: connectionClosed: no XMPPConnection - That's strange!
06-12 02:08:14.437   152   229 D ConnectivityService: handleInetConditionChange: no active default network - ignore
06-12 02:08:14.476   321   323 D dalvikvm: GC_CONCURRENT freed 497K, 14% free 10206K/11783K, paused 1ms+4ms
06-12 02:08:14.562   321   323 D dalvikvm: GC_CONCURRENT freed 700K, 16% free 10007K/11783K, paused 1ms+2ms
06-12 02:08:14.578   503  1191 E GTalkService: connectionClosed: no XMPPConnection - That's strange!
06-12 02:08:15.597  1691  1691 I wpa_supplicant: wlan0: Trying to associate with d0:c2:82:66:69:d1 (SSID='UB_Wireless' freq=2462 MHz)
06-12 02:08:17.406   152   232 D Tethering: MasterInitialState.processMessage what=3
06-12 02:08:17.468  4153  4153 I MediaUploader: No need to wake up
06-12 02:08:17.472  1444  1444 I PhoneLab-WiFiReceiver: Wi-Fi is disconnected!
06-12 02:08:20.675  1691  1691 I wpa_supplicant: wlan0: CTRL-EVENT-DISCONNECTED bssid=d0:c2:82:66:69:d1 reason=0
06-12 02:08:21.289  1691  1691 I wpa_supplicant: wlan0: Trying to associate with d0:c2:82:84:8d:51 (SSID='UB_Wireless' freq=2462 MHz)
06-12 02:08:21.320  1691  1691 I wpa_supplicant: wlan0: Associated with d0:c2:82:84:8d:51
06-12 02:08:21.320  1691  1691 I wpa_supplicant: wlan0: CTRL-EVENT-CONNECTED - Connection to d0:c2:82:84:8d:51 completed (reauth) [id=1 id_str=]
06-12 02:08:25.613   152   229 D ConnectivityService: ConnectivityChange for WIFI: CONNECTED/CONNECTED
06-12 02:08:25.625  1444  1444 I PhoneLab-WiFiReceiver: Wi-Fi is connected!
06-12 02:08:25.625  1444  1444 I PhoneLab-WiFiReceiver: SSID: UB_Wireless BSSID: d0:c2:82:84:8d:51 RSSI: -200 LinkSpeed: -1
06-12 02:08:25.625  1444  1444 I PhoneLab-Locks: wake lock acquired
06-12 02:08:25.636   503   503 I GTalkService/c: [AndroidEndpoint@1094849888] connect: acct=1000000, state=CONNECTING
06-12 02:08:25.636   503   503 I GTalkService/c: [GTalkConnection@1094861096] connect: acct=1, state=CONNECTING
06-12 02:08:25.636  1444  1444 I PhoneLab-UploadLogs: OnStartCommand
06-12 02:08:25.656   152   223 W NetworkStats: dropping UID delta from unknown iface: iface=wlan0 uid=0 set=DEFAULT tag=0x0 rxBytes=0 rxPackets=0 txBytes=196 txPackets=3 operations=0
06-12 02:08:26.613   152   229 D ConnectivityService: NetTransition Wakelock for WifiStateMachine released by timeout
06-12 02:08:28.675   152   232 D Tethering: MasterInitialState.processMessage what=3
06-12 02:08:28.750  4153  4153 I MediaUploader: No need to wake up
06-12 02:08:29.574   321   323 D dalvikvm: GC_CONCURRENT freed 224K, 13% free 10281K/11783K, paused 2ms+3ms
06-12 02:08:29.711   321   323 D dalvikvm: GC_CONCURRENT freed 500K, 14% free 10239K/11783K, paused 7ms+3ms
06-12 02:09:43.383  1444  1460 I PhoneLab-: Service Running
06-12 02:09:43.449  1444  1460 I PhoneLab-LoggerService: app_38    1464  1444  1952   1540  c00f181c 400309d8 S logcat
06-12 02:09:43.449  1444  1460 I PhoneLab-LoggerService: Logcat pid from database 1464
06-12 02:09:43.449  1444  1460 I PhoneLab-LoggerService: Logcat process found 1464
06-12 02:09:43.449  1444  1460 I PhoneLab-LoggerService: Checking Threshold
06-12 02:11:36.976   503  1191 E GTalkService: connectionClosed: no XMPPConnection - That's strange!
06-12 02:11:37.093   503  1191 E GTalkService: connectionClosed: no XMPPConnection - That's strange!
06-12 02:11:39.992   152   229 D ConnectivityService: handleInetConditionHoldEnd: net=1, condition=0, published condition=0
06-12 02:11:43.383  1444  1460 I PhoneLab-: Service Running
06-12 02:11:43.429  1444  1460 I PhoneLab-LoggerService: app_38    1464  1444  1952   1540  c00f181c 400309d8 S logcat
06-12 02:11:43.429  1444  1460 I PhoneLab-LoggerService: Logcat pid from database 1464
06-12 02:11:43.429  1444  1460 I PhoneLab-LoggerService: Logcat process found 1464
06-12 02:11:43.429  1444  1460 I PhoneLab-LoggerService: Checking Threshold
06-12 02:11:59.367   503   503 I GTalkService/c: [AndroidEndpoint@1094849888] connect: acct=1000000, state=CONNECTING
06-12 02:11:59.383   503   503 I GTalkService/c: [GTalkConnection@1094861096] connect: acct=1, state=CONNECTING
06-12 02:11:59.414   503   505 D dalvikvm: GC_CONCURRENT freed 420K, 8% free 10181K/10951K, paused 1ms+4ms
06-12 02:13:43.383  1444  1460 I PhoneLab-: Service Running
06-12 02:13:43.445  1444  1460 I PhoneLab-LoggerService: app_38    1464  1444  1952   1540  c00f181c 400309d8 S logcat
06-12 02:13:43.449  1444  1460 I PhoneLab-LoggerService: Logcat pid from database 1464
06-12 02:13:43.449  1444  1460 I PhoneLab-LoggerService: Logcat process found 1464
06-12 02:13:43.449  1444  1460 I PhoneLab-LoggerService: Checking Threshold
06-12 02:13:45.215  1691  1691 I wpa_supplicant: wlan0: CTRL-EVENT-DISCONNECTED bssid=d0:c2:82:84:8d:51 reason=0
06-12 02:13:45.246    76   117 D CommandListener: Clearing all IP addresses on wlan0
06-12 02:13:45.261   152   229 D ConnectivityService: ConnectivityChange for WIFI: DISCONNECTED/DISCONNECTED
06-12 02:13:45.261   152   229 D ConnectivityService: Attempting to switch to mobile
06-12 02:13:45.261   152   229 D ConnectivityService: Attempting to switch to WIMAX
06-12 02:13:45.261   152   229 D ConnectivityService: Attempting to switch to BLUETOOTH_TETHER
06-12 02:13:45.265   152   229 D NetUtils: android_net_utils_resetConnections in env=0x166a4d8 clazz=0x8e100001 iface=wlan0 mask=0x3
06-12 02:13:45.265   152   229 E ConnectivityService: Exception trying to remove a route: java.lang.IllegalStateException: Unable to communicate with native dameon to add routes - com.android.server.NativeDaemonConnectorException: Cmd {interface route remove wlan0 default 128.205.234.254 32 0.0.0.0} failed with code 400 : {Failed to remove route from default table (No such process)}
06-12 02:13:45.265   152   229 E ConnectivityService: Exception trying to remove a route: java.lang.IllegalStateException: Unable to communicate with native dameon to add routes - com.android.server.NativeDaemonConnectorException: Cmd {interface route remove wlan0 default 0.0.0.0 0 128.205.234.254} failed with code 400 : {Failed to remove route from default table (No such process)}
06-12 02:13:45.265   152   229 D ConnectivityService: resetConnections(wlan0, 3)
06-12 02:13:45.332   503  1191 E GTalkService: connectionClosed: no XMPPConnection - That's strange!
06-12 02:13:45.332   152   229 D ConnectivityService: handleInetConditionChange: no active default network - ignore
06-12 02:13:45.363   321   321 D dalvikvm: GC_FOR_ALLOC freed 571K, 15% free 10038K/11783K, paused 15ms
06-12 02:13:45.414   321   323 D dalvikvm: GC_CONCURRENT freed 364K, 14% free 10152K/11783K, paused 2ms+2ms
06-12 02:13:45.500   503  1191 E GTalkService: connectionClosed: no XMPPConnection - That's strange!
06-12 02:13:45.511   321   323 D dalvikvm: GC_CONCURRENT freed 546K, 15% free 10089K/11783K, paused 2ms+2ms
06-12 02:13:46.504  1691  1691 I wpa_supplicant: wlan0: Trying to associate with d0:c2:82:66:69:d1 (SSID='UB_Wireless' freq=2462 MHz)
06-12 02:13:46.547  1691  1691 I wpa_supplicant: wlan0: Associated with d0:c2:82:66:69:d1
06-12 02:13:46.547  1691  1691 I wpa_supplicant: wlan0: CTRL-EVENT-CONNECTED - Connection to d0:c2:82:66:69:d1 completed (reauth) [id=1 id_str=]
06-12 02:13:48.316   152   232 D Tethering: MasterInitialState.processMessage what=3
06-12 02:13:48.402  4153  4153 I MediaUploader: No need to wake up
06-12 02:13:48.406  1444  1444 I PhoneLab-WiFiReceiver: Wi-Fi is disconnected!
06-12 02:13:48.461   152   154 D dalvikvm: GC_CONCURRENT freed 1225K, 11% free 14571K/16263K, paused 3ms+5ms
06-12 02:13:51.097   152   229 D ConnectivityService: ConnectivityChange for WIFI: CONNECTED/CONNECTED
06-12 02:13:51.109  1444  1444 I PhoneLab-WiFiReceiver: Wi-Fi is connected!
06-12 02:13:51.113  1444  1444 I PhoneLab-WiFiReceiver: SSID: UB_Wireless BSSID: d0:c2:82:66:69:d1 RSSI: -200 LinkSpeed: -1
06-12 02:13:51.113  1444  1444 I PhoneLab-Locks: wake lock acquired
06-12 02:13:51.113  1444  1444 I PhoneLab-UploadLogs: OnStartCommand
06-12 02:13:51.133   152   223 W NetworkStats: dropping UID delta from unknown iface: iface=wlan0 uid=0 set=DEFAULT tag=0x0 rxBytes=0 rxPackets=0 txBytes=272 txPackets=4 operations=0
06-12 02:13:51.156  1444  1446 D dalvikvm: GC_CONCURRENT freed 408K, 15% free 9139K/10695K, paused 1ms+1ms
06-12 02:13:52.101   152   229 D ConnectivityService: NetTransition Wakelock for WifiStateMachine released by timeout
06-12 02:13:54.156   152   232 D Tethering: MasterInitialState.processMessage what=3
06-12 02:13:54.195   503   503 I GTalkService/c: [AndroidEndpoint@1094849888] connect: acct=1000000, state=CONNECTING
06-12 02:13:54.195   503   503 I GTalkService/c: [GTalkConnection@1094861096] connect: acct=1, state=CONNECTING
06-12 02:13:54.238  4153  4153 I MediaUploader: No need to wake up
06-12 02:13:54.265  4153  4156 D dalvikvm: GC_CONCURRENT freed 383K, 5% free 9088K/9543K, paused 7ms+2ms
06-12 02:13:55.902   321   321 D dalvikvm: GC_FOR_ALLOC freed 340K, 15% free 10101K/11783K, paused 15ms
06-12 02:13:55.996   321   323 D dalvikvm: GC_CONCURRENT freed 345K, 14% free 10223K/11783K, paused 4ms+2ms
06-12 02:13:58.890   321   323 D dalvikvm: GC_CONCURRENT freed 339K, 13% free 10269K/11783K, paused 1ms+2ms
06-12 02:15:43.383  1444  1460 I PhoneLab-: Service Running
06-12 02:15:43.445  1444  1460 I PhoneLab-LoggerService: app_38    1464  1444  1952   1540  c00f181c 400309d8 S logcat
06-12 02:15:43.445  1444  1460 I PhoneLab-LoggerService: Logcat pid from database 1464
06-12 02:15:43.445  1444  1460 I PhoneLab-LoggerService: Logcat process found 1464
06-12 02:15:43.445  1444  1460 I PhoneLab-LoggerService: Checking Threshold
06-12 02:17:03.730   503  1191 E GTalkService: connectionClosed: no XMPPConnection - That's strange!
06-12 02:17:03.902   503  1191 E GTalkService: connectionClosed: no XMPPConnection - That's strange!
06-12 02:17:06.750   152   229 D ConnectivityService: handleInetConditionHoldEnd: net=1, condition=0, published condition=0
06-12 02:17:18.133   503   503 I GTalkService/c: [AndroidEndpoint@1094849888] connect: acct=1000000, state=CONNECTING
06-12 02:17:18.136   503   503 I GTalkService/c: [GTalkConnection@1094861096] connect: acct=1, state=CONNECTING
06-12 02:17:31.394   152   168 V BackupManagerService: Running a backup pass
06-12 02:17:31.410   152   240 V BackupManagerService: Backup requested but nothing pending
06-12 02:17:43.383  1444  1460 I PhoneLab-: Service Running
06-12 02:17:43.429  1444  1460 I PhoneLab-LoggerService: app_38    1464  1444  1952   1540  c00f181c 400309d8 S logcat
06-12 02:17:43.429  1444  1460 I PhoneLab-LoggerService: Logcat pid from database 1464
06-12 02:17:43.429  1444  1460 I PhoneLab-LoggerService: Logcat process found 1464
06-12 02:17:43.429  1444  1460 I PhoneLab-LoggerService: Checking Threshold
06-12 02:19:10.812  1691  1691 I wpa_supplicant: wlan0: CTRL-EVENT-DISCONNECTED bssid=d0:c2:82:66:69:d1 reason=0
06-12 02:19:10.847    76   117 D CommandListener: Clearing all IP addresses on wlan0
06-12 02:19:10.859   152   229 D ConnectivityService: ConnectivityChange for WIFI: DISCONNECTED/DISCONNECTED
06-12 02:19:10.859   152   229 D ConnectivityService: Attempting to switch to mobile
06-12 02:19:10.859   152   229 D ConnectivityService: Attempting to switch to WIMAX
06-12 02:19:10.859   152   229 D ConnectivityService: Attempting to switch to BLUETOOTH_TETHER
06-12 02:19:10.871   152   229 E ConnectivityService: Exception trying to remove a route: java.lang.IllegalStateException: Unable to communicate with native dameon to add routes - com.android.server.NativeDaemonConnectorException: Cmd {interface route remove wlan0 default 128.205.234.254 32 0.0.0.0} failed with code 400 : {Failed to remove route from default table (No such process)}
06-12 02:19:10.875   152   229 D NetUtils: android_net_utils_resetConnections in env=0x166a4d8 clazz=0xa3600001 iface=wlan0 mask=0x3
06-12 02:19:10.875   152   229 E ConnectivityService: Exception trying to remove a route: java.lang.IllegalStateException: Unable to communicate with native dameon to add routes - com.android.server.NativeDaemonConnectorException: Cmd {interface route remove wlan0 default 0.0.0.0 0 128.205.234.254} failed with code 400 : {Failed to remove route from default table (No such process)}
06-12 02:19:10.875   152   229 D ConnectivityService: resetConnections(wlan0, 3)
06-12 02:19:10.929   503  1191 E GTalkService: connectionClosed: no XMPPConnection - That's strange!
06-12 02:19:10.933   152   229 D ConnectivityService: handleInetConditionChange: no active default network - ignore
06-12 02:19:11.015   321   323 D dalvikvm: GC_CONCURRENT freed 521K, 14% free 10209K/11783K, paused 2ms+2ms
06-12 02:19:11.129   321   323 D dalvikvm: GC_CONCURRENT freed 560K, 15% free 10100K/11783K, paused 4ms+2ms
06-12 02:19:11.140   503  1191 E GTalkService: connectionClosed: no XMPPConnection - That's strange!
06-12 02:19:12.074  1691  1691 I wpa_supplicant: wlan0: Trying to associate with d0:c2:82:84:8d:50 (SSID='UB_Secure' freq=2462 MHz)
06-12 02:19:12.133  1691  1691 I wpa_supplicant: wlan0: CTRL-EVENT-DISCONNECTED bssid=d0:c2:82:84:8d:50 reason=0
06-12 02:19:12.156  1691  1691 I wpa_supplicant: wlan0: Associated with d0:c2:82:84:8d:50
06-12 02:19:12.179  1691  1691 I wpa_supplicant: wlan0: WPA: Key negotiation completed with d0:c2:82:84:8d:50 [PTK=CCMP GTK=TKIP]
06-12 02:19:12.179  1691  1691 I wpa_supplicant: wlan0: CTRL-EVENT-CONNECTED - Connection to d0:c2:82:84:8d:50 completed (reauth) [id=0 id_str=]
06-12 02:19:13.914   152   232 D Tethering: MasterInitialState.processMessage what=3
06-12 02:19:14.004  4153  4153 I MediaUploader: No need to wake up
06-12 02:19:14.008  1444  1444 I PhoneLab-WiFiReceiver: Wi-Fi is disconnected!
06-12 02:19:14.035   503   505 D dalvikvm: GC_CONCURRENT freed 418K, 8% free 10180K/10951K, paused 2ms+3ms
06-12 02:19:18.902   152   229 D ConnectivityService: ConnectivityChange for WIFI: CONNECTED/CONNECTED
06-12 02:19:18.922  1444  1444 I PhoneLab-WiFiReceiver: Wi-Fi is connected!
06-12 02:19:18.922  1444  1444 I PhoneLab-WiFiReceiver: SSID: UB_Secure BSSID: d0:c2:82:84:8d:50 RSSI: -200 LinkSpeed: -1
06-12 02:19:18.922  1444  1444 I PhoneLab-Locks: wake lock acquired
06-12 02:19:18.925  1444  1444 I PhoneLab-UploadLogs: OnStartCommand
06-12 02:19:18.933   152   223 W NetworkStats: dropping UID delta from unknown iface: iface=wlan0 uid=0 set=DEFAULT tag=0x0 rxBytes=664 rxPackets=2 txBytes=252 txPackets=4 operations=0
06-12 02:19:19.902   152   229 D ConnectivityService: NetTransition Wakelock for WifiStateMachine released by timeout
06-12 02:19:22.008   503   503 I GTalkService/c: [AndroidEndpoint@1094849888] connect: acct=1000000, state=CONNECTING
06-12 02:19:22.008   503   503 I GTalkService/c: [GTalkConnection@1094861096] connect: acct=1, state=CONNECTING
06-12 02:19:22.019   152   232 D Tethering: MasterInitialState.processMessage what=3
06-12 02:19:22.047  4153  4153 I MediaUploader: No need to wake up
06-12 02:19:24.668   152   229 D ConnectivityService: handleInetConditionHoldEnd: net=1, condition=100, published condition=0
06-12 02:19:25.136   503   505 D dalvikvm: GC_CONCURRENT freed 317K, 7% free 10247K/10951K, paused 18ms+3ms
06-12 02:19:43.379  1444  1460 I PhoneLab-: Service Running
06-12 02:19:43.449  1444  1460 I PhoneLab-LoggerService: app_38    1464  1444  1952   1540  c00f181c 400309d8 S logcat
06-12 02:19:43.449  1444  1460 I PhoneLab-LoggerService: Logcat pid from database 1464
06-12 02:19:43.449  1444  1460 I PhoneLab-LoggerService: Logcat process found 1464
06-12 02:19:43.449  1444  1460 I PhoneLab-LoggerService: Checking Threshold
06-12 02:19:44.332   152   154 D dalvikvm: GC_CONCURRENT freed 1312K, 11% free 14549K/16263K, paused 18ms+5ms
06-12 02:21:43.383  1444  1460 I PhoneLab-: Service Running
06-12 02:21:43.441  1444  1460 I PhoneLab-LoggerService: app_38    1464  1444  1952   1540  c00f181c 400309d8 S logcat
06-12 02:21:43.441  1444  1460 I PhoneLab-LoggerService: Logcat pid from database 1464
06-12 02:21:43.441  1444  1460 I PhoneLab-LoggerService: Logcat process found 1464
06-12 02:21:43.441  1444  1460 I PhoneLab-LoggerService: Checking Threshold
06-12 02:23:43.379  1444  1460 I PhoneLab-: Service Running
06-12 02:23:43.445  1444  1460 I PhoneLab-LoggerService: app_38    1464  1444  1952   1540  c00f181c 400309d8 S logcat
06-12 02:23:43.445  1444  1460 I PhoneLab-LoggerService: Logcat pid from database 1464
06-12 02:23:43.445  1444  1460 I PhoneLab-LoggerService: Logcat process found 1464
06-12 02:23:43.445  1444  1460 I PhoneLab-LoggerService: Checking Threshold
06-12 02:25:43.383  1444  1460 I PhoneLab-: Service Running
06-12 02:25:43.441  1444  1460 I PhoneLab-LoggerService: app_38    1464  1444  1952   1540  c00f181c 400309d8 S logcat
06-12 02:25:43.441  1444  1460 I PhoneLab-LoggerService: Logcat pid from database 1464
06-12 02:25:43.441  1444  1460 I PhoneLab-LoggerService: Logcat process found 1464
06-12 02:25:43.441  1444  1460 I PhoneLab-LoggerService: Checking Threshold
06-12 02:27:43.383  1444  1460 I PhoneLab-: Service Running
06-12 02:27:43.429  1444  1460 I PhoneLab-LoggerService: app_38    1464  1444  1952   1540  c00f181c 400309d8 S logcat
06-12 02:27:43.429  1444  1460 I PhoneLab-LoggerService: Logcat pid from database 1464
06-12 02:27:43.429  1444  1460 I PhoneLab-LoggerService: Logcat process found 1464
06-12 02:27:43.429  1444  1460 I PhoneLab-LoggerService: Checking Threshold
06-12 02:28:24.562  1691  1691 I wpa_supplicant: wlan0: WPA: Group rekeying completed with d0:c2:82:84:8d:50 [GTK=TKIP]
06-12 02:29:31.480  1444  1444 I PhoneLab-Locks: wake lock acquired
06-12 02:29:31.508  1444  6890 I PhoneLab-PeriodicCheckService: User info is synched
06-12 02:29:31.531  1444  6890 I PhoneLab-PeriodicCheckService: Logger Service is running
06-12 02:29:31.535  1444  1444 I PhoneLab-Locks: wake lock acquired
06-12 02:29:31.543  1444  1444 I PhoneLab-StatusMonitor: Status Monitoring is started
06-12 02:29:31.554  1444  6890 I PhoneLab-Locks: wake lock acquired
06-12 02:29:31.554  1444  6890 I PhoneLab-PeriodicCheckService: Rescheduling periodic checking...
06-12 02:29:31.558  1444  1444 E PhoneLab-PhoneLabManifest: java.io.FileNotFoundException: /data/data/edu.buffalo.cse.phonelab.phonelabservices/files/manifest.xml: open failed: ENOENT (No such file or directory)
06-12 02:29:31.558  1444  1444 I PhoneLab-Locks: wake lock released
06-12 02:29:31.562  1444  6890 I PhoneLab-Locks: wake lock released
06-12 02:29:31.566  1444  1444 I PhoneLab-UploadLogs: OnStartCommand
06-12 02:29:31.574  1444  1446 D dalvikvm: GC_CONCURRENT freed 426K, 15% free 9151K/10695K, paused 2ms+3ms
06-12 02:29:43.383  1444  1460 I PhoneLab-: Service Running
06-12 02:29:43.449  1444  1460 I PhoneLab-LoggerService: app_38    1464  1444  1952   1540  c00f181c 400309d8 S logcat
06-12 02:29:43.449  1444  1460 I PhoneLab-LoggerService: Logcat pid from database 1464
06-12 02:29:43.449  1444  1460 I PhoneLab-LoggerService: Logcat process found 1464
06-12 02:29:43.449  1444  1460 I PhoneLab-LoggerService: Checking Threshold
06-12 02:31:43.383  1444  1460 I PhoneLab-: Service Running
06-12 02:31:43.429  1444  1460 I PhoneLab-LoggerService: app_38    1464  1444  1952   1540  c00f181c 400309d8 S logcat
06-12 02:31:43.429  1444  1460 I PhoneLab-LoggerService: Logcat pid from database 1464
06-12 02:31:43.429  1444  1460 I PhoneLab-LoggerService: Logcat process found 1464
06-12 02:31:43.429  1444  1460 I PhoneLab-LoggerService: Checking Threshold
06-12 02:33:43.383  1444  1460 I PhoneLab-: Service Running
06-12 02:33:43.433  1444  1460 I PhoneLab-LoggerService: app_38    1464  1444  1952   1540  c00f181c 400309d8 S logcat
06-12 02:33:43.433  1444  1460 I PhoneLab-LoggerService: Logcat pid from database 1464
06-12 02:33:43.433  1444  1460 I PhoneLab-LoggerService: Logcat process found 1464
06-12 02:33:43.433  1444  1460 I PhoneLab-LoggerService: Checking Threshold
06-12 02:35:43.379  1444  1460 I PhoneLab-: Service Running
06-12 02:35:43.449  1444  1460 I PhoneLab-LoggerService: app_38    1464  1444  1952   1540  c00f181c 400309d8 S logcat
06-12 02:35:43.449  1444  1460 I PhoneLab-LoggerService: Logcat pid from database 1464
06-12 02:35:43.449  1444  1460 I PhoneLab-LoggerService: Logcat process found 1464
06-12 02:35:43.449  1444  1460 I PhoneLab-LoggerService: Checking Threshold
06-12 02:37:15.472   503   840 I EventLogService: Aggregate from 1339481235393 (log), 1339481235393 (data)
06-12 02:37:43.383  1444  1460 I PhoneLab-: Service Running
06-12 02:37:43.429  1444  1460 I PhoneLab-LoggerService: app_38    1464  1444  1952   1540  c00f181c 400309d8 S logcat
06-12 02:37:43.429  1444  1460 I PhoneLab-LoggerService: Logcat pid from database 1464
06-12 02:37:43.433  1444  1460 I PhoneLab-LoggerService: Logcat process found 1464
06-12 02:37:43.433  1444  1460 I PhoneLab-LoggerService: Checking Threshold
06-12 02:39:43.383  1444  1460 I PhoneLab-: Service Running
06-12 02:39:43.433  1444  1460 I PhoneLab-LoggerService: app_38    1464  1444  1952   1540  c00f181c 400309d8 S logcat
06-12 02:39:43.433  1444  1460 I PhoneLab-LoggerService: Logcat pid from database 1464
06-12 02:39:43.433  1444  1460 I PhoneLab-LoggerService: Logcat process found 1464
06-12 02:39:43.433  1444  1460 I PhoneLab-LoggerService: Checking Threshold
06-12 02:41:43.383  1444  1460 I PhoneLab-: Service Running
06-12 02:41:43.449  1444  1460 I PhoneLab-LoggerService: app_38    1464  1444  1952   1540  c00f181c 400309d8 S logcat
06-12 02:41:43.449  1444  1460 I PhoneLab-LoggerService: Logcat pid from database 1464
06-12 02:41:43.449  1444  1460 I PhoneLab-LoggerService: Logcat process found 1464
06-12 02:41:43.449  1444  1460 I PhoneLab-LoggerService: Checking Threshold
06-12 02:42:00.125   321   323 D dalvikvm: GC_CONCURRENT freed 405K, 15% free 10083K/11783K, paused 2ms+4ms
06-12 02:43:00.152   152   154 D dalvikvm: GC_CONCURRENT freed 1277K, 11% free 14543K/16263K, paused 2ms+5ms
06-12 02:43:43.383  1444  1460 I PhoneLab-: Service Running
06-12 02:43:43.453  1444  1460 I PhoneLab-LoggerService: app_38    1464  1444  1952   1540  c00f181c 400309d8 S logcat
06-12 02:43:43.453  1444  1460 I PhoneLab-LoggerService: Logcat pid from database 1464
06-12 02:43:43.453  1444  1460 I PhoneLab-LoggerService: Logcat process found 1464
06-12 02:43:43.453  1444  1460 I PhoneLab-LoggerService: Checking Threshold
06-12 02:43:43.453  1444  1446 D dalvikvm: GC_CONCURRENT freed 374K, 15% free 9174K/10695K, paused 1ms+4ms
06-12 02:45:43.383  1444  1460 I PhoneLab-: Service Running
06-12 02:45:43.437  1444  1460 I PhoneLab-LoggerService: app_38    1464  1444  1952   1540  c00f181c 400309d8 S logcat
06-12 02:45:43.437  1444  1460 I PhoneLab-LoggerService: Logcat pid from database 1464
06-12 02:45:43.437  1444  1460 I PhoneLab-LoggerService: Logcat process found 1464
06-12 02:45:43.437  1444  1460 I PhoneLab-LoggerService: Checking Threshold
06-12 02:46:49.351   152  3994 D dalvikvm: GC_EXPLICIT freed 162K, 11% free 14481K/16263K, paused 12ms+4ms
06-12 02:47:43.379  1444  1460 I PhoneLab-: Service Running
06-12 02:47:43.449  1444  1460 I PhoneLab-LoggerService: app_38    1464  1444  1952   1540  c00f181c 400309d8 S logcat
06-12 02:47:43.449  1444  1460 I PhoneLab-LoggerService: Logcat pid from database 1464
06-12 02:47:43.449  1444  1460 I PhoneLab-LoggerService: Logcat process found 1464
06-12 02:47:43.449  1444  1460 I PhoneLab-LoggerService: Checking Threshold
06-12 02:49:43.383  1444  1460 I PhoneLab-: Service Running
06-12 02:49:43.433  1444  1460 I PhoneLab-LoggerService: app_38    1464  1444  1952   1540  c00f181c 400309d8 S logcat
06-12 02:49:43.433  1444  1460 I PhoneLab-LoggerService: Logcat pid from database 1464
06-12 02:49:43.433  1444  1460 I PhoneLab-LoggerService: Logcat process found 1464
06-12 02:49:43.433  1444  1460 I PhoneLab-LoggerService: Checking Threshold
06-12 02:51:43.379  1444  1460 I PhoneLab-: Service Running
06-12 02:51:43.433  1444  1460 I PhoneLab-LoggerService: app_38    1464  1444  1952   1540  c00f181c 400309d8 S logcat
06-12 02:51:43.433  1444  1460 I PhoneLab-LoggerService: Logcat pid from database 1464
06-12 02:51:43.433  1444  1460 I PhoneLab-LoggerService: Logcat process found 1464
06-12 02:51:43.433  1444  1460 I PhoneLab-LoggerService: Checking Threshold
06-12 02:53:43.379  1444  1460 I PhoneLab-: Service Running
06-12 02:53:43.449  1444  1460 I PhoneLab-LoggerService: app_38    1464  1444  1952   1540  c00f181c 400309d8 S logcat
06-12 02:53:43.449  1444  1460 I PhoneLab-LoggerService: Logcat pid from database 1464
06-12 02:53:43.449  1444  1460 I PhoneLab-LoggerService: Logcat process found 1464
06-12 02:53:43.449  1444  1460 I PhoneLab-LoggerService: Checking Threshold
06-12 02:55:43.383  1444  1460 I PhoneLab-: Service Running
06-12 02:55:43.445  1444  1460 I PhoneLab-LoggerService: app_38    1464  1444  1952   1540  c00f181c 400309d8 S logcat
06-12 02:55:43.445  1444  1460 I PhoneLab-LoggerService: Logcat pid from database 1464
06-12 02:55:43.445  1444  1460 I PhoneLab-LoggerService: Logcat process found 1464
06-12 02:55:43.445  1444  1460 I PhoneLab-LoggerService: Checking Threshold
06-12 02:57:43.383  1444  1460 I PhoneLab-: Service Running
06-12 02:57:43.445  1444  1460 I PhoneLab-LoggerService: app_38    1464  1444  1952   1540  c00f181c 400309d8 S logcat
06-12 02:57:43.445  1444  1460 I PhoneLab-LoggerService: Logcat pid from database 1464
06-12 02:57:43.445  1444  1460 I PhoneLab-LoggerService: Logcat process found 1464
06-12 02:57:43.445  1444  1460 I PhoneLab-LoggerService: Checking Threshold
06-12 02:59:31.605  1444  1444 I PhoneLab-Locks: wake lock acquired
06-12 02:59:31.621  1444  6972 I PhoneLab-PeriodicCheckService: User info is synched
06-12 02:59:31.625  1444  6972 I PhoneLab-PeriodicCheckService: Logger Service is running
06-12 02:59:31.629  1444  1444 I PhoneLab-Locks: wake lock acquired
06-12 02:59:31.633  1444  1444 I PhoneLab-StatusMonitor: Status Monitoring is started
06-12 02:59:31.652  1444  6972 I PhoneLab-Locks: wake lock acquired
06-12 02:59:31.652  1444  6972 I PhoneLab-PeriodicCheckService: Rescheduling periodic checking...
06-12 02:59:31.656  1444  1444 E PhoneLab-PhoneLabManifest: java.io.FileNotFoundException: /data/data/edu.buffalo.cse.phonelab.phonelabservices/files/manifest.xml: open failed: ENOENT (No such file or directory)
06-12 02:59:31.656  1444  1444 I PhoneLab-Locks: wake lock released
06-12 02:59:31.656  1444  6972 I PhoneLab-Locks: wake lock released
06-12 02:59:31.656  1444  1444 I PhoneLab-UploadLogs: OnStartCommand
06-12 02:59:31.676  1444  1446 D dalvikvm: GC_CONCURRENT freed 429K, 15% free 9156K/10695K, paused 1ms+3ms
06-12 02:59:43.383  1444  1460 I PhoneLab-: Service Running
06-12 02:59:43.433  1444  1460 I PhoneLab-LoggerService: app_38    1464  1444  1952   1540  c00f181c 400309d8 S logcat
06-12 02:59:43.433  1444  1460 I PhoneLab-LoggerService: Logcat pid from database 1464
06-12 02:59:43.433  1444  1460 I PhoneLab-LoggerService: Logcat process found 1464
06-12 02:59:43.433  1444  1460 I PhoneLab-LoggerService: Checking Threshold
06-12 03:01:43.383  1444  1460 I PhoneLab-: Service Running
06-12 03:01:43.441  1444  1460 I PhoneLab-LoggerService: app_38    1464  1444  1952   1540  c00f181c 400309d8 S logcat
06-12 03:01:43.441  1444  1460 I PhoneLab-LoggerService: Logcat pid from database 1464
06-12 03:01:43.441  1444  1460 I PhoneLab-LoggerService: Logcat process found 1464
06-12 03:01:43.441  1444  1460 I PhoneLab-LoggerService: Checking Threshold
06-12 03:03:43.379  1444  1460 I PhoneLab-: Service Running
06-12 03:03:43.445  1444  1460 I PhoneLab-LoggerService: app_38    1464  1444  1952   1540  c00f181c 400309d8 S logcat
06-12 03:03:43.445  1444  1460 I PhoneLab-LoggerService: Logcat pid from database 1464
06-12 03:03:43.445  1444  1460 I PhoneLab-LoggerService: Logcat process found 1464
06-12 03:03:43.445  1444  1460 I PhoneLab-LoggerService: Checking Threshold
06-12 03:03:46.304  1691  1691 I wpa_supplicant: wlan0: CTRL-EVENT-DISCONNECTED bssid=d0:c2:82:84:8d:50 reason=0
06-12 03:03:46.340    76   117 D CommandListener: Clearing all IP addresses on wlan0
06-12 03:03:46.351   152   229 D ConnectivityService: ConnectivityChange for WIFI: DISCONNECTED/DISCONNECTED
06-12 03:03:46.351   152   229 D ConnectivityService: Attempting to switch to mobile
06-12 03:03:46.351   152   229 D ConnectivityService: Attempting to switch to WIMAX
06-12 03:03:46.351   152   229 D ConnectivityService: Attempting to switch to BLUETOOTH_TETHER
06-12 03:03:46.351   152   229 E ConnectivityService: Exception trying to remove a route: java.lang.IllegalStateException: Unable to communicate with native dameon to add routes - com.android.server.NativeDaemonConnectorException: Cmd {interface route remove wlan0 default 67.20.215.254 32 0.0.0.0} failed with code 400 : {Failed to remove route from default table (No such process)}
06-12 03:03:46.351   152   229 E ConnectivityService: Exception trying to remove a route: java.lang.IllegalStateException: Unable to communicate with native dameon to add routes - com.android.server.NativeDaemonConnectorException: Cmd {interface route remove wlan0 default 0.0.0.0 0 67.20.215.254} failed with code 400 : {Failed to remove route from default table (No such process)}
06-12 03:03:46.351   152   229 D ConnectivityService: resetConnections(wlan0, 3)
06-12 03:03:46.359   152   229 D NetUtils: android_net_utils_resetConnections in env=0x166a4d8 clazz=0xbb500001 iface=wlan0 mask=0x3
06-12 03:03:46.402   503  6860 W Smack/Packet: notify conn break (IOEx), close connection
06-12 03:03:46.558   503  6860 I qtaguid : Failed write_ctrl(u 69) res=-1 errno=22
06-12 03:03:46.558   503  6860 I qtaguid : Untagging socket 69 failed errno=-22
06-12 03:03:46.558   503  6860 W NetworkManagementSocketTagger: untagSocket(69) failed with errno -22
06-12 03:03:46.582   152   229 D ConnectivityService: handleInetConditionChange: no active default network - ignore
06-12 03:03:46.726   487   489 D dalvikvm: GC_CONCURRENT freed 403K, 11% free 9790K/10951K, paused 1ms+5ms
06-12 03:03:46.910  1691  1691 I wpa_supplicant: wlan0: Trying to associate with d0:c2:82:66:6b:f1 (SSID='UB_Wireless' freq=2462 MHz)
06-12 03:03:49.394   152   232 D Tethering: MasterInitialState.processMessage what=3
06-12 03:03:49.461  4153  4153 I MediaUploader: No need to wake up
06-12 03:03:49.468  1444  1444 I PhoneLab-WiFiReceiver: Wi-Fi is disconnected!
06-12 03:03:56.926  1691  1691 I wpa_supplicant: wlan0: Authentication with d0:c2:82:66:6b:f1 timed out.
06-12 03:03:58.488  1691  1691 I wpa_supplicant: wlan0: Trying to associate with d0:c2:82:84:8d:51 (SSID='UB_Wireless' freq=2462 MHz)
06-12 03:03:58.504  1691  1691 I wpa_supplicant: wlan0: Associated with d0:c2:82:84:8d:51
06-12 03:03:58.504  1691  1691 I wpa_supplicant: wlan0: CTRL-EVENT-CONNECTED - Connection to d0:c2:82:84:8d:51 completed (reauth) [id=1 id_str=]
06-12 03:03:58.609   152   154 D dalvikvm: GC_CONCURRENT freed 1206K, 11% free 14550K/16263K, paused 2ms+6ms
06-12 03:04:04.781   152   229 D ConnectivityService: ConnectivityChange for WIFI: CONNECTED/CONNECTED
06-12 03:04:04.789  1444  1444 I PhoneLab-WiFiReceiver: Wi-Fi is connected!
06-12 03:04:04.793  1444  1444 I PhoneLab-WiFiReceiver: SSID: UB_Wireless BSSID: d0:c2:82:84:8d:51 RSSI: -200 LinkSpeed: -1
06-12 03:04:04.793  1444  1444 I PhoneLab-Locks: wake lock acquired
06-12 03:04:04.793  1444  1444 I PhoneLab-UploadLogs: OnStartCommand
06-12 03:04:04.812   152   223 W NetworkStats: dropping UID delta from unknown iface: iface=wlan0 uid=0 set=DEFAULT tag=0x0 rxBytes=664 rxPackets=2 txBytes=328 txPackets=5 operations=0
06-12 03:04:05.781   152   229 D ConnectivityService: NetTransition Wakelock for WifiStateMachine released by timeout
06-12 03:04:07.879   503   503 I GTalkService/c: [AndroidEndpoint@1094849888] connect: acct=1000000, state=CONNECTING
06-12 03:04:07.883   503   503 I GTalkService/c: [GTalkConnection@1094861096] connect: acct=1, state=CONNECTING
06-12 03:04:07.929   503   505 D dalvikvm: GC_CONCURRENT freed 467K, 7% free 10216K/10951K, paused 2ms+3ms
06-12 03:04:07.933   152   232 D Tethering: MasterInitialState.processMessage what=3
06-12 03:04:07.968  4153  4153 I MediaUploader: No need to wake up
06-12 03:04:09.554   321   323 D dalvikvm: GC_CONCURRENT freed 364K, 15% free 10122K/11783K, paused 2ms+4ms
06-12 03:04:09.668   321   323 D dalvikvm: GC_CONCURRENT freed 287K, 13% free 10268K/11783K, paused 1ms+2ms
06-12 03:04:09.871   321   321 D dalvikvm: GC_FOR_ALLOC freed 535K, 15% free 10083K/11783K, paused 14ms
06-12 03:05:43.379  1444  1460 I PhoneLab-: Service Running
06-12 03:05:43.441  1444  1460 I PhoneLab-LoggerService: app_38    1464  1444  1952   1540  c00f181c 400309d8 S logcat
06-12 03:05:43.441  1444  1460 I PhoneLab-LoggerService: Logcat pid from database 1464
06-12 03:05:43.441  1444  1460 I PhoneLab-LoggerService: Logcat process found 1464
06-12 03:05:43.441  1444  1460 I PhoneLab-LoggerService: Checking Threshold
06-12 03:07:15.566   503  1750 I EventLogService: Aggregate from 1339483035474 (log), 1339483035474 (data)
06-12 03:07:17.980   503  1191 E GTalkService: connectionClosed: no XMPPConnection - That's strange!
06-12 03:07:18.148   503  1191 E GTalkService: connectionClosed: no XMPPConnection - That's strange!
06-12 03:07:20.992   152   229 D ConnectivityService: handleInetConditionHoldEnd: net=1, condition=0, published condition=0
06-12 03:07:32.445   503   503 I GTalkService/c: [AndroidEndpoint@1094849888] connect: acct=1000000, state=CONNECTING
06-12 03:07:32.445   503   503 I GTalkService/c: [GTalkConnection@1094861096] connect: acct=1, state=CONNECTING
06-12 03:07:43.379  1444  1460 I PhoneLab-: Service Running
06-12 03:07:43.429  1444  1460 I PhoneLab-LoggerService: app_38    1464  1444  1952   1540  c00f181c 400309d8 S logcat
06-12 03:07:43.429  1444  1460 I PhoneLab-LoggerService: Logcat pid from database 1464
06-12 03:07:43.429  1444  1460 I PhoneLab-LoggerService: Logcat process found 1464
06-12 03:07:43.429  1444  1460 I PhoneLab-LoggerService: Checking Threshold
06-12 03:09:25.410  1691  1691 I wpa_supplicant: wlan0: CTRL-EVENT-DISCONNECTED bssid=d0:c2:82:84:8d:51 reason=0
06-12 03:09:25.441    76   117 D CommandListener: Clearing all IP addresses on wlan0
06-12 03:09:25.457   152   229 D ConnectivityService: ConnectivityChange for WIFI: DISCONNECTED/DISCONNECTED
06-12 03:09:25.457   152   229 D ConnectivityService: Attempting to switch to mobile
06-12 03:09:25.457   152   229 D ConnectivityService: Attempting to switch to WIMAX
06-12 03:09:25.457   152   229 D ConnectivityService: Attempting to switch to BLUETOOTH_TETHER
06-12 03:09:25.461   152   229 D NetUtils: android_net_utils_resetConnections in env=0x166a4d8 clazz=0xd0f00001 iface=wlan0 mask=0x3
06-12 03:09:25.461   152   229 E ConnectivityService: Exception trying to remove a route: java.lang.IllegalStateException: Unable to communicate with native dameon to add routes - com.android.server.NativeDaemonConnectorException: Cmd {interface route remove wlan0 default 128.205.234.254 32 0.0.0.0} failed with code 400 : {Failed to remove route from default table (No such process)}
06-12 03:09:25.461   152   229 E ConnectivityService: Exception trying to remove a route: java.lang.IllegalStateException: Unable to communicate with native dameon to add routes - com.android.server.NativeDaemonConnectorException: Cmd {interface route remove wlan0 default 0.0.0.0 0 128.205.234.254} failed with code 400 : {Failed to remove route from default table (No such process)}
06-12 03:09:25.461   152   229 D ConnectivityService: resetConnections(wlan0, 3)
06-12 03:09:25.531   503  1191 E GTalkService: connectionClosed: no XMPPConnection - That's strange!
06-12 03:09:25.531   152   229 D ConnectivityService: handleInetConditionChange: no active default network - ignore
06-12 03:09:25.566   321   321 D dalvikvm: GC_FOR_ALLOC freed 396K, 15% free 10038K/11783K, paused 16ms
06-12 03:09:25.617   321   323 D dalvikvm: GC_CONCURRENT freed 364K, 14% free 10153K/11783K, paused 1ms+3ms
06-12 03:09:25.703   503  1191 E GTalkService: connectionClosed: no XMPPConnection - That's strange!
06-12 03:09:25.738   321   323 D dalvikvm: GC_CONCURRENT freed 501K, 15% free 10067K/11783K, paused 2ms+2ms
