06-20 15:02:21.603   141   161 W PackageManager: Unknown permission android.permission.READ_EXTERNAL_STORAGE in package com.android.vending
06-20 15:02:21.716   141   450 D dalvikvm: GC_EXPLICIT freed 964K, 11% free 12784K/14279K, paused 5ms+8ms
06-20 15:02:21.732   141   161 W PackageManager: Unknown permission com.sprint.internal.permission.CONNECTIONMANAGER in package com.samsung.update
06-20 15:02:21.732   141   161 W PackageManager: Unknown permission com.sprint.internal.permission.SYSTEMPROPERTIES in package com.samsung.update
06-20 15:02:21.732   141   161 W PackageManager: Unknown permission com.sprint.internal.permission.SYSTEMPROPERTIES_WRITE in package com.samsung.update
06-20 15:02:21.735   141   161 W PackageManager: Unknown permission com.android.providers.im.permission.READ_ONLY in package com.google.android.apps.maps
06-20 15:02:21.735   141   161 W PackageManager: Not granting permission android.permission.DEVICE_POWER to package com.android.deskclock (protectionLevel=2 flags=0x8be45)
06-20 15:02:21.751   141   161 W PackageManager: Unknown permission android.permission.FLAG_RECEIVER_REGISTERED_ONLY_BEFORE_BOOT in package com.samsung.wimax
06-20 15:02:21.970   141   141 I ActivityManager: Start proc com.google.android.apps.uploader for broadcast com.google.android.apps.uploader/.ConnectivityBroadcastReceiver: pid=942 uid=10030 gids={3003}
06-20 15:02:22.001    80    80 D dalvikvm: GC_EXPLICIT freed 37K, 4% free 9031K/9347K, paused 5ms+2ms
06-20 15:02:22.040    80    80 D dalvikvm: GC_EXPLICIT freed <1K, 4% free 9031K/9347K, paused 3ms+2ms
06-20 15:02:22.071    80    80 D dalvikvm: GC_EXPLICIT freed <1K, 4% free 9031K/9347K, paused 2ms+2ms
06-20 15:02:22.091   942   942 I dalvikvm: Turning on JNI app bug workarounds for target SDK version 11...
06-20 15:02:22.169   211   213 D dalvikvm: GC_CONCURRENT freed 291K, 9% free 9979K/10887K, paused 1ms+3ms
06-20 15:02:22.216   942   942 I ActivityThread: Pub com.google.android.apps.uploader: com.google.android.apps.uploader.UploadsContentProvider
06-20 15:02:22.216   942   942 I ActivityThread: Pub com.google.photos.provider.Album: com.google.android.apps.uploader.clients.picasa.AlbumProvider
06-20 15:02:22.224   942   942 D MediaUploader: UploaderApplication.onCreate
06-20 15:02:22.271   942   942 D MediaUploader: nonWifiLimit=20971520, default=20971520
06-20 15:02:22.282   942   942 I MediaUploader: No need to wake up
06-20 15:02:22.282   141   371 I ActivityManager: No longer want com.google.android.gsf.login (pid 239): hidden #16
06-20 15:02:22.415   211   213 D dalvikvm: GC_CONCURRENT freed 330K, 7% free 10127K/10887K, paused 2ms+3ms
06-20 15:02:22.454   737   791 I Gmail   : calculateUnknownSyncRationalesAndPurgeInBackground: running
06-20 15:02:22.485   737   791 I Gmail   : calculateUnknownSyncRationalesAndPurgeInBackground: running
06-20 15:02:22.556   697   697 D ExchangeService: !!! EAS ExchangeService, onStartCommand, startingUp = true, running = false
06-20 15:02:22.603   678   681 D dalvikvm: GC_CONCURRENT freed 265K, 4% free 9252K/9607K, paused 60ms+9ms
06-20 15:02:22.622   141   450 I ActivityManager: No longer want com.android.email (pid 678): hidden #16
06-20 15:02:22.630   141   371 I ActivityManager: No longer want com.android.exchange (pid 697): hidden #16
06-20 15:02:22.927   389   391 D dalvikvm: GC_CONCURRENT freed 361K, 5% free 11491K/11975K, paused 2ms+3ms
06-20 15:02:23.044   414   416 D dalvikvm: GC_CONCURRENT freed 275K, 5% free 9392K/9799K, paused 2ms+4ms
06-20 15:02:23.126   414   793 W MediaScanner: Error opening directory '/mnt/sdcard/.android_secure/', skipping: Permission denied.
06-20 15:02:23.735   414   416 D dalvikvm: GC_CONCURRENT freed 335K, 5% free 9458K/9927K, paused 2ms+5ms
06-20 15:02:24.575   414   793 D MediaProvider: object removed 733
06-20 15:02:24.642   414   793 D MediaProvider: object removed 729
06-20 15:02:24.700   414   793 D MediaProvider: object removed 717
06-20 15:02:24.763   414   793 D MediaProvider: object removed 727
06-20 15:02:24.825   414   793 D MediaProvider: object removed 732
06-20 15:02:24.903   414   793 D MediaProvider: object removed 721
06-20 15:02:24.966   414   793 D MediaProvider: object removed 712
06-20 15:02:25.052   414   793 D MediaProvider: object removed 730
06-20 15:02:25.142   414   793 D MediaProvider: object removed 720
06-20 15:02:25.228   414   793 D MediaProvider: object removed 728
06-20 15:02:25.333   414   793 D MediaProvider: object removed 714
06-20 15:02:25.411   414   793 D MediaProvider: object removed 716
06-20 15:02:25.521   414   793 D MediaProvider: object removed 722
06-20 15:02:25.618   414   793 D MediaProvider: object removed 719
06-20 15:02:25.677   414   793 D MediaProvider: object removed 723
06-20 15:02:25.743   414   793 D MediaProvider: object removed 718
06-20 15:02:25.806   414   793 D MediaProvider: object removed 731
06-20 15:02:25.845   414   793 D MediaProvider: object removed 726
06-20 15:02:25.931   414   793 D MediaProvider: object removed 725
06-20 15:02:25.985   414   793 D MediaProvider: object removed 715
06-20 15:02:26.067   414   793 D MediaProvider: object removed 713
06-20 15:02:26.126   414   793 D MediaProvider: object removed 724
06-20 15:02:26.157   414   793 V MediaScanner: pruneDeadThumbnailFiles... android.database.sqlite.SQLiteCursor@413d1600
06-20 15:02:26.157   414   793 V MediaScanner: /pruneDeadThumbnailFiles... android.database.sqlite.SQLiteCursor@413d1600
06-20 15:02:26.165   141   404 I ActivityManager: No longer want com.android.mms (pid 794): hidden #16
06-20 15:02:26.173   141   371 D CountryDetector: No listener is left
06-20 15:02:26.232   833   833 I PhoneLab-Locks: wake lock acquired
06-20 15:02:26.282   833   961 I PhoneLab-PeriodicCheckService: User info is synched
06-20 15:02:26.286   833   961 W PhoneLab-PeriodicCheckService: Logger Service is not running starting now...
06-20 15:02:26.294   833   961 I PhoneLab-Locks: wake lock acquired
06-20 15:02:26.298   833   961 I PhoneLab-PeriodicCheckService: Rescheduling periodic checking...
06-20 15:02:26.298   833   961 I PhoneLab-Locks: wake lock released
06-20 15:02:26.298   833   833 I PhoneLab-LoggerService: Start Logger Service
06-20 15:02:26.302   833   833 I PhoneLab-Locks: wake lock acquired
06-20 15:02:26.302   833   833 I PhoneLab-UploadLogs: Transfering log files now
06-20 15:02:26.310   833   963 I PhoneLab-: Service Running
06-20 15:02:26.419   833   963 I PhoneLab-LoggerService: Logcat pid from database 1371
06-20 15:02:26.419   833   963 I PhoneLab-LoggerService: Logcat process not found, starting process
06-20 15:02:26.419   833   963 I System.out: /mnt/sdcard/.log/
06-20 15:02:26.474   833   836 D dalvikvm: GC_CONCURRENT freed 356K, 5% free 9180K/9607K, paused 3ms+2ms
06-20 15:02:26.567   833   963 I PhoneLab-LoggerService: app_37    967   833   1484   1096  c010c604 40030698 D logcat
06-20 15:02:26.614   833   833 D dalvikvm: GC_FOR_ALLOC freed 322K, 6% free 9266K/9799K, paused 31ms
06-20 15:02:26.614   833   833 I dalvikvm-heap: Grow heap (frag case) to 9.360MB for 254548-byte allocation
06-20 15:02:26.646   833   963 D dalvikvm: GC_FOR_ALLOC freed 120K, 7% free 9394K/10055K, paused 19ms
06-20 15:02:26.681   833   833 D dalvikvm: GC_FOR_ALLOC freed 3K, 7% free 9392K/10055K, paused 24ms
06-20 15:02:26.681   833   833 I dalvikvm-heap: Grow heap (frag case) to 9.733MB for 516692-byte allocation
06-20 15:02:26.743   833   963 D dalvikvm: GC_FOR_ALLOC freed 248K, 9% free 9647K/10567K, paused 47ms
06-20 15:02:26.755   833   963 I PhoneLab-LoggerService: PID to db967
06-20 15:02:26.767   833   833 I PhoneLab-UploadLogs: OnStartCommand
06-20 15:02:26.767   833   833 I PhoneLab-StatusMonitor: Status Monitoring is started
06-20 15:02:26.786   833   833 E PhoneLab-PhoneLabManifest: java.io.FileNotFoundException: /data/data/edu.buffalo.cse.phonelab.phonelabservices/files/manifest.xml: open failed: ENOENT (No such file or directory)
06-20 15:02:26.853   833   836 D dalvikvm: GC_CONCURRENT freed 25K, 9% free 9654K/10567K, paused 2ms+13ms
06-20 15:02:26.884   833   833 I PhoneLab-Locks: wake lock released
06-20 15:02:28.001   141   197 D ConnectivityService: ConnectivityChange for WIFI: CONNECTED/CONNECTED
06-20 15:02:28.005   833   833 I PhoneLab-WiFiReceiver: Wi-Fi is connected!
06-20 15:02:28.013   833   833 I PhoneLab-WiFiReceiver: SSID: UB_Secure BSSID: d0:c2:82:84:8d:50 RSSI: -9999 LinkSpeed: -1
06-20 15:02:28.013   833   833 I PhoneLab-Locks: wake lock acquired
06-20 15:02:28.048   833   833 I PhoneLab-UploadLogs: OnStartCommand
06-20 15:02:28.485   833   969 D dalvikvm: GC_FOR_ALLOC freed 384K, 9% free 9646K/10567K, paused 27ms
06-20 15:02:28.505   833   969 D dalvikvm: GC_FOR_ALLOC freed 301K, 9% free 9646K/10567K, paused 18ms
06-20 15:02:28.524   833   969 D dalvikvm: GC_FOR_ALLOC freed 301K, 9% free 9652K/10567K, paused 14ms
06-20 15:02:28.884   833   833 I PhoneLab-: 1340057505964.log is deleted
06-20 15:02:28.884   833   833 I PhoneLab-: Response: {"data": "done", "err": ""}
06-20 15:02:28.950   833   836 D dalvikvm: GC_CONCURRENT freed 957K, 14% free 9190K/10567K, paused 4ms+3ms
06-20 15:02:29.017   833   836 D dalvikvm: GC_CONCURRENT freed 305K, 13% free 9293K/10567K, paused 3ms+2ms
06-20 15:02:29.040   833   833 D dalvikvm: GC_FOR_ALLOC freed 120K, 11% free 9421K/10567K, paused 21ms
06-20 15:02:29.087   833   836 D dalvikvm: GC_CONCURRENT freed 294K, 9% free 9638K/10567K, paused 2ms+4ms
06-20 15:02:29.142   833   992 D dalvikvm: GC_FOR_ALLOC freed 311K, 9% free 9654K/10567K, paused 33ms
06-20 15:02:29.157   833   992 D dalvikvm: GC_FOR_ALLOC freed 301K, 9% free 9654K/10567K, paused 16ms
06-20 15:02:29.177   833   992 D dalvikvm: GC_FOR_ALLOC freed 301K, 9% free 9655K/10567K, paused 13ms
06-20 15:02:29.474   833   833 I PhoneLab-: 1340073945959.log is deleted
06-20 15:02:29.474   833   833 I PhoneLab-: Response: {"data": "done", "err": ""}
06-20 15:02:29.536   833   836 D dalvikvm: GC_CONCURRENT freed 954K, 14% free 9191K/10567K, paused 3ms+6ms
06-20 15:02:29.591   833   836 D dalvikvm: GC_CONCURRENT freed 305K, 13% free 9294K/10567K, paused 2ms+3ms
06-20 15:02:29.607   833   833 D dalvikvm: GC_FOR_ALLOC freed 120K, 11% free 9422K/10567K, paused 15ms
06-20 15:02:29.661   833   836 D dalvikvm: GC_CONCURRENT freed 294K, 9% free 9639K/10567K, paused 2ms+2ms
06-20 15:02:29.712   833   995 D dalvikvm: GC_FOR_ALLOC freed 310K, 9% free 9655K/10567K, paused 26ms
06-20 15:02:29.732   833   995 D dalvikvm: GC_FOR_ALLOC freed 301K, 9% free 9655K/10567K, paused 19ms
06-20 15:02:29.747   833   995 D dalvikvm: GC_FOR_ALLOC freed 301K, 9% free 9656K/10567K, paused 14ms
06-20 15:02:30.103   833   833 I PhoneLab-: 1340084385985.log is deleted
06-20 15:02:30.103   833   833 I PhoneLab-: Response: {"data": "done", "err": ""}
06-20 15:02:30.181   833   836 D dalvikvm: GC_CONCURRENT freed 954K, 14% free 9192K/10567K, paused 4ms+2ms
06-20 15:02:30.228   833   836 D dalvikvm: GC_CONCURRENT freed 305K, 13% free 9295K/10567K, paused 3ms+2ms
06-20 15:02:30.247   833   833 D dalvikvm: GC_FOR_ALLOC freed 120K, 11% free 9423K/10567K, paused 17ms
06-20 15:02:30.282   833   836 D dalvikvm: GC_CONCURRENT freed 294K, 9% free 9640K/10567K, paused 3ms+3ms
06-20 15:02:30.329   833   997 D dalvikvm: GC_FOR_ALLOC freed 310K, 9% free 9656K/10567K, paused 25ms
06-20 15:02:30.345   833   997 D dalvikvm: GC_FOR_ALLOC freed 301K, 9% free 9656K/10567K, paused 16ms
06-20 15:02:30.368   833   997 D dalvikvm: GC_FOR_ALLOC freed 301K, 9% free 9657K/10567K, paused 15ms
06-20 15:02:30.677   833   833 I PhoneLab-: 1340092305969.log is deleted
06-20 15:02:30.677   833   833 I PhoneLab-: Response: {"data": "done", "err": ""}
06-20 15:02:30.755   833   836 D dalvikvm: GC_CONCURRENT freed 954K, 14% free 9193K/10567K, paused 2ms+9ms
06-20 15:02:30.806   833   836 D dalvikvm: GC_CONCURRENT freed 305K, 13% free 9296K/10567K, paused 2ms+3ms
06-20 15:02:30.829   833   833 D dalvikvm: GC_FOR_ALLOC freed 120K, 11% free 9424K/10567K, paused 17ms
06-20 15:02:30.880   833   836 D dalvikvm: GC_CONCURRENT freed 294K, 9% free 9641K/10567K, paused 2ms+2ms
06-20 15:02:30.935   833   999 D dalvikvm: GC_FOR_ALLOC freed 310K, 9% free 9657K/10567K, paused 34ms
06-20 15:02:30.950   833   999 D dalvikvm: GC_FOR_ALLOC freed 301K, 9% free 9657K/10567K, paused 13ms
06-20 15:02:30.966   833   999 D dalvikvm: GC_FOR_ALLOC freed 301K, 9% free 9658K/10567K, paused 14ms
06-20 15:02:31.052   141   201 D Tethering: MasterInitialState.processMessage what=3
06-20 15:02:31.075   271   271 I GTalkService/c: [AndroidEndpoint@1093865712] connect: acct=1000000, state=CONNECTING
06-20 15:02:31.083   271   271 I GTalkService/c: [GTalkConnection@1094425912] connect: acct=1, state=CONNECTING
06-20 15:02:31.192   271   271 D dalvikvm: GC_EXPLICIT freed 238K, 6% free 9454K/9991K, paused 3ms+4ms
06-20 15:02:31.212   942   942 I MediaUploader: No need to wake up
06-20 15:02:31.314   833   833 I PhoneLab-: 1340113785961.log is deleted
06-20 15:02:31.317   833   833 I PhoneLab-: Response: {"data": "done", "err": ""}
06-20 15:02:31.317   141   506 D GpsLocationProvider: NTP server returned: 1340218951881 (Wed Jun 20 15:02:31 EDT 2012) reference: 47635 certainty: 18 system time offset: 559
06-20 15:02:31.411   141   143 D dalvikvm: GC_CONCURRENT freed 775K, 11% free 12823K/14279K, paused 3ms+5ms
06-20 15:02:31.415   141   165 I ActivityManager: Start proc com.google.android.syncadapters.calendar for service com.google.android.syncadapters.calendar/.CalendarSyncAdapterService: pid=1003 uid=10018 gids={3003}
06-20 15:02:31.485   833   836 D dalvikvm: GC_CONCURRENT freed 957K, 13% free 9194K/10567K, paused 2ms+3ms
06-20 15:02:31.556   833   836 D dalvikvm: GC_CONCURRENT freed 305K, 13% free 9297K/10567K, paused 3ms+4ms
06-20 15:02:31.579   833   833 D dalvikvm: GC_FOR_ALLOC freed 120K, 11% free 9424K/10567K, paused 20ms
06-20 15:02:31.618   833   836 D dalvikvm: GC_CONCURRENT freed 250K, 9% free 9685K/10567K, paused 2ms+3ms
06-20 15:02:31.657   833  1022 D dalvikvm: GC_FOR_ALLOC freed 310K, 9% free 9701K/10567K, paused 25ms
06-20 15:02:31.681   141   404 I ActivityManager: Start proc com.google.android.gsf.login for service com.google.android.gsf.login/com.google.android.gsf.loginservice.GoogleLoginService: pid=1023 uid=10009 gids={3003, 1015, 1007, 2001, 3006}
06-20 15:02:31.782   833  1022 D dalvikvm: GC_FOR_ALLOC freed 344K, 9% free 9658K/10567K, paused 122ms
06-20 15:02:31.825   833  1022 D dalvikvm: GC_FOR_ALLOC freed 301K, 9% free 9659K/10567K, paused 29ms
06-20 15:02:32.064   833   833 I PhoneLab-: 1340126025979.log is deleted
06-20 15:02:32.064   833   833 I PhoneLab-: Response: {"data": "done", "err": ""}
06-20 15:02:32.118   833   836 D dalvikvm: GC_CONCURRENT freed 953K, 13% free 9195K/10567K, paused 2ms+3ms
06-20 15:02:32.181   833   836 D dalvikvm: GC_CONCURRENT freed 305K, 13% free 9298K/10567K, paused 2ms+4ms
06-20 15:02:32.208   833   833 D dalvikvm: GC_FOR_ALLOC freed 120K, 11% free 9425K/10567K, paused 26ms
06-20 15:02:32.255   833   836 D dalvikvm: GC_CONCURRENT freed 294K, 9% free 9643K/10567K, paused 2ms+9ms
06-20 15:02:32.282   833  1042 D dalvikvm: GC_FOR_ALLOC freed 310K, 9% free 9659K/10567K, paused 22ms
06-20 15:02:32.310   833  1042 D dalvikvm: GC_FOR_ALLOC freed 301K, 9% free 9660K/10567K, paused 26ms
06-20 15:02:32.337   833  1042 D dalvikvm: GC_FOR_ALLOC freed 301K, 9% free 9660K/10567K, paused 18ms
06-20 15:02:32.505   141   148 I dalvikvm: Jit: resizing JitTable from 4096 to 8192
06-20 15:02:32.571   354   359 D dalvikvm: GC_CONCURRENT freed 301K, 5% free 9495K/9927K, paused 4ms+3ms
06-20 15:02:32.583   833   833 I PhoneLab-: 1340144505963.log is deleted
06-20 15:02:32.583   833   833 I PhoneLab-: Response: {"data": "done", "err": ""}
06-20 15:02:32.638   833   836 D dalvikvm: GC_CONCURRENT freed 953K, 13% free 9195K/10567K, paused 4ms+4ms
06-20 15:02:32.700   833   836 D dalvikvm: GC_CONCURRENT freed 305K, 13% free 9298K/10567K, paused 2ms+3ms
06-20 15:02:32.728   833   833 D dalvikvm: GC_FOR_ALLOC freed 120K, 11% free 9426K/10567K, paused 21ms
06-20 15:02:32.782   833   836 D dalvikvm: GC_CONCURRENT freed 294K, 9% free 9644K/10567K, paused 2ms+15ms
06-20 15:02:32.825   833  1049 D dalvikvm: GC_FOR_ALLOC freed 310K, 9% free 9660K/10567K, paused 36ms
06-20 15:02:32.849   833  1049 D dalvikvm: GC_FOR_ALLOC freed 301K, 9% free 9661K/10567K, paused 19ms
06-20 15:02:32.872   271   273 D dalvikvm: GC_CONCURRENT freed 313K, 5% free 9560K/9991K, paused 2ms+8ms
06-20 15:02:32.888   833  1049 D dalvikvm: GC_FOR_ALLOC freed 301K, 9% free 9662K/10567K, paused 38ms
06-20 15:02:33.099   833   833 I PhoneLab-: 1340166105960.log is deleted
06-20 15:02:33.099   833   833 I PhoneLab-: Response: {"data": "done", "err": ""}
06-20 15:02:33.149  1003  1005 D dalvikvm: GC_CONCURRENT freed 320K, 5% free 9162K/9607K, paused 4ms+2ms
06-20 15:02:33.204   833   836 D dalvikvm: GC_CONCURRENT freed 952K, 13% free 9196K/10567K, paused 3ms+11ms
06-20 15:02:33.267   833   836 D dalvikvm: GC_CONCURRENT freed 305K, 12% free 9299K/10567K, paused 3ms+3ms
06-20 15:02:33.294   833   833 D dalvikvm: GC_FOR_ALLOC freed 120K, 11% free 9427K/10567K, paused 26ms
06-20 15:02:33.349   833   836 D dalvikvm: GC_CONCURRENT freed 294K, 9% free 9645K/10567K, paused 1ms+12ms
06-20 15:02:33.376   833  1052 D dalvikvm: GC_FOR_ALLOC freed 309K, 9% free 9661K/10567K, paused 19ms
06-20 15:02:33.396   833  1052 D dalvikvm: GC_FOR_ALLOC freed 301K, 9% free 9662K/10567K, paused 18ms
06-20 15:02:33.427   833  1052 D dalvikvm: GC_FOR_ALLOC freed 301K, 9% free 9663K/10567K, paused 16ms
06-20 15:02:33.614   141   197 D ConnectivityService: handleInetConditionHoldEnd: net=1, condition=100, published condition=0
06-20 15:02:33.661   833   833 I PhoneLab-: 1340210986334.log is deleted
06-20 15:02:33.661   833   833 I PhoneLab-: Response: {"data": "done", "err": ""}
06-20 15:02:33.665   833   833 I PhoneLab-UploadLogs: No log files to transfer
06-20 15:02:33.665   833   833 I PhoneLab-Locks: wake lock released
06-20 15:02:34.235   846   848 D dalvikvm: GC_CONCURRENT freed 345K, 5% free 9392K/9863K, paused 3ms+3ms
06-20 15:02:34.364   141   141 I ActivityManager: No longer want com.google.android.onetimeinitializer (pid 817): hidden #16
06-20 15:02:34.478   141   297 I ActivityManager: Start proc com.android.browser for content provider com.android.browser/.provider.BrowserProvider2: pid=1056 uid=10003 gids={3003, 1015}
06-20 15:02:34.501   141   360 I ActivityManager: No longer want com.android.voicedialer (pid 868): hidden #16
06-20 15:02:34.548  1056  1056 I ActivityThread: Pub com.android.browser;browser: com.android.browser.provider.BrowserProvider2
06-20 15:02:34.564  1056  1056 I ActivityThread: Pub com.android.browser.home: com.android.browser.homepages.HomeProvider
06-20 15:02:34.564  1056  1056 I ActivityThread: Pub com.android.browser.snapshots: com.android.browser.provider.SnapshotProvider
06-20 15:02:34.939   271   273 D dalvikvm: GC_CONCURRENT freed 357K, 5% free 9633K/10119K, paused 3ms+4ms
06-20 15:02:35.966   141   152 D AlarmManagerService: Kernel timezone updated to 240 minutes west of GMT
06-20 15:02:39.103   271   273 D dalvikvm: GC_CONCURRENT freed 323K, 5% free 9726K/10183K, paused 3ms+5ms
06-20 15:02:39.341   737   738 D dalvikvm: GC_CONCURRENT freed 306K, 5% free 9359K/9799K, paused 3ms+3ms
06-20 15:02:39.595   737  1083 I Gmail   : MainSyncRequestProto: lowestBkwdConvoId: 0, highestHandledServerOp: 735920, normalSync: true
06-20 15:02:39.767   141   157 D dalvikvm: GC_EXPLICIT freed 731K, 11% free 12849K/14279K, paused 6ms+6ms
06-20 15:02:40.153   737   738 D dalvikvm: GC_CONCURRENT freed 325K, 5% free 9476K/9927K, paused 4ms+2ms
06-20 15:02:40.634   141   197 D ConnectivityService: ConnectivityChange for mobile: DISCONNECTED/DISCONNECTED
06-20 15:02:40.634   141   197 D ConnectivityService: Attempting to switch to WIFI
06-20 15:02:40.634   141   197 D ConnectivityService: Attempting to switch to WIMAX
06-20 15:02:40.634   141   197 D ConnectivityService: Attempting to switch to BLUETOOTH_TETHER
06-20 15:02:41.165   737   738 D dalvikvm: GC_CONCURRENT freed 454K, 6% free 9470K/10055K, paused 2ms+3ms
06-20 15:02:41.274   737  1083 D dalvikvm: GC_EXPLICIT freed 51K, 6% free 9484K/10055K, paused 5ms+3ms
06-20 15:02:41.294   737  1083 I Gmail   : MainSyncRequestProto: lowestBkwdConvoId: 0, highestHandledServerOp: 736026, normalSync: true
06-20 15:02:42.181   737  1083 D dalvikvm: GC_EXPLICIT freed 274K, 6% free 9539K/10055K, paused 4ms+3ms
06-20 15:02:42.204   737  1083 I Gmail   : MainSyncRequestProto: lowestBkwdConvoId: 0, highestHandledServerOp: 736026, normalSync: true
06-20 15:02:42.235   737  1083 W Gmail   : Scheduling index for 300000 ms from now
06-20 15:02:42.942   414   416 D dalvikvm: GC_CONCURRENT freed 589K, 8% free 9276K/9991K, paused 2ms+5ms
06-20 15:02:42.950   414  1091 I DownloadManager: Initiating request for download 114
06-20 15:02:43.212   271   273 D dalvikvm: GC_CONCURRENT freed 346K, 5% free 9790K/10247K, paused 4ms+4ms
06-20 15:02:43.646   141   201 D Tethering: MasterInitialState.processMessage what=3
06-20 15:02:43.661   141   201 D Tethering: MasterInitialState.processMessage what=3
06-20 15:02:43.704   942   942 I MediaUploader: No need to wake up
06-20 15:02:43.751   942   942 I MediaUploader: No need to wake up
06-20 15:02:43.896   414   416 D dalvikvm: GC_CONCURRENT freed 385K, 8% free 9284K/9991K, paused 4ms+6ms
06-20 15:02:44.165   141   197 D ConnectivityService: handleInetConditionHoldEnd: net=1, condition=100, published condition=100
06-20 15:02:44.181   437   439 D dalvikvm: GC_CONCURRENT freed 351K, 5% free 9443K/9927K, paused 2ms+5ms
06-20 15:02:44.380   271   273 D dalvikvm: GC_CONCURRENT freed 402K, 6% free 9777K/10311K, paused 2ms+4ms
06-20 15:02:44.501   414  1104 I DownloadManager: deleting /data/data/com.android.providers.downloads/cache/downloadfile.jpeg
06-20 15:02:44.665   414  1107 I DownloadManager: Initiating request for download 115
06-20 15:02:45.200   271   273 D dalvikvm: GC_CONCURRENT freed 318K, 5% free 9862K/10311K, paused 2ms+5ms
06-20 15:02:45.302   414   416 D dalvikvm: GC_CONCURRENT freed 304K, 7% free 9369K/9991K, paused 2ms+12ms
06-20 15:02:45.415   737  1110 I Gmail   : MainSyncRequestProto: lowestBkwdConvoId: 0, highestHandledServerOp: 736026, normalSync: true
06-20 15:02:45.485   414  1109 I DownloadManager: deleting /data/data/com.android.providers.downloads/cache/downloadfile.jpeg
06-20 15:02:46.075   737  1110 D dalvikvm: GC_EXPLICIT freed 276K, 5% free 9578K/10055K, paused 3ms+4ms
06-20 15:02:46.095   737  1110 I Gmail   : MainSyncRequestProto: lowestBkwdConvoId: 0, highestHandledServerOp: 736026, normalSync: true
06-20 15:02:46.110   737  1110 W Gmail   : Scheduling index for 300000 ms from now
06-20 15:02:46.700   414  1114 I DownloadManager: Initiating request for download 116
06-20 15:02:46.837   141   143 D dalvikvm: GC_CONCURRENT freed 787K, 10% free 12895K/14279K, paused 2ms+6ms
06-20 15:02:47.517   141   357 D dalvikvm: GC_EXPLICIT freed 116K, 11% free 12845K/14279K, paused 3ms+5ms
06-20 15:02:47.587   414   416 D dalvikvm: GC_CONCURRENT freed 386K, 7% free 9370K/9991K, paused 2ms+4ms
06-20 15:02:47.864  1003  1005 D dalvikvm: GC_CONCURRENT freed 347K, 5% free 9254K/9735K, paused 2ms+6ms
06-20 15:02:47.923   414  1125 I DownloadManager: deleting /data/data/com.android.providers.downloads/cache/downloadfile.jpeg
06-20 15:02:48.091   414  1128 I DownloadManager: Initiating request for download 117
06-20 15:02:48.696   414   416 D dalvikvm: GC_CONCURRENT freed 422K, 7% free 9340K/9991K, paused 4ms+3ms
06-20 15:02:48.931   571   575 D dalvikvm: GC_CONCURRENT freed 274K, 5% free 9266K/9671K, paused 4ms+3ms
06-20 15:02:49.052   414  1137 I DownloadManager: deleting /data/data/com.android.providers.downloads/cache/downloadfile.jpeg
06-20 15:02:49.274   414  1141 I DownloadManager: Initiating request for download 118
06-20 15:02:49.302   571   583 D dalvikvm: GC_EXPLICIT freed 136K, 6% free 9140K/9671K, paused 2ms+2ms
06-20 15:02:49.942   414   416 D dalvikvm: GC_CONCURRENT freed 335K, 6% free 9395K/9991K, paused 2ms+3ms
06-20 15:02:50.064  1003  1005 D dalvikvm: GC_CONCURRENT freed 420K, 6% free 9245K/9799K, paused 2ms+7ms
06-20 15:02:50.239  1003  1143 D dalvikvm: GC_EXPLICIT freed 42K, 7% free 9203K/9799K, paused 20ms+3ms
06-20 15:02:50.493   414  1152 I DownloadManager: deleting /data/data/com.android.providers.downloads/cache/downloadfile.jpeg
06-20 15:02:50.579   141   197 D ConnectivityService: ConnectivityChange for mobile: DISCONNECTED/DISCONNECTED
06-20 15:02:50.579   141   197 D ConnectivityService: Attempting to switch to WIFI
06-20 15:02:50.579   141   197 D ConnectivityService: Attempting to switch to WIMAX
06-20 15:02:50.579   141   197 D ConnectivityService: Attempting to switch to BLUETOOTH_TETHER
06-20 15:02:50.603   354   354 D SAN_SERVICE: *******************************************
06-20 15:02:50.603   354   354 D SAN_SERVICE: DM App Phone Service State - 0
06-20 15:02:50.603   354   354 D SAN_SERVICE: *******************************************
06-20 15:02:52.114   141   371 D dalvikvm: GC_EXPLICIT freed 685K, 10% free 12892K/14279K, paused 3ms+6ms
06-20 15:02:52.138   414  1154 I DownloadManager: Initiating request for download 119
06-20 15:02:52.618   414   416 D dalvikvm: GC_CONCURRENT freed 356K, 6% free 9425K/9991K, paused 6ms+4ms
06-20 15:02:52.915  1023  1025 D dalvikvm: GC_CONCURRENT freed 303K, 5% free 9171K/9607K, paused 5ms+3ms
06-20 15:02:53.032   414  1160 I DownloadManager: deleting /data/data/com.android.providers.downloads/cache/downloadfile.jpeg
06-20 15:02:53.189   414  1162 I DownloadManager: Initiating request for download 120
06-20 15:02:53.591   141   201 D Tethering: MasterInitialState.processMessage what=3
06-20 15:02:53.638   141   201 D Tethering: MasterInitialState.processMessage what=3
06-20 15:02:53.685   271   271 D dalvikvm: GC_EXPLICIT freed 128K, 5% free 9879K/10311K, paused 2ms+4ms
06-20 15:02:53.704   942   942 I MediaUploader: No need to wake up
06-20 15:02:53.755   942   942 I MediaUploader: No need to wake up
06-20 15:02:53.899   414   416 D dalvikvm: GC_CONCURRENT freed 450K, 6% free 9409K/9991K, paused 6ms+4ms
06-20 15:02:54.146   141   197 D ConnectivityService: handleInetConditionHoldEnd: net=1, condition=100, published condition=100
06-20 15:02:54.192   737   738 D dalvikvm: GC_CONCURRENT freed 389K, 6% free 9601K/10119K, paused 4ms+3ms
06-20 15:02:54.360   414   414 D dalvikvm: GC_EXPLICIT freed 220K, 7% free 9331K/9991K, paused 2ms+5ms
06-20 15:02:54.368   414  1168 I DownloadManager: deleting /data/data/com.android.providers.downloads/cache/downloadfile.jpeg
06-20 15:02:54.548   414  1170 I DownloadManager: Initiating request for download 121
06-20 15:02:55.325   414   416 D dalvikvm: GC_CONCURRENT freed 359K, 7% free 9361K/9991K, paused 2ms+11ms
06-20 15:02:55.329   414  1174 I DownloadManager: deleting /data/data/com.android.providers.downloads/cache/downloadfile.jpeg
06-20 15:03:02.493   141   197 D ConnectivityService: ConnectivityChange for mobile: CONNECTED/CONNECTED
06-20 15:03:02.524   141   197 D ConnectivityService: ConnectivityChange for mobile: DISCONNECTED/DISCONNECTED
06-20 15:03:02.524   141   197 D ConnectivityService: Attempting to switch to WIFI
06-20 15:03:02.524   141   197 D ConnectivityService: Attempting to switch to WIMAX
06-20 15:03:02.524   141   197 D NetUtils: android_net_utils_resetConnections in env=0x1121710 clazz=0x4d300001 iface=rmnet0 mask=0x3
06-20 15:03:02.524   141   197 D ConnectivityService: Attempting to switch to BLUETOOTH_TETHER
06-20 15:03:02.524   141   197 D ConnectivityService: resetConnections(rmnet0, 3)
06-20 15:03:05.556   141   201 D Tethering: MasterInitialState.processMessage what=3
06-20 15:03:05.618   141   201 D Tethering: MasterInitialState.processMessage what=3
06-20 15:03:05.646   942   942 I MediaUploader: No need to wake up
06-20 15:03:05.685   354   359 D dalvikvm: GC_CONCURRENT freed 422K, 6% free 9506K/10055K, paused 9ms+2ms
06-20 15:03:05.712   942   942 I MediaUploader: No need to wake up
06-20 15:03:05.825   141   143 D dalvikvm: GC_CONCURRENT freed 807K, 10% free 12928K/14279K, paused 2ms+5ms
06-20 15:03:06.126   141   197 D ConnectivityService: handleInetConditionHoldEnd: net=1, condition=100, published condition=100
06-20 15:03:11.564   141   168 I power   : *** set_screen_state 0
06-20 15:03:11.610    79   119 D SurfaceFlinger: About to give-up screen, flinger = 0xb4918
06-20 15:03:11.696   141   172 D dalvikvm: GC_FOR_ALLOC freed 199K, 7% free 13311K/14279K, paused 41ms
06-20 15:03:11.732   141   172 V TransportControlView: Create TCV com.android.internal.widget.TransportControlView@41711988
06-20 15:04:01.935   141   141 D AlarmManagerService: Kernel timezone updated to 240 minutes west of GMT
06-20 15:04:26.302   833   963 I PhoneLab-: Service Running
06-20 15:04:26.372   833   963 I PhoneLab-LoggerService: app_37    967   833   1484   1096  c00f181c 400309d8 S logcat
06-20 15:04:26.376   833   963 I PhoneLab-LoggerService: Logcat pid from database 967
06-20 15:04:26.376   833   963 I PhoneLab-LoggerService: Logcat process found 967
06-20 15:04:26.376   833   963 I PhoneLab-LoggerService: Checking Threshold
06-20 15:04:26.376   833   963 I PhoneLab-LoggerService: Starting to rename files
06-20 15:04:26.376   833   963 I PhoneLab-LoggerService: Files found .. 2
06-20 15:04:26.376   833   963 I PhoneLab-LoggerService: File 1 log.out.1
06-20 15:04:26.380   833   836 D dalvikvm: GC_CONCURRENT freed 876K, 14% free 9188K/10567K, paused 2ms+4ms
06-20 15:04:26.384   833   963 I PhoneLab-LoggerService: Renamed successfully
06-20 15:05:56.829   141   172 I power   : *** set_screen_state 1
06-20 15:05:56.923   141   172 I WindowManager: Lock screen displayed!
06-20 15:05:57.028    79   119 D SurfaceFlinger: Screen about to return, flinger = 0xb4918
06-20 15:05:58.759   141   172 I ActivityManager: START {act=android.media.action.STILL_IMAGE_CAMERA flg=0x10000000 cmp=com.android.camera/.Camera} from pid 141
06-20 15:05:58.880   141   172 D dalvikvm: GC_FOR_ALLOC freed 923K, 11% free 12905K/14407K, paused 62ms
06-20 15:05:58.903   211   211 D PhoneStatusBar: disable: < expand icons alerts ticker system_info BACK HOME recent* CLOCK >
06-20 15:05:58.907   141   404 I ActivityManager: Start proc com.android.camera for activity com.android.camera/.Camera: pid=1184 uid=10007 gids={1006, 1015}
06-20 15:05:58.931   211   211 D PhoneStatusBar: disable: < expand icons alerts ticker system_info back* home* recent clock* >
06-20 15:05:59.036   374  1190 D NfcService: NFC-C ON
06-20 15:05:59.130   389   389 D OpenGLRenderer: Flushing caches (mode 1)
06-20 15:05:59.185  1184  1200 V CameraHolder: open camera 0
06-20 15:05:59.192    82   127 I CameraService: Opening camera 0
06-20 15:05:59.196    82   127 I CameraHardwareSec: int android::HAL_camera_device_open(const hw_module_t*, char const*, hw_device_t**): open camera 0
06-20 15:05:59.216    82   127 E SecCamera: initCamera: m_cam_fd(28), m_jpeg_fd(0)
06-20 15:05:59.216    82   127 I SecCamera: Name of input channel[0] is S5K4ECGX
06-20 15:05:59.224    82   127 E SecCamera: initCamera: m_cam_fd2(29)
06-20 15:05:59.224    82   127 I SecCamera: Name of input channel[0] is S5K4ECGX
06-20 15:05:59.224    82   127 I SecCamera: initCamera : initialized
06-20 15:05:59.224    82   127 I SecCamera: Name of input channel[0] is S5K4ECGX
06-20 15:05:59.232    82   127 I CameraHardwareSec: int android::HAL_camera_device_open(const hw_module_t*, char const*, hw_device_t**): opened camera 0 (0x5132e0)
06-20 15:05:59.243    82  1204 I CameraHardwareSec: int android::CameraHardwareSec::previewThreadWrapper(): starting
06-20 15:05:59.243    82  1204 I CameraHardwareSec: int android::CameraHardwareSec::previewThreadWrapper(): calling mSecCamera->stopPreview() and waiting
06-20 15:05:59.243    82  1204 W SecCamera: int android::SecCamera::stopPreview(): doing nothing because m_flag_camera_start is zero
06-20 15:05:59.243    82   127 I AwesomePlayer: setDataSource_l('/system/media/audio/ui/camera_click.ogg')
06-20 15:05:59.247   389   389 D OpenGLRenderer: Flushing caches (mode 0)
06-20 15:05:59.274    82   127 I AwesomePlayer: setDataSource_l('/system/media/audio/ui/VideoRecord.ogg')
06-20 15:05:59.364  1184  1186 D dalvikvm: GC_CONCURRENT freed 200K, 4% free 9308K/9607K, paused 2ms+5ms
06-20 15:05:59.384  1184  1184 D dalvikvm: GC_FOR_ALLOC freed <1K, 4% free 9308K/9607K, paused 19ms
06-20 15:05:59.384  1184  1184 I dalvikvm-heap: Grow heap (frag case) to 9.514MB for 373696-byte allocation
06-20 15:05:59.411  1184  1184 D dalvikvm: GC_FOR_ALLOC freed 0K, 4% free 9673K/9991K, paused 20ms
06-20 15:05:59.466   141   157 I Process : Sending signal. PID: 1184 SIG: 3
06-20 15:05:59.466  1184  1189 I dalvikvm: threadid=3: reacting to signal 3
06-20 15:05:59.536  1184  1189 I dalvikvm: Wrote stack traces to '/data/anr/traces.txt'
06-20 15:05:59.583  1184  1186 D dalvikvm: GC_CONCURRENT freed 28K, 3% free 10090K/10311K, paused 2ms+33ms
06-20 15:05:59.607  1184  1213 D Camera  : app passed NULL surface
06-20 15:05:59.614  1184  1213 V camera  : Preview size is 640x480
06-20 15:05:59.630  1184  1213 V camera  : startPreview
06-20 15:05:59.657    82   489 E CameraHardwareSec: preview window is NULL!
06-20 15:05:59.657    82   489 I CameraHardwareSec: virtual android::status_t android::CameraHardwareSec::startPreview() : deferring
06-20 15:05:59.696  1184  1184 D libEGL  : loaded /system/lib/egl/libGLES_android.so
06-20 15:05:59.700  1184  1184 D libEGL  : loaded /vendor/lib/egl/libEGL_POWERVR_SGX540_120.so
06-20 15:05:59.708  1184  1184 D libEGL  : loaded /vendor/lib/egl/libGLESv1_CM_POWERVR_SGX540_120.so
06-20 15:05:59.712  1184  1184 D libEGL  : loaded /vendor/lib/egl/libGLESv2_POWERVR_SGX540_120.so
06-20 15:05:59.763  1184  1184 D OpenGLRenderer: Enabling debug mode 0
06-20 15:05:59.774  1184  1184 V camera  : surfaceChanged. w=480. h=640
06-20 15:06:00.005   141   157 I Process : Sending signal. PID: 1184 SIG: 3
06-20 15:06:00.005  1184  1189 I dalvikvm: threadid=3: reacting to signal 3
06-20 15:06:00.013  1184  1189 I dalvikvm: Wrote stack traces to '/data/anr/traces.txt'
06-20 15:06:00.478   141   157 I Process : Sending signal. PID: 1184 SIG: 3
06-20 15:06:00.482  1184  1189 I dalvikvm: threadid=3: reacting to signal 3
06-20 15:06:00.505  1184  1189 I dalvikvm: Wrote stack traces to '/data/anr/traces.txt'
06-20 15:06:00.673    82    82 D CameraHardwareSec: mPreviewHeap(fd(28), size(460800), width(640), height(480))
06-20 15:06:00.677    82  1204 I CameraHardwareSec: int android::CameraHardwareSec::previewThreadWrapper(): return from wait
06-20 15:06:00.868   141   171 I ActivityManager: Displayed com.android.camera/.Camera: +1s985ms (total +3m43s79ms)
06-20 15:06:00.997   141   288 D dalvikvm: GC_EXPLICIT freed 154K, 10% free 13026K/14407K, paused 2ms+9ms
06-20 15:06:01.040  1184  1184 D CameraStorage: External storage state=mounted
06-20 15:06:02.372  1184  1184 I Thumbnail: Fail to load bitmap. java.io.FileNotFoundException: /data/data/com.android.camera/files/last_thumb: open failed: ENOENT (No such file or directory)
06-20 15:06:02.485  1184  1186 D dalvikvm: GC_CONCURRENT freed 247K, 4% free 10323K/10695K, paused 2ms+11ms
06-20 15:06:26.302   833   963 I PhoneLab-: Service Running
06-20 15:06:26.376   833   963 I PhoneLab-LoggerService: app_37    967   833   1484   1096  c00f181c 400309d8 S logcat
06-20 15:06:26.376   833   963 I PhoneLab-LoggerService: Logcat pid from database 967
06-20 15:06:26.376   833   963 I PhoneLab-LoggerService: Logcat process found 967
06-20 15:06:26.376   833   963 I PhoneLab-LoggerService: Checking Threshold
06-20 15:06:26.376   833   963 I PhoneLab-LoggerService: Starting to rename files
06-20 15:06:26.376   833   963 I PhoneLab-LoggerService: Files found .. 2
06-20 15:06:27.423   141   153 D AlarmManagerService: Kernel timezone updated to 240 minutes west of GMT
06-20 15:07:36.540    73    98 D VoldCmdListener: volume unmount /mnt/sdcard force
06-20 15:07:36.540    73    98 D Vold    : Volume sdcard state changing 4 (Mounted) -> 5 (Unmounting)
06-20 15:07:36.544   141   206 D MountService: sendStorageIntent Intent { act=android.intent.action.MEDIA_EJECT dat=file:///mnt/sdcard (has extras) }
06-20 15:07:37.548    73    98 I Vold    : /mnt/secure/staging/.android_secure sucessfully unmounted
06-20 15:07:37.548    73    98 I Vold    : /mnt/secure/asec sucessfully unmounted
06-20 15:07:37.548    73    98 W Vold    : Failed to unmount /mnt/secure/staging (Device or resource busy, retries 9, action 0)
06-20 15:07:37.712    73    98 E ProcessKiller: Process logcat (967) has open file /mnt/secure/staging/.log/log.out
06-20 15:07:38.739    73    98 W Vold    : Failed to unmount /mnt/secure/staging (Device or resource busy, retries 8, action 0)
06-20 15:07:38.888    73    98 E ProcessKiller: Process logcat (967) has open file /mnt/secure/staging/.log/log.out
06-20 15:07:39.903    73    98 W Vold    : Failed to unmount /mnt/secure/staging (Device or resource busy, retries 7, action 0)
06-20 15:07:40.056    73    98 E ProcessKiller: Process logcat (967) has open file /mnt/secure/staging/.log/log.out
06-20 15:07:41.071    73    98 W Vold    : Failed to unmount /mnt/secure/staging (Device or resource busy, retries 6, action 0)
06-20 15:07:41.212    73    98 E ProcessKiller: Process logcat (967) has open file /mnt/secure/staging/.log/log.out
06-20 15:07:42.235    73    98 W Vold    : Failed to unmount /mnt/secure/staging (Device or resource busy, retries 5, action 0)
06-20 15:07:42.388    73    98 E ProcessKiller: Process logcat (967) has open file /mnt/secure/staging/.log/log.out
06-20 15:07:43.403    73    98 W Vold    : Failed to unmount /mnt/secure/staging (Device or resource busy, retries 4, action 0)
06-20 15:07:43.556    73    98 E ProcessKiller: Process logcat (967) has open file /mnt/secure/staging/.log/log.out
06-20 15:07:44.571    73    98 W Vold    : Failed to unmount /mnt/secure/staging (Device or resource busy, retries 3, action 0)
06-20 15:07:44.712    73    98 E ProcessKiller: Process logcat (967) has open file /mnt/secure/staging/.log/log.out
06-20 15:07:45.735    73    98 W Vold    : Failed to unmount /mnt/secure/staging (Device or resource busy, retries 2, action 1)
06-20 15:07:45.888    73    98 E ProcessKiller: Process logcat (967) has open file /mnt/secure/staging/.log/log.out
--------- beginning of /dev/log/main
06-20 15:09:25.953    76    76 I DEBUG   : debuggerd: Jun 18 2012 15:44:10
--------- beginning of /dev/log/system
06-20 15:09:26.167    72    72 I Vold    : Vold 2.1 (the revenge) firing up
06-20 15:09:26.253    72    72 D Vold    : Volume sdcard state changing -1 (Initializing) -> 0 (No-Media)
06-20 15:09:26.265    72    94 D Vold    : Volume sdcard state changing 0 (No-Media) -> 2 (Pending)
06-20 15:09:26.265    72    94 D Vold    : Volume sdcard state changing 2 (Pending) -> 1 (Idle-Unmounted)
06-20 15:09:26.265    72    94 W Vold    : Duplicate state (1)
06-20 15:09:26.265    72    94 W Vold    : Duplicate state (1)
06-20 15:09:26.265    72    94 W Vold    : Duplicate state (1)
06-20 15:09:26.265    72    94 W Vold    : Duplicate state (1)
06-20 15:09:26.324    75    75 I Netd    : Netd 1.0 starting
06-20 15:09:26.664    80    80 I         : ServiceManager: 0x14de910
06-20 15:09:26.851    79    79 D AndroidRuntime: 
06-20 15:09:26.851    79    79 D AndroidRuntime: >>>>>> AndroidRuntime START com.android.internal.os.ZygoteInit <<<<<<
06-20 15:09:26.851    79    79 D AndroidRuntime: CheckJNI is OFF
06-20 15:09:26.867    78    78 I SurfaceFlinger: SurfaceFlinger is starting
06-20 15:09:26.871    78   118 I SurfaceFlinger: SurfaceFlinger's main thread ready to run. Initializing graphics H/W...
06-20 15:09:27.085    81    81 I         : ServiceManager: 0x9d2958
06-20 15:09:27.097    81    81 I AudioFlinger: Loaded primary audio interface from LEGACY Audio HW HAL (audio)
06-20 15:09:27.097    81    81 I AudioFlinger: Using 'LEGACY Audio HW HAL' (audio.primary) as the primary audio interface
06-20 15:09:27.101    81    81 I AudioFlinger: Loaded a2dp audio interface from A2DP Audio HW HAL (audio)
06-20 15:09:27.101    81    81 D AudioHardwareInterface: setMode(NORMAL)
06-20 15:09:27.101    81    81 I CameraService: CameraService started (pid=81)
06-20 15:09:27.121    81   122 I AudioFlinger: AudioFlinger's thread 0x9d39a0 ready to run
06-20 15:09:27.121    81   122 W AudioFlinger: Thread AudioOut_1 cannot connect to the power manager service
06-20 15:09:27.121    81   122 D AudioHardware: AudioStreamOutALSA::setParameters() routing=2
06-20 15:09:27.125    81   121 D AudioHardware: ### setVoiceVolume_l
06-20 15:09:27.125    81    81 I AudioPolicyService: Loaded audio policy from LEGACY Audio Policy HAL (audio_policy)
06-20 15:09:27.136    79    79 I dalvikvm: DexOpt: source file mod time mismatch (40d27389 vs 40d28243)
06-20 15:09:27.136    79    79 D dalvikvm: ODEX file is stale or bad; removing and retrying (/data/dalvik-cache/system@framework@core.jar@classes.dex)
06-20 15:09:27.160    78   118 D libEGL  : loaded /system/lib/egl/libGLES_android.so
06-20 15:09:27.199    78   118 D libEGL  : loaded /vendor/lib/egl/libEGL_POWERVR_SGX540_120.so
06-20 15:09:27.285    78   118 D libEGL  : loaded /vendor/lib/egl/libGLESv1_CM_POWERVR_SGX540_120.so
06-20 15:09:27.289    78   118 D libEGL  : loaded /vendor/lib/egl/libGLESv2_POWERVR_SGX540_120.so
06-20 15:09:27.324    78   118 I SurfaceFlinger: EGL informations:
06-20 15:09:27.324    78   118 I SurfaceFlinger: # of configs : 30
06-20 15:09:27.324    78   118 I SurfaceFlinger: vendor    : Android
06-20 15:09:27.324    78   118 I SurfaceFlinger: version   : 1.4 Android META-EGL
06-20 15:09:27.324    78   118 I SurfaceFlinger: extensions: EGL_KHR_image EGL_KHR_image_base EGL_KHR_image_base EGL_KHR_gl_texture_2D_image EGL_KHR_gl_texture_cubemap_image EGL_KHR_gl_renderbuffer_image EGL_KHR_fence_sync EGL_ANDROID_image_native_buffer EGL_ANDROID_image_native_buffer 
06-20 15:09:27.324    78   118 I SurfaceFlinger: Client API: OpenGL ES
06-20 15:09:27.324    78   118 I SurfaceFlinger: EGLSurface: 8-8-8-8, config=0x1
06-20 15:09:27.324    78   118 I SurfaceFlinger: OpenGL informations:
06-20 15:09:27.324    78   118 I SurfaceFlinger: vendor    : Imagination Technologies
06-20 15:09:27.324    78   118 I SurfaceFlinger: renderer  : PowerVR SGX 540
06-20 15:09:27.324    78   118 I SurfaceFlinger: version   : OpenGL ES-CM 1.1
06-20 15:09:27.324    78   118 I SurfaceFlinger: extensions: GL_OES_byte_coordinates GL_OES_fixed_point GL_OES_single_precision GL_OES_matrix_get GL_OES_read_format GL_OES_compressed_paletted_texture GL_OES_point_sprite GL_OES_point_size_array GL_OES_matrix_palette GL_OES_draw_texture GL_OES_query_matrix GL_OES_texture_env_crossbar GL_OES_texture_mirrored_repeat GL_OES_texture_cube_map GL_OES_blend_subtract GL_OES_blend_func_separate GL_OES_blend_equation_separate GL_OES_stencil_wrap GL_OES_extended_matrix_palette GL_OES_framebuffer_object GL_OES_rgb8_rgba8 GL_OES_depth24 GL_OES_stencil8 GL_OES_compressed_ETC1_RGB8_texture GL_OES_mapbuffer GL_OES_EGL_image GL_OES_EGL_image_external GL_EXT_multi_draw_arrays GL_OES_required_internalformat GL_IMG_read_format GL_IMG_texture_compression_pvrtc GL_IMG_texture_format_BGRA8888 GL_EXT_texture_format_BGRA8888 GL_OES_egl_sync GL_IMG_vertex_array_object
06-20 15:09:27.324    78   118 I SurfaceFlinger: GL_MAX_TEXTURE_SIZE = 2048
06-20 15:09:27.324    78   118 I SurfaceFlinger: GL_MAX_VIEWPORT_DIMS = 2048 x 2048
06-20 15:09:27.324    78   118 I SurfaceFlinger: flags = 00010000
06-20 15:09:27.332    78   118 I hwcomposer: int hwc_device_open(const hw_module_t*, char const*, hw_device_t**)::win-0 add[0] 4b7af000 
06-20 15:09:27.332    78   118 I hwcomposer: int hwc_device_open(const hw_module_t*, char const*, hw_device_t**)::win-0 add[1] 4b926000 
06-20 15:09:27.332    78   118 I hwcomposer: int hwc_device_open(const hw_module_t*, char const*, hw_device_t**)::win-0 add[2] 4ba9d000 
06-20 15:09:27.332    78   118 D hwcomposer: int hwc_device_open(const hw_module_t*, char const*, hw_device_t**):: success
06-20 15:09:27.339    79    79 D dalvikvm: DexOpt: --- BEGIN 'core.jar' (bootstrap=1) ---
06-20 15:09:27.386   124   128 D libEGL  : loaded /system/lib/egl/libGLES_android.so
06-20 15:09:27.390   124   128 D libEGL  : loaded /vendor/lib/egl/libEGL_POWERVR_SGX540_120.so
06-20 15:09:27.398   124   128 D libEGL  : loaded /vendor/lib/egl/libGLESv1_CM_POWERVR_SGX540_120.so
06-20 15:09:27.410   124   128 D libEGL  : loaded /vendor/lib/egl/libGLESv2_POWERVR_SGX540_120.so
06-20 15:09:27.812   126   126 D dalvikvm: Ignoring duplicate verify attempt on Ljava/lang/Object;
06-20 15:09:27.941   126   126 D dalvikvm: Ignoring duplicate verify attempt on Ljava/lang/Class;
06-20 15:09:27.957   126   126 D dalvikvm: Ignoring duplicate verify attempt on Ljava/lang/ref/Reference;
06-20 15:09:27.957   126   126 D dalvikvm: Ignoring duplicate verify attempt on Ljava/lang/ref/ReferenceQueue;
06-20 15:09:27.984   126   126 D dalvikvm: Ignoring duplicate verify attempt on Ljava/lang/ref/FinalizerReference;
06-20 15:09:29.191   126   126 D dalvikvm: DexOpt: load 105ms, verify+opt 1378ms
06-20 15:09:29.757    79    79 D dalvikvm: DexOpt: --- END 'core.jar' (success) ---
06-20 15:09:29.757    79    79 D dalvikvm: DEX prep '/system/framework/core.jar': unzip in 180ms, rewrite 2418ms
06-20 15:09:29.761    79    79 I dalvikvm: DexOpt: source file mod time mismatch (40d273a2 vs 40d28258)
06-20 15:09:29.761    79    79 D dalvikvm: ODEX file is stale or bad; removing and retrying (/data/dalvik-cache/system@framework@core-junit.jar@classes.dex)
06-20 15:09:29.761    79    79 D dalvikvm: DexOpt: --- BEGIN 'core-junit.jar' (bootstrap=1) ---
06-20 15:09:29.812   139   139 D dalvikvm: DexOpt: load 4ms, verify+opt 8ms
06-20 15:09:29.843    79    79 D dalvikvm: DexOpt: --- END 'core-junit.jar' (success) ---
06-20 15:09:29.843    79    79 D dalvikvm: DEX prep '/system/framework/core-junit.jar': unzip in 0ms, rewrite 79ms
06-20 15:09:29.851    79    79 I dalvikvm: DexOpt: source file mod time mismatch (40d273c8 vs 40d2826b)
06-20 15:09:29.851    79    79 D dalvikvm: ODEX file is stale or bad; removing and retrying (/data/dalvik-cache/system@framework@bouncycastle.jar@classes.dex)
06-20 15:09:29.929    79    79 D dalvikvm: DexOpt: --- BEGIN 'bouncycastle.jar' (bootstrap=1) ---
06-20 15:09:30.515   140   140 D dalvikvm: DexOpt: load 52ms, verify+opt 463ms
06-20 15:09:30.632    79    79 D dalvikvm: DexOpt: --- END 'bouncycastle.jar' (success) ---
06-20 15:09:30.632    79    79 D dalvikvm: DEX prep '/system/framework/bouncycastle.jar': unzip in 77ms, rewrite 706ms
06-20 15:09:30.640    79    79 I dalvikvm: DexOpt: source file mod time mismatch (40d273c8 vs 40d28274)
06-20 15:09:30.640    79    79 D dalvikvm: ODEX file is stale or bad; removing and retrying (/data/dalvik-cache/system@framework@ext.jar@classes.dex)
06-20 15:09:30.695    79    79 D dalvikvm: DexOpt: --- BEGIN 'ext.jar' (bootstrap=1) ---
06-20 15:09:31.625   142   142 D dalvikvm: DexOpt: load 57ms, verify+opt 750ms
06-20 15:09:31.957    79    79 D dalvikvm: DexOpt: --- END 'ext.jar' (success) ---
06-20 15:09:31.957    79    79 D dalvikvm: DEX prep '/system/framework/ext.jar': unzip in 51ms, rewrite 1263ms
06-20 15:09:31.964    79    79 I dalvikvm: DexOpt: source file mod time mismatch (40d27407 vs 40d282d4)
06-20 15:09:31.964    79    79 D dalvikvm: ODEX file is stale or bad; removing and retrying (/data/dalvik-cache/system@framework@framework.jar@classes.dex)
06-20 15:09:32.296    79    79 D dalvikvm: DexOpt: --- BEGIN 'framework.jar' (bootstrap=1) ---
06-20 15:09:33.261   143   143 D dalvikvm: Note: class Landroid/opengl/GLWrapperBase; has 250 unimplemented (abstract) methods
06-20 15:09:38.343   143   143 D dalvikvm: DexOpt: load 545ms, verify+opt 4725ms
06-20 15:09:38.949    79    79 D dalvikvm: DexOpt: --- END 'framework.jar' (success) ---
06-20 15:09:38.949    79    79 D dalvikvm: DEX prep '/system/framework/framework.jar': unzip in 331ms, rewrite 6650ms
06-20 15:09:38.960    79    79 I dalvikvm: DexOpt: source file mod time mismatch (40d2749d vs 40d2836c)
06-20 15:09:38.960    79    79 D dalvikvm: ODEX file is stale or bad; removing and retrying (/data/dalvik-cache/system@framework@android.policy.jar@classes.dex)
06-20 15:09:39.003    79    79 D dalvikvm: DexOpt: --- BEGIN 'android.policy.jar' (bootstrap=1) ---
06-20 15:09:39.250   144   144 D dalvikvm: DexOpt: load 33ms, verify+opt 173ms
06-20 15:09:39.566    79    79 D dalvikvm: DexOpt: --- END 'android.policy.jar' (success) ---
06-20 15:09:39.566    79    79 D dalvikvm: DEX prep '/system/framework/android.policy.jar': unzip in 39ms, rewrite 565ms
06-20 15:09:39.578    79    79 I dalvikvm: DexOpt: source file mod time mismatch (40d27534 vs 40d283f7)
06-20 15:09:39.578    79    79 D dalvikvm: ODEX file is stale or bad; removing and retrying (/data/dalvik-cache/system@framework@services.jar@classes.dex)
06-20 15:09:39.664    79    79 D dalvikvm: DexOpt: --- BEGIN 'services.jar' (bootstrap=1) ---
06-20 15:09:40.898   145   145 D dalvikvm: DexOpt: load 53ms, verify+opt 1070ms
06-20 15:09:41.417    79    79 D dalvikvm: DexOpt: --- END 'services.jar' (success) ---
06-20 15:09:41.417    79    79 D dalvikvm: DEX prep '/system/framework/services.jar': unzip in 85ms, rewrite 1752ms
06-20 15:09:41.433    79    79 I dalvikvm: DexOpt: source file mod time mismatch (40d273a7 vs 40d2826f)
06-20 15:09:41.433    79    79 D dalvikvm: ODEX file is stale or bad; removing and retrying (/data/dalvik-cache/system@framework@apache-xml.jar@classes.dex)
06-20 15:09:41.503    79    79 D dalvikvm: DexOpt: --- BEGIN 'apache-xml.jar' (bootstrap=1) ---
06-20 15:09:42.121   146   146 D dalvikvm: DexOpt: load 52ms, verify+opt 470ms
06-20 15:09:42.570    79    79 D dalvikvm: DexOpt: --- END 'apache-xml.jar' (success) ---
06-20 15:09:42.570    79    79 D dalvikvm: DEX prep '/system/framework/apache-xml.jar': unzip in 70ms, rewrite 1065ms
06-20 15:09:42.582    79    79 I dalvikvm: DexOpt: source file mod time mismatch (40d27411 vs 40d282e0)
06-20 15:09:42.582    79    79 D dalvikvm: ODEX file is stale or bad; removing and retrying (/data/dalvik-cache/system@framework@filterfw.jar@classes.dex)
06-20 15:09:42.625    79    79 D dalvikvm: DexOpt: --- BEGIN 'filterfw.jar' (bootstrap=1) ---
06-20 15:09:42.796   147   147 D dalvikvm: DexOpt: load 14ms, verify+opt 109ms
06-20 15:09:43.128    79    79 D dalvikvm: DexOpt: --- END 'filterfw.jar' (success) ---
06-20 15:09:43.128    79    79 D dalvikvm: DEX prep '/system/framework/filterfw.jar': unzip in 41ms, rewrite 505ms
06-20 15:09:43.382    79    79 I SamplingProfilerIntegration: Profiling disabled.
06-20 15:09:43.394    79    79 I Zygote  : Preloading classes...
06-20 15:09:43.398    79    79 D dalvikvm: GC_EXPLICIT freed 36K, 91% free 409K/4096K, paused 0ms+0ms
06-20 15:09:43.417    79    79 D dalvikvm: GC_EXPLICIT freed 4K, 89% free 473K/4096K, paused 1ms+0ms
06-20 15:09:43.437    79    79 D dalvikvm: GC_EXPLICIT freed 20K, 88% free 509K/4096K, paused 0ms+1ms
06-20 15:09:43.453    79    79 D dalvikvm: GC_EXPLICIT freed 27K, 87% free 536K/4096K, paused 0ms+1ms
06-20 15:09:43.464    79    79 D dalvikvm: GC_EXPLICIT freed 15K, 86% free 576K/4096K, paused 0ms+0ms
06-20 15:09:43.617    79    79 D dalvikvm: GC_EXPLICIT freed 27K, 86% free 603K/4096K, paused 2ms+0ms
06-20 15:09:43.820    79    79 D dalvikvm: GC_EXPLICIT freed 30K, 85% free 635K/4096K, paused 0ms+1ms
06-20 15:09:43.835    79    79 D TextLayoutCache: Using debug level: 0 - Debug Enabled: 0
06-20 15:09:43.851    79    79 W Zygote  : Class not found for preloading: android.media.AudioManager$2
06-20 15:09:43.910    79    79 I dalvikvm: threadid=1: recursive native library load attempt (/system/lib/libmedia_jni.so)
06-20 15:09:43.910    79    79 D MtpDeviceJNI: register_android_mtp_MtpDevice
06-20 15:09:43.910    79    79 I dalvikvm: threadid=1: recursive native library load attempt (/system/lib/libmedia_jni.so)
06-20 15:09:43.910    79    79 I dalvikvm: threadid=1: recursive native library load attempt (/system/lib/libmedia_jni.so)
06-20 15:09:43.914    79    79 W Zygote  : Class not found for preloading: android.media.IRemoteControlClientDispatcher
06-20 15:09:43.914    79    79 W Zygote  : Class not found for preloading: android.media.IRemoteControlClientDispatcher$Stub
06-20 15:09:43.925    79    79 D dalvikvm: GC_EXPLICIT freed 20K, 84% free 672K/4096K, paused 0ms+1ms
06-20 15:09:44.054    79    79 D dalvikvm: GC_FOR_ALLOC freed 218K, 77% free 966K/4096K, paused 7ms
06-20 15:09:44.078    79    79 D dalvikvm: GC_EXPLICIT freed 43K, 76% free 1023K/4096K, paused 1ms+1ms
06-20 15:09:44.109    79    79 D dalvikvm: GC_EXPLICIT freed 27K, 75% free 1052K/4096K, paused 1ms+1ms
06-20 15:09:44.445    79    79 D dalvikvm: GC_EXPLICIT freed 8K, 74% free 1100K/4096K, paused 4ms+1ms
06-20 15:09:44.472    79    79 D dalvikvm: GC_EXPLICIT freed 23K, 72% free 1166K/4096K, paused 0ms+1ms
06-20 15:09:44.535    79    79 D dalvikvm: GC_EXPLICIT freed 48K, 65% free 1445K/4096K, paused 1ms+3ms
06-20 15:09:44.539    79    79 W Zygote  : Class not found for preloading: android.text.TextDirectionHeuristics$CharCount
06-20 15:09:44.546    79    79 W Zygote  : Class not found for preloading: android.text.method.WordIterator$1
06-20 15:09:44.570    79    79 D dalvikvm: GC_EXPLICIT freed 34K, 64% free 1479K/4096K, paused 1ms+1ms
06-20 15:09:44.601    79    79 D dalvikvm: GC_EXPLICIT freed 32K, 64% free 1502K/4096K, paused 2ms+2ms
06-20 15:09:44.906    79    79 I dalvikvm: threadid=1: recursive native library load attempt (/system/lib/libwebcore.so)
06-20 15:09:44.910    79    79 D dalvikvm: No JNI_OnLoad found in /system/lib/libchromium_net.so 0x0, skipping init
06-20 15:09:44.957    79    79 D dalvikvm: GC_EXPLICIT freed 26K, 63% free 1550K/4096K, paused 1ms+1ms
06-20 15:09:44.992    79    79 W Zygote  : Class not found for preloading: android.widget.EdgeGlow
06-20 15:09:45.027    79    79 D dalvikvm: GC_EXPLICIT freed 25K, 62% free 1579K/4096K, paused 2ms+1ms
06-20 15:09:45.105    79    79 D dalvikvm: GC_EXPLICIT freed 71K, 61% free 1625K/4096K, paused 2ms+1ms
06-20 15:09:45.113    79    79 E PhonePolicy: Could not preload class for phone policy: com.android.internal.policy.impl.PhoneWindow$ContextMenuCallback
06-20 15:09:45.140    79    79 D dalvikvm: GC_EXPLICIT freed 33K, 60% free 1647K/4096K, paused 2ms+2ms
06-20 15:09:45.171    79    79 D dalvikvm: GC_EXPLICIT freed 28K, 60% free 1675K/4096K, paused 1ms+1ms
06-20 15:09:45.195    79    79 D dalvikvm: GC_EXPLICIT freed 26K, 59% free 1706K/4096K, paused 1ms+1ms
06-20 15:09:45.222    79    79 D dalvikvm: GC_EXPLICIT freed 32K, 58% free 1731K/4096K, paused 1ms+2ms
06-20 15:09:45.253    79    79 D dalvikvm: GC_EXPLICIT freed 31K, 58% free 1759K/4096K, paused 2ms+1ms
06-20 15:09:45.289    79    79 D dalvikvm: GC_EXPLICIT freed 71K, 56% free 1815K/4096K, paused 1ms+1ms
06-20 15:09:45.324    79    79 D dalvikvm: GC_EXPLICIT freed 39K, 56% free 1831K/4096K, paused 1ms+1ms
06-20 15:09:45.929    79    79 I System  : Loaded time zone names for  in 581ms (577ms in ICU)
06-20 15:09:46.234    79    79 I System  : Loaded time zone names for en_US in 303ms (298ms in ICU)
06-20 15:09:46.253    79    79 D dalvikvm: GC_EXPLICIT freed 324K, 53% free 1948K/4096K, paused 2ms+2ms
06-20 15:09:46.281    79    79 D dalvikvm: GC_EXPLICIT freed 15K, 51% free 2009K/4096K, paused 1ms+1ms
06-20 15:09:46.332    79    79 D dalvikvm: GC_EXPLICIT freed 51K, 51% free 2041K/4096K, paused 1ms+2ms
06-20 15:09:46.363    79    79 D dalvikvm: GC_EXPLICIT freed 28K, 50% free 2073K/4096K, paused 1ms+2ms
06-20 15:09:46.394    79    79 D dalvikvm: GC_EXPLICIT freed 37K, 49% free 2089K/4096K, paused 1ms+2ms
06-20 15:09:46.429    79    79 D dalvikvm: GC_EXPLICIT freed 32K, 49% free 2112K/4096K, paused 1ms+2ms
06-20 15:09:46.437    79    79 I Zygote  : ...preloaded 2297 classes in 3042ms.
06-20 15:09:46.453    79    79 D dalvikvm: GC_EXPLICIT freed 22K, 49% free 2116K/4096K, paused 1ms+2ms
06-20 15:09:46.457    79    79 I Zygote  : Preloading resources...
06-20 15:09:46.480    79    79 D dalvikvm: GC_EXPLICIT freed 1K, 47% free 2200K/4096K, paused 1ms+2ms
06-20 15:09:46.507    79    79 D dalvikvm: GC_EXPLICIT freed 1K, 45% free 2269K/4096K, paused 2ms+1ms
06-20 15:09:46.535    79    79 D dalvikvm: GC_EXPLICIT freed 1K, 43% free 2337K/4096K, paused 1ms+2ms
06-20 15:09:46.578    79    79 D dalvikvm: GC_EXPLICIT freed 1K, 42% free 2389K/4096K, paused 1ms+4ms
06-20 15:09:46.613    79    79 D dalvikvm: GC_EXPLICIT freed 2K, 41% free 2437K/4096K, paused 1ms+2ms
06-20 15:09:46.640    79    79 D dalvikvm: GC_EXPLICIT freed 2K, 40% free 2497K/4096K, paused 2ms+2ms
06-20 15:09:46.671    79    79 D dalvikvm: GC_EXPLICIT freed 2K, 38% free 2549K/4096K, paused 1ms+2ms
06-20 15:09:46.703    79    79 D dalvikvm: GC_EXPLICIT freed 2K, 37% free 2603K/4096K, paused 2ms+2ms
06-20 15:09:46.730    79    79 D dalvikvm: GC_EXPLICIT freed 2K, 36% free 2657K/4096K, paused 2ms+3ms
06-20 15:09:46.761    79    79 D dalvikvm: GC_EXPLICIT freed 3K, 34% free 2714K/4096K, paused 2ms+2ms
06-20 15:09:46.808    79    79 D dalvikvm: GC_EXPLICIT freed 2K, 33% free 2765K/4096K, paused 1ms+2ms
06-20 15:09:46.832    79    79 D dalvikvm: GC_EXPLICIT freed 2K, 32% free 2822K/4096K, paused 1ms+2ms
06-20 15:09:46.859    79    79 D dalvikvm: GC_EXPLICIT freed 2K, 30% free 2873K/4096K, paused 2ms+1ms
06-20 15:09:46.882    79    79 D dalvikvm: GC_EXPLICIT freed 3K, 29% free 2928K/4096K, paused 1ms+1ms
06-20 15:09:46.910    79    79 D dalvikvm: GC_EXPLICIT freed 2K, 28% free 2985K/4096K, paused 1ms+1ms
06-20 15:09:46.937    79    79 D dalvikvm: GC_EXPLICIT freed 2K, 26% free 3034K/4096K, paused 1ms+2ms
06-20 15:09:46.964    79    79 D dalvikvm: GC_EXPLICIT freed 2K, 25% free 3087K/4096K, paused 1ms+2ms
06-20 15:09:46.988    79    79 D dalvikvm: GC_EXPLICIT freed 2K, 24% free 3145K/4096K, paused 1ms+1ms
06-20 15:09:47.019    79    79 D dalvikvm: GC_EXPLICIT freed 2K, 23% free 3194K/4096K, paused 1ms+2ms
06-20 15:09:47.054    79    79 D dalvikvm: GC_EXPLICIT freed 2K, 21% free 3268K/4096K, paused 2ms+2ms
06-20 15:09:47.082    79    79 D dalvikvm: GC_EXPLICIT freed 1K, 19% free 3337K/4096K, paused 2ms+1ms
06-20 15:09:47.113    79    79 D dalvikvm: GC_EXPLICIT freed 1K, 18% free 3391K/4096K, paused 2ms+1ms
06-20 15:09:47.144    79    79 D dalvikvm: GC_EXPLICIT freed 2K, 16% free 3448K/4096K, paused 2ms+2ms
06-20 15:09:47.167    79    79 D dalvikvm: GC_EXPLICIT freed 2K, 15% free 3504K/4096K, paused 2ms+2ms
06-20 15:09:47.199    79    79 D dalvikvm: GC_EXPLICIT freed 2K, 14% free 3560K/4096K, paused 2ms+2ms
06-20 15:09:47.226    79    79 D dalvikvm: GC_EXPLICIT freed 5K, 12% free 3613K/4096K, paused 2ms+2ms
06-20 15:09:47.253    79    79 D dalvikvm: GC_EXPLICIT freed 2K, 11% free 3669K/4096K, paused 2ms+2ms
06-20 15:09:47.281    79    79 D dalvikvm: GC_EXPLICIT freed 4K, 10% free 3722K/4096K, paused 1ms+1ms
06-20 15:09:47.308    79    79 D dalvikvm: GC_EXPLICIT freed 2K, 8% free 3775K/4096K, paused 2ms+2ms
06-20 15:09:47.335    79    79 D dalvikvm: GC_EXPLICIT freed 2K, 7% free 3830K/4096K, paused 1ms+1ms
06-20 15:09:47.378    79    79 D dalvikvm: GC_EXPLICIT freed 10K, 4% free 3932K/4096K, paused 1ms+2ms
06-20 15:09:47.410    79    79 D dalvikvm: GC_EXPLICIT freed 6K, 3% free 4010K/4096K, paused 2ms+1ms
06-20 15:09:47.441    79    79 D dalvikvm: GC_EXPLICIT freed 3K, 3% free 4076K/4163K, paused 1ms+1ms
06-20 15:09:47.480    79    79 D dalvikvm: GC_EXPLICIT freed 2K, 1% free 4126K/4163K, paused 1ms+3ms
06-20 15:09:47.515    79    79 D dalvikvm: GC_EXPLICIT freed 3K, 2% free 4210K/4291K, paused 1ms+1ms
06-20 15:09:47.542    79    79 D dalvikvm: GC_EXPLICIT freed 3K, 2% free 4295K/4355K, paused 1ms+2ms
06-20 15:09:47.574    79    79 D dalvikvm: GC_EXPLICIT freed 4K, 1% free 4344K/4355K, paused 1ms+2ms
06-20 15:09:47.601    79    79 D dalvikvm: GC_EXPLICIT freed 2K, 1% free 4396K/4419K, paused 1ms+1ms
06-20 15:09:47.628    79    79 D dalvikvm: GC_EXPLICIT freed 1K, 1% free 4466K/4483K, paused 1ms+2ms
06-20 15:09:47.656    79    79 D dalvikvm: GC_EXPLICIT freed 1K, 2% free 4559K/4611K, paused 1ms+1ms
06-20 15:09:47.683    79    79 D dalvikvm: GC_EXPLICIT freed <1K, 2% free 5180K/5251K, paused 2ms+2ms
06-20 15:09:47.710    79    79 D dalvikvm: GC_EXPLICIT freed 2K, 1% free 5240K/5251K, paused 2ms+2ms
06-20 15:09:47.753    79    79 D dalvikvm: GC_EXPLICIT freed 4K, 1% free 5291K/5315K, paused 2ms+4ms
06-20 15:09:47.785    79    79 D dalvikvm: GC_EXPLICIT freed 1K, 1% free 5348K/5379K, paused 1ms+2ms
06-20 15:09:47.812    79    79 D dalvikvm: GC_EXPLICIT freed <1K, 1% free 5404K/5443K, paused 2ms+2ms
06-20 15:09:47.835    79    79 D dalvikvm: GC_EXPLICIT freed <1K, 1% free 5459K/5507K, paused 2ms+2ms
06-20 15:09:47.875    79    79 D dalvikvm: GC_EXPLICIT freed 6K, 2% free 5896K/5955K, paused 1ms+1ms
06-20 15:09:47.902    79    79 D dalvikvm: GC_EXPLICIT freed 5K, 1% free 5996K/6019K, paused 1ms+1ms
06-20 15:09:47.933    79    79 D dalvikvm: GC_EXPLICIT freed 3K, 1% free 6047K/6083K, paused 2ms+1ms
06-20 15:09:47.972    79    79 D dalvikvm: GC_EXPLICIT freed 5K, 2% free 7081K/7171K, paused 1ms+2ms
06-20 15:09:48.015    79    79 D dalvikvm: GC_EXPLICIT freed 2K, 2% free 8104K/8259K, paused 2ms+1ms
06-20 15:09:48.046    79    79 D dalvikvm: GC_EXPLICIT freed 3K, 2% free 8167K/8259K, paused 2ms+2ms
06-20 15:09:48.078    79    79 D dalvikvm: GC_EXPLICIT freed 3K, 1% free 8219K/8259K, paused 1ms+2ms
06-20 15:09:48.105    79    79 D dalvikvm: GC_EXPLICIT freed 4K, 1% free 8266K/8323K, paused 2ms+2ms
06-20 15:09:48.140    79    79 D dalvikvm: GC_EXPLICIT freed 4K, 1% free 8316K/8387K, paused 2ms+2ms
06-20 15:09:48.171    79    79 D dalvikvm: GC_EXPLICIT freed 3K, 1% free 8364K/8387K, paused 2ms+2ms
06-20 15:09:48.203    79    79 D dalvikvm: GC_EXPLICIT freed 3K, 1% free 8421K/8451K, paused 1ms+2ms
06-20 15:09:48.242    79    79 D dalvikvm: GC_EXPLICIT freed 2K, 1% free 8486K/8515K, paused 1ms+2ms
06-20 15:09:48.273    79    79 D dalvikvm: GC_EXPLICIT freed 1K, 1% free 8554K/8579K, paused 1ms+2ms
06-20 15:09:48.304    79    79 D dalvikvm: GC_EXPLICIT freed 1K, 1% free 8621K/8643K, paused 2ms+2ms
06-20 15:09:48.335    79    79 D dalvikvm: GC_EXPLICIT freed 3K, 1% free 8672K/8707K, paused 1ms+1ms
06-20 15:09:48.371    79    79 D dalvikvm: GC_EXPLICIT freed 3K, 1% free 8721K/8771K, paused 2ms+2ms
06-20 15:09:48.402    79    79 D dalvikvm: GC_EXPLICIT freed 3K, 1% free 8770K/8835K, paused 1ms+2ms
06-20 15:09:48.429    79    79 D dalvikvm: GC_EXPLICIT freed 2K, 1% free 8819K/8835K, paused 2ms+2ms
06-20 15:09:48.460    79    79 D dalvikvm: GC_EXPLICIT freed 1K, 1% free 8869K/8899K, paused 2ms+2ms
06-20 15:09:48.488    79    79 D dalvikvm: GC_EXPLICIT freed 1K, 1% free 8965K/9027K, paused 1ms+2ms
06-20 15:09:48.523    79    79 D dalvikvm: GC_EXPLICIT freed 6K, 1% free 9027K/9091K, paused 2ms+2ms
06-20 15:09:48.531    79    79 I Zygote  : ...preloaded 379 resources in 2072ms.
06-20 15:09:48.539    79    79 I Zygote  : ...preloaded 31 resources in 12ms.
06-20 15:09:48.562    79    79 D dalvikvm: GC_EXPLICIT freed 25K, 1% free 9028K/9091K, paused 1ms+2ms
06-20 15:09:48.589    79    79 D dalvikvm: GC_EXPLICIT freed 9K, 1% free 9019K/9091K, paused 2ms+2ms
06-20 15:09:48.617    79    79 D dalvikvm: GC_EXPLICIT freed <1K, 1% free 9019K/9091K, paused 2ms+2ms
06-20 15:09:48.632    79    79 I dalvikvm: System server process 151 has been created
06-20 15:09:48.636    79    79 I Zygote  : Accepting command socket connections
06-20 15:09:48.718   151   151 I sysproc : Entered system_init()
06-20 15:09:48.718   151   151 I sysproc : ServiceManager: 0x125a690
06-20 15:09:48.718   151   151 D SensorService: nuSensorService starting...
06-20 15:09:48.781   151   164 E AKMD2   : libkam : Unable to load settings file, using defaults.
06-20 15:09:48.839   151   151 I SensorService: KR3DM 3-axis Accelerometer
06-20 15:09:48.839   151   151 I SensorService: AK8973 3-axis Magnetic field sensor
06-20 15:09:48.839   151   151 I SensorService: AK8973 Orientation sensor
06-20 15:09:48.843   151   151 I SensorService: GP2A Light sensor
06-20 15:09:48.843   151   151 I SensorService: GP2A Proximity sensor
06-20 15:09:48.843   151   151 I SensorService: K3G Gyroscope sensor
06-20 15:09:48.843   151   151 I sysproc : System server: starting Android runtime.
06-20 15:09:48.843   151   151 I sysproc : System server: starting Android services.
06-20 15:09:48.843   151   151 I SystemServer: Entered the Android system server!
06-20 15:09:48.847   151   166 D SensorService: nuSensorService thread starting...
06-20 15:09:48.847   151   151 I sysproc : System server: entering thread pool.
06-20 15:09:48.847   151   167 I SystemServer: Entropy Service
06-20 15:09:48.910   151   167 I SystemServer: Power Manager
06-20 15:09:48.917   151   167 I SystemServer: Activity Manager
06-20 15:09:48.937   151   168 I ActivityManager: Memory class: 64
06-20 15:09:49.058   151   153 D dalvikvm: GC_CONCURRENT freed 230K, 4% free 9259K/9607K, paused 2ms+3ms
06-20 15:09:49.066   151   168 I ActivityManager: Enabled StrictMode logging for AThread's Looper
06-20 15:09:49.066   151   167 I SystemServer: Telephony Registry
06-20 15:09:49.070   151   167 I SystemServer: Package Manager
06-20 15:09:49.187   151   153 D dalvikvm: GC_CONCURRENT freed 448K, 6% free 9286K/9863K, paused 4ms+2ms
06-20 15:09:49.191   151   172 D StrictMode: No activity manager; failed to Dropbox violation.
06-20 15:09:49.343   151   153 D dalvikvm: GC_CONCURRENT freed 347K, 5% free 9422K/9863K, paused 2ms+2ms
06-20 15:09:49.414   151   167 I dalvikvm: DexOpt: source file mod time mismatch (40d27476 vs 40d28348)
06-20 15:09:49.414    83    83 I installd: new connection
06-20 15:09:49.414   151   167 I Installer: connecting...
06-20 15:09:49.472   173   173 D dalvikvm: DexOpt: load 5ms, verify+opt 22ms
06-20 15:09:50.007   151   167 I dalvikvm: DexOpt: source file mod time mismatch (40d27475 vs 40d28347)
06-20 15:09:50.066   174   174 D dalvikvm: DexOpt: load 3ms, verify+opt 4ms
06-20 15:09:50.382   151   167 I dalvikvm: DexOpt: source file mod time mismatch (40d2747d vs 40d2834c)
06-20 15:09:50.546   175   175 D dalvikvm: DexOpt: load 18ms, verify+opt 72ms
06-20 15:09:50.621   151   167 I dalvikvm: DexOpt: source file mod time mismatch (40d27475 vs 40d28347)
06-20 15:09:50.671   176   176 D dalvikvm: DexOpt: load 4ms, verify+opt 4ms
06-20 15:09:50.710   151   167 I dalvikvm: DexOpt: source file mod time mismatch (40d27475 vs 40d28347)
06-20 15:09:50.765   177   177 D dalvikvm: DexOpt: load 4ms, verify+opt 2ms
06-20 15:09:50.804   151   167 I dalvikvm: DexOpt: source file mod time mismatch (40d27473 vs 40d28347)
06-20 15:09:50.882   178   178 D dalvikvm: DexOpt: load 4ms, verify+opt 25ms
06-20 15:09:50.925   151   167 I dalvikvm: DexOpt: source file mod time mismatch (40d27474 vs 40d28347)
06-20 15:09:50.980   179   179 D dalvikvm: DexOpt: load 4ms, verify+opt 5ms
06-20 15:09:51.015   151   167 I dalvikvm: DexOpt: source file mod time mismatch (40d27474 vs 40d28347)
06-20 15:09:51.074   180   180 D dalvikvm: DexOpt: load 3ms, verify+opt 3ms
06-20 15:09:51.214   151   167 I dalvikvm: DexOpt: source file mod time mismatch (40d27475 vs 40d28347)
06-20 15:09:51.261   181   181 D dalvikvm: DexOpt: load 3ms, verify+opt 3ms
06-20 15:09:51.289   151   167 I dalvikvm: DexOpt: source file mod time mismatch (40d27475 vs 40d28348)
06-20 15:09:51.339   182   182 D dalvikvm: DexOpt: load 4ms, verify+opt 5ms
06-20 15:09:51.378   151   167 I dalvikvm: DexOpt: source file mod time mismatch (40d2747a vs 40d2834a)
06-20 15:09:51.496   183   183 D dalvikvm: DexOpt: load 7ms, verify+opt 54ms
06-20 15:09:51.542   151   167 I dalvikvm: DexOpt: source file mod time mismatch (40d27478 vs 40d2834a)
06-20 15:09:51.613   184   184 D dalvikvm: DexOpt: load 4ms, verify+opt 17ms
06-20 15:09:51.667   151   167 I dalvikvm: DexOpt: source file mod time mismatch (40d27476 vs 40d28348)
06-20 15:09:51.714   185   185 D dalvikvm: DexOpt: load 3ms, verify+opt 7ms
06-20 15:09:51.750   151   167 I dalvikvm: DexOpt: source file mod time mismatch (40d27476 vs 40d28348)
06-20 15:09:51.808   186   186 D dalvikvm: DexOpt: load 4ms, verify+opt 5ms
06-20 15:09:52.101   151   167 I PackageManager: /system/framework/framework-res.apk changed; collecting certs
06-20 15:09:52.191   151   153 D dalvikvm: GC_CONCURRENT freed 247K, 4% free 9740K/10055K, paused 2ms+3ms
06-20 15:09:52.289   151   153 D dalvikvm: GC_CONCURRENT freed 256K, 4% free 10043K/10375K, paused 2ms+2ms
06-20 15:09:52.324   151   167 D dalvikvm: GC_FOR_ALLOC freed 211K, 4% free 10166K/10567K, paused 19ms
06-20 15:09:52.328   151   167 I dalvikvm-heap: Grow heap (frag case) to 10.241MB for 260112-byte allocation
06-20 15:09:52.351   151   167 D dalvikvm: GC_FOR_ALLOC freed 126K, 5% free 10294K/10823K, paused 22ms
06-20 15:09:52.375   151   167 D dalvikvm: GC_FOR_ALLOC freed 312K, 6% free 10292K/10887K, paused 17ms
06-20 15:09:52.394   151   167 D dalvikvm: GC_FOR_ALLOC freed 62K, 5% free 10356K/10887K, paused 16ms
06-20 15:09:52.414   151   167 D dalvikvm: GC_FOR_ALLOC freed 126K, 4% free 10484K/10887K, paused 17ms
06-20 15:09:52.437   151   167 D dalvikvm: GC_FOR_ALLOC freed 308K, 6% free 10480K/11079K, paused 19ms
06-20 15:09:52.457   151   167 D dalvikvm: GC_FOR_ALLOC freed 62K, 5% free 10544K/11079K, paused 17ms
06-20 15:09:52.457   151   167 I dalvikvm-heap: Grow heap (frag case) to 10.610MB for 260112-byte allocation
06-20 15:09:52.476   151   167 D dalvikvm: GC_FOR_ALLOC freed 126K, 6% free 10672K/11335K, paused 17ms
06-20 15:09:52.574   151   153 D dalvikvm: GC_CONCURRENT freed 320K, 5% free 10863K/11335K, paused 2ms+2ms
06-20 15:09:52.714   151   153 D dalvikvm: GC_CONCURRENT freed 117K, 2% free 11279K/11463K, paused 1ms+3ms
06-20 15:09:52.847   151   153 D dalvikvm: GC_CONCURRENT freed 123K, 2% free 11720K/11911K, paused 2ms+3ms
06-20 15:09:52.984   151   153 D dalvikvm: GC_CONCURRENT freed 522K, 5% free 11898K/12487K, paused 2ms+3ms
06-20 15:09:53.167   151   153 D dalvikvm: GC_CONCURRENT freed 174K, 2% free 12502K/12743K, paused 2ms+3ms
06-20 15:09:53.257   151   167 I PackageManager: /system/app/ApplicationsProvider.apk changed; collecting certs
06-20 15:09:53.285   151   167 I PackageManager: /system/app/BackupRestoreConfirmation.apk changed; collecting certs
06-20 15:09:53.367   151   167 W PackageParser: No actions in intent filter at /system/app/Bluetooth.apk Binary XML file line #125
06-20 15:09:53.375   151   167 I PackageManager: /system/app/Bluetooth.apk changed; collecting certs
06-20 15:09:53.437   151   153 D dalvikvm: GC_CONCURRENT freed 893K, 8% free 12486K/13447K, paused 7ms+18ms
06-20 15:09:53.515   151   167 I PackageManager: /system/app/Browser.apk changed; collecting certs
06-20 15:09:53.671   151   153 D dalvikvm: GC_CONCURRENT freed 3305K, 26% free 10047K/13447K, paused 1ms+3ms
06-20 15:09:53.683   151   167 I PackageManager: /system/app/Calculator.apk changed; collecting certs
06-20 15:09:53.781   151   167 I PackageManager: /system/app/Calendar.apk changed; collecting certs
06-20 15:09:53.847   151   153 D dalvikvm: GC_CONCURRENT freed 407K, 25% free 10142K/13447K, paused 2ms+9ms
06-20 15:09:54.121   151   167 I PackageManager: /system/app/CalendarProvider.apk changed; collecting certs
06-20 15:09:54.128   151   153 D dalvikvm: GC_CONCURRENT freed 667K, 26% free 10000K/13447K, paused 2ms+11ms
06-20 15:09:54.164   151   167 I PackageManager: /system/app/Camera.apk changed; collecting certs
06-20 15:09:54.257   151   153 D dalvikvm: GC_CONCURRENT freed 351K, 25% free 10160K/13447K, paused 2ms+4ms
06-20 15:09:54.375   151   153 D dalvikvm: GC_CONCURRENT freed 538K, 25% free 10140K/13447K, paused 2ms+3ms
06-20 15:09:54.382   151   167 I PackageManager: /system/app/CertInstaller.apk changed; collecting certs
06-20 15:09:54.406   151   167 I PackageManager: /system/app/ChromeBookmarksSyncAdapter.apk changed; collecting certs
06-20 15:09:54.570   151   167 W PackageParser: No actions in intent filter at /system/app/Contacts.apk Binary XML file line #525
06-20 15:09:54.582   151   167 I PackageManager: /system/app/Contacts.apk changed; collecting certs
06-20 15:09:54.652   151   153 D dalvikvm: GC_CONCURRENT freed 364K, 24% free 10287K/13447K, paused 2ms+5ms
06-20 15:09:54.695   151   153 D dalvikvm: GC_CONCURRENT freed 813K, 26% free 9986K/13447K, paused 2ms+3ms
06-20 15:09:54.808   151   153 D dalvikvm: GC_CONCURRENT freed 260K, 24% free 10237K/13447K, paused 2ms+4ms
06-20 15:09:54.867   151   167 I PackageManager: /system/app/ContactsProvider.apk changed; collecting certs
06-20 15:09:54.914   151   167 I PackageManager: /system/app/DefaultContainerService.apk changed; collecting certs
06-20 15:09:54.941   151   153 D dalvikvm: GC_CONCURRENT freed 324K, 23% free 10424K/13447K, paused 2ms+7ms
06-20 15:09:54.968   151   167 I PackageManager: /system/app/DeskClock.apk changed; collecting certs
06-20 15:09:55.082   151   167 I PackageManager: /system/app/DownloadProvider.apk changed; collecting certs
06-20 15:09:55.093   151   153 D dalvikvm: GC_CONCURRENT freed 942K, 26% free 10050K/13447K, paused 2ms+4ms
06-20 15:09:55.109   151   167 I PackageManager: /system/app/DownloadProviderUi.apk changed; collecting certs
06-20 15:09:55.132   151   167 I PackageManager: /system/app/DrmProvider.apk changed; collecting certs
06-20 15:09:55.265   151   167 I PackageManager: /system/app/Email.apk changed; collecting certs
06-20 15:09:55.328   151   153 D dalvikvm: GC_CONCURRENT freed 450K, 25% free 10104K/13447K, paused 2ms+5ms
06-20 15:09:55.414   151   153 D dalvikvm: GC_CONCURRENT freed 499K, 25% free 10116K/13447K, paused 2ms+4ms
06-20 15:09:55.468   151   167 I PackageManager: /system/app/Exchange.apk changed; collecting certs
06-20 15:09:55.570   151   167 I PackageManager: /system/app/Gallery2.apk changed; collecting certs
06-20 15:09:55.601   151   153 D dalvikvm: GC_CONCURRENT freed 353K, 24% free 10262K/13447K, paused 6ms+7ms
06-20 15:09:55.691   151   153 D dalvikvm: GC_CONCURRENT freed 685K, 25% free 10088K/13447K, paused 2ms+3ms
06-20 15:09:55.722   151   167 I PackageManager: /system/app/GenieWidget.apk changed; collecting certs
06-20 15:09:55.820   151   153 D dalvikvm: GC_CONCURRENT freed 318K, 24% free 10282K/13447K, paused 2ms+5ms
06-20 15:09:55.914   151   167 I PackageManager: /system/app/Gmail.apk changed; collecting certs
06-20 15:09:55.980   151   153 D dalvikvm: GC_CONCURRENT freed 562K, 24% free 10231K/13447K, paused 2ms+4ms
06-20 15:09:56.054   151   153 D dalvikvm: GC_CONCURRENT freed 691K, 26% free 10052K/13447K, paused 3ms+2ms
06-20 15:09:56.171   151   153 D dalvikvm: GC_CONCURRENT freed 203K, 23% free 10360K/13447K, paused 1ms+3ms
06-20 15:09:56.191   151   167 I PackageManager: /system/app/GoogleBackupTransport.apk changed; collecting certs
06-20 15:09:56.214   151   167 I PackageManager: /system/app/GoogleCalendarSyncAdapter.apk changed; collecting certs
06-20 15:09:56.257   151   167 I PackageManager: /system/app/GoogleContactsSyncAdapter.apk changed; collecting certs
06-20 15:09:56.324   151   167 I PackageManager: /system/app/GoogleFeedback.apk changed; collecting certs
06-20 15:09:56.339   151   153 D dalvikvm: GC_CONCURRENT freed 413K, 23% free 10458K/13447K, paused 9ms+6ms
06-20 15:09:56.480   151   167 I PackageManager: /system/app/GoogleLoginService.apk changed; collecting certs
06-20 15:09:56.550   151   153 D dalvikvm: GC_CONCURRENT freed 830K, 25% free 10123K/13447K, paused 2ms+9ms
06-20 15:09:56.660   151   153 D dalvikvm: GC_CONCURRENT freed 347K, 24% free 10287K/13447K, paused 1ms+3ms
06-20 15:09:56.675   151   167 I PackageManager: /system/app/GooglePartnerSetup.apk changed; collecting certs
06-20 15:09:56.703   151   167 W ResourceType: Failure getting entry for 0x7f02004b (t=1 e=75) in package 0 (error -75)
06-20 15:09:56.707   151   167 I PackageManager: /system/app/GoogleQuickSearchBox.apk changed; collecting certs
06-20 15:09:56.792   151   153 D dalvikvm: GC_CONCURRENT freed 331K, 23% free 10468K/13447K, paused 2ms+7ms
06-20 15:09:56.878   151   167 I PackageManager: /system/app/GoogleServicesFramework.apk changed; collecting certs
06-20 15:09:56.953   151   153 D dalvikvm: GC_CONCURRENT freed 635K, 24% free 10298K/13447K, paused 2ms+6ms
06-20 15:09:56.960   151   167 I PackageManager: /system/app/GoogleTTS.apk changed; collecting certs
06-20 15:09:56.984   151   167 I PackageManager: /system/app/HTMLViewer.apk changed; collecting certs
06-20 15:09:57.003   151   167 I PackageManager: /system/app/KeyChain.apk changed; collecting certs
06-20 15:09:57.078   151   153 D dalvikvm: GC_CONCURRENT freed 548K, 25% free 10198K/13447K, paused 2ms+5ms
06-20 15:09:57.089   151   167 I PackageManager: /system/app/LatinIME.apk changed; collecting certs
06-20 15:09:57.187   151   153 D dalvikvm: GC_CONCURRENT freed 412K, 24% free 10297K/13447K, paused 4ms+3ms
06-20 15:09:57.281   151   153 D dalvikvm: GC_CONCURRENT freed 339K, 23% free 10470K/13447K, paused 2ms+3ms
06-20 15:09:57.398   151   153 D dalvikvm: GC_CONCURRENT freed 229K, 21% free 10752K/13447K, paused 2ms+4ms
06-20 15:09:57.425   151   167 I PackageManager: /system/app/Launcher2.apk changed; collecting certs
06-20 15:09:57.542   151   153 D dalvikvm: GC_CONCURRENT freed 379K, 20% free 10885K/13447K, paused 1ms+7ms
06-20 15:09:57.601   151   167 I PackageManager: /system/app/LiveWallpapers.apk changed; collecting certs
06-20 15:09:57.683   151   167 I PackageManager: /system/app/LiveWallpapersPicker.apk changed; collecting certs
06-20 15:09:57.699   151   153 D dalvikvm: GC_CONCURRENT freed 992K, 23% free 10405K/13447K, paused 3ms+4ms
06-20 15:09:57.906   151   167 I PackageManager: /system/app/Maps.apk changed; collecting certs
06-20 15:09:57.933   151   153 D dalvikvm: GC_CONCURRENT freed 476K, 23% free 10440K/13447K, paused 2ms+4ms
06-20 15:09:58.042   151   153 D dalvikvm: GC_CONCURRENT freed 255K, 21% free 10697K/13447K, paused 3ms+3ms
06-20 15:09:58.128   151   153 D dalvikvm: GC_CONCURRENT freed 323K, 20% free 10863K/13447K, paused 1ms+2ms
06-20 15:09:58.156   151   167 D dalvikvm: GC_FOR_ALLOC freed 408K, 19% free 10940K/13447K, paused 23ms
06-20 15:09:58.203   151   153 D dalvikvm: GC_CONCURRENT freed 218K, 17% free 11164K/13447K, paused 1ms+3ms
06-20 15:09:58.230   151   167 D dalvikvm: GC_FOR_ALLOC freed 370K, 17% free 11207K/13447K, paused 23ms
06-20 15:09:58.296   151   153 D dalvikvm: GC_CONCURRENT freed 150K, 14% free 11601K/13447K, paused 3ms+5ms
06-20 15:09:58.449   151   153 D dalvikvm: GC_CONCURRENT freed 395K, 12% free 11851K/13447K, paused 2ms+3ms
06-20 15:09:58.613   151   153 D dalvikvm: GC_CONCURRENT freed 152K, 8% free 12405K/13447K, paused 2ms+3ms
06-20 15:09:58.781   151   153 D dalvikvm: GC_CONCURRENT freed 528K, 6% free 12722K/13447K, paused 2ms+3ms
06-20 15:09:58.929   151   167 I PackageManager: /system/app/MarketUpdater.apk changed; collecting certs
06-20 15:09:58.984   151   167 I PackageManager: /system/app/MediaProvider.apk changed; collecting certs
06-20 15:09:59.019   151   153 D dalvikvm: GC_CONCURRENT freed 765K, 7% free 12933K/13767K, paused 1ms+20ms
06-20 15:09:59.050   151   167 I PackageManager: /system/app/MediaUploader.apk changed; collecting certs
06-20 15:09:59.144   151   167 I PackageManager: /system/app/Mms.apk changed; collecting certs
06-20 15:09:59.253   151   167 I PackageManager: /system/app/Music.apk changed; collecting certs
06-20 15:09:59.312   151   153 D dalvikvm: GC_CONCURRENT freed 3202K, 24% free 10753K/14023K, paused 2ms+5ms
06-20 15:09:59.386   151   167 I PackageManager: /system/app/MusicFX.apk changed; collecting certs
06-20 15:09:59.425   151   153 D dalvikvm: GC_CONCURRENT freed 630K, 25% free 10634K/14023K, paused 1ms+5ms
06-20 15:09:59.445   151   167 I PackageManager: /system/app/NetworkLocation.apk changed; collecting certs
06-20 15:09:59.468   151   167 I PackageManager: /system/app/Nfc.apk changed; collecting certs
06-20 15:09:59.500   151   167 I PackageManager: /system/app/OneTimeInitializer.apk changed; collecting certs
06-20 15:09:59.578   151   167 I PackageManager: /system/app/OpenWnn.apk changed; collecting certs
06-20 15:09:59.597   151   153 D dalvikvm: GC_CONCURRENT freed 566K, 25% free 10579K/14023K, paused 12ms+4ms
06-20 15:09:59.667   151   153 D dalvikvm: GC_CONCURRENT freed 404K, 24% free 10660K/14023K, paused 2ms+3ms
06-20 15:09:59.773   151   153 D dalvikvm: GC_CONCURRENT freed 281K, 23% free 10891K/14023K, paused 2ms+3ms
06-20 15:09:59.863   151   167 I PackageManager: /system/app/PackageInstaller.apk changed; collecting certs
06-20 15:09:59.902   151   153 D dalvikvm: GC_CONCURRENT freed 388K, 22% free 11014K/14023K, paused 1ms+6ms
06-20 15:10:00.062   151   167 I PackageManager: /system/app/Phone.apk changed; collecting certs
06-20 15:10:00.183   151   153 D dalvikvm: GC_CONCURRENT freed 825K, 24% free 10701K/14023K, paused 2ms+3ms
06-20 15:10:00.207   151   167 I PackageManager: /system/app/PhoneLabServices.apk changed; collecting certs
06-20 15:10:00.226   151   167 I dalvikvm: DexOpt: source file CRC mismatch (1d3c2c32 vs 27070d24)
06-20 15:10:00.234   151   167 I PackageManager: /system/app/PicoTts.apk changed; collecting certs
06-20 15:10:00.308   151   167 I PackageManager: /system/app/PinyinIME.apk changed; collecting certs
06-20 15:10:00.343   151   153 D dalvikvm: GC_CONCURRENT freed 411K, 24% free 10797K/14023K, paused 12ms+5ms
06-20 15:10:00.390   151   167 I PackageManager: /system/app/Provision.apk changed; collecting certs
06-20 15:10:00.445   151   167 I PackageManager: /system/app/QuickSearchBox.apk changed; collecting certs
06-20 15:10:00.460   151   153 D dalvikvm: GC_CONCURRENT freed 574K, 24% free 10734K/14023K, paused 2ms+4ms
06-20 15:10:00.562   151   153 D dalvikvm: GC_CONCURRENT freed 442K, 24% free 10710K/14023K, paused 2ms+4ms
06-20 15:10:00.910   151   167 I PackageManager: /system/app/Settings.apk changed; collecting certs
06-20 15:10:01.011   151   153 D dalvikvm: GC_CONCURRENT freed 227K, 22% free 10967K/14023K, paused 2ms+4ms
06-20 15:10:01.089   151   153 D dalvikvm: GC_CONCURRENT freed 549K, 23% free 10929K/14023K, paused 1ms+3ms
06-20 15:10:01.210   151   153 D dalvikvm: GC_CONCURRENT freed 227K, 21% free 11214K/14023K, paused 2ms+3ms
06-20 15:10:01.261   151   167 I PackageManager: /system/app/SettingsProvider.apk changed; collecting certs
06-20 15:10:01.277   151   167 I PackageManager: /system/app/SharedStorageBackup.apk changed; collecting certs
06-20 15:10:01.335   151   167 I PackageManager: /system/app/SoundRecorder.apk changed; collecting certs
06-20 15:10:01.359   151   153 D dalvikvm: GC_CONCURRENT freed 383K, 19% free 11371K/14023K, paused 2ms+8ms
06-20 15:10:01.390   151   167 I PackageManager: /system/app/SprintMenu.apk changed; collecting certs
06-20 15:10:01.460   151   167 I PackageManager: /system/app/SystemUI.apk changed; collecting certs
06-20 15:10:01.558   151   153 D dalvikvm: GC_CONCURRENT freed 1048K, 23% free 10881K/14023K, paused 3ms+4ms
06-20 15:10:01.656   151   153 D dalvikvm: GC_CONCURRENT freed 344K, 22% free 11049K/14023K, paused 2ms+4ms
06-20 15:10:01.714   151   167 I PackageManager: /system/app/SystemUpdateUI.apk changed; collecting certs
06-20 15:10:01.765   151   167 I PackageManager: /system/app/Tag.apk changed; collecting certs
06-20 15:10:01.785   151   153 D dalvikvm: GC_CONCURRENT freed 358K, 21% free 11200K/14023K, paused 2ms+7ms
06-20 15:10:01.839   151   167 I PackageManager: /system/app/Talk.apk changed; collecting certs
06-20 15:10:01.929   151   153 D dalvikvm: GC_CONCURRENT freed 755K, 22% free 10982K/14023K, paused 2ms+4ms
06-20 15:10:02.015   151   153 D dalvikvm: GC_CONCURRENT freed 438K, 22% free 11056K/14023K, paused 1ms+6ms
06-20 15:10:02.117   151   167 I PackageManager: /system/app/TelephonyProvider.apk changed; collecting certs
06-20 15:10:02.136   151   153 D dalvikvm: GC_CONCURRENT freed 244K, 20% free 11323K/14023K, paused 2ms+3ms
06-20 15:10:02.152   151   167 I PackageManager: /system/app/UserDictionaryProvider.apk changed; collecting certs
06-20 15:10:02.277   151   167 I PackageManager: /system/app/Vending.apk changed; collecting certs
06-20 15:10:02.375   151   153 D dalvikvm: GC_CONCURRENT freed 394K, 19% free 11498K/14023K, paused 2ms+6ms
06-20 15:10:02.449   151   153 D dalvikvm: GC_CONCURRENT freed 934K, 21% free 11182K/14023K, paused 2ms+3ms
06-20 15:10:02.574   151   153 D dalvikvm: GC_CONCURRENT freed 116K, 18% free 11561K/14023K, paused 2ms+3ms
06-20 15:10:02.718   151   167 I PackageManager: /system/app/VideoEditor.apk changed; collecting certs
06-20 15:10:02.730   151   153 D dalvikvm: GC_CONCURRENT freed 333K, 16% free 11861K/14023K, paused 1ms+3ms
06-20 15:10:02.796   151   167 I PackageManager: /system/app/VisualizationWallpapers.apk changed; collecting certs
06-20 15:10:02.863   151   167 I PackageManager: /system/app/VoiceDialer.apk changed; collecting certs
06-20 15:10:02.890   151   153 D dalvikvm: GC_CONCURRENT freed 533K, 15% free 12038K/14023K, paused 2ms+10ms
06-20 15:10:03.003   151   167 I PackageManager: /system/app/VoiceSearch.apk changed; collecting certs
06-20 15:10:03.136   151   153 D dalvikvm: GC_CONCURRENT freed 1580K, 21% free 11193K/14023K, paused 2ms+4ms
06-20 15:10:03.179   151   167 I PackageManager: /system/app/VpnDialogs.apk changed; collecting certs
06-20 15:10:03.195   151   167 I PackageManager: /system/app/WAPPushManager.apk changed; collecting certs
06-20 15:10:03.257   151   167 I PackageManager: /system/app/WiMAXHiddenMenu.apk changed; collecting certs
06-20 15:10:03.257   151   167 W PackageParser: Unknown element under <application>: category at /system/app/WiMAXHiddenMenu.apk Binary XML file line #289
06-20 15:10:03.281   151   153 D dalvikvm: GC_CONCURRENT freed 468K, 20% free 11267K/14023K, paused 2ms+6ms
06-20 15:10:03.316   151   167 I PackageManager: /system/app/WiMAXSettings.apk changed; collecting certs
06-20 15:10:03.339   151   167 D PackageManager: No files in app dir /vendor/app
06-20 15:10:03.343   151   167 I PackageManager: Time to scan packages: 13.935 seconds
06-20 15:10:03.351   151   167 W PackageManager: Unknown permission com.android.vending.permission.UPDATE_MARKET_FAILURE in package com.android.vending.updater
06-20 15:10:03.355   151   167 W PackageManager: Unknown permission android.permission.ADD_SYSTEM_SERVICE in package com.android.phone
06-20 15:10:03.363   151   167 W PackageManager: Unknown permission com.google.android.apps.googlevoice.permission.AUTO_SEND in package com.google.android.voicesearch
06-20 15:10:03.402   151   167 W PackageManager: Unknown permission com.android.vending.billing.IBillingAccountService.BIND2 in package com.google.android.gsf.login
06-20 15:10:03.402   151   167 W PackageManager: Not granting permission android.permission.SEND_DOWNLOAD_COMPLETED_INTENTS to package com.android.browser (protectionLevel=2 flags=0x9be45)
06-20 15:10:03.410   151   167 W PackageManager: Unknown permission android.permission.WRITE_CDMA_CARRIER_SETTINGS in package com.android.sprintmenu
06-20 15:10:03.410   151   167 W PackageManager: Unknown permission android.permission.CHANGE_DUN_STATE in package com.android.sprintmenu
06-20 15:10:03.410   151   167 W PackageManager: Unknown permission android.permission.READ_EXTERNAL_STORAGE in package com.android.videoeditor
06-20 15:10:03.421   151   167 W PackageManager: Unknown permission android.permission.READ_EXTERNAL_STORAGE in package com.android.vending
06-20 15:10:03.425   151   167 W PackageManager: Unknown permission com.sprint.internal.permission.CONNECTIONMANAGER in package com.samsung.update
06-20 15:10:03.425   151   167 W PackageManager: Unknown permission com.sprint.internal.permission.SYSTEMPROPERTIES in package com.samsung.update
06-20 15:10:03.425   151   167 W PackageManager: Unknown permission com.sprint.internal.permission.SYSTEMPROPERTIES_WRITE in package com.samsung.update
06-20 15:10:03.429   151   167 W PackageManager: Unknown permission com.android.providers.im.permission.READ_ONLY in package com.google.android.apps.maps
06-20 15:10:03.429   151   167 W PackageManager: Not granting permission android.permission.DEVICE_POWER to package com.android.deskclock (protectionLevel=2 flags=0x8be45)
06-20 15:10:03.441   151   167 W PackageManager: Unknown permission android.permission.FLAG_RECEIVER_REGISTERED_ONLY_BEFORE_BOOT in package com.samsung.wimax
06-20 15:10:03.476   151   153 D dalvikvm: GC_CONCURRENT freed 804K, 22% free 11065K/14023K, paused 9ms+4ms
06-20 15:10:03.597   151   167 D dalvikvm: GC_EXPLICIT freed 326K, 23% free 10818K/14023K, paused 14ms+2ms
06-20 15:10:03.609   151   167 I SystemServer: Account Manager
06-20 15:10:03.621   151   167 D PackageManager: generateServicesMap(android.accounts.AccountAuthenticator): 3 services unchanged
06-20 15:10:03.648   151   167 I SystemServer: Content Manager
06-20 15:10:03.816   151   167 D PackageManager: generateServicesMap(android.content.SyncAdapter): 9 services unchanged
06-20 15:10:03.820   151   167 I ActivityThread: Pub settings: com.android.providers.settings.SettingsProvider
06-20 15:10:03.820   151   167 I SystemServer: System Content Providers
06-20 15:10:04.082   151   190 D SettingsProvider: cache for settings table 'secure' rows=46; fullycached=true
06-20 15:10:04.085   151   190 D SettingsProvider: cache for settings table 'system' rows=53; fullycached=true
06-20 15:10:04.199   151   167 I SystemServer: Lights Service
06-20 15:10:04.203   151   153 D dalvikvm: GC_CONCURRENT freed 264K, 22% free 11051K/14023K, paused 2ms+3ms
06-20 15:10:04.203   151   167 I SystemServer: Battery Service
06-20 15:10:04.210   151   167 I SystemServer: Vibrator Service
06-20 15:10:04.234   151   167 I power   : *** set_screen_state 1
06-20 15:10:04.234   151   167 I SystemServer: Alarm Manager
06-20 15:10:04.238   151   167 D AlarmManagerService: Kernel timezone updated to 240 minutes west of GMT
06-20 15:10:04.242   151   167 I SystemServer: Init Watchdog
06-20 15:10:04.242   151   167 I SystemServer: Window Manager
06-20 15:10:04.250   151   195 I InputManager: Initializing input manager
06-20 15:10:04.257   151   196 W StatusBarManager: warning: no STATUS_BAR_SERVICE
06-20 15:10:04.277   151   195 I InputManager: Starting input manager
06-20 15:10:04.277   151   195 I WindowManager: Enabled StrictMode logging for WMThread's Looper
06-20 15:10:04.277   151   167 I SystemServer: Bluetooth Service
06-20 15:10:04.285   151   196 I WindowManager: Enabled StrictMode for PolicyThread's Looper
06-20 15:10:04.292   151   167 I BluetoothProfileState: Message:Entering Stable State
06-20 15:10:04.316   151   201 D EventHub: No input device configuration file found for device 'compass'.
06-20 15:10:04.324   151   201 D EventHub: No input device configuration file found for device 'cypress-touchkey'.
06-20 15:10:04.335   151   201 I EventHub: New device: id=2, fd=111, path='/dev/input/event5', name='cypress-touchkey', classes=0x1, configuration='', keyLayout='/system/usr/keylayout/cypress-touchkey.kl', keyCharacterMap='/system/usr/keychars/cypress-touchkey.kcm', builtinKeyboard=false
06-20 15:10:04.335   151   201 D EventHub: No input device configuration file found for device 'lightsensor-level'.
06-20 15:10:04.343   151   201 D EventHub: No input device configuration file found for device 'proximity'.
06-20 15:10:04.351   151   201 D EventHub: No input device configuration file found for device 'herring-keypad'.
06-20 15:10:04.351   151   201 I EventHub: New device: id=5, fd=112, path='/dev/input/event2', name='herring-keypad', classes=0x1, configuration='', keyLayout='/system/usr/keylayout/herring-keypad.kl', keyCharacterMap='/system/usr/keychars/herring-keypad.kcm', builtinKeyboard=false
06-20 15:10:04.351   151   201 D EventHub: No input device configuration file found for device 'gyro'.
06-20 15:10:04.351   151   167 I BluetoothProfileState: Message:Entering Stable State
06-20 15:10:04.351   151   167 I BluetoothProfileState: Message:Entering Stable State
06-20 15:10:04.355   151   167 I SystemServer: Input Method Service
06-20 15:10:04.359   151   206 D BluetoothAdapterStateMachine: PowerOff process message: 5
06-20 15:10:04.363   151   201 I EventHub: New device: id=7, fd=122, path='/dev/input/event0', name='mxt224_ts_input', classes=0x14, configuration='/system/usr/idc/mxt224_ts_input.idc', keyLayout='', keyCharacterMap='', builtinKeyboard=false
06-20 15:10:04.363   151   201 I InputReader:   Touch device 'mxt224_ts_input' could not query the properties of its associated display 0.  The device will be inoperable until the display size becomes available.
06-20 15:10:04.363   151   201 I InputReader: Device added: id=7, name='mxt224_ts_input', sources=0x00001002
06-20 15:10:04.363   151   201 I InputReader: Device added: id=5, name='herring-keypad', sources=0x00000101
06-20 15:10:04.363   151   201 I InputReader: Device added: id=2, name='cypress-touchkey', sources=0x00000101
06-20 15:10:04.363   151   167 W InputManagerService: Couldn't create dir.: /data/system/inputmethod
06-20 15:10:04.402   151   167 W ResourceType: Failure getting entry for 0x7f060000 (t=5 e=0) in package 0 (error -75)
06-20 15:10:04.417   151   167 I SystemServer: Accessibility Manager
06-20 15:10:04.421   151   201 I InputReader: Reconfiguring input devices.  changes=0x00000004
06-20 15:10:04.421   151   201 I InputReader: Device reconfigured: id=7, name='mxt224_ts_input', surface size is now 480x800, mode is 1
06-20 15:10:04.425   151   167 I ActivityManager: Config changed: {1.0 0mcc0mnc en_US layoutdir=0 sw320dp w320dp h508dp nrml long port ?uimode ?night finger -keyb/v/h -nav/h s.2}
06-20 15:10:04.429    78    78 D PermissionCache: checking android.permission.ACCESS_SURFACE_FLINGER for uid=1000 => granted (681 us)
06-20 15:10:04.441   151   167 I dalvikvm: DexOpt: source file CRC mismatch (1d3c2c32 vs 27070d24)
06-20 15:10:04.457   151   167 I PackageManager: Running dexopt on: edu.buffalo.cse.phonelab.phonelabservices
06-20 15:10:04.519   151   206 I bluedroid: Starting hciattach daemon
06-20 15:10:04.519   151   206 I bluedroid: bt_enable: ret: -1, errno: 19
06-20 15:10:04.539    78    78 I SurfaceFlinger: Boot is finished (37670 ms)
06-20 15:10:04.617   151   153 D dalvikvm: GC_CONCURRENT freed 331K, 21% free 11151K/14023K, paused 2ms+9ms
06-20 15:10:04.617   151   206 I bluedroid: bt_enable: ret: -1, errno: 19
06-20 15:10:04.718   151   206 I bluedroid: bt_enable: ret: -1, errno: 19
06-20 15:10:04.812   214   214 D dalvikvm: DexOpt: load 15ms, verify+opt 163ms
06-20 15:10:04.820   151   206 I bluedroid: bt_enable: ret: -1, errno: 19
06-20 15:10:04.855   151   167 I SystemServer: Device Policy
06-20 15:10:04.863   151   167 I SystemServer: Status Bar
06-20 15:10:04.871   151   167 I SystemServer: Clipboard Service
06-20 15:10:04.878   151   167 I SystemServer: NetworkManagement Service
06-20 15:10:04.882   151   167 I SystemServer: Text Service Manager Service
06-20 15:10:04.886   151   167 I SystemServer: NetworkStats Service
06-20 15:10:04.890   151   167 I SystemServer: NetworkPolicy Service
06-20 15:10:04.894   151   167 I SystemServer: Wi-Fi P2pService
06-20 15:10:04.894   151   167 I SystemServer: Wi-Fi Service
06-20 15:10:04.910    75   116 E CommandListener: Failed to open /proc/sys/net/ipv6/conf/wlan0/disable_ipv6: No such file or directory
06-20 15:10:04.910   151   167 E WifiStateMachine: Failed to disable IPv6: java.lang.IllegalStateException: Unable to communicate to native daemon for disabling ipv6
06-20 15:10:04.914   151   167 I SystemServer: Connectivity Service
06-20 15:10:04.914   151   167 D ConnectivityService: ConnectivityService starting up
06-20 15:10:04.917   151   206 I bluedroid: bt_enable: ret: -1, errno: 19
06-20 15:10:04.917   151   167 E ConnectivityService: Ignoring protectedNetwork 10
06-20 15:10:04.917   151   167 E ConnectivityService: Ignoring protectedNetwork 11
06-20 15:10:04.917   151   167 E ConnectivityService: Ignoring protectedNetwork 12
06-20 15:10:04.921   151   167 D ConnectivityService: wimaxJarLocation: /vendor/lib/wimax_service.jar
06-20 15:10:04.980   151   167 D dalvikvm: DexOpt: --- BEGIN 'wimax_service.jar' (bootstrap=0) ---
06-20 15:10:05.019   151   206 I bluedroid: bt_enable: ret: -1, errno: 19
06-20 15:10:05.121   151   206 I bluedroid: bt_enable: ret: -1, errno: 19
06-20 15:10:05.148   224   224 D dalvikvm: DexOpt: load 14ms, verify+opt 99ms
06-20 15:10:05.179   151   167 D dalvikvm: DexOpt: --- END 'wimax_service.jar' (success) ---
06-20 15:10:05.179   151   167 D dalvikvm: DEX prep '/vendor/lib/wimax_service.jar': unzip in 48ms, rewrite 199ms
06-20 15:10:05.183   151   167 D ConnectivityService: Starting Wimax Service... 
06-20 15:10:05.222   151   206 I bluedroid: bt_enable: ret: -1, errno: 19
06-20 15:10:05.226   151   167 D WimaxStateTracker: e java.lang.NullPointerException: missing IConnectivityManager
06-20 15:10:05.230   151   167 E MobileDataStateTracker: default: Ignoring feature request because could not acquire PhoneService
06-20 15:10:05.230   151   167 E MobileDataStateTracker: default: Could not enable APN type "default"
06-20 15:10:05.234   151   167 D NetworkManagementService: Registering observer
06-20 15:10:05.234   151   167 D NetworkManagementService: Registering observer
06-20 15:10:05.238   151   167 I WifiService: WifiService starting up with Wi-Fi enabled
06-20 15:10:05.246   151   167 I SystemServer: Throttle Service
06-20 15:10:05.246   151   167 I SystemServer: Mount Service
06-20 15:10:05.253   151   167 D MountService: got storage path: /mnt/sdcard description: USB storage primary: true removable: false emulated: false mtpReserve: 0 allowMassStorage: true maxFileSize: 4294967296
06-20 15:10:05.253   151   167 I SystemServer: Notification Manager
06-20 15:10:05.257   151   167 I SystemServer: Device Storage Monitor
06-20 15:10:05.257   151   167 I SystemServer: Location Manager
06-20 15:10:05.261   151   167 I SystemServer: Country Detector
06-20 15:10:05.261   151   167 I SystemServer: Search Service
06-20 15:10:05.265   151   167 I SystemServer: DropBox Service
06-20 15:10:05.265   151   167 I SystemServer: Wallpaper Service
06-20 15:10:05.289   151   167 I SystemServer: Audio Service
06-20 15:10:05.304    72    95 D VoldCmdListener: volume list
06-20 15:10:05.308   151   232 I PackageManager: Updating external media status from unmounted to unmounted
06-20 15:10:05.308   151   232 D MountService: volume state changed for /mnt/sdcard (null -> unmounted)
06-20 15:10:05.312    81   121 D AudioHardware: ### setVoiceVolume_l
06-20 15:10:05.320   151   206 I bluedroid: bt_enable: ret: -1, errno: 19
06-20 15:10:05.335   151   167 I SystemServer: Dock Observer
06-20 15:10:05.335   151   167 I SystemServer: Wired Accessory Observer
06-20 15:10:05.335   151   167 I SystemServer: USB Service
06-20 15:10:05.347   151   167 I SystemServer: UI Mode Manager Service
06-20 15:10:05.371   151   153 D dalvikvm: GC_CONCURRENT freed 188K, 19% free 11498K/14023K, paused 2ms+4ms
06-20 15:10:05.371   151   167 I SystemServer: Backup Service
06-20 15:10:05.382   151   167 V BackupManagerService: Initializing package tracking
06-20 15:10:05.421   151   206 I bluedroid: bt_enable: ret: -1, errno: 19
06-20 15:10:05.523   151   206 I bluedroid: bt_enable: ret: -1, errno: 19
06-20 15:10:05.578   151   167 V BackupManagerService: addPackageParticipantsLocked: all
06-20 15:10:05.578   151   167 V BackupManagerService: Registering transport android/com.android.internal.backup.LocalTransport = com.android.internal.backup.LocalTransport@4168fb60
06-20 15:10:05.578   151   167 V BackupManagerService: Starting with transport android/com.android.internal.backup.LocalTransport
06-20 15:10:05.578   151   167 V BackupManagerService: Binding to Google transport
06-20 15:10:05.585   151   167 I BackupManagerService: Found stale backup journal, scheduling
06-20 15:10:05.589   151   167 I BackupManagerService:   com.android.providers.settings
06-20 15:10:05.625   151   206 I bluedroid: bt_enable: ret: -1, errno: 19
06-20 15:10:05.652   151   167 I BackupManagerService: Backup enabled => true
06-20 15:10:05.652   151   167 I SystemServer: AppWidget Service
06-20 15:10:05.675   151   167 I SystemServer: Recognition Service
06-20 15:10:05.675   151   167 I SystemServer: DiskStats Service
06-20 15:10:05.675   151   167 I SystemServer: SamplingProfiler Service
06-20 15:10:05.679   151   167 I WindowManager: SAFE MODE not enabled
06-20 15:10:05.679   151   158 D dalvikvm: JIT started for system_server
06-20 15:10:05.679   151   167 I SystemServer: NetworkTimeUpdateService
06-20 15:10:05.707   151   167 D PowerManagerService: system ready!
06-20 15:10:05.722   151   206 I bluedroid: bt_enable: ret: -1, errno: 19
06-20 15:10:05.722   151   167 I ActivityManager: Sending system update to: ComponentInfo{com.android.providers.calendar/com.android.providers.calendar.CalendarUpgradeReceiver}
06-20 15:10:05.722   151   167 I ActivityManager: Sending system update to: ComponentInfo{com.android.providers.contacts/com.android.providers.contacts.ContactsUpgradeReceiver}
06-20 15:10:05.722   151   167 I ActivityManager: Sending system update to: ComponentInfo{com.android.providers.media/com.android.providers.media.MediaUpgradeReceiver}
06-20 15:10:05.726   151   168 I Zygote  : Process: zygote socket opened
06-20 15:10:05.734   151   167 I SystemServer: Enabled StrictMode for system server main thread.
06-20 15:10:05.812   151   168 I ActivityManager: Start proc com.android.providers.calendar for broadcast com.android.providers.calendar/.CalendarUpgradeReceiver: pid=236 uid=10006 gids={3003, 1015}
06-20 15:10:05.824   151   206 I bluedroid: bt_enable: ret: -1, errno: 19
06-20 15:10:05.859   151   151 I ActivityManager: Launching preboot mode app: ProcessRecord{413dbe78 236:com.android.providers.calendar/10006}
06-20 15:10:05.914   151   153 D dalvikvm: GC_CONCURRENT freed 492K, 18% free 11626K/14023K, paused 3ms+4ms
06-20 15:10:05.925   151   206 I bluedroid: bt_enable: ret: -1, errno: 19
06-20 15:10:05.980   151   163 I ActivityManager: Start proc android.process.acore for broadcast com.android.providers.contacts/.ContactsUpgradeReceiver: pid=256 uid=10000 gids={3003, 1015}
06-20 15:10:05.984   151   167 V BackupManagerService: Connected to Google transport
06-20 15:10:05.984   151   167 V BackupManagerService: Registering transport com.google.android.backup/.BackupTransportService = com.google.android.backup.BackupTransportService$1@413e4bd8
06-20 15:10:06.007   151   162 I ActivityManager: Launching preboot mode app: ProcessRecord{413d9010 256:android.process.acore/10000}
06-20 15:10:06.023   151   206 I bluedroid: bt_enable: ret: -1, errno: 19
06-20 15:10:06.113   151   153 D dalvikvm: GC_CONCURRENT freed 124K, 14% free 12154K/14023K, paused 2ms+8ms
06-20 15:10:06.125   151   206 I bluedroid: bt_enable: ret: -1, errno: 19
06-20 15:10:06.152   151   196 D dalvikvm: GC_FOR_ALLOC freed 7K, 14% free 12146K/14023K, paused 35ms
06-20 15:10:06.152   151   196 I dalvikvm-heap: Grow heap (frag case) to 12.036MB for 104992-byte allocation
06-20 15:10:06.207   151   250 D dalvikvm: GC_FOR_ALLOC freed <1K, 14% free 12249K/14151K, paused 40ms
06-20 15:10:06.222   151   206 I bluedroid: bt_enable: ret: -1, errno: 19
06-20 15:10:06.226   151   196 V TransportControlView: Create TCV com.android.internal.widget.TransportControlView@4155eb70
06-20 15:10:06.261    75   116 D SoftapController: Softap fwReload - Ok
06-20 15:10:06.265   151   221 D NetworkManagementService: rsp <213 00:90:4c:11:22:33 0.0.0.0 0 [down broadcast multicast]>
06-20 15:10:06.265   151   221 D NetworkManagementService: flags <[down broadcast multicast]>
06-20 15:10:06.269    75   116 D CommandListener: Setting iface cfg
06-20 15:10:06.269    75   116 D CommandListener: Trying to bring down wlan0
06-20 15:10:06.269    75   116 D CommandListener: broadcast flag ignored
06-20 15:10:06.269    75   116 D CommandListener: multicast flag ignored
06-20 15:10:06.285   151   276 E WifiHW  : Unable to open connection to supplicant on "wlan0": No such file or directory
06-20 15:10:06.324   151   206 I bluedroid: bt_enable: ret: -1, errno: 19
06-20 15:10:06.335   215   215 E brcm_patchram_plus: Done setting line discpline
06-20 15:10:06.351   275   275 I wpa_supplicant: rfkill: Cannot open RFKILL control device
06-20 15:10:06.425   151   206 I bluedroid: bt_enable: ret: -1, errno: 114
06-20 15:10:06.425   151   206 W bluedroid: Bluetoothd already started, unexpectedly!
06-20 15:10:06.425   151   206 I bluedroid: Starting bluetoothd deamon
06-20 15:10:06.429   151   206 E BluetoothEventLoop.cpp: get_adapter_path: D-Bus error: org.freedesktop.DBus.Error.ServiceUnknown (The name org.bluez was not provided by any .service files)
06-20 15:10:06.441   151   206 E BluetoothEventLoop.cpp: get_adapter_path: D-Bus error: org.freedesktop.DBus.Error.ServiceUnknown (The name org.bluez was not provided by any .service files)
06-20 15:10:06.445   151   162 I ActivityManager: Start proc android.process.media for broadcast com.android.providers.media/.MediaUpgradeReceiver: pid=287 uid=10012 gids={1015, 1023, 1024, 2001, 3003, 3007}
06-20 15:10:06.453   151   206 E BluetoothEventLoop.cpp: get_adapter_path: D-Bus error: org.freedesktop.DBus.Error.ServiceUnknown (The name org.bluez was not provided by any .service files)
06-20 15:10:06.472   151   206 E BluetoothEventLoop.cpp: get_adapter_path: D-Bus error: org.freedesktop.DBus.Error.ServiceUnknown (The name org.bluez was not provided by any .service files)
06-20 15:10:06.484   151   206 E BluetoothEventLoop.cpp: get_adapter_path: D-Bus error: org.freedesktop.DBus.Error.ServiceUnknown (The name org.bluez was not provided by any .service files)
06-20 15:10:06.496   151   162 I ActivityManager: Launching preboot mode app: ProcessRecord{41777718 287:android.process.media/10012}
06-20 15:10:06.500   151   206 E BluetoothEventLoop.cpp: get_adapter_path: D-Bus error: org.freedesktop.DBus.Error.ServiceUnknown (The name org.bluez was not provided by any .service files)
06-20 15:10:06.511   151   206 E BluetoothEventLoop.cpp: get_adapter_path: D-Bus error: org.freedesktop.DBus.Error.ServiceUnknown (The name org.bluez was not provided by any .service files)
06-20 15:10:06.562   151   168 I ActivityManager: Writing new set of last done pre-boot receivers...
06-20 15:10:06.601   151   168 I ActivityManager: Removing system update proc: ProcessRecord{413dbe78 236:com.android.providers.calendar/10006}
06-20 15:10:06.601   151   168 I ActivityManager: Killing proc 236:com.android.providers.calendar/10006: system update done
06-20 15:10:06.601   151   168 I ActivityManager: Removing system update proc: ProcessRecord{413d9010 256:android.process.acore/10000}
06-20 15:10:06.601   151   168 I ActivityManager: Killing proc 256:android.process.acore/10000: system update done
06-20 15:10:06.601   151   168 I ActivityManager: Removing system update proc: ProcessRecord{41777718 287:android.process.media/10012}
06-20 15:10:06.601   151   168 I ActivityManager: Killing proc 287:android.process.media/10012: system update done
06-20 15:10:06.601   151   168 I ActivityManager: System now ready
06-20 15:10:06.605   151   206 E BluetoothEventLoop.cpp: get_adapter_path: D-Bus error: org.bluez.Error.NoSuchAdapter (No such adapter)
06-20 15:10:06.605   151   206 E BluetoothEventLoop.cpp: failure setting up Event Loop!
06-20 15:10:06.613   151   168 I SystemServer: Making services ready
06-20 15:10:06.613   151   168 D SystemServer: Starting service: Intent { cmp=com.android.systemui/.SystemUIService }
06-20 15:10:06.667   151   168 I ActivityManager: Start proc com.android.systemui for service com.android.systemui/.SystemUIService: pid=302 uid=1000 gids={1015, 3002, 3001, 3003, 3007}
06-20 15:10:06.667   151   168 D NetworkManagementService: enabling bandwidth control
06-20 15:10:06.781   302   302 D SystemUIService: loading: class com.android.systemui.statusbar.phone.PhoneStatusBar
06-20 15:10:06.781   302   302 D SystemUIService: running: com.android.systemui.statusbar.phone.PhoneStatusBar@41334ab0
06-20 15:10:06.960   151   168 D NetworkManagementService: Registering observer
06-20 15:10:06.992   275   275 I wpa_supplicant: wlan0: Trying to associate with d0:c2:82:66:6b:f0 (SSID='UB_Secure' freq=2462 MHz)
06-20 15:10:07.031   151   168 D NetworkManagementService: Registering observer
06-20 15:10:07.035   151   168 I ActivityManager: Config changed: {1.0 0mcc0mnc en_US layoutdir=0 sw320dp w320dp h508dp nrml long port finger -keyb/v/h -nav/h s.3}
06-20 15:10:07.050   302   304 D dalvikvm: GC_CONCURRENT freed 117K, 3% free 9323K/9543K, paused 2ms+10ms
06-20 15:10:07.128   151   151 I StatusBarManagerService: registerStatusBar bar=com.android.internal.statusbar.IStatusBar$Stub$Proxy@41481958
06-20 15:10:07.132   302   302 D PhoneStatusBar: disable: < expand icons alerts ticker system_info back home RECENT* clock >
06-20 15:10:07.234   302   302 D StorageNotification: Startup with UMS connection false (media state unmounted)
06-20 15:10:07.257   302   302 D SystemUIService: loading: class com.android.systemui.power.PowerUI
06-20 15:10:07.257   302   302 D SystemUIService: running: com.android.systemui.power.PowerUI@4130b880
06-20 15:10:07.257   302   352 I StorageNotification: UMS connection changed to false (media state unmounted)
06-20 15:10:07.292   151   206 E BluetoothService.cpp: setBluetoothTetheringNative true
06-20 15:10:07.308   151   351 D BluetoothEventLoop: Property Changed: Pairable : false
06-20 15:10:07.332   151   351 D BluetoothEventLoop: Property Changed: Powered : false
06-20 15:10:07.332   151   351 D BluetoothEventLoop: Property Changed: UUIDs : 6
06-20 15:10:07.332   151   351 D BluetoothEventLoop: Property Changed: UUIDs : 7
06-20 15:10:07.351   151   153 D dalvikvm: GC_CONCURRENT freed 529K, 12% free 12528K/14151K, paused 3ms+4ms
06-20 15:10:07.351   151   206 D BluetoothAdapterStateMachine: WarmUp process message: 54
06-20 15:10:07.351   151   222 D WifiService: New client listening to asynchronous messages
06-20 15:10:07.367   151   351 D BluetoothEventLoop: Property Changed: UUIDs : 8
06-20 15:10:07.367   151   351 D BluetoothEventLoop: Property Changed: UUIDs : 9
06-20 15:10:07.378   151   351 D BluetoothEventLoop: Property Changed: UUIDs : 10
06-20 15:10:07.386   151   206 D BluetoothAdapterStateMachine: WarmUp process message: 51
06-20 15:10:07.410   151   168 I ActivityManager: Start proc com.android.wallpaper for service com.android.wallpaper/.nexus.NexusWallpaper: pid=354 uid=10026 gids={1006}
06-20 15:10:07.410   151   168 W InputManagerService: Ignoring setImeWindowStatus of uid 1000 token: null
06-20 15:10:07.449   151   168 I ActivityManager: Start proc com.android.inputmethod.latin for service com.android.inputmethod.latin/.LatinIME: pid=366 uid=10024 gids={}
06-20 15:10:07.472   151   168 D NetworkManagementService: Registering observer
06-20 15:10:07.531   151   377 W ThrottleService: unable to find stats for iface rmnet0
06-20 15:10:07.542   151   168 I ActivityManager: Start proc com.android.phone for added application com.android.phone: pid=385 uid=1001 gids={3002, 3001, 3003, 1015}
06-20 15:10:07.585   151   168 I ActivityManager: Start proc com.android.nfc for added application com.android.nfc: pid=404 uid=1027 gids={3002, 3001}
06-20 15:10:07.593   151   168 I ActivityManager: START {act=android.intent.action.MAIN cat=[android.intent.category.HOME] flg=0x10000000 cmp=com.android.launcher/com.android.launcher2.Launcher} from pid 0
06-20 15:10:07.632   151   168 I ActivityManager: Start proc com.android.launcher for activity com.android.launcher/com.android.launcher2.Launcher: pid=417 uid=10025 gids={}
06-20 15:10:07.726   354   354 V RenderScript: rsContextCreateGL dev=0x12584e0
06-20 15:10:07.742   354   429 V RenderScript: 0x12cef18 Launching thread(s), CPUs 1
06-20 15:10:07.742   354   429 V RenderScript: 0x12cef18 initEGL start
06-20 15:10:07.742   354   429 D libEGL  : loaded /system/lib/egl/libGLES_android.so
06-20 15:10:07.757   354   429 D libEGL  : loaded /vendor/lib/egl/libEGL_POWERVR_SGX540_120.so
06-20 15:10:07.781   354   429 D libEGL  : loaded /vendor/lib/egl/libGLESv1_CM_POWERVR_SGX540_120.so
06-20 15:10:07.816   354   429 D libEGL  : loaded /vendor/lib/egl/libGLESv2_POWERVR_SGX540_120.so
06-20 15:10:07.851   404   404 I NfcService: Starting NFC service
06-20 15:10:07.882   404   404 D NFC JNI : NFC Service : loading JNI
06-20 15:10:07.910   385   385 I ActivityThread: Pub telephony: com.android.providers.telephony.TelephonyProvider
06-20 15:10:07.933    79    79 D dalvikvm: GC_EXPLICIT freed 34K, 4% free 9031K/9347K, paused 14ms+30ms
06-20 15:10:07.945   354   429 V RenderScript: 0x12cef18 initGLThread end
06-20 15:10:07.949   354   354 V RenderScript: 0x12cef18 rsContextCreateGL ret
06-20 15:10:07.984   385   385 W TelephonyProvider: onCreate: confFile=/system/etc/apns-conf.xml oldCheckSum=-1
06-20 15:10:08.007   385   385 I ActivityThread: Pub icc: com.android.phone.IccProvider
06-20 15:10:08.007   385   385 I ActivityThread: Pub mms: com.android.providers.telephony.MmsProvider
06-20 15:10:08.011   385   385 I ActivityThread: Pub sms: com.android.providers.telephony.SmsProvider
06-20 15:10:08.011   385   385 I ActivityThread: Pub mms-sms: com.android.providers.telephony.MmsSmsProvider
06-20 15:10:08.023    79    79 D dalvikvm: GC_EXPLICIT freed <1K, 4% free 9031K/9347K, paused 2ms+3ms
06-20 15:10:08.058    79    79 D dalvikvm: GC_EXPLICIT freed <1K, 4% free 9031K/9347K, paused 2ms+1ms
06-20 15:10:08.082   404   404 I RegisteredComponentCache: ComponentInfo: ResolveInfo{413416e0 com.android.apps.tag.TagViewer p=0 o=0 m=0x108000}, techs: android.nfc.tech.Ndef, 
06-20 15:10:08.148   151   168 I ActivityManager: Start proc android.process.media for broadcast com.android.providers.media/.UsbReceiver: pid=450 uid=10012 gids={1015, 1023, 1024, 2001, 3003, 3007}
06-20 15:10:08.406   417   417 I ActivityThread: Pub com.android.launcher2.settings: com.android.launcher2.LauncherProvider
06-20 15:10:08.414   404   404 I NfceeAccess: read 3 signature(s) for NFCEE access
06-20 15:10:08.417   450   450 I ActivityThread: Pub media: com.android.providers.media.MediaProvider
06-20 15:10:08.421   366   465 E ActivityThread: Failed to find provider info for com.android.inputmethod.latin.dictionarypack
06-20 15:10:08.437   366   465 E BinaryDictionaryGetter: Could not find a dictionary pack
06-20 15:10:08.554   404   406 D dalvikvm: GC_CONCURRENT freed 324K, 5% free 9170K/9607K, paused 3ms+23ms
06-20 15:10:08.558   366   369 D dalvikvm: GC_CONCURRENT freed 190K, 3% free 9350K/9607K, paused 1ms+14ms
06-20 15:10:08.582   404   467 D NfcService: checking on firmware download
06-20 15:10:08.582   385   389 D dalvikvm: GC_CONCURRENT freed 286K, 5% free 9205K/9607K, paused 6ms+4ms
06-20 15:10:08.597   404   467 D NfcService: NFC is on. Doing normal stuff
06-20 15:10:08.597   404   467 I NfcService: Enabling NFC
06-20 15:10:08.628   404   467 D NFC JNI : Start Initialization
06-20 15:10:08.656   151   167 I Process : Sending signal. PID: 417 SIG: 3
06-20 15:10:08.656   417   421 I dalvikvm: threadid=3: reacting to signal 3
06-20 15:10:08.679   450   450 I ActivityThread: Pub downloads: com.android.providers.downloads.DownloadProvider
06-20 15:10:08.691   417   421 I dalvikvm: Wrote stack traces to '/data/anr/traces.txt'
06-20 15:10:08.718   417   419 D dalvikvm: GC_CONCURRENT freed 254K, 4% free 9183K/9543K, paused 2ms+2ms
06-20 15:10:08.746   151   402 I ActivityManager: Start proc com.android.smspush for service com.android.smspush/.WapPushManager: pid=477 uid=10051 gids={}
06-20 15:10:08.777   302   352 I StorageNotification: UMS connection changed to true (media state unmounted)
06-20 15:10:08.835   151   400 I ActivityManager: Start proc android.process.acore for content provider com.android.providers.userdictionary/.UserDictionaryProvider: pid=495 uid=10000 gids={3003, 1015}
06-20 15:10:08.867   450   450 I ActivityThread: Pub drm: com.android.providers.drm.DrmProvider
06-20 15:10:08.875   450   505 I DownloadManager: in removeSpuriousFiles
06-20 15:10:08.906   302   304 D dalvikvm: GC_CONCURRENT freed 140K, 3% free 9639K/9863K, paused 3ms+50ms
06-20 15:10:08.933   404   467 D NFC JNI : NFC capabilities: HAL = 8150100, FW = a76d0c, HW = 620003, Model = 0, HCI = 1, Full_FW = 109, Rev = 12, FW Update Info = 0
06-20 15:10:08.984   450   505 I DownloadManager: deleting spurious file /cache/wimax_service.dex
06-20 15:10:08.992   450   505 I DownloadManager: deleting spurious file /cache/backup
06-20 15:10:08.996   151   151 I ActivityManager: Start proc com.android.settings for broadcast com.android.settings/.widget.SettingsAppWidgetProvider: pid=515 uid=1000 gids={1015, 3002, 3001, 3003, 3007}
06-20 15:10:09.023   495   495 I ActivityThread: Pub com.android.voicemail: com.android.providers.contacts.VoicemailContentProvider
06-20 15:10:09.035   385   385 D CAT     : CatService: Running CAT service. STK app installed:false
06-20 15:10:09.035   385   385 D CAT     : CatService: NEW sInstance
06-20 15:10:09.101   495   495 I ActivityThread: Pub user_dictionary: com.android.providers.userdictionary.UserDictionaryProvider
06-20 15:10:09.109   495   495 I ActivityThread: Pub com.android.social: com.android.providers.contacts.SocialProvider
06-20 15:10:09.113   495   495 I ActivityThread: Pub applications: com.android.providers.applications.ApplicationsProvider
06-20 15:10:09.136   404   467 D NFC JNI : phLibNfc_SE_GetSecureElementList()
06-20 15:10:09.136   404   467 D NFC JNI : 
06-20 15:10:09.136   404   467 D NFC JNI : > Number of Secure Element(s) : 1
06-20 15:10:09.136   404   467 D NFC JNI : phLibNfc_SE_GetSecureElementList(): SMX detected, handle=0xabcdef
06-20 15:10:09.136   404   467 D NFC JNI : phLibNfc_SE_SetMode() returned 0x000d[NFCSTATUS_PENDING]
06-20 15:10:09.152   151   167 I Process : Sending signal. PID: 417 SIG: 3
06-20 15:10:09.152   417   421 I dalvikvm: threadid=3: reacting to signal 3
06-20 15:10:09.160   404   467 I NFC JNI : NFC Initialized
06-20 15:10:09.167   404   467 D NdefPushServer: start, thread = null
06-20 15:10:09.167   404   467 D NdefPushServer: starting new server thread
06-20 15:10:09.171   404   535 D NdefPushServer: about create LLCP service socket
06-20 15:10:09.171   404   535 D NdefPushServer: created LLCP service socket
06-20 15:10:09.171   404   535 D NdefPushServer: about to accept
06-20 15:10:09.230   385   389 D dalvikvm: GC_CONCURRENT freed 294K, 5% free 9327K/9735K, paused 2ms+11ms
06-20 15:10:09.242   151   373 D libsecgps: gps_get_gps_interface:
06-20 15:10:09.242   151   373 E libsecgps: gps_get_extension: gps-debug is not implemented
06-20 15:10:09.261   385   385 D MccTable: updateMccMncConfiguration: mcc=310, mnc=120
06-20 15:10:09.261   385   385 D MccTable: locale set to en_us
06-20 15:10:09.261   385   385 D MccTable: WIFI_COUNTRY_CODE set to us
06-20 15:10:09.261   151   500 I WifiService: WifiService trying to set country code to us with persist set to true
06-20 15:10:09.332   417   421 I dalvikvm: Wrote stack traces to '/data/anr/traces.txt'
06-20 15:10:09.343   404   467 D NfcService: NFC-EE OFF
06-20 15:10:09.347   404   467 D NfcService: NFC-C OFF
06-20 15:10:09.375   495   495 I ActivityThread: Pub contacts;com.android.contacts: com.android.providers.contacts.ContactsProvider2
06-20 15:10:09.507   495   498 D dalvikvm: GC_CONCURRENT freed 352K, 5% free 9184K/9607K, paused 3ms+10ms
06-20 15:10:09.589   151   163 I ActivityManager: Config changed: {1.0 310mcc120mnc en_US layoutdir=0 sw320dp w320dp h508dp nrml long port finger -keyb/v/h -nav/h s.4}
06-20 15:10:09.656   385   385 D CallManager: registerPhone(CDMA Handler (com.android.internal.telephony.PhoneProxy) {413603f8})
06-20 15:10:09.757   385   385 D Bluetooth HS/HF: CDMA call state: IDLE prev state:IDLE
06-20 15:10:09.761   515   515 D LocalBluetoothProfileManager: LocalBluetoothProfileManager construction complete
06-20 15:10:09.843   354   354 V ScriptC : Create script for resource = nexus
06-20 15:10:09.859   354   429 I bcc     : LIBBCC build time: 2012/06/18 16:18:15
06-20 15:10:09.859   354   429 I bcc     : LIBBCC build revision: 03cfe0e30d65d6e2ecbe6282cec4b20d3be690cc (git)
06-20 15:10:09.902   495   495 I ActivityThread: Pub call_log: com.android.providers.contacts.CallLogProvider
06-20 15:10:10.015   151   151 W ActivityManager: Unable to start service Intent { act=com.android.ussd.IExtendedNetworkService }: not found
06-20 15:10:10.125   385   385 D OtaUtils: CdmaOtaConfigData constructor!
06-20 15:10:10.125   385   385 D OtaUtils: CdmaOtaInCallScreenState: constructor init to UNDEFINED
06-20 15:10:10.132   417   419 D dalvikvm: GC_CONCURRENT freed 102K, 2% free 9547K/9735K, paused 8ms+18ms
06-20 15:10:10.246   151   400 D dalvikvm: GC_EXPLICIT freed 737K, 11% free 12669K/14151K, paused 3ms+5ms
06-20 15:10:10.324   151   492 D dalvikvm: GC_FOR_ALLOC freed 39K, 11% free 12640K/14151K, paused 41ms
06-20 15:10:10.324   151   492 I dalvikvm-heap: Grow heap (frag case) to 12.522MB for 109172-byte allocation
06-20 15:10:10.371   151   469 D dalvikvm: GC_FOR_ALLOC freed 77K, 12% free 12669K/14279K, paused 41ms
06-20 15:10:10.468   151   353 I SearchManagerService: Building list of searchable activities
06-20 15:10:10.574   151   167 I Process : Sending signal. PID: 417 SIG: 3
06-20 15:10:10.574   417   421 I dalvikvm: threadid=3: reacting to signal 3
06-20 15:10:10.578   417   421 I dalvikvm: Wrote stack traces to '/data/anr/traces.txt'
06-20 15:10:10.917   385   385 D Bluetooth HSHFP: Starting BluetoothHeadsetService
06-20 15:10:11.062   417   419 D dalvikvm: GC_CONCURRENT freed 292K, 4% free 9777K/10183K, paused 2ms+6ms
06-20 15:10:11.101   302   302 D dalvikvm: GC_FOR_ALLOC freed 141K, 3% free 9884K/10119K, paused 53ms
06-20 15:10:11.136   151   267 D dalvikvm: GC_FOR_ALLOC freed 305K, 11% free 12797K/14279K, paused 112ms
06-20 15:10:11.140   151   267 I dalvikvm-heap: Grow heap (frag case) to 12.673MB for 107756-byte allocation
06-20 15:10:11.148   354   429 D StopWatch: StopWatch calcFileSHA1 time (us): 1114293 
06-20 15:10:11.203   151   267 D dalvikvm: GC_FOR_ALLOC freed 31K, 11% free 12871K/14407K, paused 48ms
06-20 15:10:11.203   151   163 I ActivityManager: Start proc com.android.deskclock for broadcast com.android.deskclock/com.android.alarmclock.AnalogAppWidgetProvider: pid=567 uid=10011 gids={}
06-20 15:10:11.230   151   167 I Process : Sending signal. PID: 417 SIG: 3
06-20 15:10:11.230   417   421 I dalvikvm: threadid=3: reacting to signal 3
06-20 15:10:11.250   385   385 D CAT     : CatService: SIM ready. Reporting STK service running now...
06-20 15:10:11.253   417   421 I dalvikvm: Wrote stack traces to '/data/anr/traces.txt'
06-20 15:10:11.316   567   567 I ActivityThread: Pub com.android.deskclock: com.android.deskclock.AlarmProvider
06-20 15:10:11.367   151   163 I ActivityManager: Start proc com.google.android.partnersetup for broadcast com.google.android.partnersetup/.PhoneStateReceiver: pid=580 uid=10020 gids={3003}
06-20 15:10:11.527   580   580 I ActivityThread: Pub com.google.android.partnersetup.rlzprovider: com.google.android.partnersetup.RlzProvider
06-20 15:10:11.554   580   580 I ActivityThread: Pub com.google.android.partnersetup.rlzappprovider: com.google.android.partnersetup.RlzAppProvider
06-20 15:10:11.578   385   389 D dalvikvm: GC_CONCURRENT freed 368K, 5% free 9396K/9863K, paused 1ms+12ms
06-20 15:10:11.621   151   500 I ActivityManager: Start proc com.android.calendar for broadcast com.android.calendar/.widget.CalendarAppWidgetService$CalendarFactory: pid=597 uid=10005 gids={3003}
06-20 15:10:11.683   151   162 D AlarmManagerService: Kernel timezone updated to 240 minutes west of GMT
06-20 15:10:11.395   151   167 I Process : Sending signal. PID: 417 SIG: 3
06-20 15:10:11.395   417   421 I dalvikvm: threadid=3: reacting to signal 3
06-20 15:10:11.402   417   421 I dalvikvm: Wrote stack traces to '/data/anr/traces.txt'
06-20 15:10:11.508   354   354 E RenderScript: RS watchdog timeout: 0
06-20 15:10:11.524   385   385 V SipBroadcastReceiver: start auto registration
06-20 15:10:11.691   385   385 D SystemClock: Setting time of day to sec=1340219411
06-20 15:10:11.805   597   597 I ActivityThread: Pub com.android.calendar.CalendarRecentSuggestionsProvider: com.android.calendar.CalendarRecentSuggestionsProvider
06-20 15:10:11.832   354   429 D StopWatch: StopWatch calcFileSHA1 time (us): 64355 
06-20 15:10:11.848   354   429 E bcc     : Cache dependency /system/lib/libRS.so sha1 mismatch:
06-20 15:10:11.848   354   429 E bcc     :   given:  ad6a2b763674e1bacfd6c3aa1304cd6b84b84d60
06-20 15:10:11.848   354   429 E bcc     :   cached: cf4e017dc4e3be9279855f7ef6decff329f926aa
06-20 15:10:11.891   151   373 I ActivityManager: Start proc com.google.process.gapps for service com.google.android.location/.NetworkLocationService: pid=614 uid=10009 gids={3003, 1015, 1007, 2001, 3006}
06-20 15:10:11.926   614   614 I dalvikvm: Turning on JNI app bug workarounds for target SDK version 12...
06-20 15:10:11.945   151   500 I ActivityManager: Start proc com.android.providers.calendar for content provider com.android.providers.calendar/.CalendarProvider2: pid=627 uid=10006 gids={3003, 1015}
06-20 15:10:12.020   614   614 I ActivityThread: Pub com.google.settings: com.google.android.gsf.settings.GoogleSettingsProvider
06-20 15:10:12.024   627   627 I ActivityThread: Pub com.android.calendar: com.android.providers.calendar.CalendarProvider2
06-20 15:10:12.125   567   622 V AlarmClock: AlarmInitReceiver finished
06-20 15:10:12.156   151   610 D libsecgps: gps_init
06-20 15:10:12.156    85    85 D GPSD    : send_ril_gps_request: Connecting to RIL...
06-20 15:10:12.160   151   610 D GpsLocationProvider: set_capabilities_callback: 1
06-20 15:10:12.188   614   614 I ActivityThread: Pub subscribedfeeds: com.google.android.gsf.subscribedfeeds.SubscribedFeedsProvider
06-20 15:10:12.207   614   614 I ActivityThread: Pub com.google.contacts.gal.provider: com.google.android.syncadapters.contacts.GalProvider
06-20 15:10:12.235   151   167 I Process : Sending signal. PID: 417 SIG: 3
06-20 15:10:12.235   417   421 I dalvikvm: threadid=3: reacting to signal 3
06-20 15:10:12.242   417   421 I dalvikvm: Wrote stack traces to '/data/anr/traces.txt'
06-20 15:10:12.270   614   614 I ActivityThread: Pub com.google.android.gsf.gservices: com.google.android.gsf.gservices.GservicesProvider
06-20 15:10:12.270   614   614 I GservicesProvider: Gservices pushing to system: true; secure: true
06-20 15:10:12.274   614   614 I ActivityThread: Pub com.google.android.providers.talk: com.google.android.gsf.talk.TalkProvider
06-20 15:10:12.301   614   614 D NetworkLocationService: onCreate com.google.android.location.NetworkLocationService@413749a8
06-20 15:10:12.367   614   614 D NetworkLocationClient: ANDROID minProtocolVersion 1 maxProtocolVersion 1 releaseVersion -1
06-20 15:10:12.367   614   614 D NetworkLocationClient: binding to Intent { act=com.google.android.location.internal.ANDROID_NLP }
06-20 15:10:12.406   614   617 D dalvikvm: GC_CONCURRENT freed 329K, 5% free 9207K/9607K, paused 3ms+6ms
06-20 15:10:12.504   417   417 D Launcher.Model: Reload apps on config change. curr_mcc:310 prevmcc:0
06-20 15:10:12.512   417   419 D dalvikvm: GC_CONCURRENT freed 368K, 5% free 9857K/10311K, paused 2ms+5ms
06-20 15:10:12.535   614   614 D NetworkLocationService: onBind com.google.android.location.NetworkLocationProvidercom.google.android.location.NetworkLocationService@413749a8
06-20 15:10:12.555   614   614 D NetworkLocationService: onBind com.google.android.location.GeocodeProvidercom.google.android.location.NetworkLocationService@413749a8
06-20 15:10:12.574   417   417 D libEGL  : loaded /system/lib/egl/libGLES_android.so
06-20 15:10:12.578   417   417 D libEGL  : loaded /vendor/lib/egl/libEGL_POWERVR_SGX540_120.so
06-20 15:10:12.582   417   417 D libEGL  : loaded /vendor/lib/egl/libGLESv1_CM_POWERVR_SGX540_120.so
06-20 15:10:12.617   417   417 D libEGL  : loaded /vendor/lib/egl/libGLESv2_POWERVR_SGX540_120.so
06-20 15:10:12.715   417   417 D OpenGLRenderer: Enabling debug mode 0
06-20 15:10:12.731   151   153 D dalvikvm: GC_CONCURRENT freed 971K, 11% free 12864K/14407K, paused 3ms+4ms
06-20 15:10:12.735   151   167 I Process : Sending signal. PID: 417 SIG: 3
06-20 15:10:12.738   417   421 I dalvikvm: threadid=3: reacting to signal 3
06-20 15:10:12.750   151   218 W NetworkStats: dropping UID delta from unknown iface: iface=wlan0 uid=0 set=DEFAULT tag=0x0 rxBytes=0 rxPackets=0 txBytes=252 txPackets=4 operations=0
06-20 15:10:12.785   417   421 I dalvikvm: Wrote stack traces to '/data/anr/traces.txt'
06-20 15:10:12.934   614   617 D dalvikvm: GC_CONCURRENT freed 474K, 6% free 9253K/9799K, paused 3ms+19ms
06-20 15:10:12.953   151   163 D SyncManager: setSyncAutomatically: , provider subscribedfeeds -> true
06-20 15:10:12.953   151   163 D SyncManager: setSyncAutomatically: already set to true, doing nothing
06-20 15:10:12.981   614   614 D androidInternalNlpService: onCreate com.google.android.location.internal.server.NetworkLocationService@41318538
06-20 15:10:13.004   614   659 D NetworkLocationRealOs: ------------------------ reading cache.cell
06-20 15:10:13.004   614   659 D NetworkLocationRealOs: no cache.cell found; not migrating
06-20 15:10:13.004   614   659 D NetworkLocationRealOs: ------------------------ reading cache.wifi
06-20 15:10:13.004   614   659 D NetworkLocationRealOs: no cache.wifi found; not migrating
06-20 15:10:13.012   614   614 D androidNlpServiceThread: ANDROID minProtocolVersion 1 maxProtocolVersion 1 releaseVersion -1
06-20 15:10:13.012   151   151 I ActivityManager: Start proc com.google.android.gsf.login for on-hold: pid=660 uid=10009 gids={3003, 1015, 1007, 2001, 3006}
06-20 15:10:13.024   151   167 D PowerManagerService: bootCompleted
06-20 15:10:13.027   151   167 V DevicePolicyManagerService: Sending password expiration notifications for action android.intent.action.BOOT_COMPLETED
06-20 15:10:13.047   302   302 D PhoneStatusBar: disable: < expand icons alerts ticker system_info BACK* HOME* RECENT CLOCK* >
06-20 15:10:13.051    72    95 D VoldCmdListener: volume mount /mnt/sdcard
06-20 15:10:13.051    72    95 I Vold    : /dev/block/vold/179:3 being considered for volume sdcard
06-20 15:10:13.051    72    95 D Vold    : Volume sdcard state changing 1 (Idle-Unmounted) -> 3 (Checking)
06-20 15:10:13.055   151   231 D MountService: volume state changed for /mnt/sdcard (unmounted -> checking)
06-20 15:10:13.055   302   352 I StorageNotification: Media {/mnt/sdcard} state changed from {unmounted} -> {checking}
06-20 15:10:13.063   151   231 D MountService: sendStorageIntent Intent { act=android.intent.action.MEDIA_CHECKING dat=file:///mnt/sdcard (has extras) }
06-20 15:10:13.078   151   167 V WiredAccessoryObserver: init()
06-20 15:10:13.317    72    95 I /system/bin/fsck_msdos: ** /dev/block/vold/179:3
06-20 15:10:13.320    72    95 I /system/bin/fsck_msdos: ** Phase 1 - Read FAT (compare skipped)
06-20 15:10:13.324    72    95 I /system/bin/fsck_msdos: Attempting to allocate 13624 KB for FAT
06-20 15:10:13.352   151   167 W WiredAccessoryObserver: This kernel does not have wired headset support
06-20 15:10:13.356   151   167 W WiredAccessoryObserver: This kernel does not have wired headset support
06-20 15:10:13.422   614   614 D NetworkLocationClient: onServiceConnected to ComponentInfo{com.google.android.location/com.google.android.location.internal.server.NetworkLocationService}
06-20 15:10:13.426   614   652 D androidNetworkLocationListeners: Still have listener com.google.android.location.internal.client.NetworkLocationClient$1@41381db0
06-20 15:10:13.508   354   354 E RenderScript: RS watchdog timeout: 0
06-20 15:10:13.555   614   617 D dalvikvm: GC_CONCURRENT freed 497K, 6% free 9295K/9863K, paused 2ms+15ms
06-20 15:10:13.695   302   304 D dalvikvm: GC_CONCURRENT freed 249K, 4% free 10084K/10503K, paused 2ms+3ms
06-20 15:10:13.785   151   710 D dalvikvm: GC_FOR_ALLOC freed 688K, 11% free 12939K/14407K, paused 62ms
06-20 15:10:13.785   151   710 I dalvikvm-heap: Grow heap (frag case) to 12.841MB for 138890-byte allocation
06-20 15:10:13.844   151   712 D dalvikvm: GC_FOR_ALLOC freed 20K, 11% free 13054K/14599K, paused 45ms
06-20 15:10:14.176   151   504 I ActivityManager: Start proc com.android.contacts for broadcast com.android.contacts/.calllog.CallLogReceiver: pid=719 uid=10000 gids={3003, 1015}
06-20 15:10:14.203   417   417 D dalvikvm: GC_FOR_ALLOC freed 109K, 3% free 10020K/10311K, paused 39ms
06-20 15:10:14.203   417   417 I dalvikvm-heap: Grow heap (frag case) to 10.179MB for 345760-byte allocation
06-20 15:10:14.250    79    79 D dalvikvm: GC_EXPLICIT freed 37K, 4% free 9031K/9347K, paused 2ms+5ms
06-20 15:10:14.274   417   417 D dalvikvm: GC_FOR_ALLOC freed 122K, 5% free 10235K/10695K, paused 47ms
06-20 15:10:14.320   417   417 D dalvikvm: GC_FOR_ALLOC freed 1K, 5% free 10234K/10695K, paused 45ms
06-20 15:10:14.320   417   417 I dalvikvm-heap: Grow heap (frag case) to 10.389MB for 345760-byte allocation
06-20 15:10:14.356    79    79 D dalvikvm: GC_EXPLICIT freed <1K, 4% free 9031K/9347K, paused 1ms+22ms
06-20 15:10:14.422   417   417 D dalvikvm: GC_FOR_ALLOC freed <1K, 5% free 10572K/11079K, paused 94ms
06-20 15:10:14.457    79    79 D dalvikvm: GC_EXPLICIT freed <1K, 4% free 9031K/9347K, paused 5ms+2ms
06-20 15:10:14.473   417   417 D dalvikvm: GC_FOR_ALLOC freed <1K, 5% free 10572K/11079K, paused 48ms
06-20 15:10:14.477   417   417 I dalvikvm-heap: Grow heap (frag case) to 10.719MB for 345760-byte allocation
06-20 15:10:14.512   385   385 V OtaStartupReceiver: onReceive: intent action=android.intent.action.BOOT_COMPLETED  mOtaspMode=-1
06-20 15:10:14.512   385   385 D OtaStartupReceiver: Register our PhoneStateListener
06-20 15:10:14.516   385   385 V OtaStartupReceiver: resolvInfo = null, provisioned = true, runningSetupWizard = true
06-20 15:10:14.516   385   385 D OtaStartupReceiver: call OtaUtils.maybeDoOtaCall
06-20 15:10:14.516   385   385 D OtaUtils: phoneNeedsActivation is set to false
06-20 15:10:14.516   385   385 D OtaUtils: otaShowActivationScreen: 1
06-20 15:10:14.516   385   385 D OtaUtils: maybeDoOtaCall: voice capable; activation NOT started.
06-20 15:10:14.520   385   385 V OtaStartupReceiver: onOtaspChanged: mOtaspMode=3
06-20 15:10:14.582   385   385 I SprintMenu: Boot completed intent received
06-20 15:10:14.629   417   417 D dalvikvm: GC_FOR_ALLOC freed <1K, 5% free 10910K/11463K, paused 148ms
06-20 15:10:14.668   385   385 I SprintMenu: getoemdata()
06-20 15:10:14.668   151   469 I ActivityManager: Start proc com.android.sprintmenu for service com.android.sprintmenu/.HiddenPhoneService: pid=738 uid=1001 gids={3002, 3001, 3003, 1015}
06-20 15:10:14.676   385   385 I SprintMenu: Inside Handlemessage
06-20 15:10:14.676   385   385 I SprintMenu: Verify response incoming!!,Get data Done
06-20 15:10:14.676   385   385 I SprintMenu: : Mode_Off
06-20 15:10:14.676   385   385 I SprintMenu: Inside Hiddenmenu handlemsg ,selectedmode = -1
06-20 15:10:14.676   385   385 I SprintMenu: Inside Hiddenmenu handlemsg, sysprop = -1
06-20 15:10:14.703   385   385 D SynmlBootReceiver: SynmlBootReceiver  onReceive = Intent { act=android.intent.action.BOOT_COMPLETED flg=0x10 cmp=com.samsung.update/.SyncmlBootReceiver }
06-20 15:10:14.703   385   385 D SynmlBootReceiver: SynmlBootReceiver  onReceive action = android.intent.action.BOOT_COMPLETED
06-20 15:10:14.707   385   385 D SynmlBootReceiver: BOOT_COMPLETED 
06-20 15:10:14.707   385   385 I SynmlBootReceiver:  san_service()starting ...
06-20 15:10:14.715   385   385 D SynmlBootReceiver: onReceive  End
06-20 15:10:14.723   385   385 I SAN_SERVICE: onCreate
06-20 15:10:14.738   385   385 V SANService: onStart(): intent_action = com.samsung.update.SAN_SERVICE
06-20 15:10:14.742   385   385 V SANService: In on Start: started = false
06-20 15:10:14.742   385   385 V SANService: Starting thread
06-20 15:10:14.762   385   385 D SAN_SERVICE: *******************************************
06-20 15:10:14.762   385   385 D SAN_SERVICE: DM App Phone Service State - 0
06-20 15:10:14.762   385   385 D SAN_SERVICE: *******************************************
06-20 15:10:14.762   385   385 D SAN_SERVICE: *******************************************
06-20 15:10:14.762   385   385 D SAN_SERVICE: DM App Phone Call State - 0
06-20 15:10:14.762   385   385 D SAN_SERVICE: *******************************************
06-20 15:10:14.774   151   746 I RecoverySystem: No recovery log file
06-20 15:10:14.789   385   385 I SAN_SERVICE: onDestroy
06-20 15:10:14.789   385   750 V SAN_SERVICE: Background Thread has stopped san_empty false
06-20 15:10:14.840   151   746 I BootReceiver: Copying /proc/last_kmsg to DropBox (SYSTEM_LAST_KMSG)
06-20 15:10:14.906   151   163 I ActivityManager: Start proc com.android.email for broadcast com.android.email/.service.EmailBroadcastReceiver: pid=757 uid=10013 gids={3003, 1015}
06-20 15:10:15.156   151   195 D dalvikvm: GC_EXPLICIT freed 927K, 11% free 13018K/14599K, paused 3ms+16ms
06-20 15:10:15.277   757   757 I ActivityThread: Pub com.android.email.provider;com.android.email.notifier: com.android.email.provider.EmailProvider
06-20 15:10:15.301   757   757 I ActivityThread: Pub com.android.email.attachmentprovider: com.android.email.provider.AttachmentProvider
06-20 15:10:15.301   627   627 I CalendarProvider2: Sending notification intent: Intent { act=android.intent.action.PROVIDER_CHANGED dat=content://com.android.calendar }
06-20 15:10:15.352   627   627 W ContentResolver: Failed to get type for: content://com.android.calendar (Unknown URL content://com.android.calendar)
06-20 15:10:15.438   151   353 I ActivityManager: Start proc com.android.exchange for service com.android.exchange/.ExchangeService: pid=777 uid=10014 gids={3003, 1015}
06-20 15:10:15.500   567   622 V AlarmClock: AlarmInitReceiver finished
06-20 15:10:15.508   354   354 E RenderScript: RS watchdog timeout: 0
06-20 15:10:15.531   777   777 I ActivityThread: Pub com.android.exchange.directory.provider: com.android.exchange.provider.ExchangeDirectoryProvider
06-20 15:10:15.586   777   777 D ExchangeService: !!! EAS ExchangeService, onStartCommand, startingUp = false, running = false
06-20 15:10:15.586   151   162 I ActivityManager: Start proc com.google.android.apps.genie.geniewidget for broadcast com.google.android.apps.genie.geniewidget/.miniwidget.MiniWidgetProvider: pid=795 uid=10016 gids={3003, 1015}
06-20 15:10:15.598   795   795 I dalvikvm: Turning on JNI app bug workarounds for target SDK version 11...
06-20 15:10:15.633   719   733 D AccountTypeManager: Registering 1 extension packages
06-20 15:10:15.649   795   795 I ActivityThread: Pub com.google.android.apps.genie.geniewidget.weather: com.google.android.apps.genie.geniewidget.providers.WeatherProvider
06-20 15:10:15.656   795   795 I ActivityThread: Pub com.google.android.apps.genie.geniewidget.newsimage: com.google.android.apps.genie.geniewidget.providers.NewsImageProvider
06-20 15:10:15.738   719   734 E DefaultVoicemailNotifier: No voicemails to notify about: clear the notification.
06-20 15:10:15.742   777   791 D Eas Debug: Logging: 
06-20 15:10:15.774   795   795 W Genie   : Cache file not found: java.io.FileNotFoundException: /data/data/com.google.android.apps.genie.geniewidget/cache/genie_masfcache: open failed: ENOENT (No such file or directory)
06-20 15:10:15.789   795   795 W Genie   : Cache file not found: java.io.FileNotFoundException: /data/data/com.google.android.apps.genie.geniewidget/cache/genie_iconcache: open failed: ENOENT (No such file or directory)
06-20 15:10:15.809   719   733 I AccountTypeManager: Loaded meta-data for 2 account types, 1 accounts in 1305ms(wall) 14ms(cpu)
06-20 15:10:15.813   795   798 D dalvikvm: GC_CONCURRENT freed 346K, 5% free 9185K/9607K, paused 3ms+2ms
06-20 15:10:15.832   795   806 W CursorWrapperInner: Cursor finalized without prior close()
06-20 15:10:15.856   151   500 I ActivityManager: Start proc com.google.android.gm for broadcast com.google.android.gm/.MailIntentReceiver: pid=820 uid=10017 gids={3003, 1015}
06-20 15:10:15.942   151   163 D dalvikvm: GC_EXPLICIT freed 368K, 13% free 12845K/14599K, paused 2ms+4ms
06-20 15:10:16.078   777   777 D ExchangeService: !!! EAS ExchangeService, onStartCommand, startingUp = true, running = false
06-20 15:10:16.082   777   791 D Eas Debug: Logging: 
06-20 15:10:16.102   777   801 D ExchangeService: Received deviceId from Email app: androidc1188569685
06-20 15:10:16.110   777   801 D ExchangeService: Reconciling accounts...
06-20 15:10:16.117   820   820 I ActivityThread: Pub gmail-ls: com.google.android.gm.provider.MailProvider
06-20 15:10:16.141   820   820 I ActivityThread: Pub com.google.android.gmail.SuggestionProvider: com.google.android.gm.SuggestionsProvider
06-20 15:10:16.164   820   820 I ActivityThread: Pub com.google.android.gm: com.google.android.gm.provider.PublicContentProvider
06-20 15:10:16.692   580   582 D dalvikvm: GC_CONCURRENT freed 396K, 5% free 9134K/9607K, paused 10ms+2ms
06-20 15:10:16.820   354   429 D StopWatch: StopWatch bcc: PrepareExecutable time (us): 4987949 
06-20 15:10:16.820   354   429 E bcc     : Symbol not found: init
06-20 15:10:16.860   354   354 D dalvikvm: GC_FOR_ALLOC freed 87K, 3% free 9098K/9347K, paused 26ms
06-20 15:10:16.867   354   354 I dalvikvm-heap: Grow heap (frag case) to 11.879MB for 3072016-byte allocation
06-20 15:10:16.969   354   356 D dalvikvm: GC_CONCURRENT freed 2K, 3% free 12096K/12359K, paused 2ms+3ms
06-20 15:10:17.086   580   580 I RlzPingService: Setting next ping for 1340824217066
06-20 15:10:17.106   275   275 I wpa_supplicant: wlan0: Authentication with d0:c2:82:66:6b:f0 timed out.
06-20 15:10:17.125   151   402 I ActivityManager: Start proc com.google.android.apps.maps:FriendService for broadcast com.google.android.apps.maps/com.google.googlenav.friend.android.ServiceReceiver: pid=859 uid=10028 gids={3003, 1015}
06-20 15:10:17.145   614   617 D dalvikvm: GC_CONCURRENT freed 385K, 6% free 9368K/9863K, paused 2ms+8ms
06-20 15:10:17.168   859   859 I dalvikvm: Turning on JNI app bug workarounds for target SDK version 13...
06-20 15:10:17.438   302   304 D dalvikvm: GC_CONCURRENT freed 407K, 6% free 10125K/10695K, paused 2ms+14ms
06-20 15:10:17.453   859   861 D dalvikvm: GC_CONCURRENT freed 166K, 3% free 9370K/9607K, paused 2ms+7ms
06-20 15:10:17.563   614   857 I SystemUpdateService: checking for post-install intent
06-20 15:10:17.820   614   857 I SystemUpdateService: cancelUpdate (empty URL)
06-20 15:10:17.879   859   861 D dalvikvm: GC_CONCURRENT freed 272K, 4% free 9581K/9927K, paused 4ms+2ms
06-20 15:10:17.945   151   162 I ActivityManager: Start proc com.android.mms for broadcast com.android.mms/.transaction.MmsSystemEventReceiver: pid=875 uid=10031 gids={3003, 1015}
06-20 15:10:18.012   875   875 I ActivityThread: Pub mms_temp_file: com.android.mms.TempFileProvider
06-20 15:10:18.012   875   875 I ActivityThread: Pub com.android.mms.SuggestionsProvider: com.android.mms.SuggestionsProvider
06-20 15:10:18.051   820   822 D dalvikvm: GC_CONCURRENT freed 258K, 4% free 9212K/9543K, paused 41ms+7ms
06-20 15:10:18.059   875   875 V MmsConfig: mnc/mcc: 310120
06-20 15:10:18.059   875   875 V MmsConfig: tag: bool value: enabledMMS - true
06-20 15:10:18.059   875   875 V MmsConfig: tag: int value: maxMessageSize - 307200
06-20 15:10:18.059   151   353 D CountryDetector: The first listener is added
06-20 15:10:18.063   875   875 V MmsConfig: tag: int value: maxImageHeight - 480
06-20 15:10:18.063   875   875 V MmsConfig: tag: int value: maxImageWidth - 640
06-20 15:10:18.063   875   875 V MmsConfig: tag: int value: defaultSMSMessagesPerThread - 500
06-20 15:10:18.063   875   875 V MmsConfig: tag: int value: defaultMMSMessagesPerThread - 50
06-20 15:10:18.063   875   875 V MmsConfig: tag: int value: minMessageCountPerThread - 10
06-20 15:10:18.063   875   875 V MmsConfig: tag: int value: maxMessageCountPerThread - 5000
06-20 15:10:18.063   875   875 V MmsConfig: tag: string value: uaProfUrl - http://www.google.com/oha/rdf/ua-profile-kila.xml
06-20 15:10:18.063   875   875 V MmsConfig: tag: int value: recipientLimit - -1
06-20 15:10:18.063   875   875 V MmsConfig: tag: int value: smsToMmsTextThreshold - 4
06-20 15:10:18.063   875   875 V MmsConfig: tag: bool value: enableMultipartSMS - true
06-20 15:10:18.063   875   875 V MmsConfig: tag: bool value: enableSlideDuration - true
06-20 15:10:18.063   875   875 V MmsConfig: tag: int value: maxMessageTextSize - -1
06-20 15:10:18.113   385   401 D MmsSmsDatabaseHelper: [MmsSmsDb] tableName: threads hasAutoIncrement: CREATE TABLE threads (_id INTEGER PRIMARY KEY AUTOINCREMENT,date INTEGER DEFAULT 0,message_count INTEGER DEFAULT 0,recipient_ids TEXT,snippet TEXT,snippet_cs INTEGER DEFAULT 0,read INTEGER DEFAULT 1,type INTEGER DEFAULT 0,error INTEGER DEFAULT 0,has_attachment INTEGER DEFAULT 0) result: true
06-20 15:10:18.113   385   401 D MmsSmsDatabaseHelper: [MmsSmsDb] tableName: canonical_addresses hasAutoIncrement: CREATE TABLE canonical_addresses (_id INTEGER PRIMARY KEY AUTOINCREMENT,address TEXT) result: true
06-20 15:10:18.113   385   401 D MmsSmsDatabaseHelper: [getWritableDatabase] hasAutoIncrementThreads: true hasAutoIncrementAddresses: true
06-20 15:10:18.168   151   492 W ActivityManager: Permission Denial: receiving Intent { act=android.intent.action.BOOT_COMPLETED flg=0x10 } to com.android.musicfx requires android.permission.RECEIVE_BOOT_COMPLETED due to sender null (uid 1000)
06-20 15:10:18.184   151   168 I ActivityManager: Start proc com.google.android.onetimeinitializer for broadcast com.google.android.onetimeinitializer/.OneTimeInitializerReceiver: pid=900 uid=10034 gids={}
06-20 15:10:18.219   900   900 V OneTimeInitializerReceiver: OneTimeInitializerReceiver.onReceive
06-20 15:10:18.235   900   913 V OneTimeService: OneTimeService.onHandleIntent
06-20 15:10:18.250   151   353 I ActivityManager: Start proc edu.buffalo.cse.phonelab.phonelabservices for broadcast edu.buffalo.cse.phonelab.phonelabservices/edu.buffalo.cse.phonelab.receivers.OnBootReceiver: pid=914 uid=10037 gids={3003, 1015, 1007, 2001}
06-20 15:10:18.285   914   914 I PhoneLab-OnBootReceiver: Device is booted!
06-20 15:10:18.285   914   914 I PhoneLab-OnBootReceiver: Rescheduling periodic checking...
06-20 15:10:18.320   151   353 I ActivityManager: Start proc com.google.android.talk for broadcast com.google.android.talk/.videochat.BootCompleteReceiver: pid=928 uid=10045 gids={3003, 1015, 1006, 3002}
06-20 15:10:18.442   928   928 I ActivityThread: Pub com.google.android.talk.SuggestionProvider: com.google.android.talk.SuggestionsProvider
06-20 15:10:18.461   151   223 D ConnectivityService: handleInetConditionChange: no active default network - ignore
06-20 15:10:18.535   928   928 D vclib:CallStateClient: startListening
06-20 15:10:18.617   614   617 D dalvikvm: GC_CONCURRENT freed 505K, 6% free 9411K/9991K, paused 5ms+3ms
06-20 15:10:18.649   275   275 I wpa_supplicant: wlan0: Trying to associate with d0:c2:82:84:8d:50 (SSID='UB_Secure' freq=2462 MHz)
06-20 15:10:18.652   928   930 D dalvikvm: GC_CONCURRENT freed 146K, 3% free 9339K/9607K, paused 5ms+2ms
06-20 15:10:18.668   275   275 I wpa_supplicant: wlan0: Associated with d0:c2:82:84:8d:50
06-20 15:10:18.668   275   275 I wpa_supplicant: wlan0: CTRL-EVENT-EAP-STARTED EAP authentication started
06-20 15:10:18.676   275   275 I wpa_supplicant: wlan0: CTRL-EVENT-EAP-PROPOSED-METHOD vendor=0 method=4 -> NAK
06-20 15:10:18.680   275   275 I wpa_supplicant: wlan0: CTRL-EVENT-EAP-PROPOSED-METHOD vendor=0 method=25
06-20 15:10:18.684   275   275 I wpa_supplicant: wlan0: CTRL-EVENT-EAP-METHOD EAP vendor 0 method 25 (PEAP) selected
06-20 15:10:18.746   928   928 I talk    : Refresh the supported camera state
06-20 15:10:18.758   275   275 I wpa_supplicant: wlan0: CTRL-EVENT-EAP-PEER-CERT depth=2 subject='/C=US/O=Entrust.net/OU=www.entrust.net/CPS incorp. by ref. (limits liab.)/OU=(c) 1999 Entrust.net Limited/CN=Entrust.net Secure Server Certification Authority'
06-20 15:10:18.758    75   113 D NetlinkEvent: Unexpected netlink message. type=0x0
06-20 15:10:18.774   275   275 I wpa_supplicant: wlan0: CTRL-EVENT-EAP-PEER-CERT depth=2 subject='/C=US/O=Entrust.net/OU=www.entrust.net/CPS incorp. by ref. (limits liab.)/OU=(c) 1999 Entrust.net Limited/CN=Entrust.net Secure Server Certification Authority'
06-20 15:10:18.774   275   275 I wpa_supplicant: wlan0: CTRL-EVENT-EAP-PEER-CERT depth=1 subject='/C=US/ST=UT/L=Salt Lake City/O=The USERTRUST Network/CN=USERTrust Legacy Secure Server CA'
06-20 15:10:18.781   275   275 I wpa_supplicant: wlan0: CTRL-EVENT-EAP-PEER-CERT depth=0 subject='/C=US/postalCode=14260/ST=New York/L=Buffalo/street=305 Computing Center/O=SUNY AT BUFFALO/OU=Issued through UNIVERSITY AT BUFFALO E-PKI Manager/OU=Comodo PremiumSSL Legacy/CN=radius2.cit.buffalo.edu'
06-20 15:10:18.844   151   469 I ActivityManager: Start proc com.android.voicedialer for broadcast com.android.voicedialer/.VoiceDialerReceiver: pid=952 uid=10049 gids={3002}
06-20 15:10:18.891   151   153 D dalvikvm: GC_CONCURRENT freed 756K, 12% free 12981K/14599K, paused 3ms+12ms
06-20 15:10:18.934    79    79 D dalvikvm: GC_EXPLICIT freed 37K, 4% free 9031K/9347K, paused 6ms+7ms
06-20 15:10:19.008    79    79 D dalvikvm: GC_EXPLICIT freed <1K, 4% free 9031K/9347K, paused 1ms+20ms
06-20 15:10:19.020   275   275 I wpa_supplicant: EAP-MSCHAPV2: Authentication succeeded
06-20 15:10:19.024   275   275 I wpa_supplicant: EAP-TLV: TLV Result - Success - EAP-TLV/Phase2 Completed
06-20 15:10:19.027   275   275 I wpa_supplicant: wlan0: CTRL-EVENT-EAP-SUCCESS EAP authentication completed successfully
06-20 15:10:19.043   275   275 I wpa_supplicant: wlan0: WPA: Key negotiation completed with d0:c2:82:84:8d:50 [PTK=CCMP GTK=TKIP]
06-20 15:10:19.043   275   275 I wpa_supplicant: wlan0: CTRL-EVENT-CONNECTED - Connection to d0:c2:82:84:8d:50 completed (auth) [id=0 id_str=]
06-20 15:10:19.129    79    79 D dalvikvm: GC_EXPLICIT freed <1K, 4% free 9031K/9347K, paused 1ms+2ms
06-20 15:10:19.149   151   163 I ActivityManager: Start proc com.google.android.apps.maps:LocationFriendService for broadcast com.google.android.apps.maps/com.google.googlenav.friend.reporting.LocationReportingIntentReceiver: pid=969 uid=10028 gids={3003, 1015}
06-20 15:10:19.160   969   969 I dalvikvm: Turning on JNI app bug workarounds for target SDK version 13...
06-20 15:10:19.258   928   951 I talk    : supported front camera true
06-20 15:10:19.305   969   972 D dalvikvm: GC_CONCURRENT freed 153K, 3% free 9383K/9607K, paused 2ms+2ms
06-20 15:10:19.578   969   972 D dalvikvm: GC_CONCURRENT freed 269K, 5% free 9585K/9991K, paused 2ms+8ms
06-20 15:10:19.633   151   223 D ConnectivityService: ConnectivityChange for WIFI: CONNECTED/CONNECTED
06-20 15:10:19.668   151   218 W NetworkStats: dropping UID delta from unknown iface: iface=wlan0 uid=0 set=DEFAULT tag=0x0 rxBytes=0 rxPackets=0 txBytes=56 txPackets=1 operations=0
06-20 15:10:19.688   151   163 I ActivityManager: START {flg=0x10000000 cmp=com.google.android.apps.maps/com.google.googlenav.login.AndroidLoginActivitySdk5 (has extras)} from pid 969
06-20 15:10:19.695    78   125 D PermissionCache: checking android.permission.READ_FRAME_BUFFER for uid=1000 => granted (188 us)
06-20 15:10:19.828   495   498 D dalvikvm: GC_CONCURRENT freed 198K, 4% free 9403K/9735K, paused 2ms+2ms
06-20 15:10:19.961   627   629 D dalvikvm: GC_CONCURRENT freed 327K, 5% free 9144K/9543K, paused 3ms+3ms
06-20 15:10:20.297   151   353 I ActivityManager: START {flg=0x10000000 cmp=com.google.android.gsf/.update.SystemUpdateInstallDialog} from pid 614
06-20 15:10:20.453   151   500 I ActivityManager: Start proc com.google.android.apps.maps for activity com.google.android.apps.maps/com.google.googlenav.login.AndroidLoginActivitySdk5: pid=1021 uid=10028 gids={3003, 1015}
06-20 15:10:20.473   151   153 D dalvikvm: GC_CONCURRENT freed 749K, 10% free 13141K/14599K, paused 6ms+9ms
06-20 15:10:20.504  1021  1021 I dalvikvm: Turning on JNI app bug workarounds for target SDK version 13...
06-20 15:10:20.664  1021  1023 D dalvikvm: GC_CONCURRENT freed 152K, 3% free 9384K/9607K, paused 3ms+2ms
06-20 15:10:20.715  1021  1021 I ActivityThread: Pub com.google.android.maps.LayerInfoProvider: com.google.googlenav.layer.LayerInfoProvider
06-20 15:10:20.738  1021  1021 I ActivityThread: Pub com.google.android.maps.TrafficAppWidgetProvider: com.google.googlenav.appwidget.traffic.TrafficAppWidgetProvider
06-20 15:10:20.738  1021  1021 I ActivityThread: Pub com.google.android.maps.SuggestionProvider: com.google.googlenav.suggest.android.SuggestProvider
06-20 15:10:20.750   914   914 I PhoneLab-WiFiReceiver: Wi-Fi is connected!
06-20 15:10:20.762  1021  1021 I ActivityThread: Pub com.google.android.maps.LocalActivePlacesProvider: com.google.googlenav.provider.LocalActivePlacesProvider
06-20 15:10:20.766   914   914 I PhoneLab-WiFiReceiver: SSID: UB_Secure BSSID: d0:c2:82:84:8d:50 RSSI: -77 LinkSpeed: 65
06-20 15:10:20.766  1021  1021 I ActivityThread: Pub com.google.android.maps.StarredItemProvider: com.google.googlenav.provider.StarredItemProvider
06-20 15:10:20.777   928  1035 I talk    : onMcsConnectionStarted
06-20 15:10:20.793   914   914 I PhoneLab-Locks: wake lock acquired
06-20 15:10:20.824   914   914 I PhoneLab-UploadLogs: Transfering log files now
06-20 15:10:20.824   914   914 I PhoneLab-UploadLogs: No log files to transfer
06-20 15:10:20.824   914   914 I PhoneLab-Locks: wake lock released
06-20 15:10:20.832   914   914 I PhoneLab-UploadLogs: OnStartCommand
06-20 15:10:20.863   614   617 D dalvikvm: GC_CONCURRENT freed 412K, 6% free 9466K/9991K, paused 2ms+9ms
06-20 15:10:20.871  1021  1023 D dalvikvm: GC_CONCURRENT freed 239K, 4% free 9591K/9927K, paused 2ms+2ms
06-20 15:10:20.891   151   504 I ActivityManager: START {flg=0x10000000 cmp=com.google.android.gsf/.update.SystemUpdateDownloadDialog} from pid 614
06-20 15:10:21.039  1021  1023 D dalvikvm: GC_CONCURRENT freed 322K, 4% free 9787K/10183K, paused 2ms+3ms
06-20 15:10:21.039  1021  1021 I ActivityThread: Pub com.google.android.maps.LocalSuggestionProvider: com.google.googlenav.provider.LocalSuggestionProvider
06-20 15:10:21.043   151   167 I Process : Sending signal. PID: 1021 SIG: 3
06-20 15:10:21.043  1021  1026 I dalvikvm: threadid=3: reacting to signal 3
06-20 15:10:21.051   614   614 V SystemUpdateService: onPostExecute: false
06-20 15:10:21.063  1021  1021 I ActivityThread: Pub com.google.android.maps.SearchHistoryProvider: com.google.googlenav.provider.SearchHistoryProvider
06-20 15:10:21.063  1021  1021 I ActivityThread: Pub com.google.android.maps.NavigationAvailabilityProvider: com.google.googlenav.provider.NavigationAvailabilityProvider
06-20 15:10:21.078  1021  1026 I dalvikvm: Wrote stack traces to '/data/anr/traces.txt'
06-20 15:10:21.113   151   158 I dalvikvm: Jit: resizing JitTable from 4096 to 8192
06-20 15:10:21.184   151  1041 D dalvikvm: GC_FOR_ALLOC freed 449K, 10% free 13229K/14599K, paused 64ms
06-20 15:10:21.184   151  1041 I dalvikvm-heap: Grow heap (frag case) to 13.122MB for 135020-byte allocation
06-20 15:10:21.238   151  1041 D dalvikvm: GC_FOR_ALLOC freed 7K, 10% free 13354K/14791K, paused 52ms
06-20 15:10:21.336   151   195 I ActivityManager: Displayed com.android.launcher/com.android.launcher2.Launcher: +14s74ms
06-20 15:10:21.340   151   504 I ActivityManager: No longer want com.android.contacts (pid 719): hidden #16
06-20 15:10:21.391   151   712 I ActivityManager: No longer want com.google.android.apps.genie.geniewidget (pid 795): hidden #16
06-20 15:10:21.641   151   504 I ActivityManager: No longer want com.google.android.gsf.login (pid 660): hidden #16
06-20 15:10:21.809    72    95 I /system/bin/fsck_msdos: ** Phase 2 - Check Cluster Chains
06-20 15:10:21.844   614  1040 I GTalkService/c: [GTalkConnection@1094478312] connect: acct=1, state=CONNECTING
06-20 15:10:21.977   820   873 I Gmail   : calculateUnknownSyncRationalesAndPurgeInBackground: queueing
06-20 15:10:22.070   820   846 I Gmail   : Sending notification intent: Intent { act=android.intent.action.PROVIDER_CHANGED dat=content://gmail-ls/unread/^i (has extras) }
06-20 15:10:22.078   820   822 D dalvikvm: GC_CONCURRENT freed 287K, 5% free 9332K/9735K, paused 2ms+8ms
06-20 15:10:22.110   820   846 I Gmail   : Sending notification intent: Intent { act=android.intent.action.PROVIDER_CHANGED dat=content://gmail-ls/unread/^iim (has extras) }
06-20 15:10:22.141   151   504 I ActivityManager: No longer want com.google.android.partnersetup (pid 580): hidden #16
06-20 15:10:22.258   820   873 I Gmail   : calculateUnknownSyncRationalesAndPurgeInBackground: queueing
06-20 15:10:22.516    72    95 I /system/bin/fsck_msdos: ** Phase 3 - Checking Directories
06-20 15:10:22.606   151   500 D dalvikvm: GC_EXPLICIT freed 616K, 13% free 12927K/14791K, paused 3ms+5ms
06-20 15:10:22.672   151   226 D Tethering: MasterInitialState.processMessage what=3
06-20 15:10:22.699   614   614 I GTalkService/c: [AndroidEndpoint@1094034656] connect: acct=1000000, state=CONNECTING
06-20 15:10:22.762    72    95 I /system/bin/fsck_msdos: ** Phase 4 - Checking for Lost Files
06-20 15:10:22.828   614   949 E GTalkService: connectionClosed: no XMPPConnection - That's strange!
06-20 15:10:22.867   151   504 I ActivityManager: Start proc com.google.android.apps.uploader for broadcast com.google.android.apps.uploader/.ConnectivityBroadcastReceiver: pid=1054 uid=10030 gids={3003}
06-20 15:10:22.875  1054  1054 I dalvikvm: Turning on JNI app bug workarounds for target SDK version 11...
06-20 15:10:22.953   820   873 I Gmail   : calculateUnknownSyncRationalesAndPurgeInBackground: running
06-20 15:10:23.008   820   873 I Gmail   : calculateUnknownSyncRationalesAndPurgeInBackground: running
06-20 15:10:23.016   151   189 I ActivityManager: Start proc com.google.android.syncadapters.calendar for service com.google.android.syncadapters.calendar/.CalendarSyncAdapterService: pid=1067 uid=10018 gids={3003}
06-20 15:10:23.074   777   777 D ExchangeService: !!! EAS ExchangeService, onStartCommand, startingUp = true, running = false
06-20 15:10:23.098   151   500 I ActivityManager: No longer want com.android.email (pid 757): hidden #16
06-20 15:10:23.113  1054  1054 I ActivityThread: Pub com.google.android.apps.uploader: com.google.android.apps.uploader.UploadsContentProvider
06-20 15:10:23.117  1054  1054 I ActivityThread: Pub com.google.photos.provider.Album: com.google.android.apps.uploader.clients.picasa.AlbumProvider
06-20 15:10:23.125  1054  1054 D MediaUploader: UploaderApplication.onCreate
06-20 15:10:23.238   417   419 D dalvikvm: GC_CONCURRENT freed 218K, 3% free 11247K/11591K, paused 2ms+2ms
06-20 15:10:23.270   151   162 I ActivityManager: Kill com.android.exchange (pid 777): provider com.android.email.provider.EmailProvider in dying process com.android.email
06-20 15:10:23.301   151   492 I ActivityManager: Start proc com.google.android.gsf.login for service com.google.android.gsf.login/com.google.android.gsf.loginservice.GoogleLoginService: pid=1085 uid=10009 gids={3003, 1015, 1007, 2001, 3006}
06-20 15:10:23.379   151   162 I ActivityManager: Process com.android.exchange (pid 777) has died.
06-20 15:10:23.379   151   162 W ActivityManager: Scheduling restart of crashed service com.android.exchange/.ExchangeService in 5000ms
06-20 15:10:23.395    72    95 I /system/bin/fsck_msdos: Next free cluster in FSInfo block (138556) not free
06-20 15:10:23.395    72    95 I /system/bin/fsck_msdos: FIXED
06-20 15:10:23.399    72    95 I /system/bin/fsck_msdos: 729 files, 479568 free (3265620 clusters)
06-20 15:10:23.442    72    95 I Vold    : Filesystem check completed OK
06-20 15:10:23.449    72    95 I Vold    : Device /dev/block/vold/179:3, target /mnt/sdcard mounted @ /mnt/secure/staging
06-20 15:10:23.449    72    95 D Vold    : Volume sdcard state changing 3 (Checking) -> 4 (Mounted)
06-20 15:10:23.449   151   231 D MountService: volume state changed for /mnt/sdcard (checking -> mounted)
06-20 15:10:23.453   151   231 I PackageManager: Updating external media status from unmounted to mounted
06-20 15:10:23.461   302   352 I StorageNotification: Media {/mnt/sdcard} state changed from {checking} -> {mounted}
06-20 15:10:23.465   151   231 D MountService: sendStorageIntent Intent { act=android.intent.action.MEDIA_MOUNTED dat=file:///mnt/sdcard (has extras) }
06-20 15:10:23.520    72    95 D VoldCmdListener: asec list
06-20 15:10:23.570   151   171 I PackageManager: No secure containers on sdcard
06-20 15:10:23.598   302   302 D dalvikvm: GC_FOR_ALLOC freed 114K, 5% free 10184K/10695K, paused 20ms
06-20 15:10:23.598   302   302 I dalvikvm-heap: Grow heap (frag case) to 10.186MB for 184336-byte allocation
06-20 15:10:23.617   302   302 D dalvikvm: GC_FOR_ALLOC freed <1K, 5% free 10363K/10887K, paused 18ms
06-20 15:10:23.641   302   302 D dalvikvm: GC_FOR_ALLOC freed 187K, 7% free 10176K/10887K, paused 16ms
06-20 15:10:23.668   450   452 D dalvikvm: GC_CONCURRENT freed 209K, 4% free 9265K/9607K, paused 2ms+2ms
06-20 15:10:23.707   302   302 D dalvikvm: GC_FOR_ALLOC freed 369K, 8% free 10083K/10887K, paused 18ms
06-20 15:10:23.770   151   171 W PackageManager: Unknown permission com.android.vending.permission.UPDATE_MARKET_FAILURE in package com.android.vending.updater
06-20 15:10:23.789   151   171 W PackageManager: Unknown permission android.permission.ADD_SYSTEM_SERVICE in package com.android.phone
06-20 15:10:23.820   151   171 W PackageManager: Unknown permission com.google.android.apps.googlevoice.permission.AUTO_SEND in package com.google.android.voicesearch
06-20 15:10:23.836   151   171 W PackageManager: Unknown permission com.android.vending.billing.IBillingAccountService.BIND2 in package com.google.android.gsf.login
06-20 15:10:23.840   151   171 W PackageManager: Not granting permission android.permission.SEND_DOWNLOAD_COMPLETED_INTENTS to package com.android.browser (protectionLevel=2 flags=0x9be45)
06-20 15:10:23.887   302   304 D dalvikvm: GC_CONCURRENT freed 390K, 7% free 10142K/10887K, paused 3ms+4ms
06-20 15:10:23.899   151   171 W PackageManager: Unknown permission android.permission.WRITE_CDMA_CARRIER_SETTINGS in package com.android.sprintmenu
06-20 15:10:23.899   151   171 W PackageManager: Unknown permission android.permission.CHANGE_DUN_STATE in package com.android.sprintmenu
06-20 15:10:23.902   151   171 W PackageManager: Unknown permission android.permission.READ_EXTERNAL_STORAGE in package com.android.videoeditor
06-20 15:10:23.922   614   949 D dalvikvm: GC_EXPLICIT freed 359K, 6% free 9461K/9991K, paused 143ms+57ms
06-20 15:10:23.934   151   171 W PackageManager: Unknown permission android.permission.READ_EXTERNAL_STORAGE in package com.android.vending
06-20 15:10:24.000   151   171 W PackageManager: Unknown permission com.sprint.internal.permission.CONNECTIONMANAGER in package com.samsung.update
06-20 15:10:24.000   151   171 W PackageManager: Unknown permission com.sprint.internal.permission.SYSTEMPROPERTIES in package com.samsung.update
06-20 15:10:24.000   151   171 W PackageManager: Unknown permission com.sprint.internal.permission.SYSTEMPROPERTIES_WRITE in package com.samsung.update
06-20 15:10:24.000   151   171 W PackageManager: Unknown permission com.android.providers.im.permission.READ_ONLY in package com.google.android.apps.maps
06-20 15:10:24.004   151   171 W PackageManager: Not granting permission android.permission.DEVICE_POWER to package com.android.deskclock (protectionLevel=2 flags=0x8be45)
06-20 15:10:24.012   151   171 W PackageManager: Unknown permission android.permission.FLAG_RECEIVER_REGISTERED_ONLY_BEFORE_BOOT in package com.samsung.wimax
06-20 15:10:24.266  1054  1054 D MediaUploader: nonWifiLimit=20971520, default=20971520
06-20 15:10:24.281  1054  1054 I MediaUploader: No need to wake up
06-20 15:10:24.297   151   712 I ActivityManager: No longer want com.google.android.apps.maps:FriendService (pid 859): hidden #16
06-20 15:10:24.313   450   450 D MediaScannerReceiver: action: android.intent.action.MEDIA_MOUNTED path: /mnt/sdcard
06-20 15:10:24.317  1054  1054 I MediaUploader: No need to wake up
06-20 15:10:24.840   417   419 D dalvikvm: GC_CONCURRENT freed 523K, 6% free 11447K/12103K, paused 3ms+2ms
06-20 15:10:25.059  1067  1070 D dalvikvm: GC_CONCURRENT freed 296K, 5% free 9182K/9607K, paused 3ms+3ms
06-20 15:10:25.117   614   617 D dalvikvm: GC_CONCURRENT freed 307K, 5% free 9559K/9991K, paused 2ms+4ms
06-20 15:10:25.809   151   223 D ConnectivityService: handleInetConditionHoldEnd: net=1, condition=100, published condition=0
06-20 15:10:26.078   302   302 D PhoneStatusBar: disable: < expand icons alerts ticker system_info back* home* RECENT clock* >
06-20 15:10:26.094   302   302 D PhoneStatusBar: disable: < expand icons alerts ticker system_info BACK* HOME* RECENT CLOCK* >
06-20 15:10:26.110   151   469 I ActivityManager: No longer want com.android.mms (pid 875): hidden #16
06-20 15:10:26.117   151   163 D CountryDetector: No listener is left
06-20 15:10:26.125   151   400 I ActivityManager: No longer want com.google.android.onetimeinitializer (pid 900): hidden #16
06-20 15:10:27.442   151   402 I ActivityManager: Start proc com.android.browser for content provider com.android.browser/.provider.BrowserProvider2: pid=1115 uid=10003 gids={3003, 1015}
06-20 15:10:27.457   151   500 I ActivityManager: No longer want com.android.voicedialer (pid 952): hidden #16
06-20 15:10:27.508  1115  1115 I ActivityThread: Pub com.android.browser;browser: com.android.browser.provider.BrowserProvider2
06-20 15:10:27.516  1115  1115 I ActivityThread: Pub com.android.browser.home: com.android.browser.homepages.HomeProvider
06-20 15:10:27.516  1115  1115 I ActivityThread: Pub com.android.browser.snapshots: com.android.browser.provider.SnapshotProvider
06-20 15:10:28.289   914   914 I PhoneLab-Locks: wake lock acquired
06-20 15:10:28.301   914  1140 I PhoneLab-PeriodicCheckService: User info is synched
06-20 15:10:28.309   914  1140 W PhoneLab-PeriodicCheckService: Logger Service is not running starting now...
06-20 15:10:28.320   914  1140 I PhoneLab-Locks: wake lock acquired
06-20 15:10:28.320   914  1140 I PhoneLab-PeriodicCheckService: Rescheduling periodic checking...
06-20 15:10:28.324   914  1140 I PhoneLab-Locks: wake lock released
06-20 15:10:28.324   914   914 I PhoneLab-LoggerService: Start Logger Service
06-20 15:10:28.324   914  1141 I PhoneLab-: Service Running
06-20 15:10:28.324   914   914 I PhoneLab-Locks: wake lock acquired
06-20 15:10:28.332   914   914 I PhoneLab-UploadLogs: Transfering log files now
06-20 15:10:28.414   151   168 I ActivityManager: Start proc com.android.exchange for service com.android.exchange/.ExchangeService: pid=1145 uid=10014 gids={3003, 1015}
06-20 15:10:28.442   914  1141 I PhoneLab-LoggerService: Logcat pid from database 967
06-20 15:10:28.442   914  1141 I PhoneLab-LoggerService: Logcat process not found, starting process
06-20 15:10:28.442   914  1141 I System.out: /mnt/sdcard/.log/
06-20 15:10:28.504  1145  1145 I ActivityThread: Pub com.android.exchange.directory.provider: com.android.exchange.provider.ExchangeDirectoryProvider
06-20 15:10:28.524   914   917 D dalvikvm: GC_CONCURRENT freed 351K, 5% free 9171K/9607K, paused 2ms+10ms
06-20 15:10:28.559  1145  1145 D ExchangeService: !!! EAS ExchangeService, onStartCommand, startingUp = false, running = false
06-20 15:10:28.602   914  1141 I PhoneLab-LoggerService: app_37    1158  914   816    428   c010c604 40030698 D logcat
06-20 15:10:28.613   914  1141 I PhoneLab-LoggerService: PID to db1158
06-20 15:10:28.656   151   492 I ActivityManager: Start proc com.android.email for service com.android.email/.service.AccountService: pid=1162 uid=10013 gids={3003, 1015}
06-20 15:10:28.660   914   917 D dalvikvm: GC_CONCURRENT freed 372K, 6% free 9278K/9799K, paused 2ms+4ms
06-20 15:10:28.692   914   914 D dalvikvm: GC_FOR_ALLOC freed 0K, 6% free 9278K/9799K, paused 30ms
06-20 15:10:28.692   914   914 I dalvikvm-heap: Grow heap (frag case) to 9.372MB for 254548-byte allocation
06-20 15:10:28.738   914   924 D dalvikvm: GC_FOR_ALLOC freed 120K, 7% free 9406K/10055K, paused 34ms
06-20 15:10:28.777   914   914 D dalvikvm: GC_FOR_ALLOC freed 0K, 7% free 9406K/10055K, paused 26ms
06-20 15:10:28.781   914   914 I dalvikvm-heap: Grow heap (frag case) to 9.747MB for 516692-byte allocation
06-20 15:10:28.781  1162  1162 I ActivityThread: Pub com.android.email.provider;com.android.email.notifier: com.android.email.provider.EmailProvider
06-20 15:10:28.805  1162  1162 I ActivityThread: Pub com.android.email.attachmentprovider: com.android.email.provider.AttachmentProvider
06-20 15:10:28.813   914   924 D dalvikvm: GC_FOR_ALLOC freed 248K, 9% free 9662K/10567K, paused 22ms
06-20 15:10:28.848   914   914 I PhoneLab-UploadLogs: OnStartCommand
06-20 15:10:28.852   914   914 I PhoneLab-StatusMonitor: Status Monitoring is started
06-20 15:10:28.856   914   914 E PhoneLab-PhoneLabManifest: java.io.FileNotFoundException: /data/data/edu.buffalo.cse.phonelab.phonelabservices/files/manifest.xml: open failed: ENOENT (No such file or directory)
06-20 15:10:28.856   914   914 I PhoneLab-Locks: wake lock released
06-20 15:10:28.949   151   153 D dalvikvm: GC_CONCURRENT freed 806K, 13% free 13009K/14791K, paused 3ms+6ms
06-20 15:10:28.969   614   617 D dalvikvm: GC_CONCURRENT freed 322K, 5% free 9668K/10119K, paused 2ms+180ms
06-20 15:10:29.012   914   917 D dalvikvm: GC_CONCURRENT freed 78K, 9% free 9633K/10567K, paused 11ms+6ms
06-20 15:10:29.133   914  1176 D dalvikvm: GC_FOR_ALLOC freed 318K, 9% free 9645K/10567K, paused 21ms
06-20 15:10:29.141  1145  1161 D ExchangeService: Received deviceId from Email app: androidc1188569685
06-20 15:10:29.141  1145  1161 D ExchangeService: Reconciling accounts...
06-20 15:10:29.156  1145  1181 D Eas Debug: Logging: 
06-20 15:10:29.156  1145  1145 D ExchangeService: !!! EAS ExchangeService, onStartCommand, startingUp = true, running = false
06-20 15:10:29.176  1145  1156 D Eas Debug: Logging: 
06-20 15:10:29.184   914  1176 D dalvikvm: GC_FOR_ALLOC freed 301K, 9% free 9645K/10567K, paused 40ms
06-20 15:10:29.207   914  1176 D dalvikvm: GC_FOR_ALLOC freed 301K, 9% free 9652K/10567K, paused 19ms
06-20 15:10:29.418   151   400 D dalvikvm: GC_EXPLICIT freed 100K, 13% free 12953K/14791K, paused 2ms+6ms
06-20 15:10:29.527   914   914 I PhoneLab-: 1340219066380.log is deleted
06-20 15:10:29.527   914   914 I PhoneLab-: Response: {"data": "done", "err": ""}
06-20 15:10:29.531   914   914 I PhoneLab-UploadLogs: No log files to transfer
06-20 15:10:29.531   914   914 I PhoneLab-Locks: wake lock released
06-20 15:10:29.703   151   400 I ActivityManager: No longer want com.android.deskclock (pid 567): hidden #16
06-20 15:10:29.774  1162  1164 D dalvikvm: GC_CONCURRENT freed 251K, 4% free 9248K/9607K, paused 2ms+3ms
06-20 15:10:30.074   450   452 D dalvikvm: GC_CONCURRENT freed 331K, 5% free 9334K/9799K, paused 3ms+7ms
06-20 15:10:32.485   820  1200 I Gmail   : MainSyncRequestProto: lowestBkwdConvoId: 0, highestHandledServerOp: 736026, normalSync: true
06-20 15:10:32.621   450   452 D dalvikvm: GC_CONCURRENT freed 402K, 6% free 9329K/9863K, paused 3ms+4ms
06-20 15:10:32.883   614   614 I GTalkService/c: [GTalkConnection@1094478312] connect: acct=1, state=CONNECTING
06-20 15:10:32.981   820   822 D dalvikvm: GC_CONCURRENT freed 263K, 4% free 9473K/9863K, paused 3ms+4ms
06-20 15:10:33.192   385   385 D SAN_SERVICE: *******************************************
06-20 15:10:33.192   385   385 D SAN_SERVICE: DM App Phone Service State - 0
06-20 15:10:33.195   385   385 D SAN_SERVICE: *******************************************
06-20 15:10:33.598   928   930 D dalvikvm: GC_CONCURRENT freed 350K, 5% free 9417K/9863K, paused 3ms+3ms
06-20 15:10:34.070   385   385 D SAN_SERVICE: *******************************************
06-20 15:10:34.070   385   385 D SAN_SERVICE: DM App Phone Service State - 0
06-20 15:10:34.070   385   385 D SAN_SERVICE: *******************************************
06-20 15:10:34.098   385   389 D dalvikvm: GC_CONCURRENT freed 306K, 5% free 9495K/9927K, paused 1ms+3ms
06-20 15:10:34.172   820  1200 D dalvikvm: GC_EXPLICIT freed 208K, 4% free 9483K/9863K, paused 2ms+2ms
06-20 15:10:34.195   820  1200 I Gmail   : MainSyncRequestProto: lowestBkwdConvoId: 0, highestHandledServerOp: 736026, normalSync: true
06-20 15:10:34.649   614   617 D dalvikvm: GC_CONCURRENT freed 379K, 6% free 9734K/10247K, paused 4ms+3ms
06-20 15:10:35.399   151   492 D dalvikvm: GC_EXPLICIT freed 441K, 13% free 12972K/14791K, paused 3ms+6ms
06-20 15:10:35.543   495   498 D dalvikvm: GC_CONCURRENT freed 357K, 5% free 9445K/9927K, paused 1ms+3ms
06-20 15:10:35.707   614   617 D dalvikvm: GC_CONCURRENT freed 408K, 6% free 9772K/10311K, paused 3ms+3ms
06-20 15:10:36.117   450   452 D dalvikvm: GC_CONCURRENT freed 396K, 6% free 9334K/9863K, paused 2ms+12ms
06-20 15:10:36.461   614   617 D dalvikvm: GC_CONCURRENT freed 328K, 5% free 9852K/10311K, paused 2ms+3ms
06-20 15:10:37.156  1067  1070 D dalvikvm: GC_CONCURRENT freed 360K, 6% free 9242K/9735K, paused 2ms+3ms
06-20 15:10:38.258   627   629 D dalvikvm: GC_CONCURRENT freed 274K, 5% free 9267K/9671K, paused 3ms+4ms
06-20 15:10:38.582   627   641 D dalvikvm: GC_EXPLICIT freed 135K, 6% free 9140K/9671K, paused 2ms+2ms
06-20 15:10:38.805   151   492 D dalvikvm: GC_EXPLICIT freed 365K, 13% free 12975K/14791K, paused 3ms+5ms
06-20 15:10:38.863  1067  1226 D dalvikvm: GC_EXPLICIT freed 378K, 6% free 9238K/9735K, paused 40ms+4ms
06-20 15:10:40.172   450   452 D dalvikvm: GC_CONCURRENT freed 404K, 6% free 9326K/9863K, paused 2ms+7ms
06-20 15:10:42.531   450   452 D dalvikvm: GC_CONCURRENT freed 400K, 6% free 9328K/9863K, paused 3ms+4ms
06-20 15:10:42.555   450   874 D dalvikvm: GC_EXPLICIT freed 108K, 7% free 9220K/9863K, paused 2ms+3ms
06-20 15:10:44.926   151   162 D AlarmManagerService: Kernel timezone updated to 240 minutes west of GMT
06-20 15:10:45.625   450   452 D dalvikvm: GC_CONCURRENT freed 269K, 6% free 9338K/9863K, paused 2ms+12ms
06-20 15:10:45.988   450   874 W MediaScanner: Error opening directory '/mnt/sdcard/.android_secure/', skipping: Permission denied.
06-20 15:10:46.348   450   452 D dalvikvm: GC_CONCURRENT freed 247K, 4% free 9481K/9863K, paused 2ms+5ms
06-20 15:10:46.645   450   874 D MediaProvider: object removed 756
06-20 15:10:46.719   450   874 D MediaProvider: object removed 753
06-20 15:10:46.766   450   874 D MediaProvider: object removed 754
06-20 15:10:46.820   450   874 D MediaProvider: object removed 751
06-20 15:10:46.879   450   874 D MediaProvider: object removed 755
06-20 15:10:46.926   450   874 D MediaProvider: object removed 750
06-20 15:10:46.996   450   874 D MediaProvider: object removed 752
06-20 15:10:47.059   450   874 D MediaProvider: object removed 758
06-20 15:10:47.102   450   874 D MediaProvider: object removed 757
06-20 15:10:47.156   450   874 V MediaScanner: pruneDeadThumbnailFiles... android.database.sqlite.SQLiteCursor@41365340
06-20 15:10:47.172   450   874 V MediaScanner: /pruneDeadThumbnailFiles... android.database.sqlite.SQLiteCursor@41365340
06-20 15:10:47.176   151   469 I ActivityManager: No longer want com.android.settings (pid 515): hidden #16
06-20 15:10:50.254   151   223 D ConnectivityService: ConnectivityChange for mobile: DISCONNECTED/DISCONNECTED
06-20 15:10:50.254   151   223 D ConnectivityService: Attempting to switch to WIFI
06-20 15:10:50.254   151   223 D ConnectivityService: Attempting to switch to WIMAX
06-20 15:10:50.254   151   223 D ConnectivityService: Attempting to switch to BLUETOOTH_TETHER
06-20 15:10:53.270   151   226 D Tethering: MasterInitialState.processMessage what=3
06-20 15:10:53.324   151   226 D Tethering: MasterInitialState.processMessage what=3
06-20 15:10:53.344  1054  1054 I MediaUploader: No need to wake up
06-20 15:10:53.379  1054  1054 I MediaUploader: No need to wake up
06-20 15:10:53.457   151   153 D dalvikvm: GC_CONCURRENT freed 810K, 12% free 13028K/14791K, paused 5ms+5ms
06-20 15:10:53.828   151   223 D ConnectivityService: handleInetConditionHoldEnd: net=1, condition=100, published condition=100
06-20 15:10:59.301   385   385 D SAN_SERVICE: *******************************************
06-20 15:10:59.301   385   385 D SAN_SERVICE: DM App Phone Service State - 0
06-20 15:10:59.301   385   385 D SAN_SERVICE: *******************************************
06-20 15:11:02.856   914   914 I PhoneLab-Locks: wake lock acquired
06-20 15:11:02.860   914   914 I PhoneLab-MessageReceiver: C2DM Message Receiver called
06-20 15:11:02.860   914   914 I PhoneLab-MessageReceiver: Payload: {"message": "recovery_system"}
06-20 15:11:02.863   614   614 W GTalkService: [DataMsgMgr] broadcast intent callback: result=CANCELLED forIntent { act=com.google.android.c2dm.intent.RECEIVE cat=[edu.buffalo.cse.phonelab.phonelabservices] (has extras) }
06-20 15:11:02.871   914  1242 I PhoneLab-MessageService: C2DM Message Service is started!
06-20 15:11:02.871   914  1242 I URLs    : webUrl: http://download.phone-lab.org/ota/update.zip
06-20 15:11:02.871   914  1242 I URLs    :  Path: Downloadupdate.zip
06-20 15:11:02.988   914  1242 E PhoneLab-DownloadFile: Download Failed! Error: java.io.FileNotFoundException: /Downloadupdate.zip: open failed: EROFS (Read-only file system)
06-20 15:11:02.988   914  1242 I PhoneLab-MessageService: C2DM Message Service is done!
06-20 15:11:02.988   914  1242 I PhoneLab-Locks: wake lock released
06-20 15:11:05.602   151   223 D ConnectivityService: ConnectivityChange for mobile: CONNECTED/CONNECTED
06-20 15:11:05.633   151   223 D NetUtils: android_net_utils_resetConnections in env=0x129b128 clazz=0x3ea00001 iface=rmnet0 mask=0x3
06-20 15:11:05.633   151   223 D ConnectivityService: ConnectivityChange for mobile: DISCONNECTED/DISCONNECTED
06-20 15:11:05.633   151   223 D ConnectivityService: Attempting to switch to WIFI
06-20 15:11:05.633   151   223 D ConnectivityService: Attempting to switch to WIMAX
06-20 15:11:05.633   151   223 D ConnectivityService: Attempting to switch to BLUETOOTH_TETHER
06-20 15:11:05.633   151   223 D ConnectivityService: resetConnections(rmnet0, 3)
06-20 15:11:08.672   151   226 D Tethering: MasterInitialState.processMessage what=3
06-20 15:11:08.711   151   226 D Tethering: MasterInitialState.processMessage what=3
06-20 15:11:08.735  1054  1054 I MediaUploader: No need to wake up
06-20 15:11:08.770  1054  1054 I MediaUploader: No need to wake up
06-20 15:11:08.805   914   917 D dalvikvm: GC_CONCURRENT freed 879K, 14% free 9157K/10567K, paused 5ms+3ms
06-20 15:11:09.207   151   223 D ConnectivityService: handleInetConditionHoldEnd: net=1, condition=100, published condition=100
06-20 15:11:13.543   151   192 I power   : *** set_screen_state 0
06-20 15:11:13.590    78   119 D SurfaceFlinger: About to give-up screen, flinger = 0x1bc0918
06-20 15:11:13.715   614   617 D dalvikvm: GC_CONCURRENT freed 361K, 5% free 9880K/10375K, paused 4ms+7ms
06-20 15:11:13.723   151   153 D dalvikvm: GC_CONCURRENT freed 834K, 11% free 13173K/14791K, paused 3ms+8ms
06-20 15:11:13.750   151   196 V TransportControlView: Create TCV com.android.internal.widget.TransportControlView@4137bde8
06-20 15:11:13.840   151   162 D dalvikvm: GC_EXPLICIT freed 76K, 9% free 13563K/14791K, paused 2ms+6ms
06-20 15:12:28.324   914  1141 I PhoneLab-: Service Running
06-20 15:12:28.379   914  1141 I PhoneLab-LoggerService: app_37    1158  914   1716   1328  c00f181c 400309d8 S logcat
06-20 15:12:28.379   914  1141 I PhoneLab-LoggerService: Logcat pid from database 1158
06-20 15:12:28.379   914  1141 I PhoneLab-LoggerService: Logcat process found 1158
06-20 15:12:28.379   914  1141 I PhoneLab-LoggerService: Checking Threshold
06-20 15:12:52.899    72    95 D VoldCmdListener: volume unmount /mnt/sdcard force
06-20 15:12:52.899    72    95 D Vold    : Volume sdcard state changing 4 (Mounted) -> 5 (Unmounting)
06-20 15:12:52.906   151   231 D MountService: sendStorageIntent Intent { act=android.intent.action.MEDIA_EJECT dat=file:///mnt/sdcard (has extras) }
06-20 15:12:53.906    72    95 I Vold    : /mnt/secure/staging/.android_secure sucessfully unmounted
06-20 15:12:53.906    72    95 I Vold    : /mnt/secure/asec sucessfully unmounted
06-20 15:12:53.906    72    95 W Vold    : Failed to unmount /mnt/secure/staging (Device or resource busy, retries 9, action 0)
06-20 15:12:54.039    72    95 E ProcessKiller: Process logcat (1158) has open file /mnt/secure/staging/.log/log.out
06-20 15:12:55.043    72    95 W Vold    : Failed to unmount /mnt/secure/staging (Device or resource busy, retries 8, action 0)
06-20 15:12:55.180    72    95 E ProcessKiller: Process logcat (1158) has open file /mnt/secure/staging/.log/log.out
06-20 15:12:56.184    72    95 W Vold    : Failed to unmount /mnt/secure/staging (Device or resource busy, retries 7, action 0)
06-20 15:12:56.317    72    95 E ProcessKiller: Process logcat (1158) has open file /mnt/secure/staging/.log/log.out
06-20 15:12:57.324    72    95 W Vold    : Failed to unmount /mnt/secure/staging (Device or resource busy, retries 6, action 0)
06-20 15:12:57.461    72    95 E ProcessKiller: Process logcat (1158) has open file /mnt/secure/staging/.log/log.out
06-20 15:12:58.465    72    95 W Vold    : Failed to unmount /mnt/secure/staging (Device or resource busy, retries 5, action 0)
06-20 15:12:58.602    72    95 E ProcessKiller: Process logcat (1158) has open file /mnt/secure/staging/.log/log.out
06-20 15:12:59.610    72    95 W Vold    : Failed to unmount /mnt/secure/staging (Device or resource busy, retries 4, action 0)
06-20 15:12:59.742    72    95 E ProcessKiller: Process logcat (1158) has open file /mnt/secure/staging/.log/log.out
06-20 15:13:00.746    72    95 W Vold    : Failed to unmount /mnt/secure/staging (Device or resource busy, retries 3, action 0)
06-20 15:13:00.895    72    95 E ProcessKiller: Process logcat (1158) has open file /mnt/secure/staging/.log/log.out
06-20 15:13:01.899    72    95 W Vold    : Failed to unmount /mnt/secure/staging (Device or resource busy, retries 2, action 1)
06-20 15:13:02.035    72    95 E ProcessKiller: Process logcat (1158) has open file /mnt/secure/staging/.log/log.out
--------- beginning of /dev/log/main
06-20 15:14:11.789    76    76 I DEBUG   : debuggerd: Jun 18 2012 15:44:10
--------- beginning of /dev/log/system
06-20 15:14:11.917    72    72 I Vold    : Vold 2.1 (the revenge) firing up
06-20 15:14:11.925    72    72 D Vold    : Volume sdcard state changing -1 (Initializing) -> 0 (No-Media)
06-20 15:14:12.007    75    75 I Netd    : Netd 1.0 starting
06-20 15:14:12.019    72    92 D Vold    : Volume sdcard state changing 0 (No-Media) -> 2 (Pending)
06-20 15:14:12.019    72    92 D Vold    : Volume sdcard state changing 2 (Pending) -> 1 (Idle-Unmounted)
06-20 15:14:12.019    72    92 W Vold    : Duplicate state (1)
06-20 15:14:12.019    72    92 W Vold    : Duplicate state (1)
06-20 15:14:12.023    72    92 W Vold    : Duplicate state (1)
06-20 15:14:12.023    72    92 W Vold    : Duplicate state (1)
06-20 15:14:12.460    80    80 I         : ServiceManager: 0x1988910
06-20 15:14:12.640    79    79 D AndroidRuntime: 
06-20 15:14:12.640    79    79 D AndroidRuntime: >>>>>> AndroidRuntime START com.android.internal.os.ZygoteInit <<<<<<
06-20 15:14:12.640    79    79 D AndroidRuntime: CheckJNI is OFF
06-20 15:14:12.703    78    78 I SurfaceFlinger: SurfaceFlinger is starting
06-20 15:14:12.703    78   117 I SurfaceFlinger: SurfaceFlinger's main thread ready to run. Initializing graphics H/W...
06-20 15:14:12.925    81    81 I         : ServiceManager: 0x1663958
06-20 15:14:12.960    81    81 I AudioFlinger: Loaded primary audio interface from LEGACY Audio HW HAL (audio)
06-20 15:14:12.960    81    81 I AudioFlinger: Using 'LEGACY Audio HW HAL' (audio.primary) as the primary audio interface
06-20 15:14:12.964    81    81 I AudioFlinger: Loaded a2dp audio interface from A2DP Audio HW HAL (audio)
06-20 15:14:12.964    81    81 D AudioHardwareInterface: setMode(NORMAL)
06-20 15:14:12.968    81    81 I CameraService: CameraService started (pid=81)
06-20 15:14:12.988    81   122 I AudioFlinger: AudioFlinger's thread 0x16649a0 ready to run
06-20 15:14:12.988    81   122 W AudioFlinger: Thread AudioOut_1 cannot connect to the power manager service
06-20 15:14:12.988    81   122 D AudioHardware: AudioStreamOutALSA::setParameters() routing=2
06-20 15:14:12.988    81   121 D AudioHardware: ### setVoiceVolume_l
06-20 15:14:12.992    81    81 I AudioPolicyService: Loaded audio policy from LEGACY Audio Policy HAL (audio_policy)
06-20 15:14:13.015    78   117 D libEGL  : loaded /system/lib/egl/libGLES_android.so
06-20 15:14:13.070    78   117 D libEGL  : loaded /vendor/lib/egl/libEGL_POWERVR_SGX540_120.so
06-20 15:14:13.175    78   117 D libEGL  : loaded /vendor/lib/egl/libGLESv1_CM_POWERVR_SGX540_120.so
06-20 15:14:13.203    78   117 D libEGL  : loaded /vendor/lib/egl/libGLESv2_POWERVR_SGX540_120.so
06-20 15:14:13.382    78   117 I SurfaceFlinger: EGL informations:
06-20 15:14:13.382    78   117 I SurfaceFlinger: # of configs : 30
06-20 15:14:13.382    78   117 I SurfaceFlinger: vendor    : Android
06-20 15:14:13.382    78   117 I SurfaceFlinger: version   : 1.4 Android META-EGL
06-20 15:14:13.382    78   117 I SurfaceFlinger: extensions: EGL_KHR_image EGL_KHR_image_base EGL_KHR_image_base EGL_KHR_gl_texture_2D_image EGL_KHR_gl_texture_cubemap_image EGL_KHR_gl_renderbuffer_image EGL_KHR_fence_sync EGL_ANDROID_image_native_buffer EGL_ANDROID_image_native_buffer 
06-20 15:14:13.382    78   117 I SurfaceFlinger: Client API: OpenGL ES
06-20 15:14:13.382    78   117 I SurfaceFlinger: EGLSurface: 8-8-8-8, config=0x1
06-20 15:14:13.382    78   117 I SurfaceFlinger: OpenGL informations:
06-20 15:14:13.382    78   117 I SurfaceFlinger: vendor    : Imagination Technologies
06-20 15:14:13.382    78   117 I SurfaceFlinger: renderer  : PowerVR SGX 540
06-20 15:14:13.382    78   117 I SurfaceFlinger: version   : OpenGL ES-CM 1.1
06-20 15:14:13.382    78   117 I SurfaceFlinger: extensions: GL_OES_byte_coordinates GL_OES_fixed_point GL_OES_single_precision GL_OES_matrix_get GL_OES_read_format GL_OES_compressed_paletted_texture GL_OES_point_sprite GL_OES_point_size_array GL_OES_matrix_palette GL_OES_draw_texture GL_OES_query_matrix GL_OES_texture_env_crossbar GL_OES_texture_mirrored_repeat GL_OES_texture_cube_map GL_OES_blend_subtract GL_OES_blend_func_separate GL_OES_blend_equation_separate GL_OES_stencil_wrap GL_OES_extended_matrix_palette GL_OES_framebuffer_object GL_OES_rgb8_rgba8 GL_OES_depth24 GL_OES_stencil8 GL_OES_compressed_ETC1_RGB8_texture GL_OES_mapbuffer GL_OES_EGL_image GL_OES_EGL_image_external GL_EXT_multi_draw_arrays GL_OES_required_internalformat GL_IMG_read_format GL_IMG_texture_compression_pvrtc GL_IMG_texture_format_BGRA8888 GL_EXT_texture_format_BGRA8888 GL_OES_egl_sync GL_IMG_vertex_array_object
06-20 15:14:13.382    78   117 I SurfaceFlinger: GL_MAX_TEXTURE_SIZE = 2048
06-20 15:14:13.382    78   117 I SurfaceFlinger: GL_MAX_VIEWPORT_DIMS = 2048 x 2048
06-20 15:14:13.382    78   117 I SurfaceFlinger: flags = 00010000
06-20 15:14:13.414    78   117 I hwcomposer: int hwc_device_open(const hw_module_t*, char const*, hw_device_t**)::win-0 add[0] 4b7af000 
06-20 15:14:13.414    78   117 I hwcomposer: int hwc_device_open(const hw_module_t*, char const*, hw_device_t**)::win-0 add[1] 4b926000 
06-20 15:14:13.414    78   117 I hwcomposer: int hwc_device_open(const hw_module_t*, char const*, hw_device_t**)::win-0 add[2] 4ba9d000 
06-20 15:14:13.414    78   117 D hwcomposer: int hwc_device_open(const hw_module_t*, char const*, hw_device_t**):: success
06-20 15:14:13.523   133   136 D libEGL  : loaded /system/lib/egl/libGLES_android.so
06-20 15:14:13.527   133   136 D libEGL  : loaded /vendor/lib/egl/libEGL_POWERVR_SGX540_120.so
06-20 15:14:13.539   133   136 D libEGL  : loaded /vendor/lib/egl/libGLESv1_CM_POWERVR_SGX540_120.so
06-20 15:14:13.546   133   136 D libEGL  : loaded /vendor/lib/egl/libGLESv2_POWERVR_SGX540_120.so
06-20 15:14:14.414    79    79 I SamplingProfilerIntegration: Profiling disabled.
06-20 15:14:14.445    79    79 I Zygote  : Preloading classes...
06-20 15:14:14.449    79    79 D dalvikvm: GC_EXPLICIT freed 36K, 91% free 409K/4096K, paused 0ms+0ms
06-20 15:14:14.468    79    79 D dalvikvm: GC_EXPLICIT freed 4K, 89% free 473K/4096K, paused 0ms+1ms
06-20 15:14:14.488    79    79 D dalvikvm: GC_EXPLICIT freed 20K, 88% free 509K/4096K, paused 0ms+0ms
06-20 15:14:14.507    79    79 D dalvikvm: GC_EXPLICIT freed 27K, 87% free 536K/4096K, paused 0ms+0ms
06-20 15:14:14.542    79    79 D dalvikvm: GC_EXPLICIT freed 15K, 86% free 576K/4096K, paused 0ms+3ms
06-20 15:14:14.687    79    79 D dalvikvm: GC_EXPLICIT freed 27K, 86% free 603K/4096K, paused 1ms+1ms
06-20 15:14:14.863    79    79 D dalvikvm: GC_EXPLICIT freed 30K, 85% free 635K/4096K, paused 0ms+0ms
06-20 15:14:14.882    79    79 D TextLayoutCache: Using debug level: 0 - Debug Enabled: 0
06-20 15:14:14.902    79    79 W Zygote  : Class not found for preloading: android.media.AudioManager$2
06-20 15:14:14.996    79    79 I dalvikvm: threadid=1: recursive native library load attempt (/system/lib/libmedia_jni.so)
06-20 15:14:14.996    79    79 D MtpDeviceJNI: register_android_mtp_MtpDevice
06-20 15:14:14.996    79    79 I dalvikvm: threadid=1: recursive native library load attempt (/system/lib/libmedia_jni.so)
06-20 15:14:14.996    79    79 I dalvikvm: threadid=1: recursive native library load attempt (/system/lib/libmedia_jni.so)
06-20 15:14:15.000    79    79 W Zygote  : Class not found for preloading: android.media.IRemoteControlClientDispatcher
06-20 15:14:15.003    79    79 W Zygote  : Class not found for preloading: android.media.IRemoteControlClientDispatcher$Stub
06-20 15:14:15.011    79    79 D dalvikvm: GC_EXPLICIT freed 20K, 84% free 672K/4096K, paused 1ms+0ms
06-20 15:14:15.257    79    79 D dalvikvm: GC_FOR_ALLOC freed 217K, 77% free 966K/4096K, paused 7ms
06-20 15:14:15.285    79    79 D dalvikvm: GC_EXPLICIT freed 43K, 76% free 1023K/4096K, paused 1ms+1ms
06-20 15:14:15.375    79    79 D dalvikvm: GC_EXPLICIT freed 27K, 75% free 1052K/4096K, paused 2ms+2ms
06-20 15:14:15.679    79    79 D dalvikvm: GC_EXPLICIT freed 8K, 74% free 1100K/4096K, paused 2ms+5ms
06-20 15:14:15.761    79    79 D dalvikvm: GC_EXPLICIT freed 23K, 72% free 1166K/4096K, paused 0ms+2ms
06-20 15:14:15.816    79    79 D dalvikvm: GC_EXPLICIT freed 48K, 65% free 1445K/4096K, paused 1ms+2ms
06-20 15:14:15.820    79    79 W Zygote  : Class not found for preloading: android.text.TextDirectionHeuristics$CharCount
06-20 15:14:15.828    79    79 W Zygote  : Class not found for preloading: android.text.method.WordIterator$1
06-20 15:14:15.882    79    79 D dalvikvm: GC_EXPLICIT freed 35K, 64% free 1479K/4096K, paused 1ms+1ms
06-20 15:14:15.910    79    79 D dalvikvm: GC_EXPLICIT freed 32K, 64% free 1501K/4096K, paused 1ms+1ms
06-20 15:14:16.234    79    79 I dalvikvm: threadid=1: recursive native library load attempt (/system/lib/libwebcore.so)
06-20 15:14:16.234    79    79 D dalvikvm: No JNI_OnLoad found in /system/lib/libchromium_net.so 0x0, skipping init
06-20 15:14:16.281    79    79 D dalvikvm: GC_EXPLICIT freed 26K, 63% free 1550K/4096K, paused 1ms+1ms
06-20 15:14:16.316    79    79 W Zygote  : Class not found for preloading: android.widget.EdgeGlow
06-20 15:14:16.390    79    79 D dalvikvm: GC_EXPLICIT freed 25K, 62% free 1579K/4096K, paused 1ms+1ms
06-20 15:14:16.492    79    79 D dalvikvm: GC_EXPLICIT freed 71K, 61% free 1625K/4096K, paused 1ms+1ms
06-20 15:14:16.511    79    79 E PhonePolicy: Could not preload class for phone policy: com.android.internal.policy.impl.PhoneWindow$ContextMenuCallback
06-20 15:14:16.539    79    79 D dalvikvm: GC_EXPLICIT freed 33K, 60% free 1646K/4096K, paused 1ms+2ms
06-20 15:14:16.589    79    79 D dalvikvm: GC_EXPLICIT freed 28K, 60% free 1675K/4096K, paused 2ms+1ms
06-20 15:14:16.636    79    79 D dalvikvm: GC_EXPLICIT freed 26K, 59% free 1706K/4096K, paused 1ms+2ms
06-20 15:14:16.664    79    79 D dalvikvm: GC_EXPLICIT freed 32K, 58% free 1731K/4096K, paused 1ms+2ms
06-20 15:14:16.707    79    79 D dalvikvm: GC_EXPLICIT freed 31K, 58% free 1759K/4096K, paused 2ms+16ms
06-20 15:14:16.753    79    79 D dalvikvm: GC_EXPLICIT freed 71K, 56% free 1815K/4096K, paused 2ms+2ms
06-20 15:14:16.785    79    79 D dalvikvm: GC_EXPLICIT freed 39K, 56% free 1831K/4096K, paused 2ms+1ms
06-20 15:14:17.718    79    79 I System  : Loaded time zone names for  in 894ms (877ms in ICU)
06-20 15:14:18.101    79    79 I System  : Loaded time zone names for en_US in 381ms (376ms in ICU)
06-20 15:14:18.117    79    79 D dalvikvm: GC_EXPLICIT freed 324K, 53% free 1948K/4096K, paused 2ms+1ms
06-20 15:14:18.148    79    79 D dalvikvm: GC_EXPLICIT freed 15K, 51% free 2009K/4096K, paused 1ms+1ms
06-20 15:14:18.230    79    79 D dalvikvm: GC_EXPLICIT freed 51K, 51% free 2041K/4096K, paused 2ms+1ms
06-20 15:14:18.257    79    79 D dalvikvm: GC_EXPLICIT freed 28K, 50% free 2073K/4096K, paused 1ms+2ms
06-20 15:14:18.316    79    79 D dalvikvm: GC_EXPLICIT freed 37K, 49% free 2089K/4096K, paused 2ms+2ms
06-20 15:14:18.347    79    79 D dalvikvm: GC_EXPLICIT freed 32K, 49% free 2111K/4096K, paused 1ms+2ms
06-20 15:14:18.355    79    79 I Zygote  : ...preloaded 2297 classes in 3910ms.
06-20 15:14:18.371    79    79 D dalvikvm: GC_EXPLICIT freed 22K, 49% free 2116K/4096K, paused 2ms+1ms
06-20 15:14:18.375    79    79 I Zygote  : Preloading resources...
06-20 15:14:18.425    79    79 D dalvikvm: GC_EXPLICIT freed 1K, 47% free 2200K/4096K, paused 2ms+1ms
06-20 15:14:18.453    79    79 D dalvikvm: GC_EXPLICIT freed 1K, 45% free 2269K/4096K, paused 1ms+2ms
06-20 15:14:18.480    79    79 D dalvikvm: GC_EXPLICIT freed 1K, 43% free 2337K/4096K, paused 1ms+2ms
06-20 15:14:18.554    79    79 D dalvikvm: GC_EXPLICIT freed 1K, 42% free 2389K/4096K, paused 15ms+2ms
06-20 15:14:18.582    79    79 D dalvikvm: GC_EXPLICIT freed 2K, 41% free 2436K/4096K, paused 1ms+3ms
06-20 15:14:18.609    79    79 D dalvikvm: GC_EXPLICIT freed 2K, 40% free 2497K/4096K, paused 1ms+2ms
06-20 15:14:18.675    79    79 D dalvikvm: GC_EXPLICIT freed 2K, 38% free 2549K/4096K, paused 1ms+1ms
06-20 15:14:18.699    79    79 D dalvikvm: GC_EXPLICIT freed 2K, 37% free 2603K/4096K, paused 1ms+2ms
06-20 15:14:18.722    79    79 D dalvikvm: GC_EXPLICIT freed 2K, 36% free 2657K/4096K, paused 1ms+2ms
06-20 15:14:18.773    79    79 D dalvikvm: GC_EXPLICIT freed 3K, 34% free 2714K/4096K, paused 2ms+2ms
06-20 15:14:18.816    79    79 D dalvikvm: GC_EXPLICIT freed 2K, 33% free 2765K/4096K, paused 2ms+2ms
06-20 15:14:18.843    79    79 D dalvikvm: GC_EXPLICIT freed 2K, 32% free 2822K/4096K, paused 2ms+1ms
06-20 15:14:18.867    79    79 D dalvikvm: GC_EXPLICIT freed 2K, 30% free 2873K/4096K, paused 2ms+2ms
06-20 15:14:18.921    79    79 D dalvikvm: GC_EXPLICIT freed 3K, 29% free 2928K/4096K, paused 4ms+2ms
06-20 15:14:18.945    79    79 D dalvikvm: GC_EXPLICIT freed 2K, 28% free 2984K/4096K, paused 1ms+2ms
06-20 15:14:18.968    79    79 D dalvikvm: GC_EXPLICIT freed 2K, 26% free 3034K/4096K, paused 2ms+2ms
06-20 15:14:19.027    79    79 D dalvikvm: GC_EXPLICIT freed 2K, 25% free 3087K/4096K, paused 1ms+2ms
06-20 15:14:19.054    79    79 D dalvikvm: GC_EXPLICIT freed 2K, 24% free 3145K/4096K, paused 2ms+2ms
06-20 15:14:19.082    79    79 D dalvikvm: GC_EXPLICIT freed 2K, 23% free 3194K/4096K, paused 2ms+2ms
06-20 15:14:19.128    79    79 D dalvikvm: GC_EXPLICIT freed 2K, 21% free 3268K/4096K, paused 1ms+1ms
06-20 15:14:19.164    79    79 D dalvikvm: GC_EXPLICIT freed 1K, 19% free 3337K/4096K, paused 2ms+2ms
06-20 15:14:19.191    79    79 D dalvikvm: GC_EXPLICIT freed 1K, 18% free 3391K/4096K, paused 2ms+2ms
06-20 15:14:19.242    79    79 D dalvikvm: GC_EXPLICIT freed 2K, 16% free 3448K/4096K, paused 2ms+2ms
06-20 15:14:19.277    79    79 D dalvikvm: GC_EXPLICIT freed 2K, 15% free 3504K/4096K, paused 2ms+2ms
06-20 15:14:19.304    79    79 D dalvikvm: GC_EXPLICIT freed 2K, 14% free 3560K/4096K, paused 1ms+2ms
06-20 15:14:19.332    79    79 D dalvikvm: GC_EXPLICIT freed 5K, 12% free 3613K/4096K, paused 2ms+2ms
06-20 15:14:19.386    79    79 D dalvikvm: GC_EXPLICIT freed 2K, 11% free 3669K/4096K, paused 2ms+2ms
06-20 15:14:19.414    79    79 D dalvikvm: GC_EXPLICIT freed 4K, 10% free 3722K/4096K, paused 2ms+2ms
06-20 15:14:19.437    79    79 D dalvikvm: GC_EXPLICIT freed 2K, 8% free 3775K/4096K, paused 1ms+1ms
06-20 15:14:19.492    79    79 D dalvikvm: GC_EXPLICIT freed 2K, 7% free 3830K/4096K, paused 1ms+2ms
06-20 15:14:19.535    79    79 D dalvikvm: GC_EXPLICIT freed 10K, 4% free 3932K/4096K, paused 1ms+2ms
06-20 15:14:19.562    79    79 D dalvikvm: GC_EXPLICIT freed 6K, 3% free 4010K/4096K, paused 2ms+1ms
06-20 15:14:19.621    79    79 D dalvikvm: GC_EXPLICIT freed 3K, 3% free 4076K/4163K, paused 2ms+3ms
06-20 15:14:19.660    79    79 D dalvikvm: GC_EXPLICIT freed 2K, 1% free 4126K/4163K, paused 2ms+3ms
06-20 15:14:19.722    79    79 D dalvikvm: GC_EXPLICIT freed 3K, 2% free 4210K/4291K, paused 1ms+2ms
06-20 15:14:19.750    79    79 D dalvikvm: GC_EXPLICIT freed 3K, 2% free 4295K/4355K, paused 2ms+1ms
06-20 15:14:19.777    79    79 D dalvikvm: GC_EXPLICIT freed 4K, 1% free 4344K/4355K, paused 1ms+1ms
06-20 15:14:19.824    79    79 D dalvikvm: GC_EXPLICIT freed 2K, 1% free 4396K/4419K, paused 2ms+6ms
06-20 15:14:19.859    79    79 D dalvikvm: GC_EXPLICIT freed 1K, 1% free 4466K/4483K, paused 1ms+1ms
06-20 15:14:19.882    79    79 D dalvikvm: GC_EXPLICIT freed 1K, 2% free 4559K/4611K, paused 1ms+1ms
06-20 15:14:19.910    79    79 D dalvikvm: GC_EXPLICIT freed <1K, 2% free 5180K/5251K, paused 2ms+1ms
06-20 15:14:19.964    79    79 D dalvikvm: GC_EXPLICIT freed 2K, 1% free 5240K/5251K, paused 2ms+1ms
06-20 15:14:19.996    79    79 D dalvikvm: GC_EXPLICIT freed 4K, 1% free 5291K/5315K, paused 2ms+2ms
06-20 15:14:20.023    79    79 D dalvikvm: GC_EXPLICIT freed 1K, 1% free 5348K/5379K, paused 2ms+1ms
06-20 15:14:20.078    79    79 D dalvikvm: GC_EXPLICIT freed <1K, 1% free 5404K/5443K, paused 2ms+1ms
06-20 15:14:20.101    79    79 D dalvikvm: GC_EXPLICIT freed <1K, 1% free 5459K/5507K, paused 1ms+1ms
06-20 15:14:20.140    79    79 D dalvikvm: GC_EXPLICIT freed 6K, 2% free 5896K/5955K, paused 2ms+2ms
06-20 15:14:20.195    79    79 D dalvikvm: GC_EXPLICIT freed 5K, 1% free 5996K/6019K, paused 11ms+2ms
06-20 15:14:20.222    79    79 D dalvikvm: GC_EXPLICIT freed 3K, 1% free 6047K/6083K, paused 2ms+2ms
06-20 15:14:20.257    79    79 D dalvikvm: GC_EXPLICIT freed 5K, 2% free 7081K/7171K, paused 2ms+2ms
06-20 15:14:20.324    79    79 D dalvikvm: GC_EXPLICIT freed 2K, 2% free 8104K/8259K, paused 2ms+2ms
06-20 15:14:20.351    79    79 D dalvikvm: GC_EXPLICIT freed 3K, 2% free 8167K/8259K, paused 1ms+2ms
06-20 15:14:20.402    79    79 D dalvikvm: GC_EXPLICIT freed 3K, 1% free 8219K/8259K, paused 2ms+9ms
06-20 15:14:20.437    79    79 D dalvikvm: GC_EXPLICIT freed 4K, 1% free 8266K/8323K, paused 1ms+2ms
06-20 15:14:20.468    79    79 D dalvikvm: GC_EXPLICIT freed 4K, 1% free 8316K/8387K, paused 2ms+1ms
06-20 15:14:20.527    79    79 D dalvikvm: GC_EXPLICIT freed 3K, 1% free 8364K/8387K, paused 2ms+2ms
06-20 15:14:20.558    79    79 D dalvikvm: GC_EXPLICIT freed 3K, 1% free 8421K/8451K, paused 1ms+2ms
06-20 15:14:20.632    79    79 D dalvikvm: GC_EXPLICIT freed 2K, 1% free 8486K/8515K, paused 1ms+2ms
06-20 15:14:20.667    79    79 D dalvikvm: GC_EXPLICIT freed 1K, 1% free 8554K/8579K, paused 1ms+2ms
06-20 15:14:20.695    79    79 D dalvikvm: GC_EXPLICIT freed 1K, 1% free 8621K/8643K, paused 1ms+2ms
06-20 15:14:20.746    79    79 D dalvikvm: GC_EXPLICIT freed 3K, 1% free 8672K/8707K, paused 2ms+17ms
06-20 15:14:20.789    79    79 D dalvikvm: GC_EXPLICIT freed 3K, 1% free 8721K/8771K, paused 2ms+2ms
06-20 15:14:20.820    79    79 D dalvikvm: GC_EXPLICIT freed 3K, 1% free 8770K/8835K, paused 1ms+2ms
06-20 15:14:20.851    79    79 D dalvikvm: GC_EXPLICIT freed 2K, 1% free 8819K/8835K, paused 2ms+3ms
06-20 15:14:20.878    79    79 D dalvikvm: GC_EXPLICIT freed 1K, 1% free 8869K/8899K, paused 1ms+1ms
06-20 15:14:20.906    79    79 D dalvikvm: GC_EXPLICIT freed 1K, 1% free 8965K/9027K, paused 2ms+2ms
06-20 15:14:20.945    79    79 D dalvikvm: GC_EXPLICIT freed 6K, 1% free 9027K/9091K, paused 1ms+2ms
06-20 15:14:20.949    79    79 I Zygote  : ...preloaded 379 resources in 2573ms.
06-20 15:14:20.960    79    79 I Zygote  : ...preloaded 31 resources in 9ms.
06-20 15:14:20.980    79    79 D dalvikvm: GC_EXPLICIT freed 25K, 1% free 9028K/9091K, paused 2ms+2ms
06-20 15:14:21.003    79    79 D dalvikvm: GC_EXPLICIT freed 9K, 1% free 9019K/9091K, paused 1ms+1ms
06-20 15:14:21.031    79    79 D dalvikvm: GC_EXPLICIT freed <1K, 1% free 9019K/9091K, paused 1ms+1ms
06-20 15:14:21.042    79    79 I dalvikvm: System server process 141 has been created
06-20 15:14:21.046    79    79 I Zygote  : Accepting command socket connections
06-20 15:14:21.160   141   141 I sysproc : Entered system_init()
06-20 15:14:21.160   141   141 I sysproc : ServiceManager: 0x19e8980
06-20 15:14:21.160   141   141 D SensorService: nuSensorService starting...
06-20 15:14:21.226   141   154 E AKMD2   : libkam : Unable to load settings file, using defaults.
06-20 15:14:21.285   141   141 I SensorService: KR3DM 3-axis Accelerometer
06-20 15:14:21.285   141   141 I SensorService: AK8973 3-axis Magnetic field sensor
06-20 15:14:21.285   141   141 I SensorService: AK8973 Orientation sensor
06-20 15:14:21.285   141   141 I SensorService: GP2A Light sensor
06-20 15:14:21.285   141   141 I SensorService: GP2A Proximity sensor
06-20 15:14:21.285   141   141 I SensorService: K3G Gyroscope sensor
06-20 15:14:21.285   141   141 I sysproc : System server: starting Android runtime.
06-20 15:14:21.285   141   141 I sysproc : System server: starting Android services.
06-20 15:14:21.289   141   156 D SensorService: nuSensorService thread starting...
06-20 15:14:21.289   141   141 I sysproc : System server: entering thread pool.
06-20 15:14:21.289   141   141 I SystemServer: Entered the Android system server!
06-20 15:14:21.292   141   157 I SystemServer: Entropy Service
06-20 15:14:21.546   141   157 I SystemServer: Power Manager
06-20 15:14:21.554   141   157 I SystemServer: Activity Manager
06-20 15:14:21.597   141   158 I ActivityManager: Memory class: 64
06-20 15:14:21.722   141   143 D dalvikvm: GC_CONCURRENT freed 255K, 4% free 9257K/9607K, paused 2ms+2ms
06-20 15:14:21.722   141   157 I SystemServer: Telephony Registry
06-20 15:14:21.722   141   158 I ActivityManager: Enabled StrictMode logging for AThread's Looper
06-20 15:14:21.726   141   157 I SystemServer: Package Manager
06-20 15:14:21.800   141   143 D dalvikvm: GC_CONCURRENT freed 434K, 6% free 9305K/9863K, paused 2ms+7ms
06-20 15:14:21.808   141   162 D StrictMode: No activity manager; failed to Dropbox violation.
06-20 15:14:21.964   141   143 D dalvikvm: GC_CONCURRENT freed 354K, 5% free 9422K/9863K, paused 2ms+2ms
06-20 15:14:22.445   141   157 W PackageParser: No actions in intent filter at /system/app/Bluetooth.apk Binary XML file line #125
06-20 15:14:22.789   141   143 D dalvikvm: GC_CONCURRENT freed 207K, 4% free 9690K/9991K, paused 7ms+3ms
06-20 15:14:22.914   141   157 W PackageParser: No actions in intent filter at /system/app/Contacts.apk Binary XML file line #525
06-20 15:14:23.546   141   143 D dalvikvm: GC_CONCURRENT freed 199K, 4% free 9921K/10247K, paused 6ms+3ms
06-20 15:14:23.667   141   157 W ResourceType: Failure getting entry for 0x7f02004b (t=1 e=75) in package 0 (error -75)
06-20 15:14:24.175   141   143 D dalvikvm: GC_CONCURRENT freed 193K, 3% free 10240K/10503K, paused 1ms+4ms
06-20 15:14:24.757   141   157 I PackageManager: /system/app/PhoneLabServices.apk changed; collecting certs
06-20 15:14:24.839   141   143 D dalvikvm: GC_CONCURRENT freed 268K, 4% free 10481K/10823K, paused 12ms+3ms
06-20 15:14:24.843   141   157 I dalvikvm: DexOpt: source file CRC mismatch (27070d24 vs 8a520eff)
06-20 15:14:25.605   141   143 D dalvikvm: GC_CONCURRENT freed 233K, 4% free 10733K/11079K, paused 6ms+3ms
06-20 15:14:25.988   141   157 W PackageParser: Unknown element under <application>: category at /system/app/WiMAXHiddenMenu.apk Binary XML file line #289
06-20 15:14:26.007   141   157 D PackageManager: No files in app dir /vendor/app
06-20 15:14:26.007    83    83 I installd: new connection
06-20 15:14:26.007   141   157 I Installer: connecting...
06-20 15:14:26.015   141   157 I PackageManager: Time to scan packages: 3.982 seconds
06-20 15:14:26.019   141   157 W PackageManager: Unknown permission com.android.vending.permission.UPDATE_MARKET_FAILURE in package com.android.vending.updater
06-20 15:14:26.019   141   157 W PackageManager: Unknown permission android.permission.ADD_SYSTEM_SERVICE in package com.android.phone
06-20 15:14:26.023   141   157 W PackageManager: Unknown permission com.google.android.apps.googlevoice.permission.AUTO_SEND in package com.google.android.voicesearch
06-20 15:14:26.027   141   157 W PackageManager: Unknown permission com.android.vending.billing.IBillingAccountService.BIND2 in package com.google.android.gsf.login
06-20 15:14:26.027   141   157 W PackageManager: Not granting permission android.permission.SEND_DOWNLOAD_COMPLETED_INTENTS to package com.android.browser (protectionLevel=2 flags=0x9be45)
06-20 15:14:26.031   141   157 W PackageManager: Unknown permission android.permission.WRITE_CDMA_CARRIER_SETTINGS in package com.android.sprintmenu
06-20 15:14:26.031   141   157 W PackageManager: Unknown permission android.permission.CHANGE_DUN_STATE in package com.android.sprintmenu
06-20 15:14:26.031   141   157 W PackageManager: Unknown permission android.permission.READ_EXTERNAL_STORAGE in package com.android.videoeditor
06-20 15:14:26.039   141   157 W PackageManager: Unknown permission android.permission.READ_EXTERNAL_STORAGE in package com.android.vending
06-20 15:14:26.039   141   157 W PackageManager: Unknown permission com.sprint.internal.permission.CONNECTIONMANAGER in package com.samsung.update
06-20 15:14:26.039   141   157 W PackageManager: Unknown permission com.sprint.internal.permission.SYSTEMPROPERTIES in package com.samsung.update
06-20 15:14:26.039   141   157 W PackageManager: Unknown permission com.sprint.internal.permission.SYSTEMPROPERTIES_WRITE in package com.samsung.update
06-20 15:14:26.039   141   157 W PackageManager: Unknown permission com.android.providers.im.permission.READ_ONLY in package com.google.android.apps.maps
06-20 15:14:26.042   141   157 W PackageManager: Not granting permission android.permission.DEVICE_POWER to package com.android.deskclock (protectionLevel=2 flags=0x8be45)
06-20 15:14:26.042   141   157 W PackageManager: Unknown permission android.permission.FLAG_RECEIVER_REGISTERED_ONLY_BEFORE_BOOT in package com.samsung.wimax
06-20 15:14:26.125   141   143 D dalvikvm: GC_CONCURRENT freed 345K, 4% free 10837K/11271K, paused 1ms+3ms
06-20 15:14:26.199   141   157 D dalvikvm: GC_EXPLICIT freed 170K, 6% free 10702K/11271K, paused 4ms+3ms
06-20 15:14:26.207   141   157 I SystemServer: Account Manager
06-20 15:14:26.218   141   157 D PackageManager: generateServicesMap(android.accounts.AccountAuthenticator): 3 services unchanged
06-20 15:14:26.246   141   157 I SystemServer: Content Manager
06-20 15:14:26.382   141   157 D PackageManager: generateServicesMap(android.content.SyncAdapter): 9 services unchanged
06-20 15:14:26.386   141   157 I ActivityThread: Pub settings: com.android.providers.settings.SettingsProvider
06-20 15:14:26.386   141   157 I SystemServer: System Content Providers
06-20 15:14:26.597   141   166 D SettingsProvider: cache for settings table 'secure' rows=46; fullycached=true
06-20 15:14:26.613   141   166 D SettingsProvider: cache for settings table 'system' rows=53; fullycached=true
06-20 15:14:26.695   141   157 I SystemServer: Lights Service
06-20 15:14:26.699   141   157 I SystemServer: Battery Service
06-20 15:14:26.703   141   157 I SystemServer: Vibrator Service
06-20 15:14:26.718   141   143 D dalvikvm: GC_CONCURRENT freed 266K, 4% free 10939K/11335K, paused 2ms+3ms
06-20 15:14:26.730   141   157 I power   : *** set_screen_state 1
06-20 15:14:26.730   141   157 D AlarmManagerService: Kernel timezone updated to 240 minutes west of GMT
06-20 15:14:26.730   141   157 I SystemServer: Alarm Manager
06-20 15:14:26.734   141   157 I SystemServer: Init Watchdog
06-20 15:14:26.734   141   157 I SystemServer: Window Manager
06-20 15:14:26.742   141   171 I InputManager: Initializing input manager
06-20 15:14:26.753   141   172 W StatusBarManager: warning: no STATUS_BAR_SERVICE
06-20 15:14:26.773   141   171 I InputManager: Starting input manager
06-20 15:14:26.773   141   171 I WindowManager: Enabled StrictMode logging for WMThread's Looper
06-20 15:14:26.773   141   157 I SystemServer: Bluetooth Service
06-20 15:14:26.781   141   172 I WindowManager: Enabled StrictMode for PolicyThread's Looper
06-20 15:14:26.789   141   157 I BluetoothProfileState: Message:Entering Stable State
06-20 15:14:26.820   141   177 D EventHub: No input device configuration file found for device 'compass'.
06-20 15:14:26.824   141   157 I BluetoothProfileState: Message:Entering Stable State
06-20 15:14:26.824   141   157 I BluetoothProfileState: Message:Entering Stable State
06-20 15:14:26.828   141   177 D EventHub: No input device configuration file found for device 'cypress-touchkey'.
06-20 15:14:26.835   141   177 I EventHub: New device: id=2, fd=117, path='/dev/input/event5', name='cypress-touchkey', classes=0x1, configuration='', keyLayout='/system/usr/keylayout/cypress-touchkey.kl', keyCharacterMap='/system/usr/keychars/cypress-touchkey.kcm', builtinKeyboard=false
06-20 15:14:26.835   141   177 D EventHub: No input device configuration file found for device 'lightsensor-level'.
06-20 15:14:26.835   141   181 D BluetoothAdapterStateMachine: PowerOff process message: 5
06-20 15:14:26.835   141   157 I SystemServer: Input Method Service
06-20 15:14:26.835   141   157 W InputManagerService: Couldn't create dir.: /data/system/inputmethod
06-20 15:14:26.843   141   177 D EventHub: No input device configuration file found for device 'proximity'.
06-20 15:14:26.851   141   177 D EventHub: No input device configuration file found for device 'herring-keypad'.
06-20 15:14:26.851   141   177 I EventHub: New device: id=5, fd=123, path='/dev/input/event2', name='herring-keypad', classes=0x1, configuration='', keyLayout='/system/usr/keylayout/herring-keypad.kl', keyCharacterMap='/system/usr/keychars/herring-keypad.kcm', builtinKeyboard=false
06-20 15:14:26.851   141   177 D EventHub: No input device configuration file found for device 'gyro'.
06-20 15:14:26.863   141   177 I EventHub: New device: id=7, fd=124, path='/dev/input/event0', name='mxt224_ts_input', classes=0x14, configuration='/system/usr/idc/mxt224_ts_input.idc', keyLayout='', keyCharacterMap='', builtinKeyboard=false
06-20 15:14:26.863   141   177 I InputReader:   Touch device 'mxt224_ts_input' could not query the properties of its associated display 0.  The device will be inoperable until the display size becomes available.
06-20 15:14:26.863   141   177 I InputReader: Device added: id=7, name='mxt224_ts_input', sources=0x00001002
06-20 15:14:26.863   141   177 I InputReader: Device added: id=5, name='herring-keypad', sources=0x00000101
06-20 15:14:26.863   141   177 I InputReader: Device added: id=2, name='cypress-touchkey', sources=0x00000101
06-20 15:14:26.875   141   157 W ResourceType: Failure getting entry for 0x7f060000 (t=5 e=0) in package 0 (error -75)
06-20 15:14:26.890   141   157 I SystemServer: Accessibility Manager
06-20 15:14:26.894   141   177 I InputReader: Reconfiguring input devices.  changes=0x00000004
06-20 15:14:26.894   141   177 I InputReader: Device reconfigured: id=7, name='mxt224_ts_input', surface size is now 480x800, mode is 1
06-20 15:14:26.894   141   157 I ActivityManager: Config changed: {1.0 0mcc0mnc en_US layoutdir=0 sw320dp w320dp h508dp nrml long port ?uimode ?night finger -keyb/v/h -nav/h s.2}
06-20 15:14:26.902    78    78 D PermissionCache: checking android.permission.ACCESS_SURFACE_FLINGER for uid=1000 => granted (5860 us)
06-20 15:14:26.914   141   157 I dalvikvm: DexOpt: source file CRC mismatch (27070d24 vs 8a520eff)
06-20 15:14:26.914   141   157 I PackageManager: Running dexopt on: edu.buffalo.cse.phonelab.phonelabservices
06-20 15:14:26.996   141   181 I bluedroid: Starting hciattach daemon
06-20 15:14:26.996   141   181 I bluedroid: bt_enable: ret: -1, errno: 19
06-20 15:14:27.019    78   134 I SurfaceFlinger: Boot is finished (14318 ms)
06-20 15:14:27.097   141   181 I bluedroid: bt_enable: ret: -1, errno: 19
06-20 15:14:27.097   141   143 D dalvikvm: GC_CONCURRENT freed 320K, 4% free 11038K/11463K, paused 2ms+7ms
06-20 15:14:27.195   141   181 I bluedroid: bt_enable: ret: -1, errno: 19
06-20 15:14:27.289   187   187 D dalvikvm: DexOpt: load 15ms, verify+opt 163ms
06-20 15:14:27.300   141   181 I bluedroid: bt_enable: ret: -1, errno: 19
06-20 15:14:27.332   141   157 I SystemServer: Device Policy
06-20 15:14:27.339   141   157 I SystemServer: Status Bar
06-20 15:14:27.351   141   157 I SystemServer: Clipboard Service
06-20 15:14:27.351   141   157 I SystemServer: NetworkManagement Service
06-20 15:14:27.359   141   157 I SystemServer: Text Service Manager Service
06-20 15:14:27.363   141   157 I SystemServer: NetworkStats Service
06-20 15:14:27.367   141   157 I SystemServer: NetworkPolicy Service
06-20 15:14:27.371   141   157 I SystemServer: Wi-Fi P2pService
06-20 15:14:27.375   141   157 I SystemServer: Wi-Fi Service
06-20 15:14:27.390    75   114 E CommandListener: Failed to open /proc/sys/net/ipv6/conf/wlan0/disable_ipv6: No such file or directory
06-20 15:14:27.390   141   157 E WifiStateMachine: Failed to disable IPv6: java.lang.IllegalStateException: Unable to communicate to native daemon for disabling ipv6
06-20 15:14:27.390   141   157 I SystemServer: Connectivity Service
06-20 15:14:27.394   141   157 D ConnectivityService: ConnectivityService starting up
06-20 15:14:27.398   141   181 I bluedroid: bt_enable: ret: -1, errno: 19
06-20 15:14:27.398   141   157 E ConnectivityService: Ignoring protectedNetwork 10
06-20 15:14:27.398   141   157 E ConnectivityService: Ignoring protectedNetwork 11
06-20 15:14:27.398   141   157 E ConnectivityService: Ignoring protectedNetwork 12
06-20 15:14:27.402   141   157 D ConnectivityService: wimaxJarLocation: /vendor/lib/wimax_service.jar
06-20 15:14:27.476   141   157 D dalvikvm: DexOpt: --- BEGIN 'wimax_service.jar' (bootstrap=0) ---
06-20 15:14:27.496   141   181 I bluedroid: bt_enable: ret: -1, errno: 19
06-20 15:14:27.597   141   181 I bluedroid: bt_enable: ret: -1, errno: 19
06-20 15:14:27.648   200   200 D dalvikvm: DexOpt: load 9ms, verify+opt 99ms
06-20 15:14:27.679   141   157 D dalvikvm: DexOpt: --- END 'wimax_service.jar' (success) ---
06-20 15:14:27.679   141   157 D dalvikvm: DEX prep '/vendor/lib/wimax_service.jar': unzip in 57ms, rewrite 200ms
06-20 15:14:27.679   141   157 D ConnectivityService: Starting Wimax Service... 
06-20 15:14:27.699   141   181 I bluedroid: bt_enable: ret: -1, errno: 19
06-20 15:14:27.710   141   157 D WimaxStateTracker: e java.lang.NullPointerException: missing IConnectivityManager
06-20 15:14:27.718   141   157 E MobileDataStateTracker: default: Ignoring feature request because could not acquire PhoneService
06-20 15:14:27.718   141   157 E MobileDataStateTracker: default: Could not enable APN type "default"
06-20 15:14:27.722   141   157 D NetworkManagementService: Registering observer
06-20 15:14:27.722   141   157 D NetworkManagementService: Registering observer
06-20 15:14:27.726   141   157 I WifiService: WifiService starting up with Wi-Fi enabled
06-20 15:14:27.746   141   157 I SystemServer: Throttle Service
06-20 15:14:27.746   141   157 I SystemServer: Mount Service
06-20 15:14:27.750   141   157 D MountService: got storage path: /mnt/sdcard description: USB storage primary: true removable: false emulated: false mtpReserve: 0 allowMassStorage: true maxFileSize: 4294967296
06-20 15:14:27.750   141   157 I SystemServer: Notification Manager
06-20 15:14:27.753   141   157 I SystemServer: Device Storage Monitor
06-20 15:14:27.753   141   157 I SystemServer: Location Manager
06-20 15:14:27.757   141   157 I SystemServer: Country Detector
06-20 15:14:27.757   141   157 I SystemServer: Search Service
06-20 15:14:27.761   141   157 I SystemServer: DropBox Service
06-20 15:14:27.761   141   157 I SystemServer: Wallpaper Service
06-20 15:14:27.773   141   157 I SystemServer: Audio Service
06-20 15:14:27.800   141   181 I bluedroid: bt_enable: ret: -1, errno: 19
06-20 15:14:27.804   141   208 I PackageManager: Updating external media status from unmounted to unmounted
06-20 15:14:27.804    72    95 D VoldCmdListener: volume list
06-20 15:14:27.804   141   208 D MountService: volume state changed for /mnt/sdcard (null -> unmounted)
06-20 15:14:27.808    81   121 D AudioHardware: ### setVoiceVolume_l
06-20 15:14:27.828   141   157 I SystemServer: Dock Observer
06-20 15:14:27.828   141   157 I SystemServer: Wired Accessory Observer
06-20 15:14:27.828   141   157 I SystemServer: USB Service
06-20 15:14:27.843   141   157 I SystemServer: UI Mode Manager Service
06-20 15:14:27.875   141   143 D dalvikvm: GC_CONCURRENT freed 215K, 3% free 11364K/11655K, paused 2ms+4ms
06-20 15:14:27.875   141   157 I SystemServer: Backup Service
06-20 15:14:27.878   141   157 V BackupManagerService: Initializing package tracking
06-20 15:14:27.898   141   181 I bluedroid: bt_enable: ret: -1, errno: 19
06-20 15:14:28.000   141   181 I bluedroid: bt_enable: ret: -1, errno: 19
06-20 15:14:28.066   141   157 V BackupManagerService: addPackageParticipantsLocked: all
06-20 15:14:28.066   141   157 V BackupManagerService: Registering transport android/com.android.internal.backup.LocalTransport = com.android.internal.backup.LocalTransport@415785a0
06-20 15:14:28.070   141   157 V BackupManagerService: Starting with transport android/com.android.internal.backup.LocalTransport
06-20 15:14:28.070   141   157 V BackupManagerService: Binding to Google transport
06-20 15:14:28.074   141   157 I BackupManagerService: Found stale backup journal, scheduling
06-20 15:14:28.078   141   157 I BackupManagerService:   com.android.providers.settings
06-20 15:14:28.101   141   181 I bluedroid: bt_enable: ret: -1, errno: 19
06-20 15:14:28.171   141   157 I BackupManagerService: Backup enabled => true
06-20 15:14:28.175   141   157 I SystemServer: AppWidget Service
06-20 15:14:28.179   141   157 I SystemServer: Recognition Service
06-20 15:14:28.183   141   157 I SystemServer: DiskStats Service
06-20 15:14:28.183   141   157 I SystemServer: SamplingProfiler Service
06-20 15:14:28.187   141   157 I WindowManager: SAFE MODE not enabled
06-20 15:14:28.187   141   148 D dalvikvm: JIT started for system_server
06-20 15:14:28.187   141   157 I SystemServer: NetworkTimeUpdateService
06-20 15:14:28.199   141   181 I bluedroid: bt_enable: ret: -1, errno: 19
06-20 15:14:28.207   141   157 D PowerManagerService: system ready!
06-20 15:14:28.230   141   157 I ActivityManager: System now ready
06-20 15:14:28.234   141   157 I SystemServer: Making services ready
06-20 15:14:28.234   141   157 D SystemServer: Starting service: Intent { cmp=com.android.systemui/.SystemUIService }
06-20 15:14:28.238   141   157 I Zygote  : Process: zygote socket opened
06-20 15:14:28.292   141   157 I ActivityManager: Start proc com.android.systemui for service com.android.systemui/.SystemUIService: pid=212 uid=1000 gids={1015, 3002, 3001, 3003, 3007}
06-20 15:14:28.296   141   157 D NetworkManagementService: enabling bandwidth control
06-20 15:14:28.300   141   181 I bluedroid: bt_enable: ret: -1, errno: 19
06-20 15:14:28.402   141   181 I bluedroid: bt_enable: ret: -1, errno: 19
06-20 15:14:28.406   212   212 D SystemUIService: loading: class com.android.systemui.statusbar.phone.PhoneStatusBar
06-20 15:14:28.406   212   212 D SystemUIService: running: com.android.systemui.statusbar.phone.PhoneStatusBar@41311120
06-20 15:14:28.417   141   143 D dalvikvm: GC_CONCURRENT freed 314K, 4% free 11601K/12039K, paused 2ms+7ms
06-20 15:14:28.500   141   181 I bluedroid: bt_enable: ret: -1, errno: 19
06-20 15:14:28.515   141   172 D dalvikvm: GC_FOR_ALLOC freed 8K, 4% free 11804K/12295K, paused 77ms
06-20 15:14:28.570   141   172 V TransportControlView: Create TCV com.android.internal.widget.TransportControlView@4140d208
06-20 15:14:28.601   141   181 I bluedroid: bt_enable: ret: -1, errno: 19
06-20 15:14:28.683   141   172 I ActivityManager: Start proc com.google.android.gsf.login for service com.google.android.gsf.login/com.google.android.gsf.loginservice.GoogleLoginService: pid=252 uid=10009 gids={3003, 1015, 1007, 2001, 3006}
06-20 15:14:28.703   141   181 I bluedroid: bt_enable: ret: -1, errno: 19
06-20 15:14:28.800   141   181 I bluedroid: bt_enable: ret: -1, errno: 19
06-20 15:14:28.832   212   214 D dalvikvm: GC_CONCURRENT freed 107K, 3% free 9323K/9543K, paused 2ms+13ms
06-20 15:14:28.878   191   191 E brcm_patchram_plus: Done setting line discpline
06-20 15:14:28.902   141   181 I bluedroid: bt_enable: ret: -1, errno: 114
06-20 15:14:28.902   141   181 W bluedroid: Bluetoothd already started, unexpectedly!
06-20 15:14:28.902   141   181 I bluedroid: Starting bluetoothd deamon
06-20 15:14:28.914   141   181 E BluetoothEventLoop.cpp: get_adapter_path: D-Bus error: org.freedesktop.DBus.Error.ServiceUnknown (The name org.bluez was not provided by any .service files)
06-20 15:14:28.921    75   114 D SoftapController: Softap fwReload - Ok
06-20 15:14:28.925   141   197 D NetworkManagementService: rsp <213 00:90:4c:11:22:33 0.0.0.0 0 [down broadcast multicast]>
06-20 15:14:28.929    75   114 D CommandListener: Setting iface cfg
06-20 15:14:28.929    75   114 D CommandListener: Trying to bring down wlan0
06-20 15:14:28.929    75   114 D CommandListener: broadcast flag ignored
06-20 15:14:28.929    75   114 D CommandListener: multicast flag ignored
06-20 15:14:28.929   141   181 E BluetoothEventLoop.cpp: get_adapter_path: D-Bus error: org.freedesktop.DBus.Error.ServiceUnknown (The name org.bluez was not provided by any .service files)
06-20 15:14:28.929   141   197 D NetworkManagementService: flags <[down broadcast multicast]>
06-20 15:14:28.937   141   157 D NetworkManagementService: Registering observer
06-20 15:14:28.945   141   181 E BluetoothEventLoop.cpp: get_adapter_path: D-Bus error: org.freedesktop.DBus.Error.ServiceUnknown (The name org.bluez was not provided by any .service files)
06-20 15:14:28.957   141   181 E BluetoothEventLoop.cpp: get_adapter_path: D-Bus error: org.freedesktop.DBus.Error.ServiceUnknown (The name org.bluez was not provided by any .service files)
06-20 15:14:28.968   141   181 E BluetoothEventLoop.cpp: get_adapter_path: D-Bus error: org.freedesktop.DBus.Error.ServiceUnknown (The name org.bluez was not provided by any .service files)
06-20 15:14:28.980   141   181 E BluetoothEventLoop.cpp: get_adapter_path: D-Bus error: org.freedesktop.DBus.Error.ServiceUnknown (The name org.bluez was not provided by any .service files)
06-20 15:14:28.984   141   152 I StatusBarManagerService: registerStatusBar bar=com.android.internal.statusbar.IStatusBar$Stub$Proxy@414f05a8
06-20 15:14:28.984   212   212 D PhoneStatusBar: disable: < expand icons alerts ticker system_info back home RECENT* clock >
06-20 15:14:28.992   141   181 E BluetoothEventLoop.cpp: get_adapter_path: D-Bus error: org.freedesktop.DBus.Error.ServiceUnknown (The name org.bluez was not provided by any .service files)
06-20 15:14:29.007   141   181 E BluetoothEventLoop.cpp: get_adapter_path: D-Bus error: org.freedesktop.DBus.Error.ServiceUnknown (The name org.bluez was not provided by any .service files)
06-20 15:14:29.019   141   181 E BluetoothEventLoop.cpp: get_adapter_path: D-Bus error: org.freedesktop.DBus.Error.ServiceUnknown (The name org.bluez was not provided by any .service files)
06-20 15:14:29.035   141   181 E BluetoothEventLoop.cpp: get_adapter_path: D-Bus error: org.freedesktop.DBus.Error.ServiceUnknown (The name org.bluez was not provided by any .service files)
06-20 15:14:29.042   281   281 I wpa_supplicant: rfkill: Cannot open RFKILL control device
06-20 15:14:29.050   141   181 E BluetoothEventLoop.cpp: get_adapter_path: D-Bus error: org.freedesktop.DBus.Error.ServiceUnknown (The name org.bluez was not provided by any .service files)
06-20 15:14:29.074   141   181 E BluetoothEventLoop.cpp: get_adapter_path: D-Bus error: org.freedesktop.DBus.Error.ServiceUnknown (The name org.bluez was not provided by any .service files)
06-20 15:14:29.085   141   181 E BluetoothEventLoop.cpp: get_adapter_path: D-Bus error: org.freedesktop.DBus.Error.ServiceUnknown (The name org.bluez was not provided by any .service files)
06-20 15:14:29.097   141   181 E BluetoothEventLoop.cpp: get_adapter_path: D-Bus error: org.freedesktop.DBus.Error.ServiceUnknown (The name org.bluez was not provided by any .service files)
06-20 15:14:29.109   141   181 E BluetoothEventLoop.cpp: get_adapter_path: D-Bus error: org.freedesktop.DBus.Error.ServiceUnknown (The name org.bluez was not provided by any .service files)
06-20 15:14:29.121   141   181 E BluetoothEventLoop.cpp: get_adapter_path: D-Bus error: org.freedesktop.DBus.Error.ServiceUnknown (The name org.bluez was not provided by any .service files)
06-20 15:14:29.144   141   157 D NetworkManagementService: Registering observer
06-20 15:14:29.160   141   181 E BluetoothEventLoop.cpp: get_adapter_path: D-Bus error: org.freedesktop.DBus.Error.ServiceUnknown (The name org.bluez was not provided by any .service files)
06-20 15:14:29.167   141   141 I ActivityManager: Start proc com.google.process.gapps for content provider com.google.android.gsf/.gservices.GservicesProvider: pid=291 uid=10009 gids={3003, 1015, 1007, 2001, 3006}
06-20 15:14:29.179   141   157 I ActivityManager: Config changed: {1.0 0mcc0mnc en_US layoutdir=0 sw320dp w320dp h508dp nrml long port finger -keyb/v/h -nav/h s.3}
06-20 15:14:29.183   212   212 D StorageNotification: Startup with UMS connection false (media state unmounted)
06-20 15:14:29.218   212   299 I StorageNotification: UMS connection changed to false (media state unmounted)
06-20 15:14:29.226   212   212 D SystemUIService: loading: class com.android.systemui.power.PowerUI
06-20 15:14:29.226   212   212 D SystemUIService: running: com.android.systemui.power.PowerUI@4136c140
06-20 15:14:29.269   141   181 E BluetoothEventLoop.cpp: get_adapter_path: D-Bus error: org.bluez.Error.NoSuchAdapter (No such adapter)
06-20 15:14:29.269   141   181 E BluetoothEventLoop.cpp: failure setting up Event Loop!
06-20 15:14:29.339   141   158 I ActivityManager: Start proc com.android.settings for broadcast com.android.settings/.widget.SettingsAppWidgetProvider: pid=306 uid=1000 gids={1015, 3002, 3001, 3003, 3007}
06-20 15:14:29.449   141   143 D dalvikvm: GC_CONCURRENT freed 203K, 3% free 12336K/12615K, paused 2ms+4ms
06-20 15:14:29.460   141   198 D WifiService: New client listening to asynchronous messages
06-20 15:14:29.605   141   157 I ActivityManager: Start proc com.android.wallpaper for service com.android.wallpaper/.nexus.NexusWallpaper: pid=321 uid=10026 gids={1006}
06-20 15:14:29.609   141   157 W InputManagerService: Ignoring setImeWindowStatus of uid 1000 token: null
06-20 15:14:29.652   291   291 I ActivityThread: Pub com.google.settings: com.google.android.gsf.settings.GoogleSettingsProvider
06-20 15:14:29.664   141   157 I ActivityManager: Start proc com.android.inputmethod.latin for service com.android.inputmethod.latin/.LatinIME: pid=332 uid=10024 gids={}
06-20 15:14:29.718   141   157 D NetworkManagementService: Registering observer
06-20 15:14:29.753   306   306 D LocalBluetoothProfileManager: LocalBluetoothProfileManager construction complete
06-20 15:14:29.765   281   281 I wpa_supplicant: wlan0: Trying to associate with 64:a0:e7:5d:18:30 (SSID='UB_Secure' freq=2412 MHz)
06-20 15:14:29.839   141   344 W ThrottleService: unable to find stats for iface rmnet0
06-20 15:14:29.851   281   281 I wpa_supplicant: wlan0: Associated with 64:a0:e7:5d:18:30
06-20 15:14:29.851   281   281 I wpa_supplicant: wlan0: CTRL-EVENT-EAP-STARTED EAP authentication started
06-20 15:14:29.851   291   291 I ActivityThread: Pub subscribedfeeds: com.google.android.gsf.subscribedfeeds.SubscribedFeedsProvider
06-20 15:14:29.855   281   281 I wpa_supplicant: wlan0: CTRL-EVENT-EAP-PROPOSED-METHOD vendor=0 method=4 -> NAK
06-20 15:14:29.855   141   157 I ActivityManager: Start proc com.android.phone for added application com.android.phone: pid=354 uid=1001 gids={3002, 3001, 3003, 1015}
06-20 15:14:29.859   281   281 I wpa_supplicant: wlan0: CTRL-EVENT-EAP-PROPOSED-METHOD vendor=0 method=25
06-20 15:14:29.859   281   281 I wpa_supplicant: wlan0: CTRL-EVENT-EAP-METHOD EAP vendor 0 method 25 (PEAP) selected
06-20 15:14:29.910   141   157 I ActivityManager: Start proc com.android.nfc for added application com.android.nfc: pid=367 uid=1027 gids={3002, 3001}
06-20 15:14:29.925   281   281 I wpa_supplicant: wlan0: CTRL-EVENT-EAP-PEER-CERT depth=2 subject='/C=US/O=Entrust.net/OU=www.entrust.net/CPS incorp. by ref. (limits liab.)/OU=(c) 1999 Entrust.net Limited/CN=Entrust.net Secure Server Certification Authority'
06-20 15:14:29.925   141   157 I ActivityManager: START {act=android.intent.action.MAIN cat=[android.intent.category.HOME] flg=0x10000000 cmp=com.android.launcher/com.android.launcher2.Launcher} from pid 0
06-20 15:14:29.929   281   281 I wpa_supplicant: wlan0: CTRL-EVENT-EAP-PEER-CERT depth=2 subject='/C=US/O=Entrust.net/OU=www.entrust.net/CPS incorp. by ref. (limits liab.)/OU=(c) 1999 Entrust.net Limited/CN=Entrust.net Secure Server Certification Authority'
06-20 15:14:29.929   281   281 I wpa_supplicant: wlan0: CTRL-EVENT-EAP-PEER-CERT depth=1 subject='/C=US/ST=UT/L=Salt Lake City/O=The USERTRUST Network/CN=USERTrust Legacy Secure Server CA'
06-20 15:14:29.937   281   281 I wpa_supplicant: wlan0: CTRL-EVENT-EAP-PEER-CERT depth=0 subject='/C=US/postalCode=14260/ST=New York/L=Buffalo/street=305 Computing Center/O=SUNY AT BUFFALO/OU=Issued through UNIVERSITY AT BUFFALO E-PKI Manager/OU=Comodo PremiumSSL Legacy/CN=radius2.cit.buffalo.edu'
06-20 15:14:29.972   141   181 E BluetoothService.cpp: setBluetoothTetheringNative true
06-20 15:14:29.980   141   359 D BluetoothEventLoop: Property Changed: Pairable : false
06-20 15:14:30.015   141   157 I ActivityManager: Start proc com.android.launcher for activity com.android.launcher/com.android.launcher2.Launcher: pid=385 uid=10025 gids={}
06-20 15:14:30.015   141   157 I SystemServer: Enabled StrictMode for system server main thread.
06-20 15:14:30.031   141   359 D BluetoothEventLoop: Property Changed: Powered : false
06-20 15:14:30.031   141   359 D BluetoothEventLoop: Property Changed: UUIDs : 6
06-20 15:14:30.031   141   359 D BluetoothEventLoop: Property Changed: UUIDs : 7
06-20 15:14:30.042   141   181 D BluetoothAdapterStateMachine: WarmUp process message: 54
06-20 15:14:30.042   291   291 I ActivityThread: Pub com.google.contacts.gal.provider: com.google.android.syncadapters.contacts.GalProvider
06-20 15:14:30.101   141   359 D BluetoothEventLoop: Property Changed: UUIDs : 8
06-20 15:14:30.101   141   359 D BluetoothEventLoop: Property Changed: UUIDs : 9
06-20 15:14:30.101   141   359 D BluetoothEventLoop: Property Changed: UUIDs : 10
06-20 15:14:30.140   141   181 D BluetoothAdapterStateMachine: WarmUp process message: 51
06-20 15:14:30.187   291   291 I ActivityThread: Pub com.google.android.gsf.gservices: com.google.android.gsf.gservices.GservicesProvider
06-20 15:14:30.226    79    79 D dalvikvm: GC_EXPLICIT freed 34K, 4% free 9031K/9347K, paused 2ms+12ms
06-20 15:14:30.253   291   291 I GservicesProvider: Gservices pushing to system: true; secure: true
06-20 15:14:30.253   291   291 I ActivityThread: Pub com.google.android.providers.talk: com.google.android.gsf.talk.TalkProvider
06-20 15:14:30.265   281   281 I wpa_supplicant: EAP-MSCHAPV2: Authentication succeeded
06-20 15:14:30.273   281   281 I wpa_supplicant: EAP-TLV: TLV Result - Success - EAP-TLV/Phase2 Completed
06-20 15:14:30.277   281   281 I wpa_supplicant: wlan0: CTRL-EVENT-EAP-SUCCESS EAP authentication completed successfully
06-20 15:14:30.300   281   281 I wpa_supplicant: wlan0: WPA: Key negotiation completed with 64:a0:e7:5d:18:30 [PTK=CCMP GTK=TKIP]
06-20 15:14:30.300   281   281 I wpa_supplicant: wlan0: CTRL-EVENT-CONNECTED - Connection to 64:a0:e7:5d:18:30 completed (auth) [id=0 id_str=]
06-20 15:14:30.320   354   354 I ActivityThread: Pub telephony: com.android.providers.telephony.TelephonyProvider
06-20 15:14:30.375   367   367 I NfcService: Starting NFC service
06-20 15:14:30.410   367   367 D NFC JNI : NFC Service : loading JNI
06-20 15:14:30.425   354   354 W TelephonyProvider: onCreate: confFile=/system/etc/apns-conf.xml oldCheckSum=-1
06-20 15:14:30.445   291   293 D dalvikvm: GC_CONCURRENT freed 237K, 4% free 9173K/9479K, paused 3ms+23ms
06-20 15:14:30.464    79    79 D dalvikvm: GC_EXPLICIT freed <1K, 4% free 9031K/9347K, paused 2ms+10ms
06-20 15:14:30.531   141   157 V BackupManagerService: Connected to Google transport
06-20 15:14:30.531   141   157 V BackupManagerService: Registering transport com.google.android.backup/.BackupTransportService = com.google.android.backup.BackupTransportService$1@416726e8
06-20 15:14:30.535   354   354 I ActivityThread: Pub icc: com.android.phone.IccProvider
06-20 15:14:30.542   354   354 I ActivityThread: Pub mms: com.android.providers.telephony.MmsProvider
06-20 15:14:30.542   354   354 I ActivityThread: Pub sms: com.android.providers.telephony.SmsProvider
06-20 15:14:30.554   385   385 I ActivityThread: Pub com.android.launcher2.settings: com.android.launcher2.LauncherProvider
06-20 15:14:30.597   354   354 I ActivityThread: Pub mms-sms: com.android.providers.telephony.MmsSmsProvider
06-20 15:14:30.632   367   367 I RegisteredComponentCache: ComponentInfo: ResolveInfo{413207f0 com.android.apps.tag.TagViewer p=0 o=0 m=0x108000}, techs: android.nfc.tech.Ndef, 
06-20 15:14:30.707    79    79 D dalvikvm: GC_EXPLICIT freed <1K, 4% free 9031K/9347K, paused 12ms+8ms
06-20 15:14:30.738   141   341 D libsecgps: gps_get_gps_interface:
06-20 15:14:30.738   141   341 E libsecgps: gps_get_extension: gps-debug is not implemented
06-20 15:14:30.777   141   143 D dalvikvm: GC_CONCURRENT freed 657K, 6% free 12442K/13191K, paused 7ms+5ms
06-20 15:14:30.785   141   158 I ActivityManager: Start proc edu.buffalo.cse.phonelab.phonelabservices for broadcast edu.buffalo.cse.phonelab.phonelabservices/edu.buffalo.cse.phonelab.receivers.WiFiReceiver: pid=415 uid=10037 gids={3003, 1015, 1007, 2001}
06-20 15:14:30.851   141   157 I Process : Sending signal. PID: 385 SIG: 3
06-20 15:14:30.851   385   391 I dalvikvm: threadid=3: reacting to signal 3
06-20 15:14:30.855   385   391 I dalvikvm: Wrote stack traces to '/data/anr/traces.txt'
06-20 15:14:30.894   321   321 V RenderScript: rsContextCreateGL dev=0x1a246a0
06-20 15:14:30.917   321   432 V RenderScript: 0x1a5d208 Launching thread(s), CPUs 1
06-20 15:14:30.917   321   432 V RenderScript: 0x1a5d208 initEGL start
06-20 15:14:30.937   321   432 D libEGL  : loaded /system/lib/egl/libGLES_android.so
06-20 15:14:30.960   321   432 D libEGL  : loaded /vendor/lib/egl/libEGL_POWERVR_SGX540_120.so
06-20 15:14:30.976   321   432 D libEGL  : loaded /vendor/lib/egl/libGLESv1_CM_POWERVR_SGX540_120.so
06-20 15:14:30.996   321   432 D libEGL  : loaded /vendor/lib/egl/libGLESv2_POWERVR_SGX540_120.so
06-20 15:14:31.113   385   388 D dalvikvm: GC_CONCURRENT freed 254K, 4% free 9183K/9543K, paused 3ms+21ms
06-20 15:14:31.136   332   335 D dalvikvm: GC_CONCURRENT freed 181K, 3% free 9339K/9607K, paused 2ms+18ms
06-20 15:14:31.156   321   432 V RenderScript: 0x1a5d208 initGLThread end
06-20 15:14:31.156   321   321 V RenderScript: 0x1a5d208 rsContextCreateGL ret
06-20 15:14:31.257   141   320 I ActivityManager: Start proc android.process.media for broadcast com.android.providers.media/.UsbReceiver: pid=445 uid=10012 gids={1015, 1023, 1024, 2001, 3003, 3007}
06-20 15:14:31.316   367   367 I NfceeAccess: read 3 signature(s) for NFCEE access
06-20 15:14:31.382   367   371 D dalvikvm: GC_CONCURRENT freed 320K, 5% free 9167K/9607K, paused 2ms+10ms
06-20 15:14:31.382   141   288 I ActivityManager: Start proc android.process.acore for content provider com.android.providers.userdictionary/.UserDictionaryProvider: pid=459 uid=10000 gids={3003, 1015}
06-20 15:14:31.394   332   433 E ActivityThread: Failed to find provider info for com.android.inputmethod.latin.dictionarypack
06-20 15:14:31.406   332   433 E BinaryDictionaryGetter: Could not find a dictionary pack
06-20 15:14:31.515   141   157 I Process : Sending signal. PID: 385 SIG: 3
06-20 15:14:31.515   385   391 I dalvikvm: threadid=3: reacting to signal 3
06-20 15:14:31.523   385   391 I dalvikvm: Wrote stack traces to '/data/anr/traces.txt'
06-20 15:14:31.671   445   445 I ActivityThread: Pub media: com.android.providers.media.MediaProvider
06-20 15:14:31.714   212   214 D dalvikvm: GC_CONCURRENT freed 129K, 3% free 9635K/9863K, paused 7ms+26ms
06-20 15:14:31.757   354   358 D dalvikvm: GC_CONCURRENT freed 286K, 5% free 9197K/9607K, paused 2ms+4ms
06-20 15:14:31.757   367   477 D NfcService: checking on firmware download
06-20 15:14:31.816   367   477 D NfcService: NFC is on. Doing normal stuff
06-20 15:14:31.816   367   477 I NfcService: Enabling NFC
06-20 15:14:31.820   459   459 I ActivityThread: Pub com.android.voicemail: com.android.providers.contacts.VoicemailContentProvider
06-20 15:14:31.835   367   477 D NFC JNI : Start Initialization
06-20 15:14:31.863   445   445 I ActivityThread: Pub downloads: com.android.providers.downloads.DownloadProvider
06-20 15:14:31.980   459   459 I ActivityThread: Pub user_dictionary: com.android.providers.userdictionary.UserDictionaryProvider
06-20 15:14:31.984   459   459 I ActivityThread: Pub com.android.social: com.android.providers.contacts.SocialProvider
06-20 15:14:31.984   459   459 I ActivityThread: Pub applications: com.android.providers.applications.ApplicationsProvider
06-20 15:14:32.066   367   477 D NFC JNI : NFC capabilities: HAL = 8150100, FW = a76d0c, HW = 620003, Model = 0, HCI = 1, Full_FW = 109, Rev = 12, FW Update Info = 0
06-20 15:14:32.078   141   381 I ActivityManager: Start proc com.android.smspush for service com.android.smspush/.WapPushManager: pid=506 uid=10051 gids={}
06-20 15:14:32.093   141   157 I Process : Sending signal. PID: 385 SIG: 3
06-20 15:14:32.093   385   391 I dalvikvm: threadid=3: reacting to signal 3
06-20 15:14:32.109   445   445 I ActivityThread: Pub drm: com.android.providers.drm.DrmProvider
06-20 15:14:32.117   445   512 I DownloadManager: in removeSpuriousFiles
06-20 15:14:32.175   385   391 I dalvikvm: Wrote stack traces to '/data/anr/traces.txt'
06-20 15:14:32.183   141   199 D ConnectivityService: ConnectivityChange for WIFI: CONNECTED/CONNECTED
06-20 15:14:32.207   415   415 I PhoneLab-WiFiReceiver: Wi-Fi is connected!
06-20 15:14:32.238   415   415 I PhoneLab-WiFiReceiver: SSID: UB_Secure BSSID: 64:a0:e7:5d:18:30 RSSI: -89 LinkSpeed: 39
06-20 15:14:32.304   415   415 I PhoneLab-Locks: wake lock acquired
06-20 15:14:32.324   415   415 I PhoneLab-UploadLogs: Transfering log files now
06-20 15:14:32.324   415   415 I PhoneLab-UploadLogs: No log files to transfer
06-20 15:14:32.324   415   415 I PhoneLab-Locks: wake lock released
06-20 15:14:32.375   415   415 I PhoneLab-UploadLogs: OnStartCommand
06-20 15:14:32.378   354   354 D CAT     : CatService: Running CAT service. STK app installed:false
06-20 15:14:32.378   354   354 D CAT     : CatService: NEW sInstance
06-20 15:14:32.378   141   195 I NetworkPolicy: no policy for active mobile network; generating default policy
06-20 15:14:32.421   141   194 W NetworkStats: dropping UID delta from unknown iface: iface=wlan0 uid=0 set=DEFAULT tag=0x0 rxBytes=0 rxPackets=0 txBytes=196 txPackets=3 operations=0
06-20 15:14:32.421   385   388 D dalvikvm: GC_CONCURRENT freed 103K, 2% free 9546K/9735K, paused 2ms+46ms
06-20 15:14:32.445   367   477 D NFC JNI : phLibNfc_SE_GetSecureElementList()
06-20 15:14:32.445   367   477 D NFC JNI : 
06-20 15:14:32.445   367   477 D NFC JNI : > Number of Secure Element(s) : 1
06-20 15:14:32.445   367   477 D NFC JNI : phLibNfc_SE_GetSecureElementList(): SMX detected, handle=0xabcdef
06-20 15:14:32.445   367   477 D NFC JNI : phLibNfc_SE_SetMode() returned 0x000d[NFCSTATUS_PENDING]
06-20 15:14:32.476   367   477 I NFC JNI : NFC Initialized
06-20 15:14:32.484   367   477 D NdefPushServer: start, thread = null
06-20 15:14:32.484   367   477 D NdefPushServer: starting new server thread
06-20 15:14:32.488   367   531 D NdefPushServer: about create LLCP service socket
06-20 15:14:32.488   367   531 D NdefPushServer: created LLCP service socket
06-20 15:14:32.488   367   531 D NdefPushServer: about to accept
06-20 15:14:32.542   141   143 D dalvikvm: GC_CONCURRENT freed 661K, 6% free 12624K/13383K, paused 2ms+13ms
06-20 15:14:32.566   354   358 D dalvikvm: GC_CONCURRENT freed 291K, 5% free 9332K/9735K, paused 2ms+7ms
06-20 15:14:32.613   354   354 D MccTable: updateMccMncConfiguration: mcc=310, mnc=120
06-20 15:14:32.613   354   354 D MccTable: locale set to en_us
06-20 15:14:32.613   354   354 D MccTable: WIFI_COUNTRY_CODE set to us
06-20 15:14:32.617   141   157 I Process : Sending signal. PID: 385 SIG: 3
06-20 15:14:32.617   385   391 I dalvikvm: threadid=3: reacting to signal 3
06-20 15:14:32.617   141   427 I WifiService: WifiService trying to set country code to us with persist set to true
06-20 15:14:32.621   385   391 I dalvikvm: Wrote stack traces to '/data/anr/traces.txt'
06-20 15:14:32.625   141   152 D dalvikvm: GC_EXPLICIT freed 2K, 6% free 12634K/13383K, paused 3ms+7ms
06-20 15:14:32.644   367   477 D NfcService: NFC-EE OFF
06-20 15:14:32.660   367   477 D NfcService: NFC-C OFF
06-20 15:14:32.687   459   459 I ActivityThread: Pub contacts;com.android.contacts: com.android.providers.contacts.ContactsProvider2
06-20 15:14:32.695   141   141 I SearchManagerService: Building list of searchable activities
06-20 15:14:32.777   459   464 D dalvikvm: GC_CONCURRENT freed 352K, 5% free 9184K/9607K, paused 2ms+10ms
06-20 15:14:32.871   459   459 I ActivityThread: Pub call_log: com.android.providers.contacts.CallLogProvider
06-20 15:14:33.003   385   388 D dalvikvm: GC_CONCURRENT freed 266K, 4% free 9808K/10183K, paused 2ms+9ms
06-20 15:14:33.144   141   157 I Process : Sending signal. PID: 385 SIG: 3
06-20 15:14:33.144   385   391 I dalvikvm: threadid=3: reacting to signal 3
06-20 15:14:33.156   141   141 D SyncManager: setSyncAutomatically: , provider subscribedfeeds -> true
06-20 15:14:33.156   141   141 D SyncManager: setSyncAutomatically: already set to true, doing nothing
06-20 15:14:33.160   321   321 E RenderScript: RS watchdog timeout: 0  eglMakeCurrent  line 408 frameworks/base/libs/rs/driver/rsdGL.cpp
06-20 15:14:33.167   445   512 I DownloadManager: deleting spurious file /cache/wimax_service.dex
06-20 15:14:33.167   385   391 I dalvikvm: Wrote stack traces to '/data/anr/traces.txt'
06-20 15:14:33.171   141   152 I ActivityManager: Config changed: {1.0 310mcc120mnc en_US layoutdir=0 sw320dp w320dp h508dp nrml long port finger -keyb/v/h -nav/h s.4}
06-20 15:14:33.187   445   512 I DownloadManager: deleting spurious file /cache/backup
06-20 15:14:33.222   252   255 D dalvikvm: GC_CONCURRENT freed 264K, 4% free 9145K/9479K, paused 2ms+3ms
06-20 15:14:33.328   354   354 D CallManager: registerPhone(CDMA Handler (com.android.internal.telephony.PhoneProxy) {41341ca8})
06-20 15:14:33.421   212   299 I StorageNotification: UMS connection changed to true (media state unmounted)
06-20 15:14:33.453   321   321 V ScriptC : Create script for resource = nexus
06-20 15:14:33.472   354   354 D Bluetooth HS/HF: CDMA call state: IDLE prev state:IDLE
06-20 15:14:33.472   321   432 I bcc     : LIBBCC build time: 2012/06/18 16:18:15
06-20 15:14:33.472   321   432 I bcc     : LIBBCC build revision: 03cfe0e30d65d6e2ecbe6282cec4b20d3be690cc (git)
06-20 15:14:33.488   385   385 D libEGL  : loaded /system/lib/egl/libGLES_android.so
06-20 15:14:33.500   385   385 D libEGL  : loaded /vendor/lib/egl/libEGL_POWERVR_SGX540_120.so
06-20 15:14:33.503   385   385 D libEGL  : loaded /vendor/lib/egl/libGLESv1_CM_POWERVR_SGX540_120.so
06-20 15:14:33.507   385   385 D libEGL  : loaded /vendor/lib/egl/libGLESv2_POWERVR_SGX540_120.so
06-20 15:14:33.605   141   381 W ActivityManager: Unable to start service Intent { act=com.android.ussd.IExtendedNetworkService }: not found
06-20 15:14:33.687   385   385 D OpenGLRenderer: Enabling debug mode 0
06-20 15:14:33.730   385   431 W Launcher.Model: LoaderTask running with no launcher (loadAllAppsByBatch)
06-20 15:14:33.804   141   557 D dalvikvm: GC_FOR_ALLOC freed 445K, 7% free 12748K/13575K, paused 43ms
06-20 15:14:33.804   141   152 I ActivityManager: Start proc com.android.deskclock for broadcast com.android.deskclock/com.android.alarmclock.AnalogAppWidgetProvider: pid=559 uid=10011 gids={}
06-20 15:14:33.812   354   354 D OtaUtils: CdmaOtaConfigData constructor!
06-20 15:14:33.812   354   354 D OtaUtils: CdmaOtaInCallScreenState: constructor init to UNDEFINED
06-20 15:14:33.824   141   157 I Process : Sending signal. PID: 385 SIG: 3
06-20 15:14:33.824   385   391 I dalvikvm: threadid=3: reacting to signal 3
06-20 15:14:33.832   385   391 I dalvikvm: Wrote stack traces to '/data/anr/traces.txt'
06-20 15:14:33.988   559   559 I ActivityThread: Pub com.android.deskclock: com.android.deskclock.AlarmProvider
06-20 15:14:34.089   141   152 I ActivityManager: Start proc com.google.android.partnersetup for broadcast com.google.android.partnersetup/.PhoneStateReceiver: pid=574 uid=10020 gids={3003}
06-20 15:14:34.328   141   157 I Process : Sending signal. PID: 385 SIG: 3
06-20 15:14:34.328   385   391 I dalvikvm: threadid=3: reacting to signal 3
06-20 15:14:34.347   385   391 I dalvikvm: Wrote stack traces to '/data/anr/traces.txt'
06-20 15:14:34.367   574   574 I ActivityThread: Pub com.google.android.partnersetup.rlzprovider: com.google.android.partnersetup.RlzProvider
06-20 15:14:34.371   574   574 I ActivityThread: Pub com.google.android.partnersetup.rlzappprovider: com.google.android.partnersetup.RlzAppProvider
06-20 15:14:34.406   354   354 D Bluetooth HSHFP: Starting BluetoothHeadsetService
06-20 15:14:34.457   354   354 D CAT     : CatService: SIM ready. Reporting STK service running now...
06-20 15:14:34.488   385   385 D Launcher.Model: Reload apps on config change. curr_mcc:310 prevmcc:0
06-20 15:14:34.613   385   388 D dalvikvm: GC_CONCURRENT freed 410K, 5% free 9866K/10375K, paused 2ms+33ms
06-20 15:14:34.718   212   212 D dalvikvm: GC_FOR_ALLOC freed 90K, 3% free 9961K/10183K, paused 18ms
06-20 15:14:34.753   212   212 D dalvikvm: GC_FOR_ALLOC freed 443K, 7% free 9881K/10567K, paused 15ms
06-20 15:14:34.753   212   212 I dalvikvm-heap: Grow heap (frag case) to 9.891MB for 186256-byte allocation
06-20 15:14:34.769   212   212 D dalvikvm: GC_FOR_ALLOC freed 3K, 7% free 10059K/10759K, paused 16ms
06-20 15:14:34.781   321   432 D StopWatch: StopWatch calcFileSHA1 time (us): 1307358 
06-20 15:14:34.808   321   432 D StopWatch: StopWatch calcFileSHA1 time (us): 5373 
06-20 15:14:34.808   321   432 D bcc     : Read object file size 6036
06-20 15:14:34.808   321   432 D StopWatch: StopWatch bcc: PrepareExecutable time (us): 2596 
06-20 15:14:34.808   321   432 E bcc     : Symbol not found: init
06-20 15:14:34.851   141   157 I Process : Sending signal. PID: 385 SIG: 3
06-20 15:14:34.851   385   391 I dalvikvm: threadid=3: reacting to signal 3
06-20 15:14:34.867   385   391 I dalvikvm: Wrote stack traces to '/data/anr/traces.txt'
06-20 15:14:34.957   354   354 V SipBroadcastReceiver: start auto registration
06-20 15:14:34.980   321   321 D dalvikvm: GC_FOR_ALLOC freed 87K, 3% free 9098K/9347K, paused 157ms
06-20 15:14:35.031   354   358 D dalvikvm: GC_CONCURRENT freed 354K, 5% free 9406K/9863K, paused 5ms+4ms
06-20 15:14:35.035   321   321 I dalvikvm-heap: Grow heap (frag case) to 11.879MB for 3072016-byte allocation
06-20 15:14:35.097   321   323 D dalvikvm: GC_CONCURRENT freed 2K, 3% free 12096K/12359K, paused 2ms+13ms
06-20 15:14:35.195   141   143 D dalvikvm: GC_CONCURRENT freed 927K, 8% free 12772K/13767K, paused 4ms+6ms
06-20 15:14:35.484   291   293 D dalvikvm: GC_CONCURRENT freed 517K, 7% free 9193K/9799K, paused 1ms+3ms
06-20 15:14:35.609   141   320 D AlarmManagerService: Kernel timezone updated to 240 minutes west of GMT
06-20 15:14:35.636   354   354 D SystemClock: Setting time of day to sec=1340219675
06-20 15:14:35.822   212   212 D PhoneStatusBar: disable: < expand icons alerts ticker system_info BACK* HOME* RECENT CLOCK* >
06-20 15:14:35.884   141   141 D AlarmManagerService: Kernel timezone updated to 240 minutes west of GMT
06-20 15:14:36.068   291   293 D dalvikvm: GC_CONCURRENT freed 430K, 6% free 9274K/9799K, paused 4ms+2ms
06-20 15:14:36.197   141   152 I ActivityManager: Start proc com.google.android.apps.uploader for broadcast com.google.android.apps.uploader/.ConnectivityBroadcastReceiver: pid=601 uid=10030 gids={3003}
06-20 15:14:36.212   601   601 I dalvikvm: Turning on JNI app bug workarounds for target SDK version 11...
06-20 15:14:36.267   601   601 I ActivityThread: Pub com.google.android.apps.uploader: com.google.android.apps.uploader.UploadsContentProvider
06-20 15:14:36.267   601   601 I ActivityThread: Pub com.google.photos.provider.Album: com.google.android.apps.uploader.clients.picasa.AlbumProvider
06-20 15:14:36.267   601   601 D MediaUploader: UploaderApplication.onCreate
06-20 15:14:36.345   291   291 D NetworkLocationService: onCreate com.google.android.location.NetworkLocationService@4134e638
06-20 15:14:36.361   291   291 D NetworkLocationClient: ANDROID minProtocolVersion 1 maxProtocolVersion 1 releaseVersion -1
06-20 15:14:36.361   291   291 D NetworkLocationClient: binding to Intent { act=com.google.android.location.internal.ANDROID_NLP }
06-20 15:14:36.392   291   598 I GTalkService/c: [AndroidEndpoint@1094059248] connect: acct=1000000, state=CONNECTING
06-20 15:14:36.427   291   293 D dalvikvm: GC_CONCURRENT freed 372K, 6% free 9307K/9799K, paused 2ms+4ms
06-20 15:14:36.478   601   601 D MediaUploader: nonWifiLimit=20971520, default=20971520
06-20 15:14:36.482   601   601 I MediaUploader: No need to wake up
06-20 15:14:36.583   141   153 I ActivityManager: Start proc com.android.contacts for broadcast com.android.contacts/.calllog.CallLogReceiver: pid=626 uid=10000 gids={3003, 1015}
06-20 15:14:36.599   385   385 D dalvikvm: GC_FOR_ALLOC freed 97K, 5% free 10006K/10439K, paused 32ms
06-20 15:14:36.603   385   385 I dalvikvm-heap: Grow heap (frag case) to 10.166MB for 345760-byte allocation
06-20 15:14:36.650   385   385 D dalvikvm: GC_FOR_ALLOC freed 112K, 6% free 10231K/10823K, paused 43ms
06-20 15:14:36.681   385   385 D dalvikvm: GC_FOR_ALLOC freed <1K, 6% free 10232K/10823K, paused 28ms
06-20 15:14:36.681   385   385 I dalvikvm-heap: Grow heap (frag case) to 10.386MB for 345760-byte allocation
06-20 15:14:36.712   385   385 D dalvikvm: GC_FOR_ALLOC freed <1K, 6% free 10569K/11207K, paused 26ms
06-20 15:14:36.724   141   551 D libsecgps: gps_init
06-20 15:14:36.728    85    85 D GPSD    : send_ril_gps_request: Connecting to RIL...
06-20 15:14:36.736   141   551 D GpsLocationProvider: set_capabilities_callback: 1
06-20 15:14:36.740   385   385 D dalvikvm: GC_FOR_ALLOC freed <1K, 6% free 10570K/11207K, paused 25ms
06-20 15:14:36.740   385   385 I dalvikvm-heap: Grow heap (frag case) to 10.716MB for 345760-byte allocation
06-20 15:14:36.771   385   385 D dalvikvm: GC_FOR_ALLOC freed <1K, 6% free 10907K/11591K, paused 30ms
06-20 15:14:36.787   291   291 D NetworkLocationService: onBind com.google.android.location.NetworkLocationProvidercom.google.android.location.NetworkLocationService@4134e638
06-20 15:14:36.798   354   354 V OtaStartupReceiver: onReceive: intent action=android.intent.action.BOOT_COMPLETED  mOtaspMode=-1
06-20 15:14:36.798   354   354 D OtaStartupReceiver: Register our PhoneStateListener
06-20 15:14:36.798   354   354 V OtaStartupReceiver: resolvInfo = null, provisioned = true, runningSetupWizard = true
06-20 15:14:36.798   354   354 D OtaStartupReceiver: call OtaUtils.maybeDoOtaCall
06-20 15:14:36.802   354   354 D OtaUtils: phoneNeedsActivation is set to false
06-20 15:14:36.802   354   354 D OtaUtils: otaShowActivationScreen: 1
06-20 15:14:36.802   354   354 D OtaUtils: maybeDoOtaCall: voice capable; activation NOT started.
06-20 15:14:36.802   354   354 V OtaStartupReceiver: onOtaspChanged: mOtaspMode=3
06-20 15:14:36.849   626   644 D AccountTypeManager: Registering 1 extension packages
06-20 15:14:36.849   291   291 D androidInternalNlpService: onCreate com.google.android.location.internal.server.NetworkLocationService@413592f0
06-20 15:14:36.888   291   645 D NetworkLocationRealOs: ------------------------ reading cache.cell
06-20 15:14:36.896   291   645 D NetworkLocationRealOs: no cache.cell found; not migrating
06-20 15:14:36.896   291   645 D NetworkLocationRealOs: ------------------------ reading cache.wifi
06-20 15:14:36.896   291   645 D NetworkLocationRealOs: no cache.wifi found; not migrating
06-20 15:14:36.904   291   291 D androidNlpServiceThread: ANDROID minProtocolVersion 1 maxProtocolVersion 1 releaseVersion -1
06-20 15:14:36.908   141   202 D Tethering: MasterInitialState.processMessage what=3
06-20 15:14:36.908   354   354 I SprintMenu: Boot completed intent received
06-20 15:14:36.923   141   157 D PowerManagerService: bootCompleted
06-20 15:14:36.927   141   157 V DevicePolicyManagerService: Sending password expiration notifications for action android.intent.action.BOOT_COMPLETED
06-20 15:14:36.939    72    95 D VoldCmdListener: volume mount /mnt/sdcard
06-20 15:14:36.939    72    95 I Vold    : /dev/block/vold/179:3 being considered for volume sdcard
06-20 15:14:36.939    72    95 D Vold    : Volume sdcard state changing 1 (Idle-Unmounted) -> 3 (Checking)
06-20 15:14:36.943   141   207 D MountService: volume state changed for /mnt/sdcard (unmounted -> checking)
06-20 15:14:36.962   212   299 I StorageNotification: Media {/mnt/sdcard} state changed from {unmounted} -> {checking}
06-20 15:14:36.962   141   207 D MountService: sendStorageIntent Intent { act=android.intent.action.MEDIA_CHECKING dat=file:///mnt/sdcard (has extras) }
06-20 15:14:36.990   354   354 I SprintMenu: getoemdata()
06-20 15:14:36.990   141   429 I ActivityManager: Start proc com.android.sprintmenu for service com.android.sprintmenu/.HiddenPhoneService: pid=654 uid=1001 gids={3002, 3001, 3003, 1015}
06-20 15:14:37.001   141   157 V WiredAccessoryObserver: init()
06-20 15:14:37.115   626   644 I AccountTypeManager: Loaded meta-data for 2 account types, 1 accounts in 333ms(wall) 12ms(cpu)
06-20 15:14:37.142   141   143 D dalvikvm: GC_CONCURRENT freed 845K, 7% free 12910K/13831K, paused 5ms+7ms
06-20 15:14:37.197   141   157 W WiredAccessoryObserver: This kernel does not have wired headset support
06-20 15:14:37.208   354   354 I SprintMenu: Inside Handlemessage
06-20 15:14:37.208   354   354 I SprintMenu: Verify response incoming!!,Get data Done
06-20 15:14:37.208   354   354 I SprintMenu: : Mode_Off
06-20 15:14:37.208   354   354 I SprintMenu: Inside Hiddenmenu handlemsg ,selectedmode = -1
06-20 15:14:37.212   291   291 D NetworkLocationService: onBind com.google.android.location.GeocodeProvidercom.google.android.location.NetworkLocationService@4134e638
06-20 15:14:37.212   354   354 I SprintMenu: Inside Hiddenmenu handlemsg, sysprop = -1
06-20 15:14:37.232   291   291 D NetworkLocationClient: onServiceConnected to ComponentInfo{com.google.android.location/com.google.android.location.internal.server.NetworkLocationService}
06-20 15:14:37.232   291   619 D androidNetworkLocationListeners: Still have listener com.google.android.location.internal.client.NetworkLocationClient$1@413541c8
06-20 15:14:37.244   354   354 D SynmlBootReceiver: SynmlBootReceiver  onReceive = Intent { act=android.intent.action.BOOT_COMPLETED flg=0x10 cmp=com.samsung.update/.SyncmlBootReceiver }
06-20 15:14:37.244   354   354 D SynmlBootReceiver: SynmlBootReceiver  onReceive action = android.intent.action.BOOT_COMPLETED
06-20 15:14:37.244   354   354 D SynmlBootReceiver: BOOT_COMPLETED 
06-20 15:14:37.244   354   354 I SynmlBootReceiver:  san_service()starting ...
06-20 15:14:37.248   141   157 W WiredAccessoryObserver: This kernel does not have wired headset support
06-20 15:14:37.259   354   354 D SynmlBootReceiver: onReceive  End
06-20 15:14:37.267   354   354 I SAN_SERVICE: onCreate
06-20 15:14:37.290   354   354 V SANService: onStart(): intent_action = com.samsung.update.SAN_SERVICE
06-20 15:14:37.290   354   354 V SANService: In on Start: started = false
06-20 15:14:37.290   354   354 V SANService: Starting thread
06-20 15:14:37.302   354   354 D SAN_SERVICE: *******************************************
06-20 15:14:37.302   354   354 D SAN_SERVICE: DM App Phone Service State - 0
06-20 15:14:37.302   354   354 D SAN_SERVICE: *******************************************
06-20 15:14:37.302   354   354 D SAN_SERVICE: *******************************************
06-20 15:14:37.302   354   354 D SAN_SERVICE: DM App Phone Call State - 0
06-20 15:14:37.302   354   354 D SAN_SERVICE: *******************************************
06-20 15:14:37.314   354   354 I SAN_SERVICE: onDestroy
06-20 15:14:37.314   354   677 V SAN_SERVICE: Background Thread has stopped san_empty false
06-20 15:14:37.462    72    95 I /system/bin/fsck_msdos: ** /dev/block/vold/179:3
06-20 15:14:37.587   141   692 I RecoverySystem: No recovery log file
06-20 15:14:37.634   141   157 I ActivityManager: Start proc com.android.providers.calendar for broadcast com.android.providers.calendar/.CalendarReceiver: pid=697 uid=10006 gids={3003, 1015}
06-20 15:14:37.638   141   692 I BootReceiver: Copying /proc/last_kmsg to DropBox (SYSTEM_LAST_KMSG)
06-20 15:14:37.712   212   212 D dalvikvm: GC_FOR_ALLOC freed 225K, 7% free 10103K/10759K, paused 55ms
06-20 15:14:37.728    72    95 I /system/bin/fsck_msdos: ** Phase 1 - Read FAT (compare skipped)
06-20 15:14:37.728    72    95 I /system/bin/fsck_msdos: Attempting to allocate 13624 KB for FAT
06-20 15:14:37.759   291   293 D dalvikvm: GC_CONCURRENT freed 388K, 6% free 9359K/9863K, paused 6ms+5ms
06-20 15:14:37.837   141   171 D dalvikvm: GC_EXPLICIT freed 625K, 7% free 13025K/13959K, paused 2ms+7ms
06-20 15:14:37.880   697   697 I ActivityThread: Pub com.android.calendar: com.android.providers.calendar.CalendarProvider2
06-20 15:14:37.904   212   212 D dalvikvm: GC_FOR_ALLOC freed 388K, 9% free 9892K/10759K, paused 75ms
06-20 15:14:38.134   141   320 I ActivityManager: Start proc com.android.email for broadcast com.android.email/.service.EmailBroadcastReceiver: pid=721 uid=10013 gids={3003, 1015}
06-20 15:14:38.169    79    79 D dalvikvm: GC_EXPLICIT freed 37K, 4% free 9031K/9347K, paused 1ms+8ms
06-20 15:14:38.228    79    79 D dalvikvm: GC_EXPLICIT freed <1K, 4% free 9031K/9347K, paused 2ms+3ms
06-20 15:14:38.240   626   646 E DefaultVoicemailNotifier: No voicemails to notify about: clear the notification.
06-20 15:14:38.267    79    79 D dalvikvm: GC_EXPLICIT freed <1K, 4% free 9031K/9347K, paused 3ms+2ms
06-20 15:14:38.267   721   721 I ActivityThread: Pub com.android.email.provider;com.android.email.notifier: com.android.email.provider.EmailProvider
06-20 15:14:38.290   721   721 I ActivityThread: Pub com.android.email.attachmentprovider: com.android.email.provider.AttachmentProvider
06-20 15:14:38.310   559   717 V AlarmClock: AlarmInitReceiver finished
06-20 15:14:38.369   141   288 I ActivityManager: Start proc com.android.exchange for service com.android.exchange/.ExchangeService: pid=737 uid=10014 gids={3003, 1015}
06-20 15:14:38.505   737   737 I ActivityThread: Pub com.android.exchange.directory.provider: com.android.exchange.provider.ExchangeDirectoryProvider
06-20 15:14:38.556   141   153 I ActivityManager: Start proc com.google.android.apps.genie.geniewidget for broadcast com.google.android.apps.genie.geniewidget/.miniwidget.MiniWidgetProvider: pid=755 uid=10016 gids={3003, 1015}
06-20 15:14:38.560   737   737 D ExchangeService: !!! EAS ExchangeService, onStartCommand, startingUp = false, running = false
06-20 15:14:38.568   755   755 I dalvikvm: Turning on JNI app bug workarounds for target SDK version 11...
06-20 15:14:38.623   755   755 I ActivityThread: Pub com.google.android.apps.genie.geniewidget.weather: com.google.android.apps.genie.geniewidget.providers.WeatherProvider
06-20 15:14:38.630   755   755 I ActivityThread: Pub com.google.android.apps.genie.geniewidget.newsimage: com.google.android.apps.genie.geniewidget.providers.NewsImageProvider
06-20 15:14:38.642   737   749 D Eas Debug: Logging: 
06-20 15:14:38.708   141   352 D dalvikvm: GC_EXPLICIT freed 440K, 8% free 12847K/13959K, paused 3ms+5ms
06-20 15:14:38.728   141   199 D ConnectivityService: handleInetConditionHoldEnd: net=1, condition=0, published condition=0
06-20 15:14:38.744   141   551 D GpsLocationProvider: NTP server returned: 1340219678962 (Wed Jun 20 15:14:38 EDT 2012) reference: 31573 certainty: 67 system time offset: 216
06-20 15:14:38.755   755   755 W Genie   : Cache file not found: java.io.FileNotFoundException: /data/data/com.google.android.apps.genie.geniewidget/cache/genie_masfcache: open failed: ENOENT (No such file or directory)
06-20 15:14:38.759   755   755 W Genie   : Cache file not found: java.io.FileNotFoundException: /data/data/com.google.android.apps.genie.geniewidget/cache/genie_iconcache: open failed: ENOENT (No such file or directory)
06-20 15:14:38.802   755   757 D dalvikvm: GC_CONCURRENT freed 348K, 5% free 9176K/9607K, paused 2ms+2ms
06-20 15:14:38.818   755   765 W CursorWrapperInner: Cursor finalized without prior close()
06-20 15:14:38.845   141   153 I ActivityManager: Start proc com.google.android.gm for broadcast com.google.android.gm/.MailIntentReceiver: pid=779 uid=10017 gids={3003, 1015}
06-20 15:14:38.923   141   377 D dalvikvm: GC_FOR_ALLOC freed 28K, 8% free 12844K/13959K, paused 44ms
06-20 15:14:38.923   141   377 I dalvikvm-heap: Grow heap (frag case) to 12.772MB for 162658-byte allocation
06-20 15:14:38.978   141   141 D dalvikvm: GC_FOR_ALLOC freed <1K, 9% free 13003K/14151K, paused 43ms
06-20 15:14:39.126   779   779 I ActivityThread: Pub gmail-ls: com.google.android.gm.provider.MailProvider
06-20 15:14:39.130   141   165 I ActivityManager: Start proc com.google.android.syncadapters.calendar for service com.google.android.syncadapters.calendar/.CalendarSyncAdapterService: pid=798 uid=10018 gids={3003}
06-20 15:14:39.142   737   737 D ExchangeService: !!! EAS ExchangeService, onStartCommand, startingUp = true, running = false
06-20 15:14:39.165   779   779 I ActivityThread: Pub com.google.android.gmail.SuggestionProvider: com.google.android.gm.SuggestionsProvider
06-20 15:14:39.169   737   762 D ExchangeService: Received deviceId from Email app: androidc1188569685
06-20 15:14:39.173   779   779 I ActivityThread: Pub com.google.android.gm: com.google.android.gm.provider.PublicContentProvider
06-20 15:14:39.177   737   762 D ExchangeService: Reconciling accounts...
06-20 15:14:39.244   737   749 D Eas Debug: Logging: 
06-20 15:14:39.755   574   576 D dalvikvm: GC_CONCURRENT freed 354K, 5% free 9133K/9607K, paused 2ms+2ms
06-20 15:14:39.939   574   574 I RlzPingService: Setting next ping for 1340824479937
06-20 15:14:40.044   291   293 D dalvikvm: GC_CONCURRENT freed 397K, 5% free 9447K/9927K, paused 2ms+3ms
06-20 15:14:40.052   291   834 I SystemUpdateService: checking for post-install intent
06-20 15:14:40.083   141   141 I ActivityManager: Start proc com.google.android.apps.maps:FriendService for broadcast com.google.android.apps.maps/com.google.googlenav.friend.android.ServiceReceiver: pid=835 uid=10028 gids={3003, 1015}
06-20 15:14:40.095   835   835 I dalvikvm: Turning on JNI app bug workarounds for target SDK version 13...
06-20 15:14:40.181   697   697 I CalendarProvider2: Sending notification intent: Intent { act=android.intent.action.PROVIDER_CHANGED dat=content://com.android.calendar }
06-20 15:14:40.185   697   697 W ContentResolver: Failed to get type for: content://com.android.calendar (Unknown URL content://com.android.calendar)
06-20 15:14:40.224   835   837 D dalvikvm: GC_CONCURRENT freed 163K, 3% free 9373K/9607K, paused 5ms+2ms
06-20 15:14:40.294   291   834 I SystemUpdateService: cancelUpdate (empty URL)
06-20 15:14:40.419   141   143 D dalvikvm: GC_CONCURRENT freed 976K, 9% free 12910K/14151K, paused 3ms+6ms
06-20 15:14:40.568   835   837 D dalvikvm: GC_CONCURRENT freed 230K, 4% free 9573K/9927K, paused 6ms+2ms
06-20 15:14:40.693   141   429 I ActivityManager: Start proc com.android.mms for broadcast com.android.mms/.transaction.MmsSystemEventReceiver: pid=853 uid=10031 gids={3003, 1015}
06-20 15:14:40.806   853   853 I ActivityThread: Pub mms_temp_file: com.android.mms.TempFileProvider
06-20 15:14:40.810   853   853 I ActivityThread: Pub com.android.mms.SuggestionsProvider: com.android.mms.SuggestionsProvider
06-20 15:14:40.904   141   377 D CountryDetector: The first listener is added
06-20 15:14:40.908   853   853 V MmsConfig: mnc/mcc: 310120
06-20 15:14:40.908   853   853 V MmsConfig: tag: bool value: enabledMMS - true
06-20 15:14:40.908   853   853 V MmsConfig: tag: int value: maxMessageSize - 307200
06-20 15:14:40.908   853   853 V MmsConfig: tag: int value: maxImageHeight - 480
06-20 15:14:40.908   853   853 V MmsConfig: tag: int value: maxImageWidth - 640
06-20 15:14:40.908   853   853 V MmsConfig: tag: int value: defaultSMSMessagesPerThread - 500
06-20 15:14:40.908   853   853 V MmsConfig: tag: int value: defaultMMSMessagesPerThread - 50
06-20 15:14:40.908   853   853 V MmsConfig: tag: int value: minMessageCountPerThread - 10
06-20 15:14:40.908   853   853 V MmsConfig: tag: int value: maxMessageCountPerThread - 5000
06-20 15:14:40.908   853   853 V MmsConfig: tag: string value: uaProfUrl - http://www.google.com/oha/rdf/ua-profile-kila.xml
06-20 15:14:40.908   853   853 V MmsConfig: tag: int value: recipientLimit - -1
06-20 15:14:40.908   853   853 V MmsConfig: tag: int value: smsToMmsTextThreshold - 4
06-20 15:14:40.908   853   853 V MmsConfig: tag: bool value: enableMultipartSMS - true
06-20 15:14:40.908   853   853 V MmsConfig: tag: bool value: enableSlideDuration - true
06-20 15:14:40.908   853   853 V MmsConfig: tag: int value: maxMessageTextSize - -1
06-20 15:14:40.962   354   378 D MmsSmsDatabaseHelper: [MmsSmsDb] tableName: threads hasAutoIncrement: CREATE TABLE threads (_id INTEGER PRIMARY KEY AUTOINCREMENT,date INTEGER DEFAULT 0,message_count INTEGER DEFAULT 0,recipient_ids TEXT,snippet TEXT,snippet_cs INTEGER DEFAULT 0,read INTEGER DEFAULT 1,type INTEGER DEFAULT 0,error INTEGER DEFAULT 0,has_attachment INTEGER DEFAULT 0) result: true
06-20 15:14:40.966   354   378 D MmsSmsDatabaseHelper: [MmsSmsDb] tableName: canonical_addresses hasAutoIncrement: CREATE TABLE canonical_addresses (_id INTEGER PRIMARY KEY AUTOINCREMENT,address TEXT) result: true
06-20 15:14:40.966   354   378 D MmsSmsDatabaseHelper: [getWritableDatabase] hasAutoIncrementThreads: true hasAutoIncrementAddresses: true
06-20 15:14:41.091   141   141 W ActivityManager: Permission Denial: receiving Intent { act=android.intent.action.BOOT_COMPLETED flg=0x10 } to com.android.musicfx requires android.permission.RECEIVE_BOOT_COMPLETED due to sender null (uid 1000)
06-20 15:14:41.119   141   158 I ActivityManager: Start proc com.google.android.onetimeinitializer for broadcast com.google.android.onetimeinitializer/.OneTimeInitializerReceiver: pid=876 uid=10034 gids={}
06-20 15:14:41.150   876   876 V OneTimeInitializerReceiver: OneTimeInitializerReceiver.onReceive
06-20 15:14:41.158   415   415 I PhoneLab-OnBootReceiver: Device is booted!
06-20 15:14:41.158   415   415 I PhoneLab-OnBootReceiver: Rescheduling periodic checking...
06-20 15:14:41.173   876   889 V OneTimeService: OneTimeService.onHandleIntent
06-20 15:14:41.251   141   381 I ActivityManager: Start proc com.google.android.talk for broadcast com.google.android.talk/.videochat.BootCompleteReceiver: pid=892 uid=10045 gids={3003, 1015, 1006, 3002}
06-20 15:14:41.400   779   781 D dalvikvm: GC_CONCURRENT freed 276K, 4% free 9260K/9607K, paused 2ms+2ms
06-20 15:14:41.474   892   892 I ActivityThread: Pub com.google.android.talk.SuggestionProvider: com.google.android.talk.SuggestionsProvider
06-20 15:14:41.576   892   892 D vclib:CallStateClient: startListening
06-20 15:14:41.623   892   895 D dalvikvm: GC_CONCURRENT freed 142K, 3% free 9339K/9607K, paused 5ms+2ms
06-20 15:14:41.673   141   377 I ActivityManager: START {flg=0x10000000 cmp=com.google.android.gsf/.update.SystemUpdateInstallDialog} from pid 291
06-20 15:14:41.701   892   892 I talk    : Refresh the supported camera state
06-20 15:14:41.744    78   498 D PermissionCache: checking android.permission.READ_FRAME_BUFFER for uid=1000 => granted (596 us)
06-20 15:14:41.748   892   913 I talk    : supported front camera true
06-20 15:14:41.830   141   153 I ActivityManager: Start proc com.android.voicedialer for broadcast com.android.voicedialer/.VoiceDialerReceiver: pid=915 uid=10049 gids={3002}
06-20 15:14:41.873   141   381 I ActivityManager: START {flg=0x10000000 cmp=com.google.android.gsf/.update.SystemUpdateDownloadDialog} from pid 291
06-20 15:14:41.915   141   288 I ActivityManager: Start proc com.android.calendar for broadcast com.android.calendar/.widget.CalendarAppWidgetService$CalendarFactory: pid=929 uid=10005 gids={3003}
06-20 15:14:42.017   929   929 I ActivityThread: Pub com.android.calendar.CalendarRecentSuggestionsProvider: com.android.calendar.CalendarRecentSuggestionsProvider
06-20 15:14:42.138   291   291 V SystemUpdateService: onPostExecute: false
06-20 15:14:42.165   559   717 V AlarmClock: AlarmInitReceiver finished
06-20 15:14:42.181   141   171 I ActivityManager: Displayed com.android.launcher/com.android.launcher2.Launcher: +12s139ms
06-20 15:14:42.185   141   148 I dalvikvm: Jit: resizing JitTable from 4096 to 8192
06-20 15:14:42.279   141   143 D dalvikvm: GC_CONCURRENT freed 917K, 10% free 12861K/14151K, paused 5ms+8ms
06-20 15:14:42.392   892   950 I talk    : onMcsConnectionStarted
06-20 15:14:42.521   141   381 I ActivityManager: Start proc com.google.android.apps.maps:LocationFriendService for broadcast com.google.android.apps.maps/com.google.googlenav.friend.reporting.LocationReportingIntentReceiver: pid=952 uid=10028 gids={3003, 1015}
06-20 15:14:42.556   952   952 I dalvikvm: Turning on JNI app bug workarounds for target SDK version 13...
06-20 15:14:42.564    79    79 D dalvikvm: GC_EXPLICIT freed 37K, 4% free 9031K/9347K, paused 5ms+17ms
06-20 15:14:42.591    79    79 D dalvikvm: GC_EXPLICIT freed <1K, 4% free 9031K/9347K, paused 2ms+3ms
06-20 15:14:42.623    79    79 D dalvikvm: GC_EXPLICIT freed <1K, 4% free 9031K/9347K, paused 2ms+2ms
06-20 15:14:42.626   853   855 D dalvikvm: GC_CONCURRENT freed 327K, 5% free 9144K/9543K, paused 2ms+4ms
06-20 15:14:42.744   952   954 D dalvikvm: GC_CONCURRENT freed 177K, 3% free 9359K/9607K, paused 2ms+2ms
06-20 15:14:42.915   291   293 D dalvikvm: GC_CONCURRENT freed 369K, 5% free 9512K/9991K, paused 4ms+4ms
06-20 15:14:42.994   952   954 D dalvikvm: GC_CONCURRENT freed 289K, 4% free 9628K/9991K, paused 2ms+3ms
06-20 15:14:43.068   141   429 I ActivityManager: START {flg=0x10000000 cmp=com.google.android.apps.maps/com.google.googlenav.login.AndroidLoginActivitySdk5 (has extras)} from pid 952
06-20 15:14:43.130   141   377 I ActivityManager: Start proc com.google.android.apps.maps for activity com.google.android.apps.maps/com.google.googlenav.login.AndroidLoginActivitySdk5: pid=973 uid=10028 gids={3003, 1015}
06-20 15:14:43.173   973   973 I dalvikvm: Turning on JNI app bug workarounds for target SDK version 13...
06-20 15:14:43.302   973   975 D dalvikvm: GC_CONCURRENT freed 149K, 3% free 9387K/9607K, paused 2ms+2ms
06-20 15:14:43.341   973   973 I ActivityThread: Pub com.google.android.maps.LayerInfoProvider: com.google.googlenav.layer.LayerInfoProvider
06-20 15:14:43.361   973   973 I ActivityThread: Pub com.google.android.maps.TrafficAppWidgetProvider: com.google.googlenav.appwidget.traffic.TrafficAppWidgetProvider
06-20 15:14:43.361   973   973 I ActivityThread: Pub com.google.android.maps.SuggestionProvider: com.google.googlenav.suggest.android.SuggestProvider
06-20 15:14:43.404   973   973 I ActivityThread: Pub com.google.android.maps.LocalActivePlacesProvider: com.google.googlenav.provider.LocalActivePlacesProvider
06-20 15:14:43.404   973   973 I ActivityThread: Pub com.google.android.maps.StarredItemProvider: com.google.googlenav.provider.StarredItemProvider
06-20 15:14:43.482   973   975 D dalvikvm: GC_CONCURRENT freed 222K, 4% free 9584K/9927K, paused 4ms+8ms
06-20 15:14:43.701   973   975 D dalvikvm: GC_CONCURRENT freed 307K, 5% free 9699K/10119K, paused 2ms+1ms
06-20 15:14:43.705   141   352 D dalvikvm: GC_EXPLICIT freed 446K, 8% free 13054K/14151K, paused 4ms+7ms
06-20 15:14:43.740   141   157 I Process : Sending signal. PID: 973 SIG: 3
06-20 15:14:43.740   973   977 I dalvikvm: threadid=3: reacting to signal 3
06-20 15:14:43.767   973   973 I ActivityThread: Pub com.google.android.maps.LocalSuggestionProvider: com.google.googlenav.provider.LocalSuggestionProvider
06-20 15:14:43.767   973   973 I ActivityThread: Pub com.google.android.maps.SearchHistoryProvider: com.google.googlenav.provider.SearchHistoryProvider
06-20 15:14:43.771   973   973 I ActivityThread: Pub com.google.android.maps.NavigationAvailabilityProvider: com.google.googlenav.provider.NavigationAvailabilityProvider
06-20 15:14:43.771   973   977 I dalvikvm: Wrote stack traces to '/data/anr/traces.txt'
06-20 15:14:43.892   697   699 D dalvikvm: GC_CONCURRENT freed 332K, 5% free 9155K/9607K, paused 2ms+15ms
06-20 15:14:43.915   141   288 I ActivityManager: No longer want com.android.contacts (pid 626): hidden #16
06-20 15:14:44.005   141   427 I ActivityManager: No longer want com.google.android.apps.uploader (pid 601): hidden #16
06-20 15:14:44.212   291   986 I GTalkService/c: [GTalkConnection@1094149416] connect: acct=1, state=CONNECTING
06-20 15:14:44.314   354   354 D SAN_SERVICE: *******************************************
06-20 15:14:44.314   354   354 D SAN_SERVICE: DM App Phone Service State - 0
06-20 15:14:44.314   354   354 D SAN_SERVICE: *******************************************
06-20 15:14:44.427   459   464 D dalvikvm: GC_CONCURRENT freed 201K, 4% free 9400K/9735K, paused 7ms+2ms
06-20 15:14:44.810    72    95 I /system/bin/fsck_msdos: ** Phase 2 - Check Cluster Chains
06-20 15:14:44.990   737   737 D ExchangeService: !!! EAS ExchangeService, onStartCommand, startingUp = true, running = false
06-20 15:14:45.044   721   723 D dalvikvm: GC_CONCURRENT freed 267K, 4% free 9250K/9607K, paused 3ms+7ms
06-20 15:14:45.212   141   153 I ActivityManager: No longer want com.google.android.apps.genie.geniewidget (pid 755): hidden #16
06-20 15:14:45.314   779   827 I Gmail   : Sending notification intent: Intent { act=android.intent.action.PROVIDER_CHANGED dat=content://gmail-ls/unread/^i (has extras) }
06-20 15:14:45.326   779   827 I Gmail   : Sending notification intent: Intent { act=android.intent.action.PROVIDER_CHANGED dat=content://gmail-ls/unread/^iim (has extras) }
06-20 15:14:45.345   141   152 I ActivityManager: No longer want com.android.email (pid 721): hidden #16
06-20 15:14:45.369   779   850 I Gmail   : calculateUnknownSyncRationalesAndPurgeInBackground: queueing
06-20 15:14:45.474   779   850 I Gmail   : calculateUnknownSyncRationalesAndPurgeInBackground: queueing
06-20 15:14:45.638   291   968 D dalvikvm: GC_EXPLICIT freed 324K, 5% free 9568K/9991K, paused 23ms+94ms
06-20 15:14:45.748    72    95 I /system/bin/fsck_msdos: ** Phase 3 - Checking Directories
06-20 15:14:45.849   141   320 I ActivityManager: No longer want com.google.android.partnersetup (pid 574): hidden #16
06-20 15:14:45.849   141   320 I ActivityManager: No longer want com.android.exchange (pid 737): hidden #17
06-20 15:14:45.951   779   850 I Gmail   : calculateUnknownSyncRationalesAndPurgeInBackground: running
06-20 15:14:45.970    72    95 I /system/bin/fsck_msdos: ** Phase 4 - Checking for Lost Files
06-20 15:14:46.005   385   388 D dalvikvm: GC_CONCURRENT freed 227K, 3% free 11246K/11591K, paused 59ms+2ms
06-20 15:14:46.037   779   850 I Gmail   : calculateUnknownSyncRationalesAndPurgeInBackground: running
06-20 15:14:46.134   779   781 D dalvikvm: GC_CONCURRENT freed 311K, 5% free 9355K/9799K, paused 4ms+16ms
06-20 15:14:46.263   445   447 D dalvikvm: GC_CONCURRENT freed 213K, 3% free 9257K/9543K, paused 1ms+5ms
06-20 15:14:46.318   141   199 D ConnectivityService: handleInetConditionHoldEnd: net=1, condition=100, published condition=0
06-20 15:14:46.369    72    95 I /system/bin/fsck_msdos: Next free cluster in FSInfo block (138610) not free
06-20 15:14:46.369    72    95 I /system/bin/fsck_msdos: FIXED
06-20 15:14:46.369    72    95 I /system/bin/fsck_msdos: 728 files, 479732 free (3265661 clusters)
06-20 15:14:46.435    72    95 I Vold    : Filesystem check completed OK
06-20 15:14:46.443    72    95 I Vold    : Device /dev/block/vold/179:3, target /mnt/sdcard mounted @ /mnt/secure/staging
06-20 15:14:46.443    72    95 D Vold    : Volume sdcard state changing 3 (Checking) -> 4 (Mounted)
06-20 15:14:46.447   141   207 I PackageManager: Updating external media status from unmounted to mounted
06-20 15:14:46.447   141   207 D MountService: volume state changed for /mnt/sdcard (checking -> mounted)
06-20 15:14:46.466   212   299 I StorageNotification: Media {/mnt/sdcard} state changed from {checking} -> {mounted}
06-20 15:14:46.568   141   207 D MountService: sendStorageIntent Intent { act=android.intent.action.MEDIA_MOUNTED dat=file:///mnt/sdcard (has extras) }
06-20 15:14:46.595    72    95 D VoldCmdListener: asec list
06-20 15:14:46.599   141   161 I PackageManager: No secure containers on sdcard
06-20 15:14:46.607   141   161 W PackageManager: Unknown permission com.android.vending.permission.UPDATE_MARKET_FAILURE in package com.android.vending.updater
06-20 15:14:46.611   141   161 W PackageManager: Unknown permission android.permission.ADD_SYSTEM_SERVICE in package com.android.phone
06-20 15:14:46.642   141   161 W PackageManager: Unknown permission com.google.android.apps.googlevoice.permission.AUTO_SEND in package com.google.android.voicesearch
06-20 15:14:46.669   141   161 W PackageManager: Unknown permission com.android.vending.billing.IBillingAccountService.BIND2 in package com.google.android.gsf.login
06-20 15:14:46.677   141   161 W PackageManager: Not granting permission android.permission.SEND_DOWNLOAD_COMPLETED_INTENTS to package com.android.browser (protectionLevel=2 flags=0x9be45)
06-20 15:14:46.693   141   161 W PackageManager: Unknown permission android.permission.WRITE_CDMA_CARRIER_SETTINGS in package com.android.sprintmenu
06-20 15:14:46.693   141   161 W PackageManager: Unknown permission android.permission.CHANGE_DUN_STATE in package com.android.sprintmenu
06-20 15:14:46.693   141   161 W PackageManager: Unknown permission android.permission.READ_EXTERNAL_STORAGE in package com.android.videoeditor
06-20 15:14:46.740   141   161 W PackageManager: Unknown permission android.permission.READ_EXTERNAL_STORAGE in package com.android.vending
06-20 15:14:46.763   212   214 D dalvikvm: GC_CONCURRENT freed 140K, 6% free 10187K/10759K, paused 20ms+15ms
06-20 15:14:46.767   141   161 W PackageManager: Unknown permission com.sprint.internal.permission.CONNECTIONMANAGER in package com.samsung.update
06-20 15:14:46.771   141   161 W PackageManager: Unknown permission com.sprint.internal.permission.SYSTEMPROPERTIES in package com.samsung.update
06-20 15:14:46.771   141   161 W PackageManager: Unknown permission com.sprint.internal.permission.SYSTEMPROPERTIES_WRITE in package com.samsung.update
06-20 15:14:46.771   141   161 W PackageManager: Unknown permission com.android.providers.im.permission.READ_ONLY in package com.google.android.apps.maps
06-20 15:14:46.771   141   161 W PackageManager: Not granting permission android.permission.DEVICE_POWER to package com.android.deskclock (protectionLevel=2 flags=0x8be45)
06-20 15:14:46.802   212   212 D dalvikvm: GC_FOR_ALLOC freed 200K, 6% free 10152K/10759K, paused 18ms
06-20 15:14:46.849   141   161 W PackageManager: Unknown permission android.permission.FLAG_RECEIVER_REGISTERED_ONLY_BEFORE_BOOT in package com.samsung.wimax
06-20 15:14:47.068   798   800 D dalvikvm: GC_CONCURRENT freed 295K, 5% free 9186K/9607K, paused 14ms+4ms
06-20 15:14:47.173   141   143 D dalvikvm: GC_CONCURRENT freed 1016K, 9% free 12930K/14151K, paused 10ms+4ms
06-20 15:14:47.197   445   445 D MediaScannerReceiver: action: android.intent.action.MEDIA_MOUNTED path: /mnt/sdcard
06-20 15:14:47.224   212   212 D dalvikvm: GC_FOR_ALLOC freed 358K, 8% free 9960K/10759K, paused 35ms
06-20 15:14:47.228   141   352 I ActivityManager: Start proc com.google.android.apps.uploader for broadcast com.google.android.apps.uploader/.ConnectivityBroadcastReceiver: pid=1004 uid=10030 gids={3003}
06-20 15:14:47.251  1004  1004 I dalvikvm: Turning on JNI app bug workarounds for target SDK version 11...
06-20 15:14:47.279  1004  1004 I ActivityThread: Pub com.google.android.apps.uploader: com.google.android.apps.uploader.UploadsContentProvider
06-20 15:14:47.279  1004  1004 I ActivityThread: Pub com.google.photos.provider.Album: com.google.android.apps.uploader.clients.picasa.AlbumProvider
06-20 15:14:47.287  1004  1004 D MediaUploader: UploaderApplication.onCreate
06-20 15:14:47.310  1004  1004 D MediaUploader: nonWifiLimit=20971520, default=20971520
06-20 15:14:47.314  1004  1004 I MediaUploader: No need to wake up
06-20 15:14:47.318   141   141 I ActivityManager: No longer want com.google.android.apps.maps:FriendService (pid 835): hidden #16
06-20 15:14:47.669   385   388 D dalvikvm: GC_CONCURRENT freed 521K, 6% free 11448K/12103K, paused 2ms+3ms
06-20 15:14:47.970   892   895 D dalvikvm: GC_CONCURRENT freed 345K, 5% free 9417K/9863K, paused 2ms+2ms
06-20 15:14:48.517   141   141 I ActivityManager: No longer want com.android.mms (pid 853): hidden #16
06-20 15:14:48.525   141   429 D CountryDetector: No listener is left
06-20 15:14:48.533   141   381 I ActivityManager: No longer want com.google.android.onetimeinitializer (pid 876): hidden #16
06-20 15:14:49.076   445   447 D dalvikvm: GC_CONCURRENT freed 294K, 5% free 9385K/9799K, paused 3ms+3ms
06-20 15:14:49.716   141   427 I ActivityManager: Start proc com.android.browser for content provider com.android.browser/.provider.BrowserProvider2: pid=1024 uid=10003 gids={3003, 1015}
06-20 15:14:49.736   141   381 I ActivityManager: No longer want edu.buffalo.cse.phonelab.phonelabservices (pid 415): hidden #16
06-20 15:14:49.810  1024  1024 I ActivityThread: Pub com.android.browser;browser: com.android.browser.provider.BrowserProvider2
06-20 15:14:49.822  1024  1024 I ActivityThread: Pub com.android.browser.home: com.android.browser.homepages.HomeProvider
06-20 15:14:49.822  1024  1024 I ActivityThread: Pub com.android.browser.snapshots: com.android.browser.provider.SnapshotProvider
06-20 15:14:49.962   445   852 W MediaScanner: Error opening directory '/mnt/sdcard/.android_secure/', skipping: Permission denied.
06-20 15:14:50.486   291   293 D dalvikvm: GC_CONCURRENT freed 349K, 5% free 9647K/10119K, paused 2ms+5ms
06-20 15:14:51.072   445   447 D dalvikvm: GC_CONCURRENT freed 340K, 5% free 9453K/9927K, paused 2ms+3ms
06-20 15:14:51.173   141   158 I ActivityManager: Start proc edu.buffalo.cse.phonelab.phonelabservices for broadcast edu.buffalo.cse.phonelab.phonelabservices/.PeriodicCheckReceiver: pid=1052 uid=10037 gids={3003, 1015, 1007, 2001}
06-20 15:14:51.208  1052  1052 I PhoneLab-Locks: wake lock acquired
06-20 15:14:51.240  1052  1065 I PhoneLab-PeriodicCheckService: User info is synched
06-20 15:14:51.244  1052  1065 W PhoneLab-PeriodicCheckService: Logger Service is not running starting now...
06-20 15:14:51.251  1052  1065 I PhoneLab-Locks: wake lock acquired
06-20 15:14:51.255  1052  1065 I PhoneLab-PeriodicCheckService: Rescheduling periodic checking...
06-20 15:14:51.255  1052  1065 I PhoneLab-Locks: wake lock released
06-20 15:14:51.259  1052  1052 I PhoneLab-LoggerService: Start Logger Service
06-20 15:14:51.259  1052  1052 I PhoneLab-Locks: wake lock acquired
06-20 15:14:51.267  1052  1052 I PhoneLab-UploadLogs: Transfering log files now
06-20 15:14:51.267  1052  1052 I PhoneLab-UploadLogs: No log files to transfer
06-20 15:14:51.267  1052  1052 I PhoneLab-Locks: wake lock released
06-20 15:14:51.271  1052  1052 I PhoneLab-UploadLogs: OnStartCommand
06-20 15:14:51.271  1052  1052 I PhoneLab-StatusMonitor: Status Monitoring is started
06-20 15:14:51.275  1052  1067 I PhoneLab-: Service Running
06-20 15:14:51.298  1052  1052 E PhoneLab-PhoneLabManifest: java.io.FileNotFoundException: /data/data/edu.buffalo.cse.phonelab.phonelabservices/files/manifest.xml: open failed: ENOENT (No such file or directory)
06-20 15:14:51.314   779  1050 I Gmail   : MainSyncRequestProto: lowestBkwdConvoId: 0, highestHandledServerOp: 736026, normalSync: true
06-20 15:14:51.388   445   852 V MediaScanner: pruneDeadThumbnailFiles... android.database.sqlite.SQLiteCursor@4134f900
06-20 15:14:51.396   445   852 V MediaScanner: /pruneDeadThumbnailFiles... android.database.sqlite.SQLiteCursor@4134f900
06-20 15:14:51.419  1052  1052 I PhoneLab-Locks: wake lock released
06-20 15:14:51.443  1052  1067 I PhoneLab-LoggerService: Logcat pid from database 1158
06-20 15:14:51.443  1052  1067 I PhoneLab-LoggerService: Logcat process not found, starting process
06-20 15:14:51.443  1052  1067 I System.out: /mnt/sdcard/.log/
06-20 15:14:51.537  1052  1067 I PhoneLab-LoggerService: app_37    1070  1052  1492   1104  00000000 400490a0 R logcat
06-20 15:14:51.568  1052  1067 I PhoneLab-LoggerService: PID to db1070
06-20 15:14:51.716   291   293 D dalvikvm: GC_CONCURRENT freed 360K, 5% free 9691K/10183K, paused 2ms+4ms
06-20 15:14:52.130   779   781 D dalvikvm: GC_CONCURRENT freed 331K, 5% free 9473K/9927K, paused 10ms+2ms
06-20 15:14:52.349  1052  1052 I PhoneLab-Locks: wake lock acquired
06-20 15:14:52.353  1052  1052 I PhoneLab-MessageReceiver: C2DM Message Receiver called
06-20 15:14:52.353  1052  1052 I PhoneLab-MessageReceiver: Payload: {"message": "recovery_system"}
06-20 15:14:52.361   291   291 W GTalkService: [DataMsgMgr] broadcast intent callback: result=CANCELLED forIntent { act=com.google.android.c2dm.intent.RECEIVE cat=[edu.buffalo.cse.phonelab.phonelabservices] (has extras) }
06-20 15:14:52.369  1052  1074 I PhoneLab-MessageService: C2DM Message Service is started!
06-20 15:14:52.373  1052  1074 I URLs    : webUrl: http://download.phone-lab.org/ota/update.zip
06-20 15:14:52.373  1052  1074 I URLs    :  Path: Download/update.zip
06-20 15:14:52.478  1052  1074 E PhoneLab-DownloadFile: Download Failed! Error: java.io.FileNotFoundException: /Download/update.zip: open failed: ENOENT (No such file or directory)
06-20 15:14:52.478  1052  1074 I PhoneLab-MessageService: C2DM Message Service is done!
06-20 15:14:52.478  1052  1074 I PhoneLab-Locks: wake lock released
06-20 15:14:52.904   779  1050 D dalvikvm: GC_EXPLICIT freed 425K, 6% free 9486K/9991K, paused 2ms+3ms
06-20 15:14:52.998   141   381 D dalvikvm: GC_EXPLICIT freed 508K, 10% free 12869K/14151K, paused 3ms+6ms
06-20 15:14:53.033   779  1050 I Gmail   : MainSyncRequestProto: lowestBkwdConvoId: 0, highestHandledServerOp: 736075, normalSync: true
06-20 15:14:53.712   779  1050 D dalvikvm: GC_EXPLICIT freed 351K, 6% free 9548K/10055K, paused 3ms+3ms
06-20 15:14:53.732   779  1050 I Gmail   : MainSyncRequestProto: lowestBkwdConvoId: 0, highestHandledServerOp: 736075, normalSync: true
06-20 15:14:53.763   779  1050 W Gmail   : Scheduling index for 300000 ms from now
06-20 15:14:53.798   779  1050 I Gmail   : Sending notification intent: Intent { act=android.intent.action.PROVIDER_CHANGED dat=content://gmail-ls/unread/^i (has extras) }
06-20 15:14:53.919   779  1076 W Gmail   : Showing notification with unreadCount of 1 and unseenCount of 1
06-20 15:14:53.923   779  1050 I Gmail   : Sending notification intent: Intent { act=android.intent.action.PROVIDER_CHANGED dat=content://gmail-ls/unread/^iim (has extras) }
06-20 15:14:54.103   141   381 I ActivityManager: No longer want com.android.voicedialer (pid 915): hidden #16
06-20 15:14:54.361   212   214 D dalvikvm: GC_CONCURRENT freed 185K, 5% free 10240K/10759K, paused 3ms+4ms
06-20 15:14:54.400   212   212 D dalvikvm: GC_FOR_ALLOC freed 23K, 5% free 10223K/10759K, paused 22ms
06-20 15:14:54.400   212   212 I dalvikvm-heap: Grow heap (frag case) to 10.222MB for 182416-byte allocation
06-20 15:14:54.415   212   212 D dalvikvm: GC_FOR_ALLOC freed 4K, 6% free 10397K/10951K, paused 16ms
06-20 15:14:54.607   212   212 D dalvikvm: GC_FOR_ALLOC freed 409K, 7% free 10217K/10951K, paused 18ms
06-20 15:14:54.869   354   354 D SAN_SERVICE: *******************************************
06-20 15:14:54.873   354   354 D SAN_SERVICE: DM App Phone Service State - 0
06-20 15:14:54.873   354   354 D SAN_SERVICE: *******************************************
06-20 15:14:54.904   354   358 D dalvikvm: GC_CONCURRENT freed 316K, 5% free 9496K/9927K, paused 1ms+3ms
06-20 15:14:54.978   291   293 D dalvikvm: GC_CONCURRENT freed 341K, 5% free 9772K/10247K, paused 3ms+5ms
06-20 15:14:55.412   459   464 D dalvikvm: GC_CONCURRENT freed 352K, 5% free 9452K/9927K, paused 2ms+3ms
06-20 15:14:56.091   291   293 D dalvikvm: GC_CONCURRENT freed 365K, 5% free 9815K/10311K, paused 5ms+3ms
06-20 15:14:56.580   779  1085 I Gmail   : MainSyncRequestProto: lowestBkwdConvoId: 0, highestHandledServerOp: 736075, normalSync: true
06-20 15:14:56.927   779   781 D dalvikvm: GC_CONCURRENT freed 346K, 5% free 9644K/10119K, paused 3ms+3ms
06-20 15:14:57.427   779   781 D dalvikvm: GC_CONCURRENT freed 467K, 6% free 9589K/10183K, paused 7ms+12ms
06-20 15:14:57.552   779  1085 D dalvikvm: GC_EXPLICIT freed 112K, 6% free 9598K/10183K, paused 2ms+3ms
06-20 15:14:57.583   779  1085 I Gmail   : MainSyncRequestProto: lowestBkwdConvoId: 0, highestHandledServerOp: 736111, normalSync: true
06-20 15:14:57.603   779  1085 W Gmail   : Scheduling index for 300000 ms from now
06-20 15:14:57.642   779  1085 I Gmail   : Sending notification intent: Intent { act=android.intent.action.PROVIDER_CHANGED dat=content://gmail-ls/unread/^i (has extras) }
06-20 15:14:57.755   779  1085 I Gmail   : Sending notification intent: Intent { act=android.intent.action.PROVIDER_CHANGED dat=content://gmail-ls/unread/^iim (has extras) }
06-20 15:14:57.763   212   212 D dalvikvm: GC_FOR_ALLOC freed 335K, 8% free 10151K/10951K, paused 24ms
06-20 15:14:57.826   212   214 D dalvikvm: GC_CONCURRENT freed 327K, 7% free 10274K/10951K, paused 2ms+2ms
06-20 15:14:58.533   798   800 D dalvikvm: GC_CONCURRENT freed 364K, 6% free 9240K/9735K, paused 2ms+3ms
06-20 15:14:58.857   141   199 D ConnectivityService: ConnectivityChange for mobile: CONNECTED/CONNECTED
06-20 15:14:58.888   141   199 D NetUtils: android_net_utils_resetConnections in env=0x19d9818 clazz=0x35200001 iface=rmnet0 mask=0x3
06-20 15:14:58.888   141   199 D ConnectivityService: ConnectivityChange for mobile: DISCONNECTED/DISCONNECTED
06-20 15:14:58.888   141   199 D ConnectivityService: Attempting to switch to WIFI
06-20 15:14:58.888   141   199 D ConnectivityService: Attempting to switch to WIMAX
06-20 15:14:58.888   141   199 D ConnectivityService: Attempting to switch to BLUETOOTH_TETHER
06-20 15:14:58.888   141   199 D ConnectivityService: resetConnections(rmnet0, 3)
06-20 15:14:59.646   141   143 D dalvikvm: GC_CONCURRENT freed 797K, 9% free 12917K/14151K, paused 3ms+5ms
06-20 15:14:59.947   697   708 D dalvikvm: GC_EXPLICIT freed 290K, 5% free 9258K/9671K, paused 13ms+3ms
06-20 15:15:00.044   141   141 D AlarmManagerService: Kernel timezone updated to 240 minutes west of GMT
06-20 15:15:00.216   798  1101 D dalvikvm: GC_EXPLICIT freed 376K, 6% free 9238K/9735K, paused 5ms+3ms
06-20 15:15:01.525   141   381 D dalvikvm: GC_EXPLICIT freed 152K, 9% free 12883K/14151K, paused 3ms+5ms
06-20 15:15:01.923   141   202 D Tethering: MasterInitialState.processMessage what=3
06-20 15:15:01.990  1004  1004 I MediaUploader: No need to wake up
06-20 15:15:02.029  1004  1004 I MediaUploader: No need to wake up
06-20 15:15:02.033   141   202 D Tethering: MasterInitialState.processMessage what=3
06-20 15:15:02.115   291   293 D dalvikvm: GC_CONCURRENT freed 387K, 5% free 9870K/10375K, paused 2ms+3ms
06-20 15:15:02.162   291  1107 D dalvikvm: GC_EXPLICIT freed 42K, 6% free 9828K/10375K, paused 6ms+3ms
06-20 15:15:02.462   141   199 D ConnectivityService: handleInetConditionHoldEnd: net=1, condition=100, published condition=100
06-20 15:15:17.685   354   354 D SAN_SERVICE: *******************************************
06-20 15:15:17.685   354   354 D SAN_SERVICE: DM App Phone Service State - 0
06-20 15:15:17.685   354   354 D SAN_SERVICE: *******************************************
06-20 15:15:20.240   354   354 D SAN_SERVICE: *******************************************
06-20 15:15:20.240   354   354 D SAN_SERVICE: DM App Phone Service State - 0
06-20 15:15:20.240   354   354 D SAN_SERVICE: *******************************************
06-20 15:15:37.490   141   168 I power   : *** set_screen_state 0
06-20 15:15:37.540    78   119 D SurfaceFlinger: About to give-up screen, flinger = 0xff5918
06-20 15:15:37.689   141   172 D dalvikvm: GC_FOR_ALLOC freed 489K, 8% free 13155K/14151K, paused 69ms
06-20 15:15:37.744   141   172 D dalvikvm: GC_FOR_ALLOC freed 48K, 7% free 13320K/14279K, paused 44ms
06-20 15:15:37.755   141   172 V TransportControlView: Create TCV com.android.internal.widget.TransportControlView@415687b8
06-20 15:16:28.177   212   214 D dalvikvm: GC_CONCURRENT freed 580K, 8% free 10081K/10951K, paused 2ms+2ms
06-20 15:16:51.259  1052  1067 I PhoneLab-: Service Running
06-20 15:16:51.330  1052  1067 I PhoneLab-LoggerService: app_37    1070  1052  1492   1104  c00f181c 400309d8 S logcat
06-20 15:16:51.330  1052  1067 I PhoneLab-LoggerService: Logcat pid from database 1070
06-20 15:16:51.330  1052  1067 I PhoneLab-LoggerService: Logcat process found 1070
06-20 15:16:51.330  1052  1067 I PhoneLab-LoggerService: Checking Threshold
06-20 15:18:49.123    72    95 D VoldCmdListener: volume unmount /mnt/sdcard force
06-20 15:18:49.123    72    95 D Vold    : Volume sdcard state changing 4 (Mounted) -> 5 (Unmounting)
06-20 15:18:49.130   141   207 D MountService: sendStorageIntent Intent { act=android.intent.action.MEDIA_EJECT dat=file:///mnt/sdcard (has extras) }
06-20 15:18:50.138    72    95 I Vold    : /mnt/secure/staging/.android_secure sucessfully unmounted
06-20 15:18:50.138    72    95 I Vold    : /mnt/secure/asec sucessfully unmounted
06-20 15:18:50.138    72    95 W Vold    : Failed to unmount /mnt/secure/staging (Device or resource busy, retries 9, action 0)
06-20 15:18:50.283    72    95 E ProcessKiller: Process logcat (1070) has open file /mnt/secure/staging/.log/log.out
06-20 15:18:51.263  1052  1067 I PhoneLab-: Service Running
06-20 15:18:51.283    72    95 W Vold    : Failed to unmount /mnt/secure/staging (Device or resource busy, retries 8, action 0)
06-20 15:18:51.404    72    95 E ProcessKiller: Process logcat (1070) has open file /mnt/secure/staging/.log/log.out
06-20 15:18:51.439  1052  1067 I PhoneLab-LoggerService: app_37    1070  1052  1492   1104  c00f181c 400309d8 S logcat
06-20 15:18:51.439  1052  1067 I PhoneLab-LoggerService: Logcat pid from database 1070
06-20 15:18:51.439  1052  1067 I PhoneLab-LoggerService: Logcat process found 1070
06-20 15:18:51.439  1052  1067 I PhoneLab-LoggerService: Checking Threshold
06-20 15:18:51.447  1052  1055 D dalvikvm: GC_CONCURRENT freed 396K, 6% free 9119K/9607K, paused 2ms+2ms
06-20 15:18:52.404    72    95 W Vold    : Failed to unmount /mnt/secure/staging (Device or resource busy, retries 7, action 0)
06-20 15:18:52.537    72    95 E ProcessKiller: Process logcat (1070) has open file /mnt/secure/staging/.log/log.out
06-20 15:18:53.540    72    95 W Vold    : Failed to unmount /mnt/secure/staging (Device or resource busy, retries 6, action 0)
06-20 15:18:53.677    72    95 E ProcessKiller: Process logcat (1070) has open file /mnt/secure/staging/.log/log.out
06-20 15:18:54.681    72    95 W Vold    : Failed to unmount /mnt/secure/staging (Device or resource busy, retries 5, action 0)
06-20 15:18:54.818    72    95 E ProcessKiller: Process logcat (1070) has open file /mnt/secure/staging/.log/log.out
06-20 15:18:55.822    72    95 W Vold    : Failed to unmount /mnt/secure/staging (Device or resource busy, retries 4, action 0)
06-20 15:18:55.955    72    95 E ProcessKiller: Process logcat (1070) has open file /mnt/secure/staging/.log/log.out
06-20 15:18:56.955    72    95 W Vold    : Failed to unmount /mnt/secure/staging (Device or resource busy, retries 3, action 0)
06-20 15:18:57.099    72    95 E ProcessKiller: Process logcat (1070) has open file /mnt/secure/staging/.log/log.out
06-20 15:18:58.103    72    95 W Vold    : Failed to unmount /mnt/secure/staging (Device or resource busy, retries 2, action 1)
--------- beginning of /dev/log/main
06-20 15:20:36.207    76    76 I DEBUG   : debuggerd: Jun 18 2012 15:44:10
--------- beginning of /dev/log/system
06-20 15:20:36.347    72    72 I Vold    : Vold 2.1 (the revenge) firing up
06-20 15:20:36.453    72    72 D Vold    : Volume sdcard state changing -1 (Initializing) -> 0 (No-Media)
06-20 15:20:36.460    75    75 I Netd    : Netd 1.0 starting
06-20 15:20:36.519    72    95 D Vold    : Volume sdcard state changing 0 (No-Media) -> 2 (Pending)
06-20 15:20:36.523    72    95 D Vold    : Volume sdcard state changing 2 (Pending) -> 1 (Idle-Unmounted)
06-20 15:20:36.523    72    95 W Vold    : Duplicate state (1)
06-20 15:20:36.523    72    95 W Vold    : Duplicate state (1)
06-20 15:20:36.523    72    95 W Vold    : Duplicate state (1)
06-20 15:20:36.523    72    95 W Vold    : Duplicate state (1)
06-20 15:20:36.867    80    80 I         : ServiceManager: 0xeb9910
06-20 15:20:37.054    78    78 I SurfaceFlinger: SurfaceFlinger is starting
06-20 15:20:37.058    78   117 I SurfaceFlinger: SurfaceFlinger's main thread ready to run. Initializing graphics H/W...
06-20 15:20:37.078    79    79 D AndroidRuntime: 
06-20 15:20:37.078    79    79 D AndroidRuntime: >>>>>> AndroidRuntime START com.android.internal.os.ZygoteInit <<<<<<
06-20 15:20:37.078    79    79 D AndroidRuntime: CheckJNI is OFF
06-20 15:20:37.246    78   117 D libEGL  : loaded /system/lib/egl/libGLES_android.so
06-20 15:20:37.281    81    81 I         : ServiceManager: 0x1980958
06-20 15:20:37.292    81    81 I AudioFlinger: Loaded primary audio interface from LEGACY Audio HW HAL (audio)
06-20 15:20:37.292    81    81 I AudioFlinger: Using 'LEGACY Audio HW HAL' (audio.primary) as the primary audio interface
06-20 15:20:37.300    81    81 I AudioFlinger: Loaded a2dp audio interface from A2DP Audio HW HAL (audio)
06-20 15:20:37.300    81    81 D AudioHardwareInterface: setMode(NORMAL)
06-20 15:20:37.300    81    81 I CameraService: CameraService started (pid=81)
06-20 15:20:37.351    78   117 D libEGL  : loaded /vendor/lib/egl/libEGL_POWERVR_SGX540_120.so
06-20 15:20:37.355    81   122 I AudioFlinger: AudioFlinger's thread 0x19819a0 ready to run
06-20 15:20:37.355    81   122 W AudioFlinger: Thread AudioOut_1 cannot connect to the power manager service
06-20 15:20:37.355    81   122 D AudioHardware: AudioStreamOutALSA::setParameters() routing=2
06-20 15:20:37.355    81   121 D AudioHardware: ### setVoiceVolume_l
06-20 15:20:37.355    81    81 I AudioPolicyService: Loaded audio policy from LEGACY Audio Policy HAL (audio_policy)
06-20 15:20:37.453    78   117 D libEGL  : loaded /vendor/lib/egl/libGLESv1_CM_POWERVR_SGX540_120.so
06-20 15:20:37.480    78   117 D libEGL  : loaded /vendor/lib/egl/libGLESv2_POWERVR_SGX540_120.so
06-20 15:20:37.531    78   117 I SurfaceFlinger: EGL informations:
06-20 15:20:37.531    78   117 I SurfaceFlinger: # of configs : 30
06-20 15:20:37.531    78   117 I SurfaceFlinger: vendor    : Android
06-20 15:20:37.531    78   117 I SurfaceFlinger: version   : 1.4 Android META-EGL
06-20 15:20:37.531    78   117 I SurfaceFlinger: extensions: EGL_KHR_image EGL_KHR_image_base EGL_KHR_image_base EGL_KHR_gl_texture_2D_image EGL_KHR_gl_texture_cubemap_image EGL_KHR_gl_renderbuffer_image EGL_KHR_fence_sync EGL_ANDROID_image_native_buffer EGL_ANDROID_image_native_buffer 
06-20 15:20:37.531    78   117 I SurfaceFlinger: Client API: OpenGL ES
06-20 15:20:37.531    78   117 I SurfaceFlinger: EGLSurface: 8-8-8-8, config=0x1
06-20 15:20:37.531    78   117 I SurfaceFlinger: OpenGL informations:
06-20 15:20:37.531    78   117 I SurfaceFlinger: vendor    : Imagination Technologies
06-20 15:20:37.531    78   117 I SurfaceFlinger: renderer  : PowerVR SGX 540
06-20 15:20:37.531    78   117 I SurfaceFlinger: version   : OpenGL ES-CM 1.1
06-20 15:20:37.531    78   117 I SurfaceFlinger: extensions: GL_OES_byte_coordinates GL_OES_fixed_point GL_OES_single_precision GL_OES_matrix_get GL_OES_read_format GL_OES_compressed_paletted_texture GL_OES_point_sprite GL_OES_point_size_array GL_OES_matrix_palette GL_OES_draw_texture GL_OES_query_matrix GL_OES_texture_env_crossbar GL_OES_texture_mirrored_repeat GL_OES_texture_cube_map GL_OES_blend_subtract GL_OES_blend_func_separate GL_OES_blend_equation_separate GL_OES_stencil_wrap GL_OES_extended_matrix_palette GL_OES_framebuffer_object GL_OES_rgb8_rgba8 GL_OES_depth24 GL_OES_stencil8 GL_OES_compressed_ETC1_RGB8_texture GL_OES_mapbuffer GL_OES_EGL_image GL_OES_EGL_image_external GL_EXT_multi_draw_arrays GL_OES_required_internalformat GL_IMG_read_format GL_IMG_texture_compression_pvrtc GL_IMG_texture_format_BGRA8888 GL_EXT_texture_format_BGRA8888 GL_OES_egl_sync GL_IMG_vertex_array_object
06-20 15:20:37.531    78   117 I SurfaceFlinger: GL_MAX_TEXTURE_SIZE = 2048
06-20 15:20:37.531    78   117 I SurfaceFlinger: GL_MAX_VIEWPORT_DIMS = 2048 x 2048
06-20 15:20:37.531    78   117 I SurfaceFlinger: flags = 00010000
06-20 15:20:37.554    78   117 I hwcomposer: int hwc_device_open(const hw_module_t*, char const*, hw_device_t**)::win-0 add[0] 4b7af000 
06-20 15:20:37.554    78   117 I hwcomposer: int hwc_device_open(const hw_module_t*, char const*, hw_device_t**)::win-0 add[1] 4b926000 
06-20 15:20:37.554    78   117 I hwcomposer: int hwc_device_open(const hw_module_t*, char const*, hw_device_t**)::win-0 add[2] 4ba9d000 
06-20 15:20:37.558    78   117 D hwcomposer: int hwc_device_open(const hw_module_t*, char const*, hw_device_t**):: success
06-20 15:20:37.703   125   127 D libEGL  : loaded /system/lib/egl/libGLES_android.so
06-20 15:20:37.710   125   127 D libEGL  : loaded /vendor/lib/egl/libEGL_POWERVR_SGX540_120.so
06-20 15:20:37.714   125   127 D libEGL  : loaded /vendor/lib/egl/libGLESv1_CM_POWERVR_SGX540_120.so
06-20 15:20:37.718   125   127 D libEGL  : loaded /vendor/lib/egl/libGLESv2_POWERVR_SGX540_120.so
06-20 15:20:38.714    79    79 I SamplingProfilerIntegration: Profiling disabled.
06-20 15:20:38.730    79    79 I Zygote  : Preloading classes...
06-20 15:20:38.734    79    79 D dalvikvm: GC_EXPLICIT freed 36K, 91% free 409K/4096K, paused 0ms+0ms
06-20 15:20:38.792    79    79 D dalvikvm: GC_EXPLICIT freed 4K, 89% free 473K/4096K, paused 1ms+1ms
06-20 15:20:38.808    79    79 D dalvikvm: GC_EXPLICIT freed 20K, 88% free 509K/4096K, paused 0ms+0ms
06-20 15:20:38.824    79    79 D dalvikvm: GC_EXPLICIT freed 27K, 87% free 536K/4096K, paused 0ms+0ms
06-20 15:20:38.835    79    79 D dalvikvm: GC_EXPLICIT freed 15K, 86% free 576K/4096K, paused 1ms+0ms
06-20 15:20:39.003    79    79 D dalvikvm: GC_EXPLICIT freed 27K, 86% free 603K/4096K, paused 1ms+15ms
06-20 15:20:39.207    79    79 D dalvikvm: GC_EXPLICIT freed 30K, 85% free 635K/4096K, paused 1ms+1ms
06-20 15:20:39.222    79    79 D TextLayoutCache: Using debug level: 0 - Debug Enabled: 0
06-20 15:20:39.238    79    79 W Zygote  : Class not found for preloading: android.media.AudioManager$2
06-20 15:20:39.324    79    79 I dalvikvm: threadid=1: recursive native library load attempt (/system/lib/libmedia_jni.so)
06-20 15:20:39.324    79    79 D MtpDeviceJNI: register_android_mtp_MtpDevice
06-20 15:20:39.324    79    79 I dalvikvm: threadid=1: recursive native library load attempt (/system/lib/libmedia_jni.so)
06-20 15:20:39.324    79    79 I dalvikvm: threadid=1: recursive native library load attempt (/system/lib/libmedia_jni.so)
06-20 15:20:39.328    79    79 W Zygote  : Class not found for preloading: android.media.IRemoteControlClientDispatcher
06-20 15:20:39.328    79    79 W Zygote  : Class not found for preloading: android.media.IRemoteControlClientDispatcher$Stub
06-20 15:20:39.339    79    79 D dalvikvm: GC_EXPLICIT freed 20K, 84% free 672K/4096K, paused 1ms+0ms
06-20 15:20:39.585    79    79 D dalvikvm: GC_FOR_ALLOC freed 216K, 77% free 968K/4096K, paused 7ms
06-20 15:20:39.613    79    79 D dalvikvm: GC_EXPLICIT freed 45K, 76% free 1023K/4096K, paused 1ms+1ms
06-20 15:20:39.703    79    79 D dalvikvm: GC_EXPLICIT freed 27K, 75% free 1052K/4096K, paused 1ms+2ms
06-20 15:20:39.996    79    79 D dalvikvm: GC_EXPLICIT freed 8K, 74% free 1100K/4096K, paused 2ms+3ms
06-20 15:20:40.035    79    79 D dalvikvm: GC_EXPLICIT freed 23K, 72% free 1166K/4096K, paused 1ms+3ms
06-20 15:20:40.125    79    79 D dalvikvm: GC_EXPLICIT freed 48K, 65% free 1445K/4096K, paused 2ms+2ms
06-20 15:20:40.128    79    79 W Zygote  : Class not found for preloading: android.text.TextDirectionHeuristics$CharCount
06-20 15:20:40.136    79    79 W Zygote  : Class not found for preloading: android.text.method.WordIterator$1
06-20 15:20:40.160    79    79 D dalvikvm: GC_EXPLICIT freed 35K, 64% free 1479K/4096K, paused 1ms+1ms
06-20 15:20:40.214    79    79 D dalvikvm: GC_EXPLICIT freed 32K, 64% free 1502K/4096K, paused 2ms+2ms
06-20 15:20:40.476    79    79 I dalvikvm: threadid=1: recursive native library load attempt (/system/lib/libwebcore.so)
06-20 15:20:40.480    79    79 D dalvikvm: No JNI_OnLoad found in /system/lib/libchromium_net.so 0x0, skipping init
