06-19 02:25:14.318  1476  1476 I wpa_supplicant: wlan0: CTRL-EVENT-DISCONNECTED bssid=d0:c2:82:66:69:d0 reason=0
06-19 02:25:15.588  1476  1476 I wpa_supplicant: wlan0: Trying to associate with d0:c2:82:84:8d:50 (SSID='UB_Secure' freq=2462 MHz)
06-19 02:25:15.642  1476  1476 I wpa_supplicant: wlan0: Associated with d0:c2:82:84:8d:50
06-19 02:25:15.642  1476  1476 I wpa_supplicant: wlan0: CTRL-EVENT-EAP-STARTED EAP authentication started
06-19 02:25:15.646  1476  1476 I wpa_supplicant: wlan0: CTRL-EVENT-EAP-PROPOSED-METHOD vendor=0 method=4 -> NAK
06-19 02:25:15.658  1476  1476 I wpa_supplicant: wlan0: CTRL-EVENT-EAP-PROPOSED-METHOD vendor=0 method=25
06-19 02:25:15.658  1476  1476 I wpa_supplicant: wlan0: CTRL-EVENT-EAP-METHOD EAP vendor 0 method 25 (PEAP) selected
06-19 02:25:15.678  1476  1476 I wpa_supplicant: EAP-TLV: TLV Result - Success - EAP-TLV/Phase2 Completed
06-19 02:25:15.693    76   113 D NetlinkEvent: Unexpected netlink message. type=0x0
06-19 02:25:45.904  1137  1366 I PhoneLab-: Service Running
06-19 02:25:45.967  1137  1366 I PhoneLab-LoggerService: app_37    1371  1137  1884   1492  c00f181c 400309d8 S logcat
06-19 02:25:45.967  1137  1366 I PhoneLab-LoggerService: Logcat pid from database 1371
06-19 02:25:45.970  1137  1366 I PhoneLab-LoggerService: Logcat process found 1371
06-19 02:25:45.970  1137  1366 I PhoneLab-LoggerService: Checking Threshold
06-19 02:25:45.970  1137  1366 I PhoneLab-LoggerService: Starting to rename files
06-19 02:25:45.970  1137  1366 I PhoneLab-LoggerService: Files found .. 4
06-19 02:25:51.510  1476  1476 I wpa_supplicant: wlan0: CTRL-EVENT-EAP-STARTED EAP authentication started
06-19 02:25:51.513    76   113 D NetlinkEvent: Unexpected netlink message. type=0x0
06-19 02:25:51.521  1476  1476 I wpa_supplicant: wlan0: CTRL-EVENT-DISCONNECTED bssid=d0:c2:82:84:8d:50 reason=0
06-19 02:26:08.361  1476  1476 I wpa_supplicant: wlan0: Trying to associate with d0:c2:82:84:8d:50 (SSID='UB_Secure' freq=2462 MHz)
06-19 02:26:08.388  1476  1476 I wpa_supplicant: wlan0: Associated with d0:c2:82:84:8d:50
06-19 02:26:08.388  1476  1476 I wpa_supplicant: wlan0: CTRL-EVENT-EAP-STARTED EAP authentication started
06-19 02:26:08.396  1476  1476 I wpa_supplicant: wlan0: CTRL-EVENT-EAP-PROPOSED-METHOD vendor=0 method=4 -> NAK
06-19 02:26:08.400  1476  1476 I wpa_supplicant: wlan0: CTRL-EVENT-EAP-PROPOSED-METHOD vendor=0 method=25
06-19 02:26:08.400  1476  1476 I wpa_supplicant: wlan0: CTRL-EVENT-EAP-METHOD EAP vendor 0 method 25 (PEAP) selected
06-19 02:26:08.408  1476  1476 I wpa_supplicant: EAP-TLV: TLV Result - Success - EAP-TLV/Phase2 Completed
06-19 02:26:08.443    76   113 D NetlinkEvent: Unexpected netlink message. type=0x0
06-19 02:26:44.310    76   113 D NetlinkEvent: Unexpected netlink message. type=0x0
06-19 02:26:44.314  1476  1476 I wpa_supplicant: wlan0: CTRL-EVENT-DISCONNECTED bssid=d0:c2:82:84:8d:50 reason=0
06-19 02:26:45.599  1476  1476 I wpa_supplicant: wlan0: Trying to associate with d0:c2:82:66:6b:f0 (SSID='UB_Secure' freq=2462 MHz)
06-19 02:26:45.662  1476  1476 I wpa_supplicant: wlan0: Associated with d0:c2:82:66:6b:f0
06-19 02:26:45.662  1476  1476 I wpa_supplicant: wlan0: CTRL-EVENT-EAP-STARTED EAP authentication started
06-19 02:26:45.670  1476  1476 I wpa_supplicant: wlan0: CTRL-EVENT-EAP-PROPOSED-METHOD vendor=0 method=4 -> NAK
06-19 02:26:45.674  1476  1476 I wpa_supplicant: wlan0: CTRL-EVENT-EAP-PROPOSED-METHOD vendor=0 method=25
06-19 02:26:45.674  1476  1476 I wpa_supplicant: wlan0: CTRL-EVENT-EAP-METHOD EAP vendor 0 method 25 (PEAP) selected
06-19 02:26:45.681  1476  1476 I wpa_supplicant: EAP-TLV: TLV Result - Success - EAP-TLV/Phase2 Completed
06-19 02:26:45.681    76   113 D NetlinkEvent: Unexpected netlink message. type=0x0
06-19 02:26:45.763   387   389 D dalvikvm: GC_CONCURRENT freed 225K, 13% free 9944K/11399K, paused 4ms+3ms
06-19 02:26:45.900   387   389 D dalvikvm: GC_CONCURRENT freed 576K, 15% free 9765K/11399K, paused 2ms+3ms
06-19 02:27:21.510    76   113 D NetlinkEvent: Unexpected netlink message. type=0x0
06-19 02:27:21.513  1476  1476 I wpa_supplicant: wlan0: CTRL-EVENT-EAP-STARTED EAP authentication started
06-19 02:27:21.517  1476  1476 I wpa_supplicant: wlan0: CTRL-EVENT-DISCONNECTED bssid=d0:c2:82:66:6b:f0 reason=0
06-19 02:27:22.803  1476  1476 I wpa_supplicant: wlan0: Trying to associate with d0:c2:82:66:69:d0 (SSID='UB_Secure' freq=2462 MHz)
06-19 02:27:22.877  1476  1476 I wpa_supplicant: wlan0: Associated with d0:c2:82:66:69:d0
06-19 02:27:22.877  1476  1476 I wpa_supplicant: wlan0: CTRL-EVENT-EAP-STARTED EAP authentication started
06-19 02:27:22.885  1476  1476 I wpa_supplicant: wlan0: CTRL-EVENT-EAP-PROPOSED-METHOD vendor=0 method=4 -> NAK
06-19 02:27:22.892  1476  1476 I wpa_supplicant: wlan0: CTRL-EVENT-EAP-PROPOSED-METHOD vendor=0 method=25
06-19 02:27:22.892  1476  1476 I wpa_supplicant: wlan0: CTRL-EVENT-EAP-METHOD EAP vendor 0 method 25 (PEAP) selected
06-19 02:27:22.900    76   113 D NetlinkEvent: Unexpected netlink message. type=0x0
06-19 02:27:22.924  1476  1476 I wpa_supplicant: EAP-TLV: TLV Result - Success - EAP-TLV/Phase2 Completed
06-19 02:27:45.904  1137  1366 I PhoneLab-: Service Running
06-19 02:27:45.970  1137  1366 I PhoneLab-LoggerService: app_37    1371  1137  1884   1492  c00f181c 400309d8 S logcat
06-19 02:27:45.970  1137  1366 I PhoneLab-LoggerService: Logcat pid from database 1371
06-19 02:27:45.970  1137  1366 I PhoneLab-LoggerService: Logcat process found 1371
06-19 02:27:45.970  1137  1366 I PhoneLab-LoggerService: Checking Threshold
06-19 02:27:45.970  1137  1366 I PhoneLab-LoggerService: Starting to rename files
06-19 02:27:45.970  1137  1366 I PhoneLab-LoggerService: Files found .. 4
06-19 02:27:58.908  1476  1476 I wpa_supplicant: wlan0: CTRL-EVENT-EAP-STARTED EAP authentication started
06-19 02:27:58.916  1476  1476 I wpa_supplicant: wlan0: CTRL-EVENT-DISCONNECTED bssid=d0:c2:82:66:69:d0 reason=0
06-19 02:27:58.916    76   113 D NetlinkEvent: Unexpected netlink message. type=0x0
06-19 02:28:00.201  1476  1476 I wpa_supplicant: wlan0: Trying to associate with d0:c2:82:84:8d:50 (SSID='UB_Secure' freq=2462 MHz)
06-19 02:28:00.248  1476  1476 I wpa_supplicant: wlan0: Associated with d0:c2:82:84:8d:50
06-19 02:28:00.248  1476  1476 I wpa_supplicant: wlan0: CTRL-EVENT-EAP-STARTED EAP authentication started
06-19 02:28:00.256  1476  1476 I wpa_supplicant: wlan0: CTRL-EVENT-EAP-PROPOSED-METHOD vendor=0 method=4 -> NAK
06-19 02:28:00.263  1476  1476 I wpa_supplicant: wlan0: CTRL-EVENT-EAP-PROPOSED-METHOD vendor=0 method=25
06-19 02:28:00.263  1476  1476 I wpa_supplicant: wlan0: CTRL-EVENT-EAP-METHOD EAP vendor 0 method 25 (PEAP) selected
06-19 02:28:00.287  1476  1476 I wpa_supplicant: EAP-TLV: TLV Result - Success - EAP-TLV/Phase2 Completed
06-19 02:28:00.303    76   113 D NetlinkEvent: Unexpected netlink message. type=0x0
06-19 02:28:36.107  1476  1476 I wpa_supplicant: wlan0: CTRL-EVENT-EAP-STARTED EAP authentication started
06-19 02:28:36.111    76   113 D NetlinkEvent: Unexpected netlink message. type=0x0
06-19 02:28:36.115  1476  1476 I wpa_supplicant: wlan0: CTRL-EVENT-DISCONNECTED bssid=d0:c2:82:84:8d:50 reason=0
06-19 02:28:37.388  1476  1476 I wpa_supplicant: wlan0: Trying to associate with d0:c2:82:84:8d:50 (SSID='UB_Secure' freq=2462 MHz)
06-19 02:28:37.467  1476  1476 I wpa_supplicant: wlan0: Associated with d0:c2:82:84:8d:50
06-19 02:28:37.470  1476  1476 I wpa_supplicant: wlan0: CTRL-EVENT-EAP-STARTED EAP authentication started
06-19 02:28:37.474  1476  1476 I wpa_supplicant: wlan0: CTRL-EVENT-EAP-PROPOSED-METHOD vendor=0 method=4 -> NAK
06-19 02:28:37.482  1476  1476 I wpa_supplicant: wlan0: CTRL-EVENT-EAP-PROPOSED-METHOD vendor=0 method=25
06-19 02:28:37.482  1476  1476 I wpa_supplicant: wlan0: CTRL-EVENT-EAP-METHOD EAP vendor 0 method 25 (PEAP) selected
06-19 02:28:37.490    76   113 D NetlinkEvent: Unexpected netlink message. type=0x0
06-19 02:28:37.513  1476  1476 I wpa_supplicant: EAP-TLV: TLV Result - Success - EAP-TLV/Phase2 Completed
06-19 02:29:13.506  1476  1476 I wpa_supplicant: wlan0: CTRL-EVENT-EAP-STARTED EAP authentication started
06-19 02:29:13.510    76   113 D NetlinkEvent: Unexpected netlink message. type=0x0
06-19 02:29:13.513  1476  1476 I wpa_supplicant: wlan0: CTRL-EVENT-DISCONNECTED bssid=d0:c2:82:84:8d:50 reason=0
06-19 02:29:14.799  1476  1476 I wpa_supplicant: wlan0: Trying to associate with d0:c2:82:84:8d:50 (SSID='UB_Secure' freq=2462 MHz)
06-19 02:29:14.873  1476  1476 I wpa_supplicant: wlan0: Associated with d0:c2:82:84:8d:50
06-19 02:29:14.873  1476  1476 I wpa_supplicant: wlan0: CTRL-EVENT-EAP-STARTED EAP authentication started
06-19 02:29:14.877  1476  1476 I wpa_supplicant: wlan0: CTRL-EVENT-EAP-PROPOSED-METHOD vendor=0 method=4 -> NAK
06-19 02:29:14.885    76   113 D NetlinkEvent: Unexpected netlink message. type=0x0
06-19 02:29:14.896  1476  1476 I wpa_supplicant: wlan0: CTRL-EVENT-EAP-PROPOSED-METHOD vendor=0 method=25
06-19 02:29:14.900  1476  1476 I wpa_supplicant: wlan0: CTRL-EVENT-EAP-METHOD EAP vendor 0 method 25 (PEAP) selected
06-19 02:29:14.912  1476  1476 I wpa_supplicant: EAP-TLV: TLV Result - Success - EAP-TLV/Phase2 Completed
06-19 02:29:45.904  1137  1366 I PhoneLab-: Service Running
06-19 02:29:45.959  1137  1366 I PhoneLab-LoggerService: app_37    1371  1137  1884   1492  c00f181c 400309d8 S logcat
06-19 02:29:45.959  1137  1366 I PhoneLab-LoggerService: Logcat pid from database 1371
06-19 02:29:45.959  1137  1366 I PhoneLab-LoggerService: Logcat process found 1371
06-19 02:29:45.959  1137  1366 I PhoneLab-LoggerService: Checking Threshold
06-19 02:29:45.959  1137  1366 I PhoneLab-LoggerService: Starting to rename files
06-19 02:29:45.959  1137  1366 I PhoneLab-LoggerService: Files found .. 4
06-19 02:29:50.908  1476  1476 I wpa_supplicant: wlan0: CTRL-EVENT-EAP-STARTED EAP authentication started
06-19 02:29:50.912    76   113 D NetlinkEvent: Unexpected netlink message. type=0x0
06-19 02:29:50.920  1476  1476 I wpa_supplicant: wlan0: CTRL-EVENT-DISCONNECTED bssid=d0:c2:82:84:8d:50 reason=0
06-19 02:29:52.205  1476  1476 I wpa_supplicant: wlan0: Trying to associate with d0:c2:82:2d:e4:b0 (SSID='UB_Secure' freq=2412 MHz)
06-19 02:29:52.330   387   389 D dalvikvm: GC_CONCURRENT freed 373K, 14% free 9859K/11399K, paused 12ms+2ms
06-19 02:29:52.392  1476  1476 I wpa_supplicant: wlan0: Associated with d0:c2:82:2d:e4:b0
06-19 02:29:52.392  1476  1476 I wpa_supplicant: wlan0: CTRL-EVENT-EAP-STARTED EAP authentication started
06-19 02:29:52.412  1476  1476 I wpa_supplicant: wlan0: CTRL-EVENT-EAP-PROPOSED-METHOD vendor=0 method=4 -> NAK
06-19 02:29:52.416  1476  1476 I wpa_supplicant: wlan0: CTRL-EVENT-EAP-PROPOSED-METHOD vendor=0 method=25
06-19 02:29:52.416  1476  1476 I wpa_supplicant: wlan0: CTRL-EVENT-EAP-METHOD EAP vendor 0 method 25 (PEAP) selected
06-19 02:29:52.424  1476  1476 I wpa_supplicant: EAP-TLV: TLV Result - Success - EAP-TLV/Phase2 Completed
06-19 02:29:52.443    76   113 D NetlinkEvent: Unexpected netlink message. type=0x0
06-19 02:29:52.447   387   389 D dalvikvm: GC_CONCURRENT freed 580K, 15% free 9783K/11399K, paused 26ms+3ms
06-19 02:30:28.306  1476  1476 I wpa_supplicant: wlan0: CTRL-EVENT-EAP-STARTED EAP authentication started
06-19 02:30:28.310    76   113 D NetlinkEvent: Unexpected netlink message. type=0x0
06-19 02:30:28.314  1476  1476 I wpa_supplicant: wlan0: CTRL-EVENT-DISCONNECTED bssid=d0:c2:82:2d:e4:b0 reason=0
06-19 02:30:29.599  1476  1476 I wpa_supplicant: wlan0: Trying to associate with d0:c2:82:66:69:d0 (SSID='UB_Secure' freq=2462 MHz)
06-19 02:30:29.763    76   113 D NetlinkEvent: Unexpected netlink message. type=0x0
06-19 02:30:29.775  1476  1476 I wpa_supplicant: wlan0: Associated with d0:c2:82:66:69:d0
06-19 02:30:29.775  1476  1476 I wpa_supplicant: wlan0: CTRL-EVENT-EAP-STARTED EAP authentication started
06-19 02:30:29.779  1476  1476 I wpa_supplicant: wlan0: CTRL-EVENT-EAP-PROPOSED-METHOD vendor=0 method=4 -> NAK
06-19 02:30:29.783  1476  1476 I wpa_supplicant: wlan0: CTRL-EVENT-EAP-PROPOSED-METHOD vendor=0 method=25
06-19 02:30:29.783  1476  1476 I wpa_supplicant: wlan0: CTRL-EVENT-EAP-METHOD EAP vendor 0 method 25 (PEAP) selected
06-19 02:30:29.791  1476  1476 I wpa_supplicant: EAP-TLV: TLV Result - Success - EAP-TLV/Phase2 Completed
06-19 02:31:05.709    76   113 D NetlinkEvent: Unexpected netlink message. type=0x0
06-19 02:31:05.717  1476  1476 I wpa_supplicant: wlan0: CTRL-EVENT-EAP-STARTED EAP authentication started
06-19 02:31:05.717  1476  1476 I wpa_supplicant: wlan0: CTRL-EVENT-DISCONNECTED bssid=d0:c2:82:66:69:d0 reason=0
06-19 02:31:22.553  1476  1476 I wpa_supplicant: wlan0: Trying to associate with d0:c2:82:84:8d:50 (SSID='UB_Secure' freq=2462 MHz)
06-19 02:31:22.572  1476  1476 I wpa_supplicant: wlan0: Associated with d0:c2:82:84:8d:50
06-19 02:31:22.572  1476  1476 I wpa_supplicant: wlan0: CTRL-EVENT-EAP-STARTED EAP authentication started
06-19 02:31:22.576  1476  1476 I wpa_supplicant: wlan0: CTRL-EVENT-EAP-PROPOSED-METHOD vendor=0 method=4 -> NAK
06-19 02:31:22.580  1476  1476 I wpa_supplicant: wlan0: CTRL-EVENT-EAP-PROPOSED-METHOD vendor=0 method=25
06-19 02:31:22.584  1476  1476 I wpa_supplicant: wlan0: CTRL-EVENT-EAP-METHOD EAP vendor 0 method 25 (PEAP) selected
06-19 02:31:22.592  1476  1476 I wpa_supplicant: EAP-TLV: TLV Result - Success - EAP-TLV/Phase2 Completed
06-19 02:31:22.638    76   113 D NetlinkEvent: Unexpected netlink message. type=0x0
06-19 02:31:45.904  1137  1366 I PhoneLab-: Service Running
06-19 02:31:45.955  1137  1366 I PhoneLab-LoggerService: app_37    1371  1137  1884   1492  c00f181c 400309d8 S logcat
06-19 02:31:45.955  1137  1366 I PhoneLab-LoggerService: Logcat pid from database 1371
06-19 02:31:45.955  1137  1366 I PhoneLab-LoggerService: Logcat process found 1371
06-19 02:31:45.955  1137  1366 I PhoneLab-LoggerService: Checking Threshold
06-19 02:31:45.955  1137  1366 I PhoneLab-LoggerService: Starting to rename files
06-19 02:31:45.955  1137  1366 I PhoneLab-LoggerService: Files found .. 4
06-19 02:31:58.510  1476  1476 I wpa_supplicant: wlan0: CTRL-EVENT-EAP-STARTED EAP authentication started
06-19 02:31:58.513    76   113 D NetlinkEvent: Unexpected netlink message. type=0x0
06-19 02:31:58.517  1476  1476 I wpa_supplicant: wlan0: CTRL-EVENT-DISCONNECTED bssid=d0:c2:82:84:8d:50 reason=0
06-19 02:31:59.795  1476  1476 I wpa_supplicant: wlan0: Trying to associate with d0:c2:82:66:69:d0 (SSID='UB_Secure' freq=2462 MHz)
06-19 02:31:59.873  1476  1476 I wpa_supplicant: wlan0: Associated with d0:c2:82:66:69:d0
06-19 02:31:59.873  1476  1476 I wpa_supplicant: wlan0: CTRL-EVENT-EAP-STARTED EAP authentication started
06-19 02:31:59.881  1476  1476 I wpa_supplicant: wlan0: CTRL-EVENT-EAP-PROPOSED-METHOD vendor=0 method=4 -> NAK
06-19 02:31:59.888  1476  1476 I wpa_supplicant: wlan0: CTRL-EVENT-EAP-PROPOSED-METHOD vendor=0 method=25
06-19 02:31:59.888  1476  1476 I wpa_supplicant: wlan0: CTRL-EVENT-EAP-METHOD EAP vendor 0 method 25 (PEAP) selected
06-19 02:31:59.912  1476  1476 I wpa_supplicant: EAP-TLV: TLV Result - Success - EAP-TLV/Phase2 Completed
06-19 02:32:00.010    76   113 D NetlinkEvent: Unexpected netlink message. type=0x0
06-19 02:32:35.908  1476  1476 I wpa_supplicant: wlan0: CTRL-EVENT-EAP-STARTED EAP authentication started
06-19 02:32:35.912    76   113 D NetlinkEvent: Unexpected netlink message. type=0x0
06-19 02:32:35.916  1476  1476 I wpa_supplicant: wlan0: CTRL-EVENT-DISCONNECTED bssid=d0:c2:82:66:69:d0 reason=0
06-19 02:32:37.213  1476  1476 I wpa_supplicant: wlan0: Trying to associate with d0:c2:82:84:8d:50 (SSID='UB_Secure' freq=2462 MHz)
06-19 02:32:37.260  1476  1476 I wpa_supplicant: wlan0: Associated with d0:c2:82:84:8d:50
06-19 02:32:37.260  1476  1476 I wpa_supplicant: wlan0: CTRL-EVENT-EAP-STARTED EAP authentication started
06-19 02:32:37.267  1476  1476 I wpa_supplicant: wlan0: CTRL-EVENT-EAP-PROPOSED-METHOD vendor=0 method=4 -> NAK
06-19 02:32:37.267  1476  1476 I wpa_supplicant: wlan0: CTRL-EVENT-EAP-PROPOSED-METHOD vendor=0 method=25
06-19 02:32:37.275  1476  1476 I wpa_supplicant: wlan0: CTRL-EVENT-EAP-METHOD EAP vendor 0 method 25 (PEAP) selected
06-19 02:32:37.295  1476  1476 I wpa_supplicant: EAP-TLV: TLV Result - Success - EAP-TLV/Phase2 Completed
06-19 02:32:37.314    76   113 D NetlinkEvent: Unexpected netlink message. type=0x0
06-19 02:33:13.111    76   113 D NetlinkEvent: Unexpected netlink message. type=0x0
06-19 02:33:13.115  1476  1476 I wpa_supplicant: wlan0: CTRL-EVENT-DISCONNECTED bssid=d0:c2:82:84:8d:50 reason=0
06-19 02:33:14.385  1476  1476 I wpa_supplicant: wlan0: Trying to associate with d0:c2:82:66:69:d0 (SSID='UB_Secure' freq=2462 MHz)
06-19 02:33:14.470  1476  1476 I wpa_supplicant: wlan0: Associated with d0:c2:82:66:69:d0
06-19 02:33:14.470  1476  1476 I wpa_supplicant: wlan0: CTRL-EVENT-EAP-STARTED EAP authentication started
06-19 02:33:14.482  1476  1476 I wpa_supplicant: wlan0: CTRL-EVENT-EAP-PROPOSED-METHOD vendor=0 method=4 -> NAK
06-19 02:33:14.486    76   113 D NetlinkEvent: Unexpected netlink message. type=0x0
06-19 02:33:14.498  1476  1476 I wpa_supplicant: wlan0: CTRL-EVENT-EAP-PROPOSED-METHOD vendor=0 method=25
06-19 02:33:14.502  1476  1476 I wpa_supplicant: wlan0: CTRL-EVENT-EAP-METHOD EAP vendor 0 method 25 (PEAP) selected
06-19 02:33:14.510  1476  1476 I wpa_supplicant: EAP-TLV: TLV Result - Success - EAP-TLV/Phase2 Completed
06-19 02:33:45.904  1137  1366 I PhoneLab-: Service Running
06-19 02:33:45.963  1137  1366 I PhoneLab-LoggerService: app_37    1371  1137  1884   1492  c00f181c 400309d8 S logcat
06-19 02:33:45.963  1137  1366 I PhoneLab-LoggerService: Logcat pid from database 1371
06-19 02:33:45.963  1137  1366 I PhoneLab-LoggerService: Logcat process found 1371
06-19 02:33:45.963  1137  1366 I PhoneLab-LoggerService: Checking Threshold
06-19 02:33:45.963  1137  1366 I PhoneLab-LoggerService: Starting to rename files
06-19 02:33:45.963  1137  1366 I PhoneLab-LoggerService: Files found .. 4
06-19 02:33:50.510    76   113 D NetlinkEvent: Unexpected netlink message. type=0x0
06-19 02:33:50.513  1476  1476 I wpa_supplicant: wlan0: CTRL-EVENT-DISCONNECTED bssid=d0:c2:82:66:69:d0 reason=0
06-19 02:33:50.615   152   154 D dalvikvm: GC_CONCURRENT freed 1218K, 11% free 14437K/16135K, paused 6ms+8ms
06-19 02:33:51.791  1476  1476 I wpa_supplicant: wlan0: Trying to associate with 64:a0:e7:5d:18:30 (SSID='UB_Secure' freq=2412 MHz)
06-19 02:33:52.002  1476  1476 I wpa_supplicant: wlan0: Associated with 64:a0:e7:5d:18:30
06-19 02:33:52.002  1476  1476 I wpa_supplicant: wlan0: CTRL-EVENT-EAP-STARTED EAP authentication started
06-19 02:33:52.013  1476  1476 I wpa_supplicant: wlan0: CTRL-EVENT-EAP-PROPOSED-METHOD vendor=0 method=4 -> NAK
06-19 02:33:52.021  1476  1476 I wpa_supplicant: wlan0: CTRL-EVENT-EAP-PROPOSED-METHOD vendor=0 method=25
06-19 02:33:52.021  1476  1476 I wpa_supplicant: wlan0: CTRL-EVENT-EAP-METHOD EAP vendor 0 method 25 (PEAP) selected
06-19 02:33:52.037    76   113 D NetlinkEvent: Unexpected netlink message. type=0x0
06-19 02:33:52.056  1476  1476 I wpa_supplicant: EAP-TLV: TLV Result - Success - EAP-TLV/Phase2 Completed
06-19 02:34:27.908  1476  1476 I wpa_supplicant: wlan0: CTRL-EVENT-EAP-STARTED EAP authentication started
06-19 02:34:27.912    76   113 D NetlinkEvent: Unexpected netlink message. type=0x0
06-19 02:34:27.916  1476  1476 I wpa_supplicant: wlan0: CTRL-EVENT-DISCONNECTED bssid=64:a0:e7:5d:18:30 reason=0
06-19 02:34:29.197  1476  1476 I wpa_supplicant: wlan0: Trying to associate with d0:c2:82:66:69:d0 (SSID='UB_Secure' freq=2462 MHz)
06-19 02:34:29.365  1476  1476 I wpa_supplicant: wlan0: Associated with d0:c2:82:66:69:d0
06-19 02:34:29.369  1476  1476 I wpa_supplicant: wlan0: CTRL-EVENT-EAP-STARTED EAP authentication started
06-19 02:34:29.377    76   113 D NetlinkEvent: Unexpected netlink message. type=0x0
06-19 02:34:29.392  1476  1476 I wpa_supplicant: wlan0: CTRL-EVENT-EAP-PROPOSED-METHOD vendor=0 method=4 -> NAK
06-19 02:34:29.396  1476  1476 I wpa_supplicant: wlan0: CTRL-EVENT-EAP-PROPOSED-METHOD vendor=0 method=25
06-19 02:34:29.400  1476  1476 I wpa_supplicant: wlan0: CTRL-EVENT-EAP-METHOD EAP vendor 0 method 25 (PEAP) selected
06-19 02:34:29.420  1476  1476 I wpa_supplicant: EAP-TLV: TLV Result - Success - EAP-TLV/Phase2 Completed
06-19 02:34:49.709  1476  1476 I wpa_supplicant: wlan0: CTRL-EVENT-DISCONNECTED bssid=d0:c2:82:66:69:d0 reason=0
06-19 02:34:49.709    76   113 D NetlinkEvent: Unexpected netlink message. type=0x0
06-19 02:34:51.006  1476  1476 I wpa_supplicant: wlan0: Trying to associate with d0:c2:82:84:8d:50 (SSID='UB_Secure' freq=2462 MHz)
06-19 02:34:51.049  1476  1476 I wpa_supplicant: wlan0: Associated with d0:c2:82:84:8d:50
06-19 02:34:51.053  1476  1476 I wpa_supplicant: wlan0: CTRL-EVENT-EAP-STARTED EAP authentication started
06-19 02:34:51.056  1476  1476 I wpa_supplicant: wlan0: CTRL-EVENT-EAP-PROPOSED-METHOD vendor=0 method=4 -> NAK
06-19 02:34:51.060  1476  1476 I wpa_supplicant: wlan0: CTRL-EVENT-EAP-PROPOSED-METHOD vendor=0 method=25
06-19 02:34:51.060  1476  1476 I wpa_supplicant: wlan0: CTRL-EVENT-EAP-METHOD EAP vendor 0 method 25 (PEAP) selected
06-19 02:34:51.080  1476  1476 I wpa_supplicant: EAP-TLV: TLV Result - Success - EAP-TLV/Phase2 Completed
06-19 02:34:51.123    76   113 D NetlinkEvent: Unexpected netlink message. type=0x0
06-19 02:35:26.908    76   113 D NetlinkEvent: Unexpected netlink message. type=0x0
06-19 02:35:26.912  1476  1476 I wpa_supplicant: wlan0: CTRL-EVENT-DISCONNECTED bssid=d0:c2:82:84:8d:50 reason=0
06-19 02:35:28.189  1476  1476 I wpa_supplicant: wlan0: Trying to associate with 64:a0:e7:5d:18:30 (SSID='UB_Secure' freq=2412 MHz)
06-19 02:35:32.900  1476  1476 I wpa_supplicant: wlan0: CTRL-EVENT-DISCONNECTED bssid=64:a0:e7:5d:18:30 reason=0
06-19 02:35:33.521  1476  1476 I wpa_supplicant: wlan0: Trying to associate with d0:c2:82:66:6b:f0 (SSID='UB_Secure' freq=2462 MHz)
06-19 02:35:33.595    76   113 D NetlinkEvent: Unexpected netlink message. type=0x0
06-19 02:35:33.611  1476  1476 I wpa_supplicant: wlan0: Associated with d0:c2:82:66:6b:f0
06-19 02:35:33.611  1476  1476 I wpa_supplicant: wlan0: CTRL-EVENT-EAP-STARTED EAP authentication started
06-19 02:35:33.627  1476  1476 I wpa_supplicant: wlan0: CTRL-EVENT-EAP-PROPOSED-METHOD vendor=0 method=4 -> NAK
06-19 02:35:33.631  1476  1476 I wpa_supplicant: wlan0: CTRL-EVENT-EAP-PROPOSED-METHOD vendor=0 method=25
06-19 02:35:33.631  1476  1476 I wpa_supplicant: wlan0: CTRL-EVENT-EAP-METHOD EAP vendor 0 method 25 (PEAP) selected
06-19 02:35:33.635  1476  1476 I wpa_supplicant: EAP-TLV: TLV Result - Success - EAP-TLV/Phase2 Completed
06-19 02:35:45.904  1137  1366 I PhoneLab-: Service Running
06-19 02:35:45.963  1137  1139 D dalvikvm: GC_CONCURRENT freed 408K, 17% free 9232K/11079K, paused 12ms+6ms
06-19 02:35:45.978  1137  1366 I PhoneLab-LoggerService: app_37    1371  1137  1884   1492  c00f181c 400309d8 S logcat
06-19 02:35:45.978  1137  1366 I PhoneLab-LoggerService: Logcat pid from database 1371
06-19 02:35:45.978  1137  1366 I PhoneLab-LoggerService: Logcat process found 1371
06-19 02:35:45.978  1137  1366 I PhoneLab-LoggerService: Checking Threshold
06-19 02:35:45.978  1137  1366 I PhoneLab-LoggerService: Starting to rename files
06-19 02:35:45.978  1137  1366 I PhoneLab-LoggerService: Files found .. 4
06-19 02:36:09.506  1476  1476 I wpa_supplicant: wlan0: CTRL-EVENT-EAP-STARTED EAP authentication started
06-19 02:36:09.510    76   113 D NetlinkEvent: Unexpected netlink message. type=0x0
06-19 02:36:09.513  1476  1476 I wpa_supplicant: wlan0: CTRL-EVENT-DISCONNECTED bssid=d0:c2:82:66:6b:f0 reason=0
06-19 02:36:10.799  1476  1476 I wpa_supplicant: wlan0: Trying to associate with d0:c2:82:84:8d:50 (SSID='UB_Secure' freq=2462 MHz)
06-19 02:36:10.869  1476  1476 I wpa_supplicant: wlan0: Associated with d0:c2:82:84:8d:50
06-19 02:36:10.869  1476  1476 I wpa_supplicant: wlan0: CTRL-EVENT-EAP-STARTED EAP authentication started
06-19 02:36:10.877  1476  1476 I wpa_supplicant: wlan0: CTRL-EVENT-EAP-PROPOSED-METHOD vendor=0 method=4 -> NAK
06-19 02:36:10.885  1476  1476 I wpa_supplicant: wlan0: CTRL-EVENT-EAP-PROPOSED-METHOD vendor=0 method=25
06-19 02:36:10.885  1476  1476 I wpa_supplicant: wlan0: CTRL-EVENT-EAP-METHOD EAP vendor 0 method 25 (PEAP) selected
06-19 02:36:10.904  1476  1476 I wpa_supplicant: EAP-TLV: TLV Result - Success - EAP-TLV/Phase2 Completed
06-19 02:36:10.920    76   113 D NetlinkEvent: Unexpected netlink message. type=0x0
06-19 02:36:46.908    76   113 D NetlinkEvent: Unexpected netlink message. type=0x0
06-19 02:36:46.912  1476  1476 I wpa_supplicant: wlan0: CTRL-EVENT-DISCONNECTED bssid=d0:c2:82:84:8d:50 reason=0
06-19 02:36:48.205  1476  1476 I wpa_supplicant: wlan0: Trying to associate with d0:c2:82:66:69:d0 (SSID='UB_Secure' freq=2462 MHz)
06-19 02:36:48.252  1476  1476 I wpa_supplicant: wlan0: Associated with d0:c2:82:66:69:d0
06-19 02:36:48.252  1476  1476 I wpa_supplicant: wlan0: CTRL-EVENT-EAP-STARTED EAP authentication started
06-19 02:36:48.260  1476  1476 I wpa_supplicant: wlan0: CTRL-EVENT-EAP-PROPOSED-METHOD vendor=0 method=4 -> NAK
06-19 02:36:48.267  1476  1476 I wpa_supplicant: wlan0: CTRL-EVENT-EAP-PROPOSED-METHOD vendor=0 method=25
06-19 02:36:48.267  1476  1476 I wpa_supplicant: wlan0: CTRL-EVENT-EAP-METHOD EAP vendor 0 method 25 (PEAP) selected
06-19 02:36:48.291  1476  1476 I wpa_supplicant: EAP-TLV: TLV Result - Success - EAP-TLV/Phase2 Completed
06-19 02:36:48.306    76   113 D NetlinkEvent: Unexpected netlink message. type=0x0
06-19 02:36:56.943    76   113 D NetlinkEvent: Unexpected netlink message. type=0x0
06-19 02:36:56.947  1476  1476 I wpa_supplicant: wlan0: CTRL-EVENT-DISCONNECTED bssid=d0:c2:82:66:69:d0 reason=0
06-19 02:36:58.236  1476  1476 I wpa_supplicant: wlan0: Trying to associate with d0:c2:82:66:6b:f0 (SSID='UB_Secure' freq=2462 MHz)
06-19 02:36:58.287  1476  1476 I wpa_supplicant: wlan0: Associated with d0:c2:82:66:6b:f0
06-19 02:36:58.287  1476  1476 I wpa_supplicant: wlan0: CTRL-EVENT-EAP-STARTED EAP authentication started
06-19 02:36:58.303    76   113 D NetlinkEvent: Unexpected netlink message. type=0x0
06-19 02:36:58.314  1476  1476 I wpa_supplicant: wlan0: CTRL-EVENT-EAP-PROPOSED-METHOD vendor=0 method=4 -> NAK
06-19 02:36:58.322  1476  1476 I wpa_supplicant: wlan0: CTRL-EVENT-EAP-PROPOSED-METHOD vendor=0 method=25
06-19 02:36:58.322  1476  1476 I wpa_supplicant: wlan0: CTRL-EVENT-EAP-METHOD EAP vendor 0 method 25 (PEAP) selected
06-19 02:36:58.330  1476  1476 I wpa_supplicant: EAP-TLV: TLV Result - Success - EAP-TLV/Phase2 Completed
06-19 02:37:34.306  1476  1476 I wpa_supplicant: wlan0: CTRL-EVENT-EAP-STARTED EAP authentication started
06-19 02:37:34.310    76   113 D NetlinkEvent: Unexpected netlink message. type=0x0
06-19 02:37:34.318  1476  1476 I wpa_supplicant: wlan0: CTRL-EVENT-DISCONNECTED bssid=d0:c2:82:66:6b:f0 reason=0
06-19 02:37:35.603  1476  1476 I wpa_supplicant: wlan0: Trying to associate with d0:c2:82:66:6b:f0 (SSID='UB_Secure' freq=2462 MHz)
06-19 02:37:35.674  1476  1476 I wpa_supplicant: wlan0: Associated with d0:c2:82:66:6b:f0
06-19 02:37:35.678  1476  1476 I wpa_supplicant: wlan0: CTRL-EVENT-EAP-STARTED EAP authentication started
06-19 02:37:35.681  1476  1476 I wpa_supplicant: wlan0: CTRL-EVENT-EAP-PROPOSED-METHOD vendor=0 method=4 -> NAK
06-19 02:37:35.693    76   113 D NetlinkEvent: Unexpected netlink message. type=0x0
06-19 02:37:35.705  1476  1476 I wpa_supplicant: wlan0: CTRL-EVENT-EAP-PROPOSED-METHOD vendor=0 method=25
06-19 02:37:35.709  1476  1476 I wpa_supplicant: wlan0: CTRL-EVENT-EAP-METHOD EAP vendor 0 method 25 (PEAP) selected
06-19 02:37:35.732  1476  1476 I wpa_supplicant: EAP-TLV: TLV Result - Success - EAP-TLV/Phase2 Completed
06-19 02:37:45.904  1137  1366 I PhoneLab-: Service Running
06-19 02:37:45.967  1137  1366 I PhoneLab-LoggerService: app_37    1371  1137  1884   1492  c00f181c 400309d8 S logcat
06-19 02:37:45.967  1137  1366 I PhoneLab-LoggerService: Logcat pid from database 1371
06-19 02:37:45.967  1137  1366 I PhoneLab-LoggerService: Logcat process found 1371
06-19 02:37:45.967  1137  1366 I PhoneLab-LoggerService: Checking Threshold
06-19 02:37:45.967  1137  1366 I PhoneLab-LoggerService: Starting to rename files
06-19 02:37:45.967  1137  1366 I PhoneLab-LoggerService: Files found .. 4
06-19 02:38:11.705  1476  1476 I wpa_supplicant: wlan0: CTRL-EVENT-EAP-STARTED EAP authentication started
06-19 02:38:11.709    76   113 D NetlinkEvent: Unexpected netlink message. type=0x0
06-19 02:38:11.713  1476  1476 I wpa_supplicant: wlan0: CTRL-EVENT-DISCONNECTED bssid=d0:c2:82:66:6b:f0 reason=0
06-19 02:38:12.994  1476  1476 I wpa_supplicant: wlan0: Trying to associate with d0:c2:82:66:69:d0 (SSID='UB_Secure' freq=2462 MHz)
06-19 02:38:13.068  1476  1476 I wpa_supplicant: wlan0: Associated with d0:c2:82:66:69:d0
06-19 02:38:13.068  1476  1476 I wpa_supplicant: wlan0: CTRL-EVENT-EAP-STARTED EAP authentication started
06-19 02:38:13.076  1476  1476 I wpa_supplicant: wlan0: CTRL-EVENT-EAP-PROPOSED-METHOD vendor=0 method=4 -> NAK
06-19 02:38:13.084  1476  1476 I wpa_supplicant: wlan0: CTRL-EVENT-EAP-PROPOSED-METHOD vendor=0 method=25
06-19 02:38:13.084  1476  1476 I wpa_supplicant: wlan0: CTRL-EVENT-EAP-METHOD EAP vendor 0 method 25 (PEAP) selected
06-19 02:38:13.107  1476  1476 I wpa_supplicant: EAP-TLV: TLV Result - Success - EAP-TLV/Phase2 Completed
06-19 02:38:13.115    76   113 D NetlinkEvent: Unexpected netlink message. type=0x0
06-19 02:38:49.107    76   113 D NetlinkEvent: Unexpected netlink message. type=0x0
06-19 02:38:49.111  1476  1476 I wpa_supplicant: wlan0: CTRL-EVENT-DISCONNECTED bssid=d0:c2:82:66:69:d0 reason=0
06-19 02:38:50.385  1476  1476 I wpa_supplicant: wlan0: Trying to associate with d0:c2:82:66:69:d0 (SSID='UB_Secure' freq=2462 MHz)
06-19 02:38:50.463  1476  1476 I wpa_supplicant: wlan0: Associated with d0:c2:82:66:69:d0
06-19 02:38:50.467  1476  1476 I wpa_supplicant: wlan0: CTRL-EVENT-EAP-STARTED EAP authentication started
06-19 02:38:50.470  1476  1476 I wpa_supplicant: wlan0: CTRL-EVENT-EAP-PROPOSED-METHOD vendor=0 method=4 -> NAK
06-19 02:38:50.478  1476  1476 I wpa_supplicant: wlan0: CTRL-EVENT-EAP-PROPOSED-METHOD vendor=0 method=25
06-19 02:38:50.478  1476  1476 I wpa_supplicant: wlan0: CTRL-EVENT-EAP-METHOD EAP vendor 0 method 25 (PEAP) selected
06-19 02:38:50.502  1476  1476 I wpa_supplicant: EAP-TLV: TLV Result - Success - EAP-TLV/Phase2 Completed
06-19 02:38:50.510    76   113 D NetlinkEvent: Unexpected netlink message. type=0x0
06-19 02:39:26.506  1476  1476 I wpa_supplicant: wlan0: CTRL-EVENT-EAP-STARTED EAP authentication started
06-19 02:39:26.510    76   113 D NetlinkEvent: Unexpected netlink message. type=0x0
06-19 02:39:26.517  1476  1476 I wpa_supplicant: wlan0: CTRL-EVENT-DISCONNECTED bssid=d0:c2:82:66:69:d0 reason=0
06-19 02:39:27.791  1476  1476 I wpa_supplicant: wlan0: Trying to associate with d0:c2:82:84:8d:50 (SSID='UB_Secure' freq=2462 MHz)
06-19 02:39:27.873  1476  1476 I wpa_supplicant: wlan0: Associated with d0:c2:82:84:8d:50
06-19 02:39:27.873  1476  1476 I wpa_supplicant: wlan0: CTRL-EVENT-EAP-STARTED EAP authentication started
06-19 02:39:27.881  1476  1476 I wpa_supplicant: wlan0: CTRL-EVENT-EAP-PROPOSED-METHOD vendor=0 method=4 -> NAK
06-19 02:39:27.885  1476  1476 I wpa_supplicant: wlan0: CTRL-EVENT-EAP-PROPOSED-METHOD vendor=0 method=25
06-19 02:39:27.888  1476  1476 I wpa_supplicant: wlan0: CTRL-EVENT-EAP-METHOD EAP vendor 0 method 25 (PEAP) selected
06-19 02:39:27.908  1476  1476 I wpa_supplicant: EAP-TLV: TLV Result - Success - EAP-TLV/Phase2 Completed
06-19 02:39:27.924    76   113 D NetlinkEvent: Unexpected netlink message. type=0x0
06-19 02:39:45.904  1137  1366 I PhoneLab-: Service Running
06-19 02:39:45.967  1137  1366 I PhoneLab-LoggerService: app_37    1371  1137  1884   1492  c00f181c 400309d8 S logcat
06-19 02:39:45.970  1137  1366 I PhoneLab-LoggerService: Logcat pid from database 1371
06-19 02:39:45.970  1137  1366 I PhoneLab-LoggerService: Logcat process found 1371
06-19 02:39:45.970  1137  1366 I PhoneLab-LoggerService: Checking Threshold
06-19 02:39:45.970  1137  1366 I PhoneLab-LoggerService: Starting to rename files
06-19 02:39:45.970  1137  1366 I PhoneLab-LoggerService: Files found .. 4
06-19 02:40:03.904    76   113 D NetlinkEvent: Unexpected netlink message. type=0x0
06-19 02:40:03.908  1476  1476 I wpa_supplicant: wlan0: CTRL-EVENT-DISCONNECTED bssid=d0:c2:82:84:8d:50 reason=0
06-19 02:40:05.193  1476  1476 I wpa_supplicant: wlan0: Trying to associate with d0:c2:82:84:8d:50 (SSID='UB_Secure' freq=2462 MHz)
06-19 02:40:05.267  1476  1476 I wpa_supplicant: wlan0: Associated with d0:c2:82:84:8d:50
06-19 02:40:05.267  1476  1476 I wpa_supplicant: wlan0: CTRL-EVENT-EAP-STARTED EAP authentication started
06-19 02:40:05.271  1476  1476 I wpa_supplicant: wlan0: CTRL-EVENT-EAP-PROPOSED-METHOD vendor=0 method=4 -> NAK
06-19 02:40:05.279  1476  1476 I wpa_supplicant: wlan0: CTRL-EVENT-EAP-PROPOSED-METHOD vendor=0 method=25
06-19 02:40:05.279  1476  1476 I wpa_supplicant: wlan0: CTRL-EVENT-EAP-METHOD EAP vendor 0 method 25 (PEAP) selected
06-19 02:40:05.303  1476  1476 I wpa_supplicant: EAP-TLV: TLV Result - Success - EAP-TLV/Phase2 Completed
06-19 02:40:05.310    76   113 D NetlinkEvent: Unexpected netlink message. type=0x0
06-19 02:40:36.619  1137  1137 I PhoneLab-Locks: wake lock acquired
06-19 02:40:36.627  1137  4868 I PhoneLab-PeriodicCheckService: User info is synched
06-19 02:40:36.631  1137  4868 I PhoneLab-PeriodicCheckService: Logger Service is running
06-19 02:40:36.638  1137  1137 I PhoneLab-Locks: wake lock acquired
06-19 02:40:36.642  1137  1137 I PhoneLab-StatusMonitor: Status Monitoring is started
06-19 02:40:36.642  1137  1137 E PhoneLab-PhoneLabManifest: java.io.FileNotFoundException: /data/data/edu.buffalo.cse.phonelab.phonelabservices/files/manifest.xml: open failed: ENOENT (No such file or directory)
06-19 02:40:36.646  1137  1137 I PhoneLab-Locks: wake lock released
06-19 02:40:36.646  1137  4868 I PhoneLab-Locks: wake lock acquired
06-19 02:40:36.650  1137  1137 I PhoneLab-UploadLogs: OnStartCommand
06-19 02:40:36.650  1137  4868 I PhoneLab-PeriodicCheckService: Rescheduling periodic checking...
06-19 02:40:36.654  1137  4868 I PhoneLab-Locks: wake lock released
06-19 02:40:41.306  1476  1476 I wpa_supplicant: wlan0: CTRL-EVENT-EAP-STARTED EAP authentication started
06-19 02:40:41.306    76   113 D NetlinkEvent: Unexpected netlink message. type=0x0
06-19 02:40:41.314  1476  1476 I wpa_supplicant: wlan0: CTRL-EVENT-DISCONNECTED bssid=d0:c2:82:84:8d:50 reason=0
06-19 02:40:42.599  1476  1476 I wpa_supplicant: wlan0: Trying to associate with d0:c2:82:66:69:d0 (SSID='UB_Secure' freq=2462 MHz)
06-19 02:40:42.678  1476  1476 I wpa_supplicant: wlan0: Associated with d0:c2:82:66:69:d0
06-19 02:40:42.678  1476  1476 I wpa_supplicant: wlan0: CTRL-EVENT-EAP-STARTED EAP authentication started
06-19 02:40:42.685  1476  1476 I wpa_supplicant: wlan0: CTRL-EVENT-EAP-PROPOSED-METHOD vendor=0 method=4 -> NAK
06-19 02:40:42.697    76   113 D NetlinkEvent: Unexpected netlink message. type=0x0
06-19 02:40:42.709  1476  1476 I wpa_supplicant: wlan0: CTRL-EVENT-EAP-PROPOSED-METHOD vendor=0 method=25
06-19 02:40:42.709  1476  1476 I wpa_supplicant: wlan0: CTRL-EVENT-EAP-METHOD EAP vendor 0 method 25 (PEAP) selected
06-19 02:40:42.717  1476  1476 I wpa_supplicant: EAP-TLV: TLV Result - Success - EAP-TLV/Phase2 Completed
06-19 02:41:18.705  1476  1476 I wpa_supplicant: wlan0: CTRL-EVENT-EAP-STARTED EAP authentication started
06-19 02:41:18.709    76   113 D NetlinkEvent: Unexpected netlink message. type=0x0
06-19 02:41:18.717  1476  1476 I wpa_supplicant: wlan0: CTRL-EVENT-DISCONNECTED bssid=d0:c2:82:66:69:d0 reason=0
06-19 02:41:19.998  1476  1476 I wpa_supplicant: wlan0: Trying to associate with d0:c2:82:2d:e4:b0 (SSID='UB_Secure' freq=2412 MHz)
06-19 02:41:20.178  1476  1476 I wpa_supplicant: wlan0: Associated with d0:c2:82:2d:e4:b0
06-19 02:41:20.178  1476  1476 I wpa_supplicant: wlan0: CTRL-EVENT-EAP-STARTED EAP authentication started
06-19 02:41:20.185  1476  1476 I wpa_supplicant: wlan0: CTRL-EVENT-EAP-PROPOSED-METHOD vendor=0 method=4 -> NAK
06-19 02:41:20.193  1476  1476 I wpa_supplicant: wlan0: CTRL-EVENT-EAP-PROPOSED-METHOD vendor=0 method=25
06-19 02:41:20.193  1476  1476 I wpa_supplicant: wlan0: CTRL-EVENT-EAP-METHOD EAP vendor 0 method 25 (PEAP) selected
06-19 02:41:20.217  1476  1476 I wpa_supplicant: EAP-TLV: TLV Result - Success - EAP-TLV/Phase2 Completed
06-19 02:41:20.263    76   113 D NetlinkEvent: Unexpected netlink message. type=0x0
06-19 02:41:45.904  1137  1366 I PhoneLab-: Service Running
06-19 02:41:45.959  1137  1366 I PhoneLab-LoggerService: app_37    1371  1137  1884   1492  c00f181c 400309d8 S logcat
06-19 02:41:45.959  1137  1366 I PhoneLab-LoggerService: Logcat pid from database 1371
06-19 02:41:45.959  1137  1366 I PhoneLab-LoggerService: Logcat process found 1371
06-19 02:41:45.959  1137  1366 I PhoneLab-LoggerService: Checking Threshold
06-19 02:41:45.959  1137  1366 I PhoneLab-LoggerService: Starting to rename files
06-19 02:41:45.959  1137  1366 I PhoneLab-LoggerService: Files found .. 4
06-19 02:41:56.103  1476  1476 I wpa_supplicant: wlan0: CTRL-EVENT-EAP-STARTED EAP authentication started
06-19 02:41:56.107    76   113 D NetlinkEvent: Unexpected netlink message. type=0x0
06-19 02:41:56.111  1476  1476 I wpa_supplicant: wlan0: CTRL-EVENT-DISCONNECTED bssid=d0:c2:82:2d:e4:b0 reason=0
06-19 02:41:57.385  1476  1476 I wpa_supplicant: wlan0: Trying to associate with d0:c2:82:66:6b:f0 (SSID='UB_Secure' freq=2462 MHz)
06-19 02:41:57.545  1476  1476 I wpa_supplicant: wlan0: Associated with d0:c2:82:66:6b:f0
06-19 02:41:57.545  1476  1476 I wpa_supplicant: wlan0: CTRL-EVENT-EAP-STARTED EAP authentication started
06-19 02:41:57.560  1476  1476 I wpa_supplicant: wlan0: CTRL-EVENT-EAP-PROPOSED-METHOD vendor=0 method=4 -> NAK
06-19 02:41:57.560    76   113 D NetlinkEvent: Unexpected netlink message. type=0x0
06-19 02:41:57.564  1476  1476 I wpa_supplicant: wlan0: CTRL-EVENT-EAP-PROPOSED-METHOD vendor=0 method=25
06-19 02:41:57.564  1476  1476 I wpa_supplicant: wlan0: CTRL-EVENT-EAP-METHOD EAP vendor 0 method 25 (PEAP) selected
06-19 02:41:57.576  1476  1476 I wpa_supplicant: EAP-TLV: TLV Result - Success - EAP-TLV/Phase2 Completed
06-19 02:41:57.592   387   389 D dalvikvm: GC_CONCURRENT freed 279K, 13% free 9938K/11399K, paused 43ms+3ms
06-19 02:41:57.779   387   389 D dalvikvm: GC_CONCURRENT freed 404K, 13% free 9924K/11399K, paused 2ms+5ms
06-19 02:42:33.510  1476  1476 I wpa_supplicant: wlan0: CTRL-EVENT-EAP-STARTED EAP authentication started
06-19 02:42:33.510    76   113 D NetlinkEvent: Unexpected netlink message. type=0x0
06-19 02:42:33.517  1476  1476 I wpa_supplicant: wlan0: CTRL-EVENT-DISCONNECTED bssid=d0:c2:82:66:6b:f0 reason=0
06-19 02:42:34.803  1476  1476 I wpa_supplicant: wlan0: Trying to associate with d0:c2:82:84:8d:50 (SSID='UB_Secure' freq=2462 MHz)
06-19 02:42:34.873  1476  1476 I wpa_supplicant: wlan0: Associated with d0:c2:82:84:8d:50
06-19 02:42:34.873  1476  1476 I wpa_supplicant: wlan0: CTRL-EVENT-EAP-STARTED EAP authentication started
06-19 02:42:34.881  1476  1476 I wpa_supplicant: wlan0: CTRL-EVENT-EAP-PROPOSED-METHOD vendor=0 method=4 -> NAK
06-19 02:42:34.888    76   113 D NetlinkEvent: Unexpected netlink message. type=0x0
06-19 02:42:34.904  1476  1476 I wpa_supplicant: wlan0: CTRL-EVENT-EAP-PROPOSED-METHOD vendor=0 method=25
06-19 02:42:34.904  1476  1476 I wpa_supplicant: wlan0: CTRL-EVENT-EAP-METHOD EAP vendor 0 method 25 (PEAP) selected
06-19 02:42:34.916  1476  1476 I wpa_supplicant: EAP-TLV: TLV Result - Success - EAP-TLV/Phase2 Completed
06-19 02:43:10.908    76   113 D NetlinkEvent: Unexpected netlink message. type=0x0
06-19 02:43:10.912  1476  1476 I wpa_supplicant: wlan0: CTRL-EVENT-DISCONNECTED bssid=d0:c2:82:84:8d:50 reason=0
06-19 02:43:12.185  1476  1476 I wpa_supplicant: wlan0: Trying to associate with d0:c2:82:2d:e4:b0 (SSID='UB_Secure' freq=2412 MHz)
06-19 02:43:12.342  1476  1476 I wpa_supplicant: wlan0: Associated with d0:c2:82:2d:e4:b0
06-19 02:43:12.342  1476  1476 I wpa_supplicant: wlan0: CTRL-EVENT-EAP-STARTED EAP authentication started
06-19 02:43:12.349  1476  1476 I wpa_supplicant: wlan0: CTRL-EVENT-EAP-PROPOSED-METHOD vendor=0 method=4 -> NAK
06-19 02:43:12.349   387   389 D dalvikvm: GC_CONCURRENT freed 519K, 14% free 9847K/11399K, paused 12ms+2ms
06-19 02:43:12.353  1476  1476 I wpa_supplicant: wlan0: CTRL-EVENT-EAP-PROPOSED-METHOD vendor=0 method=25
06-19 02:43:12.353  1476  1476 I wpa_supplicant: wlan0: CTRL-EVENT-EAP-METHOD EAP vendor 0 method 25 (PEAP) selected
06-19 02:43:12.361  1476  1476 I wpa_supplicant: EAP-TLV: TLV Result - Success - EAP-TLV/Phase2 Completed
06-19 02:43:12.447    76   113 D NetlinkEvent: Unexpected netlink message. type=0x0
06-19 02:43:12.502   387   389 D dalvikvm: GC_CONCURRENT freed 559K, 15% free 9692K/11399K, paused 34ms+3ms
06-19 02:43:45.904  1137  1366 I PhoneLab-: Service Running
06-19 02:43:45.967  1137  1366 I PhoneLab-LoggerService: app_37    1371  1137  1884   1492  c00f181c 400309d8 S logcat
06-19 02:43:45.967  1137  1366 I PhoneLab-LoggerService: Logcat pid from database 1371
06-19 02:43:45.967  1137  1366 I PhoneLab-LoggerService: Logcat process found 1371
06-19 02:43:45.967  1137  1366 I PhoneLab-LoggerService: Checking Threshold
06-19 02:43:45.970  1137  1366 I PhoneLab-LoggerService: Starting to rename files
06-19 02:43:45.970  1137  1366 I PhoneLab-LoggerService: Files found .. 4
06-19 02:43:48.306    76   113 D NetlinkEvent: Unexpected netlink message. type=0x0
06-19 02:43:48.314  1476  1476 I wpa_supplicant: wlan0: CTRL-EVENT-DISCONNECTED bssid=d0:c2:82:2d:e4:b0 reason=0
06-19 02:43:48.451   152   154 D dalvikvm: GC_CONCURRENT freed 1245K, 11% free 14424K/16135K, paused 18ms+7ms
06-19 02:43:49.592  1476  1476 I wpa_supplicant: wlan0: Trying to associate with 64:a0:e7:5d:18:30 (SSID='UB_Secure' freq=2412 MHz)
06-19 02:43:49.638  1476  1476 I wpa_supplicant: wlan0: Associated with 64:a0:e7:5d:18:30
06-19 02:43:49.638  1476  1476 I wpa_supplicant: wlan0: CTRL-EVENT-EAP-STARTED EAP authentication started
06-19 02:43:49.650  1476  1476 I wpa_supplicant: wlan0: CTRL-EVENT-EAP-PROPOSED-METHOD vendor=0 method=4 -> NAK
06-19 02:43:49.658  1476  1476 I wpa_supplicant: wlan0: CTRL-EVENT-EAP-PROPOSED-METHOD vendor=0 method=25
06-19 02:43:49.658  1476  1476 I wpa_supplicant: wlan0: CTRL-EVENT-EAP-METHOD EAP vendor 0 method 25 (PEAP) selected
06-19 02:43:49.681  1476  1476 I wpa_supplicant: EAP-TLV: TLV Result - Success - EAP-TLV/Phase2 Completed
06-19 02:43:49.717    76   113 D NetlinkEvent: Unexpected netlink message. type=0x0
06-19 02:44:25.510  1476  1476 I wpa_supplicant: wlan0: CTRL-EVENT-DISCONNECTED bssid=64:a0:e7:5d:18:30 reason=0
06-19 02:44:25.510    76   113 D NetlinkEvent: Unexpected netlink message. type=0x0
06-19 02:44:26.779  1476  1476 I wpa_supplicant: wlan0: Trying to associate with d0:c2:82:66:69:d0 (SSID='UB_Secure' freq=2462 MHz)
06-19 02:44:31.498  1476  1476 I wpa_supplicant: wlan0: CTRL-EVENT-DISCONNECTED bssid=d0:c2:82:66:69:d0 reason=0
06-19 02:44:32.119  1476  1476 I wpa_supplicant: wlan0: Trying to associate with d0:c2:82:66:6b:f0 (SSID='UB_Secure' freq=2462 MHz)
06-19 02:44:32.252  1476  1476 I wpa_supplicant: wlan0: Associated with d0:c2:82:66:6b:f0
06-19 02:44:32.252  1476  1476 I wpa_supplicant: wlan0: CTRL-EVENT-EAP-STARTED EAP authentication started
06-19 02:44:32.256  1476  1476 I wpa_supplicant: wlan0: CTRL-EVENT-EAP-PROPOSED-METHOD vendor=0 method=4 -> NAK
06-19 02:44:32.263  1476  1476 I wpa_supplicant: wlan0: CTRL-EVENT-EAP-PROPOSED-METHOD vendor=0 method=25
06-19 02:44:32.263  1476  1476 I wpa_supplicant: wlan0: CTRL-EVENT-EAP-METHOD EAP vendor 0 method 25 (PEAP) selected
06-19 02:44:32.267  1476  1476 I wpa_supplicant: EAP-TLV: TLV Result - Success - EAP-TLV/Phase2 Completed
06-19 02:44:32.365    76   113 D NetlinkEvent: Unexpected netlink message. type=0x0
06-19 02:45:08.107  1476  1476 I wpa_supplicant: wlan0: CTRL-EVENT-EAP-STARTED EAP authentication started
06-19 02:45:08.107    76   113 D NetlinkEvent: Unexpected netlink message. type=0x0
06-19 02:45:08.115  1476  1476 I wpa_supplicant: wlan0: CTRL-EVENT-DISCONNECTED bssid=d0:c2:82:66:6b:f0 reason=0
06-19 02:45:09.400  1476  1476 I wpa_supplicant: wlan0: Trying to associate with d0:c2:82:2d:e4:b0 (SSID='UB_Secure' freq=2412 MHz)
06-19 02:45:09.584  1476  1476 I wpa_supplicant: wlan0: Associated with d0:c2:82:2d:e4:b0
06-19 02:45:09.584  1476  1476 I wpa_supplicant: wlan0: CTRL-EVENT-EAP-STARTED EAP authentication started
06-19 02:45:09.592  1476  1476 I wpa_supplicant: wlan0: CTRL-EVENT-EAP-PROPOSED-METHOD vendor=0 method=4 -> NAK
06-19 02:45:09.599  1476  1476 I wpa_supplicant: wlan0: CTRL-EVENT-EAP-PROPOSED-METHOD vendor=0 method=25
06-19 02:45:09.599  1476  1476 I wpa_supplicant: wlan0: CTRL-EVENT-EAP-METHOD EAP vendor 0 method 25 (PEAP) selected
06-19 02:45:09.623  1476  1476 I wpa_supplicant: EAP-TLV: TLV Result - Success - EAP-TLV/Phase2 Completed
06-19 02:45:09.642    76   113 D NetlinkEvent: Unexpected netlink message. type=0x0
06-19 02:45:45.506    76   113 D NetlinkEvent: Unexpected netlink message. type=0x0
06-19 02:45:45.510  1476  1476 I wpa_supplicant: wlan0: CTRL-EVENT-DISCONNECTED bssid=d0:c2:82:2d:e4:b0 reason=0
06-19 02:45:45.904  1137  1366 I PhoneLab-: Service Running
06-19 02:45:45.963  1137  1366 I PhoneLab-LoggerService: app_37    1371  1137  1884   1492  c00f181c 400309d8 S logcat
06-19 02:45:45.963  1137  1366 I PhoneLab-LoggerService: Logcat pid from database 1371
06-19 02:45:45.963  1137  1366 I PhoneLab-LoggerService: Logcat process found 1371
06-19 02:45:45.963  1137  1366 I PhoneLab-LoggerService: Checking Threshold
06-19 02:45:45.967  1137  1366 I PhoneLab-LoggerService: Starting to rename files
06-19 02:45:45.967  1137  1366 I PhoneLab-LoggerService: Files found .. 4
06-19 02:45:45.982  1137  1139 D dalvikvm: GC_CONCURRENT freed 391K, 17% free 9231K/11079K, paused 2ms+2ms
06-19 02:45:46.779  1476  1476 I wpa_supplicant: wlan0: Trying to associate with d0:c2:82:84:8d:50 (SSID='UB_Secure' freq=2462 MHz)
06-19 02:45:46.982    76   113 D NetlinkEvent: Unexpected netlink message. type=0x0
06-19 02:45:46.998  1476  1476 I wpa_supplicant: wlan0: Associated with d0:c2:82:84:8d:50
06-19 02:45:46.998  1476  1476 I wpa_supplicant: wlan0: CTRL-EVENT-EAP-STARTED EAP authentication started
06-19 02:45:47.013  1476  1476 I wpa_supplicant: wlan0: CTRL-EVENT-EAP-PROPOSED-METHOD vendor=0 method=4 -> NAK
06-19 02:45:47.017  1476  1476 I wpa_supplicant: wlan0: CTRL-EVENT-EAP-PROPOSED-METHOD vendor=0 method=25
06-19 02:45:47.017  1476  1476 I wpa_supplicant: wlan0: CTRL-EVENT-EAP-METHOD EAP vendor 0 method 25 (PEAP) selected
06-19 02:45:47.025  1476  1476 I wpa_supplicant: EAP-TLV: TLV Result - Success - EAP-TLV/Phase2 Completed
06-19 02:46:22.904    76   113 D NetlinkEvent: Unexpected netlink message. type=0x0
06-19 02:46:22.908  1476  1476 I wpa_supplicant: wlan0: CTRL-EVENT-DISCONNECTED bssid=d0:c2:82:84:8d:50 reason=0
06-19 02:46:39.744  1476  1476 I wpa_supplicant: wlan0: Trying to associate with d0:c2:82:84:8d:50 (SSID='UB_Secure' freq=2462 MHz)
06-19 02:46:39.763  1476  1476 I wpa_supplicant: wlan0: Associated with d0:c2:82:84:8d:50
06-19 02:46:39.763  1476  1476 I wpa_supplicant: wlan0: CTRL-EVENT-EAP-STARTED EAP authentication started
06-19 02:46:39.771  1476  1476 I wpa_supplicant: wlan0: CTRL-EVENT-EAP-PROPOSED-METHOD vendor=0 method=4 -> NAK
06-19 02:46:39.775  1476  1476 I wpa_supplicant: wlan0: CTRL-EVENT-EAP-PROPOSED-METHOD vendor=0 method=25
06-19 02:46:39.775  1476  1476 I wpa_supplicant: wlan0: CTRL-EVENT-EAP-METHOD EAP vendor 0 method 25 (PEAP) selected
06-19 02:46:39.787  1476  1476 I wpa_supplicant: EAP-TLV: TLV Result - Success - EAP-TLV/Phase2 Completed
06-19 02:46:39.838    76   113 D NetlinkEvent: Unexpected netlink message. type=0x0
06-19 02:47:15.705    76   113 D NetlinkEvent: Unexpected netlink message. type=0x0
06-19 02:47:15.709  1476  1476 I wpa_supplicant: wlan0: CTRL-EVENT-DISCONNECTED bssid=d0:c2:82:84:8d:50 reason=0
06-19 02:47:16.990  1476  1476 I wpa_supplicant: wlan0: Trying to associate with d0:c2:82:66:6b:f0 (SSID='UB_Secure' freq=2462 MHz)
06-19 02:47:17.060  1476  1476 I wpa_supplicant: wlan0: Associated with d0:c2:82:66:6b:f0
06-19 02:47:17.064  1476  1476 I wpa_supplicant: wlan0: CTRL-EVENT-EAP-STARTED EAP authentication started
06-19 02:47:17.068  1476  1476 I wpa_supplicant: wlan0: CTRL-EVENT-EAP-PROPOSED-METHOD vendor=0 method=4 -> NAK
06-19 02:47:17.076    76   113 D NetlinkEvent: Unexpected netlink message. type=0x0
06-19 02:47:17.088  1476  1476 I wpa_supplicant: wlan0: CTRL-EVENT-EAP-PROPOSED-METHOD vendor=0 method=25
06-19 02:47:17.088  1476  1476 I wpa_supplicant: wlan0: CTRL-EVENT-EAP-METHOD EAP vendor 0 method 25 (PEAP) selected
06-19 02:47:17.099  1476  1476 I wpa_supplicant: EAP-TLV: TLV Result - Success - EAP-TLV/Phase2 Completed
06-19 02:47:45.904  1137  1366 I PhoneLab-: Service Running
06-19 02:47:45.959  1137  1366 I PhoneLab-LoggerService: app_37    1371  1137  1884   1492  c00f181c 400309d8 S logcat
06-19 02:47:45.959  1137  1366 I PhoneLab-LoggerService: Logcat pid from database 1371
06-19 02:47:45.959  1137  1366 I PhoneLab-LoggerService: Logcat process found 1371
06-19 02:47:45.959  1137  1366 I PhoneLab-LoggerService: Checking Threshold
06-19 02:47:45.959  1137  1366 I PhoneLab-LoggerService: Starting to rename files
06-19 02:47:45.959  1137  1366 I PhoneLab-LoggerService: Files found .. 4
06-19 02:47:53.107    76   113 D NetlinkEvent: Unexpected netlink message. type=0x0
06-19 02:47:53.111  1476  1476 I wpa_supplicant: wlan0: CTRL-EVENT-DISCONNECTED bssid=d0:c2:82:66:6b:f0 reason=0
06-19 02:47:54.400  1476  1476 I wpa_supplicant: wlan0: Trying to associate with d0:c2:82:66:69:d0 (SSID='UB_Secure' freq=2462 MHz)
06-19 02:47:54.506    76   113 D NetlinkEvent: Unexpected netlink message. type=0x0
