04-08 17:37:35.138 32388 32390 D dalvikvm: GC_CONCURRENT freed 386K, 7% free 9404K/10055K, paused 30ms+3ms
04-08 17:37:35.154 32263 32277 D UploadsManager: collect new video: MediaTracker:steven.y.ko@gmail.com,trackNew:photo-external,331:photo-phoneStorage,-1:video-external,202:video-phoneStorage,-1
04-08 17:37:35.170 32263 32277 D PicasaSyncManager: reject MetadataSyncTask (steven.y.ko@gmail.com) because downsync is disabled
04-08 17:37:41.767   145   201 D ConnectivityService: handleInetConditionHoldEnd: net=1, condition=100, published condition=0
04-08 17:37:47.822   267   270 D dalvikvm: GC_CONCURRENT freed 544K, 7% free 10900K/11655K, paused 2ms+14ms
04-08 17:38:00.607  5339  5352 I PhoneLab-: Service Running
04-08 17:38:00.666  5339  5352 I PhoneLab-LoggerService: app_34    1586  1     2292   1856  c00f1758 400a0794 S logcat
04-08 17:38:00.666  5339  5352 I PhoneLab-LoggerService: Logcat pid from database 1586
04-08 17:38:00.670  5339  5352 I PhoneLab-LoggerService: Logcat process found 1586
04-08 17:38:00.670  5339  5352 I PhoneLab-LoggerService: Checking Threshold
04-08 17:38:00.670  5339  5352 I PhoneLab-LoggerService: Starting to rename files
04-08 17:38:00.670  5339  5352 I PhoneLab-LoggerService: Files found .. 25
04-08 17:40:00.607  5339  5352 I PhoneLab-: Service Running
04-08 17:40:00.662  5339  5352 I PhoneLab-LoggerService: app_34    1586  1     2292   1856  c00f1758 400a0794 S logcat
04-08 17:40:00.666  5339  5352 I PhoneLab-LoggerService: Logcat pid from database 1586
04-08 17:40:00.666  5339  5352 I PhoneLab-LoggerService: Logcat process found 1586
04-08 17:40:00.666  5339  5352 I PhoneLab-LoggerService: Checking Threshold
04-08 17:40:00.666  5339  5352 I PhoneLab-LoggerService: Starting to rename files
04-08 17:40:00.666  5339  5352 I PhoneLab-LoggerService: Files found .. 25
04-08 17:40:36.064   486   539 E SwypeConnect: IOException trying to get response codenull
04-08 17:42:00.607  5339  5352 I PhoneLab-: Service Running
04-08 17:42:00.658  5339  5352 I PhoneLab-LoggerService: app_34    1586  1     2292   1856  c00f1758 400a0794 S logcat
04-08 17:42:00.658  5339  5352 I PhoneLab-LoggerService: Logcat pid from database 1586
04-08 17:42:00.658  5339  5352 I PhoneLab-LoggerService: Logcat process found 1586
04-08 17:42:00.658  5339  5352 I PhoneLab-LoggerService: Checking Threshold
04-08 17:42:00.658  5339  5352 I PhoneLab-LoggerService: Starting to rename files
04-08 17:42:00.658  5339  5352 I PhoneLab-LoggerService: Files found .. 25
04-08 17:42:07.189  5339  5339 I PhoneLab-Locks: wake lock acquired
04-08 17:42:07.213  5339  5339 I PhoneLab-StatusMonitor: Status Monitoring is started
04-08 17:42:07.263  5339  5342 D dalvikvm: GC_CONCURRENT freed 631K, 18% free 9243K/11271K, paused 2ms+5ms
04-08 17:42:07.287  5339  5339 I PhoneLab-StatusMonitor: Value: 5 - unit: min
04-08 17:42:07.287  5339  5339 I PhoneLab-StatusMonitor: Running interval: 300000
04-08 17:42:07.295  5339  5339 I PhoneLab-StatusMonitor: Rescheduling status monitoring...
04-08 17:42:07.295  5339  5339 I PhoneLab-Locks: wake lock released
04-08 17:42:07.299  5339  5339 I PhoneLab-StatusMonitorLocation: Learning Location
04-08 17:42:07.299  5339  5339 I PhoneLab-Locks: wake lock acquired
04-08 17:42:07.299  5339  5339 I PhoneLab-Locks: wake lock acquired
04-08 17:42:07.302  5339  5339 I PhoneLab-StatusMonitorLocation: Learning Signal Strgth
04-08 17:42:07.302  5339  5339 I PhoneLab-Locks: wake lock acquired
04-08 17:42:07.306  5339  5339 I PhoneLab-StatusMonitorBattery: Battery_level: 96
04-08 17:42:07.310  5339  5339 I PhoneLab-Locks: wake lock released
04-08 17:42:07.310  5339  5339 I PhoneLab-StatusMonitorSignal: Signal_Strength: -86 asu: 14
04-08 17:42:07.310  5339  5339 I PhoneLab-Locks: wake lock released
04-08 17:43:12.111   292   292 I wpa_supplicant: wlan0: CTRL-EVENT-DISCONNECTED bssid=d0:c2:82:66:6b:f1 reason=0
04-08 17:43:12.127    75   117 D CommandListener: Clearing all IP addresses on wlan0
04-08 17:43:12.154   145   201 D ConnectivityService: ConnectivityChange for WIFI: DISCONNECTED/DISCONNECTED
04-08 17:43:12.154   145   201 D ConnectivityService: Attempting to switch to mobile
04-08 17:43:12.154   145   201 D ConnectivityService: Attempting to switch to WIMAX
04-08 17:43:12.154   145   201 D ConnectivityService: Attempting to switch to BLUETOOTH_TETHER
04-08 17:43:12.174   145   201 D NetUtils: android_net_utils_resetConnections in env=0x5eb358 clazz=0xb0600001 iface=wlan0 mask=0x3
04-08 17:43:12.174   145   201 D ConnectivityService: resetConnections(wlan0, 3)
04-08 17:43:12.185   145   201 D ConnectivityService: ConnectivityChange for WIMAX: DISCONNECTED/SCANNING
04-08 17:43:12.189   145   201 D ConnectivityService: Attempting to switch to mobile
04-08 17:43:12.189   145   201 D ConnectivityService: Attempting to switch to WIFI
04-08 17:43:12.189   145   201 D ConnectivityService: Attempting to switch to BLUETOOTH_TETHER
04-08 17:43:12.201   267 25579 W Smack/Packet: notify conn break (IOEx), close connection
04-08 17:43:12.326   145   147 D dalvikvm: GC_CONCURRENT freed 1738K, 15% free 16125K/18951K, paused 9ms+13ms
04-08 17:43:12.381   267 25579 I qtaguid : Failed write_ctrl(u 77) res=-1 errno=22
04-08 17:43:12.381   267 25579 I qtaguid : Untagging socket 77 failed errno=-22
04-08 17:43:12.381   267 25579 W NetworkManagementSocketTagger: untagSocket(77) failed with errno -22
04-08 17:43:12.388   145   201 D ConnectivityService: handleInetConditionChange: no active default network - ignore
04-08 17:43:12.713   292   292 I wpa_supplicant: wlan0: Trying to associate with d0:c2:82:66:6b:f1 (SSID='UB_Secure' freq=2462 MHz)
04-08 17:43:12.744   292   292 I wpa_supplicant: wlan0: Associated with d0:c2:82:66:6b:f1
04-08 17:43:12.759   292   292 I wpa_supplicant: wlan0: WPA: Key negotiation completed with d0:c2:82:66:6b:f1 [PTK=CCMP GTK=TKIP]
04-08 17:43:12.759   292   292 I wpa_supplicant: wlan0: CTRL-EVENT-CONNECTED - Connection to d0:c2:82:66:6b:f1 completed (reauth) [id=3 id_str=]
04-08 17:43:15.201   145   205 D Tethering: MasterInitialState.processMessage what=3
04-08 17:43:15.240   145   205 D Tethering: MasterInitialState.processMessage what=3
04-08 17:43:15.295 25068 25068 I MediaUploader: No need to wake up
04-08 17:43:15.302  5339  5339 I PhoneLab-WiFiReceiver: WiFi is disconnected!
04-08 17:43:15.349 25068 25068 I MediaUploader: No need to wake up
04-08 17:43:15.361 32263 32277 D PicasaSyncManager: active network: null
04-08 17:43:15.365 32263 32277 D PicasaSyncManager: background data: true
04-08 17:43:15.384 32263 32277 D UploadsManager: collect new photo: MediaTracker:steven.y.ko@gmail.com,trackNew:photo-external,331:photo-phoneStorage,-1:video-external,202:video-phoneStorage,-1
04-08 17:43:15.388 32263 32277 D UploadsManager: collect new video: MediaTracker:steven.y.ko@gmail.com,trackNew:photo-external,331:photo-phoneStorage,-1:video-external,202:video-phoneStorage,-1
04-08 17:43:15.400 32263 32277 V PicasaContentProvider: querySettings: defaults: {sync_on_wifi_only=1, auto_upload_account_type=null, sync_on_battery=1, sync_picasa_on_wifi_only=1, auto_upload_enabled=0, video_upload_wifi_only=1, sync_on_roaming=0, auto_upload_account_name=null}
04-08 17:43:15.400 32263 32277 D PicasaSyncManager: reject MetadataSyncTask (steven.y.ko@gmail.com) for wifi connection
04-08 17:43:15.404 32263 32277 D PicasaSyncManager: active network: null
04-08 17:43:15.408 32263 32277 D PicasaSyncManager: background data: true
04-08 17:43:16.216   145   201 D ConnectivityService: ConnectivityChange for WIFI: CONNECTED/CONNECTED
04-08 17:43:16.224  5339  5339 I PhoneLab-WiFiReceiver: WiFi is connected!
04-08 17:43:16.244  5339  5339 I PhoneLab-Locks: wake lock acquired
04-08 17:43:16.248  5339  5339 I PhoneLab-UploadLogs: OnStartCommand
04-08 17:43:16.252   145   196 W NetworkStats: dropping UID delta from unknown iface: iface=wlan0 uid=0 set=DEFAULT tag=0x0 rxBytes=0 rxPackets=0 txBytes=272 txPackets=4 operations=0
04-08 17:43:16.291  5339  5342 D dalvikvm: GC_CONCURRENT freed 423K, 19% free 9204K/11271K, paused 2ms+2ms
04-08 17:43:17.220   145   201 D ConnectivityService: NetTransition Wakelock for WifiStateMachine released by timeout
04-08 17:43:19.271   145   205 D Tethering: MasterInitialState.processMessage what=3
04-08 17:43:19.318   486   488 D dalvikvm: GC_CONCURRENT freed 406K, 7% free 9846K/10503K, paused 2ms+2ms
04-08 17:43:19.322   267   267 I GTalkService/c: [AndroidEndpoint@1094003040] connect: acct=1000001, state=CONNECTING
04-08 17:43:19.353   267   267 I GTalkService/c: [GTalkConnection@1094644192] connect: acct=1, state=CONNECTING
04-08 17:43:19.404   267   267 D dalvikvm: GC_EXPLICIT freed 256K, 8% free 10828K/11655K, paused 2ms+3ms
04-08 17:43:19.435 25068 25068 I MediaUploader: No need to wake up
04-08 17:43:19.463 32263 32277 D PicasaSyncManager: active network: NetworkInfo: type: WIFI[], state: CONNECTED/CONNECTED, reason: (unspecified), extra: (none), roaming: false, failover: false, isAvailable: true
04-08 17:43:19.463 32263 32277 D PicasaSyncManager: background data: true
04-08 17:43:19.482 32263 32277 D UploadsManager: collect new photo: MediaTracker:steven.y.ko@gmail.com,trackNew:photo-external,331:photo-phoneStorage,-1:video-external,202:video-phoneStorage,-1
04-08 17:43:19.494 32263 32277 D UploadsManager: collect new video: MediaTracker:steven.y.ko@gmail.com,trackNew:photo-external,331:photo-phoneStorage,-1:video-external,202:video-phoneStorage,-1
04-08 17:43:19.509 32263 32277 D PicasaSyncManager: reject MetadataSyncTask (steven.y.ko@gmail.com) because downsync is disabled
04-08 17:43:28.099   145   201 D ConnectivityService: handleInetConditionHoldEnd: net=1, condition=100, published condition=0
04-08 17:43:28.959 31641 31643 D dalvikvm: GC_CONCURRENT freed 672K, 9% free 9790K/10695K, paused 1ms+11ms
04-08 17:43:40.529   292   292 I wpa_supplicant: wlan0: CTRL-EVENT-DISCONNECTED bssid=d0:c2:82:66:6b:f1 reason=0
04-08 17:43:40.541    75   117 D CommandListener: Clearing all IP addresses on wlan0
04-08 17:43:40.576   145   201 D ConnectivityService: ConnectivityChange for WIFI: DISCONNECTED/DISCONNECTED
04-08 17:43:40.576   145   201 D ConnectivityService: Attempting to switch to mobile
04-08 17:43:40.576   145   201 D ConnectivityService: Attempting to switch to WIMAX
04-08 17:43:40.576   145   201 D ConnectivityService: Attempting to switch to BLUETOOTH_TETHER
04-08 17:43:40.591   145   201 D NetUtils: android_net_utils_resetConnections in env=0x5eb358 clazz=0xcc900001 iface=wlan0 mask=0x3
04-08 17:43:40.591   145   201 D ConnectivityService: resetConnections(wlan0, 3)
04-08 17:43:40.607   145   201 D ConnectivityService: ConnectivityChange for WIMAX: DISCONNECTED/SCANNING
04-08 17:43:40.607   145   201 D ConnectivityService: Attempting to switch to mobile
04-08 17:43:40.607   145   201 D ConnectivityService: Attempting to switch to WIFI
04-08 17:43:40.607   145   201 D ConnectivityService: Attempting to switch to BLUETOOTH_TETHER
04-08 17:43:40.619   267 25650 W Smack/Packet: notify conn break (IOEx), close connection
04-08 17:43:40.775   267 25650 I qtaguid : Failed write_ctrl(u 77) res=-1 errno=22
04-08 17:43:40.779   267 25650 I qtaguid : Untagging socket 77 failed errno=-22
04-08 17:43:40.779   267 25650 W NetworkManagementSocketTagger: untagSocket(77) failed with errno -22
04-08 17:43:40.799   145   201 D ConnectivityService: handleInetConditionChange: no active default network - ignore
04-08 17:43:40.869   267   270 D dalvikvm: GC_CONCURRENT freed 469K, 7% free 10842K/11655K, paused 2ms+3ms
04-08 17:43:41.127   292   292 I wpa_supplicant: wlan0: Trying to associate with d0:c2:82:2d:e4:b1 (SSID='UB_Secure' freq=2412 MHz)
04-08 17:43:41.302   292   292 I wpa_supplicant: wlan0: Associated with d0:c2:82:2d:e4:b1
04-08 17:43:41.302   292   292 I wpa_supplicant: wlan0: CTRL-EVENT-EAP-STARTED EAP authentication started
04-08 17:43:41.310   292   292 I wpa_supplicant: wlan0: CTRL-EVENT-EAP-PROPOSED-METHOD vendor=0 method=4 -> NAK
04-08 17:43:41.314   292   292 I wpa_supplicant: wlan0: CTRL-EVENT-EAP-PROPOSED-METHOD vendor=0 method=25
04-08 17:43:41.314   292   292 I wpa_supplicant: wlan0: CTRL-EVENT-EAP-METHOD EAP vendor 0 method 25 (PEAP) selected
04-08 17:43:41.388   292   292 I wpa_supplicant: wlan0: CTRL-EVENT-EAP-PEER-CERT depth=2 subject='/C=US/O=Entrust.net/OU=www.entrust.net/CPS incorp. by ref. (limits liab.)/OU=(c) 1999 Entrust.net Limited/CN=Entrust.net Secure Server Certification Authority'
04-08 17:43:41.388   292   292 I wpa_supplicant: wlan0: CTRL-EVENT-EAP-PEER-CERT depth=2 subject='/C=US/O=Entrust.net/OU=www.entrust.net/CPS incorp. by ref. (limits liab.)/OU=(c) 1999 Entrust.net Limited/CN=Entrust.net Secure Server Certification Authority'
04-08 17:43:41.396   292   292 I wpa_supplicant: wlan0: CTRL-EVENT-EAP-PEER-CERT depth=1 subject='/C=US/ST=UT/L=Salt Lake City/O=The USERTRUST Network/CN=USERTrust Legacy Secure Server CA'
04-08 17:43:41.404   292   292 I wpa_supplicant: wlan0: CTRL-EVENT-EAP-PEER-CERT depth=0 subject='/C=US/postalCode=14260/ST=New York/L=Buffalo/street=305 Computing Center/O=SUNY AT BUFFALO/OU=Issued through UNIVERSITY AT BUFFALO E-PKI Manager/OU=Comodo PremiumSSL Legacy/CN=radius1.cit.buffalo.edu'
04-08 17:43:41.556   292   292 I wpa_supplicant: EAP-MSCHAPV2: Authentication succeeded
04-08 17:43:41.564   292   292 I wpa_supplicant: EAP-TLV: TLV Result - Success - EAP-TLV/Phase2 Completed
04-08 17:43:41.568   292   292 I wpa_supplicant: wlan0: CTRL-EVENT-EAP-SUCCESS EAP authentication completed successfully
04-08 17:43:41.615   292   292 I wpa_supplicant: wlan0: WPA: Key negotiation completed with d0:c2:82:2d:e4:b1 [PTK=CCMP GTK=TKIP]
04-08 17:43:41.615   292   292 I wpa_supplicant: wlan0: CTRL-EVENT-CONNECTED - Connection to d0:c2:82:2d:e4:b1 completed (reauth) [id=3 id_str=]
04-08 17:43:42.338   145   201 D ConnectivityService: ConnectivityChange for WIFI: CONNECTED/CONNECTED
04-08 17:43:42.345  5339  5339 I PhoneLab-WiFiReceiver: WiFi is connected!
04-08 17:43:42.349  5339  5339 I PhoneLab-Locks: wake lock acquired
04-08 17:43:42.349  5339  5339 I PhoneLab-UploadLogs: OnStartCommand
04-08 17:43:42.365   145   196 W NetworkStats: dropping UID delta from unknown iface: iface=wlan0 uid=0 set=DEFAULT tag=0x0 rxBytes=0 rxPackets=0 txBytes=76 txPackets=1 operations=0
04-08 17:43:43.338   145   201 D ConnectivityService: NetTransition Wakelock for WifiStateMachine released by timeout
04-08 17:43:43.674   145   205 D Tethering: MasterInitialState.processMessage what=3
04-08 17:43:43.693   267   267 I GTalkService/c: [AndroidEndpoint@1094003040] connect: acct=1000001, state=CONNECTING
04-08 17:43:43.693   267   267 I GTalkService/c: [GTalkConnection@1094644192] connect: acct=1, state=CONNECTING
04-08 17:43:43.697   145   205 D Tethering: MasterInitialState.processMessage what=3
04-08 17:43:43.744 25068 25068 I MediaUploader: No need to wake up
04-08 17:43:43.744  5339  5339 I PhoneLab-WiFiReceiver: WiFi is disconnected!
04-08 17:43:43.810 32263 32277 D PicasaSyncManager: active network: NetworkInfo: type: WIFI[], state: CONNECTED/CONNECTED, reason: (unspecified), extra: (none), roaming: false, failover: false, isAvailable: true
04-08 17:43:43.818 32263 32277 D PicasaSyncManager: background data: true
04-08 17:43:43.849   145   147 D dalvikvm: GC_CONCURRENT freed 1774K, 16% free 16108K/18951K, paused 20ms+7ms
04-08 17:43:43.900 25068 25068 I MediaUploader: No need to wake up
04-08 17:43:43.986   145   343 D dalvikvm: GC_EXPLICIT freed 115K, 16% free 16032K/18951K, paused 3ms+6ms
04-08 17:43:44.002 32263 32277 D PicasaSyncManager: active network: NetworkInfo: type: WIFI[], state: CONNECTED/CONNECTED, reason: (unspecified), extra: (none), roaming: false, failover: false, isAvailable: true
04-08 17:43:44.006 32263 32277 D PicasaSyncManager: background data: true
04-08 17:43:45.388   145   205 D Tethering: MasterInitialState.processMessage what=3
04-08 17:43:45.466 25068 25068 I MediaUploader: No need to wake up
04-08 17:43:45.498 32263 32277 D PicasaSyncManager: active network: NetworkInfo: type: WIFI[], state: CONNECTED/CONNECTED, reason: (unspecified), extra: (none), roaming: false, failover: false, isAvailable: true
04-08 17:43:45.502 32263 32277 D PicasaSyncManager: background data: true
04-08 17:43:45.615 32388 32390 D dalvikvm: GC_CONCURRENT freed 412K, 7% free 9390K/10055K, paused 2ms+7ms
04-08 17:43:46.881   145   201 D ConnectivityService: handleInetConditionHoldEnd: net=1, condition=100, published condition=0
04-08 17:43:47.916 32263 25716 V PicasaContentProvider: querySettings: defaults: {sync_on_wifi_only=1, auto_upload_account_type=null, sync_on_battery=1, sync_picasa_on_wifi_only=1, auto_upload_enabled=0, video_upload_wifi_only=1, sync_on_roaming=0, auto_upload_account_name=null}
04-08 17:43:48.088 32263 32265 D dalvikvm: GC_CONCURRENT freed 425K, 12% free 10083K/11335K, paused 22ms+4ms
04-08 17:43:48.205   267   270 D dalvikvm: GC_CONCURRENT freed 431K, 7% free 10905K/11655K, paused 3ms+3ms
04-08 17:43:49.572   545   548 D dalvikvm: GC_CONCURRENT freed 490K, 10% free 9772K/10759K, paused 2ms+7ms
04-08 17:43:49.619   545 25717 W Gmail   : Successful index run, cancel next scheduled index run
04-08 17:44:00.607  5339  5352 I PhoneLab-: Service Running
04-08 17:44:00.662  5339  5352 I PhoneLab-LoggerService: app_34    1586  1     2292   1856  c00f1758 400a0794 S logcat
04-08 17:44:00.662  5339  5352 I PhoneLab-LoggerService: Logcat pid from database 1586
04-08 17:44:00.662  5339  5352 I PhoneLab-LoggerService: Logcat process found 1586
04-08 17:44:00.662  5339  5352 I PhoneLab-LoggerService: Checking Threshold
04-08 17:44:00.662  5339  5352 I PhoneLab-LoggerService: Starting to rename files
04-08 17:44:00.662  5339  5352 I PhoneLab-LoggerService: Files found .. 25
04-08 17:46:00.607  5339  5352 I PhoneLab-: Service Running
04-08 17:46:00.670  5339  5352 I PhoneLab-LoggerService: app_34    1586  1     2292   1856  c00f1758 400a0794 S logcat
04-08 17:46:00.670  5339  5352 I PhoneLab-LoggerService: Logcat pid from database 1586
04-08 17:46:00.670  5339  5352 I PhoneLab-LoggerService: Logcat process found 1586
04-08 17:46:00.670  5339  5352 I PhoneLab-LoggerService: Checking Threshold
04-08 17:46:00.674  5339  5352 I PhoneLab-LoggerService: Starting to rename files
04-08 17:46:00.674  5339  5352 I PhoneLab-LoggerService: Files found .. 25
04-08 17:46:37.752   486   539 E SwypeConnect: IOException trying to get response codenull
04-08 17:47:07.330  5339  5339 I PhoneLab-Locks: wake lock acquired
04-08 17:47:07.345  5339  5339 I PhoneLab-StatusMonitor: Status Monitoring is started
04-08 17:47:07.404  5339  5342 D dalvikvm: GC_CONCURRENT freed 471K, 18% free 9245K/11271K, paused 2ms+5ms
04-08 17:47:07.416  5339  5339 I PhoneLab-StatusMonitor: Value: 5 - unit: min
04-08 17:47:07.416  5339  5339 I PhoneLab-StatusMonitor: Running interval: 300000
04-08 17:47:07.427  5339  5339 I PhoneLab-StatusMonitor: Rescheduling status monitoring...
04-08 17:47:07.427  5339  5339 I PhoneLab-Locks: wake lock released
04-08 17:47:07.431  5339  5339 I PhoneLab-StatusMonitorLocation: Learning Location
04-08 17:47:07.431  5339  5339 I PhoneLab-Locks: wake lock acquired
04-08 17:47:07.431  5339  5339 I PhoneLab-Locks: wake lock acquired
04-08 17:47:07.435  5339  5339 I PhoneLab-StatusMonitorLocation: Learning Signal Strgth
04-08 17:47:07.435  5339  5339 I PhoneLab-Locks: wake lock acquired
04-08 17:47:07.443  5339  5339 I PhoneLab-StatusMonitorBattery: Battery_level: 96
04-08 17:47:07.443  5339  5339 I PhoneLab-Locks: wake lock released
04-08 17:47:07.443  5339  5339 I PhoneLab-StatusMonitorSignal: Signal_Strength: -86 asu: 14
04-08 17:47:07.443  5339  5339 I PhoneLab-Locks: wake lock released
04-08 17:47:10.756 15852 15873 I InvalidationClientImpl: [chromesync#steven.y.ko@gmail.com] Sending heartbeat to server: com.google.ipc.invalidation.ticl.InvalidationClientImpl$1@413b0330
04-08 17:47:10.763 15852 15873 I InvalidationClientImpl: [chromesync#steven.y.ko@gmail.com] Sending info message to server
04-08 17:47:11.209 15852 15874 D AndroidChannel: Delivering outbound message:161 bytes
04-08 17:47:12.830 15852 15853 D dalvikvm: GC_CONCURRENT freed 369K, 7% free 9929K/10631K, paused 2ms+4ms
04-08 17:48:00.607  5339  5352 I PhoneLab-: Service Running
04-08 17:48:00.662  5339  5352 I PhoneLab-LoggerService: app_34    1586  1     2292   1856  c00f1758 400a0794 S logcat
04-08 17:48:00.662  5339  5352 I PhoneLab-LoggerService: Logcat pid from database 1586
04-08 17:48:00.662  5339  5352 I PhoneLab-LoggerService: Logcat process found 1586
04-08 17:48:00.662  5339  5352 I PhoneLab-LoggerService: Checking Threshold
04-08 17:48:00.662  5339  5352 I PhoneLab-LoggerService: Starting to rename files
04-08 17:48:00.662  5339  5352 I PhoneLab-LoggerService: Files found .. 25
04-08 17:50:00.607  5339  5352 I PhoneLab-: Service Running
04-08 17:50:00.662  5339  5352 I PhoneLab-LoggerService: app_34    1586  1     2292   1856  c00f1758 400a0794 S logcat
04-08 17:50:00.662  5339  5352 I PhoneLab-LoggerService: Logcat pid from database 1586
04-08 17:50:00.662  5339  5352 I PhoneLab-LoggerService: Logcat process found 1586
04-08 17:50:00.662  5339  5352 I PhoneLab-LoggerService: Checking Threshold
04-08 17:50:00.662  5339  5352 I PhoneLab-LoggerService: Starting to rename files
04-08 17:50:00.662  5339  5352 I PhoneLab-LoggerService: Files found .. 25
04-08 17:50:00.701  5339  5342 D dalvikvm: GC_CONCURRENT freed 440K, 19% free 9189K/11271K, paused 5ms+5ms
04-08 17:51:40.447   486   488 D dalvikvm: GC_CONCURRENT freed 369K, 7% free 9864K/10503K, paused 5ms+4ms
04-08 17:51:43.443   486   488 D dalvikvm: GC_CONCURRENT freed 395K, 7% free 9860K/10503K, paused 1ms+2ms
04-08 17:52:00.607  5339  5352 I PhoneLab-: Service Running
04-08 17:52:00.689  5339  5352 I PhoneLab-LoggerService: app_34    1586  1     2292   1856  c00f1758 400a0794 S logcat
04-08 17:52:00.689  5339  5352 I PhoneLab-LoggerService: Logcat pid from database 1586
04-08 17:52:00.689  5339  5352 I PhoneLab-LoggerService: Logcat process found 1586
04-08 17:52:00.689  5339  5352 I PhoneLab-LoggerService: Checking Threshold
04-08 17:52:00.689  5339  5352 I PhoneLab-LoggerService: Starting to rename files
04-08 17:52:00.689  5339  5352 I PhoneLab-LoggerService: Files found .. 25
04-08 17:52:07.451  5339  5339 I PhoneLab-Locks: wake lock acquired
04-08 17:52:07.466  5339  5339 I PhoneLab-StatusMonitor: Status Monitoring is started
04-08 17:52:07.513  5339  5342 D dalvikvm: GC_CONCURRENT freed 413K, 18% free 9271K/11271K, paused 2ms+2ms
04-08 17:52:07.517  5339  5339 I PhoneLab-StatusMonitor: Value: 5 - unit: min
04-08 17:52:07.517  5339  5339 I PhoneLab-StatusMonitor: Running interval: 300000
04-08 17:52:07.525  5339  5339 I PhoneLab-StatusMonitor: Rescheduling status monitoring...
04-08 17:52:07.525  5339  5339 I PhoneLab-Locks: wake lock released
04-08 17:52:07.533  5339  5339 I PhoneLab-StatusMonitorLocation: Learning Location
04-08 17:52:07.533  5339  5339 I PhoneLab-Locks: wake lock acquired
04-08 17:52:07.537  5339  5339 I PhoneLab-Locks: wake lock acquired
04-08 17:52:07.541  5339  5339 I PhoneLab-StatusMonitorLocation: Learning Signal Strgth
04-08 17:52:07.541  5339  5339 I PhoneLab-Locks: wake lock acquired
04-08 17:52:07.545  5339  5339 I PhoneLab-StatusMonitorBattery: Battery_level: 96
04-08 17:52:07.549  5339  5339 I PhoneLab-Locks: wake lock released
04-08 17:52:07.549  5339  5339 I PhoneLab-StatusMonitorSignal: Signal_Strength: -86 asu: 14
04-08 17:52:07.549  5339  5339 I PhoneLab-Locks: wake lock released
04-08 17:54:00.607  5339  5352 I PhoneLab-: Service Running
04-08 17:54:00.677  5339  5352 I PhoneLab-LoggerService: app_34    1586  1     2292   1856  c00f1758 400a0794 S logcat
04-08 17:54:00.677  5339  5352 I PhoneLab-LoggerService: Logcat pid from database 1586
04-08 17:54:00.677  5339  5352 I PhoneLab-LoggerService: Logcat process found 1586
04-08 17:54:00.677  5339  5352 I PhoneLab-LoggerService: Checking Threshold
04-08 17:54:00.681  5339  5352 I PhoneLab-LoggerService: Starting to rename files
04-08 17:54:00.681  5339  5352 I PhoneLab-LoggerService: Files found .. 25
04-08 17:56:00.607  5339  5352 I PhoneLab-: Service Running
04-08 17:56:00.670  5339  5352 I PhoneLab-LoggerService: app_34    1586  1     2292   1856  c00f1758 400a0794 S logcat
04-08 17:56:00.670  5339  5352 I PhoneLab-LoggerService: Logcat pid from database 1586
04-08 17:56:00.670  5339  5352 I PhoneLab-LoggerService: Logcat process found 1586
04-08 17:56:00.670  5339  5352 I PhoneLab-LoggerService: Checking Threshold
04-08 17:56:00.674  5339  5352 I PhoneLab-LoggerService: Starting to rename files
04-08 17:56:00.674  5339  5352 I PhoneLab-LoggerService: Files found .. 25
04-08 17:57:07.549  5339  5339 I PhoneLab-Locks: wake lock acquired
04-08 17:57:07.564  5339  5339 I PhoneLab-StatusMonitor: Status Monitoring is started
04-08 17:57:07.603  5339  5342 D dalvikvm: GC_CONCURRENT freed 535K, 18% free 9248K/11271K, paused 2ms+2ms
04-08 17:57:07.623  5339  5339 I PhoneLab-StatusMonitor: Value: 5 - unit: min
04-08 17:57:07.623  5339  5339 I PhoneLab-StatusMonitor: Running interval: 300000
04-08 17:57:07.627  5339  5339 I PhoneLab-StatusMonitor: Rescheduling status monitoring...
04-08 17:57:07.631  5339  5339 I PhoneLab-Locks: wake lock released
04-08 17:57:07.631  5339  5339 I PhoneLab-StatusMonitorLocation: Learning Location
04-08 17:57:07.631  5339  5339 I PhoneLab-Locks: wake lock acquired
04-08 17:57:07.634  5339  5339 I PhoneLab-Locks: wake lock acquired
04-08 17:57:07.638  5339  5339 I PhoneLab-StatusMonitorLocation: Learning Signal Strgth
04-08 17:57:07.638  5339  5339 I PhoneLab-Locks: wake lock acquired
04-08 17:57:07.642  5339  5339 I PhoneLab-StatusMonitorBattery: Battery_level: 96
04-08 17:57:07.642  5339  5339 I PhoneLab-Locks: wake lock released
04-08 17:57:07.646  5339  5339 I PhoneLab-StatusMonitorSignal: Signal_Strength: -86 asu: 14
04-08 17:57:07.646  5339  5339 I PhoneLab-Locks: wake lock released
04-08 17:58:00.607  5339  5352 I PhoneLab-: Service Running
04-08 17:58:00.662  5339  5352 I PhoneLab-LoggerService: app_34    1586  1     2292   1856  c00f1758 400a0794 S logcat
04-08 17:58:00.662  5339  5352 I PhoneLab-LoggerService: Logcat pid from database 1586
04-08 17:58:00.662  5339  5352 I PhoneLab-LoggerService: Logcat process found 1586
04-08 17:58:00.662  5339  5352 I PhoneLab-LoggerService: Checking Threshold
04-08 17:58:00.662  5339  5352 I PhoneLab-LoggerService: Starting to rename files
04-08 17:58:00.662  5339  5352 I PhoneLab-LoggerService: Files found .. 25
04-08 17:58:50.330  5339  5339 I PhoneLab-Locks: wake lock acquired
04-08 17:58:50.357  5339 25780 I PhoneLab-PeriodicCheckService: User info is synched
04-08 17:58:50.361  5339 25780 I PhoneLab-PeriodicCheckService: Logger Service is running
04-08 17:58:50.361  5339 25780 I PhoneLab-Locks: wake lock acquired
04-08 17:58:50.365  5339  5339 I PhoneLab-UploadLogs: OnStartCommand
04-08 17:58:50.365  5339 25780 I PhoneLab-PeriodicCheckService: Rescheduling periodic checking...
04-08 17:58:50.365  5339 25780 I PhoneLab-Locks: wake lock released
04-08 17:59:51.119   545 25782 I Gmail   : MainSyncRequestProto: lowestBkwdConvoId: 0, highestHandledServerOp: 2418017, normalSync: true
04-08 17:59:53.123   545   548 D dalvikvm: GC_CONCURRENT freed 398K, 10% free 9779K/10759K, paused 1ms+5ms
04-08 17:59:53.213   545 25782 D dalvikvm: GC_EXPLICIT freed 131K, 10% free 9745K/10759K, paused 1ms+2ms
04-08 17:59:53.220   545 25782 I Gmail   : MainSyncRequestProto: lowestBkwdConvoId: 0, highestHandledServerOp: 2418053, normalSync: true
04-08 17:59:54.029   545 25782 D dalvikvm: GC_EXPLICIT freed 143K, 10% free 9768K/10759K, paused 2ms+3ms
04-08 17:59:54.037   545 25782 I Gmail   : MainSyncRequestProto: lowestBkwdConvoId: 0, highestHandledServerOp: 2418054, normalSync: true
04-08 17:59:54.045   545 25782 W Gmail   : Scheduling index for 300000 ms from now
04-08 17:59:54.068   545 25782 I Gmail   : Sending notification intent: Intent { act=android.intent.action.PROVIDER_CHANGED dat=content://gmail-ls/unread/^i (has extras) }
04-08 18:00:00.607  5339  5352 I PhoneLab-: Service Running
04-08 18:00:00.697  5339  5342 D dalvikvm: GC_CONCURRENT freed 431K, 19% free 9229K/11271K, paused 2ms+3ms
04-08 18:00:00.701  5339  5352 I PhoneLab-LoggerService: app_34    1586  1     2292   1856  c00f1758 400a0794 S logcat
04-08 18:00:00.701  5339  5352 I PhoneLab-LoggerService: Logcat pid from database 1586
04-08 18:00:00.701  5339  5352 I PhoneLab-LoggerService: Logcat process found 1586
04-08 18:00:00.701  5339  5352 I PhoneLab-LoggerService: Checking Threshold
04-08 18:00:00.701  5339  5352 I PhoneLab-LoggerService: Starting to rename files
04-08 18:00:00.709  5339  5352 I PhoneLab-LoggerService: Files found .. 25
04-08 18:00:01.228   145   147 D dalvikvm: GC_CONCURRENT freed 1574K, 15% free 16140K/18951K, paused 4ms+7ms
04-08 18:00:08.674   267  1075 I EventLogService: Aggregate from 1333920608578 (log), 1333920608578 (data)
04-08 18:02:00.607  5339  5352 I PhoneLab-: Service Running
04-08 18:02:00.670  5339  5352 I PhoneLab-LoggerService: app_34    1586  1     2292   1856  c00f1758 400a0794 S logcat
04-08 18:02:00.670  5339  5352 I PhoneLab-LoggerService: Logcat pid from database 1586
04-08 18:02:00.670  5339  5352 I PhoneLab-LoggerService: Logcat process found 1586
04-08 18:02:00.670  5339  5352 I PhoneLab-LoggerService: Checking Threshold
04-08 18:02:00.674  5339  5352 I PhoneLab-LoggerService: Starting to rename files
04-08 18:02:00.674  5339  5352 I PhoneLab-LoggerService: Files found .. 25
04-08 18:02:07.650  5339  5339 I PhoneLab-Locks: wake lock acquired
04-08 18:02:07.674  5339  5339 I PhoneLab-StatusMonitor: Status Monitoring is started
04-08 18:02:07.748  5339  5342 D dalvikvm: GC_CONCURRENT freed 447K, 18% free 9285K/11271K, paused 2ms+4ms
04-08 18:02:07.763  5339  5339 I PhoneLab-StatusMonitor: Value: 5 - unit: min
04-08 18:02:07.763  5339  5339 I PhoneLab-StatusMonitor: Running interval: 300000
04-08 18:02:07.775  5339  5339 I PhoneLab-StatusMonitor: Rescheduling status monitoring...
04-08 18:02:07.775  5339  5339 I PhoneLab-Locks: wake lock released
04-08 18:02:07.779  5339  5339 I PhoneLab-StatusMonitorLocation: Learning Location
04-08 18:02:07.779  5339  5339 I PhoneLab-Locks: wake lock acquired
04-08 18:02:07.779  5339  5339 I PhoneLab-Locks: wake lock acquired
04-08 18:02:07.783  5339  5339 I PhoneLab-StatusMonitorLocation: Learning Signal Strgth
04-08 18:02:07.783  5339  5339 I PhoneLab-Locks: wake lock acquired
04-08 18:02:07.791  5339  5339 I PhoneLab-StatusMonitorBattery: Battery_level: 96
04-08 18:02:07.791  5339  5339 I PhoneLab-Locks: wake lock released
04-08 18:02:07.791  5339  5339 I PhoneLab-StatusMonitorSignal: Signal_Strength: -86 asu: 14
04-08 18:02:07.791  5339  5339 I PhoneLab-Locks: wake lock released
04-08 18:04:00.607  5339  5352 I PhoneLab-: Service Running
04-08 18:04:00.662  5339  5352 I PhoneLab-LoggerService: app_34    1586  1     2292   1856  c00f1758 400a0794 S logcat
04-08 18:04:00.662  5339  5352 I PhoneLab-LoggerService: Logcat pid from database 1586
04-08 18:04:00.662  5339  5352 I PhoneLab-LoggerService: Logcat process found 1586
04-08 18:04:00.662  5339  5352 I PhoneLab-LoggerService: Checking Threshold
04-08 18:04:00.662  5339  5352 I PhoneLab-LoggerService: Starting to rename files
04-08 18:04:00.662  5339  5352 I PhoneLab-LoggerService: Files found .. 25
04-08 18:04:34.267 15852 15873 I InvalidationClientImpl: [chromesync#steven.y.ko@gmail.com] Sending heartbeat to server: com.google.ipc.invalidation.ticl.InvalidationClientImpl$1@413b0330
04-08 18:04:34.275 15852 15873 I InvalidationClientImpl: [chromesync#steven.y.ko@gmail.com] Sending info message to server
04-08 18:04:34.709 15852 15874 D AndroidChannel: Delivering outbound message:161 bytes
04-08 18:05:01.271   215   217 D dalvikvm: GC_CONCURRENT freed 492K, 47% free 9916K/18375K, paused 1ms+3ms
04-08 18:06:00.607  5339  5352 I PhoneLab-: Service Running
04-08 18:06:00.670  5339  5352 I PhoneLab-LoggerService: app_34    1586  1     2292   1856  c00f1758 400a0794 S logcat
04-08 18:06:00.670  5339  5352 I PhoneLab-LoggerService: Logcat pid from database 1586
04-08 18:06:00.670  5339  5352 I PhoneLab-LoggerService: Logcat process found 1586
04-08 18:06:00.670  5339  5352 I PhoneLab-LoggerService: Checking Threshold
04-08 18:06:00.674  5339  5352 I PhoneLab-LoggerService: Starting to rename files
04-08 18:06:00.674  5339  5352 I PhoneLab-LoggerService: Files found .. 25
04-08 18:07:07.795  5339  5339 I PhoneLab-Locks: wake lock acquired
04-08 18:07:07.822  5339  5339 I PhoneLab-StatusMonitor: Status Monitoring is started
04-08 18:07:07.873  5339  5342 D dalvikvm: GC_CONCURRENT freed 554K, 18% free 9243K/11271K, paused 2ms+5ms
04-08 18:07:07.892  5339  5339 I PhoneLab-StatusMonitor: Value: 5 - unit: min
04-08 18:07:07.892  5339  5339 I PhoneLab-StatusMonitor: Running interval: 300000
04-08 18:07:07.900  5339  5339 I PhoneLab-StatusMonitor: Rescheduling status monitoring...
04-08 18:07:07.900  5339  5339 I PhoneLab-Locks: wake lock released
04-08 18:07:07.904  5339  5339 I PhoneLab-StatusMonitorLocation: Learning Location
04-08 18:07:07.904  5339  5339 I PhoneLab-Locks: wake lock acquired
04-08 18:07:07.904  5339  5339 I PhoneLab-Locks: wake lock acquired
04-08 18:07:07.908  5339  5339 I PhoneLab-StatusMonitorLocation: Learning Signal Strgth
04-08 18:07:07.908  5339  5339 I PhoneLab-Locks: wake lock acquired
04-08 18:07:07.912  5339  5339 I PhoneLab-StatusMonitorBattery: Battery_level: 95
04-08 18:07:07.912  5339  5339 I PhoneLab-Locks: wake lock released
04-08 18:07:07.916  5339  5339 I PhoneLab-StatusMonitorSignal: Signal_Strength: -86 asu: 14
04-08 18:07:07.916  5339  5339 I PhoneLab-Locks: wake lock released
04-08 18:08:00.607  5339  5352 I PhoneLab-: Service Running
04-08 18:08:00.662  5339  5352 I PhoneLab-LoggerService: app_34    1586  1     2292   1856  c00f1758 400a0794 S logcat
04-08 18:08:00.662  5339  5352 I PhoneLab-LoggerService: Logcat pid from database 1586
04-08 18:08:00.662  5339  5352 I PhoneLab-LoggerService: Logcat process found 1586
04-08 18:08:00.662  5339  5352 I PhoneLab-LoggerService: Checking Threshold
04-08 18:08:00.662  5339  5352 I PhoneLab-LoggerService: Starting to rename files
04-08 18:08:00.681  5339  5352 I PhoneLab-LoggerService: Files found .. 25
04-08 18:08:00.693  5339  5342 D dalvikvm: GC_CONCURRENT freed 435K, 19% free 9194K/11271K, paused 1ms+2ms
04-08 18:09:48.533   292   292 I wpa_supplicant: wlan0: WPA: Group rekeying completed with d0:c2:82:2d:e4:b1 [GTK=TKIP]
04-08 18:10:00.607  5339  5352 I PhoneLab-: Service Running
04-08 18:10:00.662  5339  5352 I PhoneLab-LoggerService: app_34    1586  1     2292   1856  c00f1758 400a0794 S logcat
04-08 18:10:00.662  5339  5352 I PhoneLab-LoggerService: Logcat pid from database 1586
04-08 18:10:00.662  5339  5352 I PhoneLab-LoggerService: Logcat process found 1586
04-08 18:10:00.662  5339  5352 I PhoneLab-LoggerService: Checking Threshold
04-08 18:10:00.662  5339  5352 I PhoneLab-LoggerService: Starting to rename files
04-08 18:10:00.662  5339  5352 I PhoneLab-LoggerService: Files found .. 25
04-08 18:12:00.607  5339  5352 I PhoneLab-: Service Running
04-08 18:12:00.670  5339  5352 I PhoneLab-LoggerService: app_34    1586  1     2292   1856  c00f1758 400a0794 S logcat
04-08 18:12:00.670  5339  5352 I PhoneLab-LoggerService: Logcat pid from database 1586
04-08 18:12:00.670  5339  5352 I PhoneLab-LoggerService: Logcat process found 1586
04-08 18:12:00.670  5339  5352 I PhoneLab-LoggerService: Checking Threshold
04-08 18:12:00.674  5339  5352 I PhoneLab-LoggerService: Starting to rename files
04-08 18:12:00.674  5339  5352 I PhoneLab-LoggerService: Files found .. 25
04-08 18:12:07.920  5339  5339 I PhoneLab-Locks: wake lock acquired
04-08 18:12:07.931  5339  5339 I PhoneLab-StatusMonitor: Status Monitoring is started
04-08 18:12:08.002  5339  5342 D dalvikvm: GC_CONCURRENT freed 423K, 18% free 9283K/11271K, paused 1ms+4ms
04-08 18:12:08.025  5339  5339 I PhoneLab-StatusMonitor: Value: 5 - unit: min
04-08 18:12:08.025  5339  5339 I PhoneLab-StatusMonitor: Running interval: 300000
04-08 18:12:08.033  5339  5339 I PhoneLab-StatusMonitor: Rescheduling status monitoring...
04-08 18:12:08.033  5339  5339 I PhoneLab-Locks: wake lock released
04-08 18:12:08.037  5339  5339 I PhoneLab-StatusMonitorLocation: Learning Location
04-08 18:12:08.037  5339  5339 I PhoneLab-Locks: wake lock acquired
04-08 18:12:08.041  5339  5339 I PhoneLab-Locks: wake lock acquired
04-08 18:12:08.041  5339  5339 I PhoneLab-StatusMonitorLocation: Learning Signal Strgth
04-08 18:12:08.041  5339  5339 I PhoneLab-Locks: wake lock acquired
04-08 18:12:08.049  5339  5339 I PhoneLab-StatusMonitorBattery: Battery_level: 95
04-08 18:12:08.049  5339  5339 I PhoneLab-Locks: wake lock released
04-08 18:12:08.049  5339  5339 I PhoneLab-StatusMonitorSignal: Signal_Strength: -86 asu: 14
04-08 18:12:08.049  5339  5339 I PhoneLab-Locks: wake lock released
04-08 18:13:48.220   545 25882 W Gmail   : Successful index run, cancel next scheduled index run
04-08 18:14:00.607  5339  5352 I PhoneLab-: Service Running
04-08 18:14:00.685  5339  5352 I PhoneLab-LoggerService: app_34    1586  1     2292   1856  c00f1758 400a0794 S logcat
04-08 18:14:00.685  5339  5352 I PhoneLab-LoggerService: Logcat pid from database 1586
04-08 18:14:00.685  5339  5352 I PhoneLab-LoggerService: Logcat process found 1586
04-08 18:14:00.685  5339  5352 I PhoneLab-LoggerService: Checking Threshold
04-08 18:14:00.689  5339  5352 I PhoneLab-LoggerService: Starting to rename files
04-08 18:14:00.689  5339  5352 I PhoneLab-LoggerService: Files found .. 25
04-08 18:16:00.607  5339  5352 I PhoneLab-: Service Running
04-08 18:16:00.697  5339  5352 I PhoneLab-LoggerService: app_34    1586  1     2292   1856  c00f1758 400a0794 S logcat
04-08 18:16:00.697  5339  5352 I PhoneLab-LoggerService: Logcat pid from database 1586
04-08 18:16:00.697  5339  5352 I PhoneLab-LoggerService: Logcat process found 1586
04-08 18:16:00.697  5339  5352 I PhoneLab-LoggerService: Checking Threshold
04-08 18:16:00.701  5339  5352 I PhoneLab-LoggerService: Starting to rename files
04-08 18:16:00.701  5339  5352 I PhoneLab-LoggerService: Files found .. 25
04-08 18:17:08.056  5339  5339 I PhoneLab-Locks: wake lock acquired
04-08 18:17:08.068  5339  5339 I PhoneLab-StatusMonitor: Status Monitoring is started
04-08 18:17:08.115  5339  5342 D dalvikvm: GC_CONCURRENT freed 546K, 18% free 9248K/11271K, paused 2ms+4ms
04-08 18:17:08.138  5339  5339 I PhoneLab-StatusMonitor: Value: 5 - unit: min
04-08 18:17:08.138  5339  5339 I PhoneLab-StatusMonitor: Running interval: 300000
04-08 18:17:08.146  5339  5339 I PhoneLab-StatusMonitor: Rescheduling status monitoring...
04-08 18:17:08.146  5339  5339 I PhoneLab-Locks: wake lock released
04-08 18:17:08.150  5339  5339 I PhoneLab-StatusMonitorLocation: Learning Location
04-08 18:17:08.150  5339  5339 I PhoneLab-Locks: wake lock acquired
04-08 18:17:08.154  5339  5339 I PhoneLab-Locks: wake lock acquired
04-08 18:17:08.154  5339  5339 I PhoneLab-StatusMonitorLocation: Learning Signal Strgth
04-08 18:17:08.154  5339  5339 I PhoneLab-Locks: wake lock acquired
04-08 18:17:08.162  5339  5339 I PhoneLab-StatusMonitorBattery: Battery_level: 95
04-08 18:17:08.162  5339  5339 I PhoneLab-Locks: wake lock released
04-08 18:17:08.162  5339  5339 I PhoneLab-StatusMonitorSignal: Signal_Strength: -86 asu: 14
04-08 18:17:08.162  5339  5339 I PhoneLab-Locks: wake lock released
04-08 18:18:00.607  5339  5352 I PhoneLab-: Service Running
04-08 18:18:00.670  5339  5352 I PhoneLab-LoggerService: app_34    1586  1     2292   1856  c00f1758 400a0794 S logcat
04-08 18:18:00.670  5339  5352 I PhoneLab-LoggerService: Logcat pid from database 1586
04-08 18:18:00.670  5339  5352 I PhoneLab-LoggerService: Logcat process found 1586
04-08 18:18:00.670  5339  5352 I PhoneLab-LoggerService: Checking Threshold
04-08 18:18:00.670  5339  5352 I PhoneLab-LoggerService: Starting to rename files
04-08 18:18:00.674  5339  5352 I PhoneLab-LoggerService: Files found .. 25
04-08 18:18:00.681  5339  5342 D dalvikvm: GC_CONCURRENT freed 444K, 19% free 9221K/11271K, paused 1ms+2ms
04-08 18:18:55.951   145   161 V BackupManagerService: Running a backup pass
04-08 18:18:55.966   145   214 V BackupManagerService: Backup requested but nothing pending
04-08 18:20:00.607  5339  5352 I PhoneLab-: Service Running
04-08 18:20:00.662  5339  5352 I PhoneLab-LoggerService: app_34    1586  1     2292   1856  c00f1758 400a0794 S logcat
04-08 18:20:00.662  5339  5352 I PhoneLab-LoggerService: Logcat pid from database 1586
04-08 18:20:00.662  5339  5352 I PhoneLab-LoggerService: Logcat process found 1586
04-08 18:20:00.662  5339  5352 I PhoneLab-LoggerService: Checking Threshold
04-08 18:20:00.662  5339  5352 I PhoneLab-LoggerService: Starting to rename files
04-08 18:20:00.662  5339  5352 I PhoneLab-LoggerService: Files found .. 25
04-08 18:22:00.607  5339  5352 I PhoneLab-: Service Running
04-08 18:22:00.662  5339  5352 I PhoneLab-LoggerService: app_34    1586  1     2292   1856  c00f1758 400a0794 S logcat
04-08 18:22:00.662  5339  5352 I PhoneLab-LoggerService: Logcat pid from database 1586
04-08 18:22:00.662  5339  5352 I PhoneLab-LoggerService: Logcat process found 1586
04-08 18:22:00.662  5339  5352 I PhoneLab-LoggerService: Checking Threshold
04-08 18:22:00.662  5339  5352 I PhoneLab-LoggerService: Starting to rename files
04-08 18:22:00.662  5339  5352 I PhoneLab-LoggerService: Files found .. 25
04-08 18:22:08.150  5339  5339 I PhoneLab-Locks: wake lock acquired
04-08 18:22:08.154  5339  5339 I PhoneLab-StatusMonitor: Status Monitoring is started
04-08 18:22:08.209  5339  5342 D dalvikvm: GC_CONCURRENT freed 465K, 18% free 9267K/11271K, paused 2ms+2ms
04-08 18:22:08.216  5339  5339 I PhoneLab-StatusMonitor: Value: 5 - unit: min
04-08 18:22:08.216  5339  5339 I PhoneLab-StatusMonitor: Running interval: 300000
04-08 18:22:08.228  5339  5339 I PhoneLab-StatusMonitor: Rescheduling status monitoring...
04-08 18:22:08.232  5339  5339 I PhoneLab-Locks: wake lock released
04-08 18:22:08.232  5339  5339 I PhoneLab-StatusMonitorLocation: Learning Location
04-08 18:22:08.232  5339  5339 I PhoneLab-Locks: wake lock acquired
04-08 18:22:08.236  5339  5339 I PhoneLab-Locks: wake lock acquired
04-08 18:22:08.240  5339  5339 I PhoneLab-StatusMonitorLocation: Learning Signal Strgth
04-08 18:22:08.240  5339  5339 I PhoneLab-Locks: wake lock acquired
04-08 18:22:08.248  5339  5339 I PhoneLab-StatusMonitorBattery: Battery_level: 95
04-08 18:22:08.248  5339  5339 I PhoneLab-Locks: wake lock released
04-08 18:22:08.248  5339  5339 I PhoneLab-StatusMonitorSignal: Signal_Strength: -86 asu: 14
04-08 18:22:08.248  5339  5339 I PhoneLab-Locks: wake lock released
04-08 18:24:00.607  5339  5352 I PhoneLab-: Service Running
04-08 18:24:00.670  5339  5352 I PhoneLab-LoggerService: app_34    1586  1     2292   1856  c00f1758 400a0794 S logcat
04-08 18:24:00.670  5339  5352 I PhoneLab-LoggerService: Logcat pid from database 1586
04-08 18:24:00.670  5339  5352 I PhoneLab-LoggerService: Logcat process found 1586
04-08 18:24:00.670  5339  5352 I PhoneLab-LoggerService: Checking Threshold
04-08 18:24:00.674  5339  5352 I PhoneLab-LoggerService: Starting to rename files
04-08 18:24:00.674  5339  5352 I PhoneLab-LoggerService: Files found .. 25
04-08 18:25:00.181   145   147 D dalvikvm: GC_CONCURRENT freed 1660K, 15% free 16158K/18951K, paused 21ms+7ms
04-08 18:25:46.580 15852 15873 I InvalidationClientImpl: [chromesync#steven.y.ko@gmail.com] Sending heartbeat to server: com.google.ipc.invalidation.ticl.InvalidationClientImpl$1@413b0330
04-08 18:25:46.588 15852 15873 I InvalidationClientImpl: [chromesync#steven.y.ko@gmail.com] Sending info message to server
04-08 18:25:47.142 15852 15874 D AndroidChannel: Delivering outbound message:161 bytes
04-08 18:25:48.220 15852 15853 D dalvikvm: GC_CONCURRENT freed 393K, 7% free 9961K/10631K, paused 2ms+6ms
04-08 18:26:00.607  5339  5352 I PhoneLab-: Service Running
04-08 18:26:00.658  5339  5352 I PhoneLab-LoggerService: app_34    1586  1     2292   1856  c00f1758 400a0794 S logcat
04-08 18:26:00.658  5339  5352 I PhoneLab-LoggerService: Logcat pid from database 1586
04-08 18:26:00.658  5339  5352 I PhoneLab-LoggerService: Logcat process found 1586
04-08 18:26:00.658  5339  5352 I PhoneLab-LoggerService: Checking Threshold
04-08 18:26:00.658  5339  5352 I PhoneLab-LoggerService: Starting to rename files
04-08 18:26:00.662  5339  5352 I PhoneLab-LoggerService: Files found .. 25
04-08 18:27:08.252  5339  5339 I PhoneLab-Locks: wake lock acquired
04-08 18:27:08.259  5339  5339 I PhoneLab-StatusMonitor: Status Monitoring is started
04-08 18:27:08.330  5339  5342 D dalvikvm: GC_CONCURRENT freed 498K, 18% free 9280K/11271K, paused 2ms+5ms
04-08 18:27:08.357  5339  5339 I PhoneLab-StatusMonitor: Value: 5 - unit: min
04-08 18:27:08.357  5339  5339 I PhoneLab-StatusMonitor: Running interval: 300000
04-08 18:27:08.365  5339  5339 I PhoneLab-StatusMonitor: Rescheduling status monitoring...
04-08 18:27:08.365  5339  5339 I PhoneLab-Locks: wake lock released
04-08 18:27:08.365  5339  5339 I PhoneLab-StatusMonitorLocation: Learning Location
04-08 18:27:08.365  5339  5339 I PhoneLab-Locks: wake lock acquired
04-08 18:27:08.369  5339  5339 I PhoneLab-Locks: wake lock acquired
04-08 18:27:08.373  5339  5339 I PhoneLab-StatusMonitorLocation: Learning Signal Strgth
04-08 18:27:08.373  5339  5339 I PhoneLab-Locks: wake lock acquired
04-08 18:27:08.377  5339  5339 I PhoneLab-StatusMonitorBattery: Battery_level: 95
04-08 18:27:08.377  5339  5339 I PhoneLab-Locks: wake lock released
04-08 18:27:08.381  5339  5339 I PhoneLab-StatusMonitorSignal: Signal_Strength: -86 asu: 14
04-08 18:27:08.381  5339  5339 I PhoneLab-Locks: wake lock released
04-08 18:28:00.607  5339  5352 I PhoneLab-: Service Running
04-08 18:28:00.677  5339  5352 I PhoneLab-LoggerService: app_34    1586  1     2292   1856  c00f1758 400a0794 S logcat
04-08 18:28:00.677  5339  5352 I PhoneLab-LoggerService: Logcat pid from database 1586
04-08 18:28:00.677  5339  5352 I PhoneLab-LoggerService: Logcat process found 1586
04-08 18:28:00.677  5339  5352 I PhoneLab-LoggerService: Checking Threshold
04-08 18:28:00.677  5339  5352 I PhoneLab-LoggerService: Starting to rename files
04-08 18:28:00.681  5339  5352 I PhoneLab-LoggerService: Files found .. 25
04-08 18:28:00.693  5339  5342 D dalvikvm: GC_CONCURRENT freed 489K, 19% free 9208K/11271K, paused 2ms+2ms
04-08 18:28:50.396  5339  5339 I PhoneLab-Locks: wake lock acquired
04-08 18:28:50.404  5339 25943 I PhoneLab-PeriodicCheckService: User info is synched
04-08 18:28:50.412  5339 25943 I PhoneLab-PeriodicCheckService: Logger Service is running
04-08 18:28:50.416  5339 25943 I PhoneLab-Locks: wake lock acquired
04-08 18:28:50.416  5339  5339 I PhoneLab-UploadLogs: OnStartCommand
04-08 18:28:50.420  5339 25943 I PhoneLab-PeriodicCheckService: Rescheduling periodic checking...
04-08 18:28:50.420  5339 25943 I PhoneLab-Locks: wake lock released
04-08 18:30:00.607  5339  5352 I PhoneLab-: Service Running
04-08 18:30:00.670  5339  5352 I PhoneLab-LoggerService: app_34    1586  1     2292   1856  c00f1758 400a0794 S logcat
04-08 18:30:00.670  5339  5352 I PhoneLab-LoggerService: Logcat pid from database 1586
04-08 18:30:00.670  5339  5352 I PhoneLab-LoggerService: Logcat process found 1586
04-08 18:30:00.670  5339  5352 I PhoneLab-LoggerService: Checking Threshold
04-08 18:30:00.674  5339  5352 I PhoneLab-LoggerService: Starting to rename files
04-08 18:30:00.674  5339  5352 I PhoneLab-LoggerService: Files found .. 25
04-08 18:30:08.767   267   684 I EventLogService: Aggregate from 1333922408676 (log), 1333922408676 (data)
04-08 18:32:00.607  5339  5352 I PhoneLab-: Service Running
04-08 18:32:00.670  5339  5352 I PhoneLab-LoggerService: app_34    1586  1     2292   1856  c00f1758 400a0794 S logcat
04-08 18:32:00.670  5339  5352 I PhoneLab-LoggerService: Logcat pid from database 1586
04-08 18:32:00.670  5339  5352 I PhoneLab-LoggerService: Logcat process found 1586
04-08 18:32:00.670  5339  5352 I PhoneLab-LoggerService: Checking Threshold
04-08 18:32:00.674  5339  5352 I PhoneLab-LoggerService: Starting to rename files
04-08 18:32:00.674  5339  5352 I PhoneLab-LoggerService: Files found .. 25
04-08 18:32:08.384  5339  5339 I PhoneLab-Locks: wake lock acquired
04-08 18:32:08.408  5339  5339 I PhoneLab-StatusMonitor: Status Monitoring is started
04-08 18:32:08.451  5339  5342 D dalvikvm: GC_CONCURRENT freed 465K, 18% free 9254K/11271K, paused 2ms+2ms
04-08 18:32:08.463  5339  5339 I PhoneLab-StatusMonitor: Value: 5 - unit: min
04-08 18:32:08.463  5339  5339 I PhoneLab-StatusMonitor: Running interval: 300000
04-08 18:32:08.478  5339  5339 I PhoneLab-StatusMonitor: Rescheduling status monitoring...
04-08 18:32:08.478  5339  5339 I PhoneLab-Locks: wake lock released
04-08 18:32:08.478  5339  5339 I PhoneLab-StatusMonitorLocation: Learning Location
04-08 18:32:08.478  5339  5339 I PhoneLab-Locks: wake lock acquired
04-08 18:32:08.482  5339  5339 I PhoneLab-Locks: wake lock acquired
04-08 18:32:08.486  5339  5339 I PhoneLab-StatusMonitorLocation: Learning Signal Strgth
04-08 18:32:08.486  5339  5339 I PhoneLab-Locks: wake lock acquired
04-08 18:32:08.564   145   299 D dalvikvm: GC_EXPLICIT freed 666K, 16% free 16098K/18951K, paused 3ms+6ms
04-08 18:32:08.568  5339  5339 I PhoneLab-StatusMonitorBattery: Battery_level: 96
04-08 18:32:08.568  5339  5339 I PhoneLab-Locks: wake lock released
04-08 18:32:08.568  5339  5339 I PhoneLab-StatusMonitorSignal: Signal_Strength: -86 asu: 14
04-08 18:32:08.568  5339  5339 I PhoneLab-Locks: wake lock released
04-08 18:34:00.607  5339  5352 I PhoneLab-: Service Running
04-08 18:34:00.662  5339  5352 I PhoneLab-LoggerService: app_34    1586  1     2292   1856  c00f1758 400a0794 S logcat
