04-04 12:03:45.303   292   292 I wpa_supplicant: wlan0: CTRL-EVENT-EAP-PROPOSED-METHOD vendor=0 method=4 -> NAK
04-04 12:03:45.311   292   292 I wpa_supplicant: wlan0: CTRL-EVENT-EAP-PROPOSED-METHOD vendor=0 method=25
04-04 12:03:45.311   292   292 I wpa_supplicant: wlan0: CTRL-EVENT-EAP-METHOD EAP vendor 0 method 25 (PEAP) selected
04-04 12:03:45.323    75   114 D NetlinkEvent: Unexpected netlink message. type=0x30
04-04 12:03:45.354   292   292 I wpa_supplicant: EAP-TLV: TLV Result - Success - EAP-TLV/Phase2 Completed
04-04 12:04:00.604  5339  5352 I PhoneLab-: Service Running
04-04 12:04:00.674  5339  5352 I PhoneLab-LoggerService: app_34    1586  1     2292   1852  c00f1758 400a0794 S logcat
04-04 12:04:00.674  5339  5352 I PhoneLab-LoggerService: Logcat pid from database 1586
04-04 12:04:00.674  5339  5352 I PhoneLab-LoggerService: Logcat process found 1586
04-04 12:04:00.674  5339  5352 I PhoneLab-LoggerService: Checking Threshold
04-04 12:04:21.201   292   292 I wpa_supplicant: wlan0: CTRL-EVENT-EAP-STARTED EAP authentication started
04-04 12:04:21.205    75   114 D NetlinkEvent: Unexpected netlink message. type=0x30
04-04 12:04:21.213   292   292 I wpa_supplicant: wlan0: CTRL-EVENT-DISCONNECTED bssid=d0:c2:82:66:6b:f1 reason=0
04-04 12:04:22.494   292   292 I wpa_supplicant: wlan0: Trying to associate with d0:c2:82:2d:e4:b1 (SSID='UB_Secure' freq=2412 MHz)
04-04 12:04:22.655    75   114 D NetlinkEvent: Unexpected netlink message. type=0x30
04-04 12:04:22.670   292   292 I wpa_supplicant: wlan0: Associated with d0:c2:82:2d:e4:b1
04-04 12:04:22.670   292   292 I wpa_supplicant: wlan0: CTRL-EVENT-EAP-STARTED EAP authentication started
04-04 12:04:22.678   292   292 I wpa_supplicant: wlan0: CTRL-EVENT-EAP-PROPOSED-METHOD vendor=0 method=4 -> NAK
04-04 12:04:22.682   292   292 I wpa_supplicant: wlan0: CTRL-EVENT-EAP-PROPOSED-METHOD vendor=0 method=25
04-04 12:04:22.682   292   292 I wpa_supplicant: wlan0: CTRL-EVENT-EAP-METHOD EAP vendor 0 method 25 (PEAP) selected
04-04 12:04:22.694   292   292 I wpa_supplicant: EAP-TLV: TLV Result - Success - EAP-TLV/Phase2 Completed
04-04 12:04:40.553    75   114 D NetlinkEvent: Unexpected netlink message. type=0x30
04-04 12:04:40.561   292   292 I wpa_supplicant: wlan0: CTRL-EVENT-DISCONNECTED bssid=d0:c2:82:2d:e4:b1 reason=0
04-04 12:04:41.088  5339  5339 I PhoneLab-Locks: wake lock acquired
04-04 12:04:41.108  5339  5339 I PhoneLab-StatusMonitor: Status Monitoring is started
04-04 12:04:41.178  5339  5342 D dalvikvm: GC_CONCURRENT freed 460K, 18% free 9252K/11271K, paused 4ms+2ms
04-04 12:04:41.205  5339  5339 I PhoneLab-StatusMonitor: Value: 5 - unit: min
04-04 12:04:41.205  5339  5339 I PhoneLab-StatusMonitor: Running interval: 300000
04-04 12:04:41.229  5339  5339 I PhoneLab-StatusMonitor: Rescheduling status monitoring...
04-04 12:04:41.233  5339  5339 I PhoneLab-Locks: wake lock released
04-04 12:04:41.241  5339  5339 I PhoneLab-StatusMonitorLocation: Learning Location
04-04 12:04:41.241  5339  5339 I PhoneLab-Locks: wake lock acquired
04-04 12:04:41.244  5339  5339 I PhoneLab-Locks: wake lock acquired
04-04 12:04:41.248  5339  5339 I PhoneLab-StatusMonitorLocation: Learning Signal Strgth
04-04 12:04:41.248  5339  5339 I PhoneLab-Locks: wake lock acquired
04-04 12:04:41.252  5339  5339 I PhoneLab-StatusMonitorBattery: Battery_level: 84
04-04 12:04:41.252  5339  5339 I PhoneLab-Locks: wake lock released
04-04 12:04:41.252  5339  5339 I PhoneLab-StatusMonitorSignal: Signal_Strength: -96 asu: 9
04-04 12:04:41.252  5339  5339 I PhoneLab-Locks: wake lock released
04-04 12:04:41.846   292   292 I wpa_supplicant: wlan0: Trying to associate with d0:c2:82:66:6b:f1 (SSID='UB_Secure' freq=2462 MHz)
04-04 12:04:42.030   292   292 I wpa_supplicant: wlan0: Associated with d0:c2:82:66:6b:f1
04-04 12:04:42.030   292   292 I wpa_supplicant: wlan0: CTRL-EVENT-EAP-STARTED EAP authentication started
04-04 12:04:42.041    75   114 D NetlinkEvent: Unexpected netlink message. type=0x30
04-04 12:04:42.053   292   292 I wpa_supplicant: wlan0: CTRL-EVENT-EAP-PROPOSED-METHOD vendor=0 method=4 -> NAK
04-04 12:04:42.065   292   292 I wpa_supplicant: wlan0: CTRL-EVENT-EAP-PROPOSED-METHOD vendor=0 method=25
04-04 12:04:42.065   292   292 I wpa_supplicant: wlan0: CTRL-EVENT-EAP-METHOD EAP vendor 0 method 25 (PEAP) selected
04-04 12:04:42.084   292   292 I wpa_supplicant: EAP-TLV: TLV Result - Success - EAP-TLV/Phase2 Completed
04-04 12:05:17.998   292   292 I wpa_supplicant: wlan0: CTRL-EVENT-EAP-STARTED EAP authentication started
04-04 12:05:18.002    75   114 D NetlinkEvent: Unexpected netlink message. type=0x30
04-04 12:05:18.010   292   292 I wpa_supplicant: wlan0: CTRL-EVENT-DISCONNECTED bssid=d0:c2:82:66:6b:f1 reason=0
04-04 12:05:18.862 11367 11370 D dalvikvm: GC_CONCURRENT freed 403K, 5% free 9865K/10375K, paused 1ms+3ms
04-04 12:05:22.799  9950 11457 I Gmail   : MainSyncRequestProto: lowestBkwdConvoId: 0, highestHandledServerOp: 2405079, normalSync: true
04-04 12:05:23.479 11367 11454 D dalvikvm: GC_FOR_ALLOC freed 216K, 5% free 9952K/10439K, paused 40ms
04-04 12:05:24.057 11367 11454 D dalvikvm: GC_FOR_ALLOC freed 43K, 5% free 10064K/10567K, paused 33ms
04-04 12:05:24.080 11367 11454 D dalvikvm: GC_FOR_ALLOC freed <1K, 5% free 10208K/10695K, paused 20ms
04-04 12:05:24.100 11367 11454 D dalvikvm: GC_FOR_ALLOC freed 96K, 6% free 10160K/10759K, paused 18ms
04-04 12:05:24.104 11367 11454 I dalvikvm-heap: Grow heap (frag case) to 10.184MB for 196856-byte allocation
04-04 12:05:24.123 11367 11454 D dalvikvm: GC_FOR_ALLOC freed 0K, 7% free 10352K/11015K, paused 18ms
04-04 12:05:24.182  9950 11457 D dalvikvm: GC_EXPLICIT freed 159K, 14% free 11194K/12871K, paused 4ms+4ms
04-04 12:05:24.190  9950 11457 I Gmail   : MainSyncRequestProto: lowestBkwdConvoId: 0, highestHandledServerOp: 2405079, normalSync: true
04-04 12:05:24.201  9950 11457 W Gmail   : Scheduling index for 300000 ms from now
04-04 12:05:24.440 11367 11370 D dalvikvm: GC_CONCURRENT freed 427K, 7% free 10318K/11015K, paused 1ms+3ms
04-04 12:05:24.670 11367 11370 D dalvikvm: GC_CONCURRENT freed 230K, 5% free 10480K/11015K, paused 2ms+7ms
04-04 12:05:24.932 11367 11370 D dalvikvm: GC_CONCURRENT freed 349K, 5% free 10535K/11015K, paused 1ms+6ms
04-04 12:05:25.194 11367 11370 D dalvikvm: GC_CONCURRENT freed 371K, 5% free 10578K/11079K, paused 2ms+7ms
04-04 12:05:34.834   292   292 I wpa_supplicant: wlan0: Trying to associate with d0:c2:82:66:6b:f1 (SSID='UB_Secure' freq=2462 MHz)
04-04 12:05:34.866   292   292 I wpa_supplicant: wlan0: Associated with d0:c2:82:66:6b:f1
04-04 12:05:34.869   292   292 I wpa_supplicant: wlan0: CTRL-EVENT-EAP-STARTED EAP authentication started
04-04 12:05:34.893    75   114 D NetlinkEvent: Unexpected netlink message. type=0x30
04-04 12:05:35.323   292   292 I wpa_supplicant: wlan0: CTRL-EVENT-EAP-PROPOSED-METHOD vendor=0 method=4 -> NAK
04-04 12:05:35.326   292   292 I wpa_supplicant: wlan0: CTRL-EVENT-EAP-PROPOSED-METHOD vendor=0 method=25
04-04 12:05:35.326   292   292 I wpa_supplicant: wlan0: CTRL-EVENT-EAP-METHOD EAP vendor 0 method 25 (PEAP) selected
04-04 12:05:35.350   292   292 I wpa_supplicant: EAP-TLV: TLV Result - Success - EAP-TLV/Phase2 Completed
04-04 12:05:52.944   145   147 D dalvikvm: JIT code cache reset in 4 ms (1048564 bytes 10/0)
04-04 12:05:52.971   145   147 D dalvikvm: GC_CONCURRENT freed 1335K, 15% free 15557K/18247K, paused 20ms+13ms
04-04 12:06:00.604  5339  5352 I PhoneLab-: Service Running
04-04 12:06:00.694  5339  5352 I PhoneLab-LoggerService: app_34    1586  1     2292   1852  c00f1758 400a0794 S logcat
04-04 12:06:00.694  5339  5352 I PhoneLab-LoggerService: Logcat pid from database 1586
04-04 12:06:00.694  5339  5352 I PhoneLab-LoggerService: Logcat process found 1586
04-04 12:06:00.694  5339  5352 I PhoneLab-LoggerService: Checking Threshold
04-04 12:06:11.213   292   292 I wpa_supplicant: wlan0: CTRL-EVENT-EAP-STARTED EAP authentication started
04-04 12:06:11.213    75   114 D NetlinkEvent: Unexpected netlink message. type=0x30
04-04 12:06:11.221   292   292 I wpa_supplicant: wlan0: CTRL-EVENT-DISCONNECTED bssid=d0:c2:82:66:6b:f1 reason=0
04-04 12:06:12.510   292   292 I wpa_supplicant: wlan0: Trying to associate with d0:c2:82:66:6b:f1 (SSID='UB_Secure' freq=2462 MHz)
04-04 12:06:12.569   292   292 I wpa_supplicant: wlan0: Associated with d0:c2:82:66:6b:f1
04-04 12:06:12.569   292   292 I wpa_supplicant: wlan0: CTRL-EVENT-EAP-STARTED EAP authentication started
04-04 12:06:12.580   292   292 I wpa_supplicant: wlan0: CTRL-EVENT-EAP-PROPOSED-METHOD vendor=0 method=4 -> NAK
04-04 12:06:12.588   292   292 I wpa_supplicant: wlan0: CTRL-EVENT-EAP-PROPOSED-METHOD vendor=0 method=25
04-04 12:06:12.588   292   292 I wpa_supplicant: wlan0: CTRL-EVENT-EAP-METHOD EAP vendor 0 method 25 (PEAP) selected
04-04 12:06:12.600    75   114 D NetlinkEvent: Unexpected netlink message. type=0x30
04-04 12:06:12.635   292   292 I wpa_supplicant: EAP-TLV: TLV Result - Success - EAP-TLV/Phase2 Completed
04-04 12:06:48.612    75   114 D NetlinkEvent: Unexpected netlink message. type=0x30
04-04 12:06:48.616   292   292 I wpa_supplicant: wlan0: CTRL-EVENT-DISCONNECTED bssid=d0:c2:82:66:6b:f1 reason=0
04-04 12:06:49.893   292   292 I wpa_supplicant: wlan0: Trying to associate with d0:c2:82:66:6b:f1 (SSID='UB_Secure' freq=2462 MHz)
04-04 12:06:49.955   292   292 I wpa_supplicant: wlan0: Associated with d0:c2:82:66:6b:f1
04-04 12:06:49.955   292   292 I wpa_supplicant: wlan0: CTRL-EVENT-EAP-STARTED EAP authentication started
04-04 12:06:49.963   292   292 I wpa_supplicant: wlan0: CTRL-EVENT-EAP-PROPOSED-METHOD vendor=0 method=4 -> NAK
04-04 12:06:49.963   292   292 I wpa_supplicant: wlan0: CTRL-EVENT-EAP-PROPOSED-METHOD vendor=0 method=25
04-04 12:06:49.967   292   292 I wpa_supplicant: wlan0: CTRL-EVENT-EAP-METHOD EAP vendor 0 method 25 (PEAP) selected
04-04 12:06:49.979   292   292 I wpa_supplicant: EAP-TLV: TLV Result - Success - EAP-TLV/Phase2 Completed
04-04 12:06:49.994    75   114 D NetlinkEvent: Unexpected netlink message. type=0x30
04-04 12:07:25.815   292   292 I wpa_supplicant: wlan0: CTRL-EVENT-EAP-STARTED EAP authentication started
04-04 12:07:25.819    75   114 D NetlinkEvent: Unexpected netlink message. type=0x30
04-04 12:07:25.826   292   292 I wpa_supplicant: wlan0: CTRL-EVENT-DISCONNECTED bssid=d0:c2:82:66:6b:f1 reason=0
04-04 12:07:42.662   292   292 I wpa_supplicant: wlan0: Trying to associate with d0:c2:82:66:6b:f1 (SSID='UB_Secure' freq=2462 MHz)
04-04 12:07:42.686   292   292 I wpa_supplicant: wlan0: Associated with d0:c2:82:66:6b:f1
04-04 12:07:42.686   292   292 I wpa_supplicant: wlan0: CTRL-EVENT-EAP-STARTED EAP authentication started
04-04 12:07:42.690   292   292 I wpa_supplicant: wlan0: CTRL-EVENT-EAP-PROPOSED-METHOD vendor=0 method=4 -> NAK
04-04 12:07:42.698   292   292 I wpa_supplicant: wlan0: CTRL-EVENT-EAP-PROPOSED-METHOD vendor=0 method=25
04-04 12:07:42.698   292   292 I wpa_supplicant: wlan0: CTRL-EVENT-EAP-METHOD EAP vendor 0 method 25 (PEAP) selected
04-04 12:07:42.752    75   114 D NetlinkEvent: Unexpected netlink message. type=0x30
04-04 12:07:42.834   292   292 I wpa_supplicant: wlan0: CTRL-EVENT-EAP-PEER-CERT depth=2 subject='/C=US/O=Entrust.net/OU=www.entrust.net/CPS incorp. by ref. (limits liab.)/OU=(c) 1999 Entrust.net Limited/CN=Entrust.net Secure Server Certification Authority'
04-04 12:07:42.842   292   292 I wpa_supplicant: wlan0: CTRL-EVENT-EAP-PEER-CERT depth=2 subject='/C=US/O=Entrust.net/OU=www.entrust.net/CPS incorp. by ref. (limits liab.)/OU=(c) 1999 Entrust.net Limited/CN=Entrust.net Secure Server Certification Authority'
04-04 12:07:42.854   292   292 I wpa_supplicant: wlan0: CTRL-EVENT-EAP-PEER-CERT depth=1 subject='/C=US/ST=UT/L=Salt Lake City/O=The USERTRUST Network/CN=USERTrust Legacy Secure Server CA'
04-04 12:07:42.873   292   292 I wpa_supplicant: wlan0: CTRL-EVENT-EAP-PEER-CERT depth=0 subject='/C=US/postalCode=14260/ST=New York/L=Buffalo/street=305 Computing Center/O=SUNY AT BUFFALO/OU=Issued through UNIVERSITY AT BUFFALO E-PKI Manager/OU=Comodo PremiumSSL Legacy/CN=radius1.cit.buffalo.edu'
04-04 12:07:43.041   292   292 I wpa_supplicant: EAP-MSCHAPV2: Authentication succeeded
04-04 12:07:43.049   292   292 I wpa_supplicant: EAP-TLV: TLV Result - Success - EAP-TLV/Phase2 Completed
04-04 12:07:43.057   292   292 I wpa_supplicant: wlan0: CTRL-EVENT-EAP-SUCCESS EAP authentication completed successfully
04-04 12:07:43.116   292   292 I wpa_supplicant: wlan0: WPA: Key negotiation completed with d0:c2:82:66:6b:f1 [PTK=CCMP GTK=TKIP]
04-04 12:07:43.116   292   292 I wpa_supplicant: wlan0: CTRL-EVENT-CONNECTED - Connection to d0:c2:82:66:6b:f1 completed (reauth) [id=0 id_str=]
04-04 12:07:43.116    75   114 D NetlinkEvent: Unexpected netlink message. type=0xf
04-04 12:07:43.877   145   201 D ConnectivityService: ConnectivityChange for WIFI: CONNECTED/CONNECTED
04-04 12:07:43.877   145   201 D ConnectivityService: Policy requires mobile teardown
04-04 12:07:43.901  5339  5339 I PhoneLab-WiFiReceiver: WiFi is connected!
04-04 12:07:43.909  5339  5339 I PhoneLab-Locks: wake lock acquired
04-04 12:07:43.928  5339  5339 I PhoneLab-UploadLogs: Transfering log files now
04-04 12:07:43.928  5339  5339 I PhoneLab-UploadLogs: No log files to transfer
04-04 12:07:43.928  5339  5339 I PhoneLab-Locks: wake lock released
04-04 12:07:43.944  5339  5339 I PhoneLab-UploadLogs: OnStartCommand
04-04 12:07:43.951   145   201 D ConnectivityService: ConnectivityChange for mobile: DISCONNECTED/DISCONNECTED
04-04 12:07:43.963   145   201 D ConnectivityService: Attempting to switch to WIFI
04-04 12:07:43.963   145   201 D ConnectivityService: Attempting to switch to WIMAX
04-04 12:07:43.963   145   201 D ConnectivityService: Attempting to switch to BLUETOOTH_TETHER
04-04 12:07:43.975   145   201 D ConnectivityService: resetConnections(rmnet0, 3)
04-04 12:07:43.979   145   201 D NetUtils: android_net_utils_resetConnections in env=0x5eb358 clazz=0xfc00001 iface=rmnet0 mask=0x3
04-04 12:07:43.994   145   196 W NetworkStats: dropping UID delta from unknown iface: iface=wlan0 uid=0 set=DEFAULT tag=0x0 rxBytes=0 rxPackets=0 txBytes=140 txPackets=2 operations=0
04-04 12:07:44.002   267 11394 W Smack/Packet: notify conn break (IOEx), close connection
04-04 12:07:44.073   215   217 D dalvikvm: GC_CONCURRENT freed 430K, 44% free 10301K/18375K, paused 2ms+7ms
04-04 12:07:44.182   267 11394 I qtaguid : Failed write_ctrl(u 67) res=-1 errno=22
04-04 12:07:44.213   267 11394 I qtaguid : Untagging socket 67 failed errno=-22
04-04 12:07:44.213   267 11394 W NetworkManagementSocketTagger: untagSocket(67) failed with errno -22
04-04 12:07:44.260   145   201 D ConnectivityService: handleInetConditionChange: net=0 != default=1 - ignore
04-04 12:07:46.971   145   205 D Tethering: MasterInitialState.processMessage what=3
04-04 12:07:47.014   267   267 I GTalkService/c: [AndroidEndpoint@1094003040] connect: acct=1000001, state=CONNECTING
04-04 12:07:47.053   145   205 D Tethering: MasterInitialState.processMessage what=3
04-04 12:07:47.053   267   267 I GTalkService/c: [GTalkConnection@1094644192] connect: acct=1, state=CONNECTING
04-04 12:07:47.057   145   205 D Tethering: MasterInitialState.processMessage what=3
04-04 12:07:47.119   267   270 D dalvikvm: GC_CONCURRENT freed 492K, 7% free 10290K/11015K, paused 2ms+3ms
04-04 12:07:47.147 11351 11351 I MediaUploader: No need to wake up
04-04 12:07:47.186  5676  5691 D PicasaSyncManager: active network: NetworkInfo: type: WIFI[], state: CONNECTED/CONNECTED, reason: (unspecified), extra: (none), roaming: false, failover: false, isAvailable: true
04-04 12:07:47.186  5676  5691 D PicasaSyncManager: background data: true
04-04 12:07:47.237 11351 11351 I MediaUploader: No need to wake up
04-04 12:07:47.299 11351 11351 I MediaUploader: No need to wake up
04-04 12:07:47.358  5676  5691 D UploadsManager: collect new photo: MediaTracker:steven.y.ko@gmail.com,trackNew:photo-external,331:photo-phoneStorage,-1:video-external,202:video-phoneStorage,-1
04-04 12:07:47.366  5676  5691 D UploadsManager: collect new video: MediaTracker:steven.y.ko@gmail.com,trackNew:photo-external,331:photo-phoneStorage,-1:video-external,202:video-phoneStorage,-1
04-04 12:07:47.381  5676  5691 V PicasaContentProvider: querySettings: defaults: {sync_on_wifi_only=1, auto_upload_account_type=null, sync_on_battery=1, sync_picasa_on_wifi_only=1, auto_upload_enabled=0, video_upload_wifi_only=1, sync_on_roaming=0, auto_upload_account_name=null}
04-04 12:07:47.381  5676  5691 D PicasaSyncManager: reject MetadataSyncTask (steven.y.ko@gmail.com) because downsync is disabled
04-04 12:07:47.393  5676  5691 D PicasaSyncManager: active network: NetworkInfo: type: WIFI[], state: CONNECTED/CONNECTED, reason: (unspecified), extra: (none), roaming: false, failover: false, isAvailable: true
04-04 12:07:47.393  5676  5691 D PicasaSyncManager: background data: true
04-04 12:07:49.432   145   383 D dalvikvm: GC_EXPLICIT freed 1386K, 16% free 15448K/18247K, paused 19ms+7ms
04-04 12:07:50.698   145   201 D ConnectivityService: handleInetConditionHoldEnd: net=1, condition=100, published condition=0
04-04 12:07:51.248   267   270 D dalvikvm: GC_CONCURRENT freed 369K, 7% free 10314K/11015K, paused 7ms+3ms
04-04 12:08:00.604  5339  5352 I PhoneLab-: Service Running
04-04 12:08:00.674  5339  5352 I PhoneLab-LoggerService: app_34    1586  1     2292   1852  c00f1758 400a0794 S logcat
04-04 12:08:00.674  5339  5352 I PhoneLab-LoggerService: Logcat pid from database 1586
04-04 12:08:00.674  5339  5352 I PhoneLab-LoggerService: Logcat process found 1586
04-04 12:08:00.674  5339  5352 I PhoneLab-LoggerService: Checking Threshold
04-04 12:08:23.998  9950 11496 I Gmail   : MainSyncRequestProto: lowestBkwdConvoId: 0, highestHandledServerOp: 2405079, normalSync: true
04-04 12:08:26.147  9950 11496 D dalvikvm: GC_EXPLICIT freed 360K, 13% free 11214K/12871K, paused 3ms+3ms
04-04 12:08:26.159  9950 11496 I Gmail   : MainSyncRequestProto: lowestBkwdConvoId: 0, highestHandledServerOp: 2405099, normalSync: true
04-04 12:08:26.791  9950 11496 D dalvikvm: GC_EXPLICIT freed 210K, 14% free 11191K/12871K, paused 2ms+4ms
04-04 12:08:26.795  9950 11496 I Gmail   : MainSyncRequestProto: lowestBkwdConvoId: 0, highestHandledServerOp: 2405099, normalSync: true
04-04 12:08:26.807  9950 11496 W Gmail   : Scheduling index for 300000 ms from now
04-04 12:08:44.260  5796  5808 D dalvikvm: GC_EXPLICIT freed 405K, 12% free 9713K/10951K, paused 2ms+7ms
04-04 12:08:45.330   267   270 D dalvikvm: GC_CONCURRENT freed 348K, 6% free 10360K/11015K, paused 2ms+12ms
04-04 12:09:41.260  5339  5339 I PhoneLab-Locks: wake lock acquired
04-04 12:09:41.284  5339  5339 I PhoneLab-StatusMonitor: Status Monitoring is started
04-04 12:09:41.334  5339  5342 D dalvikvm: GC_CONCURRENT freed 529K, 19% free 9235K/11271K, paused 2ms+5ms
04-04 12:09:41.354  5339  5339 I PhoneLab-StatusMonitor: Value: 5 - unit: min
04-04 12:09:41.354  5339  5339 I PhoneLab-StatusMonitor: Running interval: 300000
04-04 12:09:41.362  5339  5339 I PhoneLab-StatusMonitor: Rescheduling status monitoring...
04-04 12:09:41.362  5339  5339 I PhoneLab-Locks: wake lock released
04-04 12:09:41.366  5339  5339 I PhoneLab-StatusMonitorLocation: Learning Location
04-04 12:09:41.366  5339  5339 I PhoneLab-Locks: wake lock acquired
04-04 12:09:41.366  5339  5339 I PhoneLab-Locks: wake lock acquired
04-04 12:09:41.369  5339  5339 I PhoneLab-StatusMonitorLocation: Learning Signal Strgth
04-04 12:09:41.369  5339  5339 I PhoneLab-Locks: wake lock acquired
04-04 12:09:41.377  5339  5339 I PhoneLab-StatusMonitorBattery: Battery_level: 84
04-04 12:09:41.377  5339  5339 I PhoneLab-Locks: wake lock released
04-04 12:09:41.377  5339  5339 I PhoneLab-StatusMonitorSignal: Signal_Strength: -86 asu: 14
04-04 12:09:41.377  5339  5339 I PhoneLab-Locks: wake lock released
04-04 12:10:00.604  5339  5352 I PhoneLab-: Service Running
04-04 12:10:00.701  5339  5352 I PhoneLab-LoggerService: app_34    1586  1     2292   1852  c00f1758 400a0794 S logcat
04-04 12:10:00.701  5339  5352 I PhoneLab-LoggerService: Logcat pid from database 1586
04-04 12:10:00.701  5339  5352 I PhoneLab-LoggerService: Logcat process found 1586
04-04 12:10:00.701  5339  5352 I PhoneLab-LoggerService: Checking Threshold
04-04 12:11:24.092  9950 11509 I Gmail   : MainSyncRequestProto: lowestBkwdConvoId: 0, highestHandledServerOp: 2405099, normalSync: true
04-04 12:11:24.991  9950 11509 D dalvikvm: GC_EXPLICIT freed 508K, 13% free 11228K/12871K, paused 2ms+4ms
04-04 12:11:24.998  9950 11509 I Gmail   : MainSyncRequestProto: lowestBkwdConvoId: 0, highestHandledServerOp: 2405194, normalSync: true
04-04 12:11:25.006  9950 11509 W Gmail   : Scheduling index for 300000 ms from now
04-04 12:11:25.030  9950 11509 I Gmail   : Sending notification intent: Intent { act=android.intent.action.PROVIDER_CHANGED dat=content://gmail-ls/unread/^i (has extras) }
04-04 12:12:00.604  5339  5352 I PhoneLab-: Service Running
04-04 12:12:00.678  5339  5342 D dalvikvm: GC_CONCURRENT freed 435K, 19% free 9215K/11271K, paused 7ms+2ms
04-04 12:12:00.678  5339  5352 I PhoneLab-LoggerService: app_34    1586  1     2292   1852  c00f1758 400a0794 S logcat
04-04 12:12:00.678  5339  5352 I PhoneLab-LoggerService: Logcat pid from database 1586
04-04 12:12:00.678  5339  5352 I PhoneLab-LoggerService: Logcat process found 1586
04-04 12:12:00.678  5339  5352 I PhoneLab-LoggerService: Checking Threshold
04-04 12:14:00.604  5339  5352 I PhoneLab-: Service Running
04-04 12:14:00.666  5339  5352 I PhoneLab-LoggerService: app_34    1586  1     2292   1852  c00f1758 400a0794 S logcat
04-04 12:14:00.666  5339  5352 I PhoneLab-LoggerService: Logcat pid from database 1586
04-04 12:14:00.666  5339  5352 I PhoneLab-LoggerService: Logcat process found 1586
04-04 12:14:00.666  5339  5352 I PhoneLab-LoggerService: Checking Threshold
04-04 12:14:25.561   145   176 I power   : *** set_screen_state 1
04-04 12:14:25.659   145   176 I WindowManager: Lock screen displayed!
04-04 12:14:25.764    78   122 D SurfaceFlinger: Screen about to return, flinger = 0x1e3f918
04-04 12:14:27.830   145   172 I power   : *** set_screen_state 0
04-04 12:14:27.881   145   176 D UnlockScreen: portrait mode
04-04 12:14:27.897    78   122 D SurfaceFlinger: About to give-up screen, flinger = 0x1e3f918
04-04 12:14:28.092   145   147 D dalvikvm: GC_CONCURRENT freed 1209K, 14% free 15849K/18247K, paused 7ms+18ms
04-04 12:14:28.147   145   176 V TransportControlView: Create TCV com.android.internal.widget.TransportControlView@416e1078
04-04 12:14:41.409  5339  5339 I PhoneLab-Locks: wake lock acquired
04-04 12:14:41.412  5339  5339 I PhoneLab-StatusMonitor: Status Monitoring is started
04-04 12:14:41.475  5339  5342 D dalvikvm: GC_CONCURRENT freed 415K, 18% free 9304K/11271K, paused 2ms+7ms
04-04 12:14:41.479  5339  5339 I PhoneLab-StatusMonitor: Value: 5 - unit: min
04-04 12:14:41.479  5339  5339 I PhoneLab-StatusMonitor: Running interval: 300000
04-04 12:14:41.487  5339  5339 I PhoneLab-StatusMonitor: Rescheduling status monitoring...
04-04 12:14:41.487  5339  5339 I PhoneLab-Locks: wake lock released
04-04 12:14:41.491  5339  5339 I PhoneLab-StatusMonitorLocation: Learning Location
04-04 12:14:41.491  5339  5339 I PhoneLab-Locks: wake lock acquired
04-04 12:14:41.494  5339  5339 I PhoneLab-Locks: wake lock acquired
04-04 12:14:41.510  5339  5339 I PhoneLab-StatusMonitorLocation: Learning Signal Strgth
04-04 12:14:41.510  5339  5339 I PhoneLab-Locks: wake lock acquired
04-04 12:14:41.518  5339  5339 I PhoneLab-StatusMonitorBattery: Battery_level: 84
04-04 12:14:41.518  5339  5339 I PhoneLab-Locks: wake lock released
04-04 12:14:41.518  5339  5339 I PhoneLab-StatusMonitorSignal: Signal_Strength: -96 asu: 9
04-04 12:14:41.522  5339  5339 I PhoneLab-Locks: wake lock released
04-04 12:16:00.604  5339  5352 I PhoneLab-: Service Running
04-04 12:16:00.721  5339  5352 I PhoneLab-LoggerService: app_34    1586  1     2292   1852  c00f1758 400a0794 S logcat
04-04 12:16:00.721  5339  5352 I PhoneLab-LoggerService: Logcat pid from database 1586
04-04 12:16:00.725  5339  5352 I PhoneLab-LoggerService: Logcat process found 1586
04-04 12:16:00.725  5339  5352 I PhoneLab-LoggerService: Checking Threshold
04-04 12:17:49.498   292   292 I wpa_supplicant: wlan0: CTRL-EVENT-DISCONNECTED bssid=d0:c2:82:66:6b:f1 reason=0
04-04 12:17:49.514    75   117 D CommandListener: Clearing all IP addresses on wlan0
04-04 12:17:49.553   145   201 D ConnectivityService: ConnectivityChange for WIFI: DISCONNECTED/DISCONNECTED
04-04 12:17:49.557   145   201 D ConnectivityService: Attempting to switch to mobile
04-04 12:17:49.557   145   201 D ConnectivityService: Attempting to switch to WIMAX
04-04 12:17:49.557   145   201 D ConnectivityService: Attempting to switch to BLUETOOTH_TETHER
04-04 12:17:49.592   145   201 D NetUtils: android_net_utils_resetConnections in env=0x5eb358 clazz=0x20800001 iface=wlan0 mask=0x3
04-04 12:17:49.592   145   201 D ConnectivityService: resetConnections(wlan0, 3)
04-04 12:17:49.666   267 11491 W Smack/Packet: notify conn break (IOEx), close connection
04-04 12:17:49.826   267 11491 I qtaguid : Failed write_ctrl(u 67) res=-1 errno=22
04-04 12:17:49.826   267 11491 I qtaguid : Untagging socket 67 failed errno=-22
04-04 12:17:49.826   267 11491 W NetworkManagementSocketTagger: untagSocket(67) failed with errno -22
04-04 12:17:49.850   145   201 D ConnectivityService: handleInetConditionChange: no active default network - ignore
04-04 12:17:52.627   145   205 D Tethering: MasterInitialState.processMessage what=3
04-04 12:17:52.713 11351 11351 I MediaUploader: No need to wake up
04-04 12:17:52.717  5339  5339 I PhoneLab-WiFiReceiver: WiFi is disconnected!
04-04 12:17:52.741  5676  5691 D PicasaSyncManager: active network: null
04-04 12:17:52.744  5676  5691 D PicasaSyncManager: background data: true
04-04 12:17:52.764   267   270 D dalvikvm: GC_CONCURRENT freed 434K, 7% free 10310K/11015K, paused 6ms+2ms
04-04 12:17:52.772  5676  5691 D UploadsManager: collect new photo: MediaTracker:steven.y.ko@gmail.com,trackNew:photo-external,331:photo-phoneStorage,-1:video-external,202:video-phoneStorage,-1
04-04 12:17:52.791  5676  5691 D UploadsManager: collect new video: MediaTracker:steven.y.ko@gmail.com,trackNew:photo-external,331:photo-phoneStorage,-1:video-external,202:video-phoneStorage,-1
04-04 12:17:52.803  5676  5691 V PicasaContentProvider: querySettings: defaults: {sync_on_wifi_only=1, auto_upload_account_type=null, sync_on_battery=1, sync_picasa_on_wifi_only=1, auto_upload_enabled=0, video_upload_wifi_only=1, sync_on_roaming=0, auto_upload_account_name=null}
04-04 12:17:52.803  5676  5691 D PicasaSyncManager: reject MetadataSyncTask (steven.y.ko@gmail.com) for wifi connection
04-04 12:17:56.143   145   201 D ConnectivityService: ConnectivityChange for mobile: CONNECTED/CONNECTED
04-04 12:17:56.225   145   197 D NetworkPolicy: applying policy NetworkPolicy[NetworkTemplate: matchRule=MOBILE_ALL, subscriberId=valid]: cycleDay=21, warningBytes=2147483648, limitBytes=-1, lastSnooze=-1 to ifaces [rmnet0]
04-04 12:17:57.147   145   201 D ConnectivityService: NetTransition Wakelock for WifiStateMachine released by timeout
04-04 12:17:59.229   145   205 D Tethering: MasterInitialState.processMessage what=3
04-04 12:17:59.252   267   267 I GTalkService/c: [AndroidEndpoint@1094003040] connect: acct=1000001, state=CONNECTING
04-04 12:17:59.252   267   267 I GTalkService/c: [GTalkConnection@1094644192] connect: acct=1, state=CONNECTING
04-04 12:17:59.412   145   156 D dalvikvm: GC_EXPLICIT freed 1623K, 15% free 15592K/18247K, paused 8ms+11ms
04-04 12:17:59.416 11351 11351 I MediaUploader: No need to wake up
04-04 12:17:59.448  5676  5691 D PicasaSyncManager: active network: NetworkInfo: type: mobile[CDMA - EvDo rev. A], state: CONNECTED/CONNECTED, reason: (unspecified), extra: , roaming: false, failover: true, isAvailable: true
04-04 12:17:59.448  5676  5691 D PicasaSyncManager: background data: true
04-04 12:18:00.604  5339  5352 I PhoneLab-: Service Running
04-04 12:18:00.662  5339  5352 I PhoneLab-LoggerService: app_34    1586  1     2292   1852  c00f1758 400a0794 S logcat
04-04 12:18:00.662  5339  5352 I PhoneLab-LoggerService: Logcat pid from database 1586
04-04 12:18:00.666  5339  5352 I PhoneLab-LoggerService: Logcat process found 1586
04-04 12:18:00.666  5339  5352 I PhoneLab-LoggerService: Checking Threshold
04-04 12:18:03.252   145   201 D ConnectivityService: handleInetConditionHoldEnd: net=0, condition=100, published condition=0
04-04 12:18:04.901   267   270 D dalvikvm: GC_CONCURRENT freed 369K, 7% free 10328K/11015K, paused 22ms+3ms
04-04 12:18:05.178   267   938 D dalvikvm: GC_EXPLICIT freed 33K, 7% free 10321K/11015K, paused 2ms+3ms
04-04 12:18:05.662   292   292 I wpa_supplicant: wlan0: Trying to associate with d0:c2:82:67:e7:61 (SSID='UB_Secure' freq=2412 MHz)
04-04 12:18:05.842   292   292 I wpa_supplicant: wlan0: Associated with d0:c2:82:67:e7:61
04-04 12:18:05.842   292   292 I wpa_supplicant: wlan0: CTRL-EVENT-EAP-STARTED EAP authentication started
04-04 12:18:05.846   292   292 I wpa_supplicant: wlan0: CTRL-EVENT-EAP-PROPOSED-METHOD vendor=0 method=4 -> NAK
04-04 12:18:05.850   292   292 I wpa_supplicant: wlan0: CTRL-EVENT-EAP-PROPOSED-METHOD vendor=0 method=25
04-04 12:18:05.850   292   292 I wpa_supplicant: wlan0: CTRL-EVENT-EAP-METHOD EAP vendor 0 method 25 (PEAP) selected
04-04 12:18:05.924   292   292 I wpa_supplicant: wlan0: CTRL-EVENT-EAP-PEER-CERT depth=2 subject='/C=US/O=Entrust.net/OU=www.entrust.net/CPS incorp. by ref. (limits liab.)/OU=(c) 1999 Entrust.net Limited/CN=Entrust.net Secure Server Certification Authority'
04-04 12:18:05.924   292   292 I wpa_supplicant: wlan0: CTRL-EVENT-EAP-PEER-CERT depth=2 subject='/C=US/O=Entrust.net/OU=www.entrust.net/CPS incorp. by ref. (limits liab.)/OU=(c) 1999 Entrust.net Limited/CN=Entrust.net Secure Server Certification Authority'
04-04 12:18:05.928   292   292 I wpa_supplicant: wlan0: CTRL-EVENT-EAP-PEER-CERT depth=1 subject='/C=US/ST=UT/L=Salt Lake City/O=The USERTRUST Network/CN=USERTrust Legacy Secure Server CA'
04-04 12:18:05.928   292   292 I wpa_supplicant: wlan0: CTRL-EVENT-EAP-PEER-CERT depth=0 subject='/C=US/postalCode=14260/ST=New York/L=Buffalo/street=305 Computing Center/O=SUNY AT BUFFALO/OU=Issued through UNIVERSITY AT BUFFALO E-PKI Manager/OU=Comodo PremiumSSL Legacy/CN=radius1.cit.buffalo.edu'
04-04 12:18:06.096   292   292 I wpa_supplicant: EAP-MSCHAPV2: Authentication succeeded
04-04 12:18:06.108   292   292 I wpa_supplicant: EAP-TLV: TLV Result - Success - EAP-TLV/Phase2 Completed
04-04 12:18:06.116   292   292 I wpa_supplicant: wlan0: CTRL-EVENT-EAP-SUCCESS EAP authentication completed successfully
04-04 12:18:06.170   292   292 I wpa_supplicant: wlan0: WPA: Key negotiation completed with d0:c2:82:67:e7:61 [PTK=CCMP GTK=TKIP]
04-04 12:18:06.170   292   292 I wpa_supplicant: wlan0: CTRL-EVENT-CONNECTED - Connection to d0:c2:82:67:e7:61 completed (reauth) [id=0 id_str=]
04-04 12:18:06.881   145   201 D ConnectivityService: ConnectivityChange for WIFI: CONNECTED/CONNECTED
04-04 12:18:06.881   145   201 D ConnectivityService: Policy requires mobile teardown
04-04 12:18:06.901  5339  5339 I PhoneLab-WiFiReceiver: WiFi is connected!
04-04 12:18:06.905  5339  5339 I PhoneLab-Locks: wake lock acquired
04-04 12:18:06.924  5339  5339 I PhoneLab-UploadLogs: Transfering log files now
04-04 12:18:06.924  5339  5339 I PhoneLab-UploadLogs: No log files to transfer
04-04 12:18:06.928  5339  5339 I PhoneLab-Locks: wake lock released
04-04 12:18:06.944  5339  5339 I PhoneLab-UploadLogs: OnStartCommand
04-04 12:18:06.959   145   201 D ConnectivityService: ConnectivityChange for mobile: DISCONNECTED/DISCONNECTED
04-04 12:18:06.959   145   201 D ConnectivityService: Attempting to switch to WIFI
04-04 12:18:06.959   145   201 D ConnectivityService: Attempting to switch to WIMAX
04-04 12:18:06.959   145   201 D ConnectivityService: Attempting to switch to BLUETOOTH_TETHER
04-04 12:18:06.975   145   201 D NetUtils: android_net_utils_resetConnections in env=0x5eb358 clazz=0x42600001 iface=rmnet0 mask=0x3
04-04 12:18:06.975   145   201 D ConnectivityService: resetConnections(rmnet0, 3)
04-04 12:18:06.983   145   196 W NetworkStats: dropping UID delta from unknown iface: iface=wlan0 uid=0 set=DEFAULT tag=0x0 rxBytes=0 rxPackets=0 txBytes=76 txPackets=1 operations=0
04-04 12:18:06.991   267 11548 W Smack/Packet: notify conn break (IOEx), close connection
04-04 12:18:07.186   267 11548 I qtaguid : Failed write_ctrl(u 67) res=-1 errno=22
04-04 12:18:07.186   267 11548 I qtaguid : Untagging socket 67 failed errno=-22
04-04 12:18:07.186   267 11548 W NetworkManagementSocketTagger: untagSocket(67) failed with errno -22
04-04 12:18:07.209   145   201 D ConnectivityService: handleInetConditionChange: net=0 != default=1 - ignore
04-04 12:18:09.991   145   205 D Tethering: MasterInitialState.processMessage what=3
04-04 12:18:10.030   267   267 I GTalkService/c: [AndroidEndpoint@1094003040] connect: acct=1000001, state=CONNECTING
04-04 12:18:10.030   145   205 D Tethering: MasterInitialState.processMessage what=3
04-04 12:18:10.034   267   267 I GTalkService/c: [GTalkConnection@1094644192] connect: acct=1, state=CONNECTING
04-04 12:18:10.061   145   205 D Tethering: MasterInitialState.processMessage what=3
04-04 12:18:10.084 11351 11351 I MediaUploader: No need to wake up
04-04 12:18:10.139 11351 11351 I MediaUploader: No need to wake up
04-04 12:18:10.186  5676  5691 D PicasaSyncManager: active network: NetworkInfo: type: WIFI[], state: CONNECTED/CONNECTED, reason: (unspecified), extra: (none), roaming: false, failover: false, isAvailable: true
04-04 12:18:10.186  5676  5691 D PicasaSyncManager: background data: true
04-04 12:18:10.213 11367 11370 D dalvikvm: GC_CONCURRENT freed 966K, 10% free 10040K/11143K, paused 6ms+13ms
04-04 12:18:10.272 11351 11351 I MediaUploader: No need to wake up
04-04 12:18:10.334  5676  5691 D UploadsManager: collect new photo: MediaTracker:steven.y.ko@gmail.com,trackNew:photo-external,331:photo-phoneStorage,-1:video-external,202:video-phoneStorage,-1
04-04 12:18:10.342  5676  5691 D UploadsManager: collect new video: MediaTracker:steven.y.ko@gmail.com,trackNew:photo-external,331:photo-phoneStorage,-1:video-external,202:video-phoneStorage,-1
04-04 12:18:10.420 10492 10495 D dalvikvm: GC_CONCURRENT freed 450K, 6% free 9426K/9991K, paused 8ms+8ms
04-04 12:18:10.487  5676  5691 V PicasaContentProvider: querySettings: defaults: {sync_on_wifi_only=1, auto_upload_account_type=null, sync_on_battery=1, sync_picasa_on_wifi_only=1, auto_upload_enabled=0, video_upload_wifi_only=1, sync_on_roaming=0, auto_upload_account_name=null}
04-04 12:18:10.491  5676  5691 D PicasaSyncManager: reject MetadataSyncTask (steven.y.ko@gmail.com) because downsync is disabled
04-04 12:18:10.502  5676  5691 D PicasaSyncManager: active network: NetworkInfo: type: WIFI[], state: CONNECTED/CONNECTED, reason: (unspecified), extra: (none), roaming: false, failover: false, isAvailable: true
04-04 12:18:10.502  5676  5691 D PicasaSyncManager: background data: true
04-04 12:18:11.526   267   270 D dalvikvm: GC_CONCURRENT freed 358K, 6% free 10356K/11015K, paused 2ms+6ms
04-04 12:18:12.944   145   201 D ConnectivityService: handleInetConditionHoldEnd: net=1, condition=100, published condition=0
04-04 12:18:13.780   267   270 D dalvikvm: GC_CONCURRENT freed 347K, 6% free 10407K/11015K, paused 2ms+5ms
04-04 12:18:14.182 11398 11401 D dalvikvm: GC_CONCURRENT freed 495K, 6% free 9344K/9927K, paused 6ms+2ms
04-04 12:18:15.580   215   217 D dalvikvm: GC_CONCURRENT freed 565K, 45% free 10121K/18375K, paused 2ms+3ms
04-04 12:19:41.506  5339  5339 I PhoneLab-Locks: wake lock acquired
04-04 12:19:41.530  5339  5339 I PhoneLab-StatusMonitor: Status Monitoring is started
04-04 12:19:41.569  5339  5342 D dalvikvm: GC_CONCURRENT freed 577K, 19% free 9239K/11271K, paused 1ms+3ms
04-04 12:19:41.584  5339  5339 I PhoneLab-StatusMonitor: Value: 5 - unit: min
04-04 12:19:41.588  5339  5339 I PhoneLab-StatusMonitor: Running interval: 300000
04-04 12:19:41.592  5339  5339 I PhoneLab-StatusMonitor: Rescheduling status monitoring...
04-04 12:19:41.592  5339  5339 I PhoneLab-Locks: wake lock released
04-04 12:19:41.596  5339  5339 I PhoneLab-StatusMonitorLocation: Learning Location
04-04 12:19:41.596  5339  5339 I PhoneLab-Locks: wake lock acquired
04-04 12:19:41.600  5339  5339 I PhoneLab-Locks: wake lock acquired
04-04 12:19:41.604  5339  5339 I PhoneLab-StatusMonitorLocation: Learning Signal Strgth
04-04 12:19:41.604  5339  5339 I PhoneLab-Locks: wake lock acquired
04-04 12:19:41.619  5339  5339 I PhoneLab-StatusMonitorBattery: Battery_level: 83
04-04 12:19:41.619  5339  5339 I PhoneLab-Locks: wake lock released
04-04 12:19:41.619  5339  5339 I PhoneLab-StatusMonitorSignal: Signal_Strength: -96 asu: 9
04-04 12:19:41.619  5339  5339 I PhoneLab-Locks: wake lock released
04-04 12:19:49.100   292   292 I wpa_supplicant: wlan0: CTRL-EVENT-DISCONNECTED bssid=d0:c2:82:67:e7:61 reason=0
04-04 12:19:49.112    75   117 D CommandListener: Clearing all IP addresses on wlan0
04-04 12:19:49.143   145   201 D ConnectivityService: ConnectivityChange for WIFI: DISCONNECTED/DISCONNECTED
04-04 12:19:49.151   145   201 D ConnectivityService: Attempting to switch to mobile
04-04 12:19:49.151   145   201 D ConnectivityService: Attempting to switch to WIMAX
04-04 12:19:49.151   145   201 D ConnectivityService: Attempting to switch to BLUETOOTH_TETHER
04-04 12:19:49.194   145   201 D NetUtils: android_net_utils_resetConnections in env=0x5eb358 clazz=0x52400001 iface=wlan0 mask=0x3
04-04 12:19:49.194   145   201 D ConnectivityService: resetConnections(wlan0, 3)
04-04 12:19:49.264   267 11583 W Smack/Packet: notify conn break (IOEx), close connection
04-04 12:19:49.323   145   147 D dalvikvm: GC_CONCURRENT freed 1606K, 15% free 15633K/18247K, paused 5ms+7ms
04-04 12:19:49.420   267 11583 I qtaguid : Failed write_ctrl(u 67) res=-1 errno=22
04-04 12:19:49.420   267 11583 I qtaguid : Untagging socket 67 failed errno=-22
04-04 12:19:49.424   267 11583 W NetworkManagementSocketTagger: untagSocket(67) failed with errno -22
04-04 12:19:49.448   145   201 D ConnectivityService: handleInetConditionChange: no active default network - ignore
04-04 12:19:52.260   145   205 D Tethering: MasterInitialState.processMessage what=3
04-04 12:19:52.330 11351 11351 I MediaUploader: No need to wake up
04-04 12:19:52.338  5339  5339 I PhoneLab-WiFiReceiver: WiFi is disconnected!
04-04 12:19:52.350  5676  5691 D PicasaSyncManager: active network: null
04-04 12:19:52.350  5676  5691 D PicasaSyncManager: background data: true
04-04 12:19:52.358  5676  5691 D UploadsManager: collect new photo: MediaTracker:steven.y.ko@gmail.com,trackNew:photo-external,331:photo-phoneStorage,-1:video-external,202:video-phoneStorage,-1
04-04 12:19:52.369  5676  5691 D UploadsManager: collect new video: MediaTracker:steven.y.ko@gmail.com,trackNew:photo-external,331:photo-phoneStorage,-1:video-external,202:video-phoneStorage,-1
04-04 12:19:52.377  5676  5691 V PicasaContentProvider: querySettings: defaults: {sync_on_wifi_only=1, auto_upload_account_type=null, sync_on_battery=1, sync_picasa_on_wifi_only=1, auto_upload_enabled=0, video_upload_wifi_only=1, sync_on_roaming=0, auto_upload_account_name=null}
04-04 12:19:52.377  5676  5691 D PicasaSyncManager: reject MetadataSyncTask (steven.y.ko@gmail.com) for wifi connection
04-04 12:19:56.830   145   201 D ConnectivityService: ConnectivityChange for mobile: CONNECTED/CONNECTED
04-04 12:19:56.905   145   197 D NetworkPolicy: applying policy NetworkPolicy[NetworkTemplate: matchRule=MOBILE_ALL, subscriberId=valid]: cycleDay=21, warningBytes=2147483648, limitBytes=-1, lastSnooze=-1 to ifaces [rmnet0]
04-04 12:19:57.834   145   201 D ConnectivityService: NetTransition Wakelock for WifiStateMachine released by timeout
04-04 12:19:59.905   145   205 D Tethering: MasterInitialState.processMessage what=3
04-04 12:19:59.924   267   267 I GTalkService/c: [AndroidEndpoint@1094003040] connect: acct=1000001, state=CONNECTING
04-04 12:19:59.928   267   267 I GTalkService/c: [GTalkConnection@1094644192] connect: acct=1, state=CONNECTING
04-04 12:19:59.959 11351 11351 I MediaUploader: No need to wake up
04-04 12:19:59.991  5676  5691 D PicasaSyncManager: active network: NetworkInfo: type: mobile[CDMA - EvDo rev. A], state: CONNECTED/CONNECTED, reason: (unspecified), extra: , roaming: false, failover: true, isAvailable: true
04-04 12:19:59.991  5676  5691 D PicasaSyncManager: background data: true
04-04 12:20:00.073   267   270 D dalvikvm: GC_CONCURRENT freed 513K, 7% free 10299K/11015K, paused 2ms+4ms
04-04 12:20:00.604  5339  5352 I PhoneLab-: Service Running
04-04 12:20:00.670  5339  5352 I PhoneLab-LoggerService: app_34    1586  1     2292   1852  c00f1758 400a0794 S logcat
04-04 12:20:00.674  5339  5352 I PhoneLab-LoggerService: Logcat pid from database 1586
04-04 12:20:00.674  5339  5352 I PhoneLab-LoggerService: Logcat process found 1586
04-04 12:20:00.674  5339  5352 I PhoneLab-LoggerService: Checking Threshold
04-04 12:20:03.784   145   201 D ConnectivityService: handleInetConditionHoldEnd: net=0, condition=100, published condition=0
04-04 12:20:05.334   292   292 I wpa_supplicant: wlan0: Trying to associate with d0:c2:82:66:6f:41 (SSID='UB_Secure' freq=2462 MHz)
04-04 12:20:05.494   292   292 I wpa_supplicant: wlan0: Associated with d0:c2:82:66:6f:41
04-04 12:20:05.494   292   292 I wpa_supplicant: wlan0: CTRL-EVENT-EAP-STARTED EAP authentication started
04-04 12:20:05.498   292   292 I wpa_supplicant: wlan0: CTRL-EVENT-EAP-PROPOSED-METHOD vendor=0 method=4 -> NAK
04-04 12:20:05.506   292   292 I wpa_supplicant: wlan0: CTRL-EVENT-EAP-PROPOSED-METHOD vendor=0 method=25
04-04 12:20:05.506   292   292 I wpa_supplicant: wlan0: CTRL-EVENT-EAP-METHOD EAP vendor 0 method 25 (PEAP) selected
04-04 12:20:05.522   292   292 I wpa_supplicant: EAP-TLV: TLV Result - Success - EAP-TLV/Phase2 Completed
04-04 12:20:06.834  5796  5798 D dalvikvm: GC_CONCURRENT freed 371K, 12% free 9726K/10951K, paused 8ms+2ms
04-04 12:20:16.768   267   270 D dalvikvm: GC_CONCURRENT freed 345K, 7% free 10338K/11015K, paused 2ms+2ms
04-04 12:20:28.565   145   156 D AlarmManagerService: Kernel timezone updated to 240 minutes west of GMT
04-04 12:20:28.565   359   359 D SystemClock: Setting time of day to sec=1333556428
04-04 12:20:28.119 11424 11437 V AlarmClock: AlarmInitReceiver finished
04-04 12:20:28.177   145   157 D dalvikvm: GC_EXPLICIT freed 1041K, 15% free 15572K/18247K, paused 3ms+6ms
04-04 12:20:40.962   292   292 I wpa_supplicant: wlan0: CTRL-EVENT-EAP-STARTED EAP authentication started
04-04 12:20:40.978   292   292 I wpa_supplicant: wlan0: CTRL-EVENT-DISCONNECTED bssid=d0:c2:82:66:6f:41 reason=0
04-04 12:20:42.275   292   292 I wpa_supplicant: wlan0: Trying to associate with d0:c2:82:7e:31:51 (SSID='UB_Secure' freq=2412 MHz)
04-04 12:20:42.400   215   217 D dalvikvm: GC_CONCURRENT freed 263K, 44% free 10326K/18375K, paused 1ms+3ms
04-04 12:20:42.423   292   292 I wpa_supplicant: wlan0: Associated with d0:c2:82:7e:31:51
04-04 12:20:42.423   292   292 I wpa_supplicant: wlan0: CTRL-EVENT-EAP-STARTED EAP authentication started
04-04 12:20:42.431   292   292 I wpa_supplicant: wlan0: CTRL-EVENT-EAP-PROPOSED-METHOD vendor=0 method=4 -> NAK
04-04 12:20:42.435   292   292 I wpa_supplicant: wlan0: CTRL-EVENT-EAP-PROPOSED-METHOD vendor=0 method=25
04-04 12:20:42.435   292   292 I wpa_supplicant: wlan0: CTRL-EVENT-EAP-METHOD EAP vendor 0 method 25 (PEAP) selected
04-04 12:20:42.470   292   292 I wpa_supplicant: EAP-TLV: TLV Result - Success - EAP-TLV/Phase2 Completed
04-04 12:20:42.478   215   217 D dalvikvm: GC_CONCURRENT freed 511K, 45% free 10269K/18375K, paused 1ms+3ms
04-04 12:20:42.681   215   217 D dalvikvm: GC_CONCURRENT freed 450K, 44% free 10315K/18375K, paused 13ms+3ms
04-04 12:20:57.037   292   292 I wpa_supplicant: wlan0: CTRL-EVENT-DISCONNECTED bssid=d0:c2:82:7e:31:51 reason=0
04-04 12:20:57.697   292   292 I wpa_supplicant: wlan0: Trying to associate with d0:c2:82:67:e7:61 (SSID='UB_Secure' freq=2412 MHz)
04-04 12:20:57.724   292   292 I wpa_supplicant: wlan0: Associated with d0:c2:82:67:e7:61
04-04 12:20:57.728   292   292 I wpa_supplicant: wlan0: CTRL-EVENT-EAP-STARTED EAP authentication started
04-04 12:20:57.732   292   292 I wpa_supplicant: wlan0: CTRL-EVENT-EAP-PROPOSED-METHOD vendor=0 method=4 -> NAK
04-04 12:20:57.740   292   292 I wpa_supplicant: wlan0: CTRL-EVENT-EAP-PROPOSED-METHOD vendor=0 method=25
04-04 12:20:57.740   292   292 I wpa_supplicant: wlan0: CTRL-EVENT-EAP-METHOD EAP vendor 0 method 25 (PEAP) selected
04-04 12:20:57.747   292   292 I wpa_supplicant: EAP-TLV: TLV Result - Success - EAP-TLV/Phase2 Completed
04-04 12:21:50.294  5339  5339 I PhoneLab-Locks: wake lock acquired
04-04 12:21:50.322  5339 11599 I PhoneLab-PeriodicCheckService: User info is synched
04-04 12:21:50.322  5339 11599 I PhoneLab-PeriodicCheckService: Logger Service is running
04-04 12:21:50.326  5339 11599 I PhoneLab-Locks: wake lock acquired
04-04 12:21:50.326  5339  5339 I PhoneLab-UploadLogs: Transfering log files now
04-04 12:21:50.326  5339  5339 I PhoneLab-UploadLogs: No log files to transfer
04-04 12:21:50.326  5339  5339 I PhoneLab-Locks: wake lock released
04-04 12:21:50.329  5339  5339 I PhoneLab-UploadLogs: OnStartCommand
04-04 12:21:50.329  5339 11599 I PhoneLab-PeriodicCheckService: Rescheduling periodic checking...
04-04 12:21:50.329  5339 11599 I PhoneLab-Locks: wake lock released
04-04 12:21:57.611   292   292 I wpa_supplicant: wlan0: CTRL-EVENT-EAP-SUCCESS EAP authentication completed successfully
04-04 12:22:00.607  5339  5352 I PhoneLab-: Service Running
04-04 12:22:00.677  5339  5352 I PhoneLab-LoggerService: app_34    1586  1     2292   1852  c00f1758 400a0794 S logcat
04-04 12:22:00.677  5339  5352 I PhoneLab-LoggerService: Logcat pid from database 1586
04-04 12:22:00.681  5339  5352 I PhoneLab-LoggerService: Logcat process found 1586
04-04 12:22:00.681  5339  5352 I PhoneLab-LoggerService: Checking Threshold
04-04 12:22:00.685  5339  5342 D dalvikvm: GC_CONCURRENT freed 437K, 19% free 9206K/11271K, paused 2ms+2ms
04-04 12:22:03.564   292   292 I wpa_supplicant: wlan0: CTRL-EVENT-DISCONNECTED bssid=d0:c2:82:67:e7:61 reason=0
04-04 12:22:05.642 11190 11210 I InvalidationClientImpl: [chromesync#steven.y.ko@gmail.com] Sending heartbeat to server: com.google.ipc.invalidation.ticl.InvalidationClientImpl$1@41360e30
04-04 12:22:05.701 11190 11210 I InvalidationClientImpl: [chromesync#steven.y.ko@gmail.com] Sending info message to server
04-04 12:22:06.197 11190 11211 D AndroidChannel: Delivering outbound message:159 bytes
04-04 12:22:07.728   292   292 I wpa_supplicant: wlan0: Authentication with 00:00:00:00:00:00 timed out.
04-04 12:22:25.369   292   292 I wpa_supplicant: wlan0: Trying to associate with d0:c2:82:66:6f:41 (SSID='UB_Secure' freq=2462 MHz)
04-04 12:22:25.521   292   292 I wpa_supplicant: wlan0: Associated with d0:c2:82:66:6f:41
04-04 12:22:25.521   292   292 I wpa_supplicant: wlan0: CTRL-EVENT-EAP-STARTED EAP authentication started
04-04 12:22:25.525   292   292 I wpa_supplicant: wlan0: CTRL-EVENT-EAP-PROPOSED-METHOD vendor=0 method=4 -> NAK
04-04 12:22:25.533   292   292 I wpa_supplicant: wlan0: CTRL-EVENT-EAP-PROPOSED-METHOD vendor=0 method=25
04-04 12:22:25.533   292   292 I wpa_supplicant: wlan0: CTRL-EVENT-EAP-METHOD EAP vendor 0 method 25 (PEAP) selected
04-04 12:22:25.540   292   292 I wpa_supplicant: EAP-TLV: TLV Result - Success - EAP-TLV/Phase2 Completed
04-04 12:22:46.658   145   156 D AlarmManagerService: Kernel timezone updated to 240 minutes west of GMT
04-04 12:23:01.369   292   292 I wpa_supplicant: wlan0: CTRL-EVENT-EAP-STARTED EAP authentication started
04-04 12:23:01.380   292   292 I wpa_supplicant: wlan0: CTRL-EVENT-DISCONNECTED bssid=d0:c2:82:66:6f:41 reason=0
04-04 12:23:18.232   292   292 I wpa_supplicant: wlan0: Trying to associate with d0:c2:82:67:e7:61 (SSID='UB_Secure' freq=2412 MHz)
04-04 12:23:18.396   292   292 I wpa_supplicant: wlan0: Associated with d0:c2:82:67:e7:61
04-04 12:23:18.396   292   292 I wpa_supplicant: wlan0: CTRL-EVENT-EAP-STARTED EAP authentication started
04-04 12:23:18.404   292   292 I wpa_supplicant: wlan0: CTRL-EVENT-EAP-PROPOSED-METHOD vendor=0 method=4 -> NAK
04-04 12:23:18.412   292   292 I wpa_supplicant: wlan0: CTRL-EVENT-EAP-PROPOSED-METHOD vendor=0 method=25
04-04 12:23:18.412   292   292 I wpa_supplicant: wlan0: CTRL-EVENT-EAP-METHOD EAP vendor 0 method 25 (PEAP) selected
04-04 12:23:18.427   292   292 I wpa_supplicant: EAP-TLV: TLV Result - Success - EAP-TLV/Phase2 Completed
04-04 12:23:26.372   145   157 D AlarmManagerService: Kernel timezone updated to 240 minutes west of GMT
04-04 12:23:54.372   292   292 I wpa_supplicant: wlan0: CTRL-EVENT-EAP-STARTED EAP authentication started
04-04 12:23:54.384   292   292 I wpa_supplicant: wlan0: CTRL-EVENT-DISCONNECTED bssid=d0:c2:82:67:e7:61 reason=0
04-04 12:24:00.607  5339  5352 I PhoneLab-: Service Running
04-04 12:24:00.662  5339  5352 I PhoneLab-LoggerService: app_34    1586  1     2292   1852  c00f1758 400a0794 S logcat
04-04 12:24:00.662  5339  5352 I PhoneLab-LoggerService: Logcat pid from database 1586
04-04 12:24:00.662  5339  5352 I PhoneLab-LoggerService: Logcat process found 1586
04-04 12:24:00.662  5339  5352 I PhoneLab-LoggerService: Checking Threshold
04-04 12:24:11.244   292   292 I wpa_supplicant: wlan0: Trying to associate with d0:c2:82:67:e7:61 (SSID='UB_Secure' freq=2412 MHz)
04-04 12:24:11.259   292   292 I wpa_supplicant: wlan0: Associated with d0:c2:82:67:e7:61
04-04 12:24:11.263   292   292 I wpa_supplicant: wlan0: CTRL-EVENT-EAP-STARTED EAP authentication started
04-04 12:24:11.267   292   292 I wpa_supplicant: wlan0: CTRL-EVENT-EAP-PROPOSED-METHOD vendor=0 method=4 -> NAK
